[0.014s][info][gc,init] CardTable entry size: 512
[0.015s][info][gc     ] Using Parallel
[0.016s][info][gc,init] Version: 18.0.1+10 (release)
[0.016s][info][gc,init] CPUs: 8 total, 8 available
[0.016s][info][gc,init] Memory: 16063M
[0.016s][info][gc,init] Large Page Support: Disabled
[0.016s][info][gc,init] NUMA Support: Disabled
[0.016s][info][gc,init] Compressed Oops: Enabled (Zero based)
[0.016s][info][gc,init] Alignments: Space 512K, Generation 512K, Heap 2M
[0.016s][info][gc,init] Heap Min Capacity: 2M
[0.016s][info][gc,init] Heap Initial Capacity: 2M
[0.016s][info][gc,init] Heap Max Capacity: 6400M
[0.016s][info][gc,init] Pre-touch: Disabled
[0.016s][info][gc,init] Parallel Workers: 8
[0.016s][info][gc,metaspace] CDS archive(s) not mapped
[0.016s][info][gc,metaspace] Compressed class space mapped at: 0x0000000800000000-0x0000000840000000, reserved size: 1073741824
[0.016s][info][gc,metaspace] Narrow klass base: 0x0000000800000000, Narrow klass shift: 0, Narrow klass range: 0x40000000
[0.121s][info][gc,start    ] GC(0) Pause Young (Allocation Failure)
[0.122s][info][gc,heap     ] GC(0) PSYoungGen: 512K(1024K)->480K(1024K) Eden: 512K(512K)->0K(512K) From: 0K(512K)->480K(512K)
[0.122s][info][gc,heap     ] GC(0) ParOldGen: 0K(512K)->8K(512K)
[0.122s][info][gc,metaspace] GC(0) Metaspace: 4229K(4352K)->4229K(4352K) NonClass: 3908K(3968K)->3908K(3968K) Class: 321K(384K)->321K(384K)
[0.122s][info][gc          ] GC(0) Pause Young (Allocation Failure) 0M->0M(1M) 1.449ms
[0.122s][info][gc,cpu      ] GC(0) User=0.00s Sys=0.00s Real=0.00s
[0.195s][info][gc,start    ] GC(1) Pause Young (Allocation Failure)
[0.196s][info][gc,heap     ] GC(1) PSYoungGen: 991K(1024K)->512K(1536K) Eden: 511K(512K)->0K(1024K) From: 480K(512K)->512K(512K)
[0.196s][info][gc,heap     ] GC(1) ParOldGen: 8K(512K)->88K(512K)
[0.196s][info][gc,metaspace] GC(1) Metaspace: 5880K(6016K)->5880K(6016K) NonClass: 5384K(5504K)->5384K(5504K) Class: 496K(512K)->496K(512K)
[0.196s][info][gc          ] GC(1) Pause Young (Allocation Failure) 0M->0M(2M) 1.027ms
[0.196s][info][gc,cpu      ] GC(1) User=0.00s Sys=0.00s Real=0.00s
[0.218s][info][gc,start    ] GC(2) Pause Young (Allocation Failure)
[0.219s][info][gc,heap     ] GC(2) PSYoungGen: 1536K(1536K)->512K(1536K) Eden: 1024K(1024K)->0K(1024K) From: 512K(512K)->512K(512K)
[0.219s][info][gc,heap     ] GC(2) ParOldGen: 88K(512K)->504K(512K)
[0.219s][info][gc,metaspace] GC(2) Metaspace: 6300K(6528K)->6300K(6528K) NonClass: 5767K(5888K)->5767K(5888K) Class: 533K(640K)->533K(640K)
[0.219s][info][gc          ] GC(2) Pause Young (Allocation Failure) 1M->0M(2M) 1.333ms
[0.219s][info][gc,cpu      ] GC(2) User=0.00s Sys=0.00s Real=0.00s
[0.219s][info][gc,start    ] GC(3) Pause Full (Ergonomics)
[0.219s][info][gc,phases,start] GC(3) Marking Phase
[0.220s][info][gc,phases      ] GC(3) Marking Phase 1.110ms
[0.220s][info][gc,phases,start] GC(3) Summary Phase
[0.220s][info][gc,phases      ] GC(3) Summary Phase 0.018ms
[0.220s][info][gc,phases,start] GC(3) Adjust Roots
[0.221s][info][gc,phases      ] GC(3) Adjust Roots 0.349ms
[0.221s][info][gc,phases,start] GC(3) Compaction Phase
[0.223s][info][gc,phases      ] GC(3) Compaction Phase 1.881ms
[0.223s][info][gc,phases,start] GC(3) Post Compact
[0.223s][info][gc,phases      ] GC(3) Post Compact 0.083ms
[0.223s][info][gc,heap        ] GC(3) PSYoungGen: 512K(1536K)->511K(1536K) Eden: 0K(1024K)->0K(1024K) From: 512K(512K)->511K(512K)
[0.223s][info][gc,heap        ] GC(3) ParOldGen: 504K(512K)->469K(2048K)
[0.223s][info][gc,metaspace   ] GC(3) Metaspace: 6300K(6528K)->6300K(6528K) NonClass: 5767K(5888K)->5767K(5888K) Class: 533K(640K)->533K(640K)
[0.223s][info][gc             ] GC(3) Pause Full (Ergonomics) 0M->0M(3M) 3.721ms
[0.223s][info][gc,cpu         ] GC(3) User=0.00s Sys=0.00s Real=0.00s
[0.225s][info][gc,start       ] GC(4) Pause Young (Allocation Failure)
[0.226s][info][gc,heap        ] GC(4) PSYoungGen: 1535K(1536K)->480K(2560K) Eden: 1024K(1024K)->0K(2048K) From: 511K(512K)->480K(512K)
[0.226s][info][gc,heap        ] GC(4) ParOldGen: 469K(2048K)->1030K(2048K)
[0.226s][info][gc,metaspace   ] GC(4) Metaspace: 6300K(6528K)->6300K(6528K) NonClass: 5767K(5888K)->5767K(5888K) Class: 533K(640K)->533K(640K)
[0.226s][info][gc             ] GC(4) Pause Young (Allocation Failure) 1M->1M(4M) 1.614ms
[0.226s][info][gc,cpu         ] GC(4) User=0.00s Sys=0.00s Real=0.00s
[0.230s][info][gc,start       ] GC(5) Pause Young (Allocation Failure)
[0.232s][info][gc,heap        ] GC(5) PSYoungGen: 2528K(2560K)->480K(2560K) Eden: 2048K(2048K)->0K(2048K) From: 480K(512K)->480K(512K)
[0.232s][info][gc,heap        ] GC(5) ParOldGen: 1030K(2048K)->2102K(2560K)
[0.232s][info][gc,metaspace   ] GC(5) Metaspace: 6300K(6528K)->6300K(6528K) NonClass: 5767K(5888K)->5767K(5888K) Class: 533K(640K)->533K(640K)
[0.232s][info][gc             ] GC(5) Pause Young (Allocation Failure) 3M->2M(5M) 2.022ms
[0.232s][info][gc,cpu         ] GC(5) User=0.00s Sys=0.00s Real=0.00s
[0.232s][info][gc,start       ] GC(6) Pause Full (Ergonomics)
[0.232s][info][gc,phases,start] GC(6) Marking Phase
[0.234s][info][gc,phases      ] GC(6) Marking Phase 1.733ms
[0.234s][info][gc,phases,start] GC(6) Summary Phase
[0.234s][info][gc,phases      ] GC(6) Summary Phase 0.017ms
[0.234s][info][gc,phases,start] GC(6) Adjust Roots
[0.234s][info][gc,phases      ] GC(6) Adjust Roots 0.363ms
[0.234s][info][gc,phases,start] GC(6) Compaction Phase
[0.236s][info][gc,phases      ] GC(6) Compaction Phase 2.396ms
[0.237s][info][gc,phases,start] GC(6) Post Compact
[0.237s][info][gc,phases      ] GC(6) Post Compact 0.036ms
[0.237s][info][gc,heap        ] GC(6) PSYoungGen: 480K(2560K)->0K(4096K) Eden: 0K(2048K)->0K(3072K) From: 480K(512K)->0K(1024K)
[0.237s][info][gc,heap        ] GC(6) ParOldGen: 2102K(2560K)->2542K(6144K)
[0.237s][info][gc,metaspace   ] GC(6) Metaspace: 6300K(6528K)->6300K(6528K) NonClass: 5767K(5888K)->5767K(5888K) Class: 533K(640K)->533K(640K)
[0.237s][info][gc             ] GC(6) Pause Full (Ergonomics) 2M->2M(10M) 4.967ms
[0.237s][info][gc,cpu         ] GC(6) User=0.00s Sys=0.00s Real=0.00s
[0.244s][info][gc,start       ] GC(7) Pause Young (Allocation Failure)
[0.246s][info][gc,heap        ] GC(7) PSYoungGen: 3072K(4096K)->1664K(5120K) Eden: 3072K(3072K)->0K(3072K) From: 0K(1024K)->1664K(2048K)
[0.246s][info][gc,heap        ] GC(7) ParOldGen: 2542K(6144K)->2542K(6144K)
[0.246s][info][gc,metaspace   ] GC(7) Metaspace: 6300K(6528K)->6300K(6528K) NonClass: 5767K(5888K)->5767K(5888K) Class: 533K(640K)->533K(640K)
[0.246s][info][gc             ] GC(7) Pause Young (Allocation Failure) 5M->4M(11M) 2.065ms
[0.246s][info][gc,cpu         ] GC(7) User=0.02s Sys=0.00s Real=0.00s
[0.251s][info][gc,start       ] GC(8) Pause Young (Allocation Failure)
[0.254s][info][gc,heap        ] GC(8) PSYoungGen: 4736K(5120K)->2016K(5632K) Eden: 3072K(3072K)->0K(3584K) From: 1664K(2048K)->2016K(2048K)
[0.254s][info][gc,heap        ] GC(8) ParOldGen: 2542K(6144K)->3774K(6144K)
[0.254s][info][gc,metaspace   ] GC(8) Metaspace: 6300K(6528K)->6300K(6528K) NonClass: 5767K(5888K)->5767K(5888K) Class: 533K(640K)->533K(640K)
[0.254s][info][gc             ] GC(8) Pause Young (Allocation Failure) 7M->5M(11M) 3.286ms
[0.254s][info][gc,cpu         ] GC(8) User=0.00s Sys=0.00s Real=0.00s
[0.260s][info][gc,start       ] GC(9) Pause Young (Allocation Failure)
[0.264s][info][gc,heap        ] GC(9) PSYoungGen: 5600K(5632K)->3040K(6656K) Eden: 3584K(3584K)->0K(3584K) From: 2016K(2048K)->3040K(3072K)
[0.264s][info][gc,heap        ] GC(9) ParOldGen: 3774K(6144K)->4606K(6144K)
[0.264s][info][gc,metaspace   ] GC(9) Metaspace: 6300K(6528K)->6300K(6528K) NonClass: 5767K(5888K)->5767K(5888K) Class: 533K(640K)->533K(640K)
[0.264s][info][gc             ] GC(9) Pause Young (Allocation Failure) 9M->7M(12M) 4.303ms
[0.264s][info][gc,cpu         ] GC(9) User=0.00s Sys=0.00s Real=0.00s
[0.269s][info][gc,start       ] GC(10) Pause Young (Allocation Failure)
[0.273s][info][gc,heap        ] GC(10) PSYoungGen: 6624K(6656K)->4064K(9216K) Eden: 3584K(3584K)->0K(5120K) From: 3040K(3072K)->4064K(4096K)
[0.273s][info][gc,heap        ] GC(10) ParOldGen: 4606K(6144K)->5446K(6144K)
[0.274s][info][gc,metaspace   ] GC(10) Metaspace: 6300K(6528K)->6300K(6528K) NonClass: 5767K(5888K)->5767K(5888K) Class: 533K(640K)->533K(640K)
[0.274s][info][gc             ] GC(10) Pause Young (Allocation Failure) 10M->9M(15M) 4.285ms
[0.274s][info][gc,cpu         ] GC(10) User=0.00s Sys=0.00s Real=0.00s
[0.274s][info][gc,start       ] GC(11) Pause Full (Ergonomics)
[0.274s][info][gc,phases,start] GC(11) Marking Phase
[0.279s][info][gc,phases      ] GC(11) Marking Phase 5.280ms
[0.279s][info][gc,phases,start] GC(11) Summary Phase
[0.279s][info][gc,phases      ] GC(11) Summary Phase 0.020ms
[0.279s][info][gc,phases,start] GC(11) Adjust Roots
[0.279s][info][gc,phases      ] GC(11) Adjust Roots 0.439ms
[0.280s][info][gc,phases,start] GC(11) Compaction Phase
[0.286s][info][gc,phases      ] GC(11) Compaction Phase 6.440ms
[0.286s][info][gc,phases,start] GC(11) Post Compact
[0.286s][info][gc,phases      ] GC(11) Post Compact 0.049ms
[0.286s][info][gc,heap        ] GC(11) PSYoungGen: 4064K(9216K)->3545K(9216K) Eden: 0K(5120K)->0K(5120K) From: 4064K(4096K)->3545K(4096K)
[0.286s][info][gc,heap        ] GC(11) ParOldGen: 5446K(6144K)->5831K(10752K)
[0.286s][info][gc,metaspace   ] GC(11) Metaspace: 6300K(6528K)->6300K(6528K) NonClass: 5767K(5888K)->5767K(5888K) Class: 533K(640K)->533K(640K)
[0.286s][info][gc             ] GC(11) Pause Full (Ergonomics) 9M->9M(19M) 12.570ms
[0.286s][info][gc,cpu         ] GC(11) User=0.00s Sys=0.00s Real=0.01s
[0.294s][info][gc,start       ] GC(12) Pause Young (Allocation Failure)
[0.299s][info][gc,heap        ] GC(12) PSYoungGen: 8665K(9216K)->5088K(10240K) Eden: 5120K(5120K)->0K(5120K) From: 3545K(4096K)->5088K(5120K)
[0.299s][info][gc,heap        ] GC(12) ParOldGen: 5831K(10752K)->6951K(10752K)
[0.299s][info][gc,metaspace   ] GC(12) Metaspace: 6300K(6528K)->6300K(6528K) NonClass: 5767K(5888K)->5767K(5888K) Class: 533K(640K)->533K(640K)
[0.299s][info][gc             ] GC(12) Pause Young (Allocation Failure) 14M->11M(20M) 5.038ms
[0.299s][info][gc,cpu         ] GC(12) User=0.00s Sys=0.00s Real=0.01s
[0.304s][info][gc,start       ] GC(13) Pause Young (Allocation Failure)
[0.310s][info][gc,heap        ] GC(13) PSYoungGen: 10208K(10240K)->6464K(12800K) Eden: 5120K(5120K)->0K(6144K) From: 5088K(5120K)->6464K(6656K)
[0.310s][info][gc,heap        ] GC(13) ParOldGen: 6951K(10752K)->8239K(10752K)
[0.310s][info][gc,metaspace   ] GC(13) Metaspace: 6302K(6528K)->6302K(6528K) NonClass: 5769K(5888K)->5769K(5888K) Class: 533K(640K)->533K(640K)
[0.310s][info][gc             ] GC(13) Pause Young (Allocation Failure) 16M->14M(23M) 6.216ms
[0.310s][info][gc,cpu         ] GC(13) User=0.00s Sys=0.00s Real=0.01s
[0.315s][info][gc,start       ] GC(14) Pause Young (Allocation Failure)
[0.322s][info][gc,heap        ] GC(14) PSYoungGen: 12608K(12800K)->5824K(13824K) Eden: 6144K(6144K)->0K(6144K) From: 6464K(6656K)->5824K(7680K)
[0.322s][info][gc,heap        ] GC(14) ParOldGen: 8239K(10752K)->12119K(12288K)
[0.322s][info][gc,metaspace   ] GC(14) Metaspace: 6302K(6528K)->6302K(6528K) NonClass: 5769K(5888K)->5769K(5888K) Class: 533K(640K)->533K(640K)
[0.322s][info][gc             ] GC(14) Pause Young (Allocation Failure) 20M->17M(25M) 6.478ms
[0.322s][info][gc,cpu         ] GC(14) User=0.00s Sys=0.00s Real=0.01s
[0.322s][info][gc,start       ] GC(15) Pause Full (Ergonomics)
[0.322s][info][gc,phases,start] GC(15) Marking Phase
[0.330s][info][gc,phases      ] GC(15) Marking Phase 7.886ms
[0.330s][info][gc,phases,start] GC(15) Summary Phase
[0.330s][info][gc,phases      ] GC(15) Summary Phase 0.017ms
[0.330s][info][gc,phases,start] GC(15) Adjust Roots
[0.330s][info][gc,phases      ] GC(15) Adjust Roots 0.237ms
[0.330s][info][gc,phases,start] GC(15) Compaction Phase
[0.338s][info][gc,phases      ] GC(15) Compaction Phase 7.336ms
[0.338s][info][gc,phases,start] GC(15) Post Compact
[0.338s][info][gc,phases      ] GC(15) Post Compact 0.073ms
[0.338s][info][gc,heap        ] GC(15) PSYoungGen: 5824K(13824K)->5758K(13824K) Eden: 0K(6144K)->0K(6144K) From: 5824K(7680K)->5758K(7680K)
[0.338s][info][gc,heap        ] GC(15) ParOldGen: 12119K(12288K)->12006K(18944K)
[0.338s][info][gc,metaspace   ] GC(15) Metaspace: 6302K(6528K)->6302K(6528K) NonClass: 5769K(5888K)->5769K(5888K) Class: 533K(640K)->533K(640K)
[0.338s][info][gc             ] GC(15) Pause Full (Ergonomics) 17M->17M(32M) 15.884ms
[0.338s][info][gc,cpu         ] GC(15) User=0.00s Sys=0.00s Real=0.02s
[0.342s][info][gc,start       ] GC(16) Pause Young (Allocation Failure)
[0.350s][info][gc,heap        ] GC(16) PSYoungGen: 11902K(13824K)->3200K(15360K) Eden: 6144K(6144K)->0K(8704K) From: 5758K(7680K)->3200K(6656K)
[0.350s][info][gc,heap        ] GC(16) ParOldGen: 12006K(18944K)->17862K(18944K)
[0.350s][info][gc,metaspace   ] GC(16) Metaspace: 6302K(6528K)->6302K(6528K) NonClass: 5769K(5888K)->5769K(5888K) Class: 533K(640K)->533K(640K)
[0.350s][info][gc             ] GC(16) Pause Young (Allocation Failure) 23M->20M(33M) 7.493ms
[0.350s][info][gc,cpu         ] GC(16) User=0.00s Sys=0.00s Real=0.01s
[0.350s][info][gc,start       ] GC(17) Pause Full (Ergonomics)
[0.350s][info][gc,phases,start] GC(17) Marking Phase
[0.360s][info][gc,phases      ] GC(17) Marking Phase 10.469ms
[0.361s][info][gc,phases,start] GC(17) Summary Phase
[0.361s][info][gc,phases      ] GC(17) Summary Phase 0.017ms
[0.361s][info][gc,phases,start] GC(17) Adjust Roots
[0.361s][info][gc,phases      ] GC(17) Adjust Roots 0.220ms
[0.361s][info][gc,phases,start] GC(17) Compaction Phase
[0.367s][info][gc,phases      ] GC(17) Compaction Phase 5.955ms
[0.367s][info][gc,phases,start] GC(17) Post Compact
[0.367s][info][gc,phases      ] GC(17) Post Compact 0.145ms
[0.367s][info][gc,heap        ] GC(17) PSYoungGen: 3200K(15360K)->2146K(16384K) Eden: 0K(8704K)->0K(9728K) From: 3200K(6656K)->2146K(6656K)
[0.367s][info][gc,heap        ] GC(17) ParOldGen: 17862K(18944K)->18786K(28672K)
[0.367s][info][gc,metaspace   ] GC(17) Metaspace: 6302K(6528K)->6302K(6528K) NonClass: 5769K(5888K)->5769K(5888K) Class: 533K(640K)->533K(640K)
[0.367s][info][gc             ] GC(17) Pause Full (Ergonomics) 20M->20M(44M) 17.197ms
[0.367s][info][gc,cpu         ] GC(17) User=0.00s Sys=0.00s Real=0.02s
[0.378s][info][gc,start       ] GC(18) Pause Young (Allocation Failure)
[0.384s][info][gc,heap        ] GC(18) PSYoungGen: 11874K(16384K)->5568K(17408K) Eden: 9728K(9728K)->0K(9728K) From: 2146K(6656K)->5568K(7680K)
[0.384s][info][gc,heap        ] GC(18) ParOldGen: 18786K(28672K)->20978K(28672K)
[0.384s][info][gc,metaspace   ] GC(18) Metaspace: 6302K(6528K)->6302K(6528K) NonClass: 5769K(5888K)->5769K(5888K) Class: 533K(640K)->533K(640K)
[0.384s][info][gc             ] GC(18) Pause Young (Allocation Failure) 29M->25M(45M) 6.508ms
[0.384s][info][gc,cpu         ] GC(18) User=0.00s Sys=0.00s Real=0.01s
[0.391s][info][gc,start       ] GC(19) Pause Young (Allocation Failure)
[0.400s][info][gc,heap        ] GC(19) PSYoungGen: 15296K(17408K)->5088K(20992K) Eden: 9728K(9728K)->0K(12800K) From: 5568K(7680K)->5088K(8192K)
[0.400s][info][gc,heap        ] GC(19) ParOldGen: 20978K(28672K)->26578K(28672K)
[0.400s][info][gc,metaspace   ] GC(19) Metaspace: 6302K(6528K)->6302K(6528K) NonClass: 5769K(5888K)->5769K(5888K) Class: 533K(640K)->533K(640K)
[0.400s][info][gc             ] GC(19) Pause Young (Allocation Failure) 35M->30M(48M) 9.072ms
[0.400s][info][gc,cpu         ] GC(19) User=0.00s Sys=0.00s Real=0.01s
[0.400s][info][gc,start       ] GC(20) Pause Full (Ergonomics)
[0.400s][info][gc,phases,start] GC(20) Marking Phase
[0.414s][info][gc,phases      ] GC(20) Marking Phase 13.980ms
[0.414s][info][gc,phases,start] GC(20) Summary Phase
[0.414s][info][gc,phases      ] GC(20) Summary Phase 0.015ms
[0.414s][info][gc,phases,start] GC(20) Adjust Roots
[0.415s][info][gc,phases      ] GC(20) Adjust Roots 0.183ms
[0.415s][info][gc,phases,start] GC(20) Compaction Phase
[0.425s][info][gc,phases      ] GC(20) Compaction Phase 10.506ms
[0.425s][info][gc,phases,start] GC(20) Post Compact
[0.425s][info][gc,phases      ] GC(20) Post Compact 0.093ms
[0.425s][info][gc,heap        ] GC(20) PSYoungGen: 5088K(20992K)->2471K(20992K) Eden: 0K(12800K)->0K(12800K) From: 5088K(8192K)->2471K(8192K)
[0.426s][info][gc,heap        ] GC(20) ParOldGen: 26578K(28672K)->28497K(40448K)
[0.426s][info][gc,metaspace   ] GC(20) Metaspace: 6302K(6528K)->6302K(6528K) NonClass: 5769K(5888K)->5769K(5888K) Class: 533K(640K)->533K(640K)
[0.426s][info][gc             ] GC(20) Pause Full (Ergonomics) 30M->30M(60M) 25.176ms
[0.426s][info][gc,cpu         ] GC(20) User=0.02s Sys=0.00s Real=0.03s
[0.438s][info][gc,start       ] GC(21) Pause Young (Allocation Failure)
[0.451s][info][gc,heap        ] GC(21) PSYoungGen: 15271K(20992K)->8192K(20992K) Eden: 12800K(12800K)->0K(12800K) From: 2471K(8192K)->8192K(8192K)
[0.451s][info][gc,heap        ] GC(21) ParOldGen: 28497K(40448K)->33673K(40448K)
[0.451s][info][gc,metaspace   ] GC(21) Metaspace: 6302K(6528K)->6302K(6528K) NonClass: 5769K(5888K)->5769K(5888K) Class: 533K(640K)->533K(640K)
[0.451s][info][gc             ] GC(21) Pause Young (Allocation Failure) 42M->40M(60M) 12.805ms
[0.451s][info][gc,cpu         ] GC(21) User=0.00s Sys=0.00s Real=0.01s
[0.468s][info][gc,start       ] GC(22) Pause Young (Allocation Failure)
[0.484s][info][gc,heap        ] GC(22) PSYoungGen: 20992K(20992K)->11744K(23552K) Eden: 12800K(12800K)->0K(11776K) From: 8192K(8192K)->11744K(11776K)
[0.484s][info][gc,heap        ] GC(22) ParOldGen: 33673K(40448K)->43057K(43520K)
[0.484s][info][gc,metaspace   ] GC(22) Metaspace: 6302K(6528K)->6302K(6528K) NonClass: 5769K(5888K)->5769K(5888K) Class: 533K(640K)->533K(640K)
[0.484s][info][gc             ] GC(22) Pause Young (Allocation Failure) 53M->53M(65M) 16.835ms
[0.484s][info][gc,cpu         ] GC(22) User=0.00s Sys=0.03s Real=0.02s
[0.484s][info][gc,start       ] GC(23) Pause Full (Ergonomics)
[0.484s][info][gc,phases,start] GC(23) Marking Phase
[0.505s][info][gc,phases      ] GC(23) Marking Phase 20.943ms
[0.505s][info][gc,phases,start] GC(23) Summary Phase
[0.506s][info][gc,phases      ] GC(23) Summary Phase 0.037ms
[0.506s][info][gc,phases,start] GC(23) Adjust Roots
[0.506s][info][gc,phases      ] GC(23) Adjust Roots 0.159ms
[0.506s][info][gc,phases,start] GC(23) Compaction Phase
[0.522s][info][gc,phases      ] GC(23) Compaction Phase 16.241ms
[0.522s][info][gc,phases,start] GC(23) Post Compact
[0.522s][info][gc,phases      ] GC(23) Post Compact 0.168ms
[0.522s][info][gc,heap        ] GC(23) PSYoungGen: 11744K(23552K)->11725K(23552K) Eden: 0K(11776K)->0K(11776K) From: 11744K(11776K)->11725K(11776K)
[0.522s][info][gc,heap        ] GC(23) ParOldGen: 43057K(43520K)->41787K(57856K)
[0.522s][info][gc,metaspace   ] GC(23) Metaspace: 6302K(6528K)->6302K(6528K) NonClass: 5769K(5888K)->5769K(5888K) Class: 533K(640K)->533K(640K)
[0.522s][info][gc             ] GC(23) Pause Full (Ergonomics) 53M->52M(79M) 37.873ms
[0.522s][info][gc,cpu         ] GC(23) User=0.05s Sys=0.00s Real=0.04s
[0.534s][info][gc,start       ] GC(24) Pause Young (Allocation Failure)
[0.551s][info][gc,heap        ] GC(24) PSYoungGen: 23501K(23552K)->11808K(28672K) Eden: 11776K(11776K)->0K(11776K) From: 11725K(11776K)->11808K(16896K)
[0.551s][info][gc,heap        ] GC(24) ParOldGen: 41787K(57856K)->53675K(57856K)
[0.551s][info][gc,metaspace   ] GC(24) Metaspace: 6302K(6528K)->6302K(6528K) NonClass: 5769K(5888K)->5769K(5888K) Class: 533K(640K)->533K(640K)
[0.551s][info][gc             ] GC(24) Pause Young (Allocation Failure) 63M->63M(84M) 17.161ms
[0.551s][info][gc,cpu         ] GC(24) User=0.02s Sys=0.00s Real=0.02s
[0.551s][info][gc,start       ] GC(25) Pause Full (Ergonomics)
[0.551s][info][gc,phases,start] GC(25) Marking Phase
[0.576s][info][gc,phases      ] GC(25) Marking Phase 24.432ms
[0.576s][info][gc,phases,start] GC(25) Summary Phase
[0.576s][info][gc,phases      ] GC(25) Summary Phase 0.015ms
[0.576s][info][gc,phases,start] GC(25) Adjust Roots
[0.576s][info][gc,phases      ] GC(25) Adjust Roots 0.150ms
[0.576s][info][gc,phases,start] GC(25) Compaction Phase
[0.594s][info][gc,phases      ] GC(25) Compaction Phase 18.210ms
[0.594s][info][gc,phases,start] GC(25) Post Compact
[0.594s][info][gc,phases      ] GC(25) Post Compact 0.226ms
[0.595s][info][gc,heap        ] GC(25) PSYoungGen: 11808K(28672K)->7658K(28672K) Eden: 0K(11776K)->0K(11776K) From: 11808K(16896K)->7658K(16896K)
[0.595s][info][gc,heap        ] GC(25) ParOldGen: 53675K(57856K)->57601K(77824K)
[0.595s][info][gc,metaspace   ] GC(25) Metaspace: 6302K(6528K)->6302K(6528K) NonClass: 5769K(5888K)->5769K(5888K) Class: 533K(640K)->533K(640K)
[0.595s][info][gc             ] GC(25) Pause Full (Ergonomics) 63M->63M(104M) 43.375ms
[0.595s][info][gc,cpu         ] GC(25) User=0.03s Sys=0.00s Real=0.04s
[0.608s][info][gc,start       ] GC(26) Pause Young (Allocation Failure)
[0.624s][info][gc,heap        ] GC(26) PSYoungGen: 19434K(28672K)->11808K(31232K) Eden: 11776K(11776K)->0K(13312K) From: 7658K(16896K)->11808K(17920K)
[0.625s][info][gc,heap        ] GC(26) ParOldGen: 57601K(77824K)->65385K(77824K)
[0.625s][info][gc,metaspace   ] GC(26) Metaspace: 6302K(6528K)->6302K(6528K) NonClass: 5769K(5888K)->5769K(5888K) Class: 533K(640K)->533K(640K)
[0.625s][info][gc             ] GC(26) Pause Young (Allocation Failure) 75M->75M(106M) 16.647ms
[0.625s][info][gc,cpu         ] GC(26) User=0.03s Sys=0.00s Real=0.02s
[0.637s][info][gc,start       ] GC(27) Pause Young (Allocation Failure)
[0.656s][info][gc,heap        ] GC(27) PSYoungGen: 23758K(31232K)->18944K(32256K) Eden: 11950K(13312K)->0K(13312K) From: 11808K(17920K)->18944K(18944K)
[0.656s][info][gc,heap        ] GC(27) ParOldGen: 65385K(77824K)->70025K(77824K)
[0.656s][info][gc,metaspace   ] GC(27) Metaspace: 6302K(6528K)->6302K(6528K) NonClass: 5769K(5888K)->5769K(5888K) Class: 533K(640K)->533K(640K)
[0.656s][info][gc             ] GC(27) Pause Young (Allocation Failure) 87M->86M(107M) 19.151ms
[0.656s][info][gc,cpu         ] GC(27) User=0.00s Sys=0.00s Real=0.02s
[0.656s][info][gc,start       ] GC(28) Pause Full (Ergonomics)
[0.656s][info][gc,phases,start] GC(28) Marking Phase
[0.697s][info][gc,phases      ] GC(28) Marking Phase 41.549ms
[0.697s][info][gc,phases,start] GC(28) Summary Phase
[0.697s][info][gc,phases      ] GC(28) Summary Phase 0.021ms
[0.697s][info][gc,phases,start] GC(28) Adjust Roots
[0.698s][info][gc,phases      ] GC(28) Adjust Roots 0.170ms
[0.698s][info][gc,phases,start] GC(28) Compaction Phase
[0.719s][info][gc,phases      ] GC(28) Compaction Phase 21.615ms
[0.719s][info][gc,phases,start] GC(28) Post Compact
[0.720s][info][gc,phases      ] GC(28) Post Compact 0.410ms
[0.720s][info][gc,heap        ] GC(28) PSYoungGen: 18944K(32256K)->11242K(32256K) Eden: 0K(13312K)->0K(13312K) From: 18944K(18944K)->11242K(18944K)
[0.720s][info][gc,heap        ] GC(28) ParOldGen: 70025K(77824K)->77486K(99328K)
[0.720s][info][gc,metaspace   ] GC(28) Metaspace: 6302K(6528K)->6302K(6528K) NonClass: 5769K(5888K)->5769K(5888K) Class: 533K(640K)->533K(640K)
[0.720s][info][gc             ] GC(28) Pause Full (Ergonomics) 86M->86M(128M) 64.181ms
[0.720s][info][gc,cpu         ] GC(28) User=0.09s Sys=0.00s Real=0.06s
[0.737s][info][gc,start       ] GC(29) Pause Young (Allocation Failure)
[0.756s][info][gc,heap        ] GC(29) PSYoungGen: 24554K(32256K)->13344K(39424K) Eden: 13312K(13312K)->0K(15872K) From: 11242K(18944K)->13344K(23552K)
[0.756s][info][gc,heap        ] GC(29) ParOldGen: 77486K(99328K)->88926K(99328K)
[0.756s][info][gc,metaspace   ] GC(29) Metaspace: 6302K(6528K)->6302K(6528K) NonClass: 5769K(5888K)->5769K(5888K) Class: 533K(640K)->533K(640K)
[0.756s][info][gc             ] GC(29) Pause Young (Allocation Failure) 99M->99M(135M) 18.414ms
[0.756s][info][gc,cpu         ] GC(29) User=0.02s Sys=0.00s Real=0.02s
[0.756s][info][gc,start       ] GC(30) Pause Full (Ergonomics)
[0.756s][info][gc,phases,start] GC(30) Marking Phase
[0.789s][info][gc,phases      ] GC(30) Marking Phase 33.507ms
[0.789s][info][gc,phases,start] GC(30) Summary Phase
[0.789s][info][gc,phases      ] GC(30) Summary Phase 0.017ms
[0.789s][info][gc,phases,start] GC(30) Adjust Roots
[0.790s][info][gc,phases      ] GC(30) Adjust Roots 0.158ms
[0.790s][info][gc,phases,start] GC(30) Compaction Phase
[0.816s][info][gc,phases      ] GC(30) Compaction Phase 26.800ms
[0.817s][info][gc,phases,start] GC(30) Post Compact
[0.817s][info][gc,phases      ] GC(30) Post Compact 0.422ms
[0.817s][info][gc,heap        ] GC(30) PSYoungGen: 13344K(39424K)->1017K(39424K) Eden: 0K(15872K)->0K(15872K) From: 13344K(23552K)->1017K(23552K)
[0.817s][info][gc,heap        ] GC(30) ParOldGen: 88926K(99328K)->98952K(124416K)
[0.817s][info][gc,metaspace   ] GC(30) Metaspace: 6302K(6528K)->6302K(6528K) NonClass: 5769K(5888K)->5769K(5888K) Class: 533K(640K)->533K(640K)
[0.817s][info][gc             ] GC(30) Pause Full (Ergonomics) 99M->97M(160M) 61.337ms
[0.817s][info][gc,cpu         ] GC(30) User=0.11s Sys=0.00s Real=0.06s
[0.831s][info][gc,start       ] GC(31) Pause Young (Allocation Failure)
[0.849s][info][gc,heap        ] GC(31) PSYoungGen: 16889K(39424K)->16928K(39936K) Eden: 15872K(15872K)->0K(15872K) From: 1017K(23552K)->16928K(24064K)
[0.849s][info][gc,heap        ] GC(31) ParOldGen: 98952K(124416K)->98952K(124416K)
[0.849s][info][gc,metaspace   ] GC(31) Metaspace: 6302K(6528K)->6302K(6528K) NonClass: 5769K(5888K)->5769K(5888K) Class: 533K(640K)->533K(640K)
[0.849s][info][gc             ] GC(31) Pause Young (Allocation Failure) 113M->113M(160M) 17.867ms
[0.849s][info][gc,cpu         ] GC(31) User=0.02s Sys=0.00s Real=0.02s
[0.864s][info][gc,start       ] GC(32) Pause Young (Allocation Failure)
[0.887s][info][gc,heap        ] GC(32) PSYoungGen: 32800K(39936K)->25088K(36352K) Eden: 15872K(15872K)->0K(11264K) From: 16928K(24064K)->25088K(25088K)
[0.887s][info][gc,heap        ] GC(32) ParOldGen: 98952K(124416K)->106744K(124416K)
[0.887s][info][gc,metaspace   ] GC(32) Metaspace: 6302K(6528K)->6302K(6528K) NonClass: 5769K(5888K)->5769K(5888K) Class: 533K(640K)->533K(640K)
[0.887s][info][gc             ] GC(32) Pause Young (Allocation Failure) 128M->128M(157M) 23.530ms
[0.887s][info][gc,cpu         ] GC(32) User=0.06s Sys=0.00s Real=0.02s
[0.898s][info][gc,start       ] GC(33) Pause Young (Allocation Failure)
[0.921s][info][gc,heap        ] GC(33) PSYoungGen: 36352K(36352K)->24256K(43520K) Eden: 11264K(11264K)->0K(11264K) From: 25088K(25088K)->24256K(32256K)
[0.921s][info][gc,heap        ] GC(33) ParOldGen: 106744K(124416K)->119040K(124416K)
[0.921s][info][gc,metaspace   ] GC(33) Metaspace: 6302K(6528K)->6302K(6528K) NonClass: 5769K(5888K)->5769K(5888K) Class: 533K(640K)->533K(640K)
[0.921s][info][gc             ] GC(33) Pause Young (Allocation Failure) 139M->139M(164M) 23.231ms
[0.921s][info][gc,cpu         ] GC(33) User=0.03s Sys=0.00s Real=0.02s
[0.921s][info][gc,start       ] GC(34) Pause Full (Ergonomics)
[0.921s][info][gc,phases,start] GC(34) Marking Phase
[0.969s][info][gc,phases      ] GC(34) Marking Phase 47.842ms
[0.969s][info][gc,phases,start] GC(34) Summary Phase
[0.969s][info][gc,phases      ] GC(34) Summary Phase 0.019ms
[0.969s][info][gc,phases,start] GC(34) Adjust Roots
[0.970s][info][gc,phases      ] GC(34) Adjust Roots 0.250ms
[0.970s][info][gc,phases,start] GC(34) Compaction Phase
[1.001s][info][gc,phases      ] GC(34) Compaction Phase 31.145ms
[1.001s][info][gc,phases,start] GC(34) Post Compact
[1.002s][info][gc,phases      ] GC(34) Post Compact 1.167ms
[1.002s][info][gc,heap        ] GC(34) PSYoungGen: 24256K(43520K)->18550K(43520K) Eden: 0K(11264K)->0K(11264K) From: 24256K(32256K)->18550K(32256K)
[1.002s][info][gc,heap        ] GC(34) ParOldGen: 119040K(124416K)->124329K(153600K)
[1.002s][info][gc,metaspace   ] GC(34) Metaspace: 6302K(6528K)->6302K(6528K) NonClass: 5769K(5888K)->5769K(5888K) Class: 533K(640K)->533K(640K)
[1.002s][info][gc             ] GC(34) Pause Full (Ergonomics) 139M->139M(192M) 81.105ms
[1.002s][info][gc,cpu         ] GC(34) User=0.17s Sys=0.00s Real=0.08s
[1.015s][info][gc,start       ] GC(35) Pause Young (Allocation Failure)
[1.042s][info][gc,heap        ] GC(35) PSYoungGen: 29814K(43520K)->20384K(47616K) Eden: 11264K(11264K)->0K(12800K) From: 18550K(32256K)->20384K(34816K)
[1.042s][info][gc,heap        ] GC(35) ParOldGen: 124329K(153600K)->133985K(153600K)
[1.042s][info][gc,metaspace   ] GC(35) Metaspace: 6302K(6528K)->6302K(6528K) NonClass: 5769K(5888K)->5769K(5888K) Class: 533K(640K)->533K(640K)
[1.042s][info][gc             ] GC(35) Pause Young (Allocation Failure) 150M->150M(196M) 26.559ms
[1.042s][info][gc,cpu         ] GC(35) User=0.05s Sys=0.02s Real=0.03s
[1.056s][info][gc,start       ] GC(36) Pause Young (Allocation Failure)
[1.076s][info][gc,heap        ] GC(36) PSYoungGen: 33184K(47616K)->33184K(48128K) Eden: 12800K(12800K)->0K(12800K) From: 20384K(34816K)->33184K(35328K)
[1.076s][info][gc,heap        ] GC(36) ParOldGen: 133985K(153600K)->133985K(153600K)
[1.076s][info][gc,metaspace   ] GC(36) Metaspace: 6302K(6528K)->6302K(6528K) NonClass: 5769K(5888K)->5769K(5888K) Class: 533K(640K)->533K(640K)
[1.076s][info][gc             ] GC(36) Pause Young (Allocation Failure) 163M->163M(197M) 20.306ms
[1.076s][info][gc,cpu         ] GC(36) User=0.03s Sys=0.00s Real=0.02s
[1.124s][info][gc,start       ] GC(37) Pause Full (Ergonomics)
[1.124s][info][gc,phases,start] GC(37) Marking Phase
[1.183s][info][gc,phases      ] GC(37) Marking Phase 59.160ms
[1.183s][info][gc,phases,start] GC(37) Summary Phase
[1.183s][info][gc,phases      ] GC(37) Summary Phase 0.017ms
[1.183s][info][gc,phases,start] GC(37) Adjust Roots
[1.183s][info][gc,phases      ] GC(37) Adjust Roots 0.178ms
[1.183s][info][gc,phases,start] GC(37) Compaction Phase
[1.227s][info][gc,phases      ] GC(37) Compaction Phase 44.142ms
[1.227s][info][gc,phases,start] GC(37) Post Compact
[1.228s][info][gc,phases      ] GC(37) Post Compact 0.729ms
[1.228s][info][gc,heap        ] GC(37) PSYoungGen: 45984K(48128K)->30506K(48128K) Eden: 12800K(12800K)->0K(12800K) From: 33184K(35328K)->30506K(35328K)
[1.228s][info][gc,heap        ] GC(37) ParOldGen: 142177K(153600K)->153241K(184320K)
[1.228s][info][gc,metaspace   ] GC(37) Metaspace: 6302K(6528K)->6302K(6528K) NonClass: 5769K(5888K)->5769K(5888K) Class: 533K(640K)->533K(640K)
[1.228s][info][gc             ] GC(37) Pause Full (Ergonomics) 183M->179M(227M) 104.701ms
[1.228s][info][gc,cpu         ] GC(37) User=0.22s Sys=0.00s Real=0.11s
[1.241s][info][gc,start       ] GC(38) Pause Young (Allocation Failure)
[1.271s][info][gc,heap        ] GC(38) PSYoungGen: 43306K(48128K)->34400K(50176K) Eden: 12800K(12800K)->0K(10240K) From: 30506K(35328K)->34400K(39936K)
[1.272s][info][gc,heap        ] GC(38) ParOldGen: 153241K(184320K)->162465K(184320K)
[1.272s][info][gc,metaspace   ] GC(38) Metaspace: 6302K(6528K)->6302K(6528K) NonClass: 5769K(5888K)->5769K(5888K) Class: 533K(640K)->533K(640K)
[1.272s][info][gc             ] GC(38) Pause Young (Allocation Failure) 191M->192M(229M) 30.661ms
[1.272s][info][gc,cpu         ] GC(38) User=0.05s Sys=0.02s Real=0.03s
[1.282s][info][gc,start       ] GC(39) Pause Young (Allocation Failure)
[1.304s][info][gc,heap        ] GC(39) PSYoungGen: 44640K(50176K)->44544K(54784K) Eden: 10240K(10240K)->0K(10240K) From: 34400K(39936K)->44544K(44544K)
[1.304s][info][gc,heap        ] GC(39) ParOldGen: 162465K(184320K)->162481K(184320K)
[1.304s][info][gc,metaspace   ] GC(39) Metaspace: 6302K(6528K)->6302K(6528K) NonClass: 5769K(5888K)->5769K(5888K) Class: 533K(640K)->533K(640K)
[1.304s][info][gc             ] GC(39) Pause Young (Allocation Failure) 202M->202M(233M) 22.229ms
[1.304s][info][gc,cpu         ] GC(39) User=0.05s Sys=0.00s Real=0.02s
[1.316s][info][gc,start       ] GC(40) Pause Young (Allocation Failure)
[1.344s][info][gc,heap        ] GC(40) PSYoungGen: 54784K(54784K)->33312K(61952K) Eden: 10240K(10240K)->0K(10240K) From: 44544K(44544K)->33312K(51712K)
[1.344s][info][gc,heap        ] GC(40) ParOldGen: 162481K(184320K)->184257K(184320K)
[1.344s][info][gc,metaspace   ] GC(40) Metaspace: 6302K(6528K)->6302K(6528K) NonClass: 5769K(5888K)->5769K(5888K) Class: 533K(640K)->533K(640K)
[1.344s][info][gc             ] GC(40) Pause Young (Allocation Failure) 212M->212M(240M) 28.247ms
[1.344s][info][gc,cpu         ] GC(40) User=0.03s Sys=0.05s Real=0.03s
[1.344s][info][gc,start       ] GC(41) Pause Full (Ergonomics)
[1.344s][info][gc,phases,start] GC(41) Marking Phase
[1.403s][info][gc,phases      ] GC(41) Marking Phase 58.694ms
[1.403s][info][gc,phases,start] GC(41) Summary Phase
[1.403s][info][gc,phases      ] GC(41) Summary Phase 0.018ms
[1.403s][info][gc,phases,start] GC(41) Adjust Roots
[1.403s][info][gc,phases      ] GC(41) Adjust Roots 0.156ms
[1.403s][info][gc,phases,start] GC(41) Compaction Phase
[1.437s][info][gc,phases      ] GC(41) Compaction Phase 34.177ms
[1.437s][info][gc,phases,start] GC(41) Post Compact
[1.438s][info][gc,phases      ] GC(41) Post Compact 1.024ms
[1.438s][info][gc,heap        ] GC(41) PSYoungGen: 33312K(61952K)->32666K(61952K) Eden: 0K(10240K)->0K(10240K) From: 33312K(51712K)->32666K(51712K)
[1.439s][info][gc,heap        ] GC(41) ParOldGen: 184257K(184320K)->184269K(223232K)
[1.439s][info][gc,metaspace   ] GC(41) Metaspace: 6302K(6528K)->6302K(6528K) NonClass: 5769K(5888K)->5769K(5888K) Class: 533K(640K)->533K(640K)
[1.439s][info][gc             ] GC(41) Pause Full (Ergonomics) 212M->211M(278M) 94.581ms
[1.439s][info][gc,cpu         ] GC(41) User=0.30s Sys=0.00s Real=0.10s
[1.450s][info][gc,start       ] GC(42) Pause Young (Allocation Failure)
[1.476s][info][gc,heap        ] GC(42) PSYoungGen: 42906K(61952K)->30432K(63488K) Eden: 10240K(10240K)->0K(10240K) From: 32666K(51712K)->30432K(53248K)
[1.476s][info][gc,heap        ] GC(42) ParOldGen: 184269K(223232K)->197077K(223232K)
[1.476s][info][gc,metaspace   ] GC(42) Metaspace: 6302K(6528K)->6302K(6528K) NonClass: 5769K(5888K)->5769K(5888K) Class: 533K(640K)->533K(640K)
[1.476s][info][gc             ] GC(42) Pause Young (Allocation Failure) 221M->222M(280M) 26.507ms
[1.476s][info][gc,cpu         ] GC(42) User=0.08s Sys=0.00s Real=0.03s
[1.488s][info][gc,start       ] GC(43) Pause Young (Allocation Failure)
[1.508s][info][gc,heap        ] GC(43) PSYoungGen: 40672K(63488K)->30656K(65024K) Eden: 10240K(10240K)->0K(11776K) From: 30432K(53248K)->30656K(53248K)
[1.508s][info][gc,heap        ] GC(43) ParOldGen: 197077K(223232K)->207189K(223232K)
[1.508s][info][gc,metaspace   ] GC(43) Metaspace: 6302K(6528K)->6302K(6528K) NonClass: 5769K(5888K)->5769K(5888K) Class: 533K(640K)->533K(640K)
[1.508s][info][gc             ] GC(43) Pause Young (Allocation Failure) 232M->232M(281M) 20.893ms
[1.508s][info][gc,cpu         ] GC(43) User=0.06s Sys=0.00s Real=0.02s
[1.509s][info][gc,start       ] GC(44) Pause Full (Ergonomics)
[1.509s][info][gc,phases,start] GC(44) Marking Phase
[1.567s][info][gc,phases      ] GC(44) Marking Phase 58.692ms
[1.567s][info][gc,phases,start] GC(44) Summary Phase
[1.567s][info][gc,phases      ] GC(44) Summary Phase 0.024ms
[1.567s][info][gc,phases,start] GC(44) Adjust Roots
[1.567s][info][gc,phases      ] GC(44) Adjust Roots 0.172ms
[1.568s][info][gc,phases,start] GC(44) Compaction Phase
[1.597s][info][gc,phases      ] GC(44) Compaction Phase 29.833ms
[1.597s][info][gc,phases,start] GC(44) Post Compact
[1.598s][info][gc,phases      ] GC(44) Post Compact 0.961ms
[1.599s][info][gc,heap        ] GC(44) PSYoungGen: 30656K(65024K)->14186K(65024K) Eden: 0K(11776K)->0K(11776K) From: 30656K(53248K)->14186K(53248K)
[1.599s][info][gc,heap        ] GC(44) ParOldGen: 207189K(223232K)->223169K(264704K)
[1.599s][info][gc,metaspace   ] GC(44) Metaspace: 6302K(6528K)->6302K(6528K) NonClass: 5769K(5888K)->5769K(5888K) Class: 533K(640K)->533K(640K)
[1.599s][info][gc             ] GC(44) Pause Full (Ergonomics) 232M->231M(322M) 90.233ms
[1.599s][info][gc,cpu         ] GC(44) User=0.31s Sys=0.00s Real=0.09s
[1.612s][info][gc,start       ] GC(45) Pause Young (Allocation Failure)
[1.634s][info][gc,heap        ] GC(45) PSYoungGen: 25962K(65024K)->20832K(32768K) Eden: 11776K(11776K)->0K(11776K) From: 14186K(53248K)->20832K(20992K)
[1.634s][info][gc,heap        ] GC(45) ParOldGen: 223169K(264704K)->228489K(264704K)
[1.634s][info][gc,metaspace   ] GC(45) Metaspace: 6302K(6528K)->6302K(6528K) NonClass: 5769K(5888K)->5769K(5888K) Class: 533K(640K)->533K(640K)
[1.634s][info][gc             ] GC(45) Pause Young (Allocation Failure) 243M->243M(290M) 21.860ms
[1.634s][info][gc,cpu         ] GC(45) User=0.11s Sys=0.00s Real=0.02s
[1.647s][info][gc,start       ] GC(46) Pause Young (Allocation Failure)
[1.663s][info][gc,heap        ] GC(46) PSYoungGen: 32608K(32768K)->32608K(63488K) Eden: 11776K(11776K)->0K(12800K) From: 20832K(20992K)->32608K(50688K)
[1.663s][info][gc,heap        ] GC(46) ParOldGen: 228489K(264704K)->228489K(264704K)
[1.663s][info][gc,metaspace   ] GC(46) Metaspace: 6302K(6528K)->6302K(6528K) NonClass: 5769K(5888K)->5769K(5888K) Class: 533K(640K)->533K(640K)
[1.663s][info][gc             ] GC(46) Pause Young (Allocation Failure) 254M->254M(320M) 15.691ms
[1.663s][info][gc,cpu         ] GC(46) User=0.02s Sys=0.00s Real=0.02s
[1.677s][info][gc,start       ] GC(47) Pause Young (Allocation Failure)
[1.697s][info][gc,heap        ] GC(47) PSYoungGen: 45408K(63488K)->45440K(64512K) Eden: 12800K(12800K)->0K(12800K) From: 32608K(50688K)->45440K(51712K)
[1.697s][info][gc,heap        ] GC(47) ParOldGen: 228489K(264704K)->228489K(264704K)
[1.698s][info][gc,metaspace   ] GC(47) Metaspace: 6302K(6528K)->6302K(6528K) NonClass: 5769K(5888K)->5769K(5888K) Class: 533K(640K)->533K(640K)
[1.698s][info][gc             ] GC(47) Pause Young (Allocation Failure) 267M->267M(321M) 20.898ms
[1.698s][info][gc,cpu         ] GC(47) User=0.11s Sys=0.00s Real=0.02s
[1.712s][info][gc,start       ] GC(48) Pause Young (Allocation Failure)
[1.739s][info][gc,heap        ] GC(48) PSYoungGen: 58240K(64512K)->53792K(64512K) Eden: 12800K(12800K)->0K(7680K) From: 45440K(51712K)->53792K(56832K)
[1.739s][info][gc,heap        ] GC(48) ParOldGen: 228489K(264704K)->232969K(264704K)
[1.739s][info][gc,metaspace   ] GC(48) Metaspace: 6302K(6528K)->6302K(6528K) NonClass: 5769K(5888K)->5769K(5888K) Class: 533K(640K)->533K(640K)
[1.739s][info][gc             ] GC(48) Pause Young (Allocation Failure) 280M->280M(321M) 26.987ms
[1.739s][info][gc,cpu         ] GC(48) User=0.06s Sys=0.06s Real=0.03s
[1.748s][info][gc,start       ] GC(49) Pause Young (Allocation Failure)
[1.774s][info][gc,heap        ] GC(49) PSYoungGen: 61472K(64512K)->56928K(71680K) Eden: 7680K(7680K)->0K(7680K) From: 53792K(56832K)->56928K(64000K)
[1.774s][info][gc,heap        ] GC(49) ParOldGen: 232969K(264704K)->237641K(264704K)
[1.774s][info][gc,metaspace   ] GC(49) Metaspace: 6302K(6528K)->6302K(6528K) NonClass: 5769K(5888K)->5769K(5888K) Class: 533K(640K)->533K(640K)
[1.774s][info][gc             ] GC(49) Pause Young (Allocation Failure) 287M->287M(328M) 26.759ms
[1.774s][info][gc,cpu         ] GC(49) User=0.11s Sys=0.00s Real=0.03s
[1.783s][info][gc,start       ] GC(50) Pause Young (Allocation Failure)
[1.814s][info][gc,heap        ] GC(50) PSYoungGen: 64608K(71680K)->41056K(78848K) Eden: 7680K(7680K)->0K(9216K) From: 56928K(64000K)->41056K(69632K)
[1.814s][info][gc,heap        ] GC(50) ParOldGen: 237641K(264704K)->261505K(264704K)
[1.814s][info][gc,metaspace   ] GC(50) Metaspace: 6302K(6528K)->6302K(6528K) NonClass: 5769K(5888K)->5769K(5888K) Class: 533K(640K)->533K(640K)
[1.814s][info][gc             ] GC(50) Pause Young (Allocation Failure) 295M->295M(335M) 30.514ms
[1.814s][info][gc,cpu         ] GC(50) User=0.11s Sys=0.00s Real=0.03s
[1.814s][info][gc,start       ] GC(51) Pause Full (Ergonomics)
[1.814s][info][gc,phases,start] GC(51) Marking Phase
[1.880s][info][gc,phases      ] GC(51) Marking Phase 65.458ms
[1.880s][info][gc,phases,start] GC(51) Summary Phase
[1.880s][info][gc,phases      ] GC(51) Summary Phase 0.021ms
[1.880s][info][gc,phases,start] GC(51) Adjust Roots
[1.880s][info][gc,phases      ] GC(51) Adjust Roots 0.157ms
[1.880s][info][gc,phases,start] GC(51) Compaction Phase
[1.916s][info][gc,phases      ] GC(51) Compaction Phase 36.261ms
[1.916s][info][gc,phases,start] GC(51) Post Compact
[1.918s][info][gc,phases      ] GC(51) Post Compact 1.529ms
[1.918s][info][gc,heap        ] GC(51) PSYoungGen: 41056K(78848K)->37253K(79360K) Eden: 0K(9216K)->0K(9728K) From: 41056K(69632K)->37253K(69632K)
[1.918s][info][gc,heap        ] GC(51) ParOldGen: 261505K(264704K)->264426K(309760K)
[1.918s][info][gc,metaspace   ] GC(51) Metaspace: 6302K(6528K)->6302K(6528K) NonClass: 5769K(5888K)->5769K(5888K) Class: 533K(640K)->533K(640K)
[1.918s][info][gc             ] GC(51) Pause Full (Ergonomics) 295M->294M(380M) 104.055ms
[1.918s][info][gc,cpu         ] GC(51) User=0.62s Sys=0.00s Real=0.10s
[1.929s][info][gc,start       ] GC(52) Pause Young (Allocation Failure)
[1.961s][info][gc,heap        ] GC(52) PSYoungGen: 46981K(79360K)->23776K(33792K) Eden: 9728K(9728K)->0K(9728K) From: 37253K(69632K)->23776K(24064K)
[1.961s][info][gc,heap        ] GC(52) ParOldGen: 264426K(309760K)->288154K(309760K)
[1.961s][info][gc,metaspace   ] GC(52) Metaspace: 6302K(6528K)->6302K(6528K) NonClass: 5769K(5888K)->5769K(5888K) Class: 533K(640K)->533K(640K)
[1.961s][info][gc             ] GC(52) Pause Young (Allocation Failure) 304M->304M(335M) 31.291ms
[1.961s][info][gc,cpu         ] GC(52) User=0.14s Sys=0.00s Real=0.03s
[1.961s][info][gc,start       ] GC(53) Pause Full (Ergonomics)
[1.961s][info][gc,phases,start] GC(53) Marking Phase
[2.031s][info][gc,phases      ] GC(53) Marking Phase 70.155ms
[2.031s][info][gc,phases,start] GC(53) Summary Phase
[2.031s][info][gc,phases      ] GC(53) Summary Phase 0.019ms
[2.031s][info][gc,phases,start] GC(53) Adjust Roots
[2.031s][info][gc,phases      ] GC(53) Adjust Roots 0.154ms
[2.031s][info][gc,phases,start] GC(53) Compaction Phase
[2.060s][info][gc,phases      ] GC(53) Compaction Phase 28.782ms
[2.060s][info][gc,phases,start] GC(53) Post Compact
[2.062s][info][gc,phases      ] GC(53) Post Compact 1.662ms
[2.062s][info][gc,heap        ] GC(53) PSYoungGen: 23776K(33792K)->2123K(33792K) Eden: 0K(9728K)->0K(9728K) From: 23776K(24064K)->2123K(24064K)
[2.062s][info][gc,heap        ] GC(53) ParOldGen: 288154K(309760K)->309250K(361472K)
[2.062s][info][gc,metaspace   ] GC(53) Metaspace: 6302K(6528K)->6302K(6528K) NonClass: 5769K(5888K)->5769K(5888K) Class: 533K(640K)->533K(640K)
[2.062s][info][gc             ] GC(53) Pause Full (Ergonomics) 304M->304M(386M) 101.301ms
[2.062s][info][gc,cpu         ] GC(53) User=0.59s Sys=0.00s Real=0.10s
[2.074s][info][gc,start       ] GC(54) Pause Young (Allocation Failure)
[2.094s][info][gc,heap        ] GC(54) PSYoungGen: 11851K(33792K)->10272K(79360K) Eden: 9728K(9728K)->0K(11264K) From: 2123K(24064K)->10272K(68096K)
[2.094s][info][gc,heap        ] GC(54) ParOldGen: 309250K(361472K)->311026K(361472K)
[2.094s][info][gc,metaspace   ] GC(54) Metaspace: 6302K(6528K)->6302K(6528K) NonClass: 5769K(5888K)->5769K(5888K) Class: 533K(640K)->533K(640K)
[2.094s][info][gc             ] GC(54) Pause Young (Allocation Failure) 313M->313M(430M) 19.985ms
[2.094s][info][gc,cpu         ] GC(54) User=0.03s Sys=0.00s Real=0.02s
[2.107s][info][gc,start       ] GC(55) Pause Young (Allocation Failure)
[2.119s][info][gc,heap        ] GC(55) PSYoungGen: 21536K(79360K)->21504K(32768K) Eden: 11264K(11264K)->0K(11264K) From: 10272K(68096K)->21504K(21504K)
[2.119s][info][gc,heap        ] GC(55) ParOldGen: 311026K(361472K)->311026K(361472K)
[2.119s][info][gc,metaspace   ] GC(55) Metaspace: 6302K(6528K)->6302K(6528K) NonClass: 5769K(5888K)->5769K(5888K) Class: 533K(640K)->533K(640K)
[2.119s][info][gc             ] GC(55) Pause Young (Allocation Failure) 324M->324M(385M) 12.417ms
[2.119s][info][gc,cpu         ] GC(55) User=0.00s Sys=0.00s Real=0.01s
[2.132s][info][gc,start       ] GC(56) Pause Young (Allocation Failure)
[2.148s][info][gc,heap        ] GC(56) PSYoungGen: 32768K(32768K)->32736K(74240K) Eden: 11264K(11264K)->0K(12800K) From: 21504K(21504K)->32736K(61440K)
[2.148s][info][gc,heap        ] GC(56) ParOldGen: 311026K(361472K)->311026K(361472K)
[2.148s][info][gc,metaspace   ] GC(56) Metaspace: 6302K(6528K)->6302K(6528K) NonClass: 5769K(5888K)->5769K(5888K) Class: 533K(640K)->533K(640K)
[2.148s][info][gc             ] GC(56) Pause Young (Allocation Failure) 335M->335M(425M) 16.296ms
[2.148s][info][gc,cpu         ] GC(56) User=0.02s Sys=0.00s Real=0.02s
[2.236s][info][gc,start       ] GC(57) Pause Young (Allocation Failure)
[2.263s][info][gc,heap        ] GC(57) PSYoungGen: 45536K(74240K)->45152K(76288K) Eden: 12800K(12800K)->0K(12800K) From: 32736K(61440K)->45152K(63488K)
[2.264s][info][gc,heap        ] GC(57) ParOldGen: 327410K(361472K)->327858K(361472K)
[2.264s][info][gc,metaspace   ] GC(57) Metaspace: 6302K(6528K)->6302K(6528K) NonClass: 5769K(5888K)->5769K(5888K) Class: 533K(640K)->533K(640K)
[2.264s][info][gc             ] GC(57) Pause Young (Allocation Failure) 364M->364M(427M) 27.993ms
[2.264s][info][gc,cpu         ] GC(57) User=0.14s Sys=0.00s Real=0.03s
[2.275s][info][gc,start       ] GC(58) Pause Young (Allocation Failure)
[2.302s][info][gc,heap        ] GC(58) PSYoungGen: 57952K(76288K)->57952K(73728K) Eden: 12800K(12800K)->0K(7680K) From: 45152K(63488K)->57952K(66048K)
[2.302s][info][gc,heap        ] GC(58) ParOldGen: 327858K(361472K)->327858K(361472K)
[2.302s][info][gc,metaspace   ] GC(58) Metaspace: 6302K(6528K)->6302K(6528K) NonClass: 5769K(5888K)->5769K(5888K) Class: 533K(640K)->533K(640K)
[2.302s][info][gc             ] GC(58) Pause Young (Allocation Failure) 376M->376M(425M) 26.450ms
[2.302s][info][gc,cpu         ] GC(58) User=0.14s Sys=0.00s Real=0.03s
[2.310s][info][gc,start       ] GC(59) Pause Young (Allocation Failure)
[2.338s][info][gc,heap        ] GC(59) PSYoungGen: 65632K(73728K)->55904K(80384K) Eden: 7680K(7680K)->0K(7680K) From: 57952K(66048K)->55904K(72704K)
[2.338s][info][gc,heap        ] GC(59) ParOldGen: 327858K(361472K)->337698K(361472K)
[2.338s][info][gc,metaspace   ] GC(59) Metaspace: 6302K(6528K)->6302K(6528K) NonClass: 5769K(5888K)->5769K(5888K) Class: 533K(640K)->533K(640K)
[2.338s][info][gc             ] GC(59) Pause Young (Allocation Failure) 384M->384M(431M) 28.141ms
[2.338s][info][gc,cpu         ] GC(59) User=0.12s Sys=0.00s Real=0.03s
[2.346s][info][gc,start       ] GC(60) Pause Young (Allocation Failure)
[2.374s][info][gc,heap        ] GC(60) PSYoungGen: 63584K(80384K)->52288K(83968K) Eden: 7680K(7680K)->0K(7168K) From: 55904K(72704K)->52288K(76800K)
[2.374s][info][gc,heap        ] GC(60) ParOldGen: 337698K(361472K)->349106K(361472K)
[2.374s][info][gc,metaspace   ] GC(60) Metaspace: 6302K(6528K)->6302K(6528K) NonClass: 5769K(5888K)->5769K(5888K) Class: 533K(640K)->533K(640K)
[2.374s][info][gc             ] GC(60) Pause Young (Allocation Failure) 391M->391M(435M) 27.967ms
[2.374s][info][gc,cpu         ] GC(60) User=0.08s Sys=0.06s Real=0.03s
[2.374s][info][gc,start       ] GC(61) Pause Full (Ergonomics)
[2.374s][info][gc,phases,start] GC(61) Marking Phase
[2.461s][info][gc,phases      ] GC(61) Marking Phase 87.004ms
[2.461s][info][gc,phases,start] GC(61) Summary Phase
[2.461s][info][gc,phases      ] GC(61) Summary Phase 0.020ms
[2.461s][info][gc,phases,start] GC(61) Adjust Roots
[2.461s][info][gc,phases      ] GC(61) Adjust Roots 0.153ms
[2.461s][info][gc,phases,start] GC(61) Compaction Phase
[2.536s][info][gc,phases      ] GC(61) Compaction Phase 75.095ms
[2.536s][info][gc,phases,start] GC(61) Post Compact
[2.538s][info][gc,phases      ] GC(61) Post Compact 2.046ms
[2.539s][info][gc,heap        ] GC(61) PSYoungGen: 52288K(83968K)->31108K(83968K) Eden: 0K(7168K)->0K(7168K) From: 52288K(76800K)->31108K(76800K)
[2.539s][info][gc,heap        ] GC(61) ParOldGen: 349106K(361472K)->361440K(412672K)
[2.539s][info][gc,metaspace   ] GC(61) Metaspace: 6302K(6528K)->6302K(6528K) NonClass: 5769K(5888K)->5769K(5888K) Class: 533K(640K)->533K(640K)
[2.539s][info][gc             ] GC(61) Pause Full (Ergonomics) 391M->383M(485M) 164.903ms
[2.539s][info][gc,cpu         ] GC(61) User=1.00s Sys=0.02s Real=0.16s
[2.548s][info][gc,start       ] GC(62) Pause Young (Allocation Failure)
[2.579s][info][gc,heap        ] GC(62) PSYoungGen: 38276K(83968K)->24736K(32256K) Eden: 7168K(7168K)->0K(7168K) From: 31108K(76800K)->24736K(25088K)
[2.579s][info][gc,heap        ] GC(62) ParOldGen: 361440K(412672K)->375296K(412672K)
[2.579s][info][gc,metaspace   ] GC(62) Metaspace: 6302K(6528K)->6302K(6528K) NonClass: 5769K(5888K)->5769K(5888K) Class: 533K(640K)->533K(640K)
[2.579s][info][gc             ] GC(62) Pause Young (Allocation Failure) 390M->390M(434M) 31.539ms
[2.579s][info][gc,cpu         ] GC(62) User=0.14s Sys=0.00s Real=0.03s
[2.587s][info][gc,start       ] GC(63) Pause Young (Allocation Failure)
[2.602s][info][gc,heap        ] GC(63) PSYoungGen: 31904K(32256K)->24064K(81408K) Eden: 7168K(7168K)->0K(8704K) From: 24736K(25088K)->24064K(72704K)
[2.602s][info][gc,heap        ] GC(63) ParOldGen: 375296K(412672K)->383280K(412672K)
[2.602s][info][gc,metaspace   ] GC(63) Metaspace: 6302K(6528K)->6302K(6528K) NonClass: 5769K(5888K)->5769K(5888K) Class: 533K(640K)->533K(640K)
[2.602s][info][gc             ] GC(63) Pause Young (Allocation Failure) 397M->397M(482M) 15.330ms
[2.602s][info][gc,cpu         ] GC(63) User=0.02s Sys=0.00s Real=0.02s
[2.611s][info][gc,start       ] GC(64) Pause Young (Allocation Failure)
[2.627s][info][gc,heap        ] GC(64) PSYoungGen: 32768K(81408K)->23168K(83456K) Eden: 8704K(8704K)->0K(8704K) From: 24064K(72704K)->23168K(74752K)
[2.627s][info][gc,heap        ] GC(64) ParOldGen: 383280K(412672K)->393000K(412672K)
[2.627s][info][gc,metaspace   ] GC(64) Metaspace: 6302K(6528K)->6302K(6528K) NonClass: 5769K(5888K)->5769K(5888K) Class: 533K(640K)->533K(640K)
[2.627s][info][gc             ] GC(64) Pause Young (Allocation Failure) 406M->406M(484M) 15.830ms
[2.627s][info][gc,cpu         ] GC(64) User=0.02s Sys=0.00s Real=0.02s
[2.627s][info][gc,start       ] GC(65) Pause Full (Ergonomics)
[2.627s][info][gc,phases,start] GC(65) Marking Phase
[2.713s][info][gc,phases      ] GC(65) Marking Phase 85.601ms
[2.713s][info][gc,phases,start] GC(65) Summary Phase
[2.713s][info][gc,phases      ] GC(65) Summary Phase 0.019ms
[2.713s][info][gc,phases,start] GC(65) Adjust Roots
[2.713s][info][gc,phases      ] GC(65) Adjust Roots 0.149ms
[2.713s][info][gc,phases,start] GC(65) Compaction Phase
[2.757s][info][gc,phases      ] GC(65) Compaction Phase 44.222ms
[2.757s][info][gc,phases,start] GC(65) Post Compact
[2.759s][info][gc,phases      ] GC(65) Post Compact 1.946ms
[2.759s][info][gc,heap        ] GC(65) PSYoungGen: 23168K(83456K)->3023K(83456K) Eden: 0K(8704K)->0K(8704K) From: 23168K(74752K)->3023K(74752K)
[2.759s][info][gc,heap        ] GC(65) ParOldGen: 393000K(412672K)->412474K(465920K)
[2.759s][info][gc,metaspace   ] GC(65) Metaspace: 6302K(6528K)->6302K(6528K) NonClass: 5769K(5888K)->5769K(5888K) Class: 533K(640K)->533K(640K)
[2.760s][info][gc             ] GC(65) Pause Full (Ergonomics) 406M->405M(536M) 132.444ms
[2.760s][info][gc,cpu         ] GC(65) User=0.91s Sys=0.00s Real=0.13s
[2.770s][info][gc,start       ] GC(66) Pause Young (Allocation Failure)
[2.793s][info][gc,heap        ] GC(66) PSYoungGen: 11727K(83456K)->9728K(82432K) Eden: 8704K(8704K)->0K(9728K) From: 3023K(74752K)->9728K(72704K)
[2.793s][info][gc,heap        ] GC(66) ParOldGen: 412474K(465920K)->414682K(465920K)
[2.793s][info][gc,metaspace   ] GC(66) Metaspace: 6302K(6528K)->6302K(6528K) NonClass: 5769K(5888K)->5769K(5888K) Class: 533K(640K)->533K(640K)
[2.793s][info][gc             ] GC(66) Pause Young (Allocation Failure) 414M->414M(535M) 23.261ms
[2.793s][info][gc,cpu         ] GC(66) User=0.12s Sys=0.00s Real=0.02s
[2.804s][info][gc,start       ] GC(67) Pause Young (Allocation Failure)
[2.815s][info][gc,heap        ] GC(67) PSYoungGen: 19456K(82432K)->19424K(29184K) Eden: 9728K(9728K)->0K(9728K) From: 9728K(72704K)->19424K(19456K)
[2.815s][info][gc,heap        ] GC(67) ParOldGen: 414682K(465920K)->414682K(465920K)
[2.815s][info][gc,metaspace   ] GC(67) Metaspace: 6302K(6528K)->6302K(6528K) NonClass: 5769K(5888K)->5769K(5888K) Class: 533K(640K)->533K(640K)
[2.815s][info][gc             ] GC(67) Pause Young (Allocation Failure) 423M->423M(483M) 10.772ms
[2.815s][info][gc,cpu         ] GC(67) User=0.02s Sys=0.00s Real=0.01s
[2.824s][info][gc,start       ] GC(68) Pause Young (Allocation Failure)
[2.839s][info][gc,heap        ] GC(68) PSYoungGen: 29152K(29184K)->28256K(73728K) Eden: 9728K(9728K)->0K(10752K) From: 19424K(19456K)->28256K(62976K)
[2.839s][info][gc,heap        ] GC(68) ParOldGen: 414682K(465920K)->415602K(465920K)
[2.839s][info][gc,metaspace   ] GC(68) Metaspace: 6302K(6528K)->6302K(6528K) NonClass: 5769K(5888K)->5769K(5888K) Class: 533K(640K)->533K(640K)
[2.839s][info][gc             ] GC(68) Pause Young (Allocation Failure) 433M->433M(527M) 14.798ms
[2.839s][info][gc,cpu         ] GC(68) User=0.00s Sys=0.00s Real=0.01s
[2.850s][info][gc,start       ] GC(69) Pause Young (Allocation Failure)
[2.869s][info][gc,heap        ] GC(69) PSYoungGen: 39008K(73728K)->30272K(41472K) Eden: 10752K(10752K)->0K(10752K) From: 28256K(62976K)->30272K(30720K)
[2.869s][info][gc,heap        ] GC(69) ParOldGen: 415602K(465920K)->424434K(465920K)
[2.869s][info][gc,metaspace   ] GC(69) Metaspace: 6302K(6528K)->6302K(6528K) NonClass: 5769K(5888K)->5769K(5888K) Class: 533K(640K)->533K(640K)
[2.869s][info][gc             ] GC(69) Pause Young (Allocation Failure) 443M->444M(495M) 18.914ms
[2.869s][info][gc,cpu         ] GC(69) User=0.12s Sys=0.00s Real=0.02s
[2.880s][info][gc,start       ] GC(70) Pause Young (Allocation Failure)
[2.901s][info][gc,heap        ] GC(70) PSYoungGen: 41024K(41472K)->31296K(70656K) Eden: 10752K(10752K)->0K(12288K) From: 30272K(30720K)->31296K(58368K)
[2.901s][info][gc,heap        ] GC(70) ParOldGen: 424434K(465920K)->434290K(465920K)
[2.901s][info][gc,metaspace   ] GC(70) Metaspace: 6302K(6528K)->6302K(6528K) NonClass: 5769K(5888K)->5769K(5888K) Class: 533K(640K)->533K(640K)
[2.901s][info][gc             ] GC(70) Pause Young (Allocation Failure) 454M->454M(524M) 20.505ms
[2.901s][info][gc,cpu         ] GC(70) User=0.11s Sys=0.02s Real=0.02s
[2.914s][info][gc,start       ] GC(71) Pause Young (Allocation Failure)
[2.935s][info][gc,heap        ] GC(71) PSYoungGen: 43584K(70656K)->33856K(73216K) Eden: 12288K(12288K)->0K(12288K) From: 31296K(58368K)->33856K(60928K)
[2.935s][info][gc,heap        ] GC(71) ParOldGen: 434290K(465920K)->444138K(465920K)
[2.935s][info][gc,metaspace   ] GC(71) Metaspace: 6302K(6528K)->6302K(6528K) NonClass: 5769K(5888K)->5769K(5888K) Class: 533K(640K)->533K(640K)
[2.935s][info][gc             ] GC(71) Pause Young (Allocation Failure) 466M->466M(526M) 21.329ms
[2.935s][info][gc,cpu         ] GC(71) User=0.09s Sys=0.05s Real=0.02s
[2.949s][info][gc,start       ] GC(72) Pause Young (Allocation Failure)
[2.972s][info][gc,heap        ] GC(72) PSYoungGen: 46144K(73216K)->24672K(69632K) Eden: 12288K(12288K)->0K(14336K) From: 33856K(60928K)->24672K(55296K)
[2.972s][info][gc,heap        ] GC(72) ParOldGen: 444138K(465920K)->465906K(465920K)
[2.972s][info][gc,metaspace   ] GC(72) Metaspace: 6302K(6528K)->6302K(6528K) NonClass: 5769K(5888K)->5769K(5888K) Class: 533K(640K)->533K(640K)
[2.972s][info][gc             ] GC(72) Pause Young (Allocation Failure) 478M->479M(523M) 23.219ms
[2.972s][info][gc,cpu         ] GC(72) User=0.11s Sys=0.02s Real=0.02s
[2.972s][info][gc,start       ] GC(73) Pause Full (Ergonomics)
[2.972s][info][gc,phases,start] GC(73) Marking Phase
[3.078s][info][gc,phases      ] GC(73) Marking Phase 105.832ms
[3.078s][info][gc,phases,start] GC(73) Summary Phase
[3.078s][info][gc,phases      ] GC(73) Summary Phase 0.020ms
[3.078s][info][gc,phases,start] GC(73) Adjust Roots
[3.079s][info][gc,phases      ] GC(73) Adjust Roots 0.148ms
[3.079s][info][gc,phases,start] GC(73) Compaction Phase
[3.132s][info][gc,phases      ] GC(73) Compaction Phase 53.049ms
[3.132s][info][gc,phases,start] GC(73) Post Compact
[3.134s][info][gc,phases      ] GC(73) Post Compact 2.511ms
[3.134s][info][gc,heap        ] GC(73) PSYoungGen: 24672K(69632K)->23999K(71680K) Eden: 0K(14336K)->0K(16384K) From: 24672K(55296K)->23999K(55296K)
[3.134s][info][gc,heap        ] GC(73) ParOldGen: 465906K(465920K)->465519K(523776K)
[3.135s][info][gc,metaspace   ] GC(73) Metaspace: 6302K(6528K)->6302K(6528K) NonClass: 5769K(5888K)->5769K(5888K) Class: 533K(640K)->533K(640K)
[3.135s][info][gc             ] GC(73) Pause Full (Ergonomics) 479M->478M(581M) 162.106ms
[3.135s][info][gc,cpu         ] GC(73) User=1.05s Sys=0.00s Real=0.16s
[3.152s][info][gc,start       ] GC(74) Pause Young (Allocation Failure)
[3.194s][info][gc,heap        ] GC(74) PSYoungGen: 40383K(71680K)->16480K(73728K) Eden: 16384K(16384K)->0K(16384K) From: 23999K(55296K)->16480K(57344K)
[3.194s][info][gc,heap        ] GC(74) ParOldGen: 465519K(523776K)->489879K(523776K)
[3.194s][info][gc,metaspace   ] GC(74) Metaspace: 6302K(6528K)->6302K(6528K) NonClass: 5769K(5888K)->5769K(5888K) Class: 533K(640K)->533K(640K)
[3.194s][info][gc             ] GC(74) Pause Young (Allocation Failure) 494M->494M(583M) 42.185ms
[3.194s][info][gc,cpu         ] GC(74) User=0.14s Sys=0.00s Real=0.04s
[3.212s][info][gc,start       ] GC(75) Pause Young (Allocation Failure)
[3.230s][info][gc,heap        ] GC(75) PSYoungGen: 32864K(73728K)->16512K(74240K) Eden: 16384K(16384K)->0K(18432K) From: 16480K(57344K)->16512K(55808K)
[3.230s][info][gc,heap        ] GC(75) ParOldGen: 489879K(523776K)->506471K(523776K)
[3.230s][info][gc,metaspace   ] GC(75) Metaspace: 6302K(6528K)->6302K(6528K) NonClass: 5769K(5888K)->5769K(5888K) Class: 533K(640K)->533K(640K)
[3.230s][info][gc             ] GC(75) Pause Young (Allocation Failure) 510M->510M(584M) 18.177ms
[3.230s][info][gc,cpu         ] GC(75) User=0.14s Sys=0.00s Real=0.02s
[3.230s][info][gc,start       ] GC(76) Pause Full (Ergonomics)
[3.230s][info][gc,phases,start] GC(76) Marking Phase
[3.343s][info][gc,phases      ] GC(76) Marking Phase 112.378ms
[3.343s][info][gc,phases,start] GC(76) Summary Phase
[3.343s][info][gc,phases      ] GC(76) Summary Phase 0.023ms
[3.343s][info][gc,phases,start] GC(76) Adjust Roots
[3.343s][info][gc,phases      ] GC(76) Adjust Roots 0.152ms
[3.343s][info][gc,phases,start] GC(76) Compaction Phase
[3.389s][info][gc,phases      ] GC(76) Compaction Phase 46.148ms
[3.389s][info][gc,phases,start] GC(76) Post Compact
[3.392s][info][gc,phases      ] GC(76) Post Compact 2.573ms
[3.392s][info][gc,heap        ] GC(76) PSYoungGen: 16512K(74240K)->0K(74752K) Eden: 0K(18432K)->0K(18432K) From: 16512K(55808K)->0K(56320K)
[3.392s][info][gc,heap        ] GC(76) ParOldGen: 506471K(523776K)->522224K(589312K)
[3.392s][info][gc,metaspace   ] GC(76) Metaspace: 6302K(6528K)->6302K(6528K) NonClass: 5769K(5888K)->5769K(5888K) Class: 533K(640K)->533K(640K)
[3.392s][info][gc             ] GC(76) Pause Full (Ergonomics) 510M->509M(648M) 161.814ms
[3.392s][info][gc,cpu         ] GC(76) User=0.98s Sys=0.02s Real=0.16s
[3.412s][info][gc,start       ] GC(77) Pause Young (Allocation Failure)
[3.423s][info][gc,heap        ] GC(77) PSYoungGen: 18432K(74752K)->18592K(73728K) Eden: 18432K(18432K)->0K(20480K) From: 0K(56320K)->18592K(53248K)
[3.423s][info][gc,heap        ] GC(77) ParOldGen: 522224K(589312K)->522224K(589312K)
[3.423s][info][gc,metaspace   ] GC(77) Metaspace: 6302K(6528K)->6302K(6528K) NonClass: 5769K(5888K)->5769K(5888K) Class: 533K(640K)->533K(640K)
[3.423s][info][gc             ] GC(77) Pause Young (Allocation Failure) 527M->528M(647M) 11.040ms
[3.423s][info][gc,cpu         ] GC(77) User=0.02s Sys=0.00s Real=0.01s
[3.448s][info][gc,start       ] GC(78) Pause Young (Allocation Failure)
[3.469s][info][gc,heap        ] GC(78) PSYoungGen: 39072K(73728K)->39072K(75264K) Eden: 20480K(20480K)->0K(20480K) From: 18592K(53248K)->39072K(54784K)
[3.469s][info][gc,heap        ] GC(78) ParOldGen: 522224K(589312K)->522224K(589312K)
[3.469s][info][gc,metaspace   ] GC(78) Metaspace: 6302K(6528K)->6302K(6528K) NonClass: 5769K(5888K)->5769K(5888K) Class: 533K(640K)->533K(640K)
[3.469s][info][gc             ] GC(78) Pause Young (Allocation Failure) 548M->548M(649M) 21.188ms
[3.469s][info][gc,cpu         ] GC(78) User=0.11s Sys=0.00s Real=0.02s
[3.492s][info][gc,start       ] GC(79) Pause Young (Allocation Failure)
[3.522s][info][gc,heap        ] GC(79) PSYoungGen: 59552K(75264K)->56832K(70656K) Eden: 20480K(20480K)->0K(13824K) From: 39072K(54784K)->56832K(56832K)
[3.522s][info][gc,heap        ] GC(79) ParOldGen: 522224K(589312K)->524872K(589312K)
[3.522s][info][gc,metaspace   ] GC(79) Metaspace: 6302K(6528K)->6302K(6528K) NonClass: 5769K(5888K)->5769K(5888K) Class: 533K(640K)->533K(640K)
[3.522s][info][gc             ] GC(79) Pause Young (Allocation Failure) 568M->568M(644M) 29.398ms
[3.522s][info][gc,cpu         ] GC(79) User=0.14s Sys=0.00s Real=0.03s
[3.536s][info][gc,start       ] GC(80) Pause Young (Allocation Failure)
[3.572s][info][gc,heap        ] GC(80) PSYoungGen: 70656K(70656K)->33312K(47616K) Eden: 13824K(13824K)->0K(13824K) From: 56832K(56832K)->33312K(33792K)
[3.572s][info][gc,heap        ] GC(80) ParOldGen: 524872K(589312K)->562808K(589312K)
[3.572s][info][gc,metaspace   ] GC(80) Metaspace: 6302K(6528K)->6302K(6528K) NonClass: 5769K(5888K)->5769K(5888K) Class: 533K(640K)->533K(640K)
[3.572s][info][gc             ] GC(80) Pause Young (Allocation Failure) 581M->582M(622M) 35.441ms
[3.572s][info][gc,cpu         ] GC(80) User=0.23s Sys=0.02s Real=0.04s
[3.572s][info][gc,start       ] GC(81) Pause Full (Ergonomics)
[3.572s][info][gc,phases,start] GC(81) Marking Phase
[3.701s][info][gc,phases      ] GC(81) Marking Phase 129.512ms
[3.701s][info][gc,phases,start] GC(81) Summary Phase
[3.702s][info][gc,phases      ] GC(81) Summary Phase 0.028ms
[3.702s][info][gc,phases,start] GC(81) Adjust Roots
[3.702s][info][gc,phases      ] GC(81) Adjust Roots 0.148ms
[3.702s][info][gc,phases,start] GC(81) Compaction Phase
[3.751s][info][gc,phases      ] GC(81) Compaction Phase 49.127ms
[3.751s][info][gc,phases,start] GC(81) Post Compact
[3.752s][info][gc,phases      ] GC(81) Post Compact 0.973ms
[3.752s][info][gc,heap        ] GC(81) PSYoungGen: 33312K(47616K)->6031K(47616K) Eden: 0K(13824K)->0K(13824K) From: 33312K(33792K)->6031K(33792K)
[3.752s][info][gc,heap        ] GC(81) ParOldGen: 562808K(589312K)->589281K(667136K)
[3.752s][info][gc,metaspace   ] GC(81) Metaspace: 6302K(6528K)->6302K(6528K) NonClass: 5769K(5888K)->5769K(5888K) Class: 533K(640K)->533K(640K)
[3.752s][info][gc             ] GC(81) Pause Full (Ergonomics) 582M->581M(698M) 180.318ms
[3.752s][info][gc,cpu         ] GC(81) User=1.39s Sys=0.02s Real=0.18s
[3.770s][info][gc,start       ] GC(82) Pause Young (Allocation Failure)
[3.806s][info][gc,heap        ] GC(82) PSYoungGen: 19855K(47616K)->16864K(76800K) Eden: 13824K(13824K)->0K(15360K) From: 6031K(33792K)->16864K(61440K)
[3.806s][info][gc,heap        ] GC(82) ParOldGen: 589281K(667136K)->592505K(667136K)
[3.806s][info][gc,metaspace   ] GC(82) Metaspace: 6302K(6528K)->6302K(6528K) NonClass: 5769K(5888K)->5769K(5888K) Class: 533K(640K)->533K(640K)
[3.806s][info][gc             ] GC(82) Pause Young (Allocation Failure) 594M->595M(726M) 35.390ms
[3.806s][info][gc,cpu         ] GC(82) User=0.16s Sys=0.00s Real=0.04s
[3.824s][info][gc,start       ] GC(83) Pause Young (Allocation Failure)
[3.843s][info][gc,heap        ] GC(83) PSYoungGen: 32224K(76800K)->32192K(47616K) Eden: 15360K(15360K)->0K(15360K) From: 16864K(61440K)->32192K(32256K)
[3.843s][info][gc,heap        ] GC(83) ParOldGen: 592505K(667136K)->592505K(667136K)
[3.843s][info][gc,metaspace   ] GC(83) Metaspace: 6302K(6528K)->6302K(6528K) NonClass: 5769K(5888K)->5769K(5888K) Class: 533K(640K)->533K(640K)
[3.843s][info][gc             ] GC(83) Pause Young (Allocation Failure) 610M->610M(698M) 18.907ms
[3.843s][info][gc,cpu         ] GC(83) User=0.02s Sys=0.00s Real=0.02s
[3.861s][info][gc,start       ] GC(84) Pause Young (Allocation Failure)
[3.890s][info][gc,heap        ] GC(84) PSYoungGen: 47552K(47616K)->47616K(73216K) Eden: 15360K(15360K)->0K(13312K) From: 32192K(32256K)->47616K(59904K)
[3.890s][info][gc,heap        ] GC(84) ParOldGen: 592505K(667136K)->592505K(667136K)
[3.890s][info][gc,metaspace   ] GC(84) Metaspace: 6302K(6528K)->6302K(6528K) NonClass: 5769K(5888K)->5769K(5888K) Class: 533K(640K)->533K(640K)
[3.890s][info][gc             ] GC(84) Pause Young (Allocation Failure) 625M->625M(723M) 28.536ms
[3.890s][info][gc,cpu         ] GC(84) User=0.11s Sys=0.00s Real=0.03s
[3.906s][info][gc,start       ] GC(85) Pause Young (Allocation Failure)
[3.938s][info][gc,heap        ] GC(85) PSYoungGen: 60928K(73216K)->58016K(76800K) Eden: 13312K(13312K)->0K(13312K) From: 47616K(59904K)->58016K(63488K)
[3.938s][info][gc,heap        ] GC(85) ParOldGen: 592505K(667136K)->595457K(667136K)
[3.938s][info][gc,metaspace   ] GC(85) Metaspace: 6302K(6528K)->6302K(6528K) NonClass: 5769K(5888K)->5769K(5888K) Class: 533K(640K)->533K(640K)
[3.939s][info][gc             ] GC(85) Pause Young (Allocation Failure) 638M->638M(726M) 32.248ms
[3.939s][info][gc,cpu         ] GC(85) User=0.12s Sys=0.00s Real=0.03s
[3.954s][info][gc,start       ] GC(86) Pause Young (Allocation Failure)
[3.991s][info][gc,heap        ] GC(86) PSYoungGen: 71328K(76800K)->57472K(80384K) Eden: 13312K(13312K)->0K(10240K) From: 58016K(63488K)->57472K(70144K)
[3.991s][info][gc,heap        ] GC(86) ParOldGen: 595457K(667136K)->609489K(667136K)
[3.991s][info][gc,metaspace   ] GC(86) Metaspace: 6302K(6528K)->6302K(6528K) NonClass: 5769K(5888K)->5769K(5888K) Class: 533K(640K)->533K(640K)
[3.991s][info][gc             ] GC(86) Pause Young (Allocation Failure) 651M->651M(730M) 37.390ms
[3.991s][info][gc,cpu         ] GC(86) User=0.23s Sys=0.02s Real=0.04s
[4.005s][info][gc,start       ] GC(87) Pause Young (Allocation Failure)
[4.040s][info][gc,heap        ] GC(87) PSYoungGen: 67712K(80384K)->36992K(47616K) Eden: 10240K(10240K)->0K(10240K) From: 57472K(70144K)->36992K(37376K)
[4.040s][info][gc,heap        ] GC(87) ParOldGen: 609489K(667136K)->640633K(667136K)
[4.040s][info][gc,metaspace   ] GC(87) Metaspace: 6302K(6528K)->6302K(6528K) NonClass: 5769K(5888K)->5769K(5888K) Class: 533K(640K)->533K(640K)
[4.040s][info][gc             ] GC(87) Pause Young (Allocation Failure) 661M->661M(698M) 35.540ms
[4.040s][info][gc,cpu         ] GC(87) User=0.16s Sys=0.02s Real=0.04s
[4.040s][info][gc,start       ] GC(88) Pause Full (Ergonomics)
[4.040s][info][gc,phases,start] GC(88) Marking Phase
[4.202s][info][gc,phases      ] GC(88) Marking Phase 161.727ms
[4.202s][info][gc,phases,start] GC(88) Summary Phase
[4.202s][info][gc,phases      ] GC(88) Summary Phase 0.030ms
[4.202s][info][gc,phases,start] GC(88) Adjust Roots
[4.202s][info][gc,phases      ] GC(88) Adjust Roots 0.258ms
[4.202s][info][gc,phases,start] GC(88) Compaction Phase
[4.264s][info][gc,phases      ] GC(88) Compaction Phase 61.800ms
[4.264s][info][gc,phases,start] GC(88) Post Compact
[4.265s][info][gc,phases      ] GC(88) Post Compact 1.100ms
[4.266s][info][gc,heap        ] GC(88) PSYoungGen: 36992K(47616K)->9690K(47616K) Eden: 0K(10240K)->0K(10240K) From: 36992K(37376K)->9690K(37376K)
[4.266s][info][gc,heap        ] GC(88) ParOldGen: 640633K(667136K)->666850K(750592K)
[4.266s][info][gc,metaspace   ] GC(88) Metaspace: 6302K(6528K)->6302K(6528K) NonClass: 5769K(5888K)->5769K(5888K) Class: 533K(640K)->533K(640K)
[4.266s][info][gc             ] GC(88) Pause Full (Ergonomics) 661M->660M(779M) 225.600ms
[4.266s][info][gc,cpu         ] GC(88) User=1.53s Sys=0.02s Real=0.22s
[4.279s][info][gc,start       ] GC(89) Pause Young (Allocation Failure)
[4.318s][info][gc,heap        ] GC(89) PSYoungGen: 19930K(47616K)->13152K(82432K) Eden: 10240K(10240K)->0K(11264K) From: 9690K(37376K)->13152K(71168K)
[4.318s][info][gc,heap        ] GC(89) ParOldGen: 666850K(750592K)->673930K(750592K)
[4.318s][info][gc,metaspace   ] GC(89) Metaspace: 6302K(6528K)->6302K(6528K) NonClass: 5769K(5888K)->5769K(5888K) Class: 533K(640K)->533K(640K)
[4.318s][info][gc             ] GC(89) Pause Young (Allocation Failure) 670M->670M(813M) 39.111ms
[4.318s][info][gc,cpu         ] GC(89) User=0.16s Sys=0.00s Real=0.04s
[4.332s][info][gc,start       ] GC(90) Pause Young (Allocation Failure)
[4.347s][info][gc,heap        ] GC(90) PSYoungGen: 24416K(82432K)->21600K(82944K) Eden: 11264K(11264K)->0K(11264K) From: 13152K(71168K)->21600K(71680K)
[4.347s][info][gc,heap        ] GC(90) ParOldGen: 673930K(750592K)->676738K(750592K)
[4.347s][info][gc,metaspace   ] GC(90) Metaspace: 6302K(6528K)->6302K(6528K) NonClass: 5769K(5888K)->5769K(5888K) Class: 533K(640K)->533K(640K)
[4.347s][info][gc             ] GC(90) Pause Young (Allocation Failure) 681M->681M(814M) 14.916ms
[4.347s][info][gc,cpu         ] GC(90) User=0.02s Sys=0.00s Real=0.02s
[4.487s][info][gc,start       ] GC(91) Pause Young (Allocation Failure)
[4.519s][info][gc,heap        ] GC(91) PSYoungGen: 32864K(82944K)->22624K(79872K) Eden: 11264K(11264K)->0K(12800K) From: 21600K(71680K)->22624K(67072K)
[4.519s][info][gc,heap        ] GC(91) ParOldGen: 709506K(750592K)->719890K(750592K)
[4.519s][info][gc,metaspace   ] GC(91) Metaspace: 6302K(6528K)->6302K(6528K) NonClass: 5769K(5888K)->5769K(5888K) Class: 533K(640K)->533K(640K)
[4.519s][info][gc             ] GC(91) Pause Young (Allocation Failure) 724M->725M(811M) 32.593ms
[4.519s][info][gc,cpu         ] GC(91) User=0.14s Sys=0.02s Real=0.03s
[4.519s][info][gc,start       ] GC(92) Pause Full (Ergonomics)
[4.519s][info][gc,phases,start] GC(92) Marking Phase
[4.683s][info][gc,phases      ] GC(92) Marking Phase 164.119ms
[4.683s][info][gc,phases,start] GC(92) Summary Phase
[4.683s][info][gc,phases      ] GC(92) Summary Phase 0.031ms
[4.683s][info][gc,phases,start] GC(92) Adjust Roots
[4.684s][info][gc,phases      ] GC(92) Adjust Roots 0.157ms
[4.684s][info][gc,phases,start] GC(92) Compaction Phase
[4.801s][info][gc,phases      ] GC(92) Compaction Phase 117.356ms
[4.801s][info][gc,phases,start] GC(92) Post Compact
[4.802s][info][gc,phases      ] GC(92) Post Compact 1.412ms
[4.803s][info][gc,heap        ] GC(92) PSYoungGen: 22624K(79872K)->0K(81408K) Eden: 0K(12800K)->0K(12800K) From: 22624K(67072K)->0K(68608K)
[4.803s][info][gc,heap        ] GC(92) ParOldGen: 719890K(750592K)->725600K(809984K)
[4.803s][info][gc,metaspace   ] GC(92) Metaspace: 6302K(6528K)->6302K(6528K) NonClass: 5769K(5888K)->5769K(5888K) Class: 533K(640K)->533K(640K)
[4.803s][info][gc             ] GC(92) Pause Full (Ergonomics) 725M->708M(870M) 283.591ms
[4.803s][info][gc,cpu         ] GC(92) User=1.89s Sys=0.00s Real=0.28s
[4.818s][info][gc,start       ] GC(93) Pause Young (Allocation Failure)
[4.831s][info][gc,heap        ] GC(93) PSYoungGen: 12800K(81408K)->12896K(80896K) Eden: 12800K(12800K)->0K(13824K) From: 0K(68608K)->12896K(67072K)
[4.831s][info][gc,heap        ] GC(93) ParOldGen: 725600K(809984K)->725600K(809984K)
[4.831s][info][gc,metaspace   ] GC(93) Metaspace: 6302K(6528K)->6302K(6528K) NonClass: 5769K(5888K)->5769K(5888K) Class: 533K(640K)->533K(640K)
[4.831s][info][gc             ] GC(93) Pause Young (Allocation Failure) 721M->721M(870M) 13.273ms
[4.831s][info][gc,cpu         ] GC(93) User=0.00s Sys=0.00s Real=0.01s
[4.847s][info][gc,start       ] GC(94) Pause Young (Allocation Failure)
[4.864s][info][gc,heap        ] GC(94) PSYoungGen: 26720K(80896K)->26752K(40960K) Eden: 13824K(13824K)->0K(13824K) From: 12896K(67072K)->26752K(27136K)
[4.864s][info][gc,heap        ] GC(94) ParOldGen: 725600K(809984K)->725600K(809984K)
[4.864s][info][gc,metaspace   ] GC(94) Metaspace: 6302K(6528K)->6302K(6528K) NonClass: 5769K(5888K)->5769K(5888K) Class: 533K(640K)->533K(640K)
[4.864s][info][gc             ] GC(94) Pause Young (Allocation Failure) 734M->734M(831M) 17.370ms
[4.864s][info][gc,cpu         ] GC(94) User=0.03s Sys=0.00s Real=0.02s
[4.878s][info][gc,start       ] GC(95) Pause Young (Allocation Failure)
[4.899s][info][gc,heap        ] GC(95) PSYoungGen: 40576K(40960K)->40576K(79872K) Eden: 13824K(13824K)->0K(14848K) From: 26752K(27136K)->40576K(65024K)
[4.899s][info][gc,heap        ] GC(95) ParOldGen: 725600K(809984K)->725600K(809984K)
[4.899s][info][gc,metaspace   ] GC(95) Metaspace: 6302K(6528K)->6302K(6528K) NonClass: 5769K(5888K)->5769K(5888K) Class: 533K(640K)->533K(640K)
[4.899s][info][gc             ] GC(95) Pause Young (Allocation Failure) 748M->748M(869M) 21.262ms
[4.899s][info][gc,cpu         ] GC(95) User=0.03s Sys=0.00s Real=0.02s
[4.915s][info][gc,start       ] GC(96) Pause Young (Allocation Failure)
[4.940s][info][gc,heap        ] GC(96) PSYoungGen: 55424K(79872K)->55456K(80384K) Eden: 14848K(14848K)->0K(14848K) From: 40576K(65024K)->55456K(65536K)
[4.940s][info][gc,heap        ] GC(96) ParOldGen: 725600K(809984K)->725600K(809984K)
[4.940s][info][gc,metaspace   ] GC(96) Metaspace: 6302K(6528K)->6302K(6528K) NonClass: 5769K(5888K)->5769K(5888K) Class: 533K(640K)->533K(640K)
[4.941s][info][gc             ] GC(96) Pause Young (Allocation Failure) 762M->762M(869M) 25.994ms
[4.941s][info][gc,cpu         ] GC(96) User=0.05s Sys=0.00s Real=0.03s
[4.956s][info][gc,start       ] GC(97) Pause Young (Allocation Failure)
[4.988s][info][gc,heap        ] GC(97) PSYoungGen: 70304K(80384K)->70304K(77824K) Eden: 14848K(14848K)->0K(6656K) From: 55456K(65536K)->70304K(71168K)
[4.988s][info][gc,heap        ] GC(97) ParOldGen: 725600K(809984K)->725600K(809984K)
[4.988s][info][gc,metaspace   ] GC(97) Metaspace: 6302K(6528K)->6302K(6528K) NonClass: 5769K(5888K)->5769K(5888K) Class: 533K(640K)->533K(640K)
[4.988s][info][gc             ] GC(97) Pause Young (Allocation Failure) 777M->777M(867M) 32.065ms
[4.988s][info][gc,cpu         ] GC(97) User=0.14s Sys=0.00s Real=0.03s
[4.994s][info][gc,start       ] GC(98) Pause Young (Allocation Failure)
[5.028s][info][gc,heap        ] GC(98) PSYoungGen: 76960K(77824K)->76896K(87552K) Eden: 6656K(6656K)->0K(6656K) From: 70304K(71168K)->76896K(80896K)
[5.028s][info][gc,heap        ] GC(98) ParOldGen: 725600K(809984K)->725600K(809984K)
[5.028s][info][gc,metaspace   ] GC(98) Metaspace: 6302K(6528K)->6302K(6528K) NonClass: 5769K(5888K)->5769K(5888K) Class: 533K(640K)->533K(640K)
[5.028s][info][gc             ] GC(98) Pause Young (Allocation Failure) 783M->783M(876M) 33.588ms
[5.028s][info][gc,cpu         ] GC(98) User=0.25s Sys=0.00s Real=0.03s
[5.035s][info][gc,start       ] GC(99) Pause Young (Allocation Failure)
[5.072s][info][gc,heap        ] GC(99) PSYoungGen: 83552K(87552K)->56896K(97792K) Eden: 6656K(6656K)->0K(6656K) From: 76896K(80896K)->56896K(91136K)
[5.072s][info][gc,heap        ] GC(99) ParOldGen: 725600K(809984K)->752552K(809984K)
[5.072s][info][gc,metaspace   ] GC(99) Metaspace: 6302K(6528K)->6302K(6528K) NonClass: 5769K(5888K)->5769K(5888K) Class: 533K(640K)->533K(640K)
[5.072s][info][gc             ] GC(99) Pause Young (Allocation Failure) 790M->790M(886M) 37.311ms
[5.072s][info][gc,cpu         ] GC(99) User=0.23s Sys=0.00s Real=0.04s
[5.079s][info][gc,start       ] GC(100) Pause Young (Allocation Failure)
[5.108s][info][gc,heap        ] GC(100) PSYoungGen: 63552K(97792K)->34912K(41984K) Eden: 6656K(6656K)->0K(6656K) From: 56896K(91136K)->34912K(35328K)
[5.109s][info][gc,heap        ] GC(100) ParOldGen: 752552K(809984K)->781576K(809984K)
[5.109s][info][gc,metaspace   ] GC(100) Metaspace: 6302K(6528K)->6302K(6528K) NonClass: 5769K(5888K)->5769K(5888K) Class: 533K(640K)->533K(640K)
[5.109s][info][gc             ] GC(100) Pause Young (Allocation Failure) 796M->797M(832M) 29.546ms
[5.109s][info][gc,cpu         ] GC(100) User=0.14s Sys=0.00s Real=0.03s
[5.109s][info][gc,start       ] GC(101) Pause Full (Ergonomics)
[5.109s][info][gc,phases,start] GC(101) Marking Phase
[5.285s][info][gc,phases      ] GC(101) Marking Phase 176.067ms
[5.285s][info][gc,phases,start] GC(101) Summary Phase
[5.285s][info][gc,phases      ] GC(101) Summary Phase 0.031ms
[5.285s][info][gc,phases,start] GC(101) Adjust Roots
[5.285s][info][gc,phases      ] GC(101) Adjust Roots 0.157ms
[5.285s][info][gc,phases,start] GC(101) Compaction Phase
[5.365s][info][gc,phases      ] GC(101) Compaction Phase 79.694ms
[5.365s][info][gc,phases,start] GC(101) Post Compact
[5.366s][info][gc,phases      ] GC(101) Post Compact 1.491ms
[5.367s][info][gc,heap        ] GC(101) PSYoungGen: 34912K(41984K)->5565K(41984K) Eden: 0K(6656K)->0K(6656K) From: 34912K(35328K)->5565K(35328K)
[5.367s][info][gc,heap        ] GC(101) ParOldGen: 781576K(809984K)->809881K(906752K)
[5.367s][info][gc,metaspace   ] GC(101) Metaspace: 6302K(6528K)->6302K(6528K) NonClass: 5769K(5888K)->5769K(5888K) Class: 533K(640K)->533K(640K)
[5.367s][info][gc             ] GC(101) Pause Full (Ergonomics) 797M->796M(926M) 258.102ms
[5.367s][info][gc,cpu         ] GC(101) User=1.67s Sys=0.00s Real=0.26s
[5.376s][info][gc,start       ] GC(102) Pause Young (Allocation Failure)
[5.418s][info][gc,heap        ] GC(102) PSYoungGen: 12221K(41984K)->9664K(95744K) Eden: 6656K(6656K)->0K(7168K) From: 5565K(35328K)->9664K(88576K)
[5.418s][info][gc,heap        ] GC(102) ParOldGen: 809881K(906752K)->812617K(906752K)
[5.418s][info][gc,metaspace   ] GC(102) Metaspace: 6302K(6528K)->6302K(6528K) NonClass: 5769K(5888K)->5769K(5888K) Class: 533K(640K)->533K(640K)
[5.418s][info][gc             ] GC(102) Pause Young (Allocation Failure) 802M->803M(979M) 42.069ms
[5.418s][info][gc,cpu         ] GC(102) User=0.22s Sys=0.00s Real=0.04s
[5.425s][info][gc,start       ] GC(103) Pause Young (Allocation Failure)
[5.438s][info][gc,heap        ] GC(103) PSYoungGen: 16832K(95744K)->13984K(96768K) Eden: 7168K(7168K)->0K(7168K) From: 9664K(88576K)->13984K(89600K)
[5.438s][info][gc,heap        ] GC(103) ParOldGen: 812617K(906752K)->815593K(906752K)
[5.438s][info][gc,metaspace   ] GC(103) Metaspace: 6302K(6528K)->6302K(6528K) NonClass: 5769K(5888K)->5769K(5888K) Class: 533K(640K)->533K(640K)
[5.438s][info][gc             ] GC(103) Pause Young (Allocation Failure) 810M->810M(980M) 12.681ms
[5.438s][info][gc,cpu         ] GC(103) User=0.02s Sys=0.00s Real=0.01s
[5.446s][info][gc,start       ] GC(104) Pause Young (Allocation Failure)
[5.460s][info][gc,heap        ] GC(104) PSYoungGen: 21152K(96768K)->7296K(95744K) Eden: 7168K(7168K)->0K(8192K) From: 13984K(89600K)->7296K(87552K)
[5.460s][info][gc,heap        ] GC(104) ParOldGen: 815593K(906752K)->829577K(906752K)
[5.460s][info][gc,metaspace   ] GC(104) Metaspace: 6302K(6528K)->6302K(6528K) NonClass: 5769K(5888K)->5769K(5888K) Class: 533K(640K)->533K(640K)
[5.460s][info][gc             ] GC(104) Pause Young (Allocation Failure) 817M->817M(979M) 14.470ms
[5.460s][info][gc,cpu         ] GC(104) User=0.02s Sys=0.00s Real=0.01s
[5.469s][info][gc,start       ] GC(105) Pause Young (Allocation Failure)
[5.482s][info][gc,heap        ] GC(105) PSYoungGen: 15488K(95744K)->8288K(96256K) Eden: 8192K(8192K)->0K(8192K) From: 7296K(87552K)->8288K(88064K)
[5.482s][info][gc,heap        ] GC(105) ParOldGen: 829577K(906752K)->836841K(906752K)
[5.482s][info][gc,metaspace   ] GC(105) Metaspace: 6302K(6528K)->6302K(6528K) NonClass: 5769K(5888K)->5769K(5888K) Class: 533K(640K)->533K(640K)
[5.482s][info][gc             ] GC(105) Pause Young (Allocation Failure) 825M->825M(979M) 13.114ms
[5.482s][info][gc,cpu         ] GC(105) User=0.00s Sys=0.00s Real=0.01s
[5.491s][info][gc,start       ] GC(106) Pause Young (Allocation Failure)
[5.506s][info][gc,heap        ] GC(106) PSYoungGen: 16480K(96256K)->8288K(92672K) Eden: 8192K(8192K)->0K(9728K) From: 8288K(88064K)->8288K(82944K)
[5.506s][info][gc,heap        ] GC(106) ParOldGen: 836841K(906752K)->845153K(906752K)
[5.506s][info][gc,metaspace   ] GC(106) Metaspace: 6302K(6528K)->6302K(6528K) NonClass: 5769K(5888K)->5769K(5888K) Class: 533K(640K)->533K(640K)
[5.506s][info][gc             ] GC(106) Pause Young (Allocation Failure) 833M->833M(976M) 14.896ms
[5.506s][info][gc,cpu         ] GC(106) User=0.02s Sys=0.00s Real=0.02s
[5.516s][info][gc,start       ] GC(107) Pause Young (Allocation Failure)
[5.530s][info][gc,heap        ] GC(107) PSYoungGen: 18016K(92672K)->9824K(19968K) Eden: 9728K(9728K)->0K(9728K) From: 8288K(82944K)->9824K(10240K)
[5.530s][info][gc,heap        ] GC(107) ParOldGen: 845153K(906752K)->853465K(906752K)
[5.530s][info][gc,metaspace   ] GC(107) Metaspace: 6302K(6528K)->6302K(6528K) NonClass: 5769K(5888K)->5769K(5888K) Class: 533K(640K)->533K(640K)
[5.530s][info][gc             ] GC(107) Pause Young (Allocation Failure) 842M->843M(905M) 14.180ms
[5.530s][info][gc,cpu         ] GC(107) User=0.00s Sys=0.00s Real=0.01s
[5.540s][info][gc,start       ] GC(108) Pause Young (Allocation Failure)
[5.556s][info][gc,heap        ] GC(108) PSYoungGen: 19552K(19968K)->9856K(88064K) Eden: 9728K(9728K)->0K(11264K) From: 9824K(10240K)->9856K(76800K)
[5.556s][info][gc,heap        ] GC(108) ParOldGen: 853465K(906752K)->863337K(906752K)
[5.556s][info][gc,metaspace   ] GC(108) Metaspace: 6302K(6528K)->6302K(6528K) NonClass: 5769K(5888K)->5769K(5888K) Class: 533K(640K)->533K(640K)
[5.556s][info][gc             ] GC(108) Pause Young (Allocation Failure) 852M->852M(971M) 16.013ms
[5.556s][info][gc,cpu         ] GC(108) User=0.02s Sys=0.00s Real=0.01s
[5.569s][info][gc,start       ] GC(109) Pause Young (Allocation Failure)
[5.584s][info][gc,heap        ] GC(109) PSYoungGen: 21120K(88064K)->11360K(23040K) Eden: 11264K(11264K)->0K(11264K) From: 9856K(76800K)->11360K(11776K)
[5.584s][info][gc,heap        ] GC(109) ParOldGen: 863337K(906752K)->873193K(906752K)
[5.584s][info][gc,metaspace   ] GC(109) Metaspace: 6302K(6528K)->6302K(6528K) NonClass: 5769K(5888K)->5769K(5888K) Class: 533K(640K)->533K(640K)
[5.584s][info][gc             ] GC(109) Pause Young (Allocation Failure) 863M->863M(908M) 15.239ms
[5.584s][info][gc,cpu         ] GC(109) User=0.02s Sys=0.00s Real=0.02s
[5.596s][info][gc,start       ] GC(110) Pause Young (Allocation Failure)
[5.611s][info][gc,heap        ] GC(110) PSYoungGen: 22624K(23040K)->11328K(83456K) Eden: 11264K(11264K)->0K(12800K) From: 11360K(11776K)->11328K(70656K)
[5.611s][info][gc,heap        ] GC(110) ParOldGen: 873193K(906752K)->884609K(906752K)
[5.611s][info][gc,metaspace   ] GC(110) Metaspace: 6302K(6528K)->6302K(6528K) NonClass: 5769K(5888K)->5769K(5888K) Class: 533K(640K)->533K(640K)
[5.611s][info][gc             ] GC(110) Pause Young (Allocation Failure) 874M->874M(967M) 15.038ms
[5.611s][info][gc,cpu         ] GC(110) User=0.02s Sys=0.00s Real=0.02s
[5.611s][info][gc,start       ] GC(111) Pause Full (Ergonomics)
[5.611s][info][gc,phases,start] GC(111) Marking Phase
[5.815s][info][gc,phases      ] GC(111) Marking Phase 204.776ms
[5.816s][info][gc,phases,start] GC(111) Summary Phase
[5.816s][info][gc,phases      ] GC(111) Summary Phase 0.031ms
[5.816s][info][gc,phases,start] GC(111) Adjust Roots
[5.816s][info][gc,phases      ] GC(111) Adjust Roots 0.157ms
[5.816s][info][gc,phases,start] GC(111) Compaction Phase
[5.898s][info][gc,phases      ] GC(111) Compaction Phase 82.065ms
[5.898s][info][gc,phases,start] GC(111) Post Compact
[5.900s][info][gc,phases      ] GC(111) Post Compact 2.228ms
[5.901s][info][gc,heap        ] GC(111) PSYoungGen: 11328K(83456K)->0K(86528K) Eden: 0K(12800K)->0K(12800K) From: 11328K(70656K)->0K(73728K)
[5.901s][info][gc,heap        ] GC(111) ParOldGen: 884609K(906752K)->894527K(983040K)
[5.901s][info][gc,metaspace   ] GC(111) Metaspace: 6302K(6528K)->6302K(6528K) NonClass: 5769K(5888K)->5769K(5888K) Class: 533K(640K)->533K(640K)
[5.901s][info][gc             ] GC(111) Pause Full (Ergonomics) 874M->873M(1044M) 289.991ms
[5.901s][info][gc,cpu         ] GC(111) User=1.92s Sys=0.02s Real=0.29s
[5.919s][info][gc,start       ] GC(112) Pause Young (Allocation Failure)
[5.931s][info][gc,heap        ] GC(112) PSYoungGen: 12800K(86528K)->12960K(80896K) Eden: 12800K(12800K)->0K(14336K) From: 0K(73728K)->12960K(66560K)
[5.931s][info][gc,heap        ] GC(112) ParOldGen: 894527K(983040K)->894527K(983040K)
[5.931s][info][gc,metaspace   ] GC(112) Metaspace: 6302K(6528K)->6302K(6528K) NonClass: 5769K(5888K)->5769K(5888K) Class: 533K(640K)->533K(640K)
[5.931s][info][gc             ] GC(112) Pause Young (Allocation Failure) 886M->886M(1039M) 12.382ms
[5.931s][info][gc,cpu         ] GC(112) User=0.00s Sys=0.00s Real=0.01s
[5.948s][info][gc,start       ] GC(113) Pause Young (Allocation Failure)
[5.965s][info][gc,heap        ] GC(113) PSYoungGen: 27296K(80896K)->27264K(41984K) Eden: 14336K(14336K)->0K(14336K) From: 12960K(66560K)->27264K(27648K)
[5.965s][info][gc,heap        ] GC(113) ParOldGen: 894527K(983040K)->894527K(983040K)
[5.965s][info][gc,metaspace   ] GC(113) Metaspace: 6302K(6528K)->6302K(6528K) NonClass: 5769K(5888K)->5769K(5888K) Class: 533K(640K)->533K(640K)
[5.965s][info][gc             ] GC(113) Pause Young (Allocation Failure) 900M->900M(1001M) 16.808ms
[5.965s][info][gc,cpu         ] GC(113) User=0.03s Sys=0.00s Real=0.02s
[5.981s][info][gc,start       ] GC(114) Pause Young (Allocation Failure)
[6.002s][info][gc,heap        ] GC(114) PSYoungGen: 41600K(41984K)->41600K(80896K) Eden: 14336K(14336K)->0K(13312K) From: 27264K(27648K)->41600K(67584K)
[6.002s][info][gc,heap        ] GC(114) ParOldGen: 894527K(983040K)->894527K(983040K)
[6.002s][info][gc,metaspace   ] GC(114) Metaspace: 6302K(6528K)->6302K(6528K) NonClass: 5769K(5888K)->5769K(5888K) Class: 533K(640K)->533K(640K)
[6.002s][info][gc             ] GC(114) Pause Young (Allocation Failure) 914M->914M(1039M) 21.179ms
[6.002s][info][gc,cpu         ] GC(114) User=0.12s Sys=0.00s Real=0.02s
[6.016s][info][gc,start       ] GC(115) Pause Young (Allocation Failure)
[6.044s][info][gc,heap        ] GC(115) PSYoungGen: 54912K(80896K)->42144K(83456K) Eden: 13312K(13312K)->0K(13312K) From: 41600K(67584K)->42144K(70144K)
[6.044s][info][gc,heap        ] GC(115) ParOldGen: 894527K(983040K)->907495K(983040K)
[6.044s][info][gc,metaspace   ] GC(115) Metaspace: 6302K(6528K)->6302K(6528K) NonClass: 5769K(5888K)->5769K(5888K) Class: 533K(640K)->533K(640K)
[6.044s][info][gc             ] GC(115) Pause Young (Allocation Failure) 927M->927M(1041M) 27.199ms
[6.044s][info][gc,cpu         ] GC(115) User=0.14s Sys=0.00s Real=0.03s
[6.060s][info][gc,start       ] GC(116) Pause Young (Allocation Failure)
[6.087s][info][gc,heap        ] GC(116) PSYoungGen: 55456K(83456K)->41088K(86528K) Eden: 13312K(13312K)->0K(14336K) From: 42144K(70144K)->41088K(72192K)
[6.087s][info][gc,heap        ] GC(116) ParOldGen: 907495K(983040K)->922031K(983040K)
[6.087s][info][gc,metaspace   ] GC(116) Metaspace: 6302K(6528K)->6302K(6528K) NonClass: 5769K(5888K)->5769K(5888K) Class: 533K(640K)->533K(640K)
[6.087s][info][gc             ] GC(116) Pause Young (Allocation Failure) 940M->940M(1044M) 27.400ms
[6.087s][info][gc,cpu         ] GC(116) User=0.11s Sys=0.00s Real=0.03s
[6.104s][info][gc,start       ] GC(117) Pause Young (Allocation Failure)
[6.131s][info][gc,heap        ] GC(117) PSYoungGen: 55424K(86528K)->41056K(87552K) Eden: 14336K(14336K)->0K(14336K) From: 41088K(72192K)->41056K(73216K)
[6.131s][info][gc,heap        ] GC(117) ParOldGen: 922031K(983040K)->936567K(983040K)
[6.131s][info][gc,metaspace   ] GC(117) Metaspace: 6302K(6528K)->6302K(6528K) NonClass: 5769K(5888K)->5769K(5888K) Class: 533K(640K)->533K(640K)
[6.131s][info][gc             ] GC(117) Pause Young (Allocation Failure) 954M->954M(1045M) 27.541ms
[6.131s][info][gc,cpu         ] GC(117) User=0.12s Sys=0.00s Real=0.03s
[6.147s][info][gc,start       ] GC(118) Pause Young (Allocation Failure)
[6.175s][info][gc,heap        ] GC(118) PSYoungGen: 55392K(87552K)->28768K(81920K) Eden: 14336K(14336K)->0K(16384K) From: 41056K(73216K)->28768K(65536K)
[6.175s][info][gc,heap        ] GC(118) ParOldGen: 936567K(983040K)->963519K(983040K)
[6.175s][info][gc,metaspace   ] GC(118) Metaspace: 6302K(6528K)->6302K(6528K) NonClass: 5769K(5888K)->5769K(5888K) Class: 533K(640K)->533K(640K)
[6.175s][info][gc             ] GC(118) Pause Young (Allocation Failure) 968M->969M(1040M) 28.128ms
[6.175s][info][gc,cpu         ] GC(118) User=0.12s Sys=0.02s Real=0.03s
[6.175s][info][gc,start       ] GC(119) Pause Full (Ergonomics)
[6.175s][info][gc,phases,start] GC(119) Marking Phase
[6.415s][info][gc,phases      ] GC(119) Marking Phase 240.043ms
[6.415s][info][gc,phases,start] GC(119) Summary Phase
[6.415s][info][gc,phases      ] GC(119) Summary Phase 0.031ms
[6.415s][info][gc,phases,start] GC(119) Adjust Roots
[6.415s][info][gc,phases      ] GC(119) Adjust Roots 0.244ms
[6.415s][info][gc,phases,start] GC(119) Compaction Phase
[6.509s][info][gc,phases      ] GC(119) Compaction Phase 94.103ms
[6.509s][info][gc,phases,start] GC(119) Post Compact
[6.511s][info][gc,phases      ] GC(119) Post Compact 1.780ms
[6.512s][info][gc,heap        ] GC(119) PSYoungGen: 28768K(81920K)->8177K(84480K) Eden: 0K(16384K)->0K(18944K) From: 28768K(65536K)->8177K(65536K)
[6.512s][info][gc,heap        ] GC(119) ParOldGen: 963519K(983040K)->982900K(1083904K)
[6.512s][info][gc,metaspace   ] GC(119) Metaspace: 6302K(6528K)->6302K(6528K) NonClass: 5769K(5888K)->5769K(5888K) Class: 533K(640K)->533K(640K)
[6.512s][info][gc             ] GC(119) Pause Full (Ergonomics) 969M->967M(1141M) 336.930ms
[6.512s][info][gc,cpu         ] GC(119) User=2.22s Sys=0.00s Real=0.34s
[6.533s][info][gc,start       ] GC(120) Pause Young (Allocation Failure)
[6.595s][info][gc,heap        ] GC(120) PSYoungGen: 27121K(84480K)->19072K(38400K) Eden: 18944K(18944K)->0K(18944K) From: 8177K(65536K)->19072K(19456K)
[6.595s][info][gc,heap        ] GC(120) ParOldGen: 982900K(1083904K)->991220K(1083904K)
[6.595s][info][gc,metaspace   ] GC(120) Metaspace: 6302K(6528K)->6302K(6528K) NonClass: 5769K(5888K)->5769K(5888K) Class: 533K(640K)->533K(640K)
[6.595s][info][gc             ] GC(120) Pause Young (Allocation Failure) 986M->986M(1096M) 61.370ms
[6.595s][info][gc,cpu         ] GC(120) User=0.25s Sys=0.00s Real=0.06s
[6.617s][info][gc,start       ] GC(121) Pause Young (Allocation Failure)
[6.640s][info][gc,heap        ] GC(121) PSYoungGen: 38016K(38400K)->19104K(82944K) Eden: 18944K(18944K)->0K(20992K) From: 19072K(19456K)->19104K(61952K)
[6.640s][info][gc,heap        ] GC(121) ParOldGen: 991220K(1083904K)->1010428K(1083904K)
[6.640s][info][gc,metaspace   ] GC(121) Metaspace: 6302K(6528K)->6302K(6528K) NonClass: 5769K(5888K)->5769K(5888K) Class: 533K(640K)->533K(640K)
[6.640s][info][gc             ] GC(121) Pause Young (Allocation Failure) 1005M->1005M(1139M) 23.191ms
[6.640s][info][gc,cpu         ] GC(121) User=0.14s Sys=0.00s Real=0.02s
[6.662s][info][gc,start       ] GC(122) Pause Young (Allocation Failure)
[6.687s][info][gc,heap        ] GC(122) PSYoungGen: 40096K(82944K)->21152K(85504K) Eden: 20992K(20992K)->0K(20992K) From: 19104K(61952K)->21152K(64512K)
[6.687s][info][gc,heap        ] GC(122) ParOldGen: 1010428K(1083904K)->1029652K(1083904K)
[6.687s][info][gc,metaspace   ] GC(122) Metaspace: 6302K(6528K)->6302K(6528K) NonClass: 5769K(5888K)->5769K(5888K) Class: 533K(640K)->533K(640K)
[6.687s][info][gc             ] GC(122) Pause Young (Allocation Failure) 1025M->1026M(1142M) 24.704ms
[6.687s][info][gc,cpu         ] GC(122) User=0.14s Sys=0.00s Real=0.02s
[6.712s][info][gc,start       ] GC(123) Pause Young (Allocation Failure)
[6.737s][info][gc,heap        ] GC(123) PSYoungGen: 42144K(85504K)->21120K(80384K) Eden: 20992K(20992K)->0K(23552K) From: 21152K(64512K)->21120K(56832K)
[6.737s][info][gc,heap        ] GC(123) ParOldGen: 1029652K(1083904K)->1050940K(1083904K)
[6.737s][info][gc,metaspace   ] GC(123) Metaspace: 6302K(6528K)->6302K(6528K) NonClass: 5769K(5888K)->5769K(5888K) Class: 533K(640K)->533K(640K)
[6.737s][info][gc             ] GC(123) Pause Young (Allocation Failure) 1046M->1046M(1137M) 25.265ms
[6.737s][info][gc,cpu         ] GC(123) User=0.14s Sys=0.00s Real=0.03s
[6.764s][info][gc,start       ] GC(124) Pause Young (Allocation Failure)
[6.790s][info][gc,heap        ] GC(124) PSYoungGen: 44672K(80384K)->23648K(47616K) Eden: 23552K(23552K)->0K(23552K) From: 21120K(56832K)->23648K(24064K)
[6.790s][info][gc,heap        ] GC(124) ParOldGen: 1050940K(1083904K)->1072204K(1083904K)
[6.790s][info][gc,metaspace   ] GC(124) Metaspace: 6302K(6528K)->6302K(6528K) NonClass: 5769K(5888K)->5769K(5888K) Class: 533K(640K)->533K(640K)
[6.790s][info][gc             ] GC(124) Pause Young (Allocation Failure) 1069M->1070M(1105M) 26.238ms
[6.790s][info][gc,cpu         ] GC(124) User=0.12s Sys=0.00s Real=0.03s
[6.790s][info][gc,start       ] GC(125) Pause Full (Ergonomics)
[6.790s][info][gc,phases,start] GC(125) Marking Phase
[7.033s][info][gc,phases      ] GC(125) Marking Phase 242.787ms
[7.033s][info][gc,phases,start] GC(125) Summary Phase
[7.033s][info][gc,phases      ] GC(125) Summary Phase 0.025ms
[7.033s][info][gc,phases,start] GC(125) Adjust Roots
[7.033s][info][gc,phases      ] GC(125) Adjust Roots 0.156ms
[7.033s][info][gc,phases,start] GC(125) Compaction Phase
[7.139s][info][gc,phases      ] GC(125) Compaction Phase 105.794ms
[7.139s][info][gc,phases,start] GC(125) Post Compact
[7.141s][info][gc,phases      ] GC(125) Post Compact 2.021ms
[7.142s][info][gc,heap        ] GC(125) PSYoungGen: 23648K(47616K)->10747K(47616K) Eden: 0K(23552K)->0K(23552K) From: 23648K(24064K)->10747K(24064K)
[7.142s][info][gc,heap        ] GC(125) ParOldGen: 1072204K(1083904K)->1083603K(1196032K)
[7.142s][info][gc,metaspace   ] GC(125) Metaspace: 6302K(6528K)->6302K(6528K) NonClass: 5769K(5888K)->5769K(5888K) Class: 533K(640K)->533K(640K)
[7.142s][info][gc             ] GC(125) Pause Full (Ergonomics) 1070M->1068M(1214M) 351.635ms
[7.142s][info][gc,cpu         ] GC(125) User=2.58s Sys=0.00s Real=0.35s
[7.170s][info][gc,start       ] GC(126) Pause Young (Allocation Failure)
[7.241s][info][gc,heap        ] GC(126) PSYoungGen: 34299K(47616K)->23680K(76288K) Eden: 23552K(23552K)->0K(26112K) From: 10747K(24064K)->23680K(50176K)
[7.241s][info][gc,heap        ] GC(126) ParOldGen: 1083603K(1196032K)->1094547K(1196032K)
[7.241s][info][gc,metaspace   ] GC(126) Metaspace: 6302K(6528K)->6302K(6528K) NonClass: 5769K(5888K)->5769K(5888K) Class: 533K(640K)->533K(640K)
[7.241s][info][gc             ] GC(126) Pause Young (Allocation Failure) 1091M->1092M(1242M) 71.218ms
[7.241s][info][gc,cpu         ] GC(126) User=0.34s Sys=0.00s Real=0.07s
[7.270s][info][gc,start       ] GC(127) Pause Young (Allocation Failure)
[7.301s][info][gc,heap        ] GC(127) PSYoungGen: 49792K(76288K)->49824K(79360K) Eden: 26112K(26112K)->0K(26112K) From: 23680K(50176K)->49824K(53248K)
[7.301s][info][gc,heap        ] GC(127) ParOldGen: 1094547K(1196032K)->1094547K(1196032K)
[7.301s][info][gc,metaspace   ] GC(127) Metaspace: 6302K(6528K)->6302K(6528K) NonClass: 5769K(5888K)->5769K(5888K) Class: 533K(640K)->533K(640K)
[7.301s][info][gc             ] GC(127) Pause Young (Allocation Failure) 1117M->1117M(1245M) 30.651ms
[7.301s][info][gc,cpu         ] GC(127) User=0.12s Sys=0.00s Real=0.03s
[7.332s][info][gc,start       ] GC(128) Pause Young (Allocation Failure)
[7.374s][info][gc,heap        ] GC(128) PSYoungGen: 75936K(79360K)->59904K(74240K) Eden: 26112K(26112K)->0K(14336K) From: 49824K(53248K)->59904K(59904K)
[7.374s][info][gc,heap        ] GC(128) ParOldGen: 1094547K(1196032K)->1110691K(1196032K)
[7.374s][info][gc,metaspace   ] GC(128) Metaspace: 6302K(6528K)->6302K(6528K) NonClass: 5769K(5888K)->5769K(5888K) Class: 533K(640K)->533K(640K)
[7.374s][info][gc             ] GC(128) Pause Young (Allocation Failure) 1143M->1143M(1240M) 42.117ms
[7.375s][info][gc,cpu         ] GC(128) User=0.25s Sys=0.02s Real=0.04s
[7.392s][info][gc,start       ] GC(129) Pause Young (Allocation Failure)
[7.432s][info][gc,heap        ] GC(129) PSYoungGen: 74240K(74240K)->35040K(49664K) Eden: 14336K(14336K)->0K(14336K) From: 59904K(59904K)->35040K(35328K)
[7.432s][info][gc,heap        ] GC(129) ParOldGen: 1110691K(1196032K)->1150539K(1196032K)
[7.432s][info][gc,metaspace   ] GC(129) Metaspace: 6302K(6528K)->6302K(6528K) NonClass: 5769K(5888K)->5769K(5888K) Class: 533K(640K)->533K(640K)
[7.432s][info][gc             ] GC(129) Pause Young (Allocation Failure) 1157M->1157M(1216M) 40.023ms
[7.432s][info][gc,cpu         ] GC(129) User=0.22s Sys=0.03s Real=0.04s
[7.449s][info][gc,start       ] GC(130) Pause Young (Allocation Failure)
[7.478s][info][gc,heap        ] GC(130) PSYoungGen: 49376K(49664K)->28832K(81408K) Eden: 14336K(14336K)->0K(16384K) From: 35040K(35328K)->28832K(65024K)
[7.478s][info][gc,heap        ] GC(130) ParOldGen: 1150539K(1196032K)->1171411K(1196032K)
[7.478s][info][gc,metaspace   ] GC(130) Metaspace: 6302K(6528K)->6302K(6528K) NonClass: 5769K(5888K)->5769K(5888K) Class: 533K(640K)->533K(640K)
[7.478s][info][gc             ] GC(130) Pause Young (Allocation Failure) 1171M->1172M(1247M) 29.101ms
[7.478s][info][gc,cpu         ] GC(130) User=0.08s Sys=0.02s Real=0.03s
[7.478s][info][gc,start       ] GC(131) Pause Full (Ergonomics)
[7.478s][info][gc,phases,start] GC(131) Marking Phase
[7.770s][info][gc,phases      ] GC(131) Marking Phase 291.443ms
[7.770s][info][gc,phases,start] GC(131) Summary Phase
[7.770s][info][gc,phases      ] GC(131) Summary Phase 0.037ms
[7.770s][info][gc,phases,start] GC(131) Adjust Roots
[7.770s][info][gc,phases      ] GC(131) Adjust Roots 0.179ms
[7.770s][info][gc,phases,start] GC(131) Compaction Phase
[7.883s][info][gc,phases      ] GC(131) Compaction Phase 112.774ms
[7.883s][info][gc,phases,start] GC(131) Post Compact
[7.885s][info][gc,phases      ] GC(131) Post Compact 2.294ms
[7.886s][info][gc,heap        ] GC(131) PSYoungGen: 28832K(81408K)->3067K(83456K) Eden: 0K(16384K)->0K(18432K) From: 28832K(65024K)->3067K(65024K)
[7.886s][info][gc,heap        ] GC(131) ParOldGen: 1171411K(1196032K)->1195577K(1321472K)
[7.886s][info][gc,metaspace   ] GC(131) Metaspace: 6302K(6528K)->6302K(6528K) NonClass: 5769K(5888K)->5769K(5888K) Class: 533K(640K)->533K(640K)
[7.886s][info][gc             ] GC(131) Pause Full (Ergonomics) 1172M->1170M(1372M) 407.666ms
[7.886s][info][gc,cpu         ] GC(131) User=2.83s Sys=0.05s Real=0.41s
[7.910s][info][gc,start       ] GC(132) Pause Young (Allocation Failure)
[7.977s][info][gc,heap        ] GC(132) PSYoungGen: 21499K(83456K)->21184K(86528K) Eden: 18432K(18432K)->0K(18432K) From: 3067K(65024K)->21184K(68096K)
[7.977s][info][gc,heap        ] GC(132) ParOldGen: 1195577K(1321472K)->1196113K(1321472K)
[7.977s][info][gc,metaspace   ] GC(132) Metaspace: 6302K(6528K)->6302K(6528K) NonClass: 5769K(5888K)->5769K(5888K) Class: 533K(640K)->533K(640K)
[7.977s][info][gc             ] GC(132) Pause Young (Allocation Failure) 1188M->1188M(1375M) 67.024ms
[7.977s][info][gc,cpu         ] GC(132) User=0.34s Sys=0.00s Real=0.07s
[8.000s][info][gc,start       ] GC(133) Pause Young (Allocation Failure)
[8.026s][info][gc,heap        ] GC(133) PSYoungGen: 39616K(86528K)->39616K(86016K) Eden: 18432K(18432K)->0K(20480K) From: 21184K(68096K)->39616K(65536K)
[8.026s][info][gc,heap        ] GC(133) ParOldGen: 1196113K(1321472K)->1196113K(1321472K)
[8.026s][info][gc,metaspace   ] GC(133) Metaspace: 6302K(6528K)->6302K(6528K) NonClass: 5769K(5888K)->5769K(5888K) Class: 533K(640K)->533K(640K)
[8.026s][info][gc             ] GC(133) Pause Young (Allocation Failure) 1206M->1206M(1374M) 25.625ms
[8.026s][info][gc,cpu         ] GC(133) User=0.12s Sys=0.00s Real=0.03s
[8.050s][info][gc,start       ] GC(134) Pause Young (Allocation Failure)
[8.083s][info][gc,heap        ] GC(134) PSYoungGen: 60096K(86016K)->60128K(86528K) Eden: 20480K(20480K)->0K(20480K) From: 39616K(65536K)->60128K(66048K)
[8.083s][info][gc,heap        ] GC(134) ParOldGen: 1196113K(1321472K)->1196113K(1321472K)
[8.083s][info][gc,metaspace   ] GC(134) Metaspace: 6302K(6528K)->6302K(6528K) NonClass: 5769K(5888K)->5769K(5888K) Class: 533K(640K)->533K(640K)
[8.083s][info][gc             ] GC(134) Pause Young (Allocation Failure) 1226M->1226M(1375M) 32.753ms
[8.083s][info][gc,cpu         ] GC(134) User=0.16s Sys=0.00s Real=0.03s
[8.107s][info][gc,start       ] GC(135) Pause Young (Allocation Failure)
[8.149s][info][gc,heap        ] GC(135) PSYoungGen: 80608K(86528K)->73216K(82944K) Eden: 20480K(20480K)->0K(9728K) From: 60128K(66048K)->73216K(73216K)
[8.149s][info][gc,heap        ] GC(135) ParOldGen: 1196113K(1321472K)->1203457K(1321472K)
[8.149s][info][gc,metaspace   ] GC(135) Metaspace: 6302K(6528K)->6302K(6528K) NonClass: 5769K(5888K)->5769K(5888K) Class: 533K(640K)->533K(640K)
[8.149s][info][gc             ] GC(135) Pause Young (Allocation Failure) 1246M->1246M(1371M) 42.040ms
[8.149s][info][gc,cpu         ] GC(135) User=0.23s Sys=0.02s Real=0.04s
[8.161s][info][gc,start       ] GC(136) Pause Young (Allocation Failure)
[8.202s][info][gc,heap        ] GC(136) PSYoungGen: 82944K(82944K)->48640K(95744K) Eden: 9728K(9728K)->0K(9728K) From: 73216K(73216K)->48640K(86016K)
[8.202s][info][gc,heap        ] GC(136) ParOldGen: 1203457K(1321472K)->1238297K(1321472K)
[8.202s][info][gc,metaspace   ] GC(136) Metaspace: 6302K(6528K)->6302K(6528K) NonClass: 5769K(5888K)->5769K(5888K) Class: 533K(640K)->533K(640K)
[8.202s][info][gc             ] GC(136) Pause Young (Allocation Failure) 1256M->1256M(1384M) 41.663ms
[8.202s][info][gc,cpu         ] GC(136) User=0.23s Sys=0.03s Real=0.04s
[8.215s][info][gc,start       ] GC(137) Pause Young (Allocation Failure)
[8.249s][info][gc,heap        ] GC(137) PSYoungGen: 58368K(95744K)->19584K(94208K) Eden: 9728K(9728K)->0K(11264K) From: 48640K(86016K)->19584K(82944K)
[8.249s][info][gc,heap        ] GC(137) ParOldGen: 1238297K(1321472K)->1277609K(1321472K)
[8.249s][info][gc,metaspace   ] GC(137) Metaspace: 6302K(6528K)->6302K(6528K) NonClass: 5769K(5888K)->5769K(5888K) Class: 533K(640K)->533K(640K)
[8.249s][info][gc             ] GC(137) Pause Young (Allocation Failure) 1266M->1266M(1382M) 34.096ms
[8.249s][info][gc,cpu         ] GC(137) User=0.14s Sys=0.02s Real=0.03s
[8.249s][info][gc,start       ] GC(138) Pause Full (Ergonomics)
[8.249s][info][gc,phases,start] GC(138) Marking Phase
[8.550s][info][gc,phases      ] GC(138) Marking Phase 300.853ms
[8.550s][info][gc,phases,start] GC(138) Summary Phase
[8.550s][info][gc,phases      ] GC(138) Summary Phase 0.044ms
[8.550s][info][gc,phases,start] GC(138) Adjust Roots
[8.550s][info][gc,phases      ] GC(138) Adjust Roots 0.228ms
[8.550s][info][gc,phases,start] GC(138) Compaction Phase
[8.667s][info][gc,phases      ] GC(138) Compaction Phase 117.017ms
[8.667s][info][gc,phases,start] GC(138) Post Compact
[8.670s][info][gc,phases      ] GC(138) Post Compact 2.775ms
[8.670s][info][gc,heap        ] GC(138) PSYoungGen: 19584K(94208K)->0K(95232K) Eden: 0K(11264K)->0K(11264K) From: 19584K(82944K)->0K(83968K)
[8.670s][info][gc,heap        ] GC(138) ParOldGen: 1277609K(1321472K)->1295734K(1440256K)
[8.670s][info][gc,metaspace   ] GC(138) Metaspace: 6302K(6528K)->6302K(6528K) NonClass: 5769K(5888K)->5769K(5888K) Class: 533K(640K)->533K(640K)
[8.670s][info][gc             ] GC(138) Pause Full (Ergonomics) 1266M->1265M(1499M) 421.770ms
[8.670s][info][gc,cpu         ] GC(138) User=2.94s Sys=0.00s Real=0.42s
[8.686s][info][gc,start       ] GC(139) Pause Young (Allocation Failure)
[8.699s][info][gc,heap        ] GC(139) PSYoungGen: 11264K(95232K)->8576K(96768K) Eden: 11264K(11264K)->0K(12800K) From: 0K(83968K)->8576K(83968K)
[8.699s][info][gc,heap        ] GC(139) ParOldGen: 1295734K(1440256K)->1295734K(1440256K)
[8.699s][info][gc,metaspace   ] GC(139) Metaspace: 6302K(6528K)->6302K(6528K) NonClass: 5769K(5888K)->5769K(5888K) Class: 533K(640K)->533K(640K)
[8.699s][info][gc             ] GC(139) Pause Young (Allocation Failure) 1276M->1273M(1501M) 12.943ms
[8.699s][info][gc,cpu         ] GC(139) User=0.00s Sys=0.00s Real=0.01s
[8.710s][info][gc,start       ] GC(140) Pause Young (Allocation Failure)
[8.725s][info][gc,heap        ] GC(140) PSYoungGen: 21376K(96768K)->15200K(97280K) Eden: 12800K(12800K)->0K(12800K) From: 8576K(83968K)->15200K(84480K)
[8.725s][info][gc,heap        ] GC(140) ParOldGen: 1295734K(1440256K)->1295734K(1440256K)
[8.725s][info][gc,metaspace   ] GC(140) Metaspace: 6302K(6528K)->6302K(6528K) NonClass: 5769K(5888K)->5769K(5888K) Class: 533K(640K)->533K(640K)
[8.725s][info][gc             ] GC(140) Pause Young (Allocation Failure) 1286M->1280M(1501M) 15.391ms
[8.725s][info][gc,cpu         ] GC(140) User=0.00s Sys=0.00s Real=0.02s
[8.736s][info][gc,start       ] GC(141) Pause Young (Allocation Failure)
[8.753s][info][gc,heap        ] GC(141) PSYoungGen: 28000K(97280K)->13376K(94208K) Eden: 12800K(12800K)->0K(14336K) From: 15200K(84480K)->13376K(79872K)
[8.753s][info][gc,heap        ] GC(141) ParOldGen: 1295734K(1440256K)->1304318K(1440256K)
[8.753s][info][gc,metaspace   ] GC(141) Metaspace: 6302K(6528K)->6302K(6528K) NonClass: 5769K(5888K)->5769K(5888K) Class: 533K(640K)->533K(640K)
[8.753s][info][gc             ] GC(141) Pause Young (Allocation Failure) 1292M->1286M(1498M) 16.971ms
[8.753s][info][gc,cpu         ] GC(141) User=0.03s Sys=0.00s Real=0.02s
[8.769s][info][gc,start       ] GC(142) Pause Young (Allocation Failure)
[8.790s][info][gc,heap        ] GC(142) PSYoungGen: 27712K(94208K)->19520K(34304K) Eden: 14336K(14336K)->0K(14336K) From: 13376K(79872K)->19520K(19968K)
[8.790s][info][gc,heap        ] GC(142) ParOldGen: 1304318K(1440256K)->1311054K(1440256K)
[8.790s][info][gc,metaspace   ] GC(142) Metaspace: 6302K(6528K)->6302K(6528K) NonClass: 5769K(5888K)->5769K(5888K) Class: 533K(640K)->533K(640K)
[8.790s][info][gc             ] GC(142) Pause Young (Allocation Failure) 1300M->1299M(1440M) 20.604ms
[8.790s][info][gc,cpu         ] GC(142) User=0.00s Sys=0.00s Real=0.02s
[8.809s][info][gc,start       ] GC(143) Pause Young (Allocation Failure)
[8.832s][info][gc,heap        ] GC(143) PSYoungGen: 33856K(34304K)->27264K(86528K) Eden: 14336K(14336K)->0K(16384K) From: 19520K(19968K)->27264K(70144K)
[8.832s][info][gc,heap        ] GC(143) ParOldGen: 1311054K(1440256K)->1317798K(1440256K)
[8.833s][info][gc,metaspace   ] GC(143) Metaspace: 6302K(6528K)->6302K(6528K) NonClass: 5769K(5888K)->5769K(5888K) Class: 533K(640K)->533K(640K)
[8.833s][info][gc             ] GC(143) Pause Young (Allocation Failure) 1313M->1313M(1491M) 23.883ms
[8.833s][info][gc,cpu         ] GC(143) User=0.06s Sys=0.00s Real=0.02s
[8.853s][info][gc,start       ] GC(144) Pause Young (Allocation Failure)
[8.883s][info][gc,heap        ] GC(144) PSYoungGen: 43648K(86528K)->30816K(47616K) Eden: 16384K(16384K)->0K(16384K) From: 27264K(70144K)->30816K(31232K)
[8.883s][info][gc,heap        ] GC(144) ParOldGen: 1317798K(1440256K)->1330782K(1440256K)
[8.883s][info][gc,metaspace   ] GC(144) Metaspace: 6302K(6528K)->6302K(6528K) NonClass: 5769K(5888K)->5769K(5888K) Class: 533K(640K)->533K(640K)
[8.883s][info][gc             ] GC(144) Pause Young (Allocation Failure) 1329M->1329M(1453M) 29.833ms
[8.883s][info][gc,cpu         ] GC(144) User=0.09s Sys=0.00s Real=0.03s
[8.903s][info][gc,start       ] GC(145) Pause Young (Allocation Failure)
[8.934s][info][gc,heap        ] GC(145) PSYoungGen: 47200K(47616K)->32864K(82432K) Eden: 16384K(16384K)->0K(18432K) From: 30816K(31232K)->32864K(64000K)
[8.934s][info][gc,heap        ] GC(145) ParOldGen: 1330782K(1440256K)->1345318K(1440256K)
[8.934s][info][gc,metaspace   ] GC(145) Metaspace: 6302K(6528K)->6302K(6528K) NonClass: 5769K(5888K)->5769K(5888K) Class: 533K(640K)->533K(640K)
[8.934s][info][gc             ] GC(145) Pause Young (Allocation Failure) 1345M->1345M(1487M) 31.332ms
[8.934s][info][gc,cpu         ] GC(145) User=0.09s Sys=0.00s Real=0.03s
[8.957s][info][gc,start       ] GC(146) Pause Young (Allocation Failure)
[8.989s][info][gc,heap        ] GC(146) PSYoungGen: 51296K(82432K)->34944K(85504K) Eden: 18432K(18432K)->0K(18432K) From: 32864K(64000K)->34944K(67072K)
[8.989s][info][gc,heap        ] GC(146) ParOldGen: 1345318K(1440256K)->1361942K(1440256K)
[8.989s][info][gc,metaspace   ] GC(146) Metaspace: 6302K(6528K)->6302K(6528K) NonClass: 5769K(5888K)->5769K(5888K) Class: 533K(640K)->533K(640K)
[8.989s][info][gc             ] GC(146) Pause Young (Allocation Failure) 1363M->1364M(1490M) 31.563ms
[8.989s][info][gc,cpu         ] GC(146) User=0.12s Sys=0.00s Real=0.03s
[9.259s][info][gc,start       ] GC(147) Pause Full (Ergonomics)
[9.259s][info][gc,phases,start] GC(147) Marking Phase
[9.609s][info][gc,phases      ] GC(147) Marking Phase 350.006ms
[9.609s][info][gc,phases,start] GC(147) Summary Phase
[9.609s][info][gc,phases      ] GC(147) Summary Phase 0.054ms
[9.609s][info][gc,phases,start] GC(147) Adjust Roots
[9.609s][info][gc,phases      ] GC(147) Adjust Roots 0.407ms
[9.609s][info][gc,phases,start] GC(147) Compaction Phase
[9.980s][info][gc,phases      ] GC(147) Compaction Phase 370.634ms
[9.980s][info][gc,phases,start] GC(147) Post Compact
[9.984s][info][gc,phases      ] GC(147) Post Compact 3.395ms
[9.984s][info][gc,heap        ] GC(147) PSYoungGen: 53376K(85504K)->6656K(85504K) Eden: 18432K(18432K)->0K(18432K) From: 34944K(67072K)->6656K(67072K)
[9.984s][info][gc,heap        ] GC(147) ParOldGen: 1427478K(1440256K)->1440081K(1582080K)
[9.984s][info][gc,metaspace   ] GC(147) Metaspace: 6302K(6528K)->6302K(6528K) NonClass: 5769K(5888K)->5769K(5888K) Class: 533K(640K)->533K(640K)
[9.984s][info][gc             ] GC(147) Pause Full (Ergonomics) 1446M->1412M(1628M) 725.522ms
[9.984s][info][gc,cpu         ] GC(147) User=3.97s Sys=0.03s Real=0.73s
[10.001s][info][gc,start       ] GC(148) Pause Young (Allocation Failure)
[10.081s][info][gc,heap        ] GC(148) PSYoungGen: 25088K(85504K)->22048K(81920K) Eden: 18432K(18432K)->0K(20480K) From: 6656K(67072K)->22048K(61440K)
[10.081s][info][gc,heap        ] GC(148) ParOldGen: 1440081K(1582080K)->1443289K(1582080K)
[10.081s][info][gc,metaspace   ] GC(148) Metaspace: 6302K(6528K)->6302K(6528K) NonClass: 5769K(5888K)->5769K(5888K) Class: 533K(640K)->533K(640K)
[10.081s][info][gc             ] GC(148) Pause Young (Allocation Failure) 1430M->1430M(1625M) 80.077ms
[10.082s][info][gc,cpu         ] GC(148) User=0.39s Sys=0.00s Real=0.08s
[10.102s][info][gc,start       ] GC(149) Pause Young (Allocation Failure)
[10.130s][info][gc,heap        ] GC(149) PSYoungGen: 42528K(81920K)->42560K(83968K) Eden: 20480K(20480K)->0K(20480K) From: 22048K(61440K)->42560K(63488K)
[10.130s][info][gc,heap        ] GC(149) ParOldGen: 1443289K(1582080K)->1443289K(1582080K)
[10.130s][info][gc,metaspace   ] GC(149) Metaspace: 6302K(6528K)->6302K(6528K) NonClass: 5769K(5888K)->5769K(5888K) Class: 533K(640K)->533K(640K)
[10.130s][info][gc             ] GC(149) Pause Young (Allocation Failure) 1450M->1451M(1627M) 28.799ms
[10.130s][info][gc,cpu         ] GC(149) User=0.03s Sys=0.00s Real=0.03s
[10.151s][info][gc,start       ] GC(150) Pause Young (Allocation Failure)
[10.185s][info][gc,heap        ] GC(150) PSYoungGen: 63040K(83968K)->63072K(78336K) Eden: 20480K(20480K)->0K(13824K) From: 42560K(63488K)->63072K(64512K)
[10.185s][info][gc,heap        ] GC(150) ParOldGen: 1443289K(1582080K)->1443289K(1582080K)
[10.185s][info][gc,metaspace   ] GC(150) Metaspace: 6302K(6528K)->6302K(6528K) NonClass: 5769K(5888K)->5769K(5888K) Class: 533K(640K)->533K(640K)
[10.185s][info][gc             ] GC(150) Pause Young (Allocation Failure) 1471M->1471M(1621M) 34.837ms
[10.185s][info][gc,cpu         ] GC(150) User=0.06s Sys=0.00s Real=0.04s
[10.199s][info][gc,start       ] GC(151) Pause Young (Allocation Failure)
[10.238s][info][gc,heap        ] GC(151) PSYoungGen: 76896K(78336K)->73216K(87040K) Eden: 13824K(13824K)->0K(13824K) From: 63072K(64512K)->73216K(73216K)
[10.238s][info][gc,heap        ] GC(151) ParOldGen: 1443289K(1582080K)->1446977K(1582080K)
[10.238s][info][gc,metaspace   ] GC(151) Metaspace: 6302K(6528K)->6302K(6528K) NonClass: 5769K(5888K)->5769K(5888K) Class: 533K(640K)->533K(640K)
[10.238s][info][gc             ] GC(151) Pause Young (Allocation Failure) 1484M->1484M(1630M) 38.613ms
[10.238s][info][gc,cpu         ] GC(151) User=0.06s Sys=0.00s Real=0.04s
[10.251s][info][gc,start       ] GC(152) Pause Young (Allocation Failure)
[10.295s][info][gc,heap        ] GC(152) PSYoungGen: 87040K(87040K)->48224K(98816K) Eden: 13824K(13824K)->0K(15872K) From: 73216K(73216K)->48224K(82944K)
[10.295s][info][gc,heap        ] GC(152) ParOldGen: 1446977K(1582080K)->1486337K(1582080K)
[10.295s][info][gc,metaspace   ] GC(152) Metaspace: 6302K(6528K)->6302K(6528K) NonClass: 5769K(5888K)->5769K(5888K) Class: 533K(640K)->533K(640K)
[10.295s][info][gc             ] GC(152) Pause Young (Allocation Failure) 1498M->1498M(1641M) 43.974ms
[10.295s][info][gc,cpu         ] GC(152) User=0.25s Sys=0.02s Real=0.04s
[10.311s][info][gc,start       ] GC(153) Pause Young (Allocation Failure)
[10.346s][info][gc,heap        ] GC(153) PSYoungGen: 64096K(98816K)->29792K(99840K) Eden: 15872K(15872K)->0K(15872K) From: 48224K(82944K)->29792K(83968K)
[10.346s][info][gc,heap        ] GC(153) ParOldGen: 1486337K(1582080K)->1521025K(1582080K)
[10.346s][info][gc,metaspace   ] GC(153) Metaspace: 6302K(6528K)->6302K(6528K) NonClass: 5769K(5888K)->5769K(5888K) Class: 533K(640K)->533K(640K)
[10.346s][info][gc             ] GC(153) Pause Young (Allocation Failure) 1514M->1514M(1642M) 34.729ms
[10.346s][info][gc,cpu         ] GC(153) User=0.17s Sys=0.00s Real=0.03s
[10.362s][info][gc,start       ] GC(154) Pause Young (Allocation Failure)
[10.393s][info][gc,heap        ] GC(154) PSYoungGen: 45664K(99840K)->16000K(98816K) Eden: 15872K(15872K)->0K(18432K) From: 29792K(83968K)->16000K(80384K)
[10.393s][info][gc,heap        ] GC(154) ParOldGen: 1521025K(1582080K)->1551081K(1582080K)
[10.393s][info][gc,metaspace   ] GC(154) Metaspace: 6302K(6528K)->6302K(6528K) NonClass: 5769K(5888K)->5769K(5888K) Class: 533K(640K)->533K(640K)
[10.393s][info][gc             ] GC(154) Pause Young (Allocation Failure) 1529M->1530M(1641M) 30.622ms
[10.393s][info][gc,cpu         ] GC(154) User=0.12s Sys=0.00s Real=0.03s
[10.393s][info][gc,start       ] GC(155) Pause Full (Ergonomics)
[10.393s][info][gc,phases,start] GC(155) Marking Phase
[10.753s][info][gc,phases      ] GC(155) Marking Phase 360.226ms
[10.753s][info][gc,phases,start] GC(155) Summary Phase
[10.753s][info][gc,phases      ] GC(155) Summary Phase 0.049ms
[10.753s][info][gc,phases,start] GC(155) Adjust Roots
[10.754s][info][gc,phases      ] GC(155) Adjust Roots 0.212ms
[10.754s][info][gc,phases,start] GC(155) Compaction Phase
[10.913s][info][gc,phases      ] GC(155) Compaction Phase 159.476ms
[10.913s][info][gc,phases,start] GC(155) Post Compact
[10.916s][info][gc,phases      ] GC(155) Post Compact 2.933ms
[10.917s][info][gc,heap        ] GC(155) PSYoungGen: 16000K(98816K)->0K(99328K) Eden: 0K(18432K)->0K(18432K) From: 16000K(80384K)->0K(80896K)
[10.917s][info][gc,heap        ] GC(155) ParOldGen: 1551081K(1582080K)->1565299K(1732608K)
[10.917s][info][gc,metaspace   ] GC(155) Metaspace: 6302K(6528K)->6302K(6528K) NonClass: 5769K(5888K)->5769K(5888K) Class: 533K(640K)->533K(640K)
[10.917s][info][gc             ] GC(155) Pause Full (Ergonomics) 1530M->1528M(1789M) 523.943ms
[10.917s][info][gc,cpu         ] GC(155) User=3.62s Sys=0.02s Real=0.52s
[10.938s][info][gc,start       ] GC(156) Pause Young (Allocation Failure)
[10.958s][info][gc,heap        ] GC(156) PSYoungGen: 18432K(99328K)->18560K(97280K) Eden: 18432K(18432K)->0K(20480K) From: 0K(80896K)->18560K(76800K)
[10.959s][info][gc,heap        ] GC(156) ParOldGen: 1565299K(1732608K)->1565299K(1732608K)
[10.959s][info][gc,metaspace   ] GC(156) Metaspace: 6302K(6528K)->6302K(6528K) NonClass: 5769K(5888K)->5769K(5888K) Class: 533K(640K)->533K(640K)
[10.959s][info][gc             ] GC(156) Pause Young (Allocation Failure) 1546M->1546M(1787M) 20.481ms
[10.959s][info][gc,cpu         ] GC(156) User=0.02s Sys=0.00s Real=0.02s
[10.978s][info][gc,start       ] GC(157) Pause Young (Allocation Failure)
[11.008s][info][gc,heap        ] GC(157) PSYoungGen: 39040K(97280K)->39072K(99840K) Eden: 20480K(20480K)->0K(20480K) From: 18560K(76800K)->39072K(79360K)
[11.008s][info][gc,heap        ] GC(157) ParOldGen: 1565299K(1732608K)->1565299K(1732608K)
[11.008s][info][gc,metaspace   ] GC(157) Metaspace: 6302K(6528K)->6302K(6528K) NonClass: 5769K(5888K)->5769K(5888K) Class: 533K(640K)->533K(640K)
[11.008s][info][gc             ] GC(157) Pause Young (Allocation Failure) 1566M->1566M(1789M) 29.847ms
[11.008s][info][gc,cpu         ] GC(157) User=0.05s Sys=0.00s Real=0.03s
[11.028s][info][gc,start       ] GC(158) Pause Young (Allocation Failure)
[11.061s][info][gc,heap        ] GC(158) PSYoungGen: 59552K(99840K)->41120K(95744K) Eden: 20480K(20480K)->0K(23040K) From: 39072K(79360K)->41120K(72704K)
[11.061s][info][gc,heap        ] GC(158) ParOldGen: 1565299K(1732608K)->1583979K(1732608K)
[11.061s][info][gc,metaspace   ] GC(158) Metaspace: 6302K(6528K)->6302K(6528K) NonClass: 5769K(5888K)->5769K(5888K) Class: 533K(640K)->533K(640K)
[11.061s][info][gc             ] GC(158) Pause Young (Allocation Failure) 1586M->1587M(1785M) 33.873ms
[11.061s][info][gc,cpu         ] GC(158) User=0.16s Sys=0.00s Real=0.03s
[11.085s][info][gc,start       ] GC(159) Pause Young (Allocation Failure)
[11.120s][info][gc,heap        ] GC(159) PSYoungGen: 64160K(95744K)->43712K(97792K) Eden: 23040K(23040K)->0K(23040K) From: 41120K(72704K)->43712K(74752K)
[11.120s][info][gc,heap        ] GC(159) ParOldGen: 1583979K(1732608K)->1604763K(1732608K)
[11.120s][info][gc,metaspace   ] GC(159) Metaspace: 6302K(6528K)->6302K(6528K) NonClass: 5769K(5888K)->5769K(5888K) Class: 533K(640K)->533K(640K)
[11.120s][info][gc             ] GC(159) Pause Young (Allocation Failure) 1609M->1609M(1787M) 34.939ms
[11.120s][info][gc,cpu         ] GC(159) User=0.25s Sys=0.02s Real=0.04s
[11.142s][info][gc,start       ] GC(160) Pause Young (Allocation Failure)
[11.182s][info][gc,heap        ] GC(160) PSYoungGen: 66752K(97792K)->46240K(99840K) Eden: 23040K(23040K)->0K(26112K) From: 43712K(74752K)->46240K(73728K)
[11.182s][info][gc,heap        ] GC(160) ParOldGen: 1604763K(1732608K)->1625547K(1732608K)
[11.182s][info][gc,metaspace   ] GC(160) Metaspace: 6302K(6528K)->6302K(6528K) NonClass: 5769K(5888K)->5769K(5888K) Class: 533K(640K)->533K(640K)
[11.182s][info][gc             ] GC(160) Pause Young (Allocation Failure) 1632M->1632M(1789M) 40.010ms
[11.182s][info][gc,cpu         ] GC(160) User=0.16s Sys=0.11s Real=0.04s
[11.210s][info][gc,start       ] GC(161) Pause Young (Allocation Failure)
[11.253s][info][gc,heap        ] GC(161) PSYoungGen: 72352K(99840K)->49312K(99840K) Eden: 26112K(26112K)->0K(26112K) From: 46240K(73728K)->49312K(73728K)
[11.253s][info][gc,heap        ] GC(161) ParOldGen: 1625547K(1732608K)->1648947K(1732608K)
[11.253s][info][gc,metaspace   ] GC(161) Metaspace: 6302K(6528K)->6302K(6528K) NonClass: 5769K(5888K)->5769K(5888K) Class: 533K(640K)->533K(640K)
[11.253s][info][gc             ] GC(161) Pause Young (Allocation Failure) 1658M->1658M(1789M) 43.254ms
[11.253s][info][gc,cpu         ] GC(161) User=0.33s Sys=0.02s Real=0.04s
[11.279s][info][gc,start       ] GC(162) Pause Young (Allocation Failure)
[11.324s][info][gc,heap        ] GC(162) PSYoungGen: 75424K(99840K)->52416K(102912K) Eden: 26112K(26112K)->0K(28160K) From: 49312K(73728K)->52416K(74752K)
[11.324s][info][gc,heap        ] GC(162) ParOldGen: 1648947K(1732608K)->1672331K(1732608K)
[11.324s][info][gc,metaspace   ] GC(162) Metaspace: 6302K(6528K)->6302K(6528K) NonClass: 5769K(5888K)->5769K(5888K) Class: 533K(640K)->533K(640K)
[11.324s][info][gc             ] GC(162) Pause Young (Allocation Failure) 1683M->1684M(1792M) 45.606ms
[11.324s][info][gc,cpu         ] GC(162) User=0.16s Sys=0.11s Real=0.05s
[11.355s][info][gc,start       ] GC(163) Pause Young (Allocation Failure)
[11.402s][info][gc,heap        ] GC(163) PSYoungGen: 80576K(102912K)->54432K(104448K) Eden: 28160K(28160K)->0K(28160K) From: 52416K(74752K)->54432K(76288K)
[11.402s][info][gc,heap        ] GC(163) ParOldGen: 1672331K(1732608K)->1698835K(1732608K)
[11.402s][info][gc,metaspace   ] GC(163) Metaspace: 6302K(6528K)->6302K(6528K) NonClass: 5769K(5888K)->5769K(5888K) Class: 533K(640K)->533K(640K)
[11.402s][info][gc             ] GC(163) Pause Young (Allocation Failure) 1711M->1712M(1794M) 47.331ms
[11.402s][info][gc,cpu         ] GC(163) User=0.23s Sys=0.03s Real=0.05s
[11.402s][info][gc,start       ] GC(164) Pause Full (Ergonomics)
[11.402s][info][gc,phases,start] GC(164) Marking Phase
[11.792s][info][gc,phases      ] GC(164) Marking Phase 389.218ms
[11.792s][info][gc,phases,start] GC(164) Summary Phase
[11.792s][info][gc,phases      ] GC(164) Summary Phase 0.036ms
[11.792s][info][gc,phases,start] GC(164) Adjust Roots
[11.792s][info][gc,phases      ] GC(164) Adjust Roots 0.172ms
[11.792s][info][gc,phases,start] GC(164) Compaction Phase
[11.968s][info][gc,phases      ] GC(164) Compaction Phase 175.766ms
[11.968s][info][gc,phases,start] GC(164) Post Compact
[11.971s][info][gc,phases      ] GC(164) Post Compact 3.486ms
[11.972s][info][gc,heap        ] GC(164) PSYoungGen: 54432K(104448K)->18442K(104448K) Eden: 0K(28160K)->0K(28160K) From: 54432K(76288K)->18442K(76288K)
[11.972s][info][gc,heap        ] GC(164) ParOldGen: 1698835K(1732608K)->1732462K(1909760K)
[11.972s][info][gc,metaspace   ] GC(164) Metaspace: 6302K(6528K)->6302K(6528K) NonClass: 5769K(5888K)->5769K(5888K) Class: 533K(640K)->533K(640K)
[11.972s][info][gc             ] GC(164) Pause Full (Ergonomics) 1712M->1709M(1967M) 569.930ms
[11.972s][info][gc,cpu         ] GC(164) User=3.97s Sys=0.06s Real=0.57s
[12.004s][info][gc,start       ] GC(165) Pause Young (Allocation Failure)
[12.101s][info][gc,heap        ] GC(165) PSYoungGen: 46602K(104448K)->28320K(105472K) Eden: 28160K(28160K)->0K(31232K) From: 18442K(76288K)->28320K(74240K)
[12.101s][info][gc,heap        ] GC(165) ParOldGen: 1732462K(1909760K)->1751206K(1909760K)
[12.101s][info][gc,metaspace   ] GC(165) Metaspace: 6302K(6528K)->6302K(6528K) NonClass: 5769K(5888K)->5769K(5888K) Class: 533K(640K)->533K(640K)
[12.101s][info][gc             ] GC(165) Pause Young (Allocation Failure) 1737M->1737M(1968M) 97.616ms
[12.101s][info][gc,cpu         ] GC(165) User=0.53s Sys=0.11s Real=0.10s
[12.135s][info][gc,start       ] GC(166) Pause Young (Allocation Failure)
[12.172s][info][gc,heap        ] GC(166) PSYoungGen: 59552K(105472K)->59552K(107520K) Eden: 31232K(31232K)->0K(31232K) From: 28320K(74240K)->59552K(76288K)
[12.172s][info][gc,heap        ] GC(166) ParOldGen: 1751206K(1909760K)->1751206K(1909760K)
[12.172s][info][gc,metaspace   ] GC(166) Metaspace: 6302K(6528K)->6302K(6528K) NonClass: 5769K(5888K)->5769K(5888K) Class: 533K(640K)->533K(640K)
[12.172s][info][gc             ] GC(166) Pause Young (Allocation Failure) 1768M->1768M(1970M) 37.025ms
[12.172s][info][gc,cpu         ] GC(166) User=0.16s Sys=0.00s Real=0.04s
[12.203s][info][gc,start       ] GC(167) Pause Young (Allocation Failure)
[12.261s][info][gc,heap        ] GC(167) PSYoungGen: 90784K(107520K)->79872K(100352K) Eden: 31232K(31232K)->0K(20480K) From: 59552K(76288K)->79872K(79872K)
[12.261s][info][gc,heap        ] GC(167) ParOldGen: 1751206K(1909760K)->1762214K(1909760K)
[12.261s][info][gc,metaspace   ] GC(167) Metaspace: 6302K(6528K)->6302K(6528K) NonClass: 5769K(5888K)->5769K(5888K) Class: 533K(640K)->533K(640K)
[12.261s][info][gc             ] GC(167) Pause Young (Allocation Failure) 1798M->1798M(1963M) 58.489ms
[12.261s][info][gc,cpu         ] GC(167) User=0.17s Sys=0.20s Real=0.06s
[12.284s][info][gc,start       ] GC(168) Pause Young (Allocation Failure)
[12.348s][info][gc,heap        ] GC(168) PSYoungGen: 100352K(100352K)->49824K(70656K) Eden: 20480K(20480K)->0K(20480K) From: 79872K(79872K)->49824K(50176K)
[12.349s][info][gc,heap        ] GC(168) ParOldGen: 1762214K(1909760K)->1813638K(1909760K)
[12.349s][info][gc,metaspace   ] GC(168) Metaspace: 6302K(6528K)->6302K(6528K) NonClass: 5769K(5888K)->5769K(5888K) Class: 533K(640K)->533K(640K)
[12.349s][info][gc             ] GC(168) Pause Young (Allocation Failure) 1818M->1819M(1934M) 64.787ms
[12.349s][info][gc,cpu         ] GC(168) User=0.28s Sys=0.12s Real=0.07s
[12.371s][info][gc,start       ] GC(169) Pause Young (Allocation Failure)
[12.416s][info][gc,heap        ] GC(169) PSYoungGen: 70304K(70656K)->41088K(107520K) Eden: 20480K(20480K)->0K(23040K) From: 49824K(50176K)->41088K(84480K)
[12.416s][info][gc,heap        ] GC(169) ParOldGen: 1813638K(1909760K)->1843222K(1909760K)
[12.416s][info][gc,metaspace   ] GC(169) Metaspace: 6302K(6528K)->6302K(6528K) NonClass: 5769K(5888K)->5769K(5888K) Class: 533K(640K)->533K(640K)
[12.416s][info][gc             ] GC(169) Pause Young (Allocation Failure) 1839M->1840M(1970M) 44.861ms
[12.416s][info][gc,cpu         ] GC(169) User=0.12s Sys=0.12s Real=0.05s
[12.442s][info][gc,start       ] GC(170) Pause Young (Allocation Failure)
[12.490s][info][gc,heap        ] GC(170) PSYoungGen: 64128K(107520K)->23232K(110592K) Eden: 23040K(23040K)->0K(23040K) From: 41088K(84480K)->23232K(87552K)
[12.490s][info][gc,heap        ] GC(170) ParOldGen: 1843222K(1909760K)->1884774K(1909760K)
[12.490s][info][gc,metaspace   ] GC(170) Metaspace: 6302K(6528K)->6302K(6528K) NonClass: 5769K(5888K)->5769K(5888K) Class: 533K(640K)->533K(640K)
[12.490s][info][gc             ] GC(170) Pause Young (Allocation Failure) 1862M->1863M(1973M) 47.657ms
[12.490s][info][gc,cpu         ] GC(170) User=0.14s Sys=0.12s Real=0.05s
[12.490s][info][gc,start       ] GC(171) Pause Full (Ergonomics)
[12.490s][info][gc,phases,start] GC(171) Marking Phase
[12.926s][info][gc,phases      ] GC(171) Marking Phase 436.541ms
[12.926s][info][gc,phases,start] GC(171) Summary Phase
[12.926s][info][gc,phases      ] GC(171) Summary Phase 0.055ms
[12.926s][info][gc,phases,start] GC(171) Adjust Roots
[12.927s][info][gc,phases      ] GC(171) Adjust Roots 0.168ms
[12.927s][info][gc,phases,start] GC(171) Compaction Phase
[13.119s][info][gc,phases      ] GC(171) Compaction Phase 192.642ms
[13.119s][info][gc,phases,start] GC(171) Post Compact
[13.123s][info][gc,phases      ] GC(171) Post Compact 3.646ms
[13.125s][info][gc,heap        ] GC(171) PSYoungGen: 23232K(110592K)->0K(113664K) Eden: 0K(23040K)->0K(26112K) From: 23232K(87552K)->0K(87552K)
[13.125s][info][gc,heap        ] GC(171) ParOldGen: 1884774K(1909760K)->1905339K(2108928K)
[13.125s][info][gc,metaspace   ] GC(171) Metaspace: 6302K(6528K)->6302K(6528K) NonClass: 5769K(5888K)->5769K(5888K) Class: 533K(640K)->533K(640K)
[13.125s][info][gc             ] GC(171) Pause Full (Ergonomics) 1863M->1860M(2170M) 635.084ms
[13.125s][info][gc,cpu         ] GC(171) User=4.50s Sys=0.09s Real=0.63s
[13.154s][info][gc,start       ] GC(172) Pause Young (Allocation Failure)
[13.179s][info][gc,heap        ] GC(172) PSYoungGen: 26112K(113664K)->26272K(113664K) Eden: 26112K(26112K)->0K(26112K) From: 0K(87552K)->26272K(87552K)
[13.179s][info][gc,heap        ] GC(172) ParOldGen: 1905339K(2108928K)->1905339K(2108928K)
[13.179s][info][gc,metaspace   ] GC(172) Metaspace: 6302K(6528K)->6302K(6528K) NonClass: 5769K(5888K)->5769K(5888K) Class: 533K(640K)->533K(640K)
[13.179s][info][gc             ] GC(172) Pause Young (Allocation Failure) 1886M->1886M(2170M) 24.418ms
[13.179s][info][gc,cpu         ] GC(172) User=0.02s Sys=0.00s Real=0.02s
[13.209s][info][gc,start       ] GC(173) Pause Young (Allocation Failure)
[13.241s][info][gc,heap        ] GC(173) PSYoungGen: 52384K(113664K)->52416K(114176K) Eden: 26112K(26112K)->0K(29184K) From: 26272K(87552K)->52416K(84992K)
[13.241s][info][gc,heap        ] GC(173) ParOldGen: 1905339K(2108928K)->1905339K(2108928K)
[13.241s][info][gc,metaspace   ] GC(173) Metaspace: 6302K(6528K)->6302K(6528K) NonClass: 5769K(5888K)->5769K(5888K) Class: 533K(640K)->533K(640K)
[13.241s][info][gc             ] GC(173) Pause Young (Allocation Failure) 1911M->1911M(2171M) 32.044ms
[13.241s][info][gc,cpu         ] GC(173) User=0.14s Sys=0.00s Real=0.03s
[13.275s][info][gc,start       ] GC(174) Pause Young (Allocation Failure)
[13.318s][info][gc,heap        ] GC(174) PSYoungGen: 81600K(114176K)->81600K(114688K) Eden: 29184K(29184K)->0K(29184K) From: 52416K(84992K)->81600K(85504K)
[13.318s][info][gc,heap        ] GC(174) ParOldGen: 1905339K(2108928K)->1905339K(2108928K)
[13.318s][info][gc,metaspace   ] GC(174) Metaspace: 6302K(6528K)->6302K(6528K) NonClass: 5769K(5888K)->5769K(5888K) Class: 533K(640K)->533K(640K)
[13.318s][info][gc             ] GC(174) Pause Young (Allocation Failure) 1940M->1940M(2171M) 42.984ms
[13.318s][info][gc,cpu         ] GC(174) User=0.36s Sys=0.00s Real=0.04s
[13.353s][info][gc,start       ] GC(175) Pause Young (Allocation Failure)
[13.418s][info][gc,heap        ] GC(175) PSYoungGen: 110784K(114688K)->84672K(118272K) Eden: 29184K(29184K)->0K(23040K) From: 81600K(85504K)->84672K(95232K)
[13.418s][info][gc,heap        ] GC(175) ParOldGen: 1905339K(2108928K)->1931843K(2108928K)
[13.418s][info][gc,metaspace   ] GC(175) Metaspace: 6302K(6528K)->6302K(6528K) NonClass: 5769K(5888K)->5769K(5888K) Class: 533K(640K)->533K(640K)
[13.418s][info][gc             ] GC(175) Pause Young (Allocation Failure) 1968M->1969M(2175M) 65.113ms
[13.418s][info][gc,cpu         ] GC(175) User=0.25s Sys=0.25s Real=0.07s
[13.449s][info][gc,start       ] GC(176) Pause Young (Allocation Failure)
[13.509s][info][gc,heap        ] GC(176) PSYoungGen: 107712K(118272K)->81632K(127488K) Eden: 23040K(23040K)->0K(23040K) From: 84672K(95232K)->81632K(104448K)
[13.509s][info][gc,heap        ] GC(176) ParOldGen: 1931843K(2108928K)->1958347K(2108928K)
[13.509s][info][gc,metaspace   ] GC(176) Metaspace: 6302K(6528K)->6302K(6528K) NonClass: 5769K(5888K)->5769K(5888K) Class: 533K(640K)->533K(640K)
[13.509s][info][gc             ] GC(176) Pause Young (Allocation Failure) 1991M->1992M(2184M) 60.479ms
[13.509s][info][gc,cpu         ] GC(176) User=0.28s Sys=0.09s Real=0.06s
[13.534s][info][gc,start       ] GC(177) Pause Young (Allocation Failure)
[13.592s][info][gc,heap        ] GC(177) PSYoungGen: 104672K(127488K)->75488K(134656K) Eden: 23040K(23040K)->0K(24064K) From: 81632K(104448K)->75488K(110592K)
[13.592s][info][gc,heap        ] GC(177) ParOldGen: 1958347K(2108928K)->1987971K(2108928K)
[13.592s][info][gc,metaspace   ] GC(177) Metaspace: 6302K(6528K)->6302K(6528K) NonClass: 5769K(5888K)->5769K(5888K) Class: 533K(640K)->533K(640K)
[13.592s][info][gc             ] GC(177) Pause Young (Allocation Failure) 2014M->2015M(2191M) 57.952ms
[13.592s][info][gc,cpu         ] GC(177) User=0.28s Sys=0.09s Real=0.06s
[13.617s][info][gc,start       ] GC(178) Pause Young (Allocation Failure)
[13.684s][info][gc,heap        ] GC(178) PSYoungGen: 99552K(134656K)->47264K(71680K) Eden: 24064K(24064K)->0K(24064K) From: 75488K(110592K)->47264K(47616K)
[13.684s][info][gc,heap        ] GC(178) ParOldGen: 1987971K(2108928K)->2040963K(2108928K)
[13.684s][info][gc,metaspace   ] GC(178) Metaspace: 6302K(6528K)->6302K(6528K) NonClass: 5769K(5888K)->5769K(5888K) Class: 533K(640K)->533K(640K)
[13.684s][info][gc             ] GC(178) Pause Young (Allocation Failure) 2038M->2039M(2129M) 67.103ms
[13.684s][info][gc,cpu         ] GC(178) User=0.22s Sys=0.16s Real=0.07s
[13.711s][info][gc,start       ] GC(179) Pause Young (Allocation Failure)
[13.763s][info][gc,heap        ] GC(179) PSYoungGen: 71328K(71680K)->24224K(136192K) Eden: 24064K(24064K)->0K(27648K) From: 47264K(47616K)->24224K(108544K)
[13.763s][info][gc,heap        ] GC(179) ParOldGen: 2040963K(2108928K)->2088755K(2108928K)
[13.763s][info][gc,metaspace   ] GC(179) Metaspace: 6302K(6528K)->6302K(6528K) NonClass: 5769K(5888K)->5769K(5888K) Class: 533K(640K)->533K(640K)
[13.763s][info][gc             ] GC(179) Pause Young (Allocation Failure) 2062M->2063M(2192M) 52.005ms
[13.763s][info][gc,cpu         ] GC(179) User=0.27s Sys=0.11s Real=0.05s
[13.763s][info][gc,start       ] GC(180) Pause Full (Ergonomics)
[13.763s][info][gc,phases,start] GC(180) Marking Phase
[14.238s][info][gc,phases      ] GC(180) Marking Phase 475.492ms
[14.238s][info][gc,phases,start] GC(180) Summary Phase
[14.238s][info][gc,phases      ] GC(180) Summary Phase 0.040ms
[14.238s][info][gc,phases,start] GC(180) Adjust Roots
[14.238s][info][gc,phases      ] GC(180) Adjust Roots 0.164ms
[14.238s][info][gc,phases,start] GC(180) Compaction Phase
[14.453s][info][gc,phases      ] GC(180) Compaction Phase 214.331ms
[14.453s][info][gc,phases,start] GC(180) Post Compact
[14.457s][info][gc,phases      ] GC(180) Post Compact 3.960ms
[14.458s][info][gc,heap        ] GC(180) PSYoungGen: 24224K(136192K)->1041K(136192K) Eden: 0K(27648K)->0K(27648K) From: 24224K(108544K)->1041K(108544K)
[14.458s][info][gc,heap        ] GC(180) ParOldGen: 2088755K(2108928K)->2108841K(2339328K)
[14.458s][info][gc,metaspace   ] GC(180) Metaspace: 6302K(6528K)->6302K(6528K) NonClass: 5769K(5888K)->5769K(5888K) Class: 533K(640K)->533K(640K)
[14.459s][info][gc             ] GC(180) Pause Full (Ergonomics) 2063M->2060M(2417M) 695.829ms
[14.459s][info][gc,cpu         ] GC(180) User=4.88s Sys=0.06s Real=0.70s
[14.489s][info][gc,start       ] GC(181) Pause Young (Allocation Failure)
[14.595s][info][gc,heap        ] GC(181) PSYoungGen: 28689K(136192K)->27840K(136192K) Eden: 27648K(27648K)->0K(27648K) From: 1041K(108544K)->27840K(108544K)
[14.595s][info][gc,heap        ] GC(181) ParOldGen: 2108841K(2339328K)->2109921K(2339328K)
[14.595s][info][gc,metaspace   ] GC(181) Metaspace: 6302K(6528K)->6302K(6528K) NonClass: 5769K(5888K)->5769K(5888K) Class: 533K(640K)->533K(640K)
[14.595s][info][gc             ] GC(181) Pause Young (Allocation Failure) 2087M->2087M(2417M) 106.652ms
[14.595s][info][gc,cpu         ] GC(181) User=0.66s Sys=0.00s Real=0.11s
[14.627s][info][gc,start       ] GC(182) Pause Young (Allocation Failure)
[14.668s][info][gc,heap        ] GC(182) PSYoungGen: 55488K(136192K)->27744K(133632K) Eden: 27648K(27648K)->0K(30720K) From: 27840K(108544K)->27744K(102912K)
[14.668s][info][gc,heap        ] GC(182) ParOldGen: 2109921K(2339328K)->2137993K(2339328K)
[14.668s][info][gc,metaspace   ] GC(182) Metaspace: 6302K(6528K)->6302K(6528K) NonClass: 5769K(5888K)->5769K(5888K) Class: 533K(640K)->533K(640K)
[14.668s][info][gc             ] GC(182) Pause Young (Allocation Failure) 2114M->2114M(2415M) 40.647ms
[14.668s][info][gc,cpu         ] GC(182) User=0.19s Sys=0.06s Real=0.04s
[14.701s][info][gc,start       ] GC(183) Pause Young (Allocation Failure)
[14.744s][info][gc,heap        ] GC(183) PSYoungGen: 58464K(133632K)->30848K(135680K) Eden: 30720K(30720K)->0K(30720K) From: 27744K(102912K)->30848K(104960K)
[14.744s][info][gc,heap        ] GC(183) ParOldGen: 2137993K(2339328K)->2166089K(2339328K)
[14.744s][info][gc,metaspace   ] GC(183) Metaspace: 6302K(6528K)->6302K(6528K) NonClass: 5769K(5888K)->5769K(5888K) Class: 533K(640K)->533K(640K)
[14.745s][info][gc             ] GC(183) Pause Young (Allocation Failure) 2144M->2145M(2417M) 43.450ms
[14.745s][info][gc,cpu         ] GC(183) User=0.22s Sys=0.02s Real=0.04s
[14.784s][info][gc,start       ] GC(184) Pause Young (Allocation Failure)
[14.829s][info][gc,heap        ] GC(184) PSYoungGen: 61568K(135680K)->30848K(130560K) Eden: 30720K(30720K)->0K(34304K) From: 30848K(104960K)->30848K(96256K)
[14.829s][info][gc,heap        ] GC(184) ParOldGen: 2166089K(2339328K)->2197281K(2339328K)
[14.829s][info][gc,metaspace   ] GC(184) Metaspace: 6302K(6528K)->6302K(6528K) NonClass: 5769K(5888K)->5769K(5888K) Class: 533K(640K)->533K(640K)
[14.829s][info][gc             ] GC(184) Pause Young (Allocation Failure) 2175M->2175M(2412M) 45.230ms
[14.829s][info][gc,cpu         ] GC(184) User=0.12s Sys=0.12s Real=0.04s
[14.872s][info][gc,start       ] GC(185) Pause Young (Allocation Failure)
[14.919s][info][gc,heap        ] GC(185) PSYoungGen: 65152K(130560K)->34496K(133632K) Eden: 34304K(34304K)->0K(34304K) From: 30848K(96256K)->34496K(99328K)
[14.919s][info][gc,heap        ] GC(185) ParOldGen: 2197281K(2339328K)->2228489K(2339328K)
[14.919s][info][gc,metaspace   ] GC(185) Metaspace: 6302K(6528K)->6302K(6528K) NonClass: 5769K(5888K)->5769K(5888K) Class: 533K(640K)->533K(640K)
[14.919s][info][gc             ] GC(185) Pause Young (Allocation Failure) 2209M->2209M(2415M) 47.500ms
[14.919s][info][gc,cpu         ] GC(185) User=0.20s Sys=0.03s Real=0.05s
[14.958s][info][gc,start       ] GC(186) Pause Young (Allocation Failure)
[15.007s][info][gc,heap        ] GC(186) PSYoungGen: 68800K(133632K)->34464K(126464K) Eden: 34304K(34304K)->0K(38400K) From: 34496K(99328K)->34464K(88064K)
[15.007s][info][gc,heap        ] GC(186) ParOldGen: 2228489K(2339328K)->2263273K(2339328K)
[15.007s][info][gc,metaspace   ] GC(186) Metaspace: 6302K(6528K)->6302K(6528K) NonClass: 5769K(5888K)->5769K(5888K) Class: 533K(640K)->533K(640K)
[15.007s][info][gc             ] GC(186) Pause Young (Allocation Failure) 2243M->2243M(2408M) 49.011ms
[15.007s][info][gc,cpu         ] GC(186) User=0.20s Sys=0.06s Real=0.05s
[15.050s][info][gc,start       ] GC(187) Pause Young (Allocation Failure)
[15.101s][info][gc,heap        ] GC(187) PSYoungGen: 72864K(126464K)->38592K(130048K) Eden: 38400K(38400K)->0K(38400K) From: 34464K(88064K)->38592K(91648K)
[15.101s][info][gc,heap        ] GC(187) ParOldGen: 2263273K(2339328K)->2297873K(2339328K)
[15.101s][info][gc,metaspace   ] GC(187) Metaspace: 6302K(6528K)->6302K(6528K) NonClass: 5769K(5888K)->5769K(5888K) Class: 533K(640K)->533K(640K)
[15.101s][info][gc             ] GC(187) Pause Young (Allocation Failure) 2281M->2281M(2411M) 50.244ms
[15.101s][info][gc,cpu         ] GC(187) User=0.23s Sys=0.05s Real=0.05s
[15.101s][info][gc,start       ] GC(188) Pause Full (Ergonomics)
[15.101s][info][gc,phases,start] GC(188) Marking Phase
[15.636s][info][gc,phases      ] GC(188) Marking Phase 535.055ms
[15.636s][info][gc,phases,start] GC(188) Summary Phase
[15.636s][info][gc,phases      ] GC(188) Summary Phase 0.072ms
[15.636s][info][gc,phases,start] GC(188) Adjust Roots
[15.636s][info][gc,phases      ] GC(188) Adjust Roots 0.162ms
[15.636s][info][gc,phases,start] GC(188) Compaction Phase
[15.842s][info][gc,phases      ] GC(188) Compaction Phase 206.008ms
[15.842s][info][gc,phases,start] GC(188) Post Compact
[15.847s][info][gc,phases      ] GC(188) Post Compact 4.599ms
[15.849s][info][gc,heap        ] GC(188) PSYoungGen: 38592K(130048K)->0K(130560K) Eden: 0K(38400K)->0K(43008K) From: 38592K(91648K)->0K(87552K)
[15.849s][info][gc,heap        ] GC(188) ParOldGen: 2297873K(2339328K)->2333396K(2574848K)
[15.849s][info][gc,metaspace   ] GC(188) Metaspace: 6302K(6528K)->6302K(6528K) NonClass: 5769K(5888K)->5769K(5888K) Class: 533K(640K)->533K(640K)
[15.849s][info][gc             ] GC(188) Pause Full (Ergonomics) 2281M->2278M(2642M) 748.436ms
[15.849s][info][gc,cpu         ] GC(188) User=5.52s Sys=0.19s Real=0.75s
[15.901s][info][gc,start       ] GC(189) Pause Young (Allocation Failure)
[15.933s][info][gc,heap        ] GC(189) PSYoungGen: 43008K(130560K)->43168K(130560K) Eden: 43008K(43008K)->0K(43008K) From: 0K(87552K)->43168K(87552K)
[15.933s][info][gc,heap        ] GC(189) ParOldGen: 2333396K(2574848K)->2333396K(2574848K)
[15.933s][info][gc,metaspace   ] GC(189) Metaspace: 6302K(6528K)->6302K(6528K) NonClass: 5769K(5888K)->5769K(5888K) Class: 533K(640K)->533K(640K)
[15.933s][info][gc             ] GC(189) Pause Young (Allocation Failure) 2320M->2320M(2642M) 31.784ms
[15.933s][info][gc,cpu         ] GC(189) User=0.12s Sys=0.00s Real=0.03s
[15.983s][info][gc,start       ] GC(190) Pause Young (Allocation Failure)
[16.029s][info][gc,heap        ] GC(190) PSYoungGen: 86176K(130560K)->83456K(118272K) Eden: 43008K(43008K)->0K(34816K) From: 43168K(87552K)->83456K(83456K)
[16.029s][info][gc,heap        ] GC(190) ParOldGen: 2333396K(2574848K)->2336116K(2574848K)
[16.029s][info][gc,metaspace   ] GC(190) Metaspace: 6302K(6528K)->6302K(6528K) NonClass: 5769K(5888K)->5769K(5888K) Class: 533K(640K)->533K(640K)
[16.029s][info][gc             ] GC(190) Pause Young (Allocation Failure) 2362M->2362M(2630M) 45.686ms
[16.029s][info][gc,cpu         ] GC(190) User=0.23s Sys=0.00s Real=0.05s
[16.070s][info][gc,start       ] GC(191) Pause Young (Allocation Failure)
[16.159s][info][gc,heap        ] GC(191) PSYoungGen: 118272K(118272K)->35008K(130560K) Eden: 34816K(34816K)->0K(34816K) From: 83456K(83456K)->35008K(95744K)
[16.160s][info][gc,heap        ] GC(191) ParOldGen: 2336116K(2574848K)->2420164K(2574848K)
[16.160s][info][gc,metaspace   ] GC(191) Metaspace: 6302K(6528K)->6302K(6528K) NonClass: 5769K(5888K)->5769K(5888K) Class: 533K(640K)->533K(640K)
[16.160s][info][gc             ] GC(191) Pause Young (Allocation Failure) 2396M->2397M(2642M) 89.622ms
[16.160s][info][gc,cpu         ] GC(191) User=0.33s Sys=0.36s Real=0.09s
[16.202s][info][gc,start       ] GC(192) Pause Young (Allocation Failure)
[16.251s][info][gc,heap        ] GC(192) PSYoungGen: 69824K(130560K)->34976K(125952K) Eden: 34816K(34816K)->0K(38912K) From: 35008K(95744K)->34976K(87040K)
[16.252s][info][gc,heap        ] GC(192) ParOldGen: 2420164K(2574848K)->2455292K(2574848K)
[16.252s][info][gc,metaspace   ] GC(192) Metaspace: 6302K(6528K)->6302K(6528K) NonClass: 5769K(5888K)->5769K(5888K) Class: 533K(640K)->533K(640K)
[16.252s][info][gc             ] GC(192) Pause Young (Allocation Failure) 2431M->2431M(2637M) 49.659ms
[16.252s][info][gc,cpu         ] GC(192) User=0.16s Sys=0.12s Real=0.05s
[16.296s][info][gc,start       ] GC(193) Pause Young (Allocation Failure)
[16.347s][info][gc,heap        ] GC(193) PSYoungGen: 73888K(125952K)->39072K(128512K) Eden: 38912K(38912K)->0K(38912K) From: 34976K(87040K)->39072K(89600K)
[16.347s][info][gc,heap        ] GC(193) ParOldGen: 2455292K(2574848K)->2490420K(2574848K)
[16.347s][info][gc,metaspace   ] GC(193) Metaspace: 6302K(6528K)->6302K(6528K) NonClass: 5769K(5888K)->5769K(5888K) Class: 533K(640K)->533K(640K)
[16.347s][info][gc             ] GC(193) Pause Young (Allocation Failure) 2469M->2470M(2640M) 50.648ms
[16.347s][info][gc,cpu         ] GC(193) User=0.11s Sys=0.17s Real=0.05s
[16.393s][info][gc,start       ] GC(194) Pause Young (Allocation Failure)
[16.447s][info][gc,heap        ] GC(194) PSYoungGen: 77984K(128512K)->39072K(123392K) Eden: 38912K(38912K)->0K(43520K) From: 39072K(89600K)->39072K(79872K)
[16.447s][info][gc,heap        ] GC(194) ParOldGen: 2490420K(2574848K)->2529668K(2574848K)
[16.447s][info][gc,metaspace   ] GC(194) Metaspace: 6302K(6528K)->6302K(6528K) NonClass: 5769K(5888K)->5769K(5888K) Class: 533K(640K)->533K(640K)
[16.447s][info][gc             ] GC(194) Pause Young (Allocation Failure) 2508M->2508M(2635M) 54.073ms
[16.447s][info][gc,cpu         ] GC(194) User=0.20s Sys=0.17s Real=0.05s
[16.447s][info][gc,start       ] GC(195) Pause Full (Ergonomics)
[16.447s][info][gc,phases,start] GC(195) Marking Phase
[17.021s][info][gc,phases      ] GC(195) Marking Phase 573.477ms
[17.021s][info][gc,phases,start] GC(195) Summary Phase
[17.021s][info][gc,phases      ] GC(195) Summary Phase 0.052ms
[17.021s][info][gc,phases,start] GC(195) Adjust Roots
[17.021s][info][gc,phases      ] GC(195) Adjust Roots 0.182ms
[17.021s][info][gc,phases,start] GC(195) Compaction Phase
[17.231s][info][gc,phases      ] GC(195) Compaction Phase 210.547ms
[17.231s][info][gc,phases,start] GC(195) Post Compact
[17.236s][info][gc,phases      ] GC(195) Post Compact 4.149ms
[17.238s][info][gc,heap        ] GC(195) PSYoungGen: 39072K(123392K)->0K(126464K) Eden: 0K(43520K)->0K(43520K) From: 39072K(79872K)->0K(82944K)
[17.238s][info][gc,heap        ] GC(195) ParOldGen: 2529668K(2574848K)->2566680K(2840064K)
[17.238s][info][gc,metaspace   ] GC(195) Metaspace: 6302K(6528K)->6302K(6528K) NonClass: 5769K(5888K)->5769K(5888K) Class: 533K(640K)->533K(640K)
[17.238s][info][gc             ] GC(195) Pause Full (Ergonomics) 2508M->2506M(2897M) 790.748ms
[17.238s][info][gc,cpu         ] GC(195) User=6.02s Sys=0.08s Real=0.79s
[17.293s][info][gc,start       ] GC(196) Pause Young (Allocation Failure)
[17.324s][info][gc,heap        ] GC(196) PSYoungGen: 43520K(126464K)->43680K(121856K) Eden: 43520K(43520K)->0K(47616K) From: 0K(82944K)->43680K(74240K)
[17.324s][info][gc,heap        ] GC(196) ParOldGen: 2566680K(2840064K)->2566680K(2840064K)
[17.324s][info][gc,metaspace   ] GC(196) Metaspace: 6302K(6528K)->6302K(6528K) NonClass: 5769K(5888K)->5769K(5888K) Class: 533K(640K)->533K(640K)
[17.324s][info][gc             ] GC(196) Pause Young (Allocation Failure) 2549M->2549M(2892M) 31.184ms
[17.324s][info][gc,cpu         ] GC(196) User=0.12s Sys=0.00s Real=0.03s
[17.382s][info][gc,start       ] GC(197) Pause Young (Allocation Failure)
[17.437s][info][gc,heap        ] GC(197) PSYoungGen: 91296K(121856K)->78848K(126464K) Eden: 47616K(47616K)->0K(47616K) From: 43680K(74240K)->78848K(78848K)
[17.437s][info][gc,heap        ] GC(197) ParOldGen: 2566680K(2840064K)->2579216K(2840064K)
[17.437s][info][gc,metaspace   ] GC(197) Metaspace: 6302K(6528K)->6302K(6528K) NonClass: 5769K(5888K)->5769K(5888K) Class: 533K(640K)->533K(640K)
[17.437s][info][gc             ] GC(197) Pause Young (Allocation Failure) 2595M->2595M(2897M) 55.090ms
[17.437s][info][gc,cpu         ] GC(197) User=0.33s Sys=0.02s Real=0.06s
[17.497s][info][gc,start       ] GC(198) Pause Young (Allocation Failure)
[17.585s][info][gc,heap        ] GC(198) PSYoungGen: 126464K(126464K)->47808K(136192K) Eden: 47616K(47616K)->0K(52224K) From: 78848K(78848K)->47808K(83968K)
[17.585s][info][gc,heap        ] GC(198) ParOldGen: 2579216K(2840064K)->2658648K(2840064K)
[17.585s][info][gc,metaspace   ] GC(198) Metaspace: 6302K(6528K)->6302K(6528K) NonClass: 5769K(5888K)->5769K(5888K) Class: 533K(640K)->533K(640K)
[17.585s][info][gc             ] GC(198) Pause Young (Allocation Failure) 2642M->2643M(2906M) 88.696ms
[17.585s][info][gc,cpu         ] GC(198) User=0.36s Sys=0.25s Real=0.09s
[17.647s][info][gc,start       ] GC(199) Pause Young (Allocation Failure)
[17.705s][info][gc,heap        ] GC(199) PSYoungGen: 100032K(136192K)->88576K(140800K) Eden: 52224K(52224K)->0K(52224K) From: 47808K(83968K)->88576K(88576K)
[17.705s][info][gc,heap        ] GC(199) ParOldGen: 2658648K(2840064K)->2670160K(2840064K)
[17.705s][info][gc,metaspace   ] GC(199) Metaspace: 6302K(6528K)->6302K(6528K) NonClass: 5769K(5888K)->5769K(5888K) Class: 533K(640K)->533K(640K)
[17.705s][info][gc             ] GC(199) Pause Young (Allocation Failure) 2694M->2694M(2911M) 58.656ms
[17.705s][info][gc,cpu         ] GC(199) User=0.31s Sys=0.08s Real=0.06s
[17.769s][info][gc,start       ] GC(200) Pause Young (Allocation Failure)
[17.873s][info][gc,heap        ] GC(200) PSYoungGen: 140800K(140800K)->52448K(153088K) Eden: 52224K(52224K)->0K(57856K) From: 88576K(88576K)->52448K(95232K)
[17.873s][info][gc,heap        ] GC(200) ParOldGen: 2670160K(2840064K)->2759376K(2840064K)
[17.873s][info][gc,metaspace   ] GC(200) Metaspace: 6302K(6528K)->6302K(6528K) NonClass: 5769K(5888K)->5769K(5888K) Class: 533K(640K)->533K(640K)
[17.873s][info][gc             ] GC(200) Pause Young (Allocation Failure) 2745M->2745M(2923M) 103.902ms
[17.873s][info][gc,cpu         ] GC(200) User=0.52s Sys=0.25s Real=0.10s
[17.873s][info][gc,start       ] GC(201) Pause Full (Ergonomics)
[17.873s][info][gc,phases,start] GC(201) Marking Phase
[18.501s][info][gc,phases      ] GC(201) Marking Phase 627.999ms
[18.501s][info][gc,phases,start] GC(201) Summary Phase
[18.502s][info][gc,phases      ] GC(201) Summary Phase 0.072ms
[18.502s][info][gc,phases,start] GC(201) Adjust Roots
[18.502s][info][gc,phases      ] GC(201) Adjust Roots 0.208ms
[18.502s][info][gc,phases,start] GC(201) Compaction Phase
[18.731s][info][gc,phases      ] GC(201) Compaction Phase 229.513ms
[18.731s][info][gc,phases,start] GC(201) Post Compact
[18.736s][info][gc,phases      ] GC(201) Post Compact 4.793ms
[18.739s][info][gc,heap        ] GC(201) PSYoungGen: 52448K(153088K)->0K(157184K) Eden: 0K(57856K)->0K(57856K) From: 52448K(95232K)->0K(99328K)
[18.739s][info][gc,heap        ] GC(201) ParOldGen: 2759376K(2840064K)->2809724K(3131904K)
[18.739s][info][gc,metaspace   ] GC(201) Metaspace: 6302K(6528K)->6302K(6528K) NonClass: 5769K(5888K)->5769K(5888K) Class: 533K(640K)->533K(640K)
[18.739s][info][gc             ] GC(201) Pause Full (Ergonomics) 2745M->2743M(3212M) 865.489ms
[18.739s][info][gc,cpu         ] GC(201) User=6.58s Sys=0.06s Real=0.87s
[19.424s][info][gc,start       ] GC(202) Pause Young (Allocation Failure)
[19.535s][info][gc,heap        ] GC(202) PSYoungGen: 57856K(157184K)->58080K(155136K) Eden: 57856K(57856K)->0K(62976K) From: 0K(99328K)->58080K(92160K)
[19.535s][info][gc,heap        ] GC(202) ParOldGen: 2940796K(3131904K)->2940796K(3131904K)
[19.535s][info][gc,metaspace   ] GC(202) Metaspace: 6302K(6528K)->6302K(6528K) NonClass: 5769K(5888K)->5769K(5888K) Class: 533K(640K)->533K(640K)
[19.535s][info][gc             ] GC(202) Pause Young (Allocation Failure) 2928M->2928M(3210M) 110.669ms
[19.535s][info][gc,cpu         ] GC(202) User=0.55s Sys=0.02s Real=0.11s
[19.603s][info][gc,start       ] GC(203) Pause Young (Allocation Failure)
[19.678s][info][gc,heap        ] GC(203) PSYoungGen: 121056K(155136K)->96256K(159232K) Eden: 62976K(62976K)->0K(62976K) From: 58080K(92160K)->96256K(96256K)
[19.678s][info][gc,heap        ] GC(203) ParOldGen: 2940796K(3131904K)->2965756K(3131904K)
[19.678s][info][gc,metaspace   ] GC(203) Metaspace: 6302K(6528K)->6302K(6528K) NonClass: 5769K(5888K)->5769K(5888K) Class: 533K(640K)->533K(640K)
[19.678s][info][gc             ] GC(203) Pause Young (Allocation Failure) 2990M->2990M(3214M) 74.414ms
[19.678s][info][gc,cpu         ] GC(203) User=0.38s Sys=0.06s Real=0.07s
[19.745s][info][gc,start       ] GC(204) Pause Young (Allocation Failure)
[19.864s][info][gc,heap        ] GC(204) PSYoungGen: 159232K(159232K)->63200K(177664K) Eden: 62976K(62976K)->0K(69120K) From: 96256K(96256K)->63200K(108544K)
[19.864s][info][gc,heap        ] GC(204) ParOldGen: 2965756K(3131904K)->3062700K(3131904K)
[19.864s][info][gc,metaspace   ] GC(204) Metaspace: 6302K(6528K)->6302K(6528K) NonClass: 5769K(5888K)->5769K(5888K) Class: 533K(640K)->533K(640K)
[19.864s][info][gc             ] GC(204) Pause Young (Allocation Failure) 3051M->3052M(3232M) 119.094ms
[19.864s][info][gc,cpu         ] GC(204) User=0.39s Sys=0.39s Real=0.12s
[19.864s][info][gc,start       ] GC(205) Pause Full (Ergonomics)
[19.864s][info][gc,phases,start] GC(205) Marking Phase
[20.541s][info][gc,phases      ] GC(205) Marking Phase 676.334ms
[20.541s][info][gc,phases,start] GC(205) Summary Phase
[20.541s][info][gc,phases      ] GC(205) Summary Phase 0.074ms
[20.541s][info][gc,phases,start] GC(205) Adjust Roots
[20.541s][info][gc,phases      ] GC(205) Adjust Roots 0.193ms
[20.541s][info][gc,phases,start] GC(205) Compaction Phase
[21.013s][info][gc,phases      ] GC(205) Compaction Phase 471.581ms
[21.013s][info][gc,phases,start] GC(205) Post Compact
[21.020s][info][gc,phases      ] GC(205) Post Compact 6.871ms
[21.022s][info][gc,heap        ] GC(205) PSYoungGen: 63200K(177664K)->0K(181760K) Eden: 0K(69120K)->0K(69120K) From: 63200K(108544K)->0K(112640K)
[21.022s][info][gc,heap        ] GC(205) ParOldGen: 3062700K(3131904K)->3058976K(3415552K)
[21.022s][info][gc,metaspace   ] GC(205) Metaspace: 6302K(6528K)->6302K(6528K) NonClass: 5769K(5888K)->5769K(5888K) Class: 533K(640K)->533K(640K)
[21.022s][info][gc             ] GC(205) Pause Full (Ergonomics) 3052M->2987M(3513M) 1157.583ms
[21.022s][info][gc,cpu         ] GC(205) User=8.14s Sys=0.09s Real=1.16s
[21.088s][info][gc,start       ] GC(206) Pause Young (Allocation Failure)
[21.139s][info][gc,heap        ] GC(206) PSYoungGen: 69120K(181760K)->69376K(182272K) Eden: 69120K(69120K)->0K(74752K) From: 0K(112640K)->69376K(107520K)
[21.139s][info][gc,heap        ] GC(206) ParOldGen: 3058976K(3415552K)->3058976K(3415552K)
[21.139s][info][gc,metaspace   ] GC(206) Metaspace: 6302K(6528K)->6302K(6528K) NonClass: 5769K(5888K)->5769K(5888K) Class: 533K(640K)->533K(640K)
[21.139s][info][gc             ] GC(206) Pause Young (Allocation Failure) 3054M->3055M(3513M) 51.301ms
[21.139s][info][gc,cpu         ] GC(206) User=0.09s Sys=0.02s Real=0.05s
[21.222s][info][gc,start       ] GC(207) Pause Young (Allocation Failure)
[21.304s][info][gc,heap        ] GC(207) PSYoungGen: 144128K(182272K)->110592K(185344K) Eden: 74752K(74752K)->0K(74752K) From: 69376K(107520K)->110592K(110592K)
[21.304s][info][gc,heap        ] GC(207) ParOldGen: 3058976K(3415552K)->3092768K(3415552K)
[21.305s][info][gc,metaspace   ] GC(207) Metaspace: 6302K(6528K)->6302K(6528K) NonClass: 5769K(5888K)->5769K(5888K) Class: 533K(640K)->533K(640K)
[21.305s][info][gc             ] GC(207) Pause Young (Allocation Failure) 3128M->3128M(3516M) 82.652ms
[21.305s][info][gc,cpu         ] GC(207) User=0.45s Sys=0.05s Real=0.08s
[21.384s][info][gc,start       ] GC(208) Pause Young (Allocation Failure)
[21.525s][info][gc,heap        ] GC(208) PSYoungGen: 185344K(185344K)->130656K(201728K) Eden: 74752K(74752K)->0K(65536K) From: 110592K(110592K)->130656K(136192K)
[21.525s][info][gc,heap        ] GC(208) ParOldGen: 3092768K(3415552K)->3148120K(3415552K)
[21.525s][info][gc,metaspace   ] GC(208) Metaspace: 6302K(6528K)->6302K(6528K) NonClass: 5769K(5888K)->5769K(5888K) Class: 533K(640K)->533K(640K)
[21.525s][info][gc             ] GC(208) Pause Young (Allocation Failure) 3201M->3201M(3532M) 140.543ms
[21.525s][info][gc,cpu         ] GC(208) User=0.55s Sys=0.58s Real=0.14s
[21.593s][info][gc,start       ] GC(209) Pause Young (Allocation Failure)
[21.702s][info][gc,heap        ] GC(209) PSYoungGen: 196192K(201728K)->152064K(217600K) Eden: 65536K(65536K)->0K(65536K) From: 130656K(136192K)->152064K(152064K)
[21.702s][info][gc,heap        ] GC(209) ParOldGen: 3148120K(3415552K)->3192560K(3415552K)
[21.702s][info][gc,metaspace   ] GC(209) Metaspace: 6302K(6528K)->6302K(6528K) NonClass: 5769K(5888K)->5769K(5888K) Class: 533K(640K)->533K(640K)
[21.702s][info][gc             ] GC(209) Pause Young (Allocation Failure) 3265M->3266M(3548M) 108.953ms
[21.702s][info][gc,cpu         ] GC(209) User=0.61s Sys=0.16s Real=0.11s
[21.774s][info][gc,start       ] GC(210) Pause Young (Allocation Failure)
[21.922s][info][gc,heap        ] GC(210) PSYoungGen: 217600K(217600K)->108928K(259072K) Eden: 65536K(65536K)->0K(73216K) From: 152064K(152064K)->108928K(185856K)
[21.922s][info][gc,heap        ] GC(210) ParOldGen: 3192560K(3415552K)->3302280K(3415552K)
[21.922s][info][gc,metaspace   ] GC(210) Metaspace: 6302K(6528K)->6302K(6528K) NonClass: 5769K(5888K)->5769K(5888K) Class: 533K(640K)->533K(640K)
[21.922s][info][gc             ] GC(210) Pause Young (Allocation Failure) 3330M->3331M(3588M) 148.708ms
[21.922s][info][gc,cpu         ] GC(210) User=0.59s Sys=0.61s Real=0.15s
[21.923s][info][gc,start       ] GC(211) Pause Full (Ergonomics)
[21.923s][info][gc,phases,start] GC(211) Marking Phase
[22.685s][info][gc,phases      ] GC(211) Marking Phase 762.901ms
[22.686s][info][gc,phases,start] GC(211) Summary Phase
[22.686s][info][gc,phases      ] GC(211) Summary Phase 0.143ms
[22.686s][info][gc,phases,start] GC(211) Adjust Roots
[22.686s][info][gc,phases      ] GC(211) Adjust Roots 0.203ms
[22.686s][info][gc,phases,start] GC(211) Compaction Phase
[23.046s][info][gc,phases      ] GC(211) Compaction Phase 360.551ms
[23.047s][info][gc,phases,start] GC(211) Post Compact
[23.053s][info][gc,phases      ] GC(211) Post Compact 6.627ms
[23.056s][info][gc,heap        ] GC(211) PSYoungGen: 108928K(259072K)->0K(260096K) Eden: 0K(73216K)->0K(73216K) From: 108928K(185856K)->0K(186880K)
[23.056s][info][gc,heap        ] GC(211) ParOldGen: 3302280K(3415552K)->3408522K(3801600K)
[23.056s][info][gc,metaspace   ] GC(211) Metaspace: 6302K(6528K)->6302K(6528K) NonClass: 5769K(5888K)->5769K(5888K) Class: 533K(640K)->533K(640K)
[23.056s][info][gc             ] GC(211) Pause Full (Ergonomics) 3331M->3328M(3966M) 1133.720ms
[23.056s][info][gc,cpu         ] GC(211) User=8.05s Sys=0.22s Real=1.13s
[23.135s][info][gc,start       ] GC(212) Pause Young (Allocation Failure)
[23.186s][info][gc,heap        ] GC(212) PSYoungGen: 73216K(260096K)->73440K(250880K) Eden: 73216K(73216K)->0K(79872K) From: 0K(186880K)->73440K(171008K)
[23.186s][info][gc,heap        ] GC(212) ParOldGen: 3408522K(3801600K)->3408522K(3801600K)
[23.186s][info][gc,metaspace   ] GC(212) Metaspace: 6302K(6528K)->6302K(6528K) NonClass: 5769K(5888K)->5769K(5888K) Class: 533K(640K)->533K(640K)
[23.186s][info][gc             ] GC(212) Pause Young (Allocation Failure) 3400M->3400M(3957M) 50.896ms
[23.186s][info][gc,cpu         ] GC(212) User=0.16s Sys=0.00s Real=0.05s
[23.263s][info][gc,start       ] GC(213) Pause Young (Allocation Failure)
[23.339s][info][gc,heap        ] GC(213) PSYoungGen: 153312K(250880K)->153504K(259584K) Eden: 79872K(79872K)->0K(79872K) From: 73440K(171008K)->153504K(179712K)
[23.339s][info][gc,heap        ] GC(213) ParOldGen: 3408522K(3801600K)->3408522K(3801600K)
[23.339s][info][gc,metaspace   ] GC(213) Metaspace: 6302K(6528K)->6302K(6528K) NonClass: 5769K(5888K)->5769K(5888K) Class: 533K(640K)->533K(640K)
[23.339s][info][gc             ] GC(213) Pause Young (Allocation Failure) 3478M->3478M(3966M) 76.467ms
[23.339s][info][gc,cpu         ] GC(213) User=0.20s Sys=0.00s Real=0.08s
[23.429s][info][gc,start       ] GC(214) Pause Young (Allocation Failure)
[23.599s][info][gc,heap        ] GC(214) PSYoungGen: 233376K(259584K)->195072K(241664K) Eden: 79872K(79872K)->0K(46592K) From: 153504K(179712K)->195072K(195072K)
[23.599s][info][gc,heap        ] GC(214) ParOldGen: 3408522K(3801600K)->3447098K(3801600K)
[23.599s][info][gc,metaspace   ] GC(214) Metaspace: 6302K(6528K)->6302K(6528K) NonClass: 5769K(5888K)->5769K(5888K) Class: 533K(640K)->533K(640K)
[23.599s][info][gc             ] GC(214) Pause Young (Allocation Failure) 3556M->3556M(3948M) 170.686ms
[23.599s][info][gc,cpu         ] GC(214) User=0.88s Sys=0.47s Real=0.17s
[23.651s][info][gc,start       ] GC(215) Pause Young (Allocation Failure)
[23.784s][info][gc,heap        ] GC(215) PSYoungGen: 241664K(241664K)->177728K(282624K) Eden: 46592K(46592K)->0K(46592K) From: 195072K(195072K)->177728K(236032K)
[23.784s][info][gc,heap        ] GC(215) ParOldGen: 3447098K(3801600K)->3511722K(3801600K)
[23.784s][info][gc,metaspace   ] GC(215) Metaspace: 6302K(6528K)->6302K(6528K) NonClass: 5769K(5888K)->5769K(5888K) Class: 533K(640K)->533K(640K)
[23.784s][info][gc             ] GC(215) Pause Young (Allocation Failure) 3602M->3602M(3988M) 133.181ms
[23.784s][info][gc,cpu         ] GC(215) User=0.92s Sys=0.19s Real=0.13s
[23.828s][info][gc,start       ] GC(216) Pause Young (Allocation Failure)
[23.950s][info][gc,heap        ] GC(216) PSYoungGen: 224320K(282624K)->165472K(295936K) Eden: 46592K(46592K)->0K(47104K) From: 177728K(236032K)->165472K(248832K)
[23.950s][info][gc,heap        ] GC(216) ParOldGen: 3511722K(3801600K)->3571042K(3801600K)
[23.950s][info][gc,metaspace   ] GC(216) Metaspace: 6302K(6528K)->6302K(6528K) NonClass: 5769K(5888K)->5769K(5888K) Class: 533K(640K)->533K(640K)
[23.950s][info][gc             ] GC(216) Pause Young (Allocation Failure) 3648M->3648M(4001M) 121.620ms
[23.950s][info][gc,cpu         ] GC(216) User=0.72s Sys=0.17s Real=0.12s
[23.999s][info][gc,start       ] GC(217) Pause Young (Allocation Failure)
[24.125s][info][gc,heap        ] GC(217) PSYoungGen: 212576K(295936K)->140608K(301056K) Eden: 47104K(47104K)->0K(47104K) From: 165472K(248832K)->140608K(253952K)
[24.125s][info][gc,heap        ] GC(217) ParOldGen: 3571042K(3801600K)->3643602K(3801600K)
[24.125s][info][gc,metaspace   ] GC(217) Metaspace: 6302K(6528K)->6302K(6528K) NonClass: 5769K(5888K)->5769K(5888K) Class: 533K(640K)->533K(640K)
[24.125s][info][gc             ] GC(217) Pause Young (Allocation Failure) 3694M->3695M(4006M) 125.855ms
[24.125s][info][gc,cpu         ] GC(217) User=0.66s Sys=0.23s Real=0.13s
[24.173s][info][gc,start       ] GC(218) Pause Young (Allocation Failure)
[24.300s][info][gc,heap        ] GC(218) PSYoungGen: 187712K(301056K)->94464K(287232K) Eden: 47104K(47104K)->0K(53760K) From: 140608K(253952K)->94464K(233472K)
[24.300s][info][gc,heap        ] GC(218) ParOldGen: 3643602K(3801600K)->3737570K(3801600K)
[24.300s][info][gc,metaspace   ] GC(218) Metaspace: 6302K(6528K)->6302K(6528K) NonClass: 5769K(5888K)->5769K(5888K) Class: 533K(640K)->533K(640K)
[24.300s][info][gc             ] GC(218) Pause Young (Allocation Failure) 3741M->3742M(3993M) 127.184ms
[24.300s][info][gc,cpu         ] GC(218) User=0.69s Sys=0.20s Real=0.13s
[24.300s][info][gc,start       ] GC(219) Pause Full (Ergonomics)
[24.300s][info][gc,phases,start] GC(219) Marking Phase
[25.139s][info][gc,phases      ] GC(219) Marking Phase 838.683ms
[25.139s][info][gc,phases,start] GC(219) Summary Phase
[25.139s][info][gc,phases      ] GC(219) Summary Phase 0.063ms
[25.139s][info][gc,phases,start] GC(219) Adjust Roots
[25.139s][info][gc,phases      ] GC(219) Adjust Roots 0.167ms
[25.139s][info][gc,phases,start] GC(219) Compaction Phase
[25.965s][info][gc,phases      ] GC(219) Compaction Phase 825.870ms
[25.965s][info][gc,phases,start] GC(219) Post Compact
[25.972s][info][gc,phases      ] GC(219) Post Compact 7.306ms
[25.976s][info][gc,heap        ] GC(219) PSYoungGen: 94464K(287232K)->27218K(294400K) Eden: 0K(53760K)->0K(60928K) From: 94464K(233472K)->27218K(233472K)
[25.976s][info][gc,heap        ] GC(219) ParOldGen: 3737570K(3801600K)->3801441K(4232192K)
[25.976s][info][gc,metaspace   ] GC(219) Metaspace: 6302K(6528K)->6302K(6528K) NonClass: 5769K(5888K)->5769K(5888K) Class: 533K(640K)->533K(640K)
[25.976s][info][gc             ] GC(219) Pause Full (Ergonomics) 3742M->3738M(4420M) 1675.735ms
[25.976s][info][gc,cpu         ] GC(219) User=11.94s Sys=0.09s Real=1.67s
[26.047s][info][gc,start       ] GC(220) Pause Young (Allocation Failure)
[26.254s][info][gc,heap        ] GC(220) PSYoungGen: 88146K(294400K)->61152K(301568K) Eden: 60928K(60928K)->0K(60928K) From: 27218K(233472K)->61152K(240640K)
[26.254s][info][gc,heap        ] GC(220) ParOldGen: 3801441K(4232192K)->3828953K(4232192K)
[26.254s][info][gc,metaspace   ] GC(220) Metaspace: 6302K(6528K)->6302K(6528K) NonClass: 5769K(5888K)->5769K(5888K) Class: 533K(640K)->533K(640K)
[26.254s][info][gc             ] GC(220) Pause Young (Allocation Failure) 3798M->3798M(4427M) 206.813ms
[26.254s][info][gc,cpu         ] GC(220) User=1.38s Sys=0.03s Real=0.21s
[26.316s][info][gc,start       ] GC(221) Pause Young (Allocation Failure)
[26.401s][info][gc,heap        ] GC(221) PSYoungGen: 122080K(301568K)->61152K(299008K) Eden: 60928K(60928K)->0K(67584K) From: 61152K(240640K)->61152K(231424K)
[26.401s][info][gc,heap        ] GC(221) ParOldGen: 3828953K(4232192K)->3890433K(4232192K)
[26.401s][info][gc,metaspace   ] GC(221) Metaspace: 6302K(6528K)->6302K(6528K) NonClass: 5769K(5888K)->5769K(5888K) Class: 533K(640K)->533K(640K)
[26.401s][info][gc             ] GC(221) Pause Young (Allocation Failure) 3858M->3858M(4425M) 85.100ms
[26.401s][info][gc,cpu         ] GC(221) User=0.33s Sys=0.28s Real=0.09s
[26.471s][info][gc,start       ] GC(222) Pause Young (Allocation Failure)
[26.560s][info][gc,heap        ] GC(222) PSYoungGen: 128736K(299008K)->67840K(302592K) Eden: 67584K(67584K)->0K(67584K) From: 61152K(231424K)->67840K(235008K)
[26.560s][info][gc,heap        ] GC(222) ParOldGen: 3890433K(4232192K)->3951889K(4232192K)
[26.560s][info][gc,metaspace   ] GC(222) Metaspace: 6302K(6528K)->6302K(6528K) NonClass: 5769K(5888K)->5769K(5888K) Class: 533K(640K)->533K(640K)
[26.560s][info][gc             ] GC(222) Pause Young (Allocation Failure) 3924M->3925M(4428M) 88.947ms
[26.560s][info][gc,cpu         ] GC(222) User=0.44s Sys=0.19s Real=0.09s
[26.636s][info][gc,start       ] GC(223) Pause Young (Allocation Failure)
[26.731s][info][gc,heap        ] GC(223) PSYoungGen: 135424K(302592K)->67808K(292352K) Eden: 67584K(67584K)->0K(75264K) From: 67840K(235008K)->67808K(217088K)
[26.731s][info][gc,heap        ] GC(223) ParOldGen: 3951889K(4232192K)->4020081K(4232192K)
[26.731s][info][gc,metaspace   ] GC(223) Metaspace: 6302K(6528K)->6302K(6528K) NonClass: 5769K(5888K)->5769K(5888K) Class: 533K(640K)->533K(640K)
[26.731s][info][gc             ] GC(223) Pause Young (Allocation Failure) 3991M->3992M(4418M) 94.687ms
[26.731s][info][gc,cpu         ] GC(223) User=0.41s Sys=0.23s Real=0.09s
[26.813s][info][gc,start       ] GC(224) Pause Young (Allocation Failure)
[26.913s][info][gc,heap        ] GC(224) PSYoungGen: 143072K(292352K)->75520K(298496K) Eden: 75264K(75264K)->0K(75264K) From: 67808K(217088K)->75520K(223232K)
[26.913s][info][gc,heap        ] GC(224) ParOldGen: 4020081K(4232192K)->4088265K(4232192K)
[26.913s][info][gc,metaspace   ] GC(224) Metaspace: 6302K(6528K)->6302K(6528K) NonClass: 5769K(5888K)->5769K(5888K) Class: 533K(640K)->533K(640K)
[26.913s][info][gc             ] GC(224) Pause Young (Allocation Failure) 4065M->4066M(4424M) 100.023ms
[26.913s][info][gc,cpu         ] GC(224) User=0.45s Sys=0.19s Real=0.10s
[26.986s][info][gc,start       ] GC(225) Pause Young (Allocation Failure)
[27.093s][info][gc,heap        ] GC(225) PSYoungGen: 150784K(298496K)->75488K(283648K) Eden: 75264K(75264K)->0K(83968K) From: 75520K(223232K)->75488K(199680K)
[27.093s][info][gc,heap        ] GC(225) ParOldGen: 4088265K(4232192K)->4164209K(4232192K)
[27.093s][info][gc,metaspace   ] GC(225) Metaspace: 6302K(6528K)->6302K(6528K) NonClass: 5769K(5888K)->5769K(5888K) Class: 533K(640K)->533K(640K)
[27.093s][info][gc             ] GC(225) Pause Young (Allocation Failure) 4139M->4140M(4410M) 107.553ms
[27.093s][info][gc,cpu         ] GC(225) User=0.59s Sys=0.16s Real=0.11s
[27.093s][info][gc,start       ] GC(226) Pause Full (Ergonomics)
[27.093s][info][gc,phases,start] GC(226) Marking Phase
[28.031s][info][gc,phases      ] GC(226) Marking Phase 937.455ms
[28.031s][info][gc,phases,start] GC(226) Summary Phase
[28.031s][info][gc,phases      ] GC(226) Summary Phase 0.057ms
[28.031s][info][gc,phases,start] GC(226) Adjust Roots
[28.031s][info][gc,phases      ] GC(226) Adjust Roots 0.162ms
[28.031s][info][gc,phases,start] GC(226) Compaction Phase
[28.441s][info][gc,phases      ] GC(226) Compaction Phase 409.952ms
[28.441s][info][gc,phases,start] GC(226) Post Compact
[28.447s][info][gc,phases      ] GC(226) Post Compact 6.208ms
[28.449s][info][gc,heap        ] GC(226) PSYoungGen: 75488K(283648K)->4223K(291328K) Eden: 0K(83968K)->0K(91648K) From: 75488K(199680K)->4223K(199680K)
[28.449s][info][gc,heap        ] GC(226) ParOldGen: 4164209K(4232192K)->4231799K(4369408K)
[28.449s][info][gc,metaspace   ] GC(226) Metaspace: 6302K(6528K)->6302K(6528K) NonClass: 5769K(5888K)->5769K(5888K) Class: 533K(640K)->533K(640K)
[28.449s][info][gc             ] GC(226) Pause Full (Ergonomics) 4140M->4136M(4551M) 1355.445ms
[28.449s][info][gc,cpu         ] GC(226) User=9.86s Sys=0.09s Real=1.36s
[28.560s][info][gc,start       ] GC(227) Pause Young (Allocation Failure)
[28.792s][info][gc,heap        ] GC(227) PSYoungGen: 95871K(291328K)->91936K(183808K) Eden: 91648K(91648K)->0K(91648K) From: 4223K(199680K)->91936K(92160K)
[28.792s][info][gc,heap        ] GC(227) ParOldGen: 4231799K(4369408K)->4236111K(4369408K)
[28.792s][info][gc,metaspace   ] GC(227) Metaspace: 6302K(6528K)->6302K(6528K) NonClass: 5769K(5888K)->5769K(5888K) Class: 533K(640K)->533K(640K)
[28.792s][info][gc             ] GC(227) Pause Young (Allocation Failure) 4226M->4226M(4446M) 232.482ms
[28.793s][info][gc,cpu         ] GC(227) User=1.50s Sys=0.00s Real=0.23s
[28.894s][info][gc,start       ] GC(228) Pause Young (Allocation Failure)
[28.993s][info][gc,heap        ] GC(228) PSYoungGen: 183584K(183808K)->183744K(274944K) Eden: 91648K(91648K)->0K(77824K) From: 91936K(92160K)->183744K(197120K)
[28.993s][info][gc,heap        ] GC(228) ParOldGen: 4236111K(4369408K)->4236111K(4369408K)
[28.993s][info][gc,metaspace   ] GC(228) Metaspace: 6302K(6528K)->6302K(6528K) NonClass: 5769K(5888K)->5769K(5888K) Class: 533K(640K)->533K(640K)
[28.993s][info][gc             ] GC(228) Pause Young (Allocation Failure) 4316M->4316M(4535M) 99.612ms
[28.993s][info][gc,cpu         ] GC(228) User=0.66s Sys=0.00s Real=0.10s
[29.072s][info][gc,start       ] GC(229) Pause Young (Allocation Failure)
[29.220s][info][gc,heap        ] GC(229) PSYoungGen: 261568K(274944K)->219648K(297472K) Eden: 77824K(77824K)->0K(77824K) From: 183744K(197120K)->219648K(219648K)
[29.221s][info][gc,heap        ] GC(229) ParOldGen: 4236111K(4369408K)->4278367K(4369408K)
[29.221s][info][gc,metaspace   ] GC(229) Metaspace: 6302K(6528K)->6302K(6528K) NonClass: 5769K(5888K)->5769K(5888K) Class: 533K(640K)->533K(640K)
[29.221s][info][gc             ] GC(229) Pause Young (Allocation Failure) 4392M->4392M(4557M) 148.344ms
[29.221s][info][gc,cpu         ] GC(229) User=0.91s Sys=0.09s Real=0.15s
[29.221s][info][gc,start       ] GC(230) Pause Full (Ergonomics)
[29.221s][info][gc,phases,start] GC(230) Marking Phase
[30.236s][info][gc,phases      ] GC(230) Marking Phase 1015.045ms
[30.236s][info][gc,phases,start] GC(230) Summary Phase
[30.236s][info][gc,phases      ] GC(230) Summary Phase 0.066ms
[30.236s][info][gc,phases,start] GC(230) Adjust Roots
[30.236s][info][gc,phases      ] GC(230) Adjust Roots 0.171ms
[30.236s][info][gc,phases,start] GC(230) Compaction Phase
[30.609s][info][gc,phases      ] GC(230) Compaction Phase 372.883ms
[30.609s][info][gc,phases,start] GC(230) Post Compact
[30.616s][info][gc,phases      ] GC(230) Post Compact 7.326ms
[30.616s][info][gc,heap        ] GC(230) PSYoungGen: 219648K(297472K)->127699K(297472K) Eden: 0K(77824K)->0K(77824K) From: 219648K(219648K)->127699K(219648K)
[30.616s][info][gc,heap        ] GC(230) ParOldGen: 4278367K(4369408K)->4369345K(4369408K)
[30.616s][info][gc,metaspace   ] GC(230) Metaspace: 6302K(6528K)->6302K(6528K) NonClass: 5769K(5888K)->5769K(5888K) Class: 533K(640K)->533K(640K)
[30.617s][info][gc             ] GC(230) Pause Full (Ergonomics) 4392M->4391M(4557M) 1395.862ms
[30.617s][info][gc,cpu         ] GC(230) User=10.41s Sys=0.19s Real=1.40s
[30.713s][info][gc,start       ] GC(231) Pause Full (Ergonomics)
[30.713s][info][gc,phases,start] GC(231) Marking Phase
[31.739s][info][gc,phases      ] GC(231) Marking Phase 1026.368ms
[31.739s][info][gc,phases,start] GC(231) Summary Phase
[31.739s][info][gc,phases      ] GC(231) Summary Phase 0.052ms
[31.739s][info][gc,phases,start] GC(231) Adjust Roots
[31.740s][info][gc,phases      ] GC(231) Adjust Roots 0.163ms
[31.740s][info][gc,phases,start] GC(231) Compaction Phase
[32.043s][info][gc,phases      ] GC(231) Compaction Phase 303.916ms
[32.044s][info][gc,phases,start] GC(231) Post Compact
[32.050s][info][gc,phases      ] GC(231) Post Compact 6.864ms
[32.051s][info][gc,heap        ] GC(231) PSYoungGen: 205523K(297472K)->205489K(297472K) Eden: 77824K(77824K)->77790K(77824K) From: 127699K(219648K)->127699K(219648K)
[32.051s][info][gc,heap        ] GC(231) ParOldGen: 4369345K(4369408K)->4369345K(4369408K)
[32.051s][info][gc,metaspace   ] GC(231) Metaspace: 6302K(6528K)->6302K(6528K) NonClass: 5769K(5888K)->5769K(5888K) Class: 533K(640K)->533K(640K)
[32.051s][info][gc             ] GC(231) Pause Full (Ergonomics) 4467M->4467M(4557M) 1337.785ms
[32.051s][info][gc,cpu         ] GC(231) User=10.25s Sys=0.00s Real=1.34s
[32.051s][info][gc,start       ] GC(232) Pause Full (Ergonomics)
[32.051s][info][gc,phases,start] GC(232) Marking Phase
[33.076s][info][gc,phases      ] GC(232) Marking Phase 1024.996ms
[33.076s][info][gc,phases,start] GC(232) Summary Phase
[33.076s][info][gc,phases      ] GC(232) Summary Phase 0.058ms
[33.076s][info][gc,phases,start] GC(232) Adjust Roots
[33.076s][info][gc,phases      ] GC(232) Adjust Roots 0.165ms
[33.076s][info][gc,phases,start] GC(232) Compaction Phase
[33.369s][info][gc,phases      ] GC(232) Compaction Phase 293.021ms
[33.369s][info][gc,phases,start] GC(232) Post Compact
[33.376s][info][gc,phases      ] GC(232) Post Compact 6.815ms
[33.376s][info][gc,heap        ] GC(232) PSYoungGen: 205523K(297472K)->205523K(297472K) Eden: 77824K(77824K)->77823K(77824K) From: 127699K(219648K)->127699K(219648K)
[33.376s][info][gc,heap        ] GC(232) ParOldGen: 4369345K(4369408K)->4369345K(4369408K)
[33.376s][info][gc,metaspace   ] GC(232) Metaspace: 6302K(6528K)->6302K(6528K) NonClass: 5769K(5888K)->5769K(5888K) Class: 533K(640K)->533K(640K)
[33.376s][info][gc             ] GC(232) Pause Full (Ergonomics) 4467M->4467M(4557M) 1325.402ms
[33.376s][info][gc,cpu         ] GC(232) User=10.09s Sys=0.00s Real=1.32s
[33.376s][info][gc,start       ] GC(233) Pause Full (Ergonomics)
[33.376s][info][gc,phases,start] GC(233) Marking Phase
[34.398s][info][gc,phases      ] GC(233) Marking Phase 1021.845ms
[34.398s][info][gc,phases,start] GC(233) Summary Phase
[34.398s][info][gc,phases      ] GC(233) Summary Phase 0.063ms
[34.398s][info][gc,phases,start] GC(233) Adjust Roots
[34.399s][info][gc,phases      ] GC(233) Adjust Roots 0.171ms
[34.399s][info][gc,phases,start] GC(233) Compaction Phase
[34.693s][info][gc,phases      ] GC(233) Compaction Phase 294.188ms
[34.693s][info][gc,phases,start] GC(233) Post Compact
[34.699s][info][gc,phases      ] GC(233) Post Compact 6.216ms
[34.699s][info][gc,heap        ] GC(233) PSYoungGen: 205523K(297472K)->205523K(297472K) Eden: 77823K(77824K)->77823K(77824K) From: 127699K(219648K)->127699K(219648K)
[34.699s][info][gc,heap        ] GC(233) ParOldGen: 4369345K(4369408K)->4369345K(4369408K)
[34.699s][info][gc,metaspace   ] GC(233) Metaspace: 6302K(6528K)->6302K(6528K) NonClass: 5769K(5888K)->5769K(5888K) Class: 533K(640K)->533K(640K)
[34.699s][info][gc             ] GC(233) Pause Full (Ergonomics) 4467M->4467M(4557M) 1322.821ms
[34.699s][info][gc,cpu         ] GC(233) User=10.30s Sys=0.00s Real=1.32s
[34.699s][info][gc,start       ] GC(234) Pause Full (Ergonomics)
[34.700s][info][gc,phases,start] GC(234) Marking Phase
[35.732s][info][gc,phases      ] GC(234) Marking Phase 1032.077ms
[35.732s][info][gc,phases,start] GC(234) Summary Phase
[35.732s][info][gc,phases      ] GC(234) Summary Phase 0.053ms
[35.732s][info][gc,phases,start] GC(234) Adjust Roots
[35.732s][info][gc,phases      ] GC(234) Adjust Roots 0.230ms
[35.732s][info][gc,phases,start] GC(234) Compaction Phase
[36.038s][info][gc,phases      ] GC(234) Compaction Phase 306.111ms
[36.038s][info][gc,phases,start] GC(234) Post Compact
[36.045s][info][gc,phases      ] GC(234) Post Compact 6.964ms
[36.045s][info][gc,heap        ] GC(234) PSYoungGen: 205523K(297472K)->205523K(297472K) Eden: 77823K(77824K)->77823K(77824K) From: 127699K(219648K)->127699K(219648K)
[36.045s][info][gc,heap        ] GC(234) ParOldGen: 4369350K(4369408K)->4369350K(4369408K)
[36.045s][info][gc,metaspace   ] GC(234) Metaspace: 6302K(6528K)->6302K(6528K) NonClass: 5769K(5888K)->5769K(5888K) Class: 533K(640K)->533K(640K)
[36.045s][info][gc             ] GC(234) Pause Full (Ergonomics) 4467M->4467M(4557M) 1345.814ms
[36.045s][info][gc,cpu         ] GC(234) User=10.14s Sys=0.00s Real=1.35s
[36.046s][info][gc,start       ] GC(235) Pause Full (Ergonomics)
[36.046s][info][gc,phases,start] GC(235) Marking Phase
[37.066s][info][gc,phases      ] GC(235) Marking Phase 1020.417ms
[37.066s][info][gc,phases,start] GC(235) Summary Phase
[37.066s][info][gc,phases      ] GC(235) Summary Phase 0.051ms
[37.066s][info][gc,phases,start] GC(235) Adjust Roots
[37.066s][info][gc,phases      ] GC(235) Adjust Roots 0.163ms
[37.066s][info][gc,phases,start] GC(235) Compaction Phase
[37.358s][info][gc,phases      ] GC(235) Compaction Phase 291.429ms
[37.358s][info][gc,phases,start] GC(235) Post Compact
[37.364s][info][gc,phases      ] GC(235) Post Compact 6.393ms
[37.364s][info][gc,heap        ] GC(235) PSYoungGen: 205523K(297472K)->205523K(297472K) Eden: 77823K(77824K)->77823K(77824K) From: 127699K(219648K)->127699K(219648K)
[37.364s][info][gc,heap        ] GC(235) ParOldGen: 4369354K(4369408K)->4369354K(4369408K)
[37.364s][info][gc,metaspace   ] GC(235) Metaspace: 6302K(6528K)->6302K(6528K) NonClass: 5769K(5888K)->5769K(5888K) Class: 533K(640K)->533K(640K)
[37.364s][info][gc             ] GC(235) Pause Full (Ergonomics) 4467M->4467M(4557M) 1318.811ms
[37.364s][info][gc,cpu         ] GC(235) User=10.06s Sys=0.00s Real=1.32s
[37.365s][info][gc,start       ] GC(236) Pause Full (Ergonomics)
[37.365s][info][gc,phases,start] GC(236) Marking Phase
[38.398s][info][gc,phases      ] GC(236) Marking Phase 1032.936ms
[38.398s][info][gc,phases,start] GC(236) Summary Phase
[38.398s][info][gc,phases      ] GC(236) Summary Phase 0.051ms
[38.398s][info][gc,phases,start] GC(236) Adjust Roots
[38.398s][info][gc,phases      ] GC(236) Adjust Roots 0.159ms
[38.398s][info][gc,phases,start] GC(236) Compaction Phase
[38.696s][info][gc,phases      ] GC(236) Compaction Phase 297.853ms
[38.696s][info][gc,phases,start] GC(236) Post Compact
[38.704s][info][gc,phases      ] GC(236) Post Compact 8.378ms
[38.704s][info][gc,heap        ] GC(236) PSYoungGen: 205523K(297472K)->205523K(297472K) Eden: 77823K(77824K)->77823K(77824K) From: 127699K(219648K)->127699K(219648K)
[38.704s][info][gc,heap        ] GC(236) ParOldGen: 4369359K(4369408K)->4369359K(4369408K)
[38.704s][info][gc,metaspace   ] GC(236) Metaspace: 6302K(6528K)->6302K(6528K) NonClass: 5769K(5888K)->5769K(5888K) Class: 533K(640K)->533K(640K)
[38.704s][info][gc             ] GC(236) Pause Full (Ergonomics) 4467M->4467M(4557M) 1339.770ms
[38.704s][info][gc,cpu         ] GC(236) User=10.38s Sys=0.02s Real=1.34s
[38.705s][info][gc,start       ] GC(237) Pause Full (Ergonomics)
[38.705s][info][gc,phases,start] GC(237) Marking Phase
[39.729s][info][gc,phases      ] GC(237) Marking Phase 1024.713ms
[39.729s][info][gc,phases,start] GC(237) Summary Phase
[39.729s][info][gc,phases      ] GC(237) Summary Phase 0.054ms
[39.729s][info][gc,phases,start] GC(237) Adjust Roots
[39.730s][info][gc,phases      ] GC(237) Adjust Roots 0.216ms
[39.730s][info][gc,phases,start] GC(237) Compaction Phase
[40.017s][info][gc,phases      ] GC(237) Compaction Phase 286.816ms
[40.017s][info][gc,phases,start] GC(237) Post Compact
[40.023s][info][gc,phases      ] GC(237) Post Compact 6.028ms
[40.023s][info][gc,heap        ] GC(237) PSYoungGen: 205523K(297472K)->205523K(297472K) Eden: 77823K(77824K)->77823K(77824K) From: 127699K(219648K)->127699K(219648K)
[40.023s][info][gc,heap        ] GC(237) ParOldGen: 4369364K(4369408K)->4369364K(4369408K)
[40.023s][info][gc,metaspace   ] GC(237) Metaspace: 6302K(6528K)->6302K(6528K) NonClass: 5769K(5888K)->5769K(5888K) Class: 533K(640K)->533K(640K)
[40.023s][info][gc             ] GC(237) Pause Full (Ergonomics) 4467M->4467M(4557M) 1318.174ms
[40.023s][info][gc,cpu         ] GC(237) User=10.11s Sys=0.00s Real=1.32s
[40.023s][info][gc,start       ] GC(238) Pause Full (Ergonomics)
[40.023s][info][gc,phases,start] GC(238) Marking Phase
[41.061s][info][gc,phases      ] GC(238) Marking Phase 1037.535ms
[41.061s][info][gc,phases,start] GC(238) Summary Phase
[41.061s][info][gc,phases      ] GC(238) Summary Phase 0.060ms
[41.061s][info][gc,phases,start] GC(238) Adjust Roots
[41.061s][info][gc,phases      ] GC(238) Adjust Roots 0.170ms
[41.061s][info][gc,phases,start] GC(238) Compaction Phase
[41.359s][info][gc,phases      ] GC(238) Compaction Phase 297.769ms
[41.359s][info][gc,phases,start] GC(238) Post Compact
[41.366s][info][gc,phases      ] GC(238) Post Compact 6.789ms
[41.366s][info][gc,heap        ] GC(238) PSYoungGen: 205523K(297472K)->205523K(297472K) Eden: 77823K(77824K)->77823K(77824K) From: 127699K(219648K)->127699K(219648K)
[41.366s][info][gc,heap        ] GC(238) ParOldGen: 4369369K(4369408K)->4369369K(4369408K)
[41.366s][info][gc,metaspace   ] GC(238) Metaspace: 6302K(6528K)->6302K(6528K) NonClass: 5769K(5888K)->5769K(5888K) Class: 533K(640K)->533K(640K)
[41.366s][info][gc             ] GC(238) Pause Full (Ergonomics) 4467M->4467M(4557M) 1342.669ms
[41.366s][info][gc,cpu         ] GC(238) User=10.09s Sys=0.03s Real=1.34s
[41.366s][info][gc,start       ] GC(239) Pause Full (Ergonomics)
[41.366s][info][gc,phases,start] GC(239) Marking Phase
[42.405s][info][gc,phases      ] GC(239) Marking Phase 1038.661ms
[42.405s][info][gc,phases,start] GC(239) Summary Phase
[42.405s][info][gc,phases      ] GC(239) Summary Phase 0.051ms
[42.405s][info][gc,phases,start] GC(239) Adjust Roots
[42.405s][info][gc,phases      ] GC(239) Adjust Roots 0.164ms
[42.405s][info][gc,phases,start] GC(239) Compaction Phase
[42.715s][info][gc,phases      ] GC(239) Compaction Phase 310.385ms
[42.715s][info][gc,phases,start] GC(239) Post Compact
[42.723s][info][gc,phases      ] GC(239) Post Compact 7.217ms
[42.723s][info][gc,heap        ] GC(239) PSYoungGen: 205523K(297472K)->205523K(297472K) Eden: 77823K(77824K)->77823K(77824K) From: 127699K(219648K)->127699K(219648K)
[42.723s][info][gc,heap        ] GC(239) ParOldGen: 4369374K(4369408K)->4369374K(4369408K)
[42.723s][info][gc,metaspace   ] GC(239) Metaspace: 6302K(6528K)->6302K(6528K) NonClass: 5769K(5888K)->5769K(5888K) Class: 533K(640K)->533K(640K)
[42.723s][info][gc             ] GC(239) Pause Full (Ergonomics) 4467M->4467M(4557M) 1356.829ms
[42.723s][info][gc,cpu         ] GC(239) User=10.31s Sys=0.00s Real=1.36s
[42.723s][info][gc,start       ] GC(240) Pause Full (Ergonomics)
[42.723s][info][gc,phases,start] GC(240) Marking Phase
[43.768s][info][gc,phases      ] GC(240) Marking Phase 1045.153ms
[43.768s][info][gc,phases,start] GC(240) Summary Phase
[43.768s][info][gc,phases      ] GC(240) Summary Phase 0.051ms
[43.768s][info][gc,phases,start] GC(240) Adjust Roots
[43.768s][info][gc,phases      ] GC(240) Adjust Roots 0.167ms
[43.768s][info][gc,phases,start] GC(240) Compaction Phase
[44.066s][info][gc,phases      ] GC(240) Compaction Phase 297.472ms
[44.066s][info][gc,phases,start] GC(240) Post Compact
[44.073s][info][gc,phases      ] GC(240) Post Compact 6.621ms
[44.073s][info][gc,heap        ] GC(240) PSYoungGen: 205523K(297472K)->205523K(297472K) Eden: 77823K(77824K)->77823K(77824K) From: 127699K(219648K)->127699K(219648K)
[44.073s][info][gc,heap        ] GC(240) ParOldGen: 4369379K(4369408K)->4369379K(4369408K)
[44.073s][info][gc,metaspace   ] GC(240) Metaspace: 6302K(6528K)->6302K(6528K) NonClass: 5769K(5888K)->5769K(5888K) Class: 533K(640K)->533K(640K)
[44.073s][info][gc             ] GC(240) Pause Full (Ergonomics) 4467M->4467M(4557M) 1349.814ms
[44.073s][info][gc,cpu         ] GC(240) User=10.44s Sys=0.00s Real=1.35s
[44.073s][info][gc,start       ] GC(241) Pause Full (Ergonomics)
[44.073s][info][gc,phases,start] GC(241) Marking Phase
[45.122s][info][gc,phases      ] GC(241) Marking Phase 1048.648ms
[45.122s][info][gc,phases,start] GC(241) Summary Phase
[45.122s][info][gc,phases      ] GC(241) Summary Phase 0.060ms
[45.122s][info][gc,phases,start] GC(241) Adjust Roots
[45.122s][info][gc,phases      ] GC(241) Adjust Roots 0.206ms
[45.122s][info][gc,phases,start] GC(241) Compaction Phase
[45.456s][info][gc,phases      ] GC(241) Compaction Phase 333.845ms
[45.456s][info][gc,phases,start] GC(241) Post Compact
[45.463s][info][gc,phases      ] GC(241) Post Compact 6.902ms
[45.463s][info][gc,heap        ] GC(241) PSYoungGen: 205523K(297472K)->205523K(297472K) Eden: 77823K(77824K)->77823K(77824K) From: 127699K(219648K)->127699K(219648K)
[45.463s][info][gc,heap        ] GC(241) ParOldGen: 4369383K(4369408K)->4369383K(4369408K)
[45.463s][info][gc,metaspace   ] GC(241) Metaspace: 6302K(6528K)->6302K(6528K) NonClass: 5769K(5888K)->5769K(5888K) Class: 533K(640K)->533K(640K)
[45.463s][info][gc             ] GC(241) Pause Full (Ergonomics) 4467M->4467M(4557M) 1390.045ms
[45.463s][info][gc,cpu         ] GC(241) User=10.25s Sys=0.00s Real=1.39s
[45.463s][info][gc,start       ] GC(242) Pause Full (Ergonomics)
[45.463s][info][gc,phases,start] GC(242) Marking Phase
[46.478s][info][gc,phases      ] GC(242) Marking Phase 1014.964ms
[46.478s][info][gc,phases,start] GC(242) Summary Phase
[46.478s][info][gc,phases      ] GC(242) Summary Phase 0.050ms
[46.478s][info][gc,phases,start] GC(242) Adjust Roots
[46.479s][info][gc,phases      ] GC(242) Adjust Roots 0.163ms
[46.479s][info][gc,phases,start] GC(242) Compaction Phase
[46.814s][info][gc,phases      ] GC(242) Compaction Phase 335.379ms
[46.814s][info][gc,phases,start] GC(242) Post Compact
[46.821s][info][gc,phases      ] GC(242) Post Compact 6.918ms
[46.821s][info][gc,heap        ] GC(242) PSYoungGen: 205523K(297472K)->205523K(297472K) Eden: 77823K(77824K)->77823K(77824K) From: 127699K(219648K)->127699K(219648K)
[46.821s][info][gc,heap        ] GC(242) ParOldGen: 4369388K(4369408K)->4369388K(4369408K)
[46.821s][info][gc,metaspace   ] GC(242) Metaspace: 6302K(6528K)->6302K(6528K) NonClass: 5769K(5888K)->5769K(5888K) Class: 533K(640K)->533K(640K)
[46.821s][info][gc             ] GC(242) Pause Full (Ergonomics) 4467M->4467M(4557M) 1357.869ms
[46.821s][info][gc,cpu         ] GC(242) User=9.94s Sys=0.00s Real=1.36s
[46.821s][info][gc,start       ] GC(243) Pause Full (Ergonomics)
[46.821s][info][gc,phases,start] GC(243) Marking Phase
[47.840s][info][gc,phases      ] GC(243) Marking Phase 1018.491ms
[47.840s][info][gc,phases,start] GC(243) Summary Phase
[47.840s][info][gc,phases      ] GC(243) Summary Phase 0.086ms
[47.840s][info][gc,phases,start] GC(243) Adjust Roots
[47.840s][info][gc,phases      ] GC(243) Adjust Roots 0.187ms
[47.840s][info][gc,phases,start] GC(243) Compaction Phase
[48.170s][info][gc,phases      ] GC(243) Compaction Phase 329.562ms
[48.170s][info][gc,phases,start] GC(243) Post Compact
[48.177s][info][gc,phases      ] GC(243) Post Compact 6.846ms
[48.177s][info][gc,heap        ] GC(243) PSYoungGen: 205523K(297472K)->205523K(297472K) Eden: 77823K(77824K)->77823K(77824K) From: 127699K(219648K)->127699K(219648K)
[48.177s][info][gc,heap        ] GC(243) ParOldGen: 4369393K(4369408K)->4369393K(4369408K)
[48.177s][info][gc,metaspace   ] GC(243) Metaspace: 6302K(6528K)->6302K(6528K) NonClass: 5769K(5888K)->5769K(5888K) Class: 533K(640K)->533K(640K)
[48.177s][info][gc             ] GC(243) Pause Full (Ergonomics) 4467M->4467M(4557M) 1355.533ms
[48.177s][info][gc,cpu         ] GC(243) User=10.11s Sys=0.00s Real=1.36s
[48.177s][info][gc,start       ] GC(244) Pause Full (Ergonomics)
[48.177s][info][gc,phases,start] GC(244) Marking Phase
[49.222s][info][gc,phases      ] GC(244) Marking Phase 1044.722ms
[49.222s][info][gc,phases,start] GC(244) Summary Phase
[49.222s][info][gc,phases      ] GC(244) Summary Phase 0.052ms
[49.222s][info][gc,phases,start] GC(244) Adjust Roots
[49.222s][info][gc,phases      ] GC(244) Adjust Roots 0.162ms
[49.222s][info][gc,phases,start] GC(244) Compaction Phase
[49.538s][info][gc,phases      ] GC(244) Compaction Phase 315.881ms
[49.538s][info][gc,phases,start] GC(244) Post Compact
[49.546s][info][gc,phases      ] GC(244) Post Compact 8.231ms
[49.547s][info][gc,heap        ] GC(244) PSYoungGen: 205523K(297472K)->205523K(297472K) Eden: 77823K(77824K)->77823K(77824K) From: 127699K(219648K)->127699K(219648K)
[49.547s][info][gc,heap        ] GC(244) ParOldGen: 4369398K(4369408K)->4369398K(4369408K)
[49.547s][info][gc,metaspace   ] GC(244) Metaspace: 6302K(6528K)->6302K(6528K) NonClass: 5769K(5888K)->5769K(5888K) Class: 533K(640K)->533K(640K)
[49.547s][info][gc             ] GC(244) Pause Full (Ergonomics) 4467M->4467M(4557M) 1369.459ms
[49.547s][info][gc,cpu         ] GC(244) User=10.53s Sys=0.00s Real=1.37s
[49.547s][info][gc,start       ] GC(245) Pause Full (Ergonomics)
[49.547s][info][gc,phases,start] GC(245) Marking Phase
[50.586s][info][gc,phases      ] GC(245) Marking Phase 1039.556ms
[50.586s][info][gc,phases,start] GC(245) Summary Phase
[50.587s][info][gc,phases      ] GC(245) Summary Phase 0.051ms
[50.587s][info][gc,phases,start] GC(245) Adjust Roots
[50.587s][info][gc,phases      ] GC(245) Adjust Roots 0.194ms
[50.587s][info][gc,phases,start] GC(245) Compaction Phase
[50.878s][info][gc,phases      ] GC(245) Compaction Phase 291.133ms
[50.878s][info][gc,phases,start] GC(245) Post Compact
[50.884s][info][gc,phases      ] GC(245) Post Compact 6.260ms
[50.884s][info][gc,heap        ] GC(245) PSYoungGen: 205523K(297472K)->205523K(297472K) Eden: 77823K(77824K)->77823K(77824K) From: 127699K(219648K)->127699K(219648K)
[50.884s][info][gc,heap        ] GC(245) ParOldGen: 4369403K(4369408K)->4369403K(4369408K)
[50.884s][info][gc,metaspace   ] GC(245) Metaspace: 6302K(6528K)->6302K(6528K) NonClass: 5769K(5888K)->5769K(5888K) Class: 533K(640K)->533K(640K)
[50.884s][info][gc             ] GC(245) Pause Full (Ergonomics) 4467M->4467M(4557M) 1337.537ms
[50.884s][info][gc,cpu         ] GC(245) User=10.33s Sys=0.00s Real=1.34s
[50.885s][info][gc,start       ] GC(246) Pause Full (Ergonomics)
[50.885s][info][gc,phases,start] GC(246) Marking Phase
[51.915s][info][gc,phases      ] GC(246) Marking Phase 1030.843ms
[51.916s][info][gc,phases,start] GC(246) Summary Phase
[51.916s][info][gc,phases      ] GC(246) Summary Phase 0.051ms
[51.916s][info][gc,phases,start] GC(246) Adjust Roots
[51.916s][info][gc,phases      ] GC(246) Adjust Roots 0.162ms
[51.916s][info][gc,phases,start] GC(246) Compaction Phase
[52.218s][info][gc,phases      ] GC(246) Compaction Phase 302.478ms
[52.218s][info][gc,phases,start] GC(246) Post Compact
[52.225s][info][gc,phases      ] GC(246) Post Compact 6.957ms
[52.225s][info][gc,heap        ] GC(246) PSYoungGen: 205523K(297472K)->205523K(297472K) Eden: 77823K(77824K)->77823K(77824K) From: 127699K(219648K)->127699K(219648K)
[52.225s][info][gc,heap        ] GC(246) ParOldGen: 4369407K(4369408K)->4369407K(4369408K)
[52.225s][info][gc,metaspace   ] GC(246) Metaspace: 6302K(6528K)->6302K(6528K) NonClass: 5769K(5888K)->5769K(5888K) Class: 533K(640K)->533K(640K)
[52.225s][info][gc             ] GC(246) Pause Full (Ergonomics) 4467M->4467M(4557M) 1340.837ms
[52.225s][info][gc,cpu         ] GC(246) User=10.33s Sys=0.00s Real=1.34s
[52.225s][info][gc,start       ] GC(247) Pause Full (Allocation Failure)
[52.226s][info][gc,phases,start] GC(247) Marking Phase
[53.262s][info][gc,phases      ] GC(247) Marking Phase 1036.134ms
[53.262s][info][gc,phases,start] GC(247) Summary Phase
[53.262s][info][gc,phases      ] GC(247) Summary Phase 0.053ms
[53.262s][info][gc,phases,start] GC(247) Adjust Roots
[53.262s][info][gc,phases      ] GC(247) Adjust Roots 0.389ms
[53.262s][info][gc,phases,start] GC(247) Compaction Phase
[54.392s][info][gc,phases      ] GC(247) Compaction Phase 1130.161ms
[54.393s][info][gc,phases,start] GC(247) Post Compact
[54.400s][info][gc,phases      ] GC(247) Post Compact 7.253ms
[54.400s][info][gc,heap        ] GC(247) PSYoungGen: 205523K(297472K)->205523K(297472K) Eden: 77823K(77824K)->77823K(77824K) From: 127699K(219648K)->127699K(219648K)
[54.400s][info][gc,heap        ] GC(247) ParOldGen: 4369407K(4369408K)->4369403K(4369408K)
[54.400s][info][gc,metaspace   ] GC(247) Metaspace: 6302K(6528K)->6300K(6528K) NonClass: 5769K(5888K)->5768K(5888K) Class: 533K(640K)->532K(640K)
[54.400s][info][gc             ] GC(247) Pause Full (Allocation Failure) 4467M->4467M(4557M) 2174.495ms
[54.400s][info][gc,cpu         ] GC(247) User=16.06s Sys=0.03s Real=2.18s
[54.400s][info][gc,start       ] GC(248) Pause Full (Ergonomics)
[54.400s][info][gc,phases,start] GC(248) Marking Phase
[55.440s][info][gc,phases      ] GC(248) Marking Phase 1039.326ms
[55.440s][info][gc,phases,start] GC(248) Summary Phase
[55.440s][info][gc,phases      ] GC(248) Summary Phase 0.055ms
[55.440s][info][gc,phases,start] GC(248) Adjust Roots
[55.440s][info][gc,phases      ] GC(248) Adjust Roots 0.195ms
[55.440s][info][gc,phases,start] GC(248) Compaction Phase
[55.739s][info][gc,phases      ] GC(248) Compaction Phase 298.976ms
[55.739s][info][gc,phases,start] GC(248) Post Compact
[55.745s][info][gc,phases      ] GC(248) Post Compact 6.257ms
[55.745s][info][gc,heap        ] GC(248) PSYoungGen: 205523K(297472K)->205523K(297472K) Eden: 77823K(77824K)->77823K(77824K) From: 127699K(219648K)->127699K(219648K)
[55.745s][info][gc,heap        ] GC(248) ParOldGen: 4369403K(4369408K)->4369403K(4369408K)
[55.746s][info][gc,metaspace   ] GC(248) Metaspace: 6300K(6528K)->6300K(6528K) NonClass: 5768K(5888K)->5768K(5888K) Class: 532K(640K)->532K(640K)
[55.746s][info][gc             ] GC(248) Pause Full (Ergonomics) 4467M->4467M(4557M) 1345.141ms
[55.746s][info][gc,cpu         ] GC(248) User=10.28s Sys=0.00s Real=1.35s
[55.746s][info][gc,start       ] GC(249) Pause Full (Ergonomics)
[55.746s][info][gc,phases,start] GC(249) Marking Phase
[56.799s][info][gc,phases      ] GC(249) Marking Phase 1052.990ms
[56.799s][info][gc,phases,start] GC(249) Summary Phase
[56.799s][info][gc,phases      ] GC(249) Summary Phase 0.051ms
[56.799s][info][gc,phases,start] GC(249) Adjust Roots
[56.799s][info][gc,phases      ] GC(249) Adjust Roots 0.188ms
[56.799s][info][gc,phases,start] GC(249) Compaction Phase
[57.099s][info][gc,phases      ] GC(249) Compaction Phase 299.148ms
[57.099s][info][gc,phases,start] GC(249) Post Compact
[57.106s][info][gc,phases      ] GC(249) Post Compact 6.974ms
[57.106s][info][gc,heap        ] GC(249) PSYoungGen: 205523K(297472K)->205523K(297472K) Eden: 77823K(77824K)->77823K(77824K) From: 127699K(219648K)->127699K(219648K)
[57.106s][info][gc,heap        ] GC(249) ParOldGen: 4369407K(4369408K)->4369407K(4369408K)
[57.106s][info][gc,metaspace   ] GC(249) Metaspace: 6300K(6528K)->6300K(6528K) NonClass: 5768K(5888K)->5768K(5888K) Class: 532K(640K)->532K(640K)
[57.106s][info][gc             ] GC(249) Pause Full (Ergonomics) 4467M->4467M(4557M) 1359.721ms
[57.106s][info][gc,cpu         ] GC(249) User=10.34s Sys=0.00s Real=1.36s
[57.106s][info][gc,start       ] GC(250) Pause Full (Allocation Failure)
[57.106s][info][gc,phases,start] GC(250) Marking Phase
[58.147s][info][gc,phases      ] GC(250) Marking Phase 1041.089ms
[58.147s][info][gc,phases,start] GC(250) Summary Phase
[58.147s][info][gc,phases      ] GC(250) Summary Phase 0.060ms
[58.147s][info][gc,phases,start] GC(250) Adjust Roots
[58.147s][info][gc,phases      ] GC(250) Adjust Roots 0.191ms
[58.147s][info][gc,phases,start] GC(250) Compaction Phase
[58.443s][info][gc,phases      ] GC(250) Compaction Phase 296.169ms
[58.443s][info][gc,phases,start] GC(250) Post Compact
[58.450s][info][gc,phases      ] GC(250) Post Compact 6.234ms
[58.450s][info][gc,heap        ] GC(250) PSYoungGen: 205523K(297472K)->205523K(297472K) Eden: 77823K(77824K)->77823K(77824K) From: 127699K(219648K)->127699K(219648K)
[58.450s][info][gc,heap        ] GC(250) ParOldGen: 4369407K(4369408K)->4369407K(4369408K)
[58.450s][info][gc,metaspace   ] GC(250) Metaspace: 6300K(6528K)->6300K(6528K) NonClass: 5768K(5888K)->5768K(5888K) Class: 532K(640K)->532K(640K)
[58.450s][info][gc             ] GC(250) Pause Full (Allocation Failure) 4467M->4467M(4557M) 1344.073ms
[58.450s][info][gc,cpu         ] GC(250) User=10.38s Sys=0.00s Real=1.34s
[58.450s][info][gc,start       ] GC(251) Pause Full (Ergonomics)
[58.450s][info][gc,phases,start] GC(251) Marking Phase
[59.510s][info][gc,phases      ] GC(251) Marking Phase 1059.601ms
[59.510s][info][gc,phases,start] GC(251) Summary Phase
[59.510s][info][gc,phases      ] GC(251) Summary Phase 0.058ms
[59.510s][info][gc,phases,start] GC(251) Adjust Roots
[59.510s][info][gc,phases      ] GC(251) Adjust Roots 0.275ms
[59.510s][info][gc,phases,start] GC(251) Compaction Phase
[60.627s][info][gc,phases      ] GC(251) Compaction Phase 1116.687ms
[60.627s][info][gc,phases,start] GC(251) Post Compact
[60.634s][info][gc,phases      ] GC(251) Post Compact 6.946ms
[60.634s][info][gc,heap        ] GC(251) PSYoungGen: 205523K(297472K)->205523K(297472K) Eden: 77823K(77824K)->77823K(77824K) From: 127699K(219648K)->127699K(219648K)
[60.634s][info][gc,heap        ] GC(251) ParOldGen: 4369407K(4369408K)->4369406K(4369408K)
[60.634s][info][gc,metaspace   ] GC(251) Metaspace: 6300K(6528K)->6300K(6528K) NonClass: 5768K(5888K)->5768K(5888K) Class: 532K(640K)->532K(640K)
[60.634s][info][gc             ] GC(251) Pause Full (Ergonomics) 4467M->4467M(4557M) 2183.921ms
[60.634s][info][gc,cpu         ] GC(251) User=16.16s Sys=0.02s Real=2.18s
[60.635s][info][gc,start       ] GC(252) Pause Full (Ergonomics)
[60.635s][info][gc,phases,start] GC(252) Marking Phase
[61.661s][info][gc,phases      ] GC(252) Marking Phase 1026.605ms
[61.661s][info][gc,phases,start] GC(252) Summary Phase
[61.662s][info][gc,phases      ] GC(252) Summary Phase 0.056ms
[61.662s][info][gc,phases,start] GC(252) Adjust Roots
[61.662s][info][gc,phases      ] GC(252) Adjust Roots 0.213ms
[61.662s][info][gc,phases,start] GC(252) Compaction Phase
[61.991s][info][gc,phases      ] GC(252) Compaction Phase 328.816ms
[61.991s][info][gc,phases,start] GC(252) Post Compact
[61.998s][info][gc,phases      ] GC(252) Post Compact 6.917ms
[61.998s][info][gc,heap        ] GC(252) PSYoungGen: 205523K(297472K)->205523K(297472K) Eden: 77823K(77824K)->77823K(77824K) From: 127699K(219648K)->127699K(219648K)
[61.998s][info][gc,heap        ] GC(252) ParOldGen: 4369406K(4369408K)->4369406K(4369408K)
[61.998s][info][gc,metaspace   ] GC(252) Metaspace: 6300K(6528K)->6300K(6528K) NonClass: 5768K(5888K)->5768K(5888K) Class: 532K(640K)->532K(640K)
[61.998s][info][gc             ] GC(252) Pause Full (Ergonomics) 4467M->4467M(4557M) 1362.961ms
[61.998s][info][gc,cpu         ] GC(252) User=10.22s Sys=0.02s Real=1.36s
[61.999s][info][gc,start       ] GC(253) Pause Full (Ergonomics)
[61.999s][info][gc,phases,start] GC(253) Marking Phase
[63.054s][info][gc,phases      ] GC(253) Marking Phase 1055.179ms
[63.054s][info][gc,phases,start] GC(253) Summary Phase
[63.054s][info][gc,phases      ] GC(253) Summary Phase 0.064ms
[63.054s][info][gc,phases,start] GC(253) Adjust Roots
[63.054s][info][gc,phases      ] GC(253) Adjust Roots 0.296ms
[63.054s][info][gc,phases,start] GC(253) Compaction Phase
[64.195s][info][gc,phases      ] GC(253) Compaction Phase 1140.438ms
[64.195s][info][gc,phases,start] GC(253) Post Compact
[64.202s][info][gc,phases      ] GC(253) Post Compact 7.431ms
[64.203s][info][gc,heap        ] GC(253) PSYoungGen: 205523K(297472K)->205523K(297472K) Eden: 77823K(77824K)->77823K(77824K) From: 127699K(219648K)->127699K(219648K)
[64.203s][info][gc,heap        ] GC(253) ParOldGen: 4369407K(4369408K)->4369405K(4369408K)
[64.203s][info][gc,metaspace   ] GC(253) Metaspace: 6302K(6528K)->6302K(6528K) NonClass: 5768K(5888K)->5768K(5888K) Class: 533K(640K)->533K(640K)
[64.203s][info][gc             ] GC(253) Pause Full (Ergonomics) 4467M->4467M(4557M) 2203.789ms
[64.203s][info][gc,cpu         ] GC(253) User=16.30s Sys=0.02s Real=2.20s
[64.203s][info][gc,heap,exit   ] Heap
[64.203s][info][gc,heap,exit   ]  PSYoungGen      total 297472K, used 205523K [0x000000077ab00000, 0x00000007a0700000, 0x0000000800000000)
[64.203s][info][gc,heap,exit   ]   eden space 77824K, 99% used [0x000000077ab00000,0x000000077f6ffff8,0x000000077f700000)
[64.203s][info][gc,heap,exit   ]   from space 219648K, 58% used [0x000000077f700000,0x00000007873b4f10,0x000000078cd80000)
[64.203s][info][gc,heap,exit   ]   to   space 266240K, 0% used [0x0000000790300000,0x0000000790300000,0x00000007a0700000)
[64.203s][info][gc,heap,exit   ]  ParOldGen       total 4369408K, used 4369405K [0x0000000670000000, 0x000000077ab00000, 0x000000077ab00000)
[64.203s][info][gc,heap,exit   ]   object space 4369408K, 99% used [0x0000000670000000,0x000000077aaff7a8,0x000000077ab00000)
[64.203s][info][gc,heap,exit   ]  Metaspace       used 6305K, committed 6528K, reserved 1114112K
[64.203s][info][gc,heap,exit   ]   class space    used 534K, committed 640K, reserved 1048576K
