[0.012s][info][gc,init] CardTable entry size: 512
[0.012s][info][gc     ] Using Serial
[0.012s][info][gc,init] Version: 18.0.1+10 (release)
[0.012s][info][gc,init] CPUs: 8 total, 8 available
[0.012s][info][gc,init] Memory: 16063M
[0.012s][info][gc,init] Large Page Support: Disabled
[0.012s][info][gc,init] NUMA Support: Disabled
[0.013s][info][gc,init] Compressed Oops: Enabled (32-bit)
[0.013s][info][gc,init] Heap Min Capacity: 2M
[0.013s][info][gc,init] Heap Initial Capacity: 2M
[0.013s][info][gc,init] Heap Max Capacity: 500M
[0.013s][info][gc,init] Pre-touch: Disabled
[0.013s][info][gc,metaspace] CDS archive(s) not mapped
[0.013s][info][gc,metaspace] Compressed class space mapped at: 0x0000000100000000-0x0000000140000000, reserved size: 1073741824
[0.013s][info][gc,metaspace] Narrow klass base: 0x0000000000000000, Narrow klass shift: 3, Narrow klass range: 0x140000000
[0.180s][info][gc,start    ] GC(0) Pause Young (Allocation Failure)
[0.181s][info][gc,heap     ] GC(0) DefNew: 1023K(1152K)->127K(1152K) Eden: 1023K(1024K)->0K(1024K) From: 0K(128K)->127K(128K)
[0.181s][info][gc,heap     ] GC(0) Tenured: 0K(768K)->440K(768K)
[0.181s][info][gc,metaspace] GC(0) Metaspace: 5904K(6016K)->5904K(6016K) NonClass: 5405K(5504K)->5405K(5504K) Class: 499K(512K)->499K(512K)
[0.181s][info][gc          ] GC(0) Pause Young (Allocation Failure) 0M->0M(1M) 1.673ms
[0.181s][info][gc,cpu      ] GC(0) User=0.00s Sys=0.00s Real=0.00s
[0.202s][info][gc,start    ] GC(1) Pause Young (Allocation Failure)
[0.203s][info][gc          ] GC(1) Pause Young (Allocation Failure) 1M->0M(2M) 1.244ms
[0.203s][info][gc,cpu      ] GC(1) User=0.00s Sys=0.00s Real=0.00s
[0.203s][info][gc,start    ] GC(2) Pause Full (Allocation Failure)
[0.203s][info][gc,phases,start] GC(2) Phase 1: Mark live objects
[0.204s][info][gc,phases      ] GC(2) Phase 1: Mark live objects 0.909ms
[0.204s][info][gc,phases,start] GC(2) Phase 2: Compute new object addresses
[0.205s][info][gc,phases      ] GC(2) Phase 2: Compute new object addresses 0.206ms
[0.205s][info][gc,phases,start] GC(2) Phase 3: Adjust pointers
[0.205s][info][gc,phases      ] GC(2) Phase 3: Adjust pointers 0.478ms
[0.205s][info][gc,phases,start] GC(2) Phase 4: Move objects
[0.205s][info][gc,phases      ] GC(2) Phase 4: Move objects 0.069ms
[0.205s][info][gc,heap        ] GC(2) DefNew: 1151K(1152K)->40K(1152K) Eden: 1024K(1024K)->40K(1024K) From: 127K(128K)->0K(128K)
[0.205s][info][gc,heap        ] GC(2) Tenured: 440K(768K)->959K(1600K)
[0.205s][info][gc,metaspace   ] GC(2) Metaspace: 6300K(6528K)->6300K(6528K) NonClass: 5767K(5888K)->5767K(5888K) Class: 533K(640K)->533K(640K)
[0.205s][info][gc             ] GC(2) Pause Full (Allocation Failure) 0M->0M(2M) 1.972ms
[0.205s][info][gc,cpu         ] GC(2) User=0.00s Sys=0.00s Real=0.00s
[0.207s][info][gc,start       ] GC(3) Pause Young (Allocation Failure)
[0.209s][info][gc,heap        ] GC(3) DefNew: 1024K(1152K)->127K(1152K) Eden: 1024K(1024K)->0K(1024K) From: 0K(128K)->127K(128K)
[0.209s][info][gc,heap        ] GC(3) Tenured: 959K(1600K)->1374K(1600K)
[0.209s][info][gc,metaspace   ] GC(3) Metaspace: 6300K(6528K)->6300K(6528K) NonClass: 5767K(5888K)->5767K(5888K) Class: 533K(640K)->533K(640K)
[0.209s][info][gc             ] GC(3) Pause Young (Allocation Failure) 1M->1M(2M) 1.658ms
[0.209s][info][gc,cpu         ] GC(3) User=0.00s Sys=0.00s Real=0.00s
[0.210s][info][gc,start       ] GC(4) Pause Young (Allocation Failure)
[0.211s][info][gc             ] GC(4) Pause Young (Allocation Failure) 2M->1M(3M) 1.183ms
[0.211s][info][gc,cpu         ] GC(4) User=0.00s Sys=0.00s Real=0.00s
[0.211s][info][gc,start       ] GC(5) Pause Full (Allocation Failure)
[0.211s][info][gc,phases,start] GC(5) Phase 1: Mark live objects
[0.213s][info][gc,phases      ] GC(5) Phase 1: Mark live objects 1.418ms
[0.213s][info][gc,phases,start] GC(5) Phase 2: Compute new object addresses
[0.213s][info][gc,phases      ] GC(5) Phase 2: Compute new object addresses 0.356ms
[0.213s][info][gc,phases,start] GC(5) Phase 3: Adjust pointers
[0.214s][info][gc,phases      ] GC(5) Phase 3: Adjust pointers 0.715ms
[0.214s][info][gc,phases,start] GC(5) Phase 4: Move objects
[0.214s][info][gc,phases      ] GC(5) Phase 4: Move objects 0.068ms
[0.214s][info][gc,heap        ] GC(5) DefNew: 1151K(1152K)->34K(1536K) Eden: 1024K(1024K)->34K(1408K) From: 127K(128K)->0K(128K)
[0.214s][info][gc,heap        ] GC(5) Tenured: 1374K(1600K)->1983K(3308K)
[0.214s][info][gc,metaspace   ] GC(5) Metaspace: 6300K(6528K)->6300K(6528K) NonClass: 5767K(5888K)->5767K(5888K) Class: 533K(640K)->533K(640K)
[0.214s][info][gc             ] GC(5) Pause Full (Allocation Failure) 1M->1M(4M) 2.903ms
[0.214s][info][gc,cpu         ] GC(5) User=0.00s Sys=0.00s Real=0.00s
[0.216s][info][gc,start       ] GC(6) Pause Young (Allocation Failure)
[0.218s][info][gc,heap        ] GC(6) DefNew: 1408K(1536K)->127K(1536K) Eden: 1408K(1408K)->0K(1408K) From: 0K(128K)->127K(128K)
[0.218s][info][gc,heap        ] GC(6) Tenured: 1983K(3308K)->2617K(3308K)
[0.218s][info][gc,metaspace   ] GC(6) Metaspace: 6300K(6528K)->6300K(6528K) NonClass: 5767K(5888K)->5767K(5888K) Class: 533K(640K)->533K(640K)
[0.218s][info][gc             ] GC(6) Pause Young (Allocation Failure) 3M->2M(4M) 1.807ms
[0.218s][info][gc,cpu         ] GC(6) User=0.00s Sys=0.00s Real=0.00s
[0.220s][info][gc,start       ] GC(7) Pause Young (Allocation Failure)
[0.222s][info][gc             ] GC(7) Pause Young (Allocation Failure) 4M->3M(4M) 1.990ms
[0.222s][info][gc,cpu         ] GC(7) User=0.00s Sys=0.00s Real=0.00s
[0.222s][info][gc,start       ] GC(8) Pause Full (Allocation Failure)
[0.222s][info][gc,phases,start] GC(8) Phase 1: Mark live objects
[0.224s][info][gc,phases      ] GC(8) Phase 1: Mark live objects 2.043ms
[0.224s][info][gc,phases,start] GC(8) Phase 2: Compute new object addresses
[0.225s][info][gc,phases      ] GC(8) Phase 2: Compute new object addresses 0.584ms
[0.225s][info][gc,phases,start] GC(8) Phase 3: Adjust pointers
[0.225s][info][gc,phases      ] GC(8) Phase 3: Adjust pointers 0.939ms
[0.226s][info][gc,phases,start] GC(8) Phase 4: Move objects
[0.226s][info][gc,phases      ] GC(8) Phase 4: Move objects 0.072ms
[0.226s][info][gc,heap        ] GC(8) DefNew: 1535K(1536K)->0K(2688K) Eden: 1408K(1408K)->0K(2432K) From: 127K(128K)->0K(256K)
[0.226s][info][gc,heap        ] GC(8) Tenured: 2617K(3308K)->3460K(5768K)
[0.226s][info][gc,metaspace   ] GC(8) Metaspace: 6300K(6528K)->6300K(6528K) NonClass: 5767K(5888K)->5767K(5888K) Class: 533K(640K)->533K(640K)
[0.226s][info][gc             ] GC(8) Pause Full (Allocation Failure) 3M->3M(8M) 3.924ms
[0.226s][info][gc,cpu         ] GC(8) User=0.00s Sys=0.00s Real=0.00s
[0.230s][info][gc,start       ] GC(9) Pause Young (Allocation Failure)
[0.233s][info][gc,heap        ] GC(9) DefNew: 2432K(2688K)->255K(2688K) Eden: 2432K(2432K)->0K(2432K) From: 0K(256K)->255K(256K)
[0.233s][info][gc,heap        ] GC(9) Tenured: 3460K(5768K)->4512K(5768K)
[0.233s][info][gc,metaspace   ] GC(9) Metaspace: 6300K(6528K)->6300K(6528K) NonClass: 5767K(5888K)->5767K(5888K) Class: 533K(640K)->533K(640K)
[0.233s][info][gc             ] GC(9) Pause Young (Allocation Failure) 5M->4M(8M) 3.538ms
[0.233s][info][gc,cpu         ] GC(9) User=0.00s Sys=0.00s Real=0.00s
[0.236s][info][gc,start       ] GC(10) Pause Young (Allocation Failure)
[0.240s][info][gc,heap        ] GC(10) DefNew: 2687K(2688K)->256K(2688K) Eden: 2432K(2432K)->0K(2432K) From: 255K(256K)->256K(256K)
[0.240s][info][gc,heap        ] GC(10) Tenured: 4512K(5768K)->5755K(5768K)
[0.240s][info][gc,metaspace   ] GC(10) Metaspace: 6300K(6528K)->6300K(6528K) NonClass: 5767K(5888K)->5767K(5888K) Class: 533K(640K)->533K(640K)
[0.240s][info][gc             ] GC(10) Pause Young (Allocation Failure) 7M->5M(8M) 3.600ms
[0.240s][info][gc,cpu         ] GC(10) User=0.00s Sys=0.00s Real=0.00s
[0.243s][info][gc,start       ] GC(11) Pause Young (Allocation Failure)
[0.247s][info][gc             ] GC(11) Pause Young (Allocation Failure) 8M->7M(9M) 3.820ms
[0.247s][info][gc,cpu         ] GC(11) User=0.00s Sys=0.00s Real=0.00s
[0.247s][info][gc,start       ] GC(12) Pause Full (Allocation Failure)
[0.247s][info][gc,phases,start] GC(12) Phase 1: Mark live objects
[0.252s][info][gc,phases      ] GC(12) Phase 1: Mark live objects 4.795ms
[0.252s][info][gc,phases,start] GC(12) Phase 2: Compute new object addresses
[0.253s][info][gc,phases      ] GC(12) Phase 2: Compute new object addresses 1.317ms
[0.253s][info][gc,phases,start] GC(12) Phase 3: Adjust pointers
[0.255s][info][gc,phases      ] GC(12) Phase 3: Adjust pointers 1.721ms
[0.255s][info][gc,phases,start] GC(12) Phase 4: Move objects
[0.257s][info][gc,phases      ] GC(12) Phase 4: Move objects 1.293ms
[0.257s][info][gc,heap        ] GC(12) DefNew: 2688K(2688K)->0K(5376K) Eden: 2432K(2432K)->0K(4800K) From: 256K(256K)->0K(576K)
[0.257s][info][gc,heap        ] GC(12) Tenured: 5755K(5768K)->7132K(11888K)
[0.257s][info][gc,metaspace   ] GC(12) Metaspace: 6300K(6528K)->6300K(6528K) NonClass: 5767K(5888K)->5767K(5888K) Class: 533K(640K)->533K(640K)
[0.257s][info][gc             ] GC(12) Pause Full (Allocation Failure) 7M->6M(16M) 9.649ms
[0.257s][info][gc,cpu         ] GC(12) User=0.00s Sys=0.00s Real=0.01s
[0.262s][info][gc,start       ] GC(13) Pause Young (Allocation Failure)
[0.268s][info][gc,heap        ] GC(13) DefNew: 4800K(5376K)->575K(5376K) Eden: 4800K(4800K)->0K(4800K) From: 0K(576K)->575K(576K)
[0.268s][info][gc,heap        ] GC(13) Tenured: 7132K(11888K)->9027K(11888K)
[0.268s][info][gc,metaspace   ] GC(13) Metaspace: 6300K(6528K)->6300K(6528K) NonClass: 5767K(5888K)->5767K(5888K) Class: 533K(640K)->533K(640K)
[0.268s][info][gc             ] GC(13) Pause Young (Allocation Failure) 11M->9M(16M) 6.322ms
[0.268s][info][gc,cpu         ] GC(13) User=0.00s Sys=0.00s Real=0.01s
[0.274s][info][gc,start       ] GC(14) Pause Young (Allocation Failure)
[0.281s][info][gc,heap        ] GC(14) DefNew: 5375K(5376K)->576K(5376K) Eden: 4800K(4800K)->0K(4800K) From: 575K(576K)->576K(576K)
[0.281s][info][gc,heap        ] GC(14) Tenured: 9027K(11888K)->11746K(11888K)
[0.281s][info][gc,metaspace   ] GC(14) Metaspace: 6300K(6528K)->6300K(6528K) NonClass: 5767K(5888K)->5767K(5888K) Class: 533K(640K)->533K(640K)
[0.281s][info][gc             ] GC(14) Pause Young (Allocation Failure) 14M->12M(16M) 7.507ms
[0.281s][info][gc,cpu         ] GC(14) User=0.00s Sys=0.00s Real=0.01s
[0.286s][info][gc,start       ] GC(15) Pause Young (Allocation Failure)
[0.292s][info][gc             ] GC(15) Pause Young (Allocation Failure) 16M->14M(19M) 6.474ms
[0.292s][info][gc,cpu         ] GC(15) User=0.00s Sys=0.00s Real=0.01s
[0.292s][info][gc,start       ] GC(16) Pause Full (Allocation Failure)
[0.292s][info][gc,phases,start] GC(16) Phase 1: Mark live objects
[0.300s][info][gc,phases      ] GC(16) Phase 1: Mark live objects 8.077ms
[0.300s][info][gc,phases,start] GC(16) Phase 2: Compute new object addresses
[0.303s][info][gc,phases      ] GC(16) Phase 2: Compute new object addresses 2.410ms
[0.303s][info][gc,phases,start] GC(16) Phase 3: Adjust pointers
[0.305s][info][gc,phases      ] GC(16) Phase 3: Adjust pointers 2.724ms
[0.305s][info][gc,phases,start] GC(16) Phase 4: Move objects
[0.306s][info][gc,phases      ] GC(16) Phase 4: Move objects 0.127ms
[0.306s][info][gc,heap        ] GC(16) DefNew: 5376K(5376K)->458K(10816K) Eden: 4800K(4800K)->458K(9664K) From: 576K(576K)->0K(1152K)
[0.306s][info][gc,heap        ] GC(16) Tenured: 11746K(11888K)->14323K(23876K)
[0.306s][info][gc,metaspace   ] GC(16) Metaspace: 6302K(6528K)->6302K(6528K) NonClass: 5769K(5888K)->5769K(5888K) Class: 533K(640K)->533K(640K)
[0.306s][info][gc             ] GC(16) Pause Full (Allocation Failure) 14M->14M(33M) 13.698ms
[0.306s][info][gc,cpu         ] GC(16) User=0.02s Sys=0.00s Real=0.01s
[0.313s][info][gc,start       ] GC(17) Pause Young (Allocation Failure)
[0.325s][info][gc,heap        ] GC(17) DefNew: 9664K(10816K)->1152K(10816K) Eden: 9664K(9664K)->0K(9664K) From: 0K(1152K)->1152K(1152K)
[0.325s][info][gc,heap        ] GC(17) Tenured: 14323K(23876K)->18337K(23876K)
[0.325s][info][gc,metaspace   ] GC(17) Metaspace: 6302K(6528K)->6302K(6528K) NonClass: 5769K(5888K)->5769K(5888K) Class: 533K(640K)->533K(640K)
[0.325s][info][gc             ] GC(17) Pause Young (Allocation Failure) 23M->19M(33M) 11.964ms
[0.325s][info][gc,cpu         ] GC(17) User=0.00s Sys=0.00s Real=0.01s
[0.333s][info][gc,start       ] GC(18) Pause Young (Allocation Failure)
[0.344s][info][gc,heap        ] GC(18) DefNew: 10815K(10816K)->1152K(10816K) Eden: 9663K(9664K)->0K(9664K) From: 1152K(1152K)->1152K(1152K)
[0.345s][info][gc,heap        ] GC(18) Tenured: 18337K(23876K)->23825K(23876K)
[0.345s][info][gc,metaspace   ] GC(18) Metaspace: 6302K(6528K)->6302K(6528K) NonClass: 5769K(5888K)->5769K(5888K) Class: 533K(640K)->533K(640K)
[0.345s][info][gc             ] GC(18) Pause Young (Allocation Failure) 28M->24M(33M) 12.027ms
[0.345s][info][gc,cpu         ] GC(18) User=0.00s Sys=0.00s Real=0.01s
[0.351s][info][gc,start       ] GC(19) Pause Young (Allocation Failure)
[0.362s][info][gc             ] GC(19) Pause Young (Allocation Failure) 33M->29M(38M) 10.843ms
[0.362s][info][gc,cpu         ] GC(19) User=0.00s Sys=0.00s Real=0.01s
[0.362s][info][gc,start       ] GC(20) Pause Full (Allocation Failure)
[0.362s][info][gc,phases,start] GC(20) Phase 1: Mark live objects
[0.376s][info][gc,phases      ] GC(20) Phase 1: Mark live objects 13.950ms
[0.376s][info][gc,phases,start] GC(20) Phase 2: Compute new object addresses
[0.381s][info][gc,phases      ] GC(20) Phase 2: Compute new object addresses 4.546ms
[0.381s][info][gc,phases,start] GC(20) Phase 3: Adjust pointers
[0.386s][info][gc,phases      ] GC(20) Phase 3: Adjust pointers 5.318ms
[0.386s][info][gc,phases,start] GC(20) Phase 4: Move objects
[0.386s][info][gc,phases      ] GC(20) Phase 4: Move objects 0.183ms
[0.387s][info][gc,heap        ] GC(20) DefNew: 10815K(10816K)->1036K(21760K) Eden: 9663K(9664K)->1036K(19392K) From: 1152K(1152K)->0K(2368K)
[0.387s][info][gc,heap        ] GC(20) Tenured: 23825K(23876K)->28935K(48228K)
[0.387s][info][gc,metaspace   ] GC(20) Metaspace: 6302K(6528K)->6302K(6528K) NonClass: 5769K(5888K)->5769K(5888K) Class: 533K(640K)->533K(640K)
[0.387s][info][gc             ] GC(20) Pause Full (Allocation Failure) 29M->29M(68M) 24.395ms
[0.387s][info][gc,cpu         ] GC(20) User=0.03s Sys=0.00s Real=0.02s
[0.404s][info][gc,start       ] GC(21) Pause Young (Allocation Failure)
[0.431s][info][gc,heap        ] GC(21) DefNew: 19391K(21760K)->2367K(21760K) Eden: 19391K(19392K)->0K(19392K) From: 0K(2368K)->2367K(2368K)
[0.431s][info][gc,heap        ] GC(21) Tenured: 28935K(48228K)->38987K(48228K)
[0.431s][info][gc,metaspace   ] GC(21) Metaspace: 6302K(6528K)->6302K(6528K) NonClass: 5769K(5888K)->5769K(5888K) Class: 533K(640K)->533K(640K)
[0.431s][info][gc             ] GC(21) Pause Young (Allocation Failure) 47M->40M(68M) 27.853ms
[0.431s][info][gc,cpu         ] GC(21) User=0.02s Sys=0.00s Real=0.03s
[0.449s][info][gc,start       ] GC(22) Pause Young (Allocation Failure)
[0.484s][info][gc             ] GC(22) Pause Young (Allocation Failure) 59M->59M(78M) 35.106ms
[0.484s][info][gc,cpu         ] GC(22) User=0.03s Sys=0.00s Real=0.04s
[0.484s][info][gc,start       ] GC(23) Pause Full (Allocation Failure)
[0.484s][info][gc,phases,start] GC(23) Phase 1: Mark live objects
[0.509s][info][gc,phases      ] GC(23) Phase 1: Mark live objects 24.427ms
[0.509s][info][gc,phases,start] GC(23) Phase 2: Compute new object addresses
[0.518s][info][gc,phases      ] GC(23) Phase 2: Compute new object addresses 9.396ms
[0.518s][info][gc,phases,start] GC(23) Phase 3: Adjust pointers
[0.529s][info][gc,phases      ] GC(23) Phase 3: Adjust pointers 10.750ms
[0.529s][info][gc,phases,start] GC(23) Phase 4: Move objects
[0.529s][info][gc,phases      ] GC(23) Phase 4: Move objects 0.287ms
[0.530s][info][gc,heap        ] GC(23) DefNew: 21759K(21760K)->2367K(43776K) Eden: 19392K(19392K)->2367K(38912K) From: 2367K(2368K)->0K(4864K)
[0.530s][info][gc,heap        ] GC(23) Tenured: 38987K(48228K)->58353K(97256K)
[0.530s][info][gc,metaspace   ] GC(23) Metaspace: 6302K(6528K)->6302K(6528K) NonClass: 5769K(5888K)->5769K(5888K) Class: 533K(640K)->533K(640K)
[0.530s][info][gc             ] GC(23) Pause Full (Allocation Failure) 59M->59M(137M) 45.432ms
[0.530s][info][gc,cpu         ] GC(23) User=0.05s Sys=0.00s Real=0.04s
[0.571s][info][gc,start       ] GC(24) Pause Young (Allocation Failure)
[0.629s][info][gc,heap        ] GC(24) DefNew: 38912K(43776K)->4863K(43776K) Eden: 38912K(38912K)->0K(38912K) From: 0K(4864K)->4863K(4864K)
[0.629s][info][gc,heap        ] GC(24) Tenured: 58353K(97256K)->90325K(97256K)
[0.629s][info][gc,metaspace   ] GC(24) Metaspace: 6302K(6528K)->6302K(6528K) NonClass: 5769K(5888K)->5769K(5888K) Class: 533K(640K)->533K(640K)
[0.629s][info][gc             ] GC(24) Pause Young (Allocation Failure) 94M->92M(137M) 58.517ms
[0.629s][info][gc,cpu         ] GC(24) User=0.05s Sys=0.00s Real=0.06s
[0.660s][info][gc,start       ] GC(25) Pause Young (Allocation Failure)
[0.729s][info][gc             ] GC(25) Pause Young (Allocation Failure) 130M->130M(169M) 68.864ms
[0.729s][info][gc,cpu         ] GC(25) User=0.06s Sys=0.00s Real=0.07s
[0.729s][info][gc,start       ] GC(26) Pause Full (Allocation Failure)
[0.729s][info][gc,phases,start] GC(26) Phase 1: Mark live objects
[0.783s][info][gc,phases      ] GC(26) Phase 1: Mark live objects 53.986ms
[0.783s][info][gc,phases,start] GC(26) Phase 2: Compute new object addresses
[0.804s][info][gc,phases      ] GC(26) Phase 2: Compute new object addresses 20.867ms
[0.804s][info][gc,phases,start] GC(26) Phase 3: Adjust pointers
[0.830s][info][gc,phases      ] GC(26) Phase 3: Adjust pointers 26.211ms
[0.830s][info][gc,phases,start] GC(26) Phase 4: Move objects
[0.854s][info][gc,phases      ] GC(26) Phase 4: Move objects 23.934ms
[0.855s][info][gc,heap        ] GC(26) DefNew: 43775K(43776K)->2956K(97024K) Eden: 38912K(38912K)->2956K(86272K) From: 4863K(4864K)->0K(10752K)
[0.855s][info][gc,heap        ] GC(26) Tenured: 90325K(97256K)->129319K(215536K)
[0.855s][info][gc,metaspace   ] GC(26) Metaspace: 6302K(6528K)->6302K(6528K) NonClass: 5769K(5888K)->5769K(5888K) Class: 533K(640K)->533K(640K)
[0.855s][info][gc             ] GC(26) Pause Full (Allocation Failure) 130M->129M(305M) 125.801ms
[0.855s][info][gc,cpu         ] GC(26) User=0.14s Sys=0.00s Real=0.13s
[0.944s][info][gc,start       ] GC(27) Pause Young (Allocation Failure)
[1.086s][info][gc,heap        ] GC(27) DefNew: 86272K(97024K)->10752K(97024K) Eden: 86272K(86272K)->0K(86272K) From: 0K(10752K)->10752K(10752K)
[1.086s][info][gc,heap        ] GC(27) Tenured: 129319K(215536K)->204813K(215536K)
[1.086s][info][gc,metaspace   ] GC(27) Metaspace: 6302K(6528K)->6302K(6528K) NonClass: 5769K(5888K)->5769K(5888K) Class: 533K(640K)->533K(640K)
[1.086s][info][gc             ] GC(27) Pause Young (Allocation Failure) 210M->210M(305M) 142.440ms
[1.086s][info][gc,cpu         ] GC(27) User=0.09s Sys=0.03s Real=0.14s
[1.168s][info][gc,start       ] GC(28) Pause Young (Allocation Failure)
[1.330s][info][gc             ] GC(28) Pause Young (Allocation Failure) 294M->294M(379M) 162.184ms
[1.330s][info][gc,cpu         ] GC(28) User=0.11s Sys=0.03s Real=0.16s
[1.330s][info][gc,start       ] GC(29) Pause Full (Allocation Failure)
[1.330s][info][gc,phases,start] GC(29) Phase 1: Mark live objects
[1.460s][info][gc,phases      ] GC(29) Phase 1: Mark live objects 130.177ms
[1.461s][info][gc,phases,start] GC(29) Phase 2: Compute new object addresses
[1.508s][info][gc,phases      ] GC(29) Phase 2: Compute new object addresses 47.499ms
[1.508s][info][gc,phases,start] GC(29) Phase 3: Adjust pointers
[1.565s][info][gc,phases      ] GC(29) Phase 3: Adjust pointers 56.602ms
[1.565s][info][gc,phases,start] GC(29) Phase 4: Move objects
[1.567s][info][gc,phases      ] GC(29) Phase 4: Move objects 2.279ms
[1.568s][info][gc,heap        ] GC(29) DefNew: 97024K(97024K)->10683K(153600K) Eden: 86272K(86272K)->10683K(136576K) From: 10752K(10752K)->0K(17024K)
[1.568s][info][gc,heap        ] GC(29) Tenured: 204813K(215536K)->291124K(341376K)
[1.568s][info][gc,metaspace   ] GC(29) Metaspace: 6302K(6528K)->6302K(6528K) NonClass: 5769K(5888K)->5769K(5888K) Class: 533K(640K)->533K(640K)
[1.568s][info][gc             ] GC(29) Pause Full (Allocation Failure) 294M->294M(483M) 237.316ms
[1.568s][info][gc,cpu         ] GC(29) User=0.23s Sys=0.00s Real=0.24s
[1.717s][info][gc,start       ] GC(30) Pause Young (Allocation Failure)
[1.717s][info][gc             ] GC(30) Pause Young (Allocation Failure) 417M->417M(483M) 0.101ms
[1.717s][info][gc,cpu         ] GC(30) User=0.00s Sys=0.00s Real=0.00s
[1.717s][info][gc,start       ] GC(31) Pause Full (Allocation Failure)
[1.717s][info][gc,phases,start] GC(31) Phase 1: Mark live objects
[1.926s][info][gc,phases      ] GC(31) Phase 1: Mark live objects 208.484ms
[1.926s][info][gc,phases,start] GC(31) Phase 2: Compute new object addresses
[1.998s][info][gc,phases      ] GC(31) Phase 2: Compute new object addresses 71.805ms
[1.998s][info][gc,phases,start] GC(31) Phase 3: Adjust pointers
[2.092s][info][gc,phases      ] GC(31) Phase 3: Adjust pointers 94.721ms
[2.092s][info][gc,phases,start] GC(31) Phase 4: Move objects
[2.129s][info][gc,phases      ] GC(31) Phase 4: Move objects 36.405ms
[2.129s][info][gc,heap        ] GC(31) DefNew: 136576K(153600K)->86300K(153600K) Eden: 136576K(136576K)->86300K(136576K) From: 0K(17024K)->0K(17024K)
[2.129s][info][gc,heap        ] GC(31) Tenured: 291124K(341376K)->341375K(341376K)
[2.129s][info][gc,metaspace   ] GC(31) Metaspace: 6302K(6528K)->6302K(6528K) NonClass: 5769K(5888K)->5769K(5888K) Class: 533K(640K)->533K(640K)
[2.129s][info][gc             ] GC(31) Pause Full (Allocation Failure) 417M->417M(483M) 411.961ms
[2.129s][info][gc,cpu         ] GC(31) User=0.38s Sys=0.02s Real=0.41s
[2.229s][info][gc,start       ] GC(32) Pause Full (Allocation Failure)
[2.229s][info][gc,phases,start] GC(32) Phase 1: Mark live objects
[2.444s][info][gc,phases      ] GC(32) Phase 1: Mark live objects 215.232ms
[2.444s][info][gc,phases,start] GC(32) Phase 2: Compute new object addresses
[2.516s][info][gc,phases      ] GC(32) Phase 2: Compute new object addresses 71.322ms
[2.516s][info][gc,phases,start] GC(32) Phase 3: Adjust pointers
[2.614s][info][gc,phases      ] GC(32) Phase 3: Adjust pointers 98.361ms
[2.614s][info][gc,phases,start] GC(32) Phase 4: Move objects
[2.624s][info][gc,phases      ] GC(32) Phase 4: Move objects 9.858ms
[2.624s][info][gc,heap        ] GC(32) DefNew: 153600K(153600K)->153588K(153600K) Eden: 136576K(136576K)->136575K(136576K) From: 17024K(17024K)->17012K(17024K)
[2.624s][info][gc,heap        ] GC(32) Tenured: 341375K(341376K)->341375K(341376K)
[2.624s][info][gc,metaspace   ] GC(32) Metaspace: 6302K(6528K)->6302K(6528K) NonClass: 5769K(5888K)->5769K(5888K) Class: 533K(640K)->533K(640K)
[2.624s][info][gc             ] GC(32) Pause Full (Allocation Failure) 483M->483M(483M) 395.358ms
[2.624s][info][gc,cpu         ] GC(32) User=0.38s Sys=0.00s Real=0.39s
[2.625s][info][gc,start       ] GC(33) Pause Full (Allocation Failure)
[2.625s][info][gc,phases,start] GC(33) Phase 1: Mark live objects
[2.843s][info][gc,phases      ] GC(33) Phase 1: Mark live objects 218.364ms
[2.843s][info][gc,phases,start] GC(33) Phase 2: Compute new object addresses
[2.914s][info][gc,phases      ] GC(33) Phase 2: Compute new object addresses 71.191ms
[2.915s][info][gc,phases,start] GC(33) Phase 3: Adjust pointers
[3.030s][info][gc,phases      ] GC(33) Phase 3: Adjust pointers 115.073ms
[3.030s][info][gc,phases,start] GC(33) Phase 4: Move objects
[3.099s][info][gc,phases      ] GC(33) Phase 4: Move objects 69.622ms
[3.100s][info][gc,heap        ] GC(33) DefNew: 153599K(153600K)->141311K(153600K) Eden: 136575K(136576K)->136575K(136576K) From: 17024K(17024K)->4735K(17024K)
[3.100s][info][gc,heap        ] GC(33) Tenured: 341375K(341376K)->341375K(341376K)
[3.100s][info][gc,metaspace   ] GC(33) Metaspace: 6302K(6528K)->6302K(6528K) NonClass: 5769K(5888K)->5769K(5888K) Class: 533K(640K)->533K(640K)
[3.100s][info][gc             ] GC(33) Pause Full (Allocation Failure) 483M->471M(483M) 474.759ms
[3.100s][info][gc,cpu         ] GC(33) User=0.47s Sys=0.00s Real=0.48s
[3.135s][info][gc,start       ] GC(34) Pause Full (Allocation Failure)
[3.135s][info][gc,phases,start] GC(34) Phase 1: Mark live objects
[3.357s][info][gc,phases      ] GC(34) Phase 1: Mark live objects 221.415ms
[3.357s][info][gc,phases,start] GC(34) Phase 2: Compute new object addresses
[3.432s][info][gc,phases      ] GC(34) Phase 2: Compute new object addresses 75.113ms
[3.432s][info][gc,phases,start] GC(34) Phase 3: Adjust pointers
[3.528s][info][gc,phases      ] GC(34) Phase 3: Adjust pointers 96.290ms
[3.528s][info][gc,phases,start] GC(34) Phase 4: Move objects
[3.528s][info][gc,phases      ] GC(34) Phase 4: Move objects 0.015ms
[3.528s][info][gc,heap        ] GC(34) DefNew: 153599K(153600K)->153599K(153600K) Eden: 136575K(136576K)->136575K(136576K) From: 17024K(17024K)->17024K(17024K)
[3.528s][info][gc,heap        ] GC(34) Tenured: 341375K(341376K)->341375K(341376K)
[3.528s][info][gc,metaspace   ] GC(34) Metaspace: 6302K(6528K)->6302K(6528K) NonClass: 5769K(5888K)->5769K(5888K) Class: 533K(640K)->533K(640K)
[3.529s][info][gc             ] GC(34) Pause Full (Allocation Failure) 483M->483M(483M) 393.284ms
[3.529s][info][gc,cpu         ] GC(34) User=0.39s Sys=0.00s Real=0.39s
[3.529s][info][gc,start       ] GC(35) Pause Full (Allocation Failure)
[3.529s][info][gc,phases,start] GC(35) Phase 1: Mark live objects
[3.751s][info][gc,phases      ] GC(35) Phase 1: Mark live objects 222.017ms
[3.751s][info][gc,phases,start] GC(35) Phase 2: Compute new object addresses
[3.825s][info][gc,phases      ] GC(35) Phase 2: Compute new object addresses 74.592ms
[3.825s][info][gc,phases,start] GC(35) Phase 3: Adjust pointers
[3.946s][info][gc,phases      ] GC(35) Phase 3: Adjust pointers 120.764ms
[3.946s][info][gc,phases,start] GC(35) Phase 4: Move objects
[4.025s][info][gc,phases      ] GC(35) Phase 4: Move objects 78.892ms
[4.025s][info][gc,heap        ] GC(35) DefNew: 153599K(153600K)->153595K(153600K) Eden: 136575K(136576K)->136575K(136576K) From: 17024K(17024K)->17019K(17024K)
[4.025s][info][gc,heap        ] GC(35) Tenured: 341375K(341376K)->341375K(341376K)
[4.025s][info][gc,metaspace   ] GC(35) Metaspace: 6302K(6528K)->6300K(6528K) NonClass: 5769K(5888K)->5768K(5888K) Class: 533K(640K)->532K(640K)
[4.025s][info][gc             ] GC(35) Pause Full (Allocation Failure) 483M->483M(483M) 496.920ms
[4.025s][info][gc,cpu         ] GC(35) User=0.50s Sys=0.00s Real=0.50s
[4.026s][info][gc,start       ] GC(36) Pause Full (Allocation Failure)
[4.026s][info][gc,phases,start] GC(36) Phase 1: Mark live objects
[4.247s][info][gc,phases      ] GC(36) Phase 1: Mark live objects 220.809ms
[4.247s][info][gc,phases,start] GC(36) Phase 2: Compute new object addresses
[4.320s][info][gc,phases      ] GC(36) Phase 2: Compute new object addresses 73.408ms
[4.320s][info][gc,phases,start] GC(36) Phase 3: Adjust pointers
[4.417s][info][gc,phases      ] GC(36) Phase 3: Adjust pointers 96.381ms
[4.417s][info][gc,phases,start] GC(36) Phase 4: Move objects
[4.417s][info][gc,phases      ] GC(36) Phase 4: Move objects 0.016ms
[4.417s][info][gc,heap        ] GC(36) DefNew: 153599K(153600K)->153599K(153600K) Eden: 136575K(136576K)->136575K(136576K) From: 17024K(17024K)->17024K(17024K)
[4.417s][info][gc,heap        ] GC(36) Tenured: 341375K(341376K)->341375K(341376K)
[4.417s][info][gc,metaspace   ] GC(36) Metaspace: 6300K(6528K)->6300K(6528K) NonClass: 5768K(5888K)->5768K(5888K) Class: 532K(640K)->532K(640K)
[4.417s][info][gc             ] GC(36) Pause Full (Allocation Failure) 483M->483M(483M) 391.016ms
[4.417s][info][gc,cpu         ] GC(36) User=0.38s Sys=0.00s Real=0.39s
[4.417s][info][gc,start       ] GC(37) Pause Full (Allocation Failure)
[4.417s][info][gc,phases,start] GC(37) Phase 1: Mark live objects
[4.638s][info][gc,phases      ] GC(37) Phase 1: Mark live objects 220.706ms
[4.638s][info][gc,phases,start] GC(37) Phase 2: Compute new object addresses
[4.711s][info][gc,phases      ] GC(37) Phase 2: Compute new object addresses 72.974ms
[4.711s][info][gc,phases,start] GC(37) Phase 3: Adjust pointers
[4.815s][info][gc,phases      ] GC(37) Phase 3: Adjust pointers 104.494ms
[4.815s][info][gc,phases,start] GC(37) Phase 4: Move objects
[4.815s][info][gc,phases      ] GC(37) Phase 4: Move objects 0.016ms
[4.815s][info][gc,heap        ] GC(37) DefNew: 153599K(153600K)->153599K(153600K) Eden: 136575K(136576K)->136575K(136576K) From: 17024K(17024K)->17024K(17024K)
[4.815s][info][gc,heap        ] GC(37) Tenured: 341375K(341376K)->341375K(341376K)
[4.815s][info][gc,metaspace   ] GC(37) Metaspace: 6300K(6528K)->6300K(6528K) NonClass: 5768K(5888K)->5768K(5888K) Class: 532K(640K)->532K(640K)
[4.815s][info][gc             ] GC(37) Pause Full (Allocation Failure) 483M->483M(483M) 398.558ms
[4.815s][info][gc,cpu         ] GC(37) User=0.41s Sys=0.00s Real=0.40s
[4.816s][info][gc,start       ] GC(38) Pause Full (Allocation Failure)
[4.816s][info][gc,phases,start] GC(38) Phase 1: Mark live objects
[5.037s][info][gc,phases      ] GC(38) Phase 1: Mark live objects 221.272ms
[5.037s][info][gc,phases,start] GC(38) Phase 2: Compute new object addresses
[5.110s][info][gc,phases      ] GC(38) Phase 2: Compute new object addresses 73.166ms
[5.110s][info][gc,phases,start] GC(38) Phase 3: Adjust pointers
[5.208s][info][gc,phases      ] GC(38) Phase 3: Adjust pointers 97.155ms
[5.208s][info][gc,phases,start] GC(38) Phase 4: Move objects
[5.208s][info][gc,phases      ] GC(38) Phase 4: Move objects 0.016ms
[5.208s][info][gc,heap        ] GC(38) DefNew: 153600K(153600K)->153600K(153600K) Eden: 136576K(136576K)->136576K(136576K) From: 17024K(17024K)->17024K(17024K)
[5.208s][info][gc,heap        ] GC(38) Tenured: 341375K(341376K)->341375K(341376K)
[5.208s][info][gc,metaspace   ] GC(38) Metaspace: 6300K(6528K)->6300K(6528K) NonClass: 5768K(5888K)->5768K(5888K) Class: 532K(640K)->532K(640K)
[5.208s][info][gc             ] GC(38) Pause Full (Allocation Failure) 483M->483M(483M) 392.000ms
[5.208s][info][gc,cpu         ] GC(38) User=0.38s Sys=0.00s Real=0.39s
[5.208s][info][gc,start       ] GC(39) Pause Full (Allocation Failure)
[5.208s][info][gc,phases,start] GC(39) Phase 1: Mark live objects
[5.439s][info][gc,phases      ] GC(39) Phase 1: Mark live objects 231.342ms
[5.439s][info][gc,phases,start] GC(39) Phase 2: Compute new object addresses
[5.512s][info][gc,phases      ] GC(39) Phase 2: Compute new object addresses 72.941ms
[5.512s][info][gc,phases,start] GC(39) Phase 3: Adjust pointers
[5.633s][info][gc,phases      ] GC(39) Phase 3: Adjust pointers 120.501ms
[5.633s][info][gc,phases,start] GC(39) Phase 4: Move objects
[5.712s][info][gc,phases      ] GC(39) Phase 4: Move objects 79.602ms
[5.713s][info][gc,heap        ] GC(39) DefNew: 153600K(153600K)->153598K(153600K) Eden: 136576K(136576K)->136576K(136576K) From: 17024K(17024K)->17022K(17024K)
[5.713s][info][gc,heap        ] GC(39) Tenured: 341375K(341376K)->341375K(341376K)
[5.713s][info][gc,metaspace   ] GC(39) Metaspace: 6300K(6528K)->6300K(6528K) NonClass: 5768K(5888K)->5768K(5888K) Class: 532K(640K)->532K(640K)
[5.713s][info][gc             ] GC(39) Pause Full (Allocation Failure) 483M->483M(483M) 504.935ms
[5.713s][info][gc,cpu         ] GC(39) User=0.48s Sys=0.00s Real=0.51s
[5.714s][info][gc,start       ] GC(40) Pause Full (Allocation Failure)
[5.714s][info][gc,phases,start] GC(40) Phase 1: Mark live objects
[5.941s][info][gc,phases      ] GC(40) Phase 1: Mark live objects 227.781ms
[5.942s][info][gc,phases,start] GC(40) Phase 2: Compute new object addresses
[6.018s][info][gc,phases      ] GC(40) Phase 2: Compute new object addresses 76.621ms
[6.018s][info][gc,phases,start] GC(40) Phase 3: Adjust pointers
[6.112s][info][gc,phases      ] GC(40) Phase 3: Adjust pointers 93.297ms
[6.112s][info][gc,phases,start] GC(40) Phase 4: Move objects
[6.112s][info][gc,phases      ] GC(40) Phase 4: Move objects 0.015ms
[6.112s][info][gc,heap        ] GC(40) DefNew: 153599K(153600K)->153599K(153600K) Eden: 136576K(136576K)->136576K(136576K) From: 17023K(17024K)->17023K(17024K)
[6.112s][info][gc,heap        ] GC(40) Tenured: 341375K(341376K)->341375K(341376K)
[6.112s][info][gc,metaspace   ] GC(40) Metaspace: 6302K(6528K)->6302K(6528K) NonClass: 5768K(5888K)->5768K(5888K) Class: 533K(640K)->533K(640K)
[6.112s][info][gc             ] GC(40) Pause Full (Allocation Failure) 483M->483M(483M) 398.186ms
[6.112s][info][gc,cpu         ] GC(40) User=0.39s Sys=0.00s Real=0.40s
[6.112s][info][gc,heap,exit   ] Heap
[6.112s][info][gc,heap,exit   ]  def new generation   total 153600K, used 153599K [0x00000000e0c00000, 0x00000000eb2a0000, 0x00000000eb2a0000)
[6.112s][info][gc,heap,exit   ]   eden space 136576K, 100% used [0x00000000e0c00000, 0x00000000e9160000, 0x00000000e9160000)
[6.112s][info][gc,heap,exit   ]   from space 17024K,  99% used [0x00000000e9160000, 0x00000000ea1fffa0, 0x00000000ea200000)
[6.112s][info][gc,heap,exit   ]   to   space 17024K,   0% used [0x00000000ea200000, 0x00000000ea200000, 0x00000000eb2a0000)
[6.112s][info][gc,heap,exit   ]  tenured generation   total 341376K, used 341375K [0x00000000eb2a0000, 0x0000000100000000, 0x0000000100000000)
[6.112s][info][gc,heap,exit   ]    the space 341376K,  99% used [0x00000000eb2a0000, 0x00000000ffffff88, 0x0000000100000000, 0x0000000100000000)
[6.112s][info][gc,heap,exit   ]  Metaspace       used 6305K, committed 6528K, reserved 1114112K
[6.112s][info][gc,heap,exit   ]   class space    used 534K, committed 640K, reserved 1048576K
