[0.014s][info][gc,init] CardTable entry size: 512
[0.014s][info][gc     ] Using Serial
[0.014s][info][gc,init] Version: 18.0.1+10 (release)
[0.014s][info][gc,init] CPUs: 8 total, 8 available
[0.014s][info][gc,init] Memory: 16063M
[0.014s][info][gc,init] Large Page Support: Disabled
[0.014s][info][gc,init] NUMA Support: Disabled
[0.014s][info][gc,init] Compressed Oops: Enabled (Zero based)
[0.014s][info][gc,init] Heap Min Capacity: 2M
[0.014s][info][gc,init] Heap Initial Capacity: 2M
[0.015s][info][gc,init] Heap Max Capacity: 15500M
[0.015s][info][gc,init] Pre-touch: Disabled
[0.015s][info][gc,metaspace] CDS archive(s) not mapped
[0.015s][info][gc,metaspace] Compressed class space mapped at: 0x0000000800000000-0x0000000840000000, reserved size: 1073741824
[0.015s][info][gc,metaspace] Narrow klass base: 0x0000000800000000, Narrow klass shift: 0, Narrow klass range: 0x40000000
[0.222s][info][gc,start    ] GC(0) Pause Young (Allocation Failure)
[0.224s][info][gc,heap     ] GC(0) DefNew: 1023K(1152K)->127K(1152K) Eden: 1023K(1024K)->0K(1024K) From: 0K(128K)->127K(128K)
[0.224s][info][gc,heap     ] GC(0) Tenured: 0K(768K)->439K(768K)
[0.225s][info][gc,metaspace] GC(0) Metaspace: 5898K(6016K)->5898K(6016K) NonClass: 5399K(5504K)->5399K(5504K) Class: 499K(512K)->499K(512K)
[0.225s][info][gc          ] GC(0) Pause Young (Allocation Failure) 0M->0M(1M) 2.761ms
[0.225s][info][gc,cpu      ] GC(0) User=0.00s Sys=0.00s Real=0.00s
[0.251s][info][gc,start    ] GC(1) Pause Young (Allocation Failure)
[0.253s][info][gc          ] GC(1) Pause Young (Allocation Failure) 1M->0M(2M) 1.599ms
[0.253s][info][gc,cpu      ] GC(1) User=0.00s Sys=0.00s Real=0.00s
[0.253s][info][gc,start    ] GC(2) Pause Full (Allocation Failure)
[0.253s][info][gc,phases,start] GC(2) Phase 1: Mark live objects
[0.254s][info][gc,phases      ] GC(2) Phase 1: Mark live objects 1.169ms
[0.254s][info][gc,phases,start] GC(2) Phase 2: Compute new object addresses
[0.254s][info][gc,phases      ] GC(2) Phase 2: Compute new object addresses 0.271ms
[0.255s][info][gc,phases,start] GC(2) Phase 3: Adjust pointers
[0.255s][info][gc,phases      ] GC(2) Phase 3: Adjust pointers 0.595ms
[0.255s][info][gc,phases,start] GC(2) Phase 4: Move objects
[0.255s][info][gc,phases      ] GC(2) Phase 4: Move objects 0.081ms
[0.255s][info][gc,heap        ] GC(2) DefNew: 1151K(1152K)->40K(1152K) Eden: 1024K(1024K)->40K(1024K) From: 127K(128K)->0K(128K)
[0.255s][info][gc,heap        ] GC(2) Tenured: 439K(768K)->959K(1600K)
[0.255s][info][gc,metaspace   ] GC(2) Metaspace: 6296K(6464K)->6296K(6464K) NonClass: 5763K(5824K)->5763K(5824K) Class: 533K(640K)->533K(640K)
[0.255s][info][gc             ] GC(2) Pause Full (Allocation Failure) 0M->0M(2M) 2.536ms
[0.255s][info][gc,cpu         ] GC(2) User=0.00s Sys=0.00s Real=0.00s
[0.257s][info][gc,start       ] GC(3) Pause Young (Allocation Failure)
[0.259s][info][gc,heap        ] GC(3) DefNew: 1024K(1152K)->127K(1152K) Eden: 1024K(1024K)->0K(1024K) From: 0K(128K)->127K(128K)
[0.259s][info][gc,heap        ] GC(3) Tenured: 959K(1600K)->1375K(1600K)
[0.259s][info][gc,metaspace   ] GC(3) Metaspace: 6296K(6464K)->6296K(6464K) NonClass: 5763K(5824K)->5763K(5824K) Class: 533K(640K)->533K(640K)
[0.259s][info][gc             ] GC(3) Pause Young (Allocation Failure) 1M->1M(2M) 2.043ms
[0.259s][info][gc,cpu         ] GC(3) User=0.00s Sys=0.00s Real=0.00s
[0.261s][info][gc,start       ] GC(4) Pause Young (Allocation Failure)
[0.262s][info][gc             ] GC(4) Pause Young (Allocation Failure) 2M->1M(3M) 1.426ms
[0.262s][info][gc,cpu         ] GC(4) User=0.00s Sys=0.00s Real=0.00s
[0.262s][info][gc,start       ] GC(5) Pause Full (Allocation Failure)
[0.262s][info][gc,phases,start] GC(5) Phase 1: Mark live objects
[0.264s][info][gc,phases      ] GC(5) Phase 1: Mark live objects 1.693ms
[0.264s][info][gc,phases,start] GC(5) Phase 2: Compute new object addresses
[0.264s][info][gc,phases      ] GC(5) Phase 2: Compute new object addresses 0.486ms
[0.264s][info][gc,phases,start] GC(5) Phase 3: Adjust pointers
[0.265s][info][gc,phases      ] GC(5) Phase 3: Adjust pointers 0.945ms
[0.265s][info][gc,phases,start] GC(5) Phase 4: Move objects
[0.266s][info][gc,phases      ] GC(5) Phase 4: Move objects 0.080ms
[0.266s][info][gc,heap        ] GC(5) DefNew: 1151K(1152K)->35K(1536K) Eden: 1024K(1024K)->35K(1408K) From: 127K(128K)->0K(128K)
[0.266s][info][gc,heap        ] GC(5) Tenured: 1375K(1600K)->1983K(3308K)
[0.266s][info][gc,metaspace   ] GC(5) Metaspace: 6296K(6464K)->6296K(6464K) NonClass: 5763K(5824K)->5763K(5824K) Class: 533K(640K)->533K(640K)
[0.266s][info][gc             ] GC(5) Pause Full (Allocation Failure) 1M->1M(4M) 3.613ms
[0.266s][info][gc,cpu         ] GC(5) User=0.00s Sys=0.00s Real=0.00s
[0.268s][info][gc,start       ] GC(6) Pause Young (Allocation Failure)
[0.270s][info][gc,heap        ] GC(6) DefNew: 1407K(1536K)->127K(1536K) Eden: 1407K(1408K)->0K(1408K) From: 0K(128K)->127K(128K)
[0.271s][info][gc,heap        ] GC(6) Tenured: 1983K(3308K)->2617K(3308K)
[0.271s][info][gc,metaspace   ] GC(6) Metaspace: 6296K(6464K)->6296K(6464K) NonClass: 5763K(5824K)->5763K(5824K) Class: 533K(640K)->533K(640K)
[0.271s][info][gc             ] GC(6) Pause Young (Allocation Failure) 3M->2M(4M) 2.263ms
[0.271s][info][gc,cpu         ] GC(6) User=0.00s Sys=0.00s Real=0.00s
[0.273s][info][gc,start       ] GC(7) Pause Young (Allocation Failure)
[0.276s][info][gc             ] GC(7) Pause Young (Allocation Failure) 4M->3M(4M) 2.511ms
[0.276s][info][gc,cpu         ] GC(7) User=0.00s Sys=0.00s Real=0.00s
[0.276s][info][gc,start       ] GC(8) Pause Full (Allocation Failure)
[0.276s][info][gc,phases,start] GC(8) Phase 1: Mark live objects
[0.279s][info][gc,phases      ] GC(8) Phase 1: Mark live objects 2.933ms
[0.279s][info][gc,phases,start] GC(8) Phase 2: Compute new object addresses
[0.280s][info][gc,phases      ] GC(8) Phase 2: Compute new object addresses 0.826ms
[0.280s][info][gc,phases,start] GC(8) Phase 3: Adjust pointers
[0.281s][info][gc,phases      ] GC(8) Phase 3: Adjust pointers 1.296ms
[0.281s][info][gc,phases,start] GC(8) Phase 4: Move objects
[0.281s][info][gc,phases      ] GC(8) Phase 4: Move objects 0.096ms
[0.281s][info][gc,heap        ] GC(8) DefNew: 1535K(1536K)->0K(2688K) Eden: 1408K(1408K)->0K(2432K) From: 127K(128K)->0K(256K)
[0.281s][info][gc,heap        ] GC(8) Tenured: 2617K(3308K)->3460K(5768K)
[0.281s][info][gc,metaspace   ] GC(8) Metaspace: 6296K(6464K)->6296K(6464K) NonClass: 5763K(5824K)->5763K(5824K) Class: 533K(640K)->533K(640K)
[0.281s][info][gc             ] GC(8) Pause Full (Allocation Failure) 3M->3M(8M) 5.656ms
[0.282s][info][gc,cpu         ] GC(8) User=0.00s Sys=0.00s Real=0.01s
[0.288s][info][gc,start       ] GC(9) Pause Young (Allocation Failure)
[0.291s][info][gc,heap        ] GC(9) DefNew: 2431K(2688K)->256K(2688K) Eden: 2431K(2432K)->0K(2432K) From: 0K(256K)->256K(256K)
[0.291s][info][gc,heap        ] GC(9) Tenured: 3460K(5768K)->4512K(5768K)
[0.291s][info][gc,metaspace   ] GC(9) Metaspace: 6296K(6464K)->6296K(6464K) NonClass: 5763K(5824K)->5763K(5824K) Class: 533K(640K)->533K(640K)
[0.291s][info][gc             ] GC(9) Pause Young (Allocation Failure) 5M->4M(8M) 3.796ms
[0.291s][info][gc,cpu         ] GC(9) User=0.00s Sys=0.00s Real=0.00s
[0.295s][info][gc,start       ] GC(10) Pause Young (Allocation Failure)
[0.299s][info][gc,heap        ] GC(10) DefNew: 2688K(2688K)->255K(2688K) Eden: 2432K(2432K)->0K(2432K) From: 256K(256K)->255K(256K)
[0.299s][info][gc,heap        ] GC(10) Tenured: 4512K(5768K)->5755K(5768K)
[0.299s][info][gc,metaspace   ] GC(10) Metaspace: 6296K(6464K)->6296K(6464K) NonClass: 5763K(5824K)->5763K(5824K) Class: 533K(640K)->533K(640K)
[0.299s][info][gc             ] GC(10) Pause Young (Allocation Failure) 7M->5M(8M) 3.898ms
[0.299s][info][gc,cpu         ] GC(10) User=0.00s Sys=0.00s Real=0.00s
[0.303s][info][gc,start       ] GC(11) Pause Young (Allocation Failure)
[0.307s][info][gc             ] GC(11) Pause Young (Allocation Failure) 8M->7M(9M) 4.028ms
[0.307s][info][gc,cpu         ] GC(11) User=0.00s Sys=0.00s Real=0.00s
[0.307s][info][gc,start       ] GC(12) Pause Full (Allocation Failure)
[0.307s][info][gc,phases,start] GC(12) Phase 1: Mark live objects
[0.312s][info][gc,phases      ] GC(12) Phase 1: Mark live objects 4.805ms
[0.312s][info][gc,phases,start] GC(12) Phase 2: Compute new object addresses
[0.314s][info][gc,phases      ] GC(12) Phase 2: Compute new object addresses 1.660ms
[0.314s][info][gc,phases,start] GC(12) Phase 3: Adjust pointers
[0.317s][info][gc,phases      ] GC(12) Phase 3: Adjust pointers 2.534ms
[0.317s][info][gc,phases,start] GC(12) Phase 4: Move objects
[0.318s][info][gc,phases      ] GC(12) Phase 4: Move objects 1.311ms
[0.318s][info][gc,heap        ] GC(12) DefNew: 2687K(2688K)->0K(5376K) Eden: 2432K(2432K)->0K(4800K) From: 255K(256K)->0K(576K)
[0.318s][info][gc,heap        ] GC(12) Tenured: 5755K(5768K)->7132K(11888K)
[0.318s][info][gc,metaspace   ] GC(12) Metaspace: 6296K(6464K)->6296K(6464K) NonClass: 5763K(5824K)->5763K(5824K) Class: 533K(640K)->533K(640K)
[0.318s][info][gc             ] GC(12) Pause Full (Allocation Failure) 7M->6M(16M) 10.906ms
[0.318s][info][gc,cpu         ] GC(12) User=0.00s Sys=0.00s Real=0.01s
[0.324s][info][gc,start       ] GC(13) Pause Young (Allocation Failure)
[0.330s][info][gc,heap        ] GC(13) DefNew: 4800K(5376K)->575K(5376K) Eden: 4800K(4800K)->0K(4800K) From: 0K(576K)->575K(576K)
[0.330s][info][gc,heap        ] GC(13) Tenured: 7132K(11888K)->9027K(11888K)
[0.330s][info][gc,metaspace   ] GC(13) Metaspace: 6296K(6464K)->6296K(6464K) NonClass: 5763K(5824K)->5763K(5824K) Class: 533K(640K)->533K(640K)
[0.330s][info][gc             ] GC(13) Pause Young (Allocation Failure) 11M->9M(16M) 6.537ms
[0.330s][info][gc,cpu         ] GC(13) User=0.00s Sys=0.00s Real=0.01s
[0.335s][info][gc,start       ] GC(14) Pause Young (Allocation Failure)
[0.342s][info][gc,heap        ] GC(14) DefNew: 5375K(5376K)->576K(5376K) Eden: 4800K(4800K)->0K(4800K) From: 575K(576K)->576K(576K)
[0.342s][info][gc,heap        ] GC(14) Tenured: 9027K(11888K)->11746K(11888K)
[0.342s][info][gc,metaspace   ] GC(14) Metaspace: 6296K(6464K)->6296K(6464K) NonClass: 5763K(5824K)->5763K(5824K) Class: 533K(640K)->533K(640K)
[0.342s][info][gc             ] GC(14) Pause Young (Allocation Failure) 14M->12M(16M) 6.313ms
[0.342s][info][gc,cpu         ] GC(14) User=0.00s Sys=0.00s Real=0.01s
[0.346s][info][gc,start       ] GC(15) Pause Young (Allocation Failure)
[0.351s][info][gc             ] GC(15) Pause Young (Allocation Failure) 16M->14M(19M) 5.619ms
[0.351s][info][gc,cpu         ] GC(15) User=0.00s Sys=0.00s Real=0.01s
[0.351s][info][gc,start       ] GC(16) Pause Full (Allocation Failure)
[0.351s][info][gc,phases,start] GC(16) Phase 1: Mark live objects
[0.360s][info][gc,phases      ] GC(16) Phase 1: Mark live objects 8.413ms
[0.360s][info][gc,phases,start] GC(16) Phase 2: Compute new object addresses
[0.362s][info][gc,phases      ] GC(16) Phase 2: Compute new object addresses 2.324ms
[0.362s][info][gc,phases,start] GC(16) Phase 3: Adjust pointers
[0.365s][info][gc,phases      ] GC(16) Phase 3: Adjust pointers 3.240ms
[0.365s][info][gc,phases,start] GC(16) Phase 4: Move objects
[0.366s][info][gc,phases      ] GC(16) Phase 4: Move objects 0.191ms
[0.366s][info][gc,heap        ] GC(16) DefNew: 5376K(5376K)->386K(10880K) Eden: 4800K(4800K)->386K(9728K) From: 576K(576K)->0K(1152K)
[0.366s][info][gc,heap        ] GC(16) Tenured: 11746K(11888K)->14384K(23976K)
[0.366s][info][gc,metaspace   ] GC(16) Metaspace: 6298K(6464K)->6298K(6464K) NonClass: 5765K(5824K)->5765K(5824K) Class: 533K(640K)->533K(640K)
[0.366s][info][gc             ] GC(16) Pause Full (Allocation Failure) 14M->14M(34M) 14.557ms
[0.366s][info][gc,cpu         ] GC(16) User=0.02s Sys=0.00s Real=0.01s
[0.375s][info][gc,start       ] GC(17) Pause Young (Allocation Failure)
[0.389s][info][gc,heap        ] GC(17) DefNew: 9728K(10880K)->1151K(10880K) Eden: 9728K(9728K)->0K(9728K) From: 0K(1152K)->1151K(1152K)
[0.389s][info][gc,heap        ] GC(17) Tenured: 14384K(23976K)->18415K(23976K)
[0.389s][info][gc,metaspace   ] GC(17) Metaspace: 6298K(6464K)->6298K(6464K) NonClass: 5765K(5824K)->5765K(5824K) Class: 533K(640K)->533K(640K)
[0.389s][info][gc             ] GC(17) Pause Young (Allocation Failure) 23M->19M(34M) 13.746ms
[0.389s][info][gc,cpu         ] GC(17) User=0.00s Sys=0.00s Real=0.02s
[0.396s][info][gc,start       ] GC(18) Pause Young (Allocation Failure)
[0.409s][info][gc,heap        ] GC(18) DefNew: 10879K(10880K)->1151K(10880K) Eden: 9728K(9728K)->0K(9728K) From: 1151K(1152K)->1151K(1152K)
[0.409s][info][gc,heap        ] GC(18) Tenured: 18415K(23976K)->23936K(23976K)
[0.409s][info][gc,metaspace   ] GC(18) Metaspace: 6298K(6464K)->6298K(6464K) NonClass: 5765K(5824K)->5765K(5824K) Class: 533K(640K)->533K(640K)
[0.409s][info][gc             ] GC(18) Pause Young (Allocation Failure) 28M->24M(34M) 12.618ms
[0.409s][info][gc,cpu         ] GC(18) User=0.00s Sys=0.00s Real=0.01s
[0.415s][info][gc,start       ] GC(19) Pause Young (Allocation Failure)
[0.428s][info][gc             ] GC(19) Pause Young (Allocation Failure) 34M->29M(38M) 12.713ms
[0.428s][info][gc,cpu         ] GC(19) User=0.00s Sys=0.00s Real=0.01s
[0.428s][info][gc,start       ] GC(20) Pause Full (Allocation Failure)
[0.428s][info][gc,phases,start] GC(20) Phase 1: Mark live objects
[0.443s][info][gc,phases      ] GC(20) Phase 1: Mark live objects 14.940ms
[0.443s][info][gc,phases,start] GC(20) Phase 2: Compute new object addresses
[0.448s][info][gc,phases      ] GC(20) Phase 2: Compute new object addresses 4.941ms
[0.448s][info][gc,phases,start] GC(20) Phase 3: Adjust pointers
[0.453s][info][gc,phases      ] GC(20) Phase 3: Adjust pointers 5.646ms
[0.453s][info][gc,phases,start] GC(20) Phase 4: Move objects
[0.454s][info][gc,phases      ] GC(20) Phase 4: Move objects 0.193ms
[0.454s][info][gc,heap        ] GC(20) DefNew: 10879K(10880K)->1080K(21888K) Eden: 9728K(9728K)->1080K(19520K) From: 1151K(1152K)->0K(2368K)
[0.454s][info][gc,heap        ] GC(20) Tenured: 23936K(23976K)->29036K(48396K)
[0.454s][info][gc,metaspace   ] GC(20) Metaspace: 6298K(6464K)->6298K(6464K) NonClass: 5765K(5824K)->5765K(5824K) Class: 533K(640K)->533K(640K)
[0.454s][info][gc             ] GC(20) Pause Full (Allocation Failure) 29M->29M(68M) 26.173ms
[0.454s][info][gc,cpu         ] GC(20) User=0.03s Sys=0.00s Real=0.03s
[0.470s][info][gc,start       ] GC(21) Pause Young (Allocation Failure)
[0.502s][info][gc,heap        ] GC(21) DefNew: 19520K(21888K)->2367K(21888K) Eden: 19520K(19520K)->0K(19520K) From: 0K(2368K)->2367K(2368K)
[0.502s][info][gc,heap        ] GC(21) Tenured: 29036K(48396K)->41010K(48396K)
[0.502s][info][gc,metaspace   ] GC(21) Metaspace: 6298K(6464K)->6298K(6464K) NonClass: 5765K(5824K)->5765K(5824K) Class: 533K(640K)->533K(640K)
[0.502s][info][gc             ] GC(21) Pause Young (Allocation Failure) 47M->42M(68M) 31.261ms
[0.502s][info][gc,cpu         ] GC(21) User=0.02s Sys=0.00s Real=0.03s
[0.519s][info][gc,start       ] GC(22) Pause Young (Allocation Failure)
[0.557s][info][gc             ] GC(22) Pause Young (Allocation Failure) 61M->61M(80M) 37.257ms
[0.557s][info][gc,cpu         ] GC(22) User=0.02s Sys=0.02s Real=0.04s
[0.557s][info][gc,start       ] GC(23) Pause Full (Allocation Failure)
[0.557s][info][gc,phases,start] GC(23) Phase 1: Mark live objects
[0.583s][info][gc,phases      ] GC(23) Phase 1: Mark live objects 25.999ms
[0.583s][info][gc,phases,start] GC(23) Phase 2: Compute new object addresses
[0.593s][info][gc,phases      ] GC(23) Phase 2: Compute new object addresses 9.830ms
[0.593s][info][gc,phases,start] GC(23) Phase 3: Adjust pointers
[0.604s][info][gc,phases      ] GC(23) Phase 3: Adjust pointers 11.275ms
[0.604s][info][gc,phases,start] GC(23) Phase 4: Move objects
[0.604s][info][gc,phases      ] GC(23) Phase 4: Move objects 0.375ms
[0.605s][info][gc,heap        ] GC(23) DefNew: 21887K(21888K)->2183K(45568K) Eden: 19520K(19520K)->2183K(40512K) From: 2367K(2368K)->0K(5056K)
[0.605s][info][gc,heap        ] GC(23) Tenured: 41010K(48396K)->60683K(101140K)
[0.605s][info][gc,metaspace   ] GC(23) Metaspace: 6298K(6464K)->6298K(6464K) NonClass: 5765K(5824K)->5765K(5824K) Class: 533K(640K)->533K(640K)
[0.605s][info][gc             ] GC(23) Pause Full (Allocation Failure) 61M->61M(143M) 48.130ms
[0.605s][info][gc,cpu         ] GC(23) User=0.05s Sys=0.00s Real=0.05s
[0.647s][info][gc,start       ] GC(24) Pause Young (Allocation Failure)
[0.712s][info][gc,heap        ] GC(24) DefNew: 40512K(45568K)->5055K(45568K) Eden: 40512K(40512K)->0K(40512K) From: 0K(5056K)->5055K(5056K)
[0.712s][info][gc,heap        ] GC(24) Tenured: 60683K(101140K)->96114K(101140K)
[0.712s][info][gc,metaspace   ] GC(24) Metaspace: 6298K(6464K)->6298K(6464K) NonClass: 5765K(5824K)->5765K(5824K) Class: 533K(640K)->533K(640K)
[0.712s][info][gc             ] GC(24) Pause Young (Allocation Failure) 98M->98M(143M) 65.675ms
[0.712s][info][gc,cpu         ] GC(24) User=0.06s Sys=0.00s Real=0.07s
[0.744s][info][gc,start       ] GC(25) Pause Young (Allocation Failure)
[0.818s][info][gc             ] GC(25) Pause Young (Allocation Failure) 138M->138M(178M) 73.770ms
[0.818s][info][gc,cpu         ] GC(25) User=0.06s Sys=0.00s Real=0.07s
[0.818s][info][gc,start       ] GC(26) Pause Full (Allocation Failure)
[0.818s][info][gc,phases,start] GC(26) Phase 1: Mark live objects
[0.878s][info][gc,phases      ] GC(26) Phase 1: Mark live objects 59.717ms
[0.878s][info][gc,phases,start] GC(26) Phase 2: Compute new object addresses
[0.899s][info][gc,phases      ] GC(26) Phase 2: Compute new object addresses 21.689ms
[0.900s][info][gc,phases,start] GC(26) Phase 3: Adjust pointers
[0.927s][info][gc,phases      ] GC(26) Phase 3: Adjust pointers 26.989ms
[0.927s][info][gc,phases,start] GC(26) Phase 4: Move objects
[0.951s][info][gc,phases      ] GC(26) Phase 4: Move objects 24.521ms
[0.952s][info][gc,heap        ] GC(26) DefNew: 45567K(45568K)->1083K(102592K) Eden: 40512K(40512K)->1083K(91200K) From: 5055K(5056K)->0K(11392K)
[0.952s][info][gc,heap        ] GC(26) Tenured: 96114K(101140K)->136727K(227880K)
[0.952s][info][gc,metaspace   ] GC(26) Metaspace: 6298K(6464K)->6298K(6464K) NonClass: 5765K(5824K)->5765K(5824K) Class: 533K(640K)->533K(640K)
[0.952s][info][gc             ] GC(26) Pause Full (Allocation Failure) 138M->134M(322M) 133.734ms
[0.952s][info][gc,cpu         ] GC(26) User=0.14s Sys=0.00s Real=0.13s
[1.049s][info][gc,start       ] GC(27) Pause Young (Allocation Failure)
[1.201s][info][gc,heap        ] GC(27) DefNew: 91200K(102592K)->11392K(102592K) Eden: 91200K(91200K)->0K(91200K) From: 0K(11392K)->11392K(11392K)
[1.201s][info][gc,heap        ] GC(27) Tenured: 136727K(227880K)->216507K(227880K)
[1.201s][info][gc,metaspace   ] GC(27) Metaspace: 6298K(6464K)->6298K(6464K) NonClass: 5765K(5824K)->5765K(5824K) Class: 533K(640K)->533K(640K)
[1.201s][info][gc             ] GC(27) Pause Young (Allocation Failure) 222M->222M(322M) 151.512ms
[1.201s][info][gc,cpu         ] GC(27) User=0.12s Sys=0.02s Real=0.15s
[1.286s][info][gc,start       ] GC(28) Pause Young (Allocation Failure)
[1.457s][info][gc             ] GC(28) Pause Young (Allocation Failure) 311M->311M(400M) 170.886ms
[1.457s][info][gc,cpu         ] GC(28) User=0.12s Sys=0.03s Real=0.17s
[1.457s][info][gc,start       ] GC(29) Pause Full (Allocation Failure)
[1.457s][info][gc,phases,start] GC(29) Phase 1: Mark live objects
[1.599s][info][gc,phases      ] GC(29) Phase 1: Mark live objects 141.747ms
[1.599s][info][gc,phases,start] GC(29) Phase 2: Compute new object addresses
[1.648s][info][gc,phases      ] GC(29) Phase 2: Compute new object addresses 49.804ms
[1.649s][info][gc,phases,start] GC(29) Phase 3: Adjust pointers
[1.705s][info][gc,phases      ] GC(29) Phase 3: Adjust pointers 56.092ms
[1.705s][info][gc,phases,start] GC(29) Phase 4: Move objects
[1.707s][info][gc,phases      ] GC(29) Phase 4: Move objects 2.256ms
[1.708s][info][gc,heap        ] GC(29) DefNew: 102592K(102592K)->11377K(230848K) Eden: 91200K(91200K)->11377K(205248K) From: 11392K(11392K)->0K(25600K)
[1.708s][info][gc,heap        ] GC(29) Tenured: 216507K(227880K)->307691K(512820K)
[1.708s][info][gc,metaspace   ] GC(29) Metaspace: 6298K(6464K)->6298K(6464K) NonClass: 5765K(5824K)->5765K(5824K) Class: 533K(640K)->533K(640K)
[1.708s][info][gc             ] GC(29) Pause Full (Allocation Failure) 311M->311M(726M) 251.308ms
[1.708s][info][gc,cpu         ] GC(29) User=0.23s Sys=0.00s Real=0.25s
[1.923s][info][gc,start       ] GC(30) Pause Young (Allocation Failure)
[2.268s][info][gc,heap        ] GC(30) DefNew: 205248K(230848K)->25599K(230848K) Eden: 205248K(205248K)->0K(205248K) From: 0K(25600K)->25599K(25600K)
[2.268s][info][gc,heap        ] GC(30) Tenured: 307691K(512820K)->487314K(512820K)
[2.268s][info][gc,metaspace   ] GC(30) Metaspace: 6298K(6464K)->6298K(6464K) NonClass: 5765K(5824K)->5765K(5824K) Class: 533K(640K)->533K(640K)
[2.268s][info][gc             ] GC(30) Pause Young (Allocation Failure) 500M->500M(726M) 344.813ms
[2.268s][info][gc,cpu         ] GC(30) User=0.31s Sys=0.03s Real=0.35s
[2.465s][info][gc,start       ] GC(31) Pause Young (Allocation Failure)
[2.855s][info][gc             ] GC(31) Pause Young (Allocation Failure) 701M->700M(901M) 390.410ms
[2.855s][info][gc,cpu         ] GC(31) User=0.27s Sys=0.11s Real=0.39s
[2.855s][info][gc,start       ] GC(32) Pause Full (Allocation Failure)
[2.855s][info][gc,phases,start] GC(32) Phase 1: Mark live objects
[3.182s][info][gc,phases      ] GC(32) Phase 1: Mark live objects 326.689ms
[3.182s][info][gc,phases,start] GC(32) Phase 2: Compute new object addresses
[3.291s][info][gc,phases      ] GC(32) Phase 2: Compute new object addresses 109.216ms
[3.291s][info][gc,phases,start] GC(32) Phase 3: Adjust pointers
[3.412s][info][gc,phases      ] GC(32) Phase 3: Adjust pointers 120.373ms
[3.412s][info][gc,phases,start] GC(32) Phase 4: Move objects
[3.417s][info][gc,phases      ] GC(32) Phase 4: Move objects 5.234ms
[3.419s][info][gc,heap        ] GC(32) DefNew: 230847K(230848K)->25508K(518976K) Eden: 205248K(205248K)->25508K(461312K) From: 25599K(25600K)->0K(57664K)
[3.419s][info][gc,heap        ] GC(32) Tenured: 487314K(512820K)->691955K(1153260K)
[3.419s][info][gc,metaspace   ] GC(32) Metaspace: 6298K(6464K)->6298K(6464K) NonClass: 5765K(5824K)->5765K(5824K) Class: 533K(640K)->533K(640K)
[3.419s][info][gc             ] GC(32) Pause Full (Allocation Failure) 700M->700M(1633M) 563.762ms
[3.419s][info][gc,cpu         ] GC(32) User=0.53s Sys=0.00s Real=0.56s
[3.895s][info][gc,start       ] GC(33) Pause Young (Allocation Failure)
[4.695s][info][gc,heap        ] GC(33) DefNew: 461312K(518976K)->57664K(518976K) Eden: 461312K(461312K)->0K(461312K) From: 0K(57664K)->57664K(57664K)
[4.695s][info][gc,heap        ] GC(33) Tenured: 691955K(1153260K)->1095575K(1153260K)
[4.695s][info][gc,metaspace   ] GC(33) Metaspace: 6298K(6464K)->6298K(6464K) NonClass: 5765K(5824K)->5765K(5824K) Class: 533K(640K)->533K(640K)
[4.695s][info][gc             ] GC(33) Pause Young (Allocation Failure) 1126M->1126M(1633M) 800.299ms
[4.695s][info][gc,cpu         ] GC(33) User=0.69s Sys=0.09s Real=0.80s
[5.178s][info][gc,start       ] GC(34) Pause Young (Allocation Failure)
[5.928s][info][gc             ] GC(34) Pause Young (Allocation Failure) 1576M->1523M(1974M) 750.346ms
[5.928s][info][gc,cpu         ] GC(34) User=0.56s Sys=0.17s Real=0.75s
[5.928s][info][gc,start       ] GC(35) Pause Full (Allocation Failure)
[5.928s][info][gc,phases,start] GC(35) Phase 1: Mark live objects
[6.615s][info][gc,phases      ] GC(35) Phase 1: Mark live objects 686.819ms
[6.615s][info][gc,phases,start] GC(35) Phase 2: Compute new object addresses
[6.838s][info][gc,phases      ] GC(35) Phase 2: Compute new object addresses 223.261ms
[6.839s][info][gc,phases,start] GC(35) Phase 3: Adjust pointers
[7.106s][info][gc,phases      ] GC(35) Phase 3: Adjust pointers 267.566ms
[7.106s][info][gc,phases,start] GC(35) Phase 4: Move objects
[7.117s][info][gc,phases      ] GC(35) Phase 4: Move objects 10.703ms
[7.121s][info][gc,heap        ] GC(35) DefNew: 518976K(518976K)->57544K(1126976K) Eden: 461312K(461312K)->57544K(1001792K) From: 57664K(57664K)->0K(125184K)
[7.121s][info][gc,heap        ] GC(35) Tenured: 1095575K(1153260K)->1502575K(2504296K)
[7.121s][info][gc,metaspace   ] GC(35) Metaspace: 6298K(6464K)->6298K(6464K) NonClass: 5765K(5824K)->5765K(5824K) Class: 533K(640K)->533K(640K)
[7.121s][info][gc             ] GC(35) Pause Full (Allocation Failure) 1523M->1523M(3546M) 1193.135ms
[7.121s][info][gc,cpu         ] GC(35) User=1.16s Sys=0.02s Real=1.19s
[8.125s][info][gc,start       ] GC(36) Pause Young (Allocation Failure)
[9.942s][info][gc,heap        ] GC(36) DefNew: 1001792K(1126976K)->125184K(1126976K) Eden: 1001792K(1001792K)->0K(1001792K) From: 0K(125184K)->125184K(125184K)
[9.942s][info][gc,heap        ] GC(36) Tenured: 1502575K(2504296K)->2379155K(2504296K)
[9.942s][info][gc,metaspace   ] GC(36) Metaspace: 6298K(6464K)->6298K(6464K) NonClass: 5765K(5824K)->5765K(5824K) Class: 533K(640K)->533K(640K)
[9.942s][info][gc             ] GC(36) Pause Young (Allocation Failure) 2445M->2445M(3546M) 1817.395ms
[9.942s][info][gc,cpu         ] GC(36) User=1.56s Sys=0.22s Real=1.82s
[10.933s][info][gc,start       ] GC(37) Pause Young (Allocation Failure)
[12.697s][info][gc             ] GC(37) Pause Young (Allocation Failure) 3423M->3423M(4402M) 1764.491ms
[12.698s][info][gc,cpu         ] GC(37) User=1.47s Sys=0.30s Real=1.76s
[12.698s][info][gc,start       ] GC(38) Pause Full (Allocation Failure)
[12.698s][info][gc,phases,start] GC(38) Phase 1: Mark live objects
[14.285s][info][gc,phases      ] GC(38) Phase 1: Mark live objects 1587.630ms
[14.285s][info][gc,phases,start] GC(38) Phase 2: Compute new object addresses
[14.818s][info][gc,phases      ] GC(38) Phase 2: Compute new object addresses 532.888ms
[14.818s][info][gc,phases,start] GC(38) Phase 3: Adjust pointers
[15.511s][info][gc,phases      ] GC(38) Phase 3: Adjust pointers 692.435ms
[15.511s][info][gc,phases,start] GC(38) Phase 4: Move objects
[16.157s][info][gc,phases      ] GC(38) Phase 4: Move objects 646.004ms
[16.166s][info][gc,heap        ] GC(38) DefNew: 1126976K(1126976K)->30796K(2535872K) Eden: 1001792K(1001792K)->30796K(2254144K) From: 125184K(125184K)->0K(281728K)
[16.166s][info][gc,heap        ] GC(38) Tenured: 2379155K(2504296K)->3381099K(5635168K)
[16.166s][info][gc,metaspace   ] GC(38) Metaspace: 6298K(6464K)->6298K(6464K) NonClass: 5765K(5824K)->5765K(5824K) Class: 533K(640K)->533K(640K)
[16.167s][info][gc             ] GC(38) Pause Full (Allocation Failure) 3423M->3331M(7979M) 3469.010ms
[16.167s][info][gc,cpu         ] GC(38) User=3.45s Sys=0.02s Real=3.47s
[18.495s][info][gc,start       ] GC(39) Pause Young (Allocation Failure)
[23.537s][info][gc,heap        ] GC(39) DefNew: 2254144K(2535872K)->281727K(2535872K) Eden: 2254144K(2254144K)->0K(2254144K) From: 0K(281728K)->281727K(281728K)
[23.537s][info][gc,heap        ] GC(39) Tenured: 3381099K(5635168K)->5353482K(5635168K)
[23.537s][info][gc,metaspace   ] GC(39) Metaspace: 6298K(6464K)->6298K(6464K) NonClass: 5765K(5824K)->5765K(5824K) Class: 533K(640K)->533K(640K)
[23.537s][info][gc             ] GC(39) Pause Young (Allocation Failure) 5503M->5503M(7979M) 5042.712ms
[23.537s][info][gc,cpu         ] GC(39) User=3.52s Sys=1.45s Real=5.04s
[25.693s][info][gc,start       ] GC(40) Pause Young (Allocation Failure)
[30.695s][info][gc             ] GC(40) Pause Young (Allocation Failure) 7704M->7704M(9905M) 5002.142ms
[30.696s][info][gc,cpu         ] GC(40) User=3.11s Sys=1.83s Real=5.00s
[30.696s][info][gc,start       ] GC(41) Pause Full (Allocation Failure)
[30.696s][info][gc,phases,start] GC(41) Phase 1: Mark live objects
[34.390s][info][gc,phases      ] GC(41) Phase 1: Mark live objects 3694.492ms
[34.390s][info][gc,phases,start] GC(41) Phase 2: Compute new object addresses
[35.657s][info][gc,phases      ] GC(41) Phase 2: Compute new object addresses 1267.038ms
[35.657s][info][gc,phases,start] GC(41) Phase 3: Adjust pointers
[37.029s][info][gc,phases      ] GC(41) Phase 3: Adjust pointers 1372.258ms
[37.030s][info][gc,phases,start] GC(41) Phase 4: Move objects
[37.092s][info][gc,phases      ] GC(41) Phase 4: Move objects 62.396ms
[37.203s][info][gc,heap        ] GC(41) DefNew: 2535871K(2535872K)->281675K(4761600K) Eden: 2254144K(2254144K)->281675K(4232576K) From: 281727K(281728K)->0K(529024K)
[37.203s][info][gc,heap        ] GC(41) Tenured: 5353482K(5635168K)->7607651K(10581376K)
[37.203s][info][gc,metaspace   ] GC(41) Metaspace: 6298K(6464K)->6298K(6464K) NonClass: 5765K(5824K)->5765K(5824K) Class: 533K(640K)->533K(640K)
[37.203s][info][gc             ] GC(41) Pause Full (Allocation Failure) 7704M->7704M(14983M) 6507.496ms
[37.203s][info][gc,cpu         ] GC(41) User=6.34s Sys=0.00s Real=6.51s
[41.141s][info][gc,start       ] GC(42) Pause Young (Allocation Failure)
[54.241s][info][gc,promotion   ] GC(42) Promotion failed
[54.242s][info][gc             ] GC(42) Pause Young (Allocation Failure) 11460M->14880M(14983M) 13101.049ms
[54.242s][info][gc,cpu         ] GC(42) User=7.42s Sys=4.78s Real=13.10s
[54.242s][info][gc,start       ] GC(43) Pause Full (Allocation Failure)
[54.242s][info][gc,phases,start] GC(43) Phase 1: Mark live objects
[87.552s][info][gc,phases      ] GC(43) Phase 1: Mark live objects 33309.771ms
[87.553s][info][gc,phases,start] GC(43) Phase 2: Compute new object addresses
[106.128s][info][gc,phases      ] GC(43) Phase 2: Compute new object addresses 18574.910ms
[106.128s][info][gc,phases,start] GC(43) Phase 3: Adjust pointers
[142.081s][info][gc,phases      ] GC(43) Phase 3: Adjust pointers 35953.063ms
[142.081s][info][gc,phases,start] GC(43) Phase 4: Move objects
[144.296s][info][gc,phases      ] GC(43) Phase 4: Move objects 2214.433ms
[144.379s][info][gc,heap        ] GC(43) DefNew: 4127585K(4761600K)->1137643K(4761600K) Eden: 4127585K(4232576K)->1137643K(4232576K) From: 0K(529024K)->0K(529024K)
[144.379s][info][gc,heap        ] GC(43) Tenured: 7607651K(10581376K)->10581375K(10581376K)
[144.379s][info][gc,metaspace   ] GC(43) Metaspace: 6298K(6464K)->6298K(6464K) NonClass: 5765K(5824K)->5765K(5824K) Class: 533K(640K)->533K(640K)
[144.379s][info][gc             ] GC(43) Pause Full (Allocation Failure) 14880M->11444M(14983M) 90137.041ms
[144.379s][info][gc,cpu         ] GC(43) User=8.48s Sys=31.48s Real=90.14s
[156.848s][info][gc,start       ] GC(44) Pause Full (Allocation Failure)
[156.848s][info][gc,phases,start] GC(44) Phase 1: Mark live objects
[186.745s][info][gc,phases      ] GC(44) Phase 1: Mark live objects 29897.569ms
[186.746s][info][gc,phases,start] GC(44) Phase 2: Compute new object addresses
[201.922s][info][gc,phases      ] GC(44) Phase 2: Compute new object addresses 15176.147ms
[201.923s][info][gc,phases,start] GC(44) Phase 3: Adjust pointers
[228.587s][info][gc,phases      ] GC(44) Phase 3: Adjust pointers 26664.682ms
[228.587s][info][gc,phases,start] GC(44) Phase 4: Move objects
[229.114s][info][gc,phases      ] GC(44) Phase 4: Move objects 526.664ms
[229.123s][info][gc,heap        ] GC(44) DefNew: 4761599K(4761600K)->4761576K(4761600K) Eden: 4232576K(4232576K)->4232575K(4232576K) From: 529023K(529024K)->529001K(529024K)
[229.123s][info][gc,heap        ] GC(44) Tenured: 10581375K(10581376K)->10581375K(10581376K)
[229.124s][info][gc,metaspace   ] GC(44) Metaspace: 6298K(6464K)->6298K(6464K) NonClass: 5765K(5824K)->5765K(5824K) Class: 533K(640K)->533K(640K)
[229.124s][info][gc             ] GC(44) Pause Full (Allocation Failure) 14983M->14983M(14983M) 72276.414ms
[229.124s][info][gc,cpu         ] GC(44) User=11.19s Sys=33.00s Real=72.28s
[229.126s][info][gc,start       ] GC(45) Pause Full (Allocation Failure)
[229.126s][info][gc,phases,start] GC(45) Phase 1: Mark live objects
[255.494s][info][gc,phases      ] GC(45) Phase 1: Mark live objects 26368.201ms
[255.496s][info][gc,phases,start] GC(45) Phase 2: Compute new object addresses
[267.234s][info][gc,phases      ] GC(45) Phase 2: Compute new object addresses 11736.174ms
[267.235s][info][gc,phases,start] GC(45) Phase 3: Adjust pointers
[314.752s][info][gc,phases      ] GC(45) Phase 3: Adjust pointers 47516.345ms
[314.752s][info][gc,phases,start] GC(45) Phase 4: Move objects
[319.283s][info][gc,phases      ] GC(45) Phase 4: Move objects 4531.017ms
[319.293s][info][gc,heap        ] GC(45) DefNew: 4761599K(4761600K)->4368383K(4761600K) Eden: 4232575K(4232576K)->4232575K(4232576K) From: 529023K(529024K)->135808K(529024K)
[319.293s][info][gc,heap        ] GC(45) Tenured: 10581375K(10581376K)->10581376K(10581376K)
[319.293s][info][gc,metaspace   ] GC(45) Metaspace: 6298K(6464K)->6298K(6464K) NonClass: 5765K(5824K)->5765K(5824K) Class: 533K(640K)->533K(640K)
[319.294s][info][gc             ] GC(45) Pause Full (Allocation Failure) 14983M->14599M(14983M) 90168.413ms
[319.294s][info][gc,cpu         ] GC(45) User=13.72s Sys=31.62s Real=90.17s
[320.433s][info][gc,start       ] GC(46) Pause Full (Allocation Failure)
[320.433s][info][gc,phases,start] GC(46) Phase 1: Mark live objects
[353.870s][info][gc,phases      ] GC(46) Phase 1: Mark live objects 33437.107ms
[353.871s][info][gc,phases,start] GC(46) Phase 2: Compute new object addresses
[364.521s][info][gc,phases      ] GC(46) Phase 2: Compute new object addresses 10649.527ms
[364.521s][info][gc,phases,start] GC(46) Phase 3: Adjust pointers
[385.797s][info][gc,phases      ] GC(46) Phase 3: Adjust pointers 21270.195ms
[385.801s][info][gc,phases,start] GC(46) Phase 4: Move objects
[385.803s][info][gc,phases      ] GC(46) Phase 4: Move objects 1.927ms
[385.831s][info][gc,heap        ] GC(46) DefNew: 4761599K(4761600K)->4761599K(4761600K) Eden: 4232575K(4232576K)->4232575K(4232576K) From: 529023K(529024K)->529023K(529024K)
[385.831s][info][gc,heap        ] GC(46) Tenured: 10581376K(10581376K)->10581376K(10581376K)
[385.831s][info][gc,metaspace   ] GC(46) Metaspace: 6298K(6464K)->6298K(6464K) NonClass: 5765K(5824K)->5765K(5824K) Class: 533K(640K)->533K(640K)
[385.834s][info][gc             ] GC(46) Pause Full (Allocation Failure) 14983M->14983M(14983M) 65400.409ms
[385.835s][info][gc,cpu         ] GC(46) User=10.61s Sys=27.91s Real=65.40s
[385.835s][info][gc,start       ] GC(47) Pause Full (Allocation Failure)
[385.837s][info][gc,phases,start] GC(47) Phase 1: Mark live objects
[417.242s][info][gc,phases      ] GC(47) Phase 1: Mark live objects 31405.399ms
[417.243s][info][gc,phases,start] GC(47) Phase 2: Compute new object addresses
[437.804s][info][gc,phases      ] GC(47) Phase 2: Compute new object addresses 20561.469ms
[437.804s][info][gc,phases,start] GC(47) Phase 3: Adjust pointers
[486.911s][info][gc,phases      ] GC(47) Phase 3: Adjust pointers 49103.506ms
[486.912s][info][gc,phases,start] GC(47) Phase 4: Move objects
[533.917s][info][gc,phases      ] GC(47) Phase 4: Move objects 47004.895ms
[533.939s][info][gc,heap        ] GC(47) DefNew: 4761599K(4761600K)->4761595K(4761600K) Eden: 4232575K(4232576K)->4232576K(4232576K) From: 529023K(529024K)->529019K(529024K)
[533.939s][info][gc,heap        ] GC(47) Tenured: 10581376K(10581376K)->10581375K(10581376K)
[533.940s][info][gc,metaspace   ] GC(47) Metaspace: 6298K(6464K)->6296K(6464K) NonClass: 5765K(5824K)->5763K(5824K) Class: 533K(640K)->532K(640K)
[533.941s][info][gc             ] GC(47) Pause Full (Allocation Failure) 14983M->14983M(14983M) 148105.903ms
[533.941s][info][gc,cpu         ] GC(47) User=12.62s Sys=61.14s Real=148.11s
[533.969s][info][gc,start       ] GC(48) Pause Full (Allocation Failure)
[533.970s][info][gc,phases,start] GC(48) Phase 1: Mark live objects
[569.369s][info][gc,phases      ] GC(48) Phase 1: Mark live objects 35399.088ms
[569.370s][info][gc,phases,start] GC(48) Phase 2: Compute new object addresses
[593.605s][info][gc,phases      ] GC(48) Phase 2: Compute new object addresses 24233.999ms
[593.606s][info][gc,phases,start] GC(48) Phase 3: Adjust pointers
[620.472s][info][gc,phases      ] GC(48) Phase 3: Adjust pointers 26865.478ms
[620.473s][info][gc,phases,start] GC(48) Phase 4: Move objects
[620.474s][info][gc,phases      ] GC(48) Phase 4: Move objects 0.323ms
[620.494s][info][gc,heap        ] GC(48) DefNew: 4761599K(4761600K)->4761599K(4761600K) Eden: 4232576K(4232576K)->4232576K(4232576K) From: 529023K(529024K)->529023K(529024K)
[620.494s][info][gc,heap        ] GC(48) Tenured: 10581375K(10581376K)->10581375K(10581376K)
[620.494s][info][gc,metaspace   ] GC(48) Metaspace: 6296K(6464K)->6296K(6464K) NonClass: 5763K(5824K)->5763K(5824K) Class: 532K(640K)->532K(640K)
[620.497s][info][gc             ] GC(48) Pause Full (Allocation Failure) 14983M->14983M(14983M) 86527.060ms
[620.499s][info][gc,cpu         ] GC(48) User=10.33s Sys=37.36s Real=86.53s
[620.500s][info][gc,start       ] GC(49) Pause Full (Allocation Failure)
[620.500s][info][gc,phases,start] GC(49) Phase 1: Mark live objects
[648.433s][info][gc,phases      ] GC(49) Phase 1: Mark live objects 27932.729ms
[648.433s][info][gc,phases,start] GC(49) Phase 2: Compute new object addresses
[658.758s][info][gc,phases      ] GC(49) Phase 2: Compute new object addresses 10323.772ms
[658.759s][info][gc,phases,start] GC(49) Phase 3: Adjust pointers
[698.151s][info][gc,phases      ] GC(49) Phase 3: Adjust pointers 39377.718ms
[698.152s][info][gc,phases,start] GC(49) Phase 4: Move objects
[698.152s][info][gc,phases      ] GC(49) Phase 4: Move objects 0.414ms
[698.165s][info][gc,heap        ] GC(49) DefNew: 4761599K(4761600K)->4761599K(4761600K) Eden: 4232576K(4232576K)->4232576K(4232576K) From: 529023K(529024K)->529023K(529024K)
[698.165s][info][gc,heap        ] GC(49) Tenured: 10581375K(10581376K)->10581375K(10581376K)
[698.166s][info][gc,metaspace   ] GC(49) Metaspace: 6296K(6464K)->6296K(6464K) NonClass: 5763K(5824K)->5763K(5824K) Class: 532K(640K)->532K(640K)
[698.166s][info][gc             ] GC(49) Pause Full (Allocation Failure) 14983M->14983M(14983M) 77666.689ms
[698.167s][info][gc,cpu         ] GC(49) User=10.33s Sys=27.61s Real=77.67s
[698.188s][info][gc,start       ] GC(50) Pause Full (Allocation Failure)
[698.189s][info][gc,phases,start] GC(50) Phase 1: Mark live objects
[728.941s][info][gc,phases      ] GC(50) Phase 1: Mark live objects 30751.651ms
[728.941s][info][gc,phases,start] GC(50) Phase 2: Compute new object addresses
[746.169s][info][gc,phases      ] GC(50) Phase 2: Compute new object addresses 17224.977ms
[746.170s][info][gc,phases,start] GC(50) Phase 3: Adjust pointers
[769.869s][info][gc,phases      ] GC(50) Phase 3: Adjust pointers 23699.068ms
[769.870s][info][gc,phases,start] GC(50) Phase 4: Move objects
[769.870s][info][gc,phases      ] GC(50) Phase 4: Move objects 0.028ms
[769.883s][info][gc,heap        ] GC(50) DefNew: 4761599K(4761600K)->4761599K(4761600K) Eden: 4232576K(4232576K)->4232576K(4232576K) From: 529023K(529024K)->529023K(529024K)
[769.883s][info][gc,heap        ] GC(50) Tenured: 10581375K(10581376K)->10581375K(10581376K)
[769.884s][info][gc,metaspace   ] GC(50) Metaspace: 6296K(6464K)->6296K(6464K) NonClass: 5763K(5824K)->5763K(5824K) Class: 532K(640K)->532K(640K)
[769.884s][info][gc             ] GC(50) Pause Full (Allocation Failure) 14983M->14983M(14983M) 71695.954ms
[769.885s][info][gc,cpu         ] GC(50) User=11.11s Sys=29.80s Real=71.70s
[769.885s][info][gc,start       ] GC(51) Pause Full (Allocation Failure)
[769.886s][info][gc,phases,start] GC(51) Phase 1: Mark live objects
[798.116s][info][gc,phases      ] GC(51) Phase 1: Mark live objects 28230.924ms
[798.117s][info][gc,phases,start] GC(51) Phase 2: Compute new object addresses
[817.345s][info][gc,phases      ] GC(51) Phase 2: Compute new object addresses 19227.974ms
[817.346s][info][gc,phases,start] GC(51) Phase 3: Adjust pointers
[865.651s][info][gc,phases      ] GC(51) Phase 3: Adjust pointers 48304.766ms
[865.652s][info][gc,phases,start] GC(51) Phase 4: Move objects
[906.549s][info][gc,phases      ] GC(51) Phase 4: Move objects 40896.281ms
[906.561s][info][gc,heap        ] GC(51) DefNew: 4761599K(4761600K)->4761598K(4761600K) Eden: 4232576K(4232576K)->4232575K(4232576K) From: 529023K(529024K)->529022K(529024K)
[906.561s][info][gc,heap        ] GC(51) Tenured: 10581375K(10581376K)->10581375K(10581376K)
[906.561s][info][gc,metaspace   ] GC(51) Metaspace: 6296K(6464K)->6296K(6464K) NonClass: 5763K(5824K)->5763K(5824K) Class: 532K(640K)->532K(640K)
[906.563s][info][gc             ] GC(51) Pause Full (Allocation Failure) 14983M->14983M(14983M) 136678.002ms
[906.563s][info][gc,cpu         ] GC(51) User=13.47s Sys=55.52s Real=136.68s
[906.609s][info][gc,start       ] GC(52) Pause Full (Allocation Failure)
[906.609s][info][gc,phases,start] GC(52) Phase 1: Mark live objects
[939.492s][info][gc,phases      ] GC(52) Phase 1: Mark live objects 32882.799ms
[939.492s][info][gc,phases,start] GC(52) Phase 2: Compute new object addresses
[952.471s][info][gc,phases      ] GC(52) Phase 2: Compute new object addresses 12978.251ms
[952.472s][info][gc,phases,start] GC(52) Phase 3: Adjust pointers
[979.096s][info][gc,phases      ] GC(52) Phase 3: Adjust pointers 26622.195ms
[979.096s][info][gc,phases,start] GC(52) Phase 4: Move objects
[979.097s][info][gc,phases      ] GC(52) Phase 4: Move objects 0.274ms
[979.116s][info][gc,heap        ] GC(52) DefNew: 4761599K(4761600K)->4761599K(4761600K) Eden: 4232576K(4232576K)->4232575K(4232576K) From: 529023K(529024K)->529023K(529024K)
[979.116s][info][gc,heap        ] GC(52) Tenured: 10581375K(10581376K)->10581375K(10581376K)
[979.117s][info][gc,metaspace   ] GC(52) Metaspace: 6298K(6464K)->6298K(6464K) NonClass: 5764K(5824K)->5764K(5824K) Class: 533K(640K)->533K(640K)
[979.117s][info][gc             ] GC(52) Pause Full (Allocation Failure) 14983M->14983M(14983M) 72508.794ms
[979.118s][info][gc,cpu         ] GC(52) User=10.81s Sys=30.30s Real=72.51s
[979.148s][info][gc,heap,exit   ] Heap
[979.148s][info][gc,heap,exit   ]  def new generation   total 4761600K, used 4761599K [0x0000000437400000, 0x000000057a2a0000, 0x000000057a2a0000)
[979.148s][info][gc,heap,exit   ]   eden space 4232576K,  99% used [0x0000000437400000, 0x000000053995fff8, 0x0000000539960000)
[979.148s][info][gc,heap,exit   ]   from space 529024K,  99% used [0x0000000559e00000, 0x000000057a29fff8, 0x000000057a2a0000)
[979.148s][info][gc,heap,exit   ]   to   space 529024K,   0% used [0x0000000539960000, 0x0000000539960000, 0x0000000559e00000)
[979.148s][info][gc,heap,exit   ]  tenured generation   total 10581376K, used 10581375K [0x000000057a2a0000, 0x0000000800000000, 0x0000000800000000)
[979.148s][info][gc,heap,exit   ]    the space 10581376K,  99% used [0x000000057a2a0000, 0x00000007ffffffc0, 0x0000000800000000, 0x0000000800000000)
[979.148s][info][gc,heap,exit   ]  Metaspace       used 6301K, committed 6464K, reserved 1114112K
[979.148s][info][gc,heap,exit   ]   class space    used 534K, committed 640K, reserved 1048576K
