[0.012s][info][gc,init] CardTable entry size: 512
[0.013s][info][gc     ] Using Parallel
[0.014s][info][gc,init] Version: 18.0.1+10 (release)
[0.014s][info][gc,init] CPUs: 8 total, 8 available
[0.014s][info][gc,init] Memory: 16063M
[0.014s][info][gc,init] Large Page Support: Disabled
[0.015s][info][gc,init] NUMA Support: Disabled
[0.015s][info][gc,init] Compressed Oops: Enabled (Zero based)
[0.015s][info][gc,init] Alignments: Space 512K, Generation 512K, Heap 2M
[0.015s][info][gc,init] Heap Min Capacity: 2M
[0.015s][info][gc,init] Heap Initial Capacity: 2M
[0.015s][info][gc,init] Heap Max Capacity: 14300M
[0.015s][info][gc,init] Pre-touch: Disabled
[0.015s][info][gc,init] Parallel Workers: 8
[0.015s][info][gc,metaspace] CDS archive(s) not mapped
[0.015s][info][gc,metaspace] Compressed class space mapped at: 0x0000000800000000-0x0000000840000000, reserved size: 1073741824
[0.015s][info][gc,metaspace] Narrow klass base: 0x0000000800000000, Narrow klass shift: 0, Narrow klass range: 0x40000000
[0.120s][info][gc,start    ] GC(0) Pause Young (Allocation Failure)
[0.122s][info][gc,heap     ] GC(0) PSYoungGen: 512K(1024K)->480K(1024K) Eden: 512K(512K)->0K(512K) From: 0K(512K)->480K(512K)
[0.122s][info][gc,heap     ] GC(0) ParOldGen: 0K(512K)->8K(512K)
[0.122s][info][gc,metaspace] GC(0) Metaspace: 4229K(4352K)->4229K(4352K) NonClass: 3908K(3968K)->3908K(3968K) Class: 321K(384K)->321K(384K)
[0.122s][info][gc          ] GC(0) Pause Young (Allocation Failure) 0M->0M(1M) 1.381ms
[0.122s][info][gc,cpu      ] GC(0) User=0.00s Sys=0.00s Real=0.00s
[0.188s][info][gc,start    ] GC(1) Pause Young (Allocation Failure)
[0.188s][info][gc,heap     ] GC(1) PSYoungGen: 991K(1024K)->512K(1536K) Eden: 511K(512K)->0K(1024K) From: 480K(512K)->512K(512K)
[0.188s][info][gc,heap     ] GC(1) ParOldGen: 8K(512K)->88K(512K)
[0.188s][info][gc,metaspace] GC(1) Metaspace: 5879K(6016K)->5879K(6016K) NonClass: 5382K(5504K)->5382K(5504K) Class: 496K(512K)->496K(512K)
[0.188s][info][gc          ] GC(1) Pause Young (Allocation Failure) 0M->0M(2M) 0.860ms
[0.188s][info][gc,cpu      ] GC(1) User=0.00s Sys=0.00s Real=0.00s
[0.209s][info][gc,start    ] GC(2) Pause Young (Allocation Failure)
[0.210s][info][gc,heap     ] GC(2) PSYoungGen: 1536K(1536K)->512K(1536K) Eden: 1024K(1024K)->0K(1024K) From: 512K(512K)->512K(512K)
[0.210s][info][gc,heap     ] GC(2) ParOldGen: 88K(512K)->496K(512K)
[0.210s][info][gc,metaspace] GC(2) Metaspace: 6299K(6464K)->6299K(6464K) NonClass: 5766K(5824K)->5766K(5824K) Class: 533K(640K)->533K(640K)
[0.210s][info][gc          ] GC(2) Pause Young (Allocation Failure) 1M->0M(2M) 1.213ms
[0.210s][info][gc,cpu      ] GC(2) User=0.00s Sys=0.00s Real=0.00s
[0.210s][info][gc,start    ] GC(3) Pause Full (Ergonomics)
[0.210s][info][gc,phases,start] GC(3) Marking Phase
[0.211s][info][gc,phases      ] GC(3) Marking Phase 0.981ms
[0.211s][info][gc,phases,start] GC(3) Summary Phase
[0.211s][info][gc,phases      ] GC(3) Summary Phase 0.017ms
[0.211s][info][gc,phases,start] GC(3) Adjust Roots
[0.212s][info][gc,phases      ] GC(3) Adjust Roots 0.345ms
[0.212s][info][gc,phases,start] GC(3) Compaction Phase
[0.213s][info][gc,phases      ] GC(3) Compaction Phase 1.521ms
[0.213s][info][gc,phases,start] GC(3) Post Compact
[0.213s][info][gc,phases      ] GC(3) Post Compact 0.092ms
[0.213s][info][gc,heap        ] GC(3) PSYoungGen: 512K(1536K)->510K(1536K) Eden: 0K(1024K)->0K(1024K) From: 512K(512K)->510K(512K)
[0.213s][info][gc,heap        ] GC(3) ParOldGen: 496K(512K)->470K(2048K)
[0.213s][info][gc,metaspace   ] GC(3) Metaspace: 6299K(6464K)->6299K(6464K) NonClass: 5766K(5824K)->5766K(5824K) Class: 533K(640K)->533K(640K)
[0.213s][info][gc             ] GC(3) Pause Full (Ergonomics) 0M->0M(3M) 3.240ms
[0.214s][info][gc,cpu         ] GC(3) User=0.00s Sys=0.00s Real=0.00s
[0.215s][info][gc,start       ] GC(4) Pause Young (Allocation Failure)
[0.216s][info][gc,heap        ] GC(4) PSYoungGen: 1534K(1536K)->480K(2560K) Eden: 1024K(1024K)->0K(2048K) From: 510K(512K)->480K(512K)
[0.216s][info][gc,heap        ] GC(4) ParOldGen: 470K(2048K)->1030K(2048K)
[0.216s][info][gc,metaspace   ] GC(4) Metaspace: 6299K(6464K)->6299K(6464K) NonClass: 5766K(5824K)->5766K(5824K) Class: 533K(640K)->533K(640K)
[0.216s][info][gc             ] GC(4) Pause Young (Allocation Failure) 1M->1M(4M) 1.437ms
[0.216s][info][gc,cpu         ] GC(4) User=0.00s Sys=0.00s Real=0.00s
[0.219s][info][gc,start       ] GC(5) Pause Young (Allocation Failure)
[0.221s][info][gc,heap        ] GC(5) PSYoungGen: 2528K(2560K)->480K(2560K) Eden: 2048K(2048K)->0K(2048K) From: 480K(512K)->480K(512K)
[0.221s][info][gc,heap        ] GC(5) ParOldGen: 1030K(2048K)->2094K(2560K)
[0.221s][info][gc,metaspace   ] GC(5) Metaspace: 6299K(6464K)->6299K(6464K) NonClass: 5766K(5824K)->5766K(5824K) Class: 533K(640K)->533K(640K)
[0.221s][info][gc             ] GC(5) Pause Young (Allocation Failure) 3M->2M(5M) 1.874ms
[0.221s][info][gc,cpu         ] GC(5) User=0.00s Sys=0.00s Real=0.00s
[0.221s][info][gc,start       ] GC(6) Pause Full (Ergonomics)
[0.221s][info][gc,phases,start] GC(6) Marking Phase
[0.222s][info][gc,phases      ] GC(6) Marking Phase 1.629ms
[0.223s][info][gc,phases,start] GC(6) Summary Phase
[0.223s][info][gc,phases      ] GC(6) Summary Phase 0.015ms
[0.223s][info][gc,phases,start] GC(6) Adjust Roots
[0.223s][info][gc,phases      ] GC(6) Adjust Roots 0.352ms
[0.223s][info][gc,phases,start] GC(6) Compaction Phase
[0.225s][info][gc,phases      ] GC(6) Compaction Phase 2.506ms
[0.226s][info][gc,phases,start] GC(6) Post Compact
[0.226s][info][gc,phases      ] GC(6) Post Compact 0.127ms
[0.226s][info][gc,heap        ] GC(6) PSYoungGen: 480K(2560K)->0K(4096K) Eden: 0K(2048K)->0K(3072K) From: 480K(512K)->0K(1024K)
[0.226s][info][gc,heap        ] GC(6) ParOldGen: 2094K(2560K)->2542K(6144K)
[0.226s][info][gc,metaspace   ] GC(6) Metaspace: 6299K(6464K)->6299K(6464K) NonClass: 5766K(5824K)->5766K(5824K) Class: 533K(640K)->533K(640K)
[0.226s][info][gc             ] GC(6) Pause Full (Ergonomics) 2M->2M(10M) 4.952ms
[0.226s][info][gc,cpu         ] GC(6) User=0.02s Sys=0.00s Real=0.00s
[0.230s][info][gc,start       ] GC(7) Pause Young (Allocation Failure)
[0.232s][info][gc,heap        ] GC(7) PSYoungGen: 3072K(4096K)->1664K(5120K) Eden: 3072K(3072K)->0K(3072K) From: 0K(1024K)->1664K(2048K)
[0.232s][info][gc,heap        ] GC(7) ParOldGen: 2542K(6144K)->2542K(6144K)
[0.232s][info][gc,metaspace   ] GC(7) Metaspace: 6299K(6464K)->6299K(6464K) NonClass: 5766K(5824K)->5766K(5824K) Class: 533K(640K)->533K(640K)
[0.232s][info][gc             ] GC(7) Pause Young (Allocation Failure) 5M->4M(11M) 1.863ms
[0.232s][info][gc,cpu         ] GC(7) User=0.00s Sys=0.00s Real=0.00s
[0.238s][info][gc,start       ] GC(8) Pause Young (Allocation Failure)
[0.241s][info][gc,heap        ] GC(8) PSYoungGen: 4736K(5120K)->2016K(5632K) Eden: 3072K(3072K)->0K(3584K) From: 1664K(2048K)->2016K(2048K)
[0.241s][info][gc,heap        ] GC(8) ParOldGen: 2542K(6144K)->3766K(6144K)
[0.241s][info][gc,metaspace   ] GC(8) Metaspace: 6299K(6464K)->6299K(6464K) NonClass: 5766K(5824K)->5766K(5824K) Class: 533K(640K)->533K(640K)
[0.241s][info][gc             ] GC(8) Pause Young (Allocation Failure) 7M->5M(11M) 2.819ms
[0.241s][info][gc,cpu         ] GC(8) User=0.00s Sys=0.00s Real=0.00s
[0.246s][info][gc,start       ] GC(9) Pause Young (Allocation Failure)
[0.250s][info][gc,heap        ] GC(9) PSYoungGen: 5600K(5632K)->3040K(6656K) Eden: 3584K(3584K)->0K(3584K) From: 2016K(2048K)->3040K(3072K)
[0.250s][info][gc,heap        ] GC(9) ParOldGen: 3766K(6144K)->4606K(6144K)
[0.250s][info][gc,metaspace   ] GC(9) Metaspace: 6299K(6464K)->6299K(6464K) NonClass: 5766K(5824K)->5766K(5824K) Class: 533K(640K)->533K(640K)
[0.250s][info][gc             ] GC(9) Pause Young (Allocation Failure) 9M->7M(12M) 3.707ms
[0.250s][info][gc,cpu         ] GC(9) User=0.00s Sys=0.00s Real=0.00s
[0.254s][info][gc,start       ] GC(10) Pause Young (Allocation Failure)
[0.258s][info][gc,heap        ] GC(10) PSYoungGen: 6624K(6656K)->4064K(8704K) Eden: 3584K(3584K)->0K(4608K) From: 3040K(3072K)->4064K(4096K)
[0.258s][info][gc,heap        ] GC(10) ParOldGen: 4606K(6144K)->5438K(6144K)
[0.258s][info][gc,metaspace   ] GC(10) Metaspace: 6299K(6464K)->6299K(6464K) NonClass: 5766K(5824K)->5766K(5824K) Class: 533K(640K)->533K(640K)
[0.258s][info][gc             ] GC(10) Pause Young (Allocation Failure) 10M->9M(14M) 4.698ms
[0.259s][info][gc,cpu         ] GC(10) User=0.00s Sys=0.00s Real=0.00s
[0.259s][info][gc,start       ] GC(11) Pause Full (Ergonomics)
[0.259s][info][gc,phases,start] GC(11) Marking Phase
[0.263s][info][gc,phases      ] GC(11) Marking Phase 4.466ms
[0.263s][info][gc,phases,start] GC(11) Summary Phase
[0.263s][info][gc,phases      ] GC(11) Summary Phase 0.017ms
[0.263s][info][gc,phases,start] GC(11) Adjust Roots
[0.264s][info][gc,phases      ] GC(11) Adjust Roots 0.416ms
[0.264s][info][gc,phases,start] GC(11) Compaction Phase
[0.269s][info][gc,phases      ] GC(11) Compaction Phase 5.620ms
[0.269s][info][gc,phases,start] GC(11) Post Compact
[0.269s][info][gc,phases      ] GC(11) Post Compact 0.066ms
[0.269s][info][gc,heap        ] GC(11) PSYoungGen: 4064K(8704K)->3545K(8704K) Eden: 0K(4608K)->0K(4608K) From: 4064K(4096K)->3545K(4096K)
[0.269s][info][gc,heap        ] GC(11) ParOldGen: 5438K(6144K)->5820K(10752K)
[0.269s][info][gc,metaspace   ] GC(11) Metaspace: 6299K(6464K)->6299K(6464K) NonClass: 5766K(5824K)->5766K(5824K) Class: 533K(640K)->533K(640K)
[0.269s][info][gc             ] GC(11) Pause Full (Ergonomics) 9M->9M(19M) 10.939ms
[0.270s][info][gc,cpu         ] GC(11) User=0.00s Sys=0.00s Real=0.01s
[0.274s][info][gc,start       ] GC(12) Pause Young (Allocation Failure)
[0.278s][info][gc,heap        ] GC(12) PSYoungGen: 8099K(8704K)->5088K(9728K) Eden: 4553K(4608K)->0K(4608K) From: 3545K(4096K)->5088K(5120K)
[0.278s][info][gc,heap        ] GC(12) ParOldGen: 5820K(10752K)->6612K(10752K)
[0.278s][info][gc,metaspace   ] GC(12) Metaspace: 6299K(6464K)->6299K(6464K) NonClass: 5766K(5824K)->5766K(5824K) Class: 533K(640K)->533K(640K)
[0.278s][info][gc             ] GC(12) Pause Young (Allocation Failure) 13M->11M(20M) 4.157ms
[0.278s][info][gc,cpu         ] GC(12) User=0.00s Sys=0.00s Real=0.00s
[0.284s][info][gc,start       ] GC(13) Pause Young (Allocation Failure)
[0.290s][info][gc,heap        ] GC(13) PSYoungGen: 9696K(9728K)->6112K(11264K) Eden: 4608K(4608K)->0K(5120K) From: 5088K(5120K)->6112K(6144K)
[0.290s][info][gc,heap        ] GC(13) ParOldGen: 6612K(10752K)->7988K(10752K)
[0.290s][info][gc,metaspace   ] GC(13) Metaspace: 6299K(6464K)->6299K(6464K) NonClass: 5766K(5824K)->5766K(5824K) Class: 533K(640K)->533K(640K)
[0.290s][info][gc             ] GC(13) Pause Young (Allocation Failure) 15M->13M(21M) 6.305ms
[0.290s][info][gc,cpu         ] GC(13) User=0.00s Sys=0.00s Real=0.01s
[0.295s][info][gc,start       ] GC(14) Pause Young (Allocation Failure)
[0.300s][info][gc,heap        ] GC(14) PSYoungGen: 11232K(11264K)->5248K(12800K) Eden: 5120K(5120K)->0K(5120K) From: 6112K(6144K)->5248K(7680K)
[0.300s][info][gc,heap        ] GC(14) ParOldGen: 7988K(10752K)->11580K(11776K)
[0.300s][info][gc,metaspace   ] GC(14) Metaspace: 6301K(6464K)->6301K(6464K) NonClass: 5768K(5824K)->5768K(5824K) Class: 533K(640K)->533K(640K)
[0.301s][info][gc             ] GC(14) Pause Young (Allocation Failure) 18M->16M(24M) 5.581ms
[0.301s][info][gc,cpu         ] GC(14) User=0.02s Sys=0.00s Real=0.01s
[0.301s][info][gc,start       ] GC(15) Pause Full (Ergonomics)
[0.301s][info][gc,phases,start] GC(15) Marking Phase
[0.308s][info][gc,phases      ] GC(15) Marking Phase 7.229ms
[0.308s][info][gc,phases,start] GC(15) Summary Phase
[0.308s][info][gc,phases      ] GC(15) Summary Phase 0.015ms
[0.308s][info][gc,phases,start] GC(15) Adjust Roots
[0.308s][info][gc,phases      ] GC(15) Adjust Roots 0.212ms
[0.308s][info][gc,phases,start] GC(15) Compaction Phase
[0.314s][info][gc,phases      ] GC(15) Compaction Phase 6.336ms
[0.315s][info][gc,phases,start] GC(15) Post Compact
[0.315s][info][gc,phases      ] GC(15) Post Compact 0.090ms
[0.315s][info][gc,heap        ] GC(15) PSYoungGen: 5248K(12800K)->5185K(12800K) Eden: 0K(5120K)->0K(5120K) From: 5248K(7680K)->5185K(7680K)
[0.315s][info][gc,heap        ] GC(15) ParOldGen: 11580K(11776K)->11463K(18432K)
[0.315s][info][gc,metaspace   ] GC(15) Metaspace: 6301K(6464K)->6301K(6464K) NonClass: 5768K(5824K)->5768K(5824K) Class: 533K(640K)->533K(640K)
[0.315s][info][gc             ] GC(15) Pause Full (Ergonomics) 16M->16M(30M) 14.219ms
[0.315s][info][gc,cpu         ] GC(15) User=0.00s Sys=0.00s Real=0.01s
[0.318s][info][gc,start       ] GC(16) Pause Young (Allocation Failure)
[0.325s][info][gc,heap        ] GC(16) PSYoungGen: 10305K(12800K)->2688K(14336K) Eden: 5120K(5120K)->0K(7168K) From: 5185K(7680K)->2688K(7168K)
[0.325s][info][gc,heap        ] GC(16) ParOldGen: 11463K(18432K)->16727K(18432K)
[0.325s][info][gc,metaspace   ] GC(16) Metaspace: 6301K(6464K)->6301K(6464K) NonClass: 5768K(5824K)->5768K(5824K) Class: 533K(640K)->533K(640K)
[0.325s][info][gc             ] GC(16) Pause Young (Allocation Failure) 21M->18M(32M) 6.261ms
[0.325s][info][gc,cpu         ] GC(16) User=0.00s Sys=0.00s Real=0.01s
[0.325s][info][gc,start       ] GC(17) Pause Full (Ergonomics)
[0.325s][info][gc,phases,start] GC(17) Marking Phase
[0.333s][info][gc,phases      ] GC(17) Marking Phase 8.708ms
[0.334s][info][gc,phases,start] GC(17) Summary Phase
[0.334s][info][gc,phases      ] GC(17) Summary Phase 0.015ms
[0.334s][info][gc,phases,start] GC(17) Adjust Roots
[0.334s][info][gc,phases      ] GC(17) Adjust Roots 0.251ms
[0.334s][info][gc,phases,start] GC(17) Compaction Phase
[0.339s][info][gc,phases      ] GC(17) Compaction Phase 5.294ms
[0.339s][info][gc,phases,start] GC(17) Post Compact
[0.339s][info][gc,phases      ] GC(17) Post Compact 0.083ms
[0.339s][info][gc,heap        ] GC(17) PSYoungGen: 2688K(14336K)->1106K(14848K) Eden: 0K(7168K)->0K(7680K) From: 2688K(7168K)->1106K(7168K)
[0.339s][info][gc,heap        ] GC(17) ParOldGen: 16727K(18432K)->18182K(27648K)
[0.339s][info][gc,metaspace   ] GC(17) Metaspace: 6301K(6464K)->6301K(6464K) NonClass: 5768K(5824K)->5768K(5824K) Class: 533K(640K)->533K(640K)
[0.339s][info][gc             ] GC(17) Pause Full (Ergonomics) 18M->18M(41M) 14.661ms
[0.339s][info][gc,cpu         ] GC(17) User=0.02s Sys=0.00s Real=0.02s
[0.343s][info][gc,start       ] GC(18) Pause Young (Allocation Failure)
[0.348s][info][gc,heap        ] GC(18) PSYoungGen: 7796K(14848K)->3424K(15360K) Eden: 6689K(7680K)->0K(7680K) From: 1106K(7168K)->3424K(7680K)
[0.348s][info][gc,heap        ] GC(18) ParOldGen: 18182K(27648K)->19318K(27648K)
[0.348s][info][gc,metaspace   ] GC(18) Metaspace: 6301K(6464K)->6301K(6464K) NonClass: 5768K(5824K)->5768K(5824K) Class: 533K(640K)->533K(640K)
[0.348s][info][gc             ] GC(18) Pause Young (Allocation Failure) 25M->22M(42M) 4.633ms
[0.348s][info][gc,cpu         ] GC(18) User=0.00s Sys=0.00s Real=0.00s
[0.357s][info][gc,start       ] GC(19) Pause Young (Allocation Failure)
[0.363s][info][gc,heap        ] GC(19) PSYoungGen: 11104K(15360K)->4480K(17920K) Eden: 7680K(7680K)->0K(10240K) From: 3424K(7680K)->4480K(7680K)
[0.363s][info][gc,heap        ] GC(19) ParOldGen: 19318K(27648K)->22766K(27648K)
[0.363s][info][gc,metaspace   ] GC(19) Metaspace: 6301K(6464K)->6301K(6464K) NonClass: 5768K(5824K)->5768K(5824K) Class: 533K(640K)->533K(640K)
[0.363s][info][gc             ] GC(19) Pause Young (Allocation Failure) 29M->26M(44M) 6.933ms
[0.364s][info][gc,cpu         ] GC(19) User=0.02s Sys=0.00s Real=0.01s
[0.371s][info][gc,start       ] GC(20) Pause Young (Allocation Failure)
[0.377s][info][gc,heap        ] GC(20) PSYoungGen: 14720K(17920K)->5344K(17920K) Eden: 10240K(10240K)->0K(10240K) From: 4480K(7680K)->5344K(7680K)
[0.377s][info][gc,heap        ] GC(20) ParOldGen: 22766K(27648K)->27294K(27648K)
[0.377s][info][gc,metaspace   ] GC(20) Metaspace: 6301K(6464K)->6301K(6464K) NonClass: 5768K(5824K)->5768K(5824K) Class: 533K(640K)->533K(640K)
[0.377s][info][gc             ] GC(20) Pause Young (Allocation Failure) 36M->31M(44M) 6.792ms
[0.377s][info][gc,cpu         ] GC(20) User=0.02s Sys=0.00s Real=0.01s
[0.377s][info][gc,start       ] GC(21) Pause Full (Ergonomics)
[0.378s][info][gc,phases,start] GC(21) Marking Phase
[0.391s][info][gc,phases      ] GC(21) Marking Phase 12.941ms
[0.391s][info][gc,phases,start] GC(21) Summary Phase
[0.391s][info][gc,phases      ] GC(21) Summary Phase 0.019ms
[0.391s][info][gc,phases,start] GC(21) Adjust Roots
[0.391s][info][gc,phases      ] GC(21) Adjust Roots 0.197ms
[0.391s][info][gc,phases,start] GC(21) Compaction Phase
[0.405s][info][gc,phases      ] GC(21) Compaction Phase 13.801ms
[0.405s][info][gc,phases,start] GC(21) Post Compact
[0.405s][info][gc,phases      ] GC(21) Post Compact 0.133ms
[0.405s][info][gc,heap        ] GC(21) PSYoungGen: 5344K(17920K)->4780K(17920K) Eden: 0K(10240K)->0K(10240K) From: 5344K(7680K)->4780K(7680K)
[0.405s][info][gc,heap        ] GC(21) ParOldGen: 27294K(27648K)->27140K(38912K)
[0.405s][info][gc,metaspace   ] GC(21) Metaspace: 6301K(6464K)->6301K(6464K) NonClass: 5768K(5824K)->5768K(5824K) Class: 533K(640K)->533K(640K)
[0.405s][info][gc             ] GC(21) Pause Full (Ergonomics) 31M->31M(55M) 27.647ms
[0.405s][info][gc,cpu         ] GC(21) User=0.02s Sys=0.00s Real=0.03s
[0.415s][info][gc,start       ] GC(22) Pause Young (Allocation Failure)
[0.427s][info][gc,heap        ] GC(22) PSYoungGen: 15020K(17920K)->8192K(17920K) Eden: 10240K(10240K)->0K(9728K) From: 4780K(7680K)->8192K(8192K)
[0.427s][info][gc,heap        ] GC(22) ParOldGen: 27140K(38912K)->32956K(38912K)
[0.428s][info][gc,metaspace   ] GC(22) Metaspace: 6301K(6464K)->6301K(6464K) NonClass: 5768K(5824K)->5768K(5824K) Class: 533K(640K)->533K(640K)
[0.428s][info][gc             ] GC(22) Pause Young (Allocation Failure) 41M->40M(55M) 12.504ms
[0.428s][info][gc,cpu         ] GC(22) User=0.00s Sys=0.02s Real=0.01s
[0.428s][info][gc,start       ] GC(23) Pause Full (Ergonomics)
[0.428s][info][gc,phases,start] GC(23) Marking Phase
[0.445s][info][gc,phases      ] GC(23) Marking Phase 17.191ms
[0.445s][info][gc,phases,start] GC(23) Summary Phase
[0.445s][info][gc,phases      ] GC(23) Summary Phase 0.018ms
[0.445s][info][gc,phases,start] GC(23) Adjust Roots
[0.445s][info][gc,phases      ] GC(23) Adjust Roots 0.179ms
[0.445s][info][gc,phases,start] GC(23) Compaction Phase
[0.456s][info][gc,phases      ] GC(23) Compaction Phase 11.252ms
[0.457s][info][gc,phases,start] GC(23) Post Compact
[0.457s][info][gc,phases      ] GC(23) Post Compact 0.199ms
[0.457s][info][gc,heap        ] GC(23) PSYoungGen: 8192K(17920K)->2554K(17920K) Eden: 0K(9728K)->0K(9728K) From: 8192K(8192K)->2554K(8192K)
[0.457s][info][gc,heap        ] GC(23) ParOldGen: 32956K(38912K)->38481K(52736K)
[0.457s][info][gc,metaspace   ] GC(23) Metaspace: 6301K(6464K)->6301K(6464K) NonClass: 5768K(5824K)->5768K(5824K) Class: 533K(640K)->533K(640K)
[0.457s][info][gc             ] GC(23) Pause Full (Ergonomics) 40M->40M(69M) 29.218ms
[0.457s][info][gc,cpu         ] GC(23) User=0.03s Sys=0.00s Real=0.03s
[0.472s][info][gc,start       ] GC(24) Pause Young (Allocation Failure)
[0.482s][info][gc,heap        ] GC(24) PSYoungGen: 12282K(17920K)->9728K(20992K) Eden: 9728K(9728K)->0K(9728K) From: 2554K(8192K)->9728K(11264K)
[0.482s][info][gc,heap        ] GC(24) ParOldGen: 38481K(52736K)->41081K(52736K)
[0.482s][info][gc,metaspace   ] GC(24) Metaspace: 6301K(6464K)->6301K(6464K) NonClass: 5768K(5824K)->5768K(5824K) Class: 533K(640K)->533K(640K)
[0.482s][info][gc             ] GC(24) Pause Young (Allocation Failure) 49M->49M(72M) 10.024ms
[0.482s][info][gc,cpu         ] GC(24) User=0.00s Sys=0.00s Real=0.01s
[0.493s][info][gc,start       ] GC(25) Pause Young (Allocation Failure)
[0.506s][info][gc,heap        ] GC(25) PSYoungGen: 19456K(20992K)->12768K(19968K) Eden: 9728K(9728K)->0K(7168K) From: 9728K(11264K)->12768K(12800K)
[0.506s][info][gc,heap        ] GC(25) ParOldGen: 41081K(52736K)->47849K(52736K)
[0.506s][info][gc,metaspace   ] GC(25) Metaspace: 6301K(6464K)->6301K(6464K) NonClass: 5768K(5824K)->5768K(5824K) Class: 533K(640K)->533K(640K)
[0.507s][info][gc             ] GC(25) Pause Young (Allocation Failure) 59M->59M(71M) 13.810ms
[0.507s][info][gc,cpu         ] GC(25) User=0.02s Sys=0.00s Real=0.01s
[0.507s][info][gc,start       ] GC(26) Pause Full (Ergonomics)
[0.507s][info][gc,phases,start] GC(26) Marking Phase
[0.530s][info][gc,phases      ] GC(26) Marking Phase 22.965ms
[0.530s][info][gc,phases,start] GC(26) Summary Phase
[0.530s][info][gc,phases      ] GC(26) Summary Phase 0.015ms
[0.530s][info][gc,phases,start] GC(26) Adjust Roots
[0.530s][info][gc,phases      ] GC(26) Adjust Roots 0.195ms
[0.530s][info][gc,phases,start] GC(26) Compaction Phase
[0.549s][info][gc,phases      ] GC(26) Compaction Phase 19.074ms
[0.549s][info][gc,phases,start] GC(26) Post Compact
[0.549s][info][gc,phases      ] GC(26) Post Compact 0.315ms
[0.550s][info][gc,heap        ] GC(26) PSYoungGen: 12768K(19968K)->7122K(19968K) Eden: 0K(7168K)->0K(7168K) From: 12768K(12800K)->7122K(12800K)
[0.550s][info][gc,heap        ] GC(26) ParOldGen: 47849K(52736K)->52294K(69120K)
[0.550s][info][gc,metaspace   ] GC(26) Metaspace: 6301K(6464K)->6301K(6464K) NonClass: 5768K(5824K)->5768K(5824K) Class: 533K(640K)->533K(640K)
[0.550s][info][gc             ] GC(26) Pause Full (Ergonomics) 59M->58M(87M) 42.947ms
[0.550s][info][gc,cpu         ] GC(26) User=0.03s Sys=0.00s Real=0.04s
[0.558s][info][gc,start       ] GC(27) Pause Young (Allocation Failure)
[0.572s][info][gc,heap        ] GC(27) PSYoungGen: 14290K(19968K)->7200K(24576K) Eden: 7168K(7168K)->0K(7168K) From: 7122K(12800K)->7200K(17408K)
[0.572s][info][gc,heap        ] GC(27) ParOldGen: 52294K(69120K)->59534K(69120K)
[0.572s][info][gc,metaspace   ] GC(27) Metaspace: 6301K(6464K)->6301K(6464K) NonClass: 5768K(5824K)->5768K(5824K) Class: 533K(640K)->533K(640K)
[0.572s][info][gc             ] GC(27) Pause Young (Allocation Failure) 65M->65M(91M) 13.497ms
[0.572s][info][gc,cpu         ] GC(27) User=0.02s Sys=0.00s Real=0.01s
[0.579s][info][gc,start       ] GC(28) Pause Young (Allocation Failure)
[0.589s][info][gc,heap        ] GC(28) PSYoungGen: 14368K(24576K)->14336K(23040K) Eden: 7168K(7168K)->0K(6656K) From: 7200K(17408K)->14336K(16384K)
[0.589s][info][gc,heap        ] GC(28) ParOldGen: 59534K(69120K)->59534K(69120K)
[0.589s][info][gc,metaspace   ] GC(28) Metaspace: 6301K(6464K)->6301K(6464K) NonClass: 5768K(5824K)->5768K(5824K) Class: 533K(640K)->533K(640K)
[0.589s][info][gc             ] GC(28) Pause Young (Allocation Failure) 72M->72M(90M) 9.895ms
[0.589s][info][gc,cpu         ] GC(28) User=0.00s Sys=0.00s Real=0.01s
[0.597s][info][gc,start       ] GC(29) Pause Young (Allocation Failure)
[0.611s][info][gc,heap        ] GC(29) PSYoungGen: 20992K(23040K)->13824K(25088K) Eden: 6656K(6656K)->0K(6656K) From: 14336K(16384K)->13824K(18432K)
[0.611s][info][gc,heap        ] GC(29) ParOldGen: 59534K(69120K)->66798K(69120K)
[0.611s][info][gc,metaspace   ] GC(29) Metaspace: 6301K(6464K)->6301K(6464K) NonClass: 5768K(5824K)->5768K(5824K) Class: 533K(640K)->533K(640K)
[0.611s][info][gc             ] GC(29) Pause Young (Allocation Failure) 78M->78M(92M) 13.774ms
[0.611s][info][gc,cpu         ] GC(29) User=0.00s Sys=0.00s Real=0.01s
[0.611s][info][gc,start       ] GC(30) Pause Full (Ergonomics)
[0.611s][info][gc,phases,start] GC(30) Marking Phase
[0.643s][info][gc,phases      ] GC(30) Marking Phase 32.097ms
[0.643s][info][gc,phases,start] GC(30) Summary Phase
[0.643s][info][gc,phases      ] GC(30) Summary Phase 0.021ms
[0.643s][info][gc,phases,start] GC(30) Adjust Roots
[0.643s][info][gc,phases      ] GC(30) Adjust Roots 0.180ms
[0.643s][info][gc,phases,start] GC(30) Compaction Phase
[0.663s][info][gc,phases      ] GC(30) Compaction Phase 19.681ms
[0.663s][info][gc,phases,start] GC(30) Post Compact
[0.663s][info][gc,phases      ] GC(30) Post Compact 0.358ms
[0.663s][info][gc,heap        ] GC(30) PSYoungGen: 13824K(25088K)->11209K(25088K) Eden: 0K(6656K)->0K(6656K) From: 13824K(18432K)->11209K(18432K)
[0.663s][info][gc,heap        ] GC(30) ParOldGen: 66798K(69120K)->69110K(89600K)
[0.663s][info][gc,metaspace   ] GC(30) Metaspace: 6301K(6464K)->6301K(6464K) NonClass: 5768K(5824K)->5768K(5824K) Class: 533K(640K)->533K(640K)
[0.664s][info][gc             ] GC(30) Pause Full (Ergonomics) 78M->78M(112M) 52.806ms
[0.664s][info][gc,cpu         ] GC(30) User=0.11s Sys=0.00s Real=0.05s
[0.670s][info][gc,start       ] GC(31) Pause Young (Allocation Failure)
[0.687s][info][gc,heap        ] GC(31) PSYoungGen: 17865K(25088K)->11968K(27648K) Eden: 6656K(6656K)->0K(8192K) From: 11209K(18432K)->11968K(19456K)
[0.687s][info][gc,heap        ] GC(31) ParOldGen: 69110K(89600K)->75150K(89600K)
[0.687s][info][gc,metaspace   ] GC(31) Metaspace: 6301K(6464K)->6301K(6464K) NonClass: 5768K(5824K)->5768K(5824K) Class: 533K(640K)->533K(640K)
[0.687s][info][gc             ] GC(31) Pause Young (Allocation Failure) 84M->85M(114M) 16.824ms
[0.687s][info][gc,cpu         ] GC(31) User=0.02s Sys=0.00s Real=0.02s
[0.703s][info][gc,start       ] GC(32) Pause Young (Allocation Failure)
[0.716s][info][gc,heap        ] GC(32) PSYoungGen: 20160K(27648K)->19936K(28160K) Eden: 8192K(8192K)->0K(8192K) From: 11968K(19456K)->19936K(19968K)
[0.716s][info][gc,heap        ] GC(32) ParOldGen: 75150K(89600K)->75334K(89600K)
[0.716s][info][gc,metaspace   ] GC(32) Metaspace: 6301K(6464K)->6301K(6464K) NonClass: 5768K(5824K)->5768K(5824K) Class: 533K(640K)->533K(640K)
[0.716s][info][gc             ] GC(32) Pause Young (Allocation Failure) 93M->93M(115M) 13.406ms
[0.716s][info][gc,cpu         ] GC(32) User=0.00s Sys=0.00s Real=0.01s
[0.723s][info][gc,start       ] GC(33) Pause Young (Allocation Failure)
[0.740s][info][gc,heap        ] GC(33) PSYoungGen: 28128K(28160K)->16352K(31744K) Eden: 8192K(8192K)->0K(8704K) From: 19936K(19968K)->16352K(23040K)
[0.740s][info][gc,heap        ] GC(33) ParOldGen: 75334K(89600K)->87294K(89600K)
[0.741s][info][gc,metaspace   ] GC(33) Metaspace: 6301K(6464K)->6301K(6464K) NonClass: 5768K(5824K)->5768K(5824K) Class: 533K(640K)->533K(640K)
[0.741s][info][gc             ] GC(33) Pause Young (Allocation Failure) 101M->101M(118M) 17.297ms
[0.741s][info][gc,cpu         ] GC(33) User=0.03s Sys=0.00s Real=0.02s
[0.741s][info][gc,start       ] GC(34) Pause Full (Ergonomics)
[0.741s][info][gc,phases,start] GC(34) Marking Phase
[0.782s][info][gc,phases      ] GC(34) Marking Phase 41.258ms
[0.782s][info][gc,phases,start] GC(34) Summary Phase
[0.782s][info][gc,phases      ] GC(34) Summary Phase 0.019ms
[0.782s][info][gc,phases,start] GC(34) Adjust Roots
[0.782s][info][gc,phases      ] GC(34) Adjust Roots 0.156ms
[0.782s][info][gc,phases,start] GC(34) Compaction Phase
[0.810s][info][gc,phases      ] GC(34) Compaction Phase 28.282ms
[0.811s][info][gc,phases,start] GC(34) Post Compact
[0.811s][info][gc,phases      ] GC(34) Post Compact 0.419ms
[0.811s][info][gc,heap        ] GC(34) PSYoungGen: 16352K(31744K)->11685K(31744K) Eden: 0K(8704K)->0K(8704K) From: 16352K(23040K)->11685K(23040K)
[0.811s][info][gc,heap        ] GC(34) ParOldGen: 87294K(89600K)->89546K(114176K)
[0.811s][info][gc,metaspace   ] GC(34) Metaspace: 6301K(6464K)->6301K(6464K) NonClass: 5768K(5824K)->5768K(5824K) Class: 533K(640K)->533K(640K)
[0.811s][info][gc             ] GC(34) Pause Full (Ergonomics) 101M->98M(142M) 70.540ms
[0.811s][info][gc,cpu         ] GC(34) User=0.09s Sys=0.00s Real=0.07s
[0.820s][info][gc,start       ] GC(35) Pause Young (Allocation Failure)
[0.836s][info][gc,heap        ] GC(35) PSYoungGen: 20389K(31744K)->8736K(33280K) Eden: 8704K(8704K)->0K(8704K) From: 11685K(23040K)->8736K(24576K)
[0.836s][info][gc,heap        ] GC(35) ParOldGen: 89546K(114176K)->101418K(114176K)
[0.836s][info][gc,metaspace   ] GC(35) Metaspace: 6301K(6464K)->6301K(6464K) NonClass: 5768K(5824K)->5768K(5824K) Class: 533K(640K)->533K(640K)
[0.836s][info][gc             ] GC(35) Pause Young (Allocation Failure) 107M->107M(144M) 16.375ms
[0.836s][info][gc,cpu         ] GC(35) User=0.05s Sys=0.00s Real=0.02s
[0.836s][info][gc,start       ] GC(36) Pause Full (Ergonomics)
[0.836s][info][gc,phases,start] GC(36) Marking Phase
[0.869s][info][gc,phases      ] GC(36) Marking Phase 32.354ms
[0.869s][info][gc,phases,start] GC(36) Summary Phase
[0.869s][info][gc,phases      ] GC(36) Summary Phase 0.022ms
[0.869s][info][gc,phases,start] GC(36) Adjust Roots
[0.869s][info][gc,phases      ] GC(36) Adjust Roots 0.163ms
[0.869s][info][gc,phases,start] GC(36) Compaction Phase
[0.885s][info][gc,phases      ] GC(36) Compaction Phase 15.882ms
[0.885s][info][gc,phases,start] GC(36) Post Compact
[0.885s][info][gc,phases      ] GC(36) Post Compact 0.394ms
[0.886s][info][gc,heap        ] GC(36) PSYoungGen: 8736K(33280K)->0K(33280K) Eden: 0K(8704K)->0K(10240K) From: 8736K(24576K)->0K(23040K)
[0.886s][info][gc,heap        ] GC(36) ParOldGen: 101418K(114176K)->109905K(138752K)
[0.886s][info][gc,metaspace   ] GC(36) Metaspace: 6301K(6464K)->6301K(6464K) NonClass: 5768K(5824K)->5768K(5824K) Class: 533K(640K)->533K(640K)
[0.886s][info][gc             ] GC(36) Pause Full (Ergonomics) 107M->107M(168M) 49.346ms
[0.886s][info][gc,cpu         ] GC(36) User=0.09s Sys=0.00s Real=0.05s
[0.896s][info][gc,start       ] GC(37) Pause Young (Allocation Failure)
[0.902s][info][gc,heap        ] GC(37) PSYoungGen: 10240K(33280K)->10304K(33280K) Eden: 10240K(10240K)->0K(10240K) From: 0K(23040K)->10304K(23040K)
[0.902s][info][gc,heap        ] GC(37) ParOldGen: 109905K(138752K)->109905K(138752K)
[0.902s][info][gc,metaspace   ] GC(37) Metaspace: 6301K(6464K)->6301K(6464K) NonClass: 5768K(5824K)->5768K(5824K) Class: 533K(640K)->533K(640K)
[0.902s][info][gc             ] GC(37) Pause Young (Allocation Failure) 117M->117M(168M) 6.070ms
[0.902s][info][gc,cpu         ] GC(37) User=0.00s Sys=0.00s Real=0.01s
[0.912s][info][gc,start       ] GC(38) Pause Young (Allocation Failure)
[0.922s][info][gc,heap        ] GC(38) PSYoungGen: 20544K(33280K)->20512K(31232K) Eden: 10240K(10240K)->0K(9216K) From: 10304K(23040K)->20512K(22016K)
[0.922s][info][gc,heap        ] GC(38) ParOldGen: 109905K(138752K)->109905K(138752K)
[0.922s][info][gc,metaspace   ] GC(38) Metaspace: 6301K(6464K)->6301K(6464K) NonClass: 5768K(5824K)->5768K(5824K) Class: 533K(640K)->533K(640K)
[0.922s][info][gc             ] GC(38) Pause Young (Allocation Failure) 127M->127M(166M) 10.016ms
[0.922s][info][gc,cpu         ] GC(38) User=0.00s Sys=0.00s Real=0.01s
[0.931s][info][gc,start       ] GC(39) Pause Young (Allocation Failure)
[0.946s][info][gc,heap        ] GC(39) PSYoungGen: 29728K(31232K)->24576K(33792K) Eden: 9216K(9216K)->0K(9216K) From: 20512K(22016K)->24576K(24576K)
[0.946s][info][gc,heap        ] GC(39) ParOldGen: 109905K(138752K)->115081K(138752K)
[0.946s][info][gc,metaspace   ] GC(39) Metaspace: 6301K(6464K)->6301K(6464K) NonClass: 5768K(5824K)->5768K(5824K) Class: 533K(640K)->533K(640K)
[0.946s][info][gc             ] GC(39) Pause Young (Allocation Failure) 136M->136M(168M) 15.411ms
[0.946s][info][gc,cpu         ] GC(39) User=0.02s Sys=0.00s Real=0.01s
[0.957s][info][gc,start       ] GC(40) Pause Young (Allocation Failure)
[0.975s][info][gc,heap        ] GC(40) PSYoungGen: 33792K(33792K)->16480K(39936K) Eden: 9216K(9216K)->0K(10752K) From: 24576K(24576K)->16480K(29184K)
[0.975s][info][gc,heap        ] GC(40) ParOldGen: 115081K(138752K)->132713K(138752K)
[0.975s][info][gc,metaspace   ] GC(40) Metaspace: 6301K(6464K)->6301K(6464K) NonClass: 5768K(5824K)->5768K(5824K) Class: 533K(640K)->533K(640K)
[0.975s][info][gc             ] GC(40) Pause Young (Allocation Failure) 145M->145M(174M) 18.217ms
[0.975s][info][gc,cpu         ] GC(40) User=0.02s Sys=0.03s Real=0.02s
[0.975s][info][gc,start       ] GC(41) Pause Full (Ergonomics)
[0.975s][info][gc,phases,start] GC(41) Marking Phase
[1.017s][info][gc,phases      ] GC(41) Marking Phase 41.265ms
[1.017s][info][gc,phases,start] GC(41) Summary Phase
[1.017s][info][gc,phases      ] GC(41) Summary Phase 0.020ms
[1.017s][info][gc,phases,start] GC(41) Adjust Roots
[1.017s][info][gc,phases      ] GC(41) Adjust Roots 0.174ms
[1.017s][info][gc,phases,start] GC(41) Compaction Phase
[1.041s][info][gc,phases      ] GC(41) Compaction Phase 23.576ms
[1.041s][info][gc,phases,start] GC(41) Post Compact
[1.041s][info][gc,phases      ] GC(41) Post Compact 0.665ms
[1.042s][info][gc,heap        ] GC(41) PSYoungGen: 16480K(39936K)->10226K(40448K) Eden: 0K(10752K)->0K(11264K) From: 16480K(29184K)->10226K(29184K)
[1.042s][info][gc,heap        ] GC(41) ParOldGen: 132713K(138752K)->138472K(172032K)
[1.042s][info][gc,metaspace   ] GC(41) Metaspace: 6301K(6464K)->6301K(6464K) NonClass: 5768K(5824K)->5768K(5824K) Class: 533K(640K)->533K(640K)
[1.042s][info][gc             ] GC(41) Pause Full (Ergonomics) 145M->145M(207M) 66.239ms
[1.042s][info][gc,cpu         ] GC(41) User=0.22s Sys=0.00s Real=0.07s
[1.054s][info][gc,start       ] GC(42) Pause Young (Allocation Failure)
[1.072s][info][gc,heap        ] GC(42) PSYoungGen: 21490K(40448K)->17760K(40960K) Eden: 11264K(11264K)->0K(11264K) From: 10226K(29184K)->17760K(29696K)
[1.072s][info][gc,heap        ] GC(42) ParOldGen: 138472K(172032K)->142328K(172032K)
[1.072s][info][gc,metaspace   ] GC(42) Metaspace: 6301K(6464K)->6301K(6464K) NonClass: 5768K(5824K)->5768K(5824K) Class: 533K(640K)->533K(640K)
[1.072s][info][gc             ] GC(42) Pause Young (Allocation Failure) 156M->156M(208M) 18.134ms
[1.072s][info][gc,cpu         ] GC(42) User=0.02s Sys=0.00s Real=0.02s
[1.084s][info][gc,start       ] GC(43) Pause Young (Allocation Failure)
[1.098s][info][gc,heap        ] GC(43) PSYoungGen: 29024K(40960K)->29056K(38912K) Eden: 11264K(11264K)->0K(9216K) From: 17760K(29696K)->29056K(29696K)
[1.098s][info][gc,heap        ] GC(43) ParOldGen: 142328K(172032K)->142328K(172032K)
[1.098s][info][gc,metaspace   ] GC(43) Metaspace: 6301K(6464K)->6301K(6464K) NonClass: 5768K(5824K)->5768K(5824K) Class: 533K(640K)->533K(640K)
[1.098s][info][gc             ] GC(43) Pause Young (Allocation Failure) 167M->167M(206M) 14.368ms
[1.098s][info][gc,cpu         ] GC(43) User=0.02s Sys=0.00s Real=0.01s
[1.130s][info][gc,start       ] GC(44) Pause Young (Allocation Failure)
[1.152s][info][gc,heap        ] GC(44) PSYoungGen: 38272K(38912K)->31776K(43008K) Eden: 9216K(9216K)->0K(9216K) From: 29056K(29696K)->31776K(33792K)
[1.152s][info][gc,heap        ] GC(44) ParOldGen: 150520K(172032K)->157088K(172032K)
[1.152s][info][gc,metaspace   ] GC(44) Metaspace: 6301K(6464K)->6301K(6464K) NonClass: 5768K(5824K)->5768K(5824K) Class: 533K(640K)->533K(640K)
[1.152s][info][gc             ] GC(44) Pause Young (Allocation Failure) 184M->184M(210M) 22.111ms
[1.152s][info][gc,cpu         ] GC(44) User=0.05s Sys=0.02s Real=0.02s
[1.152s][info][gc,start       ] GC(45) Pause Full (Ergonomics)
[1.152s][info][gc,phases,start] GC(45) Marking Phase
[1.198s][info][gc,phases      ] GC(45) Marking Phase 45.672ms
[1.198s][info][gc,phases,start] GC(45) Summary Phase
[1.198s][info][gc,phases      ] GC(45) Summary Phase 0.028ms
[1.198s][info][gc,phases,start] GC(45) Adjust Roots
[1.198s][info][gc,phases      ] GC(45) Adjust Roots 0.148ms
[1.198s][info][gc,phases,start] GC(45) Compaction Phase
[1.235s][info][gc,phases      ] GC(45) Compaction Phase 36.332ms
[1.235s][info][gc,phases,start] GC(45) Post Compact
[1.235s][info][gc,phases      ] GC(45) Post Compact 0.794ms
[1.236s][info][gc,heap        ] GC(45) PSYoungGen: 31776K(43008K)->12745K(43008K) Eden: 0K(9216K)->0K(9216K) From: 31776K(33792K)->12745K(33792K)
[1.236s][info][gc,heap        ] GC(45) ParOldGen: 157088K(172032K)->171700K(205824K)
[1.236s][info][gc,metaspace   ] GC(45) Metaspace: 6301K(6464K)->6301K(6464K) NonClass: 5768K(5824K)->5768K(5824K) Class: 533K(640K)->533K(640K)
[1.236s][info][gc             ] GC(45) Pause Full (Ergonomics) 184M->180M(243M) 83.441ms
[1.236s][info][gc,cpu         ] GC(45) User=0.25s Sys=0.02s Real=0.08s
[1.245s][info][gc,start       ] GC(46) Pause Young (Allocation Failure)
[1.266s][info][gc,heap        ] GC(46) PSYoungGen: 21961K(43008K)->22048K(48128K) Eden: 9216K(9216K)->0K(10752K) From: 12745K(33792K)->22048K(37376K)
[1.266s][info][gc,heap        ] GC(46) ParOldGen: 171700K(205824K)->171700K(205824K)
[1.266s][info][gc,metaspace   ] GC(46) Metaspace: 6301K(6464K)->6301K(6464K) NonClass: 5768K(5824K)->5768K(5824K) Class: 533K(640K)->533K(640K)
[1.266s][info][gc             ] GC(46) Pause Young (Allocation Failure) 189M->189M(248M) 20.753ms
[1.266s][info][gc,cpu         ] GC(46) User=0.02s Sys=0.00s Real=0.02s
[1.276s][info][gc,start       ] GC(47) Pause Young (Allocation Failure)
[1.293s][info][gc,heap        ] GC(47) PSYoungGen: 32800K(48128K)->32832K(48640K) Eden: 10752K(10752K)->0K(10752K) From: 22048K(37376K)->32832K(37888K)
[1.293s][info][gc,heap        ] GC(47) ParOldGen: 171700K(205824K)->171700K(205824K)
[1.293s][info][gc,metaspace   ] GC(47) Metaspace: 6301K(6464K)->6301K(6464K) NonClass: 5768K(5824K)->5768K(5824K) Class: 533K(640K)->533K(640K)
[1.293s][info][gc             ] GC(47) Pause Young (Allocation Failure) 199M->199M(248M) 16.239ms
[1.293s][info][gc,cpu         ] GC(47) User=0.02s Sys=0.00s Real=0.02s
[1.305s][info][gc,start       ] GC(48) Pause Young (Allocation Failure)
[1.325s][info][gc,heap        ] GC(48) PSYoungGen: 43584K(48640K)->38688K(48640K) Eden: 10752K(10752K)->0K(7168K) From: 32832K(37888K)->38688K(41472K)
[1.325s][info][gc,heap        ] GC(48) ParOldGen: 171700K(205824K)->176652K(205824K)
[1.325s][info][gc,metaspace   ] GC(48) Metaspace: 6301K(6464K)->6301K(6464K) NonClass: 5768K(5824K)->5768K(5824K) Class: 533K(640K)->533K(640K)
[1.325s][info][gc             ] GC(48) Pause Young (Allocation Failure) 210M->210M(248M) 20.236ms
[1.325s][info][gc,cpu         ] GC(48) User=0.06s Sys=0.02s Real=0.02s
[1.332s][info][gc,start       ] GC(49) Pause Young (Allocation Failure)
[1.352s][info][gc,heap        ] GC(49) PSYoungGen: 45856K(48640K)->41984K(53760K) Eden: 7168K(7168K)->0K(7168K) From: 38688K(41472K)->41984K(46592K)
[1.352s][info][gc,heap        ] GC(49) ParOldGen: 176652K(205824K)->180556K(205824K)
[1.352s][info][gc,metaspace   ] GC(49) Metaspace: 6301K(6464K)->6301K(6464K) NonClass: 5768K(5824K)->5768K(5824K) Class: 533K(640K)->533K(640K)
[1.352s][info][gc             ] GC(49) Pause Young (Allocation Failure) 217M->217M(253M) 19.691ms
[1.352s][info][gc,cpu         ] GC(49) User=0.08s Sys=0.00s Real=0.02s
[1.360s][info][gc,start       ] GC(50) Pause Young (Allocation Failure)
[1.383s][info][gc,heap        ] GC(50) PSYoungGen: 49152K(53760K)->35872K(58368K) Eden: 7168K(7168K)->0K(6656K) From: 41984K(46592K)->35872K(51712K)
[1.383s][info][gc,heap        ] GC(50) ParOldGen: 180556K(205824K)->194012K(205824K)
[1.383s][info][gc,metaspace   ] GC(50) Metaspace: 6301K(6464K)->6301K(6464K) NonClass: 5768K(5824K)->5768K(5824K) Class: 533K(640K)->533K(640K)
[1.383s][info][gc             ] GC(50) Pause Young (Allocation Failure) 224M->224M(258M) 23.648ms
[1.383s][info][gc,cpu         ] GC(50) User=0.06s Sys=0.00s Real=0.02s
[1.383s][info][gc,start       ] GC(51) Pause Full (Ergonomics)
[1.383s][info][gc,phases,start] GC(51) Marking Phase
[1.440s][info][gc,phases      ] GC(51) Marking Phase 56.145ms
[1.440s][info][gc,phases,start] GC(51) Summary Phase
[1.440s][info][gc,phases      ] GC(51) Summary Phase 0.018ms
[1.440s][info][gc,phases,start] GC(51) Adjust Roots
[1.440s][info][gc,phases      ] GC(51) Adjust Roots 0.141ms
[1.440s][info][gc,phases,start] GC(51) Compaction Phase
[1.469s][info][gc,phases      ] GC(51) Compaction Phase 29.403ms
[1.469s][info][gc,phases,start] GC(51) Post Compact
[1.470s][info][gc,phases      ] GC(51) Post Compact 0.942ms
[1.470s][info][gc,heap        ] GC(51) PSYoungGen: 35872K(58368K)->23965K(58368K) Eden: 0K(6656K)->0K(6656K) From: 35872K(51712K)->23965K(51712K)
[1.470s][info][gc,heap        ] GC(51) ParOldGen: 194012K(205824K)->205385K(241152K)
[1.471s][info][gc,metaspace   ] GC(51) Metaspace: 6301K(6464K)->6301K(6464K) NonClass: 5768K(5824K)->5768K(5824K) Class: 533K(640K)->533K(640K)
[1.471s][info][gc             ] GC(51) Pause Full (Ergonomics) 224M->223M(292M) 87.130ms
[1.471s][info][gc,cpu         ] GC(51) User=0.30s Sys=0.02s Real=0.09s
[1.478s][info][gc,start       ] GC(52) Pause Young (Allocation Failure)
[1.501s][info][gc,heap        ] GC(52) PSYoungGen: 30621K(58368K)->16192K(60416K) Eden: 6656K(6656K)->0K(6656K) From: 23965K(51712K)->16192K(53760K)
[1.501s][info][gc,heap        ] GC(52) ParOldGen: 205385K(241152K)->220201K(241152K)
[1.501s][info][gc,metaspace   ] GC(52) Metaspace: 6301K(6464K)->6301K(6464K) NonClass: 5768K(5824K)->5768K(5824K) Class: 533K(640K)->533K(640K)
[1.501s][info][gc             ] GC(52) Pause Young (Allocation Failure) 230M->230M(294M) 23.508ms
[1.501s][info][gc,cpu         ] GC(52) User=0.09s Sys=0.00s Real=0.02s
[1.509s][info][gc,start       ] GC(53) Pause Young (Allocation Failure)
[1.521s][info][gc,heap        ] GC(53) PSYoungGen: 22848K(60416K)->13376K(58368K) Eden: 6656K(6656K)->0K(8192K) From: 16192K(53760K)->13376K(50176K)
[1.521s][info][gc,heap        ] GC(53) ParOldGen: 220201K(241152K)->229737K(241152K)
[1.521s][info][gc,metaspace   ] GC(53) Metaspace: 6301K(6464K)->6301K(6464K) NonClass: 5768K(5824K)->5768K(5824K) Class: 533K(640K)->533K(640K)
[1.521s][info][gc             ] GC(53) Pause Young (Allocation Failure) 237M->237M(292M) 12.474ms
[1.521s][info][gc,cpu         ] GC(53) User=0.02s Sys=0.00s Real=0.01s
[1.521s][info][gc,start       ] GC(54) Pause Full (Ergonomics)
[1.521s][info][gc,phases,start] GC(54) Marking Phase
[1.578s][info][gc,phases      ] GC(54) Marking Phase 57.330ms
[1.578s][info][gc,phases,start] GC(54) Summary Phase
[1.578s][info][gc,phases      ] GC(54) Summary Phase 0.018ms
[1.579s][info][gc,phases,start] GC(54) Adjust Roots
[1.579s][info][gc,phases      ] GC(54) Adjust Roots 0.183ms
[1.579s][info][gc,phases,start] GC(54) Compaction Phase
[1.605s][info][gc,phases      ] GC(54) Compaction Phase 26.214ms
[1.605s][info][gc,phases,start] GC(54) Post Compact
[1.606s][info][gc,phases      ] GC(54) Post Compact 1.417ms
[1.607s][info][gc,heap        ] GC(54) PSYoungGen: 13376K(58368K)->1495K(59392K) Eden: 0K(8192K)->0K(9216K) From: 13376K(50176K)->1495K(50176K)
[1.607s][info][gc,heap        ] GC(54) ParOldGen: 229737K(241152K)->241102K(282112K)
[1.607s][info][gc,metaspace   ] GC(54) Metaspace: 6301K(6464K)->6301K(6464K) NonClass: 5768K(5824K)->5768K(5824K) Class: 533K(640K)->533K(640K)
[1.607s][info][gc             ] GC(54) Pause Full (Ergonomics) 237M->236M(333M) 85.773ms
[1.607s][info][gc,cpu         ] GC(54) User=0.44s Sys=0.00s Real=0.09s
[1.617s][info][gc,start       ] GC(55) Pause Young (Allocation Failure)
[1.633s][info][gc,heap        ] GC(55) PSYoungGen: 10711K(59392K)->9344K(60416K) Eden: 9216K(9216K)->0K(9216K) From: 1495K(50176K)->9344K(51200K)
[1.633s][info][gc,heap        ] GC(55) ParOldGen: 241102K(282112K)->242646K(282112K)
[1.634s][info][gc,metaspace   ] GC(55) Metaspace: 6301K(6464K)->6301K(6464K) NonClass: 5768K(5824K)->5768K(5824K) Class: 533K(640K)->533K(640K)
[1.634s][info][gc             ] GC(55) Pause Young (Allocation Failure) 245M->246M(334M) 16.694ms
[1.634s][info][gc,cpu         ] GC(55) User=0.03s Sys=0.00s Real=0.02s
[1.644s][info][gc,start       ] GC(56) Pause Young (Allocation Failure)
[1.654s][info][gc,heap        ] GC(56) PSYoungGen: 18560K(60416K)->18528K(55808K) Eden: 9216K(9216K)->0K(10240K) From: 9344K(51200K)->18528K(45568K)
[1.654s][info][gc,heap        ] GC(56) ParOldGen: 242646K(282112K)->242646K(282112K)
[1.654s][info][gc,metaspace   ] GC(56) Metaspace: 6301K(6464K)->6301K(6464K) NonClass: 5768K(5824K)->5768K(5824K) Class: 533K(640K)->533K(640K)
[1.654s][info][gc             ] GC(56) Pause Young (Allocation Failure) 255M->255M(330M) 10.182ms
[1.654s][info][gc,cpu         ] GC(56) User=0.00s Sys=0.00s Real=0.01s
[1.665s][info][gc,start       ] GC(57) Pause Young (Allocation Failure)
[1.680s][info][gc,heap        ] GC(57) PSYoungGen: 28768K(55808K)->28736K(58368K) Eden: 10240K(10240K)->0K(10240K) From: 18528K(45568K)->28736K(48128K)
[1.681s][info][gc,heap        ] GC(57) ParOldGen: 242646K(282112K)->242646K(282112K)
[1.681s][info][gc,metaspace   ] GC(57) Metaspace: 6301K(6464K)->6301K(6464K) NonClass: 5768K(5824K)->5768K(5824K) Class: 533K(640K)->533K(640K)
[1.681s][info][gc             ] GC(57) Pause Young (Allocation Failure) 265M->265M(332M) 15.259ms
[1.681s][info][gc,cpu         ] GC(57) User=0.02s Sys=0.00s Real=0.01s
[1.692s][info][gc,start       ] GC(58) Pause Young (Allocation Failure)
[1.711s][info][gc,heap        ] GC(58) PSYoungGen: 38976K(58368K)->29760K(59392K) Eden: 10240K(10240K)->0K(11264K) From: 28736K(48128K)->29760K(48128K)
[1.711s][info][gc,heap        ] GC(58) ParOldGen: 242646K(282112K)->251998K(282112K)
[1.711s][info][gc,metaspace   ] GC(58) Metaspace: 6301K(6464K)->6301K(6464K) NonClass: 5768K(5824K)->5768K(5824K) Class: 533K(640K)->533K(640K)
[1.711s][info][gc             ] GC(58) Pause Young (Allocation Failure) 275M->275M(333M) 19.195ms
[1.711s][info][gc,cpu         ] GC(58) User=0.09s Sys=0.00s Real=0.02s
[1.724s][info][gc,start       ] GC(59) Pause Young (Allocation Failure)
[1.745s][info][gc,heap        ] GC(59) PSYoungGen: 41024K(59392K)->31872K(59904K) Eden: 11264K(11264K)->0K(11264K) From: 29760K(48128K)->31872K(48640K)
[1.745s][info][gc,heap        ] GC(59) ParOldGen: 251998K(282112K)->261350K(282112K)
[1.745s][info][gc,metaspace   ] GC(59) Metaspace: 6301K(6464K)->6301K(6464K) NonClass: 5768K(5824K)->5768K(5824K) Class: 533K(640K)->533K(640K)
[1.745s][info][gc             ] GC(59) Pause Young (Allocation Failure) 286M->286M(334M) 20.754ms
[1.745s][info][gc,cpu         ] GC(59) User=0.12s Sys=0.00s Real=0.02s
[1.757s][info][gc,start       ] GC(60) Pause Young (Allocation Failure)
[1.778s][info][gc,heap        ] GC(60) PSYoungGen: 43136K(59904K)->22656K(57344K) Eden: 11264K(11264K)->0K(12800K) From: 31872K(48640K)->22656K(44544K)
[1.779s][info][gc,heap        ] GC(60) ParOldGen: 261350K(282112K)->282094K(282112K)
[1.779s][info][gc,metaspace   ] GC(60) Metaspace: 6301K(6464K)->6301K(6464K) NonClass: 5768K(5824K)->5768K(5824K) Class: 533K(640K)->533K(640K)
[1.779s][info][gc             ] GC(60) Pause Young (Allocation Failure) 297M->297M(331M) 21.325ms
[1.779s][info][gc,cpu         ] GC(60) User=0.11s Sys=0.00s Real=0.02s
[1.779s][info][gc,start       ] GC(61) Pause Full (Ergonomics)
[1.779s][info][gc,phases,start] GC(61) Marking Phase
[1.848s][info][gc,phases      ] GC(61) Marking Phase 69.408ms
[1.848s][info][gc,phases,start] GC(61) Summary Phase
[1.848s][info][gc,phases      ] GC(61) Summary Phase 0.019ms
[1.848s][info][gc,phases,start] GC(61) Adjust Roots
[1.848s][info][gc,phases      ] GC(61) Adjust Roots 0.143ms
[1.848s][info][gc,phases,start] GC(61) Compaction Phase
[1.887s][info][gc,phases      ] GC(61) Compaction Phase 38.521ms
[1.887s][info][gc,phases,start] GC(61) Post Compact
[1.889s][info][gc,phases      ] GC(61) Post Compact 1.602ms
[1.889s][info][gc,heap        ] GC(61) PSYoungGen: 22656K(57344K)->21958K(59392K) Eden: 0K(12800K)->0K(14848K) From: 22656K(44544K)->21958K(44544K)
[1.889s][info][gc,heap        ] GC(61) ParOldGen: 282094K(282112K)->281898K(329216K)
[1.889s][info][gc,metaspace   ] GC(61) Metaspace: 6301K(6464K)->6301K(6464K) NonClass: 5768K(5824K)->5768K(5824K) Class: 533K(640K)->533K(640K)
[1.889s][info][gc             ] GC(61) Pause Full (Ergonomics) 297M->296M(379M) 110.290ms
[1.889s][info][gc,cpu         ] GC(61) User=0.50s Sys=0.00s Real=0.11s
[1.906s][info][gc,start       ] GC(62) Pause Young (Allocation Failure)
[1.935s][info][gc,heap        ] GC(62) PSYoungGen: 36806K(59392K)->14976K(61952K) Eden: 14848K(14848K)->0K(14848K) From: 21958K(44544K)->14976K(47104K)
[1.935s][info][gc,heap        ] GC(62) ParOldGen: 281898K(329216K)->304202K(329216K)
[1.935s][info][gc,metaspace   ] GC(62) Metaspace: 6301K(6464K)->6301K(6464K) NonClass: 5768K(5824K)->5768K(5824K) Class: 533K(640K)->533K(640K)
[1.935s][info][gc             ] GC(62) Pause Young (Allocation Failure) 311M->311M(382M) 28.857ms
[1.935s][info][gc,cpu         ] GC(62) User=0.12s Sys=0.00s Real=0.03s
[1.935s][info][gc,start       ] GC(63) Pause Full (Ergonomics)
[1.935s][info][gc,phases,start] GC(63) Marking Phase
[2.005s][info][gc,phases      ] GC(63) Marking Phase 69.573ms
[2.005s][info][gc,phases,start] GC(63) Summary Phase
[2.005s][info][gc,phases      ] GC(63) Summary Phase 0.027ms
[2.005s][info][gc,phases,start] GC(63) Adjust Roots
[2.005s][info][gc,phases      ] GC(63) Adjust Roots 0.167ms
[2.005s][info][gc,phases,start] GC(63) Compaction Phase
[2.031s][info][gc,phases      ] GC(63) Compaction Phase 26.490ms
[2.031s][info][gc,phases,start] GC(63) Post Compact
[2.033s][info][gc,phases      ] GC(63) Post Compact 1.613ms
[2.033s][info][gc,heap        ] GC(63) PSYoungGen: 14976K(61952K)->0K(62976K) Eden: 0K(14848K)->0K(16896K) From: 14976K(47104K)->0K(46080K)
[2.033s][info][gc,heap        ] GC(63) ParOldGen: 304202K(329216K)->318675K(373248K)
[2.033s][info][gc,metaspace   ] GC(63) Metaspace: 6301K(6464K)->6301K(6464K) NonClass: 5768K(5824K)->5768K(5824K) Class: 533K(640K)->533K(640K)
[2.033s][info][gc             ] GC(63) Pause Full (Ergonomics) 311M->311M(426M) 98.374ms
[2.033s][info][gc,cpu         ] GC(63) User=0.62s Sys=0.00s Real=0.10s
[2.053s][info][gc,start       ] GC(64) Pause Young (Allocation Failure)
[2.063s][info][gc,heap        ] GC(64) PSYoungGen: 16896K(62976K)->17056K(62976K) Eden: 16896K(16896K)->0K(16896K) From: 0K(46080K)->17056K(46080K)
[2.063s][info][gc,heap        ] GC(64) ParOldGen: 318675K(373248K)->318675K(373248K)
[2.063s][info][gc,metaspace   ] GC(64) Metaspace: 6301K(6464K)->6301K(6464K) NonClass: 5768K(5824K)->5768K(5824K) Class: 533K(640K)->533K(640K)
[2.063s][info][gc             ] GC(64) Pause Young (Allocation Failure) 327M->327M(426M) 10.333ms
[2.063s][info][gc,cpu         ] GC(64) User=0.00s Sys=0.00s Real=0.01s
[2.082s][info][gc,start       ] GC(65) Pause Young (Allocation Failure)
[2.100s][info][gc,heap        ] GC(65) PSYoungGen: 33952K(62976K)->33952K(60928K) Eden: 16896K(16896K)->0K(16384K) From: 17056K(46080K)->33952K(44544K)
[2.101s][info][gc,heap        ] GC(65) ParOldGen: 318675K(373248K)->318675K(373248K)
[2.101s][info][gc,metaspace   ] GC(65) Metaspace: 6301K(6464K)->6301K(6464K) NonClass: 5768K(5824K)->5768K(5824K) Class: 533K(640K)->533K(640K)
[2.101s][info][gc             ] GC(65) Pause Young (Allocation Failure) 344M->344M(424M) 18.403ms
[2.101s][info][gc,cpu         ] GC(65) User=0.12s Sys=0.00s Real=0.02s
[2.171s][info][gc,start       ] GC(66) Pause Young (Allocation Failure)
[2.201s][info][gc,heap        ] GC(66) PSYoungGen: 50336K(60928K)->47104K(63488K) Eden: 16384K(16384K)->0K(16384K) From: 33952K(44544K)->47104K(47104K)
[2.201s][info][gc,heap        ] GC(66) ParOldGen: 335059K(373248K)->338219K(373248K)
[2.201s][info][gc,metaspace   ] GC(66) Metaspace: 6301K(6464K)->6301K(6464K) NonClass: 5768K(5824K)->5768K(5824K) Class: 533K(640K)->533K(640K)
[2.201s][info][gc             ] GC(66) Pause Young (Allocation Failure) 376M->376M(426M) 30.556ms
[2.201s][info][gc,cpu         ] GC(66) User=0.14s Sys=0.00s Real=0.03s
[2.218s][info][gc,start       ] GC(67) Pause Young (Allocation Failure)
[2.249s][info][gc,heap        ] GC(67) PSYoungGen: 63488K(63488K)->31616K(71680K) Eden: 16384K(16384K)->0K(18432K) From: 47104K(47104K)->31616K(53248K)
[2.249s][info][gc,heap        ] GC(67) ParOldGen: 338219K(373248K)->370603K(373248K)
[2.249s][info][gc,metaspace   ] GC(67) Metaspace: 6301K(6464K)->6301K(6464K) NonClass: 5768K(5824K)->5768K(5824K) Class: 533K(640K)->533K(640K)
[2.249s][info][gc             ] GC(67) Pause Young (Allocation Failure) 392M->392M(434M) 30.915ms
[2.249s][info][gc,cpu         ] GC(67) User=0.08s Sys=0.06s Real=0.03s
[2.249s][info][gc,start       ] GC(68) Pause Full (Ergonomics)
[2.249s][info][gc,phases,start] GC(68) Marking Phase
[2.338s][info][gc,phases      ] GC(68) Marking Phase 89.453ms
[2.338s][info][gc,phases,start] GC(68) Summary Phase
[2.338s][info][gc,phases      ] GC(68) Summary Phase 0.019ms
[2.339s][info][gc,phases,start] GC(68) Adjust Roots
[2.339s][info][gc,phases      ] GC(68) Adjust Roots 0.153ms
[2.339s][info][gc,phases,start] GC(68) Compaction Phase
[2.409s][info][gc,phases      ] GC(68) Compaction Phase 70.620ms
[2.409s][info][gc,phases,start] GC(68) Post Compact
[2.411s][info][gc,phases      ] GC(68) Post Compact 2.039ms
[2.412s][info][gc,heap        ] GC(68) PSYoungGen: 31616K(71680K)->20197K(72192K) Eden: 0K(18432K)->0K(18944K) From: 31616K(53248K)->20197K(53248K)
[2.412s][info][gc,heap        ] GC(68) ParOldGen: 370603K(373248K)->373109K(435712K)
[2.412s][info][gc,metaspace   ] GC(68) Metaspace: 6301K(6464K)->6301K(6464K) NonClass: 5768K(5824K)->5768K(5824K) Class: 533K(640K)->533K(640K)
[2.412s][info][gc             ] GC(68) Pause Full (Ergonomics) 392M->384M(496M) 162.882ms
[2.412s][info][gc,cpu         ] GC(68) User=1.08s Sys=0.00s Real=0.16s
[2.433s][info][gc,start       ] GC(69) Pause Young (Allocation Failure)
[2.465s][info][gc,heap        ] GC(69) PSYoungGen: 39141K(72192K)->39296K(72704K) Eden: 18944K(18944K)->0K(18944K) From: 20197K(53248K)->39296K(53760K)
[2.465s][info][gc,heap        ] GC(69) ParOldGen: 373109K(435712K)->373109K(435712K)
[2.466s][info][gc,metaspace   ] GC(69) Metaspace: 6301K(6464K)->6301K(6464K) NonClass: 5768K(5824K)->5768K(5824K) Class: 533K(640K)->533K(640K)
[2.466s][info][gc             ] GC(69) Pause Young (Allocation Failure) 402M->402M(496M) 32.156ms
[2.466s][info][gc,cpu         ] GC(69) User=0.14s Sys=0.00s Real=0.03s
[2.485s][info][gc,start       ] GC(70) Pause Young (Allocation Failure)
[2.514s][info][gc,heap        ] GC(70) PSYoungGen: 58240K(72704K)->55808K(68096K) Eden: 18944K(18944K)->0K(12288K) From: 39296K(53760K)->55808K(55808K)
[2.514s][info][gc,heap        ] GC(70) ParOldGen: 373109K(435712K)->375501K(435712K)
[2.514s][info][gc,metaspace   ] GC(70) Metaspace: 6301K(6464K)->6301K(6464K) NonClass: 5768K(5824K)->5768K(5824K) Class: 533K(640K)->533K(640K)
[2.514s][info][gc             ] GC(70) Pause Young (Allocation Failure) 421M->421M(492M) 29.006ms
[2.514s][info][gc,cpu         ] GC(70) User=0.14s Sys=0.00s Real=0.03s
[2.527s][info][gc,start       ] GC(71) Pause Young (Allocation Failure)
[2.559s][info][gc,heap        ] GC(71) PSYoungGen: 68096K(68096K)->49728K(76800K) Eden: 12288K(12288K)->0K(12288K) From: 55808K(55808K)->49728K(64512K)
[2.559s][info][gc,heap        ] GC(71) ParOldGen: 375501K(435712K)->394213K(435712K)
[2.559s][info][gc,metaspace   ] GC(71) Metaspace: 6301K(6464K)->6301K(6464K) NonClass: 5768K(5824K)->5768K(5824K) Class: 533K(640K)->533K(640K)
[2.559s][info][gc             ] GC(71) Pause Young (Allocation Failure) 433M->433M(500M) 31.905ms
[2.559s][info][gc,cpu         ] GC(71) User=0.12s Sys=0.00s Real=0.03s
[2.572s][info][gc,start       ] GC(72) Pause Young (Allocation Failure)
[2.603s][info][gc,heap        ] GC(72) PSYoungGen: 62016K(76800K)->43264K(81408K) Eden: 12288K(12288K)->0K(13312K) From: 49728K(64512K)->43264K(68096K)
[2.603s][info][gc,heap        ] GC(72) ParOldGen: 394213K(435712K)->413237K(435712K)
[2.603s][info][gc,metaspace   ] GC(72) Metaspace: 6301K(6464K)->6301K(6464K) NonClass: 5768K(5824K)->5768K(5824K) Class: 533K(640K)->533K(640K)
[2.603s][info][gc             ] GC(72) Pause Young (Allocation Failure) 445M->445M(505M) 31.083ms
[2.603s][info][gc,cpu         ] GC(72) User=0.14s Sys=0.00s Real=0.03s
[2.603s][info][gc,start       ] GC(73) Pause Full (Ergonomics)
[2.603s][info][gc,phases,start] GC(73) Marking Phase
[2.710s][info][gc,phases      ] GC(73) Marking Phase 106.991ms
[2.710s][info][gc,phases,start] GC(73) Summary Phase
[2.710s][info][gc,phases      ] GC(73) Summary Phase 0.024ms
[2.710s][info][gc,phases,start] GC(73) Adjust Roots
[2.710s][info][gc,phases      ] GC(73) Adjust Roots 0.171ms
[2.710s][info][gc,phases,start] GC(73) Compaction Phase
[2.766s][info][gc,phases      ] GC(73) Compaction Phase 56.114ms
[2.766s][info][gc,phases,start] GC(73) Post Compact
[2.769s][info][gc,phases      ] GC(73) Post Compact 2.349ms
[2.769s][info][gc,heap        ] GC(73) PSYoungGen: 43264K(81408K)->20006K(81408K) Eden: 0K(13312K)->0K(13312K) From: 43264K(68096K)->20006K(68096K)
[2.769s][info][gc,heap        ] GC(73) ParOldGen: 413237K(435712K)->435633K(503296K)
[2.769s][info][gc,metaspace   ] GC(73) Metaspace: 6301K(6464K)->6301K(6464K) NonClass: 5768K(5824K)->5768K(5824K) Class: 533K(640K)->533K(640K)
[2.769s][info][gc             ] GC(73) Pause Full (Ergonomics) 445M->444M(571M) 166.282ms
[2.769s][info][gc,cpu         ] GC(73) User=0.97s Sys=0.02s Real=0.17s
[2.783s][info][gc,start       ] GC(74) Pause Young (Allocation Failure)
[2.818s][info][gc,heap        ] GC(74) PSYoungGen: 33318K(81408K)->19392K(81920K) Eden: 13312K(13312K)->0K(13312K) From: 20006K(68096K)->19392K(68608K)
[2.818s][info][gc,heap        ] GC(74) ParOldGen: 435633K(503296K)->449865K(503296K)
[2.818s][info][gc,metaspace   ] GC(74) Metaspace: 6301K(6464K)->6301K(6464K) NonClass: 5768K(5824K)->5768K(5824K) Class: 533K(640K)->533K(640K)
[2.818s][info][gc             ] GC(74) Pause Young (Allocation Failure) 457M->458M(571M) 34.781ms
[2.818s][info][gc,cpu         ] GC(74) User=0.17s Sys=0.02s Real=0.03s
[2.833s][info][gc,start       ] GC(75) Pause Young (Allocation Failure)
[2.850s][info][gc,heap        ] GC(75) PSYoungGen: 32704K(81920K)->26720K(77312K) Eden: 13312K(13312K)->0K(14848K) From: 19392K(68608K)->26720K(62464K)
[2.850s][info][gc,heap        ] GC(75) ParOldGen: 449865K(503296K)->455953K(503296K)
[2.850s][info][gc,metaspace   ] GC(75) Metaspace: 6301K(6464K)->6301K(6464K) NonClass: 5768K(5824K)->5768K(5824K) Class: 533K(640K)->533K(640K)
[2.850s][info][gc             ] GC(75) Pause Young (Allocation Failure) 471M->471M(567M) 17.458ms
[2.850s][info][gc,cpu         ] GC(75) User=0.02s Sys=0.00s Real=0.02s
[2.867s][info][gc,start       ] GC(76) Pause Young (Allocation Failure)
[2.888s][info][gc,heap        ] GC(76) PSYoungGen: 41568K(77312K)->28288K(43520K) Eden: 14848K(14848K)->0K(14848K) From: 26720K(62464K)->28288K(28672K)
[2.888s][info][gc,heap        ] GC(76) ParOldGen: 455953K(503296K)->469449K(503296K)
[2.888s][info][gc,metaspace   ] GC(76) Metaspace: 6301K(6464K)->6301K(6464K) NonClass: 5768K(5824K)->5768K(5824K) Class: 533K(640K)->533K(640K)
[2.888s][info][gc             ] GC(76) Pause Young (Allocation Failure) 485M->486M(534M) 21.458ms
[2.888s][info][gc,cpu         ] GC(76) User=0.12s Sys=0.00s Real=0.02s
[2.904s][info][gc,start       ] GC(77) Pause Young (Allocation Failure)
[2.926s][info][gc,heap        ] GC(77) PSYoungGen: 43136K(43520K)->29824K(73728K) Eden: 14848K(14848K)->0K(16896K) From: 28288K(28672K)->29824K(56832K)
[2.926s][info][gc,heap        ] GC(77) ParOldGen: 469449K(503296K)->482945K(503296K)
[2.926s][info][gc,metaspace   ] GC(77) Metaspace: 6301K(6464K)->6301K(6464K) NonClass: 5768K(5824K)->5768K(5824K) Class: 533K(640K)->533K(640K)
[2.926s][info][gc             ] GC(77) Pause Young (Allocation Failure) 500M->500M(563M) 21.815ms
[2.926s][info][gc,cpu         ] GC(77) User=0.14s Sys=0.00s Real=0.02s
[2.926s][info][gc,start       ] GC(78) Pause Full (Ergonomics)
[2.926s][info][gc,phases,start] GC(78) Marking Phase
[3.040s][info][gc,phases      ] GC(78) Marking Phase 113.927ms
[3.040s][info][gc,phases,start] GC(78) Summary Phase
[3.040s][info][gc,phases      ] GC(78) Summary Phase 0.019ms
[3.040s][info][gc,phases,start] GC(78) Adjust Roots
[3.040s][info][gc,phases      ] GC(78) Adjust Roots 0.148ms
[3.040s][info][gc,phases,start] GC(78) Compaction Phase
[3.092s][info][gc,phases      ] GC(78) Compaction Phase 51.443ms
[3.092s][info][gc,phases,start] GC(78) Post Compact
[3.094s][info][gc,phases      ] GC(78) Post Compact 2.580ms
[3.095s][info][gc,heap        ] GC(78) PSYoungGen: 29824K(73728K)->8680K(75776K) Eden: 0K(16896K)->0K(18944K) From: 29824K(56832K)->8680K(56832K)
[3.095s][info][gc,heap        ] GC(78) ParOldGen: 482945K(503296K)->503144K(570880K)
[3.095s][info][gc,metaspace   ] GC(78) Metaspace: 6301K(6464K)->6301K(6464K) NonClass: 5768K(5824K)->5768K(5824K) Class: 533K(640K)->533K(640K)
[3.095s][info][gc             ] GC(78) Pause Full (Ergonomics) 500M->499M(631M) 168.829ms
[3.095s][info][gc,cpu         ] GC(78) User=1.14s Sys=0.02s Real=0.17s
[3.116s][info][gc,start       ] GC(79) Pause Young (Allocation Failure)
[3.150s][info][gc,heap        ] GC(79) PSYoungGen: 27624K(75776K)->23744K(78336K) Eden: 18944K(18944K)->0K(18944K) From: 8680K(56832K)->23744K(59392K)
[3.150s][info][gc,heap        ] GC(79) ParOldGen: 503144K(570880K)->507304K(570880K)
[3.150s][info][gc,metaspace   ] GC(79) Metaspace: 6301K(6464K)->6301K(6464K) NonClass: 5768K(5824K)->5768K(5824K) Class: 533K(640K)->533K(640K)
[3.150s][info][gc             ] GC(79) Pause Young (Allocation Failure) 518M->518M(634M) 34.821ms
[3.151s][info][gc,cpu         ] GC(79) User=0.16s Sys=0.00s Real=0.03s
[3.171s][info][gc,start       ] GC(80) Pause Young (Allocation Failure)
[3.194s][info][gc,heap        ] GC(80) PSYoungGen: 42688K(78336K)->42656K(76800K) Eden: 18944K(18944K)->0K(18944K) From: 23744K(59392K)->42656K(57856K)
[3.194s][info][gc,heap        ] GC(80) ParOldGen: 507304K(570880K)->507304K(570880K)
[3.194s][info][gc,metaspace   ] GC(80) Metaspace: 6301K(6464K)->6301K(6464K) NonClass: 5768K(5824K)->5768K(5824K) Class: 533K(640K)->533K(640K)
[3.194s][info][gc             ] GC(80) Pause Young (Allocation Failure) 537M->537M(632M) 23.120ms
[3.194s][info][gc,cpu         ] GC(80) User=0.12s Sys=0.00s Real=0.02s
[3.216s][info][gc,start       ] GC(81) Pause Young (Allocation Failure)
[3.247s][info][gc,heap        ] GC(81) PSYoungGen: 61600K(76800K)->59904K(78848K) Eden: 18944K(18944K)->0K(18944K) From: 42656K(57856K)->59904K(59904K)
[3.247s][info][gc,heap        ] GC(81) ParOldGen: 507304K(570880K)->508928K(570880K)
[3.247s][info][gc,metaspace   ] GC(81) Metaspace: 6301K(6464K)->6301K(6464K) NonClass: 5768K(5824K)->5768K(5824K) Class: 533K(640K)->533K(640K)
[3.247s][info][gc             ] GC(81) Pause Young (Allocation Failure) 555M->555M(634M) 31.736ms
[3.247s][info][gc,cpu         ] GC(81) User=0.14s Sys=0.00s Real=0.03s
[3.271s][info][gc,start       ] GC(82) Pause Young (Allocation Failure)
[3.314s][info][gc,heap        ] GC(82) PSYoungGen: 78848K(78848K)->56000K(84480K) Eden: 18944K(18944K)->0K(16384K) From: 59904K(59904K)->56000K(68096K)
[3.314s][info][gc,heap        ] GC(82) ParOldGen: 508928K(570880K)->532200K(570880K)
[3.314s][info][gc,metaspace   ] GC(82) Metaspace: 6301K(6464K)->6301K(6464K) NonClass: 5768K(5824K)->5768K(5824K) Class: 533K(640K)->533K(640K)
[3.314s][info][gc             ] GC(82) Pause Young (Allocation Failure) 574M->574M(640M) 42.655ms
[3.314s][info][gc,cpu         ] GC(82) User=0.19s Sys=0.02s Real=0.04s
[3.331s][info][gc,start       ] GC(83) Pause Young (Allocation Failure)
[3.368s][info][gc,heap        ] GC(83) PSYoungGen: 72384K(84480K)->53856K(89088K) Eden: 16384K(16384K)->0K(16384K) From: 56000K(68096K)->53856K(72704K)
[3.368s][info][gc,heap        ] GC(83) ParOldGen: 532200K(570880K)->550928K(570880K)
[3.368s][info][gc,metaspace   ] GC(83) Metaspace: 6301K(6464K)->6301K(6464K) NonClass: 5768K(5824K)->5768K(5824K) Class: 533K(640K)->533K(640K)
[3.368s][info][gc             ] GC(83) Pause Young (Allocation Failure) 590M->590M(644M) 36.429ms
[3.368s][info][gc,cpu         ] GC(83) User=0.23s Sys=0.02s Real=0.04s
[3.368s][info][gc,start       ] GC(84) Pause Full (Ergonomics)
[3.368s][info][gc,phases,start] GC(84) Marking Phase
[3.508s][info][gc,phases      ] GC(84) Marking Phase 139.821ms
[3.508s][info][gc,phases,start] GC(84) Summary Phase
[3.508s][info][gc,phases      ] GC(84) Summary Phase 0.022ms
[3.508s][info][gc,phases,start] GC(84) Adjust Roots
[3.508s][info][gc,phases      ] GC(84) Adjust Roots 0.189ms
[3.508s][info][gc,phases,start] GC(84) Compaction Phase
[3.564s][info][gc,phases      ] GC(84) Compaction Phase 55.904ms
[3.564s][info][gc,phases,start] GC(84) Post Compact
[3.565s][info][gc,phases      ] GC(84) Post Compact 0.989ms
[3.565s][info][gc,heap        ] GC(84) PSYoungGen: 53856K(89088K)->33214K(89088K) Eden: 0K(16384K)->0K(16384K) From: 53856K(72704K)->33214K(72704K)
[3.565s][info][gc,heap        ] GC(84) ParOldGen: 550928K(570880K)->570612K(645120K)
[3.565s][info][gc,metaspace   ] GC(84) Metaspace: 6301K(6464K)->6301K(6464K) NonClass: 5768K(5824K)->5768K(5824K) Class: 533K(640K)->533K(640K)
[3.565s][info][gc             ] GC(84) Pause Full (Ergonomics) 590M->589M(717M) 197.476ms
[3.565s][info][gc,cpu         ] GC(84) User=1.38s Sys=0.00s Real=0.20s
[3.585s][info][gc,start       ] GC(85) Pause Young (Allocation Failure)
[3.632s][info][gc,heap        ] GC(85) PSYoungGen: 49598K(89088K)->27456K(90624K) Eden: 16384K(16384K)->0K(18432K) From: 33214K(72704K)->27456K(72192K)
[3.632s][info][gc,heap        ] GC(85) ParOldGen: 570612K(645120K)->593244K(645120K)
[3.632s][info][gc,metaspace   ] GC(85) Metaspace: 6301K(6464K)->6301K(6464K) NonClass: 5768K(5824K)->5768K(5824K) Class: 533K(640K)->533K(640K)
[3.632s][info][gc             ] GC(85) Pause Young (Allocation Failure) 605M->606M(718M) 46.982ms
[3.632s][info][gc,cpu         ] GC(85) User=0.25s Sys=0.00s Real=0.05s
[3.654s][info][gc,start       ] GC(86) Pause Young (Allocation Failure)
[3.680s][info][gc,heap        ] GC(86) PSYoungGen: 45888K(90624K)->34976K(53760K) Eden: 18432K(18432K)->0K(18432K) From: 27456K(72192K)->34976K(35328K)
[3.680s][info][gc,heap        ] GC(86) ParOldGen: 593244K(645120K)->604292K(645120K)
[3.680s][info][gc,metaspace   ] GC(86) Metaspace: 6301K(6464K)->6301K(6464K) NonClass: 5768K(5824K)->5768K(5824K) Class: 533K(640K)->533K(640K)
[3.680s][info][gc             ] GC(86) Pause Young (Allocation Failure) 624M->624M(682M) 25.544ms
[3.680s][info][gc,cpu         ] GC(86) User=0.14s Sys=0.00s Real=0.03s
[3.702s][info][gc,start       ] GC(87) Pause Young (Allocation Failure)
[3.730s][info][gc,heap        ] GC(87) PSYoungGen: 53408K(53760K)->36992K(84992K) Eden: 18432K(18432K)->0K(20992K) From: 34976K(35328K)->36992K(64000K)
[3.730s][info][gc,heap        ] GC(87) ParOldGen: 604292K(645120K)->620900K(645120K)
[3.730s][info][gc,metaspace   ] GC(87) Metaspace: 6301K(6464K)->6301K(6464K) NonClass: 5768K(5824K)->5768K(5824K) Class: 533K(640K)->533K(640K)
[3.730s][info][gc             ] GC(87) Pause Young (Allocation Failure) 642M->642M(713M) 28.598ms
[3.730s][info][gc,cpu         ] GC(87) User=0.12s Sys=0.02s Real=0.03s
[3.730s][info][gc,start       ] GC(88) Pause Full (Ergonomics)
[3.730s][info][gc,phases,start] GC(88) Marking Phase
[3.881s][info][gc,phases      ] GC(88) Marking Phase 150.332ms
[3.881s][info][gc,phases,start] GC(88) Summary Phase
[3.881s][info][gc,phases      ] GC(88) Summary Phase 0.026ms
[3.881s][info][gc,phases,start] GC(88) Adjust Roots
[3.881s][info][gc,phases      ] GC(88) Adjust Roots 0.169ms
[3.881s][info][gc,phases,start] GC(88) Compaction Phase
[3.942s][info][gc,phases      ] GC(88) Compaction Phase 60.646ms
[3.942s][info][gc,phases,start] GC(88) Post Compact
[3.943s][info][gc,phases      ] GC(88) Post Compact 1.110ms
[3.943s][info][gc,heap        ] GC(88) PSYoungGen: 36992K(84992K)->12272K(87552K) Eden: 0K(20992K)->0K(23552K) From: 36992K(64000K)->12272K(64000K)
[3.943s][info][gc,heap        ] GC(88) ParOldGen: 620900K(645120K)->644706K(723968K)
[3.943s][info][gc,metaspace   ] GC(88) Metaspace: 6301K(6464K)->6301K(6464K) NonClass: 5768K(5824K)->5768K(5824K) Class: 533K(640K)->533K(640K)
[3.943s][info][gc             ] GC(88) Pause Full (Ergonomics) 642M->641M(792M) 212.926ms
[3.943s][info][gc,cpu         ] GC(88) User=1.50s Sys=0.00s Real=0.21s
[3.973s][info][gc,start       ] GC(89) Pause Young (Allocation Failure)
[4.018s][info][gc,heap        ] GC(89) PSYoungGen: 35824K(87552K)->29152K(90624K) Eden: 23552K(23552K)->0K(23552K) From: 12272K(64000K)->29152K(67072K)
[4.018s][info][gc,heap        ] GC(89) ParOldGen: 644706K(723968K)->651658K(723968K)
[4.018s][info][gc,metaspace   ] GC(89) Metaspace: 6301K(6464K)->6301K(6464K) NonClass: 5768K(5824K)->5768K(5824K) Class: 533K(640K)->533K(640K)
[4.018s][info][gc             ] GC(89) Pause Young (Allocation Failure) 664M->664M(795M) 45.049ms
[4.018s][info][gc,cpu         ] GC(89) User=0.27s Sys=0.00s Real=0.05s
[4.048s][info][gc,start       ] GC(90) Pause Young (Allocation Failure)
[4.077s][info][gc,heap        ] GC(90) PSYoungGen: 52704K(90624K)->52736K(88576K) Eden: 23552K(23552K)->0K(23040K) From: 29152K(67072K)->52736K(65536K)
[4.077s][info][gc,heap        ] GC(90) ParOldGen: 651658K(723968K)->651658K(723968K)
[4.077s][info][gc,metaspace   ] GC(90) Metaspace: 6301K(6464K)->6301K(6464K) NonClass: 5768K(5824K)->5768K(5824K) Class: 533K(640K)->533K(640K)
[4.077s][info][gc             ] GC(90) Pause Young (Allocation Failure) 687M->687M(793M) 29.073ms
[4.077s][info][gc,cpu         ] GC(90) User=0.22s Sys=0.00s Real=0.03s
[4.268s][info][gc,start       ] GC(91) Pause Young (Allocation Failure)
[4.321s][info][gc,heap        ] GC(91) PSYoungGen: 75776K(88576K)->68608K(91648K) Eden: 23040K(23040K)->0K(23040K) From: 52736K(65536K)->68608K(68608K)
[4.321s][info][gc,heap        ] GC(91) ParOldGen: 684426K(723968K)->691578K(723968K)
[4.321s][info][gc,metaspace   ] GC(91) Metaspace: 6301K(6464K)->6301K(6464K) NonClass: 5768K(5824K)->5768K(5824K) Class: 533K(640K)->533K(640K)
[4.321s][info][gc             ] GC(91) Pause Young (Allocation Failure) 742M->742M(796M) 52.710ms
[4.321s][info][gc,cpu         ] GC(91) User=0.31s Sys=0.00s Real=0.05s
[4.347s][info][gc,start       ] GC(92) Pause Young (Allocation Failure)
[4.392s][info][gc,heap        ] GC(92) PSYoungGen: 91648K(91648K)->66208K(98816K) Eden: 23040K(23040K)->0K(19456K) From: 68608K(68608K)->66208K(79360K)
[4.392s][info][gc,heap        ] GC(92) ParOldGen: 691578K(723968K)->717490K(723968K)
[4.392s][info][gc,metaspace   ] GC(92) Metaspace: 6301K(6464K)->6301K(6464K) NonClass: 5768K(5824K)->5768K(5824K) Class: 533K(640K)->533K(640K)
[4.392s][info][gc             ] GC(92) Pause Young (Allocation Failure) 764M->765M(803M) 45.904ms
[4.392s][info][gc,cpu         ] GC(92) User=0.25s Sys=0.00s Real=0.05s
[4.393s][info][gc,start       ] GC(93) Pause Full (Ergonomics)
[4.393s][info][gc,phases,start] GC(93) Marking Phase
[4.566s][info][gc,phases      ] GC(93) Marking Phase 173.859ms
[4.566s][info][gc,phases,start] GC(93) Summary Phase
[4.566s][info][gc,phases      ] GC(93) Summary Phase 0.033ms
[4.567s][info][gc,phases,start] GC(93) Adjust Roots
[4.567s][info][gc,phases      ] GC(93) Adjust Roots 0.203ms
[4.567s][info][gc,phases,start] GC(93) Compaction Phase
[4.698s][info][gc,phases      ] GC(93) Compaction Phase 131.588ms
[4.698s][info][gc,phases,start] GC(93) Post Compact
[4.700s][info][gc,phases      ] GC(93) Post Compact 1.676ms
[4.701s][info][gc,heap        ] GC(93) PSYoungGen: 66208K(98816K)->42916K(98816K) Eden: 0K(19456K)->0K(19456K) From: 66208K(79360K)->42916K(79360K)
[4.701s][info][gc,heap        ] GC(93) ParOldGen: 717490K(723968K)->723498K(807936K)
[4.701s][info][gc,metaspace   ] GC(93) Metaspace: 6301K(6464K)->6301K(6464K) NonClass: 5768K(5824K)->5768K(5824K) Class: 533K(640K)->533K(640K)
[4.701s][info][gc             ] GC(93) Pause Full (Ergonomics) 765M->748M(885M) 308.063ms
[4.701s][info][gc,cpu         ] GC(93) User=2.08s Sys=0.00s Real=0.31s
[4.723s][info][gc,start       ] GC(94) Pause Young (Allocation Failure)
[4.778s][info][gc,heap        ] GC(94) PSYoungGen: 62372K(98816K)->62592K(104448K) Eden: 19456K(19456K)->0K(19456K) From: 42916K(79360K)->62592K(84992K)
[4.778s][info][gc,heap        ] GC(94) ParOldGen: 723498K(807936K)->723498K(807936K)
[4.778s][info][gc,metaspace   ] GC(94) Metaspace: 6301K(6464K)->6301K(6464K) NonClass: 5768K(5824K)->5768K(5824K) Class: 533K(640K)->533K(640K)
[4.778s][info][gc             ] GC(94) Pause Young (Allocation Failure) 767M->767M(891M) 55.424ms
[4.778s][info][gc,cpu         ] GC(94) User=0.38s Sys=0.00s Real=0.06s
[4.798s][info][gc,start       ] GC(95) Pause Young (Allocation Failure)
[4.836s][info][gc,heap        ] GC(95) PSYoungGen: 82048K(104448K)->82048K(99840K) Eden: 19456K(19456K)->0K(12288K) From: 62592K(84992K)->82048K(87552K)
[4.836s][info][gc,heap        ] GC(95) ParOldGen: 723498K(807936K)->723498K(807936K)
[4.836s][info][gc,metaspace   ] GC(95) Metaspace: 6301K(6464K)->6301K(6464K) NonClass: 5768K(5824K)->5768K(5824K) Class: 533K(640K)->533K(640K)
[4.836s][info][gc             ] GC(95) Pause Young (Allocation Failure) 786M->786M(886M) 38.286ms
[4.836s][info][gc,cpu         ] GC(95) User=0.19s Sys=0.08s Real=0.04s
[4.849s][info][gc,start       ] GC(96) Pause Young (Allocation Failure)
[4.891s][info][gc,heap        ] GC(96) PSYoungGen: 94336K(99840K)->80992K(109056K) Eden: 12288K(12288K)->0K(12288K) From: 82048K(87552K)->80992K(96768K)
[4.891s][info][gc,heap        ] GC(96) ParOldGen: 723498K(807936K)->737058K(807936K)
[4.892s][info][gc,metaspace   ] GC(96) Metaspace: 6301K(6464K)->6301K(6464K) NonClass: 5768K(5824K)->5768K(5824K) Class: 533K(640K)->533K(640K)
[4.892s][info][gc             ] GC(96) Pause Young (Allocation Failure) 798M->798M(895M) 42.706ms
[4.892s][info][gc,cpu         ] GC(96) User=0.23s Sys=0.02s Real=0.04s
[4.904s][info][gc,start       ] GC(97) Pause Young (Allocation Failure)
[4.946s][info][gc,heap        ] GC(97) PSYoungGen: 93280K(109056K)->63616K(115712K) Eden: 12288K(12288K)->0K(13824K) From: 80992K(96768K)->63616K(101888K)
[4.946s][info][gc,heap        ] GC(97) ParOldGen: 737058K(807936K)->767026K(807936K)
[4.946s][info][gc,metaspace   ] GC(97) Metaspace: 6301K(6464K)->6301K(6464K) NonClass: 5768K(5824K)->5768K(5824K) Class: 533K(640K)->533K(640K)
[4.946s][info][gc             ] GC(97) Pause Young (Allocation Failure) 810M->811M(902M) 42.672ms
[4.946s][info][gc,cpu         ] GC(97) User=0.23s Sys=0.03s Real=0.04s
[4.961s][info][gc,start       ] GC(98) Pause Young (Allocation Failure)
[4.999s][info][gc,heap        ] GC(98) PSYoungGen: 77440K(115712K)->38496K(52736K) Eden: 13824K(13824K)->0K(13824K) From: 63616K(101888K)->38496K(38912K)
[4.999s][info][gc,heap        ] GC(98) ParOldGen: 767026K(807936K)->806426K(807936K)
[4.999s][info][gc,metaspace   ] GC(98) Metaspace: 6301K(6464K)->6301K(6464K) NonClass: 5768K(5824K)->5768K(5824K) Class: 533K(640K)->533K(640K)
[4.999s][info][gc             ] GC(98) Pause Young (Allocation Failure) 824M->825M(840M) 37.185ms
[4.999s][info][gc,cpu         ] GC(98) User=0.23s Sys=0.02s Real=0.04s
[4.999s][info][gc,start       ] GC(99) Pause Full (Ergonomics)
[4.999s][info][gc,phases,start] GC(99) Marking Phase
[5.176s][info][gc,phases      ] GC(99) Marking Phase 177.233ms
[5.176s][info][gc,phases,start] GC(99) Summary Phase
[5.176s][info][gc,phases      ] GC(99) Summary Phase 0.023ms
[5.176s][info][gc,phases,start] GC(99) Adjust Roots
[5.176s][info][gc,phases      ] GC(99) Adjust Roots 0.152ms
[5.176s][info][gc,phases,start] GC(99) Compaction Phase
[5.262s][info][gc,phases      ] GC(99) Compaction Phase 86.197ms
[5.263s][info][gc,phases,start] GC(99) Post Compact
[5.264s][info][gc,phases      ] GC(99) Post Compact 1.499ms
[5.264s][info][gc,heap        ] GC(99) PSYoungGen: 38496K(52736K)->35747K(52736K) Eden: 0K(13824K)->0K(13824K) From: 38496K(38912K)->35747K(38912K)
[5.264s][info][gc,heap        ] GC(99) ParOldGen: 806426K(807936K)->807815K(908288K)
[5.264s][info][gc,metaspace   ] GC(99) Metaspace: 6301K(6464K)->6301K(6464K) NonClass: 5768K(5824K)->5768K(5824K) Class: 533K(640K)->533K(640K)
[5.265s][info][gc             ] GC(99) Pause Full (Ergonomics) 825M->823M(938M) 265.760ms
[5.265s][info][gc,cpu         ] GC(99) User=1.89s Sys=0.00s Real=0.27s
[5.280s][info][gc,start       ] GC(100) Pause Young (Allocation Failure)
[5.334s][info][gc,heap        ] GC(100) PSYoungGen: 49571K(52736K)->26752K(115200K) Eden: 13824K(13824K)->0K(15872K) From: 35747K(38912K)->26752K(99328K)
[5.334s][info][gc,heap        ] GC(100) ParOldGen: 807815K(908288K)->831159K(908288K)
[5.334s][info][gc,metaspace   ] GC(100) Metaspace: 6301K(6464K)->6301K(6464K) NonClass: 5768K(5824K)->5768K(5824K) Class: 533K(640K)->533K(640K)
[5.334s][info][gc             ] GC(100) Pause Young (Allocation Failure) 837M->837M(999M) 54.326ms
[5.334s][info][gc,cpu         ] GC(100) User=0.39s Sys=0.00s Real=0.05s
[5.351s][info][gc,start       ] GC(101) Pause Young (Allocation Failure)
[5.373s][info][gc,heap        ] GC(101) PSYoungGen: 42624K(115200K)->29792K(115712K) Eden: 15872K(15872K)->0K(15872K) From: 26752K(99328K)->29792K(99840K)
[5.373s][info][gc,heap        ] GC(101) ParOldGen: 831159K(908288K)->844111K(908288K)
[5.374s][info][gc,metaspace   ] GC(101) Metaspace: 6301K(6464K)->6301K(6464K) NonClass: 5768K(5824K)->5768K(5824K) Class: 533K(640K)->533K(640K)
[5.374s][info][gc             ] GC(101) Pause Young (Allocation Failure) 853M->853M(1000M) 22.887ms
[5.374s][info][gc,cpu         ] GC(101) User=0.12s Sys=0.00s Real=0.02s
[5.391s][info][gc,start       ] GC(102) Pause Young (Allocation Failure)
[5.415s][info][gc,heap        ] GC(102) PSYoungGen: 45664K(115712K)->31840K(112128K) Eden: 15872K(15872K)->0K(17920K) From: 29792K(99840K)->31840K(94208K)
[5.415s][info][gc,heap        ] GC(102) ParOldGen: 844111K(908288K)->858127K(908288K)
[5.415s][info][gc,metaspace   ] GC(102) Metaspace: 6301K(6464K)->6301K(6464K) NonClass: 5768K(5824K)->5768K(5824K) Class: 533K(640K)->533K(640K)
[5.415s][info][gc             ] GC(102) Pause Young (Allocation Failure) 868M->869M(996M) 24.587ms
[5.415s][info][gc,cpu         ] GC(102) User=0.12s Sys=0.02s Real=0.02s
[5.435s][info][gc,start       ] GC(103) Pause Young (Allocation Failure)
[5.462s][info][gc,heap        ] GC(103) PSYoungGen: 49760K(112128K)->18112K(114176K) Eden: 17920K(17920K)->0K(17920K) From: 31840K(94208K)->18112K(96256K)
[5.462s][info][gc,heap        ] GC(103) ParOldGen: 858127K(908288K)->890271K(908288K)
[5.462s][info][gc,metaspace   ] GC(103) Metaspace: 6301K(6464K)->6301K(6464K) NonClass: 5768K(5824K)->5768K(5824K) Class: 533K(640K)->533K(640K)
[5.462s][info][gc             ] GC(103) Pause Young (Allocation Failure) 886M->887M(998M) 27.288ms
[5.462s][info][gc,cpu         ] GC(103) User=0.12s Sys=0.02s Real=0.03s
[5.462s][info][gc,start       ] GC(104) Pause Full (Ergonomics)
[5.462s][info][gc,phases,start] GC(104) Marking Phase
[5.658s][info][gc,phases      ] GC(104) Marking Phase 196.407ms
[5.658s][info][gc,phases,start] GC(104) Summary Phase
[5.658s][info][gc,phases      ] GC(104) Summary Phase 0.036ms
[5.658s][info][gc,phases,start] GC(104) Adjust Roots
[5.659s][info][gc,phases      ] GC(104) Adjust Roots 0.148ms
[5.659s][info][gc,phases,start] GC(104) Compaction Phase
[5.744s][info][gc,phases      ] GC(104) Compaction Phase 85.469ms
[5.744s][info][gc,phases,start] GC(104) Post Compact
[5.746s][info][gc,phases      ] GC(104) Post Compact 1.642ms
[5.746s][info][gc,heap        ] GC(104) PSYoungGen: 18112K(114176K)->0K(115712K) Eden: 0K(17920K)->0K(19968K) From: 18112K(96256K)->0K(95744K)
[5.746s][info][gc,heap        ] GC(104) ParOldGen: 890271K(908288K)->906927K(1013248K)
[5.746s][info][gc,metaspace   ] GC(104) Metaspace: 6301K(6464K)->6301K(6464K) NonClass: 5768K(5824K)->5768K(5824K) Class: 533K(640K)->533K(640K)
[5.746s][info][gc             ] GC(104) Pause Full (Ergonomics) 887M->885M(1102M) 284.487ms
[5.746s][info][gc,cpu         ] GC(104) User=1.92s Sys=0.11s Real=0.28s
[5.770s][info][gc,start       ] GC(105) Pause Young (Allocation Failure)
[5.785s][info][gc,heap        ] GC(105) PSYoungGen: 19968K(115712K)->20096K(115712K) Eden: 19968K(19968K)->0K(19968K) From: 0K(95744K)->20096K(95744K)
[5.785s][info][gc,heap        ] GC(105) ParOldGen: 906927K(1013248K)->906927K(1013248K)
[5.785s][info][gc,metaspace   ] GC(105) Metaspace: 6301K(6464K)->6301K(6464K) NonClass: 5768K(5824K)->5768K(5824K) Class: 533K(640K)->533K(640K)
[5.785s][info][gc             ] GC(105) Pause Young (Allocation Failure) 905M->905M(1102M) 14.990ms
[5.786s][info][gc,cpu         ] GC(105) User=0.00s Sys=0.00s Real=0.01s
[5.809s][info][gc,start       ] GC(106) Pause Young (Allocation Failure)
[5.832s][info][gc,heap        ] GC(106) PSYoungGen: 40064K(115712K)->40096K(106496K) Eden: 19968K(19968K)->0K(22016K) From: 20096K(95744K)->40096K(84480K)
[5.832s][info][gc,heap        ] GC(106) ParOldGen: 906927K(1013248K)->906927K(1013248K)
[5.832s][info][gc,metaspace   ] GC(106) Metaspace: 6301K(6464K)->6301K(6464K) NonClass: 5768K(5824K)->5768K(5824K) Class: 533K(640K)->533K(640K)
[5.832s][info][gc             ] GC(106) Pause Young (Allocation Failure) 924M->924M(1093M) 22.880ms
[5.832s][info][gc,cpu         ] GC(106) User=0.14s Sys=0.00s Real=0.02s
[5.856s][info][gc,start       ] GC(107) Pause Young (Allocation Failure)
[5.887s][info][gc,heap        ] GC(107) PSYoungGen: 62112K(106496K)->62048K(111616K) Eden: 22016K(22016K)->0K(22016K) From: 40096K(84480K)->62048K(89600K)
[5.887s][info][gc,heap        ] GC(107) ParOldGen: 906927K(1013248K)->906927K(1013248K)
[5.887s][info][gc,metaspace   ] GC(107) Metaspace: 6301K(6464K)->6301K(6464K) NonClass: 5768K(5824K)->5768K(5824K) Class: 533K(640K)->533K(640K)
[5.887s][info][gc             ] GC(107) Pause Young (Allocation Failure) 946M->946M(1098M) 30.589ms
[5.887s][info][gc,cpu         ] GC(107) User=0.14s Sys=0.00s Real=0.03s
[5.911s][info][gc,start       ] GC(108) Pause Young (Allocation Failure)
[5.951s][info][gc,heap        ] GC(108) PSYoungGen: 84064K(111616K)->64192K(114688K) Eden: 22016K(22016K)->0K(22016K) From: 62048K(89600K)->64192K(92672K)
[5.951s][info][gc,heap        ] GC(108) ParOldGen: 906927K(1013248K)->927159K(1013248K)
[5.951s][info][gc,metaspace   ] GC(108) Metaspace: 6301K(6464K)->6301K(6464K) NonClass: 5768K(5824K)->5768K(5824K) Class: 533K(640K)->533K(640K)
[5.951s][info][gc             ] GC(108) Pause Young (Allocation Failure) 967M->968M(1101M) 39.990ms
[5.951s][info][gc,cpu         ] GC(108) User=0.25s Sys=0.00s Real=0.04s
[5.976s][info][gc,start       ] GC(109) Pause Young (Allocation Failure)
[6.017s][info][gc,heap        ] GC(109) PSYoungGen: 86208K(114688K)->66208K(117248K) Eden: 22016K(22016K)->0K(22016K) From: 64192K(92672K)->66208K(95232K)
[6.017s][info][gc,heap        ] GC(109) ParOldGen: 927159K(1013248K)->947415K(1013248K)
[6.017s][info][gc,metaspace   ] GC(109) Metaspace: 6301K(6464K)->6301K(6464K) NonClass: 5768K(5824K)->5768K(5824K) Class: 533K(640K)->533K(640K)
[6.017s][info][gc             ] GC(109) Pause Young (Allocation Failure) 989M->989M(1104M) 41.370ms
[6.017s][info][gc,cpu         ] GC(109) User=0.22s Sys=0.03s Real=0.04s
[6.042s][info][gc,start       ] GC(110) Pause Young (Allocation Failure)
[6.086s][info][gc,heap        ] GC(110) PSYoungGen: 88224K(117248K)->66240K(121344K) Eden: 22016K(22016K)->0K(23040K) From: 66208K(95232K)->66240K(98304K)
[6.086s][info][gc,heap        ] GC(110) ParOldGen: 947415K(1013248K)->969727K(1013248K)
[6.086s][info][gc,metaspace   ] GC(110) Metaspace: 6301K(6464K)->6301K(6464K) NonClass: 5768K(5824K)->5768K(5824K) Class: 533K(640K)->533K(640K)
[6.086s][info][gc             ] GC(110) Pause Young (Allocation Failure) 1011M->1011M(1108M) 44.583ms
[6.086s][info][gc,cpu         ] GC(110) User=0.25s Sys=0.02s Real=0.05s
[6.113s][info][gc,start       ] GC(111) Pause Young (Allocation Failure)
[6.159s][info][gc,heap        ] GC(111) PSYoungGen: 89280K(121344K)->45184K(68608K) Eden: 23040K(23040K)->0K(23040K) From: 66240K(98304K)->45184K(45568K)
[6.159s][info][gc,heap        ] GC(111) ParOldGen: 969727K(1013248K)->1014351K(1014784K)
[6.159s][info][gc,metaspace   ] GC(111) Metaspace: 6301K(6464K)->6301K(6464K) NonClass: 5768K(5824K)->5768K(5824K) Class: 533K(640K)->533K(640K)
[6.159s][info][gc             ] GC(111) Pause Young (Allocation Failure) 1034M->1034M(1058M) 45.247ms
[6.159s][info][gc,cpu         ] GC(111) User=0.23s Sys=0.02s Real=0.05s
[6.159s][info][gc,start       ] GC(112) Pause Full (Ergonomics)
[6.159s][info][gc,phases,start] GC(112) Marking Phase
[6.393s][info][gc,phases      ] GC(112) Marking Phase 234.195ms
[6.393s][info][gc,phases,start] GC(112) Summary Phase
[6.393s][info][gc,phases      ] GC(112) Summary Phase 0.025ms
[6.393s][info][gc,phases,start] GC(112) Adjust Roots
[6.393s][info][gc,phases      ] GC(112) Adjust Roots 0.148ms
[6.393s][info][gc,phases,start] GC(112) Compaction Phase
[6.493s][info][gc,phases      ] GC(112) Compaction Phase 99.871ms
[6.493s][info][gc,phases,start] GC(112) Post Compact
[6.495s][info][gc,phases      ] GC(112) Post Compact 1.960ms
[6.496s][info][gc,heap        ] GC(112) PSYoungGen: 45184K(68608K)->43464K(68608K) Eden: 0K(23040K)->0K(23040K) From: 45184K(45568K)->43464K(45568K)
[6.496s][info][gc,heap        ] GC(112) ParOldGen: 1014351K(1014784K)->1014287K(1132544K)
[6.496s][info][gc,metaspace   ] GC(112) Metaspace: 6301K(6464K)->6301K(6464K) NonClass: 5768K(5824K)->5768K(5824K) Class: 533K(640K)->533K(640K)
[6.496s][info][gc             ] GC(112) Pause Full (Ergonomics) 1034M->1032M(1173M) 337.066ms
[6.496s][info][gc,cpu         ] GC(112) User=2.33s Sys=0.00s Real=0.34s
[6.524s][info][gc,start       ] GC(113) Pause Young (Allocation Failure)
[6.596s][info][gc,heap        ] GC(113) PSYoungGen: 66504K(68608K)->23232K(119808K) Eden: 23040K(23040K)->0K(25600K) From: 43464K(45568K)->23232K(94208K)
[6.596s][info][gc,heap        ] GC(113) ParOldGen: 1014287K(1132544K)->1058367K(1132544K)
[6.596s][info][gc,metaspace   ] GC(113) Metaspace: 6301K(6464K)->6301K(6464K) NonClass: 5768K(5824K)->5768K(5824K) Class: 533K(640K)->533K(640K)
[6.596s][info][gc             ] GC(113) Pause Young (Allocation Failure) 1055M->1056M(1223M) 72.750ms
[6.597s][info][gc,cpu         ] GC(113) User=0.48s Sys=0.02s Real=0.07s
[6.626s][info][gc,start       ] GC(114) Pause Young (Allocation Failure)
[6.654s][info][gc,heap        ] GC(114) PSYoungGen: 48832K(119808K)->25760K(120832K) Eden: 25600K(25600K)->0K(25600K) From: 23232K(94208K)->25760K(95232K)
[6.654s][info][gc,heap        ] GC(114) ParOldGen: 1058367K(1132544K)->1081727K(1132544K)
[6.654s][info][gc,metaspace   ] GC(114) Metaspace: 6301K(6464K)->6301K(6464K) NonClass: 5768K(5824K)->5768K(5824K) Class: 533K(640K)->533K(640K)
[6.654s][info][gc             ] GC(114) Pause Young (Allocation Failure) 1081M->1081M(1224M) 28.344ms
[6.654s][info][gc,cpu         ] GC(114) User=0.14s Sys=0.00s Real=0.03s
[6.654s][info][gc,start       ] GC(115) Pause Full (Ergonomics)
[6.654s][info][gc,phases,start] GC(115) Marking Phase
[6.888s][info][gc,phases      ] GC(115) Marking Phase 233.816ms
[6.888s][info][gc,phases,start] GC(115) Summary Phase
[6.888s][info][gc,phases      ] GC(115) Summary Phase 0.037ms
[6.888s][info][gc,phases,start] GC(115) Adjust Roots
[6.888s][info][gc,phases      ] GC(115) Adjust Roots 0.149ms
[6.888s][info][gc,phases,start] GC(115) Compaction Phase
[6.974s][info][gc,phases      ] GC(115) Compaction Phase 85.362ms
[6.974s][info][gc,phases,start] GC(115) Post Compact
[6.975s][info][gc,phases      ] GC(115) Post Compact 1.815ms
[6.976s][info][gc,heap        ] GC(115) PSYoungGen: 25760K(120832K)->0K(122368K) Eden: 0K(25600K)->0K(28160K) From: 25760K(95232K)->0K(94208K)
[6.976s][info][gc,heap        ] GC(115) ParOldGen: 1081727K(1132544K)->1106333K(1236480K)
[6.976s][info][gc,metaspace   ] GC(115) Metaspace: 6301K(6464K)->6301K(6464K) NonClass: 5768K(5824K)->5768K(5824K) Class: 533K(640K)->533K(640K)
[6.976s][info][gc             ] GC(115) Pause Full (Ergonomics) 1081M->1080M(1327M) 321.842ms
[6.976s][info][gc,cpu         ] GC(115) User=2.41s Sys=0.00s Real=0.32s
[7.008s][info][gc,start       ] GC(116) Pause Young (Allocation Failure)
[7.026s][info][gc,heap        ] GC(116) PSYoungGen: 28160K(122368K)->28288K(122368K) Eden: 28160K(28160K)->0K(28160K) From: 0K(94208K)->28288K(94208K)
[7.026s][info][gc,heap        ] GC(116) ParOldGen: 1106333K(1236480K)->1106333K(1236480K)
[7.026s][info][gc,metaspace   ] GC(116) Metaspace: 6301K(6464K)->6301K(6464K) NonClass: 5768K(5824K)->5768K(5824K) Class: 533K(640K)->533K(640K)
[7.026s][info][gc             ] GC(116) Pause Young (Allocation Failure) 1107M->1108M(1327M) 18.429ms
[7.026s][info][gc,cpu         ] GC(116) User=0.03s Sys=0.00s Real=0.02s
[7.057s][info][gc,start       ] GC(117) Pause Young (Allocation Failure)
[7.087s][info][gc,heap        ] GC(117) PSYoungGen: 56448K(122368K)->56544K(121856K) Eden: 28160K(28160K)->0K(30208K) From: 28288K(94208K)->56544K(91648K)
[7.087s][info][gc,heap        ] GC(117) ParOldGen: 1106333K(1236480K)->1106333K(1236480K)
[7.087s][info][gc,metaspace   ] GC(117) Metaspace: 6301K(6464K)->6301K(6464K) NonClass: 5768K(5824K)->5768K(5824K) Class: 533K(640K)->533K(640K)
[7.087s][info][gc             ] GC(117) Pause Young (Allocation Failure) 1135M->1135M(1326M) 29.569ms
[7.087s][info][gc,cpu         ] GC(117) User=0.14s Sys=0.00s Real=0.03s
[7.121s][info][gc,start       ] GC(118) Pause Young (Allocation Failure)
[7.163s][info][gc,heap        ] GC(118) PSYoungGen: 86752K(121856K)->86752K(122368K) Eden: 30208K(30208K)->0K(30208K) From: 56544K(91648K)->86752K(92160K)
[7.163s][info][gc,heap        ] GC(118) ParOldGen: 1106333K(1236480K)->1106333K(1236480K)
[7.163s][info][gc,metaspace   ] GC(118) Metaspace: 6301K(6464K)->6301K(6464K) NonClass: 5768K(5824K)->5768K(5824K) Class: 533K(640K)->533K(640K)
[7.163s][info][gc             ] GC(118) Pause Young (Allocation Failure) 1165M->1165M(1327M) 42.112ms
[7.163s][info][gc,cpu         ] GC(118) User=0.27s Sys=0.00s Real=0.04s
[7.198s][info][gc,start       ] GC(119) Pause Young (Allocation Failure)
[7.263s][info][gc,heap        ] GC(119) PSYoungGen: 116960K(122368K)->102912K(116224K) Eden: 30208K(30208K)->0K(13312K) From: 86752K(92160K)->102912K(102912K)
[7.263s][info][gc,heap        ] GC(119) ParOldGen: 1106333K(1236480K)->1120461K(1236480K)
[7.263s][info][gc,metaspace   ] GC(119) Metaspace: 6301K(6464K)->6301K(6464K) NonClass: 5768K(5824K)->5768K(5824K) Class: 533K(640K)->533K(640K)
[7.263s][info][gc             ] GC(119) Pause Young (Allocation Failure) 1194M->1194M(1321M) 64.609ms
[7.263s][info][gc,cpu         ] GC(119) User=0.36s Sys=0.05s Real=0.07s
[7.279s][info][gc,start       ] GC(120) Pause Young (Allocation Failure)
[7.340s][info][gc,heap        ] GC(120) PSYoungGen: 116224K(116224K)->67296K(136192K) Eden: 13312K(13312K)->0K(13312K) From: 102912K(102912K)->67296K(122880K)
[7.340s][info][gc,heap        ] GC(120) ParOldGen: 1120461K(1236480K)->1170101K(1236480K)
[7.340s][info][gc,metaspace   ] GC(120) Metaspace: 6301K(6464K)->6301K(6464K) NonClass: 5768K(5824K)->5768K(5824K) Class: 533K(640K)->533K(640K)
[7.340s][info][gc             ] GC(120) Pause Young (Allocation Failure) 1207M->1208M(1340M) 60.783ms
[7.340s][info][gc,cpu         ] GC(120) User=0.31s Sys=0.08s Real=0.06s
[7.355s][info][gc,start       ] GC(121) Pause Young (Allocation Failure)
[7.398s][info][gc,heap        ] GC(121) PSYoungGen: 80608K(136192K)->53984K(123904K) Eden: 13312K(13312K)->0K(15360K) From: 67296K(122880K)->53984K(108544K)
[7.398s][info][gc,heap        ] GC(121) ParOldGen: 1170101K(1236480K)->1196989K(1236480K)
[7.398s][info][gc,metaspace   ] GC(121) Metaspace: 6301K(6464K)->6301K(6464K) NonClass: 5768K(5824K)->5768K(5824K) Class: 533K(640K)->533K(640K)
[7.398s][info][gc             ] GC(121) Pause Young (Allocation Failure) 1221M->1221M(1328M) 42.796ms
[7.398s][info][gc,cpu         ] GC(121) User=0.23s Sys=0.03s Real=0.04s
[7.398s][info][gc,start       ] GC(122) Pause Full (Ergonomics)
[7.398s][info][gc,phases,start] GC(122) Marking Phase
[7.704s][info][gc,phases      ] GC(122) Marking Phase 305.685ms
[7.704s][info][gc,phases,start] GC(122) Summary Phase
[7.704s][info][gc,phases      ] GC(122) Summary Phase 0.035ms
[7.704s][info][gc,phases,start] GC(122) Adjust Roots
[7.704s][info][gc,phases      ] GC(122) Adjust Roots 0.177ms
[7.704s][info][gc,phases,start] GC(122) Compaction Phase
[7.812s][info][gc,phases      ] GC(122) Compaction Phase 107.673ms
[7.812s][info][gc,phases,start] GC(122) Post Compact
[7.814s][info][gc,phases      ] GC(122) Post Compact 2.129ms
[7.815s][info][gc,heap        ] GC(122) PSYoungGen: 53984K(123904K)->13434K(125952K) Eden: 0K(15360K)->0K(17408K) From: 53984K(108544K)->13434K(108544K)
[7.815s][info][gc,heap        ] GC(122) ParOldGen: 1196989K(1236480K)->1236056K(1376256K)
[7.815s][info][gc,metaspace   ] GC(122) Metaspace: 6301K(6464K)->6301K(6464K) NonClass: 5768K(5824K)->5768K(5824K) Class: 533K(640K)->533K(640K)
[7.815s][info][gc             ] GC(122) Pause Full (Ergonomics) 1221M->1220M(1467M) 416.545ms
[7.815s][info][gc,cpu         ] GC(122) User=3.22s Sys=0.00s Real=0.42s
[7.835s][info][gc,start       ] GC(123) Pause Young (Allocation Failure)
[7.904s][info][gc,heap        ] GC(123) PSYoungGen: 30842K(125952K)->22016K(132096K) Eden: 17408K(17408K)->0K(17408K) From: 13434K(108544K)->22016K(114688K)
[7.904s][info][gc,heap        ] GC(123) ParOldGen: 1236056K(1376256K)->1245200K(1376256K)
[7.904s][info][gc,metaspace   ] GC(123) Metaspace: 6301K(6464K)->6301K(6464K) NonClass: 5768K(5824K)->5768K(5824K) Class: 533K(640K)->533K(640K)
[7.905s][info][gc             ] GC(123) Pause Young (Allocation Failure) 1237M->1237M(1473M) 69.191ms
[7.905s][info][gc,cpu         ] GC(123) User=0.39s Sys=0.00s Real=0.07s
[7.925s][info][gc,start       ] GC(124) Pause Young (Allocation Failure)
[7.949s][info][gc,heap        ] GC(124) PSYoungGen: 39424K(132096K)->34912K(128000K) Eden: 17408K(17408K)->0K(19456K) From: 22016K(114688K)->34912K(108544K)
[7.949s][info][gc,heap        ] GC(124) ParOldGen: 1245200K(1376256K)->1249736K(1376256K)
[7.949s][info][gc,metaspace   ] GC(124) Metaspace: 6301K(6464K)->6301K(6464K) NonClass: 5768K(5824K)->5768K(5824K) Class: 533K(640K)->533K(640K)
[7.949s][info][gc             ] GC(124) Pause Young (Allocation Failure) 1254M->1254M(1469M) 24.300ms
[7.949s][info][gc,cpu         ] GC(124) User=0.08s Sys=0.05s Real=0.02s
[7.975s][info][gc,start       ] GC(125) Pause Young (Allocation Failure)
[8.005s][info][gc,heap        ] GC(125) PSYoungGen: 54368K(128000K)->35744K(55296K) Eden: 19456K(19456K)->0K(19456K) From: 34912K(108544K)->35744K(35840K)
[8.005s][info][gc,heap        ] GC(125) ParOldGen: 1249736K(1376256K)->1267392K(1376256K)
[8.005s][info][gc,metaspace   ] GC(125) Metaspace: 6301K(6464K)->6301K(6464K) NonClass: 5768K(5824K)->5768K(5824K) Class: 533K(640K)->533K(640K)
[8.005s][info][gc             ] GC(125) Pause Young (Allocation Failure) 1273M->1272M(1398M) 30.082ms
[8.005s][info][gc,cpu         ] GC(125) User=0.14s Sys=0.00s Real=0.03s
[8.020s][info][gc,start       ] GC(126) Pause Young (Allocation Failure)
[8.047s][info][gc,heap        ] GC(126) PSYoungGen: 55200K(55296K)->28448K(125952K) Eden: 19456K(19456K)->0K(22016K) From: 35744K(35840K)->28448K(103936K)
[8.047s][info][gc,heap        ] GC(126) ParOldGen: 1267392K(1376256K)->1285040K(1376256K)
[8.047s][info][gc,metaspace   ] GC(126) Metaspace: 6301K(6464K)->6301K(6464K) NonClass: 5768K(5824K)->5768K(5824K) Class: 533K(640K)->533K(640K)
[8.047s][info][gc             ] GC(126) Pause Young (Allocation Failure) 1291M->1282M(1467M) 26.726ms
[8.047s][info][gc,cpu         ] GC(126) User=0.08s Sys=0.05s Real=0.03s
[8.065s][info][gc,start       ] GC(127) Pause Young (Allocation Failure)
[8.091s][info][gc,heap        ] GC(127) PSYoungGen: 50464K(125952K)->22816K(128000K) Eden: 22016K(22016K)->0K(22016K) From: 28448K(103936K)->22816K(105984K)
[8.091s][info][gc,heap        ] GC(127) ParOldGen: 1285040K(1376256K)->1303560K(1376256K)
[8.091s][info][gc,metaspace   ] GC(127) Metaspace: 6301K(6464K)->6301K(6464K) NonClass: 5768K(5824K)->5768K(5824K) Class: 533K(640K)->533K(640K)
[8.091s][info][gc             ] GC(127) Pause Young (Allocation Failure) 1304M->1295M(1469M) 25.553ms
[8.091s][info][gc,cpu         ] GC(127) User=0.11s Sys=0.00s Real=0.03s
[8.119s][info][gc,start       ] GC(128) Pause Young (Allocation Failure)
[8.147s][info][gc,heap        ] GC(128) PSYoungGen: 44832K(128000K)->34784K(120320K) Eden: 22016K(22016K)->0K(24576K) From: 22816K(105984K)->34784K(95744K)
[8.147s][info][gc,heap        ] GC(128) ParOldGen: 1303560K(1376256K)->1313808K(1376256K)
[8.147s][info][gc,metaspace   ] GC(128) Metaspace: 6301K(6464K)->6301K(6464K) NonClass: 5768K(5824K)->5768K(5824K) Class: 533K(640K)->533K(640K)
[8.147s][info][gc             ] GC(128) Pause Young (Allocation Failure) 1316M->1316M(1461M) 27.934ms
[8.147s][info][gc,cpu         ] GC(128) User=0.09s Sys=0.00s Real=0.03s
[8.177s][info][gc,start       ] GC(129) Pause Young (Allocation Failure)
[8.211s][info][gc,heap        ] GC(129) PSYoungGen: 59360K(120320K)->46720K(71680K) Eden: 24576K(24576K)->0K(24576K) From: 34784K(95744K)->46720K(47104K)
[8.211s][info][gc,heap        ] GC(129) ParOldGen: 1313808K(1376256K)->1326616K(1376256K)
[8.211s][info][gc,metaspace   ] GC(129) Metaspace: 6301K(6464K)->6301K(6464K) NonClass: 5768K(5824K)->5768K(5824K) Class: 533K(640K)->533K(640K)
[8.211s][info][gc             ] GC(129) Pause Young (Allocation Failure) 1340M->1341M(1414M) 34.163ms
[8.211s][info][gc,cpu         ] GC(129) User=0.14s Sys=0.02s Real=0.04s
[8.244s][info][gc,start       ] GC(130) Pause Young (Allocation Failure)
[8.283s][info][gc,heap        ] GC(130) PSYoungGen: 71296K(71680K)->49312K(116736K) Eden: 24576K(24576K)->0K(27648K) From: 46720K(47104K)->49312K(89088K)
[8.283s][info][gc,heap        ] GC(130) ParOldGen: 1326616K(1376256K)->1348944K(1376256K)
[8.283s][info][gc,metaspace   ] GC(130) Metaspace: 6301K(6464K)->6301K(6464K) NonClass: 5768K(5824K)->5768K(5824K) Class: 533K(640K)->533K(640K)
[8.283s][info][gc             ] GC(130) Pause Young (Allocation Failure) 1365M->1365M(1458M) 39.327ms
[8.283s][info][gc,cpu         ] GC(130) User=0.23s Sys=0.02s Real=0.04s
[8.283s][info][gc,start       ] GC(131) Pause Full (Ergonomics)
[8.283s][info][gc,phases,start] GC(131) Marking Phase
[8.596s][info][gc,phases      ] GC(131) Marking Phase 312.675ms
[8.596s][info][gc,phases,start] GC(131) Summary Phase
[8.596s][info][gc,phases      ] GC(131) Summary Phase 0.034ms
[8.596s][info][gc,phases,start] GC(131) Adjust Roots
[8.596s][info][gc,phases      ] GC(131) Adjust Roots 0.251ms
[8.596s][info][gc,phases,start] GC(131) Compaction Phase
[8.963s][info][gc,phases      ] GC(131) Compaction Phase 367.121ms
[8.963s][info][gc,phases,start] GC(131) Post Compact
[8.966s][info][gc,phases      ] GC(131) Post Compact 2.819ms
[8.967s][info][gc,heap        ] GC(131) PSYoungGen: 49312K(116736K)->19967K(119808K) Eden: 0K(27648K)->0K(30720K) From: 49312K(89088K)->19967K(89088K)
[8.967s][info][gc,heap        ] GC(131) ParOldGen: 1348944K(1376256K)->1376229K(1511936K)
[8.967s][info][gc,metaspace   ] GC(131) Metaspace: 6301K(6464K)->6301K(6464K) NonClass: 5768K(5824K)->5768K(5824K) Class: 533K(640K)->533K(640K)
[8.967s][info][gc             ] GC(131) Pause Full (Ergonomics) 1365M->1363M(1593M) 683.803ms
[8.967s][info][gc,cpu         ] GC(131) User=4.89s Sys=0.00s Real=0.68s
[9.281s][info][gc,start       ] GC(132) Pause Young (Allocation Failure)
[9.362s][info][gc,heap        ] GC(132) PSYoungGen: 50687K(119808K)->39296K(70144K) Eden: 30720K(30720K)->0K(30720K) From: 19967K(89088K)->39296K(39424K)
[9.362s][info][gc,heap        ] GC(132) ParOldGen: 1441765K(1511936K)->1453509K(1511936K)
[9.362s][info][gc,metaspace   ] GC(132) Metaspace: 6301K(6464K)->6301K(6464K) NonClass: 5768K(5824K)->5768K(5824K) Class: 533K(640K)->533K(640K)
[9.362s][info][gc             ] GC(132) Pause Young (Allocation Failure) 1457M->1457M(1545M) 81.480ms
[9.362s][info][gc,cpu         ] GC(132) User=0.52s Sys=0.00s Real=0.08s
[9.391s][info][gc,start       ] GC(133) Pause Young (Allocation Failure)
[9.427s][info][gc,heap        ] GC(133) PSYoungGen: 70016K(70144K)->70048K(117248K) Eden: 30720K(30720K)->0K(28672K) From: 39296K(39424K)->70048K(88576K)
[9.428s][info][gc,heap        ] GC(133) ParOldGen: 1453509K(1511936K)->1453509K(1511936K)
[9.428s][info][gc,metaspace   ] GC(133) Metaspace: 6301K(6464K)->6301K(6464K) NonClass: 5768K(5824K)->5768K(5824K) Class: 533K(640K)->533K(640K)
[9.428s][info][gc             ] GC(133) Pause Young (Allocation Failure) 1487M->1487M(1591M) 36.514ms
[9.428s][info][gc,cpu         ] GC(133) User=0.28s Sys=0.00s Real=0.04s
[9.454s][info][gc,start       ] GC(134) Pause Young (Allocation Failure)
[9.504s][info][gc,heap        ] GC(134) PSYoungGen: 98720K(117248K)->93696K(122368K) Eden: 28672K(28672K)->0K(28672K) From: 70048K(88576K)->93696K(93696K)
[9.504s][info][gc,heap        ] GC(134) ParOldGen: 1453509K(1511936K)->1458533K(1511936K)
[9.504s][info][gc,metaspace   ] GC(134) Metaspace: 6301K(6464K)->6301K(6464K) NonClass: 5768K(5824K)->5768K(5824K) Class: 533K(640K)->533K(640K)
[9.504s][info][gc             ] GC(134) Pause Young (Allocation Failure) 1515M->1515M(1596M) 49.963ms
[9.504s][info][gc,cpu         ] GC(134) User=0.39s Sys=0.00s Real=0.05s
[9.533s][info][gc,start       ] GC(135) Pause Young (Allocation Failure)
[9.594s][info][gc,heap        ] GC(135) PSYoungGen: 122368K(122368K)->86624K(133120K) Eden: 28672K(28672K)->0K(25088K) From: 93696K(93696K)->86624K(108032K)
[9.594s][info][gc,heap        ] GC(135) ParOldGen: 1458533K(1511936K)->1494885K(1511936K)
[9.594s][info][gc,metaspace   ] GC(135) Metaspace: 6301K(6464K)->6301K(6464K) NonClass: 5768K(5824K)->5768K(5824K) Class: 533K(640K)->533K(640K)
[9.594s][info][gc             ] GC(135) Pause Young (Allocation Failure) 1543M->1544M(1606M) 61.377ms
[9.594s][info][gc,cpu         ] GC(135) User=0.50s Sys=0.00s Real=0.06s
[9.594s][info][gc,start       ] GC(136) Pause Full (Ergonomics)
[9.594s][info][gc,phases,start] GC(136) Marking Phase
[9.938s][info][gc,phases      ] GC(136) Marking Phase 344.061ms
[9.938s][info][gc,phases,start] GC(136) Summary Phase
[9.938s][info][gc,phases      ] GC(136) Summary Phase 0.029ms
[9.938s][info][gc,phases,start] GC(136) Adjust Roots
[9.939s][info][gc,phases      ] GC(136) Adjust Roots 0.225ms
[9.939s][info][gc,phases,start] GC(136) Compaction Phase
[10.189s][info][gc,phases      ] GC(136) Compaction Phase 250.805ms
[10.190s][info][gc,phases,start] GC(136) Post Compact
[10.193s][info][gc,phases      ] GC(136) Post Compact 3.272ms
[10.193s][info][gc,heap        ] GC(136) PSYoungGen: 86624K(133120K)->35697K(133120K) Eden: 0K(25088K)->0K(25088K) From: 86624K(108032K)->35697K(108032K)
[10.193s][info][gc,heap        ] GC(136) ParOldGen: 1494885K(1511936K)->1511927K(1660928K)
[10.193s][info][gc,metaspace   ] GC(136) Metaspace: 6301K(6464K)->6301K(6464K) NonClass: 5768K(5824K)->5768K(5824K) Class: 533K(640K)->533K(640K)
[10.194s][info][gc             ] GC(136) Pause Full (Ergonomics) 1544M->1511M(1752M) 599.289ms
[10.194s][info][gc,cpu         ] GC(136) User=4.27s Sys=0.00s Real=0.60s
[10.221s][info][gc,start       ] GC(137) Pause Young (Allocation Failure)
[10.308s][info][gc,heap        ] GC(137) PSYoungGen: 60785K(133120K)->47936K(73216K) Eden: 25088K(25088K)->0K(25088K) From: 35697K(108032K)->47936K(48128K)
[10.309s][info][gc,heap        ] GC(137) ParOldGen: 1511927K(1660928K)->1525119K(1660928K)
[10.309s][info][gc,metaspace   ] GC(137) Metaspace: 6301K(6464K)->6301K(6464K) NonClass: 5768K(5824K)->5768K(5824K) Class: 533K(640K)->533K(640K)
[10.309s][info][gc             ] GC(137) Pause Young (Allocation Failure) 1535M->1536M(1693M) 87.764ms
[10.309s][info][gc,cpu         ] GC(137) User=0.53s Sys=0.00s Real=0.09s
[10.334s][info][gc,start       ] GC(138) Pause Young (Allocation Failure)
[10.372s][info][gc,heap        ] GC(138) PSYoungGen: 73024K(73216K)->73120K(136704K) Eden: 25088K(25088K)->0K(26112K) From: 47936K(48128K)->73120K(110592K)
[10.372s][info][gc,heap        ] GC(138) ParOldGen: 1525119K(1660928K)->1525119K(1660928K)
[10.372s][info][gc,metaspace   ] GC(138) Metaspace: 6301K(6464K)->6301K(6464K) NonClass: 5768K(5824K)->5768K(5824K) Class: 533K(640K)->533K(640K)
[10.372s][info][gc             ] GC(138) Pause Young (Allocation Failure) 1560M->1560M(1755M) 37.366ms
[10.372s][info][gc,cpu         ] GC(138) User=0.14s Sys=0.00s Real=0.04s
[10.397s][info][gc,start       ] GC(139) Pause Young (Allocation Failure)
[10.445s][info][gc,heap        ] GC(139) PSYoungGen: 99232K(136704K)->99232K(138240K) Eden: 26112K(26112K)->0K(26112K) From: 73120K(110592K)->99232K(112128K)
[10.445s][info][gc,heap        ] GC(139) ParOldGen: 1525119K(1660928K)->1525119K(1660928K)
[10.445s][info][gc,metaspace   ] GC(139) Metaspace: 6301K(6464K)->6301K(6464K) NonClass: 5768K(5824K)->5768K(5824K) Class: 533K(640K)->533K(640K)
[10.445s][info][gc             ] GC(139) Pause Young (Allocation Failure) 1586M->1586M(1757M) 47.756ms
[10.445s][info][gc,cpu         ] GC(139) User=0.27s Sys=0.00s Real=0.05s
[10.471s][info][gc,start       ] GC(140) Pause Young (Allocation Failure)
[10.530s][info][gc,heap        ] GC(140) PSYoungGen: 125344K(138240K)->116096K(137216K) Eden: 26112K(26112K)->0K(14848K) From: 99232K(112128K)->116096K(122368K)
[10.530s][info][gc,heap        ] GC(140) ParOldGen: 1525119K(1660928K)->1534575K(1660928K)
[10.530s][info][gc,metaspace   ] GC(140) Metaspace: 6301K(6464K)->6301K(6464K) NonClass: 5768K(5824K)->5768K(5824K) Class: 533K(640K)->533K(640K)
[10.530s][info][gc             ] GC(140) Pause Young (Allocation Failure) 1611M->1611M(1756M) 59.326ms
[10.530s][info][gc,cpu         ] GC(140) User=0.38s Sys=0.00s Real=0.06s
[10.544s][info][gc,start       ] GC(141) Pause Young (Allocation Failure)
[10.604s][info][gc,heap        ] GC(141) PSYoungGen: 130944K(137216K)->117504K(151552K) Eden: 14848K(14848K)->0K(14848K) From: 116096K(122368K)->117504K(136704K)
[10.604s][info][gc,heap        ] GC(141) ParOldGen: 1534575K(1660928K)->1548159K(1660928K)
[10.604s][info][gc,metaspace   ] GC(141) Metaspace: 6301K(6464K)->6301K(6464K) NonClass: 5768K(5824K)->5768K(5824K) Class: 533K(640K)->533K(640K)
[10.604s][info][gc             ] GC(141) Pause Young (Allocation Failure) 1626M->1626M(1770M) 59.985ms
[10.604s][info][gc,cpu         ] GC(141) User=0.39s Sys=0.00s Real=0.06s
[10.619s][info][gc,start       ] GC(142) Pause Young (Allocation Failure)
[10.682s][info][gc,heap        ] GC(142) PSYoungGen: 132352K(151552K)->82080K(159232K) Eden: 14848K(14848K)->0K(17408K) From: 117504K(136704K)->82080K(141824K)
[10.682s][info][gc,heap        ] GC(142) ParOldGen: 1548159K(1660928K)->1598967K(1660928K)
[10.682s][info][gc,metaspace   ] GC(142) Metaspace: 6301K(6464K)->6301K(6464K) NonClass: 5768K(5824K)->5768K(5824K) Class: 533K(640K)->533K(640K)
[10.682s][info][gc             ] GC(142) Pause Young (Allocation Failure) 1641M->1641M(1777M) 62.431ms
[10.682s][info][gc,cpu         ] GC(142) User=0.38s Sys=0.02s Real=0.06s
[10.700s][info][gc,start       ] GC(143) Pause Young (Allocation Failure)
[10.749s][info][gc,heap        ] GC(143) PSYoungGen: 99488K(159232K)->47264K(65024K) Eden: 17408K(17408K)->0K(17408K) From: 82080K(141824K)->47264K(47616K)
[10.749s][info][gc,heap        ] GC(143) ParOldGen: 1598967K(1660928K)->1651855K(1660928K)
[10.749s][info][gc,metaspace   ] GC(143) Metaspace: 6301K(6464K)->6301K(6464K) NonClass: 5768K(5824K)->5768K(5824K) Class: 533K(640K)->533K(640K)
[10.749s][info][gc             ] GC(143) Pause Young (Allocation Failure) 1658M->1659M(1685M) 49.052ms
[10.749s][info][gc,cpu         ] GC(143) User=0.25s Sys=0.03s Real=0.05s
[10.749s][info][gc,start       ] GC(144) Pause Full (Ergonomics)
[10.749s][info][gc,phases,start] GC(144) Marking Phase
[11.126s][info][gc,phases      ] GC(144) Marking Phase 377.209ms
[11.126s][info][gc,phases,start] GC(144) Summary Phase
[11.126s][info][gc,phases      ] GC(144) Summary Phase 0.039ms
[11.126s][info][gc,phases,start] GC(144) Adjust Roots
[11.126s][info][gc,phases      ] GC(144) Adjust Roots 0.251ms
[11.126s][info][gc,phases,start] GC(144) Compaction Phase
[11.298s][info][gc,phases      ] GC(144) Compaction Phase 171.940ms
[11.298s][info][gc,phases,start] GC(144) Post Compact
[11.301s][info][gc,phases      ] GC(144) Post Compact 3.048ms
[11.302s][info][gc,heap        ] GC(144) PSYoungGen: 47264K(65024K)->36282K(65024K) Eden: 0K(17408K)->0K(17408K) From: 47264K(47616K)->36282K(47616K)
[11.302s][info][gc,heap        ] GC(144) ParOldGen: 1651855K(1660928K)->1660630K(1835008K)
[11.302s][info][gc,metaspace   ] GC(144) Metaspace: 6301K(6464K)->6301K(6464K) NonClass: 5768K(5824K)->5768K(5824K) Class: 533K(640K)->533K(640K)
[11.302s][info][gc             ] GC(144) Pause Full (Ergonomics) 1659M->1657M(1855M) 553.650ms
[11.302s][info][gc,cpu         ] GC(144) User=4.00s Sys=0.00s Real=0.55s
[11.319s][info][gc,start       ] GC(145) Pause Young (Allocation Failure)
[11.410s][info][gc,heap        ] GC(145) PSYoungGen: 53690K(65024K)->30560K(159744K) Eden: 17408K(17408K)->0K(19456K) From: 36282K(47616K)->30560K(140288K)
[11.410s][info][gc,heap        ] GC(145) ParOldGen: 1660630K(1835008K)->1684246K(1835008K)
[11.410s][info][gc,metaspace   ] GC(145) Metaspace: 6301K(6464K)->6301K(6464K) NonClass: 5768K(5824K)->5768K(5824K) Class: 533K(640K)->533K(640K)
[11.410s][info][gc             ] GC(145) Pause Young (Allocation Failure) 1674M->1674M(1948M) 90.787ms
[11.410s][info][gc,cpu         ] GC(145) User=0.64s Sys=0.00s Real=0.09s
[11.430s][info][gc,start       ] GC(146) Pause Young (Allocation Failure)
[11.462s][info][gc,heap        ] GC(146) PSYoungGen: 50016K(159744K)->36992K(160768K) Eden: 19456K(19456K)->0K(19456K) From: 30560K(140288K)->36992K(141312K)
[11.462s][info][gc,heap        ] GC(146) ParOldGen: 1684246K(1835008K)->1697438K(1835008K)
[11.462s][info][gc,metaspace   ] GC(146) Metaspace: 6301K(6464K)->6301K(6464K) NonClass: 5768K(5824K)->5768K(5824K) Class: 533K(640K)->533K(640K)
[11.462s][info][gc             ] GC(146) Pause Young (Allocation Failure) 1693M->1693M(1949M) 31.873ms
[11.462s][info][gc,cpu         ] GC(146) User=0.02s Sys=0.02s Real=0.03s
[11.483s][info][gc,start       ] GC(147) Pause Young (Allocation Failure)
[11.518s][info][gc,heap        ] GC(147) PSYoungGen: 56448K(160768K)->39072K(153600K) Eden: 19456K(19456K)->0K(22016K) From: 36992K(141312K)->39072K(131584K)
[11.519s][info][gc,heap        ] GC(147) ParOldGen: 1697438K(1835008K)->1715078K(1835008K)
[11.519s][info][gc,metaspace   ] GC(147) Metaspace: 6301K(6464K)->6301K(6464K) NonClass: 5768K(5824K)->5768K(5824K) Class: 533K(640K)->533K(640K)
[11.519s][info][gc             ] GC(147) Pause Young (Allocation Failure) 1712M->1713M(1942M) 35.048ms
[11.519s][info][gc,cpu         ] GC(147) User=0.17s Sys=0.00s Real=0.04s
[11.543s][info][gc,start       ] GC(148) Pause Young (Allocation Failure)
[11.583s][info][gc,heap        ] GC(148) PSYoungGen: 61088K(153600K)->22208K(157184K) Eden: 22016K(22016K)->0K(22016K) From: 39072K(131584K)->22208K(135168K)
[11.583s][info][gc,heap        ] GC(148) ParOldGen: 1715078K(1835008K)->1754494K(1835008K)
[11.583s][info][gc,metaspace   ] GC(148) Metaspace: 6301K(6464K)->6301K(6464K) NonClass: 5768K(5824K)->5768K(5824K) Class: 533K(640K)->533K(640K)
[11.583s][info][gc             ] GC(148) Pause Young (Allocation Failure) 1734M->1735M(1945M) 40.125ms
[11.583s][info][gc,cpu         ] GC(148) User=0.14s Sys=0.03s Real=0.04s
[11.607s][info][gc,start       ] GC(149) Pause Young (Allocation Failure)
[11.639s][info][gc,heap        ] GC(149) PSYoungGen: 44224K(157184K)->22144K(155648K) Eden: 22016K(22016K)->0K(25088K) From: 22208K(135168K)->22144K(130560K)
[11.639s][info][gc,heap        ] GC(149) ParOldGen: 1754494K(1835008K)->1776806K(1835008K)
[11.639s][info][gc,metaspace   ] GC(149) Metaspace: 6301K(6464K)->6301K(6464K) NonClass: 5768K(5824K)->5768K(5824K) Class: 533K(640K)->533K(640K)
[11.639s][info][gc             ] GC(149) Pause Young (Allocation Failure) 1756M->1756M(1944M) 31.695ms
[11.639s][info][gc,cpu         ] GC(149) User=0.06s Sys=0.00s Real=0.03s
[11.665s][info][gc,start       ] GC(150) Pause Young (Allocation Failure)
[11.698s][info][gc,heap        ] GC(150) PSYoungGen: 47232K(155648K)->25216K(157696K) Eden: 25088K(25088K)->0K(25088K) From: 22144K(130560K)->25216K(132608K)
[11.698s][info][gc,heap        ] GC(150) ParOldGen: 1776806K(1835008K)->1799118K(1835008K)
[11.698s][info][gc,metaspace   ] GC(150) Metaspace: 6301K(6464K)->6301K(6464K) NonClass: 5768K(5824K)->5768K(5824K) Class: 533K(640K)->533K(640K)
[11.698s][info][gc             ] GC(150) Pause Young (Allocation Failure) 1781M->1781M(1946M) 32.911ms
[11.698s][info][gc,cpu         ] GC(150) User=0.11s Sys=0.03s Real=0.03s
[11.698s][info][gc,start       ] GC(151) Pause Full (Ergonomics)
[11.698s][info][gc,phases,start] GC(151) Marking Phase
[12.098s][info][gc,phases      ] GC(151) Marking Phase 399.257ms
[12.098s][info][gc,phases,start] GC(151) Summary Phase
[12.098s][info][gc,phases      ] GC(151) Summary Phase 0.043ms
[12.098s][info][gc,phases,start] GC(151) Adjust Roots
[12.098s][info][gc,phases      ] GC(151) Adjust Roots 0.165ms
[12.098s][info][gc,phases,start] GC(151) Compaction Phase
[12.276s][info][gc,phases      ] GC(151) Compaction Phase 178.415ms
[12.276s][info][gc,phases,start] GC(151) Post Compact
[12.280s][info][gc,phases      ] GC(151) Post Compact 3.330ms
[12.280s][info][gc,heap        ] GC(151) PSYoungGen: 25216K(157696K)->0K(157696K) Eden: 0K(25088K)->0K(28160K) From: 25216K(132608K)->0K(129536K)
[12.280s][info][gc,heap        ] GC(151) ParOldGen: 1799118K(1835008K)->1822170K(2001920K)
[12.280s][info][gc,metaspace   ] GC(151) Metaspace: 6301K(6464K)->6301K(6464K) NonClass: 5768K(5824K)->5768K(5824K) Class: 533K(640K)->533K(640K)
[12.281s][info][gc             ] GC(151) Pause Full (Ergonomics) 1781M->1779M(2109M) 582.198ms
[12.281s][info][gc,cpu         ] GC(151) User=4.05s Sys=0.00s Real=0.58s
[12.310s][info][gc,start       ] GC(152) Pause Young (Allocation Failure)
[12.334s][info][gc,heap        ] GC(152) PSYoungGen: 28160K(157696K)->28320K(56832K) Eden: 28160K(28160K)->0K(28160K) From: 0K(129536K)->28320K(28672K)
[12.334s][info][gc,heap        ] GC(152) ParOldGen: 1822170K(2001920K)->1822170K(2001920K)
[12.334s][info][gc,metaspace   ] GC(152) Metaspace: 6301K(6464K)->6301K(6464K) NonClass: 5768K(5824K)->5768K(5824K) Class: 533K(640K)->533K(640K)
[12.334s][info][gc             ] GC(152) Pause Young (Allocation Failure) 1806M->1807M(2010M) 23.916ms
[12.334s][info][gc,cpu         ] GC(152) User=0.03s Sys=0.00s Real=0.02s
[12.365s][info][gc,start       ] GC(153) Pause Young (Allocation Failure)
[12.397s][info][gc,heap        ] GC(153) PSYoungGen: 56480K(56832K)->56544K(147968K) Eden: 28160K(28160K)->0K(31232K) From: 28320K(28672K)->56544K(116736K)
[12.397s][info][gc,heap        ] GC(153) ParOldGen: 1822170K(2001920K)->1822170K(2001920K)
[12.397s][info][gc,metaspace   ] GC(153) Metaspace: 6301K(6464K)->6301K(6464K) NonClass: 5768K(5824K)->5768K(5824K) Class: 533K(640K)->533K(640K)
[12.397s][info][gc             ] GC(153) Pause Young (Allocation Failure) 1834M->1834M(2099M) 32.275ms
[12.397s][info][gc,cpu         ] GC(153) User=0.14s Sys=0.00s Real=0.03s
[12.432s][info][gc,start       ] GC(154) Pause Young (Allocation Failure)
[12.475s][info][gc,heap        ] GC(154) PSYoungGen: 87776K(147968K)->87776K(152064K) Eden: 31232K(31232K)->0K(31232K) From: 56544K(116736K)->87776K(120832K)
[12.475s][info][gc,heap        ] GC(154) ParOldGen: 1822170K(2001920K)->1822170K(2001920K)
[12.475s][info][gc,metaspace   ] GC(154) Metaspace: 6301K(6464K)->6301K(6464K) NonClass: 5768K(5824K)->5768K(5824K) Class: 533K(640K)->533K(640K)
[12.476s][info][gc             ] GC(154) Pause Young (Allocation Failure) 1865M->1865M(2103M) 43.856ms
[12.476s][info][gc,cpu         ] GC(154) User=0.27s Sys=0.00s Real=0.04s
[12.511s][info][gc,start       ] GC(155) Pause Young (Allocation Failure)
[12.567s][info][gc,heap        ] GC(155) PSYoungGen: 119008K(152064K)->119040K(145920K) Eden: 31232K(31232K)->0K(17920K) From: 87776K(120832K)->119040K(128000K)
[12.567s][info][gc,heap        ] GC(155) ParOldGen: 1822170K(2001920K)->1822170K(2001920K)
[12.567s][info][gc,metaspace   ] GC(155) Metaspace: 6301K(6464K)->6301K(6464K) NonClass: 5768K(5824K)->5768K(5824K) Class: 533K(640K)->533K(640K)
[12.567s][info][gc             ] GC(155) Pause Young (Allocation Failure) 1895M->1895M(2097M) 55.708ms
[12.567s][info][gc,cpu         ] GC(155) User=0.38s Sys=0.02s Real=0.06s
[12.587s][info][gc,start       ] GC(156) Pause Young (Allocation Failure)
[12.649s][info][gc,heap        ] GC(156) PSYoungGen: 136960K(145920K)->108800K(162816K) Eden: 17920K(17920K)->0K(17920K) From: 119040K(128000K)->108800K(144896K)
[12.649s][info][gc,heap        ] GC(156) ParOldGen: 1822170K(2001920K)->1850698K(2001920K)
[12.649s][info][gc,metaspace   ] GC(156) Metaspace: 6301K(6464K)->6301K(6464K) NonClass: 5768K(5824K)->5768K(5824K) Class: 533K(640K)->533K(640K)
[12.649s][info][gc             ] GC(156) Pause Young (Allocation Failure) 1913M->1913M(2114M) 62.519ms
[12.649s][info][gc,cpu         ] GC(156) User=0.36s Sys=0.02s Real=0.06s
[12.671s][info][gc,start       ] GC(157) Pause Young (Allocation Failure)
[12.731s][info][gc,heap        ] GC(157) PSYoungGen: 126720K(162816K)->98528K(171520K) Eden: 17920K(17920K)->0K(16896K) From: 108800K(144896K)->98528K(154624K)
[12.731s][info][gc,heap        ] GC(157) ParOldGen: 1850698K(2001920K)->1879258K(2001920K)
[12.731s][info][gc,metaspace   ] GC(157) Metaspace: 6301K(6464K)->6301K(6464K) NonClass: 5768K(5824K)->5768K(5824K) Class: 533K(640K)->533K(640K)
[12.731s][info][gc             ] GC(157) Pause Young (Allocation Failure) 1931M->1931M(2122M) 59.256ms
[12.731s][info][gc,cpu         ] GC(157) User=0.36s Sys=0.03s Real=0.06s
[12.751s][info][gc,start       ] GC(158) Pause Young (Allocation Failure)
[12.808s][info][gc,heap        ] GC(158) PSYoungGen: 115424K(171520K)->52896K(70144K) Eden: 16896K(16896K)->0K(16896K) From: 98528K(154624K)->52896K(53248K)
[12.808s][info][gc,heap        ] GC(158) ParOldGen: 1879258K(2001920K)->1942538K(2001920K)
[12.808s][info][gc,metaspace   ] GC(158) Metaspace: 6301K(6464K)->6301K(6464K) NonClass: 5768K(5824K)->5768K(5824K) Class: 533K(640K)->533K(640K)
[12.808s][info][gc             ] GC(158) Pause Young (Allocation Failure) 1947M->1948M(2023M) 56.992ms
[12.808s][info][gc,cpu         ] GC(158) User=0.31s Sys=0.08s Real=0.06s
[12.808s][info][gc,start       ] GC(159) Pause Full (Ergonomics)
[12.808s][info][gc,phases,start] GC(159) Marking Phase
[13.250s][info][gc,phases      ] GC(159) Marking Phase 441.801ms
[13.250s][info][gc,phases,start] GC(159) Summary Phase
[13.250s][info][gc,phases      ] GC(159) Summary Phase 0.052ms
[13.250s][info][gc,phases,start] GC(159) Adjust Roots
[13.250s][info][gc,phases      ] GC(159) Adjust Roots 0.235ms
[13.250s][info][gc,phases,start] GC(159) Compaction Phase
[13.425s][info][gc,phases      ] GC(159) Compaction Phase 175.406ms
[13.425s][info][gc,phases,start] GC(159) Post Compact
[13.429s][info][gc,phases      ] GC(159) Post Compact 3.895ms
[13.430s][info][gc,heap        ] GC(159) PSYoungGen: 52896K(70144K)->0K(171008K) Eden: 0K(16896K)->0K(19456K) From: 52896K(53248K)->0K(151552K)
[13.430s][info][gc,heap        ] GC(159) ParOldGen: 1942538K(2001920K)->1993467K(2199552K)
[13.430s][info][gc,metaspace   ] GC(159) Metaspace: 6301K(6464K)->6301K(6464K) NonClass: 5768K(5824K)->5768K(5824K) Class: 533K(640K)->533K(640K)
[13.430s][info][gc             ] GC(159) Pause Full (Ergonomics) 1948M->1946M(2315M) 622.498ms
[13.430s][info][gc,cpu         ] GC(159) User=4.61s Sys=0.02s Real=0.62s
[13.455s][info][gc,start       ] GC(160) Pause Young (Allocation Failure)
[13.479s][info][gc,heap        ] GC(160) PSYoungGen: 19456K(171008K)->19584K(171008K) Eden: 19456K(19456K)->0K(19456K) From: 0K(151552K)->19584K(151552K)
[13.479s][info][gc,heap        ] GC(160) ParOldGen: 1993467K(2199552K)->1993467K(2199552K)
[13.479s][info][gc,metaspace   ] GC(160) Metaspace: 6301K(6464K)->6301K(6464K) NonClass: 5768K(5824K)->5768K(5824K) Class: 533K(640K)->533K(640K)
[13.479s][info][gc             ] GC(160) Pause Young (Allocation Failure) 1965M->1965M(2315M) 23.538ms
[13.479s][info][gc,cpu         ] GC(160) User=0.02s Sys=0.00s Real=0.02s
[13.503s][info][gc,start       ] GC(161) Pause Young (Allocation Failure)
[13.534s][info][gc,heap        ] GC(161) PSYoungGen: 39040K(171008K)->39040K(163328K) Eden: 19456K(19456K)->0K(22016K) From: 19584K(151552K)->39040K(141312K)
[13.534s][info][gc,heap        ] GC(161) ParOldGen: 1993467K(2199552K)->1993467K(2199552K)
[13.534s][info][gc,metaspace   ] GC(161) Metaspace: 6301K(6464K)->6301K(6464K) NonClass: 5768K(5824K)->5768K(5824K) Class: 533K(640K)->533K(640K)
[13.534s][info][gc             ] GC(161) Pause Young (Allocation Failure) 1984M->1984M(2307M) 30.864ms
[13.534s][info][gc,cpu         ] GC(161) User=0.03s Sys=0.00s Real=0.03s
[13.558s][info][gc,start       ] GC(162) Pause Young (Allocation Failure)
[13.594s][info][gc,heap        ] GC(162) PSYoungGen: 61056K(163328K)->61056K(83456K) Eden: 22016K(22016K)->0K(22016K) From: 39040K(141312K)->61056K(61440K)
[13.594s][info][gc,heap        ] GC(162) ParOldGen: 1993467K(2199552K)->1993467K(2199552K)
[13.594s][info][gc,metaspace   ] GC(162) Metaspace: 6301K(6464K)->6301K(6464K) NonClass: 5768K(5824K)->5768K(5824K) Class: 533K(640K)->533K(640K)
[13.594s][info][gc             ] GC(162) Pause Young (Allocation Failure) 2006M->2006M(2229M) 35.635ms
[13.594s][info][gc,cpu         ] GC(162) User=0.16s Sys=0.00s Real=0.04s
[13.616s][info][gc,start       ] GC(163) Pause Young (Allocation Failure)
[13.659s][info][gc,heap        ] GC(163) PSYoungGen: 83072K(83456K)->63680K(150528K) Eden: 22016K(22016K)->0K(25088K) From: 61056K(61440K)->63680K(125440K)
[13.660s][info][gc,heap        ] GC(163) ParOldGen: 1993467K(2199552K)->2013203K(2199552K)
[13.660s][info][gc,metaspace   ] GC(163) Metaspace: 6301K(6464K)->6301K(6464K) NonClass: 5768K(5824K)->5768K(5824K) Class: 533K(640K)->533K(640K)
[13.660s][info][gc             ] GC(163) Pause Young (Allocation Failure) 2027M->2028M(2295M) 43.973ms
[13.660s][info][gc,cpu         ] GC(163) User=0.23s Sys=0.03s Real=0.04s
[13.688s][info][gc,start       ] GC(164) Pause Young (Allocation Failure)
[13.733s][info][gc,heap        ] GC(164) PSYoungGen: 88768K(150528K)->69312K(94720K) Eden: 25088K(25088K)->0K(25088K) From: 63680K(125440K)->69312K(69632K)
[13.733s][info][gc,heap        ] GC(164) ParOldGen: 2013203K(2199552K)->2032931K(2199552K)
[13.733s][info][gc,metaspace   ] GC(164) Metaspace: 6301K(6464K)->6301K(6464K) NonClass: 5768K(5824K)->5768K(5824K) Class: 533K(640K)->533K(640K)
[13.733s][info][gc             ] GC(164) Pause Young (Allocation Failure) 2052M->2052M(2240M) 45.731ms
[13.733s][info][gc,cpu         ] GC(164) User=0.27s Sys=0.00s Real=0.05s
[13.760s][info][gc,start       ] GC(165) Pause Young (Allocation Failure)
[13.807s][info][gc,heap        ] GC(165) PSYoungGen: 94400K(94720K)->72384K(151040K) Eden: 25088K(25088K)->0K(28160K) From: 69312K(69632K)->72384K(122880K)
[13.807s][info][gc,heap        ] GC(165) ParOldGen: 2032931K(2199552K)->2055235K(2199552K)
[13.807s][info][gc,metaspace   ] GC(165) Metaspace: 6301K(6464K)->6301K(6464K) NonClass: 5768K(5824K)->5768K(5824K) Class: 533K(640K)->533K(640K)
[13.807s][info][gc             ] GC(165) Pause Young (Allocation Failure) 2077M->2077M(2295M) 47.259ms
[13.807s][info][gc,cpu         ] GC(165) User=0.25s Sys=0.02s Real=0.05s
[13.836s][info][gc,start       ] GC(166) Pause Young (Allocation Failure)
[13.886s][info][gc,heap        ] GC(166) PSYoungGen: 100544K(151040K)->78528K(153600K) Eden: 28160K(28160K)->0K(28160K) From: 72384K(122880K)->78528K(125440K)
[13.886s][info][gc,heap        ] GC(166) ParOldGen: 2055235K(2199552K)->2077547K(2199552K)
[13.886s][info][gc,metaspace   ] GC(166) Metaspace: 6301K(6464K)->6301K(6464K) NonClass: 5768K(5824K)->5768K(5824K) Class: 533K(640K)->533K(640K)
[13.886s][info][gc             ] GC(166) Pause Young (Allocation Failure) 2105M->2105M(2298M) 50.024ms
[13.886s][info][gc,cpu         ] GC(166) User=0.27s Sys=0.02s Real=0.05s
[13.918s][info][gc,start       ] GC(167) Pause Young (Allocation Failure)
[13.973s][info][gc,heap        ] GC(167) PSYoungGen: 106688K(153600K)->56512K(146944K) Eden: 28160K(28160K)->0K(31744K) From: 78528K(125440K)->56512K(115200K)
[13.973s][info][gc,heap        ] GC(167) ParOldGen: 2077547K(2199552K)->2128363K(2199552K)
[13.973s][info][gc,metaspace   ] GC(167) Metaspace: 6301K(6464K)->6301K(6464K) NonClass: 5768K(5824K)->5768K(5824K) Class: 533K(640K)->533K(640K)
[13.973s][info][gc             ] GC(167) Pause Young (Allocation Failure) 2133M->2133M(2291M) 54.553ms
[13.973s][info][gc,cpu         ] GC(167) User=0.36s Sys=0.02s Real=0.05s
[14.011s][info][gc,start       ] GC(168) Pause Young (Allocation Failure)
[14.059s][info][gc,heap        ] GC(168) PSYoungGen: 88256K(146944K)->31840K(152064K) Eden: 31744K(31744K)->0K(31744K) From: 56512K(115200K)->31840K(120320K)
[14.059s][info][gc,heap        ] GC(168) ParOldGen: 2128363K(2199552K)->2185419K(2199552K)
[14.059s][info][gc,metaspace   ] GC(168) Metaspace: 6301K(6464K)->6301K(6464K) NonClass: 5768K(5824K)->5768K(5824K) Class: 533K(640K)->533K(640K)
[14.059s][info][gc             ] GC(168) Pause Young (Allocation Failure) 2164M->2165M(2296M) 48.602ms
[14.059s][info][gc,cpu         ] GC(168) User=0.25s Sys=0.02s Real=0.05s
[14.059s][info][gc,start       ] GC(169) Pause Full (Ergonomics)
[14.059s][info][gc,phases,start] GC(169) Marking Phase
[14.547s][info][gc,phases      ] GC(169) Marking Phase 487.521ms
[14.547s][info][gc,phases,start] GC(169) Summary Phase
[14.547s][info][gc,phases      ] GC(169) Summary Phase 0.035ms
[14.547s][info][gc,phases,start] GC(169) Adjust Roots
[14.547s][info][gc,phases      ] GC(169) Adjust Roots 0.177ms
[14.547s][info][gc,phases,start] GC(169) Compaction Phase
[14.739s][info][gc,phases      ] GC(169) Compaction Phase 192.065ms
[14.739s][info][gc,phases,start] GC(169) Post Compact
[14.743s][info][gc,phases      ] GC(169) Post Compact 4.010ms
[14.744s][info][gc,heap        ] GC(169) PSYoungGen: 31840K(152064K)->14851K(152064K) Eden: 0K(31744K)->0K(31744K) From: 31840K(120320K)->14851K(120320K)
[14.744s][info][gc,heap        ] GC(169) ParOldGen: 2185419K(2199552K)->2199520K(2428416K)
[14.744s][info][gc,metaspace   ] GC(169) Metaspace: 6301K(6464K)->6301K(6464K) NonClass: 5768K(5824K)->5768K(5824K) Class: 533K(640K)->533K(640K)
[14.744s][info][gc             ] GC(169) Pause Full (Ergonomics) 2165M->2162M(2520M) 684.955ms
[14.744s][info][gc,cpu         ] GC(169) User=5.14s Sys=0.02s Real=0.68s
[14.786s][info][gc,start       ] GC(170) Pause Young (Allocation Failure)
[14.903s][info][gc,heap        ] GC(170) PSYoungGen: 46595K(152064K)->31904K(152576K) Eden: 31744K(31744K)->0K(35328K) From: 14851K(120320K)->31904K(117248K)
[14.903s][info][gc,heap        ] GC(170) ParOldGen: 2199520K(2428416K)->2214616K(2428416K)
[14.903s][info][gc,metaspace   ] GC(170) Metaspace: 6301K(6464K)->6301K(6464K) NonClass: 5768K(5824K)->5768K(5824K) Class: 533K(640K)->533K(640K)
[14.903s][info][gc             ] GC(170) Pause Young (Allocation Failure) 2193M->2193M(2520M) 117.692ms
[14.903s][info][gc,cpu         ] GC(170) User=0.75s Sys=0.00s Real=0.12s
[14.946s][info][gc,start       ] GC(171) Pause Young (Allocation Failure)
[14.987s][info][gc,heap        ] GC(171) PSYoungGen: 67232K(152576K)->67264K(154112K) Eden: 35328K(35328K)->0K(35328K) From: 31904K(117248K)->67264K(118784K)
[14.987s][info][gc,heap        ] GC(171) ParOldGen: 2214616K(2428416K)->2214616K(2428416K)
[14.987s][info][gc,metaspace   ] GC(171) Metaspace: 6301K(6464K)->6301K(6464K) NonClass: 5768K(5824K)->5768K(5824K) Class: 533K(640K)->533K(640K)
[14.987s][info][gc             ] GC(171) Pause Young (Allocation Failure) 2228M->2228M(2522M) 41.172ms
[14.987s][info][gc,cpu         ] GC(171) User=0.25s Sys=0.00s Real=0.04s
[15.028s][info][gc,start       ] GC(172) Pause Young (Allocation Failure)
[15.080s][info][gc,heap        ] GC(172) PSYoungGen: 102592K(154112K)->102720K(144384K) Eden: 35328K(35328K)->0K(28160K) From: 67264K(118784K)->102720K(116224K)
[15.080s][info][gc,heap        ] GC(172) ParOldGen: 2214616K(2428416K)->2214616K(2428416K)
[15.080s][info][gc,metaspace   ] GC(172) Metaspace: 6301K(6464K)->6301K(6464K) NonClass: 5768K(5824K)->5768K(5824K) Class: 533K(640K)->533K(640K)
[15.080s][info][gc             ] GC(172) Pause Young (Allocation Failure) 2262M->2263M(2512M) 52.214ms
[15.080s][info][gc,cpu         ] GC(172) User=0.28s Sys=0.02s Real=0.05s
[15.113s][info][gc,start       ] GC(173) Pause Young (Allocation Failure)
[15.177s][info][gc,heap        ] GC(173) PSYoungGen: 130880K(144384K)->99104K(155136K) Eden: 28160K(28160K)->0K(28160K) From: 102720K(116224K)->99104K(126976K)
[15.177s][info][gc,heap        ] GC(173) ParOldGen: 2214616K(2428416K)->2246824K(2428416K)
[15.177s][info][gc,metaspace   ] GC(173) Metaspace: 6301K(6464K)->6301K(6464K) NonClass: 5768K(5824K)->5768K(5824K) Class: 533K(640K)->533K(640K)
[15.177s][info][gc             ] GC(173) Pause Young (Allocation Failure) 2290M->2290M(2523M) 63.696ms
[15.177s][info][gc,cpu         ] GC(173) User=0.39s Sys=0.00s Real=0.06s
[15.209s][info][gc,start       ] GC(174) Pause Young (Allocation Failure)
[15.273s][info][gc,heap        ] GC(174) PSYoungGen: 127264K(155136K)->91872K(162816K) Eden: 28160K(28160K)->0K(28672K) From: 99104K(126976K)->91872K(134144K)
[15.273s][info][gc,heap        ] GC(174) ParOldGen: 2246824K(2428416K)->2282504K(2428416K)
[15.273s][info][gc,metaspace   ] GC(174) Metaspace: 6301K(6464K)->6301K(6464K) NonClass: 5768K(5824K)->5768K(5824K) Class: 533K(640K)->533K(640K)
[15.273s][info][gc             ] GC(174) Pause Young (Allocation Failure) 2318M->2318M(2530M) 63.460ms
[15.273s][info][gc,cpu         ] GC(174) User=0.39s Sys=0.00s Real=0.06s
[15.305s][info][gc,start       ] GC(175) Pause Young (Allocation Failure)
[15.366s][info][gc,heap        ] GC(175) PSYoungGen: 120544K(162816K)->85216K(165376K) Eden: 28672K(28672K)->0K(28672K) From: 91872K(134144K)->85216K(136704K)
[15.366s][info][gc,heap        ] GC(175) ParOldGen: 2282504K(2428416K)->2318152K(2428416K)
[15.366s][info][gc,metaspace   ] GC(175) Metaspace: 6301K(6464K)->6301K(6464K) NonClass: 5768K(5824K)->5768K(5824K) Class: 533K(640K)->533K(640K)
[15.366s][info][gc             ] GC(175) Pause Young (Allocation Failure) 2346M->2347M(2533M) 61.062ms
[15.366s][info][gc,cpu         ] GC(175) User=0.34s Sys=0.05s Real=0.06s
[15.401s][info][gc,start       ] GC(176) Pause Young (Allocation Failure)
[15.463s][info][gc,heap        ] GC(176) PSYoungGen: 113888K(165376K)->57504K(160768K) Eden: 28672K(28672K)->0K(32768K) From: 85216K(136704K)->57504K(128000K)
[15.463s][info][gc,heap        ] GC(176) ParOldGen: 2318152K(2428416K)->2374952K(2428416K)
[15.463s][info][gc,metaspace   ] GC(176) Metaspace: 6301K(6464K)->6301K(6464K) NonClass: 5768K(5824K)->5768K(5824K) Class: 533K(640K)->533K(640K)
[15.463s][info][gc             ] GC(176) Pause Young (Allocation Failure) 2375M->2375M(2528M) 61.433ms
[15.463s][info][gc,cpu         ] GC(176) User=0.33s Sys=0.06s Real=0.06s
[15.463s][info][gc,start       ] GC(177) Pause Full (Ergonomics)
[15.463s][info][gc,phases,start] GC(177) Marking Phase
[16.010s][info][gc,phases      ] GC(177) Marking Phase 547.372ms
[16.010s][info][gc,phases,start] GC(177) Summary Phase
[16.010s][info][gc,phases      ] GC(177) Summary Phase 0.039ms
[16.010s][info][gc,phases,start] GC(177) Adjust Roots
[16.010s][info][gc,phases      ] GC(177) Adjust Roots 0.168ms
[16.010s][info][gc,phases,start] GC(177) Compaction Phase
[16.211s][info][gc,phases      ] GC(177) Compaction Phase 201.025ms
[16.211s][info][gc,phases,start] GC(177) Post Compact
[16.216s][info][gc,phases      ] GC(177) Post Compact 4.131ms
[16.217s][info][gc,heap        ] GC(177) PSYoungGen: 57504K(160768K)->2095K(164864K) Eden: 0K(32768K)->0K(36864K) From: 57504K(128000K)->2095K(128000K)
[16.217s][info][gc,heap        ] GC(177) ParOldGen: 2374952K(2428416K)->2428109K(2679808K)
[16.217s][info][gc,metaspace   ] GC(177) Metaspace: 6301K(6464K)->6301K(6464K) NonClass: 5768K(5824K)->5768K(5824K) Class: 533K(640K)->533K(640K)
[16.217s][info][gc             ] GC(177) Pause Full (Ergonomics) 2375M->2373M(2778M) 753.919ms
[16.217s][info][gc,cpu         ] GC(177) User=5.77s Sys=0.00s Real=0.75s
[16.263s][info][gc,start       ] GC(178) Pause Young (Allocation Failure)
[16.389s][info][gc,heap        ] GC(178) PSYoungGen: 38959K(164864K)->37024K(168960K) Eden: 36864K(36864K)->0K(36864K) From: 2095K(128000K)->37024K(132096K)
[16.389s][info][gc,heap        ] GC(178) ParOldGen: 2428109K(2679808K)->2430269K(2679808K)
[16.389s][info][gc,metaspace   ] GC(178) Metaspace: 6301K(6464K)->6301K(6464K) NonClass: 5768K(5824K)->5768K(5824K) Class: 533K(640K)->533K(640K)
[16.390s][info][gc             ] GC(178) Pause Young (Allocation Failure) 2409M->2409M(2782M) 126.300ms
[16.390s][info][gc,cpu         ] GC(178) User=0.78s Sys=0.00s Real=0.13s
[16.433s][info][gc,start       ] GC(179) Pause Young (Allocation Failure)
[16.477s][info][gc,heap        ] GC(179) PSYoungGen: 73888K(168960K)->37056K(168960K) Eden: 36864K(36864K)->0K(40960K) From: 37024K(132096K)->37056K(128000K)
[16.477s][info][gc,heap        ] GC(179) ParOldGen: 2430269K(2679808K)->2467461K(2679808K)
[16.477s][info][gc,metaspace   ] GC(179) Metaspace: 6301K(6464K)->6301K(6464K) NonClass: 5768K(5824K)->5768K(5824K) Class: 533K(640K)->533K(640K)
[16.477s][info][gc             ] GC(179) Pause Young (Allocation Failure) 2445M->2445M(2782M) 44.785ms
[16.477s][info][gc,cpu         ] GC(179) User=0.27s Sys=0.00s Real=0.05s
[16.525s][info][gc,start       ] GC(180) Pause Young (Allocation Failure)
[16.571s][info][gc,heap        ] GC(180) PSYoungGen: 78016K(168960K)->41120K(170496K) Eden: 40960K(40960K)->0K(40960K) From: 37056K(128000K)->41120K(129536K)
[16.571s][info][gc,heap        ] GC(180) ParOldGen: 2467461K(2679808K)->2504653K(2679808K)
[16.571s][info][gc,metaspace   ] GC(180) Metaspace: 6301K(6464K)->6301K(6464K) NonClass: 5768K(5824K)->5768K(5824K) Class: 533K(640K)->533K(640K)
[16.571s][info][gc             ] GC(180) Pause Young (Allocation Failure) 2485M->2486M(2783M) 45.588ms
[16.571s][info][gc,cpu         ] GC(180) User=0.23s Sys=0.03s Real=0.05s
[16.620s][info][gc,start       ] GC(181) Pause Young (Allocation Failure)
[16.668s][info][gc,heap        ] GC(181) PSYoungGen: 82080K(170496K)->41152K(165376K) Eden: 40960K(40960K)->0K(45056K) From: 41120K(129536K)->41152K(120320K)
[16.668s][info][gc,heap        ] GC(181) ParOldGen: 2504653K(2679808K)->2545981K(2679808K)
[16.668s][info][gc,metaspace   ] GC(181) Metaspace: 6301K(6464K)->6301K(6464K) NonClass: 5768K(5824K)->5768K(5824K) Class: 533K(640K)->533K(640K)
[16.668s][info][gc             ] GC(181) Pause Young (Allocation Failure) 2526M->2526M(2778M) 47.755ms
[16.668s][info][gc,cpu         ] GC(181) User=0.23s Sys=0.03s Real=0.05s
[16.725s][info][gc,start       ] GC(182) Pause Young (Allocation Failure)
[16.776s][info][gc,heap        ] GC(182) PSYoungGen: 86208K(165376K)->45248K(168448K) Eden: 45056K(45056K)->0K(45056K) From: 41152K(120320K)->45248K(123392K)
[16.776s][info][gc,heap        ] GC(182) ParOldGen: 2545981K(2679808K)->2587317K(2679808K)
[16.776s][info][gc,metaspace   ] GC(182) Metaspace: 6301K(6464K)->6301K(6464K) NonClass: 5768K(5824K)->5768K(5824K) Class: 533K(640K)->533K(640K)
[16.776s][info][gc             ] GC(182) Pause Young (Allocation Failure) 2570M->2570M(2781M) 50.486ms
[16.776s][info][gc,cpu         ] GC(182) User=0.25s Sys=0.03s Real=0.05s
[16.831s][info][gc,start       ] GC(183) Pause Young (Allocation Failure)
[16.884s][info][gc,heap        ] GC(183) PSYoungGen: 90304K(168448K)->45248K(160768K) Eden: 45056K(45056K)->0K(49664K) From: 45248K(123392K)->45248K(111104K)
[16.884s][info][gc,heap        ] GC(183) ParOldGen: 2587317K(2679808K)->2632765K(2679808K)
[16.884s][info][gc,metaspace   ] GC(183) Metaspace: 6301K(6464K)->6301K(6464K) NonClass: 5768K(5824K)->5768K(5824K) Class: 533K(640K)->533K(640K)
[16.884s][info][gc             ] GC(183) Pause Young (Allocation Failure) 2614M->2615M(2774M) 52.759ms
[16.884s][info][gc,cpu         ] GC(183) User=0.28s Sys=0.00s Real=0.05s
[16.884s][info][gc,start       ] GC(184) Pause Full (Ergonomics)
[16.884s][info][gc,phases,start] GC(184) Marking Phase
[17.482s][info][gc,phases      ] GC(184) Marking Phase 598.648ms
[17.482s][info][gc,phases,start] GC(184) Summary Phase
[17.482s][info][gc,phases      ] GC(184) Summary Phase 0.055ms
[17.482s][info][gc,phases,start] GC(184) Adjust Roots
[17.483s][info][gc,phases      ] GC(184) Adjust Roots 0.161ms
[17.483s][info][gc,phases,start] GC(184) Compaction Phase
[17.708s][info][gc,phases      ] GC(184) Compaction Phase 224.811ms
[17.708s][info][gc,phases,start] GC(184) Post Compact
[17.713s][info][gc,phases      ] GC(184) Post Compact 4.955ms
[17.714s][info][gc,heap        ] GC(184) PSYoungGen: 45248K(160768K)->0K(164864K) Eden: 0K(49664K)->0K(49664K) From: 45248K(111104K)->0K(115200K)
[17.714s][info][gc,heap        ] GC(184) ParOldGen: 2632765K(2679808K)->2675770K(2949632K)
[17.714s][info][gc,metaspace   ] GC(184) Metaspace: 6301K(6464K)->6301K(6464K) NonClass: 5768K(5824K)->5768K(5824K) Class: 533K(640K)->533K(640K)
[17.714s][info][gc             ] GC(184) Pause Full (Ergonomics) 2615M->2613M(3041M) 829.894ms
[17.714s][info][gc,cpu         ] GC(184) User=6.31s Sys=0.06s Real=0.83s
[17.778s][info][gc,start       ] GC(185) Pause Young (Allocation Failure)
[17.812s][info][gc,heap        ] GC(185) PSYoungGen: 49664K(164864K)->49856K(159744K) Eden: 49664K(49664K)->0K(54272K) From: 0K(115200K)->49856K(105472K)
[17.812s][info][gc,heap        ] GC(185) ParOldGen: 2675770K(2949632K)->2675770K(2949632K)
[17.812s][info][gc,metaspace   ] GC(185) Metaspace: 6301K(6464K)->6301K(6464K) NonClass: 5768K(5824K)->5768K(5824K) Class: 533K(640K)->533K(640K)
[17.812s][info][gc             ] GC(185) Pause Young (Allocation Failure) 2661M->2661M(3036M) 34.287ms
[17.812s][info][gc,cpu         ] GC(185) User=0.16s Sys=0.00s Real=0.03s
[17.874s][info][gc,start       ] GC(186) Pause Young (Allocation Failure)
[17.930s][info][gc,heap        ] GC(186) PSYoungGen: 104128K(159744K)->104224K(164864K) Eden: 54272K(54272K)->0K(54272K) From: 49856K(105472K)->104224K(110592K)
[17.930s][info][gc,heap        ] GC(186) ParOldGen: 2675770K(2949632K)->2675770K(2949632K)
[17.930s][info][gc,metaspace   ] GC(186) Metaspace: 6301K(6464K)->6301K(6464K) NonClass: 5768K(5824K)->5768K(5824K) Class: 533K(640K)->533K(640K)
[17.930s][info][gc             ] GC(186) Pause Young (Allocation Failure) 2714M->2714M(3041M) 55.406ms
[17.930s][info][gc,cpu         ] GC(186) User=0.39s Sys=0.00s Real=0.06s
[17.994s][info][gc,start       ] GC(187) Pause Young (Allocation Failure)
[18.080s][info][gc,heap        ] GC(187) PSYoungGen: 158496K(164864K)->122880K(152064K) Eden: 54272K(54272K)->0K(29184K) From: 104224K(110592K)->122880K(122880K)
[18.080s][info][gc,heap        ] GC(187) ParOldGen: 2675770K(2949632K)->2711626K(2949632K)
[18.080s][info][gc,metaspace   ] GC(187) Metaspace: 6301K(6464K)->6301K(6464K) NonClass: 5768K(5824K)->5768K(5824K) Class: 533K(640K)->533K(640K)
[18.080s][info][gc             ] GC(187) Pause Young (Allocation Failure) 2767M->2768M(3029M) 85.633ms
[18.080s][info][gc,cpu         ] GC(187) User=0.50s Sys=0.03s Real=0.09s
[18.692s][info][gc,start       ] GC(188) Pause Young (Allocation Failure)
[18.830s][info][gc,heap        ] GC(188) PSYoungGen: 152064K(152064K)->70848K(100352K) Eden: 29184K(29184K)->0K(29184K) From: 122880K(122880K)->70848K(71168K)
[18.830s][info][gc,heap        ] GC(188) ParOldGen: 2842698K(2949632K)->2924666K(2949632K)
[18.830s][info][gc,metaspace   ] GC(188) Metaspace: 6301K(6464K)->6301K(6464K) NonClass: 5768K(5824K)->5768K(5824K) Class: 533K(640K)->533K(640K)
[18.830s][info][gc             ] GC(188) Pause Young (Allocation Failure) 2924M->2925M(2978M) 138.009ms
[18.830s][info][gc,cpu         ] GC(188) User=0.91s Sys=0.06s Real=0.14s
[18.830s][info][gc,start       ] GC(189) Pause Full (Ergonomics)
[18.830s][info][gc,phases,start] GC(189) Marking Phase
[19.536s][info][gc,phases      ] GC(189) Marking Phase 706.569ms
[19.537s][info][gc,phases,start] GC(189) Summary Phase
[19.537s][info][gc,phases      ] GC(189) Summary Phase 0.068ms
[19.537s][info][gc,phases,start] GC(189) Adjust Roots
[19.537s][info][gc,phases      ] GC(189) Adjust Roots 0.192ms
[19.537s][info][gc,phases,start] GC(189) Compaction Phase
[20.007s][info][gc,phases      ] GC(189) Compaction Phase 470.037ms
[20.007s][info][gc,phases,start] GC(189) Post Compact
[20.013s][info][gc,phases      ] GC(189) Post Compact 5.850ms
[20.014s][info][gc,heap        ] GC(189) PSYoungGen: 70848K(100352K)->0K(176640K) Eden: 0K(29184K)->0K(31744K) From: 70848K(71168K)->0K(144896K)
[20.014s][info][gc,heap        ] GC(189) ParOldGen: 2924666K(2949632K)->2928580K(3236352K)
[20.014s][info][gc,metaspace   ] GC(189) Metaspace: 6301K(6464K)->6301K(6464K) NonClass: 5768K(5824K)->5768K(5824K) Class: 533K(640K)->533K(640K)
[20.014s][info][gc             ] GC(189) Pause Full (Ergonomics) 2925M->2859M(3333M) 1184.115ms
[20.014s][info][gc,cpu         ] GC(189) User=8.28s Sys=0.02s Real=1.18s
[20.056s][info][gc,start       ] GC(190) Pause Young (Allocation Failure)
[20.098s][info][gc,heap        ] GC(190) PSYoungGen: 31744K(176640K)->31904K(176640K) Eden: 31744K(31744K)->0K(31744K) From: 0K(144896K)->31904K(144896K)
[20.098s][info][gc,heap        ] GC(190) ParOldGen: 2928580K(3236352K)->2928580K(3236352K)
[20.098s][info][gc,metaspace   ] GC(190) Metaspace: 6301K(6464K)->6301K(6464K) NonClass: 5768K(5824K)->5768K(5824K) Class: 533K(640K)->533K(640K)
[20.098s][info][gc             ] GC(190) Pause Young (Allocation Failure) 2890M->2891M(3333M) 42.921ms
[20.099s][info][gc,cpu         ] GC(190) User=0.05s Sys=0.00s Real=0.04s
[20.135s][info][gc,start       ] GC(191) Pause Young (Allocation Failure)
[20.186s][info][gc,heap        ] GC(191) PSYoungGen: 63648K(176640K)->63712K(164352K) Eden: 31744K(31744K)->0K(34816K) From: 31904K(144896K)->63712K(129536K)
[20.186s][info][gc,heap        ] GC(191) ParOldGen: 2928580K(3236352K)->2928580K(3236352K)
[20.186s][info][gc,metaspace   ] GC(191) Metaspace: 6301K(6464K)->6301K(6464K) NonClass: 5768K(5824K)->5768K(5824K) Class: 533K(640K)->533K(640K)
[20.186s][info][gc             ] GC(191) Pause Young (Allocation Failure) 2922M->2922M(3321M) 50.902ms
[20.186s][info][gc,cpu         ] GC(191) User=0.17s Sys=0.00s Real=0.05s
[20.221s][info][gc,start       ] GC(192) Pause Young (Allocation Failure)
[20.279s][info][gc,heap        ] GC(192) PSYoungGen: 98528K(164352K)->98528K(171520K) Eden: 34816K(34816K)->0K(34816K) From: 63712K(129536K)->98528K(136704K)
[20.279s][info][gc,heap        ] GC(192) ParOldGen: 2928580K(3236352K)->2928580K(3236352K)
[20.279s][info][gc,metaspace   ] GC(192) Metaspace: 6301K(6464K)->6301K(6464K) NonClass: 5768K(5824K)->5768K(5824K) Class: 533K(640K)->533K(640K)
[20.279s][info][gc             ] GC(192) Pause Young (Allocation Failure) 2956M->2956M(3328M) 57.688ms
[20.279s][info][gc,cpu         ] GC(192) User=0.16s Sys=0.00s Real=0.06s
[20.312s][info][gc,start       ] GC(193) Pause Young (Allocation Failure)
[20.382s][info][gc,heap        ] GC(193) PSYoungGen: 133344K(171520K)->133440K(163840K) Eden: 34816K(34816K)->0K(22016K) From: 98528K(136704K)->133440K(141824K)
[20.382s][info][gc,heap        ] GC(193) ParOldGen: 2928580K(3236352K)->2928580K(3236352K)
[20.382s][info][gc,metaspace   ] GC(193) Metaspace: 6301K(6464K)->6301K(6464K) NonClass: 5768K(5824K)->5768K(5824K) Class: 533K(640K)->533K(640K)
[20.382s][info][gc             ] GC(193) Pause Young (Allocation Failure) 2990M->2990M(3320M) 70.268ms
[20.382s][info][gc,cpu         ] GC(193) User=0.20s Sys=0.00s Real=0.07s
[20.403s][info][gc,start       ] GC(194) Pause Young (Allocation Failure)
[20.476s][info][gc,heap        ] GC(194) PSYoungGen: 155456K(163840K)->155424K(180224K) Eden: 22016K(22016K)->0K(22016K) From: 133440K(141824K)->155424K(158208K)
[20.477s][info][gc,heap        ] GC(194) ParOldGen: 2928580K(3236352K)->2928580K(3236352K)
[20.477s][info][gc,metaspace   ] GC(194) Metaspace: 6301K(6464K)->6301K(6464K) NonClass: 5768K(5824K)->5768K(5824K) Class: 533K(640K)->533K(640K)
[20.477s][info][gc             ] GC(194) Pause Young (Allocation Failure) 3011M->3011M(3336M) 73.832ms
[20.477s][info][gc,cpu         ] GC(194) User=0.22s Sys=0.00s Real=0.07s
[20.498s][info][gc,start       ] GC(195) Pause Young (Allocation Failure)
[20.580s][info][gc,heap        ] GC(195) PSYoungGen: 177440K(180224K)->177472K(180224K) Eden: 22016K(22016K)->0K(512K) From: 155424K(158208K)->177472K(179712K)
[20.580s][info][gc,heap        ] GC(195) ParOldGen: 2928580K(3236352K)->2928580K(3236352K)
[20.580s][info][gc,metaspace   ] GC(195) Metaspace: 6301K(6464K)->6301K(6464K) NonClass: 5768K(5824K)->5768K(5824K) Class: 533K(640K)->533K(640K)
[20.580s][info][gc             ] GC(195) Pause Young (Allocation Failure) 3033M->3033M(3336M) 81.874ms
[20.580s][info][gc,cpu         ] GC(195) User=0.41s Sys=0.03s Real=0.08s
[20.580s][info][gc,start       ] GC(196) Pause Young (Allocation Failure)
[20.662s][info][gc,heap        ] GC(196) PSYoungGen: 177984K(180224K)->114368K(115200K) Eden: 512K(512K)->0K(512K) From: 177472K(179712K)->114368K(114688K)
[20.662s][info][gc,heap        ] GC(196) ParOldGen: 2928580K(3236352K)->2992612K(3236352K)
[20.662s][info][gc,metaspace   ] GC(196) Metaspace: 6301K(6464K)->6301K(6464K) NonClass: 5768K(5824K)->5768K(5824K) Class: 533K(640K)->533K(640K)
[20.662s][info][gc             ] GC(196) Pause Young (Allocation Failure) 3033M->3034M(3273M) 81.344ms
[20.662s][info][gc,cpu         ] GC(196) User=0.48s Sys=0.00s Real=0.08s
[20.662s][info][gc,start       ] GC(197) Pause Young (Allocation Failure)
[20.724s][info][gc,heap        ] GC(197) PSYoungGen: 114880K(115200K)->45152K(198144K) Eden: 512K(512K)->0K(1024K) From: 114368K(114688K)->45152K(197120K)
[20.724s][info][gc,heap        ] GC(197) ParOldGen: 2992612K(3236352K)->3062852K(3236352K)
[20.724s][info][gc,metaspace   ] GC(197) Metaspace: 6301K(6464K)->6301K(6464K) NonClass: 5768K(5824K)->5768K(5824K) Class: 533K(640K)->533K(640K)
[20.724s][info][gc             ] GC(197) Pause Young (Allocation Failure) 3034M->3035M(3354M) 61.700ms
[20.724s][info][gc,cpu         ] GC(197) User=0.22s Sys=0.00s Real=0.06s
[20.725s][info][gc,start       ] GC(198) Pause Young (Allocation Failure)
[20.766s][info][gc,heap        ] GC(198) PSYoungGen: 46176K(198144K)->2144K(200192K) Eden: 1024K(1024K)->0K(1024K) From: 45152K(197120K)->2144K(199168K)
[20.766s][info][gc,heap        ] GC(198) ParOldGen: 3062852K(3236352K)->3107252K(3236352K)
[20.766s][info][gc,metaspace   ] GC(198) Metaspace: 6301K(6464K)->6301K(6464K) NonClass: 5768K(5824K)->5768K(5824K) Class: 533K(640K)->533K(640K)
[20.766s][info][gc             ] GC(198) Pause Young (Allocation Failure) 3036M->3036M(3356M) 41.010ms
[20.766s][info][gc,cpu         ] GC(198) User=0.05s Sys=0.00s Real=0.04s
[20.767s][info][gc,start       ] GC(199) Pause Young (Allocation Failure)
[20.798s][info][gc,heap        ] GC(199) PSYoungGen: 3168K(200192K)->2112K(203776K) Eden: 1024K(1024K)->0K(512K) From: 2144K(199168K)->2112K(203264K)
[20.798s][info][gc,heap        ] GC(199) ParOldGen: 3107252K(3236352K)->3108260K(3236352K)
[20.798s][info][gc,metaspace   ] GC(199) Metaspace: 6301K(6464K)->6301K(6464K) NonClass: 5768K(5824K)->5768K(5824K) Class: 533K(640K)->533K(640K)
[20.798s][info][gc             ] GC(199) Pause Young (Allocation Failure) 3037M->3037M(3359M) 30.864ms
[20.798s][info][gc,cpu         ] GC(199) User=0.05s Sys=0.00s Real=0.03s
[20.798s][info][gc,start       ] GC(200) Pause Young (Allocation Failure)
[20.831s][info][gc,heap        ] GC(200) PSYoungGen: 2624K(203776K)->544K(204800K) Eden: 512K(512K)->0K(512K) From: 2112K(203264K)->544K(204288K)
[20.831s][info][gc,heap        ] GC(200) ParOldGen: 3108260K(3236352K)->3110292K(3236352K)
[20.831s][info][gc,metaspace   ] GC(200) Metaspace: 6301K(6464K)->6301K(6464K) NonClass: 5768K(5824K)->5768K(5824K) Class: 533K(640K)->533K(640K)
[20.831s][info][gc             ] GC(200) Pause Young (Allocation Failure) 3037M->3037M(3360M) 32.864ms
[20.831s][info][gc,cpu         ] GC(200) User=0.06s Sys=0.00s Real=0.03s
[20.832s][info][gc,start       ] GC(201) Pause Young (Allocation Failure)
[20.858s][info][gc,heap        ] GC(201) PSYoungGen: 1056K(204800K)->576K(199680K) Eden: 512K(512K)->0K(1024K) From: 544K(204288K)->576K(198656K)
[20.858s][info][gc,heap        ] GC(201) ParOldGen: 3110292K(3236352K)->3110820K(3236352K)
[20.858s][info][gc,metaspace   ] GC(201) Metaspace: 6301K(6464K)->6301K(6464K) NonClass: 5768K(5824K)->5768K(5824K) Class: 533K(640K)->533K(640K)
[20.858s][info][gc             ] GC(201) Pause Young (Allocation Failure) 3038M->3038M(3355M) 26.215ms
[20.858s][info][gc,cpu         ] GC(201) User=0.02s Sys=0.00s Real=0.03s
[20.859s][info][gc,start       ] GC(202) Pause Young (Allocation Failure)
[20.890s][info][gc,heap        ] GC(202) PSYoungGen: 1600K(199680K)->1088K(2560K) Eden: 1024K(1024K)->0K(1024K) From: 576K(198656K)->1088K(1536K)
[20.890s][info][gc,heap        ] GC(202) ParOldGen: 3110820K(3236352K)->3111340K(3236352K)
[20.890s][info][gc,metaspace   ] GC(202) Metaspace: 6301K(6464K)->6301K(6464K) NonClass: 5768K(5824K)->5768K(5824K) Class: 533K(640K)->533K(640K)
[20.890s][info][gc             ] GC(202) Pause Young (Allocation Failure) 3039M->3039M(3163M) 30.172ms
[20.890s][info][gc,cpu         ] GC(202) User=0.03s Sys=0.00s Real=0.03s
[20.891s][info][gc,start       ] GC(203) Pause Young (Allocation Failure)
[20.922s][info][gc,heap        ] GC(203) PSYoungGen: 2112K(2560K)->1088K(188416K) Eden: 1024K(1024K)->0K(1536K) From: 1088K(1536K)->1088K(186880K)
[20.922s][info][gc,heap        ] GC(203) ParOldGen: 3111340K(3236352K)->3112364K(3236352K)
[20.922s][info][gc,metaspace   ] GC(203) Metaspace: 6301K(6464K)->6301K(6464K) NonClass: 5768K(5824K)->5768K(5824K) Class: 533K(640K)->533K(640K)
[20.922s][info][gc             ] GC(203) Pause Young (Allocation Failure) 3040M->3040M(3344M) 31.006ms
[20.922s][info][gc,cpu         ] GC(203) User=0.03s Sys=0.00s Real=0.03s
[20.924s][info][gc,start       ] GC(204) Pause Young (Allocation Failure)
[20.954s][info][gc,heap        ] GC(204) PSYoungGen: 2624K(188416K)->1632K(3584K) Eden: 1536K(1536K)->0K(1536K) From: 1088K(186880K)->1632K(2048K)
[20.954s][info][gc,heap        ] GC(204) ParOldGen: 3112364K(3236352K)->3113388K(3236352K)
[20.954s][info][gc,metaspace   ] GC(204) Metaspace: 6301K(6464K)->6301K(6464K) NonClass: 5768K(5824K)->5768K(5824K) Class: 533K(640K)->533K(640K)
[20.954s][info][gc             ] GC(204) Pause Young (Allocation Failure) 3041M->3042M(3164M) 29.870ms
[20.954s][info][gc,cpu         ] GC(204) User=0.03s Sys=0.00s Real=0.03s
[20.955s][info][gc,start       ] GC(205) Pause Young (Allocation Failure)
[20.990s][info][gc,heap        ] GC(205) PSYoungGen: 3168K(3584K)->1632K(174080K) Eden: 1536K(1536K)->0K(2048K) From: 1632K(2048K)->1632K(172032K)
[20.990s][info][gc,heap        ] GC(205) ParOldGen: 3113388K(3236352K)->3114940K(3236352K)
[20.990s][info][gc,metaspace   ] GC(205) Metaspace: 6301K(6464K)->6301K(6464K) NonClass: 5768K(5824K)->5768K(5824K) Class: 533K(640K)->533K(640K)
[20.990s][info][gc             ] GC(205) Pause Young (Allocation Failure) 3043M->3043M(3330M) 34.347ms
[20.990s][info][gc,cpu         ] GC(205) User=0.03s Sys=0.00s Real=0.04s
[20.992s][info][gc,start       ] GC(206) Pause Young (Allocation Failure)
[21.019s][info][gc,heap        ] GC(206) PSYoungGen: 3680K(174080K)->2112K(4608K) Eden: 2048K(2048K)->0K(2048K) From: 1632K(172032K)->2112K(2560K)
[21.019s][info][gc,heap        ] GC(206) ParOldGen: 3114940K(3236352K)->3116492K(3236352K)
[21.019s][info][gc,metaspace   ] GC(206) Metaspace: 6301K(6464K)->6301K(6464K) NonClass: 5768K(5824K)->5768K(5824K) Class: 533K(640K)->533K(640K)
[21.019s][info][gc             ] GC(206) Pause Young (Allocation Failure) 3045M->3045M(3165M) 27.021ms
[21.019s][info][gc,cpu         ] GC(206) User=0.02s Sys=0.00s Real=0.03s
[21.021s][info][gc,start       ] GC(207) Pause Young (Allocation Failure)
[21.052s][info][gc,heap        ] GC(207) PSYoungGen: 4160K(4608K)->2144K(158208K) Eden: 2048K(2048K)->0K(2560K) From: 2112K(2560K)->2144K(155648K)
[21.052s][info][gc,heap        ] GC(207) ParOldGen: 3116492K(3236352K)->3118556K(3236352K)
[21.052s][info][gc,metaspace   ] GC(207) Metaspace: 6301K(6464K)->6301K(6464K) NonClass: 5768K(5824K)->5768K(5824K) Class: 533K(640K)->533K(640K)
[21.052s][info][gc             ] GC(207) Pause Young (Allocation Failure) 3047M->3047M(3315M) 30.761ms
[21.052s][info][gc,cpu         ] GC(207) User=0.03s Sys=0.00s Real=0.03s
[21.055s][info][gc,start       ] GC(208) Pause Young (Allocation Failure)
[21.087s][info][gc,heap        ] GC(208) PSYoungGen: 4704K(158208K)->2624K(5632K) Eden: 2560K(2560K)->0K(2560K) From: 2144K(155648K)->2624K(3072K)
[21.087s][info][gc,heap        ] GC(208) ParOldGen: 3118556K(3236352K)->3120628K(3236352K)
[21.087s][info][gc,metaspace   ] GC(208) Metaspace: 6301K(6464K)->6301K(6464K) NonClass: 5768K(5824K)->5768K(5824K) Class: 533K(640K)->533K(640K)
[21.087s][info][gc             ] GC(208) Pause Young (Allocation Failure) 3050M->3050M(3166M) 31.786ms
[21.087s][info][gc,cpu         ] GC(208) User=0.02s Sys=0.00s Real=0.03s
[21.090s][info][gc,start       ] GC(209) Pause Young (Allocation Failure)
[21.120s][info][gc,heap        ] GC(209) PSYoungGen: 5184K(5632K)->2688K(142848K) Eden: 2560K(2560K)->0K(3072K) From: 2624K(3072K)->2688K(139776K)
[21.120s][info][gc,heap        ] GC(209) ParOldGen: 3120628K(3236352K)->3123204K(3236352K)
[21.120s][info][gc,metaspace   ] GC(209) Metaspace: 6301K(6464K)->6301K(6464K) NonClass: 5768K(5824K)->5768K(5824K) Class: 533K(640K)->533K(640K)
[21.120s][info][gc             ] GC(209) Pause Young (Allocation Failure) 3052M->3052M(3300M) 30.393ms
[21.120s][info][gc,cpu         ] GC(209) User=0.03s Sys=0.02s Real=0.03s
[21.123s][info][gc,start       ] GC(210) Pause Young (Allocation Failure)
[21.155s][info][gc,heap        ] GC(210) PSYoungGen: 5760K(142848K)->3168K(6656K) Eden: 3072K(3072K)->0K(3072K) From: 2688K(139776K)->3168K(3584K)
[21.155s][info][gc,heap        ] GC(210) ParOldGen: 3123204K(3236352K)->3125780K(3236352K)
[21.155s][info][gc,metaspace   ] GC(210) Metaspace: 6301K(6464K)->6301K(6464K) NonClass: 5768K(5824K)->5768K(5824K) Class: 533K(640K)->533K(640K)
[21.155s][info][gc             ] GC(210) Pause Young (Allocation Failure) 3055M->3055M(3167M) 31.892ms
[21.155s][info][gc,cpu         ] GC(210) User=0.03s Sys=0.00s Real=0.03s
[21.159s][info][gc,start       ] GC(211) Pause Young (Allocation Failure)
[21.190s][info][gc,heap        ] GC(211) PSYoungGen: 6240K(6656K)->3168K(128000K) Eden: 3072K(3072K)->0K(4096K) From: 3168K(3584K)->3168K(123904K)
[21.190s][info][gc,heap        ] GC(211) ParOldGen: 3125780K(3236352K)->3128884K(3236352K)
[21.190s][info][gc,metaspace   ] GC(211) Metaspace: 6301K(6464K)->6301K(6464K) NonClass: 5768K(5824K)->5768K(5824K) Class: 533K(640K)->533K(640K)
[21.190s][info][gc             ] GC(211) Pause Young (Allocation Failure) 3058M->3058M(3285M) 30.457ms
[21.190s][info][gc,cpu         ] GC(211) User=0.02s Sys=0.00s Real=0.03s
[21.195s][info][gc,start       ] GC(212) Pause Young (Allocation Failure)
[21.223s][info][gc,heap        ] GC(212) PSYoungGen: 7264K(128000K)->4192K(8704K) Eden: 4096K(4096K)->0K(4096K) From: 3168K(123904K)->4192K(4608K)
[21.223s][info][gc,heap        ] GC(212) ParOldGen: 3128884K(3236352K)->3131980K(3236352K)
[21.223s][info][gc,metaspace   ] GC(212) Metaspace: 6301K(6464K)->6301K(6464K) NonClass: 5768K(5824K)->5768K(5824K) Class: 533K(640K)->533K(640K)
[21.223s][info][gc             ] GC(212) Pause Young (Allocation Failure) 3062M->3062M(3169M) 28.421ms
[21.223s][info][gc,cpu         ] GC(212) User=0.02s Sys=0.00s Real=0.03s
[21.229s][info][gc,start       ] GC(213) Pause Young (Allocation Failure)
[21.260s][info][gc,heap        ] GC(213) PSYoungGen: 8288K(8704K)->4160K(113664K) Eden: 4096K(4096K)->0K(5120K) From: 4192K(4608K)->4160K(108544K)
[21.260s][info][gc,heap        ] GC(213) ParOldGen: 3131980K(3236352K)->3136116K(3236352K)
[21.260s][info][gc,metaspace   ] GC(213) Metaspace: 6301K(6464K)->6301K(6464K) NonClass: 5768K(5824K)->5768K(5824K) Class: 533K(640K)->533K(640K)
[21.260s][info][gc             ] GC(213) Pause Young (Allocation Failure) 3066M->3066M(3271M) 31.235ms
[21.260s][info][gc,cpu         ] GC(213) User=0.02s Sys=0.00s Real=0.03s
[21.267s][info][gc,start       ] GC(214) Pause Young (Allocation Failure)
[21.301s][info][gc,heap        ] GC(214) PSYoungGen: 9280K(113664K)->5248K(10752K) Eden: 5120K(5120K)->0K(5120K) From: 4160K(108544K)->5248K(5632K)
[21.301s][info][gc,heap        ] GC(214) ParOldGen: 3136116K(3236352K)->3140252K(3236352K)
[21.301s][info][gc,metaspace   ] GC(214) Metaspace: 6301K(6464K)->6301K(6464K) NonClass: 5768K(5824K)->5768K(5824K) Class: 533K(640K)->533K(640K)
[21.301s][info][gc             ] GC(214) Pause Young (Allocation Failure) 3071M->3071M(3171M) 33.915ms
[21.301s][info][gc,cpu         ] GC(214) User=0.02s Sys=0.00s Real=0.03s
[21.308s][info][gc,start       ] GC(215) Pause Young (Allocation Failure)
[21.339s][info][gc,heap        ] GC(215) PSYoungGen: 10368K(10752K)->5216K(100864K) Eden: 5120K(5120K)->0K(6144K) From: 5248K(5632K)->5216K(94720K)
[21.340s][info][gc,heap        ] GC(215) ParOldGen: 3140252K(3236352K)->3145420K(3236352K)
[21.340s][info][gc,metaspace   ] GC(215) Metaspace: 6301K(6464K)->6301K(6464K) NonClass: 5768K(5824K)->5768K(5824K) Class: 533K(640K)->533K(640K)
[21.340s][info][gc             ] GC(215) Pause Young (Allocation Failure) 3076M->3076M(3259M) 31.692ms
[21.340s][info][gc,cpu         ] GC(215) User=0.03s Sys=0.00s Real=0.03s
[21.347s][info][gc,start       ] GC(216) Pause Young (Allocation Failure)
[21.377s][info][gc,heap        ] GC(216) PSYoungGen: 11360K(100864K)->6240K(12800K) Eden: 6144K(6144K)->0K(6144K) From: 5216K(94720K)->6240K(6656K)
[21.377s][info][gc,heap        ] GC(216) ParOldGen: 3145420K(3236352K)->3150588K(3236352K)
[21.377s][info][gc,metaspace   ] GC(216) Metaspace: 6301K(6464K)->6301K(6464K) NonClass: 5768K(5824K)->5768K(5824K) Class: 533K(640K)->533K(640K)
[21.377s][info][gc             ] GC(216) Pause Young (Allocation Failure) 3082M->3082M(3173M) 30.132ms
[21.377s][info][gc,cpu         ] GC(216) User=0.02s Sys=0.00s Real=0.03s
[21.383s][info][gc,start       ] GC(217) Pause Young (Allocation Failure)
[21.414s][info][gc,heap        ] GC(217) PSYoungGen: 12384K(12800K)->6272K(89600K) Eden: 6144K(6144K)->0K(7680K) From: 6240K(6656K)->6272K(81920K)
[21.414s][info][gc,heap        ] GC(217) ParOldGen: 3150588K(3236352K)->3156796K(3236352K)
[21.414s][info][gc,metaspace   ] GC(217) Metaspace: 6301K(6464K)->6301K(6464K) NonClass: 5768K(5824K)->5768K(5824K) Class: 533K(640K)->533K(640K)
[21.414s][info][gc             ] GC(217) Pause Young (Allocation Failure) 3088M->3088M(3248M) 31.060ms
[21.414s][info][gc,cpu         ] GC(217) User=0.03s Sys=0.00s Real=0.03s
[21.424s][info][gc,start       ] GC(218) Pause Young (Allocation Failure)
[21.457s][info][gc,heap        ] GC(218) PSYoungGen: 13952K(89600K)->7776K(15872K) Eden: 7680K(7680K)->0K(7680K) From: 6272K(81920K)->7776K(8192K)
[21.457s][info][gc,heap        ] GC(218) ParOldGen: 3156796K(3236352K)->3163012K(3236352K)
[21.457s][info][gc,metaspace   ] GC(218) Metaspace: 6301K(6464K)->6301K(6464K) NonClass: 5768K(5824K)->5768K(5824K) Class: 533K(640K)->533K(640K)
[21.457s][info][gc             ] GC(218) Pause Young (Allocation Failure) 3096M->3096M(3176M) 32.975ms
[21.457s][info][gc,cpu         ] GC(218) User=0.02s Sys=0.00s Real=0.03s
[21.467s][info][gc,start       ] GC(219) Pause Young (Allocation Failure)
[21.507s][info][gc,heap        ] GC(219) PSYoungGen: 15456K(15872K)->7776K(79360K) Eden: 7680K(7680K)->0K(9216K) From: 7776K(8192K)->7776K(70144K)
[21.507s][info][gc,heap        ] GC(219) ParOldGen: 3163012K(3236352K)->3170764K(3236352K)
[21.507s][info][gc,metaspace   ] GC(219) Metaspace: 6301K(6464K)->6301K(6464K) NonClass: 5768K(5824K)->5768K(5824K) Class: 533K(640K)->533K(640K)
[21.507s][info][gc             ] GC(219) Pause Young (Allocation Failure) 3103M->3104M(3238M) 39.711ms
[21.507s][info][gc,cpu         ] GC(219) User=0.05s Sys=0.00s Real=0.04s
[21.517s][info][gc,start       ] GC(220) Pause Young (Allocation Failure)
[21.551s][info][gc,heap        ] GC(220) PSYoungGen: 16992K(79360K)->9344K(18944K) Eden: 9216K(9216K)->0K(9216K) From: 7776K(70144K)->9344K(9728K)
[21.551s][info][gc,heap        ] GC(220) ParOldGen: 3170764K(3236352K)->3178508K(3236352K)
[21.551s][info][gc,metaspace   ] GC(220) Metaspace: 6301K(6464K)->6301K(6464K) NonClass: 5768K(5824K)->5768K(5824K) Class: 533K(640K)->533K(640K)
[21.551s][info][gc             ] GC(220) Pause Young (Allocation Failure) 3113M->3113M(3179M) 33.769ms
[21.551s][info][gc,cpu         ] GC(220) User=0.03s Sys=0.00s Real=0.03s
[21.563s][info][gc,start       ] GC(221) Pause Young (Allocation Failure)
[21.601s][info][gc,heap        ] GC(221) PSYoungGen: 18560K(18944K)->9344K(71680K) Eden: 9216K(9216K)->0K(11264K) From: 9344K(9728K)->9344K(60416K)
[21.601s][info][gc,heap        ] GC(221) ParOldGen: 3178508K(3236352K)->3187796K(3236352K)
[21.601s][info][gc,metaspace   ] GC(221) Metaspace: 6301K(6464K)->6301K(6464K) NonClass: 5768K(5824K)->5768K(5824K) Class: 533K(640K)->533K(640K)
[21.601s][info][gc             ] GC(221) Pause Young (Allocation Failure) 3122M->3122M(3230M) 37.347ms
[21.601s][info][gc,cpu         ] GC(221) User=0.06s Sys=0.00s Real=0.04s
[21.613s][info][gc,start       ] GC(222) Pause Young (Allocation Failure)
[21.649s][info][gc,heap        ] GC(222) PSYoungGen: 20608K(71680K)->11360K(23040K) Eden: 11264K(11264K)->0K(11264K) From: 9344K(60416K)->11360K(11776K)
[21.649s][info][gc,heap        ] GC(222) ParOldGen: 3187796K(3236352K)->3197092K(3236352K)
[21.649s][info][gc,metaspace   ] GC(222) Metaspace: 6301K(6464K)->6301K(6464K) NonClass: 5768K(5824K)->5768K(5824K) Class: 533K(640K)->533K(640K)
[21.649s][info][gc             ] GC(222) Pause Young (Allocation Failure) 3133M->3133M(3183M) 36.366ms
[21.649s][info][gc,cpu         ] GC(222) User=0.06s Sys=0.00s Real=0.04s
[21.660s][info][gc,start       ] GC(223) Pause Young (Allocation Failure)
[21.696s][info][gc,heap        ] GC(223) PSYoungGen: 22624K(23040K)->11392K(64512K) Eden: 11264K(11264K)->0K(13312K) From: 11360K(11776K)->11392K(51200K)
[21.696s][info][gc,heap        ] GC(223) ParOldGen: 3197092K(3236352K)->3208460K(3236352K)
[21.696s][info][gc,metaspace   ] GC(223) Metaspace: 6301K(6464K)->6301K(6464K) NonClass: 5768K(5824K)->5768K(5824K) Class: 533K(640K)->533K(640K)
[21.696s][info][gc             ] GC(223) Pause Young (Allocation Failure) 3144M->3144M(3223M) 36.072ms
[21.696s][info][gc,cpu         ] GC(223) User=0.03s Sys=0.02s Real=0.04s
[21.711s][info][gc,start       ] GC(224) Pause Young (Allocation Failure)
[21.749s][info][gc,heap        ] GC(224) PSYoungGen: 24704K(64512K)->13440K(27136K) Eden: 13312K(13312K)->0K(13312K) From: 11392K(51200K)->13440K(13824K)
[21.749s][info][gc,heap        ] GC(224) ParOldGen: 3208460K(3236352K)->3219828K(3236352K)
[21.749s][info][gc,metaspace   ] GC(224) Metaspace: 6301K(6464K)->6301K(6464K) NonClass: 5768K(5824K)->5768K(5824K) Class: 533K(640K)->533K(640K)
[21.749s][info][gc             ] GC(224) Pause Young (Allocation Failure) 3157M->3157M(3187M) 38.012ms
[21.749s][info][gc,cpu         ] GC(224) User=0.05s Sys=0.00s Real=0.04s
[21.749s][info][gc,start       ] GC(225) Pause Full (Ergonomics)
[21.749s][info][gc,phases,start] GC(225) Marking Phase
[22.473s][info][gc,phases      ] GC(225) Marking Phase 723.690ms
[22.473s][info][gc,phases,start] GC(225) Summary Phase
[22.473s][info][gc,phases      ] GC(225) Summary Phase 0.110ms
[22.473s][info][gc,phases,start] GC(225) Adjust Roots
[22.473s][info][gc,phases      ] GC(225) Adjust Roots 0.226ms
[22.473s][info][gc,phases,start] GC(225) Compaction Phase
[22.771s][info][gc,phases      ] GC(225) Compaction Phase 297.863ms
[22.771s][info][gc,phases,start] GC(225) Post Compact
[22.777s][info][gc,phases      ] GC(225) Post Compact 5.681ms
[22.778s][info][gc,heap        ] GC(225) PSYoungGen: 13440K(27136K)->0K(68096K) Eden: 0K(13312K)->0K(15872K) From: 13440K(13824K)->0K(52224K)
[22.778s][info][gc,heap        ] GC(225) ParOldGen: 3219828K(3236352K)->3229544K(3499520K)
[22.778s][info][gc,metaspace   ] GC(225) Metaspace: 6301K(6464K)->6301K(6464K) NonClass: 5768K(5824K)->5768K(5824K) Class: 533K(640K)->533K(640K)
[22.778s][info][gc             ] GC(225) Pause Full (Ergonomics) 3157M->3153M(3484M) 1028.796ms
[22.778s][info][gc,cpu         ] GC(225) User=7.53s Sys=0.02s Real=1.03s
[22.795s][info][gc,start       ] GC(226) Pause Young (Allocation Failure)
[22.833s][info][gc,heap        ] GC(226) PSYoungGen: 15872K(68096K)->16032K(32256K) Eden: 15872K(15872K)->0K(15872K) From: 0K(52224K)->16032K(16384K)
[22.833s][info][gc,heap        ] GC(226) ParOldGen: 3229544K(3499520K)->3229544K(3499520K)
[22.833s][info][gc,metaspace   ] GC(226) Metaspace: 6301K(6464K)->6301K(6464K) NonClass: 5768K(5824K)->5768K(5824K) Class: 533K(640K)->533K(640K)
[22.833s][info][gc             ] GC(226) Pause Young (Allocation Failure) 3169M->3169M(3449M) 37.629ms
[22.833s][info][gc,cpu         ] GC(226) User=0.03s Sys=0.00s Real=0.04s
[22.848s][info][gc,start       ] GC(227) Pause Young (Allocation Failure)
[22.887s][info][gc,heap        ] GC(227) PSYoungGen: 31904K(32256K)->16064K(64000K) Eden: 15872K(15872K)->0K(18432K) From: 16032K(16384K)->16064K(45568K)
[22.887s][info][gc,heap        ] GC(227) ParOldGen: 3229544K(3499520K)->3245560K(3499520K)
[22.887s][info][gc,metaspace   ] GC(227) Metaspace: 6301K(6464K)->6301K(6464K) NonClass: 5768K(5824K)->5768K(5824K) Class: 533K(640K)->533K(640K)
[22.887s][info][gc             ] GC(227) Pause Young (Allocation Failure) 3185M->3185M(3480M) 38.675ms
[22.887s][info][gc,cpu         ] GC(227) User=0.05s Sys=0.00s Real=0.04s
[22.904s][info][gc,start       ] GC(228) Pause Young (Allocation Failure)
[22.946s][info][gc,heap        ] GC(228) PSYoungGen: 34496K(64000K)->18528K(65536K) Eden: 18432K(18432K)->0K(18432K) From: 16064K(45568K)->18528K(47104K)
[22.946s][info][gc,heap        ] GC(228) ParOldGen: 3245560K(3499520K)->3261576K(3499520K)
[22.946s][info][gc,metaspace   ] GC(228) Metaspace: 6301K(6464K)->6301K(6464K) NonClass: 5768K(5824K)->5768K(5824K) Class: 533K(640K)->533K(640K)
[22.946s][info][gc             ] GC(228) Pause Young (Allocation Failure) 3203M->3203M(3481M) 41.787ms
[22.946s][info][gc,cpu         ] GC(228) User=0.08s Sys=0.00s Real=0.04s
[22.964s][info][gc,start       ] GC(229) Pause Young (Allocation Failure)
[23.007s][info][gc,heap        ] GC(229) PSYoungGen: 36960K(65536K)->18560K(65024K) Eden: 18432K(18432K)->0K(21504K) From: 18528K(47104K)->18560K(43520K)
[23.007s][info][gc,heap        ] GC(229) ParOldGen: 3261576K(3499520K)->3280176K(3499520K)
[23.007s][info][gc,metaspace   ] GC(229) Metaspace: 6301K(6464K)->6301K(6464K) NonClass: 5768K(5824K)->5768K(5824K) Class: 533K(640K)->533K(640K)
[23.007s][info][gc             ] GC(229) Pause Young (Allocation Failure) 3221M->3221M(3481M) 42.535ms
[23.007s][info][gc,cpu         ] GC(229) User=0.05s Sys=0.02s Real=0.04s
[23.029s][info][gc,start       ] GC(230) Pause Young (Allocation Failure)
[23.073s][info][gc,heap        ] GC(230) PSYoungGen: 40064K(65024K)->21600K(66048K) Eden: 21504K(21504K)->0K(21504K) From: 18560K(43520K)->21600K(44544K)
[23.073s][info][gc,heap        ] GC(230) ParOldGen: 3280176K(3499520K)->3298784K(3499520K)
[23.073s][info][gc,metaspace   ] GC(230) Metaspace: 6301K(6464K)->6301K(6464K) NonClass: 5768K(5824K)->5768K(5824K) Class: 533K(640K)->533K(640K)
[23.073s][info][gc             ] GC(230) Pause Young (Allocation Failure) 3242M->3242M(3482M) 44.372ms
[23.073s][info][gc,cpu         ] GC(230) User=0.06s Sys=0.00s Real=0.05s
[23.096s][info][gc,start       ] GC(231) Pause Young (Allocation Failure)
[23.139s][info][gc,heap        ] GC(231) PSYoungGen: 43104K(66048K)->21600K(67584K) Eden: 21504K(21504K)->0K(24576K) From: 21600K(44544K)->21600K(43008K)
[23.139s][info][gc,heap        ] GC(231) ParOldGen: 3298784K(3499520K)->3320488K(3499520K)
[23.139s][info][gc,metaspace   ] GC(231) Metaspace: 6301K(6464K)->6301K(6464K) NonClass: 5768K(5824K)->5768K(5824K) Class: 533K(640K)->533K(640K)
[23.139s][info][gc             ] GC(231) Pause Young (Allocation Failure) 3263M->3263M(3483M) 43.240ms
[23.139s][info][gc,cpu         ] GC(231) User=0.05s Sys=0.00s Real=0.04s
[23.165s][info][gc,start       ] GC(232) Pause Young (Allocation Failure)
[23.206s][info][gc,heap        ] GC(232) PSYoungGen: 46176K(67584K)->24736K(68096K) Eden: 24576K(24576K)->0K(24576K) From: 21600K(43008K)->24736K(43520K)
[23.206s][info][gc,heap        ] GC(232) ParOldGen: 3320488K(3499520K)->3342184K(3499520K)
[23.206s][info][gc,metaspace   ] GC(232) Metaspace: 6301K(6464K)->6301K(6464K) NonClass: 5768K(5824K)->5768K(5824K) Class: 533K(640K)->533K(640K)
[23.206s][info][gc             ] GC(232) Pause Young (Allocation Failure) 3287M->3288M(3484M) 41.196ms
[23.206s][info][gc,cpu         ] GC(232) User=0.06s Sys=0.00s Real=0.04s
[23.232s][info][gc,start       ] GC(233) Pause Young (Allocation Failure)
[23.274s][info][gc,heap        ] GC(233) PSYoungGen: 49312K(68096K)->24736K(72704K) Eden: 24576K(24576K)->0K(28160K) From: 24736K(43520K)->24736K(44544K)
[23.274s][info][gc,heap        ] GC(233) ParOldGen: 3342184K(3499520K)->3366984K(3499520K)
[23.274s][info][gc,metaspace   ] GC(233) Metaspace: 6301K(6464K)->6301K(6464K) NonClass: 5768K(5824K)->5768K(5824K) Class: 533K(640K)->533K(640K)
[23.274s][info][gc             ] GC(233) Pause Young (Allocation Failure) 3312M->3312M(3488M) 42.318ms
[23.274s][info][gc,cpu         ] GC(233) User=0.06s Sys=0.00s Real=0.04s
[23.304s][info][gc,start       ] GC(234) Pause Young (Allocation Failure)
[23.348s][info][gc,heap        ] GC(234) PSYoungGen: 52896K(72704K)->28320K(72704K) Eden: 28160K(28160K)->0K(28160K) From: 24736K(44544K)->28320K(44544K)
[23.348s][info][gc,heap        ] GC(234) ParOldGen: 3366984K(3499520K)->3391776K(3499520K)
[23.348s][info][gc,metaspace   ] GC(234) Metaspace: 6301K(6464K)->6301K(6464K) NonClass: 5768K(5824K)->5768K(5824K) Class: 533K(640K)->533K(640K)
[23.348s][info][gc             ] GC(234) Pause Young (Allocation Failure) 3339M->3339M(3488M) 44.127ms
[23.348s][info][gc,cpu         ] GC(234) User=0.08s Sys=0.02s Real=0.04s
[23.378s][info][gc,start       ] GC(235) Pause Young (Allocation Failure)
[23.428s][info][gc,heap        ] GC(235) PSYoungGen: 56480K(72704K)->28320K(76800K) Eden: 28160K(28160K)->0K(30720K) From: 28320K(44544K)->28320K(46080K)
[23.428s][info][gc,heap        ] GC(235) ParOldGen: 3391776K(3499520K)->3420192K(3499520K)
[23.428s][info][gc,metaspace   ] GC(235) Metaspace: 6301K(6464K)->6301K(6464K) NonClass: 5768K(5824K)->5768K(5824K) Class: 533K(640K)->533K(640K)
[23.428s][info][gc             ] GC(235) Pause Young (Allocation Failure) 3367M->3367M(3492M) 50.392ms
[23.428s][info][gc,cpu         ] GC(235) User=0.16s Sys=0.02s Real=0.05s
[23.461s][info][gc,start       ] GC(236) Pause Young (Allocation Failure)
[23.508s][info][gc,heap        ] GC(236) PSYoungGen: 59040K(76800K)->30912K(77824K) Eden: 30720K(30720K)->0K(30720K) From: 28320K(46080K)->30912K(47104K)
[23.508s][info][gc,heap        ] GC(236) ParOldGen: 3420192K(3499520K)->3448608K(3499520K)
[23.508s][info][gc,metaspace   ] GC(236) Metaspace: 6301K(6464K)->6301K(6464K) NonClass: 5768K(5824K)->5768K(5824K) Class: 533K(640K)->533K(640K)
[23.508s][info][gc             ] GC(236) Pause Young (Allocation Failure) 3397M->3397M(3493M) 47.496ms
[23.508s][info][gc,cpu         ] GC(236) User=0.16s Sys=0.00s Real=0.05s
[23.536s][info][gc,start       ] GC(237) Pause Young (Allocation Failure)
[23.582s][info][gc,heap        ] GC(237) PSYoungGen: 61632K(77824K)->30880K(82432K) Eden: 30720K(30720K)->0K(33792K) From: 30912K(47104K)->30880K(48640K)
[23.582s][info][gc,heap        ] GC(237) ParOldGen: 3448608K(3499520K)->3479624K(3499520K)
[23.582s][info][gc,metaspace   ] GC(237) Metaspace: 6301K(6464K)->6301K(6464K) NonClass: 5768K(5824K)->5768K(5824K) Class: 533K(640K)->533K(640K)
[23.582s][info][gc             ] GC(237) Pause Young (Allocation Failure) 3427M->3428M(3498M) 45.493ms
[23.582s][info][gc,cpu         ] GC(237) User=0.06s Sys=0.00s Real=0.05s
[23.582s][info][gc,start       ] GC(238) Pause Full (Ergonomics)
[23.582s][info][gc,phases,start] GC(238) Marking Phase
[24.376s][info][gc,phases      ] GC(238) Marking Phase 794.578ms
[24.376s][info][gc,phases,start] GC(238) Summary Phase
[24.376s][info][gc,phases      ] GC(238) Summary Phase 0.043ms
[24.376s][info][gc,phases,start] GC(238) Adjust Roots
[24.377s][info][gc,phases      ] GC(238) Adjust Roots 0.162ms
[24.377s][info][gc,phases,start] GC(238) Compaction Phase
[25.075s][info][gc,phases      ] GC(238) Compaction Phase 698.061ms
[25.075s][info][gc,phases,start] GC(238) Post Compact
[25.081s][info][gc,phases      ] GC(238) Post Compact 6.608ms
[25.083s][info][gc,heap        ] GC(238) PSYoungGen: 30880K(82432K)->8208K(82432K) Eden: 0K(33792K)->0K(33792K) From: 30880K(48640K)->8208K(48640K)
[25.083s][info][gc,heap        ] GC(238) ParOldGen: 3479624K(3499520K)->3499492K(3815936K)
[25.083s][info][gc,metaspace   ] GC(238) Metaspace: 6301K(6464K)->6301K(6464K) NonClass: 5768K(5824K)->5768K(5824K) Class: 533K(640K)->533K(640K)
[25.083s][info][gc             ] GC(238) Pause Full (Ergonomics) 3428M->3425M(3807M) 1500.820ms
[25.083s][info][gc,cpu         ] GC(238) User=10.72s Sys=0.00s Real=1.50s
[25.117s][info][gc,start       ] GC(239) Pause Young (Allocation Failure)
[25.286s][info][gc,heap        ] GC(239) PSYoungGen: 42000K(82432K)->33920K(83456K) Eden: 33792K(33792K)->0K(33792K) From: 8208K(48640K)->33920K(49664K)
[25.286s][info][gc,heap        ] GC(239) ParOldGen: 3499492K(3815936K)->3507812K(3815936K)
[25.286s][info][gc,metaspace   ] GC(239) Metaspace: 6301K(6464K)->6301K(6464K) NonClass: 5768K(5824K)->5768K(5824K) Class: 533K(640K)->533K(640K)
[25.286s][info][gc             ] GC(239) Pause Young (Allocation Failure) 3458M->3458M(3808M) 168.729ms
[25.286s][info][gc,cpu         ] GC(239) User=1.03s Sys=0.00s Real=0.17s
[25.320s][info][gc,start       ] GC(240) Pause Young (Allocation Failure)
[25.372s][info][gc,heap        ] GC(240) PSYoungGen: 67712K(83456K)->33952K(87040K) Eden: 33792K(33792K)->0K(35840K) From: 33920K(49664K)->33952K(51200K)
[25.372s][info][gc,heap        ] GC(240) ParOldGen: 3507812K(3815936K)->3541932K(3815936K)
[25.372s][info][gc,metaspace   ] GC(240) Metaspace: 6301K(6464K)->6301K(6464K) NonClass: 5768K(5824K)->5768K(5824K) Class: 533K(640K)->533K(640K)
[25.372s][info][gc             ] GC(240) Pause Young (Allocation Failure) 3491M->3492M(3811M) 52.309ms
[25.372s][info][gc,cpu         ] GC(240) User=0.17s Sys=0.02s Real=0.05s
[25.408s][info][gc,start       ] GC(241) Pause Young (Allocation Failure)
[25.469s][info][gc,heap        ] GC(241) PSYoungGen: 69792K(87040K)->36032K(88576K) Eden: 35840K(35840K)->0K(35840K) From: 33952K(51200K)->36032K(52736K)
[25.469s][info][gc,heap        ] GC(241) ParOldGen: 3541932K(3815936K)->3576044K(3815936K)
[25.469s][info][gc,metaspace   ] GC(241) Metaspace: 6301K(6464K)->6301K(6464K) NonClass: 5768K(5824K)->5768K(5824K) Class: 533K(640K)->533K(640K)
[25.469s][info][gc             ] GC(241) Pause Young (Allocation Failure) 3527M->3527M(3813M) 61.098ms
[25.469s][info][gc,cpu         ] GC(241) User=0.33s Sys=0.05s Real=0.06s
[25.509s][info][gc,start       ] GC(242) Pause Young (Allocation Failure)
[25.564s][info][gc,heap        ] GC(242) PSYoungGen: 71872K(88576K)->36064K(93184K) Eden: 35840K(35840K)->0K(38912K) From: 36032K(52736K)->36064K(54272K)
[25.564s][info][gc,heap        ] GC(242) ParOldGen: 3576044K(3815936K)->3612204K(3815936K)
[25.564s][info][gc,metaspace   ] GC(242) Metaspace: 6301K(6464K)->6301K(6464K) NonClass: 5768K(5824K)->5768K(5824K) Class: 533K(640K)->533K(640K)
[25.564s][info][gc             ] GC(242) Pause Young (Allocation Failure) 3562M->3562M(3817M) 55.878ms
[25.564s][info][gc,cpu         ] GC(242) User=0.19s Sys=0.00s Real=0.06s
[25.605s][info][gc,start       ] GC(243) Pause Young (Allocation Failure)
[25.661s][info][gc,heap        ] GC(243) PSYoungGen: 74976K(93184K)->39104K(94208K) Eden: 38912K(38912K)->0K(38912K) From: 36064K(54272K)->39104K(55296K)
[25.661s][info][gc,heap        ] GC(243) ParOldGen: 3612204K(3815936K)->3648380K(3815936K)
[25.661s][info][gc,metaspace   ] GC(243) Metaspace: 6301K(6464K)->6301K(6464K) NonClass: 5768K(5824K)->5768K(5824K) Class: 533K(640K)->533K(640K)
[25.661s][info][gc             ] GC(243) Pause Young (Allocation Failure) 3600M->3601M(3818M) 56.124ms
[25.661s][info][gc,cpu         ] GC(243) User=0.22s Sys=0.00s Real=0.06s
[25.700s][info][gc,start       ] GC(244) Pause Young (Allocation Failure)
[25.757s][info][gc,heap        ] GC(244) PSYoungGen: 78016K(94208K)->39072K(99328K) Eden: 38912K(38912K)->0K(41984K) From: 39104K(55296K)->39072K(57344K)
[25.757s][info][gc,heap        ] GC(244) ParOldGen: 3648380K(3815936K)->3687660K(3815936K)
[25.757s][info][gc,metaspace   ] GC(244) Metaspace: 6301K(6464K)->6301K(6464K) NonClass: 5768K(5824K)->5768K(5824K) Class: 533K(640K)->533K(640K)
[25.757s][info][gc             ] GC(244) Pause Young (Allocation Failure) 3639M->3639M(3823M) 56.669ms
[25.757s][info][gc,cpu         ] GC(244) User=0.19s Sys=0.02s Real=0.06s
[25.798s][info][gc,start       ] GC(245) Pause Young (Allocation Failure)
[25.854s][info][gc,heap        ] GC(245) PSYoungGen: 81056K(99328K)->42176K(100864K) Eden: 41984K(41984K)->0K(41984K) From: 39072K(57344K)->42176K(58880K)
[25.854s][info][gc,heap        ] GC(245) ParOldGen: 3687660K(3815936K)->3726948K(3815936K)
[25.854s][info][gc,metaspace   ] GC(245) Metaspace: 6301K(6464K)->6301K(6464K) NonClass: 5768K(5824K)->5768K(5824K) Class: 533K(640K)->533K(640K)
[25.854s][info][gc             ] GC(245) Pause Young (Allocation Failure) 3680M->3680M(3825M) 56.418ms
[25.854s][info][gc,cpu         ] GC(245) User=0.25s Sys=0.05s Real=0.06s
[25.893s][info][gc,start       ] GC(246) Pause Young (Allocation Failure)
[25.962s][info][gc,heap        ] GC(246) PSYoungGen: 84160K(100864K)->42144K(105984K) Eden: 41984K(41984K)->0K(45568K) From: 42176K(58880K)->42144K(60416K)
[25.962s][info][gc,heap        ] GC(246) ParOldGen: 3726948K(3815936K)->3769332K(3815936K)
[25.962s][info][gc,metaspace   ] GC(246) Metaspace: 6301K(6464K)->6301K(6464K) NonClass: 5768K(5824K)->5768K(5824K) Class: 533K(640K)->533K(640K)
[25.962s][info][gc             ] GC(246) Pause Young (Allocation Failure) 3721M->3722M(3830M) 68.410ms
[25.962s][info][gc,cpu         ] GC(246) User=0.14s Sys=0.02s Real=0.07s
[25.962s][info][gc,start       ] GC(247) Pause Full (Ergonomics)
[25.962s][info][gc,phases,start] GC(247) Marking Phase
[26.819s][info][gc,phases      ] GC(247) Marking Phase 857.747ms
[26.820s][info][gc,phases,start] GC(247) Summary Phase
[26.820s][info][gc,phases      ] GC(247) Summary Phase 0.073ms
[26.820s][info][gc,phases,start] GC(247) Adjust Roots
[26.820s][info][gc,phases      ] GC(247) Adjust Roots 0.158ms
[26.820s][info][gc,phases,start] GC(247) Compaction Phase
[27.168s][info][gc,phases      ] GC(247) Compaction Phase 348.290ms
[27.168s][info][gc,phases,start] GC(247) Post Compact
[27.175s][info][gc,phases      ] GC(247) Post Compact 6.842ms
[27.176s][info][gc,heap        ] GC(247) PSYoungGen: 42144K(105984K)->0K(107520K) Eden: 0K(45568K)->0K(45568K) From: 42144K(60416K)->0K(61952K)
[27.176s][info][gc,heap        ] GC(247) ParOldGen: 3769332K(3815936K)->3808508K(4172288K)
[27.176s][info][gc,metaspace   ] GC(247) Metaspace: 6301K(6464K)->6301K(6464K) NonClass: 5768K(5824K)->5768K(5824K) Class: 533K(640K)->533K(640K)
[27.176s][info][gc             ] GC(247) Pause Full (Ergonomics) 3722M->3719M(4179M) 1214.588ms
[27.176s][info][gc,cpu         ] GC(247) User=8.80s Sys=0.02s Real=1.21s
[27.224s][info][gc,start       ] GC(248) Pause Young (Allocation Failure)
[27.269s][info][gc,heap        ] GC(248) PSYoungGen: 45568K(107520K)->45728K(110592K) Eden: 45568K(45568K)->0K(48640K) From: 0K(61952K)->45728K(61952K)
[27.269s][info][gc,heap        ] GC(248) ParOldGen: 3808508K(4172288K)->3808508K(4172288K)
[27.269s][info][gc,metaspace   ] GC(248) Metaspace: 6301K(6464K)->6301K(6464K) NonClass: 5768K(5824K)->5768K(5824K) Class: 533K(640K)->533K(640K)
[27.269s][info][gc             ] GC(248) Pause Young (Allocation Failure) 3763M->3763M(4182M) 44.824ms
[27.269s][info][gc,cpu         ] GC(248) User=0.08s Sys=0.00s Real=0.04s
[27.325s][info][gc,start       ] GC(249) Pause Young (Allocation Failure)
[27.385s][info][gc,heap        ] GC(249) PSYoungGen: 94368K(110592K)->64512K(113152K) Eden: 48640K(48640K)->0K(48640K) From: 45728K(61952K)->64512K(64512K)
[27.385s][info][gc,heap        ] GC(249) ParOldGen: 3808508K(4172288K)->3838572K(4172288K)
[27.385s][info][gc,metaspace   ] GC(249) Metaspace: 6301K(6464K)->6301K(6464K) NonClass: 5768K(5824K)->5768K(5824K) Class: 533K(640K)->533K(640K)
[27.385s][info][gc             ] GC(249) Pause Young (Allocation Failure) 3811M->3811M(4185M) 60.123ms
[27.385s][info][gc,cpu         ] GC(249) User=0.28s Sys=0.00s Real=0.06s
[27.433s][info][gc,start       ] GC(250) Pause Young (Allocation Failure)
[27.498s][info][gc,heap        ] GC(250) PSYoungGen: 113152K(113152K)->48864K(137216K) Eden: 48640K(48640K)->0K(53760K) From: 64512K(64512K)->48864K(83456K)
[27.498s][info][gc,heap        ] GC(250) ParOldGen: 3838572K(4172288K)->3903564K(4172288K)
[27.498s][info][gc,metaspace   ] GC(250) Metaspace: 6301K(6464K)->6301K(6464K) NonClass: 5768K(5824K)->5768K(5824K) Class: 533K(640K)->533K(640K)
[27.498s][info][gc             ] GC(250) Pause Young (Allocation Failure) 3859M->3859M(4208M) 65.166ms
[27.498s][info][gc,cpu         ] GC(250) User=0.30s Sys=0.02s Real=0.07s
[27.551s][info][gc,start       ] GC(251) Pause Young (Allocation Failure)
[27.611s][info][gc,heap        ] GC(251) PSYoungGen: 102624K(137216K)->83456K(137216K) Eden: 53760K(53760K)->0K(53760K) From: 48864K(83456K)->83456K(83456K)
[27.611s][info][gc,heap        ] GC(251) ParOldGen: 3903564K(4172288K)->3922836K(4172288K)
[27.611s][info][gc,metaspace   ] GC(251) Metaspace: 6301K(6464K)->6301K(6464K) NonClass: 5768K(5824K)->5768K(5824K) Class: 533K(640K)->533K(640K)
[27.611s][info][gc             ] GC(251) Pause Young (Allocation Failure) 3912M->3912M(4208M) 59.721ms
[27.611s][info][gc,cpu         ] GC(251) User=0.19s Sys=0.00s Real=0.06s
[27.667s][info][gc,start       ] GC(252) Pause Young (Allocation Failure)
[27.740s][info][gc,heap        ] GC(252) PSYoungGen: 137216K(137216K)->53984K(156672K) Eden: 53760K(53760K)->0K(59392K) From: 83456K(83456K)->53984K(97280K)
[27.740s][info][gc,heap        ] GC(252) ParOldGen: 3922836K(4172288K)->4006908K(4172288K)
[27.740s][info][gc,metaspace   ] GC(252) Metaspace: 6301K(6464K)->6301K(6464K) NonClass: 5768K(5824K)->5768K(5824K) Class: 533K(640K)->533K(640K)
[27.740s][info][gc             ] GC(252) Pause Young (Allocation Failure) 3964M->3965M(4227M) 72.791ms
[27.740s][info][gc,cpu         ] GC(252) User=0.44s Sys=0.06s Real=0.07s
[27.810s][info][gc,start       ] GC(253) Pause Young (Allocation Failure)
[27.879s][info][gc,heap        ] GC(253) PSYoungGen: 113376K(156672K)->59648K(159232K) Eden: 59392K(59392K)->0K(59392K) From: 53984K(97280K)->59648K(99840K)
[27.879s][info][gc,heap        ] GC(253) ParOldGen: 4006908K(4172288K)->4061156K(4172288K)
[27.879s][info][gc,metaspace   ] GC(253) Metaspace: 6301K(6464K)->6301K(6464K) NonClass: 5768K(5824K)->5768K(5824K) Class: 533K(640K)->533K(640K)
[27.879s][info][gc             ] GC(253) Pause Young (Allocation Failure) 4023M->4024M(4230M) 69.000ms
[27.879s][info][gc,cpu         ] GC(253) User=0.27s Sys=0.03s Real=0.07s
[27.938s][info][gc,start       ] GC(254) Pause Young (Allocation Failure)
[28.008s][info][gc,heap        ] GC(254) PSYoungGen: 119040K(159232K)->59616K(163840K) Eden: 59392K(59392K)->0K(66048K) From: 59648K(99840K)->59616K(97792K)
[28.008s][info][gc,heap        ] GC(254) ParOldGen: 4061156K(4172288K)->4121092K(4172288K)
[28.008s][info][gc,metaspace   ] GC(254) Metaspace: 6301K(6464K)->6301K(6464K) NonClass: 5768K(5824K)->5768K(5824K) Class: 533K(640K)->533K(640K)
[28.008s][info][gc             ] GC(254) Pause Young (Allocation Failure) 4082M->4082M(4234M) 69.715ms
[28.008s][info][gc,cpu         ] GC(254) User=0.34s Sys=0.08s Real=0.07s
[28.008s][info][gc,start       ] GC(255) Pause Full (Ergonomics)
[28.008s][info][gc,phases,start] GC(255) Marking Phase
[28.939s][info][gc,phases      ] GC(255) Marking Phase 931.578ms
[28.939s][info][gc,phases,start] GC(255) Summary Phase
[28.939s][info][gc,phases      ] GC(255) Summary Phase 0.061ms
[28.939s][info][gc,phases,start] GC(255) Adjust Roots
[28.940s][info][gc,phases      ] GC(255) Adjust Roots 0.181ms
[28.940s][info][gc,phases,start] GC(255) Compaction Phase
[29.326s][info][gc,phases      ] GC(255) Compaction Phase 386.394ms
[29.326s][info][gc,phases,start] GC(255) Post Compact
[29.332s][info][gc,phases      ] GC(255) Post Compact 6.006ms
[29.334s][info][gc,heap        ] GC(255) PSYoungGen: 59616K(163840K)->5211K(164352K) Eden: 0K(66048K)->0K(66560K) From: 59616K(97792K)->5211K(97792K)
[29.334s][info][gc,heap        ] GC(255) ParOldGen: 4121092K(4172288K)->4172209K(4598272K)
[29.334s][info][gc,metaspace   ] GC(255) Metaspace: 6301K(6464K)->6301K(6464K) NonClass: 5768K(5824K)->5768K(5824K) Class: 533K(640K)->533K(640K)
[29.334s][info][gc             ] GC(255) Pause Full (Ergonomics) 4082M->4079M(4651M) 1325.951ms
[29.334s][info][gc,cpu         ] GC(255) User=9.64s Sys=0.02s Real=1.33s
[29.402s][info][gc,start       ] GC(256) Pause Young (Allocation Failure)
[29.615s][info][gc,heap        ] GC(256) PSYoungGen: 71771K(164352K)->66784K(164864K) Eden: 66560K(66560K)->0K(66560K) From: 5211K(97792K)->66784K(98304K)
[29.616s][info][gc,heap        ] GC(256) ParOldGen: 4172209K(4598272K)->4177505K(4598272K)
[29.616s][info][gc,metaspace   ] GC(256) Metaspace: 6301K(6464K)->6301K(6464K) NonClass: 5768K(5824K)->5768K(5824K) Class: 533K(640K)->533K(640K)
[29.616s][info][gc             ] GC(256) Pause Young (Allocation Failure) 4144M->4144M(4651M) 213.894ms
[29.616s][info][gc,cpu         ] GC(256) User=1.41s Sys=0.00s Real=0.21s
[29.693s][info][gc,start       ] GC(257) Pause Young (Allocation Failure)
[29.769s][info][gc,heap        ] GC(257) PSYoungGen: 133344K(164864K)->99840K(146944K) Eden: 66560K(66560K)->0K(47104K) From: 66784K(98304K)->99840K(99840K)
[29.769s][info][gc,heap        ] GC(257) ParOldGen: 4177505K(4598272K)->4211249K(4598272K)
[29.769s][info][gc,metaspace   ] GC(257) Metaspace: 6301K(6464K)->6301K(6464K) NonClass: 5768K(5824K)->5768K(5824K) Class: 533K(640K)->533K(640K)
[29.769s][info][gc             ] GC(257) Pause Young (Allocation Failure) 4209M->4210M(4634M) 75.915ms
[29.769s][info][gc,cpu         ] GC(257) User=0.50s Sys=0.00s Real=0.08s
[29.826s][info][gc,start       ] GC(258) Pause Young (Allocation Failure)
[29.908s][info][gc,heap        ] GC(258) PSYoungGen: 146944K(146944K)->47296K(172544K) Eden: 47104K(47104K)->0K(47104K) From: 99840K(99840K)->47296K(125440K)
[29.908s][info][gc,heap        ] GC(258) ParOldGen: 4211249K(4598272K)->4311817K(4598272K)
[29.908s][info][gc,metaspace   ] GC(258) Metaspace: 6301K(6464K)->6301K(6464K) NonClass: 5768K(5824K)->5768K(5824K) Class: 533K(640K)->533K(640K)
[29.908s][info][gc             ] GC(258) Pause Young (Allocation Failure) 4256M->4256M(4659M) 82.276ms
[29.908s][info][gc,cpu         ] GC(258) User=0.47s Sys=0.03s Real=0.08s
[29.956s][info][gc,start       ] GC(259) Pause Young (Allocation Failure)
[30.019s][info][gc,heap        ] GC(259) PSYoungGen: 94400K(172544K)->94528K(165888K) Eden: 47104K(47104K)->0K(45056K) From: 47296K(125440K)->94528K(120832K)
[30.019s][info][gc,heap        ] GC(259) ParOldGen: 4311817K(4598272K)->4311817K(4598272K)
[30.019s][info][gc,metaspace   ] GC(259) Metaspace: 6301K(6464K)->6301K(6464K) NonClass: 5768K(5824K)->5768K(5824K) Class: 533K(640K)->533K(640K)
[30.019s][info][gc             ] GC(259) Pause Young (Allocation Failure) 4302M->4303M(4652M) 63.197ms
[30.019s][info][gc,cpu         ] GC(259) User=0.31s Sys=0.00s Real=0.06s
[30.063s][info][gc,start       ] GC(260) Pause Young (Allocation Failure)
[30.147s][info][gc,heap        ] GC(260) PSYoungGen: 139584K(165888K)->128000K(173056K) Eden: 45056K(45056K)->0K(45056K) From: 94528K(120832K)->128000K(128000K)
[30.147s][info][gc,heap        ] GC(260) ParOldGen: 4311817K(4598272K)->4323401K(4598272K)
[30.147s][info][gc,metaspace   ] GC(260) Metaspace: 6301K(6464K)->6301K(6464K) NonClass: 5768K(5824K)->5768K(5824K) Class: 533K(640K)->533K(640K)
[30.147s][info][gc             ] GC(260) Pause Young (Allocation Failure) 4347M->4347M(4659M) 83.653ms
[30.147s][info][gc,cpu         ] GC(260) User=0.34s Sys=0.00s Real=0.08s
[30.190s][info][gc,start       ] GC(261) Pause Young (Allocation Failure)
[30.285s][info][gc,heap        ] GC(261) PSYoungGen: 173056K(173056K)->88736K(199680K) Eden: 45056K(45056K)->0K(50688K) From: 128000K(128000K)->88736K(148992K)
[30.285s][info][gc,heap        ] GC(261) ParOldGen: 4323401K(4598272K)->4408537K(4598272K)
[30.285s][info][gc,metaspace   ] GC(261) Metaspace: 6301K(6464K)->6301K(6464K) NonClass: 5768K(5824K)->5768K(5824K) Class: 533K(640K)->533K(640K)
[30.285s][info][gc             ] GC(261) Pause Young (Allocation Failure) 4391M->4391M(4685M) 94.901ms
[30.285s][info][gc,cpu         ] GC(261) User=0.58s Sys=0.05s Real=0.10s
[30.344s][info][gc,start       ] GC(262) Pause Young (Allocation Failure)
[30.420s][info][gc,heap        ] GC(262) PSYoungGen: 139424K(199680K)->96096K(200192K) Eden: 50688K(50688K)->0K(50688K) From: 88736K(148992K)->96096K(149504K)
[30.420s][info][gc,heap        ] GC(262) ParOldGen: 4408537K(4598272K)->4452369K(4598272K)
[30.420s][info][gc,metaspace   ] GC(262) Metaspace: 6301K(6464K)->6301K(6464K) NonClass: 5768K(5824K)->5768K(5824K) Class: 533K(640K)->533K(640K)
[30.420s][info][gc             ] GC(262) Pause Young (Allocation Failure) 4441M->4441M(4686M) 76.755ms
[30.420s][info][gc,cpu         ] GC(262) User=0.45s Sys=0.06s Real=0.08s
[30.486s][info][gc,start       ] GC(263) Pause Young (Allocation Failure)
[30.567s][info][gc,heap        ] GC(263) PSYoungGen: 146784K(200192K)->101664K(204800K) Eden: 50688K(50688K)->0K(54272K) From: 96096K(149504K)->101664K(150528K)
[30.567s][info][gc,heap        ] GC(263) ParOldGen: 4452369K(4598272K)->4497841K(4598272K)
[30.567s][info][gc,metaspace   ] GC(263) Metaspace: 6301K(6464K)->6301K(6464K) NonClass: 5768K(5824K)->5768K(5824K) Class: 533K(640K)->533K(640K)
[30.567s][info][gc             ] GC(263) Pause Young (Allocation Failure) 4491M->4491M(4690M) 81.623ms
[30.567s][info][gc,cpu         ] GC(263) User=0.62s Sys=0.03s Real=0.08s
[30.627s][info][gc,start       ] GC(264) Pause Young (Allocation Failure)
[30.713s][info][gc,heap        ] GC(264) PSYoungGen: 155936K(204800K)->105248K(207360K) Eden: 54272K(54272K)->0K(54272K) From: 101664K(150528K)->105248K(153088K)
[30.713s][info][gc,heap        ] GC(264) ParOldGen: 4497841K(4598272K)->4549001K(4598272K)
[30.713s][info][gc,metaspace   ] GC(264) Metaspace: 6301K(6464K)->6301K(6464K) NonClass: 5768K(5824K)->5768K(5824K) Class: 533K(640K)->533K(640K)
[30.713s][info][gc             ] GC(264) Pause Young (Allocation Failure) 4544M->4545M(4693M) 85.994ms
[30.713s][info][gc,cpu         ] GC(264) User=0.53s Sys=0.00s Real=0.09s
[30.713s][info][gc,start       ] GC(265) Pause Full (Ergonomics)
[30.713s][info][gc,phases,start] GC(265) Marking Phase
[31.765s][info][gc,phases      ] GC(265) Marking Phase 1052.641ms
[31.765s][info][gc,phases,start] GC(265) Summary Phase
[31.766s][info][gc,phases      ] GC(265) Summary Phase 0.061ms
[31.766s][info][gc,phases,start] GC(265) Adjust Roots
[31.766s][info][gc,phases      ] GC(265) Adjust Roots 0.174ms
[31.766s][info][gc,phases,start] GC(265) Compaction Phase
[32.174s][info][gc,phases      ] GC(265) Compaction Phase 408.538ms
[32.174s][info][gc,phases,start] GC(265) Post Compact
[32.181s][info][gc,phases      ] GC(265) Post Compact 6.734ms
[32.183s][info][gc,heap        ] GC(265) PSYoungGen: 105248K(207360K)->52253K(207360K) Eden: 0K(54272K)->0K(54272K) From: 105248K(153088K)->52253K(153088K)
[32.183s][info][gc,heap        ] GC(265) ParOldGen: 4549001K(4598272K)->4597975K(5069824K)
[32.183s][info][gc,metaspace   ] GC(265) Metaspace: 6301K(6464K)->6301K(6464K) NonClass: 5768K(5824K)->5768K(5824K) Class: 533K(640K)->533K(640K)
[32.183s][info][gc             ] GC(265) Pause Full (Ergonomics) 4545M->4541M(5153M) 1469.879ms
[32.183s][info][gc,cpu         ] GC(265) User=11.11s Sys=0.00s Real=1.47s
[32.239s][info][gc,start       ] GC(266) Pause Young (Allocation Failure)
[32.504s][info][gc,heap        ] GC(266) PSYoungGen: 106525K(207360K)->84800K(203776K) Eden: 54272K(54272K)->0K(59904K) From: 52253K(153088K)->84800K(143872K)
[32.504s][info][gc,heap        ] GC(266) ParOldGen: 4597975K(5069824K)->4620255K(5069824K)
[32.504s][info][gc,metaspace   ] GC(266) Metaspace: 6301K(6464K)->6301K(6464K) NonClass: 5768K(5824K)->5768K(5824K) Class: 533K(640K)->533K(640K)
[32.504s][info][gc             ] GC(266) Pause Young (Allocation Failure) 4594M->4594M(5150M) 265.732ms
[32.504s][info][gc,cpu         ] GC(266) User=1.73s Sys=0.02s Real=0.27s
[32.574s][info][gc,start       ] GC(267) Pause Young (Allocation Failure)
[32.655s][info][gc,heap        ] GC(267) PSYoungGen: 144704K(203776K)->144768K(210432K) Eden: 59904K(59904K)->0K(59904K) From: 84800K(143872K)->144768K(150528K)
[32.655s][info][gc,heap        ] GC(267) ParOldGen: 4620255K(5069824K)->4620255K(5069824K)
[32.655s][info][gc,metaspace   ] GC(267) Metaspace: 6301K(6464K)->6301K(6464K) NonClass: 5768K(5824K)->5768K(5824K) Class: 533K(640K)->533K(640K)
[32.655s][info][gc             ] GC(267) Pause Young (Allocation Failure) 4653M->4653M(5156M) 81.821ms
[32.655s][info][gc,cpu         ] GC(267) User=0.52s Sys=0.00s Real=0.08s
[32.724s][info][gc,start       ] GC(268) Pause Young (Allocation Failure)
[32.836s][info][gc,heap        ] GC(268) PSYoungGen: 204672K(210432K)->167424K(197632K) Eden: 59904K(59904K)->0K(30208K) From: 144768K(150528K)->167424K(167424K)
[32.836s][info][gc,heap        ] GC(268) ParOldGen: 4620255K(5069824K)->4657767K(5069824K)
[32.836s][info][gc,metaspace   ] GC(268) Metaspace: 6301K(6464K)->6301K(6464K) NonClass: 5768K(5824K)->5768K(5824K) Class: 533K(640K)->533K(640K)
[32.836s][info][gc             ] GC(268) Pause Young (Allocation Failure) 4711M->4712M(5144M) 112.698ms
[32.836s][info][gc,cpu         ] GC(268) User=0.67s Sys=0.09s Real=0.11s
[32.869s][info][gc,start       ] GC(269) Pause Young (Allocation Failure)
[32.972s][info][gc,heap        ] GC(269) PSYoungGen: 197632K(197632K)->128320K(233472K) Eden: 30208K(30208K)->0K(30208K) From: 167424K(167424K)->128320K(203264K)
[32.972s][info][gc,heap        ] GC(269) ParOldGen: 4657767K(5069824K)->4727791K(5069824K)
[32.972s][info][gc,metaspace   ] GC(269) Metaspace: 6301K(6464K)->6301K(6464K) NonClass: 5768K(5824K)->5768K(5824K) Class: 533K(640K)->533K(640K)
[32.972s][info][gc             ] GC(269) Pause Young (Allocation Failure) 4741M->4742M(5179M) 103.116ms
[32.972s][info][gc,cpu         ] GC(269) User=0.72s Sys=0.03s Real=0.10s
[33.002s][info][gc,start       ] GC(270) Pause Young (Allocation Failure)
[33.087s][info][gc,heap        ] GC(270) PSYoungGen: 158528K(233472K)->109408K(224256K) Eden: 30208K(30208K)->0K(34304K) From: 128320K(203264K)->109408K(189952K)
[33.087s][info][gc,heap        ] GC(270) ParOldGen: 4727791K(5069824K)->4777271K(5069824K)
[33.087s][info][gc,metaspace   ] GC(270) Metaspace: 6301K(6464K)->6301K(6464K) NonClass: 5768K(5824K)->5768K(5824K) Class: 533K(640K)->533K(640K)
[33.087s][info][gc             ] GC(270) Pause Young (Allocation Failure) 4771M->4772M(5170M) 85.056ms
[33.087s][info][gc,cpu         ] GC(270) User=0.50s Sys=0.02s Real=0.09s
[33.121s][info][gc,start       ] GC(271) Pause Young (Allocation Failure)
[33.203s][info][gc,heap        ] GC(271) PSYoungGen: 143712K(224256K)->64672K(230912K) Eden: 34304K(34304K)->0K(34304K) From: 109408K(189952K)->64672K(196608K)
[33.203s][info][gc,heap        ] GC(271) ParOldGen: 4777271K(5069824K)->4856911K(5069824K)
[33.203s][info][gc,metaspace   ] GC(271) Metaspace: 6301K(6464K)->6301K(6464K) NonClass: 5768K(5824K)->5768K(5824K) Class: 533K(640K)->533K(640K)
[33.203s][info][gc             ] GC(271) Pause Young (Allocation Failure) 4805M->4806M(5176M) 81.441ms
[33.203s][info][gc,cpu         ] GC(271) User=0.47s Sys=0.06s Real=0.08s
[33.238s][info][gc,start       ] GC(272) Pause Young (Allocation Failure)
[33.302s][info][gc,heap        ] GC(272) PSYoungGen: 98976K(230912K)->34432K(230912K) Eden: 34304K(34304K)->0K(37376K) From: 64672K(196608K)->34432K(193536K)
[33.302s][info][gc,heap        ] GC(272) ParOldGen: 4856911K(5069824K)->4921967K(5069824K)
[33.302s][info][gc,metaspace   ] GC(272) Metaspace: 6301K(6464K)->6301K(6464K) NonClass: 5768K(5824K)->5768K(5824K) Class: 533K(640K)->533K(640K)
[33.302s][info][gc             ] GC(272) Pause Young (Allocation Failure) 4839M->4840M(5176M) 64.437ms
[33.302s][info][gc,cpu         ] GC(272) User=0.38s Sys=0.02s Real=0.06s
[33.342s][info][gc,start       ] GC(273) Pause Young (Allocation Failure)
[33.403s][info][gc,heap        ] GC(273) PSYoungGen: 71808K(230912K)->37504K(232448K) Eden: 37376K(37376K)->0K(37376K) From: 34432K(193536K)->37504K(195072K)
[33.403s][info][gc,heap        ] GC(273) ParOldGen: 4921967K(5069824K)->4956591K(5069824K)
[33.403s][info][gc,metaspace   ] GC(273) Metaspace: 6301K(6464K)->6301K(6464K) NonClass: 5768K(5824K)->5768K(5824K) Class: 533K(640K)->533K(640K)
[33.403s][info][gc             ] GC(273) Pause Young (Allocation Failure) 4876M->4877M(5178M) 60.877ms
[33.403s][info][gc,cpu         ] GC(273) User=0.25s Sys=0.02s Real=0.06s
[33.448s][info][gc,start       ] GC(274) Pause Young (Allocation Failure)
[33.510s][info][gc,heap        ] GC(274) PSYoungGen: 74880K(232448K)->37568K(231424K) Eden: 37376K(37376K)->0K(42496K) From: 37504K(195072K)->37568K(188928K)
[33.510s][info][gc,heap        ] GC(274) ParOldGen: 4956591K(5069824K)->4994295K(5069824K)
[33.510s][info][gc,metaspace   ] GC(274) Metaspace: 6301K(6464K)->6301K(6464K) NonClass: 5768K(5824K)->5768K(5824K) Class: 533K(640K)->533K(640K)
[33.510s][info][gc             ] GC(274) Pause Young (Allocation Failure) 4913M->4913M(5177M) 62.630ms
[33.510s][info][gc,cpu         ] GC(274) User=0.25s Sys=0.03s Real=0.06s
[33.510s][info][gc,start       ] GC(275) Pause Full (Ergonomics)
[33.510s][info][gc,phases,start] GC(275) Marking Phase
[34.670s][info][gc,phases      ] GC(275) Marking Phase 1159.543ms
[34.670s][info][gc,phases,start] GC(275) Summary Phase
[34.670s][info][gc,phases      ] GC(275) Summary Phase 0.082ms
[34.670s][info][gc,phases,start] GC(275) Adjust Roots
[34.670s][info][gc,phases      ] GC(275) Adjust Roots 0.215ms
[34.670s][info][gc,phases,start] GC(275) Compaction Phase
[35.075s][info][gc,phases      ] GC(275) Compaction Phase 405.047ms
[35.076s][info][gc,phases,start] GC(275) Post Compact
[35.083s][info][gc,phases      ] GC(275) Post Compact 7.532ms
[35.085s][info][gc,heap        ] GC(275) PSYoungGen: 37568K(231424K)->0K(233984K) Eden: 0K(42496K)->0K(42496K) From: 37568K(188928K)->0K(191488K)
[35.085s][info][gc,heap        ] GC(275) ParOldGen: 4994295K(5069824K)->5027807K(5538816K)
[35.085s][info][gc,metaspace   ] GC(275) Metaspace: 6301K(6464K)->6301K(6464K) NonClass: 5768K(5824K)->5768K(5824K) Class: 533K(640K)->533K(640K)
[35.085s][info][gc             ] GC(275) Pause Full (Ergonomics) 4913M->4909M(5637M) 1574.214ms
[35.085s][info][gc,cpu         ] GC(275) User=12.05s Sys=0.05s Real=1.57s
[35.140s][info][gc,start       ] GC(276) Pause Young (Allocation Failure)
[35.186s][info][gc,heap        ] GC(276) PSYoungGen: 42496K(233984K)->42688K(229376K) Eden: 42496K(42496K)->0K(47104K) From: 0K(191488K)->42688K(182272K)
[35.186s][info][gc,heap        ] GC(276) ParOldGen: 5027807K(5538816K)->5027807K(5538816K)
[35.186s][info][gc,metaspace   ] GC(276) Metaspace: 6301K(6464K)->6301K(6464K) NonClass: 5768K(5824K)->5768K(5824K) Class: 533K(640K)->533K(640K)
[35.186s][info][gc             ] GC(276) Pause Young (Allocation Failure) 4951M->4951M(5633M) 46.556ms
[35.186s][info][gc,cpu         ] GC(276) User=0.12s Sys=0.00s Real=0.05s
[35.238s][info][gc,start       ] GC(277) Pause Young (Allocation Failure)
[35.299s][info][gc,heap        ] GC(277) PSYoungGen: 89792K(229376K)->89856K(137216K) Eden: 47104K(47104K)->0K(47104K) From: 42688K(182272K)->89856K(90112K)
[35.299s][info][gc,heap        ] GC(277) ParOldGen: 5027807K(5538816K)->5027807K(5538816K)
[35.299s][info][gc,metaspace   ] GC(277) Metaspace: 6301K(6464K)->6301K(6464K) NonClass: 5768K(5824K)->5768K(5824K) Class: 533K(640K)->533K(640K)
[35.299s][info][gc             ] GC(277) Pause Young (Allocation Failure) 4997M->4997M(5543M) 60.527ms
[35.299s][info][gc,cpu         ] GC(277) User=0.27s Sys=0.00s Real=0.06s
[35.348s][info][gc,start       ] GC(278) Pause Young (Allocation Failure)
[35.423s][info][gc,heap        ] GC(278) PSYoungGen: 136960K(137216K)->137024K(221696K) Eden: 47104K(47104K)->0K(40960K) From: 89856K(90112K)->137024K(180736K)
[35.423s][info][gc,heap        ] GC(278) ParOldGen: 5027807K(5538816K)->5027807K(5538816K)
[35.423s][info][gc,metaspace   ] GC(278) Metaspace: 6301K(6464K)->6301K(6464K) NonClass: 5768K(5824K)->5768K(5824K) Class: 533K(640K)->533K(640K)
[35.423s][info][gc             ] GC(278) Pause Young (Allocation Failure) 5043M->5043M(5625M) 74.707ms
[35.423s][info][gc,cpu         ] GC(278) User=0.38s Sys=0.00s Real=0.07s
[35.467s][info][gc,start       ] GC(279) Pause Young (Allocation Failure)
[35.558s][info][gc,heap        ] GC(279) PSYoungGen: 177984K(221696K)->135488K(232960K) Eden: 40960K(40960K)->0K(40960K) From: 137024K(180736K)->135488K(192000K)
[35.558s][info][gc,heap        ] GC(279) ParOldGen: 5027807K(5538816K)->5070687K(5538816K)
[35.558s][info][gc,metaspace   ] GC(279) Metaspace: 6301K(6464K)->6301K(6464K) NonClass: 5768K(5824K)->5768K(5824K) Class: 533K(640K)->533K(640K)
[35.558s][info][gc             ] GC(279) Pause Young (Allocation Failure) 5083M->5084M(5636M) 90.893ms
[35.558s][info][gc,cpu         ] GC(279) User=0.62s Sys=0.00s Real=0.09s
[35.605s][info][gc,start       ] GC(280) Pause Young (Allocation Failure)
[35.695s][info][gc,heap        ] GC(280) PSYoungGen: 176448K(232960K)->129312K(242176K) Eden: 40960K(40960K)->0K(41984K) From: 135488K(192000K)->129312K(200192K)
[35.695s][info][gc,heap        ] GC(280) ParOldGen: 5070687K(5538816K)->5118223K(5538816K)
[35.695s][info][gc,metaspace   ] GC(280) Metaspace: 6301K(6464K)->6301K(6464K) NonClass: 5768K(5824K)->5768K(5824K) Class: 533K(640K)->533K(640K)
[35.695s][info][gc             ] GC(280) Pause Young (Allocation Failure) 5124M->5124M(5645M) 90.375ms
[35.695s][info][gc,cpu         ] GC(280) User=0.58s Sys=0.05s Real=0.09s
[35.740s][info][gc,start       ] GC(281) Pause Young (Allocation Failure)
[35.827s][info][gc,heap        ] GC(281) PSYoungGen: 171296K(242176K)->124160K(245760K) Eden: 41984K(41984K)->0K(41984K) From: 129312K(200192K)->124160K(203776K)
[35.827s][info][gc,heap        ] GC(281) ParOldGen: 5118223K(5538816K)->5165751K(5538816K)
[35.827s][info][gc,metaspace   ] GC(281) Metaspace: 6301K(6464K)->6301K(6464K) NonClass: 5768K(5824K)->5768K(5824K) Class: 533K(640K)->533K(640K)
[35.827s][info][gc             ] GC(281) Pause Young (Allocation Failure) 5165M->5165M(5649M) 87.291ms
[35.827s][info][gc,cpu         ] GC(281) User=0.52s Sys=0.03s Real=0.09s
[35.873s][info][gc,start       ] GC(282) Pause Young (Allocation Failure)
[35.959s][info][gc,heap        ] GC(282) PSYoungGen: 166144K(245760K)->125216K(251392K) Eden: 41984K(41984K)->0K(47616K) From: 124160K(203776K)->125216K(203776K)
[35.959s][info][gc,heap        ] GC(282) ParOldGen: 5165751K(5538816K)->5207079K(5538816K)
[35.959s][info][gc,metaspace   ] GC(282) Metaspace: 6301K(6464K)->6301K(6464K) NonClass: 5768K(5824K)->5768K(5824K) Class: 533K(640K)->533K(640K)
[35.959s][info][gc             ] GC(282) Pause Young (Allocation Failure) 5206M->5207M(5654M) 86.070ms
[35.959s][info][gc,cpu         ] GC(282) User=0.50s Sys=0.02s Real=0.09s
[36.012s][info][gc,start       ] GC(283) Pause Young (Allocation Failure)
[36.106s][info][gc,heap        ] GC(283) PSYoungGen: 172832K(251392K)->89888K(137728K) Eden: 47616K(47616K)->0K(47616K) From: 125216K(203776K)->89888K(90112K)
[36.106s][info][gc,heap        ] GC(283) ParOldGen: 5207079K(5538816K)->5290743K(5538816K)
[36.106s][info][gc,metaspace   ] GC(283) Metaspace: 6301K(6464K)->6301K(6464K) NonClass: 5768K(5824K)->5768K(5824K) Class: 533K(640K)->533K(640K)
[36.106s][info][gc             ] GC(283) Pause Young (Allocation Failure) 5253M->5254M(5543M) 94.378ms
[36.106s][info][gc,cpu         ] GC(283) User=0.53s Sys=0.09s Real=0.10s
[36.158s][info][gc,start       ] GC(284) Pause Young (Allocation Failure)
[36.236s][info][gc,heap        ] GC(284) PSYoungGen: 137504K(137728K)->47808K(246784K) Eden: 47616K(47616K)->0K(53760K) From: 89888K(90112K)->47808K(193024K)
[36.236s][info][gc,heap        ] GC(284) ParOldGen: 5290743K(5538816K)->5381111K(5538816K)
[36.236s][info][gc,metaspace   ] GC(284) Metaspace: 6301K(6464K)->6301K(6464K) NonClass: 5768K(5824K)->5768K(5824K) Class: 533K(640K)->533K(640K)
[36.236s][info][gc             ] GC(284) Pause Young (Allocation Failure) 5301M->5301M(5650M) 78.228ms
[36.236s][info][gc,cpu         ] GC(284) User=0.52s Sys=0.11s Real=0.08s
[36.299s][info][gc,start       ] GC(285) Pause Young (Allocation Failure)
[36.368s][info][gc,heap        ] GC(285) PSYoungGen: 101568K(246784K)->53984K(247808K) Eden: 53760K(53760K)->0K(53760K) From: 47808K(193024K)->53984K(194048K)
[36.368s][info][gc,heap        ] GC(285) ParOldGen: 5381111K(5538816K)->5429151K(5538816K)
[36.368s][info][gc,metaspace   ] GC(285) Metaspace: 6301K(6464K)->6301K(6464K) NonClass: 5768K(5824K)->5768K(5824K) Class: 533K(640K)->533K(640K)
[36.368s][info][gc             ] GC(285) Pause Young (Allocation Failure) 5354M->5354M(5651M) 68.767ms
[36.368s][info][gc,cpu         ] GC(285) User=0.28s Sys=0.00s Real=0.07s
[36.429s][info][gc,start       ] GC(286) Pause Young (Allocation Failure)
[36.497s][info][gc,heap        ] GC(286) PSYoungGen: 107744K(247808K)->53952K(243200K) Eden: 53760K(53760K)->0K(60416K) From: 53984K(194048K)->53952K(182784K)
[36.497s][info][gc,heap        ] GC(286) ParOldGen: 5429151K(5538816K)->5483399K(5538816K)
[36.497s][info][gc,metaspace   ] GC(286) Metaspace: 6301K(6464K)->6301K(6464K) NonClass: 5768K(5824K)->5768K(5824K) Class: 533K(640K)->533K(640K)
[36.497s][info][gc             ] GC(286) Pause Young (Allocation Failure) 5407M->5407M(5646M) 68.737ms
[36.497s][info][gc,cpu         ] GC(286) User=0.31s Sys=0.03s Real=0.07s
[36.497s][info][gc,start       ] GC(287) Pause Full (Ergonomics)
[36.497s][info][gc,phases,start] GC(287) Marking Phase
[37.741s][info][gc,phases      ] GC(287) Marking Phase 1243.496ms
[37.741s][info][gc,phases,start] GC(287) Summary Phase
[37.741s][info][gc,phases      ] GC(287) Summary Phase 0.094ms
[37.741s][info][gc,phases,start] GC(287) Adjust Roots
[37.741s][info][gc,phases      ] GC(287) Adjust Roots 0.195ms
[37.741s][info][gc,phases,start] GC(287) Compaction Phase
[38.210s][info][gc,phases      ] GC(287) Compaction Phase 468.528ms
[38.210s][info][gc,phases,start] GC(287) Post Compact
[38.218s][info][gc,phases      ] GC(287) Post Compact 8.314ms
[38.220s][info][gc,heap        ] GC(287) PSYoungGen: 53952K(243200K)->0K(247296K) Eden: 0K(60416K)->0K(60416K) From: 53952K(182784K)->0K(186880K)
[38.220s][info][gc,heap        ] GC(287) ParOldGen: 5483399K(5538816K)->5532784K(6091264K)
[38.220s][info][gc,metaspace   ] GC(287) Metaspace: 6301K(6464K)->6301K(6464K) NonClass: 5768K(5824K)->5768K(5824K) Class: 533K(640K)->533K(640K)
[38.220s][info][gc             ] GC(287) Pause Full (Ergonomics) 5407M->5403M(6190M) 1722.703ms
[38.220s][info][gc,cpu         ] GC(287) User=13.00s Sys=0.02s Real=1.72s
[38.287s][info][gc,start       ] GC(288) Pause Young (Allocation Failure)
[38.339s][info][gc,heap        ] GC(288) PSYoungGen: 60416K(247296K)->60640K(240128K) Eden: 60416K(60416K)->0K(66048K) From: 0K(186880K)->60640K(174080K)
[38.339s][info][gc,heap        ] GC(288) ParOldGen: 5532784K(6091264K)->5532784K(6091264K)
[38.340s][info][gc,metaspace   ] GC(288) Metaspace: 6301K(6464K)->6301K(6464K) NonClass: 5768K(5824K)->5768K(5824K) Class: 533K(640K)->533K(640K)
[38.340s][info][gc             ] GC(288) Pause Young (Allocation Failure) 5462M->5462M(6183M) 52.780ms
[38.340s][info][gc,cpu         ] GC(288) User=0.19s Sys=0.00s Real=0.05s
[38.413s][info][gc,start       ] GC(289) Pause Young (Allocation Failure)
[38.488s][info][gc,heap        ] GC(289) PSYoungGen: 126688K(240128K)->126848K(247296K) Eden: 66048K(66048K)->0K(66048K) From: 60640K(174080K)->126848K(181248K)
[38.488s][info][gc,heap        ] GC(289) ParOldGen: 5532784K(6091264K)->5532784K(6091264K)
[38.488s][info][gc,metaspace   ] GC(289) Metaspace: 6301K(6464K)->6301K(6464K) NonClass: 5768K(5824K)->5768K(5824K) Class: 533K(640K)->533K(640K)
[38.488s][info][gc             ] GC(289) Pause Young (Allocation Failure) 5526M->5526M(6190M) 74.901ms
[38.488s][info][gc,cpu         ] GC(289) User=0.33s Sys=0.00s Real=0.08s
[38.572s][info][gc,start       ] GC(290) Pause Young (Allocation Failure)
[38.674s][info][gc,heap        ] GC(290) PSYoungGen: 192896K(247296K)->187392K(230912K) Eden: 66048K(66048K)->0K(43520K) From: 126848K(181248K)->187392K(187392K)
[38.674s][info][gc,heap        ] GC(290) ParOldGen: 5532784K(6091264K)->5538280K(6091264K)
[38.674s][info][gc,metaspace   ] GC(290) Metaspace: 6301K(6464K)->6301K(6464K) NonClass: 5768K(5824K)->5768K(5824K) Class: 533K(640K)->533K(640K)
[38.674s][info][gc             ] GC(290) Pause Young (Allocation Failure) 5591M->5591M(6174M) 102.648ms
[38.674s][info][gc,cpu         ] GC(290) User=0.62s Sys=0.02s Real=0.10s
[39.872s][info][gc,start       ] GC(291) Pause Young (Allocation Failure)
[40.109s][info][gc,heap        ] GC(291) PSYoungGen: 230912K(230912K)->107648K(151552K) Eden: 43520K(43520K)->0K(43520K) From: 187392K(187392K)->107648K(108032K)
[40.109s][info][gc,heap        ] GC(291) ParOldGen: 5800424K(6091264K)->5924808K(6091264K)
[40.109s][info][gc,metaspace   ] GC(291) Metaspace: 6301K(6464K)->6301K(6464K) NonClass: 5768K(5824K)->5768K(5824K) Class: 533K(640K)->533K(640K)
[40.109s][info][gc             ] GC(291) Pause Young (Allocation Failure) 5889M->5891M(6096M) 236.900ms
[40.109s][info][gc,cpu         ] GC(291) User=1.58s Sys=0.03s Real=0.24s
[40.151s][info][gc,start       ] GC(292) Pause Young (Allocation Failure)
[40.256s][info][gc,heap        ] GC(292) PSYoungGen: 151168K(151552K)->151232K(246784K) Eden: 43520K(43520K)->0K(38912K) From: 107648K(108032K)->151232K(207872K)
[40.256s][info][gc,heap        ] GC(292) ParOldGen: 5924808K(6091264K)->5924808K(6091264K)
[40.256s][info][gc,metaspace   ] GC(292) Metaspace: 6301K(6464K)->6301K(6464K) NonClass: 5768K(5824K)->5768K(5824K) Class: 533K(640K)->533K(640K)
[40.256s][info][gc             ] GC(292) Pause Young (Allocation Failure) 5933M->5933M(6189M) 104.660ms
[40.256s][info][gc,cpu         ] GC(292) User=0.22s Sys=0.00s Real=0.10s
[40.295s][info][gc,start       ] GC(293) Pause Young (Allocation Failure)
[40.407s][info][gc,heap        ] GC(293) PSYoungGen: 190144K(246784K)->190208K(255488K) Eden: 38912K(38912K)->0K(38912K) From: 151232K(207872K)->190208K(216576K)
[40.407s][info][gc,heap        ] GC(293) ParOldGen: 5924808K(6091264K)->5924808K(6091264K)
[40.407s][info][gc,metaspace   ] GC(293) Metaspace: 6301K(6464K)->6301K(6464K) NonClass: 5768K(5824K)->5768K(5824K) Class: 533K(640K)->533K(640K)
[40.407s][info][gc             ] GC(293) Pause Young (Allocation Failure) 5971M->5971M(6198M) 112.237ms
[40.407s][info][gc,cpu         ] GC(293) User=0.38s Sys=0.00s Real=0.11s
[40.450s][info][gc,start       ] GC(294) Pause Young (Allocation Failure)
[40.574s][info][gc,heap        ] GC(294) PSYoungGen: 229120K(255488K)->165216K(273920K) Eden: 38912K(38912K)->0K(36864K) From: 190208K(216576K)->165216K(237056K)
[40.574s][info][gc,heap        ] GC(294) ParOldGen: 5924808K(6091264K)->5989192K(6091264K)
[40.574s][info][gc,metaspace   ] GC(294) Metaspace: 6301K(6464K)->6301K(6464K) NonClass: 5768K(5824K)->5768K(5824K) Class: 533K(640K)->533K(640K)
[40.574s][info][gc             ] GC(294) Pause Young (Allocation Failure) 6009M->6010M(6216M) 124.161ms
[40.574s][info][gc,cpu         ] GC(294) User=0.44s Sys=0.00s Real=0.12s
[40.574s][info][gc,start       ] GC(295) Pause Full (Ergonomics)
[40.574s][info][gc,phases,start] GC(295) Marking Phase
[41.900s][info][gc,phases      ] GC(295) Marking Phase 1325.531ms
[41.900s][info][gc,phases,start] GC(295) Summary Phase
[41.900s][info][gc,phases      ] GC(295) Summary Phase 0.129ms
[41.900s][info][gc,phases,start] GC(295) Adjust Roots
[41.900s][info][gc,phases      ] GC(295) Adjust Roots 0.162ms
[41.900s][info][gc,phases,start] GC(295) Compaction Phase
[42.815s][info][gc,phases      ] GC(295) Compaction Phase 914.425ms
[42.815s][info][gc,phases,start] GC(295) Post Compact
[42.825s][info][gc,phases      ] GC(295) Post Compact 9.845ms
[42.827s][info][gc,heap        ] GC(295) PSYoungGen: 165216K(273920K)->0K(280576K) Eden: 0K(36864K)->0K(36864K) From: 165216K(237056K)->0K(243712K)
[42.827s][info][gc,heap        ] GC(295) ParOldGen: 5989192K(6091264K)->6021019K(6642688K)
[42.827s][info][gc,metaspace   ] GC(295) Metaspace: 6301K(6464K)->6301K(6464K) NonClass: 5768K(5824K)->5768K(5824K) Class: 533K(640K)->533K(640K)
[42.827s][info][gc             ] GC(295) Pause Full (Ergonomics) 6010M->5879M(6761M) 2252.174ms
[42.827s][info][gc,cpu         ] GC(295) User=15.92s Sys=0.05s Real=2.25s
[42.869s][info][gc,start       ] GC(296) Pause Young (Allocation Failure)
[42.941s][info][gc,heap        ] GC(296) PSYoungGen: 36864K(280576K)->37024K(283648K) Eden: 36864K(36864K)->0K(39936K) From: 0K(243712K)->37024K(243712K)
[42.941s][info][gc,heap        ] GC(296) ParOldGen: 6021019K(6642688K)->6021019K(6642688K)
[42.941s][info][gc,metaspace   ] GC(296) Metaspace: 6301K(6464K)->6301K(6464K) NonClass: 5768K(5824K)->5768K(5824K) Class: 533K(640K)->533K(640K)
[42.941s][info][gc             ] GC(296) Pause Young (Allocation Failure) 5915M->5916M(6764M) 71.889ms
[42.941s][info][gc,cpu         ] GC(296) User=0.20s Sys=0.00s Real=0.07s
[42.981s][info][gc,start       ] GC(297) Pause Young (Allocation Failure)
[43.060s][info][gc,heap        ] GC(297) PSYoungGen: 76960K(283648K)->77024K(117248K) Eden: 39936K(39936K)->0K(39936K) From: 37024K(243712K)->77024K(77312K)
[43.060s][info][gc,heap        ] GC(297) ParOldGen: 6021019K(6642688K)->6021019K(6642688K)
[43.060s][info][gc,metaspace   ] GC(297) Metaspace: 6301K(6464K)->6301K(6464K) NonClass: 5768K(5824K)->5768K(5824K) Class: 533K(640K)->533K(640K)
[43.060s][info][gc             ] GC(297) Pause Young (Allocation Failure) 5955M->5955M(6601M) 79.079ms
[43.060s][info][gc,cpu         ] GC(297) User=0.20s Sys=0.00s Real=0.08s
[43.100s][info][gc,start       ] GC(298) Pause Young (Allocation Failure)
[43.190s][info][gc,heap        ] GC(298) PSYoungGen: 116960K(117248K)->117024K(263168K) Eden: 39936K(39936K)->0K(44544K) From: 77024K(77312K)->117024K(218624K)
[43.190s][info][gc,heap        ] GC(298) ParOldGen: 6021019K(6642688K)->6021019K(6642688K)
[43.190s][info][gc,metaspace   ] GC(298) Metaspace: 6301K(6464K)->6301K(6464K) NonClass: 5768K(5824K)->5768K(5824K) Class: 533K(640K)->533K(640K)
[43.190s][info][gc             ] GC(298) Pause Young (Allocation Failure) 5994M->5994M(6744M) 90.628ms
[43.190s][info][gc,cpu         ] GC(298) User=0.23s Sys=0.00s Real=0.09s
[43.235s][info][gc,start       ] GC(299) Pause Young (Allocation Failure)
[43.344s][info][gc,heap        ] GC(299) PSYoungGen: 161568K(263168K)->161632K(272384K) Eden: 44544K(44544K)->0K(44544K) From: 117024K(218624K)->161632K(227840K)
[43.344s][info][gc,heap        ] GC(299) ParOldGen: 6021019K(6642688K)->6021019K(6642688K)
[43.344s][info][gc,metaspace   ] GC(299) Metaspace: 6301K(6464K)->6301K(6464K) NonClass: 5768K(5824K)->5768K(5824K) Class: 533K(640K)->533K(640K)
[43.344s][info][gc             ] GC(299) Pause Young (Allocation Failure) 6037M->6037M(6753M) 108.623ms
[43.344s][info][gc,cpu         ] GC(299) User=0.39s Sys=0.02s Real=0.11s
[43.391s][info][gc,start       ] GC(300) Pause Young (Allocation Failure)
[43.508s][info][gc,heap        ] GC(300) PSYoungGen: 206176K(272384K)->169312K(278016K) Eden: 44544K(44544K)->0K(41984K) From: 161632K(227840K)->169312K(236032K)
[43.508s][info][gc,heap        ] GC(300) ParOldGen: 6021019K(6642688K)->6058219K(6642688K)
[43.508s][info][gc,metaspace   ] GC(300) Metaspace: 6301K(6464K)->6301K(6464K) NonClass: 5768K(5824K)->5768K(5824K) Class: 533K(640K)->533K(640K)
[43.508s][info][gc             ] GC(300) Pause Young (Allocation Failure) 6081M->6081M(6758M) 116.204ms
[43.508s][info][gc,cpu         ] GC(300) User=0.41s Sys=0.05s Real=0.12s
[43.551s][info][gc,start       ] GC(301) Pause Young (Allocation Failure)
[43.672s][info][gc,heap        ] GC(301) PSYoungGen: 211296K(278016K)->131360K(173568K) Eden: 41984K(41984K)->0K(41984K) From: 169312K(236032K)->131360K(131584K)
[43.672s][info][gc,heap        ] GC(301) ParOldGen: 6058219K(6642688K)->6138803K(6642688K)
[43.672s][info][gc,metaspace   ] GC(301) Metaspace: 6301K(6464K)->6301K(6464K) NonClass: 5768K(5824K)->5768K(5824K) Class: 533K(640K)->533K(640K)
[43.672s][info][gc             ] GC(301) Pause Young (Allocation Failure) 6122M->6123M(6656M) 121.024ms
[43.672s][info][gc,cpu         ] GC(301) User=0.36s Sys=0.00s Real=0.12s
[43.715s][info][gc,start       ] GC(302) Pause Young (Allocation Failure)
[43.827s][info][gc,heap        ] GC(302) PSYoungGen: 173344K(173568K)->84192K(273408K) Eden: 41984K(41984K)->0K(48128K) From: 131360K(131584K)->84192K(225280K)
[43.827s][info][gc,heap        ] GC(302) ParOldGen: 6138803K(6642688K)->6228659K(6642688K)
[43.827s][info][gc,metaspace   ] GC(302) Metaspace: 6301K(6464K)->6301K(6464K) NonClass: 5768K(5824K)->5768K(5824K) Class: 533K(640K)->533K(640K)
[43.827s][info][gc             ] GC(302) Pause Young (Allocation Failure) 6164M->6164M(6754M) 111.859ms
[43.827s][info][gc,cpu         ] GC(302) User=0.39s Sys=0.03s Real=0.11s
[43.880s][info][gc,start       ] GC(303) Pause Young (Allocation Failure)
[43.985s][info][gc,heap        ] GC(303) PSYoungGen: 132320K(273408K)->48352K(279040K) Eden: 48128K(48128K)->0K(48128K) From: 84192K(225280K)->48352K(230912K)
[43.985s][info][gc,heap        ] GC(303) ParOldGen: 6228659K(6642688K)->6313355K(6642688K)
[43.985s][info][gc,metaspace   ] GC(303) Metaspace: 6301K(6464K)->6301K(6464K) NonClass: 5768K(5824K)->5768K(5824K) Class: 533K(640K)->533K(640K)
[43.985s][info][gc             ] GC(303) Pause Young (Allocation Failure) 6211M->6212M(6759M) 104.842ms
[43.985s][info][gc,cpu         ] GC(303) User=0.30s Sys=0.02s Real=0.11s
[44.035s][info][gc,start       ] GC(304) Pause Young (Allocation Failure)
[44.124s][info][gc,heap        ] GC(304) PSYoungGen: 96480K(279040K)->48352K(282112K) Eden: 48128K(48128K)->0K(54784K) From: 48352K(230912K)->48352K(227328K)
[44.124s][info][gc,heap        ] GC(304) ParOldGen: 6313355K(6642688K)->6361899K(6642688K)
[44.124s][info][gc,metaspace   ] GC(304) Metaspace: 6301K(6464K)->6301K(6464K) NonClass: 5768K(5824K)->5768K(5824K) Class: 533K(640K)->533K(640K)
[44.124s][info][gc             ] GC(304) Pause Young (Allocation Failure) 6259M->6260M(6762M) 89.267ms
[44.124s][info][gc,cpu         ] GC(304) User=0.16s Sys=0.02s Real=0.09s
[44.182s][info][gc,start       ] GC(305) Pause Young (Allocation Failure)
[44.283s][info][gc,heap        ] GC(305) PSYoungGen: 103136K(282112K)->55008K(284160K) Eden: 54784K(54784K)->0K(54784K) From: 48352K(227328K)->55008K(229376K)
[44.283s][info][gc,heap        ] GC(305) ParOldGen: 6361899K(6642688K)->6410459K(6642688K)
[44.283s][info][gc,metaspace   ] GC(305) Metaspace: 6301K(6464K)->6301K(6464K) NonClass: 5768K(5824K)->5768K(5824K) Class: 533K(640K)->533K(640K)
[44.283s][info][gc             ] GC(305) Pause Young (Allocation Failure) 6313M->6313M(6764M) 101.163ms
[44.283s][info][gc,cpu         ] GC(305) User=0.25s Sys=0.00s Real=0.10s
[44.345s][info][gc,start       ] GC(306) Pause Young (Allocation Failure)
[44.461s][info][gc,heap        ] GC(306) PSYoungGen: 109792K(284160K)->55008K(277504K) Eden: 54784K(54784K)->0K(62464K) From: 55008K(229376K)->55008K(215040K)
[44.461s][info][gc,heap        ] GC(306) ParOldGen: 6410459K(6642688K)->6465739K(6642688K)
[44.461s][info][gc,metaspace   ] GC(306) Metaspace: 6301K(6464K)->6301K(6464K) NonClass: 5768K(5824K)->5768K(5824K) Class: 533K(640K)->533K(640K)
[44.461s][info][gc             ] GC(306) Pause Young (Allocation Failure) 6367M->6367M(6758M) 115.618ms
[44.461s][info][gc,cpu         ] GC(306) User=0.42s Sys=0.05s Real=0.12s
[44.524s][info][gc,start       ] GC(307) Pause Young (Allocation Failure)
[44.636s][info][gc,heap        ] GC(307) PSYoungGen: 117472K(277504K)->62720K(282624K) Eden: 62464K(62464K)->0K(62464K) From: 55008K(215040K)->62720K(220160K)
[44.636s][info][gc,heap        ] GC(307) ParOldGen: 6465739K(6642688K)->6521019K(6642688K)
[44.636s][info][gc,metaspace   ] GC(307) Metaspace: 6301K(6464K)->6301K(6464K) NonClass: 5768K(5824K)->5768K(5824K) Class: 533K(640K)->533K(640K)
[44.636s][info][gc             ] GC(307) Pause Young (Allocation Failure) 6428M->6429M(6763M) 111.609ms
[44.636s][info][gc,cpu         ] GC(307) User=0.25s Sys=0.05s Real=0.11s
[44.704s][info][gc,start       ] GC(308) Pause Young (Allocation Failure)
[44.816s][info][gc,heap        ] GC(308) PSYoungGen: 125184K(282624K)->62688K(268800K) Eden: 62464K(62464K)->0K(71168K) From: 62720K(220160K)->62688K(197632K)
[44.816s][info][gc,heap        ] GC(308) ParOldGen: 6521019K(6642688K)->6584051K(6642688K)
[44.816s][info][gc,metaspace   ] GC(308) Metaspace: 6301K(6464K)->6301K(6464K) NonClass: 5768K(5824K)->5768K(5824K) Class: 533K(640K)->533K(640K)
[44.816s][info][gc             ] GC(308) Pause Young (Allocation Failure) 6490M->6490M(6749M) 111.695ms
[44.816s][info][gc,cpu         ] GC(308) User=0.31s Sys=0.02s Real=0.11s
[44.816s][info][gc,start       ] GC(309) Pause Full (Ergonomics)
[44.816s][info][gc,phases,start] GC(309) Marking Phase
[46.353s][info][gc,phases      ] GC(309) Marking Phase 1537.383ms
[46.353s][info][gc,phases,start] GC(309) Summary Phase
[46.354s][info][gc,phases      ] GC(309) Summary Phase 0.166ms
[46.354s][info][gc,phases,start] GC(309) Adjust Roots
[46.354s][info][gc,phases      ] GC(309) Adjust Roots 0.329ms
[46.354s][info][gc,phases,start] GC(309) Compaction Phase
[47.042s][info][gc,phases      ] GC(309) Compaction Phase 688.377ms
[47.042s][info][gc,phases,start] GC(309) Post Compact
[47.053s][info][gc,phases      ] GC(309) Post Compact 10.648ms
[47.055s][info][gc,heap        ] GC(309) PSYoungGen: 62688K(268800K)->0K(276480K) Eden: 0K(71168K)->0K(71168K) From: 62688K(197632K)->0K(205312K)
[47.055s][info][gc,heap        ] GC(309) ParOldGen: 6584051K(6642688K)->6641145K(7317504K)
[47.055s][info][gc,metaspace   ] GC(309) Metaspace: 6301K(6464K)->6301K(6464K) NonClass: 5768K(5824K)->5768K(5824K) Class: 533K(640K)->533K(640K)
[47.055s][info][gc             ] GC(309) Pause Full (Ergonomics) 6490M->6485M(7416M) 2239.377ms
[47.055s][info][gc,cpu         ] GC(309) User=15.23s Sys=0.06s Real=2.24s
[47.136s][info][gc,start       ] GC(310) Pause Young (Allocation Failure)
[47.225s][info][gc,heap        ] GC(310) PSYoungGen: 71168K(276480K)->71424K(264192K) Eden: 71168K(71168K)->0K(78336K) From: 0K(205312K)->71424K(185856K)
[47.225s][info][gc,heap        ] GC(310) ParOldGen: 6641145K(7317504K)->6641145K(7317504K)
[47.225s][info][gc,metaspace   ] GC(310) Metaspace: 6301K(6464K)->6301K(6464K) NonClass: 5768K(5824K)->5768K(5824K) Class: 533K(640K)->533K(640K)
[47.225s][info][gc             ] GC(310) Pause Young (Allocation Failure) 6554M->6555M(7404M) 88.991ms
[47.225s][info][gc,cpu         ] GC(310) User=0.22s Sys=0.00s Real=0.09s
[47.312s][info][gc,start       ] GC(311) Pause Young (Allocation Failure)
[47.426s][info][gc,heap        ] GC(311) PSYoungGen: 149760K(264192K)->78624K(157184K) Eden: 78336K(78336K)->0K(78336K) From: 71424K(185856K)->78624K(78848K)
[47.426s][info][gc,heap        ] GC(311) ParOldGen: 6641145K(7317504K)->6712961K(7317504K)
[47.426s][info][gc,metaspace   ] GC(311) Metaspace: 6301K(6464K)->6301K(6464K) NonClass: 5768K(5824K)->5768K(5824K) Class: 533K(640K)->533K(640K)
[47.426s][info][gc             ] GC(311) Pause Young (Allocation Failure) 6631M->6632M(7299M) 113.749ms
[47.426s][info][gc,cpu         ] GC(311) User=0.36s Sys=0.03s Real=0.11s
[47.509s][info][gc,start       ] GC(312) Pause Young (Allocation Failure)
[47.638s][info][gc,heap        ] GC(312) PSYoungGen: 156960K(157184K)->78592K(257024K) Eden: 78336K(78336K)->0K(87040K) From: 78624K(78848K)->78592K(169984K)
[47.638s][info][gc,heap        ] GC(312) ParOldGen: 6712961K(7317504K)->6792001K(7317504K)
[47.638s][info][gc,metaspace   ] GC(312) Metaspace: 6301K(6464K)->6301K(6464K) NonClass: 5768K(5824K)->5768K(5824K) Class: 533K(640K)->533K(640K)
[47.638s][info][gc             ] GC(312) Pause Young (Allocation Failure) 6708M->6709M(7397M) 129.397ms
[47.638s][info][gc,cpu         ] GC(312) User=0.25s Sys=0.05s Real=0.13s
[47.741s][info][gc,start       ] GC(313) Pause Young (Allocation Failure)
[47.864s][info][gc,heap        ] GC(313) PSYoungGen: 165632K(257024K)->87328K(265216K) Eden: 87040K(87040K)->0K(87040K) From: 78592K(169984K)->87328K(178176K)
[47.864s][info][gc,heap        ] GC(313) ParOldGen: 6792001K(7317504K)->6871041K(7317504K)
[47.864s][info][gc,metaspace   ] GC(313) Metaspace: 6301K(6464K)->6301K(6464K) NonClass: 5768K(5824K)->5768K(5824K) Class: 533K(640K)->533K(640K)
[47.865s][info][gc             ] GC(313) Pause Young (Allocation Failure) 6794M->6795M(7405M) 123.701ms
[47.865s][info][gc,cpu         ] GC(313) User=0.34s Sys=0.02s Real=0.12s
[47.953s][info][gc,start       ] GC(314) Pause Young (Allocation Failure)
[48.074s][info][gc,heap        ] GC(314) PSYoungGen: 174368K(265216K)->87296K(251392K) Eden: 87040K(87040K)->0K(96768K) From: 87328K(178176K)->87296K(154624K)
[48.074s][info][gc,heap        ] GC(314) ParOldGen: 6871041K(7317504K)->6958857K(7317504K)
[48.074s][info][gc,metaspace   ] GC(314) Metaspace: 6301K(6464K)->6301K(6464K) NonClass: 5768K(5824K)->5768K(5824K) Class: 533K(640K)->533K(640K)
[48.074s][info][gc             ] GC(314) Pause Young (Allocation Failure) 6880M->6881M(7391M) 121.227ms
[48.074s][info][gc,cpu         ] GC(314) User=0.55s Sys=0.05s Real=0.12s
[48.169s][info][gc,start       ] GC(315) Pause Young (Allocation Failure)
[48.288s][info][gc,heap        ] GC(315) PSYoungGen: 184064K(251392K)->97088K(259072K) Eden: 96768K(96768K)->0K(96768K) From: 87296K(154624K)->97088K(162304K)
[48.288s][info][gc,heap        ] GC(315) ParOldGen: 6958857K(7317504K)->7046681K(7317504K)
[48.289s][info][gc,metaspace   ] GC(315) Metaspace: 6301K(6464K)->6301K(6464K) NonClass: 5768K(5824K)->5768K(5824K) Class: 533K(640K)->533K(640K)
[48.289s][info][gc             ] GC(315) Pause Young (Allocation Failure) 6975M->6976M(7399M) 119.534ms
[48.289s][info][gc,cpu         ] GC(315) User=0.42s Sys=0.02s Real=0.12s
[48.392s][info][gc,start       ] GC(316) Pause Young (Allocation Failure)
[48.513s][info][gc,heap        ] GC(316) PSYoungGen: 193856K(259072K)->97088K(259072K) Eden: 96768K(96768K)->0K(107520K) From: 97088K(162304K)->97088K(151552K)
[48.513s][info][gc,heap        ] GC(316) ParOldGen: 7046681K(7317504K)->7144329K(7317504K)
[48.513s][info][gc,metaspace   ] GC(316) Metaspace: 6301K(6464K)->6301K(6464K) NonClass: 5768K(5824K)->5768K(5824K) Class: 533K(640K)->533K(640K)
[48.513s][info][gc             ] GC(316) Pause Young (Allocation Failure) 7070M->7071M(7399M) 121.561ms
[48.513s][info][gc,cpu         ] GC(316) User=0.58s Sys=0.08s Real=0.12s
[48.620s][info][gc,start       ] GC(317) Pause Young (Allocation Failure)
[48.756s][info][gc,heap        ] GC(317) PSYoungGen: 204608K(259072K)->107872K(262656K) Eden: 107520K(107520K)->0K(107520K) From: 97088K(151552K)->107872K(155136K)
[48.756s][info][gc,heap        ] GC(317) ParOldGen: 7144329K(7317504K)->7241985K(7317504K)
[48.756s][info][gc,metaspace   ] GC(317) Metaspace: 6301K(6464K)->6301K(6464K) NonClass: 5768K(5824K)->5768K(5824K) Class: 533K(640K)->533K(640K)
[48.756s][info][gc             ] GC(317) Pause Young (Allocation Failure) 7176M->7177M(7402M) 135.572ms
[48.756s][info][gc,cpu         ] GC(317) User=0.53s Sys=0.02s Real=0.14s
[48.756s][info][gc,start       ] GC(318) Pause Full (Ergonomics)
[48.756s][info][gc,phases,start] GC(318) Marking Phase
[50.516s][info][gc,phases      ] GC(318) Marking Phase 1759.976ms
[50.516s][info][gc,phases,start] GC(318) Summary Phase
[50.516s][info][gc,phases      ] GC(318) Summary Phase 0.174ms
[50.516s][info][gc,phases,start] GC(318) Adjust Roots
[50.516s][info][gc,phases      ] GC(318) Adjust Roots 0.336ms
[50.516s][info][gc,phases,start] GC(318) Compaction Phase
[51.301s][info][gc,phases      ] GC(318) Compaction Phase 784.076ms
[51.301s][info][gc,phases,start] GC(318) Post Compact
[51.312s][info][gc,phases      ] GC(318) Post Compact 11.314ms
[51.314s][info][gc,heap        ] GC(318) PSYoungGen: 107872K(262656K)->26780K(262656K) Eden: 0K(107520K)->0K(107520K) From: 107872K(155136K)->26780K(155136K)
[51.315s][info][gc,heap        ] GC(318) ParOldGen: 7241985K(7317504K)->7317086K(8088576K)
[51.315s][info][gc,metaspace   ] GC(318) Metaspace: 6301K(6464K)->6301K(6464K) NonClass: 5768K(5824K)->5768K(5824K) Class: 533K(640K)->533K(640K)
[51.315s][info][gc             ] GC(318) Pause Full (Ergonomics) 7177M->7171M(8155M) 2558.798ms
[51.315s][info][gc,cpu         ] GC(318) User=17.16s Sys=0.05s Real=2.56s
[51.438s][info][gc,start       ] GC(319) Pause Young (Allocation Failure)
[51.816s][info][gc,heap        ] GC(319) PSYoungGen: 134300K(262656K)->107808K(270848K) Eden: 107520K(107520K)->0K(117248K) From: 26780K(155136K)->107808K(153600K)
[51.816s][info][gc,heap        ] GC(319) ParOldGen: 7317086K(8088576K)->7344142K(8088576K)
[51.816s][info][gc,metaspace   ] GC(319) Metaspace: 6301K(6464K)->6301K(6464K) NonClass: 5768K(5824K)->5768K(5824K) Class: 533K(640K)->533K(640K)
[51.816s][info][gc             ] GC(319) Pause Young (Allocation Failure) 7276M->7277M(8163M) 377.238ms
[51.816s][info][gc,cpu         ] GC(319) User=2.38s Sys=0.00s Real=0.38s
[51.932s][info][gc,start       ] GC(320) Pause Young (Allocation Failure)
[52.112s][info][gc,heap        ] GC(320) PSYoungGen: 225056K(270848K)->156160K(273408K) Eden: 117248K(117248K)->0K(117248K) From: 107808K(153600K)->156160K(156160K)
[52.112s][info][gc,heap        ] GC(320) ParOldGen: 7344142K(8088576K)->7413662K(8088576K)
[52.112s][info][gc,metaspace   ] GC(320) Metaspace: 6301K(6464K)->6301K(6464K) NonClass: 5768K(5824K)->5768K(5824K) Class: 533K(640K)->533K(640K)
[52.112s][info][gc             ] GC(320) Pause Young (Allocation Failure) 7391M->7392M(8166M) 180.045ms
[52.112s][info][gc,cpu         ] GC(320) User=0.62s Sys=0.00s Real=0.18s
[52.237s][info][gc,start       ] GC(321) Pause Young (Allocation Failure)
[52.409s][info][gc,heap        ] GC(321) PSYoungGen: 273408K(273408K)->117600K(320000K) Eden: 117248K(117248K)->0K(129536K) From: 156160K(156160K)->117600K(190464K)
[52.409s][info][gc,heap        ] GC(321) ParOldGen: 7413662K(8088576K)->7570942K(8088576K)
[52.410s][info][gc,metaspace   ] GC(321) Metaspace: 6301K(6464K)->6301K(6464K) NonClass: 5768K(5824K)->5768K(5824K) Class: 533K(640K)->533K(640K)
[52.410s][info][gc             ] GC(321) Pause Young (Allocation Failure) 7506M->7508M(8211M) 172.801ms
[52.410s][info][gc,cpu         ] GC(321) User=0.94s Sys=0.08s Real=0.17s
[52.549s][info][gc,start       ] GC(322) Pause Young (Allocation Failure)
[52.723s][info][gc,heap        ] GC(322) PSYoungGen: 247136K(320000K)->129920K(324096K) Eden: 129536K(129536K)->0K(129536K) From: 117600K(190464K)->129920K(194560K)
[52.723s][info][gc,heap        ] GC(322) ParOldGen: 7570942K(8088576K)->7689246K(8088576K)
[52.723s][info][gc,metaspace   ] GC(322) Metaspace: 6301K(6464K)->6301K(6464K) NonClass: 5768K(5824K)->5768K(5824K) Class: 533K(640K)->533K(640K)
[52.723s][info][gc             ] GC(322) Pause Young (Allocation Failure) 7634M->7635M(8215M) 174.841ms
[52.724s][info][gc,cpu         ] GC(322) User=0.78s Sys=0.05s Real=0.17s
[52.867s][info][gc,start       ] GC(323) Pause Young (Allocation Failure)
[53.059s][info][gc,heap        ] GC(323) PSYoungGen: 259456K(324096K)->129888K(337920K) Eden: 129536K(129536K)->0K(143872K) From: 129920K(194560K)->129888K(194048K)
[53.059s][info][gc,heap        ] GC(323) ParOldGen: 7689246K(8088576K)->7819942K(8088576K)
[53.059s][info][gc,metaspace   ] GC(323) Metaspace: 6301K(6464K)->6301K(6464K) NonClass: 5768K(5824K)->5768K(5824K) Class: 533K(640K)->533K(640K)
[53.059s][info][gc             ] GC(323) Pause Young (Allocation Failure) 7762M->7763M(8229M) 192.124ms
[53.059s][info][gc,cpu         ] GC(323) User=0.69s Sys=0.06s Real=0.19s
[53.220s][info][gc,start       ] GC(324) Pause Young (Allocation Failure)
[53.402s][info][gc,heap        ] GC(324) PSYoungGen: 273760K(337920K)->144224K(337920K) Eden: 143872K(143872K)->0K(143872K) From: 129888K(194048K)->144224K(194048K)
[53.402s][info][gc,heap        ] GC(324) ParOldGen: 7819942K(8088576K)->7950646K(8088576K)
[53.402s][info][gc,metaspace   ] GC(324) Metaspace: 6301K(6464K)->6301K(6464K) NonClass: 5768K(5824K)->5768K(5824K) Class: 533K(640K)->533K(640K)
[53.402s][info][gc             ] GC(324) Pause Young (Allocation Failure) 7904M->7905M(8229M) 181.730ms
[53.402s][info][gc,cpu         ] GC(324) User=0.80s Sys=0.08s Real=0.18s
[53.402s][info][gc,start       ] GC(325) Pause Full (Ergonomics)
[53.402s][info][gc,phases,start] GC(325) Marking Phase
[55.334s][info][gc,phases      ] GC(325) Marking Phase 1932.228ms
[55.334s][info][gc,phases,start] GC(325) Summary Phase
[55.334s][info][gc,phases      ] GC(325) Summary Phase 0.234ms
[55.335s][info][gc,phases,start] GC(325) Adjust Roots
[55.335s][info][gc,phases      ] GC(325) Adjust Roots 0.430ms
[55.335s][info][gc,phases,start] GC(325) Compaction Phase
[56.185s][info][gc,phases      ] GC(325) Compaction Phase 849.449ms
[56.185s][info][gc,phases,start] GC(325) Post Compact
[56.198s][info][gc,phases      ] GC(325) Post Compact 13.111ms
[56.200s][info][gc,heap        ] GC(325) PSYoungGen: 144224K(337920K)->277K(337920K) Eden: 0K(143872K)->0K(143872K) From: 144224K(194048K)->277K(194048K)
[56.201s][info][gc,heap        ] GC(325) ParOldGen: 7950646K(8088576K)->8088361K(8975872K)
[56.201s][info][gc,metaspace   ] GC(325) Metaspace: 6301K(6464K)->6301K(6464K) NonClass: 5768K(5824K)->5768K(5824K) Class: 533K(640K)->533K(640K)
[56.201s][info][gc             ] GC(325) Pause Full (Ergonomics) 7905M->7899M(9095M) 2798.685ms
[56.201s][info][gc,cpu         ] GC(325) User=19.03s Sys=0.12s Real=2.80s
[56.355s][info][gc,start       ] GC(326) Pause Young (Allocation Failure)
[56.806s][info][gc,heap        ] GC(326) PSYoungGen: 144149K(337920K)->144224K(354816K) Eden: 143872K(143872K)->0K(156672K) From: 277K(194048K)->144224K(198144K)
[56.806s][info][gc,heap        ] GC(326) ParOldGen: 8088361K(8975872K)->8088665K(8975872K)
[56.806s][info][gc,metaspace   ] GC(326) Metaspace: 6301K(6464K)->6301K(6464K) NonClass: 5768K(5824K)->5768K(5824K) Class: 533K(640K)->533K(640K)
[56.806s][info][gc             ] GC(326) Pause Young (Allocation Failure) 8039M->8039M(9112M) 450.859ms
[56.806s][info][gc,cpu         ] GC(326) User=2.80s Sys=0.03s Real=0.45s
[56.969s][info][gc,start       ] GC(327) Pause Young (Allocation Failure)
[57.186s][info][gc,heap        ] GC(327) PSYoungGen: 300896K(354816K)->200704K(357376K) Eden: 156672K(156672K)->0K(156672K) From: 144224K(198144K)->200704K(200704K)
[57.186s][info][gc,heap        ] GC(327) ParOldGen: 8088665K(8975872K)->8189769K(8975872K)
[57.186s][info][gc,metaspace   ] GC(327) Metaspace: 6301K(6464K)->6301K(6464K) NonClass: 5768K(5824K)->5768K(5824K) Class: 533K(640K)->533K(640K)
[57.186s][info][gc             ] GC(327) Pause Young (Allocation Failure) 8192M->8193M(9114M) 216.483ms
[57.186s][info][gc,cpu         ] GC(327) User=1.03s Sys=0.06s Real=0.22s
[57.365s][info][gc,start       ] GC(328) Pause Young (Allocation Failure)
[57.577s][info][gc,heap        ] GC(328) PSYoungGen: 357376K(357376K)->157088K(424960K) Eden: 156672K(156672K)->0K(172544K) From: 200704K(200704K)->157088K(252416K)
[57.577s][info][gc,heap        ] GC(328) ParOldGen: 8189769K(8975872K)->8391913K(8975872K)
[57.577s][info][gc,metaspace   ] GC(328) Metaspace: 6301K(6464K)->6301K(6464K) NonClass: 5768K(5824K)->5768K(5824K) Class: 533K(640K)->533K(640K)
[57.577s][info][gc             ] GC(328) Pause Young (Allocation Failure) 8346M->8348M(9180M) 212.291ms
[57.577s][info][gc,cpu         ] GC(328) User=1.06s Sys=0.11s Real=0.21s
[57.752s][info][gc,start       ] GC(329) Pause Young (Allocation Failure)
[57.938s][info][gc,heap        ] GC(329) PSYoungGen: 329632K(424960K)->256000K(428544K) Eden: 172544K(172544K)->0K(172544K) From: 157088K(252416K)->256000K(256000K)
[57.938s][info][gc,heap        ] GC(329) ParOldGen: 8391913K(8975872K)->8466305K(8975872K)
[57.938s][info][gc,metaspace   ] GC(329) Metaspace: 6301K(6464K)->6301K(6464K) NonClass: 5768K(5824K)->5768K(5824K) Class: 533K(640K)->533K(640K)
[57.938s][info][gc             ] GC(329) Pause Young (Allocation Failure) 8517M->8517M(9184M) 185.338ms
[57.938s][info][gc,cpu         ] GC(329) User=1.19s Sys=0.03s Real=0.18s
[58.137s][info][gc,start       ] GC(330) Pause Young (Allocation Failure)
[58.412s][info][gc,heap        ] GC(330) PSYoungGen: 428544K(428544K)->173024K(486400K) Eden: 172544K(172544K)->0K(190464K) From: 256000K(256000K)->173024K(295936K)
[58.412s][info][gc,heap        ] GC(330) ParOldGen: 8466305K(8975872K)->8724081K(8975872K)
[58.412s][info][gc,metaspace   ] GC(330) Metaspace: 6301K(6464K)->6301K(6464K) NonClass: 5768K(5824K)->5768K(5824K) Class: 533K(640K)->533K(640K)
[58.412s][info][gc             ] GC(330) Pause Young (Allocation Failure) 8686M->8688M(9240M) 275.437ms
[58.412s][info][gc,cpu         ] GC(330) User=1.56s Sys=0.25s Real=0.28s
[58.412s][info][gc,start       ] GC(331) Pause Full (Ergonomics)
[58.412s][info][gc,phases,start] GC(331) Marking Phase
[60.430s][info][gc,phases      ] GC(331) Marking Phase 2017.898ms
[60.430s][info][gc,phases,start] GC(331) Summary Phase
[60.430s][info][gc,phases      ] GC(331) Summary Phase 0.192ms
[60.430s][info][gc,phases,start] GC(331) Adjust Roots
[60.430s][info][gc,phases      ] GC(331) Adjust Roots 0.251ms
[60.431s][info][gc,phases,start] GC(331) Compaction Phase
[61.312s][info][gc,phases      ] GC(331) Compaction Phase 881.753ms
[61.312s][info][gc,phases,start] GC(331) Post Compact
[61.331s][info][gc,phases      ] GC(331) Post Compact 18.454ms
[61.333s][info][gc,heap        ] GC(331) PSYoungGen: 173024K(486400K)->0K(496128K) Eden: 0K(190464K)->0K(190464K) From: 173024K(295936K)->0K(305664K)
[61.333s][info][gc,heap        ] GC(331) ParOldGen: 8724081K(8975872K)->8890776K(9762304K)
[61.334s][info][gc,metaspace   ] GC(331) Metaspace: 6301K(6464K)->6301K(6464K) NonClass: 5768K(5824K)->5768K(5824K) Class: 533K(640K)->533K(640K)
[61.334s][info][gc             ] GC(331) Pause Full (Ergonomics) 8688M->8682M(10018M) 2921.506ms
[61.334s][info][gc,cpu         ] GC(331) User=21.09s Sys=0.12s Real=2.92s
[61.548s][info][gc,start       ] GC(332) Pause Young (Allocation Failure)
[61.679s][info][gc,heap        ] GC(332) PSYoungGen: 190464K(496128K)->190976K(503808K) Eden: 190464K(190464K)->0K(206848K) From: 0K(305664K)->190976K(296960K)
[61.679s][info][gc,heap        ] GC(332) ParOldGen: 8890776K(9762304K)->8890776K(9762304K)
[61.679s][info][gc,metaspace   ] GC(332) Metaspace: 6301K(6464K)->6301K(6464K) NonClass: 5768K(5824K)->5768K(5824K) Class: 533K(640K)->533K(640K)
[61.679s][info][gc             ] GC(332) Pause Young (Allocation Failure) 8868M->8868M(10025M) 130.430ms
[61.679s][info][gc,cpu         ] GC(332) User=0.66s Sys=0.00s Real=0.13s
[61.923s][info][gc,start       ] GC(333) Pause Young (Allocation Failure)
[62.143s][info][gc,heap        ] GC(333) PSYoungGen: 397824K(503808K)->303104K(509952K) Eden: 206848K(206848K)->0K(206848K) From: 190976K(296960K)->303104K(303104K)
[62.143s][info][gc,heap        ] GC(333) ParOldGen: 8890776K(9762304K)->8986464K(9762304K)
[62.143s][info][gc,metaspace   ] GC(333) Metaspace: 6301K(6464K)->6301K(6464K) NonClass: 5768K(5824K)->5768K(5824K) Class: 533K(640K)->533K(640K)
[62.143s][info][gc             ] GC(333) Pause Young (Allocation Failure) 9070M->9071M(10031M) 220.165ms
[62.143s][info][gc,cpu         ] GC(333) User=1.56s Sys=0.05s Real=0.22s
[62.367s][info][gc,start       ] GC(334) Pause Young (Allocation Failure)
[62.668s][info][gc,heap        ] GC(334) PSYoungGen: 509952K(509952K)->207424K(581120K) Eden: 206848K(206848K)->0K(225792K) From: 303104K(303104K)->207424K(355328K)
[62.668s][info][gc,heap        ] GC(334) ParOldGen: 8986464K(9762304K)->9291752K(9762304K)
[62.668s][info][gc,metaspace   ] GC(334) Metaspace: 6301K(6464K)->6301K(6464K) NonClass: 5768K(5824K)->5768K(5824K) Class: 533K(640K)->533K(640K)
[62.668s][info][gc             ] GC(334) Pause Young (Allocation Failure) 9273M->9276M(10101M) 300.654ms
[62.668s][info][gc,cpu         ] GC(334) User=1.98s Sys=0.27s Real=0.30s
[62.915s][info][gc,start       ] GC(335) Pause Young (Allocation Failure)
[63.150s][info][gc,heap        ] GC(335) PSYoungGen: 433216K(581120K)->365568K(591360K) Eden: 225792K(225792K)->0K(225792K) From: 207424K(355328K)->365568K(365568K)
[63.150s][info][gc,heap        ] GC(335) ParOldGen: 9291752K(9762304K)->9360224K(9762304K)
[63.150s][info][gc,metaspace   ] GC(335) Metaspace: 6301K(6464K)->6301K(6464K) NonClass: 5768K(5824K)->5768K(5824K) Class: 533K(640K)->533K(640K)
[63.150s][info][gc             ] GC(335) Pause Young (Allocation Failure) 9497M->9497M(10111M) 234.715ms
[63.150s][info][gc,cpu         ] GC(335) User=1.58s Sys=0.03s Real=0.23s
[63.388s][info][gc,start       ] GC(336) Pause Young (Allocation Failure)
[63.748s][info][gc,heap        ] GC(336) PSYoungGen: 591360K(591360K)->226400K(653824K) Eden: 225792K(225792K)->0K(248832K) From: 365568K(365568K)->226400K(404992K)
[63.748s][info][gc,heap        ] GC(336) ParOldGen: 9360224K(9762304K)->9728448K(9762304K)
[63.748s][info][gc,metaspace   ] GC(336) Metaspace: 6301K(6464K)->6301K(6464K) NonClass: 5768K(5824K)->5768K(5824K) Class: 533K(640K)->533K(640K)
[63.748s][info][gc             ] GC(336) Pause Young (Allocation Failure) 9718M->9721M(10172M) 360.674ms
[63.748s][info][gc,cpu         ] GC(336) User=2.25s Sys=0.19s Real=0.36s
[63.748s][info][gc,start       ] GC(337) Pause Full (Ergonomics)
[63.748s][info][gc,phases,start] GC(337) Marking Phase
[66.078s][info][gc,phases      ] GC(337) Marking Phase 2329.994ms
[66.078s][info][gc,phases,start] GC(337) Summary Phase
[66.078s][info][gc,phases      ] GC(337) Summary Phase 0.103ms
[66.078s][info][gc,phases,start] GC(337) Adjust Roots
[66.079s][info][gc,phases      ] GC(337) Adjust Roots 0.200ms
[66.079s][info][gc,phases,start] GC(337) Compaction Phase
[67.086s][info][gc,phases      ] GC(337) Compaction Phase 1007.709ms
[67.086s][info][gc,phases,start] GC(337) Post Compact
[67.104s][info][gc,phases      ] GC(337) Post Compact 17.074ms
[67.104s][info][gc,heap        ] GC(337) PSYoungGen: 226400K(653824K)->184360K(670208K) Eden: 0K(248832K)->0K(265216K) From: 226400K(404992K)->184360K(404992K)
[67.104s][info][gc,heap        ] GC(337) ParOldGen: 9728448K(9762304K)->9762006K(9762304K)
[67.104s][info][gc,metaspace   ] GC(337) Metaspace: 6301K(6464K)->6301K(6464K) NonClass: 5768K(5824K)->5768K(5824K) Class: 533K(640K)->533K(640K)
[67.104s][info][gc             ] GC(337) Pause Full (Ergonomics) 9721M->9713M(10188M) 3355.504ms
[67.104s][info][gc,cpu         ] GC(337) User=24.11s Sys=0.11s Real=3.36s
[67.402s][info][gc,start       ] GC(338) Pause Full (Ergonomics)
[67.402s][info][gc,phases,start] GC(338) Marking Phase
[69.744s][info][gc,phases      ] GC(338) Marking Phase 2342.090ms
[69.744s][info][gc,phases,start] GC(338) Summary Phase
[69.744s][info][gc,phases      ] GC(338) Summary Phase 0.103ms
[69.744s][info][gc,phases,start] GC(338) Adjust Roots
[69.745s][info][gc,phases      ] GC(338) Adjust Roots 0.213ms
[69.745s][info][gc,phases,start] GC(338) Compaction Phase
[70.513s][info][gc,phases      ] GC(338) Compaction Phase 768.617ms
[70.513s][info][gc,phases,start] GC(338) Post Compact
[70.529s][info][gc,phases      ] GC(338) Post Compact 15.710ms
[70.529s][info][gc,heap        ] GC(338) PSYoungGen: 449576K(670208K)->449545K(670208K) Eden: 265216K(265216K)->265185K(265216K) From: 184360K(404992K)->184360K(404992K)
[70.529s][info][gc,heap        ] GC(338) ParOldGen: 9762006K(9762304K)->9762006K(9762304K)
[70.529s][info][gc,metaspace   ] GC(338) Metaspace: 6301K(6464K)->6301K(6464K) NonClass: 5768K(5824K)->5768K(5824K) Class: 533K(640K)->533K(640K)
[70.529s][info][gc             ] GC(338) Pause Full (Ergonomics) 9972M->9972M(10188M) 3127.185ms
[70.529s][info][gc,cpu         ] GC(338) User=23.53s Sys=0.00s Real=3.13s
[70.529s][info][gc,start       ] GC(339) Pause Full (Ergonomics)
[70.529s][info][gc,phases,start] GC(339) Marking Phase
[72.861s][info][gc,phases      ] GC(339) Marking Phase 2331.873ms
[72.861s][info][gc,phases,start] GC(339) Summary Phase
[72.861s][info][gc,phases      ] GC(339) Summary Phase 0.106ms
[72.861s][info][gc,phases,start] GC(339) Adjust Roots
[72.862s][info][gc,phases      ] GC(339) Adjust Roots 0.203ms
[72.862s][info][gc,phases,start] GC(339) Compaction Phase
[73.584s][info][gc,phases      ] GC(339) Compaction Phase 721.784ms
[73.584s][info][gc,phases,start] GC(339) Post Compact
[73.598s][info][gc,phases      ] GC(339) Post Compact 14.836ms
[73.599s][info][gc,heap        ] GC(339) PSYoungGen: 449576K(670208K)->449575K(670208K) Eden: 265216K(265216K)->265215K(265216K) From: 184360K(404992K)->184360K(404992K)
[73.599s][info][gc,heap        ] GC(339) ParOldGen: 9762006K(9762304K)->9762006K(9762304K)
[73.599s][info][gc,metaspace   ] GC(339) Metaspace: 6301K(6464K)->6301K(6464K) NonClass: 5768K(5824K)->5768K(5824K) Class: 533K(640K)->533K(640K)
[73.599s][info][gc             ] GC(339) Pause Full (Ergonomics) 9972M->9972M(10188M) 3069.169ms
[73.599s][info][gc,cpu         ] GC(339) User=23.73s Sys=0.00s Real=3.07s
[73.599s][info][gc,start       ] GC(340) Pause Full (Ergonomics)
[73.599s][info][gc,phases,start] GC(340) Marking Phase
[75.936s][info][gc,phases      ] GC(340) Marking Phase 2337.448ms
[75.936s][info][gc,phases,start] GC(340) Summary Phase
[75.936s][info][gc,phases      ] GC(340) Summary Phase 0.146ms
[75.936s][info][gc,phases,start] GC(340) Adjust Roots
[75.937s][info][gc,phases      ] GC(340) Adjust Roots 0.214ms
[75.937s][info][gc,phases,start] GC(340) Compaction Phase
[76.662s][info][gc,phases      ] GC(340) Compaction Phase 724.939ms
[76.662s][info][gc,phases,start] GC(340) Post Compact
[76.677s][info][gc,phases      ] GC(340) Post Compact 14.992ms
[76.677s][info][gc,heap        ] GC(340) PSYoungGen: 449575K(670208K)->449575K(670208K) Eden: 265215K(265216K)->265215K(265216K) From: 184360K(404992K)->184360K(404992K)
[76.677s][info][gc,heap        ] GC(340) ParOldGen: 9762006K(9762304K)->9762006K(9762304K)
[76.677s][info][gc,metaspace   ] GC(340) Metaspace: 6301K(6464K)->6301K(6464K) NonClass: 5768K(5824K)->5768K(5824K) Class: 533K(640K)->533K(640K)
[76.677s][info][gc             ] GC(340) Pause Full (Ergonomics) 9972M->9972M(10188M) 3078.115ms
[76.677s][info][gc,cpu         ] GC(340) User=23.66s Sys=0.00s Real=3.08s
[76.677s][info][gc,start       ] GC(341) Pause Full (Ergonomics)
[76.677s][info][gc,phases,start] GC(341) Marking Phase
[79.005s][info][gc,phases      ] GC(341) Marking Phase 2328.092ms
[79.005s][info][gc,phases,start] GC(341) Summary Phase
[79.005s][info][gc,phases      ] GC(341) Summary Phase 0.124ms
[79.005s][info][gc,phases,start] GC(341) Adjust Roots
[79.006s][info][gc,phases      ] GC(341) Adjust Roots 0.203ms
[79.006s][info][gc,phases,start] GC(341) Compaction Phase
[79.768s][info][gc,phases      ] GC(341) Compaction Phase 762.420ms
[79.768s][info][gc,phases,start] GC(341) Post Compact
[79.784s][info][gc,phases      ] GC(341) Post Compact 15.812ms
[79.784s][info][gc,heap        ] GC(341) PSYoungGen: 449576K(670208K)->449576K(670208K) Eden: 265215K(265216K)->265215K(265216K) From: 184360K(404992K)->184360K(404992K)
[79.784s][info][gc,heap        ] GC(341) ParOldGen: 9762011K(9762304K)->9762011K(9762304K)
[79.784s][info][gc,metaspace   ] GC(341) Metaspace: 6301K(6464K)->6301K(6464K) NonClass: 5768K(5824K)->5768K(5824K) Class: 533K(640K)->533K(640K)
[79.784s][info][gc             ] GC(341) Pause Full (Ergonomics) 9972M->9972M(10188M) 3107.040ms
[79.784s][info][gc,cpu         ] GC(341) User=23.84s Sys=0.02s Real=3.11s
[79.784s][info][gc,start       ] GC(342) Pause Full (Ergonomics)
[79.784s][info][gc,phases,start] GC(342) Marking Phase
[82.143s][info][gc,phases      ] GC(342) Marking Phase 2358.209ms
[82.143s][info][gc,phases,start] GC(342) Summary Phase
[82.143s][info][gc,phases      ] GC(342) Summary Phase 0.096ms
[82.143s][info][gc,phases,start] GC(342) Adjust Roots
[82.143s][info][gc,phases      ] GC(342) Adjust Roots 0.184ms
[82.143s][info][gc,phases,start] GC(342) Compaction Phase
[82.877s][info][gc,phases      ] GC(342) Compaction Phase 734.397ms
[82.877s][info][gc,phases,start] GC(342) Post Compact
[82.892s][info][gc,phases      ] GC(342) Post Compact 14.860ms
[82.892s][info][gc,heap        ] GC(342) PSYoungGen: 449576K(670208K)->449576K(670208K) Eden: 265215K(265216K)->265215K(265216K) From: 184360K(404992K)->184360K(404992K)
[82.892s][info][gc,heap        ] GC(342) ParOldGen: 9762016K(9762304K)->9762016K(9762304K)
[82.892s][info][gc,metaspace   ] GC(342) Metaspace: 6301K(6464K)->6301K(6464K) NonClass: 5768K(5824K)->5768K(5824K) Class: 533K(640K)->533K(640K)
[82.893s][info][gc             ] GC(342) Pause Full (Ergonomics) 9972M->9972M(10188M) 3108.149ms
[82.893s][info][gc,cpu         ] GC(342) User=24.05s Sys=0.02s Real=3.11s
[82.893s][info][gc,start       ] GC(343) Pause Full (Ergonomics)
[82.893s][info][gc,phases,start] GC(343) Marking Phase
[85.316s][info][gc,phases      ] GC(343) Marking Phase 2423.161ms
[85.316s][info][gc,phases,start] GC(343) Summary Phase
[85.316s][info][gc,phases      ] GC(343) Summary Phase 0.183ms
[85.316s][info][gc,phases,start] GC(343) Adjust Roots
[85.317s][info][gc,phases      ] GC(343) Adjust Roots 0.445ms
[85.317s][info][gc,phases,start] GC(343) Compaction Phase
[86.202s][info][gc,phases      ] GC(343) Compaction Phase 885.614ms
[86.202s][info][gc,phases,start] GC(343) Post Compact
[86.227s][info][gc,phases      ] GC(343) Post Compact 24.666ms
[86.227s][info][gc,heap        ] GC(343) PSYoungGen: 449576K(670208K)->449576K(670208K) Eden: 265215K(265216K)->265215K(265216K) From: 184360K(404992K)->184360K(404992K)
[86.227s][info][gc,heap        ] GC(343) ParOldGen: 9762021K(9762304K)->9762021K(9762304K)
[86.227s][info][gc,metaspace   ] GC(343) Metaspace: 6301K(6464K)->6301K(6464K) NonClass: 5768K(5824K)->5768K(5824K) Class: 533K(640K)->533K(640K)
[86.227s][info][gc             ] GC(343) Pause Full (Ergonomics) 9972M->9972M(10188M) 3334.584ms
[86.227s][info][gc,cpu         ] GC(343) User=23.92s Sys=0.02s Real=3.34s
[86.228s][info][gc,start       ] GC(344) Pause Full (Ergonomics)
[86.228s][info][gc,phases,start] GC(344) Marking Phase
[88.686s][info][gc,phases      ] GC(344) Marking Phase 2458.820ms
[88.687s][info][gc,phases,start] GC(344) Summary Phase
[88.687s][info][gc,phases      ] GC(344) Summary Phase 0.229ms
[88.687s][info][gc,phases,start] GC(344) Adjust Roots
[88.687s][info][gc,phases      ] GC(344) Adjust Roots 0.302ms
[88.687s][info][gc,phases,start] GC(344) Compaction Phase
[89.456s][info][gc,phases      ] GC(344) Compaction Phase 768.591ms
[89.456s][info][gc,phases,start] GC(344) Post Compact
[89.470s][info][gc,phases      ] GC(344) Post Compact 14.073ms
[89.470s][info][gc,heap        ] GC(344) PSYoungGen: 449576K(670208K)->449576K(670208K) Eden: 265215K(265216K)->265215K(265216K) From: 184360K(404992K)->184360K(404992K)
[89.470s][info][gc,heap        ] GC(344) ParOldGen: 9762026K(9762304K)->9762026K(9762304K)
[89.470s][info][gc,metaspace   ] GC(344) Metaspace: 6301K(6464K)->6301K(6464K) NonClass: 5768K(5824K)->5768K(5824K) Class: 533K(640K)->533K(640K)
[89.470s][info][gc             ] GC(344) Pause Full (Ergonomics) 9972M->9972M(10188M) 3242.496ms
[89.470s][info][gc,cpu         ] GC(344) User=23.59s Sys=0.00s Real=3.24s
[89.470s][info][gc,start       ] GC(345) Pause Full (Ergonomics)
[89.470s][info][gc,phases,start] GC(345) Marking Phase
[91.835s][info][gc,phases      ] GC(345) Marking Phase 2364.970ms
[91.835s][info][gc,phases,start] GC(345) Summary Phase
[91.836s][info][gc,phases      ] GC(345) Summary Phase 0.106ms
[91.836s][info][gc,phases,start] GC(345) Adjust Roots
[91.836s][info][gc,phases      ] GC(345) Adjust Roots 0.167ms
[91.836s][info][gc,phases,start] GC(345) Compaction Phase
[92.583s][info][gc,phases      ] GC(345) Compaction Phase 746.788ms
[92.583s][info][gc,phases,start] GC(345) Post Compact
[92.609s][info][gc,phases      ] GC(345) Post Compact 26.838ms
[92.610s][info][gc,heap        ] GC(345) PSYoungGen: 449576K(670208K)->449576K(670208K) Eden: 265215K(265216K)->265215K(265216K) From: 184360K(404992K)->184360K(404992K)
[92.610s][info][gc,heap        ] GC(345) ParOldGen: 9762030K(9762304K)->9762030K(9762304K)
[92.610s][info][gc,metaspace   ] GC(345) Metaspace: 6301K(6464K)->6301K(6464K) NonClass: 5768K(5824K)->5768K(5824K) Class: 533K(640K)->533K(640K)
[92.610s][info][gc             ] GC(345) Pause Full (Ergonomics) 9972M->9972M(10188M) 3139.306ms
[92.610s][info][gc,cpu         ] GC(345) User=24.22s Sys=0.02s Real=3.14s
[92.610s][info][gc,start       ] GC(346) Pause Full (Ergonomics)
[92.610s][info][gc,phases,start] GC(346) Marking Phase
[94.968s][info][gc,phases      ] GC(346) Marking Phase 2358.295ms
[94.968s][info][gc,phases,start] GC(346) Summary Phase
[94.969s][info][gc,phases      ] GC(346) Summary Phase 0.148ms
[94.969s][info][gc,phases,start] GC(346) Adjust Roots
[94.969s][info][gc,phases      ] GC(346) Adjust Roots 0.224ms
[94.969s][info][gc,phases,start] GC(346) Compaction Phase
[95.712s][info][gc,phases      ] GC(346) Compaction Phase 743.541ms
[95.712s][info][gc,phases,start] GC(346) Post Compact
[95.727s][info][gc,phases      ] GC(346) Post Compact 15.014ms
[95.728s][info][gc,heap        ] GC(346) PSYoungGen: 449576K(670208K)->449576K(670208K) Eden: 265215K(265216K)->265215K(265216K) From: 184360K(404992K)->184360K(404992K)
[95.728s][info][gc,heap        ] GC(346) ParOldGen: 9762035K(9762304K)->9762035K(9762304K)
[95.728s][info][gc,metaspace   ] GC(346) Metaspace: 6301K(6464K)->6301K(6464K) NonClass: 5768K(5824K)->5768K(5824K) Class: 533K(640K)->533K(640K)
[95.728s][info][gc             ] GC(346) Pause Full (Ergonomics) 9972M->9972M(10188M) 3117.646ms
[95.728s][info][gc,cpu         ] GC(346) User=24.17s Sys=0.00s Real=3.12s
[95.728s][info][gc,start       ] GC(347) Pause Full (Ergonomics)
[95.728s][info][gc,phases,start] GC(347) Marking Phase
[98.099s][info][gc,phases      ] GC(347) Marking Phase 2371.151ms
[98.099s][info][gc,phases,start] GC(347) Summary Phase
[98.099s][info][gc,phases      ] GC(347) Summary Phase 0.129ms
[98.099s][info][gc,phases,start] GC(347) Adjust Roots
[98.099s][info][gc,phases      ] GC(347) Adjust Roots 0.182ms
[98.099s][info][gc,phases,start] GC(347) Compaction Phase
[98.843s][info][gc,phases      ] GC(347) Compaction Phase 743.119ms
[98.843s][info][gc,phases,start] GC(347) Post Compact
[98.859s][info][gc,phases      ] GC(347) Post Compact 16.183ms
[98.859s][info][gc,heap        ] GC(347) PSYoungGen: 449576K(670208K)->449576K(670208K) Eden: 265215K(265216K)->265215K(265216K) From: 184360K(404992K)->184360K(404992K)
[98.859s][info][gc,heap        ] GC(347) ParOldGen: 9762040K(9762304K)->9762040K(9762304K)
[98.859s][info][gc,metaspace   ] GC(347) Metaspace: 6301K(6464K)->6301K(6464K) NonClass: 5768K(5824K)->5768K(5824K) Class: 533K(640K)->533K(640K)
[98.859s][info][gc             ] GC(347) Pause Full (Ergonomics) 9972M->9972M(10188M) 3131.155ms
[98.859s][info][gc,cpu         ] GC(347) User=24.31s Sys=0.00s Real=3.13s
[98.859s][info][gc,start       ] GC(348) Pause Full (Ergonomics)
[98.859s][info][gc,phases,start] GC(348) Marking Phase
[101.237s][info][gc,phases      ] GC(348) Marking Phase 2378.023ms
[101.237s][info][gc,phases,start] GC(348) Summary Phase
[101.237s][info][gc,phases      ] GC(348) Summary Phase 0.105ms
[101.237s][info][gc,phases,start] GC(348) Adjust Roots
[101.238s][info][gc,phases      ] GC(348) Adjust Roots 0.210ms
[101.238s][info][gc,phases,start] GC(348) Compaction Phase
[101.983s][info][gc,phases      ] GC(348) Compaction Phase 744.960ms
[101.983s][info][gc,phases,start] GC(348) Post Compact
[102.008s][info][gc,phases      ] GC(348) Post Compact 24.747ms
[102.008s][info][gc,heap        ] GC(348) PSYoungGen: 449576K(670208K)->449576K(670208K) Eden: 265215K(265216K)->265215K(265216K) From: 184360K(404992K)->184360K(404992K)
[102.008s][info][gc,heap        ] GC(348) ParOldGen: 9762045K(9762304K)->9762045K(9762304K)
[102.008s][info][gc,metaspace   ] GC(348) Metaspace: 6301K(6464K)->6301K(6464K) NonClass: 5768K(5824K)->5768K(5824K) Class: 533K(640K)->533K(640K)
[102.008s][info][gc             ] GC(348) Pause Full (Ergonomics) 9972M->9972M(10188M) 3148.454ms
[102.008s][info][gc,cpu         ] GC(348) User=24.28s Sys=0.02s Real=3.15s
[102.008s][info][gc,start       ] GC(349) Pause Full (Ergonomics)
[102.008s][info][gc,phases,start] GC(349) Marking Phase
[104.348s][info][gc,phases      ] GC(349) Marking Phase 2339.693ms
[104.348s][info][gc,phases,start] GC(349) Summary Phase
[104.348s][info][gc,phases      ] GC(349) Summary Phase 0.096ms
[104.348s][info][gc,phases,start] GC(349) Adjust Roots
[104.348s][info][gc,phases      ] GC(349) Adjust Roots 0.162ms
[104.348s][info][gc,phases,start] GC(349) Compaction Phase
[105.112s][info][gc,phases      ] GC(349) Compaction Phase 764.373ms
[105.113s][info][gc,phases,start] GC(349) Post Compact
[105.128s][info][gc,phases      ] GC(349) Post Compact 15.734ms
[105.128s][info][gc,heap        ] GC(349) PSYoungGen: 449576K(670208K)->449576K(670208K) Eden: 265215K(265216K)->265215K(265216K) From: 184360K(404992K)->184360K(404992K)
[105.128s][info][gc,heap        ] GC(349) ParOldGen: 9762050K(9762304K)->9762050K(9762304K)
[105.128s][info][gc,metaspace   ] GC(349) Metaspace: 6301K(6464K)->6301K(6464K) NonClass: 5768K(5824K)->5768K(5824K) Class: 533K(640K)->533K(640K)
[105.128s][info][gc             ] GC(349) Pause Full (Ergonomics) 9972M->9972M(10188M) 3120.442ms
[105.128s][info][gc,cpu         ] GC(349) User=24.02s Sys=0.02s Real=3.12s
[105.129s][info][gc,start       ] GC(350) Pause Full (Ergonomics)
[105.129s][info][gc,phases,start] GC(350) Marking Phase
[107.505s][info][gc,phases      ] GC(350) Marking Phase 2376.128ms
[107.505s][info][gc,phases,start] GC(350) Summary Phase
[107.505s][info][gc,phases      ] GC(350) Summary Phase 0.099ms
[107.505s][info][gc,phases,start] GC(350) Adjust Roots
[107.505s][info][gc,phases      ] GC(350) Adjust Roots 0.216ms
[107.505s][info][gc,phases,start] GC(350) Compaction Phase
[108.234s][info][gc,phases      ] GC(350) Compaction Phase 728.659ms
[108.234s][info][gc,phases,start] GC(350) Post Compact
[108.247s][info][gc,phases      ] GC(350) Post Compact 13.414ms
[108.247s][info][gc,heap        ] GC(350) PSYoungGen: 449576K(670208K)->449576K(670208K) Eden: 265215K(265216K)->265215K(265216K) From: 184360K(404992K)->184360K(404992K)
[108.247s][info][gc,heap        ] GC(350) ParOldGen: 9762055K(9762304K)->9762055K(9762304K)
[108.247s][info][gc,metaspace   ] GC(350) Metaspace: 6301K(6464K)->6301K(6464K) NonClass: 5768K(5824K)->5768K(5824K) Class: 533K(640K)->533K(640K)
[108.248s][info][gc             ] GC(350) Pause Full (Ergonomics) 9972M->9972M(10188M) 3119.015ms
[108.248s][info][gc,cpu         ] GC(350) User=24.11s Sys=0.00s Real=3.12s
[108.248s][info][gc,start       ] GC(351) Pause Full (Ergonomics)
[108.248s][info][gc,phases,start] GC(351) Marking Phase
[110.615s][info][gc,phases      ] GC(351) Marking Phase 2366.745ms
[110.615s][info][gc,phases,start] GC(351) Summary Phase
[110.615s][info][gc,phases      ] GC(351) Summary Phase 0.096ms
[110.615s][info][gc,phases,start] GC(351) Adjust Roots
[110.615s][info][gc,phases      ] GC(351) Adjust Roots 0.187ms
[110.615s][info][gc,phases,start] GC(351) Compaction Phase
[111.345s][info][gc,phases      ] GC(351) Compaction Phase 729.670ms
[111.345s][info][gc,phases,start] GC(351) Post Compact
[111.360s][info][gc,phases      ] GC(351) Post Compact 14.795ms
[111.360s][info][gc,heap        ] GC(351) PSYoungGen: 449576K(670208K)->449576K(670208K) Eden: 265215K(265216K)->265215K(265216K) From: 184360K(404992K)->184360K(404992K)
[111.360s][info][gc,heap        ] GC(351) ParOldGen: 9762059K(9762304K)->9762059K(9762304K)
[111.360s][info][gc,metaspace   ] GC(351) Metaspace: 6301K(6464K)->6301K(6464K) NonClass: 5768K(5824K)->5768K(5824K) Class: 533K(640K)->533K(640K)
[111.360s][info][gc             ] GC(351) Pause Full (Ergonomics) 9972M->9972M(10188M) 3111.820ms
[111.360s][info][gc,cpu         ] GC(351) User=24.27s Sys=0.00s Real=3.11s
[111.360s][info][gc,start       ] GC(352) Pause Full (Ergonomics)
[111.360s][info][gc,phases,start] GC(352) Marking Phase
[113.703s][info][gc,phases      ] GC(352) Marking Phase 2343.068ms
[113.703s][info][gc,phases,start] GC(352) Summary Phase
[113.703s][info][gc,phases      ] GC(352) Summary Phase 0.095ms
[113.703s][info][gc,phases,start] GC(352) Adjust Roots
[113.703s][info][gc,phases      ] GC(352) Adjust Roots 0.160ms
[113.703s][info][gc,phases,start] GC(352) Compaction Phase
[114.431s][info][gc,phases      ] GC(352) Compaction Phase 727.553ms
[114.431s][info][gc,phases,start] GC(352) Post Compact
[114.444s][info][gc,phases      ] GC(352) Post Compact 13.360ms
[114.444s][info][gc,heap        ] GC(352) PSYoungGen: 449576K(670208K)->449576K(670208K) Eden: 265215K(265216K)->265215K(265216K) From: 184360K(404992K)->184360K(404992K)
[114.444s][info][gc,heap        ] GC(352) ParOldGen: 9762064K(9762304K)->9762064K(9762304K)
[114.444s][info][gc,metaspace   ] GC(352) Metaspace: 6301K(6464K)->6301K(6464K) NonClass: 5768K(5824K)->5768K(5824K) Class: 533K(640K)->533K(640K)
[114.445s][info][gc             ] GC(352) Pause Full (Ergonomics) 9972M->9972M(10188M) 3084.592ms
[114.445s][info][gc,cpu         ] GC(352) User=24.19s Sys=0.00s Real=3.08s
[114.445s][info][gc,start       ] GC(353) Pause Full (Ergonomics)
[114.445s][info][gc,phases,start] GC(353) Marking Phase
[116.776s][info][gc,phases      ] GC(353) Marking Phase 2331.570ms
[116.776s][info][gc,phases,start] GC(353) Summary Phase
[116.776s][info][gc,phases      ] GC(353) Summary Phase 0.112ms
[116.776s][info][gc,phases,start] GC(353) Adjust Roots
[116.777s][info][gc,phases      ] GC(353) Adjust Roots 0.166ms
[116.777s][info][gc,phases,start] GC(353) Compaction Phase
[117.492s][info][gc,phases      ] GC(353) Compaction Phase 715.537ms
[117.492s][info][gc,phases,start] GC(353) Post Compact
[117.506s][info][gc,phases      ] GC(353) Post Compact 13.810ms
[117.506s][info][gc,heap        ] GC(353) PSYoungGen: 449576K(670208K)->449576K(670208K) Eden: 265215K(265216K)->265215K(265216K) From: 184360K(404992K)->184360K(404992K)
[117.506s][info][gc,heap        ] GC(353) ParOldGen: 9762069K(9762304K)->9762069K(9762304K)
[117.506s][info][gc,metaspace   ] GC(353) Metaspace: 6301K(6464K)->6301K(6464K) NonClass: 5768K(5824K)->5768K(5824K) Class: 533K(640K)->533K(640K)
[117.506s][info][gc             ] GC(353) Pause Full (Ergonomics) 9972M->9972M(10188M) 3061.535ms
[117.506s][info][gc,cpu         ] GC(353) User=23.86s Sys=0.00s Real=3.06s
[117.506s][info][gc,start       ] GC(354) Pause Full (Ergonomics)
[117.507s][info][gc,phases,start] GC(354) Marking Phase
[119.864s][info][gc,phases      ] GC(354) Marking Phase 2357.969ms
[119.865s][info][gc,phases,start] GC(354) Summary Phase
[119.865s][info][gc,phases      ] GC(354) Summary Phase 0.097ms
[119.865s][info][gc,phases,start] GC(354) Adjust Roots
[119.865s][info][gc,phases      ] GC(354) Adjust Roots 0.159ms
[119.865s][info][gc,phases,start] GC(354) Compaction Phase
[120.581s][info][gc,phases      ] GC(354) Compaction Phase 716.606ms
[120.582s][info][gc,phases,start] GC(354) Post Compact
[120.595s][info][gc,phases      ] GC(354) Post Compact 13.368ms
[120.595s][info][gc,heap        ] GC(354) PSYoungGen: 449576K(670208K)->449576K(670208K) Eden: 265215K(265216K)->265215K(265216K) From: 184360K(404992K)->184360K(404992K)
[120.595s][info][gc,heap        ] GC(354) ParOldGen: 9762074K(9762304K)->9762074K(9762304K)
[120.595s][info][gc,metaspace   ] GC(354) Metaspace: 6301K(6464K)->6301K(6464K) NonClass: 5768K(5824K)->5768K(5824K) Class: 533K(640K)->533K(640K)
[120.595s][info][gc             ] GC(354) Pause Full (Ergonomics) 9972M->9972M(10188M) 3088.552ms
[120.595s][info][gc,cpu         ] GC(354) User=23.89s Sys=0.00s Real=3.09s
[120.595s][info][gc,start       ] GC(355) Pause Full (Ergonomics)
[120.595s][info][gc,phases,start] GC(355) Marking Phase
[122.935s][info][gc,phases      ] GC(355) Marking Phase 2339.524ms
[122.935s][info][gc,phases,start] GC(355) Summary Phase
[122.935s][info][gc,phases      ] GC(355) Summary Phase 0.112ms
[122.935s][info][gc,phases,start] GC(355) Adjust Roots
[122.935s][info][gc,phases      ] GC(355) Adjust Roots 0.165ms
[122.935s][info][gc,phases,start] GC(355) Compaction Phase
[123.670s][info][gc,phases      ] GC(355) Compaction Phase 734.599ms
[123.670s][info][gc,phases,start] GC(355) Post Compact
[123.685s][info][gc,phases      ] GC(355) Post Compact 15.564ms
[123.686s][info][gc,heap        ] GC(355) PSYoungGen: 449576K(670208K)->449576K(670208K) Eden: 265215K(265216K)->265215K(265216K) From: 184360K(404992K)->184360K(404992K)
[123.686s][info][gc,heap        ] GC(355) ParOldGen: 9762079K(9762304K)->9762079K(9762304K)
[123.686s][info][gc,metaspace   ] GC(355) Metaspace: 6301K(6464K)->6301K(6464K) NonClass: 5768K(5824K)->5768K(5824K) Class: 533K(640K)->533K(640K)
[123.686s][info][gc             ] GC(355) Pause Full (Ergonomics) 9972M->9972M(10188M) 3090.324ms
[123.686s][info][gc,cpu         ] GC(355) User=23.88s Sys=0.00s Real=3.09s
[123.686s][info][gc,start       ] GC(356) Pause Full (Ergonomics)
[123.686s][info][gc,phases,start] GC(356) Marking Phase
[126.012s][info][gc,phases      ] GC(356) Marking Phase 2326.271ms
[126.012s][info][gc,phases,start] GC(356) Summary Phase
[126.012s][info][gc,phases      ] GC(356) Summary Phase 0.096ms
[126.012s][info][gc,phases,start] GC(356) Adjust Roots
[126.012s][info][gc,phases      ] GC(356) Adjust Roots 0.165ms
[126.012s][info][gc,phases,start] GC(356) Compaction Phase
[126.717s][info][gc,phases      ] GC(356) Compaction Phase 705.019ms
[126.718s][info][gc,phases,start] GC(356) Post Compact
[126.732s][info][gc,phases      ] GC(356) Post Compact 14.411ms
[126.732s][info][gc,heap        ] GC(356) PSYoungGen: 449576K(670208K)->449576K(670208K) Eden: 265215K(265216K)->265215K(265216K) From: 184360K(404992K)->184360K(404992K)
[126.732s][info][gc,heap        ] GC(356) ParOldGen: 9762084K(9762304K)->9762084K(9762304K)
[126.732s][info][gc,metaspace   ] GC(356) Metaspace: 6301K(6464K)->6301K(6464K) NonClass: 5768K(5824K)->5768K(5824K) Class: 533K(640K)->533K(640K)
[126.732s][info][gc             ] GC(356) Pause Full (Ergonomics) 9972M->9972M(10188M) 3046.323ms
[126.732s][info][gc,cpu         ] GC(356) User=23.98s Sys=0.00s Real=3.05s
[126.732s][info][gc,start       ] GC(357) Pause Full (Ergonomics)
[126.732s][info][gc,phases,start] GC(357) Marking Phase
[129.075s][info][gc,phases      ] GC(357) Marking Phase 2342.500ms
[129.075s][info][gc,phases,start] GC(357) Summary Phase
[129.075s][info][gc,phases      ] GC(357) Summary Phase 0.112ms
[129.075s][info][gc,phases,start] GC(357) Adjust Roots
[129.075s][info][gc,phases      ] GC(357) Adjust Roots 0.179ms
[129.075s][info][gc,phases,start] GC(357) Compaction Phase
[129.797s][info][gc,phases      ] GC(357) Compaction Phase 721.538ms
[129.797s][info][gc,phases,start] GC(357) Post Compact
[129.813s][info][gc,phases      ] GC(357) Post Compact 15.762ms
[129.813s][info][gc,heap        ] GC(357) PSYoungGen: 449576K(670208K)->449576K(670208K) Eden: 265215K(265216K)->265215K(265216K) From: 184360K(404992K)->184360K(404992K)
[129.813s][info][gc,heap        ] GC(357) ParOldGen: 9762088K(9762304K)->9762088K(9762304K)
[129.813s][info][gc,metaspace   ] GC(357) Metaspace: 6301K(6464K)->6301K(6464K) NonClass: 5768K(5824K)->5768K(5824K) Class: 533K(640K)->533K(640K)
[129.813s][info][gc             ] GC(357) Pause Full (Ergonomics) 9972M->9972M(10188M) 3080.441ms
[129.813s][info][gc,cpu         ] GC(357) User=23.89s Sys=0.00s Real=3.08s
[129.813s][info][gc,start       ] GC(358) Pause Full (Ergonomics)
[129.813s][info][gc,phases,start] GC(358) Marking Phase
[132.130s][info][gc,phases      ] GC(358) Marking Phase 2316.637ms
[132.130s][info][gc,phases,start] GC(358) Summary Phase
[132.130s][info][gc,phases      ] GC(358) Summary Phase 0.103ms
[132.130s][info][gc,phases,start] GC(358) Adjust Roots
[132.130s][info][gc,phases      ] GC(358) Adjust Roots 0.236ms
[132.130s][info][gc,phases,start] GC(358) Compaction Phase
[132.838s][info][gc,phases      ] GC(358) Compaction Phase 707.913ms
[132.838s][info][gc,phases,start] GC(358) Post Compact
[132.852s][info][gc,phases      ] GC(358) Post Compact 14.020ms
[132.852s][info][gc,heap        ] GC(358) PSYoungGen: 449576K(670208K)->449576K(670208K) Eden: 265215K(265216K)->265215K(265216K) From: 184360K(404992K)->184360K(404992K)
[132.852s][info][gc,heap        ] GC(358) ParOldGen: 9762093K(9762304K)->9762093K(9762304K)
[132.852s][info][gc,metaspace   ] GC(358) Metaspace: 6301K(6464K)->6301K(6464K) NonClass: 5768K(5824K)->5768K(5824K) Class: 533K(640K)->533K(640K)
[132.852s][info][gc             ] GC(358) Pause Full (Ergonomics) 9972M->9972M(10188M) 3039.245ms
[132.852s][info][gc,cpu         ] GC(358) User=23.67s Sys=0.02s Real=3.04s
[132.852s][info][gc,start       ] GC(359) Pause Full (Ergonomics)
[132.852s][info][gc,phases,start] GC(359) Marking Phase
[135.160s][info][gc,phases      ] GC(359) Marking Phase 2307.688ms
[135.160s][info][gc,phases,start] GC(359) Summary Phase
[135.160s][info][gc,phases      ] GC(359) Summary Phase 0.116ms
[135.160s][info][gc,phases,start] GC(359) Adjust Roots
[135.160s][info][gc,phases      ] GC(359) Adjust Roots 0.186ms
[135.160s][info][gc,phases,start] GC(359) Compaction Phase
[135.876s][info][gc,phases      ] GC(359) Compaction Phase 715.983ms
[135.877s][info][gc,phases,start] GC(359) Post Compact
[135.892s][info][gc,phases      ] GC(359) Post Compact 14.992ms
[135.892s][info][gc,heap        ] GC(359) PSYoungGen: 449576K(670208K)->449576K(670208K) Eden: 265215K(265216K)->265215K(265216K) From: 184360K(404992K)->184360K(404992K)
[135.892s][info][gc,heap        ] GC(359) ParOldGen: 9762098K(9762304K)->9762098K(9762304K)
[135.892s][info][gc,metaspace   ] GC(359) Metaspace: 6301K(6464K)->6301K(6464K) NonClass: 5768K(5824K)->5768K(5824K) Class: 533K(640K)->533K(640K)
[135.892s][info][gc             ] GC(359) Pause Full (Ergonomics) 9972M->9972M(10188M) 3039.379ms
[135.892s][info][gc,cpu         ] GC(359) User=23.39s Sys=0.00s Real=3.04s
[135.892s][info][gc,start       ] GC(360) Pause Full (Ergonomics)
[135.892s][info][gc,phases,start] GC(360) Marking Phase
[138.200s][info][gc,phases      ] GC(360) Marking Phase 2307.996ms
[138.200s][info][gc,phases,start] GC(360) Summary Phase
[138.200s][info][gc,phases      ] GC(360) Summary Phase 0.096ms
[138.200s][info][gc,phases,start] GC(360) Adjust Roots
[138.200s][info][gc,phases      ] GC(360) Adjust Roots 0.186ms
[138.200s][info][gc,phases,start] GC(360) Compaction Phase
[138.932s][info][gc,phases      ] GC(360) Compaction Phase 731.800ms
[138.932s][info][gc,phases,start] GC(360) Post Compact
[138.948s][info][gc,phases      ] GC(360) Post Compact 15.578ms
[138.948s][info][gc,heap        ] GC(360) PSYoungGen: 449576K(670208K)->449576K(670208K) Eden: 265215K(265216K)->265215K(265216K) From: 184360K(404992K)->184360K(404992K)
[138.948s][info][gc,heap        ] GC(360) ParOldGen: 9762103K(9762304K)->9762103K(9762304K)
[138.948s][info][gc,metaspace   ] GC(360) Metaspace: 6301K(6464K)->6301K(6464K) NonClass: 5768K(5824K)->5768K(5824K) Class: 533K(640K)->533K(640K)
[138.948s][info][gc             ] GC(360) Pause Full (Ergonomics) 9972M->9972M(10188M) 3056.012ms
[138.948s][info][gc,cpu         ] GC(360) User=23.55s Sys=0.00s Real=3.06s
[138.948s][info][gc,start       ] GC(361) Pause Full (Ergonomics)
[138.948s][info][gc,phases,start] GC(361) Marking Phase
[141.261s][info][gc,phases      ] GC(361) Marking Phase 2312.650ms
[141.261s][info][gc,phases,start] GC(361) Summary Phase
[141.261s][info][gc,phases      ] GC(361) Summary Phase 0.111ms
[141.261s][info][gc,phases,start] GC(361) Adjust Roots
[141.261s][info][gc,phases      ] GC(361) Adjust Roots 0.164ms
[141.261s][info][gc,phases,start] GC(361) Compaction Phase
[141.972s][info][gc,phases      ] GC(361) Compaction Phase 710.784ms
[141.972s][info][gc,phases,start] GC(361) Post Compact
[141.987s][info][gc,phases      ] GC(361) Post Compact 15.242ms
[141.987s][info][gc,heap        ] GC(361) PSYoungGen: 449576K(670208K)->449576K(670208K) Eden: 265215K(265216K)->265215K(265216K) From: 184360K(404992K)->184360K(404992K)
[141.987s][info][gc,heap        ] GC(361) ParOldGen: 9762108K(9762304K)->9762108K(9762304K)
[141.987s][info][gc,metaspace   ] GC(361) Metaspace: 6301K(6464K)->6301K(6464K) NonClass: 5768K(5824K)->5768K(5824K) Class: 533K(640K)->533K(640K)
[141.987s][info][gc             ] GC(361) Pause Full (Ergonomics) 9972M->9972M(10188M) 3039.318ms
[141.988s][info][gc,cpu         ] GC(361) User=23.62s Sys=0.00s Real=3.04s
[141.988s][info][gc,start       ] GC(362) Pause Full (Ergonomics)
[141.988s][info][gc,phases,start] GC(362) Marking Phase
[144.309s][info][gc,phases      ] GC(362) Marking Phase 2320.895ms
[144.309s][info][gc,phases,start] GC(362) Summary Phase
[144.309s][info][gc,phases      ] GC(362) Summary Phase 0.094ms
[144.309s][info][gc,phases,start] GC(362) Adjust Roots
[144.309s][info][gc,phases      ] GC(362) Adjust Roots 0.165ms
[144.309s][info][gc,phases,start] GC(362) Compaction Phase
[145.008s][info][gc,phases      ] GC(362) Compaction Phase 698.782ms
[145.008s][info][gc,phases,start] GC(362) Post Compact
[145.023s][info][gc,phases      ] GC(362) Post Compact 14.769ms
[145.023s][info][gc,heap        ] GC(362) PSYoungGen: 449576K(670208K)->449576K(670208K) Eden: 265215K(265216K)->265215K(265216K) From: 184360K(404992K)->184360K(404992K)
[145.023s][info][gc,heap        ] GC(362) ParOldGen: 9762113K(9762304K)->9762113K(9762304K)
[145.023s][info][gc,metaspace   ] GC(362) Metaspace: 6301K(6464K)->6301K(6464K) NonClass: 5768K(5824K)->5768K(5824K) Class: 533K(640K)->533K(640K)
[145.023s][info][gc             ] GC(362) Pause Full (Ergonomics) 9972M->9972M(10188M) 3035.058ms
[145.023s][info][gc,cpu         ] GC(362) User=23.45s Sys=0.00s Real=3.03s
[145.023s][info][gc,start       ] GC(363) Pause Full (Ergonomics)
[145.023s][info][gc,phases,start] GC(363) Marking Phase
[147.325s][info][gc,phases      ] GC(363) Marking Phase 2301.669ms
[147.325s][info][gc,phases,start] GC(363) Summary Phase
[147.325s][info][gc,phases      ] GC(363) Summary Phase 0.124ms
[147.325s][info][gc,phases,start] GC(363) Adjust Roots
[147.325s][info][gc,phases      ] GC(363) Adjust Roots 0.222ms
[147.325s][info][gc,phases,start] GC(363) Compaction Phase
[148.028s][info][gc,phases      ] GC(363) Compaction Phase 703.225ms
[148.028s][info][gc,phases,start] GC(363) Post Compact
[148.044s][info][gc,phases      ] GC(363) Post Compact 15.121ms
[148.044s][info][gc,heap        ] GC(363) PSYoungGen: 449576K(670208K)->449576K(670208K) Eden: 265215K(265216K)->265215K(265216K) From: 184360K(404992K)->184360K(404992K)
[148.044s][info][gc,heap        ] GC(363) ParOldGen: 9762117K(9762304K)->9762117K(9762304K)
[148.044s][info][gc,metaspace   ] GC(363) Metaspace: 6301K(6464K)->6301K(6464K) NonClass: 5768K(5824K)->5768K(5824K) Class: 533K(640K)->533K(640K)
[148.044s][info][gc             ] GC(363) Pause Full (Ergonomics) 9972M->9972M(10188M) 3020.732ms
[148.044s][info][gc,cpu         ] GC(363) User=23.42s Sys=0.02s Real=3.02s
[148.044s][info][gc,start       ] GC(364) Pause Full (Ergonomics)
[148.044s][info][gc,phases,start] GC(364) Marking Phase
[150.353s][info][gc,phases      ] GC(364) Marking Phase 2308.704ms
[150.353s][info][gc,phases,start] GC(364) Summary Phase
[150.353s][info][gc,phases      ] GC(364) Summary Phase 0.102ms
[150.353s][info][gc,phases,start] GC(364) Adjust Roots
[150.353s][info][gc,phases      ] GC(364) Adjust Roots 0.172ms
[150.353s][info][gc,phases,start] GC(364) Compaction Phase
[151.056s][info][gc,phases      ] GC(364) Compaction Phase 703.119ms
[151.056s][info][gc,phases,start] GC(364) Post Compact
[151.072s][info][gc,phases      ] GC(364) Post Compact 15.312ms
[151.072s][info][gc,heap        ] GC(364) PSYoungGen: 449576K(670208K)->449576K(670208K) Eden: 265215K(265216K)->265215K(265216K) From: 184360K(404992K)->184360K(404992K)
[151.072s][info][gc,heap        ] GC(364) ParOldGen: 9762122K(9762304K)->9762122K(9762304K)
[151.072s][info][gc,metaspace   ] GC(364) Metaspace: 6301K(6464K)->6301K(6464K) NonClass: 5768K(5824K)->5768K(5824K) Class: 533K(640K)->533K(640K)
[151.072s][info][gc             ] GC(364) Pause Full (Ergonomics) 9972M->9972M(10188M) 3027.746ms
[151.072s][info][gc,cpu         ] GC(364) User=23.45s Sys=0.00s Real=3.03s
[151.072s][info][gc,start       ] GC(365) Pause Full (Ergonomics)
[151.072s][info][gc,phases,start] GC(365) Marking Phase
[153.384s][info][gc,phases      ] GC(365) Marking Phase 2311.899ms
[153.384s][info][gc,phases,start] GC(365) Summary Phase
[153.384s][info][gc,phases      ] GC(365) Summary Phase 0.098ms
[153.384s][info][gc,phases,start] GC(365) Adjust Roots
[153.384s][info][gc,phases      ] GC(365) Adjust Roots 0.173ms
[153.384s][info][gc,phases,start] GC(365) Compaction Phase
[154.075s][info][gc,phases      ] GC(365) Compaction Phase 691.268ms
[154.076s][info][gc,phases,start] GC(365) Post Compact
[154.091s][info][gc,phases      ] GC(365) Post Compact 15.180ms
[154.091s][info][gc,heap        ] GC(365) PSYoungGen: 449576K(670208K)->449576K(670208K) Eden: 265215K(265216K)->265215K(265216K) From: 184360K(404992K)->184360K(404992K)
[154.091s][info][gc,heap        ] GC(365) ParOldGen: 9762127K(9762304K)->9762127K(9762304K)
[154.091s][info][gc,metaspace   ] GC(365) Metaspace: 6301K(6464K)->6301K(6464K) NonClass: 5768K(5824K)->5768K(5824K) Class: 533K(640K)->533K(640K)
[154.091s][info][gc             ] GC(365) Pause Full (Ergonomics) 9972M->9972M(10188M) 3018.971ms
[154.091s][info][gc,cpu         ] GC(365) User=23.34s Sys=0.00s Real=3.02s
[154.091s][info][gc,start       ] GC(366) Pause Full (Ergonomics)
[154.091s][info][gc,phases,start] GC(366) Marking Phase
[156.418s][info][gc,phases      ] GC(366) Marking Phase 2327.362ms
[156.419s][info][gc,phases,start] GC(366) Summary Phase
[156.419s][info][gc,phases      ] GC(366) Summary Phase 0.095ms
[156.419s][info][gc,phases,start] GC(366) Adjust Roots
[156.419s][info][gc,phases      ] GC(366) Adjust Roots 0.157ms
[156.419s][info][gc,phases,start] GC(366) Compaction Phase
[157.100s][info][gc,phases      ] GC(366) Compaction Phase 681.230ms
[157.100s][info][gc,phases,start] GC(366) Post Compact
[157.116s][info][gc,phases      ] GC(366) Post Compact 15.771ms
[157.116s][info][gc,heap        ] GC(366) PSYoungGen: 449576K(670208K)->449576K(670208K) Eden: 265215K(265216K)->265215K(265216K) From: 184360K(404992K)->184360K(404992K)
[157.116s][info][gc,heap        ] GC(366) ParOldGen: 9762132K(9762304K)->9762132K(9762304K)
[157.116s][info][gc,metaspace   ] GC(366) Metaspace: 6301K(6464K)->6301K(6464K) NonClass: 5768K(5824K)->5768K(5824K) Class: 533K(640K)->533K(640K)
[157.116s][info][gc             ] GC(366) Pause Full (Ergonomics) 9972M->9972M(10188M) 3024.981ms
[157.116s][info][gc,cpu         ] GC(366) User=23.45s Sys=0.00s Real=3.02s
[157.116s][info][gc,start       ] GC(367) Pause Full (Ergonomics)
[157.116s][info][gc,phases,start] GC(367) Marking Phase
[159.443s][info][gc,phases      ] GC(367) Marking Phase 2326.399ms
[159.443s][info][gc,phases,start] GC(367) Summary Phase
[159.443s][info][gc,phases      ] GC(367) Summary Phase 0.095ms
[159.443s][info][gc,phases,start] GC(367) Adjust Roots
[159.443s][info][gc,phases      ] GC(367) Adjust Roots 0.159ms
[159.443s][info][gc,phases,start] GC(367) Compaction Phase
[160.118s][info][gc,phases      ] GC(367) Compaction Phase 674.885ms
[160.118s][info][gc,phases,start] GC(367) Post Compact
[160.134s][info][gc,phases      ] GC(367) Post Compact 15.544ms
[160.134s][info][gc,heap        ] GC(367) PSYoungGen: 449576K(670208K)->449576K(670208K) Eden: 265215K(265216K)->265215K(265216K) From: 184360K(404992K)->184360K(404992K)
[160.134s][info][gc,heap        ] GC(367) ParOldGen: 9762137K(9762304K)->9762137K(9762304K)
[160.134s][info][gc,metaspace   ] GC(367) Metaspace: 6301K(6464K)->6301K(6464K) NonClass: 5768K(5824K)->5768K(5824K) Class: 533K(640K)->533K(640K)
[160.134s][info][gc             ] GC(367) Pause Full (Ergonomics) 9972M->9972M(10188M) 3017.448ms
[160.134s][info][gc,cpu         ] GC(367) User=23.66s Sys=0.00s Real=3.02s
[160.134s][info][gc,start       ] GC(368) Pause Full (Ergonomics)
[160.134s][info][gc,phases,start] GC(368) Marking Phase
[162.458s][info][gc,phases      ] GC(368) Marking Phase 2323.559ms
[162.458s][info][gc,phases,start] GC(368) Summary Phase
[162.458s][info][gc,phases      ] GC(368) Summary Phase 0.100ms
[162.458s][info][gc,phases,start] GC(368) Adjust Roots
[162.458s][info][gc,phases      ] GC(368) Adjust Roots 0.185ms
[162.458s][info][gc,phases,start] GC(368) Compaction Phase
[163.159s][info][gc,phases      ] GC(368) Compaction Phase 700.721ms
[163.159s][info][gc,phases,start] GC(368) Post Compact
[163.174s][info][gc,phases      ] GC(368) Post Compact 15.535ms
[163.174s][info][gc,heap        ] GC(368) PSYoungGen: 449576K(670208K)->449576K(670208K) Eden: 265215K(265216K)->265215K(265216K) From: 184360K(404992K)->184360K(404992K)
[163.174s][info][gc,heap        ] GC(368) ParOldGen: 9762142K(9762304K)->9762142K(9762304K)
[163.174s][info][gc,metaspace   ] GC(368) Metaspace: 6301K(6464K)->6301K(6464K) NonClass: 5768K(5824K)->5768K(5824K) Class: 533K(640K)->533K(640K)
[163.174s][info][gc             ] GC(368) Pause Full (Ergonomics) 9972M->9972M(10188M) 3040.433ms
[163.174s][info][gc,cpu         ] GC(368) User=23.44s Sys=0.00s Real=3.04s
[163.175s][info][gc,start       ] GC(369) Pause Full (Ergonomics)
[163.175s][info][gc,phases,start] GC(369) Marking Phase
[165.490s][info][gc,phases      ] GC(369) Marking Phase 2314.899ms
[165.490s][info][gc,phases,start] GC(369) Summary Phase
[165.490s][info][gc,phases      ] GC(369) Summary Phase 0.095ms
[165.490s][info][gc,phases,start] GC(369) Adjust Roots
[165.490s][info][gc,phases      ] GC(369) Adjust Roots 0.164ms
[165.490s][info][gc,phases,start] GC(369) Compaction Phase
[166.181s][info][gc,phases      ] GC(369) Compaction Phase 691.514ms
[166.181s][info][gc,phases,start] GC(369) Post Compact
[166.196s][info][gc,phases      ] GC(369) Post Compact 14.896ms
[166.196s][info][gc,heap        ] GC(369) PSYoungGen: 449576K(670208K)->449576K(670208K) Eden: 265215K(265216K)->265215K(265216K) From: 184360K(404992K)->184360K(404992K)
[166.196s][info][gc,heap        ] GC(369) ParOldGen: 9762146K(9762304K)->9762146K(9762304K)
[166.196s][info][gc,metaspace   ] GC(369) Metaspace: 6301K(6464K)->6301K(6464K) NonClass: 5768K(5824K)->5768K(5824K) Class: 533K(640K)->533K(640K)
[166.197s][info][gc             ] GC(369) Pause Full (Ergonomics) 9972M->9972M(10188M) 3021.897ms
[166.197s][info][gc,cpu         ] GC(369) User=23.23s Sys=0.02s Real=3.02s
[166.197s][info][gc,start       ] GC(370) Pause Full (Ergonomics)
[166.197s][info][gc,phases,start] GC(370) Marking Phase
[168.494s][info][gc,phases      ] GC(370) Marking Phase 2297.515ms
[168.494s][info][gc,phases,start] GC(370) Summary Phase
[168.494s][info][gc,phases      ] GC(370) Summary Phase 0.095ms
[168.494s][info][gc,phases,start] GC(370) Adjust Roots
[168.495s][info][gc,phases      ] GC(370) Adjust Roots 0.162ms
[168.495s][info][gc,phases,start] GC(370) Compaction Phase
[169.174s][info][gc,phases      ] GC(370) Compaction Phase 679.741ms
[169.174s][info][gc,phases,start] GC(370) Post Compact
[169.190s][info][gc,phases      ] GC(370) Post Compact 15.307ms
[169.190s][info][gc,heap        ] GC(370) PSYoungGen: 449576K(670208K)->449576K(670208K) Eden: 265215K(265216K)->265215K(265216K) From: 184360K(404992K)->184360K(404992K)
[169.190s][info][gc,heap        ] GC(370) ParOldGen: 9762151K(9762304K)->9762151K(9762304K)
[169.190s][info][gc,metaspace   ] GC(370) Metaspace: 6301K(6464K)->6301K(6464K) NonClass: 5768K(5824K)->5768K(5824K) Class: 533K(640K)->533K(640K)
[169.190s][info][gc             ] GC(370) Pause Full (Ergonomics) 9972M->9972M(10188M) 2993.163ms
[169.190s][info][gc,cpu         ] GC(370) User=23.33s Sys=0.00s Real=2.99s
[169.190s][info][gc,start       ] GC(371) Pause Full (Ergonomics)
[169.190s][info][gc,phases,start] GC(371) Marking Phase
[171.503s][info][gc,phases      ] GC(371) Marking Phase 2312.936ms
[171.503s][info][gc,phases,start] GC(371) Summary Phase
[171.503s][info][gc,phases      ] GC(371) Summary Phase 0.104ms
[171.503s][info][gc,phases,start] GC(371) Adjust Roots
[171.503s][info][gc,phases      ] GC(371) Adjust Roots 0.171ms
[171.503s][info][gc,phases,start] GC(371) Compaction Phase
[172.201s][info][gc,phases      ] GC(371) Compaction Phase 697.762ms
[172.201s][info][gc,phases,start] GC(371) Post Compact
[172.217s][info][gc,phases      ] GC(371) Post Compact 15.411ms
[172.217s][info][gc,heap        ] GC(371) PSYoungGen: 449576K(670208K)->449576K(670208K) Eden: 265215K(265216K)->265215K(265216K) From: 184360K(404992K)->184360K(404992K)
[172.217s][info][gc,heap        ] GC(371) ParOldGen: 9762156K(9762304K)->9762156K(9762304K)
[172.217s][info][gc,metaspace   ] GC(371) Metaspace: 6301K(6464K)->6301K(6464K) NonClass: 5768K(5824K)->5768K(5824K) Class: 533K(640K)->533K(640K)
[172.217s][info][gc             ] GC(371) Pause Full (Ergonomics) 9972M->9972M(10188M) 3026.762ms
[172.217s][info][gc,cpu         ] GC(371) User=23.19s Sys=0.00s Real=3.03s
[172.217s][info][gc,start       ] GC(372) Pause Full (Ergonomics)
[172.217s][info][gc,phases,start] GC(372) Marking Phase
[174.523s][info][gc,phases      ] GC(372) Marking Phase 2306.056ms
[174.523s][info][gc,phases,start] GC(372) Summary Phase
[174.523s][info][gc,phases      ] GC(372) Summary Phase 0.098ms
[174.523s][info][gc,phases,start] GC(372) Adjust Roots
[174.524s][info][gc,phases      ] GC(372) Adjust Roots 0.168ms
[174.524s][info][gc,phases,start] GC(372) Compaction Phase
[175.226s][info][gc,phases      ] GC(372) Compaction Phase 702.387ms
[175.226s][info][gc,phases,start] GC(372) Post Compact
[175.242s][info][gc,phases      ] GC(372) Post Compact 15.663ms
[175.242s][info][gc,heap        ] GC(372) PSYoungGen: 449576K(670208K)->449576K(670208K) Eden: 265215K(265216K)->265215K(265216K) From: 184360K(404992K)->184360K(404992K)
[175.242s][info][gc,heap        ] GC(372) ParOldGen: 9762161K(9762304K)->9762161K(9762304K)
[175.242s][info][gc,metaspace   ] GC(372) Metaspace: 6301K(6464K)->6301K(6464K) NonClass: 5768K(5824K)->5768K(5824K) Class: 533K(640K)->533K(640K)
[175.242s][info][gc             ] GC(372) Pause Full (Ergonomics) 9972M->9972M(10188M) 3024.756ms
[175.242s][info][gc,cpu         ] GC(372) User=23.36s Sys=0.00s Real=3.03s
[175.242s][info][gc,start       ] GC(373) Pause Full (Ergonomics)
[175.242s][info][gc,phases,start] GC(373) Marking Phase
[177.562s][info][gc,phases      ] GC(373) Marking Phase 2320.353ms
[177.563s][info][gc,phases,start] GC(373) Summary Phase
[177.563s][info][gc,phases      ] GC(373) Summary Phase 0.096ms
[177.563s][info][gc,phases,start] GC(373) Adjust Roots
[177.563s][info][gc,phases      ] GC(373) Adjust Roots 0.173ms
[177.563s][info][gc,phases,start] GC(373) Compaction Phase
[178.244s][info][gc,phases      ] GC(373) Compaction Phase 681.640ms
[178.245s][info][gc,phases,start] GC(373) Post Compact
[178.260s][info][gc,phases      ] GC(373) Post Compact 15.254ms
[178.260s][info][gc,heap        ] GC(373) PSYoungGen: 449576K(670208K)->449576K(670208K) Eden: 265215K(265216K)->265215K(265216K) From: 184360K(404992K)->184360K(404992K)
[178.260s][info][gc,heap        ] GC(373) ParOldGen: 9762166K(9762304K)->9762166K(9762304K)
[178.260s][info][gc,metaspace   ] GC(373) Metaspace: 6301K(6464K)->6301K(6464K) NonClass: 5768K(5824K)->5768K(5824K) Class: 533K(640K)->533K(640K)
[178.260s][info][gc             ] GC(373) Pause Full (Ergonomics) 9972M->9972M(10188M) 3017.870ms
[178.260s][info][gc,cpu         ] GC(373) User=23.41s Sys=0.03s Real=3.02s
[178.260s][info][gc,start       ] GC(374) Pause Full (Ergonomics)
[178.260s][info][gc,phases,start] GC(374) Marking Phase
[180.774s][info][gc,phases      ] GC(374) Marking Phase 2513.767ms
[180.774s][info][gc,phases,start] GC(374) Summary Phase
[180.774s][info][gc,phases      ] GC(374) Summary Phase 0.186ms
[180.774s][info][gc,phases,start] GC(374) Adjust Roots
[180.775s][info][gc,phases      ] GC(374) Adjust Roots 0.374ms
[180.775s][info][gc,phases,start] GC(374) Compaction Phase
[181.524s][info][gc,phases      ] GC(374) Compaction Phase 749.693ms
[181.524s][info][gc,phases,start] GC(374) Post Compact
[181.540s][info][gc,phases      ] GC(374) Post Compact 15.960ms
[181.541s][info][gc,heap        ] GC(374) PSYoungGen: 449576K(670208K)->449576K(670208K) Eden: 265215K(265216K)->265215K(265216K) From: 184360K(404992K)->184360K(404992K)
[181.541s][info][gc,heap        ] GC(374) ParOldGen: 9762171K(9762304K)->9762171K(9762304K)
[181.541s][info][gc,metaspace   ] GC(374) Metaspace: 6301K(6464K)->6301K(6464K) NonClass: 5768K(5824K)->5768K(5824K) Class: 533K(640K)->533K(640K)
[181.541s][info][gc             ] GC(374) Pause Full (Ergonomics) 9972M->9972M(10188M) 3280.440ms
[181.541s][info][gc,cpu         ] GC(374) User=22.72s Sys=0.05s Real=3.28s
[181.541s][info][gc,start       ] GC(375) Pause Full (Ergonomics)
[181.541s][info][gc,phases,start] GC(375) Marking Phase
[183.837s][info][gc,phases      ] GC(375) Marking Phase 2296.224ms
[183.837s][info][gc,phases,start] GC(375) Summary Phase
[183.837s][info][gc,phases      ] GC(375) Summary Phase 0.103ms
[183.837s][info][gc,phases,start] GC(375) Adjust Roots
[183.837s][info][gc,phases      ] GC(375) Adjust Roots 0.160ms
[183.837s][info][gc,phases,start] GC(375) Compaction Phase
[184.549s][info][gc,phases      ] GC(375) Compaction Phase 711.463ms
[184.549s][info][gc,phases,start] GC(375) Post Compact
[184.565s][info][gc,phases      ] GC(375) Post Compact 15.639ms
[184.565s][info][gc,heap        ] GC(375) PSYoungGen: 449576K(670208K)->449576K(670208K) Eden: 265215K(265216K)->265215K(265216K) From: 184360K(404992K)->184360K(404992K)
[184.565s][info][gc,heap        ] GC(375) ParOldGen: 9762175K(9762304K)->9762175K(9762304K)
[184.565s][info][gc,metaspace   ] GC(375) Metaspace: 6301K(6464K)->6301K(6464K) NonClass: 5768K(5824K)->5768K(5824K) Class: 533K(640K)->533K(640K)
[184.565s][info][gc             ] GC(375) Pause Full (Ergonomics) 9972M->9972M(10188M) 3023.951ms
[184.565s][info][gc,cpu         ] GC(375) User=23.20s Sys=0.00s Real=3.02s
[184.565s][info][gc,start       ] GC(376) Pause Full (Ergonomics)
[184.565s][info][gc,phases,start] GC(376) Marking Phase
[186.878s][info][gc,phases      ] GC(376) Marking Phase 2313.050ms
[186.878s][info][gc,phases,start] GC(376) Summary Phase
[186.878s][info][gc,phases      ] GC(376) Summary Phase 0.098ms
[186.878s][info][gc,phases,start] GC(376) Adjust Roots
[186.878s][info][gc,phases      ] GC(376) Adjust Roots 0.210ms
[186.878s][info][gc,phases,start] GC(376) Compaction Phase
[187.587s][info][gc,phases      ] GC(376) Compaction Phase 708.064ms
[187.587s][info][gc,phases,start] GC(376) Post Compact
[187.602s][info][gc,phases      ] GC(376) Post Compact 15.597ms
[187.602s][info][gc,heap        ] GC(376) PSYoungGen: 449576K(670208K)->449576K(670208K) Eden: 265215K(265216K)->265215K(265216K) From: 184360K(404992K)->184360K(404992K)
[187.602s][info][gc,heap        ] GC(376) ParOldGen: 9762180K(9762304K)->9762180K(9762304K)
[187.602s][info][gc,metaspace   ] GC(376) Metaspace: 6301K(6464K)->6301K(6464K) NonClass: 5768K(5824K)->5768K(5824K) Class: 533K(640K)->533K(640K)
[187.602s][info][gc             ] GC(376) Pause Full (Ergonomics) 9972M->9972M(10188M) 3037.398ms
[187.602s][info][gc,cpu         ] GC(376) User=23.38s Sys=0.02s Real=3.04s
[187.603s][info][gc,start       ] GC(377) Pause Full (Ergonomics)
[187.603s][info][gc,phases,start] GC(377) Marking Phase
[189.917s][info][gc,phases      ] GC(377) Marking Phase 2314.686ms
[189.917s][info][gc,phases,start] GC(377) Summary Phase
[189.917s][info][gc,phases      ] GC(377) Summary Phase 0.102ms
[189.917s][info][gc,phases,start] GC(377) Adjust Roots
[189.918s][info][gc,phases      ] GC(377) Adjust Roots 0.188ms
[189.918s][info][gc,phases,start] GC(377) Compaction Phase
[190.600s][info][gc,phases      ] GC(377) Compaction Phase 682.046ms
[190.600s][info][gc,phases,start] GC(377) Post Compact
[190.615s][info][gc,phases      ] GC(377) Post Compact 15.641ms
[190.616s][info][gc,heap        ] GC(377) PSYoungGen: 449576K(670208K)->449576K(670208K) Eden: 265215K(265216K)->265215K(265216K) From: 184360K(404992K)->184360K(404992K)
[190.616s][info][gc,heap        ] GC(377) ParOldGen: 9762185K(9762304K)->9762185K(9762304K)
[190.616s][info][gc,metaspace   ] GC(377) Metaspace: 6301K(6464K)->6301K(6464K) NonClass: 5768K(5824K)->5768K(5824K) Class: 533K(640K)->533K(640K)
[190.616s][info][gc             ] GC(377) Pause Full (Ergonomics) 9972M->9972M(10188M) 3013.018ms
[190.616s][info][gc,cpu         ] GC(377) User=23.38s Sys=0.00s Real=3.01s
[190.616s][info][gc,start       ] GC(378) Pause Full (Ergonomics)
[190.616s][info][gc,phases,start] GC(378) Marking Phase
[192.979s][info][gc,phases      ] GC(378) Marking Phase 2362.934ms
[192.979s][info][gc,phases,start] GC(378) Summary Phase
[192.979s][info][gc,phases      ] GC(378) Summary Phase 0.097ms
[192.979s][info][gc,phases,start] GC(378) Adjust Roots
[192.979s][info][gc,phases      ] GC(378) Adjust Roots 0.158ms
[192.979s][info][gc,phases,start] GC(378) Compaction Phase
[193.686s][info][gc,phases      ] GC(378) Compaction Phase 706.828ms
[193.686s][info][gc,phases,start] GC(378) Post Compact
[193.702s][info][gc,phases      ] GC(378) Post Compact 16.200ms
[193.702s][info][gc,heap        ] GC(378) PSYoungGen: 449576K(670208K)->449576K(670208K) Eden: 265215K(265216K)->265215K(265216K) From: 184360K(404992K)->184360K(404992K)
[193.702s][info][gc,heap        ] GC(378) ParOldGen: 9762190K(9762304K)->9762190K(9762304K)
[193.702s][info][gc,metaspace   ] GC(378) Metaspace: 6301K(6464K)->6301K(6464K) NonClass: 5768K(5824K)->5768K(5824K) Class: 533K(640K)->533K(640K)
[193.702s][info][gc             ] GC(378) Pause Full (Ergonomics) 9972M->9972M(10188M) 3086.573ms
[193.702s][info][gc,cpu         ] GC(378) User=23.62s Sys=0.00s Real=3.09s
[193.703s][info][gc,start       ] GC(379) Pause Full (Ergonomics)
[193.703s][info][gc,phases,start] GC(379) Marking Phase
[195.989s][info][gc,phases      ] GC(379) Marking Phase 2285.969ms
[195.989s][info][gc,phases,start] GC(379) Summary Phase
[195.989s][info][gc,phases      ] GC(379) Summary Phase 0.143ms
[195.989s][info][gc,phases,start] GC(379) Adjust Roots
[195.989s][info][gc,phases      ] GC(379) Adjust Roots 0.177ms
[195.989s][info][gc,phases,start] GC(379) Compaction Phase
[196.665s][info][gc,phases      ] GC(379) Compaction Phase 676.421ms
[196.666s][info][gc,phases,start] GC(379) Post Compact
[196.681s][info][gc,phases      ] GC(379) Post Compact 15.739ms
[196.681s][info][gc,heap        ] GC(379) PSYoungGen: 449576K(670208K)->449576K(670208K) Eden: 265215K(265216K)->265215K(265216K) From: 184360K(404992K)->184360K(404992K)
[196.681s][info][gc,heap        ] GC(379) ParOldGen: 9762195K(9762304K)->9762195K(9762304K)
[196.681s][info][gc,metaspace   ] GC(379) Metaspace: 6301K(6464K)->6301K(6464K) NonClass: 5768K(5824K)->5768K(5824K) Class: 533K(640K)->533K(640K)
[196.681s][info][gc             ] GC(379) Pause Full (Ergonomics) 9972M->9972M(10188M) 2978.824ms
[196.681s][info][gc,cpu         ] GC(379) User=23.11s Sys=0.00s Real=2.98s
[196.682s][info][gc,start       ] GC(380) Pause Full (Ergonomics)
[196.682s][info][gc,phases,start] GC(380) Marking Phase
[198.954s][info][gc,phases      ] GC(380) Marking Phase 2272.455ms
[198.954s][info][gc,phases,start] GC(380) Summary Phase
[198.954s][info][gc,phases      ] GC(380) Summary Phase 0.143ms
[198.954s][info][gc,phases,start] GC(380) Adjust Roots
[198.955s][info][gc,phases      ] GC(380) Adjust Roots 0.169ms
[198.955s][info][gc,phases,start] GC(380) Compaction Phase
[199.662s][info][gc,phases      ] GC(380) Compaction Phase 707.083ms
[199.662s][info][gc,phases,start] GC(380) Post Compact
[199.678s][info][gc,phases      ] GC(380) Post Compact 15.814ms
[199.678s][info][gc,heap        ] GC(380) PSYoungGen: 449576K(670208K)->449576K(670208K) Eden: 265215K(265216K)->265215K(265216K) From: 184360K(404992K)->184360K(404992K)
[199.678s][info][gc,heap        ] GC(380) ParOldGen: 9762200K(9762304K)->9762200K(9762304K)
[199.678s][info][gc,metaspace   ] GC(380) Metaspace: 6301K(6464K)->6301K(6464K) NonClass: 5768K(5824K)->5768K(5824K) Class: 533K(640K)->533K(640K)
[199.678s][info][gc             ] GC(380) Pause Full (Ergonomics) 9972M->9972M(10188M) 2996.032ms
[199.678s][info][gc,cpu         ] GC(380) User=22.95s Sys=0.00s Real=3.00s
[199.678s][info][gc,start       ] GC(381) Pause Full (Ergonomics)
[199.678s][info][gc,phases,start] GC(381) Marking Phase
[201.993s][info][gc,phases      ] GC(381) Marking Phase 2315.182ms
[201.993s][info][gc,phases,start] GC(381) Summary Phase
[201.993s][info][gc,phases      ] GC(381) Summary Phase 0.103ms
[201.993s][info][gc,phases,start] GC(381) Adjust Roots
[201.993s][info][gc,phases      ] GC(381) Adjust Roots 0.177ms
[201.993s][info][gc,phases,start] GC(381) Compaction Phase
[202.723s][info][gc,phases      ] GC(381) Compaction Phase 729.136ms
[202.723s][info][gc,phases,start] GC(381) Post Compact
[202.738s][info][gc,phases      ] GC(381) Post Compact 15.597ms
[202.738s][info][gc,heap        ] GC(381) PSYoungGen: 449576K(670208K)->449576K(670208K) Eden: 265215K(265216K)->265215K(265216K) From: 184360K(404992K)->184360K(404992K)
[202.738s][info][gc,heap        ] GC(381) ParOldGen: 9762204K(9762304K)->9762204K(9762304K)
[202.738s][info][gc,metaspace   ] GC(381) Metaspace: 6301K(6464K)->6301K(6464K) NonClass: 5768K(5824K)->5768K(5824K) Class: 533K(640K)->533K(640K)
[202.738s][info][gc             ] GC(381) Pause Full (Ergonomics) 9972M->9972M(10188M) 3060.539ms
[202.738s][info][gc,cpu         ] GC(381) User=23.25s Sys=0.05s Real=3.06s
[202.739s][info][gc,start       ] GC(382) Pause Full (Ergonomics)
[202.739s][info][gc,phases,start] GC(382) Marking Phase
[205.070s][info][gc,phases      ] GC(382) Marking Phase 2331.316ms
[205.070s][info][gc,phases,start] GC(382) Summary Phase
[205.070s][info][gc,phases      ] GC(382) Summary Phase 0.106ms
[205.070s][info][gc,phases,start] GC(382) Adjust Roots
[205.070s][info][gc,phases      ] GC(382) Adjust Roots 0.183ms
[205.070s][info][gc,phases,start] GC(382) Compaction Phase
[205.748s][info][gc,phases      ] GC(382) Compaction Phase 677.952ms
[205.748s][info][gc,phases,start] GC(382) Post Compact
[205.764s][info][gc,phases      ] GC(382) Post Compact 15.213ms
[205.764s][info][gc,heap        ] GC(382) PSYoungGen: 449576K(670208K)->449576K(670208K) Eden: 265215K(265216K)->265215K(265216K) From: 184360K(404992K)->184360K(404992K)
[205.764s][info][gc,heap        ] GC(382) ParOldGen: 9762209K(9762304K)->9762209K(9762304K)
[205.764s][info][gc,metaspace   ] GC(382) Metaspace: 6301K(6464K)->6301K(6464K) NonClass: 5768K(5824K)->5768K(5824K) Class: 533K(640K)->533K(640K)
[205.764s][info][gc             ] GC(382) Pause Full (Ergonomics) 9972M->9972M(10188M) 3025.122ms
[205.764s][info][gc,cpu         ] GC(382) User=23.42s Sys=0.00s Real=3.03s
[205.764s][info][gc,start       ] GC(383) Pause Full (Ergonomics)
[205.764s][info][gc,phases,start] GC(383) Marking Phase
[208.049s][info][gc,phases      ] GC(383) Marking Phase 2284.926ms
[208.049s][info][gc,phases,start] GC(383) Summary Phase
[208.049s][info][gc,phases      ] GC(383) Summary Phase 0.097ms
[208.049s][info][gc,phases,start] GC(383) Adjust Roots
[208.049s][info][gc,phases      ] GC(383) Adjust Roots 0.191ms
[208.049s][info][gc,phases,start] GC(383) Compaction Phase
[208.757s][info][gc,phases      ] GC(383) Compaction Phase 708.078ms
[208.758s][info][gc,phases,start] GC(383) Post Compact
[208.773s][info][gc,phases      ] GC(383) Post Compact 15.572ms
[208.773s][info][gc,heap        ] GC(383) PSYoungGen: 449576K(670208K)->449576K(670208K) Eden: 265215K(265216K)->265215K(265216K) From: 184360K(404992K)->184360K(404992K)
[208.773s][info][gc,heap        ] GC(383) ParOldGen: 9762214K(9762304K)->9762214K(9762304K)
[208.773s][info][gc,metaspace   ] GC(383) Metaspace: 6301K(6464K)->6301K(6464K) NonClass: 5768K(5824K)->5768K(5824K) Class: 533K(640K)->533K(640K)
[208.773s][info][gc             ] GC(383) Pause Full (Ergonomics) 9972M->9972M(10188M) 3009.212ms
[208.773s][info][gc,cpu         ] GC(383) User=23.16s Sys=0.02s Real=3.01s
[208.773s][info][gc,start       ] GC(384) Pause Full (Ergonomics)
[208.773s][info][gc,phases,start] GC(384) Marking Phase
[211.084s][info][gc,phases      ] GC(384) Marking Phase 2310.392ms
[211.084s][info][gc,phases,start] GC(384) Summary Phase
[211.084s][info][gc,phases      ] GC(384) Summary Phase 0.100ms
[211.084s][info][gc,phases,start] GC(384) Adjust Roots
[211.084s][info][gc,phases      ] GC(384) Adjust Roots 0.226ms
[211.084s][info][gc,phases,start] GC(384) Compaction Phase
[211.781s][info][gc,phases      ] GC(384) Compaction Phase 697.132ms
[211.782s][info][gc,phases,start] GC(384) Post Compact
[211.797s][info][gc,phases      ] GC(384) Post Compact 15.519ms
[211.797s][info][gc,heap        ] GC(384) PSYoungGen: 449576K(670208K)->449576K(670208K) Eden: 265215K(265216K)->265215K(265216K) From: 184360K(404992K)->184360K(404992K)
[211.797s][info][gc,heap        ] GC(384) ParOldGen: 9762219K(9762304K)->9762219K(9762304K)
[211.797s][info][gc,metaspace   ] GC(384) Metaspace: 6301K(6464K)->6301K(6464K) NonClass: 5768K(5824K)->5768K(5824K) Class: 533K(640K)->533K(640K)
[211.797s][info][gc             ] GC(384) Pause Full (Ergonomics) 9972M->9972M(10188M) 3023.726ms
[211.797s][info][gc,cpu         ] GC(384) User=23.44s Sys=0.00s Real=3.02s
[211.797s][info][gc,start       ] GC(385) Pause Full (Ergonomics)
[211.797s][info][gc,phases,start] GC(385) Marking Phase
[214.095s][info][gc,phases      ] GC(385) Marking Phase 2297.548ms
[214.095s][info][gc,phases,start] GC(385) Summary Phase
[214.095s][info][gc,phases      ] GC(385) Summary Phase 0.097ms
[214.095s][info][gc,phases,start] GC(385) Adjust Roots
[214.095s][info][gc,phases      ] GC(385) Adjust Roots 0.168ms
[214.095s][info][gc,phases,start] GC(385) Compaction Phase
[214.784s][info][gc,phases      ] GC(385) Compaction Phase 688.972ms
[214.784s][info][gc,phases,start] GC(385) Post Compact
[214.801s][info][gc,phases      ] GC(385) Post Compact 16.367ms
[214.801s][info][gc,heap        ] GC(385) PSYoungGen: 449576K(670208K)->449576K(670208K) Eden: 265215K(265216K)->265215K(265216K) From: 184360K(404992K)->184360K(404992K)
[214.801s][info][gc,heap        ] GC(385) ParOldGen: 9762224K(9762304K)->9762224K(9762304K)
[214.801s][info][gc,metaspace   ] GC(385) Metaspace: 6301K(6464K)->6301K(6464K) NonClass: 5768K(5824K)->5768K(5824K) Class: 533K(640K)->533K(640K)
[214.801s][info][gc             ] GC(385) Pause Full (Ergonomics) 9972M->9972M(10188M) 3003.499ms
[214.801s][info][gc,cpu         ] GC(385) User=23.23s Sys=0.02s Real=3.00s
[214.801s][info][gc,start       ] GC(386) Pause Full (Ergonomics)
[214.801s][info][gc,phases,start] GC(386) Marking Phase
[217.062s][info][gc,phases      ] GC(386) Marking Phase 2260.930ms
[217.062s][info][gc,phases,start] GC(386) Summary Phase
[217.062s][info][gc,phases      ] GC(386) Summary Phase 0.107ms
[217.062s][info][gc,phases,start] GC(386) Adjust Roots
[217.062s][info][gc,phases      ] GC(386) Adjust Roots 0.183ms
[217.062s][info][gc,phases,start] GC(386) Compaction Phase
[217.766s][info][gc,phases      ] GC(386) Compaction Phase 703.274ms
[217.766s][info][gc,phases,start] GC(386) Post Compact
[217.784s][info][gc,phases      ] GC(386) Post Compact 18.297ms
[217.784s][info][gc,heap        ] GC(386) PSYoungGen: 449576K(670208K)->449576K(670208K) Eden: 265215K(265216K)->265215K(265216K) From: 184360K(404992K)->184360K(404992K)
[217.784s][info][gc,heap        ] GC(386) ParOldGen: 9762229K(9762304K)->9762229K(9762304K)
[217.784s][info][gc,metaspace   ] GC(386) Metaspace: 6301K(6464K)->6301K(6464K) NonClass: 5768K(5824K)->5768K(5824K) Class: 533K(640K)->533K(640K)
[217.784s][info][gc             ] GC(386) Pause Full (Ergonomics) 9972M->9972M(10188M) 2983.207ms
[217.784s][info][gc,cpu         ] GC(386) User=22.83s Sys=0.00s Real=2.98s
[217.785s][info][gc,start       ] GC(387) Pause Full (Ergonomics)
[217.785s][info][gc,phases,start] GC(387) Marking Phase
[220.082s][info][gc,phases      ] GC(387) Marking Phase 2297.592ms
[220.082s][info][gc,phases,start] GC(387) Summary Phase
[220.082s][info][gc,phases      ] GC(387) Summary Phase 0.146ms
[220.082s][info][gc,phases,start] GC(387) Adjust Roots
[220.083s][info][gc,phases      ] GC(387) Adjust Roots 0.294ms
[220.083s][info][gc,phases,start] GC(387) Compaction Phase
[220.794s][info][gc,phases      ] GC(387) Compaction Phase 711.162ms
[220.794s][info][gc,phases,start] GC(387) Post Compact
[220.812s][info][gc,phases      ] GC(387) Post Compact 18.011ms
[220.812s][info][gc,heap        ] GC(387) PSYoungGen: 449576K(670208K)->449576K(670208K) Eden: 265215K(265216K)->265215K(265216K) From: 184360K(404992K)->184360K(404992K)
[220.812s][info][gc,heap        ] GC(387) ParOldGen: 9762233K(9762304K)->9762233K(9762304K)
[220.812s][info][gc,metaspace   ] GC(387) Metaspace: 6301K(6464K)->6301K(6464K) NonClass: 5768K(5824K)->5768K(5824K) Class: 533K(640K)->533K(640K)
[220.812s][info][gc             ] GC(387) Pause Full (Ergonomics) 9972M->9972M(10188M) 3027.563ms
[220.812s][info][gc,cpu         ] GC(387) User=23.02s Sys=0.02s Real=3.03s
[220.812s][info][gc,start       ] GC(388) Pause Full (Ergonomics)
[220.812s][info][gc,phases,start] GC(388) Marking Phase
[223.120s][info][gc,phases      ] GC(388) Marking Phase 2307.833ms
[223.120s][info][gc,phases,start] GC(388) Summary Phase
[223.120s][info][gc,phases      ] GC(388) Summary Phase 0.109ms
[223.120s][info][gc,phases,start] GC(388) Adjust Roots
[223.121s][info][gc,phases      ] GC(388) Adjust Roots 0.206ms
[223.121s][info][gc,phases,start] GC(388) Compaction Phase
[223.851s][info][gc,phases      ] GC(388) Compaction Phase 730.363ms
[223.851s][info][gc,phases,start] GC(388) Post Compact
[223.869s][info][gc,phases      ] GC(388) Post Compact 18.186ms
[223.869s][info][gc,heap        ] GC(388) PSYoungGen: 449576K(670208K)->449576K(670208K) Eden: 265215K(265216K)->265215K(265216K) From: 184360K(404992K)->184360K(404992K)
[223.869s][info][gc,heap        ] GC(388) ParOldGen: 9762238K(9762304K)->9762238K(9762304K)
[223.869s][info][gc,metaspace   ] GC(388) Metaspace: 6301K(6464K)->6301K(6464K) NonClass: 5768K(5824K)->5768K(5824K) Class: 533K(640K)->533K(640K)
[223.869s][info][gc             ] GC(388) Pause Full (Ergonomics) 9972M->9972M(10188M) 3057.059ms
[223.869s][info][gc,cpu         ] GC(388) User=23.28s Sys=0.02s Real=3.06s
[223.870s][info][gc,start       ] GC(389) Pause Full (Ergonomics)
[223.870s][info][gc,phases,start] GC(389) Marking Phase
[226.175s][info][gc,phases      ] GC(389) Marking Phase 2305.478ms
[226.175s][info][gc,phases,start] GC(389) Summary Phase
[226.175s][info][gc,phases      ] GC(389) Summary Phase 0.118ms
[226.175s][info][gc,phases,start] GC(389) Adjust Roots
[226.175s][info][gc,phases      ] GC(389) Adjust Roots 0.242ms
[226.175s][info][gc,phases,start] GC(389) Compaction Phase
[226.864s][info][gc,phases      ] GC(389) Compaction Phase 688.846ms
[226.864s][info][gc,phases,start] GC(389) Post Compact
[226.880s][info][gc,phases      ] GC(389) Post Compact 15.237ms
[226.880s][info][gc,heap        ] GC(389) PSYoungGen: 449576K(670208K)->449576K(670208K) Eden: 265215K(265216K)->265215K(265216K) From: 184360K(404992K)->184360K(404992K)
[226.880s][info][gc,heap        ] GC(389) ParOldGen: 9762243K(9762304K)->9762243K(9762304K)
[226.880s][info][gc,metaspace   ] GC(389) Metaspace: 6301K(6464K)->6301K(6464K) NonClass: 5768K(5824K)->5768K(5824K) Class: 533K(640K)->533K(640K)
[226.880s][info][gc             ] GC(389) Pause Full (Ergonomics) 9972M->9972M(10188M) 3010.272ms
[226.880s][info][gc,cpu         ] GC(389) User=23.30s Sys=0.00s Real=3.01s
[226.880s][info][gc,start       ] GC(390) Pause Full (Ergonomics)
[226.880s][info][gc,phases,start] GC(390) Marking Phase
[229.206s][info][gc,phases      ] GC(390) Marking Phase 2325.664ms
[229.206s][info][gc,phases,start] GC(390) Summary Phase
[229.206s][info][gc,phases      ] GC(390) Summary Phase 0.192ms
[229.206s][info][gc,phases,start] GC(390) Adjust Roots
[229.206s][info][gc,phases      ] GC(390) Adjust Roots 0.283ms
[229.206s][info][gc,phases,start] GC(390) Compaction Phase
[229.911s][info][gc,phases      ] GC(390) Compaction Phase 704.382ms
[229.911s][info][gc,phases,start] GC(390) Post Compact
[229.925s][info][gc,phases      ] GC(390) Post Compact 14.085ms
[229.925s][info][gc,heap        ] GC(390) PSYoungGen: 449576K(670208K)->449576K(670208K) Eden: 265215K(265216K)->265215K(265216K) From: 184360K(404992K)->184360K(404992K)
[229.925s][info][gc,heap        ] GC(390) ParOldGen: 9762248K(9762304K)->9762248K(9762304K)
[229.925s][info][gc,metaspace   ] GC(390) Metaspace: 6301K(6464K)->6301K(6464K) NonClass: 5768K(5824K)->5768K(5824K) Class: 533K(640K)->533K(640K)
[229.925s][info][gc             ] GC(390) Pause Full (Ergonomics) 9972M->9972M(10188M) 3045.056ms
[229.925s][info][gc,cpu         ] GC(390) User=23.42s Sys=0.03s Real=3.05s
[229.925s][info][gc,start       ] GC(391) Pause Full (Ergonomics)
[229.925s][info][gc,phases,start] GC(391) Marking Phase
[232.272s][info][gc,phases      ] GC(391) Marking Phase 2346.434ms
[232.272s][info][gc,phases,start] GC(391) Summary Phase
[232.272s][info][gc,phases      ] GC(391) Summary Phase 0.096ms
[232.272s][info][gc,phases,start] GC(391) Adjust Roots
[232.272s][info][gc,phases      ] GC(391) Adjust Roots 0.188ms
[232.272s][info][gc,phases,start] GC(391) Compaction Phase
[232.963s][info][gc,phases      ] GC(391) Compaction Phase 690.405ms
[232.963s][info][gc,phases,start] GC(391) Post Compact
[232.979s][info][gc,phases      ] GC(391) Post Compact 15.927ms
[232.979s][info][gc,heap        ] GC(391) PSYoungGen: 449576K(670208K)->449576K(670208K) Eden: 265215K(265216K)->265215K(265216K) From: 184360K(404992K)->184360K(404992K)
[232.979s][info][gc,heap        ] GC(391) ParOldGen: 9762253K(9762304K)->9762253K(9762304K)
[232.979s][info][gc,metaspace   ] GC(391) Metaspace: 6301K(6464K)->6301K(6464K) NonClass: 5768K(5824K)->5768K(5824K) Class: 533K(640K)->533K(640K)
[232.979s][info][gc             ] GC(391) Pause Full (Ergonomics) 9972M->9972M(10188M) 3053.409ms
[232.979s][info][gc,cpu         ] GC(391) User=23.58s Sys=0.00s Real=3.05s
[232.979s][info][gc,start       ] GC(392) Pause Full (Ergonomics)
[232.979s][info][gc,phases,start] GC(392) Marking Phase
[235.276s][info][gc,phases      ] GC(392) Marking Phase 2297.152ms
[235.276s][info][gc,phases,start] GC(392) Summary Phase
[235.276s][info][gc,phases      ] GC(392) Summary Phase 0.097ms
[235.276s][info][gc,phases,start] GC(392) Adjust Roots
[235.276s][info][gc,phases      ] GC(392) Adjust Roots 0.191ms
[235.277s][info][gc,phases,start] GC(392) Compaction Phase
[235.965s][info][gc,phases      ] GC(392) Compaction Phase 688.244ms
[235.965s][info][gc,phases,start] GC(392) Post Compact
[235.980s][info][gc,phases      ] GC(392) Post Compact 15.141ms
[235.980s][info][gc,heap        ] GC(392) PSYoungGen: 449576K(670208K)->449576K(670208K) Eden: 265215K(265216K)->265215K(265216K) From: 184360K(404992K)->184360K(404992K)
[235.980s][info][gc,heap        ] GC(392) ParOldGen: 9762258K(9762304K)->9762258K(9762304K)
[235.980s][info][gc,metaspace   ] GC(392) Metaspace: 6301K(6464K)->6301K(6464K) NonClass: 5768K(5824K)->5768K(5824K) Class: 533K(640K)->533K(640K)
[235.980s][info][gc             ] GC(392) Pause Full (Ergonomics) 9972M->9972M(10188M) 3001.191ms
[235.980s][info][gc,cpu         ] GC(392) User=23.23s Sys=0.00s Real=3.00s
[235.980s][info][gc,start       ] GC(393) Pause Full (Ergonomics)
[235.980s][info][gc,phases,start] GC(393) Marking Phase
[238.257s][info][gc,phases      ] GC(393) Marking Phase 2276.327ms
[238.257s][info][gc,phases,start] GC(393) Summary Phase
[238.257s][info][gc,phases      ] GC(393) Summary Phase 0.095ms
[238.257s][info][gc,phases,start] GC(393) Adjust Roots
[238.257s][info][gc,phases      ] GC(393) Adjust Roots 0.161ms
[238.257s][info][gc,phases,start] GC(393) Compaction Phase
[238.953s][info][gc,phases      ] GC(393) Compaction Phase 695.511ms
[238.953s][info][gc,phases,start] GC(393) Post Compact
[238.968s][info][gc,phases      ] GC(393) Post Compact 14.983ms
[238.968s][info][gc,heap        ] GC(393) PSYoungGen: 449576K(670208K)->449576K(670208K) Eden: 265215K(265216K)->265215K(265216K) From: 184360K(404992K)->184360K(404992K)
[238.968s][info][gc,heap        ] GC(393) ParOldGen: 9762262K(9762304K)->9762262K(9762304K)
[238.968s][info][gc,metaspace   ] GC(393) Metaspace: 6301K(6464K)->6301K(6464K) NonClass: 5768K(5824K)->5768K(5824K) Class: 533K(640K)->533K(640K)
[238.968s][info][gc             ] GC(393) Pause Full (Ergonomics) 9972M->9972M(10188M) 2987.429ms
[238.968s][info][gc,cpu         ] GC(393) User=23.25s Sys=0.00s Real=2.99s
[238.968s][info][gc,start       ] GC(394) Pause Full (Ergonomics)
[238.968s][info][gc,phases,start] GC(394) Marking Phase
[241.272s][info][gc,phases      ] GC(394) Marking Phase 2303.722ms
[241.272s][info][gc,phases,start] GC(394) Summary Phase
[241.272s][info][gc,phases      ] GC(394) Summary Phase 0.098ms
[241.272s][info][gc,phases,start] GC(394) Adjust Roots
[241.272s][info][gc,phases      ] GC(394) Adjust Roots 0.166ms
[241.272s][info][gc,phases,start] GC(394) Compaction Phase
[241.954s][info][gc,phases      ] GC(394) Compaction Phase 681.981ms
[241.954s][info][gc,phases,start] GC(394) Post Compact
[241.969s][info][gc,phases      ] GC(394) Post Compact 15.046ms
[241.969s][info][gc,heap        ] GC(394) PSYoungGen: 449576K(670208K)->449576K(670208K) Eden: 265215K(265216K)->265215K(265216K) From: 184360K(404992K)->184360K(404992K)
[241.969s][info][gc,heap        ] GC(394) ParOldGen: 9762267K(9762304K)->9762267K(9762304K)
[241.969s][info][gc,metaspace   ] GC(394) Metaspace: 6301K(6464K)->6301K(6464K) NonClass: 5768K(5824K)->5768K(5824K) Class: 533K(640K)->533K(640K)
[241.969s][info][gc             ] GC(394) Pause Full (Ergonomics) 9972M->9972M(10188M) 3001.437ms
[241.969s][info][gc,cpu         ] GC(394) User=23.11s Sys=0.03s Real=3.00s
[241.970s][info][gc,start       ] GC(395) Pause Full (Ergonomics)
[241.970s][info][gc,phases,start] GC(395) Marking Phase
[244.293s][info][gc,phases      ] GC(395) Marking Phase 2322.962ms
[244.293s][info][gc,phases,start] GC(395) Summary Phase
[244.293s][info][gc,phases      ] GC(395) Summary Phase 0.101ms
[244.293s][info][gc,phases,start] GC(395) Adjust Roots
[244.293s][info][gc,phases      ] GC(395) Adjust Roots 0.248ms
[244.293s][info][gc,phases,start] GC(395) Compaction Phase
[244.980s][info][gc,phases      ] GC(395) Compaction Phase 686.439ms
[244.980s][info][gc,phases,start] GC(395) Post Compact
[244.996s][info][gc,phases      ] GC(395) Post Compact 15.915ms
[244.996s][info][gc,heap        ] GC(395) PSYoungGen: 449576K(670208K)->449576K(670208K) Eden: 265215K(265216K)->265215K(265216K) From: 184360K(404992K)->184360K(404992K)
[244.996s][info][gc,heap        ] GC(395) ParOldGen: 9762272K(9762304K)->9762272K(9762304K)
[244.996s][info][gc,metaspace   ] GC(395) Metaspace: 6301K(6464K)->6301K(6464K) NonClass: 5768K(5824K)->5768K(5824K) Class: 533K(640K)->533K(640K)
[244.996s][info][gc             ] GC(395) Pause Full (Ergonomics) 9972M->9972M(10188M) 3026.035ms
[244.996s][info][gc,cpu         ] GC(395) User=23.42s Sys=0.00s Real=3.03s
[244.996s][info][gc,start       ] GC(396) Pause Full (Ergonomics)
[244.996s][info][gc,phases,start] GC(396) Marking Phase
[247.319s][info][gc,phases      ] GC(396) Marking Phase 2323.094ms
[247.319s][info][gc,phases,start] GC(396) Summary Phase
[247.319s][info][gc,phases      ] GC(396) Summary Phase 0.107ms
[247.319s][info][gc,phases,start] GC(396) Adjust Roots
[247.319s][info][gc,phases      ] GC(396) Adjust Roots 0.186ms
[247.319s][info][gc,phases,start] GC(396) Compaction Phase
[248.013s][info][gc,phases      ] GC(396) Compaction Phase 694.026ms
[248.014s][info][gc,phases,start] GC(396) Post Compact
[248.030s][info][gc,phases      ] GC(396) Post Compact 16.102ms
[248.030s][info][gc,heap        ] GC(396) PSYoungGen: 449576K(670208K)->449576K(670208K) Eden: 265215K(265216K)->265215K(265216K) From: 184360K(404992K)->184360K(404992K)
[248.030s][info][gc,heap        ] GC(396) ParOldGen: 9762277K(9762304K)->9762277K(9762304K)
[248.030s][info][gc,metaspace   ] GC(396) Metaspace: 6301K(6464K)->6301K(6464K) NonClass: 5768K(5824K)->5768K(5824K) Class: 533K(640K)->533K(640K)
[248.030s][info][gc             ] GC(396) Pause Full (Ergonomics) 9972M->9972M(10188M) 3033.865ms
[248.030s][info][gc,cpu         ] GC(396) User=23.55s Sys=0.00s Real=3.03s
[248.030s][info][gc,start       ] GC(397) Pause Full (Ergonomics)
[248.030s][info][gc,phases,start] GC(397) Marking Phase
[250.447s][info][gc,phases      ] GC(397) Marking Phase 2417.320ms
[250.447s][info][gc,phases,start] GC(397) Summary Phase
[250.448s][info][gc,phases      ] GC(397) Summary Phase 0.250ms
[250.448s][info][gc,phases,start] GC(397) Adjust Roots
[250.448s][info][gc,phases      ] GC(397) Adjust Roots 0.423ms
[250.448s][info][gc,phases,start] GC(397) Compaction Phase
[251.178s][info][gc,phases      ] GC(397) Compaction Phase 730.314ms
[251.179s][info][gc,phases,start] GC(397) Post Compact
[251.194s][info][gc,phases      ] GC(397) Post Compact 15.632ms
[251.194s][info][gc,heap        ] GC(397) PSYoungGen: 449576K(670208K)->449576K(670208K) Eden: 265215K(265216K)->265215K(265216K) From: 184360K(404992K)->184360K(404992K)
[251.194s][info][gc,heap        ] GC(397) ParOldGen: 9762282K(9762304K)->9762282K(9762304K)
[251.194s][info][gc,metaspace   ] GC(397) Metaspace: 6301K(6464K)->6301K(6464K) NonClass: 5768K(5824K)->5768K(5824K) Class: 533K(640K)->533K(640K)
[251.194s][info][gc             ] GC(397) Pause Full (Ergonomics) 9972M->9972M(10188M) 3164.366ms
[251.194s][info][gc,cpu         ] GC(397) User=22.73s Sys=0.00s Real=3.16s
[251.195s][info][gc,start       ] GC(398) Pause Full (Ergonomics)
[251.195s][info][gc,phases,start] GC(398) Marking Phase
[253.482s][info][gc,phases      ] GC(398) Marking Phase 2287.876ms
[253.482s][info][gc,phases,start] GC(398) Summary Phase
[253.483s][info][gc,phases      ] GC(398) Summary Phase 0.110ms
[253.483s][info][gc,phases,start] GC(398) Adjust Roots
[253.483s][info][gc,phases      ] GC(398) Adjust Roots 0.189ms
[253.483s][info][gc,phases,start] GC(398) Compaction Phase
[254.165s][info][gc,phases      ] GC(398) Compaction Phase 682.310ms
[254.165s][info][gc,phases,start] GC(398) Post Compact
[254.179s][info][gc,phases      ] GC(398) Post Compact 13.959ms
[254.179s][info][gc,heap        ] GC(398) PSYoungGen: 449576K(670208K)->449576K(670208K) Eden: 265215K(265216K)->265215K(265216K) From: 184360K(404992K)->184360K(404992K)
[254.179s][info][gc,heap        ] GC(398) ParOldGen: 9762287K(9762304K)->9762287K(9762304K)
[254.179s][info][gc,metaspace   ] GC(398) Metaspace: 6301K(6464K)->6301K(6464K) NonClass: 5768K(5824K)->5768K(5824K) Class: 533K(640K)->533K(640K)
[254.179s][info][gc             ] GC(398) Pause Full (Ergonomics) 9972M->9972M(10188M) 2984.787ms
[254.179s][info][gc,cpu         ] GC(398) User=23.11s Sys=0.02s Real=2.98s
[254.180s][info][gc,start       ] GC(399) Pause Full (Ergonomics)
[254.180s][info][gc,phases,start] GC(399) Marking Phase
[256.468s][info][gc,phases      ] GC(399) Marking Phase 2288.635ms
[256.468s][info][gc,phases,start] GC(399) Summary Phase
[256.468s][info][gc,phases      ] GC(399) Summary Phase 0.114ms
[256.468s][info][gc,phases,start] GC(399) Adjust Roots
[256.469s][info][gc,phases      ] GC(399) Adjust Roots 0.172ms
[256.469s][info][gc,phases,start] GC(399) Compaction Phase
[257.155s][info][gc,phases      ] GC(399) Compaction Phase 686.646ms
[257.155s][info][gc,phases,start] GC(399) Post Compact
[257.170s][info][gc,phases      ] GC(399) Post Compact 14.491ms
[257.170s][info][gc,heap        ] GC(399) PSYoungGen: 449576K(670208K)->449576K(670208K) Eden: 265215K(265216K)->265215K(265216K) From: 184360K(404992K)->184360K(404992K)
[257.170s][info][gc,heap        ] GC(399) ParOldGen: 9762291K(9762304K)->9762291K(9762304K)
[257.170s][info][gc,metaspace   ] GC(399) Metaspace: 6301K(6464K)->6301K(6464K) NonClass: 5768K(5824K)->5768K(5824K) Class: 533K(640K)->533K(640K)
[257.170s][info][gc             ] GC(399) Pause Full (Ergonomics) 9972M->9972M(10188M) 2990.424ms
[257.170s][info][gc,cpu         ] GC(399) User=23.17s Sys=0.02s Real=2.99s
[257.170s][info][gc,start       ] GC(400) Pause Full (Ergonomics)
[257.170s][info][gc,phases,start] GC(400) Marking Phase
[259.434s][info][gc,phases      ] GC(400) Marking Phase 2263.766ms
[259.434s][info][gc,phases,start] GC(400) Summary Phase
[259.434s][info][gc,phases      ] GC(400) Summary Phase 0.094ms
[259.434s][info][gc,phases,start] GC(400) Adjust Roots
[259.434s][info][gc,phases      ] GC(400) Adjust Roots 0.160ms
[259.434s][info][gc,phases,start] GC(400) Compaction Phase
[260.119s][info][gc,phases      ] GC(400) Compaction Phase 684.626ms
[260.119s][info][gc,phases,start] GC(400) Post Compact
[260.134s][info][gc,phases      ] GC(400) Post Compact 15.305ms
[260.134s][info][gc,heap        ] GC(400) PSYoungGen: 449576K(670208K)->449576K(670208K) Eden: 265215K(265216K)->265215K(265216K) From: 184360K(404992K)->184360K(404992K)
[260.134s][info][gc,heap        ] GC(400) ParOldGen: 9762296K(9762304K)->9762296K(9762304K)
[260.134s][info][gc,metaspace   ] GC(400) Metaspace: 6301K(6464K)->6301K(6464K) NonClass: 5768K(5824K)->5768K(5824K) Class: 533K(640K)->533K(640K)
[260.134s][info][gc             ] GC(400) Pause Full (Ergonomics) 9972M->9972M(10188M) 2964.303ms
[260.135s][info][gc,cpu         ] GC(400) User=23.08s Sys=0.02s Real=2.96s
[260.135s][info][gc,start       ] GC(401) Pause Full (Ergonomics)
[260.135s][info][gc,phases,start] GC(401) Marking Phase
[262.439s][info][gc,phases      ] GC(401) Marking Phase 2304.629ms
[262.439s][info][gc,phases,start] GC(401) Summary Phase
[262.439s][info][gc,phases      ] GC(401) Summary Phase 0.095ms
[262.439s][info][gc,phases,start] GC(401) Adjust Roots
[262.440s][info][gc,phases      ] GC(401) Adjust Roots 0.161ms
[262.440s][info][gc,phases,start] GC(401) Compaction Phase
[263.130s][info][gc,phases      ] GC(401) Compaction Phase 690.518ms
[263.130s][info][gc,phases,start] GC(401) Post Compact
[263.146s][info][gc,phases      ] GC(401) Post Compact 15.305ms
[263.146s][info][gc,heap        ] GC(401) PSYoungGen: 449576K(670208K)->449576K(670208K) Eden: 265215K(265216K)->265215K(265216K) From: 184360K(404992K)->184360K(404992K)
[263.146s][info][gc,heap        ] GC(401) ParOldGen: 9762301K(9762304K)->9762301K(9762304K)
[263.146s][info][gc,metaspace   ] GC(401) Metaspace: 6301K(6464K)->6301K(6464K) NonClass: 5768K(5824K)->5768K(5824K) Class: 533K(640K)->533K(640K)
[263.146s][info][gc             ] GC(401) Pause Full (Ergonomics) 9972M->9972M(10188M) 3011.038ms
[263.146s][info][gc,cpu         ] GC(401) User=23.27s Sys=0.00s Real=3.01s
[263.146s][info][gc,start       ] GC(402) Pause Full (Ergonomics)
[263.146s][info][gc,phases,start] GC(402) Marking Phase
[265.455s][info][gc,phases      ] GC(402) Marking Phase 2308.557ms
[265.455s][info][gc,phases,start] GC(402) Summary Phase
[265.455s][info][gc,phases      ] GC(402) Summary Phase 0.154ms
[265.455s][info][gc,phases,start] GC(402) Adjust Roots
[265.455s][info][gc,phases      ] GC(402) Adjust Roots 0.315ms
[265.455s][info][gc,phases,start] GC(402) Compaction Phase
[266.162s][info][gc,phases      ] GC(402) Compaction Phase 706.420ms
[266.162s][info][gc,phases,start] GC(402) Post Compact
[266.177s][info][gc,phases      ] GC(402) Post Compact 15.683ms
[266.177s][info][gc,heap        ] GC(402) PSYoungGen: 449576K(670208K)->449576K(670208K) Eden: 265215K(265216K)->265215K(265216K) From: 184360K(404992K)->184360K(404992K)
[266.177s][info][gc,heap        ] GC(402) ParOldGen: 9762303K(9762304K)->9762303K(9762304K)
[266.178s][info][gc,metaspace   ] GC(402) Metaspace: 6301K(6464K)->6301K(6464K) NonClass: 5768K(5824K)->5768K(5824K) Class: 533K(640K)->533K(640K)
[266.178s][info][gc             ] GC(402) Pause Full (Ergonomics) 9972M->9972M(10188M) 3031.611ms
[266.178s][info][gc,cpu         ] GC(402) User=23.22s Sys=0.00s Real=3.03s
[266.178s][info][gc,start       ] GC(403) Pause Full (Allocation Failure)
[266.178s][info][gc,phases,start] GC(403) Marking Phase
[268.491s][info][gc,phases      ] GC(403) Marking Phase 2313.249ms
[268.491s][info][gc,phases,start] GC(403) Summary Phase
[268.491s][info][gc,phases      ] GC(403) Summary Phase 0.099ms
[268.491s][info][gc,phases,start] GC(403) Adjust Roots
[268.491s][info][gc,phases      ] GC(403) Adjust Roots 0.380ms
[268.491s][info][gc,phases,start] GC(403) Compaction Phase
[270.940s][info][gc,phases      ] GC(403) Compaction Phase 2448.509ms
[270.940s][info][gc,phases,start] GC(403) Post Compact
[270.956s][info][gc,phases      ] GC(403) Post Compact 15.784ms
[270.956s][info][gc,heap        ] GC(403) PSYoungGen: 449576K(670208K)->449576K(670208K) Eden: 265215K(265216K)->265215K(265216K) From: 184360K(404992K)->184360K(404992K)
[270.956s][info][gc,heap        ] GC(403) ParOldGen: 9762303K(9762304K)->9762299K(9762304K)
[270.956s][info][gc,metaspace   ] GC(403) Metaspace: 6301K(6464K)->6299K(6464K) NonClass: 5768K(5824K)->5766K(5824K) Class: 533K(640K)->532K(640K)
[270.956s][info][gc             ] GC(403) Pause Full (Allocation Failure) 9972M->9972M(10188M) 4778.387ms
[270.956s][info][gc,cpu         ] GC(403) User=35.92s Sys=0.03s Real=4.78s
[270.957s][info][gc,start       ] GC(404) Pause Full (Ergonomics)
[270.957s][info][gc,phases,start] GC(404) Marking Phase
[273.255s][info][gc,phases      ] GC(404) Marking Phase 2298.185ms
[273.255s][info][gc,phases,start] GC(404) Summary Phase
[273.256s][info][gc,phases      ] GC(404) Summary Phase 0.182ms
[273.256s][info][gc,phases,start] GC(404) Adjust Roots
[273.256s][info][gc,phases      ] GC(404) Adjust Roots 0.256ms
[273.256s][info][gc,phases,start] GC(404) Compaction Phase
[273.950s][info][gc,phases      ] GC(404) Compaction Phase 694.562ms
[273.951s][info][gc,phases,start] GC(404) Post Compact
[273.966s][info][gc,phases      ] GC(404) Post Compact 15.310ms
[273.966s][info][gc,heap        ] GC(404) PSYoungGen: 449576K(670208K)->449576K(670208K) Eden: 265215K(265216K)->265215K(265216K) From: 184360K(404992K)->184360K(404992K)
[273.966s][info][gc,heap        ] GC(404) ParOldGen: 9762302K(9762304K)->9762302K(9762304K)
[273.966s][info][gc,metaspace   ] GC(404) Metaspace: 6299K(6464K)->6299K(6464K) NonClass: 5766K(5824K)->5766K(5824K) Class: 532K(640K)->532K(640K)
[273.966s][info][gc             ] GC(404) Pause Full (Ergonomics) 9972M->9972M(10188M) 3008.884ms
[273.966s][info][gc,cpu         ] GC(404) User=22.95s Sys=0.02s Real=3.01s
[273.966s][info][gc,start       ] GC(405) Pause Full (Ergonomics)
[273.966s][info][gc,phases,start] GC(405) Marking Phase
[276.250s][info][gc,phases      ] GC(405) Marking Phase 2283.866ms
[276.250s][info][gc,phases,start] GC(405) Summary Phase
[276.250s][info][gc,phases      ] GC(405) Summary Phase 0.098ms
[276.250s][info][gc,phases,start] GC(405) Adjust Roots
[276.251s][info][gc,phases      ] GC(405) Adjust Roots 0.192ms
[276.251s][info][gc,phases,start] GC(405) Compaction Phase
[276.953s][info][gc,phases      ] GC(405) Compaction Phase 701.899ms
[276.953s][info][gc,phases,start] GC(405) Post Compact
[276.968s][info][gc,phases      ] GC(405) Post Compact 15.137ms
[276.968s][info][gc,heap        ] GC(405) PSYoungGen: 449576K(670208K)->449576K(670208K) Eden: 265215K(265216K)->265215K(265216K) From: 184360K(404992K)->184360K(404992K)
[276.968s][info][gc,heap        ] GC(405) ParOldGen: 9762303K(9762304K)->9762303K(9762304K)
[276.968s][info][gc,metaspace   ] GC(405) Metaspace: 6299K(6464K)->6299K(6464K) NonClass: 5766K(5824K)->5766K(5824K) Class: 532K(640K)->532K(640K)
[276.968s][info][gc             ] GC(405) Pause Full (Ergonomics) 9972M->9972M(10188M) 3001.675ms
[276.968s][info][gc,cpu         ] GC(405) User=23.20s Sys=0.00s Real=3.00s
[276.968s][info][gc,start       ] GC(406) Pause Full (Allocation Failure)
[276.968s][info][gc,phases,start] GC(406) Marking Phase
[279.296s][info][gc,phases      ] GC(406) Marking Phase 2327.859ms
[279.296s][info][gc,phases,start] GC(406) Summary Phase
[279.296s][info][gc,phases      ] GC(406) Summary Phase 0.116ms
[279.296s][info][gc,phases,start] GC(406) Adjust Roots
[279.296s][info][gc,phases      ] GC(406) Adjust Roots 0.165ms
[279.296s][info][gc,phases,start] GC(406) Compaction Phase
[279.983s][info][gc,phases      ] GC(406) Compaction Phase 686.192ms
[279.983s][info][gc,phases,start] GC(406) Post Compact
[279.998s][info][gc,phases      ] GC(406) Post Compact 15.719ms
[279.999s][info][gc,heap        ] GC(406) PSYoungGen: 449576K(670208K)->449576K(670208K) Eden: 265215K(265216K)->265215K(265216K) From: 184360K(404992K)->184360K(404992K)
[279.999s][info][gc,heap        ] GC(406) ParOldGen: 9762303K(9762304K)->9762303K(9762304K)
[279.999s][info][gc,metaspace   ] GC(406) Metaspace: 6299K(6464K)->6299K(6464K) NonClass: 5766K(5824K)->5766K(5824K) Class: 532K(640K)->532K(640K)
[279.999s][info][gc             ] GC(406) Pause Full (Allocation Failure) 9972M->9972M(10188M) 3030.396ms
[279.999s][info][gc,cpu         ] GC(406) User=23.48s Sys=0.02s Real=3.03s
[279.999s][info][gc,start       ] GC(407) Pause Full (Ergonomics)
[279.999s][info][gc,phases,start] GC(407) Marking Phase
[282.311s][info][gc,phases      ] GC(407) Marking Phase 2311.934ms
[282.311s][info][gc,phases,start] GC(407) Summary Phase
[282.311s][info][gc,phases      ] GC(407) Summary Phase 0.096ms
[282.311s][info][gc,phases,start] GC(407) Adjust Roots
[282.311s][info][gc,phases      ] GC(407) Adjust Roots 0.245ms
[282.311s][info][gc,phases,start] GC(407) Compaction Phase
[284.755s][info][gc,phases      ] GC(407) Compaction Phase 2443.325ms
[284.755s][info][gc,phases,start] GC(407) Post Compact
[284.771s][info][gc,phases      ] GC(407) Post Compact 15.729ms
[284.771s][info][gc,heap        ] GC(407) PSYoungGen: 449576K(670208K)->449576K(670208K) Eden: 265216K(265216K)->265216K(265216K) From: 184360K(404992K)->184360K(404992K)
[284.771s][info][gc,heap        ] GC(407) ParOldGen: 9762304K(9762304K)->9762302K(9762304K)
[284.771s][info][gc,metaspace   ] GC(407) Metaspace: 6299K(6464K)->6299K(6464K) NonClass: 5766K(5824K)->5766K(5824K) Class: 532K(640K)->532K(640K)
[284.771s][info][gc             ] GC(407) Pause Full (Ergonomics) 9972M->9972M(10188M) 4771.699ms
[284.771s][info][gc,cpu         ] GC(407) User=36.00s Sys=0.02s Real=4.77s
[284.772s][info][gc,start       ] GC(408) Pause Full (Ergonomics)
[284.772s][info][gc,phases,start] GC(408) Marking Phase
[287.065s][info][gc,phases      ] GC(408) Marking Phase 2292.521ms
[287.065s][info][gc,phases,start] GC(408) Summary Phase
[287.065s][info][gc,phases      ] GC(408) Summary Phase 0.097ms
[287.065s][info][gc,phases,start] GC(408) Adjust Roots
[287.065s][info][gc,phases      ] GC(408) Adjust Roots 0.332ms
[287.065s][info][gc,phases,start] GC(408) Compaction Phase
[289.511s][info][gc,phases      ] GC(408) Compaction Phase 2445.974ms
[289.511s][info][gc,phases,start] GC(408) Post Compact
[289.527s][info][gc,phases      ] GC(408) Post Compact 15.692ms
[289.527s][info][gc,heap        ] GC(408) PSYoungGen: 449576K(670208K)->449576K(670208K) Eden: 265216K(265216K)->265216K(265216K) From: 184360K(404992K)->184360K(404992K)
[289.527s][info][gc,heap        ] GC(408) ParOldGen: 9762303K(9762304K)->9762301K(9762304K)
[289.527s][info][gc,metaspace   ] GC(408) Metaspace: 6301K(6464K)->6301K(6464K) NonClass: 5767K(5824K)->5767K(5824K) Class: 533K(640K)->533K(640K)
[289.527s][info][gc             ] GC(408) Pause Full (Ergonomics) 9972M->9972M(10188M) 4755.107ms
[289.527s][info][gc,cpu         ] GC(408) User=35.67s Sys=0.05s Real=4.76s
[289.528s][info][gc,start       ] GC(409) Pause Full (Ergonomics)
[289.528s][info][gc,phases,start] GC(409) Marking Phase
[291.807s][info][gc,phases      ] GC(409) Marking Phase 2279.470ms
[291.807s][info][gc,phases,start] GC(409) Summary Phase
[291.807s][info][gc,phases      ] GC(409) Summary Phase 0.103ms
[291.807s][info][gc,phases,start] GC(409) Adjust Roots
[291.808s][info][gc,phases      ] GC(409) Adjust Roots 0.255ms
[291.808s][info][gc,phases,start] GC(409) Compaction Phase
[294.238s][info][gc,phases      ] GC(409) Compaction Phase 2430.293ms
[294.238s][info][gc,phases,start] GC(409) Post Compact
[294.254s][info][gc,phases      ] GC(409) Post Compact 15.717ms
[294.254s][info][gc,heap        ] GC(409) PSYoungGen: 449576K(670208K)->449576K(670208K) Eden: 265216K(265216K)->265216K(265216K) From: 184360K(404992K)->184360K(404992K)
[294.254s][info][gc,heap        ] GC(409) ParOldGen: 9762301K(9762304K)->9762301K(9762304K)
[294.254s][info][gc,metaspace   ] GC(409) Metaspace: 6304K(6528K)->6304K(6528K) NonClass: 5769K(5888K)->5769K(5888K) Class: 534K(640K)->534K(640K)
[294.254s][info][gc             ] GC(409) Pause Full (Ergonomics) 9972M->9972M(10188M) 4726.200ms
[294.254s][info][gc,cpu         ] GC(409) User=35.61s Sys=0.05s Real=4.73s
[294.254s][info][gc,heap,exit   ] Heap
[294.254s][info][gc,heap,exit   ]  PSYoungGen      total 670208K, used 449576K [0x00000006d6180000, 0x000000071b580000, 0x0000000800000000)
[294.254s][info][gc,heap,exit   ]   eden space 265216K, 100% used [0x00000006d6180000,0x00000006e6480000,0x00000006e6480000)
[294.254s][info][gc,heap,exit   ]   from space 404992K, 45% used [0x0000000700000000,0x000000070b40a028,0x0000000718b80000)
[294.254s][info][gc,heap,exit   ]   to   space 421376K, 0% used [0x00000006e6480000,0x00000006e6480000,0x0000000700000000)
[294.254s][info][gc,heap,exit   ]  ParOldGen       total 9762304K, used 9762301K [0x0000000482400000, 0x00000006d6180000, 0x00000006d6180000)
[294.254s][info][gc,heap,exit   ]   object space 9762304K, 99% used [0x0000000482400000,0x00000006d617f600,0x00000006d6180000)
[294.254s][info][gc,heap,exit   ]  Metaspace       used 6304K, committed 6528K, reserved 1114112K
[294.254s][info][gc,heap,exit   ]   class space    used 534K, committed 640K, reserved 1048576K
