[0.012s][info][gc,init] CardTable entry size: 512
[0.012s][info][gc     ] Using Parallel
[0.013s][info][gc,init] Version: 18.0.1+10 (release)
[0.013s][info][gc,init] CPUs: 8 total, 8 available
[0.013s][info][gc,init] Memory: 16063M
[0.013s][info][gc,init] Large Page Support: Disabled
[0.013s][info][gc,init] NUMA Support: Disabled
[0.013s][info][gc,init] Compressed Oops: Enabled (Zero based)
[0.013s][info][gc,init] Alignments: Space 512K, Generation 512K, Heap 2M
[0.013s][info][gc,init] Heap Min Capacity: 2M
[0.013s][info][gc,init] Heap Initial Capacity: 2M
[0.013s][info][gc,init] Heap Max Capacity: 5100M
[0.013s][info][gc,init] Pre-touch: Disabled
[0.013s][info][gc,init] Parallel Workers: 8
[0.013s][info][gc,metaspace] CDS archive(s) not mapped
[0.013s][info][gc,metaspace] Compressed class space mapped at: 0x0000000800000000-0x0000000840000000, reserved size: 1073741824
[0.013s][info][gc,metaspace] Narrow klass base: 0x0000000800000000, Narrow klass shift: 0, Narrow klass range: 0x40000000
[0.105s][info][gc,start    ] GC(0) Pause Young (Allocation Failure)
[0.106s][info][gc,heap     ] GC(0) PSYoungGen: 512K(1024K)->480K(1024K) Eden: 512K(512K)->0K(512K) From: 0K(512K)->480K(512K)
[0.106s][info][gc,heap     ] GC(0) ParOldGen: 0K(512K)->8K(512K)
[0.106s][info][gc,metaspace] GC(0) Metaspace: 4229K(4352K)->4229K(4352K) NonClass: 3908K(3968K)->3908K(3968K) Class: 321K(384K)->321K(384K)
[0.106s][info][gc          ] GC(0) Pause Young (Allocation Failure) 0M->0M(1M) 1.560ms
[0.106s][info][gc,cpu      ] GC(0) User=0.00s Sys=0.00s Real=0.00s
[0.169s][info][gc,start    ] GC(1) Pause Young (Allocation Failure)
[0.170s][info][gc,heap     ] GC(1) PSYoungGen: 991K(1024K)->512K(1536K) Eden: 511K(512K)->0K(1024K) From: 480K(512K)->512K(512K)
[0.170s][info][gc,heap     ] GC(1) ParOldGen: 8K(512K)->88K(512K)
[0.170s][info][gc,metaspace] GC(1) Metaspace: 5876K(5952K)->5876K(5952K) NonClass: 5380K(5440K)->5380K(5440K) Class: 496K(512K)->496K(512K)
[0.170s][info][gc          ] GC(1) Pause Young (Allocation Failure) 0M->0M(2M) 1.025ms
[0.170s][info][gc,cpu      ] GC(1) User=0.02s Sys=0.00s Real=0.00s
[0.191s][info][gc,start    ] GC(2) Pause Young (Allocation Failure)
[0.192s][info][gc,heap     ] GC(2) PSYoungGen: 1536K(1536K)->512K(1536K) Eden: 1024K(1024K)->0K(1024K) From: 512K(512K)->512K(512K)
[0.192s][info][gc,heap     ] GC(2) ParOldGen: 88K(512K)->504K(512K)
[0.192s][info][gc,metaspace] GC(2) Metaspace: 6295K(6464K)->6295K(6464K) NonClass: 5762K(5824K)->5762K(5824K) Class: 533K(640K)->533K(640K)
[0.192s][info][gc          ] GC(2) Pause Young (Allocation Failure) 1M->0M(2M) 1.108ms
[0.192s][info][gc,cpu      ] GC(2) User=0.00s Sys=0.00s Real=0.00s
[0.192s][info][gc,start    ] GC(3) Pause Full (Ergonomics)
[0.192s][info][gc,phases,start] GC(3) Marking Phase
[0.193s][info][gc,phases      ] GC(3) Marking Phase 0.927ms
[0.193s][info][gc,phases,start] GC(3) Summary Phase
[0.193s][info][gc,phases      ] GC(3) Summary Phase 0.016ms
[0.193s][info][gc,phases,start] GC(3) Adjust Roots
[0.193s][info][gc,phases      ] GC(3) Adjust Roots 0.401ms
[0.193s][info][gc,phases,start] GC(3) Compaction Phase
[0.195s][info][gc,phases      ] GC(3) Compaction Phase 1.477ms
[0.195s][info][gc,phases,start] GC(3) Post Compact
[0.195s][info][gc,phases      ] GC(3) Post Compact 0.068ms
[0.195s][info][gc,heap        ] GC(3) PSYoungGen: 512K(1536K)->506K(1536K) Eden: 0K(1024K)->0K(1024K) From: 512K(512K)->506K(512K)
[0.195s][info][gc,heap        ] GC(3) ParOldGen: 504K(512K)->473K(2048K)
[0.195s][info][gc,metaspace   ] GC(3) Metaspace: 6295K(6464K)->6295K(6464K) NonClass: 5762K(5824K)->5762K(5824K) Class: 533K(640K)->533K(640K)
[0.195s][info][gc             ] GC(3) Pause Full (Ergonomics) 0M->0M(3M) 3.136ms
[0.195s][info][gc,cpu         ] GC(3) User=0.00s Sys=0.00s Real=0.00s
[0.196s][info][gc,start       ] GC(4) Pause Young (Allocation Failure)
[0.198s][info][gc,heap        ] GC(4) PSYoungGen: 1530K(1536K)->480K(2560K) Eden: 1024K(1024K)->0K(2048K) From: 506K(512K)->480K(512K)
[0.198s][info][gc,heap        ] GC(4) ParOldGen: 473K(2048K)->1038K(2048K)
[0.198s][info][gc,metaspace   ] GC(4) Metaspace: 6295K(6464K)->6295K(6464K) NonClass: 5762K(5824K)->5762K(5824K) Class: 533K(640K)->533K(640K)
[0.198s][info][gc             ] GC(4) Pause Young (Allocation Failure) 1M->1M(4M) 1.412ms
[0.198s][info][gc,cpu         ] GC(4) User=0.00s Sys=0.00s Real=0.00s
[0.201s][info][gc,start       ] GC(5) Pause Young (Allocation Failure)
[0.204s][info][gc,heap        ] GC(5) PSYoungGen: 2528K(2560K)->480K(2560K) Eden: 2048K(2048K)->0K(2048K) From: 480K(512K)->480K(512K)
[0.204s][info][gc,heap        ] GC(5) ParOldGen: 1038K(2048K)->2110K(2560K)
[0.204s][info][gc,metaspace   ] GC(5) Metaspace: 6295K(6464K)->6295K(6464K) NonClass: 5762K(5824K)->5762K(5824K) Class: 533K(640K)->533K(640K)
[0.204s][info][gc             ] GC(5) Pause Young (Allocation Failure) 3M->2M(5M) 2.238ms
[0.204s][info][gc,cpu         ] GC(5) User=0.00s Sys=0.00s Real=0.00s
[0.204s][info][gc,start       ] GC(6) Pause Full (Ergonomics)
[0.204s][info][gc,phases,start] GC(6) Marking Phase
[0.205s][info][gc,phases      ] GC(6) Marking Phase 1.577ms
[0.205s][info][gc,phases,start] GC(6) Summary Phase
[0.205s][info][gc,phases      ] GC(6) Summary Phase 0.016ms
[0.205s][info][gc,phases,start] GC(6) Adjust Roots
[0.206s][info][gc,phases      ] GC(6) Adjust Roots 0.368ms
[0.206s][info][gc,phases,start] GC(6) Compaction Phase
[0.208s][info][gc,phases      ] GC(6) Compaction Phase 2.282ms
[0.208s][info][gc,phases,start] GC(6) Post Compact
[0.208s][info][gc,phases      ] GC(6) Post Compact 0.029ms
[0.208s][info][gc,heap        ] GC(6) PSYoungGen: 480K(2560K)->0K(4096K) Eden: 0K(2048K)->0K(3072K) From: 480K(512K)->0K(1024K)
[0.208s][info][gc,heap        ] GC(6) ParOldGen: 2110K(2560K)->2542K(6144K)
[0.208s][info][gc,metaspace   ] GC(6) Metaspace: 6295K(6464K)->6295K(6464K) NonClass: 5762K(5824K)->5762K(5824K) Class: 533K(640K)->533K(640K)
[0.208s][info][gc             ] GC(6) Pause Full (Ergonomics) 2M->2M(10M) 4.626ms
[0.208s][info][gc,cpu         ] GC(6) User=0.00s Sys=0.00s Real=0.01s
[0.212s][info][gc,start       ] GC(7) Pause Young (Allocation Failure)
[0.214s][info][gc,heap        ] GC(7) PSYoungGen: 3072K(4096K)->1696K(5120K) Eden: 3072K(3072K)->0K(3072K) From: 0K(1024K)->1696K(2048K)
[0.215s][info][gc,heap        ] GC(7) ParOldGen: 2542K(6144K)->2542K(6144K)
[0.215s][info][gc,metaspace   ] GC(7) Metaspace: 6295K(6464K)->6295K(6464K) NonClass: 5762K(5824K)->5762K(5824K) Class: 533K(640K)->533K(640K)
[0.215s][info][gc             ] GC(7) Pause Young (Allocation Failure) 5M->4M(11M) 2.194ms
[0.215s][info][gc,cpu         ] GC(7) User=0.00s Sys=0.00s Real=0.00s
[0.219s][info][gc,start       ] GC(8) Pause Young (Allocation Failure)
[0.222s][info][gc,heap        ] GC(8) PSYoungGen: 4768K(5120K)->2016K(5632K) Eden: 3072K(3072K)->0K(3584K) From: 1696K(2048K)->2016K(2048K)
[0.222s][info][gc,heap        ] GC(8) ParOldGen: 2542K(6144K)->3774K(6144K)
[0.222s][info][gc,metaspace   ] GC(8) Metaspace: 6295K(6464K)->6295K(6464K) NonClass: 5762K(5824K)->5762K(5824K) Class: 533K(640K)->533K(640K)
[0.222s][info][gc             ] GC(8) Pause Young (Allocation Failure) 7M->5M(11M) 2.823ms
[0.222s][info][gc,cpu         ] GC(8) User=0.00s Sys=0.00s Real=0.00s
[0.229s][info][gc,start       ] GC(9) Pause Young (Allocation Failure)
[0.233s][info][gc,heap        ] GC(9) PSYoungGen: 5600K(5632K)->3040K(6656K) Eden: 3584K(3584K)->0K(3584K) From: 2016K(2048K)->3040K(3072K)
[0.233s][info][gc,heap        ] GC(9) ParOldGen: 3774K(6144K)->4606K(6144K)
[0.233s][info][gc,metaspace   ] GC(9) Metaspace: 6295K(6464K)->6295K(6464K) NonClass: 5762K(5824K)->5762K(5824K) Class: 533K(640K)->533K(640K)
[0.233s][info][gc             ] GC(9) Pause Young (Allocation Failure) 9M->7M(12M) 4.018ms
[0.233s][info][gc,cpu         ] GC(9) User=0.00s Sys=0.00s Real=0.00s
[0.237s][info][gc,start       ] GC(10) Pause Young (Allocation Failure)
[0.241s][info][gc,heap        ] GC(10) PSYoungGen: 6624K(6656K)->4064K(8704K) Eden: 3584K(3584K)->0K(4608K) From: 3040K(3072K)->4064K(4096K)
[0.241s][info][gc,heap        ] GC(10) ParOldGen: 4606K(6144K)->5446K(6144K)
[0.241s][info][gc,metaspace   ] GC(10) Metaspace: 6295K(6464K)->6295K(6464K) NonClass: 5762K(5824K)->5762K(5824K) Class: 533K(640K)->533K(640K)
[0.241s][info][gc             ] GC(10) Pause Young (Allocation Failure) 10M->9M(14M) 4.038ms
[0.241s][info][gc,cpu         ] GC(10) User=0.00s Sys=0.00s Real=0.00s
[0.241s][info][gc,start       ] GC(11) Pause Full (Ergonomics)
[0.241s][info][gc,phases,start] GC(11) Marking Phase
[0.246s][info][gc,phases      ] GC(11) Marking Phase 4.510ms
[0.246s][info][gc,phases,start] GC(11) Summary Phase
[0.246s][info][gc,phases      ] GC(11) Summary Phase 0.017ms
[0.246s][info][gc,phases,start] GC(11) Adjust Roots
[0.246s][info][gc,phases      ] GC(11) Adjust Roots 0.382ms
[0.246s][info][gc,phases,start] GC(11) Compaction Phase
[0.252s][info][gc,phases      ] GC(11) Compaction Phase 6.275ms
[0.252s][info][gc,phases,start] GC(11) Post Compact
[0.252s][info][gc,phases      ] GC(11) Post Compact 0.036ms
[0.253s][info][gc,heap        ] GC(11) PSYoungGen: 4064K(8704K)->3545K(8704K) Eden: 0K(4608K)->0K(4608K) From: 4064K(4096K)->3545K(4096K)
[0.253s][info][gc,heap        ] GC(11) ParOldGen: 5446K(6144K)->5831K(10752K)
[0.253s][info][gc,metaspace   ] GC(11) Metaspace: 6295K(6464K)->6295K(6464K) NonClass: 5762K(5824K)->5762K(5824K) Class: 533K(640K)->533K(640K)
[0.253s][info][gc             ] GC(11) Pause Full (Ergonomics) 9M->9M(19M) 11.548ms
[0.253s][info][gc,cpu         ] GC(11) User=0.00s Sys=0.00s Real=0.01s
[0.257s][info][gc,start       ] GC(12) Pause Young (Allocation Failure)
[0.261s][info][gc,heap        ] GC(12) PSYoungGen: 8013K(8704K)->5088K(9728K) Eden: 4468K(4608K)->0K(4608K) From: 3545K(4096K)->5088K(5120K)
[0.261s][info][gc,heap        ] GC(12) ParOldGen: 5831K(10752K)->6615K(10752K)
[0.261s][info][gc,metaspace   ] GC(12) Metaspace: 6295K(6464K)->6295K(6464K) NonClass: 5762K(5824K)->5762K(5824K) Class: 533K(640K)->533K(640K)
[0.261s][info][gc             ] GC(12) Pause Young (Allocation Failure) 13M->11M(20M) 3.831ms
[0.261s][info][gc,cpu         ] GC(12) User=0.00s Sys=0.00s Real=0.00s
[0.266s][info][gc,start       ] GC(13) Pause Young (Allocation Failure)
[0.272s][info][gc,heap        ] GC(13) PSYoungGen: 9696K(9728K)->6112K(11264K) Eden: 4608K(4608K)->0K(5120K) From: 5088K(5120K)->6112K(6144K)
[0.272s][info][gc,heap        ] GC(13) ParOldGen: 6615K(10752K)->7991K(10752K)
[0.272s][info][gc,metaspace   ] GC(13) Metaspace: 6295K(6464K)->6295K(6464K) NonClass: 5762K(5824K)->5762K(5824K) Class: 533K(640K)->533K(640K)
[0.272s][info][gc             ] GC(13) Pause Young (Allocation Failure) 15M->13M(21M) 5.565ms
[0.272s][info][gc,cpu         ] GC(13) User=0.00s Sys=0.00s Real=0.01s
[0.276s][info][gc,start       ] GC(14) Pause Young (Allocation Failure)
[0.282s][info][gc,heap        ] GC(14) PSYoungGen: 11232K(11264K)->5248K(12800K) Eden: 5120K(5120K)->0K(5120K) From: 6112K(6144K)->5248K(7680K)
[0.282s][info][gc,heap        ] GC(14) ParOldGen: 7991K(10752K)->11591K(11776K)
[0.282s][info][gc,metaspace   ] GC(14) Metaspace: 6297K(6464K)->6297K(6464K) NonClass: 5763K(5824K)->5763K(5824K) Class: 533K(640K)->533K(640K)
[0.282s][info][gc             ] GC(14) Pause Young (Allocation Failure) 18M->16M(24M) 5.274ms
[0.282s][info][gc,cpu         ] GC(14) User=0.02s Sys=0.00s Real=0.01s
[0.282s][info][gc,start       ] GC(15) Pause Full (Ergonomics)
[0.282s][info][gc,phases,start] GC(15) Marking Phase
[0.289s][info][gc,phases      ] GC(15) Marking Phase 7.387ms
[0.289s][info][gc,phases,start] GC(15) Summary Phase
[0.289s][info][gc,phases      ] GC(15) Summary Phase 0.014ms
[0.289s][info][gc,phases,start] GC(15) Adjust Roots
[0.289s][info][gc,phases      ] GC(15) Adjust Roots 0.206ms
[0.289s][info][gc,phases,start] GC(15) Compaction Phase
[0.296s][info][gc,phases      ] GC(15) Compaction Phase 6.758ms
[0.296s][info][gc,phases,start] GC(15) Post Compact
[0.296s][info][gc,phases      ] GC(15) Post Compact 0.070ms
[0.296s][info][gc,heap        ] GC(15) PSYoungGen: 5248K(12800K)->5178K(12800K) Eden: 0K(5120K)->0K(5120K) From: 5248K(7680K)->5178K(7680K)
[0.296s][info][gc,heap        ] GC(15) ParOldGen: 11591K(11776K)->11471K(18432K)
[0.296s][info][gc,metaspace   ] GC(15) Metaspace: 6297K(6464K)->6297K(6464K) NonClass: 5763K(5824K)->5763K(5824K) Class: 533K(640K)->533K(640K)
[0.296s][info][gc             ] GC(15) Pause Full (Ergonomics) 16M->16M(30M) 14.726ms
[0.296s][info][gc,cpu         ] GC(15) User=0.00s Sys=0.00s Real=0.01s
[0.300s][info][gc,start       ] GC(16) Pause Young (Allocation Failure)
[0.307s][info][gc,heap        ] GC(16) PSYoungGen: 10298K(12800K)->2688K(14336K) Eden: 5120K(5120K)->0K(7168K) From: 5178K(7680K)->2688K(7168K)
[0.307s][info][gc,heap        ] GC(16) ParOldGen: 11471K(18432K)->16735K(18432K)
[0.307s][info][gc,metaspace   ] GC(16) Metaspace: 6297K(6464K)->6297K(6464K) NonClass: 5763K(5824K)->5763K(5824K) Class: 533K(640K)->533K(640K)
[0.307s][info][gc             ] GC(16) Pause Young (Allocation Failure) 21M->18M(32M) 7.034ms
[0.307s][info][gc,cpu         ] GC(16) User=0.00s Sys=0.00s Real=0.01s
[0.307s][info][gc,start       ] GC(17) Pause Full (Ergonomics)
[0.307s][info][gc,phases,start] GC(17) Marking Phase
[0.319s][info][gc,phases      ] GC(17) Marking Phase 12.501ms
[0.319s][info][gc,phases,start] GC(17) Summary Phase
[0.319s][info][gc,phases      ] GC(17) Summary Phase 0.016ms
[0.319s][info][gc,phases,start] GC(17) Adjust Roots
[0.320s][info][gc,phases      ] GC(17) Adjust Roots 0.216ms
[0.320s][info][gc,phases,start] GC(17) Compaction Phase
[0.326s][info][gc,phases      ] GC(17) Compaction Phase 6.615ms
[0.326s][info][gc,phases,start] GC(17) Post Compact
[0.326s][info][gc,phases      ] GC(17) Post Compact 0.076ms
[0.327s][info][gc,heap        ] GC(17) PSYoungGen: 2688K(14336K)->1105K(14848K) Eden: 0K(7168K)->0K(7680K) From: 2688K(7168K)->1105K(7168K)
[0.327s][info][gc,heap        ] GC(17) ParOldGen: 16735K(18432K)->18183K(27648K)
[0.327s][info][gc,metaspace   ] GC(17) Metaspace: 6297K(6464K)->6297K(6464K) NonClass: 5763K(5824K)->5763K(5824K) Class: 533K(640K)->533K(640K)
[0.327s][info][gc             ] GC(17) Pause Full (Ergonomics) 18M->18M(41M) 19.755ms
[0.327s][info][gc,cpu         ] GC(17) User=0.00s Sys=0.00s Real=0.02s
[0.331s][info][gc,start       ] GC(18) Pause Young (Allocation Failure)
[0.336s][info][gc,heap        ] GC(18) PSYoungGen: 7799K(14848K)->3456K(15360K) Eden: 6694K(7680K)->0K(7680K) From: 1105K(7168K)->3456K(7680K)
[0.336s][info][gc,heap        ] GC(18) ParOldGen: 18183K(27648K)->19319K(27648K)
[0.336s][info][gc,metaspace   ] GC(18) Metaspace: 6297K(6464K)->6297K(6464K) NonClass: 5763K(5824K)->5763K(5824K) Class: 533K(640K)->533K(640K)
[0.336s][info][gc             ] GC(18) Pause Young (Allocation Failure) 25M->22M(42M) 4.966ms
[0.336s][info][gc,cpu         ] GC(18) User=0.00s Sys=0.00s Real=0.01s
[0.344s][info][gc,start       ] GC(19) Pause Young (Allocation Failure)
[0.350s][info][gc,heap        ] GC(19) PSYoungGen: 11135K(15360K)->7648K(16896K) Eden: 7679K(7680K)->0K(9216K) From: 3456K(7680K)->7648K(7680K)
[0.350s][info][gc,heap        ] GC(19) ParOldGen: 19319K(27648K)->19543K(27648K)
[0.350s][info][gc,metaspace   ] GC(19) Metaspace: 6297K(6464K)->6297K(6464K) NonClass: 5763K(5824K)->5763K(5824K) Class: 533K(640K)->533K(640K)
[0.350s][info][gc             ] GC(19) Pause Young (Allocation Failure) 29M->26M(43M) 6.573ms
[0.350s][info][gc,cpu         ] GC(19) User=0.00s Sys=0.00s Real=0.01s
[0.357s][info][gc,start       ] GC(20) Pause Young (Allocation Failure)
[0.366s][info][gc,heap        ] GC(20) PSYoungGen: 16864K(16896K)->4800K(17920K) Eden: 9216K(9216K)->0K(9216K) From: 7648K(7680K)->4800K(8704K)
[0.366s][info][gc,heap        ] GC(20) ParOldGen: 19543K(27648K)->27295K(27648K)
[0.366s][info][gc,metaspace   ] GC(20) Metaspace: 6297K(6464K)->6297K(6464K) NonClass: 5763K(5824K)->5763K(5824K) Class: 533K(640K)->533K(640K)
[0.366s][info][gc             ] GC(20) Pause Young (Allocation Failure) 35M->31M(44M) 9.100ms
[0.366s][info][gc,cpu         ] GC(20) User=0.02s Sys=0.00s Real=0.01s
[0.366s][info][gc,start       ] GC(21) Pause Full (Ergonomics)
[0.366s][info][gc,phases,start] GC(21) Marking Phase
[0.379s][info][gc,phases      ] GC(21) Marking Phase 13.553ms
[0.380s][info][gc,phases,start] GC(21) Summary Phase
[0.380s][info][gc,phases      ] GC(21) Summary Phase 0.018ms
[0.380s][info][gc,phases,start] GC(21) Adjust Roots
[0.380s][info][gc,phases      ] GC(21) Adjust Roots 0.201ms
[0.380s][info][gc,phases,start] GC(21) Compaction Phase
[0.392s][info][gc,phases      ] GC(21) Compaction Phase 12.384ms
[0.392s][info][gc,phases,start] GC(21) Post Compact
[0.392s][info][gc,phases      ] GC(21) Post Compact 0.136ms
[0.393s][info][gc,heap        ] GC(21) PSYoungGen: 4800K(17920K)->4249K(17920K) Eden: 0K(9216K)->0K(9216K) From: 4800K(8704K)->4249K(8704K)
[0.393s][info][gc,heap        ] GC(21) ParOldGen: 27295K(27648K)->27139K(39424K)
[0.393s][info][gc,metaspace   ] GC(21) Metaspace: 6297K(6464K)->6297K(6464K) NonClass: 5763K(5824K)->5763K(5824K) Class: 533K(640K)->533K(640K)
[0.393s][info][gc             ] GC(21) Pause Full (Ergonomics) 31M->30M(56M) 26.747ms
[0.393s][info][gc,cpu         ] GC(21) User=0.00s Sys=0.00s Real=0.03s
[0.401s][info][gc,start       ] GC(22) Pause Young (Allocation Failure)
[0.411s][info][gc,heap        ] GC(22) PSYoungGen: 13465K(17920K)->7648K(19456K) Eden: 9216K(9216K)->0K(10752K) From: 4249K(8704K)->7648K(8704K)
[0.411s][info][gc,heap        ] GC(22) ParOldGen: 27139K(39424K)->31459K(39424K)
[0.411s][info][gc,metaspace   ] GC(22) Metaspace: 6297K(6464K)->6297K(6464K) NonClass: 5763K(5824K)->5763K(5824K) Class: 533K(640K)->533K(640K)
[0.411s][info][gc             ] GC(22) Pause Young (Allocation Failure) 39M->38M(57M) 10.488ms
[0.411s][info][gc,cpu         ] GC(22) User=0.02s Sys=0.00s Real=0.01s
[0.427s][info][gc,start       ] GC(23) Pause Young (Allocation Failure)
[0.440s][info][gc,heap        ] GC(23) PSYoungGen: 18400K(19456K)->9696K(20480K) Eden: 10752K(10752K)->0K(10752K) From: 7648K(8704K)->9696K(9728K)
[0.440s][info][gc,heap        ] GC(23) ParOldGen: 31459K(39424K)->40259K(40448K)
[0.440s][info][gc,metaspace   ] GC(23) Metaspace: 6297K(6464K)->6297K(6464K) NonClass: 5763K(5824K)->5763K(5824K) Class: 533K(640K)->533K(640K)
[0.440s][info][gc             ] GC(23) Pause Young (Allocation Failure) 48M->48M(59M) 13.065ms
[0.440s][info][gc,cpu         ] GC(23) User=0.00s Sys=0.00s Real=0.01s
[0.440s][info][gc,start       ] GC(24) Pause Full (Ergonomics)
[0.440s][info][gc,phases,start] GC(24) Marking Phase
[0.459s][info][gc,phases      ] GC(24) Marking Phase 19.096ms
[0.459s][info][gc,phases,start] GC(24) Summary Phase
[0.459s][info][gc,phases      ] GC(24) Summary Phase 0.015ms
[0.459s][info][gc,phases,start] GC(24) Adjust Roots
[0.459s][info][gc,phases      ] GC(24) Adjust Roots 0.150ms
[0.459s][info][gc,phases,start] GC(24) Compaction Phase
[0.474s][info][gc,phases      ] GC(24) Compaction Phase 14.996ms
[0.474s][info][gc,phases,start] GC(24) Post Compact
[0.474s][info][gc,phases      ] GC(24) Post Compact 0.175ms
[0.474s][info][gc,heap        ] GC(24) PSYoungGen: 9696K(20480K)->9681K(20480K) Eden: 0K(10752K)->0K(10752K) From: 9696K(9728K)->9681K(9728K)
[0.474s][info][gc,heap        ] GC(24) ParOldGen: 40259K(40448K)->39014K(54784K)
[0.474s][info][gc,metaspace   ] GC(24) Metaspace: 6297K(6464K)->6297K(6464K) NonClass: 5763K(5824K)->5763K(5824K) Class: 533K(640K)->533K(640K)
[0.474s][info][gc             ] GC(24) Pause Full (Ergonomics) 48M->47M(73M) 34.754ms
[0.474s][info][gc,cpu         ] GC(24) User=0.02s Sys=0.00s Real=0.04s
[0.485s][info][gc,start       ] GC(25) Pause Young (Allocation Failure)
[0.501s][info][gc,heap        ] GC(25) PSYoungGen: 20433K(20480K)->10784K(26624K) Eden: 10752K(10752K)->0K(12288K) From: 9681K(9728K)->10784K(14336K)
[0.501s][info][gc,heap        ] GC(25) ParOldGen: 39014K(54784K)->48822K(54784K)
[0.501s][info][gc,metaspace   ] GC(25) Metaspace: 6297K(6464K)->6297K(6464K) NonClass: 5763K(5824K)->5763K(5824K) Class: 533K(640K)->533K(640K)
[0.501s][info][gc             ] GC(25) Pause Young (Allocation Failure) 58M->58M(79M) 15.603ms
[0.501s][info][gc,cpu         ] GC(25) User=0.00s Sys=0.00s Real=0.02s
[0.501s][info][gc,start       ] GC(26) Pause Full (Ergonomics)
[0.501s][info][gc,phases,start] GC(26) Marking Phase
[0.529s][info][gc,phases      ] GC(26) Marking Phase 27.918ms
[0.529s][info][gc,phases,start] GC(26) Summary Phase
[0.529s][info][gc,phases      ] GC(26) Summary Phase 0.028ms
[0.529s][info][gc,phases,start] GC(26) Adjust Roots
[0.529s][info][gc,phases      ] GC(26) Adjust Roots 0.160ms
[0.529s][info][gc,phases,start] GC(26) Compaction Phase
[0.546s][info][gc,phases      ] GC(26) Compaction Phase 17.227ms
[0.546s][info][gc,phases,start] GC(26) Post Compact
[0.546s][info][gc,phases      ] GC(26) Post Compact 0.188ms
[0.547s][info][gc,heap        ] GC(26) PSYoungGen: 10784K(26624K)->5098K(26624K) Eden: 0K(12288K)->0K(12288K) From: 10784K(14336K)->5098K(14336K)
[0.547s][info][gc,heap        ] GC(26) ParOldGen: 48822K(54784K)->54317K(73728K)
[0.547s][info][gc,metaspace   ] GC(26) Metaspace: 6297K(6464K)->6297K(6464K) NonClass: 5763K(5824K)->5763K(5824K) Class: 533K(640K)->533K(640K)
[0.547s][info][gc             ] GC(26) Pause Full (Ergonomics) 58M->58M(98M) 45.859ms
[0.547s][info][gc,cpu         ] GC(26) User=0.05s Sys=0.00s Real=0.05s
[0.559s][info][gc,start       ] GC(27) Pause Young (Allocation Failure)
[0.577s][info][gc,heap        ] GC(27) PSYoungGen: 17386K(26624K)->12320K(27648K) Eden: 12288K(12288K)->0K(12288K) From: 5098K(14336K)->12320K(15360K)
[0.577s][info][gc,heap        ] GC(27) ParOldGen: 54317K(73728K)->59509K(73728K)
[0.577s][info][gc,metaspace   ] GC(27) Metaspace: 6297K(6464K)->6297K(6464K) NonClass: 5763K(5824K)->5763K(5824K) Class: 533K(640K)->533K(640K)
[0.577s][info][gc             ] GC(27) Pause Young (Allocation Failure) 70M->70M(99M) 17.921ms
[0.577s][info][gc,cpu         ] GC(27) User=0.03s Sys=0.00s Real=0.02s
[0.589s][info][gc,start       ] GC(28) Pause Young (Allocation Failure)
[0.608s][info][gc,heap        ] GC(28) PSYoungGen: 24608K(27648K)->16896K(26112K) Eden: 12288K(12288K)->0K(9216K) From: 12320K(15360K)->16896K(16896K)
[0.608s][info][gc,heap        ] GC(28) ParOldGen: 59509K(73728K)->67285K(73728K)
[0.608s][info][gc,metaspace   ] GC(28) Metaspace: 6297K(6464K)->6297K(6464K) NonClass: 5763K(5824K)->5763K(5824K) Class: 533K(640K)->533K(640K)
[0.608s][info][gc             ] GC(28) Pause Young (Allocation Failure) 82M->82M(97M) 19.138ms
[0.608s][info][gc,cpu         ] GC(28) User=0.05s Sys=0.00s Real=0.02s
[0.608s][info][gc,start       ] GC(29) Pause Full (Ergonomics)
[0.608s][info][gc,phases,start] GC(29) Marking Phase
[0.643s][info][gc,phases      ] GC(29) Marking Phase 34.330ms
[0.643s][info][gc,phases,start] GC(29) Summary Phase
[0.643s][info][gc,phases      ] GC(29) Summary Phase 0.018ms
[0.643s][info][gc,phases,start] GC(29) Adjust Roots
[0.643s][info][gc,phases      ] GC(29) Adjust Roots 0.181ms
[0.643s][info][gc,phases,start] GC(29) Compaction Phase
[0.663s][info][gc,phases      ] GC(29) Compaction Phase 19.804ms
[0.663s][info][gc,phases,start] GC(29) Post Compact
[0.663s][info][gc,phases      ] GC(29) Post Compact 0.439ms
[0.664s][info][gc,heap        ] GC(29) PSYoungGen: 16896K(26112K)->10219K(26112K) Eden: 0K(9216K)->0K(9216K) From: 16896K(16896K)->10219K(16896K)
[0.664s][info][gc,heap        ] GC(29) ParOldGen: 67285K(73728K)->73707K(95232K)
[0.664s][info][gc,metaspace   ] GC(29) Metaspace: 6297K(6464K)->6297K(6464K) NonClass: 5763K(5824K)->5763K(5824K) Class: 533K(640K)->533K(640K)
[0.664s][info][gc             ] GC(29) Pause Full (Ergonomics) 82M->81M(118M) 55.208ms
[0.664s][info][gc,cpu         ] GC(29) User=0.08s Sys=0.00s Real=0.06s
[0.680s][info][gc,start       ] GC(30) Pause Young (Allocation Failure)
[0.697s][info][gc,heap        ] GC(30) PSYoungGen: 19435K(26112K)->9216K(31744K) Eden: 9216K(9216K)->0K(9216K) From: 10219K(16896K)->9216K(22528K)
[0.697s][info][gc,heap        ] GC(30) ParOldGen: 73707K(95232K)->84099K(95232K)
[0.697s][info][gc,metaspace   ] GC(30) Metaspace: 6297K(6464K)->6297K(6464K) NonClass: 5763K(5824K)->5763K(5824K) Class: 533K(640K)->533K(640K)
[0.697s][info][gc             ] GC(30) Pause Young (Allocation Failure) 90M->91M(124M) 17.242ms
[0.697s][info][gc,cpu         ] GC(30) User=0.03s Sys=0.00s Real=0.02s
[0.697s][info][gc,start       ] GC(31) Pause Full (Ergonomics)
[0.697s][info][gc,phases,start] GC(31) Marking Phase
[0.732s][info][gc,phases      ] GC(31) Marking Phase 34.631ms
[0.732s][info][gc,phases,start] GC(31) Summary Phase
[0.732s][info][gc,phases      ] GC(31) Summary Phase 0.017ms
[0.732s][info][gc,phases,start] GC(31) Adjust Roots
[0.732s][info][gc,phases      ] GC(31) Adjust Roots 0.216ms
[0.732s][info][gc,phases,start] GC(31) Compaction Phase
[0.755s][info][gc,phases      ] GC(31) Compaction Phase 23.073ms
[0.755s][info][gc,phases,start] GC(31) Post Compact
[0.756s][info][gc,phases      ] GC(31) Post Compact 0.323ms
[0.756s][info][gc,heap        ] GC(31) PSYoungGen: 9216K(31744K)->0K(32768K) Eden: 0K(9216K)->0K(11264K) From: 9216K(22528K)->0K(21504K)
[0.756s][info][gc,heap        ] GC(31) ParOldGen: 84099K(95232K)->91079K(116224K)
[0.756s][info][gc,metaspace   ] GC(31) Metaspace: 6297K(6464K)->6297K(6464K) NonClass: 5763K(5824K)->5763K(5824K) Class: 533K(640K)->533K(640K)
[0.756s][info][gc             ] GC(31) Pause Full (Ergonomics) 91M->88M(145M) 58.618ms
[0.756s][info][gc,cpu         ] GC(31) User=0.08s Sys=0.00s Real=0.06s
[0.766s][info][gc,start       ] GC(32) Pause Young (Allocation Failure)
[0.773s][info][gc,heap        ] GC(32) PSYoungGen: 11264K(32768K)->11328K(32768K) Eden: 11264K(11264K)->0K(11264K) From: 0K(21504K)->11328K(21504K)
[0.773s][info][gc,heap        ] GC(32) ParOldGen: 91079K(116224K)->91079K(116224K)
[0.773s][info][gc,metaspace   ] GC(32) Metaspace: 6297K(6464K)->6297K(6464K) NonClass: 5763K(5824K)->5763K(5824K) Class: 533K(640K)->533K(640K)
[0.773s][info][gc             ] GC(32) Pause Young (Allocation Failure) 99M->100M(145M) 7.610ms
[0.773s][info][gc,cpu         ] GC(32) User=0.00s Sys=0.00s Real=0.01s
[0.783s][info][gc,start       ] GC(33) Pause Young (Allocation Failure)
[0.798s][info][gc,heap        ] GC(33) PSYoungGen: 22592K(32768K)->21504K(31232K) Eden: 11264K(11264K)->0K(9728K) From: 11328K(21504K)->21504K(21504K)
[0.798s][info][gc,heap        ] GC(33) ParOldGen: 91079K(116224K)->92119K(116224K)
[0.798s][info][gc,metaspace   ] GC(33) Metaspace: 6297K(6464K)->6297K(6464K) NonClass: 5763K(5824K)->5763K(5824K) Class: 533K(640K)->533K(640K)
[0.798s][info][gc             ] GC(33) Pause Young (Allocation Failure) 111M->110M(144M) 14.435ms
[0.798s][info][gc,cpu         ] GC(33) User=0.00s Sys=0.00s Real=0.01s
[0.807s][info][gc,start       ] GC(34) Pause Young (Allocation Failure)
[0.823s][info][gc,heap        ] GC(34) PSYoungGen: 31232K(31232K)->20064K(34816K) Eden: 9728K(9728K)->0K(9728K) From: 21504K(21504K)->20064K(25088K)
[0.823s][info][gc,heap        ] GC(34) ParOldGen: 92119K(116224K)->103519K(116224K)
[0.823s][info][gc,metaspace   ] GC(34) Metaspace: 6297K(6464K)->6297K(6464K) NonClass: 5763K(5824K)->5763K(5824K) Class: 533K(640K)->533K(640K)
[0.823s][info][gc             ] GC(34) Pause Young (Allocation Failure) 120M->120M(147M) 16.130ms
[0.823s][info][gc,cpu         ] GC(34) User=0.02s Sys=0.00s Real=0.01s
[0.823s][info][gc,start       ] GC(35) Pause Full (Ergonomics)
[0.823s][info][gc,phases,start] GC(35) Marking Phase
[0.855s][info][gc,phases      ] GC(35) Marking Phase 32.025ms
[0.855s][info][gc,phases,start] GC(35) Summary Phase
[0.855s][info][gc,phases      ] GC(35) Summary Phase 0.022ms
[0.855s][info][gc,phases,start] GC(35) Adjust Roots
[0.855s][info][gc,phases      ] GC(35) Adjust Roots 0.141ms
[0.855s][info][gc,phases,start] GC(35) Compaction Phase
[0.875s][info][gc,phases      ] GC(35) Compaction Phase 19.480ms
[0.875s][info][gc,phases,start] GC(35) Post Compact
[0.876s][info][gc,phases      ] GC(35) Post Compact 0.580ms
[0.876s][info][gc,heap        ] GC(35) PSYoungGen: 20064K(34816K)->7175K(34816K) Eden: 0K(9728K)->0K(9728K) From: 20064K(25088K)->7175K(25088K)
[0.876s][info][gc,heap        ] GC(35) ParOldGen: 103519K(116224K)->116068K(144384K)
[0.876s][info][gc,metaspace   ] GC(35) Metaspace: 6297K(6464K)->6297K(6464K) NonClass: 5763K(5824K)->5763K(5824K) Class: 533K(640K)->533K(640K)
[0.876s][info][gc             ] GC(35) Pause Full (Ergonomics) 120M->120M(175M) 52.689ms
[0.876s][info][gc,cpu         ] GC(35) User=0.09s Sys=0.00s Real=0.05s
[0.885s][info][gc,start       ] GC(36) Pause Young (Allocation Failure)
[0.900s][info][gc,heap        ] GC(36) PSYoungGen: 16903K(34816K)->16992K(37888K) Eden: 9728K(9728K)->0K(10752K) From: 7175K(25088K)->16992K(27136K)
[0.900s][info][gc,heap        ] GC(36) ParOldGen: 116068K(144384K)->116068K(144384K)
[0.900s][info][gc,metaspace   ] GC(36) Metaspace: 6297K(6464K)->6297K(6464K) NonClass: 5763K(5824K)->5763K(5824K) Class: 533K(640K)->533K(640K)
[0.900s][info][gc             ] GC(36) Pause Young (Allocation Failure) 129M->129M(178M) 15.195ms
[0.900s][info][gc,cpu         ] GC(36) User=0.02s Sys=0.00s Real=0.02s
[0.911s][info][gc,start       ] GC(37) Pause Young (Allocation Failure)
[0.924s][info][gc,heap        ] GC(37) PSYoungGen: 27744K(37888K)->27648K(38400K) Eden: 10752K(10752K)->0K(10752K) From: 16992K(27136K)->27648K(27648K)
[0.924s][info][gc,heap        ] GC(37) ParOldGen: 116068K(144384K)->116124K(144384K)
[0.924s][info][gc,metaspace   ] GC(37) Metaspace: 6297K(6464K)->6297K(6464K) NonClass: 5763K(5824K)->5763K(5824K) Class: 533K(640K)->533K(640K)
[0.924s][info][gc             ] GC(37) Pause Young (Allocation Failure) 140M->140M(178M) 13.781ms
[0.924s][info][gc,cpu         ] GC(37) User=0.02s Sys=0.00s Real=0.01s
[0.935s][info][gc,start       ] GC(38) Pause Young (Allocation Failure)
[0.954s][info][gc,heap        ] GC(38) PSYoungGen: 38400K(38400K)->31232K(40448K) Eden: 10752K(10752K)->0K(8192K) From: 27648K(27648K)->31232K(32256K)
[0.954s][info][gc,heap        ] GC(38) ParOldGen: 116124K(144384K)->123420K(144384K)
[0.954s][info][gc,metaspace   ] GC(38) Metaspace: 6297K(6464K)->6297K(6464K) NonClass: 5763K(5824K)->5763K(5824K) Class: 533K(640K)->533K(640K)
[0.954s][info][gc             ] GC(38) Pause Young (Allocation Failure) 150M->151M(180M) 19.230ms
[0.954s][info][gc,cpu         ] GC(38) User=0.06s Sys=0.00s Real=0.02s
[0.962s][info][gc,start       ] GC(39) Pause Young (Allocation Failure)
[0.981s][info][gc,heap        ] GC(39) PSYoungGen: 39424K(40448K)->29664K(45056K) Eden: 8192K(8192K)->0K(8192K) From: 31232K(32256K)->29664K(36864K)
[0.981s][info][gc,heap        ] GC(39) ParOldGen: 123420K(144384K)->133284K(144384K)
[0.981s][info][gc,metaspace   ] GC(39) Metaspace: 6297K(6464K)->6297K(6464K) NonClass: 5763K(5824K)->5763K(5824K) Class: 533K(640K)->533K(640K)
[0.981s][info][gc             ] GC(39) Pause Young (Allocation Failure) 159M->159M(185M) 19.052ms
[0.981s][info][gc,cpu         ] GC(39) User=0.05s Sys=0.00s Real=0.02s
[0.981s][info][gc,start       ] GC(40) Pause Full (Ergonomics)
[0.981s][info][gc,phases,start] GC(40) Marking Phase
[1.026s][info][gc,phases      ] GC(40) Marking Phase 45.175ms
[1.026s][info][gc,phases,start] GC(40) Summary Phase
[1.026s][info][gc,phases      ] GC(40) Summary Phase 0.018ms
[1.026s][info][gc,phases,start] GC(40) Adjust Roots
[1.026s][info][gc,phases      ] GC(40) Adjust Roots 0.191ms
[1.026s][info][gc,phases,start] GC(40) Compaction Phase
[1.050s][info][gc,phases      ] GC(40) Compaction Phase 24.014ms
[1.051s][info][gc,phases,start] GC(40) Post Compact
[1.052s][info][gc,phases      ] GC(40) Post Compact 0.999ms
[1.052s][info][gc,heap        ] GC(40) PSYoungGen: 29664K(45056K)->18320K(45056K) Eden: 0K(8192K)->0K(8192K) From: 29664K(36864K)->18320K(36864K)
[1.052s][info][gc,heap        ] GC(40) ParOldGen: 133284K(144384K)->144224K(174592K)
[1.052s][info][gc,metaspace   ] GC(40) Metaspace: 6297K(6464K)->6297K(6464K) NonClass: 5763K(5824K)->5763K(5824K) Class: 533K(640K)->533K(640K)
[1.052s][info][gc             ] GC(40) Pause Full (Ergonomics) 159M->158M(214M) 70.932ms
[1.052s][info][gc,cpu         ] GC(40) User=0.25s Sys=0.00s Real=0.07s
[1.060s][info][gc,start       ] GC(41) Pause Young (Allocation Failure)
[1.082s][info][gc,heap        ] GC(41) PSYoungGen: 26512K(45056K)->13440K(46592K) Eden: 8192K(8192K)->0K(9728K) From: 18320K(36864K)->13440K(36864K)
[1.082s][info][gc,heap        ] GC(41) ParOldGen: 144224K(174592K)->157576K(174592K)
[1.082s][info][gc,metaspace   ] GC(41) Metaspace: 6297K(6464K)->6297K(6464K) NonClass: 5763K(5824K)->5763K(5824K) Class: 533K(640K)->533K(640K)
[1.082s][info][gc             ] GC(41) Pause Young (Allocation Failure) 166M->167M(216M) 21.565ms
[1.082s][info][gc,cpu         ] GC(41) User=0.05s Sys=0.02s Real=0.02s
[1.082s][info][gc,start       ] GC(42) Pause Full (Ergonomics)
[1.082s][info][gc,phases,start] GC(42) Marking Phase
[1.126s][info][gc,phases      ] GC(42) Marking Phase 43.632ms
[1.126s][info][gc,phases,start] GC(42) Summary Phase
[1.126s][info][gc,phases      ] GC(42) Summary Phase 0.020ms
[1.126s][info][gc,phases,start] GC(42) Adjust Roots
[1.126s][info][gc,phases      ] GC(42) Adjust Roots 0.157ms
[1.126s][info][gc,phases,start] GC(42) Compaction Phase
[1.144s][info][gc,phases      ] GC(42) Compaction Phase 18.624ms
[1.145s][info][gc,phases,start] GC(42) Post Compact
[1.146s][info][gc,phases      ] GC(42) Post Compact 0.994ms
[1.146s][info][gc,heap        ] GC(42) PSYoungGen: 13440K(46592K)->0K(48128K) Eden: 0K(9728K)->0K(9728K) From: 13440K(36864K)->0K(38400K)
[1.146s][info][gc,heap        ] GC(42) ParOldGen: 157576K(174592K)->170707K(205312K)
[1.146s][info][gc,metaspace   ] GC(42) Metaspace: 6297K(6464K)->6297K(6464K) NonClass: 5763K(5824K)->5763K(5824K) Class: 533K(640K)->533K(640K)
[1.146s][info][gc             ] GC(42) Pause Full (Ergonomics) 167M->166M(247M) 63.926ms
[1.146s][info][gc,cpu         ] GC(42) User=0.20s Sys=0.02s Real=0.06s
[1.179s][info][gc,start       ] GC(43) Pause Young (Allocation Failure)
[1.188s][info][gc,heap        ] GC(43) PSYoungGen: 9728K(48128K)->9824K(47616K) Eden: 9728K(9728K)->0K(11264K) From: 0K(38400K)->9824K(36352K)
[1.188s][info][gc,heap        ] GC(43) ParOldGen: 178899K(205312K)->178899K(205312K)
[1.188s][info][gc,metaspace   ] GC(43) Metaspace: 6297K(6464K)->6297K(6464K) NonClass: 5763K(5824K)->5763K(5824K) Class: 533K(640K)->533K(640K)
[1.188s][info][gc             ] GC(43) Pause Young (Allocation Failure) 184M->184M(247M) 9.443ms
[1.188s][info][gc,cpu         ] GC(43) User=0.02s Sys=0.00s Real=0.01s
[1.199s][info][gc,start       ] GC(44) Pause Young (Allocation Failure)
[1.210s][info][gc,heap        ] GC(44) PSYoungGen: 21088K(47616K)->21056K(48640K) Eden: 11264K(11264K)->0K(11264K) From: 9824K(36352K)->21056K(37376K)
[1.210s][info][gc,heap        ] GC(44) ParOldGen: 178899K(205312K)->178899K(205312K)
[1.210s][info][gc,metaspace   ] GC(44) Metaspace: 6297K(6464K)->6297K(6464K) NonClass: 5763K(5824K)->5763K(5824K) Class: 533K(640K)->533K(640K)
[1.210s][info][gc             ] GC(44) Pause Young (Allocation Failure) 195M->195M(248M) 11.350ms
[1.210s][info][gc,cpu         ] GC(44) User=0.02s Sys=0.00s Real=0.01s
[1.220s][info][gc,start       ] GC(45) Pause Young (Allocation Failure)
[1.237s][info][gc,heap        ] GC(45) PSYoungGen: 32320K(48640K)->32320K(47104K) Eden: 11264K(11264K)->0K(9728K) From: 21056K(37376K)->32320K(37376K)
[1.237s][info][gc,heap        ] GC(45) ParOldGen: 178899K(205312K)->178899K(205312K)
[1.237s][info][gc,metaspace   ] GC(45) Metaspace: 6297K(6464K)->6297K(6464K) NonClass: 5763K(5824K)->5763K(5824K) Class: 533K(640K)->533K(640K)
[1.237s][info][gc             ] GC(45) Pause Young (Allocation Failure) 206M->206M(246M) 16.370ms
[1.237s][info][gc,cpu         ] GC(45) User=0.02s Sys=0.00s Real=0.02s
[1.247s][info][gc,start       ] GC(46) Pause Young (Allocation Failure)
[1.267s][info][gc,heap        ] GC(46) PSYoungGen: 42048K(47104K)->40960K(50688K) Eden: 9728K(9728K)->0K(9728K) From: 32320K(37376K)->40960K(40960K)
[1.267s][info][gc,heap        ] GC(46) ParOldGen: 178899K(205312K)->179923K(205312K)
[1.267s][info][gc,metaspace   ] GC(46) Metaspace: 6297K(6464K)->6297K(6464K) NonClass: 5763K(5824K)->5763K(5824K) Class: 533K(640K)->533K(640K)
[1.267s][info][gc             ] GC(46) Pause Young (Allocation Failure) 215M->215M(250M) 20.653ms
[1.267s][info][gc,cpu         ] GC(46) User=0.05s Sys=0.00s Real=0.02s
[1.277s][info][gc,start       ] GC(47) Pause Young (Allocation Failure)
[1.301s][info][gc,heap        ] GC(47) PSYoungGen: 50688K(50688K)->41344K(53760K) Eden: 9728K(9728K)->0K(6144K) From: 40960K(40960K)->41344K(47616K)
[1.301s][info][gc,heap        ] GC(47) ParOldGen: 179923K(205312K)->189515K(205312K)
[1.301s][info][gc,metaspace   ] GC(47) Metaspace: 6297K(6464K)->6297K(6464K) NonClass: 5763K(5824K)->5763K(5824K) Class: 533K(640K)->533K(640K)
[1.301s][info][gc             ] GC(47) Pause Young (Allocation Failure) 225M->225M(253M) 24.177ms
[1.301s][info][gc,cpu         ] GC(47) User=0.09s Sys=0.00s Real=0.02s
[1.301s][info][gc,start       ] GC(48) Pause Full (Ergonomics)
[1.301s][info][gc,phases,start] GC(48) Marking Phase
[1.354s][info][gc,phases      ] GC(48) Marking Phase 52.881ms
[1.354s][info][gc,phases,start] GC(48) Summary Phase
[1.354s][info][gc,phases      ] GC(48) Summary Phase 0.018ms
[1.354s][info][gc,phases,start] GC(48) Adjust Roots
[1.354s][info][gc,phases      ] GC(48) Adjust Roots 0.148ms
[1.354s][info][gc,phases,start] GC(48) Compaction Phase
[1.400s][info][gc,phases      ] GC(48) Compaction Phase 45.537ms
[1.400s][info][gc,phases,start] GC(48) Post Compact
[1.401s][info][gc,phases      ] GC(48) Post Compact 1.057ms
[1.402s][info][gc,heap        ] GC(48) PSYoungGen: 41344K(53760K)->21221K(53760K) Eden: 0K(6144K)->0K(6144K) From: 41344K(47616K)->21221K(47616K)
[1.402s][info][gc,heap        ] GC(48) ParOldGen: 189515K(205312K)->205136K(240640K)
[1.402s][info][gc,metaspace   ] GC(48) Metaspace: 6297K(6464K)->6297K(6464K) NonClass: 5763K(5824K)->5763K(5824K) Class: 533K(640K)->533K(640K)
[1.402s][info][gc             ] GC(48) Pause Full (Ergonomics) 225M->221M(287M) 100.344ms
[1.402s][info][gc,cpu         ] GC(48) User=0.41s Sys=0.00s Real=0.10s
[1.410s][info][gc,start       ] GC(49) Pause Young (Allocation Failure)
[1.432s][info][gc,heap        ] GC(49) PSYoungGen: 27365K(53760K)->21952K(28160K) Eden: 6144K(6144K)->0K(6144K) From: 21221K(47616K)->21952K(22016K)
[1.432s][info][gc,heap        ] GC(49) ParOldGen: 205136K(240640K)->210760K(240640K)
[1.432s][info][gc,metaspace   ] GC(49) Metaspace: 6297K(6464K)->6297K(6464K) NonClass: 5763K(5824K)->5763K(5824K) Class: 533K(640K)->533K(640K)
[1.432s][info][gc             ] GC(49) Pause Young (Allocation Failure) 227M->227M(262M) 22.585ms
[1.432s][info][gc,cpu         ] GC(49) User=0.08s Sys=0.00s Real=0.02s
[1.439s][info][gc,start       ] GC(50) Pause Young (Allocation Failure)
[1.453s][info][gc,heap        ] GC(50) PSYoungGen: 28096K(28160K)->21376K(51712K) Eden: 6144K(6144K)->0K(7168K) From: 21952K(22016K)->21376K(44544K)
[1.453s][info][gc,heap        ] GC(50) ParOldGen: 210760K(240640K)->217568K(240640K)
[1.453s][info][gc,metaspace   ] GC(50) Metaspace: 6297K(6464K)->6297K(6464K) NonClass: 5763K(5824K)->5763K(5824K) Class: 533K(640K)->533K(640K)
[1.453s][info][gc             ] GC(50) Pause Young (Allocation Failure) 233M->233M(285M) 13.800ms
[1.453s][info][gc,cpu         ] GC(50) User=0.00s Sys=0.00s Real=0.01s
[1.461s][info][gc,start       ] GC(51) Pause Young (Allocation Failure)
[1.475s][info][gc,heap        ] GC(51) PSYoungGen: 28544K(51712K)->23680K(54272K) Eden: 7168K(7168K)->0K(7168K) From: 21376K(44544K)->23680K(47104K)
[1.475s][info][gc,heap        ] GC(51) ParOldGen: 217568K(240640K)->222464K(240640K)
[1.475s][info][gc,metaspace   ] GC(51) Metaspace: 6297K(6464K)->6297K(6464K) NonClass: 5763K(5824K)->5763K(5824K) Class: 533K(640K)->533K(640K)
[1.475s][info][gc             ] GC(51) Pause Young (Allocation Failure) 240M->240M(288M) 14.090ms
[1.475s][info][gc,cpu         ] GC(51) User=0.02s Sys=0.00s Real=0.02s
[1.483s][info][gc,start       ] GC(52) Pause Young (Allocation Failure)
[1.498s][info][gc,heap        ] GC(52) PSYoungGen: 30848K(54272K)->20544K(50176K) Eden: 7168K(7168K)->0K(8704K) From: 23680K(47104K)->20544K(41472K)
[1.498s][info][gc,heap        ] GC(52) ParOldGen: 222464K(240640K)->232928K(240640K)
[1.498s][info][gc,metaspace   ] GC(52) Metaspace: 6297K(6464K)->6297K(6464K) NonClass: 5763K(5824K)->5763K(5824K) Class: 533K(640K)->533K(640K)
[1.499s][info][gc             ] GC(52) Pause Young (Allocation Failure) 247M->247M(284M) 15.769ms
[1.499s][info][gc,cpu         ] GC(52) User=0.00s Sys=0.00s Real=0.02s
[1.499s][info][gc,start       ] GC(53) Pause Full (Ergonomics)
[1.499s][info][gc,phases,start] GC(53) Marking Phase
[1.563s][info][gc,phases      ] GC(53) Marking Phase 64.185ms
[1.563s][info][gc,phases,start] GC(53) Summary Phase
[1.563s][info][gc,phases      ] GC(53) Summary Phase 0.024ms
[1.563s][info][gc,phases,start] GC(53) Adjust Roots
[1.563s][info][gc,phases      ] GC(53) Adjust Roots 0.212ms
[1.563s][info][gc,phases,start] GC(53) Compaction Phase
[1.597s][info][gc,phases      ] GC(53) Compaction Phase 33.696ms
[1.597s][info][gc,phases,start] GC(53) Post Compact
[1.598s][info][gc,phases      ] GC(53) Post Compact 1.170ms
[1.598s][info][gc,heap        ] GC(53) PSYoungGen: 20544K(50176K)->12726K(51712K) Eden: 0K(8704K)->0K(10240K) From: 20544K(41472K)->12726K(41472K)
[1.598s][info][gc,heap        ] GC(53) ParOldGen: 232928K(240640K)->240135K(276992K)
[1.598s][info][gc,metaspace   ] GC(53) Metaspace: 6297K(6464K)->6297K(6464K) NonClass: 5763K(5824K)->5763K(5824K) Class: 533K(640K)->533K(640K)
[1.598s][info][gc             ] GC(53) Pause Full (Ergonomics) 247M->246M(321M) 99.770ms
[1.598s][info][gc,cpu         ] GC(53) User=0.39s Sys=0.02s Real=0.10s
[1.612s][info][gc,start       ] GC(54) Pause Young (Allocation Failure)
[1.635s][info][gc,heap        ] GC(54) PSYoungGen: 22966K(51712K)->14976K(53760K) Eden: 10240K(10240K)->0K(10240K) From: 12726K(41472K)->14976K(43520K)
[1.635s][info][gc,heap        ] GC(54) ParOldGen: 240135K(276992K)->248343K(276992K)
[1.635s][info][gc,metaspace   ] GC(54) Metaspace: 6297K(6464K)->6297K(6464K) NonClass: 5763K(5824K)->5763K(5824K) Class: 533K(640K)->533K(640K)
[1.635s][info][gc             ] GC(54) Pause Young (Allocation Failure) 256M->257M(323M) 22.868ms
[1.635s][info][gc,cpu         ] GC(54) User=0.09s Sys=0.00s Real=0.02s
[1.646s][info][gc,start       ] GC(55) Pause Young (Allocation Failure)
[1.661s][info][gc,heap        ] GC(55) PSYoungGen: 25216K(53760K)->20576K(50176K) Eden: 10240K(10240K)->0K(11776K) From: 14976K(43520K)->20576K(38400K)
[1.661s][info][gc,heap        ] GC(55) ParOldGen: 248343K(276992K)->253103K(276992K)
[1.661s][info][gc,metaspace   ] GC(55) Metaspace: 6297K(6464K)->6297K(6464K) NonClass: 5763K(5824K)->5763K(5824K) Class: 533K(640K)->533K(640K)
[1.661s][info][gc             ] GC(55) Pause Young (Allocation Failure) 267M->267M(319M) 14.661ms
[1.661s][info][gc,cpu         ] GC(55) User=0.00s Sys=0.00s Real=0.01s
[1.674s][info][gc,start       ] GC(56) Pause Young (Allocation Failure)
[1.691s][info][gc,heap        ] GC(56) PSYoungGen: 32352K(50176K)->22112K(52224K) Eden: 11776K(11776K)->0K(11776K) From: 20576K(38400K)->22112K(40448K)
[1.691s][info][gc,heap        ] GC(56) ParOldGen: 253103K(276992K)->263487K(276992K)
[1.691s][info][gc,metaspace   ] GC(56) Metaspace: 6297K(6464K)->6297K(6464K) NonClass: 5763K(5824K)->5763K(5824K) Class: 533K(640K)->533K(640K)
[1.691s][info][gc             ] GC(56) Pause Young (Allocation Failure) 278M->278M(321M) 17.293ms
[1.691s][info][gc,cpu         ] GC(56) User=0.03s Sys=0.00s Real=0.02s
[1.692s][info][gc,start       ] GC(57) Pause Full (Ergonomics)
[1.692s][info][gc,phases,start] GC(57) Marking Phase
[1.757s][info][gc,phases      ] GC(57) Marking Phase 65.936ms
[1.758s][info][gc,phases,start] GC(57) Summary Phase
[1.758s][info][gc,phases      ] GC(57) Summary Phase 0.018ms
[1.758s][info][gc,phases,start] GC(57) Adjust Roots
[1.758s][info][gc,phases      ] GC(57) Adjust Roots 0.146ms
[1.758s][info][gc,phases,start] GC(57) Compaction Phase
[1.787s][info][gc,phases      ] GC(57) Compaction Phase 29.645ms
[1.787s][info][gc,phases,start] GC(57) Post Compact
[1.789s][info][gc,phases      ] GC(57) Post Compact 1.224ms
[1.789s][info][gc,heap        ] GC(57) PSYoungGen: 22112K(52224K)->8160K(52224K) Eden: 0K(11776K)->0K(11776K) From: 22112K(40448K)->8160K(40448K)
[1.789s][info][gc,heap        ] GC(57) ParOldGen: 263487K(276992K)->276863K(316416K)
[1.789s][info][gc,metaspace   ] GC(57) Metaspace: 6297K(6464K)->6297K(6464K) NonClass: 5763K(5824K)->5763K(5824K) Class: 533K(640K)->533K(640K)
[1.789s][info][gc             ] GC(57) Pause Full (Ergonomics) 278M->278M(360M) 97.494ms
[1.789s][info][gc,cpu         ] GC(57) User=0.44s Sys=0.02s Real=0.10s
[1.804s][info][gc,start       ] GC(58) Pause Young (Allocation Failure)
[1.825s][info][gc,heap        ] GC(58) PSYoungGen: 19936K(52224K)->16736K(49664K) Eden: 11776K(11776K)->0K(13312K) From: 8160K(40448K)->16736K(36352K)
[1.826s][info][gc,heap        ] GC(58) ParOldGen: 276863K(316416K)->280231K(316416K)
[1.826s][info][gc,metaspace   ] GC(58) Metaspace: 6297K(6464K)->6297K(6464K) NonClass: 5763K(5824K)->5763K(5824K) Class: 533K(640K)->533K(640K)
[1.826s][info][gc             ] GC(58) Pause Young (Allocation Failure) 289M->290M(357M) 21.953ms
[1.826s][info][gc,cpu         ] GC(58) User=0.09s Sys=0.03s Real=0.02s
[1.841s][info][gc,start       ] GC(59) Pause Young (Allocation Failure)
[1.856s][info][gc,heap        ] GC(59) PSYoungGen: 30048K(49664K)->30112K(51200K) Eden: 13312K(13312K)->0K(13312K) From: 16736K(36352K)->30112K(37888K)
[1.856s][info][gc,heap        ] GC(59) ParOldGen: 280231K(316416K)->280231K(316416K)
[1.856s][info][gc,metaspace   ] GC(59) Metaspace: 6297K(6464K)->6297K(6464K) NonClass: 5763K(5824K)->5763K(5824K) Class: 533K(640K)->533K(640K)
[1.856s][info][gc             ] GC(59) Pause Young (Allocation Failure) 303M->303M(359M) 15.302ms
[1.856s][info][gc,cpu         ] GC(59) User=0.02s Sys=0.00s Real=0.01s
[1.871s][info][gc,start       ] GC(60) Pause Young (Allocation Failure)
[1.892s][info][gc,heap        ] GC(60) PSYoungGen: 43424K(51200K)->39936K(48640K) Eden: 13312K(13312K)->0K(8704K) From: 30112K(37888K)->39936K(39936K)
[1.892s][info][gc,heap        ] GC(60) ParOldGen: 280231K(316416K)->283615K(316416K)
[1.892s][info][gc,metaspace   ] GC(60) Metaspace: 6297K(6464K)->6297K(6464K) NonClass: 5763K(5824K)->5763K(5824K) Class: 533K(640K)->533K(640K)
[1.892s][info][gc             ] GC(60) Pause Young (Allocation Failure) 316M->315M(356M) 20.675ms
[1.892s][info][gc,cpu         ] GC(60) User=0.14s Sys=0.00s Real=0.02s
[1.902s][info][gc,start       ] GC(61) Pause Young (Allocation Failure)
[1.924s][info][gc,heap        ] GC(61) PSYoungGen: 48640K(48640K)->33664K(54784K) Eden: 8704K(8704K)->0K(8704K) From: 39936K(39936K)->33664K(46080K)
[1.924s][info][gc,heap        ] GC(61) ParOldGen: 283615K(316416K)->298903K(316416K)
[1.924s][info][gc,metaspace   ] GC(61) Metaspace: 6297K(6464K)->6297K(6464K) NonClass: 5763K(5824K)->5763K(5824K) Class: 533K(640K)->533K(640K)
[1.924s][info][gc             ] GC(61) Pause Young (Allocation Failure) 324M->324M(362M) 21.883ms
[1.924s][info][gc,cpu         ] GC(61) User=0.14s Sys=0.00s Real=0.02s
[1.934s][info][gc,start       ] GC(62) Pause Young (Allocation Failure)
[1.953s][info][gc,heap        ] GC(62) PSYoungGen: 42368K(54784K)->29856K(57344K) Eden: 8704K(8704K)->0K(10240K) From: 33664K(46080K)->29856K(47104K)
[1.953s][info][gc,heap        ] GC(62) ParOldGen: 298903K(316416K)->311583K(316416K)
[1.953s][info][gc,metaspace   ] GC(62) Metaspace: 6297K(6464K)->6297K(6464K) NonClass: 5763K(5824K)->5763K(5824K) Class: 533K(640K)->533K(640K)
[1.954s][info][gc             ] GC(62) Pause Young (Allocation Failure) 333M->333M(365M) 19.952ms
[1.954s][info][gc,cpu         ] GC(62) User=0.12s Sys=0.02s Real=0.02s
[1.954s][info][gc,start       ] GC(63) Pause Full (Ergonomics)
[1.954s][info][gc,phases,start] GC(63) Marking Phase
[2.030s][info][gc,phases      ] GC(63) Marking Phase 75.959ms
[2.030s][info][gc,phases,start] GC(63) Summary Phase
[2.030s][info][gc,phases      ] GC(63) Summary Phase 0.043ms
[2.030s][info][gc,phases,start] GC(63) Adjust Roots
[2.030s][info][gc,phases      ] GC(63) Adjust Roots 0.264ms
[2.030s][info][gc,phases,start] GC(63) Compaction Phase
[2.065s][info][gc,phases      ] GC(63) Compaction Phase 35.241ms
[2.065s][info][gc,phases,start] GC(63) Post Compact
[2.067s][info][gc,phases      ] GC(63) Post Compact 1.788ms
[2.067s][info][gc,heap        ] GC(63) PSYoungGen: 29856K(57344K)->24553K(57344K) Eden: 0K(10240K)->0K(10240K) From: 29856K(47104K)->24553K(47104K)
[2.067s][info][gc,heap        ] GC(63) ParOldGen: 311583K(316416K)->316123K(360960K)
[2.068s][info][gc,metaspace   ] GC(63) Metaspace: 6297K(6464K)->6297K(6464K) NonClass: 5763K(5824K)->5763K(5824K) Class: 533K(640K)->533K(640K)
[2.068s][info][gc             ] GC(63) Pause Full (Ergonomics) 333M->332M(408M) 113.954ms
[2.068s][info][gc,cpu         ] GC(63) User=0.70s Sys=0.00s Real=0.11s
[2.080s][info][gc,start       ] GC(64) Pause Young (Allocation Failure)
[2.109s][info][gc,heap        ] GC(64) PSYoungGen: 34793K(57344K)->17376K(57344K) Eden: 10240K(10240K)->0K(10240K) From: 24553K(47104K)->17376K(47104K)
[2.109s][info][gc,heap        ] GC(64) ParOldGen: 316123K(360960K)->333947K(360960K)
[2.109s][info][gc,metaspace   ] GC(64) Metaspace: 6297K(6464K)->6297K(6464K) NonClass: 5763K(5824K)->5763K(5824K) Class: 533K(640K)->533K(640K)
[2.109s][info][gc             ] GC(64) Pause Young (Allocation Failure) 342M->343M(408M) 29.580ms
[2.109s][info][gc,cpu         ] GC(64) User=0.12s Sys=0.00s Real=0.03s
[2.184s][info][gc,start       ] GC(65) Pause Full (Ergonomics)
[2.184s][info][gc,phases,start] GC(65) Marking Phase
[2.267s][info][gc,phases      ] GC(65) Marking Phase 82.482ms
[2.267s][info][gc,phases,start] GC(65) Summary Phase
[2.267s][info][gc,phases      ] GC(65) Summary Phase 0.030ms
[2.267s][info][gc,phases,start] GC(65) Adjust Roots
[2.267s][info][gc,phases      ] GC(65) Adjust Roots 0.210ms
[2.267s][info][gc,phases,start] GC(65) Compaction Phase
[2.330s][info][gc,phases      ] GC(65) Compaction Phase 63.142ms
[2.330s][info][gc,phases,start] GC(65) Post Compact
[2.332s][info][gc,phases      ] GC(65) Post Compact 1.842ms
[2.332s][info][gc,heap        ] GC(65) PSYoungGen: 27616K(57344K)->8531K(57344K) Eden: 10240K(10240K)->0K(10240K) From: 17376K(47104K)->8531K(47104K)
[2.332s][info][gc,heap        ] GC(65) ParOldGen: 350331K(360960K)->360749K(411648K)
[2.332s][info][gc,metaspace   ] GC(65) Metaspace: 6297K(6464K)->6297K(6464K) NonClass: 5763K(5824K)->5763K(5824K) Class: 533K(640K)->533K(640K)
[2.332s][info][gc             ] GC(65) Pause Full (Ergonomics) 369M->360M(458M) 148.328ms
[2.333s][info][gc,cpu         ] GC(65) User=0.98s Sys=0.02s Real=0.15s
[2.343s][info][gc,start       ] GC(66) Pause Young (Allocation Failure)
[2.368s][info][gc,heap        ] GC(66) PSYoungGen: 18771K(57344K)->15232K(56832K) Eden: 10240K(10240K)->0K(11776K) From: 8531K(47104K)->15232K(45056K)
[2.368s][info][gc,heap        ] GC(66) ParOldGen: 360749K(411648K)->364509K(411648K)
[2.368s][info][gc,metaspace   ] GC(66) Metaspace: 6297K(6464K)->6297K(6464K) NonClass: 5763K(5824K)->5763K(5824K) Class: 533K(640K)->533K(640K)
[2.368s][info][gc             ] GC(66) Pause Young (Allocation Failure) 370M->370M(457M) 24.276ms
[2.368s][info][gc,cpu         ] GC(66) User=0.12s Sys=0.00s Real=0.02s
[2.380s][info][gc,start       ] GC(67) Pause Young (Allocation Failure)
[2.393s][info][gc,heap        ] GC(67) PSYoungGen: 27008K(56832K)->26944K(57344K) Eden: 11776K(11776K)->0K(11776K) From: 15232K(45056K)->26944K(45568K)
[2.394s][info][gc,heap        ] GC(67) ParOldGen: 364509K(411648K)->364509K(411648K)
[2.394s][info][gc,metaspace   ] GC(67) Metaspace: 6297K(6464K)->6297K(6464K) NonClass: 5763K(5824K)->5763K(5824K) Class: 533K(640K)->533K(640K)
[2.394s][info][gc             ] GC(67) Pause Young (Allocation Failure) 382M->382M(458M) 13.472ms
[2.394s][info][gc,cpu         ] GC(67) User=0.02s Sys=0.00s Real=0.01s
[2.405s][info][gc,start       ] GC(68) Pause Young (Allocation Failure)
[2.423s][info][gc,heap        ] GC(68) PSYoungGen: 38720K(57344K)->38784K(54272K) Eden: 11776K(11776K)->0K(9728K) From: 26944K(45568K)->38784K(44544K)
[2.423s][info][gc,heap        ] GC(68) ParOldGen: 364509K(411648K)->364509K(411648K)
[2.423s][info][gc,metaspace   ] GC(68) Metaspace: 6297K(6464K)->6297K(6464K) NonClass: 5763K(5824K)->5763K(5824K) Class: 533K(640K)->533K(640K)
[2.423s][info][gc             ] GC(68) Pause Young (Allocation Failure) 393M->393M(455M) 18.051ms
[2.423s][info][gc,cpu         ] GC(68) User=0.12s Sys=0.00s Real=0.02s
[2.434s][info][gc,start       ] GC(69) Pause Young (Allocation Failure)
[2.456s][info][gc,heap        ] GC(69) PSYoungGen: 48512K(54272K)->43616K(57856K) Eden: 9728K(9728K)->0K(9728K) From: 38784K(44544K)->43616K(48128K)
[2.457s][info][gc,heap        ] GC(69) ParOldGen: 364509K(411648K)->369453K(411648K)
[2.457s][info][gc,metaspace   ] GC(69) Metaspace: 6297K(6464K)->6297K(6464K) NonClass: 5763K(5824K)->5763K(5824K) Class: 533K(640K)->533K(640K)
[2.457s][info][gc             ] GC(69) Pause Young (Allocation Failure) 403M->403M(458M) 22.195ms
[2.457s][info][gc,cpu         ] GC(69) User=0.14s Sys=0.00s Real=0.02s
[2.466s][info][gc,start       ] GC(70) Pause Young (Allocation Failure)
[2.491s][info][gc,heap        ] GC(70) PSYoungGen: 53344K(57856K)->43072K(60928K) Eden: 9728K(9728K)->0K(8192K) From: 43616K(48128K)->43072K(52736K)
[2.491s][info][gc,heap        ] GC(70) ParOldGen: 369453K(411648K)->379837K(411648K)
[2.491s][info][gc,metaspace   ] GC(70) Metaspace: 6297K(6464K)->6297K(6464K) NonClass: 5763K(5824K)->5763K(5824K) Class: 533K(640K)->533K(640K)
[2.491s][info][gc             ] GC(70) Pause Young (Allocation Failure) 412M->412M(461M) 24.461ms
[2.491s][info][gc,cpu         ] GC(70) User=0.25s Sys=0.00s Real=0.03s
[2.499s][info][gc,start       ] GC(71) Pause Young (Allocation Failure)
[2.524s][info][gc,heap        ] GC(71) PSYoungGen: 51264K(60928K)->27744K(36352K) Eden: 8192K(8192K)->0K(8192K) From: 43072K(52736K)->27744K(28160K)
[2.524s][info][gc,heap        ] GC(71) ParOldGen: 379837K(411648K)->403685K(411648K)
[2.524s][info][gc,metaspace   ] GC(71) Metaspace: 6297K(6464K)->6297K(6464K) NonClass: 5763K(5824K)->5763K(5824K) Class: 533K(640K)->533K(640K)
[2.524s][info][gc             ] GC(71) Pause Young (Allocation Failure) 420M->421M(437M) 24.562ms
[2.524s][info][gc,cpu         ] GC(71) User=0.12s Sys=0.00s Real=0.03s
[2.524s][info][gc,start       ] GC(72) Pause Full (Ergonomics)
[2.524s][info][gc,phases,start] GC(72) Marking Phase
[2.625s][info][gc,phases      ] GC(72) Marking Phase 100.951ms
[2.625s][info][gc,phases,start] GC(72) Summary Phase
[2.625s][info][gc,phases      ] GC(72) Summary Phase 0.040ms
[2.625s][info][gc,phases,start] GC(72) Adjust Roots
[2.625s][info][gc,phases      ] GC(72) Adjust Roots 0.334ms
[2.625s][info][gc,phases,start] GC(72) Compaction Phase
[2.677s][info][gc,phases      ] GC(72) Compaction Phase 51.849ms
[2.677s][info][gc,phases,start] GC(72) Post Compact
[2.679s][info][gc,phases      ] GC(72) Post Compact 2.111ms
[2.680s][info][gc,heap        ] GC(72) PSYoungGen: 27744K(36352K)->19379K(36352K) Eden: 0K(8192K)->0K(8192K) From: 27744K(28160K)->19379K(28160K)
[2.680s][info][gc,heap        ] GC(72) ParOldGen: 403685K(411648K)->411155K(467968K)
[2.680s][info][gc,metaspace   ] GC(72) Metaspace: 6297K(6464K)->6297K(6464K) NonClass: 5763K(5824K)->5763K(5824K) Class: 533K(640K)->533K(640K)
[2.680s][info][gc             ] GC(72) Pause Full (Ergonomics) 421M->420M(492M) 155.892ms
[2.680s][info][gc,cpu         ] GC(72) User=0.86s Sys=0.03s Real=0.16s
[2.689s][info][gc,start       ] GC(73) Pause Young (Allocation Failure)
[2.720s][info][gc,heap        ] GC(73) PSYoungGen: 27571K(36352K)->14336K(62976K) Eden: 8192K(8192K)->0K(9728K) From: 19379K(28160K)->14336K(53248K)
[2.720s][info][gc,heap        ] GC(73) ParOldGen: 411155K(467968K)->424747K(467968K)
[2.720s][info][gc,metaspace   ] GC(73) Metaspace: 6297K(6464K)->6297K(6464K) NonClass: 5763K(5824K)->5763K(5824K) Class: 533K(640K)->533K(640K)
[2.720s][info][gc             ] GC(73) Pause Young (Allocation Failure) 428M->428M(518M) 30.332ms
[2.720s][info][gc,cpu         ] GC(73) User=0.14s Sys=0.00s Real=0.03s
[2.730s][info][gc,start       ] GC(74) Pause Young (Allocation Failure)
[2.743s][info][gc,heap        ] GC(74) PSYoungGen: 24064K(62976K)->18016K(62976K) Eden: 9728K(9728K)->0K(9728K) From: 14336K(53248K)->18016K(53248K)
[2.743s][info][gc,heap        ] GC(74) ParOldGen: 424747K(467968K)->430835K(467968K)
[2.743s][info][gc,metaspace   ] GC(74) Metaspace: 6297K(6464K)->6297K(6464K) NonClass: 5763K(5824K)->5763K(5824K) Class: 533K(640K)->533K(640K)
[2.743s][info][gc             ] GC(74) Pause Young (Allocation Failure) 438M->438M(518M) 12.798ms
[2.743s][info][gc,cpu         ] GC(74) User=0.02s Sys=0.00s Real=0.01s
[2.753s][info][gc,start       ] GC(75) Pause Young (Allocation Failure)
[2.768s][info][gc,heap        ] GC(75) PSYoungGen: 27744K(62976K)->19552K(61440K) Eden: 9728K(9728K)->0K(11264K) From: 18016K(53248K)->19552K(50176K)
[2.768s][info][gc,heap        ] GC(75) ParOldGen: 430835K(467968K)->439139K(467968K)
[2.768s][info][gc,metaspace   ] GC(75) Metaspace: 6297K(6464K)->6297K(6464K) NonClass: 5763K(5824K)->5763K(5824K) Class: 533K(640K)->533K(640K)
[2.768s][info][gc             ] GC(75) Pause Young (Allocation Failure) 447M->447M(517M) 14.804ms
[2.768s][info][gc,cpu         ] GC(75) User=0.02s Sys=0.00s Real=0.02s
[2.780s][info][gc,start       ] GC(76) Pause Young (Allocation Failure)
[2.796s][info][gc,heap        ] GC(76) PSYoungGen: 30816K(61440K)->21088K(32768K) Eden: 11264K(11264K)->0K(11264K) From: 19552K(50176K)->21088K(21504K)
[2.796s][info][gc,heap        ] GC(76) ParOldGen: 439139K(467968K)->449003K(467968K)
[2.796s][info][gc,metaspace   ] GC(76) Metaspace: 6297K(6464K)->6297K(6464K) NonClass: 5763K(5824K)->5763K(5824K) Class: 533K(640K)->533K(640K)
[2.796s][info][gc             ] GC(76) Pause Young (Allocation Failure) 458M->459M(489M) 16.678ms
[2.796s][info][gc,cpu         ] GC(76) User=0.03s Sys=0.00s Real=0.02s
[2.797s][info][gc,start       ] GC(77) Pause Full (Ergonomics)
[2.797s][info][gc,phases,start] GC(77) Marking Phase
[2.899s][info][gc,phases      ] GC(77) Marking Phase 102.542ms
[2.899s][info][gc,phases,start] GC(77) Summary Phase
[2.899s][info][gc,phases      ] GC(77) Summary Phase 0.021ms
[2.899s][info][gc,phases,start] GC(77) Adjust Roots
[2.899s][info][gc,phases      ] GC(77) Adjust Roots 0.187ms
[2.899s][info][gc,phases,start] GC(77) Compaction Phase
[2.946s][info][gc,phases      ] GC(77) Compaction Phase 46.401ms
[2.946s][info][gc,phases,start] GC(77) Post Compact
[2.948s][info][gc,phases      ] GC(77) Post Compact 2.339ms
[2.949s][info][gc,heap        ] GC(77) PSYoungGen: 21088K(32768K)->1517K(32768K) Eden: 0K(11264K)->0K(11264K) From: 21088K(21504K)->1517K(21504K)
[2.949s][info][gc,heap        ] GC(77) ParOldGen: 449003K(467968K)->467812K(525312K)
[2.949s][info][gc,metaspace   ] GC(77) Metaspace: 6297K(6464K)->6297K(6464K) NonClass: 5763K(5824K)->5763K(5824K) Class: 533K(640K)->533K(640K)
[2.949s][info][gc             ] GC(77) Pause Full (Ergonomics) 459M->458M(545M) 152.049ms
[2.949s][info][gc,cpu         ] GC(77) User=0.94s Sys=0.00s Real=0.15s
[2.962s][info][gc,start       ] GC(78) Pause Young (Allocation Failure)
[2.989s][info][gc,heap        ] GC(78) PSYoungGen: 12781K(32768K)->11360K(61952K) Eden: 11264K(11264K)->0K(12800K) From: 1517K(21504K)->11360K(49152K)
[2.989s][info][gc,heap        ] GC(78) ParOldGen: 467812K(525312K)->469380K(525312K)
[2.989s][info][gc,metaspace   ] GC(78) Metaspace: 6297K(6464K)->6297K(6464K) NonClass: 5763K(5824K)->5763K(5824K) Class: 533K(640K)->533K(640K)
[2.989s][info][gc             ] GC(78) Pause Young (Allocation Failure) 469M->469M(573M) 26.915ms
[2.989s][info][gc,cpu         ] GC(78) User=0.14s Sys=0.00s Real=0.03s
[3.003s][info][gc,start       ] GC(79) Pause Young (Allocation Failure)
[3.017s][info][gc,heap        ] GC(79) PSYoungGen: 24160K(61952K)->24192K(37376K) Eden: 12800K(12800K)->0K(12800K) From: 11360K(49152K)->24192K(24576K)
[3.017s][info][gc,heap        ] GC(79) ParOldGen: 469380K(525312K)->469380K(525312K)
[3.017s][info][gc,metaspace   ] GC(79) Metaspace: 6297K(6464K)->6297K(6464K) NonClass: 5763K(5824K)->5763K(5824K) Class: 533K(640K)->533K(640K)
[3.017s][info][gc             ] GC(79) Pause Young (Allocation Failure) 481M->482M(549M) 13.740ms
[3.017s][info][gc,cpu         ] GC(79) User=0.02s Sys=0.00s Real=0.01s
[3.030s][info][gc,start       ] GC(80) Pause Young (Allocation Failure)
[3.049s][info][gc,heap        ] GC(80) PSYoungGen: 36992K(37376K)->36992K(58880K) Eden: 12800K(12800K)->0K(11776K) From: 24192K(24576K)->36992K(47104K)
[3.049s][info][gc,heap        ] GC(80) ParOldGen: 469380K(525312K)->469380K(525312K)
[3.049s][info][gc,metaspace   ] GC(80) Metaspace: 6297K(6464K)->6297K(6464K) NonClass: 5763K(5824K)->5763K(5824K) Class: 533K(640K)->533K(640K)
[3.049s][info][gc             ] GC(80) Pause Young (Allocation Failure) 494M->494M(570M) 18.932ms
[3.049s][info][gc,cpu         ] GC(80) User=0.11s Sys=0.00s Real=0.02s
[3.063s][info][gc,start       ] GC(81) Pause Young (Allocation Failure)
[3.087s][info][gc,heap        ] GC(81) PSYoungGen: 48768K(58880K)->37504K(61440K) Eden: 11776K(11776K)->0K(11776K) From: 36992K(47104K)->37504K(49664K)
[3.087s][info][gc,heap        ] GC(81) ParOldGen: 469380K(525312K)->480796K(525312K)
[3.087s][info][gc,metaspace   ] GC(81) Metaspace: 6297K(6464K)->6297K(6464K) NonClass: 5763K(5824K)->5763K(5824K) Class: 533K(640K)->533K(640K)
[3.087s][info][gc             ] GC(81) Pause Young (Allocation Failure) 506M->506M(573M) 24.140ms
[3.087s][info][gc,cpu         ] GC(81) User=0.12s Sys=0.00s Real=0.02s
[3.099s][info][gc,start       ] GC(82) Pause Young (Allocation Failure)
[3.124s][info][gc,heap        ] GC(82) PSYoungGen: 49280K(61440K)->36480K(64000K) Eden: 11776K(11776K)->0K(12288K) From: 37504K(49664K)->36480K(51712K)
[3.124s][info][gc,heap        ] GC(82) ParOldGen: 480796K(525312K)->493772K(525312K)
[3.124s][info][gc,metaspace   ] GC(82) Metaspace: 6297K(6464K)->6297K(6464K) NonClass: 5763K(5824K)->5763K(5824K) Class: 533K(640K)->533K(640K)
[3.124s][info][gc             ] GC(82) Pause Young (Allocation Failure) 517M->517M(575M) 25.236ms
[3.124s][info][gc,cpu         ] GC(82) User=0.08s Sys=0.02s Real=0.02s
[3.138s][info][gc,start       ] GC(83) Pause Young (Allocation Failure)
[3.163s][info][gc,heap        ] GC(83) PSYoungGen: 48768K(64000K)->24192K(36864K) Eden: 12288K(12288K)->0K(12288K) From: 36480K(51712K)->24192K(24576K)
[3.163s][info][gc,heap        ] GC(83) ParOldGen: 493772K(525312K)->518652K(525312K)
[3.163s][info][gc,metaspace   ] GC(83) Metaspace: 6297K(6464K)->6297K(6464K) NonClass: 5763K(5824K)->5763K(5824K) Class: 533K(640K)->533K(640K)
[3.163s][info][gc             ] GC(83) Pause Young (Allocation Failure) 529M->530M(549M) 24.967ms
[3.163s][info][gc,cpu         ] GC(83) User=0.25s Sys=0.00s Real=0.03s
[3.163s][info][gc,start       ] GC(84) Pause Full (Ergonomics)
[3.163s][info][gc,phases,start] GC(84) Marking Phase
[3.279s][info][gc,phases      ] GC(84) Marking Phase 115.848ms
[3.279s][info][gc,phases,start] GC(84) Summary Phase
[3.279s][info][gc,phases      ] GC(84) Summary Phase 0.037ms
[3.279s][info][gc,phases,start] GC(84) Adjust Roots
[3.280s][info][gc,phases      ] GC(84) Adjust Roots 0.231ms
[3.280s][info][gc,phases,start] GC(84) Compaction Phase
[3.332s][info][gc,phases      ] GC(84) Compaction Phase 52.225ms
[3.332s][info][gc,phases,start] GC(84) Post Compact
[3.333s][info][gc,phases      ] GC(84) Post Compact 1.142ms
[3.333s][info][gc,heap        ] GC(84) PSYoungGen: 24192K(36864K)->16850K(36864K) Eden: 0K(12288K)->0K(12288K) From: 24192K(24576K)->16850K(24576K)
[3.333s][info][gc,heap        ] GC(84) ParOldGen: 518652K(525312K)->525004K(591872K)
[3.333s][info][gc,metaspace   ] GC(84) Metaspace: 6297K(6464K)->6297K(6464K) NonClass: 5763K(5824K)->5763K(5824K) Class: 533K(640K)->533K(640K)
[3.333s][info][gc             ] GC(84) Pause Full (Ergonomics) 530M->529M(614M) 170.123ms
[3.334s][info][gc,cpu         ] GC(84) User=1.08s Sys=0.00s Real=0.17s
[3.350s][info][gc,start       ] GC(85) Pause Young (Allocation Failure)
[3.386s][info][gc,heap        ] GC(85) PSYoungGen: 29138K(36864K)->12416K(64000K) Eden: 12288K(12288K)->0K(13312K) From: 16850K(24576K)->12416K(50688K)
[3.386s][info][gc,heap        ] GC(85) ParOldGen: 525004K(591872K)->542124K(591872K)
[3.386s][info][gc,metaspace   ] GC(85) Metaspace: 6297K(6464K)->6297K(6464K) NonClass: 5763K(5824K)->5763K(5824K) Class: 533K(640K)->533K(640K)
[3.386s][info][gc             ] GC(85) Pause Young (Allocation Failure) 541M->541M(640M) 36.776ms
[3.386s][info][gc,cpu         ] GC(85) User=0.16s Sys=0.00s Real=0.04s
[3.401s][info][gc,start       ] GC(86) Pause Young (Allocation Failure)
[3.416s][info][gc,heap        ] GC(86) PSYoungGen: 25728K(64000K)->13440K(64512K) Eden: 13312K(13312K)->0K(13312K) From: 12416K(50688K)->13440K(51200K)
[3.416s][info][gc,heap        ] GC(86) ParOldGen: 542124K(591872K)->554588K(591872K)
[3.416s][info][gc,metaspace   ] GC(86) Metaspace: 6297K(6464K)->6297K(6464K) NonClass: 5763K(5824K)->5763K(5824K) Class: 533K(640K)->533K(640K)
[3.416s][info][gc             ] GC(86) Pause Young (Allocation Failure) 554M->554M(641M) 15.274ms
[3.416s][info][gc,cpu         ] GC(86) User=0.02s Sys=0.00s Real=0.02s
[3.431s][info][gc,start       ] GC(87) Pause Young (Allocation Failure)
[3.447s][info][gc,heap        ] GC(87) PSYoungGen: 26752K(64512K)->13408K(64512K) Eden: 13312K(13312K)->0K(15360K) From: 13440K(51200K)->13408K(49152K)
[3.447s][info][gc,heap        ] GC(87) ParOldGen: 554588K(591872K)->568084K(591872K)
[3.447s][info][gc,metaspace   ] GC(87) Metaspace: 6297K(6464K)->6297K(6464K) NonClass: 5763K(5824K)->5763K(5824K) Class: 533K(640K)->533K(640K)
[3.447s][info][gc             ] GC(87) Pause Young (Allocation Failure) 567M->567M(641M) 16.121ms
[3.447s][info][gc,cpu         ] GC(87) User=0.02s Sys=0.00s Real=0.02s
[3.447s][info][gc,start       ] GC(88) Pause Full (Ergonomics)
[3.447s][info][gc,phases,start] GC(88) Marking Phase
[3.566s][info][gc,phases      ] GC(88) Marking Phase 118.216ms
[3.566s][info][gc,phases,start] GC(88) Summary Phase
[3.566s][info][gc,phases      ] GC(88) Summary Phase 0.033ms
[3.566s][info][gc,phases,start] GC(88) Adjust Roots
[3.566s][info][gc,phases      ] GC(88) Adjust Roots 0.222ms
[3.566s][info][gc,phases,start] GC(88) Compaction Phase
[3.621s][info][gc,phases      ] GC(88) Compaction Phase 54.717ms
[3.621s][info][gc,phases,start] GC(88) Post Compact
[3.622s][info][gc,phases      ] GC(88) Post Compact 0.914ms
[3.622s][info][gc,heap        ] GC(88) PSYoungGen: 13408K(64512K)->0K(65024K) Eden: 0K(15360K)->0K(15360K) From: 13408K(49152K)->0K(49664K)
[3.622s][info][gc,heap        ] GC(88) ParOldGen: 568084K(591872K)->580674K(651776K)
[3.622s][info][gc,metaspace   ] GC(88) Metaspace: 6297K(6464K)->6297K(6464K) NonClass: 5763K(5824K)->5763K(5824K) Class: 533K(640K)->533K(640K)
[3.622s][info][gc             ] GC(88) Pause Full (Ergonomics) 567M->567M(700M) 174.607ms
[3.622s][info][gc,cpu         ] GC(88) User=1.11s Sys=0.02s Real=0.18s
[3.641s][info][gc,start       ] GC(89) Pause Young (Allocation Failure)
[3.652s][info][gc,heap        ] GC(89) PSYoungGen: 15360K(65024K)->15488K(64512K) Eden: 15360K(15360K)->0K(16896K) From: 0K(49664K)->15488K(47616K)
[3.652s][info][gc,heap        ] GC(89) ParOldGen: 580674K(651776K)->580674K(651776K)
[3.652s][info][gc,metaspace   ] GC(89) Metaspace: 6297K(6464K)->6297K(6464K) NonClass: 5763K(5824K)->5763K(5824K) Class: 533K(640K)->533K(640K)
[3.652s][info][gc             ] GC(89) Pause Young (Allocation Failure) 582M->582M(699M) 10.502ms
[3.652s][info][gc,cpu         ] GC(89) User=0.00s Sys=0.00s Real=0.01s
[3.672s][info][gc,start       ] GC(90) Pause Young (Allocation Failure)
[3.690s][info][gc,heap        ] GC(90) PSYoungGen: 32384K(64512K)->32384K(65536K) Eden: 16896K(16896K)->0K(16896K) From: 15488K(47616K)->32384K(48640K)
[3.690s][info][gc,heap        ] GC(90) ParOldGen: 580674K(651776K)->580674K(651776K)
[3.690s][info][gc,metaspace   ] GC(90) Metaspace: 6297K(6464K)->6297K(6464K) NonClass: 5763K(5824K)->5763K(5824K) Class: 533K(640K)->533K(640K)
[3.690s][info][gc             ] GC(90) Pause Young (Allocation Failure) 598M->598M(700M) 18.193ms
[3.690s][info][gc,cpu         ] GC(90) User=0.05s Sys=0.00s Real=0.02s
[3.710s][info][gc,start       ] GC(91) Pause Young (Allocation Failure)
[3.736s][info][gc,heap        ] GC(91) PSYoungGen: 49280K(65536K)->49280K(61440K) Eden: 16896K(16896K)->0K(11776K) From: 32384K(48640K)->49280K(49664K)
[3.736s][info][gc,heap        ] GC(91) ParOldGen: 580674K(651776K)->580674K(651776K)
[3.736s][info][gc,metaspace   ] GC(91) Metaspace: 6297K(6464K)->6297K(6464K) NonClass: 5763K(5824K)->5763K(5824K) Class: 533K(640K)->533K(640K)
[3.736s][info][gc             ] GC(91) Pause Young (Allocation Failure) 615M->615M(696M) 25.674ms
[3.736s][info][gc,cpu         ] GC(91) User=0.14s Sys=0.00s Real=0.03s
[3.750s][info][gc,start       ] GC(92) Pause Young (Allocation Failure)
[3.780s][info][gc,heap        ] GC(92) PSYoungGen: 61056K(61440K)->56832K(68608K) Eden: 11776K(11776K)->0K(11776K) From: 49280K(49664K)->56832K(56832K)
[3.780s][info][gc,heap        ] GC(92) ParOldGen: 580674K(651776K)->584850K(651776K)
[3.780s][info][gc,metaspace   ] GC(92) Metaspace: 6297K(6464K)->6297K(6464K) NonClass: 5763K(5824K)->5763K(5824K) Class: 533K(640K)->533K(640K)
[3.780s][info][gc             ] GC(92) Pause Young (Allocation Failure) 626M->626M(703M) 29.611ms
[3.780s][info][gc,cpu         ] GC(92) User=0.09s Sys=0.00s Real=0.03s
[3.794s][info][gc,start       ] GC(93) Pause Young (Allocation Failure)
[3.827s][info][gc,heap        ] GC(93) PSYoungGen: 68608K(68608K)->38336K(78848K) Eden: 11776K(11776K)->0K(13312K) From: 56832K(56832K)->38336K(65536K)
[3.827s][info][gc,heap        ] GC(93) ParOldGen: 584850K(651776K)->615618K(651776K)
[3.827s][info][gc,metaspace   ] GC(93) Metaspace: 6297K(6464K)->6297K(6464K) NonClass: 5763K(5824K)->5763K(5824K) Class: 533K(640K)->533K(640K)
[3.827s][info][gc             ] GC(93) Pause Young (Allocation Failure) 638M->638M(713M) 33.214ms
[3.827s][info][gc,cpu         ] GC(93) User=0.14s Sys=0.03s Real=0.03s
[3.842s][info][gc,start       ] GC(94) Pause Young (Allocation Failure)
[3.868s][info][gc,heap        ] GC(94) PSYoungGen: 51648K(78848K)->35744K(79360K) Eden: 13312K(13312K)->0K(13312K) From: 38336K(65536K)->35744K(66048K)
[3.868s][info][gc,heap        ] GC(94) ParOldGen: 615618K(651776K)->631714K(651776K)
[3.868s][info][gc,metaspace   ] GC(94) Metaspace: 6297K(6464K)->6297K(6464K) NonClass: 5763K(5824K)->5763K(5824K) Class: 533K(640K)->533K(640K)
[3.868s][info][gc             ] GC(94) Pause Young (Allocation Failure) 651M->651M(714M) 25.751ms
[3.868s][info][gc,cpu         ] GC(94) User=0.12s Sys=0.00s Real=0.03s
[3.868s][info][gc,start       ] GC(95) Pause Full (Ergonomics)
[3.868s][info][gc,phases,start] GC(95) Marking Phase
[4.012s][info][gc,phases      ] GC(95) Marking Phase 143.789ms
[4.012s][info][gc,phases,start] GC(95) Summary Phase
[4.012s][info][gc,phases      ] GC(95) Summary Phase 0.032ms
[4.012s][info][gc,phases,start] GC(95) Adjust Roots
[4.012s][info][gc,phases      ] GC(95) Adjust Roots 0.251ms
[4.012s][info][gc,phases,start] GC(95) Compaction Phase
[4.073s][info][gc,phases      ] GC(95) Compaction Phase 60.336ms
[4.073s][info][gc,phases,start] GC(95) Post Compact
[4.074s][info][gc,phases      ] GC(95) Post Compact 1.328ms
[4.074s][info][gc,heap        ] GC(95) PSYoungGen: 35744K(79360K)->15149K(79360K) Eden: 0K(13312K)->0K(13312K) From: 35744K(66048K)->15149K(66048K)
[4.074s][info][gc,heap        ] GC(95) ParOldGen: 631714K(651776K)->651345K(731648K)
[4.074s][info][gc,metaspace   ] GC(95) Metaspace: 6297K(6464K)->6297K(6464K) NonClass: 5763K(5824K)->5763K(5824K) Class: 533K(640K)->533K(640K)
[4.074s][info][gc             ] GC(95) Pause Full (Ergonomics) 651M->650M(792M) 206.414ms
[4.074s][info][gc,cpu         ] GC(95) User=1.42s Sys=0.00s Real=0.21s
[4.095s][info][gc,start       ] GC(96) Pause Young (Allocation Failure)
[4.139s][info][gc,heap        ] GC(96) PSYoungGen: 28461K(79360K)->24704K(74752K) Eden: 13312K(13312K)->0K(14848K) From: 15149K(66048K)->24704K(59904K)
[4.139s][info][gc,heap        ] GC(96) ParOldGen: 651345K(731648K)->655369K(731648K)
[4.139s][info][gc,metaspace   ] GC(96) Metaspace: 6297K(6464K)->6297K(6464K) NonClass: 5763K(5824K)->5763K(5824K) Class: 533K(640K)->533K(640K)
[4.139s][info][gc             ] GC(96) Pause Young (Allocation Failure) 663M->664M(787M) 44.115ms
[4.139s][info][gc,cpu         ] GC(96) User=0.23s Sys=0.00s Real=0.04s
[4.158s][info][gc,start       ] GC(97) Pause Young (Allocation Failure)
[4.181s][info][gc,heap        ] GC(97) PSYoungGen: 39552K(74752K)->34944K(77312K) Eden: 14848K(14848K)->0K(14848K) From: 24704K(59904K)->34944K(62464K)
[4.181s][info][gc,heap        ] GC(97) ParOldGen: 655369K(731648K)->660041K(731648K)
[4.181s][info][gc,metaspace   ] GC(97) Metaspace: 6297K(6464K)->6297K(6464K) NonClass: 5763K(5824K)->5763K(5824K) Class: 533K(640K)->533K(640K)
[4.181s][info][gc             ] GC(97) Pause Young (Allocation Failure) 678M->678M(790M) 22.874ms
[4.181s][info][gc,cpu         ] GC(97) User=0.12s Sys=0.00s Real=0.02s
[4.328s][info][gc,start       ] GC(98) Pause Young (Allocation Failure)
[4.367s][info][gc,heap        ] GC(98) PSYoungGen: 49792K(77312K)->43136K(75776K) Eden: 14848K(14848K)->0K(14848K) From: 34944K(62464K)->43136K(60928K)
[4.367s][info][gc,heap        ] GC(98) ParOldGen: 692809K(731648K)->699553K(731648K)
[4.367s][info][gc,metaspace   ] GC(98) Metaspace: 6297K(6464K)->6297K(6464K) NonClass: 5763K(5824K)->5763K(5824K) Class: 533K(640K)->533K(640K)
[4.367s][info][gc             ] GC(98) Pause Young (Allocation Failure) 725M->725M(788M) 38.717ms
[4.367s][info][gc,cpu         ] GC(98) User=0.17s Sys=0.00s Real=0.04s
[4.382s][info][gc,start       ] GC(99) Pause Young (Allocation Failure)
[4.410s][info][gc,heap        ] GC(99) PSYoungGen: 57984K(75776K)->57984K(77312K) Eden: 14848K(14848K)->0K(14848K) From: 43136K(60928K)->57984K(62464K)
[4.410s][info][gc,heap        ] GC(99) ParOldGen: 699553K(731648K)->699553K(731648K)
[4.410s][info][gc,metaspace   ] GC(99) Metaspace: 6297K(6464K)->6297K(6464K) NonClass: 5763K(5824K)->5763K(5824K) Class: 533K(640K)->533K(640K)
[4.410s][info][gc             ] GC(99) Pause Young (Allocation Failure) 739M->739M(790M) 28.596ms
[4.410s][info][gc,cpu         ] GC(99) User=0.06s Sys=0.00s Real=0.03s
[4.426s][info][gc,start       ] GC(100) Pause Young (Allocation Failure)
[4.462s][info][gc,heap        ] GC(100) PSYoungGen: 72832K(77312K)->59520K(79872K) Eden: 14848K(14848K)->0K(10752K) From: 57984K(62464K)->59520K(69120K)
[4.462s][info][gc,heap        ] GC(100) ParOldGen: 699553K(731648K)->713049K(731648K)
[4.462s][info][gc,metaspace   ] GC(100) Metaspace: 6297K(6464K)->6297K(6464K) NonClass: 5763K(5824K)->5763K(5824K) Class: 533K(640K)->533K(640K)
[4.462s][info][gc             ] GC(100) Pause Young (Allocation Failure) 754M->754M(792M) 35.657ms
[4.462s][info][gc,cpu         ] GC(100) User=0.23s Sys=0.00s Real=0.04s
[4.462s][info][gc,start       ] GC(101) Pause Full (Ergonomics)
[4.462s][info][gc,phases,start] GC(101) Marking Phase
[4.635s][info][gc,phases      ] GC(101) Marking Phase 172.944ms
[4.635s][info][gc,phases,start] GC(101) Summary Phase
[4.635s][info][gc,phases      ] GC(101) Summary Phase 0.050ms
[4.635s][info][gc,phases,start] GC(101) Adjust Roots
[4.635s][info][gc,phases      ] GC(101) Adjust Roots 0.253ms
[4.635s][info][gc,phases,start] GC(101) Compaction Phase
[4.764s][info][gc,phases      ] GC(101) Compaction Phase 128.692ms
[4.764s][info][gc,phases,start] GC(101) Post Compact
[4.766s][info][gc,phases      ] GC(101) Post Compact 1.764ms
[4.766s][info][gc,heap        ] GC(101) PSYoungGen: 59520K(79872K)->24003K(79872K) Eden: 0K(10752K)->0K(10752K) From: 59520K(69120K)->24003K(69120K)
[4.766s][info][gc,heap        ] GC(101) ParOldGen: 713049K(731648K)->731413K(812544K)
[4.766s][info][gc,metaspace   ] GC(101) Metaspace: 6297K(6464K)->6297K(6464K) NonClass: 5763K(5824K)->5763K(5824K) Class: 533K(640K)->533K(640K)
[4.766s][info][gc             ] GC(101) Pause Full (Ergonomics) 754M->737M(871M) 304.458ms
[4.766s][info][gc,cpu         ] GC(101) User=1.91s Sys=0.00s Real=0.30s
[4.779s][info][gc,start       ] GC(102) Pause Young (Allocation Failure)
[4.826s][info][gc,heap        ] GC(102) PSYoungGen: 34755K(79872K)->29632K(40448K) Eden: 10752K(10752K)->0K(10752K) From: 24003K(69120K)->29632K(29696K)
[4.826s][info][gc,heap        ] GC(102) ParOldGen: 731413K(812544K)->736813K(812544K)
[4.826s][info][gc,metaspace   ] GC(102) Metaspace: 6297K(6464K)->6297K(6464K) NonClass: 5763K(5824K)->5763K(5824K) Class: 533K(640K)->533K(640K)
[4.826s][info][gc             ] GC(102) Pause Young (Allocation Failure) 748M->748M(833M) 46.863ms
[4.826s][info][gc,cpu         ] GC(102) User=0.23s Sys=0.00s Real=0.05s
[4.838s][info][gc,start       ] GC(103) Pause Young (Allocation Failure)
[4.859s][info][gc,heap        ] GC(103) PSYoungGen: 40384K(40448K)->40320K(80384K) Eden: 10752K(10752K)->0K(12288K) From: 29632K(29696K)->40320K(68096K)
[4.859s][info][gc,heap        ] GC(103) ParOldGen: 736813K(812544K)->736813K(812544K)
[4.859s][info][gc,metaspace   ] GC(103) Metaspace: 6297K(6464K)->6297K(6464K) NonClass: 5763K(5824K)->5763K(5824K) Class: 533K(640K)->533K(640K)
[4.859s][info][gc             ] GC(103) Pause Young (Allocation Failure) 758M->758M(872M) 20.953ms
[4.859s][info][gc,cpu         ] GC(103) User=0.06s Sys=0.00s Real=0.02s
[4.872s][info][gc,start       ] GC(104) Pause Young (Allocation Failure)
[4.899s][info][gc,heap        ] GC(104) PSYoungGen: 52608K(80384K)->47360K(82432K) Eden: 12288K(12288K)->0K(12288K) From: 40320K(68096K)->47360K(70144K)
[4.899s][info][gc,heap        ] GC(104) ParOldGen: 736813K(812544K)->742149K(812544K)
[4.899s][info][gc,metaspace   ] GC(104) Metaspace: 6297K(6464K)->6297K(6464K) NonClass: 5763K(5824K)->5763K(5824K) Class: 533K(640K)->533K(640K)
[4.899s][info][gc             ] GC(104) Pause Young (Allocation Failure) 770M->771M(874M) 26.809ms
[4.899s][info][gc,cpu         ] GC(104) User=0.23s Sys=0.02s Real=0.03s
[4.911s][info][gc,start       ] GC(105) Pause Young (Allocation Failure)
[4.941s][info][gc,heap        ] GC(105) PSYoungGen: 59648K(82432K)->50912K(82944K) Eden: 12288K(12288K)->0K(12288K) From: 47360K(70144K)->50912K(70656K)
[4.941s][info][gc,heap        ] GC(105) ParOldGen: 742149K(812544K)->751005K(812544K)
[4.941s][info][gc,metaspace   ] GC(105) Metaspace: 6297K(6464K)->6297K(6464K) NonClass: 5763K(5824K)->5763K(5824K) Class: 533K(640K)->533K(640K)
[4.941s][info][gc             ] GC(105) Pause Young (Allocation Failure) 783M->783M(874M) 29.519ms
[4.941s][info][gc,cpu         ] GC(105) User=0.14s Sys=0.00s Real=0.03s
[4.953s][info][gc,start       ] GC(106) Pause Young (Allocation Failure)
[4.985s][info][gc,heap        ] GC(106) PSYoungGen: 63200K(82944K)->47744K(84480K) Eden: 12288K(12288K)->0K(12288K) From: 50912K(70656K)->47744K(72192K)
[4.985s][info][gc,heap        ] GC(106) ParOldGen: 751005K(812544K)->766709K(812544K)
[4.985s][info][gc,metaspace   ] GC(106) Metaspace: 6297K(6464K)->6297K(6464K) NonClass: 5763K(5824K)->5763K(5824K) Class: 533K(640K)->533K(640K)
[4.985s][info][gc             ] GC(106) Pause Young (Allocation Failure) 795M->795M(876M) 31.383ms
[4.985s][info][gc,cpu         ] GC(106) User=0.08s Sys=0.00s Real=0.03s
[4.997s][info][gc,start       ] GC(107) Pause Young (Allocation Failure)
[5.027s][info][gc,heap        ] GC(107) PSYoungGen: 60032K(84480K)->37056K(81408K) Eden: 12288K(12288K)->0K(14336K) From: 47744K(72192K)->37056K(67072K)
[5.027s][info][gc,heap        ] GC(107) ParOldGen: 766709K(812544K)->790029K(812544K)
[5.027s][info][gc,metaspace   ] GC(107) Metaspace: 6297K(6464K)->6297K(6464K) NonClass: 5763K(5824K)->5763K(5824K) Class: 533K(640K)->533K(640K)
[5.027s][info][gc             ] GC(107) Pause Young (Allocation Failure) 807M->807M(873M) 29.716ms
[5.027s][info][gc,cpu         ] GC(107) User=0.20s Sys=0.03s Real=0.03s
[5.027s][info][gc,start       ] GC(108) Pause Full (Ergonomics)
[5.027s][info][gc,phases,start] GC(108) Marking Phase
[5.205s][info][gc,phases      ] GC(108) Marking Phase 178.081ms
[5.205s][info][gc,phases,start] GC(108) Summary Phase
[5.205s][info][gc,phases      ] GC(108) Summary Phase 0.041ms
[5.205s][info][gc,phases,start] GC(108) Adjust Roots
[5.205s][info][gc,phases      ] GC(108) Adjust Roots 0.290ms
[5.205s][info][gc,phases,start] GC(108) Compaction Phase
[5.295s][info][gc,phases      ] GC(108) Compaction Phase 89.657ms
[5.295s][info][gc,phases,start] GC(108) Post Compact
[5.297s][info][gc,phases      ] GC(108) Post Compact 1.628ms
[5.297s][info][gc,heap        ] GC(108) PSYoungGen: 37056K(81408K)->13785K(83456K) Eden: 0K(14336K)->0K(16384K) From: 37056K(67072K)->13785K(67072K)
[5.297s][info][gc,heap        ] GC(108) ParOldGen: 790029K(812544K)->812107K(900608K)
[5.297s][info][gc,metaspace   ] GC(108) Metaspace: 6297K(6464K)->6297K(6464K) NonClass: 5763K(5824K)->5763K(5824K) Class: 533K(640K)->533K(640K)
[5.297s][info][gc             ] GC(108) Pause Full (Ergonomics) 807M->806M(961M) 270.411ms
[5.297s][info][gc,cpu         ] GC(108) User=1.95s Sys=0.02s Real=0.27s
[5.316s][info][gc,start       ] GC(109) Pause Young (Allocation Failure)
[5.365s][info][gc,heap        ] GC(109) PSYoungGen: 30169K(83456K)->20736K(86016K) Eden: 16384K(16384K)->0K(16384K) From: 13785K(67072K)->20736K(69632K)
[5.365s][info][gc,heap        ] GC(109) ParOldGen: 812107K(900608K)->821803K(900608K)
[5.365s][info][gc,metaspace   ] GC(109) Metaspace: 6297K(6464K)->6297K(6464K) NonClass: 5763K(5824K)->5763K(5824K) Class: 533K(640K)->533K(640K)
[5.365s][info][gc             ] GC(109) Pause Young (Allocation Failure) 822M->822M(963M) 48.855ms
[5.365s][info][gc,cpu         ] GC(109) User=0.27s Sys=0.00s Real=0.05s
[5.383s][info][gc,start       ] GC(110) Pause Young (Allocation Failure)
[5.404s][info][gc,heap        ] GC(110) PSYoungGen: 37120K(86016K)->32928K(83968K) Eden: 16384K(16384K)->0K(18432K) From: 20736K(69632K)->32928K(65536K)
[5.404s][info][gc,heap        ] GC(110) ParOldGen: 821803K(900608K)->826123K(900608K)
[5.404s][info][gc,metaspace   ] GC(110) Metaspace: 6297K(6464K)->6297K(6464K) NonClass: 5763K(5824K)->5763K(5824K) Class: 533K(640K)->533K(640K)
[5.404s][info][gc             ] GC(110) Pause Young (Allocation Failure) 838M->838M(961M) 20.955ms
[5.404s][info][gc,cpu         ] GC(110) User=0.05s Sys=0.00s Real=0.02s
[5.424s][info][gc,start       ] GC(111) Pause Young (Allocation Failure)
[5.451s][info][gc,heap        ] GC(111) PSYoungGen: 51360K(83968K)->34944K(86016K) Eden: 18432K(18432K)->0K(18432K) From: 32928K(65536K)->34944K(67584K)
[5.451s][info][gc,heap        ] GC(111) ParOldGen: 826123K(900608K)->842731K(900608K)
[5.451s][info][gc,metaspace   ] GC(111) Metaspace: 6297K(6464K)->6297K(6464K) NonClass: 5763K(5824K)->5763K(5824K) Class: 533K(640K)->533K(640K)
[5.452s][info][gc             ] GC(111) Pause Young (Allocation Failure) 856M->857M(963M) 27.085ms
[5.452s][info][gc,cpu         ] GC(111) User=0.11s Sys=0.02s Real=0.03s
[5.472s][info][gc,start       ] GC(112) Pause Young (Allocation Failure)
[5.500s][info][gc,heap        ] GC(112) PSYoungGen: 53376K(86016K)->36992K(79872K) Eden: 18432K(18432K)->0K(20992K) From: 34944K(67584K)->36992K(58880K)
[5.500s][info][gc,heap        ] GC(112) ParOldGen: 842731K(900608K)->859347K(900608K)
[5.500s][info][gc,metaspace   ] GC(112) Metaspace: 6297K(6464K)->6297K(6464K) NonClass: 5763K(5824K)->5763K(5824K) Class: 533K(640K)->533K(640K)
[5.500s][info][gc             ] GC(112) Pause Young (Allocation Failure) 875M->875M(957M) 28.917ms
[5.501s][info][gc,cpu         ] GC(112) User=0.12s Sys=0.02s Real=0.03s
[5.524s][info][gc,start       ] GC(113) Pause Young (Allocation Failure)
[5.556s][info][gc,heap        ] GC(113) PSYoungGen: 57984K(79872K)->21152K(82944K) Eden: 20992K(20992K)->0K(20992K) From: 36992K(58880K)->21152K(61952K)
[5.556s][info][gc,heap        ] GC(113) ParOldGen: 859347K(900608K)->896691K(900608K)
[5.556s][info][gc,metaspace   ] GC(113) Metaspace: 6297K(6464K)->6297K(6464K) NonClass: 5763K(5824K)->5763K(5824K) Class: 533K(640K)->533K(640K)
[5.556s][info][gc             ] GC(113) Pause Young (Allocation Failure) 895M->896M(960M) 32.362ms
[5.556s][info][gc,cpu         ] GC(113) User=0.14s Sys=0.00s Real=0.03s
[5.556s][info][gc,start       ] GC(114) Pause Full (Ergonomics)
[5.556s][info][gc,phases,start] GC(114) Marking Phase
[5.770s][info][gc,phases      ] GC(114) Marking Phase 213.789ms
[5.770s][info][gc,phases,start] GC(114) Summary Phase
[5.770s][info][gc,phases      ] GC(114) Summary Phase 0.053ms
[5.770s][info][gc,phases,start] GC(114) Adjust Roots
[5.771s][info][gc,phases      ] GC(114) Adjust Roots 0.269ms
[5.771s][info][gc,phases,start] GC(114) Compaction Phase
[5.880s][info][gc,phases      ] GC(114) Compaction Phase 108.918ms
[5.880s][info][gc,phases,start] GC(114) Post Compact
[5.881s][info][gc,phases      ] GC(114) Post Compact 1.643ms
[5.882s][info][gc,heap        ] GC(114) PSYoungGen: 21152K(82944K)->15851K(82944K) Eden: 0K(20992K)->0K(20992K) From: 21152K(61952K)->15851K(61952K)
[5.882s][info][gc,heap        ] GC(114) ParOldGen: 896691K(900608K)->900512K(1003520K)
[5.882s][info][gc,metaspace   ] GC(114) Metaspace: 6297K(6464K)->6297K(6464K) NonClass: 5763K(5824K)->5763K(5824K) Class: 533K(640K)->533K(640K)
[5.882s][info][gc             ] GC(114) Pause Full (Ergonomics) 896M->894M(1061M) 325.605ms
[5.882s][info][gc,cpu         ] GC(114) User=2.30s Sys=0.00s Real=0.33s
[5.906s][info][gc,start       ] GC(115) Pause Young (Allocation Failure)
[5.963s][info][gc,heap        ] GC(115) PSYoungGen: 36843K(82944K)->21120K(84992K) Eden: 20992K(20992K)->0K(23552K) From: 15851K(61952K)->21120K(61440K)
[5.963s][info][gc,heap        ] GC(115) ParOldGen: 900512K(1003520K)->916608K(1003520K)
[5.963s][info][gc,metaspace   ] GC(115) Metaspace: 6297K(6464K)->6297K(6464K) NonClass: 5763K(5824K)->5763K(5824K) Class: 533K(640K)->533K(640K)
[5.963s][info][gc             ] GC(115) Pause Young (Allocation Failure) 915M->915M(1063M) 57.143ms
[5.963s][info][gc,cpu         ] GC(115) User=0.34s Sys=0.03s Real=0.06s
[5.991s][info][gc,start       ] GC(116) Pause Young (Allocation Failure)
[6.017s][info][gc,heap        ] GC(116) PSYoungGen: 44672K(84992K)->44704K(85504K) Eden: 23552K(23552K)->0K(23552K) From: 21120K(61440K)->44704K(61952K)
[6.017s][info][gc,heap        ] GC(116) ParOldGen: 916608K(1003520K)->916608K(1003520K)
[6.017s][info][gc,metaspace   ] GC(116) Metaspace: 6297K(6464K)->6297K(6464K) NonClass: 5763K(5824K)->5763K(5824K) Class: 533K(640K)->533K(640K)
[6.017s][info][gc             ] GC(116) Pause Young (Allocation Failure) 938M->938M(1063M) 25.695ms
[6.017s][info][gc,cpu         ] GC(116) User=0.12s Sys=0.00s Real=0.03s
[6.044s][info][gc,start       ] GC(117) Pause Young (Allocation Failure)
[6.080s][info][gc,heap        ] GC(117) PSYoungGen: 68256K(85504K)->63488K(80384K) Eden: 23552K(23552K)->0K(16896K) From: 44704K(61952K)->63488K(63488K)
[6.080s][info][gc,heap        ] GC(117) ParOldGen: 916608K(1003520K)->921360K(1003520K)
[6.080s][info][gc,metaspace   ] GC(117) Metaspace: 6297K(6464K)->6297K(6464K) NonClass: 5763K(5824K)->5763K(5824K) Class: 533K(640K)->533K(640K)
[6.080s][info][gc             ] GC(117) Pause Young (Allocation Failure) 961M->961M(1058M) 35.936ms
[6.080s][info][gc,cpu         ] GC(117) User=0.31s Sys=0.06s Real=0.04s
[6.098s][info][gc,start       ] GC(118) Pause Young (Allocation Failure)
[6.138s][info][gc,heap        ] GC(118) PSYoungGen: 80384K(80384K)->38784K(55808K) Eden: 16896K(16896K)->0K(16896K) From: 63488K(63488K)->38784K(38912K)
[6.138s][info][gc,heap        ] GC(118) ParOldGen: 921360K(1003520K)->963624K(1003520K)
[6.138s][info][gc,metaspace   ] GC(118) Metaspace: 6297K(6464K)->6297K(6464K) NonClass: 5763K(5824K)->5763K(5824K) Class: 533K(640K)->533K(640K)
[6.138s][info][gc             ] GC(118) Pause Young (Allocation Failure) 978M->978M(1034M) 40.199ms
[6.138s][info][gc,cpu         ] GC(118) User=0.23s Sys=0.02s Real=0.04s
[6.138s][info][gc,start       ] GC(119) Pause Full (Ergonomics)
[6.138s][info][gc,phases,start] GC(119) Marking Phase
[6.360s][info][gc,phases      ] GC(119) Marking Phase 221.945ms
[6.360s][info][gc,phases,start] GC(119) Summary Phase
[6.360s][info][gc,phases      ] GC(119) Summary Phase 0.056ms
[6.360s][info][gc,phases,start] GC(119) Adjust Roots
[6.361s][info][gc,phases      ] GC(119) Adjust Roots 0.309ms
[6.361s][info][gc,phases,start] GC(119) Compaction Phase
[6.459s][info][gc,phases      ] GC(119) Compaction Phase 97.710ms
[6.459s][info][gc,phases,start] GC(119) Post Compact
[6.460s][info][gc,phases      ] GC(119) Post Compact 1.675ms
[6.461s][info][gc,heap        ] GC(119) PSYoungGen: 38784K(55808K)->0K(88576K) Eden: 0K(16896K)->0K(18944K) From: 38784K(38912K)->0K(69632K)
[6.461s][info][gc,heap        ] GC(119) ParOldGen: 963624K(1003520K)->1001234K(1118208K)
[6.461s][info][gc,metaspace   ] GC(119) Metaspace: 6297K(6464K)->6297K(6464K) NonClass: 5763K(5824K)->5763K(5824K) Class: 533K(640K)->533K(640K)
[6.461s][info][gc             ] GC(119) Pause Full (Ergonomics) 978M->977M(1178M) 322.579ms
[6.461s][info][gc,cpu         ] GC(119) User=2.16s Sys=0.03s Real=0.32s
[6.486s][info][gc,start       ] GC(120) Pause Young (Allocation Failure)
[6.501s][info][gc,heap        ] GC(120) PSYoungGen: 18944K(88576K)->19040K(88576K) Eden: 18944K(18944K)->0K(18944K) From: 0K(69632K)->19040K(69632K)
[6.501s][info][gc,heap        ] GC(120) ParOldGen: 1001234K(1118208K)->1001234K(1118208K)
[6.501s][info][gc,metaspace   ] GC(120) Metaspace: 6297K(6464K)->6297K(6464K) NonClass: 5763K(5824K)->5763K(5824K) Class: 533K(640K)->533K(640K)
[6.501s][info][gc             ] GC(120) Pause Young (Allocation Failure) 996M->996M(1178M) 15.336ms
[6.501s][info][gc,cpu         ] GC(120) User=0.02s Sys=0.00s Real=0.02s
[6.521s][info][gc,start       ] GC(121) Pause Young (Allocation Failure)
[6.544s][info][gc,heap        ] GC(121) PSYoungGen: 37984K(88576K)->38016K(85504K) Eden: 18944K(18944K)->0K(20992K) From: 19040K(69632K)->38016K(64512K)
[6.544s][info][gc,heap        ] GC(121) ParOldGen: 1001234K(1118208K)->1001234K(1118208K)
[6.544s][info][gc,metaspace   ] GC(121) Metaspace: 6297K(6464K)->6297K(6464K) NonClass: 5763K(5824K)->5763K(5824K) Class: 533K(640K)->533K(640K)
[6.544s][info][gc             ] GC(121) Pause Young (Allocation Failure) 1014M->1014M(1175M) 22.226ms
[6.544s][info][gc,cpu         ] GC(121) User=0.05s Sys=0.00s Real=0.02s
[6.567s][info][gc,start       ] GC(122) Pause Young (Allocation Failure)
[6.597s][info][gc,heap        ] GC(122) PSYoungGen: 59008K(85504K)->59008K(88064K) Eden: 20992K(20992K)->0K(20992K) From: 38016K(64512K)->59008K(67072K)
[6.597s][info][gc,heap        ] GC(122) ParOldGen: 1001234K(1118208K)->1001234K(1118208K)
[6.597s][info][gc,metaspace   ] GC(122) Metaspace: 6297K(6464K)->6297K(6464K) NonClass: 5763K(5824K)->5763K(5824K) Class: 533K(640K)->533K(640K)
[6.597s][info][gc             ] GC(122) Pause Young (Allocation Failure) 1035M->1035M(1178M) 30.146ms
[6.597s][info][gc,cpu         ] GC(122) User=0.12s Sys=0.00s Real=0.03s
[6.620s][info][gc,start       ] GC(123) Pause Young (Allocation Failure)
[6.661s][info][gc,heap        ] GC(123) PSYoungGen: 80000K(88064K)->72192K(83968K) Eden: 20992K(20992K)->0K(11776K) From: 59008K(67072K)->72192K(72192K)
[6.661s][info][gc,heap        ] GC(123) ParOldGen: 1001234K(1118208K)->1009066K(1118208K)
[6.661s][info][gc,metaspace   ] GC(123) Metaspace: 6297K(6464K)->6297K(6464K) NonClass: 5763K(5824K)->5763K(5824K) Class: 533K(640K)->533K(640K)
[6.661s][info][gc             ] GC(123) Pause Young (Allocation Failure) 1055M->1055M(1174M) 41.116ms
[6.661s][info][gc,cpu         ] GC(123) User=0.19s Sys=0.05s Real=0.04s
[6.674s][info][gc,start       ] GC(124) Pause Young (Allocation Failure)
[6.719s][info][gc,heap        ] GC(124) PSYoungGen: 83968K(83968K)->66880K(95744K) Eden: 11776K(11776K)->0K(11776K) From: 72192K(72192K)->66880K(83968K)
[6.719s][info][gc,heap        ] GC(124) ParOldGen: 1009066K(1118208K)->1026546K(1118208K)
[6.719s][info][gc,metaspace   ] GC(124) Metaspace: 6297K(6464K)->6297K(6464K) NonClass: 5763K(5824K)->5763K(5824K) Class: 533K(640K)->533K(640K)
[6.719s][info][gc             ] GC(124) Pause Young (Allocation Failure) 1067M->1067M(1185M) 44.344ms
[6.719s][info][gc,cpu         ] GC(124) User=0.19s Sys=0.08s Real=0.04s
[6.732s][info][gc,start       ] GC(125) Pause Young (Allocation Failure)
[6.781s][info][gc,heap        ] GC(125) PSYoungGen: 78656K(95744K)->42112K(95232K) Eden: 11776K(11776K)->0K(13824K) From: 66880K(83968K)->42112K(81408K)
[6.781s][info][gc,heap        ] GC(125) ParOldGen: 1026546K(1118208K)->1063626K(1118208K)
[6.781s][info][gc,metaspace   ] GC(125) Metaspace: 6297K(6464K)->6297K(6464K) NonClass: 5763K(5824K)->5763K(5824K) Class: 533K(640K)->533K(640K)
[6.781s][info][gc             ] GC(125) Pause Young (Allocation Failure) 1079M->1079M(1185M) 48.183ms
[6.781s][info][gc,cpu         ] GC(125) User=0.17s Sys=0.08s Real=0.05s
[6.796s][info][gc,start       ] GC(126) Pause Young (Allocation Failure)
[6.836s][info][gc,heap        ] GC(126) PSYoungGen: 55936K(95232K)->25664K(98816K) Eden: 13824K(13824K)->0K(13824K) From: 42112K(81408K)->25664K(84992K)
[6.836s][info][gc,heap        ] GC(126) ParOldGen: 1063626K(1118208K)->1094274K(1118208K)
[6.836s][info][gc,metaspace   ] GC(126) Metaspace: 6297K(6464K)->6297K(6464K) NonClass: 5763K(5824K)->5763K(5824K) Class: 533K(640K)->533K(640K)
[6.836s][info][gc             ] GC(126) Pause Young (Allocation Failure) 1093M->1093M(1188M) 40.635ms
[6.836s][info][gc,cpu         ] GC(126) User=0.16s Sys=0.09s Real=0.04s
[6.836s][info][gc,start       ] GC(127) Pause Full (Ergonomics)
[6.836s][info][gc,phases,start] GC(127) Marking Phase
[7.093s][info][gc,phases      ] GC(127) Marking Phase 256.570ms
[7.093s][info][gc,phases,start] GC(127) Summary Phase
[7.093s][info][gc,phases      ] GC(127) Summary Phase 0.033ms
[7.093s][info][gc,phases,start] GC(127) Adjust Roots
[7.093s][info][gc,phases      ] GC(127) Adjust Roots 0.196ms
[7.093s][info][gc,phases,start] GC(127) Compaction Phase
[7.203s][info][gc,phases      ] GC(127) Compaction Phase 109.847ms
[7.203s][info][gc,phases,start] GC(127) Post Compact
[7.205s][info][gc,phases      ] GC(127) Post Compact 2.071ms
[7.206s][info][gc,heap        ] GC(127) PSYoungGen: 25664K(98816K)->516K(98816K) Eden: 0K(13824K)->0K(13824K) From: 25664K(84992K)->516K(84992K)
[7.206s][info][gc,heap        ] GC(127) ParOldGen: 1094274K(1118208K)->1117742K(1247232K)
[7.206s][info][gc,metaspace   ] GC(127) Metaspace: 6297K(6464K)->6297K(6464K) NonClass: 5763K(5824K)->5763K(5824K) Class: 533K(640K)->533K(640K)
[7.207s][info][gc             ] GC(127) Pause Full (Ergonomics) 1093M->1092M(1314M) 370.188ms
[7.207s][info][gc,cpu         ] GC(127) User=2.61s Sys=0.05s Real=0.37s
[7.227s][info][gc,start       ] GC(128) Pause Young (Allocation Failure)
[7.286s][info][gc,heap        ] GC(128) PSYoungGen: 14340K(98816K)->13984K(99328K) Eden: 13824K(13824K)->0K(14848K) From: 516K(84992K)->13984K(84480K)
[7.286s][info][gc,heap        ] GC(128) ParOldGen: 1117742K(1247232K)->1118302K(1247232K)
[7.286s][info][gc,metaspace   ] GC(128) Metaspace: 6297K(6464K)->6297K(6464K) NonClass: 5763K(5824K)->5763K(5824K) Class: 533K(640K)->533K(640K)
[7.286s][info][gc             ] GC(128) Pause Young (Allocation Failure) 1105M->1105M(1315M) 58.951ms
[7.286s][info][gc,cpu         ] GC(128) User=0.34s Sys=0.00s Real=0.06s
[7.302s][info][gc,start       ] GC(129) Pause Young (Allocation Failure)
[7.325s][info][gc,heap        ] GC(129) PSYoungGen: 28832K(99328K)->14976K(100352K) Eden: 14848K(14848K)->0K(14848K) From: 13984K(84480K)->14976K(85504K)
[7.325s][info][gc,heap        ] GC(129) ParOldGen: 1118302K(1247232K)->1132334K(1247232K)
[7.325s][info][gc,metaspace   ] GC(129) Metaspace: 6297K(6464K)->6297K(6464K) NonClass: 5763K(5824K)->5763K(5824K) Class: 533K(640K)->533K(640K)
[7.325s][info][gc             ] GC(129) Pause Young (Allocation Failure) 1120M->1120M(1316M) 23.145ms
[7.325s][info][gc,cpu         ] GC(129) User=0.09s Sys=0.00s Real=0.02s
[7.342s][info][gc,start       ] GC(130) Pause Young (Allocation Failure)
[7.365s][info][gc,heap        ] GC(130) PSYoungGen: 29824K(100352K)->14944K(100864K) Eden: 14848K(14848K)->0K(16896K) From: 14976K(85504K)->14944K(83968K)
[7.365s][info][gc,heap        ] GC(130) ParOldGen: 1132334K(1247232K)->1147422K(1247232K)
[7.365s][info][gc,metaspace   ] GC(130) Metaspace: 6297K(6464K)->6297K(6464K) NonClass: 5763K(5824K)->5763K(5824K) Class: 533K(640K)->533K(640K)
[7.365s][info][gc             ] GC(130) Pause Young (Allocation Failure) 1134M->1135M(1316M) 22.751ms
[7.365s][info][gc,cpu         ] GC(130) User=0.11s Sys=0.02s Real=0.02s
[7.385s][info][gc,start       ] GC(131) Pause Young (Allocation Failure)
[7.410s][info][gc,heap        ] GC(131) PSYoungGen: 31840K(100864K)->17024K(101376K) Eden: 16896K(16896K)->0K(16896K) From: 14944K(83968K)->17024K(84480K)
[7.410s][info][gc,heap        ] GC(131) ParOldGen: 1147422K(1247232K)->1162502K(1247232K)
[7.410s][info][gc,metaspace   ] GC(131) Metaspace: 6297K(6464K)->6297K(6464K) NonClass: 5763K(5824K)->5763K(5824K) Class: 533K(640K)->533K(640K)
[7.410s][info][gc             ] GC(131) Pause Young (Allocation Failure) 1151M->1151M(1317M) 24.833ms
[7.410s][info][gc,cpu         ] GC(131) User=0.14s Sys=0.00s Real=0.03s
[7.431s][info][gc,start       ] GC(132) Pause Young (Allocation Failure)
[7.456s][info][gc,heap        ] GC(132) PSYoungGen: 33920K(101376K)->17024K(97280K) Eden: 16896K(16896K)->0K(18944K) From: 17024K(84480K)->17024K(78336K)
[7.456s][info][gc,heap        ] GC(132) ParOldGen: 1162502K(1247232K)->1179654K(1247232K)
[7.456s][info][gc,metaspace   ] GC(132) Metaspace: 6297K(6464K)->6297K(6464K) NonClass: 5763K(5824K)->5763K(5824K) Class: 533K(640K)->533K(640K)
[7.456s][info][gc             ] GC(132) Pause Young (Allocation Failure) 1168M->1168M(1313M) 25.889ms
[7.456s][info][gc,cpu         ] GC(132) User=0.06s Sys=0.08s Real=0.03s
[7.480s][info][gc,start       ] GC(133) Pause Young (Allocation Failure)
[7.506s][info][gc,heap        ] GC(133) PSYoungGen: 35968K(97280K)->19040K(99328K) Eden: 18944K(18944K)->0K(18944K) From: 17024K(78336K)->19040K(80384K)
[7.506s][info][gc,heap        ] GC(133) ParOldGen: 1179654K(1247232K)->1196806K(1247232K)
[7.506s][info][gc,metaspace   ] GC(133) Metaspace: 6297K(6464K)->6297K(6464K) NonClass: 5763K(5824K)->5763K(5824K) Class: 533K(640K)->533K(640K)
[7.506s][info][gc             ] GC(133) Pause Young (Allocation Failure) 1187M->1187M(1315M) 26.250ms
[7.506s][info][gc,cpu         ] GC(133) User=0.12s Sys=0.00s Real=0.03s
[7.530s][info][gc,start       ] GC(134) Pause Young (Allocation Failure)
[7.558s][info][gc,heap        ] GC(134) PSYoungGen: 37984K(99328K)->19072K(94208K) Eden: 18944K(18944K)->0K(21504K) From: 19040K(80384K)->19072K(72704K)
[7.558s][info][gc,heap        ] GC(134) ParOldGen: 1196806K(1247232K)->1216054K(1247232K)
[7.558s][info][gc,metaspace   ] GC(134) Metaspace: 6297K(6464K)->6297K(6464K) NonClass: 5763K(5824K)->5763K(5824K) Class: 533K(640K)->533K(640K)
[7.558s][info][gc             ] GC(134) Pause Young (Allocation Failure) 1205M->1206M(1310M) 27.923ms
[7.558s][info][gc,cpu         ] GC(134) User=0.12s Sys=0.00s Real=0.03s
[7.558s][info][gc,start       ] GC(135) Pause Full (Ergonomics)
[7.558s][info][gc,phases,start] GC(135) Marking Phase
[7.841s][info][gc,phases      ] GC(135) Marking Phase 282.895ms
[7.841s][info][gc,phases,start] GC(135) Summary Phase
[7.841s][info][gc,phases      ] GC(135) Summary Phase 0.049ms
[7.841s][info][gc,phases,start] GC(135) Adjust Roots
[7.842s][info][gc,phases      ] GC(135) Adjust Roots 0.181ms
[7.842s][info][gc,phases,start] GC(135) Compaction Phase
[7.958s][info][gc,phases      ] GC(135) Compaction Phase 116.597ms
[7.958s][info][gc,phases,start] GC(135) Post Compact
[7.960s][info][gc,phases      ] GC(135) Post Compact 2.152ms
[7.962s][info][gc,heap        ] GC(135) PSYoungGen: 19072K(94208K)->0K(96768K) Eden: 0K(21504K)->0K(21504K) From: 19072K(72704K)->0K(75264K)
[7.962s][info][gc,heap        ] GC(135) ParOldGen: 1216054K(1247232K)->1233250K(1360896K)
[7.962s][info][gc,metaspace   ] GC(135) Metaspace: 6297K(6464K)->6297K(6464K) NonClass: 5763K(5824K)->5763K(5824K) Class: 533K(640K)->533K(640K)
[7.962s][info][gc             ] GC(135) Pause Full (Ergonomics) 1206M->1204M(1423M) 403.304ms
[7.962s][info][gc,cpu         ] GC(135) User=2.84s Sys=0.05s Real=0.40s
[7.991s][info][gc,start       ] GC(136) Pause Young (Allocation Failure)
[8.009s][info][gc,heap        ] GC(136) PSYoungGen: 21504K(96768K)->21568K(91136K) Eden: 21504K(21504K)->0K(23552K) From: 0K(75264K)->21568K(67584K)
[8.009s][info][gc,heap        ] GC(136) ParOldGen: 1233250K(1360896K)->1233250K(1360896K)
[8.009s][info][gc,metaspace   ] GC(136) Metaspace: 6297K(6464K)->6297K(6464K) NonClass: 5763K(5824K)->5763K(5824K) Class: 533K(640K)->533K(640K)
[8.009s][info][gc             ] GC(136) Pause Young (Allocation Failure) 1225M->1225M(1418M) 17.136ms
[8.009s][info][gc,cpu         ] GC(136) User=0.03s Sys=0.00s Real=0.02s
[8.037s][info][gc,start       ] GC(137) Pause Young (Allocation Failure)
[8.063s][info][gc,heap        ] GC(137) PSYoungGen: 45120K(91136K)->45248K(95232K) Eden: 23552K(23552K)->0K(23552K) From: 21568K(67584K)->45248K(71680K)
[8.063s][info][gc,heap        ] GC(137) ParOldGen: 1233250K(1360896K)->1233250K(1360896K)
[8.063s][info][gc,metaspace   ] GC(137) Metaspace: 6297K(6464K)->6297K(6464K) NonClass: 5763K(5824K)->5763K(5824K) Class: 533K(640K)->533K(640K)
[8.063s][info][gc             ] GC(137) Pause Young (Allocation Failure) 1248M->1248M(1422M) 26.221ms
[8.063s][info][gc,cpu         ] GC(137) User=0.12s Sys=0.00s Real=0.03s
[8.094s][info][gc,start       ] GC(138) Pause Young (Allocation Failure)
[8.130s][info][gc,heap        ] GC(138) PSYoungGen: 68800K(95232K)->68448K(90112K) Eden: 23552K(23552K)->0K(16384K) From: 45248K(71680K)->68448K(73728K)
[8.130s][info][gc,heap        ] GC(138) ParOldGen: 1233250K(1360896K)->1233250K(1360896K)
[8.130s][info][gc,metaspace   ] GC(138) Metaspace: 6297K(6464K)->6297K(6464K) NonClass: 5763K(5824K)->5763K(5824K) Class: 533K(640K)->533K(640K)
[8.130s][info][gc             ] GC(138) Pause Young (Allocation Failure) 1271M->1271M(1417M) 36.381ms
[8.130s][info][gc,cpu         ] GC(138) User=0.20s Sys=0.00s Real=0.04s
[8.145s][info][gc,start       ] GC(139) Pause Young (Allocation Failure)
[8.184s][info][gc,heap        ] GC(139) PSYoungGen: 84832K(90112K)->76992K(99840K) Eden: 16384K(16384K)->0K(16384K) From: 68448K(73728K)->76992K(83456K)
[8.184s][info][gc,heap        ] GC(139) ParOldGen: 1233250K(1360896K)->1233250K(1360896K)
[8.184s][info][gc,metaspace   ] GC(139) Metaspace: 6297K(6464K)->6297K(6464K) NonClass: 5763K(5824K)->5763K(5824K) Class: 533K(640K)->533K(640K)
[8.184s][info][gc             ] GC(139) Pause Young (Allocation Failure) 1287M->1279M(1426M) 39.124ms
[8.184s][info][gc,cpu         ] GC(139) User=0.25s Sys=0.00s Real=0.04s
[8.197s][info][gc,start       ] GC(140) Pause Young (Allocation Failure)
[8.250s][info][gc,heap        ] GC(140) PSYoungGen: 93376K(99840K)->63936K(108544K) Eden: 16384K(16384K)->0K(14336K) From: 76992K(83456K)->63936K(94208K)
[8.250s][info][gc,heap        ] GC(140) ParOldGen: 1233250K(1360896K)->1255082K(1360896K)
[8.250s][info][gc,metaspace   ] GC(140) Metaspace: 6297K(6464K)->6297K(6464K) NonClass: 5763K(5824K)->5763K(5824K) Class: 533K(640K)->533K(640K)
[8.250s][info][gc             ] GC(140) Pause Young (Allocation Failure) 1295M->1288M(1435M) 53.353ms
[8.250s][info][gc,cpu         ] GC(140) User=0.25s Sys=0.08s Real=0.05s
[8.268s][info][gc,start       ] GC(141) Pause Young (Allocation Failure)
[8.325s][info][gc,heap        ] GC(141) PSYoungGen: 78272K(108544K)->30816K(45568K) Eden: 14336K(14336K)->0K(14336K) From: 63936K(94208K)->30816K(31232K)
[8.325s][info][gc,heap        ] GC(141) ParOldGen: 1255082K(1360896K)->1302578K(1360896K)
[8.325s][info][gc,metaspace   ] GC(141) Metaspace: 6297K(6464K)->6297K(6464K) NonClass: 5763K(5824K)->5763K(5824K) Class: 533K(640K)->533K(640K)
[8.325s][info][gc             ] GC(141) Pause Young (Allocation Failure) 1302M->1302M(1373M) 57.097ms
[8.325s][info][gc,cpu         ] GC(141) User=0.20s Sys=0.14s Real=0.06s
[8.345s][info][gc,start       ] GC(142) Pause Young (Allocation Failure)
[8.375s][info][gc,heap        ] GC(142) PSYoungGen: 45152K(45568K)->28192K(104448K) Eden: 14336K(14336K)->0K(16384K) From: 30816K(31232K)->28192K(88064K)
[8.375s][info][gc,heap        ] GC(142) ParOldGen: 1302578K(1360896K)->1319826K(1360896K)
[8.375s][info][gc,metaspace   ] GC(142) Metaspace: 6297K(6464K)->6297K(6464K) NonClass: 5763K(5824K)->5763K(5824K) Class: 533K(640K)->533K(640K)
[8.375s][info][gc             ] GC(142) Pause Young (Allocation Failure) 1316M->1316M(1431M) 30.508ms
[8.375s][info][gc,cpu         ] GC(142) User=0.12s Sys=0.00s Real=0.03s
[8.375s][info][gc,start       ] GC(143) Pause Full (Ergonomics)
[8.375s][info][gc,phases,start] GC(143) Marking Phase
[8.692s][info][gc,phases      ] GC(143) Marking Phase 316.953ms
[8.692s][info][gc,phases,start] GC(143) Summary Phase
[8.693s][info][gc,phases      ] GC(143) Summary Phase 0.056ms
[8.693s][info][gc,phases,start] GC(143) Adjust Roots
[8.693s][info][gc,phases      ] GC(143) Adjust Roots 0.278ms
[8.693s][info][gc,phases,start] GC(143) Compaction Phase
[8.812s][info][gc,phases      ] GC(143) Compaction Phase 118.792ms
[8.812s][info][gc,phases,start] GC(143) Post Compact
[8.814s][info][gc,phases      ] GC(143) Post Compact 2.343ms
[8.815s][info][gc,heap        ] GC(143) PSYoungGen: 28192K(104448K)->0K(107520K) Eden: 0K(16384K)->0K(16384K) From: 28192K(88064K)->0K(91136K)
[8.815s][info][gc,heap        ] GC(143) ParOldGen: 1319826K(1360896K)->1346437K(1490944K)
[8.815s][info][gc,metaspace   ] GC(143) Metaspace: 6297K(6464K)->6297K(6464K) NonClass: 5763K(5824K)->5763K(5824K) Class: 533K(640K)->533K(640K)
[8.815s][info][gc             ] GC(143) Pause Full (Ergonomics) 1316M->1314M(1561M) 439.909ms
[8.815s][info][gc,cpu         ] GC(143) User=3.09s Sys=0.02s Real=0.44s
[8.837s][info][gc,start       ] GC(144) Pause Young (Allocation Failure)
[8.852s][info][gc,heap        ] GC(144) PSYoungGen: 16384K(107520K)->16544K(105984K) Eden: 16384K(16384K)->0K(18432K) From: 0K(91136K)->16544K(87552K)
[8.852s][info][gc,heap        ] GC(144) ParOldGen: 1346437K(1490944K)->1346437K(1490944K)
[8.852s][info][gc,metaspace   ] GC(144) Metaspace: 6297K(6464K)->6297K(6464K) NonClass: 5763K(5824K)->5763K(5824K) Class: 533K(640K)->533K(640K)
[8.852s][info][gc             ] GC(144) Pause Young (Allocation Failure) 1330M->1331M(1559M) 14.932ms
[8.852s][info][gc,cpu         ] GC(144) User=0.02s Sys=0.00s Real=0.01s
[8.875s][info][gc,start       ] GC(145) Pause Young (Allocation Failure)
[8.902s][info][gc,heap        ] GC(145) PSYoungGen: 34976K(105984K)->18560K(108032K) Eden: 18432K(18432K)->0K(18432K) From: 16544K(87552K)->18560K(89600K)
[8.902s][info][gc,heap        ] GC(145) ParOldGen: 1346437K(1490944K)->1363077K(1490944K)
[8.902s][info][gc,metaspace   ] GC(145) Metaspace: 6297K(6464K)->6297K(6464K) NonClass: 5763K(5824K)->5763K(5824K) Class: 533K(640K)->533K(640K)
[8.902s][info][gc             ] GC(145) Pause Young (Allocation Failure) 1349M->1349M(1561M) 26.889ms
[8.902s][info][gc,cpu         ] GC(145) User=0.05s Sys=0.08s Real=0.03s
[8.924s][info][gc,start       ] GC(146) Pause Young (Allocation Failure)
[8.953s][info][gc,heap        ] GC(146) PSYoungGen: 36992K(108032K)->18560K(103936K) Eden: 18432K(18432K)->0K(20992K) From: 18560K(89600K)->18560K(82944K)
[8.953s][info][gc,heap        ] GC(146) ParOldGen: 1363077K(1490944K)->1381797K(1490944K)
[8.953s][info][gc,metaspace   ] GC(146) Metaspace: 6297K(6464K)->6297K(6464K) NonClass: 5763K(5824K)->5763K(5824K) Class: 533K(640K)->533K(640K)
[8.953s][info][gc             ] GC(146) Pause Young (Allocation Failure) 1367M->1367M(1557M) 28.752ms
[8.953s][info][gc,cpu         ] GC(146) User=0.11s Sys=0.02s Real=0.03s
[9.257s][info][gc,start       ] GC(147) Pause Young (Allocation Failure)
[9.323s][info][gc,heap        ] GC(147) PSYoungGen: 39552K(103936K)->21184K(42496K) Eden: 20992K(20992K)->0K(20992K) From: 18560K(82944K)->21184K(21504K)
[9.323s][info][gc,heap        ] GC(147) ParOldGen: 1447333K(1490944K)->1466053K(1490944K)
[9.323s][info][gc,metaspace   ] GC(147) Metaspace: 6297K(6464K)->6297K(6464K) NonClass: 5763K(5824K)->5763K(5824K) Class: 533K(640K)->533K(640K)
[9.323s][info][gc             ] GC(147) Pause Young (Allocation Failure) 1452M->1452M(1497M) 65.716ms
[9.323s][info][gc,cpu         ] GC(147) User=0.25s Sys=0.02s Real=0.07s
[9.323s][info][gc,start       ] GC(148) Pause Full (Ergonomics)
[9.323s][info][gc,phases,start] GC(148) Marking Phase
[9.649s][info][gc,phases      ] GC(148) Marking Phase 326.376ms
[9.650s][info][gc,phases,start] GC(148) Summary Phase
[9.650s][info][gc,phases      ] GC(148) Summary Phase 0.051ms
[9.650s][info][gc,phases,start] GC(148) Adjust Roots
[9.650s][info][gc,phases      ] GC(148) Adjust Roots 0.213ms
[9.650s][info][gc,phases,start] GC(148) Compaction Phase
[9.885s][info][gc,phases      ] GC(148) Compaction Phase 235.185ms
[9.885s][info][gc,phases,start] GC(148) Post Compact
[9.889s][info][gc,phases      ] GC(148) Post Compact 3.772ms
[9.890s][info][gc,heap        ] GC(148) PSYoungGen: 21184K(42496K)->0K(105472K) Eden: 0K(20992K)->0K(23552K) From: 21184K(21504K)->0K(81920K)
[9.890s][info][gc,heap        ] GC(148) ParOldGen: 1466053K(1490944K)->1453323K(1605632K)
[9.890s][info][gc,metaspace   ] GC(148) Metaspace: 6297K(6464K)->6297K(6464K) NonClass: 5763K(5824K)->5763K(5824K) Class: 533K(640K)->533K(640K)
[9.890s][info][gc             ] GC(148) Pause Full (Ergonomics) 1452M->1419M(1671M) 566.972ms
[9.890s][info][gc,cpu         ] GC(148) User=3.75s Sys=0.12s Real=0.57s
[9.914s][info][gc,start       ] GC(149) Pause Young (Allocation Failure)
[9.936s][info][gc,heap        ] GC(149) PSYoungGen: 23552K(105472K)->23712K(47616K) Eden: 23552K(23552K)->0K(23552K) From: 0K(81920K)->23712K(24064K)
[9.936s][info][gc,heap        ] GC(149) ParOldGen: 1453323K(1605632K)->1453323K(1605632K)
[9.936s][info][gc,metaspace   ] GC(149) Metaspace: 6297K(6464K)->6297K(6464K) NonClass: 5763K(5824K)->5763K(5824K) Class: 533K(640K)->533K(640K)
[9.936s][info][gc             ] GC(149) Pause Young (Allocation Failure) 1442M->1442M(1614M) 21.998ms
[9.936s][info][gc,cpu         ] GC(149) User=0.03s Sys=0.00s Real=0.02s
[9.957s][info][gc,start       ] GC(150) Pause Young (Allocation Failure)
[9.987s][info][gc,heap        ] GC(150) PSYoungGen: 47264K(47616K)->47264K(102912K) Eden: 23552K(23552K)->0K(24576K) From: 23712K(24064K)->47264K(78336K)
[9.987s][info][gc,heap        ] GC(150) ParOldGen: 1453323K(1605632K)->1453323K(1605632K)
[9.987s][info][gc,metaspace   ] GC(150) Metaspace: 6297K(6464K)->6297K(6464K) NonClass: 5763K(5824K)->5763K(5824K) Class: 533K(640K)->533K(640K)
[9.987s][info][gc             ] GC(150) Pause Young (Allocation Failure) 1465M->1465M(1668M) 29.208ms
[9.987s][info][gc,cpu         ] GC(150) User=0.03s Sys=0.00s Real=0.03s
[10.009s][info][gc,start       ] GC(151) Pause Young (Allocation Failure)
[10.046s][info][gc,heap        ] GC(151) PSYoungGen: 71840K(102912K)->71904K(103936K) Eden: 24576K(24576K)->0K(24576K) From: 47264K(78336K)->71904K(79360K)
[10.046s][info][gc,heap        ] GC(151) ParOldGen: 1453323K(1605632K)->1453323K(1605632K)
[10.046s][info][gc,metaspace   ] GC(151) Metaspace: 6297K(6464K)->6297K(6464K) NonClass: 5763K(5824K)->5763K(5824K) Class: 533K(640K)->533K(640K)
[10.046s][info][gc             ] GC(151) Pause Young (Allocation Failure) 1489M->1489M(1669M) 37.422ms
[10.046s][info][gc,cpu         ] GC(151) User=0.06s Sys=0.00s Real=0.04s
[10.071s][info][gc,start       ] GC(152) Pause Young (Allocation Failure)
[10.125s][info][gc,heap        ] GC(152) PSYoungGen: 96480K(103936K)->89088K(99328K) Eden: 24576K(24576K)->0K(10240K) From: 71904K(79360K)->89088K(89088K)
[10.125s][info][gc,heap        ] GC(152) ParOldGen: 1453323K(1605632K)->1460683K(1605632K)
[10.125s][info][gc,metaspace   ] GC(152) Metaspace: 6297K(6464K)->6297K(6464K) NonClass: 5763K(5824K)->5763K(5824K) Class: 533K(640K)->533K(640K)
[10.125s][info][gc             ] GC(152) Pause Young (Allocation Failure) 1513M->1513M(1665M) 54.411ms
[10.125s][info][gc,cpu         ] GC(152) User=0.20s Sys=0.16s Real=0.05s
[10.136s][info][gc,start       ] GC(153) Pause Young (Allocation Failure)
[10.185s][info][gc,heap        ] GC(153) PSYoungGen: 99328K(99328K)->79552K(116224K) Eden: 10240K(10240K)->0K(10240K) From: 89088K(89088K)->79552K(105984K)
[10.185s][info][gc,heap        ] GC(153) ParOldGen: 1460683K(1605632K)->1480883K(1605632K)
[10.185s][info][gc,metaspace   ] GC(153) Metaspace: 6297K(6464K)->6297K(6464K) NonClass: 5763K(5824K)->5763K(5824K) Class: 533K(640K)->533K(640K)
[10.185s][info][gc             ] GC(153) Pause Young (Allocation Failure) 1523M->1523M(1681M) 49.295ms
[10.185s][info][gc,cpu         ] GC(153) User=0.25s Sys=0.14s Real=0.05s
[10.197s][info][gc,start       ] GC(154) Pause Young (Allocation Failure)
[10.253s][info][gc,heap        ] GC(154) PSYoungGen: 89792K(116224K)->45120K(112128K) Eden: 10240K(10240K)->0K(11776K) From: 79552K(105984K)->45120K(100352K)
[10.253s][info][gc,heap        ] GC(154) ParOldGen: 1480883K(1605632K)->1526163K(1605632K)
[10.253s][info][gc,metaspace   ] GC(154) Metaspace: 6297K(6464K)->6297K(6464K) NonClass: 5763K(5824K)->5763K(5824K) Class: 533K(640K)->533K(640K)
[10.253s][info][gc             ] GC(154) Pause Young (Allocation Failure) 1533M->1534M(1677M) 56.050ms
[10.253s][info][gc,cpu         ] GC(154) User=0.23s Sys=0.09s Real=0.06s
[10.265s][info][gc,start       ] GC(155) Pause Young (Allocation Failure)
[10.305s][info][gc,heap        ] GC(155) PSYoungGen: 56896K(112128K)->22112K(118784K) Eden: 11776K(11776K)->0K(11776K) From: 45120K(100352K)->22112K(107008K)
[10.305s][info][gc,heap        ] GC(155) ParOldGen: 1526163K(1605632K)->1561435K(1605632K)
[10.305s][info][gc,metaspace   ] GC(155) Metaspace: 6297K(6464K)->6297K(6464K) NonClass: 5763K(5824K)->5763K(5824K) Class: 533K(640K)->533K(640K)
[10.305s][info][gc             ] GC(155) Pause Young (Allocation Failure) 1545M->1546M(1684M) 40.276ms
[10.305s][info][gc,cpu         ] GC(155) User=0.16s Sys=0.09s Real=0.04s
[10.305s][info][gc,start       ] GC(156) Pause Full (Ergonomics)
[10.305s][info][gc,phases,start] GC(156) Marking Phase
[10.677s][info][gc,phases      ] GC(156) Marking Phase 371.623ms
[10.677s][info][gc,phases,start] GC(156) Summary Phase
[10.677s][info][gc,phases      ] GC(156) Summary Phase 0.087ms
[10.677s][info][gc,phases,start] GC(156) Adjust Roots
[10.677s][info][gc,phases      ] GC(156) Adjust Roots 0.239ms
[10.677s][info][gc,phases,start] GC(156) Compaction Phase
[10.864s][info][gc,phases      ] GC(156) Compaction Phase 186.358ms
[10.864s][info][gc,phases,start] GC(156) Post Compact
[10.867s][info][gc,phases      ] GC(156) Post Compact 3.151ms
[10.868s][info][gc,heap        ] GC(156) PSYoungGen: 22112K(118784K)->0K(118784K) Eden: 0K(11776K)->0K(13824K) From: 22112K(107008K)->0K(104960K)
[10.868s][info][gc,heap        ] GC(156) ParOldGen: 1561435K(1605632K)->1581613K(1757184K)
[10.868s][info][gc,metaspace   ] GC(156) Metaspace: 6297K(6464K)->6297K(6464K) NonClass: 5763K(5824K)->5763K(5824K) Class: 533K(640K)->533K(640K)
[10.868s][info][gc             ] GC(156) Pause Full (Ergonomics) 1546M->1544M(1832M) 563.170ms
[10.868s][info][gc,cpu         ] GC(156) User=3.70s Sys=0.08s Real=0.56s
[10.883s][info][gc,start       ] GC(157) Pause Young (Allocation Failure)
[10.902s][info][gc,heap        ] GC(157) PSYoungGen: 13824K(118784K)->13952K(118784K) Eden: 13824K(13824K)->0K(13824K) From: 0K(104960K)->13952K(104960K)
[10.902s][info][gc,heap        ] GC(157) ParOldGen: 1581613K(1757184K)->1581613K(1757184K)
[10.902s][info][gc,metaspace   ] GC(157) Metaspace: 6297K(6464K)->6297K(6464K) NonClass: 5763K(5824K)->5763K(5824K) Class: 533K(640K)->533K(640K)
[10.902s][info][gc             ] GC(157) Pause Young (Allocation Failure) 1558M->1558M(1832M) 19.682ms
[10.902s][info][gc,cpu         ] GC(157) User=0.02s Sys=0.00s Real=0.02s
[10.916s][info][gc,start       ] GC(158) Pause Young (Allocation Failure)
[10.942s][info][gc,heap        ] GC(158) PSYoungGen: 27776K(118784K)->13952K(116736K) Eden: 13824K(13824K)->0K(15872K) From: 13952K(104960K)->13952K(100864K)
[10.942s][info][gc,heap        ] GC(158) ParOldGen: 1581613K(1757184K)->1595661K(1757184K)
[10.942s][info][gc,metaspace   ] GC(158) Metaspace: 6297K(6464K)->6297K(6464K) NonClass: 5763K(5824K)->5763K(5824K) Class: 533K(640K)->533K(640K)
[10.942s][info][gc             ] GC(158) Pause Young (Allocation Failure) 1571M->1571M(1830M) 25.998ms
[10.942s][info][gc,cpu         ] GC(158) User=0.12s Sys=0.02s Real=0.03s
[10.957s][info][gc,start       ] GC(159) Pause Young (Allocation Failure)
[10.984s][info][gc,heap        ] GC(159) PSYoungGen: 29824K(116736K)->16032K(32256K) Eden: 15872K(15872K)->0K(15872K) From: 13952K(100864K)->16032K(16384K)
[10.984s][info][gc,heap        ] GC(159) ParOldGen: 1595661K(1757184K)->1609717K(1757184K)
[10.984s][info][gc,metaspace   ] GC(159) Metaspace: 6297K(6464K)->6297K(6464K) NonClass: 5763K(5824K)->5763K(5824K) Class: 533K(640K)->533K(640K)
[10.984s][info][gc             ] GC(159) Pause Young (Allocation Failure) 1587M->1587M(1747M) 27.074ms
[10.984s][info][gc,cpu         ] GC(159) User=0.03s Sys=0.00s Real=0.03s
[11.000s][info][gc,start       ] GC(160) Pause Young (Allocation Failure)
[11.028s][info][gc,heap        ] GC(160) PSYoungGen: 31904K(32256K)->15968K(112640K) Eden: 15872K(15872K)->0K(18432K) From: 16032K(16384K)->15968K(94208K)
[11.028s][info][gc,heap        ] GC(160) ParOldGen: 1609717K(1757184K)->1625829K(1757184K)
[11.028s][info][gc,metaspace   ] GC(160) Metaspace: 6297K(6464K)->6297K(6464K) NonClass: 5763K(5824K)->5763K(5824K) Class: 533K(640K)->533K(640K)
[11.028s][info][gc             ] GC(160) Pause Young (Allocation Failure) 1603M->1603M(1826M) 28.076ms
[11.028s][info][gc,cpu         ] GC(160) User=0.05s Sys=0.00s Real=0.03s
[11.046s][info][gc,start       ] GC(161) Pause Young (Allocation Failure)
[11.074s][info][gc,heap        ] GC(161) PSYoungGen: 34400K(112640K)->18528K(37376K) Eden: 18432K(18432K)->0K(18432K) From: 15968K(94208K)->18528K(18944K)
[11.074s][info][gc,heap        ] GC(161) ParOldGen: 1625829K(1757184K)->1641957K(1757184K)
[11.074s][info][gc,metaspace   ] GC(161) Metaspace: 6297K(6464K)->6297K(6464K) NonClass: 5763K(5824K)->5763K(5824K) Class: 533K(640K)->533K(640K)
[11.074s][info][gc             ] GC(161) Pause Young (Allocation Failure) 1621M->1621M(1752M) 28.252ms
[11.074s][info][gc,cpu         ] GC(161) User=0.02s Sys=0.02s Real=0.03s
[11.093s][info][gc,start       ] GC(162) Pause Young (Allocation Failure)
[11.125s][info][gc,heap        ] GC(162) PSYoungGen: 36960K(37376K)->18624K(107008K) Eden: 18432K(18432K)->0K(20992K) From: 18528K(18944K)->18624K(86016K)
[11.125s][info][gc,heap        ] GC(162) ParOldGen: 1641957K(1757184K)->1660685K(1757184K)
[11.125s][info][gc,metaspace   ] GC(162) Metaspace: 6297K(6464K)->6297K(6464K) NonClass: 5763K(5824K)->5763K(5824K) Class: 533K(640K)->533K(640K)
[11.125s][info][gc             ] GC(162) Pause Young (Allocation Failure) 1639M->1639M(1820M) 31.729ms
[11.125s][info][gc,cpu         ] GC(162) User=0.11s Sys=0.02s Real=0.03s
[11.147s][info][gc,start       ] GC(163) Pause Young (Allocation Failure)
[11.177s][info][gc,heap        ] GC(163) PSYoungGen: 39616K(107008K)->21152K(42496K) Eden: 20992K(20992K)->0K(20992K) From: 18624K(86016K)->21152K(21504K)
[11.177s][info][gc,heap        ] GC(163) ParOldGen: 1660685K(1757184K)->1679405K(1757184K)
[11.177s][info][gc,metaspace   ] GC(163) Metaspace: 6297K(6464K)->6297K(6464K) NonClass: 5763K(5824K)->5763K(5824K) Class: 533K(640K)->533K(640K)
[11.177s][info][gc             ] GC(163) Pause Young (Allocation Failure) 1660M->1660M(1757M) 29.696ms
[11.177s][info][gc,cpu         ] GC(163) User=0.05s Sys=0.02s Real=0.03s
[11.199s][info][gc,start       ] GC(164) Pause Young (Allocation Failure)
[11.231s][info][gc,heap        ] GC(164) PSYoungGen: 42144K(42496K)->21152K(101888K) Eden: 20992K(20992K)->0K(24064K) From: 21152K(21504K)->21152K(77824K)
[11.231s][info][gc,heap        ] GC(164) ParOldGen: 1679405K(1757184K)->1700717K(1757184K)
[11.231s][info][gc,metaspace   ] GC(164) Metaspace: 6297K(6464K)->6297K(6464K) NonClass: 5763K(5824K)->5763K(5824K) Class: 533K(640K)->533K(640K)
[11.231s][info][gc             ] GC(164) Pause Young (Allocation Failure) 1681M->1681M(1815M) 32.735ms
[11.231s][info][gc,cpu         ] GC(164) User=0.02s Sys=0.06s Real=0.03s
[11.258s][info][gc,start       ] GC(165) Pause Young (Allocation Failure)
[11.291s][info][gc,heap        ] GC(165) PSYoungGen: 45216K(101888K)->24224K(48640K) Eden: 24064K(24064K)->0K(24064K) From: 21152K(77824K)->24224K(24576K)
[11.291s][info][gc,heap        ] GC(165) ParOldGen: 1700717K(1757184K)->1722037K(1757184K)
[11.291s][info][gc,metaspace   ] GC(165) Metaspace: 6297K(6464K)->6297K(6464K) NonClass: 5763K(5824K)->5763K(5824K) Class: 533K(640K)->533K(640K)
[11.291s][info][gc             ] GC(165) Pause Young (Allocation Failure) 1705M->1705M(1763M) 32.910ms
[11.291s][info][gc,cpu         ] GC(165) User=0.08s Sys=0.06s Real=0.03s
[11.317s][info][gc,start       ] GC(166) Pause Young (Allocation Failure)
[11.352s][info][gc,heap        ] GC(166) PSYoungGen: 48288K(48640K)->24224K(95744K) Eden: 24064K(24064K)->0K(27136K) From: 24224K(24576K)->24224K(68608K)
[11.352s][info][gc,heap        ] GC(166) ParOldGen: 1722037K(1757184K)->1746485K(1757184K)
[11.353s][info][gc,metaspace   ] GC(166) Metaspace: 6297K(6464K)->6297K(6464K) NonClass: 5763K(5824K)->5763K(5824K) Class: 533K(640K)->533K(640K)
[11.353s][info][gc             ] GC(166) Pause Young (Allocation Failure) 1728M->1729M(1809M) 35.325ms
[11.353s][info][gc,cpu         ] GC(166) User=0.14s Sys=0.02s Real=0.03s
[11.353s][info][gc,start       ] GC(167) Pause Full (Ergonomics)
[11.353s][info][gc,phases,start] GC(167) Marking Phase
[11.758s][info][gc,phases      ] GC(167) Marking Phase 405.768ms
[11.758s][info][gc,phases,start] GC(167) Summary Phase
[11.758s][info][gc,phases      ] GC(167) Summary Phase 0.039ms
[11.759s][info][gc,phases,start] GC(167) Adjust Roots
[11.759s][info][gc,phases      ] GC(167) Adjust Roots 0.345ms
[11.759s][info][gc,phases,start] GC(167) Compaction Phase
[12.249s][info][gc,phases      ] GC(167) Compaction Phase 489.890ms
[12.249s][info][gc,phases,start] GC(167) Post Compact
[12.252s][info][gc,phases      ] GC(167) Post Compact 3.336ms
[12.254s][info][gc,heap        ] GC(167) PSYoungGen: 24224K(95744K)->10749K(99328K) Eden: 0K(27136K)->0K(30720K) From: 24224K(68608K)->10749K(68608K)
[12.254s][info][gc,heap        ] GC(167) ParOldGen: 1746485K(1757184K)->1756932K(1934848K)
[12.254s][info][gc,metaspace   ] GC(167) Metaspace: 6297K(6464K)->6297K(6464K) NonClass: 5763K(5824K)->5763K(5824K) Class: 533K(640K)->533K(640K)
[12.254s][info][gc             ] GC(167) Pause Full (Ergonomics) 1729M->1726M(1986M) 901.396ms
[12.254s][info][gc,cpu         ] GC(167) User=6.09s Sys=0.03s Real=0.90s
[12.288s][info][gc,start       ] GC(168) Pause Young (Allocation Failure)
[12.388s][info][gc,heap        ] GC(168) PSYoungGen: 41469K(99328K)->30848K(103424K) Eden: 30720K(30720K)->0K(30720K) From: 10749K(68608K)->30848K(72704K)
[12.388s][info][gc,heap        ] GC(168) ParOldGen: 1756932K(1934848K)->1767892K(1934848K)
[12.388s][info][gc,metaspace   ] GC(168) Metaspace: 6297K(6464K)->6297K(6464K) NonClass: 5763K(5824K)->5763K(5824K) Class: 533K(640K)->533K(640K)
[12.388s][info][gc             ] GC(168) Pause Young (Allocation Failure) 1756M->1756M(1990M) 100.273ms
[12.388s][info][gc,cpu         ] GC(168) User=0.52s Sys=0.09s Real=0.10s
[12.421s][info][gc,start       ] GC(169) Pause Young (Allocation Failure)
[12.459s][info][gc,heap        ] GC(169) PSYoungGen: 61568K(103424K)->61600K(95232K) Eden: 30720K(30720K)->0K(25600K) From: 30848K(72704K)->61600K(69632K)
[12.459s][info][gc,heap        ] GC(169) ParOldGen: 1767892K(1934848K)->1767892K(1934848K)
[12.459s][info][gc,metaspace   ] GC(169) Metaspace: 6297K(6464K)->6297K(6464K) NonClass: 5763K(5824K)->5763K(5824K) Class: 533K(640K)->533K(640K)
[12.459s][info][gc             ] GC(169) Pause Young (Allocation Failure) 1786M->1786M(1982M) 38.347ms
[12.459s][info][gc,cpu         ] GC(169) User=0.16s Sys=0.00s Real=0.04s
[12.487s][info][gc,start       ] GC(170) Pause Young (Allocation Failure)
[12.535s][info][gc,heap        ] GC(170) PSYoungGen: 87200K(95232K)->77824K(103424K) Eden: 25600K(25600K)->0K(25600K) From: 61600K(69632K)->77824K(77824K)
[12.535s][info][gc,heap        ] GC(170) ParOldGen: 1767892K(1934848K)->1777364K(1934848K)
[12.535s][info][gc,metaspace   ] GC(170) Metaspace: 6297K(6464K)->6297K(6464K) NonClass: 5763K(5824K)->5763K(5824K) Class: 533K(640K)->533K(640K)
[12.535s][info][gc             ] GC(170) Pause Young (Allocation Failure) 1811M->1811M(1990M) 48.457ms
[12.535s][info][gc,cpu         ] GC(170) User=0.27s Sys=0.00s Real=0.05s
[12.565s][info][gc,start       ] GC(171) Pause Young (Allocation Failure)
[12.635s][info][gc,heap        ] GC(171) PSYoungGen: 103424K(103424K)->49056K(119296K) Eden: 25600K(25600K)->0K(28672K) From: 77824K(77824K)->49056K(90624K)
[12.635s][info][gc,heap        ] GC(171) ParOldGen: 1777364K(1934848K)->1832636K(1934848K)
[12.635s][info][gc,metaspace   ] GC(171) Metaspace: 6297K(6464K)->6297K(6464K) NonClass: 5763K(5824K)->5763K(5824K) Class: 533K(640K)->533K(640K)
[12.635s][info][gc             ] GC(171) Pause Young (Allocation Failure) 1836M->1837M(2006M) 70.143ms
[12.635s][info][gc,cpu         ] GC(171) User=0.34s Sys=0.16s Real=0.07s
[12.669s][info][gc,start       ] GC(172) Pause Young (Allocation Failure)
[12.717s][info][gc,heap        ] GC(172) PSYoungGen: 77728K(119296K)->54432K(120832K) Eden: 28672K(28672K)->0K(28672K) From: 49056K(90624K)->54432K(92160K)
[12.717s][info][gc,heap        ] GC(172) ParOldGen: 1832636K(1934848K)->1856260K(1934848K)
[12.717s][info][gc,metaspace   ] GC(172) Metaspace: 6297K(6464K)->6297K(6464K) NonClass: 5763K(5824K)->5763K(5824K) Class: 533K(640K)->533K(640K)
[12.717s][info][gc             ] GC(172) Pause Young (Allocation Failure) 1865M->1865M(2007M) 48.288ms
[12.718s][info][gc,cpu         ] GC(172) User=0.16s Sys=0.06s Real=0.05s
[12.750s][info][gc,start       ] GC(173) Pause Young (Allocation Failure)
[12.804s][info][gc,heap        ] GC(173) PSYoungGen: 83104K(120832K)->57536K(123392K) Eden: 28672K(28672K)->0K(30720K) From: 54432K(92160K)->57536K(92672K)
[12.804s][info][gc,heap        ] GC(173) ParOldGen: 1856260K(1934848K)->1882260K(1934848K)
[12.804s][info][gc,metaspace   ] GC(173) Metaspace: 6297K(6464K)->6297K(6464K) NonClass: 5763K(5824K)->5763K(5824K) Class: 533K(640K)->533K(640K)
[12.804s][info][gc             ] GC(173) Pause Young (Allocation Failure) 1893M->1894M(2010M) 54.500ms
[12.804s][info][gc,cpu         ] GC(173) User=0.22s Sys=0.14s Real=0.06s
[12.842s][info][gc,start       ] GC(174) Pause Young (Allocation Failure)
[12.897s][info][gc,heap        ] GC(174) PSYoungGen: 88256K(123392K)->59584K(124928K) Eden: 30720K(30720K)->0K(30720K) From: 57536K(92672K)->59584K(94208K)
[12.897s][info][gc,heap        ] GC(174) ParOldGen: 1882260K(1934848K)->1911372K(1934848K)
[12.897s][info][gc,metaspace   ] GC(174) Metaspace: 6297K(6464K)->6297K(6464K) NonClass: 5763K(5824K)->5763K(5824K) Class: 533K(640K)->533K(640K)
[12.897s][info][gc             ] GC(174) Pause Young (Allocation Failure) 1924M->1924M(2011M) 55.698ms
[12.897s][info][gc,cpu         ] GC(174) User=0.42s Sys=0.08s Real=0.06s
[12.897s][info][gc,start       ] GC(175) Pause Full (Ergonomics)
[12.897s][info][gc,phases,start] GC(175) Marking Phase
[13.352s][info][gc,phases      ] GC(175) Marking Phase 454.497ms
[13.352s][info][gc,phases,start] GC(175) Summary Phase
[13.352s][info][gc,phases      ] GC(175) Summary Phase 0.052ms
[13.352s][info][gc,phases,start] GC(175) Adjust Roots
[13.352s][info][gc,phases      ] GC(175) Adjust Roots 0.277ms
[13.352s][info][gc,phases,start] GC(175) Compaction Phase
[13.564s][info][gc,phases      ] GC(175) Compaction Phase 211.936ms
[13.564s][info][gc,phases,start] GC(175) Post Compact
[13.568s][info][gc,phases      ] GC(175) Post Compact 3.944ms
[13.569s][info][gc,heap        ] GC(175) PSYoungGen: 59584K(124928K)->33773K(124928K) Eden: 0K(30720K)->0K(30720K) From: 59584K(94208K)->33773K(94208K)
[13.569s][info][gc,heap        ] GC(175) ParOldGen: 1911372K(1934848K)->1934385K(2138112K)
[13.569s][info][gc,metaspace   ] GC(175) Metaspace: 6297K(6464K)->6297K(6464K) NonClass: 5763K(5824K)->5763K(5824K) Class: 533K(640K)->533K(640K)
[13.569s][info][gc             ] GC(175) Pause Full (Ergonomics) 1924M->1922M(2210M) 671.891ms
[13.569s][info][gc,cpu         ] GC(175) User=4.64s Sys=0.05s Real=0.67s
[13.605s][info][gc,start       ] GC(176) Pause Young (Allocation Failure)
[13.725s][info][gc,heap        ] GC(176) PSYoungGen: 64493K(124928K)->47168K(120832K) Eden: 30720K(30720K)->0K(33792K) From: 33773K(94208K)->47168K(87040K)
[13.725s][info][gc,heap        ] GC(176) ParOldGen: 1934385K(2138112K)->1952153K(2138112K)
[13.725s][info][gc,metaspace   ] GC(176) Metaspace: 6297K(6464K)->6297K(6464K) NonClass: 5763K(5824K)->5763K(5824K) Class: 533K(640K)->533K(640K)
[13.726s][info][gc             ] GC(176) Pause Young (Allocation Failure) 1952M->1952M(2206M) 120.456ms
[13.726s][info][gc,cpu         ] GC(176) User=0.88s Sys=0.02s Real=0.12s
[13.770s][info][gc,start       ] GC(177) Pause Young (Allocation Failure)
[13.816s][info][gc,heap        ] GC(177) PSYoungGen: 80960K(120832K)->81056K(125440K) Eden: 33792K(33792K)->0K(33792K) From: 47168K(87040K)->81056K(91648K)
[13.816s][info][gc,heap        ] GC(177) ParOldGen: 1952153K(2138112K)->1952153K(2138112K)
[13.816s][info][gc,metaspace   ] GC(177) Metaspace: 6297K(6464K)->6297K(6464K) NonClass: 5763K(5824K)->5763K(5824K) Class: 533K(640K)->533K(640K)
[13.816s][info][gc             ] GC(177) Pause Young (Allocation Failure) 1985M->1985M(2210M) 46.863ms
[13.816s][info][gc,cpu         ] GC(177) User=0.25s Sys=0.00s Real=0.05s
[13.852s][info][gc,start       ] GC(178) Pause Young (Allocation Failure)
[13.940s][info][gc,heap        ] GC(178) PSYoungGen: 114848K(125440K)->100352K(117760K) Eden: 33792K(33792K)->0K(17408K) From: 81056K(91648K)->100352K(100352K)
[13.940s][info][gc,heap        ] GC(178) ParOldGen: 1952153K(2138112K)->1966729K(2138112K)
[13.940s][info][gc,metaspace   ] GC(178) Metaspace: 6297K(6464K)->6297K(6464K) NonClass: 5763K(5824K)->5763K(5824K) Class: 533K(640K)->533K(640K)
[13.940s][info][gc             ] GC(178) Pause Young (Allocation Failure) 2018M->2018M(2203M) 87.975ms
[13.940s][info][gc,cpu         ] GC(178) User=0.39s Sys=0.22s Real=0.09s
[13.958s][info][gc,start       ] GC(179) Pause Young (Allocation Failure)
[14.033s][info][gc,heap        ] GC(179) PSYoungGen: 117760K(117760K)->77152K(137728K) Eden: 17408K(17408K)->0K(17408K) From: 100352K(100352K)->77152K(120320K)
[14.033s][info][gc,heap        ] GC(179) ParOldGen: 1966729K(2138112K)->2008009K(2138112K)
[14.033s][info][gc,metaspace   ] GC(179) Metaspace: 6297K(6464K)->6297K(6464K) NonClass: 5763K(5824K)->5763K(5824K) Class: 533K(640K)->533K(640K)
[14.033s][info][gc             ] GC(179) Pause Young (Allocation Failure) 2035M->2036M(2222M) 75.427ms
[14.033s][info][gc,cpu         ] GC(179) User=0.31s Sys=0.12s Real=0.07s
[14.052s][info][gc,start       ] GC(180) Pause Young (Allocation Failure)
[14.123s][info][gc,heap        ] GC(180) PSYoungGen: 94560K(137728K)->34976K(136704K) Eden: 17408K(17408K)->0K(19968K) From: 77152K(120320K)->34976K(116736K)
[14.123s][info][gc,heap        ] GC(180) ParOldGen: 2008009K(2138112K)->2068401K(2138112K)
[14.124s][info][gc,metaspace   ] GC(180) Metaspace: 6297K(6464K)->6297K(6464K) NonClass: 5763K(5824K)->5763K(5824K) Class: 533K(640K)->533K(640K)
[14.124s][info][gc             ] GC(180) Pause Young (Allocation Failure) 2053M->2054M(2221M) 71.747ms
[14.124s][info][gc,cpu         ] GC(180) User=0.14s Sys=0.33s Real=0.07s
[14.146s][info][gc,start       ] GC(181) Pause Young (Allocation Failure)
[14.190s][info][gc,heap        ] GC(181) PSYoungGen: 54944K(136704K)->20096K(139264K) Eden: 19968K(19968K)->0K(19968K) From: 34976K(116736K)->20096K(119296K)
[14.190s][info][gc,heap        ] GC(181) ParOldGen: 2068401K(2138112K)->2103729K(2138112K)
[14.190s][info][gc,metaspace   ] GC(181) Metaspace: 6297K(6464K)->6297K(6464K) NonClass: 5763K(5824K)->5763K(5824K) Class: 533K(640K)->533K(640K)
[14.191s][info][gc             ] GC(181) Pause Young (Allocation Failure) 2073M->2074M(2224M) 44.672ms
[14.191s][info][gc,cpu         ] GC(181) User=0.17s Sys=0.09s Real=0.04s
[14.191s][info][gc,start       ] GC(182) Pause Full (Ergonomics)
[14.191s][info][gc,phases,start] GC(182) Marking Phase
[14.687s][info][gc,phases      ] GC(182) Marking Phase 496.154ms
[14.687s][info][gc,phases,start] GC(182) Summary Phase
[14.687s][info][gc,phases      ] GC(182) Summary Phase 0.055ms
[14.687s][info][gc,phases,start] GC(182) Adjust Roots
[14.687s][info][gc,phases      ] GC(182) Adjust Roots 0.352ms
[14.687s][info][gc,phases,start] GC(182) Compaction Phase
[14.903s][info][gc,phases      ] GC(182) Compaction Phase 216.045ms
[14.903s][info][gc,phases,start] GC(182) Post Compact
[14.908s][info][gc,phases      ] GC(182) Post Compact 4.505ms
[14.910s][info][gc,heap        ] GC(182) PSYoungGen: 20096K(139264K)->0K(141824K) Eden: 0K(19968K)->0K(23040K) From: 20096K(119296K)->0K(118784K)
[14.910s][info][gc,heap        ] GC(182) ParOldGen: 2103729K(2138112K)->2121057K(2355712K)
[14.910s][info][gc,metaspace   ] GC(182) Metaspace: 6297K(6464K)->6297K(6464K) NonClass: 5763K(5824K)->5763K(5824K) Class: 533K(640K)->533K(640K)
[14.910s][info][gc             ] GC(182) Pause Full (Ergonomics) 2074M->2071M(2439M) 719.278ms
[14.910s][info][gc,cpu         ] GC(182) User=5.03s Sys=0.06s Real=0.72s
[14.934s][info][gc,start       ] GC(183) Pause Young (Allocation Failure)
[14.960s][info][gc,heap        ] GC(183) PSYoungGen: 23040K(141824K)->23168K(141824K) Eden: 23040K(23040K)->0K(23040K) From: 0K(118784K)->23168K(118784K)
[14.960s][info][gc,heap        ] GC(183) ParOldGen: 2121057K(2355712K)->2121057K(2355712K)
[14.960s][info][gc,metaspace   ] GC(183) Metaspace: 6297K(6464K)->6297K(6464K) NonClass: 5763K(5824K)->5763K(5824K) Class: 533K(640K)->533K(640K)
[14.960s][info][gc             ] GC(183) Pause Young (Allocation Failure) 2093M->2093M(2439M) 25.720ms
[14.960s][info][gc,cpu         ] GC(183) User=0.03s Sys=0.00s Real=0.02s
[14.986s][info][gc,start       ] GC(184) Pause Young (Allocation Failure)
[15.020s][info][gc,heap        ] GC(184) PSYoungGen: 46208K(141824K)->23136K(137216K) Eden: 23040K(23040K)->0K(25600K) From: 23168K(118784K)->23136K(111616K)
[15.020s][info][gc,heap        ] GC(184) ParOldGen: 2121057K(2355712K)->2144425K(2355712K)
[15.020s][info][gc,metaspace   ] GC(184) Metaspace: 6297K(6464K)->6297K(6464K) NonClass: 5763K(5824K)->5763K(5824K) Class: 533K(640K)->533K(640K)
[15.020s][info][gc             ] GC(184) Pause Young (Allocation Failure) 2116M->2116M(2434M) 34.288ms
[15.020s][info][gc,cpu         ] GC(184) User=0.06s Sys=0.08s Real=0.04s
[15.049s][info][gc,start       ] GC(185) Pause Young (Allocation Failure)
[15.085s][info][gc,heap        ] GC(185) PSYoungGen: 48736K(137216K)->25760K(51712K) Eden: 25600K(25600K)->0K(25600K) From: 23136K(111616K)->25760K(26112K)
[15.085s][info][gc,heap        ] GC(185) ParOldGen: 2144425K(2355712K)->2167801K(2355712K)
[15.085s][info][gc,metaspace   ] GC(185) Metaspace: 6297K(6464K)->6297K(6464K) NonClass: 5763K(5824K)->5763K(5824K) Class: 533K(640K)->533K(640K)
[15.085s][info][gc             ] GC(185) Pause Young (Allocation Failure) 2141M->2142M(2351M) 36.177ms
[15.085s][info][gc,cpu         ] GC(185) User=0.11s Sys=0.02s Real=0.04s
[15.117s][info][gc,start       ] GC(186) Pause Young (Allocation Failure)
[15.154s][info][gc,heap        ] GC(186) PSYoungGen: 51360K(51712K)->25728K(132096K) Eden: 25600K(25600K)->0K(28672K) From: 25760K(26112K)->25728K(103424K)
[15.154s][info][gc,heap        ] GC(186) ParOldGen: 2167801K(2355712K)->2193761K(2355712K)
[15.154s][info][gc,metaspace   ] GC(186) Metaspace: 6297K(6464K)->6297K(6464K) NonClass: 5763K(5824K)->5763K(5824K) Class: 533K(640K)->533K(640K)
[15.154s][info][gc             ] GC(186) Pause Young (Allocation Failure) 2167M->2167M(2429M) 37.415ms
[15.154s][info][gc,cpu         ] GC(186) User=0.14s Sys=0.09s Real=0.04s
[15.194s][info][gc,start       ] GC(187) Pause Young (Allocation Failure)
[15.235s][info][gc,heap        ] GC(187) PSYoungGen: 54400K(132096K)->28800K(57856K) Eden: 28672K(28672K)->0K(28672K) From: 25728K(103424K)->28800K(29184K)
[15.236s][info][gc,heap        ] GC(187) ParOldGen: 2193761K(2355712K)->2219729K(2355712K)
[15.236s][info][gc,metaspace   ] GC(187) Metaspace: 6297K(6464K)->6297K(6464K) NonClass: 5763K(5824K)->5763K(5824K) Class: 533K(640K)->533K(640K)
[15.236s][info][gc             ] GC(187) Pause Young (Allocation Failure) 2195M->2195M(2357M) 41.577ms
[15.236s][info][gc,cpu         ] GC(187) User=0.23s Sys=0.03s Real=0.04s
[15.269s][info][gc,start       ] GC(188) Pause Young (Allocation Failure)
[15.313s][info][gc,heap        ] GC(188) PSYoungGen: 57472K(57856K)->28864K(126976K) Eden: 28672K(28672K)->0K(32256K) From: 28800K(29184K)->28864K(94720K)
[15.313s][info][gc,heap        ] GC(188) ParOldGen: 2219729K(2355712K)->2248825K(2355712K)
[15.313s][info][gc,metaspace   ] GC(188) Metaspace: 6297K(6464K)->6297K(6464K) NonClass: 5763K(5824K)->5763K(5824K) Class: 533K(640K)->533K(640K)
[15.313s][info][gc             ] GC(188) Pause Young (Allocation Failure) 2223M->2224M(2424M) 44.049ms
[15.313s][info][gc,cpu         ] GC(188) User=0.19s Sys=0.08s Real=0.04s
[15.353s][info][gc,start       ] GC(189) Pause Young (Allocation Failure)
[15.394s][info][gc,heap        ] GC(189) PSYoungGen: 61120K(126976K)->32416K(65024K) Eden: 32256K(32256K)->0K(32256K) From: 28864K(94720K)->32416K(32768K)
[15.395s][info][gc,heap        ] GC(189) ParOldGen: 2248825K(2355712K)->2277801K(2355712K)
[15.395s][info][gc,metaspace   ] GC(189) Metaspace: 6297K(6464K)->6297K(6464K) NonClass: 5763K(5824K)->5763K(5824K) Class: 533K(640K)->533K(640K)
[15.395s][info][gc             ] GC(189) Pause Young (Allocation Failure) 2255M->2256M(2364M) 41.862ms
[15.395s][info][gc,cpu         ] GC(189) User=0.14s Sys=0.12s Real=0.04s
[15.431s][info][gc,start       ] GC(190) Pause Young (Allocation Failure)
[15.476s][info][gc,heap        ] GC(190) PSYoungGen: 64672K(65024K)->32448K(120832K) Eden: 32256K(32256K)->0K(35840K) From: 32416K(32768K)->32448K(84992K)
[15.476s][info][gc,heap        ] GC(190) ParOldGen: 2277801K(2355712K)->2310353K(2355712K)
[15.476s][info][gc,metaspace   ] GC(190) Metaspace: 6297K(6464K)->6297K(6464K) NonClass: 5763K(5824K)->5763K(5824K) Class: 533K(640K)->533K(640K)
[15.476s][info][gc             ] GC(190) Pause Young (Allocation Failure) 2287M->2287M(2418M) 45.088ms
[15.476s][info][gc,cpu         ] GC(190) User=0.12s Sys=0.12s Real=0.05s
[15.476s][info][gc,start       ] GC(191) Pause Full (Ergonomics)
[15.476s][info][gc,phases,start] GC(191) Marking Phase
[16.021s][info][gc,phases      ] GC(191) Marking Phase 545.138ms
[16.021s][info][gc,phases,start] GC(191) Summary Phase
[16.021s][info][gc,phases      ] GC(191) Summary Phase 0.060ms
[16.021s][info][gc,phases,start] GC(191) Adjust Roots
[16.021s][info][gc,phases      ] GC(191) Adjust Roots 0.212ms
[16.021s][info][gc,phases,start] GC(191) Compaction Phase
[16.247s][info][gc,phases      ] GC(191) Compaction Phase 225.280ms
[16.247s][info][gc,phases,start] GC(191) Post Compact
[16.251s][info][gc,phases      ] GC(191) Post Compact 4.017ms
[16.252s][info][gc,heap        ] GC(191) PSYoungGen: 32448K(120832K)->0K(125440K) Eden: 0K(35840K)->0K(35840K) From: 32448K(84992K)->0K(89600K)
[16.252s][info][gc,heap        ] GC(191) ParOldGen: 2310353K(2355712K)->2339932K(2582528K)
[16.252s][info][gc,metaspace   ] GC(191) Metaspace: 6297K(6464K)->6297K(6464K) NonClass: 5763K(5824K)->5763K(5824K) Class: 533K(640K)->533K(640K)
[16.252s][info][gc             ] GC(191) Pause Full (Ergonomics) 2287M->2285M(2644M) 775.985ms
[16.252s][info][gc,cpu         ] GC(191) User=5.38s Sys=0.06s Real=0.78s
[16.296s][info][gc,start       ] GC(192) Pause Young (Allocation Failure)
[16.325s][info][gc,heap        ] GC(192) PSYoungGen: 35840K(125440K)->36032K(118272K) Eden: 35840K(35840K)->0K(38912K) From: 0K(89600K)->36032K(79360K)
[16.325s][info][gc,heap        ] GC(192) ParOldGen: 2339932K(2582528K)->2339932K(2582528K)
[16.325s][info][gc,metaspace   ] GC(192) Metaspace: 6297K(6464K)->6297K(6464K) NonClass: 5763K(5824K)->5763K(5824K) Class: 533K(640K)->533K(640K)
[16.325s][info][gc             ] GC(192) Pause Young (Allocation Failure) 2320M->2320M(2637M) 29.204ms
[16.325s][info][gc,cpu         ] GC(192) User=0.05s Sys=0.00s Real=0.03s
[16.370s][info][gc,start       ] GC(193) Pause Young (Allocation Failure)
[16.413s][info][gc,heap        ] GC(193) PSYoungGen: 74944K(118272K)->75008K(123904K) Eden: 38912K(38912K)->0K(38912K) From: 36032K(79360K)->75008K(84992K)
[16.413s][info][gc,heap        ] GC(193) ParOldGen: 2339932K(2582528K)->2339932K(2582528K)
[16.413s][info][gc,metaspace   ] GC(193) Metaspace: 6297K(6464K)->6297K(6464K) NonClass: 5763K(5824K)->5763K(5824K) Class: 533K(640K)->533K(640K)
[16.413s][info][gc             ] GC(193) Pause Young (Allocation Failure) 2358M->2358M(2643M) 42.736ms
[16.413s][info][gc,cpu         ] GC(193) User=0.25s Sys=0.00s Real=0.04s
[16.461s][info][gc,start       ] GC(194) Pause Young (Allocation Failure)
[16.533s][info][gc,heap        ] GC(194) PSYoungGen: 113920K(123904K)->93696K(114688K) Eden: 38912K(38912K)->0K(20992K) From: 75008K(84992K)->93696K(93696K)
[16.533s][info][gc,heap        ] GC(194) ParOldGen: 2339932K(2582528K)->2360196K(2582528K)
[16.533s][info][gc,metaspace   ] GC(194) Metaspace: 6297K(6464K)->6297K(6464K) NonClass: 5763K(5824K)->5763K(5824K) Class: 533K(640K)->533K(640K)
[16.533s][info][gc             ] GC(194) Pause Young (Allocation Failure) 2396M->2396M(2634M) 72.678ms
[16.533s][info][gc,cpu         ] GC(194) User=0.30s Sys=0.19s Real=0.07s
[16.560s][info][gc,start       ] GC(195) Pause Young (Allocation Failure)
[16.639s][info][gc,heap        ] GC(195) PSYoungGen: 114688K(114688K)->52352K(73728K) Eden: 20992K(20992K)->0K(20992K) From: 93696K(93696K)->52352K(52736K)
[16.639s][info][gc,heap        ] GC(195) ParOldGen: 2360196K(2582528K)->2423164K(2582528K)
[16.639s][info][gc,metaspace   ] GC(195) Metaspace: 6297K(6464K)->6297K(6464K) NonClass: 5763K(5824K)->5763K(5824K) Class: 533K(640K)->533K(640K)
[16.639s][info][gc             ] GC(195) Pause Young (Allocation Failure) 2416M->2417M(2594M) 79.641ms
[16.639s][info][gc,cpu         ] GC(195) User=0.20s Sys=0.39s Real=0.08s
[16.664s][info][gc,start       ] GC(196) Pause Young (Allocation Failure)
[16.714s][info][gc,heap        ] GC(196) PSYoungGen: 73344K(73728K)->42176K(124416K) Eden: 20992K(20992K)->0K(24064K) From: 52352K(52736K)->42176K(100352K)
[16.714s][info][gc,heap        ] GC(196) ParOldGen: 2423164K(2582528K)->2454628K(2582528K)
[16.714s][info][gc,metaspace   ] GC(196) Metaspace: 6297K(6464K)->6297K(6464K) NonClass: 5763K(5824K)->5763K(5824K) Class: 533K(640K)->533K(640K)
[16.714s][info][gc             ] GC(196) Pause Young (Allocation Failure) 2437M->2438M(2643M) 49.517ms
[16.714s][info][gc,cpu         ] GC(196) User=0.09s Sys=0.16s Real=0.05s
[16.743s][info][gc,start       ] GC(197) Pause Young (Allocation Failure)
[16.787s][info][gc,heap        ] GC(197) PSYoungGen: 66240K(124416K)->45216K(69632K) Eden: 24064K(24064K)->0K(24064K) From: 42176K(100352K)->45216K(45568K)
[16.787s][info][gc,heap        ] GC(197) ParOldGen: 2454628K(2582528K)->2475804K(2582528K)
[16.787s][info][gc,metaspace   ] GC(197) Metaspace: 6297K(6464K)->6297K(6464K) NonClass: 5763K(5824K)->5763K(5824K) Class: 533K(640K)->533K(640K)
[16.787s][info][gc             ] GC(197) Pause Young (Allocation Failure) 2461M->2461M(2590M) 43.990ms
[16.787s][info][gc,cpu         ] GC(197) User=0.14s Sys=0.09s Real=0.04s
[16.815s][info][gc,start       ] GC(198) Pause Young (Allocation Failure)
[16.859s][info][gc,heap        ] GC(198) PSYoungGen: 69280K(69632K)->48288K(117248K) Eden: 24064K(24064K)->0K(27136K) From: 45216K(45568K)->48288K(90112K)
[16.859s][info][gc,heap        ] GC(198) ParOldGen: 2475804K(2582528K)->2496972K(2582528K)
[16.859s][info][gc,metaspace   ] GC(198) Metaspace: 6297K(6464K)->6297K(6464K) NonClass: 5763K(5824K)->5763K(5824K) Class: 533K(640K)->533K(640K)
[16.859s][info][gc             ] GC(198) Pause Young (Allocation Failure) 2485M->2485M(2636M) 44.341ms
[16.859s][info][gc,cpu         ] GC(198) User=0.25s Sys=0.02s Real=0.04s
[16.891s][info][gc,start       ] GC(199) Pause Young (Allocation Failure)
[16.938s][info][gc,heap        ] GC(199) PSYoungGen: 75424K(117248K)->51392K(122368K) Eden: 27136K(27136K)->0K(27136K) From: 48288K(90112K)->51392K(95232K)
[16.938s][info][gc,heap        ] GC(199) ParOldGen: 2496972K(2582528K)->2521260K(2582528K)
[16.938s][info][gc,metaspace   ] GC(199) Metaspace: 6297K(6464K)->6297K(6464K) NonClass: 5763K(5824K)->5763K(5824K) Class: 533K(640K)->533K(640K)
[16.939s][info][gc             ] GC(199) Pause Young (Allocation Failure) 2512M->2512M(2641M) 47.244ms
[16.939s][info][gc,cpu         ] GC(199) User=0.19s Sys=0.08s Real=0.05s
[16.973s][info][gc,start       ] GC(200) Pause Young (Allocation Failure)
[17.022s][info][gc,heap        ] GC(200) PSYoungGen: 78528K(122368K)->54432K(118272K) Eden: 27136K(27136K)->0K(30720K) From: 51392K(95232K)->54432K(87552K)
[17.022s][info][gc,heap        ] GC(200) ParOldGen: 2521260K(2582528K)->2545540K(2582528K)
[17.022s][info][gc,metaspace   ] GC(200) Metaspace: 6297K(6464K)->6297K(6464K) NonClass: 5763K(5824K)->5763K(5824K) Class: 533K(640K)->533K(640K)
[17.022s][info][gc             ] GC(200) Pause Young (Allocation Failure) 2538M->2539M(2637M) 49.367ms
[17.022s][info][gc,cpu         ] GC(200) User=0.22s Sys=0.06s Real=0.05s
[17.022s][info][gc,start       ] GC(201) Pause Full (Ergonomics)
[17.022s][info][gc,phases,start] GC(201) Marking Phase
[17.619s][info][gc,phases      ] GC(201) Marking Phase 596.656ms
[17.619s][info][gc,phases,start] GC(201) Summary Phase
[17.619s][info][gc,phases      ] GC(201) Summary Phase 0.102ms
[17.619s][info][gc,phases,start] GC(201) Adjust Roots
[17.619s][info][gc,phases      ] GC(201) Adjust Roots 0.263ms
[17.619s][info][gc,phases,start] GC(201) Compaction Phase
[17.861s][info][gc,phases      ] GC(201) Compaction Phase 241.599ms
[17.861s][info][gc,phases,start] GC(201) Post Compact
[17.866s][info][gc,phases      ] GC(201) Post Compact 4.631ms
[17.868s][info][gc,heap        ] GC(201) PSYoungGen: 54432K(118272K)->15374K(120320K) Eden: 0K(30720K)->0K(32768K) From: 54432K(87552K)->15374K(87552K)
[17.868s][info][gc,heap        ] GC(201) ParOldGen: 2545540K(2582528K)->2582325K(2844672K)
[17.868s][info][gc,metaspace   ] GC(201) Metaspace: 6297K(6464K)->6297K(6464K) NonClass: 5763K(5824K)->5763K(5824K) Class: 533K(640K)->533K(640K)
[17.868s][info][gc             ] GC(201) Pause Full (Ergonomics) 2539M->2536M(2895M) 845.667ms
[17.868s][info][gc,cpu         ] GC(201) User=6.33s Sys=0.09s Real=0.85s
[17.912s][info][gc,start       ] GC(202) Pause Young (Allocation Failure)
[18.057s][info][gc,heap        ] GC(202) PSYoungGen: 48142K(120320K)->39552K(122368K) Eden: 32768K(32768K)->0K(32768K) From: 15374K(87552K)->39552K(89600K)
[18.057s][info][gc,heap        ] GC(202) ParOldGen: 2582325K(2844672K)->2591173K(2844672K)
[18.057s][info][gc,metaspace   ] GC(202) Metaspace: 6297K(6464K)->6297K(6464K) NonClass: 5763K(5824K)->5763K(5824K) Class: 533K(640K)->533K(640K)
[18.057s][info][gc             ] GC(202) Pause Young (Allocation Failure) 2568M->2569M(2897M) 144.605ms
[18.057s][info][gc,cpu         ] GC(202) User=0.83s Sys=0.05s Real=0.14s
[18.100s][info][gc,start       ] GC(203) Pause Young (Allocation Failure)
[18.144s][info][gc,heap        ] GC(203) PSYoungGen: 72320K(122368K)->72384K(118272K) Eden: 32768K(32768K)->0K(31232K) From: 39552K(89600K)->72384K(87040K)
[18.144s][info][gc,heap        ] GC(203) ParOldGen: 2591173K(2844672K)->2591173K(2844672K)
[18.144s][info][gc,metaspace   ] GC(203) Metaspace: 6297K(6464K)->6297K(6464K) NonClass: 5763K(5824K)->5763K(5824K) Class: 533K(640K)->533K(640K)
[18.144s][info][gc             ] GC(203) Pause Young (Allocation Failure) 2601M->2601M(2893M) 44.836ms
[18.144s][info][gc,cpu         ] GC(203) User=0.25s Sys=0.00s Real=0.04s
[18.184s][info][gc,start       ] GC(204) Pause Young (Allocation Failure)
[18.246s][info][gc,heap        ] GC(204) PSYoungGen: 103616K(118272K)->92160K(123392K) Eden: 31232K(31232K)->0K(31232K) From: 72384K(87040K)->92160K(92160K)
[18.246s][info][gc,heap        ] GC(204) ParOldGen: 2591173K(2844672K)->2602629K(2844672K)
[18.246s][info][gc,metaspace   ] GC(204) Metaspace: 6297K(6464K)->6297K(6464K) NonClass: 5763K(5824K)->5763K(5824K) Class: 533K(640K)->533K(640K)
[18.246s][info][gc             ] GC(204) Pause Young (Allocation Failure) 2631M->2631M(2898M) 62.113ms
[18.246s][info][gc,cpu         ] GC(204) User=0.27s Sys=0.11s Real=0.06s
[18.283s][info][gc,start       ] GC(205) Pause Young (Allocation Failure)
[18.361s][info][gc,heap        ] GC(205) PSYoungGen: 123392K(123392K)->89344K(135168K) Eden: 31232K(31232K)->0K(27648K) From: 92160K(92160K)->89344K(107520K)
[18.362s][info][gc,heap        ] GC(205) ParOldGen: 2602629K(2844672K)->2637141K(2844672K)
[18.362s][info][gc,metaspace   ] GC(205) Metaspace: 6297K(6464K)->6297K(6464K) NonClass: 5763K(5824K)->5763K(5824K) Class: 533K(640K)->533K(640K)
[18.362s][info][gc             ] GC(205) Pause Young (Allocation Failure) 2662M->2662M(2910M) 78.330ms
[18.362s][info][gc,cpu         ] GC(205) User=0.34s Sys=0.12s Real=0.08s
[18.393s][info][gc,start       ] GC(206) Pause Young (Allocation Failure)
[18.466s][info][gc,heap        ] GC(206) PSYoungGen: 116992K(135168K)->87616K(142336K) Eden: 27648K(27648K)->0K(27648K) From: 89344K(107520K)->87616K(114688K)
[18.467s][info][gc,heap        ] GC(206) ParOldGen: 2637141K(2844672K)->2666741K(2844672K)
[18.467s][info][gc,metaspace   ] GC(206) Metaspace: 6297K(6464K)->6297K(6464K) NonClass: 5763K(5824K)->5763K(5824K) Class: 533K(640K)->533K(640K)
[18.467s][info][gc             ] GC(206) Pause Young (Allocation Failure) 2689M->2689M(2917M) 73.426ms
[18.467s][info][gc,cpu         ] GC(206) User=0.47s Sys=0.03s Real=0.07s
[18.498s][info][gc,start       ] GC(207) Pause Young (Allocation Failure)
[18.570s][info][gc,heap        ] GC(207) PSYoungGen: 115264K(142336K)->86784K(147456K) Eden: 27648K(27648K)->0K(27648K) From: 87616K(114688K)->86784K(119808K)
[18.570s][info][gc,heap        ] GC(207) ParOldGen: 2666741K(2844672K)->2695525K(2844672K)
[18.570s][info][gc,metaspace   ] GC(207) Metaspace: 6297K(6464K)->6297K(6464K) NonClass: 5763K(5824K)->5763K(5824K) Class: 533K(640K)->533K(640K)
[18.570s][info][gc             ] GC(207) Pause Young (Allocation Failure) 2716M->2717M(2922M) 71.985ms
[18.570s][info][gc,cpu         ] GC(207) User=0.31s Sys=0.17s Real=0.07s
[18.602s][info][gc,start       ] GC(208) Pause Young (Allocation Failure)
[18.686s][info][gc,heap        ] GC(208) PSYoungGen: 114432K(147456K)->55488K(83456K) Eden: 27648K(27648K)->0K(27648K) From: 86784K(119808K)->55488K(55808K)
[18.686s][info][gc,heap        ] GC(208) ParOldGen: 2695525K(2844672K)->2754901K(2844672K)
[18.686s][info][gc,metaspace   ] GC(208) Metaspace: 6297K(6464K)->6297K(6464K) NonClass: 5763K(5824K)->5763K(5824K) Class: 533K(640K)->533K(640K)
[18.686s][info][gc             ] GC(208) Pause Young (Allocation Failure) 2744M->2744M(2859M) 84.467ms
[18.686s][info][gc,cpu         ] GC(208) User=0.30s Sys=0.20s Real=0.08s
[18.720s][info][gc,start       ] GC(209) Pause Young (Allocation Failure)
[18.786s][info][gc,heap        ] GC(209) PSYoungGen: 83136K(83456K)->27776K(150016K) Eden: 27648K(27648K)->0K(31232K) From: 55488K(55808K)->27776K(118784K)
[18.786s][info][gc,heap        ] GC(209) ParOldGen: 2754901K(2844672K)->2810661K(2844672K)
[18.786s][info][gc,metaspace   ] GC(209) Metaspace: 6297K(6464K)->6297K(6464K) NonClass: 5763K(5824K)->5763K(5824K) Class: 533K(640K)->533K(640K)
[18.786s][info][gc             ] GC(209) Pause Young (Allocation Failure) 2771M->2771M(2924M) 66.074ms
[18.786s][info][gc,cpu         ] GC(209) User=0.23s Sys=0.14s Real=0.07s
[18.786s][info][gc,start       ] GC(210) Pause Full (Ergonomics)
[18.786s][info][gc,phases,start] GC(210) Marking Phase
[19.445s][info][gc,phases      ] GC(210) Marking Phase 658.962ms
[19.445s][info][gc,phases,start] GC(210) Summary Phase
[19.445s][info][gc,phases      ] GC(210) Summary Phase 0.064ms
[19.445s][info][gc,phases,start] GC(210) Adjust Roots
[19.446s][info][gc,phases      ] GC(210) Adjust Roots 0.266ms
[19.446s][info][gc,phases,start] GC(210) Compaction Phase
[19.705s][info][gc,phases      ] GC(210) Compaction Phase 259.338ms
[19.705s][info][gc,phases,start] GC(210) Post Compact
[19.710s][info][gc,phases      ] GC(210) Post Compact 4.943ms
[19.712s][info][gc,heap        ] GC(210) PSYoungGen: 27776K(150016K)->0K(150528K) Eden: 0K(31232K)->0K(31232K) From: 27776K(118784K)->0K(119296K)
[19.712s][info][gc,heap        ] GC(210) ParOldGen: 2810661K(2844672K)->2836032K(3142144K)
[19.712s][info][gc,metaspace   ] GC(210) Metaspace: 6297K(6464K)->6297K(6464K) NonClass: 5763K(5824K)->5763K(5824K) Class: 533K(640K)->533K(640K)
[19.712s][info][gc             ] GC(210) Pause Full (Ergonomics) 2771M->2769M(3215M) 925.862ms
[19.712s][info][gc,cpu         ] GC(210) User=7.00s Sys=0.02s Real=0.93s
[20.368s][info][gc,start       ] GC(211) Pause Young (Allocation Failure)
[20.465s][info][gc,heap        ] GC(211) PSYoungGen: 31232K(150528K)->31360K(151040K) Eden: 31232K(31232K)->0K(34816K) From: 0K(119296K)->31360K(116224K)
[20.466s][info][gc,heap        ] GC(211) ParOldGen: 2967104K(3142144K)->2967104K(3142144K)
[20.466s][info][gc,metaspace   ] GC(211) Metaspace: 6297K(6464K)->6297K(6464K) NonClass: 5763K(5824K)->5763K(5824K) Class: 533K(640K)->533K(640K)
[20.466s][info][gc             ] GC(211) Pause Young (Allocation Failure) 2928M->2928M(3216M) 97.719ms
[20.466s][info][gc,cpu         ] GC(211) User=0.52s Sys=0.00s Real=0.10s
[20.502s][info][gc,start       ] GC(212) Pause Young (Allocation Failure)
[20.565s][info][gc,heap        ] GC(212) PSYoungGen: 66176K(151040K)->34944K(153088K) Eden: 34816K(34816K)->0K(34816K) From: 31360K(116224K)->34944K(118272K)
[20.565s][info][gc,heap        ] GC(212) ParOldGen: 2967104K(3142144K)->2998632K(3142144K)
[20.565s][info][gc,metaspace   ] GC(212) Metaspace: 6297K(6464K)->6297K(6464K) NonClass: 5763K(5824K)->5763K(5824K) Class: 533K(640K)->533K(640K)
[20.565s][info][gc             ] GC(212) Pause Young (Allocation Failure) 2962M->2962M(3218M) 62.155ms
[20.565s][info][gc,cpu         ] GC(212) User=0.14s Sys=0.12s Real=0.06s
[20.602s][info][gc,start       ] GC(213) Pause Young (Allocation Failure)
[20.664s][info][gc,heap        ] GC(213) PSYoungGen: 69760K(153088K)->35008K(150016K) Eden: 34816K(34816K)->0K(38912K) From: 34944K(118272K)->35008K(111104K)
[20.664s][info][gc,heap        ] GC(213) ParOldGen: 2998632K(3142144K)->3033752K(3142144K)
[20.664s][info][gc,metaspace   ] GC(213) Metaspace: 6297K(6464K)->6297K(6464K) NonClass: 5763K(5824K)->5763K(5824K) Class: 533K(640K)->533K(640K)
[20.664s][info][gc             ] GC(213) Pause Young (Allocation Failure) 2996M->2996M(3215M) 62.061ms
[20.664s][info][gc,cpu         ] GC(213) User=0.14s Sys=0.16s Real=0.06s
[20.701s][info][gc,start       ] GC(214) Pause Young (Allocation Failure)
[20.769s][info][gc,heap        ] GC(214) PSYoungGen: 73920K(150016K)->39104K(152576K) Eden: 38912K(38912K)->0K(38912K) From: 35008K(111104K)->39104K(113664K)
[20.770s][info][gc,heap        ] GC(214) ParOldGen: 3033752K(3142144K)->3068888K(3142144K)
[20.770s][info][gc,metaspace   ] GC(214) Metaspace: 6297K(6464K)->6297K(6464K) NonClass: 5763K(5824K)->5763K(5824K) Class: 533K(640K)->533K(640K)
[20.770s][info][gc             ] GC(214) Pause Young (Allocation Failure) 3034M->3035M(3217M) 68.243ms
[20.770s][info][gc,cpu         ] GC(214) User=0.22s Sys=0.06s Real=0.07s
[20.808s][info][gc,start       ] GC(215) Pause Young (Allocation Failure)
[20.871s][info][gc,heap        ] GC(215) PSYoungGen: 78016K(152576K)->39136K(146432K) Eden: 38912K(38912K)->0K(44032K) From: 39104K(113664K)->39136K(102400K)
[20.871s][info][gc,heap        ] GC(215) ParOldGen: 3068888K(3142144K)->3108152K(3142144K)
[20.871s][info][gc,metaspace   ] GC(215) Metaspace: 6297K(6464K)->6297K(6464K) NonClass: 5763K(5824K)->5763K(5824K) Class: 533K(640K)->533K(640K)
[20.871s][info][gc             ] GC(215) Pause Young (Allocation Failure) 3073M->3073M(3211M) 62.973ms
[20.871s][info][gc,cpu         ] GC(215) User=0.19s Sys=0.09s Real=0.06s
[20.871s][info][gc,start       ] GC(216) Pause Full (Ergonomics)
[20.871s][info][gc,phases,start] GC(216) Marking Phase
[21.589s][info][gc,phases      ] GC(216) Marking Phase 717.923ms
[21.589s][info][gc,phases,start] GC(216) Summary Phase
[21.589s][info][gc,phases      ] GC(216) Summary Phase 0.099ms
[21.589s][info][gc,phases,start] GC(216) Adjust Roots
[21.590s][info][gc,phases      ] GC(216) Adjust Roots 0.301ms
[21.590s][info][gc,phases,start] GC(216) Compaction Phase
[22.082s][info][gc,phases      ] GC(216) Compaction Phase 492.335ms
[22.082s][info][gc,phases,start] GC(216) Post Compact
[22.090s][info][gc,phases      ] GC(216) Post Compact 7.423ms
[22.092s][info][gc,heap        ] GC(216) PSYoungGen: 39136K(146432K)->0K(150016K) Eden: 0K(44032K)->0K(44032K) From: 39136K(102400K)->0K(105984K)
[22.092s][info][gc,heap        ] GC(216) ParOldGen: 3108152K(3142144K)->3080094K(3407360K)
[22.092s][info][gc,metaspace   ] GC(216) Metaspace: 6297K(6464K)->6297K(6464K) NonClass: 5763K(5824K)->5763K(5824K) Class: 533K(640K)->533K(640K)
[22.092s][info][gc             ] GC(216) Pause Full (Ergonomics) 3073M->3007M(3474M) 1220.367ms
[22.092s][info][gc,cpu         ] GC(216) User=8.23s Sys=0.06s Real=1.22s
[22.133s][info][gc,start       ] GC(217) Pause Young (Allocation Failure)
[22.176s][info][gc,heap        ] GC(217) PSYoungGen: 44032K(150016K)->44224K(144384K) Eden: 44032K(44032K)->0K(48640K) From: 0K(105984K)->44224K(95744K)
[22.176s][info][gc,heap        ] GC(217) ParOldGen: 3080094K(3407360K)->3080094K(3407360K)
[22.176s][info][gc,metaspace   ] GC(217) Metaspace: 6297K(6464K)->6297K(6464K) NonClass: 5763K(5824K)->5763K(5824K) Class: 533K(640K)->533K(640K)
[22.176s][info][gc             ] GC(217) Pause Young (Allocation Failure) 3050M->3051M(3468M) 42.721ms
[22.176s][info][gc,cpu         ] GC(217) User=0.05s Sys=0.00s Real=0.04s
[22.225s][info][gc,start       ] GC(218) Pause Young (Allocation Failure)
[22.285s][info][gc,heap        ] GC(218) PSYoungGen: 92864K(144384K)->92896K(150016K) Eden: 48640K(48640K)->0K(48640K) From: 44224K(95744K)->92896K(101376K)
[22.285s][info][gc,heap        ] GC(218) ParOldGen: 3080094K(3407360K)->3080094K(3407360K)
[22.285s][info][gc,metaspace   ] GC(218) Metaspace: 6297K(6464K)->6297K(6464K) NonClass: 5763K(5824K)->5763K(5824K) Class: 533K(640K)->533K(640K)
[22.285s][info][gc             ] GC(218) Pause Young (Allocation Failure) 3098M->3098M(3474M) 59.510ms
[22.285s][info][gc,cpu         ] GC(218) User=0.17s Sys=0.00s Real=0.06s
[22.339s][info][gc,start       ] GC(219) Pause Young (Allocation Failure)
[22.427s][info][gc,heap        ] GC(219) PSYoungGen: 141536K(150016K)->112640K(139264K) Eden: 48640K(48640K)->0K(26624K) From: 92896K(101376K)->112640K(112640K)
[22.427s][info][gc,heap        ] GC(219) ParOldGen: 3080094K(3407360K)->3109190K(3407360K)
[22.427s][info][gc,metaspace   ] GC(219) Metaspace: 6297K(6464K)->6297K(6464K) NonClass: 5763K(5824K)->5763K(5824K) Class: 533K(640K)->533K(640K)
[22.427s][info][gc             ] GC(219) Pause Young (Allocation Failure) 3146M->3146M(3463M) 88.474ms
[22.427s][info][gc,cpu         ] GC(219) User=0.39s Sys=0.12s Real=0.09s
[22.454s][info][gc,start       ] GC(220) Pause Young (Allocation Failure)
[22.553s][info][gc,heap        ] GC(220) PSYoungGen: 139264K(139264K)->56960K(83968K) Eden: 26624K(26624K)->0K(26624K) From: 112640K(112640K)->56960K(57344K)
[22.553s][info][gc,heap        ] GC(220) ParOldGen: 3109190K(3407360K)->3192270K(3407360K)
[22.553s][info][gc,metaspace   ] GC(220) Metaspace: 6297K(6464K)->6297K(6464K) NonClass: 5763K(5824K)->5763K(5824K) Class: 533K(640K)->533K(640K)
[22.553s][info][gc             ] GC(220) Pause Young (Allocation Failure) 3172M->3173M(3409M) 98.941ms
[22.553s][info][gc,cpu         ] GC(220) User=0.45s Sys=0.30s Real=0.10s
[22.581s][info][gc,start       ] GC(221) Pause Young (Allocation Failure)
[22.644s][info][gc,heap        ] GC(221) PSYoungGen: 83584K(83968K)->53408K(151552K) Eden: 26624K(26624K)->0K(30208K) From: 56960K(57344K)->53408K(121344K)
[22.644s][info][gc,heap        ] GC(221) ParOldGen: 3192270K(3407360K)->3222686K(3407360K)
[22.644s][info][gc,metaspace   ] GC(221) Metaspace: 6297K(6464K)->6297K(6464K) NonClass: 5763K(5824K)->5763K(5824K) Class: 533K(640K)->533K(640K)
[22.644s][info][gc             ] GC(221) Pause Young (Allocation Failure) 3199M->3199M(3475M) 63.775ms
[22.644s][info][gc,cpu         ] GC(221) User=0.14s Sys=0.12s Real=0.07s
[22.676s][info][gc,start       ] GC(222) Pause Young (Allocation Failure)
[22.740s][info][gc,heap        ] GC(222) PSYoungGen: 83616K(151552K)->30400K(157184K) Eden: 30208K(30208K)->0K(30208K) From: 53408K(121344K)->30400K(126976K)
[22.741s][info][gc,heap        ] GC(222) ParOldGen: 3222686K(3407360K)->3276382K(3407360K)
[22.741s][info][gc,metaspace   ] GC(222) Metaspace: 6297K(6464K)->6297K(6464K) NonClass: 5763K(5824K)->5763K(5824K) Class: 533K(640K)->533K(640K)
[22.741s][info][gc             ] GC(222) Pause Young (Allocation Failure) 3228M->3229M(3481M) 64.915ms
[22.741s][info][gc,cpu         ] GC(222) User=0.22s Sys=0.14s Real=0.07s
[22.773s][info][gc,start       ] GC(223) Pause Young (Allocation Failure)
[22.835s][info][gc,heap        ] GC(223) PSYoungGen: 60608K(157184K)->30304K(156672K) Eden: 30208K(30208K)->0K(34304K) From: 30400K(126976K)->30304K(122368K)
[22.835s][info][gc,heap        ] GC(223) ParOldGen: 3276382K(3407360K)->3306862K(3407360K)
[22.835s][info][gc,metaspace   ] GC(223) Metaspace: 6297K(6464K)->6297K(6464K) NonClass: 5763K(5824K)->5763K(5824K) Class: 533K(640K)->533K(640K)
[22.835s][info][gc             ] GC(223) Pause Young (Allocation Failure) 3258M->3258M(3480M) 62.328ms
[22.836s][info][gc,cpu         ] GC(223) User=0.17s Sys=0.11s Real=0.06s
[22.873s][info][gc,start       ] GC(224) Pause Young (Allocation Failure)
[22.933s][info][gc,heap        ] GC(224) PSYoungGen: 64608K(156672K)->34432K(158208K) Eden: 34304K(34304K)->0K(34304K) From: 30304K(122368K)->34432K(123904K)
[22.933s][info][gc,heap        ] GC(224) ParOldGen: 3306862K(3407360K)->3337342K(3407360K)
[22.933s][info][gc,metaspace   ] GC(224) Metaspace: 6297K(6464K)->6297K(6464K) NonClass: 5763K(5824K)->5763K(5824K) Class: 533K(640K)->533K(640K)
[22.933s][info][gc             ] GC(224) Pause Young (Allocation Failure) 3292M->3292M(3482M) 59.939ms
[22.933s][info][gc,cpu         ] GC(224) User=0.25s Sys=0.03s Real=0.06s
[22.973s][info][gc,start       ] GC(225) Pause Young (Allocation Failure)
[23.045s][info][gc,heap        ] GC(225) PSYoungGen: 68736K(158208K)->34464K(153088K) Eden: 34304K(34304K)->0K(38912K) From: 34432K(123904K)->34464K(114176K)
[23.045s][info][gc,heap        ] GC(225) ParOldGen: 3337342K(3407360K)->3371950K(3407360K)
[23.046s][info][gc,metaspace   ] GC(225) Metaspace: 6297K(6464K)->6297K(6464K) NonClass: 5763K(5824K)->5763K(5824K) Class: 533K(640K)->533K(640K)
[23.046s][info][gc             ] GC(225) Pause Young (Allocation Failure) 3326M->3326M(3477M) 72.897ms
[23.046s][info][gc,cpu         ] GC(225) User=0.12s Sys=0.09s Real=0.07s
[23.046s][info][gc,start       ] GC(226) Pause Full (Ergonomics)
[23.046s][info][gc,phases,start] GC(226) Marking Phase
[23.825s][info][gc,phases      ] GC(226) Marking Phase 779.423ms
[23.825s][info][gc,phases,start] GC(226) Summary Phase
[23.825s][info][gc,phases      ] GC(226) Summary Phase 0.095ms
[23.825s][info][gc,phases,start] GC(226) Adjust Roots
[23.826s][info][gc,phases      ] GC(226) Adjust Roots 0.276ms
[23.826s][info][gc,phases,start] GC(226) Compaction Phase
[24.195s][info][gc,phases      ] GC(226) Compaction Phase 369.531ms
[24.195s][info][gc,phases,start] GC(226) Post Compact
[24.202s][info][gc,phases      ] GC(226) Post Compact 6.679ms
[24.202s][info][gc,heap        ] GC(226) PSYoungGen: 34464K(153088K)->0K(156160K) Eden: 0K(38912K)->0K(38912K) From: 34464K(114176K)->0K(117248K)
[24.202s][info][gc,heap        ] GC(226) ParOldGen: 3371950K(3407360K)->3403390K(3481600K)
[24.202s][info][gc,metaspace   ] GC(226) Metaspace: 6297K(6464K)->6297K(6464K) NonClass: 5763K(5824K)->5763K(5824K) Class: 533K(640K)->533K(640K)
[24.202s][info][gc             ] GC(226) Pause Full (Ergonomics) 3326M->3323M(3552M) 1156.722ms
[24.202s][info][gc,cpu         ] GC(226) User=7.97s Sys=0.08s Real=1.16s
[24.242s][info][gc,start       ] GC(227) Pause Young (Allocation Failure)
[24.288s][info][gc,heap        ] GC(227) PSYoungGen: 38912K(156160K)->39136K(149504K) Eden: 38912K(38912K)->0K(43008K) From: 0K(117248K)->39136K(106496K)
[24.288s][info][gc,heap        ] GC(227) ParOldGen: 3403390K(3481600K)->3403390K(3481600K)
[24.288s][info][gc,metaspace   ] GC(227) Metaspace: 6297K(6464K)->6297K(6464K) NonClass: 5763K(5824K)->5763K(5824K) Class: 533K(640K)->533K(640K)
[24.288s][info][gc             ] GC(227) Pause Young (Allocation Failure) 3361M->3361M(3546M) 45.561ms
[24.288s][info][gc,cpu         ] GC(227) User=0.06s Sys=0.00s Real=0.05s
[24.330s][info][gc,start       ] GC(228) Pause Young (Allocation Failure)
[24.385s][info][gc,heap        ] GC(228) PSYoungGen: 82144K(149504K)->82112K(155648K) Eden: 43008K(43008K)->0K(43008K) From: 39136K(106496K)->82112K(112640K)
[24.385s][info][gc,heap        ] GC(228) ParOldGen: 3403390K(3481600K)->3403390K(3481600K)
[24.385s][info][gc,metaspace   ] GC(228) Metaspace: 6297K(6464K)->6297K(6464K) NonClass: 5763K(5824K)->5763K(5824K) Class: 533K(640K)->533K(640K)
[24.385s][info][gc             ] GC(228) Pause Young (Allocation Failure) 3403M->3403M(3552M) 55.376ms
[24.385s][info][gc,cpu         ] GC(228) User=0.19s Sys=0.00s Real=0.05s
[24.425s][info][gc,start       ] GC(229) Pause Young (Allocation Failure)
[24.508s][info][gc,heap        ] GC(229) PSYoungGen: 125120K(155648K)->86240K(160256K) Eden: 43008K(43008K)->0K(41984K) From: 82112K(112640K)->86240K(118272K)
[24.508s][info][gc,heap        ] GC(229) ParOldGen: 3403390K(3481600K)->3442654K(3481600K)
[24.508s][info][gc,metaspace   ] GC(229) Metaspace: 6297K(6464K)->6297K(6464K) NonClass: 5763K(5824K)->5763K(5824K) Class: 533K(640K)->533K(640K)
[24.508s][info][gc             ] GC(229) Pause Young (Allocation Failure) 3445M->3446M(3556M) 83.042ms
[24.508s][info][gc,cpu         ] GC(229) User=0.39s Sys=0.22s Real=0.08s
[24.508s][info][gc,start       ] GC(230) Pause Full (Ergonomics)
[24.508s][info][gc,phases,start] GC(230) Marking Phase
[25.321s][info][gc,phases      ] GC(230) Marking Phase 812.654ms
[25.321s][info][gc,phases,start] GC(230) Summary Phase
[25.321s][info][gc,phases      ] GC(230) Summary Phase 0.106ms
[25.321s][info][gc,phases,start] GC(230) Adjust Roots
[25.321s][info][gc,phases      ] GC(230) Adjust Roots 0.386ms
[25.321s][info][gc,phases,start] GC(230) Compaction Phase
[26.051s][info][gc,phases      ] GC(230) Compaction Phase 729.324ms
[26.051s][info][gc,phases,start] GC(230) Post Compact
[26.058s][info][gc,phases      ] GC(230) Post Compact 7.021ms
[26.058s][info][gc,heap        ] GC(230) PSYoungGen: 86240K(160256K)->47113K(160256K) Eden: 0K(41984K)->0K(41984K) From: 86240K(118272K)->47113K(118272K)
[26.058s][info][gc,heap        ] GC(230) ParOldGen: 3442654K(3481600K)->3481105K(3481600K)
[26.058s][info][gc,metaspace   ] GC(230) Metaspace: 6297K(6464K)->6297K(6464K) NonClass: 5763K(5824K)->5763K(5824K) Class: 533K(640K)->533K(640K)
[26.058s][info][gc             ] GC(230) Pause Full (Ergonomics) 3446M->3445M(3556M) 1550.061ms
[26.058s][info][gc,cpu         ] GC(230) User=10.36s Sys=0.05s Real=1.55s
[26.099s][info][gc,start       ] GC(231) Pause Full (Ergonomics)
[26.099s][info][gc,phases,start] GC(231) Marking Phase
[26.938s][info][gc,phases      ] GC(231) Marking Phase 839.561ms
[26.938s][info][gc,phases,start] GC(231) Summary Phase
[26.938s][info][gc,phases      ] GC(231) Summary Phase 0.063ms
[26.938s][info][gc,phases,start] GC(231) Adjust Roots
[26.939s][info][gc,phases      ] GC(231) Adjust Roots 0.324ms
[26.939s][info][gc,phases,start] GC(231) Compaction Phase
[27.237s][info][gc,phases      ] GC(231) Compaction Phase 298.002ms
[27.237s][info][gc,phases,start] GC(231) Post Compact
[27.244s][info][gc,phases      ] GC(231) Post Compact 6.963ms
[27.244s][info][gc,heap        ] GC(231) PSYoungGen: 89097K(160256K)->89065K(160256K) Eden: 41984K(41984K)->41951K(41984K) From: 47113K(118272K)->47113K(118272K)
[27.244s][info][gc,heap        ] GC(231) ParOldGen: 3481105K(3481600K)->3481105K(3481600K)
[27.244s][info][gc,metaspace   ] GC(231) Metaspace: 6297K(6464K)->6297K(6464K) NonClass: 5763K(5824K)->5763K(5824K) Class: 533K(640K)->533K(640K)
[27.244s][info][gc             ] GC(231) Pause Full (Ergonomics) 3486M->3486M(3556M) 1145.346ms
[27.244s][info][gc,cpu         ] GC(231) User=8.28s Sys=0.00s Real=1.14s
[27.244s][info][gc,start       ] GC(232) Pause Full (Ergonomics)
[27.244s][info][gc,phases,start] GC(232) Marking Phase
[28.061s][info][gc,phases      ] GC(232) Marking Phase 816.952ms
[28.061s][info][gc,phases,start] GC(232) Summary Phase
[28.061s][info][gc,phases      ] GC(232) Summary Phase 0.074ms
[28.061s][info][gc,phases,start] GC(232) Adjust Roots
[28.062s][info][gc,phases      ] GC(232) Adjust Roots 0.213ms
[28.062s][info][gc,phases,start] GC(232) Compaction Phase
[28.358s][info][gc,phases      ] GC(232) Compaction Phase 295.901ms
[28.358s][info][gc,phases,start] GC(232) Post Compact
[28.365s][info][gc,phases      ] GC(232) Post Compact 7.122ms
[28.365s][info][gc,heap        ] GC(232) PSYoungGen: 89097K(160256K)->89097K(160256K) Eden: 41984K(41984K)->41983K(41984K) From: 47113K(118272K)->47113K(118272K)
[28.365s][info][gc,heap        ] GC(232) ParOldGen: 3481105K(3481600K)->3481105K(3481600K)
[28.365s][info][gc,metaspace   ] GC(232) Metaspace: 6297K(6464K)->6297K(6464K) NonClass: 5763K(5824K)->5763K(5824K) Class: 533K(640K)->533K(640K)
[28.365s][info][gc             ] GC(232) Pause Full (Ergonomics) 3486M->3486M(3556M) 1120.635ms
[28.365s][info][gc,cpu         ] GC(232) User=7.88s Sys=0.02s Real=1.12s
[28.365s][info][gc,start       ] GC(233) Pause Full (Ergonomics)
[28.365s][info][gc,phases,start] GC(233) Marking Phase
[29.176s][info][gc,phases      ] GC(233) Marking Phase 811.122ms
[29.176s][info][gc,phases,start] GC(233) Summary Phase
[29.176s][info][gc,phases      ] GC(233) Summary Phase 0.107ms
[29.176s][info][gc,phases,start] GC(233) Adjust Roots
[29.177s][info][gc,phases      ] GC(233) Adjust Roots 0.244ms
[29.177s][info][gc,phases,start] GC(233) Compaction Phase
[29.479s][info][gc,phases      ] GC(233) Compaction Phase 302.085ms
[29.479s][info][gc,phases,start] GC(233) Post Compact
[29.487s][info][gc,phases      ] GC(233) Post Compact 7.667ms
[29.487s][info][gc,heap        ] GC(233) PSYoungGen: 89097K(160256K)->89097K(160256K) Eden: 41983K(41984K)->41983K(41984K) From: 47113K(118272K)->47113K(118272K)
[29.487s][info][gc,heap        ] GC(233) ParOldGen: 3481105K(3481600K)->3481105K(3481600K)
[29.487s][info][gc,metaspace   ] GC(233) Metaspace: 6297K(6464K)->6297K(6464K) NonClass: 5763K(5824K)->5763K(5824K) Class: 533K(640K)->533K(640K)
[29.487s][info][gc             ] GC(233) Pause Full (Ergonomics) 3486M->3486M(3556M) 1121.663ms
[29.487s][info][gc,cpu         ] GC(233) User=7.61s Sys=0.00s Real=1.12s
[29.487s][info][gc,start       ] GC(234) Pause Full (Ergonomics)
[29.487s][info][gc,phases,start] GC(234) Marking Phase
[30.362s][info][gc,phases      ] GC(234) Marking Phase 875.116ms
[30.362s][info][gc,phases,start] GC(234) Summary Phase
[30.362s][info][gc,phases      ] GC(234) Summary Phase 0.091ms
[30.362s][info][gc,phases,start] GC(234) Adjust Roots
[30.363s][info][gc,phases      ] GC(234) Adjust Roots 0.337ms
[30.363s][info][gc,phases,start] GC(234) Compaction Phase
[30.735s][info][gc,phases      ] GC(234) Compaction Phase 372.281ms
[30.735s][info][gc,phases,start] GC(234) Post Compact
[30.743s][info][gc,phases      ] GC(234) Post Compact 7.598ms
[30.743s][info][gc,heap        ] GC(234) PSYoungGen: 89097K(160256K)->89097K(160256K) Eden: 41984K(41984K)->41984K(41984K) From: 47113K(118272K)->47113K(118272K)
[30.743s][info][gc,heap        ] GC(234) ParOldGen: 3481110K(3481600K)->3481110K(3481600K)
[30.743s][info][gc,metaspace   ] GC(234) Metaspace: 6297K(6464K)->6297K(6464K) NonClass: 5763K(5824K)->5763K(5824K) Class: 533K(640K)->533K(640K)
[30.743s][info][gc             ] GC(234) Pause Full (Ergonomics) 3486M->3486M(3556M) 1255.870ms
[30.743s][info][gc,cpu         ] GC(234) User=7.89s Sys=0.02s Real=1.26s
[30.743s][info][gc,start       ] GC(235) Pause Full (Ergonomics)
[30.743s][info][gc,phases,start] GC(235) Marking Phase
[31.597s][info][gc,phases      ] GC(235) Marking Phase 854.412ms
[31.598s][info][gc,phases,start] GC(235) Summary Phase
[31.598s][info][gc,phases      ] GC(235) Summary Phase 0.046ms
[31.598s][info][gc,phases,start] GC(235) Adjust Roots
[31.598s][info][gc,phases      ] GC(235) Adjust Roots 0.199ms
[31.598s][info][gc,phases,start] GC(235) Compaction Phase
[31.906s][info][gc,phases      ] GC(235) Compaction Phase 308.090ms
[31.906s][info][gc,phases,start] GC(235) Post Compact
[31.913s][info][gc,phases      ] GC(235) Post Compact 7.363ms
[31.913s][info][gc,heap        ] GC(235) PSYoungGen: 89097K(160256K)->89097K(160256K) Eden: 41984K(41984K)->41984K(41984K) From: 47113K(118272K)->47113K(118272K)
[31.913s][info][gc,heap        ] GC(235) ParOldGen: 3481115K(3481600K)->3481115K(3481600K)
[31.913s][info][gc,metaspace   ] GC(235) Metaspace: 6297K(6464K)->6297K(6464K) NonClass: 5763K(5824K)->5763K(5824K) Class: 533K(640K)->533K(640K)
[31.913s][info][gc             ] GC(235) Pause Full (Ergonomics) 3486M->3486M(3556M) 1170.439ms
[31.914s][info][gc,cpu         ] GC(235) User=7.73s Sys=0.00s Real=1.17s
[31.914s][info][gc,start       ] GC(236) Pause Full (Ergonomics)
[31.914s][info][gc,phases,start] GC(236) Marking Phase
[32.774s][info][gc,phases      ] GC(236) Marking Phase 859.888ms
[32.774s][info][gc,phases,start] GC(236) Summary Phase
[32.774s][info][gc,phases      ] GC(236) Summary Phase 0.074ms
[32.774s][info][gc,phases,start] GC(236) Adjust Roots
[32.774s][info][gc,phases      ] GC(236) Adjust Roots 0.301ms
[32.774s][info][gc,phases,start] GC(236) Compaction Phase
[33.093s][info][gc,phases      ] GC(236) Compaction Phase 319.110ms
[33.093s][info][gc,phases,start] GC(236) Post Compact
[33.101s][info][gc,phases      ] GC(236) Post Compact 7.820ms
[33.101s][info][gc,heap        ] GC(236) PSYoungGen: 89097K(160256K)->89097K(160256K) Eden: 41984K(41984K)->41984K(41984K) From: 47113K(118272K)->47113K(118272K)
[33.101s][info][gc,heap        ] GC(236) ParOldGen: 3481120K(3481600K)->3481120K(3481600K)
[33.101s][info][gc,metaspace   ] GC(236) Metaspace: 6297K(6464K)->6297K(6464K) NonClass: 5763K(5824K)->5763K(5824K) Class: 533K(640K)->533K(640K)
[33.101s][info][gc             ] GC(236) Pause Full (Ergonomics) 3486M->3486M(3556M) 1187.630ms
[33.101s][info][gc,cpu         ] GC(236) User=8.03s Sys=0.02s Real=1.19s
[33.102s][info][gc,start       ] GC(237) Pause Full (Ergonomics)
[33.102s][info][gc,phases,start] GC(237) Marking Phase
[33.972s][info][gc,phases      ] GC(237) Marking Phase 870.123ms
[33.972s][info][gc,phases,start] GC(237) Summary Phase
[33.972s][info][gc,phases      ] GC(237) Summary Phase 0.086ms
[33.972s][info][gc,phases,start] GC(237) Adjust Roots
[33.972s][info][gc,phases      ] GC(237) Adjust Roots 0.305ms
[33.972s][info][gc,phases,start] GC(237) Compaction Phase
[34.282s][info][gc,phases      ] GC(237) Compaction Phase 309.675ms
[34.282s][info][gc,phases,start] GC(237) Post Compact
[34.292s][info][gc,phases      ] GC(237) Post Compact 9.637ms
[34.292s][info][gc,heap        ] GC(237) PSYoungGen: 89097K(160256K)->89097K(160256K) Eden: 41984K(41984K)->41984K(41984K) From: 47113K(118272K)->47113K(118272K)
[34.292s][info][gc,heap        ] GC(237) ParOldGen: 3481125K(3481600K)->3481125K(3481600K)
[34.292s][info][gc,metaspace   ] GC(237) Metaspace: 6297K(6464K)->6297K(6464K) NonClass: 5763K(5824K)->5763K(5824K) Class: 533K(640K)->533K(640K)
[34.292s][info][gc             ] GC(237) Pause Full (Ergonomics) 3486M->3486M(3556M) 1190.244ms
[34.292s][info][gc,cpu         ] GC(237) User=8.08s Sys=0.02s Real=1.19s
[34.292s][info][gc,start       ] GC(238) Pause Full (Ergonomics)
[34.292s][info][gc,phases,start] GC(238) Marking Phase
[35.158s][info][gc,phases      ] GC(238) Marking Phase 865.973ms
[35.158s][info][gc,phases,start] GC(238) Summary Phase
[35.158s][info][gc,phases      ] GC(238) Summary Phase 0.072ms
[35.158s][info][gc,phases,start] GC(238) Adjust Roots
[35.159s][info][gc,phases      ] GC(238) Adjust Roots 0.323ms
[35.159s][info][gc,phases,start] GC(238) Compaction Phase
[35.465s][info][gc,phases      ] GC(238) Compaction Phase 306.128ms
[35.465s][info][gc,phases,start] GC(238) Post Compact
[35.474s][info][gc,phases      ] GC(238) Post Compact 9.236ms
[35.474s][info][gc,heap        ] GC(238) PSYoungGen: 89097K(160256K)->89097K(160256K) Eden: 41984K(41984K)->41984K(41984K) From: 47113K(118272K)->47113K(118272K)
[35.474s][info][gc,heap        ] GC(238) ParOldGen: 3481130K(3481600K)->3481130K(3481600K)
[35.474s][info][gc,metaspace   ] GC(238) Metaspace: 6297K(6464K)->6297K(6464K) NonClass: 5763K(5824K)->5763K(5824K) Class: 533K(640K)->533K(640K)
[35.474s][info][gc             ] GC(238) Pause Full (Ergonomics) 3486M->3486M(3556M) 1182.318ms
[35.475s][info][gc,cpu         ] GC(238) User=7.83s Sys=0.02s Real=1.18s
[35.475s][info][gc,start       ] GC(239) Pause Full (Ergonomics)
[35.475s][info][gc,phases,start] GC(239) Marking Phase
[36.331s][info][gc,phases      ] GC(239) Marking Phase 855.918ms
[36.331s][info][gc,phases,start] GC(239) Summary Phase
[36.331s][info][gc,phases      ] GC(239) Summary Phase 0.078ms
[36.331s][info][gc,phases,start] GC(239) Adjust Roots
[36.331s][info][gc,phases      ] GC(239) Adjust Roots 0.302ms
[36.331s][info][gc,phases,start] GC(239) Compaction Phase
[36.630s][info][gc,phases      ] GC(239) Compaction Phase 298.861ms
[36.630s][info][gc,phases,start] GC(239) Post Compact
[36.638s][info][gc,phases      ] GC(239) Post Compact 8.079ms
[36.638s][info][gc,heap        ] GC(239) PSYoungGen: 89097K(160256K)->89097K(160256K) Eden: 41984K(41984K)->41984K(41984K) From: 47113K(118272K)->47113K(118272K)
[36.638s][info][gc,heap        ] GC(239) ParOldGen: 3481134K(3481600K)->3481134K(3481600K)
[36.638s][info][gc,metaspace   ] GC(239) Metaspace: 6297K(6464K)->6297K(6464K) NonClass: 5763K(5824K)->5763K(5824K) Class: 533K(640K)->533K(640K)
[36.638s][info][gc             ] GC(239) Pause Full (Ergonomics) 3486M->3486M(3556M) 1163.708ms
[36.638s][info][gc,cpu         ] GC(239) User=8.30s Sys=0.00s Real=1.16s
[36.639s][info][gc,start       ] GC(240) Pause Full (Ergonomics)
[36.639s][info][gc,phases,start] GC(240) Marking Phase
[37.493s][info][gc,phases      ] GC(240) Marking Phase 853.912ms
[37.493s][info][gc,phases,start] GC(240) Summary Phase
[37.493s][info][gc,phases      ] GC(240) Summary Phase 0.062ms
[37.493s][info][gc,phases,start] GC(240) Adjust Roots
[37.493s][info][gc,phases      ] GC(240) Adjust Roots 0.341ms
[37.493s][info][gc,phases,start] GC(240) Compaction Phase
[37.848s][info][gc,phases      ] GC(240) Compaction Phase 355.299ms
[37.848s][info][gc,phases,start] GC(240) Post Compact
[37.858s][info][gc,phases      ] GC(240) Post Compact 9.468ms
[37.858s][info][gc,heap        ] GC(240) PSYoungGen: 89097K(160256K)->89097K(160256K) Eden: 41984K(41984K)->41984K(41984K) From: 47113K(118272K)->47113K(118272K)
[37.858s][info][gc,heap        ] GC(240) ParOldGen: 3481139K(3481600K)->3481139K(3481600K)
[37.858s][info][gc,metaspace   ] GC(240) Metaspace: 6297K(6464K)->6297K(6464K) NonClass: 5763K(5824K)->5763K(5824K) Class: 533K(640K)->533K(640K)
[37.858s][info][gc             ] GC(240) Pause Full (Ergonomics) 3486M->3486M(3556M) 1219.551ms
[37.858s][info][gc,cpu         ] GC(240) User=8.27s Sys=0.00s Real=1.22s
[37.858s][info][gc,start       ] GC(241) Pause Full (Ergonomics)
[37.858s][info][gc,phases,start] GC(241) Marking Phase
[38.750s][info][gc,phases      ] GC(241) Marking Phase 891.270ms
[38.750s][info][gc,phases,start] GC(241) Summary Phase
[38.750s][info][gc,phases      ] GC(241) Summary Phase 0.074ms
[38.750s][info][gc,phases,start] GC(241) Adjust Roots
[38.750s][info][gc,phases      ] GC(241) Adjust Roots 0.372ms
[38.750s][info][gc,phases,start] GC(241) Compaction Phase
[39.062s][info][gc,phases      ] GC(241) Compaction Phase 311.514ms
[39.062s][info][gc,phases,start] GC(241) Post Compact
[39.071s][info][gc,phases      ] GC(241) Post Compact 8.552ms
[39.071s][info][gc,heap        ] GC(241) PSYoungGen: 89097K(160256K)->89097K(160256K) Eden: 41984K(41984K)->41984K(41984K) From: 47113K(118272K)->47113K(118272K)
[39.071s][info][gc,heap        ] GC(241) ParOldGen: 3481144K(3481600K)->3481144K(3481600K)
[39.071s][info][gc,metaspace   ] GC(241) Metaspace: 6297K(6464K)->6297K(6464K) NonClass: 5763K(5824K)->5763K(5824K) Class: 533K(640K)->533K(640K)
[39.071s][info][gc             ] GC(241) Pause Full (Ergonomics) 3486M->3486M(3556M) 1212.222ms
[39.071s][info][gc,cpu         ] GC(241) User=8.00s Sys=0.00s Real=1.21s
[39.071s][info][gc,start       ] GC(242) Pause Full (Ergonomics)
[39.071s][info][gc,phases,start] GC(242) Marking Phase
[39.983s][info][gc,phases      ] GC(242) Marking Phase 912.175ms
[39.983s][info][gc,phases,start] GC(242) Summary Phase
[39.983s][info][gc,phases      ] GC(242) Summary Phase 0.067ms
[39.983s][info][gc,phases,start] GC(242) Adjust Roots
[39.984s][info][gc,phases      ] GC(242) Adjust Roots 0.277ms
[39.984s][info][gc,phases,start] GC(242) Compaction Phase
[40.305s][info][gc,phases      ] GC(242) Compaction Phase 321.455ms
[40.305s][info][gc,phases,start] GC(242) Post Compact
[40.314s][info][gc,phases      ] GC(242) Post Compact 8.734ms
[40.314s][info][gc,heap        ] GC(242) PSYoungGen: 89097K(160256K)->89097K(160256K) Eden: 41984K(41984K)->41984K(41984K) From: 47113K(118272K)->47113K(118272K)
[40.314s][info][gc,heap        ] GC(242) ParOldGen: 3481149K(3481600K)->3481149K(3481600K)
[40.314s][info][gc,metaspace   ] GC(242) Metaspace: 6297K(6464K)->6297K(6464K) NonClass: 5763K(5824K)->5763K(5824K) Class: 533K(640K)->533K(640K)
[40.314s][info][gc             ] GC(242) Pause Full (Ergonomics) 3486M->3486M(3556M) 1243.197ms
[40.314s][info][gc,cpu         ] GC(242) User=8.22s Sys=0.02s Real=1.24s
[40.314s][info][gc,start       ] GC(243) Pause Full (Ergonomics)
[40.314s][info][gc,phases,start] GC(243) Marking Phase
[41.135s][info][gc,phases      ] GC(243) Marking Phase 820.449ms
[41.135s][info][gc,phases,start] GC(243) Summary Phase
[41.135s][info][gc,phases      ] GC(243) Summary Phase 0.051ms
[41.135s][info][gc,phases,start] GC(243) Adjust Roots
[41.135s][info][gc,phases      ] GC(243) Adjust Roots 0.226ms
[41.135s][info][gc,phases,start] GC(243) Compaction Phase
[41.440s][info][gc,phases      ] GC(243) Compaction Phase 304.493ms
[41.440s][info][gc,phases,start] GC(243) Post Compact
[41.447s][info][gc,phases      ] GC(243) Post Compact 7.356ms
[41.447s][info][gc,heap        ] GC(243) PSYoungGen: 89097K(160256K)->89097K(160256K) Eden: 41984K(41984K)->41984K(41984K) From: 47113K(118272K)->47113K(118272K)
[41.447s][info][gc,heap        ] GC(243) ParOldGen: 3481154K(3481600K)->3481154K(3481600K)
[41.447s][info][gc,metaspace   ] GC(243) Metaspace: 6297K(6464K)->6297K(6464K) NonClass: 5763K(5824K)->5763K(5824K) Class: 533K(640K)->533K(640K)
[41.447s][info][gc             ] GC(243) Pause Full (Ergonomics) 3486M->3486M(3556M) 1132.932ms
[41.447s][info][gc,cpu         ] GC(243) User=7.86s Sys=0.00s Real=1.13s
[41.447s][info][gc,start       ] GC(244) Pause Full (Ergonomics)
[41.448s][info][gc,phases,start] GC(244) Marking Phase
[42.286s][info][gc,phases      ] GC(244) Marking Phase 838.436ms
[42.286s][info][gc,phases,start] GC(244) Summary Phase
[42.286s][info][gc,phases      ] GC(244) Summary Phase 0.059ms
[42.286s][info][gc,phases,start] GC(244) Adjust Roots
[42.286s][info][gc,phases      ] GC(244) Adjust Roots 0.284ms
[42.286s][info][gc,phases,start] GC(244) Compaction Phase
[42.602s][info][gc,phases      ] GC(244) Compaction Phase 315.369ms
[42.602s][info][gc,phases,start] GC(244) Post Compact
[42.609s][info][gc,phases      ] GC(244) Post Compact 7.287ms
[42.609s][info][gc,heap        ] GC(244) PSYoungGen: 89097K(160256K)->89097K(160256K) Eden: 41984K(41984K)->41984K(41984K) From: 47113K(118272K)->47113K(118272K)
[42.609s][info][gc,heap        ] GC(244) ParOldGen: 3481159K(3481600K)->3481159K(3481600K)
[42.609s][info][gc,metaspace   ] GC(244) Metaspace: 6297K(6464K)->6297K(6464K) NonClass: 5763K(5824K)->5763K(5824K) Class: 533K(640K)->533K(640K)
[42.609s][info][gc             ] GC(244) Pause Full (Ergonomics) 3486M->3486M(3556M) 1161.829ms
[42.609s][info][gc,cpu         ] GC(244) User=8.08s Sys=0.02s Real=1.16s
[42.610s][info][gc,start       ] GC(245) Pause Full (Ergonomics)
[42.610s][info][gc,phases,start] GC(245) Marking Phase
[43.445s][info][gc,phases      ] GC(245) Marking Phase 835.293ms
[43.445s][info][gc,phases,start] GC(245) Summary Phase
[43.445s][info][gc,phases      ] GC(245) Summary Phase 0.062ms
[43.445s][info][gc,phases,start] GC(245) Adjust Roots
[43.445s][info][gc,phases      ] GC(245) Adjust Roots 0.233ms
[43.445s][info][gc,phases,start] GC(245) Compaction Phase
[43.744s][info][gc,phases      ] GC(245) Compaction Phase 298.435ms
[43.744s][info][gc,phases,start] GC(245) Post Compact
[43.751s][info][gc,phases      ] GC(245) Post Compact 6.798ms
[43.751s][info][gc,heap        ] GC(245) PSYoungGen: 89097K(160256K)->89097K(160256K) Eden: 41984K(41984K)->41984K(41984K) From: 47113K(118272K)->47113K(118272K)
[43.751s][info][gc,heap        ] GC(245) ParOldGen: 3481163K(3481600K)->3481163K(3481600K)
[43.751s][info][gc,metaspace   ] GC(245) Metaspace: 6297K(6464K)->6297K(6464K) NonClass: 5763K(5824K)->5763K(5824K) Class: 533K(640K)->533K(640K)
[43.751s][info][gc             ] GC(245) Pause Full (Ergonomics) 3486M->3486M(3556M) 1141.223ms
[43.751s][info][gc,cpu         ] GC(245) User=7.97s Sys=0.00s Real=1.14s
[43.751s][info][gc,start       ] GC(246) Pause Full (Ergonomics)
[43.751s][info][gc,phases,start] GC(246) Marking Phase
[44.589s][info][gc,phases      ] GC(246) Marking Phase 838.252ms
[44.589s][info][gc,phases,start] GC(246) Summary Phase
[44.589s][info][gc,phases      ] GC(246) Summary Phase 0.045ms
[44.589s][info][gc,phases,start] GC(246) Adjust Roots
[44.590s][info][gc,phases      ] GC(246) Adjust Roots 0.173ms
[44.590s][info][gc,phases,start] GC(246) Compaction Phase
[44.881s][info][gc,phases      ] GC(246) Compaction Phase 291.690ms
[44.881s][info][gc,phases,start] GC(246) Post Compact
[44.889s][info][gc,phases      ] GC(246) Post Compact 7.324ms
[44.889s][info][gc,heap        ] GC(246) PSYoungGen: 89097K(160256K)->89097K(160256K) Eden: 41984K(41984K)->41984K(41984K) From: 47113K(118272K)->47113K(118272K)
[44.889s][info][gc,heap        ] GC(246) ParOldGen: 3481168K(3481600K)->3481168K(3481600K)
[44.889s][info][gc,metaspace   ] GC(246) Metaspace: 6297K(6464K)->6297K(6464K) NonClass: 5763K(5824K)->5763K(5824K) Class: 533K(640K)->533K(640K)
[44.889s][info][gc             ] GC(246) Pause Full (Ergonomics) 3486M->3486M(3556M) 1137.811ms
[44.889s][info][gc,cpu         ] GC(246) User=7.98s Sys=0.00s Real=1.14s
[44.889s][info][gc,start       ] GC(247) Pause Full (Ergonomics)
[44.889s][info][gc,phases,start] GC(247) Marking Phase
[45.725s][info][gc,phases      ] GC(247) Marking Phase 835.664ms
[45.725s][info][gc,phases,start] GC(247) Summary Phase
[45.725s][info][gc,phases      ] GC(247) Summary Phase 0.045ms
[45.725s][info][gc,phases,start] GC(247) Adjust Roots
[45.725s][info][gc,phases      ] GC(247) Adjust Roots 0.240ms
[45.725s][info][gc,phases,start] GC(247) Compaction Phase
[46.023s][info][gc,phases      ] GC(247) Compaction Phase 297.936ms
[46.023s][info][gc,phases,start] GC(247) Post Compact
[46.031s][info][gc,phases      ] GC(247) Post Compact 7.270ms
[46.031s][info][gc,heap        ] GC(247) PSYoungGen: 89097K(160256K)->89097K(160256K) Eden: 41984K(41984K)->41984K(41984K) From: 47113K(118272K)->47113K(118272K)
[46.031s][info][gc,heap        ] GC(247) ParOldGen: 3481173K(3481600K)->3481173K(3481600K)
[46.031s][info][gc,metaspace   ] GC(247) Metaspace: 6297K(6464K)->6297K(6464K) NonClass: 5763K(5824K)->5763K(5824K) Class: 533K(640K)->533K(640K)
[46.031s][info][gc             ] GC(247) Pause Full (Ergonomics) 3486M->3486M(3556M) 1141.547ms
[46.031s][info][gc,cpu         ] GC(247) User=8.11s Sys=0.00s Real=1.14s
[46.031s][info][gc,start       ] GC(248) Pause Full (Ergonomics)
[46.031s][info][gc,phases,start] GC(248) Marking Phase
[46.882s][info][gc,phases      ] GC(248) Marking Phase 851.551ms
[46.883s][info][gc,phases,start] GC(248) Summary Phase
[46.883s][info][gc,phases      ] GC(248) Summary Phase 0.053ms
[46.883s][info][gc,phases,start] GC(248) Adjust Roots
[46.883s][info][gc,phases      ] GC(248) Adjust Roots 0.211ms
[46.883s][info][gc,phases,start] GC(248) Compaction Phase
[47.181s][info][gc,phases      ] GC(248) Compaction Phase 298.167ms
[47.181s][info][gc,phases,start] GC(248) Post Compact
[47.188s][info][gc,phases      ] GC(248) Post Compact 7.141ms
[47.188s][info][gc,heap        ] GC(248) PSYoungGen: 89097K(160256K)->89097K(160256K) Eden: 41984K(41984K)->41984K(41984K) From: 47113K(118272K)->47113K(118272K)
[47.188s][info][gc,heap        ] GC(248) ParOldGen: 3481178K(3481600K)->3481178K(3481600K)
[47.188s][info][gc,metaspace   ] GC(248) Metaspace: 6297K(6464K)->6297K(6464K) NonClass: 5763K(5824K)->5763K(5824K) Class: 533K(640K)->533K(640K)
[47.188s][info][gc             ] GC(248) Pause Full (Ergonomics) 3486M->3486M(3556M) 1157.499ms
[47.188s][info][gc,cpu         ] GC(248) User=8.16s Sys=0.00s Real=1.16s
[47.189s][info][gc,start       ] GC(249) Pause Full (Ergonomics)
[47.189s][info][gc,phases,start] GC(249) Marking Phase
[48.013s][info][gc,phases      ] GC(249) Marking Phase 824.632ms
[48.013s][info][gc,phases,start] GC(249) Summary Phase
[48.013s][info][gc,phases      ] GC(249) Summary Phase 0.077ms
[48.013s][info][gc,phases,start] GC(249) Adjust Roots
[48.014s][info][gc,phases      ] GC(249) Adjust Roots 0.304ms
[48.014s][info][gc,phases,start] GC(249) Compaction Phase
[48.317s][info][gc,phases      ] GC(249) Compaction Phase 302.644ms
[48.317s][info][gc,phases,start] GC(249) Post Compact
[48.324s][info][gc,phases      ] GC(249) Post Compact 7.432ms
[48.324s][info][gc,heap        ] GC(249) PSYoungGen: 89097K(160256K)->89097K(160256K) Eden: 41984K(41984K)->41984K(41984K) From: 47113K(118272K)->47113K(118272K)
[48.324s][info][gc,heap        ] GC(249) ParOldGen: 3481183K(3481600K)->3481183K(3481600K)
[48.324s][info][gc,metaspace   ] GC(249) Metaspace: 6297K(6464K)->6297K(6464K) NonClass: 5763K(5824K)->5763K(5824K) Class: 533K(640K)->533K(640K)
[48.324s][info][gc             ] GC(249) Pause Full (Ergonomics) 3486M->3486M(3556M) 1135.569ms
[48.324s][info][gc,cpu         ] GC(249) User=8.06s Sys=0.00s Real=1.13s
[48.325s][info][gc,start       ] GC(250) Pause Full (Ergonomics)
[48.325s][info][gc,phases,start] GC(250) Marking Phase
[49.172s][info][gc,phases      ] GC(250) Marking Phase 847.768ms
[49.172s][info][gc,phases,start] GC(250) Summary Phase
[49.173s][info][gc,phases      ] GC(250) Summary Phase 0.077ms
[49.173s][info][gc,phases,start] GC(250) Adjust Roots
[49.173s][info][gc,phases      ] GC(250) Adjust Roots 0.293ms
[49.173s][info][gc,phases,start] GC(250) Compaction Phase
[49.485s][info][gc,phases      ] GC(250) Compaction Phase 311.687ms
[49.485s][info][gc,phases,start] GC(250) Post Compact
[49.491s][info][gc,phases      ] GC(250) Post Compact 6.774ms
[49.492s][info][gc,heap        ] GC(250) PSYoungGen: 89097K(160256K)->89097K(160256K) Eden: 41984K(41984K)->41984K(41984K) From: 47113K(118272K)->47113K(118272K)
[49.492s][info][gc,heap        ] GC(250) ParOldGen: 3481188K(3481600K)->3481188K(3481600K)
[49.492s][info][gc,metaspace   ] GC(250) Metaspace: 6297K(6464K)->6297K(6464K) NonClass: 5763K(5824K)->5763K(5824K) Class: 533K(640K)->533K(640K)
[49.492s][info][gc             ] GC(250) Pause Full (Ergonomics) 3486M->3486M(3556M) 1166.999ms
[49.492s][info][gc,cpu         ] GC(250) User=8.22s Sys=0.00s Real=1.17s
[49.492s][info][gc,start       ] GC(251) Pause Full (Ergonomics)
[49.492s][info][gc,phases,start] GC(251) Marking Phase
[50.334s][info][gc,phases      ] GC(251) Marking Phase 841.633ms
[50.334s][info][gc,phases,start] GC(251) Summary Phase
[50.334s][info][gc,phases      ] GC(251) Summary Phase 0.071ms
[50.334s][info][gc,phases,start] GC(251) Adjust Roots
[50.334s][info][gc,phases      ] GC(251) Adjust Roots 0.290ms
[50.334s][info][gc,phases,start] GC(251) Compaction Phase
[50.629s][info][gc,phases      ] GC(251) Compaction Phase 295.382ms
[50.629s][info][gc,phases,start] GC(251) Post Compact
[50.636s][info][gc,phases      ] GC(251) Post Compact 6.898ms
[50.636s][info][gc,heap        ] GC(251) PSYoungGen: 89097K(160256K)->89097K(160256K) Eden: 41984K(41984K)->41984K(41984K) From: 47113K(118272K)->47113K(118272K)
[50.636s][info][gc,heap        ] GC(251) ParOldGen: 3481192K(3481600K)->3481192K(3481600K)
[50.636s][info][gc,metaspace   ] GC(251) Metaspace: 6297K(6464K)->6297K(6464K) NonClass: 5763K(5824K)->5763K(5824K) Class: 533K(640K)->533K(640K)
[50.637s][info][gc             ] GC(251) Pause Full (Ergonomics) 3486M->3486M(3556M) 1144.673ms
[50.637s][info][gc,cpu         ] GC(251) User=8.28s Sys=0.00s Real=1.14s
[50.637s][info][gc,start       ] GC(252) Pause Full (Ergonomics)
[50.637s][info][gc,phases,start] GC(252) Marking Phase
[51.484s][info][gc,phases      ] GC(252) Marking Phase 846.757ms
[51.484s][info][gc,phases,start] GC(252) Summary Phase
[51.484s][info][gc,phases      ] GC(252) Summary Phase 0.051ms
[51.484s][info][gc,phases,start] GC(252) Adjust Roots
[51.484s][info][gc,phases      ] GC(252) Adjust Roots 0.238ms
[51.484s][info][gc,phases,start] GC(252) Compaction Phase
[51.784s][info][gc,phases      ] GC(252) Compaction Phase 299.860ms
[51.784s][info][gc,phases,start] GC(252) Post Compact
[51.791s][info][gc,phases      ] GC(252) Post Compact 6.859ms
[51.791s][info][gc,heap        ] GC(252) PSYoungGen: 89097K(160256K)->89097K(160256K) Eden: 41984K(41984K)->41984K(41984K) From: 47113K(118272K)->47113K(118272K)
[51.791s][info][gc,heap        ] GC(252) ParOldGen: 3481197K(3481600K)->3481197K(3481600K)
[51.791s][info][gc,metaspace   ] GC(252) Metaspace: 6297K(6464K)->6297K(6464K) NonClass: 5763K(5824K)->5763K(5824K) Class: 533K(640K)->533K(640K)
[51.791s][info][gc             ] GC(252) Pause Full (Ergonomics) 3486M->3486M(3556M) 1154.124ms
[51.791s][info][gc,cpu         ] GC(252) User=8.30s Sys=0.02s Real=1.15s
[51.791s][info][gc,start       ] GC(253) Pause Full (Ergonomics)
[51.791s][info][gc,phases,start] GC(253) Marking Phase
[52.650s][info][gc,phases      ] GC(253) Marking Phase 859.312ms
[52.650s][info][gc,phases,start] GC(253) Summary Phase
[52.651s][info][gc,phases      ] GC(253) Summary Phase 0.049ms
[52.651s][info][gc,phases,start] GC(253) Adjust Roots
[52.651s][info][gc,phases      ] GC(253) Adjust Roots 0.213ms
[52.651s][info][gc,phases,start] GC(253) Compaction Phase
[52.961s][info][gc,phases      ] GC(253) Compaction Phase 310.369ms
[52.961s][info][gc,phases,start] GC(253) Post Compact
[52.969s][info][gc,phases      ] GC(253) Post Compact 8.183ms
[52.970s][info][gc,heap        ] GC(253) PSYoungGen: 89097K(160256K)->89097K(160256K) Eden: 41984K(41984K)->41984K(41984K) From: 47113K(118272K)->47113K(118272K)
[52.970s][info][gc,heap        ] GC(253) ParOldGen: 3481202K(3481600K)->3481202K(3481600K)
[52.970s][info][gc,metaspace   ] GC(253) Metaspace: 6297K(6464K)->6297K(6464K) NonClass: 5763K(5824K)->5763K(5824K) Class: 533K(640K)->533K(640K)
[52.970s][info][gc             ] GC(253) Pause Full (Ergonomics) 3486M->3486M(3556M) 1178.494ms
[52.970s][info][gc,cpu         ] GC(253) User=8.38s Sys=0.02s Real=1.18s
[52.970s][info][gc,start       ] GC(254) Pause Full (Ergonomics)
[52.970s][info][gc,phases,start] GC(254) Marking Phase
[53.831s][info][gc,phases      ] GC(254) Marking Phase 861.428ms
[53.831s][info][gc,phases,start] GC(254) Summary Phase
[53.831s][info][gc,phases      ] GC(254) Summary Phase 0.046ms
[53.831s][info][gc,phases,start] GC(254) Adjust Roots
[53.832s][info][gc,phases      ] GC(254) Adjust Roots 0.250ms
[53.832s][info][gc,phases,start] GC(254) Compaction Phase
[54.132s][info][gc,phases      ] GC(254) Compaction Phase 300.752ms
[54.132s][info][gc,phases,start] GC(254) Post Compact
[54.140s][info][gc,phases      ] GC(254) Post Compact 7.861ms
[54.140s][info][gc,heap        ] GC(254) PSYoungGen: 89097K(160256K)->89097K(160256K) Eden: 41984K(41984K)->41984K(41984K) From: 47113K(118272K)->47113K(118272K)
[54.140s][info][gc,heap        ] GC(254) ParOldGen: 3481207K(3481600K)->3481207K(3481600K)
[54.140s][info][gc,metaspace   ] GC(254) Metaspace: 6297K(6464K)->6297K(6464K) NonClass: 5763K(5824K)->5763K(5824K) Class: 533K(640K)->533K(640K)
[54.140s][info][gc             ] GC(254) Pause Full (Ergonomics) 3486M->3486M(3556M) 1170.707ms
[54.141s][info][gc,cpu         ] GC(254) User=8.16s Sys=0.02s Real=1.17s
[54.141s][info][gc,start       ] GC(255) Pause Full (Ergonomics)
[54.141s][info][gc,phases,start] GC(255) Marking Phase
[55.004s][info][gc,phases      ] GC(255) Marking Phase 863.054ms
[55.004s][info][gc,phases,start] GC(255) Summary Phase
[55.004s][info][gc,phases      ] GC(255) Summary Phase 0.061ms
[55.004s][info][gc,phases,start] GC(255) Adjust Roots
[55.004s][info][gc,phases      ] GC(255) Adjust Roots 0.255ms
[55.004s][info][gc,phases,start] GC(255) Compaction Phase
[55.312s][info][gc,phases      ] GC(255) Compaction Phase 307.436ms
[55.312s][info][gc,phases,start] GC(255) Post Compact
[55.320s][info][gc,phases      ] GC(255) Post Compact 7.901ms
[55.320s][info][gc,heap        ] GC(255) PSYoungGen: 89097K(160256K)->89097K(160256K) Eden: 41984K(41984K)->41984K(41984K) From: 47113K(118272K)->47113K(118272K)
[55.320s][info][gc,heap        ] GC(255) ParOldGen: 3481212K(3481600K)->3481212K(3481600K)
[55.320s][info][gc,metaspace   ] GC(255) Metaspace: 6297K(6464K)->6297K(6464K) NonClass: 5763K(5824K)->5763K(5824K) Class: 533K(640K)->533K(640K)
[55.320s][info][gc             ] GC(255) Pause Full (Ergonomics) 3486M->3486M(3556M) 1179.074ms
[55.320s][info][gc,cpu         ] GC(255) User=8.22s Sys=0.02s Real=1.18s
[55.320s][info][gc,start       ] GC(256) Pause Full (Ergonomics)
[55.320s][info][gc,phases,start] GC(256) Marking Phase
[56.158s][info][gc,phases      ] GC(256) Marking Phase 838.097ms
[56.158s][info][gc,phases,start] GC(256) Summary Phase
[56.158s][info][gc,phases      ] GC(256) Summary Phase 0.061ms
[56.158s][info][gc,phases,start] GC(256) Adjust Roots
[56.159s][info][gc,phases      ] GC(256) Adjust Roots 0.247ms
[56.159s][info][gc,phases,start] GC(256) Compaction Phase
[56.456s][info][gc,phases      ] GC(256) Compaction Phase 296.797ms
[56.456s][info][gc,phases,start] GC(256) Post Compact
[56.463s][info][gc,phases      ] GC(256) Post Compact 7.378ms
[56.463s][info][gc,heap        ] GC(256) PSYoungGen: 89097K(160256K)->89097K(160256K) Eden: 41984K(41984K)->41984K(41984K) From: 47113K(118272K)->47113K(118272K)
[56.463s][info][gc,heap        ] GC(256) ParOldGen: 3481217K(3481600K)->3481217K(3481600K)
[56.463s][info][gc,metaspace   ] GC(256) Metaspace: 6297K(6464K)->6297K(6464K) NonClass: 5763K(5824K)->5763K(5824K) Class: 533K(640K)->533K(640K)
[56.463s][info][gc             ] GC(256) Pause Full (Ergonomics) 3486M->3486M(3556M) 1142.972ms
[56.463s][info][gc,cpu         ] GC(256) User=8.23s Sys=0.02s Real=1.14s
[56.463s][info][gc,start       ] GC(257) Pause Full (Ergonomics)
[56.463s][info][gc,phases,start] GC(257) Marking Phase
[57.319s][info][gc,phases      ] GC(257) Marking Phase 856.086ms
[57.320s][info][gc,phases,start] GC(257) Summary Phase
[57.320s][info][gc,phases      ] GC(257) Summary Phase 0.064ms
[57.320s][info][gc,phases,start] GC(257) Adjust Roots
[57.320s][info][gc,phases      ] GC(257) Adjust Roots 0.237ms
[57.320s][info][gc,phases,start] GC(257) Compaction Phase
[57.644s][info][gc,phases      ] GC(257) Compaction Phase 324.342ms
[57.644s][info][gc,phases,start] GC(257) Post Compact
[57.655s][info][gc,phases      ] GC(257) Post Compact 10.429ms
[57.655s][info][gc,heap        ] GC(257) PSYoungGen: 89097K(160256K)->89097K(160256K) Eden: 41984K(41984K)->41984K(41984K) From: 47113K(118272K)->47113K(118272K)
[57.655s][info][gc,heap        ] GC(257) ParOldGen: 3481221K(3481600K)->3481221K(3481600K)
[57.655s][info][gc,metaspace   ] GC(257) Metaspace: 6297K(6464K)->6297K(6464K) NonClass: 5763K(5824K)->5763K(5824K) Class: 533K(640K)->533K(640K)
[57.655s][info][gc             ] GC(257) Pause Full (Ergonomics) 3486M->3486M(3556M) 1191.729ms
[57.655s][info][gc,cpu         ] GC(257) User=8.09s Sys=0.00s Real=1.19s
[57.655s][info][gc,start       ] GC(258) Pause Full (Ergonomics)
[57.655s][info][gc,phases,start] GC(258) Marking Phase
[58.576s][info][gc,phases      ] GC(258) Marking Phase 920.435ms
[58.576s][info][gc,phases,start] GC(258) Summary Phase
[58.576s][info][gc,phases      ] GC(258) Summary Phase 0.104ms
[58.576s][info][gc,phases,start] GC(258) Adjust Roots
[58.577s][info][gc,phases      ] GC(258) Adjust Roots 0.363ms
[58.577s][info][gc,phases,start] GC(258) Compaction Phase
[58.905s][info][gc,phases      ] GC(258) Compaction Phase 327.988ms
[58.905s][info][gc,phases,start] GC(258) Post Compact
[58.914s][info][gc,phases      ] GC(258) Post Compact 9.491ms
[58.914s][info][gc,heap        ] GC(258) PSYoungGen: 89097K(160256K)->89097K(160256K) Eden: 41984K(41984K)->41984K(41984K) From: 47113K(118272K)->47113K(118272K)
[58.914s][info][gc,heap        ] GC(258) ParOldGen: 3481226K(3481600K)->3481226K(3481600K)
[58.914s][info][gc,metaspace   ] GC(258) Metaspace: 6297K(6464K)->6297K(6464K) NonClass: 5763K(5824K)->5763K(5824K) Class: 533K(640K)->533K(640K)
[58.914s][info][gc             ] GC(258) Pause Full (Ergonomics) 3486M->3486M(3556M) 1259.096ms
[58.915s][info][gc,cpu         ] GC(258) User=8.14s Sys=0.03s Real=1.26s
[58.915s][info][gc,start       ] GC(259) Pause Full (Ergonomics)
[58.915s][info][gc,phases,start] GC(259) Marking Phase
[59.799s][info][gc,phases      ] GC(259) Marking Phase 883.814ms
[59.799s][info][gc,phases,start] GC(259) Summary Phase
[59.799s][info][gc,phases      ] GC(259) Summary Phase 0.075ms
[59.799s][info][gc,phases,start] GC(259) Adjust Roots
[59.799s][info][gc,phases      ] GC(259) Adjust Roots 0.339ms
[59.799s][info][gc,phases,start] GC(259) Compaction Phase
[60.153s][info][gc,phases      ] GC(259) Compaction Phase 354.002ms
[60.153s][info][gc,phases,start] GC(259) Post Compact
[60.162s][info][gc,phases      ] GC(259) Post Compact 8.666ms
[60.162s][info][gc,heap        ] GC(259) PSYoungGen: 89097K(160256K)->89097K(160256K) Eden: 41984K(41984K)->41984K(41984K) From: 47113K(118272K)->47113K(118272K)
[60.162s][info][gc,heap        ] GC(259) ParOldGen: 3481231K(3481600K)->3481231K(3481600K)
[60.162s][info][gc,metaspace   ] GC(259) Metaspace: 6297K(6464K)->6297K(6464K) NonClass: 5763K(5824K)->5763K(5824K) Class: 533K(640K)->533K(640K)
[60.162s][info][gc             ] GC(259) Pause Full (Ergonomics) 3486M->3486M(3556M) 1247.441ms
[60.162s][info][gc,cpu         ] GC(259) User=8.12s Sys=0.02s Real=1.25s
[60.163s][info][gc,start       ] GC(260) Pause Full (Ergonomics)
[60.163s][info][gc,phases,start] GC(260) Marking Phase
[61.079s][info][gc,phases      ] GC(260) Marking Phase 916.379ms
[61.079s][info][gc,phases,start] GC(260) Summary Phase
[61.079s][info][gc,phases      ] GC(260) Summary Phase 0.075ms
[61.079s][info][gc,phases,start] GC(260) Adjust Roots
[61.079s][info][gc,phases      ] GC(260) Adjust Roots 0.339ms
[61.080s][info][gc,phases,start] GC(260) Compaction Phase
[61.442s][info][gc,phases      ] GC(260) Compaction Phase 362.559ms
[61.442s][info][gc,phases,start] GC(260) Post Compact
[61.451s][info][gc,phases      ] GC(260) Post Compact 8.809ms
[61.451s][info][gc,heap        ] GC(260) PSYoungGen: 89097K(160256K)->89097K(160256K) Eden: 41984K(41984K)->41984K(41984K) From: 47113K(118272K)->47113K(118272K)
[61.451s][info][gc,heap        ] GC(260) ParOldGen: 3481236K(3481600K)->3481236K(3481600K)
[61.451s][info][gc,metaspace   ] GC(260) Metaspace: 6297K(6464K)->6297K(6464K) NonClass: 5763K(5824K)->5763K(5824K) Class: 533K(640K)->533K(640K)
[61.451s][info][gc             ] GC(260) Pause Full (Ergonomics) 3486M->3486M(3556M) 1288.568ms
[61.451s][info][gc,cpu         ] GC(260) User=7.95s Sys=0.03s Real=1.29s
[61.451s][info][gc,start       ] GC(261) Pause Full (Ergonomics)
[61.451s][info][gc,phases,start] GC(261) Marking Phase
[62.319s][info][gc,phases      ] GC(261) Marking Phase 867.783ms
[62.319s][info][gc,phases,start] GC(261) Summary Phase
[62.319s][info][gc,phases      ] GC(261) Summary Phase 0.079ms
[62.319s][info][gc,phases,start] GC(261) Adjust Roots
[62.320s][info][gc,phases      ] GC(261) Adjust Roots 0.368ms
[62.320s][info][gc,phases,start] GC(261) Compaction Phase
[62.639s][info][gc,phases      ] GC(261) Compaction Phase 319.269ms
[62.639s][info][gc,phases,start] GC(261) Post Compact
[62.648s][info][gc,phases      ] GC(261) Post Compact 8.805ms
[62.648s][info][gc,heap        ] GC(261) PSYoungGen: 89097K(160256K)->89097K(160256K) Eden: 41984K(41984K)->41984K(41984K) From: 47113K(118272K)->47113K(118272K)
[62.648s][info][gc,heap        ] GC(261) ParOldGen: 3481241K(3481600K)->3481241K(3481600K)
[62.648s][info][gc,metaspace   ] GC(261) Metaspace: 6297K(6464K)->6297K(6464K) NonClass: 5763K(5824K)->5763K(5824K) Class: 533K(640K)->533K(640K)
[62.648s][info][gc             ] GC(261) Pause Full (Ergonomics) 3486M->3486M(3556M) 1196.774ms
[62.648s][info][gc,cpu         ] GC(261) User=7.97s Sys=0.03s Real=1.20s
[62.648s][info][gc,start       ] GC(262) Pause Full (Ergonomics)
[62.648s][info][gc,phases,start] GC(262) Marking Phase
[63.557s][info][gc,phases      ] GC(262) Marking Phase 909.059ms
[63.557s][info][gc,phases,start] GC(262) Summary Phase
[63.558s][info][gc,phases      ] GC(262) Summary Phase 0.057ms
[63.558s][info][gc,phases,start] GC(262) Adjust Roots
[63.558s][info][gc,phases      ] GC(262) Adjust Roots 0.235ms
[63.558s][info][gc,phases,start] GC(262) Compaction Phase
[63.898s][info][gc,phases      ] GC(262) Compaction Phase 340.344ms
[63.898s][info][gc,phases,start] GC(262) Post Compact
[63.908s][info][gc,phases      ] GC(262) Post Compact 9.923ms
[63.908s][info][gc,heap        ] GC(262) PSYoungGen: 89097K(160256K)->89097K(160256K) Eden: 41984K(41984K)->41984K(41984K) From: 47113K(118272K)->47113K(118272K)
[63.908s][info][gc,heap        ] GC(262) ParOldGen: 3481246K(3481600K)->3481246K(3481600K)
[63.908s][info][gc,metaspace   ] GC(262) Metaspace: 6297K(6464K)->6297K(6464K) NonClass: 5763K(5824K)->5763K(5824K) Class: 533K(640K)->533K(640K)
[63.908s][info][gc             ] GC(262) Pause Full (Ergonomics) 3486M->3486M(3556M) 1260.050ms
[63.908s][info][gc,cpu         ] GC(262) User=8.16s Sys=0.02s Real=1.26s
[63.909s][info][gc,start       ] GC(263) Pause Full (Ergonomics)
[63.909s][info][gc,phases,start] GC(263) Marking Phase
[64.801s][info][gc,phases      ] GC(263) Marking Phase 892.771ms
[64.802s][info][gc,phases,start] GC(263) Summary Phase
[64.802s][info][gc,phases      ] GC(263) Summary Phase 0.070ms
[64.802s][info][gc,phases,start] GC(263) Adjust Roots
[64.802s][info][gc,phases      ] GC(263) Adjust Roots 0.274ms
[64.802s][info][gc,phases,start] GC(263) Compaction Phase
[65.127s][info][gc,phases      ] GC(263) Compaction Phase 325.023ms
[65.127s][info][gc,phases,start] GC(263) Post Compact
[65.137s][info][gc,phases      ] GC(263) Post Compact 9.397ms
[65.137s][info][gc,heap        ] GC(263) PSYoungGen: 89097K(160256K)->89097K(160256K) Eden: 41984K(41984K)->41984K(41984K) From: 47113K(118272K)->47113K(118272K)
[65.137s][info][gc,heap        ] GC(263) ParOldGen: 3481250K(3481600K)->3481250K(3481600K)
[65.137s][info][gc,metaspace   ] GC(263) Metaspace: 6297K(6464K)->6297K(6464K) NonClass: 5763K(5824K)->5763K(5824K) Class: 533K(640K)->533K(640K)
[65.137s][info][gc             ] GC(263) Pause Full (Ergonomics) 3486M->3486M(3556M) 1228.027ms
[65.137s][info][gc,cpu         ] GC(263) User=8.00s Sys=0.02s Real=1.23s
[65.137s][info][gc,start       ] GC(264) Pause Full (Ergonomics)
[65.137s][info][gc,phases,start] GC(264) Marking Phase
[66.049s][info][gc,phases      ] GC(264) Marking Phase 912.331ms
[66.049s][info][gc,phases,start] GC(264) Summary Phase
[66.049s][info][gc,phases      ] GC(264) Summary Phase 0.074ms
[66.049s][info][gc,phases,start] GC(264) Adjust Roots
[66.050s][info][gc,phases      ] GC(264) Adjust Roots 0.381ms
[66.050s][info][gc,phases,start] GC(264) Compaction Phase
[66.389s][info][gc,phases      ] GC(264) Compaction Phase 339.151ms
[66.389s][info][gc,phases,start] GC(264) Post Compact
[66.399s][info][gc,phases      ] GC(264) Post Compact 10.039ms
[66.400s][info][gc,heap        ] GC(264) PSYoungGen: 89097K(160256K)->89097K(160256K) Eden: 41984K(41984K)->41984K(41984K) From: 47113K(118272K)->47113K(118272K)
[66.400s][info][gc,heap        ] GC(264) ParOldGen: 3481255K(3481600K)->3481255K(3481600K)
[66.400s][info][gc,metaspace   ] GC(264) Metaspace: 6297K(6464K)->6297K(6464K) NonClass: 5763K(5824K)->5763K(5824K) Class: 533K(640K)->533K(640K)
[66.400s][info][gc             ] GC(264) Pause Full (Ergonomics) 3486M->3486M(3556M) 1262.643ms
[66.400s][info][gc,cpu         ] GC(264) User=8.00s Sys=0.02s Real=1.26s
[66.400s][info][gc,start       ] GC(265) Pause Full (Ergonomics)
[66.400s][info][gc,phases,start] GC(265) Marking Phase
[67.280s][info][gc,phases      ] GC(265) Marking Phase 879.798ms
[67.280s][info][gc,phases,start] GC(265) Summary Phase
[67.280s][info][gc,phases      ] GC(265) Summary Phase 0.061ms
[67.280s][info][gc,phases,start] GC(265) Adjust Roots
[67.280s][info][gc,phases      ] GC(265) Adjust Roots 0.212ms
[67.280s][info][gc,phases,start] GC(265) Compaction Phase
[67.636s][info][gc,phases      ] GC(265) Compaction Phase 355.988ms
[67.636s][info][gc,phases,start] GC(265) Post Compact
[67.645s][info][gc,phases      ] GC(265) Post Compact 9.346ms
[67.646s][info][gc,heap        ] GC(265) PSYoungGen: 89097K(160256K)->89097K(160256K) Eden: 41984K(41984K)->41984K(41984K) From: 47113K(118272K)->47113K(118272K)
[67.646s][info][gc,heap        ] GC(265) ParOldGen: 3481260K(3481600K)->3481260K(3481600K)
[67.646s][info][gc,metaspace   ] GC(265) Metaspace: 6297K(6464K)->6297K(6464K) NonClass: 5763K(5824K)->5763K(5824K) Class: 533K(640K)->533K(640K)
[67.646s][info][gc             ] GC(265) Pause Full (Ergonomics) 3486M->3486M(3556M) 1245.870ms
[67.646s][info][gc,cpu         ] GC(265) User=8.00s Sys=0.02s Real=1.25s
[67.646s][info][gc,start       ] GC(266) Pause Full (Ergonomics)
[67.646s][info][gc,phases,start] GC(266) Marking Phase
[68.566s][info][gc,phases      ] GC(266) Marking Phase 919.802ms
[68.566s][info][gc,phases,start] GC(266) Summary Phase
[68.566s][info][gc,phases      ] GC(266) Summary Phase 0.084ms
[68.566s][info][gc,phases,start] GC(266) Adjust Roots
[68.567s][info][gc,phases      ] GC(266) Adjust Roots 0.446ms
[68.567s][info][gc,phases,start] GC(266) Compaction Phase
[68.929s][info][gc,phases      ] GC(266) Compaction Phase 362.797ms
[68.929s][info][gc,phases,start] GC(266) Post Compact
[68.937s][info][gc,phases      ] GC(266) Post Compact 7.597ms
[68.937s][info][gc,heap        ] GC(266) PSYoungGen: 89097K(160256K)->89097K(160256K) Eden: 41984K(41984K)->41984K(41984K) From: 47113K(118272K)->47113K(118272K)
[68.937s][info][gc,heap        ] GC(266) ParOldGen: 3481265K(3481600K)->3481265K(3481600K)
[68.937s][info][gc,metaspace   ] GC(266) Metaspace: 6297K(6464K)->6297K(6464K) NonClass: 5763K(5824K)->5763K(5824K) Class: 533K(640K)->533K(640K)
[68.937s][info][gc             ] GC(266) Pause Full (Ergonomics) 3486M->3486M(3556M) 1291.408ms
[68.937s][info][gc,cpu         ] GC(266) User=8.17s Sys=0.00s Real=1.29s
[68.938s][info][gc,start       ] GC(267) Pause Full (Ergonomics)
[68.938s][info][gc,phases,start] GC(267) Marking Phase
[69.776s][info][gc,phases      ] GC(267) Marking Phase 838.409ms
[69.776s][info][gc,phases,start] GC(267) Summary Phase
[69.776s][info][gc,phases      ] GC(267) Summary Phase 0.078ms
[69.776s][info][gc,phases,start] GC(267) Adjust Roots
[69.777s][info][gc,phases      ] GC(267) Adjust Roots 0.419ms
[69.777s][info][gc,phases,start] GC(267) Compaction Phase
[70.084s][info][gc,phases      ] GC(267) Compaction Phase 307.577ms
[70.084s][info][gc,phases,start] GC(267) Post Compact
[70.092s][info][gc,phases      ] GC(267) Post Compact 7.240ms
[70.092s][info][gc,heap        ] GC(267) PSYoungGen: 89097K(160256K)->89097K(160256K) Eden: 41984K(41984K)->41984K(41984K) From: 47113K(118272K)->47113K(118272K)
[70.092s][info][gc,heap        ] GC(267) ParOldGen: 3481270K(3481600K)->3481270K(3481600K)
[70.092s][info][gc,metaspace   ] GC(267) Metaspace: 6297K(6464K)->6297K(6464K) NonClass: 5763K(5824K)->5763K(5824K) Class: 533K(640K)->533K(640K)
[70.092s][info][gc             ] GC(267) Pause Full (Ergonomics) 3486M->3486M(3556M) 1154.181ms
[70.092s][info][gc,cpu         ] GC(267) User=8.06s Sys=0.00s Real=1.15s
[70.092s][info][gc,start       ] GC(268) Pause Full (Ergonomics)
[70.092s][info][gc,phases,start] GC(268) Marking Phase
[70.939s][info][gc,phases      ] GC(268) Marking Phase 846.465ms
[70.939s][info][gc,phases,start] GC(268) Summary Phase
[70.939s][info][gc,phases      ] GC(268) Summary Phase 0.060ms
[70.939s][info][gc,phases,start] GC(268) Adjust Roots
[70.939s][info][gc,phases      ] GC(268) Adjust Roots 0.233ms
[70.939s][info][gc,phases,start] GC(268) Compaction Phase
[71.259s][info][gc,phases      ] GC(268) Compaction Phase 320.239ms
[71.259s][info][gc,phases,start] GC(268) Post Compact
[71.267s][info][gc,phases      ] GC(268) Post Compact 7.576ms
[71.267s][info][gc,heap        ] GC(268) PSYoungGen: 89097K(160256K)->89097K(160256K) Eden: 41984K(41984K)->41984K(41984K) From: 47113K(118272K)->47113K(118272K)
[71.267s][info][gc,heap        ] GC(268) ParOldGen: 3481275K(3481600K)->3481275K(3481600K)
[71.267s][info][gc,metaspace   ] GC(268) Metaspace: 6297K(6464K)->6297K(6464K) NonClass: 5763K(5824K)->5763K(5824K) Class: 533K(640K)->533K(640K)
[71.267s][info][gc             ] GC(268) Pause Full (Ergonomics) 3486M->3486M(3556M) 1175.005ms
[71.267s][info][gc,cpu         ] GC(268) User=8.06s Sys=0.00s Real=1.18s
[71.267s][info][gc,start       ] GC(269) Pause Full (Ergonomics)
[71.267s][info][gc,phases,start] GC(269) Marking Phase
[72.101s][info][gc,phases      ] GC(269) Marking Phase 833.408ms
[72.101s][info][gc,phases,start] GC(269) Summary Phase
[72.101s][info][gc,phases      ] GC(269) Summary Phase 0.067ms
[72.101s][info][gc,phases,start] GC(269) Adjust Roots
[72.101s][info][gc,phases      ] GC(269) Adjust Roots 0.301ms
[72.101s][info][gc,phases,start] GC(269) Compaction Phase
[72.437s][info][gc,phases      ] GC(269) Compaction Phase 335.237ms
[72.437s][info][gc,phases,start] GC(269) Post Compact
[72.443s][info][gc,phases      ] GC(269) Post Compact 6.782ms
[72.443s][info][gc,heap        ] GC(269) PSYoungGen: 89097K(160256K)->89097K(160256K) Eden: 41984K(41984K)->41984K(41984K) From: 47113K(118272K)->47113K(118272K)
[72.444s][info][gc,heap        ] GC(269) ParOldGen: 3481279K(3481600K)->3481279K(3481600K)
[72.444s][info][gc,metaspace   ] GC(269) Metaspace: 6297K(6464K)->6297K(6464K) NonClass: 5763K(5824K)->5763K(5824K) Class: 533K(640K)->533K(640K)
[72.444s][info][gc             ] GC(269) Pause Full (Ergonomics) 3486M->3486M(3556M) 1176.213ms
[72.444s][info][gc,cpu         ] GC(269) User=8.05s Sys=0.05s Real=1.18s
[72.444s][info][gc,start       ] GC(270) Pause Full (Ergonomics)
[72.444s][info][gc,phases,start] GC(270) Marking Phase
[73.286s][info][gc,phases      ] GC(270) Marking Phase 842.615ms
[73.287s][info][gc,phases,start] GC(270) Summary Phase
[73.287s][info][gc,phases      ] GC(270) Summary Phase 0.049ms
[73.287s][info][gc,phases,start] GC(270) Adjust Roots
[73.287s][info][gc,phases      ] GC(270) Adjust Roots 0.178ms
[73.287s][info][gc,phases,start] GC(270) Compaction Phase
[73.590s][info][gc,phases      ] GC(270) Compaction Phase 302.984ms
[73.590s][info][gc,phases,start] GC(270) Post Compact
[73.597s][info][gc,phases      ] GC(270) Post Compact 7.114ms
[73.597s][info][gc,heap        ] GC(270) PSYoungGen: 89097K(160256K)->89097K(160256K) Eden: 41984K(41984K)->41984K(41984K) From: 47113K(118272K)->47113K(118272K)
[73.597s][info][gc,heap        ] GC(270) ParOldGen: 3481284K(3481600K)->3481284K(3481600K)
[73.597s][info][gc,metaspace   ] GC(270) Metaspace: 6297K(6464K)->6297K(6464K) NonClass: 5763K(5824K)->5763K(5824K) Class: 533K(640K)->533K(640K)
[73.597s][info][gc             ] GC(270) Pause Full (Ergonomics) 3486M->3486M(3556M) 1153.318ms
[73.597s][info][gc,cpu         ] GC(270) User=8.09s Sys=0.00s Real=1.15s
[73.597s][info][gc,start       ] GC(271) Pause Full (Ergonomics)
[73.597s][info][gc,phases,start] GC(271) Marking Phase
[74.450s][info][gc,phases      ] GC(271) Marking Phase 852.197ms
[74.450s][info][gc,phases,start] GC(271) Summary Phase
[74.450s][info][gc,phases      ] GC(271) Summary Phase 0.085ms
[74.450s][info][gc,phases,start] GC(271) Adjust Roots
[74.450s][info][gc,phases      ] GC(271) Adjust Roots 0.318ms
[74.450s][info][gc,phases,start] GC(271) Compaction Phase
[74.753s][info][gc,phases      ] GC(271) Compaction Phase 302.399ms
[74.753s][info][gc,phases,start] GC(271) Post Compact
[74.760s][info][gc,phases      ] GC(271) Post Compact 7.355ms
[74.760s][info][gc,heap        ] GC(271) PSYoungGen: 89097K(160256K)->89097K(160256K) Eden: 41984K(41984K)->41984K(41984K) From: 47113K(118272K)->47113K(118272K)
[74.760s][info][gc,heap        ] GC(271) ParOldGen: 3481289K(3481600K)->3481289K(3481600K)
[74.760s][info][gc,metaspace   ] GC(271) Metaspace: 6297K(6464K)->6297K(6464K) NonClass: 5763K(5824K)->5763K(5824K) Class: 533K(640K)->533K(640K)
[74.760s][info][gc             ] GC(271) Pause Full (Ergonomics) 3486M->3486M(3556M) 1162.896ms
[74.760s][info][gc,cpu         ] GC(271) User=8.27s Sys=0.00s Real=1.16s
[74.760s][info][gc,start       ] GC(272) Pause Full (Ergonomics)
[74.760s][info][gc,phases,start] GC(272) Marking Phase
[75.602s][info][gc,phases      ] GC(272) Marking Phase 841.296ms
[75.602s][info][gc,phases,start] GC(272) Summary Phase
[75.602s][info][gc,phases      ] GC(272) Summary Phase 0.056ms
[75.602s][info][gc,phases,start] GC(272) Adjust Roots
[75.602s][info][gc,phases      ] GC(272) Adjust Roots 0.282ms
[75.602s][info][gc,phases,start] GC(272) Compaction Phase
[75.911s][info][gc,phases      ] GC(272) Compaction Phase 309.171ms
[75.912s][info][gc,phases,start] GC(272) Post Compact
[75.919s][info][gc,phases      ] GC(272) Post Compact 7.102ms
[75.919s][info][gc,heap        ] GC(272) PSYoungGen: 89097K(160256K)->89097K(160256K) Eden: 41984K(41984K)->41984K(41984K) From: 47113K(118272K)->47113K(118272K)
[75.919s][info][gc,heap        ] GC(272) ParOldGen: 3481294K(3481600K)->3481294K(3481600K)
[75.919s][info][gc,metaspace   ] GC(272) Metaspace: 6297K(6464K)->6297K(6464K) NonClass: 5763K(5824K)->5763K(5824K) Class: 533K(640K)->533K(640K)
[75.919s][info][gc             ] GC(272) Pause Full (Ergonomics) 3486M->3486M(3556M) 1158.292ms
[75.919s][info][gc,cpu         ] GC(272) User=8.31s Sys=0.00s Real=1.16s
[75.919s][info][gc,start       ] GC(273) Pause Full (Ergonomics)
[75.919s][info][gc,phases,start] GC(273) Marking Phase
[76.754s][info][gc,phases      ] GC(273) Marking Phase 835.414ms
[76.755s][info][gc,phases,start] GC(273) Summary Phase
[76.755s][info][gc,phases      ] GC(273) Summary Phase 0.072ms
[76.755s][info][gc,phases,start] GC(273) Adjust Roots
[76.755s][info][gc,phases      ] GC(273) Adjust Roots 0.461ms
[76.755s][info][gc,phases,start] GC(273) Compaction Phase
[77.051s][info][gc,phases      ] GC(273) Compaction Phase 295.988ms
[77.051s][info][gc,phases,start] GC(273) Post Compact
[77.058s][info][gc,phases      ] GC(273) Post Compact 7.269ms
[77.059s][info][gc,heap        ] GC(273) PSYoungGen: 89097K(160256K)->89097K(160256K) Eden: 41984K(41984K)->41984K(41984K) From: 47113K(118272K)->47113K(118272K)
[77.059s][info][gc,heap        ] GC(273) ParOldGen: 3481299K(3481600K)->3481299K(3481600K)
[77.059s][info][gc,metaspace   ] GC(273) Metaspace: 6297K(6464K)->6297K(6464K) NonClass: 5763K(5824K)->5763K(5824K) Class: 533K(640K)->533K(640K)
[77.059s][info][gc             ] GC(273) Pause Full (Ergonomics) 3486M->3486M(3556M) 1139.643ms
[77.059s][info][gc,cpu         ] GC(273) User=7.91s Sys=0.00s Real=1.14s
[77.059s][info][gc,start       ] GC(274) Pause Full (Ergonomics)
[77.059s][info][gc,phases,start] GC(274) Marking Phase
[77.902s][info][gc,phases      ] GC(274) Marking Phase 843.074ms
[77.902s][info][gc,phases,start] GC(274) Summary Phase
[77.902s][info][gc,phases      ] GC(274) Summary Phase 0.053ms
[77.902s][info][gc,phases,start] GC(274) Adjust Roots
[77.902s][info][gc,phases      ] GC(274) Adjust Roots 0.213ms
[77.902s][info][gc,phases,start] GC(274) Compaction Phase
[78.204s][info][gc,phases      ] GC(274) Compaction Phase 301.358ms
[78.204s][info][gc,phases,start] GC(274) Post Compact
[78.211s][info][gc,phases      ] GC(274) Post Compact 6.866ms
[78.211s][info][gc,heap        ] GC(274) PSYoungGen: 89097K(160256K)->89097K(160256K) Eden: 41984K(41984K)->41984K(41984K) From: 47113K(118272K)->47113K(118272K)
[78.211s][info][gc,heap        ] GC(274) ParOldGen: 3481304K(3481600K)->3481304K(3481600K)
[78.211s][info][gc,metaspace   ] GC(274) Metaspace: 6297K(6464K)->6297K(6464K) NonClass: 5763K(5824K)->5763K(5824K) Class: 533K(640K)->533K(640K)
[78.211s][info][gc             ] GC(274) Pause Full (Ergonomics) 3486M->3486M(3556M) 1151.895ms
[78.211s][info][gc,cpu         ] GC(274) User=8.28s Sys=0.00s Real=1.15s
[78.211s][info][gc,start       ] GC(275) Pause Full (Ergonomics)
[78.211s][info][gc,phases,start] GC(275) Marking Phase
[79.041s][info][gc,phases      ] GC(275) Marking Phase 829.888ms
[79.041s][info][gc,phases,start] GC(275) Summary Phase
[79.041s][info][gc,phases      ] GC(275) Summary Phase 0.102ms
[79.041s][info][gc,phases,start] GC(275) Adjust Roots
[79.041s][info][gc,phases      ] GC(275) Adjust Roots 0.271ms
[79.041s][info][gc,phases,start] GC(275) Compaction Phase
[79.341s][info][gc,phases      ] GC(275) Compaction Phase 299.661ms
[79.341s][info][gc,phases,start] GC(275) Post Compact
[79.348s][info][gc,phases      ] GC(275) Post Compact 7.148ms
[79.348s][info][gc,heap        ] GC(275) PSYoungGen: 89097K(160256K)->89097K(160256K) Eden: 41984K(41984K)->41984K(41984K) From: 47113K(118272K)->47113K(118272K)
[79.348s][info][gc,heap        ] GC(275) ParOldGen: 3481308K(3481600K)->3481308K(3481600K)
[79.348s][info][gc,metaspace   ] GC(275) Metaspace: 6297K(6464K)->6297K(6464K) NonClass: 5763K(5824K)->5763K(5824K) Class: 533K(640K)->533K(640K)
[79.348s][info][gc             ] GC(275) Pause Full (Ergonomics) 3486M->3486M(3556M) 1137.437ms
[79.348s][info][gc,cpu         ] GC(275) User=7.89s Sys=0.00s Real=1.14s
[79.349s][info][gc,start       ] GC(276) Pause Full (Ergonomics)
[79.349s][info][gc,phases,start] GC(276) Marking Phase
[80.164s][info][gc,phases      ] GC(276) Marking Phase 815.651ms
[80.164s][info][gc,phases,start] GC(276) Summary Phase
[80.164s][info][gc,phases      ] GC(276) Summary Phase 0.067ms
[80.164s][info][gc,phases,start] GC(276) Adjust Roots
[80.165s][info][gc,phases      ] GC(276) Adjust Roots 0.242ms
[80.165s][info][gc,phases,start] GC(276) Compaction Phase
[80.483s][info][gc,phases      ] GC(276) Compaction Phase 317.735ms
[80.483s][info][gc,phases,start] GC(276) Post Compact
[80.490s][info][gc,phases      ] GC(276) Post Compact 7.127ms
[80.490s][info][gc,heap        ] GC(276) PSYoungGen: 89097K(160256K)->89097K(160256K) Eden: 41984K(41984K)->41984K(41984K) From: 47113K(118272K)->47113K(118272K)
[80.490s][info][gc,heap        ] GC(276) ParOldGen: 3481313K(3481600K)->3481313K(3481600K)
[80.490s][info][gc,metaspace   ] GC(276) Metaspace: 6297K(6464K)->6297K(6464K) NonClass: 5763K(5824K)->5763K(5824K) Class: 533K(640K)->533K(640K)
[80.490s][info][gc             ] GC(276) Pause Full (Ergonomics) 3486M->3486M(3556M) 1141.235ms
[80.490s][info][gc,cpu         ] GC(276) User=8.00s Sys=0.00s Real=1.14s
[80.490s][info][gc,start       ] GC(277) Pause Full (Ergonomics)
[80.490s][info][gc,phases,start] GC(277) Marking Phase
[81.309s][info][gc,phases      ] GC(277) Marking Phase 819.302ms
[81.310s][info][gc,phases,start] GC(277) Summary Phase
[81.310s][info][gc,phases      ] GC(277) Summary Phase 0.065ms
[81.310s][info][gc,phases,start] GC(277) Adjust Roots
[81.310s][info][gc,phases      ] GC(277) Adjust Roots 0.233ms
[81.310s][info][gc,phases,start] GC(277) Compaction Phase
[81.603s][info][gc,phases      ] GC(277) Compaction Phase 292.671ms
[81.603s][info][gc,phases,start] GC(277) Post Compact
[81.610s][info][gc,phases      ] GC(277) Post Compact 7.685ms
[81.610s][info][gc,heap        ] GC(277) PSYoungGen: 89097K(160256K)->89097K(160256K) Eden: 41984K(41984K)->41984K(41984K) From: 47113K(118272K)->47113K(118272K)
[81.610s][info][gc,heap        ] GC(277) ParOldGen: 3481318K(3481600K)->3481318K(3481600K)
[81.610s][info][gc,metaspace   ] GC(277) Metaspace: 6297K(6464K)->6297K(6464K) NonClass: 5763K(5824K)->5763K(5824K) Class: 533K(640K)->533K(640K)
[81.610s][info][gc             ] GC(277) Pause Full (Ergonomics) 3486M->3486M(3556M) 1120.357ms
[81.610s][info][gc,cpu         ] GC(277) User=8.08s Sys=0.00s Real=1.12s
[81.611s][info][gc,start       ] GC(278) Pause Full (Ergonomics)
[81.611s][info][gc,phases,start] GC(278) Marking Phase
[82.441s][info][gc,phases      ] GC(278) Marking Phase 830.415ms
[82.441s][info][gc,phases,start] GC(278) Summary Phase
[82.441s][info][gc,phases      ] GC(278) Summary Phase 0.065ms
[82.441s][info][gc,phases,start] GC(278) Adjust Roots
[82.441s][info][gc,phases      ] GC(278) Adjust Roots 0.188ms
[82.442s][info][gc,phases,start] GC(278) Compaction Phase
[82.753s][info][gc,phases      ] GC(278) Compaction Phase 311.423ms
[82.753s][info][gc,phases,start] GC(278) Post Compact
[82.760s][info][gc,phases      ] GC(278) Post Compact 6.973ms
[82.760s][info][gc,heap        ] GC(278) PSYoungGen: 89097K(160256K)->89097K(160256K) Eden: 41984K(41984K)->41984K(41984K) From: 47113K(118272K)->47113K(118272K)
[82.760s][info][gc,heap        ] GC(278) ParOldGen: 3481323K(3481600K)->3481323K(3481600K)
[82.760s][info][gc,metaspace   ] GC(278) Metaspace: 6297K(6464K)->6297K(6464K) NonClass: 5763K(5824K)->5763K(5824K) Class: 533K(640K)->533K(640K)
[82.760s][info][gc             ] GC(278) Pause Full (Ergonomics) 3486M->3486M(3556M) 1149.436ms
[82.760s][info][gc,cpu         ] GC(278) User=8.00s Sys=0.00s Real=1.15s
[82.760s][info][gc,start       ] GC(279) Pause Full (Ergonomics)
[82.760s][info][gc,phases,start] GC(279) Marking Phase
[83.603s][info][gc,phases      ] GC(279) Marking Phase 842.491ms
[83.603s][info][gc,phases,start] GC(279) Summary Phase
[83.603s][info][gc,phases      ] GC(279) Summary Phase 0.049ms
[83.603s][info][gc,phases,start] GC(279) Adjust Roots
[83.603s][info][gc,phases      ] GC(279) Adjust Roots 0.231ms
[83.603s][info][gc,phases,start] GC(279) Compaction Phase
[83.906s][info][gc,phases      ] GC(279) Compaction Phase 302.267ms
[83.906s][info][gc,phases,start] GC(279) Post Compact
[83.913s][info][gc,phases      ] GC(279) Post Compact 6.852ms
[83.913s][info][gc,heap        ] GC(279) PSYoungGen: 89097K(160256K)->89097K(160256K) Eden: 41984K(41984K)->41984K(41984K) From: 47113K(118272K)->47113K(118272K)
[83.913s][info][gc,heap        ] GC(279) ParOldGen: 3481328K(3481600K)->3481328K(3481600K)
[83.913s][info][gc,metaspace   ] GC(279) Metaspace: 6297K(6464K)->6297K(6464K) NonClass: 5763K(5824K)->5763K(5824K) Class: 533K(640K)->533K(640K)
[83.913s][info][gc             ] GC(279) Pause Full (Ergonomics) 3486M->3486M(3556M) 1152.309ms
[83.913s][info][gc,cpu         ] GC(279) User=8.20s Sys=0.02s Real=1.15s
[83.913s][info][gc,start       ] GC(280) Pause Full (Ergonomics)
[83.913s][info][gc,phases,start] GC(280) Marking Phase
[84.732s][info][gc,phases      ] GC(280) Marking Phase 818.578ms
[84.732s][info][gc,phases,start] GC(280) Summary Phase
[84.732s][info][gc,phases      ] GC(280) Summary Phase 0.053ms
[84.732s][info][gc,phases,start] GC(280) Adjust Roots
[84.732s][info][gc,phases      ] GC(280) Adjust Roots 0.167ms
[84.732s][info][gc,phases,start] GC(280) Compaction Phase
[85.064s][info][gc,phases      ] GC(280) Compaction Phase 332.406ms
[85.064s][info][gc,phases,start] GC(280) Post Compact
[85.071s][info][gc,phases      ] GC(280) Post Compact 6.820ms
[85.071s][info][gc,heap        ] GC(280) PSYoungGen: 89097K(160256K)->89097K(160256K) Eden: 41984K(41984K)->41984K(41984K) From: 47113K(118272K)->47113K(118272K)
[85.071s][info][gc,heap        ] GC(280) ParOldGen: 3481333K(3481600K)->3481333K(3481600K)
[85.071s][info][gc,metaspace   ] GC(280) Metaspace: 6297K(6464K)->6297K(6464K) NonClass: 5763K(5824K)->5763K(5824K) Class: 533K(640K)->533K(640K)
[85.071s][info][gc             ] GC(280) Pause Full (Ergonomics) 3486M->3486M(3556M) 1158.385ms
[85.071s][info][gc,cpu         ] GC(280) User=7.92s Sys=0.02s Real=1.16s
[85.072s][info][gc,start       ] GC(281) Pause Full (Ergonomics)
[85.072s][info][gc,phases,start] GC(281) Marking Phase
[85.922s][info][gc,phases      ] GC(281) Marking Phase 850.741ms
[85.922s][info][gc,phases,start] GC(281) Summary Phase
[85.922s][info][gc,phases      ] GC(281) Summary Phase 0.066ms
[85.922s][info][gc,phases,start] GC(281) Adjust Roots
[85.923s][info][gc,phases      ] GC(281) Adjust Roots 0.313ms
[85.923s][info][gc,phases,start] GC(281) Compaction Phase
[86.226s][info][gc,phases      ] GC(281) Compaction Phase 302.647ms
[86.226s][info][gc,phases,start] GC(281) Post Compact
[86.232s][info][gc,phases      ] GC(281) Post Compact 6.758ms
[86.232s][info][gc,heap        ] GC(281) PSYoungGen: 89097K(160256K)->89097K(160256K) Eden: 41984K(41984K)->41984K(41984K) From: 47113K(118272K)->47113K(118272K)
[86.232s][info][gc,heap        ] GC(281) ParOldGen: 3481337K(3481600K)->3481337K(3481600K)
[86.233s][info][gc,metaspace   ] GC(281) Metaspace: 6297K(6464K)->6297K(6464K) NonClass: 5763K(5824K)->5763K(5824K) Class: 533K(640K)->533K(640K)
[86.233s][info][gc             ] GC(281) Pause Full (Ergonomics) 3486M->3486M(3556M) 1161.001ms
[86.233s][info][gc,cpu         ] GC(281) User=8.27s Sys=0.00s Real=1.16s
[86.233s][info][gc,start       ] GC(282) Pause Full (Ergonomics)
[86.233s][info][gc,phases,start] GC(282) Marking Phase
[87.075s][info][gc,phases      ] GC(282) Marking Phase 842.274ms
[87.075s][info][gc,phases,start] GC(282) Summary Phase
[87.075s][info][gc,phases      ] GC(282) Summary Phase 0.052ms
[87.075s][info][gc,phases,start] GC(282) Adjust Roots
[87.075s][info][gc,phases      ] GC(282) Adjust Roots 0.227ms
[87.076s][info][gc,phases,start] GC(282) Compaction Phase
[87.377s][info][gc,phases      ] GC(282) Compaction Phase 301.511ms
[87.377s][info][gc,phases,start] GC(282) Post Compact
[87.384s][info][gc,phases      ] GC(282) Post Compact 6.808ms
[87.384s][info][gc,heap        ] GC(282) PSYoungGen: 89097K(160256K)->89097K(160256K) Eden: 41984K(41984K)->41984K(41984K) From: 47113K(118272K)->47113K(118272K)
[87.384s][info][gc,heap        ] GC(282) ParOldGen: 3481342K(3481600K)->3481342K(3481600K)
[87.384s][info][gc,metaspace   ] GC(282) Metaspace: 6297K(6464K)->6297K(6464K) NonClass: 5763K(5824K)->5763K(5824K) Class: 533K(640K)->533K(640K)
[87.384s][info][gc             ] GC(282) Pause Full (Ergonomics) 3486M->3486M(3556M) 1151.269ms
[87.384s][info][gc,cpu         ] GC(282) User=8.03s Sys=0.00s Real=1.15s
[87.384s][info][gc,start       ] GC(283) Pause Full (Ergonomics)
[87.384s][info][gc,phases,start] GC(283) Marking Phase
[88.236s][info][gc,phases      ] GC(283) Marking Phase 851.398ms
[88.236s][info][gc,phases,start] GC(283) Summary Phase
[88.236s][info][gc,phases      ] GC(283) Summary Phase 0.055ms
[88.236s][info][gc,phases,start] GC(283) Adjust Roots
[88.236s][info][gc,phases      ] GC(283) Adjust Roots 0.208ms
[88.236s][info][gc,phases,start] GC(283) Compaction Phase
[88.515s][info][gc,phases      ] GC(283) Compaction Phase 278.592ms
[88.515s][info][gc,phases,start] GC(283) Post Compact
[88.522s][info][gc,phases      ] GC(283) Post Compact 6.751ms
[88.522s][info][gc,heap        ] GC(283) PSYoungGen: 89097K(160256K)->89097K(160256K) Eden: 41984K(41984K)->41984K(41984K) From: 47113K(118272K)->47113K(118272K)
[88.522s][info][gc,heap        ] GC(283) ParOldGen: 3481347K(3481600K)->3481347K(3481600K)
[88.522s][info][gc,metaspace   ] GC(283) Metaspace: 6297K(6464K)->6297K(6464K) NonClass: 5763K(5824K)->5763K(5824K) Class: 533K(640K)->533K(640K)
[88.522s][info][gc             ] GC(283) Pause Full (Ergonomics) 3486M->3486M(3556M) 1137.344ms
[88.522s][info][gc,cpu         ] GC(283) User=8.25s Sys=0.00s Real=1.14s
[88.522s][info][gc,start       ] GC(284) Pause Full (Ergonomics)
[88.522s][info][gc,phases,start] GC(284) Marking Phase
[89.347s][info][gc,phases      ] GC(284) Marking Phase 825.568ms
[89.348s][info][gc,phases,start] GC(284) Summary Phase
[89.348s][info][gc,phases      ] GC(284) Summary Phase 0.070ms
[89.348s][info][gc,phases,start] GC(284) Adjust Roots
[89.348s][info][gc,phases      ] GC(284) Adjust Roots 0.352ms
[89.348s][info][gc,phases,start] GC(284) Compaction Phase
[89.640s][info][gc,phases      ] GC(284) Compaction Phase 292.251ms
[89.640s][info][gc,phases,start] GC(284) Post Compact
[89.647s][info][gc,phases      ] GC(284) Post Compact 6.944ms
[89.647s][info][gc,heap        ] GC(284) PSYoungGen: 89097K(160256K)->89097K(160256K) Eden: 41984K(41984K)->41984K(41984K) From: 47113K(118272K)->47113K(118272K)
[89.647s][info][gc,heap        ] GC(284) ParOldGen: 3481352K(3481600K)->3481352K(3481600K)
[89.647s][info][gc,metaspace   ] GC(284) Metaspace: 6297K(6464K)->6297K(6464K) NonClass: 5763K(5824K)->5763K(5824K) Class: 533K(640K)->533K(640K)
[89.648s][info][gc             ] GC(284) Pause Full (Ergonomics) 3486M->3486M(3556M) 1125.642ms
[89.648s][info][gc,cpu         ] GC(284) User=8.05s Sys=0.00s Real=1.12s
[89.648s][info][gc,start       ] GC(285) Pause Full (Ergonomics)
[89.648s][info][gc,phases,start] GC(285) Marking Phase
[90.478s][info][gc,phases      ] GC(285) Marking Phase 830.202ms
[90.478s][info][gc,phases,start] GC(285) Summary Phase
[90.478s][info][gc,phases      ] GC(285) Summary Phase 0.050ms
[90.478s][info][gc,phases,start] GC(285) Adjust Roots
[90.478s][info][gc,phases      ] GC(285) Adjust Roots 0.274ms
[90.478s][info][gc,phases,start] GC(285) Compaction Phase
[90.777s][info][gc,phases      ] GC(285) Compaction Phase 298.207ms
[90.777s][info][gc,phases,start] GC(285) Post Compact
[90.784s][info][gc,phases      ] GC(285) Post Compact 6.857ms
[90.784s][info][gc,heap        ] GC(285) PSYoungGen: 89097K(160256K)->89097K(160256K) Eden: 41984K(41984K)->41984K(41984K) From: 47113K(118272K)->47113K(118272K)
[90.784s][info][gc,heap        ] GC(285) ParOldGen: 3481357K(3481600K)->3481357K(3481600K)
[90.784s][info][gc,metaspace   ] GC(285) Metaspace: 6297K(6464K)->6297K(6464K) NonClass: 5763K(5824K)->5763K(5824K) Class: 533K(640K)->533K(640K)
[90.784s][info][gc             ] GC(285) Pause Full (Ergonomics) 3486M->3486M(3556M) 1135.974ms
[90.784s][info][gc,cpu         ] GC(285) User=7.89s Sys=0.00s Real=1.14s
[90.784s][info][gc,start       ] GC(286) Pause Full (Ergonomics)
[90.784s][info][gc,phases,start] GC(286) Marking Phase
[91.623s][info][gc,phases      ] GC(286) Marking Phase 838.532ms
[91.623s][info][gc,phases,start] GC(286) Summary Phase
[91.623s][info][gc,phases      ] GC(286) Summary Phase 0.074ms
[91.623s][info][gc,phases,start] GC(286) Adjust Roots
[91.623s][info][gc,phases      ] GC(286) Adjust Roots 0.312ms
[91.623s][info][gc,phases,start] GC(286) Compaction Phase
[91.912s][info][gc,phases      ] GC(286) Compaction Phase 288.890ms
[91.912s][info][gc,phases,start] GC(286) Post Compact
[91.919s][info][gc,phases      ] GC(286) Post Compact 7.136ms
[91.919s][info][gc,heap        ] GC(286) PSYoungGen: 89097K(160256K)->89097K(160256K) Eden: 41984K(41984K)->41984K(41984K) From: 47113K(118272K)->47113K(118272K)
[91.919s][info][gc,heap        ] GC(286) ParOldGen: 3481362K(3481600K)->3481362K(3481600K)
[91.919s][info][gc,metaspace   ] GC(286) Metaspace: 6297K(6464K)->6297K(6464K) NonClass: 5763K(5824K)->5763K(5824K) Class: 533K(640K)->533K(640K)
[91.919s][info][gc             ] GC(286) Pause Full (Ergonomics) 3486M->3486M(3556M) 1135.372ms
[91.919s][info][gc,cpu         ] GC(286) User=8.06s Sys=0.05s Real=1.14s
[91.920s][info][gc,start       ] GC(287) Pause Full (Ergonomics)
[91.920s][info][gc,phases,start] GC(287) Marking Phase
[92.758s][info][gc,phases      ] GC(287) Marking Phase 838.514ms
[92.758s][info][gc,phases,start] GC(287) Summary Phase
[92.758s][info][gc,phases      ] GC(287) Summary Phase 0.044ms
[92.758s][info][gc,phases,start] GC(287) Adjust Roots
[92.758s][info][gc,phases      ] GC(287) Adjust Roots 0.176ms
[92.758s][info][gc,phases,start] GC(287) Compaction Phase
[93.042s][info][gc,phases      ] GC(287) Compaction Phase 283.580ms
[93.042s][info][gc,phases,start] GC(287) Post Compact
[93.050s][info][gc,phases      ] GC(287) Post Compact 7.710ms
[93.050s][info][gc,heap        ] GC(287) PSYoungGen: 89097K(160256K)->89097K(160256K) Eden: 41984K(41984K)->41984K(41984K) From: 47113K(118272K)->47113K(118272K)
[93.050s][info][gc,heap        ] GC(287) ParOldGen: 3481366K(3481600K)->3481366K(3481600K)
[93.050s][info][gc,metaspace   ] GC(287) Metaspace: 6297K(6464K)->6297K(6464K) NonClass: 5763K(5824K)->5763K(5824K) Class: 533K(640K)->533K(640K)
[93.050s][info][gc             ] GC(287) Pause Full (Ergonomics) 3486M->3486M(3556M) 1130.375ms
[93.050s][info][gc,cpu         ] GC(287) User=8.03s Sys=0.00s Real=1.13s
[93.050s][info][gc,start       ] GC(288) Pause Full (Ergonomics)
[93.050s][info][gc,phases,start] GC(288) Marking Phase
[93.880s][info][gc,phases      ] GC(288) Marking Phase 829.523ms
[93.880s][info][gc,phases,start] GC(288) Summary Phase
[93.880s][info][gc,phases      ] GC(288) Summary Phase 0.044ms
[93.880s][info][gc,phases,start] GC(288) Adjust Roots
[93.880s][info][gc,phases      ] GC(288) Adjust Roots 0.191ms
[93.880s][info][gc,phases,start] GC(288) Compaction Phase
[94.201s][info][gc,phases      ] GC(288) Compaction Phase 320.979ms
[94.201s][info][gc,phases,start] GC(288) Post Compact
[94.209s][info][gc,phases      ] GC(288) Post Compact 7.740ms
[94.209s][info][gc,heap        ] GC(288) PSYoungGen: 89097K(160256K)->89097K(160256K) Eden: 41984K(41984K)->41984K(41984K) From: 47113K(118272K)->47113K(118272K)
[94.209s][info][gc,heap        ] GC(288) ParOldGen: 3481371K(3481600K)->3481371K(3481600K)
[94.209s][info][gc,metaspace   ] GC(288) Metaspace: 6297K(6464K)->6297K(6464K) NonClass: 5763K(5824K)->5763K(5824K) Class: 533K(640K)->533K(640K)
[94.209s][info][gc             ] GC(288) Pause Full (Ergonomics) 3486M->3486M(3556M) 1158.869ms
[94.209s][info][gc,cpu         ] GC(288) User=8.05s Sys=0.02s Real=1.16s
[94.209s][info][gc,start       ] GC(289) Pause Full (Ergonomics)
[94.209s][info][gc,phases,start] GC(289) Marking Phase
[95.035s][info][gc,phases      ] GC(289) Marking Phase 825.430ms
[95.035s][info][gc,phases,start] GC(289) Summary Phase
[95.035s][info][gc,phases      ] GC(289) Summary Phase 0.049ms
[95.035s][info][gc,phases,start] GC(289) Adjust Roots
[95.035s][info][gc,phases      ] GC(289) Adjust Roots 0.211ms
[95.035s][info][gc,phases,start] GC(289) Compaction Phase
[95.359s][info][gc,phases      ] GC(289) Compaction Phase 323.760ms
[95.359s][info][gc,phases,start] GC(289) Post Compact
[95.367s][info][gc,phases      ] GC(289) Post Compact 7.888ms
[95.367s][info][gc,heap        ] GC(289) PSYoungGen: 89097K(160256K)->89097K(160256K) Eden: 41984K(41984K)->41984K(41984K) From: 47113K(118272K)->47113K(118272K)
[95.367s][info][gc,heap        ] GC(289) ParOldGen: 3481376K(3481600K)->3481376K(3481600K)
[95.367s][info][gc,metaspace   ] GC(289) Metaspace: 6297K(6464K)->6297K(6464K) NonClass: 5763K(5824K)->5763K(5824K) Class: 533K(640K)->533K(640K)
[95.367s][info][gc             ] GC(289) Pause Full (Ergonomics) 3486M->3486M(3556M) 1157.699ms
[95.367s][info][gc,cpu         ] GC(289) User=7.81s Sys=0.00s Real=1.16s
[95.367s][info][gc,start       ] GC(290) Pause Full (Ergonomics)
[95.367s][info][gc,phases,start] GC(290) Marking Phase
[96.215s][info][gc,phases      ] GC(290) Marking Phase 848.034ms
[96.215s][info][gc,phases,start] GC(290) Summary Phase
[96.215s][info][gc,phases      ] GC(290) Summary Phase 0.097ms
[96.215s][info][gc,phases,start] GC(290) Adjust Roots
[96.216s][info][gc,phases      ] GC(290) Adjust Roots 0.222ms
[96.216s][info][gc,phases,start] GC(290) Compaction Phase
[96.507s][info][gc,phases      ] GC(290) Compaction Phase 291.089ms
[96.507s][info][gc,phases,start] GC(290) Post Compact
[96.515s][info][gc,phases      ] GC(290) Post Compact 8.594ms
[96.515s][info][gc,heap        ] GC(290) PSYoungGen: 89097K(160256K)->89097K(160256K) Eden: 41984K(41984K)->41984K(41984K) From: 47113K(118272K)->47113K(118272K)
[96.516s][info][gc,heap        ] GC(290) ParOldGen: 3481381K(3481600K)->3481381K(3481600K)
[96.516s][info][gc,metaspace   ] GC(290) Metaspace: 6297K(6464K)->6297K(6464K) NonClass: 5763K(5824K)->5763K(5824K) Class: 533K(640K)->533K(640K)
[96.516s][info][gc             ] GC(290) Pause Full (Ergonomics) 3486M->3486M(3556M) 1148.470ms
[96.516s][info][gc,cpu         ] GC(290) User=8.12s Sys=0.00s Real=1.15s
[96.516s][info][gc,start       ] GC(291) Pause Full (Ergonomics)
[96.516s][info][gc,phases,start] GC(291) Marking Phase
[97.334s][info][gc,phases      ] GC(291) Marking Phase 817.796ms
[97.334s][info][gc,phases,start] GC(291) Summary Phase
[97.334s][info][gc,phases      ] GC(291) Summary Phase 0.079ms
[97.334s][info][gc,phases,start] GC(291) Adjust Roots
[97.334s][info][gc,phases      ] GC(291) Adjust Roots 0.263ms
[97.334s][info][gc,phases,start] GC(291) Compaction Phase
[97.631s][info][gc,phases      ] GC(291) Compaction Phase 296.834ms
[97.631s][info][gc,phases,start] GC(291) Post Compact
[97.639s][info][gc,phases      ] GC(291) Post Compact 8.080ms
[97.639s][info][gc,heap        ] GC(291) PSYoungGen: 89097K(160256K)->89097K(160256K) Eden: 41984K(41984K)->41984K(41984K) From: 47113K(118272K)->47113K(118272K)
[97.639s][info][gc,heap        ] GC(291) ParOldGen: 3481386K(3481600K)->3481386K(3481600K)
[97.639s][info][gc,metaspace   ] GC(291) Metaspace: 6297K(6464K)->6297K(6464K) NonClass: 5763K(5824K)->5763K(5824K) Class: 533K(640K)->533K(640K)
[97.639s][info][gc             ] GC(291) Pause Full (Ergonomics) 3486M->3486M(3556M) 1123.491ms
[97.639s][info][gc,cpu         ] GC(291) User=7.92s Sys=0.02s Real=1.12s
[97.640s][info][gc,start       ] GC(292) Pause Full (Ergonomics)
[97.640s][info][gc,phases,start] GC(292) Marking Phase
[98.463s][info][gc,phases      ] GC(292) Marking Phase 823.874ms
[98.464s][info][gc,phases,start] GC(292) Summary Phase
[98.464s][info][gc,phases      ] GC(292) Summary Phase 0.065ms
[98.464s][info][gc,phases,start] GC(292) Adjust Roots
[98.464s][info][gc,phases      ] GC(292) Adjust Roots 0.224ms
[98.464s][info][gc,phases,start] GC(292) Compaction Phase
[98.774s][info][gc,phases      ] GC(292) Compaction Phase 309.928ms
[98.774s][info][gc,phases,start] GC(292) Post Compact
[98.782s][info][gc,phases      ] GC(292) Post Compact 7.972ms
[98.782s][info][gc,heap        ] GC(292) PSYoungGen: 89097K(160256K)->89097K(160256K) Eden: 41984K(41984K)->41984K(41984K) From: 47113K(118272K)->47113K(118272K)
[98.782s][info][gc,heap        ] GC(292) ParOldGen: 3481391K(3481600K)->3481391K(3481600K)
[98.782s][info][gc,metaspace   ] GC(292) Metaspace: 6297K(6464K)->6297K(6464K) NonClass: 5763K(5824K)->5763K(5824K) Class: 533K(640K)->533K(640K)
[98.782s][info][gc             ] GC(292) Pause Full (Ergonomics) 3486M->3486M(3556M) 1142.463ms
[98.782s][info][gc,cpu         ] GC(292) User=7.97s Sys=0.03s Real=1.14s
[98.782s][info][gc,start       ] GC(293) Pause Full (Ergonomics)
[98.782s][info][gc,phases,start] GC(293) Marking Phase
[99.617s][info][gc,phases      ] GC(293) Marking Phase 834.900ms
[99.617s][info][gc,phases,start] GC(293) Summary Phase
[99.617s][info][gc,phases      ] GC(293) Summary Phase 0.075ms
[99.617s][info][gc,phases,start] GC(293) Adjust Roots
[99.618s][info][gc,phases      ] GC(293) Adjust Roots 0.308ms
[99.618s][info][gc,phases,start] GC(293) Compaction Phase
[99.917s][info][gc,phases      ] GC(293) Compaction Phase 299.547ms
[99.917s][info][gc,phases,start] GC(293) Post Compact
[99.926s][info][gc,phases      ] GC(293) Post Compact 8.693ms
[99.926s][info][gc,heap        ] GC(293) PSYoungGen: 89097K(160256K)->89097K(160256K) Eden: 41984K(41984K)->41984K(41984K) From: 47113K(118272K)->47113K(118272K)
[99.926s][info][gc,heap        ] GC(293) ParOldGen: 3481395K(3481600K)->3481395K(3481600K)
[99.926s][info][gc,metaspace   ] GC(293) Metaspace: 6297K(6464K)->6297K(6464K) NonClass: 5763K(5824K)->5763K(5824K) Class: 533K(640K)->533K(640K)
[99.926s][info][gc             ] GC(293) Pause Full (Ergonomics) 3486M->3486M(3556M) 1144.082ms
[99.926s][info][gc,cpu         ] GC(293) User=8.23s Sys=0.00s Real=1.14s
[99.927s][info][gc,start       ] GC(294) Pause Full (Ergonomics)
[99.927s][info][gc,phases,start] GC(294) Marking Phase
[100.751s][info][gc,phases      ] GC(294) Marking Phase 824.709ms
[100.751s][info][gc,phases,start] GC(294) Summary Phase
[100.751s][info][gc,phases      ] GC(294) Summary Phase 0.056ms
[100.751s][info][gc,phases,start] GC(294) Adjust Roots
[100.752s][info][gc,phases      ] GC(294) Adjust Roots 0.215ms
[100.752s][info][gc,phases,start] GC(294) Compaction Phase
[101.067s][info][gc,phases      ] GC(294) Compaction Phase 315.377ms
[101.067s][info][gc,phases,start] GC(294) Post Compact
[101.075s][info][gc,phases      ] GC(294) Post Compact 7.575ms
[101.075s][info][gc,heap        ] GC(294) PSYoungGen: 89097K(160256K)->89097K(160256K) Eden: 41984K(41984K)->41984K(41984K) From: 47113K(118272K)->47113K(118272K)
[101.075s][info][gc,heap        ] GC(294) ParOldGen: 3481400K(3481600K)->3481400K(3481600K)
[101.075s][info][gc,metaspace   ] GC(294) Metaspace: 6297K(6464K)->6297K(6464K) NonClass: 5763K(5824K)->5763K(5824K) Class: 533K(640K)->533K(640K)
[101.075s][info][gc             ] GC(294) Pause Full (Ergonomics) 3486M->3486M(3556M) 1148.353ms
[101.075s][info][gc,cpu         ] GC(294) User=8.05s Sys=0.00s Real=1.15s
[101.075s][info][gc,start       ] GC(295) Pause Full (Ergonomics)
[101.075s][info][gc,phases,start] GC(295) Marking Phase
[101.903s][info][gc,phases      ] GC(295) Marking Phase 827.693ms
[101.903s][info][gc,phases,start] GC(295) Summary Phase
[101.903s][info][gc,phases      ] GC(295) Summary Phase 0.059ms
[101.903s][info][gc,phases,start] GC(295) Adjust Roots
[101.903s][info][gc,phases      ] GC(295) Adjust Roots 0.283ms
[101.903s][info][gc,phases,start] GC(295) Compaction Phase
[102.186s][info][gc,phases      ] GC(295) Compaction Phase 282.427ms
[102.186s][info][gc,phases,start] GC(295) Post Compact
[102.193s][info][gc,phases      ] GC(295) Post Compact 7.358ms
[102.193s][info][gc,heap        ] GC(295) PSYoungGen: 89097K(160256K)->89097K(160256K) Eden: 41984K(41984K)->41984K(41984K) From: 47113K(118272K)->47113K(118272K)
[102.193s][info][gc,heap        ] GC(295) ParOldGen: 3481405K(3481600K)->3481405K(3481600K)
[102.193s][info][gc,metaspace   ] GC(295) Metaspace: 6297K(6464K)->6297K(6464K) NonClass: 5763K(5824K)->5763K(5824K) Class: 533K(640K)->533K(640K)
[102.193s][info][gc             ] GC(295) Pause Full (Ergonomics) 3486M->3486M(3556M) 1118.251ms
[102.193s][info][gc,cpu         ] GC(295) User=8.05s Sys=0.02s Real=1.12s
[102.194s][info][gc,start       ] GC(296) Pause Full (Ergonomics)
[102.194s][info][gc,phases,start] GC(296) Marking Phase
[103.021s][info][gc,phases      ] GC(296) Marking Phase 827.011ms
[103.021s][info][gc,phases,start] GC(296) Summary Phase
[103.021s][info][gc,phases      ] GC(296) Summary Phase 0.050ms
[103.021s][info][gc,phases,start] GC(296) Adjust Roots
[103.021s][info][gc,phases      ] GC(296) Adjust Roots 0.218ms
[103.021s][info][gc,phases,start] GC(296) Compaction Phase
[103.349s][info][gc,phases      ] GC(296) Compaction Phase 328.027ms
[103.349s][info][gc,phases,start] GC(296) Post Compact
[103.357s][info][gc,phases      ] GC(296) Post Compact 8.247ms
[103.357s][info][gc,heap        ] GC(296) PSYoungGen: 89097K(160256K)->89097K(160256K) Eden: 41984K(41984K)->41984K(41984K) From: 47113K(118272K)->47113K(118272K)
[103.358s][info][gc,heap        ] GC(296) ParOldGen: 3481410K(3481600K)->3481410K(3481600K)
[103.358s][info][gc,metaspace   ] GC(296) Metaspace: 6297K(6464K)->6297K(6464K) NonClass: 5763K(5824K)->5763K(5824K) Class: 533K(640K)->533K(640K)
[103.358s][info][gc             ] GC(296) Pause Full (Ergonomics) 3486M->3486M(3556M) 1163.946ms
[103.358s][info][gc,cpu         ] GC(296) User=8.00s Sys=0.00s Real=1.16s
[103.358s][info][gc,start       ] GC(297) Pause Full (Ergonomics)
[103.358s][info][gc,phases,start] GC(297) Marking Phase
[104.273s][info][gc,phases      ] GC(297) Marking Phase 914.859ms
[104.273s][info][gc,phases,start] GC(297) Summary Phase
[104.273s][info][gc,phases      ] GC(297) Summary Phase 0.044ms
[104.273s][info][gc,phases,start] GC(297) Adjust Roots
[104.273s][info][gc,phases      ] GC(297) Adjust Roots 0.160ms
[104.273s][info][gc,phases,start] GC(297) Compaction Phase
[104.582s][info][gc,phases      ] GC(297) Compaction Phase 309.345ms
[104.582s][info][gc,phases,start] GC(297) Post Compact
[104.590s][info][gc,phases      ] GC(297) Post Compact 7.149ms
[104.590s][info][gc,heap        ] GC(297) PSYoungGen: 89097K(160256K)->89097K(160256K) Eden: 41984K(41984K)->41984K(41984K) From: 47113K(118272K)->47113K(118272K)
[104.590s][info][gc,heap        ] GC(297) ParOldGen: 3481415K(3481600K)->3481415K(3481600K)
[104.590s][info][gc,metaspace   ] GC(297) Metaspace: 6297K(6464K)->6297K(6464K) NonClass: 5763K(5824K)->5763K(5824K) Class: 533K(640K)->533K(640K)
[104.590s][info][gc             ] GC(297) Pause Full (Ergonomics) 3486M->3486M(3556M) 1231.910ms
[104.590s][info][gc,cpu         ] GC(297) User=7.20s Sys=0.05s Real=1.23s
[104.590s][info][gc,start       ] GC(298) Pause Full (Ergonomics)
[104.590s][info][gc,phases,start] GC(298) Marking Phase
[105.473s][info][gc,phases      ] GC(298) Marking Phase 883.150ms
[105.473s][info][gc,phases,start] GC(298) Summary Phase
[105.473s][info][gc,phases      ] GC(298) Summary Phase 0.084ms
[105.473s][info][gc,phases,start] GC(298) Adjust Roots
[105.474s][info][gc,phases      ] GC(298) Adjust Roots 0.355ms
[105.474s][info][gc,phases,start] GC(298) Compaction Phase
[105.798s][info][gc,phases      ] GC(298) Compaction Phase 323.972ms
[105.798s][info][gc,phases,start] GC(298) Post Compact
[105.806s][info][gc,phases      ] GC(298) Post Compact 7.717ms
[105.806s][info][gc,heap        ] GC(298) PSYoungGen: 89097K(160256K)->89097K(160256K) Eden: 41984K(41984K)->41984K(41984K) From: 47113K(118272K)->47113K(118272K)
[105.806s][info][gc,heap        ] GC(298) ParOldGen: 3481420K(3481600K)->3481420K(3481600K)
[105.806s][info][gc,metaspace   ] GC(298) Metaspace: 6297K(6464K)->6297K(6464K) NonClass: 5763K(5824K)->5763K(5824K) Class: 533K(640K)->533K(640K)
[105.806s][info][gc             ] GC(298) Pause Full (Ergonomics) 3486M->3486M(3556M) 1215.776ms
[105.806s][info][gc,cpu         ] GC(298) User=8.00s Sys=0.02s Real=1.21s
[105.806s][info][gc,start       ] GC(299) Pause Full (Ergonomics)
[105.806s][info][gc,phases,start] GC(299) Marking Phase
[106.687s][info][gc,phases      ] GC(299) Marking Phase 880.808ms
[106.687s][info][gc,phases,start] GC(299) Summary Phase
[106.687s][info][gc,phases      ] GC(299) Summary Phase 0.084ms
[106.687s][info][gc,phases,start] GC(299) Adjust Roots
[106.687s][info][gc,phases      ] GC(299) Adjust Roots 0.297ms
[106.687s][info][gc,phases,start] GC(299) Compaction Phase
[107.036s][info][gc,phases      ] GC(299) Compaction Phase 348.766ms
[107.036s][info][gc,phases,start] GC(299) Post Compact
[107.044s][info][gc,phases      ] GC(299) Post Compact 8.044ms
[107.044s][info][gc,heap        ] GC(299) PSYoungGen: 89097K(160256K)->89097K(160256K) Eden: 41984K(41984K)->41984K(41984K) From: 47113K(118272K)->47113K(118272K)
[107.044s][info][gc,heap        ] GC(299) ParOldGen: 3481424K(3481600K)->3481424K(3481600K)
[107.044s][info][gc,metaspace   ] GC(299) Metaspace: 6297K(6464K)->6297K(6464K) NonClass: 5763K(5824K)->5763K(5824K) Class: 533K(640K)->533K(640K)
[107.044s][info][gc             ] GC(299) Pause Full (Ergonomics) 3486M->3486M(3556M) 1238.439ms
[107.044s][info][gc,cpu         ] GC(299) User=7.73s Sys=0.02s Real=1.24s
[107.045s][info][gc,start       ] GC(300) Pause Full (Ergonomics)
[107.045s][info][gc,phases,start] GC(300) Marking Phase
[107.894s][info][gc,phases      ] GC(300) Marking Phase 849.546ms
[107.894s][info][gc,phases,start] GC(300) Summary Phase
[107.894s][info][gc,phases      ] GC(300) Summary Phase 0.052ms
[107.894s][info][gc,phases,start] GC(300) Adjust Roots
[107.895s][info][gc,phases      ] GC(300) Adjust Roots 0.211ms
[107.895s][info][gc,phases,start] GC(300) Compaction Phase
[108.197s][info][gc,phases      ] GC(300) Compaction Phase 302.652ms
[108.197s][info][gc,phases,start] GC(300) Post Compact
[108.206s][info][gc,phases      ] GC(300) Post Compact 8.750ms
[108.206s][info][gc,heap        ] GC(300) PSYoungGen: 89097K(160256K)->89097K(160256K) Eden: 41984K(41984K)->41984K(41984K) From: 47113K(118272K)->47113K(118272K)
[108.206s][info][gc,heap        ] GC(300) ParOldGen: 3481429K(3481600K)->3481429K(3481600K)
[108.206s][info][gc,metaspace   ] GC(300) Metaspace: 6297K(6464K)->6297K(6464K) NonClass: 5763K(5824K)->5763K(5824K) Class: 533K(640K)->533K(640K)
[108.206s][info][gc             ] GC(300) Pause Full (Ergonomics) 3486M->3486M(3556M) 1161.680ms
[108.206s][info][gc,cpu         ] GC(300) User=7.75s Sys=0.02s Real=1.16s
[108.207s][info][gc,start       ] GC(301) Pause Full (Ergonomics)
[108.207s][info][gc,phases,start] GC(301) Marking Phase
[109.067s][info][gc,phases      ] GC(301) Marking Phase 860.366ms
[109.067s][info][gc,phases,start] GC(301) Summary Phase
[109.067s][info][gc,phases      ] GC(301) Summary Phase 0.064ms
[109.067s][info][gc,phases,start] GC(301) Adjust Roots
[109.067s][info][gc,phases      ] GC(301) Adjust Roots 0.242ms
[109.067s][info][gc,phases,start] GC(301) Compaction Phase
[109.402s][info][gc,phases      ] GC(301) Compaction Phase 334.155ms
[109.402s][info][gc,phases,start] GC(301) Post Compact
[109.410s][info][gc,phases      ] GC(301) Post Compact 8.264ms
[109.410s][info][gc,heap        ] GC(301) PSYoungGen: 89097K(160256K)->89097K(160256K) Eden: 41984K(41984K)->41984K(41984K) From: 47113K(118272K)->47113K(118272K)
[109.410s][info][gc,heap        ] GC(301) ParOldGen: 3481434K(3481600K)->3481434K(3481600K)
[109.410s][info][gc,metaspace   ] GC(301) Metaspace: 6297K(6464K)->6297K(6464K) NonClass: 5763K(5824K)->5763K(5824K) Class: 533K(640K)->533K(640K)
[109.410s][info][gc             ] GC(301) Pause Full (Ergonomics) 3486M->3486M(3556M) 1203.500ms
[109.410s][info][gc,cpu         ] GC(301) User=7.95s Sys=0.00s Real=1.20s
[109.410s][info][gc,start       ] GC(302) Pause Full (Ergonomics)
[109.410s][info][gc,phases,start] GC(302) Marking Phase
[110.275s][info][gc,phases      ] GC(302) Marking Phase 864.506ms
[110.275s][info][gc,phases,start] GC(302) Summary Phase
[110.275s][info][gc,phases      ] GC(302) Summary Phase 0.110ms
[110.275s][info][gc,phases,start] GC(302) Adjust Roots
[110.275s][info][gc,phases      ] GC(302) Adjust Roots 0.319ms
[110.275s][info][gc,phases,start] GC(302) Compaction Phase
[110.587s][info][gc,phases      ] GC(302) Compaction Phase 311.517ms
[110.587s][info][gc,phases,start] GC(302) Post Compact
[110.595s][info][gc,phases      ] GC(302) Post Compact 7.949ms
[110.595s][info][gc,heap        ] GC(302) PSYoungGen: 89097K(160256K)->89097K(160256K) Eden: 41984K(41984K)->41984K(41984K) From: 47113K(118272K)->47113K(118272K)
[110.595s][info][gc,heap        ] GC(302) ParOldGen: 3481439K(3481600K)->3481439K(3481600K)
[110.595s][info][gc,metaspace   ] GC(302) Metaspace: 6297K(6464K)->6297K(6464K) NonClass: 5763K(5824K)->5763K(5824K) Class: 533K(640K)->533K(640K)
[110.595s][info][gc             ] GC(302) Pause Full (Ergonomics) 3486M->3486M(3556M) 1184.819ms
[110.595s][info][gc,cpu         ] GC(302) User=7.78s Sys=0.02s Real=1.18s
[110.595s][info][gc,start       ] GC(303) Pause Full (Ergonomics)
[110.595s][info][gc,phases,start] GC(303) Marking Phase
[111.448s][info][gc,phases      ] GC(303) Marking Phase 852.820ms
[111.448s][info][gc,phases,start] GC(303) Summary Phase
[111.448s][info][gc,phases      ] GC(303) Summary Phase 0.102ms
[111.448s][info][gc,phases,start] GC(303) Adjust Roots
[111.449s][info][gc,phases      ] GC(303) Adjust Roots 0.344ms
[111.449s][info][gc,phases,start] GC(303) Compaction Phase
[111.754s][info][gc,phases      ] GC(303) Compaction Phase 305.396ms
[111.754s][info][gc,phases,start] GC(303) Post Compact
[111.762s][info][gc,phases      ] GC(303) Post Compact 7.272ms
[111.762s][info][gc,heap        ] GC(303) PSYoungGen: 89097K(160256K)->89097K(160256K) Eden: 41984K(41984K)->41984K(41984K) From: 47113K(118272K)->47113K(118272K)
[111.762s][info][gc,heap        ] GC(303) ParOldGen: 3481444K(3481600K)->3481444K(3481600K)
[111.762s][info][gc,metaspace   ] GC(303) Metaspace: 6297K(6464K)->6297K(6464K) NonClass: 5763K(5824K)->5763K(5824K) Class: 533K(640K)->533K(640K)
[111.762s][info][gc             ] GC(303) Pause Full (Ergonomics) 3486M->3486M(3556M) 1166.375ms
[111.762s][info][gc,cpu         ] GC(303) User=7.64s Sys=0.03s Real=1.17s
[111.762s][info][gc,start       ] GC(304) Pause Full (Ergonomics)
[111.762s][info][gc,phases,start] GC(304) Marking Phase
[112.594s][info][gc,phases      ] GC(304) Marking Phase 831.782ms
[112.594s][info][gc,phases,start] GC(304) Summary Phase
[112.594s][info][gc,phases      ] GC(304) Summary Phase 0.060ms
[112.594s][info][gc,phases,start] GC(304) Adjust Roots
[112.594s][info][gc,phases      ] GC(304) Adjust Roots 0.455ms
[112.594s][info][gc,phases,start] GC(304) Compaction Phase
[112.914s][info][gc,phases      ] GC(304) Compaction Phase 319.456ms
[112.914s][info][gc,phases,start] GC(304) Post Compact
[112.921s][info][gc,phases      ] GC(304) Post Compact 7.349ms
[112.922s][info][gc,heap        ] GC(304) PSYoungGen: 89097K(160256K)->89097K(160256K) Eden: 41984K(41984K)->41984K(41984K) From: 47113K(118272K)->47113K(118272K)
[112.922s][info][gc,heap        ] GC(304) ParOldGen: 3481449K(3481600K)->3481449K(3481600K)
[112.922s][info][gc,metaspace   ] GC(304) Metaspace: 6297K(6464K)->6297K(6464K) NonClass: 5763K(5824K)->5763K(5824K) Class: 533K(640K)->533K(640K)
[112.922s][info][gc             ] GC(304) Pause Full (Ergonomics) 3486M->3486M(3556M) 1159.591ms
[112.922s][info][gc,cpu         ] GC(304) User=7.98s Sys=0.00s Real=1.16s
[112.922s][info][gc,start       ] GC(305) Pause Full (Ergonomics)
[112.922s][info][gc,phases,start] GC(305) Marking Phase
[113.765s][info][gc,phases      ] GC(305) Marking Phase 843.417ms
[113.765s][info][gc,phases,start] GC(305) Summary Phase
[113.765s][info][gc,phases      ] GC(305) Summary Phase 0.056ms
[113.765s][info][gc,phases,start] GC(305) Adjust Roots
[113.766s][info][gc,phases      ] GC(305) Adjust Roots 0.271ms
[113.766s][info][gc,phases,start] GC(305) Compaction Phase
[114.123s][info][gc,phases      ] GC(305) Compaction Phase 357.186ms
[114.123s][info][gc,phases,start] GC(305) Post Compact
[114.131s][info][gc,phases      ] GC(305) Post Compact 7.613ms
[114.131s][info][gc,heap        ] GC(305) PSYoungGen: 89097K(160256K)->89097K(160256K) Eden: 41984K(41984K)->41984K(41984K) From: 47113K(118272K)->47113K(118272K)
[114.131s][info][gc,heap        ] GC(305) ParOldGen: 3481453K(3481600K)->3481453K(3481600K)
[114.131s][info][gc,metaspace   ] GC(305) Metaspace: 6297K(6464K)->6297K(6464K) NonClass: 5763K(5824K)->5763K(5824K) Class: 533K(640K)->533K(640K)
[114.131s][info][gc             ] GC(305) Pause Full (Ergonomics) 3486M->3486M(3556M) 1208.904ms
[114.131s][info][gc,cpu         ] GC(305) User=7.83s Sys=0.00s Real=1.21s
[114.131s][info][gc,start       ] GC(306) Pause Full (Ergonomics)
[114.131s][info][gc,phases,start] GC(306) Marking Phase
[114.986s][info][gc,phases      ] GC(306) Marking Phase 855.303ms
[114.986s][info][gc,phases,start] GC(306) Summary Phase
[114.987s][info][gc,phases      ] GC(306) Summary Phase 0.079ms
[114.987s][info][gc,phases,start] GC(306) Adjust Roots
[114.987s][info][gc,phases      ] GC(306) Adjust Roots 0.337ms
[114.987s][info][gc,phases,start] GC(306) Compaction Phase
[115.352s][info][gc,phases      ] GC(306) Compaction Phase 365.346ms
[115.352s][info][gc,phases,start] GC(306) Post Compact
[115.360s][info][gc,phases      ] GC(306) Post Compact 8.139ms
[115.361s][info][gc,heap        ] GC(306) PSYoungGen: 89097K(160256K)->89097K(160256K) Eden: 41984K(41984K)->41984K(41984K) From: 47113K(118272K)->47113K(118272K)
[115.361s][info][gc,heap        ] GC(306) ParOldGen: 3481458K(3481600K)->3481458K(3481600K)
[115.361s][info][gc,metaspace   ] GC(306) Metaspace: 6297K(6464K)->6297K(6464K) NonClass: 5763K(5824K)->5763K(5824K) Class: 533K(640K)->533K(640K)
[115.361s][info][gc             ] GC(306) Pause Full (Ergonomics) 3486M->3486M(3556M) 1229.628ms
[115.361s][info][gc,cpu         ] GC(306) User=8.20s Sys=0.00s Real=1.23s
[115.361s][info][gc,start       ] GC(307) Pause Full (Ergonomics)
[115.361s][info][gc,phases,start] GC(307) Marking Phase
[116.229s][info][gc,phases      ] GC(307) Marking Phase 868.240ms
[116.229s][info][gc,phases,start] GC(307) Summary Phase
[116.229s][info][gc,phases      ] GC(307) Summary Phase 0.067ms
[116.229s][info][gc,phases,start] GC(307) Adjust Roots
[116.230s][info][gc,phases      ] GC(307) Adjust Roots 0.228ms
[116.230s][info][gc,phases,start] GC(307) Compaction Phase
[116.659s][info][gc,phases      ] GC(307) Compaction Phase 429.069ms
[116.659s][info][gc,phases,start] GC(307) Post Compact
[116.669s][info][gc,phases      ] GC(307) Post Compact 9.851ms
[116.669s][info][gc,heap        ] GC(307) PSYoungGen: 89097K(160256K)->89097K(160256K) Eden: 41984K(41984K)->41984K(41984K) From: 47113K(118272K)->47113K(118272K)
[116.669s][info][gc,heap        ] GC(307) ParOldGen: 3481463K(3481600K)->3481463K(3481600K)
[116.669s][info][gc,metaspace   ] GC(307) Metaspace: 6297K(6464K)->6297K(6464K) NonClass: 5763K(5824K)->5763K(5824K) Class: 533K(640K)->533K(640K)
[116.669s][info][gc             ] GC(307) Pause Full (Ergonomics) 3486M->3486M(3556M) 1307.931ms
[116.669s][info][gc,cpu         ] GC(307) User=8.17s Sys=0.02s Real=1.31s
[116.669s][info][gc,start       ] GC(308) Pause Full (Ergonomics)
[116.669s][info][gc,phases,start] GC(308) Marking Phase
[117.520s][info][gc,phases      ] GC(308) Marking Phase 851.391ms
[117.521s][info][gc,phases,start] GC(308) Summary Phase
[117.521s][info][gc,phases      ] GC(308) Summary Phase 0.068ms
[117.521s][info][gc,phases,start] GC(308) Adjust Roots
[117.521s][info][gc,phases      ] GC(308) Adjust Roots 0.287ms
[117.521s][info][gc,phases,start] GC(308) Compaction Phase
[117.877s][info][gc,phases      ] GC(308) Compaction Phase 356.462ms
[117.877s][info][gc,phases,start] GC(308) Post Compact
[117.886s][info][gc,phases      ] GC(308) Post Compact 8.278ms
[117.886s][info][gc,heap        ] GC(308) PSYoungGen: 89097K(160256K)->89097K(160256K) Eden: 41984K(41984K)->41984K(41984K) From: 47113K(118272K)->47113K(118272K)
[117.886s][info][gc,heap        ] GC(308) ParOldGen: 3481468K(3481600K)->3481468K(3481600K)
[117.886s][info][gc,metaspace   ] GC(308) Metaspace: 6297K(6464K)->6297K(6464K) NonClass: 5763K(5824K)->5763K(5824K) Class: 533K(640K)->533K(640K)
[117.886s][info][gc             ] GC(308) Pause Full (Ergonomics) 3486M->3486M(3556M) 1216.968ms
[117.886s][info][gc,cpu         ] GC(308) User=7.88s Sys=0.02s Real=1.22s
[117.886s][info][gc,start       ] GC(309) Pause Full (Ergonomics)
[117.886s][info][gc,phases,start] GC(309) Marking Phase
[118.723s][info][gc,phases      ] GC(309) Marking Phase 837.130ms
[118.723s][info][gc,phases,start] GC(309) Summary Phase
[118.724s][info][gc,phases      ] GC(309) Summary Phase 0.083ms
[118.724s][info][gc,phases,start] GC(309) Adjust Roots
[118.724s][info][gc,phases      ] GC(309) Adjust Roots 0.355ms
[118.724s][info][gc,phases,start] GC(309) Compaction Phase
[119.055s][info][gc,phases      ] GC(309) Compaction Phase 330.936ms
[119.055s][info][gc,phases,start] GC(309) Post Compact
[119.062s][info][gc,phases      ] GC(309) Post Compact 7.410ms
[119.062s][info][gc,heap        ] GC(309) PSYoungGen: 89097K(160256K)->89097K(160256K) Eden: 41984K(41984K)->41984K(41984K) From: 47113K(118272K)->47113K(118272K)
[119.063s][info][gc,heap        ] GC(309) ParOldGen: 3481473K(3481600K)->3481473K(3481600K)
[119.063s][info][gc,metaspace   ] GC(309) Metaspace: 6297K(6464K)->6297K(6464K) NonClass: 5763K(5824K)->5763K(5824K) Class: 533K(640K)->533K(640K)
[119.063s][info][gc             ] GC(309) Pause Full (Ergonomics) 3486M->3486M(3556M) 1176.341ms
[119.063s][info][gc,cpu         ] GC(309) User=8.30s Sys=0.02s Real=1.18s
[119.063s][info][gc,start       ] GC(310) Pause Full (Ergonomics)
[119.063s][info][gc,phases,start] GC(310) Marking Phase
[119.892s][info][gc,phases      ] GC(310) Marking Phase 828.893ms
[119.892s][info][gc,phases,start] GC(310) Summary Phase
[119.892s][info][gc,phases      ] GC(310) Summary Phase 0.081ms
[119.892s][info][gc,phases,start] GC(310) Adjust Roots
[119.892s][info][gc,phases      ] GC(310) Adjust Roots 0.276ms
[119.892s][info][gc,phases,start] GC(310) Compaction Phase
[120.229s][info][gc,phases      ] GC(310) Compaction Phase 336.606ms
[120.229s][info][gc,phases,start] GC(310) Post Compact
[120.239s][info][gc,phases      ] GC(310) Post Compact 10.034ms
[120.239s][info][gc,heap        ] GC(310) PSYoungGen: 89097K(160256K)->89097K(160256K) Eden: 41984K(41984K)->41984K(41984K) From: 47113K(118272K)->47113K(118272K)
[120.239s][info][gc,heap        ] GC(310) ParOldGen: 3481478K(3481600K)->3481478K(3481600K)
[120.239s][info][gc,metaspace   ] GC(310) Metaspace: 6297K(6464K)->6297K(6464K) NonClass: 5763K(5824K)->5763K(5824K) Class: 533K(640K)->533K(640K)
[120.239s][info][gc             ] GC(310) Pause Full (Ergonomics) 3486M->3486M(3556M) 1176.363ms
[120.239s][info][gc,cpu         ] GC(310) User=7.80s Sys=0.00s Real=1.18s
[120.239s][info][gc,start       ] GC(311) Pause Full (Ergonomics)
[120.239s][info][gc,phases,start] GC(311) Marking Phase
[121.059s][info][gc,phases      ] GC(311) Marking Phase 819.768ms
[121.059s][info][gc,phases,start] GC(311) Summary Phase
[121.059s][info][gc,phases      ] GC(311) Summary Phase 0.095ms
[121.059s][info][gc,phases,start] GC(311) Adjust Roots
[121.060s][info][gc,phases      ] GC(311) Adjust Roots 0.395ms
[121.060s][info][gc,phases,start] GC(311) Compaction Phase
[121.383s][info][gc,phases      ] GC(311) Compaction Phase 322.796ms
[121.383s][info][gc,phases,start] GC(311) Post Compact
[121.391s][info][gc,phases      ] GC(311) Post Compact 7.861ms
[121.391s][info][gc,heap        ] GC(311) PSYoungGen: 89097K(160256K)->89097K(160256K) Eden: 41984K(41984K)->41984K(41984K) From: 47113K(118272K)->47113K(118272K)
[121.391s][info][gc,heap        ] GC(311) ParOldGen: 3481482K(3481600K)->3481482K(3481600K)
[121.391s][info][gc,metaspace   ] GC(311) Metaspace: 6297K(6464K)->6297K(6464K) NonClass: 5763K(5824K)->5763K(5824K) Class: 533K(640K)->533K(640K)
[121.391s][info][gc             ] GC(311) Pause Full (Ergonomics) 3486M->3486M(3556M) 1151.401ms
[121.391s][info][gc,cpu         ] GC(311) User=7.72s Sys=0.00s Real=1.15s
[121.391s][info][gc,start       ] GC(312) Pause Full (Ergonomics)
[121.391s][info][gc,phases,start] GC(312) Marking Phase
[122.248s][info][gc,phases      ] GC(312) Marking Phase 856.632ms
[122.248s][info][gc,phases,start] GC(312) Summary Phase
[122.248s][info][gc,phases      ] GC(312) Summary Phase 0.075ms
[122.248s][info][gc,phases,start] GC(312) Adjust Roots
[122.248s][info][gc,phases      ] GC(312) Adjust Roots 0.421ms
[122.248s][info][gc,phases,start] GC(312) Compaction Phase
[122.551s][info][gc,phases      ] GC(312) Compaction Phase 302.539ms
[122.551s][info][gc,phases,start] GC(312) Post Compact
[122.558s][info][gc,phases      ] GC(312) Post Compact 7.249ms
[122.558s][info][gc,heap        ] GC(312) PSYoungGen: 89097K(160256K)->89097K(160256K) Eden: 41984K(41984K)->41984K(41984K) From: 47113K(118272K)->47113K(118272K)
[122.558s][info][gc,heap        ] GC(312) ParOldGen: 3481487K(3481600K)->3481487K(3481600K)
[122.558s][info][gc,metaspace   ] GC(312) Metaspace: 6297K(6464K)->6297K(6464K) NonClass: 5763K(5824K)->5763K(5824K) Class: 533K(640K)->533K(640K)
[122.558s][info][gc             ] GC(312) Pause Full (Ergonomics) 3486M->3486M(3556M) 1167.330ms
[122.558s][info][gc,cpu         ] GC(312) User=7.81s Sys=0.02s Real=1.17s
[122.559s][info][gc,start       ] GC(313) Pause Full (Ergonomics)
[122.559s][info][gc,phases,start] GC(313) Marking Phase
[123.378s][info][gc,phases      ] GC(313) Marking Phase 819.448ms
[123.378s][info][gc,phases,start] GC(313) Summary Phase
[123.378s][info][gc,phases      ] GC(313) Summary Phase 0.089ms
[123.378s][info][gc,phases,start] GC(313) Adjust Roots
[123.379s][info][gc,phases      ] GC(313) Adjust Roots 0.266ms
[123.379s][info][gc,phases,start] GC(313) Compaction Phase
[123.683s][info][gc,phases      ] GC(313) Compaction Phase 304.131ms
[123.683s][info][gc,phases,start] GC(313) Post Compact
[123.690s][info][gc,phases      ] GC(313) Post Compact 7.319ms
[123.690s][info][gc,heap        ] GC(313) PSYoungGen: 89097K(160256K)->89097K(160256K) Eden: 41984K(41984K)->41984K(41984K) From: 47113K(118272K)->47113K(118272K)
[123.690s][info][gc,heap        ] GC(313) ParOldGen: 3481492K(3481600K)->3481492K(3481600K)
[123.690s][info][gc,metaspace   ] GC(313) Metaspace: 6297K(6464K)->6297K(6464K) NonClass: 5763K(5824K)->5763K(5824K) Class: 533K(640K)->533K(640K)
[123.690s][info][gc             ] GC(313) Pause Full (Ergonomics) 3486M->3486M(3556M) 1131.674ms
[123.690s][info][gc,cpu         ] GC(313) User=7.94s Sys=0.00s Real=1.13s
[123.691s][info][gc,start       ] GC(314) Pause Full (Ergonomics)
[123.691s][info][gc,phases,start] GC(314) Marking Phase
[124.537s][info][gc,phases      ] GC(314) Marking Phase 846.162ms
[124.537s][info][gc,phases,start] GC(314) Summary Phase
[124.537s][info][gc,phases      ] GC(314) Summary Phase 0.050ms
[124.537s][info][gc,phases,start] GC(314) Adjust Roots
[124.537s][info][gc,phases      ] GC(314) Adjust Roots 0.259ms
[124.537s][info][gc,phases,start] GC(314) Compaction Phase
[124.833s][info][gc,phases      ] GC(314) Compaction Phase 295.727ms
[124.833s][info][gc,phases,start] GC(314) Post Compact
[124.840s][info][gc,phases      ] GC(314) Post Compact 6.804ms
[124.840s][info][gc,heap        ] GC(314) PSYoungGen: 89097K(160256K)->89097K(160256K) Eden: 41984K(41984K)->41984K(41984K) From: 47113K(118272K)->47113K(118272K)
[124.840s][info][gc,heap        ] GC(314) ParOldGen: 3481497K(3481600K)->3481497K(3481600K)
[124.840s][info][gc,metaspace   ] GC(314) Metaspace: 6297K(6464K)->6297K(6464K) NonClass: 5763K(5824K)->5763K(5824K) Class: 533K(640K)->533K(640K)
[124.840s][info][gc             ] GC(314) Pause Full (Ergonomics) 3486M->3486M(3556M) 1149.349ms
[124.840s][info][gc,cpu         ] GC(314) User=7.86s Sys=0.00s Real=1.15s
[124.840s][info][gc,start       ] GC(315) Pause Full (Ergonomics)
[124.840s][info][gc,phases,start] GC(315) Marking Phase
[125.677s][info][gc,phases      ] GC(315) Marking Phase 836.522ms
[125.677s][info][gc,phases,start] GC(315) Summary Phase
[125.677s][info][gc,phases      ] GC(315) Summary Phase 0.095ms
[125.677s][info][gc,phases,start] GC(315) Adjust Roots
[125.677s][info][gc,phases      ] GC(315) Adjust Roots 0.365ms
[125.677s][info][gc,phases,start] GC(315) Compaction Phase
[125.986s][info][gc,phases      ] GC(315) Compaction Phase 308.729ms
[125.986s][info][gc,phases,start] GC(315) Post Compact
[125.993s][info][gc,phases      ] GC(315) Post Compact 6.933ms
[125.993s][info][gc,heap        ] GC(315) PSYoungGen: 89097K(160256K)->89097K(160256K) Eden: 41984K(41984K)->41984K(41984K) From: 47113K(118272K)->47113K(118272K)
[125.993s][info][gc,heap        ] GC(315) ParOldGen: 3481502K(3481600K)->3481502K(3481600K)
[125.993s][info][gc,metaspace   ] GC(315) Metaspace: 6297K(6464K)->6297K(6464K) NonClass: 5763K(5824K)->5763K(5824K) Class: 533K(640K)->533K(640K)
[125.993s][info][gc             ] GC(315) Pause Full (Ergonomics) 3486M->3486M(3556M) 1153.206ms
[125.993s][info][gc,cpu         ] GC(315) User=8.05s Sys=0.00s Real=1.15s
[125.994s][info][gc,start       ] GC(316) Pause Full (Ergonomics)
[125.994s][info][gc,phases,start] GC(316) Marking Phase
[126.845s][info][gc,phases      ] GC(316) Marking Phase 851.074ms
[126.845s][info][gc,phases,start] GC(316) Summary Phase
[126.845s][info][gc,phases      ] GC(316) Summary Phase 0.068ms
[126.845s][info][gc,phases,start] GC(316) Adjust Roots
[126.845s][info][gc,phases      ] GC(316) Adjust Roots 0.327ms
[126.845s][info][gc,phases,start] GC(316) Compaction Phase
[127.171s][info][gc,phases      ] GC(316) Compaction Phase 326.019ms
[127.171s][info][gc,phases,start] GC(316) Post Compact
[127.179s][info][gc,phases      ] GC(316) Post Compact 7.245ms
[127.179s][info][gc,heap        ] GC(316) PSYoungGen: 89097K(160256K)->89097K(160256K) Eden: 41984K(41984K)->41984K(41984K) From: 47113K(118272K)->47113K(118272K)
[127.179s][info][gc,heap        ] GC(316) ParOldGen: 3481507K(3481600K)->3481507K(3481600K)
[127.179s][info][gc,metaspace   ] GC(316) Metaspace: 6297K(6464K)->6297K(6464K) NonClass: 5763K(5824K)->5763K(5824K) Class: 533K(640K)->533K(640K)
[127.179s][info][gc             ] GC(316) Pause Full (Ergonomics) 3486M->3486M(3556M) 1185.158ms
[127.179s][info][gc,cpu         ] GC(316) User=8.27s Sys=0.02s Real=1.19s
[127.179s][info][gc,start       ] GC(317) Pause Full (Ergonomics)
[127.179s][info][gc,phases,start] GC(317) Marking Phase
[128.043s][info][gc,phases      ] GC(317) Marking Phase 864.412ms
[128.043s][info][gc,phases,start] GC(317) Summary Phase
[128.044s][info][gc,phases      ] GC(317) Summary Phase 0.075ms
[128.044s][info][gc,phases,start] GC(317) Adjust Roots
[128.044s][info][gc,phases      ] GC(317) Adjust Roots 0.302ms
[128.044s][info][gc,phases,start] GC(317) Compaction Phase
[128.345s][info][gc,phases      ] GC(317) Compaction Phase 300.597ms
[128.345s][info][gc,phases,start] GC(317) Post Compact
[128.352s][info][gc,phases      ] GC(317) Post Compact 7.195ms
[128.352s][info][gc,heap        ] GC(317) PSYoungGen: 89097K(160256K)->89097K(160256K) Eden: 41984K(41984K)->41984K(41984K) From: 47113K(118272K)->47113K(118272K)
[128.352s][info][gc,heap        ] GC(317) ParOldGen: 3481511K(3481600K)->3481511K(3481600K)
[128.352s][info][gc,metaspace   ] GC(317) Metaspace: 6297K(6464K)->6297K(6464K) NonClass: 5763K(5824K)->5763K(5824K) Class: 533K(640K)->533K(640K)
[128.352s][info][gc             ] GC(317) Pause Full (Ergonomics) 3486M->3486M(3556M) 1172.983ms
[128.352s][info][gc,cpu         ] GC(317) User=7.97s Sys=0.00s Real=1.17s
[128.352s][info][gc,start       ] GC(318) Pause Full (Ergonomics)
[128.352s][info][gc,phases,start] GC(318) Marking Phase
[129.199s][info][gc,phases      ] GC(318) Marking Phase 847.168ms
[129.199s][info][gc,phases,start] GC(318) Summary Phase
[129.200s][info][gc,phases      ] GC(318) Summary Phase 0.087ms
[129.200s][info][gc,phases,start] GC(318) Adjust Roots
[129.200s][info][gc,phases      ] GC(318) Adjust Roots 0.354ms
[129.200s][info][gc,phases,start] GC(318) Compaction Phase
[129.516s][info][gc,phases      ] GC(318) Compaction Phase 316.155ms
[129.516s][info][gc,phases,start] GC(318) Post Compact
[129.523s][info][gc,phases      ] GC(318) Post Compact 6.690ms
[129.523s][info][gc,heap        ] GC(318) PSYoungGen: 89097K(160256K)->89097K(160256K) Eden: 41984K(41984K)->41984K(41984K) From: 47113K(118272K)->47113K(118272K)
[129.523s][info][gc,heap        ] GC(318) ParOldGen: 3481516K(3481600K)->3481516K(3481600K)
[129.523s][info][gc,metaspace   ] GC(318) Metaspace: 6297K(6464K)->6297K(6464K) NonClass: 5763K(5824K)->5763K(5824K) Class: 533K(640K)->533K(640K)
[129.523s][info][gc             ] GC(318) Pause Full (Ergonomics) 3486M->3486M(3556M) 1170.900ms
[129.523s][info][gc,cpu         ] GC(318) User=8.11s Sys=0.00s Real=1.17s
[129.524s][info][gc,start       ] GC(319) Pause Full (Ergonomics)
[129.524s][info][gc,phases,start] GC(319) Marking Phase
[130.360s][info][gc,phases      ] GC(319) Marking Phase 836.284ms
[130.360s][info][gc,phases,start] GC(319) Summary Phase
[130.360s][info][gc,phases      ] GC(319) Summary Phase 0.077ms
[130.360s][info][gc,phases,start] GC(319) Adjust Roots
[130.360s][info][gc,phases      ] GC(319) Adjust Roots 0.314ms
[130.360s][info][gc,phases,start] GC(319) Compaction Phase
[130.651s][info][gc,phases      ] GC(319) Compaction Phase 290.544ms
[130.651s][info][gc,phases,start] GC(319) Post Compact
[130.659s][info][gc,phases      ] GC(319) Post Compact 8.129ms
[130.659s][info][gc,heap        ] GC(319) PSYoungGen: 89097K(160256K)->89097K(160256K) Eden: 41984K(41984K)->41984K(41984K) From: 47113K(118272K)->47113K(118272K)
[130.659s][info][gc,heap        ] GC(319) ParOldGen: 3481521K(3481600K)->3481521K(3481600K)
[130.659s][info][gc,metaspace   ] GC(319) Metaspace: 6297K(6464K)->6297K(6464K) NonClass: 5763K(5824K)->5763K(5824K) Class: 533K(640K)->533K(640K)
[130.659s][info][gc             ] GC(319) Pause Full (Ergonomics) 3486M->3486M(3556M) 1135.813ms
[130.659s][info][gc,cpu         ] GC(319) User=8.00s Sys=0.02s Real=1.14s
[130.660s][info][gc,start       ] GC(320) Pause Full (Ergonomics)
[130.660s][info][gc,phases,start] GC(320) Marking Phase
[131.499s][info][gc,phases      ] GC(320) Marking Phase 839.489ms
[131.499s][info][gc,phases,start] GC(320) Summary Phase
[131.499s][info][gc,phases      ] GC(320) Summary Phase 0.055ms
[131.499s][info][gc,phases,start] GC(320) Adjust Roots
[131.500s][info][gc,phases      ] GC(320) Adjust Roots 0.270ms
[131.500s][info][gc,phases,start] GC(320) Compaction Phase
[131.806s][info][gc,phases      ] GC(320) Compaction Phase 306.469ms
[131.806s][info][gc,phases,start] GC(320) Post Compact
[131.813s][info][gc,phases      ] GC(320) Post Compact 6.840ms
[131.813s][info][gc,heap        ] GC(320) PSYoungGen: 89097K(160256K)->89097K(160256K) Eden: 41984K(41984K)->41984K(41984K) From: 47113K(118272K)->47113K(118272K)
[131.813s][info][gc,heap        ] GC(320) ParOldGen: 3481526K(3481600K)->3481526K(3481600K)
[131.813s][info][gc,metaspace   ] GC(320) Metaspace: 6297K(6464K)->6297K(6464K) NonClass: 5763K(5824K)->5763K(5824K) Class: 533K(640K)->533K(640K)
[131.813s][info][gc             ] GC(320) Pause Full (Ergonomics) 3486M->3486M(3556M) 1153.533ms
[131.813s][info][gc,cpu         ] GC(320) User=7.69s Sys=0.02s Real=1.15s
[131.813s][info][gc,start       ] GC(321) Pause Full (Ergonomics)
[131.813s][info][gc,phases,start] GC(321) Marking Phase
[132.651s][info][gc,phases      ] GC(321) Marking Phase 837.917ms
[132.651s][info][gc,phases,start] GC(321) Summary Phase
[132.652s][info][gc,phases      ] GC(321) Summary Phase 0.057ms
[132.652s][info][gc,phases,start] GC(321) Adjust Roots
[132.652s][info][gc,phases      ] GC(321) Adjust Roots 0.298ms
[132.652s][info][gc,phases,start] GC(321) Compaction Phase
[132.952s][info][gc,phases      ] GC(321) Compaction Phase 299.733ms
[132.952s][info][gc,phases,start] GC(321) Post Compact
[132.959s][info][gc,phases      ] GC(321) Post Compact 7.387ms
[132.959s][info][gc,heap        ] GC(321) PSYoungGen: 89097K(160256K)->89097K(160256K) Eden: 41984K(41984K)->41984K(41984K) From: 47113K(118272K)->47113K(118272K)
[132.959s][info][gc,heap        ] GC(321) ParOldGen: 3481531K(3481600K)->3481531K(3481600K)
[132.959s][info][gc,metaspace   ] GC(321) Metaspace: 6297K(6464K)->6297K(6464K) NonClass: 5763K(5824K)->5763K(5824K) Class: 533K(640K)->533K(640K)
[132.959s][info][gc             ] GC(321) Pause Full (Ergonomics) 3486M->3486M(3556M) 1145.881ms
[132.959s][info][gc,cpu         ] GC(321) User=7.92s Sys=0.02s Real=1.15s
[132.960s][info][gc,start       ] GC(322) Pause Full (Ergonomics)
[132.960s][info][gc,phases,start] GC(322) Marking Phase
[133.801s][info][gc,phases      ] GC(322) Marking Phase 841.177ms
[133.801s][info][gc,phases,start] GC(322) Summary Phase
[133.801s][info][gc,phases      ] GC(322) Summary Phase 0.055ms
[133.801s][info][gc,phases,start] GC(322) Adjust Roots
[133.801s][info][gc,phases      ] GC(322) Adjust Roots 0.284ms
[133.801s][info][gc,phases,start] GC(322) Compaction Phase
[134.091s][info][gc,phases      ] GC(322) Compaction Phase 289.560ms
[134.091s][info][gc,phases,start] GC(322) Post Compact
[134.098s][info][gc,phases      ] GC(322) Post Compact 7.253ms
[134.098s][info][gc,heap        ] GC(322) PSYoungGen: 89097K(160256K)->89097K(160256K) Eden: 41984K(41984K)->41984K(41984K) From: 47113K(118272K)->47113K(118272K)
[134.098s][info][gc,heap        ] GC(322) ParOldGen: 3481536K(3481600K)->3481536K(3481600K)
[134.098s][info][gc,metaspace   ] GC(322) Metaspace: 6297K(6464K)->6297K(6464K) NonClass: 5763K(5824K)->5763K(5824K) Class: 533K(640K)->533K(640K)
[134.098s][info][gc             ] GC(322) Pause Full (Ergonomics) 3486M->3486M(3556M) 1138.743ms
[134.098s][info][gc,cpu         ] GC(322) User=7.80s Sys=0.00s Real=1.14s
[134.099s][info][gc,start       ] GC(323) Pause Full (Ergonomics)
[134.099s][info][gc,phases,start] GC(323) Marking Phase
[134.957s][info][gc,phases      ] GC(323) Marking Phase 858.482ms
[134.957s][info][gc,phases,start] GC(323) Summary Phase
[134.957s][info][gc,phases      ] GC(323) Summary Phase 0.051ms
[134.957s][info][gc,phases,start] GC(323) Adjust Roots
[134.957s][info][gc,phases      ] GC(323) Adjust Roots 0.219ms
[134.957s][info][gc,phases,start] GC(323) Compaction Phase
[135.232s][info][gc,phases      ] GC(323) Compaction Phase 274.978ms
[135.232s][info][gc,phases,start] GC(323) Post Compact
[135.240s][info][gc,phases      ] GC(323) Post Compact 7.814ms
[135.240s][info][gc,heap        ] GC(323) PSYoungGen: 89097K(160256K)->89097K(160256K) Eden: 41984K(41984K)->41984K(41984K) From: 47113K(118272K)->47113K(118272K)
[135.240s][info][gc,heap        ] GC(323) ParOldGen: 3481540K(3481600K)->3481540K(3481600K)
[135.240s][info][gc,metaspace   ] GC(323) Metaspace: 6297K(6464K)->6297K(6464K) NonClass: 5763K(5824K)->5763K(5824K) Class: 533K(640K)->533K(640K)
[135.240s][info][gc             ] GC(323) Pause Full (Ergonomics) 3486M->3486M(3556M) 1141.942ms
[135.241s][info][gc,cpu         ] GC(323) User=7.98s Sys=0.02s Real=1.14s
[135.241s][info][gc,start       ] GC(324) Pause Full (Ergonomics)
[135.241s][info][gc,phases,start] GC(324) Marking Phase
[136.091s][info][gc,phases      ] GC(324) Marking Phase 849.791ms
[136.091s][info][gc,phases,start] GC(324) Summary Phase
[136.091s][info][gc,phases      ] GC(324) Summary Phase 0.051ms
[136.091s][info][gc,phases,start] GC(324) Adjust Roots
[136.091s][info][gc,phases      ] GC(324) Adjust Roots 0.211ms
[136.091s][info][gc,phases,start] GC(324) Compaction Phase
[136.382s][info][gc,phases      ] GC(324) Compaction Phase 291.472ms
[136.382s][info][gc,phases,start] GC(324) Post Compact
[136.390s][info][gc,phases      ] GC(324) Post Compact 7.281ms
[136.390s][info][gc,heap        ] GC(324) PSYoungGen: 89097K(160256K)->89097K(160256K) Eden: 41984K(41984K)->41984K(41984K) From: 47113K(118272K)->47113K(118272K)
[136.390s][info][gc,heap        ] GC(324) ParOldGen: 3481545K(3481600K)->3481545K(3481600K)
[136.390s][info][gc,metaspace   ] GC(324) Metaspace: 6297K(6464K)->6297K(6464K) NonClass: 5763K(5824K)->5763K(5824K) Class: 533K(640K)->533K(640K)
[136.390s][info][gc             ] GC(324) Pause Full (Ergonomics) 3486M->3486M(3556M) 1149.157ms
[136.390s][info][gc,cpu         ] GC(324) User=7.88s Sys=0.02s Real=1.15s
[136.390s][info][gc,start       ] GC(325) Pause Full (Ergonomics)
[136.390s][info][gc,phases,start] GC(325) Marking Phase
[137.212s][info][gc,phases      ] GC(325) Marking Phase 822.242ms
[137.212s][info][gc,phases,start] GC(325) Summary Phase
[137.213s][info][gc,phases      ] GC(325) Summary Phase 0.070ms
[137.213s][info][gc,phases,start] GC(325) Adjust Roots
[137.213s][info][gc,phases      ] GC(325) Adjust Roots 0.245ms
[137.213s][info][gc,phases,start] GC(325) Compaction Phase
[137.500s][info][gc,phases      ] GC(325) Compaction Phase 286.644ms
[137.500s][info][gc,phases,start] GC(325) Post Compact
[137.507s][info][gc,phases      ] GC(325) Post Compact 7.109ms
[137.507s][info][gc,heap        ] GC(325) PSYoungGen: 89097K(160256K)->89097K(160256K) Eden: 41984K(41984K)->41984K(41984K) From: 47113K(118272K)->47113K(118272K)
[137.507s][info][gc,heap        ] GC(325) ParOldGen: 3481550K(3481600K)->3481550K(3481600K)
[137.507s][info][gc,metaspace   ] GC(325) Metaspace: 6297K(6464K)->6297K(6464K) NonClass: 5763K(5824K)->5763K(5824K) Class: 533K(640K)->533K(640K)
[137.507s][info][gc             ] GC(325) Pause Full (Ergonomics) 3486M->3486M(3556M) 1116.689ms
[137.507s][info][gc,cpu         ] GC(325) User=7.73s Sys=0.00s Real=1.12s
[137.507s][info][gc,start       ] GC(326) Pause Full (Ergonomics)
[137.507s][info][gc,phases,start] GC(326) Marking Phase
[138.343s][info][gc,phases      ] GC(326) Marking Phase 836.233ms
[138.343s][info][gc,phases,start] GC(326) Summary Phase
[138.343s][info][gc,phases      ] GC(326) Summary Phase 0.079ms
[138.343s][info][gc,phases,start] GC(326) Adjust Roots
[138.344s][info][gc,phases      ] GC(326) Adjust Roots 0.305ms
[138.344s][info][gc,phases,start] GC(326) Compaction Phase
[138.633s][info][gc,phases      ] GC(326) Compaction Phase 288.665ms
[138.633s][info][gc,phases,start] GC(326) Post Compact
[138.641s][info][gc,phases      ] GC(326) Post Compact 8.173ms
[138.641s][info][gc,heap        ] GC(326) PSYoungGen: 89097K(160256K)->89097K(160256K) Eden: 41984K(41984K)->41984K(41984K) From: 47113K(118272K)->47113K(118272K)
[138.641s][info][gc,heap        ] GC(326) ParOldGen: 3481555K(3481600K)->3481555K(3481600K)
[138.641s][info][gc,metaspace   ] GC(326) Metaspace: 6297K(6464K)->6297K(6464K) NonClass: 5763K(5824K)->5763K(5824K) Class: 533K(640K)->533K(640K)
[138.641s][info][gc             ] GC(326) Pause Full (Ergonomics) 3486M->3486M(3556M) 1133.914ms
[138.641s][info][gc,cpu         ] GC(326) User=7.62s Sys=0.03s Real=1.13s
[138.641s][info][gc,start       ] GC(327) Pause Full (Ergonomics)
[138.641s][info][gc,phases,start] GC(327) Marking Phase
[139.556s][info][gc,phases      ] GC(327) Marking Phase 915.158ms
[139.556s][info][gc,phases,start] GC(327) Summary Phase
[139.557s][info][gc,phases      ] GC(327) Summary Phase 0.074ms
[139.557s][info][gc,phases,start] GC(327) Adjust Roots
[139.557s][info][gc,phases      ] GC(327) Adjust Roots 0.283ms
[139.557s][info][gc,phases,start] GC(327) Compaction Phase
[139.854s][info][gc,phases      ] GC(327) Compaction Phase 297.406ms
[139.854s][info][gc,phases,start] GC(327) Post Compact
[139.861s][info][gc,phases      ] GC(327) Post Compact 6.882ms
[139.861s][info][gc,heap        ] GC(327) PSYoungGen: 89097K(160256K)->89097K(160256K) Eden: 41984K(41984K)->41984K(41984K) From: 47113K(118272K)->47113K(118272K)
[139.861s][info][gc,heap        ] GC(327) ParOldGen: 3481560K(3481600K)->3481560K(3481600K)
[139.861s][info][gc,metaspace   ] GC(327) Metaspace: 6297K(6464K)->6297K(6464K) NonClass: 5763K(5824K)->5763K(5824K) Class: 533K(640K)->533K(640K)
[139.861s][info][gc             ] GC(327) Pause Full (Ergonomics) 3486M->3486M(3556M) 1220.225ms
[139.861s][info][gc,cpu         ] GC(327) User=7.97s Sys=0.00s Real=1.22s
[139.862s][info][gc,start       ] GC(328) Pause Full (Ergonomics)
[139.862s][info][gc,phases,start] GC(328) Marking Phase
[140.717s][info][gc,phases      ] GC(328) Marking Phase 855.273ms
[140.717s][info][gc,phases,start] GC(328) Summary Phase
[140.717s][info][gc,phases      ] GC(328) Summary Phase 0.089ms
[140.717s][info][gc,phases,start] GC(328) Adjust Roots
[140.717s][info][gc,phases      ] GC(328) Adjust Roots 0.317ms
[140.718s][info][gc,phases,start] GC(328) Compaction Phase
[141.005s][info][gc,phases      ] GC(328) Compaction Phase 287.444ms
[141.005s][info][gc,phases,start] GC(328) Post Compact
[141.013s][info][gc,phases      ] GC(328) Post Compact 8.058ms
[141.013s][info][gc,heap        ] GC(328) PSYoungGen: 89097K(160256K)->89097K(160256K) Eden: 41984K(41984K)->41984K(41984K) From: 47113K(118272K)->47113K(118272K)
[141.013s][info][gc,heap        ] GC(328) ParOldGen: 3481565K(3481600K)->3481565K(3481600K)
[141.013s][info][gc,metaspace   ] GC(328) Metaspace: 6297K(6464K)->6297K(6464K) NonClass: 5763K(5824K)->5763K(5824K) Class: 533K(640K)->533K(640K)
[141.013s][info][gc             ] GC(328) Pause Full (Ergonomics) 3486M->3486M(3556M) 1151.722ms
[141.013s][info][gc,cpu         ] GC(328) User=7.72s Sys=0.00s Real=1.15s
[141.014s][info][gc,start       ] GC(329) Pause Full (Ergonomics)
[141.014s][info][gc,phases,start] GC(329) Marking Phase
[141.933s][info][gc,phases      ] GC(329) Marking Phase 919.279ms
[141.933s][info][gc,phases,start] GC(329) Summary Phase
[141.933s][info][gc,phases      ] GC(329) Summary Phase 0.047ms
[141.933s][info][gc,phases,start] GC(329) Adjust Roots
[141.933s][info][gc,phases      ] GC(329) Adjust Roots 0.203ms
[141.933s][info][gc,phases,start] GC(329) Compaction Phase
[142.221s][info][gc,phases      ] GC(329) Compaction Phase 287.794ms
[142.221s][info][gc,phases,start] GC(329) Post Compact
[142.229s][info][gc,phases      ] GC(329) Post Compact 7.954ms
[142.229s][info][gc,heap        ] GC(329) PSYoungGen: 89097K(160256K)->89097K(160256K) Eden: 41984K(41984K)->41984K(41984K) From: 47113K(118272K)->47113K(118272K)
[142.229s][info][gc,heap        ] GC(329) ParOldGen: 3481569K(3481600K)->3481569K(3481600K)
[142.229s][info][gc,metaspace   ] GC(329) Metaspace: 6297K(6464K)->6297K(6464K) NonClass: 5763K(5824K)->5763K(5824K) Class: 533K(640K)->533K(640K)
[142.229s][info][gc             ] GC(329) Pause Full (Ergonomics) 3486M->3486M(3556M) 1215.697ms
[142.229s][info][gc,cpu         ] GC(329) User=7.80s Sys=0.03s Real=1.22s
[142.230s][info][gc,start       ] GC(330) Pause Full (Ergonomics)
[142.230s][info][gc,phases,start] GC(330) Marking Phase
[143.133s][info][gc,phases      ] GC(330) Marking Phase 903.185ms
[143.133s][info][gc,phases,start] GC(330) Summary Phase
[143.133s][info][gc,phases      ] GC(330) Summary Phase 0.094ms
[143.133s][info][gc,phases,start] GC(330) Adjust Roots
[143.133s][info][gc,phases      ] GC(330) Adjust Roots 0.384ms
[143.133s][info][gc,phases,start] GC(330) Compaction Phase
[143.429s][info][gc,phases      ] GC(330) Compaction Phase 295.656ms
[143.429s][info][gc,phases,start] GC(330) Post Compact
[143.437s][info][gc,phases      ] GC(330) Post Compact 7.408ms
[143.437s][info][gc,heap        ] GC(330) PSYoungGen: 89097K(160256K)->89097K(160256K) Eden: 41984K(41984K)->41984K(41984K) From: 47113K(118272K)->47113K(118272K)
[143.437s][info][gc,heap        ] GC(330) ParOldGen: 3481574K(3481600K)->3481574K(3481600K)
[143.437s][info][gc,metaspace   ] GC(330) Metaspace: 6297K(6464K)->6297K(6464K) NonClass: 5763K(5824K)->5763K(5824K) Class: 533K(640K)->533K(640K)
[143.437s][info][gc             ] GC(330) Pause Full (Ergonomics) 3486M->3486M(3556M) 1207.227ms
[143.437s][info][gc,cpu         ] GC(330) User=7.89s Sys=0.00s Real=1.21s
[143.437s][info][gc,start       ] GC(331) Pause Full (Ergonomics)
[143.437s][info][gc,phases,start] GC(331) Marking Phase
[144.306s][info][gc,phases      ] GC(331) Marking Phase 868.655ms
[144.306s][info][gc,phases,start] GC(331) Summary Phase
[144.306s][info][gc,phases      ] GC(331) Summary Phase 0.079ms
[144.306s][info][gc,phases,start] GC(331) Adjust Roots
[144.306s][info][gc,phases      ] GC(331) Adjust Roots 0.340ms
[144.306s][info][gc,phases,start] GC(331) Compaction Phase
[144.610s][info][gc,phases      ] GC(331) Compaction Phase 303.318ms
[144.610s][info][gc,phases,start] GC(331) Post Compact
[144.618s][info][gc,phases      ] GC(331) Post Compact 7.850ms
[144.618s][info][gc,heap        ] GC(331) PSYoungGen: 89097K(160256K)->89097K(160256K) Eden: 41984K(41984K)->41984K(41984K) From: 47113K(118272K)->47113K(118272K)
[144.618s][info][gc,heap        ] GC(331) ParOldGen: 3481579K(3481600K)->3481579K(3481600K)
[144.618s][info][gc,metaspace   ] GC(331) Metaspace: 6297K(6464K)->6297K(6464K) NonClass: 5763K(5824K)->5763K(5824K) Class: 533K(640K)->533K(640K)
[144.618s][info][gc             ] GC(331) Pause Full (Ergonomics) 3486M->3486M(3556M) 1180.731ms
[144.618s][info][gc,cpu         ] GC(331) User=7.94s Sys=0.00s Real=1.18s
[144.618s][info][gc,start       ] GC(332) Pause Full (Ergonomics)
[144.618s][info][gc,phases,start] GC(332) Marking Phase
[145.519s][info][gc,phases      ] GC(332) Marking Phase 900.684ms
[145.519s][info][gc,phases,start] GC(332) Summary Phase
[145.519s][info][gc,phases      ] GC(332) Summary Phase 0.077ms
[145.519s][info][gc,phases,start] GC(332) Adjust Roots
[145.519s][info][gc,phases      ] GC(332) Adjust Roots 0.373ms
[145.519s][info][gc,phases,start] GC(332) Compaction Phase
[145.829s][info][gc,phases      ] GC(332) Compaction Phase 309.688ms
[145.829s][info][gc,phases,start] GC(332) Post Compact
[145.837s][info][gc,phases      ] GC(332) Post Compact 8.065ms
[145.837s][info][gc,heap        ] GC(332) PSYoungGen: 89097K(160256K)->89097K(160256K) Eden: 41984K(41984K)->41984K(41984K) From: 47113K(118272K)->47113K(118272K)
[145.837s][info][gc,heap        ] GC(332) ParOldGen: 3481584K(3481600K)->3481584K(3481600K)
[145.837s][info][gc,metaspace   ] GC(332) Metaspace: 6297K(6464K)->6297K(6464K) NonClass: 5763K(5824K)->5763K(5824K) Class: 533K(640K)->533K(640K)
[145.837s][info][gc             ] GC(332) Pause Full (Ergonomics) 3486M->3486M(3556M) 1219.373ms
[145.837s][info][gc,cpu         ] GC(332) User=8.02s Sys=0.02s Real=1.22s
[145.838s][info][gc,start       ] GC(333) Pause Full (Ergonomics)
[145.838s][info][gc,phases,start] GC(333) Marking Phase
[146.752s][info][gc,phases      ] GC(333) Marking Phase 914.645ms
[146.752s][info][gc,phases,start] GC(333) Summary Phase
[146.752s][info][gc,phases      ] GC(333) Summary Phase 0.085ms
[146.752s][info][gc,phases,start] GC(333) Adjust Roots
[146.753s][info][gc,phases      ] GC(333) Adjust Roots 0.340ms
[146.753s][info][gc,phases,start] GC(333) Compaction Phase
[147.099s][info][gc,phases      ] GC(333) Compaction Phase 346.248ms
[147.099s][info][gc,phases,start] GC(333) Post Compact
[147.107s][info][gc,phases      ] GC(333) Post Compact 7.576ms
[147.107s][info][gc,heap        ] GC(333) PSYoungGen: 89097K(160256K)->89097K(160256K) Eden: 41984K(41984K)->41984K(41984K) From: 47113K(118272K)->47113K(118272K)
[147.107s][info][gc,heap        ] GC(333) ParOldGen: 3481589K(3481600K)->3481589K(3481600K)
[147.107s][info][gc,metaspace   ] GC(333) Metaspace: 6297K(6464K)->6297K(6464K) NonClass: 5763K(5824K)->5763K(5824K) Class: 533K(640K)->533K(640K)
[147.107s][info][gc             ] GC(333) Pause Full (Ergonomics) 3486M->3486M(3556M) 1269.478ms
[147.107s][info][gc,cpu         ] GC(333) User=7.64s Sys=0.00s Real=1.27s
[147.107s][info][gc,start       ] GC(334) Pause Full (Ergonomics)
[147.107s][info][gc,phases,start] GC(334) Marking Phase
[148.014s][info][gc,phases      ] GC(334) Marking Phase 906.933ms
[148.014s][info][gc,phases,start] GC(334) Summary Phase
[148.014s][info][gc,phases      ] GC(334) Summary Phase 0.051ms
[148.014s][info][gc,phases,start] GC(334) Adjust Roots
[148.015s][info][gc,phases      ] GC(334) Adjust Roots 0.278ms
[148.015s][info][gc,phases,start] GC(334) Compaction Phase
[148.321s][info][gc,phases      ] GC(334) Compaction Phase 306.031ms
[148.321s][info][gc,phases,start] GC(334) Post Compact
[148.329s][info][gc,phases      ] GC(334) Post Compact 8.369ms
[148.329s][info][gc,heap        ] GC(334) PSYoungGen: 89097K(160256K)->89097K(160256K) Eden: 41984K(41984K)->41984K(41984K) From: 47113K(118272K)->47113K(118272K)
[148.329s][info][gc,heap        ] GC(334) ParOldGen: 3481594K(3481600K)->3481594K(3481600K)
[148.329s][info][gc,metaspace   ] GC(334) Metaspace: 6297K(6464K)->6297K(6464K) NonClass: 5763K(5824K)->5763K(5824K) Class: 533K(640K)->533K(640K)
[148.329s][info][gc             ] GC(334) Pause Full (Ergonomics) 3487M->3487M(3556M) 1222.083ms
[148.329s][info][gc,cpu         ] GC(334) User=7.36s Sys=0.02s Real=1.22s
[148.330s][info][gc,start       ] GC(335) Pause Full (Ergonomics)
[148.330s][info][gc,phases,start] GC(335) Marking Phase
[149.235s][info][gc,phases      ] GC(335) Marking Phase 905.734ms
[149.235s][info][gc,phases,start] GC(335) Summary Phase
[149.236s][info][gc,phases      ] GC(335) Summary Phase 0.084ms
[149.236s][info][gc,phases,start] GC(335) Adjust Roots
[149.236s][info][gc,phases      ] GC(335) Adjust Roots 0.336ms
[149.236s][info][gc,phases,start] GC(335) Compaction Phase
[149.540s][info][gc,phases      ] GC(335) Compaction Phase 304.038ms
[149.540s][info][gc,phases,start] GC(335) Post Compact
[149.548s][info][gc,phases      ] GC(335) Post Compact 8.288ms
[149.549s][info][gc,heap        ] GC(335) PSYoungGen: 89097K(160256K)->89097K(160256K) Eden: 41984K(41984K)->41984K(41984K) From: 47113K(118272K)->47113K(118272K)
[149.549s][info][gc,heap        ] GC(335) ParOldGen: 3481598K(3481600K)->3481598K(3481600K)
[149.549s][info][gc,metaspace   ] GC(335) Metaspace: 6297K(6464K)->6297K(6464K) NonClass: 5763K(5824K)->5763K(5824K) Class: 533K(640K)->533K(640K)
[149.549s][info][gc             ] GC(335) Pause Full (Ergonomics) 3487M->3487M(3556M) 1219.051ms
[149.549s][info][gc,cpu         ] GC(335) User=7.53s Sys=0.00s Real=1.22s
[149.549s][info][gc,start       ] GC(336) Pause Full (Ergonomics)
[149.549s][info][gc,phases,start] GC(336) Marking Phase
[150.380s][info][gc,phases      ] GC(336) Marking Phase 831.402ms
[150.380s][info][gc,phases,start] GC(336) Summary Phase
[150.380s][info][gc,phases      ] GC(336) Summary Phase 0.076ms
[150.380s][info][gc,phases,start] GC(336) Adjust Roots
[150.381s][info][gc,phases      ] GC(336) Adjust Roots 0.281ms
[150.381s][info][gc,phases,start] GC(336) Compaction Phase
[150.663s][info][gc,phases      ] GC(336) Compaction Phase 282.596ms
[150.663s][info][gc,phases,start] GC(336) Post Compact
[150.671s][info][gc,phases      ] GC(336) Post Compact 7.496ms
[150.671s][info][gc,heap        ] GC(336) PSYoungGen: 89097K(160256K)->89097K(160256K) Eden: 41984K(41984K)->41984K(41984K) From: 47113K(118272K)->47113K(118272K)
[150.671s][info][gc,heap        ] GC(336) ParOldGen: 3481599K(3481600K)->3481599K(3481600K)
[150.671s][info][gc,metaspace   ] GC(336) Metaspace: 6297K(6464K)->6297K(6464K) NonClass: 5763K(5824K)->5763K(5824K) Class: 533K(640K)->533K(640K)
[150.671s][info][gc             ] GC(336) Pause Full (Ergonomics) 3487M->3487M(3556M) 1122.274ms
[150.671s][info][gc,cpu         ] GC(336) User=7.77s Sys=0.03s Real=1.12s
[150.671s][info][gc,start       ] GC(337) Pause Full (Allocation Failure)
[150.671s][info][gc,phases,start] GC(337) Marking Phase
[151.558s][info][gc,phases      ] GC(337) Marking Phase 887.187ms
[151.558s][info][gc,phases,start] GC(337) Summary Phase
[151.559s][info][gc,phases      ] GC(337) Summary Phase 0.062ms
[151.559s][info][gc,phases,start] GC(337) Adjust Roots
[151.559s][info][gc,phases      ] GC(337) Adjust Roots 0.525ms
[151.559s][info][gc,phases,start] GC(337) Compaction Phase
[152.479s][info][gc,phases      ] GC(337) Compaction Phase 920.095ms
[152.479s][info][gc,phases,start] GC(337) Post Compact
[152.487s][info][gc,phases      ] GC(337) Post Compact 7.246ms
[152.487s][info][gc,heap        ] GC(337) PSYoungGen: 89097K(160256K)->89097K(160256K) Eden: 41984K(41984K)->41984K(41984K) From: 47113K(118272K)->47113K(118272K)
[152.487s][info][gc,heap        ] GC(337) ParOldGen: 3481599K(3481600K)->3481595K(3481600K)
[152.487s][info][gc,metaspace   ] GC(337) Metaspace: 6297K(6464K)->6295K(6464K) NonClass: 5763K(5824K)->5762K(5824K) Class: 533K(640K)->532K(640K)
[152.487s][info][gc             ] GC(337) Pause Full (Allocation Failure) 3487M->3487M(3556M) 1815.497ms
[152.487s][info][gc,cpu         ] GC(337) User=10.88s Sys=0.03s Real=1.82s
[152.487s][info][gc,start       ] GC(338) Pause Full (Ergonomics)
[152.487s][info][gc,phases,start] GC(338) Marking Phase
[153.344s][info][gc,phases      ] GC(338) Marking Phase 857.202ms
[153.344s][info][gc,phases,start] GC(338) Summary Phase
[153.345s][info][gc,phases      ] GC(338) Summary Phase 0.059ms
[153.345s][info][gc,phases,start] GC(338) Adjust Roots
[153.345s][info][gc,phases      ] GC(338) Adjust Roots 0.315ms
[153.345s][info][gc,phases,start] GC(338) Compaction Phase
[153.634s][info][gc,phases      ] GC(338) Compaction Phase 288.597ms
[153.634s][info][gc,phases,start] GC(338) Post Compact
[153.641s][info][gc,phases      ] GC(338) Post Compact 7.314ms
[153.641s][info][gc,heap        ] GC(338) PSYoungGen: 89097K(160256K)->89097K(160256K) Eden: 41984K(41984K)->41984K(41984K) From: 47113K(118272K)->47113K(118272K)
[153.641s][info][gc,heap        ] GC(338) ParOldGen: 3481599K(3481600K)->3481599K(3481600K)
[153.641s][info][gc,metaspace   ] GC(338) Metaspace: 6295K(6464K)->6295K(6464K) NonClass: 5762K(5824K)->5762K(5824K) Class: 532K(640K)->532K(640K)
[153.641s][info][gc             ] GC(338) Pause Full (Ergonomics) 3487M->3487M(3556M) 1153.936ms
[153.641s][info][gc,cpu         ] GC(338) User=7.81s Sys=0.00s Real=1.15s
[153.641s][info][gc,start       ] GC(339) Pause Full (Ergonomics)
[153.642s][info][gc,phases,start] GC(339) Marking Phase
[154.481s][info][gc,phases      ] GC(339) Marking Phase 839.949ms
[154.482s][info][gc,phases,start] GC(339) Summary Phase
[154.482s][info][gc,phases      ] GC(339) Summary Phase 0.049ms
[154.482s][info][gc,phases,start] GC(339) Adjust Roots
[154.482s][info][gc,phases      ] GC(339) Adjust Roots 0.237ms
[154.482s][info][gc,phases,start] GC(339) Compaction Phase
[154.762s][info][gc,phases      ] GC(339) Compaction Phase 280.488ms
[154.762s][info][gc,phases,start] GC(339) Post Compact
[154.770s][info][gc,phases      ] GC(339) Post Compact 7.522ms
[154.770s][info][gc,heap        ] GC(339) PSYoungGen: 89097K(160256K)->89097K(160256K) Eden: 41984K(41984K)->41984K(41984K) From: 47113K(118272K)->47113K(118272K)
[154.770s][info][gc,heap        ] GC(339) ParOldGen: 3481599K(3481600K)->3481599K(3481600K)
[154.770s][info][gc,metaspace   ] GC(339) Metaspace: 6295K(6464K)->6295K(6464K) NonClass: 5762K(5824K)->5762K(5824K) Class: 532K(640K)->532K(640K)
[154.770s][info][gc             ] GC(339) Pause Full (Ergonomics) 3487M->3487M(3556M) 1128.660ms
[154.770s][info][gc,cpu         ] GC(339) User=7.84s Sys=0.00s Real=1.13s
[154.770s][info][gc,start       ] GC(340) Pause Full (Allocation Failure)
[154.770s][info][gc,phases,start] GC(340) Marking Phase
[155.653s][info][gc,phases      ] GC(340) Marking Phase 882.564ms
[155.653s][info][gc,phases,start] GC(340) Summary Phase
[155.653s][info][gc,phases      ] GC(340) Summary Phase 0.045ms
[155.653s][info][gc,phases,start] GC(340) Adjust Roots
[155.653s][info][gc,phases      ] GC(340) Adjust Roots 0.181ms
[155.653s][info][gc,phases,start] GC(340) Compaction Phase
[155.955s][info][gc,phases      ] GC(340) Compaction Phase 302.010ms
[155.955s][info][gc,phases,start] GC(340) Post Compact
[155.962s][info][gc,phases      ] GC(340) Post Compact 6.734ms
[155.962s][info][gc,heap        ] GC(340) PSYoungGen: 89097K(160256K)->89097K(160256K) Eden: 41984K(41984K)->41984K(41984K) From: 47113K(118272K)->47113K(118272K)
[155.962s][info][gc,heap        ] GC(340) ParOldGen: 3481599K(3481600K)->3481599K(3481600K)
[155.962s][info][gc,metaspace   ] GC(340) Metaspace: 6295K(6464K)->6295K(6464K) NonClass: 5762K(5824K)->5762K(5824K) Class: 532K(640K)->532K(640K)
[155.962s][info][gc             ] GC(340) Pause Full (Allocation Failure) 3487M->3487M(3556M) 1191.909ms
[155.962s][info][gc,cpu         ] GC(340) User=7.97s Sys=0.00s Real=1.19s
[155.963s][info][gc,start       ] GC(341) Pause Full (Ergonomics)
[155.963s][info][gc,phases,start] GC(341) Marking Phase
[156.846s][info][gc,phases      ] GC(341) Marking Phase 883.576ms
[156.846s][info][gc,phases,start] GC(341) Summary Phase
[156.847s][info][gc,phases      ] GC(341) Summary Phase 0.079ms
[156.847s][info][gc,phases,start] GC(341) Adjust Roots
[156.847s][info][gc,phases      ] GC(341) Adjust Roots 0.374ms
[156.847s][info][gc,phases,start] GC(341) Compaction Phase
[157.758s][info][gc,phases      ] GC(341) Compaction Phase 910.896ms
[157.758s][info][gc,phases,start] GC(341) Post Compact
[157.766s][info][gc,phases      ] GC(341) Post Compact 7.789ms
[157.766s][info][gc,heap        ] GC(341) PSYoungGen: 89097K(160256K)->89097K(160256K) Eden: 41984K(41984K)->41984K(41984K) From: 47113K(118272K)->47113K(118272K)
[157.766s][info][gc,heap        ] GC(341) ParOldGen: 3481600K(3481600K)->3481598K(3481600K)
[157.766s][info][gc,metaspace   ] GC(341) Metaspace: 6295K(6464K)->6295K(6464K) NonClass: 5762K(5824K)->5762K(5824K) Class: 532K(640K)->532K(640K)
[157.766s][info][gc             ] GC(341) Pause Full (Ergonomics) 3487M->3487M(3556M) 1803.188ms
[157.766s][info][gc,cpu         ] GC(341) User=11.47s Sys=0.02s Real=1.80s
[157.767s][info][gc,start       ] GC(342) Pause Full (Ergonomics)
[157.767s][info][gc,phases,start] GC(342) Marking Phase
[158.615s][info][gc,phases      ] GC(342) Marking Phase 848.238ms
[158.615s][info][gc,phases,start] GC(342) Summary Phase
[158.616s][info][gc,phases      ] GC(342) Summary Phase 0.066ms
[158.616s][info][gc,phases,start] GC(342) Adjust Roots
[158.616s][info][gc,phases      ] GC(342) Adjust Roots 0.361ms
[158.616s][info][gc,phases,start] GC(342) Compaction Phase
[159.532s][info][gc,phases      ] GC(342) Compaction Phase 916.365ms
[159.532s][info][gc,phases,start] GC(342) Post Compact
[159.540s][info][gc,phases      ] GC(342) Post Compact 7.162ms
[159.540s][info][gc,heap        ] GC(342) PSYoungGen: 89097K(160256K)->89097K(160256K) Eden: 41984K(41984K)->41984K(41984K) From: 47113K(118272K)->47113K(118272K)
[159.540s][info][gc,heap        ] GC(342) ParOldGen: 3481599K(3481600K)->3481597K(3481600K)
[159.540s][info][gc,metaspace   ] GC(342) Metaspace: 6297K(6464K)->6297K(6464K) NonClass: 5763K(5824K)->5763K(5824K) Class: 533K(640K)->533K(640K)
[159.540s][info][gc             ] GC(342) Pause Full (Ergonomics) 3487M->3487M(3556M) 1772.628ms
[159.540s][info][gc,cpu         ] GC(342) User=10.95s Sys=0.03s Real=1.77s
[159.540s][info][gc,heap,exit   ] Heap
[159.540s][info][gc,heap,exit   ]  PSYoungGen      total 160256K, used 89097K [0x0000000795c00000, 0x00000007a7c00000, 0x0000000800000000)
[159.540s][info][gc,heap,exit   ]   eden space 41984K, 100% used [0x0000000795c00000,0x0000000798500000,0x0000000798500000)
[159.540s][info][gc,heap,exit   ]   from space 118272K, 39% used [0x000000079fe00000,0x00000007a2c027d0,0x00000007a7180000)
[159.540s][info][gc,heap,exit   ]   to   space 123904K, 0% used [0x0000000798500000,0x0000000798500000,0x000000079fe00000)
[159.540s][info][gc,heap,exit   ]  ParOldGen       total 3481600K, used 3481597K [0x00000006c1400000, 0x0000000795c00000, 0x0000000795c00000)
[159.540s][info][gc,heap,exit   ]   object space 3481600K, 99% used [0x00000006c1400000,0x0000000795bff798,0x0000000795c00000)
[159.540s][info][gc,heap,exit   ]  Metaspace       used 6300K, committed 6464K, reserved 1114112K
[159.540s][info][gc,heap,exit   ]   class space    used 534K, committed 640K, reserved 1048576K
