[0.011s][info][gc,init] CardTable entry size: 512
[0.011s][info][gc     ] Using Parallel
[0.012s][info][gc,init] Version: 18.0.1+10 (release)
[0.012s][info][gc,init] CPUs: 8 total, 8 available
[0.013s][info][gc,init] Memory: 16063M
[0.013s][info][gc,init] Large Page Support: Disabled
[0.013s][info][gc,init] NUMA Support: Disabled
[0.013s][info][gc,init] Compressed Oops: Enabled (Zero based)
[0.013s][info][gc,init] Alignments: Space 512K, Generation 512K, Heap 2M
[0.013s][info][gc,init] Heap Min Capacity: 2M
[0.013s][info][gc,init] Heap Initial Capacity: 2M
[0.013s][info][gc,init] Heap Max Capacity: 11100M
[0.013s][info][gc,init] Pre-touch: Disabled
[0.013s][info][gc,init] Parallel Workers: 8
[0.013s][info][gc,metaspace] CDS archive(s) not mapped
[0.013s][info][gc,metaspace] Compressed class space mapped at: 0x0000000800000000-0x0000000840000000, reserved size: 1073741824
[0.013s][info][gc,metaspace] Narrow klass base: 0x0000000800000000, Narrow klass shift: 0, Narrow klass range: 0x40000000
[0.118s][info][gc,start    ] GC(0) Pause Young (Allocation Failure)
[0.119s][info][gc,heap     ] GC(0) PSYoungGen: 512K(1024K)->480K(1024K) Eden: 512K(512K)->0K(512K) From: 0K(512K)->480K(512K)
[0.119s][info][gc,heap     ] GC(0) ParOldGen: 0K(512K)->8K(512K)
[0.119s][info][gc,metaspace] GC(0) Metaspace: 4229K(4352K)->4229K(4352K) NonClass: 3908K(3968K)->3908K(3968K) Class: 321K(384K)->321K(384K)
[0.119s][info][gc          ] GC(0) Pause Young (Allocation Failure) 0M->0M(1M) 1.325ms
[0.119s][info][gc,cpu      ] GC(0) User=0.02s Sys=0.00s Real=0.00s
[0.183s][info][gc,start    ] GC(1) Pause Young (Allocation Failure)
[0.184s][info][gc,heap     ] GC(1) PSYoungGen: 991K(1024K)->512K(1536K) Eden: 511K(512K)->0K(1024K) From: 480K(512K)->512K(512K)
[0.184s][info][gc,heap     ] GC(1) ParOldGen: 8K(512K)->88K(512K)
[0.184s][info][gc,metaspace] GC(1) Metaspace: 5880K(6016K)->5880K(6016K) NonClass: 5384K(5504K)->5384K(5504K) Class: 496K(512K)->496K(512K)
[0.184s][info][gc          ] GC(1) Pause Young (Allocation Failure) 0M->0M(2M) 0.961ms
[0.184s][info][gc,cpu      ] GC(1) User=0.00s Sys=0.00s Real=0.00s
[0.205s][info][gc,start    ] GC(2) Pause Young (Allocation Failure)
[0.206s][info][gc,heap     ] GC(2) PSYoungGen: 1536K(1536K)->512K(1536K) Eden: 1024K(1024K)->0K(1024K) From: 512K(512K)->512K(512K)
[0.206s][info][gc,heap     ] GC(2) ParOldGen: 88K(512K)->504K(512K)
[0.206s][info][gc,metaspace] GC(2) Metaspace: 6300K(6528K)->6300K(6528K) NonClass: 5767K(5888K)->5767K(5888K) Class: 533K(640K)->533K(640K)
[0.206s][info][gc          ] GC(2) Pause Young (Allocation Failure) 1M->0M(2M) 1.376ms
[0.206s][info][gc,cpu      ] GC(2) User=0.00s Sys=0.00s Real=0.00s
[0.206s][info][gc,start    ] GC(3) Pause Full (Ergonomics)
[0.206s][info][gc,phases,start] GC(3) Marking Phase
[0.207s][info][gc,phases      ] GC(3) Marking Phase 0.950ms
[0.207s][info][gc,phases,start] GC(3) Summary Phase
[0.207s][info][gc,phases      ] GC(3) Summary Phase 0.015ms
[0.207s][info][gc,phases,start] GC(3) Adjust Roots
[0.208s][info][gc,phases      ] GC(3) Adjust Roots 0.335ms
[0.208s][info][gc,phases,start] GC(3) Compaction Phase
[0.209s][info][gc,phases      ] GC(3) Compaction Phase 1.631ms
[0.209s][info][gc,phases,start] GC(3) Post Compact
[0.209s][info][gc,phases      ] GC(3) Post Compact 0.127ms
[0.209s][info][gc,heap        ] GC(3) PSYoungGen: 512K(1536K)->511K(1536K) Eden: 0K(1024K)->0K(1024K) From: 512K(512K)->511K(512K)
[0.210s][info][gc,heap        ] GC(3) ParOldGen: 504K(512K)->469K(2048K)
[0.210s][info][gc,metaspace   ] GC(3) Metaspace: 6300K(6528K)->6300K(6528K) NonClass: 5767K(5888K)->5767K(5888K) Class: 533K(640K)->533K(640K)
[0.210s][info][gc             ] GC(3) Pause Full (Ergonomics) 0M->0M(3M) 3.363ms
[0.210s][info][gc,cpu         ] GC(3) User=0.00s Sys=0.00s Real=0.00s
[0.211s][info][gc,start       ] GC(4) Pause Young (Allocation Failure)
[0.213s][info][gc,heap        ] GC(4) PSYoungGen: 1535K(1536K)->480K(2560K) Eden: 1024K(1024K)->0K(2048K) From: 511K(512K)->480K(512K)
[0.213s][info][gc,heap        ] GC(4) ParOldGen: 469K(2048K)->1033K(2048K)
[0.213s][info][gc,metaspace   ] GC(4) Metaspace: 6300K(6528K)->6300K(6528K) NonClass: 5767K(5888K)->5767K(5888K) Class: 533K(640K)->533K(640K)
[0.213s][info][gc             ] GC(4) Pause Young (Allocation Failure) 1M->1M(4M) 1.927ms
[0.213s][info][gc,cpu         ] GC(4) User=0.00s Sys=0.00s Real=0.00s
[0.217s][info][gc,start       ] GC(5) Pause Young (Allocation Failure)
[0.218s][info][gc,heap        ] GC(5) PSYoungGen: 2528K(2560K)->480K(2560K) Eden: 2048K(2048K)->0K(2048K) From: 480K(512K)->480K(512K)
[0.218s][info][gc,heap        ] GC(5) ParOldGen: 1033K(2048K)->2102K(2560K)
[0.219s][info][gc,metaspace   ] GC(5) Metaspace: 6300K(6528K)->6300K(6528K) NonClass: 5767K(5888K)->5767K(5888K) Class: 533K(640K)->533K(640K)
[0.219s][info][gc             ] GC(5) Pause Young (Allocation Failure) 3M->2M(5M) 1.880ms
[0.219s][info][gc,cpu         ] GC(5) User=0.00s Sys=0.00s Real=0.00s
[0.219s][info][gc,start       ] GC(6) Pause Full (Ergonomics)
[0.219s][info][gc,phases,start] GC(6) Marking Phase
[0.220s][info][gc,phases      ] GC(6) Marking Phase 1.535ms
[0.220s][info][gc,phases,start] GC(6) Summary Phase
[0.220s][info][gc,phases      ] GC(6) Summary Phase 0.018ms
[0.220s][info][gc,phases,start] GC(6) Adjust Roots
[0.221s][info][gc,phases      ] GC(6) Adjust Roots 0.302ms
[0.221s][info][gc,phases,start] GC(6) Compaction Phase
[0.223s][info][gc,phases      ] GC(6) Compaction Phase 2.046ms
[0.223s][info][gc,phases,start] GC(6) Post Compact
[0.223s][info][gc,phases      ] GC(6) Post Compact 0.032ms
[0.223s][info][gc,heap        ] GC(6) PSYoungGen: 480K(2560K)->0K(4096K) Eden: 0K(2048K)->0K(3072K) From: 480K(512K)->0K(1024K)
[0.223s][info][gc,heap        ] GC(6) ParOldGen: 2102K(2560K)->2542K(6144K)
[0.223s][info][gc,metaspace   ] GC(6) Metaspace: 6300K(6528K)->6300K(6528K) NonClass: 5767K(5888K)->5767K(5888K) Class: 533K(640K)->533K(640K)
[0.223s][info][gc             ] GC(6) Pause Full (Ergonomics) 2M->2M(10M) 4.299ms
[0.223s][info][gc,cpu         ] GC(6) User=0.00s Sys=0.00s Real=0.00s
[0.228s][info][gc,start       ] GC(7) Pause Young (Allocation Failure)
[0.230s][info][gc,heap        ] GC(7) PSYoungGen: 3072K(4096K)->1696K(5120K) Eden: 3072K(3072K)->0K(3072K) From: 0K(1024K)->1696K(2048K)
[0.230s][info][gc,heap        ] GC(7) ParOldGen: 2542K(6144K)->2542K(6144K)
[0.230s][info][gc,metaspace   ] GC(7) Metaspace: 6300K(6528K)->6300K(6528K) NonClass: 5767K(5888K)->5767K(5888K) Class: 533K(640K)->533K(640K)
[0.230s][info][gc             ] GC(7) Pause Young (Allocation Failure) 5M->4M(11M) 2.060ms
[0.230s][info][gc,cpu         ] GC(7) User=0.00s Sys=0.00s Real=0.00s
[0.236s][info][gc,start       ] GC(8) Pause Young (Allocation Failure)
[0.239s][info][gc,heap        ] GC(8) PSYoungGen: 4768K(5120K)->2016K(5632K) Eden: 3072K(3072K)->0K(3584K) From: 1696K(2048K)->2016K(2048K)
[0.239s][info][gc,heap        ] GC(8) ParOldGen: 2542K(6144K)->3774K(6144K)
[0.239s][info][gc,metaspace   ] GC(8) Metaspace: 6300K(6528K)->6300K(6528K) NonClass: 5767K(5888K)->5767K(5888K) Class: 533K(640K)->533K(640K)
[0.239s][info][gc             ] GC(8) Pause Young (Allocation Failure) 7M->5M(11M) 3.214ms
[0.239s][info][gc,cpu         ] GC(8) User=0.00s Sys=0.00s Real=0.00s
[0.245s][info][gc,start       ] GC(9) Pause Young (Allocation Failure)
[0.250s][info][gc,heap        ] GC(9) PSYoungGen: 5600K(5632K)->3040K(6656K) Eden: 3584K(3584K)->0K(3584K) From: 2016K(2048K)->3040K(3072K)
[0.250s][info][gc,heap        ] GC(9) ParOldGen: 3774K(6144K)->4614K(6144K)
[0.250s][info][gc,metaspace   ] GC(9) Metaspace: 6300K(6528K)->6300K(6528K) NonClass: 5767K(5888K)->5767K(5888K) Class: 533K(640K)->533K(640K)
[0.250s][info][gc             ] GC(9) Pause Young (Allocation Failure) 9M->7M(12M) 4.345ms
[0.250s][info][gc,cpu         ] GC(9) User=0.00s Sys=0.00s Real=0.00s
[0.254s][info][gc,start       ] GC(10) Pause Young (Allocation Failure)
[0.258s][info][gc,heap        ] GC(10) PSYoungGen: 6624K(6656K)->4064K(9216K) Eden: 3584K(3584K)->0K(5120K) From: 3040K(3072K)->4064K(4096K)
[0.258s][info][gc,heap        ] GC(10) ParOldGen: 4614K(6144K)->5454K(6144K)
[0.258s][info][gc,metaspace   ] GC(10) Metaspace: 6300K(6528K)->6300K(6528K) NonClass: 5767K(5888K)->5767K(5888K) Class: 533K(640K)->533K(640K)
[0.258s][info][gc             ] GC(10) Pause Young (Allocation Failure) 10M->9M(15M) 4.034ms
[0.258s][info][gc,cpu         ] GC(10) User=0.00s Sys=0.00s Real=0.00s
[0.258s][info][gc,start       ] GC(11) Pause Full (Ergonomics)
[0.258s][info][gc,phases,start] GC(11) Marking Phase
[0.263s][info][gc,phases      ] GC(11) Marking Phase 4.623ms
[0.263s][info][gc,phases,start] GC(11) Summary Phase
[0.263s][info][gc,phases      ] GC(11) Summary Phase 0.019ms
[0.263s][info][gc,phases,start] GC(11) Adjust Roots
[0.263s][info][gc,phases      ] GC(11) Adjust Roots 0.410ms
[0.264s][info][gc,phases,start] GC(11) Compaction Phase
[0.269s][info][gc,phases      ] GC(11) Compaction Phase 5.819ms
[0.269s][info][gc,phases,start] GC(11) Post Compact
[0.269s][info][gc,phases      ] GC(11) Post Compact 0.053ms
[0.270s][info][gc,heap        ] GC(11) PSYoungGen: 4064K(9216K)->3545K(9216K) Eden: 0K(5120K)->0K(5120K) From: 4064K(4096K)->3545K(4096K)
[0.270s][info][gc,heap        ] GC(11) ParOldGen: 5454K(6144K)->5831K(10752K)
[0.270s][info][gc,metaspace   ] GC(11) Metaspace: 6300K(6528K)->6300K(6528K) NonClass: 5767K(5888K)->5767K(5888K) Class: 533K(640K)->533K(640K)
[0.270s][info][gc             ] GC(11) Pause Full (Ergonomics) 9M->9M(19M) 11.265ms
[0.270s][info][gc,cpu         ] GC(11) User=0.00s Sys=0.00s Real=0.01s
[0.277s][info][gc,start       ] GC(12) Pause Young (Allocation Failure)
[0.281s][info][gc,heap        ] GC(12) PSYoungGen: 8665K(9216K)->5088K(10240K) Eden: 5120K(5120K)->0K(5120K) From: 3545K(4096K)->5088K(5120K)
[0.282s][info][gc,heap        ] GC(12) ParOldGen: 5831K(10752K)->6951K(10752K)
[0.282s][info][gc,metaspace   ] GC(12) Metaspace: 6300K(6528K)->6300K(6528K) NonClass: 5767K(5888K)->5767K(5888K) Class: 533K(640K)->533K(640K)
[0.282s][info][gc             ] GC(12) Pause Young (Allocation Failure) 14M->11M(20M) 4.934ms
[0.282s][info][gc,cpu         ] GC(12) User=0.00s Sys=0.00s Real=0.01s
[0.287s][info][gc,start       ] GC(13) Pause Young (Allocation Failure)
[0.293s][info][gc,heap        ] GC(13) PSYoungGen: 10208K(10240K)->6496K(12800K) Eden: 5120K(5120K)->0K(6144K) From: 5088K(5120K)->6496K(6656K)
[0.293s][info][gc,heap        ] GC(13) ParOldGen: 6951K(10752K)->8231K(10752K)
[0.294s][info][gc,metaspace   ] GC(13) Metaspace: 6302K(6528K)->6302K(6528K) NonClass: 5769K(5888K)->5769K(5888K) Class: 533K(640K)->533K(640K)
[0.294s][info][gc             ] GC(13) Pause Young (Allocation Failure) 16M->14M(23M) 6.758ms
[0.294s][info][gc,cpu         ] GC(13) User=0.00s Sys=0.02s Real=0.01s
[0.299s][info][gc,start       ] GC(14) Pause Young (Allocation Failure)
[0.305s][info][gc,heap        ] GC(14) PSYoungGen: 12640K(12800K)->5792K(13824K) Eden: 6144K(6144K)->0K(6144K) From: 6496K(6656K)->5792K(7680K)
[0.305s][info][gc,heap        ] GC(14) ParOldGen: 8231K(10752K)->12119K(12288K)
[0.305s][info][gc,metaspace   ] GC(14) Metaspace: 6302K(6528K)->6302K(6528K) NonClass: 5769K(5888K)->5769K(5888K) Class: 533K(640K)->533K(640K)
[0.305s][info][gc             ] GC(14) Pause Young (Allocation Failure) 20M->17M(25M) 6.348ms
[0.305s][info][gc,cpu         ] GC(14) User=0.00s Sys=0.00s Real=0.01s
[0.305s][info][gc,start       ] GC(15) Pause Full (Ergonomics)
[0.305s][info][gc,phases,start] GC(15) Marking Phase
[0.313s][info][gc,phases      ] GC(15) Marking Phase 7.910ms
[0.313s][info][gc,phases,start] GC(15) Summary Phase
[0.313s][info][gc,phases      ] GC(15) Summary Phase 0.018ms
[0.313s][info][gc,phases,start] GC(15) Adjust Roots
[0.313s][info][gc,phases      ] GC(15) Adjust Roots 0.212ms
[0.313s][info][gc,phases,start] GC(15) Compaction Phase
[0.320s][info][gc,phases      ] GC(15) Compaction Phase 6.964ms
[0.320s][info][gc,phases,start] GC(15) Post Compact
[0.321s][info][gc,phases      ] GC(15) Post Compact 0.067ms
[0.321s][info][gc,heap        ] GC(15) PSYoungGen: 5792K(13824K)->5758K(13824K) Eden: 0K(6144K)->0K(6144K) From: 5792K(7680K)->5758K(7680K)
[0.321s][info][gc,heap        ] GC(15) ParOldGen: 12119K(12288K)->12006K(18944K)
[0.321s][info][gc,metaspace   ] GC(15) Metaspace: 6302K(6528K)->6302K(6528K) NonClass: 5769K(5888K)->5769K(5888K) Class: 533K(640K)->533K(640K)
[0.321s][info][gc             ] GC(15) Pause Full (Ergonomics) 17M->17M(32M) 15.552ms
[0.321s][info][gc,cpu         ] GC(15) User=0.02s Sys=0.02s Real=0.02s
[0.325s][info][gc,start       ] GC(16) Pause Young (Allocation Failure)
[0.333s][info][gc,heap        ] GC(16) PSYoungGen: 11902K(13824K)->3232K(15360K) Eden: 6144K(6144K)->0K(8704K) From: 5758K(7680K)->3232K(6656K)
[0.333s][info][gc,heap        ] GC(16) ParOldGen: 12006K(18944K)->17862K(18944K)
[0.333s][info][gc,metaspace   ] GC(16) Metaspace: 6302K(6528K)->6302K(6528K) NonClass: 5769K(5888K)->5769K(5888K) Class: 533K(640K)->533K(640K)
[0.333s][info][gc             ] GC(16) Pause Young (Allocation Failure) 23M->20M(33M) 7.320ms
[0.333s][info][gc,cpu         ] GC(16) User=0.00s Sys=0.00s Real=0.01s
[0.333s][info][gc,start       ] GC(17) Pause Full (Ergonomics)
[0.333s][info][gc,phases,start] GC(17) Marking Phase
[0.342s][info][gc,phases      ] GC(17) Marking Phase 9.755ms
[0.343s][info][gc,phases,start] GC(17) Summary Phase
[0.343s][info][gc,phases      ] GC(17) Summary Phase 0.019ms
[0.343s][info][gc,phases,start] GC(17) Adjust Roots
[0.343s][info][gc,phases      ] GC(17) Adjust Roots 0.207ms
[0.343s][info][gc,phases,start] GC(17) Compaction Phase
[0.349s][info][gc,phases      ] GC(17) Compaction Phase 6.566ms
[0.349s][info][gc,phases,start] GC(17) Post Compact
[0.350s][info][gc,phases      ] GC(17) Post Compact 0.129ms
[0.350s][info][gc,heap        ] GC(17) PSYoungGen: 3232K(15360K)->2146K(16384K) Eden: 0K(8704K)->0K(9728K) From: 3232K(6656K)->2146K(6656K)
[0.350s][info][gc,heap        ] GC(17) ParOldGen: 17862K(18944K)->18786K(28672K)
[0.350s][info][gc,metaspace   ] GC(17) Metaspace: 6302K(6528K)->6302K(6528K) NonClass: 5769K(5888K)->5769K(5888K) Class: 533K(640K)->533K(640K)
[0.350s][info][gc             ] GC(17) Pause Full (Ergonomics) 20M->20M(44M) 17.049ms
[0.350s][info][gc,cpu         ] GC(17) User=0.02s Sys=0.00s Real=0.02s
[0.360s][info][gc,start       ] GC(18) Pause Young (Allocation Failure)
[0.368s][info][gc,heap        ] GC(18) PSYoungGen: 11874K(16384K)->5568K(17408K) Eden: 9728K(9728K)->0K(9728K) From: 2146K(6656K)->5568K(7680K)
[0.368s][info][gc,heap        ] GC(18) ParOldGen: 18786K(28672K)->20970K(28672K)
[0.368s][info][gc,metaspace   ] GC(18) Metaspace: 6302K(6528K)->6302K(6528K) NonClass: 5769K(5888K)->5769K(5888K) Class: 533K(640K)->533K(640K)
[0.368s][info][gc             ] GC(18) Pause Young (Allocation Failure) 29M->25M(45M) 7.306ms
[0.368s][info][gc,cpu         ] GC(18) User=0.00s Sys=0.00s Real=0.01s
[0.373s][info][gc,start       ] GC(19) Pause Young (Allocation Failure)
[0.382s][info][gc,heap        ] GC(19) PSYoungGen: 15296K(17408K)->5056K(21504K) Eden: 9728K(9728K)->0K(13312K) From: 5568K(7680K)->5056K(8192K)
[0.382s][info][gc,heap        ] GC(19) ParOldGen: 20970K(28672K)->26578K(28672K)
[0.382s][info][gc,metaspace   ] GC(19) Metaspace: 6302K(6528K)->6302K(6528K) NonClass: 5769K(5888K)->5769K(5888K) Class: 533K(640K)->533K(640K)
[0.382s][info][gc             ] GC(19) Pause Young (Allocation Failure) 35M->30M(49M) 9.115ms
[0.382s][info][gc,cpu         ] GC(19) User=0.00s Sys=0.00s Real=0.01s
[0.382s][info][gc,start       ] GC(20) Pause Full (Ergonomics)
[0.383s][info][gc,phases,start] GC(20) Marking Phase
[0.398s][info][gc,phases      ] GC(20) Marking Phase 15.180ms
[0.398s][info][gc,phases,start] GC(20) Summary Phase
[0.398s][info][gc,phases      ] GC(20) Summary Phase 0.017ms
[0.398s][info][gc,phases,start] GC(20) Adjust Roots
[0.398s][info][gc,phases      ] GC(20) Adjust Roots 0.204ms
[0.398s][info][gc,phases,start] GC(20) Compaction Phase
[0.411s][info][gc,phases      ] GC(20) Compaction Phase 12.536ms
[0.411s][info][gc,phases,start] GC(20) Post Compact
[0.411s][info][gc,phases      ] GC(20) Post Compact 0.108ms
[0.411s][info][gc,heap        ] GC(20) PSYoungGen: 5056K(21504K)->2471K(21504K) Eden: 0K(13312K)->0K(13312K) From: 5056K(8192K)->2471K(8192K)
[0.411s][info][gc,heap        ] GC(20) ParOldGen: 26578K(28672K)->28497K(40448K)
[0.411s][info][gc,metaspace   ] GC(20) Metaspace: 6302K(6528K)->6302K(6528K) NonClass: 5769K(5888K)->5769K(5888K) Class: 533K(640K)->533K(640K)
[0.411s][info][gc             ] GC(20) Pause Full (Ergonomics) 30M->30M(60M) 28.466ms
[0.411s][info][gc,cpu         ] GC(20) User=0.03s Sys=0.00s Real=0.03s
[0.423s][info][gc,start       ] GC(21) Pause Young (Allocation Failure)
[0.434s][info][gc,heap        ] GC(21) PSYoungGen: 15783K(21504K)->8192K(21504K) Eden: 13312K(13312K)->0K(13312K) From: 2471K(8192K)->8192K(8192K)
[0.434s][info][gc,heap        ] GC(21) ParOldGen: 28497K(40448K)->32505K(40448K)
[0.434s][info][gc,metaspace   ] GC(21) Metaspace: 6302K(6528K)->6302K(6528K) NonClass: 5769K(5888K)->5769K(5888K) Class: 533K(640K)->533K(640K)
[0.434s][info][gc             ] GC(21) Pause Young (Allocation Failure) 43M->39M(60M) 11.099ms
[0.434s][info][gc,cpu         ] GC(21) User=0.00s Sys=0.00s Real=0.01s
[0.452s][info][gc,start       ] GC(22) Pause Young (Allocation Failure)
[0.469s][info][gc,heap        ] GC(22) PSYoungGen: 21504K(21504K)->11232K(23040K) Eden: 13312K(13312K)->0K(11776K) From: 8192K(8192K)->11232K(11264K)
[0.469s][info][gc,heap        ] GC(22) ParOldGen: 32505K(40448K)->42921K(43008K)
[0.469s][info][gc,metaspace   ] GC(22) Metaspace: 6302K(6528K)->6302K(6528K) NonClass: 5769K(5888K)->5769K(5888K) Class: 533K(640K)->533K(640K)
[0.469s][info][gc             ] GC(22) Pause Young (Allocation Failure) 52M->52M(64M) 17.455ms
[0.469s][info][gc,cpu         ] GC(22) User=0.02s Sys=0.02s Real=0.02s
[0.470s][info][gc,start       ] GC(23) Pause Full (Ergonomics)
[0.470s][info][gc,phases,start] GC(23) Marking Phase
[0.493s][info][gc,phases      ] GC(23) Marking Phase 23.088ms
[0.493s][info][gc,phases,start] GC(23) Summary Phase
[0.493s][info][gc,phases      ] GC(23) Summary Phase 0.017ms
[0.493s][info][gc,phases,start] GC(23) Adjust Roots
[0.493s][info][gc,phases      ] GC(23) Adjust Roots 0.184ms
[0.493s][info][gc,phases,start] GC(23) Compaction Phase
[0.511s][info][gc,phases      ] GC(23) Compaction Phase 17.932ms
[0.511s][info][gc,phases,start] GC(23) Post Compact
[0.511s][info][gc,phases      ] GC(23) Post Compact 0.209ms
[0.511s][info][gc,heap        ] GC(23) PSYoungGen: 11232K(23040K)->11214K(23040K) Eden: 0K(11776K)->0K(11776K) From: 11232K(11264K)->11214K(11264K)
[0.511s][info][gc,heap        ] GC(23) ParOldGen: 42921K(43008K)->41659K(57856K)
[0.511s][info][gc,metaspace   ] GC(23) Metaspace: 6302K(6528K)->6302K(6528K) NonClass: 5769K(5888K)->5769K(5888K) Class: 533K(640K)->533K(640K)
[0.511s][info][gc             ] GC(23) Pause Full (Ergonomics) 52M->51M(79M) 41.826ms
[0.511s][info][gc,cpu         ] GC(23) User=0.03s Sys=0.00s Real=0.04s
[0.524s][info][gc,start       ] GC(24) Pause Young (Allocation Failure)
[0.540s][info][gc,heap        ] GC(24) PSYoungGen: 22990K(23040K)->11776K(28672K) Eden: 11776K(11776K)->0K(11776K) From: 11214K(11264K)->11776K(16896K)
[0.540s][info][gc,heap        ] GC(24) ParOldGen: 41659K(57856K)->53027K(57856K)
[0.540s][info][gc,metaspace   ] GC(24) Metaspace: 6302K(6528K)->6302K(6528K) NonClass: 5769K(5888K)->5769K(5888K) Class: 533K(640K)->533K(640K)
[0.540s][info][gc             ] GC(24) Pause Young (Allocation Failure) 63M->63M(84M) 16.280ms
[0.540s][info][gc,cpu         ] GC(24) User=0.00s Sys=0.00s Real=0.02s
[0.540s][info][gc,start       ] GC(25) Pause Full (Ergonomics)
[0.540s][info][gc,phases,start] GC(25) Marking Phase
[0.566s][info][gc,phases      ] GC(25) Marking Phase 25.522ms
[0.566s][info][gc,phases,start] GC(25) Summary Phase
[0.566s][info][gc,phases      ] GC(25) Summary Phase 0.015ms
[0.566s][info][gc,phases,start] GC(25) Adjust Roots
[0.566s][info][gc,phases      ] GC(25) Adjust Roots 0.177ms
[0.566s][info][gc,phases,start] GC(25) Compaction Phase
[0.586s][info][gc,phases      ] GC(25) Compaction Phase 20.418ms
[0.586s][info][gc,phases,start] GC(25) Post Compact
[0.587s][info][gc,phases      ] GC(25) Post Compact 0.196ms
[0.587s][info][gc,heap        ] GC(25) PSYoungGen: 11776K(28672K)->7147K(28672K) Eden: 0K(11776K)->0K(11776K) From: 11776K(16896K)->7147K(16896K)
[0.587s][info][gc,heap        ] GC(25) ParOldGen: 53027K(57856K)->57472K(77824K)
[0.587s][info][gc,metaspace   ] GC(25) Metaspace: 6302K(6528K)->6302K(6528K) NonClass: 5769K(5888K)->5769K(5888K) Class: 533K(640K)->533K(640K)
[0.587s][info][gc             ] GC(25) Pause Full (Ergonomics) 63M->63M(104M) 46.695ms
[0.587s][info][gc,cpu         ] GC(25) User=0.06s Sys=0.00s Real=0.05s
[0.599s][info][gc,start       ] GC(26) Pause Young (Allocation Failure)
[0.615s][info][gc,heap        ] GC(26) PSYoungGen: 18923K(28672K)->11808K(31232K) Eden: 11776K(11776K)->0K(13312K) From: 7147K(16896K)->11808K(17920K)
[0.615s][info][gc,heap        ] GC(26) ParOldGen: 57472K(77824K)->64744K(77824K)
[0.615s][info][gc,metaspace   ] GC(26) Metaspace: 6302K(6528K)->6302K(6528K) NonClass: 5769K(5888K)->5769K(5888K) Class: 533K(640K)->533K(640K)
[0.615s][info][gc             ] GC(26) Pause Young (Allocation Failure) 74M->74M(106M) 16.728ms
[0.615s][info][gc,cpu         ] GC(26) User=0.03s Sys=0.00s Real=0.02s
[0.628s][info][gc,start       ] GC(27) Pause Young (Allocation Failure)
[0.645s][info][gc,heap        ] GC(27) PSYoungGen: 24289K(31232K)->18944K(32256K) Eden: 12481K(13312K)->0K(13312K) From: 11808K(17920K)->18944K(18944K)
[0.645s][info][gc,heap        ] GC(27) ParOldGen: 64744K(77824K)->70032K(77824K)
[0.645s][info][gc,metaspace   ] GC(27) Metaspace: 6302K(6528K)->6302K(6528K) NonClass: 5769K(5888K)->5769K(5888K) Class: 533K(640K)->533K(640K)
[0.645s][info][gc             ] GC(27) Pause Young (Allocation Failure) 86M->86M(107M) 16.359ms
[0.645s][info][gc,cpu         ] GC(27) User=0.02s Sys=0.00s Real=0.02s
[0.645s][info][gc,start       ] GC(28) Pause Full (Ergonomics)
[0.645s][info][gc,phases,start] GC(28) Marking Phase
[0.680s][info][gc,phases      ] GC(28) Marking Phase 34.811ms
[0.680s][info][gc,phases,start] GC(28) Summary Phase
[0.680s][info][gc,phases      ] GC(28) Summary Phase 0.020ms
[0.680s][info][gc,phases,start] GC(28) Adjust Roots
[0.680s][info][gc,phases      ] GC(28) Adjust Roots 0.160ms
[0.680s][info][gc,phases,start] GC(28) Compaction Phase
[0.703s][info][gc,phases      ] GC(28) Compaction Phase 22.643ms
[0.703s][info][gc,phases,start] GC(28) Post Compact
[0.703s][info][gc,phases      ] GC(28) Post Compact 0.428ms
[0.703s][info][gc,heap        ] GC(28) PSYoungGen: 18944K(32256K)->11242K(32256K) Eden: 0K(13312K)->0K(13312K) From: 18944K(18944K)->11242K(18944K)
[0.703s][info][gc,heap        ] GC(28) ParOldGen: 70032K(77824K)->77486K(99328K)
[0.703s][info][gc,metaspace   ] GC(28) Metaspace: 6302K(6528K)->6302K(6528K) NonClass: 5769K(5888K)->5769K(5888K) Class: 533K(640K)->533K(640K)
[0.703s][info][gc             ] GC(28) Pause Full (Ergonomics) 86M->86M(128M) 58.509ms
[0.703s][info][gc,cpu         ] GC(28) User=0.12s Sys=0.00s Real=0.06s
[0.722s][info][gc,start       ] GC(29) Pause Young (Allocation Failure)
[0.742s][info][gc,heap        ] GC(29) PSYoungGen: 24554K(32256K)->13344K(39424K) Eden: 13312K(13312K)->0K(15872K) From: 11242K(18944K)->13344K(23552K)
[0.742s][info][gc,heap        ] GC(29) ParOldGen: 77486K(99328K)->88918K(99328K)
[0.742s][info][gc,metaspace   ] GC(29) Metaspace: 6302K(6528K)->6302K(6528K) NonClass: 5769K(5888K)->5769K(5888K) Class: 533K(640K)->533K(640K)
[0.742s][info][gc             ] GC(29) Pause Young (Allocation Failure) 99M->99M(135M) 19.841ms
[0.742s][info][gc,cpu         ] GC(29) User=0.05s Sys=0.00s Real=0.02s
[0.742s][info][gc,start       ] GC(30) Pause Full (Ergonomics)
[0.742s][info][gc,phases,start] GC(30) Marking Phase
[0.776s][info][gc,phases      ] GC(30) Marking Phase 33.883ms
[0.776s][info][gc,phases,start] GC(30) Summary Phase
[0.776s][info][gc,phases      ] GC(30) Summary Phase 0.016ms
[0.776s][info][gc,phases,start] GC(30) Adjust Roots
[0.776s][info][gc,phases      ] GC(30) Adjust Roots 0.166ms
[0.776s][info][gc,phases,start] GC(30) Compaction Phase
[0.802s][info][gc,phases      ] GC(30) Compaction Phase 25.185ms
[0.802s][info][gc,phases,start] GC(30) Post Compact
[0.802s][info][gc,phases      ] GC(30) Post Compact 0.440ms
[0.802s][info][gc,heap        ] GC(30) PSYoungGen: 13344K(39424K)->1015K(39936K) Eden: 0K(15872K)->0K(16384K) From: 13344K(23552K)->1015K(23552K)
[0.802s][info][gc,heap        ] GC(30) ParOldGen: 88918K(99328K)->98952K(124416K)
[0.802s][info][gc,metaspace   ] GC(30) Metaspace: 6302K(6528K)->6302K(6528K) NonClass: 5769K(5888K)->5769K(5888K) Class: 533K(640K)->533K(640K)
[0.802s][info][gc             ] GC(30) Pause Full (Ergonomics) 99M->97M(160M) 60.166ms
[0.803s][info][gc,cpu         ] GC(30) User=0.12s Sys=0.00s Real=0.06s
[0.819s][info][gc,start       ] GC(31) Pause Young (Allocation Failure)
[0.834s][info][gc,heap        ] GC(31) PSYoungGen: 17399K(39936K)->17440K(40448K) Eden: 16384K(16384K)->0K(16384K) From: 1015K(23552K)->17440K(24064K)
[0.834s][info][gc,heap        ] GC(31) ParOldGen: 98952K(124416K)->98952K(124416K)
[0.834s][info][gc,metaspace   ] GC(31) Metaspace: 6302K(6528K)->6302K(6528K) NonClass: 5769K(5888K)->5769K(5888K) Class: 533K(640K)->533K(640K)
[0.834s][info][gc             ] GC(31) Pause Young (Allocation Failure) 113M->113M(161M) 15.800ms
[0.834s][info][gc,cpu         ] GC(31) User=0.02s Sys=0.00s Real=0.02s
[0.852s][info][gc,start       ] GC(32) Pause Young (Allocation Failure)
[0.875s][info][gc,heap        ] GC(32) PSYoungGen: 33824K(40448K)->25600K(37376K) Eden: 16384K(16384K)->0K(11776K) From: 17440K(24064K)->25600K(25600K)
[0.875s][info][gc,heap        ] GC(32) ParOldGen: 98952K(124416K)->107264K(124416K)
[0.875s][info][gc,metaspace   ] GC(32) Metaspace: 6302K(6528K)->6302K(6528K) NonClass: 5769K(5888K)->5769K(5888K) Class: 533K(640K)->533K(640K)
[0.875s][info][gc             ] GC(32) Pause Young (Allocation Failure) 129M->129M(158M) 23.309ms
[0.875s][info][gc,cpu         ] GC(32) User=0.05s Sys=0.00s Real=0.02s
[0.887s][info][gc,start       ] GC(33) Pause Young (Allocation Failure)
[0.909s][info][gc,heap        ] GC(33) PSYoungGen: 37376K(37376K)->24896K(44544K) Eden: 11776K(11776K)->0K(11776K) From: 25600K(25600K)->24896K(32768K)
[0.910s][info][gc,heap        ] GC(33) ParOldGen: 107264K(124416K)->119936K(124416K)
[0.910s][info][gc,metaspace   ] GC(33) Metaspace: 6302K(6528K)->6302K(6528K) NonClass: 5769K(5888K)->5769K(5888K) Class: 533K(640K)->533K(640K)
[0.910s][info][gc             ] GC(33) Pause Young (Allocation Failure) 141M->141M(165M) 22.225ms
[0.910s][info][gc,cpu         ] GC(33) User=0.02s Sys=0.02s Real=0.02s
[0.910s][info][gc,start       ] GC(34) Pause Full (Ergonomics)
[0.910s][info][gc,phases,start] GC(34) Marking Phase
[0.958s][info][gc,phases      ] GC(34) Marking Phase 48.630ms
[0.958s][info][gc,phases,start] GC(34) Summary Phase
[0.958s][info][gc,phases      ] GC(34) Summary Phase 0.018ms
[0.958s][info][gc,phases,start] GC(34) Adjust Roots
[0.959s][info][gc,phases      ] GC(34) Adjust Roots 0.148ms
[0.959s][info][gc,phases,start] GC(34) Compaction Phase
[0.982s][info][gc,phases      ] GC(34) Compaction Phase 23.826ms
[0.982s][info][gc,phases,start] GC(34) Post Compact
[0.983s][info][gc,phases      ] GC(34) Post Compact 0.718ms
[0.983s][info][gc,heap        ] GC(34) PSYoungGen: 24896K(44544K)->20227K(44544K) Eden: 0K(11776K)->0K(11776K) From: 24896K(32768K)->20227K(32768K)
[0.983s][info][gc,heap        ] GC(34) ParOldGen: 119936K(124416K)->124192K(153600K)
[0.984s][info][gc,metaspace   ] GC(34) Metaspace: 6302K(6528K)->6302K(6528K) NonClass: 5769K(5888K)->5769K(5888K) Class: 533K(640K)->533K(640K)
[0.984s][info][gc             ] GC(34) Pause Full (Ergonomics) 141M->141M(193M) 73.901ms
[0.984s][info][gc,cpu         ] GC(34) User=0.17s Sys=0.00s Real=0.07s
[0.995s][info][gc,start       ] GC(35) Pause Young (Allocation Failure)
[1.021s][info][gc,heap        ] GC(35) PSYoungGen: 32003K(44544K)->32096K(44544K) Eden: 11776K(11776K)->0K(9216K) From: 20227K(32768K)->32096K(35328K)
[1.021s][info][gc,heap        ] GC(35) ParOldGen: 124192K(153600K)->124192K(153600K)
[1.021s][info][gc,metaspace   ] GC(35) Metaspace: 6302K(6528K)->6302K(6528K) NonClass: 5769K(5888K)->5769K(5888K) Class: 533K(640K)->533K(640K)
[1.021s][info][gc             ] GC(35) Pause Young (Allocation Failure) 152M->152M(193M) 25.708ms
[1.021s][info][gc,cpu         ] GC(35) User=0.03s Sys=0.00s Real=0.03s
[1.031s][info][gc,start       ] GC(36) Pause Young (Allocation Failure)
[1.051s][info][gc,heap        ] GC(36) PSYoungGen: 41312K(44544K)->39936K(49152K) Eden: 9216K(9216K)->0K(9216K) From: 32096K(35328K)->39936K(39936K)
[1.051s][info][gc,heap        ] GC(36) ParOldGen: 124192K(153600K)->125536K(153600K)
[1.051s][info][gc,metaspace   ] GC(36) Metaspace: 6302K(6528K)->6302K(6528K) NonClass: 5769K(5888K)->5769K(5888K) Class: 533K(640K)->533K(640K)
[1.051s][info][gc             ] GC(36) Pause Young (Allocation Failure) 161M->161M(198M) 20.736ms
[1.051s][info][gc,cpu         ] GC(36) User=0.05s Sys=0.00s Real=0.02s
[1.061s][info][gc,start       ] GC(37) Pause Young (Allocation Failure)
[1.087s][info][gc,heap        ] GC(37) PSYoungGen: 49152K(49152K)->29600K(56320K) Eden: 9216K(9216K)->0K(9216K) From: 39936K(39936K)->29600K(47104K)
[1.087s][info][gc,heap        ] GC(37) ParOldGen: 125536K(153600K)->145432K(153600K)
[1.087s][info][gc,metaspace   ] GC(37) Metaspace: 6302K(6528K)->6302K(6528K) NonClass: 5769K(5888K)->5769K(5888K) Class: 533K(640K)->533K(640K)
[1.087s][info][gc             ] GC(37) Pause Young (Allocation Failure) 170M->170M(205M) 26.741ms
[1.087s][info][gc,cpu         ] GC(37) User=0.03s Sys=0.03s Real=0.03s
[1.088s][info][gc,start       ] GC(38) Pause Full (Ergonomics)
[1.088s][info][gc,phases,start] GC(38) Marking Phase
[1.138s][info][gc,phases      ] GC(38) Marking Phase 50.485ms
[1.138s][info][gc,phases,start] GC(38) Summary Phase
[1.138s][info][gc,phases      ] GC(38) Summary Phase 0.018ms
[1.138s][info][gc,phases,start] GC(38) Adjust Roots
[1.138s][info][gc,phases      ] GC(38) Adjust Roots 0.147ms
[1.138s][info][gc,phases,start] GC(38) Compaction Phase
[1.162s][info][gc,phases      ] GC(38) Compaction Phase 24.065ms
[1.162s][info][gc,phases,start] GC(38) Post Compact
[1.163s][info][gc,phases      ] GC(38) Post Compact 0.720ms
[1.163s][info][gc,heap        ] GC(38) PSYoungGen: 29600K(56320K)->21291K(56320K) Eden: 0K(9216K)->0K(9216K) From: 29600K(47104K)->21291K(47104K)
[1.163s][info][gc,heap        ] GC(38) ParOldGen: 145432K(153600K)->153248K(187904K)
[1.163s][info][gc,metaspace   ] GC(38) Metaspace: 6302K(6528K)->6302K(6528K) NonClass: 5769K(5888K)->5769K(5888K) Class: 533K(640K)->533K(640K)
[1.163s][info][gc             ] GC(38) Pause Full (Ergonomics) 170M->170M(238M) 75.887ms
[1.163s][info][gc,cpu         ] GC(38) User=0.19s Sys=0.00s Real=0.08s
[1.199s][info][gc,start       ] GC(39) Pause Young (Allocation Failure)
[1.222s][info][gc,heap        ] GC(39) PSYoungGen: 30507K(56320K)->16256K(25600K) Eden: 9216K(9216K)->0K(9216K) From: 21291K(47104K)->16256K(16384K)
[1.222s][info][gc,heap        ] GC(39) ParOldGen: 161440K(187904K)->176024K(187904K)
[1.222s][info][gc,metaspace   ] GC(39) Metaspace: 6302K(6528K)->6302K(6528K) NonClass: 5769K(5888K)->5769K(5888K) Class: 533K(640K)->533K(640K)
[1.222s][info][gc             ] GC(39) Pause Young (Allocation Failure) 187M->187M(208M) 22.866ms
[1.222s][info][gc,cpu         ] GC(39) User=0.05s Sys=0.00s Real=0.02s
[1.222s][info][gc,start       ] GC(40) Pause Full (Ergonomics)
[1.222s][info][gc,phases,start] GC(40) Marking Phase
[1.273s][info][gc,phases      ] GC(40) Marking Phase 50.633ms
[1.273s][info][gc,phases,start] GC(40) Summary Phase
[1.273s][info][gc,phases      ] GC(40) Summary Phase 0.020ms
[1.273s][info][gc,phases,start] GC(40) Adjust Roots
[1.273s][info][gc,phases      ] GC(40) Adjust Roots 0.156ms
[1.273s][info][gc,phases,start] GC(40) Compaction Phase
[1.308s][info][gc,phases      ] GC(40) Compaction Phase 35.378ms
[1.308s][info][gc,phases,start] GC(40) Post Compact
[1.309s][info][gc,phases      ] GC(40) Post Compact 0.793ms
[1.310s][info][gc,heap        ] GC(40) PSYoungGen: 16256K(25600K)->0K(56832K) Eden: 0K(9216K)->0K(10752K) From: 16256K(16384K)->0K(46080K)
[1.310s][info][gc,heap        ] GC(40) ParOldGen: 176024K(187904K)->187822K(226304K)
[1.310s][info][gc,metaspace   ] GC(40) Metaspace: 6302K(6528K)->6302K(6528K) NonClass: 5769K(5888K)->5769K(5888K) Class: 533K(640K)->533K(640K)
[1.310s][info][gc             ] GC(40) Pause Full (Ergonomics) 187M->183M(276M) 87.799ms
[1.310s][info][gc,cpu         ] GC(40) User=0.25s Sys=0.00s Real=0.09s
[1.322s][info][gc,start       ] GC(41) Pause Young (Allocation Failure)
[1.330s][info][gc,heap        ] GC(41) PSYoungGen: 10752K(56832K)->10848K(56832K) Eden: 10752K(10752K)->0K(10752K) From: 0K(46080K)->10848K(46080K)
[1.330s][info][gc,heap        ] GC(41) ParOldGen: 187822K(226304K)->187822K(226304K)
[1.330s][info][gc,metaspace   ] GC(41) Metaspace: 6302K(6528K)->6302K(6528K) NonClass: 5769K(5888K)->5769K(5888K) Class: 533K(640K)->533K(640K)
[1.330s][info][gc             ] GC(41) Pause Young (Allocation Failure) 193M->194M(276M) 8.589ms
[1.330s][info][gc,cpu         ] GC(41) User=0.00s Sys=0.00s Real=0.01s
[1.342s][info][gc,start       ] GC(42) Pause Young (Allocation Failure)
[1.355s][info][gc,heap        ] GC(42) PSYoungGen: 21600K(56832K)->21600K(55296K) Eden: 10752K(10752K)->0K(12800K) From: 10848K(46080K)->21600K(42496K)
[1.355s][info][gc,heap        ] GC(42) ParOldGen: 187822K(226304K)->187822K(226304K)
[1.355s][info][gc,metaspace   ] GC(42) Metaspace: 6302K(6528K)->6302K(6528K) NonClass: 5769K(5888K)->5769K(5888K) Class: 533K(640K)->533K(640K)
[1.355s][info][gc             ] GC(42) Pause Young (Allocation Failure) 204M->204M(275M) 12.612ms
[1.355s][info][gc,cpu         ] GC(42) User=0.02s Sys=0.00s Real=0.01s
[1.369s][info][gc,start       ] GC(43) Pause Young (Allocation Failure)
[1.388s][info][gc,heap        ] GC(43) PSYoungGen: 34400K(55296K)->34368K(56320K) Eden: 12800K(12800K)->0K(12800K) From: 21600K(42496K)->34368K(43520K)
[1.388s][info][gc,heap        ] GC(43) ParOldGen: 187822K(226304K)->187822K(226304K)
[1.388s][info][gc,metaspace   ] GC(43) Metaspace: 6302K(6528K)->6302K(6528K) NonClass: 5769K(5888K)->5769K(5888K) Class: 533K(640K)->533K(640K)
[1.388s][info][gc             ] GC(43) Pause Young (Allocation Failure) 217M->216M(276M) 18.685ms
[1.388s][info][gc,cpu         ] GC(43) User=0.08s Sys=0.00s Real=0.02s
[1.402s][info][gc,start       ] GC(44) Pause Young (Allocation Failure)
[1.425s][info][gc,heap        ] GC(44) PSYoungGen: 47168K(56320K)->46592K(53760K) Eden: 12800K(12800K)->0K(7168K) From: 34368K(43520K)->46592K(46592K)
[1.425s][info][gc,heap        ] GC(44) ParOldGen: 187822K(226304K)->188334K(226304K)
[1.425s][info][gc,metaspace   ] GC(44) Metaspace: 6302K(6528K)->6302K(6528K) NonClass: 5769K(5888K)->5769K(5888K) Class: 533K(640K)->533K(640K)
[1.425s][info][gc             ] GC(44) Pause Young (Allocation Failure) 229M->229M(273M) 23.517ms
[1.425s][info][gc,cpu         ] GC(44) User=0.08s Sys=0.00s Real=0.02s
[1.433s][info][gc,start       ] GC(45) Pause Young (Allocation Failure)
[1.459s][info][gc,heap        ] GC(45) PSYoungGen: 53760K(53760K)->43200K(61440K) Eden: 7168K(7168K)->0K(7168K) From: 46592K(46592K)->43200K(54272K)
[1.459s][info][gc,heap        ] GC(45) ParOldGen: 188334K(226304K)->199134K(226304K)
[1.459s][info][gc,metaspace   ] GC(45) Metaspace: 6302K(6528K)->6302K(6528K) NonClass: 5769K(5888K)->5769K(5888K) Class: 533K(640K)->533K(640K)
[1.459s][info][gc             ] GC(45) Pause Young (Allocation Failure) 236M->236M(281M) 25.620ms
[1.459s][info][gc,cpu         ] GC(45) User=0.06s Sys=0.00s Real=0.03s
[1.467s][info][gc,start       ] GC(46) Pause Young (Allocation Failure)
[1.496s][info][gc,heap        ] GC(46) PSYoungGen: 50368K(61440K)->26976K(61952K) Eden: 7168K(7168K)->0K(8704K) From: 43200K(54272K)->26976K(53248K)
[1.496s][info][gc,heap        ] GC(46) ParOldGen: 199134K(226304K)->222854K(226304K)
[1.496s][info][gc,metaspace   ] GC(46) Metaspace: 6302K(6528K)->6302K(6528K) NonClass: 5769K(5888K)->5769K(5888K) Class: 533K(640K)->533K(640K)
[1.496s][info][gc             ] GC(46) Pause Young (Allocation Failure) 243M->243M(281M) 29.485ms
[1.496s][info][gc,cpu         ] GC(46) User=0.06s Sys=0.03s Real=0.03s
[1.496s][info][gc,start       ] GC(47) Pause Full (Ergonomics)
[1.496s][info][gc,phases,start] GC(47) Marking Phase
[1.566s][info][gc,phases      ] GC(47) Marking Phase 69.449ms
[1.566s][info][gc,phases,start] GC(47) Summary Phase
[1.566s][info][gc,phases      ] GC(47) Summary Phase 0.018ms
[1.566s][info][gc,phases,start] GC(47) Adjust Roots
[1.566s][info][gc,phases      ] GC(47) Adjust Roots 0.319ms
[1.566s][info][gc,phases,start] GC(47) Compaction Phase
[1.602s][info][gc,phases      ] GC(47) Compaction Phase 35.468ms
[1.602s][info][gc,phases,start] GC(47) Post Compact
[1.604s][info][gc,phases      ] GC(47) Post Compact 2.139ms
[1.604s][info][gc,heap        ] GC(47) PSYoungGen: 26976K(61952K)->23226K(64000K) Eden: 0K(8704K)->0K(10752K) From: 26976K(53248K)->23226K(53248K)
[1.604s][info][gc,heap        ] GC(47) ParOldGen: 222854K(226304K)->225844K(270336K)
[1.604s][info][gc,metaspace   ] GC(47) Metaspace: 6302K(6528K)->6302K(6528K) NonClass: 5769K(5888K)->5769K(5888K) Class: 533K(640K)->533K(640K)
[1.604s][info][gc             ] GC(47) Pause Full (Ergonomics) 243M->243M(326M) 107.949ms
[1.604s][info][gc,cpu         ] GC(47) User=0.47s Sys=0.00s Real=0.11s
[1.617s][info][gc,start       ] GC(48) Pause Young (Allocation Failure)
[1.648s][info][gc,heap        ] GC(48) PSYoungGen: 33978K(64000K)->17120K(66560K) Eden: 10752K(10752K)->0K(10752K) From: 23226K(53248K)->17120K(55808K)
[1.649s][info][gc,heap        ] GC(48) ParOldGen: 225844K(270336K)->243108K(270336K)
[1.649s][info][gc,metaspace   ] GC(48) Metaspace: 6302K(6528K)->6302K(6528K) NonClass: 5769K(5888K)->5769K(5888K) Class: 533K(640K)->533K(640K)
[1.649s][info][gc             ] GC(48) Pause Young (Allocation Failure) 253M->254M(329M) 31.201ms
[1.649s][info][gc,cpu         ] GC(48) User=0.20s Sys=0.00s Real=0.03s
[1.661s][info][gc,start       ] GC(49) Pause Young (Allocation Failure)
[1.677s][info][gc,heap        ] GC(49) PSYoungGen: 27872K(66560K)->21600K(61952K) Eden: 10752K(10752K)->0K(12800K) From: 17120K(55808K)->21600K(49152K)
[1.677s][info][gc,heap        ] GC(49) ParOldGen: 243108K(270336K)->249476K(270336K)
[1.677s][info][gc,metaspace   ] GC(49) Metaspace: 6302K(6528K)->6302K(6528K) NonClass: 5769K(5888K)->5769K(5888K) Class: 533K(640K)->533K(640K)
[1.677s][info][gc             ] GC(49) Pause Young (Allocation Failure) 264M->264M(324M) 16.582ms
[1.677s][info][gc,cpu         ] GC(49) User=0.05s Sys=0.00s Real=0.02s
[1.677s][info][gc,start       ] GC(50) Pause Full (Ergonomics)
[1.677s][info][gc,phases,start] GC(50) Marking Phase
[1.742s][info][gc,phases      ] GC(50) Marking Phase 64.722ms
[1.742s][info][gc,phases,start] GC(50) Summary Phase
[1.742s][info][gc,phases      ] GC(50) Summary Phase 0.025ms
[1.742s][info][gc,phases,start] GC(50) Adjust Roots
[1.742s][info][gc,phases      ] GC(50) Adjust Roots 0.150ms
[1.742s][info][gc,phases,start] GC(50) Compaction Phase
[1.771s][info][gc,phases      ] GC(50) Compaction Phase 29.193ms
[1.771s][info][gc,phases,start] GC(50) Post Compact
[1.773s][info][gc,phases      ] GC(50) Post Compact 1.885ms
[1.774s][info][gc,heap        ] GC(50) PSYoungGen: 21600K(61952K)->569K(64000K) Eden: 0K(12800K)->0K(14848K) From: 21600K(49152K)->569K(49152K)
[1.774s][info][gc,heap        ] GC(50) ParOldGen: 249476K(270336K)->269940K(316928K)
[1.774s][info][gc,metaspace   ] GC(50) Metaspace: 6302K(6528K)->6302K(6528K) NonClass: 5769K(5888K)->5769K(5888K) Class: 533K(640K)->533K(640K)
[1.774s][info][gc             ] GC(50) Pause Full (Ergonomics) 264M->264M(372M) 96.577ms
[1.774s][info][gc,cpu         ] GC(50) User=0.45s Sys=0.03s Real=0.10s
[1.793s][info][gc,start       ] GC(51) Pause Young (Allocation Failure)
[1.814s][info][gc,heap        ] GC(51) PSYoungGen: 15417K(64000K)->15008K(66560K) Eden: 14848K(14848K)->0K(14848K) From: 569K(49152K)->15008K(51712K)
[1.814s][info][gc,heap        ] GC(51) ParOldGen: 269940K(316928K)->270556K(316928K)
[1.814s][info][gc,metaspace   ] GC(51) Metaspace: 6302K(6528K)->6302K(6528K) NonClass: 5769K(5888K)->5769K(5888K) Class: 533K(640K)->533K(640K)
[1.814s][info][gc             ] GC(51) Pause Young (Allocation Failure) 278M->278M(374M) 21.425ms
[1.814s][info][gc,cpu         ] GC(51) User=0.09s Sys=0.00s Real=0.02s
[1.831s][info][gc,start       ] GC(52) Pause Young (Allocation Failure)
[1.847s][info][gc,heap        ] GC(52) PSYoungGen: 29856K(66560K)->29824K(66560K) Eden: 14848K(14848K)->0K(16896K) From: 15008K(51712K)->29824K(49664K)
[1.847s][info][gc,heap        ] GC(52) ParOldGen: 270556K(316928K)->270556K(316928K)
[1.847s][info][gc,metaspace   ] GC(52) Metaspace: 6302K(6528K)->6302K(6528K) NonClass: 5769K(5888K)->5769K(5888K) Class: 533K(640K)->533K(640K)
[1.848s][info][gc             ] GC(52) Pause Young (Allocation Failure) 293M->293M(374M) 16.625ms
[1.848s][info][gc,cpu         ] GC(52) User=0.05s Sys=0.00s Real=0.02s
[1.867s][info][gc,start       ] GC(53) Pause Young (Allocation Failure)
[1.893s][info][gc,heap        ] GC(53) PSYoungGen: 46720K(66560K)->31872K(67072K) Eden: 16896K(16896K)->0K(16896K) From: 29824K(49664K)->31872K(50176K)
[1.893s][info][gc,heap        ] GC(53) ParOldGen: 270556K(316928K)->285612K(316928K)
[1.893s][info][gc,metaspace   ] GC(53) Metaspace: 6302K(6528K)->6302K(6528K) NonClass: 5769K(5888K)->5769K(5888K) Class: 533K(640K)->533K(640K)
[1.893s][info][gc             ] GC(53) Pause Young (Allocation Failure) 309M->310M(375M) 25.766ms
[1.893s][info][gc,cpu         ] GC(53) User=0.11s Sys=0.00s Real=0.03s
[1.912s][info][gc,start       ] GC(54) Pause Young (Allocation Failure)
[1.939s][info][gc,heap        ] GC(54) PSYoungGen: 48768K(67072K)->33888K(69120K) Eden: 16896K(16896K)->0K(18432K) From: 31872K(50176K)->33888K(50688K)
[1.939s][info][gc,heap        ] GC(54) ParOldGen: 285612K(316928K)->300676K(316928K)
[1.939s][info][gc,metaspace   ] GC(54) Metaspace: 6302K(6528K)->6302K(6528K) NonClass: 5769K(5888K)->5769K(5888K) Class: 533K(640K)->533K(640K)
[1.940s][info][gc             ] GC(54) Pause Young (Allocation Failure) 326M->326M(377M) 27.558ms
[1.940s][info][gc,cpu         ] GC(54) User=0.08s Sys=0.00s Real=0.03s
[1.940s][info][gc,start       ] GC(55) Pause Full (Ergonomics)
[1.940s][info][gc,phases,start] GC(55) Marking Phase
[2.019s][info][gc,phases      ] GC(55) Marking Phase 79.119ms
[2.019s][info][gc,phases,start] GC(55) Summary Phase
[2.019s][info][gc,phases      ] GC(55) Summary Phase 0.024ms
[2.019s][info][gc,phases,start] GC(55) Adjust Roots
[2.019s][info][gc,phases      ] GC(55) Adjust Roots 0.157ms
[2.019s][info][gc,phases,start] GC(55) Compaction Phase
[2.053s][info][gc,phases      ] GC(55) Compaction Phase 33.955ms
[2.053s][info][gc,phases,start] GC(55) Post Compact
[2.055s][info][gc,phases      ] GC(55) Post Compact 1.835ms
[2.055s][info][gc,heap        ] GC(55) PSYoungGen: 33888K(69120K)->17377K(69120K) Eden: 0K(18432K)->0K(18432K) From: 33888K(50688K)->17377K(50688K)
[2.055s][info][gc,heap        ] GC(55) ParOldGen: 300676K(316928K)->316496K(367104K)
[2.055s][info][gc,metaspace   ] GC(55) Metaspace: 6302K(6528K)->6302K(6528K) NonClass: 5769K(5888K)->5769K(5888K) Class: 533K(640K)->533K(640K)
[2.055s][info][gc             ] GC(55) Pause Full (Ergonomics) 326M->326M(426M) 115.693ms
[2.055s][info][gc,cpu         ] GC(55) User=0.61s Sys=0.00s Real=0.12s
[2.076s][info][gc,start       ] GC(56) Pause Young (Allocation Failure)
[2.108s][info][gc,heap        ] GC(56) PSYoungGen: 35809K(69120K)->27488K(70144K) Eden: 18432K(18432K)->0K(18432K) From: 17377K(50688K)->27488K(51712K)
[2.108s][info][gc,heap        ] GC(56) ParOldGen: 316496K(367104K)->325120K(367104K)
[2.108s][info][gc,metaspace   ] GC(56) Metaspace: 6302K(6528K)->6302K(6528K) NonClass: 5769K(5888K)->5769K(5888K) Class: 533K(640K)->533K(640K)
[2.108s][info][gc             ] GC(56) Pause Young (Allocation Failure) 344M->344M(427M) 32.225ms
[2.108s][info][gc,cpu         ] GC(56) User=0.12s Sys=0.00s Real=0.03s
[2.176s][info][gc,start       ] GC(57) Pause Young (Allocation Failure)
[2.212s][info][gc,heap        ] GC(57) PSYoungGen: 45920K(70144K)->45920K(65024K) Eden: 18432K(18432K)->0K(15360K) From: 27488K(51712K)->45920K(49664K)
[2.212s][info][gc,heap        ] GC(57) ParOldGen: 325120K(367104K)->325120K(367104K)
[2.212s][info][gc,metaspace   ] GC(57) Metaspace: 6302K(6528K)->6302K(6528K) NonClass: 5769K(5888K)->5769K(5888K) Class: 533K(640K)->533K(640K)
[2.212s][info][gc             ] GC(57) Pause Young (Allocation Failure) 362M->362M(422M) 36.515ms
[2.212s][info][gc,cpu         ] GC(57) User=0.02s Sys=0.00s Real=0.04s
[2.227s][info][gc,start       ] GC(58) Pause Young (Allocation Failure)
[2.259s][info][gc,heap        ] GC(58) PSYoungGen: 61280K(65024K)->54752K(70144K) Eden: 15360K(15360K)->0K(15360K) From: 45920K(49664K)->54752K(54784K)
[2.259s][info][gc,heap        ] GC(58) ParOldGen: 325120K(367104K)->331632K(367104K)
[2.259s][info][gc,metaspace   ] GC(58) Metaspace: 6302K(6528K)->6302K(6528K) NonClass: 5769K(5888K)->5769K(5888K) Class: 533K(640K)->533K(640K)
[2.259s][info][gc             ] GC(58) Pause Young (Allocation Failure) 377M->377M(427M) 31.760ms
[2.259s][info][gc,cpu         ] GC(58) User=0.02s Sys=0.00s Real=0.03s
[2.274s][info][gc,start       ] GC(59) Pause Young (Allocation Failure)
[2.310s][info][gc,heap        ] GC(59) PSYoungGen: 70112K(70144K)->46912K(79360K) Eden: 15360K(15360K)->0K(14848K) From: 54752K(54784K)->46912K(64512K)
[2.310s][info][gc,heap        ] GC(59) ParOldGen: 331632K(367104K)->355328K(367104K)
[2.310s][info][gc,metaspace   ] GC(59) Metaspace: 6302K(6528K)->6302K(6528K) NonClass: 5769K(5888K)->5769K(5888K) Class: 533K(640K)->533K(640K)
[2.310s][info][gc             ] GC(59) Pause Young (Allocation Failure) 392M->392M(436M) 35.669ms
[2.310s][info][gc,cpu         ] GC(59) User=0.02s Sys=0.00s Real=0.03s
[2.310s][info][gc,start       ] GC(60) Pause Full (Ergonomics)
[2.310s][info][gc,phases,start] GC(60) Marking Phase
[2.397s][info][gc,phases      ] GC(60) Marking Phase 86.648ms
[2.397s][info][gc,phases,start] GC(60) Summary Phase
[2.397s][info][gc,phases      ] GC(60) Summary Phase 0.021ms
[2.397s][info][gc,phases,start] GC(60) Adjust Roots
[2.397s][info][gc,phases      ] GC(60) Adjust Roots 0.158ms
[2.397s][info][gc,phases,start] GC(60) Compaction Phase
[2.468s][info][gc,phases      ] GC(60) Compaction Phase 70.552ms
[2.468s][info][gc,phases,start] GC(60) Post Compact
[2.470s][info][gc,phases      ] GC(60) Post Compact 1.969ms
[2.470s][info][gc,heap        ] GC(60) PSYoungGen: 46912K(79360K)->37497K(79360K) Eden: 0K(14848K)->0K(14848K) From: 46912K(64512K)->37497K(64512K)
[2.470s][info][gc,heap        ] GC(60) ParOldGen: 355328K(367104K)->355670K(409600K)
[2.470s][info][gc,metaspace   ] GC(60) Metaspace: 6302K(6528K)->6302K(6528K) NonClass: 5769K(5888K)->5769K(5888K) Class: 533K(640K)->533K(640K)
[2.470s][info][gc             ] GC(60) Pause Full (Ergonomics) 392M->383M(477M) 159.841ms
[2.470s][info][gc,cpu         ] GC(60) User=1.00s Sys=0.00s Real=0.16s
[2.487s][info][gc,start       ] GC(61) Pause Young (Allocation Failure)
[2.540s][info][gc,heap        ] GC(61) PSYoungGen: 52345K(79360K)->25600K(81920K) Eden: 14848K(14848K)->0K(14848K) From: 37497K(64512K)->25600K(67072K)
[2.540s][info][gc,heap        ] GC(61) ParOldGen: 355670K(409600K)->382774K(409600K)
[2.540s][info][gc,metaspace   ] GC(61) Metaspace: 6302K(6528K)->6302K(6528K) NonClass: 5769K(5888K)->5769K(5888K) Class: 533K(640K)->533K(640K)
[2.540s][info][gc             ] GC(61) Pause Young (Allocation Failure) 398M->398M(480M) 52.446ms
[2.540s][info][gc,cpu         ] GC(61) User=0.14s Sys=0.00s Real=0.05s
[2.540s][info][gc,start       ] GC(62) Pause Full (Ergonomics)
[2.540s][info][gc,phases,start] GC(62) Marking Phase
[2.631s][info][gc,phases      ] GC(62) Marking Phase 91.460ms
[2.631s][info][gc,phases,start] GC(62) Summary Phase
[2.631s][info][gc,phases      ] GC(62) Summary Phase 0.022ms
[2.631s][info][gc,phases,start] GC(62) Adjust Roots
[2.631s][info][gc,phases      ] GC(62) Adjust Roots 0.150ms
[2.631s][info][gc,phases,start] GC(62) Compaction Phase
[2.676s][info][gc,phases      ] GC(62) Compaction Phase 44.426ms
[2.676s][info][gc,phases,start] GC(62) Post Compact
[2.678s][info][gc,phases      ] GC(62) Post Compact 2.020ms
[2.678s][info][gc,heap        ] GC(62) PSYoungGen: 25600K(81920K)->0K(81920K) Eden: 0K(14848K)->0K(16896K) From: 25600K(67072K)->0K(65024K)
[2.678s][info][gc,heap        ] GC(62) ParOldGen: 382774K(409600K)->407983K(470016K)
[2.678s][info][gc,metaspace   ] GC(62) Metaspace: 6302K(6528K)->6302K(6528K) NonClass: 5769K(5888K)->5769K(5888K) Class: 533K(640K)->533K(640K)
[2.678s][info][gc             ] GC(62) Pause Full (Ergonomics) 398M->398M(539M) 138.650ms
[2.678s][info][gc,cpu         ] GC(62) User=0.89s Sys=0.00s Real=0.14s
[2.697s][info][gc,start       ] GC(63) Pause Young (Allocation Failure)
[2.708s][info][gc,heap        ] GC(63) PSYoungGen: 16896K(81920K)->16992K(81920K) Eden: 16896K(16896K)->0K(16896K) From: 0K(65024K)->16992K(65024K)
[2.708s][info][gc,heap        ] GC(63) ParOldGen: 407983K(470016K)->407983K(470016K)
[2.708s][info][gc,metaspace   ] GC(63) Metaspace: 6302K(6528K)->6302K(6528K) NonClass: 5769K(5888K)->5769K(5888K) Class: 533K(640K)->533K(640K)
[2.708s][info][gc             ] GC(63) Pause Young (Allocation Failure) 414M->415M(539M) 10.864ms
[2.708s][info][gc,cpu         ] GC(63) User=0.00s Sys=0.00s Real=0.01s
[2.726s][info][gc,start       ] GC(64) Pause Young (Allocation Failure)
[2.745s][info][gc,heap        ] GC(64) PSYoungGen: 33888K(81920K)->33920K(78848K) Eden: 16896K(16896K)->0K(18944K) From: 16992K(65024K)->33920K(59904K)
[2.745s][info][gc,heap        ] GC(64) ParOldGen: 407983K(470016K)->407983K(470016K)
[2.745s][info][gc,metaspace   ] GC(64) Metaspace: 6302K(6528K)->6302K(6528K) NonClass: 5769K(5888K)->5769K(5888K) Class: 533K(640K)->533K(640K)
[2.745s][info][gc             ] GC(64) Pause Young (Allocation Failure) 431M->431M(536M) 19.429ms
[2.745s][info][gc,cpu         ] GC(64) User=0.09s Sys=0.00s Real=0.02s
[2.766s][info][gc,start       ] GC(65) Pause Young (Allocation Failure)
[2.793s][info][gc,heap        ] GC(65) PSYoungGen: 52864K(78848K)->52960K(80896K) Eden: 18944K(18944K)->0K(18944K) From: 33920K(59904K)->52960K(61952K)
[2.793s][info][gc,heap        ] GC(65) ParOldGen: 407983K(470016K)->407983K(470016K)
[2.793s][info][gc,metaspace   ] GC(65) Metaspace: 6302K(6528K)->6302K(6528K) NonClass: 5769K(5888K)->5769K(5888K) Class: 533K(640K)->533K(640K)
[2.793s][info][gc             ] GC(65) Pause Young (Allocation Failure) 450M->450M(538M) 26.468ms
[2.793s][info][gc,cpu         ] GC(65) User=0.14s Sys=0.00s Real=0.03s
[2.814s][info][gc,start       ] GC(66) Pause Young (Allocation Failure)
[2.848s][info][gc,heap        ] GC(66) PSYoungGen: 71904K(80896K)->67072K(77312K) Eden: 18944K(18944K)->0K(10240K) From: 52960K(61952K)->67072K(67072K)
[2.848s][info][gc,heap        ] GC(66) ParOldGen: 407983K(470016K)->412703K(470016K)
[2.848s][info][gc,metaspace   ] GC(66) Metaspace: 6302K(6528K)->6302K(6528K) NonClass: 5769K(5888K)->5769K(5888K) Class: 533K(640K)->533K(640K)
[2.848s][info][gc             ] GC(66) Pause Young (Allocation Failure) 468M->468M(534M) 33.653ms
[2.848s][info][gc,cpu         ] GC(66) User=0.22s Sys=0.03s Real=0.03s
[2.859s][info][gc,start       ] GC(67) Pause Young (Allocation Failure)
[2.893s][info][gc,heap        ] GC(67) PSYoungGen: 77312K(77312K)->61216K(88576K) Eden: 10240K(10240K)->0K(10240K) From: 67072K(67072K)->61216K(78336K)
[2.893s][info][gc,heap        ] GC(67) ParOldGen: 412703K(470016K)->429127K(470016K)
[2.893s][info][gc,metaspace   ] GC(67) Metaspace: 6302K(6528K)->6302K(6528K) NonClass: 5769K(5888K)->5769K(5888K) Class: 533K(640K)->533K(640K)
[2.893s][info][gc             ] GC(67) Pause Young (Allocation Failure) 478M->478M(545M) 33.770ms
[2.893s][info][gc,cpu         ] GC(67) User=0.25s Sys=0.00s Real=0.03s
[2.904s][info][gc,start       ] GC(68) Pause Young (Allocation Failure)
[2.935s][info][gc,heap        ] GC(68) PSYoungGen: 71456K(88576K)->56192K(92672K) Eden: 10240K(10240K)->0K(9728K) From: 61216K(78336K)->56192K(82944K)
[2.935s][info][gc,heap        ] GC(68) ParOldGen: 429127K(470016K)->444615K(470016K)
[2.935s][info][gc,metaspace   ] GC(68) Metaspace: 6302K(6528K)->6302K(6528K) NonClass: 5769K(5888K)->5769K(5888K) Class: 533K(640K)->533K(640K)
[2.935s][info][gc             ] GC(68) Pause Young (Allocation Failure) 488M->489M(549M) 31.540ms
[2.935s][info][gc,cpu         ] GC(68) User=0.14s Sys=0.00s Real=0.03s
[2.935s][info][gc,start       ] GC(69) Pause Full (Ergonomics)
[2.935s][info][gc,phases,start] GC(69) Marking Phase
[3.043s][info][gc,phases      ] GC(69) Marking Phase 107.411ms
[3.043s][info][gc,phases,start] GC(69) Summary Phase
[3.043s][info][gc,phases      ] GC(69) Summary Phase 0.035ms
[3.043s][info][gc,phases,start] GC(69) Adjust Roots
[3.043s][info][gc,phases      ] GC(69) Adjust Roots 0.176ms
[3.043s][info][gc,phases,start] GC(69) Compaction Phase
[3.095s][info][gc,phases      ] GC(69) Compaction Phase 52.261ms
[3.095s][info][gc,phases,start] GC(69) Post Compact
[3.098s][info][gc,phases      ] GC(69) Post Compact 2.545ms
[3.098s][info][gc,heap        ] GC(69) PSYoungGen: 56192K(92672K)->30346K(92672K) Eden: 0K(9728K)->0K(9728K) From: 56192K(82944K)->30346K(82944K)
[3.098s][info][gc,heap        ] GC(69) ParOldGen: 444615K(470016K)->469614K(531968K)
[3.098s][info][gc,metaspace   ] GC(69) Metaspace: 6302K(6528K)->6302K(6528K) NonClass: 5769K(5888K)->5769K(5888K) Class: 533K(640K)->533K(640K)
[3.098s][info][gc             ] GC(69) Pause Full (Ergonomics) 489M->488M(610M) 163.049ms
[3.098s][info][gc,cpu         ] GC(69) User=1.00s Sys=0.03s Real=0.16s
[3.109s][info][gc,start       ] GC(70) Pause Young (Allocation Failure)
[3.147s][info][gc,heap        ] GC(70) PSYoungGen: 40074K(92672K)->21312K(94720K) Eden: 9728K(9728K)->0K(9728K) From: 30346K(82944K)->21312K(84992K)
[3.148s][info][gc,heap        ] GC(70) ParOldGen: 469614K(531968K)->488758K(531968K)
[3.148s][info][gc,metaspace   ] GC(70) Metaspace: 6302K(6528K)->6302K(6528K) NonClass: 5769K(5888K)->5769K(5888K) Class: 533K(640K)->533K(640K)
[3.148s][info][gc             ] GC(70) Pause Young (Allocation Failure) 497M->498M(612M) 38.056ms
[3.148s][info][gc,cpu         ] GC(70) User=0.23s Sys=0.00s Real=0.04s
[3.159s][info][gc,start       ] GC(71) Pause Young (Allocation Failure)
[3.176s][info][gc,heap        ] GC(71) PSYoungGen: 31040K(94720K)->25792K(91136K) Eden: 9728K(9728K)->0K(11264K) From: 21312K(84992K)->25792K(79872K)
[3.176s][info][gc,heap        ] GC(71) ParOldGen: 488758K(531968K)->494110K(531968K)
[3.176s][info][gc,metaspace   ] GC(71) Metaspace: 6302K(6528K)->6302K(6528K) NonClass: 5769K(5888K)->5769K(5888K) Class: 533K(640K)->533K(640K)
[3.176s][info][gc             ] GC(71) Pause Young (Allocation Failure) 507M->507M(608M) 17.229ms
[3.176s][info][gc,cpu         ] GC(71) User=0.05s Sys=0.00s Real=0.02s
[3.188s][info][gc,start       ] GC(72) Pause Young (Allocation Failure)
[3.207s][info][gc,heap        ] GC(72) PSYoungGen: 37056K(91136K)->30784K(42496K) Eden: 11264K(11264K)->0K(11264K) From: 25792K(79872K)->30784K(31232K)
[3.207s][info][gc,heap        ] GC(72) ParOldGen: 494110K(531968K)->500446K(531968K)
[3.207s][info][gc,metaspace   ] GC(72) Metaspace: 6302K(6528K)->6302K(6528K) NonClass: 5769K(5888K)->5769K(5888K) Class: 533K(640K)->533K(640K)
[3.207s][info][gc             ] GC(72) Pause Young (Allocation Failure) 518M->518M(561M) 19.637ms
[3.207s][info][gc,cpu         ] GC(72) User=0.11s Sys=0.00s Real=0.02s
[3.220s][info][gc,start       ] GC(73) Pause Young (Allocation Failure)
[3.242s][info][gc,heap        ] GC(73) PSYoungGen: 42048K(42496K)->22656K(88064K) Eden: 11264K(11264K)->0K(12800K) From: 30784K(31232K)->22656K(75264K)
[3.242s][info][gc,heap        ] GC(73) ParOldGen: 500446K(531968K)->520158K(531968K)
[3.242s][info][gc,metaspace   ] GC(73) Metaspace: 6302K(6528K)->6302K(6528K) NonClass: 5769K(5888K)->5769K(5888K) Class: 533K(640K)->533K(640K)
[3.242s][info][gc             ] GC(73) Pause Young (Allocation Failure) 529M->530M(605M) 22.309ms
[3.242s][info][gc,cpu         ] GC(73) User=0.11s Sys=0.00s Real=0.02s
[3.242s][info][gc,start       ] GC(74) Pause Full (Ergonomics)
[3.242s][info][gc,phases,start] GC(74) Marking Phase
[3.359s][info][gc,phases      ] GC(74) Marking Phase 117.131ms
[3.359s][info][gc,phases,start] GC(74) Summary Phase
[3.359s][info][gc,phases      ] GC(74) Summary Phase 0.028ms
[3.359s][info][gc,phases,start] GC(74) Adjust Roots
[3.360s][info][gc,phases      ] GC(74) Adjust Roots 0.153ms
[3.360s][info][gc,phases,start] GC(74) Compaction Phase
[3.413s][info][gc,phases      ] GC(74) Compaction Phase 52.972ms
[3.413s][info][gc,phases,start] GC(74) Post Compact
[3.414s][info][gc,phases      ] GC(74) Post Compact 0.998ms
[3.414s][info][gc,heap        ] GC(74) PSYoungGen: 22656K(88064K)->10205K(89600K) Eden: 0K(12800K)->0K(14336K) From: 22656K(75264K)->10205K(75264K)
[3.414s][info][gc,heap        ] GC(74) ParOldGen: 520158K(531968K)->531617K(598528K)
[3.414s][info][gc,metaspace   ] GC(74) Metaspace: 6302K(6528K)->6302K(6528K) NonClass: 5769K(5888K)->5769K(5888K) Class: 533K(640K)->533K(640K)
[3.414s][info][gc             ] GC(74) Pause Full (Ergonomics) 530M->529M(672M) 171.887ms
[3.414s][info][gc,cpu         ] GC(74) User=1.25s Sys=0.00s Real=0.17s
[3.430s][info][gc,start       ] GC(75) Pause Young (Allocation Failure)
[3.464s][info][gc,heap        ] GC(75) PSYoungGen: 24541K(89600K)->14496K(91136K) Eden: 14336K(14336K)->0K(14336K) From: 10205K(75264K)->14496K(76800K)
[3.464s][info][gc,heap        ] GC(75) ParOldGen: 531617K(598528K)->541977K(598528K)
[3.464s][info][gc,metaspace   ] GC(75) Metaspace: 6302K(6528K)->6302K(6528K) NonClass: 5769K(5888K)->5769K(5888K) Class: 533K(640K)->533K(640K)
[3.464s][info][gc             ] GC(75) Pause Young (Allocation Failure) 543M->543M(673M) 34.275ms
[3.464s][info][gc,cpu         ] GC(75) User=0.16s Sys=0.00s Real=0.03s
[3.480s][info][gc,start       ] GC(76) Pause Young (Allocation Failure)
[3.496s][info][gc,heap        ] GC(76) PSYoungGen: 28832K(91136K)->14496K(90112K) Eden: 14336K(14336K)->0K(15872K) From: 14496K(76800K)->14496K(74240K)
[3.496s][info][gc,heap        ] GC(76) ParOldGen: 541977K(598528K)->556505K(598528K)
[3.496s][info][gc,metaspace   ] GC(76) Metaspace: 6302K(6528K)->6302K(6528K) NonClass: 5769K(5888K)->5769K(5888K) Class: 533K(640K)->533K(640K)
[3.496s][info][gc             ] GC(76) Pause Young (Allocation Failure) 557M->557M(672M) 16.557ms
[3.496s][info][gc,cpu         ] GC(76) User=0.03s Sys=0.00s Real=0.02s
[3.515s][info][gc,start       ] GC(77) Pause Young (Allocation Failure)
[3.533s][info][gc,heap        ] GC(77) PSYoungGen: 30368K(90112K)->16000K(91136K) Eden: 15872K(15872K)->0K(15872K) From: 14496K(74240K)->16000K(75264K)
[3.533s][info][gc,heap        ] GC(77) ParOldGen: 556505K(598528K)->571041K(598528K)
[3.533s][info][gc,metaspace   ] GC(77) Metaspace: 6302K(6528K)->6302K(6528K) NonClass: 5769K(5888K)->5769K(5888K) Class: 533K(640K)->533K(640K)
[3.533s][info][gc             ] GC(77) Pause Young (Allocation Failure) 573M->573M(673M) 18.050ms
[3.533s][info][gc,cpu         ] GC(77) User=0.11s Sys=0.02s Real=0.02s
[3.533s][info][gc,start       ] GC(78) Pause Full (Ergonomics)
[3.533s][info][gc,phases,start] GC(78) Marking Phase
[3.661s][info][gc,phases      ] GC(78) Marking Phase 127.704ms
[3.661s][info][gc,phases,start] GC(78) Summary Phase
[3.661s][info][gc,phases      ] GC(78) Summary Phase 0.048ms
[3.661s][info][gc,phases,start] GC(78) Adjust Roots
[3.661s][info][gc,phases      ] GC(78) Adjust Roots 0.232ms
[3.661s][info][gc,phases,start] GC(78) Compaction Phase
[3.714s][info][gc,phases      ] GC(78) Compaction Phase 52.676ms
[3.714s][info][gc,phases,start] GC(78) Post Compact
[3.715s][info][gc,phases      ] GC(78) Post Compact 0.918ms
[3.715s][info][gc,heap        ] GC(78) PSYoungGen: 16000K(91136K)->0K(91648K) Eden: 0K(15872K)->0K(17920K) From: 16000K(75264K)->0K(73728K)
[3.715s][info][gc,heap        ] GC(78) ParOldGen: 571041K(598528K)->586271K(654848K)
[3.715s][info][gc,metaspace   ] GC(78) Metaspace: 6302K(6528K)->6302K(6528K) NonClass: 5769K(5888K)->5769K(5888K) Class: 533K(640K)->533K(640K)
[3.715s][info][gc             ] GC(78) Pause Full (Ergonomics) 573M->572M(729M) 182.090ms
[3.715s][info][gc,cpu         ] GC(78) User=1.05s Sys=0.06s Real=0.18s
[3.735s][info][gc,start       ] GC(79) Pause Young (Allocation Failure)
[3.747s][info][gc,heap        ] GC(79) PSYoungGen: 17920K(91648K)->18080K(36352K) Eden: 17920K(17920K)->0K(17920K) From: 0K(73728K)->18080K(18432K)
[3.747s][info][gc,heap        ] GC(79) ParOldGen: 586271K(654848K)->586271K(654848K)
[3.747s][info][gc,metaspace   ] GC(79) Metaspace: 6302K(6528K)->6302K(6528K) NonClass: 5769K(5888K)->5769K(5888K) Class: 533K(640K)->533K(640K)
[3.747s][info][gc             ] GC(79) Pause Young (Allocation Failure) 590M->590M(675M) 11.788ms
[3.747s][info][gc,cpu         ] GC(79) User=0.02s Sys=0.00s Real=0.01s
[3.768s][info][gc,start       ] GC(80) Pause Young (Allocation Failure)
[3.787s][info][gc,heap        ] GC(80) PSYoungGen: 36000K(36352K)->36000K(88576K) Eden: 17920K(17920K)->0K(19968K) From: 18080K(18432K)->36000K(68608K)
[3.787s][info][gc,heap        ] GC(80) ParOldGen: 586271K(654848K)->586271K(654848K)
[3.787s][info][gc,metaspace   ] GC(80) Metaspace: 6302K(6528K)->6302K(6528K) NonClass: 5769K(5888K)->5769K(5888K) Class: 533K(640K)->533K(640K)
[3.787s][info][gc             ] GC(80) Pause Young (Allocation Failure) 607M->607M(726M) 19.389ms
[3.787s][info][gc,cpu         ] GC(80) User=0.12s Sys=0.00s Real=0.02s
[3.811s][info][gc,start       ] GC(81) Pause Young (Allocation Failure)
[3.839s][info][gc,heap        ] GC(81) PSYoungGen: 55968K(88576K)->56000K(89600K) Eden: 19968K(19968K)->0K(19968K) From: 36000K(68608K)->56000K(69632K)
[3.839s][info][gc,heap        ] GC(81) ParOldGen: 586271K(654848K)->586271K(654848K)
[3.839s][info][gc,metaspace   ] GC(81) Metaspace: 6302K(6528K)->6302K(6528K) NonClass: 5769K(5888K)->5769K(5888K) Class: 533K(640K)->533K(640K)
[3.839s][info][gc             ] GC(81) Pause Young (Allocation Failure) 627M->627M(727M) 28.293ms
[3.839s][info][gc,cpu         ] GC(81) User=0.12s Sys=0.00s Real=0.03s
[3.862s][info][gc,start       ] GC(82) Pause Young (Allocation Failure)
[3.902s][info][gc,heap        ] GC(82) PSYoungGen: 75968K(89600K)->75264K(84992K) Eden: 19968K(19968K)->0K(9728K) From: 56000K(69632K)->75264K(75264K)
[3.902s][info][gc,heap        ] GC(82) ParOldGen: 586271K(654848K)->586927K(654848K)
[3.902s][info][gc,metaspace   ] GC(82) Metaspace: 6302K(6528K)->6302K(6528K) NonClass: 5769K(5888K)->5769K(5888K) Class: 533K(640K)->533K(640K)
[3.902s][info][gc             ] GC(82) Pause Young (Allocation Failure) 646M->646M(722M) 39.439ms
[3.902s][info][gc,cpu         ] GC(82) User=0.25s Sys=0.00s Real=0.04s
[3.915s][info][gc,start       ] GC(83) Pause Young (Allocation Failure)
[3.959s][info][gc,heap        ] GC(83) PSYoungGen: 84992K(84992K)->49504K(97280K) Eden: 9728K(9728K)->0K(9728K) From: 75264K(75264K)->49504K(87552K)
[3.960s][info][gc,heap        ] GC(83) ParOldGen: 586927K(654848K)->622927K(654848K)
[3.960s][info][gc,metaspace   ] GC(83) Metaspace: 6302K(6528K)->6302K(6528K) NonClass: 5769K(5888K)->5769K(5888K) Class: 533K(640K)->533K(640K)
[3.960s][info][gc             ] GC(83) Pause Young (Allocation Failure) 656M->656M(734M) 44.930ms
[3.960s][info][gc,cpu         ] GC(83) User=0.20s Sys=0.03s Real=0.05s
[3.960s][info][gc,start       ] GC(84) Pause Full (Ergonomics)
[3.960s][info][gc,phases,start] GC(84) Marking Phase
[4.104s][info][gc,phases      ] GC(84) Marking Phase 144.236ms
[4.104s][info][gc,phases,start] GC(84) Summary Phase
[4.104s][info][gc,phases      ] GC(84) Summary Phase 0.025ms
[4.104s][info][gc,phases,start] GC(84) Adjust Roots
[4.104s][info][gc,phases      ] GC(84) Adjust Roots 0.157ms
[4.104s][info][gc,phases,start] GC(84) Compaction Phase
[4.161s][info][gc,phases      ] GC(84) Compaction Phase 56.717ms
[4.161s][info][gc,phases,start] GC(84) Post Compact
[4.162s][info][gc,phases      ] GC(84) Post Compact 1.155ms
[4.162s][info][gc,heap        ] GC(84) PSYoungGen: 49504K(97280K)->17044K(97280K) Eden: 0K(9728K)->0K(9728K) From: 49504K(87552K)->17044K(87552K)
[4.163s][info][gc,heap        ] GC(84) ParOldGen: 622927K(654848K)->654576K(733184K)
[4.163s][info][gc,metaspace   ] GC(84) Metaspace: 6302K(6528K)->6302K(6528K) NonClass: 5769K(5888K)->5769K(5888K) Class: 533K(640K)->533K(640K)
[4.163s][info][gc             ] GC(84) Pause Full (Ergonomics) 656M->655M(811M) 202.953ms
[4.163s][info][gc,cpu         ] GC(84) User=1.52s Sys=0.00s Real=0.20s
[4.174s][info][gc,start       ] GC(85) Pause Young (Allocation Failure)
[4.215s][info][gc,heap        ] GC(85) PSYoungGen: 26772K(97280K)->21088K(93184K) Eden: 9728K(9728K)->0K(10752K) From: 17044K(87552K)->21088K(82432K)
[4.215s][info][gc,heap        ] GC(85) ParOldGen: 654576K(733184K)->660512K(733184K)
[4.215s][info][gc,metaspace   ] GC(85) Metaspace: 6302K(6528K)->6302K(6528K) NonClass: 5769K(5888K)->5769K(5888K) Class: 533K(640K)->533K(640K)
[4.215s][info][gc             ] GC(85) Pause Young (Allocation Failure) 665M->665M(807M) 41.010ms
[4.216s][info][gc,cpu         ] GC(85) User=0.23s Sys=0.02s Real=0.04s
[4.230s][info][gc,start       ] GC(86) Pause Young (Allocation Failure)
[4.247s][info][gc,heap        ] GC(86) PSYoungGen: 31840K(93184K)->31904K(43008K) Eden: 10752K(10752K)->0K(10752K) From: 21088K(82432K)->31904K(32256K)
[4.247s][info][gc,heap        ] GC(86) ParOldGen: 660512K(733184K)->660512K(733184K)
[4.247s][info][gc,metaspace   ] GC(86) Metaspace: 6302K(6528K)->6302K(6528K) NonClass: 5769K(5888K)->5769K(5888K) Class: 533K(640K)->533K(640K)
[4.247s][info][gc             ] GC(86) Pause Young (Allocation Failure) 676M->676M(758M) 17.498ms
[4.247s][info][gc,cpu         ] GC(86) User=0.03s Sys=0.00s Real=0.02s
[4.260s][info][gc,start       ] GC(87) Pause Young (Allocation Failure)
[4.283s][info][gc,heap        ] GC(87) PSYoungGen: 42656K(43008K)->34848K(84992K) Eden: 10752K(10752K)->0K(12288K) From: 31904K(32256K)->34848K(72704K)
[4.283s][info][gc,heap        ] GC(87) ParOldGen: 660512K(733184K)->668360K(733184K)
[4.283s][info][gc,metaspace   ] GC(87) Metaspace: 6302K(6528K)->6302K(6528K) NonClass: 5769K(5888K)->5769K(5888K) Class: 533K(640K)->533K(640K)
[4.283s][info][gc             ] GC(87) Pause Young (Allocation Failure) 686M->686M(799M) 22.642ms
[4.283s][info][gc,cpu         ] GC(87) User=0.12s Sys=0.00s Real=0.02s
[4.424s][info][gc,start       ] GC(88) Pause Young (Allocation Failure)
[4.463s][info][gc,heap        ] GC(88) PSYoungGen: 47136K(84992K)->43616K(89088K) Eden: 12288K(12288K)->0K(12288K) From: 34848K(72704K)->43616K(76800K)
[4.463s][info][gc,heap        ] GC(88) ParOldGen: 701128K(733184K)->704696K(733184K)
[4.463s][info][gc,metaspace   ] GC(88) Metaspace: 6302K(6528K)->6302K(6528K) NonClass: 5769K(5888K)->5769K(5888K) Class: 533K(640K)->533K(640K)
[4.463s][info][gc             ] GC(88) Pause Young (Allocation Failure) 730M->730M(803M) 38.722ms
[4.463s][info][gc,cpu         ] GC(88) User=0.27s Sys=0.00s Real=0.04s
[4.476s][info][gc,start       ] GC(89) Pause Young (Allocation Failure)
[4.503s][info][gc,heap        ] GC(89) PSYoungGen: 55904K(89088K)->55936K(85504K) Eden: 12288K(12288K)->0K(10240K) From: 43616K(76800K)->55936K(75264K)
[4.503s][info][gc,heap        ] GC(89) ParOldGen: 704696K(733184K)->704696K(733184K)
[4.503s][info][gc,metaspace   ] GC(89) Metaspace: 6302K(6528K)->6302K(6528K) NonClass: 5769K(5888K)->5769K(5888K) Class: 533K(640K)->533K(640K)
[4.503s][info][gc             ] GC(89) Pause Young (Allocation Failure) 742M->742M(799M) 27.194ms
[4.503s][info][gc,cpu         ] GC(89) User=0.08s Sys=0.00s Real=0.03s
[4.513s][info][gc,start       ] GC(90) Pause Young (Allocation Failure)
[4.544s][info][gc,heap        ] GC(90) PSYoungGen: 66176K(85504K)->56416K(89088K) Eden: 10240K(10240K)->0K(10240K) From: 55936K(75264K)->56416K(78848K)
[4.545s][info][gc,heap        ] GC(90) ParOldGen: 704696K(733184K)->714552K(733184K)
[4.545s][info][gc,metaspace   ] GC(90) Metaspace: 6302K(6528K)->6302K(6528K) NonClass: 5769K(5888K)->5769K(5888K) Class: 533K(640K)->533K(640K)
[4.545s][info][gc             ] GC(90) Pause Young (Allocation Failure) 752M->752M(803M) 31.308ms
[4.545s][info][gc,cpu         ] GC(90) User=0.14s Sys=0.00s Real=0.03s
[4.545s][info][gc,start       ] GC(91) Pause Full (Ergonomics)
[4.545s][info][gc,phases,start] GC(91) Marking Phase
[4.709s][info][gc,phases      ] GC(91) Marking Phase 164.260ms
[4.709s][info][gc,phases,start] GC(91) Summary Phase
[4.709s][info][gc,phases      ] GC(91) Summary Phase 0.029ms
[4.709s][info][gc,phases,start] GC(91) Adjust Roots
[4.709s][info][gc,phases      ] GC(91) Adjust Roots 0.172ms
[4.709s][info][gc,phases,start] GC(91) Compaction Phase
[4.835s][info][gc,phases      ] GC(91) Compaction Phase 125.880ms
[4.835s][info][gc,phases,start] GC(91) Post Compact
[4.837s][info][gc,phases      ] GC(91) Post Compact 1.588ms
[4.837s][info][gc,heap        ] GC(91) PSYoungGen: 56416K(89088K)->20913K(89088K) Eden: 0K(10240K)->0K(10240K) From: 56416K(78848K)->20913K(78848K)
[4.837s][info][gc,heap        ] GC(91) ParOldGen: 714552K(733184K)->732958K(808448K)
[4.837s][info][gc,metaspace   ] GC(91) Metaspace: 6302K(6528K)->6302K(6528K) NonClass: 5769K(5888K)->5769K(5888K) Class: 533K(640K)->533K(640K)
[4.837s][info][gc             ] GC(91) Pause Full (Ergonomics) 752M->736M(876M) 292.534ms
[4.837s][info][gc,cpu         ] GC(91) User=1.69s Sys=0.05s Real=0.29s
[4.850s][info][gc,start       ] GC(92) Pause Young (Allocation Failure)
[4.894s][info][gc,heap        ] GC(92) PSYoungGen: 31153K(89088K)->26080K(89088K) Eden: 10240K(10240K)->0K(11264K) From: 20913K(78848K)->26080K(77824K)
[4.894s][info][gc,heap        ] GC(92) ParOldGen: 732958K(808448K)->738270K(808448K)
[4.894s][info][gc,metaspace   ] GC(92) Metaspace: 6302K(6528K)->6302K(6528K) NonClass: 5769K(5888K)->5769K(5888K) Class: 533K(640K)->533K(640K)
[4.894s][info][gc             ] GC(92) Pause Young (Allocation Failure) 746M->746M(876M) 43.662ms
[4.894s][info][gc,cpu         ] GC(92) User=0.19s Sys=0.00s Real=0.04s
[4.906s][info][gc,start       ] GC(93) Pause Young (Allocation Failure)
[4.926s][info][gc,heap        ] GC(93) PSYoungGen: 37344K(89088K)->31040K(42496K) Eden: 11264K(11264K)->0K(11264K) From: 26080K(77824K)->31040K(31232K)
[4.926s][info][gc,heap        ] GC(93) ParOldGen: 738270K(808448K)->744646K(808448K)
[4.926s][info][gc,metaspace   ] GC(93) Metaspace: 6302K(6528K)->6302K(6528K) NonClass: 5769K(5888K)->5769K(5888K) Class: 533K(640K)->533K(640K)
[4.926s][info][gc             ] GC(93) Pause Young (Allocation Failure) 757M->757M(831M) 20.091ms
[4.926s][info][gc,cpu         ] GC(93) User=0.03s Sys=0.00s Real=0.02s
[4.938s][info][gc,start       ] GC(94) Pause Young (Allocation Failure)
[4.960s][info][gc,heap        ] GC(94) PSYoungGen: 42304K(42496K)->35072K(83456K) Eden: 11264K(11264K)->0K(12800K) From: 31040K(31232K)->35072K(70656K)
[4.960s][info][gc,heap        ] GC(94) ParOldGen: 744646K(808448K)->751998K(808448K)
[4.960s][info][gc,metaspace   ] GC(94) Metaspace: 6302K(6528K)->6302K(6528K) NonClass: 5769K(5888K)->5769K(5888K) Class: 533K(640K)->533K(640K)
[4.960s][info][gc             ] GC(94) Pause Young (Allocation Failure) 768M->768M(871M) 22.063ms
[4.960s][info][gc,cpu         ] GC(94) User=0.02s Sys=0.02s Real=0.02s
[4.973s][info][gc,start       ] GC(95) Pause Young (Allocation Failure)
[4.997s][info][gc,heap        ] GC(95) PSYoungGen: 47872K(83456K)->45664K(86528K) Eden: 12800K(12800K)->0K(12800K) From: 35072K(70656K)->45664K(73728K)
[4.997s][info][gc,heap        ] GC(95) ParOldGen: 751998K(808448K)->754254K(808448K)
[4.997s][info][gc,metaspace   ] GC(95) Metaspace: 6302K(6528K)->6302K(6528K) NonClass: 5769K(5888K)->5769K(5888K) Class: 533K(640K)->533K(640K)
[4.997s][info][gc             ] GC(95) Pause Young (Allocation Failure) 781M->781M(874M) 23.767ms
[4.997s][info][gc,cpu         ] GC(95) User=0.12s Sys=0.00s Real=0.02s
[5.009s][info][gc,start       ] GC(96) Pause Young (Allocation Failure)
[5.041s][info][gc,heap        ] GC(96) PSYoungGen: 58464K(86528K)->37024K(80384K) Eden: 12800K(12800K)->0K(14336K) From: 45664K(73728K)->37024K(66048K)
[5.041s][info][gc,heap        ] GC(96) ParOldGen: 754254K(808448K)->776030K(808448K)
[5.041s][info][gc,metaspace   ] GC(96) Metaspace: 6302K(6528K)->6302K(6528K) NonClass: 5769K(5888K)->5769K(5888K) Class: 533K(640K)->533K(640K)
[5.041s][info][gc             ] GC(96) Pause Young (Allocation Failure) 793M->793M(868M) 31.891ms
[5.041s][info][gc,cpu         ] GC(96) User=0.09s Sys=0.00s Real=0.03s
[5.058s][info][gc,start       ] GC(97) Pause Young (Allocation Failure)
[5.085s][info][gc,heap        ] GC(97) PSYoungGen: 51360K(80384K)->27264K(83968K) Eden: 14336K(14336K)->0K(14336K) From: 37024K(66048K)->27264K(69632K)
[5.085s][info][gc,heap        ] GC(97) ParOldGen: 776030K(808448K)->800398K(808448K)
[5.085s][info][gc,metaspace   ] GC(97) Metaspace: 6302K(6528K)->6302K(6528K) NonClass: 5769K(5888K)->5769K(5888K) Class: 533K(640K)->533K(640K)
[5.085s][info][gc             ] GC(97) Pause Young (Allocation Failure) 807M->808M(871M) 26.841ms
[5.085s][info][gc,cpu         ] GC(97) User=0.09s Sys=0.02s Real=0.03s
[5.085s][info][gc,start       ] GC(98) Pause Full (Ergonomics)
[5.085s][info][gc,phases,start] GC(98) Marking Phase
[5.269s][info][gc,phases      ] GC(98) Marking Phase 184.626ms
[5.269s][info][gc,phases,start] GC(98) Summary Phase
[5.269s][info][gc,phases      ] GC(98) Summary Phase 0.024ms
[5.269s][info][gc,phases,start] GC(98) Adjust Roots
[5.270s][info][gc,phases      ] GC(98) Adjust Roots 0.153ms
[5.270s][info][gc,phases,start] GC(98) Compaction Phase
[5.361s][info][gc,phases      ] GC(98) Compaction Phase 91.450ms
[5.361s][info][gc,phases,start] GC(98) Post Compact
[5.363s][info][gc,phases      ] GC(98) Post Compact 1.575ms
[5.363s][info][gc,heap        ] GC(98) PSYoungGen: 27264K(83968K)->18395K(83968K) Eden: 0K(14336K)->0K(14336K) From: 27264K(69632K)->18395K(69632K)
[5.363s][info][gc,heap        ] GC(98) ParOldGen: 800398K(808448K)->807989K(892416K)
[5.363s][info][gc,metaspace   ] GC(98) Metaspace: 6302K(6528K)->6302K(6528K) NonClass: 5769K(5888K)->5769K(5888K) Class: 533K(640K)->533K(640K)
[5.363s][info][gc             ] GC(98) Pause Full (Ergonomics) 808M->807M(953M) 278.597ms
[5.363s][info][gc,cpu         ] GC(98) User=1.83s Sys=0.00s Real=0.28s
[5.379s][info][gc,start       ] GC(99) Pause Young (Allocation Failure)
[5.430s][info][gc,heap        ] GC(99) PSYoungGen: 32731K(83968K)->14400K(83968K) Eden: 14336K(14336K)->0K(15360K) From: 18395K(69632K)->14400K(68608K)
[5.430s][info][gc,heap        ] GC(99) ParOldGen: 807989K(892416K)->826653K(892416K)
[5.430s][info][gc,metaspace   ] GC(99) Metaspace: 6302K(6528K)->6302K(6528K) NonClass: 5769K(5888K)->5769K(5888K) Class: 533K(640K)->533K(640K)
[5.430s][info][gc             ] GC(99) Pause Young (Allocation Failure) 821M->821M(953M) 50.569ms
[5.430s][info][gc,cpu         ] GC(99) User=0.25s Sys=0.00s Real=0.05s
[5.446s][info][gc,start       ] GC(100) Pause Young (Allocation Failure)
[5.464s][info][gc,heap        ] GC(100) PSYoungGen: 29760K(83968K)->15520K(84992K) Eden: 15360K(15360K)->0K(15360K) From: 14400K(68608K)->15520K(69632K)
[5.464s][info][gc,heap        ] GC(100) ParOldGen: 826653K(892416K)->841189K(892416K)
[5.464s][info][gc,metaspace   ] GC(100) Metaspace: 6302K(6528K)->6302K(6528K) NonClass: 5769K(5888K)->5769K(5888K) Class: 533K(640K)->533K(640K)
[5.464s][info][gc             ] GC(100) Pause Young (Allocation Failure) 836M->836M(954M) 17.845ms
[5.464s][info][gc,cpu         ] GC(100) User=0.03s Sys=0.00s Real=0.02s
[5.480s][info][gc,start       ] GC(101) Pause Young (Allocation Failure)
[5.499s][info][gc,heap        ] GC(101) PSYoungGen: 30880K(84992K)->15488K(86016K) Eden: 15360K(15360K)->0K(17408K) From: 15520K(69632K)->15488K(68608K)
[5.499s][info][gc,heap        ] GC(101) ParOldGen: 841189K(892416K)->856757K(892416K)
[5.499s][info][gc,metaspace   ] GC(101) Metaspace: 6302K(6528K)->6302K(6528K) NonClass: 5769K(5888K)->5769K(5888K) Class: 533K(640K)->533K(640K)
[5.499s][info][gc             ] GC(101) Pause Young (Allocation Failure) 851M->851M(955M) 18.889ms
[5.499s][info][gc,cpu         ] GC(101) User=0.02s Sys=0.00s Real=0.02s
[5.518s][info][gc,start       ] GC(102) Pause Young (Allocation Failure)
[5.537s][info][gc,heap        ] GC(102) PSYoungGen: 32896K(86016K)->17536K(86016K) Eden: 17408K(17408K)->0K(17408K) From: 15488K(68608K)->17536K(68608K)
[5.537s][info][gc,heap        ] GC(102) ParOldGen: 856757K(892416K)->872341K(892416K)
[5.537s][info][gc,metaspace   ] GC(102) Metaspace: 6302K(6528K)->6302K(6528K) NonClass: 5769K(5888K)->5769K(5888K) Class: 533K(640K)->533K(640K)
[5.537s][info][gc             ] GC(102) Pause Young (Allocation Failure) 868M->869M(955M) 19.667ms
[5.537s][info][gc,cpu         ] GC(102) User=0.09s Sys=0.00s Real=0.02s
[5.537s][info][gc,start       ] GC(103) Pause Full (Ergonomics)
[5.537s][info][gc,phases,start] GC(103) Marking Phase
[5.742s][info][gc,phases      ] GC(103) Marking Phase 204.269ms
[5.742s][info][gc,phases,start] GC(103) Summary Phase
[5.742s][info][gc,phases      ] GC(103) Summary Phase 0.030ms
[5.742s][info][gc,phases,start] GC(103) Adjust Roots
[5.742s][info][gc,phases      ] GC(103) Adjust Roots 0.214ms
[5.742s][info][gc,phases,start] GC(103) Compaction Phase
[5.832s][info][gc,phases      ] GC(103) Compaction Phase 89.664ms
[5.832s][info][gc,phases,start] GC(103) Post Compact
[5.833s][info][gc,phases      ] GC(103) Post Compact 1.543ms
[5.834s][info][gc,heap        ] GC(103) PSYoungGen: 17536K(86016K)->0K(86528K) Eden: 0K(17408K)->0K(19456K) From: 17536K(68608K)->0K(67072K)
[5.834s][info][gc,heap        ] GC(103) ParOldGen: 872341K(892416K)->888721K(979456K)
[5.834s][info][gc,metaspace   ] GC(103) Metaspace: 6302K(6528K)->6302K(6528K) NonClass: 5769K(5888K)->5769K(5888K) Class: 533K(640K)->533K(640K)
[5.834s][info][gc             ] GC(103) Pause Full (Ergonomics) 869M->867M(1041M) 296.528ms
[5.834s][info][gc,cpu         ] GC(103) User=2.19s Sys=0.00s Real=0.30s
[5.858s][info][gc,start       ] GC(104) Pause Young (Allocation Failure)
[5.876s][info][gc,heap        ] GC(104) PSYoungGen: 19456K(86528K)->19584K(86528K) Eden: 19456K(19456K)->0K(19456K) From: 0K(67072K)->19584K(67072K)
[5.876s][info][gc,heap        ] GC(104) ParOldGen: 888721K(979456K)->888721K(979456K)
[5.876s][info][gc,metaspace   ] GC(104) Metaspace: 6302K(6528K)->6302K(6528K) NonClass: 5769K(5888K)->5769K(5888K) Class: 533K(640K)->533K(640K)
[5.876s][info][gc             ] GC(104) Pause Young (Allocation Failure) 886M->887M(1041M) 17.643ms
[5.876s][info][gc,cpu         ] GC(104) User=0.03s Sys=0.00s Real=0.02s
[5.898s][info][gc,start       ] GC(105) Pause Young (Allocation Failure)
[5.920s][info][gc,heap        ] GC(105) PSYoungGen: 39040K(86528K)->39040K(87040K) Eden: 19456K(19456K)->0K(21504K) From: 19584K(67072K)->39040K(65536K)
[5.920s][info][gc,heap        ] GC(105) ParOldGen: 888721K(979456K)->888721K(979456K)
[5.920s][info][gc,metaspace   ] GC(105) Metaspace: 6302K(6528K)->6302K(6528K) NonClass: 5769K(5888K)->5769K(5888K) Class: 533K(640K)->533K(640K)
[5.920s][info][gc             ] GC(105) Pause Young (Allocation Failure) 906M->906M(1041M) 21.327ms
[5.920s][info][gc,cpu         ] GC(105) User=0.05s Sys=0.00s Real=0.02s
[5.943s][info][gc,start       ] GC(106) Pause Young (Allocation Failure)
[5.975s][info][gc,heap        ] GC(106) PSYoungGen: 60544K(87040K)->60576K(87040K) Eden: 21504K(21504K)->0K(21504K) From: 39040K(65536K)->60576K(65536K)
[5.975s][info][gc,heap        ] GC(106) ParOldGen: 888721K(979456K)->888721K(979456K)
[5.975s][info][gc,metaspace   ] GC(106) Metaspace: 6302K(6528K)->6302K(6528K) NonClass: 5769K(5888K)->5769K(5888K) Class: 533K(640K)->533K(640K)
[5.975s][info][gc             ] GC(106) Pause Young (Allocation Failure) 927M->927M(1041M) 31.248ms
[5.975s][info][gc,cpu         ] GC(106) User=0.11s Sys=0.00s Real=0.03s
[6.000s][info][gc,start       ] GC(107) Pause Young (Allocation Failure)
[6.039s][info][gc,heap        ] GC(107) PSYoungGen: 82080K(87040K)->73216K(82944K) Eden: 21504K(21504K)->0K(9728K) From: 60576K(65536K)->73216K(73216K)
[6.039s][info][gc,heap        ] GC(107) ParOldGen: 888721K(979456K)->897601K(979456K)
[6.039s][info][gc,metaspace   ] GC(107) Metaspace: 6302K(6528K)->6302K(6528K) NonClass: 5769K(5888K)->5769K(5888K) Class: 533K(640K)->533K(640K)
[6.039s][info][gc             ] GC(107) Pause Young (Allocation Failure) 948M->948M(1037M) 39.436ms
[6.039s][info][gc,cpu         ] GC(107) User=0.23s Sys=0.02s Real=0.04s
[6.050s][info][gc,start       ] GC(108) Pause Young (Allocation Failure)
[6.088s][info][gc,heap        ] GC(108) PSYoungGen: 82944K(82944K)->49152K(97280K) Eden: 9728K(9728K)->0K(9728K) From: 73216K(73216K)->49152K(87552K)
[6.089s][info][gc,heap        ] GC(108) ParOldGen: 897601K(979456K)->931929K(979456K)
[6.089s][info][gc,metaspace   ] GC(108) Metaspace: 6302K(6528K)->6302K(6528K) NonClass: 5769K(5888K)->5769K(5888K) Class: 533K(640K)->533K(640K)
[6.089s][info][gc             ] GC(108) Pause Young (Allocation Failure) 957M->958M(1051M) 38.137ms
[6.089s][info][gc,cpu         ] GC(108) User=0.23s Sys=0.03s Real=0.04s
[6.100s][info][gc,start       ] GC(109) Pause Young (Allocation Failure)
[6.128s][info][gc,heap        ] GC(109) PSYoungGen: 58880K(97280K)->39072K(88576K) Eden: 9728K(9728K)->0K(11264K) From: 49152K(87552K)->39072K(77312K)
[6.128s][info][gc,heap        ] GC(109) ParOldGen: 931929K(979456K)->952001K(979456K)
[6.128s][info][gc,metaspace   ] GC(109) Metaspace: 6302K(6528K)->6302K(6528K) NonClass: 5769K(5888K)->5769K(5888K) Class: 533K(640K)->533K(640K)
[6.128s][info][gc             ] GC(109) Pause Young (Allocation Failure) 967M->967M(1043M) 28.825ms
[6.128s][info][gc,cpu         ] GC(109) User=0.12s Sys=0.00s Real=0.03s
[6.129s][info][gc,start       ] GC(110) Pause Full (Ergonomics)
[6.129s][info][gc,phases,start] GC(110) Marking Phase
[6.346s][info][gc,phases      ] GC(110) Marking Phase 217.312ms
[6.346s][info][gc,phases,start] GC(110) Summary Phase
[6.346s][info][gc,phases      ] GC(110) Summary Phase 0.026ms
[6.346s][info][gc,phases,start] GC(110) Adjust Roots
[6.346s][info][gc,phases      ] GC(110) Adjust Roots 0.163ms
[6.346s][info][gc,phases,start] GC(110) Compaction Phase
[6.441s][info][gc,phases      ] GC(110) Compaction Phase 94.521ms
[6.441s][info][gc,phases,start] GC(110) Post Compact
[6.443s][info][gc,phases      ] GC(110) Post Compact 1.823ms
[6.443s][info][gc,heap        ] GC(110) PSYoungGen: 39072K(88576K)->10768K(90112K) Eden: 0K(11264K)->0K(12800K) From: 39072K(77312K)->10768K(77312K)
[6.443s][info][gc,heap        ] GC(110) ParOldGen: 952001K(979456K)->979138K(1080320K)
[6.443s][info][gc,metaspace   ] GC(110) Metaspace: 6302K(6528K)->6302K(6528K) NonClass: 5769K(5888K)->5769K(5888K) Class: 533K(640K)->533K(640K)
[6.443s][info][gc             ] GC(110) Pause Full (Ergonomics) 967M->966M(1143M) 314.573ms
[6.443s][info][gc,cpu         ] GC(110) User=2.14s Sys=0.02s Real=0.31s
[6.458s][info][gc,start       ] GC(111) Pause Young (Allocation Failure)
[6.514s][info][gc,heap        ] GC(111) PSYoungGen: 23568K(90112K)->14592K(94720K) Eden: 12800K(12800K)->0K(12800K) From: 10768K(77312K)->14592K(81920K)
[6.514s][info][gc,heap        ] GC(111) ParOldGen: 979138K(1080320K)->988378K(1080320K)
[6.514s][info][gc,metaspace   ] GC(111) Metaspace: 6302K(6528K)->6302K(6528K) NonClass: 5769K(5888K)->5769K(5888K) Class: 533K(640K)->533K(640K)
[6.514s][info][gc             ] GC(111) Pause Young (Allocation Failure) 979M->979M(1147M) 56.203ms
[6.514s][info][gc,cpu         ] GC(111) User=0.34s Sys=0.00s Real=0.06s
[6.530s][info][gc,start       ] GC(112) Pause Young (Allocation Failure)
[6.552s][info][gc,heap        ] GC(112) PSYoungGen: 27392K(94720K)->25728K(91136K) Eden: 12800K(12800K)->0K(14336K) From: 14592K(81920K)->25728K(76800K)
[6.552s][info][gc,heap        ] GC(112) ParOldGen: 988378K(1080320K)->990114K(1080320K)
[6.552s][info][gc,metaspace   ] GC(112) Metaspace: 6302K(6528K)->6302K(6528K) NonClass: 5769K(5888K)->5769K(5888K) Class: 533K(640K)->533K(640K)
[6.552s][info][gc             ] GC(112) Pause Young (Allocation Failure) 991M->992M(1144M) 22.409ms
[6.552s][info][gc,cpu         ] GC(112) User=0.02s Sys=0.00s Real=0.02s
[6.569s][info][gc,start       ] GC(113) Pause Young (Allocation Failure)
[6.592s][info][gc,heap        ] GC(113) PSYoungGen: 40064K(91136K)->27232K(41984K) Eden: 14336K(14336K)->0K(14336K) From: 25728K(76800K)->27232K(27648K)
[6.592s][info][gc,heap        ] GC(113) ParOldGen: 990114K(1080320K)->1003090K(1080320K)
[6.592s][info][gc,metaspace   ] GC(113) Metaspace: 6302K(6528K)->6302K(6528K) NonClass: 5769K(5888K)->5769K(5888K) Class: 533K(640K)->533K(640K)
[6.592s][info][gc             ] GC(113) Pause Young (Allocation Failure) 1006M->1006M(1096M) 23.528ms
[6.592s][info][gc,cpu         ] GC(113) User=0.14s Sys=0.00s Real=0.02s
[6.608s][info][gc,start       ] GC(114) Pause Young (Allocation Failure)
[6.631s][info][gc,heap        ] GC(114) PSYoungGen: 41568K(41984K)->28800K(86528K) Eden: 14336K(14336K)->0K(16384K) From: 27232K(27648K)->28800K(70144K)
[6.631s][info][gc,heap        ] GC(114) ParOldGen: 1003090K(1080320K)->1016058K(1080320K)
[6.631s][info][gc,metaspace   ] GC(114) Metaspace: 6302K(6528K)->6302K(6528K) NonClass: 5769K(5888K)->5769K(5888K) Class: 533K(640K)->533K(640K)
[6.631s][info][gc             ] GC(114) Pause Young (Allocation Failure) 1020M->1020M(1139M) 23.469ms
[6.631s][info][gc,cpu         ] GC(114) User=0.11s Sys=0.02s Real=0.02s
[6.651s][info][gc,start       ] GC(115) Pause Young (Allocation Failure)
[6.680s][info][gc,heap        ] GC(115) PSYoungGen: 45184K(86528K)->30848K(47616K) Eden: 16384K(16384K)->0K(16384K) From: 28800K(70144K)->30848K(31232K)
[6.680s][info][gc,heap        ] GC(115) ParOldGen: 1016058K(1080320K)->1030586K(1080320K)
[6.680s][info][gc,metaspace   ] GC(115) Metaspace: 6302K(6528K)->6302K(6528K) NonClass: 5769K(5888K)->5769K(5888K) Class: 533K(640K)->533K(640K)
[6.680s][info][gc             ] GC(115) Pause Young (Allocation Failure) 1036M->1036M(1101M) 28.898ms
[6.680s][info][gc,cpu         ] GC(115) User=0.00s Sys=0.00s Real=0.03s
[6.700s][info][gc,start       ] GC(116) Pause Young (Allocation Failure)
[6.727s][info][gc,heap        ] GC(116) PSYoungGen: 47232K(47616K)->32896K(81920K) Eden: 16384K(16384K)->0K(18432K) From: 30848K(31232K)->32896K(63488K)
[6.727s][info][gc,heap        ] GC(116) ParOldGen: 1030586K(1080320K)->1045122K(1080320K)
[6.727s][info][gc,metaspace   ] GC(116) Metaspace: 6302K(6528K)->6302K(6528K) NonClass: 5769K(5888K)->5769K(5888K) Class: 533K(640K)->533K(640K)
[6.727s][info][gc             ] GC(116) Pause Young (Allocation Failure) 1052M->1052M(1135M) 26.573ms
[6.727s][info][gc,cpu         ] GC(116) User=0.12s Sys=0.00s Real=0.03s
[6.747s][info][gc,start       ] GC(117) Pause Young (Allocation Failure)
[6.776s][info][gc,heap        ] GC(117) PSYoungGen: 51328K(81920K)->34976K(53760K) Eden: 18432K(18432K)->0K(18432K) From: 32896K(63488K)->34976K(35328K)
[6.776s][info][gc,heap        ] GC(117) ParOldGen: 1045122K(1080320K)->1061730K(1080320K)
[6.776s][info][gc,metaspace   ] GC(117) Metaspace: 6302K(6528K)->6302K(6528K) NonClass: 5769K(5888K)->5769K(5888K) Class: 533K(640K)->533K(640K)
[6.776s][info][gc             ] GC(117) Pause Young (Allocation Failure) 1070M->1071M(1107M) 28.379ms
[6.776s][info][gc,cpu         ] GC(117) User=0.12s Sys=0.00s Real=0.03s
[6.776s][info][gc,start       ] GC(118) Pause Full (Ergonomics)
[6.776s][info][gc,phases,start] GC(118) Marking Phase
[7.016s][info][gc,phases      ] GC(118) Marking Phase 239.860ms
[7.016s][info][gc,phases,start] GC(118) Summary Phase
[7.016s][info][gc,phases      ] GC(118) Summary Phase 0.027ms
[7.016s][info][gc,phases,start] GC(118) Adjust Roots
[7.016s][info][gc,phases      ] GC(118) Adjust Roots 0.192ms
[7.016s][info][gc,phases,start] GC(118) Compaction Phase
[7.121s][info][gc,phases      ] GC(118) Compaction Phase 105.124ms
[7.121s][info][gc,phases,start] GC(118) Post Compact
[7.123s][info][gc,phases      ] GC(118) Post Compact 2.060ms
[7.124s][info][gc,heap        ] GC(118) PSYoungGen: 34976K(53760K)->14830K(53760K) Eden: 0K(18432K)->0K(18432K) From: 34976K(35328K)->14830K(35328K)
[7.124s][info][gc,heap        ] GC(118) ParOldGen: 1061730K(1080320K)->1080319K(1183744K)
[7.124s][info][gc,metaspace   ] GC(118) Metaspace: 6302K(6528K)->6302K(6528K) NonClass: 5769K(5888K)->5769K(5888K) Class: 533K(640K)->533K(640K)
[7.124s][info][gc             ] GC(118) Pause Full (Ergonomics) 1071M->1069M(1208M) 348.068ms
[7.124s][info][gc,cpu         ] GC(118) User=2.36s Sys=0.00s Real=0.35s
[7.146s][info][gc,start       ] GC(119) Pause Young (Allocation Failure)
[7.215s][info][gc,heap        ] GC(119) PSYoungGen: 33262K(53760K)->24576K(80384K) Eden: 18432K(18432K)->0K(20480K) From: 14830K(35328K)->24576K(59904K)
[7.215s][info][gc,heap        ] GC(119) ParOldGen: 1080319K(1183744K)->1089303K(1183744K)
[7.215s][info][gc,metaspace   ] GC(119) Metaspace: 6302K(6528K)->6302K(6528K) NonClass: 5769K(5888K)->5769K(5888K) Class: 533K(640K)->533K(640K)
[7.215s][info][gc             ] GC(119) Pause Young (Allocation Failure) 1087M->1087M(1234M) 68.698ms
[7.215s][info][gc,cpu         ] GC(119) User=0.34s Sys=0.02s Real=0.07s
[7.237s][info][gc,start       ] GC(120) Pause Young (Allocation Failure)
[7.266s][info][gc,heap        ] GC(120) PSYoungGen: 45056K(80384K)->45120K(82432K) Eden: 20480K(20480K)->0K(20480K) From: 24576K(59904K)->45120K(61952K)
[7.266s][info][gc,heap        ] GC(120) ParOldGen: 1089303K(1183744K)->1089303K(1183744K)
[7.266s][info][gc,metaspace   ] GC(120) Metaspace: 6302K(6528K)->6302K(6528K) NonClass: 5769K(5888K)->5769K(5888K) Class: 533K(640K)->533K(640K)
[7.266s][info][gc             ] GC(120) Pause Young (Allocation Failure) 1107M->1107M(1236M) 28.901ms
[7.266s][info][gc,cpu         ] GC(120) User=0.11s Sys=0.00s Real=0.03s
[7.289s][info][gc,start       ] GC(121) Pause Young (Allocation Failure)
[7.326s][info][gc,heap        ] GC(121) PSYoungGen: 65600K(82432K)->59552K(80384K) Eden: 20480K(20480K)->0K(16384K) From: 45120K(61952K)->59552K(64000K)
[7.327s][info][gc,heap        ] GC(121) ParOldGen: 1089303K(1183744K)->1095423K(1183744K)
[7.327s][info][gc,metaspace   ] GC(121) Metaspace: 6302K(6528K)->6302K(6528K) NonClass: 5769K(5888K)->5769K(5888K) Class: 533K(640K)->533K(640K)
[7.327s][info][gc             ] GC(121) Pause Young (Allocation Failure) 1127M->1127M(1234M) 38.022ms
[7.327s][info][gc,cpu         ] GC(121) User=0.23s Sys=0.00s Real=0.04s
[7.346s][info][gc,start       ] GC(122) Pause Young (Allocation Failure)
[7.389s][info][gc,heap        ] GC(122) PSYoungGen: 75936K(80384K)->57504K(86528K) Eden: 16384K(16384K)->0K(16384K) From: 59552K(64000K)->57504K(70144K)
[7.389s][info][gc,heap        ] GC(122) ParOldGen: 1095423K(1183744K)->1114111K(1183744K)
[7.389s][info][gc,metaspace   ] GC(122) Metaspace: 6302K(6528K)->6302K(6528K) NonClass: 5769K(5888K)->5769K(5888K) Class: 533K(640K)->533K(640K)
[7.389s][info][gc             ] GC(122) Pause Young (Allocation Failure) 1143M->1144M(1240M) 43.566ms
[7.389s][info][gc,cpu         ] GC(122) User=0.20s Sys=0.00s Real=0.04s
[7.409s][info][gc,start       ] GC(123) Pause Young (Allocation Failure)
[7.450s][info][gc,heap        ] GC(123) PSYoungGen: 73888K(86528K)->53376K(91648K) Eden: 16384K(16384K)->0K(16896K) From: 57504K(70144K)->53376K(74752K)
[7.450s][info][gc,heap        ] GC(123) ParOldGen: 1114111K(1183744K)->1134871K(1183744K)
[7.450s][info][gc,metaspace   ] GC(123) Metaspace: 6302K(6528K)->6302K(6528K) NonClass: 5769K(5888K)->5769K(5888K) Class: 533K(640K)->533K(640K)
[7.450s][info][gc             ] GC(123) Pause Young (Allocation Failure) 1160M->1160M(1245M) 41.039ms
[7.450s][info][gc,cpu         ] GC(123) User=0.11s Sys=0.02s Real=0.04s
[7.470s][info][gc,start       ] GC(124) Pause Young (Allocation Failure)
[7.510s][info][gc,heap        ] GC(124) PSYoungGen: 70272K(91648K)->33408K(93184K) Eden: 16896K(16896K)->0K(16896K) From: 53376K(74752K)->33408K(76288K)
[7.510s][info][gc,heap        ] GC(124) ParOldGen: 1134871K(1183744K)->1172207K(1183744K)
[7.510s][info][gc,metaspace   ] GC(124) Metaspace: 6302K(6528K)->6302K(6528K) NonClass: 5769K(5888K)->5769K(5888K) Class: 533K(640K)->533K(640K)
[7.510s][info][gc             ] GC(124) Pause Young (Allocation Failure) 1176M->1177M(1247M) 39.877ms
[7.510s][info][gc,cpu         ] GC(124) User=0.23s Sys=0.00s Real=0.04s
[7.510s][info][gc,start       ] GC(125) Pause Full (Ergonomics)
[7.510s][info][gc,phases,start] GC(125) Marking Phase
[7.785s][info][gc,phases      ] GC(125) Marking Phase 275.171ms
[7.785s][info][gc,phases,start] GC(125) Summary Phase
[7.786s][info][gc,phases      ] GC(125) Summary Phase 0.030ms
[7.786s][info][gc,phases,start] GC(125) Adjust Roots
[7.786s][info][gc,phases      ] GC(125) Adjust Roots 0.209ms
[7.786s][info][gc,phases,start] GC(125) Compaction Phase
[7.893s][info][gc,phases      ] GC(125) Compaction Phase 107.564ms
[7.893s][info][gc,phases,start] GC(125) Post Compact
[7.895s][info][gc,phases      ] GC(125) Post Compact 1.928ms
[7.896s][info][gc,heap        ] GC(125) PSYoungGen: 33408K(93184K)->20443K(93184K) Eden: 0K(16896K)->0K(16896K) From: 33408K(76288K)->20443K(76288K)
[7.896s][info][gc,heap        ] GC(125) ParOldGen: 1172207K(1183744K)->1183572K(1303552K)
[7.896s][info][gc,metaspace   ] GC(125) Metaspace: 6302K(6528K)->6302K(6528K) NonClass: 5769K(5888K)->5769K(5888K) Class: 533K(640K)->533K(640K)
[7.896s][info][gc             ] GC(125) Pause Full (Ergonomics) 1177M->1175M(1364M) 385.642ms
[7.896s][info][gc,cpu         ] GC(125) User=2.61s Sys=0.02s Real=0.38s
[7.918s][info][gc,start       ] GC(126) Pause Young (Allocation Failure)
[7.987s][info][gc,heap        ] GC(126) PSYoungGen: 37339K(93184K)->17024K(92672K) Eden: 16896K(16896K)->0K(18944K) From: 20443K(76288K)->17024K(73728K)
[7.987s][info][gc,heap        ] GC(126) ParOldGen: 1183572K(1303552K)->1204316K(1303552K)
[7.987s][info][gc,metaspace   ] GC(126) Metaspace: 6302K(6528K)->6302K(6528K) NonClass: 5769K(5888K)->5769K(5888K) Class: 533K(640K)->533K(640K)
[7.987s][info][gc             ] GC(126) Pause Young (Allocation Failure) 1192M->1192M(1363M) 68.523ms
[7.987s][info][gc,cpu         ] GC(126) User=0.38s Sys=0.00s Real=0.07s
[8.009s][info][gc,start       ] GC(127) Pause Young (Allocation Failure)
[8.032s][info][gc,heap        ] GC(127) PSYoungGen: 35968K(92672K)->19072K(93184K) Eden: 18944K(18944K)->0K(18944K) From: 17024K(73728K)->19072K(74240K)
[8.032s][info][gc,heap        ] GC(127) ParOldGen: 1204316K(1303552K)->1221460K(1303552K)
[8.032s][info][gc,metaspace   ] GC(127) Metaspace: 6302K(6528K)->6302K(6528K) NonClass: 5769K(5888K)->5769K(5888K) Class: 533K(640K)->533K(640K)
[8.032s][info][gc             ] GC(127) Pause Young (Allocation Failure) 1211M->1211M(1364M) 22.705ms
[8.032s][info][gc,cpu         ] GC(127) User=0.12s Sys=0.00s Real=0.02s
[8.055s][info][gc,start       ] GC(128) Pause Young (Allocation Failure)
[8.079s][info][gc,heap        ] GC(128) PSYoungGen: 38016K(93184K)->19136K(92672K) Eden: 18944K(18944K)->0K(20992K) From: 19072K(74240K)->19136K(71680K)
[8.079s][info][gc,heap        ] GC(128) ParOldGen: 1221460K(1303552K)->1240660K(1303552K)
[8.079s][info][gc,metaspace   ] GC(128) Metaspace: 6302K(6528K)->6302K(6528K) NonClass: 5769K(5888K)->5769K(5888K) Class: 533K(640K)->533K(640K)
[8.079s][info][gc             ] GC(128) Pause Young (Allocation Failure) 1229M->1230M(1363M) 24.291ms
[8.079s][info][gc,cpu         ] GC(128) User=0.23s Sys=0.00s Real=0.02s
[8.106s][info][gc,start       ] GC(129) Pause Young (Allocation Failure)
[8.130s][info][gc,heap        ] GC(129) PSYoungGen: 40128K(92672K)->21152K(93696K) Eden: 20992K(20992K)->0K(20992K) From: 19136K(71680K)->21152K(72704K)
[8.130s][info][gc,heap        ] GC(129) ParOldGen: 1240660K(1303552K)->1259876K(1303552K)
[8.130s][info][gc,metaspace   ] GC(129) Metaspace: 6302K(6528K)->6302K(6528K) NonClass: 5769K(5888K)->5769K(5888K) Class: 533K(640K)->533K(640K)
[8.130s][info][gc             ] GC(129) Pause Young (Allocation Failure) 1250M->1251M(1364M) 24.828ms
[8.130s][info][gc,cpu         ] GC(129) User=0.12s Sys=0.00s Real=0.03s
[8.157s][info][gc,start       ] GC(130) Pause Young (Allocation Failure)
[8.183s][info][gc,heap        ] GC(130) PSYoungGen: 42144K(93696K)->21152K(90624K) Eden: 20992K(20992K)->0K(23552K) From: 21152K(72704K)->21152K(67072K)
[8.183s][info][gc,heap        ] GC(130) ParOldGen: 1259876K(1303552K)->1281156K(1303552K)
[8.183s][info][gc,metaspace   ] GC(130) Metaspace: 6302K(6528K)->6302K(6528K) NonClass: 5769K(5888K)->5769K(5888K) Class: 533K(640K)->533K(640K)
[8.183s][info][gc             ] GC(130) Pause Young (Allocation Failure) 1271M->1271M(1361M) 26.184ms
[8.183s][info][gc,cpu         ] GC(130) User=0.11s Sys=0.02s Real=0.03s
[8.183s][info][gc,start       ] GC(131) Pause Full (Ergonomics)
[8.183s][info][gc,phases,start] GC(131) Marking Phase
[8.481s][info][gc,phases      ] GC(131) Marking Phase 297.974ms
[8.482s][info][gc,phases,start] GC(131) Summary Phase
[8.482s][info][gc,phases      ] GC(131) Summary Phase 0.034ms
[8.482s][info][gc,phases,start] GC(131) Adjust Roots
[8.482s][info][gc,phases      ] GC(131) Adjust Roots 0.212ms
[8.482s][info][gc,phases,start] GC(131) Compaction Phase
[8.589s][info][gc,phases      ] GC(131) Compaction Phase 106.990ms
[8.589s][info][gc,phases,start] GC(131) Post Compact
[8.591s][info][gc,phases      ] GC(131) Post Compact 2.488ms
[8.592s][info][gc,heap        ] GC(131) PSYoungGen: 21152K(90624K)->0K(92672K) Eden: 0K(23552K)->0K(23552K) From: 21152K(67072K)->0K(69120K)
[8.592s][info][gc,heap        ] GC(131) ParOldGen: 1281156K(1303552K)->1300630K(1427456K)
[8.592s][info][gc,metaspace   ] GC(131) Metaspace: 6302K(6528K)->6302K(6528K) NonClass: 5769K(5888K)->5769K(5888K) Class: 533K(640K)->533K(640K)
[8.592s][info][gc             ] GC(131) Pause Full (Ergonomics) 1271M->1270M(1484M) 408.510ms
[8.592s][info][gc,cpu         ] GC(131) User=2.89s Sys=0.02s Real=0.41s
[8.613s][info][gc,start       ] GC(132) Pause Young (Allocation Failure)
[8.627s][info][gc,heap        ] GC(132) PSYoungGen: 23552K(92672K)->12608K(94208K) Eden: 23552K(23552K)->0K(26112K) From: 0K(69120K)->12608K(68096K)
[8.627s][info][gc,heap        ] GC(132) ParOldGen: 1300630K(1427456K)->1300630K(1427456K)
[8.627s][info][gc,metaspace   ] GC(132) Metaspace: 6302K(6528K)->6302K(6528K) NonClass: 5769K(5888K)->5769K(5888K) Class: 533K(640K)->533K(640K)
[8.627s][info][gc             ] GC(132) Pause Young (Allocation Failure) 1293M->1282M(1486M) 13.961ms
[8.627s][info][gc,cpu         ] GC(132) User=0.02s Sys=0.00s Real=0.01s
[8.653s][info][gc,start       ] GC(133) Pause Young (Allocation Failure)
[8.674s][info][gc,heap        ] GC(133) PSYoungGen: 38720K(94208K)->31488K(57856K) Eden: 26112K(26112K)->0K(26112K) From: 12608K(68096K)->31488K(31744K)
[8.675s][info][gc,heap        ] GC(133) ParOldGen: 1300630K(1427456K)->1300630K(1427456K)
[8.675s][info][gc,metaspace   ] GC(133) Metaspace: 6302K(6528K)->6302K(6528K) NonClass: 5769K(5888K)->5769K(5888K) Class: 533K(640K)->533K(640K)
[8.675s][info][gc             ] GC(133) Pause Young (Allocation Failure) 1307M->1300M(1450M) 21.848ms
[8.675s][info][gc,cpu         ] GC(133) User=0.11s Sys=0.00s Real=0.02s
[8.707s][info][gc,start       ] GC(134) Pause Young (Allocation Failure)
[8.742s][info][gc,heap        ] GC(134) PSYoungGen: 57600K(57856K)->57632K(87552K) Eden: 26112K(26112K)->0K(22016K) From: 31488K(31744K)->57632K(65536K)
[8.742s][info][gc,heap        ] GC(134) ParOldGen: 1300630K(1427456K)->1300630K(1427456K)
[8.742s][info][gc,metaspace   ] GC(134) Metaspace: 6302K(6528K)->6302K(6528K) NonClass: 5769K(5888K)->5769K(5888K) Class: 533K(640K)->533K(640K)
[8.742s][info][gc             ] GC(134) Pause Young (Allocation Failure) 1326M->1326M(1479M) 34.393ms
[8.742s][info][gc,cpu         ] GC(134) User=0.14s Sys=0.00s Real=0.04s
[8.769s][info][gc,start       ] GC(135) Pause Young (Allocation Failure)
[8.814s][info][gc,heap        ] GC(135) PSYoungGen: 79648K(87552K)->72192K(94208K) Eden: 22016K(22016K)->0K(22016K) From: 57632K(65536K)->72192K(72192K)
[8.814s][info][gc,heap        ] GC(135) ParOldGen: 1300630K(1427456K)->1308086K(1427456K)
[8.814s][info][gc,metaspace   ] GC(135) Metaspace: 6302K(6528K)->6302K(6528K) NonClass: 5769K(5888K)->5769K(5888K) Class: 533K(640K)->533K(640K)
[8.814s][info][gc             ] GC(135) Pause Young (Allocation Failure) 1347M->1347M(1486M) 44.581ms
[8.814s][info][gc,cpu         ] GC(135) User=0.19s Sys=0.00s Real=0.05s
[8.842s][info][gc,start       ] GC(136) Pause Young (Allocation Failure)
[8.894s][info][gc,heap        ] GC(136) PSYoungGen: 94208K(94208K)->65504K(104448K) Eden: 22016K(22016K)->0K(18944K) From: 72192K(72192K)->65504K(85504K)
[8.894s][info][gc,heap        ] GC(136) ParOldGen: 1308086K(1427456K)->1337326K(1427456K)
[8.894s][info][gc,metaspace   ] GC(136) Metaspace: 6302K(6528K)->6302K(6528K) NonClass: 5769K(5888K)->5769K(5888K) Class: 533K(640K)->533K(640K)
[8.894s][info][gc             ] GC(136) Pause Young (Allocation Failure) 1369M->1369M(1496M) 51.893ms
[8.894s][info][gc,cpu         ] GC(136) User=0.34s Sys=0.00s Real=0.05s
[9.196s][info][gc,start       ] GC(137) Pause Full (Ergonomics)
[9.196s][info][gc,phases,start] GC(137) Marking Phase
[9.546s][info][gc,phases      ] GC(137) Marking Phase 350.282ms
[9.546s][info][gc,phases,start] GC(137) Summary Phase
[9.546s][info][gc,phases      ] GC(137) Summary Phase 0.052ms
[9.546s][info][gc,phases,start] GC(137) Adjust Roots
[9.546s][info][gc,phases      ] GC(137) Adjust Roots 0.272ms
[9.546s][info][gc,phases,start] GC(137) Compaction Phase
[9.889s][info][gc,phases      ] GC(137) Compaction Phase 342.866ms
[9.889s][info][gc,phases,start] GC(137) Post Compact
[9.893s][info][gc,phases      ] GC(137) Post Compact 3.526ms
[9.894s][info][gc,heap        ] GC(137) PSYoungGen: 84448K(104448K)->26384K(104448K) Eden: 18944K(18944K)->0K(18944K) From: 65504K(85504K)->26384K(85504K)
[9.894s][info][gc,heap        ] GC(137) ParOldGen: 1402862K(1427456K)->1427271K(1563648K)
[9.894s][info][gc,metaspace   ] GC(137) Metaspace: 6302K(6528K)->6302K(6528K) NonClass: 5769K(5888K)->5769K(5888K) Class: 533K(640K)->533K(640K)
[9.894s][info][gc             ] GC(137) Pause Full (Ergonomics) 1452M->1419M(1629M) 697.936ms
[9.894s][info][gc,cpu         ] GC(137) User=3.77s Sys=0.03s Real=0.70s
[9.913s][info][gc,start       ] GC(138) Pause Young (Allocation Failure)
[9.998s][info][gc,heap        ] GC(138) PSYoungGen: 45328K(104448K)->35744K(54784K) Eden: 18944K(18944K)->0K(18944K) From: 26384K(85504K)->35744K(35840K)
[9.998s][info][gc,heap        ] GC(138) ParOldGen: 1427271K(1563648K)->1437191K(1563648K)
[9.998s][info][gc,metaspace   ] GC(138) Metaspace: 6302K(6528K)->6302K(6528K) NonClass: 5769K(5888K)->5769K(5888K) Class: 533K(640K)->533K(640K)
[9.998s][info][gc             ] GC(138) Pause Young (Allocation Failure) 1438M->1438M(1580M) 85.061ms
[9.998s][info][gc,cpu         ] GC(138) User=0.41s Sys=0.00s Real=0.09s
[10.018s][info][gc,start       ] GC(139) Pause Young (Allocation Failure)
[10.051s][info][gc,heap        ] GC(139) PSYoungGen: 54688K(54784K)->54688K(107008K) Eden: 18944K(18944K)->0K(19968K) From: 35744K(35840K)->54688K(87040K)
[10.051s][info][gc,heap        ] GC(139) ParOldGen: 1437191K(1563648K)->1437191K(1563648K)
[10.051s][info][gc,metaspace   ] GC(139) Metaspace: 6302K(6528K)->6302K(6528K) NonClass: 5769K(5888K)->5769K(5888K) Class: 533K(640K)->533K(640K)
[10.051s][info][gc             ] GC(139) Pause Young (Allocation Failure) 1456M->1456M(1631M) 32.863ms
[10.051s][info][gc,cpu         ] GC(139) User=0.05s Sys=0.00s Real=0.03s
[10.069s][info][gc,start       ] GC(140) Pause Young (Allocation Failure)
[10.107s][info][gc,heap        ] GC(140) PSYoungGen: 74656K(107008K)->74688K(108032K) Eden: 19968K(19968K)->0K(19968K) From: 54688K(87040K)->74688K(88064K)
[10.107s][info][gc,heap        ] GC(140) ParOldGen: 1437191K(1563648K)->1437191K(1563648K)
[10.107s][info][gc,metaspace   ] GC(140) Metaspace: 6302K(6528K)->6302K(6528K) NonClass: 5769K(5888K)->5769K(5888K) Class: 533K(640K)->533K(640K)
[10.107s][info][gc             ] GC(140) Pause Young (Allocation Failure) 1476M->1476M(1632M) 38.353ms
[10.107s][info][gc,cpu         ] GC(140) User=0.25s Sys=0.00s Real=0.04s
[10.126s][info][gc,start       ] GC(141) Pause Young (Allocation Failure)
[10.173s][info][gc,heap        ] GC(141) PSYoungGen: 94656K(108032K)->86112K(108032K) Eden: 19968K(19968K)->0K(12288K) From: 74688K(88064K)->86112K(95744K)
[10.173s][info][gc,heap        ] GC(141) ParOldGen: 1437191K(1563648K)->1445831K(1563648K)
[10.173s][info][gc,metaspace   ] GC(141) Metaspace: 6302K(6528K)->6302K(6528K) NonClass: 5769K(5888K)->5769K(5888K) Class: 533K(640K)->533K(640K)
[10.173s][info][gc             ] GC(141) Pause Young (Allocation Failure) 1495M->1496M(1632M) 47.469ms
[10.173s][info][gc,cpu         ] GC(141) User=0.22s Sys=0.03s Real=0.05s
[10.186s][info][gc,start       ] GC(142) Pause Young (Allocation Failure)
[10.244s][info][gc,heap        ] GC(142) PSYoungGen: 98400K(108032K)->90304K(118272K) Eden: 12288K(12288K)->0K(12288K) From: 86112K(95744K)->90304K(105984K)
[10.244s][info][gc,heap        ] GC(142) ParOldGen: 1445831K(1563648K)->1454111K(1563648K)
[10.244s][info][gc,metaspace   ] GC(142) Metaspace: 6302K(6528K)->6302K(6528K) NonClass: 5769K(5888K)->5769K(5888K) Class: 533K(640K)->533K(640K)
[10.244s][info][gc             ] GC(142) Pause Young (Allocation Failure) 1508M->1508M(1642M) 57.912ms
[10.244s][info][gc,cpu         ] GC(142) User=0.23s Sys=0.00s Real=0.06s
[10.258s][info][gc,start       ] GC(143) Pause Young (Allocation Failure)
[10.312s][info][gc,heap        ] GC(143) PSYoungGen: 102592K(118272K)->64704K(125952K) Eden: 12288K(12288K)->0K(14336K) From: 90304K(105984K)->64704K(111616K)
[10.312s][info][gc,heap        ] GC(143) ParOldGen: 1454111K(1563648K)->1492487K(1563648K)
[10.312s][info][gc,metaspace   ] GC(143) Metaspace: 6302K(6528K)->6302K(6528K) NonClass: 5769K(5888K)->5769K(5888K) Class: 533K(640K)->533K(640K)
[10.312s][info][gc             ] GC(143) Pause Young (Allocation Failure) 1520M->1520M(1650M) 53.178ms
[10.312s][info][gc,cpu         ] GC(143) User=0.39s Sys=0.06s Real=0.05s
[10.327s][info][gc,start       ] GC(144) Pause Young (Allocation Failure)
[10.370s][info][gc,heap        ] GC(144) PSYoungGen: 79040K(125952K)->39040K(53760K) Eden: 14336K(14336K)->0K(14336K) From: 64704K(111616K)->39040K(39424K)
[10.370s][info][gc,heap        ] GC(144) ParOldGen: 1492487K(1563648K)->1532919K(1563648K)
[10.370s][info][gc,metaspace   ] GC(144) Metaspace: 6302K(6528K)->6302K(6528K) NonClass: 5769K(5888K)->5769K(5888K) Class: 533K(640K)->533K(640K)
[10.370s][info][gc             ] GC(144) Pause Young (Allocation Failure) 1534M->1535M(1579M) 42.308ms
[10.370s][info][gc,cpu         ] GC(144) User=0.23s Sys=0.02s Real=0.04s
[10.370s][info][gc,start       ] GC(145) Pause Full (Ergonomics)
[10.370s][info][gc,phases,start] GC(145) Marking Phase
[10.739s][info][gc,phases      ] GC(145) Marking Phase 369.636ms
[10.740s][info][gc,phases,start] GC(145) Summary Phase
[10.740s][info][gc,phases      ] GC(145) Summary Phase 0.042ms
[10.740s][info][gc,phases,start] GC(145) Adjust Roots
[10.740s][info][gc,phases      ] GC(145) Adjust Roots 0.311ms
[10.740s][info][gc,phases,start] GC(145) Compaction Phase
[10.897s][info][gc,phases      ] GC(145) Compaction Phase 157.456ms
[10.897s][info][gc,phases,start] GC(145) Post Compact
[10.900s][info][gc,phases      ] GC(145) Post Compact 2.900ms
[10.901s][info][gc,heap        ] GC(145) PSYoungGen: 39040K(53760K)->6639K(53760K) Eden: 0K(14336K)->0K(14336K) From: 39040K(39424K)->6639K(39424K)
[10.901s][info][gc,heap        ] GC(145) ParOldGen: 1532919K(1563648K)->1563530K(1721344K)
[10.901s][info][gc,metaspace   ] GC(145) Metaspace: 6302K(6528K)->6302K(6528K) NonClass: 5769K(5888K)->5769K(5888K) Class: 533K(640K)->533K(640K)
[10.901s][info][gc             ] GC(145) Pause Full (Ergonomics) 1535M->1533M(1733M) 531.294ms
[10.901s][info][gc,cpu         ] GC(145) User=3.47s Sys=0.03s Real=0.53s
[10.916s][info][gc,start       ] GC(146) Pause Young (Allocation Failure)
[10.997s][info][gc,heap        ] GC(146) PSYoungGen: 20975K(53760K)->14528K(126976K) Eden: 14336K(14336K)->0K(16384K) From: 6639K(39424K)->14528K(110592K)
[10.997s][info][gc,heap        ] GC(146) ParOldGen: 1563530K(1721344K)->1570186K(1721344K)
[10.997s][info][gc,metaspace   ] GC(146) Metaspace: 6302K(6528K)->6302K(6528K) NonClass: 5769K(5888K)->5769K(5888K) Class: 533K(640K)->533K(640K)
[10.997s][info][gc             ] GC(146) Pause Young (Allocation Failure) 1547M->1547M(1805M) 81.495ms
[10.997s][info][gc,cpu         ] GC(146) User=0.38s Sys=0.00s Real=0.08s
[11.015s][info][gc,start       ] GC(147) Pause Young (Allocation Failure)
[11.042s][info][gc,heap        ] GC(147) PSYoungGen: 30912K(126976K)->30880K(47616K) Eden: 16384K(16384K)->0K(16384K) From: 14528K(110592K)->30880K(31232K)
[11.042s][info][gc,heap        ] GC(147) ParOldGen: 1570186K(1721344K)->1570314K(1721344K)
[11.042s][info][gc,metaspace   ] GC(147) Metaspace: 6302K(6528K)->6302K(6528K) NonClass: 5769K(5888K)->5769K(5888K) Class: 533K(640K)->533K(640K)
[11.042s][info][gc             ] GC(147) Pause Young (Allocation Failure) 1563M->1563M(1727M) 26.573ms
[11.042s][info][gc,cpu         ] GC(147) User=0.03s Sys=0.00s Real=0.03s
[11.058s][info][gc,start       ] GC(148) Pause Young (Allocation Failure)
[11.090s][info][gc,heap        ] GC(148) PSYoungGen: 47264K(47616K)->32864K(120320K) Eden: 16384K(16384K)->0K(18944K) From: 30880K(31232K)->32864K(101376K)
[11.090s][info][gc,heap        ] GC(148) ParOldGen: 1570314K(1721344K)->1584850K(1721344K)
[11.090s][info][gc,metaspace   ] GC(148) Metaspace: 6302K(6528K)->6302K(6528K) NonClass: 5769K(5888K)->5769K(5888K) Class: 533K(640K)->533K(640K)
[11.090s][info][gc             ] GC(148) Pause Young (Allocation Failure) 1579M->1579M(1798M) 32.049ms
[11.090s][info][gc,cpu         ] GC(148) User=0.00s Sys=0.00s Real=0.03s
[11.110s][info][gc,start       ] GC(149) Pause Young (Allocation Failure)
[11.143s][info][gc,heap        ] GC(149) PSYoungGen: 51808K(120320K)->35520K(54784K) Eden: 18944K(18944K)->0K(18944K) From: 32864K(101376K)->35520K(35840K)
[11.143s][info][gc,heap        ] GC(149) ParOldGen: 1584850K(1721344K)->1601458K(1721344K)
[11.143s][info][gc,metaspace   ] GC(149) Metaspace: 6302K(6528K)->6302K(6528K) NonClass: 5769K(5888K)->5769K(5888K) Class: 533K(640K)->533K(640K)
[11.143s][info][gc             ] GC(149) Pause Young (Allocation Failure) 1598M->1598M(1734M) 33.249ms
[11.143s][info][gc,cpu         ] GC(149) User=0.14s Sys=0.02s Real=0.03s
[11.163s][info][gc,start       ] GC(150) Pause Young (Allocation Failure)
[11.197s][info][gc,heap        ] GC(150) PSYoungGen: 54464K(54784K)->19104K(119296K) Eden: 18944K(18944K)->0K(21504K) From: 35520K(35840K)->19104K(97792K)
[11.197s][info][gc,heap        ] GC(150) ParOldGen: 1601458K(1721344K)->1637218K(1721344K)
[11.197s][info][gc,metaspace   ] GC(150) Metaspace: 6302K(6528K)->6302K(6528K) NonClass: 5769K(5888K)->5769K(5888K) Class: 533K(640K)->533K(640K)
[11.197s][info][gc             ] GC(150) Pause Young (Allocation Failure) 1617M->1617M(1797M) 33.650ms
[11.197s][info][gc,cpu         ] GC(150) User=0.14s Sys=0.02s Real=0.03s
[11.220s][info][gc,start       ] GC(151) Pause Young (Allocation Failure)
[11.252s][info][gc,heap        ] GC(151) PSYoungGen: 40608K(119296K)->21632K(120320K) Eden: 21504K(21504K)->0K(21504K) From: 19104K(97792K)->21632K(98816K)
[11.252s][info][gc,heap        ] GC(151) ParOldGen: 1637218K(1721344K)->1656410K(1721344K)
[11.252s][info][gc,metaspace   ] GC(151) Metaspace: 6302K(6528K)->6302K(6528K) NonClass: 5769K(5888K)->5769K(5888K) Class: 533K(640K)->533K(640K)
[11.252s][info][gc             ] GC(151) Pause Young (Allocation Failure) 1638M->1638M(1798M) 31.127ms
[11.252s][info][gc,cpu         ] GC(151) User=0.05s Sys=0.00s Real=0.03s
[11.274s][info][gc,start       ] GC(152) Pause Young (Allocation Failure)
[11.304s][info][gc,heap        ] GC(152) PSYoungGen: 43136K(120320K)->21632K(116224K) Eden: 21504K(21504K)->0K(24576K) From: 21632K(98816K)->21632K(91648K)
[11.304s][info][gc,heap        ] GC(152) ParOldGen: 1656410K(1721344K)->1678202K(1721344K)
[11.304s][info][gc,metaspace   ] GC(152) Metaspace: 6302K(6528K)->6302K(6528K) NonClass: 5769K(5888K)->5769K(5888K) Class: 533K(640K)->533K(640K)
[11.304s][info][gc             ] GC(152) Pause Young (Allocation Failure) 1659M->1659M(1794M) 30.714ms
[11.304s][info][gc,cpu         ] GC(152) User=0.03s Sys=0.00s Real=0.03s
[11.329s][info][gc,start       ] GC(153) Pause Young (Allocation Failure)
[11.362s][info][gc,heap        ] GC(153) PSYoungGen: 46208K(116224K)->24704K(49664K) Eden: 24576K(24576K)->0K(24576K) From: 21632K(91648K)->24704K(25088K)
[11.362s][info][gc,heap        ] GC(153) ParOldGen: 1678202K(1721344K)->1700002K(1721344K)
[11.362s][info][gc,metaspace   ] GC(153) Metaspace: 6302K(6528K)->6302K(6528K) NonClass: 5769K(5888K)->5769K(5888K) Class: 533K(640K)->533K(640K)
[11.362s][info][gc             ] GC(153) Pause Young (Allocation Failure) 1683M->1684M(1729M) 32.573ms
[11.362s][info][gc,cpu         ] GC(153) User=0.06s Sys=0.00s Real=0.03s
[11.362s][info][gc,start       ] GC(154) Pause Full (Ergonomics)
[11.362s][info][gc,phases,start] GC(154) Marking Phase
[11.746s][info][gc,phases      ] GC(154) Marking Phase 383.623ms
[11.746s][info][gc,phases,start] GC(154) Summary Phase
[11.746s][info][gc,phases      ] GC(154) Summary Phase 0.031ms
[11.746s][info][gc,phases,start] GC(154) Adjust Roots
[11.746s][info][gc,phases      ] GC(154) Adjust Roots 0.206ms
[11.746s][info][gc,phases,start] GC(154) Compaction Phase
[11.918s][info][gc,phases      ] GC(154) Compaction Phase 172.625ms
[11.919s][info][gc,phases,start] GC(154) Post Compact
[11.922s][info][gc,phases      ] GC(154) Post Compact 3.324ms
[11.923s][info][gc,heap        ] GC(154) PSYoungGen: 24704K(49664K)->1580K(49664K) Eden: 0K(24576K)->0K(24576K) From: 24704K(25088K)->1580K(25088K)
[11.923s][info][gc,heap        ] GC(154) ParOldGen: 1700002K(1721344K)->1720927K(1889280K)
[11.923s][info][gc,metaspace   ] GC(154) Metaspace: 6302K(6528K)->6302K(6528K) NonClass: 5769K(5888K)->5769K(5888K) Class: 533K(640K)->533K(640K)
[11.923s][info][gc             ] GC(154) Pause Full (Ergonomics) 1684M->1682M(1893M) 560.863ms
[11.923s][info][gc,cpu         ] GC(154) User=3.84s Sys=0.02s Real=0.56s
[11.953s][info][gc,start       ] GC(155) Pause Young (Allocation Failure)
[12.043s][info][gc,heap        ] GC(155) PSYoungGen: 26156K(49664K)->24736K(111104K) Eden: 24576K(24576K)->0K(27136K) From: 1580K(25088K)->24736K(83968K)
[12.043s][info][gc,heap        ] GC(155) ParOldGen: 1720927K(1889280K)->1722567K(1889280K)
[12.043s][info][gc,metaspace   ] GC(155) Metaspace: 6302K(6528K)->6302K(6528K) NonClass: 5769K(5888K)->5769K(5888K) Class: 533K(640K)->533K(640K)
[12.043s][info][gc             ] GC(155) Pause Young (Allocation Failure) 1706M->1706M(1953M) 89.981ms
[12.043s][info][gc,cpu         ] GC(155) User=0.55s Sys=0.00s Real=0.09s
[12.072s][info][gc,start       ] GC(156) Pause Young (Allocation Failure)
[12.107s][info][gc,heap        ] GC(156) PSYoungGen: 51872K(111104K)->51936K(114688K) Eden: 27136K(27136K)->0K(27136K) From: 24736K(83968K)->51936K(87552K)
[12.107s][info][gc,heap        ] GC(156) ParOldGen: 1722567K(1889280K)->1722567K(1889280K)
[12.107s][info][gc,metaspace   ] GC(156) Metaspace: 6302K(6528K)->6302K(6528K) NonClass: 5769K(5888K)->5769K(5888K) Class: 533K(640K)->533K(640K)
[12.107s][info][gc             ] GC(156) Pause Young (Allocation Failure) 1732M->1732M(1957M) 34.779ms
[12.107s][info][gc,cpu         ] GC(156) User=0.14s Sys=0.00s Real=0.03s
[12.138s][info][gc,start       ] GC(157) Pause Young (Allocation Failure)
[12.181s][info][gc,heap        ] GC(157) PSYoungGen: 79072K(114688K)->79040K(108544K) Eden: 27136K(27136K)->0K(19968K) From: 51936K(87552K)->79040K(88576K)
[12.181s][info][gc,heap        ] GC(157) ParOldGen: 1722567K(1889280K)->1722567K(1889280K)
[12.181s][info][gc,metaspace   ] GC(157) Metaspace: 6302K(6528K)->6302K(6528K) NonClass: 5769K(5888K)->5769K(5888K) Class: 533K(640K)->533K(640K)
[12.181s][info][gc             ] GC(157) Pause Young (Allocation Failure) 1759M->1759M(1951M) 42.507ms
[12.181s][info][gc,cpu         ] GC(157) User=0.17s Sys=0.00s Real=0.04s
[12.203s][info][gc,start       ] GC(158) Pause Young (Allocation Failure)
[12.253s][info][gc,heap        ] GC(158) PSYoungGen: 99008K(108544K)->74432K(118784K) Eden: 19968K(19968K)->0K(19968K) From: 79040K(88576K)->74432K(98816K)
[12.253s][info][gc,heap        ] GC(158) ParOldGen: 1722567K(1889280K)->1747487K(1889280K)
[12.253s][info][gc,metaspace   ] GC(158) Metaspace: 6302K(6528K)->6302K(6528K) NonClass: 5769K(5888K)->5769K(5888K) Class: 533K(640K)->533K(640K)
[12.253s][info][gc             ] GC(158) Pause Young (Allocation Failure) 1778M->1779M(1961M) 49.435ms
[12.253s][info][gc,cpu         ] GC(158) User=0.28s Sys=0.00s Real=0.05s
[12.273s][info][gc,start       ] GC(159) Pause Young (Allocation Failure)
[12.320s][info][gc,heap        ] GC(159) PSYoungGen: 94400K(118784K)->67200K(125952K) Eden: 19968K(19968K)->0K(20480K) From: 74432K(98816K)->67200K(105472K)
[12.321s][info][gc,heap        ] GC(159) ParOldGen: 1747487K(1889280K)->1774991K(1889280K)
[12.321s][info][gc,metaspace   ] GC(159) Metaspace: 6302K(6528K)->6302K(6528K) NonClass: 5769K(5888K)->5769K(5888K) Class: 533K(640K)->533K(640K)
[12.321s][info][gc             ] GC(159) Pause Young (Allocation Failure) 1798M->1799M(1968M) 47.592ms
[12.321s][info][gc,cpu         ] GC(159) User=0.20s Sys=0.06s Real=0.05s
[12.344s][info][gc,start       ] GC(160) Pause Young (Allocation Failure)
[12.390s][info][gc,heap        ] GC(160) PSYoungGen: 87680K(125952K)->60576K(128000K) Eden: 20480K(20480K)->0K(20480K) From: 67200K(105472K)->60576K(107520K)
[12.390s][info][gc,heap        ] GC(160) ParOldGen: 1774991K(1889280K)->1802519K(1889280K)
[12.390s][info][gc,metaspace   ] GC(160) Metaspace: 6302K(6528K)->6302K(6528K) NonClass: 5769K(5888K)->5769K(5888K) Class: 533K(640K)->533K(640K)
[12.390s][info][gc             ] GC(160) Pause Young (Allocation Failure) 1819M->1819M(1970M) 45.765ms
[12.390s][info][gc,cpu         ] GC(160) User=0.25s Sys=0.00s Real=0.05s
[12.414s][info][gc,start       ] GC(161) Pause Young (Allocation Failure)
[12.457s][info][gc,heap        ] GC(161) PSYoungGen: 81056K(128000K)->41152K(120320K) Eden: 20480K(20480K)->0K(23040K) From: 60576K(107520K)->41152K(97280K)
[12.457s][info][gc,heap        ] GC(161) ParOldGen: 1802519K(1889280K)->1842959K(1889280K)
[12.457s][info][gc,metaspace   ] GC(161) Metaspace: 6302K(6528K)->6302K(6528K) NonClass: 5769K(5888K)->5769K(5888K) Class: 533K(640K)->533K(640K)
[12.457s][info][gc             ] GC(161) Pause Young (Allocation Failure) 1839M->1839M(1962M) 42.922ms
[12.457s][info][gc,cpu         ] GC(161) User=0.36s Sys=0.02s Real=0.04s
[12.457s][info][gc,start       ] GC(162) Pause Full (Ergonomics)
[12.457s][info][gc,phases,start] GC(162) Marking Phase
[12.871s][info][gc,phases      ] GC(162) Marking Phase 413.340ms
[12.871s][info][gc,phases,start] GC(162) Summary Phase
[12.871s][info][gc,phases      ] GC(162) Summary Phase 0.042ms
[12.871s][info][gc,phases,start] GC(162) Adjust Roots
[12.871s][info][gc,phases      ] GC(162) Adjust Roots 0.171ms
[12.871s][info][gc,phases,start] GC(162) Compaction Phase
[13.043s][info][gc,phases      ] GC(162) Compaction Phase 171.431ms
[13.043s][info][gc,phases,start] GC(162) Post Compact
[13.046s][info][gc,phases      ] GC(162) Post Compact 3.532ms
[13.047s][info][gc,heap        ] GC(162) PSYoungGen: 41152K(120320K)->0K(124928K) Eden: 0K(23040K)->0K(23040K) From: 41152K(97280K)->0K(101888K)
[13.047s][info][gc,heap        ] GC(162) ParOldGen: 1842959K(1889280K)->1882040K(2073600K)
[13.047s][info][gc,metaspace   ] GC(162) Metaspace: 6302K(6528K)->6302K(6528K) NonClass: 5769K(5888K)->5769K(5888K) Class: 533K(640K)->533K(640K)
[13.047s][info][gc             ] GC(162) Pause Full (Ergonomics) 1839M->1837M(2147M) 589.520ms
[13.047s][info][gc,cpu         ] GC(162) User=4.27s Sys=0.00s Real=0.59s
[13.079s][info][gc,start       ] GC(163) Pause Young (Allocation Failure)
[13.101s][info][gc,heap        ] GC(163) PSYoungGen: 23040K(124928K)->23232K(124928K) Eden: 23040K(23040K)->0K(25600K) From: 0K(101888K)->23232K(99328K)
[13.101s][info][gc,heap        ] GC(163) ParOldGen: 1882040K(2073600K)->1882040K(2073600K)
[13.101s][info][gc,metaspace   ] GC(163) Metaspace: 6302K(6528K)->6302K(6528K) NonClass: 5769K(5888K)->5769K(5888K) Class: 533K(640K)->533K(640K)
[13.101s][info][gc             ] GC(163) Pause Young (Allocation Failure) 1860M->1860M(2147M) 22.888ms
[13.101s][info][gc,cpu         ] GC(163) User=0.03s Sys=0.00s Real=0.02s
[13.130s][info][gc,start       ] GC(164) Pause Young (Allocation Failure)
[13.161s][info][gc,heap        ] GC(164) PSYoungGen: 48832K(124928K)->48832K(74752K) Eden: 25600K(25600K)->0K(25600K) From: 23232K(99328K)->48832K(49152K)
[13.161s][info][gc,heap        ] GC(164) ParOldGen: 1882040K(2073600K)->1882040K(2073600K)
[13.161s][info][gc,metaspace   ] GC(164) Metaspace: 6302K(6528K)->6302K(6528K) NonClass: 5769K(5888K)->5769K(5888K) Class: 533K(640K)->533K(640K)
[13.161s][info][gc             ] GC(164) Pause Young (Allocation Failure) 1885M->1885M(2098M) 31.362ms
[13.161s][info][gc,cpu         ] GC(164) User=0.05s Sys=0.00s Real=0.03s
[13.189s][info][gc,start       ] GC(165) Pause Young (Allocation Failure)
[13.231s][info][gc,heap        ] GC(165) PSYoungGen: 74432K(74752K)->74464K(119296K) Eden: 25600K(25600K)->0K(22528K) From: 48832K(49152K)->74464K(96768K)
[13.231s][info][gc,heap        ] GC(165) ParOldGen: 1882040K(2073600K)->1882040K(2073600K)
[13.231s][info][gc,metaspace   ] GC(165) Metaspace: 6302K(6528K)->6302K(6528K) NonClass: 5769K(5888K)->5769K(5888K) Class: 533K(640K)->533K(640K)
[13.231s][info][gc             ] GC(165) Pause Young (Allocation Failure) 1910M->1910M(2141M) 41.820ms
[13.231s][info][gc,cpu         ] GC(165) User=0.16s Sys=0.00s Real=0.04s
[13.258s][info][gc,start       ] GC(166) Pause Young (Allocation Failure)
[13.306s][info][gc,heap        ] GC(166) PSYoungGen: 96992K(119296K)->73920K(124928K) Eden: 22528K(22528K)->0K(22528K) From: 74464K(96768K)->73920K(102400K)
[13.307s][info][gc,heap        ] GC(166) ParOldGen: 1882040K(2073600K)->1905376K(2073600K)
[13.307s][info][gc,metaspace   ] GC(166) Metaspace: 6302K(6528K)->6302K(6528K) NonClass: 5769K(5888K)->5769K(5888K) Class: 533K(640K)->533K(640K)
[13.307s][info][gc             ] GC(166) Pause Young (Allocation Failure) 1932M->1932M(2147M) 48.911ms
[13.307s][info][gc,cpu         ] GC(166) User=0.27s Sys=0.02s Real=0.05s
[13.334s][info][gc,start       ] GC(167) Pause Young (Allocation Failure)
[13.382s][info][gc,heap        ] GC(167) PSYoungGen: 96448K(124928K)->70912K(130048K) Eden: 22528K(22528K)->0K(23552K) From: 73920K(102400K)->70912K(106496K)
[13.382s][info][gc,heap        ] GC(167) ParOldGen: 1905376K(2073600K)->1931312K(2073600K)
[13.382s][info][gc,metaspace   ] GC(167) Metaspace: 6302K(6528K)->6302K(6528K) NonClass: 5769K(5888K)->5769K(5888K) Class: 533K(640K)->533K(640K)
[13.382s][info][gc             ] GC(167) Pause Young (Allocation Failure) 1954M->1955M(2152M) 48.275ms
[13.382s][info][gc,cpu         ] GC(167) User=0.27s Sys=0.00s Real=0.05s
[13.411s][info][gc,start       ] GC(168) Pause Young (Allocation Failure)
[13.460s][info][gc,heap        ] GC(168) PSYoungGen: 94464K(130048K)->68768K(131584K) Eden: 23552K(23552K)->0K(23552K) From: 70912K(106496K)->68768K(108032K)
[13.460s][info][gc,heap        ] GC(168) ParOldGen: 1931312K(2073600K)->1957248K(2073600K)
[13.460s][info][gc,metaspace   ] GC(168) Metaspace: 6302K(6528K)->6302K(6528K) NonClass: 5769K(5888K)->5769K(5888K) Class: 533K(640K)->533K(640K)
[13.460s][info][gc             ] GC(168) Pause Young (Allocation Failure) 1978M->1978M(2153M) 48.850ms
[13.460s][info][gc,cpu         ] GC(168) User=0.23s Sys=0.02s Real=0.05s
[13.490s][info][gc,start       ] GC(169) Pause Young (Allocation Failure)
[13.538s][info][gc,heap        ] GC(169) PSYoungGen: 92320K(131584K)->69824K(135168K) Eden: 23552K(23552K)->0K(26624K) From: 68768K(108032K)->69824K(108544K)
[13.539s][info][gc,heap        ] GC(169) ParOldGen: 1957248K(2073600K)->1980080K(2073600K)
[13.539s][info][gc,metaspace   ] GC(169) Metaspace: 6302K(6528K)->6302K(6528K) NonClass: 5769K(5888K)->5769K(5888K) Class: 533K(640K)->533K(640K)
[13.539s][info][gc             ] GC(169) Pause Young (Allocation Failure) 2001M->2001M(2157M) 48.807ms
[13.539s][info][gc,cpu         ] GC(169) User=0.20s Sys=0.06s Real=0.05s
[13.568s][info][gc,start       ] GC(170) Pause Young (Allocation Failure)
[13.619s][info][gc,heap        ] GC(170) PSYoungGen: 96448K(135168K)->50304K(77312K) Eden: 26624K(26624K)->0K(26624K) From: 69824K(108544K)->50304K(50688K)
[13.619s][info][gc,heap        ] GC(170) ParOldGen: 1980080K(2073600K)->2026752K(2073600K)
[13.619s][info][gc,metaspace   ] GC(170) Metaspace: 6302K(6528K)->6302K(6528K) NonClass: 5769K(5888K)->5769K(5888K) Class: 533K(640K)->533K(640K)
[13.619s][info][gc             ] GC(170) Pause Young (Allocation Failure) 2027M->2028M(2100M) 50.959ms
[13.619s][info][gc,cpu         ] GC(170) User=0.27s Sys=0.02s Real=0.05s
[13.619s][info][gc,start       ] GC(171) Pause Full (Ergonomics)
[13.619s][info][gc,phases,start] GC(171) Marking Phase
[14.078s][info][gc,phases      ] GC(171) Marking Phase 458.579ms
[14.078s][info][gc,phases,start] GC(171) Summary Phase
[14.078s][info][gc,phases      ] GC(171) Summary Phase 0.039ms
[14.078s][info][gc,phases,start] GC(171) Adjust Roots
[14.078s][info][gc,phases      ] GC(171) Adjust Roots 0.170ms
[14.078s][info][gc,phases,start] GC(171) Compaction Phase
[14.255s][info][gc,phases      ] GC(171) Compaction Phase 176.854ms
[14.255s][info][gc,phases,start] GC(171) Post Compact
[14.259s][info][gc,phases      ] GC(171) Post Compact 3.809ms
[14.259s][info][gc,heap        ] GC(171) PSYoungGen: 50304K(77312K)->1577K(77312K) Eden: 0K(26624K)->0K(26624K) From: 50304K(50688K)->1577K(50688K)
[14.259s][info][gc,heap        ] GC(171) ParOldGen: 2026752K(2073600K)->2073227K(2284032K)
[14.259s][info][gc,metaspace   ] GC(171) Metaspace: 6302K(6528K)->6302K(6528K) NonClass: 5769K(5888K)->5769K(5888K) Class: 533K(640K)->533K(640K)
[14.259s][info][gc             ] GC(171) Pause Full (Ergonomics) 2028M->2026M(2306M) 640.545ms
[14.259s][info][gc,cpu         ] GC(171) User=4.69s Sys=0.03s Real=0.64s
[14.289s][info][gc,start       ] GC(172) Pause Young (Allocation Failure)
[14.392s][info][gc,heap        ] GC(172) PSYoungGen: 28201K(77312K)->26720K(133632K) Eden: 26624K(26624K)->0K(29696K) From: 1577K(50688K)->26720K(103936K)
[14.392s][info][gc,heap        ] GC(172) ParOldGen: 2073227K(2284032K)->2074851K(2284032K)
[14.392s][info][gc,metaspace   ] GC(172) Metaspace: 6302K(6528K)->6302K(6528K) NonClass: 5769K(5888K)->5769K(5888K) Class: 533K(640K)->533K(640K)
[14.392s][info][gc             ] GC(172) Pause Young (Allocation Failure) 2052M->2052M(2361M) 103.596ms
[14.392s][info][gc,cpu         ] GC(172) User=0.73s Sys=0.00s Real=0.10s
[14.424s][info][gc,start       ] GC(173) Pause Young (Allocation Failure)
[14.460s][info][gc,heap        ] GC(173) PSYoungGen: 56416K(133632K)->29888K(134144K) Eden: 29696K(29696K)->0K(29696K) From: 26720K(103936K)->29888K(104448K)
[14.460s][info][gc,heap        ] GC(173) ParOldGen: 2074851K(2284032K)->2101843K(2284032K)
[14.460s][info][gc,metaspace   ] GC(173) Metaspace: 6302K(6528K)->6302K(6528K) NonClass: 5769K(5888K)->5769K(5888K) Class: 533K(640K)->533K(640K)
[14.460s][info][gc             ] GC(173) Pause Young (Allocation Failure) 2081M->2081M(2361M) 35.729ms
[14.460s][info][gc,cpu         ] GC(173) User=0.14s Sys=0.02s Real=0.04s
[14.492s][info][gc,start       ] GC(174) Pause Young (Allocation Failure)
[14.529s][info][gc,heap        ] GC(174) PSYoungGen: 59584K(134144K)->29888K(133120K) Eden: 29696K(29696K)->0K(33280K) From: 29888K(104448K)->29888K(99840K)
[14.529s][info][gc,heap        ] GC(174) ParOldGen: 2101843K(2284032K)->2131955K(2284032K)
[14.529s][info][gc,metaspace   ] GC(174) Metaspace: 6302K(6528K)->6302K(6528K) NonClass: 5769K(5888K)->5769K(5888K) Class: 533K(640K)->533K(640K)
[14.529s][info][gc             ] GC(174) Pause Young (Allocation Failure) 2110M->2111M(2360M) 36.943ms
[14.529s][info][gc,cpu         ] GC(174) User=0.36s Sys=0.00s Real=0.04s
[14.568s][info][gc,start       ] GC(175) Pause Young (Allocation Failure)
[14.607s][info][gc,heap        ] GC(175) PSYoungGen: 63168K(133120K)->33472K(134656K) Eden: 33280K(33280K)->0K(33280K) From: 29888K(99840K)->33472K(101376K)
[14.607s][info][gc,heap        ] GC(175) ParOldGen: 2131955K(2284032K)->2162051K(2284032K)
[14.607s][info][gc,metaspace   ] GC(175) Metaspace: 6302K(6528K)->6302K(6528K) NonClass: 5769K(5888K)->5769K(5888K) Class: 533K(640K)->533K(640K)
[14.607s][info][gc             ] GC(175) Pause Young (Allocation Failure) 2143M->2144M(2362M) 38.406ms
[14.607s][info][gc,cpu         ] GC(175) User=0.27s Sys=0.00s Real=0.04s
[14.648s][info][gc,start       ] GC(176) Pause Young (Allocation Failure)
[14.689s][info][gc,heap        ] GC(176) PSYoungGen: 66752K(134656K)->33440K(129536K) Eden: 33280K(33280K)->0K(36864K) From: 33472K(101376K)->33440K(92672K)
[14.689s][info][gc,heap        ] GC(176) ParOldGen: 2162051K(2284032K)->2195787K(2284032K)
[14.689s][info][gc,metaspace   ] GC(176) Metaspace: 6302K(6528K)->6302K(6528K) NonClass: 5769K(5888K)->5769K(5888K) Class: 533K(640K)->533K(640K)
[14.689s][info][gc             ] GC(176) Pause Young (Allocation Failure) 2176M->2176M(2357M) 40.974ms
[14.689s][info][gc,cpu         ] GC(176) User=0.27s Sys=0.00s Real=0.04s
[14.737s][info][gc,start       ] GC(177) Pause Young (Allocation Failure)
[14.779s][info][gc,heap        ] GC(177) PSYoungGen: 70304K(129536K)->36992K(132608K) Eden: 36864K(36864K)->0K(36864K) From: 33440K(92672K)->36992K(95744K)
[14.779s][info][gc,heap        ] GC(177) ParOldGen: 2195787K(2284032K)->2229547K(2284032K)
[14.779s][info][gc,metaspace   ] GC(177) Metaspace: 6302K(6528K)->6302K(6528K) NonClass: 5769K(5888K)->5769K(5888K) Class: 533K(640K)->533K(640K)
[14.779s][info][gc             ] GC(177) Pause Young (Allocation Failure) 2212M->2213M(2360M) 42.687ms
[14.779s][info][gc,cpu         ] GC(177) User=0.23s Sys=0.03s Real=0.04s
[14.779s][info][gc,start       ] GC(178) Pause Full (Ergonomics)
[14.779s][info][gc,phases,start] GC(178) Marking Phase
[15.289s][info][gc,phases      ] GC(178) Marking Phase 509.376ms
[15.289s][info][gc,phases,start] GC(178) Summary Phase
[15.289s][info][gc,phases      ] GC(178) Summary Phase 0.065ms
[15.289s][info][gc,phases,start] GC(178) Adjust Roots
[15.289s][info][gc,phases      ] GC(178) Adjust Roots 0.214ms
[15.289s][info][gc,phases,start] GC(178) Compaction Phase
[15.480s][info][gc,phases      ] GC(178) Compaction Phase 190.704ms
[15.480s][info][gc,phases,start] GC(178) Post Compact
[15.484s][info][gc,phases      ] GC(178) Post Compact 4.479ms
[15.485s][info][gc,heap        ] GC(178) PSYoungGen: 36992K(132608K)->0K(133120K) Eden: 0K(36864K)->0K(40960K) From: 36992K(95744K)->0K(92160K)
[15.485s][info][gc,heap        ] GC(178) ParOldGen: 2229547K(2284032K)->2264055K(2494464K)
[15.485s][info][gc,metaspace   ] GC(178) Metaspace: 6302K(6528K)->6302K(6528K) NonClass: 5769K(5888K)->5769K(5888K) Class: 533K(640K)->533K(640K)
[15.486s][info][gc             ] GC(178) Pause Full (Ergonomics) 2213M->2210M(2566M) 706.186ms
[15.486s][info][gc,cpu         ] GC(178) User=5.27s Sys=0.02s Real=0.71s
[15.537s][info][gc,start       ] GC(179) Pause Young (Allocation Failure)
[15.568s][info][gc,heap        ] GC(179) PSYoungGen: 40960K(133120K)->41152K(82432K) Eden: 40960K(40960K)->0K(40960K) From: 0K(92160K)->41152K(41472K)
[15.568s][info][gc,heap        ] GC(179) ParOldGen: 2264055K(2494464K)->2264055K(2494464K)
[15.568s][info][gc,metaspace   ] GC(179) Metaspace: 6302K(6528K)->6302K(6528K) NonClass: 5769K(5888K)->5769K(5888K) Class: 533K(640K)->533K(640K)
[15.568s][info][gc             ] GC(179) Pause Young (Allocation Failure) 2250M->2251M(2516M) 30.247ms
[15.568s][info][gc,cpu         ] GC(179) User=0.14s Sys=0.00s Real=0.03s
[15.616s][info][gc,start       ] GC(180) Pause Young (Allocation Failure)
[15.661s][info][gc,heap        ] GC(180) PSYoungGen: 82112K(82432K)->82144K(122880K) Eden: 40960K(40960K)->0K(34816K) From: 41152K(41472K)->82144K(88064K)
[15.661s][info][gc,heap        ] GC(180) ParOldGen: 2264055K(2494464K)->2264055K(2494464K)
[15.661s][info][gc,metaspace   ] GC(180) Metaspace: 6302K(6528K)->6302K(6528K) NonClass: 5769K(5888K)->5769K(5888K) Class: 533K(640K)->533K(640K)
[15.661s][info][gc             ] GC(180) Pause Young (Allocation Failure) 2291M->2291M(2556M) 44.349ms
[15.661s][info][gc,cpu         ] GC(180) User=0.27s Sys=0.00s Real=0.05s
[15.703s][info][gc,start       ] GC(181) Pause Young (Allocation Failure)
[15.761s][info][gc,heap        ] GC(181) PSYoungGen: 116960K(122880K)->97792K(132608K) Eden: 34816K(34816K)->0K(34816K) From: 82144K(88064K)->97792K(97792K)
[15.761s][info][gc,heap        ] GC(181) ParOldGen: 2264055K(2494464K)->2283311K(2494464K)
[15.761s][info][gc,metaspace   ] GC(181) Metaspace: 6302K(6528K)->6302K(6528K) NonClass: 5769K(5888K)->5769K(5888K) Class: 533K(640K)->533K(640K)
[15.761s][info][gc             ] GC(181) Pause Young (Allocation Failure) 2325M->2325M(2565M) 58.731ms
[15.761s][info][gc,cpu         ] GC(181) User=0.33s Sys=0.05s Real=0.06s
[15.803s][info][gc,start       ] GC(182) Pause Young (Allocation Failure)
[15.874s][info][gc,heap        ] GC(182) PSYoungGen: 132608K(132608K)->63776K(150528K) Eden: 34816K(34816K)->0K(38400K) From: 97792K(97792K)->63776K(112128K)
[15.874s][info][gc,heap        ] GC(182) ParOldGen: 2283311K(2494464K)->2352815K(2494464K)
[15.874s][info][gc,metaspace   ] GC(182) Metaspace: 6302K(6528K)->6302K(6528K) NonClass: 5769K(5888K)->5769K(5888K) Class: 533K(640K)->533K(640K)
[15.874s][info][gc             ] GC(182) Pause Young (Allocation Failure) 2359M->2359M(2583M) 70.661ms
[15.874s][info][gc,cpu         ] GC(182) User=0.52s Sys=0.05s Real=0.07s
[15.921s][info][gc,start       ] GC(183) Pause Young (Allocation Failure)
[15.974s][info][gc,heap        ] GC(183) PSYoungGen: 102176K(150528K)->102240K(153600K) Eden: 38400K(38400K)->0K(38400K) From: 63776K(112128K)->102240K(115200K)
[15.974s][info][gc,heap        ] GC(183) ParOldGen: 2352815K(2494464K)->2352815K(2494464K)
[15.974s][info][gc,metaspace   ] GC(183) Metaspace: 6302K(6528K)->6302K(6528K) NonClass: 5769K(5888K)->5769K(5888K) Class: 533K(640K)->533K(640K)
[15.974s][info][gc             ] GC(183) Pause Young (Allocation Failure) 2397M->2397M(2586M) 52.834ms
[15.974s][info][gc,cpu         ] GC(183) User=0.38s Sys=0.00s Real=0.05s
[16.023s][info][gc,start       ] GC(184) Pause Young (Allocation Failure)
[16.098s][info][gc,heap        ] GC(184) PSYoungGen: 140640K(153600K)->111872K(156672K) Eden: 38400K(38400K)->0K(30208K) From: 102240K(115200K)->111872K(126464K)
[16.098s][info][gc,heap        ] GC(184) ParOldGen: 2352815K(2494464K)->2381871K(2494464K)
[16.098s][info][gc,metaspace   ] GC(184) Metaspace: 6302K(6528K)->6302K(6528K) NonClass: 5769K(5888K)->5769K(5888K) Class: 533K(640K)->533K(640K)
[16.099s][info][gc             ] GC(184) Pause Young (Allocation Failure) 2435M->2435M(2589M) 75.754ms
[16.099s][info][gc,cpu         ] GC(184) User=0.47s Sys=0.16s Real=0.08s
[16.135s][info][gc,start       ] GC(185) Pause Young (Allocation Failure)
[16.207s][info][gc,heap        ] GC(185) PSYoungGen: 142080K(156672K)->107296K(168960K) Eden: 30208K(30208K)->0K(30208K) From: 111872K(126464K)->107296K(138752K)
[16.207s][info][gc,heap        ] GC(185) ParOldGen: 2381871K(2494464K)->2417007K(2494464K)
[16.207s][info][gc,metaspace   ] GC(185) Metaspace: 6302K(6528K)->6302K(6528K) NonClass: 5769K(5888K)->5769K(5888K) Class: 533K(640K)->533K(640K)
[16.207s][info][gc             ] GC(185) Pause Young (Allocation Failure) 2464M->2465M(2601M) 72.115ms
[16.207s][info][gc,cpu         ] GC(185) User=0.45s Sys=0.05s Real=0.07s
[16.245s][info][gc,start       ] GC(186) Pause Young (Allocation Failure)
[16.317s][info][gc,heap        ] GC(186) PSYoungGen: 137504K(168960K)->99072K(177664K) Eden: 30208K(30208K)->0K(30720K) From: 107296K(138752K)->99072K(146944K)
[16.317s][info][gc,heap        ] GC(186) ParOldGen: 2417007K(2494464K)->2455759K(2494464K)
[16.317s][info][gc,metaspace   ] GC(186) Metaspace: 6302K(6528K)->6302K(6528K) NonClass: 5769K(5888K)->5769K(5888K) Class: 533K(640K)->533K(640K)
[16.317s][info][gc             ] GC(186) Pause Young (Allocation Failure) 2494M->2494M(2609M) 72.408ms
[16.317s][info][gc,cpu         ] GC(186) User=0.47s Sys=0.03s Real=0.07s
[16.317s][info][gc,start       ] GC(187) Pause Full (Ergonomics)
[16.317s][info][gc,phases,start] GC(187) Marking Phase
[16.894s][info][gc,phases      ] GC(187) Marking Phase 576.745ms
[16.894s][info][gc,phases,start] GC(187) Summary Phase
[16.894s][info][gc,phases      ] GC(187) Summary Phase 0.061ms
[16.894s][info][gc,phases,start] GC(187) Adjust Roots
[16.894s][info][gc,phases      ] GC(187) Adjust Roots 0.267ms
[16.894s][info][gc,phases,start] GC(187) Compaction Phase
[17.122s][info][gc,phases      ] GC(187) Compaction Phase 228.110ms
[17.122s][info][gc,phases,start] GC(187) Post Compact
[17.127s][info][gc,phases      ] GC(187) Post Compact 4.929ms
[17.128s][info][gc,heap        ] GC(187) PSYoungGen: 99072K(177664K)->58335K(177664K) Eden: 0K(30720K)->0K(30720K) From: 99072K(146944K)->58335K(146944K)
[17.128s][info][gc,heap        ] GC(187) ParOldGen: 2455759K(2494464K)->2494233K(2750464K)
[17.128s][info][gc,metaspace   ] GC(187) Metaspace: 6302K(6528K)->6302K(6528K) NonClass: 5769K(5888K)->5769K(5888K) Class: 533K(640K)->533K(640K)
[17.128s][info][gc             ] GC(187) Pause Full (Ergonomics) 2494M->2492M(2859M) 811.344ms
[17.128s][info][gc,cpu         ] GC(187) User=6.08s Sys=0.08s Real=0.81s
[17.167s][info][gc,start       ] GC(188) Pause Young (Allocation Failure)
[17.326s][info][gc,heap        ] GC(188) PSYoungGen: 89055K(177664K)->66784K(97792K) Eden: 30720K(30720K)->0K(30720K) From: 58335K(146944K)->66784K(67072K)
[17.326s][info][gc,heap        ] GC(188) ParOldGen: 2494233K(2750464K)->2516953K(2750464K)
[17.326s][info][gc,metaspace   ] GC(188) Metaspace: 6302K(6528K)->6302K(6528K) NonClass: 5769K(5888K)->5769K(5888K) Class: 533K(640K)->533K(640K)
[17.326s][info][gc             ] GC(188) Pause Young (Allocation Failure) 2522M->2523M(2781M) 158.183ms
[17.326s][info][gc,cpu         ] GC(188) User=1.03s Sys=0.00s Real=0.16s
[17.365s][info][gc,start       ] GC(189) Pause Young (Allocation Failure)
[17.421s][info][gc,heap        ] GC(189) PSYoungGen: 97504K(97792K)->97568K(174592K) Eden: 30720K(30720K)->0K(31232K) From: 66784K(67072K)->97568K(143360K)
[17.421s][info][gc,heap        ] GC(189) ParOldGen: 2516953K(2750464K)->2516953K(2750464K)
[17.421s][info][gc,metaspace   ] GC(189) Metaspace: 6302K(6528K)->6302K(6528K) NonClass: 5769K(5888K)->5769K(5888K) Class: 533K(640K)->533K(640K)
[17.421s][info][gc             ] GC(189) Pause Young (Allocation Failure) 2553M->2553M(2856M) 55.832ms
[17.421s][info][gc,cpu         ] GC(189) User=0.30s Sys=0.00s Real=0.06s
[17.460s][info][gc,start       ] GC(190) Pause Young (Allocation Failure)
[17.527s][info][gc,heap        ] GC(190) PSYoungGen: 128800K(174592K)->110624K(177152K) Eden: 31232K(31232K)->0K(31232K) From: 97568K(143360K)->110624K(145920K)
[17.527s][info][gc,heap        ] GC(190) ParOldGen: 2516953K(2750464K)->2535361K(2750464K)
[17.527s][info][gc,metaspace   ] GC(190) Metaspace: 6302K(6528K)->6302K(6528K) NonClass: 5769K(5888K)->5769K(5888K) Class: 533K(640K)->533K(640K)
[17.527s][info][gc             ] GC(190) Pause Young (Allocation Failure) 2583M->2583M(2859M) 66.670ms
[17.527s][info][gc,cpu         ] GC(190) User=0.41s Sys=0.03s Real=0.07s
[17.566s][info][gc,start       ] GC(191) Pause Young (Allocation Failure)
[17.640s][info][gc,heap        ] GC(191) PSYoungGen: 141856K(177152K)->124160K(177152K) Eden: 31232K(31232K)->0K(25088K) From: 110624K(145920K)->124160K(152064K)
[17.640s][info][gc,heap        ] GC(191) ParOldGen: 2535361K(2750464K)->2553209K(2750464K)
[17.640s][info][gc,metaspace   ] GC(191) Metaspace: 6302K(6528K)->6302K(6528K) NonClass: 5769K(5888K)->5769K(5888K) Class: 533K(640K)->533K(640K)
[17.640s][info][gc             ] GC(191) Pause Young (Allocation Failure) 2614M->2614M(2859M) 74.586ms
[17.640s][info][gc,cpu         ] GC(191) User=0.48s Sys=0.02s Real=0.07s
[17.673s][info][gc,start       ] GC(192) Pause Young (Allocation Failure)
[17.752s][info][gc,heap        ] GC(192) PSYoungGen: 149248K(177152K)->118496K(186880K) Eden: 25088K(25088K)->0K(25088K) From: 124160K(152064K)->118496K(161792K)
[17.752s][info][gc,heap        ] GC(192) ParOldGen: 2553209K(2750464K)->2584209K(2750464K)
[17.752s][info][gc,metaspace   ] GC(192) Metaspace: 6302K(6528K)->6302K(6528K) NonClass: 5769K(5888K)->5769K(5888K) Class: 533K(640K)->533K(640K)
[17.752s][info][gc             ] GC(192) Pause Young (Allocation Failure) 2639M->2639M(2868M) 79.099ms
[17.752s][info][gc,cpu         ] GC(192) User=0.50s Sys=0.02s Real=0.08s
[17.783s][info][gc,start       ] GC(193) Pause Young (Allocation Failure)
[17.862s][info][gc,heap        ] GC(193) PSYoungGen: 143584K(186880K)->81568K(181760K) Eden: 25088K(25088K)->0K(28672K) From: 118496K(161792K)->81568K(153088K)
[17.862s][info][gc,heap        ] GC(193) ParOldGen: 2584209K(2750464K)->2646689K(2750464K)
[17.862s][info][gc,metaspace   ] GC(193) Metaspace: 6302K(6528K)->6302K(6528K) NonClass: 5769K(5888K)->5769K(5888K) Class: 533K(640K)->533K(640K)
[17.862s][info][gc             ] GC(193) Pause Young (Allocation Failure) 2663M->2664M(2863M) 79.397ms
[17.862s][info][gc,cpu         ] GC(193) User=0.48s Sys=0.03s Real=0.08s
[17.894s][info][gc,start       ] GC(194) Pause Young (Allocation Failure)
[17.955s][info][gc,heap        ] GC(194) PSYoungGen: 110240K(181760K)->53920K(188416K) Eden: 28672K(28672K)->0K(28672K) From: 81568K(153088K)->53920K(159744K)
[17.956s][info][gc,heap        ] GC(194) ParOldGen: 2646689K(2750464K)->2703481K(2750464K)
[17.956s][info][gc,metaspace   ] GC(194) Metaspace: 6302K(6528K)->6302K(6528K) NonClass: 5769K(5888K)->5769K(5888K) Class: 533K(640K)->533K(640K)
[17.956s][info][gc             ] GC(194) Pause Young (Allocation Failure) 2692M->2692M(2870M) 61.492ms
[17.956s][info][gc,cpu         ] GC(194) User=0.38s Sys=0.02s Real=0.06s
[17.956s][info][gc,start       ] GC(195) Pause Full (Ergonomics)
[17.956s][info][gc,phases,start] GC(195) Marking Phase
[18.583s][info][gc,phases      ] GC(195) Marking Phase 627.200ms
[18.583s][info][gc,phases,start] GC(195) Summary Phase
[18.583s][info][gc,phases      ] GC(195) Summary Phase 0.053ms
[18.583s][info][gc,phases,start] GC(195) Adjust Roots
[18.583s][info][gc,phases      ] GC(195) Adjust Roots 0.189ms
[18.583s][info][gc,phases,start] GC(195) Compaction Phase
[18.816s][info][gc,phases      ] GC(195) Compaction Phase 233.147ms
[18.816s][info][gc,phases,start] GC(195) Post Compact
[18.822s][info][gc,phases      ] GC(195) Post Compact 5.202ms
[18.823s][info][gc,heap        ] GC(195) PSYoungGen: 53920K(188416K)->4649K(188416K) Eden: 0K(28672K)->0K(28672K) From: 53920K(159744K)->4649K(159744K)
[18.823s][info][gc,heap        ] GC(195) ParOldGen: 2703481K(2750464K)->2750441K(3035136K)
[18.823s][info][gc,metaspace   ] GC(195) Metaspace: 6302K(6528K)->6302K(6528K) NonClass: 5769K(5888K)->5769K(5888K) Class: 533K(640K)->533K(640K)
[18.823s][info][gc             ] GC(195) Pause Full (Ergonomics) 2692M->2690M(3148M) 867.109ms
[18.823s][info][gc,cpu         ] GC(195) User=6.66s Sys=0.05s Real=0.87s
[18.858s][info][gc,start       ] GC(196) Pause Young (Allocation Failure)
[19.000s][info][gc,heap        ] GC(196) PSYoungGen: 33321K(188416K)->28800K(188416K) Eden: 28672K(28672K)->0K(30720K) From: 4649K(159744K)->28800K(157696K)
[19.000s][info][gc,heap        ] GC(196) ParOldGen: 2750441K(3035136K)->2755177K(3035136K)
[19.000s][info][gc,metaspace   ] GC(196) Metaspace: 6302K(6528K)->6302K(6528K) NonClass: 5769K(5888K)->5769K(5888K) Class: 533K(640K)->533K(640K)
[19.000s][info][gc             ] GC(196) Pause Young (Allocation Failure) 2718M->2718M(3148M) 141.451ms
[19.000s][info][gc,cpu         ] GC(196) User=0.77s Sys=0.00s Real=0.14s
[19.038s][info][gc,start       ] GC(197) Pause Young (Allocation Failure)
[19.076s][info][gc,heap        ] GC(197) PSYoungGen: 59520K(188416K)->30880K(190464K) Eden: 30720K(30720K)->0K(30720K) From: 28800K(157696K)->30880K(159744K)
[19.076s][info][gc,heap        ] GC(197) ParOldGen: 2755177K(3035136K)->2784121K(3035136K)
[19.076s][info][gc,metaspace   ] GC(197) Metaspace: 6302K(6528K)->6302K(6528K) NonClass: 5769K(5888K)->5769K(5888K) Class: 533K(640K)->533K(640K)
[19.076s][info][gc             ] GC(197) Pause Young (Allocation Failure) 2748M->2749M(3150M) 38.127ms
[19.076s][info][gc,cpu         ] GC(197) User=0.22s Sys=0.05s Real=0.04s
[19.642s][info][gc,start       ] GC(198) Pause Young (Allocation Failure)
[19.756s][info][gc,heap        ] GC(198) PSYoungGen: 61600K(190464K)->30912K(189440K) Eden: 30720K(30720K)->0K(33792K) From: 30880K(159744K)->30912K(155648K)
[19.756s][info][gc,heap        ] GC(198) ParOldGen: 2915193K(3035136K)->2946193K(3035136K)
[19.756s][info][gc,metaspace   ] GC(198) Metaspace: 6302K(6528K)->6302K(6528K) NonClass: 5769K(5888K)->5769K(5888K) Class: 533K(640K)->533K(640K)
[19.756s][info][gc             ] GC(198) Pause Young (Allocation Failure) 2907M->2907M(3149M) 113.896ms
[19.756s][info][gc,cpu         ] GC(198) User=0.55s Sys=0.02s Real=0.11s
[19.799s][info][gc,start       ] GC(199) Pause Young (Allocation Failure)
[19.848s][info][gc,heap        ] GC(199) PSYoungGen: 64704K(189440K)->64704K(98816K) Eden: 33792K(33792K)->0K(33792K) From: 30912K(155648K)->64704K(65024K)
[19.848s][info][gc,heap        ] GC(199) ParOldGen: 2946193K(3035136K)->2946193K(3035136K)
[19.848s][info][gc,metaspace   ] GC(199) Metaspace: 6302K(6528K)->6302K(6528K) NonClass: 5769K(5888K)->5769K(5888K) Class: 533K(640K)->533K(640K)
[19.848s][info][gc             ] GC(199) Pause Young (Allocation Failure) 2940M->2940M(3060M) 49.123ms
[19.848s][info][gc,cpu         ] GC(199) User=0.20s Sys=0.00s Real=0.05s
[19.884s][info][gc,start       ] GC(200) Pause Young (Allocation Failure)
[19.948s][info][gc,heap        ] GC(200) PSYoungGen: 98496K(98816K)->98592K(183808K) Eden: 33792K(33792K)->0K(34304K) From: 64704K(65024K)->98592K(149504K)
[19.948s][info][gc,heap        ] GC(200) ParOldGen: 2946193K(3035136K)->2946193K(3035136K)
[19.948s][info][gc,metaspace   ] GC(200) Metaspace: 6302K(6528K)->6302K(6528K) NonClass: 5769K(5888K)->5769K(5888K) Class: 533K(640K)->533K(640K)
[19.948s][info][gc             ] GC(200) Pause Young (Allocation Failure) 2973M->2973M(3143M) 64.161ms
[19.948s][info][gc,cpu         ] GC(200) User=0.19s Sys=0.00s Real=0.06s
[19.984s][info][gc,start       ] GC(201) Pause Young (Allocation Failure)
[20.056s][info][gc,heap        ] GC(201) PSYoungGen: 132896K(183808K)->102144K(186880K) Eden: 34304K(34304K)->0K(34304K) From: 98592K(149504K)->102144K(152576K)
[20.056s][info][gc,heap        ] GC(201) ParOldGen: 2946193K(3035136K)->2977193K(3035136K)
[20.056s][info][gc,metaspace   ] GC(201) Metaspace: 6302K(6528K)->6302K(6528K) NonClass: 5769K(5888K)->5769K(5888K) Class: 533K(640K)->533K(640K)
[20.056s][info][gc             ] GC(201) Pause Young (Allocation Failure) 3006M->3007M(3146M) 72.692ms
[20.057s][info][gc,cpu         ] GC(201) User=0.27s Sys=0.00s Real=0.07s
[20.057s][info][gc,start       ] GC(202) Pause Full (Ergonomics)
[20.057s][info][gc,phases,start] GC(202) Marking Phase
[20.731s][info][gc,phases      ] GC(202) Marking Phase 674.093ms
[20.731s][info][gc,phases,start] GC(202) Summary Phase
[20.731s][info][gc,phases      ] GC(202) Summary Phase 0.109ms
[20.731s][info][gc,phases,start] GC(202) Adjust Roots
[20.731s][info][gc,phases      ] GC(202) Adjust Roots 0.205ms
[20.731s][info][gc,phases,start] GC(202) Compaction Phase
[21.194s][info][gc,phases      ] GC(202) Compaction Phase 463.308ms
[21.194s][info][gc,phases,start] GC(202) Post Compact
[21.201s][info][gc,phases      ] GC(202) Post Compact 6.154ms
[21.202s][info][gc,heap        ] GC(202) PSYoungGen: 102144K(186880K)->0K(194560K) Eden: 0K(34304K)->0K(38400K) From: 102144K(152576K)->0K(156160K)
[21.202s][info][gc,heap        ] GC(202) ParOldGen: 2977193K(3035136K)->3012444K(3307520K)
[21.202s][info][gc,metaspace   ] GC(202) Metaspace: 6302K(6528K)->6302K(6528K) NonClass: 5769K(5888K)->5769K(5888K) Class: 533K(640K)->533K(640K)
[21.202s][info][gc             ] GC(202) Pause Full (Ergonomics) 3007M->2941M(3420M) 1145.097ms
[21.202s][info][gc,cpu         ] GC(202) User=8.02s Sys=0.05s Real=1.14s
[21.239s][info][gc,start       ] GC(203) Pause Young (Allocation Failure)
[21.277s][info][gc,heap        ] GC(203) PSYoungGen: 38400K(194560K)->38560K(194560K) Eden: 38400K(38400K)->0K(38400K) From: 0K(156160K)->38560K(156160K)
[21.277s][info][gc,heap        ] GC(203) ParOldGen: 3012444K(3307520K)->3012444K(3307520K)
[21.277s][info][gc,metaspace   ] GC(203) Metaspace: 6302K(6528K)->6302K(6528K) NonClass: 5769K(5888K)->5769K(5888K) Class: 533K(640K)->533K(640K)
[21.277s][info][gc             ] GC(203) Pause Young (Allocation Failure) 2979M->2979M(3420M) 38.664ms
[21.277s][info][gc,cpu         ] GC(203) User=0.06s Sys=0.00s Real=0.04s
[21.314s][info][gc,start       ] GC(204) Pause Young (Allocation Failure)
[21.365s][info][gc,heap        ] GC(204) PSYoungGen: 76960K(194560K)->77088K(184832K) Eden: 38400K(38400K)->0K(42496K) From: 38560K(156160K)->77088K(142336K)
[21.365s][info][gc,heap        ] GC(204) ParOldGen: 3012444K(3307520K)->3012444K(3307520K)
[21.365s][info][gc,metaspace   ] GC(204) Metaspace: 6302K(6528K)->6302K(6528K) NonClass: 5769K(5888K)->5769K(5888K) Class: 533K(640K)->533K(640K)
[21.365s][info][gc             ] GC(204) Pause Young (Allocation Failure) 3016M->3017M(3410M) 50.619ms
[21.365s][info][gc,cpu         ] GC(204) User=0.19s Sys=0.00s Real=0.05s
[21.411s][info][gc,start       ] GC(205) Pause Young (Allocation Failure)
[21.474s][info][gc,heap        ] GC(205) PSYoungGen: 119584K(184832K)->119616K(190464K) Eden: 42496K(42496K)->0K(42496K) From: 77088K(142336K)->119616K(147968K)
[21.474s][info][gc,heap        ] GC(205) ParOldGen: 3012444K(3307520K)->3012444K(3307520K)
[21.474s][info][gc,metaspace   ] GC(205) Metaspace: 6302K(6528K)->6302K(6528K) NonClass: 5769K(5888K)->5769K(5888K) Class: 533K(640K)->533K(640K)
[21.474s][info][gc             ] GC(205) Pause Young (Allocation Failure) 3058M->3058M(3416M) 63.052ms
[21.474s][info][gc,cpu         ] GC(205) User=0.16s Sys=0.00s Real=0.06s
[21.521s][info][gc,start       ] GC(206) Pause Young (Allocation Failure)
[21.598s][info][gc,heap        ] GC(206) PSYoungGen: 162112K(190464K)->158208K(181760K) Eden: 42496K(42496K)->0K(23552K) From: 119616K(147968K)->158208K(158208K)
[21.598s][info][gc,heap        ] GC(206) ParOldGen: 3012444K(3307520K)->3016308K(3307520K)
[21.598s][info][gc,metaspace   ] GC(206) Metaspace: 6302K(6528K)->6302K(6528K) NonClass: 5769K(5888K)->5769K(5888K) Class: 533K(640K)->533K(640K)
[21.598s][info][gc             ] GC(206) Pause Young (Allocation Failure) 3100M->3100M(3407M) 77.076ms
[21.598s][info][gc,cpu         ] GC(206) User=0.28s Sys=0.00s Real=0.08s
[21.625s][info][gc,start       ] GC(207) Pause Young (Allocation Failure)
[21.709s][info][gc,heap        ] GC(207) PSYoungGen: 181760K(181760K)->145184K(205312K) Eden: 23552K(23552K)->0K(23552K) From: 158208K(158208K)->145184K(181760K)
[21.709s][info][gc,heap        ] GC(207) ParOldGen: 3016308K(3307520K)->3053324K(3307520K)
[21.709s][info][gc,metaspace   ] GC(207) Metaspace: 6302K(6528K)->6302K(6528K) NonClass: 5769K(5888K)->5769K(5888K) Class: 533K(640K)->533K(640K)
[21.709s][info][gc             ] GC(207) Pause Young (Allocation Failure) 3123M->3123M(3430M) 83.882ms
[21.709s][info][gc,cpu         ] GC(207) User=0.50s Sys=0.05s Real=0.08s
[21.735s][info][gc,start       ] GC(208) Pause Young (Allocation Failure)
[21.816s][info][gc,heap        ] GC(208) PSYoungGen: 168736K(205312K)->87808K(202752K) Eden: 23552K(23552K)->0K(27136K) From: 145184K(181760K)->87808K(175616K)
[21.816s][info][gc,heap        ] GC(208) ParOldGen: 3053324K(3307520K)->3134932K(3307520K)
[21.816s][info][gc,metaspace   ] GC(208) Metaspace: 6302K(6528K)->6302K(6528K) NonClass: 5769K(5888K)->5769K(5888K) Class: 533K(640K)->533K(640K)
[21.816s][info][gc             ] GC(208) Pause Young (Allocation Failure) 3146M->3147M(3428M) 80.626ms
[21.816s][info][gc,cpu         ] GC(208) User=0.45s Sys=0.05s Real=0.08s
[21.844s][info][gc,start       ] GC(209) Pause Young (Allocation Failure)
[21.914s][info][gc,heap        ] GC(209) PSYoungGen: 114944K(202752K)->50848K(211968K) Eden: 27136K(27136K)->0K(27136K) From: 87808K(175616K)->50848K(184832K)
[21.914s][info][gc,heap        ] GC(209) ParOldGen: 3134932K(3307520K)->3199428K(3307520K)
[21.914s][info][gc,metaspace   ] GC(209) Metaspace: 6302K(6528K)->6302K(6528K) NonClass: 5769K(5888K)->5769K(5888K) Class: 533K(640K)->533K(640K)
[21.914s][info][gc             ] GC(209) Pause Young (Allocation Failure) 3173M->3174M(3437M) 70.597ms
[21.914s][info][gc,cpu         ] GC(209) User=0.28s Sys=0.03s Real=0.07s
[21.943s][info][gc,start       ] GC(210) Pause Young (Allocation Failure)
[21.997s][info][gc,heap        ] GC(210) PSYoungGen: 77984K(211968K)->27264K(211968K) Eden: 27136K(27136K)->0K(30208K) From: 50848K(184832K)->27264K(181760K)
[21.997s][info][gc,heap        ] GC(210) ParOldGen: 3199428K(3307520K)->3250556K(3307520K)
[21.997s][info][gc,metaspace   ] GC(210) Metaspace: 6302K(6528K)->6302K(6528K) NonClass: 5769K(5888K)->5769K(5888K) Class: 533K(640K)->533K(640K)
[21.997s][info][gc             ] GC(210) Pause Young (Allocation Failure) 3200M->3200M(3437M) 54.060ms
[21.997s][info][gc,cpu         ] GC(210) User=0.17s Sys=0.00s Real=0.05s
[21.997s][info][gc,start       ] GC(211) Pause Full (Ergonomics)
[21.997s][info][gc,phases,start] GC(211) Marking Phase
[22.737s][info][gc,phases      ] GC(211) Marking Phase 739.709ms
[22.737s][info][gc,phases,start] GC(211) Summary Phase
[22.737s][info][gc,phases      ] GC(211) Summary Phase 0.081ms
[22.737s][info][gc,phases,start] GC(211) Adjust Roots
[22.737s][info][gc,phases      ] GC(211) Adjust Roots 0.188ms
[22.737s][info][gc,phases,start] GC(211) Compaction Phase
[23.041s][info][gc,phases      ] GC(211) Compaction Phase 304.021ms
[23.041s][info][gc,phases,start] GC(211) Post Compact
[23.048s][info][gc,phases      ] GC(211) Post Compact 6.509ms
[23.049s][info][gc,heap        ] GC(211) PSYoungGen: 27264K(211968K)->0K(212992K) Eden: 0K(30208K)->0K(30208K) From: 27264K(181760K)->0K(182784K)
[23.049s][info][gc,heap        ] GC(211) ParOldGen: 3250556K(3307520K)->3275355K(3624448K)
[23.049s][info][gc,metaspace   ] GC(211) Metaspace: 6302K(6528K)->6302K(6528K) NonClass: 5769K(5888K)->5769K(5888K) Class: 533K(640K)->533K(640K)
[23.049s][info][gc             ] GC(211) Pause Full (Ergonomics) 3200M->3198M(3747M) 1052.114ms
[23.049s][info][gc,cpu         ] GC(211) User=7.55s Sys=0.14s Real=1.05s
[23.081s][info][gc,start       ] GC(212) Pause Young (Allocation Failure)
[23.120s][info][gc,heap        ] GC(212) PSYoungGen: 30208K(212992K)->30400K(210944K) Eden: 30208K(30208K)->0K(33280K) From: 0K(182784K)->30400K(177664K)
[23.120s][info][gc,heap        ] GC(212) ParOldGen: 3275355K(3624448K)->3275355K(3624448K)
[23.120s][info][gc,metaspace   ] GC(212) Metaspace: 6302K(6528K)->6302K(6528K) NonClass: 5769K(5888K)->5769K(5888K) Class: 533K(640K)->533K(640K)
[23.121s][info][gc             ] GC(212) Pause Young (Allocation Failure) 3228M->3228M(3745M) 39.076ms
[23.121s][info][gc,cpu         ] GC(212) User=0.05s Sys=0.00s Real=0.04s
[23.157s][info][gc,start       ] GC(213) Pause Young (Allocation Failure)
[23.208s][info][gc,heap        ] GC(213) PSYoungGen: 63680K(210944K)->33440K(214016K) Eden: 33280K(33280K)->0K(33280K) From: 30400K(177664K)->33440K(180736K)
[23.208s][info][gc,heap        ] GC(213) ParOldGen: 3275355K(3624448K)->3305843K(3624448K)
[23.208s][info][gc,metaspace   ] GC(213) Metaspace: 6302K(6528K)->6302K(6528K) NonClass: 5769K(5888K)->5769K(5888K) Class: 533K(640K)->533K(640K)
[23.208s][info][gc             ] GC(213) Pause Young (Allocation Failure) 3260M->3261M(3748M) 50.916ms
[23.208s][info][gc,cpu         ] GC(213) User=0.17s Sys=0.00s Real=0.05s
[23.245s][info][gc,start       ] GC(214) Pause Young (Allocation Failure)
[23.294s][info][gc,heap        ] GC(214) PSYoungGen: 66720K(214016K)->33472K(206336K) Eden: 33280K(33280K)->0K(36864K) From: 33440K(180736K)->33472K(169472K)
[23.294s][info][gc,heap        ] GC(214) ParOldGen: 3305843K(3624448K)->3339435K(3624448K)
[23.294s][info][gc,metaspace   ] GC(214) Metaspace: 6302K(6528K)->6302K(6528K) NonClass: 5769K(5888K)->5769K(5888K) Class: 533K(640K)->533K(640K)
[23.294s][info][gc             ] GC(214) Pause Young (Allocation Failure) 3293M->3293M(3741M) 49.743ms
[23.294s][info][gc,cpu         ] GC(214) User=0.12s Sys=0.02s Real=0.05s
[23.333s][info][gc,start       ] GC(215) Pause Young (Allocation Failure)
[23.387s][info][gc,heap        ] GC(215) PSYoungGen: 70336K(206336K)->37056K(74240K) Eden: 36864K(36864K)->0K(36864K) From: 33472K(169472K)->37056K(37376K)
[23.387s][info][gc,heap        ] GC(215) ParOldGen: 3339435K(3624448K)->3373035K(3624448K)
[23.387s][info][gc,metaspace   ] GC(215) Metaspace: 6302K(6528K)->6302K(6528K) NonClass: 5769K(5888K)->5769K(5888K) Class: 533K(640K)->533K(640K)
[23.387s][info][gc             ] GC(215) Pause Young (Allocation Failure) 3329M->3330M(3612M) 53.199ms
[23.387s][info][gc,cpu         ] GC(215) User=0.20s Sys=0.00s Real=0.05s
[23.424s][info][gc,start       ] GC(216) Pause Young (Allocation Failure)
[23.477s][info][gc,heap        ] GC(216) PSYoungGen: 73920K(74240K)->37056K(198144K) Eden: 36864K(36864K)->0K(41472K) From: 37056K(37376K)->37056K(156672K)
[23.477s][info][gc,heap        ] GC(216) ParOldGen: 3373035K(3624448K)->3410243K(3624448K)
[23.477s][info][gc,metaspace   ] GC(216) Metaspace: 6302K(6528K)->6302K(6528K) NonClass: 5769K(5888K)->5769K(5888K) Class: 533K(640K)->533K(640K)
[23.477s][info][gc             ] GC(216) Pause Young (Allocation Failure) 3366M->3366M(3733M) 52.275ms
[23.477s][info][gc,cpu         ] GC(216) User=0.16s Sys=0.00s Real=0.05s
[23.519s][info][gc,start       ] GC(217) Pause Young (Allocation Failure)
[23.573s][info][gc,heap        ] GC(217) PSYoungGen: 78528K(198144K)->41632K(83456K) Eden: 41472K(41472K)->0K(41472K) From: 37056K(156672K)->41632K(41984K)
[23.573s][info][gc,heap        ] GC(217) ParOldGen: 3410243K(3624448K)->3447419K(3624448K)
[23.573s][info][gc,metaspace   ] GC(217) Metaspace: 6302K(6528K)->6302K(6528K) NonClass: 5769K(5888K)->5769K(5888K) Class: 533K(640K)->533K(640K)
[23.573s][info][gc             ] GC(217) Pause Young (Allocation Failure) 3407M->3407M(3621M) 53.771ms
[23.573s][info][gc,cpu         ] GC(217) User=0.16s Sys=0.00s Real=0.05s
[23.612s][info][gc,start       ] GC(218) Pause Young (Allocation Failure)
[23.667s][info][gc,heap        ] GC(218) PSYoungGen: 83104K(83456K)->41632K(189952K) Eden: 41472K(41472K)->0K(46592K) From: 41632K(41984K)->41632K(143360K)
[23.667s][info][gc,heap        ] GC(218) ParOldGen: 3447419K(3624448K)->3489275K(3624448K)
[23.667s][info][gc,metaspace   ] GC(218) Metaspace: 6302K(6528K)->6302K(6528K) NonClass: 5769K(5888K)->5769K(5888K) Class: 533K(640K)->533K(640K)
[23.667s][info][gc             ] GC(218) Pause Young (Allocation Failure) 3447M->3448M(3725M) 55.063ms
[23.667s][info][gc,cpu         ] GC(218) User=0.20s Sys=0.06s Real=0.06s
[23.715s][info][gc,start       ] GC(219) Pause Young (Allocation Failure)
[23.772s][info][gc,heap        ] GC(219) PSYoungGen: 88224K(189952K)->46816K(93696K) Eden: 46592K(46592K)->0K(46592K) From: 41632K(143360K)->46816K(47104K)
[23.772s][info][gc,heap        ] GC(219) ParOldGen: 3489275K(3624448K)->3531115K(3624448K)
[23.772s][info][gc,metaspace   ] GC(219) Metaspace: 6302K(6528K)->6302K(6528K) NonClass: 5769K(5888K)->5769K(5888K) Class: 533K(640K)->533K(640K)
[23.772s][info][gc             ] GC(219) Pause Young (Allocation Failure) 3493M->3494M(3631M) 56.739ms
[23.772s][info][gc,cpu         ] GC(219) User=0.12s Sys=0.03s Real=0.06s
[23.826s][info][gc,start       ] GC(220) Pause Young (Allocation Failure)
[23.888s][info][gc,heap        ] GC(220) PSYoungGen: 93408K(93696K)->46784K(180224K) Eden: 46592K(46592K)->0K(52224K) From: 46816K(47104K)->46784K(128000K)
[23.888s][info][gc,heap        ] GC(220) ParOldGen: 3531115K(3624448K)->3578131K(3624448K)
[23.888s][info][gc,metaspace   ] GC(220) Metaspace: 6302K(6528K)->6302K(6528K) NonClass: 5769K(5888K)->5769K(5888K) Class: 533K(640K)->533K(640K)
[23.888s][info][gc             ] GC(220) Pause Young (Allocation Failure) 3539M->3539M(3715M) 62.001ms
[23.888s][info][gc,cpu         ] GC(220) User=0.25s Sys=0.02s Real=0.06s
[23.888s][info][gc,start       ] GC(221) Pause Full (Ergonomics)
[23.888s][info][gc,phases,start] GC(221) Marking Phase
[24.680s][info][gc,phases      ] GC(221) Marking Phase 792.362ms
[24.680s][info][gc,phases,start] GC(221) Summary Phase
[24.680s][info][gc,phases      ] GC(221) Summary Phase 0.089ms
[24.680s][info][gc,phases,start] GC(221) Adjust Roots
[24.681s][info][gc,phases      ] GC(221) Adjust Roots 0.162ms
[24.681s][info][gc,phases,start] GC(221) Compaction Phase
[25.034s][info][gc,phases      ] GC(221) Compaction Phase 353.204ms
[25.034s][info][gc,phases,start] GC(221) Post Compact
[25.041s][info][gc,phases      ] GC(221) Post Compact 6.707ms
[25.042s][info][gc,heap        ] GC(221) PSYoungGen: 46784K(180224K)->0K(187392K) Eden: 0K(52224K)->0K(52224K) From: 46784K(128000K)->0K(135168K)
[25.042s][info][gc,heap        ] GC(221) ParOldGen: 3578131K(3624448K)->3621703K(3983872K)
[25.042s][info][gc,metaspace   ] GC(221) Metaspace: 6302K(6528K)->6302K(6528K) NonClass: 5769K(5888K)->5769K(5888K) Class: 533K(640K)->533K(640K)
[25.042s][info][gc             ] GC(221) Pause Full (Ergonomics) 3539M->3536M(4073M) 1154.082ms
[25.042s][info][gc,cpu         ] GC(221) User=8.23s Sys=0.02s Real=1.15s
[25.099s][info][gc,start       ] GC(222) Pause Young (Allocation Failure)
[25.146s][info][gc,heap        ] GC(222) PSYoungGen: 52224K(187392K)->52448K(177152K) Eden: 52224K(52224K)->0K(57344K) From: 0K(135168K)->52448K(119808K)
[25.146s][info][gc,heap        ] GC(222) ParOldGen: 3621703K(3983872K)->3621703K(3983872K)
[25.146s][info][gc,metaspace   ] GC(222) Metaspace: 6302K(6528K)->6302K(6528K) NonClass: 5769K(5888K)->5769K(5888K) Class: 533K(640K)->533K(640K)
[25.146s][info][gc             ] GC(222) Pause Young (Allocation Failure) 3587M->3588M(4063M) 47.224ms
[25.146s][info][gc,cpu         ] GC(222) User=0.17s Sys=0.00s Real=0.05s
[25.204s][info][gc,start       ] GC(223) Pause Young (Allocation Failure)
[25.268s][info][gc,heap        ] GC(223) PSYoungGen: 109792K(177152K)->109888K(185344K) Eden: 57344K(57344K)->0K(57344K) From: 52448K(119808K)->109888K(128000K)
[25.268s][info][gc,heap        ] GC(223) ParOldGen: 3621703K(3983872K)->3621703K(3983872K)
[25.268s][info][gc,metaspace   ] GC(223) Metaspace: 6302K(6528K)->6302K(6528K) NonClass: 5769K(5888K)->5769K(5888K) Class: 533K(640K)->533K(640K)
[25.268s][info][gc             ] GC(223) Pause Young (Allocation Failure) 3644M->3644M(4071M) 64.360ms
[25.268s][info][gc,cpu         ] GC(223) User=0.25s Sys=0.02s Real=0.06s
[25.327s][info][gc,start       ] GC(224) Pause Young (Allocation Failure)
[25.412s][info][gc,heap        ] GC(224) PSYoungGen: 167232K(185344K)->140800K(172544K) Eden: 57344K(57344K)->0K(31744K) From: 109888K(128000K)->140800K(140800K)
[25.412s][info][gc,heap        ] GC(224) ParOldGen: 3621703K(3983872K)->3648295K(3983872K)
[25.412s][info][gc,metaspace   ] GC(224) Metaspace: 6302K(6528K)->6302K(6528K) NonClass: 5769K(5888K)->5769K(5888K) Class: 533K(640K)->533K(640K)
[25.412s][info][gc             ] GC(224) Pause Young (Allocation Failure) 3700M->3700M(4059M) 85.148ms
[25.412s][info][gc,cpu         ] GC(224) User=0.55s Sys=0.00s Real=0.08s
[25.444s][info][gc,start       ] GC(225) Pause Young (Allocation Failure)
[25.527s][info][gc,heap        ] GC(225) PSYoungGen: 172544K(172544K)->76736K(108544K) Eden: 31744K(31744K)->0K(31744K) From: 140800K(140800K)->76736K(76800K)
[25.528s][info][gc,heap        ] GC(225) ParOldGen: 3648295K(3983872K)->3744999K(3983872K)
[25.528s][info][gc,metaspace   ] GC(225) Metaspace: 6302K(6528K)->6302K(6528K) NonClass: 5769K(5888K)->5769K(5888K) Class: 533K(640K)->533K(640K)
[25.528s][info][gc             ] GC(225) Pause Young (Allocation Failure) 3731M->3732M(3996M) 83.979ms
[25.528s][info][gc,cpu         ] GC(225) User=0.59s Sys=0.05s Real=0.08s
[25.561s][info][gc,start       ] GC(226) Pause Young (Allocation Failure)
[25.624s][info][gc,heap        ] GC(226) PSYoungGen: 108480K(108544K)->63680K(183808K) Eden: 31744K(31744K)->0K(35840K) From: 76736K(76800K)->63680K(147968K)
[25.624s][info][gc,heap        ] GC(226) ParOldGen: 3744999K(3983872K)->3790127K(3983872K)
[25.624s][info][gc,metaspace   ] GC(226) Metaspace: 6302K(6528K)->6302K(6528K) NonClass: 5769K(5888K)->5769K(5888K) Class: 533K(640K)->533K(640K)
[25.624s][info][gc             ] GC(226) Pause Young (Allocation Failure) 3763M->3763M(4070M) 62.609ms
[25.624s][info][gc,cpu         ] GC(226) User=0.28s Sys=0.00s Real=0.06s
[25.663s][info][gc,start       ] GC(227) Pause Young (Allocation Failure)
[25.724s][info][gc,heap        ] GC(227) PSYoungGen: 99520K(183808K)->67808K(103936K) Eden: 35840K(35840K)->0K(35840K) From: 63680K(147968K)->67808K(68096K)
[25.725s][info][gc,heap        ] GC(227) ParOldGen: 3790127K(3983872K)->3822167K(3983872K)
[25.725s][info][gc,metaspace   ] GC(227) Metaspace: 6302K(6528K)->6302K(6528K) NonClass: 5769K(5888K)->5769K(5888K) Class: 533K(640K)->533K(640K)
[25.725s][info][gc             ] GC(227) Pause Young (Allocation Failure) 3798M->3798M(3992M) 61.163ms
[25.725s][info][gc,cpu         ] GC(227) User=0.19s Sys=0.02s Real=0.06s
[25.765s][info][gc,start       ] GC(228) Pause Young (Allocation Failure)
[25.828s][info][gc,heap        ] GC(228) PSYoungGen: 103648K(103936K)->71872K(174592K) Eden: 35840K(35840K)->0K(40448K) From: 67808K(68096K)->71872K(134144K)
[25.828s][info][gc,heap        ] GC(228) ParOldGen: 3822167K(3983872K)->3854191K(3983872K)
[25.828s][info][gc,metaspace   ] GC(228) Metaspace: 6302K(6528K)->6302K(6528K) NonClass: 5769K(5888K)->5769K(5888K) Class: 533K(640K)->533K(640K)
[25.828s][info][gc             ] GC(228) Pause Young (Allocation Failure) 3833M->3834M(4061M) 63.468ms
[25.828s][info][gc,cpu         ] GC(228) User=0.25s Sys=0.03s Real=0.06s
[25.870s][info][gc,start       ] GC(229) Pause Young (Allocation Failure)
[25.935s][info][gc,heap        ] GC(229) PSYoungGen: 112320K(174592K)->76512K(181760K) Eden: 40448K(40448K)->0K(40448K) From: 71872K(134144K)->76512K(141312K)
[25.935s][info][gc,heap        ] GC(229) ParOldGen: 3854191K(3983872K)->3890359K(3983872K)
[25.935s][info][gc,metaspace   ] GC(229) Metaspace: 6302K(6528K)->6302K(6528K) NonClass: 5769K(5888K)->5769K(5888K) Class: 533K(640K)->533K(640K)
[25.935s][info][gc             ] GC(229) Pause Young (Allocation Failure) 3873M->3873M(4068M) 65.069ms
[25.935s][info][gc,cpu         ] GC(229) User=0.27s Sys=0.03s Real=0.06s
[25.977s][info][gc,start       ] GC(230) Pause Young (Allocation Failure)
[26.044s][info][gc,heap        ] GC(230) PSYoungGen: 116960K(181760K)->81120K(175616K) Eden: 40448K(40448K)->0K(45568K) From: 76512K(141312K)->81120K(130048K)
[26.044s][info][gc,heap        ] GC(230) ParOldGen: 3890359K(3983872K)->3926519K(3983872K)
[26.044s][info][gc,metaspace   ] GC(230) Metaspace: 6302K(6528K)->6302K(6528K) NonClass: 5769K(5888K)->5769K(5888K) Class: 533K(640K)->533K(640K)
[26.044s][info][gc             ] GC(230) Pause Young (Allocation Failure) 3913M->3913M(4062M) 66.583ms
[26.044s][info][gc,cpu         ] GC(230) User=0.41s Sys=0.00s Real=0.07s
[26.044s][info][gc,start       ] GC(231) Pause Full (Ergonomics)
[26.044s][info][gc,phases,start] GC(231) Marking Phase
[26.946s][info][gc,phases      ] GC(231) Marking Phase 901.888ms
[26.946s][info][gc,phases,start] GC(231) Summary Phase
[26.946s][info][gc,phases      ] GC(231) Summary Phase 0.056ms
[26.946s][info][gc,phases,start] GC(231) Adjust Roots
[26.946s][info][gc,phases      ] GC(231) Adjust Roots 0.166ms
[26.946s][info][gc,phases,start] GC(231) Compaction Phase
[27.816s][info][gc,phases      ] GC(231) Compaction Phase 869.689ms
[27.816s][info][gc,phases,start] GC(231) Post Compact
[27.824s][info][gc,phases      ] GC(231) Post Compact 8.295ms
[27.825s][info][gc,heap        ] GC(231) PSYoungGen: 81120K(175616K)->20556K(178688K) Eden: 0K(45568K)->0K(48640K) From: 81120K(130048K)->20556K(130048K)
[27.825s][info][gc,heap        ] GC(231) ParOldGen: 3926519K(3983872K)->3983843K(4375040K)
[27.825s][info][gc,metaspace   ] GC(231) Metaspace: 6302K(6528K)->6302K(6528K) NonClass: 5769K(5888K)->5769K(5888K) Class: 533K(640K)->533K(640K)
[27.825s][info][gc             ] GC(231) Pause Full (Ergonomics) 3913M->3910M(4447M) 1781.603ms
[27.825s][info][gc,cpu         ] GC(231) User=12.44s Sys=0.08s Real=1.78s
[27.877s][info][gc,start       ] GC(232) Pause Young (Allocation Failure)
[28.080s][info][gc,heap        ] GC(232) PSYoungGen: 69196K(178688K)->53728K(181760K) Eden: 48640K(48640K)->0K(48640K) From: 20556K(130048K)->53728K(133120K)
[28.080s][info][gc,heap        ] GC(232) ParOldGen: 3983843K(4375040K)->3999731K(4375040K)
[28.080s][info][gc,metaspace   ] GC(232) Metaspace: 6302K(6528K)->6302K(6528K) NonClass: 5769K(5888K)->5769K(5888K) Class: 533K(640K)->533K(640K)
[28.080s][info][gc             ] GC(232) Pause Young (Allocation Failure) 3958M->3958M(4450M) 202.827ms
[28.080s][info][gc,cpu         ] GC(232) User=1.36s Sys=0.02s Real=0.20s
[28.139s][info][gc,start       ] GC(233) Pause Young (Allocation Failure)
[28.211s][info][gc,heap        ] GC(233) PSYoungGen: 102368K(181760K)->102432K(178176K) Eden: 48640K(48640K)->0K(47616K) From: 53728K(133120K)->102432K(130560K)
[28.211s][info][gc,heap        ] GC(233) ParOldGen: 3999731K(4375040K)->3999731K(4375040K)
[28.211s][info][gc,metaspace   ] GC(233) Metaspace: 6302K(6528K)->6302K(6528K) NonClass: 5769K(5888K)->5769K(5888K) Class: 533K(640K)->533K(640K)
[28.211s][info][gc             ] GC(233) Pause Young (Allocation Failure) 4005M->4006M(4446M) 72.003ms
[28.211s][info][gc,cpu         ] GC(233) User=0.28s Sys=0.00s Real=0.07s
[28.263s][info][gc,start       ] GC(234) Pause Young (Allocation Failure)
[28.343s][info][gc,heap        ] GC(234) PSYoungGen: 150048K(178176K)->136192K(183808K) Eden: 47616K(47616K)->0K(47616K) From: 102432K(130560K)->136192K(136192K)
[28.343s][info][gc,heap        ] GC(234) ParOldGen: 3999731K(4375040K)->4013643K(4375040K)
[28.343s][info][gc,metaspace   ] GC(234) Metaspace: 6302K(6528K)->6302K(6528K) NonClass: 5769K(5888K)->5769K(5888K) Class: 533K(640K)->533K(640K)
[28.343s][info][gc             ] GC(234) Pause Young (Allocation Failure) 4052M->4052M(4452M) 80.562ms
[28.343s][info][gc,cpu         ] GC(234) User=0.41s Sys=0.00s Real=0.08s
[28.389s][info][gc,start       ] GC(235) Pause Young (Allocation Failure)
[28.489s][info][gc,heap        ] GC(235) PSYoungGen: 183808K(183808K)->137440K(197632K) Eden: 47616K(47616K)->0K(39424K) From: 136192K(136192K)->137440K(158208K)
[28.489s][info][gc,heap        ] GC(235) ParOldGen: 4013643K(4375040K)->4060563K(4375040K)
[28.489s][info][gc,metaspace   ] GC(235) Metaspace: 6302K(6528K)->6302K(6528K) NonClass: 5769K(5888K)->5769K(5888K) Class: 533K(640K)->533K(640K)
[28.489s][info][gc             ] GC(235) Pause Young (Allocation Failure) 4099M->4099M(4465M) 100.187ms
[28.489s][info][gc,cpu         ] GC(235) User=0.52s Sys=0.00s Real=0.10s
[28.530s][info][gc,start       ] GC(236) Pause Young (Allocation Failure)
[28.618s][info][gc,heap        ] GC(236) PSYoungGen: 176864K(197632K)->134080K(210944K) Eden: 39424K(39424K)->0K(39424K) From: 137440K(158208K)->134080K(171520K)
[28.618s][info][gc,heap        ] GC(236) ParOldGen: 4060563K(4375040K)->4103771K(4375040K)
[28.618s][info][gc,metaspace   ] GC(236) Metaspace: 6302K(6528K)->6302K(6528K) NonClass: 5769K(5888K)->5769K(5888K) Class: 533K(640K)->533K(640K)
[28.618s][info][gc             ] GC(236) Pause Young (Allocation Failure) 4138M->4138M(4478M) 87.459ms
[28.618s][info][gc,cpu         ] GC(236) User=0.55s Sys=0.08s Real=0.09s
[28.662s][info][gc,start       ] GC(237) Pause Young (Allocation Failure)
[28.750s][info][gc,heap        ] GC(237) PSYoungGen: 173504K(210944K)->126784K(220672K) Eden: 39424K(39424K)->0K(40448K) From: 134080K(171520K)->126784K(180224K)
[28.750s][info][gc,heap        ] GC(237) ParOldGen: 4103771K(4375040K)->4150899K(4375040K)
[28.750s][info][gc,metaspace   ] GC(237) Metaspace: 6302K(6528K)->6302K(6528K) NonClass: 5769K(5888K)->5769K(5888K) Class: 533K(640K)->533K(640K)
[28.750s][info][gc             ] GC(237) Pause Young (Allocation Failure) 4177M->4177M(4488M) 87.621ms
[28.750s][info][gc,cpu         ] GC(237) User=0.61s Sys=0.03s Real=0.09s
[28.801s][info][gc,start       ] GC(238) Pause Young (Allocation Failure)
[28.890s][info][gc,heap        ] GC(238) PSYoungGen: 167232K(220672K)->119584K(224768K) Eden: 40448K(40448K)->0K(40448K) From: 126784K(180224K)->119584K(184320K)
[28.890s][info][gc,heap        ] GC(238) ParOldGen: 4150899K(4375040K)->4198939K(4375040K)
[28.890s][info][gc,metaspace   ] GC(238) Metaspace: 6302K(6528K)->6302K(6528K) NonClass: 5769K(5888K)->5769K(5888K) Class: 533K(640K)->533K(640K)
[28.890s][info][gc             ] GC(238) Pause Young (Allocation Failure) 4216M->4217M(4492M) 88.226ms
[28.890s][info][gc,cpu         ] GC(238) User=0.53s Sys=0.11s Real=0.09s
[28.941s][info][gc,start       ] GC(239) Pause Young (Allocation Failure)
[29.026s][info][gc,heap        ] GC(239) PSYoungGen: 160032K(224768K)->120608K(229888K) Eden: 40448K(40448K)->0K(45568K) From: 119584K(184320K)->120608K(184320K)
[29.026s][info][gc,heap        ] GC(239) ParOldGen: 4198939K(4375040K)->4238723K(4375040K)
[29.026s][info][gc,metaspace   ] GC(239) Metaspace: 6302K(6528K)->6302K(6528K) NonClass: 5769K(5888K)->5769K(5888K) Class: 533K(640K)->533K(640K)
[29.026s][info][gc             ] GC(239) Pause Young (Allocation Failure) 4256M->4257M(4497M) 84.688ms
[29.026s][info][gc,cpu         ] GC(239) User=0.45s Sys=0.06s Real=0.09s
[29.076s][info][gc,start       ] GC(240) Pause Young (Allocation Failure)
[29.163s][info][gc,heap        ] GC(240) PSYoungGen: 166176K(229888K)->126720K(229888K) Eden: 45568K(45568K)->0K(45568K) From: 120608K(184320K)->126720K(184320K)
[29.163s][info][gc,heap        ] GC(240) ParOldGen: 4238723K(4375040K)->4278507K(4375040K)
[29.163s][info][gc,metaspace   ] GC(240) Metaspace: 6302K(6528K)->6302K(6528K) NonClass: 5769K(5888K)->5769K(5888K) Class: 533K(640K)->533K(640K)
[29.163s][info][gc             ] GC(240) Pause Young (Allocation Failure) 4301M->4301M(4497M) 87.314ms
[29.163s][info][gc,cpu         ] GC(240) User=0.53s Sys=0.00s Real=0.09s
[29.211s][info][gc,start       ] GC(241) Pause Young (Allocation Failure)
[29.300s][info][gc,heap        ] GC(241) PSYoungGen: 172288K(229888K)->131968K(235008K) Eden: 45568K(45568K)->0K(49152K) From: 126720K(184320K)->131968K(185856K)
[29.300s][info][gc,heap        ] GC(241) ParOldGen: 4278507K(4375040K)->4319315K(4375040K)
[29.300s][info][gc,metaspace   ] GC(241) Metaspace: 6302K(6528K)->6302K(6528K) NonClass: 5769K(5888K)->5769K(5888K) Class: 533K(640K)->533K(640K)
[29.300s][info][gc             ] GC(241) Pause Young (Allocation Failure) 4346M->4346M(4502M) 89.828ms
[29.300s][info][gc,cpu         ] GC(241) User=0.73s Sys=0.02s Real=0.09s
[29.300s][info][gc,start       ] GC(242) Pause Full (Ergonomics)
[29.300s][info][gc,phases,start] GC(242) Marking Phase
[30.327s][info][gc,phases      ] GC(242) Marking Phase 1026.643ms
[30.327s][info][gc,phases,start] GC(242) Summary Phase
[30.327s][info][gc,phases      ] GC(242) Summary Phase 0.096ms
[30.327s][info][gc,phases,start] GC(242) Adjust Roots
[30.328s][info][gc,phases      ] GC(242) Adjust Roots 0.244ms
[30.328s][info][gc,phases,start] GC(242) Compaction Phase
[30.751s][info][gc,phases      ] GC(242) Compaction Phase 423.715ms
[30.751s][info][gc,phases,start] GC(242) Post Compact
[30.758s][info][gc,phases      ] GC(242) Post Compact 6.745ms
[30.760s][info][gc,heap        ] GC(242) PSYoungGen: 131968K(235008K)->72714K(235008K) Eden: 0K(49152K)->0K(49152K) From: 131968K(185856K)->72714K(185856K)
[30.760s][info][gc,heap        ] GC(242) ParOldGen: 4319315K(4375040K)->4374761K(4800512K)
[30.760s][info][gc,metaspace   ] GC(242) Metaspace: 6302K(6528K)->6302K(6528K) NonClass: 5769K(5888K)->5769K(5888K) Class: 533K(640K)->533K(640K)
[30.760s][info][gc             ] GC(242) Pause Full (Ergonomics) 4346M->4343M(4917M) 1459.277ms
[30.760s][info][gc,cpu         ] GC(242) User=10.67s Sys=0.05s Real=1.46s
[30.810s][info][gc,start       ] GC(243) Pause Young (Allocation Failure)
[31.078s][info][gc,heap        ] GC(243) PSYoungGen: 121866K(235008K)->79680K(237568K) Eden: 49152K(49152K)->0K(49152K) From: 72714K(185856K)->79680K(188416K)
[31.078s][info][gc,heap        ] GC(243) ParOldGen: 4374761K(4800512K)->4417673K(4800512K)
[31.078s][info][gc,metaspace   ] GC(243) Metaspace: 6302K(6528K)->6302K(6528K) NonClass: 5769K(5888K)->5769K(5888K) Class: 533K(640K)->533K(640K)
[31.078s][info][gc             ] GC(243) Pause Young (Allocation Failure) 4391M->4391M(4920M) 268.200ms
[31.078s][info][gc,cpu         ] GC(243) User=1.77s Sys=0.02s Real=0.27s
[31.137s][info][gc,start       ] GC(244) Pause Young (Allocation Failure)
[31.211s][info][gc,heap        ] GC(244) PSYoungGen: 128832K(237568K)->98592K(224768K) Eden: 49152K(49152K)->0K(54784K) From: 79680K(188416K)->98592K(169984K)
[31.211s][info][gc,heap        ] GC(244) ParOldGen: 4417673K(4800512K)->4448209K(4800512K)
[31.211s][info][gc,metaspace   ] GC(244) Metaspace: 6302K(6528K)->6302K(6528K) NonClass: 5769K(5888K)->5769K(5888K) Class: 533K(640K)->533K(640K)
[31.211s][info][gc             ] GC(244) Pause Young (Allocation Failure) 4439M->4440M(4907M) 74.373ms
[31.211s][info][gc,cpu         ] GC(244) User=0.48s Sys=0.02s Real=0.07s
[31.279s][info][gc,start       ] GC(245) Pause Young (Allocation Failure)
[31.364s][info][gc,heap        ] GC(245) PSYoungGen: 153376K(224768K)->104192K(159232K) Eden: 54784K(54784K)->0K(54784K) From: 98592K(169984K)->104192K(104448K)
[31.364s][info][gc,heap        ] GC(245) ParOldGen: 4448209K(4800512K)->4497801K(4800512K)
[31.364s][info][gc,metaspace   ] GC(245) Metaspace: 6302K(6528K)->6302K(6528K) NonClass: 5769K(5888K)->5769K(5888K) Class: 533K(640K)->533K(640K)
[31.364s][info][gc             ] GC(245) Pause Young (Allocation Failure) 4493M->4494M(4843M) 84.830ms
[31.364s][info][gc,cpu         ] GC(245) User=0.53s Sys=0.00s Real=0.08s
[31.429s][info][gc,start       ] GC(246) Pause Young (Allocation Failure)
[31.516s][info][gc,heap        ] GC(246) PSYoungGen: 158976K(159232K)->109856K(223232K) Eden: 54784K(54784K)->0K(60928K) From: 104192K(104448K)->109856K(162304K)
[31.516s][info][gc,heap        ] GC(246) ParOldGen: 4497801K(4800512K)->4547385K(4800512K)
[31.516s][info][gc,metaspace   ] GC(246) Metaspace: 6302K(6528K)->6302K(6528K) NonClass: 5769K(5888K)->5769K(5888K) Class: 533K(640K)->533K(640K)
[31.516s][info][gc             ] GC(246) Pause Young (Allocation Failure) 4547M->4548M(4906M) 87.068ms
[31.516s][info][gc,cpu         ] GC(246) User=0.62s Sys=0.02s Real=0.09s
[31.583s][info][gc,start       ] GC(247) Pause Young (Allocation Failure)
[31.676s][info][gc,heap        ] GC(247) PSYoungGen: 170784K(223232K)->116000K(227328K) Eden: 60928K(60928K)->0K(60928K) From: 109856K(162304K)->116000K(166400K)
[31.676s][info][gc,heap        ] GC(247) ParOldGen: 4547385K(4800512K)->4602665K(4800512K)
[31.676s][info][gc,metaspace   ] GC(247) Metaspace: 6302K(6528K)->6302K(6528K) NonClass: 5769K(5888K)->5769K(5888K) Class: 533K(640K)->533K(640K)
[31.676s][info][gc             ] GC(247) Pause Young (Allocation Failure) 4607M->4608M(4910M) 93.054ms
[31.676s][info][gc,cpu         ] GC(247) User=0.64s Sys=0.00s Real=0.09s
[31.750s][info][gc,start       ] GC(248) Pause Young (Allocation Failure)
[31.845s][info][gc,heap        ] GC(248) PSYoungGen: 176928K(227328K)->122144K(232448K) Eden: 60928K(60928K)->0K(67584K) From: 116000K(166400K)->122144K(164864K)
[31.845s][info][gc,heap        ] GC(248) ParOldGen: 4602665K(4800512K)->4657953K(4800512K)
[31.845s][info][gc,metaspace   ] GC(248) Metaspace: 6302K(6528K)->6302K(6528K) NonClass: 5769K(5888K)->5769K(5888K) Class: 533K(640K)->533K(640K)
[31.845s][info][gc             ] GC(248) Pause Young (Allocation Failure) 4667M->4668M(4915M) 95.274ms
[31.845s][info][gc,cpu         ] GC(248) User=0.61s Sys=0.03s Real=0.10s
[31.924s][info][gc,start       ] GC(249) Pause Young (Allocation Failure)
[32.030s][info][gc,heap        ] GC(249) PSYoungGen: 189728K(232448K)->128832K(232960K) Eden: 67584K(67584K)->0K(67584K) From: 122144K(164864K)->128832K(165376K)
[32.030s][info][gc,heap        ] GC(249) ParOldGen: 4657953K(4800512K)->4719425K(4800512K)
[32.030s][info][gc,metaspace   ] GC(249) Metaspace: 6302K(6528K)->6302K(6528K) NonClass: 5769K(5888K)->5769K(5888K) Class: 533K(640K)->533K(640K)
[32.030s][info][gc             ] GC(249) Pause Young (Allocation Failure) 4734M->4734M(4915M) 106.046ms
[32.030s][info][gc,cpu         ] GC(249) User=0.72s Sys=0.03s Real=0.11s
[32.100s][info][gc,start       ] GC(250) Pause Young (Allocation Failure)
[32.205s][info][gc,heap        ] GC(250) PSYoungGen: 196416K(232960K)->135520K(239104K) Eden: 67584K(67584K)->0K(71680K) From: 128832K(165376K)->135520K(167424K)
[32.205s][info][gc,heap        ] GC(250) ParOldGen: 4719425K(4800512K)->4780889K(4800512K)
[32.205s][info][gc,metaspace   ] GC(250) Metaspace: 6302K(6528K)->6302K(6528K) NonClass: 5769K(5888K)->5769K(5888K) Class: 533K(640K)->533K(640K)
[32.205s][info][gc             ] GC(250) Pause Young (Allocation Failure) 4800M->4801M(4921M) 104.728ms
[32.205s][info][gc,cpu         ] GC(250) User=0.81s Sys=0.06s Real=0.10s
[32.205s][info][gc,start       ] GC(251) Pause Full (Ergonomics)
[32.205s][info][gc,phases,start] GC(251) Marking Phase
[33.338s][info][gc,phases      ] GC(251) Marking Phase 1133.274ms
[33.339s][info][gc,phases,start] GC(251) Summary Phase
[33.339s][info][gc,phases      ] GC(251) Summary Phase 0.054ms
[33.339s][info][gc,phases,start] GC(251) Adjust Roots
[33.339s][info][gc,phases      ] GC(251) Adjust Roots 0.162ms
[33.339s][info][gc,phases,start] GC(251) Compaction Phase
[33.786s][info][gc,phases      ] GC(251) Compaction Phase 447.248ms
[33.786s][info][gc,phases,start] GC(251) Post Compact
[33.794s][info][gc,phases      ] GC(251) Post Compact 7.639ms
[33.795s][info][gc,heap        ] GC(251) PSYoungGen: 135520K(239104K)->112107K(239104K) Eden: 0K(71680K)->0K(71680K) From: 135520K(167424K)->112107K(167424K)
[33.795s][info][gc,heap        ] GC(251) ParOldGen: 4780889K(4800512K)->4800010K(5278208K)
[33.795s][info][gc,metaspace   ] GC(251) Metaspace: 6302K(6528K)->6302K(6528K) NonClass: 5769K(5888K)->5769K(5888K) Class: 533K(640K)->533K(640K)
[33.795s][info][gc             ] GC(251) Pause Full (Ergonomics) 4801M->4796M(5388M) 1590.311ms
[33.796s][info][gc,cpu         ] GC(251) User=11.84s Sys=0.02s Real=1.59s
[33.871s][info][gc,start       ] GC(252) Pause Young (Allocation Failure)
[34.194s][info][gc,heap        ] GC(252) PSYoungGen: 183787K(239104K)->128128K(243200K) Eden: 71680K(71680K)->0K(71680K) From: 112107K(167424K)->128128K(171520K)
[34.194s][info][gc,heap        ] GC(252) ParOldGen: 4800010K(5278208K)->4856594K(5278208K)
[34.194s][info][gc,metaspace   ] GC(252) Metaspace: 6302K(6528K)->6302K(6528K) NonClass: 5769K(5888K)->5769K(5888K) Class: 533K(640K)->533K(640K)
[34.194s][info][gc             ] GC(252) Pause Young (Allocation Failure) 4866M->4867M(5392M) 322.380ms
[34.194s][info][gc,cpu         ] GC(252) User=2.16s Sys=0.02s Real=0.32s
[34.278s][info][gc,start       ] GC(253) Pause Young (Allocation Failure)
[34.393s][info][gc,heap        ] GC(253) PSYoungGen: 199808K(243200K)->172032K(224768K) Eden: 71680K(71680K)->0K(52736K) From: 128128K(171520K)->172032K(172032K)
[34.394s][info][gc,heap        ] GC(253) ParOldGen: 4856594K(5278208K)->4884634K(5278208K)
[34.394s][info][gc,metaspace   ] GC(253) Metaspace: 6302K(6528K)->6302K(6528K) NonClass: 5769K(5888K)->5769K(5888K) Class: 533K(640K)->533K(640K)
[34.394s][info][gc             ] GC(253) Pause Young (Allocation Failure) 4937M->4938M(5374M) 115.886ms
[34.394s][info][gc,cpu         ] GC(253) User=0.75s Sys=0.02s Real=0.12s
[34.451s][info][gc,start       ] GC(254) Pause Young (Allocation Failure)
[34.583s][info][gc,heap        ] GC(254) PSYoungGen: 224768K(224768K)->114880K(167936K) Eden: 52736K(52736K)->0K(52736K) From: 172032K(172032K)->114880K(115200K)
[34.583s][info][gc,heap        ] GC(254) ParOldGen: 4884634K(5278208K)->4995498K(5278208K)
[34.583s][info][gc,metaspace   ] GC(254) Metaspace: 6302K(6528K)->6302K(6528K) NonClass: 5769K(5888K)->5769K(5888K) Class: 533K(640K)->533K(640K)
[34.583s][info][gc             ] GC(254) Pause Young (Allocation Failure) 4989M->4990M(5318M) 131.994ms
[34.583s][info][gc,cpu         ] GC(254) User=0.88s Sys=0.02s Real=0.13s
[34.639s][info][gc,start       ] GC(255) Pause Young (Allocation Failure)
[34.734s][info][gc,heap        ] GC(255) PSYoungGen: 167616K(167936K)->105792K(242176K) Eden: 52736K(52736K)->0K(58880K) From: 114880K(115200K)->105792K(183296K)
[34.734s][info][gc,heap        ] GC(255) ParOldGen: 4995498K(5278208K)->5057922K(5278208K)
[34.734s][info][gc,metaspace   ] GC(255) Metaspace: 6302K(6528K)->6302K(6528K) NonClass: 5769K(5888K)->5769K(5888K) Class: 533K(640K)->533K(640K)
[34.734s][info][gc             ] GC(255) Pause Young (Allocation Failure) 5042M->5042M(5391M) 95.333ms
[34.734s][info][gc,cpu         ] GC(255) User=0.61s Sys=0.02s Real=0.10s
[34.804s][info][gc,start       ] GC(256) Pause Young (Allocation Failure)
[34.895s][info][gc,heap        ] GC(256) PSYoungGen: 164672K(242176K)->111936K(246272K) Eden: 58880K(58880K)->0K(58880K) From: 105792K(183296K)->111936K(187392K)
[34.895s][info][gc,heap        ] GC(256) ParOldGen: 5057922K(5278208K)->5111130K(5278208K)
[34.895s][info][gc,metaspace   ] GC(256) Metaspace: 6302K(6528K)->6302K(6528K) NonClass: 5769K(5888K)->5769K(5888K) Class: 533K(640K)->533K(640K)
[34.895s][info][gc             ] GC(256) Pause Young (Allocation Failure) 5100M->5100M(5395M) 90.845ms
[34.895s][info][gc,cpu         ] GC(256) User=0.67s Sys=0.05s Real=0.09s
[34.967s][info][gc,start       ] GC(257) Pause Young (Allocation Failure)
[35.064s][info][gc,heap        ] GC(257) PSYoungGen: 170816K(246272K)->118080K(235520K) Eden: 58880K(58880K)->0K(66048K) From: 111936K(187392K)->118080K(169472K)
[35.064s][info][gc,heap        ] GC(257) ParOldGen: 5111130K(5278208K)->5164338K(5278208K)
[35.064s][info][gc,metaspace   ] GC(257) Metaspace: 6302K(6528K)->6302K(6528K) NonClass: 5769K(5888K)->5769K(5888K) Class: 533K(640K)->533K(640K)
[35.064s][info][gc             ] GC(257) Pause Young (Allocation Failure) 5158M->5158M(5384M) 97.197ms
[35.064s][info][gc,cpu         ] GC(257) User=0.61s Sys=0.03s Real=0.10s
[35.139s][info][gc,start       ] GC(258) Pause Young (Allocation Failure)
[35.240s][info][gc,heap        ] GC(258) PSYoungGen: 184128K(235520K)->125280K(241664K) Eden: 66048K(66048K)->0K(66048K) From: 118080K(169472K)->125280K(175616K)
[35.240s][info][gc,heap        ] GC(258) ParOldGen: 5164338K(5278208K)->5223754K(5278208K)
[35.240s][info][gc,metaspace   ] GC(258) Metaspace: 6302K(6528K)->6302K(6528K) NonClass: 5769K(5888K)->5769K(5888K) Class: 533K(640K)->533K(640K)
[35.240s][info][gc             ] GC(258) Pause Young (Allocation Failure) 5223M->5223M(5390M) 101.072ms
[35.240s][info][gc,cpu         ] GC(258) User=0.62s Sys=0.03s Real=0.10s
[35.240s][info][gc,start       ] GC(259) Pause Full (Ergonomics)
[35.240s][info][gc,phases,start] GC(259) Marking Phase
[36.484s][info][gc,phases      ] GC(259) Marking Phase 1244.793ms
[36.485s][info][gc,phases,start] GC(259) Summary Phase
[36.485s][info][gc,phases      ] GC(259) Summary Phase 0.067ms
[36.485s][info][gc,phases,start] GC(259) Adjust Roots
[36.485s][info][gc,phases      ] GC(259) Adjust Roots 0.192ms
[36.485s][info][gc,phases,start] GC(259) Compaction Phase
[36.950s][info][gc,phases      ] GC(259) Compaction Phase 464.811ms
[36.950s][info][gc,phases,start] GC(259) Post Compact
[36.959s][info][gc,phases      ] GC(259) Post Compact 9.284ms
[36.961s][info][gc,heap        ] GC(259) PSYoungGen: 125280K(241664K)->66599K(241664K) Eden: 0K(66048K)->0K(66048K) From: 125280K(175616K)->66599K(175616K)
[36.961s][info][gc,heap        ] GC(259) ParOldGen: 5223754K(5278208K)->5277940K(5809664K)
[36.961s][info][gc,metaspace   ] GC(259) Metaspace: 6302K(6528K)->6302K(6528K) NonClass: 5769K(5888K)->5769K(5888K) Class: 533K(640K)->533K(640K)
[36.961s][info][gc             ] GC(259) Pause Full (Ergonomics) 5223M->5219M(5909M) 1721.245ms
[36.961s][info][gc,cpu         ] GC(259) User=12.88s Sys=0.05s Real=1.72s
[37.034s][info][gc,start       ] GC(260) Pause Young (Allocation Failure)
[37.357s][info][gc,heap        ] GC(260) PSYoungGen: 132647K(241664K)->101312K(239104K) Eden: 66048K(66048K)->0K(72704K) From: 66599K(175616K)->101312K(166400K)
[37.357s][info][gc,heap        ] GC(260) ParOldGen: 5277940K(5809664K)->5309884K(5809664K)
[37.357s][info][gc,metaspace   ] GC(260) Metaspace: 6302K(6528K)->6302K(6528K) NonClass: 5769K(5888K)->5769K(5888K) Class: 533K(640K)->533K(640K)
[37.357s][info][gc             ] GC(260) Pause Young (Allocation Failure) 5283M->5284M(5907M) 323.820ms
[37.357s][info][gc,cpu         ] GC(260) User=2.12s Sys=0.02s Real=0.32s
[37.450s][info][gc,start       ] GC(261) Pause Young (Allocation Failure)
[37.550s][info][gc,heap        ] GC(261) PSYoungGen: 174016K(239104K)->169984K(242688K) Eden: 72704K(72704K)->0K(72704K) From: 101312K(166400K)->169984K(169984K)
[37.550s][info][gc,heap        ] GC(261) ParOldGen: 5309884K(5809664K)->5314004K(5809664K)
[37.550s][info][gc,metaspace   ] GC(261) Metaspace: 6302K(6528K)->6302K(6528K) NonClass: 5769K(5888K)->5769K(5888K) Class: 533K(640K)->533K(640K)
[37.550s][info][gc             ] GC(261) Pause Young (Allocation Failure) 5355M->5355M(5910M) 99.802ms
[37.550s][info][gc,cpu         ] GC(261) User=0.64s Sys=0.00s Real=0.10s
[37.633s][info][gc,start       ] GC(262) Pause Young (Allocation Failure)
[37.776s][info][gc,heap        ] GC(262) PSYoungGen: 242688K(242688K)->144160K(264192K) Eden: 72704K(72704K)->0K(78336K) From: 169984K(169984K)->144160K(185856K)
[37.776s][info][gc,heap        ] GC(262) ParOldGen: 5314004K(5809664K)->5413420K(5809664K)
[37.776s][info][gc,metaspace   ] GC(262) Metaspace: 6302K(6528K)->6302K(6528K) NonClass: 5769K(5888K)->5769K(5888K) Class: 533K(640K)->533K(640K)
[37.776s][info][gc             ] GC(262) Pause Young (Allocation Failure) 5426M->5427M(5931M) 143.078ms
[37.776s][info][gc,cpu         ] GC(262) User=1.06s Sys=0.06s Real=0.14s
[37.868s][info][gc,start       ] GC(263) Pause Young (Allocation Failure)
[37.999s][info][gc,heap        ] GC(263) PSYoungGen: 222496K(264192K)->151392K(265728K) Eden: 78336K(78336K)->0K(78336K) From: 144160K(185856K)->151392K(187392K)
[37.999s][info][gc,heap        ] GC(263) ParOldGen: 5413420K(5809664K)->5485204K(5809664K)
[37.999s][info][gc,metaspace   ] GC(263) Metaspace: 6302K(6528K)->6302K(6528K) NonClass: 5769K(5888K)->5769K(5888K) Class: 533K(640K)->533K(640K)
[37.999s][info][gc             ] GC(263) Pause Young (Allocation Failure) 5503M->5504M(5933M) 130.935ms
[37.999s][info][gc,cpu         ] GC(263) User=0.84s Sys=0.02s Real=0.13s
[38.104s][info][gc,start       ] GC(264) Pause Young (Allocation Failure)
[38.237s][info][gc,heap        ] GC(264) PSYoungGen: 229728K(265728K)->157056K(273408K) Eden: 78336K(78336K)->0K(82432K) From: 151392K(187392K)->157056K(190976K)
[38.238s][info][gc,heap        ] GC(264) ParOldGen: 5485204K(5809664K)->5558564K(5809664K)
[38.238s][info][gc,metaspace   ] GC(264) Metaspace: 6302K(6528K)->6302K(6528K) NonClass: 5769K(5888K)->5769K(5888K) Class: 533K(640K)->533K(640K)
[38.238s][info][gc             ] GC(264) Pause Young (Allocation Failure) 5580M->5581M(5940M) 133.942ms
[38.238s][info][gc,cpu         ] GC(264) User=0.86s Sys=0.03s Real=0.13s
[39.396s][info][gc,start       ] GC(265) Pause Young (Allocation Failure)
[39.646s][info][gc,heap        ] GC(265) PSYoungGen: 239488K(273408K)->161184K(278016K) Eden: 82432K(82432K)->0K(82432K) From: 157056K(190976K)->161184K(195584K)
[39.646s][info][gc,heap        ] GC(265) ParOldGen: 5820708K(6072320K)->5899764K(6072320K)
[39.646s][info][gc,metaspace   ] GC(265) Metaspace: 6302K(6528K)->6302K(6528K) NonClass: 5769K(5888K)->5769K(5888K) Class: 533K(640K)->533K(640K)
[39.647s][info][gc             ] GC(265) Pause Young (Allocation Failure) 5918M->5918M(6201M) 250.941ms
[39.647s][info][gc,cpu         ] GC(265) User=1.77s Sys=0.02s Real=0.25s
[39.752s][info][gc,start       ] GC(266) Pause Young (Allocation Failure)
[39.892s][info][gc,heap        ] GC(266) PSYoungGen: 243616K(278016K)->200192K(256000K) Eden: 82432K(82432K)->0K(55808K) From: 161184K(195584K)->200192K(200192K)
[39.892s][info][gc,heap        ] GC(266) ParOldGen: 5899764K(6072320K)->5943524K(6072320K)
[39.892s][info][gc,metaspace   ] GC(266) Metaspace: 6302K(6528K)->6302K(6528K) NonClass: 5769K(5888K)->5769K(5888K) Class: 533K(640K)->533K(640K)
[39.892s][info][gc             ] GC(266) Pause Young (Allocation Failure) 5999M->5999M(6180M) 139.881ms
[39.892s][info][gc,cpu         ] GC(266) User=0.61s Sys=0.00s Real=0.14s
[39.954s][info][gc,start       ] GC(267) Pause Young (Allocation Failure)
[40.099s][info][gc,heap        ] GC(267) PSYoungGen: 256000K(256000K)->136736K(193024K) Eden: 55808K(55808K)->0K(55808K) From: 200192K(200192K)->136736K(137216K)
[40.099s][info][gc,heap        ] GC(267) ParOldGen: 5943524K(6072320K)->6063876K(6072320K)
[40.099s][info][gc,metaspace   ] GC(267) Metaspace: 6302K(6528K)->6302K(6528K) NonClass: 5769K(5888K)->5769K(5888K) Class: 533K(640K)->533K(640K)
[40.099s][info][gc             ] GC(267) Pause Young (Allocation Failure) 6054M->6055M(6118M) 144.632ms
[40.099s][info][gc,cpu         ] GC(267) User=0.67s Sys=0.05s Real=0.14s
[40.099s][info][gc,start       ] GC(268) Pause Full (Ergonomics)
[40.099s][info][gc,phases,start] GC(268) Marking Phase
[41.450s][info][gc,phases      ] GC(268) Marking Phase 1351.397ms
[41.450s][info][gc,phases,start] GC(268) Summary Phase
[41.450s][info][gc,phases      ] GC(268) Summary Phase 0.102ms
[41.450s][info][gc,phases,start] GC(268) Adjust Roots
[41.451s][info][gc,phases      ] GC(268) Adjust Roots 0.178ms
[41.451s][info][gc,phases,start] GC(268) Compaction Phase
[42.423s][info][gc,phases      ] GC(268) Compaction Phase 972.397ms
[42.423s][info][gc,phases,start] GC(268) Post Compact
[42.433s][info][gc,phases      ] GC(268) Post Compact 10.318ms
[42.436s][info][gc,heap        ] GC(268) PSYoungGen: 136736K(193024K)->0K(288768K) Eden: 0K(55808K)->0K(61952K) From: 136736K(137216K)->0K(226816K)
[42.436s][info][gc,heap        ] GC(268) ParOldGen: 6063876K(6072320K)->6064162K(6680576K)
[42.436s][info][gc,metaspace   ] GC(268) Metaspace: 6302K(6528K)->6302K(6528K) NonClass: 5769K(5888K)->5769K(5888K) Class: 533K(640K)->533K(640K)
[42.436s][info][gc             ] GC(268) Pause Full (Ergonomics) 6055M->5922M(6806M) 2336.918ms
[42.436s][info][gc,cpu         ] GC(268) User=16.22s Sys=0.05s Real=2.34s
[42.499s][info][gc,start       ] GC(269) Pause Young (Allocation Failure)
[42.576s][info][gc,heap        ] GC(269) PSYoungGen: 61952K(288768K)->62176K(288768K) Eden: 61952K(61952K)->0K(61952K) From: 0K(226816K)->62176K(226816K)
[42.576s][info][gc,heap        ] GC(269) ParOldGen: 6064162K(6680576K)->6064162K(6680576K)
[42.576s][info][gc,metaspace   ] GC(269) Metaspace: 6302K(6528K)->6302K(6528K) NonClass: 5769K(5888K)->5769K(5888K) Class: 533K(640K)->533K(640K)
[42.576s][info][gc             ] GC(269) Pause Young (Allocation Failure) 5982M->5982M(6806M) 76.912ms
[42.576s][info][gc,cpu         ] GC(269) User=0.17s Sys=0.00s Real=0.08s
[42.639s][info][gc,start       ] GC(270) Pause Young (Allocation Failure)
[42.740s][info][gc,heap        ] GC(270) PSYoungGen: 124128K(288768K)->124224K(285184K) Eden: 61952K(61952K)->0K(68096K) From: 62176K(226816K)->124224K(217088K)
[42.740s][info][gc,heap        ] GC(270) ParOldGen: 6064162K(6680576K)->6064162K(6680576K)
[42.740s][info][gc,metaspace   ] GC(270) Metaspace: 6302K(6528K)->6302K(6528K) NonClass: 5769K(5888K)->5769K(5888K) Class: 533K(640K)->533K(640K)
[42.740s][info][gc             ] GC(270) Pause Young (Allocation Failure) 6043M->6043M(6802M) 100.891ms
[42.740s][info][gc,cpu         ] GC(270) User=0.23s Sys=0.00s Real=0.10s
[42.816s][info][gc,start       ] GC(271) Pause Young (Allocation Failure)
[42.935s][info][gc,heap        ] GC(271) PSYoungGen: 192320K(285184K)->192480K(292864K) Eden: 68096K(68096K)->0K(68096K) From: 124224K(217088K)->192480K(224768K)
[42.935s][info][gc,heap        ] GC(271) ParOldGen: 6064162K(6680576K)->6064162K(6680576K)
[42.935s][info][gc,metaspace   ] GC(271) Metaspace: 6302K(6528K)->6302K(6528K) NonClass: 5769K(5888K)->5769K(5888K) Class: 533K(640K)->533K(640K)
[42.935s][info][gc             ] GC(271) Pause Young (Allocation Failure) 6109M->6110M(6810M) 119.578ms
[42.935s][info][gc,cpu         ] GC(271) User=0.34s Sys=0.00s Real=0.12s
[43.006s][info][gc,start       ] GC(272) Pause Young (Allocation Failure)
[43.140s][info][gc,heap        ] GC(272) PSYoungGen: 260576K(292864K)->237056K(277504K) Eden: 68096K(68096K)->0K(40448K) From: 192480K(224768K)->237056K(237056K)
[43.140s][info][gc,heap        ] GC(272) ParOldGen: 6064162K(6680576K)->6087850K(6680576K)
[43.140s][info][gc,metaspace   ] GC(272) Metaspace: 6302K(6528K)->6302K(6528K) NonClass: 5769K(5888K)->5769K(5888K) Class: 533K(640K)->533K(640K)
[43.140s][info][gc             ] GC(272) Pause Young (Allocation Failure) 6176M->6176M(6795M) 134.101ms
[43.140s][info][gc,cpu         ] GC(272) User=0.53s Sys=0.02s Real=0.13s
[43.184s][info][gc,start       ] GC(273) Pause Young (Allocation Failure)
[43.322s][info][gc,heap        ] GC(273) PSYoungGen: 277504K(277504K)->168544K(209408K) Eden: 40448K(40448K)->0K(40448K) From: 237056K(237056K)->168544K(168960K)
[43.322s][info][gc,heap        ] GC(273) ParOldGen: 6087850K(6680576K)->6197770K(6680576K)
[43.322s][info][gc,metaspace   ] GC(273) Metaspace: 6302K(6528K)->6302K(6528K) NonClass: 5769K(5888K)->5769K(5888K) Class: 533K(640K)->533K(640K)
[43.322s][info][gc             ] GC(273) Pause Young (Allocation Failure) 6216M->6217M(6728M) 138.452ms
[43.322s][info][gc,cpu         ] GC(273) User=0.70s Sys=0.11s Real=0.14s
[43.365s][info][gc,start       ] GC(274) Pause Young (Allocation Failure)
[43.494s][info][gc,heap        ] GC(274) PSYoungGen: 208992K(209408K)->81152K(310784K) Eden: 40448K(40448K)->0K(44544K) From: 168544K(168960K)->81152K(266240K)
[43.494s][info][gc,heap        ] GC(274) ParOldGen: 6197770K(6680576K)->6326570K(6680576K)
[43.494s][info][gc,metaspace   ] GC(274) Metaspace: 6302K(6528K)->6302K(6528K) NonClass: 5769K(5888K)->5769K(5888K) Class: 533K(640K)->533K(640K)
[43.494s][info][gc             ] GC(274) Pause Young (Allocation Failure) 6256M->6257M(6827M) 128.578ms
[43.494s][info][gc,cpu         ] GC(274) User=0.52s Sys=0.09s Real=0.13s
[43.540s][info][gc,start       ] GC(275) Pause Young (Allocation Failure)
[43.638s][info][gc,heap        ] GC(275) PSYoungGen: 125696K(310784K)->44736K(311808K) Eden: 44544K(44544K)->0K(44544K) From: 81152K(266240K)->44736K(267264K)
[43.638s][info][gc,heap        ] GC(275) ParOldGen: 6326570K(6680576K)->6408162K(6680576K)
[43.638s][info][gc,metaspace   ] GC(275) Metaspace: 6302K(6528K)->6302K(6528K) NonClass: 5769K(5888K)->5769K(5888K) Class: 533K(640K)->533K(640K)
[43.638s][info][gc             ] GC(275) Pause Young (Allocation Failure) 6301M->6301M(6828M) 98.197ms
[43.638s][info][gc,cpu         ] GC(275) User=0.31s Sys=0.00s Real=0.10s
[43.687s][info][gc,start       ] GC(276) Pause Young (Allocation Failure)
[43.774s][info][gc,heap        ] GC(276) PSYoungGen: 89280K(311808K)->44736K(321024K) Eden: 44544K(44544K)->0K(48640K) From: 44736K(267264K)->44736K(272384K)
[43.774s][info][gc,heap        ] GC(276) ParOldGen: 6408162K(6680576K)->6453098K(6680576K)
[43.774s][info][gc,metaspace   ] GC(276) Metaspace: 6302K(6528K)->6302K(6528K) NonClass: 5769K(5888K)->5769K(5888K) Class: 533K(640K)->533K(640K)
[43.774s][info][gc             ] GC(276) Pause Young (Allocation Failure) 6345M->6345M(6837M) 87.538ms
[43.774s][info][gc,cpu         ] GC(276) User=0.19s Sys=0.00s Real=0.09s
[43.832s][info][gc,start       ] GC(277) Pause Young (Allocation Failure)
[43.924s][info][gc,heap        ] GC(277) PSYoungGen: 93376K(321024K)->48832K(323072K) Eden: 48640K(48640K)->0K(48640K) From: 44736K(272384K)->48832K(274432K)
[43.924s][info][gc,heap        ] GC(277) ParOldGen: 6453098K(6680576K)->6498050K(6680576K)
[43.924s][info][gc,metaspace   ] GC(277) Metaspace: 6302K(6528K)->6302K(6528K) NonClass: 5769K(5888K)->5769K(5888K) Class: 533K(640K)->533K(640K)
[43.924s][info][gc             ] GC(277) Pause Young (Allocation Failure) 6393M->6393M(6839M) 91.882ms
[43.924s][info][gc,cpu         ] GC(277) User=0.23s Sys=0.00s Real=0.09s
[43.974s][info][gc,start       ] GC(278) Pause Young (Allocation Failure)
[44.059s][info][gc,heap        ] GC(278) PSYoungGen: 97472K(323072K)->48800K(321536K) Eden: 48640K(48640K)->0K(55296K) From: 48832K(274432K)->48800K(266240K)
[44.059s][info][gc,heap        ] GC(278) ParOldGen: 6498050K(6680576K)->6547122K(6680576K)
[44.059s][info][gc,metaspace   ] GC(278) Metaspace: 6302K(6528K)->6302K(6528K) NonClass: 5769K(5888K)->5769K(5888K) Class: 533K(640K)->533K(640K)
[44.059s][info][gc             ] GC(278) Pause Young (Allocation Failure) 6440M->6441M(6838M) 85.491ms
[44.059s][info][gc,cpu         ] GC(278) User=0.28s Sys=0.03s Real=0.09s
[44.117s][info][gc,start       ] GC(279) Pause Young (Allocation Failure)
[44.212s][info][gc,heap        ] GC(279) PSYoungGen: 104096K(321536K)->55488K(325120K) Eden: 55296K(55296K)->0K(55296K) From: 48800K(266240K)->55488K(269824K)
[44.212s][info][gc,heap        ] GC(279) ParOldGen: 6547122K(6680576K)->6596210K(6680576K)
[44.212s][info][gc,metaspace   ] GC(279) Metaspace: 6302K(6528K)->6302K(6528K) NonClass: 5769K(5888K)->5769K(5888K) Class: 533K(640K)->533K(640K)
[44.212s][info][gc             ] GC(279) Pause Young (Allocation Failure) 6495M->6495M(6841M) 94.564ms
[44.212s][info][gc,cpu         ] GC(279) User=0.38s Sys=0.05s Real=0.09s
[44.212s][info][gc,start       ] GC(280) Pause Full (Ergonomics)
[44.212s][info][gc,phases,start] GC(280) Marking Phase
[45.722s][info][gc,phases      ] GC(280) Marking Phase 1509.672ms
[45.722s][info][gc,phases,start] GC(280) Summary Phase
[45.722s][info][gc,phases      ] GC(280) Summary Phase 0.110ms
[45.722s][info][gc,phases,start] GC(280) Adjust Roots
[45.722s][info][gc,phases      ] GC(280) Adjust Roots 0.172ms
[45.722s][info][gc,phases,start] GC(280) Compaction Phase
[46.410s][info][gc,phases      ] GC(280) Compaction Phase 688.066ms
[46.410s][info][gc,phases,start] GC(280) Post Compact
[46.423s][info][gc,phases      ] GC(280) Post Compact 12.324ms
[46.425s][info][gc,heap        ] GC(280) PSYoungGen: 55488K(325120K)->0K(326656K) Eden: 0K(55296K)->0K(62464K) From: 55488K(269824K)->0K(264192K)
[46.425s][info][gc,heap        ] GC(280) ParOldGen: 6596210K(6680576K)->6646483K(7308288K)
[46.425s][info][gc,metaspace   ] GC(280) Metaspace: 6302K(6528K)->6302K(6528K) NonClass: 5769K(5888K)->5769K(5888K) Class: 533K(640K)->533K(640K)
[46.425s][info][gc             ] GC(280) Pause Full (Ergonomics) 6495M->6490M(7456M) 2212.745ms
[46.425s][info][gc,cpu         ] GC(280) User=15.39s Sys=0.08s Real=2.21s
[46.496s][info][gc,start       ] GC(281) Pause Young (Allocation Failure)
[46.585s][info][gc,heap        ] GC(281) PSYoungGen: 62464K(326656K)->62688K(125440K) Eden: 62464K(62464K)->0K(62464K) From: 0K(264192K)->62688K(62976K)
[46.585s][info][gc,heap        ] GC(281) ParOldGen: 6646483K(7308288K)->6646483K(7308288K)
[46.585s][info][gc,metaspace   ] GC(281) Metaspace: 6302K(6528K)->6302K(6528K) NonClass: 5769K(5888K)->5769K(5888K) Class: 533K(640K)->533K(640K)
[46.585s][info][gc             ] GC(281) Pause Young (Allocation Failure) 6551M->6551M(7259M) 89.495ms
[46.585s][info][gc,cpu         ] GC(281) User=0.20s Sys=0.00s Real=0.09s
[46.656s][info][gc,start       ] GC(282) Pause Young (Allocation Failure)
[46.770s][info][gc,heap        ] GC(282) PSYoungGen: 125152K(125440K)->62688K(307712K) Eden: 62464K(62464K)->0K(69120K) From: 62688K(62976K)->62688K(238592K)
[46.771s][info][gc,heap        ] GC(282) ParOldGen: 6646483K(7308288K)->6709507K(7308288K)
[46.771s][info][gc,metaspace   ] GC(282) Metaspace: 6302K(6528K)->6302K(6528K) NonClass: 5769K(5888K)->5769K(5888K) Class: 533K(640K)->533K(640K)
[46.771s][info][gc             ] GC(282) Pause Young (Allocation Failure) 6612M->6613M(7437M) 114.991ms
[46.771s][info][gc,cpu         ] GC(282) User=0.27s Sys=0.05s Real=0.12s
[46.840s][info][gc,start       ] GC(283) Pause Young (Allocation Failure)
[46.942s][info][gc,heap        ] GC(283) PSYoungGen: 131808K(307712K)->69344K(138752K) Eden: 69120K(69120K)->0K(69120K) From: 62688K(238592K)->69344K(69632K)
[46.942s][info][gc,heap        ] GC(283) ParOldGen: 6709507K(7308288K)->6772515K(7308288K)
[46.942s][info][gc,metaspace   ] GC(283) Metaspace: 6302K(6528K)->6302K(6528K) NonClass: 5769K(5888K)->5769K(5888K) Class: 533K(640K)->533K(640K)
[46.942s][info][gc             ] GC(283) Pause Young (Allocation Failure) 6680M->6681M(7272M) 101.530ms
[46.942s][info][gc,cpu         ] GC(283) User=0.30s Sys=0.03s Real=0.10s
[47.021s][info][gc,start       ] GC(284) Pause Young (Allocation Failure)
[47.136s][info][gc,heap        ] GC(284) PSYoungGen: 138464K(138752K)->69344K(294400K) Eden: 69120K(69120K)->0K(76800K) From: 69344K(69632K)->69344K(217600K)
[47.136s][info][gc,heap        ] GC(284) ParOldGen: 6772515K(7308288K)->6842259K(7308288K)
[47.136s][info][gc,metaspace   ] GC(284) Metaspace: 6302K(6528K)->6302K(6528K) NonClass: 5769K(5888K)->5769K(5888K) Class: 533K(640K)->533K(640K)
[47.136s][info][gc             ] GC(284) Pause Young (Allocation Failure) 6749M->6749M(7424M) 115.027ms
[47.136s][info][gc,cpu         ] GC(284) User=0.30s Sys=0.00s Real=0.12s
[47.223s][info][gc,start       ] GC(285) Pause Young (Allocation Failure)
[47.337s][info][gc,heap        ] GC(285) PSYoungGen: 146144K(294400K)->77056K(154112K) Eden: 76800K(76800K)->0K(76800K) From: 69344K(217600K)->77056K(77312K)
[47.337s][info][gc,heap        ] GC(285) ParOldGen: 6842259K(7308288K)->6912011K(7308288K)
[47.337s][info][gc,metaspace   ] GC(285) Metaspace: 6302K(6528K)->6302K(6528K) NonClass: 5769K(5888K)->5769K(5888K) Class: 533K(640K)->533K(640K)
[47.337s][info][gc             ] GC(285) Pause Young (Allocation Failure) 6824M->6825M(7287M) 113.979ms
[47.337s][info][gc,cpu         ] GC(285) User=0.33s Sys=0.03s Real=0.11s
[47.425s][info][gc,start       ] GC(286) Pause Young (Allocation Failure)
[47.540s][info][gc,heap        ] GC(286) PSYoungGen: 153856K(154112K)->77088K(282624K) Eden: 76800K(76800K)->0K(85504K) From: 77056K(77312K)->77088K(197120K)
[47.540s][info][gc,heap        ] GC(286) ParOldGen: 6912011K(7308288K)->6989507K(7308288K)
[47.540s][info][gc,metaspace   ] GC(286) Metaspace: 6302K(6528K)->6302K(6528K) NonClass: 5769K(5888K)->5769K(5888K) Class: 533K(640K)->533K(640K)
[47.540s][info][gc             ] GC(286) Pause Young (Allocation Failure) 6900M->6900M(7413M) 115.020ms
[47.540s][info][gc,cpu         ] GC(286) User=0.44s Sys=0.03s Real=0.12s
[47.624s][info][gc,start       ] GC(287) Pause Young (Allocation Failure)
[47.741s][info][gc,heap        ] GC(287) PSYoungGen: 162592K(282624K)->85856K(171520K) Eden: 85504K(85504K)->0K(85504K) From: 77088K(197120K)->85856K(86016K)
[47.741s][info][gc,heap        ] GC(287) ParOldGen: 6989507K(7308288K)->7066995K(7308288K)
[47.741s][info][gc,metaspace   ] GC(287) Metaspace: 6302K(6528K)->6302K(6528K) NonClass: 5769K(5888K)->5769K(5888K) Class: 533K(640K)->533K(640K)
[47.741s][info][gc             ] GC(287) Pause Young (Allocation Failure) 6984M->6985M(7304M) 116.600ms
[47.741s][info][gc,cpu         ] GC(287) User=0.25s Sys=0.05s Real=0.12s
[47.831s][info][gc,start       ] GC(288) Pause Young (Allocation Failure)
[47.949s][info][gc,heap        ] GC(288) PSYoungGen: 171360K(171520K)->85760K(271872K) Eden: 85504K(85504K)->0K(95744K) From: 85856K(86016K)->85760K(176128K)
[47.949s][info][gc,heap        ] GC(288) ParOldGen: 7066995K(7308288K)->7153275K(7308288K)
[47.949s][info][gc,metaspace   ] GC(288) Metaspace: 6302K(6528K)->6302K(6528K) NonClass: 5769K(5888K)->5769K(5888K) Class: 533K(640K)->533K(640K)
[47.949s][info][gc             ] GC(288) Pause Young (Allocation Failure) 7068M->7069M(7402M) 117.650ms
[47.949s][info][gc,cpu         ] GC(288) User=0.38s Sys=0.03s Real=0.12s
[48.043s][info][gc,start       ] GC(289) Pause Young (Allocation Failure)
[48.159s][info][gc,heap        ] GC(289) PSYoungGen: 181504K(271872K)->96096K(281600K) Eden: 95744K(95744K)->0K(95744K) From: 85760K(176128K)->96096K(185856K)
[48.160s][info][gc,heap        ] GC(289) ParOldGen: 7153275K(7308288K)->7239563K(7308288K)
[48.160s][info][gc,metaspace   ] GC(289) Metaspace: 6302K(6528K)->6302K(6528K) NonClass: 5769K(5888K)->5769K(5888K) Class: 533K(640K)->533K(640K)
[48.160s][info][gc             ] GC(289) Pause Young (Allocation Failure) 7162M->7163M(7412M) 116.198ms
[48.160s][info][gc,cpu         ] GC(289) User=0.41s Sys=0.03s Real=0.12s
[48.160s][info][gc,start       ] GC(290) Pause Full (Ergonomics)
[48.160s][info][gc,phases,start] GC(290) Marking Phase
[49.802s][info][gc,phases      ] GC(290) Marking Phase 1642.279ms
[49.802s][info][gc,phases,start] GC(290) Summary Phase
[49.802s][info][gc,phases      ] GC(290) Summary Phase 0.096ms
[49.802s][info][gc,phases,start] GC(290) Adjust Roots
[49.802s][info][gc,phases      ] GC(290) Adjust Roots 0.225ms
[49.802s][info][gc,phases,start] GC(290) Compaction Phase
[50.494s][info][gc,phases      ] GC(290) Compaction Phase 691.833ms
[50.494s][info][gc,phases,start] GC(290) Post Compact
[50.509s][info][gc,phases      ] GC(290) Post Compact 14.667ms
[50.510s][info][gc,heap        ] GC(290) PSYoungGen: 96096K(281600K)->21649K(281600K) Eden: 0K(95744K)->0K(95744K) From: 96096K(185856K)->21649K(185856K)
[50.510s][info][gc,heap        ] GC(290) ParOldGen: 7239563K(7308288K)->7308066K(7577600K)
[50.510s][info][gc,metaspace   ] GC(290) Metaspace: 6302K(6528K)->6302K(6528K) NonClass: 5769K(5888K)->5769K(5888K) Class: 533K(640K)->533K(640K)
[50.510s][info][gc             ] GC(290) Pause Full (Ergonomics) 7163M->7157M(7675M) 2350.317ms
[50.510s][info][gc,cpu         ] GC(290) User=17.23s Sys=0.06s Real=2.35s
[50.621s][info][gc,start       ] GC(291) Pause Young (Allocation Failure)
[50.985s][info][gc,heap        ] GC(291) PSYoungGen: 117393K(281600K)->96032K(268288K) Eden: 95744K(95744K)->0K(104960K) From: 21649K(185856K)->96032K(163328K)
[50.985s][info][gc,heap        ] GC(291) ParOldGen: 7308066K(7577600K)->7329946K(7577600K)
[50.985s][info][gc,metaspace   ] GC(291) Metaspace: 6302K(6528K)->6302K(6528K) NonClass: 5769K(5888K)->5769K(5888K) Class: 533K(640K)->533K(640K)
[50.985s][info][gc             ] GC(291) Pause Young (Allocation Failure) 7251M->7251M(7662M) 364.290ms
[50.985s][info][gc,cpu         ] GC(291) User=2.41s Sys=0.00s Real=0.37s
[51.095s][info][gc,start       ] GC(292) Pause Young (Allocation Failure)
[51.226s][info][gc,heap        ] GC(292) PSYoungGen: 200992K(268288K)->172032K(276992K) Eden: 104960K(104960K)->0K(104960K) From: 96032K(163328K)->172032K(172032K)
[51.226s][info][gc,heap        ] GC(292) ParOldGen: 7329946K(7577600K)->7359218K(7577600K)
[51.226s][info][gc,metaspace   ] GC(292) Metaspace: 6302K(6528K)->6302K(6528K) NonClass: 5769K(5888K)->5769K(5888K) Class: 533K(640K)->533K(640K)
[51.226s][info][gc             ] GC(292) Pause Young (Allocation Failure) 7354M->7354M(7670M) 130.432ms
[51.226s][info][gc,cpu         ] GC(292) User=0.56s Sys=0.00s Real=0.13s
[51.337s][info][gc,start       ] GC(293) Pause Young (Allocation Failure)
[51.504s][info][gc,heap        ] GC(293) PSYoungGen: 276992K(276992K)->105280K(303616K) Eden: 104960K(104960K)->0K(115712K) From: 172032K(172032K)->105280K(187904K)
[51.504s][info][gc,heap        ] GC(293) ParOldGen: 7359218K(7577600K)->7532482K(7577600K)
[51.504s][info][gc,metaspace   ] GC(293) Metaspace: 6302K(6528K)->6302K(6528K) NonClass: 5769K(5888K)->5769K(5888K) Class: 533K(640K)->533K(640K)
[51.504s][info][gc             ] GC(293) Pause Young (Allocation Failure) 7457M->7458M(7696M) 167.196ms
[51.504s][info][gc,cpu         ] GC(293) User=0.92s Sys=0.06s Real=0.17s
[51.504s][info][gc,start       ] GC(294) Pause Full (Ergonomics)
[51.504s][info][gc,phases,start] GC(294) Marking Phase
[53.224s][info][gc,phases      ] GC(294) Marking Phase 1720.238ms
[53.224s][info][gc,phases,start] GC(294) Summary Phase
[53.225s][info][gc,phases      ] GC(294) Summary Phase 0.074ms
[53.225s][info][gc,phases,start] GC(294) Adjust Roots
[53.225s][info][gc,phases      ] GC(294) Adjust Roots 0.189ms
[53.225s][info][gc,phases,start] GC(294) Compaction Phase
[53.885s][info][gc,phases      ] GC(294) Compaction Phase 659.910ms
[53.885s][info][gc,phases,start] GC(294) Post Compact
[53.896s][info][gc,phases      ] GC(294) Post Compact 11.079ms
[53.896s][info][gc,heap        ] GC(294) PSYoungGen: 105280K(303616K)->57905K(311808K) Eden: 0K(115712K)->0K(123904K) From: 105280K(187904K)->57905K(187904K)
[53.896s][info][gc,heap        ] GC(294) ParOldGen: 7532482K(7577600K)->7577377K(7577600K)
[53.896s][info][gc,metaspace   ] GC(294) Metaspace: 6302K(6528K)->6302K(6528K) NonClass: 5769K(5888K)->5769K(5888K) Class: 533K(640K)->533K(640K)
[53.896s][info][gc             ] GC(294) Pause Full (Ergonomics) 7458M->7456M(7704M) 2391.857ms
[53.896s][info][gc,cpu         ] GC(294) User=17.80s Sys=0.02s Real=2.39s
[54.033s][info][gc,start       ] GC(295) Pause Full (Ergonomics)
[54.033s][info][gc,phases,start] GC(295) Marking Phase
[55.807s][info][gc,phases      ] GC(295) Marking Phase 1774.156ms
[55.807s][info][gc,phases,start] GC(295) Summary Phase
[55.807s][info][gc,phases      ] GC(295) Summary Phase 0.076ms
[55.807s][info][gc,phases,start] GC(295) Adjust Roots
[55.807s][info][gc,phases      ] GC(295) Adjust Roots 0.189ms
[55.807s][info][gc,phases,start] GC(295) Compaction Phase
[56.424s][info][gc,phases      ] GC(295) Compaction Phase 616.324ms
[56.424s][info][gc,phases,start] GC(295) Post Compact
[56.435s][info][gc,phases      ] GC(295) Post Compact 11.445ms
[56.435s][info][gc,heap        ] GC(295) PSYoungGen: 181809K(311808K)->181776K(311808K) Eden: 123904K(123904K)->123871K(123904K) From: 57905K(187904K)->57905K(187904K)
[56.435s][info][gc,heap        ] GC(295) ParOldGen: 7577377K(7577600K)->7577377K(7577600K)
[56.435s][info][gc,metaspace   ] GC(295) Metaspace: 6302K(6528K)->6302K(6528K) NonClass: 5769K(5888K)->5769K(5888K) Class: 533K(640K)->533K(640K)
[56.435s][info][gc             ] GC(295) Pause Full (Ergonomics) 7577M->7577M(7704M) 2402.628ms
[56.435s][info][gc,cpu         ] GC(295) User=17.64s Sys=0.00s Real=2.40s
[56.436s][info][gc,start       ] GC(296) Pause Full (Ergonomics)
[56.436s][info][gc,phases,start] GC(296) Marking Phase
[58.190s][info][gc,phases      ] GC(296) Marking Phase 1754.004ms
[58.190s][info][gc,phases,start] GC(296) Summary Phase
[58.190s][info][gc,phases      ] GC(296) Summary Phase 0.076ms
[58.190s][info][gc,phases,start] GC(296) Adjust Roots
[58.190s][info][gc,phases      ] GC(296) Adjust Roots 0.176ms
[58.190s][info][gc,phases,start] GC(296) Compaction Phase
[58.817s][info][gc,phases      ] GC(296) Compaction Phase 626.470ms
[58.817s][info][gc,phases,start] GC(296) Post Compact
[58.828s][info][gc,phases      ] GC(296) Post Compact 11.628ms
[58.829s][info][gc,heap        ] GC(296) PSYoungGen: 181809K(311808K)->181808K(311808K) Eden: 123904K(123904K)->123903K(123904K) From: 57905K(187904K)->57905K(187904K)
[58.829s][info][gc,heap        ] GC(296) ParOldGen: 7577377K(7577600K)->7577377K(7577600K)
[58.829s][info][gc,metaspace   ] GC(296) Metaspace: 6302K(6528K)->6302K(6528K) NonClass: 5769K(5888K)->5769K(5888K) Class: 533K(640K)->533K(640K)
[58.829s][info][gc             ] GC(296) Pause Full (Ergonomics) 7577M->7577M(7704M) 2392.706ms
[58.829s][info][gc,cpu         ] GC(296) User=17.64s Sys=0.00s Real=2.39s
[58.829s][info][gc,start       ] GC(297) Pause Full (Ergonomics)
[58.829s][info][gc,phases,start] GC(297) Marking Phase
[60.588s][info][gc,phases      ] GC(297) Marking Phase 1759.287ms
[60.588s][info][gc,phases,start] GC(297) Summary Phase
[60.588s][info][gc,phases      ] GC(297) Summary Phase 0.085ms
[60.588s][info][gc,phases,start] GC(297) Adjust Roots
[60.588s][info][gc,phases      ] GC(297) Adjust Roots 0.205ms
[60.588s][info][gc,phases,start] GC(297) Compaction Phase
[61.219s][info][gc,phases      ] GC(297) Compaction Phase 630.633ms
[61.219s][info][gc,phases,start] GC(297) Post Compact
[61.231s][info][gc,phases      ] GC(297) Post Compact 11.543ms
[61.231s][info][gc,heap        ] GC(297) PSYoungGen: 181808K(311808K)->181808K(311808K) Eden: 123903K(123904K)->123903K(123904K) From: 57905K(187904K)->57905K(187904K)
[61.231s][info][gc,heap        ] GC(297) ParOldGen: 7577377K(7577600K)->7577377K(7577600K)
[61.231s][info][gc,metaspace   ] GC(297) Metaspace: 6302K(6528K)->6302K(6528K) NonClass: 5769K(5888K)->5769K(5888K) Class: 533K(640K)->533K(640K)
[61.231s][info][gc             ] GC(297) Pause Full (Ergonomics) 7577M->7577M(7704M) 2402.112ms
[61.231s][info][gc,cpu         ] GC(297) User=17.48s Sys=0.00s Real=2.40s
[61.231s][info][gc,start       ] GC(298) Pause Full (Ergonomics)
[61.231s][info][gc,phases,start] GC(298) Marking Phase
[62.996s][info][gc,phases      ] GC(298) Marking Phase 1764.470ms
[62.996s][info][gc,phases,start] GC(298) Summary Phase
[62.996s][info][gc,phases      ] GC(298) Summary Phase 0.115ms
[62.996s][info][gc,phases,start] GC(298) Adjust Roots
[62.996s][info][gc,phases      ] GC(298) Adjust Roots 0.230ms
[62.996s][info][gc,phases,start] GC(298) Compaction Phase
[63.640s][info][gc,phases      ] GC(298) Compaction Phase 643.420ms
[63.640s][info][gc,phases,start] GC(298) Post Compact
[63.651s][info][gc,phases      ] GC(298) Post Compact 11.467ms
[63.651s][info][gc,heap        ] GC(298) PSYoungGen: 181809K(311808K)->181809K(311808K) Eden: 123903K(123904K)->123903K(123904K) From: 57905K(187904K)->57905K(187904K)
[63.651s][info][gc,heap        ] GC(298) ParOldGen: 7577382K(7577600K)->7577382K(7577600K)
[63.651s][info][gc,metaspace   ] GC(298) Metaspace: 6302K(6528K)->6302K(6528K) NonClass: 5769K(5888K)->5769K(5888K) Class: 533K(640K)->533K(640K)
[63.651s][info][gc             ] GC(298) Pause Full (Ergonomics) 7577M->7577M(7704M) 2420.069ms
[63.651s][info][gc,cpu         ] GC(298) User=17.66s Sys=0.00s Real=2.42s
[63.651s][info][gc,start       ] GC(299) Pause Full (Ergonomics)
[63.651s][info][gc,phases,start] GC(299) Marking Phase
[65.419s][info][gc,phases      ] GC(299) Marking Phase 1767.170ms
[65.419s][info][gc,phases,start] GC(299) Summary Phase
[65.419s][info][gc,phases      ] GC(299) Summary Phase 0.084ms
[65.419s][info][gc,phases,start] GC(299) Adjust Roots
[65.419s][info][gc,phases      ] GC(299) Adjust Roots 0.238ms
[65.419s][info][gc,phases,start] GC(299) Compaction Phase
[66.064s][info][gc,phases      ] GC(299) Compaction Phase 644.821ms
[66.064s][info][gc,phases,start] GC(299) Post Compact
[66.076s][info][gc,phases      ] GC(299) Post Compact 11.621ms
[66.076s][info][gc,heap        ] GC(299) PSYoungGen: 181809K(311808K)->181809K(311808K) Eden: 123903K(123904K)->123903K(123904K) From: 57905K(187904K)->57905K(187904K)
[66.076s][info][gc,heap        ] GC(299) ParOldGen: 7577387K(7577600K)->7577387K(7577600K)
[66.076s][info][gc,metaspace   ] GC(299) Metaspace: 6302K(6528K)->6302K(6528K) NonClass: 5769K(5888K)->5769K(5888K) Class: 533K(640K)->533K(640K)
[66.076s][info][gc             ] GC(299) Pause Full (Ergonomics) 7577M->7577M(7704M) 2424.298ms
[66.076s][info][gc,cpu         ] GC(299) User=17.70s Sys=0.02s Real=2.42s
[66.076s][info][gc,start       ] GC(300) Pause Full (Ergonomics)
[66.076s][info][gc,phases,start] GC(300) Marking Phase
[67.841s][info][gc,phases      ] GC(300) Marking Phase 1765.329ms
[67.841s][info][gc,phases,start] GC(300) Summary Phase
[67.841s][info][gc,phases      ] GC(300) Summary Phase 0.109ms
[67.841s][info][gc,phases,start] GC(300) Adjust Roots
[67.842s][info][gc,phases      ] GC(300) Adjust Roots 0.228ms
[67.842s][info][gc,phases,start] GC(300) Compaction Phase
[68.480s][info][gc,phases      ] GC(300) Compaction Phase 638.297ms
[68.480s][info][gc,phases,start] GC(300) Post Compact
[68.492s][info][gc,phases      ] GC(300) Post Compact 11.640ms
[68.492s][info][gc,heap        ] GC(300) PSYoungGen: 181809K(311808K)->181809K(311808K) Eden: 123903K(123904K)->123903K(123904K) From: 57905K(187904K)->57905K(187904K)
[68.492s][info][gc,heap        ] GC(300) ParOldGen: 7577391K(7577600K)->7577391K(7577600K)
[68.492s][info][gc,metaspace   ] GC(300) Metaspace: 6302K(6528K)->6302K(6528K) NonClass: 5769K(5888K)->5769K(5888K) Class: 533K(640K)->533K(640K)
[68.492s][info][gc             ] GC(300) Pause Full (Ergonomics) 7577M->7577M(7704M) 2415.953ms
[68.492s][info][gc,cpu         ] GC(300) User=17.86s Sys=0.02s Real=2.42s
[68.492s][info][gc,start       ] GC(301) Pause Full (Ergonomics)
[68.492s][info][gc,phases,start] GC(301) Marking Phase
[70.307s][info][gc,phases      ] GC(301) Marking Phase 1815.220ms
[70.307s][info][gc,phases,start] GC(301) Summary Phase
[70.307s][info][gc,phases      ] GC(301) Summary Phase 0.075ms
[70.307s][info][gc,phases,start] GC(301) Adjust Roots
[70.308s][info][gc,phases      ] GC(301) Adjust Roots 0.165ms
[70.308s][info][gc,phases,start] GC(301) Compaction Phase
[70.954s][info][gc,phases      ] GC(301) Compaction Phase 646.420ms
[70.954s][info][gc,phases,start] GC(301) Post Compact
[70.966s][info][gc,phases      ] GC(301) Post Compact 11.559ms
[70.966s][info][gc,heap        ] GC(301) PSYoungGen: 181809K(311808K)->181809K(311808K) Eden: 123903K(123904K)->123903K(123904K) From: 57905K(187904K)->57905K(187904K)
[70.966s][info][gc,heap        ] GC(301) ParOldGen: 7577396K(7577600K)->7577396K(7577600K)
[70.966s][info][gc,metaspace   ] GC(301) Metaspace: 6302K(6528K)->6302K(6528K) NonClass: 5769K(5888K)->5769K(5888K) Class: 533K(640K)->533K(640K)
[70.966s][info][gc             ] GC(301) Pause Full (Ergonomics) 7577M->7577M(7704M) 2473.778ms
[70.966s][info][gc,cpu         ] GC(301) User=18.17s Sys=0.00s Real=2.47s
[70.966s][info][gc,start       ] GC(302) Pause Full (Ergonomics)
[70.966s][info][gc,phases,start] GC(302) Marking Phase
[72.764s][info][gc,phases      ] GC(302) Marking Phase 1797.520ms
[72.764s][info][gc,phases,start] GC(302) Summary Phase
[72.764s][info][gc,phases      ] GC(302) Summary Phase 0.080ms
[72.764s][info][gc,phases,start] GC(302) Adjust Roots
[72.764s][info][gc,phases      ] GC(302) Adjust Roots 0.188ms
[72.764s][info][gc,phases,start] GC(302) Compaction Phase
[73.409s][info][gc,phases      ] GC(302) Compaction Phase 645.419ms
[73.410s][info][gc,phases,start] GC(302) Post Compact
[73.421s][info][gc,phases      ] GC(302) Post Compact 11.589ms
[73.421s][info][gc,heap        ] GC(302) PSYoungGen: 181809K(311808K)->181809K(311808K) Eden: 123903K(123904K)->123903K(123904K) From: 57905K(187904K)->57905K(187904K)
[73.421s][info][gc,heap        ] GC(302) ParOldGen: 7577401K(7577600K)->7577401K(7577600K)
[73.421s][info][gc,metaspace   ] GC(302) Metaspace: 6302K(6528K)->6302K(6528K) NonClass: 5769K(5888K)->5769K(5888K) Class: 533K(640K)->533K(640K)
[73.421s][info][gc             ] GC(302) Pause Full (Ergonomics) 7577M->7577M(7704M) 2455.136ms
[73.421s][info][gc,cpu         ] GC(302) User=18.19s Sys=0.05s Real=2.45s
[73.421s][info][gc,start       ] GC(303) Pause Full (Ergonomics)
[73.421s][info][gc,phases,start] GC(303) Marking Phase
[75.225s][info][gc,phases      ] GC(303) Marking Phase 1803.855ms
[75.225s][info][gc,phases,start] GC(303) Summary Phase
[75.226s][info][gc,phases      ] GC(303) Summary Phase 0.097ms
[75.226s][info][gc,phases,start] GC(303) Adjust Roots
[75.226s][info][gc,phases      ] GC(303) Adjust Roots 0.211ms
[75.226s][info][gc,phases,start] GC(303) Compaction Phase
[75.839s][info][gc,phases      ] GC(303) Compaction Phase 613.367ms
[75.839s][info][gc,phases,start] GC(303) Post Compact
[75.851s][info][gc,phases      ] GC(303) Post Compact 11.563ms
[75.851s][info][gc,heap        ] GC(303) PSYoungGen: 181809K(311808K)->181809K(311808K) Eden: 123903K(123904K)->123903K(123904K) From: 57905K(187904K)->57905K(187904K)
[75.851s][info][gc,heap        ] GC(303) ParOldGen: 7577406K(7577600K)->7577406K(7577600K)
[75.851s][info][gc,metaspace   ] GC(303) Metaspace: 6302K(6528K)->6302K(6528K) NonClass: 5769K(5888K)->5769K(5888K) Class: 533K(640K)->533K(640K)
[75.851s][info][gc             ] GC(303) Pause Full (Ergonomics) 7577M->7577M(7704M) 2429.446ms
[75.851s][info][gc,cpu         ] GC(303) User=18.36s Sys=0.02s Real=2.43s
[75.851s][info][gc,start       ] GC(304) Pause Full (Ergonomics)
[75.851s][info][gc,phases,start] GC(304) Marking Phase
[77.674s][info][gc,phases      ] GC(304) Marking Phase 1822.496ms
[77.674s][info][gc,phases,start] GC(304) Summary Phase
[77.674s][info][gc,phases      ] GC(304) Summary Phase 0.087ms
[77.674s][info][gc,phases,start] GC(304) Adjust Roots
[77.674s][info][gc,phases      ] GC(304) Adjust Roots 0.197ms
[77.674s][info][gc,phases,start] GC(304) Compaction Phase
[78.363s][info][gc,phases      ] GC(304) Compaction Phase 689.423ms
[78.364s][info][gc,phases,start] GC(304) Post Compact
[78.375s][info][gc,phases      ] GC(304) Post Compact 11.479ms
[78.375s][info][gc,heap        ] GC(304) PSYoungGen: 181809K(311808K)->181809K(311808K) Eden: 123903K(123904K)->123903K(123904K) From: 57905K(187904K)->57905K(187904K)
[78.375s][info][gc,heap        ] GC(304) ParOldGen: 7577411K(7577600K)->7577411K(7577600K)
[78.375s][info][gc,metaspace   ] GC(304) Metaspace: 6302K(6528K)->6302K(6528K) NonClass: 5769K(5888K)->5769K(5888K) Class: 533K(640K)->533K(640K)
[78.375s][info][gc             ] GC(304) Pause Full (Ergonomics) 7577M->7577M(7704M) 2524.030ms
[78.375s][info][gc,cpu         ] GC(304) User=18.41s Sys=0.00s Real=2.52s
[78.375s][info][gc,start       ] GC(305) Pause Full (Ergonomics)
[78.375s][info][gc,phases,start] GC(305) Marking Phase
[80.212s][info][gc,phases      ] GC(305) Marking Phase 1836.145ms
[80.212s][info][gc,phases,start] GC(305) Summary Phase
[80.212s][info][gc,phases      ] GC(305) Summary Phase 0.076ms
[80.212s][info][gc,phases,start] GC(305) Adjust Roots
[80.212s][info][gc,phases      ] GC(305) Adjust Roots 0.169ms
[80.212s][info][gc,phases,start] GC(305) Compaction Phase
[80.858s][info][gc,phases      ] GC(305) Compaction Phase 645.911ms
[80.858s][info][gc,phases,start] GC(305) Post Compact
[80.869s][info][gc,phases      ] GC(305) Post Compact 11.570ms
[80.870s][info][gc,heap        ] GC(305) PSYoungGen: 181809K(311808K)->181809K(311808K) Eden: 123903K(123904K)->123903K(123904K) From: 57905K(187904K)->57905K(187904K)
[80.870s][info][gc,heap        ] GC(305) ParOldGen: 7577416K(7577600K)->7577416K(7577600K)
[80.870s][info][gc,metaspace   ] GC(305) Metaspace: 6302K(6528K)->6302K(6528K) NonClass: 5769K(5888K)->5769K(5888K) Class: 533K(640K)->533K(640K)
[80.870s][info][gc             ] GC(305) Pause Full (Ergonomics) 7577M->7577M(7704M) 2494.215ms
[80.870s][info][gc,cpu         ] GC(305) User=18.48s Sys=0.03s Real=2.50s
[80.870s][info][gc,start       ] GC(306) Pause Full (Ergonomics)
[80.870s][info][gc,phases,start] GC(306) Marking Phase
[82.712s][info][gc,phases      ] GC(306) Marking Phase 1842.652ms
[82.713s][info][gc,phases,start] GC(306) Summary Phase
[82.713s][info][gc,phases      ] GC(306) Summary Phase 0.075ms
[82.713s][info][gc,phases,start] GC(306) Adjust Roots
[82.713s][info][gc,phases      ] GC(306) Adjust Roots 0.186ms
[82.713s][info][gc,phases,start] GC(306) Compaction Phase
[83.374s][info][gc,phases      ] GC(306) Compaction Phase 661.133ms
[83.374s][info][gc,phases,start] GC(306) Post Compact
[83.386s][info][gc,phases      ] GC(306) Post Compact 11.944ms
[83.386s][info][gc,heap        ] GC(306) PSYoungGen: 181809K(311808K)->181809K(311808K) Eden: 123903K(123904K)->123903K(123904K) From: 57905K(187904K)->57905K(187904K)
[83.386s][info][gc,heap        ] GC(306) ParOldGen: 7577420K(7577600K)->7577420K(7577600K)
[83.386s][info][gc,metaspace   ] GC(306) Metaspace: 6302K(6528K)->6302K(6528K) NonClass: 5769K(5888K)->5769K(5888K) Class: 533K(640K)->533K(640K)
[83.386s][info][gc             ] GC(306) Pause Full (Ergonomics) 7577M->7577M(7704M) 2516.351ms
[83.386s][info][gc,cpu         ] GC(306) User=18.50s Sys=0.00s Real=2.52s
[83.386s][info][gc,start       ] GC(307) Pause Full (Ergonomics)
[83.386s][info][gc,phases,start] GC(307) Marking Phase
[85.214s][info][gc,phases      ] GC(307) Marking Phase 1827.149ms
[85.214s][info][gc,phases,start] GC(307) Summary Phase
[85.214s][info][gc,phases      ] GC(307) Summary Phase 0.081ms
[85.214s][info][gc,phases,start] GC(307) Adjust Roots
[85.214s][info][gc,phases      ] GC(307) Adjust Roots 0.200ms
[85.214s][info][gc,phases,start] GC(307) Compaction Phase
[85.895s][info][gc,phases      ] GC(307) Compaction Phase 681.008ms
[85.895s][info][gc,phases,start] GC(307) Post Compact
[85.907s][info][gc,phases      ] GC(307) Post Compact 11.593ms
[85.907s][info][gc,heap        ] GC(307) PSYoungGen: 181809K(311808K)->181809K(311808K) Eden: 123903K(123904K)->123903K(123904K) From: 57905K(187904K)->57905K(187904K)
[85.907s][info][gc,heap        ] GC(307) ParOldGen: 7577425K(7577600K)->7577425K(7577600K)
[85.907s][info][gc,metaspace   ] GC(307) Metaspace: 6302K(6528K)->6302K(6528K) NonClass: 5769K(5888K)->5769K(5888K) Class: 533K(640K)->533K(640K)
[85.907s][info][gc             ] GC(307) Pause Full (Ergonomics) 7577M->7577M(7704M) 2520.377ms
[85.907s][info][gc,cpu         ] GC(307) User=18.59s Sys=0.00s Real=2.52s
[85.907s][info][gc,start       ] GC(308) Pause Full (Ergonomics)
[85.907s][info][gc,phases,start] GC(308) Marking Phase
[87.739s][info][gc,phases      ] GC(308) Marking Phase 1832.302ms
[87.739s][info][gc,phases,start] GC(308) Summary Phase
[87.740s][info][gc,phases      ] GC(308) Summary Phase 0.142ms
[87.740s][info][gc,phases,start] GC(308) Adjust Roots
[87.740s][info][gc,phases      ] GC(308) Adjust Roots 0.250ms
[87.740s][info][gc,phases,start] GC(308) Compaction Phase
[88.434s][info][gc,phases      ] GC(308) Compaction Phase 694.098ms
[88.434s][info][gc,phases,start] GC(308) Post Compact
[88.447s][info][gc,phases      ] GC(308) Post Compact 13.249ms
[88.447s][info][gc,heap        ] GC(308) PSYoungGen: 181809K(311808K)->181809K(311808K) Eden: 123903K(123904K)->123903K(123904K) From: 57905K(187904K)->57905K(187904K)
[88.447s][info][gc,heap        ] GC(308) ParOldGen: 7577430K(7577600K)->7577430K(7577600K)
[88.447s][info][gc,metaspace   ] GC(308) Metaspace: 6302K(6528K)->6302K(6528K) NonClass: 5769K(5888K)->5769K(5888K) Class: 533K(640K)->533K(640K)
[88.447s][info][gc             ] GC(308) Pause Full (Ergonomics) 7577M->7577M(7704M) 2540.404ms
[88.447s][info][gc,cpu         ] GC(308) User=18.66s Sys=0.02s Real=2.54s
[88.448s][info][gc,start       ] GC(309) Pause Full (Ergonomics)
[88.448s][info][gc,phases,start] GC(309) Marking Phase
[90.304s][info][gc,phases      ] GC(309) Marking Phase 1856.274ms
[90.304s][info][gc,phases,start] GC(309) Summary Phase
[90.304s][info][gc,phases      ] GC(309) Summary Phase 0.076ms
[90.304s][info][gc,phases,start] GC(309) Adjust Roots
[90.304s][info][gc,phases      ] GC(309) Adjust Roots 0.234ms
[90.304s][info][gc,phases,start] GC(309) Compaction Phase
[90.999s][info][gc,phases      ] GC(309) Compaction Phase 694.597ms
[90.999s][info][gc,phases,start] GC(309) Post Compact
[91.012s][info][gc,phases      ] GC(309) Post Compact 13.024ms
[91.012s][info][gc,heap        ] GC(309) PSYoungGen: 181809K(311808K)->181809K(311808K) Eden: 123903K(123904K)->123903K(123904K) From: 57905K(187904K)->57905K(187904K)
[91.012s][info][gc,heap        ] GC(309) ParOldGen: 7577435K(7577600K)->7577435K(7577600K)
[91.012s][info][gc,metaspace   ] GC(309) Metaspace: 6302K(6528K)->6302K(6528K) NonClass: 5769K(5888K)->5769K(5888K) Class: 533K(640K)->533K(640K)
[91.012s][info][gc             ] GC(309) Pause Full (Ergonomics) 7577M->7577M(7704M) 2564.554ms
[91.012s][info][gc,cpu         ] GC(309) User=18.69s Sys=0.00s Real=2.56s
[91.012s][info][gc,start       ] GC(310) Pause Full (Ergonomics)
[91.012s][info][gc,phases,start] GC(310) Marking Phase
[92.867s][info][gc,phases      ] GC(310) Marking Phase 1854.700ms
[92.867s][info][gc,phases,start] GC(310) Summary Phase
[92.867s][info][gc,phases      ] GC(310) Summary Phase 0.107ms
[92.867s][info][gc,phases,start] GC(310) Adjust Roots
[92.867s][info][gc,phases      ] GC(310) Adjust Roots 0.189ms
[92.867s][info][gc,phases,start] GC(310) Compaction Phase
[93.524s][info][gc,phases      ] GC(310) Compaction Phase 656.597ms
[93.524s][info][gc,phases,start] GC(310) Post Compact
[93.536s][info][gc,phases      ] GC(310) Post Compact 11.626ms
[93.536s][info][gc,heap        ] GC(310) PSYoungGen: 181809K(311808K)->181809K(311808K) Eden: 123903K(123904K)->123903K(123904K) From: 57905K(187904K)->57905K(187904K)
[93.536s][info][gc,heap        ] GC(310) ParOldGen: 7577440K(7577600K)->7577440K(7577600K)
[93.536s][info][gc,metaspace   ] GC(310) Metaspace: 6302K(6528K)->6302K(6528K) NonClass: 5769K(5888K)->5769K(5888K) Class: 533K(640K)->533K(640K)
[93.536s][info][gc             ] GC(310) Pause Full (Ergonomics) 7577M->7577M(7704M) 2523.565ms
[93.536s][info][gc,cpu         ] GC(310) User=18.64s Sys=0.02s Real=2.52s
[93.536s][info][gc,start       ] GC(311) Pause Full (Ergonomics)
[93.536s][info][gc,phases,start] GC(311) Marking Phase
[95.404s][info][gc,phases      ] GC(311) Marking Phase 1867.684ms
[95.404s][info][gc,phases,start] GC(311) Summary Phase
[95.404s][info][gc,phases      ] GC(311) Summary Phase 0.089ms
[95.404s][info][gc,phases,start] GC(311) Adjust Roots
[95.404s][info][gc,phases      ] GC(311) Adjust Roots 0.190ms
[95.404s][info][gc,phases,start] GC(311) Compaction Phase
[96.108s][info][gc,phases      ] GC(311) Compaction Phase 704.052ms
[96.108s][info][gc,phases,start] GC(311) Post Compact
[96.120s][info][gc,phases      ] GC(311) Post Compact 11.615ms
[96.120s][info][gc,heap        ] GC(311) PSYoungGen: 181809K(311808K)->181809K(311808K) Eden: 123903K(123904K)->123903K(123904K) From: 57905K(187904K)->57905K(187904K)
[96.120s][info][gc,heap        ] GC(311) ParOldGen: 7577445K(7577600K)->7577445K(7577600K)
[96.120s][info][gc,metaspace   ] GC(311) Metaspace: 6302K(6528K)->6302K(6528K) NonClass: 5769K(5888K)->5769K(5888K) Class: 533K(640K)->533K(640K)
[96.120s][info][gc             ] GC(311) Pause Full (Ergonomics) 7577M->7577M(7704M) 2584.006ms
[96.120s][info][gc,cpu         ] GC(311) User=18.92s Sys=0.02s Real=2.58s
[96.120s][info][gc,start       ] GC(312) Pause Full (Ergonomics)
[96.120s][info][gc,phases,start] GC(312) Marking Phase
[98.012s][info][gc,phases      ] GC(312) Marking Phase 1891.169ms
[98.012s][info][gc,phases,start] GC(312) Summary Phase
[98.012s][info][gc,phases      ] GC(312) Summary Phase 0.099ms
[98.012s][info][gc,phases,start] GC(312) Adjust Roots
[98.012s][info][gc,phases      ] GC(312) Adjust Roots 0.254ms
[98.012s][info][gc,phases,start] GC(312) Compaction Phase
[98.723s][info][gc,phases      ] GC(312) Compaction Phase 711.056ms
[98.723s][info][gc,phases,start] GC(312) Post Compact
[98.735s][info][gc,phases      ] GC(312) Post Compact 11.639ms
[98.735s][info][gc,heap        ] GC(312) PSYoungGen: 181809K(311808K)->181809K(311808K) Eden: 123903K(123904K)->123903K(123904K) From: 57905K(187904K)->57905K(187904K)
[98.735s][info][gc,heap        ] GC(312) ParOldGen: 7577449K(7577600K)->7577449K(7577600K)
[98.735s][info][gc,metaspace   ] GC(312) Metaspace: 6302K(6528K)->6302K(6528K) NonClass: 5769K(5888K)->5769K(5888K) Class: 533K(640K)->533K(640K)
[98.735s][info][gc             ] GC(312) Pause Full (Ergonomics) 7577M->7577M(7704M) 2614.573ms
[98.735s][info][gc,cpu         ] GC(312) User=18.97s Sys=0.00s Real=2.61s
[98.735s][info][gc,start       ] GC(313) Pause Full (Ergonomics)
[98.735s][info][gc,phases,start] GC(313) Marking Phase
[100.635s][info][gc,phases      ] GC(313) Marking Phase 1899.456ms
[100.635s][info][gc,phases,start] GC(313) Summary Phase
[100.635s][info][gc,phases      ] GC(313) Summary Phase 0.078ms
[100.635s][info][gc,phases,start] GC(313) Adjust Roots
[100.635s][info][gc,phases      ] GC(313) Adjust Roots 0.202ms
[100.635s][info][gc,phases,start] GC(313) Compaction Phase
[101.309s][info][gc,phases      ] GC(313) Compaction Phase 673.950ms
[101.309s][info][gc,phases,start] GC(313) Post Compact
[101.321s][info][gc,phases      ] GC(313) Post Compact 11.582ms
[101.321s][info][gc,heap        ] GC(313) PSYoungGen: 181809K(311808K)->181809K(311808K) Eden: 123903K(123904K)->123903K(123904K) From: 57905K(187904K)->57905K(187904K)
[101.321s][info][gc,heap        ] GC(313) ParOldGen: 7577454K(7577600K)->7577454K(7577600K)
[101.321s][info][gc,metaspace   ] GC(313) Metaspace: 6302K(6528K)->6302K(6528K) NonClass: 5769K(5888K)->5769K(5888K) Class: 533K(640K)->533K(640K)
[101.321s][info][gc             ] GC(313) Pause Full (Ergonomics) 7577M->7577M(7704M) 2585.635ms
[101.321s][info][gc,cpu         ] GC(313) User=18.88s Sys=0.00s Real=2.59s
[101.321s][info][gc,start       ] GC(314) Pause Full (Ergonomics)
[101.321s][info][gc,phases,start] GC(314) Marking Phase
[103.244s][info][gc,phases      ] GC(314) Marking Phase 1923.349ms
[103.244s][info][gc,phases,start] GC(314) Summary Phase
[103.245s][info][gc,phases      ] GC(314) Summary Phase 0.081ms
[103.245s][info][gc,phases,start] GC(314) Adjust Roots
[103.245s][info][gc,phases      ] GC(314) Adjust Roots 0.205ms
[103.245s][info][gc,phases,start] GC(314) Compaction Phase
[103.963s][info][gc,phases      ] GC(314) Compaction Phase 718.584ms
[103.963s][info][gc,phases,start] GC(314) Post Compact
[103.975s][info][gc,phases      ] GC(314) Post Compact 11.478ms
[103.975s][info][gc,heap        ] GC(314) PSYoungGen: 181809K(311808K)->181809K(311808K) Eden: 123903K(123904K)->123903K(123904K) From: 57905K(187904K)->57905K(187904K)
[103.975s][info][gc,heap        ] GC(314) ParOldGen: 7577459K(7577600K)->7577459K(7577600K)
[103.975s][info][gc,metaspace   ] GC(314) Metaspace: 6302K(6528K)->6302K(6528K) NonClass: 5769K(5888K)->5769K(5888K) Class: 533K(640K)->533K(640K)
[103.975s][info][gc             ] GC(314) Pause Full (Ergonomics) 7577M->7577M(7704M) 2654.070ms
[103.975s][info][gc,cpu         ] GC(314) User=19.34s Sys=0.00s Real=2.65s
[103.975s][info][gc,start       ] GC(315) Pause Full (Ergonomics)
[103.975s][info][gc,phases,start] GC(315) Marking Phase
[105.831s][info][gc,phases      ] GC(315) Marking Phase 1855.862ms
[105.831s][info][gc,phases,start] GC(315) Summary Phase
[105.831s][info][gc,phases      ] GC(315) Summary Phase 0.076ms
[105.831s][info][gc,phases,start] GC(315) Adjust Roots
[105.832s][info][gc,phases      ] GC(315) Adjust Roots 0.168ms
[105.832s][info][gc,phases,start] GC(315) Compaction Phase
[106.494s][info][gc,phases      ] GC(315) Compaction Phase 662.433ms
[106.494s][info][gc,phases,start] GC(315) Post Compact
[106.505s][info][gc,phases      ] GC(315) Post Compact 11.404ms
[106.506s][info][gc,heap        ] GC(315) PSYoungGen: 181809K(311808K)->181809K(311808K) Eden: 123903K(123904K)->123903K(123904K) From: 57905K(187904K)->57905K(187904K)
[106.506s][info][gc,heap        ] GC(315) ParOldGen: 7577464K(7577600K)->7577464K(7577600K)
[106.506s][info][gc,metaspace   ] GC(315) Metaspace: 6302K(6528K)->6302K(6528K) NonClass: 5769K(5888K)->5769K(5888K) Class: 533K(640K)->533K(640K)
[106.506s][info][gc             ] GC(315) Pause Full (Ergonomics) 7577M->7577M(7704M) 2530.311ms
[106.506s][info][gc,cpu         ] GC(315) User=18.77s Sys=0.00s Real=2.53s
[106.506s][info][gc,start       ] GC(316) Pause Full (Ergonomics)
[106.506s][info][gc,phases,start] GC(316) Marking Phase
[108.397s][info][gc,phases      ] GC(316) Marking Phase 1891.006ms
[108.397s][info][gc,phases,start] GC(316) Summary Phase
[108.397s][info][gc,phases      ] GC(316) Summary Phase 0.133ms
[108.397s][info][gc,phases,start] GC(316) Adjust Roots
[108.397s][info][gc,phases      ] GC(316) Adjust Roots 0.175ms
[108.397s][info][gc,phases,start] GC(316) Compaction Phase
[109.089s][info][gc,phases      ] GC(316) Compaction Phase 691.900ms
[109.089s][info][gc,phases,start] GC(316) Post Compact
[109.101s][info][gc,phases      ] GC(316) Post Compact 11.702ms
[109.101s][info][gc,heap        ] GC(316) PSYoungGen: 181809K(311808K)->181809K(311808K) Eden: 123903K(123904K)->123903K(123904K) From: 57905K(187904K)->57905K(187904K)
[109.101s][info][gc,heap        ] GC(316) ParOldGen: 7577469K(7577600K)->7577469K(7577600K)
[109.101s][info][gc,metaspace   ] GC(316) Metaspace: 6302K(6528K)->6302K(6528K) NonClass: 5769K(5888K)->5769K(5888K) Class: 533K(640K)->533K(640K)
[109.101s][info][gc             ] GC(316) Pause Full (Ergonomics) 7577M->7577M(7704M) 2595.285ms
[109.101s][info][gc,cpu         ] GC(316) User=19.06s Sys=0.00s Real=2.60s
[109.101s][info][gc,start       ] GC(317) Pause Full (Ergonomics)
[109.101s][info][gc,phases,start] GC(317) Marking Phase
[111.002s][info][gc,phases      ] GC(317) Marking Phase 1901.124ms
[111.003s][info][gc,phases,start] GC(317) Summary Phase
[111.003s][info][gc,phases      ] GC(317) Summary Phase 0.090ms
[111.003s][info][gc,phases,start] GC(317) Adjust Roots
[111.003s][info][gc,phases      ] GC(317) Adjust Roots 0.270ms
[111.003s][info][gc,phases,start] GC(317) Compaction Phase
[111.704s][info][gc,phases      ] GC(317) Compaction Phase 701.024ms
[111.704s][info][gc,phases,start] GC(317) Post Compact
[111.716s][info][gc,phases      ] GC(317) Post Compact 11.489ms
[111.716s][info][gc,heap        ] GC(317) PSYoungGen: 181809K(311808K)->181809K(311808K) Eden: 123903K(123904K)->123903K(123904K) From: 57905K(187904K)->57905K(187904K)
[111.716s][info][gc,heap        ] GC(317) ParOldGen: 7577474K(7577600K)->7577474K(7577600K)
[111.716s][info][gc,metaspace   ] GC(317) Metaspace: 6302K(6528K)->6302K(6528K) NonClass: 5769K(5888K)->5769K(5888K) Class: 533K(640K)->533K(640K)
[111.716s][info][gc             ] GC(317) Pause Full (Ergonomics) 7577M->7577M(7704M) 2614.344ms
[111.716s][info][gc,cpu         ] GC(317) User=19.00s Sys=0.00s Real=2.62s
[111.716s][info][gc,start       ] GC(318) Pause Full (Ergonomics)
[111.716s][info][gc,phases,start] GC(318) Marking Phase
[113.580s][info][gc,phases      ] GC(318) Marking Phase 1864.035ms
[113.580s][info][gc,phases,start] GC(318) Summary Phase
[113.580s][info][gc,phases      ] GC(318) Summary Phase 0.076ms
[113.580s][info][gc,phases,start] GC(318) Adjust Roots
[113.580s][info][gc,phases      ] GC(318) Adjust Roots 0.171ms
[113.580s][info][gc,phases,start] GC(318) Compaction Phase
[114.268s][info][gc,phases      ] GC(318) Compaction Phase 687.963ms
[114.268s][info][gc,phases,start] GC(318) Post Compact
[114.280s][info][gc,phases      ] GC(318) Post Compact 11.482ms
[114.280s][info][gc,heap        ] GC(318) PSYoungGen: 181809K(311808K)->181809K(311808K) Eden: 123903K(123904K)->123903K(123904K) From: 57905K(187904K)->57905K(187904K)
[114.280s][info][gc,heap        ] GC(318) ParOldGen: 7577478K(7577600K)->7577478K(7577600K)
[114.280s][info][gc,metaspace   ] GC(318) Metaspace: 6302K(6528K)->6302K(6528K) NonClass: 5769K(5888K)->5769K(5888K) Class: 533K(640K)->533K(640K)
[114.280s][info][gc             ] GC(318) Pause Full (Ergonomics) 7577M->7577M(7704M) 2564.071ms
[114.280s][info][gc,cpu         ] GC(318) User=18.97s Sys=0.00s Real=2.56s
[114.280s][info][gc,start       ] GC(319) Pause Full (Ergonomics)
[114.280s][info][gc,phases,start] GC(319) Marking Phase
[116.153s][info][gc,phases      ] GC(319) Marking Phase 1872.342ms
[116.153s][info][gc,phases,start] GC(319) Summary Phase
[116.153s][info][gc,phases      ] GC(319) Summary Phase 0.075ms
[116.153s][info][gc,phases,start] GC(319) Adjust Roots
[116.153s][info][gc,phases      ] GC(319) Adjust Roots 0.167ms
[116.153s][info][gc,phases,start] GC(319) Compaction Phase
[116.848s][info][gc,phases      ] GC(319) Compaction Phase 695.294ms
[116.848s][info][gc,phases,start] GC(319) Post Compact
[116.860s][info][gc,phases      ] GC(319) Post Compact 11.414ms
[116.860s][info][gc,heap        ] GC(319) PSYoungGen: 181809K(311808K)->181809K(311808K) Eden: 123903K(123904K)->123903K(123904K) From: 57905K(187904K)->57905K(187904K)
[116.860s][info][gc,heap        ] GC(319) ParOldGen: 7577483K(7577600K)->7577483K(7577600K)
[116.860s][info][gc,metaspace   ] GC(319) Metaspace: 6302K(6528K)->6302K(6528K) NonClass: 5769K(5888K)->5769K(5888K) Class: 533K(640K)->533K(640K)
[116.860s][info][gc             ] GC(319) Pause Full (Ergonomics) 7577M->7577M(7704M) 2579.650ms
[116.860s][info][gc,cpu         ] GC(319) User=18.81s Sys=0.00s Real=2.58s
[116.860s][info][gc,start       ] GC(320) Pause Full (Ergonomics)
[116.860s][info][gc,phases,start] GC(320) Marking Phase
[118.754s][info][gc,phases      ] GC(320) Marking Phase 1893.718ms
[118.754s][info][gc,phases,start] GC(320) Summary Phase
[118.754s][info][gc,phases      ] GC(320) Summary Phase 0.077ms
[118.754s][info][gc,phases,start] GC(320) Adjust Roots
[118.754s][info][gc,phases      ] GC(320) Adjust Roots 0.170ms
[118.754s][info][gc,phases,start] GC(320) Compaction Phase
[119.451s][info][gc,phases      ] GC(320) Compaction Phase 697.138ms
[119.451s][info][gc,phases,start] GC(320) Post Compact
[119.463s][info][gc,phases      ] GC(320) Post Compact 11.633ms
[119.463s][info][gc,heap        ] GC(320) PSYoungGen: 181809K(311808K)->181809K(311808K) Eden: 123903K(123904K)->123903K(123904K) From: 57905K(187904K)->57905K(187904K)
[119.463s][info][gc,heap        ] GC(320) ParOldGen: 7577488K(7577600K)->7577488K(7577600K)
[119.463s][info][gc,metaspace   ] GC(320) Metaspace: 6302K(6528K)->6302K(6528K) NonClass: 5769K(5888K)->5769K(5888K) Class: 533K(640K)->533K(640K)
[119.463s][info][gc             ] GC(320) Pause Full (Ergonomics) 7577M->7577M(7704M) 2603.090ms
[119.463s][info][gc,cpu         ] GC(320) User=19.11s Sys=0.00s Real=2.60s
[119.463s][info][gc,start       ] GC(321) Pause Full (Ergonomics)
[119.463s][info][gc,phases,start] GC(321) Marking Phase
[121.339s][info][gc,phases      ] GC(321) Marking Phase 1875.759ms
[121.339s][info][gc,phases,start] GC(321) Summary Phase
[121.339s][info][gc,phases      ] GC(321) Summary Phase 0.085ms
[121.339s][info][gc,phases,start] GC(321) Adjust Roots
[121.340s][info][gc,phases      ] GC(321) Adjust Roots 0.195ms
[121.340s][info][gc,phases,start] GC(321) Compaction Phase
[122.040s][info][gc,phases      ] GC(321) Compaction Phase 700.390ms
[122.040s][info][gc,phases,start] GC(321) Post Compact
[122.052s][info][gc,phases      ] GC(321) Post Compact 11.609ms
[122.052s][info][gc,heap        ] GC(321) PSYoungGen: 181809K(311808K)->181809K(311808K) Eden: 123903K(123904K)->123903K(123904K) From: 57905K(187904K)->57905K(187904K)
[122.052s][info][gc,heap        ] GC(321) ParOldGen: 7577493K(7577600K)->7577493K(7577600K)
[122.052s][info][gc,metaspace   ] GC(321) Metaspace: 6302K(6528K)->6302K(6528K) NonClass: 5769K(5888K)->5769K(5888K) Class: 533K(640K)->533K(640K)
[122.052s][info][gc             ] GC(321) Pause Full (Ergonomics) 7577M->7577M(7704M) 2588.411ms
[122.052s][info][gc,cpu         ] GC(321) User=18.80s Sys=0.00s Real=2.59s
[122.052s][info][gc,start       ] GC(322) Pause Full (Ergonomics)
[122.052s][info][gc,phases,start] GC(322) Marking Phase
[123.913s][info][gc,phases      ] GC(322) Marking Phase 1860.541ms
[123.913s][info][gc,phases,start] GC(322) Summary Phase
[123.913s][info][gc,phases      ] GC(322) Summary Phase 0.101ms
[123.913s][info][gc,phases,start] GC(322) Adjust Roots
[123.913s][info][gc,phases      ] GC(322) Adjust Roots 0.215ms
[123.913s][info][gc,phases,start] GC(322) Compaction Phase
[124.568s][info][gc,phases      ] GC(322) Compaction Phase 655.225ms
[124.568s][info][gc,phases,start] GC(322) Post Compact
[124.581s][info][gc,phases      ] GC(322) Post Compact 12.438ms
[124.581s][info][gc,heap        ] GC(322) PSYoungGen: 181809K(311808K)->181809K(311808K) Eden: 123903K(123904K)->123903K(123904K) From: 57905K(187904K)->57905K(187904K)
[124.581s][info][gc,heap        ] GC(322) ParOldGen: 7577498K(7577600K)->7577498K(7577600K)
[124.581s][info][gc,metaspace   ] GC(322) Metaspace: 6302K(6528K)->6302K(6528K) NonClass: 5769K(5888K)->5769K(5888K) Class: 533K(640K)->533K(640K)
[124.581s][info][gc             ] GC(322) Pause Full (Ergonomics) 7577M->7577M(7704M) 2528.874ms
[124.581s][info][gc,cpu         ] GC(322) User=18.72s Sys=0.00s Real=2.53s
[124.581s][info][gc,start       ] GC(323) Pause Full (Ergonomics)
[124.581s][info][gc,phases,start] GC(323) Marking Phase
[126.460s][info][gc,phases      ] GC(323) Marking Phase 1878.733ms
[126.460s][info][gc,phases,start] GC(323) Summary Phase
[126.460s][info][gc,phases      ] GC(323) Summary Phase 0.139ms
[126.460s][info][gc,phases,start] GC(323) Adjust Roots
[126.461s][info][gc,phases      ] GC(323) Adjust Roots 0.408ms
[126.461s][info][gc,phases,start] GC(323) Compaction Phase
[127.174s][info][gc,phases      ] GC(323) Compaction Phase 713.505ms
[127.174s][info][gc,phases,start] GC(323) Post Compact
[127.186s][info][gc,phases      ] GC(323) Post Compact 12.179ms
[127.187s][info][gc,heap        ] GC(323) PSYoungGen: 181809K(311808K)->181809K(311808K) Eden: 123903K(123904K)->123903K(123904K) From: 57905K(187904K)->57905K(187904K)
[127.187s][info][gc,heap        ] GC(323) ParOldGen: 7577503K(7577600K)->7577503K(7577600K)
[127.187s][info][gc,metaspace   ] GC(323) Metaspace: 6302K(6528K)->6302K(6528K) NonClass: 5769K(5888K)->5769K(5888K) Class: 533K(640K)->533K(640K)
[127.187s][info][gc             ] GC(323) Pause Full (Ergonomics) 7577M->7577M(7704M) 2605.380ms
[127.187s][info][gc,cpu         ] GC(323) User=18.94s Sys=0.00s Real=2.61s
[127.187s][info][gc,start       ] GC(324) Pause Full (Ergonomics)
[127.187s][info][gc,phases,start] GC(324) Marking Phase
[129.078s][info][gc,phases      ] GC(324) Marking Phase 1891.376ms
[129.078s][info][gc,phases,start] GC(324) Summary Phase
[129.078s][info][gc,phases      ] GC(324) Summary Phase 0.084ms
[129.078s][info][gc,phases,start] GC(324) Adjust Roots
[129.079s][info][gc,phases      ] GC(324) Adjust Roots 0.214ms
[129.079s][info][gc,phases,start] GC(324) Compaction Phase
[129.785s][info][gc,phases      ] GC(324) Compaction Phase 706.832ms
[129.786s][info][gc,phases,start] GC(324) Post Compact
[129.798s][info][gc,phases      ] GC(324) Post Compact 12.112ms
[129.798s][info][gc,heap        ] GC(324) PSYoungGen: 181809K(311808K)->181809K(311808K) Eden: 123903K(123904K)->123903K(123904K) From: 57905K(187904K)->57905K(187904K)
[129.798s][info][gc,heap        ] GC(324) ParOldGen: 7577507K(7577600K)->7577507K(7577600K)
[129.798s][info][gc,metaspace   ] GC(324) Metaspace: 6302K(6528K)->6302K(6528K) NonClass: 5769K(5888K)->5769K(5888K) Class: 533K(640K)->533K(640K)
[129.798s][info][gc             ] GC(324) Pause Full (Ergonomics) 7577M->7577M(7704M) 2611.004ms
[129.798s][info][gc,cpu         ] GC(324) User=18.81s Sys=0.00s Real=2.61s
[129.798s][info][gc,start       ] GC(325) Pause Full (Ergonomics)
[129.798s][info][gc,phases,start] GC(325) Marking Phase
[131.666s][info][gc,phases      ] GC(325) Marking Phase 1867.654ms
[131.666s][info][gc,phases,start] GC(325) Summary Phase
[131.666s][info][gc,phases      ] GC(325) Summary Phase 0.077ms
[131.666s][info][gc,phases,start] GC(325) Adjust Roots
[131.666s][info][gc,phases      ] GC(325) Adjust Roots 0.184ms
[131.666s][info][gc,phases,start] GC(325) Compaction Phase
[132.347s][info][gc,phases      ] GC(325) Compaction Phase 680.957ms
[132.347s][info][gc,phases,start] GC(325) Post Compact
[132.360s][info][gc,phases      ] GC(325) Post Compact 12.960ms
[132.360s][info][gc,heap        ] GC(325) PSYoungGen: 181809K(311808K)->181809K(311808K) Eden: 123903K(123904K)->123903K(123904K) From: 57905K(187904K)->57905K(187904K)
[132.360s][info][gc,heap        ] GC(325) ParOldGen: 7577512K(7577600K)->7577512K(7577600K)
[132.360s][info][gc,metaspace   ] GC(325) Metaspace: 6302K(6528K)->6302K(6528K) NonClass: 5769K(5888K)->5769K(5888K) Class: 533K(640K)->533K(640K)
[132.360s][info][gc             ] GC(325) Pause Full (Ergonomics) 7577M->7577M(7704M) 2562.156ms
[132.360s][info][gc,cpu         ] GC(325) User=18.66s Sys=0.02s Real=2.56s
[132.360s][info][gc,start       ] GC(326) Pause Full (Ergonomics)
[132.360s][info][gc,phases,start] GC(326) Marking Phase
[134.231s][info][gc,phases      ] GC(326) Marking Phase 1870.543ms
[134.231s][info][gc,phases,start] GC(326) Summary Phase
[134.231s][info][gc,phases      ] GC(326) Summary Phase 0.122ms
[134.231s][info][gc,phases,start] GC(326) Adjust Roots
[134.232s][info][gc,phases      ] GC(326) Adjust Roots 0.418ms
[134.232s][info][gc,phases,start] GC(326) Compaction Phase
[134.906s][info][gc,phases      ] GC(326) Compaction Phase 673.841ms
[134.906s][info][gc,phases,start] GC(326) Post Compact
[134.918s][info][gc,phases      ] GC(326) Post Compact 12.679ms
[134.918s][info][gc,heap        ] GC(326) PSYoungGen: 181809K(311808K)->181809K(311808K) Eden: 123903K(123904K)->123903K(123904K) From: 57905K(187904K)->57905K(187904K)
[134.918s][info][gc,heap        ] GC(326) ParOldGen: 7577517K(7577600K)->7577517K(7577600K)
[134.918s][info][gc,metaspace   ] GC(326) Metaspace: 6302K(6528K)->6302K(6528K) NonClass: 5769K(5888K)->5769K(5888K) Class: 533K(640K)->533K(640K)
[134.918s][info][gc             ] GC(326) Pause Full (Ergonomics) 7577M->7577M(7704M) 2558.013ms
[134.918s][info][gc,cpu         ] GC(326) User=19.00s Sys=0.00s Real=2.56s
[134.919s][info][gc,start       ] GC(327) Pause Full (Ergonomics)
[134.919s][info][gc,phases,start] GC(327) Marking Phase
[136.794s][info][gc,phases      ] GC(327) Marking Phase 1874.889ms
[136.794s][info][gc,phases,start] GC(327) Summary Phase
[136.794s][info][gc,phases      ] GC(327) Summary Phase 0.086ms
[136.794s][info][gc,phases,start] GC(327) Adjust Roots
[136.794s][info][gc,phases      ] GC(327) Adjust Roots 0.209ms
[136.794s][info][gc,phases,start] GC(327) Compaction Phase
[137.505s][info][gc,phases      ] GC(327) Compaction Phase 710.795ms
[137.505s][info][gc,phases,start] GC(327) Post Compact
[137.517s][info][gc,phases      ] GC(327) Post Compact 12.615ms
[137.517s][info][gc,heap        ] GC(327) PSYoungGen: 181809K(311808K)->181809K(311808K) Eden: 123903K(123904K)->123903K(123904K) From: 57905K(187904K)->57905K(187904K)
[137.518s][info][gc,heap        ] GC(327) ParOldGen: 7577522K(7577600K)->7577522K(7577600K)
[137.518s][info][gc,metaspace   ] GC(327) Metaspace: 6302K(6528K)->6302K(6528K) NonClass: 5769K(5888K)->5769K(5888K) Class: 533K(640K)->533K(640K)
[137.518s][info][gc             ] GC(327) Pause Full (Ergonomics) 7577M->7577M(7704M) 2598.927ms
[137.518s][info][gc,cpu         ] GC(327) User=18.88s Sys=0.03s Real=2.60s
[137.518s][info][gc,start       ] GC(328) Pause Full (Ergonomics)
[137.518s][info][gc,phases,start] GC(328) Marking Phase
[139.390s][info][gc,phases      ] GC(328) Marking Phase 1872.329ms
[139.390s][info][gc,phases,start] GC(328) Summary Phase
[139.390s][info][gc,phases      ] GC(328) Summary Phase 0.098ms
[139.390s][info][gc,phases,start] GC(328) Adjust Roots
[139.391s][info][gc,phases      ] GC(328) Adjust Roots 0.222ms
[139.391s][info][gc,phases,start] GC(328) Compaction Phase
[140.085s][info][gc,phases      ] GC(328) Compaction Phase 694.378ms
[140.085s][info][gc,phases,start] GC(328) Post Compact
[140.097s][info][gc,phases      ] GC(328) Post Compact 12.421ms
[140.097s][info][gc,heap        ] GC(328) PSYoungGen: 181809K(311808K)->181809K(311808K) Eden: 123903K(123904K)->123903K(123904K) From: 57905K(187904K)->57905K(187904K)
[140.098s][info][gc,heap        ] GC(328) ParOldGen: 7577527K(7577600K)->7577527K(7577600K)
[140.098s][info][gc,metaspace   ] GC(328) Metaspace: 6302K(6528K)->6302K(6528K) NonClass: 5769K(5888K)->5769K(5888K) Class: 533K(640K)->533K(640K)
[140.098s][info][gc             ] GC(328) Pause Full (Ergonomics) 7577M->7577M(7704M) 2579.799ms
[140.098s][info][gc,cpu         ] GC(328) User=18.81s Sys=0.00s Real=2.58s
[140.098s][info][gc,start       ] GC(329) Pause Full (Ergonomics)
[140.098s][info][gc,phases,start] GC(329) Marking Phase
[141.961s][info][gc,phases      ] GC(329) Marking Phase 1863.589ms
[141.961s][info][gc,phases,start] GC(329) Summary Phase
[141.961s][info][gc,phases      ] GC(329) Summary Phase 0.076ms
[141.962s][info][gc,phases,start] GC(329) Adjust Roots
[141.962s][info][gc,phases      ] GC(329) Adjust Roots 0.174ms
[141.962s][info][gc,phases,start] GC(329) Compaction Phase
[142.635s][info][gc,phases      ] GC(329) Compaction Phase 672.897ms
[142.635s][info][gc,phases,start] GC(329) Post Compact
[142.649s][info][gc,phases      ] GC(329) Post Compact 14.304ms
[142.649s][info][gc,heap        ] GC(329) PSYoungGen: 181809K(311808K)->181809K(311808K) Eden: 123903K(123904K)->123903K(123904K) From: 57905K(187904K)->57905K(187904K)
[142.649s][info][gc,heap        ] GC(329) ParOldGen: 7577532K(7577600K)->7577532K(7577600K)
[142.649s][info][gc,metaspace   ] GC(329) Metaspace: 6302K(6528K)->6302K(6528K) NonClass: 5769K(5888K)->5769K(5888K) Class: 533K(640K)->533K(640K)
[142.649s][info][gc             ] GC(329) Pause Full (Ergonomics) 7577M->7577M(7704M) 2551.363ms
[142.649s][info][gc,cpu         ] GC(329) User=18.61s Sys=0.00s Real=2.55s
[142.649s][info][gc,start       ] GC(330) Pause Full (Ergonomics)
[142.649s][info][gc,phases,start] GC(330) Marking Phase
[144.500s][info][gc,phases      ] GC(330) Marking Phase 1850.687ms
[144.500s][info][gc,phases,start] GC(330) Summary Phase
[144.500s][info][gc,phases      ] GC(330) Summary Phase 0.082ms
[144.500s][info][gc,phases,start] GC(330) Adjust Roots
[144.500s][info][gc,phases      ] GC(330) Adjust Roots 0.194ms
[144.500s][info][gc,phases,start] GC(330) Compaction Phase
[145.170s][info][gc,phases      ] GC(330) Compaction Phase 669.218ms
[145.170s][info][gc,phases,start] GC(330) Post Compact
[145.183s][info][gc,phases      ] GC(330) Post Compact 12.881ms
[145.183s][info][gc,heap        ] GC(330) PSYoungGen: 181809K(311808K)->181809K(311808K) Eden: 123903K(123904K)->123903K(123904K) From: 57905K(187904K)->57905K(187904K)
[145.183s][info][gc,heap        ] GC(330) ParOldGen: 7577536K(7577600K)->7577536K(7577600K)
[145.183s][info][gc,metaspace   ] GC(330) Metaspace: 6302K(6528K)->6302K(6528K) NonClass: 5769K(5888K)->5769K(5888K) Class: 533K(640K)->533K(640K)
[145.183s][info][gc             ] GC(330) Pause Full (Ergonomics) 7577M->7577M(7704M) 2533.481ms
[145.183s][info][gc,cpu         ] GC(330) User=18.75s Sys=0.00s Real=2.53s
[145.183s][info][gc,start       ] GC(331) Pause Full (Ergonomics)
[145.183s][info][gc,phases,start] GC(331) Marking Phase
[147.024s][info][gc,phases      ] GC(331) Marking Phase 1840.797ms
[147.024s][info][gc,phases,start] GC(331) Summary Phase
[147.024s][info][gc,phases      ] GC(331) Summary Phase 0.087ms
[147.024s][info][gc,phases,start] GC(331) Adjust Roots
[147.024s][info][gc,phases      ] GC(331) Adjust Roots 0.182ms
[147.024s][info][gc,phases,start] GC(331) Compaction Phase
[147.659s][info][gc,phases      ] GC(331) Compaction Phase 634.523ms
[147.659s][info][gc,phases,start] GC(331) Post Compact
[147.672s][info][gc,phases      ] GC(331) Post Compact 13.002ms
[147.672s][info][gc,heap        ] GC(331) PSYoungGen: 181809K(311808K)->181809K(311808K) Eden: 123903K(123904K)->123903K(123904K) From: 57905K(187904K)->57905K(187904K)
[147.672s][info][gc,heap        ] GC(331) ParOldGen: 7577541K(7577600K)->7577541K(7577600K)
[147.672s][info][gc,metaspace   ] GC(331) Metaspace: 6302K(6528K)->6302K(6528K) NonClass: 5769K(5888K)->5769K(5888K) Class: 533K(640K)->533K(640K)
[147.672s][info][gc             ] GC(331) Pause Full (Ergonomics) 7577M->7577M(7704M) 2488.913ms
[147.672s][info][gc,cpu         ] GC(331) User=18.56s Sys=0.00s Real=2.49s
[147.672s][info][gc,start       ] GC(332) Pause Full (Ergonomics)
[147.672s][info][gc,phases,start] GC(332) Marking Phase
[149.476s][info][gc,phases      ] GC(332) Marking Phase 1804.121ms
[149.476s][info][gc,phases,start] GC(332) Summary Phase
[149.476s][info][gc,phases      ] GC(332) Summary Phase 0.083ms
[149.476s][info][gc,phases,start] GC(332) Adjust Roots
[149.477s][info][gc,phases      ] GC(332) Adjust Roots 0.281ms
[149.477s][info][gc,phases,start] GC(332) Compaction Phase
[150.184s][info][gc,phases      ] GC(332) Compaction Phase 707.444ms
[150.184s][info][gc,phases,start] GC(332) Post Compact
[150.196s][info][gc,phases      ] GC(332) Post Compact 12.286ms
[150.197s][info][gc,heap        ] GC(332) PSYoungGen: 181809K(311808K)->181809K(311808K) Eden: 123903K(123904K)->123903K(123904K) From: 57905K(187904K)->57905K(187904K)
[150.197s][info][gc,heap        ] GC(332) ParOldGen: 7577546K(7577600K)->7577546K(7577600K)
[150.197s][info][gc,metaspace   ] GC(332) Metaspace: 6302K(6528K)->6302K(6528K) NonClass: 5769K(5888K)->5769K(5888K) Class: 533K(640K)->533K(640K)
[150.197s][info][gc             ] GC(332) Pause Full (Ergonomics) 7577M->7577M(7704M) 2524.540ms
[150.197s][info][gc,cpu         ] GC(332) User=18.16s Sys=0.00s Real=2.52s
[150.197s][info][gc,start       ] GC(333) Pause Full (Ergonomics)
[150.197s][info][gc,phases,start] GC(333) Marking Phase
[152.026s][info][gc,phases      ] GC(333) Marking Phase 1829.236ms
[152.026s][info][gc,phases,start] GC(333) Summary Phase
[152.026s][info][gc,phases      ] GC(333) Summary Phase 0.112ms
[152.026s][info][gc,phases,start] GC(333) Adjust Roots
[152.027s][info][gc,phases      ] GC(333) Adjust Roots 0.225ms
[152.027s][info][gc,phases,start] GC(333) Compaction Phase
[152.732s][info][gc,phases      ] GC(333) Compaction Phase 705.627ms
[152.732s][info][gc,phases,start] GC(333) Post Compact
[152.745s][info][gc,phases      ] GC(333) Post Compact 12.593ms
[152.745s][info][gc,heap        ] GC(333) PSYoungGen: 181809K(311808K)->181809K(311808K) Eden: 123903K(123904K)->123903K(123904K) From: 57905K(187904K)->57905K(187904K)
[152.745s][info][gc,heap        ] GC(333) ParOldGen: 7577551K(7577600K)->7577551K(7577600K)
[152.745s][info][gc,metaspace   ] GC(333) Metaspace: 6302K(6528K)->6302K(6528K) NonClass: 5769K(5888K)->5769K(5888K) Class: 533K(640K)->533K(640K)
[152.745s][info][gc             ] GC(333) Pause Full (Ergonomics) 7577M->7577M(7704M) 2548.169ms
[152.745s][info][gc,cpu         ] GC(333) User=18.39s Sys=0.00s Real=2.55s
[152.745s][info][gc,start       ] GC(334) Pause Full (Ergonomics)
[152.745s][info][gc,phases,start] GC(334) Marking Phase
[154.543s][info][gc,phases      ] GC(334) Marking Phase 1797.298ms
[154.543s][info][gc,phases,start] GC(334) Summary Phase
[154.543s][info][gc,phases      ] GC(334) Summary Phase 0.100ms
[154.543s][info][gc,phases,start] GC(334) Adjust Roots
[154.543s][info][gc,phases      ] GC(334) Adjust Roots 0.297ms
[154.543s][info][gc,phases,start] GC(334) Compaction Phase
[155.211s][info][gc,phases      ] GC(334) Compaction Phase 667.750ms
[155.211s][info][gc,phases,start] GC(334) Post Compact
[155.224s][info][gc,phases      ] GC(334) Post Compact 13.389ms
[155.224s][info][gc,heap        ] GC(334) PSYoungGen: 181809K(311808K)->181809K(311808K) Eden: 123903K(123904K)->123903K(123904K) From: 57905K(187904K)->57905K(187904K)
[155.224s][info][gc,heap        ] GC(334) ParOldGen: 7577556K(7577600K)->7577556K(7577600K)
[155.224s][info][gc,metaspace   ] GC(334) Metaspace: 6302K(6528K)->6302K(6528K) NonClass: 5769K(5888K)->5769K(5888K) Class: 533K(640K)->533K(640K)
[155.224s][info][gc             ] GC(334) Pause Full (Ergonomics) 7577M->7577M(7704M) 2479.145ms
[155.224s][info][gc,cpu         ] GC(334) User=18.17s Sys=0.02s Real=2.48s
[155.225s][info][gc,start       ] GC(335) Pause Full (Ergonomics)
[155.225s][info][gc,phases,start] GC(335) Marking Phase
[157.055s][info][gc,phases      ] GC(335) Marking Phase 1830.448ms
[157.055s][info][gc,phases,start] GC(335) Summary Phase
[157.055s][info][gc,phases      ] GC(335) Summary Phase 0.110ms
[157.055s][info][gc,phases,start] GC(335) Adjust Roots
[157.056s][info][gc,phases      ] GC(335) Adjust Roots 0.333ms
[157.056s][info][gc,phases,start] GC(335) Compaction Phase
[157.736s][info][gc,phases      ] GC(335) Compaction Phase 680.031ms
[157.736s][info][gc,phases,start] GC(335) Post Compact
[157.749s][info][gc,phases      ] GC(335) Post Compact 12.848ms
[157.749s][info][gc,heap        ] GC(335) PSYoungGen: 181809K(311808K)->181809K(311808K) Eden: 123903K(123904K)->123903K(123904K) From: 57905K(187904K)->57905K(187904K)
[157.749s][info][gc,heap        ] GC(335) ParOldGen: 7577561K(7577600K)->7577561K(7577600K)
[157.749s][info][gc,metaspace   ] GC(335) Metaspace: 6302K(6528K)->6302K(6528K) NonClass: 5769K(5888K)->5769K(5888K) Class: 533K(640K)->533K(640K)
[157.749s][info][gc             ] GC(335) Pause Full (Ergonomics) 7577M->7577M(7704M) 2524.186ms
[157.749s][info][gc,cpu         ] GC(335) User=18.55s Sys=0.00s Real=2.52s
[157.749s][info][gc,start       ] GC(336) Pause Full (Ergonomics)
[157.749s][info][gc,phases,start] GC(336) Marking Phase
[159.552s][info][gc,phases      ] GC(336) Marking Phase 1802.804ms
[159.552s][info][gc,phases,start] GC(336) Summary Phase
[159.552s][info][gc,phases      ] GC(336) Summary Phase 0.081ms
[159.552s][info][gc,phases,start] GC(336) Adjust Roots
[159.552s][info][gc,phases      ] GC(336) Adjust Roots 0.178ms
[159.552s][info][gc,phases,start] GC(336) Compaction Phase
[160.206s][info][gc,phases      ] GC(336) Compaction Phase 653.595ms
[160.206s][info][gc,phases,start] GC(336) Post Compact
[160.219s][info][gc,phases      ] GC(336) Post Compact 13.364ms
[160.219s][info][gc,heap        ] GC(336) PSYoungGen: 181809K(311808K)->181809K(311808K) Eden: 123903K(123904K)->123903K(123904K) From: 57905K(187904K)->57905K(187904K)
[160.219s][info][gc,heap        ] GC(336) ParOldGen: 7577565K(7577600K)->7577565K(7577600K)
[160.219s][info][gc,metaspace   ] GC(336) Metaspace: 6302K(6528K)->6302K(6528K) NonClass: 5769K(5888K)->5769K(5888K) Class: 533K(640K)->533K(640K)
[160.219s][info][gc             ] GC(336) Pause Full (Ergonomics) 7577M->7577M(7704M) 2470.335ms
[160.219s][info][gc,cpu         ] GC(336) User=18.06s Sys=0.02s Real=2.47s
[160.220s][info][gc,start       ] GC(337) Pause Full (Ergonomics)
[160.220s][info][gc,phases,start] GC(337) Marking Phase
[162.031s][info][gc,phases      ] GC(337) Marking Phase 1811.212ms
[162.031s][info][gc,phases,start] GC(337) Summary Phase
[162.031s][info][gc,phases      ] GC(337) Summary Phase 0.080ms
[162.031s][info][gc,phases,start] GC(337) Adjust Roots
[162.031s][info][gc,phases      ] GC(337) Adjust Roots 0.210ms
[162.031s][info][gc,phases,start] GC(337) Compaction Phase
[162.695s][info][gc,phases      ] GC(337) Compaction Phase 663.878ms
[162.695s][info][gc,phases,start] GC(337) Post Compact
[162.707s][info][gc,phases      ] GC(337) Post Compact 11.487ms
[162.707s][info][gc,heap        ] GC(337) PSYoungGen: 181809K(311808K)->181809K(311808K) Eden: 123903K(123904K)->123903K(123904K) From: 57905K(187904K)->57905K(187904K)
[162.707s][info][gc,heap        ] GC(337) ParOldGen: 7577570K(7577600K)->7577570K(7577600K)
[162.707s][info][gc,metaspace   ] GC(337) Metaspace: 6302K(6528K)->6302K(6528K) NonClass: 5769K(5888K)->5769K(5888K) Class: 533K(640K)->533K(640K)
[162.707s][info][gc             ] GC(337) Pause Full (Ergonomics) 7577M->7577M(7704M) 2487.373ms
[162.707s][info][gc,cpu         ] GC(337) User=18.28s Sys=0.00s Real=2.49s
[162.707s][info][gc,start       ] GC(338) Pause Full (Ergonomics)
[162.707s][info][gc,phases,start] GC(338) Marking Phase
[164.511s][info][gc,phases      ] GC(338) Marking Phase 1803.797ms
[164.511s][info][gc,phases,start] GC(338) Summary Phase
[164.511s][info][gc,phases      ] GC(338) Summary Phase 0.088ms
[164.511s][info][gc,phases,start] GC(338) Adjust Roots
[164.511s][info][gc,phases      ] GC(338) Adjust Roots 0.242ms
[164.511s][info][gc,phases,start] GC(338) Compaction Phase
[165.160s][info][gc,phases      ] GC(338) Compaction Phase 648.297ms
[165.160s][info][gc,phases,start] GC(338) Post Compact
[165.171s][info][gc,phases      ] GC(338) Post Compact 11.575ms
[165.171s][info][gc,heap        ] GC(338) PSYoungGen: 181809K(311808K)->181809K(311808K) Eden: 123903K(123904K)->123903K(123904K) From: 57905K(187904K)->57905K(187904K)
[165.171s][info][gc,heap        ] GC(338) ParOldGen: 7577575K(7577600K)->7577575K(7577600K)
[165.171s][info][gc,metaspace   ] GC(338) Metaspace: 6302K(6528K)->6302K(6528K) NonClass: 5769K(5888K)->5769K(5888K) Class: 533K(640K)->533K(640K)
[165.171s][info][gc             ] GC(338) Pause Full (Ergonomics) 7577M->7577M(7704M) 2464.361ms
[165.171s][info][gc,cpu         ] GC(338) User=18.14s Sys=0.02s Real=2.46s
[165.172s][info][gc,start       ] GC(339) Pause Full (Ergonomics)
[165.172s][info][gc,phases,start] GC(339) Marking Phase
[166.972s][info][gc,phases      ] GC(339) Marking Phase 1800.259ms
[166.972s][info][gc,phases,start] GC(339) Summary Phase
[166.972s][info][gc,phases      ] GC(339) Summary Phase 0.077ms
[166.972s][info][gc,phases,start] GC(339) Adjust Roots
[166.972s][info][gc,phases      ] GC(339) Adjust Roots 0.166ms
[166.972s][info][gc,phases,start] GC(339) Compaction Phase
[167.608s][info][gc,phases      ] GC(339) Compaction Phase 635.904ms
[167.608s][info][gc,phases,start] GC(339) Post Compact
[167.620s][info][gc,phases      ] GC(339) Post Compact 11.626ms
[167.620s][info][gc,heap        ] GC(339) PSYoungGen: 181809K(311808K)->181809K(311808K) Eden: 123903K(123904K)->123903K(123904K) From: 57905K(187904K)->57905K(187904K)
[167.620s][info][gc,heap        ] GC(339) ParOldGen: 7577580K(7577600K)->7577580K(7577600K)
[167.620s][info][gc,metaspace   ] GC(339) Metaspace: 6302K(6528K)->6302K(6528K) NonClass: 5769K(5888K)->5769K(5888K) Class: 533K(640K)->533K(640K)
[167.620s][info][gc             ] GC(339) Pause Full (Ergonomics) 7577M->7577M(7704M) 2448.388ms
[167.620s][info][gc,cpu         ] GC(339) User=18.09s Sys=0.03s Real=2.45s
[167.620s][info][gc,start       ] GC(340) Pause Full (Ergonomics)
[167.620s][info][gc,phases,start] GC(340) Marking Phase
[169.407s][info][gc,phases      ] GC(340) Marking Phase 1786.881ms
[169.407s][info][gc,phases,start] GC(340) Summary Phase
[169.407s][info][gc,phases      ] GC(340) Summary Phase 0.116ms
[169.407s][info][gc,phases,start] GC(340) Adjust Roots
[169.408s][info][gc,phases      ] GC(340) Adjust Roots 0.289ms
[169.408s][info][gc,phases,start] GC(340) Compaction Phase
[170.077s][info][gc,phases      ] GC(340) Compaction Phase 668.956ms
[170.077s][info][gc,phases,start] GC(340) Post Compact
[170.088s][info][gc,phases      ] GC(340) Post Compact 11.463ms
[170.088s][info][gc,heap        ] GC(340) PSYoungGen: 181809K(311808K)->181809K(311808K) Eden: 123903K(123904K)->123903K(123904K) From: 57905K(187904K)->57905K(187904K)
[170.088s][info][gc,heap        ] GC(340) ParOldGen: 7577585K(7577600K)->7577585K(7577600K)
[170.088s][info][gc,metaspace   ] GC(340) Metaspace: 6302K(6528K)->6302K(6528K) NonClass: 5769K(5888K)->5769K(5888K) Class: 533K(640K)->533K(640K)
[170.088s][info][gc             ] GC(340) Pause Full (Ergonomics) 7577M->7577M(7704M) 2468.082ms
[170.088s][info][gc,cpu         ] GC(340) User=17.92s Sys=0.02s Real=2.47s
[170.089s][info][gc,start       ] GC(341) Pause Full (Ergonomics)
[170.089s][info][gc,phases,start] GC(341) Marking Phase
[171.886s][info][gc,phases      ] GC(341) Marking Phase 1797.508ms
[171.886s][info][gc,phases,start] GC(341) Summary Phase
[171.886s][info][gc,phases      ] GC(341) Summary Phase 0.076ms
[171.886s][info][gc,phases,start] GC(341) Adjust Roots
[171.887s][info][gc,phases      ] GC(341) Adjust Roots 0.193ms
[171.887s][info][gc,phases,start] GC(341) Compaction Phase
[172.547s][info][gc,phases      ] GC(341) Compaction Phase 659.974ms
[172.547s][info][gc,phases,start] GC(341) Post Compact
[172.559s][info][gc,phases      ] GC(341) Post Compact 12.006ms
[172.559s][info][gc,heap        ] GC(341) PSYoungGen: 181809K(311808K)->181809K(311808K) Eden: 123903K(123904K)->123903K(123904K) From: 57905K(187904K)->57905K(187904K)
[172.559s][info][gc,heap        ] GC(341) ParOldGen: 7577590K(7577600K)->7577590K(7577600K)
[172.559s][info][gc,metaspace   ] GC(341) Metaspace: 6302K(6528K)->6302K(6528K) NonClass: 5769K(5888K)->5769K(5888K) Class: 533K(640K)->533K(640K)
[172.559s][info][gc             ] GC(341) Pause Full (Ergonomics) 7577M->7577M(7704M) 2470.138ms
[172.559s][info][gc,cpu         ] GC(341) User=17.89s Sys=0.02s Real=2.47s
[172.559s][info][gc,start       ] GC(342) Pause Full (Ergonomics)
[172.559s][info][gc,phases,start] GC(342) Marking Phase
[174.368s][info][gc,phases      ] GC(342) Marking Phase 1809.256ms
[174.368s][info][gc,phases,start] GC(342) Summary Phase
[174.368s][info][gc,phases      ] GC(342) Summary Phase 0.110ms
[174.368s][info][gc,phases,start] GC(342) Adjust Roots
[174.369s][info][gc,phases      ] GC(342) Adjust Roots 0.215ms
[174.369s][info][gc,phases,start] GC(342) Compaction Phase
[175.009s][info][gc,phases      ] GC(342) Compaction Phase 640.752ms
[175.010s][info][gc,phases,start] GC(342) Post Compact
[175.021s][info][gc,phases      ] GC(342) Post Compact 11.575ms
[175.021s][info][gc,heap        ] GC(342) PSYoungGen: 181809K(311808K)->181809K(311808K) Eden: 123903K(123904K)->123903K(123904K) From: 57905K(187904K)->57905K(187904K)
[175.021s][info][gc,heap        ] GC(342) ParOldGen: 7577594K(7577600K)->7577594K(7577600K)
[175.021s][info][gc,metaspace   ] GC(342) Metaspace: 6302K(6528K)->6302K(6528K) NonClass: 5769K(5888K)->5769K(5888K) Class: 533K(640K)->533K(640K)
[175.021s][info][gc             ] GC(342) Pause Full (Ergonomics) 7577M->7577M(7704M) 2462.277ms
[175.021s][info][gc,cpu         ] GC(342) User=17.97s Sys=0.02s Real=2.46s
[175.021s][info][gc,start       ] GC(343) Pause Full (Ergonomics)
[175.021s][info][gc,phases,start] GC(343) Marking Phase
[176.794s][info][gc,phases      ] GC(343) Marking Phase 1772.084ms
[176.794s][info][gc,phases,start] GC(343) Summary Phase
[176.794s][info][gc,phases      ] GC(343) Summary Phase 0.080ms
[176.794s][info][gc,phases,start] GC(343) Adjust Roots
[176.794s][info][gc,phases      ] GC(343) Adjust Roots 0.176ms
[176.794s][info][gc,phases,start] GC(343) Compaction Phase
[177.426s][info][gc,phases      ] GC(343) Compaction Phase 631.677ms
[177.426s][info][gc,phases,start] GC(343) Post Compact
[177.437s][info][gc,phases      ] GC(343) Post Compact 11.593ms
[177.437s][info][gc,heap        ] GC(343) PSYoungGen: 181809K(311808K)->181809K(311808K) Eden: 123903K(123904K)->123903K(123904K) From: 57905K(187904K)->57905K(187904K)
[177.437s][info][gc,heap        ] GC(343) ParOldGen: 7577599K(7577600K)->7577599K(7577600K)
[177.437s][info][gc,metaspace   ] GC(343) Metaspace: 6302K(6528K)->6302K(6528K) NonClass: 5769K(5888K)->5769K(5888K) Class: 533K(640K)->533K(640K)
[177.437s][info][gc             ] GC(343) Pause Full (Ergonomics) 7577M->7577M(7704M) 2415.961ms
[177.437s][info][gc,cpu         ] GC(343) User=17.77s Sys=0.02s Real=2.42s
[177.438s][info][gc,start       ] GC(344) Pause Full (Ergonomics)
[177.438s][info][gc,phases,start] GC(344) Marking Phase
[179.216s][info][gc,phases      ] GC(344) Marking Phase 1778.799ms
[179.216s][info][gc,phases,start] GC(344) Summary Phase
[179.217s][info][gc,phases      ] GC(344) Summary Phase 0.080ms
[179.217s][info][gc,phases,start] GC(344) Adjust Roots
[179.217s][info][gc,phases      ] GC(344) Adjust Roots 0.166ms
[179.217s][info][gc,phases,start] GC(344) Compaction Phase
[179.869s][info][gc,phases      ] GC(344) Compaction Phase 652.674ms
[179.870s][info][gc,phases,start] GC(344) Post Compact
[179.881s][info][gc,phases      ] GC(344) Post Compact 11.666ms
[179.881s][info][gc,heap        ] GC(344) PSYoungGen: 181809K(311808K)->181809K(311808K) Eden: 123903K(123904K)->123903K(123904K) From: 57905K(187904K)->57905K(187904K)
[179.881s][info][gc,heap        ] GC(344) ParOldGen: 7577600K(7577600K)->7577600K(7577600K)
[179.881s][info][gc,metaspace   ] GC(344) Metaspace: 6302K(6528K)->6302K(6528K) NonClass: 5769K(5888K)->5769K(5888K) Class: 533K(640K)->533K(640K)
[179.881s][info][gc             ] GC(344) Pause Full (Ergonomics) 7577M->7577M(7704M) 2443.718ms
[179.881s][info][gc,cpu         ] GC(344) User=17.89s Sys=0.02s Real=2.44s
[179.881s][info][gc,start       ] GC(345) Pause Full (Allocation Failure)
[179.881s][info][gc,phases,start] GC(345) Marking Phase
[181.635s][info][gc,phases      ] GC(345) Marking Phase 1753.251ms
[181.635s][info][gc,phases,start] GC(345) Summary Phase
[181.635s][info][gc,phases      ] GC(345) Summary Phase 0.112ms
[181.635s][info][gc,phases,start] GC(345) Adjust Roots
[181.635s][info][gc,phases      ] GC(345) Adjust Roots 0.468ms
[181.635s][info][gc,phases,start] GC(345) Compaction Phase
[183.593s][info][gc,phases      ] GC(345) Compaction Phase 1957.686ms
[183.593s][info][gc,phases,start] GC(345) Post Compact
[183.606s][info][gc,phases      ] GC(345) Post Compact 12.537ms
[183.606s][info][gc,heap        ] GC(345) PSYoungGen: 181809K(311808K)->181809K(311808K) Eden: 123903K(123904K)->123903K(123904K) From: 57905K(187904K)->57905K(187904K)
[183.606s][info][gc,heap        ] GC(345) ParOldGen: 7577600K(7577600K)->7577595K(7577600K)
[183.606s][info][gc,metaspace   ] GC(345) Metaspace: 6302K(6528K)->6300K(6528K) NonClass: 5769K(5888K)->5768K(5888K) Class: 533K(640K)->532K(640K)
[183.606s][info][gc             ] GC(345) Pause Full (Allocation Failure) 7577M->7577M(7704M) 3724.399ms
[183.606s][info][gc,cpu         ] GC(345) User=26.81s Sys=0.02s Real=3.72s
[183.606s][info][gc,start       ] GC(346) Pause Full (Ergonomics)
[183.606s][info][gc,phases,start] GC(346) Marking Phase
[185.400s][info][gc,phases      ] GC(346) Marking Phase 1793.554ms
[185.400s][info][gc,phases,start] GC(346) Summary Phase
[185.400s][info][gc,phases      ] GC(346) Summary Phase 0.150ms
[185.400s][info][gc,phases,start] GC(346) Adjust Roots
[185.400s][info][gc,phases      ] GC(346) Adjust Roots 0.375ms
[185.401s][info][gc,phases,start] GC(346) Compaction Phase
[186.045s][info][gc,phases      ] GC(346) Compaction Phase 644.314ms
[186.045s][info][gc,phases,start] GC(346) Post Compact
[186.059s][info][gc,phases      ] GC(346) Post Compact 13.932ms
[186.059s][info][gc,heap        ] GC(346) PSYoungGen: 181809K(311808K)->181809K(311808K) Eden: 123903K(123904K)->123903K(123904K) From: 57905K(187904K)->57905K(187904K)
[186.059s][info][gc,heap        ] GC(346) ParOldGen: 7577599K(7577600K)->7577599K(7577600K)
[186.059s][info][gc,metaspace   ] GC(346) Metaspace: 6300K(6528K)->6300K(6528K) NonClass: 5768K(5888K)->5768K(5888K) Class: 532K(640K)->532K(640K)
[186.059s][info][gc             ] GC(346) Pause Full (Ergonomics) 7577M->7577M(7704M) 2452.751ms
[186.059s][info][gc,cpu         ] GC(346) User=17.64s Sys=0.00s Real=2.45s
[186.059s][info][gc,start       ] GC(347) Pause Full (Allocation Failure)
[186.059s][info][gc,phases,start] GC(347) Marking Phase
[187.851s][info][gc,phases      ] GC(347) Marking Phase 1791.993ms
[187.851s][info][gc,phases,start] GC(347) Summary Phase
[187.851s][info][gc,phases      ] GC(347) Summary Phase 0.143ms
[187.851s][info][gc,phases,start] GC(347) Adjust Roots
[187.852s][info][gc,phases      ] GC(347) Adjust Roots 0.328ms
[187.852s][info][gc,phases,start] GC(347) Compaction Phase
[188.506s][info][gc,phases      ] GC(347) Compaction Phase 653.948ms
[188.506s][info][gc,phases,start] GC(347) Post Compact
[188.520s][info][gc,phases      ] GC(347) Post Compact 13.776ms
[188.520s][info][gc,heap        ] GC(347) PSYoungGen: 181809K(311808K)->181809K(311808K) Eden: 123903K(123904K)->123903K(123904K) From: 57905K(187904K)->57905K(187904K)
[188.520s][info][gc,heap        ] GC(347) ParOldGen: 7577599K(7577600K)->7577599K(7577600K)
[188.520s][info][gc,metaspace   ] GC(347) Metaspace: 6300K(6528K)->6300K(6528K) NonClass: 5768K(5888K)->5768K(5888K) Class: 532K(640K)->532K(640K)
[188.520s][info][gc             ] GC(347) Pause Full (Allocation Failure) 7577M->7577M(7704M) 2460.578ms
[188.520s][info][gc,cpu         ] GC(347) User=17.83s Sys=0.02s Real=2.46s
[188.520s][info][gc,start       ] GC(348) Pause Full (Ergonomics)
[188.520s][info][gc,phases,start] GC(348) Marking Phase
[190.260s][info][gc,phases      ] GC(348) Marking Phase 1740.178ms
[190.260s][info][gc,phases,start] GC(348) Summary Phase
[190.260s][info][gc,phases      ] GC(348) Summary Phase 0.108ms
[190.260s][info][gc,phases,start] GC(348) Adjust Roots
[190.261s][info][gc,phases      ] GC(348) Adjust Roots 0.322ms
[190.261s][info][gc,phases,start] GC(348) Compaction Phase
[192.210s][info][gc,phases      ] GC(348) Compaction Phase 1949.470ms
[192.210s][info][gc,phases,start] GC(348) Post Compact
[192.222s][info][gc,phases      ] GC(348) Post Compact 12.106ms
[192.223s][info][gc,heap        ] GC(348) PSYoungGen: 181809K(311808K)->181809K(311808K) Eden: 123903K(123904K)->123903K(123904K) From: 57905K(187904K)->57905K(187904K)
[192.223s][info][gc,heap        ] GC(348) ParOldGen: 7577599K(7577600K)->7577598K(7577600K)
[192.223s][info][gc,metaspace   ] GC(348) Metaspace: 6300K(6528K)->6300K(6528K) NonClass: 5768K(5888K)->5768K(5888K) Class: 532K(640K)->532K(640K)
[192.223s][info][gc             ] GC(348) Pause Full (Ergonomics) 7577M->7577M(7704M) 3702.550ms
[192.223s][info][gc,cpu         ] GC(348) User=27.25s Sys=0.02s Real=3.70s
[192.223s][info][gc,start       ] GC(349) Pause Full (Ergonomics)
[192.223s][info][gc,phases,start] GC(349) Marking Phase
[193.987s][info][gc,phases      ] GC(349) Marking Phase 1764.289ms
[193.987s][info][gc,phases,start] GC(349) Summary Phase
[193.987s][info][gc,phases      ] GC(349) Summary Phase 0.083ms
[193.987s][info][gc,phases,start] GC(349) Adjust Roots
[193.988s][info][gc,phases      ] GC(349) Adjust Roots 0.190ms
[193.988s][info][gc,phases,start] GC(349) Compaction Phase
[194.622s][info][gc,phases      ] GC(349) Compaction Phase 634.778ms
[194.622s][info][gc,phases,start] GC(349) Post Compact
[194.634s][info][gc,phases      ] GC(349) Post Compact 11.742ms
[194.634s][info][gc,heap        ] GC(349) PSYoungGen: 181809K(311808K)->181809K(311808K) Eden: 123903K(123904K)->123903K(123904K) From: 57905K(187904K)->57905K(187904K)
[194.634s][info][gc,heap        ] GC(349) ParOldGen: 7577598K(7577600K)->7577598K(7577600K)
[194.634s][info][gc,metaspace   ] GC(349) Metaspace: 6300K(6528K)->6300K(6528K) NonClass: 5768K(5888K)->5768K(5888K) Class: 532K(640K)->532K(640K)
[194.634s][info][gc             ] GC(349) Pause Full (Ergonomics) 7577M->7577M(7704M) 2411.410ms
[194.634s][info][gc,cpu         ] GC(349) User=17.72s Sys=0.02s Real=2.41s
[194.636s][info][gc,start       ] GC(350) Pause Full (Ergonomics)
[194.636s][info][gc,phases,start] GC(350) Marking Phase
[196.424s][info][gc,phases      ] GC(350) Marking Phase 1788.537ms
[196.424s][info][gc,phases,start] GC(350) Summary Phase
[196.424s][info][gc,phases      ] GC(350) Summary Phase 0.123ms
[196.424s][info][gc,phases,start] GC(350) Adjust Roots
[196.425s][info][gc,phases      ] GC(350) Adjust Roots 0.454ms
[196.425s][info][gc,phases,start] GC(350) Compaction Phase
[198.356s][info][gc,phases      ] GC(350) Compaction Phase 1931.127ms
[198.356s][info][gc,phases,start] GC(350) Post Compact
[198.370s][info][gc,phases      ] GC(350) Post Compact 13.722ms
[198.370s][info][gc,heap        ] GC(350) PSYoungGen: 181809K(311808K)->181809K(311808K) Eden: 123903K(123904K)->123903K(123904K) From: 57905K(187904K)->57905K(187904K)
[198.370s][info][gc,heap        ] GC(350) ParOldGen: 7577599K(7577600K)->7577596K(7577600K)
[198.370s][info][gc,metaspace   ] GC(350) Metaspace: 6302K(6528K)->6302K(6528K) NonClass: 5768K(5888K)->5768K(5888K) Class: 533K(640K)->533K(640K)
[198.370s][info][gc             ] GC(350) Pause Full (Ergonomics) 7577M->7577M(7704M) 3734.364ms
[198.370s][info][gc,cpu         ] GC(350) User=25.23s Sys=0.06s Real=3.73s
[198.370s][info][gc,heap,exit   ] Heap
[198.370s][info][gc,heap,exit   ]  PSYoungGen      total 311808K, used 181809K [0x0000000718c00000, 0x0000000739080000, 0x0000000800000000)
[198.370s][info][gc,heap,exit   ]   eden space 123904K, 99% used [0x0000000718c00000,0x00000007204ffff8,0x0000000720500000)
[198.370s][info][gc,heap,exit   ]   from space 187904K, 30% used [0x000000072c480000,0x000000072fd0c458,0x0000000737c00000)
[198.370s][info][gc,heap,exit   ]   to   space 196096K, 0% used [0x0000000720500000,0x0000000720500000,0x000000072c480000)
[198.371s][info][gc,heap,exit   ]  ParOldGen       total 7577600K, used 7577597K [0x000000054a400000, 0x0000000718c00000, 0x0000000718c00000)
[198.371s][info][gc,heap,exit   ]   object space 7577600K, 99% used [0x000000054a400000,0x0000000718bff768,0x0000000718c00000)
[198.371s][info][gc,heap,exit   ]  Metaspace       used 6305K, committed 6528K, reserved 1114112K
[198.371s][info][gc,heap,exit   ]   class space    used 534K, committed 640K, reserved 1048576K
