[0.010s][info][gc,init] CardTable entry size: 512
[0.011s][info][gc     ] Using Parallel
[0.011s][info][gc,init] Version: 18.0.1+10 (release)
[0.011s][info][gc,init] CPUs: 8 total, 8 available
[0.011s][info][gc,init] Memory: 16063M
[0.011s][info][gc,init] Large Page Support: Disabled
[0.011s][info][gc,init] NUMA Support: Disabled
[0.011s][info][gc,init] Compressed Oops: Enabled (Zero based)
[0.011s][info][gc,init] Alignments: Space 512K, Generation 512K, Heap 2M
[0.012s][info][gc,init] Heap Min Capacity: 2M
[0.012s][info][gc,init] Heap Initial Capacity: 2M
[0.012s][info][gc,init] Heap Max Capacity: 7300M
[0.012s][info][gc,init] Pre-touch: Disabled
[0.012s][info][gc,init] Parallel Workers: 8
[0.012s][info][gc,metaspace] CDS archive(s) not mapped
[0.012s][info][gc,metaspace] Compressed class space mapped at: 0x0000000800000000-0x0000000840000000, reserved size: 1073741824
[0.012s][info][gc,metaspace] Narrow klass base: 0x0000000800000000, Narrow klass shift: 0, Narrow klass range: 0x40000000
[0.094s][info][gc,start    ] GC(0) Pause Young (Allocation Failure)
[0.095s][info][gc,heap     ] GC(0) PSYoungGen: 512K(1024K)->480K(1024K) Eden: 512K(512K)->0K(512K) From: 0K(512K)->480K(512K)
[0.095s][info][gc,heap     ] GC(0) ParOldGen: 0K(512K)->8K(512K)
[0.095s][info][gc,metaspace] GC(0) Metaspace: 4230K(4352K)->4230K(4352K) NonClass: 3909K(3968K)->3909K(3968K) Class: 321K(384K)->321K(384K)
[0.095s][info][gc          ] GC(0) Pause Young (Allocation Failure) 0M->0M(1M) 1.196ms
[0.095s][info][gc,cpu      ] GC(0) User=0.00s Sys=0.00s Real=0.00s
[0.161s][info][gc,start    ] GC(1) Pause Young (Allocation Failure)
[0.162s][info][gc,heap     ] GC(1) PSYoungGen: 991K(1024K)->512K(1536K) Eden: 511K(512K)->0K(1024K) From: 480K(512K)->512K(512K)
[0.162s][info][gc,heap     ] GC(1) ParOldGen: 8K(512K)->88K(512K)
[0.162s][info][gc,metaspace] GC(1) Metaspace: 5881K(6016K)->5881K(6016K) NonClass: 5384K(5504K)->5384K(5504K) Class: 496K(512K)->496K(512K)
[0.162s][info][gc          ] GC(1) Pause Young (Allocation Failure) 0M->0M(2M) 0.959ms
[0.162s][info][gc,cpu      ] GC(1) User=0.00s Sys=0.00s Real=0.00s
[0.182s][info][gc,start    ] GC(2) Pause Young (Allocation Failure)
[0.183s][info][gc,heap     ] GC(2) PSYoungGen: 1536K(1536K)->512K(1536K) Eden: 1024K(1024K)->0K(1024K) From: 512K(512K)->512K(512K)
[0.183s][info][gc,heap     ] GC(2) ParOldGen: 88K(512K)->520K(1024K)
[0.183s][info][gc,metaspace] GC(2) Metaspace: 6300K(6464K)->6300K(6464K) NonClass: 5767K(5824K)->5767K(5824K) Class: 533K(640K)->533K(640K)
[0.183s][info][gc          ] GC(2) Pause Young (Allocation Failure) 1M->1M(2M) 1.224ms
[0.183s][info][gc,cpu      ] GC(2) User=0.00s Sys=0.00s Real=0.00s
[0.185s][info][gc,start    ] GC(3) Pause Young (Allocation Failure)
[0.186s][info][gc,heap     ] GC(3) PSYoungGen: 1536K(1536K)->480K(2560K) Eden: 1024K(1024K)->0K(2048K) From: 512K(512K)->480K(512K)
[0.186s][info][gc,heap     ] GC(3) ParOldGen: 520K(1024K)->1072K(1536K)
[0.186s][info][gc,metaspace] GC(3) Metaspace: 6300K(6464K)->6300K(6464K) NonClass: 5767K(5824K)->5767K(5824K) Class: 533K(640K)->533K(640K)
[0.186s][info][gc          ] GC(3) Pause Young (Allocation Failure) 2M->1M(4M) 1.248ms
[0.186s][info][gc,cpu      ] GC(3) User=0.00s Sys=0.00s Real=0.00s
[0.186s][info][gc,start    ] GC(4) Pause Full (Ergonomics)
[0.186s][info][gc,phases,start] GC(4) Marking Phase
[0.187s][info][gc,phases      ] GC(4) Marking Phase 1.054ms
[0.187s][info][gc,phases,start] GC(4) Summary Phase
[0.187s][info][gc,phases      ] GC(4) Summary Phase 0.014ms
[0.187s][info][gc,phases,start] GC(4) Adjust Roots
[0.188s][info][gc,phases      ] GC(4) Adjust Roots 0.346ms
[0.188s][info][gc,phases,start] GC(4) Compaction Phase
[0.190s][info][gc,phases      ] GC(4) Compaction Phase 2.075ms
[0.190s][info][gc,phases,start] GC(4) Post Compact
[0.190s][info][gc,phases      ] GC(4) Post Compact 0.112ms
[0.190s][info][gc,heap        ] GC(4) PSYoungGen: 480K(2560K)->0K(2560K) Eden: 0K(2048K)->0K(2048K) From: 480K(512K)->0K(512K)
[0.190s][info][gc,heap        ] GC(4) ParOldGen: 1072K(1536K)->1495K(3584K)
[0.190s][info][gc,metaspace   ] GC(4) Metaspace: 6300K(6464K)->6300K(6464K) NonClass: 5767K(5824K)->5767K(5824K) Class: 533K(640K)->533K(640K)
[0.190s][info][gc             ] GC(4) Pause Full (Ergonomics) 1M->1M(6M) 3.971ms
[0.190s][info][gc,cpu         ] GC(4) User=0.00s Sys=0.00s Real=0.00s
[0.193s][info][gc,start       ] GC(5) Pause Young (Allocation Failure)
[0.194s][info][gc,heap        ] GC(5) PSYoungGen: 2048K(2560K)->480K(3584K) Eden: 2048K(2048K)->0K(3072K) From: 0K(512K)->480K(512K)
[0.194s][info][gc,heap        ] GC(5) ParOldGen: 1495K(3584K)->2111K(3584K)
[0.194s][info][gc,metaspace   ] GC(5) Metaspace: 6300K(6464K)->6300K(6464K) NonClass: 5767K(5824K)->5767K(5824K) Class: 533K(640K)->533K(640K)
[0.194s][info][gc             ] GC(5) Pause Young (Allocation Failure) 3M->2M(7M) 1.206ms
[0.194s][info][gc,cpu         ] GC(5) User=0.00s Sys=0.00s Real=0.00s
[0.198s][info][gc,start       ] GC(6) Pause Young (Allocation Failure)
[0.200s][info][gc,heap        ] GC(6) PSYoungGen: 3552K(3584K)->1504K(4608K) Eden: 3072K(3072K)->0K(3072K) From: 480K(512K)->1504K(1536K)
[0.200s][info][gc,heap        ] GC(6) ParOldGen: 2111K(3584K)->2679K(3584K)
[0.200s][info][gc,metaspace   ] GC(6) Metaspace: 6300K(6464K)->6300K(6464K) NonClass: 5767K(5824K)->5767K(5824K) Class: 533K(640K)->533K(640K)
[0.200s][info][gc             ] GC(6) Pause Young (Allocation Failure) 5M->4M(8M) 2.118ms
[0.200s][info][gc,cpu         ] GC(6) User=0.00s Sys=0.00s Real=0.00s
[0.205s][info][gc,start       ] GC(7) Pause Young (Allocation Failure)
[0.207s][info][gc,heap        ] GC(7) PSYoungGen: 4576K(4608K)->2016K(7168K) Eden: 3072K(3072K)->0K(5120K) From: 1504K(1536K)->2016K(2048K)
[0.207s][info][gc,heap        ] GC(7) ParOldGen: 2679K(3584K)->3767K(4096K)
[0.207s][info][gc,metaspace   ] GC(7) Metaspace: 6300K(6464K)->6300K(6464K) NonClass: 5767K(5824K)->5767K(5824K) Class: 533K(640K)->533K(640K)
[0.207s][info][gc             ] GC(7) Pause Young (Allocation Failure) 7M->5M(11M) 2.717ms
[0.207s][info][gc,cpu         ] GC(7) User=0.00s Sys=0.00s Real=0.00s
[0.207s][info][gc,start       ] GC(8) Pause Full (Ergonomics)
[0.207s][info][gc,phases,start] GC(8) Marking Phase
[0.210s][info][gc,phases      ] GC(8) Marking Phase 2.661ms
[0.210s][info][gc,phases,start] GC(8) Summary Phase
[0.210s][info][gc,phases      ] GC(8) Summary Phase 0.015ms
[0.210s][info][gc,phases,start] GC(8) Adjust Roots
[0.210s][info][gc,phases      ] GC(8) Adjust Roots 0.368ms
[0.211s][info][gc,phases,start] GC(8) Compaction Phase
[0.214s][info][gc,phases      ] GC(8) Compaction Phase 3.113ms
[0.214s][info][gc,phases,start] GC(8) Post Compact
[0.214s][info][gc,phases      ] GC(8) Post Compact 0.038ms
[0.214s][info][gc,heap        ] GC(8) PSYoungGen: 2016K(7168K)->2012K(7168K) Eden: 0K(5120K)->0K(5120K) From: 2016K(2048K)->2012K(2048K)
[0.214s][info][gc,heap        ] GC(8) ParOldGen: 3767K(4096K)->3683K(6656K)
[0.214s][info][gc,metaspace   ] GC(8) Metaspace: 6300K(6464K)->6300K(6464K) NonClass: 5767K(5824K)->5767K(5824K) Class: 533K(640K)->533K(640K)
[0.214s][info][gc             ] GC(8) Pause Full (Ergonomics) 5M->5M(13M) 6.514ms
[0.214s][info][gc,cpu         ] GC(8) User=0.00s Sys=0.00s Real=0.01s
[0.221s][info][gc,start       ] GC(9) Pause Young (Allocation Failure)
[0.225s][info][gc,heap        ] GC(9) PSYoungGen: 7132K(7168K)->3040K(8192K) Eden: 5120K(5120K)->0K(5120K) From: 2012K(2048K)->3040K(3072K)
[0.225s][info][gc,heap        ] GC(9) ParOldGen: 3683K(6656K)->5331K(6656K)
[0.225s][info][gc,metaspace   ] GC(9) Metaspace: 6300K(6464K)->6300K(6464K) NonClass: 5767K(5824K)->5767K(5824K) Class: 533K(640K)->533K(640K)
[0.225s][info][gc             ] GC(9) Pause Young (Allocation Failure) 10M->8M(14M) 3.963ms
[0.225s][info][gc,cpu         ] GC(9) User=0.00s Sys=0.00s Real=0.00s
[0.225s][info][gc,start       ] GC(10) Pause Full (Ergonomics)
[0.225s][info][gc,phases,start] GC(10) Marking Phase
[0.229s][info][gc,phases      ] GC(10) Marking Phase 3.804ms
[0.229s][info][gc,phases,start] GC(10) Summary Phase
[0.229s][info][gc,phases      ] GC(10) Summary Phase 0.015ms
[0.229s][info][gc,phases,start] GC(10) Adjust Roots
[0.229s][info][gc,phases      ] GC(10) Adjust Roots 0.170ms
[0.229s][info][gc,phases,start] GC(10) Compaction Phase
[0.232s][info][gc,phases      ] GC(10) Compaction Phase 2.634ms
[0.232s][info][gc,phases,start] GC(10) Post Compact
[0.232s][info][gc,phases      ] GC(10) Post Compact 0.057ms
[0.232s][info][gc,heap        ] GC(10) PSYoungGen: 3040K(8192K)->2012K(8192K) Eden: 0K(5120K)->0K(5120K) From: 3040K(3072K)->2012K(3072K)
[0.232s][info][gc,heap        ] GC(10) ParOldGen: 5331K(6656K)->6318K(10752K)
[0.232s][info][gc,metaspace   ] GC(10) Metaspace: 6300K(6464K)->6300K(6464K) NonClass: 5767K(5824K)->5767K(5824K) Class: 533K(640K)->533K(640K)
[0.232s][info][gc             ] GC(10) Pause Full (Ergonomics) 8M->8M(18M) 7.024ms
[0.232s][info][gc,cpu         ] GC(10) User=0.03s Sys=0.00s Real=0.01s
[0.237s][info][gc,start       ] GC(11) Pause Young (Allocation Failure)
[0.241s][info][gc,heap        ] GC(11) PSYoungGen: 7132K(8192K)->4192K(10752K) Eden: 5120K(5120K)->0K(6144K) From: 2012K(3072K)->4192K(4608K)
[0.241s][info][gc,heap        ] GC(11) ParOldGen: 6318K(10752K)->6830K(10752K)
[0.241s][info][gc,metaspace   ] GC(11) Metaspace: 6300K(6464K)->6300K(6464K) NonClass: 5767K(5824K)->5767K(5824K) Class: 533K(640K)->533K(640K)
[0.241s][info][gc             ] GC(11) Pause Young (Allocation Failure) 13M->10M(21M) 4.313ms
[0.241s][info][gc,cpu         ] GC(11) User=0.00s Sys=0.00s Real=0.00s
[0.248s][info][gc,start       ] GC(12) Pause Young (Allocation Failure)
[0.253s][info][gc,heap        ] GC(12) PSYoungGen: 10336K(10752K)->5088K(11264K) Eden: 6144K(6144K)->0K(6144K) From: 4192K(4608K)->5088K(5120K)
[0.253s][info][gc,heap        ] GC(12) ParOldGen: 6830K(10752K)->9366K(10752K)
[0.253s][info][gc,metaspace   ] GC(12) Metaspace: 6300K(6464K)->6300K(6464K) NonClass: 5767K(5824K)->5767K(5824K) Class: 533K(640K)->533K(640K)
[0.253s][info][gc             ] GC(12) Pause Young (Allocation Failure) 16M->14M(21M) 5.501ms
[0.253s][info][gc,cpu         ] GC(12) User=0.00s Sys=0.00s Real=0.01s
[0.253s][info][gc,start       ] GC(13) Pause Full (Ergonomics)
[0.253s][info][gc,phases,start] GC(13) Marking Phase
[0.259s][info][gc,phases      ] GC(13) Marking Phase 6.011ms
[0.259s][info][gc,phases,start] GC(13) Summary Phase
[0.259s][info][gc,phases      ] GC(13) Summary Phase 0.018ms
[0.259s][info][gc,phases,start] GC(13) Adjust Roots
[0.260s][info][gc,phases      ] GC(13) Adjust Roots 0.177ms
[0.260s][info][gc,phases,start] GC(13) Compaction Phase
[0.265s][info][gc,phases      ] GC(13) Compaction Phase 5.763ms
[0.265s][info][gc,phases,start] GC(13) Post Compact
[0.266s][info][gc,phases      ] GC(13) Post Compact 0.072ms
[0.266s][info][gc,heap        ] GC(13) PSYoungGen: 5088K(11264K)->3545K(11264K) Eden: 0K(6144K)->0K(6144K) From: 5088K(5120K)->3545K(5120K)
[0.266s][info][gc,heap        ] GC(13) ParOldGen: 9366K(10752K)->10586K(16384K)
[0.266s][info][gc,metaspace   ] GC(13) Metaspace: 6300K(6464K)->6300K(6464K) NonClass: 5767K(5824K)->5767K(5824K) Class: 533K(640K)->533K(640K)
[0.266s][info][gc             ] GC(13) Pause Full (Ergonomics) 14M->13M(27M) 12.360ms
[0.266s][info][gc,cpu         ] GC(13) User=0.02s Sys=0.00s Real=0.01s
[0.271s][info][gc,start       ] GC(14) Pause Young (Allocation Failure)
[0.277s][info][gc,heap        ] GC(14) PSYoungGen: 9689K(11264K)->4608K(15872K) Eden: 6144K(6144K)->0K(8704K) From: 3545K(5120K)->4608K(7168K)
[0.277s][info][gc,heap        ] GC(14) ParOldGen: 10586K(16384K)->12730K(16384K)
[0.277s][info][gc,metaspace   ] GC(14) Metaspace: 6302K(6464K)->6302K(6464K) NonClass: 5769K(5824K)->5769K(5824K) Class: 533K(640K)->533K(640K)
[0.277s][info][gc             ] GC(14) Pause Young (Allocation Failure) 19M->16M(31M) 5.576ms
[0.277s][info][gc,cpu         ] GC(14) User=0.00s Sys=0.00s Real=0.00s
[0.282s][info][gc,start       ] GC(15) Pause Young (Allocation Failure)
[0.288s][info][gc,heap        ] GC(15) PSYoungGen: 13312K(15872K)->7168K(15872K) Eden: 8704K(8704K)->0K(8704K) From: 4608K(7168K)->7168K(7168K)
[0.288s][info][gc,heap        ] GC(15) ParOldGen: 12730K(16384K)->14690K(16384K)
[0.288s][info][gc,metaspace   ] GC(15) Metaspace: 6302K(6464K)->6302K(6464K) NonClass: 5769K(5824K)->5769K(5824K) Class: 533K(640K)->533K(640K)
[0.288s][info][gc             ] GC(15) Pause Young (Allocation Failure) 25M->21M(31M) 6.404ms
[0.288s][info][gc,cpu         ] GC(15) User=0.00s Sys=0.00s Real=0.01s
[0.288s][info][gc,start       ] GC(16) Pause Full (Ergonomics)
[0.288s][info][gc,phases,start] GC(16) Marking Phase
[0.298s][info][gc,phases      ] GC(16) Marking Phase 9.643ms
[0.298s][info][gc,phases,start] GC(16) Summary Phase
[0.298s][info][gc,phases      ] GC(16) Summary Phase 0.015ms
[0.298s][info][gc,phases,start] GC(16) Adjust Roots
[0.298s][info][gc,phases      ] GC(16) Adjust Roots 0.229ms
[0.298s][info][gc,phases,start] GC(16) Compaction Phase
[0.305s][info][gc,phases      ] GC(16) Compaction Phase 6.834ms
[0.305s][info][gc,phases,start] GC(16) Post Compact
[0.305s][info][gc,phases      ] GC(16) Post Compact 0.120ms
[0.306s][info][gc,heap        ] GC(16) PSYoungGen: 7168K(15872K)->5620K(15872K) Eden: 0K(8704K)->0K(8704K) From: 7168K(7168K)->5620K(7168K)
[0.306s][info][gc,heap        ] GC(16) ParOldGen: 14690K(16384K)->16144K(23552K)
[0.306s][info][gc,metaspace   ] GC(16) Metaspace: 6302K(6464K)->6302K(6464K) NonClass: 5769K(5824K)->5769K(5824K) Class: 533K(640K)->533K(640K)
[0.306s][info][gc             ] GC(16) Pause Full (Ergonomics) 21M->21M(38M) 17.249ms
[0.306s][info][gc,cpu         ] GC(16) User=0.02s Sys=0.00s Real=0.02s
[0.316s][info][gc,start       ] GC(17) Pause Young (Allocation Failure)
[0.327s][info][gc,heap        ] GC(17) PSYoungGen: 14324K(15872K)->5024K(20992K) Eden: 8704K(8704K)->0K(11776K) From: 5620K(7168K)->5024K(9216K)
[0.327s][info][gc,heap        ] GC(17) ParOldGen: 16144K(23552K)->21864K(23552K)
[0.327s][info][gc,metaspace   ] GC(17) Metaspace: 6302K(6464K)->6302K(6464K) NonClass: 5769K(5824K)->5769K(5824K) Class: 533K(640K)->533K(640K)
[0.327s][info][gc             ] GC(17) Pause Young (Allocation Failure) 29M->26M(43M) 11.165ms
[0.327s][info][gc,cpu         ] GC(17) User=0.02s Sys=0.00s Real=0.01s
[0.327s][info][gc,start       ] GC(18) Pause Full (Ergonomics)
[0.327s][info][gc,phases,start] GC(18) Marking Phase
[0.338s][info][gc,phases      ] GC(18) Marking Phase 10.828ms
[0.338s][info][gc,phases,start] GC(18) Summary Phase
[0.338s][info][gc,phases      ] GC(18) Summary Phase 0.017ms
[0.338s][info][gc,phases,start] GC(18) Adjust Roots
[0.338s][info][gc,phases      ] GC(18) Adjust Roots 0.177ms
[0.338s][info][gc,phases,start] GC(18) Compaction Phase
[0.347s][info][gc,phases      ] GC(18) Compaction Phase 8.449ms
[0.347s][info][gc,phases,start] GC(18) Post Compact
[0.347s][info][gc,phases      ] GC(18) Post Compact 0.116ms
[0.347s][info][gc,heap        ] GC(18) PSYoungGen: 5024K(20992K)->2945K(20992K) Eden: 0K(11776K)->0K(11776K) From: 5024K(9216K)->2945K(9216K)
[0.347s][info][gc,heap        ] GC(18) ParOldGen: 21864K(23552K)->23299K(33792K)
[0.347s][info][gc,metaspace   ] GC(18) Metaspace: 6302K(6464K)->6302K(6464K) NonClass: 5769K(5824K)->5769K(5824K) Class: 533K(640K)->533K(640K)
[0.347s][info][gc             ] GC(18) Pause Full (Ergonomics) 26M->25M(53M) 19.894ms
[0.347s][info][gc,cpu         ] GC(18) User=0.02s Sys=0.00s Real=0.02s
[0.354s][info][gc,start       ] GC(19) Pause Young (Allocation Failure)
[0.362s][info][gc,heap        ] GC(19) PSYoungGen: 14721K(20992K)->6144K(20992K) Eden: 11776K(11776K)->0K(11776K) From: 2945K(9216K)->6144K(9216K)
[0.362s][info][gc,heap        ] GC(19) ParOldGen: 23299K(33792K)->26299K(33792K)
[0.362s][info][gc,metaspace   ] GC(19) Metaspace: 6302K(6464K)->6302K(6464K) NonClass: 5769K(5824K)->5769K(5824K) Class: 533K(640K)->533K(640K)
[0.362s][info][gc             ] GC(19) Pause Young (Allocation Failure) 37M->31M(53M) 8.389ms
[0.362s][info][gc,cpu         ] GC(19) User=0.02s Sys=0.00s Real=0.01s
[0.373s][info][gc,start       ] GC(20) Pause Young (Allocation Failure)
[0.387s][info][gc,heap        ] GC(20) PSYoungGen: 17920K(20992K)->9728K(20480K) Eden: 11776K(11776K)->0K(10752K) From: 6144K(9216K)->9728K(9728K)
[0.387s][info][gc,heap        ] GC(20) ParOldGen: 26299K(33792K)->33851K(34304K)
[0.387s][info][gc,metaspace   ] GC(20) Metaspace: 6302K(6464K)->6302K(6464K) NonClass: 5769K(5824K)->5769K(5824K) Class: 533K(640K)->533K(640K)
[0.387s][info][gc             ] GC(20) Pause Young (Allocation Failure) 43M->42M(53M) 13.836ms
[0.387s][info][gc,cpu         ] GC(20) User=0.02s Sys=0.00s Real=0.01s
[0.387s][info][gc,start       ] GC(21) Pause Full (Ergonomics)
[0.387s][info][gc,phases,start] GC(21) Marking Phase
[0.407s][info][gc,phases      ] GC(21) Marking Phase 19.491ms
[0.407s][info][gc,phases,start] GC(21) Summary Phase
[0.407s][info][gc,phases      ] GC(21) Summary Phase 0.019ms
[0.407s][info][gc,phases,start] GC(21) Adjust Roots
[0.407s][info][gc,phases      ] GC(21) Adjust Roots 0.162ms
[0.407s][info][gc,phases,start] GC(21) Compaction Phase
[0.421s][info][gc,phases      ] GC(21) Compaction Phase 14.163ms
[0.421s][info][gc,phases,start] GC(21) Post Compact
[0.421s][info][gc,phases      ] GC(21) Post Compact 0.193ms
[0.422s][info][gc,heap        ] GC(21) PSYoungGen: 9728K(20480K)->9197K(20480K) Eden: 0K(10752K)->0K(10752K) From: 9728K(9728K)->9197K(9728K)
[0.422s][info][gc,heap        ] GC(21) ParOldGen: 33851K(34304K)->34182K(48640K)
[0.422s][info][gc,metaspace   ] GC(21) Metaspace: 6302K(6464K)->6302K(6464K) NonClass: 5769K(5824K)->5769K(5824K) Class: 533K(640K)->533K(640K)
[0.422s][info][gc             ] GC(21) Pause Full (Ergonomics) 42M->42M(67M) 34.386ms
[0.422s][info][gc,cpu         ] GC(21) User=0.02s Sys=0.00s Real=0.03s
[0.436s][info][gc,start       ] GC(22) Pause Young (Allocation Failure)
[0.451s][info][gc,heap        ] GC(22) PSYoungGen: 19949K(20480K)->10784K(25088K) Eden: 10752K(10752K)->0K(10752K) From: 9197K(9728K)->10784K(14336K)
[0.451s][info][gc,heap        ] GC(22) ParOldGen: 34182K(48640K)->43534K(48640K)
[0.451s][info][gc,metaspace   ] GC(22) Metaspace: 6302K(6464K)->6302K(6464K) NonClass: 5769K(5824K)->5769K(5824K) Class: 533K(640K)->533K(640K)
[0.451s][info][gc             ] GC(22) Pause Young (Allocation Failure) 52M->53M(72M) 14.417ms
[0.451s][info][gc,cpu         ] GC(22) User=0.00s Sys=0.00s Real=0.01s
[0.451s][info][gc,start       ] GC(23) Pause Full (Ergonomics)
[0.451s][info][gc,phases,start] GC(23) Marking Phase
[0.472s][info][gc,phases      ] GC(23) Marking Phase 21.136ms
[0.472s][info][gc,phases,start] GC(23) Summary Phase
[0.472s][info][gc,phases      ] GC(23) Summary Phase 0.020ms
[0.472s][info][gc,phases,start] GC(23) Adjust Roots
[0.472s][info][gc,phases      ] GC(23) Adjust Roots 0.190ms
[0.472s][info][gc,phases,start] GC(23) Compaction Phase
[0.488s][info][gc,phases      ] GC(23) Compaction Phase 15.393ms
[0.488s][info][gc,phases,start] GC(23) Post Compact
[0.488s][info][gc,phases      ] GC(23) Post Compact 0.172ms
[0.488s][info][gc,heap        ] GC(23) PSYoungGen: 10784K(25088K)->4591K(25088K) Eden: 0K(10752K)->0K(10752K) From: 10784K(14336K)->4591K(14336K)
[0.488s][info][gc,heap        ] GC(23) ParOldGen: 43534K(48640K)->48492K(66560K)
[0.488s][info][gc,metaspace   ] GC(23) Metaspace: 6302K(6464K)->6302K(6464K) NonClass: 5769K(5824K)->5769K(5824K) Class: 533K(640K)->533K(640K)
[0.488s][info][gc             ] GC(23) Pause Full (Ergonomics) 53M->51M(89M) 37.317ms
[0.488s][info][gc,cpu         ] GC(23) User=0.03s Sys=0.00s Real=0.04s
[0.500s][info][gc,start       ] GC(24) Pause Young (Allocation Failure)
[0.514s][info][gc,heap        ] GC(24) PSYoungGen: 15343K(25088K)->15360K(25600K) Eden: 10752K(10752K)->0K(10240K) From: 4591K(14336K)->15360K(15360K)
[0.515s][info][gc,heap        ] GC(24) ParOldGen: 48492K(66560K)->48492K(66560K)
[0.515s][info][gc,metaspace   ] GC(24) Metaspace: 6302K(6464K)->6302K(6464K) NonClass: 5769K(5824K)->5769K(5824K) Class: 533K(640K)->533K(640K)
[0.515s][info][gc             ] GC(24) Pause Young (Allocation Failure) 62M->62M(90M) 14.537ms
[0.515s][info][gc,cpu         ] GC(24) User=0.00s Sys=0.00s Real=0.02s
[0.524s][info][gc,start       ] GC(25) Pause Young (Allocation Failure)
[0.541s][info][gc,heap        ] GC(25) PSYoungGen: 25600K(25600K)->17920K(28160K) Eden: 10240K(10240K)->0K(10240K) From: 15360K(15360K)->17920K(17920K)
[0.541s][info][gc,heap        ] GC(25) ParOldGen: 48492K(66560K)->56252K(66560K)
[0.541s][info][gc,metaspace   ] GC(25) Metaspace: 6302K(6464K)->6302K(6464K) NonClass: 5769K(5824K)->5769K(5824K) Class: 533K(640K)->533K(640K)
[0.541s][info][gc             ] GC(25) Pause Young (Allocation Failure) 72M->72M(92M) 16.688ms
[0.541s][info][gc,cpu         ] GC(25) User=0.03s Sys=0.00s Real=0.02s
[0.551s][info][gc,start       ] GC(26) Pause Young (Allocation Failure)
[0.571s][info][gc,heap        ] GC(26) PSYoungGen: 28160K(28160K)->17376K(34816K) Eden: 10240K(10240K)->0K(10752K) From: 17920K(17920K)->17376K(24064K)
[0.571s][info][gc,heap        ] GC(26) ParOldGen: 56252K(66560K)->67228K(67584K)
[0.571s][info][gc,metaspace   ] GC(26) Metaspace: 6302K(6464K)->6302K(6464K) NonClass: 5769K(5824K)->5769K(5824K) Class: 533K(640K)->533K(640K)
[0.571s][info][gc             ] GC(26) Pause Young (Allocation Failure) 82M->82M(100M) 20.130ms
[0.571s][info][gc,cpu         ] GC(26) User=0.03s Sys=0.00s Real=0.02s
[0.571s][info][gc,start       ] GC(27) Pause Full (Ergonomics)
[0.571s][info][gc,phases,start] GC(27) Marking Phase
[0.604s][info][gc,phases      ] GC(27) Marking Phase 32.461ms
[0.604s][info][gc,phases,start] GC(27) Summary Phase
[0.604s][info][gc,phases      ] GC(27) Summary Phase 0.016ms
[0.604s][info][gc,phases,start] GC(27) Adjust Roots
[0.604s][info][gc,phases      ] GC(27) Adjust Roots 0.155ms
[0.604s][info][gc,phases,start] GC(27) Compaction Phase
[0.628s][info][gc,phases      ] GC(27) Compaction Phase 24.013ms
[0.628s][info][gc,phases,start] GC(27) Post Compact
[0.629s][info][gc,phases      ] GC(27) Post Compact 0.439ms
[0.629s][info][gc,heap        ] GC(27) PSYoungGen: 17376K(34816K)->16781K(34816K) Eden: 0K(10752K)->0K(10752K) From: 17376K(24064K)->16781K(24064K)
[0.629s][info][gc,heap        ] GC(27) ParOldGen: 67228K(67584K)->67436K(90624K)
[0.629s][info][gc,metaspace   ] GC(27) Metaspace: 6302K(6464K)->6302K(6464K) NonClass: 5769K(5824K)->5769K(5824K) Class: 533K(640K)->533K(640K)
[0.629s][info][gc             ] GC(27) Pause Full (Ergonomics) 82M->82M(122M) 57.502ms
[0.629s][info][gc,cpu         ] GC(27) User=0.12s Sys=0.00s Real=0.06s
[0.646s][info][gc,start       ] GC(28) Pause Young (Allocation Failure)
[0.666s][info][gc,heap        ] GC(28) PSYoungGen: 27533K(34816K)->24832K(36352K) Eden: 10752K(10752K)->0K(10752K) From: 16781K(24064K)->24832K(25600K)
[0.666s][info][gc,heap        ] GC(28) ParOldGen: 67436K(90624K)->74388K(90624K)
[0.666s][info][gc,metaspace   ] GC(28) Metaspace: 6302K(6464K)->6302K(6464K) NonClass: 5769K(5824K)->5769K(5824K) Class: 533K(640K)->533K(640K)
[0.666s][info][gc             ] GC(28) Pause Young (Allocation Failure) 92M->96M(124M) 20.342ms
[0.666s][info][gc,cpu         ] GC(28) User=0.02s Sys=0.00s Real=0.02s
[0.675s][info][gc,start       ] GC(29) Pause Young (Allocation Failure)
[0.693s][info][gc,heap        ] GC(29) PSYoungGen: 35584K(36352K)->21504K(40960K) Eden: 10752K(10752K)->0K(11264K) From: 24832K(25600K)->21504K(29696K)
[0.693s][info][gc,heap        ] GC(29) ParOldGen: 74388K(90624K)->84500K(90624K)
[0.693s][info][gc,metaspace   ] GC(29) Metaspace: 6302K(6464K)->6302K(6464K) NonClass: 5769K(5824K)->5769K(5824K) Class: 533K(640K)->533K(640K)
[0.693s][info][gc             ] GC(29) Pause Young (Allocation Failure) 107M->103M(128M) 18.312ms
[0.693s][info][gc,cpu         ] GC(29) User=0.02s Sys=0.02s Real=0.02s
[0.693s][info][gc,start       ] GC(30) Pause Full (Ergonomics)
[0.693s][info][gc,phases,start] GC(30) Marking Phase
[0.722s][info][gc,phases      ] GC(30) Marking Phase 28.325ms
[0.722s][info][gc,phases,start] GC(30) Summary Phase
[0.722s][info][gc,phases      ] GC(30) Summary Phase 0.016ms
[0.722s][info][gc,phases,start] GC(30) Adjust Roots
[0.722s][info][gc,phases      ] GC(30) Adjust Roots 0.155ms
[0.722s][info][gc,phases,start] GC(30) Compaction Phase
[0.746s][info][gc,phases      ] GC(30) Compaction Phase 24.097ms
[0.746s][info][gc,phases,start] GC(30) Post Compact
[0.746s][info][gc,phases      ] GC(30) Post Compact 0.334ms
[0.747s][info][gc,heap        ] GC(30) PSYoungGen: 21504K(40960K)->13267K(40960K) Eden: 0K(11264K)->0K(11264K) From: 21504K(29696K)->13267K(29696K)
[0.747s][info][gc,heap        ] GC(30) ParOldGen: 84500K(90624K)->90354K(116736K)
[0.747s][info][gc,metaspace   ] GC(30) Metaspace: 6302K(6464K)->6302K(6464K) NonClass: 5769K(5824K)->5769K(5824K) Class: 533K(640K)->533K(640K)
[0.747s][info][gc             ] GC(30) Pause Full (Ergonomics) 103M->101M(154M) 53.303ms
[0.747s][info][gc,cpu         ] GC(30) User=0.08s Sys=0.00s Real=0.05s
[0.757s][info][gc,start       ] GC(31) Pause Young (Allocation Failure)
[0.776s][info][gc,heap        ] GC(31) PSYoungGen: 24531K(40960K)->11296K(43008K) Eden: 11264K(11264K)->0K(11264K) From: 13267K(29696K)->11296K(31744K)
[0.776s][info][gc,heap        ] GC(31) ParOldGen: 90354K(116736K)->103850K(116736K)
[0.776s][info][gc,metaspace   ] GC(31) Metaspace: 6302K(6464K)->6302K(6464K) NonClass: 5769K(5824K)->5769K(5824K) Class: 533K(640K)->533K(640K)
[0.776s][info][gc             ] GC(31) Pause Young (Allocation Failure) 112M->112M(156M) 19.731ms
[0.776s][info][gc,cpu         ] GC(31) User=0.03s Sys=0.00s Real=0.02s
[0.776s][info][gc,start       ] GC(32) Pause Full (Ergonomics)
[0.776s][info][gc,phases,start] GC(32) Marking Phase
[0.809s][info][gc,phases      ] GC(32) Marking Phase 32.153ms
[0.809s][info][gc,phases,start] GC(32) Summary Phase
[0.809s][info][gc,phases      ] GC(32) Summary Phase 0.023ms
[0.809s][info][gc,phases,start] GC(32) Adjust Roots
[0.809s][info][gc,phases      ] GC(32) Adjust Roots 0.160ms
[0.809s][info][gc,phases,start] GC(32) Compaction Phase
[0.826s][info][gc,phases      ] GC(32) Compaction Phase 17.059ms
[0.826s][info][gc,phases,start] GC(32) Post Compact
[0.826s][info][gc,phases      ] GC(32) Post Compact 0.505ms
[0.827s][info][gc,heap        ] GC(32) PSYoungGen: 11296K(43008K)->0K(43520K) Eden: 0K(11264K)->0K(13824K) From: 11296K(31744K)->0K(29696K)
[0.827s][info][gc,heap        ] GC(32) ParOldGen: 103850K(116736K)->114856K(145408K)
[0.827s][info][gc,metaspace   ] GC(32) Metaspace: 6302K(6464K)->6302K(6464K) NonClass: 5769K(5824K)->5769K(5824K) Class: 533K(640K)->533K(640K)
[0.827s][info][gc             ] GC(32) Pause Full (Ergonomics) 112M->112M(184M) 50.302ms
[0.827s][info][gc,cpu         ] GC(32) User=0.09s Sys=0.00s Real=0.05s
[0.839s][info][gc,start       ] GC(33) Pause Young (Allocation Failure)
[0.847s][info][gc,heap        ] GC(33) PSYoungGen: 13824K(43520K)->13888K(43520K) Eden: 13824K(13824K)->0K(13824K) From: 0K(29696K)->13888K(29696K)
[0.847s][info][gc,heap        ] GC(33) ParOldGen: 114856K(145408K)->114856K(145408K)
[0.847s][info][gc,metaspace   ] GC(33) Metaspace: 6302K(6464K)->6302K(6464K) NonClass: 5769K(5824K)->5769K(5824K) Class: 533K(640K)->533K(640K)
[0.847s][info][gc             ] GC(33) Pause Young (Allocation Failure) 125M->125M(184M) 8.083ms
[0.847s][info][gc,cpu         ] GC(33) User=0.00s Sys=0.00s Real=0.01s
[0.860s][info][gc,start       ] GC(34) Pause Young (Allocation Failure)
[0.874s][info][gc,heap        ] GC(34) PSYoungGen: 27712K(43520K)->27680K(40960K) Eden: 13824K(13824K)->0K(12288K) From: 13888K(29696K)->27680K(28672K)
[0.874s][info][gc,heap        ] GC(34) ParOldGen: 114856K(145408K)->114856K(145408K)
[0.874s][info][gc,metaspace   ] GC(34) Metaspace: 6302K(6464K)->6302K(6464K) NonClass: 5769K(5824K)->5769K(5824K) Class: 533K(640K)->533K(640K)
[0.874s][info][gc             ] GC(34) Pause Young (Allocation Failure) 139M->139M(182M) 14.170ms
[0.874s][info][gc,cpu         ] GC(34) User=0.00s Sys=0.00s Real=0.01s
[0.886s][info][gc,start       ] GC(35) Pause Young (Allocation Failure)
[0.904s][info][gc,heap        ] GC(35) PSYoungGen: 39968K(40960K)->32768K(45056K) Eden: 12288K(12288K)->0K(12288K) From: 27680K(28672K)->32768K(32768K)
[0.904s][info][gc,heap        ] GC(35) ParOldGen: 114856K(145408K)->122120K(145408K)
[0.904s][info][gc,metaspace   ] GC(35) Metaspace: 6302K(6464K)->6302K(6464K) NonClass: 5769K(5824K)->5769K(5824K) Class: 533K(640K)->533K(640K)
[0.904s][info][gc             ] GC(35) Pause Young (Allocation Failure) 151M->151M(186M) 18.413ms
[0.904s][info][gc,cpu         ] GC(35) User=0.05s Sys=0.02s Real=0.02s
[0.916s][info][gc,start       ] GC(36) Pause Young (Allocation Failure)
[0.939s][info][gc,heap        ] GC(36) PSYoungGen: 45056K(45056K)->21952K(55296K) Eden: 12288K(12288K)->0K(14848K) From: 32768K(32768K)->21952K(40448K)
[0.939s][info][gc,heap        ] GC(36) ParOldGen: 122120K(145408K)->145616K(145920K)
[0.939s][info][gc,metaspace   ] GC(36) Metaspace: 6302K(6464K)->6302K(6464K) NonClass: 5769K(5824K)->5769K(5824K) Class: 533K(640K)->533K(640K)
[0.939s][info][gc             ] GC(36) Pause Young (Allocation Failure) 163M->163M(196M) 22.827ms
[0.939s][info][gc,cpu         ] GC(36) User=0.08s Sys=0.00s Real=0.02s
[0.939s][info][gc,start       ] GC(37) Pause Full (Ergonomics)
[0.939s][info][gc,phases,start] GC(37) Marking Phase
[0.984s][info][gc,phases      ] GC(37) Marking Phase 45.194ms
[0.984s][info][gc,phases,start] GC(37) Summary Phase
[0.984s][info][gc,phases      ] GC(37) Summary Phase 0.016ms
[0.984s][info][gc,phases,start] GC(37) Adjust Roots
[0.984s][info][gc,phases      ] GC(37) Adjust Roots 0.154ms
[0.984s][info][gc,phases,start] GC(37) Compaction Phase
[1.016s][info][gc,phases      ] GC(37) Compaction Phase 31.886ms
[1.016s][info][gc,phases,start] GC(37) Post Compact
[1.017s][info][gc,phases      ] GC(37) Post Compact 0.789ms
[1.017s][info][gc,heap        ] GC(37) PSYoungGen: 21952K(55296K)->21329K(55296K) Eden: 0K(14848K)->0K(14848K) From: 21952K(40448K)->21329K(40448K)
[1.017s][info][gc,heap        ] GC(37) ParOldGen: 145616K(145920K)->145627K(182784K)
[1.017s][info][gc,metaspace   ] GC(37) Metaspace: 6302K(6464K)->6302K(6464K) NonClass: 5769K(5824K)->5769K(5824K) Class: 533K(640K)->533K(640K)
[1.017s][info][gc             ] GC(37) Pause Full (Ergonomics) 163M->163M(232M) 78.505ms
[1.017s][info][gc,cpu         ] GC(37) User=0.14s Sys=0.00s Real=0.08s
[1.061s][info][gc,start       ] GC(38) Pause Young (Allocation Failure)
[1.085s][info][gc,heap        ] GC(38) PSYoungGen: 36177K(55296K)->27040K(55296K) Eden: 14848K(14848K)->0K(14848K) From: 21329K(40448K)->27040K(40448K)
[1.085s][info][gc,heap        ] GC(38) ParOldGen: 153819K(182784K)->163243K(182784K)
[1.085s][info][gc,metaspace   ] GC(38) Metaspace: 6302K(6464K)->6302K(6464K) NonClass: 5769K(5824K)->5769K(5824K) Class: 533K(640K)->533K(640K)
[1.085s][info][gc             ] GC(38) Pause Young (Allocation Failure) 185M->185M(232M) 24.192ms
[1.085s][info][gc,cpu         ] GC(38) User=0.08s Sys=0.00s Real=0.02s
[1.085s][info][gc,start       ] GC(39) Pause Full (Ergonomics)
[1.085s][info][gc,phases,start] GC(39) Marking Phase
[1.132s][info][gc,phases      ] GC(39) Marking Phase 46.677ms
[1.132s][info][gc,phases,start] GC(39) Summary Phase
[1.132s][info][gc,phases      ] GC(39) Summary Phase 0.017ms
[1.132s][info][gc,phases,start] GC(39) Adjust Roots
[1.132s][info][gc,phases      ] GC(39) Adjust Roots 0.144ms
[1.132s][info][gc,phases,start] GC(39) Compaction Phase
[1.167s][info][gc,phases      ] GC(39) Compaction Phase 34.789ms
[1.167s][info][gc,phases,start] GC(39) Post Compact
[1.168s][info][gc,phases      ] GC(39) Post Compact 1.066ms
[1.168s][info][gc,heap        ] GC(39) PSYoungGen: 27040K(55296K)->3372K(55296K) Eden: 0K(14848K)->0K(14848K) From: 27040K(40448K)->3372K(40448K)
[1.168s][info][gc,heap        ] GC(39) ParOldGen: 163243K(182784K)->182495K(221696K)
[1.168s][info][gc,metaspace   ] GC(39) Metaspace: 6302K(6464K)->6302K(6464K) NonClass: 5769K(5824K)->5769K(5824K) Class: 533K(640K)->533K(640K)
[1.168s][info][gc             ] GC(39) Pause Full (Ergonomics) 185M->181M(270M) 83.200ms
[1.168s][info][gc,cpu         ] GC(39) User=0.28s Sys=0.00s Real=0.08s
[1.185s][info][gc,start       ] GC(40) Pause Young (Allocation Failure)
[1.203s][info][gc,heap        ] GC(40) PSYoungGen: 18220K(55296K)->18304K(53248K) Eden: 14848K(14848K)->0K(16896K) From: 3372K(40448K)->18304K(36352K)
[1.203s][info][gc,heap        ] GC(40) ParOldGen: 182495K(221696K)->182495K(221696K)
[1.203s][info][gc,metaspace   ] GC(40) Metaspace: 6302K(6464K)->6302K(6464K) NonClass: 5769K(5824K)->5769K(5824K) Class: 533K(640K)->533K(640K)
[1.203s][info][gc             ] GC(40) Pause Young (Allocation Failure) 196M->196M(268M) 17.760ms
[1.203s][info][gc,cpu         ] GC(40) User=0.08s Sys=0.00s Real=0.02s
[1.220s][info][gc,start       ] GC(41) Pause Young (Allocation Failure)
[1.237s][info][gc,heap        ] GC(41) PSYoungGen: 35200K(53248K)->35200K(56320K) Eden: 16896K(16896K)->0K(16896K) From: 18304K(36352K)->35200K(39424K)
[1.237s][info][gc,heap        ] GC(41) ParOldGen: 182495K(221696K)->182495K(221696K)
[1.237s][info][gc,metaspace   ] GC(41) Metaspace: 6302K(6464K)->6302K(6464K) NonClass: 5769K(5824K)->5769K(5824K) Class: 533K(640K)->533K(640K)
[1.237s][info][gc             ] GC(41) Pause Young (Allocation Failure) 212M->212M(271M) 17.121ms
[1.237s][info][gc,cpu         ] GC(41) User=0.09s Sys=0.00s Real=0.02s
[1.255s][info][gc,start       ] GC(42) Pause Young (Allocation Failure)
[1.281s][info][gc,heap        ] GC(42) PSYoungGen: 52096K(56320K)->44032K(54272K) Eden: 16896K(16896K)->0K(10240K) From: 35200K(39424K)->44032K(44032K)
[1.281s][info][gc,heap        ] GC(42) ParOldGen: 182495K(221696K)->190599K(221696K)
[1.281s][info][gc,metaspace   ] GC(42) Metaspace: 6302K(6464K)->6302K(6464K) NonClass: 5769K(5824K)->5769K(5824K) Class: 533K(640K)->533K(640K)
[1.281s][info][gc             ] GC(42) Pause Young (Allocation Failure) 229M->229M(269M) 25.918ms
[1.281s][info][gc,cpu         ] GC(42) User=0.11s Sys=0.00s Real=0.03s
[1.292s][info][gc,start       ] GC(43) Pause Young (Allocation Failure)
[1.315s][info][gc,heap        ] GC(43) PSYoungGen: 54272K(54272K)->52288K(63488K) Eden: 10240K(10240K)->0K(10240K) From: 44032K(44032K)->52288K(53248K)
[1.315s][info][gc,heap        ] GC(43) ParOldGen: 190599K(221696K)->192727K(221696K)
[1.315s][info][gc,metaspace   ] GC(43) Metaspace: 6302K(6464K)->6302K(6464K) NonClass: 5769K(5824K)->5769K(5824K) Class: 533K(640K)->533K(640K)
[1.315s][info][gc             ] GC(43) Pause Young (Allocation Failure) 239M->239M(278M) 23.515ms
[1.315s][info][gc,cpu         ] GC(43) User=0.09s Sys=0.00s Real=0.02s
[1.326s][info][gc,start       ] GC(44) Pause Young (Allocation Failure)
[1.353s][info][gc,heap        ] GC(44) PSYoungGen: 62528K(63488K)->49056K(68608K) Eden: 10240K(10240K)->0K(7168K) From: 52288K(53248K)->49056K(61440K)
[1.353s][info][gc,heap        ] GC(44) ParOldGen: 192727K(221696K)->206367K(221696K)
[1.353s][info][gc,metaspace   ] GC(44) Metaspace: 6302K(6464K)->6302K(6464K) NonClass: 5769K(5824K)->5769K(5824K) Class: 533K(640K)->533K(640K)
[1.353s][info][gc             ] GC(44) Pause Young (Allocation Failure) 249M->249M(283M) 27.072ms
[1.353s][info][gc,cpu         ] GC(44) User=0.09s Sys=0.00s Real=0.03s
[1.353s][info][gc,start       ] GC(45) Pause Full (Ergonomics)
[1.353s][info][gc,phases,start] GC(45) Marking Phase
[1.415s][info][gc,phases      ] GC(45) Marking Phase 61.666ms
[1.415s][info][gc,phases,start] GC(45) Summary Phase
[1.415s][info][gc,phases      ] GC(45) Summary Phase 0.023ms
[1.415s][info][gc,phases,start] GC(45) Adjust Roots
[1.415s][info][gc,phases      ] GC(45) Adjust Roots 0.154ms
[1.415s][info][gc,phases,start] GC(45) Compaction Phase
[1.445s][info][gc,phases      ] GC(45) Compaction Phase 29.111ms
[1.445s][info][gc,phases,start] GC(45) Post Compact
[1.446s][info][gc,phases      ] GC(45) Post Compact 1.228ms
[1.446s][info][gc,heap        ] GC(45) PSYoungGen: 49056K(68608K)->33522K(68608K) Eden: 0K(7168K)->0K(7168K) From: 49056K(61440K)->33522K(61440K)
[1.446s][info][gc,heap        ] GC(45) ParOldGen: 206367K(221696K)->221309K(261632K)
[1.446s][info][gc,metaspace   ] GC(45) Metaspace: 6302K(6464K)->6302K(6464K) NonClass: 5769K(5824K)->5769K(5824K) Class: 533K(640K)->533K(640K)
[1.446s][info][gc             ] GC(45) Pause Full (Ergonomics) 249M->248M(322M) 92.711ms
[1.446s][info][gc,cpu         ] GC(45) User=0.42s Sys=0.00s Real=0.09s
[1.455s][info][gc,start       ] GC(46) Pause Young (Allocation Failure)
[1.481s][info][gc,heap        ] GC(46) PSYoungGen: 40690K(68608K)->22656K(30208K) Eden: 7168K(7168K)->0K(7168K) From: 33522K(61440K)->22656K(23040K)
[1.482s][info][gc,heap        ] GC(46) ParOldGen: 221309K(261632K)->239773K(261632K)
[1.482s][info][gc,metaspace   ] GC(46) Metaspace: 6302K(6464K)->6302K(6464K) NonClass: 5769K(5824K)->5769K(5824K) Class: 533K(640K)->533K(640K)
[1.482s][info][gc             ] GC(46) Pause Young (Allocation Failure) 255M->256M(285M) 26.668ms
[1.482s][info][gc,cpu         ] GC(46) User=0.12s Sys=0.00s Real=0.03s
[1.482s][info][gc,start       ] GC(47) Pause Full (Ergonomics)
[1.482s][info][gc,phases,start] GC(47) Marking Phase
[1.547s][info][gc,phases      ] GC(47) Marking Phase 64.865ms
[1.547s][info][gc,phases,start] GC(47) Summary Phase
[1.547s][info][gc,phases      ] GC(47) Summary Phase 0.018ms
[1.547s][info][gc,phases,start] GC(47) Adjust Roots
[1.547s][info][gc,phases      ] GC(47) Adjust Roots 0.154ms
[1.547s][info][gc,phases,start] GC(47) Compaction Phase
[1.575s][info][gc,phases      ] GC(47) Compaction Phase 28.690ms
[1.576s][info][gc,phases,start] GC(47) Post Compact
[1.577s][info][gc,phases      ] GC(47) Post Compact 1.307ms
[1.577s][info][gc,heap        ] GC(47) PSYoungGen: 22656K(30208K)->530K(30208K) Eden: 0K(7168K)->0K(7168K) From: 22656K(23040K)->530K(23040K)
[1.577s][info][gc,heap        ] GC(47) ParOldGen: 239773K(261632K)->261440K(307712K)
[1.577s][info][gc,metaspace   ] GC(47) Metaspace: 6302K(6464K)->6302K(6464K) NonClass: 5769K(5824K)->5769K(5824K) Class: 533K(640K)->533K(640K)
[1.577s][info][gc             ] GC(47) Pause Full (Ergonomics) 256M->255M(330M) 95.610ms
[1.577s][info][gc,cpu         ] GC(47) User=0.39s Sys=0.02s Real=0.10s
[1.585s][info][gc,start       ] GC(48) Pause Young (Allocation Failure)
[1.601s][info][gc,heap        ] GC(48) PSYoungGen: 7698K(30208K)->7648K(71680K) Eden: 7168K(7168K)->0K(8192K) From: 530K(23040K)->7648K(63488K)
[1.601s][info][gc,heap        ] GC(48) ParOldGen: 261440K(307712K)->261664K(307712K)
[1.601s][info][gc,metaspace   ] GC(48) Metaspace: 6302K(6464K)->6302K(6464K) NonClass: 5769K(5824K)->5769K(5824K) Class: 533K(640K)->533K(640K)
[1.601s][info][gc             ] GC(48) Pause Young (Allocation Failure) 262M->263M(370M) 15.679ms
[1.601s][info][gc,cpu         ] GC(48) User=0.02s Sys=0.00s Real=0.02s
[1.610s][info][gc,start       ] GC(49) Pause Young (Allocation Failure)
[1.620s][info][gc,heap        ] GC(49) PSYoungGen: 15840K(71680K)->15776K(24064K) Eden: 8192K(8192K)->0K(8192K) From: 7648K(63488K)->15776K(15872K)
[1.620s][info][gc,heap        ] GC(49) ParOldGen: 261664K(307712K)->261664K(307712K)
[1.620s][info][gc,metaspace   ] GC(49) Metaspace: 6302K(6464K)->6302K(6464K) NonClass: 5769K(5824K)->5769K(5824K) Class: 533K(640K)->533K(640K)
[1.620s][info][gc             ] GC(49) Pause Young (Allocation Failure) 271M->270M(324M) 9.735ms
[1.620s][info][gc,cpu         ] GC(49) User=0.00s Sys=0.00s Real=0.01s
[1.630s][info][gc,start       ] GC(50) Pause Young (Allocation Failure)
[1.642s][info][gc,heap        ] GC(50) PSYoungGen: 23968K(24064K)->23936K(63488K) Eden: 8192K(8192K)->0K(9216K) From: 15776K(15872K)->23936K(54272K)
[1.642s][info][gc,heap        ] GC(50) ParOldGen: 261664K(307712K)->261664K(307712K)
[1.642s][info][gc,metaspace   ] GC(50) Metaspace: 6302K(6464K)->6302K(6464K) NonClass: 5769K(5824K)->5769K(5824K) Class: 533K(640K)->533K(640K)
[1.642s][info][gc             ] GC(50) Pause Young (Allocation Failure) 278M->278M(362M) 12.054ms
[1.642s][info][gc,cpu         ] GC(50) User=0.02s Sys=0.00s Real=0.01s
[1.652s][info][gc,start       ] GC(51) Pause Young (Allocation Failure)
[1.668s][info][gc,heap        ] GC(51) PSYoungGen: 33152K(63488K)->33152K(67072K) Eden: 9216K(9216K)->0K(9216K) From: 23936K(54272K)->33152K(57856K)
[1.668s][info][gc,heap        ] GC(51) ParOldGen: 261664K(307712K)->261664K(307712K)
[1.668s][info][gc,metaspace   ] GC(51) Metaspace: 6302K(6464K)->6302K(6464K) NonClass: 5769K(5824K)->5769K(5824K) Class: 533K(640K)->533K(640K)
[1.668s][info][gc             ] GC(51) Pause Young (Allocation Failure) 287M->287M(366M) 15.842ms
[1.668s][info][gc,cpu         ] GC(51) User=0.00s Sys=0.00s Real=0.01s
[1.678s][info][gc,start       ] GC(52) Pause Young (Allocation Failure)
[1.697s][info][gc,heap        ] GC(52) PSYoungGen: 42368K(67072K)->42208K(66048K) Eden: 9216K(9216K)->0K(8192K) From: 33152K(57856K)->42208K(57856K)
[1.697s][info][gc,heap        ] GC(52) ParOldGen: 261664K(307712K)->261888K(307712K)
[1.697s][info][gc,metaspace   ] GC(52) Metaspace: 6302K(6464K)->6302K(6464K) NonClass: 5769K(5824K)->5769K(5824K) Class: 533K(640K)->533K(640K)
[1.697s][info][gc             ] GC(52) Pause Young (Allocation Failure) 296M->296M(365M) 19.431ms
[1.698s][info][gc,cpu         ] GC(52) User=0.12s Sys=0.00s Real=0.02s
[1.707s][info][gc,start       ] GC(53) Pause Young (Allocation Failure)
[1.729s][info][gc,heap        ] GC(53) PSYoungGen: 50400K(66048K)->50208K(68608K) Eden: 8192K(8192K)->0K(8192K) From: 42208K(57856K)->50208K(60416K)
[1.729s][info][gc,heap        ] GC(53) ParOldGen: 261888K(307712K)->262080K(307712K)
[1.729s][info][gc,metaspace   ] GC(53) Metaspace: 6302K(6464K)->6302K(6464K) NonClass: 5769K(5824K)->5769K(5824K) Class: 533K(640K)->533K(640K)
[1.729s][info][gc             ] GC(53) Pause Young (Allocation Failure) 304M->304M(367M) 21.746ms
[1.729s][info][gc,cpu         ] GC(53) User=0.12s Sys=0.00s Real=0.02s
[1.738s][info][gc,start       ] GC(54) Pause Young (Allocation Failure)
[1.764s][info][gc,heap        ] GC(54) PSYoungGen: 58400K(68608K)->51232K(71680K) Eden: 8192K(8192K)->0K(5632K) From: 50208K(60416K)->51232K(66048K)
[1.764s][info][gc,heap        ] GC(54) ParOldGen: 262080K(307712K)->269344K(307712K)
[1.764s][info][gc,metaspace   ] GC(54) Metaspace: 6302K(6464K)->6302K(6464K) NonClass: 5769K(5824K)->5769K(5824K) Class: 533K(640K)->533K(640K)
[1.764s][info][gc             ] GC(54) Pause Young (Allocation Failure) 312M->313M(370M) 25.834ms
[1.764s][info][gc,cpu         ] GC(54) User=0.14s Sys=0.00s Real=0.03s
[1.771s][info][gc,start       ] GC(55) Pause Young (Allocation Failure)
[1.796s][info][gc,heap        ] GC(55) PSYoungGen: 56864K(71680K)->40512K(75776K) Eden: 5632K(5632K)->0K(5632K) From: 51232K(66048K)->40512K(70144K)
[1.796s][info][gc,heap        ] GC(55) ParOldGen: 269344K(307712K)->285920K(307712K)
[1.796s][info][gc,metaspace   ] GC(55) Metaspace: 6302K(6464K)->6302K(6464K) NonClass: 5769K(5824K)->5769K(5824K) Class: 533K(640K)->533K(640K)
[1.796s][info][gc             ] GC(55) Pause Young (Allocation Failure) 318M->318M(374M) 25.202ms
[1.796s][info][gc,cpu         ] GC(55) User=0.14s Sys=0.00s Real=0.02s
[1.796s][info][gc,start       ] GC(56) Pause Full (Ergonomics)
[1.796s][info][gc,phases,start] GC(56) Marking Phase
[1.862s][info][gc,phases      ] GC(56) Marking Phase 65.590ms
[1.862s][info][gc,phases,start] GC(56) Summary Phase
[1.862s][info][gc,phases      ] GC(56) Summary Phase 0.019ms
[1.862s][info][gc,phases,start] GC(56) Adjust Roots
[1.862s][info][gc,phases      ] GC(56) Adjust Roots 0.149ms
[1.862s][info][gc,phases,start] GC(56) Compaction Phase
[1.893s][info][gc,phases      ] GC(56) Compaction Phase 30.952ms
[1.893s][info][gc,phases,start] GC(56) Post Compact
[1.895s][info][gc,phases      ] GC(56) Post Compact 1.583ms
[1.895s][info][gc,heap        ] GC(56) PSYoungGen: 40512K(75776K)->18312K(75776K) Eden: 0K(5632K)->0K(5632K) From: 40512K(70144K)->18312K(70144K)
[1.895s][info][gc,heap        ] GC(56) ParOldGen: 285920K(307712K)->307395K(355328K)
[1.895s][info][gc,metaspace   ] GC(56) Metaspace: 6302K(6464K)->6302K(6464K) NonClass: 5769K(5824K)->5769K(5824K) Class: 533K(640K)->533K(640K)
[1.895s][info][gc             ] GC(56) Pause Full (Ergonomics) 318M->318M(421M) 98.827ms
[1.895s][info][gc,cpu         ] GC(56) User=0.62s Sys=0.02s Real=0.10s
[1.902s][info][gc,start       ] GC(57) Pause Young (Allocation Failure)
[1.927s][info][gc,heap        ] GC(57) PSYoungGen: 23944K(75776K)->15744K(75264K) Eden: 5632K(5632K)->0K(6656K) From: 18312K(70144K)->15744K(68608K)
[1.927s][info][gc,heap        ] GC(57) ParOldGen: 307395K(355328K)->315867K(355328K)
[1.927s][info][gc,metaspace   ] GC(57) Metaspace: 6302K(6464K)->6302K(6464K) NonClass: 5769K(5824K)->5769K(5824K) Class: 533K(640K)->533K(640K)
[1.927s][info][gc             ] GC(57) Pause Young (Allocation Failure) 323M->323M(420M) 24.623ms
[1.927s][info][gc,cpu         ] GC(57) User=0.12s Sys=0.00s Real=0.02s
[1.935s][info][gc,start       ] GC(58) Pause Young (Allocation Failure)
[1.947s][info][gc,heap        ] GC(58) PSYoungGen: 22400K(75264K)->15616K(22528K) Eden: 6656K(6656K)->0K(6656K) From: 15744K(68608K)->15616K(15872K)
[1.947s][info][gc,heap        ] GC(58) ParOldGen: 315867K(355328K)->322715K(355328K)
[1.947s][info][gc,metaspace   ] GC(58) Metaspace: 6302K(6464K)->6302K(6464K) NonClass: 5769K(5824K)->5769K(5824K) Class: 533K(640K)->533K(640K)
[1.947s][info][gc             ] GC(58) Pause Young (Allocation Failure) 330M->330M(369M) 12.289ms
[1.947s][info][gc,cpu         ] GC(58) User=0.00s Sys=0.00s Real=0.01s
[1.954s][info][gc,start       ] GC(59) Pause Young (Allocation Failure)
[1.966s][info][gc,heap        ] GC(59) PSYoungGen: 22272K(22528K)->13408K(73216K) Eden: 6656K(6656K)->0K(7680K) From: 15616K(15872K)->13408K(65536K)
[1.966s][info][gc,heap        ] GC(59) ParOldGen: 322715K(355328K)->331707K(355328K)
[1.966s][info][gc,metaspace   ] GC(59) Metaspace: 6302K(6464K)->6302K(6464K) NonClass: 5769K(5824K)->5769K(5824K) Class: 533K(640K)->533K(640K)
[1.966s][info][gc             ] GC(59) Pause Young (Allocation Failure) 336M->337M(418M) 11.685ms
[1.966s][info][gc,cpu         ] GC(59) User=0.02s Sys=0.00s Real=0.01s
[1.975s][info][gc,start       ] GC(60) Pause Young (Allocation Failure)
[1.986s][info][gc,heap        ] GC(60) PSYoungGen: 21088K(73216K)->7840K(74240K) Eden: 7680K(7680K)->0K(7680K) From: 13408K(65536K)->7840K(66560K)
[1.987s][info][gc,heap        ] GC(60) ParOldGen: 331707K(355328K)->345179K(355328K)
[1.987s][info][gc,metaspace   ] GC(60) Metaspace: 6302K(6464K)->6302K(6464K) NonClass: 5769K(5824K)->5769K(5824K) Class: 533K(640K)->533K(640K)
[1.987s][info][gc             ] GC(60) Pause Young (Allocation Failure) 344M->344M(419M) 11.612ms
[1.987s][info][gc,cpu         ] GC(60) User=0.02s Sys=0.00s Real=0.01s
[1.987s][info][gc,start       ] GC(61) Pause Full (Ergonomics)
[1.987s][info][gc,phases,start] GC(61) Marking Phase
[2.062s][info][gc,phases      ] GC(61) Marking Phase 75.659ms
[2.062s][info][gc,phases,start] GC(61) Summary Phase
[2.062s][info][gc,phases      ] GC(61) Summary Phase 0.022ms
[2.062s][info][gc,phases,start] GC(61) Adjust Roots
[2.063s][info][gc,phases      ] GC(61) Adjust Roots 0.164ms
[2.063s][info][gc,phases,start] GC(61) Compaction Phase
[2.092s][info][gc,phases      ] GC(61) Compaction Phase 29.741ms
[2.092s][info][gc,phases,start] GC(61) Post Compact
[2.094s][info][gc,phases      ] GC(61) Post Compact 1.801ms
[2.094s][info][gc,heap        ] GC(61) PSYoungGen: 7840K(74240K)->0K(75264K) Eden: 0K(7680K)->0K(9216K) From: 7840K(66560K)->0K(66048K)
[2.095s][info][gc,heap        ] GC(61) ParOldGen: 345179K(355328K)->352212K(401920K)
[2.095s][info][gc,metaspace   ] GC(61) Metaspace: 6302K(6464K)->6302K(6464K) NonClass: 5769K(5824K)->5769K(5824K) Class: 533K(640K)->533K(640K)
[2.095s][info][gc             ] GC(61) Pause Full (Ergonomics) 344M->343M(466M) 107.916ms
[2.095s][info][gc,cpu         ] GC(61) User=0.66s Sys=0.02s Real=0.11s
[2.165s][info][gc,start       ] GC(62) Pause Young (Allocation Failure)
[2.180s][info][gc,heap        ] GC(62) PSYoungGen: 9216K(75264K)->9312K(75264K) Eden: 9216K(9216K)->0K(9216K) From: 0K(66048K)->9312K(66048K)
[2.180s][info][gc,heap        ] GC(62) ParOldGen: 368596K(401920K)->368596K(401920K)
[2.180s][info][gc,metaspace   ] GC(62) Metaspace: 6302K(6464K)->6302K(6464K) NonClass: 5769K(5824K)->5769K(5824K) Class: 533K(640K)->533K(640K)
[2.180s][info][gc             ] GC(62) Pause Young (Allocation Failure) 368M->369M(466M) 15.589ms
[2.180s][info][gc,cpu         ] GC(62) User=0.02s Sys=0.00s Real=0.02s
[2.188s][info][gc,start       ] GC(63) Pause Young (Allocation Failure)
[2.199s][info][gc,heap        ] GC(63) PSYoungGen: 18528K(75264K)->18560K(69120K) Eden: 9216K(9216K)->0K(10240K) From: 9312K(66048K)->18560K(58880K)
[2.199s][info][gc,heap        ] GC(63) ParOldGen: 368596K(401920K)->368596K(401920K)
[2.199s][info][gc,metaspace   ] GC(63) Metaspace: 6302K(6464K)->6302K(6464K) NonClass: 5769K(5824K)->5769K(5824K) Class: 533K(640K)->533K(640K)
[2.199s][info][gc             ] GC(63) Pause Young (Allocation Failure) 378M->378M(460M) 10.248ms
[2.199s][info][gc,cpu         ] GC(63) User=0.00s Sys=0.00s Real=0.01s
[2.209s][info][gc,start       ] GC(64) Pause Young (Allocation Failure)
[2.224s][info][gc,heap        ] GC(64) PSYoungGen: 28800K(69120K)->19520K(30208K) Eden: 10240K(10240K)->0K(10240K) From: 18560K(58880K)->19520K(19968K)
[2.224s][info][gc,heap        ] GC(64) ParOldGen: 368596K(401920K)->377948K(401920K)
[2.224s][info][gc,metaspace   ] GC(64) Metaspace: 6302K(6464K)->6302K(6464K) NonClass: 5769K(5824K)->5769K(5824K) Class: 533K(640K)->533K(640K)
[2.224s][info][gc             ] GC(64) Pause Young (Allocation Failure) 388M->388M(422M) 14.492ms
[2.224s][info][gc,cpu         ] GC(64) User=0.00s Sys=0.02s Real=0.01s
[2.233s][info][gc,start       ] GC(65) Pause Young (Allocation Failure)
[2.248s][info][gc,heap        ] GC(65) PSYoungGen: 29760K(30208K)->20608K(64512K) Eden: 10240K(10240K)->0K(11776K) From: 19520K(19968K)->20608K(52736K)
[2.248s][info][gc,heap        ] GC(65) ParOldGen: 377948K(401920K)->387260K(401920K)
[2.248s][info][gc,metaspace   ] GC(65) Metaspace: 6302K(6464K)->6302K(6464K) NonClass: 5769K(5824K)->5769K(5824K) Class: 533K(640K)->533K(640K)
[2.248s][info][gc             ] GC(65) Pause Young (Allocation Failure) 398M->398M(455M) 14.892ms
[2.248s][info][gc,cpu         ] GC(65) User=0.00s Sys=0.02s Real=0.02s
[2.248s][info][gc,start       ] GC(66) Pause Full (Ergonomics)
[2.248s][info][gc,phases,start] GC(66) Marking Phase
[2.337s][info][gc,phases      ] GC(66) Marking Phase 88.529ms
[2.337s][info][gc,phases,start] GC(66) Summary Phase
[2.337s][info][gc,phases      ] GC(66) Summary Phase 0.025ms
[2.337s][info][gc,phases,start] GC(66) Adjust Roots
[2.337s][info][gc,phases      ] GC(66) Adjust Roots 0.156ms
[2.337s][info][gc,phases,start] GC(66) Compaction Phase
[2.406s][info][gc,phases      ] GC(66) Compaction Phase 68.535ms
[2.406s][info][gc,phases,start] GC(66) Post Compact
[2.408s][info][gc,phases      ] GC(66) Post Compact 2.039ms
[2.408s][info][gc,heap        ] GC(66) PSYoungGen: 20608K(64512K)->0K(67584K) Eden: 0K(11776K)->0K(11776K) From: 20608K(52736K)->0K(55808K)
[2.408s][info][gc,heap        ] GC(66) ParOldGen: 387260K(401920K)->399185K(450048K)
[2.408s][info][gc,metaspace   ] GC(66) Metaspace: 6302K(6464K)->6302K(6464K) NonClass: 5769K(5824K)->5769K(5824K) Class: 533K(640K)->533K(640K)
[2.408s][info][gc             ] GC(66) Pause Full (Ergonomics) 398M->389M(505M) 159.798ms
[2.408s][info][gc,cpu         ] GC(66) User=1.03s Sys=0.00s Real=0.16s
[2.423s][info][gc,start       ] GC(67) Pause Young (Allocation Failure)
[2.432s][info][gc,heap        ] GC(67) PSYoungGen: 11776K(67584K)->11904K(66048K) Eden: 11776K(11776K)->0K(13312K) From: 0K(55808K)->11904K(52736K)
[2.432s][info][gc,heap        ] GC(67) ParOldGen: 399185K(450048K)->399185K(450048K)
[2.432s][info][gc,metaspace   ] GC(67) Metaspace: 6302K(6464K)->6302K(6464K) NonClass: 5769K(5824K)->5769K(5824K) Class: 533K(640K)->533K(640K)
[2.432s][info][gc             ] GC(67) Pause Young (Allocation Failure) 401M->401M(504M) 9.180ms
[2.432s][info][gc,cpu         ] GC(67) User=0.00s Sys=0.00s Real=0.01s
[2.445s][info][gc,start       ] GC(68) Pause Young (Allocation Failure)
[2.458s][info][gc,heap        ] GC(68) PSYoungGen: 25216K(66048K)->25216K(38912K) Eden: 13312K(13312K)->0K(13312K) From: 11904K(52736K)->25216K(25600K)
[2.459s][info][gc,heap        ] GC(68) ParOldGen: 399185K(450048K)->399185K(450048K)
[2.459s][info][gc,metaspace   ] GC(68) Metaspace: 6302K(6464K)->6302K(6464K) NonClass: 5769K(5824K)->5769K(5824K) Class: 533K(640K)->533K(640K)
[2.459s][info][gc             ] GC(68) Pause Young (Allocation Failure) 414M->414M(477M) 13.350ms
[2.459s][info][gc,cpu         ] GC(68) User=0.02s Sys=0.00s Real=0.01s
[2.472s][info][gc,start       ] GC(69) Pause Young (Allocation Failure)
[2.490s][info][gc,heap        ] GC(69) PSYoungGen: 38528K(38912K)->38528K(64000K) Eden: 13312K(13312K)->0K(11776K) From: 25216K(25600K)->38528K(52224K)
[2.490s][info][gc,heap        ] GC(69) ParOldGen: 399185K(450048K)->399185K(450048K)
[2.490s][info][gc,metaspace   ] GC(69) Metaspace: 6302K(6464K)->6302K(6464K) NonClass: 5769K(5824K)->5769K(5824K) Class: 533K(640K)->533K(640K)
[2.490s][info][gc             ] GC(69) Pause Young (Allocation Failure) 427M->427M(502M) 18.148ms
[2.490s][info][gc,cpu         ] GC(69) User=0.12s Sys=0.00s Real=0.02s
[2.502s][info][gc,start       ] GC(70) Pause Young (Allocation Failure)
[2.524s][info][gc,heap        ] GC(70) PSYoungGen: 50304K(64000K)->50272K(67072K) Eden: 11776K(11776K)->0K(11776K) From: 38528K(52224K)->50272K(55296K)
[2.524s][info][gc,heap        ] GC(70) ParOldGen: 399185K(450048K)->399185K(450048K)
[2.524s][info][gc,metaspace   ] GC(70) Metaspace: 6302K(6464K)->6302K(6464K) NonClass: 5769K(5824K)->5769K(5824K) Class: 533K(640K)->533K(640K)
[2.524s][info][gc             ] GC(70) Pause Young (Allocation Failure) 438M->438M(505M) 22.323ms
[2.524s][info][gc,cpu         ] GC(70) User=0.12s Sys=0.00s Real=0.02s
[2.536s][info][gc,start       ] GC(71) Pause Young (Allocation Failure)
[2.564s][info][gc,heap        ] GC(71) PSYoungGen: 62048K(67072K)->50304K(70144K) Eden: 11776K(11776K)->0K(8192K) From: 50272K(55296K)->50304K(61952K)
[2.564s][info][gc,heap        ] GC(71) ParOldGen: 399185K(450048K)->411121K(450048K)
[2.564s][info][gc,metaspace   ] GC(71) Metaspace: 6302K(6464K)->6302K(6464K) NonClass: 5769K(5824K)->5769K(5824K) Class: 533K(640K)->533K(640K)
[2.564s][info][gc             ] GC(71) Pause Young (Allocation Failure) 450M->450M(508M) 27.799ms
[2.564s][info][gc,cpu         ] GC(71) User=0.14s Sys=0.00s Real=0.03s
[2.572s][info][gc,start       ] GC(72) Pause Young (Allocation Failure)
[2.599s][info][gc,heap        ] GC(72) PSYoungGen: 58496K(70144K)->31872K(40448K) Eden: 8192K(8192K)->0K(8192K) From: 50304K(61952K)->31872K(32256K)
[2.599s][info][gc,heap        ] GC(72) ParOldGen: 411121K(450048K)->438065K(450048K)
[2.599s][info][gc,metaspace   ] GC(72) Metaspace: 6302K(6464K)->6302K(6464K) NonClass: 5769K(5824K)->5769K(5824K) Class: 533K(640K)->533K(640K)
[2.599s][info][gc             ] GC(72) Pause Young (Allocation Failure) 458M->458M(479M) 26.922ms
[2.599s][info][gc,cpu         ] GC(72) User=0.11s Sys=0.03s Real=0.03s
[2.599s][info][gc,start       ] GC(73) Pause Full (Ergonomics)
[2.599s][info][gc,phases,start] GC(73) Marking Phase
[2.705s][info][gc,phases      ] GC(73) Marking Phase 105.835ms
[2.705s][info][gc,phases,start] GC(73) Summary Phase
[2.705s][info][gc,phases      ] GC(73) Summary Phase 0.020ms
[2.705s][info][gc,phases,start] GC(73) Adjust Roots
[2.706s][info][gc,phases      ] GC(73) Adjust Roots 0.157ms
[2.706s][info][gc,phases,start] GC(73) Compaction Phase
[2.756s][info][gc,phases      ] GC(73) Compaction Phase 50.448ms
[2.756s][info][gc,phases,start] GC(73) Post Compact
[2.758s][info][gc,phases      ] GC(73) Post Compact 2.303ms
[2.759s][info][gc,heap        ] GC(73) PSYoungGen: 31872K(40448K)->19388K(40448K) Eden: 0K(8192K)->0K(8192K) From: 31872K(32256K)->19388K(32256K)
[2.759s][info][gc,heap        ] GC(73) ParOldGen: 438065K(450048K)->449752K(510464K)
[2.759s][info][gc,metaspace   ] GC(73) Metaspace: 6302K(6464K)->6302K(6464K) NonClass: 5769K(5824K)->5769K(5824K) Class: 533K(640K)->533K(640K)
[2.759s][info][gc             ] GC(73) Pause Full (Ergonomics) 458M->458M(538M) 159.356ms
[2.759s][info][gc,cpu         ] GC(73) User=1.05s Sys=0.00s Real=0.16s
[2.768s][info][gc,start       ] GC(74) Pause Young (Allocation Failure)
[2.799s][info][gc,heap        ] GC(74) PSYoungGen: 27580K(40448K)->13408K(73216K) Eden: 8192K(8192K)->0K(9728K) From: 19388K(32256K)->13408K(63488K)
[2.799s][info][gc,heap        ] GC(74) ParOldGen: 449752K(510464K)->464272K(510464K)
[2.799s][info][gc,metaspace   ] GC(74) Metaspace: 6302K(6464K)->6302K(6464K) NonClass: 5769K(5824K)->5769K(5824K) Class: 533K(640K)->533K(640K)
[2.800s][info][gc             ] GC(74) Pause Young (Allocation Failure) 466M->466M(570M) 31.153ms
[2.800s][info][gc,cpu         ] GC(74) User=0.14s Sys=0.00s Real=0.03s
[2.811s][info][gc,start       ] GC(75) Pause Young (Allocation Failure)
[2.824s][info][gc,heap        ] GC(75) PSYoungGen: 23136K(73216K)->18016K(28160K) Eden: 9728K(9728K)->0K(9728K) From: 13408K(63488K)->18016K(18432K)
[2.824s][info][gc,heap        ] GC(75) ParOldGen: 464272K(510464K)->469456K(510464K)
[2.824s][info][gc,metaspace   ] GC(75) Metaspace: 6302K(6464K)->6302K(6464K) NonClass: 5769K(5824K)->5769K(5824K) Class: 533K(640K)->533K(640K)
[2.824s][info][gc             ] GC(75) Pause Young (Allocation Failure) 475M->476M(526M) 12.705ms
[2.824s][info][gc,cpu         ] GC(75) User=0.00s Sys=0.00s Real=0.01s
[2.834s][info][gc,start       ] GC(76) Pause Young (Allocation Failure)
[2.849s][info][gc,heap        ] GC(76) PSYoungGen: 27744K(28160K)->19584K(68096K) Eden: 9728K(9728K)->0K(11264K) From: 18016K(18432K)->19584K(56832K)
[2.849s][info][gc,heap        ] GC(76) ParOldGen: 469456K(510464K)->477760K(510464K)
[2.849s][info][gc,metaspace   ] GC(76) Metaspace: 6302K(6464K)->6302K(6464K) NonClass: 5769K(5824K)->5769K(5824K) Class: 533K(640K)->533K(640K)
[2.849s][info][gc             ] GC(76) Pause Young (Allocation Failure) 485M->485M(565M) 14.768ms
[2.849s][info][gc,cpu         ] GC(76) User=0.02s Sys=0.00s Real=0.01s
[2.861s][info][gc,start       ] GC(77) Pause Young (Allocation Failure)
[2.877s][info][gc,heap        ] GC(77) PSYoungGen: 30848K(68096K)->21120K(32768K) Eden: 11264K(11264K)->0K(11264K) From: 19584K(56832K)->21120K(21504K)
[2.877s][info][gc,heap        ] GC(77) ParOldGen: 477760K(510464K)->487640K(510464K)
[2.877s][info][gc,metaspace   ] GC(77) Metaspace: 6302K(6464K)->6302K(6464K) NonClass: 5769K(5824K)->5769K(5824K) Class: 533K(640K)->533K(640K)
[2.877s][info][gc             ] GC(77) Pause Young (Allocation Failure) 496M->496M(530M) 16.012ms
[2.877s][info][gc,cpu         ] GC(77) User=0.02s Sys=0.00s Real=0.02s
[2.877s][info][gc,start       ] GC(78) Pause Full (Ergonomics)
[2.877s][info][gc,phases,start] GC(78) Marking Phase
[2.986s][info][gc,phases      ] GC(78) Marking Phase 108.725ms
[2.986s][info][gc,phases,start] GC(78) Summary Phase
[2.986s][info][gc,phases      ] GC(78) Summary Phase 0.024ms
[2.986s][info][gc,phases,start] GC(78) Adjust Roots
[2.986s][info][gc,phases      ] GC(78) Adjust Roots 0.156ms
[2.986s][info][gc,phases,start] GC(78) Compaction Phase
[3.037s][info][gc,phases      ] GC(78) Compaction Phase 50.570ms
[3.037s][info][gc,phases,start] GC(78) Post Compact
[3.039s][info][gc,phases      ] GC(78) Post Compact 2.534ms
[3.040s][info][gc,heap        ] GC(78) PSYoungGen: 21120K(32768K)->0K(69632K) Eden: 0K(11264K)->0K(12800K) From: 21120K(21504K)->0K(56832K)
[3.040s][info][gc,heap        ] GC(78) ParOldGen: 487640K(510464K)->507935K(569856K)
[3.040s][info][gc,metaspace   ] GC(78) Metaspace: 6302K(6464K)->6302K(6464K) NonClass: 5769K(5824K)->5769K(5824K) Class: 533K(640K)->533K(640K)
[3.040s][info][gc             ] GC(78) Pause Full (Ergonomics) 496M->496M(624M) 162.717ms
[3.040s][info][gc,cpu         ] GC(78) User=1.03s Sys=0.00s Real=0.16s
[3.056s][info][gc,start       ] GC(79) Pause Young (Allocation Failure)
[3.066s][info][gc,heap        ] GC(79) PSYoungGen: 12800K(69632K)->12928K(69632K) Eden: 12800K(12800K)->0K(12800K) From: 0K(56832K)->12928K(56832K)
[3.066s][info][gc,heap        ] GC(79) ParOldGen: 507935K(569856K)->507935K(569856K)
[3.066s][info][gc,metaspace   ] GC(79) Metaspace: 6302K(6464K)->6302K(6464K) NonClass: 5769K(5824K)->5769K(5824K) Class: 533K(640K)->533K(640K)
[3.066s][info][gc             ] GC(79) Pause Young (Allocation Failure) 508M->508M(624M) 9.797ms
[3.066s][info][gc,cpu         ] GC(79) User=0.02s Sys=0.00s Real=0.01s
[3.079s][info][gc,start       ] GC(80) Pause Young (Allocation Failure)
[3.093s][info][gc,heap        ] GC(80) PSYoungGen: 25728K(69632K)->25728K(65024K) Eden: 12800K(12800K)->0K(14336K) From: 12928K(56832K)->25728K(50688K)
[3.093s][info][gc,heap        ] GC(80) ParOldGen: 507935K(569856K)->507935K(569856K)
[3.093s][info][gc,metaspace   ] GC(80) Metaspace: 6302K(6464K)->6302K(6464K) NonClass: 5769K(5824K)->5769K(5824K) Class: 533K(640K)->533K(640K)
[3.093s][info][gc             ] GC(80) Pause Young (Allocation Failure) 521M->521M(620M) 14.106ms
[3.093s][info][gc,cpu         ] GC(80) User=0.02s Sys=0.00s Real=0.02s
[3.109s][info][gc,start       ] GC(81) Pause Young (Allocation Failure)
[3.129s][info][gc,heap        ] GC(81) PSYoungGen: 40064K(65024K)->40032K(67584K) Eden: 14336K(14336K)->0K(14336K) From: 25728K(50688K)->40032K(53248K)
[3.129s][info][gc,heap        ] GC(81) ParOldGen: 507935K(569856K)->507935K(569856K)
[3.129s][info][gc,metaspace   ] GC(81) Metaspace: 6302K(6464K)->6302K(6464K) NonClass: 5769K(5824K)->5769K(5824K) Class: 533K(640K)->533K(640K)
[3.129s][info][gc             ] GC(81) Pause Young (Allocation Failure) 535M->535M(622M) 19.981ms
[3.129s][info][gc,cpu         ] GC(81) User=0.12s Sys=0.00s Real=0.02s
[3.144s][info][gc,start       ] GC(82) Pause Young (Allocation Failure)
[3.170s][info][gc,heap        ] GC(82) PSYoungGen: 54368K(67584K)->54400K(64512K) Eden: 14336K(14336K)->0K(8192K) From: 40032K(53248K)->54400K(56320K)
[3.170s][info][gc,heap        ] GC(82) ParOldGen: 507935K(569856K)->507935K(569856K)
[3.170s][info][gc,metaspace   ] GC(82) Metaspace: 6302K(6464K)->6302K(6464K) NonClass: 5769K(5824K)->5769K(5824K) Class: 533K(640K)->533K(640K)
[3.170s][info][gc             ] GC(82) Pause Young (Allocation Failure) 549M->549M(619M) 25.680ms
[3.170s][info][gc,cpu         ] GC(82) User=0.14s Sys=0.00s Real=0.03s
[3.179s][info][gc,start       ] GC(83) Pause Young (Allocation Failure)
[3.207s][info][gc,heap        ] GC(83) PSYoungGen: 62592K(64512K)->49760K(72192K) Eden: 8192K(8192K)->0K(8192K) From: 54400K(56320K)->49760K(64000K)
[3.207s][info][gc,heap        ] GC(83) ParOldGen: 507935K(569856K)->520911K(569856K)
[3.207s][info][gc,metaspace   ] GC(83) Metaspace: 6302K(6464K)->6302K(6464K) NonClass: 5769K(5824K)->5769K(5824K) Class: 533K(640K)->533K(640K)
[3.207s][info][gc             ] GC(83) Pause Young (Allocation Failure) 557M->557M(627M) 27.998ms
[3.207s][info][gc,cpu         ] GC(83) User=0.14s Sys=0.00s Real=0.03s
[3.217s][info][gc,start       ] GC(84) Pause Young (Allocation Failure)
[3.244s][info][gc,heap        ] GC(84) PSYoungGen: 57952K(72192K)->30848K(70656K) Eden: 8192K(8192K)->0K(9728K) From: 49760K(64000K)->30848K(60928K)
[3.244s][info][gc,heap        ] GC(84) ParOldGen: 520911K(569856K)->548391K(569856K)
[3.244s][info][gc,metaspace   ] GC(84) Metaspace: 6302K(6464K)->6302K(6464K) NonClass: 5769K(5824K)->5769K(5824K) Class: 533K(640K)->533K(640K)
[3.245s][info][gc             ] GC(84) Pause Young (Allocation Failure) 565M->565M(625M) 27.997ms
[3.245s][info][gc,cpu         ] GC(84) User=0.11s Sys=0.02s Real=0.03s
[3.245s][info][gc,start       ] GC(85) Pause Full (Ergonomics)
[3.245s][info][gc,phases,start] GC(85) Marking Phase
[3.375s][info][gc,phases      ] GC(85) Marking Phase 130.092ms
[3.375s][info][gc,phases,start] GC(85) Summary Phase
[3.375s][info][gc,phases      ] GC(85) Summary Phase 0.021ms
[3.375s][info][gc,phases,start] GC(85) Adjust Roots
[3.375s][info][gc,phases      ] GC(85) Adjust Roots 0.154ms
[3.375s][info][gc,phases,start] GC(85) Compaction Phase
[3.428s][info][gc,phases      ] GC(85) Compaction Phase 52.806ms
[3.428s][info][gc,phases,start] GC(85) Post Compact
[3.429s][info][gc,phases      ] GC(85) Post Compact 0.925ms
[3.429s][info][gc,heap        ] GC(85) PSYoungGen: 30848K(70656K)->8654K(72192K) Eden: 0K(9728K)->0K(11264K) From: 30848K(60928K)->8654K(60928K)
[3.429s][info][gc,heap        ] GC(85) ParOldGen: 548391K(569856K)->569746K(641024K)
[3.429s][info][gc,metaspace   ] GC(85) Metaspace: 6302K(6464K)->6302K(6464K) NonClass: 5769K(5824K)->5769K(5824K) Class: 533K(640K)->533K(640K)
[3.429s][info][gc             ] GC(85) Pause Full (Ergonomics) 565M->564M(696M) 184.574ms
[3.429s][info][gc,cpu         ] GC(85) User=1.36s Sys=0.05s Real=0.18s
[3.442s][info][gc,start       ] GC(86) Pause Young (Allocation Failure)
[3.475s][info][gc,heap        ] GC(86) PSYoungGen: 19918K(72192K)->13088K(75776K) Eden: 11264K(11264K)->0K(11264K) From: 8654K(60928K)->13088K(64512K)
[3.475s][info][gc,heap        ] GC(86) ParOldGen: 569746K(641024K)->576842K(641024K)
[3.475s][info][gc,metaspace   ] GC(86) Metaspace: 6302K(6464K)->6302K(6464K) NonClass: 5769K(5824K)->5769K(5824K) Class: 533K(640K)->533K(640K)
[3.475s][info][gc             ] GC(86) Pause Young (Allocation Failure) 575M->576M(700M) 33.187ms
[3.475s][info][gc,cpu         ] GC(86) User=0.14s Sys=0.00s Real=0.03s
[3.487s][info][gc,start       ] GC(87) Pause Young (Allocation Failure)
[3.501s][info][gc,heap        ] GC(87) PSYoungGen: 24352K(75776K)->22656K(72704K) Eden: 11264K(11264K)->0K(12800K) From: 13088K(64512K)->22656K(59904K)
[3.501s][info][gc,heap        ] GC(87) ParOldGen: 576842K(641024K)->578570K(641024K)
[3.501s][info][gc,metaspace   ] GC(87) Metaspace: 6302K(6464K)->6302K(6464K) NonClass: 5769K(5824K)->5769K(5824K) Class: 533K(640K)->533K(640K)
[3.501s][info][gc             ] GC(87) Pause Young (Allocation Failure) 587M->587M(697M) 13.629ms
[3.501s][info][gc,cpu         ] GC(87) User=0.02s Sys=0.00s Real=0.01s
[3.516s][info][gc,start       ] GC(88) Pause Young (Allocation Failure)
[3.535s][info][gc,heap        ] GC(88) PSYoungGen: 35456K(72704K)->24192K(37376K) Eden: 12800K(12800K)->0K(12800K) From: 22656K(59904K)->24192K(24576K)
[3.535s][info][gc,heap        ] GC(88) ParOldGen: 578570K(641024K)->589994K(641024K)
[3.535s][info][gc,metaspace   ] GC(88) Metaspace: 6302K(6464K)->6302K(6464K) NonClass: 5769K(5824K)->5769K(5824K) Class: 533K(640K)->533K(640K)
[3.535s][info][gc             ] GC(88) Pause Young (Allocation Failure) 599M->599M(662M) 19.081ms
[3.535s][info][gc,cpu         ] GC(88) User=0.12s Sys=0.00s Real=0.02s
[3.550s][info][gc,start       ] GC(89) Pause Young (Allocation Failure)
[3.570s][info][gc,heap        ] GC(89) PSYoungGen: 36992K(37376K)->25728K(67584K) Eden: 12800K(12800K)->0K(14336K) From: 24192K(24576K)->25728K(53248K)
[3.570s][info][gc,heap        ] GC(89) ParOldGen: 589994K(641024K)->601418K(641024K)
[3.570s][info][gc,metaspace   ] GC(89) Metaspace: 6302K(6464K)->6302K(6464K) NonClass: 5769K(5824K)->5769K(5824K) Class: 533K(640K)->533K(640K)
[3.570s][info][gc             ] GC(89) Pause Young (Allocation Failure) 612M->612M(692M) 19.778ms
[3.570s][info][gc,cpu         ] GC(89) User=0.12s Sys=0.00s Real=0.02s
[3.587s][info][gc,start       ] GC(90) Pause Young (Allocation Failure)
[3.609s][info][gc,heap        ] GC(90) PSYoungGen: 40064K(67584K)->27232K(41984K) Eden: 14336K(14336K)->0K(14336K) From: 25728K(53248K)->27232K(27648K)
[3.609s][info][gc,heap        ] GC(90) ParOldGen: 601418K(641024K)->614402K(641024K)
[3.609s][info][gc,metaspace   ] GC(90) Metaspace: 6302K(6464K)->6302K(6464K) NonClass: 5769K(5824K)->5769K(5824K) Class: 533K(640K)->533K(640K)
[3.609s][info][gc             ] GC(90) Pause Young (Allocation Failure) 626M->626M(667M) 22.265ms
[3.609s][info][gc,cpu         ] GC(90) User=0.12s Sys=0.02s Real=0.02s
[3.627s][info][gc,start       ] GC(91) Pause Young (Allocation Failure)
[3.649s][info][gc,heap        ] GC(91) PSYoungGen: 41568K(41984K)->28768K(66048K) Eden: 14336K(14336K)->0K(16384K) From: 27232K(27648K)->28768K(49664K)
[3.649s][info][gc,heap        ] GC(91) ParOldGen: 614402K(641024K)->627378K(641024K)
[3.649s][info][gc,metaspace   ] GC(91) Metaspace: 6302K(6464K)->6302K(6464K) NonClass: 5769K(5824K)->5769K(5824K) Class: 533K(640K)->533K(640K)
[3.649s][info][gc             ] GC(91) Pause Young (Allocation Failure) 640M->640M(690M) 22.458ms
[3.649s][info][gc,cpu         ] GC(91) User=0.12s Sys=0.00s Real=0.02s
[3.649s][info][gc,start       ] GC(92) Pause Full (Ergonomics)
[3.649s][info][gc,phases,start] GC(92) Marking Phase
[3.781s][info][gc,phases      ] GC(92) Marking Phase 131.493ms
[3.781s][info][gc,phases,start] GC(92) Summary Phase
[3.781s][info][gc,phases      ] GC(92) Summary Phase 0.029ms
[3.781s][info][gc,phases,start] GC(92) Adjust Roots
[3.781s][info][gc,phases      ] GC(92) Adjust Roots 0.155ms
[3.781s][info][gc,phases,start] GC(92) Compaction Phase
[3.841s][info][gc,phases      ] GC(92) Compaction Phase 60.245ms
[3.841s][info][gc,phases,start] GC(92) Post Compact
[3.842s][info][gc,phases      ] GC(92) Post Compact 1.066ms
[3.843s][info][gc,heap        ] GC(92) PSYoungGen: 28768K(66048K)->14294K(68096K) Eden: 0K(16384K)->0K(18432K) From: 28768K(49664K)->14294K(49664K)
[3.843s][info][gc,heap        ] GC(92) ParOldGen: 627378K(641024K)->640715K(713216K)
[3.843s][info][gc,metaspace   ] GC(92) Metaspace: 6302K(6464K)->6302K(6464K) NonClass: 5769K(5824K)->5769K(5824K) Class: 533K(640K)->533K(640K)
[3.843s][info][gc             ] GC(92) Pause Full (Ergonomics) 640M->639M(763M) 193.598ms
[3.843s][info][gc,cpu         ] GC(92) User=1.39s Sys=0.00s Real=0.19s
[3.866s][info][gc,start       ] GC(93) Pause Young (Allocation Failure)
[3.908s][info][gc,heap        ] GC(93) PSYoungGen: 32726K(68096K)->25888K(70144K) Eden: 18432K(18432K)->0K(18432K) From: 14294K(49664K)->25888K(51712K)
[3.909s][info][gc,heap        ] GC(93) ParOldGen: 640715K(713216K)->647867K(713216K)
[3.909s][info][gc,metaspace   ] GC(93) Metaspace: 6302K(6464K)->6302K(6464K) NonClass: 5769K(5824K)->5769K(5824K) Class: 533K(640K)->533K(640K)
[3.909s][info][gc             ] GC(93) Pause Young (Allocation Failure) 657M->657M(765M) 42.433ms
[3.909s][info][gc,cpu         ] GC(93) User=0.27s Sys=0.00s Real=0.04s
[3.932s][info][gc,start       ] GC(94) Pause Young (Allocation Failure)
[3.955s][info][gc,heap        ] GC(94) PSYoungGen: 44320K(70144K)->44288K(66560K) Eden: 18432K(18432K)->0K(16896K) From: 25888K(51712K)->44288K(49664K)
[3.955s][info][gc,heap        ] GC(94) ParOldGen: 647867K(713216K)->647867K(713216K)
[3.955s][info][gc,metaspace   ] GC(94) Metaspace: 6302K(6464K)->6302K(6464K) NonClass: 5769K(5824K)->5769K(5824K) Class: 533K(640K)->533K(640K)
[3.955s][info][gc             ] GC(94) Pause Young (Allocation Failure) 675M->675M(761M) 23.661ms
[3.955s][info][gc,cpu         ] GC(94) User=0.14s Sys=0.00s Real=0.03s
[4.112s][info][gc,start       ] GC(95) Pause Young (Allocation Failure)
[4.154s][info][gc,heap        ] GC(95) PSYoungGen: 61184K(66560K)->53248K(70144K) Eden: 16896K(16896K)->0K(16896K) From: 44288K(49664K)->53248K(53248K)
[4.154s][info][gc,heap        ] GC(95) ParOldGen: 680635K(713216K)->688571K(713216K)
[4.154s][info][gc,metaspace   ] GC(95) Metaspace: 6302K(6464K)->6302K(6464K) NonClass: 5769K(5824K)->5769K(5824K) Class: 533K(640K)->533K(640K)
[4.154s][info][gc             ] GC(95) Pause Young (Allocation Failure) 724M->724M(765M) 42.954ms
[4.154s][info][gc,cpu         ] GC(95) User=0.27s Sys=0.00s Real=0.04s
[4.172s][info][gc,start       ] GC(96) Pause Young (Allocation Failure)
[4.206s][info][gc,heap        ] GC(96) PSYoungGen: 70144K(70144K)->33696K(76800K) Eden: 16896K(16896K)->0K(18944K) From: 53248K(53248K)->33696K(57856K)
[4.206s][info][gc,heap        ] GC(96) ParOldGen: 688571K(713216K)->725595K(726016K)
[4.206s][info][gc,metaspace   ] GC(96) Metaspace: 6302K(6464K)->6302K(6464K) NonClass: 5769K(5824K)->5769K(5824K) Class: 533K(640K)->533K(640K)
[4.206s][info][gc             ] GC(96) Pause Young (Allocation Failure) 740M->741M(784M) 34.435ms
[4.206s][info][gc,cpu         ] GC(96) User=0.12s Sys=0.03s Real=0.03s
[4.206s][info][gc,start       ] GC(97) Pause Full (Ergonomics)
[4.206s][info][gc,phases,start] GC(97) Marking Phase
[4.363s][info][gc,phases      ] GC(97) Marking Phase 156.294ms
[4.363s][info][gc,phases,start] GC(97) Summary Phase
[4.363s][info][gc,phases      ] GC(97) Summary Phase 0.027ms
[4.363s][info][gc,phases,start] GC(97) Adjust Roots
[4.363s][info][gc,phases      ] GC(97) Adjust Roots 0.238ms
[4.363s][info][gc,phases,start] GC(97) Compaction Phase
[4.481s][info][gc,phases      ] GC(97) Compaction Phase 118.356ms
[4.481s][info][gc,phases,start] GC(97) Post Compact
[4.483s][info][gc,phases      ] GC(97) Post Compact 1.429ms
[4.483s][info][gc,heap        ] GC(97) PSYoungGen: 33696K(76800K)->16114K(78848K) Eden: 0K(18944K)->0K(20992K) From: 33696K(57856K)->16114K(57856K)
[4.483s][info][gc,heap        ] GC(97) ParOldGen: 725595K(726016K)->725816K(809472K)
[4.483s][info][gc,metaspace   ] GC(97) Metaspace: 6302K(6464K)->6302K(6464K) NonClass: 5769K(5824K)->5769K(5824K) Class: 533K(640K)->533K(640K)
[4.483s][info][gc             ] GC(97) Pause Full (Ergonomics) 741M->724M(867M) 276.928ms
[4.483s][info][gc,cpu         ] GC(97) User=1.81s Sys=0.00s Real=0.28s
[4.507s][info][gc,start       ] GC(98) Pause Young (Allocation Failure)
[4.553s][info][gc,heap        ] GC(98) PSYoungGen: 37106K(78848K)->31040K(81408K) Eden: 20992K(20992K)->0K(20992K) From: 16114K(57856K)->31040K(60416K)
[4.553s][info][gc,heap        ] GC(98) ParOldGen: 725816K(809472K)->732184K(809472K)
[4.553s][info][gc,metaspace   ] GC(98) Metaspace: 6302K(6464K)->6302K(6464K) NonClass: 5769K(5824K)->5769K(5824K) Class: 533K(640K)->533K(640K)
[4.553s][info][gc             ] GC(98) Pause Young (Allocation Failure) 745M->745M(870M) 46.205ms
[4.553s][info][gc,cpu         ] GC(98) User=0.27s Sys=0.00s Real=0.05s
[4.575s][info][gc,start       ] GC(99) Pause Young (Allocation Failure)
[4.601s][info][gc,heap        ] GC(99) PSYoungGen: 52032K(81408K)->52032K(76800K) Eden: 20992K(20992K)->0K(18944K) From: 31040K(60416K)->52032K(57856K)
[4.601s][info][gc,heap        ] GC(99) ParOldGen: 732184K(809472K)->732184K(809472K)
[4.601s][info][gc,metaspace   ] GC(99) Metaspace: 6302K(6464K)->6302K(6464K) NonClass: 5769K(5824K)->5769K(5824K) Class: 533K(640K)->533K(640K)
[4.601s][info][gc             ] GC(99) Pause Young (Allocation Failure) 765M->765M(865M) 26.010ms
[4.601s][info][gc,cpu         ] GC(99) User=0.12s Sys=0.00s Real=0.03s
[4.621s][info][gc,start       ] GC(100) Pause Young (Allocation Failure)
[4.654s][info][gc,heap        ] GC(100) PSYoungGen: 70976K(76800K)->62464K(81408K) Eden: 18944K(18944K)->0K(18944K) From: 52032K(57856K)->62464K(62464K)
[4.654s][info][gc,heap        ] GC(100) ParOldGen: 732184K(809472K)->740704K(809472K)
[4.654s][info][gc,metaspace   ] GC(100) Metaspace: 6302K(6464K)->6302K(6464K) NonClass: 5769K(5824K)->5769K(5824K) Class: 533K(640K)->533K(640K)
[4.654s][info][gc             ] GC(100) Pause Young (Allocation Failure) 784M->784M(870M) 33.703ms
[4.654s][info][gc,cpu         ] GC(100) User=0.22s Sys=0.03s Real=0.03s
[4.673s][info][gc,start       ] GC(101) Pause Young (Allocation Failure)
[4.711s][info][gc,heap        ] GC(101) PSYoungGen: 81408K(81408K)->56288K(90624K) Eden: 18944K(18944K)->0K(17408K) From: 62464K(62464K)->56288K(73216K)
[4.711s][info][gc,heap        ] GC(101) ParOldGen: 740704K(809472K)->766272K(809472K)
[4.711s][info][gc,metaspace   ] GC(101) Metaspace: 6302K(6464K)->6302K(6464K) NonClass: 5769K(5824K)->5769K(5824K) Class: 533K(640K)->533K(640K)
[4.711s][info][gc             ] GC(101) Pause Young (Allocation Failure) 802M->803M(879M) 38.337ms
[4.711s][info][gc,cpu         ] GC(101) User=0.14s Sys=0.11s Real=0.04s
[4.729s][info][gc,start       ] GC(102) Pause Young (Allocation Failure)
[4.764s][info][gc,heap        ] GC(102) PSYoungGen: 73696K(90624K)->52768K(94208K) Eden: 17408K(17408K)->0K(17408K) From: 56288K(73216K)->52768K(76800K)
[4.764s][info][gc,heap        ] GC(102) ParOldGen: 766272K(809472K)->787472K(809472K)
[4.764s][info][gc,metaspace   ] GC(102) Metaspace: 6302K(6464K)->6302K(6464K) NonClass: 5769K(5824K)->5769K(5824K) Class: 533K(640K)->533K(640K)
[4.764s][info][gc             ] GC(102) Pause Young (Allocation Failure) 820M->820M(882M) 34.680ms
[4.764s][info][gc,cpu         ] GC(102) User=0.38s Sys=0.00s Real=0.04s
[4.764s][info][gc,start       ] GC(103) Pause Full (Ergonomics)
[4.764s][info][gc,phases,start] GC(103) Marking Phase
[4.952s][info][gc,phases      ] GC(103) Marking Phase 187.665ms
[4.952s][info][gc,phases,start] GC(103) Summary Phase
[4.952s][info][gc,phases      ] GC(103) Summary Phase 0.023ms
[4.952s][info][gc,phases,start] GC(103) Adjust Roots
[4.952s][info][gc,phases      ] GC(103) Adjust Roots 0.157ms
[4.952s][info][gc,phases,start] GC(103) Compaction Phase
[5.036s][info][gc,phases      ] GC(103) Compaction Phase 83.949ms
[5.036s][info][gc,phases,start] GC(103) Post Compact
[5.038s][info][gc,phases      ] GC(103) Post Compact 1.605ms
[5.038s][info][gc,heap        ] GC(103) PSYoungGen: 52768K(94208K)->30032K(94208K) Eden: 0K(17408K)->0K(17408K) From: 52768K(76800K)->30032K(76800K)
[5.038s][info][gc,heap        ] GC(103) ParOldGen: 787472K(809472K)->809029K(900608K)
[5.038s][info][gc,metaspace   ] GC(103) Metaspace: 6302K(6464K)->6302K(6464K) NonClass: 5769K(5824K)->5769K(5824K) Class: 533K(640K)->533K(640K)
[5.038s][info][gc             ] GC(103) Pause Full (Ergonomics) 820M->819M(971M) 274.212ms
[5.038s][info][gc,cpu         ] GC(103) User=1.81s Sys=0.03s Real=0.27s
[5.057s][info][gc,start       ] GC(104) Pause Young (Allocation Failure)
[5.111s][info][gc,heap        ] GC(104) PSYoungGen: 47440K(94208K)->27520K(94208K) Eden: 17408K(17408K)->0K(19456K) From: 30032K(76800K)->27520K(74752K)
[5.111s][info][gc,heap        ] GC(104) ParOldGen: 809029K(900608K)->829373K(900608K)
[5.111s][info][gc,metaspace   ] GC(104) Metaspace: 6302K(6464K)->6302K(6464K) NonClass: 5769K(5824K)->5769K(5824K) Class: 533K(640K)->533K(640K)
[5.111s][info][gc             ] GC(104) Pause Young (Allocation Failure) 836M->836M(971M) 53.654ms
[5.111s][info][gc,cpu         ] GC(104) User=0.48s Sys=0.02s Real=0.05s
[5.132s][info][gc,start       ] GC(105) Pause Young (Allocation Failure)
[5.157s][info][gc,heap        ] GC(105) PSYoungGen: 46976K(94208K)->36960K(56832K) Eden: 19456K(19456K)->0K(19456K) From: 27520K(74752K)->36960K(37376K)
[5.157s][info][gc,heap        ] GC(105) ParOldGen: 829373K(900608K)->839509K(900608K)
[5.157s][info][gc,metaspace   ] GC(105) Metaspace: 6302K(6464K)->6302K(6464K) NonClass: 5769K(5824K)->5769K(5824K) Class: 533K(640K)->533K(640K)
[5.157s][info][gc             ] GC(105) Pause Young (Allocation Failure) 855M->855M(935M) 25.635ms
[5.157s][info][gc,cpu         ] GC(105) User=0.11s Sys=0.03s Real=0.03s
[5.178s][info][gc,start       ] GC(106) Pause Young (Allocation Failure)
[5.207s][info][gc,heap        ] GC(106) PSYoungGen: 56416K(56832K)->39040K(89600K) Eden: 19456K(19456K)->0K(22016K) From: 36960K(37376K)->39040K(67584K)
[5.207s][info][gc,heap        ] GC(106) ParOldGen: 839509K(900608K)->857149K(900608K)
[5.207s][info][gc,metaspace   ] GC(106) Metaspace: 6302K(6464K)->6302K(6464K) NonClass: 5769K(5824K)->5769K(5824K) Class: 533K(640K)->533K(640K)
[5.207s][info][gc             ] GC(106) Pause Young (Allocation Failure) 874M->875M(967M) 28.640ms
[5.207s][info][gc,cpu         ] GC(106) User=0.14s Sys=0.00s Real=0.03s
[5.232s][info][gc,start       ] GC(107) Pause Young (Allocation Failure)
[5.263s][info][gc,heap        ] GC(107) PSYoungGen: 61056K(89600K)->41600K(92160K) Eden: 22016K(22016K)->0K(22016K) From: 39040K(67584K)->41600K(70144K)
[5.264s][info][gc,heap        ] GC(107) ParOldGen: 857149K(900608K)->876877K(900608K)
[5.264s][info][gc,metaspace   ] GC(107) Metaspace: 6302K(6464K)->6302K(6464K) NonClass: 5769K(5824K)->5769K(5824K) Class: 533K(640K)->533K(640K)
[5.264s][info][gc             ] GC(107) Pause Young (Allocation Failure) 896M->896M(969M) 31.276ms
[5.264s][info][gc,cpu         ] GC(107) User=0.14s Sys=0.00s Real=0.03s
[5.264s][info][gc,start       ] GC(108) Pause Full (Ergonomics)
[5.264s][info][gc,phases,start] GC(108) Marking Phase
[5.477s][info][gc,phases      ] GC(108) Marking Phase 213.093ms
[5.477s][info][gc,phases,start] GC(108) Summary Phase
[5.477s][info][gc,phases      ] GC(108) Summary Phase 0.030ms
[5.477s][info][gc,phases,start] GC(108) Adjust Roots
[5.477s][info][gc,phases      ] GC(108) Adjust Roots 0.151ms
[5.477s][info][gc,phases,start] GC(108) Compaction Phase
[5.565s][info][gc,phases      ] GC(108) Compaction Phase 87.873ms
[5.565s][info][gc,phases,start] GC(108) Post Compact
[5.567s][info][gc,phases      ] GC(108) Post Compact 1.556ms
[5.567s][info][gc,heap        ] GC(108) PSYoungGen: 41600K(92160K)->16887K(92160K) Eden: 0K(22016K)->0K(22016K) From: 41600K(70144K)->16887K(70144K)
[5.567s][info][gc,heap        ] GC(108) ParOldGen: 876877K(900608K)->900391K(997888K)
[5.567s][info][gc,metaspace   ] GC(108) Metaspace: 6302K(6464K)->6302K(6464K) NonClass: 5769K(5824K)->5769K(5824K) Class: 533K(640K)->533K(640K)
[5.567s][info][gc             ] GC(108) Pause Full (Ergonomics) 896M->895M(1064M) 303.646ms
[5.567s][info][gc,cpu         ] GC(108) User=2.14s Sys=0.00s Real=0.30s
[5.593s][info][gc,start       ] GC(109) Pause Young (Allocation Failure)
[5.648s][info][gc,heap        ] GC(109) PSYoungGen: 38903K(92160K)->30272K(90112K) Eden: 22016K(22016K)->0K(24576K) From: 16887K(70144K)->30272K(65536K)
[5.648s][info][gc,heap        ] GC(109) ParOldGen: 900391K(997888K)->909287K(997888K)
[5.648s][info][gc,metaspace   ] GC(109) Metaspace: 6302K(6464K)->6302K(6464K) NonClass: 5769K(5824K)->5769K(5824K) Class: 533K(640K)->533K(640K)
[5.648s][info][gc             ] GC(109) Pause Young (Allocation Failure) 917M->917M(1062M) 54.615ms
[5.648s][info][gc,cpu         ] GC(109) User=0.36s Sys=0.00s Real=0.05s
[5.675s][info][gc,start       ] GC(110) Pause Young (Allocation Failure)
[5.703s][info][gc,heap        ] GC(110) PSYoungGen: 54848K(90112K)->54912K(91136K) Eden: 24576K(24576K)->0K(24576K) From: 30272K(65536K)->54912K(66560K)
[5.704s][info][gc,heap        ] GC(110) ParOldGen: 909287K(997888K)->909287K(997888K)
[5.704s][info][gc,metaspace   ] GC(110) Metaspace: 6302K(6464K)->6302K(6464K) NonClass: 5769K(5824K)->5769K(5824K) Class: 533K(640K)->533K(640K)
[5.704s][info][gc             ] GC(110) Pause Young (Allocation Failure) 941M->941M(1063M) 28.482ms
[5.704s][info][gc,cpu         ] GC(110) User=0.14s Sys=0.00s Real=0.03s
[5.730s][info][gc,start       ] GC(111) Pause Young (Allocation Failure)
[5.769s][info][gc,heap        ] GC(111) PSYoungGen: 79488K(91136K)->69632K(84992K) Eden: 24576K(24576K)->0K(15360K) From: 54912K(66560K)->69632K(69632K)
[5.769s][info][gc,heap        ] GC(111) ParOldGen: 909287K(997888K)->919159K(997888K)
[5.769s][info][gc,metaspace   ] GC(111) Metaspace: 6302K(6464K)->6302K(6464K) NonClass: 5769K(5824K)->5769K(5824K) Class: 533K(640K)->533K(640K)
[5.769s][info][gc             ] GC(111) Pause Young (Allocation Failure) 965M->965M(1057M) 39.075ms
[5.769s][info][gc,cpu         ] GC(111) User=0.20s Sys=0.03s Real=0.04s
[5.786s][info][gc,start       ] GC(112) Pause Young (Allocation Failure)
[5.826s][info][gc,heap        ] GC(112) PSYoungGen: 84992K(84992K)->60032K(96768K) Eden: 15360K(15360K)->0K(15360K) From: 69632K(69632K)->60032K(81408K)
[5.827s][info][gc,heap        ] GC(112) ParOldGen: 919159K(997888K)->944599K(997888K)
[5.827s][info][gc,metaspace   ] GC(112) Metaspace: 6302K(6464K)->6302K(6464K) NonClass: 5769K(5824K)->5769K(5824K) Class: 533K(640K)->533K(640K)
[5.827s][info][gc             ] GC(112) Pause Young (Allocation Failure) 980M->981M(1069M) 40.142ms
[5.827s][info][gc,cpu         ] GC(112) User=0.19s Sys=0.08s Real=0.04s
[5.844s][info][gc,start       ] GC(113) Pause Young (Allocation Failure)
[5.880s][info][gc,heap        ] GC(113) PSYoungGen: 75392K(96768K)->51360K(97792K) Eden: 15360K(15360K)->0K(17408K) From: 60032K(81408K)->51360K(80384K)
[5.880s][info][gc,heap        ] GC(113) ParOldGen: 944599K(997888K)->968959K(997888K)
[5.880s][info][gc,metaspace   ] GC(113) Metaspace: 6302K(6464K)->6302K(6464K) NonClass: 5769K(5824K)->5769K(5824K) Class: 533K(640K)->533K(640K)
[5.880s][info][gc             ] GC(113) Pause Young (Allocation Failure) 996M->996M(1070M) 36.413ms
[5.880s][info][gc,cpu         ] GC(113) User=0.20s Sys=0.05s Real=0.04s
[5.880s][info][gc,start       ] GC(114) Pause Full (Ergonomics)
[5.880s][info][gc,phases,start] GC(114) Marking Phase
[6.105s][info][gc,phases      ] GC(114) Marking Phase 224.998ms
[6.105s][info][gc,phases,start] GC(114) Summary Phase
[6.105s][info][gc,phases      ] GC(114) Summary Phase 0.041ms
[6.105s][info][gc,phases,start] GC(114) Adjust Roots
[6.106s][info][gc,phases      ] GC(114) Adjust Roots 0.191ms
[6.106s][info][gc,phases,start] GC(114) Compaction Phase
[6.204s][info][gc,phases      ] GC(114) Compaction Phase 98.305ms
[6.204s][info][gc,phases,start] GC(114) Post Compact
[6.206s][info][gc,phases      ] GC(114) Post Compact 1.849ms
[6.206s][info][gc,heap        ] GC(114) PSYoungGen: 51360K(97792K)->21449K(99328K) Eden: 0K(17408K)->0K(18944K) From: 51360K(80384K)->21449K(80384K)
[6.206s][info][gc,heap        ] GC(114) ParOldGen: 968959K(997888K)->997566K(1103872K)
[6.206s][info][gc,metaspace   ] GC(114) Metaspace: 6302K(6464K)->6302K(6464K) NonClass: 5769K(5824K)->5769K(5824K) Class: 533K(640K)->533K(640K)
[6.206s][info][gc             ] GC(114) Pause Full (Ergonomics) 996M->995M(1175M) 326.082ms
[6.206s][info][gc,cpu         ] GC(114) User=2.28s Sys=0.00s Real=0.33s
[6.227s][info][gc,start       ] GC(115) Pause Young (Allocation Failure)
[6.288s][info][gc,heap        ] GC(115) PSYoungGen: 40393K(99328K)->27200K(100864K) Eden: 18944K(18944K)->0K(18944K) From: 21449K(80384K)->27200K(81920K)
[6.288s][info][gc,heap        ] GC(115) ParOldGen: 997566K(1103872K)->1011142K(1103872K)
[6.288s][info][gc,metaspace   ] GC(115) Metaspace: 6302K(6464K)->6302K(6464K) NonClass: 5769K(5824K)->5769K(5824K) Class: 533K(640K)->533K(640K)
[6.288s][info][gc             ] GC(115) Pause Young (Allocation Failure) 1013M->1014M(1176M) 60.762ms
[6.288s][info][gc,cpu         ] GC(115) User=0.39s Sys=0.00s Real=0.06s
[6.309s][info][gc,start       ] GC(116) Pause Young (Allocation Failure)
[6.334s][info][gc,heap        ] GC(116) PSYoungGen: 46144K(100864K)->38048K(97280K) Eden: 18944K(18944K)->0K(20992K) From: 27200K(81920K)->38048K(76288K)
[6.334s][info][gc,heap        ] GC(116) ParOldGen: 1011142K(1103872K)->1019350K(1103872K)
[6.334s][info][gc,metaspace   ] GC(116) Metaspace: 6302K(6464K)->6302K(6464K) NonClass: 5769K(5824K)->5769K(5824K) Class: 533K(640K)->533K(640K)
[6.334s][info][gc             ] GC(116) Pause Young (Allocation Failure) 1032M->1032M(1173M) 25.274ms
[6.334s][info][gc,cpu         ] GC(116) User=0.11s Sys=0.02s Real=0.03s
[6.357s][info][gc,start       ] GC(117) Pause Young (Allocation Failure)
[6.389s][info][gc,heap        ] GC(117) PSYoungGen: 59040K(97280K)->40064K(99840K) Eden: 20992K(20992K)->0K(20992K) From: 38048K(76288K)->40064K(78848K)
[6.389s][info][gc,heap        ] GC(117) ParOldGen: 1019350K(1103872K)->1038550K(1103872K)
[6.389s][info][gc,metaspace   ] GC(117) Metaspace: 6302K(6464K)->6302K(6464K) NonClass: 5769K(5824K)->5769K(5824K) Class: 533K(640K)->533K(640K)
[6.389s][info][gc             ] GC(117) Pause Young (Allocation Failure) 1053M->1053M(1175M) 31.271ms
[6.389s][info][gc,cpu         ] GC(117) User=0.14s Sys=0.00s Real=0.03s
[6.414s][info][gc,start       ] GC(118) Pause Young (Allocation Failure)
[6.446s][info][gc,heap        ] GC(118) PSYoungGen: 61056K(99840K)->42144K(93696K) Eden: 20992K(20992K)->0K(23552K) From: 40064K(78848K)->42144K(70144K)
[6.446s][info][gc,heap        ] GC(118) ParOldGen: 1038550K(1103872K)->1057742K(1103872K)
[6.446s][info][gc,metaspace   ] GC(118) Metaspace: 6302K(6464K)->6302K(6464K) NonClass: 5769K(5824K)->5769K(5824K) Class: 533K(640K)->533K(640K)
[6.446s][info][gc             ] GC(118) Pause Young (Allocation Failure) 1073M->1074M(1169M) 32.509ms
[6.446s][info][gc,cpu         ] GC(118) User=0.16s Sys=0.00s Real=0.03s
[6.472s][info][gc,start       ] GC(119) Pause Young (Allocation Failure)
[6.507s][info][gc,heap        ] GC(119) PSYoungGen: 65696K(93696K)->44704K(96768K) Eden: 23552K(23552K)->0K(23552K) From: 42144K(70144K)->44704K(73216K)
[6.507s][info][gc,heap        ] GC(119) ParOldGen: 1057742K(1103872K)->1079030K(1103872K)
[6.507s][info][gc,metaspace   ] GC(119) Metaspace: 6302K(6464K)->6302K(6464K) NonClass: 5769K(5824K)->5769K(5824K) Class: 533K(640K)->533K(640K)
[6.507s][info][gc             ] GC(119) Pause Young (Allocation Failure) 1097M->1097M(1172M) 34.704ms
[6.507s][info][gc,cpu         ] GC(119) User=0.16s Sys=0.00s Real=0.04s
[6.507s][info][gc,start       ] GC(120) Pause Full (Ergonomics)
[6.507s][info][gc,phases,start] GC(120) Marking Phase
[6.755s][info][gc,phases      ] GC(120) Marking Phase 248.078ms
[6.755s][info][gc,phases,start] GC(120) Summary Phase
[6.755s][info][gc,phases      ] GC(120) Summary Phase 0.031ms
[6.755s][info][gc,phases,start] GC(120) Adjust Roots
[6.756s][info][gc,phases      ] GC(120) Adjust Roots 0.172ms
[6.756s][info][gc,phases,start] GC(120) Compaction Phase
[6.855s][info][gc,phases      ] GC(120) Compaction Phase 99.094ms
[6.855s][info][gc,phases,start] GC(120) Post Compact
[6.857s][info][gc,phases      ] GC(120) Post Compact 1.875ms
[6.857s][info][gc,heap        ] GC(120) PSYoungGen: 44704K(96768K)->18422K(96768K) Eden: 0K(23552K)->0K(23552K) From: 44704K(73216K)->18422K(73216K)
[6.857s][info][gc,heap        ] GC(120) ParOldGen: 1079030K(1103872K)->1103861K(1216000K)
[6.857s][info][gc,metaspace   ] GC(120) Metaspace: 6302K(6464K)->6302K(6464K) NonClass: 5769K(5824K)->5769K(5824K) Class: 533K(640K)->533K(640K)
[6.857s][info][gc             ] GC(120) Pause Full (Ergonomics) 1097M->1095M(1282M) 349.947ms
[6.857s][info][gc,cpu         ] GC(120) User=2.64s Sys=0.00s Real=0.35s
[6.887s][info][gc,start       ] GC(121) Pause Young (Allocation Failure)
[6.953s][info][gc,heap        ] GC(121) PSYoungGen: 41974K(96768K)->34848K(94208K) Eden: 23552K(23552K)->0K(26112K) From: 18422K(73216K)->34848K(68096K)
[6.953s][info][gc,heap        ] GC(121) ParOldGen: 1103861K(1216000K)->1111253K(1216000K)
[6.953s][info][gc,metaspace   ] GC(121) Metaspace: 6302K(6464K)->6302K(6464K) NonClass: 5769K(5824K)->5769K(5824K) Class: 533K(640K)->533K(640K)
[6.953s][info][gc             ] GC(121) Pause Young (Allocation Failure) 1118M->1119M(1279M) 66.124ms
[6.953s][info][gc,cpu         ] GC(121) User=0.41s Sys=0.00s Real=0.07s
[6.984s][info][gc,start       ] GC(122) Pause Young (Allocation Failure)
[7.016s][info][gc,heap        ] GC(122) PSYoungGen: 60960K(94208K)->61056K(95744K) Eden: 26112K(26112K)->0K(26112K) From: 34848K(68096K)->61056K(69632K)
[7.016s][info][gc,heap        ] GC(122) ParOldGen: 1111253K(1216000K)->1111253K(1216000K)
[7.016s][info][gc,metaspace   ] GC(122) Metaspace: 6302K(6464K)->6302K(6464K) NonClass: 5769K(5824K)->5769K(5824K) Class: 533K(640K)->533K(640K)
[7.016s][info][gc             ] GC(122) Pause Young (Allocation Failure) 1144M->1144M(1281M) 32.355ms
[7.016s][info][gc,cpu         ] GC(122) User=0.14s Sys=0.00s Real=0.03s
[7.047s][info][gc,start       ] GC(123) Pause Young (Allocation Failure)
[7.092s][info][gc,heap        ] GC(123) PSYoungGen: 87168K(95744K)->73728K(90112K) Eden: 26112K(26112K)->0K(16384K) From: 61056K(69632K)->73728K(73728K)
[7.092s][info][gc,heap        ] GC(123) ParOldGen: 1111253K(1216000K)->1124725K(1216000K)
[7.092s][info][gc,metaspace   ] GC(123) Metaspace: 6302K(6464K)->6302K(6464K) NonClass: 5769K(5824K)->5769K(5824K) Class: 533K(640K)->533K(640K)
[7.092s][info][gc             ] GC(123) Pause Young (Allocation Failure) 1170M->1170M(1275M) 45.685ms
[7.092s][info][gc,cpu         ] GC(123) User=0.23s Sys=0.02s Real=0.05s
[7.112s][info][gc,start       ] GC(124) Pause Young (Allocation Failure)
[7.160s][info][gc,heap        ] GC(124) PSYoungGen: 90112K(90112K)->61632K(102912K) Eden: 16384K(16384K)->0K(16384K) From: 73728K(73728K)->61632K(86528K)
[7.160s][info][gc,heap        ] GC(124) ParOldGen: 1124725K(1216000K)->1153709K(1216000K)
[7.160s][info][gc,metaspace   ] GC(124) Metaspace: 6302K(6464K)->6302K(6464K) NonClass: 5769K(5824K)->5769K(5824K) Class: 533K(640K)->533K(640K)
[7.160s][info][gc             ] GC(124) Pause Young (Allocation Failure) 1186M->1186M(1288M) 48.232ms
[7.160s][info][gc,cpu         ] GC(124) User=0.27s Sys=0.00s Real=0.05s
[7.180s][info][gc,start       ] GC(125) Pause Young (Allocation Failure)
[7.221s][info][gc,heap        ] GC(125) PSYoungGen: 78016K(102912K)->55392K(103936K) Eden: 16384K(16384K)->0K(18944K) From: 61632K(86528K)->55392K(84992K)
[7.221s][info][gc,heap        ] GC(125) ParOldGen: 1153709K(1216000K)->1176597K(1216000K)
[7.221s][info][gc,metaspace   ] GC(125) Metaspace: 6302K(6464K)->6302K(6464K) NonClass: 5769K(5824K)->5769K(5824K) Class: 533K(640K)->533K(640K)
[7.221s][info][gc             ] GC(125) Pause Young (Allocation Failure) 1202M->1203M(1289M) 40.735ms
[7.221s][info][gc,cpu         ] GC(125) User=0.25s Sys=0.02s Real=0.04s
[7.243s][info][gc,start       ] GC(126) Pause Young (Allocation Failure)
[7.283s][info][gc,heap        ] GC(126) PSYoungGen: 74336K(103936K)->35488K(104960K) Eden: 18944K(18944K)->0K(18944K) From: 55392K(84992K)->35488K(86016K)
[7.283s][info][gc,heap        ] GC(126) ParOldGen: 1176597K(1216000K)->1215949K(1216000K)
[7.283s][info][gc,metaspace   ] GC(126) Metaspace: 6302K(6464K)->6302K(6464K) NonClass: 5769K(5824K)->5769K(5824K) Class: 533K(640K)->533K(640K)
[7.283s][info][gc             ] GC(126) Pause Young (Allocation Failure) 1221M->1222M(1290M) 39.671ms
[7.283s][info][gc,cpu         ] GC(126) User=0.25s Sys=0.02s Real=0.04s
[7.283s][info][gc,start       ] GC(127) Pause Full (Ergonomics)
[7.283s][info][gc,phases,start] GC(127) Marking Phase
[7.542s][info][gc,phases      ] GC(127) Marking Phase 259.072ms
[7.542s][info][gc,phases,start] GC(127) Summary Phase
[7.542s][info][gc,phases      ] GC(127) Summary Phase 0.026ms
[7.542s][info][gc,phases,start] GC(127) Adjust Roots
[7.542s][info][gc,phases      ] GC(127) Adjust Roots 0.182ms
[7.542s][info][gc,phases,start] GC(127) Compaction Phase
[7.649s][info][gc,phases      ] GC(127) Compaction Phase 106.950ms
[7.649s][info][gc,phases,start] GC(127) Post Compact
[7.651s][info][gc,phases      ] GC(127) Post Compact 1.999ms
[7.652s][info][gc,heap        ] GC(127) PSYoungGen: 35488K(104960K)->33732K(104960K) Eden: 0K(18944K)->0K(18944K) From: 35488K(86016K)->33732K(86016K)
[7.652s][info][gc,heap        ] GC(127) ParOldGen: 1215949K(1216000K)->1215852K(1345024K)
[7.652s][info][gc,metaspace   ] GC(127) Metaspace: 6302K(6464K)->6302K(6464K) NonClass: 5769K(5824K)->5769K(5824K) Class: 533K(640K)->533K(640K)
[7.652s][info][gc             ] GC(127) Pause Full (Ergonomics) 1222M->1220M(1416M) 369.025ms
[7.652s][info][gc,cpu         ] GC(127) User=2.66s Sys=0.00s Real=0.37s
[7.675s][info][gc,start       ] GC(128) Pause Young (Allocation Failure)
[7.750s][info][gc,heap        ] GC(128) PSYoungGen: 52676K(104960K)->19072K(104960K) Eden: 18944K(18944K)->0K(19968K) From: 33732K(86016K)->19072K(84992K)
[7.750s][info][gc,heap        ] GC(128) ParOldGen: 1215852K(1345024K)->1250100K(1345024K)
[7.750s][info][gc,metaspace   ] GC(128) Metaspace: 6302K(6464K)->6302K(6464K) NonClass: 5769K(5824K)->5769K(5824K) Class: 533K(640K)->533K(640K)
[7.750s][info][gc             ] GC(128) Pause Young (Allocation Failure) 1238M->1239M(1416M) 74.815ms
[7.750s][info][gc,cpu         ] GC(128) User=0.36s Sys=0.02s Real=0.07s
[7.774s][info][gc,start       ] GC(129) Pause Young (Allocation Failure)
[7.798s][info][gc,heap        ] GC(129) PSYoungGen: 39040K(104960K)->20160K(106496K) Eden: 19968K(19968K)->0K(19968K) From: 19072K(84992K)->20160K(86528K)
[7.799s][info][gc,heap        ] GC(129) ParOldGen: 1250100K(1345024K)->1269308K(1345024K)
[7.799s][info][gc,metaspace   ] GC(129) Metaspace: 6302K(6464K)->6302K(6464K) NonClass: 5769K(5824K)->5769K(5824K) Class: 533K(640K)->533K(640K)
[7.799s][info][gc             ] GC(129) Pause Young (Allocation Failure) 1258M->1259M(1417M) 24.219ms
[7.799s][info][gc,cpu         ] GC(129) User=0.14s Sys=0.00s Real=0.02s
[7.823s][info][gc,start       ] GC(130) Pause Young (Allocation Failure)
[7.847s][info][gc,heap        ] GC(130) PSYoungGen: 40128K(106496K)->16640K(109056K) Eden: 19968K(19968K)->0K(22016K) From: 20160K(86528K)->16640K(87040K)
[7.847s][info][gc,heap        ] GC(130) ParOldGen: 1269308K(1345024K)->1289572K(1345024K)
[7.847s][info][gc,metaspace   ] GC(130) Metaspace: 6302K(6464K)->6302K(6464K) NonClass: 5769K(5824K)->5769K(5824K) Class: 533K(640K)->533K(640K)
[7.847s][info][gc             ] GC(130) Pause Young (Allocation Failure) 1278M->1275M(1420M) 23.863ms
[7.847s][info][gc,cpu         ] GC(130) User=0.12s Sys=0.00s Real=0.02s
[7.864s][info][gc,start       ] GC(131) Pause Young (Allocation Failure)
[7.884s][info][gc,heap        ] GC(131) PSYoungGen: 38656K(109056K)->11584K(109056K) Eden: 22016K(22016K)->0K(22016K) From: 16640K(87040K)->11584K(87040K)
[7.884s][info][gc,heap        ] GC(131) ParOldGen: 1289572K(1345024K)->1306300K(1345024K)
[7.884s][info][gc,metaspace   ] GC(131) Metaspace: 6302K(6464K)->6302K(6464K) NonClass: 5769K(5824K)->5769K(5824K) Class: 533K(640K)->533K(640K)
[7.884s][info][gc             ] GC(131) Pause Young (Allocation Failure) 1297M->1286M(1420M) 20.423ms
[7.884s][info][gc,cpu         ] GC(131) User=0.12s Sys=0.00s Real=0.02s
[7.884s][info][gc,start       ] GC(132) Pause Full (Ergonomics)
[7.885s][info][gc,phases,start] GC(132) Marking Phase
[8.183s][info][gc,phases      ] GC(132) Marking Phase 298.075ms
[8.183s][info][gc,phases,start] GC(132) Summary Phase
[8.183s][info][gc,phases      ] GC(132) Summary Phase 0.050ms
[8.183s][info][gc,phases,start] GC(132) Adjust Roots
[8.183s][info][gc,phases      ] GC(132) Adjust Roots 0.172ms
[8.183s][info][gc,phases,start] GC(132) Compaction Phase
[8.286s][info][gc,phases      ] GC(132) Compaction Phase 103.533ms
[8.286s][info][gc,phases,start] GC(132) Post Compact
[8.289s][info][gc,phases      ] GC(132) Post Compact 2.132ms
[8.289s][info][gc,heap        ] GC(132) PSYoungGen: 11584K(109056K)->0K(112128K) Eden: 0K(22016K)->0K(24576K) From: 11584K(87040K)->0K(87552K)
[8.289s][info][gc,heap        ] GC(132) ParOldGen: 1306300K(1345024K)->1316293K(1453056K)
[8.289s][info][gc,metaspace   ] GC(132) Metaspace: 6302K(6464K)->6302K(6464K) NonClass: 5769K(5824K)->5769K(5824K) Class: 533K(640K)->533K(640K)
[8.289s][info][gc             ] GC(132) Pause Full (Ergonomics) 1286M->1285M(1528M) 404.642ms
[8.289s][info][gc,cpu         ] GC(132) User=3.02s Sys=0.03s Real=0.40s
[8.321s][info][gc,start       ] GC(133) Pause Young (Allocation Failure)
[8.338s][info][gc,heap        ] GC(133) PSYoungGen: 24576K(112128K)->23808K(112128K) Eden: 24576K(24576K)->0K(24576K) From: 0K(87552K)->23808K(87552K)
[8.338s][info][gc,heap        ] GC(133) ParOldGen: 1316293K(1453056K)->1316293K(1453056K)
[8.339s][info][gc,metaspace   ] GC(133) Metaspace: 6302K(6464K)->6302K(6464K) NonClass: 5769K(5824K)->5769K(5824K) Class: 533K(640K)->533K(640K)
[8.339s][info][gc             ] GC(133) Pause Young (Allocation Failure) 1309M->1308M(1528M) 17.692ms
[8.339s][info][gc,cpu         ] GC(133) User=0.03s Sys=0.00s Real=0.02s
[8.371s][info][gc,start       ] GC(134) Pause Young (Allocation Failure)
[8.398s][info][gc,heap        ] GC(134) PSYoungGen: 48384K(112128K)->48416K(111104K) Eden: 24576K(24576K)->0K(27136K) From: 23808K(87552K)->48416K(83968K)
[8.398s][info][gc,heap        ] GC(134) ParOldGen: 1316293K(1453056K)->1316293K(1453056K)
[8.398s][info][gc,metaspace   ] GC(134) Metaspace: 6302K(6464K)->6302K(6464K) NonClass: 5769K(5824K)->5769K(5824K) Class: 533K(640K)->533K(640K)
[8.398s][info][gc             ] GC(134) Pause Young (Allocation Failure) 1332M->1332M(1527M) 27.166ms
[8.398s][info][gc,cpu         ] GC(134) User=0.12s Sys=0.00s Real=0.03s
[8.433s][info][gc,start       ] GC(135) Pause Young (Allocation Failure)
[8.473s][info][gc,heap        ] GC(135) PSYoungGen: 75552K(111104K)->75584K(111616K) Eden: 27136K(27136K)->0K(27136K) From: 48416K(83968K)->75584K(84480K)
[8.473s][info][gc,heap        ] GC(135) ParOldGen: 1316293K(1453056K)->1316293K(1453056K)
[8.473s][info][gc,metaspace   ] GC(135) Metaspace: 6302K(6464K)->6302K(6464K) NonClass: 5769K(5824K)->5769K(5824K) Class: 533K(640K)->533K(640K)
[8.473s][info][gc             ] GC(135) Pause Young (Allocation Failure) 1359M->1359M(1528M) 39.947ms
[8.473s][info][gc,cpu         ] GC(135) User=0.25s Sys=0.00s Real=0.04s
[8.783s][info][gc,start       ] GC(136) Pause Young (Allocation Failure)
[8.862s][info][gc,heap        ] GC(136) PSYoungGen: 102720K(111616K)->93696K(105984K) Eden: 27136K(27136K)->0K(12288K) From: 75584K(84480K)->93696K(93696K)
[8.863s][info][gc,heap        ] GC(136) ParOldGen: 1381829K(1453056K)->1390877K(1453056K)
[8.863s][info][gc,metaspace   ] GC(136) Metaspace: 6302K(6464K)->6302K(6464K) NonClass: 5769K(5824K)->5769K(5824K) Class: 533K(640K)->533K(640K)
[8.863s][info][gc             ] GC(136) Pause Young (Allocation Failure) 1449M->1449M(1522M) 79.751ms
[8.863s][info][gc,cpu         ] GC(136) User=0.50s Sys=0.02s Real=0.08s
[8.874s][info][gc,start       ] GC(137) Pause Young (Allocation Failure)
[8.924s][info][gc,heap        ] GC(137) PSYoungGen: 105984K(105984K)->61184K(123392K) Eden: 12288K(12288K)->0K(12288K) From: 93696K(93696K)->61184K(111104K)
[8.924s][info][gc,heap        ] GC(137) ParOldGen: 1390877K(1453056K)->1436365K(1453056K)
[8.924s][info][gc,metaspace   ] GC(137) Metaspace: 6302K(6464K)->6302K(6464K) NonClass: 5769K(5824K)->5769K(5824K) Class: 533K(640K)->533K(640K)
[8.924s][info][gc             ] GC(137) Pause Young (Allocation Failure) 1461M->1462M(1539M) 49.775ms
[8.924s][info][gc,cpu         ] GC(137) User=0.31s Sys=0.02s Real=0.05s
[8.924s][info][gc,start       ] GC(138) Pause Full (Ergonomics)
[8.924s][info][gc,phases,start] GC(138) Marking Phase
[9.235s][info][gc,phases      ] GC(138) Marking Phase 311.582ms
[9.235s][info][gc,phases,start] GC(138) Summary Phase
[9.235s][info][gc,phases      ] GC(138) Summary Phase 0.039ms
[9.235s][info][gc,phases,start] GC(138) Adjust Roots
[9.236s][info][gc,phases      ] GC(138) Adjust Roots 0.241ms
[9.236s][info][gc,phases,start] GC(138) Compaction Phase
[9.579s][info][gc,phases      ] GC(138) Compaction Phase 343.640ms
[9.579s][info][gc,phases,start] GC(138) Post Compact
[9.582s][info][gc,phases      ] GC(138) Post Compact 3.004ms
[9.583s][info][gc,heap        ] GC(138) PSYoungGen: 61184K(123392K)->10842K(123392K) Eden: 0K(12288K)->0K(12288K) From: 61184K(111104K)->10842K(111104K)
[9.583s][info][gc,heap        ] GC(138) ParOldGen: 1436365K(1453056K)->1452866K(1603584K)
[9.583s][info][gc,metaspace   ] GC(138) Metaspace: 6302K(6464K)->6302K(6464K) NonClass: 5769K(5824K)->5769K(5824K) Class: 533K(640K)->533K(640K)
[9.583s][info][gc             ] GC(138) Pause Full (Ergonomics) 1462M->1429M(1686M) 659.363ms
[9.583s][info][gc,cpu         ] GC(138) User=4.50s Sys=0.08s Real=0.66s
[9.597s][info][gc,start       ] GC(139) Pause Young (Allocation Failure)
[9.671s][info][gc,heap        ] GC(139) PSYoungGen: 23130K(123392K)->23264K(120832K) Eden: 12288K(12288K)->0K(13824K) From: 10842K(111104K)->23264K(107008K)
[9.671s][info][gc,heap        ] GC(139) ParOldGen: 1452866K(1603584K)->1452866K(1603584K)
[9.671s][info][gc,metaspace   ] GC(139) Metaspace: 6302K(6464K)->6302K(6464K) NonClass: 5769K(5824K)->5769K(5824K) Class: 533K(640K)->533K(640K)
[9.671s][info][gc             ] GC(139) Pause Young (Allocation Failure) 1441M->1441M(1684M) 74.806ms
[9.671s][info][gc,cpu         ] GC(139) User=0.42s Sys=0.00s Real=0.08s
[9.684s][info][gc,start       ] GC(140) Pause Young (Allocation Failure)
[9.711s][info][gc,heap        ] GC(140) PSYoungGen: 37088K(120832K)->37088K(51200K) Eden: 13824K(13824K)->0K(13824K) From: 23264K(107008K)->37088K(37376K)
[9.711s][info][gc,heap        ] GC(140) ParOldGen: 1452866K(1603584K)->1452866K(1603584K)
[9.711s][info][gc,metaspace   ] GC(140) Metaspace: 6302K(6464K)->6302K(6464K) NonClass: 5769K(5824K)->5769K(5824K) Class: 533K(640K)->533K(640K)
[9.711s][info][gc             ] GC(140) Pause Young (Allocation Failure) 1455M->1455M(1616M) 26.726ms
[9.711s][info][gc,cpu         ] GC(140) User=0.02s Sys=0.00s Real=0.03s
[9.723s][info][gc,start       ] GC(141) Pause Young (Allocation Failure)
[9.754s][info][gc,heap        ] GC(141) PSYoungGen: 50912K(51200K)->50944K(112128K) Eden: 13824K(13824K)->0K(15872K) From: 37088K(37376K)->50944K(96256K)
[9.754s][info][gc,heap        ] GC(141) ParOldGen: 1452866K(1603584K)->1452866K(1603584K)
[9.754s][info][gc,metaspace   ] GC(141) Metaspace: 6302K(6464K)->6302K(6464K) NonClass: 5769K(5824K)->5769K(5824K) Class: 533K(640K)->533K(640K)
[9.754s][info][gc             ] GC(141) Pause Young (Allocation Failure) 1468M->1468M(1675M) 30.582ms
[9.754s][info][gc,cpu         ] GC(141) User=0.05s Sys=0.00s Real=0.03s
[9.768s][info][gc,start       ] GC(142) Pause Young (Allocation Failure)
[9.804s][info][gc,heap        ] GC(142) PSYoungGen: 66816K(112128K)->66368K(115712K) Eden: 15872K(15872K)->0K(15872K) From: 50944K(96256K)->66368K(99840K)
[9.804s][info][gc,heap        ] GC(142) ParOldGen: 1452866K(1603584K)->1453354K(1603584K)
[9.804s][info][gc,metaspace   ] GC(142) Metaspace: 6302K(6464K)->6302K(6464K) NonClass: 5769K(5824K)->5769K(5824K) Class: 533K(640K)->533K(640K)
[9.804s][info][gc             ] GC(142) Pause Young (Allocation Failure) 1484M->1484M(1679M) 35.175ms
[9.804s][info][gc,cpu         ] GC(142) User=0.06s Sys=0.00s Real=0.04s
[9.819s][info][gc,start       ] GC(143) Pause Young (Allocation Failure)
[9.858s][info][gc,heap        ] GC(143) PSYoungGen: 82240K(115712K)->79456K(113152K) Eden: 15872K(15872K)->0K(11264K) From: 66368K(99840K)->79456K(101888K)
[9.858s][info][gc,heap        ] GC(143) ParOldGen: 1453354K(1603584K)->1456178K(1603584K)
[9.858s][info][gc,metaspace   ] GC(143) Metaspace: 6302K(6464K)->6302K(6464K) NonClass: 5769K(5824K)->5769K(5824K) Class: 533K(640K)->533K(640K)
[9.858s][info][gc             ] GC(143) Pause Young (Allocation Failure) 1499M->1499M(1676M) 39.773ms
[9.858s][info][gc,cpu         ] GC(143) User=0.19s Sys=0.00s Real=0.04s
[9.870s][info][gc,start       ] GC(144) Pause Young (Allocation Failure)
[9.913s][info][gc,heap        ] GC(144) PSYoungGen: 90720K(113152K)->70816K(119808K) Eden: 11264K(11264K)->0K(11264K) From: 79456K(101888K)->70816K(108544K)
[9.913s][info][gc,heap        ] GC(144) ParOldGen: 1456178K(1603584K)->1476330K(1603584K)
[9.913s][info][gc,metaspace   ] GC(144) Metaspace: 6302K(6464K)->6302K(6464K) NonClass: 5769K(5824K)->5769K(5824K) Class: 533K(640K)->533K(640K)
[9.913s][info][gc             ] GC(144) Pause Young (Allocation Failure) 1510M->1510M(1683M) 43.319ms
[9.913s][info][gc,cpu         ] GC(144) User=0.38s Sys=0.00s Real=0.04s
[9.925s][info][gc,start       ] GC(145) Pause Young (Allocation Failure)
[9.965s][info][gc,heap        ] GC(145) PSYoungGen: 82080K(119808K)->54400K(113152K) Eden: 11264K(11264K)->0K(13312K) From: 70816K(108544K)->54400K(99840K)
[9.965s][info][gc,heap        ] GC(145) ParOldGen: 1476330K(1603584K)->1504306K(1603584K)
[9.965s][info][gc,metaspace   ] GC(145) Metaspace: 6302K(6464K)->6302K(6464K) NonClass: 5769K(5824K)->5769K(5824K) Class: 533K(640K)->533K(640K)
[9.965s][info][gc             ] GC(145) Pause Young (Allocation Failure) 1521M->1522M(1676M) 40.442ms
[9.965s][info][gc,cpu         ] GC(145) User=0.25s Sys=0.00s Real=0.04s
[9.980s][info][gc,start       ] GC(146) Pause Young (Allocation Failure)
[10.016s][info][gc,heap        ] GC(146) PSYoungGen: 67712K(113152K)->35936K(118272K) Eden: 13312K(13312K)->0K(13312K) From: 54400K(99840K)->35936K(104960K)
[10.017s][info][gc,heap        ] GC(146) ParOldGen: 1504306K(1603584K)->1536442K(1603584K)
[10.017s][info][gc,metaspace   ] GC(146) Metaspace: 6302K(6464K)->6302K(6464K) NonClass: 5769K(5824K)->5769K(5824K) Class: 533K(640K)->533K(640K)
[10.017s][info][gc             ] GC(146) Pause Young (Allocation Failure) 1535M->1535M(1681M) 36.806ms
[10.017s][info][gc,cpu         ] GC(146) User=0.14s Sys=0.02s Real=0.04s
[10.030s][info][gc,start       ] GC(147) Pause Young (Allocation Failure)
[10.061s][info][gc,heap        ] GC(147) PSYoungGen: 49248K(118272K)->26752K(117248K) Eden: 13312K(13312K)->0K(15872K) From: 35936K(104960K)->26752K(101376K)
[10.062s][info][gc,heap        ] GC(147) ParOldGen: 1536442K(1603584K)->1559242K(1603584K)
[10.062s][info][gc,metaspace   ] GC(147) Metaspace: 6302K(6464K)->6302K(6464K) NonClass: 5769K(5824K)->5769K(5824K) Class: 533K(640K)->533K(640K)
[10.062s][info][gc             ] GC(147) Pause Young (Allocation Failure) 1548M->1548M(1680M) 31.382ms
[10.062s][info][gc,cpu         ] GC(147) User=0.03s Sys=0.02s Real=0.03s
[10.062s][info][gc,start       ] GC(148) Pause Full (Ergonomics)
[10.062s][info][gc,phases,start] GC(148) Marking Phase
[10.414s][info][gc,phases      ] GC(148) Marking Phase 352.671ms
[10.414s][info][gc,phases,start] GC(148) Summary Phase
[10.414s][info][gc,phases      ] GC(148) Summary Phase 0.043ms
[10.414s][info][gc,phases,start] GC(148) Adjust Roots
[10.415s][info][gc,phases      ] GC(148) Adjust Roots 0.167ms
[10.415s][info][gc,phases,start] GC(148) Compaction Phase
[10.567s][info][gc,phases      ] GC(148) Compaction Phase 152.389ms
[10.567s][info][gc,phases,start] GC(148) Post Compact
[10.570s][info][gc,phases      ] GC(148) Post Compact 2.815ms
[10.571s][info][gc,heap        ] GC(148) PSYoungGen: 26752K(117248K)->0K(117760K) Eden: 0K(15872K)->0K(15872K) From: 26752K(101376K)->0K(101888K)
[10.571s][info][gc,heap        ] GC(148) ParOldGen: 1559242K(1603584K)->1584261K(1749504K)
[10.571s][info][gc,metaspace   ] GC(148) Metaspace: 6302K(6464K)->6302K(6464K) NonClass: 5769K(5824K)->5769K(5824K) Class: 533K(640K)->533K(640K)
[10.571s][info][gc             ] GC(148) Pause Full (Ergonomics) 1548M->1547M(1823M) 508.935ms
[10.571s][info][gc,cpu         ] GC(148) User=3.52s Sys=0.02s Real=0.51s
[10.589s][info][gc,start       ] GC(149) Pause Young (Allocation Failure)
[10.610s][info][gc,heap        ] GC(149) PSYoungGen: 15872K(117760K)->16032K(119296K) Eden: 15872K(15872K)->0K(17920K) From: 0K(101888K)->16032K(101376K)
[10.610s][info][gc,heap        ] GC(149) ParOldGen: 1584261K(1749504K)->1584261K(1749504K)
[10.610s][info][gc,metaspace   ] GC(149) Metaspace: 6302K(6464K)->6302K(6464K) NonClass: 5769K(5824K)->5769K(5824K) Class: 533K(640K)->533K(640K)
[10.610s][info][gc             ] GC(149) Pause Young (Allocation Failure) 1562M->1562M(1825M) 20.771ms
[10.610s][info][gc,cpu         ] GC(149) User=0.02s Sys=0.00s Real=0.02s
[10.629s][info][gc,start       ] GC(150) Pause Young (Allocation Failure)
[10.654s][info][gc,heap        ] GC(150) PSYoungGen: 33952K(119296K)->18080K(119808K) Eden: 17920K(17920K)->0K(17920K) From: 16032K(101376K)->18080K(101888K)
[10.654s][info][gc,heap        ] GC(150) ParOldGen: 1584261K(1749504K)->1600349K(1749504K)
[10.654s][info][gc,metaspace   ] GC(150) Metaspace: 6302K(6464K)->6302K(6464K) NonClass: 5769K(5824K)->5769K(5824K) Class: 533K(640K)->533K(640K)
[10.654s][info][gc             ] GC(150) Pause Young (Allocation Failure) 1580M->1580M(1825M) 24.650ms
[10.654s][info][gc,cpu         ] GC(150) User=0.03s Sys=0.00s Real=0.02s
[10.673s][info][gc,start       ] GC(151) Pause Young (Allocation Failure)
[10.697s][info][gc,heap        ] GC(151) PSYoungGen: 36000K(119808K)->18112K(118272K) Eden: 17920K(17920K)->0K(19968K) From: 18080K(101888K)->18112K(98304K)
[10.697s][info][gc,heap        ] GC(151) ParOldGen: 1600349K(1749504K)->1618517K(1749504K)
[10.697s][info][gc,metaspace   ] GC(151) Metaspace: 6302K(6464K)->6302K(6464K) NonClass: 5769K(5824K)->5769K(5824K) Class: 533K(640K)->533K(640K)
[10.697s][info][gc             ] GC(151) Pause Young (Allocation Failure) 1597M->1598M(1824M) 24.627ms
[10.697s][info][gc,cpu         ] GC(151) User=0.00s Sys=0.00s Real=0.02s
[10.718s][info][gc,start       ] GC(152) Pause Young (Allocation Failure)
[10.744s][info][gc,heap        ] GC(152) PSYoungGen: 38080K(118272K)->20128K(119808K) Eden: 19968K(19968K)->0K(19968K) From: 18112K(98304K)->20128K(99840K)
[10.744s][info][gc,heap        ] GC(152) ParOldGen: 1618517K(1749504K)->1636669K(1749504K)
[10.744s][info][gc,metaspace   ] GC(152) Metaspace: 6302K(6464K)->6302K(6464K) NonClass: 5769K(5824K)->5769K(5824K) Class: 533K(640K)->533K(640K)
[10.744s][info][gc             ] GC(152) Pause Young (Allocation Failure) 1617M->1617M(1825M) 26.009ms
[10.744s][info][gc,cpu         ] GC(152) User=0.03s Sys=0.00s Real=0.02s
[10.764s][info][gc,start       ] GC(153) Pause Young (Allocation Failure)
[10.791s][info][gc,heap        ] GC(153) PSYoungGen: 40096K(119808K)->20128K(113664K) Eden: 19968K(19968K)->0K(22528K) From: 20128K(99840K)->20128K(91136K)
[10.791s][info][gc,heap        ] GC(153) ParOldGen: 1636669K(1749504K)->1656909K(1749504K)
[10.791s][info][gc,metaspace   ] GC(153) Metaspace: 6302K(6464K)->6302K(6464K) NonClass: 5769K(5824K)->5769K(5824K) Class: 533K(640K)->533K(640K)
[10.791s][info][gc             ] GC(153) Pause Young (Allocation Failure) 1637M->1637M(1819M) 27.398ms
[10.791s][info][gc,cpu         ] GC(153) User=0.03s Sys=0.00s Real=0.03s
[10.813s][info][gc,start       ] GC(154) Pause Young (Allocation Failure)
[10.843s][info][gc,heap        ] GC(154) PSYoungGen: 42656K(113664K)->22720K(116736K) Eden: 22528K(22528K)->0K(22528K) From: 20128K(91136K)->22720K(94208K)
[10.844s][info][gc,heap        ] GC(154) ParOldGen: 1656909K(1749504K)->1677157K(1749504K)
[10.844s][info][gc,metaspace   ] GC(154) Metaspace: 6302K(6464K)->6302K(6464K) NonClass: 5769K(5824K)->5769K(5824K) Class: 533K(640K)->533K(640K)
[10.844s][info][gc             ] GC(154) Pause Young (Allocation Failure) 1659M->1660M(1822M) 30.644ms
[10.844s][info][gc,cpu         ] GC(154) User=0.05s Sys=0.00s Real=0.03s
[10.865s][info][gc,start       ] GC(155) Pause Young (Allocation Failure)
[10.896s][info][gc,heap        ] GC(155) PSYoungGen: 45248K(116736K)->22688K(109568K) Eden: 22528K(22528K)->0K(25600K) From: 22720K(94208K)->22688K(83968K)
[10.896s][info][gc,heap        ] GC(155) ParOldGen: 1677157K(1749504K)->1699989K(1749504K)
[10.896s][info][gc,metaspace   ] GC(155) Metaspace: 6302K(6464K)->6302K(6464K) NonClass: 5769K(5824K)->5769K(5824K) Class: 533K(640K)->533K(640K)
[10.896s][info][gc             ] GC(155) Pause Young (Allocation Failure) 1682M->1682M(1815M) 30.784ms
[10.896s][info][gc,cpu         ] GC(155) User=0.05s Sys=0.00s Real=0.03s
[10.923s][info][gc,start       ] GC(156) Pause Young (Allocation Failure)
[10.955s][info][gc,heap        ] GC(156) PSYoungGen: 48288K(109568K)->25760K(51712K) Eden: 25600K(25600K)->0K(25600K) From: 22688K(83968K)->25760K(26112K)
[10.955s][info][gc,heap        ] GC(156) ParOldGen: 1699989K(1749504K)->1722829K(1749504K)
[10.955s][info][gc,metaspace   ] GC(156) Metaspace: 6302K(6464K)->6302K(6464K) NonClass: 5769K(5824K)->5769K(5824K) Class: 533K(640K)->533K(640K)
[10.955s][info][gc             ] GC(156) Pause Young (Allocation Failure) 1707M->1707M(1759M) 32.180ms
[10.955s][info][gc,cpu         ] GC(156) User=0.05s Sys=0.02s Real=0.03s
[10.955s][info][gc,start       ] GC(157) Pause Full (Ergonomics)
[10.955s][info][gc,phases,start] GC(157) Marking Phase
[11.334s][info][gc,phases      ] GC(157) Marking Phase 378.404ms
[11.334s][info][gc,phases,start] GC(157) Summary Phase
[11.334s][info][gc,phases      ] GC(157) Summary Phase 0.070ms
[11.334s][info][gc,phases,start] GC(157) Adjust Roots
[11.334s][info][gc,phases      ] GC(157) Adjust Roots 0.177ms
[11.334s][info][gc,phases,start] GC(157) Compaction Phase
[11.503s][info][gc,phases      ] GC(157) Compaction Phase 168.914ms
[11.503s][info][gc,phases,start] GC(157) Post Compact
[11.506s][info][gc,phases      ] GC(157) Post Compact 3.325ms
[11.507s][info][gc,heap        ] GC(157) PSYoungGen: 25760K(51712K)->0K(112128K) Eden: 0K(25600K)->0K(28672K) From: 25760K(26112K)->0K(83456K)
[11.507s][info][gc,heap        ] GC(157) ParOldGen: 1722829K(1749504K)->1746314K(1917952K)
[11.507s][info][gc,metaspace   ] GC(157) Metaspace: 6302K(6464K)->6302K(6464K) NonClass: 5769K(5824K)->5769K(5824K) Class: 533K(640K)->533K(640K)
[11.507s][info][gc             ] GC(157) Pause Full (Ergonomics) 1707M->1705M(1982M) 552.135ms
[11.507s][info][gc,cpu         ] GC(157) User=3.94s Sys=0.02s Real=0.55s
[11.540s][info][gc,start       ] GC(158) Pause Young (Allocation Failure)
[11.565s][info][gc,heap        ] GC(158) PSYoungGen: 28672K(112128K)->28864K(57856K) Eden: 28672K(28672K)->0K(28672K) From: 0K(83456K)->28864K(29184K)
[11.565s][info][gc,heap        ] GC(158) ParOldGen: 1746314K(1917952K)->1746314K(1917952K)
[11.565s][info][gc,metaspace   ] GC(158) Metaspace: 6302K(6464K)->6302K(6464K) NonClass: 5769K(5824K)->5769K(5824K) Class: 533K(640K)->533K(640K)
[11.565s][info][gc             ] GC(158) Pause Young (Allocation Failure) 1733M->1733M(1929M) 24.957ms
[11.565s][info][gc,cpu         ] GC(158) User=0.05s Sys=0.00s Real=0.03s
[11.595s][info][gc,start       ] GC(159) Pause Young (Allocation Failure)
[11.629s][info][gc,heap        ] GC(159) PSYoungGen: 57536K(57856K)->57568K(106496K) Eden: 28672K(28672K)->0K(27136K) From: 28864K(29184K)->57568K(79360K)
[11.629s][info][gc,heap        ] GC(159) ParOldGen: 1746314K(1917952K)->1746314K(1917952K)
[11.629s][info][gc,metaspace   ] GC(159) Metaspace: 6302K(6464K)->6302K(6464K) NonClass: 5769K(5824K)->5769K(5824K) Class: 533K(640K)->533K(640K)
[11.629s][info][gc             ] GC(159) Pause Young (Allocation Failure) 1761M->1761M(1977M) 33.923ms
[11.629s][info][gc,cpu         ] GC(159) User=0.12s Sys=0.00s Real=0.03s
[11.656s][info][gc,start       ] GC(160) Pause Young (Allocation Failure)
[11.698s][info][gc,heap        ] GC(160) PSYoungGen: 84704K(106496K)->83968K(111104K) Eden: 27136K(27136K)->0K(27136K) From: 57568K(79360K)->83968K(83968K)
[11.698s][info][gc,heap        ] GC(160) ParOldGen: 1746314K(1917952K)->1746970K(1917952K)
[11.698s][info][gc,metaspace   ] GC(160) Metaspace: 6302K(6464K)->6302K(6464K) NonClass: 5769K(5824K)->5769K(5824K) Class: 533K(640K)->533K(640K)
[11.698s][info][gc             ] GC(160) Pause Young (Allocation Failure) 1788M->1788M(1981M) 42.172ms
[11.698s][info][gc,cpu         ] GC(160) User=0.25s Sys=0.00s Real=0.04s
[11.726s][info][gc,start       ] GC(161) Pause Young (Allocation Failure)
[11.780s][info][gc,heap        ] GC(161) PSYoungGen: 111104K(111104K)->54272K(126464K) Eden: 27136K(27136K)->0K(30208K) From: 83968K(83968K)->54272K(96256K)
[11.780s][info][gc,heap        ] GC(161) ParOldGen: 1746970K(1917952K)->1804610K(1917952K)
[11.780s][info][gc,metaspace   ] GC(161) Metaspace: 6302K(6464K)->6302K(6464K) NonClass: 5769K(5824K)->5769K(5824K) Class: 533K(640K)->533K(640K)
[11.780s][info][gc             ] GC(161) Pause Young (Allocation Failure) 1814M->1815M(1996M) 54.623ms
[11.781s][info][gc,cpu         ] GC(161) User=0.36s Sys=0.03s Real=0.06s
[11.816s][info][gc,start       ] GC(162) Pause Young (Allocation Failure)
[11.860s][info][gc,heap        ] GC(162) PSYoungGen: 84480K(126464K)->57568K(126976K) Eden: 30208K(30208K)->0K(30208K) From: 54272K(96256K)->57568K(96768K)
[11.860s][info][gc,heap        ] GC(162) ParOldGen: 1804610K(1917952K)->1831922K(1917952K)
[11.860s][info][gc,metaspace   ] GC(162) Metaspace: 6302K(6464K)->6302K(6464K) NonClass: 5769K(5824K)->5769K(5824K) Class: 533K(640K)->533K(640K)
[11.860s][info][gc             ] GC(162) Pause Young (Allocation Failure) 1844M->1845M(1997M) 43.714ms
[11.860s][info][gc,cpu         ] GC(162) User=0.27s Sys=0.00s Real=0.04s
[11.894s][info][gc,start       ] GC(163) Pause Young (Allocation Failure)
[11.938s][info][gc,heap        ] GC(163) PSYoungGen: 87776K(126976K)->60640K(130048K) Eden: 30208K(30208K)->0K(32768K) From: 57568K(96768K)->60640K(97280K)
[11.938s][info][gc,heap        ] GC(163) ParOldGen: 1831922K(1917952K)->1859426K(1917952K)
[11.939s][info][gc,metaspace   ] GC(163) Metaspace: 6302K(6464K)->6302K(6464K) NonClass: 5769K(5824K)->5769K(5824K) Class: 533K(640K)->533K(640K)
[11.939s][info][gc             ] GC(163) Pause Young (Allocation Failure) 1874M->1875M(2000M) 44.841ms
[11.939s][info][gc,cpu         ] GC(163) User=0.27s Sys=0.00s Real=0.05s
[11.976s][info][gc,start       ] GC(164) Pause Young (Allocation Failure)
[12.023s][info][gc,heap        ] GC(164) PSYoungGen: 93408K(130048K)->63168K(131072K) Eden: 32768K(32768K)->0K(32768K) From: 60640K(97280K)->63168K(98304K)
[12.023s][info][gc,heap        ] GC(164) ParOldGen: 1859426K(1917952K)->1890058K(1917952K)
[12.023s][info][gc,metaspace   ] GC(164) Metaspace: 6302K(6464K)->6302K(6464K) NonClass: 5769K(5824K)->5769K(5824K) Class: 533K(640K)->533K(640K)
[12.023s][info][gc             ] GC(164) Pause Young (Allocation Failure) 1907M->1907M(2001M) 47.721ms
[12.023s][info][gc,cpu         ] GC(164) User=0.25s Sys=0.02s Real=0.05s
[12.023s][info][gc,start       ] GC(165) Pause Full (Ergonomics)
[12.023s][info][gc,phases,start] GC(165) Marking Phase
[12.457s][info][gc,phases      ] GC(165) Marking Phase 433.222ms
[12.457s][info][gc,phases,start] GC(165) Summary Phase
[12.457s][info][gc,phases      ] GC(165) Summary Phase 0.034ms
[12.457s][info][gc,phases,start] GC(165) Adjust Roots
[12.457s][info][gc,phases      ] GC(165) Adjust Roots 0.164ms
[12.457s][info][gc,phases,start] GC(165) Compaction Phase
[12.633s][info][gc,phases      ] GC(165) Compaction Phase 176.534ms
[12.633s][info][gc,phases,start] GC(165) Post Compact
[12.637s][info][gc,phases      ] GC(165) Post Compact 3.795ms
[12.638s][info][gc,heap        ] GC(165) PSYoungGen: 63168K(131072K)->33280K(131072K) Eden: 0K(32768K)->0K(32768K) From: 63168K(98304K)->33280K(98304K)
[12.638s][info][gc,heap        ] GC(165) ParOldGen: 1890058K(1917952K)->1917623K(2117120K)
[12.638s][info][gc,metaspace   ] GC(165) Metaspace: 6302K(6464K)->6302K(6464K) NonClass: 5769K(5824K)->5769K(5824K) Class: 533K(640K)->533K(640K)
[12.638s][info][gc             ] GC(165) Pause Full (Ergonomics) 1907M->1905M(2195M) 615.007ms
[12.638s][info][gc,cpu         ] GC(165) User=4.58s Sys=0.00s Real=0.62s
[12.680s][info][gc,start       ] GC(166) Pause Young (Allocation Failure)
[12.794s][info][gc,heap        ] GC(166) PSYoungGen: 66048K(131072K)->50304K(126464K) Eden: 32768K(32768K)->0K(35840K) From: 33280K(98304K)->50304K(90624K)
[12.795s][info][gc,heap        ] GC(166) ParOldGen: 1917623K(2117120K)->1933839K(2117120K)
[12.795s][info][gc,metaspace   ] GC(166) Metaspace: 6302K(6464K)->6302K(6464K) NonClass: 5769K(5824K)->5769K(5824K) Class: 533K(640K)->533K(640K)
[12.795s][info][gc             ] GC(166) Pause Young (Allocation Failure) 1937M->1937M(2191M) 114.359ms
[12.795s][info][gc,cpu         ] GC(166) User=0.88s Sys=0.00s Real=0.12s
[12.842s][info][gc,start       ] GC(167) Pause Young (Allocation Failure)
[12.889s][info][gc,heap        ] GC(167) PSYoungGen: 86144K(126464K)->86144K(131584K) Eden: 35840K(35840K)->0K(35840K) From: 50304K(90624K)->86144K(95744K)
[12.889s][info][gc,heap        ] GC(167) ParOldGen: 1933839K(2117120K)->1933839K(2117120K)
[12.889s][info][gc,metaspace   ] GC(167) Metaspace: 6302K(6464K)->6302K(6464K) NonClass: 5769K(5824K)->5769K(5824K) Class: 533K(640K)->533K(640K)
[12.889s][info][gc             ] GC(167) Pause Young (Allocation Failure) 1972M->1972M(2196M) 46.806ms
[12.889s][info][gc,cpu         ] GC(167) User=0.27s Sys=0.00s Real=0.05s
[12.930s][info][gc,start       ] GC(168) Pause Young (Allocation Failure)
[12.996s][info][gc,heap        ] GC(168) PSYoungGen: 121984K(131584K)->105472K(123904K) Eden: 35840K(35840K)->0K(18432K) From: 86144K(95744K)->105472K(105472K)
[12.996s][info][gc,heap        ] GC(168) ParOldGen: 1933839K(2117120K)->1950487K(2117120K)
[12.996s][info][gc,metaspace   ] GC(168) Metaspace: 6302K(6464K)->6302K(6464K) NonClass: 5769K(5824K)->5769K(5824K) Class: 533K(640K)->533K(640K)
[12.996s][info][gc             ] GC(168) Pause Young (Allocation Failure) 2007M->2007M(2188M) 66.427ms
[12.996s][info][gc,cpu         ] GC(168) User=0.28s Sys=0.11s Real=0.07s
[13.015s][info][gc,start       ] GC(169) Pause Young (Allocation Failure)
[13.079s][info][gc,heap        ] GC(169) PSYoungGen: 123904K(123904K)->80960K(144896K) Eden: 18432K(18432K)->0K(18432K) From: 105472K(105472K)->80960K(126464K)
[13.079s][info][gc,heap        ] GC(169) ParOldGen: 1950487K(2117120K)->1994063K(2117120K)
[13.079s][info][gc,metaspace   ] GC(169) Metaspace: 6302K(6464K)->6302K(6464K) NonClass: 5769K(5824K)->5769K(5824K) Class: 533K(640K)->533K(640K)
[13.079s][info][gc             ] GC(169) Pause Young (Allocation Failure) 2025M->2026M(2209M) 63.809ms
[13.079s][info][gc,cpu         ] GC(169) User=0.38s Sys=0.02s Real=0.06s
[13.098s][info][gc,start       ] GC(170) Pause Young (Allocation Failure)
[13.150s][info][gc,heap        ] GC(170) PSYoungGen: 99392K(144896K)->69280K(141824K) Eden: 18432K(18432K)->0K(20992K) From: 80960K(126464K)->69280K(120832K)
[13.150s][info][gc,heap        ] GC(170) ParOldGen: 1994063K(2117120K)->2024559K(2117120K)
[13.150s][info][gc,metaspace   ] GC(170) Metaspace: 6302K(6464K)->6302K(6464K) NonClass: 5769K(5824K)->5769K(5824K) Class: 533K(640K)->533K(640K)
[13.150s][info][gc             ] GC(170) Pause Young (Allocation Failure) 2044M->2044M(2206M) 52.144ms
[13.150s][info][gc,cpu         ] GC(170) User=0.38s Sys=0.00s Real=0.05s
[13.172s][info][gc,start       ] GC(171) Pause Young (Allocation Failure)
[13.220s][info][gc,heap        ] GC(171) PSYoungGen: 90272K(141824K)->39616K(145408K) Eden: 20992K(20992K)->0K(20992K) From: 69280K(120832K)->39616K(124416K)
[13.220s][info][gc,heap        ] GC(171) ParOldGen: 2024559K(2117120K)->2075871K(2117120K)
[13.220s][info][gc,metaspace   ] GC(171) Metaspace: 6302K(6464K)->6302K(6464K) NonClass: 5769K(5824K)->5769K(5824K) Class: 533K(640K)->533K(640K)
[13.220s][info][gc             ] GC(171) Pause Young (Allocation Failure) 2065M->2065M(2209M) 48.034ms
[13.220s][info][gc,cpu         ] GC(171) User=0.27s Sys=0.00s Real=0.05s
[13.220s][info][gc,start       ] GC(172) Pause Full (Ergonomics)
[13.220s][info][gc,phases,start] GC(172) Marking Phase
[13.677s][info][gc,phases      ] GC(172) Marking Phase 457.220ms
[13.677s][info][gc,phases,start] GC(172) Summary Phase
[13.677s][info][gc,phases      ] GC(172) Summary Phase 0.050ms
[13.677s][info][gc,phases,start] GC(172) Adjust Roots
[13.677s][info][gc,phases      ] GC(172) Adjust Roots 0.163ms
[13.677s][info][gc,phases,start] GC(172) Compaction Phase
[13.867s][info][gc,phases      ] GC(172) Compaction Phase 189.423ms
[13.867s][info][gc,phases,start] GC(172) Post Compact
[13.871s][info][gc,phases      ] GC(172) Post Compact 3.865ms
[13.871s][info][gc,heap        ] GC(172) PSYoungGen: 39616K(145408K)->0K(145920K) Eden: 0K(20992K)->0K(24064K) From: 39616K(124416K)->0K(121856K)
[13.871s][info][gc,heap        ] GC(172) ParOldGen: 2075871K(2117120K)->2113026K(2337792K)
[13.871s][info][gc,metaspace   ] GC(172) Metaspace: 6302K(6464K)->6302K(6464K) NonClass: 5769K(5824K)->5769K(5824K) Class: 533K(640K)->533K(640K)
[13.871s][info][gc             ] GC(172) Pause Full (Ergonomics) 2065M->2063M(2425M) 651.781ms
[13.872s][info][gc,cpu         ] GC(172) User=4.70s Sys=0.08s Real=0.65s
[13.900s][info][gc,start       ] GC(173) Pause Young (Allocation Failure)
[13.922s][info][gc,heap        ] GC(173) PSYoungGen: 24064K(145920K)->24192K(145920K) Eden: 24064K(24064K)->0K(24064K) From: 0K(121856K)->24192K(121856K)
[13.922s][info][gc,heap        ] GC(173) ParOldGen: 2113026K(2337792K)->2113026K(2337792K)
[13.922s][info][gc,metaspace   ] GC(173) Metaspace: 6302K(6464K)->6302K(6464K) NonClass: 5769K(5824K)->5769K(5824K) Class: 533K(640K)->533K(640K)
[13.922s][info][gc             ] GC(173) Pause Young (Allocation Failure) 2087M->2087M(2425M) 21.922ms
[13.922s][info][gc,cpu         ] GC(173) User=0.06s Sys=0.00s Real=0.02s
[13.946s][info][gc,start       ] GC(174) Pause Young (Allocation Failure)
[13.978s][info][gc,heap        ] GC(174) PSYoungGen: 48256K(145920K)->48288K(137216K) Eden: 24064K(24064K)->0K(26624K) From: 24192K(121856K)->48288K(110592K)
[13.978s][info][gc,heap        ] GC(174) ParOldGen: 2113026K(2337792K)->2113026K(2337792K)
[13.978s][info][gc,metaspace   ] GC(174) Metaspace: 6302K(6464K)->6302K(6464K) NonClass: 5769K(5824K)->5769K(5824K) Class: 533K(640K)->533K(640K)
[13.978s][info][gc             ] GC(174) Pause Young (Allocation Failure) 2110M->2110M(2417M) 31.669ms
[13.978s][info][gc,cpu         ] GC(174) User=0.14s Sys=0.00s Real=0.03s
[14.006s][info][gc,start       ] GC(175) Pause Young (Allocation Failure)
[14.047s][info][gc,heap        ] GC(175) PSYoungGen: 74912K(137216K)->50848K(77824K) Eden: 26624K(26624K)->0K(26624K) From: 48288K(110592K)->50848K(51200K)
[14.047s][info][gc,heap        ] GC(175) ParOldGen: 2113026K(2337792K)->2137410K(2337792K)
[14.047s][info][gc,metaspace   ] GC(175) Metaspace: 6302K(6464K)->6302K(6464K) NonClass: 5769K(5824K)->5769K(5824K) Class: 533K(640K)->533K(640K)
[14.047s][info][gc             ] GC(175) Pause Young (Allocation Failure) 2136M->2136M(2359M) 41.136ms
[14.047s][info][gc,cpu         ] GC(175) User=0.20s Sys=0.05s Real=0.04s
[14.079s][info][gc,start       ] GC(176) Pause Young (Allocation Failure)
[14.121s][info][gc,heap        ] GC(176) PSYoungGen: 77472K(77824K)->53408K(129536K) Eden: 26624K(26624K)->0K(29696K) From: 50848K(51200K)->53408K(99840K)
[14.121s][info][gc,heap        ] GC(176) ParOldGen: 2137410K(2337792K)->2161794K(2337792K)
[14.121s][info][gc,metaspace   ] GC(176) Metaspace: 6302K(6464K)->6302K(6464K) NonClass: 5769K(5824K)->5769K(5824K) Class: 533K(640K)->533K(640K)
[14.121s][info][gc             ] GC(176) Pause Young (Allocation Failure) 2162M->2163M(2409M) 42.377ms
[14.121s][info][gc,cpu         ] GC(176) User=0.23s Sys=0.02s Real=0.04s
[14.158s][info][gc,start       ] GC(177) Pause Young (Allocation Failure)
[14.206s][info][gc,heap        ] GC(177) PSYoungGen: 83104K(129536K)->56480K(86528K) Eden: 29696K(29696K)->0K(29696K) From: 53408K(99840K)->56480K(56832K)
[14.206s][info][gc,heap        ] GC(177) ParOldGen: 2161794K(2337792K)->2188794K(2337792K)
[14.206s][info][gc,metaspace   ] GC(177) Metaspace: 6302K(6464K)->6302K(6464K) NonClass: 5769K(5824K)->5769K(5824K) Class: 533K(640K)->533K(640K)
[14.206s][info][gc             ] GC(177) Pause Young (Allocation Failure) 2192M->2192M(2367M) 48.032ms
[14.206s][info][gc,cpu         ] GC(177) User=0.27s Sys=0.00s Real=0.05s
[14.242s][info][gc,start       ] GC(178) Pause Young (Allocation Failure)
[14.288s][info][gc,heap        ] GC(178) PSYoungGen: 86176K(86528K)->59584K(128512K) Eden: 29696K(29696K)->0K(33280K) From: 56480K(56832K)->59584K(95232K)
[14.289s][info][gc,heap        ] GC(178) ParOldGen: 2188794K(2337792K)->2215802K(2337792K)
[14.289s][info][gc,metaspace   ] GC(178) Metaspace: 6302K(6464K)->6302K(6464K) NonClass: 5769K(5824K)->5769K(5824K) Class: 533K(640K)->533K(640K)
[14.289s][info][gc             ] GC(178) Pause Young (Allocation Failure) 2221M->2222M(2408M) 46.668ms
[14.289s][info][gc,cpu         ] GC(178) User=0.25s Sys=0.02s Real=0.05s
[14.327s][info][gc,start       ] GC(179) Pause Young (Allocation Failure)
[14.375s][info][gc,heap        ] GC(179) PSYoungGen: 92864K(128512K)->63168K(131584K) Eden: 33280K(33280K)->0K(33280K) From: 59584K(95232K)->63168K(98304K)
[14.375s][info][gc,heap        ] GC(179) ParOldGen: 2215802K(2337792K)->2245938K(2337792K)
[14.375s][info][gc,metaspace   ] GC(179) Metaspace: 6302K(6464K)->6302K(6464K) NonClass: 5769K(5824K)->5769K(5824K) Class: 533K(640K)->533K(640K)
[14.375s][info][gc             ] GC(179) Pause Young (Allocation Failure) 2254M->2254M(2411M) 48.637ms
[14.375s][info][gc,cpu         ] GC(179) User=0.25s Sys=0.03s Real=0.05s
[14.414s][info][gc,start       ] GC(180) Pause Young (Allocation Failure)
[14.464s][info][gc,heap        ] GC(180) PSYoungGen: 96448K(131584K)->66720K(133632K) Eden: 33280K(33280K)->0K(37376K) From: 63168K(98304K)->66720K(96256K)
[14.464s][info][gc,heap        ] GC(180) ParOldGen: 2245938K(2337792K)->2275954K(2337792K)
[14.464s][info][gc,metaspace   ] GC(180) Metaspace: 6302K(6464K)->6302K(6464K) NonClass: 5769K(5824K)->5769K(5824K) Class: 533K(640K)->533K(640K)
[14.464s][info][gc             ] GC(180) Pause Young (Allocation Failure) 2287M->2287M(2413M) 49.733ms
[14.464s][info][gc,cpu         ] GC(180) User=0.27s Sys=0.00s Real=0.05s
[14.507s][info][gc,start       ] GC(181) Pause Young (Allocation Failure)
[14.560s][info][gc,heap        ] GC(181) PSYoungGen: 104096K(133632K)->70912K(134144K) Eden: 37376K(37376K)->0K(37376K) From: 66720K(96256K)->70912K(96768K)
[14.560s][info][gc,heap        ] GC(181) ParOldGen: 2275954K(2337792K)->2309546K(2337792K)
[14.560s][info][gc,metaspace   ] GC(181) Metaspace: 6302K(6464K)->6302K(6464K) NonClass: 5769K(5824K)->5769K(5824K) Class: 533K(640K)->533K(640K)
[14.560s][info][gc             ] GC(181) Pause Young (Allocation Failure) 2324M->2324M(2414M) 52.882ms
[14.560s][info][gc,cpu         ] GC(181) User=0.38s Sys=0.00s Real=0.05s
[14.560s][info][gc,start       ] GC(182) Pause Full (Ergonomics)
[14.560s][info][gc,phases,start] GC(182) Marking Phase
[15.089s][info][gc,phases      ] GC(182) Marking Phase 529.346ms
[15.089s][info][gc,phases,start] GC(182) Summary Phase
[15.089s][info][gc,phases      ] GC(182) Summary Phase 0.066ms
[15.090s][info][gc,phases,start] GC(182) Adjust Roots
[15.090s][info][gc,phases      ] GC(182) Adjust Roots 0.270ms
[15.090s][info][gc,phases,start] GC(182) Compaction Phase
[15.300s][info][gc,phases      ] GC(182) Compaction Phase 210.103ms
[15.300s][info][gc,phases,start] GC(182) Post Compact
[15.305s][info][gc,phases      ] GC(182) Post Compact 4.486ms
[15.305s][info][gc,heap        ] GC(182) PSYoungGen: 70912K(134144K)->39924K(134144K) Eden: 0K(37376K)->0K(37376K) From: 70912K(96768K)->39924K(96768K)
[15.305s][info][gc,heap        ] GC(182) ParOldGen: 2309546K(2337792K)->2337524K(2571264K)
[15.305s][info][gc,metaspace   ] GC(182) Metaspace: 6302K(6464K)->6302K(6464K) NonClass: 5769K(5824K)->5769K(5824K) Class: 533K(640K)->533K(640K)
[15.305s][info][gc             ] GC(182) Pause Full (Ergonomics) 2324M->2321M(2642M) 745.453ms
[15.305s][info][gc,cpu         ] GC(182) User=5.59s Sys=0.05s Real=0.75s
[15.353s][info][gc,start       ] GC(183) Pause Young (Allocation Failure)
[15.497s][info][gc,heap        ] GC(183) PSYoungGen: 77300K(134144K)->58368K(130048K) Eden: 37376K(37376K)->0K(40960K) From: 39924K(96768K)->58368K(89088K)
[15.497s][info][gc,heap        ] GC(183) ParOldGen: 2337524K(2571264K)->2356900K(2571264K)
[15.497s][info][gc,metaspace   ] GC(183) Metaspace: 6302K(6464K)->6302K(6464K) NonClass: 5769K(5824K)->5769K(5824K) Class: 533K(640K)->533K(640K)
[15.497s][info][gc             ] GC(183) Pause Young (Allocation Failure) 2358M->2358M(2638M) 144.350ms
[15.497s][info][gc,cpu         ] GC(183) User=1.00s Sys=0.02s Real=0.14s
[15.548s][info][gc,start       ] GC(184) Pause Young (Allocation Failure)
[15.603s][info][gc,heap        ] GC(184) PSYoungGen: 99328K(130048K)->94208K(135168K) Eden: 40960K(40960K)->0K(40960K) From: 58368K(89088K)->94208K(94208K)
[15.603s][info][gc,heap        ] GC(184) ParOldGen: 2356900K(2571264K)->2362012K(2571264K)
[15.603s][info][gc,metaspace   ] GC(184) Metaspace: 6302K(6464K)->6302K(6464K) NonClass: 5769K(5824K)->5769K(5824K) Class: 533K(640K)->533K(640K)
[15.603s][info][gc             ] GC(184) Pause Young (Allocation Failure) 2398M->2398M(2643M) 55.120ms
[15.603s][info][gc,cpu         ] GC(184) User=0.36s Sys=0.02s Real=0.06s
[15.652s][info][gc,start       ] GC(185) Pause Young (Allocation Failure)
[15.727s][info][gc,heap        ] GC(185) PSYoungGen: 135168K(135168K)->79904K(148992K) Eden: 40960K(40960K)->0K(43008K) From: 94208K(94208K)->79904K(105984K)
[15.727s][info][gc,heap        ] GC(185) ParOldGen: 2362012K(2571264K)->2417876K(2571264K)
[15.727s][info][gc,metaspace   ] GC(185) Metaspace: 6302K(6464K)->6302K(6464K) NonClass: 5769K(5824K)->5769K(5824K) Class: 533K(640K)->533K(640K)
[15.727s][info][gc             ] GC(185) Pause Young (Allocation Failure) 2438M->2439M(2656M) 74.705ms
[15.727s][info][gc,cpu         ] GC(185) User=0.48s Sys=0.02s Real=0.07s
[15.777s][info][gc,start       ] GC(186) Pause Young (Allocation Failure)
[15.844s][info][gc,heap        ] GC(186) PSYoungGen: 122912K(148992K)->84192K(151040K) Eden: 43008K(43008K)->0K(43008K) From: 79904K(105984K)->84192K(108032K)
[15.844s][info][gc,heap        ] GC(186) ParOldGen: 2417876K(2571264K)->2456956K(2571264K)
[15.844s][info][gc,metaspace   ] GC(186) Metaspace: 6302K(6464K)->6302K(6464K) NonClass: 5769K(5824K)->5769K(5824K) Class: 533K(640K)->533K(640K)
[15.844s][info][gc             ] GC(186) Pause Young (Allocation Failure) 2481M->2481M(2658M) 66.884ms
[15.844s][info][gc,cpu         ] GC(186) User=0.33s Sys=0.05s Real=0.07s
[15.898s][info][gc,start       ] GC(187) Pause Young (Allocation Failure)
[15.967s][info][gc,heap        ] GC(187) PSYoungGen: 127200K(151040K)->86272K(155648K) Eden: 43008K(43008K)->0K(44544K) From: 84192K(108032K)->86272K(111104K)
[15.967s][info][gc,heap        ] GC(187) ParOldGen: 2456956K(2571264K)->2498292K(2571264K)
[15.967s][info][gc,metaspace   ] GC(187) Metaspace: 6302K(6464K)->6302K(6464K) NonClass: 5769K(5824K)->5769K(5824K) Class: 533K(640K)->533K(640K)
[15.967s][info][gc             ] GC(187) Pause Young (Allocation Failure) 2523M->2523M(2663M) 68.980ms
[15.967s][info][gc,cpu         ] GC(187) User=0.36s Sys=0.03s Real=0.07s
[16.021s][info][gc,start       ] GC(188) Pause Young (Allocation Failure)
[16.091s][info][gc,heap        ] GC(188) PSYoungGen: 130816K(155648K)->87744K(158720K) Eden: 44544K(44544K)->0K(44544K) From: 86272K(111104K)->87744K(114176K)
[16.091s][info][gc,heap        ] GC(188) ParOldGen: 2498292K(2571264K)->2541684K(2571264K)
[16.091s][info][gc,metaspace   ] GC(188) Metaspace: 6302K(6464K)->6302K(6464K) NonClass: 5769K(5824K)->5769K(5824K) Class: 533K(640K)->533K(640K)
[16.091s][info][gc             ] GC(188) Pause Young (Allocation Failure) 2567M->2567M(2666M) 70.689ms
[16.091s][info][gc,cpu         ] GC(188) User=0.39s Sys=0.02s Real=0.07s
[16.091s][info][gc,start       ] GC(189) Pause Full (Ergonomics)
[16.091s][info][gc,phases,start] GC(189) Marking Phase
[16.677s][info][gc,phases      ] GC(189) Marking Phase 586.121ms
[16.678s][info][gc,phases,start] GC(189) Summary Phase
[16.678s][info][gc,phases      ] GC(189) Summary Phase 0.046ms
[16.678s][info][gc,phases,start] GC(189) Adjust Roots
[16.678s][info][gc,phases      ] GC(189) Adjust Roots 0.194ms
[16.678s][info][gc,phases,start] GC(189) Compaction Phase
[16.901s][info][gc,phases      ] GC(189) Compaction Phase 223.602ms
[16.901s][info][gc,phases,start] GC(189) Post Compact
[16.906s][info][gc,phases      ] GC(189) Post Compact 4.548ms
[16.907s][info][gc,heap        ] GC(189) PSYoungGen: 87744K(158720K)->56306K(158720K) Eden: 0K(44544K)->0K(44544K) From: 87744K(114176K)->56306K(114176K)
[16.907s][info][gc,heap        ] GC(189) ParOldGen: 2541684K(2571264K)->2570797K(2838528K)
[16.907s][info][gc,metaspace   ] GC(189) Metaspace: 6302K(6464K)->6302K(6464K) NonClass: 5769K(5824K)->5769K(5824K) Class: 533K(640K)->533K(640K)
[16.907s][info][gc             ] GC(189) Pause Full (Ergonomics) 2567M->2565M(2927M) 815.773ms
[16.907s][info][gc,cpu         ] GC(189) User=6.25s Sys=0.02s Real=0.82s
[16.966s][info][gc,start       ] GC(190) Pause Young (Allocation Failure)
[17.126s][info][gc,heap        ] GC(190) PSYoungGen: 100850K(158720K)->70400K(156160K) Eden: 44544K(44544K)->0K(49152K) From: 56306K(114176K)->70400K(107008K)
[17.126s][info][gc,heap        ] GC(190) ParOldGen: 2570797K(2838528K)->2601805K(2838528K)
[17.126s][info][gc,metaspace   ] GC(190) Metaspace: 6302K(6464K)->6302K(6464K) NonClass: 5769K(5824K)->5769K(5824K) Class: 533K(640K)->533K(640K)
[17.126s][info][gc             ] GC(190) Pause Young (Allocation Failure) 2609M->2609M(2924M) 160.481ms
[17.126s][info][gc,cpu         ] GC(190) User=1.00s Sys=0.02s Real=0.16s
[17.185s][info][gc,start       ] GC(191) Pause Young (Allocation Failure)
[17.255s][info][gc,heap        ] GC(191) PSYoungGen: 119552K(156160K)->112128K(161280K) Eden: 49152K(49152K)->0K(49152K) From: 70400K(107008K)->112128K(112128K)
[17.255s][info][gc,heap        ] GC(191) ParOldGen: 2601805K(2838528K)->2609253K(2838528K)
[17.255s][info][gc,metaspace   ] GC(191) Metaspace: 6302K(6464K)->6302K(6464K) NonClass: 5769K(5824K)->5769K(5824K) Class: 533K(640K)->533K(640K)
[17.255s][info][gc             ] GC(191) Pause Young (Allocation Failure) 2657M->2657M(2929M) 69.224ms
[17.255s][info][gc,cpu         ] GC(191) User=0.41s Sys=0.00s Real=0.07s
[17.311s][info][gc,start       ] GC(192) Pause Young (Allocation Failure)
[17.405s][info][gc,heap        ] GC(192) PSYoungGen: 161280K(161280K)->96096K(177152K) Eden: 49152K(49152K)->0K(51200K) From: 112128K(112128K)->96096K(125952K)
[17.405s][info][gc,heap        ] GC(192) ParOldGen: 2609253K(2838528K)->2675149K(2838528K)
[17.405s][info][gc,metaspace   ] GC(192) Metaspace: 6302K(6464K)->6302K(6464K) NonClass: 5769K(5824K)->5769K(5824K) Class: 533K(640K)->533K(640K)
[17.405s][info][gc             ] GC(192) Pause Young (Allocation Failure) 2705M->2706M(2945M) 94.089ms
[17.405s][info][gc,cpu         ] GC(192) User=0.53s Sys=0.09s Real=0.09s
[17.464s][info][gc,start       ] GC(193) Pause Young (Allocation Failure)
[17.551s][info][gc,heap        ] GC(193) PSYoungGen: 147296K(177152K)->100608K(180224K) Eden: 51200K(51200K)->0K(51200K) From: 96096K(125952K)->100608K(129024K)
[17.551s][info][gc,heap        ] GC(193) ParOldGen: 2675149K(2838528K)->2722229K(2838528K)
[17.551s][info][gc,metaspace   ] GC(193) Metaspace: 6302K(6464K)->6302K(6464K) NonClass: 5769K(5824K)->5769K(5824K) Class: 533K(640K)->533K(640K)
[17.551s][info][gc             ] GC(193) Pause Young (Allocation Failure) 2756M->2756M(2948M) 86.452ms
[17.551s][info][gc,cpu         ] GC(193) User=0.55s Sys=0.00s Real=0.09s
[18.136s][info][gc,start       ] GC(194) Pause Young (Allocation Failure)
[18.273s][info][gc,heap        ] GC(194) PSYoungGen: 151808K(180224K)->102688K(186368K) Eden: 51200K(51200K)->0K(53760K) From: 100608K(129024K)->102688K(132608K)
[18.273s][info][gc,heap        ] GC(194) ParOldGen: 2853301K(2970112K)->2902885K(2970112K)
[18.273s][info][gc,metaspace   ] GC(194) Metaspace: 6302K(6464K)->6302K(6464K) NonClass: 5769K(5824K)->5769K(5824K) Class: 533K(640K)->533K(640K)
[18.273s][info][gc             ] GC(194) Pause Young (Allocation Failure) 2934M->2935M(3082M) 136.340ms
[18.273s][info][gc,cpu         ] GC(194) User=0.92s Sys=0.00s Real=0.14s
[18.273s][info][gc,start       ] GC(195) Pause Full (Ergonomics)
[18.273s][info][gc,phases,start] GC(195) Marking Phase
[18.934s][info][gc,phases      ] GC(195) Marking Phase 661.664ms
[18.934s][info][gc,phases,start] GC(195) Summary Phase
[18.934s][info][gc,phases      ] GC(195) Summary Phase 0.076ms
[18.934s][info][gc,phases,start] GC(195) Adjust Roots
[18.935s][info][gc,phases      ] GC(195) Adjust Roots 0.183ms
[18.935s][info][gc,phases,start] GC(195) Compaction Phase
[19.409s][info][gc,phases      ] GC(195) Compaction Phase 474.643ms
[19.409s][info][gc,phases,start] GC(195) Post Compact
[19.416s][info][gc,phases      ] GC(195) Post Compact 6.115ms
[19.417s][info][gc,heap        ] GC(195) PSYoungGen: 102688K(186368K)->0K(189440K) Eden: 0K(53760K)->0K(53760K) From: 102688K(132608K)->0K(135680K)
[19.417s][info][gc,heap        ] GC(195) ParOldGen: 2902885K(2970112K)->2937735K(3238912K)
[19.417s][info][gc,metaspace   ] GC(195) Metaspace: 6302K(6464K)->6302K(6464K) NonClass: 5769K(5824K)->5769K(5824K) Class: 533K(640K)->533K(640K)
[19.417s][info][gc             ] GC(195) Pause Full (Ergonomics) 2935M->2868M(3348M) 1143.930ms
[19.417s][info][gc,cpu         ] GC(195) User=7.89s Sys=0.05s Real=1.14s
[19.476s][info][gc,start       ] GC(196) Pause Young (Allocation Failure)
[19.520s][info][gc,heap        ] GC(196) PSYoungGen: 53760K(189440K)->53984K(192512K) Eden: 53760K(53760K)->0K(58368K) From: 0K(135680K)->53984K(134144K)
[19.520s][info][gc,heap        ] GC(196) ParOldGen: 2937735K(3238912K)->2937735K(3238912K)
[19.520s][info][gc,metaspace   ] GC(196) Metaspace: 6302K(6464K)->6302K(6464K) NonClass: 5769K(5824K)->5769K(5824K) Class: 533K(640K)->533K(640K)
[19.520s][info][gc             ] GC(196) Pause Young (Allocation Failure) 2921M->2921M(3351M) 43.464ms
[19.520s][info][gc,cpu         ] GC(196) User=0.16s Sys=0.00s Real=0.04s
[19.580s][info][gc,start       ] GC(197) Pause Young (Allocation Failure)
[19.645s][info][gc,heap        ] GC(197) PSYoungGen: 112352K(192512K)->112416K(193536K) Eden: 58368K(58368K)->0K(58368K) From: 53984K(134144K)->112416K(135168K)
[19.645s][info][gc,heap        ] GC(197) ParOldGen: 2937735K(3238912K)->2937735K(3238912K)
[19.645s][info][gc,metaspace   ] GC(197) Metaspace: 6302K(6464K)->6302K(6464K) NonClass: 5769K(5824K)->5769K(5824K) Class: 533K(640K)->533K(640K)
[19.645s][info][gc             ] GC(197) Pause Young (Allocation Failure) 2978M->2978M(3352M) 65.248ms
[19.645s][info][gc,cpu         ] GC(197) User=0.20s Sys=0.00s Real=0.06s
[19.698s][info][gc,start       ] GC(198) Pause Young (Allocation Failure)
[19.782s][info][gc,heap        ] GC(198) PSYoungGen: 170784K(193536K)->141824K(178688K) Eden: 58368K(58368K)->0K(36864K) From: 112416K(135168K)->141824K(141824K)
[19.782s][info][gc,heap        ] GC(198) ParOldGen: 2937735K(3238912K)->2966911K(3238912K)
[19.782s][info][gc,metaspace   ] GC(198) Metaspace: 6302K(6464K)->6302K(6464K) NonClass: 5769K(5824K)->5769K(5824K) Class: 533K(640K)->533K(640K)
[19.782s][info][gc             ] GC(198) Pause Young (Allocation Failure) 3035M->3035M(3337M) 84.048ms
[19.782s][info][gc,cpu         ] GC(198) User=0.52s Sys=0.02s Real=0.08s
[19.817s][info][gc,start       ] GC(199) Pause Young (Allocation Failure)
[19.901s][info][gc,heap        ] GC(199) PSYoungGen: 178688K(178688K)->168448K(205312K) Eden: 36864K(36864K)->0K(36864K) From: 141824K(141824K)->168448K(168448K)
[19.901s][info][gc,heap        ] GC(199) ParOldGen: 2966911K(3238912K)->2977327K(3238912K)
[19.901s][info][gc,metaspace   ] GC(199) Metaspace: 6302K(6464K)->6302K(6464K) NonClass: 5769K(5824K)->5769K(5824K) Class: 533K(640K)->533K(640K)
[19.901s][info][gc             ] GC(199) Pause Young (Allocation Failure) 3071M->3072M(3363M) 84.014ms
[19.901s][info][gc,cpu         ] GC(199) User=0.56s Sys=0.00s Real=0.08s
[19.941s][info][gc,start       ] GC(200) Pause Young (Allocation Failure)
[20.039s][info][gc,heap        ] GC(200) PSYoungGen: 205312K(205312K)->116544K(228352K) Eden: 36864K(36864K)->0K(41472K) From: 168448K(168448K)->116544K(186880K)
[20.039s][info][gc,heap        ] GC(200) ParOldGen: 2977327K(3238912K)->3066903K(3238912K)
[20.039s][info][gc,metaspace   ] GC(200) Metaspace: 6302K(6464K)->6302K(6464K) NonClass: 5769K(5824K)->5769K(5824K) Class: 533K(640K)->533K(640K)
[20.039s][info][gc             ] GC(200) Pause Young (Allocation Failure) 3108M->3108M(3386M) 98.242ms
[20.039s][info][gc,cpu         ] GC(200) User=0.67s Sys=0.08s Real=0.10s
[20.088s][info][gc,start       ] GC(201) Pause Young (Allocation Failure)
[20.167s][info][gc,heap        ] GC(201) PSYoungGen: 158016K(228352K)->114816K(231424K) Eden: 41472K(41472K)->0K(41472K) From: 116544K(186880K)->114816K(189952K)
[20.167s][info][gc,heap        ] GC(201) ParOldGen: 3066903K(3238912K)->3110495K(3238912K)
[20.167s][info][gc,metaspace   ] GC(201) Metaspace: 6302K(6464K)->6302K(6464K) NonClass: 5769K(5824K)->5769K(5824K) Class: 533K(640K)->533K(640K)
[20.167s][info][gc             ] GC(201) Pause Young (Allocation Failure) 3149M->3149M(3389M) 79.423ms
[20.167s][info][gc,cpu         ] GC(201) User=0.48s Sys=0.05s Real=0.08s
[20.210s][info][gc,start       ] GC(202) Pause Young (Allocation Failure)
[20.287s][info][gc,heap        ] GC(202) PSYoungGen: 156288K(231424K)->83200K(223744K) Eden: 41472K(41472K)->0K(47104K) From: 114816K(189952K)->83200K(176640K)
[20.287s][info][gc,heap        ] GC(202) ParOldGen: 3110495K(3238912K)->3184183K(3238912K)
[20.287s][info][gc,metaspace   ] GC(202) Metaspace: 6302K(6464K)->6302K(6464K) NonClass: 5769K(5824K)->5769K(5824K) Class: 533K(640K)->533K(640K)
[20.287s][info][gc             ] GC(202) Pause Young (Allocation Failure) 3190M->3190M(3381M) 76.934ms
[20.287s][info][gc,cpu         ] GC(202) User=0.47s Sys=0.05s Real=0.08s
[20.287s][info][gc,start       ] GC(203) Pause Full (Ergonomics)
[20.287s][info][gc,phases,start] GC(203) Marking Phase
[21.019s][info][gc,phases      ] GC(203) Marking Phase 732.647ms
[21.019s][info][gc,phases,start] GC(203) Summary Phase
[21.020s][info][gc,phases      ] GC(203) Summary Phase 0.048ms
[21.020s][info][gc,phases,start] GC(203) Adjust Roots
[21.020s][info][gc,phases      ] GC(203) Adjust Roots 0.164ms
[21.020s][info][gc,phases,start] GC(203) Compaction Phase
[21.690s][info][gc,phases      ] GC(203) Compaction Phase 670.224ms
[21.690s][info][gc,phases,start] GC(203) Post Compact
[21.696s][info][gc,phases      ] GC(203) Post Compact 6.003ms
[21.697s][info][gc,heap        ] GC(203) PSYoungGen: 83200K(223744K)->26156K(228352K) Eden: 0K(47104K)->0K(51712K) From: 83200K(176640K)->26156K(176640K)
[21.697s][info][gc,heap        ] GC(203) ParOldGen: 3184183K(3238912K)->3238520K(3580928K)
[21.697s][info][gc,metaspace   ] GC(203) Metaspace: 6302K(6464K)->6302K(6464K) NonClass: 5769K(5824K)->5769K(5824K) Class: 533K(640K)->533K(640K)
[21.697s][info][gc             ] GC(203) Pause Full (Ergonomics) 3190M->3188M(3720M) 1410.500ms
[21.697s][info][gc,cpu         ] GC(203) User=10.05s Sys=0.00s Real=1.41s
[21.755s][info][gc,start       ] GC(204) Pause Young (Allocation Failure)
[21.921s][info][gc,heap        ] GC(204) PSYoungGen: 77868K(228352K)->51904K(232960K) Eden: 51712K(51712K)->0K(51712K) From: 26156K(176640K)->51904K(181248K)
[21.921s][info][gc,heap        ] GC(204) ParOldGen: 3238520K(3580928K)->3264952K(3580928K)
[21.921s][info][gc,metaspace   ] GC(204) Metaspace: 6302K(6464K)->6302K(6464K) NonClass: 5769K(5824K)->5769K(5824K) Class: 533K(640K)->533K(640K)
[21.921s][info][gc             ] GC(204) Pause Young (Allocation Failure) 3238M->3239M(3724M) 166.257ms
[21.921s][info][gc,cpu         ] GC(204) User=1.16s Sys=0.00s Real=0.17s
[21.978s][info][gc,start       ] GC(205) Pause Young (Allocation Failure)
[22.042s][info][gc,heap        ] GC(205) PSYoungGen: 103616K(232960K)->103680K(228352K) Eden: 51712K(51712K)->0K(57344K) From: 51904K(181248K)->103680K(171008K)
[22.042s][info][gc,heap        ] GC(205) ParOldGen: 3264952K(3580928K)->3264952K(3580928K)
[22.042s][info][gc,metaspace   ] GC(205) Metaspace: 6302K(6464K)->6302K(6464K) NonClass: 5769K(5824K)->5769K(5824K) Class: 533K(640K)->533K(640K)
[22.042s][info][gc             ] GC(205) Pause Young (Allocation Failure) 3289M->3289M(3720M) 63.737ms
[22.042s][info][gc,cpu         ] GC(205) User=0.28s Sys=0.00s Real=0.06s
[22.106s][info][gc,start       ] GC(206) Pause Young (Allocation Failure)
[22.187s][info][gc,heap        ] GC(206) PSYoungGen: 161024K(228352K)->161152K(233472K) Eden: 57344K(57344K)->0K(57344K) From: 103680K(171008K)->161152K(176128K)
[22.187s][info][gc,heap        ] GC(206) ParOldGen: 3264952K(3580928K)->3264952K(3580928K)
[22.187s][info][gc,metaspace   ] GC(206) Metaspace: 6302K(6464K)->6302K(6464K) NonClass: 5769K(5824K)->5769K(5824K) Class: 533K(640K)->533K(640K)
[22.187s][info][gc             ] GC(206) Pause Young (Allocation Failure) 3345M->3345M(3725M) 80.981ms
[22.187s][info][gc,cpu         ] GC(206) User=0.39s Sys=0.00s Real=0.08s
[22.249s][info][gc,start       ] GC(207) Pause Young (Allocation Failure)
[22.355s][info][gc,heap        ] GC(207) PSYoungGen: 218496K(233472K)->166784K(241152K) Eden: 57344K(57344K)->0K(49152K) From: 161152K(176128K)->166784K(192000K)
[22.355s][info][gc,heap        ] GC(207) ParOldGen: 3264952K(3580928K)->3317136K(3580928K)
[22.355s][info][gc,metaspace   ] GC(207) Metaspace: 6302K(6464K)->6302K(6464K) NonClass: 5769K(5824K)->5769K(5824K) Class: 533K(640K)->533K(640K)
[22.356s][info][gc             ] GC(207) Pause Young (Allocation Failure) 3401M->3402M(3732M) 106.300ms
[22.356s][info][gc,cpu         ] GC(207) User=0.73s Sys=0.03s Real=0.11s
[22.405s][info][gc,start       ] GC(208) Pause Young (Allocation Failure)
[22.507s][info][gc,heap        ] GC(208) PSYoungGen: 215936K(241152K)->164192K(255488K) Eden: 49152K(49152K)->0K(49152K) From: 166784K(192000K)->164192K(206336K)
[22.507s][info][gc,heap        ] GC(208) ParOldGen: 3317136K(3580928K)->3369320K(3580928K)
[22.507s][info][gc,metaspace   ] GC(208) Metaspace: 6302K(6464K)->6302K(6464K) NonClass: 5769K(5824K)->5769K(5824K) Class: 533K(640K)->533K(640K)
[22.507s][info][gc             ] GC(208) Pause Young (Allocation Failure) 3450M->3450M(3746M) 101.778ms
[22.507s][info][gc,cpu         ] GC(208) User=0.67s Sys=0.06s Real=0.10s
[22.561s][info][gc,start       ] GC(209) Pause Young (Allocation Failure)
[22.667s][info][gc,heap        ] GC(209) PSYoungGen: 213344K(255488K)->156000K(267264K) Eden: 49152K(49152K)->0K(50176K) From: 164192K(206336K)->156000K(217088K)
[22.667s][info][gc,heap        ] GC(209) ParOldGen: 3369320K(3580928K)->3427192K(3580928K)
[22.667s][info][gc,metaspace   ] GC(209) Metaspace: 6302K(6464K)->6302K(6464K) NonClass: 5769K(5824K)->5769K(5824K) Class: 533K(640K)->533K(640K)
[22.667s][info][gc             ] GC(209) Pause Young (Allocation Failure) 3498M->3499M(3758M) 105.709ms
[22.667s][info][gc,cpu         ] GC(209) User=0.73s Sys=0.02s Real=0.11s
[22.724s][info][gc,start       ] GC(210) Pause Young (Allocation Failure)
[22.829s][info][gc,heap        ] GC(210) PSYoungGen: 206176K(267264K)->99616K(150016K) Eden: 50176K(50176K)->0K(50176K) From: 156000K(217088K)->99616K(99840K)
[22.829s][info][gc,heap        ] GC(210) ParOldGen: 3427192K(3580928K)->3534616K(3580928K)
[22.829s][info][gc,metaspace   ] GC(210) Metaspace: 6302K(6464K)->6302K(6464K) NonClass: 5769K(5824K)->5769K(5824K) Class: 533K(640K)->533K(640K)
[22.829s][info][gc             ] GC(210) Pause Young (Allocation Failure) 3548M->3549M(3643M) 105.154ms
[22.829s][info][gc,cpu         ] GC(210) User=0.72s Sys=0.05s Real=0.11s
[22.830s][info][gc,start       ] GC(211) Pause Full (Ergonomics)
[22.830s][info][gc,phases,start] GC(211) Marking Phase
[23.660s][info][gc,phases      ] GC(211) Marking Phase 830.938ms
[23.661s][info][gc,phases,start] GC(211) Summary Phase
[23.661s][info][gc,phases      ] GC(211) Summary Phase 0.049ms
[23.661s][info][gc,phases,start] GC(211) Adjust Roots
[23.661s][info][gc,phases      ] GC(211) Adjust Roots 0.172ms
[23.661s][info][gc,phases,start] GC(211) Compaction Phase
[24.028s][info][gc,phases      ] GC(211) Compaction Phase 367.267ms
[24.028s][info][gc,phases,start] GC(211) Post Compact
[24.035s][info][gc,phases      ] GC(211) Post Compact 6.612ms
[24.036s][info][gc,heap        ] GC(211) PSYoungGen: 99616K(150016K)->50208K(150016K) Eden: 0K(50176K)->0K(50176K) From: 99616K(99840K)->50208K(99840K)
[24.036s][info][gc,heap        ] GC(211) ParOldGen: 3534616K(3580928K)->3580836K(3968512K)
[24.036s][info][gc,metaspace   ] GC(211) Metaspace: 6302K(6464K)->6302K(6464K) NonClass: 5769K(5824K)->5769K(5824K) Class: 533K(640K)->533K(640K)
[24.036s][info][gc             ] GC(211) Pause Full (Ergonomics) 3549M->3545M(4022M) 1206.594ms
[24.036s][info][gc,cpu         ] GC(211) User=8.72s Sys=0.11s Real=1.21s
[24.092s][info][gc,start       ] GC(212) Pause Young (Allocation Failure)
[24.288s][info][gc,heap        ] GC(212) PSYoungGen: 100384K(150016K)->50400K(270336K) Eden: 50176K(50176K)->0K(55296K) From: 50208K(99840K)->50400K(215040K)
[24.288s][info][gc,heap        ] GC(212) ParOldGen: 3580836K(3968512K)->3631540K(3968512K)
[24.288s][info][gc,metaspace   ] GC(212) Metaspace: 6302K(6464K)->6302K(6464K) NonClass: 5769K(5824K)->5769K(5824K) Class: 533K(640K)->533K(640K)
[24.288s][info][gc             ] GC(212) Pause Young (Allocation Failure) 3594M->3595M(4139M) 196.420ms
[24.288s][info][gc,cpu         ] GC(212) User=1.38s Sys=0.00s Real=0.20s
[24.347s][info][gc,start       ] GC(213) Pause Young (Allocation Failure)
[24.414s][info][gc,heap        ] GC(213) PSYoungGen: 105696K(270336K)->55552K(271872K) Eden: 55296K(55296K)->0K(55296K) From: 50400K(215040K)->55552K(216576K)
[24.414s][info][gc,heap        ] GC(213) ParOldGen: 3631540K(3968512K)->3682172K(3968512K)
[24.414s][info][gc,metaspace   ] GC(213) Metaspace: 6302K(6464K)->6302K(6464K) NonClass: 5769K(5824K)->5769K(5824K) Class: 533K(640K)->533K(640K)
[24.414s][info][gc             ] GC(213) Pause Young (Allocation Failure) 3649M->3650M(4141M) 67.291ms
[24.414s][info][gc,cpu         ] GC(213) User=0.28s Sys=0.00s Real=0.07s
[24.466s][info][gc,start       ] GC(214) Pause Young (Allocation Failure)
[24.531s][info][gc,heap        ] GC(214) PSYoungGen: 110848K(271872K)->55552K(272384K) Eden: 55296K(55296K)->0K(61440K) From: 55552K(216576K)->55552K(210944K)
[24.531s][info][gc,heap        ] GC(214) ParOldGen: 3682172K(3968512K)->3737964K(3968512K)
[24.532s][info][gc,metaspace   ] GC(214) Metaspace: 6302K(6464K)->6302K(6464K) NonClass: 5769K(5824K)->5769K(5824K) Class: 533K(640K)->533K(640K)
[24.532s][info][gc             ] GC(214) Pause Young (Allocation Failure) 3704M->3704M(4141M) 65.591ms
[24.532s][info][gc,cpu         ] GC(214) User=0.28s Sys=0.00s Real=0.07s
[24.594s][info][gc,start       ] GC(215) Pause Young (Allocation Failure)
[24.663s][info][gc,heap        ] GC(215) PSYoungGen: 116992K(272384K)->61632K(274432K) Eden: 61440K(61440K)->0K(61440K) From: 55552K(210944K)->61632K(212992K)
[24.663s][info][gc,heap        ] GC(215) ParOldGen: 3737964K(3968512K)->3793756K(3968512K)
[24.663s][info][gc,metaspace   ] GC(215) Metaspace: 6302K(6464K)->6302K(6464K) NonClass: 5769K(5824K)->5769K(5824K) Class: 533K(640K)->533K(640K)
[24.663s][info][gc             ] GC(215) Pause Young (Allocation Failure) 3764M->3765M(4143M) 68.657ms
[24.663s][info][gc,cpu         ] GC(215) User=0.27s Sys=0.02s Real=0.07s
[24.731s][info][gc,start       ] GC(216) Pause Young (Allocation Failure)
[24.804s][info][gc,heap        ] GC(216) PSYoungGen: 123072K(274432K)->61696K(265728K) Eden: 61440K(61440K)->0K(68096K) From: 61632K(212992K)->61696K(197632K)
[24.804s][info][gc,heap        ] GC(216) ParOldGen: 3793756K(3968512K)->3855748K(3968512K)
[24.804s][info][gc,metaspace   ] GC(216) Metaspace: 6302K(6464K)->6302K(6464K) NonClass: 5769K(5824K)->5769K(5824K) Class: 533K(640K)->533K(640K)
[24.804s][info][gc             ] GC(216) Pause Young (Allocation Failure) 3825M->3825M(4135M) 73.016ms
[24.804s][info][gc,cpu         ] GC(216) User=0.39s Sys=0.02s Real=0.07s
[24.872s][info][gc,start       ] GC(217) Pause Young (Allocation Failure)
[24.945s][info][gc,heap        ] GC(217) PSYoungGen: 129792K(265728K)->68320K(270848K) Eden: 68096K(68096K)->0K(68096K) From: 61696K(197632K)->68320K(202752K)
[24.945s][info][gc,heap        ] GC(217) ParOldGen: 3855748K(3968512K)->3917740K(3968512K)
[24.945s][info][gc,metaspace   ] GC(217) Metaspace: 6302K(6464K)->6302K(6464K) NonClass: 5769K(5824K)->5769K(5824K) Class: 533K(640K)->533K(640K)
[24.945s][info][gc             ] GC(217) Pause Young (Allocation Failure) 3892M->3892M(4140M) 73.645ms
[24.945s][info][gc,cpu         ] GC(217) User=0.48s Sys=0.02s Real=0.07s
[24.945s][info][gc,start       ] GC(218) Pause Full (Ergonomics)
[24.945s][info][gc,phases,start] GC(218) Marking Phase
[25.834s][info][gc,phases      ] GC(218) Marking Phase 889.130ms
[25.834s][info][gc,phases,start] GC(218) Summary Phase
[25.835s][info][gc,phases      ] GC(218) Summary Phase 0.056ms
[25.835s][info][gc,phases,start] GC(218) Adjust Roots
[25.835s][info][gc,phases      ] GC(218) Adjust Roots 0.162ms
[25.835s][info][gc,phases,start] GC(218) Compaction Phase
[26.233s][info][gc,phases      ] GC(218) Compaction Phase 398.678ms
[26.234s][info][gc,phases,start] GC(218) Post Compact
[26.241s][info][gc,phases      ] GC(218) Post Compact 7.162ms
[26.242s][info][gc,heap        ] GC(218) PSYoungGen: 68320K(270848K)->14423K(270848K) Eden: 0K(68096K)->0K(68096K) From: 68320K(202752K)->14423K(202752K)
[26.242s][info][gc,heap        ] GC(218) ParOldGen: 3917740K(3968512K)->3968172K(4374016K)
[26.242s][info][gc,metaspace   ] GC(218) Metaspace: 6302K(6464K)->6302K(6464K) NonClass: 5769K(5824K)->5769K(5824K) Class: 533K(640K)->533K(640K)
[26.242s][info][gc             ] GC(218) Pause Full (Ergonomics) 3892M->3889M(4536M) 1296.797ms
[26.242s][info][gc,cpu         ] GC(218) User=9.48s Sys=0.03s Real=1.30s
[26.314s][info][gc,start       ] GC(219) Pause Young (Allocation Failure)
[26.523s][info][gc,heap        ] GC(219) PSYoungGen: 82519K(270848K)->68288K(256000K) Eden: 68096K(68096K)->0K(74240K) From: 14423K(202752K)->68288K(181760K)
[26.523s][info][gc,heap        ] GC(219) ParOldGen: 3968172K(4374016K)->3982772K(4374016K)
[26.523s][info][gc,metaspace   ] GC(219) Metaspace: 6302K(6464K)->6302K(6464K) NonClass: 5769K(5824K)->5769K(5824K) Class: 533K(640K)->533K(640K)
[26.523s][info][gc             ] GC(219) Pause Young (Allocation Failure) 3955M->3956M(4521M) 209.010ms
[26.523s][info][gc,cpu         ] GC(219) User=1.39s Sys=0.02s Real=0.21s
[26.614s][info][gc,start       ] GC(220) Pause Young (Allocation Failure)
[26.695s][info][gc,heap        ] GC(220) PSYoungGen: 142528K(256000K)->142720K(263680K) Eden: 74240K(74240K)->0K(74240K) From: 68288K(181760K)->142720K(189440K)
[26.695s][info][gc,heap        ] GC(220) ParOldGen: 3982772K(4374016K)->3982772K(4374016K)
[26.695s][info][gc,metaspace   ] GC(220) Metaspace: 6302K(6464K)->6302K(6464K) NonClass: 5769K(5824K)->5769K(5824K) Class: 533K(640K)->533K(640K)
[26.695s][info][gc             ] GC(220) Pause Young (Allocation Failure) 4028M->4028M(4529M) 81.205ms
[26.695s][info][gc,cpu         ] GC(220) User=0.41s Sys=0.00s Real=0.08s
[26.770s][info][gc,start       ] GC(221) Pause Young (Allocation Failure)
[26.883s][info][gc,heap        ] GC(221) PSYoungGen: 216960K(263680K)->199168K(244736K) Eden: 74240K(74240K)->0K(45568K) From: 142720K(189440K)->199168K(199168K)
[26.883s][info][gc,heap        ] GC(221) ParOldGen: 3982772K(4374016K)->4000700K(4374016K)
[26.883s][info][gc,metaspace   ] GC(221) Metaspace: 6302K(6464K)->6302K(6464K) NonClass: 5769K(5824K)->5769K(5824K) Class: 533K(640K)->533K(640K)
[26.883s][info][gc             ] GC(221) Pause Young (Allocation Failure) 4101M->4101M(4510M) 112.885ms
[26.883s][info][gc,cpu         ] GC(221) User=0.77s Sys=0.02s Real=0.11s
[26.931s][info][gc,start       ] GC(222) Pause Young (Allocation Failure)
[27.058s][info][gc,heap        ] GC(222) PSYoungGen: 244736K(244736K)->111264K(157184K) Eden: 45568K(45568K)->0K(45568K) From: 199168K(199168K)->111264K(111616K)
[27.058s][info][gc,heap        ] GC(222) ParOldGen: 4000700K(4374016K)->4135332K(4374016K)
[27.058s][info][gc,metaspace   ] GC(222) Metaspace: 6302K(6464K)->6302K(6464K) NonClass: 5769K(5824K)->5769K(5824K) Class: 533K(640K)->533K(640K)
[27.058s][info][gc             ] GC(222) Pause Young (Allocation Failure) 4145M->4147M(4425M) 127.193ms
[27.058s][info][gc,cpu         ] GC(222) User=0.92s Sys=0.06s Real=0.13s
[27.111s][info][gc,start       ] GC(223) Pause Young (Allocation Failure)
[27.196s][info][gc,heap        ] GC(223) PSYoungGen: 156832K(157184K)->91424K(256000K) Eden: 45568K(45568K)->0K(50688K) From: 111264K(111616K)->91424K(205312K)
[27.196s][info][gc,heap        ] GC(223) ParOldGen: 4135332K(4374016K)->4201300K(4374016K)
[27.196s][info][gc,metaspace   ] GC(223) Metaspace: 6302K(6464K)->6302K(6464K) NonClass: 5769K(5824K)->5769K(5824K) Class: 533K(640K)->533K(640K)
[27.196s][info][gc             ] GC(223) Pause Young (Allocation Failure) 4191M->4192M(4521M) 84.200ms
[27.196s][info][gc,cpu         ] GC(223) User=0.50s Sys=0.06s Real=0.08s
[27.259s][info][gc,start       ] GC(224) Pause Young (Allocation Failure)
[27.338s][info][gc,heap        ] GC(224) PSYoungGen: 142112K(256000K)->96480K(147456K) Eden: 50688K(50688K)->0K(50688K) From: 91424K(205312K)->96480K(96768K)
[27.338s][info][gc,heap        ] GC(224) ParOldGen: 4201300K(4374016K)->4247292K(4374016K)
[27.338s][info][gc,metaspace   ] GC(224) Metaspace: 6302K(6464K)->6302K(6464K) NonClass: 5769K(5824K)->5769K(5824K) Class: 533K(640K)->533K(640K)
[27.338s][info][gc             ] GC(224) Pause Young (Allocation Failure) 4241M->4241M(4415M) 79.095ms
[27.338s][info][gc,cpu         ] GC(224) User=0.42s Sys=0.02s Real=0.08s
[27.395s][info][gc,start       ] GC(225) Pause Young (Allocation Failure)
[27.478s][info][gc,heap        ] GC(225) PSYoungGen: 147168K(147456K)->101600K(243200K) Eden: 50688K(50688K)->0K(56832K) From: 96480K(96768K)->101600K(186368K)
[27.478s][info][gc,heap        ] GC(225) ParOldGen: 4247292K(4374016K)->4293260K(4374016K)
[27.478s][info][gc,metaspace   ] GC(225) Metaspace: 6302K(6464K)->6302K(6464K) NonClass: 5769K(5824K)->5769K(5824K) Class: 533K(640K)->533K(640K)
[27.478s][info][gc             ] GC(225) Pause Young (Allocation Failure) 4291M->4291M(4509M) 82.595ms
[27.478s][info][gc,cpu         ] GC(225) User=0.50s Sys=0.02s Real=0.08s
[27.478s][info][gc,start       ] GC(226) Pause Full (Ergonomics)
[27.478s][info][gc,phases,start] GC(226) Marking Phase
[28.480s][info][gc,phases      ] GC(226) Marking Phase 1001.641ms
[28.480s][info][gc,phases,start] GC(226) Summary Phase
[28.480s][info][gc,phases      ] GC(226) Summary Phase 0.067ms
[28.480s][info][gc,phases,start] GC(226) Adjust Roots
[28.480s][info][gc,phases      ] GC(226) Adjust Roots 0.221ms
[28.480s][info][gc,phases,start] GC(226) Compaction Phase
[28.872s][info][gc,phases      ] GC(226) Compaction Phase 392.128ms
[28.872s][info][gc,phases,start] GC(226) Post Compact
[28.879s][info][gc,phases      ] GC(226) Post Compact 6.503ms
[28.880s][info][gc,heap        ] GC(226) PSYoungGen: 101600K(243200K)->17514K(249856K) Eden: 0K(56832K)->0K(63488K) From: 101600K(186368K)->17514K(186368K)
[28.880s][info][gc,heap        ] GC(226) ParOldGen: 4293260K(4374016K)->4373941K(4823552K)
[28.880s][info][gc,metaspace   ] GC(226) Metaspace: 6302K(6464K)->6302K(6464K) NonClass: 5769K(5824K)->5769K(5824K) Class: 533K(640K)->533K(640K)
[28.880s][info][gc             ] GC(226) Pause Full (Ergonomics) 4291M->4288M(4954M) 1402.261ms
[28.880s][info][gc,cpu         ] GC(226) User=10.48s Sys=0.06s Real=1.40s
[28.946s][info][gc,start       ] GC(227) Pause Young (Allocation Failure)
[29.178s][info][gc,heap        ] GC(227) PSYoungGen: 81002K(249856K)->76864K(259072K) Eden: 63488K(63488K)->0K(63488K) From: 17514K(186368K)->76864K(195584K)
[29.178s][info][gc,heap        ] GC(227) ParOldGen: 4373941K(4823552K)->4378421K(4823552K)
[29.178s][info][gc,metaspace   ] GC(227) Metaspace: 6302K(6464K)->6302K(6464K) NonClass: 5769K(5824K)->5769K(5824K) Class: 533K(640K)->533K(640K)
[29.178s][info][gc             ] GC(227) Pause Young (Allocation Failure) 4350M->4350M(4963M) 232.240ms
[29.178s][info][gc,cpu         ] GC(227) User=1.64s Sys=0.00s Real=0.23s
[29.246s][info][gc,start       ] GC(228) Pause Young (Allocation Failure)
[29.326s][info][gc,heap        ] GC(228) PSYoungGen: 140352K(259072K)->140448K(254976K) Eden: 63488K(63488K)->0K(64000K) From: 76864K(195584K)->140448K(190976K)
[29.326s][info][gc,heap        ] GC(228) ParOldGen: 4378421K(4823552K)->4378421K(4823552K)
[29.326s][info][gc,metaspace   ] GC(228) Metaspace: 6302K(6464K)->6302K(6464K) NonClass: 5769K(5824K)->5769K(5824K) Class: 533K(640K)->533K(640K)
[29.326s][info][gc             ] GC(228) Pause Young (Allocation Failure) 4412M->4412M(4959M) 79.977ms
[29.326s][info][gc,cpu         ] GC(228) User=0.50s Sys=0.00s Real=0.08s
[29.406s][info][gc,start       ] GC(229) Pause Young (Allocation Failure)
[29.514s][info][gc,heap        ] GC(229) PSYoungGen: 204448K(254976K)->196608K(260608K) Eden: 64000K(64000K)->0K(64000K) From: 140448K(190976K)->196608K(196608K)
[29.514s][info][gc,heap        ] GC(229) ParOldGen: 4378421K(4823552K)->4386341K(4823552K)
[29.514s][info][gc,metaspace   ] GC(229) Metaspace: 6302K(6464K)->6302K(6464K) NonClass: 5769K(5824K)->5769K(5824K) Class: 533K(640K)->533K(640K)
[29.514s][info][gc             ] GC(229) Pause Young (Allocation Failure) 4475M->4475M(4965M) 108.300ms
[29.514s][info][gc,cpu         ] GC(229) User=0.75s Sys=0.00s Real=0.11s
[29.587s][info][gc,start       ] GC(230) Pause Young (Allocation Failure)
[29.730s][info][gc,heap        ] GC(230) PSYoungGen: 260608K(260608K)->187776K(279040K) Eden: 64000K(64000K)->0K(54784K) From: 196608K(196608K)->187776K(224256K)
[29.730s][info][gc,heap        ] GC(230) ParOldGen: 4386341K(4823552K)->4459949K(4823552K)
[29.730s][info][gc,metaspace   ] GC(230) Metaspace: 6302K(6464K)->6302K(6464K) NonClass: 5769K(5824K)->5769K(5824K) Class: 533K(640K)->533K(640K)
[29.730s][info][gc             ] GC(230) Pause Young (Allocation Failure) 4538M->4538M(4983M) 142.981ms
[29.730s][info][gc,cpu         ] GC(230) User=1.06s Sys=0.06s Real=0.14s
[29.788s][info][gc,start       ] GC(231) Pause Young (Allocation Failure)
[29.923s][info][gc,heap        ] GC(231) PSYoungGen: 242560K(279040K)->180672K(294912K) Eden: 54784K(54784K)->0K(54784K) From: 187776K(224256K)->180672K(240128K)
[29.923s][info][gc,heap        ] GC(231) ParOldGen: 4459949K(4823552K)->4522349K(4823552K)
[29.923s][info][gc,metaspace   ] GC(231) Metaspace: 6302K(6464K)->6302K(6464K) NonClass: 5769K(5824K)->5769K(5824K) Class: 533K(640K)->533K(640K)
[29.923s][info][gc             ] GC(231) Pause Young (Allocation Failure) 4592M->4592M(4998M) 135.391ms
[29.923s][info][gc,cpu         ] GC(231) User=1.00s Sys=0.03s Real=0.14s
[29.985s][info][gc,start       ] GC(232) Pause Young (Allocation Failure)
[30.115s][info][gc,heap        ] GC(232) PSYoungGen: 235456K(294912K)->173984K(306176K) Eden: 54784K(54784K)->0K(56320K) From: 180672K(240128K)->173984K(249856K)
[30.115s][info][gc,heap        ] GC(232) ParOldGen: 4522349K(4823552K)->4584413K(4823552K)
[30.115s][info][gc,metaspace   ] GC(232) Metaspace: 6302K(6464K)->6302K(6464K) NonClass: 5769K(5824K)->5769K(5824K) Class: 533K(640K)->533K(640K)
[30.115s][info][gc             ] GC(232) Pause Young (Allocation Failure) 4646M->4646M(5009M) 129.944ms
[30.115s][info][gc,cpu         ] GC(232) User=0.86s Sys=0.03s Real=0.13s
[30.186s][info][gc,start       ] GC(233) Pause Young (Allocation Failure)
[30.317s][info][gc,heap        ] GC(233) PSYoungGen: 230304K(306176K)->111392K(167936K) Eden: 56320K(56320K)->0K(56320K) From: 173984K(249856K)->111392K(111616K)
[30.317s][info][gc,heap        ] GC(233) ParOldGen: 4584413K(4823552K)->4704253K(4823552K)
[30.317s][info][gc,metaspace   ] GC(233) Metaspace: 6302K(6464K)->6302K(6464K) NonClass: 5769K(5824K)->5769K(5824K) Class: 533K(640K)->533K(640K)
[30.317s][info][gc             ] GC(233) Pause Young (Allocation Failure) 4701M->4702M(4874M) 130.590ms
[30.317s][info][gc,cpu         ] GC(233) User=0.80s Sys=0.09s Real=0.13s
[30.317s][info][gc,start       ] GC(234) Pause Full (Ergonomics)
[30.317s][info][gc,phases,start] GC(234) Marking Phase
[31.412s][info][gc,phases      ] GC(234) Marking Phase 1095.629ms
[31.412s][info][gc,phases,start] GC(234) Summary Phase
[31.413s][info][gc,phases      ] GC(234) Summary Phase 0.134ms
[31.413s][info][gc,phases,start] GC(234) Adjust Roots
[31.413s][info][gc,phases      ] GC(234) Adjust Roots 0.323ms
[31.413s][info][gc,phases,start] GC(234) Compaction Phase
[31.829s][info][gc,phases      ] GC(234) Compaction Phase 416.156ms
[31.829s][info][gc,phases,start] GC(234) Post Compact
[31.836s][info][gc,phases      ] GC(234) Post Compact 7.236ms
[31.837s][info][gc,heap        ] GC(234) PSYoungGen: 111392K(167936K)->0K(309760K) Eden: 0K(56320K)->0K(63488K) From: 111392K(111616K)->0K(246272K)
[31.837s][info][gc,heap        ] GC(234) ParOldGen: 4704253K(4823552K)->4812101K(4983808K)
[31.837s][info][gc,metaspace   ] GC(234) Metaspace: 6302K(6464K)->6302K(6464K) NonClass: 5769K(5824K)->5769K(5824K) Class: 533K(640K)->533K(640K)
[31.837s][info][gc             ] GC(234) Pause Full (Ergonomics) 4702M->4699M(5169M) 1520.469ms
[31.837s][info][gc,cpu         ] GC(234) User=11.56s Sys=0.11s Real=1.52s
[31.908s][info][gc,start       ] GC(235) Pause Young (Allocation Failure)
[31.963s][info][gc,heap        ] GC(235) PSYoungGen: 63488K(309760K)->63712K(309760K) Eden: 63488K(63488K)->0K(63488K) From: 0K(246272K)->63712K(246272K)
[31.963s][info][gc,heap        ] GC(235) ParOldGen: 4812101K(4983808K)->4812101K(4983808K)
[31.963s][info][gc,metaspace   ] GC(235) Metaspace: 6302K(6464K)->6302K(6464K) NonClass: 5769K(5824K)->5769K(5824K) Class: 533K(640K)->533K(640K)
[31.963s][info][gc             ] GC(235) Pause Young (Allocation Failure) 4761M->4761M(5169M) 55.834ms
[31.963s][info][gc,cpu         ] GC(235) User=0.17s Sys=0.00s Real=0.06s
[32.031s][info][gc,start       ] GC(236) Pause Young (Allocation Failure)
[32.103s][info][gc,heap        ] GC(236) PSYoungGen: 127200K(309760K)->127328K(294400K) Eden: 63488K(63488K)->0K(70144K) From: 63712K(246272K)->127328K(224256K)
[32.103s][info][gc,heap        ] GC(236) ParOldGen: 4812101K(4983808K)->4812101K(4983808K)
[32.103s][info][gc,metaspace   ] GC(236) Metaspace: 6302K(6464K)->6302K(6464K) NonClass: 5769K(5824K)->5769K(5824K) Class: 533K(640K)->533K(640K)
[32.103s][info][gc             ] GC(236) Pause Young (Allocation Failure) 4823M->4823M(5154M) 72.269ms
[32.103s][info][gc,cpu         ] GC(236) User=0.30s Sys=0.00s Real=0.07s
[32.185s][info][gc,start       ] GC(237) Pause Young (Allocation Failure)
[32.282s][info][gc,heap        ] GC(237) PSYoungGen: 197472K(294400K)->197600K(305152K) Eden: 70144K(70144K)->0K(70144K) From: 127328K(224256K)->197600K(235008K)
[32.282s][info][gc,heap        ] GC(237) ParOldGen: 4812101K(4983808K)->4812101K(4983808K)
[32.282s][info][gc,metaspace   ] GC(237) Metaspace: 6302K(6464K)->6302K(6464K) NonClass: 5769K(5824K)->5769K(5824K) Class: 533K(640K)->533K(640K)
[32.282s][info][gc             ] GC(237) Pause Young (Allocation Failure) 4892M->4892M(5165M) 96.509ms
[32.282s][info][gc,cpu         ] GC(237) User=0.64s Sys=0.00s Real=0.10s
[32.364s][info][gc,start       ] GC(238) Pause Young (Allocation Failure)
[32.510s][info][gc,heap        ] GC(238) PSYoungGen: 267744K(305152K)->204288K(313856K) Eden: 70144K(70144K)->0K(62464K) From: 197600K(235008K)->204288K(251392K)
[32.510s][info][gc,heap        ] GC(238) ParOldGen: 4812101K(4983808K)->4876165K(4983808K)
[32.510s][info][gc,metaspace   ] GC(238) Metaspace: 6302K(6464K)->6302K(6464K) NonClass: 5769K(5824K)->5769K(5824K) Class: 533K(640K)->533K(640K)
[32.510s][info][gc             ] GC(238) Pause Young (Allocation Failure) 4960M->4961M(5173M) 146.135ms
[32.510s][info][gc,cpu         ] GC(238) User=0.92s Sys=0.08s Real=0.15s
[32.510s][info][gc,start       ] GC(239) Pause Full (Ergonomics)
[32.510s][info][gc,phases,start] GC(239) Marking Phase
[33.684s][info][gc,phases      ] GC(239) Marking Phase 1173.168ms
[33.684s][info][gc,phases,start] GC(239) Summary Phase
[33.684s][info][gc,phases      ] GC(239) Summary Phase 0.077ms
[33.684s][info][gc,phases,start] GC(239) Adjust Roots
[33.684s][info][gc,phases      ] GC(239) Adjust Roots 0.233ms
[33.684s][info][gc,phases,start] GC(239) Compaction Phase
[34.107s][info][gc,phases      ] GC(239) Compaction Phase 422.487ms
[34.107s][info][gc,phases,start] GC(239) Post Compact
[34.114s][info][gc,phases      ] GC(239) Post Compact 7.672ms
[34.114s][info][gc,heap        ] GC(239) PSYoungGen: 204288K(313856K)->95857K(313856K) Eden: 0K(62464K)->0K(62464K) From: 204288K(251392K)->95857K(251392K)
[34.114s][info][gc,heap        ] GC(239) ParOldGen: 4876165K(4983808K)->4983385K(4983808K)
[34.114s][info][gc,metaspace   ] GC(239) Metaspace: 6302K(6464K)->6302K(6464K) NonClass: 5769K(5824K)->5769K(5824K) Class: 533K(640K)->533K(640K)
[34.114s][info][gc             ] GC(239) Pause Full (Ergonomics) 4961M->4960M(5173M) 1604.040ms
[34.115s][info][gc,cpu         ] GC(239) User=11.98s Sys=0.09s Real=1.60s
[34.187s][info][gc,start       ] GC(240) Pause Full (Ergonomics)
[34.187s][info][gc,phases,start] GC(240) Marking Phase
[35.364s][info][gc,phases      ] GC(240) Marking Phase 1177.223ms
[35.364s][info][gc,phases,start] GC(240) Summary Phase
[35.364s][info][gc,phases      ] GC(240) Summary Phase 0.066ms
[35.364s][info][gc,phases,start] GC(240) Adjust Roots
[35.364s][info][gc,phases      ] GC(240) Adjust Roots 0.167ms
[35.364s][info][gc,phases,start] GC(240) Compaction Phase
[35.715s][info][gc,phases      ] GC(240) Compaction Phase 350.332ms
[35.715s][info][gc,phases,start] GC(240) Post Compact
[35.723s][info][gc,phases      ] GC(240) Post Compact 8.209ms
[35.723s][info][gc,heap        ] GC(240) PSYoungGen: 158321K(313856K)->158284K(313856K) Eden: 62464K(62464K)->62427K(62464K) From: 95857K(251392K)->95857K(251392K)
[35.723s][info][gc,heap        ] GC(240) ParOldGen: 4983385K(4983808K)->4983385K(4983808K)
[35.723s][info][gc,metaspace   ] GC(240) Metaspace: 6302K(6464K)->6302K(6464K) NonClass: 5769K(5824K)->5769K(5824K) Class: 533K(640K)->533K(640K)
[35.723s][info][gc             ] GC(240) Pause Full (Ergonomics) 5021M->5021M(5173M) 1536.391ms
[35.723s][info][gc,cpu         ] GC(240) User=11.69s Sys=0.00s Real=1.54s
[35.723s][info][gc,start       ] GC(241) Pause Full (Ergonomics)
[35.723s][info][gc,phases,start] GC(241) Marking Phase
[36.908s][info][gc,phases      ] GC(241) Marking Phase 1184.455ms
[36.908s][info][gc,phases,start] GC(241) Summary Phase
[36.908s][info][gc,phases      ] GC(241) Summary Phase 0.068ms
[36.908s][info][gc,phases,start] GC(241) Adjust Roots
[36.908s][info][gc,phases      ] GC(241) Adjust Roots 0.202ms
[36.908s][info][gc,phases,start] GC(241) Compaction Phase
[37.259s][info][gc,phases      ] GC(241) Compaction Phase 350.706ms
[37.259s][info][gc,phases,start] GC(241) Post Compact
[37.267s][info][gc,phases      ] GC(241) Post Compact 7.958ms
[37.267s][info][gc,heap        ] GC(241) PSYoungGen: 158321K(313856K)->158320K(313856K) Eden: 62464K(62464K)->62463K(62464K) From: 95857K(251392K)->95857K(251392K)
[37.267s][info][gc,heap        ] GC(241) ParOldGen: 4983385K(4983808K)->4983385K(4983808K)
[37.267s][info][gc,metaspace   ] GC(241) Metaspace: 6302K(6464K)->6302K(6464K) NonClass: 5769K(5824K)->5769K(5824K) Class: 533K(640K)->533K(640K)
[37.267s][info][gc             ] GC(241) Pause Full (Ergonomics) 5021M->5021M(5173M) 1543.775ms
[37.267s][info][gc,cpu         ] GC(241) User=11.72s Sys=0.00s Real=1.55s
[37.267s][info][gc,start       ] GC(242) Pause Full (Ergonomics)
[37.267s][info][gc,phases,start] GC(242) Marking Phase
[38.436s][info][gc,phases      ] GC(242) Marking Phase 1169.028ms
[38.436s][info][gc,phases,start] GC(242) Summary Phase
[38.436s][info][gc,phases      ] GC(242) Summary Phase 0.056ms
[38.436s][info][gc,phases,start] GC(242) Adjust Roots
[38.437s][info][gc,phases      ] GC(242) Adjust Roots 0.164ms
[38.437s][info][gc,phases,start] GC(242) Compaction Phase
[38.779s][info][gc,phases      ] GC(242) Compaction Phase 342.836ms
[38.780s][info][gc,phases,start] GC(242) Post Compact
[38.787s][info][gc,phases      ] GC(242) Post Compact 7.219ms
[38.787s][info][gc,heap        ] GC(242) PSYoungGen: 158321K(313856K)->158321K(313856K) Eden: 62463K(62464K)->62463K(62464K) From: 95857K(251392K)->95857K(251392K)
[38.787s][info][gc,heap        ] GC(242) ParOldGen: 4983385K(4983808K)->4983385K(4983808K)
[38.787s][info][gc,metaspace   ] GC(242) Metaspace: 6302K(6464K)->6302K(6464K) NonClass: 5769K(5824K)->5769K(5824K) Class: 533K(640K)->533K(640K)
[38.787s][info][gc             ] GC(242) Pause Full (Ergonomics) 5021M->5021M(5173M) 1519.654ms
[38.787s][info][gc,cpu         ] GC(242) User=11.69s Sys=0.00s Real=1.52s
[38.787s][info][gc,start       ] GC(243) Pause Full (Ergonomics)
[38.787s][info][gc,phases,start] GC(243) Marking Phase
[39.960s][info][gc,phases      ] GC(243) Marking Phase 1173.179ms
[39.960s][info][gc,phases,start] GC(243) Summary Phase
[39.960s][info][gc,phases      ] GC(243) Summary Phase 0.067ms
[39.960s][info][gc,phases,start] GC(243) Adjust Roots
[39.961s][info][gc,phases      ] GC(243) Adjust Roots 0.202ms
[39.961s][info][gc,phases,start] GC(243) Compaction Phase
[40.306s][info][gc,phases      ] GC(243) Compaction Phase 345.787ms
[40.307s][info][gc,phases,start] GC(243) Post Compact
[40.313s][info][gc,phases      ] GC(243) Post Compact 6.699ms
[40.313s][info][gc,heap        ] GC(243) PSYoungGen: 158321K(313856K)->158321K(313856K) Eden: 62463K(62464K)->62463K(62464K) From: 95857K(251392K)->95857K(251392K)
[40.313s][info][gc,heap        ] GC(243) ParOldGen: 4983390K(4983808K)->4983390K(4983808K)
[40.313s][info][gc,metaspace   ] GC(243) Metaspace: 6302K(6464K)->6302K(6464K) NonClass: 5769K(5824K)->5769K(5824K) Class: 533K(640K)->533K(640K)
[40.313s][info][gc             ] GC(243) Pause Full (Ergonomics) 5021M->5021M(5173M) 1526.260ms
[40.313s][info][gc,cpu         ] GC(243) User=11.84s Sys=0.02s Real=1.52s
[40.314s][info][gc,start       ] GC(244) Pause Full (Ergonomics)
[40.314s][info][gc,phases,start] GC(244) Marking Phase
[41.480s][info][gc,phases      ] GC(244) Marking Phase 1166.149ms
[41.480s][info][gc,phases,start] GC(244) Summary Phase
[41.480s][info][gc,phases      ] GC(244) Summary Phase 0.058ms
[41.480s][info][gc,phases,start] GC(244) Adjust Roots
[41.480s][info][gc,phases      ] GC(244) Adjust Roots 0.198ms
[41.480s][info][gc,phases,start] GC(244) Compaction Phase
[41.821s][info][gc,phases      ] GC(244) Compaction Phase 340.488ms
[41.821s][info][gc,phases,start] GC(244) Post Compact
[41.828s][info][gc,phases      ] GC(244) Post Compact 7.653ms
[41.828s][info][gc,heap        ] GC(244) PSYoungGen: 158321K(313856K)->158321K(313856K) Eden: 62463K(62464K)->62463K(62464K) From: 95857K(251392K)->95857K(251392K)
[41.828s][info][gc,heap        ] GC(244) ParOldGen: 4983395K(4983808K)->4983395K(4983808K)
[41.828s][info][gc,metaspace   ] GC(244) Metaspace: 6302K(6464K)->6302K(6464K) NonClass: 5769K(5824K)->5769K(5824K) Class: 533K(640K)->533K(640K)
[41.828s][info][gc             ] GC(244) Pause Full (Ergonomics) 5021M->5021M(5173M) 1514.894ms
[41.829s][info][gc,cpu         ] GC(244) User=11.67s Sys=0.00s Real=1.51s
[41.829s][info][gc,start       ] GC(245) Pause Full (Ergonomics)
[41.829s][info][gc,phases,start] GC(245) Marking Phase
[42.983s][info][gc,phases      ] GC(245) Marking Phase 1154.330ms
[42.983s][info][gc,phases,start] GC(245) Summary Phase
[42.983s][info][gc,phases      ] GC(245) Summary Phase 0.056ms
[42.983s][info][gc,phases,start] GC(245) Adjust Roots
[42.983s][info][gc,phases      ] GC(245) Adjust Roots 0.174ms
[42.983s][info][gc,phases,start] GC(245) Compaction Phase
[43.329s][info][gc,phases      ] GC(245) Compaction Phase 345.668ms
[43.329s][info][gc,phases,start] GC(245) Post Compact
[43.336s][info][gc,phases      ] GC(245) Post Compact 6.750ms
[43.336s][info][gc,heap        ] GC(245) PSYoungGen: 158321K(313856K)->158321K(313856K) Eden: 62463K(62464K)->62463K(62464K) From: 95857K(251392K)->95857K(251392K)
[43.336s][info][gc,heap        ] GC(245) ParOldGen: 4983400K(4983808K)->4983400K(4983808K)
[43.336s][info][gc,metaspace   ] GC(245) Metaspace: 6302K(6464K)->6302K(6464K) NonClass: 5769K(5824K)->5769K(5824K) Class: 533K(640K)->533K(640K)
[43.336s][info][gc             ] GC(245) Pause Full (Ergonomics) 5021M->5021M(5173M) 1507.335ms
[43.336s][info][gc,cpu         ] GC(245) User=11.58s Sys=0.00s Real=1.51s
[43.336s][info][gc,start       ] GC(246) Pause Full (Ergonomics)
[43.336s][info][gc,phases,start] GC(246) Marking Phase
[44.528s][info][gc,phases      ] GC(246) Marking Phase 1191.806ms
[44.528s][info][gc,phases,start] GC(246) Summary Phase
[44.528s][info][gc,phases      ] GC(246) Summary Phase 0.059ms
[44.528s][info][gc,phases,start] GC(246) Adjust Roots
[44.528s][info][gc,phases      ] GC(246) Adjust Roots 0.227ms
[44.529s][info][gc,phases,start] GC(246) Compaction Phase
[44.883s][info][gc,phases      ] GC(246) Compaction Phase 354.700ms
[44.883s][info][gc,phases,start] GC(246) Post Compact
[44.891s][info][gc,phases      ] GC(246) Post Compact 7.480ms
[44.891s][info][gc,heap        ] GC(246) PSYoungGen: 158321K(313856K)->158321K(313856K) Eden: 62463K(62464K)->62463K(62464K) From: 95857K(251392K)->95857K(251392K)
[44.891s][info][gc,heap        ] GC(246) ParOldGen: 4983405K(4983808K)->4983405K(4983808K)
[44.891s][info][gc,metaspace   ] GC(246) Metaspace: 6302K(6464K)->6302K(6464K) NonClass: 5769K(5824K)->5769K(5824K) Class: 533K(640K)->533K(640K)
[44.891s][info][gc             ] GC(246) Pause Full (Ergonomics) 5021M->5021M(5173M) 1554.598ms
[44.891s][info][gc,cpu         ] GC(246) User=12.02s Sys=0.00s Real=1.55s
[44.891s][info][gc,start       ] GC(247) Pause Full (Ergonomics)
[44.891s][info][gc,phases,start] GC(247) Marking Phase
[46.089s][info][gc,phases      ] GC(247) Marking Phase 1197.555ms
[46.089s][info][gc,phases,start] GC(247) Summary Phase
[46.089s][info][gc,phases      ] GC(247) Summary Phase 0.059ms
[46.089s][info][gc,phases,start] GC(247) Adjust Roots
[46.089s][info][gc,phases      ] GC(247) Adjust Roots 0.198ms
[46.089s][info][gc,phases,start] GC(247) Compaction Phase
[46.429s][info][gc,phases      ] GC(247) Compaction Phase 339.570ms
[46.429s][info][gc,phases,start] GC(247) Post Compact
[46.437s][info][gc,phases      ] GC(247) Post Compact 8.018ms
[46.437s][info][gc,heap        ] GC(247) PSYoungGen: 158321K(313856K)->158321K(313856K) Eden: 62463K(62464K)->62463K(62464K) From: 95857K(251392K)->95857K(251392K)
[46.437s][info][gc,heap        ] GC(247) ParOldGen: 4983409K(4983808K)->4983409K(4983808K)
[46.437s][info][gc,metaspace   ] GC(247) Metaspace: 6302K(6464K)->6302K(6464K) NonClass: 5769K(5824K)->5769K(5824K) Class: 533K(640K)->533K(640K)
[46.437s][info][gc             ] GC(247) Pause Full (Ergonomics) 5021M->5021M(5173M) 1545.762ms
[46.437s][info][gc,cpu         ] GC(247) User=11.92s Sys=0.00s Real=1.55s
[46.437s][info][gc,start       ] GC(248) Pause Full (Ergonomics)
[46.437s][info][gc,phases,start] GC(248) Marking Phase
[47.644s][info][gc,phases      ] GC(248) Marking Phase 1206.448ms
[47.644s][info][gc,phases,start] GC(248) Summary Phase
[47.644s][info][gc,phases      ] GC(248) Summary Phase 0.059ms
[47.644s][info][gc,phases,start] GC(248) Adjust Roots
[47.644s][info][gc,phases      ] GC(248) Adjust Roots 0.226ms
[47.644s][info][gc,phases,start] GC(248) Compaction Phase
[48.002s][info][gc,phases      ] GC(248) Compaction Phase 358.409ms
[48.002s][info][gc,phases,start] GC(248) Post Compact
[48.011s][info][gc,phases      ] GC(248) Post Compact 8.025ms
[48.011s][info][gc,heap        ] GC(248) PSYoungGen: 158321K(313856K)->158321K(313856K) Eden: 62463K(62464K)->62463K(62464K) From: 95857K(251392K)->95857K(251392K)
[48.011s][info][gc,heap        ] GC(248) ParOldGen: 4983414K(4983808K)->4983414K(4983808K)
[48.011s][info][gc,metaspace   ] GC(248) Metaspace: 6302K(6464K)->6302K(6464K) NonClass: 5769K(5824K)->5769K(5824K) Class: 533K(640K)->533K(640K)
[48.011s][info][gc             ] GC(248) Pause Full (Ergonomics) 5021M->5021M(5173M) 1573.511ms
[48.011s][info][gc,cpu         ] GC(248) User=12.23s Sys=0.00s Real=1.57s
[48.011s][info][gc,start       ] GC(249) Pause Full (Ergonomics)
[48.011s][info][gc,phases,start] GC(249) Marking Phase
[49.206s][info][gc,phases      ] GC(249) Marking Phase 1195.352ms
[49.206s][info][gc,phases,start] GC(249) Summary Phase
[49.206s][info][gc,phases      ] GC(249) Summary Phase 0.056ms
[49.206s][info][gc,phases,start] GC(249) Adjust Roots
[49.206s][info][gc,phases      ] GC(249) Adjust Roots 0.163ms
[49.207s][info][gc,phases,start] GC(249) Compaction Phase
[49.571s][info][gc,phases      ] GC(249) Compaction Phase 364.796ms
[49.571s][info][gc,phases,start] GC(249) Post Compact
[49.583s][info][gc,phases      ] GC(249) Post Compact 11.528ms
[49.583s][info][gc,heap        ] GC(249) PSYoungGen: 158321K(313856K)->158321K(313856K) Eden: 62463K(62464K)->62463K(62464K) From: 95857K(251392K)->95857K(251392K)
[49.583s][info][gc,heap        ] GC(249) ParOldGen: 4983419K(4983808K)->4983419K(4983808K)
[49.583s][info][gc,metaspace   ] GC(249) Metaspace: 6302K(6464K)->6302K(6464K) NonClass: 5769K(5824K)->5769K(5824K) Class: 533K(640K)->533K(640K)
[49.583s][info][gc             ] GC(249) Pause Full (Ergonomics) 5021M->5021M(5173M) 1572.295ms
[49.583s][info][gc,cpu         ] GC(249) User=12.00s Sys=0.00s Real=1.57s
[49.583s][info][gc,start       ] GC(250) Pause Full (Ergonomics)
[49.583s][info][gc,phases,start] GC(250) Marking Phase
[50.781s][info][gc,phases      ] GC(250) Marking Phase 1197.182ms
[50.781s][info][gc,phases,start] GC(250) Summary Phase
[50.781s][info][gc,phases      ] GC(250) Summary Phase 0.079ms
[50.781s][info][gc,phases,start] GC(250) Adjust Roots
[50.781s][info][gc,phases      ] GC(250) Adjust Roots 0.175ms
[50.781s][info][gc,phases,start] GC(250) Compaction Phase
[51.153s][info][gc,phases      ] GC(250) Compaction Phase 372.009ms
[51.153s][info][gc,phases,start] GC(250) Post Compact
[51.161s][info][gc,phases      ] GC(250) Post Compact 7.520ms
[51.161s][info][gc,heap        ] GC(250) PSYoungGen: 158321K(313856K)->158321K(313856K) Eden: 62463K(62464K)->62463K(62464K) From: 95857K(251392K)->95857K(251392K)
[51.161s][info][gc,heap        ] GC(250) ParOldGen: 4983424K(4983808K)->4983424K(4983808K)
[51.161s][info][gc,metaspace   ] GC(250) Metaspace: 6302K(6464K)->6302K(6464K) NonClass: 5769K(5824K)->5769K(5824K) Class: 533K(640K)->533K(640K)
[51.161s][info][gc             ] GC(250) Pause Full (Ergonomics) 5021M->5021M(5173M) 1577.315ms
[51.161s][info][gc,cpu         ] GC(250) User=11.98s Sys=0.02s Real=1.58s
[51.161s][info][gc,start       ] GC(251) Pause Full (Ergonomics)
[51.161s][info][gc,phases,start] GC(251) Marking Phase
[52.355s][info][gc,phases      ] GC(251) Marking Phase 1194.003ms
[52.355s][info][gc,phases,start] GC(251) Summary Phase
[52.355s][info][gc,phases      ] GC(251) Summary Phase 0.058ms
[52.355s][info][gc,phases,start] GC(251) Adjust Roots
[52.355s][info][gc,phases      ] GC(251) Adjust Roots 0.249ms
[52.355s][info][gc,phases,start] GC(251) Compaction Phase
[52.741s][info][gc,phases      ] GC(251) Compaction Phase 385.282ms
[52.741s][info][gc,phases,start] GC(251) Post Compact
[52.748s][info][gc,phases      ] GC(251) Post Compact 7.637ms
[52.748s][info][gc,heap        ] GC(251) PSYoungGen: 158321K(313856K)->158321K(313856K) Eden: 62463K(62464K)->62463K(62464K) From: 95857K(251392K)->95857K(251392K)
[52.748s][info][gc,heap        ] GC(251) ParOldGen: 4983429K(4983808K)->4983429K(4983808K)
[52.748s][info][gc,metaspace   ] GC(251) Metaspace: 6302K(6464K)->6302K(6464K) NonClass: 5769K(5824K)->5769K(5824K) Class: 533K(640K)->533K(640K)
[52.748s][info][gc             ] GC(251) Pause Full (Ergonomics) 5021M->5021M(5173M) 1587.583ms
[52.748s][info][gc,cpu         ] GC(251) User=12.11s Sys=0.00s Real=1.59s
[52.749s][info][gc,start       ] GC(252) Pause Full (Ergonomics)
[52.749s][info][gc,phases,start] GC(252) Marking Phase
[53.955s][info][gc,phases      ] GC(252) Marking Phase 1205.829ms
[53.955s][info][gc,phases,start] GC(252) Summary Phase
[53.955s][info][gc,phases      ] GC(252) Summary Phase 0.055ms
[53.955s][info][gc,phases,start] GC(252) Adjust Roots
[53.955s][info][gc,phases      ] GC(252) Adjust Roots 0.163ms
[53.955s][info][gc,phases,start] GC(252) Compaction Phase
[54.299s][info][gc,phases      ] GC(252) Compaction Phase 343.840ms
[54.299s][info][gc,phases,start] GC(252) Post Compact
[54.307s][info][gc,phases      ] GC(252) Post Compact 8.160ms
[54.307s][info][gc,heap        ] GC(252) PSYoungGen: 158321K(313856K)->158321K(313856K) Eden: 62463K(62464K)->62463K(62464K) From: 95857K(251392K)->95857K(251392K)
[54.307s][info][gc,heap        ] GC(252) ParOldGen: 4983434K(4983808K)->4983434K(4983808K)
[54.307s][info][gc,metaspace   ] GC(252) Metaspace: 6302K(6464K)->6302K(6464K) NonClass: 5769K(5824K)->5769K(5824K) Class: 533K(640K)->533K(640K)
[54.307s][info][gc             ] GC(252) Pause Full (Ergonomics) 5021M->5021M(5173M) 1558.421ms
[54.307s][info][gc,cpu         ] GC(252) User=12.14s Sys=0.02s Real=1.56s
[54.307s][info][gc,start       ] GC(253) Pause Full (Ergonomics)
[54.307s][info][gc,phases,start] GC(253) Marking Phase
[55.525s][info][gc,phases      ] GC(253) Marking Phase 1217.790ms
[55.525s][info][gc,phases,start] GC(253) Summary Phase
[55.525s][info][gc,phases      ] GC(253) Summary Phase 0.057ms
[55.525s][info][gc,phases,start] GC(253) Adjust Roots
[55.526s][info][gc,phases      ] GC(253) Adjust Roots 0.179ms
[55.526s][info][gc,phases,start] GC(253) Compaction Phase
[55.922s][info][gc,phases      ] GC(253) Compaction Phase 396.871ms
[55.922s][info][gc,phases,start] GC(253) Post Compact
[55.930s][info][gc,phases      ] GC(253) Post Compact 7.469ms
[55.930s][info][gc,heap        ] GC(253) PSYoungGen: 158321K(313856K)->158321K(313856K) Eden: 62463K(62464K)->62463K(62464K) From: 95857K(251392K)->95857K(251392K)
[55.930s][info][gc,heap        ] GC(253) ParOldGen: 4983438K(4983808K)->4983438K(4983808K)
[55.930s][info][gc,metaspace   ] GC(253) Metaspace: 6302K(6464K)->6302K(6464K) NonClass: 5769K(5824K)->5769K(5824K) Class: 533K(640K)->533K(640K)
[55.930s][info][gc             ] GC(253) Pause Full (Ergonomics) 5021M->5021M(5173M) 1622.696ms
[55.930s][info][gc,cpu         ] GC(253) User=12.23s Sys=0.00s Real=1.62s
[55.930s][info][gc,start       ] GC(254) Pause Full (Ergonomics)
[55.930s][info][gc,phases,start] GC(254) Marking Phase
[57.142s][info][gc,phases      ] GC(254) Marking Phase 1212.145ms
[57.143s][info][gc,phases,start] GC(254) Summary Phase
[57.143s][info][gc,phases      ] GC(254) Summary Phase 0.056ms
[57.143s][info][gc,phases,start] GC(254) Adjust Roots
[57.143s][info][gc,phases      ] GC(254) Adjust Roots 0.165ms
[57.143s][info][gc,phases,start] GC(254) Compaction Phase
[57.498s][info][gc,phases      ] GC(254) Compaction Phase 354.756ms
[57.498s][info][gc,phases,start] GC(254) Post Compact
[57.505s][info][gc,phases      ] GC(254) Post Compact 7.776ms
[57.505s][info][gc,heap        ] GC(254) PSYoungGen: 158321K(313856K)->158321K(313856K) Eden: 62463K(62464K)->62463K(62464K) From: 95857K(251392K)->95857K(251392K)
[57.505s][info][gc,heap        ] GC(254) ParOldGen: 4983443K(4983808K)->4983443K(4983808K)
[57.505s][info][gc,metaspace   ] GC(254) Metaspace: 6302K(6464K)->6302K(6464K) NonClass: 5769K(5824K)->5769K(5824K) Class: 533K(640K)->533K(640K)
[57.506s][info][gc             ] GC(254) Pause Full (Ergonomics) 5021M->5021M(5173M) 1575.352ms
[57.506s][info][gc,cpu         ] GC(254) User=12.22s Sys=0.00s Real=1.58s
[57.506s][info][gc,start       ] GC(255) Pause Full (Ergonomics)
[57.506s][info][gc,phases,start] GC(255) Marking Phase
[58.743s][info][gc,phases      ] GC(255) Marking Phase 1237.079ms
[58.743s][info][gc,phases,start] GC(255) Summary Phase
[58.743s][info][gc,phases      ] GC(255) Summary Phase 0.083ms
[58.743s][info][gc,phases,start] GC(255) Adjust Roots
[58.743s][info][gc,phases      ] GC(255) Adjust Roots 0.198ms
[58.743s][info][gc,phases,start] GC(255) Compaction Phase
[59.095s][info][gc,phases      ] GC(255) Compaction Phase 351.490ms
[59.095s][info][gc,phases,start] GC(255) Post Compact
[59.103s][info][gc,phases      ] GC(255) Post Compact 8.244ms
[59.103s][info][gc,heap        ] GC(255) PSYoungGen: 158321K(313856K)->158321K(313856K) Eden: 62463K(62464K)->62463K(62464K) From: 95857K(251392K)->95857K(251392K)
[59.103s][info][gc,heap        ] GC(255) ParOldGen: 4983448K(4983808K)->4983448K(4983808K)
[59.103s][info][gc,metaspace   ] GC(255) Metaspace: 6302K(6464K)->6302K(6464K) NonClass: 5769K(5824K)->5769K(5824K) Class: 533K(640K)->533K(640K)
[59.103s][info][gc             ] GC(255) Pause Full (Ergonomics) 5021M->5021M(5173M) 1597.464ms
[59.103s][info][gc,cpu         ] GC(255) User=12.62s Sys=0.00s Real=1.60s
[59.104s][info][gc,start       ] GC(256) Pause Full (Ergonomics)
[59.104s][info][gc,phases,start] GC(256) Marking Phase
[60.339s][info][gc,phases      ] GC(256) Marking Phase 1235.552ms
[60.339s][info][gc,phases,start] GC(256) Summary Phase
[60.339s][info][gc,phases      ] GC(256) Summary Phase 0.069ms
[60.339s][info][gc,phases,start] GC(256) Adjust Roots
[60.340s][info][gc,phases      ] GC(256) Adjust Roots 0.228ms
[60.340s][info][gc,phases,start] GC(256) Compaction Phase
[60.715s][info][gc,phases      ] GC(256) Compaction Phase 375.290ms
[60.715s][info][gc,phases,start] GC(256) Post Compact
[60.722s][info][gc,phases      ] GC(256) Post Compact 7.122ms
[60.722s][info][gc,heap        ] GC(256) PSYoungGen: 158321K(313856K)->158321K(313856K) Eden: 62463K(62464K)->62463K(62464K) From: 95857K(251392K)->95857K(251392K)
[60.722s][info][gc,heap        ] GC(256) ParOldGen: 4983453K(4983808K)->4983453K(4983808K)
[60.722s][info][gc,metaspace   ] GC(256) Metaspace: 6302K(6464K)->6302K(6464K) NonClass: 5769K(5824K)->5769K(5824K) Class: 533K(640K)->533K(640K)
[60.722s][info][gc             ] GC(256) Pause Full (Ergonomics) 5021M->5021M(5173M) 1618.595ms
[60.722s][info][gc,cpu         ] GC(256) User=12.52s Sys=0.00s Real=1.62s
[60.722s][info][gc,start       ] GC(257) Pause Full (Ergonomics)
[60.722s][info][gc,phases,start] GC(257) Marking Phase
[61.963s][info][gc,phases      ] GC(257) Marking Phase 1240.970ms
[61.963s][info][gc,phases,start] GC(257) Summary Phase
[61.964s][info][gc,phases      ] GC(257) Summary Phase 0.057ms
[61.964s][info][gc,phases,start] GC(257) Adjust Roots
[61.964s][info][gc,phases      ] GC(257) Adjust Roots 0.164ms
[61.964s][info][gc,phases,start] GC(257) Compaction Phase
[62.328s][info][gc,phases      ] GC(257) Compaction Phase 363.938ms
[62.328s][info][gc,phases,start] GC(257) Post Compact
[62.335s][info][gc,phases      ] GC(257) Post Compact 7.169ms
[62.335s][info][gc,heap        ] GC(257) PSYoungGen: 158321K(313856K)->158321K(313856K) Eden: 62463K(62464K)->62463K(62464K) From: 95857K(251392K)->95857K(251392K)
[62.335s][info][gc,heap        ] GC(257) ParOldGen: 4983458K(4983808K)->4983458K(4983808K)
[62.335s][info][gc,metaspace   ] GC(257) Metaspace: 6302K(6464K)->6302K(6464K) NonClass: 5769K(5824K)->5769K(5824K) Class: 533K(640K)->533K(640K)
[62.335s][info][gc             ] GC(257) Pause Full (Ergonomics) 5021M->5021M(5173M) 1612.667ms
[62.335s][info][gc,cpu         ] GC(257) User=12.58s Sys=0.00s Real=1.61s
[62.335s][info][gc,start       ] GC(258) Pause Full (Ergonomics)
[62.335s][info][gc,phases,start] GC(258) Marking Phase
[63.586s][info][gc,phases      ] GC(258) Marking Phase 1250.382ms
[63.586s][info][gc,phases,start] GC(258) Summary Phase
[63.586s][info][gc,phases      ] GC(258) Summary Phase 0.058ms
[63.586s][info][gc,phases,start] GC(258) Adjust Roots
[63.586s][info][gc,phases      ] GC(258) Adjust Roots 0.197ms
[63.586s][info][gc,phases,start] GC(258) Compaction Phase
[63.979s][info][gc,phases      ] GC(258) Compaction Phase 392.453ms
[63.979s][info][gc,phases,start] GC(258) Post Compact
[63.987s][info][gc,phases      ] GC(258) Post Compact 7.801ms
[63.987s][info][gc,heap        ] GC(258) PSYoungGen: 158321K(313856K)->158321K(313856K) Eden: 62463K(62464K)->62463K(62464K) From: 95857K(251392K)->95857K(251392K)
[63.987s][info][gc,heap        ] GC(258) ParOldGen: 4983463K(4983808K)->4983463K(4983808K)
[63.987s][info][gc,metaspace   ] GC(258) Metaspace: 6302K(6464K)->6302K(6464K) NonClass: 5769K(5824K)->5769K(5824K) Class: 533K(640K)->533K(640K)
[63.987s][info][gc             ] GC(258) Pause Full (Ergonomics) 5021M->5021M(5173M) 1651.341ms
[63.987s][info][gc,cpu         ] GC(258) User=12.62s Sys=0.00s Real=1.65s
[63.987s][info][gc,start       ] GC(259) Pause Full (Ergonomics)
[63.987s][info][gc,phases,start] GC(259) Marking Phase
[65.219s][info][gc,phases      ] GC(259) Marking Phase 1232.304ms
[65.219s][info][gc,phases,start] GC(259) Summary Phase
[65.219s][info][gc,phases      ] GC(259) Summary Phase 0.056ms
[65.219s][info][gc,phases,start] GC(259) Adjust Roots
[65.220s][info][gc,phases      ] GC(259) Adjust Roots 0.187ms
[65.220s][info][gc,phases,start] GC(259) Compaction Phase
[65.594s][info][gc,phases      ] GC(259) Compaction Phase 374.531ms
[65.594s][info][gc,phases,start] GC(259) Post Compact
[65.601s][info][gc,phases      ] GC(259) Post Compact 7.057ms
[65.601s][info][gc,heap        ] GC(259) PSYoungGen: 158321K(313856K)->158321K(313856K) Eden: 62463K(62464K)->62463K(62464K) From: 95857K(251392K)->95857K(251392K)
[65.601s][info][gc,heap        ] GC(259) ParOldGen: 4983467K(4983808K)->4983467K(4983808K)
[65.601s][info][gc,metaspace   ] GC(259) Metaspace: 6302K(6464K)->6302K(6464K) NonClass: 5769K(5824K)->5769K(5824K) Class: 533K(640K)->533K(640K)
[65.601s][info][gc             ] GC(259) Pause Full (Ergonomics) 5021M->5021M(5173M) 1614.488ms
[65.601s][info][gc,cpu         ] GC(259) User=12.44s Sys=0.00s Real=1.61s
[65.602s][info][gc,start       ] GC(260) Pause Full (Ergonomics)
[65.602s][info][gc,phases,start] GC(260) Marking Phase
[66.859s][info][gc,phases      ] GC(260) Marking Phase 1257.439ms
[66.859s][info][gc,phases,start] GC(260) Summary Phase
[66.859s][info][gc,phases      ] GC(260) Summary Phase 0.059ms
[66.859s][info][gc,phases,start] GC(260) Adjust Roots
[66.859s][info][gc,phases      ] GC(260) Adjust Roots 0.169ms
[66.859s][info][gc,phases,start] GC(260) Compaction Phase
[67.227s][info][gc,phases      ] GC(260) Compaction Phase 367.939ms
[67.227s][info][gc,phases,start] GC(260) Post Compact
[67.235s][info][gc,phases      ] GC(260) Post Compact 7.894ms
[67.235s][info][gc,heap        ] GC(260) PSYoungGen: 158321K(313856K)->158321K(313856K) Eden: 62463K(62464K)->62463K(62464K) From: 95857K(251392K)->95857K(251392K)
[67.235s][info][gc,heap        ] GC(260) ParOldGen: 4983472K(4983808K)->4983472K(4983808K)
[67.235s][info][gc,metaspace   ] GC(260) Metaspace: 6302K(6464K)->6302K(6464K) NonClass: 5769K(5824K)->5769K(5824K) Class: 533K(640K)->533K(640K)
[67.235s][info][gc             ] GC(260) Pause Full (Ergonomics) 5021M->5021M(5173M) 1633.840ms
[67.235s][info][gc,cpu         ] GC(260) User=12.66s Sys=0.00s Real=1.63s
[67.236s][info][gc,start       ] GC(261) Pause Full (Ergonomics)
[67.236s][info][gc,phases,start] GC(261) Marking Phase
[68.489s][info][gc,phases      ] GC(261) Marking Phase 1253.246ms
[68.489s][info][gc,phases,start] GC(261) Summary Phase
[68.489s][info][gc,phases      ] GC(261) Summary Phase 0.058ms
[68.489s][info][gc,phases,start] GC(261) Adjust Roots
[68.489s][info][gc,phases      ] GC(261) Adjust Roots 0.179ms
[68.489s][info][gc,phases,start] GC(261) Compaction Phase
[68.856s][info][gc,phases      ] GC(261) Compaction Phase 366.367ms
[68.856s][info][gc,phases,start] GC(261) Post Compact
[68.864s][info][gc,phases      ] GC(261) Post Compact 7.915ms
[68.864s][info][gc,heap        ] GC(261) PSYoungGen: 158321K(313856K)->158321K(313856K) Eden: 62463K(62464K)->62463K(62464K) From: 95857K(251392K)->95857K(251392K)
[68.864s][info][gc,heap        ] GC(261) ParOldGen: 4983477K(4983808K)->4983477K(4983808K)
[68.864s][info][gc,metaspace   ] GC(261) Metaspace: 6302K(6464K)->6302K(6464K) NonClass: 5769K(5824K)->5769K(5824K) Class: 533K(640K)->533K(640K)
[68.864s][info][gc             ] GC(261) Pause Full (Ergonomics) 5021M->5021M(5173M) 1628.199ms
[68.864s][info][gc,cpu         ] GC(261) User=12.77s Sys=0.00s Real=1.63s
[68.864s][info][gc,start       ] GC(262) Pause Full (Ergonomics)
[68.864s][info][gc,phases,start] GC(262) Marking Phase
[70.117s][info][gc,phases      ] GC(262) Marking Phase 1252.856ms
[70.117s][info][gc,phases,start] GC(262) Summary Phase
[70.117s][info][gc,phases      ] GC(262) Summary Phase 0.056ms
[70.117s][info][gc,phases,start] GC(262) Adjust Roots
[70.117s][info][gc,phases      ] GC(262) Adjust Roots 0.170ms
[70.117s][info][gc,phases,start] GC(262) Compaction Phase
[70.522s][info][gc,phases      ] GC(262) Compaction Phase 404.684ms
[70.522s][info][gc,phases,start] GC(262) Post Compact
[70.530s][info][gc,phases      ] GC(262) Post Compact 7.792ms
[70.530s][info][gc,heap        ] GC(262) PSYoungGen: 158321K(313856K)->158321K(313856K) Eden: 62463K(62464K)->62463K(62464K) From: 95857K(251392K)->95857K(251392K)
[70.530s][info][gc,heap        ] GC(262) ParOldGen: 4983482K(4983808K)->4983482K(4983808K)
[70.530s][info][gc,metaspace   ] GC(262) Metaspace: 6302K(6464K)->6302K(6464K) NonClass: 5769K(5824K)->5769K(5824K) Class: 533K(640K)->533K(640K)
[70.530s][info][gc             ] GC(262) Pause Full (Ergonomics) 5021M->5021M(5173M) 1665.941ms
[70.530s][info][gc,cpu         ] GC(262) User=12.64s Sys=0.00s Real=1.66s
[70.530s][info][gc,start       ] GC(263) Pause Full (Ergonomics)
[70.530s][info][gc,phases,start] GC(263) Marking Phase
[71.803s][info][gc,phases      ] GC(263) Marking Phase 1272.138ms
[71.803s][info][gc,phases,start] GC(263) Summary Phase
[71.803s][info][gc,phases      ] GC(263) Summary Phase 0.059ms
[71.803s][info][gc,phases,start] GC(263) Adjust Roots
[71.803s][info][gc,phases      ] GC(263) Adjust Roots 0.195ms
[71.803s][info][gc,phases,start] GC(263) Compaction Phase
[72.162s][info][gc,phases      ] GC(263) Compaction Phase 359.131ms
[72.162s][info][gc,phases,start] GC(263) Post Compact
[72.171s][info][gc,phases      ] GC(263) Post Compact 9.016ms
[72.171s][info][gc,heap        ] GC(263) PSYoungGen: 158321K(313856K)->158321K(313856K) Eden: 62463K(62464K)->62463K(62464K) From: 95857K(251392K)->95857K(251392K)
[72.171s][info][gc,heap        ] GC(263) ParOldGen: 4983487K(4983808K)->4983487K(4983808K)
[72.171s][info][gc,metaspace   ] GC(263) Metaspace: 6302K(6464K)->6302K(6464K) NonClass: 5769K(5824K)->5769K(5824K) Class: 533K(640K)->533K(640K)
[72.171s][info][gc             ] GC(263) Pause Full (Ergonomics) 5021M->5021M(5173M) 1640.940ms
[72.171s][info][gc,cpu         ] GC(263) User=12.55s Sys=0.03s Real=1.64s
[72.172s][info][gc,start       ] GC(264) Pause Full (Ergonomics)
[72.172s][info][gc,phases,start] GC(264) Marking Phase
[73.449s][info][gc,phases      ] GC(264) Marking Phase 1276.947ms
[73.449s][info][gc,phases,start] GC(264) Summary Phase
[73.449s][info][gc,phases      ] GC(264) Summary Phase 0.105ms
[73.449s][info][gc,phases,start] GC(264) Adjust Roots
[73.449s][info][gc,phases      ] GC(264) Adjust Roots 0.281ms
[73.449s][info][gc,phases,start] GC(264) Compaction Phase
[73.825s][info][gc,phases      ] GC(264) Compaction Phase 375.923ms
[73.825s][info][gc,phases,start] GC(264) Post Compact
[73.833s][info][gc,phases      ] GC(264) Post Compact 7.538ms
[73.833s][info][gc,heap        ] GC(264) PSYoungGen: 158321K(313856K)->158321K(313856K) Eden: 62463K(62464K)->62463K(62464K) From: 95857K(251392K)->95857K(251392K)
[73.833s][info][gc,heap        ] GC(264) ParOldGen: 4983492K(4983808K)->4983492K(4983808K)
[73.833s][info][gc,metaspace   ] GC(264) Metaspace: 6302K(6464K)->6302K(6464K) NonClass: 5769K(5824K)->5769K(5824K) Class: 533K(640K)->533K(640K)
[73.833s][info][gc             ] GC(264) Pause Full (Ergonomics) 5021M->5021M(5173M) 1661.276ms
[73.833s][info][gc,cpu         ] GC(264) User=12.78s Sys=0.00s Real=1.66s
[73.833s][info][gc,start       ] GC(265) Pause Full (Ergonomics)
[73.833s][info][gc,phases,start] GC(265) Marking Phase
[75.100s][info][gc,phases      ] GC(265) Marking Phase 1267.079ms
[75.100s][info][gc,phases,start] GC(265) Summary Phase
[75.100s][info][gc,phases      ] GC(265) Summary Phase 0.060ms
[75.100s][info][gc,phases,start] GC(265) Adjust Roots
[75.101s][info][gc,phases      ] GC(265) Adjust Roots 0.170ms
[75.101s][info][gc,phases,start] GC(265) Compaction Phase
[75.480s][info][gc,phases      ] GC(265) Compaction Phase 378.967ms
[75.480s][info][gc,phases,start] GC(265) Post Compact
[75.487s][info][gc,phases      ] GC(265) Post Compact 7.854ms
[75.488s][info][gc,heap        ] GC(265) PSYoungGen: 158321K(313856K)->158321K(313856K) Eden: 62463K(62464K)->62463K(62464K) From: 95857K(251392K)->95857K(251392K)
[75.488s][info][gc,heap        ] GC(265) ParOldGen: 4983496K(4983808K)->4983496K(4983808K)
[75.488s][info][gc,metaspace   ] GC(265) Metaspace: 6302K(6464K)->6302K(6464K) NonClass: 5769K(5824K)->5769K(5824K) Class: 533K(640K)->533K(640K)
[75.488s][info][gc             ] GC(265) Pause Full (Ergonomics) 5021M->5021M(5173M) 1654.522ms
[75.488s][info][gc,cpu         ] GC(265) User=12.78s Sys=0.00s Real=1.65s
[75.488s][info][gc,start       ] GC(266) Pause Full (Ergonomics)
[75.488s][info][gc,phases,start] GC(266) Marking Phase
[76.755s][info][gc,phases      ] GC(266) Marking Phase 1267.373ms
[76.755s][info][gc,phases,start] GC(266) Summary Phase
[76.755s][info][gc,phases      ] GC(266) Summary Phase 0.057ms
[76.755s][info][gc,phases,start] GC(266) Adjust Roots
[76.755s][info][gc,phases      ] GC(266) Adjust Roots 0.169ms
[76.756s][info][gc,phases,start] GC(266) Compaction Phase
[77.127s][info][gc,phases      ] GC(266) Compaction Phase 371.868ms
[77.127s][info][gc,phases,start] GC(266) Post Compact
[77.136s][info][gc,phases      ] GC(266) Post Compact 8.175ms
[77.136s][info][gc,heap        ] GC(266) PSYoungGen: 158321K(313856K)->158321K(313856K) Eden: 62463K(62464K)->62463K(62464K) From: 95857K(251392K)->95857K(251392K)
[77.136s][info][gc,heap        ] GC(266) ParOldGen: 4983501K(4983808K)->4983501K(4983808K)
[77.136s][info][gc,metaspace   ] GC(266) Metaspace: 6302K(6464K)->6302K(6464K) NonClass: 5769K(5824K)->5769K(5824K) Class: 533K(640K)->533K(640K)
[77.136s][info][gc             ] GC(266) Pause Full (Ergonomics) 5021M->5021M(5173M) 1648.001ms
[77.136s][info][gc,cpu         ] GC(266) User=12.91s Sys=0.00s Real=1.65s
[77.136s][info][gc,start       ] GC(267) Pause Full (Ergonomics)
[77.136s][info][gc,phases,start] GC(267) Marking Phase
[78.383s][info][gc,phases      ] GC(267) Marking Phase 1247.299ms
[78.383s][info][gc,phases,start] GC(267) Summary Phase
[78.384s][info][gc,phases      ] GC(267) Summary Phase 0.065ms
[78.384s][info][gc,phases,start] GC(267) Adjust Roots
[78.384s][info][gc,phases      ] GC(267) Adjust Roots 0.175ms
[78.384s][info][gc,phases,start] GC(267) Compaction Phase
[78.777s][info][gc,phases      ] GC(267) Compaction Phase 392.801ms
[78.777s][info][gc,phases,start] GC(267) Post Compact
[78.785s][info][gc,phases      ] GC(267) Post Compact 7.981ms
[78.785s][info][gc,heap        ] GC(267) PSYoungGen: 158321K(313856K)->158321K(313856K) Eden: 62463K(62464K)->62463K(62464K) From: 95857K(251392K)->95857K(251392K)
[78.785s][info][gc,heap        ] GC(267) ParOldGen: 4983506K(4983808K)->4983506K(4983808K)
[78.785s][info][gc,metaspace   ] GC(267) Metaspace: 6302K(6464K)->6302K(6464K) NonClass: 5769K(5824K)->5769K(5824K) Class: 533K(640K)->533K(640K)
[78.785s][info][gc             ] GC(267) Pause Full (Ergonomics) 5021M->5021M(5173M) 1648.669ms
[78.785s][info][gc,cpu         ] GC(267) User=12.66s Sys=0.02s Real=1.65s
[78.785s][info][gc,start       ] GC(268) Pause Full (Ergonomics)
[78.785s][info][gc,phases,start] GC(268) Marking Phase
[80.035s][info][gc,phases      ] GC(268) Marking Phase 1249.742ms
[80.035s][info][gc,phases,start] GC(268) Summary Phase
[80.035s][info][gc,phases      ] GC(268) Summary Phase 0.062ms
[80.035s][info][gc,phases,start] GC(268) Adjust Roots
[80.035s][info][gc,phases      ] GC(268) Adjust Roots 0.176ms
[80.035s][info][gc,phases,start] GC(268) Compaction Phase
[80.420s][info][gc,phases      ] GC(268) Compaction Phase 384.410ms
[80.420s][info][gc,phases,start] GC(268) Post Compact
[80.428s][info][gc,phases      ] GC(268) Post Compact 7.929ms
[80.428s][info][gc,heap        ] GC(268) PSYoungGen: 158321K(313856K)->158321K(313856K) Eden: 62463K(62464K)->62463K(62464K) From: 95857K(251392K)->95857K(251392K)
[80.428s][info][gc,heap        ] GC(268) ParOldGen: 4983511K(4983808K)->4983511K(4983808K)
[80.428s][info][gc,metaspace   ] GC(268) Metaspace: 6302K(6464K)->6302K(6464K) NonClass: 5769K(5824K)->5769K(5824K) Class: 533K(640K)->533K(640K)
[80.428s][info][gc             ] GC(268) Pause Full (Ergonomics) 5021M->5021M(5173M) 1642.684ms
[80.428s][info][gc,cpu         ] GC(268) User=12.62s Sys=0.00s Real=1.64s
[80.428s][info][gc,start       ] GC(269) Pause Full (Ergonomics)
[80.428s][info][gc,phases,start] GC(269) Marking Phase
[81.747s][info][gc,phases      ] GC(269) Marking Phase 1319.340ms
[81.747s][info][gc,phases,start] GC(269) Summary Phase
[81.747s][info][gc,phases      ] GC(269) Summary Phase 0.059ms
[81.747s][info][gc,phases,start] GC(269) Adjust Roots
[81.748s][info][gc,phases      ] GC(269) Adjust Roots 0.180ms
[81.748s][info][gc,phases,start] GC(269) Compaction Phase
[82.140s][info][gc,phases      ] GC(269) Compaction Phase 391.905ms
[82.140s][info][gc,phases,start] GC(269) Post Compact
[82.148s][info][gc,phases      ] GC(269) Post Compact 8.237ms
[82.148s][info][gc,heap        ] GC(269) PSYoungGen: 158321K(313856K)->158321K(313856K) Eden: 62463K(62464K)->62463K(62464K) From: 95857K(251392K)->95857K(251392K)
[82.148s][info][gc,heap        ] GC(269) ParOldGen: 4983516K(4983808K)->4983516K(4983808K)
[82.148s][info][gc,metaspace   ] GC(269) Metaspace: 6302K(6464K)->6302K(6464K) NonClass: 5769K(5824K)->5769K(5824K) Class: 533K(640K)->533K(640K)
[82.148s][info][gc             ] GC(269) Pause Full (Ergonomics) 5021M->5021M(5173M) 1720.114ms
[82.148s][info][gc,cpu         ] GC(269) User=12.78s Sys=0.02s Real=1.72s
[82.148s][info][gc,start       ] GC(270) Pause Full (Ergonomics)
[82.148s][info][gc,phases,start] GC(270) Marking Phase
[83.436s][info][gc,phases      ] GC(270) Marking Phase 1287.661ms
[83.436s][info][gc,phases,start] GC(270) Summary Phase
[83.436s][info][gc,phases      ] GC(270) Summary Phase 0.100ms
[83.436s][info][gc,phases,start] GC(270) Adjust Roots
[83.436s][info][gc,phases      ] GC(270) Adjust Roots 0.215ms
[83.436s][info][gc,phases,start] GC(270) Compaction Phase
[83.815s][info][gc,phases      ] GC(270) Compaction Phase 378.099ms
[83.815s][info][gc,phases,start] GC(270) Post Compact
[83.828s][info][gc,phases      ] GC(270) Post Compact 13.353ms
[83.828s][info][gc,heap        ] GC(270) PSYoungGen: 158321K(313856K)->158321K(313856K) Eden: 62463K(62464K)->62463K(62464K) From: 95857K(251392K)->95857K(251392K)
[83.828s][info][gc,heap        ] GC(270) ParOldGen: 4983521K(4983808K)->4983521K(4983808K)
[83.828s][info][gc,metaspace   ] GC(270) Metaspace: 6302K(6464K)->6302K(6464K) NonClass: 5769K(5824K)->5769K(5824K) Class: 533K(640K)->533K(640K)
[83.828s][info][gc             ] GC(270) Pause Full (Ergonomics) 5021M->5021M(5173M) 1679.891ms
[83.828s][info][gc,cpu         ] GC(270) User=12.70s Sys=0.00s Real=1.68s
[83.829s][info][gc,start       ] GC(271) Pause Full (Ergonomics)
[83.829s][info][gc,phases,start] GC(271) Marking Phase
[85.154s][info][gc,phases      ] GC(271) Marking Phase 1324.963ms
[85.154s][info][gc,phases,start] GC(271) Summary Phase
[85.154s][info][gc,phases      ] GC(271) Summary Phase 0.063ms
[85.154s][info][gc,phases,start] GC(271) Adjust Roots
[85.154s][info][gc,phases      ] GC(271) Adjust Roots 0.167ms
[85.154s][info][gc,phases,start] GC(271) Compaction Phase
[85.556s][info][gc,phases      ] GC(271) Compaction Phase 401.722ms
[85.556s][info][gc,phases,start] GC(271) Post Compact
[85.563s][info][gc,phases      ] GC(271) Post Compact 7.570ms
[85.563s][info][gc,heap        ] GC(271) PSYoungGen: 158321K(313856K)->158321K(313856K) Eden: 62463K(62464K)->62463K(62464K) From: 95857K(251392K)->95857K(251392K)
[85.563s][info][gc,heap        ] GC(271) ParOldGen: 4983525K(4983808K)->4983525K(4983808K)
[85.563s][info][gc,metaspace   ] GC(271) Metaspace: 6302K(6464K)->6302K(6464K) NonClass: 5769K(5824K)->5769K(5824K) Class: 533K(640K)->533K(640K)
[85.563s][info][gc             ] GC(271) Pause Full (Ergonomics) 5021M->5021M(5173M) 1734.868ms
[85.563s][info][gc,cpu         ] GC(271) User=12.95s Sys=0.02s Real=1.74s
[85.564s][info][gc,start       ] GC(272) Pause Full (Ergonomics)
[85.564s][info][gc,phases,start] GC(272) Marking Phase
[86.837s][info][gc,phases      ] GC(272) Marking Phase 1273.219ms
[86.837s][info][gc,phases,start] GC(272) Summary Phase
[86.837s][info][gc,phases      ] GC(272) Summary Phase 0.061ms
[86.837s][info][gc,phases,start] GC(272) Adjust Roots
[86.837s][info][gc,phases      ] GC(272) Adjust Roots 0.233ms
[86.837s][info][gc,phases,start] GC(272) Compaction Phase
[87.238s][info][gc,phases      ] GC(272) Compaction Phase 400.791ms
[87.238s][info][gc,phases,start] GC(272) Post Compact
[87.246s][info][gc,phases      ] GC(272) Post Compact 7.381ms
[87.246s][info][gc,heap        ] GC(272) PSYoungGen: 158321K(313856K)->158321K(313856K) Eden: 62463K(62464K)->62463K(62464K) From: 95857K(251392K)->95857K(251392K)
[87.246s][info][gc,heap        ] GC(272) ParOldGen: 4983530K(4983808K)->4983530K(4983808K)
[87.246s][info][gc,metaspace   ] GC(272) Metaspace: 6302K(6464K)->6302K(6464K) NonClass: 5769K(5824K)->5769K(5824K) Class: 533K(640K)->533K(640K)
[87.246s][info][gc             ] GC(272) Pause Full (Ergonomics) 5021M->5021M(5173M) 1682.046ms
[87.246s][info][gc,cpu         ] GC(272) User=12.77s Sys=0.02s Real=1.68s
[87.246s][info][gc,start       ] GC(273) Pause Full (Ergonomics)
[87.246s][info][gc,phases,start] GC(273) Marking Phase
[88.518s][info][gc,phases      ] GC(273) Marking Phase 1272.184ms
[88.518s][info][gc,phases,start] GC(273) Summary Phase
[88.518s][info][gc,phases      ] GC(273) Summary Phase 0.085ms
[88.518s][info][gc,phases,start] GC(273) Adjust Roots
[88.519s][info][gc,phases      ] GC(273) Adjust Roots 0.200ms
[88.519s][info][gc,phases,start] GC(273) Compaction Phase
[88.931s][info][gc,phases      ] GC(273) Compaction Phase 412.751ms
[88.931s][info][gc,phases,start] GC(273) Post Compact
[88.940s][info][gc,phases      ] GC(273) Post Compact 8.130ms
[88.940s][info][gc,heap        ] GC(273) PSYoungGen: 158321K(313856K)->158321K(313856K) Eden: 62463K(62464K)->62463K(62464K) From: 95857K(251392K)->95857K(251392K)
[88.940s][info][gc,heap        ] GC(273) ParOldGen: 4983535K(4983808K)->4983535K(4983808K)
[88.940s][info][gc,metaspace   ] GC(273) Metaspace: 6302K(6464K)->6302K(6464K) NonClass: 5769K(5824K)->5769K(5824K) Class: 533K(640K)->533K(640K)
[88.940s][info][gc             ] GC(273) Pause Full (Ergonomics) 5021M->5021M(5173M) 1693.700ms
[88.940s][info][gc,cpu         ] GC(273) User=12.75s Sys=0.02s Real=1.69s
[88.940s][info][gc,start       ] GC(274) Pause Full (Ergonomics)
[88.940s][info][gc,phases,start] GC(274) Marking Phase
[90.240s][info][gc,phases      ] GC(274) Marking Phase 1300.059ms
[90.240s][info][gc,phases,start] GC(274) Summary Phase
[90.240s][info][gc,phases      ] GC(274) Summary Phase 0.059ms
[90.240s][info][gc,phases,start] GC(274) Adjust Roots
[90.240s][info][gc,phases      ] GC(274) Adjust Roots 0.248ms
[90.240s][info][gc,phases,start] GC(274) Compaction Phase
[90.626s][info][gc,phases      ] GC(274) Compaction Phase 385.906ms
[90.626s][info][gc,phases,start] GC(274) Post Compact
[90.634s][info][gc,phases      ] GC(274) Post Compact 7.586ms
[90.634s][info][gc,heap        ] GC(274) PSYoungGen: 158321K(313856K)->158321K(313856K) Eden: 62463K(62464K)->62463K(62464K) From: 95857K(251392K)->95857K(251392K)
[90.634s][info][gc,heap        ] GC(274) ParOldGen: 4983540K(4983808K)->4983540K(4983808K)
[90.634s][info][gc,metaspace   ] GC(274) Metaspace: 6302K(6464K)->6302K(6464K) NonClass: 5769K(5824K)->5769K(5824K) Class: 533K(640K)->533K(640K)
[90.634s][info][gc             ] GC(274) Pause Full (Ergonomics) 5021M->5021M(5173M) 1694.202ms
[90.634s][info][gc,cpu         ] GC(274) User=13.16s Sys=0.00s Real=1.69s
[90.634s][info][gc,start       ] GC(275) Pause Full (Ergonomics)
[90.634s][info][gc,phases,start] GC(275) Marking Phase
[91.970s][info][gc,phases      ] GC(275) Marking Phase 1335.891ms
[91.970s][info][gc,phases,start] GC(275) Summary Phase
[91.970s][info][gc,phases      ] GC(275) Summary Phase 0.074ms
[91.970s][info][gc,phases,start] GC(275) Adjust Roots
[91.971s][info][gc,phases      ] GC(275) Adjust Roots 0.243ms
[91.971s][info][gc,phases,start] GC(275) Compaction Phase
[92.358s][info][gc,phases      ] GC(275) Compaction Phase 387.569ms
[92.358s][info][gc,phases,start] GC(275) Post Compact
[92.366s][info][gc,phases      ] GC(275) Post Compact 7.483ms
[92.366s][info][gc,heap        ] GC(275) PSYoungGen: 158321K(313856K)->158321K(313856K) Eden: 62463K(62464K)->62463K(62464K) From: 95857K(251392K)->95857K(251392K)
[92.366s][info][gc,heap        ] GC(275) ParOldGen: 4983545K(4983808K)->4983545K(4983808K)
[92.366s][info][gc,metaspace   ] GC(275) Metaspace: 6302K(6464K)->6302K(6464K) NonClass: 5769K(5824K)->5769K(5824K) Class: 533K(640K)->533K(640K)
[92.366s][info][gc             ] GC(275) Pause Full (Ergonomics) 5021M->5021M(5173M) 1731.649ms
[92.366s][info][gc,cpu         ] GC(275) User=13.56s Sys=0.00s Real=1.73s
[92.366s][info][gc,start       ] GC(276) Pause Full (Ergonomics)
[92.366s][info][gc,phases,start] GC(276) Marking Phase
[93.640s][info][gc,phases      ] GC(276) Marking Phase 1274.208ms
[93.640s][info][gc,phases,start] GC(276) Summary Phase
[93.641s][info][gc,phases      ] GC(276) Summary Phase 0.065ms
[93.641s][info][gc,phases,start] GC(276) Adjust Roots
[93.641s][info][gc,phases      ] GC(276) Adjust Roots 0.173ms
[93.641s][info][gc,phases,start] GC(276) Compaction Phase
[94.022s][info][gc,phases      ] GC(276) Compaction Phase 381.248ms
[94.022s][info][gc,phases,start] GC(276) Post Compact
[94.030s][info][gc,phases      ] GC(276) Post Compact 8.141ms
[94.030s][info][gc,heap        ] GC(276) PSYoungGen: 158321K(313856K)->158321K(313856K) Eden: 62463K(62464K)->62463K(62464K) From: 95857K(251392K)->95857K(251392K)
[94.030s][info][gc,heap        ] GC(276) ParOldGen: 4983550K(4983808K)->4983550K(4983808K)
[94.030s][info][gc,metaspace   ] GC(276) Metaspace: 6302K(6464K)->6302K(6464K) NonClass: 5769K(5824K)->5769K(5824K) Class: 533K(640K)->533K(640K)
[94.030s][info][gc             ] GC(276) Pause Full (Ergonomics) 5021M->5021M(5173M) 1664.201ms
[94.030s][info][gc,cpu         ] GC(276) User=12.77s Sys=0.00s Real=1.66s
[94.031s][info][gc,start       ] GC(277) Pause Full (Ergonomics)
[94.031s][info][gc,phases,start] GC(277) Marking Phase
[95.343s][info][gc,phases      ] GC(277) Marking Phase 1312.837ms
[95.344s][info][gc,phases,start] GC(277) Summary Phase
[95.344s][info][gc,phases      ] GC(277) Summary Phase 0.061ms
[95.344s][info][gc,phases,start] GC(277) Adjust Roots
[95.344s][info][gc,phases      ] GC(277) Adjust Roots 0.284ms
[95.344s][info][gc,phases,start] GC(277) Compaction Phase
[95.744s][info][gc,phases      ] GC(277) Compaction Phase 399.737ms
[95.744s][info][gc,phases,start] GC(277) Post Compact
[95.753s][info][gc,phases      ] GC(277) Post Compact 9.049ms
[95.753s][info][gc,heap        ] GC(277) PSYoungGen: 158321K(313856K)->158321K(313856K) Eden: 62463K(62464K)->62463K(62464K) From: 95857K(251392K)->95857K(251392K)
[95.753s][info][gc,heap        ] GC(277) ParOldGen: 4983554K(4983808K)->4983554K(4983808K)
[95.753s][info][gc,metaspace   ] GC(277) Metaspace: 6302K(6464K)->6302K(6464K) NonClass: 5769K(5824K)->5769K(5824K) Class: 533K(640K)->533K(640K)
[95.753s][info][gc             ] GC(277) Pause Full (Ergonomics) 5021M->5021M(5173M) 1722.385ms
[95.753s][info][gc,cpu         ] GC(277) User=13.03s Sys=0.00s Real=1.72s
[95.753s][info][gc,start       ] GC(278) Pause Full (Ergonomics)
[95.753s][info][gc,phases,start] GC(278) Marking Phase
[97.071s][info][gc,phases      ] GC(278) Marking Phase 1317.324ms
[97.071s][info][gc,phases,start] GC(278) Summary Phase
[97.071s][info][gc,phases      ] GC(278) Summary Phase 0.058ms
[97.071s][info][gc,phases,start] GC(278) Adjust Roots
[97.071s][info][gc,phases      ] GC(278) Adjust Roots 0.197ms
[97.071s][info][gc,phases,start] GC(278) Compaction Phase
[97.466s][info][gc,phases      ] GC(278) Compaction Phase 395.425ms
[97.466s][info][gc,phases,start] GC(278) Post Compact
[97.474s][info][gc,phases      ] GC(278) Post Compact 7.436ms
[97.474s][info][gc,heap        ] GC(278) PSYoungGen: 158321K(313856K)->158321K(313856K) Eden: 62463K(62464K)->62463K(62464K) From: 95857K(251392K)->95857K(251392K)
[97.474s][info][gc,heap        ] GC(278) ParOldGen: 4983559K(4983808K)->4983559K(4983808K)
[97.474s][info][gc,metaspace   ] GC(278) Metaspace: 6302K(6464K)->6302K(6464K) NonClass: 5769K(5824K)->5769K(5824K) Class: 533K(640K)->533K(640K)
[97.474s][info][gc             ] GC(278) Pause Full (Ergonomics) 5021M->5021M(5173M) 1720.798ms
[97.474s][info][gc,cpu         ] GC(278) User=13.30s Sys=0.00s Real=1.72s
[97.474s][info][gc,start       ] GC(279) Pause Full (Ergonomics)
[97.474s][info][gc,phases,start] GC(279) Marking Phase
[98.771s][info][gc,phases      ] GC(279) Marking Phase 1296.529ms
[98.771s][info][gc,phases,start] GC(279) Summary Phase
[98.771s][info][gc,phases      ] GC(279) Summary Phase 0.077ms
[98.771s][info][gc,phases,start] GC(279) Adjust Roots
[98.771s][info][gc,phases      ] GC(279) Adjust Roots 0.192ms
[98.771s][info][gc,phases,start] GC(279) Compaction Phase
[99.168s][info][gc,phases      ] GC(279) Compaction Phase 397.066ms
[99.168s][info][gc,phases,start] GC(279) Post Compact
[99.183s][info][gc,phases      ] GC(279) Post Compact 14.685ms
[99.183s][info][gc,heap        ] GC(279) PSYoungGen: 158321K(313856K)->158321K(313856K) Eden: 62463K(62464K)->62463K(62464K) From: 95857K(251392K)->95857K(251392K)
[99.183s][info][gc,heap        ] GC(279) ParOldGen: 4983564K(4983808K)->4983564K(4983808K)
[99.183s][info][gc,metaspace   ] GC(279) Metaspace: 6302K(6464K)->6302K(6464K) NonClass: 5769K(5824K)->5769K(5824K) Class: 533K(640K)->533K(640K)
[99.183s][info][gc             ] GC(279) Pause Full (Ergonomics) 5021M->5021M(5173M) 1709.047ms
[99.183s][info][gc,cpu         ] GC(279) User=13.16s Sys=0.00s Real=1.71s
[99.184s][info][gc,start       ] GC(280) Pause Full (Ergonomics)
[99.184s][info][gc,phases,start] GC(280) Marking Phase
[100.486s][info][gc,phases      ] GC(280) Marking Phase 1302.440ms
[100.486s][info][gc,phases,start] GC(280) Summary Phase
[100.486s][info][gc,phases      ] GC(280) Summary Phase 0.097ms
[100.486s][info][gc,phases,start] GC(280) Adjust Roots
[100.487s][info][gc,phases      ] GC(280) Adjust Roots 0.291ms
[100.487s][info][gc,phases,start] GC(280) Compaction Phase
[100.863s][info][gc,phases      ] GC(280) Compaction Phase 376.793ms
[100.863s][info][gc,phases,start] GC(280) Post Compact
[100.870s][info][gc,phases      ] GC(280) Post Compact 6.937ms
[100.870s][info][gc,heap        ] GC(280) PSYoungGen: 158321K(313856K)->158321K(313856K) Eden: 62463K(62464K)->62463K(62464K) From: 95857K(251392K)->95857K(251392K)
[100.870s][info][gc,heap        ] GC(280) ParOldGen: 4983569K(4983808K)->4983569K(4983808K)
[100.870s][info][gc,metaspace   ] GC(280) Metaspace: 6302K(6464K)->6302K(6464K) NonClass: 5769K(5824K)->5769K(5824K) Class: 533K(640K)->533K(640K)
[100.871s][info][gc             ] GC(280) Pause Full (Ergonomics) 5021M->5021M(5173M) 1686.926ms
[100.871s][info][gc,cpu         ] GC(280) User=13.14s Sys=0.00s Real=1.69s
[100.871s][info][gc,start       ] GC(281) Pause Full (Ergonomics)
[100.871s][info][gc,phases,start] GC(281) Marking Phase
[102.172s][info][gc,phases      ] GC(281) Marking Phase 1301.067ms
[102.172s][info][gc,phases,start] GC(281) Summary Phase
[102.172s][info][gc,phases      ] GC(281) Summary Phase 0.055ms
[102.172s][info][gc,phases,start] GC(281) Adjust Roots
[102.172s][info][gc,phases      ] GC(281) Adjust Roots 0.165ms
[102.172s][info][gc,phases,start] GC(281) Compaction Phase
[102.561s][info][gc,phases      ] GC(281) Compaction Phase 388.639ms
[102.561s][info][gc,phases,start] GC(281) Post Compact
[102.569s][info][gc,phases      ] GC(281) Post Compact 8.064ms
[102.569s][info][gc,heap        ] GC(281) PSYoungGen: 158321K(313856K)->158321K(313856K) Eden: 62463K(62464K)->62463K(62464K) From: 95857K(251392K)->95857K(251392K)
[102.569s][info][gc,heap        ] GC(281) ParOldGen: 4983574K(4983808K)->4983574K(4983808K)
[102.569s][info][gc,metaspace   ] GC(281) Metaspace: 6302K(6464K)->6302K(6464K) NonClass: 5769K(5824K)->5769K(5824K) Class: 533K(640K)->533K(640K)
[102.569s][info][gc             ] GC(281) Pause Full (Ergonomics) 5021M->5021M(5173M) 1698.327ms
[102.569s][info][gc,cpu         ] GC(281) User=13.05s Sys=0.00s Real=1.70s
[102.569s][info][gc,start       ] GC(282) Pause Full (Ergonomics)
[102.569s][info][gc,phases,start] GC(282) Marking Phase
[103.887s][info][gc,phases      ] GC(282) Marking Phase 1318.086ms
[103.888s][info][gc,phases,start] GC(282) Summary Phase
[103.888s][info][gc,phases      ] GC(282) Summary Phase 0.056ms
[103.888s][info][gc,phases,start] GC(282) Adjust Roots
[103.888s][info][gc,phases      ] GC(282) Adjust Roots 0.171ms
[103.888s][info][gc,phases,start] GC(282) Compaction Phase
[104.263s][info][gc,phases      ] GC(282) Compaction Phase 375.221ms
[104.263s][info][gc,phases,start] GC(282) Post Compact
[104.271s][info][gc,phases      ] GC(282) Post Compact 8.242ms
[104.271s][info][gc,heap        ] GC(282) PSYoungGen: 158321K(313856K)->158321K(313856K) Eden: 62463K(62464K)->62463K(62464K) From: 95857K(251392K)->95857K(251392K)
[104.271s][info][gc,heap        ] GC(282) ParOldGen: 4983579K(4983808K)->4983579K(4983808K)
[104.271s][info][gc,metaspace   ] GC(282) Metaspace: 6302K(6464K)->6302K(6464K) NonClass: 5769K(5824K)->5769K(5824K) Class: 533K(640K)->533K(640K)
[104.271s][info][gc             ] GC(282) Pause Full (Ergonomics) 5021M->5021M(5173M) 1702.137ms
[104.271s][info][gc,cpu         ] GC(282) User=13.23s Sys=0.00s Real=1.70s
[104.272s][info][gc,start       ] GC(283) Pause Full (Ergonomics)
[104.272s][info][gc,phases,start] GC(283) Marking Phase
[105.562s][info][gc,phases      ] GC(283) Marking Phase 1290.435ms
[105.562s][info][gc,phases,start] GC(283) Summary Phase
[105.562s][info][gc,phases      ] GC(283) Summary Phase 0.096ms
[105.562s][info][gc,phases,start] GC(283) Adjust Roots
[105.563s][info][gc,phases      ] GC(283) Adjust Roots 0.279ms
[105.563s][info][gc,phases,start] GC(283) Compaction Phase
[105.941s][info][gc,phases      ] GC(283) Compaction Phase 378.087ms
[105.941s][info][gc,phases,start] GC(283) Post Compact
[105.949s][info][gc,phases      ] GC(283) Post Compact 8.117ms
[105.949s][info][gc,heap        ] GC(283) PSYoungGen: 158321K(313856K)->158321K(313856K) Eden: 62463K(62464K)->62463K(62464K) From: 95857K(251392K)->95857K(251392K)
[105.949s][info][gc,heap        ] GC(283) ParOldGen: 4983583K(4983808K)->4983583K(4983808K)
[105.949s][info][gc,metaspace   ] GC(283) Metaspace: 6302K(6464K)->6302K(6464K) NonClass: 5769K(5824K)->5769K(5824K) Class: 533K(640K)->533K(640K)
[105.949s][info][gc             ] GC(283) Pause Full (Ergonomics) 5021M->5021M(5173M) 1677.392ms
[105.949s][info][gc,cpu         ] GC(283) User=12.98s Sys=0.00s Real=1.68s
[105.949s][info][gc,start       ] GC(284) Pause Full (Ergonomics)
[105.949s][info][gc,phases,start] GC(284) Marking Phase
[107.277s][info][gc,phases      ] GC(284) Marking Phase 1327.376ms
[107.277s][info][gc,phases,start] GC(284) Summary Phase
[107.277s][info][gc,phases      ] GC(284) Summary Phase 0.058ms
[107.277s][info][gc,phases,start] GC(284) Adjust Roots
[107.277s][info][gc,phases      ] GC(284) Adjust Roots 0.183ms
[107.277s][info][gc,phases,start] GC(284) Compaction Phase
[107.659s][info][gc,phases      ] GC(284) Compaction Phase 381.939ms
[107.659s][info][gc,phases,start] GC(284) Post Compact
[107.667s][info][gc,phases      ] GC(284) Post Compact 7.584ms
[107.667s][info][gc,heap        ] GC(284) PSYoungGen: 158321K(313856K)->158321K(313856K) Eden: 62463K(62464K)->62463K(62464K) From: 95857K(251392K)->95857K(251392K)
[107.667s][info][gc,heap        ] GC(284) ParOldGen: 4983588K(4983808K)->4983588K(4983808K)
[107.667s][info][gc,metaspace   ] GC(284) Metaspace: 6302K(6464K)->6302K(6464K) NonClass: 5769K(5824K)->5769K(5824K) Class: 533K(640K)->533K(640K)
[107.667s][info][gc             ] GC(284) Pause Full (Ergonomics) 5021M->5021M(5173M) 1717.509ms
[107.667s][info][gc,cpu         ] GC(284) User=13.17s Sys=0.00s Real=1.72s
[107.667s][info][gc,start       ] GC(285) Pause Full (Ergonomics)
[107.667s][info][gc,phases,start] GC(285) Marking Phase
[108.963s][info][gc,phases      ] GC(285) Marking Phase 1295.936ms
[108.963s][info][gc,phases,start] GC(285) Summary Phase
[108.963s][info][gc,phases      ] GC(285) Summary Phase 0.059ms
[108.963s][info][gc,phases,start] GC(285) Adjust Roots
[108.963s][info][gc,phases      ] GC(285) Adjust Roots 0.174ms
[108.963s][info][gc,phases,start] GC(285) Compaction Phase
[109.378s][info][gc,phases      ] GC(285) Compaction Phase 414.895ms
[109.378s][info][gc,phases,start] GC(285) Post Compact
[109.386s][info][gc,phases      ] GC(285) Post Compact 7.448ms
[109.386s][info][gc,heap        ] GC(285) PSYoungGen: 158321K(313856K)->158321K(313856K) Eden: 62463K(62464K)->62463K(62464K) From: 95857K(251392K)->95857K(251392K)
[109.386s][info][gc,heap        ] GC(285) ParOldGen: 4983593K(4983808K)->4983593K(4983808K)
[109.386s][info][gc,metaspace   ] GC(285) Metaspace: 6302K(6464K)->6302K(6464K) NonClass: 5769K(5824K)->5769K(5824K) Class: 533K(640K)->533K(640K)
[109.386s][info][gc             ] GC(285) Pause Full (Ergonomics) 5021M->5021M(5173M) 1718.875ms
[109.386s][info][gc,cpu         ] GC(285) User=12.77s Sys=0.00s Real=1.72s
[109.386s][info][gc,start       ] GC(286) Pause Full (Ergonomics)
[109.386s][info][gc,phases,start] GC(286) Marking Phase
[110.742s][info][gc,phases      ] GC(286) Marking Phase 1356.157ms
[110.743s][info][gc,phases,start] GC(286) Summary Phase
[110.743s][info][gc,phases      ] GC(286) Summary Phase 0.061ms
[110.743s][info][gc,phases,start] GC(286) Adjust Roots
[110.743s][info][gc,phases      ] GC(286) Adjust Roots 0.175ms
[110.743s][info][gc,phases,start] GC(286) Compaction Phase
[111.174s][info][gc,phases      ] GC(286) Compaction Phase 430.814ms
[111.174s][info][gc,phases,start] GC(286) Post Compact
[111.183s][info][gc,phases      ] GC(286) Post Compact 9.051ms
[111.183s][info][gc,heap        ] GC(286) PSYoungGen: 158321K(313856K)->158321K(313856K) Eden: 62463K(62464K)->62463K(62464K) From: 95857K(251392K)->95857K(251392K)
[111.183s][info][gc,heap        ] GC(286) ParOldGen: 4983598K(4983808K)->4983598K(4983808K)
[111.183s][info][gc,metaspace   ] GC(286) Metaspace: 6302K(6464K)->6302K(6464K) NonClass: 5769K(5824K)->5769K(5824K) Class: 533K(640K)->533K(640K)
[111.183s][info][gc             ] GC(286) Pause Full (Ergonomics) 5021M->5021M(5173M) 1796.709ms
[111.183s][info][gc,cpu         ] GC(286) User=12.83s Sys=0.02s Real=1.80s
[111.183s][info][gc,start       ] GC(287) Pause Full (Ergonomics)
[111.183s][info][gc,phases,start] GC(287) Marking Phase
[112.558s][info][gc,phases      ] GC(287) Marking Phase 1374.708ms
[112.558s][info][gc,phases,start] GC(287) Summary Phase
[112.558s][info][gc,phases      ] GC(287) Summary Phase 0.094ms
[112.558s][info][gc,phases,start] GC(287) Adjust Roots
[112.559s][info][gc,phases      ] GC(287) Adjust Roots 0.420ms
[112.559s][info][gc,phases,start] GC(287) Compaction Phase
[112.984s][info][gc,phases      ] GC(287) Compaction Phase 425.679ms
[112.984s][info][gc,phases,start] GC(287) Post Compact
[112.993s][info][gc,phases      ] GC(287) Post Compact 8.112ms
[112.993s][info][gc,heap        ] GC(287) PSYoungGen: 158321K(313856K)->158321K(313856K) Eden: 62463K(62464K)->62463K(62464K) From: 95857K(251392K)->95857K(251392K)
[112.993s][info][gc,heap        ] GC(287) ParOldGen: 4983603K(4983808K)->4983603K(4983808K)
[112.993s][info][gc,metaspace   ] GC(287) Metaspace: 6302K(6464K)->6302K(6464K) NonClass: 5769K(5824K)->5769K(5824K) Class: 533K(640K)->533K(640K)
[112.993s][info][gc             ] GC(287) Pause Full (Ergonomics) 5021M->5021M(5173M) 1809.484ms
[112.993s][info][gc,cpu         ] GC(287) User=12.83s Sys=0.00s Real=1.81s
[112.993s][info][gc,start       ] GC(288) Pause Full (Ergonomics)
[112.993s][info][gc,phases,start] GC(288) Marking Phase
[114.380s][info][gc,phases      ] GC(288) Marking Phase 1387.166ms
[114.380s][info][gc,phases,start] GC(288) Summary Phase
[114.380s][info][gc,phases      ] GC(288) Summary Phase 0.091ms
[114.380s][info][gc,phases,start] GC(288) Adjust Roots
[114.381s][info][gc,phases      ] GC(288) Adjust Roots 0.290ms
[114.381s][info][gc,phases,start] GC(288) Compaction Phase
[114.826s][info][gc,phases      ] GC(288) Compaction Phase 445.793ms
[114.827s][info][gc,phases,start] GC(288) Post Compact
[114.835s][info][gc,phases      ] GC(288) Post Compact 8.638ms
[114.835s][info][gc,heap        ] GC(288) PSYoungGen: 158321K(313856K)->158321K(313856K) Eden: 62463K(62464K)->62463K(62464K) From: 95857K(251392K)->95857K(251392K)
[114.835s][info][gc,heap        ] GC(288) ParOldGen: 4983608K(4983808K)->4983608K(4983808K)
[114.835s][info][gc,metaspace   ] GC(288) Metaspace: 6302K(6464K)->6302K(6464K) NonClass: 5769K(5824K)->5769K(5824K) Class: 533K(640K)->533K(640K)
[114.835s][info][gc             ] GC(288) Pause Full (Ergonomics) 5021M->5021M(5173M) 1842.368ms
[114.835s][info][gc,cpu         ] GC(288) User=13.23s Sys=0.05s Real=1.84s
[114.836s][info][gc,start       ] GC(289) Pause Full (Ergonomics)
[114.836s][info][gc,phases,start] GC(289) Marking Phase
[116.141s][info][gc,phases      ] GC(289) Marking Phase 1305.030ms
[116.141s][info][gc,phases,start] GC(289) Summary Phase
[116.141s][info][gc,phases      ] GC(289) Summary Phase 0.059ms
[116.141s][info][gc,phases,start] GC(289) Adjust Roots
[116.141s][info][gc,phases      ] GC(289) Adjust Roots 0.206ms
[116.141s][info][gc,phases,start] GC(289) Compaction Phase
[116.524s][info][gc,phases      ] GC(289) Compaction Phase 382.641ms
[116.524s][info][gc,phases,start] GC(289) Post Compact
[116.532s][info][gc,phases      ] GC(289) Post Compact 8.458ms
[116.532s][info][gc,heap        ] GC(289) PSYoungGen: 158321K(313856K)->158321K(313856K) Eden: 62463K(62464K)->62463K(62464K) From: 95857K(251392K)->95857K(251392K)
[116.532s][info][gc,heap        ] GC(289) ParOldGen: 4983612K(4983808K)->4983612K(4983808K)
[116.532s][info][gc,metaspace   ] GC(289) Metaspace: 6302K(6464K)->6302K(6464K) NonClass: 5769K(5824K)->5769K(5824K) Class: 533K(640K)->533K(640K)
[116.532s][info][gc             ] GC(289) Pause Full (Ergonomics) 5021M->5021M(5173M) 1696.746ms
[116.532s][info][gc,cpu         ] GC(289) User=13.03s Sys=0.00s Real=1.70s
[116.533s][info][gc,start       ] GC(290) Pause Full (Ergonomics)
[116.533s][info][gc,phases,start] GC(290) Marking Phase
[117.833s][info][gc,phases      ] GC(290) Marking Phase 1300.012ms
[117.833s][info][gc,phases,start] GC(290) Summary Phase
[117.833s][info][gc,phases      ] GC(290) Summary Phase 0.059ms
[117.833s][info][gc,phases,start] GC(290) Adjust Roots
[117.833s][info][gc,phases      ] GC(290) Adjust Roots 0.175ms
[117.833s][info][gc,phases,start] GC(290) Compaction Phase
[118.217s][info][gc,phases      ] GC(290) Compaction Phase 383.829ms
[118.217s][info][gc,phases,start] GC(290) Post Compact
[118.227s][info][gc,phases      ] GC(290) Post Compact 10.095ms
[118.227s][info][gc,heap        ] GC(290) PSYoungGen: 158321K(313856K)->158321K(313856K) Eden: 62463K(62464K)->62463K(62464K) From: 95857K(251392K)->95857K(251392K)
[118.227s][info][gc,heap        ] GC(290) ParOldGen: 4983617K(4983808K)->4983617K(4983808K)
[118.227s][info][gc,metaspace   ] GC(290) Metaspace: 6302K(6464K)->6302K(6464K) NonClass: 5769K(5824K)->5769K(5824K) Class: 533K(640K)->533K(640K)
[118.227s][info][gc             ] GC(290) Pause Full (Ergonomics) 5021M->5021M(5173M) 1694.654ms
[118.227s][info][gc,cpu         ] GC(290) User=13.03s Sys=0.00s Real=1.69s
[118.227s][info][gc,start       ] GC(291) Pause Full (Ergonomics)
[118.228s][info][gc,phases,start] GC(291) Marking Phase
[119.539s][info][gc,phases      ] GC(291) Marking Phase 1311.283ms
[119.539s][info][gc,phases,start] GC(291) Summary Phase
[119.539s][info][gc,phases      ] GC(291) Summary Phase 0.085ms
[119.539s][info][gc,phases,start] GC(291) Adjust Roots
[119.539s][info][gc,phases      ] GC(291) Adjust Roots 0.277ms
[119.539s][info][gc,phases,start] GC(291) Compaction Phase
[119.984s][info][gc,phases      ] GC(291) Compaction Phase 444.897ms
[119.984s][info][gc,phases,start] GC(291) Post Compact
[119.992s][info][gc,phases      ] GC(291) Post Compact 7.631ms
[119.992s][info][gc,heap        ] GC(291) PSYoungGen: 158321K(313856K)->158321K(313856K) Eden: 62463K(62464K)->62463K(62464K) From: 95857K(251392K)->95857K(251392K)
[119.992s][info][gc,heap        ] GC(291) ParOldGen: 4983622K(4983808K)->4983622K(4983808K)
[119.992s][info][gc,metaspace   ] GC(291) Metaspace: 6302K(6464K)->6302K(6464K) NonClass: 5769K(5824K)->5769K(5824K) Class: 533K(640K)->533K(640K)
[119.992s][info][gc             ] GC(291) Pause Full (Ergonomics) 5021M->5021M(5173M) 1764.541ms
[119.992s][info][gc,cpu         ] GC(291) User=13.33s Sys=0.00s Real=1.76s
[119.992s][info][gc,start       ] GC(292) Pause Full (Ergonomics)
[119.992s][info][gc,phases,start] GC(292) Marking Phase
[121.333s][info][gc,phases      ] GC(292) Marking Phase 1340.453ms
[121.333s][info][gc,phases,start] GC(292) Summary Phase
[121.333s][info][gc,phases      ] GC(292) Summary Phase 0.062ms
[121.333s][info][gc,phases,start] GC(292) Adjust Roots
[121.333s][info][gc,phases      ] GC(292) Adjust Roots 0.216ms
[121.333s][info][gc,phases,start] GC(292) Compaction Phase
[121.735s][info][gc,phases      ] GC(292) Compaction Phase 402.182ms
[121.735s][info][gc,phases,start] GC(292) Post Compact
[121.743s][info][gc,phases      ] GC(292) Post Compact 7.848ms
[121.743s][info][gc,heap        ] GC(292) PSYoungGen: 158321K(313856K)->158321K(313856K) Eden: 62463K(62464K)->62463K(62464K) From: 95857K(251392K)->95857K(251392K)
[121.743s][info][gc,heap        ] GC(292) ParOldGen: 4983627K(4983808K)->4983627K(4983808K)
[121.743s][info][gc,metaspace   ] GC(292) Metaspace: 6302K(6464K)->6302K(6464K) NonClass: 5769K(5824K)->5769K(5824K) Class: 533K(640K)->533K(640K)
[121.743s][info][gc             ] GC(292) Pause Full (Ergonomics) 5021M->5021M(5173M) 1751.112ms
[121.743s][info][gc,cpu         ] GC(292) User=13.28s Sys=0.00s Real=1.75s
[121.744s][info][gc,start       ] GC(293) Pause Full (Ergonomics)
[121.744s][info][gc,phases,start] GC(293) Marking Phase
[123.037s][info][gc,phases      ] GC(293) Marking Phase 1293.348ms
[123.037s][info][gc,phases,start] GC(293) Summary Phase
[123.037s][info][gc,phases      ] GC(293) Summary Phase 0.055ms
[123.037s][info][gc,phases,start] GC(293) Adjust Roots
[123.037s][info][gc,phases      ] GC(293) Adjust Roots 0.167ms
[123.037s][info][gc,phases,start] GC(293) Compaction Phase
[123.427s][info][gc,phases      ] GC(293) Compaction Phase 389.452ms
[123.427s][info][gc,phases,start] GC(293) Post Compact
[123.434s][info][gc,phases      ] GC(293) Post Compact 7.154ms
[123.434s][info][gc,heap        ] GC(293) PSYoungGen: 158321K(313856K)->158321K(313856K) Eden: 62463K(62464K)->62463K(62464K) From: 95857K(251392K)->95857K(251392K)
[123.434s][info][gc,heap        ] GC(293) ParOldGen: 4983632K(4983808K)->4983632K(4983808K)
[123.434s][info][gc,metaspace   ] GC(293) Metaspace: 6302K(6464K)->6302K(6464K) NonClass: 5769K(5824K)->5769K(5824K) Class: 533K(640K)->533K(640K)
[123.434s][info][gc             ] GC(293) Pause Full (Ergonomics) 5021M->5021M(5173M) 1690.624ms
[123.434s][info][gc,cpu         ] GC(293) User=12.95s Sys=0.00s Real=1.69s
[123.435s][info][gc,start       ] GC(294) Pause Full (Ergonomics)
[123.435s][info][gc,phases,start] GC(294) Marking Phase
[124.733s][info][gc,phases      ] GC(294) Marking Phase 1298.064ms
[124.733s][info][gc,phases,start] GC(294) Summary Phase
[124.733s][info][gc,phases      ] GC(294) Summary Phase 0.080ms
[124.733s][info][gc,phases,start] GC(294) Adjust Roots
[124.733s][info][gc,phases      ] GC(294) Adjust Roots 0.367ms
[124.733s][info][gc,phases,start] GC(294) Compaction Phase
[125.114s][info][gc,phases      ] GC(294) Compaction Phase 380.427ms
[125.114s][info][gc,phases,start] GC(294) Post Compact
[125.121s][info][gc,phases      ] GC(294) Post Compact 7.069ms
[125.121s][info][gc,heap        ] GC(294) PSYoungGen: 158321K(313856K)->158321K(313856K) Eden: 62463K(62464K)->62463K(62464K) From: 95857K(251392K)->95857K(251392K)
[125.121s][info][gc,heap        ] GC(294) ParOldGen: 4983637K(4983808K)->4983637K(4983808K)
[125.121s][info][gc,metaspace   ] GC(294) Metaspace: 6302K(6464K)->6302K(6464K) NonClass: 5769K(5824K)->5769K(5824K) Class: 533K(640K)->533K(640K)
[125.121s][info][gc             ] GC(294) Pause Full (Ergonomics) 5021M->5021M(5173M) 1686.390ms
[125.121s][info][gc,cpu         ] GC(294) User=12.92s Sys=0.00s Real=1.69s
[125.121s][info][gc,start       ] GC(295) Pause Full (Ergonomics)
[125.121s][info][gc,phases,start] GC(295) Marking Phase
[126.412s][info][gc,phases      ] GC(295) Marking Phase 1290.868ms
[126.412s][info][gc,phases,start] GC(295) Summary Phase
[126.412s][info][gc,phases      ] GC(295) Summary Phase 0.056ms
[126.412s][info][gc,phases,start] GC(295) Adjust Roots
[126.412s][info][gc,phases      ] GC(295) Adjust Roots 0.175ms
[126.412s][info][gc,phases,start] GC(295) Compaction Phase
[126.790s][info][gc,phases      ] GC(295) Compaction Phase 377.567ms
[126.790s][info][gc,phases,start] GC(295) Post Compact
[126.798s][info][gc,phases      ] GC(295) Post Compact 7.831ms
[126.798s][info][gc,heap        ] GC(295) PSYoungGen: 158321K(313856K)->158321K(313856K) Eden: 62463K(62464K)->62463K(62464K) From: 95857K(251392K)->95857K(251392K)
[126.798s][info][gc,heap        ] GC(295) ParOldGen: 4983641K(4983808K)->4983641K(4983808K)
[126.798s][info][gc,metaspace   ] GC(295) Metaspace: 6302K(6464K)->6302K(6464K) NonClass: 5769K(5824K)->5769K(5824K) Class: 533K(640K)->533K(640K)
[126.798s][info][gc             ] GC(295) Pause Full (Ergonomics) 5021M->5021M(5173M) 1676.828ms
[126.798s][info][gc,cpu         ] GC(295) User=13.08s Sys=0.00s Real=1.68s
[126.798s][info][gc,start       ] GC(296) Pause Full (Ergonomics)
[126.798s][info][gc,phases,start] GC(296) Marking Phase
[128.098s][info][gc,phases      ] GC(296) Marking Phase 1299.381ms
[128.098s][info][gc,phases,start] GC(296) Summary Phase
[128.098s][info][gc,phases      ] GC(296) Summary Phase 0.067ms
[128.098s][info][gc,phases,start] GC(296) Adjust Roots
[128.098s][info][gc,phases      ] GC(296) Adjust Roots 0.173ms
[128.098s][info][gc,phases,start] GC(296) Compaction Phase
[128.470s][info][gc,phases      ] GC(296) Compaction Phase 372.098ms
[128.470s][info][gc,phases,start] GC(296) Post Compact
[128.478s][info][gc,phases      ] GC(296) Post Compact 8.138ms
[128.478s][info][gc,heap        ] GC(296) PSYoungGen: 158321K(313856K)->158321K(313856K) Eden: 62463K(62464K)->62463K(62464K) From: 95857K(251392K)->95857K(251392K)
[128.478s][info][gc,heap        ] GC(296) ParOldGen: 4983646K(4983808K)->4983646K(4983808K)
[128.478s][info][gc,metaspace   ] GC(296) Metaspace: 6302K(6464K)->6302K(6464K) NonClass: 5769K(5824K)->5769K(5824K) Class: 533K(640K)->533K(640K)
[128.479s][info][gc             ] GC(296) Pause Full (Ergonomics) 5021M->5021M(5173M) 1680.250ms
[128.479s][info][gc,cpu         ] GC(296) User=13.16s Sys=0.00s Real=1.68s
[128.479s][info][gc,start       ] GC(297) Pause Full (Ergonomics)
[128.479s][info][gc,phases,start] GC(297) Marking Phase
[129.771s][info][gc,phases      ] GC(297) Marking Phase 1292.135ms
[129.771s][info][gc,phases,start] GC(297) Summary Phase
[129.771s][info][gc,phases      ] GC(297) Summary Phase 0.062ms
[129.771s][info][gc,phases,start] GC(297) Adjust Roots
[129.771s][info][gc,phases      ] GC(297) Adjust Roots 0.170ms
[129.771s][info][gc,phases,start] GC(297) Compaction Phase
[130.165s][info][gc,phases      ] GC(297) Compaction Phase 393.510ms
[130.165s][info][gc,phases,start] GC(297) Post Compact
[130.173s][info][gc,phases      ] GC(297) Post Compact 8.363ms
[130.173s][info][gc,heap        ] GC(297) PSYoungGen: 158321K(313856K)->158321K(313856K) Eden: 62463K(62464K)->62463K(62464K) From: 95857K(251392K)->95857K(251392K)
[130.173s][info][gc,heap        ] GC(297) ParOldGen: 4983651K(4983808K)->4983651K(4983808K)
[130.173s][info][gc,metaspace   ] GC(297) Metaspace: 6302K(6464K)->6302K(6464K) NonClass: 5769K(5824K)->5769K(5824K) Class: 533K(640K)->533K(640K)
[130.173s][info][gc             ] GC(297) Pause Full (Ergonomics) 5021M->5021M(5173M) 1694.616ms
[130.173s][info][gc,cpu         ] GC(297) User=13.22s Sys=0.00s Real=1.69s
[130.174s][info][gc,start       ] GC(298) Pause Full (Ergonomics)
[130.174s][info][gc,phases,start] GC(298) Marking Phase
[131.456s][info][gc,phases      ] GC(298) Marking Phase 1282.284ms
[131.456s][info][gc,phases,start] GC(298) Summary Phase
[131.456s][info][gc,phases      ] GC(298) Summary Phase 0.056ms
[131.456s][info][gc,phases,start] GC(298) Adjust Roots
[131.456s][info][gc,phases      ] GC(298) Adjust Roots 0.165ms
[131.456s][info][gc,phases,start] GC(298) Compaction Phase
[131.826s][info][gc,phases      ] GC(298) Compaction Phase 369.373ms
[131.826s][info][gc,phases,start] GC(298) Post Compact
[131.835s][info][gc,phases      ] GC(298) Post Compact 8.792ms
[131.835s][info][gc,heap        ] GC(298) PSYoungGen: 158321K(313856K)->158321K(313856K) Eden: 62463K(62464K)->62463K(62464K) From: 95857K(251392K)->95857K(251392K)
[131.835s][info][gc,heap        ] GC(298) ParOldGen: 4983656K(4983808K)->4983656K(4983808K)
[131.835s][info][gc,metaspace   ] GC(298) Metaspace: 6302K(6464K)->6302K(6464K) NonClass: 5769K(5824K)->5769K(5824K) Class: 533K(640K)->533K(640K)
[131.835s][info][gc             ] GC(298) Pause Full (Ergonomics) 5021M->5021M(5173M) 1661.041ms
[131.835s][info][gc,cpu         ] GC(298) User=13.02s Sys=0.00s Real=1.66s
[131.835s][info][gc,start       ] GC(299) Pause Full (Ergonomics)
[131.835s][info][gc,phases,start] GC(299) Marking Phase
[133.140s][info][gc,phases      ] GC(299) Marking Phase 1305.040ms
[133.140s][info][gc,phases,start] GC(299) Summary Phase
[133.140s][info][gc,phases      ] GC(299) Summary Phase 0.057ms
[133.140s][info][gc,phases,start] GC(299) Adjust Roots
[133.140s][info][gc,phases      ] GC(299) Adjust Roots 0.164ms
[133.140s][info][gc,phases,start] GC(299) Compaction Phase
[133.544s][info][gc,phases      ] GC(299) Compaction Phase 403.317ms
[133.544s][info][gc,phases,start] GC(299) Post Compact
[133.552s][info][gc,phases      ] GC(299) Post Compact 7.760ms
[133.552s][info][gc,heap        ] GC(299) PSYoungGen: 158321K(313856K)->158321K(313856K) Eden: 62463K(62464K)->62463K(62464K) From: 95857K(251392K)->95857K(251392K)
[133.552s][info][gc,heap        ] GC(299) ParOldGen: 4983661K(4983808K)->4983661K(4983808K)
[133.552s][info][gc,metaspace   ] GC(299) Metaspace: 6302K(6464K)->6302K(6464K) NonClass: 5769K(5824K)->5769K(5824K) Class: 533K(640K)->533K(640K)
[133.552s][info][gc             ] GC(299) Pause Full (Ergonomics) 5021M->5021M(5173M) 1716.688ms
[133.552s][info][gc,cpu         ] GC(299) User=13.11s Sys=0.00s Real=1.72s
[133.552s][info][gc,start       ] GC(300) Pause Full (Ergonomics)
[133.552s][info][gc,phases,start] GC(300) Marking Phase
[134.826s][info][gc,phases      ] GC(300) Marking Phase 1274.301ms
[134.826s][info][gc,phases,start] GC(300) Summary Phase
[134.826s][info][gc,phases      ] GC(300) Summary Phase 0.090ms
[134.826s][info][gc,phases,start] GC(300) Adjust Roots
[134.827s][info][gc,phases      ] GC(300) Adjust Roots 0.204ms
[134.827s][info][gc,phases,start] GC(300) Compaction Phase
[135.220s][info][gc,phases      ] GC(300) Compaction Phase 393.454ms
[135.220s][info][gc,phases,start] GC(300) Post Compact
[135.228s][info][gc,phases      ] GC(300) Post Compact 7.656ms
[135.228s][info][gc,heap        ] GC(300) PSYoungGen: 158321K(313856K)->158321K(313856K) Eden: 62463K(62464K)->62463K(62464K) From: 95857K(251392K)->95857K(251392K)
[135.228s][info][gc,heap        ] GC(300) ParOldGen: 4983666K(4983808K)->4983666K(4983808K)
[135.228s][info][gc,metaspace   ] GC(300) Metaspace: 6302K(6464K)->6302K(6464K) NonClass: 5769K(5824K)->5769K(5824K) Class: 533K(640K)->533K(640K)
[135.228s][info][gc             ] GC(300) Pause Full (Ergonomics) 5021M->5021M(5173M) 1676.141ms
[135.228s][info][gc,cpu         ] GC(300) User=12.77s Sys=0.00s Real=1.68s
[135.228s][info][gc,start       ] GC(301) Pause Full (Ergonomics)
[135.228s][info][gc,phases,start] GC(301) Marking Phase
[136.485s][info][gc,phases      ] GC(301) Marking Phase 1256.464ms
[136.485s][info][gc,phases,start] GC(301) Summary Phase
[136.485s][info][gc,phases      ] GC(301) Summary Phase 0.056ms
[136.485s][info][gc,phases,start] GC(301) Adjust Roots
[136.485s][info][gc,phases      ] GC(301) Adjust Roots 0.178ms
[136.485s][info][gc,phases,start] GC(301) Compaction Phase
[136.855s][info][gc,phases      ] GC(301) Compaction Phase 369.601ms
[136.855s][info][gc,phases,start] GC(301) Post Compact
[136.863s][info][gc,phases      ] GC(301) Post Compact 8.633ms
[136.863s][info][gc,heap        ] GC(301) PSYoungGen: 158321K(313856K)->158321K(313856K) Eden: 62463K(62464K)->62463K(62464K) From: 95857K(251392K)->95857K(251392K)
[136.863s][info][gc,heap        ] GC(301) ParOldGen: 4983670K(4983808K)->4983670K(4983808K)
[136.864s][info][gc,metaspace   ] GC(301) Metaspace: 6302K(6464K)->6302K(6464K) NonClass: 5769K(5824K)->5769K(5824K) Class: 533K(640K)->533K(640K)
[136.864s][info][gc             ] GC(301) Pause Full (Ergonomics) 5021M->5021M(5173M) 1635.299ms
[136.864s][info][gc,cpu         ] GC(301) User=12.72s Sys=0.00s Real=1.63s
[136.864s][info][gc,start       ] GC(302) Pause Full (Ergonomics)
[136.864s][info][gc,phases,start] GC(302) Marking Phase
[138.133s][info][gc,phases      ] GC(302) Marking Phase 1269.257ms
[138.133s][info][gc,phases,start] GC(302) Summary Phase
[138.133s][info][gc,phases      ] GC(302) Summary Phase 0.066ms
[138.133s][info][gc,phases,start] GC(302) Adjust Roots
[138.134s][info][gc,phases      ] GC(302) Adjust Roots 0.222ms
[138.134s][info][gc,phases,start] GC(302) Compaction Phase
[138.514s][info][gc,phases      ] GC(302) Compaction Phase 380.891ms
[138.515s][info][gc,phases,start] GC(302) Post Compact
[138.522s][info][gc,phases      ] GC(302) Post Compact 7.789ms
[138.522s][info][gc,heap        ] GC(302) PSYoungGen: 158321K(313856K)->158321K(313856K) Eden: 62463K(62464K)->62463K(62464K) From: 95857K(251392K)->95857K(251392K)
[138.522s][info][gc,heap        ] GC(302) ParOldGen: 4983675K(4983808K)->4983675K(4983808K)
[138.522s][info][gc,metaspace   ] GC(302) Metaspace: 6302K(6464K)->6302K(6464K) NonClass: 5769K(5824K)->5769K(5824K) Class: 533K(640K)->533K(640K)
[138.522s][info][gc             ] GC(302) Pause Full (Ergonomics) 5021M->5021M(5173M) 1658.642ms
[138.522s][info][gc,cpu         ] GC(302) User=12.91s Sys=0.00s Real=1.66s
[138.523s][info][gc,start       ] GC(303) Pause Full (Ergonomics)
[138.523s][info][gc,phases,start] GC(303) Marking Phase
[139.784s][info][gc,phases      ] GC(303) Marking Phase 1260.770ms
[139.784s][info][gc,phases,start] GC(303) Summary Phase
[139.784s][info][gc,phases      ] GC(303) Summary Phase 0.056ms
[139.784s][info][gc,phases,start] GC(303) Adjust Roots
[139.784s][info][gc,phases      ] GC(303) Adjust Roots 0.168ms
[139.784s][info][gc,phases,start] GC(303) Compaction Phase
[140.164s][info][gc,phases      ] GC(303) Compaction Phase 380.191ms
[140.164s][info][gc,phases,start] GC(303) Post Compact
[140.171s][info][gc,phases      ] GC(303) Post Compact 7.085ms
[140.171s][info][gc,heap        ] GC(303) PSYoungGen: 158321K(313856K)->158321K(313856K) Eden: 62463K(62464K)->62463K(62464K) From: 95857K(251392K)->95857K(251392K)
[140.171s][info][gc,heap        ] GC(303) ParOldGen: 4983680K(4983808K)->4983680K(4983808K)
[140.171s][info][gc,metaspace   ] GC(303) Metaspace: 6302K(6464K)->6302K(6464K) NonClass: 5769K(5824K)->5769K(5824K) Class: 533K(640K)->533K(640K)
[140.171s][info][gc             ] GC(303) Pause Full (Ergonomics) 5021M->5021M(5173M) 1648.670ms
[140.171s][info][gc,cpu         ] GC(303) User=12.73s Sys=0.00s Real=1.65s
[140.172s][info][gc,start       ] GC(304) Pause Full (Ergonomics)
[140.172s][info][gc,phases,start] GC(304) Marking Phase
[141.412s][info][gc,phases      ] GC(304) Marking Phase 1240.398ms
[141.412s][info][gc,phases,start] GC(304) Summary Phase
[141.412s][info][gc,phases      ] GC(304) Summary Phase 0.056ms
[141.412s][info][gc,phases,start] GC(304) Adjust Roots
[141.412s][info][gc,phases      ] GC(304) Adjust Roots 0.168ms
[141.412s][info][gc,phases,start] GC(304) Compaction Phase
[141.787s][info][gc,phases      ] GC(304) Compaction Phase 374.984ms
[141.787s][info][gc,phases,start] GC(304) Post Compact
[141.796s][info][gc,phases      ] GC(304) Post Compact 8.095ms
[141.796s][info][gc,heap        ] GC(304) PSYoungGen: 158321K(313856K)->158321K(313856K) Eden: 62463K(62464K)->62463K(62464K) From: 95857K(251392K)->95857K(251392K)
[141.796s][info][gc,heap        ] GC(304) ParOldGen: 4983685K(4983808K)->4983685K(4983808K)
[141.796s][info][gc,metaspace   ] GC(304) Metaspace: 6302K(6464K)->6302K(6464K) NonClass: 5769K(5824K)->5769K(5824K) Class: 533K(640K)->533K(640K)
[141.796s][info][gc             ] GC(304) Pause Full (Ergonomics) 5021M->5021M(5173M) 1624.026ms
[141.796s][info][gc,cpu         ] GC(304) User=12.66s Sys=0.02s Real=1.62s
[141.796s][info][gc,start       ] GC(305) Pause Full (Ergonomics)
[141.796s][info][gc,phases,start] GC(305) Marking Phase
[143.042s][info][gc,phases      ] GC(305) Marking Phase 1246.134ms
[143.042s][info][gc,phases,start] GC(305) Summary Phase
[143.042s][info][gc,phases      ] GC(305) Summary Phase 0.167ms
[143.042s][info][gc,phases,start] GC(305) Adjust Roots
[143.043s][info][gc,phases      ] GC(305) Adjust Roots 0.280ms
[143.043s][info][gc,phases,start] GC(305) Compaction Phase
[143.417s][info][gc,phases      ] GC(305) Compaction Phase 374.522ms
[143.417s][info][gc,phases,start] GC(305) Post Compact
[143.426s][info][gc,phases      ] GC(305) Post Compact 8.469ms
[143.426s][info][gc,heap        ] GC(305) PSYoungGen: 158321K(313856K)->158321K(313856K) Eden: 62463K(62464K)->62463K(62464K) From: 95857K(251392K)->95857K(251392K)
[143.426s][info][gc,heap        ] GC(305) ParOldGen: 4983690K(4983808K)->4983690K(4983808K)
[143.426s][info][gc,metaspace   ] GC(305) Metaspace: 6302K(6464K)->6302K(6464K) NonClass: 5769K(5824K)->5769K(5824K) Class: 533K(640K)->533K(640K)
[143.426s][info][gc             ] GC(305) Pause Full (Ergonomics) 5021M->5021M(5173M) 1629.967ms
[143.426s][info][gc,cpu         ] GC(305) User=12.38s Sys=0.00s Real=1.63s
[143.426s][info][gc,start       ] GC(306) Pause Full (Ergonomics)
[143.426s][info][gc,phases,start] GC(306) Marking Phase
[144.667s][info][gc,phases      ] GC(306) Marking Phase 1240.627ms
[144.667s][info][gc,phases,start] GC(306) Summary Phase
[144.667s][info][gc,phases      ] GC(306) Summary Phase 0.058ms
[144.667s][info][gc,phases,start] GC(306) Adjust Roots
[144.667s][info][gc,phases      ] GC(306) Adjust Roots 0.195ms
[144.667s][info][gc,phases,start] GC(306) Compaction Phase
[145.053s][info][gc,phases      ] GC(306) Compaction Phase 385.454ms
[145.053s][info][gc,phases,start] GC(306) Post Compact
[145.061s][info][gc,phases      ] GC(306) Post Compact 8.150ms
[145.061s][info][gc,heap        ] GC(306) PSYoungGen: 158321K(313856K)->158321K(313856K) Eden: 62463K(62464K)->62463K(62464K) From: 95857K(251392K)->95857K(251392K)
[145.061s][info][gc,heap        ] GC(306) ParOldGen: 4983695K(4983808K)->4983695K(4983808K)
[145.061s][info][gc,metaspace   ] GC(306) Metaspace: 6302K(6464K)->6302K(6464K) NonClass: 5769K(5824K)->5769K(5824K) Class: 533K(640K)->533K(640K)
[145.061s][info][gc             ] GC(306) Pause Full (Ergonomics) 5021M->5021M(5173M) 1634.897ms
[145.061s][info][gc,cpu         ] GC(306) User=12.52s Sys=0.00s Real=1.63s
[145.061s][info][gc,start       ] GC(307) Pause Full (Ergonomics)
[145.061s][info][gc,phases,start] GC(307) Marking Phase
[146.328s][info][gc,phases      ] GC(307) Marking Phase 1266.406ms
[146.328s][info][gc,phases,start] GC(307) Summary Phase
[146.328s][info][gc,phases      ] GC(307) Summary Phase 0.057ms
[146.328s][info][gc,phases,start] GC(307) Adjust Roots
[146.328s][info][gc,phases      ] GC(307) Adjust Roots 0.203ms
[146.328s][info][gc,phases,start] GC(307) Compaction Phase
[146.690s][info][gc,phases      ] GC(307) Compaction Phase 361.940ms
[146.690s][info][gc,phases,start] GC(307) Post Compact
[146.699s][info][gc,phases      ] GC(307) Post Compact 8.871ms
[146.699s][info][gc,heap        ] GC(307) PSYoungGen: 158321K(313856K)->158321K(313856K) Eden: 62463K(62464K)->62463K(62464K) From: 95857K(251392K)->95857K(251392K)
[146.699s][info][gc,heap        ] GC(307) ParOldGen: 4983699K(4983808K)->4983699K(4983808K)
[146.699s][info][gc,metaspace   ] GC(307) Metaspace: 6302K(6464K)->6302K(6464K) NonClass: 5769K(5824K)->5769K(5824K) Class: 533K(640K)->533K(640K)
[146.699s][info][gc             ] GC(307) Pause Full (Ergonomics) 5021M->5021M(5173M) 1637.955ms
[146.699s][info][gc,cpu         ] GC(307) User=12.70s Sys=0.02s Real=1.64s
[146.700s][info][gc,start       ] GC(308) Pause Full (Ergonomics)
[146.700s][info][gc,phases,start] GC(308) Marking Phase
[147.968s][info][gc,phases      ] GC(308) Marking Phase 1268.742ms
[147.968s][info][gc,phases,start] GC(308) Summary Phase
[147.968s][info][gc,phases      ] GC(308) Summary Phase 0.055ms
[147.968s][info][gc,phases,start] GC(308) Adjust Roots
[147.969s][info][gc,phases      ] GC(308) Adjust Roots 0.165ms
[147.969s][info][gc,phases,start] GC(308) Compaction Phase
[148.359s][info][gc,phases      ] GC(308) Compaction Phase 389.878ms
[148.359s][info][gc,phases,start] GC(308) Post Compact
[148.370s][info][gc,phases      ] GC(308) Post Compact 11.287ms
[148.370s][info][gc,heap        ] GC(308) PSYoungGen: 158321K(313856K)->158321K(313856K) Eden: 62463K(62464K)->62463K(62464K) From: 95857K(251392K)->95857K(251392K)
[148.370s][info][gc,heap        ] GC(308) ParOldGen: 4983704K(4983808K)->4983704K(4983808K)
[148.370s][info][gc,metaspace   ] GC(308) Metaspace: 6302K(6464K)->6302K(6464K) NonClass: 5769K(5824K)->5769K(5824K) Class: 533K(640K)->533K(640K)
[148.370s][info][gc             ] GC(308) Pause Full (Ergonomics) 5021M->5021M(5173M) 1670.511ms
[148.370s][info][gc,cpu         ] GC(308) User=12.75s Sys=0.02s Real=1.67s
[148.370s][info][gc,start       ] GC(309) Pause Full (Ergonomics)
[148.370s][info][gc,phases,start] GC(309) Marking Phase
[149.638s][info][gc,phases      ] GC(309) Marking Phase 1267.712ms
[149.638s][info][gc,phases,start] GC(309) Summary Phase
[149.638s][info][gc,phases      ] GC(309) Summary Phase 0.057ms
[149.638s][info][gc,phases,start] GC(309) Adjust Roots
[149.638s][info][gc,phases      ] GC(309) Adjust Roots 0.183ms
[149.638s][info][gc,phases,start] GC(309) Compaction Phase
[150.029s][info][gc,phases      ] GC(309) Compaction Phase 390.817ms
[150.029s][info][gc,phases,start] GC(309) Post Compact
[150.038s][info][gc,phases      ] GC(309) Post Compact 8.943ms
[150.038s][info][gc,heap        ] GC(309) PSYoungGen: 158321K(313856K)->158321K(313856K) Eden: 62463K(62464K)->62463K(62464K) From: 95857K(251392K)->95857K(251392K)
[150.038s][info][gc,heap        ] GC(309) ParOldGen: 4983709K(4983808K)->4983709K(4983808K)
[150.038s][info][gc,metaspace   ] GC(309) Metaspace: 6302K(6464K)->6302K(6464K) NonClass: 5769K(5824K)->5769K(5824K) Class: 533K(640K)->533K(640K)
[150.038s][info][gc             ] GC(309) Pause Full (Ergonomics) 5021M->5021M(5173M) 1668.082ms
[150.038s][info][gc,cpu         ] GC(309) User=12.83s Sys=0.00s Real=1.67s
[150.039s][info][gc,start       ] GC(310) Pause Full (Ergonomics)
[150.039s][info][gc,phases,start] GC(310) Marking Phase
[151.308s][info][gc,phases      ] GC(310) Marking Phase 1269.453ms
[151.308s][info][gc,phases,start] GC(310) Summary Phase
[151.308s][info][gc,phases      ] GC(310) Summary Phase 0.078ms
[151.308s][info][gc,phases,start] GC(310) Adjust Roots
[151.309s][info][gc,phases      ] GC(310) Adjust Roots 0.245ms
[151.309s][info][gc,phases,start] GC(310) Compaction Phase
[151.680s][info][gc,phases      ] GC(310) Compaction Phase 371.300ms
[151.680s][info][gc,phases,start] GC(310) Post Compact
[151.688s][info][gc,phases      ] GC(310) Post Compact 7.840ms
[151.688s][info][gc,heap        ] GC(310) PSYoungGen: 158321K(313856K)->158321K(313856K) Eden: 62463K(62464K)->62463K(62464K) From: 95857K(251392K)->95857K(251392K)
[151.688s][info][gc,heap        ] GC(310) ParOldGen: 4983714K(4983808K)->4983714K(4983808K)
[151.688s][info][gc,metaspace   ] GC(310) Metaspace: 6302K(6464K)->6302K(6464K) NonClass: 5769K(5824K)->5769K(5824K) Class: 533K(640K)->533K(640K)
[151.688s][info][gc             ] GC(310) Pause Full (Ergonomics) 5021M->5021M(5173M) 1649.297ms
[151.688s][info][gc,cpu         ] GC(310) User=12.55s Sys=0.00s Real=1.65s
[151.688s][info][gc,start       ] GC(311) Pause Full (Ergonomics)
[151.688s][info][gc,phases,start] GC(311) Marking Phase
[152.920s][info][gc,phases      ] GC(311) Marking Phase 1231.514ms
[152.920s][info][gc,phases,start] GC(311) Summary Phase
[152.920s][info][gc,phases      ] GC(311) Summary Phase 0.057ms
[152.920s][info][gc,phases,start] GC(311) Adjust Roots
[152.920s][info][gc,phases      ] GC(311) Adjust Roots 0.162ms
[152.920s][info][gc,phases,start] GC(311) Compaction Phase
[153.285s][info][gc,phases      ] GC(311) Compaction Phase 365.251ms
[153.285s][info][gc,phases,start] GC(311) Post Compact
[153.294s][info][gc,phases      ] GC(311) Post Compact 8.371ms
[153.294s][info][gc,heap        ] GC(311) PSYoungGen: 158321K(313856K)->158321K(313856K) Eden: 62463K(62464K)->62463K(62464K) From: 95857K(251392K)->95857K(251392K)
[153.294s][info][gc,heap        ] GC(311) ParOldGen: 4983719K(4983808K)->4983719K(4983808K)
[153.294s][info][gc,metaspace   ] GC(311) Metaspace: 6302K(6464K)->6302K(6464K) NonClass: 5769K(5824K)->5769K(5824K) Class: 533K(640K)->533K(640K)
[153.294s][info][gc             ] GC(311) Pause Full (Ergonomics) 5021M->5021M(5173M) 1605.717ms
[153.294s][info][gc,cpu         ] GC(311) User=12.47s Sys=0.00s Real=1.61s
[153.294s][info][gc,start       ] GC(312) Pause Full (Ergonomics)
[153.294s][info][gc,phases,start] GC(312) Marking Phase
[154.524s][info][gc,phases      ] GC(312) Marking Phase 1229.761ms
[154.524s][info][gc,phases,start] GC(312) Summary Phase
[154.524s][info][gc,phases      ] GC(312) Summary Phase 0.061ms
[154.524s][info][gc,phases,start] GC(312) Adjust Roots
[154.524s][info][gc,phases      ] GC(312) Adjust Roots 0.229ms
[154.524s][info][gc,phases,start] GC(312) Compaction Phase
[154.892s][info][gc,phases      ] GC(312) Compaction Phase 367.901ms
[154.892s][info][gc,phases,start] GC(312) Post Compact
[154.900s][info][gc,phases      ] GC(312) Post Compact 7.931ms
[154.900s][info][gc,heap        ] GC(312) PSYoungGen: 158321K(313856K)->158321K(313856K) Eden: 62463K(62464K)->62463K(62464K) From: 95857K(251392K)->95857K(251392K)
[154.900s][info][gc,heap        ] GC(312) ParOldGen: 4983724K(4983808K)->4983724K(4983808K)
[154.900s][info][gc,metaspace   ] GC(312) Metaspace: 6302K(6464K)->6302K(6464K) NonClass: 5769K(5824K)->5769K(5824K) Class: 533K(640K)->533K(640K)
[154.900s][info][gc             ] GC(312) Pause Full (Ergonomics) 5021M->5021M(5173M) 1606.256ms
[154.900s][info][gc,cpu         ] GC(312) User=12.50s Sys=0.00s Real=1.61s
[154.901s][info][gc,start       ] GC(313) Pause Full (Ergonomics)
[154.901s][info][gc,phases,start] GC(313) Marking Phase
[156.161s][info][gc,phases      ] GC(313) Marking Phase 1259.971ms
[156.161s][info][gc,phases,start] GC(313) Summary Phase
[156.161s][info][gc,phases      ] GC(313) Summary Phase 0.107ms
[156.161s][info][gc,phases,start] GC(313) Adjust Roots
[156.161s][info][gc,phases      ] GC(313) Adjust Roots 0.203ms
[156.161s][info][gc,phases,start] GC(313) Compaction Phase
[156.555s][info][gc,phases      ] GC(313) Compaction Phase 393.728ms
[156.555s][info][gc,phases,start] GC(313) Post Compact
[156.563s][info][gc,phases      ] GC(313) Post Compact 8.410ms
[156.563s][info][gc,heap        ] GC(313) PSYoungGen: 158321K(313856K)->158321K(313856K) Eden: 62463K(62464K)->62463K(62464K) From: 95857K(251392K)->95857K(251392K)
[156.563s][info][gc,heap        ] GC(313) ParOldGen: 4983728K(4983808K)->4983728K(4983808K)
[156.563s][info][gc,metaspace   ] GC(313) Metaspace: 6302K(6464K)->6302K(6464K) NonClass: 5769K(5824K)->5769K(5824K) Class: 533K(640K)->533K(640K)
[156.563s][info][gc             ] GC(313) Pause Full (Ergonomics) 5021M->5021M(5173M) 1662.772ms
[156.563s][info][gc,cpu         ] GC(313) User=12.69s Sys=0.00s Real=1.66s
[156.564s][info][gc,start       ] GC(314) Pause Full (Ergonomics)
[156.564s][info][gc,phases,start] GC(314) Marking Phase
[157.810s][info][gc,phases      ] GC(314) Marking Phase 1246.193ms
[157.810s][info][gc,phases,start] GC(314) Summary Phase
[157.810s][info][gc,phases      ] GC(314) Summary Phase 0.060ms
[157.810s][info][gc,phases,start] GC(314) Adjust Roots
[157.810s][info][gc,phases      ] GC(314) Adjust Roots 0.168ms
[157.810s][info][gc,phases,start] GC(314) Compaction Phase
[158.183s][info][gc,phases      ] GC(314) Compaction Phase 372.872ms
[158.183s][info][gc,phases,start] GC(314) Post Compact
[158.195s][info][gc,phases      ] GC(314) Post Compact 11.970ms
[158.195s][info][gc,heap        ] GC(314) PSYoungGen: 158321K(313856K)->158321K(313856K) Eden: 62463K(62464K)->62463K(62464K) From: 95857K(251392K)->95857K(251392K)
[158.195s][info][gc,heap        ] GC(314) ParOldGen: 4983733K(4983808K)->4983733K(4983808K)
[158.195s][info][gc,metaspace   ] GC(314) Metaspace: 6302K(6464K)->6302K(6464K) NonClass: 5769K(5824K)->5769K(5824K) Class: 533K(640K)->533K(640K)
[158.195s][info][gc             ] GC(314) Pause Full (Ergonomics) 5021M->5021M(5173M) 1631.681ms
[158.195s][info][gc,cpu         ] GC(314) User=12.44s Sys=0.00s Real=1.63s
[158.196s][info][gc,start       ] GC(315) Pause Full (Ergonomics)
[158.196s][info][gc,phases,start] GC(315) Marking Phase
[159.462s][info][gc,phases      ] GC(315) Marking Phase 1266.526ms
[159.462s][info][gc,phases,start] GC(315) Summary Phase
[159.462s][info][gc,phases      ] GC(315) Summary Phase 0.059ms
[159.462s][info][gc,phases,start] GC(315) Adjust Roots
[159.462s][info][gc,phases      ] GC(315) Adjust Roots 0.175ms
[159.462s][info][gc,phases,start] GC(315) Compaction Phase
[159.837s][info][gc,phases      ] GC(315) Compaction Phase 374.098ms
[159.837s][info][gc,phases,start] GC(315) Post Compact
[159.844s][info][gc,phases      ] GC(315) Post Compact 7.508ms
[159.844s][info][gc,heap        ] GC(315) PSYoungGen: 158321K(313856K)->158321K(313856K) Eden: 62463K(62464K)->62463K(62464K) From: 95857K(251392K)->95857K(251392K)
[159.844s][info][gc,heap        ] GC(315) ParOldGen: 4983738K(4983808K)->4983738K(4983808K)
[159.844s][info][gc,metaspace   ] GC(315) Metaspace: 6302K(6464K)->6302K(6464K) NonClass: 5769K(5824K)->5769K(5824K) Class: 533K(640K)->533K(640K)
[159.844s][info][gc             ] GC(315) Pause Full (Ergonomics) 5021M->5021M(5173M) 1648.718ms
[159.844s][info][gc,cpu         ] GC(315) User=12.39s Sys=0.00s Real=1.65s
[159.845s][info][gc,start       ] GC(316) Pause Full (Ergonomics)
[159.845s][info][gc,phases,start] GC(316) Marking Phase
[161.092s][info][gc,phases      ] GC(316) Marking Phase 1247.627ms
[161.092s][info][gc,phases,start] GC(316) Summary Phase
[161.092s][info][gc,phases      ] GC(316) Summary Phase 0.055ms
[161.092s][info][gc,phases,start] GC(316) Adjust Roots
[161.093s][info][gc,phases      ] GC(316) Adjust Roots 0.219ms
[161.093s][info][gc,phases,start] GC(316) Compaction Phase
[161.450s][info][gc,phases      ] GC(316) Compaction Phase 357.579ms
[161.450s][info][gc,phases,start] GC(316) Post Compact
[161.458s][info][gc,phases      ] GC(316) Post Compact 7.510ms
[161.458s][info][gc,heap        ] GC(316) PSYoungGen: 158321K(313856K)->158321K(313856K) Eden: 62463K(62464K)->62463K(62464K) From: 95857K(251392K)->95857K(251392K)
[161.458s][info][gc,heap        ] GC(316) ParOldGen: 4983743K(4983808K)->4983743K(4983808K)
[161.458s][info][gc,metaspace   ] GC(316) Metaspace: 6302K(6464K)->6302K(6464K) NonClass: 5769K(5824K)->5769K(5824K) Class: 533K(640K)->533K(640K)
[161.458s][info][gc             ] GC(316) Pause Full (Ergonomics) 5021M->5021M(5173M) 1613.322ms
[161.458s][info][gc,cpu         ] GC(316) User=12.44s Sys=0.00s Real=1.61s
[161.458s][info][gc,start       ] GC(317) Pause Full (Ergonomics)
[161.458s][info][gc,phases,start] GC(317) Marking Phase
[162.677s][info][gc,phases      ] GC(317) Marking Phase 1218.534ms
[162.677s][info][gc,phases,start] GC(317) Summary Phase
[162.677s][info][gc,phases      ] GC(317) Summary Phase 0.058ms
[162.677s][info][gc,phases,start] GC(317) Adjust Roots
[162.677s][info][gc,phases      ] GC(317) Adjust Roots 0.196ms
[162.677s][info][gc,phases,start] GC(317) Compaction Phase
[163.063s][info][gc,phases      ] GC(317) Compaction Phase 386.131ms
[163.063s][info][gc,phases,start] GC(317) Post Compact
[163.072s][info][gc,phases      ] GC(317) Post Compact 8.400ms
[163.072s][info][gc,heap        ] GC(317) PSYoungGen: 158321K(313856K)->158321K(313856K) Eden: 62463K(62464K)->62463K(62464K) From: 95857K(251392K)->95857K(251392K)
[163.072s][info][gc,heap        ] GC(317) ParOldGen: 4983748K(4983808K)->4983748K(4983808K)
[163.072s][info][gc,metaspace   ] GC(317) Metaspace: 6302K(6464K)->6302K(6464K) NonClass: 5769K(5824K)->5769K(5824K) Class: 533K(640K)->533K(640K)
[163.072s][info][gc             ] GC(317) Pause Full (Ergonomics) 5021M->5021M(5173M) 1613.665ms
[163.072s][info][gc,cpu         ] GC(317) User=12.47s Sys=0.00s Real=1.61s
[163.072s][info][gc,start       ] GC(318) Pause Full (Ergonomics)
[163.072s][info][gc,phases,start] GC(318) Marking Phase
[164.300s][info][gc,phases      ] GC(318) Marking Phase 1227.820ms
[164.300s][info][gc,phases,start] GC(318) Summary Phase
[164.300s][info][gc,phases      ] GC(318) Summary Phase 0.069ms
[164.300s][info][gc,phases,start] GC(318) Adjust Roots
[164.300s][info][gc,phases      ] GC(318) Adjust Roots 0.256ms
[164.300s][info][gc,phases,start] GC(318) Compaction Phase
[164.681s][info][gc,phases      ] GC(318) Compaction Phase 380.736ms
[164.681s][info][gc,phases,start] GC(318) Post Compact
[164.689s][info][gc,phases      ] GC(318) Post Compact 7.660ms
[164.689s][info][gc,heap        ] GC(318) PSYoungGen: 158321K(313856K)->158321K(313856K) Eden: 62463K(62464K)->62463K(62464K) From: 95857K(251392K)->95857K(251392K)
[164.689s][info][gc,heap        ] GC(318) ParOldGen: 4983753K(4983808K)->4983753K(4983808K)
[164.689s][info][gc,metaspace   ] GC(318) Metaspace: 6302K(6464K)->6302K(6464K) NonClass: 5769K(5824K)->5769K(5824K) Class: 533K(640K)->533K(640K)
[164.689s][info][gc             ] GC(318) Pause Full (Ergonomics) 5021M->5021M(5173M) 1616.907ms
[164.689s][info][gc,cpu         ] GC(318) User=12.39s Sys=0.02s Real=1.62s
[164.689s][info][gc,start       ] GC(319) Pause Full (Ergonomics)
[164.689s][info][gc,phases,start] GC(319) Marking Phase
[165.900s][info][gc,phases      ] GC(319) Marking Phase 1211.198ms
[165.900s][info][gc,phases,start] GC(319) Summary Phase
[165.901s][info][gc,phases      ] GC(319) Summary Phase 0.080ms
[165.901s][info][gc,phases,start] GC(319) Adjust Roots
[165.901s][info][gc,phases      ] GC(319) Adjust Roots 0.237ms
[165.901s][info][gc,phases,start] GC(319) Compaction Phase
[166.259s][info][gc,phases      ] GC(319) Compaction Phase 358.530ms
[166.259s][info][gc,phases,start] GC(319) Post Compact
[166.272s][info][gc,phases      ] GC(319) Post Compact 12.628ms
[166.272s][info][gc,heap        ] GC(319) PSYoungGen: 158321K(313856K)->158321K(313856K) Eden: 62463K(62464K)->62463K(62464K) From: 95857K(251392K)->95857K(251392K)
[166.272s][info][gc,heap        ] GC(319) ParOldGen: 4983757K(4983808K)->4983757K(4983808K)
[166.272s][info][gc,metaspace   ] GC(319) Metaspace: 6302K(6464K)->6302K(6464K) NonClass: 5769K(5824K)->5769K(5824K) Class: 533K(640K)->533K(640K)
[166.272s][info][gc             ] GC(319) Pause Full (Ergonomics) 5021M->5021M(5173M) 1583.180ms
[166.272s][info][gc,cpu         ] GC(319) User=12.30s Sys=0.00s Real=1.58s
[166.273s][info][gc,start       ] GC(320) Pause Full (Ergonomics)
[166.273s][info][gc,phases,start] GC(320) Marking Phase
[167.525s][info][gc,phases      ] GC(320) Marking Phase 1251.981ms
[167.525s][info][gc,phases,start] GC(320) Summary Phase
[167.525s][info][gc,phases      ] GC(320) Summary Phase 0.060ms
[167.525s][info][gc,phases,start] GC(320) Adjust Roots
[167.525s][info][gc,phases      ] GC(320) Adjust Roots 0.191ms
[167.525s][info][gc,phases,start] GC(320) Compaction Phase
[167.883s][info][gc,phases      ] GC(320) Compaction Phase 358.416ms
[167.883s][info][gc,phases,start] GC(320) Post Compact
[167.896s][info][gc,phases      ] GC(320) Post Compact 12.058ms
[167.896s][info][gc,heap        ] GC(320) PSYoungGen: 158321K(313856K)->158321K(313856K) Eden: 62463K(62464K)->62463K(62464K) From: 95857K(251392K)->95857K(251392K)
[167.896s][info][gc,heap        ] GC(320) ParOldGen: 4983762K(4983808K)->4983762K(4983808K)
[167.896s][info][gc,metaspace   ] GC(320) Metaspace: 6302K(6464K)->6302K(6464K) NonClass: 5769K(5824K)->5769K(5824K) Class: 533K(640K)->533K(640K)
[167.896s][info][gc             ] GC(320) Pause Full (Ergonomics) 5021M->5021M(5173M) 1623.165ms
[167.896s][info][gc,cpu         ] GC(320) User=12.66s Sys=0.02s Real=1.62s
[167.896s][info][gc,start       ] GC(321) Pause Full (Ergonomics)
[167.896s][info][gc,phases,start] GC(321) Marking Phase
[169.136s][info][gc,phases      ] GC(321) Marking Phase 1239.421ms
[169.136s][info][gc,phases,start] GC(321) Summary Phase
[169.136s][info][gc,phases      ] GC(321) Summary Phase 0.060ms
[169.136s][info][gc,phases,start] GC(321) Adjust Roots
[169.136s][info][gc,phases      ] GC(321) Adjust Roots 0.194ms
[169.136s][info][gc,phases,start] GC(321) Compaction Phase
[169.506s][info][gc,phases      ] GC(321) Compaction Phase 369.935ms
[169.506s][info][gc,phases,start] GC(321) Post Compact
[169.513s][info][gc,phases      ] GC(321) Post Compact 6.914ms
[169.513s][info][gc,heap        ] GC(321) PSYoungGen: 158321K(313856K)->158321K(313856K) Eden: 62463K(62464K)->62463K(62464K) From: 95857K(251392K)->95857K(251392K)
[169.513s][info][gc,heap        ] GC(321) ParOldGen: 4983767K(4983808K)->4983767K(4983808K)
[169.513s][info][gc,metaspace   ] GC(321) Metaspace: 6302K(6464K)->6302K(6464K) NonClass: 5769K(5824K)->5769K(5824K) Class: 533K(640K)->533K(640K)
[169.513s][info][gc             ] GC(321) Pause Full (Ergonomics) 5021M->5021M(5173M) 1616.863ms
[169.513s][info][gc,cpu         ] GC(321) User=11.97s Sys=0.02s Real=1.62s
[169.513s][info][gc,start       ] GC(322) Pause Full (Ergonomics)
[169.513s][info][gc,phases,start] GC(322) Marking Phase
[170.754s][info][gc,phases      ] GC(322) Marking Phase 1240.471ms
[170.754s][info][gc,phases,start] GC(322) Summary Phase
[170.754s][info][gc,phases      ] GC(322) Summary Phase 0.059ms
[170.754s][info][gc,phases,start] GC(322) Adjust Roots
[170.754s][info][gc,phases      ] GC(322) Adjust Roots 0.164ms
[170.754s][info][gc,phases,start] GC(322) Compaction Phase
[171.105s][info][gc,phases      ] GC(322) Compaction Phase 350.698ms
[171.105s][info][gc,phases,start] GC(322) Post Compact
[171.114s][info][gc,phases      ] GC(322) Post Compact 8.982ms
[171.114s][info][gc,heap        ] GC(322) PSYoungGen: 158321K(313856K)->158321K(313856K) Eden: 62463K(62464K)->62463K(62464K) From: 95857K(251392K)->95857K(251392K)
[171.114s][info][gc,heap        ] GC(322) ParOldGen: 4983772K(4983808K)->4983772K(4983808K)
[171.114s][info][gc,metaspace   ] GC(322) Metaspace: 6302K(6464K)->6302K(6464K) NonClass: 5769K(5824K)->5769K(5824K) Class: 533K(640K)->533K(640K)
[171.114s][info][gc             ] GC(322) Pause Full (Ergonomics) 5021M->5021M(5173M) 1600.792ms
[171.114s][info][gc,cpu         ] GC(322) User=12.36s Sys=0.00s Real=1.60s
[171.114s][info][gc,start       ] GC(323) Pause Full (Ergonomics)
[171.114s][info][gc,phases,start] GC(323) Marking Phase
[172.313s][info][gc,phases      ] GC(323) Marking Phase 1198.986ms
[172.313s][info][gc,phases,start] GC(323) Summary Phase
[172.313s][info][gc,phases      ] GC(323) Summary Phase 0.057ms
[172.313s][info][gc,phases,start] GC(323) Adjust Roots
[172.314s][info][gc,phases      ] GC(323) Adjust Roots 0.195ms
[172.314s][info][gc,phases,start] GC(323) Compaction Phase
[172.672s][info][gc,phases      ] GC(323) Compaction Phase 358.495ms
[172.672s][info][gc,phases,start] GC(323) Post Compact
[172.679s][info][gc,phases      ] GC(323) Post Compact 7.031ms
[172.679s][info][gc,heap        ] GC(323) PSYoungGen: 158321K(313856K)->158321K(313856K) Eden: 62463K(62464K)->62463K(62464K) From: 95857K(251392K)->95857K(251392K)
[172.679s][info][gc,heap        ] GC(323) ParOldGen: 4983777K(4983808K)->4983777K(4983808K)
[172.679s][info][gc,metaspace   ] GC(323) Metaspace: 6302K(6464K)->6302K(6464K) NonClass: 5769K(5824K)->5769K(5824K) Class: 533K(640K)->533K(640K)
[172.679s][info][gc             ] GC(323) Pause Full (Ergonomics) 5021M->5021M(5173M) 1565.148ms
[172.679s][info][gc,cpu         ] GC(323) User=11.98s Sys=0.00s Real=1.57s
[172.680s][info][gc,start       ] GC(324) Pause Full (Ergonomics)
[172.680s][info][gc,phases,start] GC(324) Marking Phase
[173.864s][info][gc,phases      ] GC(324) Marking Phase 1183.865ms
[173.864s][info][gc,phases,start] GC(324) Summary Phase
[173.864s][info][gc,phases      ] GC(324) Summary Phase 0.057ms
[173.864s][info][gc,phases,start] GC(324) Adjust Roots
[173.864s][info][gc,phases      ] GC(324) Adjust Roots 0.175ms
[173.864s][info][gc,phases,start] GC(324) Compaction Phase
[174.232s][info][gc,phases      ] GC(324) Compaction Phase 367.949ms
[174.232s][info][gc,phases,start] GC(324) Post Compact
[174.239s][info][gc,phases      ] GC(324) Post Compact 7.094ms
[174.239s][info][gc,heap        ] GC(324) PSYoungGen: 158321K(313856K)->158321K(313856K) Eden: 62463K(62464K)->62463K(62464K) From: 95857K(251392K)->95857K(251392K)
[174.239s][info][gc,heap        ] GC(324) ParOldGen: 4983782K(4983808K)->4983782K(4983808K)
[174.239s][info][gc,metaspace   ] GC(324) Metaspace: 6302K(6464K)->6302K(6464K) NonClass: 5769K(5824K)->5769K(5824K) Class: 533K(640K)->533K(640K)
[174.239s][info][gc             ] GC(324) Pause Full (Ergonomics) 5021M->5021M(5173M) 1559.472ms
[174.239s][info][gc,cpu         ] GC(324) User=11.84s Sys=0.00s Real=1.56s
[174.239s][info][gc,start       ] GC(325) Pause Full (Ergonomics)
[174.239s][info][gc,phases,start] GC(325) Marking Phase
[175.427s][info][gc,phases      ] GC(325) Marking Phase 1187.604ms
[175.427s][info][gc,phases,start] GC(325) Summary Phase
[175.427s][info][gc,phases      ] GC(325) Summary Phase 0.059ms
[175.427s][info][gc,phases,start] GC(325) Adjust Roots
[175.427s][info][gc,phases      ] GC(325) Adjust Roots 0.194ms
[175.427s][info][gc,phases,start] GC(325) Compaction Phase
[175.802s][info][gc,phases      ] GC(325) Compaction Phase 374.866ms
[175.802s][info][gc,phases,start] GC(325) Post Compact
[175.810s][info][gc,phases      ] GC(325) Post Compact 7.495ms
[175.810s][info][gc,heap        ] GC(325) PSYoungGen: 158321K(313856K)->158321K(313856K) Eden: 62463K(62464K)->62463K(62464K) From: 95857K(251392K)->95857K(251392K)
[175.810s][info][gc,heap        ] GC(325) ParOldGen: 4983786K(4983808K)->4983786K(4983808K)
[175.810s][info][gc,metaspace   ] GC(325) Metaspace: 6302K(6464K)->6302K(6464K) NonClass: 5769K(5824K)->5769K(5824K) Class: 533K(640K)->533K(640K)
[175.810s][info][gc             ] GC(325) Pause Full (Ergonomics) 5021M->5021M(5173M) 1570.541ms
[175.810s][info][gc,cpu         ] GC(325) User=12.08s Sys=0.00s Real=1.57s
[175.810s][info][gc,start       ] GC(326) Pause Full (Ergonomics)
[175.810s][info][gc,phases,start] GC(326) Marking Phase
[177.019s][info][gc,phases      ] GC(326) Marking Phase 1208.989ms
[177.019s][info][gc,phases,start] GC(326) Summary Phase
[177.019s][info][gc,phases      ] GC(326) Summary Phase 0.078ms
[177.019s][info][gc,phases,start] GC(326) Adjust Roots
[177.019s][info][gc,phases      ] GC(326) Adjust Roots 0.211ms
[177.020s][info][gc,phases,start] GC(326) Compaction Phase
[177.403s][info][gc,phases      ] GC(326) Compaction Phase 383.337ms
[177.403s][info][gc,phases,start] GC(326) Post Compact
[177.411s][info][gc,phases      ] GC(326) Post Compact 7.635ms
[177.411s][info][gc,heap        ] GC(326) PSYoungGen: 158321K(313856K)->158321K(313856K) Eden: 62463K(62464K)->62463K(62464K) From: 95857K(251392K)->95857K(251392K)
[177.411s][info][gc,heap        ] GC(326) ParOldGen: 4983791K(4983808K)->4983791K(4983808K)
[177.411s][info][gc,metaspace   ] GC(326) Metaspace: 6302K(6464K)->6302K(6464K) NonClass: 5769K(5824K)->5769K(5824K) Class: 533K(640K)->533K(640K)
[177.411s][info][gc             ] GC(326) Pause Full (Ergonomics) 5021M->5021M(5173M) 1600.650ms
[177.411s][info][gc,cpu         ] GC(326) User=12.08s Sys=0.00s Real=1.60s
[177.411s][info][gc,start       ] GC(327) Pause Full (Ergonomics)
[177.411s][info][gc,phases,start] GC(327) Marking Phase
[178.612s][info][gc,phases      ] GC(327) Marking Phase 1201.396ms
[178.612s][info][gc,phases,start] GC(327) Summary Phase
[178.612s][info][gc,phases      ] GC(327) Summary Phase 0.064ms
[178.613s][info][gc,phases,start] GC(327) Adjust Roots
[178.613s][info][gc,phases      ] GC(327) Adjust Roots 0.184ms
[178.613s][info][gc,phases,start] GC(327) Compaction Phase
[179.024s][info][gc,phases      ] GC(327) Compaction Phase 411.549ms
[179.024s][info][gc,phases,start] GC(327) Post Compact
[179.032s][info][gc,phases      ] GC(327) Post Compact 7.276ms
[179.032s][info][gc,heap        ] GC(327) PSYoungGen: 158321K(313856K)->158321K(313856K) Eden: 62463K(62464K)->62463K(62464K) From: 95857K(251392K)->95857K(251392K)
[179.032s][info][gc,heap        ] GC(327) ParOldGen: 4983796K(4983808K)->4983796K(4983808K)
[179.032s][info][gc,metaspace   ] GC(327) Metaspace: 6302K(6464K)->6302K(6464K) NonClass: 5769K(5824K)->5769K(5824K) Class: 533K(640K)->533K(640K)
[179.032s][info][gc             ] GC(327) Pause Full (Ergonomics) 5021M->5021M(5173M) 1620.857ms
[179.032s][info][gc,cpu         ] GC(327) User=11.88s Sys=0.03s Real=1.62s
[179.032s][info][gc,start       ] GC(328) Pause Full (Ergonomics)
[179.032s][info][gc,phases,start] GC(328) Marking Phase
[180.286s][info][gc,phases      ] GC(328) Marking Phase 1254.086ms
[180.286s][info][gc,phases,start] GC(328) Summary Phase
[180.286s][info][gc,phases      ] GC(328) Summary Phase 0.073ms
[180.286s][info][gc,phases,start] GC(328) Adjust Roots
[180.287s][info][gc,phases      ] GC(328) Adjust Roots 0.239ms
[180.287s][info][gc,phases,start] GC(328) Compaction Phase
[180.659s][info][gc,phases      ] GC(328) Compaction Phase 372.711ms
[180.659s][info][gc,phases,start] GC(328) Post Compact
[180.668s][info][gc,phases      ] GC(328) Post Compact 8.256ms
[180.668s][info][gc,heap        ] GC(328) PSYoungGen: 158321K(313856K)->158321K(313856K) Eden: 62463K(62464K)->62463K(62464K) From: 95857K(251392K)->95857K(251392K)
[180.668s][info][gc,heap        ] GC(328) ParOldGen: 4983801K(4983808K)->4983801K(4983808K)
[180.668s][info][gc,metaspace   ] GC(328) Metaspace: 6302K(6464K)->6302K(6464K) NonClass: 5769K(5824K)->5769K(5824K) Class: 533K(640K)->533K(640K)
[180.668s][info][gc             ] GC(328) Pause Full (Ergonomics) 5021M->5021M(5173M) 1635.756ms
[180.668s][info][gc,cpu         ] GC(328) User=11.64s Sys=0.00s Real=1.64s
[180.668s][info][gc,start       ] GC(329) Pause Full (Ergonomics)
[180.668s][info][gc,phases,start] GC(329) Marking Phase
[181.950s][info][gc,phases      ] GC(329) Marking Phase 1281.860ms
[181.950s][info][gc,phases,start] GC(329) Summary Phase
[181.950s][info][gc,phases      ] GC(329) Summary Phase 0.094ms
[181.950s][info][gc,phases,start] GC(329) Adjust Roots
[181.950s][info][gc,phases      ] GC(329) Adjust Roots 0.275ms
[181.950s][info][gc,phases,start] GC(329) Compaction Phase
[182.326s][info][gc,phases      ] GC(329) Compaction Phase 375.553ms
[182.326s][info][gc,phases,start] GC(329) Post Compact
[182.338s][info][gc,phases      ] GC(329) Post Compact 12.169ms
[182.338s][info][gc,heap        ] GC(329) PSYoungGen: 158321K(313856K)->158321K(313856K) Eden: 62463K(62464K)->62463K(62464K) From: 95857K(251392K)->95857K(251392K)
[182.338s][info][gc,heap        ] GC(329) ParOldGen: 4983806K(4983808K)->4983806K(4983808K)
[182.338s][info][gc,metaspace   ] GC(329) Metaspace: 6302K(6464K)->6302K(6464K) NonClass: 5769K(5824K)->5769K(5824K) Class: 533K(640K)->533K(640K)
[182.339s][info][gc             ] GC(329) Pause Full (Ergonomics) 5021M->5021M(5173M) 1670.473ms
[182.339s][info][gc,cpu         ] GC(329) User=11.81s Sys=0.00s Real=1.67s
[182.339s][info][gc,start       ] GC(330) Pause Full (Ergonomics)
[182.339s][info][gc,phases,start] GC(330) Marking Phase
[183.581s][info][gc,phases      ] GC(330) Marking Phase 1241.683ms
[183.581s][info][gc,phases,start] GC(330) Summary Phase
[183.581s][info][gc,phases      ] GC(330) Summary Phase 0.086ms
[183.581s][info][gc,phases,start] GC(330) Adjust Roots
[183.581s][info][gc,phases      ] GC(330) Adjust Roots 0.313ms
[183.581s][info][gc,phases,start] GC(330) Compaction Phase
[183.939s][info][gc,phases      ] GC(330) Compaction Phase 358.092ms
[183.939s][info][gc,phases,start] GC(330) Post Compact
[183.948s][info][gc,phases      ] GC(330) Post Compact 8.840ms
[183.948s][info][gc,heap        ] GC(330) PSYoungGen: 158321K(313856K)->158321K(313856K) Eden: 62463K(62464K)->62463K(62464K) From: 95857K(251392K)->95857K(251392K)
[183.948s][info][gc,heap        ] GC(330) ParOldGen: 4983807K(4983808K)->4983807K(4983808K)
[183.948s][info][gc,metaspace   ] GC(330) Metaspace: 6302K(6464K)->6302K(6464K) NonClass: 5769K(5824K)->5769K(5824K) Class: 533K(640K)->533K(640K)
[183.948s][info][gc             ] GC(330) Pause Full (Ergonomics) 5021M->5021M(5173M) 1609.480ms
[183.948s][info][gc,cpu         ] GC(330) User=11.94s Sys=0.00s Real=1.61s
[183.948s][info][gc,start       ] GC(331) Pause Full (Allocation Failure)
[183.948s][info][gc,phases,start] GC(331) Marking Phase
[185.181s][info][gc,phases      ] GC(331) Marking Phase 1232.990ms
[185.181s][info][gc,phases,start] GC(331) Summary Phase
[185.182s][info][gc,phases      ] GC(331) Summary Phase 0.093ms
[185.182s][info][gc,phases,start] GC(331) Adjust Roots
[185.182s][info][gc,phases      ] GC(331) Adjust Roots 0.512ms
[185.182s][info][gc,phases,start] GC(331) Compaction Phase
[186.469s][info][gc,phases      ] GC(331) Compaction Phase 1287.199ms
[186.469s][info][gc,phases,start] GC(331) Post Compact
[186.478s][info][gc,phases      ] GC(331) Post Compact 8.510ms
[186.478s][info][gc,heap        ] GC(331) PSYoungGen: 158321K(313856K)->158321K(313856K) Eden: 62463K(62464K)->62463K(62464K) From: 95857K(251392K)->95857K(251392K)
[186.478s][info][gc,heap        ] GC(331) ParOldGen: 4983807K(4983808K)->4983803K(4983808K)
[186.478s][info][gc,metaspace   ] GC(331) Metaspace: 6302K(6464K)->6300K(6464K) NonClass: 5769K(5824K)->5767K(5824K) Class: 533K(640K)->532K(640K)
[186.478s][info][gc             ] GC(331) Pause Full (Allocation Failure) 5021M->5021M(5173M) 2529.816ms
[186.478s][info][gc,cpu         ] GC(331) User=18.03s Sys=0.02s Real=2.53s
[186.479s][info][gc,start       ] GC(332) Pause Full (Ergonomics)
[186.479s][info][gc,phases,start] GC(332) Marking Phase
[187.753s][info][gc,phases      ] GC(332) Marking Phase 1274.457ms
[187.753s][info][gc,phases,start] GC(332) Summary Phase
[187.753s][info][gc,phases      ] GC(332) Summary Phase 0.090ms
[187.753s][info][gc,phases,start] GC(332) Adjust Roots
[187.754s][info][gc,phases      ] GC(332) Adjust Roots 0.300ms
[187.754s][info][gc,phases,start] GC(332) Compaction Phase
[188.188s][info][gc,phases      ] GC(332) Compaction Phase 434.713ms
[188.189s][info][gc,phases,start] GC(332) Post Compact
[188.198s][info][gc,phases      ] GC(332) Post Compact 8.968ms
[188.198s][info][gc,heap        ] GC(332) PSYoungGen: 158321K(313856K)->158321K(313856K) Eden: 62463K(62464K)->62463K(62464K) From: 95857K(251392K)->95857K(251392K)
[188.198s][info][gc,heap        ] GC(332) ParOldGen: 4983806K(4983808K)->4983806K(4983808K)
[188.198s][info][gc,metaspace   ] GC(332) Metaspace: 6300K(6464K)->6300K(6464K) NonClass: 5767K(5824K)->5767K(5824K) Class: 532K(640K)->532K(640K)
[188.198s][info][gc             ] GC(332) Pause Full (Ergonomics) 5021M->5021M(5173M) 1718.987ms
[188.198s][info][gc,cpu         ] GC(332) User=11.97s Sys=0.00s Real=1.72s
[188.198s][info][gc,start       ] GC(333) Pause Full (Ergonomics)
[188.198s][info][gc,phases,start] GC(333) Marking Phase
[189.440s][info][gc,phases      ] GC(333) Marking Phase 1242.132ms
[189.441s][info][gc,phases,start] GC(333) Summary Phase
[189.441s][info][gc,phases      ] GC(333) Summary Phase 0.079ms
[189.441s][info][gc,phases,start] GC(333) Adjust Roots
[189.441s][info][gc,phases      ] GC(333) Adjust Roots 0.309ms
[189.441s][info][gc,phases,start] GC(333) Compaction Phase
[189.863s][info][gc,phases      ] GC(333) Compaction Phase 421.864ms
[189.863s][info][gc,phases,start] GC(333) Post Compact
[189.871s][info][gc,phases      ] GC(333) Post Compact 7.755ms
[189.871s][info][gc,heap        ] GC(333) PSYoungGen: 158321K(313856K)->158321K(313856K) Eden: 62463K(62464K)->62463K(62464K) From: 95857K(251392K)->95857K(251392K)
[189.871s][info][gc,heap        ] GC(333) ParOldGen: 4983807K(4983808K)->4983807K(4983808K)
[189.871s][info][gc,metaspace   ] GC(333) Metaspace: 6300K(6464K)->6300K(6464K) NonClass: 5767K(5824K)->5767K(5824K) Class: 532K(640K)->532K(640K)
[189.871s][info][gc             ] GC(333) Pause Full (Ergonomics) 5021M->5021M(5173M) 1672.551ms
[189.871s][info][gc,cpu         ] GC(333) User=12.08s Sys=0.00s Real=1.67s
[189.871s][info][gc,start       ] GC(334) Pause Full (Allocation Failure)
[189.871s][info][gc,phases,start] GC(334) Marking Phase
[191.120s][info][gc,phases      ] GC(334) Marking Phase 1248.592ms
[191.120s][info][gc,phases,start] GC(334) Summary Phase
[191.120s][info][gc,phases      ] GC(334) Summary Phase 0.097ms
[191.120s][info][gc,phases,start] GC(334) Adjust Roots
[191.120s][info][gc,phases      ] GC(334) Adjust Roots 0.272ms
[191.120s][info][gc,phases,start] GC(334) Compaction Phase
[191.520s][info][gc,phases      ] GC(334) Compaction Phase 399.651ms
[191.520s][info][gc,phases,start] GC(334) Post Compact
[191.530s][info][gc,phases      ] GC(334) Post Compact 10.614ms
[191.531s][info][gc,heap        ] GC(334) PSYoungGen: 158321K(313856K)->158321K(313856K) Eden: 62463K(62464K)->62463K(62464K) From: 95857K(251392K)->95857K(251392K)
[191.531s][info][gc,heap        ] GC(334) ParOldGen: 4983807K(4983808K)->4983807K(4983808K)
[191.531s][info][gc,metaspace   ] GC(334) Metaspace: 6300K(6464K)->6300K(6464K) NonClass: 5767K(5824K)->5767K(5824K) Class: 532K(640K)->532K(640K)
[191.531s][info][gc             ] GC(334) Pause Full (Allocation Failure) 5021M->5021M(5173M) 1659.745ms
[191.531s][info][gc,cpu         ] GC(334) User=11.84s Sys=0.02s Real=1.66s
[191.532s][info][gc,start       ] GC(335) Pause Full (Ergonomics)
[191.532s][info][gc,phases,start] GC(335) Marking Phase
[192.801s][info][gc,phases      ] GC(335) Marking Phase 1268.327ms
[192.801s][info][gc,phases,start] GC(335) Summary Phase
[192.801s][info][gc,phases      ] GC(335) Summary Phase 0.108ms
[192.801s][info][gc,phases,start] GC(335) Adjust Roots
[192.801s][info][gc,phases      ] GC(335) Adjust Roots 0.429ms
[192.801s][info][gc,phases,start] GC(335) Compaction Phase
[194.070s][info][gc,phases      ] GC(335) Compaction Phase 1268.125ms
[194.070s][info][gc,phases,start] GC(335) Post Compact
[194.079s][info][gc,phases      ] GC(335) Post Compact 9.014ms
[194.079s][info][gc,heap        ] GC(335) PSYoungGen: 158321K(313856K)->158321K(313856K) Eden: 62463K(62464K)->62463K(62464K) From: 95857K(251392K)->95857K(251392K)
[194.079s][info][gc,heap        ] GC(335) ParOldGen: 4983807K(4983808K)->4983806K(4983808K)
[194.079s][info][gc,metaspace   ] GC(335) Metaspace: 6300K(6464K)->6300K(6464K) NonClass: 5767K(5824K)->5767K(5824K) Class: 532K(640K)->532K(640K)
[194.079s][info][gc             ] GC(335) Pause Full (Ergonomics) 5021M->5021M(5173M) 2546.522ms
[194.079s][info][gc,cpu         ] GC(335) User=17.72s Sys=0.03s Real=2.55s
[194.080s][info][gc,start       ] GC(336) Pause Full (Ergonomics)
[194.080s][info][gc,phases,start] GC(336) Marking Phase
[195.251s][info][gc,phases      ] GC(336) Marking Phase 1170.518ms
[195.251s][info][gc,phases,start] GC(336) Summary Phase
[195.251s][info][gc,phases      ] GC(336) Summary Phase 0.088ms
[195.251s][info][gc,phases,start] GC(336) Adjust Roots
[195.251s][info][gc,phases      ] GC(336) Adjust Roots 0.386ms
[195.251s][info][gc,phases,start] GC(336) Compaction Phase
[196.556s][info][gc,phases      ] GC(336) Compaction Phase 1304.753ms
[196.556s][info][gc,phases,start] GC(336) Post Compact
[196.566s][info][gc,phases      ] GC(336) Post Compact 9.573ms
[196.566s][info][gc,heap        ] GC(336) PSYoungGen: 158321K(313856K)->158321K(313856K) Eden: 62463K(62464K)->62463K(62464K) From: 95857K(251392K)->95857K(251392K)
[196.566s][info][gc,heap        ] GC(336) ParOldGen: 4983807K(4983808K)->4983805K(4983808K)
[196.566s][info][gc,metaspace   ] GC(336) Metaspace: 6302K(6528K)->6302K(6528K) NonClass: 5768K(5888K)->5768K(5888K) Class: 533K(640K)->533K(640K)
[196.566s][info][gc             ] GC(336) Pause Full (Ergonomics) 5021M->5021M(5173M) 2485.838ms
[196.566s][info][gc,cpu         ] GC(336) User=18.20s Sys=0.00s Real=2.49s
[196.567s][info][gc,heap,exit   ] Heap
[196.567s][info][gc,heap,exit   ]  PSYoungGen      total 313856K, used 158321K [0x0000000767f00000, 0x000000078cb00000, 0x0000000800000000)
[196.567s][info][gc,heap,exit   ]   eden space 62464K, 99% used [0x0000000767f00000,0x000000076bbffff8,0x000000076bc00000)
[196.567s][info][gc,heap,exit   ]   from space 251392K, 38% used [0x000000077c000000,0x0000000781d9c538,0x000000078b580000)
[196.567s][info][gc,heap,exit   ]   to   space 266240K, 0% used [0x000000076bc00000,0x000000076bc00000,0x000000077c000000)
[196.567s][info][gc,heap,exit   ]  ParOldGen       total 4983808K, used 4983806K [0x0000000637c00000, 0x0000000767f00000, 0x0000000767f00000)
[196.567s][info][gc,heap,exit   ]   object space 4983808K, 99% used [0x0000000637c00000,0x0000000767eff808,0x0000000767f00000)
[196.567s][info][gc,heap,exit   ]  Metaspace       used 6305K, committed 6528K, reserved 1114112K
[196.567s][info][gc,heap,exit   ]   class space    used 534K, committed 640K, reserved 1048576K
