[0.012s][info][gc,init] CardTable entry size: 512
[0.012s][info][gc     ] Using Parallel
[0.013s][info][gc,init] Version: 18.0.1+10 (release)
[0.013s][info][gc,init] CPUs: 8 total, 8 available
[0.013s][info][gc,init] Memory: 16063M
[0.013s][info][gc,init] Large Page Support: Disabled
[0.013s][info][gc,init] NUMA Support: Disabled
[0.013s][info][gc,init] Compressed Oops: Enabled (32-bit)
[0.013s][info][gc,init] Alignments: Space 512K, Generation 512K, Heap 2M
[0.013s][info][gc,init] Heap Min Capacity: 2M
[0.013s][info][gc,init] Heap Initial Capacity: 2M
[0.013s][info][gc,init] Heap Max Capacity: 600M
[0.013s][info][gc,init] Pre-touch: Disabled
[0.013s][info][gc,init] Parallel Workers: 8
[0.013s][info][gc,metaspace] CDS archive(s) not mapped
[0.013s][info][gc,metaspace] Compressed class space mapped at: 0x0000000100000000-0x0000000140000000, reserved size: 1073741824
[0.013s][info][gc,metaspace] Narrow klass base: 0x0000000000000000, Narrow klass shift: 3, Narrow klass range: 0x140000000
[0.116s][info][gc,start    ] GC(0) Pause Young (Allocation Failure)
[0.117s][info][gc,heap     ] GC(0) PSYoungGen: 512K(1024K)->480K(1024K) Eden: 512K(512K)->0K(512K) From: 0K(512K)->480K(512K)
[0.117s][info][gc,heap     ] GC(0) ParOldGen: 0K(512K)->8K(512K)
[0.118s][info][gc,metaspace] GC(0) Metaspace: 4229K(4352K)->4229K(4352K) NonClass: 3908K(3968K)->3908K(3968K) Class: 321K(384K)->321K(384K)
[0.118s][info][gc          ] GC(0) Pause Young (Allocation Failure) 0M->0M(1M) 1.237ms
[0.118s][info][gc,cpu      ] GC(0) User=0.00s Sys=0.00s Real=0.00s
[0.178s][info][gc,start    ] GC(1) Pause Young (Allocation Failure)
[0.179s][info][gc,heap     ] GC(1) PSYoungGen: 991K(1024K)->512K(1536K) Eden: 511K(512K)->0K(1024K) From: 480K(512K)->512K(512K)
[0.179s][info][gc,heap     ] GC(1) ParOldGen: 8K(512K)->80K(512K)
[0.179s][info][gc,metaspace] GC(1) Metaspace: 5877K(5952K)->5877K(5952K) NonClass: 5380K(5440K)->5380K(5440K) Class: 496K(512K)->496K(512K)
[0.179s][info][gc          ] GC(1) Pause Young (Allocation Failure) 0M->0M(2M) 0.859ms
[0.179s][info][gc,cpu      ] GC(1) User=0.00s Sys=0.00s Real=0.00s
[0.200s][info][gc,start    ] GC(2) Pause Young (Allocation Failure)
[0.201s][info][gc,heap     ] GC(2) PSYoungGen: 1536K(1536K)->512K(1536K) Eden: 1024K(1024K)->0K(1024K) From: 512K(512K)->512K(512K)
[0.201s][info][gc,heap     ] GC(2) ParOldGen: 80K(512K)->512K(1024K)
[0.201s][info][gc,metaspace] GC(2) Metaspace: 6296K(6464K)->6296K(6464K) NonClass: 5763K(5824K)->5763K(5824K) Class: 533K(640K)->533K(640K)
[0.201s][info][gc          ] GC(2) Pause Young (Allocation Failure) 1M->1M(2M) 1.173ms
[0.201s][info][gc,cpu      ] GC(2) User=0.00s Sys=0.02s Real=0.00s
[0.203s][info][gc,start    ] GC(3) Pause Young (Allocation Failure)
[0.204s][info][gc,heap     ] GC(3) PSYoungGen: 1536K(1536K)->480K(2560K) Eden: 1024K(1024K)->0K(2048K) From: 512K(512K)->480K(512K)
[0.204s][info][gc,heap     ] GC(3) ParOldGen: 512K(1024K)->1072K(1536K)
[0.204s][info][gc,metaspace] GC(3) Metaspace: 6296K(6464K)->6296K(6464K) NonClass: 5763K(5824K)->5763K(5824K) Class: 533K(640K)->533K(640K)
[0.204s][info][gc          ] GC(3) Pause Young (Allocation Failure) 2M->1M(4M) 1.273ms
[0.204s][info][gc,cpu      ] GC(3) User=0.00s Sys=0.00s Real=0.00s
[0.204s][info][gc,start    ] GC(4) Pause Full (Ergonomics)
[0.204s][info][gc,phases,start] GC(4) Marking Phase
[0.205s][info][gc,phases      ] GC(4) Marking Phase 1.186ms
[0.205s][info][gc,phases,start] GC(4) Summary Phase
[0.205s][info][gc,phases      ] GC(4) Summary Phase 0.015ms
[0.205s][info][gc,phases,start] GC(4) Adjust Roots
[0.206s][info][gc,phases      ] GC(4) Adjust Roots 0.425ms
[0.206s][info][gc,phases,start] GC(4) Compaction Phase
[0.208s][info][gc,phases      ] GC(4) Compaction Phase 2.486ms
[0.208s][info][gc,phases,start] GC(4) Post Compact
[0.208s][info][gc,phases      ] GC(4) Post Compact 0.072ms
[0.209s][info][gc,heap        ] GC(4) PSYoungGen: 480K(2560K)->0K(2560K) Eden: 0K(2048K)->0K(2048K) From: 480K(512K)->0K(512K)
[0.209s][info][gc,heap        ] GC(4) ParOldGen: 1072K(1536K)->1495K(3584K)
[0.209s][info][gc,metaspace   ] GC(4) Metaspace: 6296K(6464K)->6296K(6464K) NonClass: 5763K(5824K)->5763K(5824K) Class: 533K(640K)->533K(640K)
[0.209s][info][gc             ] GC(4) Pause Full (Ergonomics) 1M->1M(6M) 4.535ms
[0.209s][info][gc,cpu         ] GC(4) User=0.00s Sys=0.00s Real=0.00s
[0.212s][info][gc,start       ] GC(5) Pause Young (Allocation Failure)
[0.213s][info][gc,heap        ] GC(5) PSYoungGen: 2048K(2560K)->480K(3584K) Eden: 2048K(2048K)->0K(3072K) From: 0K(512K)->480K(512K)
[0.213s][info][gc,heap        ] GC(5) ParOldGen: 1495K(3584K)->2111K(3584K)
[0.213s][info][gc,metaspace   ] GC(5) Metaspace: 6296K(6464K)->6296K(6464K) NonClass: 5763K(5824K)->5763K(5824K) Class: 533K(640K)->533K(640K)
[0.213s][info][gc             ] GC(5) Pause Young (Allocation Failure) 3M->2M(7M) 1.440ms
[0.213s][info][gc,cpu         ] GC(5) User=0.00s Sys=0.00s Real=0.00s
[0.218s][info][gc,start       ] GC(6) Pause Young (Allocation Failure)
[0.220s][info][gc,heap        ] GC(6) PSYoungGen: 3552K(3584K)->1504K(4608K) Eden: 3072K(3072K)->0K(3072K) From: 480K(512K)->1504K(1536K)
[0.220s][info][gc,heap        ] GC(6) ParOldGen: 2111K(3584K)->2679K(3584K)
[0.220s][info][gc,metaspace   ] GC(6) Metaspace: 6296K(6464K)->6296K(6464K) NonClass: 5763K(5824K)->5763K(5824K) Class: 533K(640K)->533K(640K)
[0.220s][info][gc             ] GC(6) Pause Young (Allocation Failure) 5M->4M(8M) 2.093ms
[0.220s][info][gc,cpu         ] GC(6) User=0.00s Sys=0.00s Real=0.00s
[0.224s][info][gc,start       ] GC(7) Pause Young (Allocation Failure)
[0.226s][info][gc,heap        ] GC(7) PSYoungGen: 4576K(4608K)->2016K(7168K) Eden: 3072K(3072K)->0K(5120K) From: 1504K(1536K)->2016K(2048K)
[0.226s][info][gc,heap        ] GC(7) ParOldGen: 2679K(3584K)->3775K(4096K)
[0.226s][info][gc,metaspace   ] GC(7) Metaspace: 6296K(6464K)->6296K(6464K) NonClass: 5763K(5824K)->5763K(5824K) Class: 533K(640K)->533K(640K)
[0.226s][info][gc             ] GC(7) Pause Young (Allocation Failure) 7M->5M(11M) 2.618ms
[0.227s][info][gc,cpu         ] GC(7) User=0.00s Sys=0.00s Real=0.00s
[0.227s][info][gc,start       ] GC(8) Pause Full (Ergonomics)
[0.227s][info][gc,phases,start] GC(8) Marking Phase
[0.230s][info][gc,phases      ] GC(8) Marking Phase 3.183ms
[0.230s][info][gc,phases,start] GC(8) Summary Phase
[0.230s][info][gc,phases      ] GC(8) Summary Phase 0.016ms
[0.230s][info][gc,phases,start] GC(8) Adjust Roots
[0.230s][info][gc,phases      ] GC(8) Adjust Roots 0.332ms
[0.230s][info][gc,phases,start] GC(8) Compaction Phase
[0.234s][info][gc,phases      ] GC(8) Compaction Phase 3.650ms
[0.234s][info][gc,phases,start] GC(8) Post Compact
[0.234s][info][gc,phases      ] GC(8) Post Compact 0.040ms
[0.234s][info][gc,heap        ] GC(8) PSYoungGen: 2016K(7168K)->2012K(7168K) Eden: 0K(5120K)->0K(5120K) From: 2016K(2048K)->2012K(2048K)
[0.234s][info][gc,heap        ] GC(8) ParOldGen: 3775K(4096K)->3682K(6656K)
[0.234s][info][gc,metaspace   ] GC(8) Metaspace: 6296K(6464K)->6296K(6464K) NonClass: 5763K(5824K)->5763K(5824K) Class: 533K(640K)->533K(640K)
[0.234s][info][gc             ] GC(8) Pause Full (Ergonomics) 5M->5M(13M) 7.486ms
[0.234s][info][gc,cpu         ] GC(8) User=0.00s Sys=0.00s Real=0.01s
[0.240s][info][gc,start       ] GC(9) Pause Young (Allocation Failure)
[0.244s][info][gc,heap        ] GC(9) PSYoungGen: 7132K(7168K)->3040K(8192K) Eden: 5120K(5120K)->0K(5120K) From: 2012K(2048K)->3040K(3072K)
[0.245s][info][gc,heap        ] GC(9) ParOldGen: 3682K(6656K)->5330K(6656K)
[0.245s][info][gc,metaspace   ] GC(9) Metaspace: 6296K(6464K)->6296K(6464K) NonClass: 5763K(5824K)->5763K(5824K) Class: 533K(640K)->533K(640K)
[0.245s][info][gc             ] GC(9) Pause Young (Allocation Failure) 10M->8M(14M) 4.293ms
[0.245s][info][gc,cpu         ] GC(9) User=0.00s Sys=0.00s Real=0.00s
[0.245s][info][gc,start       ] GC(10) Pause Full (Ergonomics)
[0.245s][info][gc,phases,start] GC(10) Marking Phase
[0.248s][info][gc,phases      ] GC(10) Marking Phase 3.810ms
[0.249s][info][gc,phases,start] GC(10) Summary Phase
[0.249s][info][gc,phases      ] GC(10) Summary Phase 0.014ms
[0.249s][info][gc,phases,start] GC(10) Adjust Roots
[0.249s][info][gc,phases      ] GC(10) Adjust Roots 0.174ms
[0.249s][info][gc,phases,start] GC(10) Compaction Phase
[0.252s][info][gc,phases      ] GC(10) Compaction Phase 3.116ms
[0.252s][info][gc,phases,start] GC(10) Post Compact
[0.252s][info][gc,phases      ] GC(10) Post Compact 0.045ms
[0.252s][info][gc,heap        ] GC(10) PSYoungGen: 3040K(8192K)->2012K(8192K) Eden: 0K(5120K)->0K(5120K) From: 3040K(3072K)->2012K(3072K)
[0.252s][info][gc,heap        ] GC(10) ParOldGen: 5330K(6656K)->6318K(10752K)
[0.252s][info][gc,metaspace   ] GC(10) Metaspace: 6296K(6464K)->6296K(6464K) NonClass: 5763K(5824K)->5763K(5824K) Class: 533K(640K)->533K(640K)
[0.252s][info][gc             ] GC(10) Pause Full (Ergonomics) 8M->8M(18M) 7.535ms
[0.252s][info][gc,cpu         ] GC(10) User=0.00s Sys=0.00s Real=0.01s
[0.258s][info][gc,start       ] GC(11) Pause Young (Allocation Failure)
[0.262s][info][gc,heap        ] GC(11) PSYoungGen: 7132K(8192K)->4224K(10752K) Eden: 5120K(5120K)->0K(6144K) From: 2012K(3072K)->4224K(4608K)
[0.262s][info][gc,heap        ] GC(11) ParOldGen: 6318K(10752K)->6814K(10752K)
[0.262s][info][gc,metaspace   ] GC(11) Metaspace: 6296K(6464K)->6296K(6464K) NonClass: 5763K(5824K)->5763K(5824K) Class: 533K(640K)->533K(640K)
[0.262s][info][gc             ] GC(11) Pause Young (Allocation Failure) 13M->10M(21M) 3.883ms
[0.262s][info][gc,cpu         ] GC(11) User=0.00s Sys=0.00s Real=0.00s
[0.268s][info][gc,start       ] GC(12) Pause Young (Allocation Failure)
[0.274s][info][gc,heap        ] GC(12) PSYoungGen: 10368K(10752K)->5088K(11264K) Eden: 6144K(6144K)->0K(6144K) From: 4224K(4608K)->5088K(5120K)
[0.274s][info][gc,heap        ] GC(12) ParOldGen: 6814K(10752K)->9366K(10752K)
[0.274s][info][gc,metaspace   ] GC(12) Metaspace: 6296K(6464K)->6296K(6464K) NonClass: 5763K(5824K)->5763K(5824K) Class: 533K(640K)->533K(640K)
[0.274s][info][gc             ] GC(12) Pause Young (Allocation Failure) 16M->14M(21M) 5.425ms
[0.274s][info][gc,cpu         ] GC(12) User=0.00s Sys=0.00s Real=0.01s
[0.274s][info][gc,start       ] GC(13) Pause Full (Ergonomics)
[0.274s][info][gc,phases,start] GC(13) Marking Phase
[0.280s][info][gc,phases      ] GC(13) Marking Phase 5.973ms
[0.280s][info][gc,phases,start] GC(13) Summary Phase
[0.280s][info][gc,phases      ] GC(13) Summary Phase 0.020ms
[0.280s][info][gc,phases,start] GC(13) Adjust Roots
[0.280s][info][gc,phases      ] GC(13) Adjust Roots 0.183ms
[0.280s][info][gc,phases,start] GC(13) Compaction Phase
[0.287s][info][gc,phases      ] GC(13) Compaction Phase 6.790ms
[0.287s][info][gc,phases,start] GC(13) Post Compact
[0.287s][info][gc,phases      ] GC(13) Post Compact 0.071ms
[0.287s][info][gc,heap        ] GC(13) PSYoungGen: 5088K(11264K)->3545K(11264K) Eden: 0K(6144K)->0K(6144K) From: 5088K(5120K)->3545K(5120K)
[0.287s][info][gc,heap        ] GC(13) ParOldGen: 9366K(10752K)->10585K(16384K)
[0.287s][info][gc,metaspace   ] GC(13) Metaspace: 6296K(6464K)->6296K(6464K) NonClass: 5763K(5824K)->5763K(5824K) Class: 533K(640K)->533K(640K)
[0.287s][info][gc             ] GC(13) Pause Full (Ergonomics) 14M->13M(27M) 13.397ms
[0.287s][info][gc,cpu         ] GC(13) User=0.00s Sys=0.00s Real=0.01s
[0.292s][info][gc,start       ] GC(14) Pause Young (Allocation Failure)
[0.298s][info][gc,heap        ] GC(14) PSYoungGen: 9689K(11264K)->6048K(14848K) Eden: 6144K(6144K)->0K(7680K) From: 3545K(5120K)->6048K(7168K)
[0.298s][info][gc,heap        ] GC(14) ParOldGen: 10585K(16384K)->11289K(16384K)
[0.298s][info][gc,metaspace   ] GC(14) Metaspace: 6298K(6464K)->6298K(6464K) NonClass: 5765K(5824K)->5765K(5824K) Class: 533K(640K)->533K(640K)
[0.298s][info][gc             ] GC(14) Pause Young (Allocation Failure) 19M->16M(30M) 6.092ms
[0.298s][info][gc,cpu         ] GC(14) User=0.02s Sys=0.00s Real=0.01s
[0.303s][info][gc,start       ] GC(15) Pause Young (Allocation Failure)
[0.310s][info][gc,heap        ] GC(15) PSYoungGen: 13728K(14848K)->7680K(15360K) Eden: 7680K(7680K)->0K(7680K) From: 6048K(7168K)->7680K(7680K)
[0.310s][info][gc,heap        ] GC(15) ParOldGen: 11289K(16384K)->13633K(16384K)
[0.310s][info][gc,metaspace   ] GC(15) Metaspace: 6298K(6464K)->6298K(6464K) NonClass: 5765K(5824K)->5765K(5824K) Class: 533K(640K)->533K(640K)
[0.310s][info][gc             ] GC(15) Pause Young (Allocation Failure) 24M->20M(31M) 6.740ms
[0.310s][info][gc,cpu         ] GC(15) User=0.00s Sys=0.00s Real=0.01s
[0.317s][info][gc,start       ] GC(16) Pause Young (Allocation Failure)
[0.327s][info][gc,heap        ] GC(16) PSYoungGen: 15360K(15360K)->8224K(19456K) Eden: 7680K(7680K)->0K(9216K) From: 7680K(7680K)->8224K(10240K)
[0.328s][info][gc,heap        ] GC(16) ParOldGen: 13633K(16384K)->17649K(17920K)
[0.328s][info][gc,metaspace   ] GC(16) Metaspace: 6298K(6464K)->6298K(6464K) NonClass: 5765K(5824K)->5765K(5824K) Class: 533K(640K)->533K(640K)
[0.328s][info][gc             ] GC(16) Pause Young (Allocation Failure) 28M->25M(36M) 10.559ms
[0.328s][info][gc,cpu         ] GC(16) User=0.00s Sys=0.02s Real=0.01s
[0.328s][info][gc,start       ] GC(17) Pause Full (Ergonomics)
[0.328s][info][gc,phases,start] GC(17) Marking Phase
[0.338s][info][gc,phases      ] GC(17) Marking Phase 10.589ms
[0.338s][info][gc,phases,start] GC(17) Summary Phase
[0.338s][info][gc,phases      ] GC(17) Summary Phase 0.015ms
[0.338s][info][gc,phases,start] GC(17) Adjust Roots
[0.339s][info][gc,phases      ] GC(17) Adjust Roots 0.207ms
[0.339s][info][gc,phases,start] GC(17) Compaction Phase
[0.348s][info][gc,phases      ] GC(17) Compaction Phase 9.855ms
[0.348s][info][gc,phases,start] GC(17) Post Compact
[0.349s][info][gc,phases      ] GC(17) Post Compact 0.114ms
[0.349s][info][gc,heap        ] GC(17) PSYoungGen: 8224K(19456K)->8181K(19456K) Eden: 0K(9216K)->0K(9216K) From: 8224K(10240K)->8181K(10240K)
[0.349s][info][gc,heap        ] GC(17) ParOldGen: 17649K(17920K)->17002K(25088K)
[0.349s][info][gc,metaspace   ] GC(17) Metaspace: 6298K(6464K)->6298K(6464K) NonClass: 5765K(5824K)->5765K(5824K) Class: 533K(640K)->533K(640K)
[0.349s][info][gc             ] GC(17) Pause Full (Ergonomics) 25M->24M(43M) 21.086ms
[0.349s][info][gc,cpu         ] GC(17) User=0.00s Sys=0.00s Real=0.02s
[0.356s][info][gc,start       ] GC(18) Pause Young (Allocation Failure)
[0.366s][info][gc,heap        ] GC(18) PSYoungGen: 17397K(19456K)->4800K(20480K) Eden: 9216K(9216K)->0K(9216K) From: 8181K(10240K)->4800K(11264K)
[0.366s][info][gc,heap        ] GC(18) ParOldGen: 17002K(25088K)->25306K(25600K)
[0.366s][info][gc,metaspace   ] GC(18) Metaspace: 6298K(6464K)->6298K(6464K) NonClass: 5765K(5824K)->5765K(5824K) Class: 533K(640K)->533K(640K)
[0.366s][info][gc             ] GC(18) Pause Young (Allocation Failure) 33M->29M(45M) 9.553ms
[0.366s][info][gc,cpu         ] GC(18) User=0.00s Sys=0.00s Real=0.01s
[0.366s][info][gc,start       ] GC(19) Pause Full (Ergonomics)
[0.366s][info][gc,phases,start] GC(19) Marking Phase
[0.378s][info][gc,phases      ] GC(19) Marking Phase 12.401ms
[0.378s][info][gc,phases,start] GC(19) Summary Phase
[0.378s][info][gc,phases      ] GC(19) Summary Phase 0.018ms
[0.378s][info][gc,phases,start] GC(19) Adjust Roots
[0.379s][info][gc,phases      ] GC(19) Adjust Roots 0.202ms
[0.379s][info][gc,phases,start] GC(19) Compaction Phase
[0.389s][info][gc,phases      ] GC(19) Compaction Phase 10.744ms
[0.389s][info][gc,phases,start] GC(19) Post Compact
[0.390s][info][gc,phases      ] GC(19) Post Compact 0.130ms
[0.390s][info][gc,heap        ] GC(19) PSYoungGen: 4800K(20480K)->4763K(20480K) Eden: 0K(9216K)->0K(9216K) From: 4800K(11264K)->4763K(11264K)
[0.390s][info][gc,heap        ] GC(19) ParOldGen: 25306K(25600K)->25183K(37376K)
[0.390s][info][gc,metaspace   ] GC(19) Metaspace: 6298K(6464K)->6298K(6464K) NonClass: 5765K(5824K)->5765K(5824K) Class: 533K(640K)->533K(640K)
[0.390s][info][gc             ] GC(19) Pause Full (Ergonomics) 29M->29M(56M) 23.902ms
[0.390s][info][gc,cpu         ] GC(19) User=0.02s Sys=0.00s Real=0.02s
[0.397s][info][gc,start       ] GC(20) Pause Young (Allocation Failure)
[0.408s][info][gc,heap        ] GC(20) PSYoungGen: 13979K(20480K)->7968K(22528K) Eden: 9216K(9216K)->0K(11776K) From: 4763K(11264K)->7968K(10752K)
[0.408s][info][gc,heap        ] GC(20) ParOldGen: 25183K(37376K)->30031K(37376K)
[0.408s][info][gc,metaspace   ] GC(20) Metaspace: 6298K(6464K)->6298K(6464K) NonClass: 5765K(5824K)->5765K(5824K) Class: 533K(640K)->533K(640K)
[0.408s][info][gc             ] GC(20) Pause Young (Allocation Failure) 38M->37M(58M) 10.535ms
[0.408s][info][gc,cpu         ] GC(20) User=0.00s Sys=0.00s Real=0.01s
[0.423s][info][gc,start       ] GC(21) Pause Young (Allocation Failure)
[0.436s][info][gc,heap        ] GC(21) PSYoungGen: 19744K(22528K)->11232K(23040K) Eden: 11776K(11776K)->0K(11776K) From: 7968K(10752K)->11232K(11264K)
[0.436s][info][gc,heap        ] GC(21) ParOldGen: 30031K(37376K)->38631K(38912K)
[0.436s][info][gc,metaspace   ] GC(21) Metaspace: 6298K(6464K)->6298K(6464K) NonClass: 5765K(5824K)->5765K(5824K) Class: 533K(640K)->533K(640K)
[0.436s][info][gc             ] GC(21) Pause Young (Allocation Failure) 48M->48M(60M) 13.806ms
[0.436s][info][gc,cpu         ] GC(21) User=0.00s Sys=0.00s Real=0.01s
[0.437s][info][gc,start       ] GC(22) Pause Full (Ergonomics)
[0.437s][info][gc,phases,start] GC(22) Marking Phase
[0.456s][info][gc,phases      ] GC(22) Marking Phase 19.236ms
[0.456s][info][gc,phases,start] GC(22) Summary Phase
[0.456s][info][gc,phases      ] GC(22) Summary Phase 0.019ms
[0.456s][info][gc,phases,start] GC(22) Adjust Roots
[0.456s][info][gc,phases      ] GC(22) Adjust Roots 0.183ms
[0.456s][info][gc,phases,start] GC(22) Compaction Phase
[0.474s][info][gc,phases      ] GC(22) Compaction Phase 18.142ms
[0.474s][info][gc,phases,start] GC(22) Post Compact
[0.474s][info][gc,phases      ] GC(22) Post Compact 0.168ms
[0.475s][info][gc,heap        ] GC(22) PSYoungGen: 11232K(23040K)->11214K(23040K) Eden: 0K(11776K)->0K(11776K) From: 11232K(11264K)->11214K(11264K)
[0.475s][info][gc,heap        ] GC(22) ParOldGen: 38631K(38912K)->37382K(53760K)
[0.475s][info][gc,metaspace   ] GC(22) Metaspace: 6298K(6464K)->6298K(6464K) NonClass: 5765K(5824K)->5765K(5824K) Class: 533K(640K)->533K(640K)
[0.475s][info][gc             ] GC(22) Pause Full (Ergonomics) 48M->47M(75M) 38.132ms
[0.475s][info][gc,cpu         ] GC(22) User=0.03s Sys=0.00s Real=0.04s
[0.487s][info][gc,start       ] GC(23) Pause Young (Allocation Failure)
[0.504s][info][gc,heap        ] GC(23) PSYoungGen: 22990K(23040K)->11808K(29696K) Eden: 11776K(11776K)->0K(13312K) From: 11214K(11264K)->11808K(16384K)
[0.504s][info][gc,heap        ] GC(23) ParOldGen: 37382K(53760K)->48750K(53760K)
[0.504s][info][gc,metaspace   ] GC(23) Metaspace: 6298K(6464K)->6298K(6464K) NonClass: 5765K(5824K)->5765K(5824K) Class: 533K(640K)->533K(640K)
[0.504s][info][gc             ] GC(23) Pause Young (Allocation Failure) 58M->59M(81M) 17.829ms
[0.504s][info][gc,cpu         ] GC(23) User=0.03s Sys=0.00s Real=0.02s
[0.504s][info][gc,start       ] GC(24) Pause Full (Ergonomics)
[0.505s][info][gc,phases,start] GC(24) Marking Phase
[0.526s][info][gc,phases      ] GC(24) Marking Phase 21.826ms
[0.526s][info][gc,phases,start] GC(24) Summary Phase
[0.526s][info][gc,phases      ] GC(24) Summary Phase 0.026ms
[0.526s][info][gc,phases,start] GC(24) Adjust Roots
[0.527s][info][gc,phases      ] GC(24) Adjust Roots 0.172ms
[0.527s][info][gc,phases,start] GC(24) Compaction Phase
[0.545s][info][gc,phases      ] GC(24) Compaction Phase 17.993ms
[0.545s][info][gc,phases,start] GC(24) Post Compact
[0.545s][info][gc,phases      ] GC(24) Post Compact 0.213ms
[0.545s][info][gc,heap        ] GC(24) PSYoungGen: 11808K(29696K)->6637K(29696K) Eden: 0K(13312K)->0K(13312K) From: 11808K(16384K)->6637K(16384K)
[0.545s][info][gc,heap        ] GC(24) ParOldGen: 48750K(53760K)->53706K(74240K)
[0.545s][info][gc,metaspace   ] GC(24) Metaspace: 6298K(6464K)->6298K(6464K) NonClass: 5765K(5824K)->5765K(5824K) Class: 533K(640K)->533K(640K)
[0.545s][info][gc             ] GC(24) Pause Full (Ergonomics) 59M->58M(101M) 40.602ms
[0.545s][info][gc,cpu         ] GC(24) User=0.03s Sys=0.00s Real=0.04s
[0.558s][info][gc,start       ] GC(25) Pause Young (Allocation Failure)
[0.575s][info][gc,heap        ] GC(25) PSYoungGen: 19949K(29696K)->17408K(30720K) Eden: 13312K(13312K)->0K(13312K) From: 6637K(16384K)->17408K(17408K)
[0.575s][info][gc,heap        ] GC(25) ParOldGen: 53706K(74240K)->56298K(74240K)
[0.575s][info][gc,metaspace   ] GC(25) Metaspace: 6298K(6464K)->6298K(6464K) NonClass: 5765K(5824K)->5765K(5824K) Class: 533K(640K)->533K(640K)
[0.575s][info][gc             ] GC(25) Pause Young (Allocation Failure) 71M->71M(102M) 16.578ms
[0.575s][info][gc,cpu         ] GC(25) User=0.03s Sys=0.00s Real=0.02s
[0.589s][info][gc,start       ] GC(26) Pause Young (Allocation Failure)
[0.611s][info][gc,heap        ] GC(26) PSYoungGen: 30720K(30720K)->13344K(36864K) Eden: 13312K(13312K)->0K(15360K) From: 17408K(17408K)->13344K(21504K)
[0.611s][info][gc,heap        ] GC(26) ParOldGen: 56298K(74240K)->73954K(74240K)
[0.611s][info][gc,metaspace   ] GC(26) Metaspace: 6298K(6464K)->6298K(6464K) NonClass: 5765K(5824K)->5765K(5824K) Class: 533K(640K)->533K(640K)
[0.611s][info][gc             ] GC(26) Pause Young (Allocation Failure) 84M->85M(108M) 22.559ms
[0.611s][info][gc,cpu         ] GC(26) User=0.00s Sys=0.03s Real=0.02s
[0.611s][info][gc,start       ] GC(27) Pause Full (Ergonomics)
[0.611s][info][gc,phases,start] GC(27) Marking Phase
[0.646s][info][gc,phases      ] GC(27) Marking Phase 34.076ms
[0.646s][info][gc,phases,start] GC(27) Summary Phase
[0.646s][info][gc,phases      ] GC(27) Summary Phase 0.019ms
[0.646s][info][gc,phases,start] GC(27) Adjust Roots
[0.646s][info][gc,phases      ] GC(27) Adjust Roots 0.174ms
[0.646s][info][gc,phases,start] GC(27) Compaction Phase
[0.670s][info][gc,phases      ] GC(27) Compaction Phase 24.449ms
[0.670s][info][gc,phases,start] GC(27) Post Compact
[0.671s][info][gc,phases      ] GC(27) Post Compact 0.600ms
[0.671s][info][gc,heap        ] GC(27) PSYoungGen: 13344K(36864K)->12772K(36864K) Eden: 0K(15360K)->0K(15360K) From: 13344K(21504K)->12772K(21504K)
[0.671s][info][gc,heap        ] GC(27) ParOldGen: 73954K(74240K)->74134K(100352K)
[0.671s][info][gc,metaspace   ] GC(27) Metaspace: 6298K(6464K)->6298K(6464K) NonClass: 5765K(5824K)->5765K(5824K) Class: 533K(640K)->533K(640K)
[0.671s][info][gc             ] GC(27) Pause Full (Ergonomics) 85M->84M(134M) 59.832ms
[0.671s][info][gc,cpu         ] GC(27) User=0.09s Sys=0.00s Real=0.06s
[0.692s][info][gc,start       ] GC(28) Pause Young (Allocation Failure)
[0.710s][info][gc,heap        ] GC(28) PSYoungGen: 28132K(36864K)->21984K(37376K) Eden: 15360K(15360K)->0K(15360K) From: 12772K(21504K)->21984K(22016K)
[0.710s][info][gc,heap        ] GC(28) ParOldGen: 74134K(100352K)->80406K(100352K)
[0.710s][info][gc,metaspace   ] GC(28) Metaspace: 6298K(6464K)->6298K(6464K) NonClass: 5765K(5824K)->5765K(5824K) Class: 533K(640K)->533K(640K)
[0.710s][info][gc             ] GC(28) Pause Young (Allocation Failure) 99M->99M(134M) 18.119ms
[0.710s][info][gc,cpu         ] GC(28) User=0.02s Sys=0.00s Real=0.02s
[0.725s][info][gc,start       ] GC(29) Pause Young (Allocation Failure)
[0.747s][info][gc,heap        ] GC(29) PSYoungGen: 37344K(37376K)->15424K(46592K) Eden: 15360K(15360K)->0K(18432K) From: 21984K(22016K)->15424K(28160K)
[0.747s][info][gc,heap        ] GC(29) ParOldGen: 80406K(100352K)->102646K(102912K)
[0.747s][info][gc,metaspace   ] GC(29) Metaspace: 6298K(6464K)->6298K(6464K) NonClass: 5765K(5824K)->5765K(5824K) Class: 533K(640K)->533K(640K)
[0.747s][info][gc             ] GC(29) Pause Young (Allocation Failure) 114M->115M(146M) 22.318ms
[0.747s][info][gc,cpu         ] GC(29) User=0.03s Sys=0.00s Real=0.02s
[0.747s][info][gc,start       ] GC(30) Pause Full (Ergonomics)
[0.747s][info][gc,phases,start] GC(30) Marking Phase
[0.778s][info][gc,phases      ] GC(30) Marking Phase 31.034ms
[0.778s][info][gc,phases,start] GC(30) Summary Phase
[0.778s][info][gc,phases      ] GC(30) Summary Phase 0.020ms
[0.778s][info][gc,phases,start] GC(30) Adjust Roots
[0.778s][info][gc,phases      ] GC(30) Adjust Roots 0.148ms
[0.778s][info][gc,phases,start] GC(30) Compaction Phase
[0.807s][info][gc,phases      ] GC(30) Compaction Phase 28.978ms
[0.807s][info][gc,phases,start] GC(30) Post Compact
[0.808s][info][gc,phases      ] GC(30) Post Compact 0.615ms
[0.808s][info][gc,heap        ] GC(30) PSYoungGen: 15424K(46592K)->12772K(46592K) Eden: 0K(18432K)->0K(18432K) From: 15424K(28160K)->12772K(28160K)
[0.808s][info][gc,heap        ] GC(30) ParOldGen: 102646K(102912K)->102752K(135680K)
[0.808s][info][gc,metaspace   ] GC(30) Metaspace: 6298K(6464K)->6298K(6464K) NonClass: 5765K(5824K)->5765K(5824K) Class: 533K(640K)->533K(640K)
[0.808s][info][gc             ] GC(30) Pause Full (Ergonomics) 115M->112M(178M) 61.392ms
[0.808s][info][gc,cpu         ] GC(30) User=0.16s Sys=0.00s Real=0.06s
[0.826s][info][gc,start       ] GC(31) Pause Young (Allocation Failure)
[0.848s][info][gc,heap        ] GC(31) PSYoungGen: 31204K(46592K)->18496K(46592K) Eden: 18432K(18432K)->0K(18432K) From: 12772K(28160K)->18496K(28160K)
[0.848s][info][gc,heap        ] GC(31) ParOldGen: 102752K(135680K)->115736K(135680K)
[0.848s][info][gc,metaspace   ] GC(31) Metaspace: 6298K(6464K)->6298K(6464K) NonClass: 5765K(5824K)->5765K(5824K) Class: 533K(640K)->533K(640K)
[0.848s][info][gc             ] GC(31) Pause Young (Allocation Failure) 130M->131M(178M) 21.973ms
[0.848s][info][gc,cpu         ] GC(31) User=0.08s Sys=0.05s Real=0.02s
[0.848s][info][gc,start       ] GC(32) Pause Full (Ergonomics)
[0.848s][info][gc,phases,start] GC(32) Marking Phase
[0.882s][info][gc,phases      ] GC(32) Marking Phase 33.437ms
[0.882s][info][gc,phases,start] GC(32) Summary Phase
[0.882s][info][gc,phases      ] GC(32) Summary Phase 0.017ms
[0.882s][info][gc,phases,start] GC(32) Adjust Roots
[0.882s][info][gc,phases      ] GC(32) Adjust Roots 0.140ms
[0.882s][info][gc,phases,start] GC(32) Compaction Phase
[0.901s][info][gc,phases      ] GC(32) Compaction Phase 18.973ms
[0.901s][info][gc,phases,start] GC(32) Post Compact
[0.902s][info][gc,phases      ] GC(32) Post Compact 0.696ms
[0.902s][info][gc,heap        ] GC(32) PSYoungGen: 18496K(46592K)->0K(51200K) Eden: 0K(18432K)->0K(22016K) From: 18496K(28160K)->0K(29184K)
[0.902s][info][gc,heap        ] GC(32) ParOldGen: 115736K(135680K)->133928K(169984K)
[0.902s][info][gc,metaspace   ] GC(32) Metaspace: 6298K(6464K)->6298K(6464K) NonClass: 5765K(5824K)->5765K(5824K) Class: 533K(640K)->533K(640K)
[0.902s][info][gc             ] GC(32) Pause Full (Ergonomics) 131M->130M(216M) 53.722ms
[0.902s][info][gc,cpu         ] GC(32) User=0.17s Sys=0.00s Real=0.05s
[0.925s][info][gc,start       ] GC(33) Pause Young (Allocation Failure)
[0.938s][info][gc,heap        ] GC(33) PSYoungGen: 22016K(51200K)->22080K(51200K) Eden: 22016K(22016K)->0K(22016K) From: 0K(29184K)->22080K(29184K)
[0.938s][info][gc,heap        ] GC(33) ParOldGen: 133928K(169984K)->133928K(169984K)
[0.938s][info][gc,metaspace   ] GC(33) Metaspace: 6298K(6464K)->6298K(6464K) NonClass: 5765K(5824K)->5765K(5824K) Class: 533K(640K)->533K(640K)
[0.938s][info][gc             ] GC(33) Pause Young (Allocation Failure) 152M->152M(216M) 12.901ms
[0.938s][info][gc,cpu         ] GC(33) User=0.02s Sys=0.00s Real=0.01s
[0.960s][info][gc,start       ] GC(34) Pause Young (Allocation Failure)
[0.982s][info][gc,heap        ] GC(34) PSYoungGen: 43185K(51200K)->31232K(47104K) Eden: 21105K(22016K)->0K(15872K) From: 22080K(29184K)->31232K(31232K)
[0.982s][info][gc,heap        ] GC(34) ParOldGen: 133928K(169984K)->145816K(169984K)
[0.982s][info][gc,metaspace   ] GC(34) Metaspace: 6298K(6464K)->6298K(6464K) NonClass: 5765K(5824K)->5765K(5824K) Class: 533K(640K)->533K(640K)
[0.982s][info][gc             ] GC(34) Pause Young (Allocation Failure) 172M->172M(212M) 21.818ms
[0.982s][info][gc,cpu         ] GC(34) User=0.08s Sys=0.00s Real=0.02s
[1.015s][info][gc,start       ] GC(35) Pause Young (Allocation Failure)
[1.042s][info][gc,heap        ] GC(35) PSYoungGen: 47104K(47104K)->31552K(56832K) Eden: 15872K(15872K)->0K(15872K) From: 31232K(31232K)->31552K(40960K)
[1.042s][info][gc,heap        ] GC(35) ParOldGen: 145816K(169984K)->161672K(169984K)
[1.042s][info][gc,metaspace   ] GC(35) Metaspace: 6298K(6464K)->6298K(6464K) NonClass: 5765K(5824K)->5765K(5824K) Class: 533K(640K)->533K(640K)
[1.042s][info][gc             ] GC(35) Pause Young (Allocation Failure) 188M->188M(221M) 26.979ms
[1.042s][info][gc,cpu         ] GC(35) User=0.08s Sys=0.00s Real=0.03s
[1.043s][info][gc,start       ] GC(36) Pause Full (Ergonomics)
[1.043s][info][gc,phases,start] GC(36) Marking Phase
[1.093s][info][gc,phases      ] GC(36) Marking Phase 50.162ms
[1.093s][info][gc,phases,start] GC(36) Summary Phase
[1.093s][info][gc,phases      ] GC(36) Summary Phase 0.017ms
[1.093s][info][gc,phases,start] GC(36) Adjust Roots
[1.093s][info][gc,phases      ] GC(36) Adjust Roots 0.147ms
[1.093s][info][gc,phases,start] GC(36) Compaction Phase
[1.129s][info][gc,phases      ] GC(36) Compaction Phase 35.608ms
[1.129s][info][gc,phases,start] GC(36) Post Compact
[1.129s][info][gc,phases      ] GC(36) Post Compact 0.853ms
[1.130s][info][gc,heap        ] GC(36) PSYoungGen: 31552K(56832K)->18639K(56832K) Eden: 0K(15872K)->0K(15872K) From: 31552K(40960K)->18639K(40960K)
[1.130s][info][gc,heap        ] GC(36) ParOldGen: 161672K(169984K)->169913K(209408K)
[1.130s][info][gc,metaspace   ] GC(36) Metaspace: 6298K(6464K)->6298K(6464K) NonClass: 5765K(5824K)->5765K(5824K) Class: 533K(640K)->533K(640K)
[1.130s][info][gc             ] GC(36) Pause Full (Ergonomics) 188M->184M(260M) 87.264ms
[1.130s][info][gc,cpu         ] GC(36) User=0.28s Sys=0.00s Real=0.09s
[1.146s][info][gc,start       ] GC(37) Pause Young (Allocation Failure)
[1.170s][info][gc,heap        ] GC(37) PSYoungGen: 34511K(56832K)->34656K(58880K) Eden: 15872K(15872K)->0K(14848K) From: 18639K(40960K)->34656K(44032K)
[1.170s][info][gc,heap        ] GC(37) ParOldGen: 169913K(209408K)->169913K(209408K)
[1.170s][info][gc,metaspace   ] GC(37) Metaspace: 6298K(6464K)->6298K(6464K) NonClass: 5765K(5824K)->5765K(5824K) Class: 533K(640K)->533K(640K)
[1.170s][info][gc             ] GC(37) Pause Young (Allocation Failure) 199M->199M(262M) 24.183ms
[1.170s][info][gc,cpu         ] GC(37) User=0.08s Sys=0.00s Real=0.02s
[1.185s][info][gc,start       ] GC(38) Pause Young (Allocation Failure)
[1.207s][info][gc,heap        ] GC(38) PSYoungGen: 49504K(58880K)->47616K(62464K) Eden: 14848K(14848K)->0K(14848K) From: 34656K(44032K)->47616K(47616K)
[1.207s][info][gc,heap        ] GC(38) ParOldGen: 169913K(209408K)->171761K(209408K)
[1.207s][info][gc,metaspace   ] GC(38) Metaspace: 6298K(6464K)->6298K(6464K) NonClass: 5765K(5824K)->5765K(5824K) Class: 533K(640K)->533K(640K)
[1.207s][info][gc             ] GC(38) Pause Young (Allocation Failure) 214M->214M(265M) 22.036ms
[1.207s][info][gc,cpu         ] GC(38) User=0.19s Sys=0.00s Real=0.02s
[1.223s][info][gc,start       ] GC(39) Pause Young (Allocation Failure)
[1.252s][info][gc,heap        ] GC(39) PSYoungGen: 62464K(62464K)->44672K(68608K) Eden: 14848K(14848K)->0K(12288K) From: 47616K(47616K)->44672K(56320K)
[1.252s][info][gc,heap        ] GC(39) ParOldGen: 171761K(209408K)->189849K(209408K)
[1.252s][info][gc,metaspace   ] GC(39) Metaspace: 6298K(6464K)->6298K(6464K) NonClass: 5765K(5824K)->5765K(5824K) Class: 533K(640K)->533K(640K)
[1.252s][info][gc             ] GC(39) Pause Young (Allocation Failure) 228M->229M(271M) 28.945ms
[1.252s][info][gc,cpu         ] GC(39) User=0.11s Sys=0.00s Real=0.03s
[1.252s][info][gc,start       ] GC(40) Pause Full (Ergonomics)
[1.252s][info][gc,phases,start] GC(40) Marking Phase
[1.310s][info][gc,phases      ] GC(40) Marking Phase 57.363ms
[1.310s][info][gc,phases,start] GC(40) Summary Phase
[1.310s][info][gc,phases      ] GC(40) Summary Phase 0.018ms
[1.310s][info][gc,phases,start] GC(40) Adjust Roots
[1.310s][info][gc,phases      ] GC(40) Adjust Roots 0.148ms
[1.310s][info][gc,phases,start] GC(40) Compaction Phase
[1.341s][info][gc,phases      ] GC(40) Compaction Phase 31.097ms
[1.341s][info][gc,phases,start] GC(40) Post Compact
[1.342s][info][gc,phases      ] GC(40) Post Compact 1.093ms
[1.343s][info][gc,heap        ] GC(40) PSYoungGen: 44672K(68608K)->25097K(68608K) Eden: 0K(12288K)->0K(12288K) From: 44672K(56320K)->25097K(56320K)
[1.343s][info][gc,heap        ] GC(40) ParOldGen: 189849K(209408K)->208933K(251904K)
[1.343s][info][gc,metaspace   ] GC(40) Metaspace: 6298K(6464K)->6298K(6464K) NonClass: 5765K(5824K)->5765K(5824K) Class: 533K(640K)->533K(640K)
[1.343s][info][gc             ] GC(40) Pause Full (Ergonomics) 229M->228M(313M) 90.499ms
[1.343s][info][gc,cpu         ] GC(40) User=0.31s Sys=0.02s Real=0.09s
[1.356s][info][gc,start       ] GC(41) Pause Young (Allocation Failure)
[1.382s][info][gc,heap        ] GC(41) PSYoungGen: 37385K(68608K)->28384K(40960K) Eden: 12288K(12288K)->0K(12288K) From: 25097K(56320K)->28384K(28672K)
[1.382s][info][gc,heap        ] GC(41) ParOldGen: 208933K(251904K)->218229K(251904K)
[1.382s][info][gc,metaspace   ] GC(41) Metaspace: 6298K(6464K)->6298K(6464K) NonClass: 5765K(5824K)->5765K(5824K) Class: 533K(640K)->533K(640K)
[1.382s][info][gc             ] GC(41) Pause Young (Allocation Failure) 240M->240M(286M) 25.785ms
[1.382s][info][gc,cpu         ] GC(41) User=0.12s Sys=0.03s Real=0.03s
[1.396s][info][gc,start       ] GC(42) Pause Young (Allocation Failure)
[1.416s][info][gc,heap        ] GC(42) PSYoungGen: 40672K(40960K)->40672K(70656K) Eden: 12288K(12288K)->0K(11776K) From: 28384K(28672K)->40672K(58880K)
[1.416s][info][gc,heap        ] GC(42) ParOldGen: 218229K(251904K)->218229K(251904K)
[1.416s][info][gc,metaspace   ] GC(42) Metaspace: 6298K(6464K)->6298K(6464K) NonClass: 5765K(5824K)->5765K(5824K) Class: 533K(640K)->533K(640K)
[1.416s][info][gc             ] GC(42) Pause Young (Allocation Failure) 252M->252M(315M) 19.669ms
[1.416s][info][gc,cpu         ] GC(42) User=0.09s Sys=0.00s Real=0.02s
[1.430s][info][gc,start       ] GC(43) Pause Young (Allocation Failure)
[1.453s][info][gc,heap        ] GC(43) PSYoungGen: 52448K(70656K)->44704K(73216K) Eden: 11776K(11776K)->0K(11776K) From: 40672K(58880K)->44704K(61440K)
[1.453s][info][gc,heap        ] GC(43) ParOldGen: 218229K(251904K)->226101K(251904K)
[1.453s][info][gc,metaspace   ] GC(43) Metaspace: 6298K(6464K)->6298K(6464K) NonClass: 5765K(5824K)->5765K(5824K) Class: 533K(640K)->533K(640K)
[1.453s][info][gc             ] GC(43) Pause Young (Allocation Failure) 264M->264M(317M) 23.645ms
[1.453s][info][gc,cpu         ] GC(43) User=0.12s Sys=0.00s Real=0.02s
[1.467s][info][gc,start       ] GC(44) Pause Young (Allocation Failure)
[1.492s][info][gc,heap        ] GC(44) PSYoungGen: 56480K(73216K)->48224K(75776K) Eden: 11776K(11776K)->0K(10752K) From: 44704K(61440K)->48224K(65024K)
[1.493s][info][gc,heap        ] GC(44) ParOldGen: 226101K(251904K)->234469K(251904K)
[1.493s][info][gc,metaspace   ] GC(44) Metaspace: 6298K(6464K)->6298K(6464K) NonClass: 5765K(5824K)->5765K(5824K) Class: 533K(640K)->533K(640K)
[1.493s][info][gc             ] GC(44) Pause Young (Allocation Failure) 275M->276M(320M) 25.556ms
[1.493s][info][gc,cpu         ] GC(44) User=0.22s Sys=0.00s Real=0.02s
[1.493s][info][gc,start       ] GC(45) Pause Full (Ergonomics)
[1.493s][info][gc,phases,start] GC(45) Marking Phase
[1.559s][info][gc,phases      ] GC(45) Marking Phase 66.576ms
[1.559s][info][gc,phases,start] GC(45) Summary Phase
[1.559s][info][gc,phases      ] GC(45) Summary Phase 0.018ms
[1.559s][info][gc,phases,start] GC(45) Adjust Roots
[1.560s][info][gc,phases      ] GC(45) Adjust Roots 0.182ms
[1.560s][info][gc,phases,start] GC(45) Compaction Phase
[1.597s][info][gc,phases      ] GC(45) Compaction Phase 37.180ms
[1.597s][info][gc,phases,start] GC(45) Post Compact
[1.598s][info][gc,phases      ] GC(45) Post Compact 1.258ms
[1.598s][info][gc,heap        ] GC(45) PSYoungGen: 48224K(75776K)->30629K(75776K) Eden: 0K(10752K)->0K(10752K) From: 48224K(65024K)->30629K(65024K)
[1.598s][info][gc,heap        ] GC(45) ParOldGen: 234469K(251904K)->251406K(292352K)
[1.598s][info][gc,metaspace   ] GC(45) Metaspace: 6298K(6464K)->6298K(6464K) NonClass: 5765K(5824K)->5765K(5824K) Class: 533K(640K)->533K(640K)
[1.598s][info][gc             ] GC(45) Pause Full (Ergonomics) 276M->275M(359M) 105.710ms
[1.598s][info][gc,cpu         ] GC(45) User=0.55s Sys=0.02s Real=0.11s
[1.611s][info][gc,start       ] GC(46) Pause Young (Allocation Failure)
[1.640s][info][gc,heap        ] GC(46) PSYoungGen: 41381K(75776K)->26496K(37376K) Eden: 10752K(10752K)->0K(10752K) From: 30629K(65024K)->26496K(26624K)
[1.640s][info][gc,heap        ] GC(46) ParOldGen: 251406K(292352K)->266702K(292352K)
[1.640s][info][gc,metaspace   ] GC(46) Metaspace: 6298K(6464K)->6298K(6464K) NonClass: 5765K(5824K)->5765K(5824K) Class: 533K(640K)->533K(640K)
[1.640s][info][gc             ] GC(46) Pause Young (Allocation Failure) 285M->286M(322M) 29.392ms
[1.640s][info][gc,cpu         ] GC(46) User=0.14s Sys=0.00s Real=0.03s
[1.652s][info][gc,start       ] GC(47) Pause Young (Allocation Failure)
[1.671s][info][gc,heap        ] GC(47) PSYoungGen: 37248K(37376K)->29536K(71168K) Eden: 10752K(10752K)->0K(12800K) From: 26496K(26624K)->29536K(58368K)
[1.671s][info][gc,heap        ] GC(47) ParOldGen: 266702K(292352K)->274462K(292352K)
[1.671s][info][gc,metaspace   ] GC(47) Metaspace: 6298K(6464K)->6298K(6464K) NonClass: 5765K(5824K)->5765K(5824K) Class: 533K(640K)->533K(640K)
[1.671s][info][gc             ] GC(47) Pause Young (Allocation Failure) 296M->296M(355M) 18.779ms
[1.671s][info][gc,cpu         ] GC(47) User=0.09s Sys=0.00s Real=0.02s
[1.671s][info][gc,start       ] GC(48) Pause Full (Ergonomics)
[1.671s][info][gc,phases,start] GC(48) Marking Phase
[1.739s][info][gc,phases      ] GC(48) Marking Phase 68.164ms
[1.739s][info][gc,phases,start] GC(48) Summary Phase
[1.739s][info][gc,phases      ] GC(48) Summary Phase 0.018ms
[1.739s][info][gc,phases,start] GC(48) Adjust Roots
[1.739s][info][gc,phases      ] GC(48) Adjust Roots 0.197ms
[1.739s][info][gc,phases,start] GC(48) Compaction Phase
[1.772s][info][gc,phases      ] GC(48) Compaction Phase 33.051ms
[1.772s][info][gc,phases,start] GC(48) Post Compact
[1.774s][info][gc,phases      ] GC(48) Post Compact 1.365ms
[1.774s][info][gc,heap        ] GC(48) PSYoungGen: 29536K(71168K)->11492K(73216K) Eden: 0K(12800K)->0K(14848K) From: 29536K(58368K)->11492K(58368K)
[1.774s][info][gc,heap        ] GC(48) ParOldGen: 274462K(292352K)->291978K(335872K)
[1.774s][info][gc,metaspace   ] GC(48) Metaspace: 6298K(6464K)->6298K(6464K) NonClass: 5765K(5824K)->5765K(5824K) Class: 533K(640K)->533K(640K)
[1.774s][info][gc             ] GC(48) Pause Full (Ergonomics) 296M->296M(399M) 103.283ms
[1.774s][info][gc,cpu         ] GC(48) User=0.64s Sys=0.02s Real=0.10s
[1.791s][info][gc,start       ] GC(49) Pause Young (Allocation Failure)
[1.817s][info][gc,heap        ] GC(49) PSYoungGen: 26340K(73216K)->19232K(76800K) Eden: 14848K(14848K)->0K(14848K) From: 11492K(58368K)->19232K(61952K)
[1.817s][info][gc,heap        ] GC(49) ParOldGen: 291978K(335872K)->299370K(335872K)
[1.817s][info][gc,metaspace   ] GC(49) Metaspace: 6298K(6464K)->6298K(6464K) NonClass: 5765K(5824K)->5765K(5824K) Class: 533K(640K)->533K(640K)
[1.817s][info][gc             ] GC(49) Pause Young (Allocation Failure) 310M->311M(403M) 25.567ms
[1.817s][info][gc,cpu         ] GC(49) User=0.14s Sys=0.00s Real=0.03s
[1.834s][info][gc,start       ] GC(50) Pause Young (Allocation Failure)
[1.851s][info][gc,heap        ] GC(50) PSYoungGen: 34080K(76800K)->34080K(75264K) Eden: 14848K(14848K)->0K(16896K) From: 19232K(61952K)->34080K(58368K)
[1.851s][info][gc,heap        ] GC(50) ParOldGen: 299370K(335872K)->299370K(335872K)
[1.851s][info][gc,metaspace   ] GC(50) Metaspace: 6298K(6464K)->6298K(6464K) NonClass: 5765K(5824K)->5765K(5824K) Class: 533K(640K)->533K(640K)
[1.851s][info][gc             ] GC(50) Pause Young (Allocation Failure) 325M->325M(401M) 17.277ms
[1.851s][info][gc,cpu         ] GC(50) User=0.03s Sys=0.00s Real=0.02s
[1.870s][info][gc,start       ] GC(51) Pause Young (Allocation Failure)
[1.894s][info][gc,heap        ] GC(51) PSYoungGen: 50976K(75264K)->50976K(76288K) Eden: 16896K(16896K)->0K(16896K) From: 34080K(58368K)->50976K(59392K)
[1.894s][info][gc,heap        ] GC(51) ParOldGen: 299370K(335872K)->299370K(335872K)
[1.894s][info][gc,metaspace   ] GC(51) Metaspace: 6298K(6464K)->6298K(6464K) NonClass: 5765K(5824K)->5765K(5824K) Class: 533K(640K)->533K(640K)
[1.894s][info][gc             ] GC(51) Pause Young (Allocation Failure) 342M->342M(402M) 24.051ms
[1.894s][info][gc,cpu         ] GC(51) User=0.14s Sys=0.00s Real=0.02s
[1.982s][info][gc,start       ] GC(52) Pause Young (Allocation Failure)
[2.020s][info][gc,heap        ] GC(52) PSYoungGen: 67872K(76288K)->63584K(80384K) Eden: 16896K(16896K)->0K(15872K) From: 50976K(59392K)->63584K(64512K)
[2.020s][info][gc,heap        ] GC(52) ParOldGen: 315754K(335872K)->320066K(335872K)
[2.020s][info][gc,metaspace   ] GC(52) Metaspace: 6298K(6464K)->6298K(6464K) NonClass: 5765K(5824K)->5765K(5824K) Class: 533K(640K)->533K(640K)
[2.020s][info][gc             ] GC(52) Pause Young (Allocation Failure) 374M->374M(406M) 37.826ms
[2.020s][info][gc,cpu         ] GC(52) User=0.34s Sys=0.00s Real=0.04s
[2.020s][info][gc,start       ] GC(53) Pause Full (Ergonomics)
[2.020s][info][gc,phases,start] GC(53) Marking Phase
[2.104s][info][gc,phases      ] GC(53) Marking Phase 84.126ms
[2.104s][info][gc,phases,start] GC(53) Summary Phase
[2.104s][info][gc,phases      ] GC(53) Summary Phase 0.019ms
[2.104s][info][gc,phases,start] GC(53) Adjust Roots
[2.104s][info][gc,phases      ] GC(53) Adjust Roots 0.153ms
[2.104s][info][gc,phases,start] GC(53) Compaction Phase
[2.171s][info][gc,phases      ] GC(53) Compaction Phase 67.015ms
[2.171s][info][gc,phases,start] GC(53) Post Compact
[2.173s][info][gc,phases      ] GC(53) Post Compact 1.905ms
[2.174s][info][gc,heap        ] GC(53) PSYoungGen: 63584K(80384K)->39346K(80384K) Eden: 0K(15872K)->0K(15872K) From: 63584K(64512K)->39346K(64512K)
[2.174s][info][gc,heap        ] GC(53) ParOldGen: 320066K(335872K)->335679K(379392K)
[2.174s][info][gc,metaspace   ] GC(53) Metaspace: 6298K(6464K)->6298K(6464K) NonClass: 5765K(5824K)->5765K(5824K) Class: 533K(640K)->533K(640K)
[2.174s][info][gc             ] GC(53) Pause Full (Ergonomics) 374M->366M(449M) 153.745ms
[2.174s][info][gc,cpu         ] GC(53) User=0.92s Sys=0.02s Real=0.15s
[2.192s][info][gc,start       ] GC(54) Pause Young (Allocation Failure)
[2.231s][info][gc,heap        ] GC(54) PSYoungGen: 55218K(80384K)->36704K(83968K) Eden: 15872K(15872K)->0K(15872K) From: 39346K(64512K)->36704K(68096K)
[2.231s][info][gc,heap        ] GC(54) ParOldGen: 335679K(379392K)->354639K(379392K)
[2.231s][info][gc,metaspace   ] GC(54) Metaspace: 6298K(6464K)->6298K(6464K) NonClass: 5765K(5824K)->5765K(5824K) Class: 533K(640K)->533K(640K)
[2.231s][info][gc             ] GC(54) Pause Young (Allocation Failure) 381M->382M(452M) 38.562ms
[2.231s][info][gc,cpu         ] GC(54) User=0.23s Sys=0.02s Real=0.04s
[2.248s][info][gc,start       ] GC(55) Pause Young (Allocation Failure)
[2.273s][info][gc,heap        ] GC(55) PSYoungGen: 52576K(83968K)->31904K(83968K) Eden: 15872K(15872K)->0K(17920K) From: 36704K(68096K)->31904K(66048K)
[2.273s][info][gc,heap        ] GC(55) ParOldGen: 354639K(379392K)->375551K(379392K)
[2.273s][info][gc,metaspace   ] GC(55) Metaspace: 6298K(6464K)->6298K(6464K) NonClass: 5765K(5824K)->5765K(5824K) Class: 533K(640K)->533K(640K)
[2.273s][info][gc             ] GC(55) Pause Young (Allocation Failure) 397M->397M(452M) 25.127ms
[2.273s][info][gc,cpu         ] GC(55) User=0.14s Sys=0.00s Real=0.03s
[2.273s][info][gc,start       ] GC(56) Pause Full (Ergonomics)
[2.273s][info][gc,phases,start] GC(56) Marking Phase
[2.361s][info][gc,phases      ] GC(56) Marking Phase 88.573ms
[2.361s][info][gc,phases,start] GC(56) Summary Phase
[2.361s][info][gc,phases      ] GC(56) Summary Phase 0.019ms
[2.361s][info][gc,phases,start] GC(56) Adjust Roots
[2.362s][info][gc,phases      ] GC(56) Adjust Roots 0.173ms
[2.362s][info][gc,phases,start] GC(56) Compaction Phase
[2.407s][info][gc,phases      ] GC(56) Compaction Phase 45.423ms
[2.407s][info][gc,phases,start] GC(56) Post Compact
[2.409s][info][gc,phases      ] GC(56) Post Compact 1.887ms
[2.409s][info][gc,heap        ] GC(56) PSYoungGen: 31904K(83968K)->27593K(84992K) Eden: 0K(17920K)->0K(18944K) From: 31904K(66048K)->27593K(66048K)
[2.409s][info][gc,heap        ] GC(56) ParOldGen: 375551K(379392K)->379114K(409600K)
[2.409s][info][gc,metaspace   ] GC(56) Metaspace: 6298K(6464K)->6298K(6464K) NonClass: 5765K(5824K)->5765K(5824K) Class: 533K(640K)->533K(640K)
[2.409s][info][gc             ] GC(56) Pause Full (Ergonomics) 397M->397M(483M) 136.546ms
[2.409s][info][gc,cpu         ] GC(56) User=0.86s Sys=0.00s Real=0.14s
[2.431s][info][gc,start       ] GC(57) Pause Young (Allocation Failure)
[2.466s][info][gc,heap        ] GC(57) PSYoungGen: 46537K(84992K)->32832K(52224K) Eden: 18944K(18944K)->0K(18944K) From: 27593K(66048K)->32832K(33280K)
[2.466s][info][gc,heap        ] GC(57) ParOldGen: 379114K(409600K)->393266K(409600K)
[2.466s][info][gc,metaspace   ] GC(57) Metaspace: 6298K(6464K)->6298K(6464K) NonClass: 5765K(5824K)->5765K(5824K) Class: 533K(640K)->533K(640K)
[2.466s][info][gc             ] GC(57) Pause Young (Allocation Failure) 415M->416M(451M) 35.820ms
[2.466s][info][gc,cpu         ] GC(57) User=0.25s Sys=0.00s Real=0.04s
[2.466s][info][gc,start       ] GC(58) Pause Full (Ergonomics)
[2.466s][info][gc,phases,start] GC(58) Marking Phase
[2.559s][info][gc,phases      ] GC(58) Marking Phase 92.044ms
[2.559s][info][gc,phases,start] GC(58) Summary Phase
[2.559s][info][gc,phases      ] GC(58) Summary Phase 0.019ms
[2.559s][info][gc,phases,start] GC(58) Adjust Roots
[2.559s][info][gc,phases      ] GC(58) Adjust Roots 0.173ms
[2.559s][info][gc,phases,start] GC(58) Compaction Phase
[2.601s][info][gc,phases      ] GC(58) Compaction Phase 41.991ms
[2.601s][info][gc,phases,start] GC(58) Post Compact
[2.603s][info][gc,phases      ] GC(58) Post Compact 2.017ms
[2.603s][info][gc,heap        ] GC(58) PSYoungGen: 32832K(52224K)->16219K(52224K) Eden: 0K(18944K)->0K(18944K) From: 32832K(33280K)->16219K(33280K)
[2.603s][info][gc,heap        ] GC(58) ParOldGen: 393266K(409600K)->409401K(409600K)
[2.603s][info][gc,metaspace   ] GC(58) Metaspace: 6298K(6464K)->6298K(6464K) NonClass: 5765K(5824K)->5765K(5824K) Class: 533K(640K)->533K(640K)
[2.603s][info][gc             ] GC(58) Pause Full (Ergonomics) 416M->415M(451M) 136.571ms
[2.603s][info][gc,cpu         ] GC(58) User=0.89s Sys=0.02s Real=0.14s
[2.623s][info][gc,start       ] GC(59) Pause Full (Ergonomics)
[2.623s][info][gc,phases,start] GC(59) Marking Phase
[2.730s][info][gc,phases      ] GC(59) Marking Phase 107.084ms
[2.730s][info][gc,phases,start] GC(59) Summary Phase
[2.730s][info][gc,phases      ] GC(59) Summary Phase 0.019ms
[2.730s][info][gc,phases,start] GC(59) Adjust Roots
[2.730s][info][gc,phases      ] GC(59) Adjust Roots 0.154ms
[2.730s][info][gc,phases,start] GC(59) Compaction Phase
[2.764s][info][gc,phases      ] GC(59) Compaction Phase 34.082ms
[2.764s][info][gc,phases,start] GC(59) Post Compact
[2.767s][info][gc,phases      ] GC(59) Post Compact 2.263ms
[2.767s][info][gc,heap        ] GC(59) PSYoungGen: 35163K(52224K)->35132K(52224K) Eden: 18944K(18944K)->18912K(18944K) From: 16219K(33280K)->16219K(33280K)
[2.767s][info][gc,heap        ] GC(59) ParOldGen: 409401K(409600K)->409401K(409600K)
[2.767s][info][gc,metaspace   ] GC(59) Metaspace: 6298K(6464K)->6298K(6464K) NonClass: 5765K(5824K)->5765K(5824K) Class: 533K(640K)->533K(640K)
[2.767s][info][gc             ] GC(59) Pause Full (Ergonomics) 434M->434M(451M) 143.961ms
[2.767s][info][gc,cpu         ] GC(59) User=1.03s Sys=0.00s Real=0.14s
[2.767s][info][gc,start       ] GC(60) Pause Full (Ergonomics)
[2.767s][info][gc,phases,start] GC(60) Marking Phase
[2.864s][info][gc,phases      ] GC(60) Marking Phase 97.261ms
[2.864s][info][gc,phases,start] GC(60) Summary Phase
[2.864s][info][gc,phases      ] GC(60) Summary Phase 0.019ms
[2.864s][info][gc,phases,start] GC(60) Adjust Roots
[2.865s][info][gc,phases      ] GC(60) Adjust Roots 0.152ms
[2.865s][info][gc,phases,start] GC(60) Compaction Phase
[2.893s][info][gc,phases      ] GC(60) Compaction Phase 28.301ms
[2.893s][info][gc,phases,start] GC(60) Post Compact
[2.895s][info][gc,phases      ] GC(60) Post Compact 2.040ms
[2.895s][info][gc,heap        ] GC(60) PSYoungGen: 35163K(52224K)->35163K(52224K) Eden: 18944K(18944K)->18943K(18944K) From: 16219K(33280K)->16219K(33280K)
[2.895s][info][gc,heap        ] GC(60) ParOldGen: 409401K(409600K)->409401K(409600K)
[2.895s][info][gc,metaspace   ] GC(60) Metaspace: 6298K(6464K)->6298K(6464K) NonClass: 5765K(5824K)->5765K(5824K) Class: 533K(640K)->533K(640K)
[2.895s][info][gc             ] GC(60) Pause Full (Ergonomics) 434M->434M(451M) 128.105ms
[2.895s][info][gc,cpu         ] GC(60) User=0.89s Sys=0.00s Real=0.13s
[2.895s][info][gc,start       ] GC(61) Pause Full (Ergonomics)
[2.895s][info][gc,phases,start] GC(61) Marking Phase
[2.990s][info][gc,phases      ] GC(61) Marking Phase 94.315ms
[2.990s][info][gc,phases,start] GC(61) Summary Phase
[2.990s][info][gc,phases      ] GC(61) Summary Phase 0.019ms
[2.990s][info][gc,phases,start] GC(61) Adjust Roots
[2.990s][info][gc,phases      ] GC(61) Adjust Roots 0.160ms
[2.990s][info][gc,phases,start] GC(61) Compaction Phase
[3.018s][info][gc,phases      ] GC(61) Compaction Phase 28.250ms
[3.018s][info][gc,phases,start] GC(61) Post Compact
[3.020s][info][gc,phases      ] GC(61) Post Compact 1.964ms
[3.020s][info][gc,heap        ] GC(61) PSYoungGen: 35163K(52224K)->35163K(52224K) Eden: 18944K(18944K)->18944K(18944K) From: 16219K(33280K)->16219K(33280K)
[3.020s][info][gc,heap        ] GC(61) ParOldGen: 409401K(409600K)->409401K(409600K)
[3.020s][info][gc,metaspace   ] GC(61) Metaspace: 6298K(6464K)->6298K(6464K) NonClass: 5765K(5824K)->5765K(5824K) Class: 533K(640K)->533K(640K)
[3.020s][info][gc             ] GC(61) Pause Full (Ergonomics) 434M->434M(451M) 125.032ms
[3.020s][info][gc,cpu         ] GC(61) User=0.73s Sys=0.00s Real=0.13s
[3.020s][info][gc,start       ] GC(62) Pause Full (Ergonomics)
[3.021s][info][gc,phases,start] GC(62) Marking Phase
[3.118s][info][gc,phases      ] GC(62) Marking Phase 97.137ms
[3.118s][info][gc,phases,start] GC(62) Summary Phase
[3.118s][info][gc,phases      ] GC(62) Summary Phase 0.019ms
[3.118s][info][gc,phases,start] GC(62) Adjust Roots
[3.118s][info][gc,phases      ] GC(62) Adjust Roots 0.148ms
[3.118s][info][gc,phases,start] GC(62) Compaction Phase
[3.146s][info][gc,phases      ] GC(62) Compaction Phase 28.184ms
[3.146s][info][gc,phases,start] GC(62) Post Compact
[3.148s][info][gc,phases      ] GC(62) Post Compact 2.126ms
[3.148s][info][gc,heap        ] GC(62) PSYoungGen: 35163K(52224K)->35163K(52224K) Eden: 18944K(18944K)->18944K(18944K) From: 16219K(33280K)->16219K(33280K)
[3.148s][info][gc,heap        ] GC(62) ParOldGen: 409406K(409600K)->409406K(409600K)
[3.148s][info][gc,metaspace   ] GC(62) Metaspace: 6298K(6464K)->6298K(6464K) NonClass: 5765K(5824K)->5765K(5824K) Class: 533K(640K)->533K(640K)
[3.148s][info][gc             ] GC(62) Pause Full (Ergonomics) 434M->434M(451M) 127.955ms
[3.148s][info][gc,cpu         ] GC(62) User=0.89s Sys=0.00s Real=0.13s
[3.149s][info][gc,start       ] GC(63) Pause Full (Ergonomics)
[3.149s][info][gc,phases,start] GC(63) Marking Phase
[3.248s][info][gc,phases      ] GC(63) Marking Phase 99.361ms
[3.248s][info][gc,phases,start] GC(63) Summary Phase
[3.248s][info][gc,phases      ] GC(63) Summary Phase 0.020ms
[3.248s][info][gc,phases,start] GC(63) Adjust Roots
[3.248s][info][gc,phases      ] GC(63) Adjust Roots 0.181ms
[3.248s][info][gc,phases,start] GC(63) Compaction Phase
[3.279s][info][gc,phases      ] GC(63) Compaction Phase 31.078ms
[3.279s][info][gc,phases,start] GC(63) Post Compact
[3.281s][info][gc,phases      ] GC(63) Post Compact 1.986ms
[3.282s][info][gc,heap        ] GC(63) PSYoungGen: 35163K(52224K)->35163K(52224K) Eden: 18944K(18944K)->18944K(18944K) From: 16219K(33280K)->16219K(33280K)
[3.282s][info][gc,heap        ] GC(63) ParOldGen: 409411K(409600K)->409411K(409600K)
[3.282s][info][gc,metaspace   ] GC(63) Metaspace: 6298K(6464K)->6298K(6464K) NonClass: 5765K(5824K)->5765K(5824K) Class: 533K(640K)->533K(640K)
[3.282s][info][gc             ] GC(63) Pause Full (Ergonomics) 434M->434M(451M) 132.963ms
[3.282s][info][gc,cpu         ] GC(63) User=0.88s Sys=0.00s Real=0.13s
[3.282s][info][gc,start       ] GC(64) Pause Full (Ergonomics)
[3.282s][info][gc,phases,start] GC(64) Marking Phase
[3.374s][info][gc,phases      ] GC(64) Marking Phase 92.454ms
[3.374s][info][gc,phases,start] GC(64) Summary Phase
[3.374s][info][gc,phases      ] GC(64) Summary Phase 0.021ms
[3.374s][info][gc,phases,start] GC(64) Adjust Roots
[3.375s][info][gc,phases      ] GC(64) Adjust Roots 0.182ms
[3.375s][info][gc,phases,start] GC(64) Compaction Phase
[3.402s][info][gc,phases      ] GC(64) Compaction Phase 27.740ms
[3.402s][info][gc,phases,start] GC(64) Post Compact
[3.404s][info][gc,phases      ] GC(64) Post Compact 2.006ms
[3.404s][info][gc,heap        ] GC(64) PSYoungGen: 35163K(52224K)->35163K(52224K) Eden: 18944K(18944K)->18944K(18944K) From: 16219K(33280K)->16219K(33280K)
[3.404s][info][gc,heap        ] GC(64) ParOldGen: 409415K(409600K)->409415K(409600K)
[3.404s][info][gc,metaspace   ] GC(64) Metaspace: 6298K(6464K)->6298K(6464K) NonClass: 5765K(5824K)->5765K(5824K) Class: 533K(640K)->533K(640K)
[3.404s][info][gc             ] GC(64) Pause Full (Ergonomics) 434M->434M(451M) 122.729ms
[3.405s][info][gc,cpu         ] GC(64) User=0.77s Sys=0.00s Real=0.12s
[3.405s][info][gc,start       ] GC(65) Pause Full (Ergonomics)
[3.405s][info][gc,phases,start] GC(65) Marking Phase
[3.496s][info][gc,phases      ] GC(65) Marking Phase 90.838ms
[3.496s][info][gc,phases,start] GC(65) Summary Phase
[3.496s][info][gc,phases      ] GC(65) Summary Phase 0.018ms
[3.496s][info][gc,phases,start] GC(65) Adjust Roots
[3.496s][info][gc,phases      ] GC(65) Adjust Roots 0.152ms
[3.496s][info][gc,phases,start] GC(65) Compaction Phase
[3.524s][info][gc,phases      ] GC(65) Compaction Phase 27.975ms
[3.524s][info][gc,phases,start] GC(65) Post Compact
[3.526s][info][gc,phases      ] GC(65) Post Compact 2.030ms
[3.526s][info][gc,heap        ] GC(65) PSYoungGen: 35163K(52224K)->35163K(52224K) Eden: 18944K(18944K)->18944K(18944K) From: 16219K(33280K)->16219K(33280K)
[3.526s][info][gc,heap        ] GC(65) ParOldGen: 409420K(409600K)->409420K(409600K)
[3.526s][info][gc,metaspace   ] GC(65) Metaspace: 6298K(6464K)->6298K(6464K) NonClass: 5765K(5824K)->5765K(5824K) Class: 533K(640K)->533K(640K)
[3.526s][info][gc             ] GC(65) Pause Full (Ergonomics) 434M->434M(451M) 121.322ms
[3.526s][info][gc,cpu         ] GC(65) User=0.88s Sys=0.00s Real=0.12s
[3.526s][info][gc,start       ] GC(66) Pause Full (Ergonomics)
[3.526s][info][gc,phases,start] GC(66) Marking Phase
[3.623s][info][gc,phases      ] GC(66) Marking Phase 96.496ms
[3.623s][info][gc,phases,start] GC(66) Summary Phase
[3.623s][info][gc,phases      ] GC(66) Summary Phase 0.020ms
[3.623s][info][gc,phases,start] GC(66) Adjust Roots
[3.623s][info][gc,phases      ] GC(66) Adjust Roots 0.202ms
[3.623s][info][gc,phases,start] GC(66) Compaction Phase
[3.654s][info][gc,phases      ] GC(66) Compaction Phase 30.813ms
[3.654s][info][gc,phases,start] GC(66) Post Compact
[3.656s][info][gc,phases      ] GC(66) Post Compact 1.995ms
[3.656s][info][gc,heap        ] GC(66) PSYoungGen: 35163K(52224K)->35163K(52224K) Eden: 18944K(18944K)->18944K(18944K) From: 16219K(33280K)->16219K(33280K)
[3.656s][info][gc,heap        ] GC(66) ParOldGen: 409425K(409600K)->409425K(409600K)
[3.656s][info][gc,metaspace   ] GC(66) Metaspace: 6298K(6464K)->6298K(6464K) NonClass: 5765K(5824K)->5765K(5824K) Class: 533K(640K)->533K(640K)
[3.656s][info][gc             ] GC(66) Pause Full (Ergonomics) 434M->434M(451M) 129.865ms
[3.656s][info][gc,cpu         ] GC(66) User=0.86s Sys=0.00s Real=0.13s
[3.656s][info][gc,start       ] GC(67) Pause Full (Ergonomics)
[3.656s][info][gc,phases,start] GC(67) Marking Phase
[3.745s][info][gc,phases      ] GC(67) Marking Phase 88.229ms
[3.745s][info][gc,phases,start] GC(67) Summary Phase
[3.745s][info][gc,phases      ] GC(67) Summary Phase 0.019ms
[3.745s][info][gc,phases,start] GC(67) Adjust Roots
[3.745s][info][gc,phases      ] GC(67) Adjust Roots 0.151ms
[3.745s][info][gc,phases,start] GC(67) Compaction Phase
[3.774s][info][gc,phases      ] GC(67) Compaction Phase 29.029ms
[3.774s][info][gc,phases,start] GC(67) Post Compact
[3.776s][info][gc,phases      ] GC(67) Post Compact 2.137ms
[3.776s][info][gc,heap        ] GC(67) PSYoungGen: 35163K(52224K)->35163K(52224K) Eden: 18944K(18944K)->18944K(18944K) From: 16219K(33280K)->16219K(33280K)
[3.776s][info][gc,heap        ] GC(67) ParOldGen: 409429K(409600K)->409429K(409600K)
[3.776s][info][gc,metaspace   ] GC(67) Metaspace: 6298K(6464K)->6298K(6464K) NonClass: 5765K(5824K)->5765K(5824K) Class: 533K(640K)->533K(640K)
[3.776s][info][gc             ] GC(67) Pause Full (Ergonomics) 434M->434M(451M) 119.915ms
[3.776s][info][gc,cpu         ] GC(67) User=0.77s Sys=0.00s Real=0.12s
[3.776s][info][gc,start       ] GC(68) Pause Full (Ergonomics)
[3.776s][info][gc,phases,start] GC(68) Marking Phase
[3.869s][info][gc,phases      ] GC(68) Marking Phase 92.339ms
[3.869s][info][gc,phases,start] GC(68) Summary Phase
[3.869s][info][gc,phases      ] GC(68) Summary Phase 0.019ms
[3.869s][info][gc,phases,start] GC(68) Adjust Roots
[3.869s][info][gc,phases      ] GC(68) Adjust Roots 0.151ms
[3.869s][info][gc,phases,start] GC(68) Compaction Phase
[3.899s][info][gc,phases      ] GC(68) Compaction Phase 29.600ms
[3.899s][info][gc,phases,start] GC(68) Post Compact
[3.901s][info][gc,phases      ] GC(68) Post Compact 2.080ms
[3.901s][info][gc,heap        ] GC(68) PSYoungGen: 35163K(52224K)->35163K(52224K) Eden: 18944K(18944K)->18944K(18944K) From: 16219K(33280K)->16219K(33280K)
[3.901s][info][gc,heap        ] GC(68) ParOldGen: 409434K(409600K)->409434K(409600K)
[3.901s][info][gc,metaspace   ] GC(68) Metaspace: 6298K(6464K)->6298K(6464K) NonClass: 5765K(5824K)->5765K(5824K) Class: 533K(640K)->533K(640K)
[3.901s][info][gc             ] GC(68) Pause Full (Ergonomics) 434M->434M(451M) 124.536ms
[3.901s][info][gc,cpu         ] GC(68) User=0.78s Sys=0.00s Real=0.12s
[3.901s][info][gc,start       ] GC(69) Pause Full (Ergonomics)
[3.901s][info][gc,phases,start] GC(69) Marking Phase
[4.000s][info][gc,phases      ] GC(69) Marking Phase 98.545ms
[4.000s][info][gc,phases,start] GC(69) Summary Phase
[4.000s][info][gc,phases      ] GC(69) Summary Phase 0.019ms
[4.000s][info][gc,phases,start] GC(69) Adjust Roots
[4.000s][info][gc,phases      ] GC(69) Adjust Roots 0.164ms
[4.000s][info][gc,phases,start] GC(69) Compaction Phase
[4.032s][info][gc,phases      ] GC(69) Compaction Phase 31.846ms
[4.032s][info][gc,phases,start] GC(69) Post Compact
[4.034s][info][gc,phases      ] GC(69) Post Compact 2.356ms
[4.034s][info][gc,heap        ] GC(69) PSYoungGen: 35163K(52224K)->35163K(52224K) Eden: 18944K(18944K)->18944K(18944K) From: 16219K(33280K)->16219K(33280K)
[4.034s][info][gc,heap        ] GC(69) ParOldGen: 409439K(409600K)->409439K(409600K)
[4.034s][info][gc,metaspace   ] GC(69) Metaspace: 6298K(6464K)->6298K(6464K) NonClass: 5765K(5824K)->5765K(5824K) Class: 533K(640K)->533K(640K)
[4.034s][info][gc             ] GC(69) Pause Full (Ergonomics) 434M->434M(451M) 133.312ms
[4.034s][info][gc,cpu         ] GC(69) User=0.86s Sys=0.00s Real=0.13s
[4.035s][info][gc,start       ] GC(70) Pause Full (Ergonomics)
[4.035s][info][gc,phases,start] GC(70) Marking Phase
[4.122s][info][gc,phases      ] GC(70) Marking Phase 87.058ms
[4.122s][info][gc,phases,start] GC(70) Summary Phase
[4.122s][info][gc,phases      ] GC(70) Summary Phase 0.023ms
[4.122s][info][gc,phases,start] GC(70) Adjust Roots
[4.122s][info][gc,phases      ] GC(70) Adjust Roots 0.149ms
[4.122s][info][gc,phases,start] GC(70) Compaction Phase
[4.151s][info][gc,phases      ] GC(70) Compaction Phase 29.008ms
[4.151s][info][gc,phases,start] GC(70) Post Compact
[4.153s][info][gc,phases      ] GC(70) Post Compact 2.217ms
[4.153s][info][gc,heap        ] GC(70) PSYoungGen: 35163K(52224K)->35163K(52224K) Eden: 18944K(18944K)->18944K(18944K) From: 16219K(33280K)->16219K(33280K)
[4.153s][info][gc,heap        ] GC(70) ParOldGen: 409443K(409600K)->409443K(409600K)
[4.153s][info][gc,metaspace   ] GC(70) Metaspace: 6298K(6464K)->6298K(6464K) NonClass: 5765K(5824K)->5765K(5824K) Class: 533K(640K)->533K(640K)
[4.153s][info][gc             ] GC(70) Pause Full (Ergonomics) 434M->434M(451M) 118.805ms
[4.153s][info][gc,cpu         ] GC(70) User=0.77s Sys=0.00s Real=0.12s
[4.154s][info][gc,start       ] GC(71) Pause Full (Ergonomics)
[4.154s][info][gc,phases,start] GC(71) Marking Phase
[4.248s][info][gc,phases      ] GC(71) Marking Phase 94.460ms
[4.248s][info][gc,phases,start] GC(71) Summary Phase
[4.248s][info][gc,phases      ] GC(71) Summary Phase 0.020ms
[4.248s][info][gc,phases,start] GC(71) Adjust Roots
[4.248s][info][gc,phases      ] GC(71) Adjust Roots 0.166ms
[4.248s][info][gc,phases,start] GC(71) Compaction Phase
[4.276s][info][gc,phases      ] GC(71) Compaction Phase 27.987ms
[4.276s][info][gc,phases,start] GC(71) Post Compact
[4.279s][info][gc,phases      ] GC(71) Post Compact 2.237ms
[4.279s][info][gc,heap        ] GC(71) PSYoungGen: 35163K(52224K)->35163K(52224K) Eden: 18944K(18944K)->18944K(18944K) From: 16219K(33280K)->16219K(33280K)
[4.279s][info][gc,heap        ] GC(71) ParOldGen: 409448K(409600K)->409448K(409600K)
[4.279s][info][gc,metaspace   ] GC(71) Metaspace: 6298K(6464K)->6298K(6464K) NonClass: 5765K(5824K)->5765K(5824K) Class: 533K(640K)->533K(640K)
[4.279s][info][gc             ] GC(71) Pause Full (Ergonomics) 434M->434M(451M) 125.202ms
[4.279s][info][gc,cpu         ] GC(71) User=0.91s Sys=0.00s Real=0.12s
[4.279s][info][gc,start       ] GC(72) Pause Full (Ergonomics)
[4.279s][info][gc,phases,start] GC(72) Marking Phase
[4.378s][info][gc,phases      ] GC(72) Marking Phase 98.882ms
[4.378s][info][gc,phases,start] GC(72) Summary Phase
[4.378s][info][gc,phases      ] GC(72) Summary Phase 0.027ms
[4.378s][info][gc,phases,start] GC(72) Adjust Roots
[4.378s][info][gc,phases      ] GC(72) Adjust Roots 0.176ms
[4.378s][info][gc,phases,start] GC(72) Compaction Phase
[4.409s][info][gc,phases      ] GC(72) Compaction Phase 30.823ms
[4.409s][info][gc,phases,start] GC(72) Post Compact
[4.411s][info][gc,phases      ] GC(72) Post Compact 2.236ms
[4.411s][info][gc,heap        ] GC(72) PSYoungGen: 35163K(52224K)->35163K(52224K) Eden: 18944K(18944K)->18944K(18944K) From: 16219K(33280K)->16219K(33280K)
[4.411s][info][gc,heap        ] GC(72) ParOldGen: 409453K(409600K)->409453K(409600K)
[4.412s][info][gc,metaspace   ] GC(72) Metaspace: 6298K(6464K)->6298K(6464K) NonClass: 5765K(5824K)->5765K(5824K) Class: 533K(640K)->533K(640K)
[4.412s][info][gc             ] GC(72) Pause Full (Ergonomics) 434M->434M(451M) 132.495ms
[4.412s][info][gc,cpu         ] GC(72) User=0.97s Sys=0.00s Real=0.13s
[4.412s][info][gc,start       ] GC(73) Pause Full (Ergonomics)
[4.412s][info][gc,phases,start] GC(73) Marking Phase
[4.509s][info][gc,phases      ] GC(73) Marking Phase 96.962ms
[4.509s][info][gc,phases,start] GC(73) Summary Phase
[4.509s][info][gc,phases      ] GC(73) Summary Phase 0.018ms
[4.509s][info][gc,phases,start] GC(73) Adjust Roots
[4.509s][info][gc,phases      ] GC(73) Adjust Roots 0.149ms
[4.509s][info][gc,phases,start] GC(73) Compaction Phase
[4.537s][info][gc,phases      ] GC(73) Compaction Phase 28.135ms
[4.537s][info][gc,phases,start] GC(73) Post Compact
[4.539s][info][gc,phases      ] GC(73) Post Compact 2.316ms
[4.540s][info][gc,heap        ] GC(73) PSYoungGen: 35163K(52224K)->35163K(52224K) Eden: 18944K(18944K)->18944K(18944K) From: 16219K(33280K)->16219K(33280K)
[4.540s][info][gc,heap        ] GC(73) ParOldGen: 409457K(409600K)->409457K(409600K)
[4.540s][info][gc,metaspace   ] GC(73) Metaspace: 6298K(6464K)->6298K(6464K) NonClass: 5765K(5824K)->5765K(5824K) Class: 533K(640K)->533K(640K)
[4.540s][info][gc             ] GC(73) Pause Full (Ergonomics) 434M->434M(451M) 127.913ms
[4.540s][info][gc,cpu         ] GC(73) User=0.88s Sys=0.00s Real=0.13s
[4.540s][info][gc,start       ] GC(74) Pause Full (Ergonomics)
[4.540s][info][gc,phases,start] GC(74) Marking Phase
[4.637s][info][gc,phases      ] GC(74) Marking Phase 97.594ms
[4.638s][info][gc,phases,start] GC(74) Summary Phase
[4.638s][info][gc,phases      ] GC(74) Summary Phase 0.026ms
[4.638s][info][gc,phases,start] GC(74) Adjust Roots
[4.638s][info][gc,phases      ] GC(74) Adjust Roots 0.215ms
[4.638s][info][gc,phases,start] GC(74) Compaction Phase
[4.666s][info][gc,phases      ] GC(74) Compaction Phase 28.461ms
[4.666s][info][gc,phases,start] GC(74) Post Compact
[4.668s][info][gc,phases      ] GC(74) Post Compact 1.976ms
[4.668s][info][gc,heap        ] GC(74) PSYoungGen: 35163K(52224K)->35163K(52224K) Eden: 18944K(18944K)->18944K(18944K) From: 16219K(33280K)->16219K(33280K)
[4.668s][info][gc,heap        ] GC(74) ParOldGen: 409462K(409600K)->409462K(409600K)
[4.668s][info][gc,metaspace   ] GC(74) Metaspace: 6298K(6464K)->6298K(6464K) NonClass: 5765K(5824K)->5765K(5824K) Class: 533K(640K)->533K(640K)
[4.668s][info][gc             ] GC(74) Pause Full (Ergonomics) 434M->434M(451M) 128.614ms
[4.668s][info][gc,cpu         ] GC(74) User=0.89s Sys=0.00s Real=0.13s
[4.669s][info][gc,start       ] GC(75) Pause Full (Ergonomics)
[4.669s][info][gc,phases,start] GC(75) Marking Phase
[4.760s][info][gc,phases      ] GC(75) Marking Phase 91.166ms
[4.760s][info][gc,phases,start] GC(75) Summary Phase
[4.760s][info][gc,phases      ] GC(75) Summary Phase 0.019ms
[4.760s][info][gc,phases,start] GC(75) Adjust Roots
[4.760s][info][gc,phases      ] GC(75) Adjust Roots 0.153ms
[4.760s][info][gc,phases,start] GC(75) Compaction Phase
[4.789s][info][gc,phases      ] GC(75) Compaction Phase 28.458ms
[4.789s][info][gc,phases,start] GC(75) Post Compact
[4.791s][info][gc,phases      ] GC(75) Post Compact 1.976ms
[4.791s][info][gc,heap        ] GC(75) PSYoungGen: 35163K(52224K)->35163K(52224K) Eden: 18944K(18944K)->18944K(18944K) From: 16219K(33280K)->16219K(33280K)
[4.791s][info][gc,heap        ] GC(75) ParOldGen: 409467K(409600K)->409467K(409600K)
[4.791s][info][gc,metaspace   ] GC(75) Metaspace: 6298K(6464K)->6298K(6464K) NonClass: 5765K(5824K)->5765K(5824K) Class: 533K(640K)->533K(640K)
[4.791s][info][gc             ] GC(75) Pause Full (Ergonomics) 434M->434M(451M) 122.092ms
[4.791s][info][gc,cpu         ] GC(75) User=0.88s Sys=0.00s Real=0.12s
[4.791s][info][gc,start       ] GC(76) Pause Full (Ergonomics)
[4.791s][info][gc,phases,start] GC(76) Marking Phase
[4.890s][info][gc,phases      ] GC(76) Marking Phase 98.880ms
[4.890s][info][gc,phases,start] GC(76) Summary Phase
[4.890s][info][gc,phases      ] GC(76) Summary Phase 0.018ms
[4.890s][info][gc,phases,start] GC(76) Adjust Roots
[4.890s][info][gc,phases      ] GC(76) Adjust Roots 0.148ms
[4.890s][info][gc,phases,start] GC(76) Compaction Phase
[4.919s][info][gc,phases      ] GC(76) Compaction Phase 28.419ms
[4.919s][info][gc,phases,start] GC(76) Post Compact
[4.921s][info][gc,phases      ] GC(76) Post Compact 2.029ms
[4.921s][info][gc,heap        ] GC(76) PSYoungGen: 35163K(52224K)->35163K(52224K) Eden: 18944K(18944K)->18944K(18944K) From: 16219K(33280K)->16219K(33280K)
[4.921s][info][gc,heap        ] GC(76) ParOldGen: 409471K(409600K)->409471K(409600K)
[4.921s][info][gc,metaspace   ] GC(76) Metaspace: 6298K(6464K)->6298K(6464K) NonClass: 5765K(5824K)->5765K(5824K) Class: 533K(640K)->533K(640K)
[4.921s][info][gc             ] GC(76) Pause Full (Ergonomics) 434M->434M(451M) 129.825ms
[4.921s][info][gc,cpu         ] GC(76) User=0.89s Sys=0.00s Real=0.13s
[4.921s][info][gc,start       ] GC(77) Pause Full (Ergonomics)
[4.921s][info][gc,phases,start] GC(77) Marking Phase
[5.019s][info][gc,phases      ] GC(77) Marking Phase 97.969ms
[5.019s][info][gc,phases,start] GC(77) Summary Phase
[5.019s][info][gc,phases      ] GC(77) Summary Phase 0.019ms
[5.019s][info][gc,phases,start] GC(77) Adjust Roots
[5.019s][info][gc,phases      ] GC(77) Adjust Roots 0.153ms
[5.019s][info][gc,phases,start] GC(77) Compaction Phase
[5.048s][info][gc,phases      ] GC(77) Compaction Phase 28.924ms
[5.048s][info][gc,phases,start] GC(77) Post Compact
[5.050s][info][gc,phases      ] GC(77) Post Compact 2.017ms
[5.050s][info][gc,heap        ] GC(77) PSYoungGen: 35163K(52224K)->35163K(52224K) Eden: 18944K(18944K)->18944K(18944K) From: 16219K(33280K)->16219K(33280K)
[5.050s][info][gc,heap        ] GC(77) ParOldGen: 409476K(409600K)->409476K(409600K)
[5.050s][info][gc,metaspace   ] GC(77) Metaspace: 6298K(6464K)->6298K(6464K) NonClass: 5765K(5824K)->5765K(5824K) Class: 533K(640K)->533K(640K)
[5.050s][info][gc             ] GC(77) Pause Full (Ergonomics) 434M->434M(451M) 129.425ms
[5.050s][info][gc,cpu         ] GC(77) User=0.86s Sys=0.00s Real=0.13s
[5.051s][info][gc,start       ] GC(78) Pause Full (Ergonomics)
[5.051s][info][gc,phases,start] GC(78) Marking Phase
[5.151s][info][gc,phases      ] GC(78) Marking Phase 100.400ms
[5.151s][info][gc,phases,start] GC(78) Summary Phase
[5.151s][info][gc,phases      ] GC(78) Summary Phase 0.018ms
[5.151s][info][gc,phases,start] GC(78) Adjust Roots
[5.151s][info][gc,phases      ] GC(78) Adjust Roots 0.257ms
[5.151s][info][gc,phases,start] GC(78) Compaction Phase
[5.180s][info][gc,phases      ] GC(78) Compaction Phase 28.871ms
[5.180s][info][gc,phases,start] GC(78) Post Compact
[5.182s][info][gc,phases      ] GC(78) Post Compact 2.142ms
[5.182s][info][gc,heap        ] GC(78) PSYoungGen: 35163K(52224K)->35163K(52224K) Eden: 18944K(18944K)->18944K(18944K) From: 16219K(33280K)->16219K(33280K)
[5.183s][info][gc,heap        ] GC(78) ParOldGen: 409481K(409600K)->409481K(409600K)
[5.183s][info][gc,metaspace   ] GC(78) Metaspace: 6298K(6464K)->6298K(6464K) NonClass: 5765K(5824K)->5765K(5824K) Class: 533K(640K)->533K(640K)
[5.183s][info][gc             ] GC(78) Pause Full (Ergonomics) 434M->434M(451M) 131.998ms
[5.183s][info][gc,cpu         ] GC(78) User=0.88s Sys=0.00s Real=0.13s
[5.183s][info][gc,start       ] GC(79) Pause Full (Ergonomics)
[5.183s][info][gc,phases,start] GC(79) Marking Phase
[5.282s][info][gc,phases      ] GC(79) Marking Phase 99.215ms
[5.282s][info][gc,phases,start] GC(79) Summary Phase
[5.282s][info][gc,phases      ] GC(79) Summary Phase 0.020ms
[5.282s][info][gc,phases,start] GC(79) Adjust Roots
[5.282s][info][gc,phases      ] GC(79) Adjust Roots 0.152ms
[5.282s][info][gc,phases,start] GC(79) Compaction Phase
[5.312s][info][gc,phases      ] GC(79) Compaction Phase 29.366ms
[5.312s][info][gc,phases,start] GC(79) Post Compact
[5.314s][info][gc,phases      ] GC(79) Post Compact 1.996ms
[5.314s][info][gc,heap        ] GC(79) PSYoungGen: 35163K(52224K)->35163K(52224K) Eden: 18944K(18944K)->18944K(18944K) From: 16219K(33280K)->16219K(33280K)
[5.314s][info][gc,heap        ] GC(79) ParOldGen: 409485K(409600K)->409485K(409600K)
[5.314s][info][gc,metaspace   ] GC(79) Metaspace: 6298K(6464K)->6298K(6464K) NonClass: 5765K(5824K)->5765K(5824K) Class: 533K(640K)->533K(640K)
[5.314s][info][gc             ] GC(79) Pause Full (Ergonomics) 434M->434M(451M) 131.061ms
[5.314s][info][gc,cpu         ] GC(79) User=0.91s Sys=0.00s Real=0.13s
[5.314s][info][gc,start       ] GC(80) Pause Full (Ergonomics)
[5.314s][info][gc,phases,start] GC(80) Marking Phase
[5.413s][info][gc,phases      ] GC(80) Marking Phase 98.650ms
[5.413s][info][gc,phases,start] GC(80) Summary Phase
[5.413s][info][gc,phases      ] GC(80) Summary Phase 0.020ms
[5.413s][info][gc,phases,start] GC(80) Adjust Roots
[5.413s][info][gc,phases      ] GC(80) Adjust Roots 0.152ms
[5.413s][info][gc,phases,start] GC(80) Compaction Phase
[5.442s][info][gc,phases      ] GC(80) Compaction Phase 29.042ms
[5.442s][info][gc,phases,start] GC(80) Post Compact
[5.444s][info][gc,phases      ] GC(80) Post Compact 2.250ms
[5.444s][info][gc,heap        ] GC(80) PSYoungGen: 35163K(52224K)->35163K(52224K) Eden: 18944K(18944K)->18944K(18944K) From: 16219K(33280K)->16219K(33280K)
[5.444s][info][gc,heap        ] GC(80) ParOldGen: 409490K(409600K)->409490K(409600K)
[5.444s][info][gc,metaspace   ] GC(80) Metaspace: 6298K(6464K)->6298K(6464K) NonClass: 5765K(5824K)->5765K(5824K) Class: 533K(640K)->533K(640K)
[5.444s][info][gc             ] GC(80) Pause Full (Ergonomics) 434M->434M(451M) 130.442ms
[5.444s][info][gc,cpu         ] GC(80) User=0.86s Sys=0.00s Real=0.13s
[5.445s][info][gc,start       ] GC(81) Pause Full (Ergonomics)
[5.445s][info][gc,phases,start] GC(81) Marking Phase
[5.538s][info][gc,phases      ] GC(81) Marking Phase 93.682ms
[5.538s][info][gc,phases,start] GC(81) Summary Phase
[5.539s][info][gc,phases      ] GC(81) Summary Phase 0.018ms
[5.539s][info][gc,phases,start] GC(81) Adjust Roots
[5.539s][info][gc,phases      ] GC(81) Adjust Roots 0.153ms
[5.539s][info][gc,phases,start] GC(81) Compaction Phase
[5.571s][info][gc,phases      ] GC(81) Compaction Phase 32.784ms
[5.572s][info][gc,phases,start] GC(81) Post Compact
[5.574s][info][gc,phases      ] GC(81) Post Compact 2.270ms
[5.574s][info][gc,heap        ] GC(81) PSYoungGen: 35163K(52224K)->35163K(52224K) Eden: 18944K(18944K)->18944K(18944K) From: 16219K(33280K)->16219K(33280K)
[5.574s][info][gc,heap        ] GC(81) ParOldGen: 409495K(409600K)->409495K(409600K)
[5.574s][info][gc,metaspace   ] GC(81) Metaspace: 6298K(6464K)->6298K(6464K) NonClass: 5765K(5824K)->5765K(5824K) Class: 533K(640K)->533K(640K)
[5.574s][info][gc             ] GC(81) Pause Full (Ergonomics) 434M->434M(451M) 129.254ms
[5.574s][info][gc,cpu         ] GC(81) User=0.77s Sys=0.00s Real=0.13s
[5.574s][info][gc,start       ] GC(82) Pause Full (Ergonomics)
[5.574s][info][gc,phases,start] GC(82) Marking Phase
[5.667s][info][gc,phases      ] GC(82) Marking Phase 93.046ms
[5.667s][info][gc,phases,start] GC(82) Summary Phase
[5.667s][info][gc,phases      ] GC(82) Summary Phase 0.019ms
[5.667s][info][gc,phases,start] GC(82) Adjust Roots
[5.667s][info][gc,phases      ] GC(82) Adjust Roots 0.160ms
[5.668s][info][gc,phases,start] GC(82) Compaction Phase
[5.699s][info][gc,phases      ] GC(82) Compaction Phase 31.472ms
[5.699s][info][gc,phases,start] GC(82) Post Compact
[5.702s][info][gc,phases      ] GC(82) Post Compact 3.172ms
[5.702s][info][gc,heap        ] GC(82) PSYoungGen: 35163K(52224K)->35163K(52224K) Eden: 18944K(18944K)->18944K(18944K) From: 16219K(33280K)->16219K(33280K)
[5.702s][info][gc,heap        ] GC(82) ParOldGen: 409499K(409600K)->409499K(409600K)
[5.703s][info][gc,metaspace   ] GC(82) Metaspace: 6298K(6464K)->6298K(6464K) NonClass: 5765K(5824K)->5765K(5824K) Class: 533K(640K)->533K(640K)
[5.703s][info][gc             ] GC(82) Pause Full (Ergonomics) 434M->434M(451M) 128.419ms
[5.703s][info][gc,cpu         ] GC(82) User=0.75s Sys=0.00s Real=0.13s
[5.703s][info][gc,start       ] GC(83) Pause Full (Ergonomics)
[5.703s][info][gc,phases,start] GC(83) Marking Phase
[5.803s][info][gc,phases      ] GC(83) Marking Phase 100.305ms
[5.803s][info][gc,phases,start] GC(83) Summary Phase
[5.803s][info][gc,phases      ] GC(83) Summary Phase 0.020ms
[5.803s][info][gc,phases,start] GC(83) Adjust Roots
[5.804s][info][gc,phases      ] GC(83) Adjust Roots 0.584ms
[5.804s][info][gc,phases,start] GC(83) Compaction Phase
[5.836s][info][gc,phases      ] GC(83) Compaction Phase 31.677ms
[5.836s][info][gc,phases,start] GC(83) Post Compact
[5.838s][info][gc,phases      ] GC(83) Post Compact 2.173ms
[5.838s][info][gc,heap        ] GC(83) PSYoungGen: 35163K(52224K)->35163K(52224K) Eden: 18944K(18944K)->18944K(18944K) From: 16219K(33280K)->16219K(33280K)
[5.838s][info][gc,heap        ] GC(83) ParOldGen: 409504K(409600K)->409504K(409600K)
[5.838s][info][gc,metaspace   ] GC(83) Metaspace: 6298K(6464K)->6298K(6464K) NonClass: 5765K(5824K)->5765K(5824K) Class: 533K(640K)->533K(640K)
[5.838s][info][gc             ] GC(83) Pause Full (Ergonomics) 434M->434M(451M) 135.106ms
[5.838s][info][gc,cpu         ] GC(83) User=0.91s Sys=0.00s Real=0.13s
[5.838s][info][gc,start       ] GC(84) Pause Full (Ergonomics)
[5.838s][info][gc,phases,start] GC(84) Marking Phase
[5.934s][info][gc,phases      ] GC(84) Marking Phase 95.456ms
[5.934s][info][gc,phases,start] GC(84) Summary Phase
[5.934s][info][gc,phases      ] GC(84) Summary Phase 0.019ms
[5.934s][info][gc,phases,start] GC(84) Adjust Roots
[5.934s][info][gc,phases      ] GC(84) Adjust Roots 0.166ms
[5.934s][info][gc,phases,start] GC(84) Compaction Phase
[5.964s][info][gc,phases      ] GC(84) Compaction Phase 29.816ms
[5.964s][info][gc,phases,start] GC(84) Post Compact
[5.966s][info][gc,phases      ] GC(84) Post Compact 1.990ms
[5.966s][info][gc,heap        ] GC(84) PSYoungGen: 35163K(52224K)->35163K(52224K) Eden: 18944K(18944K)->18944K(18944K) From: 16219K(33280K)->16219K(33280K)
[5.966s][info][gc,heap        ] GC(84) ParOldGen: 409509K(409600K)->409509K(409600K)
[5.966s][info][gc,metaspace   ] GC(84) Metaspace: 6298K(6464K)->6298K(6464K) NonClass: 5765K(5824K)->5765K(5824K) Class: 533K(640K)->533K(640K)
[5.966s][info][gc             ] GC(84) Pause Full (Ergonomics) 434M->434M(451M) 127.776ms
[5.966s][info][gc,cpu         ] GC(84) User=0.78s Sys=0.00s Real=0.13s
[5.966s][info][gc,start       ] GC(85) Pause Full (Ergonomics)
[5.966s][info][gc,phases,start] GC(85) Marking Phase
[6.056s][info][gc,phases      ] GC(85) Marking Phase 89.632ms
[6.056s][info][gc,phases,start] GC(85) Summary Phase
[6.056s][info][gc,phases      ] GC(85) Summary Phase 0.035ms
[6.056s][info][gc,phases,start] GC(85) Adjust Roots
[6.056s][info][gc,phases      ] GC(85) Adjust Roots 0.242ms
[6.056s][info][gc,phases,start] GC(85) Compaction Phase
[6.085s][info][gc,phases      ] GC(85) Compaction Phase 29.074ms
[6.085s][info][gc,phases,start] GC(85) Post Compact
[6.087s][info][gc,phases      ] GC(85) Post Compact 1.969ms
[6.087s][info][gc,heap        ] GC(85) PSYoungGen: 35163K(52224K)->35163K(52224K) Eden: 18944K(18944K)->18944K(18944K) From: 16219K(33280K)->16219K(33280K)
[6.087s][info][gc,heap        ] GC(85) ParOldGen: 409513K(409600K)->409513K(409600K)
[6.088s][info][gc,metaspace   ] GC(85) Metaspace: 6298K(6464K)->6298K(6464K) NonClass: 5765K(5824K)->5765K(5824K) Class: 533K(640K)->533K(640K)
[6.088s][info][gc             ] GC(85) Pause Full (Ergonomics) 434M->434M(451M) 121.325ms
[6.088s][info][gc,cpu         ] GC(85) User=0.97s Sys=0.00s Real=0.12s
[6.088s][info][gc,start       ] GC(86) Pause Full (Ergonomics)
[6.088s][info][gc,phases,start] GC(86) Marking Phase
[6.181s][info][gc,phases      ] GC(86) Marking Phase 92.915ms
[6.181s][info][gc,phases,start] GC(86) Summary Phase
[6.181s][info][gc,phases      ] GC(86) Summary Phase 0.019ms
[6.181s][info][gc,phases,start] GC(86) Adjust Roots
[6.181s][info][gc,phases      ] GC(86) Adjust Roots 0.152ms
[6.181s][info][gc,phases,start] GC(86) Compaction Phase
[6.210s][info][gc,phases      ] GC(86) Compaction Phase 28.591ms
[6.210s][info][gc,phases,start] GC(86) Post Compact
[6.212s][info][gc,phases      ] GC(86) Post Compact 2.109ms
[6.212s][info][gc,heap        ] GC(86) PSYoungGen: 35163K(52224K)->35163K(52224K) Eden: 18944K(18944K)->18944K(18944K) From: 16219K(33280K)->16219K(33280K)
[6.212s][info][gc,heap        ] GC(86) ParOldGen: 409518K(409600K)->409518K(409600K)
[6.212s][info][gc,metaspace   ] GC(86) Metaspace: 6298K(6464K)->6298K(6464K) NonClass: 5765K(5824K)->5765K(5824K) Class: 533K(640K)->533K(640K)
[6.212s][info][gc             ] GC(86) Pause Full (Ergonomics) 434M->434M(451M) 124.130ms
[6.212s][info][gc,cpu         ] GC(86) User=0.78s Sys=0.00s Real=0.12s
[6.212s][info][gc,start       ] GC(87) Pause Full (Ergonomics)
[6.212s][info][gc,phases,start] GC(87) Marking Phase
[6.307s][info][gc,phases      ] GC(87) Marking Phase 95.111ms
[6.307s][info][gc,phases,start] GC(87) Summary Phase
[6.307s][info][gc,phases      ] GC(87) Summary Phase 0.019ms
[6.307s][info][gc,phases,start] GC(87) Adjust Roots
[6.307s][info][gc,phases      ] GC(87) Adjust Roots 0.156ms
[6.307s][info][gc,phases,start] GC(87) Compaction Phase
[6.336s][info][gc,phases      ] GC(87) Compaction Phase 28.568ms
[6.336s][info][gc,phases,start] GC(87) Post Compact
[6.338s][info][gc,phases      ] GC(87) Post Compact 2.046ms
[6.338s][info][gc,heap        ] GC(87) PSYoungGen: 35163K(52224K)->35163K(52224K) Eden: 18944K(18944K)->18944K(18944K) From: 16219K(33280K)->16219K(33280K)
[6.338s][info][gc,heap        ] GC(87) ParOldGen: 409523K(409600K)->409523K(409600K)
[6.338s][info][gc,metaspace   ] GC(87) Metaspace: 6298K(6464K)->6298K(6464K) NonClass: 5765K(5824K)->5765K(5824K) Class: 533K(640K)->533K(640K)
[6.338s][info][gc             ] GC(87) Pause Full (Ergonomics) 434M->434M(451M) 126.257ms
[6.338s][info][gc,cpu         ] GC(87) User=0.78s Sys=0.00s Real=0.13s
[6.338s][info][gc,start       ] GC(88) Pause Full (Ergonomics)
[6.339s][info][gc,phases,start] GC(88) Marking Phase
[6.428s][info][gc,phases      ] GC(88) Marking Phase 89.780ms
[6.428s][info][gc,phases,start] GC(88) Summary Phase
[6.428s][info][gc,phases      ] GC(88) Summary Phase 0.019ms
[6.428s][info][gc,phases,start] GC(88) Adjust Roots
[6.429s][info][gc,phases      ] GC(88) Adjust Roots 0.162ms
[6.429s][info][gc,phases,start] GC(88) Compaction Phase
[6.457s][info][gc,phases      ] GC(88) Compaction Phase 28.387ms
[6.457s][info][gc,phases,start] GC(88) Post Compact
[6.459s][info][gc,phases      ] GC(88) Post Compact 2.003ms
[6.459s][info][gc,heap        ] GC(88) PSYoungGen: 35163K(52224K)->35163K(52224K) Eden: 18944K(18944K)->18944K(18944K) From: 16219K(33280K)->16219K(33280K)
[6.459s][info][gc,heap        ] GC(88) ParOldGen: 409527K(409600K)->409527K(409600K)
[6.459s][info][gc,metaspace   ] GC(88) Metaspace: 6298K(6464K)->6298K(6464K) NonClass: 5765K(5824K)->5765K(5824K) Class: 533K(640K)->533K(640K)
[6.459s][info][gc             ] GC(88) Pause Full (Ergonomics) 434M->434M(451M) 120.681ms
[6.459s][info][gc,cpu         ] GC(88) User=0.78s Sys=0.00s Real=0.12s
[6.459s][info][gc,start       ] GC(89) Pause Full (Ergonomics)
[6.459s][info][gc,phases,start] GC(89) Marking Phase
[6.561s][info][gc,phases      ] GC(89) Marking Phase 101.221ms
[6.561s][info][gc,phases,start] GC(89) Summary Phase
[6.561s][info][gc,phases      ] GC(89) Summary Phase 0.019ms
[6.561s][info][gc,phases,start] GC(89) Adjust Roots
[6.561s][info][gc,phases      ] GC(89) Adjust Roots 0.149ms
[6.561s][info][gc,phases,start] GC(89) Compaction Phase
[6.589s][info][gc,phases      ] GC(89) Compaction Phase 28.457ms
[6.589s][info][gc,phases,start] GC(89) Post Compact
[6.591s][info][gc,phases      ] GC(89) Post Compact 1.964ms
[6.592s][info][gc,heap        ] GC(89) PSYoungGen: 35163K(52224K)->35163K(52224K) Eden: 18944K(18944K)->18944K(18944K) From: 16219K(33280K)->16219K(33280K)
[6.592s][info][gc,heap        ] GC(89) ParOldGen: 409532K(409600K)->409532K(409600K)
[6.592s][info][gc,metaspace   ] GC(89) Metaspace: 6298K(6464K)->6298K(6464K) NonClass: 5765K(5824K)->5765K(5824K) Class: 533K(640K)->533K(640K)
[6.592s][info][gc             ] GC(89) Pause Full (Ergonomics) 434M->434M(451M) 132.131ms
[6.592s][info][gc,cpu         ] GC(89) User=0.84s Sys=0.00s Real=0.13s
[6.592s][info][gc,start       ] GC(90) Pause Full (Ergonomics)
[6.592s][info][gc,phases,start] GC(90) Marking Phase
[6.692s][info][gc,phases      ] GC(90) Marking Phase 100.112ms
[6.692s][info][gc,phases,start] GC(90) Summary Phase
[6.692s][info][gc,phases      ] GC(90) Summary Phase 0.019ms
[6.692s][info][gc,phases,start] GC(90) Adjust Roots
[6.692s][info][gc,phases      ] GC(90) Adjust Roots 0.187ms
[6.692s][info][gc,phases,start] GC(90) Compaction Phase
[6.721s][info][gc,phases      ] GC(90) Compaction Phase 28.821ms
[6.721s][info][gc,phases,start] GC(90) Post Compact
[6.723s][info][gc,phases      ] GC(90) Post Compact 2.039ms
[6.723s][info][gc,heap        ] GC(90) PSYoungGen: 35163K(52224K)->35163K(52224K) Eden: 18944K(18944K)->18944K(18944K) From: 16219K(33280K)->16219K(33280K)
[6.723s][info][gc,heap        ] GC(90) ParOldGen: 409537K(409600K)->409537K(409600K)
[6.723s][info][gc,metaspace   ] GC(90) Metaspace: 6298K(6464K)->6298K(6464K) NonClass: 5765K(5824K)->5765K(5824K) Class: 533K(640K)->533K(640K)
[6.723s][info][gc             ] GC(90) Pause Full (Ergonomics) 434M->434M(451M) 131.510ms
[6.723s][info][gc,cpu         ] GC(90) User=1.03s Sys=0.00s Real=0.13s
[6.723s][info][gc,start       ] GC(91) Pause Full (Ergonomics)
[6.723s][info][gc,phases,start] GC(91) Marking Phase
[6.816s][info][gc,phases      ] GC(91) Marking Phase 92.790ms
[6.816s][info][gc,phases,start] GC(91) Summary Phase
[6.816s][info][gc,phases      ] GC(91) Summary Phase 0.023ms
[6.816s][info][gc,phases,start] GC(91) Adjust Roots
[6.817s][info][gc,phases      ] GC(91) Adjust Roots 0.158ms
[6.817s][info][gc,phases,start] GC(91) Compaction Phase
[6.846s][info][gc,phases      ] GC(91) Compaction Phase 29.487ms
[6.846s][info][gc,phases,start] GC(91) Post Compact
[6.848s][info][gc,phases      ] GC(91) Post Compact 2.033ms
[6.848s][info][gc,heap        ] GC(91) PSYoungGen: 35163K(52224K)->35163K(52224K) Eden: 18944K(18944K)->18944K(18944K) From: 16219K(33280K)->16219K(33280K)
[6.848s][info][gc,heap        ] GC(91) ParOldGen: 409541K(409600K)->409541K(409600K)
[6.848s][info][gc,metaspace   ] GC(91) Metaspace: 6298K(6464K)->6298K(6464K) NonClass: 5765K(5824K)->5765K(5824K) Class: 533K(640K)->533K(640K)
[6.848s][info][gc             ] GC(91) Pause Full (Ergonomics) 434M->434M(451M) 124.833ms
[6.848s][info][gc,cpu         ] GC(91) User=0.75s Sys=0.00s Real=0.12s
[6.848s][info][gc,start       ] GC(92) Pause Full (Ergonomics)
[6.849s][info][gc,phases,start] GC(92) Marking Phase
[6.943s][info][gc,phases      ] GC(92) Marking Phase 94.958ms
[6.944s][info][gc,phases,start] GC(92) Summary Phase
[6.944s][info][gc,phases      ] GC(92) Summary Phase 0.019ms
[6.944s][info][gc,phases,start] GC(92) Adjust Roots
[6.944s][info][gc,phases      ] GC(92) Adjust Roots 0.153ms
[6.944s][info][gc,phases,start] GC(92) Compaction Phase
[6.975s][info][gc,phases      ] GC(92) Compaction Phase 31.615ms
[6.975s][info][gc,phases,start] GC(92) Post Compact
[6.977s][info][gc,phases      ] GC(92) Post Compact 2.027ms
[6.978s][info][gc,heap        ] GC(92) PSYoungGen: 35163K(52224K)->35163K(52224K) Eden: 18944K(18944K)->18944K(18944K) From: 16219K(33280K)->16219K(33280K)
[6.978s][info][gc,heap        ] GC(92) ParOldGen: 409546K(409600K)->409546K(409600K)
[6.978s][info][gc,metaspace   ] GC(92) Metaspace: 6298K(6464K)->6298K(6464K) NonClass: 5765K(5824K)->5765K(5824K) Class: 533K(640K)->533K(640K)
[6.978s][info][gc             ] GC(92) Pause Full (Ergonomics) 434M->434M(451M) 129.098ms
[6.978s][info][gc,cpu         ] GC(92) User=0.77s Sys=0.00s Real=0.13s
[6.978s][info][gc,start       ] GC(93) Pause Full (Ergonomics)
[6.978s][info][gc,phases,start] GC(93) Marking Phase
[7.071s][info][gc,phases      ] GC(93) Marking Phase 93.337ms
[7.071s][info][gc,phases,start] GC(93) Summary Phase
[7.071s][info][gc,phases      ] GC(93) Summary Phase 0.019ms
[7.071s][info][gc,phases,start] GC(93) Adjust Roots
[7.071s][info][gc,phases      ] GC(93) Adjust Roots 0.150ms
[7.071s][info][gc,phases,start] GC(93) Compaction Phase
[7.100s][info][gc,phases      ] GC(93) Compaction Phase 29.044ms
[7.101s][info][gc,phases,start] GC(93) Post Compact
[7.103s][info][gc,phases      ] GC(93) Post Compact 1.987ms
[7.103s][info][gc,heap        ] GC(93) PSYoungGen: 35163K(52224K)->35163K(52224K) Eden: 18944K(18944K)->18944K(18944K) From: 16219K(33280K)->16219K(33280K)
[7.103s][info][gc,heap        ] GC(93) ParOldGen: 409551K(409600K)->409551K(409600K)
[7.103s][info][gc,metaspace   ] GC(93) Metaspace: 6298K(6464K)->6298K(6464K) NonClass: 5765K(5824K)->5765K(5824K) Class: 533K(640K)->533K(640K)
[7.103s][info][gc             ] GC(93) Pause Full (Ergonomics) 434M->434M(451M) 124.853ms
[7.103s][info][gc,cpu         ] GC(93) User=0.78s Sys=0.00s Real=0.12s
[7.103s][info][gc,start       ] GC(94) Pause Full (Ergonomics)
[7.103s][info][gc,phases,start] GC(94) Marking Phase
[7.197s][info][gc,phases      ] GC(94) Marking Phase 93.631ms
[7.197s][info][gc,phases,start] GC(94) Summary Phase
[7.197s][info][gc,phases      ] GC(94) Summary Phase 0.019ms
[7.197s][info][gc,phases,start] GC(94) Adjust Roots
[7.197s][info][gc,phases      ] GC(94) Adjust Roots 0.159ms
[7.197s][info][gc,phases,start] GC(94) Compaction Phase
[7.228s][info][gc,phases      ] GC(94) Compaction Phase 31.228ms
[7.228s][info][gc,phases,start] GC(94) Post Compact
[7.230s][info][gc,phases      ] GC(94) Post Compact 2.194ms
[7.230s][info][gc,heap        ] GC(94) PSYoungGen: 35163K(52224K)->35163K(52224K) Eden: 18944K(18944K)->18944K(18944K) From: 16219K(33280K)->16219K(33280K)
[7.230s][info][gc,heap        ] GC(94) ParOldGen: 409555K(409600K)->409555K(409600K)
[7.230s][info][gc,metaspace   ] GC(94) Metaspace: 6298K(6464K)->6298K(6464K) NonClass: 5765K(5824K)->5765K(5824K) Class: 533K(640K)->533K(640K)
[7.230s][info][gc             ] GC(94) Pause Full (Ergonomics) 434M->434M(451M) 127.577ms
[7.230s][info][gc,cpu         ] GC(94) User=0.78s Sys=0.00s Real=0.13s
[7.231s][info][gc,start       ] GC(95) Pause Full (Ergonomics)
[7.231s][info][gc,phases,start] GC(95) Marking Phase
[7.327s][info][gc,phases      ] GC(95) Marking Phase 96.499ms
[7.327s][info][gc,phases,start] GC(95) Summary Phase
[7.327s][info][gc,phases      ] GC(95) Summary Phase 0.021ms
[7.327s][info][gc,phases,start] GC(95) Adjust Roots
[7.327s][info][gc,phases      ] GC(95) Adjust Roots 0.188ms
[7.327s][info][gc,phases,start] GC(95) Compaction Phase
[7.358s][info][gc,phases      ] GC(95) Compaction Phase 30.351ms
[7.358s][info][gc,phases,start] GC(95) Post Compact
[7.360s][info][gc,phases      ] GC(95) Post Compact 2.182ms
[7.360s][info][gc,heap        ] GC(95) PSYoungGen: 35163K(52224K)->35163K(52224K) Eden: 18944K(18944K)->18944K(18944K) From: 16219K(33280K)->16219K(33280K)
[7.360s][info][gc,heap        ] GC(95) ParOldGen: 409560K(409600K)->409560K(409600K)
[7.360s][info][gc,metaspace   ] GC(95) Metaspace: 6298K(6464K)->6298K(6464K) NonClass: 5765K(5824K)->5765K(5824K) Class: 533K(640K)->533K(640K)
[7.360s][info][gc             ] GC(95) Pause Full (Ergonomics) 434M->434M(451M) 129.602ms
[7.360s][info][gc,cpu         ] GC(95) User=0.78s Sys=0.00s Real=0.13s
[7.360s][info][gc,start       ] GC(96) Pause Full (Ergonomics)
[7.360s][info][gc,phases,start] GC(96) Marking Phase
[7.457s][info][gc,phases      ] GC(96) Marking Phase 97.029ms
[7.457s][info][gc,phases,start] GC(96) Summary Phase
[7.457s][info][gc,phases      ] GC(96) Summary Phase 0.019ms
[7.458s][info][gc,phases,start] GC(96) Adjust Roots
[7.458s][info][gc,phases      ] GC(96) Adjust Roots 0.154ms
[7.458s][info][gc,phases,start] GC(96) Compaction Phase
[7.490s][info][gc,phases      ] GC(96) Compaction Phase 31.997ms
[7.490s][info][gc,phases,start] GC(96) Post Compact
[7.492s][info][gc,phases      ] GC(96) Post Compact 2.029ms
[7.492s][info][gc,heap        ] GC(96) PSYoungGen: 35163K(52224K)->35163K(52224K) Eden: 18944K(18944K)->18944K(18944K) From: 16219K(33280K)->16219K(33280K)
[7.492s][info][gc,heap        ] GC(96) ParOldGen: 409565K(409600K)->409565K(409600K)
[7.492s][info][gc,metaspace   ] GC(96) Metaspace: 6298K(6464K)->6298K(6464K) NonClass: 5765K(5824K)->5765K(5824K) Class: 533K(640K)->533K(640K)
[7.492s][info][gc             ] GC(96) Pause Full (Ergonomics) 434M->434M(451M) 131.535ms
[7.492s][info][gc,cpu         ] GC(96) User=0.89s Sys=0.00s Real=0.13s
[7.492s][info][gc,start       ] GC(97) Pause Full (Ergonomics)
[7.492s][info][gc,phases,start] GC(97) Marking Phase
[7.593s][info][gc,phases      ] GC(97) Marking Phase 100.752ms
[7.593s][info][gc,phases,start] GC(97) Summary Phase
[7.593s][info][gc,phases      ] GC(97) Summary Phase 0.019ms
[7.593s][info][gc,phases,start] GC(97) Adjust Roots
[7.593s][info][gc,phases      ] GC(97) Adjust Roots 0.149ms
[7.593s][info][gc,phases,start] GC(97) Compaction Phase
[7.621s][info][gc,phases      ] GC(97) Compaction Phase 27.785ms
[7.621s][info][gc,phases,start] GC(97) Post Compact
[7.623s][info][gc,phases      ] GC(97) Post Compact 1.990ms
[7.623s][info][gc,heap        ] GC(97) PSYoungGen: 35163K(52224K)->35163K(52224K) Eden: 18944K(18944K)->18944K(18944K) From: 16219K(33280K)->16219K(33280K)
[7.623s][info][gc,heap        ] GC(97) ParOldGen: 409569K(409600K)->409569K(409600K)
[7.623s][info][gc,metaspace   ] GC(97) Metaspace: 6298K(6464K)->6298K(6464K) NonClass: 5765K(5824K)->5765K(5824K) Class: 533K(640K)->533K(640K)
[7.623s][info][gc             ] GC(97) Pause Full (Ergonomics) 434M->434M(451M) 131.021ms
[7.623s][info][gc,cpu         ] GC(97) User=0.89s Sys=0.00s Real=0.13s
[7.623s][info][gc,start       ] GC(98) Pause Full (Ergonomics)
[7.623s][info][gc,phases,start] GC(98) Marking Phase
[7.722s][info][gc,phases      ] GC(98) Marking Phase 98.920ms
[7.722s][info][gc,phases,start] GC(98) Summary Phase
[7.722s][info][gc,phases      ] GC(98) Summary Phase 0.019ms
[7.722s][info][gc,phases,start] GC(98) Adjust Roots
[7.723s][info][gc,phases      ] GC(98) Adjust Roots 0.165ms
[7.723s][info][gc,phases,start] GC(98) Compaction Phase
[7.752s][info][gc,phases      ] GC(98) Compaction Phase 29.145ms
[7.752s][info][gc,phases,start] GC(98) Post Compact
[7.754s][info][gc,phases      ] GC(98) Post Compact 1.997ms
[7.754s][info][gc,heap        ] GC(98) PSYoungGen: 35163K(52224K)->35163K(52224K) Eden: 18944K(18944K)->18944K(18944K) From: 16219K(33280K)->16219K(33280K)
[7.754s][info][gc,heap        ] GC(98) ParOldGen: 409574K(409600K)->409574K(409600K)
[7.754s][info][gc,metaspace   ] GC(98) Metaspace: 6298K(6464K)->6298K(6464K) NonClass: 5765K(5824K)->5765K(5824K) Class: 533K(640K)->533K(640K)
[7.754s][info][gc             ] GC(98) Pause Full (Ergonomics) 434M->434M(451M) 130.584ms
[7.754s][info][gc,cpu         ] GC(98) User=0.97s Sys=0.00s Real=0.13s
[7.754s][info][gc,start       ] GC(99) Pause Full (Ergonomics)
[7.754s][info][gc,phases,start] GC(99) Marking Phase
[7.851s][info][gc,phases      ] GC(99) Marking Phase 96.796ms
[7.851s][info][gc,phases,start] GC(99) Summary Phase
[7.851s][info][gc,phases      ] GC(99) Summary Phase 0.019ms
[7.851s][info][gc,phases,start] GC(99) Adjust Roots
[7.851s][info][gc,phases      ] GC(99) Adjust Roots 0.155ms
[7.851s][info][gc,phases,start] GC(99) Compaction Phase
[7.881s][info][gc,phases      ] GC(99) Compaction Phase 29.567ms
[7.881s][info][gc,phases,start] GC(99) Post Compact
[7.883s][info][gc,phases      ] GC(99) Post Compact 2.043ms
[7.883s][info][gc,heap        ] GC(99) PSYoungGen: 35163K(52224K)->35163K(52224K) Eden: 18944K(18944K)->18944K(18944K) From: 16219K(33280K)->16219K(33280K)
[7.883s][info][gc,heap        ] GC(99) ParOldGen: 409579K(409600K)->409579K(409600K)
[7.883s][info][gc,metaspace   ] GC(99) Metaspace: 6298K(6464K)->6298K(6464K) NonClass: 5765K(5824K)->5765K(5824K) Class: 533K(640K)->533K(640K)
[7.883s][info][gc             ] GC(99) Pause Full (Ergonomics) 434M->434M(451M) 128.931ms
[7.883s][info][gc,cpu         ] GC(99) User=0.89s Sys=0.00s Real=0.13s
[7.883s][info][gc,start       ] GC(100) Pause Full (Ergonomics)
[7.883s][info][gc,phases,start] GC(100) Marking Phase
[7.977s][info][gc,phases      ] GC(100) Marking Phase 94.204ms
[7.978s][info][gc,phases,start] GC(100) Summary Phase
[7.978s][info][gc,phases      ] GC(100) Summary Phase 0.020ms
[7.978s][info][gc,phases,start] GC(100) Adjust Roots
[7.978s][info][gc,phases      ] GC(100) Adjust Roots 0.154ms
[7.978s][info][gc,phases,start] GC(100) Compaction Phase
[8.007s][info][gc,phases      ] GC(100) Compaction Phase 28.965ms
[8.007s][info][gc,phases,start] GC(100) Post Compact
[8.009s][info][gc,phases      ] GC(100) Post Compact 2.127ms
[8.009s][info][gc,heap        ] GC(100) PSYoungGen: 35163K(52224K)->35163K(52224K) Eden: 18944K(18944K)->18944K(18944K) From: 16219K(33280K)->16219K(33280K)
[8.009s][info][gc,heap        ] GC(100) ParOldGen: 409583K(409600K)->409583K(409600K)
[8.009s][info][gc,metaspace   ] GC(100) Metaspace: 6298K(6464K)->6298K(6464K) NonClass: 5765K(5824K)->5765K(5824K) Class: 533K(640K)->533K(640K)
[8.009s][info][gc             ] GC(100) Pause Full (Ergonomics) 434M->434M(451M) 125.834ms
[8.009s][info][gc,cpu         ] GC(100) User=0.78s Sys=0.00s Real=0.13s
[8.009s][info][gc,start       ] GC(101) Pause Full (Ergonomics)
[8.009s][info][gc,phases,start] GC(101) Marking Phase
[8.103s][info][gc,phases      ] GC(101) Marking Phase 93.951ms
[8.103s][info][gc,phases,start] GC(101) Summary Phase
[8.103s][info][gc,phases      ] GC(101) Summary Phase 0.019ms
[8.103s][info][gc,phases,start] GC(101) Adjust Roots
[8.104s][info][gc,phases      ] GC(101) Adjust Roots 0.152ms
[8.104s][info][gc,phases,start] GC(101) Compaction Phase
[8.132s][info][gc,phases      ] GC(101) Compaction Phase 28.708ms
[8.132s][info][gc,phases,start] GC(101) Post Compact
[8.134s][info][gc,phases      ] GC(101) Post Compact 2.020ms
[8.134s][info][gc,heap        ] GC(101) PSYoungGen: 35163K(52224K)->35163K(52224K) Eden: 18944K(18944K)->18944K(18944K) From: 16219K(33280K)->16219K(33280K)
[8.134s][info][gc,heap        ] GC(101) ParOldGen: 409588K(409600K)->409588K(409600K)
[8.135s][info][gc,metaspace   ] GC(101) Metaspace: 6298K(6464K)->6298K(6464K) NonClass: 5765K(5824K)->5765K(5824K) Class: 533K(640K)->533K(640K)
[8.135s][info][gc             ] GC(101) Pause Full (Ergonomics) 434M->434M(451M) 125.183ms
[8.135s][info][gc,cpu         ] GC(101) User=0.78s Sys=0.00s Real=0.12s
[8.135s][info][gc,start       ] GC(102) Pause Full (Ergonomics)
[8.135s][info][gc,phases,start] GC(102) Marking Phase
[8.229s][info][gc,phases      ] GC(102) Marking Phase 94.323ms
[8.229s][info][gc,phases,start] GC(102) Summary Phase
[8.229s][info][gc,phases      ] GC(102) Summary Phase 0.019ms
[8.229s][info][gc,phases,start] GC(102) Adjust Roots
[8.229s][info][gc,phases      ] GC(102) Adjust Roots 0.148ms
[8.229s][info][gc,phases,start] GC(102) Compaction Phase
[8.258s][info][gc,phases      ] GC(102) Compaction Phase 28.788ms
[8.258s][info][gc,phases,start] GC(102) Post Compact
[8.260s][info][gc,phases      ] GC(102) Post Compact 2.051ms
[8.260s][info][gc,heap        ] GC(102) PSYoungGen: 35163K(52224K)->35163K(52224K) Eden: 18944K(18944K)->18944K(18944K) From: 16219K(33280K)->16219K(33280K)
[8.260s][info][gc,heap        ] GC(102) ParOldGen: 409593K(409600K)->409593K(409600K)
[8.260s][info][gc,metaspace   ] GC(102) Metaspace: 6298K(6464K)->6298K(6464K) NonClass: 5765K(5824K)->5765K(5824K) Class: 533K(640K)->533K(640K)
[8.260s][info][gc             ] GC(102) Pause Full (Ergonomics) 434M->434M(451M) 125.665ms
[8.260s][info][gc,cpu         ] GC(102) User=0.78s Sys=0.00s Real=0.13s
[8.261s][info][gc,start       ] GC(103) Pause Full (Ergonomics)
[8.261s][info][gc,phases,start] GC(103) Marking Phase
[8.353s][info][gc,phases      ] GC(103) Marking Phase 92.640ms
[8.353s][info][gc,phases,start] GC(103) Summary Phase
[8.353s][info][gc,phases      ] GC(103) Summary Phase 0.019ms
[8.353s][info][gc,phases,start] GC(103) Adjust Roots
[8.354s][info][gc,phases      ] GC(103) Adjust Roots 0.162ms
[8.354s][info][gc,phases,start] GC(103) Compaction Phase
[8.385s][info][gc,phases      ] GC(103) Compaction Phase 31.148ms
[8.385s][info][gc,phases,start] GC(103) Post Compact
[8.387s][info][gc,phases      ] GC(103) Post Compact 2.311ms
[8.387s][info][gc,heap        ] GC(103) PSYoungGen: 35163K(52224K)->35163K(52224K) Eden: 18944K(18944K)->18944K(18944K) From: 16219K(33280K)->16219K(33280K)
[8.387s][info][gc,heap        ] GC(103) ParOldGen: 409597K(409600K)->409597K(409600K)
[8.387s][info][gc,metaspace   ] GC(103) Metaspace: 6298K(6464K)->6298K(6464K) NonClass: 5765K(5824K)->5765K(5824K) Class: 533K(640K)->533K(640K)
[8.387s][info][gc             ] GC(103) Pause Full (Ergonomics) 434M->434M(451M) 126.618ms
[8.387s][info][gc,cpu         ] GC(103) User=0.78s Sys=0.00s Real=0.13s
[8.387s][info][gc,start       ] GC(104) Pause Full (Ergonomics)
[8.387s][info][gc,phases,start] GC(104) Marking Phase
[8.483s][info][gc,phases      ] GC(104) Marking Phase 95.295ms
[8.483s][info][gc,phases,start] GC(104) Summary Phase
[8.483s][info][gc,phases      ] GC(104) Summary Phase 0.019ms
[8.483s][info][gc,phases,start] GC(104) Adjust Roots
[8.483s][info][gc,phases      ] GC(104) Adjust Roots 0.178ms
[8.483s][info][gc,phases,start] GC(104) Compaction Phase
[8.512s][info][gc,phases      ] GC(104) Compaction Phase 28.780ms
[8.512s][info][gc,phases,start] GC(104) Post Compact
[8.514s][info][gc,phases      ] GC(104) Post Compact 2.089ms
[8.514s][info][gc,heap        ] GC(104) PSYoungGen: 35163K(52224K)->35163K(52224K) Eden: 18944K(18944K)->18944K(18944K) From: 16219K(33280K)->16219K(33280K)
[8.514s][info][gc,heap        ] GC(104) ParOldGen: 409599K(409600K)->409599K(409600K)
[8.514s][info][gc,metaspace   ] GC(104) Metaspace: 6298K(6464K)->6298K(6464K) NonClass: 5765K(5824K)->5765K(5824K) Class: 533K(640K)->533K(640K)
[8.514s][info][gc             ] GC(104) Pause Full (Ergonomics) 434M->434M(451M) 126.727ms
[8.514s][info][gc,cpu         ] GC(104) User=0.88s Sys=0.00s Real=0.13s
[8.514s][info][gc,start       ] GC(105) Pause Full (Allocation Failure)
[8.514s][info][gc,phases,start] GC(105) Marking Phase
[8.605s][info][gc,phases      ] GC(105) Marking Phase 91.221ms
[8.605s][info][gc,phases,start] GC(105) Summary Phase
[8.606s][info][gc,phases      ] GC(105) Summary Phase 0.020ms
[8.606s][info][gc,phases,start] GC(105) Adjust Roots
[8.606s][info][gc,phases      ] GC(105) Adjust Roots 0.345ms
[8.606s][info][gc,phases,start] GC(105) Compaction Phase
[8.716s][info][gc,phases      ] GC(105) Compaction Phase 110.525ms
[8.717s][info][gc,phases,start] GC(105) Post Compact
[8.719s][info][gc,phases      ] GC(105) Post Compact 2.254ms
[8.719s][info][gc,heap        ] GC(105) PSYoungGen: 35163K(52224K)->35163K(52224K) Eden: 18944K(18944K)->18944K(18944K) From: 16219K(33280K)->16219K(33280K)
[8.719s][info][gc,heap        ] GC(105) ParOldGen: 409599K(409600K)->409595K(409600K)
[8.719s][info][gc,metaspace   ] GC(105) Metaspace: 6298K(6464K)->6296K(6464K) NonClass: 5765K(5824K)->5763K(5824K) Class: 533K(640K)->532K(640K)
[8.719s][info][gc             ] GC(105) Pause Full (Allocation Failure) 434M->434M(451M) 204.693ms
[8.719s][info][gc,cpu         ] GC(105) User=1.50s Sys=0.00s Real=0.20s
[8.719s][info][gc,start       ] GC(106) Pause Full (Ergonomics)
[8.719s][info][gc,phases,start] GC(106) Marking Phase
[8.814s][info][gc,phases      ] GC(106) Marking Phase 94.444ms
[8.814s][info][gc,phases,start] GC(106) Summary Phase
[8.814s][info][gc,phases      ] GC(106) Summary Phase 0.019ms
[8.814s][info][gc,phases,start] GC(106) Adjust Roots
[8.814s][info][gc,phases      ] GC(106) Adjust Roots 0.191ms
[8.814s][info][gc,phases,start] GC(106) Compaction Phase
[8.846s][info][gc,phases      ] GC(106) Compaction Phase 31.438ms
[8.846s][info][gc,phases,start] GC(106) Post Compact
[8.848s][info][gc,phases      ] GC(106) Post Compact 1.985ms
[8.848s][info][gc,heap        ] GC(106) PSYoungGen: 35163K(52224K)->35163K(52224K) Eden: 18944K(18944K)->18944K(18944K) From: 16219K(33280K)->16219K(33280K)
[8.848s][info][gc,heap        ] GC(106) ParOldGen: 409598K(409600K)->409598K(409600K)
[8.848s][info][gc,metaspace   ] GC(106) Metaspace: 6296K(6464K)->6296K(6464K) NonClass: 5763K(5824K)->5763K(5824K) Class: 532K(640K)->532K(640K)
[8.848s][info][gc             ] GC(106) Pause Full (Ergonomics) 434M->434M(451M) 128.396ms
[8.848s][info][gc,cpu         ] GC(106) User=0.77s Sys=0.00s Real=0.13s
[8.848s][info][gc,start       ] GC(107) Pause Full (Ergonomics)
[8.848s][info][gc,phases,start] GC(107) Marking Phase
[8.947s][info][gc,phases      ] GC(107) Marking Phase 98.784ms
[8.947s][info][gc,phases,start] GC(107) Summary Phase
[8.947s][info][gc,phases      ] GC(107) Summary Phase 0.020ms
[8.947s][info][gc,phases,start] GC(107) Adjust Roots
[8.947s][info][gc,phases      ] GC(107) Adjust Roots 0.163ms
[8.947s][info][gc,phases,start] GC(107) Compaction Phase
[8.978s][info][gc,phases      ] GC(107) Compaction Phase 30.325ms
[8.978s][info][gc,phases,start] GC(107) Post Compact
[8.980s][info][gc,phases      ] GC(107) Post Compact 2.004ms
[8.980s][info][gc,heap        ] GC(107) PSYoungGen: 35163K(52224K)->35163K(52224K) Eden: 18944K(18944K)->18944K(18944K) From: 16219K(33280K)->16219K(33280K)
[8.980s][info][gc,heap        ] GC(107) ParOldGen: 409599K(409600K)->409599K(409600K)
[8.980s][info][gc,metaspace   ] GC(107) Metaspace: 6296K(6464K)->6296K(6464K) NonClass: 5763K(5824K)->5763K(5824K) Class: 532K(640K)->532K(640K)
[8.980s][info][gc             ] GC(107) Pause Full (Ergonomics) 434M->434M(451M) 131.616ms
[8.980s][info][gc,cpu         ] GC(107) User=0.89s Sys=0.00s Real=0.13s
[8.980s][info][gc,start       ] GC(108) Pause Full (Allocation Failure)
[8.980s][info][gc,phases,start] GC(108) Marking Phase
[9.079s][info][gc,phases      ] GC(108) Marking Phase 98.675ms
[9.079s][info][gc,phases,start] GC(108) Summary Phase
[9.079s][info][gc,phases      ] GC(108) Summary Phase 0.023ms
[9.079s][info][gc,phases,start] GC(108) Adjust Roots
[9.079s][info][gc,phases      ] GC(108) Adjust Roots 0.155ms
[9.079s][info][gc,phases,start] GC(108) Compaction Phase
[9.108s][info][gc,phases      ] GC(108) Compaction Phase 28.530ms
[9.108s][info][gc,phases,start] GC(108) Post Compact
[9.110s][info][gc,phases      ] GC(108) Post Compact 2.042ms
[9.110s][info][gc,heap        ] GC(108) PSYoungGen: 35163K(52224K)->35163K(52224K) Eden: 18944K(18944K)->18944K(18944K) From: 16219K(33280K)->16219K(33280K)
[9.110s][info][gc,heap        ] GC(108) ParOldGen: 409599K(409600K)->409599K(409600K)
[9.110s][info][gc,metaspace   ] GC(108) Metaspace: 6296K(6464K)->6296K(6464K) NonClass: 5763K(5824K)->5763K(5824K) Class: 532K(640K)->532K(640K)
[9.110s][info][gc             ] GC(108) Pause Full (Allocation Failure) 434M->434M(451M) 129.747ms
[9.110s][info][gc,cpu         ] GC(108) User=0.98s Sys=0.00s Real=0.13s
[9.110s][info][gc,start       ] GC(109) Pause Full (Ergonomics)
[9.110s][info][gc,phases,start] GC(109) Marking Phase
[9.206s][info][gc,phases      ] GC(109) Marking Phase 95.743ms
[9.206s][info][gc,phases,start] GC(109) Summary Phase
[9.206s][info][gc,phases      ] GC(109) Summary Phase 0.019ms
[9.206s][info][gc,phases,start] GC(109) Adjust Roots
[9.206s][info][gc,phases      ] GC(109) Adjust Roots 0.224ms
[9.206s][info][gc,phases,start] GC(109) Compaction Phase
[9.315s][info][gc,phases      ] GC(109) Compaction Phase 108.316ms
[9.315s][info][gc,phases,start] GC(109) Post Compact
[9.317s][info][gc,phases      ] GC(109) Post Compact 2.282ms
[9.317s][info][gc,heap        ] GC(109) PSYoungGen: 35163K(52224K)->35163K(52224K) Eden: 18944K(18944K)->18944K(18944K) From: 16219K(33280K)->16219K(33280K)
[9.317s][info][gc,heap        ] GC(109) ParOldGen: 409599K(409600K)->409598K(409600K)
[9.317s][info][gc,metaspace   ] GC(109) Metaspace: 6296K(6464K)->6296K(6464K) NonClass: 5763K(5824K)->5763K(5824K) Class: 532K(640K)->532K(640K)
[9.317s][info][gc             ] GC(109) Pause Full (Ergonomics) 434M->434M(451M) 206.924ms
[9.317s][info][gc,cpu         ] GC(109) User=1.38s Sys=0.00s Real=0.21s
[9.318s][info][gc,start       ] GC(110) Pause Full (Ergonomics)
[9.318s][info][gc,phases,start] GC(110) Marking Phase
[9.416s][info][gc,phases      ] GC(110) Marking Phase 97.572ms
[9.416s][info][gc,phases,start] GC(110) Summary Phase
[9.416s][info][gc,phases      ] GC(110) Summary Phase 0.019ms
[9.416s][info][gc,phases,start] GC(110) Adjust Roots
[9.416s][info][gc,phases      ] GC(110) Adjust Roots 0.311ms
[9.416s][info][gc,phases,start] GC(110) Compaction Phase
[9.523s][info][gc,phases      ] GC(110) Compaction Phase 107.012ms
[9.523s][info][gc,phases,start] GC(110) Post Compact
[9.526s][info][gc,phases      ] GC(110) Post Compact 2.248ms
[9.526s][info][gc,heap        ] GC(110) PSYoungGen: 35163K(52224K)->35163K(52224K) Eden: 18944K(18944K)->18944K(18944K) From: 16219K(33280K)->16219K(33280K)
[9.526s][info][gc,heap        ] GC(110) ParOldGen: 409599K(409600K)->409596K(409600K)
[9.526s][info][gc,metaspace   ] GC(110) Metaspace: 6297K(6464K)->6297K(6464K) NonClass: 5763K(5824K)->5763K(5824K) Class: 533K(640K)->533K(640K)
[9.526s][info][gc             ] GC(110) Pause Full (Ergonomics) 434M->434M(451M) 207.496ms
[9.526s][info][gc,cpu         ] GC(110) User=1.33s Sys=0.00s Real=0.21s
[9.527s][info][gc,start       ] GC(111) Pause Full (Ergonomics)
[9.527s][info][gc,phases,start] GC(111) Marking Phase
[9.623s][info][gc,phases      ] GC(111) Marking Phase 96.060ms
[9.623s][info][gc,phases,start] GC(111) Summary Phase
[9.623s][info][gc,phases      ] GC(111) Summary Phase 0.019ms
[9.623s][info][gc,phases,start] GC(111) Adjust Roots
[9.623s][info][gc,phases      ] GC(111) Adjust Roots 0.149ms
[9.623s][info][gc,phases,start] GC(111) Compaction Phase
[9.651s][info][gc,phases      ] GC(111) Compaction Phase 28.404ms
[9.651s][info][gc,phases,start] GC(111) Post Compact
[9.653s][info][gc,phases      ] GC(111) Post Compact 1.993ms
[9.653s][info][gc,heap        ] GC(111) PSYoungGen: 35163K(52224K)->35163K(52224K) Eden: 18944K(18944K)->18944K(18944K) From: 16219K(33280K)->16219K(33280K)
[9.653s][info][gc,heap        ] GC(111) ParOldGen: 409597K(409600K)->409597K(409600K)
[9.653s][info][gc,metaspace   ] GC(111) Metaspace: 6300K(6464K)->6300K(6464K) NonClass: 5765K(5824K)->5765K(5824K) Class: 534K(640K)->534K(640K)
[9.653s][info][gc             ] GC(111) Pause Full (Ergonomics) 434M->434M(451M) 126.964ms
[9.654s][info][gc,cpu         ] GC(111) User=0.78s Sys=0.00s Real=0.13s
[9.654s][info][gc,heap,exit   ] Heap
[9.654s][info][gc,heap,exit   ]  PSYoungGen      total 52224K, used 35163K [0x00000000f3800000, 0x00000000fc980000, 0x0000000100000000)
[9.654s][info][gc,heap,exit   ]   eden space 18944K, 100% used [0x00000000f3800000,0x00000000f4a80000,0x00000000f4a80000)
[9.654s][info][gc,heap,exit   ]   from space 33280K, 48% used [0x00000000f4a80000,0x00000000f5a56ea0,0x00000000f6b00000)
[9.654s][info][gc,heap,exit   ]   to   space 64000K, 0% used [0x00000000f8b00000,0x00000000f8b00000,0x00000000fc980000)
[9.654s][info][gc,heap,exit   ]  ParOldGen       total 409600K, used 409597K [0x00000000da800000, 0x00000000f3800000, 0x00000000f3800000)
[9.654s][info][gc,heap,exit   ]   object space 409600K, 99% used [0x00000000da800000,0x00000000f37ff748,0x00000000f3800000)
[9.654s][info][gc,heap,exit   ]  Metaspace       used 6300K, committed 6464K, reserved 1114112K
[9.654s][info][gc,heap,exit   ]   class space    used 534K, committed 640K, reserved 1048576K
