[0.012s][info][gc,init] CardTable entry size: 512
[0.012s][info][gc     ] Using Parallel
[0.013s][info][gc,init] Version: 18.0.1+10 (release)
[0.013s][info][gc,init] CPUs: 8 total, 8 available
[0.013s][info][gc,init] Memory: 16063M
[0.013s][info][gc,init] Large Page Support: Disabled
[0.013s][info][gc,init] NUMA Support: Disabled
[0.013s][info][gc,init] Compressed Oops: Enabled (Zero based)
[0.013s][info][gc,init] Alignments: Space 512K, Generation 512K, Heap 2M
[0.013s][info][gc,init] Heap Min Capacity: 2M
[0.013s][info][gc,init] Heap Initial Capacity: 2M
[0.013s][info][gc,init] Heap Max Capacity: 16100M
[0.014s][info][gc,init] Pre-touch: Disabled
[0.014s][info][gc,init] Parallel Workers: 8
[0.014s][info][gc,metaspace] CDS archive(s) not mapped
[0.014s][info][gc,metaspace] Compressed class space mapped at: 0x0000000800000000-0x0000000840000000, reserved size: 1073741824
[0.014s][info][gc,metaspace] Narrow klass base: 0x0000000800000000, Narrow klass shift: 0, Narrow klass range: 0x40000000
[0.109s][info][gc,start    ] GC(0) Pause Young (Allocation Failure)
[0.110s][info][gc,heap     ] GC(0) PSYoungGen: 512K(1024K)->480K(1024K) Eden: 512K(512K)->0K(512K) From: 0K(512K)->480K(512K)
[0.110s][info][gc,heap     ] GC(0) ParOldGen: 0K(512K)->8K(512K)
[0.110s][info][gc,metaspace] GC(0) Metaspace: 4229K(4352K)->4229K(4352K) NonClass: 3908K(3968K)->3908K(3968K) Class: 321K(384K)->321K(384K)
[0.110s][info][gc          ] GC(0) Pause Young (Allocation Failure) 0M->0M(1M) 1.315ms
[0.110s][info][gc,cpu      ] GC(0) User=0.00s Sys=0.00s Real=0.00s
[0.169s][info][gc,start    ] GC(1) Pause Young (Allocation Failure)
[0.170s][info][gc,heap     ] GC(1) PSYoungGen: 991K(1024K)->512K(1536K) Eden: 511K(512K)->0K(1024K) From: 480K(512K)->512K(512K)
[0.170s][info][gc,heap     ] GC(1) ParOldGen: 8K(512K)->96K(512K)
[0.170s][info][gc,metaspace] GC(1) Metaspace: 5878K(6016K)->5878K(6016K) NonClass: 5381K(5504K)->5381K(5504K) Class: 496K(512K)->496K(512K)
[0.170s][info][gc          ] GC(1) Pause Young (Allocation Failure) 0M->0M(2M) 0.876ms
[0.170s][info][gc,cpu      ] GC(1) User=0.00s Sys=0.00s Real=0.00s
[0.189s][info][gc,start    ] GC(2) Pause Young (Allocation Failure)
[0.190s][info][gc,heap     ] GC(2) PSYoungGen: 1536K(1536K)->512K(1536K) Eden: 1024K(1024K)->0K(1024K) From: 512K(512K)->512K(512K)
[0.190s][info][gc,heap     ] GC(2) ParOldGen: 96K(512K)->520K(1024K)
[0.190s][info][gc,metaspace] GC(2) Metaspace: 6296K(6464K)->6296K(6464K) NonClass: 5763K(5824K)->5763K(5824K) Class: 533K(640K)->533K(640K)
[0.190s][info][gc          ] GC(2) Pause Young (Allocation Failure) 1M->1M(2M) 1.168ms
[0.190s][info][gc,cpu      ] GC(2) User=0.00s Sys=0.00s Real=0.00s
[0.191s][info][gc,start    ] GC(3) Pause Young (Allocation Failure)
[0.193s][info][gc,heap     ] GC(3) PSYoungGen: 1536K(1536K)->480K(2560K) Eden: 1024K(1024K)->0K(2048K) From: 512K(512K)->480K(512K)
[0.193s][info][gc,heap     ] GC(3) ParOldGen: 520K(1024K)->1068K(1536K)
[0.193s][info][gc,metaspace] GC(3) Metaspace: 6296K(6464K)->6296K(6464K) NonClass: 5763K(5824K)->5763K(5824K) Class: 533K(640K)->533K(640K)
[0.193s][info][gc          ] GC(3) Pause Young (Allocation Failure) 2M->1M(4M) 1.242ms
[0.193s][info][gc,cpu      ] GC(3) User=0.00s Sys=0.00s Real=0.00s
[0.193s][info][gc,start    ] GC(4) Pause Full (Ergonomics)
[0.193s][info][gc,phases,start] GC(4) Marking Phase
[0.194s][info][gc,phases      ] GC(4) Marking Phase 1.062ms
[0.194s][info][gc,phases,start] GC(4) Summary Phase
[0.194s][info][gc,phases      ] GC(4) Summary Phase 0.014ms
[0.194s][info][gc,phases,start] GC(4) Adjust Roots
[0.194s][info][gc,phases      ] GC(4) Adjust Roots 0.395ms
[0.194s][info][gc,phases,start] GC(4) Compaction Phase
[0.197s][info][gc,phases      ] GC(4) Compaction Phase 2.133ms
[0.197s][info][gc,phases,start] GC(4) Post Compact
[0.197s][info][gc,phases      ] GC(4) Post Compact 0.071ms
[0.197s][info][gc,heap        ] GC(4) PSYoungGen: 480K(2560K)->0K(2560K) Eden: 0K(2048K)->0K(2048K) From: 480K(512K)->0K(512K)
[0.197s][info][gc,heap        ] GC(4) ParOldGen: 1068K(1536K)->1495K(3584K)
[0.197s][info][gc,metaspace   ] GC(4) Metaspace: 6296K(6464K)->6296K(6464K) NonClass: 5763K(5824K)->5763K(5824K) Class: 533K(640K)->533K(640K)
[0.197s][info][gc             ] GC(4) Pause Full (Ergonomics) 1M->1M(6M) 4.032ms
[0.197s][info][gc,cpu         ] GC(4) User=0.00s Sys=0.00s Real=0.00s
[0.200s][info][gc,start       ] GC(5) Pause Young (Allocation Failure)
[0.201s][info][gc,heap        ] GC(5) PSYoungGen: 2048K(2560K)->480K(3584K) Eden: 2048K(2048K)->0K(3072K) From: 0K(512K)->480K(512K)
[0.201s][info][gc,heap        ] GC(5) ParOldGen: 1495K(3584K)->2111K(3584K)
[0.201s][info][gc,metaspace   ] GC(5) Metaspace: 6296K(6464K)->6296K(6464K) NonClass: 5763K(5824K)->5763K(5824K) Class: 533K(640K)->533K(640K)
[0.201s][info][gc             ] GC(5) Pause Young (Allocation Failure) 3M->2M(7M) 1.284ms
[0.201s][info][gc,cpu         ] GC(5) User=0.00s Sys=0.00s Real=0.00s
[0.205s][info][gc,start       ] GC(6) Pause Young (Allocation Failure)
[0.207s][info][gc,heap        ] GC(6) PSYoungGen: 3552K(3584K)->1504K(4608K) Eden: 3072K(3072K)->0K(3072K) From: 480K(512K)->1504K(1536K)
[0.207s][info][gc,heap        ] GC(6) ParOldGen: 2111K(3584K)->2679K(3584K)
[0.207s][info][gc,metaspace   ] GC(6) Metaspace: 6296K(6464K)->6296K(6464K) NonClass: 5763K(5824K)->5763K(5824K) Class: 533K(640K)->533K(640K)
[0.207s][info][gc             ] GC(6) Pause Young (Allocation Failure) 5M->4M(8M) 2.007ms
[0.207s][info][gc,cpu         ] GC(6) User=0.00s Sys=0.00s Real=0.00s
[0.211s][info][gc,start       ] GC(7) Pause Young (Allocation Failure)
[0.214s][info][gc,heap        ] GC(7) PSYoungGen: 4576K(4608K)->2016K(7168K) Eden: 3072K(3072K)->0K(5120K) From: 1504K(1536K)->2016K(2048K)
[0.214s][info][gc,heap        ] GC(7) ParOldGen: 2679K(3584K)->3775K(4096K)
[0.214s][info][gc,metaspace   ] GC(7) Metaspace: 6296K(6464K)->6296K(6464K) NonClass: 5763K(5824K)->5763K(5824K) Class: 533K(640K)->533K(640K)
[0.214s][info][gc             ] GC(7) Pause Young (Allocation Failure) 7M->5M(11M) 2.594ms
[0.214s][info][gc,cpu         ] GC(7) User=0.00s Sys=0.00s Real=0.00s
[0.214s][info][gc,start       ] GC(8) Pause Full (Ergonomics)
[0.214s][info][gc,phases,start] GC(8) Marking Phase
[0.216s][info][gc,phases      ] GC(8) Marking Phase 2.735ms
[0.217s][info][gc,phases,start] GC(8) Summary Phase
[0.217s][info][gc,phases      ] GC(8) Summary Phase 0.015ms
[0.217s][info][gc,phases,start] GC(8) Adjust Roots
[0.217s][info][gc,phases      ] GC(8) Adjust Roots 0.310ms
[0.217s][info][gc,phases,start] GC(8) Compaction Phase
[0.220s][info][gc,phases      ] GC(8) Compaction Phase 3.135ms
[0.220s][info][gc,phases,start] GC(8) Post Compact
[0.220s][info][gc,phases      ] GC(8) Post Compact 0.037ms
[0.220s][info][gc,heap        ] GC(8) PSYoungGen: 2016K(7168K)->2012K(7168K) Eden: 0K(5120K)->0K(5120K) From: 2016K(2048K)->2012K(2048K)
[0.220s][info][gc,heap        ] GC(8) ParOldGen: 3775K(4096K)->3682K(6656K)
[0.220s][info][gc,metaspace   ] GC(8) Metaspace: 6296K(6464K)->6296K(6464K) NonClass: 5763K(5824K)->5763K(5824K) Class: 533K(640K)->533K(640K)
[0.220s][info][gc             ] GC(8) Pause Full (Ergonomics) 5M->5M(13M) 6.559ms
[0.220s][info][gc,cpu         ] GC(8) User=0.00s Sys=0.00s Real=0.01s
[0.227s][info][gc,start       ] GC(9) Pause Young (Allocation Failure)
[0.232s][info][gc,heap        ] GC(9) PSYoungGen: 7132K(7168K)->3040K(8192K) Eden: 5120K(5120K)->0K(5120K) From: 2012K(2048K)->3040K(3072K)
[0.232s][info][gc,heap        ] GC(9) ParOldGen: 3682K(6656K)->5330K(6656K)
[0.232s][info][gc,metaspace   ] GC(9) Metaspace: 6296K(6464K)->6296K(6464K) NonClass: 5763K(5824K)->5763K(5824K) Class: 533K(640K)->533K(640K)
[0.232s][info][gc             ] GC(9) Pause Young (Allocation Failure) 10M->8M(14M) 4.742ms
[0.232s][info][gc,cpu         ] GC(9) User=0.00s Sys=0.00s Real=0.00s
[0.232s][info][gc,start       ] GC(10) Pause Full (Ergonomics)
[0.232s][info][gc,phases,start] GC(10) Marking Phase
[0.236s][info][gc,phases      ] GC(10) Marking Phase 3.881ms
[0.236s][info][gc,phases,start] GC(10) Summary Phase
[0.236s][info][gc,phases      ] GC(10) Summary Phase 0.017ms
[0.236s][info][gc,phases,start] GC(10) Adjust Roots
[0.236s][info][gc,phases      ] GC(10) Adjust Roots 0.173ms
[0.236s][info][gc,phases,start] GC(10) Compaction Phase
[0.239s][info][gc,phases      ] GC(10) Compaction Phase 2.518ms
[0.239s][info][gc,phases,start] GC(10) Post Compact
[0.239s][info][gc,phases      ] GC(10) Post Compact 0.055ms
[0.239s][info][gc,heap        ] GC(10) PSYoungGen: 3040K(8192K)->2012K(8192K) Eden: 0K(5120K)->0K(5120K) From: 3040K(3072K)->2012K(3072K)
[0.239s][info][gc,heap        ] GC(10) ParOldGen: 5330K(6656K)->6318K(10240K)
[0.239s][info][gc,metaspace   ] GC(10) Metaspace: 6296K(6464K)->6296K(6464K) NonClass: 5763K(5824K)->5763K(5824K) Class: 533K(640K)->533K(640K)
[0.239s][info][gc             ] GC(10) Pause Full (Ergonomics) 8M->8M(18M) 7.030ms
[0.239s][info][gc,cpu         ] GC(10) User=0.02s Sys=0.00s Real=0.01s
[0.244s][info][gc,start       ] GC(11) Pause Young (Allocation Failure)
[0.248s][info][gc,heap        ] GC(11) PSYoungGen: 7132K(8192K)->4192K(11264K) Eden: 5120K(5120K)->0K(6656K) From: 2012K(3072K)->4192K(4608K)
[0.248s][info][gc,heap        ] GC(11) ParOldGen: 6318K(10240K)->6838K(10240K)
[0.248s][info][gc,metaspace   ] GC(11) Metaspace: 6296K(6464K)->6296K(6464K) NonClass: 5763K(5824K)->5763K(5824K) Class: 533K(640K)->533K(640K)
[0.248s][info][gc             ] GC(11) Pause Young (Allocation Failure) 13M->10M(21M) 4.669ms
[0.248s][info][gc,cpu         ] GC(11) User=0.00s Sys=0.00s Real=0.00s
[0.255s][info][gc,start       ] GC(12) Pause Young (Allocation Failure)
[0.262s][info][gc,heap        ] GC(12) PSYoungGen: 10848K(11264K)->5088K(11776K) Eden: 6656K(6656K)->0K(6656K) From: 4192K(4608K)->5088K(5120K)
[0.262s][info][gc,heap        ] GC(12) ParOldGen: 6838K(10240K)->9646K(10240K)
[0.262s][info][gc,metaspace   ] GC(12) Metaspace: 6296K(6464K)->6296K(6464K) NonClass: 5763K(5824K)->5763K(5824K) Class: 533K(640K)->533K(640K)
[0.262s][info][gc             ] GC(12) Pause Young (Allocation Failure) 17M->14M(21M) 7.096ms
[0.262s][info][gc,cpu         ] GC(12) User=0.00s Sys=0.00s Real=0.01s
[0.262s][info][gc,start       ] GC(13) Pause Full (Ergonomics)
[0.262s][info][gc,phases,start] GC(13) Marking Phase
[0.269s][info][gc,phases      ] GC(13) Marking Phase 6.942ms
[0.269s][info][gc,phases,start] GC(13) Summary Phase
[0.269s][info][gc,phases      ] GC(13) Summary Phase 0.016ms
[0.269s][info][gc,phases,start] GC(13) Adjust Roots
[0.270s][info][gc,phases      ] GC(13) Adjust Roots 0.164ms
[0.270s][info][gc,phases,start] GC(13) Compaction Phase
[0.276s][info][gc,phases      ] GC(13) Compaction Phase 6.187ms
[0.276s][info][gc,phases,start] GC(13) Post Compact
[0.276s][info][gc,phases      ] GC(13) Post Compact 0.066ms
[0.276s][info][gc,heap        ] GC(13) PSYoungGen: 5088K(11776K)->4375K(11776K) Eden: 0K(6656K)->0K(6656K) From: 5088K(5120K)->4375K(5120K)
[0.276s][info][gc,heap        ] GC(13) ParOldGen: 9646K(10240K)->10021K(15360K)
[0.276s][info][gc,metaspace   ] GC(13) Metaspace: 6296K(6464K)->6296K(6464K) NonClass: 5763K(5824K)->5763K(5824K) Class: 533K(640K)->533K(640K)
[0.276s][info][gc             ] GC(13) Pause Full (Ergonomics) 14M->14M(26M) 13.689ms
[0.276s][info][gc,cpu         ] GC(13) User=0.00s Sys=0.00s Real=0.01s
[0.281s][info][gc,start       ] GC(14) Pause Young (Allocation Failure)
[0.287s][info][gc,heap        ] GC(14) PSYoungGen: 11031K(11776K)->5344K(15872K) Eden: 6656K(6656K)->0K(8704K) From: 4375K(5120K)->5344K(7168K)
[0.287s][info][gc,heap        ] GC(14) ParOldGen: 10021K(15360K)->12549K(15360K)
[0.287s][info][gc,metaspace   ] GC(14) Metaspace: 6298K(6464K)->6298K(6464K) NonClass: 5764K(5824K)->5764K(5824K) Class: 533K(640K)->533K(640K)
[0.287s][info][gc             ] GC(14) Pause Young (Allocation Failure) 20M->17M(30M) 6.161ms
[0.287s][info][gc,cpu         ] GC(14) User=0.00s Sys=0.00s Real=0.01s
[0.292s][info][gc,start       ] GC(15) Pause Young (Allocation Failure)
[0.300s][info][gc,heap        ] GC(15) PSYoungGen: 14048K(15872K)->4512K(16384K) Eden: 8704K(8704K)->0K(8704K) From: 5344K(7168K)->4512K(7680K)
[0.300s][info][gc,heap        ] GC(15) ParOldGen: 12549K(15360K)->17933K(18432K)
[0.300s][info][gc,metaspace   ] GC(15) Metaspace: 6298K(6464K)->6298K(6464K) NonClass: 5764K(5824K)->5764K(5824K) Class: 533K(640K)->533K(640K)
[0.300s][info][gc             ] GC(15) Pause Young (Allocation Failure) 25M->21M(34M) 7.684ms
[0.300s][info][gc,cpu         ] GC(15) User=0.00s Sys=0.00s Real=0.01s
[0.300s][info][gc,start       ] GC(16) Pause Full (Ergonomics)
[0.300s][info][gc,phases,start] GC(16) Marking Phase
[0.310s][info][gc,phases      ] GC(16) Marking Phase 9.794ms
[0.310s][info][gc,phases,start] GC(16) Summary Phase
[0.310s][info][gc,phases      ] GC(16) Summary Phase 0.018ms
[0.310s][info][gc,phases,start] GC(16) Adjust Roots
[0.310s][info][gc,phases      ] GC(16) Adjust Roots 0.223ms
[0.310s][info][gc,phases,start] GC(16) Compaction Phase
[0.318s][info][gc,phases      ] GC(16) Compaction Phase 8.494ms
[0.318s][info][gc,phases,start] GC(16) Post Compact
[0.319s][info][gc,phases      ] GC(16) Post Compact 0.134ms
[0.319s][info][gc,heap        ] GC(16) PSYoungGen: 4512K(16384K)->3985K(16384K) Eden: 0K(8704K)->0K(8704K) From: 4512K(7680K)->3985K(7680K)
[0.319s][info][gc,heap        ] GC(16) ParOldGen: 17933K(18432K)->18307K(26624K)
[0.319s][info][gc,metaspace   ] GC(16) Metaspace: 6298K(6464K)->6298K(6464K) NonClass: 5764K(5824K)->5764K(5824K) Class: 533K(640K)->533K(640K)
[0.319s][info][gc             ] GC(16) Pause Full (Ergonomics) 21M->21M(42M) 19.090ms
[0.319s][info][gc,cpu         ] GC(16) User=0.02s Sys=0.00s Real=0.02s
[0.327s][info][gc,start       ] GC(17) Pause Young (Allocation Failure)
[0.334s][info][gc,heap        ] GC(17) PSYoungGen: 12689K(16384K)->5056K(18944K) Eden: 8704K(8704K)->0K(11264K) From: 3985K(7680K)->5056K(7680K)
[0.334s][info][gc,heap        ] GC(17) ParOldGen: 18307K(26624K)->22363K(26624K)
[0.334s][info][gc,metaspace   ] GC(17) Metaspace: 6298K(6464K)->6298K(6464K) NonClass: 5764K(5824K)->5764K(5824K) Class: 533K(640K)->533K(640K)
[0.334s][info][gc             ] GC(17) Pause Young (Allocation Failure) 30M->26M(44M) 7.423ms
[0.334s][info][gc,cpu         ] GC(17) User=0.00s Sys=0.00s Real=0.01s
[0.334s][info][gc,start       ] GC(18) Pause Full (Ergonomics)
[0.334s][info][gc,phases,start] GC(18) Marking Phase
[0.346s][info][gc,phases      ] GC(18) Marking Phase 11.695ms
[0.346s][info][gc,phases,start] GC(18) Summary Phase
[0.346s][info][gc,phases      ] GC(18) Summary Phase 0.019ms
[0.346s][info][gc,phases,start] GC(18) Adjust Roots
[0.346s][info][gc,phases      ] GC(18) Adjust Roots 0.175ms
[0.346s][info][gc,phases,start] GC(18) Compaction Phase
[0.357s][info][gc,phases      ] GC(18) Compaction Phase 10.261ms
[0.357s][info][gc,phases,start] GC(18) Post Compact
[0.357s][info][gc,phases      ] GC(18) Post Compact 0.147ms
[0.357s][info][gc,heap        ] GC(18) PSYoungGen: 5056K(18944K)->389K(18944K) Eden: 0K(11264K)->0K(11264K) From: 5056K(7680K)->389K(7680K)
[0.357s][info][gc,heap        ] GC(18) ParOldGen: 22363K(26624K)->26382K(37376K)
[0.357s][info][gc,metaspace   ] GC(18) Metaspace: 6298K(6464K)->6298K(6464K) NonClass: 5764K(5824K)->5764K(5824K) Class: 533K(640K)->533K(640K)
[0.357s][info][gc             ] GC(18) Pause Full (Ergonomics) 26M->26M(55M) 22.655ms
[0.357s][info][gc,cpu         ] GC(18) User=0.02s Sys=0.00s Real=0.02s
[0.364s][info][gc,start       ] GC(19) Pause Young (Allocation Failure)
[0.372s][info][gc,heap        ] GC(19) PSYoungGen: 11653K(18944K)->5856K(19456K) Eden: 11264K(11264K)->0K(11264K) From: 389K(7680K)->5856K(8192K)
[0.372s][info][gc,heap        ] GC(19) ParOldGen: 26382K(37376K)->26790K(37376K)
[0.372s][info][gc,metaspace   ] GC(19) Metaspace: 6298K(6464K)->6298K(6464K) NonClass: 5764K(5824K)->5764K(5824K) Class: 533K(640K)->533K(640K)
[0.372s][info][gc             ] GC(19) Pause Young (Allocation Failure) 37M->31M(55M) 7.351ms
[0.372s][info][gc,cpu         ] GC(19) User=0.00s Sys=0.00s Real=0.01s
[0.382s][info][gc,start       ] GC(20) Pause Young (Allocation Failure)
[0.395s][info][gc,heap        ] GC(20) PSYoungGen: 17120K(19456K)->8704K(19456K) Eden: 11264K(11264K)->0K(10752K) From: 5856K(8192K)->8704K(8704K)
[0.396s][info][gc,heap        ] GC(20) ParOldGen: 26790K(37376K)->34854K(37376K)
[0.396s][info][gc,metaspace   ] GC(20) Metaspace: 6298K(6464K)->6298K(6464K) NonClass: 5764K(5824K)->5764K(5824K) Class: 533K(640K)->533K(640K)
[0.396s][info][gc             ] GC(20) Pause Young (Allocation Failure) 42M->42M(55M) 13.223ms
[0.396s][info][gc,cpu         ] GC(20) User=0.02s Sys=0.00s Real=0.01s
[0.396s][info][gc,start       ] GC(21) Pause Full (Ergonomics)
[0.396s][info][gc,phases,start] GC(21) Marking Phase
[0.413s][info][gc,phases      ] GC(21) Marking Phase 17.688ms
[0.414s][info][gc,phases,start] GC(21) Summary Phase
[0.414s][info][gc,phases      ] GC(21) Summary Phase 0.020ms
[0.414s][info][gc,phases,start] GC(21) Adjust Roots
[0.414s][info][gc,phases      ] GC(21) Adjust Roots 0.177ms
[0.414s][info][gc,phases,start] GC(21) Compaction Phase
[0.426s][info][gc,phases      ] GC(21) Compaction Phase 11.747ms
[0.426s][info][gc,phases,start] GC(21) Post Compact
[0.426s][info][gc,phases      ] GC(21) Post Compact 0.280ms
[0.426s][info][gc,heap        ] GC(21) PSYoungGen: 8704K(19456K)->6131K(19456K) Eden: 0K(10752K)->0K(10752K) From: 8704K(8704K)->6131K(8704K)
[0.426s][info][gc,heap        ] GC(21) ParOldGen: 34854K(37376K)->37263K(51712K)
[0.426s][info][gc,metaspace   ] GC(21) Metaspace: 6298K(6464K)->6298K(6464K) NonClass: 5764K(5824K)->5764K(5824K) Class: 533K(640K)->533K(640K)
[0.426s][info][gc             ] GC(21) Pause Full (Ergonomics) 42M->42M(69M) 30.300ms
[0.426s][info][gc,cpu         ] GC(21) User=0.03s Sys=0.00s Real=0.03s
[0.440s][info][gc,start       ] GC(22) Pause Young (Allocation Failure)
[0.452s][info][gc,heap        ] GC(22) PSYoungGen: 16883K(19456K)->10784K(23552K) Eden: 10752K(10752K)->0K(10752K) From: 6131K(8704K)->10784K(12800K)
[0.452s][info][gc,heap        ] GC(22) ParOldGen: 37263K(51712K)->43495K(51712K)
[0.453s][info][gc,metaspace   ] GC(22) Metaspace: 6298K(6464K)->6298K(6464K) NonClass: 5764K(5824K)->5764K(5824K) Class: 533K(640K)->533K(640K)
[0.453s][info][gc             ] GC(22) Pause Young (Allocation Failure) 52M->53M(73M) 12.793ms
[0.453s][info][gc,cpu         ] GC(22) User=0.00s Sys=0.00s Real=0.01s
[0.463s][info][gc,start       ] GC(23) Pause Young (Allocation Failure)
[0.478s][info][gc,heap        ] GC(23) PSYoungGen: 21536K(23552K)->14304K(23040K) Eden: 10752K(10752K)->0K(8704K) From: 10784K(12800K)->14304K(14336K)
[0.478s][info][gc,heap        ] GC(23) ParOldGen: 43495K(51712K)->50783K(51712K)
[0.478s][info][gc,metaspace   ] GC(23) Metaspace: 6298K(6464K)->6298K(6464K) NonClass: 5764K(5824K)->5764K(5824K) Class: 533K(640K)->533K(640K)
[0.478s][info][gc             ] GC(23) Pause Young (Allocation Failure) 63M->63M(73M) 15.326ms
[0.478s][info][gc,cpu         ] GC(23) User=0.02s Sys=0.00s Real=0.02s
[0.478s][info][gc,start       ] GC(24) Pause Full (Ergonomics)
[0.478s][info][gc,phases,start] GC(24) Marking Phase
[0.504s][info][gc,phases      ] GC(24) Marking Phase 25.581ms
[0.504s][info][gc,phases,start] GC(24) Summary Phase
[0.504s][info][gc,phases      ] GC(24) Summary Phase 0.020ms
[0.504s][info][gc,phases,start] GC(24) Adjust Roots
[0.504s][info][gc,phases      ] GC(24) Adjust Roots 0.162ms
[0.504s][info][gc,phases,start] GC(24) Compaction Phase
[0.524s][info][gc,phases      ] GC(24) Compaction Phase 20.243ms
[0.524s][info][gc,phases,start] GC(24) Post Compact
[0.524s][info][gc,phases      ] GC(24) Post Compact 0.224ms
[0.525s][info][gc,heap        ] GC(24) PSYoungGen: 14304K(23040K)->12168K(23040K) Eden: 0K(8704K)->0K(8704K) From: 14304K(14336K)->12168K(14336K)
[0.525s][info][gc,heap        ] GC(24) ParOldGen: 50783K(51712K)->51648K(69632K)
[0.525s][info][gc,metaspace   ] GC(24) Metaspace: 6298K(6464K)->6298K(6464K) NonClass: 5764K(5824K)->5764K(5824K) Class: 533K(640K)->533K(640K)
[0.525s][info][gc             ] GC(24) Pause Full (Ergonomics) 63M->62M(90M) 46.621ms
[0.525s][info][gc,cpu         ] GC(24) User=0.03s Sys=0.00s Real=0.05s
[0.534s][info][gc,start       ] GC(25) Pause Young (Allocation Failure)
[0.551s][info][gc,heap        ] GC(25) PSYoungGen: 20872K(23040K)->8736K(28160K) Eden: 8704K(8704K)->0K(8704K) From: 12168K(14336K)->8736K(19456K)
[0.551s][info][gc,heap        ] GC(25) ParOldGen: 51648K(69632K)->64016K(69632K)
[0.551s][info][gc,metaspace   ] GC(25) Metaspace: 6298K(6464K)->6298K(6464K) NonClass: 5764K(5824K)->5764K(5824K) Class: 533K(640K)->533K(640K)
[0.551s][info][gc             ] GC(25) Pause Young (Allocation Failure) 70M->71M(95M) 17.311ms
[0.551s][info][gc,cpu         ] GC(25) User=0.02s Sys=0.00s Real=0.02s
[0.551s][info][gc,start       ] GC(26) Pause Full (Ergonomics)
[0.551s][info][gc,phases,start] GC(26) Marking Phase
[0.581s][info][gc,phases      ] GC(26) Marking Phase 29.341ms
[0.581s][info][gc,phases,start] GC(26) Summary Phase
[0.581s][info][gc,phases      ] GC(26) Summary Phase 0.020ms
[0.581s][info][gc,phases,start] GC(26) Adjust Roots
[0.581s][info][gc,phases      ] GC(26) Adjust Roots 0.156ms
[0.581s][info][gc,phases,start] GC(26) Compaction Phase
[0.598s][info][gc,phases      ] GC(26) Compaction Phase 16.817ms
[0.598s][info][gc,phases,start] GC(26) Post Compact
[0.598s][info][gc,phases      ] GC(26) Post Compact 0.334ms
[0.598s][info][gc,heap        ] GC(26) PSYoungGen: 8736K(28160K)->3052K(28160K) Eden: 0K(8704K)->0K(8704K) From: 8736K(19456K)->3052K(19456K)
[0.598s][info][gc,heap        ] GC(26) ParOldGen: 64016K(69632K)->69437K(91648K)
[0.598s][info][gc,metaspace   ] GC(26) Metaspace: 6298K(6464K)->6298K(6464K) NonClass: 5764K(5824K)->5764K(5824K) Class: 533K(640K)->533K(640K)
[0.598s][info][gc             ] GC(26) Pause Full (Ergonomics) 71M->70M(117M) 47.096ms
[0.598s][info][gc,cpu         ] GC(26) User=0.06s Sys=0.00s Real=0.05s
[0.609s][info][gc,start       ] GC(27) Pause Young (Allocation Failure)
[0.622s][info][gc,heap        ] GC(27) PSYoungGen: 11756K(28160K)->11776K(29184K) Eden: 8704K(8704K)->0K(10240K) From: 3052K(19456K)->11776K(18944K)
[0.622s][info][gc,heap        ] GC(27) ParOldGen: 69437K(91648K)->69437K(91648K)
[0.622s][info][gc,metaspace   ] GC(27) Metaspace: 6298K(6464K)->6298K(6464K) NonClass: 5764K(5824K)->5764K(5824K) Class: 533K(640K)->533K(640K)
[0.623s][info][gc             ] GC(27) Pause Young (Allocation Failure) 79M->79M(118M) 13.394ms
[0.623s][info][gc,cpu         ] GC(27) User=0.00s Sys=0.00s Real=0.01s
[0.630s][info][gc,start       ] GC(28) Pause Young (Allocation Failure)
[0.642s][info][gc,heap        ] GC(28) PSYoungGen: 19537K(29184K)->19360K(29696K) Eden: 7761K(10240K)->0K(10240K) From: 11776K(18944K)->19360K(19456K)
[0.642s][info][gc,heap        ] GC(28) ParOldGen: 69437K(91648K)->69437K(91648K)
[0.642s][info][gc,metaspace   ] GC(28) Metaspace: 6298K(6464K)->6298K(6464K) NonClass: 5764K(5824K)->5764K(5824K) Class: 533K(640K)->533K(640K)
[0.642s][info][gc             ] GC(28) Pause Young (Allocation Failure) 86M->86M(118M) 11.252ms
[0.642s][info][gc,cpu         ] GC(28) User=0.00s Sys=0.00s Real=0.01s
[0.657s][info][gc,start       ] GC(29) Pause Young (Allocation Failure)
[0.678s][info][gc,heap        ] GC(29) PSYoungGen: 29600K(29696K)->22496K(28160K) Eden: 10240K(10240K)->0K(5632K) From: 19360K(19456K)->22496K(22528K)
[0.678s][info][gc,heap        ] GC(29) ParOldGen: 69437K(91648K)->76605K(91648K)
[0.678s][info][gc,metaspace   ] GC(29) Metaspace: 6298K(6464K)->6298K(6464K) NonClass: 5764K(5824K)->5764K(5824K) Class: 533K(640K)->533K(640K)
[0.678s][info][gc             ] GC(29) Pause Young (Allocation Failure) 96M->96M(117M) 21.043ms
[0.678s][info][gc,cpu         ] GC(29) User=0.03s Sys=0.00s Real=0.02s
[0.683s][info][gc,start       ] GC(30) Pause Young (Allocation Failure)
[0.698s][info][gc,heap        ] GC(30) PSYoungGen: 28128K(28160K)->18080K(34816K) Eden: 5632K(5632K)->0K(5632K) From: 22496K(22528K)->18080K(29184K)
[0.698s][info][gc,heap        ] GC(30) ParOldGen: 76605K(91648K)->86813K(91648K)
[0.698s][info][gc,metaspace   ] GC(30) Metaspace: 6298K(6464K)->6298K(6464K) NonClass: 5764K(5824K)->5764K(5824K) Class: 533K(640K)->533K(640K)
[0.698s][info][gc             ] GC(30) Pause Young (Allocation Failure) 102M->102M(123M) 15.133ms
[0.698s][info][gc,cpu         ] GC(30) User=0.02s Sys=0.00s Real=0.02s
[0.698s][info][gc,start       ] GC(31) Pause Full (Ergonomics)
[0.698s][info][gc,phases,start] GC(31) Marking Phase
[0.740s][info][gc,phases      ] GC(31) Marking Phase 41.803ms
[0.740s][info][gc,phases,start] GC(31) Summary Phase
[0.740s][info][gc,phases      ] GC(31) Summary Phase 0.016ms
[0.740s][info][gc,phases,start] GC(31) Adjust Roots
[0.740s][info][gc,phases      ] GC(31) Adjust Roots 0.179ms
[0.740s][info][gc,phases,start] GC(31) Compaction Phase
[0.771s][info][gc,phases      ] GC(31) Compaction Phase 31.491ms
[0.771s][info][gc,phases,start] GC(31) Post Compact
[0.772s][info][gc,phases      ] GC(31) Post Compact 0.472ms
[0.772s][info][gc,heap        ] GC(31) PSYoungGen: 18080K(34816K)->10860K(34816K) Eden: 0K(5632K)->0K(5632K) From: 18080K(29184K)->10860K(29184K)
[0.772s][info][gc,heap        ] GC(31) ParOldGen: 86813K(91648K)->91639K(117248K)
[0.772s][info][gc,metaspace   ] GC(31) Metaspace: 6298K(6464K)->6298K(6464K) NonClass: 5764K(5824K)->5764K(5824K) Class: 533K(640K)->533K(640K)
[0.772s][info][gc             ] GC(31) Pause Full (Ergonomics) 102M->100M(148M) 74.401ms
[0.772s][info][gc,cpu         ] GC(31) User=0.08s Sys=0.00s Real=0.07s
[0.778s][info][gc,start       ] GC(32) Pause Young (Allocation Failure)
[0.792s][info][gc,heap        ] GC(32) PSYoungGen: 16492K(34816K)->12992K(34816K) Eden: 5632K(5632K)->0K(7168K) From: 10860K(29184K)->12992K(27648K)
[0.792s][info][gc,heap        ] GC(32) ParOldGen: 91639K(117248K)->95271K(117248K)
[0.792s][info][gc,metaspace   ] GC(32) Metaspace: 6298K(6464K)->6298K(6464K) NonClass: 5764K(5824K)->5764K(5824K) Class: 533K(640K)->533K(640K)
[0.792s][info][gc             ] GC(32) Pause Young (Allocation Failure) 105M->105M(148M) 14.425ms
[0.792s][info][gc,cpu         ] GC(32) User=0.02s Sys=0.00s Real=0.01s
[0.799s][info][gc,start       ] GC(33) Pause Young (Allocation Failure)
[0.809s][info][gc,heap        ] GC(33) PSYoungGen: 20160K(34816K)->16800K(35840K) Eden: 7168K(7168K)->0K(7168K) From: 12992K(27648K)->16800K(28672K)
[0.809s][info][gc,heap        ] GC(33) ParOldGen: 95271K(117248K)->98631K(117248K)
[0.809s][info][gc,metaspace   ] GC(33) Metaspace: 6298K(6464K)->6298K(6464K) NonClass: 5764K(5824K)->5764K(5824K) Class: 533K(640K)->533K(640K)
[0.809s][info][gc             ] GC(33) Pause Young (Allocation Failure) 112M->112M(149M) 10.254ms
[0.809s][info][gc,cpu         ] GC(33) User=0.00s Sys=0.00s Real=0.01s
[0.816s][info][gc,start       ] GC(34) Pause Young (Allocation Failure)
[0.828s][info][gc,heap        ] GC(34) PSYoungGen: 23968K(35840K)->19968K(36352K) Eden: 7168K(7168K)->0K(7680K) From: 16800K(28672K)->19968K(28672K)
[0.828s][info][gc,heap        ] GC(34) ParOldGen: 98631K(117248K)->102711K(117248K)
[0.828s][info][gc,metaspace   ] GC(34) Metaspace: 6298K(6464K)->6298K(6464K) NonClass: 5764K(5824K)->5764K(5824K) Class: 533K(640K)->533K(640K)
[0.828s][info][gc             ] GC(34) Pause Young (Allocation Failure) 119M->119M(150M) 11.667ms
[0.828s][info][gc,cpu         ] GC(34) User=0.00s Sys=0.00s Real=0.01s
[0.835s][info][gc,start       ] GC(35) Pause Young (Allocation Failure)
[0.848s][info][gc,heap        ] GC(35) PSYoungGen: 27648K(36352K)->22016K(37888K) Eden: 7680K(7680K)->0K(7680K) From: 19968K(28672K)->22016K(30208K)
[0.848s][info][gc,heap        ] GC(35) ParOldGen: 102711K(117248K)->108415K(117248K)
[0.848s][info][gc,metaspace   ] GC(35) Metaspace: 6298K(6464K)->6298K(6464K) NonClass: 5764K(5824K)->5764K(5824K) Class: 533K(640K)->533K(640K)
[0.848s][info][gc             ] GC(35) Pause Young (Allocation Failure) 127M->127M(151M) 13.394ms
[0.848s][info][gc,cpu         ] GC(35) User=0.02s Sys=0.00s Real=0.01s
[0.849s][info][gc,start       ] GC(36) Pause Full (Ergonomics)
[0.849s][info][gc,phases,start] GC(36) Marking Phase
[0.883s][info][gc,phases      ] GC(36) Marking Phase 34.886ms
[0.884s][info][gc,phases,start] GC(36) Summary Phase
[0.884s][info][gc,phases      ] GC(36) Summary Phase 0.022ms
[0.884s][info][gc,phases,start] GC(36) Adjust Roots
[0.884s][info][gc,phases      ] GC(36) Adjust Roots 0.185ms
[0.884s][info][gc,phases,start] GC(36) Compaction Phase
[0.905s][info][gc,phases      ] GC(36) Compaction Phase 21.489ms
[0.905s][info][gc,phases,start] GC(36) Post Compact
[0.906s][info][gc,phases      ] GC(36) Post Compact 0.682ms
[0.906s][info][gc,heap        ] GC(36) PSYoungGen: 22016K(37888K)->13240K(37888K) Eden: 0K(7680K)->0K(7680K) From: 22016K(30208K)->13240K(30208K)
[0.906s][info][gc,heap        ] GC(36) ParOldGen: 108415K(117248K)->116785K(141312K)
[0.906s][info][gc,metaspace   ] GC(36) Metaspace: 6298K(6464K)->6298K(6464K) NonClass: 5764K(5824K)->5764K(5824K) Class: 533K(640K)->533K(640K)
[0.906s][info][gc             ] GC(36) Pause Full (Ergonomics) 127M->126M(175M) 57.732ms
[0.906s][info][gc,cpu         ] GC(36) User=0.12s Sys=0.00s Real=0.06s
[0.914s][info][gc,start       ] GC(37) Pause Young (Allocation Failure)
[0.930s][info][gc,heap        ] GC(37) PSYoungGen: 20920K(37888K)->11616K(37888K) Eden: 7680K(7680K)->0K(9216K) From: 13240K(30208K)->11616K(28672K)
[0.931s][info][gc,heap        ] GC(37) ParOldGen: 116785K(141312K)->126337K(141312K)
[0.931s][info][gc,metaspace   ] GC(37) Metaspace: 6298K(6464K)->6298K(6464K) NonClass: 5764K(5824K)->5764K(5824K) Class: 533K(640K)->533K(640K)
[0.931s][info][gc             ] GC(37) Pause Young (Allocation Failure) 134M->134M(175M) 16.809ms
[0.931s][info][gc,cpu         ] GC(37) User=0.02s Sys=0.00s Real=0.02s
[0.939s][info][gc,start       ] GC(38) Pause Young (Allocation Failure)
[0.950s][info][gc,heap        ] GC(38) PSYoungGen: 20832K(37888K)->16960K(39424K) Eden: 9216K(9216K)->0K(9216K) From: 11616K(28672K)->16960K(30208K)
[0.950s][info][gc,heap        ] GC(38) ParOldGen: 126337K(141312K)->130241K(141312K)
[0.950s][info][gc,metaspace   ] GC(38) Metaspace: 6298K(6464K)->6298K(6464K) NonClass: 5764K(5824K)->5764K(5824K) Class: 533K(640K)->533K(640K)
[0.950s][info][gc             ] GC(38) Pause Young (Allocation Failure) 143M->143M(176M) 10.149ms
[0.950s][info][gc,cpu         ] GC(38) User=0.00s Sys=0.00s Real=0.01s
[0.950s][info][gc,start       ] GC(39) Pause Full (Ergonomics)
[0.950s][info][gc,phases,start] GC(39) Marking Phase
[0.985s][info][gc,phases      ] GC(39) Marking Phase 35.198ms
[0.985s][info][gc,phases,start] GC(39) Summary Phase
[0.985s][info][gc,phases      ] GC(39) Summary Phase 0.015ms
[0.985s][info][gc,phases,start] GC(39) Adjust Roots
[0.985s][info][gc,phases      ] GC(39) Adjust Roots 0.137ms
[0.985s][info][gc,phases,start] GC(39) Compaction Phase
[1.004s][info][gc,phases      ] GC(39) Compaction Phase 18.611ms
[1.004s][info][gc,phases,start] GC(39) Post Compact
[1.005s][info][gc,phases      ] GC(39) Post Compact 0.679ms
[1.005s][info][gc,heap        ] GC(39) PSYoungGen: 16960K(39424K)->5595K(39424K) Eden: 0K(9216K)->0K(9216K) From: 16960K(30208K)->5595K(30208K)
[1.005s][info][gc,heap        ] GC(39) ParOldGen: 130241K(141312K)->141268K(168448K)
[1.005s][info][gc,metaspace   ] GC(39) Metaspace: 6298K(6464K)->6298K(6464K) NonClass: 5764K(5824K)->5764K(5824K) Class: 533K(640K)->533K(640K)
[1.005s][info][gc             ] GC(39) Pause Full (Ergonomics) 143M->143M(203M) 55.124ms
[1.005s][info][gc,cpu         ] GC(39) User=0.17s Sys=0.02s Real=0.06s
[1.014s][info][gc,start       ] GC(40) Pause Young (Allocation Failure)
[1.031s][info][gc,heap        ] GC(40) PSYoungGen: 14811K(39424K)->12608K(38400K) Eden: 9216K(9216K)->0K(10752K) From: 5595K(30208K)->12608K(27648K)
[1.031s][info][gc,heap        ] GC(40) ParOldGen: 141268K(168448K)->143548K(168448K)
[1.031s][info][gc,metaspace   ] GC(40) Metaspace: 6298K(6464K)->6298K(6464K) NonClass: 5764K(5824K)->5764K(5824K) Class: 533K(640K)->533K(640K)
[1.031s][info][gc             ] GC(40) Pause Young (Allocation Failure) 152M->152M(202M) 17.264ms
[1.031s][info][gc,cpu         ] GC(40) User=0.03s Sys=0.00s Real=0.02s
[1.042s][info][gc,start       ] GC(41) Pause Young (Allocation Failure)
[1.053s][info][gc,heap        ] GC(41) PSYoungGen: 23360K(38400K)->23360K(39424K) Eden: 10752K(10752K)->0K(10752K) From: 12608K(27648K)->23360K(28672K)
[1.053s][info][gc,heap        ] GC(41) ParOldGen: 143548K(168448K)->143548K(168448K)
[1.053s][info][gc,metaspace   ] GC(41) Metaspace: 6298K(6464K)->6298K(6464K) NonClass: 5764K(5824K)->5764K(5824K) Class: 533K(640K)->533K(640K)
[1.053s][info][gc             ] GC(41) Pause Young (Allocation Failure) 162M->162M(203M) 11.264ms
[1.053s][info][gc,cpu         ] GC(41) User=0.00s Sys=0.00s Real=0.01s
[1.092s][info][gc,start       ] GC(42) Pause Young (Allocation Failure)
[1.112s][info][gc,heap        ] GC(42) PSYoungGen: 34112K(39424K)->30720K(37888K) Eden: 10752K(10752K)->0K(7168K) From: 23360K(28672K)->30720K(30720K)
[1.112s][info][gc,heap        ] GC(42) ParOldGen: 151740K(168448K)->155140K(168448K)
[1.112s][info][gc,metaspace   ] GC(42) Metaspace: 6298K(6464K)->6298K(6464K) NonClass: 5764K(5824K)->5764K(5824K) Class: 533K(640K)->533K(640K)
[1.112s][info][gc             ] GC(42) Pause Young (Allocation Failure) 181M->181M(201M) 20.596ms
[1.112s][info][gc,cpu         ] GC(42) User=0.05s Sys=0.00s Real=0.02s
[1.119s][info][gc,start       ] GC(43) Pause Young (Allocation Failure)
[1.136s][info][gc,heap        ] GC(43) PSYoungGen: 37888K(37888K)->26464K(43520K) Eden: 7168K(7168K)->0K(7168K) From: 30720K(30720K)->26464K(36352K)
[1.136s][info][gc,heap        ] GC(43) ParOldGen: 155140K(168448K)->166780K(168448K)
[1.136s][info][gc,metaspace   ] GC(43) Metaspace: 6298K(6464K)->6298K(6464K) NonClass: 5764K(5824K)->5764K(5824K) Class: 533K(640K)->533K(640K)
[1.137s][info][gc             ] GC(43) Pause Young (Allocation Failure) 188M->188M(207M) 17.324ms
[1.137s][info][gc,cpu         ] GC(43) User=0.05s Sys=0.02s Real=0.02s
[1.137s][info][gc,start       ] GC(44) Pause Full (Ergonomics)
[1.137s][info][gc,phases,start] GC(44) Marking Phase
[1.184s][info][gc,phases      ] GC(44) Marking Phase 47.279ms
[1.184s][info][gc,phases,start] GC(44) Summary Phase
[1.184s][info][gc,phases      ] GC(44) Summary Phase 0.019ms
[1.184s][info][gc,phases,start] GC(44) Adjust Roots
[1.184s][info][gc,phases      ] GC(44) Adjust Roots 0.174ms
[1.184s][info][gc,phases,start] GC(44) Compaction Phase
[1.222s][info][gc,phases      ] GC(44) Compaction Phase 37.548ms
[1.222s][info][gc,phases,start] GC(44) Post Compact
[1.223s][info][gc,phases      ] GC(44) Post Compact 0.848ms
[1.223s][info][gc,heap        ] GC(44) PSYoungGen: 26464K(43520K)->20721K(43520K) Eden: 0K(7168K)->0K(7168K) From: 26464K(36352K)->20721K(36352K)
[1.223s][info][gc,heap        ] GC(44) ParOldGen: 166780K(168448K)->168001K(198144K)
[1.223s][info][gc,metaspace   ] GC(44) Metaspace: 6298K(6464K)->6298K(6464K) NonClass: 5764K(5824K)->5764K(5824K) Class: 533K(640K)->533K(640K)
[1.223s][info][gc             ] GC(44) Pause Full (Ergonomics) 188M->184M(236M) 86.323ms
[1.223s][info][gc,cpu         ] GC(44) User=0.20s Sys=0.00s Real=0.09s
[1.232s][info][gc,start       ] GC(45) Pause Young (Allocation Failure)
[1.253s][info][gc,heap        ] GC(45) PSYoungGen: 27889K(43520K)->20608K(43520K) Eden: 7168K(7168K)->0K(8192K) From: 20721K(36352K)->20608K(35328K)
[1.253s][info][gc,heap        ] GC(45) ParOldGen: 168001K(198144K)->175513K(198144K)
[1.253s][info][gc,metaspace   ] GC(45) Metaspace: 6298K(6464K)->6298K(6464K) NonClass: 5764K(5824K)->5764K(5824K) Class: 533K(640K)->533K(640K)
[1.253s][info][gc             ] GC(45) Pause Young (Allocation Failure) 191M->191M(236M) 21.471ms
[1.253s][info][gc,cpu         ] GC(45) User=0.09s Sys=0.00s Real=0.02s
[1.261s][info][gc,start       ] GC(46) Pause Young (Allocation Failure)
[1.275s][info][gc,heap        ] GC(46) PSYoungGen: 28800K(43520K)->28800K(45056K) Eden: 8192K(8192K)->0K(8192K) From: 20608K(35328K)->28800K(36864K)
[1.275s][info][gc,heap        ] GC(46) ParOldGen: 175513K(198144K)->175513K(198144K)
[1.275s][info][gc,metaspace   ] GC(46) Metaspace: 6298K(6464K)->6298K(6464K) NonClass: 5764K(5824K)->5764K(5824K) Class: 533K(640K)->533K(640K)
[1.275s][info][gc             ] GC(46) Pause Young (Allocation Failure) 199M->199M(237M) 14.032ms
[1.275s][info][gc,cpu         ] GC(46) User=0.00s Sys=0.00s Real=0.01s
[1.284s][info][gc,start       ] GC(47) Pause Young (Allocation Failure)
[1.300s][info][gc,heap        ] GC(47) PSYoungGen: 36992K(45056K)->29376K(46592K) Eden: 8192K(8192K)->0K(7680K) From: 28800K(36864K)->29376K(38912K)
[1.300s][info][gc,heap        ] GC(47) ParOldGen: 175513K(198144K)->183249K(198144K)
[1.300s][info][gc,metaspace   ] GC(47) Metaspace: 6298K(6464K)->6298K(6464K) NonClass: 5764K(5824K)->5764K(5824K) Class: 533K(640K)->533K(640K)
[1.300s][info][gc             ] GC(47) Pause Young (Allocation Failure) 207M->207M(239M) 16.773ms
[1.300s][info][gc,cpu         ] GC(47) User=0.08s Sys=0.00s Real=0.02s
[1.308s][info][gc,start       ] GC(48) Pause Young (Allocation Failure)
[1.325s][info][gc,heap        ] GC(48) PSYoungGen: 37056K(46592K)->24128K(48640K) Eden: 7680K(7680K)->0K(7680K) From: 29376K(38912K)->24128K(40960K)
[1.325s][info][gc,heap        ] GC(48) ParOldGen: 183249K(198144K)->196345K(198144K)
[1.325s][info][gc,metaspace   ] GC(48) Metaspace: 6298K(6464K)->6298K(6464K) NonClass: 5764K(5824K)->5764K(5824K) Class: 533K(640K)->533K(640K)
[1.325s][info][gc             ] GC(48) Pause Young (Allocation Failure) 215M->215M(241M) 17.017ms
[1.325s][info][gc,cpu         ] GC(48) User=0.06s Sys=0.00s Real=0.02s
[1.325s][info][gc,start       ] GC(49) Pause Full (Ergonomics)
[1.325s][info][gc,phases,start] GC(49) Marking Phase
[1.382s][info][gc,phases      ] GC(49) Marking Phase 56.999ms
[1.382s][info][gc,phases,start] GC(49) Summary Phase
[1.382s][info][gc,phases      ] GC(49) Summary Phase 0.017ms
[1.382s][info][gc,phases,start] GC(49) Adjust Roots
[1.382s][info][gc,phases      ] GC(49) Adjust Roots 0.153ms
[1.382s][info][gc,phases,start] GC(49) Compaction Phase
[1.406s][info][gc,phases      ] GC(49) Compaction Phase 23.631ms
[1.406s][info][gc,phases,start] GC(49) Post Compact
[1.407s][info][gc,phases      ] GC(49) Post Compact 1.006ms
[1.407s][info][gc,heap        ] GC(49) PSYoungGen: 24128K(48640K)->21925K(48640K) Eden: 0K(7680K)->0K(7680K) From: 24128K(40960K)->21925K(40960K)
[1.407s][info][gc,heap        ] GC(49) ParOldGen: 196345K(198144K)->197906K(232448K)
[1.407s][info][gc,metaspace   ] GC(49) Metaspace: 6298K(6464K)->6298K(6464K) NonClass: 5764K(5824K)->5764K(5824K) Class: 533K(640K)->533K(640K)
[1.407s][info][gc             ] GC(49) Pause Full (Ergonomics) 215M->214M(274M) 82.298ms
[1.408s][info][gc,cpu         ] GC(49) User=0.30s Sys=0.00s Real=0.08s
[1.416s][info][gc,start       ] GC(50) Pause Young (Allocation Failure)
[1.438s][info][gc,heap        ] GC(50) PSYoungGen: 29605K(48640K)->14624K(47616K) Eden: 7680K(7680K)->0K(9216K) From: 21925K(40960K)->14624K(38400K)
[1.438s][info][gc,heap        ] GC(50) ParOldGen: 197906K(232448K)->213234K(232448K)
[1.438s][info][gc,metaspace   ] GC(50) Metaspace: 6298K(6464K)->6298K(6464K) NonClass: 5764K(5824K)->5764K(5824K) Class: 533K(640K)->533K(640K)
[1.438s][info][gc             ] GC(50) Pause Young (Allocation Failure) 222M->222M(273M) 22.230ms
[1.438s][info][gc,cpu         ] GC(50) User=0.06s Sys=0.03s Real=0.02s
[1.448s][info][gc,start       ] GC(51) Pause Young (Allocation Failure)
[1.461s][info][gc,heap        ] GC(51) PSYoungGen: 23840K(47616K)->16960K(48640K) Eden: 9216K(9216K)->0K(9216K) From: 14624K(38400K)->16960K(39424K)
[1.461s][info][gc,heap        ] GC(51) ParOldGen: 213234K(232448K)->220194K(232448K)
[1.461s][info][gc,metaspace   ] GC(51) Metaspace: 6298K(6464K)->6298K(6464K) NonClass: 5764K(5824K)->5764K(5824K) Class: 533K(640K)->533K(640K)
[1.461s][info][gc             ] GC(51) Pause Young (Allocation Failure) 231M->231M(274M) 12.218ms
[1.461s][info][gc,cpu         ] GC(51) User=0.02s Sys=0.00s Real=0.01s
[1.461s][info][gc,start       ] GC(52) Pause Full (Ergonomics)
[1.461s][info][gc,phases,start] GC(52) Marking Phase
[1.515s][info][gc,phases      ] GC(52) Marking Phase 54.648ms
[1.515s][info][gc,phases,start] GC(52) Summary Phase
[1.515s][info][gc,phases      ] GC(52) Summary Phase 0.018ms
[1.516s][info][gc,phases,start] GC(52) Adjust Roots
[1.516s][info][gc,phases      ] GC(52) Adjust Roots 0.159ms
[1.516s][info][gc,phases,start] GC(52) Compaction Phase
[1.540s][info][gc,phases      ] GC(52) Compaction Phase 24.772ms
[1.541s][info][gc,phases,start] GC(52) Post Compact
[1.542s][info][gc,phases      ] GC(52) Post Compact 1.242ms
[1.542s][info][gc,heap        ] GC(52) PSYoungGen: 16960K(48640K)->4564K(48640K) Eden: 0K(9216K)->0K(9216K) From: 16960K(39424K)->4564K(39424K)
[1.542s][info][gc,heap        ] GC(52) ParOldGen: 220194K(232448K)->232094K(270848K)
[1.542s][info][gc,metaspace   ] GC(52) Metaspace: 6298K(6464K)->6298K(6464K) NonClass: 5764K(5824K)->5764K(5824K) Class: 533K(640K)->533K(640K)
[1.542s][info][gc             ] GC(52) Pause Full (Ergonomics) 231M->231M(312M) 81.335ms
[1.542s][info][gc,cpu         ] GC(52) User=0.33s Sys=0.03s Real=0.08s
[1.552s][info][gc,start       ] GC(53) Pause Young (Allocation Failure)
[1.570s][info][gc,heap        ] GC(53) PSYoungGen: 13780K(48640K)->12000K(47616K) Eden: 9216K(9216K)->0K(10752K) From: 4564K(39424K)->12000K(36864K)
[1.570s][info][gc,heap        ] GC(53) ParOldGen: 232094K(270848K)->234062K(270848K)
[1.570s][info][gc,metaspace   ] GC(53) Metaspace: 6298K(6464K)->6298K(6464K) NonClass: 5764K(5824K)->5764K(5824K) Class: 533K(640K)->533K(640K)
[1.571s][info][gc             ] GC(53) Pause Young (Allocation Failure) 240M->240M(311M) 18.195ms
[1.571s][info][gc,cpu         ] GC(53) User=0.05s Sys=0.00s Real=0.02s
[1.583s][info][gc,start       ] GC(54) Pause Young (Allocation Failure)
[1.595s][info][gc,heap        ] GC(54) PSYoungGen: 22752K(47616K)->22688K(48128K) Eden: 10752K(10752K)->0K(10752K) From: 12000K(36864K)->22688K(37376K)
[1.595s][info][gc,heap        ] GC(54) ParOldGen: 234062K(270848K)->234062K(270848K)
[1.595s][info][gc,metaspace   ] GC(54) Metaspace: 6298K(6464K)->6298K(6464K) NonClass: 5764K(5824K)->5764K(5824K) Class: 533K(640K)->533K(640K)
[1.595s][info][gc             ] GC(54) Pause Young (Allocation Failure) 250M->250M(311M) 11.983ms
[1.595s][info][gc,cpu         ] GC(54) User=0.00s Sys=0.00s Real=0.01s
[1.607s][info][gc,start       ] GC(55) Pause Young (Allocation Failure)
[1.624s][info][gc,heap        ] GC(55) PSYoungGen: 33440K(48128K)->33440K(45568K) Eden: 10752K(10752K)->0K(8704K) From: 22688K(37376K)->33440K(36864K)
[1.624s][info][gc,heap        ] GC(55) ParOldGen: 234062K(270848K)->234062K(270848K)
[1.624s][info][gc,metaspace   ] GC(55) Metaspace: 6298K(6464K)->6298K(6464K) NonClass: 5764K(5824K)->5764K(5824K) Class: 533K(640K)->533K(640K)
[1.624s][info][gc             ] GC(55) Pause Young (Allocation Failure) 261M->261M(309M) 16.421ms
[1.624s][info][gc,cpu         ] GC(55) User=0.05s Sys=0.00s Real=0.02s
[1.633s][info][gc,start       ] GC(56) Pause Young (Allocation Failure)
[1.652s][info][gc,heap        ] GC(56) PSYoungGen: 42144K(45568K)->39488K(49152K) Eden: 8704K(8704K)->0K(8704K) From: 33440K(36864K)->39488K(40448K)
[1.652s][info][gc,heap        ] GC(56) ParOldGen: 234062K(270848K)->236790K(270848K)
[1.653s][info][gc,metaspace   ] GC(56) Metaspace: 6298K(6464K)->6298K(6464K) NonClass: 5764K(5824K)->5764K(5824K) Class: 533K(640K)->533K(640K)
[1.653s][info][gc             ] GC(56) Pause Young (Allocation Failure) 269M->269M(312M) 19.340ms
[1.653s][info][gc,cpu         ] GC(56) User=0.09s Sys=0.00s Real=0.02s
[1.662s][info][gc,start       ] GC(57) Pause Young (Allocation Failure)
[1.684s][info][gc,heap        ] GC(57) PSYoungGen: 48192K(49152K)->38976K(52224K) Eden: 8704K(8704K)->0K(6656K) From: 39488K(40448K)->38976K(45568K)
[1.684s][info][gc,heap        ] GC(57) ParOldGen: 236790K(270848K)->246134K(270848K)
[1.684s][info][gc,metaspace   ] GC(57) Metaspace: 6298K(6464K)->6298K(6464K) NonClass: 5764K(5824K)->5764K(5824K) Class: 533K(640K)->533K(640K)
[1.684s][info][gc             ] GC(57) Pause Young (Allocation Failure) 278M->278M(315M) 22.121ms
[1.685s][info][gc,cpu         ] GC(57) User=0.06s Sys=0.03s Real=0.02s
[1.692s][info][gc,start       ] GC(58) Pause Young (Allocation Failure)
[1.713s][info][gc,heap        ] GC(58) PSYoungGen: 45632K(52224K)->24128K(31232K) Eden: 6656K(6656K)->0K(6656K) From: 38976K(45568K)->24128K(24576K)
[1.714s][info][gc,heap        ] GC(58) ParOldGen: 246134K(270848K)->267926K(270848K)
[1.714s][info][gc,metaspace   ] GC(58) Metaspace: 6298K(6464K)->6298K(6464K) NonClass: 5764K(5824K)->5764K(5824K) Class: 533K(640K)->533K(640K)
[1.714s][info][gc             ] GC(58) Pause Young (Allocation Failure) 284M->285M(295M) 21.420ms
[1.714s][info][gc,cpu         ] GC(58) User=0.09s Sys=0.00s Real=0.02s
[1.714s][info][gc,start       ] GC(59) Pause Full (Ergonomics)
[1.714s][info][gc,phases,start] GC(59) Marking Phase
[1.775s][info][gc,phases      ] GC(59) Marking Phase 61.307ms
[1.775s][info][gc,phases,start] GC(59) Summary Phase
[1.775s][info][gc,phases      ] GC(59) Summary Phase 0.019ms
[1.775s][info][gc,phases,start] GC(59) Adjust Roots
[1.775s][info][gc,phases      ] GC(59) Adjust Roots 0.148ms
[1.775s][info][gc,phases,start] GC(59) Compaction Phase
[1.804s][info][gc,phases      ] GC(59) Compaction Phase 29.156ms
[1.804s][info][gc,phases,start] GC(59) Post Compact
[1.806s][info][gc,phases      ] GC(59) Post Compact 1.424ms
[1.806s][info][gc,heap        ] GC(59) PSYoungGen: 24128K(31232K)->20898K(31232K) Eden: 0K(6656K)->0K(6656K) From: 24128K(24576K)->20898K(24576K)
[1.806s][info][gc,heap        ] GC(59) ParOldGen: 267926K(270848K)->270349K(315392K)
[1.806s][info][gc,metaspace   ] GC(59) Metaspace: 6298K(6464K)->6298K(6464K) NonClass: 5764K(5824K)->5764K(5824K) Class: 533K(640K)->533K(640K)
[1.806s][info][gc             ] GC(59) Pause Full (Ergonomics) 285M->284M(338M) 92.537ms
[1.806s][info][gc,cpu         ] GC(59) User=0.45s Sys=0.02s Real=0.09s
[1.813s][info][gc,start       ] GC(60) Pause Young (Allocation Failure)
[1.836s][info][gc,heap        ] GC(60) PSYoungGen: 27554K(31232K)->12544K(53760K) Eden: 6656K(6656K)->0K(7680K) From: 20898K(24576K)->12544K(46080K)
[1.837s][info][gc,heap        ] GC(60) ParOldGen: 270349K(315392K)->285725K(315392K)
[1.837s][info][gc,metaspace   ] GC(60) Metaspace: 6298K(6464K)->6298K(6464K) NonClass: 5764K(5824K)->5764K(5824K) Class: 533K(640K)->533K(640K)
[1.837s][info][gc             ] GC(60) Pause Young (Allocation Failure) 290M->291M(360M) 23.272ms
[1.837s][info][gc,cpu         ] GC(60) User=0.12s Sys=0.00s Real=0.02s
[1.845s][info][gc,start       ] GC(61) Pause Young (Allocation Failure)
[1.856s][info][gc,heap        ] GC(61) PSYoungGen: 20224K(53760K)->14464K(54272K) Eden: 7680K(7680K)->0K(7680K) From: 12544K(46080K)->14464K(46592K)
[1.856s][info][gc,heap        ] GC(61) ParOldGen: 285725K(315392K)->291597K(315392K)
[1.856s][info][gc,metaspace   ] GC(61) Metaspace: 6298K(6464K)->6298K(6464K) NonClass: 5764K(5824K)->5764K(5824K) Class: 533K(640K)->533K(640K)
[1.856s][info][gc             ] GC(61) Pause Young (Allocation Failure) 298M->298M(361M) 10.555ms
[1.856s][info][gc,cpu         ] GC(61) User=0.00s Sys=0.00s Real=0.01s
[1.865s][info][gc,start       ] GC(62) Pause Young (Allocation Failure)
[1.876s][info][gc,heap        ] GC(62) PSYoungGen: 22144K(54272K)->7776K(54272K) Eden: 7680K(7680K)->0K(8704K) From: 14464K(46592K)->7776K(45568K)
[1.876s][info][gc,heap        ] GC(62) ParOldGen: 291597K(315392K)->306093K(315392K)
[1.876s][info][gc,metaspace   ] GC(62) Metaspace: 6298K(6464K)->6298K(6464K) NonClass: 5764K(5824K)->5764K(5824K) Class: 533K(640K)->533K(640K)
[1.877s][info][gc             ] GC(62) Pause Young (Allocation Failure) 306M->306M(361M) 12.002ms
[1.877s][info][gc,cpu         ] GC(62) User=0.02s Sys=0.00s Real=0.01s
[1.877s][info][gc,start       ] GC(63) Pause Full (Ergonomics)
[1.877s][info][gc,phases,start] GC(63) Marking Phase
[1.945s][info][gc,phases      ] GC(63) Marking Phase 68.413ms
[1.945s][info][gc,phases,start] GC(63) Summary Phase
[1.945s][info][gc,phases      ] GC(63) Summary Phase 0.022ms
[1.945s][info][gc,phases,start] GC(63) Adjust Roots
[1.945s][info][gc,phases      ] GC(63) Adjust Roots 0.146ms
[1.945s][info][gc,phases,start] GC(63) Compaction Phase
[1.972s][info][gc,phases      ] GC(63) Compaction Phase 26.887ms
[1.972s][info][gc,phases,start] GC(63) Post Compact
[1.974s][info][gc,phases      ] GC(63) Post Compact 1.543ms
[1.974s][info][gc,heap        ] GC(63) PSYoungGen: 7776K(54272K)->0K(54784K) Eden: 0K(8704K)->0K(8704K) From: 7776K(45568K)->0K(46080K)
[1.974s][info][gc,heap        ] GC(63) ParOldGen: 306093K(315392K)->313168K(363008K)
[1.974s][info][gc,metaspace   ] GC(63) Metaspace: 6298K(6464K)->6298K(6464K) NonClass: 5764K(5824K)->5764K(5824K) Class: 533K(640K)->533K(640K)
[1.974s][info][gc             ] GC(63) Pause Full (Ergonomics) 306M->305M(408M) 97.529ms
[1.974s][info][gc,cpu         ] GC(63) User=0.64s Sys=0.00s Real=0.10s
[1.985s][info][gc,start       ] GC(64) Pause Young (Allocation Failure)
[1.990s][info][gc,heap        ] GC(64) PSYoungGen: 8704K(54784K)->8800K(54272K) Eden: 8704K(8704K)->0K(9728K) From: 0K(46080K)->8800K(44544K)
[1.990s][info][gc,heap        ] GC(64) ParOldGen: 313168K(363008K)->313168K(363008K)
[1.990s][info][gc,metaspace   ] GC(64) Metaspace: 6298K(6464K)->6298K(6464K) NonClass: 5764K(5824K)->5764K(5824K) Class: 533K(640K)->533K(640K)
[1.990s][info][gc             ] GC(64) Pause Young (Allocation Failure) 314M->314M(407M) 5.382ms
[1.990s][info][gc,cpu         ] GC(64) User=0.00s Sys=0.00s Real=0.01s
[2.001s][info][gc,start       ] GC(65) Pause Young (Allocation Failure)
[2.012s][info][gc,heap        ] GC(65) PSYoungGen: 18528K(54272K)->18528K(28672K) Eden: 9728K(9728K)->0K(9728K) From: 8800K(44544K)->18528K(18944K)
[2.012s][info][gc,heap        ] GC(65) ParOldGen: 313168K(363008K)->313168K(363008K)
[2.012s][info][gc,metaspace   ] GC(65) Metaspace: 6298K(6464K)->6298K(6464K) NonClass: 5764K(5824K)->5764K(5824K) Class: 533K(640K)->533K(640K)
[2.012s][info][gc             ] GC(65) Pause Young (Allocation Failure) 323M->323M(382M) 10.247ms
[2.012s][info][gc,cpu         ] GC(65) User=0.00s Sys=0.00s Real=0.01s
[2.022s][info][gc,start       ] GC(66) Pause Young (Allocation Failure)
[2.036s][info][gc,heap        ] GC(66) PSYoungGen: 28256K(28672K)->28224K(52736K) Eden: 9728K(9728K)->0K(9728K) From: 18528K(18944K)->28224K(43008K)
[2.036s][info][gc,heap        ] GC(66) ParOldGen: 313168K(363008K)->313168K(363008K)
[2.036s][info][gc,metaspace   ] GC(66) Metaspace: 6298K(6464K)->6298K(6464K) NonClass: 5764K(5824K)->5764K(5824K) Class: 533K(640K)->533K(640K)
[2.036s][info][gc             ] GC(66) Pause Young (Allocation Failure) 333M->333M(406M) 13.924ms
[2.036s][info][gc,cpu         ] GC(66) User=0.02s Sys=0.00s Real=0.01s
[2.048s][info][gc,start       ] GC(67) Pause Young (Allocation Failure)
[2.066s][info][gc,heap        ] GC(67) PSYoungGen: 37952K(52736K)->29248K(53760K) Eden: 9728K(9728K)->0K(9728K) From: 28224K(43008K)->29248K(44032K)
[2.066s][info][gc,heap        ] GC(67) ParOldGen: 313168K(363008K)->322000K(363008K)
[2.066s][info][gc,metaspace   ] GC(67) Metaspace: 6298K(6464K)->6298K(6464K) NonClass: 5764K(5824K)->5764K(5824K) Class: 533K(640K)->533K(640K)
[2.066s][info][gc             ] GC(67) Pause Young (Allocation Failure) 342M->343M(407M) 18.328ms
[2.066s][info][gc,cpu         ] GC(67) User=0.05s Sys=0.00s Real=0.02s
[2.132s][info][gc,start       ] GC(68) Pause Young (Allocation Failure)
[2.158s][info][gc,heap        ] GC(68) PSYoungGen: 38976K(53760K)->29280K(55808K) Eden: 9728K(9728K)->0K(10752K) From: 29248K(44032K)->29280K(45056K)
[2.158s][info][gc,heap        ] GC(68) ParOldGen: 338384K(363008K)->348248K(363008K)
[2.158s][info][gc,metaspace   ] GC(68) Metaspace: 6298K(6464K)->6298K(6464K) NonClass: 5764K(5824K)->5764K(5824K) Class: 533K(640K)->533K(640K)
[2.158s][info][gc             ] GC(68) Pause Young (Allocation Failure) 368M->368M(409M) 25.692ms
[2.158s][info][gc,cpu         ] GC(68) User=0.08s Sys=0.00s Real=0.02s
[2.158s][info][gc,start       ] GC(69) Pause Full (Ergonomics)
[2.158s][info][gc,phases,start] GC(69) Marking Phase
[2.232s][info][gc,phases      ] GC(69) Marking Phase 74.215ms
[2.232s][info][gc,phases,start] GC(69) Summary Phase
[2.232s][info][gc,phases      ] GC(69) Summary Phase 0.026ms
[2.232s][info][gc,phases,start] GC(69) Adjust Roots
[2.232s][info][gc,phases      ] GC(69) Adjust Roots 0.149ms
[2.232s][info][gc,phases,start] GC(69) Compaction Phase
[2.297s][info][gc,phases      ] GC(69) Compaction Phase 64.685ms
[2.297s][info][gc,phases,start] GC(69) Post Compact
[2.299s][info][gc,phases      ] GC(69) Post Compact 1.877ms
[2.299s][info][gc,heap        ] GC(69) PSYoungGen: 29280K(55808K)->6094K(55808K) Eden: 0K(10752K)->0K(10752K) From: 29280K(45056K)->6094K(45056K)
[2.299s][info][gc,heap        ] GC(69) ParOldGen: 348248K(363008K)->362719K(412672K)
[2.299s][info][gc,metaspace   ] GC(69) Metaspace: 6298K(6464K)->6298K(6464K) NonClass: 5764K(5824K)->5764K(5824K) Class: 533K(640K)->533K(640K)
[2.299s][info][gc             ] GC(69) Pause Full (Ergonomics) 368M->360M(457M) 141.483ms
[2.299s][info][gc,cpu         ] GC(69) User=0.78s Sys=0.00s Real=0.14s
[2.312s][info][gc,start       ] GC(70) Pause Young (Allocation Failure)
[2.336s][info][gc,heap        ] GC(70) PSYoungGen: 16846K(55808K)->16928K(56320K) Eden: 10752K(10752K)->0K(10752K) From: 6094K(45056K)->16928K(45568K)
[2.336s][info][gc,heap        ] GC(70) ParOldGen: 362719K(412672K)->362719K(412672K)
[2.336s][info][gc,metaspace   ] GC(70) Metaspace: 6298K(6464K)->6298K(6464K) NonClass: 5764K(5824K)->5764K(5824K) Class: 533K(640K)->533K(640K)
[2.336s][info][gc             ] GC(70) Pause Young (Allocation Failure) 370M->370M(458M) 23.626ms
[2.336s][info][gc,cpu         ] GC(70) User=0.12s Sys=0.00s Real=0.02s
[2.348s][info][gc,start       ] GC(71) Pause Young (Allocation Failure)
[2.361s][info][gc,heap        ] GC(71) PSYoungGen: 27680K(56320K)->27744K(56320K) Eden: 10752K(10752K)->0K(12288K) From: 16928K(45568K)->27744K(44032K)
[2.361s][info][gc,heap        ] GC(71) ParOldGen: 362719K(412672K)->362719K(412672K)
[2.361s][info][gc,metaspace   ] GC(71) Metaspace: 6298K(6464K)->6298K(6464K) NonClass: 5764K(5824K)->5764K(5824K) Class: 533K(640K)->533K(640K)
[2.361s][info][gc             ] GC(71) Pause Young (Allocation Failure) 381M->381M(458M) 13.751ms
[2.361s][info][gc,cpu         ] GC(71) User=0.02s Sys=0.00s Real=0.01s
[2.373s][info][gc,start       ] GC(72) Pause Young (Allocation Failure)
[2.392s][info][gc,heap        ] GC(72) PSYoungGen: 40032K(56320K)->40032K(56320K) Eden: 12288K(12288K)->0K(12288K) From: 27744K(44032K)->40032K(44032K)
[2.392s][info][gc,heap        ] GC(72) ParOldGen: 362719K(412672K)->362719K(412672K)
[2.392s][info][gc,metaspace   ] GC(72) Metaspace: 6298K(6464K)->6298K(6464K) NonClass: 5764K(5824K)->5764K(5824K) Class: 533K(640K)->533K(640K)
[2.392s][info][gc             ] GC(72) Pause Young (Allocation Failure) 393M->393M(458M) 18.951ms
[2.392s][info][gc,cpu         ] GC(72) User=0.06s Sys=0.00s Real=0.02s
[2.405s][info][gc,start       ] GC(73) Pause Young (Allocation Failure)
[2.430s][info][gc,heap        ] GC(73) PSYoungGen: 52320K(56320K)->48640K(54272K) Eden: 12288K(12288K)->0K(5632K) From: 40032K(44032K)->48640K(48640K)
[2.430s][info][gc,heap        ] GC(73) ParOldGen: 362719K(412672K)->366319K(412672K)
[2.430s][info][gc,metaspace   ] GC(73) Metaspace: 6298K(6464K)->6298K(6464K) NonClass: 5764K(5824K)->5764K(5824K) Class: 533K(640K)->533K(640K)
[2.430s][info][gc             ] GC(73) Pause Young (Allocation Failure) 405M->405M(456M) 24.276ms
[2.430s][info][gc,cpu         ] GC(73) User=0.08s Sys=0.03s Real=0.02s
[2.435s][info][gc,start       ] GC(74) Pause Young (Allocation Failure)
[2.460s][info][gc,heap        ] GC(74) PSYoungGen: 54272K(54272K)->49984K(62464K) Eden: 5632K(5632K)->0K(5632K) From: 48640K(48640K)->49984K(56832K)
[2.460s][info][gc,heap        ] GC(74) ParOldGen: 366319K(412672K)->370791K(412672K)
[2.460s][info][gc,metaspace   ] GC(74) Metaspace: 6298K(6464K)->6298K(6464K) NonClass: 5764K(5824K)->5764K(5824K) Class: 533K(640K)->533K(640K)
[2.460s][info][gc             ] GC(74) Pause Young (Allocation Failure) 410M->410M(464M) 24.218ms
[2.460s][info][gc,cpu         ] GC(74) User=0.14s Sys=0.00s Real=0.02s
[2.465s][info][gc,start       ] GC(75) Pause Young (Allocation Failure)
[2.490s][info][gc,heap        ] GC(75) PSYoungGen: 55616K(62464K)->34656K(66048K) Eden: 5632K(5632K)->0K(6656K) From: 49984K(56832K)->34656K(59392K)
[2.490s][info][gc,heap        ] GC(75) ParOldGen: 370791K(412672K)->392023K(412672K)
[2.490s][info][gc,metaspace   ] GC(75) Metaspace: 6298K(6464K)->6298K(6464K) NonClass: 5764K(5824K)->5764K(5824K) Class: 533K(640K)->533K(640K)
[2.490s][info][gc             ] GC(75) Pause Young (Allocation Failure) 416M->416M(467M) 24.898ms
[2.490s][info][gc,cpu         ] GC(75) User=0.14s Sys=0.00s Real=0.03s
[2.490s][info][gc,start       ] GC(76) Pause Full (Ergonomics)
[2.490s][info][gc,phases,start] GC(76) Marking Phase
[2.580s][info][gc,phases      ] GC(76) Marking Phase 89.754ms
[2.580s][info][gc,phases,start] GC(76) Summary Phase
[2.580s][info][gc,phases      ] GC(76) Summary Phase 0.020ms
[2.580s][info][gc,phases,start] GC(76) Adjust Roots
[2.580s][info][gc,phases      ] GC(76) Adjust Roots 0.176ms
[2.580s][info][gc,phases,start] GC(76) Compaction Phase
[2.628s][info][gc,phases      ] GC(76) Compaction Phase 47.828ms
[2.628s][info][gc,phases,start] GC(76) Post Compact
[2.630s][info][gc,phases      ] GC(76) Post Compact 2.128ms
[2.631s][info][gc,heap        ] GC(76) PSYoungGen: 34656K(66048K)->13478K(67072K) Eden: 0K(6656K)->0K(7680K) From: 34656K(59392K)->13478K(59392K)
[2.631s][info][gc,heap        ] GC(76) ParOldGen: 392023K(412672K)->412499K(466944K)
[2.631s][info][gc,metaspace   ] GC(76) Metaspace: 6298K(6464K)->6298K(6464K) NonClass: 5764K(5824K)->5764K(5824K) Class: 533K(640K)->533K(640K)
[2.631s][info][gc             ] GC(76) Pause Full (Ergonomics) 416M->415M(521M) 140.522ms
[2.631s][info][gc,cpu         ] GC(76) User=0.88s Sys=0.00s Real=0.14s
[2.639s][info][gc,start       ] GC(77) Pause Young (Allocation Failure)
[2.667s][info][gc,heap        ] GC(77) PSYoungGen: 21158K(67072K)->12672K(68608K) Eden: 7680K(7680K)->0K(7680K) From: 13478K(59392K)->12672K(60928K)
[2.667s][info][gc,heap        ] GC(77) ParOldGen: 412499K(466944K)->421227K(466944K)
[2.667s][info][gc,metaspace   ] GC(77) Metaspace: 6298K(6464K)->6298K(6464K) NonClass: 5764K(5824K)->5764K(5824K) Class: 533K(640K)->533K(640K)
[2.667s][info][gc             ] GC(77) Pause Young (Allocation Failure) 423M->423M(523M) 27.480ms
[2.667s][info][gc,cpu         ] GC(77) User=0.14s Sys=0.00s Real=0.03s
[2.674s][info][gc,start       ] GC(78) Pause Young (Allocation Failure)
[2.685s][info][gc,heap        ] GC(78) PSYoungGen: 20352K(68608K)->15456K(67584K) Eden: 7680K(7680K)->0K(8704K) From: 12672K(60928K)->15456K(58880K)
[2.685s][info][gc,heap        ] GC(78) ParOldGen: 421227K(466944K)->426195K(466944K)
[2.685s][info][gc,metaspace   ] GC(78) Metaspace: 6298K(6464K)->6298K(6464K) NonClass: 5764K(5824K)->5764K(5824K) Class: 533K(640K)->533K(640K)
[2.685s][info][gc             ] GC(78) Pause Young (Allocation Failure) 431M->431M(522M) 10.737ms
[2.685s][info][gc,cpu         ] GC(78) User=0.00s Sys=0.00s Real=0.01s
[2.694s][info][gc,start       ] GC(79) Pause Young (Allocation Failure)
[2.707s][info][gc,heap        ] GC(79) PSYoungGen: 24160K(67584K)->8800K(68608K) Eden: 8704K(8704K)->0K(8704K) From: 15456K(58880K)->8800K(59904K)
[2.707s][info][gc,heap        ] GC(79) ParOldGen: 426195K(466944K)->441731K(466944K)
[2.707s][info][gc,metaspace   ] GC(79) Metaspace: 6298K(6464K)->6298K(6464K) NonClass: 5764K(5824K)->5764K(5824K) Class: 533K(640K)->533K(640K)
[2.707s][info][gc             ] GC(79) Pause Young (Allocation Failure) 439M->439M(523M) 12.963ms
[2.707s][info][gc,cpu         ] GC(79) User=0.02s Sys=0.00s Real=0.01s
[2.716s][info][gc,start       ] GC(80) Pause Young (Allocation Failure)
[2.726s][info][gc,heap        ] GC(80) PSYoungGen: 17504K(68608K)->8800K(68608K) Eden: 8704K(8704K)->0K(10240K) From: 8800K(59904K)->8800K(58368K)
[2.726s][info][gc,heap        ] GC(80) ParOldGen: 441731K(466944K)->450563K(466944K)
[2.726s][info][gc,metaspace   ] GC(80) Metaspace: 6298K(6464K)->6298K(6464K) NonClass: 5764K(5824K)->5764K(5824K) Class: 533K(640K)->533K(640K)
[2.726s][info][gc             ] GC(80) Pause Young (Allocation Failure) 448M->448M(523M) 10.064ms
[2.727s][info][gc,cpu         ] GC(80) User=0.02s Sys=0.00s Real=0.01s
[2.727s][info][gc,start       ] GC(81) Pause Full (Ergonomics)
[2.727s][info][gc,phases,start] GC(81) Marking Phase
[2.826s][info][gc,phases      ] GC(81) Marking Phase 99.741ms
[2.826s][info][gc,phases,start] GC(81) Summary Phase
[2.826s][info][gc,phases      ] GC(81) Summary Phase 0.022ms
[2.826s][info][gc,phases,start] GC(81) Adjust Roots
[2.827s][info][gc,phases      ] GC(81) Adjust Roots 0.148ms
[2.827s][info][gc,phases,start] GC(81) Compaction Phase
[2.870s][info][gc,phases      ] GC(81) Compaction Phase 42.989ms
[2.870s][info][gc,phases,start] GC(81) Post Compact
[2.872s][info][gc,phases      ] GC(81) Post Compact 2.280ms
[2.872s][info][gc,heap        ] GC(81) PSYoungGen: 8800K(68608K)->0K(69120K) Eden: 0K(10240K)->0K(10240K) From: 8800K(58368K)->0K(58880K)
[2.872s][info][gc,heap        ] GC(81) ParOldGen: 450563K(466944K)->458610K(516096K)
[2.872s][info][gc,metaspace   ] GC(81) Metaspace: 6298K(6464K)->6298K(6464K) NonClass: 5764K(5824K)->5764K(5824K) Class: 533K(640K)->533K(640K)
[2.872s][info][gc             ] GC(81) Pause Full (Ergonomics) 448M->447M(571M) 145.683ms
[2.872s][info][gc,cpu         ] GC(81) User=0.98s Sys=0.00s Real=0.15s
[2.885s][info][gc,start       ] GC(82) Pause Young (Allocation Failure)
[2.893s][info][gc,heap        ] GC(82) PSYoungGen: 10240K(69120K)->10304K(66560K) Eden: 10240K(10240K)->0K(11264K) From: 0K(58880K)->10304K(55296K)
[2.893s][info][gc,heap        ] GC(82) ParOldGen: 458610K(516096K)->458610K(516096K)
[2.893s][info][gc,metaspace   ] GC(82) Metaspace: 6298K(6464K)->6298K(6464K) NonClass: 5764K(5824K)->5764K(5824K) Class: 533K(640K)->533K(640K)
[2.893s][info][gc             ] GC(82) Pause Young (Allocation Failure) 457M->457M(569M) 8.840ms
[2.893s][info][gc,cpu         ] GC(82) User=0.02s Sys=0.00s Real=0.01s
[2.906s][info][gc,start       ] GC(83) Pause Young (Allocation Failure)
[2.918s][info][gc,heap        ] GC(83) PSYoungGen: 21568K(66560K)->21632K(33280K) Eden: 11264K(11264K)->0K(11264K) From: 10304K(55296K)->21632K(22016K)
[2.918s][info][gc,heap        ] GC(83) ParOldGen: 458610K(516096K)->458610K(516096K)
[2.918s][info][gc,metaspace   ] GC(83) Metaspace: 6298K(6464K)->6298K(6464K) NonClass: 5764K(5824K)->5764K(5824K) Class: 533K(640K)->533K(640K)
[2.918s][info][gc             ] GC(83) Pause Young (Allocation Failure) 468M->468M(536M) 11.789ms
[2.918s][info][gc,cpu         ] GC(83) User=0.00s Sys=0.00s Real=0.01s
[2.930s][info][gc,start       ] GC(84) Pause Young (Allocation Failure)
[2.947s][info][gc,heap        ] GC(84) PSYoungGen: 32896K(33280K)->32864K(65536K) Eden: 11264K(11264K)->0K(11776K) From: 21632K(22016K)->32864K(53760K)
[2.947s][info][gc,heap        ] GC(84) ParOldGen: 458610K(516096K)->458610K(516096K)
[2.947s][info][gc,metaspace   ] GC(84) Metaspace: 6298K(6464K)->6298K(6464K) NonClass: 5764K(5824K)->5764K(5824K) Class: 533K(640K)->533K(640K)
[2.947s][info][gc             ] GC(84) Pause Young (Allocation Failure) 479M->479M(568M) 16.696ms
[2.947s][info][gc,cpu         ] GC(84) User=0.03s Sys=0.00s Real=0.02s
[2.959s][info][gc,start       ] GC(85) Pause Young (Allocation Failure)
[2.980s][info][gc,heap        ] GC(85) PSYoungGen: 44640K(65536K)->34464K(66560K) Eden: 11776K(11776K)->0K(11776K) From: 32864K(53760K)->34464K(54784K)
[2.981s][info][gc,heap        ] GC(85) ParOldGen: 458610K(516096K)->469002K(516096K)
[2.981s][info][gc,metaspace   ] GC(85) Metaspace: 6298K(6464K)->6298K(6464K) NonClass: 5764K(5824K)->5764K(5824K) Class: 533K(640K)->533K(640K)
[2.981s][info][gc             ] GC(85) Pause Young (Allocation Failure) 491M->491M(569M) 21.537ms
[2.981s][info][gc,cpu         ] GC(85) User=0.09s Sys=0.03s Real=0.02s
[2.993s][info][gc,start       ] GC(86) Pause Young (Allocation Failure)
[3.016s][info][gc,heap        ] GC(86) PSYoungGen: 46240K(66560K)->34944K(68096K) Eden: 11776K(11776K)->0K(12288K) From: 34464K(54784K)->34944K(55808K)
[3.016s][info][gc,heap        ] GC(86) ParOldGen: 469002K(516096K)->480426K(516096K)
[3.016s][info][gc,metaspace   ] GC(86) Metaspace: 6298K(6464K)->6298K(6464K) NonClass: 5764K(5824K)->5764K(5824K) Class: 533K(640K)->533K(640K)
[3.016s][info][gc             ] GC(86) Pause Young (Allocation Failure) 503M->503M(570M) 22.835ms
[3.016s][info][gc,cpu         ] GC(86) User=0.12s Sys=0.00s Real=0.02s
[3.030s][info][gc,start       ] GC(87) Pause Young (Allocation Failure)
[3.053s][info][gc,heap        ] GC(87) PSYoungGen: 47232K(68096K)->35968K(69120K) Eden: 12288K(12288K)->0K(12288K) From: 34944K(55808K)->35968K(56832K)
[3.053s][info][gc,heap        ] GC(87) ParOldGen: 480426K(516096K)->491850K(516096K)
[3.053s][info][gc,metaspace   ] GC(87) Metaspace: 6298K(6464K)->6298K(6464K) NonClass: 5764K(5824K)->5764K(5824K) Class: 533K(640K)->533K(640K)
[3.053s][info][gc             ] GC(87) Pause Young (Allocation Failure) 515M->515M(571M) 22.886ms
[3.053s][info][gc,cpu         ] GC(87) User=0.08s Sys=0.06s Real=0.02s
[3.066s][info][gc,start       ] GC(88) Pause Young (Allocation Failure)
[3.090s][info][gc,heap        ] GC(88) PSYoungGen: 48256K(69120K)->24704K(66048K) Eden: 12288K(12288K)->0K(13824K) From: 35968K(56832K)->24704K(52224K)
[3.090s][info][gc,heap        ] GC(88) ParOldGen: 491850K(516096K)->515706K(516096K)
[3.090s][info][gc,metaspace   ] GC(88) Metaspace: 6298K(6464K)->6298K(6464K) NonClass: 5764K(5824K)->5764K(5824K) Class: 533K(640K)->533K(640K)
[3.090s][info][gc             ] GC(88) Pause Young (Allocation Failure) 527M->527M(568M) 23.784ms
[3.090s][info][gc,cpu         ] GC(88) User=0.12s Sys=0.00s Real=0.02s
[3.090s][info][gc,start       ] GC(89) Pause Full (Ergonomics)
[3.090s][info][gc,phases,start] GC(89) Marking Phase
[3.208s][info][gc,phases      ] GC(89) Marking Phase 117.193ms
[3.208s][info][gc,phases,start] GC(89) Summary Phase
[3.208s][info][gc,phases      ] GC(89) Summary Phase 0.020ms
[3.208s][info][gc,phases,start] GC(89) Adjust Roots
[3.208s][info][gc,phases      ] GC(89) Adjust Roots 0.151ms
[3.208s][info][gc,phases,start] GC(89) Compaction Phase
[3.261s][info][gc,phases      ] GC(89) Compaction Phase 53.218ms
[3.261s][info][gc,phases,start] GC(89) Post Compact
[3.262s][info][gc,phases      ] GC(89) Post Compact 0.816ms
[3.262s][info][gc,heap        ] GC(89) PSYoungGen: 24704K(66048K)->23488K(68096K) Eden: 0K(13824K)->0K(15872K) From: 24704K(52224K)->23488K(52224K)
[3.262s][info][gc,heap        ] GC(89) ParOldGen: 515706K(516096K)->515788K(582144K)
[3.262s][info][gc,metaspace   ] GC(89) Metaspace: 6298K(6464K)->6298K(6464K) NonClass: 5764K(5824K)->5764K(5824K) Class: 533K(640K)->533K(640K)
[3.262s][info][gc             ] GC(89) Pause Full (Ergonomics) 527M->526M(635M) 171.906ms
[3.262s][info][gc,cpu         ] GC(89) User=1.17s Sys=0.00s Real=0.17s
[3.281s][info][gc,start       ] GC(90) Pause Young (Allocation Failure)
[3.320s][info][gc,heap        ] GC(90) PSYoungGen: 39360K(68096K)->16000K(70656K) Eden: 15872K(15872K)->0K(15872K) From: 23488K(52224K)->16000K(54784K)
[3.320s][info][gc,heap        ] GC(90) ParOldGen: 515788K(582144K)->539636K(582144K)
[3.320s][info][gc,metaspace   ] GC(90) Metaspace: 6298K(6464K)->6298K(6464K) NonClass: 5764K(5824K)->5764K(5824K) Class: 533K(640K)->533K(640K)
[3.320s][info][gc             ] GC(90) Pause Young (Allocation Failure) 542M->542M(637M) 39.470ms
[3.320s][info][gc,cpu         ] GC(90) User=0.23s Sys=0.02s Real=0.04s
[3.338s][info][gc,start       ] GC(91) Pause Young (Allocation Failure)
[3.356s][info][gc,heap        ] GC(91) PSYoungGen: 31872K(70656K)->15968K(68608K) Eden: 15872K(15872K)->0K(17920K) From: 16000K(54784K)->15968K(50688K)
[3.356s][info][gc,heap        ] GC(91) ParOldGen: 539636K(582144K)->555724K(582144K)
[3.356s][info][gc,metaspace   ] GC(91) Metaspace: 6298K(6464K)->6298K(6464K) NonClass: 5764K(5824K)->5764K(5824K) Class: 533K(640K)->533K(640K)
[3.356s][info][gc             ] GC(91) Pause Young (Allocation Failure) 558M->558M(635M) 18.005ms
[3.356s][info][gc,cpu         ] GC(91) User=0.09s Sys=0.03s Real=0.02s
[3.356s][info][gc,start       ] GC(92) Pause Full (Ergonomics)
[3.356s][info][gc,phases,start] GC(92) Marking Phase
[3.481s][info][gc,phases      ] GC(92) Marking Phase 124.869ms
[3.481s][info][gc,phases,start] GC(92) Summary Phase
[3.481s][info][gc,phases      ] GC(92) Summary Phase 0.025ms
[3.481s][info][gc,phases,start] GC(92) Adjust Roots
[3.481s][info][gc,phases      ] GC(92) Adjust Roots 0.155ms
[3.481s][info][gc,phases,start] GC(92) Compaction Phase
[3.531s][info][gc,phases      ] GC(92) Compaction Phase 49.601ms
[3.531s][info][gc,phases,start] GC(92) Post Compact
[3.532s][info][gc,phases      ] GC(92) Post Compact 0.904ms
[3.532s][info][gc,heap        ] GC(92) PSYoungGen: 15968K(68608K)->0K(70144K) Eden: 0K(17920K)->0K(17920K) From: 15968K(50688K)->0K(52224K)
[3.532s][info][gc,heap        ] GC(92) ParOldGen: 555724K(582144K)->570954K(646144K)
[3.532s][info][gc,metaspace   ] GC(92) Metaspace: 6298K(6464K)->6298K(6464K) NonClass: 5764K(5824K)->5764K(5824K) Class: 533K(640K)->533K(640K)
[3.532s][info][gc             ] GC(92) Pause Full (Ergonomics) 558M->557M(699M) 176.145ms
[3.532s][info][gc,cpu         ] GC(92) User=1.25s Sys=0.00s Real=0.18s
[3.552s][info][gc,start       ] GC(93) Pause Young (Allocation Failure)
[3.563s][info][gc,heap        ] GC(93) PSYoungGen: 17920K(70144K)->18080K(68096K) Eden: 17920K(17920K)->0K(19456K) From: 0K(52224K)->18080K(48640K)
[3.563s][info][gc,heap        ] GC(93) ParOldGen: 570954K(646144K)->570954K(646144K)
[3.563s][info][gc,metaspace   ] GC(93) Metaspace: 6298K(6464K)->6298K(6464K) NonClass: 5764K(5824K)->5764K(5824K) Class: 533K(640K)->533K(640K)
[3.563s][info][gc             ] GC(93) Pause Young (Allocation Failure) 575M->575M(697M) 11.148ms
[3.563s][info][gc,cpu         ] GC(93) User=0.02s Sys=0.00s Real=0.01s
[3.587s][info][gc,start       ] GC(94) Pause Young (Allocation Failure)
[3.606s][info][gc,heap        ] GC(94) PSYoungGen: 37536K(68096K)->37504K(70144K) Eden: 19456K(19456K)->0K(19456K) From: 18080K(48640K)->37504K(50688K)
[3.606s][info][gc,heap        ] GC(94) ParOldGen: 570954K(646144K)->570954K(646144K)
[3.606s][info][gc,metaspace   ] GC(94) Metaspace: 6298K(6464K)->6298K(6464K) NonClass: 5764K(5824K)->5764K(5824K) Class: 533K(640K)->533K(640K)
[3.607s][info][gc             ] GC(94) Pause Young (Allocation Failure) 594M->594M(699M) 19.789ms
[3.607s][info][gc,cpu         ] GC(94) User=0.12s Sys=0.00s Real=0.02s
[3.629s][info][gc,start       ] GC(95) Pause Young (Allocation Failure)
[3.658s][info][gc,heap        ] GC(95) PSYoungGen: 56960K(70144K)->53248K(66048K) Eden: 19456K(19456K)->0K(12800K) From: 37504K(50688K)->53248K(53248K)
[3.658s][info][gc,heap        ] GC(95) ParOldGen: 570954K(646144K)->574634K(646144K)
[3.658s][info][gc,metaspace   ] GC(95) Metaspace: 6298K(6464K)->6298K(6464K) NonClass: 5764K(5824K)->5764K(5824K) Class: 533K(640K)->533K(640K)
[3.658s][info][gc             ] GC(95) Pause Young (Allocation Failure) 613M->613M(695M) 28.926ms
[3.658s][info][gc,cpu         ] GC(95) User=0.12s Sys=0.00s Real=0.03s
[3.673s][info][gc,start       ] GC(96) Pause Young (Allocation Failure)
[3.704s][info][gc,heap        ] GC(96) PSYoungGen: 66048K(66048K)->31264K(44544K) Eden: 12800K(12800K)->0K(12800K) From: 53248K(53248K)->31264K(31744K)
[3.705s][info][gc,heap        ] GC(96) ParOldGen: 574634K(646144K)->609978K(646144K)
[3.705s][info][gc,metaspace   ] GC(96) Metaspace: 6298K(6464K)->6298K(6464K) NonClass: 5764K(5824K)->5764K(5824K) Class: 533K(640K)->533K(640K)
[3.705s][info][gc             ] GC(96) Pause Young (Allocation Failure) 625M->626M(674M) 31.672ms
[3.705s][info][gc,cpu         ] GC(96) User=0.11s Sys=0.00s Real=0.03s
[3.720s][info][gc,start       ] GC(97) Pause Young (Allocation Failure)
[3.743s][info][gc,heap        ] GC(97) PSYoungGen: 44064K(44544K)->25728K(69120K) Eden: 12800K(12800K)->0K(14336K) From: 31264K(31744K)->25728K(54784K)
[3.743s][info][gc,heap        ] GC(97) ParOldGen: 609978K(646144K)->628594K(646144K)
[3.743s][info][gc,metaspace   ] GC(97) Metaspace: 6298K(6464K)->6298K(6464K) NonClass: 5764K(5824K)->5764K(5824K) Class: 533K(640K)->533K(640K)
[3.743s][info][gc             ] GC(97) Pause Young (Allocation Failure) 638M->638M(698M) 22.989ms
[3.743s][info][gc,cpu         ] GC(97) User=0.05s Sys=0.08s Real=0.02s
[3.743s][info][gc,start       ] GC(98) Pause Full (Ergonomics)
[3.743s][info][gc,phases,start] GC(98) Marking Phase
[3.885s][info][gc,phases      ] GC(98) Marking Phase 141.582ms
[3.885s][info][gc,phases,start] GC(98) Summary Phase
[3.885s][info][gc,phases      ] GC(98) Summary Phase 0.025ms
[3.885s][info][gc,phases,start] GC(98) Adjust Roots
[3.885s][info][gc,phases      ] GC(98) Adjust Roots 0.149ms
[3.885s][info][gc,phases,start] GC(98) Compaction Phase
[3.939s][info][gc,phases      ] GC(98) Compaction Phase 53.733ms
[3.939s][info][gc,phases,start] GC(98) Post Compact
[3.940s][info][gc,phases      ] GC(98) Post Compact 1.045ms
[3.940s][info][gc,heap        ] GC(98) PSYoungGen: 25728K(69120K)->7144K(71168K) Eden: 0K(14336K)->0K(16384K) From: 25728K(54784K)->7144K(54784K)
[3.941s][info][gc,heap        ] GC(98) ParOldGen: 628594K(646144K)->646083K(732160K)
[3.941s][info][gc,metaspace   ] GC(98) Metaspace: 6298K(6464K)->6298K(6464K) NonClass: 5764K(5824K)->5764K(5824K) Class: 533K(640K)->533K(640K)
[3.941s][info][gc             ] GC(98) Pause Full (Ergonomics) 638M->637M(784M) 197.107ms
[3.941s][info][gc,cpu         ] GC(98) User=1.39s Sys=0.00s Real=0.20s
[3.959s][info][gc,start       ] GC(99) Pause Young (Allocation Failure)
[4.000s][info][gc,heap        ] GC(99) PSYoungGen: 23528K(71168K)->19808K(73728K) Eden: 16384K(16384K)->0K(16384K) From: 7144K(54784K)->19808K(57344K)
[4.000s][info][gc,heap        ] GC(99) ParOldGen: 646083K(732160K)->650051K(732160K)
[4.000s][info][gc,metaspace   ] GC(99) Metaspace: 6298K(6464K)->6298K(6464K) NonClass: 5764K(5824K)->5764K(5824K) Class: 533K(640K)->533K(640K)
[4.000s][info][gc             ] GC(99) Pause Young (Allocation Failure) 653M->654M(787M) 40.453ms
[4.000s][info][gc,cpu         ] GC(99) User=0.27s Sys=0.00s Real=0.04s
[4.021s][info][gc,start       ] GC(100) Pause Young (Allocation Failure)
[4.041s][info][gc,heap        ] GC(100) PSYoungGen: 36192K(73728K)->36192K(73728K) Eden: 16384K(16384K)->0K(17920K) From: 19808K(57344K)->36192K(55808K)
[4.041s][info][gc,heap        ] GC(100) ParOldGen: 650051K(732160K)->650051K(732160K)
[4.041s][info][gc,metaspace   ] GC(100) Metaspace: 6298K(6464K)->6298K(6464K) NonClass: 5764K(5824K)->5764K(5824K) Class: 533K(640K)->533K(640K)
[4.041s][info][gc             ] GC(100) Pause Young (Allocation Failure) 670M->670M(787M) 20.298ms
[4.041s][info][gc,cpu         ] GC(100) User=0.12s Sys=0.00s Real=0.02s
[4.066s][info][gc,start       ] GC(101) Pause Young (Allocation Failure)
[4.092s][info][gc,heap        ] GC(101) PSYoungGen: 54112K(73728K)->54080K(74240K) Eden: 17920K(17920K)->0K(17920K) From: 36192K(55808K)->54080K(56320K)
[4.092s][info][gc,heap        ] GC(101) ParOldGen: 650051K(732160K)->650051K(732160K)
[4.092s][info][gc,metaspace   ] GC(101) Metaspace: 6298K(6464K)->6298K(6464K) NonClass: 5764K(5824K)->5764K(5824K) Class: 533K(640K)->533K(640K)
[4.092s][info][gc             ] GC(101) Pause Young (Allocation Failure) 687M->687M(787M) 26.775ms
[4.092s][info][gc,cpu         ] GC(101) User=0.12s Sys=0.00s Real=0.03s
[4.252s][info][gc,start       ] GC(102) Pause Young (Allocation Failure)
[4.301s][info][gc,heap        ] GC(102) PSYoungGen: 72000K(74240K)->62976K(70656K) Eden: 17920K(17920K)->0K(7680K) From: 54080K(56320K)->62976K(62976K)
[4.301s][info][gc,heap        ] GC(102) ParOldGen: 682819K(732160K)->691859K(732160K)
[4.301s][info][gc,metaspace   ] GC(102) Metaspace: 6298K(6464K)->6298K(6464K) NonClass: 5764K(5824K)->5764K(5824K) Class: 533K(640K)->533K(640K)
[4.301s][info][gc             ] GC(102) Pause Young (Allocation Failure) 737M->737M(784M) 48.388ms
[4.301s][info][gc,cpu         ] GC(102) User=0.27s Sys=0.02s Real=0.05s
[4.309s][info][gc,start       ] GC(103) Pause Young (Allocation Failure)
[4.341s][info][gc,heap        ] GC(103) PSYoungGen: 70655K(70656K)->54976K(82944K) Eden: 7679K(7680K)->0K(7680K) From: 62976K(62976K)->54976K(75264K)
[4.341s][info][gc,heap        ] GC(103) ParOldGen: 691859K(732160K)->707891K(732160K)
[4.341s][info][gc,metaspace   ] GC(103) Metaspace: 6298K(6464K)->6298K(6464K) NonClass: 5764K(5824K)->5764K(5824K) Class: 533K(640K)->533K(640K)
[4.341s][info][gc             ] GC(103) Pause Young (Allocation Failure) 744M->744M(796M) 32.709ms
[4.341s][info][gc,cpu         ] GC(103) User=0.23s Sys=0.02s Real=0.03s
[4.342s][info][gc,start       ] GC(104) Pause Full (Ergonomics)
[4.342s][info][gc,phases,start] GC(104) Marking Phase
[4.510s][info][gc,phases      ] GC(104) Marking Phase 168.167ms
[4.510s][info][gc,phases,start] GC(104) Summary Phase
[4.510s][info][gc,phases      ] GC(104) Summary Phase 0.024ms
[4.510s][info][gc,phases,start] GC(104) Adjust Roots
[4.510s][info][gc,phases      ] GC(104) Adjust Roots 0.183ms
[4.510s][info][gc,phases,start] GC(104) Compaction Phase
[4.634s][info][gc,phases      ] GC(104) Compaction Phase 123.980ms
[4.634s][info][gc,phases,start] GC(104) Post Compact
[4.636s][info][gc,phases      ] GC(104) Post Compact 1.562ms
[4.636s][info][gc,heap        ] GC(104) PSYoungGen: 54976K(82944K)->13832K(82944K) Eden: 0K(7680K)->0K(7680K) From: 54976K(75264K)->13832K(75264K)
[4.636s][info][gc,heap        ] GC(104) ParOldGen: 707891K(732160K)->731908K(818176K)
[4.636s][info][gc,metaspace   ] GC(104) Metaspace: 6298K(6464K)->6298K(6464K) NonClass: 5764K(5824K)->5764K(5824K) Class: 533K(640K)->533K(640K)
[4.636s][info][gc             ] GC(104) Pause Full (Ergonomics) 744M->728M(880M) 294.526ms
[4.636s][info][gc,cpu         ] GC(104) User=2.00s Sys=0.02s Real=0.30s
[4.646s][info][gc,start       ] GC(105) Pause Young (Allocation Failure)
[4.687s][info][gc,heap        ] GC(105) PSYoungGen: 21512K(82944K)->16416K(86016K) Eden: 7680K(7680K)->0K(8704K) From: 13832K(75264K)->16416K(77312K)
[4.687s][info][gc,heap        ] GC(105) ParOldGen: 731908K(818176K)->737268K(818176K)
[4.687s][info][gc,metaspace   ] GC(105) Metaspace: 6298K(6464K)->6298K(6464K) NonClass: 5764K(5824K)->5764K(5824K) Class: 533K(640K)->533K(640K)
[4.687s][info][gc             ] GC(105) Pause Young (Allocation Failure) 735M->736M(883M) 41.293ms
[4.688s][info][gc,cpu         ] GC(105) User=0.14s Sys=0.00s Real=0.04s
[4.696s][info][gc,start       ] GC(106) Pause Young (Allocation Failure)
[4.712s][info][gc,heap        ] GC(106) PSYoungGen: 25120K(86016K)->25088K(33792K) Eden: 8704K(8704K)->0K(8704K) From: 16416K(77312K)->25088K(25088K)
[4.712s][info][gc,heap        ] GC(106) ParOldGen: 737268K(818176K)->737268K(818176K)
[4.712s][info][gc,metaspace   ] GC(106) Metaspace: 6298K(6464K)->6298K(6464K) NonClass: 5764K(5824K)->5764K(5824K) Class: 533K(640K)->533K(640K)
[4.712s][info][gc             ] GC(106) Pause Young (Allocation Failure) 744M->744M(832M) 15.843ms
[4.712s][info][gc,cpu         ] GC(106) User=0.02s Sys=0.00s Real=0.02s
[4.722s][info][gc,start       ] GC(107) Pause Young (Allocation Failure)
[4.740s][info][gc,heap        ] GC(107) PSYoungGen: 33792K(33792K)->32416K(77824K) Eden: 8704K(8704K)->0K(10240K) From: 25088K(25088K)->32416K(67584K)
[4.740s][info][gc,heap        ] GC(107) ParOldGen: 737268K(818176K)->738676K(818176K)
[4.740s][info][gc,metaspace   ] GC(107) Metaspace: 6298K(6464K)->6298K(6464K) NonClass: 5764K(5824K)->5764K(5824K) Class: 533K(640K)->533K(640K)
[4.740s][info][gc             ] GC(107) Pause Young (Allocation Failure) 752M->753M(875M) 18.035ms
[4.740s][info][gc,cpu         ] GC(107) User=0.09s Sys=0.00s Real=0.02s
[4.751s][info][gc,start       ] GC(108) Pause Young (Allocation Failure)
[4.771s][info][gc,heap        ] GC(108) PSYoungGen: 42656K(77824K)->39968K(81408K) Eden: 10240K(10240K)->0K(10240K) From: 32416K(67584K)->39968K(71168K)
[4.772s][info][gc,heap        ] GC(108) ParOldGen: 738676K(818176K)->741444K(818176K)
[4.772s][info][gc,metaspace   ] GC(108) Metaspace: 6298K(6464K)->6298K(6464K) NonClass: 5764K(5824K)->5764K(5824K) Class: 533K(640K)->533K(640K)
[4.772s][info][gc             ] GC(108) Pause Young (Allocation Failure) 763M->763M(878M) 20.900ms
[4.772s][info][gc,cpu         ] GC(108) User=0.02s Sys=0.00s Real=0.02s
[4.782s][info][gc,start       ] GC(109) Pause Young (Allocation Failure)
[4.807s][info][gc,heap        ] GC(109) PSYoungGen: 50208K(81408K)->37984K(76800K) Eden: 10240K(10240K)->0K(11776K) From: 39968K(71168K)->37984K(65024K)
[4.807s][info][gc,heap        ] GC(109) ParOldGen: 741444K(818176K)->753788K(818176K)
[4.807s][info][gc,metaspace   ] GC(109) Metaspace: 6298K(6464K)->6298K(6464K) NonClass: 5764K(5824K)->5764K(5824K) Class: 533K(640K)->533K(640K)
[4.807s][info][gc             ] GC(109) Pause Young (Allocation Failure) 773M->773M(874M) 24.303ms
[4.807s][info][gc,cpu         ] GC(109) User=0.12s Sys=0.00s Real=0.02s
[4.819s][info][gc,start       ] GC(110) Pause Young (Allocation Failure)
[4.844s][info][gc,heap        ] GC(110) PSYoungGen: 49760K(76800K)->32320K(44544K) Eden: 11776K(11776K)->0K(11776K) From: 37984K(65024K)->32320K(32768K)
[4.844s][info][gc,heap        ] GC(110) ParOldGen: 753788K(818176K)->771404K(818176K)
[4.844s][info][gc,metaspace   ] GC(110) Metaspace: 6298K(6464K)->6298K(6464K) NonClass: 5764K(5824K)->5764K(5824K) Class: 533K(640K)->533K(640K)
[4.844s][info][gc             ] GC(110) Pause Young (Allocation Failure) 784M->784M(842M) 25.221ms
[4.844s][info][gc,cpu         ] GC(110) User=0.11s Sys=0.02s Real=0.03s
[4.856s][info][gc,start       ] GC(111) Pause Young (Allocation Failure)
[4.879s][info][gc,heap        ] GC(111) PSYoungGen: 44096K(44544K)->23648K(75776K) Eden: 11776K(11776K)->0K(13824K) From: 32320K(32768K)->23648K(61952K)
[4.879s][info][gc,heap        ] GC(111) ParOldGen: 771404K(818176K)->792116K(818176K)
[4.879s][info][gc,metaspace   ] GC(111) Metaspace: 6298K(6464K)->6298K(6464K) NonClass: 5764K(5824K)->5764K(5824K) Class: 533K(640K)->533K(640K)
[4.879s][info][gc             ] GC(111) Pause Young (Allocation Failure) 796M->796M(873M) 23.304ms
[4.879s][info][gc,cpu         ] GC(111) User=0.14s Sys=0.00s Real=0.02s
[4.880s][info][gc,start       ] GC(112) Pause Full (Ergonomics)
[4.880s][info][gc,phases,start] GC(112) Marking Phase
[5.060s][info][gc,phases      ] GC(112) Marking Phase 180.404ms
[5.060s][info][gc,phases,start] GC(112) Summary Phase
[5.060s][info][gc,phases      ] GC(112) Summary Phase 0.028ms
[5.060s][info][gc,phases,start] GC(112) Adjust Roots
[5.060s][info][gc,phases      ] GC(112) Adjust Roots 0.152ms
[5.060s][info][gc,phases,start] GC(112) Compaction Phase
[5.140s][info][gc,phases      ] GC(112) Compaction Phase 79.758ms
[5.140s][info][gc,phases,start] GC(112) Post Compact
[5.142s][info][gc,phases      ] GC(112) Post Compact 1.508ms
[5.142s][info][gc,heap        ] GC(112) PSYoungGen: 23648K(75776K)->0K(77312K) Eden: 0K(13824K)->0K(13824K) From: 23648K(61952K)->0K(63488K)
[5.142s][info][gc,heap        ] GC(112) ParOldGen: 792116K(818176K)->814633K(906752K)
[5.142s][info][gc,metaspace   ] GC(112) Metaspace: 6298K(6464K)->6298K(6464K) NonClass: 5764K(5824K)->5764K(5824K) Class: 533K(640K)->533K(640K)
[5.142s][info][gc             ] GC(112) Pause Full (Ergonomics) 796M->795M(961M) 262.618ms
[5.142s][info][gc,cpu         ] GC(112) User=1.75s Sys=0.00s Real=0.26s
[5.158s][info][gc,start       ] GC(113) Pause Young (Allocation Failure)
[5.170s][info][gc,heap        ] GC(113) PSYoungGen: 13824K(77312K)->13920K(78848K) Eden: 13824K(13824K)->0K(15360K) From: 0K(63488K)->13920K(63488K)
[5.170s][info][gc,heap        ] GC(113) ParOldGen: 814633K(906752K)->814633K(906752K)
[5.170s][info][gc,metaspace   ] GC(113) Metaspace: 6298K(6464K)->6298K(6464K) NonClass: 5764K(5824K)->5764K(5824K) Class: 533K(640K)->533K(640K)
[5.170s][info][gc             ] GC(113) Pause Young (Allocation Failure) 809M->809M(962M) 12.306ms
[5.170s][info][gc,cpu         ] GC(113) User=0.00s Sys=0.00s Real=0.01s
[5.187s][info][gc,start       ] GC(114) Pause Young (Allocation Failure)
[5.205s][info][gc,heap        ] GC(114) PSYoungGen: 29280K(78848K)->15488K(79360K) Eden: 15360K(15360K)->0K(15360K) From: 13920K(63488K)->15488K(64000K)
[5.205s][info][gc,heap        ] GC(114) ParOldGen: 814633K(906752K)->828657K(906752K)
[5.205s][info][gc,metaspace   ] GC(114) Metaspace: 6298K(6464K)->6298K(6464K) NonClass: 5764K(5824K)->5764K(5824K) Class: 533K(640K)->533K(640K)
[5.205s][info][gc             ] GC(114) Pause Young (Allocation Failure) 824M->824M(963M) 18.139ms
[5.205s][info][gc,cpu         ] GC(114) User=0.02s Sys=0.00s Real=0.02s
[5.221s][info][gc,start       ] GC(115) Pause Young (Allocation Failure)
[5.239s][info][gc,heap        ] GC(115) PSYoungGen: 30848K(79360K)->15488K(78336K) Eden: 15360K(15360K)->0K(16896K) From: 15488K(64000K)->15488K(61440K)
[5.239s][info][gc,heap        ] GC(115) ParOldGen: 828657K(906752K)->844225K(906752K)
[5.239s][info][gc,metaspace   ] GC(115) Metaspace: 6298K(6464K)->6298K(6464K) NonClass: 5764K(5824K)->5764K(5824K) Class: 533K(640K)->533K(640K)
[5.239s][info][gc             ] GC(115) Pause Young (Allocation Failure) 839M->839M(962M) 18.447ms
[5.239s][info][gc,cpu         ] GC(115) User=0.05s Sys=0.00s Real=0.02s
[5.257s][info][gc,start       ] GC(116) Pause Young (Allocation Failure)
[5.276s][info][gc,heap        ] GC(116) PSYoungGen: 32384K(78336K)->17088K(79360K) Eden: 16896K(16896K)->0K(16896K) From: 15488K(61440K)->17088K(62464K)
[5.276s][info][gc,heap        ] GC(116) ParOldGen: 844225K(906752K)->859793K(906752K)
[5.276s][info][gc,metaspace   ] GC(116) Metaspace: 6298K(6464K)->6298K(6464K) NonClass: 5764K(5824K)->5764K(5824K) Class: 533K(640K)->533K(640K)
[5.276s][info][gc             ] GC(116) Pause Young (Allocation Failure) 856M->856M(963M) 19.108ms
[5.276s][info][gc,cpu         ] GC(116) User=0.02s Sys=0.00s Real=0.02s
[5.294s][info][gc,start       ] GC(117) Pause Young (Allocation Failure)
[5.315s][info][gc,heap        ] GC(117) PSYoungGen: 33984K(79360K)->17056K(76800K) Eden: 16896K(16896K)->0K(18944K) From: 17088K(62464K)->17056K(57856K)
[5.315s][info][gc,heap        ] GC(117) ParOldGen: 859793K(906752K)->876929K(906752K)
[5.315s][info][gc,metaspace   ] GC(117) Metaspace: 6298K(6464K)->6298K(6464K) NonClass: 5764K(5824K)->5764K(5824K) Class: 533K(640K)->533K(640K)
[5.315s][info][gc             ] GC(117) Pause Young (Allocation Failure) 872M->873M(960M) 20.755ms
[5.315s][info][gc,cpu         ] GC(117) User=0.05s Sys=0.00s Real=0.02s
[5.315s][info][gc,start       ] GC(118) Pause Full (Ergonomics)
[5.315s][info][gc,phases,start] GC(118) Marking Phase
[5.507s][info][gc,phases      ] GC(118) Marking Phase 192.445ms
[5.508s][info][gc,phases,start] GC(118) Summary Phase
[5.508s][info][gc,phases      ] GC(118) Summary Phase 0.037ms
[5.508s][info][gc,phases,start] GC(118) Adjust Roots
[5.508s][info][gc,phases      ] GC(118) Adjust Roots 0.160ms
[5.508s][info][gc,phases,start] GC(118) Compaction Phase
[5.594s][info][gc,phases      ] GC(118) Compaction Phase 85.760ms
[5.594s][info][gc,phases,start] GC(118) Post Compact
[5.595s][info][gc,phases      ] GC(118) Post Compact 1.604ms
[5.596s][info][gc,heap        ] GC(118) PSYoungGen: 17056K(76800K)->0K(78336K) Eden: 0K(18944K)->0K(18944K) From: 17056K(57856K)->0K(59392K)
[5.596s][info][gc,heap        ] GC(118) ParOldGen: 876929K(906752K)->892810K(991232K)
[5.596s][info][gc,metaspace   ] GC(118) Metaspace: 6298K(6464K)->6298K(6464K) NonClass: 5764K(5824K)->5764K(5824K) Class: 533K(640K)->533K(640K)
[5.596s][info][gc             ] GC(118) Pause Full (Ergonomics) 873M->871M(1044M) 280.726ms
[5.596s][info][gc,cpu         ] GC(118) User=1.83s Sys=0.03s Real=0.28s
[5.618s][info][gc,start       ] GC(119) Pause Young (Allocation Failure)
[5.633s][info][gc,heap        ] GC(119) PSYoungGen: 18944K(78336K)->19104K(75776K) Eden: 18944K(18944K)->0K(20992K) From: 0K(59392K)->19104K(54784K)
[5.633s][info][gc,heap        ] GC(119) ParOldGen: 892810K(991232K)->892810K(991232K)
[5.633s][info][gc,metaspace   ] GC(119) Metaspace: 6298K(6464K)->6298K(6464K) NonClass: 5764K(5824K)->5764K(5824K) Class: 533K(640K)->533K(640K)
[5.633s][info][gc             ] GC(119) Pause Young (Allocation Failure) 890M->890M(1042M) 14.674ms
[5.633s][info][gc,cpu         ] GC(119) User=0.00s Sys=0.02s Real=0.01s
[5.656s][info][gc,start       ] GC(120) Pause Young (Allocation Failure)
[5.677s][info][gc,heap        ] GC(120) PSYoungGen: 40096K(75776K)->40096K(78336K) Eden: 20992K(20992K)->0K(20992K) From: 19104K(54784K)->40096K(57344K)
[5.677s][info][gc,heap        ] GC(120) ParOldGen: 892810K(991232K)->892810K(991232K)
[5.677s][info][gc,metaspace   ] GC(120) Metaspace: 6298K(6464K)->6298K(6464K) NonClass: 5764K(5824K)->5764K(5824K) Class: 533K(640K)->533K(640K)
[5.677s][info][gc             ] GC(120) Pause Young (Allocation Failure) 911M->911M(1044M) 21.723ms
[5.677s][info][gc,cpu         ] GC(120) User=0.06s Sys=0.00s Real=0.02s
[5.701s][info][gc,start       ] GC(121) Pause Young (Allocation Failure)
[5.731s][info][gc,heap        ] GC(121) PSYoungGen: 61088K(78336K)->59904K(73728K) Eden: 20992K(20992K)->0K(13824K) From: 40096K(57344K)->59904K(59904K)
[5.731s][info][gc,heap        ] GC(121) ParOldGen: 892810K(991232K)->893922K(991232K)
[5.731s][info][gc,metaspace   ] GC(121) Metaspace: 6298K(6464K)->6298K(6464K) NonClass: 5764K(5824K)->5764K(5824K) Class: 533K(640K)->533K(640K)
[5.731s][info][gc             ] GC(121) Pause Young (Allocation Failure) 931M->931M(1040M) 30.275ms
[5.731s][info][gc,cpu         ] GC(121) User=0.14s Sys=0.00s Real=0.03s
[5.746s][info][gc,start       ] GC(122) Pause Young (Allocation Failure)
[5.782s][info][gc,heap        ] GC(122) PSYoungGen: 73728K(73728K)->34528K(48640K) Eden: 13824K(13824K)->0K(13824K) From: 59904K(59904K)->34528K(34816K)
[5.782s][info][gc,heap        ] GC(122) ParOldGen: 893922K(991232K)->933706K(991232K)
[5.782s][info][gc,metaspace   ] GC(122) Metaspace: 6298K(6464K)->6298K(6464K) NonClass: 5764K(5824K)->5764K(5824K) Class: 533K(640K)->533K(640K)
[5.782s][info][gc             ] GC(122) Pause Young (Allocation Failure) 944M->945M(1015M) 35.952ms
[5.782s][info][gc,cpu         ] GC(122) User=0.22s Sys=0.03s Real=0.04s
[5.797s][info][gc,start       ] GC(123) Pause Young (Allocation Failure)
[5.821s][info][gc,heap        ] GC(123) PSYoungGen: 48352K(48640K)->27744K(76288K) Eden: 13824K(13824K)->0K(15872K) From: 34528K(34816K)->27744K(60416K)
[5.821s][info][gc,heap        ] GC(123) ParOldGen: 933706K(991232K)->954570K(991232K)
[5.821s][info][gc,metaspace   ] GC(123) Metaspace: 6298K(6464K)->6298K(6464K) NonClass: 5764K(5824K)->5764K(5824K) Class: 533K(640K)->533K(640K)
[5.821s][info][gc             ] GC(123) Pause Young (Allocation Failure) 959M->959M(1042M) 24.684ms
[5.821s][info][gc,cpu         ] GC(123) User=0.12s Sys=0.00s Real=0.02s
[5.822s][info][gc,start       ] GC(124) Pause Full (Ergonomics)
[5.822s][info][gc,phases,start] GC(124) Marking Phase
[6.043s][info][gc,phases      ] GC(124) Marking Phase 221.461ms
[6.043s][info][gc,phases,start] GC(124) Summary Phase
[6.043s][info][gc,phases      ] GC(124) Summary Phase 0.039ms
[6.043s][info][gc,phases,start] GC(124) Adjust Roots
[6.043s][info][gc,phases      ] GC(124) Adjust Roots 0.184ms
[6.043s][info][gc,phases,start] GC(124) Compaction Phase
[6.129s][info][gc,phases      ] GC(124) Compaction Phase 85.280ms
[6.129s][info][gc,phases,start] GC(124) Post Compact
[6.130s][info][gc,phases      ] GC(124) Post Compact 1.782ms
[6.131s][info][gc,heap        ] GC(124) PSYoungGen: 27744K(76288K)->0K(79360K) Eden: 0K(15872K)->0K(15872K) From: 27744K(60416K)->0K(63488K)
[6.131s][info][gc,heap        ] GC(124) ParOldGen: 954570K(991232K)->981222K(1095680K)
[6.131s][info][gc,metaspace   ] GC(124) Metaspace: 6298K(6464K)->6298K(6464K) NonClass: 5764K(5824K)->5764K(5824K) Class: 533K(640K)->533K(640K)
[6.131s][info][gc             ] GC(124) Pause Full (Ergonomics) 959M->958M(1147M) 309.579ms
[6.131s][info][gc,cpu         ] GC(124) User=2.16s Sys=0.00s Real=0.31s
[6.150s][info][gc,start       ] GC(125) Pause Young (Allocation Failure)
[6.164s][info][gc,heap        ] GC(125) PSYoungGen: 15872K(79360K)->16000K(80384K) Eden: 15872K(15872K)->0K(17920K) From: 0K(63488K)->16000K(62464K)
[6.165s][info][gc,heap        ] GC(125) ParOldGen: 981222K(1095680K)->981222K(1095680K)
[6.165s][info][gc,metaspace   ] GC(125) Metaspace: 6298K(6464K)->6298K(6464K) NonClass: 5764K(5824K)->5764K(5824K) Class: 533K(640K)->533K(640K)
[6.165s][info][gc             ] GC(125) Pause Young (Allocation Failure) 973M->973M(1148M) 14.439ms
[6.165s][info][gc,cpu         ] GC(125) User=0.02s Sys=0.00s Real=0.01s
[6.185s][info][gc,start       ] GC(126) Pause Young (Allocation Failure)
[6.204s][info][gc,heap        ] GC(126) PSYoungGen: 33920K(80384K)->33952K(80896K) Eden: 17920K(17920K)->0K(17920K) From: 16000K(62464K)->33952K(62976K)
[6.204s][info][gc,heap        ] GC(126) ParOldGen: 981222K(1095680K)->981222K(1095680K)
[6.204s][info][gc,metaspace   ] GC(126) Metaspace: 6298K(6464K)->6298K(6464K) NonClass: 5764K(5824K)->5764K(5824K) Class: 533K(640K)->533K(640K)
[6.204s][info][gc             ] GC(126) Pause Young (Allocation Failure) 991M->991M(1149M) 19.251ms
[6.204s][info][gc,cpu         ] GC(126) User=0.14s Sys=0.00s Real=0.02s
[6.224s][info][gc,start       ] GC(127) Pause Young (Allocation Failure)
[6.250s][info][gc,heap        ] GC(127) PSYoungGen: 51872K(80896K)->51840K(76288K) Eden: 17920K(17920K)->0K(14848K) From: 33952K(62976K)->51840K(61440K)
[6.250s][info][gc,heap        ] GC(127) ParOldGen: 981222K(1095680K)->981222K(1095680K)
[6.250s][info][gc,metaspace   ] GC(127) Metaspace: 6298K(6464K)->6298K(6464K) NonClass: 5764K(5824K)->5764K(5824K) Class: 533K(640K)->533K(640K)
[6.250s][info][gc             ] GC(127) Pause Young (Allocation Failure) 1008M->1008M(1144M) 26.611ms
[6.250s][info][gc,cpu         ] GC(127) User=0.14s Sys=0.00s Real=0.03s
[6.266s][info][gc,start       ] GC(128) Pause Young (Allocation Failure)
[6.298s][info][gc,heap        ] GC(128) PSYoungGen: 66688K(76288K)->66560K(81408K) Eden: 14848K(14848K)->0K(14848K) From: 51840K(61440K)->66560K(66560K)
[6.298s][info][gc,heap        ] GC(128) ParOldGen: 981222K(1095680K)->981366K(1095680K)
[6.298s][info][gc,metaspace   ] GC(128) Metaspace: 6298K(6464K)->6298K(6464K) NonClass: 5764K(5824K)->5764K(5824K) Class: 533K(640K)->533K(640K)
[6.298s][info][gc             ] GC(128) Pause Young (Allocation Failure) 1023M->1023M(1149M) 31.687ms
[6.298s][info][gc,cpu         ] GC(128) User=0.12s Sys=0.00s Real=0.03s
[6.314s][info][gc,start       ] GC(129) Pause Young (Allocation Failure)
[6.352s][info][gc,heap        ] GC(129) PSYoungGen: 81408K(81408K)->65536K(85504K) Eden: 14848K(14848K)->0K(9728K) From: 66560K(66560K)->65536K(75776K)
[6.353s][info][gc,heap        ] GC(129) ParOldGen: 981366K(1095680K)->997454K(1095680K)
[6.353s][info][gc,metaspace   ] GC(129) Metaspace: 6298K(6464K)->6298K(6464K) NonClass: 5764K(5824K)->5764K(5824K) Class: 533K(640K)->533K(640K)
[6.353s][info][gc             ] GC(129) Pause Young (Allocation Failure) 1037M->1038M(1153M) 38.980ms
[6.353s][info][gc,cpu         ] GC(129) User=0.22s Sys=0.03s Real=0.04s
[6.364s][info][gc,start       ] GC(130) Pause Young (Allocation Failure)
[6.399s][info][gc,heap        ] GC(130) PSYoungGen: 75264K(85504K)->57376K(92672K) Eden: 9728K(9728K)->0K(9728K) From: 65536K(75776K)->57376K(82944K)
[6.399s][info][gc,heap        ] GC(130) ParOldGen: 997454K(1095680K)->1015622K(1095680K)
[6.399s][info][gc,metaspace   ] GC(130) Metaspace: 6298K(6464K)->6298K(6464K) NonClass: 5764K(5824K)->5764K(5824K) Class: 533K(640K)->533K(640K)
[6.399s][info][gc             ] GC(130) Pause Young (Allocation Failure) 1047M->1047M(1160M) 35.978ms
[6.400s][info][gc,cpu         ] GC(130) User=0.23s Sys=0.02s Real=0.04s
[6.411s][info][gc,start       ] GC(131) Pause Young (Allocation Failure)
[6.445s][info][gc,heap        ] GC(131) PSYoungGen: 67104K(92672K)->34432K(89600K) Eden: 9728K(9728K)->0K(11264K) From: 57376K(82944K)->34432K(78336K)
[6.445s][info][gc,heap        ] GC(131) ParOldGen: 1015622K(1095680K)->1048710K(1095680K)
[6.445s][info][gc,metaspace   ] GC(131) Metaspace: 6298K(6464K)->6298K(6464K) NonClass: 5764K(5824K)->5764K(5824K) Class: 533K(640K)->533K(640K)
[6.445s][info][gc             ] GC(131) Pause Young (Allocation Failure) 1057M->1057M(1157M) 34.245ms
[6.445s][info][gc,cpu         ] GC(131) User=0.12s Sys=0.02s Real=0.04s
[6.458s][info][gc,start       ] GC(132) Pause Young (Allocation Failure)
[6.482s][info][gc,heap        ] GC(132) PSYoungGen: 45696K(89600K)->21056K(93184K) Eden: 11264K(11264K)->0K(11264K) From: 34432K(78336K)->21056K(81920K)
[6.482s][info][gc,heap        ] GC(132) ParOldGen: 1048710K(1095680K)->1073582K(1095680K)
[6.482s][info][gc,metaspace   ] GC(132) Metaspace: 6298K(6464K)->6298K(6464K) NonClass: 5764K(5824K)->5764K(5824K) Class: 533K(640K)->533K(640K)
[6.482s][info][gc             ] GC(132) Pause Young (Allocation Failure) 1068M->1068M(1161M) 24.164ms
[6.482s][info][gc,cpu         ] GC(132) User=0.09s Sys=0.03s Real=0.02s
[6.482s][info][gc,start       ] GC(133) Pause Full (Ergonomics)
[6.482s][info][gc,phases,start] GC(133) Marking Phase
[6.722s][info][gc,phases      ] GC(133) Marking Phase 240.022ms
[6.722s][info][gc,phases,start] GC(133) Summary Phase
[6.722s][info][gc,phases      ] GC(133) Summary Phase 0.031ms
[6.722s][info][gc,phases,start] GC(133) Adjust Roots
[6.722s][info][gc,phases      ] GC(133) Adjust Roots 0.154ms
[6.722s][info][gc,phases,start] GC(133) Compaction Phase
[6.820s][info][gc,phases      ] GC(133) Compaction Phase 97.175ms
[6.820s][info][gc,phases,start] GC(133) Post Compact
[6.821s][info][gc,phases      ] GC(133) Post Compact 1.712ms
[6.822s][info][gc,heap        ] GC(133) PSYoungGen: 21056K(93184K)->0K(94208K) Eden: 0K(11264K)->0K(13312K) From: 21056K(81920K)->0K(80896K)
[6.822s][info][gc,heap        ] GC(133) ParOldGen: 1073582K(1095680K)->1093102K(1220096K)
[6.822s][info][gc,metaspace   ] GC(133) Metaspace: 6298K(6464K)->6298K(6464K) NonClass: 5764K(5824K)->5764K(5824K) Class: 533K(640K)->533K(640K)
[6.822s][info][gc             ] GC(133) Pause Full (Ergonomics) 1068M->1067M(1283M) 339.819ms
[6.822s][info][gc,cpu         ] GC(133) User=2.48s Sys=0.02s Real=0.34s
[6.839s][info][gc,start       ] GC(134) Pause Young (Allocation Failure)
[6.853s][info][gc,heap        ] GC(134) PSYoungGen: 13312K(94208K)->13440K(94208K) Eden: 13312K(13312K)->0K(13312K) From: 0K(80896K)->13440K(80896K)
[6.853s][info][gc,heap        ] GC(134) ParOldGen: 1093102K(1220096K)->1093102K(1220096K)
[6.853s][info][gc,metaspace   ] GC(134) Metaspace: 6298K(6464K)->6298K(6464K) NonClass: 5764K(5824K)->5764K(5824K) Class: 533K(640K)->533K(640K)
[6.853s][info][gc             ] GC(134) Pause Young (Allocation Failure) 1080M->1080M(1283M) 14.456ms
[6.853s][info][gc,cpu         ] GC(134) User=0.02s Sys=0.00s Real=0.02s
[6.867s][info][gc,start       ] GC(135) Pause Young (Allocation Failure)
[6.884s][info][gc,heap        ] GC(135) PSYoungGen: 26752K(94208K)->13408K(94720K) Eden: 13312K(13312K)->0K(15360K) From: 13440K(80896K)->13408K(79360K)
[6.884s][info][gc,heap        ] GC(135) ParOldGen: 1093102K(1220096K)->1106614K(1220096K)
[6.884s][info][gc,metaspace   ] GC(135) Metaspace: 6298K(6464K)->6298K(6464K) NonClass: 5764K(5824K)->5764K(5824K) Class: 533K(640K)->533K(640K)
[6.884s][info][gc             ] GC(135) Pause Young (Allocation Failure) 1093M->1093M(1284M) 17.080ms
[6.884s][info][gc,cpu         ] GC(135) User=0.03s Sys=0.00s Real=0.02s
[6.901s][info][gc,start       ] GC(136) Pause Young (Allocation Failure)
[6.919s][info][gc,heap        ] GC(136) PSYoungGen: 28768K(94720K)->15488K(95232K) Eden: 15360K(15360K)->0K(15360K) From: 13408K(79360K)->15488K(79872K)
[6.919s][info][gc,heap        ] GC(136) ParOldGen: 1106614K(1220096K)->1120118K(1220096K)
[6.919s][info][gc,metaspace   ] GC(136) Metaspace: 6298K(6464K)->6298K(6464K) NonClass: 5764K(5824K)->5764K(5824K) Class: 533K(640K)->533K(640K)
[6.919s][info][gc             ] GC(136) Pause Young (Allocation Failure) 1108M->1108M(1284M) 17.856ms
[6.919s][info][gc,cpu         ] GC(136) User=0.02s Sys=0.00s Real=0.02s
[6.935s][info][gc,start       ] GC(137) Pause Young (Allocation Failure)
[6.954s][info][gc,heap        ] GC(137) PSYoungGen: 30848K(95232K)->15488K(91648K) Eden: 15360K(15360K)->0K(17408K) From: 15488K(79872K)->15488K(74240K)
[6.954s][info][gc,heap        ] GC(137) ParOldGen: 1120118K(1220096K)->1135694K(1220096K)
[6.954s][info][gc,metaspace   ] GC(137) Metaspace: 6298K(6464K)->6298K(6464K) NonClass: 5764K(5824K)->5764K(5824K) Class: 533K(640K)->533K(640K)
[6.954s][info][gc             ] GC(137) Pause Young (Allocation Failure) 1123M->1124M(1281M) 18.347ms
[6.954s][info][gc,cpu         ] GC(137) User=0.09s Sys=0.00s Real=0.02s
[6.974s][info][gc,start       ] GC(138) Pause Young (Allocation Failure)
[6.996s][info][gc,heap        ] GC(138) PSYoungGen: 32896K(91648K)->17536K(35328K) Eden: 17408K(17408K)->0K(17408K) From: 15488K(74240K)->17536K(17920K)
[6.996s][info][gc,heap        ] GC(138) ParOldGen: 1135694K(1220096K)->1151262K(1220096K)
[6.996s][info][gc,metaspace   ] GC(138) Metaspace: 6298K(6464K)->6298K(6464K) NonClass: 5764K(5824K)->5764K(5824K) Class: 533K(640K)->533K(640K)
[6.996s][info][gc             ] GC(138) Pause Young (Allocation Failure) 1141M->1141M(1226M) 21.855ms
[6.996s][info][gc,cpu         ] GC(138) User=0.02s Sys=0.02s Real=0.02s
[7.015s][info][gc,start       ] GC(139) Pause Young (Allocation Failure)
[7.036s][info][gc,heap        ] GC(139) PSYoungGen: 34944K(35328K)->17504K(88064K) Eden: 17408K(17408K)->0K(19456K) From: 17536K(17920K)->17504K(68608K)
[7.037s][info][gc,heap        ] GC(139) ParOldGen: 1151262K(1220096K)->1168910K(1220096K)
[7.037s][info][gc,metaspace   ] GC(139) Metaspace: 6298K(6464K)->6298K(6464K) NonClass: 5764K(5824K)->5764K(5824K) Class: 533K(640K)->533K(640K)
[7.037s][info][gc             ] GC(139) Pause Young (Allocation Failure) 1158M->1158M(1277M) 21.169ms
[7.037s][info][gc,cpu         ] GC(139) User=0.11s Sys=0.02s Real=0.02s
[7.062s][info][gc,start       ] GC(140) Pause Young (Allocation Failure)
[7.084s][info][gc,heap        ] GC(140) PSYoungGen: 36960K(88064K)->19584K(39424K) Eden: 19456K(19456K)->0K(19456K) From: 17504K(68608K)->19584K(19968K)
[7.084s][info][gc,heap        ] GC(140) ParOldGen: 1168910K(1220096K)->1186558K(1220096K)
[7.084s][info][gc,metaspace   ] GC(140) Metaspace: 6298K(6464K)->6298K(6464K) NonClass: 5764K(5824K)->5764K(5824K) Class: 533K(640K)->533K(640K)
[7.084s][info][gc             ] GC(140) Pause Young (Allocation Failure) 1177M->1177M(1230M) 22.330ms
[7.084s][info][gc,cpu         ] GC(140) User=0.12s Sys=0.00s Real=0.02s
[7.107s][info][gc,start       ] GC(141) Pause Young (Allocation Failure)
[7.130s][info][gc,heap        ] GC(141) PSYoungGen: 39040K(39424K)->19584K(84480K) Eden: 19456K(19456K)->0K(21504K) From: 19584K(19968K)->19584K(62976K)
[7.130s][info][gc,heap        ] GC(141) ParOldGen: 1186558K(1220096K)->1206286K(1220096K)
[7.130s][info][gc,metaspace   ] GC(141) Metaspace: 6298K(6464K)->6298K(6464K) NonClass: 5764K(5824K)->5764K(5824K) Class: 533K(640K)->533K(640K)
[7.130s][info][gc             ] GC(141) Pause Young (Allocation Failure) 1196M->1197M(1274M) 23.425ms
[7.130s][info][gc,cpu         ] GC(141) User=0.09s Sys=0.05s Real=0.02s
[7.130s][info][gc,start       ] GC(142) Pause Full (Ergonomics)
[7.130s][info][gc,phases,start] GC(142) Marking Phase
[7.404s][info][gc,phases      ] GC(142) Marking Phase 273.926ms
[7.404s][info][gc,phases,start] GC(142) Summary Phase
[7.404s][info][gc,phases      ] GC(142) Summary Phase 0.025ms
[7.404s][info][gc,phases,start] GC(142) Adjust Roots
[7.405s][info][gc,phases      ] GC(142) Adjust Roots 0.146ms
[7.405s][info][gc,phases,start] GC(142) Compaction Phase
[7.517s][info][gc,phases      ] GC(142) Compaction Phase 112.730ms
[7.517s][info][gc,phases,start] GC(142) Post Compact
[7.519s][info][gc,phases      ] GC(142) Post Compact 1.928ms
[7.520s][info][gc,heap        ] GC(142) PSYoungGen: 19584K(84480K)->4099K(87040K) Eden: 0K(21504K)->0K(24064K) From: 19584K(62976K)->4099K(62976K)
[7.520s][info][gc,heap        ] GC(142) ParOldGen: 1206286K(1220096K)->1219826K(1347072K)
[7.520s][info][gc,metaspace   ] GC(142) Metaspace: 6298K(6464K)->6298K(6464K) NonClass: 5764K(5824K)->5764K(5824K) Class: 533K(640K)->533K(640K)
[7.520s][info][gc             ] GC(142) Pause Full (Ergonomics) 1197M->1195M(1400M) 389.489ms
[7.520s][info][gc,cpu         ] GC(142) User=2.91s Sys=0.03s Real=0.39s
[7.552s][info][gc,start       ] GC(143) Pause Young (Allocation Failure)
[7.620s][info][gc,heap        ] GC(143) PSYoungGen: 28163K(87040K)->24192K(48640K) Eden: 24064K(24064K)->0K(24064K) From: 4099K(62976K)->24192K(24576K)
[7.620s][info][gc,heap        ] GC(143) ParOldGen: 1219826K(1347072K)->1224034K(1347072K)
[7.620s][info][gc,metaspace   ] GC(143) Metaspace: 6298K(6464K)->6298K(6464K) NonClass: 5764K(5824K)->5764K(5824K) Class: 533K(640K)->533K(640K)
[7.620s][info][gc             ] GC(143) Pause Young (Allocation Failure) 1218M->1218M(1363M) 68.453ms
[7.620s][info][gc,cpu         ] GC(143) User=0.39s Sys=0.00s Real=0.07s
[7.649s][info][gc,start       ] GC(144) Pause Young (Allocation Failure)
[7.677s][info][gc,heap        ] GC(144) PSYoungGen: 48256K(48640K)->48288K(83968K) Eden: 24064K(24064K)->0K(22016K) From: 24192K(24576K)->48288K(61952K)
[7.677s][info][gc,heap        ] GC(144) ParOldGen: 1224034K(1347072K)->1224034K(1347072K)
[7.677s][info][gc,metaspace   ] GC(144) Metaspace: 6298K(6464K)->6298K(6464K) NonClass: 5764K(5824K)->5764K(5824K) Class: 533K(640K)->533K(640K)
[7.677s][info][gc             ] GC(144) Pause Young (Allocation Failure) 1242M->1242M(1397M) 27.948ms
[7.677s][info][gc,cpu         ] GC(144) User=0.14s Sys=0.00s Real=0.03s
[7.705s][info][gc,start       ] GC(145) Pause Young (Allocation Failure)
[7.741s][info][gc,heap        ] GC(145) PSYoungGen: 70304K(83968K)->66560K(88576K) Eden: 22016K(22016K)->0K(22016K) From: 48288K(61952K)->66560K(66560K)
[7.742s][info][gc,heap        ] GC(145) ParOldGen: 1224034K(1347072K)->1227746K(1347072K)
[7.742s][info][gc,metaspace   ] GC(145) Metaspace: 6298K(6464K)->6298K(6464K) NonClass: 5764K(5824K)->5764K(5824K) Class: 533K(640K)->533K(640K)
[7.742s][info][gc             ] GC(145) Pause Young (Allocation Failure) 1264M->1263M(1402M) 36.880ms
[7.742s][info][gc,cpu         ] GC(145) User=0.16s Sys=0.00s Real=0.04s
[7.764s][info][gc,start       ] GC(146) Pause Young (Allocation Failure)
[7.807s][info][gc,heap        ] GC(146) PSYoungGen: 88576K(88576K)->36128K(96768K) Eden: 22016K(22016K)->0K(24576K) From: 66560K(66560K)->36128K(72192K)
[7.807s][info][gc,heap        ] GC(146) ParOldGen: 1227746K(1347072K)->1273738K(1347072K)
[7.807s][info][gc,metaspace   ] GC(146) Metaspace: 6298K(6464K)->6298K(6464K) NonClass: 5764K(5824K)->5764K(5824K) Class: 533K(640K)->533K(640K)
[7.807s][info][gc             ] GC(146) Pause Young (Allocation Failure) 1285M->1279M(1410M) 43.170ms
[7.807s][info][gc,cpu         ] GC(146) User=0.36s Sys=0.00s Real=0.04s
[7.827s][info][gc,start       ] GC(147) Pause Young (Allocation Failure)
[7.856s][info][gc,heap        ] GC(147) PSYoungGen: 60704K(96768K)->28416K(53248K) Eden: 24576K(24576K)->0K(24576K) From: 36128K(72192K)->28416K(28672K)
[7.856s][info][gc,heap        ] GC(147) ParOldGen: 1273738K(1347072K)->1295138K(1347072K)
[7.856s][info][gc,metaspace   ] GC(147) Metaspace: 6298K(6464K)->6298K(6464K) NonClass: 5764K(5824K)->5764K(5824K) Class: 533K(640K)->533K(640K)
[7.856s][info][gc             ] GC(147) Pause Young (Allocation Failure) 1303M->1292M(1367M) 28.483ms
[7.856s][info][gc,cpu         ] GC(147) User=0.14s Sys=0.00s Real=0.03s
[7.888s][info][gc,start       ] GC(148) Pause Young (Allocation Failure)
[7.920s][info][gc,heap        ] GC(148) PSYoungGen: 52992K(53248K)->38112K(96256K) Eden: 24576K(24576K)->0K(27648K) From: 28416K(28672K)->38112K(68608K)
[7.920s][info][gc,heap        ] GC(148) ParOldGen: 1295138K(1347072K)->1310234K(1347072K)
[7.920s][info][gc,metaspace   ] GC(148) Metaspace: 6298K(6464K)->6298K(6464K) NonClass: 5764K(5824K)->5764K(5824K) Class: 533K(640K)->533K(640K)
[7.920s][info][gc             ] GC(148) Pause Young (Allocation Failure) 1316M->1316M(1409M) 31.490ms
[7.920s][info][gc,cpu         ] GC(148) User=0.14s Sys=0.00s Real=0.03s
[7.920s][info][gc,start       ] GC(149) Pause Full (Ergonomics)
[7.920s][info][gc,phases,start] GC(149) Marking Phase
[8.223s][info][gc,phases      ] GC(149) Marking Phase 302.901ms
[8.223s][info][gc,phases,start] GC(149) Summary Phase
[8.223s][info][gc,phases      ] GC(149) Summary Phase 0.055ms
[8.223s][info][gc,phases,start] GC(149) Adjust Roots
[8.223s][info][gc,phases      ] GC(149) Adjust Roots 0.160ms
[8.223s][info][gc,phases,start] GC(149) Compaction Phase
[8.330s][info][gc,phases      ] GC(149) Compaction Phase 107.267ms
[8.330s][info][gc,phases,start] GC(149) Post Compact
[8.332s][info][gc,phases      ] GC(149) Post Compact 2.100ms
[8.333s][info][gc,heap        ] GC(149) PSYoungGen: 38112K(96256K)->0K(97792K) Eden: 0K(27648K)->0K(27648K) From: 38112K(68608K)->0K(70144K)
[8.333s][info][gc,heap        ] GC(149) ParOldGen: 1310234K(1347072K)->1346749K(1489920K)
[8.333s][info][gc,metaspace   ] GC(149) Metaspace: 6298K(6464K)->6298K(6464K) NonClass: 5764K(5824K)->5764K(5824K) Class: 533K(640K)->533K(640K)
[8.333s][info][gc             ] GC(149) Pause Full (Ergonomics) 1316M->1315M(1550M) 413.301ms
[8.333s][info][gc,cpu         ] GC(149) User=3.09s Sys=0.03s Real=0.41s
[8.366s][info][gc,start       ] GC(150) Pause Young (Allocation Failure)
[8.384s][info][gc,heap        ] GC(150) PSYoungGen: 27648K(97792K)->27840K(93696K) Eden: 27648K(27648K)->0K(30208K) From: 0K(70144K)->27840K(63488K)
[8.384s][info][gc,heap        ] GC(150) ParOldGen: 1346749K(1489920K)->1346749K(1489920K)
[8.384s][info][gc,metaspace   ] GC(150) Metaspace: 6298K(6464K)->6298K(6464K) NonClass: 5764K(5824K)->5764K(5824K) Class: 533K(640K)->533K(640K)
[8.384s][info][gc             ] GC(150) Pause Young (Allocation Failure) 1342M->1342M(1546M) 17.937ms
[8.384s][info][gc,cpu         ] GC(150) User=0.03s Sys=0.00s Real=0.02s
[8.422s][info][gc,start       ] GC(151) Pause Young (Allocation Failure)
[8.455s][info][gc,heap        ] GC(151) PSYoungGen: 58048K(93696K)->58016K(97280K) Eden: 30208K(30208K)->0K(30208K) From: 27840K(63488K)->58016K(67072K)
[8.455s][info][gc,heap        ] GC(151) ParOldGen: 1346749K(1489920K)->1346749K(1489920K)
[8.455s][info][gc,metaspace   ] GC(151) Metaspace: 6298K(6464K)->6298K(6464K) NonClass: 5764K(5824K)->5764K(5824K) Class: 533K(640K)->533K(640K)
[8.455s][info][gc             ] GC(151) Pause Young (Allocation Failure) 1371M->1371M(1550M) 32.768ms
[8.455s][info][gc,cpu         ] GC(151) User=0.14s Sys=0.00s Real=0.03s
[8.739s][info][gc,start       ] GC(152) Pause Young (Allocation Failure)
[8.816s][info][gc,heap        ] GC(152) PSYoungGen: 88224K(97280K)->73216K(90624K) Eden: 30208K(30208K)->0K(17408K) From: 58016K(67072K)->73216K(73216K)
[8.816s][info][gc,heap        ] GC(152) ParOldGen: 1412285K(1489920K)->1427437K(1489920K)
[8.816s][info][gc,metaspace   ] GC(152) Metaspace: 6298K(6464K)->6298K(6464K) NonClass: 5764K(5824K)->5764K(5824K) Class: 533K(640K)->533K(640K)
[8.816s][info][gc             ] GC(152) Pause Young (Allocation Failure) 1465M->1465M(1543M) 77.084ms
[8.816s][info][gc,cpu         ] GC(152) User=0.45s Sys=0.00s Real=0.08s
[8.835s][info][gc,start       ] GC(153) Pause Young (Allocation Failure)
[8.877s][info][gc,heap        ] GC(153) PSYoungGen: 90624K(90624K)->68640K(106496K) Eden: 17408K(17408K)->0K(17408K) From: 73216K(73216K)->68640K(89088K)
[8.877s][info][gc,heap        ] GC(153) ParOldGen: 1427437K(1489920K)->1449821K(1489920K)
[8.877s][info][gc,metaspace   ] GC(153) Metaspace: 6298K(6464K)->6298K(6464K) NonClass: 5764K(5824K)->5764K(5824K) Class: 533K(640K)->533K(640K)
[8.877s][info][gc             ] GC(153) Pause Young (Allocation Failure) 1482M->1482M(1559M) 42.804ms
[8.877s][info][gc,cpu         ] GC(153) User=0.27s Sys=0.00s Real=0.04s
[8.893s][info][gc,start       ] GC(154) Pause Young (Allocation Failure)
[8.934s][info][gc,heap        ] GC(154) PSYoungGen: 86048K(106496K)->86016K(103424K) Eden: 17408K(17408K)->0K(8704K) From: 68640K(89088K)->86016K(94720K)
[8.934s][info][gc,heap        ] GC(154) ParOldGen: 1449821K(1489920K)->1449821K(1489920K)
[8.934s][info][gc,metaspace   ] GC(154) Metaspace: 6298K(6464K)->6298K(6464K) NonClass: 5764K(5824K)->5764K(5824K) Class: 533K(640K)->533K(640K)
[8.934s][info][gc             ] GC(154) Pause Young (Allocation Failure) 1499M->1499M(1556M) 40.744ms
[8.934s][info][gc,cpu         ] GC(154) User=0.22s Sys=0.03s Real=0.04s
[8.942s][info][gc,start       ] GC(155) Pause Young (Allocation Failure)
[8.985s][info][gc,heap        ] GC(155) PSYoungGen: 94720K(103424K)->68640K(114176K) Eden: 8704K(8704K)->0K(8704K) From: 86016K(94720K)->68640K(105472K)
[8.986s][info][gc,heap        ] GC(155) ParOldGen: 1449821K(1489920K)->1476213K(1489920K)
[8.986s][info][gc,metaspace   ] GC(155) Metaspace: 6298K(6464K)->6298K(6464K) NonClass: 5764K(5824K)->5764K(5824K) Class: 533K(640K)->533K(640K)
[8.986s][info][gc             ] GC(155) Pause Young (Allocation Failure) 1508M->1508M(1566M) 43.682ms
[8.986s][info][gc,cpu         ] GC(155) User=0.27s Sys=0.00s Real=0.04s
[8.986s][info][gc,start       ] GC(156) Pause Full (Ergonomics)
[8.986s][info][gc,phases,start] GC(156) Marking Phase
[9.329s][info][gc,phases      ] GC(156) Marking Phase 343.606ms
[9.329s][info][gc,phases,start] GC(156) Summary Phase
[9.329s][info][gc,phases      ] GC(156) Summary Phase 0.047ms
[9.329s][info][gc,phases,start] GC(156) Adjust Roots
[9.330s][info][gc,phases      ] GC(156) Adjust Roots 0.316ms
[9.330s][info][gc,phases,start] GC(156) Compaction Phase
[9.676s][info][gc,phases      ] GC(156) Compaction Phase 346.690ms
[9.677s][info][gc,phases,start] GC(156) Post Compact
[9.680s][info][gc,phases      ] GC(156) Post Compact 3.067ms
[9.680s][info][gc,heap        ] GC(156) PSYoungGen: 68640K(114176K)->21386K(114176K) Eden: 0K(8704K)->0K(8704K) From: 68640K(105472K)->21386K(105472K)
[9.680s][info][gc,heap        ] GC(156) ParOldGen: 1476213K(1489920K)->1489526K(1642496K)
[9.680s][info][gc,metaspace   ] GC(156) Metaspace: 6298K(6464K)->6298K(6464K) NonClass: 5764K(5824K)->5764K(5824K) Class: 533K(640K)->533K(640K)
[9.680s][info][gc             ] GC(156) Pause Full (Ergonomics) 1508M->1475M(1715M) 694.631ms
[9.680s][info][gc,cpu         ] GC(156) User=4.67s Sys=0.02s Real=0.69s
[9.691s][info][gc,start       ] GC(157) Pause Young (Allocation Failure)
[9.768s][info][gc,heap        ] GC(157) PSYoungGen: 30090K(114176K)->13888K(117248K) Eden: 8704K(8704K)->0K(9728K) From: 21386K(105472K)->13888K(107520K)
[9.768s][info][gc,heap        ] GC(157) ParOldGen: 1489526K(1642496K)->1506094K(1642496K)
[9.768s][info][gc,metaspace   ] GC(157) Metaspace: 6298K(6464K)->6298K(6464K) NonClass: 5764K(5824K)->5764K(5824K) Class: 533K(640K)->533K(640K)
[9.768s][info][gc             ] GC(157) Pause Young (Allocation Failure) 1484M->1484M(1718M) 77.034ms
[9.768s][info][gc,cpu         ] GC(157) User=0.41s Sys=0.00s Real=0.08s
[9.777s][info][gc,start       ] GC(158) Pause Young (Allocation Failure)
[9.803s][info][gc,heap        ] GC(158) PSYoungGen: 23616K(117248K)->23552K(33280K) Eden: 9728K(9728K)->0K(9728K) From: 13888K(107520K)->23552K(23552K)
[9.803s][info][gc,heap        ] GC(158) ParOldGen: 1506094K(1642496K)->1506094K(1642496K)
[9.803s][info][gc,metaspace   ] GC(158) Metaspace: 6298K(6464K)->6298K(6464K) NonClass: 5764K(5824K)->5764K(5824K) Class: 533K(640K)->533K(640K)
[9.803s][info][gc             ] GC(158) Pause Young (Allocation Failure) 1493M->1493M(1636M) 26.934ms
[9.803s][info][gc,cpu         ] GC(158) User=0.05s Sys=0.00s Real=0.03s
[9.813s][info][gc,start       ] GC(159) Pause Young (Allocation Failure)
[9.838s][info][gc,heap        ] GC(159) PSYoungGen: 33280K(33280K)->30784K(108544K) Eden: 9728K(9728K)->0K(11264K) From: 23552K(23552K)->30784K(97280K)
[9.838s][info][gc,heap        ] GC(159) ParOldGen: 1506094K(1642496K)->1508654K(1642496K)
[9.838s][info][gc,metaspace   ] GC(159) Metaspace: 6298K(6464K)->6298K(6464K) NonClass: 5764K(5824K)->5764K(5824K) Class: 533K(640K)->533K(640K)
[9.838s][info][gc             ] GC(159) Pause Young (Allocation Failure) 1503M->1503M(1710M) 25.014ms
[9.838s][info][gc,cpu         ] GC(159) User=0.03s Sys=0.00s Real=0.02s
[9.850s][info][gc,start       ] GC(160) Pause Young (Allocation Failure)
[9.878s][info][gc,heap        ] GC(160) PSYoungGen: 42048K(108544K)->30816K(42496K) Eden: 11264K(11264K)->0K(11264K) From: 30784K(97280K)->30816K(31232K)
[9.878s][info][gc,heap        ] GC(160) ParOldGen: 1508654K(1642496K)->1520062K(1642496K)
[9.878s][info][gc,metaspace   ] GC(160) Metaspace: 6298K(6464K)->6298K(6464K) NonClass: 5764K(5824K)->5764K(5824K) Class: 533K(640K)->533K(640K)
[9.878s][info][gc             ] GC(160) Pause Young (Allocation Failure) 1514M->1514M(1645M) 28.307ms
[9.878s][info][gc,cpu         ] GC(160) User=0.05s Sys=0.00s Real=0.03s
[9.889s][info][gc,start       ] GC(161) Pause Young (Allocation Failure)
[9.917s][info][gc,heap        ] GC(161) PSYoungGen: 42080K(42496K)->22656K(105984K) Eden: 11264K(11264K)->0K(13312K) From: 30816K(31232K)->22656K(92672K)
[9.918s][info][gc,heap        ] GC(161) ParOldGen: 1520062K(1642496K)->1539734K(1642496K)
[9.918s][info][gc,metaspace   ] GC(161) Metaspace: 6298K(6464K)->6298K(6464K) NonClass: 5764K(5824K)->5764K(5824K) Class: 533K(640K)->533K(640K)
[9.918s][info][gc             ] GC(161) Pause Young (Allocation Failure) 1525M->1525M(1707M) 28.182ms
[9.918s][info][gc,cpu         ] GC(161) User=0.05s Sys=0.00s Real=0.03s
[9.931s][info][gc,start       ] GC(162) Pause Young (Allocation Failure)
[9.959s][info][gc,heap        ] GC(162) PSYoungGen: 35968K(105984K)->13408K(108544K) Eden: 13312K(13312K)->0K(13312K) From: 22656K(92672K)->13408K(95232K)
[9.959s][info][gc,heap        ] GC(162) ParOldGen: 1539734K(1642496K)->1562526K(1642496K)
[9.959s][info][gc,metaspace   ] GC(162) Metaspace: 6298K(6464K)->6298K(6464K) NonClass: 5764K(5824K)->5764K(5824K) Class: 533K(640K)->533K(640K)
[9.959s][info][gc             ] GC(162) Pause Young (Allocation Failure) 1538M->1538M(1710M) 27.586ms
[9.959s][info][gc,cpu         ] GC(162) User=0.05s Sys=0.00s Real=0.03s
[9.972s][info][gc,start       ] GC(163) Pause Young (Allocation Failure)
[9.998s][info][gc,heap        ] GC(163) PSYoungGen: 26720K(108544K)->13376K(105472K) Eden: 13312K(13312K)->0K(15360K) From: 13408K(95232K)->13376K(90112K)
[9.998s][info][gc,heap        ] GC(163) ParOldGen: 1562526K(1642496K)->1576022K(1642496K)
[9.998s][info][gc,metaspace   ] GC(163) Metaspace: 6298K(6464K)->6298K(6464K) NonClass: 5764K(5824K)->5764K(5824K) Class: 533K(640K)->533K(640K)
[9.998s][info][gc             ] GC(163) Pause Young (Allocation Failure) 1551M->1552M(1707M) 25.304ms
[9.998s][info][gc,cpu         ] GC(163) User=0.02s Sys=0.00s Real=0.03s
[10.013s][info][gc,start       ] GC(164) Pause Young (Allocation Failure)
[10.038s][info][gc,heap        ] GC(164) PSYoungGen: 28736K(105472K)->15488K(31232K) Eden: 15360K(15360K)->0K(15360K) From: 13376K(90112K)->15488K(15872K)
[10.038s][info][gc,heap        ] GC(164) ParOldGen: 1576022K(1642496K)->1589518K(1642496K)
[10.038s][info][gc,metaspace   ] GC(164) Metaspace: 6298K(6464K)->6298K(6464K) NonClass: 5764K(5824K)->5764K(5824K) Class: 533K(640K)->533K(640K)
[10.038s][info][gc             ] GC(164) Pause Young (Allocation Failure) 1567M->1567M(1634M) 24.952ms
[10.038s][info][gc,cpu         ] GC(164) User=0.03s Sys=0.00s Real=0.02s
[10.053s][info][gc,start       ] GC(165) Pause Young (Allocation Failure)
[10.079s][info][gc,heap        ] GC(165) PSYoungGen: 30848K(31232K)->15488K(101888K) Eden: 15360K(15360K)->0K(17408K) From: 15488K(15872K)->15488K(84480K)
[10.079s][info][gc,heap        ] GC(165) ParOldGen: 1589518K(1642496K)->1605094K(1642496K)
[10.079s][info][gc,metaspace   ] GC(165) Metaspace: 6298K(6464K)->6298K(6464K) NonClass: 5764K(5824K)->5764K(5824K) Class: 533K(640K)->533K(640K)
[10.079s][info][gc             ] GC(165) Pause Young (Allocation Failure) 1582M->1582M(1703M) 26.373ms
[10.079s][info][gc,cpu         ] GC(165) User=0.03s Sys=0.00s Real=0.03s
[10.096s][info][gc,start       ] GC(166) Pause Young (Allocation Failure)
[10.123s][info][gc,heap        ] GC(166) PSYoungGen: 32896K(101888K)->17472K(35328K) Eden: 17408K(17408K)->0K(17408K) From: 15488K(84480K)->17472K(17920K)
[10.123s][info][gc,heap        ] GC(166) ParOldGen: 1605094K(1642496K)->1620654K(1642496K)
[10.123s][info][gc,metaspace   ] GC(166) Metaspace: 6298K(6464K)->6298K(6464K) NonClass: 5764K(5824K)->5764K(5824K) Class: 533K(640K)->533K(640K)
[10.123s][info][gc             ] GC(166) Pause Young (Allocation Failure) 1599M->1599M(1638M) 26.558ms
[10.123s][info][gc,cpu         ] GC(166) User=0.02s Sys=0.00s Real=0.03s
[10.123s][info][gc,start       ] GC(167) Pause Full (Ergonomics)
[10.123s][info][gc,phases,start] GC(167) Marking Phase
[10.472s][info][gc,phases      ] GC(167) Marking Phase 348.769ms
[10.472s][info][gc,phases,start] GC(167) Summary Phase
[10.472s][info][gc,phases      ] GC(167) Summary Phase 0.047ms
[10.472s][info][gc,phases,start] GC(167) Adjust Roots
[10.472s][info][gc,phases      ] GC(167) Adjust Roots 0.199ms
[10.472s][info][gc,phases,start] GC(167) Compaction Phase
[10.633s][info][gc,phases      ] GC(167) Compaction Phase 160.809ms
[10.633s][info][gc,phases,start] GC(167) Post Compact
[10.636s][info][gc,phases      ] GC(167) Post Compact 2.908ms
[10.636s][info][gc,heap        ] GC(167) PSYoungGen: 17472K(35328K)->0K(103424K) Eden: 0K(17408K)->0K(19968K) From: 17472K(17920K)->0K(83456K)
[10.636s][info][gc,heap        ] GC(167) ParOldGen: 1620654K(1642496K)->1636048K(1792512K)
[10.636s][info][gc,metaspace   ] GC(167) Metaspace: 6298K(6464K)->6298K(6464K) NonClass: 5764K(5824K)->5764K(5824K) Class: 533K(640K)->533K(640K)
[10.636s][info][gc             ] GC(167) Pause Full (Ergonomics) 1599M->1597M(1851M) 513.567ms
[10.636s][info][gc,cpu         ] GC(167) User=3.61s Sys=0.02s Real=0.51s
[10.658s][info][gc,start       ] GC(168) Pause Young (Allocation Failure)
[10.680s][info][gc,heap        ] GC(168) PSYoungGen: 19968K(103424K)->20128K(40448K) Eden: 19968K(19968K)->0K(19968K) From: 0K(83456K)->20128K(20480K)
[10.680s][info][gc,heap        ] GC(168) ParOldGen: 1636048K(1792512K)->1636048K(1792512K)
[10.680s][info][gc,metaspace   ] GC(168) Metaspace: 6298K(6464K)->6298K(6464K) NonClass: 5764K(5824K)->5764K(5824K) Class: 533K(640K)->533K(640K)
[10.680s][info][gc             ] GC(168) Pause Young (Allocation Failure) 1617M->1617M(1790M) 21.884ms
[10.680s][info][gc,cpu         ] GC(168) User=0.05s Sys=0.00s Real=0.02s
[10.699s][info][gc,start       ] GC(169) Pause Young (Allocation Failure)
[10.726s][info][gc,heap        ] GC(169) PSYoungGen: 40096K(40448K)->40096K(100864K) Eden: 19968K(19968K)->0K(22528K) From: 20128K(20480K)->40096K(78336K)
[10.726s][info][gc,heap        ] GC(169) ParOldGen: 1636048K(1792512K)->1636048K(1792512K)
[10.726s][info][gc,metaspace   ] GC(169) Metaspace: 6298K(6464K)->6298K(6464K) NonClass: 5764K(5824K)->5764K(5824K) Class: 533K(640K)->533K(640K)
[10.726s][info][gc             ] GC(169) Pause Young (Allocation Failure) 1636M->1636M(1849M) 26.868ms
[10.726s][info][gc,cpu         ] GC(169) User=0.05s Sys=0.00s Real=0.03s
[10.749s][info][gc,start       ] GC(170) Pause Young (Allocation Failure)
[10.785s][info][gc,heap        ] GC(170) PSYoungGen: 62624K(100864K)->42720K(101376K) Eden: 22528K(22528K)->0K(22528K) From: 40096K(78336K)->42720K(78848K)
[10.785s][info][gc,heap        ] GC(170) ParOldGen: 1636048K(1792512K)->1656296K(1792512K)
[10.786s][info][gc,metaspace   ] GC(170) Metaspace: 6298K(6464K)->6298K(6464K) NonClass: 5764K(5824K)->5764K(5824K) Class: 533K(640K)->533K(640K)
[10.786s][info][gc             ] GC(170) Pause Young (Allocation Failure) 1658M->1659M(1849M) 36.058ms
[10.786s][info][gc,cpu         ] GC(170) User=0.03s Sys=0.00s Real=0.04s
[10.808s][info][gc,start       ] GC(171) Pause Young (Allocation Failure)
[10.843s][info][gc,heap        ] GC(171) PSYoungGen: 65248K(101376K)->45216K(103424K) Eden: 22528K(22528K)->0K(24576K) From: 42720K(78848K)->45216K(78848K)
[10.843s][info][gc,heap        ] GC(171) ParOldGen: 1656296K(1792512K)->1676536K(1792512K)
[10.843s][info][gc,metaspace   ] GC(171) Metaspace: 6298K(6464K)->6298K(6464K) NonClass: 5764K(5824K)->5764K(5824K) Class: 533K(640K)->533K(640K)
[10.843s][info][gc             ] GC(171) Pause Young (Allocation Failure) 1681M->1681M(1851M) 35.325ms
[10.843s][info][gc,cpu         ] GC(171) User=0.12s Sys=0.05s Real=0.04s
[10.870s][info][gc,start       ] GC(172) Pause Young (Allocation Failure)
[10.909s][info][gc,heap        ] GC(172) PSYoungGen: 69792K(103424K)->47296K(103936K) Eden: 24576K(24576K)->0K(24576K) From: 45216K(78848K)->47296K(79360K)
[10.909s][info][gc,heap        ] GC(172) ParOldGen: 1676536K(1792512K)->1699368K(1792512K)
[10.909s][info][gc,metaspace   ] GC(172) Metaspace: 6298K(6464K)->6298K(6464K) NonClass: 5764K(5824K)->5764K(5824K) Class: 533K(640K)->533K(640K)
[10.909s][info][gc             ] GC(172) Pause Young (Allocation Failure) 1705M->1705M(1852M) 38.431ms
[10.909s][info][gc,cpu         ] GC(172) User=0.16s Sys=0.02s Real=0.04s
[10.936s][info][gc,start       ] GC(173) Pause Young (Allocation Failure)
[10.976s][info][gc,heap        ] GC(173) PSYoungGen: 71872K(103936K)->49280K(107008K) Eden: 24576K(24576K)->0K(26624K) From: 47296K(79360K)->49280K(80384K)
[10.976s][info][gc,heap        ] GC(173) ParOldGen: 1699368K(1792512K)->1722200K(1792512K)
[10.976s][info][gc,metaspace   ] GC(173) Metaspace: 6298K(6464K)->6298K(6464K) NonClass: 5764K(5824K)->5764K(5824K) Class: 533K(640K)->533K(640K)
[10.976s][info][gc             ] GC(173) Pause Young (Allocation Failure) 1729M->1729M(1855M) 39.654ms
[10.976s][info][gc,cpu         ] GC(173) User=0.19s Sys=0.00s Real=0.04s
[11.006s][info][gc,start       ] GC(174) Pause Young (Allocation Failure)
[11.046s][info][gc,heap        ] GC(174) PSYoungGen: 75904K(107008K)->51392K(108032K) Eden: 26624K(26624K)->0K(26624K) From: 49280K(80384K)->51392K(81408K)
[11.046s][info][gc,heap        ] GC(174) ParOldGen: 1722200K(1792512K)->1747152K(1792512K)
[11.046s][info][gc,metaspace   ] GC(174) Metaspace: 6298K(6464K)->6298K(6464K) NonClass: 5764K(5824K)->5764K(5824K) Class: 533K(640K)->533K(640K)
[11.046s][info][gc             ] GC(174) Pause Young (Allocation Failure) 1755M->1756M(1856M) 40.363ms
[11.046s][info][gc,cpu         ] GC(174) User=0.17s Sys=0.03s Real=0.04s
[11.076s][info][gc,start       ] GC(175) Pause Young (Allocation Failure)
[11.117s][info][gc,heap        ] GC(175) PSYoungGen: 78016K(108032K)->53440K(111104K) Eden: 26624K(26624K)->0K(28672K) From: 51392K(81408K)->53440K(82432K)
[11.117s][info][gc,heap        ] GC(175) ParOldGen: 1747152K(1792512K)->1772064K(1792512K)
[11.117s][info][gc,metaspace   ] GC(175) Metaspace: 6298K(6464K)->6298K(6464K) NonClass: 5764K(5824K)->5764K(5824K) Class: 533K(640K)->533K(640K)
[11.117s][info][gc             ] GC(175) Pause Young (Allocation Failure) 1782M->1782M(1859M) 41.200ms
[11.117s][info][gc,cpu         ] GC(175) User=0.27s Sys=0.00s Real=0.04s
[11.117s][info][gc,start       ] GC(176) Pause Full (Ergonomics)
[11.117s][info][gc,phases,start] GC(176) Marking Phase
[11.520s][info][gc,phases      ] GC(176) Marking Phase 402.392ms
[11.520s][info][gc,phases,start] GC(176) Summary Phase
[11.520s][info][gc,phases      ] GC(176) Summary Phase 0.041ms
[11.520s][info][gc,phases,start] GC(176) Adjust Roots
[11.520s][info][gc,phases      ] GC(176) Adjust Roots 0.162ms
[11.520s][info][gc,phases,start] GC(176) Compaction Phase
[11.702s][info][gc,phases      ] GC(176) Compaction Phase 181.483ms
[11.702s][info][gc,phases,start] GC(176) Post Compact
[11.706s][info][gc,phases      ] GC(176) Post Compact 4.156ms
[11.707s][info][gc,heap        ] GC(176) PSYoungGen: 53440K(111104K)->30703K(111104K) Eden: 0K(28672K)->0K(28672K) From: 53440K(82432K)->30703K(82432K)
[11.707s][info][gc,heap        ] GC(176) ParOldGen: 1772064K(1792512K)->1792485K(1970176K)
[11.707s][info][gc,metaspace   ] GC(176) Metaspace: 6298K(6464K)->6298K(6464K) NonClass: 5764K(5824K)->5764K(5824K) Class: 533K(640K)->533K(640K)
[11.707s][info][gc             ] GC(176) Pause Full (Ergonomics) 1782M->1780M(2032M) 589.392ms
[11.707s][info][gc,cpu         ] GC(176) User=4.20s Sys=0.06s Real=0.59s
[11.737s][info][gc,start       ] GC(177) Pause Young (Allocation Failure)
[11.838s][info][gc,heap        ] GC(177) PSYoungGen: 59375K(111104K)->44512K(112640K) Eden: 28672K(28672K)->0K(28672K) From: 30703K(82432K)->44512K(83968K)
[11.838s][info][gc,heap        ] GC(177) ParOldGen: 1792485K(1970176K)->1807797K(1970176K)
[11.838s][info][gc,metaspace   ] GC(177) Metaspace: 6298K(6464K)->6298K(6464K) NonClass: 5764K(5824K)->5764K(5824K) Class: 533K(640K)->533K(640K)
[11.838s][info][gc             ] GC(177) Pause Young (Allocation Failure) 1808M->1808M(2034M) 100.644ms
[11.838s][info][gc,cpu         ] GC(177) User=0.61s Sys=0.03s Real=0.10s
[11.869s][info][gc,start       ] GC(178) Pause Young (Allocation Failure)
[11.908s][info][gc,heap        ] GC(178) PSYoungGen: 73184K(112640K)->73280K(105472K) Eden: 28672K(28672K)->0K(23552K) From: 44512K(83968K)->73280K(81920K)
[11.908s][info][gc,heap        ] GC(178) ParOldGen: 1807797K(1970176K)->1807797K(1970176K)
[11.908s][info][gc,metaspace   ] GC(178) Metaspace: 6298K(6464K)->6298K(6464K) NonClass: 5764K(5824K)->5764K(5824K) Class: 533K(640K)->533K(640K)
[11.908s][info][gc             ] GC(178) Pause Young (Allocation Failure) 1836M->1836M(2027M) 39.166ms
[11.908s][info][gc,cpu         ] GC(178) User=0.17s Sys=0.00s Real=0.04s
[11.935s][info][gc,start       ] GC(179) Pause Young (Allocation Failure)
[11.982s][info][gc,heap        ] GC(179) PSYoungGen: 96832K(105472K)->90112K(113664K) Eden: 23552K(23552K)->0K(23552K) From: 73280K(81920K)->90112K(90112K)
[11.982s][info][gc,heap        ] GC(179) ParOldGen: 1807797K(1970176K)->1814421K(1970176K)
[11.982s][info][gc,metaspace   ] GC(179) Metaspace: 6298K(6464K)->6298K(6464K) NonClass: 5764K(5824K)->5764K(5824K) Class: 533K(640K)->533K(640K)
[11.982s][info][gc             ] GC(179) Pause Young (Allocation Failure) 1859M->1859M(2035M) 47.293ms
[11.982s][info][gc,cpu         ] GC(179) User=0.27s Sys=0.00s Real=0.05s
[12.009s][info][gc,start       ] GC(180) Pause Young (Allocation Failure)
[12.065s][info][gc,heap        ] GC(180) PSYoungGen: 113664K(113664K)->72896K(128512K) Eden: 23552K(23552K)->0K(23040K) From: 90112K(90112K)->72896K(105472K)
[12.065s][info][gc,heap        ] GC(180) ParOldGen: 1814421K(1970176K)->1855773K(1970176K)
[12.065s][info][gc,metaspace   ] GC(180) Metaspace: 6298K(6464K)->6298K(6464K) NonClass: 5764K(5824K)->5764K(5824K) Class: 533K(640K)->533K(640K)
[12.065s][info][gc             ] GC(180) Pause Young (Allocation Failure) 1882M->1883M(2049M) 55.725ms
[12.065s][info][gc,cpu         ] GC(180) User=0.33s Sys=0.06s Real=0.06s
[12.089s][info][gc,start       ] GC(181) Pause Young (Allocation Failure)
[12.138s][info][gc,heap        ] GC(181) PSYoungGen: 95936K(128512K)->69920K(132096K) Eden: 23040K(23040K)->0K(23040K) From: 72896K(105472K)->69920K(109056K)
[12.138s][info][gc,heap        ] GC(181) ParOldGen: 1855773K(1970176K)->1882157K(1970176K)
[12.138s][info][gc,metaspace   ] GC(181) Metaspace: 6298K(6464K)->6298K(6464K) NonClass: 5764K(5824K)->5764K(5824K) Class: 533K(640K)->533K(640K)
[12.138s][info][gc             ] GC(181) Pause Young (Allocation Failure) 1905M->1906M(2053M) 49.020ms
[12.138s][info][gc,cpu         ] GC(181) User=0.27s Sys=0.02s Real=0.05s
[12.165s][info][gc,start       ] GC(182) Pause Young (Allocation Failure)
[12.212s][info][gc,heap        ] GC(182) PSYoungGen: 92960K(132096K)->69856K(135168K) Eden: 23040K(23040K)->0K(25088K) From: 69920K(109056K)->69856K(110080K)
[12.212s][info][gc,heap        ] GC(182) ParOldGen: 1882157K(1970176K)->1905653K(1970176K)
[12.212s][info][gc,metaspace   ] GC(182) Metaspace: 6298K(6464K)->6298K(6464K) NonClass: 5764K(5824K)->5764K(5824K) Class: 533K(640K)->533K(640K)
[12.212s][info][gc             ] GC(182) Pause Young (Allocation Failure) 1928M->1929M(2056M) 47.760ms
[12.212s][info][gc,cpu         ] GC(182) User=0.27s Sys=0.00s Real=0.05s
[12.241s][info][gc,start       ] GC(183) Pause Young (Allocation Failure)
[12.293s][info][gc,heap        ] GC(183) PSYoungGen: 94944K(135168K)->48288K(73728K) Eden: 25088K(25088K)->0K(25088K) From: 69856K(110080K)->48288K(48640K)
[12.293s][info][gc,heap        ] GC(183) ParOldGen: 1905653K(1970176K)->1952853K(1970176K)
[12.293s][info][gc,metaspace   ] GC(183) Metaspace: 6298K(6464K)->6298K(6464K) NonClass: 5764K(5824K)->5764K(5824K) Class: 533K(640K)->533K(640K)
[12.293s][info][gc             ] GC(183) Pause Young (Allocation Failure) 1953M->1954M(1996M) 51.307ms
[12.293s][info][gc,cpu         ] GC(183) User=0.23s Sys=0.05s Real=0.05s
[12.293s][info][gc,start       ] GC(184) Pause Full (Ergonomics)
[12.293s][info][gc,phases,start] GC(184) Marking Phase
[12.724s][info][gc,phases      ] GC(184) Marking Phase 431.311ms
[12.724s][info][gc,phases,start] GC(184) Summary Phase
[12.724s][info][gc,phases      ] GC(184) Summary Phase 0.032ms
[12.724s][info][gc,phases,start] GC(184) Adjust Roots
[12.724s][info][gc,phases      ] GC(184) Adjust Roots 0.156ms
[12.724s][info][gc,phases,start] GC(184) Compaction Phase
[12.915s][info][gc,phases      ] GC(184) Compaction Phase 190.686ms
[12.915s][info][gc,phases,start] GC(184) Post Compact
[12.919s][info][gc,phases      ] GC(184) Post Compact 3.838ms
[12.920s][info][gc,heap        ] GC(184) PSYoungGen: 48288K(73728K)->28651K(73728K) Eden: 0K(25088K)->0K(25088K) From: 48288K(48640K)->28651K(48640K)
[12.920s][info][gc,heap        ] GC(184) ParOldGen: 1952853K(1970176K)->1969940K(2176512K)
[12.920s][info][gc,metaspace   ] GC(184) Metaspace: 6298K(6464K)->6298K(6464K) NonClass: 5764K(5824K)->5764K(5824K) Class: 533K(640K)->533K(640K)
[12.920s][info][gc             ] GC(184) Pause Full (Ergonomics) 1954M->1951M(2197M) 627.311ms
[12.920s][info][gc,cpu         ] GC(184) User=4.50s Sys=0.00s Real=0.63s
[12.953s][info][gc,start       ] GC(185) Pause Young (Allocation Failure)
[13.060s][info][gc,heap        ] GC(185) PSYoungGen: 53739K(73728K)->25216K(132096K) Eden: 25088K(25088K)->0K(27648K) From: 28651K(48640K)->25216K(104448K)
[13.060s][info][gc,heap        ] GC(185) ParOldGen: 1969940K(2176512K)->1998964K(2176512K)
[13.060s][info][gc,metaspace   ] GC(185) Metaspace: 6298K(6464K)->6298K(6464K) NonClass: 5764K(5824K)->5764K(5824K) Class: 533K(640K)->533K(640K)
[13.060s][info][gc             ] GC(185) Pause Young (Allocation Failure) 1976M->1976M(2254M) 107.286ms
[13.060s][info][gc,cpu         ] GC(185) User=0.58s Sys=0.05s Real=0.11s
[13.093s][info][gc,start       ] GC(186) Pause Young (Allocation Failure)
[13.129s][info][gc,heap        ] GC(186) PSYoungGen: 52864K(132096K)->27808K(133632K) Eden: 27648K(27648K)->0K(27648K) From: 25216K(104448K)->27808K(105984K)
[13.129s][info][gc,heap        ] GC(186) ParOldGen: 1998964K(2176512K)->2024404K(2176512K)
[13.129s][info][gc,metaspace   ] GC(186) Metaspace: 6298K(6464K)->6298K(6464K) NonClass: 5764K(5824K)->5764K(5824K) Class: 533K(640K)->533K(640K)
[13.129s][info][gc             ] GC(186) Pause Young (Allocation Failure) 2003M->2004M(2256M) 35.186ms
[13.129s][info][gc,cpu         ] GC(186) User=0.11s Sys=0.03s Real=0.04s
[13.158s][info][gc,start       ] GC(187) Pause Young (Allocation Failure)
[13.193s][info][gc,heap        ] GC(187) PSYoungGen: 55456K(133632K)->27840K(131072K) Eden: 27648K(27648K)->0K(30720K) From: 27808K(105984K)->27840K(100352K)
[13.193s][info][gc,heap        ] GC(187) ParOldGen: 2024404K(2176512K)->2052428K(2176512K)
[13.193s][info][gc,metaspace   ] GC(187) Metaspace: 6298K(6464K)->6298K(6464K) NonClass: 5764K(5824K)->5764K(5824K) Class: 533K(640K)->533K(640K)
[13.193s][info][gc             ] GC(187) Pause Young (Allocation Failure) 2031M->2031M(2253M) 34.842ms
[13.193s][info][gc,cpu         ] GC(187) User=0.12s Sys=0.02s Real=0.04s
[13.225s][info][gc,start       ] GC(188) Pause Young (Allocation Failure)
[13.261s][info][gc,heap        ] GC(188) PSYoungGen: 58560K(131072K)->30880K(133120K) Eden: 30720K(30720K)->0K(30720K) From: 27840K(100352K)->30880K(102400K)
[13.261s][info][gc,heap        ] GC(188) ParOldGen: 2052428K(2176512K)->2080428K(2176512K)
[13.261s][info][gc,metaspace   ] GC(188) Metaspace: 6298K(6464K)->6298K(6464K) NonClass: 5764K(5824K)->5764K(5824K) Class: 533K(640K)->533K(640K)
[13.261s][info][gc             ] GC(188) Pause Young (Allocation Failure) 2061M->2061M(2255M) 36.480ms
[13.261s][info][gc,cpu         ] GC(188) User=0.16s Sys=0.00s Real=0.04s
[13.294s][info][gc,start       ] GC(189) Pause Young (Allocation Failure)
[13.330s][info][gc,heap        ] GC(189) PSYoungGen: 61600K(133120K)->30848K(127488K) Eden: 30720K(30720K)->0K(34304K) From: 30880K(102400K)->30848K(93184K)
[13.330s][info][gc,heap        ] GC(189) ParOldGen: 2080428K(2176512K)->2111548K(2176512K)
[13.330s][info][gc,metaspace   ] GC(189) Metaspace: 6298K(6464K)->6298K(6464K) NonClass: 5764K(5824K)->5764K(5824K) Class: 533K(640K)->533K(640K)
[13.331s][info][gc             ] GC(189) Pause Young (Allocation Failure) 2091M->2092M(2250M) 36.824ms
[13.331s][info][gc,cpu         ] GC(189) User=0.22s Sys=0.05s Real=0.04s
[13.367s][info][gc,start       ] GC(190) Pause Young (Allocation Failure)
[13.405s][info][gc,heap        ] GC(190) PSYoungGen: 65152K(127488K)->34464K(130560K) Eden: 34304K(34304K)->0K(34304K) From: 30848K(93184K)->34464K(96256K)
[13.406s][info][gc,heap        ] GC(190) ParOldGen: 2111548K(2176512K)->2142684K(2176512K)
[13.406s][info][gc,metaspace   ] GC(190) Metaspace: 6298K(6464K)->6298K(6464K) NonClass: 5764K(5824K)->5764K(5824K) Class: 533K(640K)->533K(640K)
[13.406s][info][gc             ] GC(190) Pause Young (Allocation Failure) 2125M->2126M(2253M) 38.596ms
[13.406s][info][gc,cpu         ] GC(190) User=0.25s Sys=0.00s Real=0.04s
[13.406s][info][gc,start       ] GC(191) Pause Full (Ergonomics)
[13.406s][info][gc,phases,start] GC(191) Marking Phase
[13.885s][info][gc,phases      ] GC(191) Marking Phase 478.924ms
[13.885s][info][gc,phases,start] GC(191) Summary Phase
[13.885s][info][gc,phases      ] GC(191) Summary Phase 0.070ms
[13.885s][info][gc,phases,start] GC(191) Adjust Roots
[13.885s][info][gc,phases      ] GC(191) Adjust Roots 0.201ms
[13.885s][info][gc,phases,start] GC(191) Compaction Phase
[14.072s][info][gc,phases      ] GC(191) Compaction Phase 187.122ms
[14.072s][info][gc,phases,start] GC(191) Post Compact
[14.076s][info][gc,phases      ] GC(191) Post Compact 4.178ms
[14.077s][info][gc,heap        ] GC(191) PSYoungGen: 34464K(130560K)->0K(131072K) Eden: 0K(34304K)->0K(38400K) From: 34464K(96256K)->0K(92672K)
[14.077s][info][gc,heap        ] GC(191) ParOldGen: 2142684K(2176512K)->2174539K(2396160K)
[14.077s][info][gc,metaspace   ] GC(191) Metaspace: 6298K(6464K)->6298K(6464K) NonClass: 5764K(5824K)->5764K(5824K) Class: 533K(640K)->533K(640K)
[14.077s][info][gc             ] GC(191) Pause Full (Ergonomics) 2126M->2123M(2468M) 671.819ms
[14.077s][info][gc,cpu         ] GC(191) User=4.92s Sys=0.03s Real=0.67s
[14.125s][info][gc,start       ] GC(192) Pause Young (Allocation Failure)
[14.155s][info][gc,heap        ] GC(192) PSYoungGen: 38400K(131072K)->38560K(77312K) Eden: 38400K(38400K)->0K(38400K) From: 0K(92672K)->38560K(38912K)
[14.155s][info][gc,heap        ] GC(192) ParOldGen: 2174539K(2396160K)->2174539K(2396160K)
[14.155s][info][gc,metaspace   ] GC(192) Metaspace: 6298K(6464K)->6298K(6464K) NonClass: 5764K(5824K)->5764K(5824K) Class: 533K(640K)->533K(640K)
[14.155s][info][gc             ] GC(192) Pause Young (Allocation Failure) 2161M->2161M(2415M) 29.898ms
[14.155s][info][gc,cpu         ] GC(192) User=0.05s Sys=0.00s Real=0.03s
[14.205s][info][gc,start       ] GC(193) Pause Young (Allocation Failure)
[14.248s][info][gc,heap        ] GC(193) PSYoungGen: 76960K(77312K)->77024K(121344K) Eden: 38400K(38400K)->0K(33280K) From: 38560K(38912K)->77024K(88064K)
[14.248s][info][gc,heap        ] GC(193) ParOldGen: 2174539K(2396160K)->2174539K(2396160K)
[14.248s][info][gc,metaspace   ] GC(193) Metaspace: 6298K(6464K)->6298K(6464K) NonClass: 5764K(5824K)->5764K(5824K) Class: 533K(640K)->533K(640K)
[14.248s][info][gc             ] GC(193) Pause Young (Allocation Failure) 2198M->2198M(2458M) 42.745ms
[14.248s][info][gc,cpu         ] GC(193) User=0.25s Sys=0.00s Real=0.04s
[14.284s][info][gc,start       ] GC(194) Pause Young (Allocation Failure)
[14.340s][info][gc,heap        ] GC(194) PSYoungGen: 110304K(121344K)->96768K(130048K) Eden: 33280K(33280K)->0K(33280K) From: 77024K(88064K)->96768K(96768K)
[14.340s][info][gc,heap        ] GC(194) ParOldGen: 2174539K(2396160K)->2188147K(2396160K)
[14.340s][info][gc,metaspace   ] GC(194) Metaspace: 6298K(6464K)->6298K(6464K) NonClass: 5764K(5824K)->5764K(5824K) Class: 533K(640K)->533K(640K)
[14.340s][info][gc             ] GC(194) Pause Young (Allocation Failure) 2231M->2231M(2467M) 56.024ms
[14.340s][info][gc,cpu         ] GC(194) User=0.38s Sys=0.00s Real=0.06s
[14.381s][info][gc,start       ] GC(195) Pause Young (Allocation Failure)
[14.446s][info][gc,heap        ] GC(195) PSYoungGen: 130048K(130048K)->63040K(147968K) Eden: 33280K(33280K)->0K(36864K) From: 96768K(96768K)->63040K(111104K)
[14.446s][info][gc,heap        ] GC(195) ParOldGen: 2188147K(2396160K)->2256203K(2396160K)
[14.446s][info][gc,metaspace   ] GC(195) Metaspace: 6298K(6464K)->6298K(6464K) NonClass: 5764K(5824K)->5764K(5824K) Class: 533K(640K)->533K(640K)
[14.446s][info][gc             ] GC(195) Pause Young (Allocation Failure) 2263M->2264M(2484M) 65.336ms
[14.446s][info][gc,cpu         ] GC(195) User=0.30s Sys=0.09s Real=0.07s
[14.487s][info][gc,start       ] GC(196) Pause Young (Allocation Failure)
[14.539s][info][gc,heap        ] GC(196) PSYoungGen: 99904K(147968K)->70368K(150016K) Eden: 36864K(36864K)->0K(36864K) From: 63040K(111104K)->70368K(113152K)
[14.539s][info][gc,heap        ] GC(196) ParOldGen: 2256203K(2396160K)->2286011K(2396160K)
[14.539s][info][gc,metaspace   ] GC(196) Metaspace: 6298K(6464K)->6298K(6464K) NonClass: 5764K(5824K)->5764K(5824K) Class: 533K(640K)->533K(640K)
[14.539s][info][gc             ] GC(196) Pause Young (Allocation Failure) 2300M->2301M(2486M) 52.078ms
[14.539s][info][gc,cpu         ] GC(196) User=0.28s Sys=0.00s Real=0.05s
[14.581s][info][gc,start       ] GC(197) Pause Young (Allocation Failure)
[14.637s][info][gc,heap        ] GC(197) PSYoungGen: 107232K(150016K)->73952K(153600K) Eden: 36864K(36864K)->0K(39936K) From: 70368K(113152K)->73952K(113664K)
[14.637s][info][gc,heap        ] GC(197) ParOldGen: 2286011K(2396160K)->2319595K(2396160K)
[14.637s][info][gc,metaspace   ] GC(197) Metaspace: 6298K(6464K)->6298K(6464K) NonClass: 5764K(5824K)->5764K(5824K) Class: 533K(640K)->533K(640K)
[14.637s][info][gc             ] GC(197) Pause Young (Allocation Failure) 2337M->2337M(2490M) 56.193ms
[14.637s][info][gc,cpu         ] GC(197) User=0.36s Sys=0.02s Real=0.06s
[14.685s][info][gc,start       ] GC(198) Pause Young (Allocation Failure)
[14.745s][info][gc,heap        ] GC(198) PSYoungGen: 113888K(153600K)->77024K(154624K) Eden: 39936K(39936K)->0K(39936K) From: 73952K(113664K)->77024K(114688K)
[14.745s][info][gc,heap        ] GC(198) ParOldGen: 2319595K(2396160K)->2356787K(2396160K)
[14.745s][info][gc,metaspace   ] GC(198) Metaspace: 6298K(6464K)->6298K(6464K) NonClass: 5764K(5824K)->5764K(5824K) Class: 533K(640K)->533K(640K)
[14.745s][info][gc             ] GC(198) Pause Young (Allocation Failure) 2376M->2376M(2491M) 59.264ms
[14.745s][info][gc,cpu         ] GC(198) User=0.38s Sys=0.02s Real=0.06s
[14.745s][info][gc,start       ] GC(199) Pause Full (Ergonomics)
[14.745s][info][gc,phases,start] GC(199) Marking Phase
[15.290s][info][gc,phases      ] GC(199) Marking Phase 545.495ms
[15.290s][info][gc,phases,start] GC(199) Summary Phase
[15.290s][info][gc,phases      ] GC(199) Summary Phase 0.043ms
[15.290s][info][gc,phases,start] GC(199) Adjust Roots
[15.291s][info][gc,phases      ] GC(199) Adjust Roots 0.155ms
[15.291s][info][gc,phases,start] GC(199) Compaction Phase
[15.508s][info][gc,phases      ] GC(199) Compaction Phase 217.213ms
[15.508s][info][gc,phases,start] GC(199) Post Compact
[15.513s][info][gc,phases      ] GC(199) Post Compact 4.615ms
[15.513s][info][gc,heap        ] GC(199) PSYoungGen: 77024K(154624K)->35333K(154624K) Eden: 0K(39936K)->0K(39936K) From: 77024K(114688K)->35333K(114688K)
[15.513s][info][gc,heap        ] GC(199) ParOldGen: 2356787K(2396160K)->2395999K(2646528K)
[15.513s][info][gc,metaspace   ] GC(199) Metaspace: 6298K(6464K)->6298K(6464K) NonClass: 5764K(5824K)->5764K(5824K) Class: 533K(640K)->533K(640K)
[15.514s][info][gc             ] GC(199) Pause Full (Ergonomics) 2376M->2374M(2735M) 768.713ms
[15.514s][info][gc,cpu         ] GC(199) User=5.73s Sys=0.06s Real=0.77s
[15.560s][info][gc,start       ] GC(200) Pause Young (Allocation Failure)
[15.704s][info][gc,heap        ] GC(200) PSYoungGen: 75269K(154624K)->57984K(148992K) Eden: 39936K(39936K)->0K(44032K) From: 35333K(114688K)->57984K(104960K)
[15.704s][info][gc,heap        ] GC(200) ParOldGen: 2395999K(2646528K)->2413647K(2646528K)
[15.704s][info][gc,metaspace   ] GC(200) Metaspace: 6298K(6464K)->6298K(6464K) NonClass: 5764K(5824K)->5764K(5824K) Class: 533K(640K)->533K(640K)
[15.704s][info][gc             ] GC(200) Pause Young (Allocation Failure) 2413M->2413M(2730M) 143.321ms
[15.704s][info][gc,cpu         ] GC(200) User=1.02s Sys=0.00s Real=0.14s
[15.757s][info][gc,start       ] GC(201) Pause Young (Allocation Failure)
[15.812s][info][gc,heap        ] GC(201) PSYoungGen: 102016K(148992K)->102112K(155136K) Eden: 44032K(44032K)->0K(44032K) From: 57984K(104960K)->102112K(111104K)
[15.812s][info][gc,heap        ] GC(201) ParOldGen: 2413647K(2646528K)->2413647K(2646528K)
[15.812s][info][gc,metaspace   ] GC(201) Metaspace: 6298K(6464K)->6298K(6464K) NonClass: 5764K(5824K)->5764K(5824K) Class: 533K(640K)->533K(640K)
[15.812s][info][gc             ] GC(201) Pause Young (Allocation Failure) 2456M->2456M(2736M) 55.972ms
[15.813s][info][gc,cpu         ] GC(201) User=0.38s Sys=0.00s Real=0.06s
[15.863s][info][gc,start       ] GC(202) Pause Young (Allocation Failure)
[15.946s][info][gc,heap        ] GC(202) PSYoungGen: 146144K(155136K)->121856K(145408K) Eden: 44032K(44032K)->0K(23552K) From: 102112K(111104K)->121856K(121856K)
[15.946s][info][gc,heap        ] GC(202) ParOldGen: 2413647K(2646528K)->2438111K(2646528K)
[15.946s][info][gc,metaspace   ] GC(202) Metaspace: 6298K(6464K)->6298K(6464K) NonClass: 5764K(5824K)->5764K(5824K) Class: 533K(640K)->533K(640K)
[15.946s][info][gc             ] GC(202) Pause Young (Allocation Failure) 2499M->2499M(2726M) 83.470ms
[15.946s][info][gc,cpu         ] GC(202) User=0.50s Sys=0.02s Real=0.08s
[15.974s][info][gc,start       ] GC(203) Pause Young (Allocation Failure)
[16.050s][info][gc,heap        ] GC(203) PSYoungGen: 145408K(145408K)->100992K(170496K) Eden: 23552K(23552K)->0K(23552K) From: 121856K(121856K)->100992K(146944K)
[16.050s][info][gc,heap        ] GC(203) ParOldGen: 2438111K(2646528K)->2482975K(2646528K)
[16.050s][info][gc,metaspace   ] GC(203) Metaspace: 6298K(6464K)->6298K(6464K) NonClass: 5764K(5824K)->5764K(5824K) Class: 533K(640K)->533K(640K)
[16.050s][info][gc             ] GC(203) Pause Young (Allocation Failure) 2522M->2523M(2751M) 76.141ms
[16.050s][info][gc,cpu         ] GC(203) User=0.52s Sys=0.00s Real=0.08s
[16.078s][info][gc,start       ] GC(204) Pause Young (Allocation Failure)
[16.142s][info][gc,heap        ] GC(204) PSYoungGen: 124544K(170496K)->85312K(169472K) Eden: 23552K(23552K)->0K(26624K) From: 100992K(146944K)->85312K(142848K)
[16.142s][info][gc,heap        ] GC(204) ParOldGen: 2482975K(2646528K)->2522623K(2646528K)
[16.142s][info][gc,metaspace   ] GC(204) Metaspace: 6298K(6464K)->6298K(6464K) NonClass: 5764K(5824K)->5764K(5824K) Class: 533K(640K)->533K(640K)
[16.142s][info][gc             ] GC(204) Pause Young (Allocation Failure) 2546M->2546M(2750M) 64.048ms
[16.142s][info][gc,cpu         ] GC(204) User=0.36s Sys=0.02s Real=0.06s
[16.175s][info][gc,start       ] GC(205) Pause Young (Allocation Failure)
[16.234s][info][gc,heap        ] GC(205) PSYoungGen: 111936K(169472K)->73888K(100864K) Eden: 26624K(26624K)->0K(26624K) From: 85312K(142848K)->73888K(74240K)
[16.234s][info][gc,heap        ] GC(205) ParOldGen: 2522623K(2646528K)->2560919K(2646528K)
[16.234s][info][gc,metaspace   ] GC(205) Metaspace: 6298K(6464K)->6298K(6464K) NonClass: 5764K(5824K)->5764K(5824K) Class: 533K(640K)->533K(640K)
[16.234s][info][gc             ] GC(205) Pause Young (Allocation Failure) 2572M->2573M(2683M) 59.268ms
[16.234s][info][gc,cpu         ] GC(205) User=0.38s Sys=0.02s Real=0.06s
[16.268s][info][gc,start       ] GC(206) Pause Young (Allocation Failure)
[16.323s][info][gc,heap        ] GC(206) PSYoungGen: 100512K(100864K)->53376K(164864K) Eden: 26624K(26624K)->0K(30208K) From: 73888K(74240K)->53376K(134656K)
[16.323s][info][gc,heap        ] GC(206) ParOldGen: 2560919K(2646528K)->2608423K(2646528K)
[16.323s][info][gc,metaspace   ] GC(206) Metaspace: 6298K(6464K)->6298K(6464K) NonClass: 5764K(5824K)->5764K(5824K) Class: 533K(640K)->533K(640K)
[16.323s][info][gc             ] GC(206) Pause Young (Allocation Failure) 2599M->2599M(2745M) 54.916ms
[16.323s][info][gc,cpu         ] GC(206) User=0.36s Sys=0.02s Real=0.06s
[16.323s][info][gc,start       ] GC(207) Pause Full (Ergonomics)
[16.323s][info][gc,phases,start] GC(207) Marking Phase
[16.937s][info][gc,phases      ] GC(207) Marking Phase 613.576ms
[16.937s][info][gc,phases,start] GC(207) Summary Phase
[16.937s][info][gc,phases      ] GC(207) Summary Phase 0.044ms
[16.937s][info][gc,phases,start] GC(207) Adjust Roots
[16.937s][info][gc,phases      ] GC(207) Adjust Roots 0.159ms
[16.937s][info][gc,phases,start] GC(207) Compaction Phase
[17.155s][info][gc,phases      ] GC(207) Compaction Phase 218.299ms
[17.155s][info][gc,phases,start] GC(207) Post Compact
[17.160s][info][gc,phases      ] GC(207) Post Compact 4.555ms
[17.161s][info][gc,heap        ] GC(207) PSYoungGen: 53376K(164864K)->13326K(167424K) Eden: 0K(30208K)->0K(32768K) From: 53376K(134656K)->13326K(134656K)
[17.161s][info][gc,heap        ] GC(207) ParOldGen: 2608423K(2646528K)->2646144K(2923008K)
[17.161s][info][gc,metaspace   ] GC(207) Metaspace: 6298K(6464K)->6298K(6464K) NonClass: 5764K(5824K)->5764K(5824K) Class: 533K(640K)->533K(640K)
[17.161s][info][gc             ] GC(207) Pause Full (Ergonomics) 2599M->2597M(3018M) 837.870ms
[17.161s][info][gc,cpu         ] GC(207) User=6.28s Sys=0.03s Real=0.84s
[17.203s][info][gc,start       ] GC(208) Pause Young (Allocation Failure)
[17.341s][info][gc,heap        ] GC(208) PSYoungGen: 46094K(167424K)->32896K(169984K) Eden: 32768K(32768K)->0K(32768K) From: 13326K(134656K)->32896K(137216K)
[17.341s][info][gc,heap        ] GC(208) ParOldGen: 2646144K(2923008K)->2659632K(2923008K)
[17.341s][info][gc,metaspace   ] GC(208) Metaspace: 6298K(6464K)->6298K(6464K) NonClass: 5764K(5824K)->5764K(5824K) Class: 533K(640K)->533K(640K)
[17.341s][info][gc             ] GC(208) Pause Young (Allocation Failure) 2629M->2629M(3020M) 137.968ms
[17.341s][info][gc,cpu         ] GC(208) User=0.77s Sys=0.00s Real=0.14s
[17.380s][info][gc,start       ] GC(209) Pause Young (Allocation Failure)
[17.422s][info][gc,heap        ] GC(209) PSYoungGen: 65664K(169984K)->32896K(172032K) Eden: 32768K(32768K)->0K(36352K) From: 32896K(137216K)->32896K(135680K)
[17.422s][info][gc,heap        ] GC(209) ParOldGen: 2659632K(2923008K)->2692688K(2923008K)
[17.422s][info][gc,metaspace   ] GC(209) Metaspace: 6298K(6464K)->6298K(6464K) NonClass: 5764K(5824K)->5764K(5824K) Class: 533K(640K)->533K(640K)
[17.422s][info][gc             ] GC(209) Pause Young (Allocation Failure) 2661M->2661M(3022M) 41.679ms
[17.422s][info][gc,cpu         ] GC(209) User=0.22s Sys=0.03s Real=0.04s
[17.469s][info][gc,start       ] GC(210) Pause Young (Allocation Failure)
[17.515s][info][gc,heap        ] GC(210) PSYoungGen: 69248K(172032K)->36544K(173056K) Eden: 36352K(36352K)->0K(36352K) From: 32896K(135680K)->36544K(136704K)
[17.515s][info][gc,heap        ] GC(210) ParOldGen: 2692688K(2923008K)->2725752K(2923008K)
[17.515s][info][gc,metaspace   ] GC(210) Metaspace: 6298K(6464K)->6298K(6464K) NonClass: 5764K(5824K)->5764K(5824K) Class: 533K(640K)->533K(640K)
[17.515s][info][gc             ] GC(210) Pause Young (Allocation Failure) 2697M->2697M(3023M) 46.427ms
[17.515s][info][gc,cpu         ] GC(210) User=0.23s Sys=0.03s Real=0.05s
[17.556s][info][gc,start       ] GC(211) Pause Young (Allocation Failure)
[17.600s][info][gc,heap        ] GC(211) PSYoungGen: 72896K(173056K)->36512K(169984K) Eden: 36352K(36352K)->0K(40448K) From: 36544K(136704K)->36512K(129536K)
[17.600s][info][gc,heap        ] GC(211) ParOldGen: 2725752K(2923008K)->2762432K(2923008K)
[17.600s][info][gc,metaspace   ] GC(211) Metaspace: 6298K(6464K)->6298K(6464K) NonClass: 5764K(5824K)->5764K(5824K) Class: 533K(640K)->533K(640K)
[17.600s][info][gc             ] GC(211) Pause Young (Allocation Failure) 2733M->2733M(3020M) 43.749ms
[17.600s][info][gc,cpu         ] GC(211) User=0.27s Sys=0.00s Real=0.04s
[17.649s][info][gc,start       ] GC(212) Pause Young (Allocation Failure)
[17.695s][info][gc,heap        ] GC(212) PSYoungGen: 76960K(169984K)->40608K(172544K) Eden: 40448K(40448K)->0K(40448K) From: 36512K(129536K)->40608K(132096K)
[17.695s][info][gc,heap        ] GC(212) ParOldGen: 2762432K(2923008K)->2799104K(2923008K)
[17.695s][info][gc,metaspace   ] GC(212) Metaspace: 6298K(6464K)->6298K(6464K) NonClass: 5764K(5824K)->5764K(5824K) Class: 533K(640K)->533K(640K)
[17.695s][info][gc             ] GC(212) Pause Young (Allocation Failure) 2772M->2773M(3023M) 46.561ms
[17.695s][info][gc,cpu         ] GC(212) User=0.25s Sys=0.00s Real=0.05s
[18.268s][info][gc,start       ] GC(213) Pause Young (Allocation Failure)
[18.382s][info][gc,heap        ] GC(213) PSYoungGen: 81056K(172544K)->40608K(163328K) Eden: 40448K(40448K)->0K(44032K) From: 40608K(132096K)->40608K(119296K)
[18.382s][info][gc,heap        ] GC(213) ParOldGen: 2930176K(3054592K)->2971000K(3054592K)
[18.382s][info][gc,metaspace   ] GC(213) Metaspace: 6298K(6464K)->6298K(6464K) NonClass: 5764K(5824K)->5764K(5824K) Class: 533K(640K)->533K(640K)
[18.382s][info][gc             ] GC(213) Pause Young (Allocation Failure) 2940M->2941M(3142M) 114.693ms
[18.382s][info][gc,cpu         ] GC(213) User=0.53s Sys=0.03s Real=0.12s
[18.429s][info][gc,start       ] GC(214) Pause Young (Allocation Failure)
[18.487s][info][gc,heap        ] GC(214) PSYoungGen: 84640K(163328K)->84672K(167936K) Eden: 44032K(44032K)->0K(44032K) From: 40608K(119296K)->84672K(123904K)
[18.487s][info][gc,heap        ] GC(214) ParOldGen: 2971000K(3054592K)->2971000K(3054592K)
[18.487s][info][gc,metaspace   ] GC(214) Metaspace: 6298K(6464K)->6298K(6464K) NonClass: 5764K(5824K)->5764K(5824K) Class: 533K(640K)->533K(640K)
[18.487s][info][gc             ] GC(214) Pause Young (Allocation Failure) 2984M->2984M(3147M) 57.533ms
[18.487s][info][gc,cpu         ] GC(214) User=0.22s Sys=0.00s Real=0.06s
[18.531s][info][gc,start       ] GC(215) Pause Young (Allocation Failure)
[18.601s][info][gc,heap        ] GC(215) PSYoungGen: 128704K(167936K)->128000K(157696K) Eden: 44032K(44032K)->0K(29696K) From: 84672K(123904K)->128000K(128000K)
[18.601s][info][gc,heap        ] GC(215) ParOldGen: 2971000K(3054592K)->2971728K(3054592K)
[18.601s][info][gc,metaspace   ] GC(215) Metaspace: 6298K(6464K)->6298K(6464K) NonClass: 5764K(5824K)->5764K(5824K) Class: 533K(640K)->533K(640K)
[18.601s][info][gc             ] GC(215) Pause Young (Allocation Failure) 3027M->3027M(3137M) 70.072ms
[18.601s][info][gc,cpu         ] GC(215) User=0.28s Sys=0.00s Real=0.07s
[18.632s][info][gc,start       ] GC(216) Pause Young (Allocation Failure)
[18.715s][info][gc,heap        ] GC(216) PSYoungGen: 157696K(157696K)->73248K(103424K) Eden: 29696K(29696K)->0K(29696K) From: 128000K(128000K)->73248K(73728K)
[18.715s][info][gc,heap        ] GC(216) ParOldGen: 2971728K(3054592K)->3056952K(3057152K)
[18.715s][info][gc,metaspace   ] GC(216) Metaspace: 6298K(6464K)->6298K(6464K) NonClass: 5764K(5824K)->5764K(5824K) Class: 533K(640K)->533K(640K)
[18.715s][info][gc             ] GC(216) Pause Young (Allocation Failure) 3056M->3056M(3086M) 83.183ms
[18.715s][info][gc,cpu         ] GC(216) User=0.39s Sys=0.09s Real=0.08s
[18.715s][info][gc,start       ] GC(217) Pause Full (Ergonomics)
[18.715s][info][gc,phases,start] GC(217) Marking Phase
[19.406s][info][gc,phases      ] GC(217) Marking Phase 691.040ms
[19.406s][info][gc,phases,start] GC(217) Summary Phase
[19.406s][info][gc,phases      ] GC(217) Summary Phase 0.041ms
[19.406s][info][gc,phases,start] GC(217) Adjust Roots
[19.406s][info][gc,phases      ] GC(217) Adjust Roots 0.175ms
[19.406s][info][gc,phases,start] GC(217) Compaction Phase
[19.909s][info][gc,phases      ] GC(217) Compaction Phase 502.566ms
[19.909s][info][gc,phases,start] GC(217) Post Compact
[19.916s][info][gc,phases      ] GC(217) Post Compact 6.791ms
[19.917s][info][gc,heap        ] GC(217) PSYoungGen: 73248K(103424K)->4530K(103424K) Eden: 0K(29696K)->0K(29696K) From: 73248K(73728K)->4530K(73728K)
[19.917s][info][gc,heap        ] GC(217) ParOldGen: 3056952K(3057152K)->3057090K(3369984K)
[19.917s][info][gc,metaspace   ] GC(217) Metaspace: 6298K(6464K)->6298K(6464K) NonClass: 5764K(5824K)->5764K(5824K) Class: 533K(640K)->533K(640K)
[19.917s][info][gc             ] GC(217) Pause Full (Ergonomics) 3056M->2989M(3392M) 1202.305ms
[19.917s][info][gc,cpu         ] GC(217) User=8.36s Sys=0.00s Real=1.20s
[19.946s][info][gc,start       ] GC(218) Pause Young (Allocation Failure)
[20.096s][info][gc,heap        ] GC(218) PSYoungGen: 34226K(103424K)->31968K(170496K) Eden: 29696K(29696K)->0K(32768K) From: 4530K(73728K)->31968K(137728K)
[20.096s][info][gc,heap        ] GC(218) ParOldGen: 3057090K(3369984K)->3059618K(3369984K)
[20.096s][info][gc,metaspace   ] GC(218) Metaspace: 6298K(6464K)->6298K(6464K) NonClass: 5764K(5824K)->5764K(5824K) Class: 533K(640K)->533K(640K)
[20.096s][info][gc             ] GC(218) Pause Young (Allocation Failure) 3018M->3019M(3457M) 150.254ms
[20.096s][info][gc,cpu         ] GC(218) User=0.91s Sys=0.00s Real=0.15s
[20.130s][info][gc,start       ] GC(219) Pause Young (Allocation Failure)
[20.180s][info][gc,heap        ] GC(219) PSYoungGen: 64736K(170496K)->64704K(97792K) Eden: 32768K(32768K)->0K(32768K) From: 31968K(137728K)->64704K(65024K)
[20.180s][info][gc,heap        ] GC(219) ParOldGen: 3059618K(3369984K)->3059618K(3369984K)
[20.180s][info][gc,metaspace   ] GC(219) Metaspace: 6298K(6464K)->6298K(6464K) NonClass: 5764K(5824K)->5764K(5824K) Class: 533K(640K)->533K(640K)
[20.180s][info][gc             ] GC(219) Pause Young (Allocation Failure) 3051M->3051M(3386M) 50.496ms
[20.180s][info][gc,cpu         ] GC(219) User=0.11s Sys=0.00s Real=0.05s
[20.211s][info][gc,start       ] GC(220) Pause Young (Allocation Failure)
[20.270s][info][gc,heap        ] GC(220) PSYoungGen: 97472K(97792K)->95520K(163840K) Eden: 32768K(32768K)->0K(31232K) From: 64704K(65024K)->95520K(132608K)
[20.270s][info][gc,heap        ] GC(220) ParOldGen: 3059618K(3369984K)->3061730K(3369984K)
[20.270s][info][gc,metaspace   ] GC(220) Metaspace: 6298K(6464K)->6298K(6464K) NonClass: 5764K(5824K)->5764K(5824K) Class: 533K(640K)->533K(640K)
[20.270s][info][gc             ] GC(220) Pause Young (Allocation Failure) 3083M->3083M(3451M) 58.749ms
[20.270s][info][gc,cpu         ] GC(220) User=0.19s Sys=0.00s Real=0.06s
[20.305s][info][gc,start       ] GC(221) Pause Young (Allocation Failure)
[20.375s][info][gc,heap        ] GC(221) PSYoungGen: 126752K(163840K)->96960K(168960K) Eden: 31232K(31232K)->0K(31232K) From: 95520K(132608K)->96960K(137728K)
[20.375s][info][gc,heap        ] GC(221) ParOldGen: 3061730K(3369984K)->3091690K(3369984K)
[20.375s][info][gc,metaspace   ] GC(221) Metaspace: 6298K(6464K)->6298K(6464K) NonClass: 5764K(5824K)->5764K(5824K) Class: 533K(640K)->533K(640K)
[20.375s][info][gc             ] GC(221) Pause Young (Allocation Failure) 3113M->3113M(3456M) 69.933ms
[20.375s][info][gc,cpu         ] GC(221) User=0.31s Sys=0.02s Real=0.07s
[20.412s][info][gc,start       ] GC(222) Pause Young (Allocation Failure)
[20.482s][info][gc,heap        ] GC(222) PSYoungGen: 128192K(168960K)->95456K(174592K) Eden: 31232K(31232K)->0K(32768K) From: 96960K(137728K)->95456K(141824K)
[20.482s][info][gc,heap        ] GC(222) ParOldGen: 3091690K(3369984K)->3124754K(3369984K)
[20.482s][info][gc,metaspace   ] GC(222) Metaspace: 6298K(6464K)->6298K(6464K) NonClass: 5764K(5824K)->5764K(5824K) Class: 533K(640K)->533K(640K)
[20.482s][info][gc             ] GC(222) Pause Young (Allocation Failure) 3144M->3144M(3461M) 70.521ms
[20.482s][info][gc,cpu         ] GC(222) User=0.31s Sys=0.05s Real=0.07s
[20.520s][info][gc,start       ] GC(223) Pause Young (Allocation Failure)
[20.591s][info][gc,heap        ] GC(223) PSYoungGen: 128224K(174592K)->64192K(97280K) Eden: 32768K(32768K)->0K(32768K) From: 95456K(141824K)->64192K(64512K)
[20.591s][info][gc,heap        ] GC(223) ParOldGen: 3124754K(3369984K)->3189306K(3369984K)
[20.591s][info][gc,metaspace   ] GC(223) Metaspace: 6298K(6464K)->6298K(6464K) NonClass: 5764K(5824K)->5764K(5824K) Class: 533K(640K)->533K(640K)
[20.591s][info][gc             ] GC(223) Pause Young (Allocation Failure) 3176M->3177M(3386M) 71.642ms
[20.591s][info][gc,cpu         ] GC(223) User=0.27s Sys=0.05s Real=0.07s
[20.625s][info][gc,start       ] GC(224) Pause Young (Allocation Failure)
[20.685s][info][gc,heap        ] GC(224) PSYoungGen: 96960K(97280K)->32896K(175104K) Eden: 32768K(32768K)->0K(36864K) From: 64192K(64512K)->32896K(138240K)
[20.685s][info][gc,heap        ] GC(224) ParOldGen: 3189306K(3369984K)->3253866K(3369984K)
[20.685s][info][gc,metaspace   ] GC(224) Metaspace: 6298K(6464K)->6298K(6464K) NonClass: 5764K(5824K)->5764K(5824K) Class: 533K(640K)->533K(640K)
[20.685s][info][gc             ] GC(224) Pause Young (Allocation Failure) 3209M->3209M(3462M) 59.288ms
[20.685s][info][gc,cpu         ] GC(224) User=0.19s Sys=0.00s Real=0.06s
[20.722s][info][gc,start       ] GC(225) Pause Young (Allocation Failure)
[20.775s][info][gc,heap        ] GC(225) PSYoungGen: 69760K(175104K)->37088K(175104K) Eden: 36864K(36864K)->0K(36864K) From: 32896K(138240K)->37088K(138240K)
[20.775s][info][gc,heap        ] GC(225) ParOldGen: 3253866K(3369984K)->3286922K(3369984K)
[20.775s][info][gc,metaspace   ] GC(225) Metaspace: 6298K(6464K)->6298K(6464K) NonClass: 5764K(5824K)->5764K(5824K) Class: 533K(640K)->533K(640K)
[20.775s][info][gc             ] GC(225) Pause Young (Allocation Failure) 3245M->3246M(3462M) 53.326ms
[20.775s][info][gc,cpu         ] GC(225) User=0.23s Sys=0.02s Real=0.05s
[20.813s][info][gc,start       ] GC(226) Pause Young (Allocation Failure)
[20.875s][info][gc,heap        ] GC(226) PSYoungGen: 73952K(175104K)->37024K(174080K) Eden: 36864K(36864K)->0K(41984K) From: 37088K(138240K)->37024K(132096K)
[20.875s][info][gc,heap        ] GC(226) ParOldGen: 3286922K(3369984K)->3324114K(3369984K)
[20.875s][info][gc,metaspace   ] GC(226) Metaspace: 6298K(6464K)->6298K(6464K) NonClass: 5764K(5824K)->5764K(5824K) Class: 533K(640K)->533K(640K)
[20.875s][info][gc             ] GC(226) Pause Young (Allocation Failure) 3282M->3282M(3461M) 62.207ms
[20.875s][info][gc,cpu         ] GC(226) User=0.16s Sys=0.00s Real=0.06s
[20.875s][info][gc,start       ] GC(227) Pause Full (Ergonomics)
[20.875s][info][gc,phases,start] GC(227) Marking Phase
[21.634s][info][gc,phases      ] GC(227) Marking Phase 758.995ms
[21.634s][info][gc,phases,start] GC(227) Summary Phase
[21.634s][info][gc,phases      ] GC(227) Summary Phase 0.089ms
[21.634s][info][gc,phases,start] GC(227) Adjust Roots
[21.635s][info][gc,phases      ] GC(227) Adjust Roots 0.262ms
[21.635s][info][gc,phases,start] GC(227) Compaction Phase
[21.965s][info][gc,phases      ] GC(227) Compaction Phase 330.599ms
[21.965s][info][gc,phases,start] GC(227) Post Compact
[21.972s][info][gc,phases      ] GC(227) Post Compact 6.196ms
[21.973s][info][gc,heap        ] GC(227) PSYoungGen: 37024K(174080K)->0K(176128K) Eden: 0K(41984K)->0K(41984K) From: 37024K(132096K)->0K(134144K)
[21.973s][info][gc,heap        ] GC(227) ParOldGen: 3324114K(3369984K)->3358297K(3698176K)
[21.973s][info][gc,metaspace   ] GC(227) Metaspace: 6298K(6464K)->6298K(6464K) NonClass: 5764K(5824K)->5764K(5824K) Class: 533K(640K)->533K(640K)
[21.973s][info][gc             ] GC(227) Pause Full (Ergonomics) 3282M->3279M(3783M) 1097.740ms
[21.973s][info][gc,cpu         ] GC(227) User=7.95s Sys=0.03s Real=1.10s
[22.019s][info][gc,start       ] GC(228) Pause Young (Allocation Failure)
[22.062s][info][gc,heap        ] GC(228) PSYoungGen: 41984K(176128K)->42176K(171520K) Eden: 41984K(41984K)->0K(46592K) From: 0K(134144K)->42176K(124928K)
[22.062s][info][gc,heap        ] GC(228) ParOldGen: 3358297K(3698176K)->3358297K(3698176K)
[22.062s][info][gc,metaspace   ] GC(228) Metaspace: 6298K(6464K)->6298K(6464K) NonClass: 5764K(5824K)->5764K(5824K) Class: 533K(640K)->533K(640K)
[22.062s][info][gc             ] GC(228) Pause Young (Allocation Failure) 3320M->3320M(3779M) 43.751ms
[22.062s][info][gc,cpu         ] GC(228) User=0.09s Sys=0.00s Real=0.04s
[22.111s][info][gc,start       ] GC(229) Pause Young (Allocation Failure)
[22.169s][info][gc,heap        ] GC(229) PSYoungGen: 88768K(171520K)->88864K(176640K) Eden: 46592K(46592K)->0K(46592K) From: 42176K(124928K)->88864K(130048K)
[22.169s][info][gc,heap        ] GC(229) ParOldGen: 3358297K(3698176K)->3358297K(3698176K)
[22.169s][info][gc,metaspace   ] GC(229) Metaspace: 6298K(6464K)->6298K(6464K) NonClass: 5764K(5824K)->5764K(5824K) Class: 533K(640K)->533K(640K)
[22.169s][info][gc             ] GC(229) Pause Young (Allocation Failure) 3366M->3366M(3784M) 57.440ms
[22.169s][info][gc,cpu         ] GC(229) User=0.17s Sys=0.00s Real=0.06s
[22.216s][info][gc,start       ] GC(230) Pause Young (Allocation Failure)
[22.288s][info][gc,heap        ] GC(230) PSYoungGen: 135456K(176640K)->93440K(180736K) Eden: 46592K(46592K)->0K(47104K) From: 88864K(130048K)->93440K(133632K)
[22.288s][info][gc,heap        ] GC(230) ParOldGen: 3358297K(3698176K)->3400673K(3698176K)
[22.288s][info][gc,metaspace   ] GC(230) Metaspace: 6298K(6464K)->6298K(6464K) NonClass: 5764K(5824K)->5764K(5824K) Class: 533K(640K)->533K(640K)
[22.288s][info][gc             ] GC(230) Pause Young (Allocation Failure) 3411M->3412M(3788M) 72.457ms
[22.288s][info][gc,cpu         ] GC(230) User=0.34s Sys=0.00s Real=0.07s
[22.333s][info][gc,start       ] GC(231) Pause Young (Allocation Failure)
[22.405s][info][gc,heap        ] GC(231) PSYoungGen: 140544K(180736K)->93952K(185344K) Eden: 47104K(47104K)->0K(47104K) From: 93440K(133632K)->93952K(138240K)
[22.405s][info][gc,heap        ] GC(231) ParOldGen: 3400673K(3698176K)->3447681K(3698176K)
[22.405s][info][gc,metaspace   ] GC(231) Metaspace: 6298K(6464K)->6298K(6464K) NonClass: 5764K(5824K)->5764K(5824K) Class: 533K(640K)->533K(640K)
[22.405s][info][gc             ] GC(231) Pause Young (Allocation Failure) 3458M->3458M(3792M) 71.711ms
[22.405s][info][gc,cpu         ] GC(231) User=0.28s Sys=0.03s Real=0.07s
[22.454s][info][gc,start       ] GC(232) Pause Young (Allocation Failure)
[22.525s][info][gc,heap        ] GC(232) PSYoungGen: 141056K(185344K)->94432K(192000K) Eden: 47104K(47104K)->0K(50688K) From: 93952K(138240K)->94432K(141312K)
[22.525s][info][gc,heap        ] GC(232) ParOldGen: 3447681K(3698176K)->3494705K(3698176K)
[22.525s][info][gc,metaspace   ] GC(232) Metaspace: 6298K(6464K)->6298K(6464K) NonClass: 5764K(5824K)->5764K(5824K) Class: 533K(640K)->533K(640K)
[22.525s][info][gc             ] GC(232) Pause Young (Allocation Failure) 3504M->3505M(3799M) 71.473ms
[22.525s][info][gc,cpu         ] GC(232) User=0.44s Sys=0.05s Real=0.07s
[22.580s][info][gc,start       ] GC(233) Pause Young (Allocation Failure)
[22.654s][info][gc,heap        ] GC(233) PSYoungGen: 145120K(192000K)->98016K(194048K) Eden: 50688K(50688K)->0K(50688K) From: 94432K(141312K)->98016K(143360K)
[22.655s][info][gc,heap        ] GC(233) ParOldGen: 3494705K(3698176K)->3542233K(3698176K)
[22.655s][info][gc,metaspace   ] GC(233) Metaspace: 6298K(6464K)->6298K(6464K) NonClass: 5764K(5824K)->5764K(5824K) Class: 533K(640K)->533K(640K)
[22.655s][info][gc             ] GC(233) Pause Young (Allocation Failure) 3554M->3554M(3801M) 74.229ms
[22.655s][info][gc,cpu         ] GC(233) User=0.39s Sys=0.03s Real=0.07s
[22.709s][info][gc,start       ] GC(234) Pause Young (Allocation Failure)
[22.786s][info][gc,heap        ] GC(234) PSYoungGen: 148704K(194048K)->101632K(200192K) Eden: 50688K(50688K)->0K(53760K) From: 98016K(143360K)->101632K(146432K)
[22.786s][info][gc,heap        ] GC(234) ParOldGen: 3542233K(3698176K)->3589761K(3698176K)
[22.786s][info][gc,metaspace   ] GC(234) Metaspace: 6298K(6464K)->6298K(6464K) NonClass: 5764K(5824K)->5764K(5824K) Class: 533K(640K)->533K(640K)
[22.786s][info][gc             ] GC(234) Pause Young (Allocation Failure) 3604M->3604M(3807M) 77.145ms
[22.786s][info][gc,cpu         ] GC(234) User=0.42s Sys=0.03s Real=0.08s
[22.837s][info][gc,start       ] GC(235) Pause Young (Allocation Failure)
[22.916s][info][gc,heap        ] GC(235) PSYoungGen: 155392K(200192K)->104768K(203264K) Eden: 53760K(53760K)->0K(53760K) From: 101632K(146432K)->104768K(149504K)
[22.916s][info][gc,heap        ] GC(235) ParOldGen: 3589761K(3698176K)->3640897K(3698176K)
[22.916s][info][gc,metaspace   ] GC(235) Metaspace: 6298K(6464K)->6298K(6464K) NonClass: 5764K(5824K)->5764K(5824K) Class: 533K(640K)->533K(640K)
[22.916s][info][gc             ] GC(235) Pause Young (Allocation Failure) 3657M->3657M(3810M) 78.842ms
[22.916s][info][gc,cpu         ] GC(235) User=0.38s Sys=0.03s Real=0.08s
[22.916s][info][gc,start       ] GC(236) Pause Full (Ergonomics)
[22.916s][info][gc,phases,start] GC(236) Marking Phase
[23.758s][info][gc,phases      ] GC(236) Marking Phase 842.554ms
[23.758s][info][gc,phases,start] GC(236) Summary Phase
[23.758s][info][gc,phases      ] GC(236) Summary Phase 0.050ms
[23.758s][info][gc,phases,start] GC(236) Adjust Roots
[23.759s][info][gc,phases      ] GC(236) Adjust Roots 0.185ms
[23.759s][info][gc,phases,start] GC(236) Compaction Phase
[24.113s][info][gc,phases      ] GC(236) Compaction Phase 354.731ms
[24.113s][info][gc,phases,start] GC(236) Post Compact
[24.121s][info][gc,phases      ] GC(236) Post Compact 7.168ms
[24.122s][info][gc,heap        ] GC(236) PSYoungGen: 104768K(203264K)->44600K(203264K) Eden: 0K(53760K)->0K(53760K) From: 104768K(149504K)->44600K(149504K)
[24.122s][info][gc,heap        ] GC(236) ParOldGen: 3640897K(3698176K)->3697947K(4067328K)
[24.122s][info][gc,metaspace   ] GC(236) Metaspace: 6298K(6464K)->6298K(6464K) NonClass: 5764K(5824K)->5764K(5824K) Class: 533K(640K)->533K(640K)
[24.122s][info][gc             ] GC(236) Pause Full (Ergonomics) 3657M->3654M(4170M) 1206.358ms
[24.122s][info][gc,cpu         ] GC(236) User=8.91s Sys=0.08s Real=1.21s
[24.174s][info][gc,start       ] GC(237) Pause Young (Allocation Failure)
[24.373s][info][gc,heap        ] GC(237) PSYoungGen: 98360K(203264K)->53984K(203776K) Eden: 53760K(53760K)->0K(58880K) From: 44600K(149504K)->53984K(144896K)
[24.373s][info][gc,heap        ] GC(237) ParOldGen: 3697947K(4067328K)->3743003K(4067328K)
[24.373s][info][gc,metaspace   ] GC(237) Metaspace: 6298K(6464K)->6298K(6464K) NonClass: 5764K(5824K)->5764K(5824K) Class: 533K(640K)->533K(640K)
[24.373s][info][gc             ] GC(237) Pause Young (Allocation Failure) 3707M->3707M(4171M) 199.436ms
[24.373s][info][gc,cpu         ] GC(237) User=1.39s Sys=0.00s Real=0.20s
[24.436s][info][gc,start       ] GC(238) Pause Young (Allocation Failure)
[24.505s][info][gc,heap        ] GC(238) PSYoungGen: 112864K(203776K)->112960K(208384K) Eden: 58880K(58880K)->0K(58880K) From: 53984K(144896K)->112960K(149504K)
[24.505s][info][gc,heap        ] GC(238) ParOldGen: 3743003K(4067328K)->3743003K(4067328K)
[24.505s][info][gc,metaspace   ] GC(238) Metaspace: 6298K(6464K)->6298K(6464K) NonClass: 5764K(5824K)->5764K(5824K) Class: 533K(640K)->533K(640K)
[24.505s][info][gc             ] GC(238) Pause Young (Allocation Failure) 3765M->3765M(4175M) 68.911ms
[24.505s][info][gc,cpu         ] GC(238) User=0.23s Sys=0.00s Real=0.07s
[24.567s][info][gc,start       ] GC(239) Pause Young (Allocation Failure)
[24.658s][info][gc,heap        ] GC(239) PSYoungGen: 171840K(208384K)->118080K(213504K) Eden: 58880K(58880K)->0K(57856K) From: 112960K(149504K)->118080K(155648K)
[24.658s][info][gc,heap        ] GC(239) ParOldGen: 3743003K(4067328K)->3797267K(4067328K)
[24.658s][info][gc,metaspace   ] GC(239) Metaspace: 6298K(6464K)->6298K(6464K) NonClass: 5764K(5824K)->5764K(5824K) Class: 533K(640K)->533K(640K)
[24.658s][info][gc             ] GC(239) Pause Young (Allocation Failure) 3823M->3823M(4180M) 90.460ms
[24.658s][info][gc,cpu         ] GC(239) User=0.62s Sys=0.02s Real=0.09s
[24.716s][info][gc,start       ] GC(240) Pause Young (Allocation Failure)
[24.807s][info][gc,heap        ] GC(240) PSYoungGen: 175936K(213504K)->117056K(220160K) Eden: 57856K(57856K)->0K(57856K) From: 118080K(155648K)->117056K(162304K)
[24.807s][info][gc,heap        ] GC(240) ParOldGen: 3797267K(4067328K)->3856667K(4067328K)
[24.807s][info][gc,metaspace   ] GC(240) Metaspace: 6298K(6464K)->6298K(6464K) NonClass: 5764K(5824K)->5764K(5824K) Class: 533K(640K)->533K(640K)
[24.807s][info][gc             ] GC(240) Pause Young (Allocation Failure) 3880M->3880M(4187M) 90.302ms
[24.807s][info][gc,cpu         ] GC(240) User=0.75s Sys=0.00s Real=0.09s
[24.867s][info][gc,start       ] GC(241) Pause Young (Allocation Failure)
[24.958s][info][gc,heap        ] GC(241) PSYoungGen: 174912K(220160K)->116032K(228352K) Eden: 57856K(57856K)->0K(61952K) From: 117056K(162304K)->116032K(166400K)
[24.958s][info][gc,heap        ] GC(241) ParOldGen: 3856667K(4067328K)->3916083K(4067328K)
[24.958s][info][gc,metaspace   ] GC(241) Metaspace: 6298K(6464K)->6298K(6464K) NonClass: 5764K(5824K)->5764K(5824K) Class: 533K(640K)->533K(640K)
[24.958s][info][gc             ] GC(241) Pause Young (Allocation Failure) 3937M->3937M(4195M) 91.424ms
[24.958s][info][gc,cpu         ] GC(241) User=0.59s Sys=0.05s Real=0.09s
[25.027s][info][gc,start       ] GC(242) Pause Young (Allocation Failure)
[25.119s][info][gc,heap        ] GC(242) PSYoungGen: 177984K(228352K)->120096K(230912K) Eden: 61952K(61952K)->0K(61952K) From: 116032K(166400K)->120096K(168960K)
[25.119s][info][gc,heap        ] GC(242) ParOldGen: 3916083K(4067328K)->3974467K(4067328K)
[25.119s][info][gc,metaspace   ] GC(242) Metaspace: 6298K(6464K)->6298K(6464K) NonClass: 5764K(5824K)->5764K(5824K) Class: 533K(640K)->533K(640K)
[25.119s][info][gc             ] GC(242) Pause Young (Allocation Failure) 3998M->3998M(4197M) 91.949ms
[25.119s][info][gc,cpu         ] GC(242) User=0.61s Sys=0.03s Real=0.09s
[25.188s][info][gc,start       ] GC(243) Pause Young (Allocation Failure)
[25.282s][info][gc,heap        ] GC(243) PSYoungGen: 182048K(230912K)->124224K(237568K) Eden: 61952K(61952K)->0K(65536K) From: 120096K(168960K)->124224K(172032K)
[25.282s][info][gc,heap        ] GC(243) ParOldGen: 3974467K(4067328K)->4032835K(4067328K)
[25.282s][info][gc,metaspace   ] GC(243) Metaspace: 6298K(6464K)->6298K(6464K) NonClass: 5764K(5824K)->5764K(5824K) Class: 533K(640K)->533K(640K)
[25.282s][info][gc             ] GC(243) Pause Young (Allocation Failure) 4059M->4059M(4204M) 94.523ms
[25.282s][info][gc,cpu         ] GC(243) User=0.62s Sys=0.02s Real=0.09s
[25.282s][info][gc,start       ] GC(244) Pause Full (Ergonomics)
[25.282s][info][gc,phases,start] GC(244) Marking Phase
[26.204s][info][gc,phases      ] GC(244) Marking Phase 921.688ms
[26.204s][info][gc,phases,start] GC(244) Summary Phase
[26.204s][info][gc,phases      ] GC(244) Summary Phase 0.056ms
[26.204s][info][gc,phases,start] GC(244) Adjust Roots
[26.204s][info][gc,phases      ] GC(244) Adjust Roots 0.159ms
[26.204s][info][gc,phases,start] GC(244) Compaction Phase
[26.623s][info][gc,phases      ] GC(244) Compaction Phase 418.546ms
[26.623s][info][gc,phases,start] GC(244) Post Compact
[26.629s][info][gc,phases      ] GC(244) Post Compact 6.227ms
[26.631s][info][gc,heap        ] GC(244) PSYoungGen: 124224K(237568K)->86532K(237568K) Eden: 0K(65536K)->0K(65536K) From: 124224K(172032K)->86532K(172032K)
[26.631s][info][gc,heap        ] GC(244) ParOldGen: 4032835K(4067328K)->4066928K(4476416K)
[26.631s][info][gc,metaspace   ] GC(244) Metaspace: 6298K(6464K)->6298K(6464K) NonClass: 5764K(5824K)->5764K(5824K) Class: 533K(640K)->533K(640K)
[26.631s][info][gc             ] GC(244) Pause Full (Ergonomics) 4059M->4056M(4603M) 1348.454ms
[26.631s][info][gc,cpu         ] GC(244) User=9.47s Sys=0.14s Real=1.35s
[26.696s][info][gc,start       ] GC(245) Pause Young (Allocation Failure)
[26.957s][info][gc,heap        ] GC(245) PSYoungGen: 152068K(237568K)->109248K(241152K) Eden: 65536K(65536K)->0K(65536K) From: 86532K(172032K)->109248K(175616K)
[26.957s][info][gc,heap        ] GC(245) ParOldGen: 4066928K(4476416K)->4110520K(4476416K)
[26.957s][info][gc,metaspace   ] GC(245) Metaspace: 6298K(6464K)->6298K(6464K) NonClass: 5764K(5824K)->5764K(5824K) Class: 533K(640K)->533K(640K)
[26.957s][info][gc             ] GC(245) Pause Young (Allocation Failure) 4120M->4120M(4607M) 260.784ms
[26.957s][info][gc,cpu         ] GC(245) User=1.66s Sys=0.14s Real=0.26s
[27.031s][info][gc,start       ] GC(246) Pause Young (Allocation Failure)
[27.124s][info][gc,heap        ] GC(246) PSYoungGen: 174784K(241152K)->172544K(223744K) Eden: 65536K(65536K)->0K(51200K) From: 109248K(175616K)->172544K(172544K)
[27.124s][info][gc,heap        ] GC(246) ParOldGen: 4110520K(4476416K)->4112768K(4476416K)
[27.124s][info][gc,metaspace   ] GC(246) Metaspace: 6298K(6464K)->6298K(6464K) NonClass: 5764K(5824K)->5764K(5824K) Class: 533K(640K)->533K(640K)
[27.124s][info][gc             ] GC(246) Pause Young (Allocation Failure) 4184M->4184M(4590M) 93.798ms
[27.124s][info][gc,cpu         ] GC(246) User=0.62s Sys=0.00s Real=0.09s
[27.186s][info][gc,start       ] GC(247) Pause Young (Allocation Failure)
[27.305s][info][gc,heap        ] GC(247) PSYoungGen: 223744K(223744K)->116192K(244736K) Eden: 51200K(51200K)->0K(51200K) From: 172544K(172544K)->116192K(193536K)
[27.305s][info][gc,heap        ] GC(247) ParOldGen: 4112768K(4476416K)->4221304K(4476416K)
[27.305s][info][gc,metaspace   ] GC(247) Metaspace: 6298K(6464K)->6298K(6464K) NonClass: 5764K(5824K)->5764K(5824K) Class: 533K(640K)->533K(640K)
[27.305s][info][gc             ] GC(247) Pause Young (Allocation Failure) 4234M->4235M(4610M) 119.038ms
[27.305s][info][gc,cpu         ] GC(247) User=0.89s Sys=0.11s Real=0.12s
[27.364s][info][gc,start       ] GC(248) Pause Young (Allocation Failure)
[27.454s][info][gc,heap        ] GC(248) PSYoungGen: 167392K(244736K)->102688K(230400K) Eden: 51200K(51200K)->0K(56832K) From: 116192K(193536K)->102688K(173568K)
[27.454s][info][gc,heap        ] GC(248) ParOldGen: 4221304K(4476416K)->4286600K(4476416K)
[27.454s][info][gc,metaspace   ] GC(248) Metaspace: 6298K(6464K)->6298K(6464K) NonClass: 5764K(5824K)->5764K(5824K) Class: 533K(640K)->533K(640K)
[27.454s][info][gc             ] GC(248) Pause Young (Allocation Failure) 4285M->4286M(4596M) 90.131ms
[27.454s][info][gc,cpu         ] GC(248) User=0.62s Sys=0.00s Real=0.09s
[27.515s][info][gc,start       ] GC(249) Pause Young (Allocation Failure)
[27.601s][info][gc,heap        ] GC(249) PSYoungGen: 159520K(230400K)->108320K(238080K) Eden: 56832K(56832K)->0K(56832K) From: 102688K(173568K)->108320K(181248K)
[27.601s][info][gc,heap        ] GC(249) ParOldGen: 4286600K(4476416K)->4338264K(4476416K)
[27.601s][info][gc,metaspace   ] GC(249) Metaspace: 6298K(6464K)->6298K(6464K) NonClass: 5764K(5824K)->5764K(5824K) Class: 533K(640K)->533K(640K)
[27.601s][info][gc             ] GC(249) Pause Young (Allocation Failure) 4341M->4342M(4604M) 85.987ms
[27.601s][info][gc,cpu         ] GC(249) User=0.52s Sys=0.02s Real=0.09s
[27.659s][info][gc,start       ] GC(250) Pause Young (Allocation Failure)
[27.745s][info][gc,heap        ] GC(250) PSYoungGen: 165152K(238080K)->113984K(230912K) Eden: 56832K(56832K)->0K(64000K) From: 108320K(181248K)->113984K(166912K)
[27.746s][info][gc,heap        ] GC(250) ParOldGen: 4338264K(4476416K)->4389944K(4476416K)
[27.746s][info][gc,metaspace   ] GC(250) Metaspace: 6298K(6464K)->6298K(6464K) NonClass: 5764K(5824K)->5764K(5824K) Class: 533K(640K)->533K(640K)
[27.746s][info][gc             ] GC(250) Pause Young (Allocation Failure) 4397M->4398M(4597M) 86.929ms
[27.746s][info][gc,cpu         ] GC(250) User=0.58s Sys=0.05s Real=0.09s
[27.746s][info][gc,start       ] GC(251) Pause Full (Ergonomics)
[27.746s][info][gc,phases,start] GC(251) Marking Phase
[28.772s][info][gc,phases      ] GC(251) Marking Phase 1025.900ms
[28.772s][info][gc,phases,start] GC(251) Summary Phase
[28.772s][info][gc,phases      ] GC(251) Summary Phase 0.067ms
[28.772s][info][gc,phases,start] GC(251) Adjust Roots
[28.772s][info][gc,phases      ] GC(251) Adjust Roots 0.165ms
[28.772s][info][gc,phases,start] GC(251) Compaction Phase
[29.179s][info][gc,phases      ] GC(251) Compaction Phase 407.121ms
[29.179s][info][gc,phases,start] GC(251) Post Compact
[29.186s][info][gc,phases      ] GC(251) Post Compact 6.820ms
[29.187s][info][gc,heap        ] GC(251) PSYoungGen: 113984K(230912K)->24194K(234496K) Eden: 0K(64000K)->0K(67584K) From: 113984K(166912K)->24194K(166912K)
[29.187s][info][gc,heap        ] GC(251) ParOldGen: 4389944K(4476416K)->4476204K(4930560K)
[29.187s][info][gc,metaspace   ] GC(251) Metaspace: 6298K(6464K)->6298K(6464K) NonClass: 5764K(5824K)->5764K(5824K) Class: 533K(640K)->533K(640K)
[29.187s][info][gc             ] GC(251) Pause Full (Ergonomics) 4398M->4394M(5044M) 1441.859ms
[29.187s][info][gc,cpu         ] GC(251) User=10.83s Sys=0.02s Real=1.44s
[29.270s][info][gc,start       ] GC(252) Pause Young (Allocation Failure)
[29.515s][info][gc,heap        ] GC(252) PSYoungGen: 91778K(234496K)->81088K(238080K) Eden: 67584K(67584K)->0K(67584K) From: 24194K(166912K)->81088K(170496K)
[29.515s][info][gc,heap        ] GC(252) ParOldGen: 4476204K(4930560K)->4487284K(4930560K)
[29.515s][info][gc,metaspace   ] GC(252) Metaspace: 6298K(6464K)->6298K(6464K) NonClass: 5764K(5824K)->5764K(5824K) Class: 533K(640K)->533K(640K)
[29.515s][info][gc             ] GC(252) Pause Young (Allocation Failure) 4460M->4461M(5047M) 244.477ms
[29.515s][info][gc,cpu         ] GC(252) User=1.58s Sys=0.00s Real=0.24s
[29.598s][info][gc,start       ] GC(253) Pause Young (Allocation Failure)
[29.683s][info][gc,heap        ] GC(253) PSYoungGen: 148672K(238080K)->148800K(233472K) Eden: 67584K(67584K)->0K(64512K) From: 81088K(170496K)->148800K(168960K)
[29.683s][info][gc,heap        ] GC(253) ParOldGen: 4487284K(4930560K)->4487284K(4930560K)
[29.684s][info][gc,metaspace   ] GC(253) Metaspace: 6298K(6464K)->6298K(6464K) NonClass: 5764K(5824K)->5764K(5824K) Class: 533K(640K)->533K(640K)
[29.684s][info][gc             ] GC(253) Pause Young (Allocation Failure) 4527M->4527M(5043M) 85.887ms
[29.684s][info][gc,cpu         ] GC(253) User=0.53s Sys=0.00s Real=0.09s
[29.750s][info][gc,start       ] GC(254) Pause Young (Allocation Failure)
[29.861s][info][gc,heap        ] GC(254) PSYoungGen: 213312K(233472K)->178688K(243200K) Eden: 64512K(64512K)->0K(64512K) From: 148800K(168960K)->178688K(178688K)
[29.861s][info][gc,heap        ] GC(254) ParOldGen: 4487284K(4930560K)->4522148K(4930560K)
[29.861s][info][gc,metaspace   ] GC(254) Metaspace: 6298K(6464K)->6298K(6464K) NonClass: 5764K(5824K)->5764K(5824K) Class: 533K(640K)->533K(640K)
[29.862s][info][gc             ] GC(254) Pause Young (Allocation Failure) 4590M->4590M(5052M) 112.013ms
[29.862s][info][gc,cpu         ] GC(254) User=0.67s Sys=0.08s Real=0.11s
[29.937s][info][gc,start       ] GC(255) Pause Young (Allocation Failure)
[30.068s][info][gc,heap        ] GC(255) PSYoungGen: 243200K(243200K)->179200K(268800K) Eden: 64512K(64512K)->0K(58368K) From: 178688K(178688K)->179200K(210432K)
[30.068s][info][gc,heap        ] GC(255) ParOldGen: 4522148K(4930560K)->4586868K(4930560K)
[30.068s][info][gc,metaspace   ] GC(255) Metaspace: 6298K(6464K)->6298K(6464K) NonClass: 5764K(5824K)->5764K(5824K) Class: 533K(640K)->533K(640K)
[30.068s][info][gc             ] GC(255) Pause Young (Allocation Failure) 4653M->4654M(5077M) 131.156ms
[30.068s][info][gc,cpu         ] GC(255) User=0.92s Sys=0.09s Real=0.13s
[30.139s][info][gc,start       ] GC(256) Pause Young (Allocation Failure)
[30.267s][info][gc,heap        ] GC(256) PSYoungGen: 237568K(268800K)->177184K(282112K) Eden: 58368K(58368K)->0K(58368K) From: 179200K(210432K)->177184K(223744K)
[30.267s][info][gc,heap        ] GC(256) ParOldGen: 4586868K(4930560K)->4647764K(4930560K)
[30.267s][info][gc,metaspace   ] GC(256) Metaspace: 6298K(6464K)->6298K(6464K) NonClass: 5764K(5824K)->5764K(5824K) Class: 533K(640K)->533K(640K)
[30.267s][info][gc             ] GC(256) Pause Young (Allocation Failure) 4711M->4711M(5090M) 128.147ms
[30.267s][info][gc,cpu         ] GC(256) User=1.00s Sys=0.02s Real=0.13s
[30.325s][info][gc,start       ] GC(257) Pause Young (Allocation Failure)
[30.453s][info][gc,heap        ] GC(257) PSYoungGen: 235552K(282112K)->181664K(289792K) Eden: 58368K(58368K)->0K(56832K) From: 177184K(223744K)->181664K(232960K)
[30.453s][info][gc,heap        ] GC(257) ParOldGen: 4647764K(4930560K)->4702164K(4930560K)
[30.453s][info][gc,metaspace   ] GC(257) Metaspace: 6298K(6464K)->6298K(6464K) NonClass: 5764K(5824K)->5764K(5824K) Class: 533K(640K)->533K(640K)
[30.453s][info][gc             ] GC(257) Pause Young (Allocation Failure) 4768M->4769M(5098M) 127.617ms
[30.453s][info][gc,cpu         ] GC(257) User=0.94s Sys=0.06s Real=0.13s
[30.510s][info][gc,start       ] GC(258) Pause Young (Allocation Failure)
[30.668s][info][gc,heap        ] GC(258) PSYoungGen: 238496K(289792K)->115520K(298496K) Eden: 56832K(56832K)->0K(56832K) From: 181664K(232960K)->115520K(241664K)
[30.668s][info][gc,heap        ] GC(258) ParOldGen: 4702164K(4930560K)->4826100K(4930560K)
[30.668s][info][gc,metaspace   ] GC(258) Metaspace: 6298K(6464K)->6298K(6464K) NonClass: 5764K(5824K)->5764K(5824K) Class: 533K(640K)->533K(640K)
[30.668s][info][gc             ] GC(258) Pause Young (Allocation Failure) 4824M->4825M(5106M) 157.489ms
[30.668s][info][gc,cpu         ] GC(258) User=0.92s Sys=0.22s Real=0.16s
[30.668s][info][gc,start       ] GC(259) Pause Full (Ergonomics)
[30.668s][info][gc,phases,start] GC(259) Marking Phase
[31.790s][info][gc,phases      ] GC(259) Marking Phase 1122.371ms
[31.790s][info][gc,phases,start] GC(259) Summary Phase
[31.791s][info][gc,phases      ] GC(259) Summary Phase 0.069ms
[31.791s][info][gc,phases,start] GC(259) Adjust Roots
[31.791s][info][gc,phases      ] GC(259) Adjust Roots 0.160ms
[31.791s][info][gc,phases,start] GC(259) Compaction Phase
[32.214s][info][gc,phases      ] GC(259) Compaction Phase 423.708ms
[32.215s][info][gc,phases,start] GC(259) Post Compact
[32.222s][info][gc,phases      ] GC(259) Post Compact 7.522ms
[32.226s][info][gc,heap        ] GC(259) PSYoungGen: 115520K(298496K)->7847K(298496K) Eden: 0K(56832K)->0K(56832K) From: 115520K(241664K)->7847K(241664K)
[32.226s][info][gc,heap        ] GC(259) ParOldGen: 4826100K(4930560K)->4930090K(5442048K)
[32.226s][info][gc,metaspace   ] GC(259) Metaspace: 6298K(6464K)->6298K(6464K) NonClass: 5764K(5824K)->5764K(5824K) Class: 533K(640K)->533K(640K)
[32.226s][info][gc             ] GC(259) Pause Full (Ergonomics) 4825M->4822M(5606M) 1558.203ms
[32.226s][info][gc,cpu         ] GC(259) User=11.77s Sys=0.17s Real=1.56s
[32.289s][info][gc,start       ] GC(260) Pause Young (Allocation Failure)
[32.541s][info][gc,heap        ] GC(260) PSYoungGen: 64679K(298496K)->57024K(295936K) Eden: 56832K(56832K)->0K(61440K) From: 7847K(241664K)->57024K(234496K)
[32.541s][info][gc,heap        ] GC(260) ParOldGen: 4930090K(5442048K)->4938058K(5442048K)
[32.541s][info][gc,metaspace   ] GC(260) Metaspace: 6298K(6464K)->6298K(6464K) NonClass: 5764K(5824K)->5764K(5824K) Class: 533K(640K)->533K(640K)
[32.541s][info][gc             ] GC(260) Pause Young (Allocation Failure) 4877M->4878M(5603M) 251.470ms
[32.541s][info][gc,cpu         ] GC(260) User=1.53s Sys=0.00s Real=0.25s
[32.616s][info][gc,start       ] GC(261) Pause Young (Allocation Failure)
[32.705s][info][gc,heap        ] GC(261) PSYoungGen: 118464K(295936K)->61664K(299008K) Eden: 61440K(61440K)->0K(61440K) From: 57024K(234496K)->61664K(237568K)
[32.705s][info][gc,heap        ] GC(261) ParOldGen: 4938058K(5442048K)->4995394K(5442048K)
[32.705s][info][gc,metaspace   ] GC(261) Metaspace: 6298K(6464K)->6298K(6464K) NonClass: 5764K(5824K)->5764K(5824K) Class: 533K(640K)->533K(640K)
[32.705s][info][gc             ] GC(261) Pause Young (Allocation Failure) 4938M->4938M(5606M) 89.099ms
[32.705s][info][gc,cpu         ] GC(261) User=0.39s Sys=0.23s Real=0.09s
[32.772s][info][gc,start       ] GC(262) Pause Young (Allocation Failure)
[32.863s][info][gc,heap        ] GC(262) PSYoungGen: 123104K(299008K)->61728K(302080K) Eden: 61440K(61440K)->0K(68096K) From: 61664K(237568K)->61728K(233984K)
[32.863s][info][gc,heap        ] GC(262) ParOldGen: 4995394K(5442048K)->5057378K(5442048K)
[32.863s][info][gc,metaspace   ] GC(262) Metaspace: 6298K(6464K)->6298K(6464K) NonClass: 5764K(5824K)->5764K(5824K) Class: 533K(640K)->533K(640K)
[32.863s][info][gc             ] GC(262) Pause Young (Allocation Failure) 4998M->4999M(5609M) 90.712ms
[32.863s][info][gc,cpu         ] GC(262) User=0.47s Sys=0.17s Real=0.09s
[32.935s][info][gc,start       ] GC(263) Pause Young (Allocation Failure)
[33.029s][info][gc,heap        ] GC(263) PSYoungGen: 129824K(302080K)->68288K(303616K) Eden: 68096K(68096K)->0K(68096K) From: 61728K(233984K)->68288K(235520K)
[33.030s][info][gc,heap        ] GC(263) ParOldGen: 5057378K(5442048K)->5119378K(5442048K)
[33.030s][info][gc,metaspace   ] GC(263) Metaspace: 6298K(6464K)->6298K(6464K) NonClass: 5764K(5824K)->5764K(5824K) Class: 533K(640K)->533K(640K)
[33.030s][info][gc             ] GC(263) Pause Young (Allocation Failure) 5065M->5066M(5611M) 94.540ms
[33.030s][info][gc,cpu         ] GC(263) User=0.50s Sys=0.25s Real=0.09s
[33.110s][info][gc,start       ] GC(264) Pause Young (Allocation Failure)
[33.213s][info][gc,heap        ] GC(264) PSYoungGen: 136384K(303616K)->68288K(296448K) Eden: 68096K(68096K)->0K(75776K) From: 68288K(235520K)->68288K(220672K)
[33.213s][info][gc,heap        ] GC(264) ParOldGen: 5119378K(5442048K)->5188082K(5442048K)
[33.213s][info][gc,metaspace   ] GC(264) Metaspace: 6298K(6464K)->6298K(6464K) NonClass: 5764K(5824K)->5764K(5824K) Class: 533K(640K)->533K(640K)
[33.213s][info][gc             ] GC(264) Pause Young (Allocation Failure) 5132M->5133M(5604M) 102.713ms
[33.213s][info][gc,cpu         ] GC(264) User=0.47s Sys=0.17s Real=0.10s
[33.296s][info][gc,start       ] GC(265) Pause Young (Allocation Failure)
[33.401s][info][gc,heap        ] GC(265) PSYoungGen: 144064K(296448K)->76064K(301568K) Eden: 75776K(75776K)->0K(75776K) From: 68288K(220672K)->76064K(225792K)
[33.401s][info][gc,heap        ] GC(265) ParOldGen: 5188082K(5442048K)->5256786K(5442048K)
[33.401s][info][gc,metaspace   ] GC(265) Metaspace: 6298K(6464K)->6298K(6464K) NonClass: 5764K(5824K)->5764K(5824K) Class: 533K(640K)->533K(640K)
[33.401s][info][gc             ] GC(265) Pause Young (Allocation Failure) 5207M->5207M(5609M) 104.868ms
[33.401s][info][gc,cpu         ] GC(265) User=0.55s Sys=0.20s Real=0.11s
[33.486s][info][gc,start       ] GC(266) Pause Young (Allocation Failure)
[33.593s][info][gc,heap        ] GC(266) PSYoungGen: 151840K(301568K)->76032K(288768K) Eden: 75776K(75776K)->0K(84480K) From: 76064K(225792K)->76032K(204288K)
[33.593s][info][gc,heap        ] GC(266) ParOldGen: 5256786K(5442048K)->5333258K(5442048K)
[33.593s][info][gc,metaspace   ] GC(266) Metaspace: 6298K(6464K)->6298K(6464K) NonClass: 5764K(5824K)->5764K(5824K) Class: 533K(640K)->533K(640K)
[33.593s][info][gc             ] GC(266) Pause Young (Allocation Failure) 5281M->5282M(5596M) 107.388ms
[33.593s][info][gc,cpu         ] GC(266) User=0.39s Sys=0.34s Real=0.11s
[33.593s][info][gc,start       ] GC(267) Pause Full (Ergonomics)
[33.594s][info][gc,phases,start] GC(267) Marking Phase
[34.818s][info][gc,phases      ] GC(267) Marking Phase 1224.292ms
[34.818s][info][gc,phases,start] GC(267) Summary Phase
[34.818s][info][gc,phases      ] GC(267) Summary Phase 0.096ms
[34.818s][info][gc,phases,start] GC(267) Adjust Roots
[34.818s][info][gc,phases      ] GC(267) Adjust Roots 0.187ms
[34.818s][info][gc,phases,start] GC(267) Compaction Phase
[35.280s][info][gc,phases      ] GC(267) Compaction Phase 461.979ms
[35.280s][info][gc,phases,start] GC(267) Post Compact
[35.289s][info][gc,phases      ] GC(267) Post Compact 8.655ms
[35.293s][info][gc,heap        ] GC(267) PSYoungGen: 76032K(288768K)->0K(295936K) Eden: 0K(84480K)->0K(84480K) From: 76032K(204288K)->0K(211456K)
[35.293s][info][gc,heap        ] GC(267) ParOldGen: 5333258K(5442048K)->5405171K(5954048K)
[35.293s][info][gc,metaspace   ] GC(267) Metaspace: 6298K(6464K)->6298K(6464K) NonClass: 5764K(5824K)->5764K(5824K) Class: 533K(640K)->533K(640K)
[35.293s][info][gc             ] GC(267) Pause Full (Ergonomics) 5282M->5278M(6103M) 1699.217ms
[35.293s][info][gc,cpu         ] GC(267) User=12.80s Sys=0.11s Real=1.70s
[35.394s][info][gc,start       ] GC(268) Pause Young (Allocation Failure)
[35.458s][info][gc,heap        ] GC(268) PSYoungGen: 84480K(295936K)->84800K(284160K) Eden: 84480K(84480K)->0K(92160K) From: 0K(211456K)->84800K(192000K)
[35.458s][info][gc,heap        ] GC(268) ParOldGen: 5405171K(5954048K)->5405171K(5954048K)
[35.458s][info][gc,metaspace   ] GC(268) Metaspace: 6298K(6464K)->6298K(6464K) NonClass: 5764K(5824K)->5764K(5824K) Class: 533K(640K)->533K(640K)
[35.458s][info][gc             ] GC(268) Pause Young (Allocation Failure) 5360M->5361M(6092M) 64.046ms
[35.458s][info][gc,cpu         ] GC(268) User=0.25s Sys=0.00s Real=0.06s
[35.560s][info][gc,start       ] GC(269) Pause Young (Allocation Failure)
[35.659s][info][gc,heap        ] GC(269) PSYoungGen: 176960K(284160K)->177088K(294912K) Eden: 92160K(92160K)->0K(92160K) From: 84800K(192000K)->177088K(202752K)
[35.659s][info][gc,heap        ] GC(269) ParOldGen: 5405171K(5954048K)->5405171K(5954048K)
[35.659s][info][gc,metaspace   ] GC(269) Metaspace: 6298K(6464K)->6298K(6464K) NonClass: 5764K(5824K)->5764K(5824K) Class: 533K(640K)->533K(640K)
[35.659s][info][gc             ] GC(269) Pause Young (Allocation Failure) 5451M->5451M(6102M) 99.123ms
[35.659s][info][gc,cpu         ] GC(269) User=0.77s Sys=0.00s Real=0.10s
[35.765s][info][gc,start       ] GC(270) Pause Young (Allocation Failure)
[35.944s][info][gc,heap        ] GC(270) PSYoungGen: 269248K(294912K)->221696K(273408K) Eden: 92160K(92160K)->0K(51712K) From: 177088K(202752K)->221696K(221696K)
[35.944s][info][gc,heap        ] GC(270) ParOldGen: 5405171K(5954048K)->5453091K(5954048K)
[35.944s][info][gc,metaspace   ] GC(270) Metaspace: 6298K(6464K)->6298K(6464K) NonClass: 5764K(5824K)->5764K(5824K) Class: 533K(640K)->533K(640K)
[35.944s][info][gc             ] GC(270) Pause Young (Allocation Failure) 5541M->5541M(6081M) 179.061ms
[35.944s][info][gc,cpu         ] GC(270) User=0.94s Sys=0.45s Real=0.18s
[36.009s][info][gc,start       ] GC(271) Pause Young (Allocation Failure)
[36.206s][info][gc,heap        ] GC(271) PSYoungGen: 273408K(273408K)->125184K(177152K) Eden: 51712K(51712K)->0K(51712K) From: 221696K(221696K)->125184K(125440K)
[36.206s][info][gc,heap        ] GC(271) ParOldGen: 5453091K(5954048K)->5602587K(5954048K)
[36.206s][info][gc,metaspace   ] GC(271) Metaspace: 6298K(6464K)->6298K(6464K) NonClass: 5764K(5824K)->5764K(5824K) Class: 533K(640K)->533K(640K)
[36.206s][info][gc             ] GC(271) Pause Young (Allocation Failure) 5592M->5593M(5987M) 197.120ms
[36.206s][info][gc,cpu         ] GC(271) User=0.81s Sys=0.59s Real=0.20s
[37.468s][info][gc,start       ] GC(272) Pause Full (Ergonomics)
[37.468s][info][gc,phases,start] GC(272) Marking Phase
[38.778s][info][gc,phases      ] GC(272) Marking Phase 1310.357ms
[38.778s][info][gc,phases,start] GC(272) Summary Phase
[38.778s][info][gc,phases      ] GC(272) Summary Phase 0.110ms
[38.778s][info][gc,phases,start] GC(272) Adjust Roots
[38.779s][info][gc,phases      ] GC(272) Adjust Roots 0.158ms
[38.779s][info][gc,phases,start] GC(272) Compaction Phase
[39.672s][info][gc,phases      ] GC(272) Compaction Phase 893.431ms
[39.672s][info][gc,phases,start] GC(272) Post Compact
[39.685s][info][gc,phases      ] GC(272) Post Compact 12.866ms
[39.689s][info][gc,heap        ] GC(272) PSYoungGen: 176896K(177152K)->0K(314880K) Eden: 51712K(51712K)->0K(57856K) From: 125184K(125440K)->0K(257024K)
[39.689s][info][gc,heap        ] GC(272) ParOldGen: 5864731K(5954048K)->5908306K(6519808K)
[39.689s][info][gc,metaspace   ] GC(272) Metaspace: 6298K(6464K)->6298K(6464K) NonClass: 5764K(5824K)->5764K(5824K) Class: 533K(640K)->533K(640K)
[39.689s][info][gc             ] GC(272) Pause Full (Ergonomics) 5900M->5769M(6674M) 2221.022ms
[39.689s][info][gc,cpu         ] GC(272) User=15.64s Sys=0.23s Real=2.22s
[39.748s][info][gc,start       ] GC(273) Pause Young (Allocation Failure)
[39.821s][info][gc,heap        ] GC(273) PSYoungGen: 57856K(314880K)->58112K(314880K) Eden: 57856K(57856K)->0K(57856K) From: 0K(257024K)->58112K(257024K)
[39.821s][info][gc,heap        ] GC(273) ParOldGen: 5908306K(6519808K)->5908306K(6519808K)
[39.821s][info][gc,metaspace   ] GC(273) Metaspace: 6298K(6464K)->6298K(6464K) NonClass: 5764K(5824K)->5764K(5824K) Class: 533K(640K)->533K(640K)
[39.821s][info][gc             ] GC(273) Pause Young (Allocation Failure) 5826M->5826M(6674M) 72.949ms
[39.821s][info][gc,cpu         ] GC(273) User=0.27s Sys=0.00s Real=0.07s
[39.885s][info][gc,start       ] GC(274) Pause Young (Allocation Failure)
[39.979s][info][gc,heap        ] GC(274) PSYoungGen: 115968K(314880K)->116000K(290304K) Eden: 57856K(57856K)->0K(63488K) From: 58112K(257024K)->116000K(226816K)
[39.979s][info][gc,heap        ] GC(274) ParOldGen: 5908306K(6519808K)->5908306K(6519808K)
[39.979s][info][gc,metaspace   ] GC(274) Metaspace: 6298K(6464K)->6298K(6464K) NonClass: 5764K(5824K)->5764K(5824K) Class: 533K(640K)->533K(640K)
[39.979s][info][gc             ] GC(274) Pause Young (Allocation Failure) 5883M->5883M(6650M) 94.237ms
[39.979s][info][gc,cpu         ] GC(274) User=0.25s Sys=0.00s Real=0.10s
[40.048s][info][gc,start       ] GC(275) Pause Young (Allocation Failure)
[40.162s][info][gc,heap        ] GC(275) PSYoungGen: 179488K(290304K)->179616K(304128K) Eden: 63488K(63488K)->0K(63488K) From: 116000K(226816K)->179616K(240640K)
[40.162s][info][gc,heap        ] GC(275) ParOldGen: 5908306K(6519808K)->5908306K(6519808K)
[40.162s][info][gc,metaspace   ] GC(275) Metaspace: 6298K(6464K)->6298K(6464K) NonClass: 5764K(5824K)->5764K(5824K) Class: 533K(640K)->533K(640K)
[40.162s][info][gc             ] GC(275) Pause Young (Allocation Failure) 5945M->5945M(6664M) 114.030ms
[40.162s][info][gc,cpu         ] GC(275) User=0.36s Sys=0.00s Real=0.11s
[40.222s][info][gc,start       ] GC(276) Pause Young (Allocation Failure)
[40.358s][info][gc,heap        ] GC(276) PSYoungGen: 243104K(304128K)->243200K(290304K) Eden: 63488K(63488K)->0K(38400K) From: 179616K(240640K)->243200K(251904K)
[40.358s][info][gc,heap        ] GC(276) ParOldGen: 5908306K(6519808K)->5908306K(6519808K)
[40.358s][info][gc,metaspace   ] GC(276) Metaspace: 6298K(6464K)->6298K(6464K) NonClass: 5764K(5824K)->5764K(5824K) Class: 533K(640K)->533K(640K)
[40.358s][info][gc             ] GC(276) Pause Young (Allocation Failure) 6007M->6007M(6650M) 136.067ms
[40.358s][info][gc,cpu         ] GC(276) User=0.50s Sys=0.00s Real=0.14s
[40.399s][info][gc,start       ] GC(277) Pause Young (Allocation Failure)
[40.552s][info][gc,heap        ] GC(277) PSYoungGen: 281600K(290304K)->223712K(322048K) Eden: 38400K(38400K)->0K(38400K) From: 243200K(251904K)->223712K(283648K)
[40.552s][info][gc,heap        ] GC(277) ParOldGen: 5908306K(6519808K)->5966682K(6519808K)
[40.552s][info][gc,metaspace   ] GC(277) Metaspace: 6298K(6464K)->6298K(6464K) NonClass: 5764K(5824K)->5764K(5824K) Class: 533K(640K)->533K(640K)
[40.552s][info][gc             ] GC(277) Pause Young (Allocation Failure) 6044M->6045M(6681M) 153.509ms
[40.552s][info][gc,cpu         ] GC(277) User=0.78s Sys=0.16s Real=0.15s
[40.593s][info][gc,start       ] GC(278) Pause Young (Allocation Failure)
[40.753s][info][gc,heap        ] GC(278) PSYoungGen: 262112K(322048K)->140608K(314368K) Eden: 38400K(38400K)->0K(43520K) From: 223712K(283648K)->140608K(270848K)
[40.753s][info][gc,heap        ] GC(278) ParOldGen: 5966682K(6519808K)->6089058K(6519808K)
[40.753s][info][gc,metaspace   ] GC(278) Metaspace: 6298K(6464K)->6298K(6464K) NonClass: 5764K(5824K)->5764K(5824K) Class: 533K(640K)->533K(640K)
[40.753s][info][gc             ] GC(278) Pause Young (Allocation Failure) 6082M->6083M(6674M) 159.313ms
[40.753s][info][gc,cpu         ] GC(278) User=0.80s Sys=0.34s Real=0.16s
[40.799s][info][gc,start       ] GC(279) Pause Young (Allocation Failure)
[40.924s][info][gc,heap        ] GC(279) PSYoungGen: 184128K(314368K)->82144K(329728K) Eden: 43520K(43520K)->0K(43520K) From: 140608K(270848K)->82144K(286208K)
[40.924s][info][gc,heap        ] GC(279) ParOldGen: 6089058K(6519808K)->6191794K(6519808K)
[40.924s][info][gc,metaspace   ] GC(279) Metaspace: 6298K(6464K)->6298K(6464K) NonClass: 5764K(5824K)->5764K(5824K) Class: 533K(640K)->533K(640K)
[40.924s][info][gc             ] GC(279) Pause Young (Allocation Failure) 6126M->6126M(6689M) 125.785ms
[40.924s][info][gc,cpu         ] GC(279) User=0.47s Sys=0.25s Real=0.13s
[40.969s][info][gc,start       ] GC(280) Pause Young (Allocation Failure)
[41.086s][info][gc,heap        ] GC(280) PSYoungGen: 125664K(329728K)->43680K(331264K) Eden: 43520K(43520K)->0K(48640K) From: 82144K(286208K)->43680K(282624K)
[41.086s][info][gc,heap        ] GC(280) ParOldGen: 6191794K(6519808K)->6274410K(6519808K)
[41.086s][info][gc,metaspace   ] GC(280) Metaspace: 6298K(6464K)->6298K(6464K) NonClass: 5764K(5824K)->5764K(5824K) Class: 533K(640K)->533K(640K)
[41.086s][info][gc             ] GC(280) Pause Young (Allocation Failure) 6169M->6170M(6690M) 117.204ms
[41.086s][info][gc,cpu         ] GC(280) User=0.36s Sys=0.09s Real=0.12s
[41.137s][info][gc,start       ] GC(281) Pause Young (Allocation Failure)
[41.226s][info][gc,heap        ] GC(281) PSYoungGen: 92320K(331264K)->48864K(332288K) Eden: 48640K(48640K)->0K(48640K) From: 43680K(282624K)->48864K(283648K)
[41.226s][info][gc,heap        ] GC(281) ParOldGen: 6274410K(6519808K)->6318306K(6519808K)
[41.226s][info][gc,metaspace   ] GC(281) Metaspace: 6298K(6464K)->6298K(6464K) NonClass: 5764K(5824K)->5764K(5824K) Class: 533K(640K)->533K(640K)
[41.226s][info][gc             ] GC(281) Pause Young (Allocation Failure) 6217M->6217M(6691M) 89.220ms
[41.226s][info][gc,cpu         ] GC(281) User=0.20s Sys=0.14s Real=0.09s
[41.275s][info][gc,start       ] GC(282) Pause Young (Allocation Failure)
[41.373s][info][gc,heap        ] GC(282) PSYoungGen: 97504K(332288K)->48864K(328704K) Eden: 48640K(48640K)->0K(55296K) From: 48864K(283648K)->48864K(273408K)
[41.373s][info][gc,heap        ] GC(282) ParOldGen: 6318306K(6519808K)->6367394K(6519808K)
[41.373s][info][gc,metaspace   ] GC(282) Metaspace: 6298K(6464K)->6298K(6464K) NonClass: 5764K(5824K)->5764K(5824K) Class: 533K(640K)->533K(640K)
[41.373s][info][gc             ] GC(282) Pause Young (Allocation Failure) 6265M->6265M(6688M) 97.262ms
[41.373s][info][gc,cpu         ] GC(282) User=0.25s Sys=0.05s Real=0.10s
[41.431s][info][gc,start       ] GC(283) Pause Young (Allocation Failure)
[41.534s][info][gc,heap        ] GC(283) PSYoungGen: 104160K(328704K)->55520K(332800K) Eden: 55296K(55296K)->0K(55296K) From: 48864K(273408K)->55520K(277504K)
[41.534s][info][gc,heap        ] GC(283) ParOldGen: 6367394K(6519808K)->6416474K(6519808K)
[41.534s][info][gc,metaspace   ] GC(283) Metaspace: 6298K(6464K)->6298K(6464K) NonClass: 5764K(5824K)->5764K(5824K) Class: 533K(640K)->533K(640K)
[41.534s][info][gc             ] GC(283) Pause Young (Allocation Failure) 6319M->6320M(6692M) 103.180ms
[41.534s][info][gc,cpu         ] GC(283) User=0.30s Sys=0.05s Real=0.10s
[41.534s][info][gc,start       ] GC(284) Pause Full (Ergonomics)
[41.534s][info][gc,phases,start] GC(284) Marking Phase
[42.962s][info][gc,phases      ] GC(284) Marking Phase 1427.686ms
[42.962s][info][gc,phases,start] GC(284) Summary Phase
[42.962s][info][gc,phases      ] GC(284) Summary Phase 0.105ms
[42.962s][info][gc,phases,start] GC(284) Adjust Roots
[42.962s][info][gc,phases      ] GC(284) Adjust Roots 0.160ms
[42.962s][info][gc,phases,start] GC(284) Compaction Phase
[43.631s][info][gc,phases      ] GC(284) Compaction Phase 668.686ms
[43.631s][info][gc,phases,start] GC(284) Post Compact
[43.640s][info][gc,phases      ] GC(284) Post Compact 9.462ms
[43.645s][info][gc,heap        ] GC(284) PSYoungGen: 55520K(332800K)->0K(333824K) Eden: 0K(55296K)->0K(62976K) From: 55520K(277504K)->0K(270848K)
[43.645s][info][gc,heap        ] GC(284) ParOldGen: 6416474K(6519808K)->6467062K(7124992K)
[43.645s][info][gc,metaspace   ] GC(284) Metaspace: 6298K(6464K)->6298K(6464K) NonClass: 5764K(5824K)->5764K(5824K) Class: 533K(640K)->533K(640K)
[43.645s][info][gc             ] GC(284) Pause Full (Ergonomics) 6320M->6315M(7284M) 2110.804ms
[43.645s][info][gc,cpu         ] GC(284) User=14.91s Sys=0.09s Real=2.11s
[43.720s][info][gc,start       ] GC(285) Pause Young (Allocation Failure)
[43.801s][info][gc,heap        ] GC(285) PSYoungGen: 62976K(333824K)->63168K(126464K) Eden: 62976K(62976K)->0K(62976K) From: 0K(270848K)->63168K(63488K)
[43.801s][info][gc,heap        ] GC(285) ParOldGen: 6467062K(7124992K)->6467062K(7124992K)
[43.801s][info][gc,metaspace   ] GC(285) Metaspace: 6298K(6464K)->6298K(6464K) NonClass: 5764K(5824K)->5764K(5824K) Class: 533K(640K)->533K(640K)
[43.801s][info][gc             ] GC(285) Pause Young (Allocation Failure) 6376M->6377M(7081M) 80.681ms
[43.801s][info][gc,cpu         ] GC(285) User=0.19s Sys=0.00s Real=0.08s
[43.861s][info][gc,start       ] GC(286) Pause Young (Allocation Failure)
[43.967s][info][gc,heap        ] GC(286) PSYoungGen: 126144K(126464K)->63200K(314368K) Eden: 62976K(62976K)->0K(70144K) From: 63168K(63488K)->63200K(244224K)
[43.967s][info][gc,heap        ] GC(286) ParOldGen: 6467062K(7124992K)->6530606K(7124992K)
[43.967s][info][gc,metaspace   ] GC(286) Metaspace: 6298K(6464K)->6298K(6464K) NonClass: 5764K(5824K)->5764K(5824K) Class: 533K(640K)->533K(640K)
[43.967s][info][gc             ] GC(286) Pause Young (Allocation Failure) 6438M->6439M(7265M) 105.738ms
[43.967s][info][gc,cpu         ] GC(286) User=0.31s Sys=0.12s Real=0.11s
[44.039s][info][gc,start       ] GC(287) Pause Young (Allocation Failure)
[44.147s][info][gc,heap        ] GC(287) PSYoungGen: 133344K(314368K)->70400K(140800K) Eden: 70144K(70144K)->0K(70144K) From: 63200K(244224K)->70400K(70656K)
[44.147s][info][gc,heap        ] GC(287) ParOldGen: 6530606K(7124992K)->6594150K(7124992K)
[44.147s][info][gc,metaspace   ] GC(287) Metaspace: 6298K(6464K)->6298K(6464K) NonClass: 5764K(5824K)->5764K(5824K) Class: 533K(640K)->533K(640K)
[44.147s][info][gc             ] GC(287) Pause Young (Allocation Failure) 6507M->6508M(7095M) 107.775ms
[44.147s][info][gc,cpu         ] GC(287) User=0.36s Sys=0.12s Real=0.11s
[44.232s][info][gc,start       ] GC(288) Pause Young (Allocation Failure)
[44.347s][info][gc,heap        ] GC(288) PSYoungGen: 140544K(140800K)->70368K(300032K) Eden: 70144K(70144K)->0K(78336K) From: 70400K(70656K)->70368K(221696K)
[44.347s][info][gc,heap        ] GC(288) ParOldGen: 6594150K(7124992K)->6664926K(7124992K)
[44.347s][info][gc,metaspace   ] GC(288) Metaspace: 6298K(6464K)->6298K(6464K) NonClass: 5764K(5824K)->5764K(5824K) Class: 533K(640K)->533K(640K)
[44.347s][info][gc             ] GC(288) Pause Young (Allocation Failure) 6576M->6577M(7251M) 114.605ms
[44.347s][info][gc,cpu         ] GC(288) User=0.38s Sys=0.12s Real=0.11s
[44.431s][info][gc,start       ] GC(289) Pause Young (Allocation Failure)
[44.557s][info][gc,heap        ] GC(289) PSYoungGen: 148704K(300032K)->78624K(157184K) Eden: 78336K(78336K)->0K(78336K) From: 70368K(221696K)->78624K(78848K)
[44.558s][info][gc,heap        ] GC(289) ParOldGen: 6664926K(7124992K)->6735702K(7124992K)
[44.558s][info][gc,metaspace   ] GC(289) Metaspace: 6298K(6464K)->6298K(6464K) NonClass: 5764K(5824K)->5764K(5824K) Class: 533K(640K)->533K(640K)
[44.558s][info][gc             ] GC(289) Pause Young (Allocation Failure) 6653M->6654M(7111M) 126.538ms
[44.558s][info][gc,cpu         ] GC(289) User=0.41s Sys=0.16s Real=0.13s
[44.640s][info][gc,start       ] GC(290) Pause Young (Allocation Failure)
[44.760s][info][gc,heap        ] GC(290) PSYoungGen: 156960K(157184K)->78560K(286720K) Eden: 78336K(78336K)->0K(87552K) From: 78624K(78848K)->78560K(199168K)
[44.760s][info][gc,heap        ] GC(290) ParOldGen: 6735702K(7124992K)->6814734K(7124992K)
[44.760s][info][gc,metaspace   ] GC(290) Metaspace: 6298K(6464K)->6298K(6464K) NonClass: 5764K(5824K)->5764K(5824K) Class: 533K(640K)->533K(640K)
[44.760s][info][gc             ] GC(290) Pause Young (Allocation Failure) 6731M->6731M(7238M) 120.368ms
[44.760s][info][gc,cpu         ] GC(290) User=0.47s Sys=0.11s Real=0.12s
[44.863s][info][gc,start       ] GC(291) Pause Young (Allocation Failure)
[44.986s][info][gc,heap        ] GC(291) PSYoungGen: 166112K(286720K)->87808K(175616K) Eden: 87552K(87552K)->0K(87552K) From: 78560K(199168K)->87808K(88064K)
[44.986s][info][gc,heap        ] GC(291) ParOldGen: 6814734K(7124992K)->6893782K(7124992K)
[44.986s][info][gc,metaspace   ] GC(291) Metaspace: 6298K(6464K)->6298K(6464K) NonClass: 5764K(5824K)->5764K(5824K) Class: 533K(640K)->533K(640K)
[44.986s][info][gc             ] GC(291) Pause Young (Allocation Failure) 6817M->6817M(7129M) 123.303ms
[44.986s][info][gc,cpu         ] GC(291) User=0.45s Sys=0.12s Real=0.12s
[45.073s][info][gc,start       ] GC(292) Pause Young (Allocation Failure)
[45.205s][info][gc,heap        ] GC(292) PSYoungGen: 175360K(175616K)->87808K(275968K) Eden: 87552K(87552K)->0K(98304K) From: 87808K(88064K)->87808K(177664K)
[45.205s][info][gc,heap        ] GC(292) ParOldGen: 6893782K(7124992K)->6982102K(7124992K)
[45.205s][info][gc,metaspace   ] GC(292) Metaspace: 6298K(6464K)->6298K(6464K) NonClass: 5764K(5824K)->5764K(5824K) Class: 533K(640K)->533K(640K)
[45.206s][info][gc             ] GC(292) Pause Young (Allocation Failure) 6903M->6904M(7227M) 132.590ms
[45.206s][info][gc,cpu         ] GC(292) User=0.39s Sys=0.25s Real=0.13s
[45.304s][info][gc,start       ] GC(293) Pause Young (Allocation Failure)
[45.423s][info][gc,heap        ] GC(293) PSYoungGen: 186112K(275968K)->98592K(286208K) Eden: 98304K(98304K)->0K(98304K) From: 87808K(177664K)->98592K(187904K)
[45.423s][info][gc,heap        ] GC(293) ParOldGen: 6982102K(7124992K)->7070446K(7124992K)
[45.423s][info][gc,metaspace   ] GC(293) Metaspace: 6298K(6464K)->6298K(6464K) NonClass: 5764K(5824K)->5764K(5824K) Class: 533K(640K)->533K(640K)
[45.423s][info][gc             ] GC(293) Pause Young (Allocation Failure) 7000M->7001M(7237M) 119.675ms
[45.423s][info][gc,cpu         ] GC(293) User=0.67s Sys=0.11s Real=0.12s
[45.423s][info][gc,start       ] GC(294) Pause Full (Ergonomics)
[45.423s][info][gc,phases,start] GC(294) Marking Phase
[47.019s][info][gc,phases      ] GC(294) Marking Phase 1595.683ms
[47.019s][info][gc,phases,start] GC(294) Summary Phase
[47.019s][info][gc,phases      ] GC(294) Summary Phase 0.086ms
[47.019s][info][gc,phases,start] GC(294) Adjust Roots
[47.019s][info][gc,phases      ] GC(294) Adjust Roots 0.157ms
[47.019s][info][gc,phases,start] GC(294) Compaction Phase
[47.692s][info][gc,phases      ] GC(294) Compaction Phase 672.888ms
[47.692s][info][gc,phases,start] GC(294) Post Compact
[47.707s][info][gc,phases      ] GC(294) Post Compact 14.336ms
[47.711s][info][gc,heap        ] GC(294) PSYoungGen: 98592K(286208K)->38493K(286208K) Eden: 0K(98304K)->0K(98304K) From: 98592K(187904K)->38493K(187904K)
[47.712s][info][gc,heap        ] GC(294) ParOldGen: 7070446K(7124992K)->7124610K(7843328K)
[47.712s][info][gc,metaspace   ] GC(294) Metaspace: 6298K(6464K)->6298K(6464K) NonClass: 5764K(5824K)->5764K(5824K) Class: 533K(640K)->533K(640K)
[47.712s][info][gc             ] GC(294) Pause Full (Ergonomics) 7001M->6995M(7939M) 2288.176ms
[47.712s][info][gc,cpu         ] GC(294) User=16.78s Sys=0.11s Real=2.29s
[47.815s][info][gc,start       ] GC(295) Pause Young (Allocation Failure)
[48.188s][info][gc,heap        ] GC(295) PSYoungGen: 136797K(286208K)->98624K(274432K) Eden: 98304K(98304K)->0K(107520K) From: 38493K(187904K)->98624K(166912K)
[48.188s][info][gc,heap        ] GC(295) ParOldGen: 7124610K(7843328K)->7163482K(7843328K)
[48.188s][info][gc,metaspace   ] GC(295) Metaspace: 6298K(6464K)->6298K(6464K) NonClass: 5764K(5824K)->5764K(5824K) Class: 533K(640K)->533K(640K)
[48.188s][info][gc             ] GC(295) Pause Young (Allocation Failure) 7091M->7091M(7927M) 373.527ms
[48.188s][info][gc,cpu         ] GC(295) User=2.48s Sys=0.14s Real=0.37s
[48.295s][info][gc,start       ] GC(296) Pause Young (Allocation Failure)
[48.428s][info][gc,heap        ] GC(296) PSYoungGen: 206144K(274432K)->175616K(283136K) Eden: 107520K(107520K)->0K(107520K) From: 98624K(166912K)->175616K(175616K)
[48.428s][info][gc,heap        ] GC(296) ParOldGen: 7163482K(7843328K)->7194314K(7843328K)
[48.428s][info][gc,metaspace   ] GC(296) Metaspace: 6298K(6464K)->6298K(6464K) NonClass: 5764K(5824K)->5764K(5824K) Class: 533K(640K)->533K(640K)
[48.428s][info][gc             ] GC(296) Pause Young (Allocation Failure) 7196M->7197M(7936M) 132.500ms
[48.428s][info][gc,cpu         ] GC(296) User=0.66s Sys=0.03s Real=0.13s
[48.541s][info][gc,start       ] GC(297) Pause Young (Allocation Failure)
[48.752s][info][gc,heap        ] GC(297) PSYoungGen: 283136K(283136K)->107840K(311296K) Eden: 107520K(107520K)->0K(118784K) From: 175616K(175616K)->107840K(192512K)
[48.752s][info][gc,heap        ] GC(297) ParOldGen: 7194314K(7843328K)->7371170K(7843328K)
[48.752s][info][gc,metaspace   ] GC(297) Metaspace: 6298K(6464K)->6298K(6464K) NonClass: 5764K(5824K)->5764K(5824K) Class: 533K(640K)->533K(640K)
[48.752s][info][gc             ] GC(297) Pause Young (Allocation Failure) 7302M->7303M(7963M) 211.529ms
[48.752s][info][gc,cpu         ] GC(297) User=1.08s Sys=0.52s Real=0.21s
[48.874s][info][gc,start       ] GC(298) Pause Young (Allocation Failure)
[49.030s][info][gc,heap        ] GC(298) PSYoungGen: 226624K(311296K)->119168K(319488K) Eden: 118784K(118784K)->0K(118784K) From: 107840K(192512K)->119168K(200704K)
[49.030s][info][gc,heap        ] GC(298) ParOldGen: 7371170K(7843328K)->7479634K(7843328K)
[49.030s][info][gc,metaspace   ] GC(298) Metaspace: 6298K(6464K)->6298K(6464K) NonClass: 5764K(5824K)->5764K(5824K) Class: 533K(640K)->533K(640K)
[49.030s][info][gc             ] GC(298) Pause Young (Allocation Failure) 7419M->7420M(7971M) 156.649ms
[49.030s][info][gc,cpu         ] GC(298) User=1.03s Sys=0.22s Real=0.16s
[49.157s][info][gc,start       ] GC(299) Pause Young (Allocation Failure)
[49.319s][info][gc,heap        ] GC(299) PSYoungGen: 237952K(319488K)->119136K(320512K) Eden: 118784K(118784K)->0K(132096K) From: 119168K(200704K)->119136K(188416K)
[49.319s][info][gc,heap        ] GC(299) ParOldGen: 7479634K(7843328K)->7599474K(7843328K)
[49.319s][info][gc,metaspace   ] GC(299) Metaspace: 6298K(6464K)->6298K(6464K) NonClass: 5764K(5824K)->5764K(5824K) Class: 533K(640K)->533K(640K)
[49.319s][info][gc             ] GC(299) Pause Young (Allocation Failure) 7536M->7537M(7972M) 162.027ms
[49.319s][info][gc,cpu         ] GC(299) User=0.70s Sys=0.44s Real=0.16s
[49.468s][info][gc,start       ] GC(300) Pause Young (Allocation Failure)
[49.648s][info][gc,heap        ] GC(300) PSYoungGen: 251232K(320512K)->132480K(324608K) Eden: 132096K(132096K)->0K(132096K) From: 119136K(188416K)->132480K(192512K)
[49.648s][info][gc,heap        ] GC(300) ParOldGen: 7599474K(7843328K)->7719306K(7843328K)
[49.648s][info][gc,metaspace   ] GC(300) Metaspace: 6298K(6464K)->6298K(6464K) NonClass: 5764K(5824K)->5764K(5824K) Class: 533K(640K)->533K(640K)
[49.648s][info][gc             ] GC(300) Pause Young (Allocation Failure) 7666M->7667M(7976M) 180.180ms
[49.648s][info][gc,cpu         ] GC(300) User=0.86s Sys=0.36s Real=0.18s
[49.648s][info][gc,start       ] GC(301) Pause Full (Ergonomics)
[49.648s][info][gc,phases,start] GC(301) Marking Phase
[51.411s][info][gc,phases      ] GC(301) Marking Phase 1763.400ms
[51.411s][info][gc,phases,start] GC(301) Summary Phase
[51.412s][info][gc,phases      ] GC(301) Summary Phase 0.128ms
[51.412s][info][gc,phases,start] GC(301) Adjust Roots
[51.412s][info][gc,phases      ] GC(301) Adjust Roots 0.273ms
[51.412s][info][gc,phases,start] GC(301) Compaction Phase
[52.215s][info][gc,phases      ] GC(301) Compaction Phase 803.009ms
[52.215s][info][gc,phases,start] GC(301) Post Compact
[52.227s][info][gc,phases      ] GC(301) Post Compact 11.953ms
[52.233s][info][gc,heap        ] GC(301) PSYoungGen: 132480K(324608K)->2802K(324608K) Eden: 0K(132096K)->0K(132096K) From: 132480K(192512K)->2802K(192512K)
[52.233s][info][gc,heap        ] GC(301) ParOldGen: 7719306K(7843328K)->7843106K(8676864K)
[52.233s][info][gc,metaspace   ] GC(301) Metaspace: 6298K(6464K)->6298K(6464K) NonClass: 5764K(5824K)->5764K(5824K) Class: 533K(640K)->533K(640K)
[52.233s][info][gc             ] GC(301) Pause Full (Ergonomics) 7667M->7662M(8790M) 2585.043ms
[52.233s][info][gc,cpu         ] GC(301) User=18.52s Sys=0.27s Real=2.59s
[52.376s][info][gc,start       ] GC(302) Pause Young (Allocation Failure)
[52.789s][info][gc,heap        ] GC(302) PSYoungGen: 134898K(324608K)->132480K(336384K) Eden: 132096K(132096K)->0K(144384K) From: 2802K(192512K)->132480K(192000K)
[52.789s][info][gc,heap        ] GC(302) ParOldGen: 7843106K(8676864K)->7845962K(8676864K)
[52.789s][info][gc,metaspace   ] GC(302) Metaspace: 6298K(6464K)->6298K(6464K) NonClass: 5764K(5824K)->5764K(5824K) Class: 533K(640K)->533K(640K)
[52.789s][info][gc             ] GC(302) Pause Young (Allocation Failure) 7791M->7791M(8802M) 413.170ms
[52.789s][info][gc,cpu         ] GC(302) User=2.56s Sys=0.00s Real=0.41s
[52.946s][info][gc,start       ] GC(303) Pause Young (Allocation Failure)
[53.124s][info][gc,heap        ] GC(303) PSYoungGen: 276864K(336384K)->194048K(338432K) Eden: 144384K(144384K)->0K(144384K) From: 132480K(192000K)->194048K(194048K)
[53.124s][info][gc,heap        ] GC(303) ParOldGen: 7845962K(8676864K)->7929490K(8676864K)
[53.124s][info][gc,metaspace   ] GC(303) Metaspace: 6298K(6464K)->6298K(6464K) NonClass: 5764K(5824K)->5764K(5824K) Class: 533K(640K)->533K(640K)
[53.124s][info][gc             ] GC(303) Pause Young (Allocation Failure) 7932M->7933M(8804M) 177.463ms
[53.124s][info][gc,cpu         ] GC(303) User=1.00s Sys=0.19s Real=0.18s
[53.272s][info][gc,start       ] GC(304) Pause Young (Allocation Failure)
[53.558s][info][gc,heap        ] GC(304) PSYoungGen: 338432K(338432K)->144800K(397312K) Eden: 144384K(144384K)->0K(159744K) From: 194048K(194048K)->144800K(237568K)
[53.558s][info][gc,heap        ] GC(304) ParOldGen: 7929490K(8676864K)->8124938K(8676864K)
[53.558s][info][gc,metaspace   ] GC(304) Metaspace: 6298K(6464K)->6298K(6464K) NonClass: 5764K(5824K)->5764K(5824K) Class: 533K(640K)->533K(640K)
[53.558s][info][gc             ] GC(304) Pause Young (Allocation Failure) 8074M->8075M(8861M) 285.747ms
[53.558s][info][gc,cpu         ] GC(304) User=0.77s Sys=0.75s Real=0.28s
[53.720s][info][gc,start       ] GC(305) Pause Young (Allocation Failure)
[53.939s][info][gc,heap        ] GC(305) PSYoungGen: 304544K(397312K)->160160K(401408K) Eden: 159744K(159744K)->0K(159744K) From: 144800K(237568K)->160160K(241664K)
[53.939s][info][gc,heap        ] GC(305) ParOldGen: 8124938K(8676864K)->8270602K(8676864K)
[53.939s][info][gc,metaspace   ] GC(305) Metaspace: 6298K(6464K)->6298K(6464K) NonClass: 5764K(5824K)->5764K(5824K) Class: 533K(640K)->533K(640K)
[53.939s][info][gc             ] GC(305) Pause Young (Allocation Failure) 8231M->8233M(8865M) 219.626ms
[53.939s][info][gc,cpu         ] GC(305) User=1.23s Sys=0.39s Real=0.22s
[54.107s][info][gc,start       ] GC(306) Pause Young (Allocation Failure)
[54.341s][info][gc,heap        ] GC(306) PSYoungGen: 319904K(401408K)->160160K(417792K) Eden: 159744K(159744K)->0K(177664K) From: 160160K(241664K)->160160K(240128K)
[54.341s][info][gc,heap        ] GC(306) ParOldGen: 8270602K(8676864K)->8431770K(8676864K)
[54.341s][info][gc,metaspace   ] GC(306) Metaspace: 6298K(6464K)->6298K(6464K) NonClass: 5764K(5824K)->5764K(5824K) Class: 533K(640K)->533K(640K)
[54.341s][info][gc             ] GC(306) Pause Young (Allocation Failure) 8389M->8390M(8881M) 234.273ms
[54.341s][info][gc,cpu         ] GC(306) User=1.34s Sys=0.41s Real=0.23s
[54.515s][info][gc,start       ] GC(307) Pause Young (Allocation Failure)
[54.748s][info][gc,heap        ] GC(307) PSYoungGen: 337824K(417792K)->178144K(418304K) Eden: 177664K(177664K)->0K(177664K) From: 160160K(240128K)->178144K(240640K)
[54.748s][info][gc,heap        ] GC(307) ParOldGen: 8431770K(8676864K)->8592938K(8676864K)
[54.749s][info][gc,metaspace   ] GC(307) Metaspace: 6298K(6464K)->6298K(6464K) NonClass: 5764K(5824K)->5764K(5824K) Class: 533K(640K)->533K(640K)
[54.749s][info][gc             ] GC(307) Pause Young (Allocation Failure) 8564M->8565M(8882M) 233.119ms
[54.749s][info][gc,cpu         ] GC(307) User=1.20s Sys=0.38s Real=0.23s
[54.749s][info][gc,start       ] GC(308) Pause Full (Ergonomics)
[54.749s][info][gc,phases,start] GC(308) Marking Phase
[56.792s][info][gc,phases      ] GC(308) Marking Phase 2043.860ms
[56.793s][info][gc,phases,start] GC(308) Summary Phase
[56.793s][info][gc,phases      ] GC(308) Summary Phase 0.113ms
[56.793s][info][gc,phases,start] GC(308) Adjust Roots
[56.793s][info][gc,phases      ] GC(308) Adjust Roots 0.219ms
[56.793s][info][gc,phases,start] GC(308) Compaction Phase
[57.639s][info][gc,phases      ] GC(308) Compaction Phase 846.314ms
[57.639s][info][gc,phases,start] GC(308) Post Compact
[57.654s][info][gc,phases      ] GC(308) Post Compact 14.647ms
[57.661s][info][gc,heap        ] GC(308) PSYoungGen: 178144K(418304K)->87180K(418304K) Eden: 0K(177664K)->0K(177664K) From: 178144K(240640K)->87180K(240640K)
[57.661s][info][gc,heap        ] GC(308) ParOldGen: 8592938K(8676864K)->8676549K(9642496K)
[57.661s][info][gc,metaspace   ] GC(308) Metaspace: 6298K(6464K)->6298K(6464K) NonClass: 5764K(5824K)->5764K(5824K) Class: 533K(640K)->533K(640K)
[57.661s][info][gc             ] GC(308) Pause Full (Ergonomics) 8565M->8558M(9825M) 2912.193ms
[57.661s][info][gc,cpu         ] GC(308) User=21.28s Sys=0.34s Real=2.91s
[57.850s][info][gc,start       ] GC(309) Pause Young (Allocation Failure)
[58.430s][info][gc,heap        ] GC(309) PSYoungGen: 264844K(418304K)->178112K(440320K) Eden: 177664K(177664K)->0K(194048K) From: 87180K(240640K)->178112K(246272K)
[58.430s][info][gc,heap        ] GC(309) ParOldGen: 8676549K(9642496K)->8764573K(9642496K)
[58.430s][info][gc,metaspace   ] GC(309) Metaspace: 6298K(6464K)->6298K(6464K) NonClass: 5764K(5824K)->5764K(5824K) Class: 533K(640K)->533K(640K)
[58.430s][info][gc             ] GC(309) Pause Young (Allocation Failure) 8731M->8733M(9846M) 580.385ms
[58.430s][info][gc,cpu         ] GC(309) User=3.45s Sys=0.39s Real=0.58s
[58.639s][info][gc,start       ] GC(310) Pause Young (Allocation Failure)
[58.894s][info][gc,heap        ] GC(310) PSYoungGen: 372160K(440320K)->249856K(443904K) Eden: 194048K(194048K)->0K(194048K) From: 178112K(246272K)->249856K(249856K)
[58.894s][info][gc,heap        ] GC(310) ParOldGen: 8764573K(9642496K)->8888005K(9642496K)
[58.894s][info][gc,metaspace   ] GC(310) Metaspace: 6298K(6464K)->6298K(6464K) NonClass: 5764K(5824K)->5764K(5824K) Class: 533K(640K)->533K(640K)
[58.894s][info][gc             ] GC(310) Pause Young (Allocation Failure) 8922M->8923M(9850M) 255.002ms
[58.894s][info][gc,cpu         ] GC(310) User=1.39s Sys=0.50s Real=0.25s
[59.119s][info][gc,start       ] GC(311) Pause Young (Allocation Failure)
[59.503s][info][gc,heap        ] GC(311) PSYoungGen: 443904K(443904K)->194560K(528896K) Eden: 194048K(194048K)->0K(214528K) From: 249856K(249856K)->194560K(314368K)
[59.503s][info][gc,heap        ] GC(311) ParOldGen: 8888005K(9642496K)->9139637K(9642496K)
[59.503s][info][gc,metaspace   ] GC(311) Metaspace: 6298K(6464K)->6298K(6464K) NonClass: 5764K(5824K)->5764K(5824K) Class: 533K(640K)->533K(640K)
[59.503s][info][gc             ] GC(311) Pause Young (Allocation Failure) 9113M->9115M(9933M) 384.270ms
[59.503s][info][gc,cpu         ] GC(311) User=1.50s Sys=0.83s Real=0.38s
[59.738s][info][gc,start       ] GC(312) Pause Young (Allocation Failure)
[60.043s][info][gc,heap        ] GC(312) PSYoungGen: 409088K(528896K)->215072K(532992K) Eden: 214528K(214528K)->0K(214528K) From: 194560K(314368K)->215072K(318464K)
[60.043s][info][gc,heap        ] GC(312) ParOldGen: 9139637K(9642496K)->9335421K(9642496K)
[60.043s][info][gc,metaspace   ] GC(312) Metaspace: 6298K(6464K)->6298K(6464K) NonClass: 5764K(5824K)->5764K(5824K) Class: 533K(640K)->533K(640K)
[60.043s][info][gc             ] GC(312) Pause Young (Allocation Failure) 9324M->9326M(9937M) 305.026ms
[60.043s][info][gc,cpu         ] GC(312) User=1.62s Sys=0.55s Real=0.31s
[60.280s][info][gc,start       ] GC(313) Pause Young (Allocation Failure)
[60.615s][info][gc,heap        ] GC(313) PSYoungGen: 429600K(532992K)->215104K(557568K) Eden: 214528K(214528K)->0K(237056K) From: 215072K(318464K)->215104K(320512K)
[60.616s][info][gc,heap        ] GC(313) ParOldGen: 9335421K(9642496K)->9551893K(9642496K)
[60.616s][info][gc,metaspace   ] GC(313) Metaspace: 6298K(6464K)->6298K(6464K) NonClass: 5764K(5824K)->5764K(5824K) Class: 533K(640K)->533K(640K)
[60.616s][info][gc             ] GC(313) Pause Young (Allocation Failure) 9536M->9538M(9961M) 335.748ms
[60.616s][info][gc,cpu         ] GC(313) User=1.38s Sys=0.97s Real=0.34s
[60.616s][info][gc,start       ] GC(314) Pause Full (Ergonomics)
[60.616s][info][gc,phases,start] GC(314) Marking Phase
[62.924s][info][gc,phases      ] GC(314) Marking Phase 2308.307ms
[62.924s][info][gc,phases,start] GC(314) Summary Phase
[62.924s][info][gc,phases      ] GC(314) Summary Phase 0.106ms
[62.924s][info][gc,phases,start] GC(314) Adjust Roots
[62.924s][info][gc,phases      ] GC(314) Adjust Roots 0.200ms
[62.924s][info][gc,phases,start] GC(314) Compaction Phase
[63.803s][info][gc,phases      ] GC(314) Compaction Phase 879.043ms
[63.804s][info][gc,phases,start] GC(314) Post Compact
[63.818s][info][gc,phases      ] GC(314) Post Compact 14.678ms
[63.826s][info][gc,heap        ] GC(314) PSYoungGen: 215104K(557568K)->116367K(557568K) Eden: 0K(237056K)->0K(237056K) From: 215104K(320512K)->116367K(320512K)
[63.826s][info][gc,heap        ] GC(314) ParOldGen: 9551893K(9642496K)->9642009K(10742272K)
[63.826s][info][gc,metaspace   ] GC(314) Metaspace: 6298K(6464K)->6298K(6464K) NonClass: 5764K(5824K)->5764K(5824K) Class: 533K(640K)->533K(640K)
[63.826s][info][gc             ] GC(314) Pause Full (Ergonomics) 9538M->9529M(11035M) 3210.001ms
[63.826s][info][gc,cpu         ] GC(314) User=23.62s Sys=0.28s Real=3.21s
[64.083s][info][gc,start       ] GC(315) Pause Young (Allocation Failure)
[64.770s][info][gc,heap        ] GC(315) PSYoungGen: 353423K(557568K)->237664K(558080K) Eden: 237056K(237056K)->0K(237056K) From: 116367K(320512K)->237664K(321024K)
[64.770s][info][gc,heap        ] GC(315) ParOldGen: 9642009K(10742272K)->9759481K(10742272K)
[64.770s][info][gc,metaspace   ] GC(315) Metaspace: 6298K(6464K)->6298K(6464K) NonClass: 5764K(5824K)->5764K(5824K) Class: 533K(640K)->533K(640K)
[64.770s][info][gc             ] GC(315) Pause Young (Allocation Failure) 9761M->9762M(11035M) 687.553ms
[64.770s][info][gc,cpu         ] GC(315) User=4.41s Sys=0.17s Real=0.69s
[65.023s][info][gc,start       ] GC(316) Pause Young (Allocation Failure)
[65.402s][info][gc,heap        ] GC(316) PSYoungGen: 474720K(558080K)->329216K(495104K) Eden: 237056K(237056K)->0K(165888K) From: 237664K(321024K)->329216K(329216K)
[65.402s][info][gc,heap        ] GC(316) ParOldGen: 9759481K(10742272K)->9906345K(10742272K)
[65.402s][info][gc,metaspace   ] GC(316) Metaspace: 6298K(6464K)->6298K(6464K) NonClass: 5764K(5824K)->5764K(5824K) Class: 533K(640K)->533K(640K)
[65.402s][info][gc             ] GC(316) Pause Young (Allocation Failure) 9994M->9995M(10974M) 378.960ms
[65.402s][info][gc,cpu         ] GC(316) User=1.47s Sys=0.94s Real=0.38s
[65.593s][info][gc,start       ] GC(317) Pause Young (Allocation Failure)
[66.008s][info][gc,heap        ] GC(317) PSYoungGen: 495104K(495104K)->166400K(588288K) Eden: 165888K(165888K)->0K(165888K) From: 329216K(329216K)->166400K(422400K)
[66.008s][info][gc,heap        ] GC(317) ParOldGen: 9906345K(10742272K)->10237945K(10742272K)
[66.008s][info][gc,metaspace   ] GC(317) Metaspace: 6298K(6464K)->6298K(6464K) NonClass: 5764K(5824K)->5764K(5824K) Class: 533K(640K)->533K(640K)
[66.008s][info][gc             ] GC(317) Pause Young (Allocation Failure) 10157M->10160M(11065M) 415.371ms
[66.008s][info][gc,cpu         ] GC(317) User=1.47s Sys=1.16s Real=0.42s
[66.189s][info][gc,start       ] GC(318) Pause Young (Allocation Failure)
[66.454s][info][gc,heap        ] GC(318) PSYoungGen: 332288K(588288K)->166368K(568832K) Eden: 165888K(165888K)->0K(184320K) From: 166400K(422400K)->166368K(384512K)
[66.454s][info][gc,heap        ] GC(318) ParOldGen: 10237945K(10742272K)->10405337K(10742272K)
[66.454s][info][gc,metaspace   ] GC(318) Metaspace: 6298K(6464K)->6298K(6464K) NonClass: 5764K(5824K)->5764K(5824K) Class: 533K(640K)->533K(640K)
[66.454s][info][gc             ] GC(318) Pause Young (Allocation Failure) 10322M->10323M(11046M) 264.350ms
[66.454s][info][gc,cpu         ] GC(318) User=1.31s Sys=0.55s Real=0.26s
[66.660s][info][gc,start       ] GC(319) Pause Young (Allocation Failure)
[66.934s][info][gc,heap        ] GC(319) PSYoungGen: 350688K(568832K)->184800K(581120K) Eden: 184320K(184320K)->0K(184320K) From: 166368K(384512K)->184800K(396800K)
[66.934s][info][gc,heap        ] GC(319) ParOldGen: 10405337K(10742272K)->10572713K(10742272K)
[66.934s][info][gc,metaspace   ] GC(319) Metaspace: 6298K(6464K)->6298K(6464K) NonClass: 5764K(5824K)->5764K(5824K) Class: 533K(640K)->533K(640K)
[66.934s][info][gc             ] GC(319) Pause Young (Allocation Failure) 10503M->10505M(11058M) 274.216ms
[66.934s][info][gc,cpu         ] GC(319) User=1.39s Sys=0.25s Real=0.27s
[66.934s][info][gc,start       ] GC(320) Pause Full (Ergonomics)
[66.934s][info][gc,phases,start] GC(320) Marking Phase
[69.579s][info][gc,phases      ] GC(320) Marking Phase 2645.041ms
[69.579s][info][gc,phases,start] GC(320) Summary Phase
[69.579s][info][gc,phases      ] GC(320) Summary Phase 0.113ms
[69.579s][info][gc,phases,start] GC(320) Adjust Roots
[69.579s][info][gc,phases      ] GC(320) Adjust Roots 0.189ms
[69.580s][info][gc,phases,start] GC(320) Compaction Phase
[70.577s][info][gc,phases      ] GC(320) Compaction Phase 997.880ms
[70.577s][info][gc,phases,start] GC(320) Post Compact
[70.595s][info][gc,phases      ] GC(320) Post Compact 17.750ms
[70.596s][info][gc,heap        ] GC(320) PSYoungGen: 184800K(581120K)->6477K(581120K) Eden: 0K(184320K)->0K(184320K) From: 184800K(396800K)->6477K(396800K)
[70.596s][info][gc,heap        ] GC(320) ParOldGen: 10572713K(10742272K)->10741951K(10991104K)
[70.596s][info][gc,metaspace   ] GC(320) Metaspace: 6298K(6464K)->6298K(6464K) NonClass: 5764K(5824K)->5764K(5824K) Class: 533K(640K)->533K(640K)
[70.596s][info][gc             ] GC(320) Pause Full (Ergonomics) 10505M->10496M(11301M) 3662.285ms
[70.596s][info][gc,cpu         ] GC(320) User=26.30s Sys=0.17s Real=3.66s
[70.821s][info][gc,start       ] GC(321) Pause Young (Allocation Failure)
[71.444s][info][gc,heap        ] GC(321) PSYoungGen: 190797K(581120K)->184832K(548864K) Eden: 184320K(184320K)->0K(201216K) From: 6477K(396800K)->184832K(347648K)
[71.444s][info][gc,heap        ] GC(321) ParOldGen: 10741951K(10991104K)->10748519K(10991104K)
[71.444s][info][gc,metaspace   ] GC(321) Metaspace: 6298K(6464K)->6298K(6464K) NonClass: 5764K(5824K)->5764K(5824K) Class: 533K(640K)->533K(640K)
[71.444s][info][gc             ] GC(321) Pause Young (Allocation Failure) 10676M->10677M(11269M) 622.948ms
[71.444s][info][gc,cpu         ] GC(321) User=3.95s Sys=0.00s Real=0.62s
[71.444s][info][gc,start       ] GC(322) Pause Full (Ergonomics)
[71.444s][info][gc,phases,start] GC(322) Marking Phase
[73.974s][info][gc,phases      ] GC(322) Marking Phase 2529.847ms
[73.974s][info][gc,phases,start] GC(322) Summary Phase
[73.974s][info][gc,phases      ] GC(322) Summary Phase 0.176ms
[73.974s][info][gc,phases,start] GC(322) Adjust Roots
[73.974s][info][gc,phases      ] GC(322) Adjust Roots 0.268ms
[73.974s][info][gc,phases,start] GC(322) Compaction Phase
[74.718s][info][gc,phases      ] GC(322) Compaction Phase 743.228ms
[74.718s][info][gc,phases,start] GC(322) Post Compact
[74.735s][info][gc,phases      ] GC(322) Post Compact 17.399ms
[74.735s][info][gc,heap        ] GC(322) PSYoungGen: 184832K(548864K)->0K(567296K) Eden: 0K(201216K)->0K(201216K) From: 184832K(347648K)->0K(366080K)
[74.735s][info][gc,heap        ] GC(322) ParOldGen: 10748519K(10991104K)->10932715K(10991104K)
[74.735s][info][gc,metaspace   ] GC(322) Metaspace: 6298K(6464K)->6298K(6464K) NonClass: 5764K(5824K)->5764K(5824K) Class: 533K(640K)->533K(640K)
[74.735s][info][gc             ] GC(322) Pause Full (Ergonomics) 10677M->10676M(11287M) 3291.366ms
[74.735s][info][gc,cpu         ] GC(322) User=24.95s Sys=0.09s Real=3.29s
[74.963s][info][gc,start       ] GC(323) Pause Full (Ergonomics)
[74.963s][info][gc,phases,start] GC(323) Marking Phase
[77.527s][info][gc,phases      ] GC(323) Marking Phase 2564.708ms
[77.528s][info][gc,phases,start] GC(323) Summary Phase
[77.528s][info][gc,phases      ] GC(323) Summary Phase 0.142ms
[77.528s][info][gc,phases,start] GC(323) Adjust Roots
[77.528s][info][gc,phases      ] GC(323) Adjust Roots 0.206ms
[77.528s][info][gc,phases,start] GC(323) Compaction Phase
[78.287s][info][gc,phases      ] GC(323) Compaction Phase 758.672ms
[78.287s][info][gc,phases,start] GC(323) Post Compact
[78.302s][info][gc,phases      ] GC(323) Post Compact 14.954ms
[78.302s][info][gc,heap        ] GC(323) PSYoungGen: 201216K(567296K)->142822K(567296K) Eden: 201216K(201216K)->142822K(201216K) From: 0K(366080K)->0K(366080K)
[78.302s][info][gc,heap        ] GC(323) ParOldGen: 10932715K(10991104K)->10991073K(10991104K)
[78.302s][info][gc,metaspace   ] GC(323) Metaspace: 6298K(6464K)->6298K(6464K) NonClass: 5764K(5824K)->5764K(5824K) Class: 533K(640K)->533K(640K)
[78.302s][info][gc             ] GC(323) Pause Full (Ergonomics) 10872M->10872M(11287M) 3339.084ms
[78.302s][info][gc,cpu         ] GC(323) User=25.52s Sys=0.08s Real=3.34s
[78.367s][info][gc,start       ] GC(324) Pause Full (Ergonomics)
[78.367s][info][gc,phases,start] GC(324) Marking Phase
[80.951s][info][gc,phases      ] GC(324) Marking Phase 2583.963ms
[80.951s][info][gc,phases,start] GC(324) Summary Phase
[80.951s][info][gc,phases      ] GC(324) Summary Phase 0.162ms
[80.951s][info][gc,phases,start] GC(324) Adjust Roots
[80.951s][info][gc,phases      ] GC(324) Adjust Roots 0.279ms
[80.952s][info][gc,phases,start] GC(324) Compaction Phase
[81.731s][info][gc,phases      ] GC(324) Compaction Phase 779.493ms
[81.731s][info][gc,phases,start] GC(324) Post Compact
[81.750s][info][gc,phases      ] GC(324) Post Compact 18.596ms
[81.750s][info][gc,heap        ] GC(324) PSYoungGen: 201216K(567296K)->201205K(567296K) Eden: 201216K(201216K)->201205K(201216K) From: 0K(366080K)->0K(366080K)
[81.750s][info][gc,heap        ] GC(324) ParOldGen: 10991073K(10991104K)->10991073K(10991104K)
[81.750s][info][gc,metaspace   ] GC(324) Metaspace: 6298K(6464K)->6298K(6464K) NonClass: 5764K(5824K)->5764K(5824K) Class: 533K(640K)->533K(640K)
[81.750s][info][gc             ] GC(324) Pause Full (Ergonomics) 10929M->10929M(11287M) 3382.935ms
[81.750s][info][gc,cpu         ] GC(324) User=25.42s Sys=0.00s Real=3.38s
[81.750s][info][gc,start       ] GC(325) Pause Full (Ergonomics)
[81.750s][info][gc,phases,start] GC(325) Marking Phase
[84.308s][info][gc,phases      ] GC(325) Marking Phase 2557.417ms
[84.308s][info][gc,phases,start] GC(325) Summary Phase
[84.308s][info][gc,phases      ] GC(325) Summary Phase 0.169ms
[84.308s][info][gc,phases,start] GC(325) Adjust Roots
[84.308s][info][gc,phases      ] GC(325) Adjust Roots 0.314ms
[84.308s][info][gc,phases,start] GC(325) Compaction Phase
[85.078s][info][gc,phases      ] GC(325) Compaction Phase 769.911ms
[85.078s][info][gc,phases,start] GC(325) Post Compact
[85.096s][info][gc,phases      ] GC(325) Post Compact 17.469ms
[85.096s][info][gc,heap        ] GC(325) PSYoungGen: 201216K(567296K)->201215K(567296K) Eden: 201216K(201216K)->201215K(201216K) From: 0K(366080K)->0K(366080K)
[85.096s][info][gc,heap        ] GC(325) ParOldGen: 10991073K(10991104K)->10991073K(10991104K)
[85.096s][info][gc,metaspace   ] GC(325) Metaspace: 6298K(6464K)->6298K(6464K) NonClass: 5764K(5824K)->5764K(5824K) Class: 533K(640K)->533K(640K)
[85.096s][info][gc             ] GC(325) Pause Full (Ergonomics) 10929M->10929M(11287M) 3345.697ms
[85.096s][info][gc,cpu         ] GC(325) User=25.30s Sys=0.00s Real=3.35s
[85.096s][info][gc,start       ] GC(326) Pause Full (Ergonomics)
[85.096s][info][gc,phases,start] GC(326) Marking Phase
[87.641s][info][gc,phases      ] GC(326) Marking Phase 2544.955ms
[87.641s][info][gc,phases,start] GC(326) Summary Phase
[87.641s][info][gc,phases      ] GC(326) Summary Phase 0.193ms
[87.641s][info][gc,phases,start] GC(326) Adjust Roots
[87.641s][info][gc,phases      ] GC(326) Adjust Roots 0.224ms
[87.641s][info][gc,phases,start] GC(326) Compaction Phase
[88.404s][info][gc,phases      ] GC(326) Compaction Phase 762.139ms
[88.404s][info][gc,phases,start] GC(326) Post Compact
[88.422s][info][gc,phases      ] GC(326) Post Compact 18.197ms
[88.422s][info][gc,heap        ] GC(326) PSYoungGen: 201215K(567296K)->201215K(567296K) Eden: 201215K(201216K)->201215K(201216K) From: 0K(366080K)->0K(366080K)
[88.422s][info][gc,heap        ] GC(326) ParOldGen: 10991073K(10991104K)->10991073K(10991104K)
[88.422s][info][gc,metaspace   ] GC(326) Metaspace: 6298K(6464K)->6298K(6464K) NonClass: 5764K(5824K)->5764K(5824K) Class: 533K(640K)->533K(640K)
[88.422s][info][gc             ] GC(326) Pause Full (Ergonomics) 10929M->10929M(11287M) 3326.092ms
[88.422s][info][gc,cpu         ] GC(326) User=25.42s Sys=0.00s Real=3.33s
[88.422s][info][gc,start       ] GC(327) Pause Full (Ergonomics)
[88.422s][info][gc,phases,start] GC(327) Marking Phase
[90.959s][info][gc,phases      ] GC(327) Marking Phase 2536.812ms
[90.959s][info][gc,phases,start] GC(327) Summary Phase
[90.959s][info][gc,phases      ] GC(327) Summary Phase 0.215ms
[90.959s][info][gc,phases,start] GC(327) Adjust Roots
[90.960s][info][gc,phases      ] GC(327) Adjust Roots 0.221ms
[90.960s][info][gc,phases,start] GC(327) Compaction Phase
[91.706s][info][gc,phases      ] GC(327) Compaction Phase 745.843ms
[91.706s][info][gc,phases,start] GC(327) Post Compact
[91.724s][info][gc,phases      ] GC(327) Post Compact 18.099ms
[91.724s][info][gc,heap        ] GC(327) PSYoungGen: 201215K(567296K)->201215K(567296K) Eden: 201215K(201216K)->201215K(201216K) From: 0K(366080K)->0K(366080K)
[91.724s][info][gc,heap        ] GC(327) ParOldGen: 10991078K(10991104K)->10991078K(10991104K)
[91.724s][info][gc,metaspace   ] GC(327) Metaspace: 6298K(6464K)->6298K(6464K) NonClass: 5764K(5824K)->5764K(5824K) Class: 533K(640K)->533K(640K)
[91.724s][info][gc             ] GC(327) Pause Full (Ergonomics) 10929M->10929M(11287M) 3301.555ms
[91.724s][info][gc,cpu         ] GC(327) User=25.47s Sys=0.03s Real=3.30s
[91.724s][info][gc,start       ] GC(328) Pause Full (Ergonomics)
[91.724s][info][gc,phases,start] GC(328) Marking Phase
[94.233s][info][gc,phases      ] GC(328) Marking Phase 2508.852ms
[94.233s][info][gc,phases,start] GC(328) Summary Phase
[94.233s][info][gc,phases      ] GC(328) Summary Phase 0.176ms
[94.233s][info][gc,phases,start] GC(328) Adjust Roots
[94.234s][info][gc,phases      ] GC(328) Adjust Roots 0.323ms
[94.234s][info][gc,phases,start] GC(328) Compaction Phase
[95.007s][info][gc,phases      ] GC(328) Compaction Phase 773.295ms
[95.007s][info][gc,phases,start] GC(328) Post Compact
[95.023s][info][gc,phases      ] GC(328) Post Compact 16.392ms
[95.023s][info][gc,heap        ] GC(328) PSYoungGen: 201215K(567296K)->201215K(567296K) Eden: 201215K(201216K)->201215K(201216K) From: 0K(366080K)->0K(366080K)
[95.024s][info][gc,heap        ] GC(328) ParOldGen: 10991083K(10991104K)->10991083K(10991104K)
[95.024s][info][gc,metaspace   ] GC(328) Metaspace: 6298K(6464K)->6298K(6464K) NonClass: 5764K(5824K)->5764K(5824K) Class: 533K(640K)->533K(640K)
[95.024s][info][gc             ] GC(328) Pause Full (Ergonomics) 10929M->10929M(11287M) 3299.460ms
[95.024s][info][gc,cpu         ] GC(328) User=25.23s Sys=0.00s Real=3.30s
[95.024s][info][gc,start       ] GC(329) Pause Full (Ergonomics)
[95.024s][info][gc,phases,start] GC(329) Marking Phase
[97.557s][info][gc,phases      ] GC(329) Marking Phase 2533.013ms
[97.557s][info][gc,phases,start] GC(329) Summary Phase
[97.557s][info][gc,phases      ] GC(329) Summary Phase 0.155ms
[97.557s][info][gc,phases,start] GC(329) Adjust Roots
[97.557s][info][gc,phases      ] GC(329) Adjust Roots 0.267ms
[97.557s][info][gc,phases,start] GC(329) Compaction Phase
[98.343s][info][gc,phases      ] GC(329) Compaction Phase 785.873ms
[98.343s][info][gc,phases,start] GC(329) Post Compact
[98.360s][info][gc,phases      ] GC(329) Post Compact 16.266ms
[98.360s][info][gc,heap        ] GC(329) PSYoungGen: 201215K(567296K)->201215K(567296K) Eden: 201215K(201216K)->201215K(201216K) From: 0K(366080K)->0K(366080K)
[98.360s][info][gc,heap        ] GC(329) ParOldGen: 10991088K(10991104K)->10991088K(10991104K)
[98.360s][info][gc,metaspace   ] GC(329) Metaspace: 6298K(6464K)->6298K(6464K) NonClass: 5764K(5824K)->5764K(5824K) Class: 533K(640K)->533K(640K)
[98.360s][info][gc             ] GC(329) Pause Full (Ergonomics) 10929M->10929M(11287M) 3335.975ms
[98.360s][info][gc,cpu         ] GC(329) User=25.36s Sys=0.00s Real=3.34s
[98.360s][info][gc,start       ] GC(330) Pause Full (Ergonomics)
[98.360s][info][gc,phases,start] GC(330) Marking Phase
[100.905s][info][gc,phases      ] GC(330) Marking Phase 2544.978ms
[100.905s][info][gc,phases,start] GC(330) Summary Phase
[100.905s][info][gc,phases      ] GC(330) Summary Phase 0.172ms
[100.905s][info][gc,phases,start] GC(330) Adjust Roots
[100.906s][info][gc,phases      ] GC(330) Adjust Roots 0.290ms
[100.906s][info][gc,phases,start] GC(330) Compaction Phase
[101.672s][info][gc,phases      ] GC(330) Compaction Phase 766.353ms
[101.672s][info][gc,phases,start] GC(330) Post Compact
[101.690s][info][gc,phases      ] GC(330) Post Compact 18.062ms
[101.690s][info][gc,heap        ] GC(330) PSYoungGen: 201215K(567296K)->201215K(567296K) Eden: 201215K(201216K)->201215K(201216K) From: 0K(366080K)->0K(366080K)
[101.690s][info][gc,heap        ] GC(330) ParOldGen: 10991093K(10991104K)->10991093K(10991104K)
[101.690s][info][gc,metaspace   ] GC(330) Metaspace: 6298K(6464K)->6298K(6464K) NonClass: 5764K(5824K)->5764K(5824K) Class: 533K(640K)->533K(640K)
[101.690s][info][gc             ] GC(330) Pause Full (Ergonomics) 10929M->10929M(11287M) 3330.280ms
[101.690s][info][gc,cpu         ] GC(330) User=25.31s Sys=0.02s Real=3.33s
[101.690s][info][gc,start       ] GC(331) Pause Full (Ergonomics)
[101.690s][info][gc,phases,start] GC(331) Marking Phase
[104.251s][info][gc,phases      ] GC(331) Marking Phase 2560.865ms
[104.251s][info][gc,phases,start] GC(331) Summary Phase
[104.252s][info][gc,phases      ] GC(331) Summary Phase 0.206ms
[104.252s][info][gc,phases,start] GC(331) Adjust Roots
[104.252s][info][gc,phases      ] GC(331) Adjust Roots 0.383ms
[104.252s][info][gc,phases,start] GC(331) Compaction Phase
[105.030s][info][gc,phases      ] GC(331) Compaction Phase 778.286ms
[105.030s][info][gc,phases,start] GC(331) Post Compact
[105.045s][info][gc,phases      ] GC(331) Post Compact 14.187ms
[105.045s][info][gc,heap        ] GC(331) PSYoungGen: 201215K(567296K)->201215K(567296K) Eden: 201215K(201216K)->201215K(201216K) From: 0K(366080K)->0K(366080K)
[105.045s][info][gc,heap        ] GC(331) ParOldGen: 10991098K(10991104K)->10991098K(10991104K)
[105.045s][info][gc,metaspace   ] GC(331) Metaspace: 6298K(6464K)->6298K(6464K) NonClass: 5764K(5824K)->5764K(5824K) Class: 533K(640K)->533K(640K)
[105.045s][info][gc             ] GC(331) Pause Full (Ergonomics) 10929M->10929M(11287M) 3354.350ms
[105.045s][info][gc,cpu         ] GC(331) User=25.62s Sys=0.00s Real=3.36s
[105.045s][info][gc,start       ] GC(332) Pause Full (Ergonomics)
[105.045s][info][gc,phases,start] GC(332) Marking Phase
[107.636s][info][gc,phases      ] GC(332) Marking Phase 2591.134ms
[107.636s][info][gc,phases,start] GC(332) Summary Phase
[107.636s][info][gc,phases      ] GC(332) Summary Phase 0.207ms
[107.636s][info][gc,phases,start] GC(332) Adjust Roots
[107.637s][info][gc,phases      ] GC(332) Adjust Roots 0.325ms
[107.637s][info][gc,phases,start] GC(332) Compaction Phase
[108.373s][info][gc,phases      ] GC(332) Compaction Phase 735.689ms
[108.373s][info][gc,phases,start] GC(332) Post Compact
[108.391s][info][gc,phases      ] GC(332) Post Compact 17.964ms
[108.391s][info][gc,heap        ] GC(332) PSYoungGen: 201215K(567296K)->201215K(567296K) Eden: 201215K(201216K)->201215K(201216K) From: 0K(366080K)->0K(366080K)
[108.391s][info][gc,heap        ] GC(332) ParOldGen: 10991103K(10991104K)->10991103K(10991104K)
[108.391s][info][gc,metaspace   ] GC(332) Metaspace: 6298K(6464K)->6298K(6464K) NonClass: 5764K(5824K)->5764K(5824K) Class: 533K(640K)->533K(640K)
[108.391s][info][gc             ] GC(332) Pause Full (Ergonomics) 10929M->10929M(11287M) 3345.770ms
[108.391s][info][gc,cpu         ] GC(332) User=25.42s Sys=0.03s Real=3.35s
[108.391s][info][gc,start       ] GC(333) Pause Full (Ergonomics)
[108.391s][info][gc,phases,start] GC(333) Marking Phase
[110.947s][info][gc,phases      ] GC(333) Marking Phase 2555.612ms
[110.947s][info][gc,phases,start] GC(333) Summary Phase
[110.947s][info][gc,phases      ] GC(333) Summary Phase 0.176ms
[110.947s][info][gc,phases,start] GC(333) Adjust Roots
[110.947s][info][gc,phases      ] GC(333) Adjust Roots 0.407ms
[110.947s][info][gc,phases,start] GC(333) Compaction Phase
[111.723s][info][gc,phases      ] GC(333) Compaction Phase 775.779ms
[111.723s][info][gc,phases,start] GC(333) Post Compact
[111.742s][info][gc,phases      ] GC(333) Post Compact 19.050ms
[111.742s][info][gc,heap        ] GC(333) PSYoungGen: 201215K(567296K)->201215K(567296K) Eden: 201215K(201216K)->201215K(201216K) From: 0K(366080K)->0K(366080K)
[111.742s][info][gc,heap        ] GC(333) ParOldGen: 10991103K(10991104K)->10991103K(10991104K)
[111.742s][info][gc,metaspace   ] GC(333) Metaspace: 6298K(6464K)->6298K(6464K) NonClass: 5764K(5824K)->5764K(5824K) Class: 533K(640K)->533K(640K)
[111.742s][info][gc             ] GC(333) Pause Full (Ergonomics) 10929M->10929M(11287M) 3351.470ms
[111.742s][info][gc,cpu         ] GC(333) User=25.31s Sys=0.02s Real=3.35s
[111.743s][info][gc,start       ] GC(334) Pause Full (Allocation Failure)
[111.743s][info][gc,phases,start] GC(334) Marking Phase
[114.286s][info][gc,phases      ] GC(334) Marking Phase 2543.826ms
[114.286s][info][gc,phases,start] GC(334) Summary Phase
[114.287s][info][gc,phases      ] GC(334) Summary Phase 0.193ms
[114.287s][info][gc,phases,start] GC(334) Adjust Roots
[114.287s][info][gc,phases      ] GC(334) Adjust Roots 0.415ms
[114.287s][info][gc,phases,start] GC(334) Compaction Phase
[117.039s][info][gc,phases      ] GC(334) Compaction Phase 2751.507ms
[117.039s][info][gc,phases,start] GC(334) Post Compact
[117.058s][info][gc,phases      ] GC(334) Post Compact 19.149ms
[117.058s][info][gc,heap        ] GC(334) PSYoungGen: 201215K(567296K)->201215K(567296K) Eden: 201215K(201216K)->201215K(201216K) From: 0K(366080K)->0K(366080K)
[117.058s][info][gc,heap        ] GC(334) ParOldGen: 10991103K(10991104K)->10991099K(10991104K)
[117.058s][info][gc,metaspace   ] GC(334) Metaspace: 6298K(6464K)->6296K(6464K) NonClass: 5764K(5824K)->5763K(5824K) Class: 533K(640K)->532K(640K)
[117.058s][info][gc             ] GC(334) Pause Full (Allocation Failure) 10929M->10929M(11287M) 5315.470ms
[117.058s][info][gc,cpu         ] GC(334) User=39.02s Sys=0.03s Real=5.32s
[117.076s][info][gc,start       ] GC(335) Pause Full (Ergonomics)
[117.076s][info][gc,phases,start] GC(335) Marking Phase
[119.528s][info][gc,phases      ] GC(335) Marking Phase 2451.894ms
[119.528s][info][gc,phases,start] GC(335) Summary Phase
[119.528s][info][gc,phases      ] GC(335) Summary Phase 0.162ms
[119.528s][info][gc,phases,start] GC(335) Adjust Roots
[119.528s][info][gc,phases      ] GC(335) Adjust Roots 0.239ms
[119.528s][info][gc,phases,start] GC(335) Compaction Phase
[120.311s][info][gc,phases      ] GC(335) Compaction Phase 782.386ms
[120.311s][info][gc,phases,start] GC(335) Post Compact
[120.329s][info][gc,phases      ] GC(335) Post Compact 17.913ms
[120.329s][info][gc,heap        ] GC(335) PSYoungGen: 201215K(567296K)->201215K(567296K) Eden: 201215K(201216K)->201215K(201216K) From: 0K(366080K)->0K(366080K)
[120.329s][info][gc,heap        ] GC(335) ParOldGen: 10991103K(10991104K)->10991103K(10991104K)
[120.329s][info][gc,metaspace   ] GC(335) Metaspace: 6296K(6464K)->6296K(6464K) NonClass: 5763K(5824K)->5763K(5824K) Class: 532K(640K)->532K(640K)
[120.329s][info][gc             ] GC(335) Pause Full (Ergonomics) 10929M->10929M(11287M) 3253.015ms
[120.329s][info][gc,cpu         ] GC(335) User=24.48s Sys=0.02s Real=3.25s
[120.330s][info][gc,start       ] GC(336) Pause Full (Ergonomics)
[120.330s][info][gc,phases,start] GC(336) Marking Phase
[122.860s][info][gc,phases      ] GC(336) Marking Phase 2530.812ms
[122.861s][info][gc,phases,start] GC(336) Summary Phase
[122.861s][info][gc,phases      ] GC(336) Summary Phase 0.191ms
[122.861s][info][gc,phases,start] GC(336) Adjust Roots
[122.861s][info][gc,phases      ] GC(336) Adjust Roots 0.269ms
[122.861s][info][gc,phases,start] GC(336) Compaction Phase
[123.681s][info][gc,phases      ] GC(336) Compaction Phase 819.700ms
[123.681s][info][gc,phases,start] GC(336) Post Compact
[123.696s][info][gc,phases      ] GC(336) Post Compact 15.612ms
[123.697s][info][gc,heap        ] GC(336) PSYoungGen: 201215K(567296K)->201215K(567296K) Eden: 201215K(201216K)->201215K(201216K) From: 0K(366080K)->0K(366080K)
[123.697s][info][gc,heap        ] GC(336) ParOldGen: 10991103K(10991104K)->10991103K(10991104K)
[123.697s][info][gc,metaspace   ] GC(336) Metaspace: 6296K(6464K)->6296K(6464K) NonClass: 5763K(5824K)->5763K(5824K) Class: 532K(640K)->532K(640K)
[123.697s][info][gc             ] GC(336) Pause Full (Ergonomics) 10929M->10929M(11287M) 3367.016ms
[123.697s][info][gc,cpu         ] GC(336) User=25.09s Sys=0.00s Real=3.37s
[123.697s][info][gc,start       ] GC(337) Pause Full (Allocation Failure)
[123.697s][info][gc,phases,start] GC(337) Marking Phase
[126.225s][info][gc,phases      ] GC(337) Marking Phase 2527.922ms
[126.225s][info][gc,phases,start] GC(337) Summary Phase
[126.225s][info][gc,phases      ] GC(337) Summary Phase 0.148ms
[126.225s][info][gc,phases,start] GC(337) Adjust Roots
[126.225s][info][gc,phases      ] GC(337) Adjust Roots 0.288ms
[126.225s][info][gc,phases,start] GC(337) Compaction Phase
[126.952s][info][gc,phases      ] GC(337) Compaction Phase 726.593ms
[126.952s][info][gc,phases,start] GC(337) Post Compact
[126.966s][info][gc,phases      ] GC(337) Post Compact 13.908ms
[126.966s][info][gc,heap        ] GC(337) PSYoungGen: 201215K(567296K)->201215K(567296K) Eden: 201215K(201216K)->201215K(201216K) From: 0K(366080K)->0K(366080K)
[126.966s][info][gc,heap        ] GC(337) ParOldGen: 10991103K(10991104K)->10991103K(10991104K)
[126.966s][info][gc,metaspace   ] GC(337) Metaspace: 6296K(6464K)->6296K(6464K) NonClass: 5763K(5824K)->5763K(5824K) Class: 532K(640K)->532K(640K)
[126.966s][info][gc             ] GC(337) Pause Full (Allocation Failure) 10929M->10929M(11287M) 3269.234ms
[126.966s][info][gc,cpu         ] GC(337) User=25.20s Sys=0.02s Real=3.27s
[126.967s][info][gc,start       ] GC(338) Pause Full (Ergonomics)
[126.967s][info][gc,phases,start] GC(338) Marking Phase
[129.511s][info][gc,phases      ] GC(338) Marking Phase 2544.038ms
[129.511s][info][gc,phases,start] GC(338) Summary Phase
[129.512s][info][gc,phases      ] GC(338) Summary Phase 0.184ms
[129.512s][info][gc,phases,start] GC(338) Adjust Roots
[129.512s][info][gc,phases      ] GC(338) Adjust Roots 0.398ms
[129.512s][info][gc,phases,start] GC(338) Compaction Phase
[132.277s][info][gc,phases      ] GC(338) Compaction Phase 2764.942ms
[132.277s][info][gc,phases,start] GC(338) Post Compact
[132.296s][info][gc,phases      ] GC(338) Post Compact 19.096ms
[132.296s][info][gc,heap        ] GC(338) PSYoungGen: 201216K(567296K)->201216K(567296K) Eden: 201216K(201216K)->201216K(201216K) From: 0K(366080K)->0K(366080K)
[132.296s][info][gc,heap        ] GC(338) ParOldGen: 10991104K(10991104K)->10991102K(10991104K)
[132.296s][info][gc,metaspace   ] GC(338) Metaspace: 6296K(6464K)->6296K(6464K) NonClass: 5763K(5824K)->5763K(5824K) Class: 532K(640K)->532K(640K)
[132.296s][info][gc             ] GC(338) Pause Full (Ergonomics) 10930M->10929M(11287M) 5329.096ms
[132.296s][info][gc,cpu         ] GC(338) User=39.80s Sys=0.02s Real=5.33s
[132.298s][info][gc,start       ] GC(339) Pause Full (Ergonomics)
[132.298s][info][gc,phases,start] GC(339) Marking Phase
[134.831s][info][gc,phases      ] GC(339) Marking Phase 2533.031ms
[134.831s][info][gc,phases,start] GC(339) Summary Phase
[134.831s][info][gc,phases      ] GC(339) Summary Phase 0.160ms
[134.831s][info][gc,phases,start] GC(339) Adjust Roots
[134.831s][info][gc,phases      ] GC(339) Adjust Roots 0.446ms
[134.832s][info][gc,phases,start] GC(339) Compaction Phase
[137.555s][info][gc,phases      ] GC(339) Compaction Phase 2723.654ms
[137.555s][info][gc,phases,start] GC(339) Post Compact
[137.572s][info][gc,phases      ] GC(339) Post Compact 16.846ms
[137.572s][info][gc,heap        ] GC(339) PSYoungGen: 201216K(567296K)->201216K(567296K) Eden: 201216K(201216K)->201216K(201216K) From: 0K(366080K)->0K(366080K)
[137.572s][info][gc,heap        ] GC(339) ParOldGen: 10991103K(10991104K)->10991100K(10991104K)
[137.572s][info][gc,metaspace   ] GC(339) Metaspace: 6298K(6464K)->6298K(6464K) NonClass: 5764K(5824K)->5764K(5824K) Class: 533K(640K)->533K(640K)
[137.572s][info][gc             ] GC(339) Pause Full (Ergonomics) 10929M->10929M(11287M) 5274.577ms
[137.572s][info][gc,cpu         ] GC(339) User=38.73s Sys=0.06s Real=5.28s
[137.573s][info][gc,heap,exit   ] Heap
[137.573s][info][gc,heap,exit   ]  PSYoungGen      total 567296K, used 201216K [0x00000006b0980000, 0x00000006eab00000, 0x0000000800000000)
[137.573s][info][gc,heap,exit   ]   eden space 201216K, 100% used [0x00000006b0980000,0x00000006bce00000,0x00000006bce00000)
[137.573s][info][gc,heap,exit   ]   from space 366080K, 0% used [0x00000006d4580000,0x00000006d4580000,0x00000006eab00000)
[137.573s][info][gc,heap,exit   ]   to   space 366080K, 0% used [0x00000006bce00000,0x00000006bce00000,0x00000006d3380000)
[137.573s][info][gc,heap,exit   ]  ParOldGen       total 10991104K, used 10991101K [0x0000000411c00000, 0x00000006b0980000, 0x00000006b0980000)
[137.573s][info][gc,heap,exit   ]   object space 10991104K, 99% used [0x0000000411c00000,0x00000006b097f5c8,0x00000006b0980000)
[137.573s][info][gc,heap,exit   ]  Metaspace       used 6301K, committed 6464K, reserved 1114112K
[137.573s][info][gc,heap,exit   ]   class space    used 534K, committed 640K, reserved 1048576K
