[0.013s][info][gc,init] CardTable entry size: 512
[0.013s][info][gc     ] Using Parallel
[0.014s][info][gc,init] Version: 18.0.1+10 (release)
[0.015s][info][gc,init] CPUs: 8 total, 8 available
[0.015s][info][gc,init] Memory: 16063M
[0.015s][info][gc,init] Large Page Support: Disabled
[0.015s][info][gc,init] NUMA Support: Disabled
[0.015s][info][gc,init] Compressed Oops: Enabled (Zero based)
[0.015s][info][gc,init] Alignments: Space 512K, Generation 512K, Heap 2M
[0.015s][info][gc,init] Heap Min Capacity: 2M
[0.015s][info][gc,init] Heap Initial Capacity: 2M
[0.015s][info][gc,init] Heap Max Capacity: 17400M
[0.015s][info][gc,init] Pre-touch: Disabled
[0.015s][info][gc,init] Parallel Workers: 8
[0.015s][info][gc,metaspace] CDS archive(s) not mapped
[0.015s][info][gc,metaspace] Compressed class space mapped at: 0x0000000800000000-0x0000000840000000, reserved size: 1073741824
[0.015s][info][gc,metaspace] Narrow klass base: 0x0000000800000000, Narrow klass shift: 0, Narrow klass range: 0x40000000
[0.116s][info][gc,start    ] GC(0) Pause Young (Allocation Failure)
[0.118s][info][gc,heap     ] GC(0) PSYoungGen: 512K(1024K)->480K(1024K) Eden: 512K(512K)->0K(512K) From: 0K(512K)->480K(512K)
[0.118s][info][gc,heap     ] GC(0) ParOldGen: 0K(512K)->8K(512K)
[0.118s][info][gc,metaspace] GC(0) Metaspace: 4230K(4352K)->4230K(4352K) NonClass: 3909K(3968K)->3909K(3968K) Class: 321K(384K)->321K(384K)
[0.118s][info][gc          ] GC(0) Pause Young (Allocation Failure) 0M->0M(1M) 1.406ms
[0.118s][info][gc,cpu      ] GC(0) User=0.00s Sys=0.00s Real=0.00s
[0.178s][info][gc,start    ] GC(1) Pause Young (Allocation Failure)
[0.178s][info][gc,heap     ] GC(1) PSYoungGen: 991K(1024K)->512K(1536K) Eden: 511K(512K)->0K(1024K) From: 480K(512K)->512K(512K)
[0.178s][info][gc,heap     ] GC(1) ParOldGen: 8K(512K)->88K(512K)
[0.178s][info][gc,metaspace] GC(1) Metaspace: 5877K(5952K)->5877K(5952K) NonClass: 5380K(5440K)->5380K(5440K) Class: 496K(512K)->496K(512K)
[0.178s][info][gc          ] GC(1) Pause Young (Allocation Failure) 0M->0M(2M) 0.853ms
[0.178s][info][gc,cpu      ] GC(1) User=0.00s Sys=0.00s Real=0.00s
[0.198s][info][gc,start    ] GC(2) Pause Young (Allocation Failure)
[0.199s][info][gc,heap     ] GC(2) PSYoungGen: 1536K(1536K)->512K(1536K) Eden: 1024K(1024K)->0K(1024K) From: 512K(512K)->512K(512K)
[0.199s][info][gc,heap     ] GC(2) ParOldGen: 88K(512K)->504K(512K)
[0.199s][info][gc,metaspace] GC(2) Metaspace: 6294K(6464K)->6294K(6464K) NonClass: 5761K(5824K)->5761K(5824K) Class: 533K(640K)->533K(640K)
[0.199s][info][gc          ] GC(2) Pause Young (Allocation Failure) 1M->0M(2M) 1.335ms
[0.199s][info][gc,cpu      ] GC(2) User=0.00s Sys=0.00s Real=0.00s
[0.199s][info][gc,start    ] GC(3) Pause Full (Ergonomics)
[0.199s][info][gc,phases,start] GC(3) Marking Phase
[0.200s][info][gc,phases      ] GC(3) Marking Phase 1.020ms
[0.200s][info][gc,phases,start] GC(3) Summary Phase
[0.200s][info][gc,phases      ] GC(3) Summary Phase 0.013ms
[0.200s][info][gc,phases,start] GC(3) Adjust Roots
[0.201s][info][gc,phases      ] GC(3) Adjust Roots 0.378ms
[0.201s][info][gc,phases,start] GC(3) Compaction Phase
[0.202s][info][gc,phases      ] GC(3) Compaction Phase 1.815ms
[0.203s][info][gc,phases,start] GC(3) Post Compact
[0.203s][info][gc,phases      ] GC(3) Post Compact 0.089ms
[0.203s][info][gc,heap        ] GC(3) PSYoungGen: 512K(1536K)->506K(1536K) Eden: 0K(1024K)->0K(1024K) From: 512K(512K)->506K(512K)
[0.203s][info][gc,heap        ] GC(3) ParOldGen: 504K(512K)->474K(2048K)
[0.203s][info][gc,metaspace   ] GC(3) Metaspace: 6294K(6464K)->6294K(6464K) NonClass: 5761K(5824K)->5761K(5824K) Class: 533K(640K)->533K(640K)
[0.203s][info][gc             ] GC(3) Pause Full (Ergonomics) 0M->0M(3M) 3.572ms
[0.203s][info][gc,cpu         ] GC(3) User=0.00s Sys=0.00s Real=0.00s
[0.205s][info][gc,start       ] GC(4) Pause Young (Allocation Failure)
[0.206s][info][gc,heap        ] GC(4) PSYoungGen: 1530K(1536K)->480K(2560K) Eden: 1024K(1024K)->0K(2048K) From: 506K(512K)->480K(512K)
[0.206s][info][gc,heap        ] GC(4) ParOldGen: 474K(2048K)->1026K(2048K)
[0.206s][info][gc,metaspace   ] GC(4) Metaspace: 6294K(6464K)->6294K(6464K) NonClass: 5761K(5824K)->5761K(5824K) Class: 533K(640K)->533K(640K)
[0.206s][info][gc             ] GC(4) Pause Young (Allocation Failure) 1M->1M(4M) 1.444ms
[0.206s][info][gc,cpu         ] GC(4) User=0.00s Sys=0.00s Real=0.00s
[0.209s][info][gc,start       ] GC(5) Pause Young (Allocation Failure)
[0.211s][info][gc,heap        ] GC(5) PSYoungGen: 2528K(2560K)->480K(2560K) Eden: 2048K(2048K)->0K(2048K) From: 480K(512K)->480K(512K)
[0.211s][info][gc,heap        ] GC(5) ParOldGen: 1026K(2048K)->2098K(2560K)
[0.211s][info][gc,metaspace   ] GC(5) Metaspace: 6294K(6464K)->6294K(6464K) NonClass: 5761K(5824K)->5761K(5824K) Class: 533K(640K)->533K(640K)
[0.211s][info][gc             ] GC(5) Pause Young (Allocation Failure) 3M->2M(5M) 1.935ms
[0.211s][info][gc,cpu         ] GC(5) User=0.00s Sys=0.00s Real=0.00s
[0.211s][info][gc,start       ] GC(6) Pause Full (Ergonomics)
[0.211s][info][gc,phases,start] GC(6) Marking Phase
[0.213s][info][gc,phases      ] GC(6) Marking Phase 1.810ms
[0.213s][info][gc,phases,start] GC(6) Summary Phase
[0.213s][info][gc,phases      ] GC(6) Summary Phase 0.017ms
[0.213s][info][gc,phases,start] GC(6) Adjust Roots
[0.213s][info][gc,phases      ] GC(6) Adjust Roots 0.284ms
[0.213s][info][gc,phases,start] GC(6) Compaction Phase
[0.215s][info][gc,phases      ] GC(6) Compaction Phase 1.954ms
[0.215s][info][gc,phases,start] GC(6) Post Compact
[0.215s][info][gc,phases      ] GC(6) Post Compact 0.032ms
[0.216s][info][gc,heap        ] GC(6) PSYoungGen: 480K(2560K)->0K(4096K) Eden: 0K(2048K)->0K(3072K) From: 480K(512K)->0K(1024K)
[0.216s][info][gc,heap        ] GC(6) ParOldGen: 2098K(2560K)->2542K(6144K)
[0.216s][info][gc,metaspace   ] GC(6) Metaspace: 6294K(6464K)->6294K(6464K) NonClass: 5761K(5824K)->5761K(5824K) Class: 533K(640K)->533K(640K)
[0.216s][info][gc             ] GC(6) Pause Full (Ergonomics) 2M->2M(10M) 4.452ms
[0.216s][info][gc,cpu         ] GC(6) User=0.00s Sys=0.00s Real=0.00s
[0.220s][info][gc,start       ] GC(7) Pause Young (Allocation Failure)
[0.222s][info][gc,heap        ] GC(7) PSYoungGen: 3072K(4096K)->1664K(5120K) Eden: 3072K(3072K)->0K(3072K) From: 0K(1024K)->1664K(2048K)
[0.222s][info][gc,heap        ] GC(7) ParOldGen: 2542K(6144K)->2542K(6144K)
[0.222s][info][gc,metaspace   ] GC(7) Metaspace: 6294K(6464K)->6294K(6464K) NonClass: 5761K(5824K)->5761K(5824K) Class: 533K(640K)->533K(640K)
[0.222s][info][gc             ] GC(7) Pause Young (Allocation Failure) 5M->4M(11M) 2.115ms
[0.222s][info][gc,cpu         ] GC(7) User=0.00s Sys=0.00s Real=0.00s
[0.227s][info][gc,start       ] GC(8) Pause Young (Allocation Failure)
[0.230s][info][gc,heap        ] GC(8) PSYoungGen: 4736K(5120K)->2016K(5632K) Eden: 3072K(3072K)->0K(3584K) From: 1664K(2048K)->2016K(2048K)
[0.230s][info][gc,heap        ] GC(8) ParOldGen: 2542K(6144K)->3774K(6144K)
[0.230s][info][gc,metaspace   ] GC(8) Metaspace: 6294K(6464K)->6294K(6464K) NonClass: 5761K(5824K)->5761K(5824K) Class: 533K(640K)->533K(640K)
[0.230s][info][gc             ] GC(8) Pause Young (Allocation Failure) 7M->5M(11M) 2.856ms
[0.230s][info][gc,cpu         ] GC(8) User=0.00s Sys=0.00s Real=0.00s
[0.235s][info][gc,start       ] GC(9) Pause Young (Allocation Failure)
[0.239s][info][gc,heap        ] GC(9) PSYoungGen: 5600K(5632K)->3040K(6656K) Eden: 3584K(3584K)->0K(3584K) From: 2016K(2048K)->3040K(3072K)
[0.239s][info][gc,heap        ] GC(9) ParOldGen: 3774K(6144K)->4614K(6144K)
[0.239s][info][gc,metaspace   ] GC(9) Metaspace: 6294K(6464K)->6294K(6464K) NonClass: 5761K(5824K)->5761K(5824K) Class: 533K(640K)->533K(640K)
[0.239s][info][gc             ] GC(9) Pause Young (Allocation Failure) 9M->7M(12M) 3.991ms
[0.239s][info][gc,cpu         ] GC(9) User=0.00s Sys=0.00s Real=0.00s
[0.244s][info][gc,start       ] GC(10) Pause Young (Allocation Failure)
[0.248s][info][gc,heap        ] GC(10) PSYoungGen: 6624K(6656K)->4064K(9216K) Eden: 3584K(3584K)->0K(5120K) From: 3040K(3072K)->4064K(4096K)
[0.248s][info][gc,heap        ] GC(10) ParOldGen: 4614K(6144K)->5454K(6144K)
[0.249s][info][gc,metaspace   ] GC(10) Metaspace: 6294K(6464K)->6294K(6464K) NonClass: 5761K(5824K)->5761K(5824K) Class: 533K(640K)->533K(640K)
[0.249s][info][gc             ] GC(10) Pause Young (Allocation Failure) 10M->9M(15M) 4.756ms
[0.249s][info][gc,cpu         ] GC(10) User=0.00s Sys=0.00s Real=0.00s
[0.249s][info][gc,start       ] GC(11) Pause Full (Ergonomics)
[0.249s][info][gc,phases,start] GC(11) Marking Phase
[0.254s][info][gc,phases      ] GC(11) Marking Phase 4.882ms
[0.254s][info][gc,phases,start] GC(11) Summary Phase
[0.254s][info][gc,phases      ] GC(11) Summary Phase 0.018ms
[0.254s][info][gc,phases,start] GC(11) Adjust Roots
[0.254s][info][gc,phases      ] GC(11) Adjust Roots 0.345ms
[0.254s][info][gc,phases,start] GC(11) Compaction Phase
[0.260s][info][gc,phases      ] GC(11) Compaction Phase 5.877ms
[0.260s][info][gc,phases,start] GC(11) Post Compact
[0.260s][info][gc,phases      ] GC(11) Post Compact 0.066ms
[0.260s][info][gc,heap        ] GC(11) PSYoungGen: 4064K(9216K)->3545K(9216K) Eden: 0K(5120K)->0K(5120K) From: 4064K(4096K)->3545K(4096K)
[0.260s][info][gc,heap        ] GC(11) ParOldGen: 5454K(6144K)->5831K(10752K)
[0.260s][info][gc,metaspace   ] GC(11) Metaspace: 6294K(6464K)->6294K(6464K) NonClass: 5761K(5824K)->5761K(5824K) Class: 533K(640K)->533K(640K)
[0.260s][info][gc             ] GC(11) Pause Full (Ergonomics) 9M->9M(19M) 11.542ms
[0.260s][info][gc,cpu         ] GC(11) User=0.00s Sys=0.00s Real=0.01s
[0.267s][info][gc,start       ] GC(12) Pause Young (Allocation Failure)
[0.272s][info][gc,heap        ] GC(12) PSYoungGen: 8665K(9216K)->5088K(10240K) Eden: 5120K(5120K)->0K(5120K) From: 3545K(4096K)->5088K(5120K)
[0.272s][info][gc,heap        ] GC(12) ParOldGen: 5831K(10752K)->6951K(10752K)
[0.272s][info][gc,metaspace   ] GC(12) Metaspace: 6294K(6464K)->6294K(6464K) NonClass: 5761K(5824K)->5761K(5824K) Class: 533K(640K)->533K(640K)
[0.273s][info][gc             ] GC(12) Pause Young (Allocation Failure) 14M->11M(20M) 5.070ms
[0.273s][info][gc,cpu         ] GC(12) User=0.00s Sys=0.00s Real=0.00s
[0.278s][info][gc,start       ] GC(13) Pause Young (Allocation Failure)
[0.284s][info][gc,heap        ] GC(13) PSYoungGen: 10208K(10240K)->6464K(12800K) Eden: 5120K(5120K)->0K(6144K) From: 5088K(5120K)->6464K(6656K)
[0.284s][info][gc,heap        ] GC(13) ParOldGen: 6951K(10752K)->8239K(10752K)
[0.284s][info][gc,metaspace   ] GC(13) Metaspace: 6296K(6464K)->6296K(6464K) NonClass: 5763K(5824K)->5763K(5824K) Class: 533K(640K)->533K(640K)
[0.284s][info][gc             ] GC(13) Pause Young (Allocation Failure) 16M->14M(23M) 6.089ms
[0.285s][info][gc,cpu         ] GC(13) User=0.00s Sys=0.00s Real=0.01s
[0.290s][info][gc,start       ] GC(14) Pause Young (Allocation Failure)
[0.297s][info][gc,heap        ] GC(14) PSYoungGen: 12608K(12800K)->5792K(13824K) Eden: 6144K(6144K)->0K(6144K) From: 6464K(6656K)->5792K(7680K)
[0.297s][info][gc,heap        ] GC(14) ParOldGen: 8239K(10752K)->12111K(12288K)
[0.297s][info][gc,metaspace   ] GC(14) Metaspace: 6296K(6464K)->6296K(6464K) NonClass: 5763K(5824K)->5763K(5824K) Class: 533K(640K)->533K(640K)
[0.297s][info][gc             ] GC(14) Pause Young (Allocation Failure) 20M->17M(25M) 7.093ms
[0.297s][info][gc,cpu         ] GC(14) User=0.00s Sys=0.00s Real=0.01s
[0.297s][info][gc,start       ] GC(15) Pause Full (Ergonomics)
[0.297s][info][gc,phases,start] GC(15) Marking Phase
[0.305s][info][gc,phases      ] GC(15) Marking Phase 8.426ms
[0.305s][info][gc,phases,start] GC(15) Summary Phase
[0.305s][info][gc,phases      ] GC(15) Summary Phase 0.019ms
[0.305s][info][gc,phases,start] GC(15) Adjust Roots
[0.306s][info][gc,phases      ] GC(15) Adjust Roots 0.216ms
[0.306s][info][gc,phases,start] GC(15) Compaction Phase
[0.313s][info][gc,phases      ] GC(15) Compaction Phase 7.781ms
[0.313s][info][gc,phases,start] GC(15) Post Compact
[0.314s][info][gc,phases      ] GC(15) Post Compact 0.085ms
[0.314s][info][gc,heap        ] GC(15) PSYoungGen: 5792K(13824K)->5758K(13824K) Eden: 0K(6144K)->0K(6144K) From: 5792K(7680K)->5758K(7680K)
[0.314s][info][gc,heap        ] GC(15) ParOldGen: 12111K(12288K)->12006K(18944K)
[0.314s][info][gc,metaspace   ] GC(15) Metaspace: 6296K(6464K)->6296K(6464K) NonClass: 5763K(5824K)->5763K(5824K) Class: 533K(640K)->533K(640K)
[0.314s][info][gc             ] GC(15) Pause Full (Ergonomics) 17M->17M(32M) 16.892ms
[0.314s][info][gc,cpu         ] GC(15) User=0.02s Sys=0.00s Real=0.02s
[0.318s][info][gc,start       ] GC(16) Pause Young (Allocation Failure)
[0.326s][info][gc,heap        ] GC(16) PSYoungGen: 11902K(13824K)->3200K(15360K) Eden: 6144K(6144K)->0K(8704K) From: 5758K(7680K)->3200K(6656K)
[0.326s][info][gc,heap        ] GC(16) ParOldGen: 12006K(18944K)->17862K(18944K)
[0.326s][info][gc,metaspace   ] GC(16) Metaspace: 6296K(6464K)->6296K(6464K) NonClass: 5763K(5824K)->5763K(5824K) Class: 533K(640K)->533K(640K)
[0.326s][info][gc             ] GC(16) Pause Young (Allocation Failure) 23M->20M(33M) 8.034ms
[0.326s][info][gc,cpu         ] GC(16) User=0.00s Sys=0.00s Real=0.01s
[0.326s][info][gc,start       ] GC(17) Pause Full (Ergonomics)
[0.326s][info][gc,phases,start] GC(17) Marking Phase
[0.335s][info][gc,phases      ] GC(17) Marking Phase 8.799ms
[0.335s][info][gc,phases,start] GC(17) Summary Phase
[0.335s][info][gc,phases      ] GC(17) Summary Phase 0.018ms
[0.335s][info][gc,phases,start] GC(17) Adjust Roots
[0.336s][info][gc,phases      ] GC(17) Adjust Roots 0.248ms
[0.336s][info][gc,phases,start] GC(17) Compaction Phase
[0.342s][info][gc,phases      ] GC(17) Compaction Phase 6.141ms
[0.342s][info][gc,phases,start] GC(17) Post Compact
[0.342s][info][gc,phases      ] GC(17) Post Compact 0.128ms
[0.342s][info][gc,heap        ] GC(17) PSYoungGen: 3200K(15360K)->2146K(16384K) Eden: 0K(8704K)->0K(9728K) From: 3200K(6656K)->2146K(6656K)
[0.342s][info][gc,heap        ] GC(17) ParOldGen: 17862K(18944K)->18786K(28672K)
[0.342s][info][gc,metaspace   ] GC(17) Metaspace: 6296K(6464K)->6296K(6464K) NonClass: 5763K(5824K)->5763K(5824K) Class: 533K(640K)->533K(640K)
[0.342s][info][gc             ] GC(17) Pause Full (Ergonomics) 20M->20M(44M) 15.682ms
[0.342s][info][gc,cpu         ] GC(17) User=0.00s Sys=0.00s Real=0.02s
[0.353s][info][gc,start       ] GC(18) Pause Young (Allocation Failure)
[0.360s][info][gc,heap        ] GC(18) PSYoungGen: 11874K(16384K)->5568K(17408K) Eden: 9728K(9728K)->0K(9728K) From: 2146K(6656K)->5568K(7680K)
[0.360s][info][gc,heap        ] GC(18) ParOldGen: 18786K(28672K)->20970K(28672K)
[0.360s][info][gc,metaspace   ] GC(18) Metaspace: 6296K(6464K)->6296K(6464K) NonClass: 5763K(5824K)->5763K(5824K) Class: 533K(640K)->533K(640K)
[0.360s][info][gc             ] GC(18) Pause Young (Allocation Failure) 29M->25M(45M) 7.061ms
[0.360s][info][gc,cpu         ] GC(18) User=0.00s Sys=0.00s Real=0.01s
[0.366s][info][gc,start       ] GC(19) Pause Young (Allocation Failure)
[0.375s][info][gc,heap        ] GC(19) PSYoungGen: 15296K(17408K)->5088K(21504K) Eden: 9728K(9728K)->0K(13312K) From: 5568K(7680K)->5088K(8192K)
[0.375s][info][gc,heap        ] GC(19) ParOldGen: 20970K(28672K)->26570K(28672K)
[0.375s][info][gc,metaspace   ] GC(19) Metaspace: 6296K(6464K)->6296K(6464K) NonClass: 5763K(5824K)->5763K(5824K) Class: 533K(640K)->533K(640K)
[0.375s][info][gc             ] GC(19) Pause Young (Allocation Failure) 35M->30M(49M) 8.488ms
[0.375s][info][gc,cpu         ] GC(19) User=0.00s Sys=0.00s Real=0.01s
[0.375s][info][gc,start       ] GC(20) Pause Full (Ergonomics)
[0.375s][info][gc,phases,start] GC(20) Marking Phase
[0.388s][info][gc,phases      ] GC(20) Marking Phase 13.044ms
[0.388s][info][gc,phases,start] GC(20) Summary Phase
[0.388s][info][gc,phases      ] GC(20) Summary Phase 0.016ms
[0.388s][info][gc,phases,start] GC(20) Adjust Roots
[0.388s][info][gc,phases      ] GC(20) Adjust Roots 0.174ms
[0.388s][info][gc,phases,start] GC(20) Compaction Phase
[0.401s][info][gc,phases      ] GC(20) Compaction Phase 13.029ms
[0.401s][info][gc,phases,start] GC(20) Post Compact
[0.401s][info][gc,phases      ] GC(20) Post Compact 0.116ms
[0.401s][info][gc,heap        ] GC(20) PSYoungGen: 5088K(21504K)->2471K(21504K) Eden: 0K(13312K)->0K(13312K) From: 5088K(8192K)->2471K(8192K)
[0.401s][info][gc,heap        ] GC(20) ParOldGen: 26570K(28672K)->28497K(40448K)
[0.401s][info][gc,metaspace   ] GC(20) Metaspace: 6296K(6464K)->6296K(6464K) NonClass: 5763K(5824K)->5763K(5824K) Class: 533K(640K)->533K(640K)
[0.402s][info][gc             ] GC(20) Pause Full (Ergonomics) 30M->30M(60M) 26.770ms
[0.402s][info][gc,cpu         ] GC(20) User=0.00s Sys=0.00s Real=0.03s
[0.413s][info][gc,start       ] GC(21) Pause Young (Allocation Failure)
[0.425s][info][gc,heap        ] GC(21) PSYoungGen: 15783K(21504K)->8192K(21504K) Eden: 13312K(13312K)->0K(13312K) From: 2471K(8192K)->8192K(8192K)
[0.425s][info][gc,heap        ] GC(21) ParOldGen: 28497K(40448K)->34193K(40448K)
[0.425s][info][gc,metaspace   ] GC(21) Metaspace: 6296K(6464K)->6296K(6464K) NonClass: 5763K(5824K)->5763K(5824K) Class: 533K(640K)->533K(640K)
[0.425s][info][gc             ] GC(21) Pause Young (Allocation Failure) 43M->41M(60M) 12.463ms
[0.425s][info][gc,cpu         ] GC(21) User=0.00s Sys=0.00s Real=0.01s
[0.425s][info][gc,start       ] GC(22) Pause Full (Ergonomics)
[0.425s][info][gc,phases,start] GC(22) Marking Phase
[0.443s][info][gc,phases      ] GC(22) Marking Phase 17.516ms
[0.443s][info][gc,phases,start] GC(22) Summary Phase
[0.443s][info][gc,phases      ] GC(22) Summary Phase 0.015ms
[0.443s][info][gc,phases,start] GC(22) Adjust Roots
[0.443s][info][gc,phases      ] GC(22) Adjust Roots 0.176ms
[0.443s][info][gc,phases,start] GC(22) Compaction Phase
[0.454s][info][gc,phases      ] GC(22) Compaction Phase 10.705ms
[0.454s][info][gc,phases,start] GC(22) Post Compact
[0.454s][info][gc,phases      ] GC(22) Post Compact 0.177ms
[0.454s][info][gc,heap        ] GC(22) PSYoungGen: 8192K(21504K)->2044K(21504K) Eden: 0K(13312K)->0K(13312K) From: 8192K(8192K)->2044K(8192K)
[0.454s][info][gc,heap        ] GC(22) ParOldGen: 34193K(40448K)->40227K(54784K)
[0.454s][info][gc,metaspace   ] GC(22) Metaspace: 6296K(6464K)->6296K(6464K) NonClass: 5763K(5824K)->5763K(5824K) Class: 533K(640K)->533K(640K)
[0.454s][info][gc             ] GC(22) Pause Full (Ergonomics) 41M->41M(74M) 28.895ms
[0.454s][info][gc,cpu         ] GC(22) User=0.03s Sys=0.00s Real=0.03s
[0.472s][info][gc,start       ] GC(23) Pause Young (Allocation Failure)
[0.487s][info][gc,heap        ] GC(23) PSYoungGen: 15356K(21504K)->11744K(25088K) Eden: 13312K(13312K)->0K(13312K) From: 2044K(8192K)->11744K(11776K)
[0.487s][info][gc,heap        ] GC(23) ParOldGen: 40227K(54784K)->43899K(54784K)
[0.487s][info][gc,metaspace   ] GC(23) Metaspace: 6296K(6464K)->6296K(6464K) NonClass: 5763K(5824K)->5763K(5824K) Class: 533K(640K)->533K(640K)
[0.487s][info][gc             ] GC(23) Pause Young (Allocation Failure) 54M->54M(78M) 14.916ms
[0.487s][info][gc,cpu         ] GC(23) User=0.02s Sys=0.00s Real=0.02s
[0.500s][info][gc,start       ] GC(24) Pause Young (Allocation Failure)
[0.517s][info][gc,heap        ] GC(24) PSYoungGen: 25056K(25088K)->13312K(28160K) Eden: 13312K(13312K)->0K(13312K) From: 11744K(11776K)->13312K(14848K)
[0.517s][info][gc,heap        ] GC(24) ParOldGen: 43899K(54784K)->55787K(55808K)
[0.517s][info][gc,metaspace   ] GC(24) Metaspace: 6296K(6464K)->6296K(6464K) NonClass: 5763K(5824K)->5763K(5824K) Class: 533K(640K)->533K(640K)
[0.517s][info][gc             ] GC(24) Pause Young (Allocation Failure) 67M->67M(82M) 17.003ms
[0.517s][info][gc,cpu         ] GC(24) User=0.02s Sys=0.00s Real=0.02s
[0.517s][info][gc,start       ] GC(25) Pause Full (Ergonomics)
[0.517s][info][gc,phases,start] GC(25) Marking Phase
[0.543s][info][gc,phases      ] GC(25) Marking Phase 26.388ms
[0.543s][info][gc,phases,start] GC(25) Summary Phase
[0.543s][info][gc,phases      ] GC(25) Summary Phase 0.019ms
[0.543s][info][gc,phases,start] GC(25) Adjust Roots
[0.543s][info][gc,phases      ] GC(25) Adjust Roots 0.165ms
[0.543s][info][gc,phases,start] GC(25) Compaction Phase
[0.567s][info][gc,phases      ] GC(25) Compaction Phase 23.994ms
[0.568s][info][gc,phases,start] GC(25) Post Compact
[0.568s][info][gc,phases      ] GC(25) Post Compact 0.217ms
[0.568s][info][gc,heap        ] GC(25) PSYoungGen: 13312K(28160K)->12254K(28160K) Eden: 0K(13312K)->0K(13312K) From: 13312K(14848K)->12254K(14848K)
[0.568s][info][gc,heap        ] GC(25) ParOldGen: 55787K(55808K)->55553K(74752K)
[0.568s][info][gc,metaspace   ] GC(25) Metaspace: 6296K(6464K)->6296K(6464K) NonClass: 5763K(5824K)->5763K(5824K) Class: 533K(640K)->533K(640K)
[0.568s][info][gc             ] GC(25) Pause Full (Ergonomics) 67M->66M(100M) 51.230ms
[0.568s][info][gc,cpu         ] GC(25) User=0.06s Sys=0.00s Real=0.05s
[0.582s][info][gc,start       ] GC(26) Pause Young (Allocation Failure)
[0.604s][info][gc,heap        ] GC(26) PSYoungGen: 25566K(28160K)->13344K(31744K) Eden: 13312K(13312K)->0K(14848K) From: 12254K(14848K)->13344K(16896K)
[0.604s][info][gc,heap        ] GC(26) ParOldGen: 55553K(74752K)->68009K(74752K)
[0.604s][info][gc,metaspace   ] GC(26) Metaspace: 6296K(6464K)->6296K(6464K) NonClass: 5763K(5824K)->5763K(5824K) Class: 533K(640K)->533K(640K)
[0.604s][info][gc             ] GC(26) Pause Young (Allocation Failure) 79M->79M(104M) 21.945ms
[0.604s][info][gc,cpu         ] GC(26) User=0.03s Sys=0.00s Real=0.02s
[0.604s][info][gc,start       ] GC(27) Pause Full (Ergonomics)
[0.604s][info][gc,phases,start] GC(27) Marking Phase
[0.636s][info][gc,phases      ] GC(27) Marking Phase 31.360ms
[0.636s][info][gc,phases,start] GC(27) Summary Phase
[0.636s][info][gc,phases      ] GC(27) Summary Phase 0.020ms
[0.636s][info][gc,phases,start] GC(27) Adjust Roots
[0.636s][info][gc,phases      ] GC(27) Adjust Roots 0.153ms
[0.636s][info][gc,phases,start] GC(27) Compaction Phase
[0.655s][info][gc,phases      ] GC(27) Compaction Phase 18.876ms
[0.655s][info][gc,phases,start] GC(27) Post Compact
[0.655s][info][gc,phases      ] GC(27) Post Compact 0.364ms
[0.656s][info][gc,heap        ] GC(27) PSYoungGen: 13344K(31744K)->6639K(31744K) Eden: 0K(14848K)->0K(14848K) From: 13344K(16896K)->6639K(16896K)
[0.656s][info][gc,heap        ] GC(27) ParOldGen: 68009K(74752K)->74451K(97792K)
[0.656s][info][gc,metaspace   ] GC(27) Metaspace: 6296K(6464K)->6296K(6464K) NonClass: 5763K(5824K)->5763K(5824K) Class: 533K(640K)->533K(640K)
[0.656s][info][gc             ] GC(27) Pause Full (Ergonomics) 79M->79M(126M) 51.191ms
[0.656s][info][gc,cpu         ] GC(27) User=0.06s Sys=0.00s Real=0.05s
[0.680s][info][gc,start       ] GC(28) Pause Young (Allocation Failure)
[0.696s][info][gc,heap        ] GC(28) PSYoungGen: 21487K(31744K)->18400K(33280K) Eden: 14848K(14848K)->0K(14848K) From: 6639K(16896K)->18400K(18432K)
[0.696s][info][gc,heap        ] GC(28) ParOldGen: 74451K(97792K)->77611K(97792K)
[0.696s][info][gc,metaspace   ] GC(28) Metaspace: 6296K(6464K)->6296K(6464K) NonClass: 5763K(5824K)->5763K(5824K) Class: 533K(640K)->533K(640K)
[0.696s][info][gc             ] GC(28) Pause Young (Allocation Failure) 93M->93M(128M) 15.758ms
[0.696s][info][gc,cpu         ] GC(28) User=0.00s Sys=0.00s Real=0.02s
[0.708s][info][gc,start       ] GC(29) Pause Young (Allocation Failure)
[0.726s][info][gc,heap        ] GC(29) PSYoungGen: 33248K(33280K)->14912K(38912K) Eden: 14848K(14848K)->0K(16384K) From: 18400K(18432K)->14912K(22528K)
[0.727s][info][gc,heap        ] GC(29) ParOldGen: 77611K(97792K)->96219K(97792K)
[0.727s][info][gc,metaspace   ] GC(29) Metaspace: 6296K(6464K)->6296K(6464K) NonClass: 5763K(5824K)->5763K(5824K) Class: 533K(640K)->533K(640K)
[0.727s][info][gc             ] GC(29) Pause Young (Allocation Failure) 108M->108M(133M) 18.542ms
[0.727s][info][gc,cpu         ] GC(29) User=0.05s Sys=0.00s Real=0.02s
[0.727s][info][gc,start       ] GC(30) Pause Full (Ergonomics)
[0.727s][info][gc,phases,start] GC(30) Marking Phase
[0.766s][info][gc,phases      ] GC(30) Marking Phase 38.975ms
[0.766s][info][gc,phases,start] GC(30) Summary Phase
[0.766s][info][gc,phases      ] GC(30) Summary Phase 0.017ms
[0.766s][info][gc,phases,start] GC(30) Adjust Roots
[0.766s][info][gc,phases      ] GC(30) Adjust Roots 0.152ms
[0.766s][info][gc,phases,start] GC(30) Compaction Phase
[0.791s][info][gc,phases      ] GC(30) Compaction Phase 24.857ms
[0.791s][info][gc,phases,start] GC(30) Post Compact
[0.791s][info][gc,phases      ] GC(30) Post Compact 0.405ms
[0.791s][info][gc,heap        ] GC(30) PSYoungGen: 14912K(38912K)->11239K(38912K) Eden: 0K(16384K)->0K(16384K) From: 14912K(22528K)->11239K(22528K)
[0.791s][info][gc,heap        ] GC(30) ParOldGen: 96219K(97792K)->97442K(126976K)
[0.792s][info][gc,metaspace   ] GC(30) Metaspace: 6296K(6464K)->6296K(6464K) NonClass: 5763K(5824K)->5763K(5824K) Class: 533K(640K)->533K(640K)
[0.792s][info][gc             ] GC(30) Pause Full (Ergonomics) 108M->106M(162M) 64.905ms
[0.792s][info][gc,cpu         ] GC(30) User=0.12s Sys=0.02s Real=0.07s
[0.807s][info][gc,start       ] GC(31) Pause Young (Allocation Failure)
[0.830s][info][gc,heap        ] GC(31) PSYoungGen: 27623K(38912K)->23552K(39936K) Eden: 16384K(16384K)->0K(16384K) From: 11239K(22528K)->23552K(23552K)
[0.830s][info][gc,heap        ] GC(31) ParOldGen: 97442K(126976K)->101602K(126976K)
[0.830s][info][gc,metaspace   ] GC(31) Metaspace: 6296K(6464K)->6296K(6464K) NonClass: 5763K(5824K)->5763K(5824K) Class: 533K(640K)->533K(640K)
[0.830s][info][gc             ] GC(31) Pause Young (Allocation Failure) 122M->122M(163M) 23.386ms
[0.830s][info][gc,cpu         ] GC(31) User=0.05s Sys=0.00s Real=0.02s
[0.846s][info][gc,start       ] GC(32) Pause Young (Allocation Failure)
[0.871s][info][gc,heap        ] GC(32) PSYoungGen: 39936K(39936K)->16416K(48640K) Eden: 16384K(16384K)->0K(19456K) From: 23552K(23552K)->16416K(29184K)
[0.871s][info][gc,heap        ] GC(32) ParOldGen: 101602K(126976K)->125482K(126976K)
[0.871s][info][gc,metaspace   ] GC(32) Metaspace: 6296K(6464K)->6296K(6464K) NonClass: 5763K(5824K)->5763K(5824K) Class: 533K(640K)->533K(640K)
[0.871s][info][gc             ] GC(32) Pause Young (Allocation Failure) 138M->138M(171M) 24.946ms
[0.871s][info][gc,cpu         ] GC(32) User=0.03s Sys=0.03s Real=0.02s
[0.871s][info][gc,start       ] GC(33) Pause Full (Ergonomics)
[0.871s][info][gc,phases,start] GC(33) Marking Phase
[0.907s][info][gc,phases      ] GC(33) Marking Phase 36.059ms
[0.907s][info][gc,phases,start] GC(33) Summary Phase
[0.907s][info][gc,phases      ] GC(33) Summary Phase 0.016ms
[0.907s][info][gc,phases,start] GC(33) Adjust Roots
[0.907s][info][gc,phases      ] GC(33) Adjust Roots 0.144ms
[0.907s][info][gc,phases,start] GC(33) Compaction Phase
[0.928s][info][gc,phases      ] GC(33) Compaction Phase 20.306ms
[0.928s][info][gc,phases,start] GC(33) Post Compact
[0.928s][info][gc,phases      ] GC(33) Post Compact 0.543ms
[0.928s][info][gc,heap        ] GC(33) PSYoungGen: 16416K(48640K)->14821K(48640K) Eden: 0K(19456K)->0K(19456K) From: 16416K(29184K)->14821K(29184K)
[0.928s][info][gc,heap        ] GC(33) ParOldGen: 125482K(126976K)->126564K(162816K)
[0.928s][info][gc,metaspace   ] GC(33) Metaspace: 6296K(6464K)->6296K(6464K) NonClass: 5763K(5824K)->5763K(5824K) Class: 533K(640K)->533K(640K)
[0.928s][info][gc             ] GC(33) Pause Full (Ergonomics) 138M->138M(206M) 57.519ms
[0.928s][info][gc,cpu         ] GC(33) User=0.17s Sys=0.00s Real=0.06s
[0.950s][info][gc,start       ] GC(34) Pause Young (Allocation Failure)
[0.974s][info][gc,heap        ] GC(34) PSYoungGen: 34277K(48640K)->29184K(48640K) Eden: 19456K(19456K)->0K(19456K) From: 14821K(29184K)->29184K(29184K)
[0.974s][info][gc,heap        ] GC(34) ParOldGen: 126564K(162816K)->131780K(162816K)
[0.974s][info][gc,metaspace   ] GC(34) Metaspace: 6296K(6464K)->6296K(6464K) NonClass: 5763K(5824K)->5763K(5824K) Class: 533K(640K)->533K(640K)
[0.974s][info][gc             ] GC(34) Pause Young (Allocation Failure) 157M->157M(206M) 23.445ms
[0.974s][info][gc,cpu         ] GC(34) User=0.05s Sys=0.00s Real=0.02s
[0.990s][info][gc,start       ] GC(35) Pause Young (Allocation Failure)
[1.015s][info][gc,heap        ] GC(35) PSYoungGen: 45502K(48640K)->16096K(55296K) Eden: 16318K(19456K)->0K(22528K) From: 29184K(29184K)->16096K(32768K)
[1.015s][info][gc,heap        ] GC(35) ParOldGen: 131780K(162816K)->161364K(162816K)
[1.015s][info][gc,metaspace   ] GC(35) Metaspace: 6296K(6464K)->6296K(6464K) NonClass: 5763K(5824K)->5763K(5824K) Class: 533K(640K)->533K(640K)
[1.015s][info][gc             ] GC(35) Pause Young (Allocation Failure) 173M->173M(213M) 25.084ms
[1.015s][info][gc,cpu         ] GC(35) User=0.03s Sys=0.03s Real=0.03s
[1.015s][info][gc,start       ] GC(36) Pause Full (Ergonomics)
[1.015s][info][gc,phases,start] GC(36) Marking Phase
[1.061s][info][gc,phases      ] GC(36) Marking Phase 46.310ms
[1.061s][info][gc,phases,start] GC(36) Summary Phase
[1.061s][info][gc,phases      ] GC(36) Summary Phase 0.018ms
[1.061s][info][gc,phases,start] GC(36) Adjust Roots
[1.061s][info][gc,phases      ] GC(36) Adjust Roots 0.141ms
[1.062s][info][gc,phases,start] GC(36) Compaction Phase
[1.084s][info][gc,phases      ] GC(36) Compaction Phase 22.109ms
[1.084s][info][gc,phases,start] GC(36) Post Compact
[1.085s][info][gc,phases      ] GC(36) Post Compact 0.891ms
[1.085s][info][gc,heap        ] GC(36) PSYoungGen: 16096K(55296K)->14447K(57344K) Eden: 0K(22528K)->0K(24576K) From: 16096K(32768K)->14447K(32768K)
[1.085s][info][gc,heap        ] GC(36) ParOldGen: 161364K(162816K)->162344K(206848K)
[1.085s][info][gc,metaspace   ] GC(36) Metaspace: 6296K(6464K)->6296K(6464K) NonClass: 5763K(5824K)->5763K(5824K) Class: 533K(640K)->533K(640K)
[1.085s][info][gc             ] GC(36) Pause Full (Ergonomics) 173M->172M(258M) 70.057ms
[1.085s][info][gc,cpu         ] GC(36) User=0.20s Sys=0.00s Real=0.07s
[1.132s][info][gc,start       ] GC(37) Pause Young (Allocation Failure)
[1.158s][info][gc,heap        ] GC(37) PSYoungGen: 39023K(57344K)->24704K(59392K) Eden: 24576K(24576K)->0K(24576K) From: 14447K(32768K)->24704K(34816K)
[1.158s][info][gc,heap        ] GC(37) ParOldGen: 162344K(206848K)->177040K(206848K)
[1.158s][info][gc,metaspace   ] GC(37) Metaspace: 6296K(6464K)->6296K(6464K) NonClass: 5763K(5824K)->5763K(5824K) Class: 533K(640K)->533K(640K)
[1.158s][info][gc             ] GC(37) Pause Young (Allocation Failure) 196M->197M(260M) 26.323ms
[1.158s][info][gc,cpu         ] GC(37) User=0.03s Sys=0.00s Real=0.03s
[1.182s][info][gc,start       ] GC(38) Pause Young (Allocation Failure)
[1.209s][info][gc,heap        ] GC(38) PSYoungGen: 49280K(59392K)->36320K(53760K) Eden: 24576K(24576K)->0K(17408K) From: 24704K(34816K)->36320K(36352K)
[1.210s][info][gc,heap        ] GC(38) ParOldGen: 177040K(206848K)->190112K(206848K)
[1.210s][info][gc,metaspace   ] GC(38) Metaspace: 6296K(6464K)->6296K(6464K) NonClass: 5763K(5824K)->5763K(5824K) Class: 533K(640K)->533K(640K)
[1.210s][info][gc             ] GC(38) Pause Young (Allocation Failure) 221M->221M(254M) 27.093ms
[1.210s][info][gc,cpu         ] GC(38) User=0.00s Sys=0.00s Real=0.03s
[1.210s][info][gc,start       ] GC(39) Pause Full (Ergonomics)
[1.210s][info][gc,phases,start] GC(39) Marking Phase
[1.259s][info][gc,phases      ] GC(39) Marking Phase 49.272ms
[1.259s][info][gc,phases,start] GC(39) Summary Phase
[1.259s][info][gc,phases      ] GC(39) Summary Phase 0.017ms
[1.259s][info][gc,phases,start] GC(39) Adjust Roots
[1.259s][info][gc,phases      ] GC(39) Adjust Roots 0.137ms
[1.259s][info][gc,phases,start] GC(39) Compaction Phase
[1.303s][info][gc,phases      ] GC(39) Compaction Phase 43.597ms
[1.303s][info][gc,phases,start] GC(39) Post Compact
[1.304s][info][gc,phases      ] GC(39) Post Compact 1.044ms
[1.304s][info][gc,heap        ] GC(39) PSYoungGen: 36320K(53760K)->15294K(53760K) Eden: 0K(17408K)->0K(17408K) From: 36320K(36352K)->15294K(36352K)
[1.304s][info][gc,heap        ] GC(39) ParOldGen: 190112K(206848K)->206498K(252416K)
[1.304s][info][gc,metaspace   ] GC(39) Metaspace: 6296K(6464K)->6296K(6464K) NonClass: 5763K(5824K)->5763K(5824K) Class: 533K(640K)->533K(640K)
[1.304s][info][gc             ] GC(39) Pause Full (Ergonomics) 221M->216M(299M) 94.618ms
[1.304s][info][gc,cpu         ] GC(39) User=0.30s Sys=0.02s Real=0.10s
[1.325s][info][gc,start       ] GC(40) Pause Young (Allocation Failure)
[1.349s][info][gc,heap        ] GC(40) PSYoungGen: 32702K(53760K)->17536K(64512K) Eden: 17408K(17408K)->0K(17408K) From: 15294K(36352K)->17536K(47104K)
[1.349s][info][gc,heap        ] GC(40) ParOldGen: 206498K(252416K)->222026K(252416K)
[1.349s][info][gc,metaspace   ] GC(40) Metaspace: 6296K(6464K)->6296K(6464K) NonClass: 5763K(5824K)->5763K(5824K) Class: 533K(640K)->533K(640K)
[1.349s][info][gc             ] GC(40) Pause Young (Allocation Failure) 233M->233M(309M) 24.201ms
[1.350s][info][gc,cpu         ] GC(40) User=0.11s Sys=0.00s Real=0.02s
[1.368s][info][gc,start       ] GC(41) Pause Young (Allocation Failure)
[1.385s][info][gc,heap        ] GC(41) PSYoungGen: 34944K(64512K)->34944K(60928K) Eden: 17408K(17408K)->0K(16384K) From: 17536K(47104K)->34944K(44544K)
[1.385s][info][gc,heap        ] GC(41) ParOldGen: 222026K(252416K)->222026K(252416K)
[1.385s][info][gc,metaspace   ] GC(41) Metaspace: 6296K(6464K)->6296K(6464K) NonClass: 5763K(5824K)->5763K(5824K) Class: 533K(640K)->533K(640K)
[1.385s][info][gc             ] GC(41) Pause Young (Allocation Failure) 250M->250M(306M) 17.279ms
[1.385s][info][gc,cpu         ] GC(41) User=0.09s Sys=0.00s Real=0.02s
[1.402s][info][gc,start       ] GC(42) Pause Young (Allocation Failure)
[1.425s][info][gc,heap        ] GC(42) PSYoungGen: 51328K(60928K)->48128K(64512K) Eden: 16384K(16384K)->0K(16384K) From: 34944K(44544K)->48128K(48128K)
[1.425s][info][gc,heap        ] GC(42) ParOldGen: 222026K(252416K)->225170K(252416K)
[1.425s][info][gc,metaspace   ] GC(42) Metaspace: 6296K(6464K)->6296K(6464K) NonClass: 5763K(5824K)->5763K(5824K) Class: 533K(640K)->533K(640K)
[1.425s][info][gc             ] GC(42) Pause Young (Allocation Failure) 266M->266M(309M) 22.985ms
[1.425s][info][gc,cpu         ] GC(42) User=0.11s Sys=0.00s Real=0.02s
[1.443s][info][gc,start       ] GC(43) Pause Young (Allocation Failure)
[1.473s][info][gc,heap        ] GC(43) PSYoungGen: 64512K(64512K)->32224K(75776K) Eden: 16384K(16384K)->0K(18944K) From: 48128K(48128K)->32224K(56832K)
[1.473s][info][gc,heap        ] GC(43) ParOldGen: 225170K(252416K)->257994K(258048K)
[1.473s][info][gc,metaspace   ] GC(43) Metaspace: 6296K(6464K)->6296K(6464K) NonClass: 5763K(5824K)->5763K(5824K) Class: 533K(640K)->533K(640K)
[1.473s][info][gc             ] GC(43) Pause Young (Allocation Failure) 282M->283M(326M) 29.555ms
[1.473s][info][gc,cpu         ] GC(43) User=0.09s Sys=0.00s Real=0.03s
[1.473s][info][gc,start       ] GC(44) Pause Full (Ergonomics)
[1.473s][info][gc,phases,start] GC(44) Marking Phase
[1.540s][info][gc,phases      ] GC(44) Marking Phase 66.788ms
[1.540s][info][gc,phases,start] GC(44) Summary Phase
[1.540s][info][gc,phases      ] GC(44) Summary Phase 0.017ms
[1.540s][info][gc,phases,start] GC(44) Adjust Roots
[1.540s][info][gc,phases      ] GC(44) Adjust Roots 0.152ms
[1.540s][info][gc,phases,start] GC(44) Compaction Phase
[1.587s][info][gc,phases      ] GC(44) Compaction Phase 46.452ms
[1.587s][info][gc,phases,start] GC(44) Post Compact
[1.588s][info][gc,phases      ] GC(44) Post Compact 1.635ms
[1.589s][info][gc,heap        ] GC(44) PSYoungGen: 32224K(75776K)->31531K(75776K) Eden: 0K(18944K)->0K(18944K) From: 32224K(56832K)->31531K(56832K)
[1.589s][info][gc,heap        ] GC(44) ParOldGen: 257994K(258048K)->257722K(311808K)
[1.589s][info][gc,metaspace   ] GC(44) Metaspace: 6296K(6464K)->6296K(6464K) NonClass: 5763K(5824K)->5763K(5824K) Class: 533K(640K)->533K(640K)
[1.589s][info][gc             ] GC(44) Pause Full (Ergonomics) 283M->282M(378M) 115.592ms
[1.589s][info][gc,cpu         ] GC(44) User=0.55s Sys=0.00s Real=0.12s
[1.610s][info][gc,start       ] GC(45) Pause Young (Allocation Failure)
[1.642s][info][gc,heap        ] GC(45) PSYoungGen: 50475K(75776K)->35232K(75776K) Eden: 18944K(18944K)->0K(18944K) From: 31531K(56832K)->35232K(56832K)
[1.642s][info][gc,heap        ] GC(45) ParOldGen: 257722K(311808K)->273410K(311808K)
[1.642s][info][gc,metaspace   ] GC(45) Metaspace: 6296K(6464K)->6296K(6464K) NonClass: 5763K(5824K)->5763K(5824K) Class: 533K(640K)->533K(640K)
[1.642s][info][gc             ] GC(45) Pause Young (Allocation Failure) 300M->301M(378M) 32.699ms
[1.642s][info][gc,cpu         ] GC(45) User=0.14s Sys=0.00s Real=0.03s
[1.664s][info][gc,start       ] GC(46) Pause Young (Allocation Failure)
[1.690s][info][gc,heap        ] GC(46) PSYoungGen: 54176K(75776K)->38016K(78848K) Eden: 18944K(18944K)->0K(20992K) From: 35232K(56832K)->38016K(57856K)
[1.690s][info][gc,heap        ] GC(46) ParOldGen: 273410K(311808K)->289762K(311808K)
[1.690s][info][gc,metaspace   ] GC(46) Metaspace: 6296K(6464K)->6296K(6464K) NonClass: 5763K(5824K)->5763K(5824K) Class: 533K(640K)->533K(640K)
[1.690s][info][gc             ] GC(46) Pause Young (Allocation Failure) 319M->320M(381M) 26.270ms
[1.690s][info][gc,cpu         ] GC(46) User=0.11s Sys=0.02s Real=0.03s
[1.690s][info][gc,start       ] GC(47) Pause Full (Ergonomics)
[1.690s][info][gc,phases,start] GC(47) Marking Phase
[1.761s][info][gc,phases      ] GC(47) Marking Phase 70.955ms
[1.761s][info][gc,phases,start] GC(47) Summary Phase
[1.761s][info][gc,phases      ] GC(47) Summary Phase 0.018ms
[1.761s][info][gc,phases,start] GC(47) Adjust Roots
[1.761s][info][gc,phases      ] GC(47) Adjust Roots 0.148ms
[1.761s][info][gc,phases,start] GC(47) Compaction Phase
[1.796s][info][gc,phases      ] GC(47) Compaction Phase 34.548ms
[1.796s][info][gc,phases,start] GC(47) Post Compact
[1.798s][info][gc,phases      ] GC(47) Post Compact 1.540ms
[1.798s][info][gc,heap        ] GC(47) PSYoungGen: 38016K(78848K)->15343K(78848K) Eden: 0K(20992K)->0K(20992K) From: 38016K(57856K)->15343K(57856K)
[1.798s][info][gc,heap        ] GC(47) ParOldGen: 289762K(311808K)->311735K(367616K)
[1.798s][info][gc,metaspace   ] GC(47) Metaspace: 6296K(6464K)->6296K(6464K) NonClass: 5763K(5824K)->5763K(5824K) Class: 533K(640K)->533K(640K)
[1.798s][info][gc             ] GC(47) Pause Full (Ergonomics) 320M->319M(436M) 107.727ms
[1.798s][info][gc,cpu         ] GC(47) User=0.67s Sys=0.02s Real=0.11s
[1.823s][info][gc,start       ] GC(48) Pause Young (Allocation Failure)
[1.852s][info][gc,heap        ] GC(48) PSYoungGen: 36335K(78848K)->29888K(79872K) Eden: 20992K(20992K)->0K(20992K) From: 15343K(57856K)->29888K(58880K)
[1.852s][info][gc,heap        ] GC(48) ParOldGen: 311735K(367616K)->318439K(367616K)
[1.852s][info][gc,metaspace   ] GC(48) Metaspace: 6296K(6464K)->6296K(6464K) NonClass: 5763K(5824K)->5763K(5824K) Class: 533K(640K)->533K(640K)
[1.852s][info][gc             ] GC(48) Pause Young (Allocation Failure) 339M->340M(437M) 29.277ms
[1.852s][info][gc,cpu         ] GC(48) User=0.12s Sys=0.00s Real=0.03s
[1.938s][info][gc,start       ] GC(49) Pause Young (Allocation Failure)
[1.969s][info][gc,heap        ] GC(49) PSYoungGen: 50880K(79872K)->50880K(75264K) Eden: 20992K(20992K)->0K(17920K) From: 29888K(58880K)->50880K(57344K)
[1.969s][info][gc,heap        ] GC(49) ParOldGen: 334823K(367616K)->334823K(367616K)
[1.969s][info][gc,metaspace   ] GC(49) Metaspace: 6296K(6464K)->6296K(6464K) NonClass: 5763K(5824K)->5763K(5824K) Class: 533K(640K)->533K(640K)
[1.969s][info][gc             ] GC(49) Pause Young (Allocation Failure) 376M->376M(432M) 31.226ms
[1.969s][info][gc,cpu         ] GC(49) User=0.14s Sys=0.00s Real=0.03s
[1.987s][info][gc,start       ] GC(50) Pause Young (Allocation Failure)
[2.017s][info][gc,heap        ] GC(50) PSYoungGen: 68800K(75264K)->62976K(80896K) Eden: 17920K(17920K)->0K(17920K) From: 50880K(57344K)->62976K(62976K)
[2.017s][info][gc,heap        ] GC(50) ParOldGen: 334823K(367616K)->340671K(367616K)
[2.017s][info][gc,metaspace   ] GC(50) Metaspace: 6296K(6464K)->6296K(6464K) NonClass: 5763K(5824K)->5763K(5824K) Class: 533K(640K)->533K(640K)
[2.017s][info][gc             ] GC(50) Pause Young (Allocation Failure) 394M->394M(438M) 30.658ms
[2.017s][info][gc,cpu         ] GC(50) User=0.14s Sys=0.00s Real=0.03s
[2.017s][info][gc,start       ] GC(51) Pause Full (Ergonomics)
[2.017s][info][gc,phases,start] GC(51) Marking Phase
[2.101s][info][gc,phases      ] GC(51) Marking Phase 83.746ms
[2.101s][info][gc,phases,start] GC(51) Summary Phase
[2.101s][info][gc,phases      ] GC(51) Summary Phase 0.034ms
[2.101s][info][gc,phases,start] GC(51) Adjust Roots
[2.101s][info][gc,phases      ] GC(51) Adjust Roots 0.165ms
[2.101s][info][gc,phases,start] GC(51) Compaction Phase
[2.170s][info][gc,phases      ] GC(51) Compaction Phase 68.743ms
[2.170s][info][gc,phases,start] GC(51) Post Compact
[2.172s][info][gc,phases      ] GC(51) Post Compact 2.164ms
[2.173s][info][gc,heap        ] GC(51) PSYoungGen: 62976K(80896K)->27582K(80896K) Eden: 0K(17920K)->0K(17920K) From: 62976K(62976K)->27582K(62976K)
[2.173s][info][gc,heap        ] GC(51) ParOldGen: 340671K(367616K)->367493K(422912K)
[2.173s][info][gc,metaspace   ] GC(51) Metaspace: 6296K(6464K)->6296K(6464K) NonClass: 5763K(5824K)->5763K(5824K) Class: 533K(640K)->533K(640K)
[2.173s][info][gc             ] GC(51) Pause Full (Ergonomics) 394M->385M(492M) 155.444ms
[2.173s][info][gc,cpu         ] GC(51) User=0.89s Sys=0.03s Real=0.15s
[2.194s][info][gc,start       ] GC(52) Pause Young (Allocation Failure)
[2.230s][info][gc,heap        ] GC(52) PSYoungGen: 45502K(80896K)->33472K(85504K) Eden: 17920K(17920K)->0K(19968K) From: 27582K(62976K)->33472K(65536K)
[2.230s][info][gc,heap        ] GC(52) ParOldGen: 367493K(422912K)->379885K(422912K)
[2.230s][info][gc,metaspace   ] GC(52) Metaspace: 6296K(6464K)->6296K(6464K) NonClass: 5763K(5824K)->5763K(5824K) Class: 533K(640K)->533K(640K)
[2.230s][info][gc             ] GC(52) Pause Young (Allocation Failure) 403M->403M(496M) 35.783ms
[2.230s][info][gc,cpu         ] GC(52) User=0.25s Sys=0.00s Real=0.03s
[2.252s][info][gc,start       ] GC(53) Pause Young (Allocation Failure)
[2.277s][info][gc,heap        ] GC(53) PSYoungGen: 53440K(85504K)->53408K(90112K) Eden: 19968K(19968K)->0K(19968K) From: 33472K(65536K)->53408K(70144K)
[2.277s][info][gc,heap        ] GC(53) ParOldGen: 379885K(422912K)->379885K(422912K)
[2.277s][info][gc,metaspace   ] GC(53) Metaspace: 6296K(6464K)->6296K(6464K) NonClass: 5763K(5824K)->5763K(5824K) Class: 533K(640K)->533K(640K)
[2.277s][info][gc             ] GC(53) Pause Young (Allocation Failure) 423M->423M(501M) 24.898ms
[2.277s][info][gc,cpu         ] GC(53) User=0.14s Sys=0.00s Real=0.02s
[2.297s][info][gc,start       ] GC(54) Pause Young (Allocation Failure)
[2.331s][info][gc,heap        ] GC(54) PSYoungGen: 73376K(90112K)->73440K(86528K) Eden: 19968K(19968K)->0K(12288K) From: 53408K(70144K)->73440K(74240K)
[2.331s][info][gc,heap        ] GC(54) ParOldGen: 379885K(422912K)->379885K(422912K)
[2.331s][info][gc,metaspace   ] GC(54) Metaspace: 6296K(6464K)->6296K(6464K) NonClass: 5763K(5824K)->5763K(5824K) Class: 533K(640K)->533K(640K)
[2.331s][info][gc             ] GC(54) Pause Young (Allocation Failure) 442M->442M(497M) 34.193ms
[2.331s][info][gc,cpu         ] GC(54) User=0.25s Sys=0.00s Real=0.03s
[2.344s][info][gc,start       ] GC(55) Pause Young (Allocation Failure)
[2.385s][info][gc,heap        ] GC(55) PSYoungGen: 85728K(86528K)->77248K(96768K) Eden: 12288K(12288K)->0K(12288K) From: 73440K(74240K)->77248K(84480K)
[2.385s][info][gc,heap        ] GC(55) ParOldGen: 379885K(422912K)->388445K(422912K)
[2.385s][info][gc,metaspace   ] GC(55) Metaspace: 6296K(6464K)->6296K(6464K) NonClass: 5763K(5824K)->5763K(5824K) Class: 533K(640K)->533K(640K)
[2.385s][info][gc             ] GC(55) Pause Young (Allocation Failure) 454M->454M(507M) 40.736ms
[2.385s][info][gc,cpu         ] GC(55) User=0.25s Sys=0.02s Real=0.04s
[2.398s][info][gc,start       ] GC(56) Pause Young (Allocation Failure)
[2.438s][info][gc,heap        ] GC(56) PSYoungGen: 89536K(96768K)->64640K(105984K) Eden: 12288K(12288K)->0K(11776K) From: 77248K(84480K)->64640K(94208K)
[2.438s][info][gc,heap        ] GC(56) ParOldGen: 388445K(422912K)->413613K(422912K)
[2.438s][info][gc,metaspace   ] GC(56) Metaspace: 6296K(6464K)->6296K(6464K) NonClass: 5763K(5824K)->5763K(5824K) Class: 533K(640K)->533K(640K)
[2.438s][info][gc             ] GC(56) Pause Young (Allocation Failure) 466M->467M(516M) 40.157ms
[2.438s][info][gc,cpu         ] GC(56) User=0.25s Sys=0.00s Real=0.04s
[2.438s][info][gc,start       ] GC(57) Pause Full (Ergonomics)
[2.438s][info][gc,phases,start] GC(57) Marking Phase
[2.539s][info][gc,phases      ] GC(57) Marking Phase 101.143ms
[2.539s][info][gc,phases,start] GC(57) Summary Phase
[2.539s][info][gc,phases      ] GC(57) Summary Phase 0.027ms
[2.539s][info][gc,phases,start] GC(57) Adjust Roots
[2.539s][info][gc,phases      ] GC(57) Adjust Roots 0.148ms
[2.539s][info][gc,phases,start] GC(57) Compaction Phase
[2.597s][info][gc,phases      ] GC(57) Compaction Phase 57.305ms
[2.597s][info][gc,phases,start] GC(57) Post Compact
[2.599s][info][gc,phases      ] GC(57) Post Compact 2.402ms
[2.600s][info][gc,heap        ] GC(57) PSYoungGen: 64640K(105984K)->54678K(105984K) Eden: 0K(11776K)->0K(11776K) From: 64640K(94208K)->54678K(94208K)
[2.600s][info][gc,heap        ] GC(57) ParOldGen: 413613K(422912K)->422674K(480768K)
[2.600s][info][gc,metaspace   ] GC(57) Metaspace: 6296K(6464K)->6296K(6464K) NonClass: 5763K(5824K)->5763K(5824K) Class: 533K(640K)->533K(640K)
[2.600s][info][gc             ] GC(57) Pause Full (Ergonomics) 467M->466M(573M) 161.655ms
[2.600s][info][gc,cpu         ] GC(57) User=1.05s Sys=0.00s Real=0.16s
[2.615s][info][gc,start       ] GC(58) Pause Young (Allocation Failure)
[2.664s][info][gc,heap        ] GC(58) PSYoungGen: 66454K(105984K)->32384K(44544K) Eden: 11776K(11776K)->0K(11776K) From: 54678K(94208K)->32384K(32768K)
[2.664s][info][gc,heap        ] GC(58) ParOldGen: 422674K(480768K)->457354K(480768K)
[2.664s][info][gc,metaspace   ] GC(58) Metaspace: 6296K(6464K)->6296K(6464K) NonClass: 5763K(5824K)->5763K(5824K) Class: 533K(640K)->533K(640K)
[2.664s][info][gc             ] GC(58) Pause Young (Allocation Failure) 477M->478M(513M) 49.058ms
[2.664s][info][gc,cpu         ] GC(58) User=0.38s Sys=0.02s Real=0.05s
[2.664s][info][gc,start       ] GC(59) Pause Full (Ergonomics)
[2.664s][info][gc,phases,start] GC(59) Marking Phase
[2.772s][info][gc,phases      ] GC(59) Marking Phase 107.832ms
[2.772s][info][gc,phases,start] GC(59) Summary Phase
[2.772s][info][gc,phases      ] GC(59) Summary Phase 0.029ms
[2.772s][info][gc,phases,start] GC(59) Adjust Roots
[2.772s][info][gc,phases      ] GC(59) Adjust Roots 0.145ms
[2.772s][info][gc,phases,start] GC(59) Compaction Phase
[2.818s][info][gc,phases      ] GC(59) Compaction Phase 45.642ms
[2.818s][info][gc,phases,start] GC(59) Post Compact
[2.820s][info][gc,phases      ] GC(59) Post Compact 2.317ms
[2.821s][info][gc,heap        ] GC(59) PSYoungGen: 32384K(44544K)->8700K(44544K) Eden: 0K(11776K)->0K(11776K) From: 32384K(32768K)->8700K(32768K)
[2.821s][info][gc,heap        ] GC(59) ParOldGen: 457354K(480768K)->480394K(549376K)
[2.821s][info][gc,metaspace   ] GC(59) Metaspace: 6296K(6464K)->6296K(6464K) NonClass: 5763K(5824K)->5763K(5824K) Class: 533K(640K)->533K(640K)
[2.821s][info][gc             ] GC(59) Pause Full (Ergonomics) 478M->477M(580M) 156.629ms
[2.821s][info][gc,cpu         ] GC(59) User=1.02s Sys=0.00s Real=0.16s
[2.836s][info][gc,start       ] GC(60) Pause Young (Allocation Failure)
[2.866s][info][gc,heap        ] GC(60) PSYoungGen: 20476K(44544K)->15136K(107008K) Eden: 11776K(11776K)->0K(13312K) From: 8700K(32768K)->15136K(93696K)
[2.866s][info][gc,heap        ] GC(60) ParOldGen: 480394K(549376K)->486002K(549376K)
[2.866s][info][gc,metaspace   ] GC(60) Metaspace: 6296K(6464K)->6296K(6464K) NonClass: 5763K(5824K)->5763K(5824K) Class: 533K(640K)->533K(640K)
[2.866s][info][gc             ] GC(60) Pause Young (Allocation Failure) 489M->489M(641M) 29.910ms
[2.866s][info][gc,cpu         ] GC(60) User=0.12s Sys=0.00s Real=0.03s
[2.880s][info][gc,start       ] GC(61) Pause Young (Allocation Failure)
[2.896s][info][gc,heap        ] GC(61) PSYoungGen: 28448K(107008K)->28384K(41984K) Eden: 13312K(13312K)->0K(13312K) From: 15136K(93696K)->28384K(28672K)
[2.896s][info][gc,heap        ] GC(61) ParOldGen: 486002K(549376K)->486002K(549376K)
[2.896s][info][gc,metaspace   ] GC(61) Metaspace: 6296K(6464K)->6296K(6464K) NonClass: 5763K(5824K)->5763K(5824K) Class: 533K(640K)->533K(640K)
[2.896s][info][gc             ] GC(61) Pause Young (Allocation Failure) 502M->502M(577M) 16.277ms
[2.896s][info][gc,cpu         ] GC(61) User=0.02s Sys=0.00s Real=0.02s
[2.910s][info][gc,start       ] GC(62) Pause Young (Allocation Failure)
[2.931s][info][gc,heap        ] GC(62) PSYoungGen: 41696K(41984K)->41728K(97280K) Eden: 13312K(13312K)->0K(14848K) From: 28384K(28672K)->41728K(82432K)
[2.931s][info][gc,heap        ] GC(62) ParOldGen: 486002K(549376K)->486002K(549376K)
[2.931s][info][gc,metaspace   ] GC(62) Metaspace: 6296K(6464K)->6296K(6464K) NonClass: 5763K(5824K)->5763K(5824K) Class: 533K(640K)->533K(640K)
[2.931s][info][gc             ] GC(62) Pause Young (Allocation Failure) 515M->515M(631M) 20.639ms
[2.931s][info][gc,cpu         ] GC(62) User=0.14s Sys=0.00s Real=0.02s
[2.948s][info][gc,start       ] GC(63) Pause Young (Allocation Failure)
[2.974s][info][gc,heap        ] GC(63) PSYoungGen: 56576K(97280K)->53344K(101376K) Eden: 14848K(14848K)->0K(14848K) From: 41728K(82432K)->53344K(86528K)
[2.974s][info][gc,heap        ] GC(63) ParOldGen: 486002K(549376K)->489290K(549376K)
[2.974s][info][gc,metaspace   ] GC(63) Metaspace: 6296K(6464K)->6296K(6464K) NonClass: 5763K(5824K)->5763K(5824K) Class: 533K(640K)->533K(640K)
[2.974s][info][gc             ] GC(63) Pause Young (Allocation Failure) 529M->529M(635M) 26.802ms
[2.974s][info][gc,cpu         ] GC(63) User=0.12s Sys=0.00s Real=0.03s
[2.991s][info][gc,start       ] GC(64) Pause Young (Allocation Failure)
[3.023s][info][gc,heap        ] GC(64) PSYoungGen: 68192K(101376K)->56480K(101888K) Eden: 14848K(14848K)->0K(15360K) From: 53344K(86528K)->56480K(86528K)
[3.023s][info][gc,heap        ] GC(64) ParOldGen: 489290K(549376K)->501234K(549376K)
[3.023s][info][gc,metaspace   ] GC(64) Metaspace: 6296K(6464K)->6296K(6464K) NonClass: 5763K(5824K)->5763K(5824K) Class: 533K(640K)->533K(640K)
[3.023s][info][gc             ] GC(64) Pause Young (Allocation Failure) 544M->544M(636M) 32.056ms
[3.023s][info][gc,cpu         ] GC(64) User=0.12s Sys=0.00s Real=0.03s
[3.042s][info][gc,start       ] GC(65) Pause Young (Allocation Failure)
[3.076s][info][gc,heap        ] GC(65) PSYoungGen: 71840K(101888K)->58464K(103424K) Eden: 15360K(15360K)->0K(15360K) From: 56480K(86528K)->58464K(88064K)
[3.076s][info][gc,heap        ] GC(65) ParOldGen: 501234K(549376K)->514722K(549376K)
[3.076s][info][gc,metaspace   ] GC(65) Metaspace: 6296K(6464K)->6296K(6464K) NonClass: 5763K(5824K)->5763K(5824K) Class: 533K(640K)->533K(640K)
[3.076s][info][gc             ] GC(65) Pause Young (Allocation Failure) 559M->559M(637M) 34.316ms
[3.076s][info][gc,cpu         ] GC(65) User=0.17s Sys=0.00s Real=0.03s
[3.095s][info][gc,start       ] GC(66) Pause Young (Allocation Failure)
[3.131s][info][gc,heap        ] GC(66) PSYoungGen: 73824K(103424K)->45728K(99328K) Eden: 15360K(15360K)->0K(17920K) From: 58464K(88064K)->45728K(81408K)
[3.131s][info][gc,heap        ] GC(66) ParOldGen: 514722K(549376K)->543226K(549376K)
[3.131s][info][gc,metaspace   ] GC(66) Metaspace: 6296K(6464K)->6296K(6464K) NonClass: 5763K(5824K)->5763K(5824K) Class: 533K(640K)->533K(640K)
[3.131s][info][gc             ] GC(66) Pause Young (Allocation Failure) 574M->575M(633M) 36.307ms
[3.131s][info][gc,cpu         ] GC(66) User=0.25s Sys=0.00s Real=0.04s
[3.131s][info][gc,start       ] GC(67) Pause Full (Ergonomics)
[3.131s][info][gc,phases,start] GC(67) Marking Phase
[3.254s][info][gc,phases      ] GC(67) Marking Phase 122.692ms
[3.254s][info][gc,phases,start] GC(67) Summary Phase
[3.254s][info][gc,phases      ] GC(67) Summary Phase 0.022ms
[3.254s][info][gc,phases,start] GC(67) Adjust Roots
[3.254s][info][gc,phases      ] GC(67) Adjust Roots 0.162ms
[3.254s][info][gc,phases,start] GC(67) Compaction Phase
[3.315s][info][gc,phases      ] GC(67) Compaction Phase 60.528ms
[3.315s][info][gc,phases,start] GC(67) Post Compact
[3.316s][info][gc,phases      ] GC(67) Post Compact 0.979ms
[3.316s][info][gc,heap        ] GC(67) PSYoungGen: 45728K(99328K)->38315K(101888K) Eden: 0K(17920K)->0K(20480K) From: 45728K(81408K)->38315K(81408K)
[3.316s][info][gc,heap        ] GC(67) ParOldGen: 543226K(549376K)->549370K(620544K)
[3.316s][info][gc,metaspace   ] GC(67) Metaspace: 6296K(6464K)->6296K(6464K) NonClass: 5763K(5824K)->5763K(5824K) Class: 533K(640K)->533K(640K)
[3.316s][info][gc             ] GC(67) Pause Full (Ergonomics) 575M->573M(705M) 185.002ms
[3.316s][info][gc,cpu         ] GC(67) User=1.36s Sys=0.00s Real=0.19s
[3.341s][info][gc,start       ] GC(68) Pause Young (Allocation Failure)
[3.391s][info][gc,heap        ] GC(68) PSYoungGen: 58795K(101888K)->33376K(105472K) Eden: 20480K(20480K)->0K(20480K) From: 38315K(81408K)->33376K(84992K)
[3.391s][info][gc,heap        ] GC(68) ParOldGen: 549370K(620544K)->575354K(620544K)
[3.391s][info][gc,metaspace   ] GC(68) Metaspace: 6296K(6464K)->6296K(6464K) NonClass: 5763K(5824K)->5763K(5824K) Class: 533K(640K)->533K(640K)
[3.391s][info][gc             ] GC(68) Pause Young (Allocation Failure) 593M->594M(709M) 50.057ms
[3.392s][info][gc,cpu         ] GC(68) User=0.27s Sys=0.00s Real=0.05s
[3.416s][info][gc,start       ] GC(69) Pause Young (Allocation Failure)
[3.444s][info][gc,heap        ] GC(69) PSYoungGen: 53856K(105472K)->41152K(98816K) Eden: 20480K(20480K)->0K(23040K) From: 33376K(84992K)->41152K(75776K)
[3.444s][info][gc,heap        ] GC(69) ParOldGen: 575354K(620544K)->588274K(620544K)
[3.444s][info][gc,metaspace   ] GC(69) Metaspace: 6296K(6464K)->6296K(6464K) NonClass: 5763K(5824K)->5763K(5824K) Class: 533K(640K)->533K(640K)
[3.444s][info][gc             ] GC(69) Pause Young (Allocation Failure) 614M->614M(702M) 27.954ms
[3.444s][info][gc,cpu         ] GC(69) User=0.08s Sys=0.05s Real=0.03s
[3.444s][info][gc,start       ] GC(70) Pause Full (Ergonomics)
[3.444s][info][gc,phases,start] GC(70) Marking Phase
[3.583s][info][gc,phases      ] GC(70) Marking Phase 138.450ms
[3.583s][info][gc,phases,start] GC(70) Summary Phase
[3.583s][info][gc,phases      ] GC(70) Summary Phase 0.022ms
[3.583s][info][gc,phases,start] GC(70) Adjust Roots
[3.583s][info][gc,phases      ] GC(70) Adjust Roots 0.152ms
[3.583s][info][gc,phases,start] GC(70) Compaction Phase
[3.636s][info][gc,phases      ] GC(70) Compaction Phase 53.304ms
[3.637s][info][gc,phases,start] GC(70) Post Compact
[3.638s][info][gc,phases      ] GC(70) Post Compact 0.968ms
[3.638s][info][gc,heap        ] GC(70) PSYoungGen: 41152K(98816K)->8196K(101888K) Eden: 0K(23040K)->0K(26112K) From: 41152K(75776K)->8196K(75776K)
[3.638s][info][gc,heap        ] GC(70) ParOldGen: 588274K(620544K)->620385K(696320K)
[3.638s][info][gc,metaspace   ] GC(70) Metaspace: 6296K(6464K)->6296K(6464K) NonClass: 5763K(5824K)->5763K(5824K) Class: 533K(640K)->533K(640K)
[3.638s][info][gc             ] GC(70) Pause Full (Ergonomics) 614M->613M(779M) 193.441ms
[3.638s][info][gc,cpu         ] GC(70) User=1.38s Sys=0.02s Real=0.20s
[3.670s][info][gc,start       ] GC(71) Pause Young (Allocation Failure)
[3.712s][info][gc,heap        ] GC(71) PSYoungGen: 34308K(101888K)->30080K(105472K) Eden: 26112K(26112K)->0K(26112K) From: 8196K(75776K)->30080K(79360K)
[3.712s][info][gc,heap        ] GC(71) ParOldGen: 620385K(696320K)->624841K(696320K)
[3.712s][info][gc,metaspace   ] GC(71) Metaspace: 6296K(6464K)->6296K(6464K) NonClass: 5763K(5824K)->5763K(5824K) Class: 533K(640K)->533K(640K)
[3.712s][info][gc             ] GC(71) Pause Young (Allocation Failure) 639M->639M(783M) 42.691ms
[3.712s][info][gc,cpu         ] GC(71) User=0.25s Sys=0.00s Real=0.04s
[3.744s][info][gc,start       ] GC(72) Pause Young (Allocation Failure)
[3.774s][info][gc,heap        ] GC(72) PSYoungGen: 56192K(105472K)->56224K(105472K) Eden: 26112K(26112K)->0K(27136K) From: 30080K(79360K)->56224K(78336K)
[3.774s][info][gc,heap        ] GC(72) ParOldGen: 624841K(696320K)->624841K(696320K)
[3.774s][info][gc,metaspace   ] GC(72) Metaspace: 6296K(6464K)->6296K(6464K) NonClass: 5763K(5824K)->5763K(5824K) Class: 533K(640K)->533K(640K)
[3.774s][info][gc             ] GC(72) Pause Young (Allocation Failure) 665M->665M(783M) 29.220ms
[3.774s][info][gc,cpu         ] GC(72) User=0.14s Sys=0.00s Real=0.03s
[3.935s][info][gc,start       ] GC(73) Pause Young (Allocation Failure)
[3.986s][info][gc,heap        ] GC(73) PSYoungGen: 83360K(105472K)->79872K(107008K) Eden: 27136K(27136K)->0K(27136K) From: 56224K(78336K)->79872K(79872K)
[3.986s][info][gc,heap        ] GC(73) ParOldGen: 657609K(696320K)->661089K(696320K)
[3.986s][info][gc,metaspace   ] GC(73) Metaspace: 6296K(6464K)->6296K(6464K) NonClass: 5763K(5824K)->5763K(5824K) Class: 533K(640K)->533K(640K)
[3.987s][info][gc             ] GC(73) Pause Young (Allocation Failure) 723M->723M(784M) 51.890ms
[3.987s][info][gc,cpu         ] GC(73) User=0.38s Sys=0.00s Real=0.05s
[4.015s][info][gc,start       ] GC(74) Pause Young (Allocation Failure)
[4.067s][info][gc,heap        ] GC(74) PSYoungGen: 107008K(107008K)->77888K(114688K) Eden: 27136K(27136K)->0K(23552K) From: 79872K(79872K)->77888K(91136K)
[4.067s][info][gc,heap        ] GC(74) ParOldGen: 661089K(696320K)->690713K(696320K)
[4.067s][info][gc,metaspace   ] GC(74) Metaspace: 6296K(6464K)->6296K(6464K) NonClass: 5763K(5824K)->5763K(5824K) Class: 533K(640K)->533K(640K)
[4.067s][info][gc             ] GC(74) Pause Young (Allocation Failure) 750M->750M(792M) 51.633ms
[4.067s][info][gc,cpu         ] GC(74) User=0.33s Sys=0.03s Real=0.05s
[4.067s][info][gc,start       ] GC(75) Pause Full (Ergonomics)
[4.067s][info][gc,phases,start] GC(75) Marking Phase
[4.230s][info][gc,phases      ] GC(75) Marking Phase 163.195ms
[4.230s][info][gc,phases,start] GC(75) Summary Phase
[4.230s][info][gc,phases      ] GC(75) Summary Phase 0.023ms
[4.230s][info][gc,phases,start] GC(75) Adjust Roots
[4.231s][info][gc,phases      ] GC(75) Adjust Roots 0.152ms
[4.231s][info][gc,phases,start] GC(75) Compaction Phase
[4.360s][info][gc,phases      ] GC(75) Compaction Phase 129.793ms
[4.360s][info][gc,phases,start] GC(75) Post Compact
[4.362s][info][gc,phases      ] GC(75) Post Compact 1.606ms
[4.362s][info][gc,heap        ] GC(75) PSYoungGen: 77888K(114688K)->55120K(114688K) Eden: 0K(23552K)->0K(23552K) From: 77888K(91136K)->55120K(91136K)
[4.363s][info][gc,heap        ] GC(75) ParOldGen: 690713K(696320K)->696223K(778752K)
[4.363s][info][gc,metaspace   ] GC(75) Metaspace: 6296K(6464K)->6296K(6464K) NonClass: 5763K(5824K)->5763K(5824K) Class: 533K(640K)->533K(640K)
[4.363s][info][gc             ] GC(75) Pause Full (Ergonomics) 750M->733M(872M) 295.430ms
[4.363s][info][gc,cpu         ] GC(75) User=1.98s Sys=0.02s Real=0.30s
[4.390s][info][gc,start       ] GC(76) Pause Young (Allocation Failure)
[4.451s][info][gc,heap        ] GC(76) PSYoungGen: 78672K(114688K)->78944K(121344K) Eden: 23552K(23552K)->0K(23552K) From: 55120K(91136K)->78944K(97792K)
[4.451s][info][gc,heap        ] GC(76) ParOldGen: 696223K(778752K)->696223K(778752K)
[4.451s][info][gc,metaspace   ] GC(76) Metaspace: 6296K(6464K)->6296K(6464K) NonClass: 5763K(5824K)->5763K(5824K) Class: 533K(640K)->533K(640K)
[4.451s][info][gc             ] GC(76) Pause Young (Allocation Failure) 756M->756M(879M) 61.653ms
[4.451s][info][gc,cpu         ] GC(76) User=0.39s Sys=0.00s Real=0.06s
[4.476s][info][gc,start       ] GC(77) Pause Young (Allocation Failure)
[4.526s][info][gc,heap        ] GC(77) PSYoungGen: 102496K(121344K)->102528K(116736K) Eden: 23552K(23552K)->0K(12800K) From: 78944K(97792K)->102528K(103936K)
[4.526s][info][gc,heap        ] GC(77) ParOldGen: 696223K(778752K)->696223K(778752K)
[4.526s][info][gc,metaspace   ] GC(77) Metaspace: 6296K(6464K)->6296K(6464K) NonClass: 5763K(5824K)->5763K(5824K) Class: 533K(640K)->533K(640K)
[4.526s][info][gc             ] GC(77) Pause Young (Allocation Failure) 779M->780M(874M) 50.474ms
[4.526s][info][gc,cpu         ] GC(77) User=0.36s Sys=0.02s Real=0.05s
[4.539s][info][gc,start       ] GC(78) Pause Young (Allocation Failure)
[4.597s][info][gc,heap        ] GC(78) PSYoungGen: 115328K(116736K)->96544K(130048K) Eden: 12800K(12800K)->0K(12800K) From: 102528K(103936K)->96544K(117248K)
[4.597s][info][gc,heap        ] GC(78) ParOldGen: 696223K(778752K)->715271K(778752K)
[4.597s][info][gc,metaspace   ] GC(78) Metaspace: 6296K(6464K)->6296K(6464K) NonClass: 5763K(5824K)->5763K(5824K) Class: 533K(640K)->533K(640K)
[4.597s][info][gc             ] GC(78) Pause Young (Allocation Failure) 792M->792M(887M) 58.306ms
[4.597s][info][gc,cpu         ] GC(78) User=0.36s Sys=0.00s Real=0.06s
[4.611s][info][gc,start       ] GC(79) Pause Young (Allocation Failure)
[4.665s][info][gc,heap        ] GC(79) PSYoungGen: 109344K(130048K)->72864K(135680K) Eden: 12800K(12800K)->0K(14848K) From: 96544K(117248K)->72864K(120832K)
[4.665s][info][gc,heap        ] GC(79) ParOldGen: 715271K(778752K)->752095K(778752K)
[4.665s][info][gc,metaspace   ] GC(79) Metaspace: 6296K(6464K)->6296K(6464K) NonClass: 5763K(5824K)->5763K(5824K) Class: 533K(640K)->533K(640K)
[4.665s][info][gc             ] GC(79) Pause Young (Allocation Failure) 805M->805M(893M) 53.730ms
[4.665s][info][gc,cpu         ] GC(79) User=0.38s Sys=0.02s Real=0.05s
[4.665s][info][gc,start       ] GC(80) Pause Full (Ergonomics)
[4.665s][info][gc,phases,start] GC(80) Marking Phase
[4.847s][info][gc,phases      ] GC(80) Marking Phase 181.653ms
[4.847s][info][gc,phases,start] GC(80) Summary Phase
[4.847s][info][gc,phases      ] GC(80) Summary Phase 0.023ms
[4.847s][info][gc,phases,start] GC(80) Adjust Roots
[4.847s][info][gc,phases      ] GC(80) Adjust Roots 0.145ms
[4.847s][info][gc,phases,start] GC(80) Compaction Phase
[4.941s][info][gc,phases      ] GC(80) Compaction Phase 93.902ms
[4.941s][info][gc,phases,start] GC(80) Post Compact
[4.942s][info][gc,phases      ] GC(80) Post Compact 1.637ms
[4.943s][info][gc,heap        ] GC(80) PSYoungGen: 72864K(135680K)->45493K(137728K) Eden: 0K(14848K)->0K(16896K) From: 72864K(120832K)->45493K(120832K)
[4.943s][info][gc,heap        ] GC(80) ParOldGen: 752095K(778752K)->778427K(871424K)
[4.943s][info][gc,metaspace   ] GC(80) Metaspace: 6296K(6464K)->6296K(6464K) NonClass: 5763K(5824K)->5763K(5824K) Class: 533K(640K)->533K(640K)
[4.943s][info][gc             ] GC(80) Pause Full (Ergonomics) 805M->804M(985M) 278.124ms
[4.943s][info][gc,cpu         ] GC(80) User=1.80s Sys=0.00s Real=0.28s
[4.961s][info][gc,start       ] GC(81) Pause Young (Allocation Failure)
[5.022s][info][gc,heap        ] GC(81) PSYoungGen: 62389K(137728K)->34208K(139776K) Eden: 16896K(16896K)->0K(16896K) From: 45493K(120832K)->34208K(122880K)
[5.022s][info][gc,heap        ] GC(81) ParOldGen: 778427K(871424K)->807155K(871424K)
[5.022s][info][gc,metaspace   ] GC(81) Metaspace: 6296K(6464K)->6296K(6464K) NonClass: 5763K(5824K)->5763K(5824K) Class: 533K(640K)->533K(640K)
[5.022s][info][gc             ] GC(81) Pause Young (Allocation Failure) 821M->821M(987M) 61.539ms
[5.022s][info][gc,cpu         ] GC(81) User=0.38s Sys=0.00s Real=0.06s
[5.041s][info][gc,start       ] GC(82) Pause Young (Allocation Failure)
[5.067s][info][gc,heap        ] GC(82) PSYoungGen: 51104K(139776K)->41952K(134656K) Eden: 16896K(16896K)->0K(18944K) From: 34208K(122880K)->41952K(115712K)
[5.067s][info][gc,heap        ] GC(82) ParOldGen: 807155K(871424K)->816395K(871424K)
[5.067s][info][gc,metaspace   ] GC(82) Metaspace: 6296K(6464K)->6296K(6464K) NonClass: 5763K(5824K)->5763K(5824K) Class: 533K(640K)->533K(640K)
[5.067s][info][gc             ] GC(82) Pause Young (Allocation Failure) 838M->838M(982M) 26.135ms
[5.067s][info][gc,cpu         ] GC(82) User=0.12s Sys=0.00s Real=0.03s
[5.089s][info][gc,start       ] GC(83) Pause Young (Allocation Failure)
[5.119s][info][gc,heap        ] GC(83) PSYoungGen: 60896K(134656K)->52864K(72192K) Eden: 18944K(18944K)->0K(18944K) From: 41952K(115712K)->52864K(53248K)
[5.119s][info][gc,heap        ] GC(83) ParOldGen: 816395K(871424K)->824531K(871424K)
[5.119s][info][gc,metaspace   ] GC(83) Metaspace: 6296K(6464K)->6296K(6464K) NonClass: 5763K(5824K)->5763K(5824K) Class: 533K(640K)->533K(640K)
[5.119s][info][gc             ] GC(83) Pause Young (Allocation Failure) 856M->856M(921M) 30.276ms
[5.119s][info][gc,cpu         ] GC(83) User=0.16s Sys=0.00s Real=0.03s
[5.141s][info][gc,start       ] GC(84) Pause Young (Allocation Failure)
[5.177s][info][gc,heap        ] GC(84) PSYoungGen: 71808K(72192K)->38048K(131072K) Eden: 18944K(18944K)->0K(21504K) From: 52864K(53248K)->38048K(109568K)
[5.178s][info][gc,heap        ] GC(84) ParOldGen: 824531K(871424K)->858755K(871424K)
[5.178s][info][gc,metaspace   ] GC(84) Metaspace: 6296K(6464K)->6296K(6464K) NonClass: 5763K(5824K)->5763K(5824K) Class: 533K(640K)->533K(640K)
[5.178s][info][gc             ] GC(84) Pause Young (Allocation Failure) 875M->875M(979M) 36.078ms
[5.178s][info][gc,cpu         ] GC(84) User=0.23s Sys=0.02s Real=0.04s
[5.178s][info][gc,start       ] GC(85) Pause Full (Ergonomics)
[5.178s][info][gc,phases,start] GC(85) Marking Phase
[5.372s][info][gc,phases      ] GC(85) Marking Phase 194.591ms
[5.372s][info][gc,phases,start] GC(85) Summary Phase
[5.372s][info][gc,phases      ] GC(85) Summary Phase 0.023ms
[5.372s][info][gc,phases,start] GC(85) Adjust Roots
[5.372s][info][gc,phases      ] GC(85) Adjust Roots 0.146ms
[5.373s][info][gc,phases,start] GC(85) Compaction Phase
[5.464s][info][gc,phases      ] GC(85) Compaction Phase 91.264ms
[5.464s][info][gc,phases,start] GC(85) Post Compact
[5.466s][info][gc,phases      ] GC(85) Post Compact 1.674ms
[5.466s][info][gc,heap        ] GC(85) PSYoungGen: 38048K(131072K)->24541K(133120K) Eden: 0K(21504K)->0K(23552K) From: 38048K(109568K)->24541K(109568K)
[5.466s][info][gc,heap        ] GC(85) ParOldGen: 858755K(871424K)->870940K(972288K)
[5.466s][info][gc,metaspace   ] GC(85) Metaspace: 6296K(6464K)->6296K(6464K) NonClass: 5763K(5824K)->5763K(5824K) Class: 533K(640K)->533K(640K)
[5.466s][info][gc             ] GC(85) Pause Full (Ergonomics) 875M->874M(1079M) 288.485ms
[5.466s][info][gc,cpu         ] GC(85) User=1.91s Sys=0.05s Real=0.29s
[5.493s][info][gc,start       ] GC(86) Pause Young (Allocation Failure)
[5.552s][info][gc,heap        ] GC(86) PSYoungGen: 48093K(133120K)->23712K(135168K) Eden: 23552K(23552K)->0K(23552K) From: 24541K(109568K)->23712K(111616K)
[5.552s][info][gc,heap        ] GC(86) ParOldGen: 870940K(972288K)->895812K(972288K)
[5.552s][info][gc,metaspace   ] GC(86) Metaspace: 6296K(6464K)->6296K(6464K) NonClass: 5763K(5824K)->5763K(5824K) Class: 533K(640K)->533K(640K)
[5.552s][info][gc             ] GC(86) Pause Young (Allocation Failure) 897M->897M(1081M) 59.271ms
[5.552s][info][gc,cpu         ] GC(86) User=0.38s Sys=0.00s Real=0.06s
[5.577s][info][gc,start       ] GC(87) Pause Young (Allocation Failure)
[5.604s][info][gc,heap        ] GC(87) PSYoungGen: 47264K(135168K)->23680K(135680K) Eden: 23552K(23552K)->0K(26112K) From: 23712K(111616K)->23680K(109568K)
[5.604s][info][gc,heap        ] GC(87) ParOldGen: 895812K(972288K)->919692K(972288K)
[5.604s][info][gc,metaspace   ] GC(87) Metaspace: 6296K(6464K)->6296K(6464K) NonClass: 5763K(5824K)->5763K(5824K) Class: 533K(640K)->533K(640K)
[5.604s][info][gc             ] GC(87) Pause Young (Allocation Failure) 920M->921M(1082M) 26.175ms
[5.604s][info][gc,cpu         ] GC(87) User=0.14s Sys=0.00s Real=0.03s
[5.632s][info][gc,start       ] GC(88) Pause Young (Allocation Failure)
[5.660s][info][gc,heap        ] GC(88) PSYoungGen: 49792K(135680K)->26272K(136704K) Eden: 26112K(26112K)->0K(26112K) From: 23680K(109568K)->26272K(110592K)
[5.660s][info][gc,heap        ] GC(88) ParOldGen: 919692K(972288K)->943572K(972288K)
[5.660s][info][gc,metaspace   ] GC(88) Metaspace: 6296K(6464K)->6296K(6464K) NonClass: 5763K(5824K)->5763K(5824K) Class: 533K(640K)->533K(640K)
[5.660s][info][gc             ] GC(88) Pause Young (Allocation Failure) 946M->947M(1083M) 27.933ms
[5.660s][info][gc,cpu         ] GC(88) User=0.11s Sys=0.02s Real=0.03s
[5.660s][info][gc,start       ] GC(89) Pause Full (Ergonomics)
[5.660s][info][gc,phases,start] GC(89) Marking Phase
[5.876s][info][gc,phases      ] GC(89) Marking Phase 216.103ms
[5.877s][info][gc,phases,start] GC(89) Summary Phase
[5.877s][info][gc,phases      ] GC(89) Summary Phase 0.035ms
[5.877s][info][gc,phases,start] GC(89) Adjust Roots
[5.877s][info][gc,phases      ] GC(89) Adjust Roots 0.145ms
[5.877s][info][gc,phases,start] GC(89) Compaction Phase
[5.965s][info][gc,phases      ] GC(89) Compaction Phase 88.060ms
[5.965s][info][gc,phases,start] GC(89) Post Compact
[5.966s][info][gc,phases      ] GC(89) Post Compact 1.529ms
[5.967s][info][gc,heap        ] GC(89) PSYoungGen: 26272K(136704K)->0K(137728K) Eden: 0K(26112K)->0K(29184K) From: 26272K(110592K)->0K(108544K)
[5.967s][info][gc,heap        ] GC(89) ParOldGen: 943572K(972288K)->968609K(1075712K)
[5.967s][info][gc,metaspace   ] GC(89) Metaspace: 6296K(6464K)->6296K(6464K) NonClass: 5763K(5824K)->5763K(5824K) Class: 533K(640K)->533K(640K)
[5.967s][info][gc             ] GC(89) Pause Full (Ergonomics) 947M->945M(1185M) 306.523ms
[5.967s][info][gc,cpu         ] GC(89) User=2.27s Sys=0.00s Real=0.31s
[6.004s][info][gc,start       ] GC(90) Pause Young (Allocation Failure)
[6.022s][info][gc,heap        ] GC(90) PSYoungGen: 29184K(137728K)->29344K(58880K) Eden: 29184K(29184K)->0K(29184K) From: 0K(108544K)->29344K(29696K)
[6.022s][info][gc,heap        ] GC(90) ParOldGen: 968609K(1075712K)->968609K(1075712K)
[6.022s][info][gc,metaspace   ] GC(90) Metaspace: 6296K(6464K)->6296K(6464K) NonClass: 5763K(5824K)->5763K(5824K) Class: 533K(640K)->533K(640K)
[6.022s][info][gc             ] GC(90) Pause Young (Allocation Failure) 974M->974M(1108M) 18.353ms
[6.022s][info][gc,cpu         ] GC(90) User=0.03s Sys=0.00s Real=0.02s
[6.055s][info][gc,start       ] GC(91) Pause Young (Allocation Failure)
[6.085s][info][gc,heap        ] GC(91) PSYoungGen: 58528K(58880K)->58528K(136192K) Eden: 29184K(29184K)->0K(32256K) From: 29344K(29696K)->58528K(103936K)
[6.085s][info][gc,heap        ] GC(91) ParOldGen: 968609K(1075712K)->968609K(1075712K)
[6.085s][info][gc,metaspace   ] GC(91) Metaspace: 6296K(6464K)->6296K(6464K) NonClass: 5763K(5824K)->5763K(5824K) Class: 533K(640K)->533K(640K)
[6.085s][info][gc             ] GC(91) Pause Young (Allocation Failure) 1003M->1003M(1183M) 30.183ms
[6.085s][info][gc,cpu         ] GC(91) User=0.14s Sys=0.00s Real=0.03s
[6.119s][info][gc,start       ] GC(92) Pause Young (Allocation Failure)
[6.163s][info][gc,heap        ] GC(92) PSYoungGen: 90784K(136192K)->90848K(136704K) Eden: 32256K(32256K)->0K(32256K) From: 58528K(103936K)->90848K(104448K)
[6.163s][info][gc,heap        ] GC(92) ParOldGen: 968609K(1075712K)->968609K(1075712K)
[6.163s][info][gc,metaspace   ] GC(92) Metaspace: 6296K(6464K)->6296K(6464K) NonClass: 5763K(5824K)->5763K(5824K) Class: 533K(640K)->533K(640K)
[6.163s][info][gc             ] GC(92) Pause Young (Allocation Failure) 1034M->1034M(1184M) 44.547ms
[6.164s][info][gc,cpu         ] GC(92) User=0.25s Sys=0.00s Real=0.04s
[6.201s][info][gc,start       ] GC(93) Pause Young (Allocation Failure)
[6.267s][info][gc,heap        ] GC(93) PSYoungGen: 123104K(136704K)->114688K(129536K) Eden: 32256K(32256K)->0K(14848K) From: 90848K(104448K)->114688K(114688K)
[6.267s][info][gc,heap        ] GC(93) ParOldGen: 968609K(1075712K)->977081K(1075712K)
[6.267s][info][gc,metaspace   ] GC(93) Metaspace: 6296K(6464K)->6296K(6464K) NonClass: 5763K(5824K)->5763K(5824K) Class: 533K(640K)->533K(640K)
[6.267s][info][gc             ] GC(93) Pause Young (Allocation Failure) 1066M->1066M(1177M) 65.981ms
[6.267s][info][gc,cpu         ] GC(93) User=0.39s Sys=0.02s Real=0.07s
[6.284s][info][gc,start       ] GC(94) Pause Young (Allocation Failure)
[6.354s][info][gc,heap        ] GC(94) PSYoungGen: 129536K(129536K)->76000K(150016K) Eden: 14848K(14848K)->0K(14848K) From: 114688K(114688K)->76000K(135168K)
[6.354s][info][gc,heap        ] GC(94) ParOldGen: 977081K(1075712K)->1031409K(1075712K)
[6.354s][info][gc,metaspace   ] GC(94) Metaspace: 6296K(6464K)->6296K(6464K) NonClass: 5763K(5824K)->5763K(5824K) Class: 533K(640K)->533K(640K)
[6.354s][info][gc             ] GC(94) Pause Young (Allocation Failure) 1080M->1081M(1197M) 69.573ms
[6.354s][info][gc,cpu         ] GC(94) User=0.48s Sys=0.03s Real=0.07s
[6.354s][info][gc,start       ] GC(95) Pause Full (Ergonomics)
[6.354s][info][gc,phases,start] GC(95) Marking Phase
[6.603s][info][gc,phases      ] GC(95) Marking Phase 249.033ms
[6.603s][info][gc,phases,start] GC(95) Summary Phase
[6.603s][info][gc,phases      ] GC(95) Summary Phase 0.044ms
[6.603s][info][gc,phases,start] GC(95) Adjust Roots
[6.603s][info][gc,phases      ] GC(95) Adjust Roots 0.194ms
[6.604s][info][gc,phases,start] GC(95) Compaction Phase
[6.700s][info][gc,phases      ] GC(95) Compaction Phase 96.293ms
[6.700s][info][gc,phases,start] GC(95) Post Compact
[6.702s][info][gc,phases      ] GC(95) Post Compact 2.103ms
[6.703s][info][gc,heap        ] GC(95) PSYoungGen: 76000K(150016K)->30710K(150016K) Eden: 0K(14848K)->0K(14848K) From: 76000K(135168K)->30710K(135168K)
[6.703s][info][gc,heap        ] GC(95) ParOldGen: 1031409K(1075712K)->1075475K(1195008K)
[6.703s][info][gc,metaspace   ] GC(95) Metaspace: 6296K(6464K)->6296K(6464K) NonClass: 5763K(5824K)->5763K(5824K) Class: 533K(640K)->533K(640K)
[6.703s][info][gc             ] GC(95) Pause Full (Ergonomics) 1081M->1080M(1313M) 348.589ms
[6.703s][info][gc,cpu         ] GC(95) User=2.45s Sys=0.06s Real=0.35s
[6.720s][info][gc,start       ] GC(96) Pause Young (Allocation Failure)
[6.792s][info][gc,heap        ] GC(96) PSYoungGen: 45558K(150016K)->33152K(143872K) Eden: 14848K(14848K)->0K(16384K) From: 30710K(135168K)->33152K(127488K)
[6.792s][info][gc,heap        ] GC(96) ParOldGen: 1075475K(1195008K)->1088179K(1195008K)
[6.792s][info][gc,metaspace   ] GC(96) Metaspace: 6296K(6464K)->6296K(6464K) NonClass: 5763K(5824K)->5763K(5824K) Class: 533K(640K)->533K(640K)
[6.792s][info][gc             ] GC(96) Pause Young (Allocation Failure) 1094M->1095M(1307M) 71.410ms
[6.792s][info][gc,cpu         ] GC(96) User=0.41s Sys=0.00s Real=0.07s
[6.809s][info][gc,start       ] GC(97) Pause Young (Allocation Failure)
[6.836s][info][gc,heap        ] GC(97) PSYoungGen: 49536K(143872K)->49600K(66048K) Eden: 16384K(16384K)->0K(16384K) From: 33152K(127488K)->49600K(49664K)
[6.836s][info][gc,heap        ] GC(97) ParOldGen: 1088179K(1195008K)->1088179K(1195008K)
[6.836s][info][gc,metaspace   ] GC(97) Metaspace: 6296K(6464K)->6296K(6464K) NonClass: 5763K(5824K)->5763K(5824K) Class: 533K(640K)->533K(640K)
[6.836s][info][gc             ] GC(97) Pause Young (Allocation Failure) 1111M->1111M(1231M) 26.993ms
[6.837s][info][gc,cpu         ] GC(97) User=0.14s Sys=0.00s Real=0.03s
[6.856s][info][gc,start       ] GC(98) Pause Young (Allocation Failure)
[6.891s][info][gc,heap        ] GC(98) PSYoungGen: 65984K(66048K)->52864K(131584K) Eden: 16384K(16384K)->0K(18432K) From: 49600K(49664K)->52864K(113152K)
[6.891s][info][gc,heap        ] GC(98) ParOldGen: 1088179K(1195008K)->1101523K(1195008K)
[6.891s][info][gc,metaspace   ] GC(98) Metaspace: 6296K(6464K)->6296K(6464K) NonClass: 5763K(5824K)->5763K(5824K) Class: 533K(640K)->533K(640K)
[6.891s][info][gc             ] GC(98) Pause Young (Allocation Failure) 1127M->1127M(1295M) 35.046ms
[6.891s][info][gc,cpu         ] GC(98) User=0.14s Sys=0.00s Real=0.04s
[6.912s][info][gc,start       ] GC(99) Pause Young (Allocation Failure)
[6.947s][info][gc,heap        ] GC(99) PSYoungGen: 71296K(131584K)->66176K(84992K) Eden: 18432K(18432K)->0K(18432K) From: 52864K(113152K)->66176K(66560K)
[6.947s][info][gc,heap        ] GC(99) ParOldGen: 1101523K(1195008K)->1106651K(1195008K)
[6.947s][info][gc,metaspace   ] GC(99) Metaspace: 6296K(6464K)->6296K(6464K) NonClass: 5763K(5824K)->5763K(5824K) Class: 533K(640K)->533K(640K)
[6.948s][info][gc             ] GC(99) Pause Young (Allocation Failure) 1145M->1145M(1250M) 35.710ms
[6.948s][info][gc,cpu         ] GC(99) User=0.28s Sys=0.00s Real=0.04s
[6.969s][info][gc,start       ] GC(100) Pause Young (Allocation Failure)
[7.012s][info][gc,heap        ] GC(100) PSYoungGen: 84608K(84992K)->69792K(135168K) Eden: 18432K(18432K)->0K(20992K) From: 66176K(66560K)->69792K(114176K)
[7.012s][info][gc,heap        ] GC(100) ParOldGen: 1106651K(1195008K)->1121707K(1195008K)
[7.012s][info][gc,metaspace   ] GC(100) Metaspace: 6296K(6464K)->6296K(6464K) NonClass: 5763K(5824K)->5763K(5824K) Class: 533K(640K)->533K(640K)
[7.012s][info][gc             ] GC(100) Pause Young (Allocation Failure) 1163M->1163M(1299M) 42.817ms
[7.012s][info][gc,cpu         ] GC(100) User=0.25s Sys=0.00s Real=0.04s
[7.037s][info][gc,start       ] GC(101) Pause Young (Allocation Failure)
[7.087s][info][gc,heap        ] GC(101) PSYoungGen: 90784K(135168K)->58016K(79360K) Eden: 20992K(20992K)->0K(20992K) From: 69792K(114176K)->58016K(58368K)
[7.087s][info][gc,heap        ] GC(101) ParOldGen: 1121707K(1195008K)->1154875K(1195008K)
[7.087s][info][gc,metaspace   ] GC(101) Metaspace: 6296K(6464K)->6296K(6464K) NonClass: 5763K(5824K)->5763K(5824K) Class: 533K(640K)->533K(640K)
[7.087s][info][gc             ] GC(101) Pause Young (Allocation Failure) 1184M->1184M(1244M) 49.964ms
[7.087s][info][gc,cpu         ] GC(101) User=0.25s Sys=0.03s Real=0.05s
[7.087s][info][gc,start       ] GC(102) Pause Full (Ergonomics)
[7.087s][info][gc,phases,start] GC(102) Marking Phase
[7.353s][info][gc,phases      ] GC(102) Marking Phase 266.073ms
[7.353s][info][gc,phases,start] GC(102) Summary Phase
[7.353s][info][gc,phases      ] GC(102) Summary Phase 0.025ms
[7.353s][info][gc,phases,start] GC(102) Adjust Roots
[7.353s][info][gc,phases      ] GC(102) Adjust Roots 0.147ms
[7.353s][info][gc,phases,start] GC(102) Compaction Phase
[7.456s][info][gc,phases      ] GC(102) Compaction Phase 102.640ms
[7.456s][info][gc,phases,start] GC(102) Post Compact
[7.458s][info][gc,phases      ] GC(102) Post Compact 2.059ms
[7.459s][info][gc,heap        ] GC(102) PSYoungGen: 58016K(79360K)->16886K(79360K) Eden: 0K(20992K)->0K(20992K) From: 58016K(58368K)->16886K(58368K)
[7.459s][info][gc,heap        ] GC(102) ParOldGen: 1154875K(1195008K)->1194584K(1314816K)
[7.459s][info][gc,metaspace   ] GC(102) Metaspace: 6296K(6464K)->6296K(6464K) NonClass: 5763K(5824K)->5763K(5824K) Class: 533K(640K)->533K(640K)
[7.459s][info][gc             ] GC(102) Pause Full (Ergonomics) 1184M->1183M(1361M) 371.642ms
[7.459s][info][gc,cpu         ] GC(102) User=2.67s Sys=0.00s Real=0.37s
[7.487s][info][gc,start       ] GC(103) Pause Young (Allocation Failure)
[7.562s][info][gc,heap        ] GC(103) PSYoungGen: 37878K(79360K)->27712K(132608K) Eden: 20992K(20992K)->0K(23552K) From: 16886K(58368K)->27712K(109056K)
[7.562s][info][gc,heap        ] GC(103) ParOldGen: 1194584K(1314816K)->1205056K(1314816K)
[7.562s][info][gc,metaspace   ] GC(103) Metaspace: 6296K(6464K)->6296K(6464K) NonClass: 5763K(5824K)->5763K(5824K) Class: 533K(640K)->533K(640K)
[7.562s][info][gc             ] GC(103) Pause Young (Allocation Failure) 1203M->1203M(1413M) 75.362ms
[7.562s][info][gc,cpu         ] GC(103) User=0.39s Sys=0.03s Real=0.08s
[7.591s][info][gc,start       ] GC(104) Pause Young (Allocation Failure)
[7.621s][info][gc,heap        ] GC(104) PSYoungGen: 51264K(132608K)->44736K(68608K) Eden: 23552K(23552K)->0K(23552K) From: 27712K(109056K)->44736K(45056K)
[7.621s][info][gc,heap        ] GC(104) ParOldGen: 1205056K(1314816K)->1211776K(1314816K)
[7.621s][info][gc,metaspace   ] GC(104) Metaspace: 6296K(6464K)->6296K(6464K) NonClass: 5763K(5824K)->5763K(5824K) Class: 533K(640K)->533K(640K)
[7.621s][info][gc             ] GC(104) Pause Young (Allocation Failure) 1226M->1227M(1351M) 29.644ms
[7.621s][info][gc,cpu         ] GC(104) User=0.14s Sys=0.00s Real=0.03s
[7.651s][info][gc,start       ] GC(105) Pause Young (Allocation Failure)
[7.689s][info][gc,heap        ] GC(105) PSYoungGen: 68288K(68608K)->47232K(125952K) Eden: 23552K(23552K)->0K(26624K) From: 44736K(45056K)->47232K(99328K)
[7.689s][info][gc,heap        ] GC(105) ParOldGen: 1211776K(1314816K)->1233064K(1314816K)
[7.689s][info][gc,metaspace   ] GC(105) Metaspace: 6296K(6464K)->6296K(6464K) NonClass: 5763K(5824K)->5763K(5824K) Class: 533K(640K)->533K(640K)
[7.689s][info][gc             ] GC(105) Pause Young (Allocation Failure) 1250M->1250M(1407M) 37.983ms
[7.689s][info][gc,cpu         ] GC(105) User=0.25s Sys=0.00s Real=0.04s
[7.721s][info][gc,start       ] GC(106) Pause Young (Allocation Failure)
[7.760s][info][gc,heap        ] GC(106) PSYoungGen: 73856K(125952K)->47968K(74752K) Eden: 26624K(26624K)->0K(26624K) From: 47232K(99328K)->47968K(48128K)
[7.760s][info][gc,heap        ] GC(106) ParOldGen: 1233064K(1314816K)->1256952K(1314816K)
[7.760s][info][gc,metaspace   ] GC(106) Metaspace: 6296K(6464K)->6296K(6464K) NonClass: 5763K(5824K)->5763K(5824K) Class: 533K(640K)->533K(640K)
[7.760s][info][gc             ] GC(106) Pause Young (Allocation Failure) 1276M->1274M(1357M) 39.361ms
[7.760s][info][gc,cpu         ] GC(106) User=0.23s Sys=0.03s Real=0.04s
[7.781s][info][gc,start       ] GC(107) Pause Young (Allocation Failure)
[7.815s][info][gc,heap        ] GC(107) PSYoungGen: 74592K(74752K)->38272K(123904K) Eden: 26624K(26624K)->0K(29696K) From: 47968K(48128K)->38272K(94208K)
[7.815s][info][gc,heap        ] GC(107) ParOldGen: 1256952K(1314816K)->1280832K(1314816K)
[7.815s][info][gc,metaspace   ] GC(107) Metaspace: 6296K(6464K)->6296K(6464K) NonClass: 5763K(5824K)->5763K(5824K) Class: 533K(640K)->533K(640K)
[7.815s][info][gc             ] GC(107) Pause Young (Allocation Failure) 1300M->1288M(1405M) 34.142ms
[7.815s][info][gc,cpu         ] GC(107) User=0.16s Sys=0.00s Real=0.03s
[7.815s][info][gc,start       ] GC(108) Pause Full (Ergonomics)
[7.815s][info][gc,phases,start] GC(108) Marking Phase
[8.117s][info][gc,phases      ] GC(108) Marking Phase 302.171ms
[8.117s][info][gc,phases,start] GC(108) Summary Phase
[8.117s][info][gc,phases      ] GC(108) Summary Phase 0.036ms
[8.117s][info][gc,phases,start] GC(108) Adjust Roots
[8.117s][info][gc,phases      ] GC(108) Adjust Roots 0.252ms
[8.117s][info][gc,phases,start] GC(108) Compaction Phase
[8.474s][info][gc,phases      ] GC(108) Compaction Phase 356.872ms
[8.474s][info][gc,phases,start] GC(108) Post Compact
[8.477s][info][gc,phases      ] GC(108) Post Compact 2.743ms
[8.478s][info][gc,heap        ] GC(108) PSYoungGen: 38272K(123904K)->2760K(125952K) Eden: 0K(29696K)->0K(31744K) From: 38272K(94208K)->2760K(94208K)
[8.478s][info][gc,heap        ] GC(108) ParOldGen: 1280832K(1314816K)->1314727K(1440768K)
[8.478s][info][gc,metaspace   ] GC(108) Metaspace: 6296K(6464K)->6296K(6464K) NonClass: 5763K(5824K)->5763K(5824K) Class: 533K(640K)->533K(640K)
[8.478s][info][gc             ] GC(108) Pause Full (Ergonomics) 1288M->1286M(1530M) 663.021ms
[8.478s][info][gc,cpu         ] GC(108) User=4.77s Sys=0.00s Real=0.66s
[8.517s][info][gc,start       ] GC(109) Pause Young (Allocation Failure)
[8.593s][info][gc,heap        ] GC(109) PSYoungGen: 34504K(125952K)->28128K(128000K) Eden: 31744K(31744K)->0K(31744K) From: 2760K(94208K)->28128K(96256K)
[8.593s][info][gc,heap        ] GC(109) ParOldGen: 1314727K(1440768K)->1316511K(1440768K)
[8.593s][info][gc,metaspace   ] GC(109) Metaspace: 6296K(6464K)->6296K(6464K) NonClass: 5763K(5824K)->5763K(5824K) Class: 533K(640K)->533K(640K)
[8.593s][info][gc             ] GC(109) Pause Young (Allocation Failure) 1317M->1313M(1532M) 76.015ms
[8.593s][info][gc,cpu         ] GC(109) User=0.42s Sys=0.00s Real=0.08s
[8.633s][info][gc,start       ] GC(110) Pause Young (Allocation Failure)
[8.666s][info][gc,heap        ] GC(110) PSYoungGen: 59872K(128000K)->59936K(129536K) Eden: 31744K(31744K)->0K(34816K) From: 28128K(96256K)->59936K(94720K)
[8.666s][info][gc,heap        ] GC(110) ParOldGen: 1316511K(1440768K)->1316511K(1440768K)
[8.667s][info][gc,metaspace   ] GC(110) Metaspace: 6296K(6464K)->6296K(6464K) NonClass: 5763K(5824K)->5763K(5824K) Class: 533K(640K)->533K(640K)
[8.667s][info][gc             ] GC(110) Pause Young (Allocation Failure) 1344M->1344M(1533M) 33.987ms
[8.667s][info][gc,cpu         ] GC(110) User=0.14s Sys=0.00s Real=0.03s
[8.943s][info][gc,start       ] GC(111) Pause Young (Allocation Failure)
[9.019s][info][gc,heap        ] GC(111) PSYoungGen: 94752K(129536K)->94816K(130048K) Eden: 34816K(34816K)->0K(34816K) From: 59936K(94720K)->94816K(95232K)
[9.019s][info][gc,heap        ] GC(111) ParOldGen: 1382047K(1440768K)->1382047K(1440768K)
[9.019s][info][gc,metaspace   ] GC(111) Metaspace: 6296K(6464K)->6296K(6464K) NonClass: 5763K(5824K)->5763K(5824K) Class: 533K(640K)->533K(640K)
[9.019s][info][gc             ] GC(111) Pause Young (Allocation Failure) 1442M->1442M(1534M) 76.014ms
[9.019s][info][gc,cpu         ] GC(111) User=0.55s Sys=0.00s Real=0.08s
[9.054s][info][gc,start       ] GC(112) Pause Young (Allocation Failure)
[9.118s][info][gc,heap        ] GC(112) PSYoungGen: 129632K(130048K)->107008K(122368K) Eden: 34816K(34816K)->0K(15360K) From: 94816K(95232K)->107008K(107008K)
[9.118s][info][gc,heap        ] GC(112) ParOldGen: 1382047K(1440768K)->1404847K(1440768K)
[9.118s][info][gc,metaspace   ] GC(112) Metaspace: 6296K(6464K)->6296K(6464K) NonClass: 5763K(5824K)->5763K(5824K) Class: 533K(640K)->533K(640K)
[9.118s][info][gc             ] GC(112) Pause Young (Allocation Failure) 1476M->1476M(1526M) 64.216ms
[9.118s][info][gc,cpu         ] GC(112) User=0.39s Sys=0.00s Real=0.06s
[9.118s][info][gc,start       ] GC(113) Pause Full (Ergonomics)
[9.118s][info][gc,phases,start] GC(113) Marking Phase
[9.451s][info][gc,phases      ] GC(113) Marking Phase 332.901ms
[9.451s][info][gc,phases,start] GC(113) Summary Phase
[9.451s][info][gc,phases      ] GC(113) Summary Phase 0.033ms
[9.451s][info][gc,phases,start] GC(113) Adjust Roots
[9.451s][info][gc,phases      ] GC(113) Adjust Roots 0.180ms
[9.451s][info][gc,phases,start] GC(113) Compaction Phase
[9.693s][info][gc,phases      ] GC(113) Compaction Phase 241.526ms
[9.693s][info][gc,phases,start] GC(113) Post Compact
[9.696s][info][gc,phases      ] GC(113) Post Compact 3.127ms
[9.696s][info][gc,heap        ] GC(113) PSYoungGen: 107008K(122368K)->37796K(122368K) Eden: 0K(15360K)->0K(15360K) From: 107008K(107008K)->37796K(107008K)
[9.696s][info][gc,heap        ] GC(113) ParOldGen: 1404847K(1440768K)->1440665K(1574400K)
[9.697s][info][gc,metaspace   ] GC(113) Metaspace: 6296K(6464K)->6296K(6464K) NonClass: 5763K(5824K)->5763K(5824K) Class: 533K(640K)->533K(640K)
[9.697s][info][gc             ] GC(113) Pause Full (Ergonomics) 1476M->1443M(1657M) 578.673ms
[9.697s][info][gc,cpu         ] GC(113) User=3.83s Sys=0.06s Real=0.58s
[9.712s][info][gc,start       ] GC(114) Pause Young (Allocation Failure)
[9.795s][info][gc,heap        ] GC(114) PSYoungGen: 53156K(122368K)->48832K(64512K) Eden: 15360K(15360K)->0K(15360K) From: 37796K(107008K)->48832K(49152K)
[9.795s][info][gc,heap        ] GC(114) ParOldGen: 1440665K(1574400K)->1445257K(1574400K)
[9.795s][info][gc,metaspace   ] GC(114) Metaspace: 6296K(6464K)->6296K(6464K) NonClass: 5763K(5824K)->5763K(5824K) Class: 533K(640K)->533K(640K)
[9.795s][info][gc             ] GC(114) Pause Young (Allocation Failure) 1458M->1459M(1600M) 82.425ms
[9.795s][info][gc,cpu         ] GC(114) User=0.50s Sys=0.00s Real=0.08s
[9.809s][info][gc,start       ] GC(115) Pause Young (Allocation Failure)
[9.842s][info][gc,heap        ] GC(115) PSYoungGen: 64192K(64512K)->64192K(132096K) Eden: 15360K(15360K)->0K(16896K) From: 48832K(49152K)->64192K(115200K)
[9.842s][info][gc,heap        ] GC(115) ParOldGen: 1445257K(1574400K)->1445257K(1574400K)
[9.842s][info][gc,metaspace   ] GC(115) Metaspace: 6296K(6464K)->6296K(6464K) NonClass: 5763K(5824K)->5763K(5824K) Class: 533K(640K)->533K(640K)
[9.843s][info][gc             ] GC(115) Pause Young (Allocation Failure) 1474M->1474M(1666M) 33.968ms
[9.843s][info][gc,cpu         ] GC(115) User=0.14s Sys=0.00s Real=0.03s
[9.858s][info][gc,start       ] GC(116) Pause Young (Allocation Failure)
[9.899s][info][gc,heap        ] GC(116) PSYoungGen: 81088K(132096K)->81088K(137216K) Eden: 16896K(16896K)->0K(16896K) From: 64192K(115200K)->81088K(120320K)
[9.899s][info][gc,heap        ] GC(116) ParOldGen: 1445257K(1574400K)->1445257K(1574400K)
[9.899s][info][gc,metaspace   ] GC(116) Metaspace: 6296K(6464K)->6296K(6464K) NonClass: 5763K(5824K)->5763K(5824K) Class: 533K(640K)->533K(640K)
[9.900s][info][gc             ] GC(116) Pause Young (Allocation Failure) 1490M->1490M(1671M) 41.452ms
[9.900s][info][gc,cpu         ] GC(116) User=0.14s Sys=0.00s Real=0.04s
[9.916s][info][gc,start       ] GC(117) Pause Young (Allocation Failure)
[9.964s][info][gc,heap        ] GC(117) PSYoungGen: 97984K(137216K)->87968K(137728K) Eden: 16896K(16896K)->0K(15872K) From: 81088K(120320K)->87968K(121856K)
[9.964s][info][gc,heap        ] GC(117) ParOldGen: 1445257K(1574400K)->1455449K(1574400K)
[9.964s][info][gc,metaspace   ] GC(117) Metaspace: 6296K(6464K)->6296K(6464K) NonClass: 5763K(5824K)->5763K(5824K) Class: 533K(640K)->533K(640K)
[9.964s][info][gc             ] GC(117) Pause Young (Allocation Failure) 1507M->1507M(1672M) 47.323ms
[9.964s][info][gc,cpu         ] GC(117) User=0.27s Sys=0.00s Real=0.05s
[9.980s][info][gc,start       ] GC(118) Pause Young (Allocation Failure)
[10.028s][info][gc,heap        ] GC(118) PSYoungGen: 103840K(137728K)->91968K(140800K) Eden: 15872K(15872K)->0K(15872K) From: 87968K(121856K)->91968K(124928K)
[10.028s][info][gc,heap        ] GC(118) ParOldGen: 1455449K(1574400K)->1467473K(1574400K)
[10.028s][info][gc,metaspace   ] GC(118) Metaspace: 6296K(6464K)->6296K(6464K) NonClass: 5763K(5824K)->5763K(5824K) Class: 533K(640K)->533K(640K)
[10.028s][info][gc             ] GC(118) Pause Young (Allocation Failure) 1522M->1522M(1675M) 48.464ms
[10.028s][info][gc,cpu         ] GC(118) User=0.28s Sys=0.00s Real=0.05s
[10.046s][info][gc,start       ] GC(119) Pause Young (Allocation Failure)
[10.096s][info][gc,heap        ] GC(119) PSYoungGen: 107840K(140800K)->81088K(144896K) Eden: 15872K(15872K)->0K(18432K) From: 91968K(124928K)->81088K(126464K)
[10.096s][info][gc,heap        ] GC(119) ParOldGen: 1467473K(1574400K)->1494553K(1574400K)
[10.096s][info][gc,metaspace   ] GC(119) Metaspace: 6296K(6464K)->6296K(6464K) NonClass: 5763K(5824K)->5763K(5824K) Class: 533K(640K)->533K(640K)
[10.096s][info][gc             ] GC(119) Pause Young (Allocation Failure) 1538M->1538M(1679M) 50.556ms
[10.096s][info][gc,cpu         ] GC(119) User=0.38s Sys=0.00s Real=0.05s
[10.115s][info][gc,start       ] GC(120) Pause Young (Allocation Failure)
[10.163s][info][gc,heap        ] GC(120) PSYoungGen: 99520K(144896K)->67232K(86016K) Eden: 18432K(18432K)->0K(18432K) From: 81088K(126464K)->67232K(67584K)
[10.163s][info][gc,heap        ] GC(120) ParOldGen: 1494553K(1574400K)->1527217K(1574400K)
[10.163s][info][gc,metaspace   ] GC(120) Metaspace: 6296K(6464K)->6296K(6464K) NonClass: 5763K(5824K)->5763K(5824K) Class: 533K(640K)->533K(640K)
[10.163s][info][gc             ] GC(120) Pause Young (Allocation Failure) 1556M->1557M(1621M) 48.220ms
[10.163s][info][gc,cpu         ] GC(120) User=0.27s Sys=0.00s Real=0.05s
[10.181s][info][gc,start       ] GC(121) Pause Young (Allocation Failure)
[10.225s][info][gc,heap        ] GC(121) PSYoungGen: 85664K(86016K)->52896K(139264K) Eden: 18432K(18432K)->0K(21504K) From: 67232K(67584K)->52896K(117760K)
[10.225s][info][gc,heap        ] GC(121) ParOldGen: 1527217K(1574400K)->1560393K(1574400K)
[10.225s][info][gc,metaspace   ] GC(121) Metaspace: 6296K(6464K)->6296K(6464K) NonClass: 5763K(5824K)->5763K(5824K) Class: 533K(640K)->533K(640K)
[10.225s][info][gc             ] GC(121) Pause Young (Allocation Failure) 1575M->1575M(1673M) 43.272ms
[10.225s][info][gc,cpu         ] GC(121) User=0.25s Sys=0.00s Real=0.04s
[10.225s][info][gc,start       ] GC(122) Pause Full (Ergonomics)
[10.225s][info][gc,phases,start] GC(122) Marking Phase
[10.580s][info][gc,phases      ] GC(122) Marking Phase 355.034ms
[10.580s][info][gc,phases,start] GC(122) Summary Phase
[10.580s][info][gc,phases      ] GC(122) Summary Phase 0.031ms
[10.580s][info][gc,phases,start] GC(122) Adjust Roots
[10.580s][info][gc,phases      ] GC(122) Adjust Roots 0.160ms
[10.580s][info][gc,phases,start] GC(122) Compaction Phase
[10.744s][info][gc,phases      ] GC(122) Compaction Phase 164.274ms
[10.744s][info][gc,phases,start] GC(122) Post Compact
[10.747s][info][gc,phases      ] GC(122) Post Compact 2.939ms
[10.748s][info][gc,heap        ] GC(122) PSYoungGen: 52896K(139264K)->37311K(141312K) Eden: 0K(21504K)->0K(23552K) From: 52896K(117760K)->37311K(117760K)
[10.748s][info][gc,heap        ] GC(122) ParOldGen: 1560393K(1574400K)->1574020K(1723392K)
[10.748s][info][gc,metaspace   ] GC(122) Metaspace: 6296K(6464K)->6296K(6464K) NonClass: 5763K(5824K)->5763K(5824K) Class: 533K(640K)->533K(640K)
[10.748s][info][gc             ] GC(122) Pause Full (Ergonomics) 1575M->1573M(1821M) 523.408ms
[10.748s][info][gc,cpu         ] GC(122) User=3.62s Sys=0.00s Real=0.52s
[10.772s][info][gc,start       ] GC(123) Pause Young (Allocation Failure)
[10.863s][info][gc,heap        ] GC(123) PSYoungGen: 60863K(141312K)->36672K(143360K) Eden: 23552K(23552K)->0K(23552K) From: 37311K(117760K)->36672K(119808K)
[10.863s][info][gc,heap        ] GC(123) ParOldGen: 1574020K(1723392K)->1598732K(1723392K)
[10.863s][info][gc,metaspace   ] GC(123) Metaspace: 6296K(6464K)->6296K(6464K) NonClass: 5763K(5824K)->5763K(5824K) Class: 533K(640K)->533K(640K)
[10.863s][info][gc             ] GC(123) Pause Young (Allocation Failure) 1596M->1597M(1823M) 90.878ms
[10.863s][info][gc,cpu         ] GC(123) User=0.59s Sys=0.03s Real=0.09s
[10.887s][info][gc,start       ] GC(124) Pause Young (Allocation Failure)
[10.921s][info][gc,heap        ] GC(124) PSYoungGen: 60224K(143360K)->47296K(141312K) Eden: 23552K(23552K)->0K(26624K) From: 36672K(119808K)->47296K(114688K)
[10.921s][info][gc,heap        ] GC(124) ParOldGen: 1598732K(1723392K)->1611836K(1723392K)
[10.921s][info][gc,metaspace   ] GC(124) Metaspace: 6296K(6464K)->6296K(6464K) NonClass: 5763K(5824K)->5763K(5824K) Class: 533K(640K)->533K(640K)
[10.921s][info][gc             ] GC(124) Pause Young (Allocation Failure) 1620M->1620M(1821M) 34.027ms
[10.921s][info][gc,cpu         ] GC(124) User=0.16s Sys=0.00s Real=0.03s
[10.948s][info][gc,start       ] GC(125) Pause Young (Allocation Failure)
[10.987s][info][gc,heap        ] GC(125) PSYoungGen: 73920K(141312K)->50368K(143872K) Eden: 26624K(26624K)->0K(26624K) From: 47296K(114688K)->50368K(117248K)
[10.987s][info][gc,heap        ] GC(125) ParOldGen: 1611836K(1723392K)->1635684K(1723392K)
[10.987s][info][gc,metaspace   ] GC(125) Metaspace: 6296K(6464K)->6296K(6464K) NonClass: 5763K(5824K)->5763K(5824K) Class: 533K(640K)->533K(640K)
[10.987s][info][gc             ] GC(125) Pause Young (Allocation Failure) 1646M->1646M(1823M) 38.955ms
[10.987s][info][gc,cpu         ] GC(125) User=0.17s Sys=0.00s Real=0.04s
[11.014s][info][gc,start       ] GC(126) Pause Young (Allocation Failure)
[11.054s][info][gc,heap        ] GC(126) PSYoungGen: 76992K(143872K)->53440K(136192K) Eden: 26624K(26624K)->0K(30208K) From: 50368K(117248K)->53440K(105984K)
[11.054s][info][gc,heap        ] GC(126) ParOldGen: 1635684K(1723392K)->1659540K(1723392K)
[11.054s][info][gc,metaspace   ] GC(126) Metaspace: 6296K(6464K)->6296K(6464K) NonClass: 5763K(5824K)->5763K(5824K) Class: 533K(640K)->533K(640K)
[11.054s][info][gc             ] GC(126) Pause Young (Allocation Failure) 1672M->1672M(1816M) 40.776ms
[11.054s][info][gc,cpu         ] GC(126) User=0.16s Sys=0.02s Real=0.04s
[11.087s][info][gc,start       ] GC(127) Pause Young (Allocation Failure)
[11.131s][info][gc,heap        ] GC(127) PSYoungGen: 83648K(136192K)->30400K(140288K) Eden: 30208K(30208K)->0K(30208K) From: 53440K(105984K)->30400K(110080K)
[11.131s][info][gc,heap        ] GC(127) ParOldGen: 1659540K(1723392K)->1713428K(1723392K)
[11.131s][info][gc,metaspace   ] GC(127) Metaspace: 6296K(6464K)->6296K(6464K) NonClass: 5763K(5824K)->5763K(5824K) Class: 533K(640K)->533K(640K)
[11.131s][info][gc             ] GC(127) Pause Young (Allocation Failure) 1702M->1702M(1820M) 44.718ms
[11.131s][info][gc,cpu         ] GC(127) User=0.20s Sys=0.05s Real=0.05s
[11.131s][info][gc,start       ] GC(128) Pause Full (Ergonomics)
[11.131s][info][gc,phases,start] GC(128) Marking Phase
[11.524s][info][gc,phases      ] GC(128) Marking Phase 392.737ms
[11.524s][info][gc,phases,start] GC(128) Summary Phase
[11.524s][info][gc,phases      ] GC(128) Summary Phase 0.029ms
[11.524s][info][gc,phases,start] GC(128) Adjust Roots
[11.524s][info][gc,phases      ] GC(128) Adjust Roots 0.159ms
[11.525s][info][gc,phases,start] GC(128) Compaction Phase
[11.693s][info][gc,phases      ] GC(128) Compaction Phase 168.921ms
[11.694s][info][gc,phases,start] GC(128) Post Compact
[11.697s][info][gc,phases      ] GC(128) Post Compact 3.191ms
[11.697s][info][gc,heap        ] GC(128) PSYoungGen: 30400K(140288K)->18419K(140288K) Eden: 0K(30208K)->0K(30208K) From: 30400K(110080K)->18419K(110080K)
[11.697s][info][gc,heap        ] GC(128) ParOldGen: 1713428K(1723392K)->1723320K(1892864K)
[11.697s][info][gc,metaspace   ] GC(128) Metaspace: 6296K(6464K)->6296K(6464K) NonClass: 5763K(5824K)->5763K(5824K) Class: 533K(640K)->533K(640K)
[11.697s][info][gc             ] GC(128) Pause Full (Ergonomics) 1702M->1700M(1985M) 565.955ms
[11.697s][info][gc,cpu         ] GC(128) User=3.86s Sys=0.05s Real=0.57s
[11.735s][info][gc,start       ] GC(129) Pause Young (Allocation Failure)
[11.829s][info][gc,heap        ] GC(129) PSYoungGen: 48627K(140288K)->30336K(142336K) Eden: 30208K(30208K)->0K(33280K) From: 18419K(110080K)->30336K(109056K)
[11.829s][info][gc,heap        ] GC(129) ParOldGen: 1723320K(1892864K)->1741984K(1892864K)
[11.829s][info][gc,metaspace   ] GC(129) Metaspace: 6296K(6464K)->6296K(6464K) NonClass: 5763K(5824K)->5763K(5824K) Class: 533K(640K)->533K(640K)
[11.829s][info][gc             ] GC(129) Pause Young (Allocation Failure) 1730M->1730M(1987M) 94.261ms
[11.829s][info][gc,cpu         ] GC(129) User=0.64s Sys=0.00s Real=0.09s
[11.865s][info][gc,start       ] GC(130) Pause Young (Allocation Failure)
[11.903s][info][gc,heap        ] GC(130) PSYoungGen: 63616K(142336K)->63648K(143360K) Eden: 33280K(33280K)->0K(33280K) From: 30336K(109056K)->63648K(110080K)
[11.903s][info][gc,heap        ] GC(130) ParOldGen: 1741984K(1892864K)->1741984K(1892864K)
[11.903s][info][gc,metaspace   ] GC(130) Metaspace: 6296K(6464K)->6296K(6464K) NonClass: 5763K(5824K)->5763K(5824K) Class: 533K(640K)->533K(640K)
[11.903s][info][gc             ] GC(130) Pause Young (Allocation Failure) 1763M->1763M(1988M) 38.741ms
[11.903s][info][gc,cpu         ] GC(130) User=0.23s Sys=0.00s Real=0.04s
[11.938s][info][gc,start       ] GC(131) Pause Young (Allocation Failure)
[11.986s][info][gc,heap        ] GC(131) PSYoungGen: 96928K(143360K)->96992K(134144K) Eden: 33280K(33280K)->0K(26624K) From: 63648K(110080K)->96992K(107520K)
[11.986s][info][gc,heap        ] GC(131) ParOldGen: 1741984K(1892864K)->1741984K(1892864K)
[11.986s][info][gc,metaspace   ] GC(131) Metaspace: 6296K(6464K)->6296K(6464K) NonClass: 5763K(5824K)->5763K(5824K) Class: 533K(640K)->533K(640K)
[11.986s][info][gc             ] GC(131) Pause Young (Allocation Failure) 1795M->1795M(1979M) 47.755ms
[11.986s][info][gc,cpu         ] GC(131) User=0.27s Sys=0.00s Real=0.05s
[12.016s][info][gc,start       ] GC(132) Pause Young (Allocation Failure)
[12.076s][info][gc,heap        ] GC(132) PSYoungGen: 123616K(134144K)->93376K(144384K) Eden: 26624K(26624K)->0K(26624K) From: 96992K(107520K)->93376K(117760K)
[12.076s][info][gc,heap        ] GC(132) ParOldGen: 1741984K(1892864K)->1772608K(1892864K)
[12.076s][info][gc,metaspace   ] GC(132) Metaspace: 6296K(6464K)->6296K(6464K) NonClass: 5763K(5824K)->5763K(5824K) Class: 533K(640K)->533K(640K)
[12.076s][info][gc             ] GC(132) Pause Young (Allocation Failure) 1821M->1822M(1989M) 60.016ms
[12.076s][info][gc,cpu         ] GC(132) User=0.39s Sys=0.00s Real=0.06s
[12.106s][info][gc,start       ] GC(133) Pause Young (Allocation Failure)
[12.164s][info][gc,heap        ] GC(133) PSYoungGen: 120000K(144384K)->86784K(151552K) Eden: 26624K(26624K)->0K(27136K) From: 93376K(117760K)->86784K(124416K)
[12.164s][info][gc,heap        ] GC(133) ParOldGen: 1772608K(1892864K)->1806328K(1892864K)
[12.164s][info][gc,metaspace   ] GC(133) Metaspace: 6296K(6464K)->6296K(6464K) NonClass: 5763K(5824K)->5763K(5824K) Class: 533K(640K)->533K(640K)
[12.164s][info][gc             ] GC(133) Pause Young (Allocation Failure) 1848M->1848M(1996M) 58.508ms
[12.164s][info][gc,cpu         ] GC(133) User=0.39s Sys=0.00s Real=0.06s
[12.195s][info][gc,start       ] GC(134) Pause Young (Allocation Failure)
[12.250s][info][gc,heap        ] GC(134) PSYoungGen: 113920K(151552K)->80576K(154112K) Eden: 27136K(27136K)->0K(27136K) From: 86784K(124416K)->80576K(126976K)
[12.250s][info][gc,heap        ] GC(134) ParOldGen: 1806328K(1892864K)->1840032K(1892864K)
[12.250s][info][gc,metaspace   ] GC(134) Metaspace: 6296K(6464K)->6296K(6464K) NonClass: 5763K(5824K)->5763K(5824K) Class: 533K(640K)->533K(640K)
[12.250s][info][gc             ] GC(134) Pause Young (Allocation Failure) 1875M->1875M(1999M) 55.739ms
[12.250s][info][gc,cpu         ] GC(134) User=0.38s Sys=0.00s Real=0.06s
[12.250s][info][gc,start       ] GC(135) Pause Full (Ergonomics)
[12.250s][info][gc,phases,start] GC(135) Marking Phase
[12.680s][info][gc,phases      ] GC(135) Marking Phase 430.141ms
[12.681s][info][gc,phases,start] GC(135) Summary Phase
[12.681s][info][gc,phases      ] GC(135) Summary Phase 0.035ms
[12.681s][info][gc,phases,start] GC(135) Adjust Roots
[12.681s][info][gc,phases      ] GC(135) Adjust Roots 0.163ms
[12.681s][info][gc,phases,start] GC(135) Compaction Phase
[12.863s][info][gc,phases      ] GC(135) Compaction Phase 182.034ms
[12.863s][info][gc,phases,start] GC(135) Post Compact
[12.867s][info][gc,phases      ] GC(135) Post Compact 3.708ms
[12.867s][info][gc,heap        ] GC(135) PSYoungGen: 80576K(154112K)->26135K(154112K) Eden: 0K(27136K)->0K(27136K) From: 80576K(126976K)->26135K(126976K)
[12.867s][info][gc,heap        ] GC(135) ParOldGen: 1840032K(1892864K)->1892566K(2074112K)
[12.867s][info][gc,metaspace   ] GC(135) Metaspace: 6296K(6464K)->6296K(6464K) NonClass: 5763K(5824K)->5763K(5824K) Class: 533K(640K)->533K(640K)
[12.867s][info][gc             ] GC(135) Pause Full (Ergonomics) 1875M->1873M(2176M) 617.032ms
[12.867s][info][gc,cpu         ] GC(135) User=4.41s Sys=0.03s Real=0.62s
[12.900s][info][gc,start       ] GC(136) Pause Young (Allocation Failure)
[13.005s][info][gc,heap        ] GC(136) PSYoungGen: 53271K(154112K)->46048K(151040K) Eden: 27136K(27136K)->0K(30208K) From: 26135K(126976K)->46048K(120832K)
[13.005s][info][gc,heap        ] GC(136) ParOldGen: 1892566K(2074112K)->1900102K(2074112K)
[13.005s][info][gc,metaspace   ] GC(136) Metaspace: 6296K(6464K)->6296K(6464K) NonClass: 5763K(5824K)->5763K(5824K) Class: 533K(640K)->533K(640K)
[13.005s][info][gc             ] GC(136) Pause Young (Allocation Failure) 1900M->1900M(2173M) 105.299ms
[13.005s][info][gc,cpu         ] GC(136) User=0.61s Sys=0.03s Real=0.11s
[13.039s][info][gc,start       ] GC(137) Pause Young (Allocation Failure)
[13.081s][info][gc,heap        ] GC(137) PSYoungGen: 76256K(151040K)->76256K(154112K) Eden: 30208K(30208K)->0K(30208K) From: 46048K(120832K)->76256K(123904K)
[13.081s][info][gc,heap        ] GC(137) ParOldGen: 1900102K(2074112K)->1900102K(2074112K)
[13.081s][info][gc,metaspace   ] GC(137) Metaspace: 6296K(6464K)->6296K(6464K) NonClass: 5763K(5824K)->5763K(5824K) Class: 533K(640K)->533K(640K)
[13.081s][info][gc             ] GC(137) Pause Young (Allocation Failure) 1930M->1930M(2176M) 41.801ms
[13.081s][info][gc,cpu         ] GC(137) User=0.14s Sys=0.00s Real=0.04s
[13.120s][info][gc,start       ] GC(138) Pause Young (Allocation Failure)
[13.174s][info][gc,heap        ] GC(138) PSYoungGen: 106464K(154112K)->96320K(150016K) Eden: 30208K(30208K)->0K(27648K) From: 76256K(123904K)->96320K(122368K)
[13.174s][info][gc,heap        ] GC(138) ParOldGen: 1900102K(2074112K)->1910454K(2074112K)
[13.174s][info][gc,metaspace   ] GC(138) Metaspace: 6296K(6464K)->6296K(6464K) NonClass: 5763K(5824K)->5763K(5824K) Class: 533K(640K)->533K(640K)
[13.174s][info][gc             ] GC(138) Pause Young (Allocation Failure) 1959M->1959M(2172M) 54.111ms
[13.174s][info][gc,cpu         ] GC(138) User=0.38s Sys=0.00s Real=0.05s
[13.209s][info][gc,start       ] GC(139) Pause Young (Allocation Failure)
[13.270s][info][gc,heap        ] GC(139) PSYoungGen: 123968K(150016K)->115456K(155648K) Eden: 27648K(27648K)->0K(27648K) From: 96320K(122368K)->115456K(128000K)
[13.270s][info][gc,heap        ] GC(139) ParOldGen: 1910454K(2074112K)->1919086K(2074112K)
[13.270s][info][gc,metaspace   ] GC(139) Metaspace: 6296K(6464K)->6296K(6464K) NonClass: 5763K(5824K)->5763K(5824K) Class: 533K(640K)->533K(640K)
[13.270s][info][gc             ] GC(139) Pause Young (Allocation Failure) 1986M->1986M(2177M) 61.582ms
[13.270s][info][gc,cpu         ] GC(139) User=0.47s Sys=0.03s Real=0.06s
[13.300s][info][gc,start       ] GC(140) Pause Young (Allocation Failure)
[13.373s][info][gc,heap        ] GC(140) PSYoungGen: 143104K(155648K)->115968K(161792K) Eden: 27648K(27648K)->0K(22528K) From: 115456K(128000K)->115968K(139264K)
[13.373s][info][gc,heap        ] GC(140) ParOldGen: 1919086K(2074112K)->1946574K(2074112K)
[13.373s][info][gc,metaspace   ] GC(140) Metaspace: 6296K(6464K)->6296K(6464K) NonClass: 5763K(5824K)->5763K(5824K) Class: 533K(640K)->533K(640K)
[13.373s][info][gc             ] GC(140) Pause Young (Allocation Failure) 2013M->2014M(2183M) 73.230ms
[13.373s][info][gc,cpu         ] GC(140) User=0.47s Sys=0.05s Real=0.07s
[13.396s][info][gc,start       ] GC(141) Pause Young (Allocation Failure)
[13.466s][info][gc,heap        ] GC(141) PSYoungGen: 138496K(161792K)->108288K(170496K) Eden: 22528K(22528K)->0K(22528K) From: 115968K(139264K)->108288K(147968K)
[13.466s][info][gc,heap        ] GC(141) ParOldGen: 1946574K(2074112K)->1977190K(2074112K)
[13.466s][info][gc,metaspace   ] GC(141) Metaspace: 6296K(6464K)->6296K(6464K) NonClass: 5763K(5824K)->5763K(5824K) Class: 533K(640K)->533K(640K)
[13.466s][info][gc             ] GC(141) Pause Young (Allocation Failure) 2036M->2036M(2192M) 70.029ms
[13.466s][info][gc,cpu         ] GC(141) User=0.61s Sys=0.02s Real=0.07s
[13.490s][info][gc,start       ] GC(142) Pause Young (Allocation Failure)
[13.560s][info][gc,heap        ] GC(142) PSYoungGen: 130816K(170496K)->72864K(165888K) Eden: 22528K(22528K)->0K(25600K) From: 108288K(147968K)->72864K(140288K)
[13.560s][info][gc,heap        ] GC(142) ParOldGen: 1977190K(2074112K)->2035798K(2074112K)
[13.560s][info][gc,metaspace   ] GC(142) Metaspace: 6296K(6464K)->6296K(6464K) NonClass: 5763K(5824K)->5763K(5824K) Class: 533K(640K)->533K(640K)
[13.560s][info][gc             ] GC(142) Pause Young (Allocation Failure) 2058M->2059M(2187M) 69.632ms
[13.560s][info][gc,cpu         ] GC(142) User=0.55s Sys=0.00s Real=0.07s
[13.560s][info][gc,start       ] GC(143) Pause Full (Ergonomics)
[13.560s][info][gc,phases,start] GC(143) Marking Phase
[14.041s][info][gc,phases      ] GC(143) Marking Phase 480.791ms
[14.041s][info][gc,phases,start] GC(143) Summary Phase
[14.041s][info][gc,phases      ] GC(143) Summary Phase 0.043ms
[14.041s][info][gc,phases,start] GC(143) Adjust Roots
[14.041s][info][gc,phases      ] GC(143) Adjust Roots 0.233ms
[14.041s][info][gc,phases,start] GC(143) Compaction Phase
[14.228s][info][gc,phases      ] GC(143) Compaction Phase 187.326ms
[14.228s][info][gc,phases,start] GC(143) Post Compact
[14.233s][info][gc,phases      ] GC(143) Post Compact 4.189ms
[14.233s][info][gc,heap        ] GC(143) PSYoungGen: 72864K(165888K)->32753K(169472K) Eden: 0K(25600K)->0K(29184K) From: 72864K(140288K)->32753K(140288K)
[14.233s][info][gc,heap        ] GC(143) ParOldGen: 2035798K(2074112K)->2073630K(2276864K)
[14.233s][info][gc,metaspace   ] GC(143) Metaspace: 6296K(6464K)->6296K(6464K) NonClass: 5763K(5824K)->5763K(5824K) Class: 533K(640K)->533K(640K)
[14.233s][info][gc             ] GC(143) Pause Full (Ergonomics) 2059M->2057M(2389M) 673.727ms
[14.234s][info][gc,cpu         ] GC(143) User=4.89s Sys=0.02s Real=0.67s
[14.266s][info][gc,start       ] GC(144) Pause Young (Allocation Failure)
[14.387s][info][gc,heap        ] GC(144) PSYoungGen: 61937K(169472K)->40736K(175616K) Eden: 29184K(29184K)->0K(29184K) From: 32753K(140288K)->40736K(146432K)
[14.387s][info][gc,heap        ] GC(144) ParOldGen: 2073630K(2276864K)->2095294K(2276864K)
[14.387s][info][gc,metaspace   ] GC(144) Metaspace: 6296K(6464K)->6296K(6464K) NonClass: 5763K(5824K)->5763K(5824K) Class: 533K(640K)->533K(640K)
[14.387s][info][gc             ] GC(144) Pause Young (Allocation Failure) 2085M->2085M(2395M) 121.059ms
[14.387s][info][gc,cpu         ] GC(144) User=0.78s Sys=0.00s Real=0.12s
[14.417s][info][gc,start       ] GC(145) Pause Young (Allocation Failure)
[14.457s][info][gc,heap        ] GC(145) PSYoungGen: 69920K(175616K)->58528K(171520K) Eden: 29184K(29184K)->0K(32768K) From: 40736K(146432K)->58528K(138752K)
[14.458s][info][gc,heap        ] GC(145) ParOldGen: 2095294K(2276864K)->2106822K(2276864K)
[14.458s][info][gc,metaspace   ] GC(145) Metaspace: 6296K(6464K)->6296K(6464K) NonClass: 5763K(5824K)->5763K(5824K) Class: 533K(640K)->533K(640K)
[14.458s][info][gc             ] GC(145) Pause Young (Allocation Failure) 2114M->2114M(2391M) 40.568ms
[14.458s][info][gc,cpu         ] GC(145) User=0.25s Sys=0.00s Real=0.04s
[14.494s][info][gc,start       ] GC(146) Pause Young (Allocation Failure)
[14.543s][info][gc,heap        ] GC(146) PSYoungGen: 91296K(171520K)->62144K(95232K) Eden: 32768K(32768K)->0K(32768K) From: 58528K(138752K)->62144K(62464K)
[14.543s][info][gc,heap        ] GC(146) ParOldGen: 2106822K(2276864K)->2136406K(2276864K)
[14.543s][info][gc,metaspace   ] GC(146) Metaspace: 6296K(6464K)->6296K(6464K) NonClass: 5763K(5824K)->5763K(5824K) Class: 533K(640K)->533K(640K)
[14.543s][info][gc             ] GC(146) Pause Young (Allocation Failure) 2146M->2147M(2316M) 49.186ms
[14.543s][info][gc,cpu         ] GC(146) User=0.28s Sys=0.00s Real=0.05s
[14.586s][info][gc,start       ] GC(147) Pause Young (Allocation Failure)
[14.638s][info][gc,heap        ] GC(147) PSYoungGen: 94912K(95232K)->65728K(164864K) Eden: 32768K(32768K)->0K(36864K) From: 62144K(62464K)->65728K(128000K)
[14.638s][info][gc,heap        ] GC(147) ParOldGen: 2136406K(2276864K)->2165990K(2276864K)
[14.638s][info][gc,metaspace   ] GC(147) Metaspace: 6296K(6464K)->6296K(6464K) NonClass: 5763K(5824K)->5763K(5824K) Class: 533K(640K)->533K(640K)
[14.638s][info][gc             ] GC(147) Pause Young (Allocation Failure) 2179M->2179M(2384M) 52.132ms
[14.638s][info][gc,cpu         ] GC(147) User=0.27s Sys=0.00s Real=0.05s
[14.685s][info][gc,start       ] GC(148) Pause Young (Allocation Failure)
[14.741s][info][gc,heap        ] GC(148) PSYoungGen: 102592K(164864K)->69824K(107008K) Eden: 36864K(36864K)->0K(36864K) From: 65728K(128000K)->69824K(70144K)
[14.741s][info][gc,heap        ] GC(148) ParOldGen: 2165990K(2276864K)->2199214K(2276864K)
[14.741s][info][gc,metaspace   ] GC(148) Metaspace: 6296K(6464K)->6296K(6464K) NonClass: 5763K(5824K)->5763K(5824K) Class: 533K(640K)->533K(640K)
[14.741s][info][gc             ] GC(148) Pause Young (Allocation Failure) 2215M->2215M(2328M) 55.366ms
[14.741s][info][gc,cpu         ] GC(148) User=0.36s Sys=0.02s Real=0.06s
[14.783s][info][gc,start       ] GC(149) Pause Young (Allocation Failure)
[14.839s][info][gc,heap        ] GC(149) PSYoungGen: 106688K(107008K)->73952K(158720K) Eden: 36864K(36864K)->0K(41472K) From: 69824K(70144K)->73952K(117248K)
[14.839s][info][gc,heap        ] GC(149) ParOldGen: 2199214K(2276864K)->2232470K(2276864K)
[14.839s][info][gc,metaspace   ] GC(149) Metaspace: 6296K(6464K)->6296K(6464K) NonClass: 5763K(5824K)->5763K(5824K) Class: 533K(640K)->533K(640K)
[14.839s][info][gc             ] GC(149) Pause Young (Allocation Failure) 2251M->2252M(2378M) 56.223ms
[14.839s][info][gc,cpu         ] GC(149) User=0.36s Sys=0.02s Real=0.06s
[14.839s][info][gc,start       ] GC(150) Pause Full (Ergonomics)
[14.839s][info][gc,phases,start] GC(150) Marking Phase
[15.366s][info][gc,phases      ] GC(150) Marking Phase 527.407ms
[15.366s][info][gc,phases,start] GC(150) Summary Phase
[15.366s][info][gc,phases      ] GC(150) Summary Phase 0.046ms
[15.366s][info][gc,phases,start] GC(150) Adjust Roots
[15.367s][info][gc,phases      ] GC(150) Adjust Roots 0.191ms
[15.367s][info][gc,phases,start] GC(150) Compaction Phase
[15.570s][info][gc,phases      ] GC(150) Compaction Phase 203.717ms
[15.570s][info][gc,phases,start] GC(150) Post Compact
[15.575s][info][gc,phases      ] GC(150) Post Compact 4.370ms
[15.576s][info][gc,heap        ] GC(150) PSYoungGen: 73952K(158720K)->27182K(163840K) Eden: 0K(41472K)->0K(46592K) From: 73952K(117248K)->27182K(117248K)
[15.576s][info][gc,heap        ] GC(150) ParOldGen: 2232470K(2276864K)->2276650K(2489344K)
[15.576s][info][gc,metaspace   ] GC(150) Metaspace: 6296K(6464K)->6296K(6464K) NonClass: 5763K(5824K)->5763K(5824K) Class: 533K(640K)->533K(640K)
[15.576s][info][gc             ] GC(150) Pause Full (Ergonomics) 2252M->2249M(2591M) 736.822ms
[15.576s][info][gc,cpu         ] GC(150) User=5.34s Sys=0.02s Real=0.74s
[15.634s][info][gc,start       ] GC(151) Pause Young (Allocation Failure)
[15.771s][info][gc,heap        ] GC(151) PSYoungGen: 73774K(163840K)->62304K(168960K) Eden: 46592K(46592K)->0K(46592K) From: 27182K(117248K)->62304K(122368K)
[15.771s][info][gc,heap        ] GC(151) ParOldGen: 2276650K(2489344K)->2288530K(2489344K)
[15.771s][info][gc,metaspace   ] GC(151) Metaspace: 6296K(6464K)->6296K(6464K) NonClass: 5763K(5824K)->5763K(5824K) Class: 533K(640K)->533K(640K)
[15.771s][info][gc             ] GC(151) Pause Young (Allocation Failure) 2295M->2295M(2596M) 137.539ms
[15.771s][info][gc,cpu         ] GC(151) User=0.89s Sys=0.00s Real=0.14s
[15.824s][info][gc,start       ] GC(152) Pause Young (Allocation Failure)
[15.882s][info][gc,heap        ] GC(152) PSYoungGen: 108896K(168960K)->108960K(161280K) Eden: 46592K(46592K)->0K(41984K) From: 62304K(122368K)->108960K(119296K)
[15.882s][info][gc,heap        ] GC(152) ParOldGen: 2288530K(2489344K)->2288530K(2489344K)
[15.882s][info][gc,metaspace   ] GC(152) Metaspace: 6296K(6464K)->6296K(6464K) NonClass: 5763K(5824K)->5763K(5824K) Class: 533K(640K)->533K(640K)
[15.882s][info][gc             ] GC(152) Pause Young (Allocation Failure) 2341M->2341M(2588M) 57.793ms
[15.882s][info][gc,cpu         ] GC(152) User=0.38s Sys=0.00s Real=0.06s
[15.934s][info][gc,start       ] GC(153) Pause Young (Allocation Failure)
[16.014s][info][gc,heap        ] GC(153) PSYoungGen: 150944K(161280K)->128512K(170496K) Eden: 41984K(41984K)->0K(41984K) From: 108960K(119296K)->128512K(128512K)
[16.014s][info][gc,heap        ] GC(153) ParOldGen: 2288530K(2489344K)->2311074K(2489344K)
[16.014s][info][gc,metaspace   ] GC(153) Metaspace: 6296K(6464K)->6296K(6464K) NonClass: 5763K(5824K)->5763K(5824K) Class: 533K(640K)->533K(640K)
[16.014s][info][gc             ] GC(153) Pause Young (Allocation Failure) 2382M->2382M(2597M) 79.665ms
[16.014s][info][gc,cpu         ] GC(153) User=0.48s Sys=0.02s Real=0.08s
[16.064s][info][gc,start       ] GC(154) Pause Young (Allocation Failure)
[16.156s][info][gc,heap        ] GC(154) PSYoungGen: 170496K(170496K)->121408K(189952K) Eden: 41984K(41984K)->0K(38912K) From: 128512K(128512K)->121408K(151040K)
[16.156s][info][gc,heap        ] GC(154) ParOldGen: 2311074K(2489344K)->2360674K(2489344K)
[16.156s][info][gc,metaspace   ] GC(154) Metaspace: 6296K(6464K)->6296K(6464K) NonClass: 5763K(5824K)->5763K(5824K) Class: 533K(640K)->533K(640K)
[16.156s][info][gc             ] GC(154) Pause Young (Allocation Failure) 2423M->2423M(2616M) 92.240ms
[16.156s][info][gc,cpu         ] GC(154) User=0.61s Sys=0.03s Real=0.09s
[16.203s][info][gc,start       ] GC(155) Pause Young (Allocation Failure)
[16.291s][info][gc,heap        ] GC(155) PSYoungGen: 160320K(189952K)->117856K(197632K) Eden: 38912K(38912K)->0K(38912K) From: 121408K(151040K)->117856K(158720K)
[16.291s][info][gc,heap        ] GC(155) ParOldGen: 2360674K(2489344K)->2403530K(2489344K)
[16.291s][info][gc,metaspace   ] GC(155) Metaspace: 6296K(6464K)->6296K(6464K) NonClass: 5763K(5824K)->5763K(5824K) Class: 533K(640K)->533K(640K)
[16.291s][info][gc             ] GC(155) Pause Young (Allocation Failure) 2461M->2462M(2624M) 88.770ms
[16.291s][info][gc,cpu         ] GC(155) User=0.62s Sys=0.00s Real=0.09s
[16.339s][info][gc,start       ] GC(156) Pause Young (Allocation Failure)
[16.426s][info][gc,heap        ] GC(156) PSYoungGen: 156768K(197632K)->120096K(202752K) Eden: 38912K(38912K)->0K(39936K) From: 117856K(158720K)->120096K(162816K)
[16.426s][info][gc,heap        ] GC(156) ParOldGen: 2403530K(2489344K)->2440578K(2489344K)
[16.426s][info][gc,metaspace   ] GC(156) Metaspace: 6296K(6464K)->6296K(6464K) NonClass: 5763K(5824K)->5763K(5824K) Class: 533K(640K)->533K(640K)
[16.426s][info][gc             ] GC(156) Pause Young (Allocation Failure) 2500M->2500M(2629M) 87.135ms
[16.426s][info][gc,cpu         ] GC(156) User=0.53s Sys=0.02s Real=0.09s
[16.427s][info][gc,start       ] GC(157) Pause Full (Ergonomics)
[16.427s][info][gc,phases,start] GC(157) Marking Phase
[17.005s][info][gc,phases      ] GC(157) Marking Phase 578.527ms
[17.005s][info][gc,phases,start] GC(157) Summary Phase
[17.005s][info][gc,phases      ] GC(157) Summary Phase 0.043ms
[17.005s][info][gc,phases,start] GC(157) Adjust Roots
[17.005s][info][gc,phases      ] GC(157) Adjust Roots 0.172ms
[17.005s][info][gc,phases,start] GC(157) Compaction Phase
[17.222s][info][gc,phases      ] GC(157) Compaction Phase 216.508ms
[17.222s][info][gc,phases,start] GC(157) Post Compact
[17.227s][info][gc,phases      ] GC(157) Post Compact 4.917ms
[17.228s][info][gc,heap        ] GC(157) PSYoungGen: 120096K(202752K)->69615K(202752K) Eden: 0K(39936K)->0K(39936K) From: 120096K(162816K)->69615K(162816K)
[17.228s][info][gc,heap        ] GC(157) ParOldGen: 2440578K(2489344K)->2488994K(2724352K)
[17.228s][info][gc,metaspace   ] GC(157) Metaspace: 6296K(6464K)->6296K(6464K) NonClass: 5763K(5824K)->5763K(5824K) Class: 533K(640K)->533K(640K)
[17.228s][info][gc             ] GC(157) Pause Full (Ergonomics) 2500M->2498M(2858M) 801.286ms
[17.228s][info][gc,cpu         ] GC(157) User=6.06s Sys=0.05s Real=0.80s
[17.275s][info][gc,start       ] GC(158) Pause Young (Allocation Failure)
[17.450s][info][gc,heap        ] GC(158) PSYoungGen: 109551K(202752K)->62912K(206848K) Eden: 39936K(39936K)->0K(39936K) From: 69615K(162816K)->62912K(166912K)
[17.450s][info][gc,heap        ] GC(158) ParOldGen: 2488994K(2724352K)->2536314K(2724352K)
[17.450s][info][gc,metaspace   ] GC(158) Metaspace: 6296K(6464K)->6296K(6464K) NonClass: 5763K(5824K)->5763K(5824K) Class: 533K(640K)->533K(640K)
[17.450s][info][gc             ] GC(158) Pause Young (Allocation Failure) 2537M->2538M(2862M) 174.489ms
[17.450s][info][gc,cpu         ] GC(158) User=1.08s Sys=0.00s Real=0.18s
[17.500s][info][gc,start       ] GC(159) Pause Young (Allocation Failure)
[17.557s][info][gc,heap        ] GC(159) PSYoungGen: 102848K(206848K)->80064K(196608K) Eden: 39936K(39936K)->0K(44032K) From: 62912K(166912K)->80064K(152576K)
[17.557s][info][gc,heap        ] GC(159) ParOldGen: 2536314K(2724352K)->2559330K(2724352K)
[17.557s][info][gc,metaspace   ] GC(159) Metaspace: 6296K(6464K)->6296K(6464K) NonClass: 5763K(5824K)->5763K(5824K) Class: 533K(640K)->533K(640K)
[17.557s][info][gc             ] GC(159) Pause Young (Allocation Failure) 2577M->2577M(2852M) 57.778ms
[17.557s][info][gc,cpu         ] GC(159) User=0.39s Sys=0.00s Real=0.06s
[17.611s][info][gc,start       ] GC(160) Pause Young (Allocation Failure)
[17.678s][info][gc,heap        ] GC(160) PSYoungGen: 124096K(196608K)->84192K(128512K) Eden: 44032K(44032K)->0K(44032K) From: 80064K(152576K)->84192K(84480K)
[17.678s][info][gc,heap        ] GC(160) ParOldGen: 2559330K(2724352K)->2599642K(2724352K)
[17.678s][info][gc,metaspace   ] GC(160) Metaspace: 6296K(6464K)->6296K(6464K) NonClass: 5763K(5824K)->5763K(5824K) Class: 533K(640K)->533K(640K)
[17.678s][info][gc             ] GC(160) Pause Young (Allocation Failure) 2620M->2620M(2786M) 67.149ms
[17.678s][info][gc,cpu         ] GC(160) User=0.34s Sys=0.06s Real=0.07s
[17.733s][info][gc,start       ] GC(161) Pause Young (Allocation Failure)
[17.802s][info][gc,heap        ] GC(161) PSYoungGen: 128224K(128512K)->88288K(189440K) Eden: 44032K(44032K)->0K(49152K) From: 84192K(84480K)->88288K(140288K)
[17.802s][info][gc,heap        ] GC(161) ParOldGen: 2599642K(2724352K)->2639938K(2724352K)
[17.802s][info][gc,metaspace   ] GC(161) Metaspace: 6296K(6464K)->6296K(6464K) NonClass: 5763K(5824K)->5763K(5824K) Class: 533K(640K)->533K(640K)
[17.802s][info][gc             ] GC(161) Pause Young (Allocation Failure) 2663M->2664M(2845M) 69.396ms
[17.802s][info][gc,cpu         ] GC(161) User=0.39s Sys=0.00s Real=0.07s
[17.861s][info][gc,start       ] GC(162) Pause Young (Allocation Failure)
[17.943s][info][gc,heap        ] GC(162) PSYoungGen: 137440K(189440K)->93408K(195584K) Eden: 49152K(49152K)->0K(49152K) From: 88288K(140288K)->93408K(146432K)
[17.943s][info][gc,heap        ] GC(162) ParOldGen: 2639938K(2724352K)->2684370K(2724352K)
[17.943s][info][gc,metaspace   ] GC(162) Metaspace: 6296K(6464K)->6296K(6464K) NonClass: 5763K(5824K)->5763K(5824K) Class: 533K(640K)->533K(640K)
[17.943s][info][gc             ] GC(162) Pause Young (Allocation Failure) 2712M->2712M(2851M) 82.359ms
[17.943s][info][gc,cpu         ] GC(162) User=0.48s Sys=0.02s Real=0.08s
[17.943s][info][gc,start       ] GC(163) Pause Full (Ergonomics)
[17.943s][info][gc,phases,start] GC(163) Marking Phase
[18.575s][info][gc,phases      ] GC(163) Marking Phase 632.157ms
[18.576s][info][gc,phases,start] GC(163) Summary Phase
[18.576s][info][gc,phases      ] GC(163) Summary Phase 0.039ms
[18.576s][info][gc,phases,start] GC(163) Adjust Roots
[18.576s][info][gc,phases      ] GC(163) Adjust Roots 0.158ms
[18.576s][info][gc,phases,start] GC(163) Compaction Phase
[18.817s][info][gc,phases      ] GC(163) Compaction Phase 241.032ms
[18.817s][info][gc,phases,start] GC(163) Post Compact
[18.822s][info][gc,phases      ] GC(163) Post Compact 5.280ms
[18.823s][info][gc,heap        ] GC(163) PSYoungGen: 93408K(195584K)->51208K(195584K) Eden: 0K(49152K)->0K(49152K) From: 93408K(146432K)->51208K(146432K)
[18.823s][info][gc,heap        ] GC(163) ParOldGen: 2684370K(2724352K)->2724336K(2982912K)
[18.823s][info][gc,metaspace   ] GC(163) Metaspace: 6296K(6464K)->6296K(6464K) NonClass: 5763K(5824K)->5763K(5824K) Class: 533K(640K)->533K(640K)
[18.823s][info][gc             ] GC(163) Pause Full (Ergonomics) 2712M->2710M(3104M) 880.039ms
[18.823s][info][gc,cpu         ] GC(163) User=6.69s Sys=0.02s Real=0.88s
[18.887s][info][gc,start       ] GC(164) Pause Young (Allocation Failure)
[19.062s][info][gc,heap        ] GC(164) PSYoungGen: 100360K(195584K)->78080K(188928K) Eden: 49152K(49152K)->0K(54272K) From: 51208K(146432K)->78080K(134656K)
[19.062s][info][gc,heap        ] GC(164) ParOldGen: 2724336K(2982912K)->2747128K(2982912K)
[19.062s][info][gc,metaspace   ] GC(164) Metaspace: 6296K(6464K)->6296K(6464K) NonClass: 5763K(5824K)->5763K(5824K) Class: 533K(640K)->533K(640K)
[19.062s][info][gc             ] GC(164) Pause Young (Allocation Failure) 2758M->2758M(3097M) 175.061ms
[19.062s][info][gc,cpu         ] GC(164) User=1.14s Sys=0.00s Real=0.17s
[19.689s][info][gc,start       ] GC(165) Pause Young (Allocation Failure)
[19.813s][info][gc,heap        ] GC(165) PSYoungGen: 132352K(188928K)->132448K(193024K) Eden: 54272K(54272K)->0K(54272K) From: 78080K(134656K)->132448K(138752K)
[19.813s][info][gc,heap        ] GC(165) ParOldGen: 2878200K(2982912K)->2878200K(2982912K)
[19.813s][info][gc,metaspace   ] GC(165) Metaspace: 6296K(6464K)->6296K(6464K) NonClass: 5763K(5824K)->5763K(5824K) Class: 533K(640K)->533K(640K)
[19.813s][info][gc             ] GC(165) Pause Young (Allocation Failure) 2939M->2940M(3101M) 124.277ms
[19.813s][info][gc,cpu         ] GC(165) User=0.78s Sys=0.00s Real=0.12s
[19.875s][info][gc,start       ] GC(166) Pause Young (Allocation Failure)
[19.970s][info][gc,heap        ] GC(166) PSYoungGen: 186720K(193024K)->150528K(180736K) Eden: 54272K(54272K)->0K(30208K) From: 132448K(138752K)->150528K(150528K)
[19.970s][info][gc,heap        ] GC(166) ParOldGen: 2878200K(2982912K)->2914616K(2982912K)
[19.970s][info][gc,metaspace   ] GC(166) Metaspace: 6296K(6464K)->6296K(6464K) NonClass: 5763K(5824K)->5763K(5824K) Class: 533K(640K)->533K(640K)
[19.970s][info][gc             ] GC(166) Pause Young (Allocation Failure) 2993M->2993M(3089M) 94.712ms
[19.970s][info][gc,cpu         ] GC(166) User=0.56s Sys=0.05s Real=0.10s
[19.998s][info][gc,start       ] GC(167) Pause Young (Allocation Failure)
[20.087s][info][gc,heap        ] GC(167) PSYoungGen: 180736K(180736K)->117888K(209920K) Eden: 30208K(30208K)->0K(30208K) From: 150528K(150528K)->117888K(179712K)
[20.087s][info][gc,heap        ] GC(167) ParOldGen: 2914616K(2982912K)->2978048K(2982912K)
[20.087s][info][gc,metaspace   ] GC(167) Metaspace: 6296K(6464K)->6296K(6464K) NonClass: 5763K(5824K)->5763K(5824K) Class: 533K(640K)->533K(640K)
[20.087s][info][gc             ] GC(167) Pause Young (Allocation Failure) 3022M->3023M(3118M) 88.622ms
[20.087s][info][gc,cpu         ] GC(167) User=0.58s Sys=0.06s Real=0.09s
[20.087s][info][gc,start       ] GC(168) Pause Full (Ergonomics)
[20.087s][info][gc,phases,start] GC(168) Marking Phase
[20.764s][info][gc,phases      ] GC(168) Marking Phase 676.554ms
[20.764s][info][gc,phases,start] GC(168) Summary Phase
[20.764s][info][gc,phases      ] GC(168) Summary Phase 0.042ms
[20.764s][info][gc,phases,start] GC(168) Adjust Roots
[20.764s][info][gc,phases      ] GC(168) Adjust Roots 0.156ms
[20.764s][info][gc,phases,start] GC(168) Compaction Phase
[21.244s][info][gc,phases      ] GC(168) Compaction Phase 479.781ms
[21.244s][info][gc,phases,start] GC(168) Post Compact
[21.250s][info][gc,phases      ] GC(168) Post Compact 6.533ms
[21.251s][info][gc,heap        ] GC(168) PSYoungGen: 117888K(209920K)->46014K(209920K) Eden: 0K(30208K)->0K(30208K) From: 117888K(179712K)->46014K(179712K)
[21.251s][info][gc,heap        ] GC(168) ParOldGen: 2978048K(2982912K)->2982844K(3265536K)
[21.251s][info][gc,metaspace   ] GC(168) Metaspace: 6296K(6464K)->6296K(6464K) NonClass: 5763K(5824K)->5763K(5824K) Class: 533K(640K)->533K(640K)
[21.251s][info][gc             ] GC(168) Pause Full (Ergonomics) 3023M->2957M(3394M) 1164.343ms
[21.252s][info][gc,cpu         ] GC(168) User=8.17s Sys=0.08s Real=1.16s
[21.280s][info][gc,start       ] GC(169) Pause Young (Allocation Failure)
[21.442s][info][gc,heap        ] GC(169) PSYoungGen: 76222K(209920K)->67360K(208384K) Eden: 30208K(30208K)->0K(33280K) From: 46014K(179712K)->67360K(175104K)
[21.442s][info][gc,heap        ] GC(169) ParOldGen: 2982844K(3265536K)->2992084K(3265536K)
[21.442s][info][gc,metaspace   ] GC(169) Metaspace: 6296K(6464K)->6296K(6464K) NonClass: 5763K(5824K)->5763K(5824K) Class: 533K(640K)->533K(640K)
[21.442s][info][gc             ] GC(169) Pause Young (Allocation Failure) 2987M->2987M(3392M) 161.464ms
[21.442s][info][gc,cpu         ] GC(169) User=0.95s Sys=0.00s Real=0.16s
[21.474s][info][gc,start       ] GC(170) Pause Young (Allocation Failure)
[21.534s][info][gc,heap        ] GC(170) PSYoungGen: 100640K(208384K)->100672K(134144K) Eden: 33280K(33280K)->0K(33280K) From: 67360K(175104K)->100672K(100864K)
[21.534s][info][gc,heap        ] GC(170) ParOldGen: 2992084K(3265536K)->2992084K(3265536K)
[21.534s][info][gc,metaspace   ] GC(170) Metaspace: 6296K(6464K)->6296K(6464K) NonClass: 5763K(5824K)->5763K(5824K) Class: 533K(640K)->533K(640K)
[21.534s][info][gc             ] GC(170) Pause Young (Allocation Failure) 3020M->3020M(3320M) 59.708ms
[21.534s][info][gc,cpu         ] GC(170) User=0.11s Sys=0.00s Real=0.06s
[21.569s][info][gc,start       ] GC(171) Pause Young (Allocation Failure)
[21.636s][info][gc,heap        ] GC(171) PSYoungGen: 133952K(134144K)->108352K(198656K) Eden: 33280K(33280K)->0K(36864K) From: 100672K(100864K)->108352K(161792K)
[21.636s][info][gc,heap        ] GC(171) ParOldGen: 2992084K(3265536K)->3017908K(3265536K)
[21.637s][info][gc,metaspace   ] GC(171) Metaspace: 6296K(6464K)->6296K(6464K) NonClass: 5763K(5824K)->5763K(5824K) Class: 533K(640K)->533K(640K)
[21.637s][info][gc             ] GC(171) Pause Young (Allocation Failure) 3052M->3052M(3383M) 67.992ms
[21.637s][info][gc,cpu         ] GC(171) User=0.39s Sys=0.02s Real=0.07s
[21.673s][info][gc,start       ] GC(172) Pause Young (Allocation Failure)
[21.745s][info][gc,heap        ] GC(172) PSYoungGen: 145216K(198656K)->133920K(202240K) Eden: 36864K(36864K)->0K(36864K) From: 108352K(161792K)->133920K(165376K)
[21.745s][info][gc,heap        ] GC(172) ParOldGen: 3017908K(3265536K)->3029364K(3265536K)
[21.745s][info][gc,metaspace   ] GC(172) Metaspace: 6296K(6464K)->6296K(6464K) NonClass: 5763K(5824K)->5763K(5824K) Class: 533K(640K)->533K(640K)
[21.745s][info][gc             ] GC(172) Pause Young (Allocation Failure) 3088M->3089M(3386M) 72.311ms
[21.745s][info][gc,cpu         ] GC(172) User=0.23s Sys=0.00s Real=0.07s
[21.787s][info][gc,start       ] GC(173) Pause Young (Allocation Failure)
[21.870s][info][gc,heap        ] GC(173) PSYoungGen: 170784K(202240K)->140576K(206336K) Eden: 36864K(36864K)->0K(34816K) From: 133920K(165376K)->140576K(171520K)
[21.870s][info][gc,heap        ] GC(173) ParOldGen: 3029364K(3265536K)->3059844K(3265536K)
[21.870s][info][gc,metaspace   ] GC(173) Metaspace: 6296K(6464K)->6296K(6464K) NonClass: 5763K(5824K)->5763K(5824K) Class: 533K(640K)->533K(640K)
[21.870s][info][gc             ] GC(173) Pause Young (Allocation Failure) 3125M->3125M(3390M) 82.972ms
[21.870s][info][gc,cpu         ] GC(173) User=0.55s Sys=0.00s Real=0.08s
[21.908s][info][gc,start       ] GC(174) Pause Young (Allocation Failure)
[21.993s][info][gc,heap        ] GC(174) PSYoungGen: 175392K(206336K)->108768K(143872K) Eden: 34816K(34816K)->0K(34816K) From: 140576K(171520K)->108768K(109056K)
[21.993s][info][gc,heap        ] GC(174) ParOldGen: 3059844K(3265536K)->3126972K(3265536K)
[21.993s][info][gc,metaspace   ] GC(174) Metaspace: 6296K(6464K)->6296K(6464K) NonClass: 5763K(5824K)->5763K(5824K) Class: 533K(640K)->533K(640K)
[21.993s][info][gc             ] GC(174) Pause Young (Allocation Failure) 3159M->3159M(3329M) 85.035ms
[21.993s][info][gc,cpu         ] GC(174) User=0.58s Sys=0.06s Real=0.09s
[22.027s][info][gc,start       ] GC(175) Pause Young (Allocation Failure)
[22.106s][info][gc,heap        ] GC(175) PSYoungGen: 143584K(143872K)->69792K(210944K) Eden: 34816K(34816K)->0K(39424K) From: 108768K(109056K)->69792K(171520K)
[22.106s][info][gc,heap        ] GC(175) ParOldGen: 3126972K(3265536K)->3201324K(3265536K)
[22.106s][info][gc,metaspace   ] GC(175) Metaspace: 6296K(6464K)->6296K(6464K) NonClass: 5763K(5824K)->5763K(5824K) Class: 533K(640K)->533K(640K)
[22.106s][info][gc             ] GC(175) Pause Young (Allocation Failure) 3193M->3194M(3395M) 79.077ms
[22.106s][info][gc,cpu         ] GC(175) User=0.41s Sys=0.02s Real=0.08s
[22.106s][info][gc,start       ] GC(176) Pause Full (Ergonomics)
[22.106s][info][gc,phases,start] GC(176) Marking Phase
[22.845s][info][gc,phases      ] GC(176) Marking Phase 739.276ms
[22.846s][info][gc,phases,start] GC(176) Summary Phase
[22.846s][info][gc,phases      ] GC(176) Summary Phase 0.047ms
[22.846s][info][gc,phases,start] GC(176) Adjust Roots
[22.846s][info][gc,phases      ] GC(176) Adjust Roots 0.157ms
[22.846s][info][gc,phases,start] GC(176) Compaction Phase
[23.175s][info][gc,phases      ] GC(176) Compaction Phase 328.822ms
[23.175s][info][gc,phases,start] GC(176) Post Compact
[23.181s][info][gc,phases      ] GC(176) Post Compact 5.988ms
[23.182s][info][gc,heap        ] GC(176) PSYoungGen: 69792K(210944K)->3670K(210944K) Eden: 0K(39424K)->0K(39424K) From: 69792K(171520K)->3670K(171520K)
[23.182s][info][gc,heap        ] GC(176) ParOldGen: 3201324K(3265536K)->3265093K(3584512K)
[23.182s][info][gc,metaspace   ] GC(176) Metaspace: 6296K(6464K)->6296K(6464K) NonClass: 5763K(5824K)->5763K(5824K) Class: 533K(640K)->533K(640K)
[23.182s][info][gc             ] GC(176) Pause Full (Ergonomics) 3194M->3192M(3706M) 1075.624ms
[23.182s][info][gc,cpu         ] GC(176) User=7.80s Sys=0.02s Real=1.08s
[23.222s][info][gc,start       ] GC(177) Pause Young (Allocation Failure)
[23.387s][info][gc,heap        ] GC(177) PSYoungGen: 43094K(210944K)->39584K(210944K) Eden: 39424K(39424K)->0K(39424K) From: 3670K(171520K)->39584K(171520K)
[23.387s][info][gc,heap        ] GC(177) ParOldGen: 3265093K(3584512K)->3268829K(3584512K)
[23.387s][info][gc,metaspace   ] GC(177) Metaspace: 6296K(6464K)->6296K(6464K) NonClass: 5763K(5824K)->5763K(5824K) Class: 533K(640K)->533K(640K)
[23.387s][info][gc             ] GC(177) Pause Young (Allocation Failure) 3230M->3230M(3706M) 164.815ms
[23.387s][info][gc,cpu         ] GC(177) User=1.16s Sys=0.00s Real=0.16s
[23.427s][info][gc,start       ] GC(178) Pause Young (Allocation Failure)
[23.482s][info][gc,heap        ] GC(178) PSYoungGen: 79008K(210944K)->39616K(217600K) Eden: 39424K(39424K)->0K(41984K) From: 39584K(171520K)->39616K(175616K)
[23.483s][info][gc,heap        ] GC(178) ParOldGen: 3268829K(3584512K)->3308597K(3584512K)
[23.483s][info][gc,metaspace   ] GC(178) Metaspace: 6296K(6464K)->6296K(6464K) NonClass: 5763K(5824K)->5763K(5824K) Class: 533K(640K)->533K(640K)
[23.483s][info][gc             ] GC(178) Pause Young (Allocation Failure) 3269M->3269M(3713M) 55.668ms
[23.483s][info][gc,cpu         ] GC(178) User=0.22s Sys=0.00s Real=0.05s
[23.527s][info][gc,start       ] GC(179) Pause Young (Allocation Failure)
[23.584s][info][gc,heap        ] GC(179) PSYoungGen: 81600K(217600K)->42208K(219648K) Eden: 41984K(41984K)->0K(41984K) From: 39616K(175616K)->42208K(177664K)
[23.584s][info][gc,heap        ] GC(179) ParOldGen: 3308597K(3584512K)->3348357K(3584512K)
[23.584s][info][gc,metaspace   ] GC(179) Metaspace: 6296K(6464K)->6296K(6464K) NonClass: 5763K(5824K)->5763K(5824K) Class: 533K(640K)->533K(640K)
[23.584s][info][gc             ] GC(179) Pause Young (Allocation Failure) 3310M->3311M(3715M) 56.791ms
[23.584s][info][gc,cpu         ] GC(179) User=0.16s Sys=0.00s Real=0.06s
[23.629s][info][gc,start       ] GC(180) Pause Young (Allocation Failure)
[23.688s][info][gc,heap        ] GC(180) PSYoungGen: 84192K(219648K)->42208K(221696K) Eden: 41984K(41984K)->0K(47104K) From: 42208K(177664K)->42208K(174592K)
[23.688s][info][gc,heap        ] GC(180) ParOldGen: 3348357K(3584512K)->3390709K(3584512K)
[23.688s][info][gc,metaspace   ] GC(180) Metaspace: 6296K(6464K)->6296K(6464K) NonClass: 5763K(5824K)->5763K(5824K) Class: 533K(640K)->533K(640K)
[23.688s][info][gc             ] GC(180) Pause Young (Allocation Failure) 3352M->3352M(3717M) 59.467ms
[23.688s][info][gc,cpu         ] GC(180) User=0.17s Sys=0.00s Real=0.06s
[23.739s][info][gc,start       ] GC(181) Pause Young (Allocation Failure)
[23.799s][info][gc,heap        ] GC(181) PSYoungGen: 89312K(221696K)->47296K(223232K) Eden: 47104K(47104K)->0K(47104K) From: 42208K(174592K)->47296K(176128K)
[23.800s][info][gc,heap        ] GC(181) ParOldGen: 3390709K(3584512K)->3433061K(3584512K)
[23.800s][info][gc,metaspace   ] GC(181) Metaspace: 6296K(6464K)->6296K(6464K) NonClass: 5763K(5824K)->5763K(5824K) Class: 533K(640K)->533K(640K)
[23.800s][info][gc             ] GC(181) Pause Young (Allocation Failure) 3398M->3398M(3718M) 60.857ms
[23.800s][info][gc,cpu         ] GC(181) User=0.34s Sys=0.05s Real=0.06s
[23.843s][info][gc,start       ] GC(182) Pause Young (Allocation Failure)
[23.904s][info][gc,heap        ] GC(182) PSYoungGen: 94400K(223232K)->47328K(217600K) Eden: 47104K(47104K)->0K(52736K) From: 47296K(176128K)->47328K(164864K)
[23.904s][info][gc,heap        ] GC(182) ParOldGen: 3433061K(3584512K)->3480581K(3584512K)
[23.904s][info][gc,metaspace   ] GC(182) Metaspace: 6296K(6464K)->6296K(6464K) NonClass: 5763K(5824K)->5763K(5824K) Class: 533K(640K)->533K(640K)
[23.904s][info][gc             ] GC(182) Pause Young (Allocation Failure) 3444M->3445M(3713M) 61.378ms
[23.904s][info][gc,cpu         ] GC(182) User=0.27s Sys=0.02s Real=0.06s
[23.956s][info][gc,start       ] GC(183) Pause Young (Allocation Failure)
[24.020s][info][gc,heap        ] GC(183) PSYoungGen: 100064K(217600K)->52960K(221696K) Eden: 52736K(52736K)->0K(52736K) From: 47328K(164864K)->52960K(168960K)
[24.020s][info][gc,heap        ] GC(183) ParOldGen: 3480581K(3584512K)->3528109K(3584512K)
[24.020s][info][gc,metaspace   ] GC(183) Metaspace: 6296K(6464K)->6296K(6464K) NonClass: 5763K(5824K)->5763K(5824K) Class: 533K(640K)->533K(640K)
[24.020s][info][gc             ] GC(183) Pause Young (Allocation Failure) 3496M->3497M(3717M) 63.827ms
[24.020s][info][gc,cpu         ] GC(183) User=0.20s Sys=0.00s Real=0.06s
[24.020s][info][gc,start       ] GC(184) Pause Full (Ergonomics)
[24.020s][info][gc,phases,start] GC(184) Marking Phase
[24.839s][info][gc,phases      ] GC(184) Marking Phase 818.870ms
[24.839s][info][gc,phases,start] GC(184) Summary Phase
[24.839s][info][gc,phases      ] GC(184) Summary Phase 0.103ms
[24.839s][info][gc,phases,start] GC(184) Adjust Roots
[24.840s][info][gc,phases      ] GC(184) Adjust Roots 0.270ms
[24.840s][info][gc,phases,start] GC(184) Compaction Phase
[25.194s][info][gc,phases      ] GC(184) Compaction Phase 354.378ms
[25.194s][info][gc,phases,start] GC(184) Post Compact
[25.201s][info][gc,phases      ] GC(184) Post Compact 6.571ms
[25.202s][info][gc,heap        ] GC(184) PSYoungGen: 52960K(221696K)->0K(222208K) Eden: 0K(52736K)->0K(58880K) From: 52960K(168960K)->0K(163328K)
[25.202s][info][gc,heap        ] GC(184) ParOldGen: 3528109K(3584512K)->3578300K(3916800K)
[25.202s][info][gc,metaspace   ] GC(184) Metaspace: 6296K(6464K)->6296K(6464K) NonClass: 5763K(5824K)->5763K(5824K) Class: 533K(640K)->533K(640K)
[25.202s][info][gc             ] GC(184) Pause Full (Ergonomics) 3497M->3494M(4042M) 1181.619ms
[25.202s][info][gc,cpu         ] GC(184) User=8.62s Sys=0.02s Real=1.18s
[25.267s][info][gc,start       ] GC(185) Pause Young (Allocation Failure)
[25.315s][info][gc,heap        ] GC(185) PSYoungGen: 58880K(222208K)->59072K(118272K) Eden: 58880K(58880K)->0K(58880K) From: 0K(163328K)->59072K(59392K)
[25.315s][info][gc,heap        ] GC(185) ParOldGen: 3578300K(3916800K)->3578300K(3916800K)
[25.315s][info][gc,metaspace   ] GC(185) Metaspace: 6296K(6464K)->6296K(6464K) NonClass: 5763K(5824K)->5763K(5824K) Class: 533K(640K)->533K(640K)
[25.315s][info][gc             ] GC(185) Pause Young (Allocation Failure) 3551M->3552M(3940M) 48.782ms
[25.315s][info][gc,cpu         ] GC(185) User=0.17s Sys=0.00s Real=0.05s
[25.380s][info][gc,start       ] GC(186) Pause Young (Allocation Failure)
[25.447s][info][gc,heap        ] GC(186) PSYoungGen: 117952K(118272K)->118080K(212480K) Eden: 58880K(58880K)->0K(55808K) From: 59072K(59392K)->118080K(156672K)
[25.447s][info][gc,heap        ] GC(186) ParOldGen: 3578300K(3916800K)->3578300K(3916800K)
[25.447s][info][gc,metaspace   ] GC(186) Metaspace: 6296K(6464K)->6296K(6464K) NonClass: 5763K(5824K)->5763K(5824K) Class: 533K(640K)->533K(640K)
[25.447s][info][gc             ] GC(186) Pause Young (Allocation Failure) 3609M->3609M(4032M) 66.514ms
[25.447s][info][gc,cpu         ] GC(186) User=0.22s Sys=0.02s Real=0.07s
[25.500s][info][gc,start       ] GC(187) Pause Young (Allocation Failure)
[25.584s][info][gc,heap        ] GC(187) PSYoungGen: 173888K(212480K)->165376K(221184K) Eden: 55808K(55808K)->0K(55808K) From: 118080K(156672K)->165376K(165376K)
[25.584s][info][gc,heap        ] GC(187) ParOldGen: 3578300K(3916800K)->3586868K(3916800K)
[25.584s][info][gc,metaspace   ] GC(187) Metaspace: 6296K(6464K)->6296K(6464K) NonClass: 5763K(5824K)->5763K(5824K) Class: 533K(640K)->533K(640K)
[25.584s][info][gc             ] GC(187) Pause Young (Allocation Failure) 3664M->3664M(4041M) 83.174ms
[25.584s][info][gc,cpu         ] GC(187) User=0.53s Sys=0.00s Real=0.08s
[25.641s][info][gc,start       ] GC(188) Pause Young (Allocation Failure)
[25.746s][info][gc,heap        ] GC(188) PSYoungGen: 221184K(221184K)->108832K(250880K) Eden: 55808K(55808K)->0K(61952K) From: 165376K(165376K)->108832K(188928K)
[25.746s][info][gc,heap        ] GC(188) ParOldGen: 3586868K(3916800K)->3700276K(3916800K)
[25.746s][info][gc,metaspace   ] GC(188) Metaspace: 6296K(6464K)->6296K(6464K) NonClass: 5763K(5824K)->5763K(5824K) Class: 533K(640K)->533K(640K)
[25.746s][info][gc             ] GC(188) Pause Young (Allocation Failure) 3718M->3719M(4070M) 105.643ms
[25.746s][info][gc,cpu         ] GC(188) User=0.69s Sys=0.05s Real=0.11s
[25.816s][info][gc,start       ] GC(189) Pause Young (Allocation Failure)
[25.902s][info][gc,heap        ] GC(189) PSYoungGen: 170784K(250880K)->118080K(252416K) Eden: 61952K(61952K)->0K(61952K) From: 108832K(188928K)->118080K(190464K)
[25.902s][info][gc,heap        ] GC(189) ParOldGen: 3700276K(3916800K)->3753460K(3916800K)
[25.902s][info][gc,metaspace   ] GC(189) Metaspace: 6296K(6464K)->6296K(6464K) NonClass: 5763K(5824K)->5763K(5824K) Class: 533K(640K)->533K(640K)
[25.902s][info][gc             ] GC(189) Pause Young (Allocation Failure) 3780M->3780M(4071M) 86.577ms
[25.902s][info][gc,cpu         ] GC(189) User=0.50s Sys=0.05s Real=0.09s
[25.967s][info][gc,start       ] GC(190) Pause Young (Allocation Failure)
[26.056s][info][gc,heap        ] GC(190) PSYoungGen: 180032K(252416K)->124224K(258048K) Eden: 61952K(61952K)->0K(67072K) From: 118080K(190464K)->124224K(190976K)
[26.056s][info][gc,heap        ] GC(190) ParOldGen: 3753460K(3916800K)->3809772K(3916800K)
[26.056s][info][gc,metaspace   ] GC(190) Metaspace: 6296K(6464K)->6296K(6464K) NonClass: 5763K(5824K)->5763K(5824K) Class: 533K(640K)->533K(640K)
[26.056s][info][gc             ] GC(190) Pause Young (Allocation Failure) 3841M->3841M(4077M) 89.834ms
[26.056s][info][gc,cpu         ] GC(190) User=0.59s Sys=0.03s Real=0.09s
[26.124s][info][gc,start       ] GC(191) Pause Young (Allocation Failure)
[26.219s][info][gc,heap        ] GC(191) PSYoungGen: 191296K(258048K)->129376K(260096K) Eden: 67072K(67072K)->0K(67072K) From: 124224K(190976K)->129376K(193024K)
[26.219s][info][gc,heap        ] GC(191) ParOldGen: 3809772K(3916800K)->3872284K(3916800K)
[26.219s][info][gc,metaspace   ] GC(191) Metaspace: 6296K(6464K)->6296K(6464K) NonClass: 5763K(5824K)->5763K(5824K) Class: 533K(640K)->533K(640K)
[26.219s][info][gc             ] GC(191) Pause Young (Allocation Failure) 3907M->3907M(4079M) 95.671ms
[26.220s][info][gc,cpu         ] GC(191) User=0.61s Sys=0.02s Real=0.10s
[26.220s][info][gc,start       ] GC(192) Pause Full (Ergonomics)
[26.220s][info][gc,phases,start] GC(192) Marking Phase
[27.144s][info][gc,phases      ] GC(192) Marking Phase 924.017ms
[27.144s][info][gc,phases,start] GC(192) Summary Phase
[27.144s][info][gc,phases      ] GC(192) Summary Phase 0.093ms
[27.144s][info][gc,phases,start] GC(192) Adjust Roots
[27.144s][info][gc,phases      ] GC(192) Adjust Roots 0.347ms
[27.144s][info][gc,phases,start] GC(192) Compaction Phase
[27.529s][info][gc,phases      ] GC(192) Compaction Phase 385.016ms
[27.529s][info][gc,phases,start] GC(192) Post Compact
[27.537s][info][gc,phases      ] GC(192) Post Compact 7.502ms
[27.538s][info][gc,heap        ] GC(192) PSYoungGen: 129376K(260096K)->81940K(260096K) Eden: 0K(67072K)->0K(67072K) From: 129376K(193024K)->81940K(193024K)
[27.538s][info][gc,heap        ] GC(192) ParOldGen: 3872284K(3916800K)->3916495K(4306944K)
[27.538s][info][gc,metaspace   ] GC(192) Metaspace: 6296K(6464K)->6296K(6464K) NonClass: 5763K(5824K)->5763K(5824K) Class: 533K(640K)->533K(640K)
[27.538s][info][gc             ] GC(192) Pause Full (Ergonomics) 3907M->3904M(4460M) 1318.852ms
[27.538s][info][gc,cpu         ] GC(192) User=9.61s Sys=0.09s Real=1.32s
[27.612s][info][gc,start       ] GC(193) Pause Young (Allocation Failure)
[27.864s][info][gc,heap        ] GC(193) PSYoungGen: 149012K(260096K)->113696K(260608K) Eden: 67072K(67072K)->0K(73728K) From: 81940K(193024K)->113696K(186880K)
[27.864s][info][gc,heap        ] GC(193) ParOldGen: 3916495K(4306944K)->3952551K(4306944K)
[27.864s][info][gc,metaspace   ] GC(193) Metaspace: 6296K(6464K)->6296K(6464K) NonClass: 5763K(5824K)->5763K(5824K) Class: 533K(640K)->533K(640K)
[27.864s][info][gc             ] GC(193) Pause Young (Allocation Failure) 3970M->3970M(4460M) 251.968ms
[27.864s][info][gc,cpu         ] GC(193) User=1.88s Sys=0.03s Real=0.25s
[27.950s][info][gc,start       ] GC(194) Pause Young (Allocation Failure)
[28.047s][info][gc,heap        ] GC(194) PSYoungGen: 187424K(260608K)->187520K(265728K) Eden: 73728K(73728K)->0K(73728K) From: 113696K(186880K)->187520K(192000K)
[28.047s][info][gc,heap        ] GC(194) ParOldGen: 3952551K(4306944K)->3952551K(4306944K)
[28.047s][info][gc,metaspace   ] GC(194) Metaspace: 6296K(6464K)->6296K(6464K) NonClass: 5763K(5824K)->5763K(5824K) Class: 533K(640K)->533K(640K)
[28.047s][info][gc             ] GC(194) Pause Young (Allocation Failure) 4042M->4043M(4465M) 97.225ms
[28.047s][info][gc,cpu         ] GC(194) User=0.64s Sys=0.00s Real=0.10s
[28.120s][info][gc,start       ] GC(195) Pause Young (Allocation Failure)
[28.265s][info][gc,heap        ] GC(195) PSYoungGen: 261248K(265728K)->215552K(250368K) Eden: 73728K(73728K)->0K(34816K) From: 187520K(192000K)->215552K(215552K)
[28.266s][info][gc,heap        ] GC(195) ParOldGen: 3952551K(4306944K)->3998607K(4306944K)
[28.266s][info][gc,metaspace   ] GC(195) Metaspace: 6296K(6464K)->6296K(6464K) NonClass: 5763K(5824K)->5763K(5824K) Class: 533K(640K)->533K(640K)
[28.266s][info][gc             ] GC(195) Pause Young (Allocation Failure) 4115M->4115M(4450M) 145.404ms
[28.266s][info][gc,cpu         ] GC(195) User=0.97s Sys=0.03s Real=0.15s
[28.303s][info][gc,start       ] GC(196) Pause Young (Allocation Failure)
[28.432s][info][gc,heap        ] GC(196) PSYoungGen: 250368K(250368K)->159200K(296448K) Eden: 34816K(34816K)->0K(34816K) From: 215552K(215552K)->159200K(261632K)
[28.432s][info][gc,heap        ] GC(196) ParOldGen: 3998607K(4306944K)->4090607K(4306944K)
[28.432s][info][gc,metaspace   ] GC(196) Metaspace: 6296K(6464K)->6296K(6464K) NonClass: 5763K(5824K)->5763K(5824K) Class: 533K(640K)->533K(640K)
[28.432s][info][gc             ] GC(196) Pause Young (Allocation Failure) 4149M->4150M(4495M) 128.785ms
[28.432s][info][gc,cpu         ] GC(196) User=0.86s Sys=0.03s Real=0.13s
[28.471s][info][gc,start       ] GC(197) Pause Young (Allocation Failure)
[28.569s][info][gc,heap        ] GC(197) PSYoungGen: 194016K(296448K)->129952K(275456K) Eden: 34816K(34816K)->0K(39424K) From: 159200K(261632K)->129952K(236032K)
[28.569s][info][gc,heap        ] GC(197) ParOldGen: 4090607K(4306944K)->4155207K(4306944K)
[28.569s][info][gc,metaspace   ] GC(197) Metaspace: 6296K(6464K)->6296K(6464K) NonClass: 5763K(5824K)->5763K(5824K) Class: 533K(640K)->533K(640K)
[28.569s][info][gc             ] GC(197) Pause Young (Allocation Failure) 4184M->4184M(4475M) 98.113ms
[28.569s][info][gc,cpu         ] GC(197) User=0.59s Sys=0.08s Real=0.10s
[28.618s][info][gc,start       ] GC(198) Pause Young (Allocation Failure)
[28.708s][info][gc,heap        ] GC(198) PSYoungGen: 169376K(275456K)->74496K(287744K) Eden: 39424K(39424K)->0K(39424K) From: 129952K(236032K)->74496K(248320K)
[28.708s][info][gc,heap        ] GC(198) ParOldGen: 4155207K(4306944K)->4250847K(4306944K)
[28.708s][info][gc,metaspace   ] GC(198) Metaspace: 6296K(6464K)->6296K(6464K) NonClass: 5763K(5824K)->5763K(5824K) Class: 533K(640K)->533K(640K)
[28.708s][info][gc             ] GC(198) Pause Young (Allocation Failure) 4223M->4223M(4487M) 90.104ms
[28.708s][info][gc,cpu         ] GC(198) User=0.61s Sys=0.02s Real=0.09s
[28.708s][info][gc,start       ] GC(199) Pause Full (Ergonomics)
[28.708s][info][gc,phases,start] GC(199) Marking Phase
[29.674s][info][gc,phases      ] GC(199) Marking Phase 965.928ms
[29.674s][info][gc,phases,start] GC(199) Summary Phase
[29.675s][info][gc,phases      ] GC(199) Summary Phase 0.101ms
[29.675s][info][gc,phases,start] GC(199) Adjust Roots
[29.675s][info][gc,phases      ] GC(199) Adjust Roots 0.319ms
[29.675s][info][gc,phases,start] GC(199) Compaction Phase
[30.075s][info][gc,phases      ] GC(199) Compaction Phase 400.092ms
[30.075s][info][gc,phases,start] GC(199) Post Compact
[30.081s][info][gc,phases      ] GC(199) Post Compact 6.382ms
[30.083s][info][gc,heap        ] GC(199) PSYoungGen: 74496K(287744K)->14908K(287744K) Eden: 0K(39424K)->0K(39424K) From: 74496K(248320K)->14908K(248320K)
[30.083s][info][gc,heap        ] GC(199) ParOldGen: 4250847K(4306944K)->4306921K(4746240K)
[30.083s][info][gc,metaspace   ] GC(199) Metaspace: 6296K(6464K)->6296K(6464K) NonClass: 5763K(5824K)->5763K(5824K) Class: 533K(640K)->533K(640K)
[30.083s][info][gc             ] GC(199) Pause Full (Ergonomics) 4223M->4220M(4916M) 1374.668ms
[30.083s][info][gc,cpu         ] GC(199) User=10.20s Sys=0.06s Real=1.38s
[30.131s][info][gc,start       ] GC(200) Pause Young (Allocation Failure)
[30.345s][info][gc,heap        ] GC(200) PSYoungGen: 54332K(287744K)->39584K(287744K) Eden: 39424K(39424K)->0K(42496K) From: 14908K(248320K)->39584K(245248K)
[30.345s][info][gc,heap        ] GC(200) ParOldGen: 4306921K(4746240K)->4322001K(4746240K)
[30.345s][info][gc,metaspace   ] GC(200) Metaspace: 6296K(6464K)->6296K(6464K) NonClass: 5763K(5824K)->5763K(5824K) Class: 533K(640K)->533K(640K)
[30.345s][info][gc             ] GC(200) Pause Young (Allocation Failure) 4259M->4259M(4916M) 214.073ms
[30.345s][info][gc,cpu         ] GC(200) User=1.36s Sys=0.05s Real=0.21s
[30.389s][info][gc,start       ] GC(201) Pause Young (Allocation Failure)
[30.450s][info][gc,heap        ] GC(201) PSYoungGen: 82080K(287744K)->42688K(289792K) Eden: 42496K(42496K)->0K(42496K) From: 39584K(245248K)->42688K(247296K)
[30.450s][info][gc,heap        ] GC(201) ParOldGen: 4322001K(4746240K)->4361769K(4746240K)
[30.450s][info][gc,metaspace   ] GC(201) Metaspace: 6296K(6464K)->6296K(6464K) NonClass: 5763K(5824K)->5763K(5824K) Class: 533K(640K)->533K(640K)
[30.450s][info][gc             ] GC(201) Pause Young (Allocation Failure) 4300M->4301M(4918M) 60.726ms
[30.450s][info][gc,cpu         ] GC(201) User=0.22s Sys=0.02s Real=0.06s
[30.495s][info][gc,start       ] GC(202) Pause Young (Allocation Failure)
[30.554s][info][gc,heap        ] GC(202) PSYoungGen: 85184K(289792K)->42720K(288768K) Eden: 42496K(42496K)->0K(47616K) From: 42688K(247296K)->42720K(241152K)
[30.554s][info][gc,heap        ] GC(202) ParOldGen: 4361769K(4746240K)->4404657K(4746240K)
[30.554s][info][gc,metaspace   ] GC(202) Metaspace: 6296K(6464K)->6296K(6464K) NonClass: 5763K(5824K)->5763K(5824K) Class: 533K(640K)->533K(640K)
[30.554s][info][gc             ] GC(202) Pause Young (Allocation Failure) 4342M->4343M(4917M) 59.744ms
[30.554s][info][gc,cpu         ] GC(202) User=0.30s Sys=0.00s Real=0.06s
[30.604s][info][gc,start       ] GC(203) Pause Young (Allocation Failure)
[30.665s][info][gc,heap        ] GC(203) PSYoungGen: 90336K(288768K)->47840K(290816K) Eden: 47616K(47616K)->0K(47616K) From: 42720K(241152K)->47840K(243200K)
[30.665s][info][gc,heap        ] GC(203) ParOldGen: 4404657K(4746240K)->4447545K(4746240K)
[30.665s][info][gc,metaspace   ] GC(203) Metaspace: 6296K(6464K)->6296K(6464K) NonClass: 5763K(5824K)->5763K(5824K) Class: 533K(640K)->533K(640K)
[30.665s][info][gc             ] GC(203) Pause Young (Allocation Failure) 4389M->4390M(4919M) 60.337ms
[30.665s][info][gc,cpu         ] GC(203) User=0.30s Sys=0.02s Real=0.06s
[30.721s][info][gc,start       ] GC(204) Pause Young (Allocation Failure)
[30.784s][info][gc,heap        ] GC(204) PSYoungGen: 95456K(290816K)->47840K(278528K) Eden: 47616K(47616K)->0K(53248K) From: 47840K(243200K)->47840K(225280K)
[30.784s][info][gc,heap        ] GC(204) ParOldGen: 4447545K(4746240K)->4495585K(4746240K)
[30.784s][info][gc,metaspace   ] GC(204) Metaspace: 6296K(6464K)->6296K(6464K) NonClass: 5763K(5824K)->5763K(5824K) Class: 533K(640K)->533K(640K)
[30.784s][info][gc             ] GC(204) Pause Young (Allocation Failure) 4436M->4436M(4907M) 63.183ms
[30.784s][info][gc,cpu         ] GC(204) User=0.27s Sys=0.02s Real=0.06s
[30.853s][info][gc,start       ] GC(205) Pause Young (Allocation Failure)
[30.925s][info][gc,heap        ] GC(205) PSYoungGen: 101088K(278528K)->53472K(107008K) Eden: 53248K(53248K)->0K(53248K) From: 47840K(225280K)->53472K(53760K)
[30.925s][info][gc,heap        ] GC(205) ParOldGen: 4495585K(4746240K)->4543625K(4746240K)
[30.925s][info][gc,metaspace   ] GC(205) Metaspace: 6296K(6464K)->6296K(6464K) NonClass: 5763K(5824K)->5763K(5824K) Class: 533K(640K)->533K(640K)
[30.925s][info][gc             ] GC(205) Pause Young (Allocation Failure) 4488M->4489M(4739M) 72.612ms
[30.925s][info][gc,cpu         ] GC(205) User=0.30s Sys=0.00s Real=0.07s
[30.981s][info][gc,start       ] GC(206) Pause Young (Allocation Failure)
[31.053s][info][gc,heap        ] GC(206) PSYoungGen: 106720K(107008K)->53440K(266752K) Eden: 53248K(53248K)->0K(59392K) From: 53472K(53760K)->53440K(207360K)
[31.053s][info][gc,heap        ] GC(206) ParOldGen: 4543625K(4746240K)->4597361K(4746240K)
[31.053s][info][gc,metaspace   ] GC(206) Metaspace: 6296K(6464K)->6296K(6464K) NonClass: 5763K(5824K)->5763K(5824K) Class: 533K(640K)->533K(640K)
[31.053s][info][gc             ] GC(206) Pause Young (Allocation Failure) 4541M->4541M(4895M) 71.801ms
[31.053s][info][gc,cpu         ] GC(206) User=0.38s Sys=0.03s Real=0.07s
[31.114s][info][gc,start       ] GC(207) Pause Young (Allocation Failure)
[31.187s][info][gc,heap        ] GC(207) PSYoungGen: 112832K(266752K)->59616K(119296K) Eden: 59392K(59392K)->0K(59392K) From: 53440K(207360K)->59616K(59904K)
[31.187s][info][gc,heap        ] GC(207) ParOldGen: 4597361K(4746240K)->4651089K(4746240K)
[31.187s][info][gc,metaspace   ] GC(207) Metaspace: 6296K(6464K)->6296K(6464K) NonClass: 5763K(5824K)->5763K(5824K) Class: 533K(640K)->533K(640K)
[31.187s][info][gc             ] GC(207) Pause Young (Allocation Failure) 4599M->4600M(4751M) 73.297ms
[31.187s][info][gc,cpu         ] GC(207) User=0.39s Sys=0.00s Real=0.07s
[31.255s][info][gc,start       ] GC(208) Pause Young (Allocation Failure)
[31.331s][info][gc,heap        ] GC(208) PSYoungGen: 119008K(119296K)->59552K(254464K) Eden: 59392K(59392K)->0K(66048K) From: 59616K(59904K)->59552K(188416K)
[31.331s][info][gc,heap        ] GC(208) ParOldGen: 4651089K(4746240K)->4711001K(4746240K)
[31.331s][info][gc,metaspace   ] GC(208) Metaspace: 6296K(6464K)->6296K(6464K) NonClass: 5763K(5824K)->5763K(5824K) Class: 533K(640K)->533K(640K)
[31.331s][info][gc             ] GC(208) Pause Young (Allocation Failure) 4658M->4658M(4883M) 76.277ms
[31.331s][info][gc,cpu         ] GC(208) User=0.44s Sys=0.02s Real=0.08s
[31.331s][info][gc,start       ] GC(209) Pause Full (Ergonomics)
[31.332s][info][gc,phases,start] GC(209) Marking Phase
[32.427s][info][gc,phases      ] GC(209) Marking Phase 1095.146ms
[32.427s][info][gc,phases,start] GC(209) Summary Phase
[32.427s][info][gc,phases      ] GC(209) Summary Phase 0.074ms
[32.427s][info][gc,phases,start] GC(209) Adjust Roots
[32.427s][info][gc,phases      ] GC(209) Adjust Roots 0.157ms
[32.427s][info][gc,phases,start] GC(209) Compaction Phase
[32.846s][info][gc,phases      ] GC(209) Compaction Phase 419.317ms
[32.846s][info][gc,phases,start] GC(209) Post Compact
[32.853s][info][gc,phases      ] GC(209) Post Compact 6.976ms
[32.855s][info][gc,heap        ] GC(209) PSYoungGen: 59552K(254464K)->20514K(261632K) Eden: 0K(66048K)->0K(73216K) From: 59552K(188416K)->20514K(188416K)
[32.855s][info][gc,heap        ] GC(209) ParOldGen: 4711001K(4746240K)->4745943K(5190656K)
[32.855s][info][gc,metaspace   ] GC(209) Metaspace: 6296K(6464K)->6296K(6464K) NonClass: 5763K(5824K)->5763K(5824K) Class: 533K(640K)->533K(640K)
[32.855s][info][gc             ] GC(209) Pause Full (Ergonomics) 4658M->4654M(5324M) 1523.407ms
[32.855s][info][gc,cpu         ] GC(209) User=11.52s Sys=0.03s Real=1.52s
[32.938s][info][gc,start       ] GC(210) Pause Young (Allocation Failure)
[33.199s][info][gc,heap        ] GC(210) PSYoungGen: 93730K(261632K)->73504K(146944K) Eden: 73216K(73216K)->0K(73216K) From: 20514K(188416K)->73504K(73728K)
[33.199s][info][gc,heap        ] GC(210) ParOldGen: 4745943K(5190656K)->4766703K(5190656K)
[33.200s][info][gc,metaspace   ] GC(210) Metaspace: 6296K(6464K)->6296K(6464K) NonClass: 5763K(5824K)->5763K(5824K) Class: 533K(640K)->533K(640K)
[33.200s][info][gc             ] GC(210) Pause Young (Allocation Failure) 4726M->4726M(5212M) 261.157ms
[33.200s][info][gc,cpu         ] GC(210) User=1.78s Sys=0.00s Real=0.26s
[33.275s][info][gc,start       ] GC(211) Pause Young (Allocation Failure)
[33.357s][info][gc,heap        ] GC(211) PSYoungGen: 146720K(146944K)->146784K(252416K) Eden: 73216K(73216K)->0K(65536K) From: 73504K(73728K)->146784K(186880K)
[33.358s][info][gc,heap        ] GC(211) ParOldGen: 4766703K(5190656K)->4766703K(5190656K)
[33.358s][info][gc,metaspace   ] GC(211) Metaspace: 6296K(6464K)->6296K(6464K) NonClass: 5763K(5824K)->5763K(5824K) Class: 533K(640K)->533K(640K)
[33.358s][info][gc             ] GC(211) Pause Young (Allocation Failure) 4798M->4798M(5315M) 82.381ms
[33.358s][info][gc,cpu         ] GC(211) User=0.52s Sys=0.00s Real=0.08s
[33.429s][info][gc,start       ] GC(212) Pause Young (Allocation Failure)
[33.541s][info][gc,heap        ] GC(212) PSYoungGen: 212320K(252416K)->201216K(266752K) Eden: 65536K(65536K)->0K(65536K) From: 146784K(186880K)->201216K(201216K)
[33.542s][info][gc,heap        ] GC(212) ParOldGen: 4766703K(5190656K)->4777935K(5190656K)
[33.542s][info][gc,metaspace   ] GC(212) Metaspace: 6296K(6464K)->6296K(6464K) NonClass: 5763K(5824K)->5763K(5824K) Class: 533K(640K)->533K(640K)
[33.542s][info][gc             ] GC(212) Pause Young (Allocation Failure) 4862M->4862M(5329M) 112.051ms
[33.542s][info][gc,cpu         ] GC(212) User=0.77s Sys=0.00s Real=0.11s
[33.619s][info][gc,start       ] GC(213) Pause Young (Allocation Failure)
[33.768s][info][gc,heap        ] GC(213) PSYoungGen: 266752K(266752K)->125344K(302080K) Eden: 65536K(65536K)->0K(72704K) From: 201216K(201216K)->125344K(229376K)
[33.768s][info][gc,heap        ] GC(213) ParOldGen: 4777935K(5190656K)->4920591K(5190656K)
[33.768s][info][gc,metaspace   ] GC(213) Metaspace: 6296K(6464K)->6296K(6464K) NonClass: 5763K(5824K)->5763K(5824K) Class: 533K(640K)->533K(640K)
[33.768s][info][gc             ] GC(213) Pause Young (Allocation Failure) 4926M->4927M(5364M) 149.272ms
[33.768s][info][gc,cpu         ] GC(213) User=0.97s Sys=0.06s Real=0.15s
[33.850s][info][gc,start       ] GC(214) Pause Young (Allocation Failure)
[33.969s][info][gc,heap        ] GC(214) PSYoungGen: 198048K(302080K)->138560K(305664K) Eden: 72704K(72704K)->0K(72704K) From: 125344K(229376K)->138560K(232960K)
[33.969s][info][gc,heap        ] GC(214) ParOldGen: 4920591K(5190656K)->4980599K(5190656K)
[33.969s][info][gc,metaspace   ] GC(214) Metaspace: 6296K(6464K)->6296K(6464K) NonClass: 5763K(5824K)->5763K(5824K) Class: 533K(640K)->533K(640K)
[33.969s][info][gc             ] GC(214) Pause Young (Allocation Failure) 4998M->4999M(5367M) 119.297ms
[33.969s][info][gc,cpu         ] GC(214) User=0.75s Sys=0.00s Real=0.12s
[34.050s][info][gc,start       ] GC(215) Pause Young (Allocation Failure)
[34.167s][info][gc,heap        ] GC(215) PSYoungGen: 211264K(305664K)->145792K(312832K) Eden: 72704K(72704K)->0K(78848K) From: 138560K(232960K)->145792K(233984K)
[34.167s][info][gc,heap        ] GC(215) ParOldGen: 4980599K(5190656K)->5046735K(5190656K)
[34.167s][info][gc,metaspace   ] GC(215) Metaspace: 6296K(6464K)->6296K(6464K) NonClass: 5763K(5824K)->5763K(5824K) Class: 533K(640K)->533K(640K)
[34.167s][info][gc             ] GC(215) Pause Young (Allocation Failure) 5070M->5070M(5374M) 117.039ms
[34.167s][info][gc,cpu         ] GC(215) User=0.81s Sys=0.06s Real=0.12s
[34.256s][info][gc,start       ] GC(216) Pause Young (Allocation Failure)
[34.387s][info][gc,heap        ] GC(216) PSYoungGen: 224640K(312832K)->151936K(314880K) Eden: 78848K(78848K)->0K(78848K) From: 145792K(233984K)->151936K(236032K)
[34.387s][info][gc,heap        ] GC(216) ParOldGen: 5046735K(5190656K)->5120095K(5190656K)
[34.387s][info][gc,metaspace   ] GC(216) Metaspace: 6296K(6464K)->6296K(6464K) NonClass: 5763K(5824K)->5763K(5824K) Class: 533K(640K)->533K(640K)
[34.387s][info][gc             ] GC(216) Pause Young (Allocation Failure) 5147M->5148M(5376M) 130.329ms
[34.387s][info][gc,cpu         ] GC(216) User=0.83s Sys=0.06s Real=0.13s
[34.387s][info][gc,start       ] GC(217) Pause Full (Ergonomics)
[34.387s][info][gc,phases,start] GC(217) Marking Phase
[35.602s][info][gc,phases      ] GC(217) Marking Phase 1214.857ms
[35.602s][info][gc,phases,start] GC(217) Summary Phase
[35.602s][info][gc,phases      ] GC(217) Summary Phase 0.068ms
[35.602s][info][gc,phases,start] GC(217) Adjust Roots
[35.602s][info][gc,phases      ] GC(217) Adjust Roots 0.174ms
[35.602s][info][gc,phases,start] GC(217) Compaction Phase
[36.067s][info][gc,phases      ] GC(217) Compaction Phase 465.036ms
[36.067s][info][gc,phases,start] GC(217) Post Compact
[36.078s][info][gc,phases      ] GC(217) Post Compact 10.786ms
[36.080s][info][gc,heap        ] GC(217) PSYoungGen: 151936K(314880K)->77376K(314880K) Eden: 0K(78848K)->0K(78848K) From: 151936K(236032K)->77376K(236032K)
[36.080s][info][gc,heap        ] GC(217) ParOldGen: 5120095K(5190656K)->5190615K(5703168K)
[36.080s][info][gc,metaspace   ] GC(217) Metaspace: 6296K(6464K)->6296K(6464K) NonClass: 5763K(5824K)->5763K(5824K) Class: 533K(640K)->533K(640K)
[36.080s][info][gc             ] GC(217) Pause Full (Ergonomics) 5148M->5144M(5877M) 1692.894ms
[36.080s][info][gc,cpu         ] GC(217) User=12.61s Sys=0.08s Real=1.69s
[36.168s][info][gc,start       ] GC(218) Pause Young (Allocation Failure)
[36.499s][info][gc,heap        ] GC(218) PSYoungGen: 156224K(314880K)->119648K(304128K) Eden: 78848K(78848K)->0K(86528K) From: 77376K(236032K)->119648K(217600K)
[36.499s][info][gc,heap        ] GC(218) ParOldGen: 5190615K(5703168K)->5227959K(5703168K)
[36.499s][info][gc,metaspace   ] GC(218) Metaspace: 6296K(6464K)->6296K(6464K) NonClass: 5763K(5824K)->5763K(5824K) Class: 533K(640K)->533K(640K)
[36.499s][info][gc             ] GC(218) Pause Young (Allocation Failure) 5221M->5222M(5866M) 331.069ms
[36.499s][info][gc,cpu         ] GC(218) User=2.17s Sys=0.00s Real=0.33s
[36.593s][info][gc,start       ] GC(219) Pause Young (Allocation Failure)
[36.713s][info][gc,heap        ] GC(219) PSYoungGen: 206176K(304128K)->206304K(315904K) Eden: 86528K(86528K)->0K(86528K) From: 119648K(217600K)->206304K(229376K)
[36.713s][info][gc,heap        ] GC(219) ParOldGen: 5227959K(5703168K)->5227959K(5703168K)
[36.713s][info][gc,metaspace   ] GC(219) Metaspace: 6296K(6464K)->6296K(6464K) NonClass: 5763K(5824K)->5763K(5824K) Class: 533K(640K)->533K(640K)
[36.713s][info][gc             ] GC(219) Pause Young (Allocation Failure) 5306M->5306M(5878M) 119.959ms
[36.713s][info][gc,cpu         ] GC(219) User=0.78s Sys=0.00s Real=0.12s
[36.813s][info][gc,start       ] GC(220) Pause Young (Allocation Failure)
[36.991s][info][gc,heap        ] GC(220) PSYoungGen: 292832K(315904K)->251904K(296960K) Eden: 86528K(86528K)->0K(45056K) From: 206304K(229376K)->251904K(251904K)
[36.991s][info][gc,heap        ] GC(220) ParOldGen: 5227959K(5703168K)->5269207K(5703168K)
[36.991s][info][gc,metaspace   ] GC(220) Metaspace: 6296K(6464K)->6296K(6464K) NonClass: 5763K(5824K)->5763K(5824K) Class: 533K(640K)->533K(640K)
[36.991s][info][gc             ] GC(220) Pause Young (Allocation Failure) 5391M->5391M(5859M) 178.395ms
[36.992s][info][gc,cpu         ] GC(220) User=1.12s Sys=0.12s Real=0.18s
[37.042s][info][gc,start       ] GC(221) Pause Young (Allocation Failure)
[37.206s][info][gc,heap        ] GC(221) PSYoungGen: 296960K(296960K)->195584K(347136K) Eden: 45056K(45056K)->0K(45056K) From: 251904K(251904K)->195584K(302080K)
[37.206s][info][gc,heap        ] GC(221) ParOldGen: 5269207K(5703168K)->5371495K(5703168K)
[37.206s][info][gc,metaspace   ] GC(221) Metaspace: 6296K(6464K)->6296K(6464K) NonClass: 5763K(5824K)->5763K(5824K) Class: 533K(640K)->533K(640K)
[37.206s][info][gc             ] GC(221) Pause Young (Allocation Failure) 5435M->5436M(5908M) 164.038ms
[37.206s][info][gc,cpu         ] GC(221) User=1.06s Sys=0.08s Real=0.16s
[37.256s][info][gc,start       ] GC(222) Pause Young (Allocation Failure)
[37.390s][info][gc,heap        ] GC(222) PSYoungGen: 240640K(347136K)->171328K(345088K) Eden: 45056K(45056K)->0K(51200K) From: 195584K(302080K)->171328K(293888K)
[37.390s][info][gc,heap        ] GC(222) ParOldGen: 5371495K(5703168K)->5441383K(5703168K)
[37.390s][info][gc,metaspace   ] GC(222) Metaspace: 6296K(6464K)->6296K(6464K) NonClass: 5763K(5824K)->5763K(5824K) Class: 533K(640K)->533K(640K)
[37.390s][info][gc             ] GC(222) Pause Young (Allocation Failure) 5480M->5481M(5906M) 134.577ms
[37.390s][info][gc,cpu         ] GC(222) User=0.89s Sys=0.02s Real=0.13s
[37.450s][info][gc,start       ] GC(223) Pause Young (Allocation Failure)
[37.580s][info][gc,heap        ] GC(223) PSYoungGen: 222528K(345088K)->96544K(351232K) Eden: 51200K(51200K)->0K(51200K) From: 171328K(293888K)->96544K(300032K)
[37.580s][info][gc,heap        ] GC(223) ParOldGen: 5441383K(5703168K)->5568423K(5703168K)
[37.580s][info][gc,metaspace   ] GC(223) Metaspace: 6296K(6464K)->6296K(6464K) NonClass: 5763K(5824K)->5763K(5824K) Class: 533K(640K)->533K(640K)
[37.580s][info][gc             ] GC(223) Pause Young (Allocation Failure) 5531M->5532M(5912M) 130.181ms
[37.580s][info][gc,cpu         ] GC(223) User=0.86s Sys=0.02s Real=0.13s
[37.580s][info][gc,start       ] GC(224) Pause Full (Ergonomics)
[37.580s][info][gc,phases,start] GC(224) Marking Phase
[38.867s][info][gc,phases      ] GC(224) Marking Phase 1287.122ms
[38.867s][info][gc,phases,start] GC(224) Summary Phase
[38.868s][info][gc,phases      ] GC(224) Summary Phase 0.092ms
[38.868s][info][gc,phases,start] GC(224) Adjust Roots
[38.868s][info][gc,phases      ] GC(224) Adjust Roots 0.183ms
[38.868s][info][gc,phases,start] GC(224) Compaction Phase
[39.379s][info][gc,phases      ] GC(224) Compaction Phase 510.759ms
[39.379s][info][gc,phases,start] GC(224) Post Compact
[39.387s][info][gc,phases      ] GC(224) Post Compact 8.824ms
[39.389s][info][gc,heap        ] GC(224) PSYoungGen: 96544K(351232K)->0K(351744K) Eden: 0K(51200K)->0K(57856K) From: 96544K(300032K)->0K(293888K)
[39.389s][info][gc,heap        ] GC(224) ParOldGen: 5568423K(5703168K)->5661016K(6238208K)
[39.389s][info][gc,metaspace   ] GC(224) Metaspace: 6296K(6464K)->6296K(6464K) NonClass: 5763K(5824K)->5763K(5824K) Class: 533K(640K)->533K(640K)
[39.389s][info][gc             ] GC(224) Pause Full (Ergonomics) 5532M->5528M(6435M) 1809.049ms
[39.389s][info][gc,cpu         ] GC(224) User=13.38s Sys=0.05s Real=1.81s
[39.464s][info][gc,start       ] GC(225) Pause Young (Allocation Failure)
[39.524s][info][gc,heap        ] GC(225) PSYoungGen: 57856K(351744K)->58080K(351744K) Eden: 57856K(57856K)->0K(57856K) From: 0K(293888K)->58080K(293888K)
[39.524s][info][gc,heap        ] GC(225) ParOldGen: 5661016K(6238208K)->5661016K(6238208K)
[39.524s][info][gc,metaspace   ] GC(225) Metaspace: 6296K(6464K)->6296K(6464K) NonClass: 5763K(5824K)->5763K(5824K) Class: 533K(640K)->533K(640K)
[39.524s][info][gc             ] GC(225) Pause Young (Allocation Failure) 5584M->5585M(6435M) 59.782ms
[39.524s][info][gc,cpu         ] GC(225) User=0.27s Sys=0.00s Real=0.06s
[40.663s][info][gc,start       ] GC(226) Pause Young (Allocation Failure)
[40.871s][info][gc,heap        ] GC(226) PSYoungGen: 115936K(351744K)->116000K(330240K) Eden: 57856K(57856K)->0K(62976K) From: 58080K(293888K)->116000K(267264K)
[40.871s][info][gc,heap        ] GC(226) ParOldGen: 5923160K(6238208K)->5923160K(6238208K)
[40.871s][info][gc,metaspace   ] GC(226) Metaspace: 6296K(6464K)->6296K(6464K) NonClass: 5763K(5824K)->5763K(5824K) Class: 533K(640K)->533K(640K)
[40.871s][info][gc             ] GC(226) Pause Young (Allocation Failure) 5897M->5897M(6414M) 208.047ms
[40.871s][info][gc,cpu         ] GC(226) User=1.09s Sys=0.00s Real=0.21s
[40.934s][info][gc,start       ] GC(227) Pause Young (Allocation Failure)
[41.044s][info][gc,heap        ] GC(227) PSYoungGen: 178976K(330240K)->179104K(343552K) Eden: 62976K(62976K)->0K(62976K) From: 116000K(267264K)->179104K(280576K)
[41.044s][info][gc,heap        ] GC(227) ParOldGen: 5923160K(6238208K)->5923160K(6238208K)
[41.044s][info][gc,metaspace   ] GC(227) Metaspace: 6296K(6464K)->6296K(6464K) NonClass: 5763K(5824K)->5763K(5824K) Class: 533K(640K)->533K(640K)
[41.044s][info][gc             ] GC(227) Pause Young (Allocation Failure) 5959M->5959M(6427M) 109.413ms
[41.044s][info][gc,cpu         ] GC(227) User=0.39s Sys=0.00s Real=0.11s
[41.117s][info][gc,start       ] GC(228) Pause Young (Allocation Failure)
[41.243s][info][gc,heap        ] GC(228) PSYoungGen: 242080K(343552K)->242176K(327168K) Eden: 62976K(62976K)->0K(44544K) From: 179104K(280576K)->242176K(282624K)
[41.243s][info][gc,heap        ] GC(228) ParOldGen: 5923160K(6238208K)->5923160K(6238208K)
[41.243s][info][gc,metaspace   ] GC(228) Metaspace: 6296K(6464K)->6296K(6464K) NonClass: 5763K(5824K)->5763K(5824K) Class: 533K(640K)->533K(640K)
[41.243s][info][gc             ] GC(228) Pause Young (Allocation Failure) 6020M->6020M(6411M) 126.856ms
[41.243s][info][gc,cpu         ] GC(228) User=0.47s Sys=0.00s Real=0.13s
[41.294s][info][gc,start       ] GC(229) Pause Young (Allocation Failure)
[41.439s][info][gc,heap        ] GC(229) PSYoungGen: 286720K(327168K)->228832K(351744K) Eden: 44544K(44544K)->0K(44544K) From: 242176K(282624K)->228832K(307200K)
[41.439s][info][gc,heap        ] GC(229) ParOldGen: 5923160K(6238208K)->5981536K(6238208K)
[41.439s][info][gc,metaspace   ] GC(229) Metaspace: 6296K(6464K)->6296K(6464K) NonClass: 5763K(5824K)->5763K(5824K) Class: 533K(640K)->533K(640K)
[41.439s][info][gc             ] GC(229) Pause Young (Allocation Failure) 6064M->6064M(6435M) 144.352ms
[41.439s][info][gc,cpu         ] GC(229) User=0.69s Sys=0.02s Real=0.14s
[41.480s][info][gc,start       ] GC(230) Pause Young (Allocation Failure)
[41.619s][info][gc,heap        ] GC(230) PSYoungGen: 273376K(351744K)->215520K(365568K) Eden: 44544K(44544K)->0K(44544K) From: 228832K(307200K)->215520K(321024K)
[41.619s][info][gc,heap        ] GC(230) ParOldGen: 5981536K(6238208K)->6039928K(6238208K)
[41.619s][info][gc,metaspace   ] GC(230) Metaspace: 6296K(6464K)->6296K(6464K) NonClass: 5763K(5824K)->5763K(5824K) Class: 533K(640K)->533K(640K)
[41.619s][info][gc             ] GC(230) Pause Young (Allocation Failure) 6108M->6108M(6449M) 139.364ms
[41.619s][info][gc,cpu         ] GC(230) User=0.48s Sys=0.05s Real=0.14s
[41.663s][info][gc,start       ] GC(231) Pause Young (Allocation Failure)
[41.802s][info][gc,heap        ] GC(231) PSYoungGen: 260064K(365568K)->133984K(178688K) Eden: 44544K(44544K)->0K(44544K) From: 215520K(321024K)->133984K(134144K)
[41.802s][info][gc,heap        ] GC(231) ParOldGen: 6039928K(6238208K)->6166992K(6238208K)
[41.802s][info][gc,metaspace   ] GC(231) Metaspace: 6296K(6464K)->6296K(6464K) NonClass: 5763K(5824K)->5763K(5824K) Class: 533K(640K)->533K(640K)
[41.802s][info][gc             ] GC(231) Pause Young (Allocation Failure) 6152M->6153M(6266M) 139.057ms
[41.802s][info][gc,cpu         ] GC(231) User=0.70s Sys=0.11s Real=0.14s
[41.802s][info][gc,start       ] GC(232) Pause Full (Ergonomics)
[41.802s][info][gc,phases,start] GC(232) Marking Phase
[43.177s][info][gc,phases      ] GC(232) Marking Phase 1374.318ms
[43.177s][info][gc,phases,start] GC(232) Summary Phase
[43.177s][info][gc,phases      ] GC(232) Summary Phase 0.124ms
[43.177s][info][gc,phases,start] GC(232) Adjust Roots
[43.177s][info][gc,phases      ] GC(232) Adjust Roots 0.161ms
[43.177s][info][gc,phases,start] GC(232) Compaction Phase
[44.121s][info][gc,phases      ] GC(232) Compaction Phase 943.696ms
[44.121s][info][gc,phases,start] GC(232) Post Compact
[44.131s][info][gc,phases      ] GC(232) Post Compact 10.032ms
[44.133s][info][gc,heap        ] GC(232) PSYoungGen: 133984K(178688K)->0K(365568K) Eden: 0K(44544K)->0K(50688K) From: 133984K(134144K)->0K(314880K)
[44.133s][info][gc,heap        ] GC(232) ParOldGen: 6166992K(6238208K)->6167160K(6791168K)
[44.133s][info][gc,metaspace   ] GC(232) Metaspace: 6296K(6464K)->6296K(6464K) NonClass: 5763K(5824K)->5763K(5824K) Class: 533K(640K)->533K(640K)
[44.133s][info][gc             ] GC(232) Pause Full (Ergonomics) 6153M->6022M(6989M) 2330.914ms
[44.133s][info][gc,cpu         ] GC(232) User=16.47s Sys=0.08s Real=2.33s
[44.188s][info][gc,start       ] GC(233) Pause Young (Allocation Failure)
[44.260s][info][gc,heap        ] GC(233) PSYoungGen: 50688K(365568K)->50912K(365568K) Eden: 50688K(50688K)->0K(50688K) From: 0K(314880K)->50912K(314880K)
[44.260s][info][gc,heap        ] GC(233) ParOldGen: 6167160K(6791168K)->6167160K(6791168K)
[44.260s][info][gc,metaspace   ] GC(233) Metaspace: 6296K(6464K)->6296K(6464K) NonClass: 5763K(5824K)->5763K(5824K) Class: 533K(640K)->533K(640K)
[44.260s][info][gc             ] GC(233) Pause Young (Allocation Failure) 6072M->6072M(6989M) 72.076ms
[44.260s][info][gc,cpu         ] GC(233) User=0.20s Sys=0.00s Real=0.07s
[44.318s][info][gc,start       ] GC(234) Pause Young (Allocation Failure)
[44.409s][info][gc,heap        ] GC(234) PSYoungGen: 101600K(365568K)->101664K(356352K) Eden: 50688K(50688K)->0K(56320K) From: 50912K(314880K)->101664K(300032K)
[44.409s][info][gc,heap        ] GC(234) ParOldGen: 6167160K(6791168K)->6167160K(6791168K)
[44.409s][info][gc,metaspace   ] GC(234) Metaspace: 6296K(6464K)->6296K(6464K) NonClass: 5763K(5824K)->5763K(5824K) Class: 533K(640K)->533K(640K)
[44.410s][info][gc             ] GC(234) Pause Young (Allocation Failure) 6121M->6121M(6980M) 91.789ms
[44.410s][info][gc,cpu         ] GC(234) User=0.27s Sys=0.00s Real=0.09s
[44.471s][info][gc,start       ] GC(235) Pause Young (Allocation Failure)
[44.577s][info][gc,heap        ] GC(235) PSYoungGen: 157984K(356352K)->107264K(163840K) Eden: 56320K(56320K)->0K(56320K) From: 101664K(300032K)->107264K(107520K)
[44.577s][info][gc,heap        ] GC(235) ParOldGen: 6167160K(6791168K)->6218304K(6791168K)
[44.577s][info][gc,metaspace   ] GC(235) Metaspace: 6296K(6464K)->6296K(6464K) NonClass: 5763K(5824K)->5763K(5824K) Class: 533K(640K)->533K(640K)
[44.577s][info][gc             ] GC(235) Pause Young (Allocation Failure) 6176M->6177M(6792M) 106.384ms
[44.577s][info][gc,cpu         ] GC(235) User=0.31s Sys=0.03s Real=0.11s
[44.636s][info][gc,start       ] GC(236) Pause Young (Allocation Failure)
[44.749s][info][gc,heap        ] GC(236) PSYoungGen: 163584K(163840K)->112960K(338944K) Eden: 56320K(56320K)->0K(62976K) From: 107264K(107520K)->112960K(275968K)
[44.749s][info][gc,heap        ] GC(236) ParOldGen: 6218304K(6791168K)->6269456K(6791168K)
[44.749s][info][gc,metaspace   ] GC(236) Metaspace: 6296K(6464K)->6296K(6464K) NonClass: 5763K(5824K)->5763K(5824K) Class: 533K(640K)->533K(640K)
[44.749s][info][gc             ] GC(236) Pause Young (Allocation Failure) 6232M->6232M(6963M) 113.082ms
[44.749s][info][gc,cpu         ] GC(236) User=0.31s Sys=0.03s Real=0.11s
[44.816s][info][gc,start       ] GC(237) Pause Young (Allocation Failure)
[44.932s][info][gc,heap        ] GC(237) PSYoungGen: 175936K(338944K)->119552K(182784K) Eden: 62976K(62976K)->0K(62976K) From: 112960K(275968K)->119552K(119808K)
[44.932s][info][gc,heap        ] GC(237) ParOldGen: 6269456K(6791168K)->6326288K(6791168K)
[44.932s][info][gc,metaspace   ] GC(237) Metaspace: 6296K(6464K)->6296K(6464K) NonClass: 5763K(5824K)->5763K(5824K) Class: 533K(640K)->533K(640K)
[44.932s][info][gc             ] GC(237) Pause Young (Allocation Failure) 6294M->6294M(6810M) 116.870ms
[44.933s][info][gc,cpu         ] GC(237) User=0.45s Sys=0.00s Real=0.12s
[45.005s][info][gc,start       ] GC(238) Pause Young (Allocation Failure)
[45.131s][info][gc,heap        ] GC(238) PSYoungGen: 182528K(182784K)->63200K(343040K) Eden: 62976K(62976K)->0K(71168K) From: 119552K(119808K)->63200K(271872K)
[45.131s][info][gc,heap        ] GC(238) ParOldGen: 6326288K(6791168K)->6446648K(6791168K)
[45.131s][info][gc,metaspace   ] GC(238) Metaspace: 6296K(6464K)->6296K(6464K) NonClass: 5763K(5824K)->5763K(5824K) Class: 533K(640K)->533K(640K)
[45.131s][info][gc             ] GC(238) Pause Young (Allocation Failure) 6356M->6357M(6967M) 125.910ms
[45.131s][info][gc,cpu         ] GC(238) User=0.34s Sys=0.02s Real=0.12s
[45.209s][info][gc,start       ] GC(239) Pause Young (Allocation Failure)
[45.310s][info][gc,heap        ] GC(239) PSYoungGen: 134368K(343040K)->71456K(344576K) Eden: 71168K(71168K)->0K(71168K) From: 63200K(271872K)->71456K(273408K)
[45.310s][info][gc,heap        ] GC(239) ParOldGen: 6446648K(6791168K)->6510184K(6791168K)
[45.310s][info][gc,metaspace   ] GC(239) Metaspace: 6296K(6464K)->6296K(6464K) NonClass: 5763K(5824K)->5763K(5824K) Class: 533K(640K)->533K(640K)
[45.310s][info][gc             ] GC(239) Pause Young (Allocation Failure) 6426M->6427M(6968M) 100.537ms
[45.310s][info][gc,cpu         ] GC(239) User=0.31s Sys=0.02s Real=0.10s
[45.385s][info][gc,start       ] GC(240) Pause Young (Allocation Failure)
[45.494s][info][gc,heap        ] GC(240) PSYoungGen: 142624K(344576K)->71392K(336384K) Eden: 71168K(71168K)->0K(79872K) From: 71456K(273408K)->71392K(256512K)
[45.494s][info][gc,heap        ] GC(240) ParOldGen: 6510184K(6791168K)->6582000K(6791168K)
[45.494s][info][gc,metaspace   ] GC(240) Metaspace: 6296K(6464K)->6296K(6464K) NonClass: 5763K(5824K)->5763K(5824K) Class: 533K(640K)->533K(640K)
[45.494s][info][gc             ] GC(240) Pause Young (Allocation Failure) 6496M->6497M(6960M) 108.482ms
[45.494s][info][gc,cpu         ] GC(240) User=0.31s Sys=0.02s Real=0.11s
[45.589s][info][gc,start       ] GC(241) Pause Young (Allocation Failure)
[45.698s][info][gc,heap        ] GC(241) PSYoungGen: 151264K(336384K)->80128K(342528K) Eden: 79872K(79872K)->0K(79872K) From: 71392K(256512K)->80128K(262656K)
[45.698s][info][gc,heap        ] GC(241) ParOldGen: 6582000K(6791168K)->6653808K(6791168K)
[45.698s][info][gc,metaspace   ] GC(241) Metaspace: 6296K(6464K)->6296K(6464K) NonClass: 5763K(5824K)->5763K(5824K) Class: 533K(640K)->533K(640K)
[45.698s][info][gc             ] GC(241) Pause Young (Allocation Failure) 6575M->6576M(6966M) 108.291ms
[45.698s][info][gc,cpu         ] GC(241) User=0.36s Sys=0.00s Real=0.11s
[45.782s][info][gc,start       ] GC(242) Pause Young (Allocation Failure)
[45.896s][info][gc,heap        ] GC(242) PSYoungGen: 160000K(342528K)->80096K(327680K) Eden: 79872K(79872K)->0K(89600K) From: 80128K(262656K)->80096K(238080K)
[45.896s][info][gc,heap        ] GC(242) ParOldGen: 6653808K(6791168K)->6734400K(6791168K)
[45.896s][info][gc,metaspace   ] GC(242) Metaspace: 6296K(6464K)->6296K(6464K) NonClass: 5763K(5824K)->5763K(5824K) Class: 533K(640K)->533K(640K)
[45.896s][info][gc             ] GC(242) Pause Young (Allocation Failure) 6654M->6654M(6952M) 114.556ms
[45.896s][info][gc,cpu         ] GC(242) User=0.42s Sys=0.03s Real=0.12s
[45.896s][info][gc,start       ] GC(243) Pause Full (Ergonomics)
[45.896s][info][gc,phases,start] GC(243) Marking Phase
[47.434s][info][gc,phases      ] GC(243) Marking Phase 1537.920ms
[47.434s][info][gc,phases,start] GC(243) Summary Phase
[47.434s][info][gc,phases      ] GC(243) Summary Phase 0.080ms
[47.434s][info][gc,phases,start] GC(243) Adjust Roots
[47.435s][info][gc,phases      ] GC(243) Adjust Roots 0.171ms
[47.435s][info][gc,phases,start] GC(243) Compaction Phase
[48.162s][info][gc,phases      ] GC(243) Compaction Phase 726.937ms
[48.162s][info][gc,phases,start] GC(243) Post Compact
[48.171s][info][gc,phases      ] GC(243) Post Compact 9.778ms
[48.174s][info][gc,heap        ] GC(243) PSYoungGen: 80096K(327680K)->18027K(335872K) Eden: 0K(89600K)->0K(97792K) From: 80096K(238080K)->18027K(238080K)
[48.174s][info][gc,heap        ] GC(243) ParOldGen: 6734400K(6791168K)->6790858K(7459328K)
[48.174s][info][gc,metaspace   ] GC(243) Metaspace: 6296K(6464K)->6296K(6464K) NonClass: 5763K(5824K)->5763K(5824K) Class: 533K(640K)->533K(640K)
[48.174s][info][gc             ] GC(243) Pause Full (Ergonomics) 6654M->6649M(7612M) 2277.316ms
[48.174s][info][gc,cpu         ] GC(243) User=16.14s Sys=0.02s Real=2.28s
[48.276s][info][gc,start       ] GC(244) Pause Young (Allocation Failure)
[48.622s][info][gc,heap        ] GC(244) PSYoungGen: 115819K(335872K)->98112K(196096K) Eden: 97792K(97792K)->0K(97792K) From: 18027K(238080K)->98112K(98304K)
[48.622s][info][gc,heap        ] GC(244) ParOldGen: 6790858K(7459328K)->6809098K(7459328K)
[48.622s][info][gc,metaspace   ] GC(244) Metaspace: 6296K(6464K)->6296K(6464K) NonClass: 5763K(5824K)->5763K(5824K) Class: 533K(640K)->533K(640K)
[48.622s][info][gc             ] GC(244) Pause Young (Allocation Failure) 6744M->6745M(7476M) 346.306ms
[48.622s][info][gc,cpu         ] GC(244) User=2.25s Sys=0.00s Real=0.35s
[48.731s][info][gc,start       ] GC(245) Pause Young (Allocation Failure)
[48.859s][info][gc,heap        ] GC(245) PSYoungGen: 195904K(196096K)->196096K(323072K) Eden: 97792K(97792K)->0K(88064K) From: 98112K(98304K)->196096K(235008K)
[48.859s][info][gc,heap        ] GC(245) ParOldGen: 6809098K(7459328K)->6809098K(7459328K)
[48.859s][info][gc,metaspace   ] GC(245) Metaspace: 6296K(6464K)->6296K(6464K) NonClass: 5763K(5824K)->5763K(5824K) Class: 533K(640K)->533K(640K)
[48.859s][info][gc             ] GC(245) Pause Young (Allocation Failure) 6840M->6841M(7600M) 128.602ms
[48.859s][info][gc,cpu         ] GC(245) User=0.58s Sys=0.00s Real=0.13s
[48.944s][info][gc,start       ] GC(246) Pause Young (Allocation Failure)
[49.088s][info][gc,heap        ] GC(246) PSYoungGen: 284160K(323072K)->254464K(342528K) Eden: 88064K(88064K)->0K(88064K) From: 196096K(235008K)->254464K(254464K)
[49.088s][info][gc,heap        ] GC(246) ParOldGen: 6809098K(7459328K)->6839034K(7459328K)
[49.089s][info][gc,metaspace   ] GC(246) Metaspace: 6296K(6464K)->6296K(6464K) NonClass: 5763K(5824K)->5763K(5824K) Class: 533K(640K)->533K(640K)
[49.089s][info][gc             ] GC(246) Pause Young (Allocation Failure) 6927M->6927M(7619M) 144.126ms
[49.089s][info][gc,cpu         ] GC(246) User=0.81s Sys=0.00s Real=0.14s
[49.181s][info][gc,start       ] GC(247) Pause Young (Allocation Failure)
[49.351s][info][gc,heap        ] GC(247) PSYoungGen: 342528K(342528K)->173344K(396288K) Eden: 88064K(88064K)->0K(98304K) From: 254464K(254464K)->173344K(297984K)
[49.351s][info][gc,heap        ] GC(247) ParOldGen: 6839034K(7459328K)->7009714K(7459328K)
[49.351s][info][gc,metaspace   ] GC(247) Metaspace: 6296K(6464K)->6296K(6464K) NonClass: 5763K(5824K)->5763K(5824K) Class: 533K(640K)->533K(640K)
[49.351s][info][gc             ] GC(247) Pause Young (Allocation Failure) 7013M->7014M(7671M) 169.724ms
[49.351s][info][gc,cpu         ] GC(247) User=1.17s Sys=0.06s Real=0.17s
[49.450s][info][gc,start       ] GC(248) Pause Young (Allocation Failure)
[49.595s][info][gc,heap        ] GC(248) PSYoungGen: 271648K(396288K)->186848K(398336K) Eden: 98304K(98304K)->0K(98304K) From: 173344K(297984K)->186848K(300032K)
[49.595s][info][gc,heap        ] GC(248) ParOldGen: 7009714K(7459328K)->7095298K(7459328K)
[49.595s][info][gc,metaspace   ] GC(248) Metaspace: 6296K(6464K)->6296K(6464K) NonClass: 5763K(5824K)->5763K(5824K) Class: 533K(640K)->533K(640K)
[49.595s][info][gc             ] GC(248) Pause Young (Allocation Failure) 7110M->7111M(7673M) 144.521ms
[49.595s][info][gc,cpu         ] GC(248) User=0.84s Sys=0.05s Real=0.15s
[49.693s][info][gc,start       ] GC(249) Pause Young (Allocation Failure)
[49.847s][info][gc,heap        ] GC(249) PSYoungGen: 285152K(398336K)->197088K(407552K) Eden: 98304K(98304K)->0K(105472K) From: 186848K(300032K)->197088K(302080K)
[49.847s][info][gc,heap        ] GC(249) ParOldGen: 7095298K(7459328K)->7184146K(7459328K)
[49.847s][info][gc,metaspace   ] GC(249) Metaspace: 6296K(6464K)->6296K(6464K) NonClass: 5763K(5824K)->5763K(5824K) Class: 533K(640K)->533K(640K)
[49.847s][info][gc             ] GC(249) Pause Young (Allocation Failure) 7207M->7208M(7682M) 154.256ms
[49.847s][info][gc,cpu         ] GC(249) User=0.81s Sys=0.03s Real=0.15s
[49.979s][info][gc,start       ] GC(250) Pause Young (Allocation Failure)
[50.136s][info][gc,heap        ] GC(250) PSYoungGen: 302560K(407552K)->204352K(411648K) Eden: 105472K(105472K)->0K(105472K) From: 197088K(302080K)->204352K(306176K)
[50.136s][info][gc,heap        ] GC(250) ParOldGen: 7184146K(7459328K)->7283346K(7459328K)
[50.136s][info][gc,metaspace   ] GC(250) Metaspace: 6296K(6464K)->6296K(6464K) NonClass: 5763K(5824K)->5763K(5824K) Class: 533K(640K)->533K(640K)
[50.136s][info][gc             ] GC(250) Pause Young (Allocation Failure) 7311M->7312M(7686M) 157.135ms
[50.136s][info][gc,cpu         ] GC(250) User=1.00s Sys=0.03s Real=0.16s
[50.251s][info][gc,start       ] GC(251) Pause Young (Allocation Failure)
[50.414s][info][gc,heap        ] GC(251) PSYoungGen: 309824K(411648K)->211456K(422912K) Eden: 105472K(105472K)->0K(112128K) From: 204352K(306176K)->211456K(310784K)
[50.415s][info][gc,heap        ] GC(251) ParOldGen: 7283346K(7459328K)->7382538K(7459328K)
[50.415s][info][gc,metaspace   ] GC(251) Metaspace: 6296K(6464K)->6296K(6464K) NonClass: 5763K(5824K)->5763K(5824K) Class: 533K(640K)->533K(640K)
[50.415s][info][gc             ] GC(251) Pause Young (Allocation Failure) 7415M->7416M(7697M) 163.615ms
[50.415s][info][gc,cpu         ] GC(251) User=0.91s Sys=0.06s Real=0.16s
[50.415s][info][gc,start       ] GC(252) Pause Full (Ergonomics)
[50.415s][info][gc,phases,start] GC(252) Marking Phase
[52.144s][info][gc,phases      ] GC(252) Marking Phase 1729.125ms
[52.144s][info][gc,phases,start] GC(252) Summary Phase
[52.144s][info][gc,phases      ] GC(252) Summary Phase 0.088ms
[52.144s][info][gc,phases,start] GC(252) Adjust Roots
[52.144s][info][gc,phases      ] GC(252) Adjust Roots 0.190ms
[52.144s][info][gc,phases,start] GC(252) Compaction Phase
[52.893s][info][gc,phases      ] GC(252) Compaction Phase 749.082ms
[52.893s][info][gc,phases,start] GC(252) Post Compact
[52.906s][info][gc,phases      ] GC(252) Post Compact 13.005ms
[52.909s][info][gc,heap        ] GC(252) PSYoungGen: 211456K(422912K)->128593K(422912K) Eden: 0K(112128K)->0K(112128K) From: 211456K(310784K)->128593K(310784K)
[52.909s][info][gc,heap        ] GC(252) ParOldGen: 7382538K(7459328K)->7459311K(8218624K)
[52.909s][info][gc,metaspace   ] GC(252) Metaspace: 6296K(6464K)->6296K(6464K) NonClass: 5763K(5824K)->5763K(5824K) Class: 533K(640K)->533K(640K)
[52.909s][info][gc             ] GC(252) Pause Full (Ergonomics) 7416M->7410M(8439M) 2494.105ms
[52.909s][info][gc,cpu         ] GC(252) User=18.06s Sys=0.05s Real=2.49s
[53.028s][info][gc,start       ] GC(253) Pause Young (Allocation Failure)
[53.474s][info][gc,heap        ] GC(253) PSYoungGen: 240721K(422912K)->179584K(428544K) Eden: 112128K(112128K)->0K(112128K) From: 128593K(310784K)->179584K(316416K)
[53.474s][info][gc,heap        ] GC(253) ParOldGen: 7459311K(8218624K)->7521567K(8218624K)
[53.474s][info][gc,metaspace   ] GC(253) Metaspace: 6296K(6464K)->6296K(6464K) NonClass: 5763K(5824K)->5763K(5824K) Class: 533K(640K)->533K(640K)
[53.474s][info][gc             ] GC(253) Pause Young (Allocation Failure) 7519M->7520M(8444M) 446.394ms
[53.474s][info][gc,cpu         ] GC(253) User=3.00s Sys=0.05s Real=0.44s
[53.601s][info][gc,start       ] GC(254) Pause Young (Allocation Failure)
[53.755s][info][gc,heap        ] GC(254) PSYoungGen: 291712K(428544K)->291904K(397824K) Eden: 112128K(112128K)->0K(89600K) From: 179584K(316416K)->291904K(308224K)
[53.755s][info][gc,heap        ] GC(254) ParOldGen: 7521567K(8218624K)->7521567K(8218624K)
[53.755s][info][gc,metaspace   ] GC(254) Metaspace: 6296K(6464K)->6296K(6464K) NonClass: 5763K(5824K)->5763K(5824K) Class: 533K(640K)->533K(640K)
[53.755s][info][gc             ] GC(254) Pause Young (Allocation Failure) 7630M->7630M(8414M) 154.349ms
[53.755s][info][gc,cpu         ] GC(254) User=1.11s Sys=0.02s Real=0.15s
[53.858s][info][gc,start       ] GC(255) Pause Young (Allocation Failure)
[54.052s][info][gc,heap        ] GC(255) PSYoungGen: 381504K(397824K)->341504K(431104K) Eden: 89600K(89600K)->0K(89600K) From: 291904K(308224K)->341504K(341504K)
[54.052s][info][gc,heap        ] GC(255) ParOldGen: 7521567K(8218624K)->7561903K(8218624K)
[54.052s][info][gc,metaspace   ] GC(255) Metaspace: 6296K(6464K)->6296K(6464K) NonClass: 5763K(5824K)->5763K(5824K) Class: 533K(640K)->533K(640K)
[54.052s][info][gc             ] GC(255) Pause Young (Allocation Failure) 7717M->7718M(8447M) 193.508ms
[54.052s][info][gc,cpu         ] GC(255) User=1.20s Sys=0.00s Real=0.19s
[54.144s][info][gc,start       ] GC(256) Pause Young (Allocation Failure)
[54.369s][info][gc,heap        ] GC(256) PSYoungGen: 431104K(431104K)->271648K(493056K) Eden: 89600K(89600K)->0K(91648K) From: 341504K(341504K)->271648K(401408K)
[54.369s][info][gc,heap        ] GC(256) ParOldGen: 7561903K(8218624K)->7722775K(8218624K)
[54.369s][info][gc,metaspace   ] GC(256) Metaspace: 6296K(6464K)->6296K(6464K) NonClass: 5763K(5824K)->5763K(5824K) Class: 533K(640K)->533K(640K)
[54.369s][info][gc             ] GC(256) Pause Young (Allocation Failure) 7805M->7807M(8507M) 224.698ms
[54.369s][info][gc,cpu         ] GC(256) User=1.61s Sys=0.16s Real=0.22s
[54.466s][info][gc,start       ] GC(257) Pause Young (Allocation Failure)
[54.653s][info][gc,heap        ] GC(257) PSYoungGen: 363296K(493056K)->267136K(500736K) Eden: 91648K(91648K)->0K(91648K) From: 271648K(401408K)->267136K(409088K)
[54.653s][info][gc,heap        ] GC(257) ParOldGen: 7722775K(8218624K)->7819775K(8218624K)
[54.654s][info][gc,metaspace   ] GC(257) Metaspace: 6296K(6464K)->6296K(6464K) NonClass: 5763K(5824K)->5763K(5824K) Class: 533K(640K)->533K(640K)
[54.654s][info][gc             ] GC(257) Pause Young (Allocation Failure) 7896M->7897M(8515M) 187.803ms
[54.654s][info][gc,cpu         ] GC(257) User=1.34s Sys=0.05s Real=0.19s
[54.751s][info][gc,start       ] GC(258) Pause Young (Allocation Failure)
[54.936s][info][gc,heap        ] GC(258) PSYoungGen: 358784K(500736K)->183808K(483328K) Eden: 91648K(91648K)->0K(102912K) From: 267136K(409088K)->183808K(380416K)
[54.936s][info][gc,heap        ] GC(258) ParOldGen: 7819775K(8218624K)->7996231K(8218624K)
[54.937s][info][gc,metaspace   ] GC(258) Metaspace: 6296K(6464K)->6296K(6464K) NonClass: 5763K(5824K)->5763K(5824K) Class: 533K(640K)->533K(640K)
[54.937s][info][gc             ] GC(258) Pause Young (Allocation Failure) 7986M->7988M(8498M) 185.131ms
[54.937s][info][gc,cpu         ] GC(258) User=1.19s Sys=0.12s Real=0.18s
[55.051s][info][gc,start       ] GC(259) Pause Young (Allocation Failure)
[55.212s][info][gc,heap        ] GC(259) PSYoungGen: 286720K(483328K)->103232K(499200K) Eden: 102912K(102912K)->0K(102912K) From: 183808K(380416K)->103232K(396288K)
[55.212s][info][gc,heap        ] GC(259) ParOldGen: 7996231K(8218624K)->8181159K(8218624K)
[55.212s][info][gc,metaspace   ] GC(259) Metaspace: 6296K(6464K)->6296K(6464K) NonClass: 5763K(5824K)->5763K(5824K) Class: 533K(640K)->533K(640K)
[55.212s][info][gc             ] GC(259) Pause Young (Allocation Failure) 8088M->8090M(8513M) 161.045ms
[55.212s][info][gc,cpu         ] GC(259) User=1.11s Sys=0.09s Real=0.16s
[55.212s][info][gc,start       ] GC(260) Pause Full (Ergonomics)
[55.212s][info][gc,phases,start] GC(260) Marking Phase
[57.127s][info][gc,phases      ] GC(260) Marking Phase 1915.130ms
[57.127s][info][gc,phases,start] GC(260) Summary Phase
[57.128s][info][gc,phases      ] GC(260) Summary Phase 0.081ms
[57.128s][info][gc,phases,start] GC(260) Adjust Roots
[57.128s][info][gc,phases      ] GC(260) Adjust Roots 0.159ms
[57.128s][info][gc,phases,start] GC(260) Compaction Phase
[57.989s][info][gc,phases      ] GC(260) Compaction Phase 860.831ms
[57.989s][info][gc,phases,start] GC(260) Post Compact
[58.001s][info][gc,phases      ] GC(260) Post Compact 12.170ms
[58.004s][info][gc,heap        ] GC(260) PSYoungGen: 103232K(499200K)->58927K(499200K) Eden: 0K(102912K)->0K(102912K) From: 103232K(396288K)->58927K(396288K)
[58.004s][info][gc,heap        ] GC(260) ParOldGen: 8181159K(8218624K)->8218419K(9104384K)
[58.004s][info][gc,metaspace   ] GC(260) Metaspace: 6296K(6464K)->6296K(6464K) NonClass: 5763K(5824K)->5763K(5824K) Class: 533K(640K)->533K(640K)
[58.004s][info][gc             ] GC(260) Pause Full (Ergonomics) 8090M->8083M(9378M) 2791.350ms
[58.004s][info][gc,cpu         ] GC(260) User=19.89s Sys=0.03s Real=2.79s
[58.113s][info][gc,start       ] GC(261) Pause Young (Allocation Failure)
[58.576s][info][gc,heap        ] GC(261) PSYoungGen: 161839K(499200K)->103232K(497664K) Eden: 102912K(102912K)->0K(113152K) From: 58927K(396288K)->103232K(384512K)
[58.576s][info][gc,heap        ] GC(261) ParOldGen: 8218419K(9104384K)->8277907K(9104384K)
[58.576s][info][gc,metaspace   ] GC(261) Metaspace: 6296K(6464K)->6296K(6464K) NonClass: 5763K(5824K)->5763K(5824K) Class: 533K(640K)->533K(640K)
[58.576s][info][gc             ] GC(261) Pause Young (Allocation Failure) 8183M->8184M(9377M) 462.356ms
[58.576s][info][gc,cpu         ] GC(261) User=3.25s Sys=0.05s Real=0.46s
[58.689s][info][gc,start       ] GC(262) Pause Young (Allocation Failure)
[58.825s][info][gc,heap        ] GC(262) PSYoungGen: 216384K(497664K)->216544K(504320K) Eden: 113152K(113152K)->0K(113152K) From: 103232K(384512K)->216544K(391168K)
[58.825s][info][gc,heap        ] GC(262) ParOldGen: 8277907K(9104384K)->8277907K(9104384K)
[58.825s][info][gc,metaspace   ] GC(262) Metaspace: 6296K(6464K)->6296K(6464K) NonClass: 5763K(5824K)->5763K(5824K) Class: 533K(640K)->533K(640K)
[58.825s][info][gc             ] GC(262) Pause Young (Allocation Failure) 8295M->8295M(9383M) 135.941ms
[58.825s][info][gc,cpu         ] GC(262) User=0.59s Sys=0.00s Real=0.14s
[58.950s][info][gc,start       ] GC(263) Pause Young (Allocation Failure)
[59.131s][info][gc,heap        ] GC(263) PSYoungGen: 329696K(504320K)->226880K(496128K) Eden: 113152K(113152K)->0K(125440K) From: 216544K(391168K)->226880K(370688K)
[59.131s][info][gc,heap        ] GC(263) ParOldGen: 8277907K(9104384K)->8381739K(9104384K)
[59.131s][info][gc,metaspace   ] GC(263) Metaspace: 6296K(6464K)->6296K(6464K) NonClass: 5763K(5824K)->5763K(5824K) Class: 533K(640K)->533K(640K)
[59.131s][info][gc             ] GC(263) Pause Young (Allocation Failure) 8405M->8406M(9375M) 180.669ms
[59.131s][info][gc,cpu         ] GC(263) User=1.17s Sys=0.08s Real=0.18s
[59.264s][info][gc,start       ] GC(264) Pause Young (Allocation Failure)
[59.461s][info][gc,heap        ] GC(264) PSYoungGen: 352320K(496128K)->239168K(501248K) Eden: 125440K(125440K)->0K(125440K) From: 226880K(370688K)->239168K(375808K)
[59.462s][info][gc,heap        ] GC(264) ParOldGen: 8381739K(9104384K)->8495915K(9104384K)
[59.462s][info][gc,metaspace   ] GC(264) Metaspace: 6296K(6464K)->6296K(6464K) NonClass: 5763K(5824K)->5763K(5824K) Class: 533K(640K)->533K(640K)
[59.462s][info][gc             ] GC(264) Pause Young (Allocation Failure) 8529M->8530M(9380M) 197.830ms
[59.462s][info][gc,cpu         ] GC(264) User=1.27s Sys=0.12s Real=0.20s
[59.601s][info][gc,start       ] GC(265) Pause Young (Allocation Failure)
[59.810s][info][gc,heap        ] GC(265) PSYoungGen: 364608K(501248K)->251488K(512000K) Eden: 125440K(125440K)->0K(137216K) From: 239168K(375808K)->251488K(374784K)
[59.810s][info][gc,heap        ] GC(265) ParOldGen: 8495915K(9104384K)->8610099K(9104384K)
[59.810s][info][gc,metaspace   ] GC(265) Metaspace: 6296K(6464K)->6296K(6464K) NonClass: 5763K(5824K)->5763K(5824K) Class: 533K(640K)->533K(640K)
[59.810s][info][gc             ] GC(265) Pause Young (Allocation Failure) 8652M->8653M(9391M) 208.371ms
[59.810s][info][gc,cpu         ] GC(265) User=1.45s Sys=0.06s Real=0.21s
[59.964s][info][gc,start       ] GC(266) Pause Young (Allocation Failure)
[60.200s][info][gc,heap        ] GC(266) PSYoungGen: 388704K(512000K)->263328K(514048K) Eden: 137216K(137216K)->0K(137216K) From: 251488K(374784K)->263328K(376832K)
[60.200s][info][gc,heap        ] GC(266) ParOldGen: 8610099K(9104384K)->8736691K(9104384K)
[60.200s][info][gc,metaspace   ] GC(266) Metaspace: 6296K(6464K)->6296K(6464K) NonClass: 5763K(5824K)->5763K(5824K) Class: 533K(640K)->533K(640K)
[60.200s][info][gc             ] GC(266) Pause Young (Allocation Failure) 8787M->8789M(9393M) 236.053ms
[60.200s][info][gc,cpu         ] GC(266) User=1.52s Sys=0.03s Real=0.24s
[60.347s][info][gc,start       ] GC(267) Pause Young (Allocation Failure)
[60.586s][info][gc,heap        ] GC(267) PSYoungGen: 400544K(514048K)->275104K(527360K) Eden: 137216K(137216K)->0K(145920K) From: 263328K(376832K)->275104K(381440K)
[60.586s][info][gc,heap        ] GC(267) ParOldGen: 8736691K(9104384K)->8863251K(9104384K)
[60.586s][info][gc,metaspace   ] GC(267) Metaspace: 6296K(6464K)->6296K(6464K) NonClass: 5763K(5824K)->5763K(5824K) Class: 533K(640K)->533K(640K)
[60.586s][info][gc             ] GC(267) Pause Young (Allocation Failure) 8923M->8924M(9406M) 239.190ms
[60.586s][info][gc,cpu         ] GC(267) User=1.69s Sys=0.05s Real=0.24s
[60.764s][info][gc,start       ] GC(268) Pause Young (Allocation Failure)
[61.007s][info][gc,heap        ] GC(268) PSYoungGen: 421024K(527360K)->283776K(534528K) Eden: 145920K(145920K)->0K(145920K) From: 275104K(381440K)->283776K(388608K)
[61.007s][info][gc,heap        ] GC(268) ParOldGen: 8863251K(9104384K)->9001731K(9104384K)
[61.007s][info][gc,metaspace   ] GC(268) Metaspace: 6296K(6464K)->6296K(6464K) NonClass: 5763K(5824K)->5763K(5824K) Class: 533K(640K)->533K(640K)
[61.007s][info][gc             ] GC(268) Pause Young (Allocation Failure) 9066M->9067M(9413M) 243.443ms
[61.007s][info][gc,cpu         ] GC(268) User=1.53s Sys=0.05s Real=0.24s
[61.007s][info][gc,start       ] GC(269) Pause Full (Ergonomics)
[61.007s][info][gc,phases,start] GC(269) Marking Phase
[63.200s][info][gc,phases      ] GC(269) Marking Phase 2192.558ms
[63.200s][info][gc,phases,start] GC(269) Summary Phase
[63.200s][info][gc,phases      ] GC(269) Summary Phase 0.104ms
[63.200s][info][gc,phases,start] GC(269) Adjust Roots
[63.200s][info][gc,phases      ] GC(269) Adjust Roots 0.198ms
[63.200s][info][gc,phases,start] GC(269) Compaction Phase
[64.141s][info][gc,phases      ] GC(269) Compaction Phase 940.970ms
[64.141s][info][gc,phases,start] GC(269) Post Compact
[64.156s][info][gc,phases      ] GC(269) Post Compact 14.762ms
[64.159s][info][gc,heap        ] GC(269) PSYoungGen: 283776K(534528K)->173181K(534528K) Eden: 0K(145920K)->0K(145920K) From: 283776K(388608K)->173181K(388608K)
[64.159s][info][gc,heap        ] GC(269) ParOldGen: 9001731K(9104384K)->9104365K(10045440K)
[64.159s][info][gc,metaspace   ] GC(269) Metaspace: 6296K(6464K)->6296K(6464K) NonClass: 5763K(5824K)->5763K(5824K) Class: 533K(640K)->533K(640K)
[64.159s][info][gc             ] GC(269) Pause Full (Ergonomics) 9067M->9060M(10332M) 3152.019ms
[64.159s][info][gc,cpu         ] GC(269) User=22.77s Sys=0.12s Real=3.15s
[64.319s][info][gc,start       ] GC(270) Pause Young (Allocation Failure)
[64.938s][info][gc,heap        ] GC(270) PSYoungGen: 319101K(534528K)->229152K(523776K) Eden: 145920K(145920K)->0K(160256K) From: 173181K(388608K)->229152K(363520K)
[64.938s][info][gc,heap        ] GC(270) ParOldGen: 9104365K(10045440K)->9195789K(10045440K)
[64.938s][info][gc,metaspace   ] GC(270) Metaspace: 6296K(6464K)->6296K(6464K) NonClass: 5763K(5824K)->5763K(5824K) Class: 533K(640K)->533K(640K)
[64.938s][info][gc             ] GC(270) Pause Young (Allocation Failure) 9202M->9204M(10321M) 619.604ms
[64.938s][info][gc,cpu         ] GC(270) User=4.09s Sys=0.08s Real=0.62s
[65.105s][info][gc,start       ] GC(271) Pause Young (Allocation Failure)
[65.339s][info][gc,heap        ] GC(271) PSYoungGen: 389408K(523776K)->381440K(541696K) Eden: 160256K(160256K)->0K(160256K) From: 229152K(363520K)->381440K(381440K)
[65.339s][info][gc,heap        ] GC(271) ParOldGen: 9195789K(10045440K)->9204037K(10045440K)
[65.339s][info][gc,metaspace   ] GC(271) Metaspace: 6296K(6464K)->6296K(6464K) NonClass: 5763K(5824K)->5763K(5824K) Class: 533K(640K)->533K(640K)
[65.339s][info][gc             ] GC(271) Pause Young (Allocation Failure) 9360M->9360M(10339M) 233.498ms
[65.339s][info][gc,cpu         ] GC(271) User=1.61s Sys=0.00s Real=0.23s
[65.509s][info][gc,start       ] GC(272) Pause Young (Allocation Failure)
[65.835s][info][gc,heap        ] GC(272) PSYoungGen: 541696K(541696K)->319008K(593408K) Eden: 160256K(160256K)->0K(166400K) From: 381440K(381440K)->319008K(427008K)
[65.835s][info][gc,heap        ] GC(272) ParOldGen: 9204037K(10045440K)->9428805K(10045440K)
[65.835s][info][gc,metaspace   ] GC(272) Metaspace: 6296K(6464K)->6296K(6464K) NonClass: 5763K(5824K)->5763K(5824K) Class: 533K(640K)->533K(640K)
[65.836s][info][gc             ] GC(272) Pause Young (Allocation Failure) 9517M->9519M(10389M) 326.780ms
[65.836s][info][gc,cpu         ] GC(272) User=2.22s Sys=0.17s Real=0.33s
[66.008s][info][gc,start       ] GC(273) Pause Young (Allocation Failure)
[66.296s][info][gc,heap        ] GC(273) PSYoungGen: 485408K(593408K)->327392K(603648K) Eden: 166400K(166400K)->0K(166400K) From: 319008K(427008K)->327392K(437248K)
[66.296s][info][gc,heap        ] GC(273) ParOldGen: 9428805K(10045440K)->9588181K(10045440K)
[66.296s][info][gc,metaspace   ] GC(273) Metaspace: 6296K(6464K)->6296K(6464K) NonClass: 5763K(5824K)->5763K(5824K) Class: 533K(640K)->533K(640K)
[66.296s][info][gc             ] GC(273) Pause Young (Allocation Failure) 9681M->9683M(10399M) 288.602ms
[66.296s][info][gc,cpu         ] GC(273) User=2.00s Sys=0.05s Real=0.29s
[66.480s][info][gc,start       ] GC(274) Pause Young (Allocation Failure)
[66.783s][info][gc,heap        ] GC(274) PSYoungGen: 493792K(603648K)->333536K(624128K) Eden: 166400K(166400K)->0K(176128K) From: 327392K(437248K)->333536K(448000K)
[66.783s][info][gc,heap        ] GC(274) ParOldGen: 9588181K(10045440K)->9749901K(10045440K)
[66.783s][info][gc,metaspace   ] GC(274) Metaspace: 6296K(6464K)->6296K(6464K) NonClass: 5763K(5824K)->5763K(5824K) Class: 533K(640K)->533K(640K)
[66.784s][info][gc             ] GC(274) Pause Young (Allocation Failure) 9845M->9847M(10419M) 303.051ms
[66.784s][info][gc,cpu         ] GC(274) User=1.98s Sys=0.14s Real=0.30s
[66.977s][info][gc,start       ] GC(275) Pause Young (Allocation Failure)
[67.317s][info][gc,heap        ] GC(275) PSYoungGen: 509664K(624128K)->343360K(633344K) Eden: 176128K(176128K)->0K(176128K) From: 333536K(448000K)->343360K(457216K)
[67.317s][info][gc,heap        ] GC(275) ParOldGen: 9749901K(10045440K)->9917789K(10045440K)
[67.317s][info][gc,metaspace   ] GC(275) Metaspace: 6296K(6464K)->6296K(6464K) NonClass: 5763K(5824K)->5763K(5824K) Class: 533K(640K)->533K(640K)
[67.317s][info][gc             ] GC(275) Pause Young (Allocation Failure) 10019M->10020M(10428M) 339.865ms
[67.317s][info][gc,cpu         ] GC(275) User=2.14s Sys=0.06s Real=0.34s
[67.317s][info][gc,start       ] GC(276) Pause Full (Ergonomics)
[67.317s][info][gc,phases,start] GC(276) Marking Phase
[69.735s][info][gc,phases      ] GC(276) Marking Phase 2417.176ms
[69.735s][info][gc,phases,start] GC(276) Summary Phase
[69.735s][info][gc,phases      ] GC(276) Summary Phase 0.129ms
[69.735s][info][gc,phases,start] GC(276) Adjust Roots
[69.735s][info][gc,phases      ] GC(276) Adjust Roots 0.239ms
[69.735s][info][gc,phases,start] GC(276) Compaction Phase
[70.750s][info][gc,phases      ] GC(276) Compaction Phase 1014.929ms
[70.750s][info][gc,phases,start] GC(276) Post Compact
[70.766s][info][gc,phases      ] GC(276) Post Compact 16.064ms
[70.769s][info][gc,heap        ] GC(276) PSYoungGen: 343360K(633344K)->207532K(633344K) Eden: 0K(176128K)->0K(176128K) From: 343360K(457216K)->207532K(457216K)
[70.769s][info][gc,heap        ] GC(276) ParOldGen: 9917789K(10045440K)->10045185K(11115008K)
[70.769s][info][gc,metaspace   ] GC(276) Metaspace: 6296K(6464K)->6296K(6464K) NonClass: 5763K(5824K)->5763K(5824K) Class: 533K(640K)->533K(640K)
[70.770s][info][gc             ] GC(276) Pause Full (Ergonomics) 10020M->10012M(11473M) 3452.135ms
[70.770s][info][gc,cpu         ] GC(276) User=25.52s Sys=0.05s Real=3.45s
[70.967s][info][gc,start       ] GC(277) Pause Young (Allocation Failure)
[71.693s][info][gc,heap        ] GC(277) PSYoungGen: 383660K(633344K)->176608K(651264K) Eden: 176128K(176128K)->0K(193536K) From: 207532K(457216K)->176608K(457728K)
[71.693s][info][gc,heap        ] GC(277) ParOldGen: 10045185K(11115008K)->10254681K(11115008K)
[71.693s][info][gc,metaspace   ] GC(277) Metaspace: 6296K(6464K)->6296K(6464K) NonClass: 5763K(5824K)->5763K(5824K) Class: 533K(640K)->533K(640K)
[71.693s][info][gc             ] GC(277) Pause Young (Allocation Failure) 10184M->10186M(11490M) 725.389ms
[71.693s][info][gc,cpu         ] GC(277) User=4.77s Sys=0.14s Real=0.73s
[71.905s][info][gc,start       ] GC(278) Pause Young (Allocation Failure)
[72.167s][info][gc,heap        ] GC(278) PSYoungGen: 370144K(651264K)->194048K(657920K) Eden: 193536K(193536K)->0K(193536K) From: 176608K(457728K)->194048K(464384K)
[72.167s][info][gc,heap        ] GC(278) ParOldGen: 10254681K(11115008K)->10432401K(11115008K)
[72.167s][info][gc,metaspace   ] GC(278) Metaspace: 6296K(6464K)->6296K(6464K) NonClass: 5763K(5824K)->5763K(5824K) Class: 533K(640K)->533K(640K)
[72.167s][info][gc             ] GC(278) Pause Young (Allocation Failure) 10375M->10377M(11497M) 261.959ms
[72.167s][info][gc,cpu         ] GC(278) User=1.48s Sys=0.05s Real=0.26s
[72.391s][info][gc,start       ] GC(279) Pause Young (Allocation Failure)
[72.641s][info][gc,heap        ] GC(279) PSYoungGen: 387584K(657920K)->194112K(649728K) Eden: 193536K(193536K)->0K(213504K) From: 194048K(464384K)->194112K(436224K)
[72.641s][info][gc,heap        ] GC(279) ParOldGen: 10432401K(11115008K)->10627665K(11115008K)
[72.641s][info][gc,metaspace   ] GC(279) Metaspace: 6296K(6464K)->6296K(6464K) NonClass: 5763K(5824K)->5763K(5824K) Class: 533K(640K)->533K(640K)
[72.641s][info][gc             ] GC(279) Pause Young (Allocation Failure) 10566M->10568M(11489M) 249.843ms
[72.641s][info][gc,cpu         ] GC(279) User=1.75s Sys=0.12s Real=0.25s
[72.882s][info][gc,start       ] GC(280) Pause Young (Allocation Failure)
[73.143s][info][gc,heap        ] GC(280) PSYoungGen: 407616K(649728K)->214048K(659456K) Eden: 213504K(213504K)->0K(213504K) From: 194112K(436224K)->214048K(445952K)
[73.143s][info][gc,heap        ] GC(280) ParOldGen: 10627665K(11115008K)->10822937K(11115008K)
[73.143s][info][gc,metaspace   ] GC(280) Metaspace: 6296K(6464K)->6296K(6464K) NonClass: 5763K(5824K)->5763K(5824K) Class: 533K(640K)->533K(640K)
[73.143s][info][gc             ] GC(280) Pause Young (Allocation Failure) 10776M->10778M(11498M) 261.353ms
[73.143s][info][gc,cpu         ] GC(280) User=1.42s Sys=0.08s Real=0.26s
[73.143s][info][gc,start       ] GC(281) Pause Full (Ergonomics)
[73.143s][info][gc,phases,start] GC(281) Marking Phase
[75.799s][info][gc,phases      ] GC(281) Marking Phase 2655.865ms
[75.799s][info][gc,phases,start] GC(281) Summary Phase
[75.799s][info][gc,phases      ] GC(281) Summary Phase 0.274ms
[75.799s][info][gc,phases,start] GC(281) Adjust Roots
[75.800s][info][gc,phases      ] GC(281) Adjust Roots 0.297ms
[75.800s][info][gc,phases,start] GC(281) Compaction Phase
[76.863s][info][gc,phases      ] GC(281) Compaction Phase 1063.017ms
[76.863s][info][gc,phases,start] GC(281) Post Compact
[76.882s][info][gc,phases      ] GC(281) Post Compact 19.533ms
[76.885s][info][gc,heap        ] GC(281) PSYoungGen: 214048K(659456K)->0K(667648K) Eden: 0K(213504K)->0K(235520K) From: 214048K(445952K)->0K(432128K)
[76.885s][info][gc,heap        ] GC(281) ParOldGen: 10822937K(11115008K)->11029294K(11878400K)
[76.885s][info][gc,metaspace   ] GC(281) Metaspace: 6296K(6464K)->6296K(6464K) NonClass: 5763K(5824K)->5763K(5824K) Class: 533K(640K)->533K(640K)
[76.885s][info][gc             ] GC(281) Pause Full (Ergonomics) 10778M->10770M(12252M) 3741.691ms
[76.885s][info][gc,cpu         ] GC(281) User=27.05s Sys=0.05s Real=3.74s
[77.169s][info][gc,start       ] GC(282) Pause Young (Allocation Failure)
[77.331s][info][gc,heap        ] GC(282) PSYoungGen: 235520K(667648K)->236096K(667648K) Eden: 235520K(235520K)->0K(235520K) From: 0K(432128K)->236096K(432128K)
[77.331s][info][gc,heap        ] GC(282) ParOldGen: 11029294K(11878400K)->11029294K(11878400K)
[77.331s][info][gc,metaspace   ] GC(282) Metaspace: 6296K(6464K)->6296K(6464K) NonClass: 5763K(5824K)->5763K(5824K) Class: 533K(640K)->533K(640K)
[77.331s][info][gc             ] GC(282) Pause Young (Allocation Failure) 11000M->11001M(12252M) 162.162ms
[77.331s][info][gc,cpu         ] GC(282) User=0.77s Sys=0.00s Real=0.16s
[77.602s][info][gc,start       ] GC(283) Pause Young (Allocation Failure)
[77.885s][info][gc,heap        ] GC(283) PSYoungGen: 471616K(667648K)->415232K(603648K) Eden: 235520K(235520K)->0K(188416K) From: 236096K(432128K)->415232K(415232K)
[77.885s][info][gc,heap        ] GC(283) ParOldGen: 11029294K(11878400K)->11086462K(11878400K)
[77.885s][info][gc,metaspace   ] GC(283) Metaspace: 6296K(6464K)->6296K(6464K) NonClass: 5763K(5824K)->5763K(5824K) Class: 533K(640K)->533K(640K)
[77.885s][info][gc             ] GC(283) Pause Young (Allocation Failure) 11231M->11232M(12189M) 283.116ms
[77.885s][info][gc,cpu         ] GC(283) User=1.81s Sys=0.09s Real=0.28s
[80.431s][info][gc,start       ] GC(284) Pause Full (Ergonomics)
[80.431s][info][gc,phases,start] GC(284) Marking Phase
[83.230s][info][gc,phases      ] GC(284) Marking Phase 2798.917ms
[83.230s][info][gc,phases,start] GC(284) Summary Phase
[83.230s][info][gc,phases      ] GC(284) Summary Phase 0.151ms
[83.230s][info][gc,phases,start] GC(284) Adjust Roots
[83.230s][info][gc,phases      ] GC(284) Adjust Roots 0.257ms
[83.230s][info][gc,phases,start] GC(284) Compaction Phase
[85.150s][info][gc,phases      ] GC(284) Compaction Phase 1919.433ms
[85.150s][info][gc,phases,start] GC(284) Post Compact
[85.179s][info][gc,phases      ] GC(284) Post Compact 29.142ms
[85.179s][info][gc,heap        ] GC(284) PSYoungGen: 603648K(603648K)->72519K(603648K) Eden: 188416K(188416K)->0K(188416K) From: 415232K(415232K)->72519K(415232K)
[85.179s][info][gc,heap        ] GC(284) ParOldGen: 11610750K(11878400K)->11878277K(11878400K)
[85.179s][info][gc,metaspace   ] GC(284) Metaspace: 6296K(6464K)->6296K(6464K) NonClass: 5763K(5824K)->5763K(5824K) Class: 533K(640K)->533K(640K)
[85.179s][info][gc             ] GC(284) Pause Full (Ergonomics) 11928M->11670M(12189M) 4748.641ms
[85.179s][info][gc,cpu         ] GC(284) User=31.06s Sys=0.62s Real=4.75s
[85.364s][info][gc,start       ] GC(285) Pause Full (Ergonomics)
[85.364s][info][gc,phases,start] GC(285) Marking Phase
[88.384s][info][gc,phases      ] GC(285) Marking Phase 3020.465ms
[88.384s][info][gc,phases,start] GC(285) Summary Phase
[88.384s][info][gc,phases      ] GC(285) Summary Phase 0.177ms
[88.385s][info][gc,phases,start] GC(285) Adjust Roots
[88.385s][info][gc,phases      ] GC(285) Adjust Roots 0.271ms
[88.385s][info][gc,phases,start] GC(285) Compaction Phase
[89.634s][info][gc,phases      ] GC(285) Compaction Phase 1248.981ms
[89.634s][info][gc,phases,start] GC(285) Post Compact
[89.659s][info][gc,phases      ] GC(285) Post Compact 24.964ms
[89.659s][info][gc,heap        ] GC(285) PSYoungGen: 260935K(603648K)->260904K(603648K) Eden: 188416K(188416K)->188384K(188416K) From: 72519K(415232K)->72519K(415232K)
[89.659s][info][gc,heap        ] GC(285) ParOldGen: 11878277K(11878400K)->11878277K(11878400K)
[89.659s][info][gc,metaspace   ] GC(285) Metaspace: 6296K(6464K)->6296K(6464K) NonClass: 5763K(5824K)->5763K(5824K) Class: 533K(640K)->533K(640K)
[89.659s][info][gc             ] GC(285) Pause Full (Ergonomics) 11854M->11854M(12189M) 4295.318ms
[89.659s][info][gc,cpu         ] GC(285) User=27.59s Sys=0.00s Real=4.30s
[89.659s][info][gc,start       ] GC(286) Pause Full (Ergonomics)
[89.659s][info][gc,phases,start] GC(286) Marking Phase
[92.587s][info][gc,phases      ] GC(286) Marking Phase 2927.800ms
[92.587s][info][gc,phases,start] GC(286) Summary Phase
[92.587s][info][gc,phases      ] GC(286) Summary Phase 0.113ms
[92.587s][info][gc,phases,start] GC(286) Adjust Roots
[92.587s][info][gc,phases      ] GC(286) Adjust Roots 0.192ms
[92.587s][info][gc,phases,start] GC(286) Compaction Phase
[93.659s][info][gc,phases      ] GC(286) Compaction Phase 1071.242ms
[93.659s][info][gc,phases,start] GC(286) Post Compact
[93.678s][info][gc,phases      ] GC(286) Post Compact 18.869ms
[93.678s][info][gc,heap        ] GC(286) PSYoungGen: 260935K(603648K)->260934K(603648K) Eden: 188416K(188416K)->188415K(188416K) From: 72519K(415232K)->72519K(415232K)
[93.678s][info][gc,heap        ] GC(286) ParOldGen: 11878277K(11878400K)->11878277K(11878400K)
[93.678s][info][gc,metaspace   ] GC(286) Metaspace: 6296K(6464K)->6296K(6464K) NonClass: 5763K(5824K)->5763K(5824K) Class: 533K(640K)->533K(640K)
[93.678s][info][gc             ] GC(286) Pause Full (Ergonomics) 11854M->11854M(12189M) 4018.547ms
[93.678s][info][gc,cpu         ] GC(286) User=27.11s Sys=0.00s Real=4.02s
[93.678s][info][gc,start       ] GC(287) Pause Full (Ergonomics)
[93.678s][info][gc,phases,start] GC(287) Marking Phase
[96.408s][info][gc,phases      ] GC(287) Marking Phase 2729.478ms
[96.408s][info][gc,phases,start] GC(287) Summary Phase
[96.408s][info][gc,phases      ] GC(287) Summary Phase 0.174ms
[96.408s][info][gc,phases,start] GC(287) Adjust Roots
[96.408s][info][gc,phases      ] GC(287) Adjust Roots 0.240ms
[96.408s][info][gc,phases,start] GC(287) Compaction Phase
[97.437s][info][gc,phases      ] GC(287) Compaction Phase 1028.712ms
[97.437s][info][gc,phases,start] GC(287) Post Compact
[97.455s][info][gc,phases      ] GC(287) Post Compact 18.433ms
[97.455s][info][gc,heap        ] GC(287) PSYoungGen: 260935K(603648K)->260935K(603648K) Eden: 188416K(188416K)->188416K(188416K) From: 72519K(415232K)->72519K(415232K)
[97.455s][info][gc,heap        ] GC(287) ParOldGen: 11878277K(11878400K)->11878277K(11878400K)
[97.455s][info][gc,metaspace   ] GC(287) Metaspace: 6296K(6464K)->6296K(6464K) NonClass: 5763K(5824K)->5763K(5824K) Class: 533K(640K)->533K(640K)
[97.455s][info][gc             ] GC(287) Pause Full (Ergonomics) 11854M->11854M(12189M) 3777.412ms
[97.455s][info][gc,cpu         ] GC(287) User=27.11s Sys=0.00s Real=3.78s
[97.456s][info][gc,start       ] GC(288) Pause Full (Ergonomics)
[97.456s][info][gc,phases,start] GC(288) Marking Phase
[100.172s][info][gc,phases      ] GC(288) Marking Phase 2716.225ms
[100.172s][info][gc,phases,start] GC(288) Summary Phase
[100.172s][info][gc,phases      ] GC(288) Summary Phase 0.127ms
[100.172s][info][gc,phases,start] GC(288) Adjust Roots
[100.172s][info][gc,phases      ] GC(288) Adjust Roots 0.201ms
[100.172s][info][gc,phases,start] GC(288) Compaction Phase
[101.188s][info][gc,phases      ] GC(288) Compaction Phase 1015.536ms
[101.188s][info][gc,phases,start] GC(288) Post Compact
[101.206s][info][gc,phases      ] GC(288) Post Compact 18.349ms
[101.206s][info][gc,heap        ] GC(288) PSYoungGen: 260935K(603648K)->260935K(603648K) Eden: 188416K(188416K)->188416K(188416K) From: 72519K(415232K)->72519K(415232K)
[101.206s][info][gc,heap        ] GC(288) ParOldGen: 11878282K(11878400K)->11878282K(11878400K)
[101.206s][info][gc,metaspace   ] GC(288) Metaspace: 6296K(6464K)->6296K(6464K) NonClass: 5763K(5824K)->5763K(5824K) Class: 533K(640K)->533K(640K)
[101.206s][info][gc             ] GC(288) Pause Full (Ergonomics) 11854M->11854M(12189M) 3750.799ms
[101.206s][info][gc,cpu         ] GC(288) User=27.42s Sys=0.00s Real=3.75s
[101.207s][info][gc,start       ] GC(289) Pause Full (Ergonomics)
[101.207s][info][gc,phases,start] GC(289) Marking Phase
[104.035s][info][gc,phases      ] GC(289) Marking Phase 2828.482ms
[104.035s][info][gc,phases,start] GC(289) Summary Phase
[104.035s][info][gc,phases      ] GC(289) Summary Phase 0.168ms
[104.035s][info][gc,phases,start] GC(289) Adjust Roots
[104.036s][info][gc,phases      ] GC(289) Adjust Roots 0.214ms
[104.036s][info][gc,phases,start] GC(289) Compaction Phase
[105.067s][info][gc,phases      ] GC(289) Compaction Phase 1031.826ms
[105.068s][info][gc,phases,start] GC(289) Post Compact
[105.088s][info][gc,phases      ] GC(289) Post Compact 20.418ms
[105.088s][info][gc,heap        ] GC(289) PSYoungGen: 260935K(603648K)->260935K(603648K) Eden: 188416K(188416K)->188416K(188416K) From: 72519K(415232K)->72519K(415232K)
[105.088s][info][gc,heap        ] GC(289) ParOldGen: 11878286K(11878400K)->11878286K(11878400K)
[105.088s][info][gc,metaspace   ] GC(289) Metaspace: 6296K(6464K)->6296K(6464K) NonClass: 5763K(5824K)->5763K(5824K) Class: 533K(640K)->533K(640K)
[105.088s][info][gc             ] GC(289) Pause Full (Ergonomics) 11854M->11854M(12189M) 3881.485ms
[105.088s][info][gc,cpu         ] GC(289) User=27.61s Sys=0.00s Real=3.88s
[105.088s][info][gc,start       ] GC(290) Pause Full (Ergonomics)
[105.088s][info][gc,phases,start] GC(290) Marking Phase
[107.970s][info][gc,phases      ] GC(290) Marking Phase 2881.300ms
[107.970s][info][gc,phases,start] GC(290) Summary Phase
[107.970s][info][gc,phases      ] GC(290) Summary Phase 0.206ms
[107.970s][info][gc,phases,start] GC(290) Adjust Roots
[107.970s][info][gc,phases      ] GC(290) Adjust Roots 0.401ms
[107.970s][info][gc,phases,start] GC(290) Compaction Phase
[109.116s][info][gc,phases      ] GC(290) Compaction Phase 1145.684ms
[109.116s][info][gc,phases,start] GC(290) Post Compact
[109.137s][info][gc,phases      ] GC(290) Post Compact 20.935ms
[109.137s][info][gc,heap        ] GC(290) PSYoungGen: 260935K(603648K)->260935K(603648K) Eden: 188416K(188416K)->188416K(188416K) From: 72519K(415232K)->72519K(415232K)
[109.137s][info][gc,heap        ] GC(290) ParOldGen: 11878291K(11878400K)->11878291K(11878400K)
[109.137s][info][gc,metaspace   ] GC(290) Metaspace: 6296K(6464K)->6296K(6464K) NonClass: 5763K(5824K)->5763K(5824K) Class: 533K(640K)->533K(640K)
[109.137s][info][gc             ] GC(290) Pause Full (Ergonomics) 11854M->11854M(12189M) 4048.988ms
[109.137s][info][gc,cpu         ] GC(290) User=27.20s Sys=0.00s Real=4.05s
[109.138s][info][gc,start       ] GC(291) Pause Full (Ergonomics)
[109.138s][info][gc,phases,start] GC(291) Marking Phase
[111.919s][info][gc,phases      ] GC(291) Marking Phase 2781.722ms
[111.919s][info][gc,phases,start] GC(291) Summary Phase
[111.919s][info][gc,phases      ] GC(291) Summary Phase 0.131ms
[111.920s][info][gc,phases,start] GC(291) Adjust Roots
[111.920s][info][gc,phases      ] GC(291) Adjust Roots 0.227ms
[111.920s][info][gc,phases,start] GC(291) Compaction Phase
[112.951s][info][gc,phases      ] GC(291) Compaction Phase 1030.865ms
[112.951s][info][gc,phases,start] GC(291) Post Compact
[112.969s][info][gc,phases      ] GC(291) Post Compact 17.775ms
[112.969s][info][gc,heap        ] GC(291) PSYoungGen: 260935K(603648K)->260935K(603648K) Eden: 188416K(188416K)->188416K(188416K) From: 72519K(415232K)->72519K(415232K)
[112.969s][info][gc,heap        ] GC(291) ParOldGen: 11878296K(11878400K)->11878296K(11878400K)
[112.969s][info][gc,metaspace   ] GC(291) Metaspace: 6296K(6464K)->6296K(6464K) NonClass: 5763K(5824K)->5763K(5824K) Class: 533K(640K)->533K(640K)
[112.969s][info][gc             ] GC(291) Pause Full (Ergonomics) 11854M->11854M(12189M) 3831.097ms
[112.969s][info][gc,cpu         ] GC(291) User=27.41s Sys=0.03s Real=3.83s
[112.969s][info][gc,start       ] GC(292) Pause Full (Ergonomics)
[112.969s][info][gc,phases,start] GC(292) Marking Phase
[115.708s][info][gc,phases      ] GC(292) Marking Phase 2738.793ms
[115.708s][info][gc,phases,start] GC(292) Summary Phase
[115.708s][info][gc,phases      ] GC(292) Summary Phase 0.118ms
[115.708s][info][gc,phases,start] GC(292) Adjust Roots
[115.708s][info][gc,phases      ] GC(292) Adjust Roots 0.180ms
[115.708s][info][gc,phases,start] GC(292) Compaction Phase
[116.714s][info][gc,phases      ] GC(292) Compaction Phase 1005.415ms
[116.714s][info][gc,phases,start] GC(292) Post Compact
[116.732s][info][gc,phases      ] GC(292) Post Compact 18.010ms
[116.732s][info][gc,heap        ] GC(292) PSYoungGen: 260935K(603648K)->260935K(603648K) Eden: 188416K(188416K)->188416K(188416K) From: 72519K(415232K)->72519K(415232K)
[116.732s][info][gc,heap        ] GC(292) ParOldGen: 11878301K(11878400K)->11878301K(11878400K)
[116.732s][info][gc,metaspace   ] GC(292) Metaspace: 6296K(6464K)->6296K(6464K) NonClass: 5763K(5824K)->5763K(5824K) Class: 533K(640K)->533K(640K)
[116.732s][info][gc             ] GC(292) Pause Full (Ergonomics) 11854M->11854M(12189M) 3762.887ms
[116.732s][info][gc,cpu         ] GC(292) User=27.16s Sys=0.00s Real=3.76s
[116.732s][info][gc,start       ] GC(293) Pause Full (Ergonomics)
[116.732s][info][gc,phases,start] GC(293) Marking Phase
[119.435s][info][gc,phases      ] GC(293) Marking Phase 2703.410ms
[119.435s][info][gc,phases,start] GC(293) Summary Phase
[119.436s][info][gc,phases      ] GC(293) Summary Phase 0.109ms
[119.436s][info][gc,phases,start] GC(293) Adjust Roots
[119.436s][info][gc,phases      ] GC(293) Adjust Roots 0.182ms
[119.436s][info][gc,phases,start] GC(293) Compaction Phase
[120.430s][info][gc,phases      ] GC(293) Compaction Phase 994.638ms
[120.430s][info][gc,phases,start] GC(293) Post Compact
[120.449s][info][gc,phases      ] GC(293) Post Compact 18.084ms
[120.449s][info][gc,heap        ] GC(293) PSYoungGen: 260935K(603648K)->260935K(603648K) Eden: 188416K(188416K)->188416K(188416K) From: 72519K(415232K)->72519K(415232K)
[120.449s][info][gc,heap        ] GC(293) ParOldGen: 11878306K(11878400K)->11878306K(11878400K)
[120.449s][info][gc,metaspace   ] GC(293) Metaspace: 6296K(6464K)->6296K(6464K) NonClass: 5763K(5824K)->5763K(5824K) Class: 533K(640K)->533K(640K)
[120.449s][info][gc             ] GC(293) Pause Full (Ergonomics) 11854M->11854M(12189M) 3716.779ms
[120.449s][info][gc,cpu         ] GC(293) User=26.92s Sys=0.03s Real=3.72s
[120.449s][info][gc,start       ] GC(294) Pause Full (Ergonomics)
[120.449s][info][gc,phases,start] GC(294) Marking Phase
[123.181s][info][gc,phases      ] GC(294) Marking Phase 2731.826ms
[123.181s][info][gc,phases,start] GC(294) Summary Phase
[123.181s][info][gc,phases      ] GC(294) Summary Phase 0.110ms
[123.181s][info][gc,phases,start] GC(294) Adjust Roots
[123.181s][info][gc,phases      ] GC(294) Adjust Roots 0.179ms
[123.181s][info][gc,phases,start] GC(294) Compaction Phase
[124.196s][info][gc,phases      ] GC(294) Compaction Phase 1014.614ms
[124.196s][info][gc,phases,start] GC(294) Post Compact
[124.214s][info][gc,phases      ] GC(294) Post Compact 17.738ms
[124.214s][info][gc,heap        ] GC(294) PSYoungGen: 260935K(603648K)->260935K(603648K) Eden: 188416K(188416K)->188416K(188416K) From: 72519K(415232K)->72519K(415232K)
[124.214s][info][gc,heap        ] GC(294) ParOldGen: 11878311K(11878400K)->11878311K(11878400K)
[124.214s][info][gc,metaspace   ] GC(294) Metaspace: 6296K(6464K)->6296K(6464K) NonClass: 5763K(5824K)->5763K(5824K) Class: 533K(640K)->533K(640K)
[124.214s][info][gc             ] GC(294) Pause Full (Ergonomics) 11854M->11854M(12189M) 3764.797ms
[124.214s][info][gc,cpu         ] GC(294) User=27.31s Sys=0.00s Real=3.77s
[124.214s][info][gc,start       ] GC(295) Pause Full (Ergonomics)
[124.214s][info][gc,phases,start] GC(295) Marking Phase
[126.941s][info][gc,phases      ] GC(295) Marking Phase 2726.778ms
[126.941s][info][gc,phases,start] GC(295) Summary Phase
[126.941s][info][gc,phases      ] GC(295) Summary Phase 0.110ms
[126.941s][info][gc,phases,start] GC(295) Adjust Roots
[126.941s][info][gc,phases      ] GC(295) Adjust Roots 0.167ms
[126.941s][info][gc,phases,start] GC(295) Compaction Phase
[127.949s][info][gc,phases      ] GC(295) Compaction Phase 1007.998ms
[127.949s][info][gc,phases,start] GC(295) Post Compact
[127.967s][info][gc,phases      ] GC(295) Post Compact 18.072ms
[127.967s][info][gc,heap        ] GC(295) PSYoungGen: 260935K(603648K)->260935K(603648K) Eden: 188416K(188416K)->188416K(188416K) From: 72519K(415232K)->72519K(415232K)
[127.967s][info][gc,heap        ] GC(295) ParOldGen: 11878315K(11878400K)->11878315K(11878400K)
[127.967s][info][gc,metaspace   ] GC(295) Metaspace: 6296K(6464K)->6296K(6464K) NonClass: 5763K(5824K)->5763K(5824K) Class: 533K(640K)->533K(640K)
[127.967s][info][gc             ] GC(295) Pause Full (Ergonomics) 11854M->11854M(12189M) 3753.494ms
[127.967s][info][gc,cpu         ] GC(295) User=27.19s Sys=0.00s Real=3.75s
[127.968s][info][gc,start       ] GC(296) Pause Full (Ergonomics)
[127.968s][info][gc,phases,start] GC(296) Marking Phase
[130.703s][info][gc,phases      ] GC(296) Marking Phase 2735.287ms
[130.703s][info][gc,phases,start] GC(296) Summary Phase
[130.703s][info][gc,phases      ] GC(296) Summary Phase 0.120ms
[130.703s][info][gc,phases,start] GC(296) Adjust Roots
[130.703s][info][gc,phases      ] GC(296) Adjust Roots 0.198ms
[130.703s][info][gc,phases,start] GC(296) Compaction Phase
[131.695s][info][gc,phases      ] GC(296) Compaction Phase 991.611ms
[131.695s][info][gc,phases,start] GC(296) Post Compact
[131.713s][info][gc,phases      ] GC(296) Post Compact 17.988ms
[131.713s][info][gc,heap        ] GC(296) PSYoungGen: 260935K(603648K)->260935K(603648K) Eden: 188416K(188416K)->188416K(188416K) From: 72519K(415232K)->72519K(415232K)
[131.713s][info][gc,heap        ] GC(296) ParOldGen: 11878320K(11878400K)->11878320K(11878400K)
[131.713s][info][gc,metaspace   ] GC(296) Metaspace: 6296K(6464K)->6296K(6464K) NonClass: 5763K(5824K)->5763K(5824K) Class: 533K(640K)->533K(640K)
[131.713s][info][gc             ] GC(296) Pause Full (Ergonomics) 11854M->11854M(12189M) 3745.557ms
[131.713s][info][gc,cpu         ] GC(296) User=27.08s Sys=0.00s Real=3.75s
[131.713s][info][gc,start       ] GC(297) Pause Full (Ergonomics)
[131.713s][info][gc,phases,start] GC(297) Marking Phase
[134.440s][info][gc,phases      ] GC(297) Marking Phase 2726.336ms
[134.440s][info][gc,phases,start] GC(297) Summary Phase
[134.440s][info][gc,phases      ] GC(297) Summary Phase 0.111ms
[134.440s][info][gc,phases,start] GC(297) Adjust Roots
[134.440s][info][gc,phases      ] GC(297) Adjust Roots 0.177ms
[134.440s][info][gc,phases,start] GC(297) Compaction Phase
[135.416s][info][gc,phases      ] GC(297) Compaction Phase 975.744ms
[135.416s][info][gc,phases,start] GC(297) Post Compact
[135.435s][info][gc,phases      ] GC(297) Post Compact 18.582ms
[135.435s][info][gc,heap        ] GC(297) PSYoungGen: 260935K(603648K)->260935K(603648K) Eden: 188416K(188416K)->188416K(188416K) From: 72519K(415232K)->72519K(415232K)
[135.435s][info][gc,heap        ] GC(297) ParOldGen: 11878325K(11878400K)->11878325K(11878400K)
[135.435s][info][gc,metaspace   ] GC(297) Metaspace: 6296K(6464K)->6296K(6464K) NonClass: 5763K(5824K)->5763K(5824K) Class: 533K(640K)->533K(640K)
[135.435s][info][gc             ] GC(297) Pause Full (Ergonomics) 11854M->11854M(12189M) 3721.332ms
[135.435s][info][gc,cpu         ] GC(297) User=27.05s Sys=0.00s Real=3.72s
[135.435s][info][gc,start       ] GC(298) Pause Full (Ergonomics)
[135.435s][info][gc,phases,start] GC(298) Marking Phase
[138.135s][info][gc,phases      ] GC(298) Marking Phase 2699.798ms
[138.135s][info][gc,phases,start] GC(298) Summary Phase
[138.135s][info][gc,phases      ] GC(298) Summary Phase 0.119ms
[138.135s][info][gc,phases,start] GC(298) Adjust Roots
[138.135s][info][gc,phases      ] GC(298) Adjust Roots 0.176ms
[138.135s][info][gc,phases,start] GC(298) Compaction Phase
[139.116s][info][gc,phases      ] GC(298) Compaction Phase 980.712ms
[139.116s][info][gc,phases,start] GC(298) Post Compact
[139.134s][info][gc,phases      ] GC(298) Post Compact 17.968ms
[139.134s][info][gc,heap        ] GC(298) PSYoungGen: 260935K(603648K)->260935K(603648K) Eden: 188416K(188416K)->188416K(188416K) From: 72519K(415232K)->72519K(415232K)
[139.134s][info][gc,heap        ] GC(298) ParOldGen: 11878330K(11878400K)->11878330K(11878400K)
[139.134s][info][gc,metaspace   ] GC(298) Metaspace: 6296K(6464K)->6296K(6464K) NonClass: 5763K(5824K)->5763K(5824K) Class: 533K(640K)->533K(640K)
[139.134s][info][gc             ] GC(298) Pause Full (Ergonomics) 11854M->11854M(12189M) 3699.149ms
[139.134s][info][gc,cpu         ] GC(298) User=26.81s Sys=0.00s Real=3.70s
[139.134s][info][gc,start       ] GC(299) Pause Full (Ergonomics)
[139.134s][info][gc,phases,start] GC(299) Marking Phase
[141.855s][info][gc,phases      ] GC(299) Marking Phase 2720.360ms
[141.855s][info][gc,phases,start] GC(299) Summary Phase
[141.855s][info][gc,phases      ] GC(299) Summary Phase 0.112ms
[141.855s][info][gc,phases,start] GC(299) Adjust Roots
[141.855s][info][gc,phases      ] GC(299) Adjust Roots 0.160ms
[141.855s][info][gc,phases,start] GC(299) Compaction Phase
[142.859s][info][gc,phases      ] GC(299) Compaction Phase 1003.604ms
[142.859s][info][gc,phases,start] GC(299) Post Compact
[142.877s][info][gc,phases      ] GC(299) Post Compact 17.934ms
[142.877s][info][gc,heap        ] GC(299) PSYoungGen: 260935K(603648K)->260935K(603648K) Eden: 188416K(188416K)->188416K(188416K) From: 72519K(415232K)->72519K(415232K)
[142.877s][info][gc,heap        ] GC(299) ParOldGen: 11878335K(11878400K)->11878335K(11878400K)
[142.877s][info][gc,metaspace   ] GC(299) Metaspace: 6296K(6464K)->6296K(6464K) NonClass: 5763K(5824K)->5763K(5824K) Class: 533K(640K)->533K(640K)
[142.877s][info][gc             ] GC(299) Pause Full (Ergonomics) 11854M->11854M(12189M) 3742.549ms
[142.877s][info][gc,cpu         ] GC(299) User=27.08s Sys=0.00s Real=3.74s
[142.877s][info][gc,start       ] GC(300) Pause Full (Ergonomics)
[142.877s][info][gc,phases,start] GC(300) Marking Phase
[145.576s][info][gc,phases      ] GC(300) Marking Phase 2699.107ms
[145.576s][info][gc,phases,start] GC(300) Summary Phase
[145.576s][info][gc,phases      ] GC(300) Summary Phase 0.129ms
[145.576s][info][gc,phases,start] GC(300) Adjust Roots
[145.577s][info][gc,phases      ] GC(300) Adjust Roots 0.230ms
[145.577s][info][gc,phases,start] GC(300) Compaction Phase
[146.569s][info][gc,phases      ] GC(300) Compaction Phase 992.178ms
[146.569s][info][gc,phases,start] GC(300) Post Compact
[146.587s][info][gc,phases      ] GC(300) Post Compact 18.323ms
[146.587s][info][gc,heap        ] GC(300) PSYoungGen: 260935K(603648K)->260935K(603648K) Eden: 188416K(188416K)->188416K(188416K) From: 72519K(415232K)->72519K(415232K)
[146.587s][info][gc,heap        ] GC(300) ParOldGen: 11878340K(11878400K)->11878340K(11878400K)
[146.587s][info][gc,metaspace   ] GC(300) Metaspace: 6296K(6464K)->6296K(6464K) NonClass: 5763K(5824K)->5763K(5824K) Class: 533K(640K)->533K(640K)
[146.587s][info][gc             ] GC(300) Pause Full (Ergonomics) 11854M->11854M(12189M) 3710.332ms
[146.587s][info][gc,cpu         ] GC(300) User=26.97s Sys=0.00s Real=3.71s
[146.588s][info][gc,start       ] GC(301) Pause Full (Ergonomics)
[146.588s][info][gc,phases,start] GC(301) Marking Phase
[149.290s][info][gc,phases      ] GC(301) Marking Phase 2702.797ms
[149.291s][info][gc,phases,start] GC(301) Summary Phase
[149.291s][info][gc,phases      ] GC(301) Summary Phase 0.243ms
[149.291s][info][gc,phases,start] GC(301) Adjust Roots
[149.291s][info][gc,phases      ] GC(301) Adjust Roots 0.206ms
[149.291s][info][gc,phases,start] GC(301) Compaction Phase
[150.283s][info][gc,phases      ] GC(301) Compaction Phase 991.808ms
[150.283s][info][gc,phases,start] GC(301) Post Compact
[150.301s][info][gc,phases      ] GC(301) Post Compact 17.881ms
[150.301s][info][gc,heap        ] GC(301) PSYoungGen: 260935K(603648K)->260935K(603648K) Eden: 188416K(188416K)->188416K(188416K) From: 72519K(415232K)->72519K(415232K)
[150.301s][info][gc,heap        ] GC(301) ParOldGen: 11878344K(11878400K)->11878344K(11878400K)
[150.301s][info][gc,metaspace   ] GC(301) Metaspace: 6296K(6464K)->6296K(6464K) NonClass: 5763K(5824K)->5763K(5824K) Class: 533K(640K)->533K(640K)
[150.301s][info][gc             ] GC(301) Pause Full (Ergonomics) 11854M->11854M(12189M) 3713.283ms
[150.301s][info][gc,cpu         ] GC(301) User=26.81s Sys=0.00s Real=3.71s
[150.301s][info][gc,start       ] GC(302) Pause Full (Ergonomics)
[150.301s][info][gc,phases,start] GC(302) Marking Phase
[153.039s][info][gc,phases      ] GC(302) Marking Phase 2737.364ms
[153.039s][info][gc,phases,start] GC(302) Summary Phase
[153.039s][info][gc,phases      ] GC(302) Summary Phase 0.116ms
[153.039s][info][gc,phases,start] GC(302) Adjust Roots
[153.039s][info][gc,phases      ] GC(302) Adjust Roots 0.231ms
[153.039s][info][gc,phases,start] GC(302) Compaction Phase
[154.011s][info][gc,phases      ] GC(302) Compaction Phase 971.721ms
[154.011s][info][gc,phases,start] GC(302) Post Compact
[154.029s][info][gc,phases      ] GC(302) Post Compact 17.932ms
[154.029s][info][gc,heap        ] GC(302) PSYoungGen: 260935K(603648K)->260935K(603648K) Eden: 188416K(188416K)->188416K(188416K) From: 72519K(415232K)->72519K(415232K)
[154.029s][info][gc,heap        ] GC(302) ParOldGen: 11878349K(11878400K)->11878349K(11878400K)
[154.029s][info][gc,metaspace   ] GC(302) Metaspace: 6296K(6464K)->6296K(6464K) NonClass: 5763K(5824K)->5763K(5824K) Class: 533K(640K)->533K(640K)
[154.029s][info][gc             ] GC(302) Pause Full (Ergonomics) 11854M->11854M(12189M) 3727.724ms
[154.029s][info][gc,cpu         ] GC(302) User=27.12s Sys=0.00s Real=3.73s
[154.029s][info][gc,start       ] GC(303) Pause Full (Ergonomics)
[154.029s][info][gc,phases,start] GC(303) Marking Phase
[156.756s][info][gc,phases      ] GC(303) Marking Phase 2726.929ms
[156.756s][info][gc,phases,start] GC(303) Summary Phase
[156.756s][info][gc,phases      ] GC(303) Summary Phase 0.109ms
[156.756s][info][gc,phases,start] GC(303) Adjust Roots
[156.756s][info][gc,phases      ] GC(303) Adjust Roots 0.174ms
[156.756s][info][gc,phases,start] GC(303) Compaction Phase
[157.724s][info][gc,phases      ] GC(303) Compaction Phase 967.081ms
[157.724s][info][gc,phases,start] GC(303) Post Compact
[157.742s][info][gc,phases      ] GC(303) Post Compact 17.881ms
[157.742s][info][gc,heap        ] GC(303) PSYoungGen: 260935K(603648K)->260935K(603648K) Eden: 188416K(188416K)->188416K(188416K) From: 72519K(415232K)->72519K(415232K)
[157.742s][info][gc,heap        ] GC(303) ParOldGen: 11878354K(11878400K)->11878354K(11878400K)
[157.742s][info][gc,metaspace   ] GC(303) Metaspace: 6296K(6464K)->6296K(6464K) NonClass: 5763K(5824K)->5763K(5824K) Class: 533K(640K)->533K(640K)
[157.742s][info][gc             ] GC(303) Pause Full (Ergonomics) 11854M->11854M(12189M) 3712.519ms
[157.742s][info][gc,cpu         ] GC(303) User=27.00s Sys=0.00s Real=3.71s
[157.742s][info][gc,start       ] GC(304) Pause Full (Ergonomics)
[157.742s][info][gc,phases,start] GC(304) Marking Phase
[160.426s][info][gc,phases      ] GC(304) Marking Phase 2684.439ms
[160.426s][info][gc,phases,start] GC(304) Summary Phase
[160.427s][info][gc,phases      ] GC(304) Summary Phase 0.140ms
[160.427s][info][gc,phases,start] GC(304) Adjust Roots
[160.427s][info][gc,phases      ] GC(304) Adjust Roots 0.189ms
[160.427s][info][gc,phases,start] GC(304) Compaction Phase
[161.402s][info][gc,phases      ] GC(304) Compaction Phase 975.308ms
[161.402s][info][gc,phases,start] GC(304) Post Compact
[161.420s][info][gc,phases      ] GC(304) Post Compact 17.963ms
[161.420s][info][gc,heap        ] GC(304) PSYoungGen: 260935K(603648K)->260935K(603648K) Eden: 188416K(188416K)->188416K(188416K) From: 72519K(415232K)->72519K(415232K)
[161.420s][info][gc,heap        ] GC(304) ParOldGen: 11878359K(11878400K)->11878359K(11878400K)
[161.420s][info][gc,metaspace   ] GC(304) Metaspace: 6296K(6464K)->6296K(6464K) NonClass: 5763K(5824K)->5763K(5824K) Class: 533K(640K)->533K(640K)
[161.420s][info][gc             ] GC(304) Pause Full (Ergonomics) 11854M->11854M(12189M) 3678.423ms
[161.420s][info][gc,cpu         ] GC(304) User=26.56s Sys=0.02s Real=3.68s
[161.421s][info][gc,start       ] GC(305) Pause Full (Ergonomics)
[161.421s][info][gc,phases,start] GC(305) Marking Phase
[164.163s][info][gc,phases      ] GC(305) Marking Phase 2742.301ms
[164.163s][info][gc,phases,start] GC(305) Summary Phase
[164.163s][info][gc,phases      ] GC(305) Summary Phase 0.119ms
[164.163s][info][gc,phases,start] GC(305) Adjust Roots
[164.163s][info][gc,phases      ] GC(305) Adjust Roots 0.241ms
[164.163s][info][gc,phases,start] GC(305) Compaction Phase
[165.177s][info][gc,phases      ] GC(305) Compaction Phase 1013.928ms
[165.177s][info][gc,phases,start] GC(305) Post Compact
[165.195s][info][gc,phases      ] GC(305) Post Compact 17.908ms
[165.195s][info][gc,heap        ] GC(305) PSYoungGen: 260935K(603648K)->260935K(603648K) Eden: 188416K(188416K)->188416K(188416K) From: 72519K(415232K)->72519K(415232K)
[165.195s][info][gc,heap        ] GC(305) ParOldGen: 11878364K(11878400K)->11878364K(11878400K)
[165.195s][info][gc,metaspace   ] GC(305) Metaspace: 6296K(6464K)->6296K(6464K) NonClass: 5763K(5824K)->5763K(5824K) Class: 533K(640K)->533K(640K)
[165.195s][info][gc             ] GC(305) Pause Full (Ergonomics) 11854M->11854M(12189M) 3774.844ms
[165.195s][info][gc,cpu         ] GC(305) User=27.05s Sys=0.02s Real=3.78s
[165.196s][info][gc,start       ] GC(306) Pause Full (Ergonomics)
[165.196s][info][gc,phases,start] GC(306) Marking Phase
[167.920s][info][gc,phases      ] GC(306) Marking Phase 2724.087ms
[167.920s][info][gc,phases,start] GC(306) Summary Phase
[167.920s][info][gc,phases      ] GC(306) Summary Phase 0.121ms
[167.920s][info][gc,phases,start] GC(306) Adjust Roots
[167.920s][info][gc,phases      ] GC(306) Adjust Roots 0.196ms
[167.920s][info][gc,phases,start] GC(306) Compaction Phase
[168.913s][info][gc,phases      ] GC(306) Compaction Phase 992.402ms
[168.913s][info][gc,phases,start] GC(306) Post Compact
[168.933s][info][gc,phases      ] GC(306) Post Compact 20.488ms
[168.933s][info][gc,heap        ] GC(306) PSYoungGen: 260935K(603648K)->260935K(603648K) Eden: 188416K(188416K)->188416K(188416K) From: 72519K(415232K)->72519K(415232K)
[168.933s][info][gc,heap        ] GC(306) ParOldGen: 11878369K(11878400K)->11878369K(11878400K)
[168.933s][info][gc,metaspace   ] GC(306) Metaspace: 6296K(6464K)->6296K(6464K) NonClass: 5763K(5824K)->5763K(5824K) Class: 533K(640K)->533K(640K)
[168.933s][info][gc             ] GC(306) Pause Full (Ergonomics) 11854M->11854M(12189M) 3737.672ms
[168.933s][info][gc,cpu         ] GC(306) User=26.75s Sys=0.00s Real=3.74s
[168.933s][info][gc,start       ] GC(307) Pause Full (Ergonomics)
[168.934s][info][gc,phases,start] GC(307) Marking Phase
[171.658s][info][gc,phases      ] GC(307) Marking Phase 2724.155ms
[171.658s][info][gc,phases,start] GC(307) Summary Phase
[171.658s][info][gc,phases      ] GC(307) Summary Phase 0.126ms
[171.658s][info][gc,phases,start] GC(307) Adjust Roots
[171.658s][info][gc,phases      ] GC(307) Adjust Roots 0.201ms
[171.658s][info][gc,phases,start] GC(307) Compaction Phase
[172.634s][info][gc,phases      ] GC(307) Compaction Phase 976.065ms
[172.634s][info][gc,phases,start] GC(307) Post Compact
[172.653s][info][gc,phases      ] GC(307) Post Compact 18.897ms
[172.653s][info][gc,heap        ] GC(307) PSYoungGen: 260935K(603648K)->260935K(603648K) Eden: 188416K(188416K)->188416K(188416K) From: 72519K(415232K)->72519K(415232K)
[172.653s][info][gc,heap        ] GC(307) ParOldGen: 11878373K(11878400K)->11878373K(11878400K)
[172.653s][info][gc,metaspace   ] GC(307) Metaspace: 6296K(6464K)->6296K(6464K) NonClass: 5763K(5824K)->5763K(5824K) Class: 533K(640K)->533K(640K)
[172.653s][info][gc             ] GC(307) Pause Full (Ergonomics) 11854M->11854M(12189M) 3719.835ms
[172.653s][info][gc,cpu         ] GC(307) User=26.94s Sys=0.00s Real=3.72s
[172.654s][info][gc,start       ] GC(308) Pause Full (Ergonomics)
[172.654s][info][gc,phases,start] GC(308) Marking Phase
[175.382s][info][gc,phases      ] GC(308) Marking Phase 2728.773ms
[175.382s][info][gc,phases,start] GC(308) Summary Phase
[175.382s][info][gc,phases      ] GC(308) Summary Phase 0.109ms
[175.383s][info][gc,phases,start] GC(308) Adjust Roots
[175.383s][info][gc,phases      ] GC(308) Adjust Roots 0.162ms
[175.383s][info][gc,phases,start] GC(308) Compaction Phase
[176.358s][info][gc,phases      ] GC(308) Compaction Phase 975.342ms
[176.358s][info][gc,phases,start] GC(308) Post Compact
[176.376s][info][gc,phases      ] GC(308) Post Compact 17.890ms
[176.376s][info][gc,heap        ] GC(308) PSYoungGen: 260935K(603648K)->260935K(603648K) Eden: 188416K(188416K)->188416K(188416K) From: 72519K(415232K)->72519K(415232K)
[176.376s][info][gc,heap        ] GC(308) ParOldGen: 11878378K(11878400K)->11878378K(11878400K)
[176.376s][info][gc,metaspace   ] GC(308) Metaspace: 6296K(6464K)->6296K(6464K) NonClass: 5763K(5824K)->5763K(5824K) Class: 533K(640K)->533K(640K)
[176.376s][info][gc             ] GC(308) Pause Full (Ergonomics) 11854M->11854M(12189M) 3722.615ms
[176.376s][info][gc,cpu         ] GC(308) User=27.02s Sys=0.00s Real=3.72s
[176.376s][info][gc,start       ] GC(309) Pause Full (Ergonomics)
[176.376s][info][gc,phases,start] GC(309) Marking Phase
[179.106s][info][gc,phases      ] GC(309) Marking Phase 2729.249ms
[179.106s][info][gc,phases,start] GC(309) Summary Phase
[179.106s][info][gc,phases      ] GC(309) Summary Phase 0.117ms
[179.106s][info][gc,phases,start] GC(309) Adjust Roots
[179.106s][info][gc,phases      ] GC(309) Adjust Roots 0.194ms
[179.106s][info][gc,phases,start] GC(309) Compaction Phase
[180.073s][info][gc,phases      ] GC(309) Compaction Phase 966.576ms
[180.073s][info][gc,phases,start] GC(309) Post Compact
[180.091s][info][gc,phases      ] GC(309) Post Compact 17.962ms
[180.091s][info][gc,heap        ] GC(309) PSYoungGen: 260935K(603648K)->260935K(603648K) Eden: 188416K(188416K)->188416K(188416K) From: 72519K(415232K)->72519K(415232K)
[180.091s][info][gc,heap        ] GC(309) ParOldGen: 11878383K(11878400K)->11878383K(11878400K)
[180.091s][info][gc,metaspace   ] GC(309) Metaspace: 6296K(6464K)->6296K(6464K) NonClass: 5763K(5824K)->5763K(5824K) Class: 533K(640K)->533K(640K)
[180.091s][info][gc             ] GC(309) Pause Full (Ergonomics) 11854M->11854M(12189M) 3714.446ms
[180.091s][info][gc,cpu         ] GC(309) User=27.06s Sys=0.02s Real=3.71s
[180.091s][info][gc,start       ] GC(310) Pause Full (Ergonomics)
[180.091s][info][gc,phases,start] GC(310) Marking Phase
[182.775s][info][gc,phases      ] GC(310) Marking Phase 2683.871ms
[182.775s][info][gc,phases,start] GC(310) Summary Phase
[182.775s][info][gc,phases      ] GC(310) Summary Phase 0.119ms
[182.775s][info][gc,phases,start] GC(310) Adjust Roots
[182.775s][info][gc,phases      ] GC(310) Adjust Roots 0.210ms
[182.775s][info][gc,phases,start] GC(310) Compaction Phase
[183.754s][info][gc,phases      ] GC(310) Compaction Phase 978.412ms
[183.754s][info][gc,phases,start] GC(310) Post Compact
[183.772s][info][gc,phases      ] GC(310) Post Compact 18.050ms
[183.772s][info][gc,heap        ] GC(310) PSYoungGen: 260935K(603648K)->260935K(603648K) Eden: 188416K(188416K)->188416K(188416K) From: 72519K(415232K)->72519K(415232K)
[183.772s][info][gc,heap        ] GC(310) ParOldGen: 11878388K(11878400K)->11878388K(11878400K)
[183.772s][info][gc,metaspace   ] GC(310) Metaspace: 6296K(6464K)->6296K(6464K) NonClass: 5763K(5824K)->5763K(5824K) Class: 533K(640K)->533K(640K)
[183.772s][info][gc             ] GC(310) Pause Full (Ergonomics) 11854M->11854M(12189M) 3681.043ms
[183.772s][info][gc,cpu         ] GC(310) User=26.73s Sys=0.02s Real=3.68s
[183.772s][info][gc,start       ] GC(311) Pause Full (Ergonomics)
[183.772s][info][gc,phases,start] GC(311) Marking Phase
[186.521s][info][gc,phases      ] GC(311) Marking Phase 2748.348ms
[186.521s][info][gc,phases,start] GC(311) Summary Phase
[186.521s][info][gc,phases      ] GC(311) Summary Phase 0.116ms
[186.521s][info][gc,phases,start] GC(311) Adjust Roots
[186.521s][info][gc,phases      ] GC(311) Adjust Roots 0.196ms
[186.521s][info][gc,phases,start] GC(311) Compaction Phase
[187.512s][info][gc,phases      ] GC(311) Compaction Phase 990.434ms
[187.512s][info][gc,phases,start] GC(311) Post Compact
[187.530s][info][gc,phases      ] GC(311) Post Compact 18.052ms
[187.530s][info][gc,heap        ] GC(311) PSYoungGen: 260935K(603648K)->260935K(603648K) Eden: 188416K(188416K)->188416K(188416K) From: 72519K(415232K)->72519K(415232K)
[187.530s][info][gc,heap        ] GC(311) ParOldGen: 11878393K(11878400K)->11878393K(11878400K)
[187.530s][info][gc,metaspace   ] GC(311) Metaspace: 6296K(6464K)->6296K(6464K) NonClass: 5763K(5824K)->5763K(5824K) Class: 533K(640K)->533K(640K)
[187.530s][info][gc             ] GC(311) Pause Full (Ergonomics) 11854M->11854M(12189M) 3757.503ms
[187.530s][info][gc,cpu         ] GC(311) User=27.14s Sys=0.02s Real=3.76s
[187.530s][info][gc,start       ] GC(312) Pause Full (Ergonomics)
[187.530s][info][gc,phases,start] GC(312) Marking Phase
[190.267s][info][gc,phases      ] GC(312) Marking Phase 2737.397ms
[190.268s][info][gc,phases,start] GC(312) Summary Phase
[190.268s][info][gc,phases      ] GC(312) Summary Phase 0.118ms
[190.268s][info][gc,phases,start] GC(312) Adjust Roots
[190.268s][info][gc,phases      ] GC(312) Adjust Roots 0.177ms
[190.268s][info][gc,phases,start] GC(312) Compaction Phase
[191.235s][info][gc,phases      ] GC(312) Compaction Phase 967.589ms
[191.236s][info][gc,phases,start] GC(312) Post Compact
[191.253s][info][gc,phases      ] GC(312) Post Compact 17.886ms
[191.253s][info][gc,heap        ] GC(312) PSYoungGen: 260935K(603648K)->260935K(603648K) Eden: 188416K(188416K)->188416K(188416K) From: 72519K(415232K)->72519K(415232K)
[191.254s][info][gc,heap        ] GC(312) ParOldGen: 11878398K(11878400K)->11878398K(11878400K)
[191.254s][info][gc,metaspace   ] GC(312) Metaspace: 6296K(6464K)->6296K(6464K) NonClass: 5763K(5824K)->5763K(5824K) Class: 533K(640K)->533K(640K)
[191.254s][info][gc             ] GC(312) Pause Full (Ergonomics) 11854M->11854M(12189M) 3723.516ms
[191.254s][info][gc,cpu         ] GC(312) User=26.98s Sys=0.02s Real=3.72s
[191.254s][info][gc,start       ] GC(313) Pause Full (Ergonomics)
[191.254s][info][gc,phases,start] GC(313) Marking Phase
[193.973s][info][gc,phases      ] GC(313) Marking Phase 2719.133ms
[193.973s][info][gc,phases,start] GC(313) Summary Phase
[193.973s][info][gc,phases      ] GC(313) Summary Phase 0.127ms
[193.973s][info][gc,phases,start] GC(313) Adjust Roots
[193.973s][info][gc,phases      ] GC(313) Adjust Roots 0.226ms
[193.973s][info][gc,phases,start] GC(313) Compaction Phase
[194.967s][info][gc,phases      ] GC(313) Compaction Phase 993.957ms
[194.967s][info][gc,phases,start] GC(313) Post Compact
[194.985s][info][gc,phases      ] GC(313) Post Compact 17.934ms
[194.985s][info][gc,heap        ] GC(313) PSYoungGen: 260935K(603648K)->260935K(603648K) Eden: 188416K(188416K)->188416K(188416K) From: 72519K(415232K)->72519K(415232K)
[194.985s][info][gc,heap        ] GC(313) ParOldGen: 11878400K(11878400K)->11878400K(11878400K)
[194.985s][info][gc,metaspace   ] GC(313) Metaspace: 6296K(6464K)->6296K(6464K) NonClass: 5763K(5824K)->5763K(5824K) Class: 533K(640K)->533K(640K)
[194.985s][info][gc             ] GC(313) Pause Full (Ergonomics) 11854M->11854M(12189M) 3731.742ms
[194.986s][info][gc,cpu         ] GC(313) User=27.00s Sys=0.02s Real=3.73s
[194.986s][info][gc,start       ] GC(314) Pause Full (Allocation Failure)
[194.986s][info][gc,phases,start] GC(314) Marking Phase
[197.712s][info][gc,phases      ] GC(314) Marking Phase 2726.483ms
[197.712s][info][gc,phases,start] GC(314) Summary Phase
[197.712s][info][gc,phases      ] GC(314) Summary Phase 0.113ms
[197.712s][info][gc,phases,start] GC(314) Adjust Roots
[197.713s][info][gc,phases      ] GC(314) Adjust Roots 0.360ms
[197.713s][info][gc,phases,start] GC(314) Compaction Phase
[200.772s][info][gc,phases      ] GC(314) Compaction Phase 3059.279ms
[200.772s][info][gc,phases,start] GC(314) Post Compact
[200.790s][info][gc,phases      ] GC(314) Post Compact 18.381ms
[200.790s][info][gc,heap        ] GC(314) PSYoungGen: 260935K(603648K)->260935K(603648K) Eden: 188416K(188416K)->188416K(188416K) From: 72519K(415232K)->72519K(415232K)
[200.791s][info][gc,heap        ] GC(314) ParOldGen: 11878400K(11878400K)->11878395K(11878400K)
[200.791s][info][gc,metaspace   ] GC(314) Metaspace: 6296K(6464K)->6294K(6464K) NonClass: 5763K(5824K)->5762K(5824K) Class: 533K(640K)->532K(640K)
[200.791s][info][gc             ] GC(314) Pause Full (Allocation Failure) 11854M->11854M(12189M) 5804.999ms
[200.791s][info][gc,cpu         ] GC(314) User=43.16s Sys=0.05s Real=5.81s
[200.791s][info][gc,start       ] GC(315) Pause Full (Ergonomics)
[200.791s][info][gc,phases,start] GC(315) Marking Phase
[203.515s][info][gc,phases      ] GC(315) Marking Phase 2724.276ms
[203.515s][info][gc,phases,start] GC(315) Summary Phase
[203.516s][info][gc,phases      ] GC(315) Summary Phase 0.109ms
[203.516s][info][gc,phases,start] GC(315) Adjust Roots
[203.516s][info][gc,phases      ] GC(315) Adjust Roots 0.161ms
[203.516s][info][gc,phases,start] GC(315) Compaction Phase
[204.475s][info][gc,phases      ] GC(315) Compaction Phase 959.312ms
[204.475s][info][gc,phases,start] GC(315) Post Compact
[204.493s][info][gc,phases      ] GC(315) Post Compact 17.912ms
[204.493s][info][gc,heap        ] GC(315) PSYoungGen: 260935K(603648K)->260935K(603648K) Eden: 188416K(188416K)->188416K(188416K) From: 72519K(415232K)->72519K(415232K)
[204.493s][info][gc,heap        ] GC(315) ParOldGen: 11878398K(11878400K)->11878398K(11878400K)
[204.493s][info][gc,metaspace   ] GC(315) Metaspace: 6294K(6464K)->6294K(6464K) NonClass: 5762K(5824K)->5762K(5824K) Class: 532K(640K)->532K(640K)
[204.493s][info][gc             ] GC(315) Pause Full (Ergonomics) 11854M->11854M(12189M) 3702.102ms
[204.493s][info][gc,cpu         ] GC(315) User=26.89s Sys=0.02s Real=3.70s
[204.494s][info][gc,start       ] GC(316) Pause Full (Ergonomics)
[204.494s][info][gc,phases,start] GC(316) Marking Phase
[207.220s][info][gc,phases      ] GC(316) Marking Phase 2726.635ms
[207.220s][info][gc,phases,start] GC(316) Summary Phase
[207.220s][info][gc,phases      ] GC(316) Summary Phase 0.109ms
[207.220s][info][gc,phases,start] GC(316) Adjust Roots
[207.221s][info][gc,phases      ] GC(316) Adjust Roots 0.170ms
[207.221s][info][gc,phases,start] GC(316) Compaction Phase
[208.196s][info][gc,phases      ] GC(316) Compaction Phase 975.114ms
[208.196s][info][gc,phases,start] GC(316) Post Compact
[208.214s][info][gc,phases      ] GC(316) Post Compact 17.901ms
[208.214s][info][gc,heap        ] GC(316) PSYoungGen: 260935K(603648K)->260935K(603648K) Eden: 188416K(188416K)->188416K(188416K) From: 72519K(415232K)->72519K(415232K)
[208.214s][info][gc,heap        ] GC(316) ParOldGen: 11878399K(11878400K)->11878399K(11878400K)
[208.214s][info][gc,metaspace   ] GC(316) Metaspace: 6294K(6464K)->6294K(6464K) NonClass: 5762K(5824K)->5762K(5824K) Class: 532K(640K)->532K(640K)
[208.214s][info][gc             ] GC(316) Pause Full (Ergonomics) 11854M->11854M(12189M) 3720.295ms
[208.214s][info][gc,cpu         ] GC(316) User=26.88s Sys=0.00s Real=3.72s
[208.214s][info][gc,start       ] GC(317) Pause Full (Allocation Failure)
[208.214s][info][gc,phases,start] GC(317) Marking Phase
[210.928s][info][gc,phases      ] GC(317) Marking Phase 2714.155ms
[210.928s][info][gc,phases,start] GC(317) Summary Phase
[210.928s][info][gc,phases      ] GC(317) Summary Phase 0.114ms
[210.928s][info][gc,phases,start] GC(317) Adjust Roots
[210.928s][info][gc,phases      ] GC(317) Adjust Roots 0.183ms
[210.929s][info][gc,phases,start] GC(317) Compaction Phase
[211.903s][info][gc,phases      ] GC(317) Compaction Phase 974.276ms
[211.903s][info][gc,phases,start] GC(317) Post Compact
[211.921s][info][gc,phases      ] GC(317) Post Compact 17.977ms
[211.921s][info][gc,heap        ] GC(317) PSYoungGen: 260935K(603648K)->260935K(603648K) Eden: 188416K(188416K)->188416K(188416K) From: 72519K(415232K)->72519K(415232K)
[211.921s][info][gc,heap        ] GC(317) ParOldGen: 11878399K(11878400K)->11878399K(11878400K)
[211.921s][info][gc,metaspace   ] GC(317) Metaspace: 6294K(6464K)->6294K(6464K) NonClass: 5762K(5824K)->5762K(5824K) Class: 532K(640K)->532K(640K)
[211.921s][info][gc             ] GC(317) Pause Full (Allocation Failure) 11854M->11854M(12189M) 3707.032ms
[211.921s][info][gc,cpu         ] GC(317) User=26.97s Sys=0.00s Real=3.71s
[211.921s][info][gc,start       ] GC(318) Pause Full (Ergonomics)
[211.921s][info][gc,phases,start] GC(318) Marking Phase
[214.635s][info][gc,phases      ] GC(318) Marking Phase 2713.044ms
[214.635s][info][gc,phases,start] GC(318) Summary Phase
[214.635s][info][gc,phases      ] GC(318) Summary Phase 0.111ms
[214.635s][info][gc,phases,start] GC(318) Adjust Roots
[214.635s][info][gc,phases      ] GC(318) Adjust Roots 0.223ms
[214.635s][info][gc,phases,start] GC(318) Compaction Phase
[217.718s][info][gc,phases      ] GC(318) Compaction Phase 3082.523ms
[217.718s][info][gc,phases,start] GC(318) Post Compact
[217.736s][info][gc,phases      ] GC(318) Post Compact 18.084ms
[217.736s][info][gc,heap        ] GC(318) PSYoungGen: 260935K(603648K)->260935K(603648K) Eden: 188416K(188416K)->188416K(188416K) From: 72519K(415232K)->72519K(415232K)
[217.736s][info][gc,heap        ] GC(318) ParOldGen: 11878399K(11878400K)->11878398K(11878400K)
[217.736s][info][gc,metaspace   ] GC(318) Metaspace: 6294K(6464K)->6294K(6464K) NonClass: 5762K(5824K)->5762K(5824K) Class: 532K(640K)->532K(640K)
[217.736s][info][gc             ] GC(318) Pause Full (Ergonomics) 11854M->11854M(12189M) 5814.370ms
[217.736s][info][gc,cpu         ] GC(318) User=43.33s Sys=0.00s Real=5.81s
[217.737s][info][gc,start       ] GC(319) Pause Full (Ergonomics)
[217.737s][info][gc,phases,start] GC(319) Marking Phase
[220.472s][info][gc,phases      ] GC(319) Marking Phase 2734.735ms
[220.472s][info][gc,phases,start] GC(319) Summary Phase
[220.472s][info][gc,phases      ] GC(319) Summary Phase 0.113ms
[220.472s][info][gc,phases,start] GC(319) Adjust Roots
[220.472s][info][gc,phases      ] GC(319) Adjust Roots 0.227ms
[220.472s][info][gc,phases,start] GC(319) Compaction Phase
[223.557s][info][gc,phases      ] GC(319) Compaction Phase 3085.220ms
[223.557s][info][gc,phases,start] GC(319) Post Compact
[223.576s][info][gc,phases      ] GC(319) Post Compact 18.081ms
[223.576s][info][gc,heap        ] GC(319) PSYoungGen: 260935K(603648K)->260935K(603648K) Eden: 188416K(188416K)->188416K(188416K) From: 72519K(415232K)->72519K(415232K)
[223.576s][info][gc,heap        ] GC(319) ParOldGen: 11878399K(11878400K)->11878396K(11878400K)
[223.576s][info][gc,metaspace   ] GC(319) Metaspace: 6296K(6464K)->6296K(6464K) NonClass: 5762K(5824K)->5762K(5824K) Class: 533K(640K)->533K(640K)
[223.576s][info][gc             ] GC(319) Pause Full (Ergonomics) 11854M->11854M(12189M) 5838.763ms
[223.576s][info][gc,cpu         ] GC(319) User=43.19s Sys=0.03s Real=5.84s
[223.576s][info][gc,heap,exit   ] Heap
[223.576s][info][gc,heap,exit   ]  PSYoungGen      total 603648K, used 260935K [0x0000000695800000, 0x00000006dce00000, 0x0000000800000000)
[223.576s][info][gc,heap,exit   ]   eden space 188416K, 100% used [0x0000000695800000,0x00000006a1000000,0x00000006a1000000)
[223.576s][info][gc,heap,exit   ]   from space 415232K, 17% used [0x00000006be700000,0x00000006c2dd1e10,0x00000006d7c80000)
[223.576s][info][gc,heap,exit   ]   to   space 482304K, 0% used [0x00000006a1000000,0x00000006a1000000,0x00000006be700000)
[223.576s][info][gc,heap,exit   ]  ParOldGen       total 11878400K, used 11878397K [0x00000003c0800000, 0x0000000695800000, 0x0000000695800000)
[223.576s][info][gc,heap,exit   ]   object space 11878400K, 99% used [0x00000003c0800000,0x00000006957ff750,0x0000000695800000)
[223.576s][info][gc,heap,exit   ]  Metaspace       used 6299K, committed 6464K, reserved 1114112K
[223.576s][info][gc,heap,exit   ]   class space    used 534K, committed 640K, reserved 1048576K
