[0.012s][info][gc,init] CardTable entry size: 512
[0.012s][info][gc     ] Using Serial
[0.012s][info][gc,init] Version: 18.0.1+10 (release)
[0.012s][info][gc,init] CPUs: 8 total, 8 available
[0.012s][info][gc,init] Memory: 16063M
[0.012s][info][gc,init] Large Page Support: Disabled
[0.012s][info][gc,init] NUMA Support: Disabled
[0.012s][info][gc,init] Compressed Oops: Enabled (Zero based)
[0.012s][info][gc,init] Heap Min Capacity: 2M
[0.012s][info][gc,init] Heap Initial Capacity: 2M
[0.012s][info][gc,init] Heap Max Capacity: 9500M
[0.012s][info][gc,init] Pre-touch: Disabled
[0.013s][info][gc,metaspace] CDS archive(s) not mapped
[0.013s][info][gc,metaspace] Compressed class space mapped at: 0x0000000800000000-0x0000000840000000, reserved size: 1073741824
[0.013s][info][gc,metaspace] Narrow klass base: 0x0000000800000000, Narrow klass shift: 0, Narrow klass range: 0x40000000
[0.187s][info][gc,start    ] GC(0) Pause Young (Allocation Failure)
[0.189s][info][gc,heap     ] GC(0) DefNew: 1023K(1152K)->127K(1152K) Eden: 1023K(1024K)->0K(1024K) From: 0K(128K)->127K(128K)
[0.189s][info][gc,heap     ] GC(0) Tenured: 0K(768K)->439K(768K)
[0.189s][info][gc,metaspace] GC(0) Metaspace: 5903K(6016K)->5903K(6016K) NonClass: 5404K(5504K)->5404K(5504K) Class: 499K(512K)->499K(512K)
[0.189s][info][gc          ] GC(0) Pause Young (Allocation Failure) 0M->0M(1M) 1.917ms
[0.189s][info][gc,cpu      ] GC(0) User=0.00s Sys=0.00s Real=0.00s
[0.208s][info][gc,start    ] GC(1) Pause Young (Allocation Failure)
[0.209s][info][gc          ] GC(1) Pause Young (Allocation Failure) 1M->0M(2M) 1.117ms
[0.209s][info][gc,cpu      ] GC(1) User=0.00s Sys=0.00s Real=0.00s
[0.209s][info][gc,start    ] GC(2) Pause Full (Allocation Failure)
[0.209s][info][gc,phases,start] GC(2) Phase 1: Mark live objects
[0.210s][info][gc,phases      ] GC(2) Phase 1: Mark live objects 0.922ms
[0.210s][info][gc,phases,start] GC(2) Phase 2: Compute new object addresses
[0.211s][info][gc,phases      ] GC(2) Phase 2: Compute new object addresses 0.238ms
[0.211s][info][gc,phases,start] GC(2) Phase 3: Adjust pointers
[0.211s][info][gc,phases      ] GC(2) Phase 3: Adjust pointers 0.513ms
[0.211s][info][gc,phases,start] GC(2) Phase 4: Move objects
[0.211s][info][gc,phases      ] GC(2) Phase 4: Move objects 0.060ms
[0.211s][info][gc,heap        ] GC(2) DefNew: 1151K(1152K)->40K(1152K) Eden: 1024K(1024K)->40K(1024K) From: 127K(128K)->0K(128K)
[0.211s][info][gc,heap        ] GC(2) Tenured: 439K(768K)->960K(1600K)
[0.211s][info][gc,metaspace   ] GC(2) Metaspace: 6301K(6528K)->6301K(6528K) NonClass: 5767K(5888K)->5767K(5888K) Class: 533K(640K)->533K(640K)
[0.211s][info][gc             ] GC(2) Pause Full (Allocation Failure) 0M->0M(2M) 2.020ms
[0.211s][info][gc,cpu         ] GC(2) User=0.00s Sys=0.00s Real=0.00s
[0.213s][info][gc,start       ] GC(3) Pause Young (Allocation Failure)
[0.214s][info][gc,heap        ] GC(3) DefNew: 1024K(1152K)->127K(1152K) Eden: 1024K(1024K)->0K(1024K) From: 0K(128K)->127K(128K)
[0.214s][info][gc,heap        ] GC(3) Tenured: 960K(1600K)->1374K(1600K)
[0.214s][info][gc,metaspace   ] GC(3) Metaspace: 6301K(6528K)->6301K(6528K) NonClass: 5767K(5888K)->5767K(5888K) Class: 533K(640K)->533K(640K)
[0.214s][info][gc             ] GC(3) Pause Young (Allocation Failure) 1M->1M(2M) 1.475ms
[0.214s][info][gc,cpu         ] GC(3) User=0.00s Sys=0.00s Real=0.00s
[0.216s][info][gc,start       ] GC(4) Pause Young (Allocation Failure)
[0.217s][info][gc             ] GC(4) Pause Young (Allocation Failure) 2M->1M(3M) 1.109ms
[0.218s][info][gc,cpu         ] GC(4) User=0.00s Sys=0.00s Real=0.00s
[0.218s][info][gc,start       ] GC(5) Pause Full (Allocation Failure)
[0.218s][info][gc,phases,start] GC(5) Phase 1: Mark live objects
[0.219s][info][gc,phases      ] GC(5) Phase 1: Mark live objects 1.363ms
[0.219s][info][gc,phases,start] GC(5) Phase 2: Compute new object addresses
[0.219s][info][gc,phases      ] GC(5) Phase 2: Compute new object addresses 0.352ms
[0.219s][info][gc,phases,start] GC(5) Phase 3: Adjust pointers
[0.220s][info][gc,phases      ] GC(5) Phase 3: Adjust pointers 0.619ms
[0.220s][info][gc,phases,start] GC(5) Phase 4: Move objects
[0.220s][info][gc,phases      ] GC(5) Phase 4: Move objects 0.068ms
[0.220s][info][gc,heap        ] GC(5) DefNew: 1151K(1152K)->34K(1536K) Eden: 1024K(1024K)->34K(1408K) From: 127K(128K)->0K(128K)
[0.220s][info][gc,heap        ] GC(5) Tenured: 1374K(1600K)->1983K(3308K)
[0.220s][info][gc,metaspace   ] GC(5) Metaspace: 6301K(6528K)->6301K(6528K) NonClass: 5767K(5888K)->5767K(5888K) Class: 533K(640K)->533K(640K)
[0.220s][info][gc             ] GC(5) Pause Full (Allocation Failure) 1M->1M(4M) 2.722ms
[0.220s][info][gc,cpu         ] GC(5) User=0.00s Sys=0.00s Real=0.00s
[0.222s][info][gc,start       ] GC(6) Pause Young (Allocation Failure)
[0.224s][info][gc,heap        ] GC(6) DefNew: 1408K(1536K)->127K(1536K) Eden: 1408K(1408K)->0K(1408K) From: 0K(128K)->127K(128K)
[0.224s][info][gc,heap        ] GC(6) Tenured: 1983K(3308K)->2617K(3308K)
[0.224s][info][gc,metaspace   ] GC(6) Metaspace: 6301K(6528K)->6301K(6528K) NonClass: 5767K(5888K)->5767K(5888K) Class: 533K(640K)->533K(640K)
[0.224s][info][gc             ] GC(6) Pause Young (Allocation Failure) 3M->2M(4M) 2.076ms
[0.224s][info][gc,cpu         ] GC(6) User=0.00s Sys=0.00s Real=0.00s
[0.226s][info][gc,start       ] GC(7) Pause Young (Allocation Failure)
[0.228s][info][gc             ] GC(7) Pause Young (Allocation Failure) 4M->3M(4M) 1.975ms
[0.228s][info][gc,cpu         ] GC(7) User=0.00s Sys=0.00s Real=0.00s
[0.228s][info][gc,start       ] GC(8) Pause Full (Allocation Failure)
[0.228s][info][gc,phases,start] GC(8) Phase 1: Mark live objects
[0.231s][info][gc,phases      ] GC(8) Phase 1: Mark live objects 2.663ms
[0.231s][info][gc,phases,start] GC(8) Phase 2: Compute new object addresses
[0.232s][info][gc,phases      ] GC(8) Phase 2: Compute new object addresses 0.646ms
[0.232s][info][gc,phases,start] GC(8) Phase 3: Adjust pointers
[0.233s][info][gc,phases      ] GC(8) Phase 3: Adjust pointers 1.130ms
[0.233s][info][gc,phases,start] GC(8) Phase 4: Move objects
[0.233s][info][gc,phases      ] GC(8) Phase 4: Move objects 0.083ms
[0.233s][info][gc,heap        ] GC(8) DefNew: 1535K(1536K)->0K(2688K) Eden: 1408K(1408K)->0K(2432K) From: 127K(128K)->0K(256K)
[0.233s][info][gc,heap        ] GC(8) Tenured: 2617K(3308K)->3460K(5768K)
[0.233s][info][gc,metaspace   ] GC(8) Metaspace: 6301K(6528K)->6301K(6528K) NonClass: 5767K(5888K)->5767K(5888K) Class: 533K(640K)->533K(640K)
[0.233s][info][gc             ] GC(8) Pause Full (Allocation Failure) 3M->3M(8M) 4.855ms
[0.233s][info][gc,cpu         ] GC(8) User=0.00s Sys=0.00s Real=0.01s
[0.237s][info][gc,start       ] GC(9) Pause Young (Allocation Failure)
[0.241s][info][gc,heap        ] GC(9) DefNew: 2432K(2688K)->256K(2688K) Eden: 2432K(2432K)->0K(2432K) From: 0K(256K)->256K(256K)
[0.241s][info][gc,heap        ] GC(9) Tenured: 3460K(5768K)->4512K(5768K)
[0.241s][info][gc,metaspace   ] GC(9) Metaspace: 6301K(6528K)->6301K(6528K) NonClass: 5767K(5888K)->5767K(5888K) Class: 533K(640K)->533K(640K)
[0.241s][info][gc             ] GC(9) Pause Young (Allocation Failure) 5M->4M(8M) 3.654ms
[0.241s][info][gc,cpu         ] GC(9) User=0.00s Sys=0.00s Real=0.00s
[0.245s][info][gc,start       ] GC(10) Pause Young (Allocation Failure)
[0.248s][info][gc,heap        ] GC(10) DefNew: 2688K(2688K)->256K(2688K) Eden: 2432K(2432K)->0K(2432K) From: 256K(256K)->256K(256K)
[0.248s][info][gc,heap        ] GC(10) Tenured: 4512K(5768K)->5755K(5768K)
[0.248s][info][gc,metaspace   ] GC(10) Metaspace: 6301K(6528K)->6301K(6528K) NonClass: 5767K(5888K)->5767K(5888K) Class: 533K(640K)->533K(640K)
[0.248s][info][gc             ] GC(10) Pause Young (Allocation Failure) 7M->5M(8M) 3.110ms
[0.248s][info][gc,cpu         ] GC(10) User=0.00s Sys=0.00s Real=0.00s
[0.251s][info][gc,start       ] GC(11) Pause Young (Allocation Failure)
[0.255s][info][gc             ] GC(11) Pause Young (Allocation Failure) 8M->7M(9M) 3.622ms
[0.255s][info][gc,cpu         ] GC(11) User=0.00s Sys=0.00s Real=0.00s
[0.255s][info][gc,start       ] GC(12) Pause Full (Allocation Failure)
[0.255s][info][gc,phases,start] GC(12) Phase 1: Mark live objects
[0.260s][info][gc,phases      ] GC(12) Phase 1: Mark live objects 5.258ms
[0.260s][info][gc,phases,start] GC(12) Phase 2: Compute new object addresses
[0.262s][info][gc,phases      ] GC(12) Phase 2: Compute new object addresses 1.269ms
[0.262s][info][gc,phases,start] GC(12) Phase 3: Adjust pointers
[0.264s][info][gc,phases      ] GC(12) Phase 3: Adjust pointers 1.998ms
[0.264s][info][gc,phases,start] GC(12) Phase 4: Move objects
[0.265s][info][gc,phases      ] GC(12) Phase 4: Move objects 1.593ms
[0.265s][info][gc,heap        ] GC(12) DefNew: 2688K(2688K)->0K(5376K) Eden: 2432K(2432K)->0K(4800K) From: 256K(256K)->0K(576K)
[0.266s][info][gc,heap        ] GC(12) Tenured: 5755K(5768K)->7132K(11888K)
[0.266s][info][gc,metaspace   ] GC(12) Metaspace: 6301K(6528K)->6301K(6528K) NonClass: 5767K(5888K)->5767K(5888K) Class: 533K(640K)->533K(640K)
[0.266s][info][gc             ] GC(12) Pause Full (Allocation Failure) 7M->6M(16M) 10.670ms
[0.266s][info][gc,cpu         ] GC(12) User=0.00s Sys=0.00s Real=0.01s
[0.271s][info][gc,start       ] GC(13) Pause Young (Allocation Failure)
[0.276s][info][gc,heap        ] GC(13) DefNew: 4800K(5376K)->575K(5376K) Eden: 4800K(4800K)->0K(4800K) From: 0K(576K)->575K(576K)
[0.276s][info][gc,heap        ] GC(13) Tenured: 7132K(11888K)->9027K(11888K)
[0.276s][info][gc,metaspace   ] GC(13) Metaspace: 6301K(6528K)->6301K(6528K) NonClass: 5767K(5888K)->5767K(5888K) Class: 533K(640K)->533K(640K)
[0.276s][info][gc             ] GC(13) Pause Young (Allocation Failure) 11M->9M(16M) 5.037ms
[0.276s][info][gc,cpu         ] GC(13) User=0.00s Sys=0.00s Real=0.01s
[0.282s][info][gc,start       ] GC(14) Pause Young (Allocation Failure)
[0.288s][info][gc,heap        ] GC(14) DefNew: 5375K(5376K)->576K(5376K) Eden: 4800K(4800K)->0K(4800K) From: 575K(576K)->576K(576K)
[0.288s][info][gc,heap        ] GC(14) Tenured: 9027K(11888K)->11746K(11888K)
[0.288s][info][gc,metaspace   ] GC(14) Metaspace: 6301K(6528K)->6301K(6528K) NonClass: 5767K(5888K)->5767K(5888K) Class: 533K(640K)->533K(640K)
[0.288s][info][gc             ] GC(14) Pause Young (Allocation Failure) 14M->12M(16M) 6.461ms
[0.288s][info][gc,cpu         ] GC(14) User=0.00s Sys=0.00s Real=0.01s
[0.293s][info][gc,start       ] GC(15) Pause Young (Allocation Failure)
[0.299s][info][gc             ] GC(15) Pause Young (Allocation Failure) 16M->14M(19M) 6.284ms
[0.299s][info][gc,cpu         ] GC(15) User=0.00s Sys=0.00s Real=0.01s
[0.299s][info][gc,start       ] GC(16) Pause Full (Allocation Failure)
[0.299s][info][gc,phases,start] GC(16) Phase 1: Mark live objects
[0.308s][info][gc,phases      ] GC(16) Phase 1: Mark live objects 8.861ms
[0.308s][info][gc,phases,start] GC(16) Phase 2: Compute new object addresses
[0.311s][info][gc,phases      ] GC(16) Phase 2: Compute new object addresses 2.575ms
[0.311s][info][gc,phases,start] GC(16) Phase 3: Adjust pointers
[0.314s][info][gc,phases      ] GC(16) Phase 3: Adjust pointers 3.057ms
[0.314s][info][gc,phases,start] GC(16) Phase 4: Move objects
[0.314s][info][gc,phases      ] GC(16) Phase 4: Move objects 0.125ms
[0.314s][info][gc,heap        ] GC(16) DefNew: 5376K(5376K)->447K(10816K) Eden: 4800K(4800K)->447K(9664K) From: 576K(576K)->0K(1152K)
[0.314s][info][gc,heap        ] GC(16) Tenured: 11746K(11888K)->14323K(23876K)
[0.314s][info][gc,metaspace   ] GC(16) Metaspace: 6303K(6528K)->6303K(6528K) NonClass: 5769K(5888K)->5769K(5888K) Class: 533K(640K)->533K(640K)
[0.314s][info][gc             ] GC(16) Pause Full (Allocation Failure) 14M->14M(33M) 14.998ms
[0.314s][info][gc,cpu         ] GC(16) User=0.02s Sys=0.00s Real=0.02s
[0.321s][info][gc,start       ] GC(17) Pause Young (Allocation Failure)
[0.333s][info][gc,heap        ] GC(17) DefNew: 9664K(10816K)->1152K(10816K) Eden: 9664K(9664K)->0K(9664K) From: 0K(1152K)->1152K(1152K)
[0.333s][info][gc,heap        ] GC(17) Tenured: 14323K(23876K)->18351K(23876K)
[0.333s][info][gc,metaspace   ] GC(17) Metaspace: 6303K(6528K)->6303K(6528K) NonClass: 5769K(5888K)->5769K(5888K) Class: 533K(640K)->533K(640K)
[0.333s][info][gc             ] GC(17) Pause Young (Allocation Failure) 23M->19M(33M) 12.188ms
[0.333s][info][gc,cpu         ] GC(17) User=0.00s Sys=0.00s Real=0.01s
[0.340s][info][gc,start       ] GC(18) Pause Young (Allocation Failure)
[0.353s][info][gc,heap        ] GC(18) DefNew: 10816K(10816K)->1151K(10816K) Eden: 9664K(9664K)->0K(9664K) From: 1152K(1152K)->1151K(1152K)
[0.353s][info][gc,heap        ] GC(18) Tenured: 18351K(23876K)->23839K(23876K)
[0.353s][info][gc,metaspace   ] GC(18) Metaspace: 6303K(6528K)->6303K(6528K) NonClass: 5769K(5888K)->5769K(5888K) Class: 533K(640K)->533K(640K)
[0.353s][info][gc             ] GC(18) Pause Young (Allocation Failure) 28M->24M(33M) 13.088ms
[0.353s][info][gc,cpu         ] GC(18) User=0.00s Sys=0.00s Real=0.01s
[0.358s][info][gc,start       ] GC(19) Pause Young (Allocation Failure)
[0.370s][info][gc             ] GC(19) Pause Young (Allocation Failure) 33M->29M(38M) 11.257ms
[0.370s][info][gc,cpu         ] GC(19) User=0.00s Sys=0.00s Real=0.01s
[0.370s][info][gc,start       ] GC(20) Pause Full (Allocation Failure)
[0.370s][info][gc,phases,start] GC(20) Phase 1: Mark live objects
[0.384s][info][gc,phases      ] GC(20) Phase 1: Mark live objects 14.575ms
[0.384s][info][gc,phases,start] GC(20) Phase 2: Compute new object addresses
[0.389s][info][gc,phases      ] GC(20) Phase 2: Compute new object addresses 4.799ms
[0.389s][info][gc,phases,start] GC(20) Phase 3: Adjust pointers
[0.395s][info][gc,phases      ] GC(20) Phase 3: Adjust pointers 5.566ms
[0.395s][info][gc,phases,start] GC(20) Phase 4: Move objects
[0.395s][info][gc,phases      ] GC(20) Phase 4: Move objects 0.178ms
[0.395s][info][gc,heap        ] GC(20) DefNew: 10815K(10816K)->1048K(21760K) Eden: 9664K(9664K)->1048K(19392K) From: 1151K(1152K)->0K(2368K)
[0.395s][info][gc,heap        ] GC(20) Tenured: 23839K(23876K)->28935K(48228K)
[0.395s][info][gc,metaspace   ] GC(20) Metaspace: 6303K(6528K)->6303K(6528K) NonClass: 5769K(5888K)->5769K(5888K) Class: 533K(640K)->533K(640K)
[0.395s][info][gc             ] GC(20) Pause Full (Allocation Failure) 29M->29M(68M) 25.532ms
[0.395s][info][gc,cpu         ] GC(20) User=0.03s Sys=0.00s Real=0.03s
[0.409s][info][gc,start       ] GC(21) Pause Young (Allocation Failure)
[0.437s][info][gc,heap        ] GC(21) DefNew: 19392K(21760K)->2367K(21760K) Eden: 19392K(19392K)->0K(19392K) From: 0K(2368K)->2367K(2368K)
[0.437s][info][gc,heap        ] GC(21) Tenured: 28935K(48228K)->38998K(48228K)
[0.437s][info][gc,metaspace   ] GC(21) Metaspace: 6303K(6528K)->6303K(6528K) NonClass: 5769K(5888K)->5769K(5888K) Class: 533K(640K)->533K(640K)
[0.437s][info][gc             ] GC(21) Pause Young (Allocation Failure) 47M->40M(68M) 27.864ms
[0.437s][info][gc,cpu         ] GC(21) User=0.02s Sys=0.00s Real=0.03s
[0.456s][info][gc,start       ] GC(22) Pause Young (Allocation Failure)
[0.491s][info][gc             ] GC(22) Pause Young (Allocation Failure) 59M->59M(78M) 35.094ms
[0.491s][info][gc,cpu         ] GC(22) User=0.03s Sys=0.00s Real=0.04s
[0.491s][info][gc,start       ] GC(23) Pause Full (Allocation Failure)
[0.491s][info][gc,phases,start] GC(23) Phase 1: Mark live objects
[0.516s][info][gc,phases      ] GC(23) Phase 1: Mark live objects 24.802ms
[0.516s][info][gc,phases,start] GC(23) Phase 2: Compute new object addresses
[0.526s][info][gc,phases      ] GC(23) Phase 2: Compute new object addresses 9.573ms
[0.526s][info][gc,phases,start] GC(23) Phase 3: Adjust pointers
[0.537s][info][gc,phases      ] GC(23) Phase 3: Adjust pointers 11.076ms
[0.537s][info][gc,phases,start] GC(23) Phase 4: Move objects
[0.537s][info][gc,phases      ] GC(23) Phase 4: Move objects 0.438ms
[0.538s][info][gc,heap        ] GC(23) DefNew: 21759K(21760K)->2328K(43840K) Eden: 19392K(19392K)->2328K(38976K) From: 2367K(2368K)->0K(4864K)
[0.538s][info][gc,heap        ] GC(23) Tenured: 38998K(48228K)->58403K(97340K)
[0.538s][info][gc,metaspace   ] GC(23) Metaspace: 6303K(6528K)->6303K(6528K) NonClass: 5769K(5888K)->5769K(5888K) Class: 533K(640K)->533K(640K)
[0.538s][info][gc             ] GC(23) Pause Full (Allocation Failure) 59M->59M(137M) 46.655ms
[0.538s][info][gc,cpu         ] GC(23) User=0.03s Sys=0.00s Real=0.05s
[0.579s][info][gc,start       ] GC(24) Pause Young (Allocation Failure)
[0.646s][info][gc,heap        ] GC(24) DefNew: 38976K(43840K)->4863K(43840K) Eden: 38976K(38976K)->0K(38976K) From: 0K(4864K)->4863K(4864K)
[0.646s][info][gc,heap        ] GC(24) Tenured: 58403K(97340K)->92490K(97340K)
[0.646s][info][gc,metaspace   ] GC(24) Metaspace: 6303K(6528K)->6303K(6528K) NonClass: 5769K(5888K)->5769K(5888K) Class: 533K(640K)->533K(640K)
[0.646s][info][gc             ] GC(24) Pause Young (Allocation Failure) 95M->95M(137M) 66.947ms
[0.646s][info][gc,cpu         ] GC(24) User=0.05s Sys=0.00s Real=0.07s
[0.678s][info][gc,start       ] GC(25) Pause Young (Allocation Failure)
[0.747s][info][gc             ] GC(25) Pause Young (Allocation Failure) 133M->133M(171M) 69.568ms
[0.747s][info][gc,cpu         ] GC(25) User=0.05s Sys=0.00s Real=0.07s
[0.747s][info][gc,start       ] GC(26) Pause Full (Allocation Failure)
[0.747s][info][gc,phases,start] GC(26) Phase 1: Mark live objects
[0.806s][info][gc,phases      ] GC(26) Phase 1: Mark live objects 59.076ms
[0.806s][info][gc,phases,start] GC(26) Phase 2: Compute new object addresses
[0.831s][info][gc,phases      ] GC(26) Phase 2: Compute new object addresses 24.820ms
[0.831s][info][gc,phases,start] GC(26) Phase 3: Adjust pointers
[0.862s][info][gc,phases      ] GC(26) Phase 3: Adjust pointers 30.277ms
[0.862s][info][gc,phases,start] GC(26) Phase 4: Move objects
[0.887s][info][gc,phases      ] GC(26) Phase 4: Move objects 25.448ms
[0.888s][info][gc,heap        ] GC(26) DefNew: 43839K(43840K)->940K(98688K) Eden: 38976K(38976K)->940K(87744K) From: 4863K(4864K)->0K(10944K)
[0.888s][info][gc,heap        ] GC(26) Tenured: 92490K(97340K)->131515K(219196K)
[0.888s][info][gc,metaspace   ] GC(26) Metaspace: 6303K(6528K)->6303K(6528K) NonClass: 5769K(5888K)->5769K(5888K) Class: 533K(640K)->533K(640K)
[0.888s][info][gc             ] GC(26) Pause Full (Allocation Failure) 133M->129M(310M) 140.505ms
[0.888s][info][gc,cpu         ] GC(26) User=0.12s Sys=0.00s Real=0.14s
[0.981s][info][gc,start       ] GC(27) Pause Young (Allocation Failure)
[1.125s][info][gc,heap        ] GC(27) DefNew: 87744K(98688K)->10943K(98688K) Eden: 87744K(87744K)->0K(87744K) From: 0K(10944K)->10943K(10944K)
[1.125s][info][gc,heap        ] GC(27) Tenured: 131515K(219196K)->208285K(219196K)
[1.125s][info][gc,metaspace   ] GC(27) Metaspace: 6303K(6528K)->6303K(6528K) NonClass: 5769K(5888K)->5769K(5888K) Class: 533K(640K)->533K(640K)
[1.125s][info][gc             ] GC(27) Pause Young (Allocation Failure) 214M->214M(310M) 143.619ms
[1.125s][info][gc,cpu         ] GC(27) User=0.11s Sys=0.02s Real=0.14s
[1.205s][info][gc,start       ] GC(28) Pause Young (Allocation Failure)
[1.371s][info][gc             ] GC(28) Pause Young (Allocation Failure) 299M->299M(385M) 165.397ms
[1.371s][info][gc,cpu         ] GC(28) User=0.16s Sys=0.00s Real=0.16s
[1.371s][info][gc,start       ] GC(29) Pause Full (Allocation Failure)
[1.371s][info][gc,phases,start] GC(29) Phase 1: Mark live objects
[1.524s][info][gc,phases      ] GC(29) Phase 1: Mark live objects 152.897ms
[1.524s][info][gc,phases,start] GC(29) Phase 2: Compute new object addresses
[1.586s][info][gc,phases      ] GC(29) Phase 2: Compute new object addresses 62.543ms
[1.586s][info][gc,phases,start] GC(29) Phase 3: Adjust pointers
[1.645s][info][gc,phases      ] GC(29) Phase 3: Adjust pointers 58.891ms
[1.645s][info][gc,phases,start] GC(29) Phase 4: Move objects
[1.648s][info][gc,phases      ] GC(29) Phase 4: Move objects 2.494ms
[1.649s][info][gc,heap        ] GC(29) DefNew: 98687K(98688K)->10813K(222144K) Eden: 87744K(87744K)->10813K(197504K) From: 10943K(10944K)->0K(24640K)
[1.649s][info][gc,heap        ] GC(29) Tenured: 208285K(219196K)->296128K(493548K)
[1.649s][info][gc,metaspace   ] GC(29) Metaspace: 6303K(6528K)->6303K(6528K) NonClass: 5769K(5888K)->5769K(5888K) Class: 533K(640K)->533K(640K)
[1.649s][info][gc             ] GC(29) Pause Full (Allocation Failure) 299M->299M(698M) 278.256ms
[1.649s][info][gc,cpu         ] GC(29) User=0.20s Sys=0.00s Real=0.28s
[1.865s][info][gc,start       ] GC(30) Pause Young (Allocation Failure)
[2.223s][info][gc,heap        ] GC(30) DefNew: 197504K(222144K)->24639K(222144K) Eden: 197504K(197504K)->0K(197504K) From: 0K(24640K)->24639K(24640K)
[2.223s][info][gc,heap        ] GC(30) Tenured: 296128K(493548K)->468962K(493548K)
[2.223s][info][gc,metaspace   ] GC(30) Metaspace: 6303K(6528K)->6303K(6528K) NonClass: 5769K(5888K)->5769K(5888K) Class: 533K(640K)->533K(640K)
[2.223s][info][gc             ] GC(30) Pause Young (Allocation Failure) 482M->482M(698M) 357.572ms
[2.223s][info][gc,cpu         ] GC(30) User=0.25s Sys=0.03s Real=0.36s
[2.407s][info][gc,start       ] GC(31) Pause Young (Allocation Failure)
[2.792s][info][gc             ] GC(31) Pause Young (Allocation Failure) 674M->674M(867M) 385.630ms
[2.792s][info][gc,cpu         ] GC(31) User=0.30s Sys=0.08s Real=0.39s
[2.792s][info][gc,start       ] GC(32) Pause Full (Allocation Failure)
[2.793s][info][gc,phases,start] GC(32) Phase 1: Mark live objects
[3.099s][info][gc,phases      ] GC(32) Phase 1: Mark live objects 306.427ms
[3.099s][info][gc,phases,start] GC(32) Phase 2: Compute new object addresses
[3.212s][info][gc,phases      ] GC(32) Phase 2: Compute new object addresses 112.758ms
[3.212s][info][gc,phases,start] GC(32) Phase 3: Adjust pointers
[3.331s][info][gc,phases      ] GC(32) Phase 3: Adjust pointers 119.219ms
[3.331s][info][gc,phases,start] GC(32) Phase 4: Move objects
[3.337s][info][gc,phases      ] GC(32) Phase 4: Move objects 5.535ms
[3.339s][info][gc,heap        ] GC(32) DefNew: 222143K(222144K)->24466K(499968K) Eden: 197504K(197504K)->24466K(444416K) From: 24639K(24640K)->0K(55552K)
[3.339s][info][gc,heap        ] GC(32) Tenured: 468962K(493548K)->666607K(1111016K)
[3.339s][info][gc,metaspace   ] GC(32) Metaspace: 6303K(6528K)->6303K(6528K) NonClass: 5769K(5888K)->5769K(5888K) Class: 533K(640K)->533K(640K)
[3.339s][info][gc             ] GC(32) Pause Full (Allocation Failure) 674M->674M(1573M) 546.194ms
[3.339s][info][gc,cpu         ] GC(32) User=0.55s Sys=0.00s Real=0.55s
[3.803s][info][gc,start       ] GC(33) Pause Young (Allocation Failure)
[4.613s][info][gc,heap        ] GC(33) DefNew: 444416K(499968K)->55551K(499968K) Eden: 444416K(444416K)->0K(444416K) From: 0K(55552K)->55551K(55552K)
[4.613s][info][gc,heap        ] GC(33) Tenured: 666607K(1111016K)->1055444K(1111016K)
[4.613s][info][gc,metaspace   ] GC(33) Metaspace: 6303K(6528K)->6303K(6528K) NonClass: 5769K(5888K)->5769K(5888K) Class: 533K(640K)->533K(640K)
[4.613s][info][gc             ] GC(33) Pause Young (Allocation Failure) 1084M->1084M(1573M) 809.787ms
[4.613s][info][gc,cpu         ] GC(33) User=0.64s Sys=0.14s Real=0.81s
[5.091s][info][gc,start       ] GC(34) Pause Young (Allocation Failure)
[5.816s][info][gc             ] GC(34) Pause Young (Allocation Failure) 1518M->1469M(1903M) 725.437ms
[5.816s][info][gc,cpu         ] GC(34) User=0.50s Sys=0.17s Real=0.72s
[5.816s][info][gc,start       ] GC(35) Pause Full (Allocation Failure)
[5.816s][info][gc,phases,start] GC(35) Phase 1: Mark live objects
[6.455s][info][gc,phases      ] GC(35) Phase 1: Mark live objects 638.928ms
[6.455s][info][gc,phases,start] GC(35) Phase 2: Compute new object addresses
[6.669s][info][gc,phases      ] GC(35) Phase 2: Compute new object addresses 214.271ms
[6.670s][info][gc,phases,start] GC(35) Phase 3: Adjust pointers
[6.930s][info][gc,phases      ] GC(35) Phase 3: Adjust pointers 260.508ms
[6.930s][info][gc,phases,start] GC(35) Phase 4: Move objects
[6.941s][info][gc,phases      ] GC(35) Phase 4: Move objects 10.556ms
[6.945s][info][gc,heap        ] GC(35) DefNew: 499967K(499968K)->55503K(1086656K) Eden: 444416K(444416K)->55503K(965952K) From: 55551K(55552K)->0K(120704K)
[6.945s][info][gc,heap        ] GC(35) Tenured: 1055444K(1111016K)->1448812K(2414688K)
[6.945s][info][gc,metaspace   ] GC(35) Metaspace: 6303K(6528K)->6303K(6528K) NonClass: 5769K(5888K)->5769K(5888K) Class: 533K(640K)->533K(640K)
[6.945s][info][gc             ] GC(35) Pause Full (Allocation Failure) 1469M->1469M(3419M) 1128.713ms
[6.945s][info][gc,cpu         ] GC(35) User=1.12s Sys=0.00s Real=1.13s
[7.893s][info][gc,start       ] GC(36) Pause Young (Allocation Failure)
[9.631s][info][gc,heap        ] GC(36) DefNew: 965952K(1086656K)->120703K(1086656K) Eden: 965952K(965952K)->0K(965952K) From: 0K(120704K)->120703K(120704K)
[9.631s][info][gc,heap        ] GC(36) Tenured: 1448812K(2414688K)->2294031K(2414688K)
[9.631s][info][gc,metaspace   ] GC(36) Metaspace: 6303K(6528K)->6303K(6528K) NonClass: 5769K(5888K)->5769K(5888K) Class: 533K(640K)->533K(640K)
[9.631s][info][gc             ] GC(36) Pause Young (Allocation Failure) 2358M->2358M(3419M) 1738.688ms
[9.631s][info][gc,cpu         ] GC(36) User=1.48s Sys=0.25s Real=1.74s
[10.584s][info][gc,start       ] GC(37) Pause Young (Allocation Failure)
[12.240s][info][gc             ] GC(37) Pause Young (Allocation Failure) 3301M->3301M(4244M) 1656.482ms
[12.240s][info][gc,cpu         ] GC(37) User=1.36s Sys=0.30s Real=1.66s
[12.240s][info][gc,start       ] GC(38) Pause Full (Allocation Failure)
[12.240s][info][gc,phases,start] GC(38) Phase 1: Mark live objects
[13.711s][info][gc,phases      ] GC(38) Phase 1: Mark live objects 1470.349ms
[13.711s][info][gc,phases,start] GC(38) Phase 2: Compute new object addresses
[14.213s][info][gc,phases      ] GC(38) Phase 2: Compute new object addresses 502.385ms
[14.213s][info][gc,phases,start] GC(38) Phase 3: Adjust pointers
[14.883s][info][gc,phases      ] GC(38) Phase 3: Adjust pointers 670.289ms
[14.883s][info][gc,phases,start] GC(38) Phase 4: Move objects
[15.500s][info][gc,phases      ] GC(38) Phase 4: Move objects 616.464ms
[15.509s][info][gc,heap        ] GC(38) DefNew: 1086655K(1086656K)->26443K(2445120K) Eden: 965952K(965952K)->26443K(2173504K) From: 120703K(120704K)->0K(271616K)
[15.509s][info][gc,heap        ] GC(38) Tenured: 2294031K(2414688K)->3260003K(5433340K)
[15.509s][info][gc,metaspace   ] GC(38) Metaspace: 6303K(6528K)->6303K(6528K) NonClass: 5769K(5888K)->5769K(5888K) Class: 533K(640K)->533K(640K)
[15.509s][info][gc             ] GC(38) Pause Full (Allocation Failure) 3301M->3209M(7693M) 3268.777ms
[15.509s][info][gc,cpu         ] GC(38) User=3.25s Sys=0.02s Real=3.27s
[17.706s][info][gc,start       ] GC(39) Pause Young (Allocation Failure)
[21.510s][info][gc,heap        ] GC(39) DefNew: 2173504K(2445120K)->271615K(2445120K) Eden: 2173504K(2173504K)->0K(2173504K) From: 0K(271616K)->271615K(271616K)
[21.510s][info][gc,heap        ] GC(39) Tenured: 3260003K(5433340K)->5161862K(5433340K)
[21.510s][info][gc,metaspace   ] GC(39) Metaspace: 6303K(6528K)->6303K(6528K) NonClass: 5769K(5888K)->5769K(5888K) Class: 533K(640K)->533K(640K)
[21.510s][info][gc             ] GC(39) Pause Young (Allocation Failure) 5306M->5306M(7693M) 3803.413ms
[21.510s][info][gc,cpu         ] GC(39) User=3.33s Sys=0.48s Real=3.81s
[23.598s][info][gc,start       ] GC(40) Pause Young (Allocation Failure)
[23.598s][info][gc             ] GC(40) Pause Young (Allocation Failure) 7428M->7428M(7693M) 0.168ms
[23.598s][info][gc,cpu         ] GC(40) User=0.00s Sys=0.00s Real=0.00s
[23.598s][info][gc,start       ] GC(41) Pause Full (Allocation Failure)
[23.598s][info][gc,phases,start] GC(41) Phase 1: Mark live objects
[27.119s][info][gc,phases      ] GC(41) Phase 1: Mark live objects 3520.940ms
[27.119s][info][gc,phases,start] GC(41) Phase 2: Compute new object addresses
[28.179s][info][gc,phases      ] GC(41) Phase 2: Compute new object addresses 1059.832ms
[28.179s][info][gc,phases,start] GC(41) Phase 3: Adjust pointers
[29.668s][info][gc,phases      ] GC(41) Phase 3: Adjust pointers 1489.596ms
[29.668s][info][gc,phases,start] GC(41) Phase 4: Move objects
[30.177s][info][gc,phases      ] GC(41) Phase 4: Move objects 508.881ms
[30.180s][info][gc,heap        ] GC(41) DefNew: 2445119K(2445120K)->2173615K(2445120K) Eden: 2173504K(2173504K)->2173503K(2173504K) From: 271615K(271616K)->111K(271616K)
[30.180s][info][gc,heap        ] GC(41) Tenured: 5161862K(5433340K)->5433339K(6485376K)
[30.180s][info][gc,metaspace   ] GC(41) Metaspace: 6303K(6528K)->6303K(6528K) NonClass: 5769K(5888K)->5769K(5888K) Class: 533K(640K)->533K(640K)
[30.180s][info][gc             ] GC(41) Pause Full (Allocation Failure) 7428M->7428M(8721M) 6582.405ms
[30.180s][info][gc,cpu         ] GC(41) User=6.45s Sys=0.09s Real=6.58s
[34.531s][info][gc,start       ] GC(42) Pause Full (Allocation Failure)
[34.531s][info][gc,phases,start] GC(42) Phase 1: Mark live objects
[38.595s][info][gc,phases      ] GC(42) Phase 1: Mark live objects 4063.681ms
[38.595s][info][gc,phases,start] GC(42) Phase 2: Compute new object addresses
[39.931s][info][gc,phases      ] GC(42) Phase 2: Compute new object addresses 1336.650ms
[39.931s][info][gc,phases,start] GC(42) Phase 3: Adjust pointers
[41.688s][info][gc,phases      ] GC(42) Phase 3: Adjust pointers 1756.849ms
[41.688s][info][gc,phases,start] GC(42) Phase 4: Move objects
[41.688s][info][gc,phases      ] GC(42) Phase 4: Move objects 0.017ms
[41.689s][info][gc,heap        ] GC(42) DefNew: 2445120K(2445120K)->2445120K(2445120K) Eden: 2173504K(2173504K)->2173504K(2173504K) From: 271616K(271616K)->271616K(271616K)
[41.689s][info][gc,heap        ] GC(42) Tenured: 6485375K(6485376K)->6485375K(6485376K)
[41.689s][info][gc,metaspace   ] GC(42) Metaspace: 6303K(6528K)->6303K(6528K) NonClass: 5769K(5888K)->5769K(5888K) Class: 533K(640K)->533K(640K)
[41.689s][info][gc             ] GC(42) Pause Full (Allocation Failure) 8721M->8721M(8721M) 7158.226ms
[41.689s][info][gc,cpu         ] GC(42) User=7.06s Sys=0.00s Real=7.16s
[41.689s][info][gc,start       ] GC(43) Pause Full (Allocation Failure)
[41.689s][info][gc,phases,start] GC(43) Phase 1: Mark live objects
[45.706s][info][gc,phases      ] GC(43) Phase 1: Mark live objects 4016.840ms
[45.706s][info][gc,phases,start] GC(43) Phase 2: Compute new object addresses
[46.898s][info][gc,phases      ] GC(43) Phase 2: Compute new object addresses 1191.528ms
[46.898s][info][gc,phases,start] GC(43) Phase 3: Adjust pointers
[48.889s][info][gc,phases      ] GC(43) Phase 3: Adjust pointers 1991.436ms
[48.889s][info][gc,phases,start] GC(43) Phase 4: Move objects
[50.509s][info][gc,phases      ] GC(43) Phase 4: Move objects 1620.229ms
[50.510s][info][gc,heap        ] GC(43) DefNew: 2445120K(2445120K)->2375191K(2445120K) Eden: 2173504K(2173504K)->2173504K(2173504K) From: 271616K(271616K)->201687K(271616K)
[50.510s][info][gc,heap        ] GC(43) Tenured: 6485375K(6485376K)->6424228K(6485376K)
[50.510s][info][gc,metaspace   ] GC(43) Metaspace: 6303K(6528K)->6301K(6528K) NonClass: 5769K(5888K)->5768K(5888K) Class: 533K(640K)->532K(640K)
[50.510s][info][gc             ] GC(43) Pause Full (Allocation Failure) 8721M->8593M(8721M) 8820.900ms
[50.510s][info][gc,cpu         ] GC(43) User=8.80s Sys=0.00s Real=8.82s
[50.895s][info][gc,start       ] GC(44) Pause Full (Allocation Failure)
[50.895s][info][gc,phases,start] GC(44) Phase 1: Mark live objects
[54.872s][info][gc,phases      ] GC(44) Phase 1: Mark live objects 3976.159ms
[54.872s][info][gc,phases,start] GC(44) Phase 2: Compute new object addresses
[56.084s][info][gc,phases      ] GC(44) Phase 2: Compute new object addresses 1212.312ms
[56.084s][info][gc,phases,start] GC(44) Phase 3: Adjust pointers
[57.747s][info][gc,phases      ] GC(44) Phase 3: Adjust pointers 1663.325ms
[57.747s][info][gc,phases,start] GC(44) Phase 4: Move objects
[57.747s][info][gc,phases      ] GC(44) Phase 4: Move objects 0.017ms
[57.748s][info][gc,heap        ] GC(44) DefNew: 2445120K(2445120K)->2445120K(2445120K) Eden: 2173504K(2173504K)->2173504K(2173504K) From: 271616K(271616K)->271616K(271616K)
[57.748s][info][gc,heap        ] GC(44) Tenured: 6485375K(6485376K)->6485375K(6485376K)
[57.748s][info][gc,metaspace   ] GC(44) Metaspace: 6301K(6528K)->6301K(6528K) NonClass: 5768K(5888K)->5768K(5888K) Class: 532K(640K)->532K(640K)
[57.748s][info][gc             ] GC(44) Pause Full (Allocation Failure) 8721M->8721M(8721M) 6852.702ms
[57.748s][info][gc,cpu         ] GC(44) User=6.83s Sys=0.00s Real=6.85s
[57.748s][info][gc,start       ] GC(45) Pause Full (Allocation Failure)
[57.748s][info][gc,phases,start] GC(45) Phase 1: Mark live objects
[61.738s][info][gc,phases      ] GC(45) Phase 1: Mark live objects 3990.177ms
[61.738s][info][gc,phases,start] GC(45) Phase 2: Compute new object addresses
[62.949s][info][gc,phases      ] GC(45) Phase 2: Compute new object addresses 1210.344ms
[62.949s][info][gc,phases,start] GC(45) Phase 3: Adjust pointers
[64.629s][info][gc,phases      ] GC(45) Phase 3: Adjust pointers 1680.294ms
[64.629s][info][gc,phases,start] GC(45) Phase 4: Move objects
[64.629s][info][gc,phases      ] GC(45) Phase 4: Move objects 0.017ms
[64.630s][info][gc,heap        ] GC(45) DefNew: 2445120K(2445120K)->2445120K(2445120K) Eden: 2173504K(2173504K)->2173504K(2173504K) From: 271616K(271616K)->271616K(271616K)
[64.630s][info][gc,heap        ] GC(45) Tenured: 6485375K(6485376K)->6485375K(6485376K)
[64.630s][info][gc,metaspace   ] GC(45) Metaspace: 6301K(6528K)->6301K(6528K) NonClass: 5768K(5888K)->5768K(5888K) Class: 532K(640K)->532K(640K)
[64.630s][info][gc             ] GC(45) Pause Full (Allocation Failure) 8721M->8721M(8721M) 6881.669ms
[64.630s][info][gc,cpu         ] GC(45) User=6.89s Sys=0.00s Real=6.88s
[64.630s][info][gc,start       ] GC(46) Pause Full (Allocation Failure)
[64.630s][info][gc,phases,start] GC(46) Phase 1: Mark live objects
[68.597s][info][gc,phases      ] GC(46) Phase 1: Mark live objects 3966.961ms
[68.597s][info][gc,phases,start] GC(46) Phase 2: Compute new object addresses
[69.800s][info][gc,phases      ] GC(46) Phase 2: Compute new object addresses 1203.131ms
[69.800s][info][gc,phases,start] GC(46) Phase 3: Adjust pointers
[71.461s][info][gc,phases      ] GC(46) Phase 3: Adjust pointers 1660.502ms
[71.461s][info][gc,phases,start] GC(46) Phase 4: Move objects
[71.461s][info][gc,phases      ] GC(46) Phase 4: Move objects 0.016ms
[71.461s][info][gc,heap        ] GC(46) DefNew: 2445120K(2445120K)->2445120K(2445120K) Eden: 2173504K(2173504K)->2173504K(2173504K) From: 271616K(271616K)->271616K(271616K)
[71.461s][info][gc,heap        ] GC(46) Tenured: 6485375K(6485376K)->6485375K(6485376K)
[71.461s][info][gc,metaspace   ] GC(46) Metaspace: 6301K(6528K)->6301K(6528K) NonClass: 5768K(5888K)->5768K(5888K) Class: 532K(640K)->532K(640K)
[71.461s][info][gc             ] GC(46) Pause Full (Allocation Failure) 8721M->8721M(8721M) 6831.458ms
[71.462s][info][gc,cpu         ] GC(46) User=6.80s Sys=0.00s Real=6.83s
[71.462s][info][gc,start       ] GC(47) Pause Full (Allocation Failure)
[71.462s][info][gc,phases,start] GC(47) Phase 1: Mark live objects
[75.452s][info][gc,phases      ] GC(47) Phase 1: Mark live objects 3990.219ms
[75.452s][info][gc,phases,start] GC(47) Phase 2: Compute new object addresses
[76.659s][info][gc,phases      ] GC(47) Phase 2: Compute new object addresses 1207.370ms
[76.659s][info][gc,phases,start] GC(47) Phase 3: Adjust pointers
[78.647s][info][gc,phases      ] GC(47) Phase 3: Adjust pointers 1987.282ms
[78.647s][info][gc,phases,start] GC(47) Phase 4: Move objects
[79.740s][info][gc,phases      ] GC(47) Phase 4: Move objects 1093.021ms
[79.740s][info][gc,heap        ] GC(47) DefNew: 2445120K(2445120K)->2445120K(2445120K) Eden: 2173504K(2173504K)->2173504K(2173504K) From: 271616K(271616K)->271616K(271616K)
[79.740s][info][gc,heap        ] GC(47) Tenured: 6485375K(6485376K)->6485374K(6485376K)
[79.740s][info][gc,metaspace   ] GC(47) Metaspace: 6301K(6528K)->6301K(6528K) NonClass: 5768K(5888K)->5768K(5888K) Class: 532K(640K)->532K(640K)
[79.740s][info][gc             ] GC(47) Pause Full (Allocation Failure) 8721M->8721M(8721M) 8278.740ms
[79.740s][info][gc,cpu         ] GC(47) User=8.20s Sys=0.00s Real=8.28s
[79.741s][info][gc,start       ] GC(48) Pause Full (Allocation Failure)
[79.741s][info][gc,phases,start] GC(48) Phase 1: Mark live objects
[83.716s][info][gc,phases      ] GC(48) Phase 1: Mark live objects 3975.013ms
[83.717s][info][gc,phases,start] GC(48) Phase 2: Compute new object addresses
[84.952s][info][gc,phases      ] GC(48) Phase 2: Compute new object addresses 1235.053ms
[84.952s][info][gc,phases,start] GC(48) Phase 3: Adjust pointers
[87.014s][info][gc,phases      ] GC(48) Phase 3: Adjust pointers 2062.360ms
[87.014s][info][gc,phases,start] GC(48) Phase 4: Move objects
[88.164s][info][gc,phases      ] GC(48) Phase 4: Move objects 1150.132ms
[88.165s][info][gc,heap        ] GC(48) DefNew: 2445120K(2445120K)->2445120K(2445120K) Eden: 2173504K(2173504K)->2173504K(2173504K) From: 271616K(271616K)->271616K(271616K)
[88.165s][info][gc,heap        ] GC(48) Tenured: 6485375K(6485376K)->6485372K(6485376K)
[88.165s][info][gc,metaspace   ] GC(48) Metaspace: 6303K(6528K)->6303K(6528K) NonClass: 5769K(5888K)->5769K(5888K) Class: 533K(640K)->533K(640K)
[88.165s][info][gc             ] GC(48) Pause Full (Allocation Failure) 8721M->8721M(8721M) 8423.706ms
[88.165s][info][gc,cpu         ] GC(48) User=8.30s Sys=0.00s Real=8.42s
[88.166s][info][gc,heap,exit   ] Heap
[88.166s][info][gc,heap,exit   ]  def new generation   total 2445120K, used 2445120K [0x00000005ae400000, 0x0000000654110000, 0x00000006742a0000)
[88.166s][info][gc,heap,exit   ]   eden space 2173504K, 100% used [0x00000005ae400000, 0x0000000632e90000, 0x0000000632e90000)
[88.166s][info][gc,heap,exit   ]   from space 271616K, 100% used [0x00000006437d0000, 0x0000000654110000, 0x0000000654110000)
[88.166s][info][gc,heap,exit   ]   to   space 271616K,   0% used [0x0000000632e90000, 0x0000000632e90000, 0x00000006437d0000)
[88.166s][info][gc,heap,exit   ]  tenured generation   total 6485376K, used 6485373K [0x00000006742a0000, 0x0000000800000000, 0x0000000800000000)
[88.166s][info][gc,heap,exit   ]    the space 6485376K,  99% used [0x00000006742a0000, 0x00000007fffff638, 0x00000007fffff800, 0x0000000800000000)
[88.166s][info][gc,heap,exit   ]  Metaspace       used 6306K, committed 6528K, reserved 1114112K
[88.166s][info][gc,heap,exit   ]   class space    used 534K, committed 640K, reserved 1048576K
