[0.013s][info][gc,init] CardTable entry size: 512
[0.013s][info][gc     ] Using Parallel
[0.015s][info][gc,init] Version: 18.0.1+10 (release)
[0.015s][info][gc,init] CPUs: 8 total, 8 available
[0.015s][info][gc,init] Memory: 16063M
[0.015s][info][gc,init] Large Page Support: Disabled
[0.015s][info][gc,init] NUMA Support: Disabled
[0.015s][info][gc,init] Compressed Oops: Enabled (Zero based)
[0.015s][info][gc,init] Alignments: Space 512K, Generation 512K, Heap 2M
[0.015s][info][gc,init] Heap Min Capacity: 2M
[0.015s][info][gc,init] Heap Initial Capacity: 2M
[0.015s][info][gc,init] Heap Max Capacity: 16200M
[0.015s][info][gc,init] Pre-touch: Disabled
[0.015s][info][gc,init] Parallel Workers: 8
[0.016s][info][gc,metaspace] CDS archive(s) not mapped
[0.016s][info][gc,metaspace] Compressed class space mapped at: 0x0000000800000000-0x0000000840000000, reserved size: 1073741824
[0.016s][info][gc,metaspace] Narrow klass base: 0x0000000800000000, Narrow klass shift: 0, Narrow klass range: 0x40000000
[0.115s][info][gc,start    ] GC(0) Pause Young (Allocation Failure)
[0.116s][info][gc,heap     ] GC(0) PSYoungGen: 512K(1024K)->480K(1024K) Eden: 512K(512K)->0K(512K) From: 0K(512K)->480K(512K)
[0.116s][info][gc,heap     ] GC(0) ParOldGen: 0K(512K)->8K(512K)
[0.116s][info][gc,metaspace] GC(0) Metaspace: 4229K(4352K)->4229K(4352K) NonClass: 3908K(3968K)->3908K(3968K) Class: 321K(384K)->321K(384K)
[0.116s][info][gc          ] GC(0) Pause Young (Allocation Failure) 0M->0M(1M) 1.512ms
[0.116s][info][gc,cpu      ] GC(0) User=0.00s Sys=0.00s Real=0.00s
[0.180s][info][gc,start    ] GC(1) Pause Young (Allocation Failure)
[0.181s][info][gc,heap     ] GC(1) PSYoungGen: 991K(1024K)->512K(1536K) Eden: 511K(512K)->0K(1024K) From: 480K(512K)->512K(512K)
[0.181s][info][gc,heap     ] GC(1) ParOldGen: 8K(512K)->88K(512K)
[0.181s][info][gc,metaspace] GC(1) Metaspace: 5875K(5952K)->5875K(5952K) NonClass: 5378K(5440K)->5378K(5440K) Class: 496K(512K)->496K(512K)
[0.181s][info][gc          ] GC(1) Pause Young (Allocation Failure) 0M->0M(2M) 1.340ms
[0.181s][info][gc,cpu      ] GC(1) User=0.00s Sys=0.00s Real=0.00s
[0.202s][info][gc,start    ] GC(2) Pause Young (Allocation Failure)
[0.203s][info][gc,heap     ] GC(2) PSYoungGen: 1536K(1536K)->512K(1536K) Eden: 1024K(1024K)->0K(1024K) From: 512K(512K)->512K(512K)
[0.203s][info][gc,heap     ] GC(2) ParOldGen: 88K(512K)->504K(512K)
[0.203s][info][gc,metaspace] GC(2) Metaspace: 6295K(6464K)->6295K(6464K) NonClass: 5762K(5824K)->5762K(5824K) Class: 533K(640K)->533K(640K)
[0.203s][info][gc          ] GC(2) Pause Young (Allocation Failure) 1M->0M(2M) 1.299ms
[0.203s][info][gc,cpu      ] GC(2) User=0.00s Sys=0.00s Real=0.00s
[0.203s][info][gc,start    ] GC(3) Pause Full (Ergonomics)
[0.203s][info][gc,phases,start] GC(3) Marking Phase
[0.204s][info][gc,phases      ] GC(3) Marking Phase 0.984ms
[0.204s][info][gc,phases,start] GC(3) Summary Phase
[0.204s][info][gc,phases      ] GC(3) Summary Phase 0.017ms
[0.204s][info][gc,phases,start] GC(3) Adjust Roots
[0.204s][info][gc,phases      ] GC(3) Adjust Roots 0.354ms
[0.204s][info][gc,phases,start] GC(3) Compaction Phase
[0.206s][info][gc,phases      ] GC(3) Compaction Phase 1.862ms
[0.206s][info][gc,phases,start] GC(3) Post Compact
[0.206s][info][gc,phases      ] GC(3) Post Compact 0.074ms
[0.206s][info][gc,heap        ] GC(3) PSYoungGen: 512K(1536K)->511K(1536K) Eden: 0K(1024K)->0K(1024K) From: 512K(512K)->511K(512K)
[0.206s][info][gc,heap        ] GC(3) ParOldGen: 504K(512K)->469K(2048K)
[0.206s][info][gc,metaspace   ] GC(3) Metaspace: 6295K(6464K)->6295K(6464K) NonClass: 5762K(5824K)->5762K(5824K) Class: 533K(640K)->533K(640K)
[0.206s][info][gc             ] GC(3) Pause Full (Ergonomics) 0M->0M(3M) 3.542ms
[0.206s][info][gc,cpu         ] GC(3) User=0.00s Sys=0.00s Real=0.00s
[0.208s][info][gc,start       ] GC(4) Pause Young (Allocation Failure)
[0.209s][info][gc,heap        ] GC(4) PSYoungGen: 1535K(1536K)->480K(2560K) Eden: 1024K(1024K)->0K(2048K) From: 511K(512K)->480K(512K)
[0.210s][info][gc,heap        ] GC(4) ParOldGen: 469K(2048K)->1034K(2048K)
[0.210s][info][gc,metaspace   ] GC(4) Metaspace: 6295K(6464K)->6295K(6464K) NonClass: 5762K(5824K)->5762K(5824K) Class: 533K(640K)->533K(640K)
[0.210s][info][gc             ] GC(4) Pause Young (Allocation Failure) 1M->1M(4M) 1.581ms
[0.210s][info][gc,cpu         ] GC(4) User=0.00s Sys=0.00s Real=0.00s
[0.213s][info][gc,start       ] GC(5) Pause Young (Allocation Failure)
[0.215s][info][gc,heap        ] GC(5) PSYoungGen: 2528K(2560K)->480K(2560K) Eden: 2048K(2048K)->0K(2048K) From: 480K(512K)->480K(512K)
[0.215s][info][gc,heap        ] GC(5) ParOldGen: 1034K(2048K)->2106K(2560K)
[0.215s][info][gc,metaspace   ] GC(5) Metaspace: 6295K(6464K)->6295K(6464K) NonClass: 5762K(5824K)->5762K(5824K) Class: 533K(640K)->533K(640K)
[0.215s][info][gc             ] GC(5) Pause Young (Allocation Failure) 3M->2M(5M) 2.050ms
[0.215s][info][gc,cpu         ] GC(5) User=0.00s Sys=0.00s Real=0.00s
[0.215s][info][gc,start       ] GC(6) Pause Full (Ergonomics)
[0.215s][info][gc,phases,start] GC(6) Marking Phase
[0.217s][info][gc,phases      ] GC(6) Marking Phase 1.877ms
[0.217s][info][gc,phases,start] GC(6) Summary Phase
[0.217s][info][gc,phases      ] GC(6) Summary Phase 0.019ms
[0.217s][info][gc,phases,start] GC(6) Adjust Roots
[0.218s][info][gc,phases      ] GC(6) Adjust Roots 0.391ms
[0.218s][info][gc,phases,start] GC(6) Compaction Phase
[0.220s][info][gc,phases      ] GC(6) Compaction Phase 2.138ms
[0.220s][info][gc,phases,start] GC(6) Post Compact
[0.220s][info][gc,phases      ] GC(6) Post Compact 0.037ms
[0.220s][info][gc,heap        ] GC(6) PSYoungGen: 480K(2560K)->0K(4096K) Eden: 0K(2048K)->0K(3072K) From: 480K(512K)->0K(1024K)
[0.220s][info][gc,heap        ] GC(6) ParOldGen: 2106K(2560K)->2542K(6144K)
[0.220s][info][gc,metaspace   ] GC(6) Metaspace: 6295K(6464K)->6295K(6464K) NonClass: 5762K(5824K)->5762K(5824K) Class: 533K(640K)->533K(640K)
[0.220s][info][gc             ] GC(6) Pause Full (Ergonomics) 2M->2M(10M) 4.882ms
[0.220s][info][gc,cpu         ] GC(6) User=0.00s Sys=0.00s Real=0.00s
[0.225s][info][gc,start       ] GC(7) Pause Young (Allocation Failure)
[0.226s][info][gc,heap        ] GC(7) PSYoungGen: 3072K(4096K)->1664K(5120K) Eden: 3072K(3072K)->0K(3072K) From: 0K(1024K)->1664K(2048K)
[0.226s][info][gc,heap        ] GC(7) ParOldGen: 2542K(6144K)->2542K(6144K)
[0.226s][info][gc,metaspace   ] GC(7) Metaspace: 6295K(6464K)->6295K(6464K) NonClass: 5762K(5824K)->5762K(5824K) Class: 533K(640K)->533K(640K)
[0.227s][info][gc             ] GC(7) Pause Young (Allocation Failure) 5M->4M(11M) 1.991ms
[0.227s][info][gc,cpu         ] GC(7) User=0.00s Sys=0.00s Real=0.00s
[0.232s][info][gc,start       ] GC(8) Pause Young (Allocation Failure)
[0.235s][info][gc,heap        ] GC(8) PSYoungGen: 4736K(5120K)->2016K(5632K) Eden: 3072K(3072K)->0K(3584K) From: 1664K(2048K)->2016K(2048K)
[0.235s][info][gc,heap        ] GC(8) ParOldGen: 2542K(6144K)->3774K(6144K)
[0.235s][info][gc,metaspace   ] GC(8) Metaspace: 6295K(6464K)->6295K(6464K) NonClass: 5762K(5824K)->5762K(5824K) Class: 533K(640K)->533K(640K)
[0.235s][info][gc             ] GC(8) Pause Young (Allocation Failure) 7M->5M(11M) 3.711ms
[0.235s][info][gc,cpu         ] GC(8) User=0.00s Sys=0.00s Real=0.00s
[0.242s][info][gc,start       ] GC(9) Pause Young (Allocation Failure)
[0.245s][info][gc,heap        ] GC(9) PSYoungGen: 5600K(5632K)->3040K(6656K) Eden: 3584K(3584K)->0K(3584K) From: 2016K(2048K)->3040K(3072K)
[0.245s][info][gc,heap        ] GC(9) ParOldGen: 3774K(6144K)->4614K(6144K)
[0.246s][info][gc,metaspace   ] GC(9) Metaspace: 6295K(6464K)->6295K(6464K) NonClass: 5762K(5824K)->5762K(5824K) Class: 533K(640K)->533K(640K)
[0.246s][info][gc             ] GC(9) Pause Young (Allocation Failure) 9M->7M(12M) 3.634ms
[0.246s][info][gc,cpu         ] GC(9) User=0.00s Sys=0.00s Real=0.00s
[0.250s][info][gc,start       ] GC(10) Pause Young (Allocation Failure)
[0.255s][info][gc,heap        ] GC(10) PSYoungGen: 6624K(6656K)->4064K(8704K) Eden: 3584K(3584K)->0K(4608K) From: 3040K(3072K)->4064K(4096K)
[0.255s][info][gc,heap        ] GC(10) ParOldGen: 4614K(6144K)->5454K(6144K)
[0.255s][info][gc,metaspace   ] GC(10) Metaspace: 6295K(6464K)->6295K(6464K) NonClass: 5762K(5824K)->5762K(5824K) Class: 533K(640K)->533K(640K)
[0.255s][info][gc             ] GC(10) Pause Young (Allocation Failure) 10M->9M(14M) 4.476ms
[0.255s][info][gc,cpu         ] GC(10) User=0.00s Sys=0.00s Real=0.01s
[0.255s][info][gc,start       ] GC(11) Pause Full (Ergonomics)
[0.255s][info][gc,phases,start] GC(11) Marking Phase
[0.260s][info][gc,phases      ] GC(11) Marking Phase 4.572ms
[0.260s][info][gc,phases,start] GC(11) Summary Phase
[0.260s][info][gc,phases      ] GC(11) Summary Phase 0.021ms
[0.260s][info][gc,phases,start] GC(11) Adjust Roots
[0.260s][info][gc,phases      ] GC(11) Adjust Roots 0.418ms
[0.260s][info][gc,phases,start] GC(11) Compaction Phase
[0.267s][info][gc,phases      ] GC(11) Compaction Phase 6.464ms
[0.267s][info][gc,phases,start] GC(11) Post Compact
[0.267s][info][gc,phases      ] GC(11) Post Compact 0.047ms
[0.267s][info][gc,heap        ] GC(11) PSYoungGen: 4064K(8704K)->3545K(8704K) Eden: 0K(4608K)->0K(4608K) From: 4064K(4096K)->3545K(4096K)
[0.267s][info][gc,heap        ] GC(11) ParOldGen: 5454K(6144K)->5831K(10752K)
[0.267s][info][gc,metaspace   ] GC(11) Metaspace: 6295K(6464K)->6295K(6464K) NonClass: 5762K(5824K)->5762K(5824K) Class: 533K(640K)->533K(640K)
[0.267s][info][gc             ] GC(11) Pause Full (Ergonomics) 9M->9M(19M) 11.873ms
[0.267s][info][gc,cpu         ] GC(11) User=0.00s Sys=0.00s Real=0.01s
[0.272s][info][gc,start       ] GC(12) Pause Young (Allocation Failure)
[0.276s][info][gc,heap        ] GC(12) PSYoungGen: 8013K(8704K)->5088K(9728K) Eden: 4468K(4608K)->0K(4608K) From: 3545K(4096K)->5088K(5120K)
[0.276s][info][gc,heap        ] GC(12) ParOldGen: 5831K(10752K)->6615K(10752K)
[0.276s][info][gc,metaspace   ] GC(12) Metaspace: 6295K(6464K)->6295K(6464K) NonClass: 5762K(5824K)->5762K(5824K) Class: 533K(640K)->533K(640K)
[0.277s][info][gc             ] GC(12) Pause Young (Allocation Failure) 13M->11M(20M) 4.610ms
[0.277s][info][gc,cpu         ] GC(12) User=0.00s Sys=0.00s Real=0.00s
[0.282s][info][gc,start       ] GC(13) Pause Young (Allocation Failure)
[0.289s][info][gc,heap        ] GC(13) PSYoungGen: 9696K(9728K)->6112K(11264K) Eden: 4608K(4608K)->0K(5120K) From: 5088K(5120K)->6112K(6144K)
[0.289s][info][gc,heap        ] GC(13) ParOldGen: 6615K(10752K)->7991K(10752K)
[0.289s][info][gc,metaspace   ] GC(13) Metaspace: 6295K(6464K)->6295K(6464K) NonClass: 5762K(5824K)->5762K(5824K) Class: 533K(640K)->533K(640K)
[0.289s][info][gc             ] GC(13) Pause Young (Allocation Failure) 15M->13M(21M) 7.008ms
[0.289s][info][gc,cpu         ] GC(13) User=0.00s Sys=0.00s Real=0.01s
[0.294s][info][gc,start       ] GC(14) Pause Young (Allocation Failure)
[0.300s][info][gc,heap        ] GC(14) PSYoungGen: 11232K(11264K)->5248K(12800K) Eden: 5120K(5120K)->0K(5120K) From: 6112K(6144K)->5248K(7680K)
[0.300s][info][gc,heap        ] GC(14) ParOldGen: 7991K(10752K)->11575K(11776K)
[0.300s][info][gc,metaspace   ] GC(14) Metaspace: 6297K(6464K)->6297K(6464K) NonClass: 5764K(5824K)->5764K(5824K) Class: 533K(640K)->533K(640K)
[0.300s][info][gc             ] GC(14) Pause Young (Allocation Failure) 18M->16M(24M) 6.574ms
[0.300s][info][gc,cpu         ] GC(14) User=0.00s Sys=0.00s Real=0.01s
[0.300s][info][gc,start       ] GC(15) Pause Full (Ergonomics)
[0.300s][info][gc,phases,start] GC(15) Marking Phase
[0.308s][info][gc,phases      ] GC(15) Marking Phase 7.828ms
[0.308s][info][gc,phases,start] GC(15) Summary Phase
[0.308s][info][gc,phases      ] GC(15) Summary Phase 0.018ms
[0.308s][info][gc,phases,start] GC(15) Adjust Roots
[0.309s][info][gc,phases      ] GC(15) Adjust Roots 0.241ms
[0.309s][info][gc,phases,start] GC(15) Compaction Phase
[0.315s][info][gc,phases      ] GC(15) Compaction Phase 6.840ms
[0.316s][info][gc,phases,start] GC(15) Post Compact
[0.316s][info][gc,phases      ] GC(15) Post Compact 0.080ms
[0.316s][info][gc,heap        ] GC(15) PSYoungGen: 5248K(12800K)->5192K(12800K) Eden: 0K(5120K)->0K(5120K) From: 5248K(7680K)->5192K(7680K)
[0.316s][info][gc,heap        ] GC(15) ParOldGen: 11575K(11776K)->11458K(18432K)
[0.316s][info][gc,metaspace   ] GC(15) Metaspace: 6297K(6464K)->6297K(6464K) NonClass: 5764K(5824K)->5764K(5824K) Class: 533K(640K)->533K(640K)
[0.316s][info][gc             ] GC(15) Pause Full (Ergonomics) 16M->16M(30M) 15.408ms
[0.316s][info][gc,cpu         ] GC(15) User=0.00s Sys=0.00s Real=0.02s
[0.319s][info][gc,start       ] GC(16) Pause Young (Allocation Failure)
[0.326s][info][gc,heap        ] GC(16) PSYoungGen: 10312K(12800K)->2688K(14336K) Eden: 5120K(5120K)->0K(7168K) From: 5192K(7680K)->2688K(7168K)
[0.326s][info][gc,heap        ] GC(16) ParOldGen: 11458K(18432K)->16738K(18432K)
[0.326s][info][gc,metaspace   ] GC(16) Metaspace: 6297K(6464K)->6297K(6464K) NonClass: 5764K(5824K)->5764K(5824K) Class: 533K(640K)->533K(640K)
[0.326s][info][gc             ] GC(16) Pause Young (Allocation Failure) 21M->18M(32M) 6.626ms
[0.326s][info][gc,cpu         ] GC(16) User=0.02s Sys=0.00s Real=0.01s
[0.326s][info][gc,start       ] GC(17) Pause Full (Ergonomics)
[0.326s][info][gc,phases,start] GC(17) Marking Phase
[0.334s][info][gc,phases      ] GC(17) Marking Phase 8.193ms
[0.334s][info][gc,phases,start] GC(17) Summary Phase
[0.334s][info][gc,phases      ] GC(17) Summary Phase 0.019ms
[0.335s][info][gc,phases,start] GC(17) Adjust Roots
[0.335s][info][gc,phases      ] GC(17) Adjust Roots 0.227ms
[0.335s][info][gc,phases,start] GC(17) Compaction Phase
[0.341s][info][gc,phases      ] GC(17) Compaction Phase 6.122ms
[0.341s][info][gc,phases,start] GC(17) Post Compact
[0.341s][info][gc,phases      ] GC(17) Post Compact 0.095ms
[0.341s][info][gc,heap        ] GC(17) PSYoungGen: 2688K(14336K)->1105K(14848K) Eden: 0K(7168K)->0K(7680K) From: 2688K(7168K)->1105K(7168K)
[0.341s][info][gc,heap        ] GC(17) ParOldGen: 16738K(18432K)->18183K(27648K)
[0.341s][info][gc,metaspace   ] GC(17) Metaspace: 6297K(6464K)->6297K(6464K) NonClass: 5764K(5824K)->5764K(5824K) Class: 533K(640K)->533K(640K)
[0.341s][info][gc             ] GC(17) Pause Full (Ergonomics) 18M->18M(41M) 15.012ms
[0.341s][info][gc,cpu         ] GC(17) User=0.00s Sys=0.00s Real=0.02s
[0.346s][info][gc,start       ] GC(18) Pause Young (Allocation Failure)
[0.350s][info][gc,heap        ] GC(18) PSYoungGen: 7799K(14848K)->3424K(15360K) Eden: 6694K(7680K)->0K(7680K) From: 1105K(7168K)->3424K(7680K)
[0.350s][info][gc,heap        ] GC(18) ParOldGen: 18183K(27648K)->19319K(27648K)
[0.350s][info][gc,metaspace   ] GC(18) Metaspace: 6297K(6464K)->6297K(6464K) NonClass: 5764K(5824K)->5764K(5824K) Class: 533K(640K)->533K(640K)
[0.350s][info][gc             ] GC(18) Pause Young (Allocation Failure) 25M->22M(42M) 4.761ms
[0.350s][info][gc,cpu         ] GC(18) User=0.00s Sys=0.00s Real=0.01s
[0.358s][info][gc,start       ] GC(19) Pause Young (Allocation Failure)
[0.365s][info][gc,heap        ] GC(19) PSYoungGen: 11103K(15360K)->4512K(17920K) Eden: 7679K(7680K)->0K(10240K) From: 3424K(7680K)->4512K(7680K)
[0.365s][info][gc,heap        ] GC(19) ParOldGen: 19319K(27648K)->22767K(27648K)
[0.365s][info][gc,metaspace   ] GC(19) Metaspace: 6297K(6464K)->6297K(6464K) NonClass: 5764K(5824K)->5764K(5824K) Class: 533K(640K)->533K(640K)
[0.365s][info][gc             ] GC(19) Pause Young (Allocation Failure) 29M->26M(44M) 6.677ms
[0.365s][info][gc,cpu         ] GC(19) User=0.00s Sys=0.00s Real=0.01s
[0.372s][info][gc,start       ] GC(20) Pause Young (Allocation Failure)
[0.379s][info][gc,heap        ] GC(20) PSYoungGen: 14752K(17920K)->5344K(17920K) Eden: 10240K(10240K)->0K(10240K) From: 4512K(7680K)->5344K(7680K)
[0.379s][info][gc,heap        ] GC(20) ParOldGen: 22767K(27648K)->27295K(27648K)
[0.379s][info][gc,metaspace   ] GC(20) Metaspace: 6297K(6464K)->6297K(6464K) NonClass: 5764K(5824K)->5764K(5824K) Class: 533K(640K)->533K(640K)
[0.379s][info][gc             ] GC(20) Pause Young (Allocation Failure) 36M->31M(44M) 6.889ms
[0.379s][info][gc,cpu         ] GC(20) User=0.00s Sys=0.00s Real=0.01s
[0.379s][info][gc,start       ] GC(21) Pause Full (Ergonomics)
[0.379s][info][gc,phases,start] GC(21) Marking Phase
[0.391s][info][gc,phases      ] GC(21) Marking Phase 12.309ms
[0.391s][info][gc,phases,start] GC(21) Summary Phase
[0.391s][info][gc,phases      ] GC(21) Summary Phase 0.014ms
[0.391s][info][gc,phases,start] GC(21) Adjust Roots
[0.391s][info][gc,phases      ] GC(21) Adjust Roots 0.208ms
[0.391s][info][gc,phases,start] GC(21) Compaction Phase
[0.403s][info][gc,phases      ] GC(21) Compaction Phase 11.635ms
[0.403s][info][gc,phases,start] GC(21) Post Compact
[0.403s][info][gc,phases      ] GC(21) Post Compact 0.113ms
[0.403s][info][gc,heap        ] GC(21) PSYoungGen: 5344K(17920K)->4779K(17920K) Eden: 0K(10240K)->0K(10240K) From: 5344K(7680K)->4779K(7680K)
[0.403s][info][gc,heap        ] GC(21) ParOldGen: 27295K(27648K)->27139K(38912K)
[0.403s][info][gc,metaspace   ] GC(21) Metaspace: 6297K(6464K)->6297K(6464K) NonClass: 5764K(5824K)->5764K(5824K) Class: 533K(640K)->533K(640K)
[0.404s][info][gc             ] GC(21) Pause Full (Ergonomics) 31M->31M(55M) 24.676ms
[0.404s][info][gc,cpu         ] GC(21) User=0.00s Sys=0.00s Real=0.02s
[0.415s][info][gc,start       ] GC(22) Pause Young (Allocation Failure)
[0.428s][info][gc,heap        ] GC(22) PSYoungGen: 15019K(17920K)->8192K(17920K) Eden: 10240K(10240K)->0K(9728K) From: 4779K(7680K)->8192K(8192K)
[0.428s][info][gc,heap        ] GC(22) ParOldGen: 27139K(38912K)->32955K(38912K)
[0.428s][info][gc,metaspace   ] GC(22) Metaspace: 6297K(6464K)->6297K(6464K) NonClass: 5764K(5824K)->5764K(5824K) Class: 533K(640K)->533K(640K)
[0.428s][info][gc             ] GC(22) Pause Young (Allocation Failure) 41M->40M(55M) 13.458ms
[0.428s][info][gc,cpu         ] GC(22) User=0.02s Sys=0.00s Real=0.01s
[0.428s][info][gc,start       ] GC(23) Pause Full (Ergonomics)
[0.428s][info][gc,phases,start] GC(23) Marking Phase
[0.445s][info][gc,phases      ] GC(23) Marking Phase 16.478ms
[0.445s][info][gc,phases,start] GC(23) Summary Phase
[0.445s][info][gc,phases      ] GC(23) Summary Phase 0.017ms
[0.445s][info][gc,phases,start] GC(23) Adjust Roots
[0.445s][info][gc,phases      ] GC(23) Adjust Roots 0.149ms
[0.445s][info][gc,phases,start] GC(23) Compaction Phase
[0.455s][info][gc,phases      ] GC(23) Compaction Phase 9.941ms
[0.455s][info][gc,phases,start] GC(23) Post Compact
[0.455s][info][gc,phases      ] GC(23) Post Compact 0.179ms
[0.455s][info][gc,heap        ] GC(23) PSYoungGen: 8192K(17920K)->2555K(17920K) Eden: 0K(9728K)->0K(9728K) From: 8192K(8192K)->2555K(8192K)
[0.455s][info][gc,heap        ] GC(23) ParOldGen: 32955K(38912K)->38477K(52736K)
[0.455s][info][gc,metaspace   ] GC(23) Metaspace: 6297K(6464K)->6297K(6464K) NonClass: 5764K(5824K)->5764K(5824K) Class: 533K(640K)->533K(640K)
[0.455s][info][gc             ] GC(23) Pause Full (Ergonomics) 40M->40M(69M) 27.118ms
[0.455s][info][gc,cpu         ] GC(23) User=0.05s Sys=0.00s Real=0.03s
[0.469s][info][gc,start       ] GC(24) Pause Young (Allocation Failure)
[0.479s][info][gc,heap        ] GC(24) PSYoungGen: 12283K(17920K)->9760K(20992K) Eden: 9728K(9728K)->0K(9728K) From: 2555K(8192K)->9760K(11264K)
[0.479s][info][gc,heap        ] GC(24) ParOldGen: 38477K(52736K)->41085K(52736K)
[0.479s][info][gc,metaspace   ] GC(24) Metaspace: 6297K(6464K)->6297K(6464K) NonClass: 5764K(5824K)->5764K(5824K) Class: 533K(640K)->533K(640K)
[0.479s][info][gc             ] GC(24) Pause Young (Allocation Failure) 49M->49M(72M) 10.031ms
[0.479s][info][gc,cpu         ] GC(24) User=0.00s Sys=0.00s Real=0.01s
[0.489s][info][gc,start       ] GC(25) Pause Young (Allocation Failure)
[0.501s][info][gc,heap        ] GC(25) PSYoungGen: 19488K(20992K)->12768K(19968K) Eden: 9728K(9728K)->0K(7168K) From: 9760K(11264K)->12768K(12800K)
[0.501s][info][gc,heap        ] GC(25) ParOldGen: 41085K(52736K)->47861K(52736K)
[0.501s][info][gc,metaspace   ] GC(25) Metaspace: 6297K(6464K)->6297K(6464K) NonClass: 5764K(5824K)->5764K(5824K) Class: 533K(640K)->533K(640K)
[0.501s][info][gc             ] GC(25) Pause Young (Allocation Failure) 59M->59M(71M) 12.553ms
[0.501s][info][gc,cpu         ] GC(25) User=0.02s Sys=0.00s Real=0.01s
[0.501s][info][gc,start       ] GC(26) Pause Full (Ergonomics)
[0.501s][info][gc,phases,start] GC(26) Marking Phase
[0.523s][info][gc,phases      ] GC(26) Marking Phase 21.979ms
[0.523s][info][gc,phases,start] GC(26) Summary Phase
[0.523s][info][gc,phases      ] GC(26) Summary Phase 0.019ms
[0.523s][info][gc,phases,start] GC(26) Adjust Roots
[0.523s][info][gc,phases      ] GC(26) Adjust Roots 0.151ms
[0.524s][info][gc,phases,start] GC(26) Compaction Phase
[0.542s][info][gc,phases      ] GC(26) Compaction Phase 18.317ms
[0.542s][info][gc,phases,start] GC(26) Post Compact
[0.542s][info][gc,phases      ] GC(26) Post Compact 0.183ms
[0.542s][info][gc,heap        ] GC(26) PSYoungGen: 12768K(19968K)->7122K(19968K) Eden: 0K(7168K)->0K(7168K) From: 12768K(12800K)->7122K(12800K)
[0.542s][info][gc,heap        ] GC(26) ParOldGen: 47861K(52736K)->52290K(69120K)
[0.542s][info][gc,metaspace   ] GC(26) Metaspace: 6297K(6464K)->6297K(6464K) NonClass: 5764K(5824K)->5764K(5824K) Class: 533K(640K)->533K(640K)
[0.542s][info][gc             ] GC(26) Pause Full (Ergonomics) 59M->58M(87M) 41.020ms
[0.542s][info][gc,cpu         ] GC(26) User=0.03s Sys=0.00s Real=0.04s
[0.549s][info][gc,start       ] GC(27) Pause Young (Allocation Failure)
[0.562s][info][gc,heap        ] GC(27) PSYoungGen: 14290K(19968K)->7168K(24576K) Eden: 7168K(7168K)->0K(7168K) From: 7122K(12800K)->7168K(17408K)
[0.562s][info][gc,heap        ] GC(27) ParOldGen: 52290K(69120K)->59538K(69120K)
[0.562s][info][gc,metaspace   ] GC(27) Metaspace: 6297K(6464K)->6297K(6464K) NonClass: 5764K(5824K)->5764K(5824K) Class: 533K(640K)->533K(640K)
[0.562s][info][gc             ] GC(27) Pause Young (Allocation Failure) 65M->65M(91M) 13.123ms
[0.562s][info][gc,cpu         ] GC(27) User=0.02s Sys=0.00s Real=0.01s
[0.569s][info][gc,start       ] GC(28) Pause Young (Allocation Failure)
[0.578s][info][gc,heap        ] GC(28) PSYoungGen: 14336K(24576K)->14336K(23040K) Eden: 7168K(7168K)->0K(6656K) From: 7168K(17408K)->14336K(16384K)
[0.578s][info][gc,heap        ] GC(28) ParOldGen: 59538K(69120K)->59538K(69120K)
[0.578s][info][gc,metaspace   ] GC(28) Metaspace: 6297K(6464K)->6297K(6464K) NonClass: 5764K(5824K)->5764K(5824K) Class: 533K(640K)->533K(640K)
[0.579s][info][gc             ] GC(28) Pause Young (Allocation Failure) 72M->72M(90M) 9.287ms
[0.579s][info][gc,cpu         ] GC(28) User=0.02s Sys=0.00s Real=0.01s
[0.585s][info][gc,start       ] GC(29) Pause Young (Allocation Failure)
[0.598s][info][gc,heap        ] GC(29) PSYoungGen: 20992K(23040K)->13824K(25088K) Eden: 6656K(6656K)->0K(6656K) From: 14336K(16384K)->13824K(18432K)
[0.598s][info][gc,heap        ] GC(29) ParOldGen: 59538K(69120K)->66802K(69120K)
[0.598s][info][gc,metaspace   ] GC(29) Metaspace: 6297K(6464K)->6297K(6464K) NonClass: 5764K(5824K)->5764K(5824K) Class: 533K(640K)->533K(640K)
[0.598s][info][gc             ] GC(29) Pause Young (Allocation Failure) 78M->78M(92M) 12.731ms
[0.598s][info][gc,cpu         ] GC(29) User=0.02s Sys=0.00s Real=0.01s
[0.598s][info][gc,start       ] GC(30) Pause Full (Ergonomics)
[0.598s][info][gc,phases,start] GC(30) Marking Phase
[0.631s][info][gc,phases      ] GC(30) Marking Phase 32.479ms
[0.631s][info][gc,phases,start] GC(30) Summary Phase
[0.631s][info][gc,phases      ] GC(30) Summary Phase 0.022ms
[0.631s][info][gc,phases,start] GC(30) Adjust Roots
[0.631s][info][gc,phases      ] GC(30) Adjust Roots 0.154ms
[0.631s][info][gc,phases,start] GC(30) Compaction Phase
[0.650s][info][gc,phases      ] GC(30) Compaction Phase 19.048ms
[0.650s][info][gc,phases,start] GC(30) Post Compact
[0.650s][info][gc,phases      ] GC(30) Post Compact 0.338ms
[0.650s][info][gc,heap        ] GC(30) PSYoungGen: 13824K(25088K)->11209K(25088K) Eden: 0K(6656K)->0K(6656K) From: 13824K(18432K)->11209K(18432K)
[0.650s][info][gc,heap        ] GC(30) ParOldGen: 66802K(69120K)->69106K(89600K)
[0.650s][info][gc,metaspace   ] GC(30) Metaspace: 6297K(6464K)->6297K(6464K) NonClass: 5764K(5824K)->5764K(5824K) Class: 533K(640K)->533K(640K)
[0.650s][info][gc             ] GC(30) Pause Full (Ergonomics) 78M->78M(112M) 52.452ms
[0.650s][info][gc,cpu         ] GC(30) User=0.08s Sys=0.00s Real=0.05s
[0.657s][info][gc,start       ] GC(31) Pause Young (Allocation Failure)
[0.674s][info][gc,heap        ] GC(31) PSYoungGen: 17865K(25088K)->6688K(25600K) Eden: 6656K(6656K)->0K(8192K) From: 11209K(18432K)->6688K(17408K)
[0.674s][info][gc,heap        ] GC(31) ParOldGen: 69106K(89600K)->80498K(89600K)
[0.674s][info][gc,metaspace   ] GC(31) Metaspace: 6297K(6464K)->6297K(6464K) NonClass: 5764K(5824K)->5764K(5824K) Class: 533K(640K)->533K(640K)
[0.674s][info][gc             ] GC(31) Pause Young (Allocation Failure) 84M->85M(112M) 17.104ms
[0.674s][info][gc,cpu         ] GC(31) User=0.02s Sys=0.02s Real=0.02s
[0.674s][info][gc,start       ] GC(32) Pause Full (Ergonomics)
[0.674s][info][gc,phases,start] GC(32) Marking Phase
[0.708s][info][gc,phases      ] GC(32) Marking Phase 33.914ms
[0.708s][info][gc,phases,start] GC(32) Summary Phase
[0.708s][info][gc,phases      ] GC(32) Summary Phase 0.023ms
[0.708s][info][gc,phases,start] GC(32) Adjust Roots
[0.708s][info][gc,phases      ] GC(32) Adjust Roots 0.156ms
[0.708s][info][gc,phases,start] GC(32) Compaction Phase
[0.726s][info][gc,phases      ] GC(32) Compaction Phase 17.835ms
[0.726s][info][gc,phases,start] GC(32) Post Compact
[0.727s][info][gc,phases      ] GC(32) Post Compact 0.459ms
[0.727s][info][gc,heap        ] GC(32) PSYoungGen: 6688K(25600K)->0K(27136K) Eden: 0K(8192K)->0K(8192K) From: 6688K(17408K)->0K(18944K)
[0.727s][info][gc,heap        ] GC(32) ParOldGen: 80498K(89600K)->86942K(111616K)
[0.727s][info][gc,metaspace   ] GC(32) Metaspace: 6297K(6464K)->6297K(6464K) NonClass: 5764K(5824K)->5764K(5824K) Class: 533K(640K)->533K(640K)
[0.727s][info][gc             ] GC(32) Pause Full (Ergonomics) 85M->84M(135M) 52.834ms
[0.727s][info][gc,cpu         ] GC(32) User=0.08s Sys=0.00s Real=0.05s
[0.747s][info][gc,start       ] GC(33) Pause Young (Allocation Failure)
[0.752s][info][gc,heap        ] GC(33) PSYoungGen: 8192K(27136K)->8224K(26112K) Eden: 8192K(8192K)->0K(9728K) From: 0K(18944K)->8224K(16384K)
[0.752s][info][gc,heap        ] GC(33) ParOldGen: 86942K(111616K)->86942K(111616K)
[0.752s][info][gc,metaspace   ] GC(33) Metaspace: 6297K(6464K)->6297K(6464K) NonClass: 5764K(5824K)->5764K(5824K) Class: 533K(640K)->533K(640K)
[0.752s][info][gc             ] GC(33) Pause Young (Allocation Failure) 92M->92M(134M) 5.657ms
[0.752s][info][gc,cpu         ] GC(33) User=0.00s Sys=0.00s Real=0.01s
[0.760s][info][gc,start       ] GC(34) Pause Young (Allocation Failure)
[0.768s][info][gc,heap        ] GC(34) PSYoungGen: 17952K(26112K)->17888K(27648K) Eden: 9728K(9728K)->0K(9728K) From: 8224K(16384K)->17888K(17920K)
[0.768s][info][gc,heap        ] GC(34) ParOldGen: 86942K(111616K)->86966K(111616K)
[0.768s][info][gc,metaspace   ] GC(34) Metaspace: 6297K(6464K)->6297K(6464K) NonClass: 5764K(5824K)->5764K(5824K) Class: 533K(640K)->533K(640K)
[0.769s][info][gc             ] GC(34) Pause Young (Allocation Failure) 102M->102M(136M) 8.022ms
[0.769s][info][gc,cpu         ] GC(34) User=0.00s Sys=0.00s Real=0.01s
[0.777s][info][gc,start       ] GC(35) Pause Young (Allocation Failure)
[0.791s][info][gc,heap        ] GC(35) PSYoungGen: 27616K(27648K)->9760K(30720K) Eden: 9728K(9728K)->0K(11264K) From: 17888K(17920K)->9760K(19456K)
[0.791s][info][gc,heap        ] GC(35) ParOldGen: 86966K(111616K)->105046K(111616K)
[0.791s][info][gc,metaspace   ] GC(35) Metaspace: 6297K(6464K)->6297K(6464K) NonClass: 5764K(5824K)->5764K(5824K) Class: 533K(640K)->533K(640K)
[0.791s][info][gc             ] GC(35) Pause Young (Allocation Failure) 111M->112M(139M) 14.229ms
[0.791s][info][gc,cpu         ] GC(35) User=0.02s Sys=0.00s Real=0.01s
[0.791s][info][gc,start       ] GC(36) Pause Full (Ergonomics)
[0.791s][info][gc,phases,start] GC(36) Marking Phase
[0.820s][info][gc,phases      ] GC(36) Marking Phase 28.482ms
[0.820s][info][gc,phases,start] GC(36) Summary Phase
[0.820s][info][gc,phases      ] GC(36) Summary Phase 0.020ms
[0.820s][info][gc,phases,start] GC(36) Adjust Roots
[0.820s][info][gc,phases      ] GC(36) Adjust Roots 0.150ms
[0.820s][info][gc,phases,start] GC(36) Compaction Phase
[0.845s][info][gc,phases      ] GC(36) Compaction Phase 24.685ms
[0.845s][info][gc,phases,start] GC(36) Post Compact
[0.845s][info][gc,phases      ] GC(36) Post Compact 0.388ms
[0.845s][info][gc,heap        ] GC(36) PSYoungGen: 9760K(30720K)->1007K(31232K) Eden: 0K(11264K)->0K(11776K) From: 9760K(19456K)->1007K(19456K)
[0.845s][info][gc,heap        ] GC(36) ParOldGen: 105046K(111616K)->111452K(142336K)
[0.845s][info][gc,metaspace   ] GC(36) Metaspace: 6297K(6464K)->6297K(6464K) NonClass: 5764K(5824K)->5764K(5824K) Class: 533K(640K)->533K(640K)
[0.845s][info][gc             ] GC(36) Pause Full (Ergonomics) 112M->109M(169M) 54.140ms
[0.845s][info][gc,cpu         ] GC(36) User=0.11s Sys=0.00s Real=0.05s
[0.856s][info][gc,start       ] GC(37) Pause Young (Allocation Failure)
[0.870s][info][gc,heap        ] GC(37) PSYoungGen: 12783K(31232K)->12832K(31744K) Eden: 11776K(11776K)->0K(11776K) From: 1007K(19456K)->12832K(19968K)
[0.870s][info][gc,heap        ] GC(37) ParOldGen: 111452K(142336K)->111452K(142336K)
[0.870s][info][gc,metaspace   ] GC(37) Metaspace: 6297K(6464K)->6297K(6464K) NonClass: 5764K(5824K)->5764K(5824K) Class: 533K(640K)->533K(640K)
[0.870s][info][gc             ] GC(37) Pause Young (Allocation Failure) 121M->121M(170M) 13.963ms
[0.870s][info][gc,cpu         ] GC(37) User=0.00s Sys=0.00s Real=0.01s
[0.883s][info][gc,start       ] GC(38) Pause Young (Allocation Failure)
[0.898s][info][gc,heap        ] GC(38) PSYoungGen: 24608K(31744K)->19968K(28672K) Eden: 11776K(11776K)->0K(8704K) From: 12832K(19968K)->19968K(19968K)
[0.898s][info][gc,heap        ] GC(38) ParOldGen: 111452K(142336K)->116100K(142336K)
[0.898s][info][gc,metaspace   ] GC(38) Metaspace: 6297K(6464K)->6297K(6464K) NonClass: 5764K(5824K)->5764K(5824K) Class: 533K(640K)->533K(640K)
[0.898s][info][gc             ] GC(38) Pause Young (Allocation Failure) 132M->132M(167M) 15.335ms
[0.898s][info][gc,cpu         ] GC(38) User=0.02s Sys=0.00s Real=0.01s
[0.907s][info][gc,start       ] GC(39) Pause Young (Allocation Failure)
[0.922s][info][gc,heap        ] GC(39) PSYoungGen: 28672K(28672K)->18176K(33280K) Eden: 8704K(8704K)->0K(8704K) From: 19968K(19968K)->18176K(24576K)
[0.922s][info][gc,heap        ] GC(39) ParOldGen: 116100K(142336K)->126820K(142336K)
[0.922s][info][gc,metaspace   ] GC(39) Metaspace: 6297K(6464K)->6297K(6464K) NonClass: 5764K(5824K)->5764K(5824K) Class: 533K(640K)->533K(640K)
[0.922s][info][gc             ] GC(39) Pause Young (Allocation Failure) 141M->141M(171M) 15.800ms
[0.922s][info][gc,cpu         ] GC(39) User=0.02s Sys=0.00s Real=0.02s
[0.922s][info][gc,start       ] GC(40) Pause Full (Ergonomics)
[0.922s][info][gc,phases,start] GC(40) Marking Phase
[0.962s][info][gc,phases      ] GC(40) Marking Phase 39.860ms
[0.962s][info][gc,phases,start] GC(40) Summary Phase
[0.962s][info][gc,phases      ] GC(40) Summary Phase 0.016ms
[0.962s][info][gc,phases,start] GC(40) Adjust Roots
[0.963s][info][gc,phases      ] GC(40) Adjust Roots 0.131ms
[0.963s][info][gc,phases,start] GC(40) Compaction Phase
[0.982s][info][gc,phases      ] GC(40) Compaction Phase 19.516ms
[0.982s][info][gc,phases,start] GC(40) Post Compact
[0.983s][info][gc,phases      ] GC(40) Post Compact 0.588ms
[0.983s][info][gc,heap        ] GC(40) PSYoungGen: 18176K(33280K)->2724K(33280K) Eden: 0K(8704K)->0K(8704K) From: 18176K(24576K)->2724K(24576K)
[0.983s][info][gc,heap        ] GC(40) ParOldGen: 126820K(142336K)->141893K(174592K)
[0.983s][info][gc,metaspace   ] GC(40) Metaspace: 6297K(6464K)->6297K(6464K) NonClass: 5764K(5824K)->5764K(5824K) Class: 533K(640K)->533K(640K)
[0.983s][info][gc             ] GC(40) Pause Full (Ergonomics) 141M->141M(203M) 60.540ms
[0.983s][info][gc,cpu         ] GC(40) User=0.19s Sys=0.02s Real=0.06s
[0.992s][info][gc,start       ] GC(41) Pause Young (Allocation Failure)
[1.007s][info][gc,heap        ] GC(41) PSYoungGen: 11428K(33280K)->11264K(33280K) Eden: 8704K(8704K)->0K(10240K) From: 2724K(24576K)->11264K(23040K)
[1.007s][info][gc,heap        ] GC(41) ParOldGen: 141893K(174592K)->142125K(174592K)
[1.007s][info][gc,metaspace   ] GC(41) Metaspace: 6297K(6464K)->6297K(6464K) NonClass: 5764K(5824K)->5764K(5824K) Class: 533K(640K)->533K(640K)
[1.007s][info][gc             ] GC(41) Pause Young (Allocation Failure) 149M->149M(203M) 15.502ms
[1.007s][info][gc,cpu         ] GC(41) User=0.02s Sys=0.00s Real=0.01s
[1.019s][info][gc,start       ] GC(42) Pause Young (Allocation Failure)
[1.031s][info][gc,heap        ] GC(42) PSYoungGen: 21504K(33280K)->21536K(34816K) Eden: 10240K(10240K)->0K(10240K) From: 11264K(23040K)->21536K(24576K)
[1.031s][info][gc,heap        ] GC(42) ParOldGen: 142125K(174592K)->142125K(174592K)
[1.031s][info][gc,metaspace   ] GC(42) Metaspace: 6297K(6464K)->6297K(6464K) NonClass: 5764K(5824K)->5764K(5824K) Class: 533K(640K)->533K(640K)
[1.031s][info][gc             ] GC(42) Pause Young (Allocation Failure) 159M->159M(204M) 12.252ms
[1.031s][info][gc,cpu         ] GC(42) User=0.02s Sys=0.00s Real=0.01s
[1.043s][info][gc,start       ] GC(43) Pause Young (Allocation Failure)
[1.058s][info][gc,heap        ] GC(43) PSYoungGen: 31776K(34816K)->27136K(33280K) Eden: 10240K(10240K)->0K(6144K) From: 21536K(24576K)->27136K(27136K)
[1.058s][info][gc,heap        ] GC(43) ParOldGen: 142125K(174592K)->146733K(174592K)
[1.058s][info][gc,metaspace   ] GC(43) Metaspace: 6297K(6464K)->6297K(6464K) NonClass: 5764K(5824K)->5764K(5824K) Class: 533K(640K)->533K(640K)
[1.058s][info][gc             ] GC(43) Pause Young (Allocation Failure) 169M->169M(203M) 15.500ms
[1.058s][info][gc,cpu         ] GC(43) User=0.02s Sys=0.00s Real=0.02s
[1.092s][info][gc,start       ] GC(44) Pause Young (Allocation Failure)
[1.112s][info][gc,heap        ] GC(44) PSYoungGen: 33280K(33280K)->24512K(38912K) Eden: 6144K(6144K)->0K(6144K) From: 27136K(27136K)->24512K(32768K)
[1.112s][info][gc,heap        ] GC(44) ParOldGen: 154925K(174592K)->163861K(174592K)
[1.112s][info][gc,metaspace   ] GC(44) Metaspace: 6297K(6464K)->6297K(6464K) NonClass: 5764K(5824K)->5764K(5824K) Class: 533K(640K)->533K(640K)
[1.112s][info][gc             ] GC(44) Pause Young (Allocation Failure) 183M->183M(208M) 20.037ms
[1.112s][info][gc,cpu         ] GC(44) User=0.03s Sys=0.00s Real=0.02s
[1.112s][info][gc,start       ] GC(45) Pause Full (Ergonomics)
[1.112s][info][gc,phases,start] GC(45) Marking Phase
[1.156s][info][gc,phases      ] GC(45) Marking Phase 44.093ms
[1.156s][info][gc,phases,start] GC(45) Summary Phase
[1.156s][info][gc,phases      ] GC(45) Summary Phase 0.017ms
[1.156s][info][gc,phases,start] GC(45) Adjust Roots
[1.156s][info][gc,phases      ] GC(45) Adjust Roots 0.135ms
[1.156s][info][gc,phases,start] GC(45) Compaction Phase
[1.192s][info][gc,phases      ] GC(45) Compaction Phase 35.542ms
[1.192s][info][gc,phases,start] GC(45) Post Compact
[1.193s][info][gc,phases      ] GC(45) Post Compact 1.032ms
[1.193s][info][gc,heap        ] GC(45) PSYoungGen: 24512K(38912K)->9586K(38912K) Eden: 0K(6144K)->0K(6144K) From: 24512K(32768K)->9586K(32768K)
[1.193s][info][gc,heap        ] GC(45) ParOldGen: 163861K(174592K)->174331K(208384K)
[1.193s][info][gc,metaspace   ] GC(45) Metaspace: 6297K(6464K)->6297K(6464K) NonClass: 5764K(5824K)->5764K(5824K) Class: 533K(640K)->533K(640K)
[1.193s][info][gc             ] GC(45) Pause Full (Ergonomics) 183M->179M(241M) 81.290ms
[1.193s][info][gc,cpu         ] GC(45) User=0.25s Sys=0.00s Real=0.08s
[1.201s][info][gc,start       ] GC(46) Pause Young (Allocation Failure)
[1.218s][info][gc,heap        ] GC(46) PSYoungGen: 15730K(38912K)->11488K(38912K) Eden: 6144K(6144K)->0K(7168K) From: 9586K(32768K)->11488K(31744K)
[1.218s][info][gc,heap        ] GC(46) ParOldGen: 174331K(208384K)->178691K(208384K)
[1.218s][info][gc,metaspace   ] GC(46) Metaspace: 6297K(6464K)->6297K(6464K) NonClass: 5764K(5824K)->5764K(5824K) Class: 533K(640K)->533K(640K)
[1.218s][info][gc             ] GC(46) Pause Young (Allocation Failure) 185M->185M(241M) 17.114ms
[1.218s][info][gc,cpu         ] GC(46) User=0.03s Sys=0.00s Real=0.02s
[1.225s][info][gc,start       ] GC(47) Pause Young (Allocation Failure)
[1.234s][info][gc,heap        ] GC(47) PSYoungGen: 18656K(38912K)->18656K(40448K) Eden: 7168K(7168K)->0K(7168K) From: 11488K(31744K)->18656K(33280K)
[1.234s][info][gc,heap        ] GC(47) ParOldGen: 178691K(208384K)->178691K(208384K)
[1.234s][info][gc,metaspace   ] GC(47) Metaspace: 6297K(6464K)->6297K(6464K) NonClass: 5764K(5824K)->5764K(5824K) Class: 533K(640K)->533K(640K)
[1.234s][info][gc             ] GC(47) Pause Young (Allocation Failure) 192M->192M(243M) 9.405ms
[1.234s][info][gc,cpu         ] GC(47) User=0.02s Sys=0.00s Real=0.01s
[1.241s][info][gc,start       ] GC(48) Pause Young (Allocation Failure)
[1.253s][info][gc,heap        ] GC(48) PSYoungGen: 25824K(40448K)->22944K(39936K) Eden: 7168K(7168K)->0K(7168K) From: 18656K(33280K)->22944K(32768K)
[1.253s][info][gc,heap        ] GC(48) ParOldGen: 178691K(208384K)->181659K(208384K)
[1.253s][info][gc,metaspace   ] GC(48) Metaspace: 6297K(6464K)->6297K(6464K) NonClass: 5764K(5824K)->5764K(5824K) Class: 533K(640K)->533K(640K)
[1.253s][info][gc             ] GC(48) Pause Young (Allocation Failure) 199M->199M(242M) 12.202ms
[1.253s][info][gc,cpu         ] GC(48) User=0.02s Sys=0.00s Real=0.01s
[1.261s][info][gc,start       ] GC(49) Pause Young (Allocation Failure)
[1.276s][info][gc,heap        ] GC(49) PSYoungGen: 30112K(39936K)->27680K(40960K) Eden: 7168K(7168K)->0K(7168K) From: 22944K(32768K)->27680K(33792K)
[1.276s][info][gc,heap        ] GC(49) ParOldGen: 181659K(208384K)->184107K(208384K)
[1.276s][info][gc,metaspace   ] GC(49) Metaspace: 6297K(6464K)->6297K(6464K) NonClass: 5764K(5824K)->5764K(5824K) Class: 533K(640K)->533K(640K)
[1.276s][info][gc             ] GC(49) Pause Young (Allocation Failure) 206M->206M(243M) 14.767ms
[1.276s][info][gc,cpu         ] GC(49) User=0.02s Sys=0.00s Real=0.01s
[1.284s][info][gc,start       ] GC(50) Pause Young (Allocation Failure)
[1.302s][info][gc,heap        ] GC(50) PSYoungGen: 34848K(40960K)->21600K(45056K) Eden: 7168K(7168K)->0K(8704K) From: 27680K(33792K)->21600K(36352K)
[1.302s][info][gc,heap        ] GC(50) ParOldGen: 184107K(208384K)->197579K(208384K)
[1.302s][info][gc,metaspace   ] GC(50) Metaspace: 6297K(6464K)->6297K(6464K) NonClass: 5764K(5824K)->5764K(5824K) Class: 533K(640K)->533K(640K)
[1.302s][info][gc             ] GC(50) Pause Young (Allocation Failure) 213M->214M(247M) 17.827ms
[1.302s][info][gc,cpu         ] GC(50) User=0.08s Sys=0.00s Real=0.02s
[1.302s][info][gc,start       ] GC(51) Pause Full (Ergonomics)
[1.302s][info][gc,phases,start] GC(51) Marking Phase
[1.360s][info][gc,phases      ] GC(51) Marking Phase 57.374ms
[1.360s][info][gc,phases,start] GC(51) Summary Phase
[1.360s][info][gc,phases      ] GC(51) Summary Phase 0.021ms
[1.360s][info][gc,phases,start] GC(51) Adjust Roots
[1.360s][info][gc,phases      ] GC(51) Adjust Roots 0.148ms
[1.360s][info][gc,phases,start] GC(51) Compaction Phase
[1.388s][info][gc,phases      ] GC(51) Compaction Phase 27.851ms
[1.388s][info][gc,phases,start] GC(51) Post Compact
[1.389s][info][gc,phases      ] GC(51) Post Compact 0.900ms
[1.389s][info][gc,heap        ] GC(51) PSYoungGen: 21600K(45056K)->10683K(45056K) Eden: 0K(8704K)->0K(8704K) From: 21600K(36352K)->10683K(36352K)
[1.389s][info][gc,heap        ] GC(51) ParOldGen: 197579K(208384K)->207896K(244224K)
[1.389s][info][gc,metaspace   ] GC(51) Metaspace: 6297K(6464K)->6297K(6464K) NonClass: 5764K(5824K)->5764K(5824K) Class: 533K(640K)->533K(640K)
[1.389s][info][gc             ] GC(51) Pause Full (Ergonomics) 214M->213M(282M) 86.801ms
[1.389s][info][gc,cpu         ] GC(51) User=0.28s Sys=0.00s Real=0.09s
[1.399s][info][gc,start       ] GC(52) Pause Young (Allocation Failure)
[1.420s][info][gc,heap        ] GC(52) PSYoungGen: 19387K(45056K)->12736K(45056K) Eden: 8704K(8704K)->0K(8704K) From: 10683K(36352K)->12736K(36352K)
[1.420s][info][gc,heap        ] GC(52) ParOldGen: 207896K(244224K)->214768K(244224K)
[1.420s][info][gc,metaspace   ] GC(52) Metaspace: 6297K(6464K)->6297K(6464K) NonClass: 5764K(5824K)->5764K(5824K) Class: 533K(640K)->533K(640K)
[1.420s][info][gc             ] GC(52) Pause Young (Allocation Failure) 221M->222M(282M) 20.407ms
[1.420s][info][gc,cpu         ] GC(52) User=0.05s Sys=0.02s Real=0.02s
[1.429s][info][gc,start       ] GC(53) Pause Young (Allocation Failure)
[1.441s][info][gc,heap        ] GC(53) PSYoungGen: 21440K(45056K)->17504K(42496K) Eden: 8704K(8704K)->0K(10240K) From: 12736K(36352K)->17504K(32256K)
[1.441s][info][gc,heap        ] GC(53) ParOldGen: 214768K(244224K)->218776K(244224K)
[1.441s][info][gc,metaspace   ] GC(53) Metaspace: 6297K(6464K)->6297K(6464K) NonClass: 5764K(5824K)->5764K(5824K) Class: 533K(640K)->533K(640K)
[1.441s][info][gc             ] GC(53) Pause Young (Allocation Failure) 230M->230M(280M) 11.553ms
[1.441s][info][gc,cpu         ] GC(53) User=0.00s Sys=0.00s Real=0.01s
[1.452s][info][gc,start       ] GC(54) Pause Young (Allocation Failure)
[1.467s][info][gc,heap        ] GC(54) PSYoungGen: 27744K(42496K)->19072K(44032K) Eden: 10240K(10240K)->0K(10240K) From: 17504K(32256K)->19072K(33792K)
[1.467s][info][gc,heap        ] GC(54) ParOldGen: 218776K(244224K)->227608K(244224K)
[1.467s][info][gc,metaspace   ] GC(54) Metaspace: 6297K(6464K)->6297K(6464K) NonClass: 5764K(5824K)->5764K(5824K) Class: 533K(640K)->533K(640K)
[1.467s][info][gc             ] GC(54) Pause Young (Allocation Failure) 240M->240M(281M) 14.559ms
[1.467s][info][gc,cpu         ] GC(54) User=0.02s Sys=0.00s Real=0.01s
[1.479s][info][gc,start       ] GC(55) Pause Young (Allocation Failure)
[1.496s][info][gc,heap        ] GC(55) PSYoungGen: 29312K(44032K)->10336K(43520K) Eden: 10240K(10240K)->0K(11776K) From: 19072K(33792K)->10336K(31744K)
[1.496s][info][gc,heap        ] GC(55) ParOldGen: 227608K(244224K)->246800K(247296K)
[1.496s][info][gc,metaspace   ] GC(55) Metaspace: 6297K(6464K)->6297K(6464K) NonClass: 5764K(5824K)->5764K(5824K) Class: 533K(640K)->533K(640K)
[1.496s][info][gc             ] GC(55) Pause Young (Allocation Failure) 250M->251M(284M) 16.901ms
[1.496s][info][gc,cpu         ] GC(55) User=0.05s Sys=0.00s Real=0.02s
[1.496s][info][gc,start       ] GC(56) Pause Full (Ergonomics)
[1.496s][info][gc,phases,start] GC(56) Marking Phase
[1.561s][info][gc,phases      ] GC(56) Marking Phase 64.327ms
[1.561s][info][gc,phases,start] GC(56) Summary Phase
[1.561s][info][gc,phases      ] GC(56) Summary Phase 0.018ms
[1.561s][info][gc,phases,start] GC(56) Adjust Roots
[1.561s][info][gc,phases      ] GC(56) Adjust Roots 0.165ms
[1.561s][info][gc,phases,start] GC(56) Compaction Phase
[1.593s][info][gc,phases      ] GC(56) Compaction Phase 31.954ms
[1.593s][info][gc,phases,start] GC(56) Post Compact
[1.594s][info][gc,phases      ] GC(56) Post Compact 1.349ms
[1.595s][info][gc,heap        ] GC(56) PSYoungGen: 10336K(43520K)->9186K(44032K) Eden: 0K(11776K)->0K(12288K) From: 10336K(31744K)->9186K(31744K)
[1.595s][info][gc,heap        ] GC(56) ParOldGen: 246800K(247296K)->247161K(289792K)
[1.595s][info][gc,metaspace   ] GC(56) Metaspace: 6297K(6464K)->6297K(6464K) NonClass: 5764K(5824K)->5764K(5824K) Class: 533K(640K)->533K(640K)
[1.595s][info][gc             ] GC(56) Pause Full (Ergonomics) 251M->250M(326M) 98.311ms
[1.595s][info][gc,cpu         ] GC(56) User=0.34s Sys=0.02s Real=0.10s
[1.611s][info][gc,start       ] GC(57) Pause Young (Allocation Failure)
[1.633s][info][gc,heap        ] GC(57) PSYoungGen: 21474K(44032K)->12384K(44544K) Eden: 12288K(12288K)->0K(12288K) From: 9186K(31744K)->12384K(32256K)
[1.633s][info][gc,heap        ] GC(57) ParOldGen: 247161K(289792K)->256505K(289792K)
[1.633s][info][gc,metaspace   ] GC(57) Metaspace: 6297K(6464K)->6297K(6464K) NonClass: 5764K(5824K)->5764K(5824K) Class: 533K(640K)->533K(640K)
[1.633s][info][gc             ] GC(57) Pause Young (Allocation Failure) 262M->262M(326M) 22.849ms
[1.633s][info][gc,cpu         ] GC(57) User=0.09s Sys=0.00s Real=0.02s
[1.648s][info][gc,start       ] GC(58) Pause Young (Allocation Failure)
[1.661s][info][gc,heap        ] GC(58) PSYoungGen: 24672K(44544K)->12384K(43520K) Eden: 12288K(12288K)->0K(13824K) From: 12384K(32256K)->12384K(29696K)
[1.661s][info][gc,heap        ] GC(58) ParOldGen: 256505K(289792K)->268977K(289792K)
[1.661s][info][gc,metaspace   ] GC(58) Metaspace: 6297K(6464K)->6297K(6464K) NonClass: 5764K(5824K)->5764K(5824K) Class: 533K(640K)->533K(640K)
[1.661s][info][gc             ] GC(58) Pause Young (Allocation Failure) 274M->274M(325M) 13.739ms
[1.661s][info][gc,cpu         ] GC(58) User=0.02s Sys=0.00s Real=0.01s
[1.678s][info][gc,start       ] GC(59) Pause Young (Allocation Failure)
[1.693s][info][gc,heap        ] GC(59) PSYoungGen: 26208K(43520K)->13920K(44544K) Eden: 13824K(13824K)->0K(13824K) From: 12384K(29696K)->13920K(30720K)
[1.693s][info][gc,heap        ] GC(59) ParOldGen: 268977K(289792K)->281433K(289792K)
[1.693s][info][gc,metaspace   ] GC(59) Metaspace: 6297K(6464K)->6297K(6464K) NonClass: 5764K(5824K)->5764K(5824K) Class: 533K(640K)->533K(640K)
[1.693s][info][gc             ] GC(59) Pause Young (Allocation Failure) 288M->288M(326M) 14.647ms
[1.693s][info][gc,cpu         ] GC(59) User=0.02s Sys=0.00s Real=0.01s
[1.693s][info][gc,start       ] GC(60) Pause Full (Ergonomics)
[1.693s][info][gc,phases,start] GC(60) Marking Phase
[1.764s][info][gc,phases      ] GC(60) Marking Phase 71.549ms
[1.764s][info][gc,phases,start] GC(60) Summary Phase
[1.764s][info][gc,phases      ] GC(60) Summary Phase 0.018ms
[1.764s][info][gc,phases,start] GC(60) Adjust Roots
[1.765s][info][gc,phases      ] GC(60) Adjust Roots 0.210ms
[1.765s][info][gc,phases,start] GC(60) Compaction Phase
[1.793s][info][gc,phases      ] GC(60) Compaction Phase 28.612ms
[1.793s][info][gc,phases,start] GC(60) Post Compact
[1.795s][info][gc,phases      ] GC(60) Post Compact 1.254ms
[1.795s][info][gc,heap        ] GC(60) PSYoungGen: 13920K(44544K)->5103K(44544K) Eden: 0K(13824K)->0K(13824K) From: 13920K(30720K)->5103K(30720K)
[1.795s][info][gc,heap        ] GC(60) ParOldGen: 281433K(289792K)->289548K(336384K)
[1.795s][info][gc,metaspace   ] GC(60) Metaspace: 6297K(6464K)->6297K(6464K) NonClass: 5764K(5824K)->5764K(5824K) Class: 533K(640K)->533K(640K)
[1.795s][info][gc             ] GC(60) Pause Full (Ergonomics) 288M->287M(372M) 102.117ms
[1.795s][info][gc,cpu         ] GC(60) User=0.56s Sys=0.00s Real=0.10s
[1.811s][info][gc,start       ] GC(61) Pause Young (Allocation Failure)
[1.833s][info][gc,heap        ] GC(61) PSYoungGen: 18927K(44544K)->13920K(43008K) Eden: 13824K(13824K)->0K(15360K) From: 5103K(30720K)->13920K(27648K)
[1.833s][info][gc,heap        ] GC(61) ParOldGen: 289548K(336384K)->294764K(336384K)
[1.833s][info][gc,metaspace   ] GC(61) Metaspace: 6297K(6464K)->6297K(6464K) NonClass: 5764K(5824K)->5764K(5824K) Class: 533K(640K)->533K(640K)
[1.833s][info][gc             ] GC(61) Pause Young (Allocation Failure) 301M->301M(370M) 22.168ms
[1.833s][info][gc,cpu         ] GC(61) User=0.11s Sys=0.02s Real=0.02s
[1.852s][info][gc,start       ] GC(62) Pause Young (Allocation Failure)
[1.867s][info][gc,heap        ] GC(62) PSYoungGen: 29280K(43008K)->28672K(44032K) Eden: 15360K(15360K)->0K(15360K) From: 13920K(27648K)->28672K(28672K)
[1.867s][info][gc,heap        ] GC(62) ParOldGen: 294764K(336384K)->295420K(336384K)
[1.867s][info][gc,metaspace   ] GC(62) Metaspace: 6297K(6464K)->6297K(6464K) NonClass: 5764K(5824K)->5764K(5824K) Class: 533K(640K)->533K(640K)
[1.867s][info][gc             ] GC(62) Pause Young (Allocation Failure) 316M->316M(371M) 15.587ms
[1.867s][info][gc,cpu         ] GC(62) User=0.02s Sys=0.00s Real=0.02s
[1.886s][info][gc,start       ] GC(63) Pause Young (Allocation Failure)
[1.908s][info][gc,heap        ] GC(63) PSYoungGen: 44032K(44032K)->15520K(47616K) Eden: 15360K(15360K)->0K(17408K) From: 28672K(28672K)->15520K(30208K)
[1.908s][info][gc,heap        ] GC(63) ParOldGen: 295420K(336384K)->324332K(336384K)
[1.908s][info][gc,metaspace   ] GC(63) Metaspace: 6297K(6464K)->6297K(6464K) NonClass: 5764K(5824K)->5764K(5824K) Class: 533K(640K)->533K(640K)
[1.908s][info][gc             ] GC(63) Pause Young (Allocation Failure) 331M->331M(375M) 21.960ms
[1.908s][info][gc,cpu         ] GC(63) User=0.22s Sys=0.03s Real=0.02s
[1.908s][info][gc,start       ] GC(64) Pause Full (Ergonomics)
[1.908s][info][gc,phases,start] GC(64) Marking Phase
[1.975s][info][gc,phases      ] GC(64) Marking Phase 66.863ms
[1.975s][info][gc,phases,start] GC(64) Summary Phase
[1.975s][info][gc,phases      ] GC(64) Summary Phase 0.019ms
[1.975s][info][gc,phases,start] GC(64) Adjust Roots
[1.975s][info][gc,phases      ] GC(64) Adjust Roots 0.183ms
[1.975s][info][gc,phases,start] GC(64) Compaction Phase
[2.007s][info][gc,phases      ] GC(64) Compaction Phase 32.023ms
[2.007s][info][gc,phases,start] GC(64) Post Compact
[2.009s][info][gc,phases      ] GC(64) Post Compact 1.706ms
[2.009s][info][gc,heap        ] GC(64) PSYoungGen: 15520K(47616K)->3066K(48640K) Eden: 0K(17408K)->0K(18432K) From: 15520K(30208K)->3066K(30208K)
[2.009s][info][gc,heap        ] GC(64) ParOldGen: 324332K(336384K)->336034K(392192K)
[2.009s][info][gc,metaspace   ] GC(64) Metaspace: 6297K(6464K)->6297K(6464K) NonClass: 5764K(5824K)->5764K(5824K) Class: 533K(640K)->533K(640K)
[2.009s][info][gc             ] GC(64) Pause Full (Ergonomics) 331M->331M(430M) 101.319ms
[2.009s][info][gc,cpu         ] GC(64) User=0.64s Sys=0.02s Real=0.10s
[2.090s][info][gc,start       ] GC(65) Pause Young (Allocation Failure)
[2.114s][info][gc,heap        ] GC(65) PSYoungGen: 21498K(48640K)->18560K(49664K) Eden: 18432K(18432K)->0K(18432K) From: 3066K(30208K)->18560K(31232K)
[2.114s][info][gc,heap        ] GC(65) ParOldGen: 352418K(392192K)->355554K(392192K)
[2.114s][info][gc,metaspace   ] GC(65) Metaspace: 6297K(6464K)->6297K(6464K) NonClass: 5764K(5824K)->5764K(5824K) Class: 533K(640K)->533K(640K)
[2.114s][info][gc             ] GC(65) Pause Young (Allocation Failure) 365M->365M(431M) 23.726ms
[2.114s][info][gc,cpu         ] GC(65) User=0.06s Sys=0.02s Real=0.02s
[2.132s][info][gc,start       ] GC(66) Pause Young (Allocation Failure)
[2.151s][info][gc,heap        ] GC(66) PSYoungGen: 36992K(49664K)->30208K(44544K) Eden: 18432K(18432K)->0K(14336K) From: 18560K(31232K)->30208K(30208K)
[2.151s][info][gc,heap        ] GC(66) ParOldGen: 355554K(392192K)->362338K(392192K)
[2.151s][info][gc,metaspace   ] GC(66) Metaspace: 6297K(6464K)->6297K(6464K) NonClass: 5764K(5824K)->5764K(5824K) Class: 533K(640K)->533K(640K)
[2.151s][info][gc             ] GC(66) Pause Young (Allocation Failure) 383M->383M(426M) 18.772ms
[2.151s][info][gc,cpu         ] GC(66) User=0.11s Sys=0.02s Real=0.02s
[2.166s][info][gc,start       ] GC(67) Pause Young (Allocation Failure)
[2.188s][info][gc,heap        ] GC(67) PSYoungGen: 44544K(44544K)->14496K(50688K) Eden: 14336K(14336K)->0K(14336K) From: 30208K(30208K)->14496K(36352K)
[2.188s][info][gc,heap        ] GC(67) ParOldGen: 362338K(392192K)->392922K(393216K)
[2.188s][info][gc,metaspace   ] GC(67) Metaspace: 6297K(6464K)->6297K(6464K) NonClass: 5764K(5824K)->5764K(5824K) Class: 533K(640K)->533K(640K)
[2.188s][info][gc             ] GC(67) Pause Young (Allocation Failure) 397M->397M(433M) 22.518ms
[2.188s][info][gc,cpu         ] GC(67) User=0.14s Sys=0.00s Real=0.02s
[2.188s][info][gc,start       ] GC(68) Pause Full (Ergonomics)
[2.188s][info][gc,phases,start] GC(68) Marking Phase
[2.270s][info][gc,phases      ] GC(68) Marking Phase 81.937ms
[2.270s][info][gc,phases,start] GC(68) Summary Phase
[2.270s][info][gc,phases      ] GC(68) Summary Phase 0.019ms
[2.270s][info][gc,phases,start] GC(68) Adjust Roots
[2.271s][info][gc,phases      ] GC(68) Adjust Roots 0.143ms
[2.271s][info][gc,phases,start] GC(68) Compaction Phase
[2.341s][info][gc,phases      ] GC(68) Compaction Phase 70.263ms
[2.341s][info][gc,phases,start] GC(68) Post Compact
[2.343s][info][gc,phases      ] GC(68) Post Compact 2.095ms
[2.343s][info][gc,heap        ] GC(68) PSYoungGen: 14496K(50688K)->5620K(50688K) Eden: 0K(14336K)->0K(14336K) From: 14496K(36352K)->5620K(36352K)
[2.343s][info][gc,heap        ] GC(68) ParOldGen: 392922K(393216K)->392784K(457216K)
[2.343s][info][gc,metaspace   ] GC(68) Metaspace: 6297K(6464K)->6297K(6464K) NonClass: 5764K(5824K)->5764K(5824K) Class: 533K(640K)->533K(640K)
[2.343s][info][gc             ] GC(68) Pause Full (Ergonomics) 397M->389M(496M) 155.050ms
[2.343s][info][gc,cpu         ] GC(68) User=1.02s Sys=0.00s Real=0.15s
[2.360s][info][gc,start       ] GC(69) Pause Young (Allocation Failure)
[2.386s][info][gc,heap        ] GC(69) PSYoungGen: 19956K(50688K)->14432K(49152K) Eden: 14336K(14336K)->0K(15872K) From: 5620K(36352K)->14432K(33280K)
[2.386s][info][gc,heap        ] GC(69) ParOldGen: 392784K(457216K)->398520K(457216K)
[2.386s][info][gc,metaspace   ] GC(69) Metaspace: 6297K(6464K)->6297K(6464K) NonClass: 5764K(5824K)->5764K(5824K) Class: 533K(640K)->533K(640K)
[2.386s][info][gc             ] GC(69) Pause Young (Allocation Failure) 403M->403M(494M) 25.968ms
[2.386s][info][gc,cpu         ] GC(69) User=0.12s Sys=0.00s Real=0.03s
[2.401s][info][gc,start       ] GC(70) Pause Young (Allocation Failure)
[2.417s][info][gc,heap        ] GC(70) PSYoungGen: 30304K(49152K)->30272K(50176K) Eden: 15872K(15872K)->0K(15872K) From: 14432K(33280K)->30272K(34304K)
[2.417s][info][gc,heap        ] GC(70) ParOldGen: 398520K(457216K)->398520K(457216K)
[2.417s][info][gc,metaspace   ] GC(70) Metaspace: 6297K(6464K)->6297K(6464K) NonClass: 5764K(5824K)->5764K(5824K) Class: 533K(640K)->533K(640K)
[2.417s][info][gc             ] GC(70) Pause Young (Allocation Failure) 418M->418M(495M) 15.183ms
[2.417s][info][gc,cpu         ] GC(70) User=0.02s Sys=0.00s Real=0.02s
[2.433s][info][gc,start       ] GC(71) Pause Young (Allocation Failure)
[2.456s][info][gc,heap        ] GC(71) PSYoungGen: 46144K(50176K)->37376K(47104K) Eden: 15872K(15872K)->0K(9728K) From: 30272K(34304K)->37376K(37376K)
[2.456s][info][gc,heap        ] GC(71) ParOldGen: 398520K(457216K)->407344K(457216K)
[2.456s][info][gc,metaspace   ] GC(71) Metaspace: 6297K(6464K)->6297K(6464K) NonClass: 5764K(5824K)->5764K(5824K) Class: 533K(640K)->533K(640K)
[2.456s][info][gc             ] GC(71) Pause Young (Allocation Failure) 434M->434M(492M) 22.710ms
[2.456s][info][gc,cpu         ] GC(71) User=0.08s Sys=0.03s Real=0.02s
[2.467s][info][gc,start       ] GC(72) Pause Young (Allocation Failure)
[2.490s][info][gc,heap        ] GC(72) PSYoungGen: 47104K(47104K)->24096K(55296K) Eden: 9728K(9728K)->0K(9728K) From: 37376K(37376K)->24096K(45568K)
[2.490s][info][gc,heap        ] GC(72) ParOldGen: 407344K(457216K)->430824K(457216K)
[2.490s][info][gc,metaspace   ] GC(72) Metaspace: 6297K(6464K)->6297K(6464K) NonClass: 5764K(5824K)->5764K(5824K) Class: 533K(640K)->533K(640K)
[2.490s][info][gc             ] GC(72) Pause Young (Allocation Failure) 443M->444M(500M) 22.487ms
[2.490s][info][gc,cpu         ] GC(72) User=0.09s Sys=0.03s Real=0.02s
[2.490s][info][gc,start       ] GC(73) Pause Full (Ergonomics)
[2.490s][info][gc,phases,start] GC(73) Marking Phase
[2.591s][info][gc,phases      ] GC(73) Marking Phase 101.432ms
[2.591s][info][gc,phases,start] GC(73) Summary Phase
[2.591s][info][gc,phases      ] GC(73) Summary Phase 0.036ms
[2.591s][info][gc,phases,start] GC(73) Adjust Roots
[2.592s][info][gc,phases      ] GC(73) Adjust Roots 0.178ms
[2.592s][info][gc,phases,start] GC(73) Compaction Phase
[2.639s][info][gc,phases      ] GC(73) Compaction Phase 47.026ms
[2.639s][info][gc,phases,start] GC(73) Post Compact
[2.641s][info][gc,phases      ] GC(73) Post Compact 2.197ms
[2.641s][info][gc,heap        ] GC(73) PSYoungGen: 24096K(55296K)->0K(55296K) Eden: 0K(9728K)->0K(11264K) From: 24096K(45568K)->0K(44032K)
[2.641s][info][gc,heap        ] GC(73) ParOldGen: 430824K(457216K)->454085K(521216K)
[2.641s][info][gc,metaspace   ] GC(73) Metaspace: 6297K(6464K)->6297K(6464K) NonClass: 5764K(5824K)->5764K(5824K) Class: 533K(640K)->533K(640K)
[2.641s][info][gc             ] GC(73) Pause Full (Ergonomics) 444M->443M(563M) 151.520ms
[2.641s][info][gc,cpu         ] GC(73) User=1.00s Sys=0.02s Real=0.15s
[2.654s][info][gc,start       ] GC(74) Pause Young (Allocation Failure)
[2.663s][info][gc,heap        ] GC(74) PSYoungGen: 11264K(55296K)->11392K(55296K) Eden: 11264K(11264K)->0K(11264K) From: 0K(44032K)->11392K(44032K)
[2.663s][info][gc,heap        ] GC(74) ParOldGen: 454085K(521216K)->454085K(521216K)
[2.663s][info][gc,metaspace   ] GC(74) Metaspace: 6297K(6464K)->6297K(6464K) NonClass: 5764K(5824K)->5764K(5824K) Class: 533K(640K)->533K(640K)
[2.663s][info][gc             ] GC(74) Pause Young (Allocation Failure) 454M->454M(563M) 8.753ms
[2.663s][info][gc,cpu         ] GC(74) User=0.00s Sys=0.00s Real=0.01s
[2.676s][info][gc,start       ] GC(75) Pause Young (Allocation Failure)
[2.688s][info][gc,heap        ] GC(75) PSYoungGen: 22656K(55296K)->22624K(53248K) Eden: 11264K(11264K)->0K(12800K) From: 11392K(44032K)->22624K(40448K)
[2.688s][info][gc,heap        ] GC(75) ParOldGen: 454085K(521216K)->454085K(521216K)
[2.688s][info][gc,metaspace   ] GC(75) Metaspace: 6297K(6464K)->6297K(6464K) NonClass: 5764K(5824K)->5764K(5824K) Class: 533K(640K)->533K(640K)
[2.688s][info][gc             ] GC(75) Pause Young (Allocation Failure) 465M->465M(561M) 12.455ms
[2.688s][info][gc,cpu         ] GC(75) User=0.02s Sys=0.00s Real=0.01s
[2.703s][info][gc,start       ] GC(76) Pause Young (Allocation Failure)
[2.721s][info][gc,heap        ] GC(76) PSYoungGen: 35424K(53248K)->35456K(54784K) Eden: 12800K(12800K)->0K(12800K) From: 22624K(40448K)->35456K(41984K)
[2.721s][info][gc,heap        ] GC(76) ParOldGen: 454085K(521216K)->454085K(521216K)
[2.721s][info][gc,metaspace   ] GC(76) Metaspace: 6297K(6464K)->6297K(6464K) NonClass: 5764K(5824K)->5764K(5824K) Class: 533K(640K)->533K(640K)
[2.721s][info][gc             ] GC(76) Pause Young (Allocation Failure) 478M->478M(562M) 17.639ms
[2.721s][info][gc,cpu         ] GC(76) User=0.12s Sys=0.00s Real=0.02s
[2.735s][info][gc,start       ] GC(77) Pause Young (Allocation Failure)
[2.758s][info][gc,heap        ] GC(77) PSYoungGen: 48256K(54784K)->45056K(52224K) Eden: 12800K(12800K)->0K(7168K) From: 35456K(41984K)->45056K(45056K)
[2.758s][info][gc,heap        ] GC(77) ParOldGen: 454085K(521216K)->457189K(521216K)
[2.758s][info][gc,metaspace   ] GC(77) Metaspace: 6297K(6464K)->6297K(6464K) NonClass: 5764K(5824K)->5764K(5824K) Class: 533K(640K)->533K(640K)
[2.758s][info][gc             ] GC(77) Pause Young (Allocation Failure) 490M->490M(560M) 23.405ms
[2.758s][info][gc,cpu         ] GC(77) User=0.06s Sys=0.06s Real=0.02s
[2.767s][info][gc,start       ] GC(78) Pause Young (Allocation Failure)
[2.791s][info][gc,heap        ] GC(78) PSYoungGen: 52224K(52224K)->31168K(59392K) Eden: 7168K(7168K)->0K(7168K) From: 45056K(45056K)->31168K(52224K)
[2.791s][info][gc,heap        ] GC(78) ParOldGen: 457189K(521216K)->478621K(521216K)
[2.791s][info][gc,metaspace   ] GC(78) Metaspace: 6297K(6464K)->6297K(6464K) NonClass: 5764K(5824K)->5764K(5824K) Class: 533K(640K)->533K(640K)
[2.791s][info][gc             ] GC(78) Pause Young (Allocation Failure) 497M->497M(567M) 24.085ms
[2.791s][info][gc,cpu         ] GC(78) User=0.12s Sys=0.00s Real=0.02s
[2.800s][info][gc,start       ] GC(79) Pause Young (Allocation Failure)
[2.819s][info][gc,heap        ] GC(79) PSYoungGen: 38336K(59392K)->14496K(58880K) Eden: 7168K(7168K)->0K(8192K) From: 31168K(52224K)->14496K(50688K)
[2.819s][info][gc,heap        ] GC(79) ParOldGen: 478621K(521216K)->502837K(521216K)
[2.819s][info][gc,metaspace   ] GC(79) Metaspace: 6297K(6464K)->6297K(6464K) NonClass: 5764K(5824K)->5764K(5824K) Class: 533K(640K)->533K(640K)
[2.819s][info][gc             ] GC(79) Pause Young (Allocation Failure) 504M->505M(566M) 19.197ms
[2.819s][info][gc,cpu         ] GC(79) User=0.12s Sys=0.00s Real=0.02s
[2.819s][info][gc,start       ] GC(80) Pause Full (Ergonomics)
[2.819s][info][gc,phases,start] GC(80) Marking Phase
[2.930s][info][gc,phases      ] GC(80) Marking Phase 111.108ms
[2.930s][info][gc,phases,start] GC(80) Summary Phase
[2.930s][info][gc,phases      ] GC(80) Summary Phase 0.034ms
[2.930s][info][gc,phases,start] GC(80) Adjust Roots
[2.931s][info][gc,phases      ] GC(80) Adjust Roots 0.162ms
[2.931s][info][gc,phases,start] GC(80) Compaction Phase
[2.985s][info][gc,phases      ] GC(80) Compaction Phase 54.655ms
[2.985s][info][gc,phases,start] GC(80) Post Compact
[2.988s][info][gc,phases      ] GC(80) Post Compact 2.647ms
[2.988s][info][gc,heap        ] GC(80) PSYoungGen: 14496K(58880K)->0K(59392K) Eden: 0K(8192K)->0K(8192K) From: 14496K(50688K)->0K(51200K)
[2.988s][info][gc,heap        ] GC(80) ParOldGen: 502837K(521216K)->516354K(590848K)
[2.988s][info][gc,metaspace   ] GC(80) Metaspace: 6297K(6464K)->6297K(6464K) NonClass: 5764K(5824K)->5764K(5824K) Class: 533K(640K)->533K(640K)
[2.988s][info][gc             ] GC(80) Pause Full (Ergonomics) 505M->504M(635M) 169.215ms
[2.988s][info][gc,cpu         ] GC(80) User=1.06s Sys=0.00s Real=0.17s
[2.999s][info][gc,start       ] GC(81) Pause Young (Allocation Failure)
[3.006s][info][gc,heap        ] GC(81) PSYoungGen: 8192K(59392K)->8352K(59904K) Eden: 8192K(8192K)->0K(9216K) From: 0K(51200K)->8352K(50688K)
[3.006s][info][gc,heap        ] GC(81) ParOldGen: 516354K(590848K)->516354K(590848K)
[3.006s][info][gc,metaspace   ] GC(81) Metaspace: 6297K(6464K)->6297K(6464K) NonClass: 5764K(5824K)->5764K(5824K) Class: 533K(640K)->533K(640K)
[3.006s][info][gc             ] GC(81) Pause Young (Allocation Failure) 512M->512M(635M) 7.350ms
[3.006s][info][gc,cpu         ] GC(81) User=0.00s Sys=0.00s Real=0.01s
[3.017s][info][gc,start       ] GC(82) Pause Young (Allocation Failure)
[3.027s][info][gc,heap        ] GC(82) PSYoungGen: 17568K(59904K)->9344K(60416K) Eden: 9216K(9216K)->0K(9216K) From: 8352K(50688K)->9344K(51200K)
[3.027s][info][gc,heap        ] GC(82) ParOldGen: 516354K(590848K)->524666K(590848K)
[3.027s][info][gc,metaspace   ] GC(82) Metaspace: 6297K(6464K)->6297K(6464K) NonClass: 5764K(5824K)->5764K(5824K) Class: 533K(640K)->533K(640K)
[3.027s][info][gc             ] GC(82) Pause Young (Allocation Failure) 521M->521M(636M) 10.052ms
[3.027s][info][gc,cpu         ] GC(82) User=0.02s Sys=0.00s Real=0.01s
[3.039s][info][gc,start       ] GC(83) Pause Young (Allocation Failure)
[3.049s][info][gc,heap        ] GC(83) PSYoungGen: 18560K(60416K)->9376K(59904K) Eden: 9216K(9216K)->0K(10240K) From: 9344K(51200K)->9376K(49664K)
[3.049s][info][gc,heap        ] GC(83) ParOldGen: 524666K(590848K)->534002K(590848K)
[3.049s][info][gc,metaspace   ] GC(83) Metaspace: 6297K(6464K)->6297K(6464K) NonClass: 5764K(5824K)->5764K(5824K) Class: 533K(640K)->533K(640K)
[3.049s][info][gc             ] GC(83) Pause Young (Allocation Failure) 530M->530M(635M) 10.844ms
[3.049s][info][gc,cpu         ] GC(83) User=0.02s Sys=0.00s Real=0.01s
[3.061s][info][gc,start       ] GC(84) Pause Young (Allocation Failure)
[3.073s][info][gc,heap        ] GC(84) PSYoungGen: 19616K(59904K)->10368K(60416K) Eden: 10240K(10240K)->0K(10240K) From: 9376K(49664K)->10368K(50176K)
[3.073s][info][gc,heap        ] GC(84) ParOldGen: 534002K(590848K)->543346K(590848K)
[3.073s][info][gc,metaspace   ] GC(84) Metaspace: 6297K(6464K)->6297K(6464K) NonClass: 5764K(5824K)->5764K(5824K) Class: 533K(640K)->533K(640K)
[3.073s][info][gc             ] GC(84) Pause Young (Allocation Failure) 540M->540M(636M) 11.155ms
[3.073s][info][gc,cpu         ] GC(84) User=0.00s Sys=0.00s Real=0.01s
[3.085s][info][gc,start       ] GC(85) Pause Young (Allocation Failure)
[3.096s][info][gc,heap        ] GC(85) PSYoungGen: 20608K(60416K)->10336K(57344K) Eden: 10240K(10240K)->0K(11264K) From: 10368K(50176K)->10336K(46080K)
[3.096s][info][gc,heap        ] GC(85) ParOldGen: 543346K(590848K)->553730K(590848K)
[3.096s][info][gc,metaspace   ] GC(85) Metaspace: 6297K(6464K)->6297K(6464K) NonClass: 5764K(5824K)->5764K(5824K) Class: 533K(640K)->533K(640K)
[3.096s][info][gc             ] GC(85) Pause Young (Allocation Failure) 550M->550M(633M) 11.847ms
[3.096s][info][gc,cpu         ] GC(85) User=0.02s Sys=0.00s Real=0.01s
[3.110s][info][gc,start       ] GC(86) Pause Young (Allocation Failure)
[3.122s][info][gc,heap        ] GC(86) PSYoungGen: 21600K(57344K)->11328K(58880K) Eden: 11264K(11264K)->0K(11264K) From: 10336K(46080K)->11328K(47616K)
[3.122s][info][gc,heap        ] GC(86) ParOldGen: 553730K(590848K)->564114K(590848K)
[3.122s][info][gc,metaspace   ] GC(86) Metaspace: 6297K(6464K)->6297K(6464K) NonClass: 5764K(5824K)->5764K(5824K) Class: 533K(640K)->533K(640K)
[3.122s][info][gc             ] GC(86) Pause Young (Allocation Failure) 561M->561M(634M) 12.510ms
[3.122s][info][gc,cpu         ] GC(86) User=0.02s Sys=0.00s Real=0.01s
[3.136s][info][gc,start       ] GC(87) Pause Young (Allocation Failure)
[3.149s][info][gc,heap        ] GC(87) PSYoungGen: 22592K(58880K)->11392K(54784K) Eden: 11264K(11264K)->0K(12800K) From: 11328K(47616K)->11392K(41984K)
[3.149s][info][gc,heap        ] GC(87) ParOldGen: 564114K(590848K)->575538K(590848K)
[3.149s][info][gc,metaspace   ] GC(87) Metaspace: 6297K(6464K)->6297K(6464K) NonClass: 5764K(5824K)->5764K(5824K) Class: 533K(640K)->533K(640K)
[3.149s][info][gc             ] GC(87) Pause Young (Allocation Failure) 572M->573M(630M) 13.390ms
[3.149s][info][gc,cpu         ] GC(87) User=0.02s Sys=0.00s Real=0.01s
[3.149s][info][gc,start       ] GC(88) Pause Full (Ergonomics)
[3.149s][info][gc,phases,start] GC(88) Marking Phase
[3.275s][info][gc,phases      ] GC(88) Marking Phase 125.857ms
[3.275s][info][gc,phases,start] GC(88) Summary Phase
[3.275s][info][gc,phases      ] GC(88) Summary Phase 0.030ms
[3.275s][info][gc,phases,start] GC(88) Adjust Roots
[3.275s][info][gc,phases      ] GC(88) Adjust Roots 0.165ms
[3.275s][info][gc,phases,start] GC(88) Compaction Phase
[3.333s][info][gc,phases      ] GC(88) Compaction Phase 57.946ms
[3.333s][info][gc,phases,start] GC(88) Post Compact
[3.334s][info][gc,phases      ] GC(88) Post Compact 0.906ms
[3.335s][info][gc,heap        ] GC(88) PSYoungGen: 11392K(54784K)->0K(56832K) Eden: 0K(12800K)->0K(12800K) From: 11392K(41984K)->0K(44032K)
[3.335s][info][gc,heap        ] GC(88) ParOldGen: 575538K(590848K)->585764K(654848K)
[3.335s][info][gc,metaspace   ] GC(88) Metaspace: 6297K(6464K)->6297K(6464K) NonClass: 5764K(5824K)->5764K(5824K) Class: 533K(640K)->533K(640K)
[3.335s][info][gc             ] GC(88) Pause Full (Ergonomics) 573M->572M(695M) 185.412ms
[3.335s][info][gc,cpu         ] GC(88) User=1.25s Sys=0.00s Real=0.19s
[3.349s][info][gc,start       ] GC(89) Pause Young (Allocation Failure)
[3.358s][info][gc,heap        ] GC(89) PSYoungGen: 12800K(56832K)->12928K(55296K) Eden: 12800K(12800K)->0K(14336K) From: 0K(44032K)->12928K(40960K)
[3.358s][info][gc,heap        ] GC(89) ParOldGen: 585764K(654848K)->585764K(654848K)
[3.358s][info][gc,metaspace   ] GC(89) Metaspace: 6297K(6464K)->6297K(6464K) NonClass: 5764K(5824K)->5764K(5824K) Class: 533K(640K)->533K(640K)
[3.358s][info][gc             ] GC(89) Pause Young (Allocation Failure) 584M->584M(693M) 8.733ms
[3.358s][info][gc,cpu         ] GC(89) User=0.02s Sys=0.00s Real=0.01s
[3.374s][info][gc,start       ] GC(90) Pause Young (Allocation Failure)
[3.389s][info][gc,heap        ] GC(90) PSYoungGen: 27264K(55296K)->27296K(56832K) Eden: 14336K(14336K)->0K(14336K) From: 12928K(40960K)->27296K(42496K)
[3.390s][info][gc,heap        ] GC(90) ParOldGen: 585764K(654848K)->585764K(654848K)
[3.390s][info][gc,metaspace   ] GC(90) Metaspace: 6297K(6464K)->6297K(6464K) NonClass: 5764K(5824K)->5764K(5824K) Class: 533K(640K)->533K(640K)
[3.390s][info][gc             ] GC(90) Pause Young (Allocation Failure) 598M->598M(695M) 15.164ms
[3.390s][info][gc,cpu         ] GC(90) User=0.02s Sys=0.00s Real=0.01s
[3.406s][info][gc,start       ] GC(91) Pause Young (Allocation Failure)
[3.427s][info][gc,heap        ] GC(91) PSYoungGen: 41632K(56832K)->41632K(53248K) Eden: 14336K(14336K)->0K(9728K) From: 27296K(42496K)->41632K(43520K)
[3.427s][info][gc,heap        ] GC(91) ParOldGen: 585764K(654848K)->585764K(654848K)
[3.427s][info][gc,metaspace   ] GC(91) Metaspace: 6297K(6464K)->6297K(6464K) NonClass: 5764K(5824K)->5764K(5824K) Class: 533K(640K)->533K(640K)
[3.427s][info][gc             ] GC(91) Pause Young (Allocation Failure) 612M->612M(691M) 20.971ms
[3.427s][info][gc,cpu         ] GC(91) User=0.12s Sys=0.00s Real=0.02s
[3.439s][info][gc,start       ] GC(92) Pause Young (Allocation Failure)
[3.463s][info][gc,heap        ] GC(92) PSYoungGen: 51360K(53248K)->49664K(59392K) Eden: 9728K(9728K)->0K(9728K) From: 41632K(43520K)->49664K(49664K)
[3.463s][info][gc,heap        ] GC(92) ParOldGen: 585764K(654848K)->587404K(654848K)
[3.463s][info][gc,metaspace   ] GC(92) Metaspace: 6297K(6464K)->6297K(6464K) NonClass: 5764K(5824K)->5764K(5824K) Class: 533K(640K)->533K(640K)
[3.463s][info][gc             ] GC(92) Pause Young (Allocation Failure) 622M->622M(697M) 24.795ms
[3.463s][info][gc,cpu         ] GC(92) User=0.12s Sys=0.00s Real=0.03s
[3.476s][info][gc,start       ] GC(93) Pause Young (Allocation Failure)
[3.505s][info][gc,heap        ] GC(93) PSYoungGen: 59392K(59392K)->33024K(69120K) Eden: 9728K(9728K)->0K(10752K) From: 49664K(49664K)->33024K(58368K)
[3.505s][info][gc,heap        ] GC(93) ParOldGen: 587404K(654848K)->614148K(654848K)
[3.505s][info][gc,metaspace   ] GC(93) Metaspace: 6297K(6464K)->6297K(6464K) NonClass: 5764K(5824K)->5764K(5824K) Class: 533K(640K)->533K(640K)
[3.505s][info][gc             ] GC(93) Pause Young (Allocation Failure) 631M->632M(707M) 28.904ms
[3.505s][info][gc,cpu         ] GC(93) User=0.11s Sys=0.02s Real=0.03s
[3.518s][info][gc,start       ] GC(94) Pause Young (Allocation Failure)
[3.540s][info][gc,heap        ] GC(94) PSYoungGen: 43776K(69120K)->30048K(69120K) Eden: 10752K(10752K)->0K(10752K) From: 33024K(58368K)->30048K(58368K)
[3.540s][info][gc,heap        ] GC(94) ParOldGen: 614148K(654848K)->628084K(654848K)
[3.540s][info][gc,metaspace   ] GC(94) Metaspace: 6297K(6464K)->6297K(6464K) NonClass: 5764K(5824K)->5764K(5824K) Class: 533K(640K)->533K(640K)
[3.540s][info][gc             ] GC(94) Pause Young (Allocation Failure) 642M->642M(707M) 22.252ms
[3.540s][info][gc,cpu         ] GC(94) User=0.12s Sys=0.00s Real=0.02s
[3.553s][info][gc,start       ] GC(95) Pause Young (Allocation Failure)
[3.574s][info][gc,heap        ] GC(95) PSYoungGen: 40800K(69120K)->21600K(64512K) Eden: 10752K(10752K)->0K(12288K) From: 30048K(58368K)->21600K(52224K)
[3.574s][info][gc,heap        ] GC(95) ParOldGen: 628084K(654848K)->647500K(654848K)
[3.574s][info][gc,metaspace   ] GC(95) Metaspace: 6297K(6464K)->6297K(6464K) NonClass: 5764K(5824K)->5764K(5824K) Class: 533K(640K)->533K(640K)
[3.574s][info][gc             ] GC(95) Pause Young (Allocation Failure) 653M->653M(702M) 21.370ms
[3.574s][info][gc,cpu         ] GC(95) User=0.11s Sys=0.02s Real=0.02s
[3.574s][info][gc,start       ] GC(96) Pause Full (Ergonomics)
[3.574s][info][gc,phases,start] GC(96) Marking Phase
[3.716s][info][gc,phases      ] GC(96) Marking Phase 141.707ms
[3.716s][info][gc,phases,start] GC(96) Summary Phase
[3.716s][info][gc,phases      ] GC(96) Summary Phase 0.021ms
[3.716s][info][gc,phases,start] GC(96) Adjust Roots
[3.716s][info][gc,phases      ] GC(96) Adjust Roots 0.166ms
[3.716s][info][gc,phases,start] GC(96) Compaction Phase
[3.777s][info][gc,phases      ] GC(96) Compaction Phase 60.626ms
[3.777s][info][gc,phases,start] GC(96) Post Compact
[3.778s][info][gc,phases      ] GC(96) Post Compact 1.086ms
[3.778s][info][gc,heap        ] GC(96) PSYoungGen: 21600K(64512K)->13262K(66048K) Eden: 0K(12288K)->0K(13824K) From: 21600K(52224K)->13262K(52224K)
[3.778s][info][gc,heap        ] GC(96) ParOldGen: 647500K(654848K)->654710K(733696K)
[3.778s][info][gc,metaspace   ] GC(96) Metaspace: 6297K(6464K)->6297K(6464K) NonClass: 5764K(5824K)->5764K(5824K) Class: 533K(640K)->533K(640K)
[3.778s][info][gc             ] GC(96) Pause Full (Ergonomics) 653M->652M(781M) 204.202ms
[3.778s][info][gc,cpu         ] GC(96) User=1.52s Sys=0.00s Real=0.20s
[3.796s][info][gc,start       ] GC(97) Pause Young (Allocation Failure)
[3.838s][info][gc,heap        ] GC(97) PSYoungGen: 27086K(66048K)->13952K(68608K) Eden: 13824K(13824K)->0K(13824K) From: 13262K(52224K)->13952K(54784K)
[3.838s][info][gc,heap        ] GC(97) ParOldGen: 654710K(733696K)->668182K(733696K)
[3.838s][info][gc,metaspace   ] GC(97) Metaspace: 6297K(6464K)->6297K(6464K) NonClass: 5764K(5824K)->5764K(5824K) Class: 533K(640K)->533K(640K)
[3.838s][info][gc             ] GC(97) Pause Young (Allocation Failure) 665M->666M(783M) 42.353ms
[3.838s][info][gc,cpu         ] GC(97) User=0.25s Sys=0.00s Real=0.04s
[3.857s][info][gc,start       ] GC(98) Pause Young (Allocation Failure)
[3.874s][info][gc,heap        ] GC(98) PSYoungGen: 27776K(68608K)->13952K(66560K) Eden: 13824K(13824K)->0K(15360K) From: 13952K(54784K)->13952K(51200K)
[3.874s][info][gc,heap        ] GC(98) ParOldGen: 668182K(733696K)->682190K(733696K)
[3.874s][info][gc,metaspace   ] GC(98) Metaspace: 6297K(6464K)->6297K(6464K) NonClass: 5764K(5824K)->5764K(5824K) Class: 533K(640K)->533K(640K)
[3.874s][info][gc             ] GC(98) Pause Young (Allocation Failure) 679M->679M(781M) 17.157ms
[3.874s][info][gc,cpu         ] GC(98) User=0.03s Sys=0.00s Real=0.02s
[4.075s][info][gc,start       ] GC(99) Pause Full (Ergonomics)
[4.075s][info][gc,phases,start] GC(99) Marking Phase
[4.231s][info][gc,phases      ] GC(99) Marking Phase 156.519ms
[4.231s][info][gc,phases,start] GC(99) Summary Phase
[4.231s][info][gc,phases      ] GC(99) Summary Phase 0.029ms
[4.231s][info][gc,phases,start] GC(99) Adjust Roots
[4.231s][info][gc,phases      ] GC(99) Adjust Roots 0.146ms
[4.231s][info][gc,phases,start] GC(99) Compaction Phase
[4.349s][info][gc,phases      ] GC(99) Compaction Phase 117.806ms
[4.349s][info][gc,phases,start] GC(99) Post Compact
[4.351s][info][gc,phases      ] GC(99) Post Compact 1.435ms
[4.351s][info][gc,heap        ] GC(99) PSYoungGen: 29312K(66560K)->0K(67584K) Eden: 15360K(15360K)->0K(15360K) From: 13952K(51200K)->0K(52224K)
[4.351s][info][gc,heap        ] GC(99) ParOldGen: 714958K(733696K)->727268K(811008K)
[4.351s][info][gc,metaspace   ] GC(99) Metaspace: 6297K(6464K)->6297K(6464K) NonClass: 5764K(5824K)->5764K(5824K) Class: 533K(640K)->533K(640K)
[4.351s][info][gc             ] GC(99) Pause Full (Ergonomics) 726M->710M(858M) 276.578ms
[4.351s][info][gc,cpu         ] GC(99) User=1.80s Sys=0.00s Real=0.28s
[4.369s][info][gc,start       ] GC(100) Pause Young (Allocation Failure)
[4.383s][info][gc,heap        ] GC(100) PSYoungGen: 15360K(67584K)->15488K(65024K) Eden: 15360K(15360K)->0K(16896K) From: 0K(52224K)->15488K(48128K)
[4.383s][info][gc,heap        ] GC(100) ParOldGen: 727268K(811008K)->727268K(811008K)
[4.383s][info][gc,metaspace   ] GC(100) Metaspace: 6297K(6464K)->6297K(6464K) NonClass: 5764K(5824K)->5764K(5824K) Class: 533K(640K)->533K(640K)
[4.383s][info][gc             ] GC(100) Pause Young (Allocation Failure) 725M->725M(855M) 13.705ms
[4.383s][info][gc,cpu         ] GC(100) User=0.02s Sys=0.00s Real=0.01s
[4.400s][info][gc,start       ] GC(101) Pause Young (Allocation Failure)
[4.418s][info][gc,heap        ] GC(101) PSYoungGen: 32384K(65024K)->32416K(67072K) Eden: 16896K(16896K)->0K(16896K) From: 15488K(48128K)->32416K(50176K)
[4.418s][info][gc,heap        ] GC(101) ParOldGen: 727268K(811008K)->727268K(811008K)
[4.418s][info][gc,metaspace   ] GC(101) Metaspace: 6297K(6464K)->6297K(6464K) NonClass: 5764K(5824K)->5764K(5824K) Class: 533K(640K)->533K(640K)
[4.418s][info][gc             ] GC(101) Pause Young (Allocation Failure) 741M->741M(857M) 18.638ms
[4.418s][info][gc,cpu         ] GC(101) User=0.05s Sys=0.00s Real=0.02s
[4.436s][info][gc,start       ] GC(102) Pause Young (Allocation Failure)
[4.460s][info][gc,heap        ] GC(102) PSYoungGen: 49312K(67072K)->49280K(62976K) Eden: 16896K(16896K)->0K(11776K) From: 32416K(50176K)->49280K(51200K)
[4.460s][info][gc,heap        ] GC(102) ParOldGen: 727268K(811008K)->727268K(811008K)
[4.460s][info][gc,metaspace   ] GC(102) Metaspace: 6297K(6464K)->6297K(6464K) NonClass: 5764K(5824K)->5764K(5824K) Class: 533K(640K)->533K(640K)
[4.460s][info][gc             ] GC(102) Pause Young (Allocation Failure) 758M->758M(853M) 24.477ms
[4.460s][info][gc,cpu         ] GC(102) User=0.03s Sys=0.00s Real=0.03s
[4.472s][info][gc,start       ] GC(103) Pause Young (Allocation Failure)
[4.500s][info][gc,heap        ] GC(103) PSYoungGen: 61056K(62976K)->45696K(70144K) Eden: 11776K(11776K)->0K(11776K) From: 49280K(51200K)->45696K(58368K)
[4.500s][info][gc,heap        ] GC(103) ParOldGen: 727268K(811008K)->742844K(811008K)
[4.500s][info][gc,metaspace   ] GC(103) Metaspace: 6297K(6464K)->6297K(6464K) NonClass: 5764K(5824K)->5764K(5824K) Class: 533K(640K)->533K(640K)
[4.500s][info][gc             ] GC(103) Pause Young (Allocation Failure) 769M->770M(860M) 28.443ms
[4.500s][info][gc,cpu         ] GC(103) User=0.14s Sys=0.00s Real=0.03s
[4.513s][info][gc,start       ] GC(104) Pause Young (Allocation Failure)
[4.540s][info][gc,heap        ] GC(104) PSYoungGen: 57472K(70144K)->40576K(74240K) Eden: 11776K(11776K)->0K(11776K) From: 45696K(58368K)->40576K(62464K)
[4.540s][info][gc,heap        ] GC(104) ParOldGen: 742844K(811008K)->759972K(811008K)
[4.540s][info][gc,metaspace   ] GC(104) Metaspace: 6297K(6464K)->6297K(6464K) NonClass: 5764K(5824K)->5764K(5824K) Class: 533K(640K)->533K(640K)
[4.540s][info][gc             ] GC(104) Pause Young (Allocation Failure) 781M->781M(864M) 27.303ms
[4.540s][info][gc,cpu         ] GC(104) User=0.12s Sys=0.00s Real=0.03s
[4.553s][info][gc,start       ] GC(105) Pause Young (Allocation Failure)
[4.579s][info][gc,heap        ] GC(105) PSYoungGen: 52352K(74240K)->23680K(35840K) Eden: 11776K(11776K)->0K(11776K) From: 40576K(62464K)->23680K(24064K)
[4.579s][info][gc,heap        ] GC(105) ParOldGen: 759972K(811008K)->789012K(811008K)
[4.579s][info][gc,metaspace   ] GC(105) Metaspace: 6297K(6464K)->6297K(6464K) NonClass: 5764K(5824K)->5764K(5824K) Class: 533K(640K)->533K(640K)
[4.579s][info][gc             ] GC(105) Pause Young (Allocation Failure) 793M->793M(827M) 26.285ms
[4.579s][info][gc,cpu         ] GC(105) User=0.09s Sys=0.03s Real=0.03s
[4.579s][info][gc,start       ] GC(106) Pause Full (Ergonomics)
[4.579s][info][gc,phases,start] GC(106) Marking Phase
[4.761s][info][gc,phases      ] GC(106) Marking Phase 181.767ms
[4.761s][info][gc,phases,start] GC(106) Summary Phase
[4.761s][info][gc,phases      ] GC(106) Summary Phase 0.026ms
[4.761s][info][gc,phases,start] GC(106) Adjust Roots
[4.761s][info][gc,phases      ] GC(106) Adjust Roots 0.150ms
[4.761s][info][gc,phases,start] GC(106) Compaction Phase
[4.847s][info][gc,phases      ] GC(106) Compaction Phase 85.798ms
[4.847s][info][gc,phases,start] GC(106) Post Compact
[4.849s][info][gc,phases      ] GC(106) Post Compact 1.474ms
[4.849s][info][gc,heap        ] GC(106) PSYoungGen: 23680K(35840K)->1006K(35840K) Eden: 0K(11776K)->0K(11776K) From: 23680K(24064K)->1006K(24064K)
[4.849s][info][gc,heap        ] GC(106) ParOldGen: 789012K(811008K)->810555K(905216K)
[4.849s][info][gc,metaspace   ] GC(106) Metaspace: 6297K(6464K)->6297K(6464K) NonClass: 5764K(5824K)->5764K(5824K) Class: 533K(640K)->533K(640K)
[4.849s][info][gc             ] GC(106) Pause Full (Ergonomics) 793M->792M(919M) 269.956ms
[4.849s][info][gc,cpu         ] GC(106) User=1.91s Sys=0.02s Real=0.27s
[4.862s][info][gc,start       ] GC(107) Pause Young (Allocation Failure)
[4.903s][info][gc,heap        ] GC(107) PSYoungGen: 12782K(35840K)->11904K(73728K) Eden: 11776K(11776K)->0K(13312K) From: 1006K(24064K)->11904K(60416K)
[4.903s][info][gc,heap        ] GC(107) ParOldGen: 810555K(905216K)->811611K(905216K)
[4.903s][info][gc,metaspace   ] GC(107) Metaspace: 6297K(6464K)->6297K(6464K) NonClass: 5764K(5824K)->5764K(5824K) Class: 533K(640K)->533K(640K)
[4.903s][info][gc             ] GC(107) Pause Young (Allocation Failure) 804M->804M(956M) 41.359ms
[4.903s][info][gc,cpu         ] GC(107) User=0.25s Sys=0.00s Real=0.04s
[4.918s][info][gc,start       ] GC(108) Pause Young (Allocation Failure)
[4.934s][info][gc,heap        ] GC(108) PSYoungGen: 25216K(73728K)->13440K(74240K) Eden: 13312K(13312K)->0K(13312K) From: 11904K(60416K)->13440K(60928K)
[4.934s][info][gc,heap        ] GC(108) ParOldGen: 811611K(905216K)->823571K(905216K)
[4.934s][info][gc,metaspace   ] GC(108) Metaspace: 6297K(6464K)->6297K(6464K) NonClass: 5764K(5824K)->5764K(5824K) Class: 533K(640K)->533K(640K)
[4.934s][info][gc             ] GC(108) Pause Young (Allocation Failure) 817M->817M(956M) 16.084ms
[4.934s][info][gc,cpu         ] GC(108) User=0.02s Sys=0.00s Real=0.02s
[4.949s][info][gc,start       ] GC(109) Pause Young (Allocation Failure)
[4.966s][info][gc,heap        ] GC(109) PSYoungGen: 26752K(74240K)->13440K(71680K) Eden: 13312K(13312K)->0K(14848K) From: 13440K(60928K)->13440K(56832K)
[4.966s][info][gc,heap        ] GC(109) ParOldGen: 823571K(905216K)->837051K(905216K)
[4.966s][info][gc,metaspace   ] GC(109) Metaspace: 6297K(6464K)->6297K(6464K) NonClass: 5764K(5824K)->5764K(5824K) Class: 533K(640K)->533K(640K)
[4.966s][info][gc             ] GC(109) Pause Young (Allocation Failure) 830M->830M(954M) 16.887ms
[4.966s][info][gc,cpu         ] GC(109) User=0.06s Sys=0.00s Real=0.02s
[4.982s][info][gc,start       ] GC(110) Pause Young (Allocation Failure)
[5.001s][info][gc,heap        ] GC(110) PSYoungGen: 28288K(71680K)->14976K(30208K) Eden: 14848K(14848K)->0K(14848K) From: 13440K(56832K)->14976K(15360K)
[5.001s][info][gc,heap        ] GC(110) ParOldGen: 837051K(905216K)->850547K(905216K)
[5.001s][info][gc,metaspace   ] GC(110) Metaspace: 6297K(6464K)->6297K(6464K) NonClass: 5764K(5824K)->5764K(5824K) Class: 533K(640K)->533K(640K)
[5.001s][info][gc             ] GC(110) Pause Young (Allocation Failure) 845M->845M(913M) 19.005ms
[5.001s][info][gc,cpu         ] GC(110) User=0.02s Sys=0.00s Real=0.02s
[5.018s][info][gc,start       ] GC(111) Pause Young (Allocation Failure)
[5.036s][info][gc,heap        ] GC(111) PSYoungGen: 29824K(30208K)->15008K(70656K) Eden: 14848K(14848K)->0K(16896K) From: 14976K(15360K)->15008K(53760K)
[5.037s][info][gc,heap        ] GC(111) ParOldGen: 850547K(905216K)->865595K(905216K)
[5.037s][info][gc,metaspace   ] GC(111) Metaspace: 6297K(6464K)->6297K(6464K) NonClass: 5764K(5824K)->5764K(5824K) Class: 533K(640K)->533K(640K)
[5.037s][info][gc             ] GC(111) Pause Young (Allocation Failure) 859M->859M(953M) 18.368ms
[5.037s][info][gc,cpu         ] GC(111) User=0.03s Sys=0.00s Real=0.02s
[5.055s][info][gc,start       ] GC(112) Pause Young (Allocation Failure)
[5.074s][info][gc,heap        ] GC(112) PSYoungGen: 31904K(70656K)->16992K(34304K) Eden: 16896K(16896K)->0K(16896K) From: 15008K(53760K)->16992K(17408K)
[5.074s][info][gc,heap        ] GC(112) ParOldGen: 865595K(905216K)->880651K(905216K)
[5.074s][info][gc,metaspace   ] GC(112) Metaspace: 6297K(6464K)->6297K(6464K) NonClass: 5764K(5824K)->5764K(5824K) Class: 533K(640K)->533K(640K)
[5.074s][info][gc             ] GC(112) Pause Young (Allocation Failure) 876M->876M(917M) 18.975ms
[5.074s][info][gc,cpu         ] GC(112) User=0.05s Sys=0.00s Real=0.02s
[5.074s][info][gc,start       ] GC(113) Pause Full (Ergonomics)
[5.074s][info][gc,phases,start] GC(113) Marking Phase
[5.280s][info][gc,phases      ] GC(113) Marking Phase 205.418ms
[5.280s][info][gc,phases,start] GC(113) Summary Phase
[5.280s][info][gc,phases      ] GC(113) Summary Phase 0.039ms
[5.280s][info][gc,phases,start] GC(113) Adjust Roots
[5.280s][info][gc,phases      ] GC(113) Adjust Roots 0.151ms
[5.280s][info][gc,phases,start] GC(113) Compaction Phase
[5.373s][info][gc,phases      ] GC(113) Compaction Phase 92.819ms
[5.373s][info][gc,phases,start] GC(113) Post Compact
[5.375s][info][gc,phases      ] GC(113) Post Compact 1.572ms
[5.375s][info][gc,heap        ] GC(113) PSYoungGen: 16992K(34304K)->0K(71168K) Eden: 0K(16896K)->0K(18944K) From: 16992K(17408K)->0K(52224K)
[5.375s][info][gc,heap        ] GC(113) ParOldGen: 880651K(905216K)->896361K(992768K)
[5.375s][info][gc,metaspace   ] GC(113) Metaspace: 6297K(6464K)->6297K(6464K) NonClass: 5764K(5824K)->5764K(5824K) Class: 533K(640K)->533K(640K)
[5.375s][info][gc             ] GC(113) Pause Full (Ergonomics) 876M->875M(1039M) 300.688ms
[5.375s][info][gc,cpu         ] GC(113) User=1.95s Sys=0.05s Real=0.30s
[5.400s][info][gc,start       ] GC(114) Pause Young (Allocation Failure)
[5.414s][info][gc,heap        ] GC(114) PSYoungGen: 18944K(71168K)->19104K(38400K) Eden: 18944K(18944K)->0K(18944K) From: 0K(52224K)->19104K(19456K)
[5.414s][info][gc,heap        ] GC(114) ParOldGen: 896361K(992768K)->896361K(992768K)
[5.414s][info][gc,metaspace   ] GC(114) Metaspace: 6297K(6464K)->6297K(6464K) NonClass: 5764K(5824K)->5764K(5824K) Class: 533K(640K)->533K(640K)
[5.414s][info][gc             ] GC(114) Pause Young (Allocation Failure) 893M->894M(1007M) 14.694ms
[5.414s][info][gc,cpu         ] GC(114) User=0.02s Sys=0.00s Real=0.02s
[5.436s][info][gc,start       ] GC(115) Pause Young (Allocation Failure)
[5.456s][info][gc,heap        ] GC(115) PSYoungGen: 38048K(38400K)->38048K(67072K) Eden: 18944K(18944K)->0K(17408K) From: 19104K(19456K)->38048K(49664K)
[5.456s][info][gc,heap        ] GC(115) ParOldGen: 896361K(992768K)->896361K(992768K)
[5.456s][info][gc,metaspace   ] GC(115) Metaspace: 6297K(6464K)->6297K(6464K) NonClass: 5764K(5824K)->5764K(5824K) Class: 533K(640K)->533K(640K)
[5.457s][info][gc             ] GC(115) Pause Young (Allocation Failure) 912M->912M(1035M) 20.579ms
[5.457s][info][gc,cpu         ] GC(115) User=0.03s Sys=0.00s Real=0.02s
[5.477s][info][gc,start       ] GC(116) Pause Young (Allocation Failure)
[5.504s][info][gc,heap        ] GC(116) PSYoungGen: 55456K(67072K)->53248K(70656K) Eden: 17408K(17408K)->0K(17408K) From: 38048K(49664K)->53248K(53248K)
[5.504s][info][gc,heap        ] GC(116) ParOldGen: 896361K(992768K)->898513K(992768K)
[5.504s][info][gc,metaspace   ] GC(116) Metaspace: 6297K(6464K)->6297K(6464K) NonClass: 5764K(5824K)->5764K(5824K) Class: 533K(640K)->533K(640K)
[5.505s][info][gc             ] GC(116) Pause Young (Allocation Failure) 929M->929M(1038M) 27.692ms
[5.505s][info][gc,cpu         ] GC(116) User=0.14s Sys=0.00s Real=0.03s
[5.523s][info][gc,start       ] GC(117) Pause Young (Allocation Failure)
[5.557s][info][gc,heap        ] GC(117) PSYoungGen: 70656K(70656K)->34080K(80384K) Eden: 17408K(17408K)->0K(19456K) From: 53248K(53248K)->34080K(60928K)
[5.557s][info][gc,heap        ] GC(117) ParOldGen: 898513K(992768K)->935681K(992768K)
[5.557s][info][gc,metaspace   ] GC(117) Metaspace: 6297K(6464K)->6297K(6464K) NonClass: 5764K(5824K)->5764K(5824K) Class: 533K(640K)->533K(640K)
[5.557s][info][gc             ] GC(117) Pause Young (Allocation Failure) 946M->947M(1048M) 34.392ms
[5.557s][info][gc,cpu         ] GC(117) User=0.23s Sys=0.02s Real=0.03s
[5.579s][info][gc,start       ] GC(118) Pause Young (Allocation Failure)
[5.606s][info][gc,heap        ] GC(118) PSYoungGen: 53536K(80384K)->37056K(80896K) Eden: 19456K(19456K)->0K(19456K) From: 34080K(60928K)->37056K(61440K)
[5.607s][info][gc,heap        ] GC(118) ParOldGen: 935681K(992768K)->952441K(992768K)
[5.607s][info][gc,metaspace   ] GC(118) Metaspace: 6297K(6464K)->6297K(6464K) NonClass: 5764K(5824K)->5764K(5824K) Class: 533K(640K)->533K(640K)
[5.607s][info][gc             ] GC(118) Pause Young (Allocation Failure) 966M->966M(1048M) 27.581ms
[5.607s][info][gc,cpu         ] GC(118) User=0.12s Sys=0.00s Real=0.03s
[5.629s][info][gc,start       ] GC(119) Pause Young (Allocation Failure)
[5.658s][info][gc,heap        ] GC(119) PSYoungGen: 56512K(80896K)->39008K(82432K) Eden: 19456K(19456K)->0K(20992K) From: 37056K(61440K)->39008K(61440K)
[5.658s][info][gc,heap        ] GC(119) ParOldGen: 952441K(992768K)->970089K(992768K)
[5.658s][info][gc,metaspace   ] GC(119) Metaspace: 6297K(6464K)->6297K(6464K) NonClass: 5764K(5824K)->5764K(5824K) Class: 533K(640K)->533K(640K)
[5.658s][info][gc             ] GC(119) Pause Young (Allocation Failure) 985M->985M(1050M) 28.989ms
[5.658s][info][gc,cpu         ] GC(119) User=0.12s Sys=0.02s Real=0.03s
[5.658s][info][gc,start       ] GC(120) Pause Full (Ergonomics)
[5.658s][info][gc,phases,start] GC(120) Marking Phase
[5.877s][info][gc,phases      ] GC(120) Marking Phase 218.142ms
[5.877s][info][gc,phases,start] GC(120) Summary Phase
[5.877s][info][gc,phases      ] GC(120) Summary Phase 0.025ms
[5.877s][info][gc,phases,start] GC(120) Adjust Roots
[5.877s][info][gc,phases      ] GC(120) Adjust Roots 0.161ms
[5.877s][info][gc,phases,start] GC(120) Compaction Phase
[5.968s][info][gc,phases      ] GC(120) Compaction Phase 90.957ms
[5.968s][info][gc,phases,start] GC(120) Post Compact
[5.970s][info][gc,phases      ] GC(120) Post Compact 1.642ms
[5.970s][info][gc,heap        ] GC(120) PSYoungGen: 39008K(82432K)->15351K(82432K) Eden: 0K(20992K)->0K(20992K) From: 39008K(61440K)->15351K(61440K)
[5.970s][info][gc,heap        ] GC(120) ParOldGen: 970089K(992768K)->992447K(1101824K)
[5.970s][info][gc,metaspace   ] GC(120) Metaspace: 6297K(6464K)->6297K(6464K) NonClass: 5764K(5824K)->5764K(5824K) Class: 533K(640K)->533K(640K)
[5.970s][info][gc             ] GC(120) Pause Full (Ergonomics) 985M->984M(1156M) 311.637ms
[5.970s][info][gc,cpu         ] GC(120) User=2.09s Sys=0.00s Real=0.31s
[5.995s][info][gc,start       ] GC(121) Pause Young (Allocation Failure)
[6.054s][info][gc,heap        ] GC(121) PSYoungGen: 36343K(82432K)->29984K(51200K) Eden: 20992K(20992K)->0K(20992K) From: 15351K(61440K)->29984K(30208K)
[6.054s][info][gc,heap        ] GC(121) ParOldGen: 992447K(1101824K)->999063K(1101824K)
[6.054s][info][gc,metaspace   ] GC(121) Metaspace: 6297K(6464K)->6297K(6464K) NonClass: 5764K(5824K)->5764K(5824K) Class: 533K(640K)->533K(640K)
[6.054s][info][gc             ] GC(121) Pause Young (Allocation Failure) 1004M->1004M(1126M) 59.100ms
[6.054s][info][gc,cpu         ] GC(121) User=0.48s Sys=0.00s Real=0.06s
[6.077s][info][gc,start       ] GC(122) Pause Young (Allocation Failure)
[6.104s][info][gc,heap        ] GC(122) PSYoungGen: 50976K(51200K)->50944K(77824K) Eden: 20992K(20992K)->0K(18432K) From: 29984K(30208K)->50944K(59392K)
[6.105s][info][gc,heap        ] GC(122) ParOldGen: 999063K(1101824K)->999063K(1101824K)
[6.105s][info][gc,metaspace   ] GC(122) Metaspace: 6297K(6464K)->6297K(6464K) NonClass: 5764K(5824K)->5764K(5824K) Class: 533K(640K)->533K(640K)
[6.105s][info][gc             ] GC(122) Pause Young (Allocation Failure) 1025M->1025M(1152M) 27.326ms
[6.105s][info][gc,cpu         ] GC(122) User=0.12s Sys=0.00s Real=0.03s
[6.125s][info][gc,start       ] GC(123) Pause Young (Allocation Failure)
[6.159s][info][gc,heap        ] GC(123) PSYoungGen: 69376K(77824K)->64512K(82944K) Eden: 18432K(18432K)->0K(18432K) From: 50944K(59392K)->64512K(64512K)
[6.159s][info][gc,heap        ] GC(123) ParOldGen: 999063K(1101824K)->1003951K(1101824K)
[6.159s][info][gc,metaspace   ] GC(123) Metaspace: 6297K(6464K)->6297K(6464K) NonClass: 5764K(5824K)->5764K(5824K) Class: 533K(640K)->533K(640K)
[6.159s][info][gc             ] GC(123) Pause Young (Allocation Failure) 1043M->1043M(1157M) 34.037ms
[6.159s][info][gc,cpu         ] GC(123) User=0.16s Sys=0.00s Real=0.03s
[6.181s][info][gc,start       ] GC(124) Pause Young (Allocation Failure)
[6.222s][info][gc,heap        ] GC(124) PSYoungGen: 82944K(82944K)->56256K(92160K) Eden: 18432K(18432K)->0K(16896K) From: 64512K(64512K)->56256K(75264K)
[6.222s][info][gc,heap        ] GC(124) ParOldGen: 1003951K(1101824K)->1031103K(1101824K)
[6.222s][info][gc,metaspace   ] GC(124) Metaspace: 6297K(6464K)->6297K(6464K) NonClass: 5764K(5824K)->5764K(5824K) Class: 533K(640K)->533K(640K)
[6.222s][info][gc             ] GC(124) Pause Young (Allocation Failure) 1061M->1061M(1166M) 41.039ms
[6.222s][info][gc,cpu         ] GC(124) User=0.25s Sys=0.02s Real=0.04s
[6.242s][info][gc,start       ] GC(125) Pause Young (Allocation Failure)
[6.278s][info][gc,heap        ] GC(125) PSYoungGen: 73152K(92160K)->53440K(95744K) Eden: 16896K(16896K)->0K(16896K) From: 56256K(75264K)->53440K(78848K)
[6.278s][info][gc,heap        ] GC(125) ParOldGen: 1031103K(1101824K)->1051055K(1101824K)
[6.278s][info][gc,metaspace   ] GC(125) Metaspace: 6297K(6464K)->6297K(6464K) NonClass: 5764K(5824K)->5764K(5824K) Class: 533K(640K)->533K(640K)
[6.278s][info][gc             ] GC(125) Pause Young (Allocation Failure) 1078M->1078M(1169M) 36.285ms
[6.278s][info][gc,cpu         ] GC(125) User=0.25s Sys=0.02s Real=0.04s
[6.297s][info][gc,start       ] GC(126) Pause Young (Allocation Failure)
[6.333s][info][gc,heap        ] GC(126) PSYoungGen: 70336K(95744K)->52352K(99328K) Eden: 16896K(16896K)->0K(18432K) From: 53440K(78848K)->52352K(80896K)
[6.333s][info][gc,heap        ] GC(126) ParOldGen: 1051055K(1101824K)->1069295K(1101824K)
[6.333s][info][gc,metaspace   ] GC(126) Metaspace: 6297K(6464K)->6297K(6464K) NonClass: 5764K(5824K)->5764K(5824K) Class: 533K(640K)->533K(640K)
[6.333s][info][gc             ] GC(126) Pause Young (Allocation Failure) 1095M->1095M(1173M) 35.543ms
[6.333s][info][gc,cpu         ] GC(126) User=0.23s Sys=0.02s Real=0.04s
[6.333s][info][gc,start       ] GC(127) Pause Full (Ergonomics)
[6.333s][info][gc,phases,start] GC(127) Marking Phase
[6.579s][info][gc,phases      ] GC(127) Marking Phase 245.636ms
[6.579s][info][gc,phases,start] GC(127) Summary Phase
[6.579s][info][gc,phases      ] GC(127) Summary Phase 0.030ms
[6.579s][info][gc,phases,start] GC(127) Adjust Roots
[6.579s][info][gc,phases      ] GC(127) Adjust Roots 0.148ms
[6.579s][info][gc,phases,start] GC(127) Compaction Phase
[6.682s][info][gc,phases      ] GC(127) Compaction Phase 103.623ms
[6.683s][info][gc,phases,start] GC(127) Post Compact
[6.685s][info][gc,phases      ] GC(127) Post Compact 2.174ms
[6.685s][info][gc,heap        ] GC(127) PSYoungGen: 52352K(99328K)->18913K(99328K) Eden: 0K(18432K)->0K(18432K) From: 52352K(80896K)->18913K(80896K)
[6.685s][info][gc,heap        ] GC(127) ParOldGen: 1069295K(1101824K)->1101330K(1220096K)
[6.685s][info][gc,metaspace   ] GC(127) Metaspace: 6297K(6464K)->6297K(6464K) NonClass: 5764K(5824K)->5764K(5824K) Class: 533K(640K)->533K(640K)
[6.685s][info][gc             ] GC(127) Pause Full (Ergonomics) 1095M->1093M(1288M) 352.482ms
[6.685s][info][gc,cpu         ] GC(127) User=2.47s Sys=0.02s Real=0.35s
[6.706s][info][gc,start       ] GC(128) Pause Young (Allocation Failure)
[6.769s][info][gc,heap        ] GC(128) PSYoungGen: 37345K(99328K)->24768K(99840K) Eden: 18432K(18432K)->0K(18432K) From: 18913K(80896K)->24768K(81408K)
[6.769s][info][gc,heap        ] GC(128) ParOldGen: 1101330K(1220096K)->1114266K(1220096K)
[6.769s][info][gc,metaspace   ] GC(128) Metaspace: 6297K(6464K)->6297K(6464K) NonClass: 5764K(5824K)->5764K(5824K) Class: 533K(640K)->533K(640K)
[6.769s][info][gc             ] GC(128) Pause Young (Allocation Failure) 1111M->1112M(1289M) 63.492ms
[6.769s][info][gc,cpu         ] GC(128) User=0.38s Sys=0.02s Real=0.06s
[6.791s][info][gc,start       ] GC(129) Pause Young (Allocation Failure)
[6.815s][info][gc,heap        ] GC(129) PSYoungGen: 43200K(99840K)->37024K(93184K) Eden: 18432K(18432K)->0K(20480K) From: 24768K(81408K)->37024K(72704K)
[6.815s][info][gc,heap        ] GC(129) ParOldGen: 1114266K(1220096K)->1120562K(1220096K)
[6.815s][info][gc,metaspace   ] GC(129) Metaspace: 6297K(6464K)->6297K(6464K) NonClass: 5764K(5824K)->5764K(5824K) Class: 533K(640K)->533K(640K)
[6.815s][info][gc             ] GC(129) Pause Young (Allocation Failure) 1130M->1130M(1282M) 24.578ms
[6.815s][info][gc,cpu         ] GC(129) User=0.14s Sys=0.00s Real=0.02s
[6.840s][info][gc,start       ] GC(130) Pause Young (Allocation Failure)
[6.871s][info][gc,heap        ] GC(130) PSYoungGen: 57504K(93184K)->39072K(59904K) Eden: 20480K(20480K)->0K(20480K) From: 37024K(72704K)->39072K(39424K)
[6.871s][info][gc,heap        ] GC(130) ParOldGen: 1120562K(1220096K)->1139242K(1220096K)
[6.871s][info][gc,metaspace   ] GC(130) Metaspace: 6297K(6464K)->6297K(6464K) NonClass: 5764K(5824K)->5764K(5824K) Class: 533K(640K)->533K(640K)
[6.871s][info][gc             ] GC(130) Pause Young (Allocation Failure) 1150M->1150M(1250M) 30.770ms
[6.871s][info][gc,cpu         ] GC(130) User=0.12s Sys=0.00s Real=0.03s
[6.896s][info][gc,start       ] GC(131) Pause Young (Allocation Failure)
[6.927s][info][gc,heap        ] GC(131) PSYoungGen: 59552K(59904K)->41120K(90624K) Eden: 20480K(20480K)->0K(23040K) From: 39072K(39424K)->41120K(67584K)
[6.927s][info][gc,heap        ] GC(131) ParOldGen: 1139242K(1220096K)->1157930K(1220096K)
[6.927s][info][gc,metaspace   ] GC(131) Metaspace: 6297K(6464K)->6297K(6464K) NonClass: 5764K(5824K)->5764K(5824K) Class: 533K(640K)->533K(640K)
[6.927s][info][gc             ] GC(131) Pause Young (Allocation Failure) 1170M->1170M(1280M) 31.647ms
[6.927s][info][gc,cpu         ] GC(131) User=0.14s Sys=0.00s Real=0.03s
[6.956s][info][gc,start       ] GC(132) Pause Young (Allocation Failure)
[6.991s][info][gc,heap        ] GC(132) PSYoungGen: 64160K(90624K)->43648K(93184K) Eden: 23040K(23040K)->0K(23040K) From: 41120K(67584K)->43648K(70144K)
[6.991s][info][gc,heap        ] GC(132) ParOldGen: 1157930K(1220096K)->1178682K(1220096K)
[6.991s][info][gc,metaspace   ] GC(132) Metaspace: 6297K(6464K)->6297K(6464K) NonClass: 5764K(5824K)->5764K(5824K) Class: 533K(640K)->533K(640K)
[6.991s][info][gc             ] GC(132) Pause Young (Allocation Failure) 1193M->1193M(1282M) 35.152ms
[6.991s][info][gc,cpu         ] GC(132) User=0.16s Sys=0.00s Real=0.03s
[7.020s][info][gc,start       ] GC(133) Pause Young (Allocation Failure)
[7.056s][info][gc,heap        ] GC(133) PSYoungGen: 66688K(93184K)->46240K(94208K) Eden: 23040K(23040K)->0K(25600K) From: 43648K(70144K)->46240K(68608K)
[7.057s][info][gc,heap        ] GC(133) ParOldGen: 1178682K(1220096K)->1199458K(1220096K)
[7.057s][info][gc,metaspace   ] GC(133) Metaspace: 6297K(6464K)->6297K(6464K) NonClass: 5764K(5824K)->5764K(5824K) Class: 533K(640K)->533K(640K)
[7.057s][info][gc             ] GC(133) Pause Young (Allocation Failure) 1216M->1216M(1283M) 36.075ms
[7.057s][info][gc,cpu         ] GC(133) User=0.19s Sys=0.00s Real=0.04s
[7.057s][info][gc,start       ] GC(134) Pause Full (Ergonomics)
[7.057s][info][gc,phases,start] GC(134) Marking Phase
[7.339s][info][gc,phases      ] GC(134) Marking Phase 282.120ms
[7.339s][info][gc,phases,start] GC(134) Summary Phase
[7.339s][info][gc,phases      ] GC(134) Summary Phase 0.047ms
[7.339s][info][gc,phases,start] GC(134) Adjust Roots
[7.339s][info][gc,phases      ] GC(134) Adjust Roots 0.179ms
[7.339s][info][gc,phases,start] GC(134) Compaction Phase
[7.444s][info][gc,phases      ] GC(134) Compaction Phase 105.243ms
[7.444s][info][gc,phases,start] GC(134) Post Compact
[7.446s][info][gc,phases      ] GC(134) Post Compact 2.048ms
[7.447s][info][gc,heap        ] GC(134) PSYoungGen: 46240K(94208K)->24043K(94208K) Eden: 0K(25600K)->0K(25600K) From: 46240K(68608K)->24043K(68608K)
[7.447s][info][gc,heap        ] GC(134) ParOldGen: 1199458K(1220096K)->1219911K(1346048K)
[7.447s][info][gc,metaspace   ] GC(134) Metaspace: 6297K(6464K)->6297K(6464K) NonClass: 5764K(5824K)->5764K(5824K) Class: 533K(640K)->533K(640K)
[7.447s][info][gc             ] GC(134) Pause Full (Ergonomics) 1216M->1214M(1406M) 390.401ms
[7.447s][info][gc,cpu         ] GC(134) User=3.06s Sys=0.00s Real=0.39s
[7.478s][info][gc,start       ] GC(135) Pause Young (Allocation Failure)
[7.555s][info][gc,heap        ] GC(135) PSYoungGen: 49643K(94208K)->38048K(94208K) Eden: 25600K(25600K)->0K(25600K) From: 24043K(68608K)->38048K(68608K)
[7.555s][info][gc,heap        ] GC(135) ParOldGen: 1219911K(1346048K)->1231887K(1346048K)
[7.555s][info][gc,metaspace   ] GC(135) Metaspace: 6297K(6464K)->6297K(6464K) NonClass: 5764K(5824K)->5764K(5824K) Class: 533K(640K)->533K(640K)
[7.556s][info][gc             ] GC(135) Pause Young (Allocation Failure) 1239M->1240M(1406M) 77.129ms
[7.556s][info][gc,cpu         ] GC(135) User=0.44s Sys=0.00s Real=0.08s
[7.589s][info][gc,start       ] GC(136) Pause Young (Allocation Failure)
[7.625s][info][gc,heap        ] GC(136) PSYoungGen: 63648K(94208K)->63680K(88064K) Eden: 25600K(25600K)->0K(22016K) From: 38048K(68608K)->63680K(66048K)
[7.625s][info][gc,heap        ] GC(136) ParOldGen: 1231887K(1346048K)->1231887K(1346048K)
[7.625s][info][gc,metaspace   ] GC(136) Metaspace: 6297K(6464K)->6297K(6464K) NonClass: 5764K(5824K)->5764K(5824K) Class: 533K(640K)->533K(640K)
[7.625s][info][gc             ] GC(136) Pause Young (Allocation Failure) 1265M->1265M(1400M) 36.263ms
[7.625s][info][gc,cpu         ] GC(136) User=0.16s Sys=0.00s Real=0.04s
[7.648s][info][gc,start       ] GC(137) Pause Young (Allocation Failure)
[7.688s][info][gc,heap        ] GC(137) PSYoungGen: 85696K(88064K)->72192K(94208K) Eden: 22016K(22016K)->0K(22016K) From: 63680K(66048K)->72192K(72192K)
[7.688s][info][gc,heap        ] GC(137) ParOldGen: 1231887K(1346048K)->1237655K(1346048K)
[7.688s][info][gc,metaspace   ] GC(137) Metaspace: 6297K(6464K)->6297K(6464K) NonClass: 5764K(5824K)->5764K(5824K) Class: 533K(640K)->533K(640K)
[7.688s][info][gc             ] GC(137) Pause Young (Allocation Failure) 1286M->1279M(1406M) 39.995ms
[7.688s][info][gc,cpu         ] GC(137) User=0.27s Sys=0.00s Real=0.04s
[7.708s][info][gc,start       ] GC(138) Pause Young (Allocation Failure)
[7.752s][info][gc,heap        ] GC(138) PSYoungGen: 94208K(94208K)->49056K(101888K) Eden: 22016K(22016K)->0K(24576K) From: 72192K(72192K)->49056K(77312K)
[7.752s][info][gc,heap        ] GC(138) ParOldGen: 1237655K(1346048K)->1272743K(1346048K)
[7.752s][info][gc,metaspace   ] GC(138) Metaspace: 6297K(6464K)->6297K(6464K) NonClass: 5764K(5824K)->5764K(5824K) Class: 533K(640K)->533K(640K)
[7.752s][info][gc             ] GC(138) Pause Young (Allocation Failure) 1300M->1290M(1414M) 44.014ms
[7.752s][info][gc,cpu         ] GC(138) User=0.25s Sys=0.02s Real=0.04s
[7.784s][info][gc,start       ] GC(139) Pause Young (Allocation Failure)
[7.823s][info][gc,heap        ] GC(139) PSYoungGen: 73632K(101888K)->49024K(104448K) Eden: 24576K(24576K)->0K(24576K) From: 49056K(77312K)->49024K(79872K)
[7.823s][info][gc,heap        ] GC(139) ParOldGen: 1272743K(1346048K)->1297607K(1346048K)
[7.823s][info][gc,metaspace   ] GC(139) Metaspace: 6297K(6464K)->6297K(6464K) NonClass: 5764K(5824K)->5764K(5824K) Class: 533K(640K)->533K(640K)
[7.823s][info][gc             ] GC(139) Pause Young (Allocation Failure) 1314M->1315M(1416M) 39.162ms
[7.823s][info][gc,cpu         ] GC(139) User=0.23s Sys=0.02s Real=0.04s
[7.854s][info][gc,start       ] GC(140) Pause Young (Allocation Failure)
[7.894s][info][gc,heap        ] GC(140) PSYoungGen: 73600K(104448K)->60704K(103424K) Eden: 24576K(24576K)->0K(25600K) From: 49024K(79872K)->60704K(77824K)
[7.894s][info][gc,heap        ] GC(140) ParOldGen: 1297607K(1346048K)->1310767K(1346048K)
[7.894s][info][gc,metaspace   ] GC(140) Metaspace: 6297K(6464K)->6297K(6464K) NonClass: 5764K(5824K)->5764K(5824K) Class: 533K(640K)->533K(640K)
[7.894s][info][gc             ] GC(140) Pause Young (Allocation Failure) 1339M->1339M(1415M) 39.590ms
[7.894s][info][gc,cpu         ] GC(140) User=0.36s Sys=0.02s Real=0.04s
[7.894s][info][gc,start       ] GC(141) Pause Full (Ergonomics)
[7.894s][info][gc,phases,start] GC(141) Marking Phase
[8.201s][info][gc,phases      ] GC(141) Marking Phase 306.854ms
[8.201s][info][gc,phases,start] GC(141) Summary Phase
[8.201s][info][gc,phases      ] GC(141) Summary Phase 0.027ms
[8.201s][info][gc,phases,start] GC(141) Adjust Roots
[8.201s][info][gc,phases      ] GC(141) Adjust Roots 0.236ms
[8.201s][info][gc,phases,start] GC(141) Compaction Phase
[8.572s][info][gc,phases      ] GC(141) Compaction Phase 370.764ms
[8.572s][info][gc,phases,start] GC(141) Post Compact
[8.575s][info][gc,phases      ] GC(141) Post Compact 2.744ms
[8.576s][info][gc,heap        ] GC(141) PSYoungGen: 60704K(103424K)->24160K(103424K) Eden: 0K(25600K)->0K(25600K) From: 60704K(77824K)->24160K(77824K)
[8.576s][info][gc,heap        ] GC(141) ParOldGen: 1310767K(1346048K)->1345681K(1484800K)
[8.576s][info][gc,metaspace   ] GC(141) Metaspace: 6297K(6464K)->6297K(6464K) NonClass: 5764K(5824K)->5764K(5824K) Class: 533K(640K)->533K(640K)
[8.576s][info][gc             ] GC(141) Pause Full (Ergonomics) 1339M->1337M(1551M) 681.447ms
[8.576s][info][gc,cpu         ] GC(141) User=4.92s Sys=0.00s Real=0.68s
[8.609s][info][gc,start       ] GC(142) Pause Young (Allocation Failure)
[8.692s][info][gc,heap        ] GC(142) PSYoungGen: 49760K(103424K)->46688K(72704K) Eden: 25600K(25600K)->0K(25600K) From: 24160K(77824K)->46688K(47104K)
[8.692s][info][gc,heap        ] GC(142) ParOldGen: 1345681K(1484800K)->1349009K(1484800K)
[8.692s][info][gc,metaspace   ] GC(142) Metaspace: 6297K(6464K)->6297K(6464K) NonClass: 5764K(5824K)->5764K(5824K) Class: 533K(640K)->533K(640K)
[8.692s][info][gc             ] GC(142) Pause Young (Allocation Failure) 1362M->1362M(1521M) 83.475ms
[8.692s][info][gc,cpu         ] GC(142) User=0.52s Sys=0.00s Real=0.08s
[8.997s][info][gc,start       ] GC(143) Pause Young (Allocation Failure)
[9.065s][info][gc,heap        ] GC(143) PSYoungGen: 72288K(72704K)->72352K(98816K) Eden: 25600K(25600K)->0K(22016K) From: 46688K(47104K)->72352K(76800K)
[9.065s][info][gc,heap        ] GC(143) ParOldGen: 1414545K(1484800K)->1414545K(1484800K)
[9.065s][info][gc,metaspace   ] GC(143) Metaspace: 6297K(6464K)->6297K(6464K) NonClass: 5764K(5824K)->5764K(5824K) Class: 533K(640K)->533K(640K)
[9.065s][info][gc             ] GC(143) Pause Young (Allocation Failure) 1451M->1452M(1546M) 67.638ms
[9.065s][info][gc,cpu         ] GC(143) User=0.39s Sys=0.00s Real=0.07s
[9.085s][info][gc,start       ] GC(144) Pause Young (Allocation Failure)
[9.131s][info][gc,heap        ] GC(144) PSYoungGen: 94368K(98816K)->82944K(104960K) Eden: 22016K(22016K)->0K(22016K) From: 72352K(76800K)->82944K(82944K)
[9.131s][info][gc,heap        ] GC(144) ParOldGen: 1414545K(1484800K)->1425977K(1484800K)
[9.131s][info][gc,metaspace   ] GC(144) Metaspace: 6297K(6464K)->6297K(6464K) NonClass: 5764K(5824K)->5764K(5824K) Class: 533K(640K)->533K(640K)
[9.131s][info][gc             ] GC(144) Pause Young (Allocation Failure) 1473M->1473M(1552M) 45.779ms
[9.131s][info][gc,cpu         ] GC(144) User=0.27s Sys=0.00s Real=0.05s
[9.152s][info][gc,start       ] GC(145) Pause Young (Allocation Failure)
[9.203s][info][gc,heap        ] GC(145) PSYoungGen: 104960K(104960K)->88544K(112640K) Eden: 22016K(22016K)->0K(16384K) From: 82944K(82944K)->88544K(96256K)
[9.203s][info][gc,heap        ] GC(145) ParOldGen: 1425977K(1484800K)->1442729K(1484800K)
[9.203s][info][gc,metaspace   ] GC(145) Metaspace: 6297K(6464K)->6297K(6464K) NonClass: 5764K(5824K)->5764K(5824K) Class: 533K(640K)->533K(640K)
[9.203s][info][gc             ] GC(145) Pause Young (Allocation Failure) 1495M->1495M(1560M) 50.975ms
[9.203s][info][gc,cpu         ] GC(145) User=0.38s Sys=0.00s Real=0.05s
[9.220s][info][gc,start       ] GC(146) Pause Young (Allocation Failure)
[9.269s][info][gc,heap        ] GC(146) PSYoungGen: 104928K(112640K)->82464K(120832K) Eden: 16384K(16384K)->0K(16384K) From: 88544K(96256K)->82464K(104448K)
[9.269s][info][gc,heap        ] GC(146) ParOldGen: 1442729K(1484800K)->1465489K(1484800K)
[9.269s][info][gc,metaspace   ] GC(146) Metaspace: 6297K(6464K)->6297K(6464K) NonClass: 5764K(5824K)->5764K(5824K) Class: 533K(640K)->533K(640K)
[9.269s][info][gc             ] GC(146) Pause Young (Allocation Failure) 1511M->1511M(1568M) 49.884ms
[9.270s][info][gc,cpu         ] GC(146) User=0.38s Sys=0.00s Real=0.05s
[9.270s][info][gc,start       ] GC(147) Pause Full (Ergonomics)
[9.270s][info][gc,phases,start] GC(147) Marking Phase
[9.600s][info][gc,phases      ] GC(147) Marking Phase 330.692ms
[9.600s][info][gc,phases,start] GC(147) Summary Phase
[9.600s][info][gc,phases      ] GC(147) Summary Phase 0.042ms
[9.600s][info][gc,phases,start] GC(147) Adjust Roots
[9.601s][info][gc,phases      ] GC(147) Adjust Roots 0.180ms
[9.601s][info][gc,phases,start] GC(147) Compaction Phase
[9.843s][info][gc,phases      ] GC(147) Compaction Phase 242.772ms
[9.843s][info][gc,phases,start] GC(147) Post Compact
[9.847s][info][gc,phases      ] GC(147) Post Compact 3.144ms
[9.847s][info][gc,heap        ] GC(147) PSYoungGen: 82464K(120832K)->29522K(120832K) Eden: 0K(16384K)->0K(16384K) From: 82464K(104448K)->29522K(104448K)
[9.847s][info][gc,heap        ] GC(147) ParOldGen: 1465489K(1484800K)->1484547K(1632256K)
[9.847s][info][gc,metaspace   ] GC(147) Metaspace: 6297K(6464K)->6297K(6464K) NonClass: 5764K(5824K)->5764K(5824K) Class: 533K(640K)->533K(640K)
[9.847s][info][gc             ] GC(147) Pause Full (Ergonomics) 1511M->1478M(1712M) 577.850ms
[9.847s][info][gc,cpu         ] GC(147) User=3.88s Sys=0.03s Real=0.58s
[9.864s][info][gc,start       ] GC(148) Pause Young (Allocation Failure)
[9.944s][info][gc,heap        ] GC(148) PSYoungGen: 45906K(120832K)->39456K(124928K) Eden: 16384K(16384K)->0K(18432K) From: 29522K(104448K)->39456K(106496K)
[9.944s][info][gc,heap        ] GC(148) ParOldGen: 1484547K(1632256K)->1491299K(1632256K)
[9.944s][info][gc,metaspace   ] GC(148) Metaspace: 6297K(6464K)->6297K(6464K) NonClass: 5764K(5824K)->5764K(5824K) Class: 533K(640K)->533K(640K)
[9.944s][info][gc             ] GC(148) Pause Young (Allocation Failure) 1494M->1494M(1716M) 80.238ms
[9.944s][info][gc,cpu         ] GC(148) User=0.42s Sys=0.00s Real=0.08s
[9.964s][info][gc,start       ] GC(149) Pause Young (Allocation Failure)
[9.998s][info][gc,heap        ] GC(149) PSYoungGen: 57888K(124928K)->57888K(76800K) Eden: 18432K(18432K)->0K(18432K) From: 39456K(106496K)->57888K(58368K)
[9.998s][info][gc,heap        ] GC(149) ParOldGen: 1491299K(1632256K)->1491299K(1632256K)
[9.998s][info][gc,metaspace   ] GC(149) Metaspace: 6297K(6464K)->6297K(6464K) NonClass: 5764K(5824K)->5764K(5824K) Class: 533K(640K)->533K(640K)
[9.998s][info][gc             ] GC(149) Pause Young (Allocation Failure) 1512M->1512M(1669M) 33.959ms
[9.998s][info][gc,cpu         ] GC(149) User=0.16s Sys=0.00s Real=0.03s
[10.019s][info][gc,start       ] GC(150) Pause Young (Allocation Failure)
[10.058s][info][gc,heap        ] GC(150) PSYoungGen: 76320K(76800K)->70496K(123904K) Eden: 18432K(18432K)->0K(20992K) From: 57888K(58368K)->70496K(102912K)
[10.058s][info][gc,heap        ] GC(150) ParOldGen: 1491299K(1632256K)->1497171K(1632256K)
[10.058s][info][gc,metaspace   ] GC(150) Metaspace: 6297K(6464K)->6297K(6464K) NonClass: 5764K(5824K)->5764K(5824K) Class: 533K(640K)->533K(640K)
[10.058s][info][gc             ] GC(150) Pause Young (Allocation Failure) 1530M->1530M(1715M) 38.947ms
[10.058s][info][gc,cpu         ] GC(150) User=0.16s Sys=0.00s Real=0.04s
[10.080s][info][gc,start       ] GC(151) Pause Young (Allocation Failure)
[10.125s][info][gc,heap        ] GC(151) PSYoungGen: 91488K(123904K)->81824K(123904K) Eden: 20992K(20992K)->0K(20992K) From: 70496K(102912K)->81824K(102912K)
[10.125s][info][gc,heap        ] GC(151) ParOldGen: 1497171K(1632256K)->1506987K(1632256K)
[10.125s][info][gc,metaspace   ] GC(151) Metaspace: 6297K(6464K)->6297K(6464K) NonClass: 5764K(5824K)->5764K(5824K) Class: 533K(640K)->533K(640K)
[10.125s][info][gc             ] GC(151) Pause Young (Allocation Failure) 1551M->1551M(1715M) 44.388ms
[10.125s][info][gc,cpu         ] GC(151) User=0.25s Sys=0.02s Real=0.05s
[10.146s][info][gc,start       ] GC(152) Pause Young (Allocation Failure)
[10.196s][info][gc,heap        ] GC(152) PSYoungGen: 102816K(123904K)->79040K(129024K) Eden: 20992K(20992K)->0K(22016K) From: 81824K(102912K)->79040K(107008K)
[10.196s][info][gc,heap        ] GC(152) ParOldGen: 1506987K(1632256K)->1531107K(1632256K)
[10.196s][info][gc,metaspace   ] GC(152) Metaspace: 6297K(6464K)->6297K(6464K) NonClass: 5764K(5824K)->5764K(5824K) Class: 533K(640K)->533K(640K)
[10.196s][info][gc             ] GC(152) Pause Young (Allocation Failure) 1572M->1572M(1720M) 49.959ms
[10.196s][info][gc,cpu         ] GC(152) User=0.28s Sys=0.02s Real=0.05s
[10.219s][info][gc,start       ] GC(153) Pause Young (Allocation Failure)
[10.269s][info][gc,heap        ] GC(153) PSYoungGen: 101056K(129024K)->64160K(86528K) Eden: 22016K(22016K)->0K(22016K) From: 79040K(107008K)->64160K(64512K)
[10.269s][info][gc,heap        ] GC(153) ParOldGen: 1531107K(1632256K)->1568443K(1632256K)
[10.269s][info][gc,metaspace   ] GC(153) Metaspace: 6297K(6464K)->6297K(6464K) NonClass: 5764K(5824K)->5764K(5824K) Class: 533K(640K)->533K(640K)
[10.269s][info][gc             ] GC(153) Pause Young (Allocation Failure) 1593M->1594M(1678M) 49.955ms
[10.269s][info][gc,cpu         ] GC(153) User=0.28s Sys=0.00s Real=0.05s
[10.291s][info][gc,start       ] GC(154) Pause Young (Allocation Failure)
[10.336s][info][gc,heap        ] GC(154) PSYoungGen: 86176K(86528K)->44192K(128512K) Eden: 22016K(22016K)->0K(25088K) From: 64160K(64512K)->44192K(103424K)
[10.336s][info][gc,heap        ] GC(154) ParOldGen: 1568443K(1632256K)->1610963K(1632256K)
[10.336s][info][gc,metaspace   ] GC(154) Metaspace: 6297K(6464K)->6297K(6464K) NonClass: 5764K(5824K)->5764K(5824K) Class: 533K(640K)->533K(640K)
[10.336s][info][gc             ] GC(154) Pause Young (Allocation Failure) 1615M->1616M(1719M) 44.992ms
[10.336s][info][gc,cpu         ] GC(154) User=0.19s Sys=0.08s Real=0.04s
[10.336s][info][gc,start       ] GC(155) Pause Full (Ergonomics)
[10.336s][info][gc,phases,start] GC(155) Marking Phase
[10.709s][info][gc,phases      ] GC(155) Marking Phase 372.607ms
[10.709s][info][gc,phases,start] GC(155) Summary Phase
[10.709s][info][gc,phases      ] GC(155) Summary Phase 0.040ms
[10.709s][info][gc,phases,start] GC(155) Adjust Roots
[10.709s][info][gc,phases      ] GC(155) Adjust Roots 0.162ms
[10.709s][info][gc,phases,start] GC(155) Compaction Phase
[10.877s][info][gc,phases      ] GC(155) Compaction Phase 167.656ms
[10.877s][info][gc,phases,start] GC(155) Post Compact
[10.880s][info][gc,phases      ] GC(155) Post Compact 2.923ms
[10.881s][info][gc,heap        ] GC(155) PSYoungGen: 44192K(128512K)->20981K(129024K) Eden: 0K(25088K)->0K(25600K) From: 44192K(103424K)->20981K(103424K)
[10.881s][info][gc,heap        ] GC(155) ParOldGen: 1610963K(1632256K)->1632140K(1805312K)
[10.881s][info][gc,metaspace   ] GC(155) Metaspace: 6297K(6464K)->6297K(6464K) NonClass: 5764K(5824K)->5764K(5824K) Class: 533K(640K)->533K(640K)
[10.881s][info][gc             ] GC(155) Pause Full (Ergonomics) 1616M->1614M(1889M) 544.512ms
[10.881s][info][gc,cpu         ] GC(155) User=3.84s Sys=0.03s Real=0.55s
[10.906s][info][gc,start       ] GC(156) Pause Young (Allocation Failure)
[10.994s][info][gc,heap        ] GC(156) PSYoungGen: 46581K(129024K)->25824K(129536K) Eden: 25600K(25600K)->0K(25600K) From: 20981K(103424K)->25824K(103936K)
[10.994s][info][gc,heap        ] GC(156) ParOldGen: 1632140K(1805312K)->1653412K(1805312K)
[10.994s][info][gc,metaspace   ] GC(156) Metaspace: 6297K(6464K)->6297K(6464K) NonClass: 5764K(5824K)->5764K(5824K) Class: 533K(640K)->533K(640K)
[10.994s][info][gc             ] GC(156) Pause Young (Allocation Failure) 1639M->1639M(1889M) 88.608ms
[10.994s][info][gc,cpu         ] GC(156) User=0.61s Sys=0.00s Real=0.09s
[11.021s][info][gc,start       ] GC(157) Pause Young (Allocation Failure)
[11.053s][info][gc,heap        ] GC(157) PSYoungGen: 51424K(129536K)->25792K(133120K) Eden: 25600K(25600K)->0K(27648K) From: 25824K(103936K)->25792K(105472K)
[11.053s][info][gc,heap        ] GC(157) ParOldGen: 1653412K(1805312K)->1679348K(1805312K)
[11.053s][info][gc,metaspace   ] GC(157) Metaspace: 6297K(6464K)->6297K(6464K) NonClass: 5764K(5824K)->5764K(5824K) Class: 533K(640K)->533K(640K)
[11.053s][info][gc             ] GC(157) Pause Young (Allocation Failure) 1664M->1665M(1893M) 31.867ms
[11.053s][info][gc,cpu         ] GC(157) User=0.05s Sys=0.00s Real=0.03s
[11.082s][info][gc,start       ] GC(158) Pause Young (Allocation Failure)
[11.115s][info][gc,heap        ] GC(158) PSYoungGen: 53440K(133120K)->27808K(134144K) Eden: 27648K(27648K)->0K(27648K) From: 25792K(105472K)->27808K(106496K)
[11.115s][info][gc,heap        ] GC(158) ParOldGen: 1679348K(1805312K)->1705276K(1805312K)
[11.115s][info][gc,metaspace   ] GC(158) Metaspace: 6297K(6464K)->6297K(6464K) NonClass: 5764K(5824K)->5764K(5824K) Class: 533K(640K)->533K(640K)
[11.115s][info][gc             ] GC(158) Pause Young (Allocation Failure) 1692M->1692M(1894M) 33.007ms
[11.115s][info][gc,cpu         ] GC(158) User=0.12s Sys=0.02s Real=0.03s
[11.146s][info][gc,start       ] GC(159) Pause Young (Allocation Failure)
[11.181s][info][gc,heap        ] GC(159) PSYoungGen: 55456K(134144K)->27776K(133632K) Eden: 27648K(27648K)->0K(30720K) From: 27808K(106496K)->27776K(102912K)
[11.181s][info][gc,heap        ] GC(159) ParOldGen: 1705276K(1805312K)->1733284K(1805312K)
[11.181s][info][gc,metaspace   ] GC(159) Metaspace: 6297K(6464K)->6297K(6464K) NonClass: 5764K(5824K)->5764K(5824K) Class: 533K(640K)->533K(640K)
[11.181s][info][gc             ] GC(159) Pause Young (Allocation Failure) 1719M->1719M(1893M) 35.274ms
[11.181s][info][gc,cpu         ] GC(159) User=0.11s Sys=0.05s Real=0.03s
[11.215s][info][gc,start       ] GC(160) Pause Young (Allocation Failure)
[11.253s][info][gc,heap        ] GC(160) PSYoungGen: 58496K(133632K)->30880K(135168K) Eden: 30720K(30720K)->0K(30720K) From: 27776K(102912K)->30880K(104448K)
[11.253s][info][gc,heap        ] GC(160) ParOldGen: 1733284K(1805312K)->1761340K(1805312K)
[11.253s][info][gc,metaspace   ] GC(160) Metaspace: 6297K(6464K)->6297K(6464K) NonClass: 5764K(5824K)->5764K(5824K) Class: 533K(640K)->533K(640K)
[11.253s][info][gc             ] GC(160) Pause Young (Allocation Failure) 1749M->1750M(1895M) 38.439ms
[11.253s][info][gc,cpu         ] GC(160) User=0.16s Sys=0.00s Real=0.04s
[11.253s][info][gc,start       ] GC(161) Pause Full (Ergonomics)
[11.253s][info][gc,phases,start] GC(161) Marking Phase
[11.652s][info][gc,phases      ] GC(161) Marking Phase 398.572ms
[11.652s][info][gc,phases,start] GC(161) Summary Phase
[11.652s][info][gc,phases      ] GC(161) Summary Phase 0.069ms
[11.652s][info][gc,phases,start] GC(161) Adjust Roots
[11.652s][info][gc,phases      ] GC(161) Adjust Roots 0.198ms
[11.652s][info][gc,phases,start] GC(161) Compaction Phase
[11.825s][info][gc,phases      ] GC(161) Compaction Phase 172.552ms
[11.825s][info][gc,phases,start] GC(161) Post Compact
[11.828s][info][gc,phases      ] GC(161) Post Compact 3.216ms
[11.829s][info][gc,heap        ] GC(161) PSYoungGen: 30880K(135168K)->0K(136704K) Eden: 0K(30720K)->0K(34304K) From: 30880K(104448K)->0K(102400K)
[11.829s][info][gc,heap        ] GC(161) ParOldGen: 1761340K(1805312K)->1790173K(1976320K)
[11.829s][info][gc,metaspace   ] GC(161) Metaspace: 6297K(6464K)->6297K(6464K) NonClass: 5764K(5824K)->5764K(5824K) Class: 533K(640K)->533K(640K)
[11.829s][info][gc             ] GC(161) Pause Full (Ergonomics) 1750M->1748M(2063M) 575.543ms
[11.829s][info][gc,cpu         ] GC(161) User=4.05s Sys=0.02s Real=0.58s
[11.865s][info][gc,start       ] GC(162) Pause Young (Allocation Failure)
[11.893s][info][gc,heap        ] GC(162) PSYoungGen: 34304K(136704K)->34432K(136704K) Eden: 34304K(34304K)->0K(34304K) From: 0K(102400K)->34432K(102400K)
[11.893s][info][gc,heap        ] GC(162) ParOldGen: 1790173K(1976320K)->1790173K(1976320K)
[11.893s][info][gc,metaspace   ] GC(162) Metaspace: 6297K(6464K)->6297K(6464K) NonClass: 5764K(5824K)->5764K(5824K) Class: 533K(640K)->533K(640K)
[11.893s][info][gc             ] GC(162) Pause Young (Allocation Failure) 1781M->1781M(2063M) 27.617ms
[11.893s][info][gc,cpu         ] GC(162) User=0.05s Sys=0.00s Real=0.03s
[11.930s][info][gc,start       ] GC(163) Pause Young (Allocation Failure)
[11.969s][info][gc,heap        ] GC(163) PSYoungGen: 68736K(136704K)->68800K(133632K) Eden: 34304K(34304K)->0K(34304K) From: 34432K(102400K)->68800K(99328K)
[11.970s][info][gc,heap        ] GC(163) ParOldGen: 1790173K(1976320K)->1790173K(1976320K)
[11.970s][info][gc,metaspace   ] GC(163) Metaspace: 6297K(6464K)->6297K(6464K) NonClass: 5764K(5824K)->5764K(5824K) Class: 533K(640K)->533K(640K)
[11.970s][info][gc             ] GC(163) Pause Young (Allocation Failure) 1815M->1815M(2060M) 39.395ms
[11.970s][info][gc,cpu         ] GC(163) User=0.16s Sys=0.00s Real=0.04s
[12.009s][info][gc,start       ] GC(164) Pause Young (Allocation Failure)
[12.061s][info][gc,heap        ] GC(164) PSYoungGen: 103104K(133632K)->102400K(136704K) Eden: 34304K(34304K)->0K(34304K) From: 68800K(99328K)->102400K(102400K)
[12.061s][info][gc,heap        ] GC(164) ParOldGen: 1790173K(1976320K)->1790861K(1976320K)
[12.061s][info][gc,metaspace   ] GC(164) Metaspace: 6297K(6464K)->6297K(6464K) NonClass: 5764K(5824K)->5764K(5824K) Class: 533K(640K)->533K(640K)
[12.061s][info][gc             ] GC(164) Pause Young (Allocation Failure) 1848M->1848M(2063M) 51.230ms
[12.061s][info][gc,cpu         ] GC(164) User=0.39s Sys=0.00s Real=0.05s
[12.101s][info][gc,start       ] GC(165) Pause Young (Allocation Failure)
[12.170s][info][gc,heap        ] GC(165) PSYoungGen: 136704K(136704K)->68576K(154112K) Eden: 34304K(34304K)->0K(38400K) From: 102400K(102400K)->68576K(115712K)
[12.170s][info][gc,heap        ] GC(165) ParOldGen: 1790861K(1976320K)->1859973K(1976320K)
[12.170s][info][gc,metaspace   ] GC(165) Metaspace: 6297K(6464K)->6297K(6464K) NonClass: 5764K(5824K)->5764K(5824K) Class: 533K(640K)->533K(640K)
[12.170s][info][gc             ] GC(165) Pause Young (Allocation Failure) 1882M->1883M(2080M) 68.720ms
[12.170s][info][gc,cpu         ] GC(165) User=0.50s Sys=0.02s Real=0.07s
[12.213s][info][gc,start       ] GC(166) Pause Young (Allocation Failure)
[12.267s][info][gc,heap        ] GC(166) PSYoungGen: 106976K(154112K)->72864K(154624K) Eden: 38400K(38400K)->0K(38400K) From: 68576K(115712K)->72864K(116224K)
[12.267s][info][gc,heap        ] GC(166) ParOldGen: 1859973K(1976320K)->1894477K(1976320K)
[12.267s][info][gc,metaspace   ] GC(166) Metaspace: 6297K(6464K)->6297K(6464K) NonClass: 5764K(5824K)->5764K(5824K) Class: 533K(640K)->533K(640K)
[12.267s][info][gc             ] GC(166) Pause Young (Allocation Failure) 1920M->1921M(2081M) 54.034ms
[12.267s][info][gc,cpu         ] GC(166) User=0.38s Sys=0.11s Real=0.05s
[12.314s][info][gc,start       ] GC(167) Pause Young (Allocation Failure)
[12.371s][info][gc,heap        ] GC(167) PSYoungGen: 111264K(154624K)->77024K(158208K) Eden: 38400K(38400K)->0K(41472K) From: 72864K(116224K)->77024K(116736K)
[12.371s][info][gc,heap        ] GC(167) ParOldGen: 1894477K(1976320K)->1929229K(1976320K)
[12.371s][info][gc,metaspace   ] GC(167) Metaspace: 6297K(6464K)->6297K(6464K) NonClass: 5764K(5824K)->5764K(5824K) Class: 533K(640K)->533K(640K)
[12.371s][info][gc             ] GC(167) Pause Young (Allocation Failure) 1958M->1959M(2084M) 57.260ms
[12.371s][info][gc,cpu         ] GC(167) User=0.36s Sys=0.02s Real=0.06s
[12.371s][info][gc,start       ] GC(168) Pause Full (Ergonomics)
[12.371s][info][gc,phases,start] GC(168) Marking Phase
[12.823s][info][gc,phases      ] GC(168) Marking Phase 451.503ms
[12.823s][info][gc,phases,start] GC(168) Summary Phase
[12.823s][info][gc,phases      ] GC(168) Summary Phase 0.035ms
[12.823s][info][gc,phases,start] GC(168) Adjust Roots
[12.823s][info][gc,phases      ] GC(168) Adjust Roots 0.182ms
[12.823s][info][gc,phases,start] GC(168) Compaction Phase
[13.009s][info][gc,phases      ] GC(168) Compaction Phase 185.938ms
[13.009s][info][gc,phases,start] GC(168) Post Compact
[13.013s][info][gc,phases      ] GC(168) Post Compact 3.960ms
[13.014s][info][gc,heap        ] GC(168) PSYoungGen: 77024K(158208K)->27687K(158208K) Eden: 0K(41472K)->0K(41472K) From: 77024K(116736K)->27687K(116736K)
[13.014s][info][gc,heap        ] GC(168) ParOldGen: 1929229K(1976320K)->1976312K(2192896K)
[13.014s][info][gc,metaspace   ] GC(168) Metaspace: 6297K(6464K)->6297K(6464K) NonClass: 5764K(5824K)->5764K(5824K) Class: 533K(640K)->533K(640K)
[13.014s][info][gc             ] GC(168) Pause Full (Ergonomics) 1959M->1957M(2296M) 642.912ms
[13.014s][info][gc,cpu         ] GC(168) User=4.73s Sys=0.03s Real=0.64s
[13.068s][info][gc,start       ] GC(169) Pause Young (Allocation Failure)
[13.186s][info][gc,heap        ] GC(169) PSYoungGen: 69159K(158208K)->54464K(96256K) Eden: 41472K(41472K)->0K(41472K) From: 27687K(116736K)->54464K(54784K)
[13.186s][info][gc,heap        ] GC(169) ParOldGen: 1976312K(2192896K)->1991424K(2192896K)
[13.186s][info][gc,metaspace   ] GC(169) Metaspace: 6297K(6464K)->6297K(6464K) NonClass: 5764K(5824K)->5764K(5824K) Class: 533K(640K)->533K(640K)
[13.186s][info][gc             ] GC(169) Pause Young (Allocation Failure) 1997M->1997M(2235M) 117.481ms
[13.186s][info][gc,cpu         ] GC(169) User=0.78s Sys=0.00s Real=0.12s
[13.229s][info][gc,start       ] GC(170) Pause Young (Allocation Failure)
[13.282s][info][gc,heap        ] GC(170) PSYoungGen: 95936K(96256K)->96000K(149504K) Eden: 41472K(41472K)->0K(36864K) From: 54464K(54784K)->96000K(112640K)
[13.282s][info][gc,heap        ] GC(170) ParOldGen: 1991424K(2192896K)->1991424K(2192896K)
[13.282s][info][gc,metaspace   ] GC(170) Metaspace: 6297K(6464K)->6297K(6464K) NonClass: 5764K(5824K)->5764K(5824K) Class: 533K(640K)->533K(640K)
[13.282s][info][gc             ] GC(170) Pause Young (Allocation Failure) 2038M->2038M(2287M) 52.830ms
[13.282s][info][gc,cpu         ] GC(170) User=0.39s Sys=0.00s Real=0.05s
[13.321s][info][gc,start       ] GC(171) Pause Young (Allocation Failure)
[13.388s][info][gc,heap        ] GC(171) PSYoungGen: 132864K(149504K)->121344K(158208K) Eden: 36864K(36864K)->0K(36864K) From: 96000K(112640K)->121344K(121344K)
[13.388s][info][gc,heap        ] GC(171) ParOldGen: 1991424K(2192896K)->2003016K(2192896K)
[13.388s][info][gc,metaspace   ] GC(171) Metaspace: 6297K(6464K)->6297K(6464K) NonClass: 5764K(5824K)->5764K(5824K) Class: 533K(640K)->533K(640K)
[13.388s][info][gc             ] GC(171) Pause Young (Allocation Failure) 2074M->2074M(2296M) 67.131ms
[13.388s][info][gc,cpu         ] GC(171) User=0.41s Sys=0.00s Real=0.07s
[13.427s][info][gc,start       ] GC(172) Pause Young (Allocation Failure)
[13.516s][info][gc,heap        ] GC(172) PSYoungGen: 158208K(158208K)->109312K(174592K) Eden: 36864K(36864K)->0K(33280K) From: 121344K(121344K)->109312K(141312K)
[13.516s][info][gc,heap        ] GC(172) ParOldGen: 2003016K(2192896K)->2052712K(2192896K)
[13.516s][info][gc,metaspace   ] GC(172) Metaspace: 6297K(6464K)->6297K(6464K) NonClass: 5764K(5824K)->5764K(5824K) Class: 533K(640K)->533K(640K)
[13.516s][info][gc             ] GC(172) Pause Young (Allocation Failure) 2110M->2111M(2312M) 89.228ms
[13.516s][info][gc,cpu         ] GC(172) User=0.56s Sys=0.08s Real=0.09s
[13.554s][info][gc,start       ] GC(173) Pause Young (Allocation Failure)
[13.631s][info][gc,heap        ] GC(173) PSYoungGen: 142592K(174592K)->104288K(182272K) Eden: 33280K(33280K)->0K(33280K) From: 109312K(141312K)->104288K(148992K)
[13.631s][info][gc,heap        ] GC(173) ParOldGen: 2052712K(2192896K)->2091448K(2192896K)
[13.631s][info][gc,metaspace   ] GC(173) Metaspace: 6297K(6464K)->6297K(6464K) NonClass: 5764K(5824K)->5764K(5824K) Class: 533K(640K)->533K(640K)
[13.631s][info][gc             ] GC(173) Pause Young (Allocation Failure) 2143M->2144M(2319M) 76.879ms
[13.631s][info][gc,cpu         ] GC(173) User=0.52s Sys=0.00s Real=0.08s
[13.673s][info][gc,start       ] GC(174) Pause Young (Allocation Failure)
[13.745s][info][gc,heap        ] GC(174) PSYoungGen: 137568K(182272K)->103680K(188416K) Eden: 33280K(33280K)->0K(35328K) From: 104288K(148992K)->103680K(153088K)
[13.745s][info][gc,heap        ] GC(174) ParOldGen: 2091448K(2192896K)->2125784K(2192896K)
[13.745s][info][gc,metaspace   ] GC(174) Metaspace: 6297K(6464K)->6297K(6464K) NonClass: 5764K(5824K)->5764K(5824K) Class: 533K(640K)->533K(640K)
[13.745s][info][gc             ] GC(174) Pause Young (Allocation Failure) 2176M->2177M(2325M) 71.767ms
[13.745s][info][gc,cpu         ] GC(174) User=0.50s Sys=0.00s Real=0.07s
[13.789s][info][gc,start       ] GC(175) Pause Young (Allocation Failure)
[13.860s][info][gc,heap        ] GC(175) PSYoungGen: 139008K(188416K)->102144K(190464K) Eden: 35328K(35328K)->0K(35328K) From: 103680K(153088K)->102144K(155136K)
[13.860s][info][gc,heap        ] GC(175) ParOldGen: 2125784K(2192896K)->2163128K(2192896K)
[13.860s][info][gc,metaspace   ] GC(175) Metaspace: 6297K(6464K)->6297K(6464K) NonClass: 5764K(5824K)->5764K(5824K) Class: 533K(640K)->533K(640K)
[13.860s][info][gc             ] GC(175) Pause Young (Allocation Failure) 2211M->2212M(2327M) 71.779ms
[13.860s][info][gc,cpu         ] GC(175) User=0.50s Sys=0.02s Real=0.07s
[13.860s][info][gc,start       ] GC(176) Pause Full (Ergonomics)
[13.860s][info][gc,phases,start] GC(176) Marking Phase
[14.365s][info][gc,phases      ] GC(176) Marking Phase 504.714ms
[14.365s][info][gc,phases,start] GC(176) Summary Phase
[14.365s][info][gc,phases      ] GC(176) Summary Phase 0.047ms
[14.365s][info][gc,phases,start] GC(176) Adjust Roots
[14.365s][info][gc,phases      ] GC(176) Adjust Roots 0.209ms
[14.365s][info][gc,phases,start] GC(176) Compaction Phase
[14.578s][info][gc,phases      ] GC(176) Compaction Phase 212.126ms
[14.578s][info][gc,phases,start] GC(176) Post Compact
[14.582s][info][gc,phases      ] GC(176) Post Compact 4.556ms
[14.583s][info][gc,heap        ] GC(176) PSYoungGen: 102144K(190464K)->69599K(190464K) Eden: 0K(35328K)->0K(35328K) From: 102144K(155136K)->69599K(155136K)
[14.583s][info][gc,heap        ] GC(176) ParOldGen: 2163128K(2192896K)->2192735K(2428928K)
[14.583s][info][gc,metaspace   ] GC(176) Metaspace: 6297K(6464K)->6297K(6464K) NonClass: 5764K(5824K)->5764K(5824K) Class: 533K(640K)->533K(640K)
[14.583s][info][gc             ] GC(176) Pause Full (Ergonomics) 2212M->2209M(2558M) 723.058ms
[14.583s][info][gc,cpu         ] GC(176) User=5.38s Sys=0.05s Real=0.72s
[14.624s][info][gc,start       ] GC(177) Pause Young (Allocation Failure)
[14.773s][info][gc,heap        ] GC(177) PSYoungGen: 104927K(190464K)->58240K(186880K) Eden: 35328K(35328K)->0K(38912K) From: 69599K(155136K)->58240K(147968K)
[14.773s][info][gc,heap        ] GC(177) ParOldGen: 2192735K(2428928K)->2240327K(2428928K)
[14.773s][info][gc,metaspace   ] GC(177) Metaspace: 6297K(6464K)->6297K(6464K) NonClass: 5764K(5824K)->5764K(5824K) Class: 533K(640K)->533K(640K)
[14.773s][info][gc             ] GC(177) Pause Young (Allocation Failure) 2243M->2244M(2554M) 148.940ms
[14.773s][info][gc,cpu         ] GC(177) User=0.94s Sys=0.05s Real=0.15s
[14.818s][info][gc,start       ] GC(178) Pause Young (Allocation Failure)
[14.872s][info][gc,heap        ] GC(178) PSYoungGen: 97152K(186880K)->74464K(113664K) Eden: 38912K(38912K)->0K(38912K) From: 58240K(147968K)->74464K(74752K)
[14.873s][info][gc,heap        ] GC(178) ParOldGen: 2240327K(2428928K)->2263295K(2428928K)
[14.873s][info][gc,metaspace   ] GC(178) Metaspace: 6297K(6464K)->6297K(6464K) NonClass: 5764K(5824K)->5764K(5824K) Class: 533K(640K)->533K(640K)
[14.873s][info][gc             ] GC(178) Pause Young (Allocation Failure) 2282M->2282M(2483M) 54.765ms
[14.873s][info][gc,cpu         ] GC(178) User=0.39s Sys=0.00s Real=0.05s
[14.931s][info][gc,start       ] GC(179) Pause Young (Allocation Failure)
[14.991s][info][gc,heap        ] GC(179) PSYoungGen: 113376K(113664K)->78016K(176640K) Eden: 38912K(38912K)->0K(43520K) From: 74464K(74752K)->78016K(133120K)
[14.991s][info][gc,heap        ] GC(179) ParOldGen: 2263295K(2428928K)->2298943K(2428928K)
[14.991s][info][gc,metaspace   ] GC(179) Metaspace: 6297K(6464K)->6297K(6464K) NonClass: 5764K(5824K)->5764K(5824K) Class: 533K(640K)->533K(640K)
[14.991s][info][gc             ] GC(179) Pause Young (Allocation Failure) 2320M->2321M(2544M) 60.355ms
[14.991s][info][gc,cpu         ] GC(179) User=0.34s Sys=0.05s Real=0.06s
[15.040s][info][gc,start       ] GC(180) Pause Young (Allocation Failure)
[15.104s][info][gc,heap        ] GC(180) PSYoungGen: 121536K(176640K)->82656K(183296K) Eden: 43520K(43520K)->0K(43520K) From: 78016K(133120K)->82656K(139776K)
[15.104s][info][gc,heap        ] GC(180) ParOldGen: 2298943K(2428928K)->2338215K(2428928K)
[15.104s][info][gc,metaspace   ] GC(180) Metaspace: 6297K(6464K)->6297K(6464K) NonClass: 5764K(5824K)->5764K(5824K) Class: 533K(640K)->533K(640K)
[15.104s][info][gc             ] GC(180) Pause Young (Allocation Failure) 2363M->2364M(2551M) 63.879ms
[15.104s][info][gc,cpu         ] GC(180) User=0.38s Sys=0.00s Real=0.06s
[15.155s][info][gc,start       ] GC(181) Pause Young (Allocation Failure)
[15.223s][info][gc,heap        ] GC(181) PSYoungGen: 126176K(183296K)->87328K(179200K) Eden: 43520K(43520K)->0K(48640K) From: 82656K(139776K)->87328K(130560K)
[15.223s][info][gc,heap        ] GC(181) ParOldGen: 2338215K(2428928K)->2377479K(2428928K)
[15.223s][info][gc,metaspace   ] GC(181) Metaspace: 6297K(6464K)->6297K(6464K) NonClass: 5764K(5824K)->5764K(5824K) Class: 533K(640K)->533K(640K)
[15.223s][info][gc             ] GC(181) Pause Young (Allocation Failure) 2406M->2407M(2547M) 67.206ms
[15.223s][info][gc,cpu         ] GC(181) User=0.36s Sys=0.03s Real=0.07s
[15.223s][info][gc,start       ] GC(182) Pause Full (Ergonomics)
[15.223s][info][gc,phases,start] GC(182) Marking Phase
[15.792s][info][gc,phases      ] GC(182) Marking Phase 569.227ms
[15.792s][info][gc,phases,start] GC(182) Summary Phase
[15.792s][info][gc,phases      ] GC(182) Summary Phase 0.043ms
[15.792s][info][gc,phases,start] GC(182) Adjust Roots
[15.792s][info][gc,phases      ] GC(182) Adjust Roots 0.161ms
[15.792s][info][gc,phases,start] GC(182) Compaction Phase
[16.017s][info][gc,phases      ] GC(182) Compaction Phase 224.274ms
[16.017s][info][gc,phases,start] GC(182) Post Compact
[16.022s][info][gc,phases      ] GC(182) Post Compact 5.662ms
[16.024s][info][gc,heap        ] GC(182) PSYoungGen: 87328K(179200K)->33831K(181248K) Eden: 0K(48640K)->0K(50688K) From: 87328K(130560K)->33831K(130560K)
[16.024s][info][gc,heap        ] GC(182) ParOldGen: 2377479K(2428928K)->2428544K(2683392K)
[16.024s][info][gc,metaspace   ] GC(182) Metaspace: 6297K(6464K)->6297K(6464K) NonClass: 5764K(5824K)->5764K(5824K) Class: 533K(640K)->533K(640K)
[16.024s][info][gc             ] GC(182) Pause Full (Ergonomics) 2407M->2404M(2797M) 801.137ms
[16.024s][info][gc,cpu         ] GC(182) User=6.08s Sys=0.05s Real=0.80s
[16.088s][info][gc,start       ] GC(183) Pause Young (Allocation Failure)
[16.236s][info][gc,heap        ] GC(183) PSYoungGen: 84519K(181248K)->66912K(183296K) Eden: 50688K(50688K)->0K(50688K) From: 33831K(130560K)->66912K(132608K)
[16.236s][info][gc,heap        ] GC(183) ParOldGen: 2428544K(2683392K)->2446616K(2683392K)
[16.236s][info][gc,metaspace   ] GC(183) Metaspace: 6297K(6464K)->6297K(6464K) NonClass: 5764K(5824K)->5764K(5824K) Class: 533K(640K)->533K(640K)
[16.236s][info][gc             ] GC(183) Pause Young (Allocation Failure) 2454M->2454M(2799M) 148.330ms
[16.236s][info][gc,cpu         ] GC(183) User=1.00s Sys=0.03s Real=0.15s
[16.296s][info][gc,start       ] GC(184) Pause Young (Allocation Failure)
[16.362s][info][gc,heap        ] GC(184) PSYoungGen: 117600K(183296K)->117632K(176128K) Eden: 50688K(50688K)->0K(46592K) From: 66912K(132608K)->117632K(129536K)
[16.362s][info][gc,heap        ] GC(184) ParOldGen: 2446616K(2683392K)->2446616K(2683392K)
[16.362s][info][gc,metaspace   ] GC(184) Metaspace: 6297K(6464K)->6297K(6464K) NonClass: 5764K(5824K)->5764K(5824K) Class: 533K(640K)->533K(640K)
[16.362s][info][gc             ] GC(184) Pause Young (Allocation Failure) 2504M->2504M(2792M) 66.048ms
[16.362s][info][gc,cpu         ] GC(184) User=0.39s Sys=0.00s Real=0.07s
[16.421s][info][gc,start       ] GC(185) Pause Young (Allocation Failure)
[16.515s][info][gc,heap        ] GC(185) PSYoungGen: 164224K(176128K)->138752K(185344K) Eden: 46592K(46592K)->0K(46592K) From: 117632K(129536K)->138752K(138752K)
[16.515s][info][gc,heap        ] GC(185) ParOldGen: 2446616K(2683392K)->2472280K(2683392K)
[16.515s][info][gc,metaspace   ] GC(185) Metaspace: 6297K(6464K)->6297K(6464K) NonClass: 5764K(5824K)->5764K(5824K) Class: 533K(640K)->533K(640K)
[16.515s][info][gc             ] GC(185) Pause Young (Allocation Failure) 2549M->2549M(2801M) 93.552ms
[16.515s][info][gc,cpu         ] GC(185) User=0.58s Sys=0.03s Real=0.09s
[16.572s][info][gc,start       ] GC(186) Pause Young (Allocation Failure)
[16.675s][info][gc,heap        ] GC(186) PSYoungGen: 185344K(185344K)->129856K(207360K) Eden: 46592K(46592K)->0K(44032K) From: 138752K(138752K)->129856K(163328K)
[16.675s][info][gc,heap        ] GC(186) ParOldGen: 2472280K(2683392K)->2528376K(2683392K)
[16.675s][info][gc,metaspace   ] GC(186) Metaspace: 6297K(6464K)->6297K(6464K) NonClass: 5764K(5824K)->5764K(5824K) Class: 533K(640K)->533K(640K)
[16.675s][info][gc             ] GC(186) Pause Young (Allocation Failure) 2595M->2595M(2823M) 102.561ms
[16.675s][info][gc,cpu         ] GC(186) User=0.86s Sys=0.02s Real=0.10s
[16.730s][info][gc,start       ] GC(187) Pause Young (Allocation Failure)
[16.825s][info][gc,heap        ] GC(187) PSYoungGen: 173888K(207360K)->129856K(215040K) Eden: 44032K(44032K)->0K(44032K) From: 129856K(163328K)->129856K(171008K)
[16.825s][info][gc,heap        ] GC(187) ParOldGen: 2528376K(2683392K)->2572856K(2683392K)
[16.825s][info][gc,metaspace   ] GC(187) Metaspace: 6297K(6464K)->6297K(6464K) NonClass: 5764K(5824K)->5764K(5824K) Class: 533K(640K)->533K(640K)
[16.825s][info][gc             ] GC(187) Pause Young (Allocation Failure) 2638M->2639M(2830M) 95.547ms
[16.825s][info][gc,cpu         ] GC(187) User=0.73s Sys=0.02s Real=0.10s
[16.877s][info][gc,start       ] GC(188) Pause Young (Allocation Failure)
[16.975s][info][gc,heap        ] GC(188) PSYoungGen: 173888K(215040K)->135008K(219648K) Eden: 44032K(44032K)->0K(43520K) From: 129856K(171008K)->135008K(176128K)
[16.975s][info][gc,heap        ] GC(188) ParOldGen: 2572856K(2683392K)->2612096K(2683392K)
[16.975s][info][gc,metaspace   ] GC(188) Metaspace: 6297K(6464K)->6297K(6464K) NonClass: 5764K(5824K)->5764K(5824K) Class: 533K(640K)->533K(640K)
[16.975s][info][gc             ] GC(188) Pause Young (Allocation Failure) 2682M->2682M(2835M) 98.654ms
[16.975s][info][gc,cpu         ] GC(188) User=0.62s Sys=0.03s Real=0.10s
[17.023s][info][gc,start       ] GC(189) Pause Young (Allocation Failure)
[17.127s][info][gc,heap        ] GC(189) PSYoungGen: 178528K(219648K)->131904K(225792K) Eden: 43520K(43520K)->0K(43520K) From: 135008K(176128K)->131904K(182272K)
[17.127s][info][gc,heap        ] GC(189) ParOldGen: 2612096K(2683392K)->2659112K(2683392K)
[17.127s][info][gc,metaspace   ] GC(189) Metaspace: 6297K(6464K)->6297K(6464K) NonClass: 5764K(5824K)->5764K(5824K) Class: 533K(640K)->533K(640K)
[17.127s][info][gc             ] GC(189) Pause Young (Allocation Failure) 2725M->2725M(2841M) 104.038ms
[17.127s][info][gc,cpu         ] GC(189) User=0.67s Sys=0.00s Real=0.10s
[17.127s][info][gc,start       ] GC(190) Pause Full (Ergonomics)
[17.127s][info][gc,phases,start] GC(190) Marking Phase
[17.796s][info][gc,phases      ] GC(190) Marking Phase 668.245ms
[17.796s][info][gc,phases,start] GC(190) Summary Phase
[17.796s][info][gc,phases      ] GC(190) Summary Phase 0.048ms
[17.796s][info][gc,phases,start] GC(190) Adjust Roots
[17.796s][info][gc,phases      ] GC(190) Adjust Roots 0.195ms
[17.796s][info][gc,phases,start] GC(190) Compaction Phase
[18.051s][info][gc,phases      ] GC(190) Compaction Phase 255.298ms
[18.051s][info][gc,phases,start] GC(190) Post Compact
[18.056s][info][gc,phases      ] GC(190) Post Compact 5.007ms
[18.057s][info][gc,heap        ] GC(190) PSYoungGen: 131904K(225792K)->104906K(225792K) Eden: 0K(43520K)->0K(43520K) From: 131904K(182272K)->104906K(182272K)
[18.058s][info][gc,heap        ] GC(190) ParOldGen: 2659112K(2683392K)->2683381K(2961408K)
[18.058s][info][gc,metaspace   ] GC(190) Metaspace: 6297K(6464K)->6297K(6464K) NonClass: 5764K(5824K)->5764K(5824K) Class: 533K(640K)->533K(640K)
[18.058s][info][gc             ] GC(190) Pause Full (Ergonomics) 2725M->2722M(3112M) 930.135ms
[18.058s][info][gc,cpu         ] GC(190) User=7.00s Sys=0.02s Real=0.93s
[18.110s][info][gc,start       ] GC(191) Pause Young (Allocation Failure)
[18.302s][info][gc,heap        ] GC(191) PSYoungGen: 148426K(225792K)->79616K(224256K) Eden: 43520K(43520K)->0K(48128K) From: 104906K(182272K)->79616K(176128K)
[18.302s][info][gc,heap        ] GC(191) ParOldGen: 2683381K(2961408K)->2753125K(2961408K)
[18.302s][info][gc,metaspace   ] GC(191) Metaspace: 6297K(6464K)->6297K(6464K) NonClass: 5764K(5824K)->5764K(5824K) Class: 533K(640K)->533K(640K)
[18.303s][info][gc             ] GC(191) Pause Young (Allocation Failure) 2765M->2766M(3111M) 192.440ms
[18.303s][info][gc,cpu         ] GC(191) User=1.19s Sys=0.06s Real=0.19s
[18.910s][info][gc,start       ] GC(192) Pause Full (Ergonomics)
[18.910s][info][gc,phases,start] GC(192) Marking Phase
[19.615s][info][gc,phases      ] GC(192) Marking Phase 705.113ms
[19.615s][info][gc,phases,start] GC(192) Summary Phase
[19.615s][info][gc,phases      ] GC(192) Summary Phase 0.074ms
[19.615s][info][gc,phases,start] GC(192) Adjust Roots
[19.615s][info][gc,phases      ] GC(192) Adjust Roots 0.187ms
[19.615s][info][gc,phases,start] GC(192) Compaction Phase
[20.072s][info][gc,phases      ] GC(192) Compaction Phase 456.880ms
[20.072s][info][gc,phases,start] GC(192) Post Compact
[20.079s][info][gc,phases      ] GC(192) Post Compact 6.392ms
[20.080s][info][gc,heap        ] GC(192) PSYoungGen: 127744K(224256K)->0K(229376K) Eden: 48128K(48128K)->0K(48128K) From: 79616K(176128K)->0K(181248K)
[20.080s][info][gc,heap        ] GC(192) ParOldGen: 2884197K(2961408K)->2945410K(3255808K)
[20.080s][info][gc,metaspace   ] GC(192) Metaspace: 6297K(6464K)->6297K(6464K) NonClass: 5764K(5824K)->5764K(5824K) Class: 533K(640K)->533K(640K)
[20.080s][info][gc             ] GC(192) Pause Full (Ergonomics) 2941M->2876M(3403M) 1170.232ms
[20.080s][info][gc,cpu         ] GC(192) User=8.16s Sys=0.09s Real=1.17s
[20.130s][info][gc,start       ] GC(193) Pause Young (Allocation Failure)
[20.177s][info][gc,heap        ] GC(193) PSYoungGen: 48128K(229376K)->48288K(232960K) Eden: 48128K(48128K)->0K(51712K) From: 0K(181248K)->48288K(181248K)
[20.177s][info][gc,heap        ] GC(193) ParOldGen: 2945410K(3255808K)->2945410K(3255808K)
[20.177s][info][gc,metaspace   ] GC(193) Metaspace: 6297K(6464K)->6297K(6464K) NonClass: 5764K(5824K)->5764K(5824K) Class: 533K(640K)->533K(640K)
[20.177s][info][gc             ] GC(193) Pause Young (Allocation Failure) 2923M->2923M(3407M) 46.451ms
[20.177s][info][gc,cpu         ] GC(193) User=0.08s Sys=0.00s Real=0.05s
[20.225s][info][gc,start       ] GC(194) Pause Young (Allocation Failure)
[20.290s][info][gc,heap        ] GC(194) PSYoungGen: 100000K(232960K)->100096K(152064K) Eden: 51712K(51712K)->0K(51712K) From: 48288K(181248K)->100096K(100352K)
[20.290s][info][gc,heap        ] GC(194) ParOldGen: 2945410K(3255808K)->2945410K(3255808K)
[20.290s][info][gc,metaspace   ] GC(194) Metaspace: 6297K(6464K)->6297K(6464K) NonClass: 5764K(5824K)->5764K(5824K) Class: 533K(640K)->533K(640K)
[20.290s][info][gc             ] GC(194) Pause Young (Allocation Failure) 2974M->2974M(3328M) 65.171ms
[20.290s][info][gc,cpu         ] GC(194) User=0.19s Sys=0.00s Real=0.06s
[20.340s][info][gc,start       ] GC(195) Pause Young (Allocation Failure)
[20.417s][info][gc,heap        ] GC(195) PSYoungGen: 151808K(152064K)->151936K(220160K) Eden: 51712K(51712K)->0K(44544K) From: 100096K(100352K)->151936K(175616K)
[20.417s][info][gc,heap        ] GC(195) ParOldGen: 2945410K(3255808K)->2945410K(3255808K)
[20.417s][info][gc,metaspace   ] GC(195) Metaspace: 6297K(6464K)->6297K(6464K) NonClass: 5764K(5824K)->5764K(5824K) Class: 533K(640K)->533K(640K)
[20.417s][info][gc             ] GC(195) Pause Young (Allocation Failure) 3024M->3024M(3394M) 76.260ms
[20.417s][info][gc,cpu         ] GC(195) User=0.30s Sys=0.02s Real=0.08s
[20.461s][info][gc,start       ] GC(196) Pause Young (Allocation Failure)
[20.550s][info][gc,heap        ] GC(196) PSYoungGen: 196480K(220160K)->187904K(232448K) Eden: 44544K(44544K)->0K(44544K) From: 151936K(175616K)->187904K(187904K)
[20.550s][info][gc,heap        ] GC(196) ParOldGen: 2945410K(3255808K)->2953994K(3255808K)
[20.550s][info][gc,metaspace   ] GC(196) Metaspace: 6297K(6464K)->6297K(6464K) NonClass: 5764K(5824K)->5764K(5824K) Class: 533K(640K)->533K(640K)
[20.550s][info][gc             ] GC(196) Pause Young (Allocation Failure) 3068M->3068M(3406M) 88.413ms
[20.550s][info][gc,cpu         ] GC(196) User=0.55s Sys=0.00s Real=0.09s
[20.599s][info][gc,start       ] GC(197) Pause Young (Allocation Failure)
[20.705s][info][gc,heap        ] GC(197) PSYoungGen: 232448K(232448K)->184736K(246784K) Eden: 44544K(44544K)->0K(32768K) From: 187904K(187904K)->184736K(214016K)
[20.705s][info][gc,heap        ] GC(197) ParOldGen: 2953994K(3255808K)->3002290K(3255808K)
[20.705s][info][gc,metaspace   ] GC(197) Metaspace: 6297K(6464K)->6297K(6464K) NonClass: 5764K(5824K)->5764K(5824K) Class: 533K(640K)->533K(640K)
[20.705s][info][gc             ] GC(197) Pause Young (Allocation Failure) 3111M->3112M(3420M) 106.365ms
[20.705s][info][gc,cpu         ] GC(197) User=0.69s Sys=0.08s Real=0.11s
[20.743s][info][gc,start       ] GC(198) Pause Young (Allocation Failure)
[20.839s][info][gc,heap        ] GC(198) PSYoungGen: 217504K(246784K)->173568K(263680K) Eden: 32768K(32768K)->0K(32768K) From: 184736K(214016K)->173568K(230912K)
[20.839s][info][gc,heap        ] GC(198) ParOldGen: 3002290K(3255808K)->3046610K(3255808K)
[20.839s][info][gc,metaspace   ] GC(198) Metaspace: 6297K(6464K)->6297K(6464K) NonClass: 5764K(5824K)->5764K(5824K) Class: 533K(640K)->533K(640K)
[20.839s][info][gc             ] GC(198) Pause Young (Allocation Failure) 3144M->3144M(3437M) 95.628ms
[20.839s][info][gc,cpu         ] GC(198) User=0.62s Sys=0.02s Real=0.10s
[20.873s][info][gc,start       ] GC(199) Pause Young (Allocation Failure)
[20.973s][info][gc,heap        ] GC(199) PSYoungGen: 206336K(263680K)->110368K(260096K) Eden: 32768K(32768K)->0K(37376K) From: 173568K(230912K)->110368K(222720K)
[20.973s][info][gc,heap        ] GC(199) ParOldGen: 3046610K(3255808K)->3143298K(3255808K)
[20.973s][info][gc,metaspace   ] GC(199) Metaspace: 6297K(6464K)->6297K(6464K) NonClass: 5764K(5824K)->5764K(5824K) Class: 533K(640K)->533K(640K)
[20.973s][info][gc             ] GC(199) Pause Young (Allocation Failure) 3176M->3177M(3433M) 99.586ms
[20.973s][info][gc,cpu         ] GC(199) User=0.72s Sys=0.03s Real=0.10s
[21.014s][info][gc,start       ] GC(200) Pause Young (Allocation Failure)
[21.088s][info][gc,heap        ] GC(200) PSYoungGen: 147744K(260096K)->70400K(268288K) Eden: 37376K(37376K)->0K(37376K) From: 110368K(222720K)->70400K(230912K)
[21.089s][info][gc,heap        ] GC(200) ParOldGen: 3143298K(3255808K)->3221282K(3255808K)
[21.089s][info][gc,metaspace   ] GC(200) Metaspace: 6297K(6464K)->6297K(6464K) NonClass: 5764K(5824K)->5764K(5824K) Class: 533K(640K)->533K(640K)
[21.089s][info][gc             ] GC(200) Pause Young (Allocation Failure) 3213M->3214M(3441M) 74.717ms
[21.089s][info][gc,cpu         ] GC(200) User=0.42s Sys=0.06s Real=0.08s
[21.089s][info][gc,start       ] GC(201) Pause Full (Ergonomics)
[21.089s][info][gc,phases,start] GC(201) Marking Phase
[21.832s][info][gc,phases      ] GC(201) Marking Phase 743.829ms
[21.833s][info][gc,phases,start] GC(201) Summary Phase
[21.833s][info][gc,phases      ] GC(201) Summary Phase 0.049ms
[21.833s][info][gc,phases,start] GC(201) Adjust Roots
[21.833s][info][gc,phases      ] GC(201) Adjust Roots 0.154ms
[21.833s][info][gc,phases,start] GC(201) Compaction Phase
[22.510s][info][gc,phases      ] GC(201) Compaction Phase 677.207ms
[22.510s][info][gc,phases,start] GC(201) Post Compact
[22.516s][info][gc,phases      ] GC(201) Post Compact 6.341ms
[22.518s][info][gc,heap        ] GC(201) PSYoungGen: 70400K(268288K)->33292K(268288K) Eden: 0K(37376K)->0K(37376K) From: 70400K(230912K)->33292K(230912K)
[22.518s][info][gc,heap        ] GC(201) ParOldGen: 3221282K(3255808K)->3255431K(3616768K)
[22.518s][info][gc,metaspace   ] GC(201) Metaspace: 6297K(6464K)->6297K(6464K) NonClass: 5764K(5824K)->5764K(5824K) Class: 533K(640K)->533K(640K)
[22.518s][info][gc             ] GC(201) Pause Full (Ergonomics) 3214M->3211M(3794M) 1429.242ms
[22.518s][info][gc,cpu         ] GC(201) User=10.17s Sys=0.06s Real=1.43s
[22.555s][info][gc,start       ] GC(202) Pause Young (Allocation Failure)
[22.724s][info][gc,heap        ] GC(202) PSYoungGen: 70668K(268288K)->37568K(268800K) Eden: 37376K(37376K)->0K(39936K) From: 33292K(230912K)->37568K(228864K)
[22.724s][info][gc,heap        ] GC(202) ParOldGen: 3255431K(3616768K)->3289063K(3616768K)
[22.724s][info][gc,metaspace   ] GC(202) Metaspace: 6297K(6464K)->6297K(6464K) NonClass: 5764K(5824K)->5764K(5824K) Class: 533K(640K)->533K(640K)
[22.724s][info][gc             ] GC(202) Pause Young (Allocation Failure) 3248M->3248M(3794M) 168.707ms
[22.724s][info][gc,cpu         ] GC(202) User=1.19s Sys=0.00s Real=0.17s
[22.765s][info][gc,start       ] GC(203) Pause Young (Allocation Failure)
[22.821s][info][gc,heap        ] GC(203) PSYoungGen: 77504K(268800K)->40128K(271360K) Eden: 39936K(39936K)->0K(39936K) From: 37568K(228864K)->40128K(231424K)
[22.821s][info][gc,heap        ] GC(203) ParOldGen: 3289063K(3616768K)->3326791K(3616768K)
[22.821s][info][gc,metaspace   ] GC(203) Metaspace: 6297K(6464K)->6297K(6464K) NonClass: 5764K(5824K)->5764K(5824K) Class: 533K(640K)->533K(640K)
[22.821s][info][gc             ] GC(203) Pause Young (Allocation Failure) 3287M->3288M(3797M) 55.556ms
[22.821s][info][gc,cpu         ] GC(203) User=0.14s Sys=0.00s Real=0.05s
[22.866s][info][gc,start       ] GC(204) Pause Young (Allocation Failure)
[22.923s][info][gc,heap        ] GC(204) PSYoungGen: 80064K(271360K)->40128K(271872K) Eden: 39936K(39936K)->0K(44544K) From: 40128K(231424K)->40128K(227328K)
[22.923s][info][gc,heap        ] GC(204) ParOldGen: 3326791K(3616768K)->3367103K(3616768K)
[22.923s][info][gc,metaspace   ] GC(204) Metaspace: 6297K(6464K)->6297K(6464K) NonClass: 5764K(5824K)->5764K(5824K) Class: 533K(640K)->533K(640K)
[22.923s][info][gc             ] GC(204) Pause Young (Allocation Failure) 3327M->3327M(3797M) 56.472ms
[22.923s][info][gc,cpu         ] GC(204) User=0.20s Sys=0.00s Real=0.06s
[22.970s][info][gc,start       ] GC(205) Pause Young (Allocation Failure)
[23.032s][info][gc,heap        ] GC(205) PSYoungGen: 84672K(271872K)->44672K(273920K) Eden: 44544K(44544K)->0K(44544K) From: 40128K(227328K)->44672K(229376K)
[23.032s][info][gc,heap        ] GC(205) ParOldGen: 3367103K(3616768K)->3407407K(3616768K)
[23.032s][info][gc,metaspace   ] GC(205) Metaspace: 6297K(6464K)->6297K(6464K) NonClass: 5764K(5824K)->5764K(5824K) Class: 533K(640K)->533K(640K)
[23.032s][info][gc             ] GC(205) Pause Young (Allocation Failure) 3370M->3371M(3799M) 62.312ms
[23.032s][info][gc,cpu         ] GC(205) User=0.19s Sys=0.03s Real=0.06s
[23.074s][info][gc,start       ] GC(206) Pause Young (Allocation Failure)
[23.133s][info][gc,heap        ] GC(206) PSYoungGen: 89216K(273920K)->44800K(264192K) Eden: 44544K(44544K)->0K(49664K) From: 44672K(229376K)->44800K(214528K)
[23.133s][info][gc,heap        ] GC(206) ParOldGen: 3407407K(3616768K)->3452351K(3616768K)
[23.133s][info][gc,metaspace   ] GC(206) Metaspace: 6297K(6464K)->6297K(6464K) NonClass: 5764K(5824K)->5764K(5824K) Class: 533K(640K)->533K(640K)
[23.133s][info][gc             ] GC(206) Pause Young (Allocation Failure) 3414M->3415M(3790M) 58.833ms
[23.133s][info][gc,cpu         ] GC(206) User=0.25s Sys=0.03s Real=0.06s
[23.181s][info][gc,start       ] GC(207) Pause Young (Allocation Failure)
[23.240s][info][gc,heap        ] GC(207) PSYoungGen: 94464K(264192K)->49888K(99840K) Eden: 49664K(49664K)->0K(49664K) From: 44800K(214528K)->49888K(50176K)
[23.240s][info][gc,heap        ] GC(207) ParOldGen: 3452351K(3616768K)->3497319K(3616768K)
[23.240s][info][gc,metaspace   ] GC(207) Metaspace: 6297K(6464K)->6297K(6464K) NonClass: 5764K(5824K)->5764K(5824K) Class: 533K(640K)->533K(640K)
[23.240s][info][gc             ] GC(207) Pause Young (Allocation Failure) 3463M->3464M(3629M) 59.391ms
[23.240s][info][gc,cpu         ] GC(207) User=0.30s Sys=0.08s Real=0.06s
[23.290s][info][gc,start       ] GC(208) Pause Young (Allocation Failure)
[23.354s][info][gc,heap        ] GC(208) PSYoungGen: 99552K(99840K)->49824K(254464K) Eden: 49664K(49664K)->0K(55808K) From: 49888K(50176K)->49824K(198656K)
[23.354s][info][gc,heap        ] GC(208) ParOldGen: 3497319K(3616768K)->3547455K(3616768K)
[23.354s][info][gc,metaspace   ] GC(208) Metaspace: 6297K(6464K)->6297K(6464K) NonClass: 5764K(5824K)->5764K(5824K) Class: 533K(640K)->533K(640K)
[23.354s][info][gc             ] GC(208) Pause Young (Allocation Failure) 3512M->3512M(3780M) 64.415ms
[23.354s][info][gc,cpu         ] GC(208) User=0.20s Sys=0.00s Real=0.06s
[23.354s][info][gc,start       ] GC(209) Pause Full (Ergonomics)
[23.354s][info][gc,phases,start] GC(209) Marking Phase
[24.161s][info][gc,phases      ] GC(209) Marking Phase 806.532ms
[24.161s][info][gc,phases,start] GC(209) Summary Phase
[24.161s][info][gc,phases      ] GC(209) Summary Phase 0.068ms
[24.161s][info][gc,phases,start] GC(209) Adjust Roots
[24.161s][info][gc,phases      ] GC(209) Adjust Roots 0.197ms
[24.161s][info][gc,phases,start] GC(209) Compaction Phase
[24.509s][info][gc,phases      ] GC(209) Compaction Phase 348.069ms
[24.509s][info][gc,phases,start] GC(209) Post Compact
[24.516s][info][gc,phases      ] GC(209) Post Compact 6.593ms
[24.517s][info][gc,heap        ] GC(209) PSYoungGen: 49824K(254464K)->0K(261120K) Eden: 0K(55808K)->0K(55808K) From: 49824K(198656K)->0K(205312K)
[24.517s][info][gc,heap        ] GC(209) ParOldGen: 3547455K(3616768K)->3594169K(3958784K)
[24.517s][info][gc,metaspace   ] GC(209) Metaspace: 6297K(6464K)->6297K(6464K) NonClass: 5764K(5824K)->5764K(5824K) Class: 533K(640K)->533K(640K)
[24.517s][info][gc             ] GC(209) Pause Full (Ergonomics) 3512M->3509M(4121M) 1163.062ms
[24.517s][info][gc,cpu         ] GC(209) User=8.56s Sys=0.06s Real=1.16s
[24.580s][info][gc,start       ] GC(210) Pause Young (Allocation Failure)
[24.629s][info][gc,heap        ] GC(210) PSYoungGen: 55808K(261120K)->56000K(247296K) Eden: 55808K(55808K)->0K(60928K) From: 0K(205312K)->56000K(186368K)
[24.629s][info][gc,heap        ] GC(210) ParOldGen: 3594169K(3958784K)->3594169K(3958784K)
[24.629s][info][gc,metaspace   ] GC(210) Metaspace: 6297K(6464K)->6297K(6464K) NonClass: 5764K(5824K)->5764K(5824K) Class: 533K(640K)->533K(640K)
[24.629s][info][gc             ] GC(210) Pause Young (Allocation Failure) 3564M->3564M(4107M) 48.924ms
[24.629s][info][gc,cpu         ] GC(210) User=0.16s Sys=0.00s Real=0.05s
[24.693s][info][gc,start       ] GC(211) Pause Young (Allocation Failure)
[24.760s][info][gc,heap        ] GC(211) PSYoungGen: 116928K(247296K)->117056K(257536K) Eden: 60928K(60928K)->0K(60928K) From: 56000K(186368K)->117056K(196608K)
[24.761s][info][gc,heap        ] GC(211) ParOldGen: 3594169K(3958784K)->3594169K(3958784K)
[24.761s][info][gc,metaspace   ] GC(211) Metaspace: 6297K(6464K)->6297K(6464K) NonClass: 5764K(5824K)->5764K(5824K) Class: 533K(640K)->533K(640K)
[24.761s][info][gc             ] GC(211) Pause Young (Allocation Failure) 3624M->3624M(4117M) 67.571ms
[24.761s][info][gc,cpu         ] GC(211) User=0.31s Sys=0.00s Real=0.07s
[24.817s][info][gc,start       ] GC(212) Pause Young (Allocation Failure)
[24.906s][info][gc,heap        ] GC(212) PSYoungGen: 177984K(257536K)->178080K(242176K) Eden: 60928K(60928K)->0K(42496K) From: 117056K(196608K)->178080K(199680K)
[24.906s][info][gc,heap        ] GC(212) ParOldGen: 3594169K(3958784K)->3594169K(3958784K)
[24.906s][info][gc,metaspace   ] GC(212) Metaspace: 6297K(6464K)->6297K(6464K) NonClass: 5764K(5824K)->5764K(5824K) Class: 533K(640K)->533K(640K)
[24.906s][info][gc             ] GC(212) Pause Young (Allocation Failure) 3683M->3683M(4102M) 88.412ms
[24.906s][info][gc,cpu         ] GC(212) User=0.55s Sys=0.00s Real=0.09s
[24.946s][info][gc,start       ] GC(213) Pause Young (Allocation Failure)
[25.047s][info][gc,heap        ] GC(213) PSYoungGen: 220576K(242176K)->220672K(266240K) Eden: 42496K(42496K)->0K(42496K) From: 178080K(199680K)->220672K(223744K)
[25.048s][info][gc,heap        ] GC(213) ParOldGen: 3594169K(3958784K)->3594169K(3958784K)
[25.048s][info][gc,metaspace   ] GC(213) Metaspace: 6297K(6464K)->6297K(6464K) NonClass: 5764K(5824K)->5764K(5824K) Class: 533K(640K)->533K(640K)
[25.048s][info][gc             ] GC(213) Pause Young (Allocation Failure) 3725M->3725M(4126M) 101.682ms
[25.048s][info][gc,cpu         ] GC(213) User=0.83s Sys=0.00s Real=0.10s
[25.095s][info][gc,start       ] GC(214) Pause Young (Allocation Failure)
[25.227s][info][gc,heap        ] GC(214) PSYoungGen: 263168K(266240K)->207328K(282624K) Eden: 42496K(42496K)->0K(24576K) From: 220672K(223744K)->207328K(258048K)
[25.227s][info][gc,heap        ] GC(214) ParOldGen: 3594169K(3958784K)->3650489K(3958784K)
[25.227s][info][gc,metaspace   ] GC(214) Metaspace: 6297K(6464K)->6297K(6464K) NonClass: 5764K(5824K)->5764K(5824K) Class: 533K(640K)->533K(640K)
[25.227s][info][gc             ] GC(214) Pause Young (Allocation Failure) 3766M->3767M(4142M) 132.226ms
[25.227s][info][gc,cpu         ] GC(214) User=0.97s Sys=0.02s Real=0.13s
[25.256s][info][gc,start       ] GC(215) Pause Young (Allocation Failure)
[25.369s][info][gc,heap        ] GC(215) PSYoungGen: 231904K(282624K)->170848K(305664K) Eden: 24576K(24576K)->0K(24576K) From: 207328K(258048K)->170848K(281088K)
[25.369s][info][gc,heap        ] GC(215) ParOldGen: 3650489K(3958784K)->3711993K(3958784K)
[25.369s][info][gc,metaspace   ] GC(215) Metaspace: 6297K(6464K)->6297K(6464K) NonClass: 5764K(5824K)->5764K(5824K) Class: 533K(640K)->533K(640K)
[25.369s][info][gc             ] GC(215) Pause Young (Allocation Failure) 3791M->3791M(4164M) 112.528ms
[25.369s][info][gc,cpu         ] GC(215) User=0.77s Sys=0.02s Real=0.11s
[25.396s][info][gc,start       ] GC(216) Pause Young (Allocation Failure)
[25.490s][info][gc,heap        ] GC(216) PSYoungGen: 195424K(305664K)->91872K(289792K) Eden: 24576K(24576K)->0K(28160K) From: 170848K(281088K)->91872K(261632K)
[25.490s][info][gc,heap        ] GC(216) ParOldGen: 3711993K(3958784K)->3816361K(3958784K)
[25.490s][info][gc,metaspace   ] GC(216) Metaspace: 6297K(6464K)->6297K(6464K) NonClass: 5764K(5824K)->5764K(5824K) Class: 533K(640K)->533K(640K)
[25.490s][info][gc             ] GC(216) Pause Young (Allocation Failure) 3815M->3816M(4149M) 94.769ms
[25.490s][info][gc,cpu         ] GC(216) User=0.61s Sys=0.03s Real=0.09s
[25.519s][info][gc,start       ] GC(217) Pause Young (Allocation Failure)
[25.585s][info][gc,heap        ] GC(217) PSYoungGen: 120032K(289792K)->52896K(81408K) Eden: 28160K(28160K)->0K(28160K) From: 91872K(261632K)->52896K(53248K)
[25.585s][info][gc,heap        ] GC(217) ParOldGen: 3816361K(3958784K)->3884033K(3958784K)
[25.585s][info][gc,metaspace   ] GC(217) Metaspace: 6297K(6464K)->6297K(6464K) NonClass: 5764K(5824K)->5764K(5824K) Class: 533K(640K)->533K(640K)
[25.585s][info][gc             ] GC(217) Pause Young (Allocation Failure) 3844M->3844M(3945M) 66.451ms
[25.585s][info][gc,cpu         ] GC(217) User=0.38s Sys=0.02s Real=0.07s
[25.585s][info][gc,start       ] GC(218) Pause Full (Ergonomics)
[25.585s][info][gc,phases,start] GC(218) Marking Phase
[26.496s][info][gc,phases      ] GC(218) Marking Phase 910.895ms
[26.496s][info][gc,phases,start] GC(218) Summary Phase
[26.496s][info][gc,phases      ] GC(218) Summary Phase 0.081ms
[26.496s][info][gc,phases,start] GC(218) Adjust Roots
[26.497s][info][gc,phases      ] GC(218) Adjust Roots 0.189ms
[26.497s][info][gc,phases,start] GC(218) Compaction Phase
[26.890s][info][gc,phases      ] GC(218) Compaction Phase 393.125ms
[26.890s][info][gc,phases,start] GC(218) Post Compact
[26.897s][info][gc,phases      ] GC(218) Post Compact 7.220ms
[26.899s][info][gc,heap        ] GC(218) PSYoungGen: 52896K(81408K)->0K(301056K) Eden: 0K(28160K)->0K(32256K) From: 52896K(53248K)->0K(268800K)
[26.899s][info][gc,heap        ] GC(218) ParOldGen: 3884033K(3958784K)->3933877K(4356608K)
[26.899s][info][gc,metaspace   ] GC(218) Metaspace: 6297K(6464K)->6297K(6464K) NonClass: 5764K(5824K)->5764K(5824K) Class: 533K(640K)->533K(640K)
[26.899s][info][gc             ] GC(218) Pause Full (Ergonomics) 3844M->3841M(4548M) 1313.331ms
[26.899s][info][gc,cpu         ] GC(218) User=9.53s Sys=0.05s Real=1.31s
[26.935s][info][gc,start       ] GC(219) Pause Young (Allocation Failure)
[26.975s][info][gc,heap        ] GC(219) PSYoungGen: 32256K(301056K)->32384K(301056K) Eden: 32256K(32256K)->0K(32256K) From: 0K(268800K)->32384K(268800K)
[26.975s][info][gc,heap        ] GC(219) ParOldGen: 3933877K(4356608K)->3933877K(4356608K)
[26.975s][info][gc,metaspace   ] GC(219) Metaspace: 6297K(6464K)->6297K(6464K) NonClass: 5764K(5824K)->5764K(5824K) Class: 533K(640K)->533K(640K)
[26.975s][info][gc             ] GC(219) Pause Young (Allocation Failure) 3873M->3873M(4548M) 40.101ms
[26.975s][info][gc,cpu         ] GC(219) User=0.05s Sys=0.00s Real=0.04s
[27.006s][info][gc,start       ] GC(220) Pause Young (Allocation Failure)
[27.054s][info][gc,heap        ] GC(220) PSYoungGen: 64640K(301056K)->32448K(294912K) Eden: 32256K(32256K)->0K(36352K) From: 32384K(268800K)->32448K(258560K)
[27.054s][info][gc,heap        ] GC(220) ParOldGen: 3933877K(4356608K)->3966413K(4356608K)
[27.054s][info][gc,metaspace   ] GC(220) Metaspace: 6297K(6464K)->6297K(6464K) NonClass: 5764K(5824K)->5764K(5824K) Class: 533K(640K)->533K(640K)
[27.054s][info][gc             ] GC(220) Pause Young (Allocation Failure) 3904M->3905M(4542M) 48.612ms
[27.054s][info][gc,cpu         ] GC(220) User=0.16s Sys=0.02s Real=0.05s
[27.090s][info][gc,start       ] GC(221) Pause Young (Allocation Failure)
[27.143s][info][gc,heap        ] GC(221) PSYoungGen: 68800K(294912K)->36512K(73216K) Eden: 36352K(36352K)->0K(36352K) From: 32448K(258560K)->36512K(36864K)
[27.143s][info][gc,heap        ] GC(221) ParOldGen: 3966413K(4356608K)->3998941K(4356608K)
[27.143s][info][gc,metaspace   ] GC(221) Metaspace: 6297K(6464K)->6297K(6464K) NonClass: 5764K(5824K)->5764K(5824K) Class: 533K(640K)->533K(640K)
[27.143s][info][gc             ] GC(221) Pause Young (Allocation Failure) 3940M->3940M(4326M) 52.779ms
[27.143s][info][gc,cpu         ] GC(221) User=0.16s Sys=0.00s Real=0.05s
[27.187s][info][gc,start       ] GC(222) Pause Young (Allocation Failure)
[27.247s][info][gc,heap        ] GC(222) PSYoungGen: 72864K(73216K)->36544K(282112K) Eden: 36352K(36352K)->0K(40960K) From: 36512K(36864K)->36544K(241152K)
[27.247s][info][gc,heap        ] GC(222) ParOldGen: 3998941K(4356608K)->4035613K(4356608K)
[27.247s][info][gc,metaspace   ] GC(222) Metaspace: 6297K(6464K)->6297K(6464K) NonClass: 5764K(5824K)->5764K(5824K) Class: 533K(640K)->533K(640K)
[27.247s][info][gc             ] GC(222) Pause Young (Allocation Failure) 3976M->3976M(4530M) 60.534ms
[27.247s][info][gc,cpu         ] GC(222) User=0.25s Sys=0.03s Real=0.06s
[27.296s][info][gc,start       ] GC(223) Pause Young (Allocation Failure)
[27.353s][info][gc,heap        ] GC(223) PSYoungGen: 77504K(282112K)->41120K(82432K) Eden: 40960K(40960K)->0K(40960K) From: 36544K(241152K)->41120K(41472K)
[27.353s][info][gc,heap        ] GC(223) ParOldGen: 4035613K(4356608K)->4072301K(4356608K)
[27.353s][info][gc,metaspace   ] GC(223) Metaspace: 6297K(6464K)->6297K(6464K) NonClass: 5764K(5824K)->5764K(5824K) Class: 533K(640K)->533K(640K)
[27.353s][info][gc             ] GC(223) Pause Young (Allocation Failure) 4016M->4017M(4335M) 57.271ms
[27.353s][info][gc,cpu         ] GC(223) User=0.17s Sys=0.00s Real=0.06s
[27.396s][info][gc,start       ] GC(224) Pause Young (Allocation Failure)
[27.456s][info][gc,heap        ] GC(224) PSYoungGen: 82080K(82432K)->41152K(266240K) Eden: 40960K(40960K)->0K(45568K) From: 41120K(41472K)->41152K(220672K)
[27.456s][info][gc,heap        ] GC(224) ParOldGen: 4072301K(4356608K)->4113621K(4356608K)
[27.456s][info][gc,metaspace   ] GC(224) Metaspace: 6297K(6464K)->6297K(6464K) NonClass: 5764K(5824K)->5764K(5824K) Class: 533K(640K)->533K(640K)
[27.456s][info][gc             ] GC(224) Pause Young (Allocation Failure) 4057M->4057M(4514M) 59.476ms
[27.456s][info][gc,cpu         ] GC(224) User=0.17s Sys=0.02s Real=0.06s
[27.500s][info][gc,start       ] GC(225) Pause Young (Allocation Failure)
[27.565s][info][gc,heap        ] GC(225) PSYoungGen: 86720K(266240K)->45728K(91648K) Eden: 45568K(45568K)->0K(45568K) From: 41152K(220672K)->45728K(46080K)
[27.565s][info][gc,heap        ] GC(225) ParOldGen: 4113621K(4356608K)->4154949K(4356608K)
[27.565s][info][gc,metaspace   ] GC(225) Metaspace: 6297K(6464K)->6297K(6464K) NonClass: 5764K(5824K)->5764K(5824K) Class: 533K(640K)->533K(640K)
[27.565s][info][gc             ] GC(225) Pause Young (Allocation Failure) 4101M->4102M(4344M) 65.476ms
[27.565s][info][gc,cpu         ] GC(225) User=0.27s Sys=0.02s Real=0.07s
[27.612s][info][gc,start       ] GC(226) Pause Young (Allocation Failure)
[27.675s][info][gc,heap        ] GC(226) PSYoungGen: 91296K(91648K)->45728K(251392K) Eden: 45568K(45568K)->0K(51200K) From: 45728K(46080K)->45728K(200192K)
[27.675s][info][gc,heap        ] GC(226) ParOldGen: 4154949K(4356608K)->4200925K(4356608K)
[27.675s][info][gc,metaspace   ] GC(226) Metaspace: 6297K(6464K)->6297K(6464K) NonClass: 5764K(5824K)->5764K(5824K) Class: 533K(640K)->533K(640K)
[27.675s][info][gc             ] GC(226) Pause Young (Allocation Failure) 4146M->4147M(4500M) 63.064ms
[27.675s][info][gc,cpu         ] GC(226) User=0.19s Sys=0.00s Real=0.06s
[27.734s][info][gc,start       ] GC(227) Pause Young (Allocation Failure)
[27.799s][info][gc,heap        ] GC(227) PSYoungGen: 96928K(251392K)->51360K(102912K) Eden: 51200K(51200K)->0K(51200K) From: 45728K(200192K)->51360K(51712K)
[27.799s][info][gc,heap        ] GC(227) ParOldGen: 4200925K(4356608K)->4246901K(4356608K)
[27.799s][info][gc,metaspace   ] GC(227) Metaspace: 6297K(6464K)->6297K(6464K) NonClass: 5764K(5824K)->5764K(5824K) Class: 533K(640K)->533K(640K)
[27.799s][info][gc             ] GC(227) Pause Young (Allocation Failure) 4197M->4197M(4355M) 64.544ms
[27.799s][info][gc,cpu         ] GC(227) User=0.16s Sys=0.02s Real=0.07s
[27.865s][info][gc,start       ] GC(228) Pause Young (Allocation Failure)
[27.937s][info][gc,heap        ] GC(228) PSYoungGen: 102560K(102912K)->51392K(235520K) Eden: 51200K(51200K)->0K(56832K) From: 51360K(51712K)->51392K(178688K)
[27.937s][info][gc,heap        ] GC(228) ParOldGen: 4246901K(4356608K)->4298557K(4356608K)
[27.937s][info][gc,metaspace   ] GC(228) Metaspace: 6297K(6464K)->6297K(6464K) NonClass: 5764K(5824K)->5764K(5824K) Class: 533K(640K)->533K(640K)
[27.937s][info][gc             ] GC(228) Pause Young (Allocation Failure) 4247M->4247M(4484M) 72.753ms
[27.937s][info][gc,cpu         ] GC(228) User=0.36s Sys=0.05s Real=0.07s
[27.937s][info][gc,start       ] GC(229) Pause Full (Ergonomics)
[27.937s][info][gc,phases,start] GC(229) Marking Phase
[28.994s][info][gc,phases      ] GC(229) Marking Phase 1056.115ms
[28.994s][info][gc,phases,start] GC(229) Summary Phase
[28.994s][info][gc,phases      ] GC(229) Summary Phase 0.091ms
[28.994s][info][gc,phases,start] GC(229) Adjust Roots
[28.994s][info][gc,phases      ] GC(229) Adjust Roots 0.267ms
[28.994s][info][gc,phases,start] GC(229) Compaction Phase
[29.421s][info][gc,phases      ] GC(229) Compaction Phase 426.809ms
[29.421s][info][gc,phases,start] GC(229) Post Compact
[29.427s][info][gc,phases      ] GC(229) Post Compact 6.345ms
[29.429s][info][gc,heap        ] GC(229) PSYoungGen: 51392K(235520K)->0K(245760K) Eden: 0K(56832K)->0K(56832K) From: 51392K(178688K)->0K(188928K)
[29.429s][info][gc,heap        ] GC(229) ParOldGen: 4298557K(4356608K)->4346228K(4774400K)
[29.429s][info][gc,metaspace   ] GC(229) Metaspace: 6297K(6464K)->6297K(6464K) NonClass: 5764K(5824K)->5764K(5824K) Class: 533K(640K)->533K(640K)
[29.429s][info][gc             ] GC(229) Pause Full (Ergonomics) 4247M->4244M(4902M) 1491.411ms
[29.429s][info][gc,cpu         ] GC(229) User=10.95s Sys=0.05s Real=1.49s
[29.486s][info][gc,start       ] GC(230) Pause Young (Allocation Failure)
[29.538s][info][gc,heap        ] GC(230) PSYoungGen: 56832K(245760K)->57024K(228864K) Eden: 56832K(56832K)->0K(61952K) From: 0K(188928K)->57024K(166912K)
[29.538s][info][gc,heap        ] GC(230) ParOldGen: 4346228K(4774400K)->4346228K(4774400K)
[29.538s][info][gc,metaspace   ] GC(230) Metaspace: 6297K(6464K)->6297K(6464K) NonClass: 5764K(5824K)->5764K(5824K) Class: 533K(640K)->533K(640K)
[29.538s][info][gc             ] GC(230) Pause Young (Allocation Failure) 4299M->4300M(4886M) 52.375ms
[29.538s][info][gc,cpu         ] GC(230) User=0.17s Sys=0.00s Real=0.05s
[29.599s][info][gc,start       ] GC(231) Pause Young (Allocation Failure)
[29.669s][info][gc,heap        ] GC(231) PSYoungGen: 118976K(228864K)->119104K(240640K) Eden: 61952K(61952K)->0K(61952K) From: 57024K(166912K)->119104K(178688K)
[29.669s][info][gc,heap        ] GC(231) ParOldGen: 4346228K(4774400K)->4346228K(4774400K)
[29.669s][info][gc,metaspace   ] GC(231) Metaspace: 6297K(6464K)->6297K(6464K) NonClass: 5764K(5824K)->5764K(5824K) Class: 533K(640K)->533K(640K)
[29.669s][info][gc             ] GC(231) Pause Young (Allocation Failure) 4360M->4360M(4897M) 69.431ms
[29.669s][info][gc,cpu         ] GC(231) User=0.39s Sys=0.02s Real=0.07s
[29.730s][info][gc,start       ] GC(232) Pause Young (Allocation Failure)
[29.818s][info][gc,heap        ] GC(232) PSYoungGen: 181056K(240640K)->181216K(225792K) Eden: 61952K(61952K)->0K(38912K) From: 119104K(178688K)->181216K(186880K)
[29.818s][info][gc,heap        ] GC(232) ParOldGen: 4346228K(4774400K)->4346228K(4774400K)
[29.818s][info][gc,metaspace   ] GC(232) Metaspace: 6297K(6464K)->6297K(6464K) NonClass: 5764K(5824K)->5764K(5824K) Class: 533K(640K)->533K(640K)
[29.818s][info][gc             ] GC(232) Pause Young (Allocation Failure) 4421M->4421M(4883M) 88.225ms
[29.818s][info][gc,cpu         ] GC(232) User=0.75s Sys=0.00s Real=0.09s
[29.866s][info][gc,start       ] GC(233) Pause Young (Allocation Failure)
[29.968s][info][gc,heap        ] GC(233) PSYoungGen: 220128K(225792K)->216064K(254976K) Eden: 38912K(38912K)->0K(38912K) From: 181216K(186880K)->216064K(216064K)
[29.968s][info][gc,heap        ] GC(233) ParOldGen: 4346228K(4774400K)->4350236K(4774400K)
[29.968s][info][gc,metaspace   ] GC(233) Metaspace: 6297K(6464K)->6297K(6464K) NonClass: 5764K(5824K)->5764K(5824K) Class: 533K(640K)->533K(640K)
[29.968s][info][gc             ] GC(233) Pause Young (Allocation Failure) 4459M->4459M(4911M) 102.276ms
[29.968s][info][gc,cpu         ] GC(233) User=0.66s Sys=0.00s Real=0.10s
[30.017s][info][gc,start       ] GC(234) Pause Young (Allocation Failure)
[30.153s][info][gc,heap        ] GC(234) PSYoungGen: 254976K(254976K)->138336K(297472K) Eden: 38912K(38912K)->0K(43520K) From: 216064K(216064K)->138336K(253952K)
[30.153s][info][gc,heap        ] GC(234) ParOldGen: 4350236K(4774400K)->4467868K(4774400K)
[30.153s][info][gc,metaspace   ] GC(234) Metaspace: 6297K(6464K)->6297K(6464K) NonClass: 5764K(5824K)->5764K(5824K) Class: 533K(640K)->533K(640K)
[30.153s][info][gc             ] GC(234) Pause Young (Allocation Failure) 4497M->4498M(4953M) 136.710ms
[30.153s][info][gc,cpu         ] GC(234) User=0.94s Sys=0.06s Real=0.14s
[30.201s][info][gc,start       ] GC(235) Pause Young (Allocation Failure)
[30.295s][info][gc,heap        ] GC(235) PSYoungGen: 181856K(297472K)->120928K(164864K) Eden: 43520K(43520K)->0K(43520K) From: 138336K(253952K)->120928K(121344K)
[30.295s][info][gc,heap        ] GC(235) ParOldGen: 4467868K(4774400K)->4529340K(4774400K)
[30.295s][info][gc,metaspace   ] GC(235) Metaspace: 6297K(6464K)->6297K(6464K) NonClass: 5764K(5824K)->5764K(5824K) Class: 533K(640K)->533K(640K)
[30.295s][info][gc             ] GC(235) Pause Young (Allocation Failure) 4540M->4541M(4823M) 94.275ms
[30.295s][info][gc,cpu         ] GC(235) User=0.59s Sys=0.03s Real=0.10s
[30.340s][info][gc,start       ] GC(236) Pause Young (Allocation Failure)
[30.425s][info][gc,heap        ] GC(236) PSYoungGen: 164448K(164864K)->126272K(284160K) Eden: 43520K(43520K)->0K(49152K) From: 120928K(121344K)->126272K(235008K)
[30.425s][info][gc,heap        ] GC(236) ParOldGen: 4529340K(4774400K)->4567876K(4774400K)
[30.425s][info][gc,metaspace   ] GC(236) Metaspace: 6297K(6464K)->6297K(6464K) NonClass: 5764K(5824K)->5764K(5824K) Class: 533K(640K)->533K(640K)
[30.425s][info][gc             ] GC(236) Pause Young (Allocation Failure) 4583M->4584M(4940M) 85.148ms
[30.425s][info][gc,cpu         ] GC(236) User=0.64s Sys=0.02s Real=0.09s
[30.481s][info][gc,start       ] GC(237) Pause Young (Allocation Failure)
[30.575s][info][gc,heap        ] GC(237) PSYoungGen: 175424K(284160K)->136480K(289792K) Eden: 49152K(49152K)->0K(49152K) From: 126272K(235008K)->136480K(240640K)
[30.575s][info][gc,heap        ] GC(237) ParOldGen: 4567876K(4774400K)->4607140K(4774400K)
[30.575s][info][gc,metaspace   ] GC(237) Metaspace: 6297K(6464K)->6297K(6464K) NonClass: 5764K(5824K)->5764K(5824K) Class: 533K(640K)->533K(640K)
[30.575s][info][gc             ] GC(237) Pause Young (Allocation Failure) 4632M->4632M(4945M) 93.400ms
[30.575s][info][gc,cpu         ] GC(237) User=0.62s Sys=0.00s Real=0.09s
[30.637s][info][gc,start       ] GC(238) Pause Young (Allocation Failure)
[30.733s][info][gc,heap        ] GC(238) PSYoungGen: 185632K(289792K)->142112K(294400K) Eden: 49152K(49152K)->0K(55808K) From: 136480K(240640K)->142112K(238592K)
[30.733s][info][gc,heap        ] GC(238) ParOldGen: 4607140K(4774400K)->4651052K(4774400K)
[30.733s][info][gc,metaspace   ] GC(238) Metaspace: 6297K(6464K)->6297K(6464K) NonClass: 5764K(5824K)->5764K(5824K) Class: 533K(640K)->533K(640K)
[30.733s][info][gc             ] GC(238) Pause Young (Allocation Failure) 4680M->4680M(4950M) 96.029ms
[30.733s][info][gc,cpu         ] GC(238) User=0.62s Sys=0.03s Real=0.10s
[30.795s][info][gc,start       ] GC(239) Pause Young (Allocation Failure)
[30.896s][info][gc,heap        ] GC(239) PSYoungGen: 197920K(294400K)->154496K(294400K) Eden: 55808K(55808K)->0K(55808K) From: 142112K(238592K)->154496K(238592K)
[30.896s][info][gc,heap        ] GC(239) ParOldGen: 4651052K(4774400K)->4694972K(4774400K)
[30.896s][info][gc,metaspace   ] GC(239) Metaspace: 6297K(6464K)->6297K(6464K) NonClass: 5764K(5824K)->5764K(5824K) Class: 533K(640K)->533K(640K)
[30.896s][info][gc             ] GC(239) Pause Young (Allocation Failure) 4735M->4735M(4950M) 101.591ms
[30.896s][info][gc,cpu         ] GC(239) User=0.64s Sys=0.02s Real=0.10s
[30.896s][info][gc,start       ] GC(240) Pause Full (Ergonomics)
[30.896s][info][gc,phases,start] GC(240) Marking Phase
[32.042s][info][gc,phases      ] GC(240) Marking Phase 1146.061ms
[32.042s][info][gc,phases,start] GC(240) Summary Phase
[32.042s][info][gc,phases      ] GC(240) Summary Phase 0.076ms
[32.042s][info][gc,phases,start] GC(240) Adjust Roots
[32.043s][info][gc,phases      ] GC(240) Adjust Roots 0.163ms
[32.043s][info][gc,phases,start] GC(240) Compaction Phase
[32.453s][info][gc,phases      ] GC(240) Compaction Phase 409.943ms
[32.453s][info][gc,phases,start] GC(240) Post Compact
[32.460s][info][gc,phases      ] GC(240) Post Compact 7.370ms
[32.462s][info][gc,heap        ] GC(240) PSYoungGen: 154496K(294400K)->71734K(294400K) Eden: 0K(55808K)->0K(55808K) From: 154496K(238592K)->71734K(238592K)
[32.462s][info][gc,heap        ] GC(240) ParOldGen: 4694972K(4774400K)->4773895K(5247488K)
[32.462s][info][gc,metaspace   ] GC(240) Metaspace: 6297K(6464K)->6297K(6464K) NonClass: 5764K(5824K)->5764K(5824K) Class: 533K(640K)->533K(640K)
[32.462s][info][gc             ] GC(240) Pause Full (Ergonomics) 4735M->4732M(5412M) 1565.511ms
[32.462s][info][gc,cpu         ] GC(240) User=11.62s Sys=0.11s Real=1.57s
[32.515s][info][gc,start       ] GC(241) Pause Young (Allocation Failure)
[32.809s][info][gc,heap        ] GC(241) PSYoungGen: 127542K(294400K)->102272K(281088K) Eden: 55808K(55808K)->0K(61440K) From: 71734K(238592K)->102272K(219648K)
[32.809s][info][gc,heap        ] GC(241) ParOldGen: 4773895K(5247488K)->4799711K(5247488K)
[32.809s][info][gc,metaspace   ] GC(241) Metaspace: 6297K(6464K)->6297K(6464K) NonClass: 5764K(5824K)->5764K(5824K) Class: 533K(640K)->533K(640K)
[32.809s][info][gc             ] GC(241) Pause Young (Allocation Failure) 4786M->4787M(5399M) 293.840ms
[32.809s][info][gc,cpu         ] GC(241) User=1.89s Sys=0.02s Real=0.29s
[32.871s][info][gc,start       ] GC(242) Pause Young (Allocation Failure)
[32.964s][info][gc,heap        ] GC(242) PSYoungGen: 163712K(281088K)->140896K(292864K) Eden: 61440K(61440K)->0K(61440K) From: 102272K(219648K)->140896K(231424K)
[32.964s][info][gc,heap        ] GC(242) ParOldGen: 4799711K(5247488K)->4822879K(5247488K)
[32.964s][info][gc,metaspace   ] GC(242) Metaspace: 6297K(6464K)->6297K(6464K) NonClass: 5764K(5824K)->5764K(5824K) Class: 533K(640K)->533K(640K)
[32.964s][info][gc             ] GC(242) Pause Young (Allocation Failure) 4847M->4847M(5410M) 92.197ms
[32.964s][info][gc,cpu         ] GC(242) User=0.62s Sys=0.00s Real=0.09s
[33.038s][info][gc,start       ] GC(243) Pause Young (Allocation Failure)
[33.148s][info][gc,heap        ] GC(243) PSYoungGen: 202336K(292864K)->179040K(285696K) Eden: 61440K(61440K)->0K(56320K) From: 140896K(231424K)->179040K(229376K)
[33.149s][info][gc,heap        ] GC(243) ParOldGen: 4822879K(5247488K)->4846407K(5247488K)
[33.149s][info][gc,metaspace   ] GC(243) Metaspace: 6297K(6464K)->6297K(6464K) NonClass: 5764K(5824K)->5764K(5824K) Class: 533K(640K)->533K(640K)
[33.149s][info][gc             ] GC(243) Pause Young (Allocation Failure) 4907M->4907M(5403M) 111.017ms
[33.149s][info][gc,cpu         ] GC(243) User=0.77s Sys=0.00s Real=0.11s
[33.212s][info][gc,start       ] GC(244) Pause Young (Allocation Failure)
[33.340s][info][gc,heap        ] GC(244) PSYoungGen: 235360K(285696K)->179648K(297472K) Eden: 56320K(56320K)->0K(56320K) From: 179040K(229376K)->179648K(241152K)
[33.340s][info][gc,heap        ] GC(244) ParOldGen: 4846407K(5247488K)->4902719K(5247488K)
[33.340s][info][gc,metaspace   ] GC(244) Metaspace: 6297K(6464K)->6297K(6464K) NonClass: 5764K(5824K)->5764K(5824K) Class: 533K(640K)->533K(640K)
[33.340s][info][gc             ] GC(244) Pause Young (Allocation Failure) 4962M->4963M(5415M) 127.810ms
[33.340s][info][gc,cpu         ] GC(244) User=0.81s Sys=0.09s Real=0.13s
[33.401s][info][gc,start       ] GC(245) Pause Young (Allocation Failure)
[33.536s][info][gc,heap        ] GC(245) PSYoungGen: 235968K(297472K)->174496K(308736K) Eden: 56320K(56320K)->0K(58368K) From: 179648K(241152K)->174496K(250368K)
[33.537s][info][gc,heap        ] GC(245) ParOldGen: 4902719K(5247488K)->4964719K(5247488K)
[33.537s][info][gc,metaspace   ] GC(245) Metaspace: 6297K(6464K)->6297K(6464K) NonClass: 5764K(5824K)->5764K(5824K) Class: 533K(640K)->533K(640K)
[33.537s][info][gc             ] GC(245) Pause Young (Allocation Failure) 5018M->5018M(5426M) 135.630ms
[33.537s][info][gc,cpu         ] GC(245) User=0.98s Sys=0.03s Real=0.14s
[33.600s][info][gc,start       ] GC(246) Pause Young (Allocation Failure)
[33.728s][info][gc,heap        ] GC(246) PSYoungGen: 232864K(308736K)->171424K(313344K) Eden: 58368K(58368K)->0K(58368K) From: 174496K(250368K)->171424K(254976K)
[33.728s][info][gc,heap        ] GC(246) ParOldGen: 4964719K(5247488K)->5026711K(5247488K)
[33.728s][info][gc,metaspace   ] GC(246) Metaspace: 6297K(6464K)->6297K(6464K) NonClass: 5764K(5824K)->5764K(5824K) Class: 533K(640K)->533K(640K)
[33.729s][info][gc             ] GC(246) Pause Young (Allocation Failure) 5075M->5076M(5430M) 128.385ms
[33.729s][info][gc,cpu         ] GC(246) User=0.81s Sys=0.08s Real=0.13s
[33.797s][info][gc,start       ] GC(247) Pause Young (Allocation Failure)
[33.931s][info][gc,heap        ] GC(247) PSYoungGen: 229792K(313344K)->117056K(305664K) Eden: 58368K(58368K)->0K(66048K) From: 171424K(254976K)->117056K(239616K)
[33.931s][info][gc,heap        ] GC(247) ParOldGen: 5026711K(5247488K)->5140327K(5247488K)
[33.931s][info][gc,metaspace   ] GC(247) Metaspace: 6297K(6464K)->6297K(6464K) NonClass: 5764K(5824K)->5764K(5824K) Class: 533K(640K)->533K(640K)
[33.931s][info][gc             ] GC(247) Pause Young (Allocation Failure) 5133M->5134M(5423M) 134.017ms
[33.931s][info][gc,cpu         ] GC(247) User=0.83s Sys=0.08s Real=0.13s
[33.931s][info][gc,start       ] GC(248) Pause Full (Ergonomics)
[33.931s][info][gc,phases,start] GC(248) Marking Phase
[35.196s][info][gc,phases      ] GC(248) Marking Phase 1265.435ms
[35.196s][info][gc,phases,start] GC(248) Summary Phase
[35.196s][info][gc,phases      ] GC(248) Summary Phase 0.065ms
[35.196s][info][gc,phases,start] GC(248) Adjust Roots
[35.197s][info][gc,phases      ] GC(248) Adjust Roots 0.187ms
[35.197s][info][gc,phases,start] GC(248) Compaction Phase
[35.597s][info][gc,phases      ] GC(248) Compaction Phase 400.369ms
[35.597s][info][gc,phases,start] GC(248) Post Compact
[35.605s][info][gc,phases      ] GC(248) Post Compact 8.176ms
[35.607s][info][gc,heap        ] GC(248) PSYoungGen: 117056K(305664K)->6315K(314368K) Eden: 0K(66048K)->0K(74752K) From: 117056K(239616K)->6315K(239616K)
[35.607s][info][gc,heap        ] GC(248) ParOldGen: 5140327K(5247488K)->5247153K(5792768K)
[35.607s][info][gc,metaspace   ] GC(248) Metaspace: 6297K(6464K)->6297K(6464K) NonClass: 5764K(5824K)->5764K(5824K) Class: 533K(640K)->533K(640K)
[35.607s][info][gc             ] GC(248) Pause Full (Ergonomics) 5134M->5130M(5964M) 1676.325ms
[35.607s][info][gc,cpu         ] GC(248) User=12.88s Sys=0.05s Real=1.68s
[35.692s][info][gc,start       ] GC(249) Pause Young (Allocation Failure)
[35.963s][info][gc,heap        ] GC(249) PSYoungGen: 81067K(314368K)->74944K(323072K) Eden: 74752K(74752K)->0K(74752K) From: 6315K(239616K)->74944K(248320K)
[35.963s][info][gc,heap        ] GC(249) ParOldGen: 5247153K(5792768K)->5253561K(5792768K)
[35.963s][info][gc,metaspace   ] GC(249) Metaspace: 6297K(6464K)->6297K(6464K) NonClass: 5764K(5824K)->5764K(5824K) Class: 533K(640K)->533K(640K)
[35.963s][info][gc             ] GC(249) Pause Young (Allocation Failure) 5203M->5203M(5972M) 271.092ms
[35.963s][info][gc,cpu         ] GC(249) User=1.62s Sys=0.02s Real=0.27s
[36.046s][info][gc,start       ] GC(250) Pause Young (Allocation Failure)
[36.138s][info][gc,heap        ] GC(250) PSYoungGen: 149696K(323072K)->75008K(325120K) Eden: 74752K(74752K)->0K(82944K) From: 74944K(248320K)->75008K(242176K)
[36.138s][info][gc,heap        ] GC(250) ParOldGen: 5253561K(5792768K)->5328985K(5792768K)
[36.138s][info][gc,metaspace   ] GC(250) Metaspace: 6297K(6464K)->6297K(6464K) NonClass: 5764K(5824K)->5764K(5824K) Class: 533K(640K)->533K(640K)
[36.138s][info][gc             ] GC(250) Pause Young (Allocation Failure) 5276M->5277M(5974M) 91.958ms
[36.138s][info][gc,cpu         ] GC(250) User=0.52s Sys=0.11s Real=0.09s
[36.236s][info][gc,start       ] GC(251) Pause Young (Allocation Failure)
[36.331s][info][gc,heap        ] GC(251) PSYoungGen: 157952K(325120K)->83200K(327680K) Eden: 82944K(82944K)->0K(82944K) From: 75008K(242176K)->83200K(244736K)
[36.331s][info][gc,heap        ] GC(251) ParOldGen: 5328985K(5792768K)->5404409K(5792768K)
[36.331s][info][gc,metaspace   ] GC(251) Metaspace: 6297K(6464K)->6297K(6464K) NonClass: 5764K(5824K)->5764K(5824K) Class: 533K(640K)->533K(640K)
[36.332s][info][gc             ] GC(251) Pause Young (Allocation Failure) 5358M->5358M(5977M) 95.430ms
[36.332s][info][gc,cpu         ] GC(251) User=0.61s Sys=0.03s Real=0.10s
[36.423s][info][gc,start       ] GC(252) Pause Young (Allocation Failure)
[36.525s][info][gc,heap        ] GC(252) PSYoungGen: 166144K(327680K)->83264K(320000K) Eden: 82944K(82944K)->0K(91648K) From: 83200K(244736K)->83264K(228352K)
[36.525s][info][gc,heap        ] GC(252) ParOldGen: 5404409K(5792768K)->5488113K(5792768K)
[36.525s][info][gc,metaspace   ] GC(252) Metaspace: 6297K(6464K)->6297K(6464K) NonClass: 5764K(5824K)->5764K(5824K) Class: 533K(640K)->533K(640K)
[36.525s][info][gc             ] GC(252) Pause Young (Allocation Failure) 5439M->5440M(5969M) 101.886ms
[36.525s][info][gc,cpu         ] GC(252) User=0.62s Sys=0.02s Real=0.10s
[36.625s][info][gc,start       ] GC(253) Pause Young (Allocation Failure)
[36.733s][info][gc,heap        ] GC(253) PSYoungGen: 174912K(320000K)->91968K(325632K) Eden: 91648K(91648K)->0K(91648K) From: 83264K(228352K)->91968K(233984K)
[36.733s][info][gc,heap        ] GC(253) ParOldGen: 5488113K(5792768K)->5571833K(5792768K)
[36.733s][info][gc,metaspace   ] GC(253) Metaspace: 6297K(6464K)->6297K(6464K) NonClass: 5764K(5824K)->5764K(5824K) Class: 533K(640K)->533K(640K)
[36.733s][info][gc             ] GC(253) Pause Young (Allocation Failure) 5530M->5531M(5975M) 107.521ms
[36.733s][info][gc,cpu         ] GC(253) User=0.73s Sys=0.03s Real=0.11s
[36.862s][info][gc,start       ] GC(254) Pause Young (Allocation Failure)
[36.978s][info][gc,heap        ] GC(254) PSYoungGen: 183616K(325632K)->91904K(312320K) Eden: 91648K(91648K)->0K(101376K) From: 91968K(233984K)->91904K(210944K)
[36.979s][info][gc,heap        ] GC(254) ParOldGen: 5571833K(5792768K)->5664313K(5792768K)
[36.979s][info][gc,metaspace   ] GC(254) Metaspace: 6297K(6464K)->6297K(6464K) NonClass: 5764K(5824K)->5764K(5824K) Class: 533K(640K)->533K(640K)
[36.979s][info][gc             ] GC(254) Pause Young (Allocation Failure) 5620M->5621M(5962M) 116.253ms
[36.979s][info][gc,cpu         ] GC(254) User=0.67s Sys=0.09s Real=0.12s
[36.979s][info][gc,start       ] GC(255) Pause Full (Ergonomics)
[36.979s][info][gc,phases,start] GC(255) Marking Phase
[38.347s][info][gc,phases      ] GC(255) Marking Phase 1368.644ms
[38.347s][info][gc,phases,start] GC(255) Summary Phase
[38.347s][info][gc,phases      ] GC(255) Summary Phase 0.100ms
[38.347s][info][gc,phases,start] GC(255) Adjust Roots
[38.348s][info][gc,phases      ] GC(255) Adjust Roots 0.196ms
[38.348s][info][gc,phases,start] GC(255) Compaction Phase
[38.792s][info][gc,phases      ] GC(255) Compaction Phase 443.811ms
[38.792s][info][gc,phases,start] GC(255) Post Compact
[38.801s][info][gc,phases      ] GC(255) Post Compact 9.125ms
[38.803s][info][gc,heap        ] GC(255) PSYoungGen: 91904K(312320K)->0K(320000K) Eden: 0K(101376K)->0K(101376K) From: 91904K(210944K)->0K(218624K)
[38.803s][info][gc,heap        ] GC(255) ParOldGen: 5664313K(5792768K)->5751968K(6369792K)
[38.803s][info][gc,metaspace   ] GC(255) Metaspace: 6297K(6464K)->6297K(6464K) NonClass: 5764K(5824K)->5764K(5824K) Class: 533K(640K)->533K(640K)
[38.803s][info][gc             ] GC(255) Pause Full (Ergonomics) 5621M->5617M(6533M) 1824.168ms
[38.803s][info][gc,cpu         ] GC(255) User=13.97s Sys=0.05s Real=1.83s
[39.939s][info][gc,start       ] GC(256) Pause Young (Allocation Failure)
[40.141s][info][gc,heap        ] GC(256) PSYoungGen: 101376K(320000K)->101696K(308224K) Eden: 101376K(101376K)->0K(110080K) From: 0K(218624K)->101696K(198144K)
[40.141s][info][gc,heap        ] GC(256) ParOldGen: 6014112K(6369792K)->6014112K(6369792K)
[40.141s][info][gc,metaspace   ] GC(256) Metaspace: 6297K(6464K)->6297K(6464K) NonClass: 5764K(5824K)->5764K(5824K) Class: 533K(640K)->533K(640K)
[40.141s][info][gc             ] GC(256) Pause Young (Allocation Failure) 5972M->5972M(6521M) 201.946ms
[40.141s][info][gc,cpu         ] GC(256) User=1.08s Sys=0.00s Real=0.20s
[40.261s][info][gc,start       ] GC(257) Pause Young (Allocation Failure)
[40.386s][info][gc,heap        ] GC(257) PSYoungGen: 211776K(308224K)->209408K(319488K) Eden: 110080K(110080K)->0K(110080K) From: 101696K(198144K)->209408K(209408K)
[40.386s][info][gc,heap        ] GC(257) ParOldGen: 6014112K(6369792K)->6016608K(6369792K)
[40.386s][info][gc,metaspace   ] GC(257) Metaspace: 6297K(6464K)->6297K(6464K) NonClass: 5764K(5824K)->5764K(5824K) Class: 533K(640K)->533K(640K)
[40.386s][info][gc             ] GC(257) Pause Young (Allocation Failure) 6079M->6080M(6532M) 125.412ms
[40.386s][info][gc,cpu         ] GC(257) User=0.61s Sys=0.00s Real=0.12s
[40.497s][info][gc,start       ] GC(258) Pause Young (Allocation Failure)
[40.659s][info][gc,heap        ] GC(258) PSYoungGen: 319488K(319488K)->110400K(338432K) Eden: 110080K(110080K)->0K(120320K) From: 209408K(209408K)->110400K(218112K)
[40.659s][info][gc,heap        ] GC(258) ParOldGen: 6016608K(6369792K)->6227480K(6369792K)
[40.659s][info][gc,metaspace   ] GC(258) Metaspace: 6297K(6464K)->6297K(6464K) NonClass: 5764K(5824K)->5764K(5824K) Class: 533K(640K)->533K(640K)
[40.659s][info][gc             ] GC(258) Pause Young (Allocation Failure) 6187M->6189M(6551M) 162.053ms
[40.659s][info][gc,cpu         ] GC(258) User=0.84s Sys=0.03s Real=0.16s
[40.659s][info][gc,start       ] GC(259) Pause Full (Ergonomics)
[40.659s][info][gc,phases,start] GC(259) Marking Phase
[42.068s][info][gc,phases      ] GC(259) Marking Phase 1408.759ms
[42.068s][info][gc,phases,start] GC(259) Summary Phase
[42.069s][info][gc,phases      ] GC(259) Summary Phase 0.204ms
[42.069s][info][gc,phases,start] GC(259) Adjust Roots
[42.069s][info][gc,phases      ] GC(259) Adjust Roots 0.234ms
[42.069s][info][gc,phases,start] GC(259) Compaction Phase
[43.002s][info][gc,phases      ] GC(259) Compaction Phase 933.435ms
[43.002s][info][gc,phases,start] GC(259) Post Compact
[43.014s][info][gc,phases      ] GC(259) Post Compact 11.336ms
[43.016s][info][gc,heap        ] GC(259) PSYoungGen: 110400K(338432K)->0K(347648K) Eden: 0K(120320K)->0K(120320K) From: 110400K(218112K)->0K(227328K)
[43.016s][info][gc,heap        ] GC(259) ParOldGen: 6227480K(6369792K)->6204484K(6923264K)
[43.016s][info][gc,metaspace   ] GC(259) Metaspace: 6297K(6464K)->6297K(6464K) NonClass: 5764K(5824K)->5764K(5824K) Class: 533K(640K)->533K(640K)
[43.016s][info][gc             ] GC(259) Pause Full (Ergonomics) 6189M->6059M(7100M) 2356.209ms
[43.016s][info][gc,cpu         ] GC(259) User=16.69s Sys=0.02s Real=2.36s
[43.136s][info][gc,start       ] GC(260) Pause Young (Allocation Failure)
[43.242s][info][gc,heap        ] GC(260) PSYoungGen: 120320K(347648K)->120640K(335360K) Eden: 120320K(120320K)->0K(130048K) From: 0K(227328K)->120640K(205312K)
[43.242s][info][gc,heap        ] GC(260) ParOldGen: 6204484K(6923264K)->6204484K(6923264K)
[43.242s][info][gc,metaspace   ] GC(260) Metaspace: 6297K(6464K)->6297K(6464K) NonClass: 5764K(5824K)->5764K(5824K) Class: 533K(640K)->533K(640K)
[43.242s][info][gc             ] GC(260) Pause Young (Allocation Failure) 6176M->6176M(7088M) 106.354ms
[43.242s][info][gc,cpu         ] GC(260) User=0.44s Sys=0.00s Real=0.11s
[43.374s][info][gc,start       ] GC(261) Pause Young (Allocation Failure)
[43.513s][info][gc,heap        ] GC(261) PSYoungGen: 250688K(335360K)->217088K(347136K) Eden: 130048K(130048K)->0K(130048K) From: 120640K(205312K)->217088K(217088K)
[43.513s][info][gc,heap        ] GC(261) ParOldGen: 6204484K(6923264K)->6238516K(6923264K)
[43.513s][info][gc,metaspace   ] GC(261) Metaspace: 6297K(6464K)->6297K(6464K) NonClass: 5764K(5824K)->5764K(5824K) Class: 533K(640K)->533K(640K)
[43.513s][info][gc             ] GC(261) Pause Young (Allocation Failure) 6303M->6304M(7100M) 138.492ms
[43.513s][info][gc,cpu         ] GC(261) User=0.50s Sys=0.00s Real=0.14s
[43.650s][info][gc,start       ] GC(262) Pause Young (Allocation Failure)
[43.831s][info][gc,heap        ] GC(262) PSYoungGen: 347136K(347136K)->238880K(370688K) Eden: 130048K(130048K)->0K(114688K) From: 217088K(217088K)->238880K(256000K)
[43.831s][info][gc,heap        ] GC(262) ParOldGen: 6238516K(6923264K)->6347932K(6923264K)
[43.831s][info][gc,metaspace   ] GC(262) Metaspace: 6297K(6464K)->6297K(6464K) NonClass: 5764K(5824K)->5764K(5824K) Class: 533K(640K)->533K(640K)
[43.831s][info][gc             ] GC(262) Pause Young (Allocation Failure) 6431M->6432M(7123M) 181.040ms
[43.831s][info][gc,cpu         ] GC(262) User=1.27s Sys=0.11s Real=0.18s
[43.957s][info][gc,start       ] GC(263) Pause Young (Allocation Failure)
[44.130s][info][gc,heap        ] GC(263) PSYoungGen: 353568K(370688K)->282624K(397312K) Eden: 114688K(114688K)->0K(114688K) From: 238880K(256000K)->282624K(282624K)
[44.130s][info][gc,heap        ] GC(263) ParOldGen: 6347932K(6923264K)->6419492K(6923264K)
[44.130s][info][gc,metaspace   ] GC(263) Metaspace: 6297K(6464K)->6297K(6464K) NonClass: 5764K(5824K)->5764K(5824K) Class: 533K(640K)->533K(640K)
[44.130s][info][gc             ] GC(263) Pause Young (Allocation Failure) 6544M->6545M(7149M) 172.744ms
[44.130s][info][gc,cpu         ] GC(263) User=0.98s Sys=0.02s Real=0.17s
[44.252s][info][gc,start       ] GC(264) Pause Young (Allocation Failure)
[44.454s][info][gc,heap        ] GC(264) PSYoungGen: 397312K(397312K)->202240K(464896K) Eden: 114688K(114688K)->0K(126464K) From: 282624K(282624K)->202240K(338432K)
[44.454s][info][gc,heap        ] GC(264) ParOldGen: 6419492K(6923264K)->6616356K(6923264K)
[44.454s][info][gc,metaspace   ] GC(264) Metaspace: 6297K(6464K)->6297K(6464K) NonClass: 5764K(5824K)->5764K(5824K) Class: 533K(640K)->533K(640K)
[44.454s][info][gc             ] GC(264) Pause Young (Allocation Failure) 6657M->6658M(7215M) 201.748ms
[44.454s][info][gc,cpu         ] GC(264) User=1.23s Sys=0.16s Real=0.20s
[44.593s][info][gc,start       ] GC(265) Pause Young (Allocation Failure)
[44.764s][info][gc,heap        ] GC(265) PSYoungGen: 328704K(464896K)->241760K(468992K) Eden: 126464K(126464K)->0K(126464K) From: 202240K(338432K)->241760K(342528K)
[44.764s][info][gc,heap        ] GC(265) ParOldGen: 6616356K(6923264K)->6704212K(6923264K)
[44.764s][info][gc,metaspace   ] GC(265) Metaspace: 6297K(6464K)->6297K(6464K) NonClass: 5764K(5824K)->5764K(5824K) Class: 533K(640K)->533K(640K)
[44.764s][info][gc             ] GC(265) Pause Young (Allocation Failure) 6782M->6783M(7219M) 171.438ms
[44.764s][info][gc,cpu         ] GC(265) User=1.02s Sys=0.05s Real=0.17s
[44.890s][info][gc,start       ] GC(266) Pause Young (Allocation Failure)
[45.084s][info][gc,heap        ] GC(266) PSYoungGen: 368224K(468992K)->253536K(481280K) Eden: 126464K(126464K)->0K(129024K) From: 241760K(342528K)->253536K(352256K)
[45.084s][info][gc,heap        ] GC(266) ParOldGen: 6704212K(6923264K)->6819956K(6923264K)
[45.084s][info][gc,metaspace   ] GC(266) Metaspace: 6297K(6464K)->6297K(6464K) NonClass: 5764K(5824K)->5764K(5824K) Class: 533K(640K)->533K(640K)
[45.084s][info][gc             ] GC(266) Pause Young (Allocation Failure) 6906M->6907M(7231M) 193.821ms
[45.084s][info][gc,cpu         ] GC(266) User=1.14s Sys=0.08s Real=0.19s
[45.084s][info][gc,start       ] GC(267) Pause Full (Ergonomics)
[45.084s][info][gc,phases,start] GC(267) Marking Phase
[46.695s][info][gc,phases      ] GC(267) Marking Phase 1611.186ms
[46.695s][info][gc,phases,start] GC(267) Summary Phase
[46.695s][info][gc,phases      ] GC(267) Summary Phase 0.078ms
[46.695s][info][gc,phases,start] GC(267) Adjust Roots
[46.696s][info][gc,phases      ] GC(267) Adjust Roots 0.171ms
[46.696s][info][gc,phases,start] GC(267) Compaction Phase
[47.333s][info][gc,phases      ] GC(267) Compaction Phase 637.505ms
[47.333s][info][gc,phases,start] GC(267) Post Compact
[47.347s][info][gc,phases      ] GC(267) Post Compact 13.558ms
[47.349s][info][gc,heap        ] GC(267) PSYoungGen: 253536K(481280K)->144001K(481280K) Eden: 0K(129024K)->0K(129024K) From: 253536K(352256K)->144001K(352256K)
[47.349s][info][gc,heap        ] GC(267) ParOldGen: 6819956K(6923264K)->6922986K(7719936K)
[47.349s][info][gc,metaspace   ] GC(267) Metaspace: 6297K(6464K)->6297K(6464K) NonClass: 5764K(5824K)->5764K(5824K) Class: 533K(640K)->533K(640K)
[47.349s][info][gc             ] GC(267) Pause Full (Ergonomics) 6907M->6901M(8009M) 2265.305ms
[47.349s][info][gc,cpu         ] GC(267) User=16.81s Sys=0.05s Real=2.26s
[47.481s][info][gc,start       ] GC(268) Pause Young (Allocation Failure)
[47.901s][info][gc,heap        ] GC(268) PSYoungGen: 273025K(481280K)->209440K(492544K) Eden: 129024K(129024K)->0K(129024K) From: 144001K(352256K)->209440K(363520K)
[47.901s][info][gc,heap        ] GC(268) ParOldGen: 6922986K(7719936K)->6987794K(7719936K)
[47.901s][info][gc,metaspace   ] GC(268) Metaspace: 6297K(6464K)->6297K(6464K) NonClass: 5764K(5824K)->5764K(5824K) Class: 533K(640K)->533K(640K)
[47.901s][info][gc             ] GC(268) Pause Young (Allocation Failure) 7027M->7028M(8020M) 419.691ms
[47.901s][info][gc,cpu         ] GC(268) User=2.94s Sys=0.09s Real=0.42s
[48.024s][info][gc,start       ] GC(269) Pause Young (Allocation Failure)
[48.203s][info][gc,heap        ] GC(269) PSYoungGen: 338464K(492544K)->338720K(456704K) Eden: 129024K(129024K)->0K(101376K) From: 209440K(363520K)->338720K(355328K)
[48.203s][info][gc,heap        ] GC(269) ParOldGen: 6987794K(7719936K)->6987794K(7719936K)
[48.203s][info][gc,metaspace   ] GC(269) Metaspace: 6297K(6464K)->6297K(6464K) NonClass: 5764K(5824K)->5764K(5824K) Class: 533K(640K)->533K(640K)
[48.203s][info][gc             ] GC(269) Pause Young (Allocation Failure) 7154M->7154M(7985M) 179.625ms
[48.203s][info][gc,cpu         ] GC(269) User=1.23s Sys=0.08s Real=0.18s
[48.320s][info][gc,start       ] GC(270) Pause Young (Allocation Failure)
[48.550s][info][gc,heap        ] GC(270) PSYoungGen: 440096K(456704K)->394752K(496128K) Eden: 101376K(101376K)->0K(101376K) From: 338720K(355328K)->394752K(394752K)
[48.550s][info][gc,heap        ] GC(270) ParOldGen: 6987794K(7719936K)->7033554K(7719936K)
[48.550s][info][gc,metaspace   ] GC(270) Metaspace: 6297K(6464K)->6297K(6464K) NonClass: 5764K(5824K)->5764K(5824K) Class: 533K(640K)->533K(640K)
[48.550s][info][gc             ] GC(270) Pause Young (Allocation Failure) 7253M->7254M(8023M) 229.749ms
[48.550s][info][gc,cpu         ] GC(270) User=1.77s Sys=0.02s Real=0.23s
[48.652s][info][gc,start       ] GC(271) Pause Young (Allocation Failure)
[48.919s][info][gc,heap        ] GC(271) PSYoungGen: 496128K(496128K)->318720K(565760K) Eden: 101376K(101376K)->0K(101888K) From: 394752K(394752K)->318720K(463872K)
[48.919s][info][gc,heap        ] GC(271) ParOldGen: 7033554K(7719936K)->7212538K(7719936K)
[48.919s][info][gc,metaspace   ] GC(271) Metaspace: 6297K(6464K)->6297K(6464K) NonClass: 5764K(5824K)->5764K(5824K) Class: 533K(640K)->533K(640K)
[48.919s][info][gc             ] GC(271) Pause Young (Allocation Failure) 7353M->7354M(8091M) 266.995ms
[48.919s][info][gc,cpu         ] GC(271) User=1.91s Sys=0.11s Real=0.27s
[49.023s][info][gc,start       ] GC(272) Pause Young (Allocation Failure)
[49.249s][info][gc,heap        ] GC(272) PSYoungGen: 420608K(565760K)->300736K(576512K) Eden: 101888K(101888K)->0K(101888K) From: 318720K(463872K)->300736K(474624K)
[49.249s][info][gc,heap        ] GC(272) ParOldGen: 7212538K(7719936K)->7333474K(7719936K)
[49.249s][info][gc,metaspace   ] GC(272) Metaspace: 6297K(6464K)->6297K(6464K) NonClass: 5764K(5824K)->5764K(5824K) Class: 533K(640K)->533K(640K)
[49.249s][info][gc             ] GC(272) Pause Young (Allocation Failure) 7454M->7455M(8102M) 226.267ms
[49.249s][info][gc,cpu         ] GC(272) User=1.58s Sys=0.03s Real=0.23s
[49.356s][info][gc,start       ] GC(273) Pause Young (Allocation Failure)
[49.578s][info][gc,heap        ] GC(273) PSYoungGen: 402624K(576512K)->204320K(556032K) Eden: 101888K(101888K)->0K(114688K) From: 300736K(474624K)->204320K(441344K)
[49.578s][info][gc,heap        ] GC(273) ParOldGen: 7333474K(7719936K)->7533402K(7719936K)
[49.578s][info][gc,metaspace   ] GC(273) Metaspace: 6297K(6464K)->6297K(6464K) NonClass: 5764K(5824K)->5764K(5824K) Class: 533K(640K)->533K(640K)
[49.578s][info][gc             ] GC(273) Pause Young (Allocation Failure) 7554M->7556M(8082M) 221.958ms
[49.578s][info][gc,cpu         ] GC(273) User=1.55s Sys=0.08s Real=0.22s
[49.578s][info][gc,start       ] GC(274) Pause Full (Ergonomics)
[49.578s][info][gc,phases,start] GC(274) Marking Phase
[51.441s][info][gc,phases      ] GC(274) Marking Phase 1863.505ms
[51.441s][info][gc,phases,start] GC(274) Summary Phase
[51.442s][info][gc,phases      ] GC(274) Summary Phase 0.084ms
[51.442s][info][gc,phases,start] GC(274) Adjust Roots
[51.442s][info][gc,phases      ] GC(274) Adjust Roots 0.184ms
[51.442s][info][gc,phases,start] GC(274) Compaction Phase
[52.152s][info][gc,phases      ] GC(274) Compaction Phase 710.442ms
[52.152s][info][gc,phases,start] GC(274) Post Compact
[52.164s][info][gc,phases      ] GC(274) Post Compact 11.945ms
[52.167s][info][gc,heap        ] GC(274) PSYoungGen: 204320K(556032K)->11620K(570368K) Eden: 0K(114688K)->0K(129024K) From: 204320K(441344K)->11620K(441344K)
[52.167s][info][gc,heap        ] GC(274) ParOldGen: 7533402K(7719936K)->7719763K(8620544K)
[52.167s][info][gc,metaspace   ] GC(274) Metaspace: 6297K(6464K)->6297K(6464K) NonClass: 5764K(5824K)->5764K(5824K) Class: 533K(640K)->533K(640K)
[52.167s][info][gc             ] GC(274) Pause Full (Ergonomics) 7556M->7550M(8975M) 2589.270ms
[52.167s][info][gc,cpu         ] GC(274) User=18.70s Sys=0.11s Real=2.59s
[52.310s][info][gc,start       ] GC(275) Pause Young (Allocation Failure)
[52.714s][info][gc,heap        ] GC(275) PSYoungGen: 140644K(570368K)->129376K(587264K) Eden: 129024K(129024K)->0K(129024K) From: 11620K(441344K)->129376K(458240K)
[52.714s][info][gc,heap        ] GC(275) ParOldGen: 7719763K(8620544K)->7731547K(8620544K)
[52.714s][info][gc,metaspace   ] GC(275) Metaspace: 6297K(6464K)->6297K(6464K) NonClass: 5764K(5824K)->5764K(5824K) Class: 533K(640K)->533K(640K)
[52.714s][info][gc             ] GC(275) Pause Young (Allocation Failure) 7676M->7676M(8992M) 404.072ms
[52.714s][info][gc,cpu         ] GC(275) User=2.69s Sys=0.00s Real=0.40s
[52.847s][info][gc,start       ] GC(276) Pause Young (Allocation Failure)
[53.002s][info][gc,heap        ] GC(276) PSYoungGen: 258400K(587264K)->129408K(584704K) Eden: 129024K(129024K)->0K(142336K) From: 129376K(458240K)->129408K(442368K)
[53.002s][info][gc,heap        ] GC(276) ParOldGen: 7731547K(8620544K)->7861739K(8620544K)
[53.002s][info][gc,metaspace   ] GC(276) Metaspace: 6297K(6464K)->6297K(6464K) NonClass: 5764K(5824K)->5764K(5824K) Class: 533K(640K)->533K(640K)
[53.002s][info][gc             ] GC(276) Pause Young (Allocation Failure) 7802M->7803M(8989M) 155.208ms
[53.002s][info][gc,cpu         ] GC(276) User=0.86s Sys=0.03s Real=0.16s
[53.153s][info][gc,start       ] GC(277) Pause Young (Allocation Failure)
[53.313s][info][gc,heap        ] GC(277) PSYoungGen: 271744K(584704K)->142752K(590848K) Eden: 142336K(142336K)->0K(142336K) From: 129408K(442368K)->142752K(448512K)
[53.313s][info][gc,heap        ] GC(277) ParOldGen: 7861739K(8620544K)->7991923K(8620544K)
[53.313s][info][gc,metaspace   ] GC(277) Metaspace: 6297K(6464K)->6297K(6464K) NonClass: 5764K(5824K)->5764K(5824K) Class: 533K(640K)->533K(640K)
[53.313s][info][gc             ] GC(277) Pause Young (Allocation Failure) 7942M->7944M(8995M) 159.766ms
[53.313s][info][gc,cpu         ] GC(277) User=0.89s Sys=0.03s Real=0.16s
[53.467s][info][gc,start       ] GC(278) Pause Young (Allocation Failure)
[53.628s][info][gc,heap        ] GC(278) PSYoungGen: 285088K(590848K)->142752K(572416K) Eden: 142336K(142336K)->0K(157184K) From: 142752K(448512K)->142752K(415232K)
[53.629s][info][gc,heap        ] GC(278) ParOldGen: 7991923K(8620544K)->8135539K(8620544K)
[53.629s][info][gc,metaspace   ] GC(278) Metaspace: 6297K(6464K)->6297K(6464K) NonClass: 5764K(5824K)->5764K(5824K) Class: 533K(640K)->533K(640K)
[53.629s][info][gc             ] GC(278) Pause Young (Allocation Failure) 8083M->8084M(8977M) 161.832ms
[53.629s][info][gc,cpu         ] GC(278) User=1.06s Sys=0.06s Real=0.16s
[53.786s][info][gc,start       ] GC(279) Pause Young (Allocation Failure)
[53.958s][info][gc,heap        ] GC(279) PSYoungGen: 299936K(572416K)->157600K(583680K) Eden: 157184K(157184K)->0K(157184K) From: 142752K(415232K)->157600K(426496K)
[53.958s][info][gc,heap        ] GC(279) ParOldGen: 8135539K(8620544K)->8279155K(8620544K)
[53.958s][info][gc,metaspace   ] GC(279) Metaspace: 6297K(6464K)->6297K(6464K) NonClass: 5764K(5824K)->5764K(5824K) Class: 533K(640K)->533K(640K)
[53.958s][info][gc             ] GC(279) Pause Young (Allocation Failure) 8237M->8239M(8988M) 172.429ms
[53.958s][info][gc,cpu         ] GC(279) User=1.17s Sys=0.09s Real=0.17s
[54.127s][info][gc,start       ] GC(280) Pause Young (Allocation Failure)
[54.306s][info][gc,heap        ] GC(280) PSYoungGen: 314784K(583680K)->157632K(556544K) Eden: 157184K(157184K)->0K(173568K) From: 157600K(426496K)->157632K(382976K)
[54.306s][info][gc,heap        ] GC(280) ParOldGen: 8279155K(8620544K)->8437771K(8620544K)
[54.306s][info][gc,metaspace   ] GC(280) Metaspace: 6297K(6464K)->6297K(6464K) NonClass: 5764K(5824K)->5764K(5824K) Class: 533K(640K)->533K(640K)
[54.306s][info][gc             ] GC(280) Pause Young (Allocation Failure) 8392M->8393M(8962M) 179.757ms
[54.306s][info][gc,cpu         ] GC(280) User=1.02s Sys=0.12s Real=0.18s
[54.306s][info][gc,start       ] GC(281) Pause Full (Ergonomics)
[54.306s][info][gc,phases,start] GC(281) Marking Phase
[56.354s][info][gc,phases      ] GC(281) Marking Phase 2047.965ms
[56.354s][info][gc,phases,start] GC(281) Summary Phase
[56.355s][info][gc,phases      ] GC(281) Summary Phase 0.134ms
[56.355s][info][gc,phases,start] GC(281) Adjust Roots
[56.355s][info][gc,phases      ] GC(281) Adjust Roots 0.254ms
[56.355s][info][gc,phases,start] GC(281) Compaction Phase
[57.075s][info][gc,phases      ] GC(281) Compaction Phase 719.949ms
[57.075s][info][gc,phases,start] GC(281) Post Compact
[57.090s][info][gc,phases      ] GC(281) Post Compact 14.744ms
[57.093s][info][gc,heap        ] GC(281) PSYoungGen: 157632K(556544K)->0K(570880K) Eden: 0K(173568K)->0K(173568K) From: 157632K(382976K)->0K(397312K)
[57.093s][info][gc,heap        ] GC(281) ParOldGen: 8437771K(8620544K)->8588297K(9573376K)
[57.093s][info][gc,metaspace   ] GC(281) Metaspace: 6297K(6464K)->6297K(6464K) NonClass: 5764K(5824K)->5764K(5824K) Class: 533K(640K)->533K(640K)
[57.093s][info][gc             ] GC(281) Pause Full (Ergonomics) 8393M->8387M(9906M) 2786.725ms
[57.093s][info][gc,cpu         ] GC(281) User=20.50s Sys=0.20s Real=2.79s
[57.271s][info][gc,start       ] GC(282) Pause Young (Allocation Failure)
[57.395s][info][gc,heap        ] GC(282) PSYoungGen: 173568K(570880K)->174048K(548864K) Eden: 173568K(173568K)->0K(188416K) From: 0K(397312K)->174048K(360448K)
[57.395s][info][gc,heap        ] GC(282) ParOldGen: 8588297K(9573376K)->8588297K(9573376K)
[57.395s][info][gc,metaspace   ] GC(282) Metaspace: 6297K(6464K)->6297K(6464K) NonClass: 5764K(5824K)->5764K(5824K) Class: 533K(640K)->533K(640K)
[57.395s][info][gc             ] GC(282) Pause Young (Allocation Failure) 8556M->8556M(9885M) 123.954ms
[57.395s][info][gc,cpu         ] GC(282) User=0.50s Sys=0.00s Real=0.12s
[57.597s][info][gc,start       ] GC(283) Pause Young (Allocation Failure)
[57.793s][info][gc,heap        ] GC(283) PSYoungGen: 362464K(548864K)->362848K(568832K) Eden: 188416K(188416K)->0K(188416K) From: 174048K(360448K)->362848K(380416K)
[57.793s][info][gc,heap        ] GC(283) ParOldGen: 8588297K(9573376K)->8588297K(9573376K)
[57.793s][info][gc,metaspace   ] GC(283) Metaspace: 6297K(6464K)->6297K(6464K) NonClass: 5764K(5824K)->5764K(5824K) Class: 533K(640K)->533K(640K)
[57.793s][info][gc             ] GC(283) Pause Young (Allocation Failure) 8740M->8741M(9904M) 196.681ms
[57.794s][info][gc,cpu         ] GC(283) User=1.30s Sys=0.00s Real=0.20s
[57.995s][info][gc,start       ] GC(284) Pause Young (Allocation Failure)
[58.318s][info][gc,heap        ] GC(284) PSYoungGen: 551264K(568832K)->424960K(524800K) Eden: 188416K(188416K)->0K(99840K) From: 362848K(380416K)->424960K(424960K)
[58.318s][info][gc,heap        ] GC(284) ParOldGen: 8588297K(9573376K)->8715769K(9573376K)
[58.318s][info][gc,metaspace   ] GC(284) Metaspace: 6297K(6464K)->6297K(6464K) NonClass: 5764K(5824K)->5764K(5824K) Class: 533K(640K)->533K(640K)
[58.318s][info][gc             ] GC(284) Pause Young (Allocation Failure) 8925M->8926M(9861M) 322.960ms
[58.318s][info][gc,cpu         ] GC(284) User=2.05s Sys=0.20s Real=0.32s
[58.443s][info][gc,start       ] GC(285) Pause Young (Allocation Failure)
[58.737s][info][gc,heap        ] GC(285) PSYoungGen: 524800K(524800K)->252320K(352256K) Eden: 99840K(99840K)->0K(99840K) From: 424960K(424960K)->252320K(252416K)
[58.737s][info][gc,heap        ] GC(285) ParOldGen: 8715769K(9573376K)->8990561K(9573376K)
[58.737s][info][gc,metaspace   ] GC(285) Metaspace: 6297K(6464K)->6297K(6464K) NonClass: 5764K(5824K)->5764K(5824K) Class: 533K(640K)->533K(640K)
[58.737s][info][gc             ] GC(285) Pause Young (Allocation Failure) 9023M->9026M(9693M) 293.468ms
[58.737s][info][gc,cpu         ] GC(285) User=1.95s Sys=0.27s Real=0.29s
[58.843s][info][gc,start       ] GC(286) Pause Young (Allocation Failure)
[59.033s][info][gc,heap        ] GC(286) PSYoungGen: 352160K(352256K)->200224K(579584K) Eden: 99840K(99840K)->0K(111104K) From: 252320K(252416K)->200224K(468480K)
[59.033s][info][gc,heap        ] GC(286) ParOldGen: 8990561K(9573376K)->9143817K(9573376K)
[59.033s][info][gc,metaspace   ] GC(286) Metaspace: 6297K(6464K)->6297K(6464K) NonClass: 5764K(5824K)->5764K(5824K) Class: 533K(640K)->533K(640K)
[59.033s][info][gc             ] GC(286) Pause Young (Allocation Failure) 9123M->9125M(9915M) 190.898ms
[59.034s][info][gc,cpu         ] GC(286) User=1.30s Sys=0.03s Real=0.19s
[59.160s][info][gc,start       ] GC(287) Pause Young (Allocation Failure)
[59.341s][info][gc,heap        ] GC(287) PSYoungGen: 311328K(579584K)->211456K(322560K) Eden: 111104K(111104K)->0K(111104K) From: 200224K(468480K)->211456K(211456K)
[59.341s][info][gc,heap        ] GC(287) ParOldGen: 9143817K(9573376K)->9244577K(9573376K)
[59.341s][info][gc,metaspace   ] GC(287) Metaspace: 6297K(6464K)->6297K(6464K) NonClass: 5764K(5824K)->5764K(5824K) Class: 533K(640K)->533K(640K)
[59.341s][info][gc             ] GC(287) Pause Young (Allocation Failure) 9233M->9234M(9664M) 180.501ms
[59.341s][info][gc,cpu         ] GC(287) User=0.94s Sys=0.02s Real=0.18s
[59.459s][info][gc,start       ] GC(288) Pause Young (Allocation Failure)
[59.641s][info][gc,heap        ] GC(288) PSYoungGen: 322560K(322560K)->222752K(550400K) Eden: 111104K(111104K)->0K(124416K) From: 211456K(211456K)->222752K(425984K)
[59.641s][info][gc,heap        ] GC(288) ParOldGen: 9244577K(9573376K)->9345353K(9573376K)
[59.641s][info][gc,metaspace   ] GC(288) Metaspace: 6297K(6464K)->6297K(6464K) NonClass: 5764K(5824K)->5764K(5824K) Class: 533K(640K)->533K(640K)
[59.641s][info][gc             ] GC(288) Pause Young (Allocation Failure) 9342M->9343M(9886M) 181.807ms
[59.641s][info][gc,cpu         ] GC(288) User=1.22s Sys=0.05s Real=0.18s
[59.641s][info][gc,start       ] GC(289) Pause Full (Ergonomics)
[59.641s][info][gc,phases,start] GC(289) Marking Phase
[61.960s][info][gc,phases      ] GC(289) Marking Phase 2319.255ms
[61.960s][info][gc,phases,start] GC(289) Summary Phase
[61.960s][info][gc,phases      ] GC(289) Summary Phase 0.150ms
[61.960s][info][gc,phases,start] GC(289) Adjust Roots
[61.960s][info][gc,phases      ] GC(289) Adjust Roots 0.219ms
[61.961s][info][gc,phases,start] GC(289) Compaction Phase
[62.822s][info][gc,phases      ] GC(289) Compaction Phase 861.562ms
[62.822s][info][gc,phases,start] GC(289) Post Compact
[62.837s][info][gc,phases      ] GC(289) Post Compact 15.046ms
[62.841s][info][gc,heap        ] GC(289) PSYoungGen: 222752K(550400K)->0K(570368K) Eden: 0K(124416K)->0K(124416K) From: 222752K(425984K)->0K(445952K)
[62.841s][info][gc,heap        ] GC(289) ParOldGen: 9345353K(9573376K)->9560372K(10630656K)
[62.841s][info][gc,metaspace   ] GC(289) Metaspace: 6297K(6464K)->6297K(6464K) NonClass: 5764K(5824K)->5764K(5824K) Class: 533K(640K)->533K(640K)
[62.841s][info][gc             ] GC(289) Pause Full (Ergonomics) 9343M->9336M(10938M) 3199.839ms
[62.841s][info][gc,cpu         ] GC(289) User=22.95s Sys=0.16s Real=3.20s
[62.980s][info][gc,start       ] GC(290) Pause Young (Allocation Failure)
[63.104s][info][gc,heap        ] GC(290) PSYoungGen: 124416K(570368K)->124768K(573952K) Eden: 124416K(124416K)->0K(135680K) From: 0K(445952K)->124768K(438272K)
[63.105s][info][gc,heap        ] GC(290) ParOldGen: 9560372K(10630656K)->9560372K(10630656K)
[63.105s][info][gc,metaspace   ] GC(290) Metaspace: 6297K(6464K)->6297K(6464K) NonClass: 5764K(5824K)->5764K(5824K) Class: 533K(640K)->533K(640K)
[63.105s][info][gc             ] GC(290) Pause Young (Allocation Failure) 9457M->9458M(10942M) 124.486ms
[63.105s][info][gc,cpu         ] GC(290) User=0.45s Sys=0.00s Real=0.12s
[63.253s][info][gc,start       ] GC(291) Pause Young (Allocation Failure)
[63.416s][info][gc,heap        ] GC(291) PSYoungGen: 260448K(573952K)->260736K(579584K) Eden: 135680K(135680K)->0K(135680K) From: 124768K(438272K)->260736K(443904K)
[63.416s][info][gc,heap        ] GC(291) ParOldGen: 9560372K(10630656K)->9560372K(10630656K)
[63.416s][info][gc,metaspace   ] GC(291) Metaspace: 6297K(6464K)->6297K(6464K) NonClass: 5764K(5824K)->5764K(5824K) Class: 533K(640K)->533K(640K)
[63.416s][info][gc             ] GC(291) Pause Young (Allocation Failure) 9590M->9590M(10947M) 162.331ms
[63.416s][info][gc,cpu         ] GC(291) User=0.72s Sys=0.00s Real=0.16s
[63.569s][info][gc,start       ] GC(292) Pause Young (Allocation Failure)
[63.777s][info][gc,heap        ] GC(292) PSYoungGen: 396416K(579584K)->396608K(541696K) Eden: 135680K(135680K)->0K(106496K) From: 260736K(443904K)->396608K(435200K)
[63.777s][info][gc,heap        ] GC(292) ParOldGen: 9560372K(10630656K)->9560372K(10630656K)
[63.777s][info][gc,metaspace   ] GC(292) Metaspace: 6297K(6464K)->6297K(6464K) NonClass: 5764K(5824K)->5764K(5824K) Class: 533K(640K)->533K(640K)
[63.777s][info][gc             ] GC(292) Pause Young (Allocation Failure) 9723M->9723M(10910M) 208.262ms
[63.777s][info][gc,cpu         ] GC(292) User=1.52s Sys=0.00s Real=0.21s
[63.893s][info][gc,start       ] GC(293) Pause Young (Allocation Failure)
[64.183s][info][gc,heap        ] GC(293) PSYoungGen: 503104K(541696K)->477184K(583680K) Eden: 106496K(106496K)->0K(106496K) From: 396608K(435200K)->477184K(477184K)
[64.183s][info][gc,heap        ] GC(293) ParOldGen: 9560372K(10630656K)->9586636K(10630656K)
[64.183s][info][gc,metaspace   ] GC(293) Metaspace: 6297K(6464K)->6297K(6464K) NonClass: 5764K(5824K)->5764K(5824K) Class: 533K(640K)->533K(640K)
[64.183s][info][gc             ] GC(293) Pause Young (Allocation Failure) 9827M->9827M(10951M) 289.725ms
[64.183s][info][gc,cpu         ] GC(293) User=1.81s Sys=0.00s Real=0.29s
[64.305s][info][gc,start       ] GC(294) Pause Young (Allocation Failure)
[64.644s][info][gc,heap        ] GC(294) PSYoungGen: 583680K(583680K)->466656K(623104K) Eden: 106496K(106496K)->0K(73728K) From: 477184K(477184K)->466656K(549376K)
[64.645s][info][gc,heap        ] GC(294) ParOldGen: 9586636K(10630656K)->9704788K(10630656K)
[64.645s][info][gc,metaspace   ] GC(294) Metaspace: 6297K(6464K)->6297K(6464K) NonClass: 5764K(5824K)->5764K(5824K) Class: 533K(640K)->533K(640K)
[64.645s][info][gc             ] GC(294) Pause Young (Allocation Failure) 9931M->9933M(10990M) 339.114ms
[64.645s][info][gc,cpu         ] GC(294) User=2.36s Sys=0.23s Real=0.34s
[64.722s][info][gc,start       ] GC(295) Pause Young (Allocation Failure)
[65.021s][info][gc,heap        ] GC(295) PSYoungGen: 540384K(623104K)->410496K(667648K) Eden: 73728K(73728K)->0K(73728K) From: 466656K(549376K)->410496K(593920K)
[65.021s][info][gc,heap        ] GC(295) ParOldGen: 9704788K(10630656K)->9835780K(10630656K)
[65.021s][info][gc,metaspace   ] GC(295) Metaspace: 6297K(6464K)->6297K(6464K) NonClass: 5764K(5824K)->5764K(5824K) Class: 533K(640K)->533K(640K)
[65.021s][info][gc             ] GC(295) Pause Young (Allocation Failure) 10005M->10006M(11033M) 298.694ms
[65.021s][info][gc,cpu         ] GC(295) User=1.92s Sys=0.14s Real=0.30s
[65.101s][info][gc,start       ] GC(296) Pause Young (Allocation Failure)
[65.370s][info][gc,heap        ] GC(296) PSYoungGen: 484224K(667648K)->254528K(647680K) Eden: 73728K(73728K)->0K(83968K) From: 410496K(593920K)->254528K(563712K)
[65.370s][info][gc,heap        ] GC(296) ParOldGen: 9835780K(10630656K)->10067196K(10630656K)
[65.370s][info][gc,metaspace   ] GC(296) Metaspace: 6297K(6464K)->6297K(6464K) NonClass: 5764K(5824K)->5764K(5824K) Class: 533K(640K)->533K(640K)
[65.370s][info][gc             ] GC(296) Pause Young (Allocation Failure) 10078M->10079M(11014M) 269.835ms
[65.371s][info][gc,cpu         ] GC(296) User=1.73s Sys=0.05s Real=0.27s
[65.470s][info][gc,start       ] GC(297) Pause Young (Allocation Failure)
[65.663s][info][gc,heap        ] GC(297) PSYoungGen: 338496K(647680K)->158144K(669696K) Eden: 83968K(83968K)->0K(83968K) From: 254528K(563712K)->158144K(585728K)
[65.663s][info][gc,heap        ] GC(297) ParOldGen: 10067196K(10630656K)->10249028K(10630656K)
[65.663s][info][gc,metaspace   ] GC(297) Metaspace: 6297K(6464K)->6297K(6464K) NonClass: 5764K(5824K)->5764K(5824K) Class: 533K(640K)->533K(640K)
[65.663s][info][gc             ] GC(297) Pause Young (Allocation Failure) 10161M->10163M(11035M) 192.887ms
[65.663s][info][gc,cpu         ] GC(297) User=1.34s Sys=0.03s Real=0.19s
[65.750s][info][gc,start       ] GC(298) Pause Young (Allocation Failure)
[65.904s][info][gc,heap        ] GC(298) PSYoungGen: 242112K(669696K)->84256K(672256K) Eden: 83968K(83968K)->0K(91648K) From: 158144K(585728K)->84256K(580608K)
[65.904s][info][gc,heap        ] GC(298) ParOldGen: 10249028K(10630656K)->10408100K(10630656K)
[65.904s][info][gc,metaspace   ] GC(298) Metaspace: 6297K(6464K)->6297K(6464K) NonClass: 5764K(5824K)->5764K(5824K) Class: 533K(640K)->533K(640K)
[65.904s][info][gc             ] GC(298) Pause Young (Allocation Failure) 10245M->10246M(11038M) 153.964ms
[65.904s][info][gc,cpu         ] GC(298) User=0.92s Sys=0.09s Real=0.15s
[65.904s][info][gc,start       ] GC(299) Pause Full (Ergonomics)
[65.904s][info][gc,phases,start] GC(299) Marking Phase
[68.517s][info][gc,phases      ] GC(299) Marking Phase 2613.503ms
[68.517s][info][gc,phases,start] GC(299) Summary Phase
[68.518s][info][gc,phases      ] GC(299) Summary Phase 0.239ms
[68.518s][info][gc,phases,start] GC(299) Adjust Roots
[68.518s][info][gc,phases      ] GC(299) Adjust Roots 0.249ms
[68.518s][info][gc,phases,start] GC(299) Compaction Phase
[69.473s][info][gc,phases      ] GC(299) Compaction Phase 954.950ms
[69.473s][info][gc,phases,start] GC(299) Post Compact
[69.489s][info][gc,phases      ] GC(299) Post Compact 15.599ms
[69.490s][info][gc,heap        ] GC(299) PSYoungGen: 84256K(672256K)->0K(676352K) Eden: 0K(91648K)->0K(91648K) From: 84256K(580608K)->0K(584704K)
[69.490s][info][gc,heap        ] GC(299) ParOldGen: 10408100K(10630656K)->10484251K(11059200K)
[69.490s][info][gc,metaspace   ] GC(299) Metaspace: 6297K(6464K)->6297K(6464K) NonClass: 5764K(5824K)->5764K(5824K) Class: 533K(640K)->533K(640K)
[69.490s][info][gc             ] GC(299) Pause Full (Ergonomics) 10246M->10238M(11460M) 3586.343ms
[69.490s][info][gc,cpu         ] GC(299) User=24.28s Sys=0.14s Real=3.59s
[69.598s][info][gc,start       ] GC(300) Pause Young (Allocation Failure)
[69.697s][info][gc,heap        ] GC(300) PSYoungGen: 91648K(676352K)->91936K(678400K) Eden: 91648K(91648K)->0K(101376K) From: 0K(584704K)->91936K(577024K)
[69.697s][info][gc,heap        ] GC(300) ParOldGen: 10484251K(11059200K)->10484251K(11059200K)
[69.697s][info][gc,metaspace   ] GC(300) Metaspace: 6297K(6464K)->6297K(6464K) NonClass: 5764K(5824K)->5764K(5824K) Class: 533K(640K)->533K(640K)
[69.697s][info][gc             ] GC(300) Pause Young (Allocation Failure) 10328M->10328M(11462M) 98.991ms
[69.697s][info][gc,cpu         ] GC(300) User=0.34s Sys=0.00s Real=0.10s
[69.806s][info][gc,start       ] GC(301) Pause Young (Allocation Failure)
[69.934s][info][gc,heap        ] GC(301) PSYoungGen: 193312K(678400K)->101632K(683520K) Eden: 101376K(101376K)->0K(101376K) From: 91936K(577024K)->101632K(582144K)
[69.934s][info][gc,heap        ] GC(301) ParOldGen: 10484251K(11059200K)->10576715K(11059200K)
[69.934s][info][gc,metaspace   ] GC(301) Metaspace: 6297K(6464K)->6297K(6464K) NonClass: 5764K(5824K)->5764K(5824K) Class: 533K(640K)->533K(640K)
[69.934s][info][gc             ] GC(301) Pause Young (Allocation Failure) 10427M->10428M(11467M) 128.070ms
[69.934s][info][gc,cpu         ] GC(301) User=0.61s Sys=0.05s Real=0.13s
[70.050s][info][gc,start       ] GC(302) Pause Young (Allocation Failure)
[70.209s][info][gc,heap        ] GC(302) PSYoungGen: 203008K(683520K)->101696K(662016K) Eden: 101376K(101376K)->0K(112640K) From: 101632K(582144K)->101696K(549376K)
[70.209s][info][gc,heap        ] GC(302) ParOldGen: 10576715K(11059200K)->10679003K(11059200K)
[70.209s][info][gc,metaspace   ] GC(302) Metaspace: 6297K(6464K)->6297K(6464K) NonClass: 5764K(5824K)->5764K(5824K) Class: 533K(640K)->533K(640K)
[70.209s][info][gc             ] GC(302) Pause Young (Allocation Failure) 10527M->10528M(11446M) 159.071ms
[70.209s][info][gc,cpu         ] GC(302) User=0.58s Sys=0.03s Real=0.16s
[70.342s][info][gc,start       ] GC(303) Pause Young (Allocation Failure)
[70.696s][info][gc,heap        ] GC(303) PSYoungGen: 214336K(662016K)->112960K(225792K) Eden: 112640K(112640K)->0K(112640K) From: 101696K(549376K)->112960K(113152K)
[70.696s][info][gc,heap        ] GC(303) ParOldGen: 10679003K(11059200K)->10781283K(11059200K)
[70.696s][info][gc,metaspace   ] GC(303) Metaspace: 6297K(6464K)->6297K(6464K) NonClass: 5764K(5824K)->5764K(5824K) Class: 533K(640K)->533K(640K)
[70.696s][info][gc             ] GC(303) Pause Young (Allocation Failure) 10638M->10638M(11020M) 353.641ms
[70.696s][info][gc,cpu         ] GC(303) User=0.75s Sys=0.19s Real=0.35s
[70.829s][info][gc,start       ] GC(304) Pause Young (Allocation Failure)
[71.297s][info][gc,heap        ] GC(304) PSYoungGen: 225600K(225792K)->112992K(638464K) Eden: 112640K(112640K)->0K(126976K) From: 112960K(113152K)->112992K(511488K)
[71.297s][info][gc,heap        ] GC(304) ParOldGen: 10781283K(11059200K)->10894939K(11059200K)
[71.298s][info][gc,metaspace   ] GC(304) Metaspace: 6297K(6464K)->6297K(6464K) NonClass: 5764K(5824K)->5764K(5824K) Class: 533K(640K)->533K(640K)
[71.298s][info][gc             ] GC(304) Pause Young (Allocation Failure) 10748M->10749M(11423M) 468.242ms
[71.298s][info][gc,cpu         ] GC(304) User=0.67s Sys=0.52s Real=0.47s
[71.298s][info][gc,start       ] GC(305) Pause Full (Ergonomics)
[71.298s][info][gc,phases,start] GC(305) Marking Phase
[74.103s][info][gc,phases      ] GC(305) Marking Phase 2805.792ms
[74.104s][info][gc,phases,start] GC(305) Summary Phase
[74.104s][info][gc,phases      ] GC(305) Summary Phase 0.172ms
[74.104s][info][gc,phases,start] GC(305) Adjust Roots
[74.104s][info][gc,phases      ] GC(305) Adjust Roots 0.194ms
[74.104s][info][gc,phases,start] GC(305) Compaction Phase
[74.938s][info][gc,phases      ] GC(305) Compaction Phase 834.067ms
[74.938s][info][gc,phases,start] GC(305) Post Compact
[74.955s][info][gc,phases      ] GC(305) Post Compact 16.865ms
[74.955s][info][gc,heap        ] GC(305) PSYoungGen: 112992K(638464K)->0K(654848K) Eden: 0K(126976K)->0K(126976K) From: 112992K(511488K)->0K(527872K)
[74.955s][info][gc,heap        ] GC(305) ParOldGen: 10894939K(11059200K)->11003766K(11059200K)
[74.955s][info][gc,metaspace   ] GC(305) Metaspace: 6297K(6464K)->6297K(6464K) NonClass: 5764K(5824K)->5764K(5824K) Class: 533K(640K)->533K(640K)
[74.955s][info][gc             ] GC(305) Pause Full (Ergonomics) 10749M->10745M(11439M) 3657.506ms
[74.955s][info][gc,cpu         ] GC(305) User=26.12s Sys=0.42s Real=3.66s
[75.120s][info][gc,start       ] GC(306) Pause Full (Ergonomics)
[75.120s][info][gc,phases,start] GC(306) Marking Phase
[77.771s][info][gc,phases      ] GC(306) Marking Phase 2651.280ms
[77.771s][info][gc,phases,start] GC(306) Summary Phase
[77.771s][info][gc,phases      ] GC(306) Summary Phase 0.152ms
[77.771s][info][gc,phases,start] GC(306) Adjust Roots
[77.772s][info][gc,phases      ] GC(306) Adjust Roots 0.314ms
[77.772s][info][gc,phases,start] GC(306) Compaction Phase
[78.411s][info][gc,phases      ] GC(306) Compaction Phase 639.135ms
[78.411s][info][gc,phases,start] GC(306) Post Compact
[78.427s][info][gc,phases      ] GC(306) Post Compact 16.210ms
[78.427s][info][gc,heap        ] GC(306) PSYoungGen: 126976K(654848K)->71662K(654848K) Eden: 126976K(126976K)->71662K(126976K) From: 0K(527872K)->0K(527872K)
[78.427s][info][gc,heap        ] GC(306) ParOldGen: 11003766K(11059200K)->11059050K(11059200K)
[78.427s][info][gc,metaspace   ] GC(306) Metaspace: 6297K(6464K)->6297K(6464K) NonClass: 5764K(5824K)->5764K(5824K) Class: 533K(640K)->533K(640K)
[78.427s][info][gc             ] GC(306) Pause Full (Ergonomics) 10869M->10869M(11439M) 3307.542ms
[78.427s][info][gc,cpu         ] GC(306) User=25.80s Sys=0.00s Real=3.31s
[78.488s][info][gc,start       ] GC(307) Pause Full (Ergonomics)
[78.489s][info][gc,phases,start] GC(307) Marking Phase
[80.972s][info][gc,phases      ] GC(307) Marking Phase 2483.342ms
[80.972s][info][gc,phases,start] GC(307) Summary Phase
[80.972s][info][gc,phases      ] GC(307) Summary Phase 0.101ms
[80.972s][info][gc,phases,start] GC(307) Adjust Roots
[80.972s][info][gc,phases      ] GC(307) Adjust Roots 0.157ms
[80.972s][info][gc,phases,start] GC(307) Compaction Phase
[81.610s][info][gc,phases      ] GC(307) Compaction Phase 637.690ms
[81.610s][info][gc,phases,start] GC(307) Post Compact
[81.624s][info][gc,phases      ] GC(307) Post Compact 14.395ms
[81.624s][info][gc,heap        ] GC(307) PSYoungGen: 126976K(654848K)->126963K(654848K) Eden: 126976K(126976K)->126963K(126976K) From: 0K(527872K)->0K(527872K)
[81.625s][info][gc,heap        ] GC(307) ParOldGen: 11059050K(11059200K)->11059050K(11059200K)
[81.625s][info][gc,metaspace   ] GC(307) Metaspace: 6297K(6464K)->6297K(6464K) NonClass: 5764K(5824K)->5764K(5824K) Class: 533K(640K)->533K(640K)
[81.625s][info][gc             ] GC(307) Pause Full (Ergonomics) 10923M->10923M(11439M) 3136.049ms
[81.625s][info][gc,cpu         ] GC(307) User=24.27s Sys=0.00s Real=3.13s
[81.625s][info][gc,start       ] GC(308) Pause Full (Ergonomics)
[81.625s][info][gc,phases,start] GC(308) Marking Phase
[84.161s][info][gc,phases      ] GC(308) Marking Phase 2536.321ms
[84.161s][info][gc,phases,start] GC(308) Summary Phase
[84.161s][info][gc,phases      ] GC(308) Summary Phase 0.116ms
[84.161s][info][gc,phases,start] GC(308) Adjust Roots
[84.161s][info][gc,phases      ] GC(308) Adjust Roots 0.186ms
[84.162s][info][gc,phases,start] GC(308) Compaction Phase
[84.789s][info][gc,phases      ] GC(308) Compaction Phase 627.697ms
[84.789s][info][gc,phases,start] GC(308) Post Compact
[84.803s][info][gc,phases      ] GC(308) Post Compact 14.210ms
[84.804s][info][gc,heap        ] GC(308) PSYoungGen: 126976K(654848K)->126975K(654848K) Eden: 126976K(126976K)->126975K(126976K) From: 0K(527872K)->0K(527872K)
[84.804s][info][gc,heap        ] GC(308) ParOldGen: 11059050K(11059200K)->11059050K(11059200K)
[84.804s][info][gc,metaspace   ] GC(308) Metaspace: 6297K(6464K)->6297K(6464K) NonClass: 5764K(5824K)->5764K(5824K) Class: 533K(640K)->533K(640K)
[84.804s][info][gc             ] GC(308) Pause Full (Ergonomics) 10923M->10923M(11439M) 3178.885ms
[84.804s][info][gc,cpu         ] GC(308) User=24.80s Sys=0.00s Real=3.18s
[84.804s][info][gc,start       ] GC(309) Pause Full (Ergonomics)
[84.804s][info][gc,phases,start] GC(309) Marking Phase
[87.260s][info][gc,phases      ] GC(309) Marking Phase 2455.803ms
[87.260s][info][gc,phases,start] GC(309) Summary Phase
[87.260s][info][gc,phases      ] GC(309) Summary Phase 0.109ms
[87.260s][info][gc,phases,start] GC(309) Adjust Roots
[87.260s][info][gc,phases      ] GC(309) Adjust Roots 0.171ms
[87.260s][info][gc,phases,start] GC(309) Compaction Phase
[87.891s][info][gc,phases      ] GC(309) Compaction Phase 631.463ms
[87.892s][info][gc,phases,start] GC(309) Post Compact
[87.905s][info][gc,phases      ] GC(309) Post Compact 13.259ms
[87.905s][info][gc,heap        ] GC(309) PSYoungGen: 126975K(654848K)->126975K(654848K) Eden: 126975K(126976K)->126975K(126976K) From: 0K(527872K)->0K(527872K)
[87.905s][info][gc,heap        ] GC(309) ParOldGen: 11059050K(11059200K)->11059050K(11059200K)
[87.905s][info][gc,metaspace   ] GC(309) Metaspace: 6297K(6464K)->6297K(6464K) NonClass: 5764K(5824K)->5764K(5824K) Class: 533K(640K)->533K(640K)
[87.905s][info][gc             ] GC(309) Pause Full (Ergonomics) 10923M->10923M(11439M) 3101.130ms
[87.905s][info][gc,cpu         ] GC(309) User=24.25s Sys=0.00s Real=3.10s
[87.905s][info][gc,start       ] GC(310) Pause Full (Ergonomics)
[87.905s][info][gc,phases,start] GC(310) Marking Phase
[90.392s][info][gc,phases      ] GC(310) Marking Phase 2486.811ms
[90.392s][info][gc,phases,start] GC(310) Summary Phase
[90.392s][info][gc,phases      ] GC(310) Summary Phase 0.102ms
[90.392s][info][gc,phases,start] GC(310) Adjust Roots
[90.392s][info][gc,phases      ] GC(310) Adjust Roots 0.182ms
[90.392s][info][gc,phases,start] GC(310) Compaction Phase
[91.046s][info][gc,phases      ] GC(310) Compaction Phase 653.393ms
[91.046s][info][gc,phases,start] GC(310) Post Compact
[91.060s][info][gc,phases      ] GC(310) Post Compact 13.729ms
[91.060s][info][gc,heap        ] GC(310) PSYoungGen: 126975K(654848K)->126975K(654848K) Eden: 126975K(126976K)->126975K(126976K) From: 0K(527872K)->0K(527872K)
[91.060s][info][gc,heap        ] GC(310) ParOldGen: 11059055K(11059200K)->11059055K(11059200K)
[91.060s][info][gc,metaspace   ] GC(310) Metaspace: 6297K(6464K)->6297K(6464K) NonClass: 5764K(5824K)->5764K(5824K) Class: 533K(640K)->533K(640K)
[91.060s][info][gc             ] GC(310) Pause Full (Ergonomics) 10923M->10923M(11439M) 3154.551ms
[91.060s][info][gc,cpu         ] GC(310) User=24.41s Sys=0.03s Real=3.15s
[91.060s][info][gc,start       ] GC(311) Pause Full (Ergonomics)
[91.060s][info][gc,phases,start] GC(311) Marking Phase
[93.553s][info][gc,phases      ] GC(311) Marking Phase 2492.838ms
[93.553s][info][gc,phases,start] GC(311) Summary Phase
[93.553s][info][gc,phases      ] GC(311) Summary Phase 0.144ms
[93.553s][info][gc,phases,start] GC(311) Adjust Roots
[93.553s][info][gc,phases      ] GC(311) Adjust Roots 0.217ms
[93.553s][info][gc,phases,start] GC(311) Compaction Phase
[94.189s][info][gc,phases      ] GC(311) Compaction Phase 635.832ms
[94.189s][info][gc,phases,start] GC(311) Post Compact
[94.203s][info][gc,phases      ] GC(311) Post Compact 13.595ms
[94.203s][info][gc,heap        ] GC(311) PSYoungGen: 126975K(654848K)->126975K(654848K) Eden: 126975K(126976K)->126975K(126976K) From: 0K(527872K)->0K(527872K)
[94.203s][info][gc,heap        ] GC(311) ParOldGen: 11059060K(11059200K)->11059060K(11059200K)
[94.203s][info][gc,metaspace   ] GC(311) Metaspace: 6297K(6464K)->6297K(6464K) NonClass: 5764K(5824K)->5764K(5824K) Class: 533K(640K)->533K(640K)
[94.203s][info][gc             ] GC(311) Pause Full (Ergonomics) 10923M->10923M(11439M) 3142.963ms
[94.203s][info][gc,cpu         ] GC(311) User=24.42s Sys=0.03s Real=3.14s
[94.203s][info][gc,start       ] GC(312) Pause Full (Ergonomics)
[94.203s][info][gc,phases,start] GC(312) Marking Phase
[96.727s][info][gc,phases      ] GC(312) Marking Phase 2523.860ms
[96.727s][info][gc,phases,start] GC(312) Summary Phase
[96.727s][info][gc,phases      ] GC(312) Summary Phase 0.101ms
[96.727s][info][gc,phases,start] GC(312) Adjust Roots
[96.727s][info][gc,phases      ] GC(312) Adjust Roots 0.161ms
[96.727s][info][gc,phases,start] GC(312) Compaction Phase
[97.378s][info][gc,phases      ] GC(312) Compaction Phase 650.223ms
[97.378s][info][gc,phases,start] GC(312) Post Compact
[97.391s][info][gc,phases      ] GC(312) Post Compact 13.643ms
[97.391s][info][gc,heap        ] GC(312) PSYoungGen: 126975K(654848K)->126975K(654848K) Eden: 126975K(126976K)->126975K(126976K) From: 0K(527872K)->0K(527872K)
[97.391s][info][gc,heap        ] GC(312) ParOldGen: 11059065K(11059200K)->11059065K(11059200K)
[97.391s][info][gc,metaspace   ] GC(312) Metaspace: 6297K(6464K)->6297K(6464K) NonClass: 5764K(5824K)->5764K(5824K) Class: 533K(640K)->533K(640K)
[97.391s][info][gc             ] GC(312) Pause Full (Ergonomics) 10923M->10923M(11439M) 3188.325ms
[97.391s][info][gc,cpu         ] GC(312) User=24.86s Sys=0.00s Real=3.19s
[97.392s][info][gc,start       ] GC(313) Pause Full (Ergonomics)
[97.392s][info][gc,phases,start] GC(313) Marking Phase
[99.917s][info][gc,phases      ] GC(313) Marking Phase 2525.697ms
[99.917s][info][gc,phases,start] GC(313) Summary Phase
[99.917s][info][gc,phases      ] GC(313) Summary Phase 0.104ms
[99.917s][info][gc,phases,start] GC(313) Adjust Roots
[99.918s][info][gc,phases      ] GC(313) Adjust Roots 0.171ms
[99.918s][info][gc,phases,start] GC(313) Compaction Phase
[100.572s][info][gc,phases      ] GC(313) Compaction Phase 654.724ms
[100.572s][info][gc,phases,start] GC(313) Post Compact
[100.587s][info][gc,phases      ] GC(313) Post Compact 14.434ms
[100.587s][info][gc,heap        ] GC(313) PSYoungGen: 126975K(654848K)->126975K(654848K) Eden: 126975K(126976K)->126975K(126976K) From: 0K(527872K)->0K(527872K)
[100.587s][info][gc,heap        ] GC(313) ParOldGen: 11059070K(11059200K)->11059070K(11059200K)
[100.587s][info][gc,metaspace   ] GC(313) Metaspace: 6297K(6464K)->6297K(6464K) NonClass: 5764K(5824K)->5764K(5824K) Class: 533K(640K)->533K(640K)
[100.587s][info][gc             ] GC(313) Pause Full (Ergonomics) 10923M->10923M(11439M) 3195.463ms
[100.587s][info][gc,cpu         ] GC(313) User=24.78s Sys=0.00s Real=3.20s
[100.587s][info][gc,start       ] GC(314) Pause Full (Ergonomics)
[100.587s][info][gc,phases,start] GC(314) Marking Phase
[103.049s][info][gc,phases      ] GC(314) Marking Phase 2462.209ms
[103.050s][info][gc,phases,start] GC(314) Summary Phase
[103.050s][info][gc,phases      ] GC(314) Summary Phase 0.108ms
[103.050s][info][gc,phases,start] GC(314) Adjust Roots
[103.050s][info][gc,phases      ] GC(314) Adjust Roots 0.214ms
[103.050s][info][gc,phases,start] GC(314) Compaction Phase
[103.713s][info][gc,phases      ] GC(314) Compaction Phase 663.492ms
[103.713s][info][gc,phases,start] GC(314) Post Compact
[103.728s][info][gc,phases      ] GC(314) Post Compact 14.568ms
[103.728s][info][gc,heap        ] GC(314) PSYoungGen: 126975K(654848K)->126975K(654848K) Eden: 126975K(126976K)->126975K(126976K) From: 0K(527872K)->0K(527872K)
[103.728s][info][gc,heap        ] GC(314) ParOldGen: 11059074K(11059200K)->11059074K(11059200K)
[103.728s][info][gc,metaspace   ] GC(314) Metaspace: 6297K(6464K)->6297K(6464K) NonClass: 5764K(5824K)->5764K(5824K) Class: 533K(640K)->533K(640K)
[103.728s][info][gc             ] GC(314) Pause Full (Ergonomics) 10923M->10923M(11439M) 3140.936ms
[103.728s][info][gc,cpu         ] GC(314) User=24.47s Sys=0.00s Real=3.14s
[103.728s][info][gc,start       ] GC(315) Pause Full (Ergonomics)
[103.728s][info][gc,phases,start] GC(315) Marking Phase
[106.259s][info][gc,phases      ] GC(315) Marking Phase 2530.758ms
[106.259s][info][gc,phases,start] GC(315) Summary Phase
[106.259s][info][gc,phases      ] GC(315) Summary Phase 0.117ms
[106.259s][info][gc,phases,start] GC(315) Adjust Roots
[106.260s][info][gc,phases      ] GC(315) Adjust Roots 0.161ms
[106.260s][info][gc,phases,start] GC(315) Compaction Phase
[106.942s][info][gc,phases      ] GC(315) Compaction Phase 682.432ms
[106.942s][info][gc,phases,start] GC(315) Post Compact
[106.956s][info][gc,phases      ] GC(315) Post Compact 14.083ms
[106.956s][info][gc,heap        ] GC(315) PSYoungGen: 126975K(654848K)->126975K(654848K) Eden: 126975K(126976K)->126975K(126976K) From: 0K(527872K)->0K(527872K)
[106.956s][info][gc,heap        ] GC(315) ParOldGen: 11059079K(11059200K)->11059079K(11059200K)
[106.956s][info][gc,metaspace   ] GC(315) Metaspace: 6297K(6464K)->6297K(6464K) NonClass: 5764K(5824K)->5764K(5824K) Class: 533K(640K)->533K(640K)
[106.956s][info][gc             ] GC(315) Pause Full (Ergonomics) 10923M->10923M(11439M) 3227.874ms
[106.956s][info][gc,cpu         ] GC(315) User=24.94s Sys=0.00s Real=3.23s
[106.956s][info][gc,start       ] GC(316) Pause Full (Ergonomics)
[106.956s][info][gc,phases,start] GC(316) Marking Phase
[109.446s][info][gc,phases      ] GC(316) Marking Phase 2489.675ms
[109.446s][info][gc,phases,start] GC(316) Summary Phase
[109.446s][info][gc,phases      ] GC(316) Summary Phase 0.131ms
[109.446s][info][gc,phases,start] GC(316) Adjust Roots
[109.447s][info][gc,phases      ] GC(316) Adjust Roots 0.237ms
[109.447s][info][gc,phases,start] GC(316) Compaction Phase
[110.147s][info][gc,phases      ] GC(316) Compaction Phase 700.777ms
[110.147s][info][gc,phases,start] GC(316) Post Compact
[110.163s][info][gc,phases      ] GC(316) Post Compact 15.604ms
[110.163s][info][gc,heap        ] GC(316) PSYoungGen: 126975K(654848K)->126975K(654848K) Eden: 126975K(126976K)->126975K(126976K) From: 0K(527872K)->0K(527872K)
[110.163s][info][gc,heap        ] GC(316) ParOldGen: 11059084K(11059200K)->11059084K(11059200K)
[110.163s][info][gc,metaspace   ] GC(316) Metaspace: 6297K(6464K)->6297K(6464K) NonClass: 5764K(5824K)->5764K(5824K) Class: 533K(640K)->533K(640K)
[110.163s][info][gc             ] GC(316) Pause Full (Ergonomics) 10923M->10923M(11439M) 3206.771ms
[110.163s][info][gc,cpu         ] GC(316) User=24.70s Sys=0.02s Real=3.21s
[110.163s][info][gc,start       ] GC(317) Pause Full (Ergonomics)
[110.163s][info][gc,phases,start] GC(317) Marking Phase
[112.700s][info][gc,phases      ] GC(317) Marking Phase 2536.179ms
[112.700s][info][gc,phases,start] GC(317) Summary Phase
[112.700s][info][gc,phases      ] GC(317) Summary Phase 0.101ms
[112.700s][info][gc,phases,start] GC(317) Adjust Roots
[112.700s][info][gc,phases      ] GC(317) Adjust Roots 0.161ms
[112.700s][info][gc,phases,start] GC(317) Compaction Phase
[113.410s][info][gc,phases      ] GC(317) Compaction Phase 710.320ms
[113.410s][info][gc,phases,start] GC(317) Post Compact
[113.425s][info][gc,phases      ] GC(317) Post Compact 14.455ms
[113.425s][info][gc,heap        ] GC(317) PSYoungGen: 126975K(654848K)->126975K(654848K) Eden: 126975K(126976K)->126975K(126976K) From: 0K(527872K)->0K(527872K)
[113.425s][info][gc,heap        ] GC(317) ParOldGen: 11059089K(11059200K)->11059089K(11059200K)
[113.425s][info][gc,metaspace   ] GC(317) Metaspace: 6297K(6464K)->6297K(6464K) NonClass: 5764K(5824K)->5764K(5824K) Class: 533K(640K)->533K(640K)
[113.425s][info][gc             ] GC(317) Pause Full (Ergonomics) 10923M->10923M(11439M) 3261.572ms
[113.425s][info][gc,cpu         ] GC(317) User=25.34s Sys=0.00s Real=3.26s
[113.425s][info][gc,start       ] GC(318) Pause Full (Ergonomics)
[113.425s][info][gc,phases,start] GC(318) Marking Phase
[115.933s][info][gc,phases      ] GC(318) Marking Phase 2507.841ms
[115.933s][info][gc,phases,start] GC(318) Summary Phase
[115.933s][info][gc,phases      ] GC(318) Summary Phase 0.101ms
[115.933s][info][gc,phases,start] GC(318) Adjust Roots
[115.933s][info][gc,phases      ] GC(318) Adjust Roots 0.185ms
[115.933s][info][gc,phases,start] GC(318) Compaction Phase
[116.625s][info][gc,phases      ] GC(318) Compaction Phase 691.949ms
[116.626s][info][gc,phases,start] GC(318) Post Compact
[116.639s][info][gc,phases      ] GC(318) Post Compact 13.502ms
[116.639s][info][gc,heap        ] GC(318) PSYoungGen: 126975K(654848K)->126975K(654848K) Eden: 126975K(126976K)->126975K(126976K) From: 0K(527872K)->0K(527872K)
[116.639s][info][gc,heap        ] GC(318) ParOldGen: 11059094K(11059200K)->11059094K(11059200K)
[116.639s][info][gc,metaspace   ] GC(318) Metaspace: 6297K(6464K)->6297K(6464K) NonClass: 5764K(5824K)->5764K(5824K) Class: 533K(640K)->533K(640K)
[116.639s][info][gc             ] GC(318) Pause Full (Ergonomics) 10923M->10923M(11439M) 3213.922ms
[116.639s][info][gc,cpu         ] GC(318) User=25.06s Sys=0.00s Real=3.21s
[116.639s][info][gc,start       ] GC(319) Pause Full (Ergonomics)
[116.639s][info][gc,phases,start] GC(319) Marking Phase
[119.163s][info][gc,phases      ] GC(319) Marking Phase 2523.914ms
[119.163s][info][gc,phases,start] GC(319) Summary Phase
[119.163s][info][gc,phases      ] GC(319) Summary Phase 0.101ms
[119.163s][info][gc,phases,start] GC(319) Adjust Roots
[119.164s][info][gc,phases      ] GC(319) Adjust Roots 0.163ms
[119.164s][info][gc,phases,start] GC(319) Compaction Phase
[119.869s][info][gc,phases      ] GC(319) Compaction Phase 705.496ms
[119.869s][info][gc,phases,start] GC(319) Post Compact
[119.883s][info][gc,phases      ] GC(319) Post Compact 13.584ms
[119.883s][info][gc,heap        ] GC(319) PSYoungGen: 126975K(654848K)->126975K(654848K) Eden: 126975K(126976K)->126975K(126976K) From: 0K(527872K)->0K(527872K)
[119.883s][info][gc,heap        ] GC(319) ParOldGen: 11059099K(11059200K)->11059099K(11059200K)
[119.883s][info][gc,metaspace   ] GC(319) Metaspace: 6297K(6464K)->6297K(6464K) NonClass: 5764K(5824K)->5764K(5824K) Class: 533K(640K)->533K(640K)
[119.883s][info][gc             ] GC(319) Pause Full (Ergonomics) 10923M->10923M(11439M) 3243.564ms
[119.883s][info][gc,cpu         ] GC(319) User=25.28s Sys=0.02s Real=3.24s
[119.883s][info][gc,start       ] GC(320) Pause Full (Ergonomics)
[119.883s][info][gc,phases,start] GC(320) Marking Phase
[122.424s][info][gc,phases      ] GC(320) Marking Phase 2541.252ms
[122.424s][info][gc,phases,start] GC(320) Summary Phase
[122.425s][info][gc,phases      ] GC(320) Summary Phase 0.104ms
[122.425s][info][gc,phases,start] GC(320) Adjust Roots
[122.425s][info][gc,phases      ] GC(320) Adjust Roots 0.164ms
[122.425s][info][gc,phases,start] GC(320) Compaction Phase
[123.136s][info][gc,phases      ] GC(320) Compaction Phase 711.546ms
[123.136s][info][gc,phases,start] GC(320) Post Compact
[123.150s][info][gc,phases      ] GC(320) Post Compact 13.391ms
[123.150s][info][gc,heap        ] GC(320) PSYoungGen: 126975K(654848K)->126975K(654848K) Eden: 126975K(126976K)->126975K(126976K) From: 0K(527872K)->0K(527872K)
[123.150s][info][gc,heap        ] GC(320) ParOldGen: 11059103K(11059200K)->11059103K(11059200K)
[123.150s][info][gc,metaspace   ] GC(320) Metaspace: 6297K(6464K)->6297K(6464K) NonClass: 5764K(5824K)->5764K(5824K) Class: 533K(640K)->533K(640K)
[123.150s][info][gc             ] GC(320) Pause Full (Ergonomics) 10923M->10923M(11439M) 3266.793ms
[123.150s][info][gc,cpu         ] GC(320) User=25.42s Sys=0.02s Real=3.27s
[123.150s][info][gc,start       ] GC(321) Pause Full (Ergonomics)
[123.150s][info][gc,phases,start] GC(321) Marking Phase
[125.694s][info][gc,phases      ] GC(321) Marking Phase 2543.869ms
[125.694s][info][gc,phases,start] GC(321) Summary Phase
[125.694s][info][gc,phases      ] GC(321) Summary Phase 0.100ms
[125.694s][info][gc,phases,start] GC(321) Adjust Roots
[125.694s][info][gc,phases      ] GC(321) Adjust Roots 0.160ms
[125.694s][info][gc,phases,start] GC(321) Compaction Phase
[126.424s][info][gc,phases      ] GC(321) Compaction Phase 729.478ms
[126.424s][info][gc,phases,start] GC(321) Post Compact
[126.438s][info][gc,phases      ] GC(321) Post Compact 13.704ms
[126.438s][info][gc,heap        ] GC(321) PSYoungGen: 126975K(654848K)->126975K(654848K) Eden: 126975K(126976K)->126975K(126976K) From: 0K(527872K)->0K(527872K)
[126.438s][info][gc,heap        ] GC(321) ParOldGen: 11059108K(11059200K)->11059108K(11059200K)
[126.438s][info][gc,metaspace   ] GC(321) Metaspace: 6297K(6464K)->6297K(6464K) NonClass: 5764K(5824K)->5764K(5824K) Class: 533K(640K)->533K(640K)
[126.438s][info][gc             ] GC(321) Pause Full (Ergonomics) 10923M->10923M(11439M) 3287.643ms
[126.438s][info][gc,cpu         ] GC(321) User=25.58s Sys=0.00s Real=3.29s
[126.438s][info][gc,start       ] GC(322) Pause Full (Ergonomics)
[126.438s][info][gc,phases,start] GC(322) Marking Phase
[129.012s][info][gc,phases      ] GC(322) Marking Phase 2574.458ms
[129.012s][info][gc,phases,start] GC(322) Summary Phase
[129.013s][info][gc,phases      ] GC(322) Summary Phase 0.102ms
[129.013s][info][gc,phases,start] GC(322) Adjust Roots
[129.013s][info][gc,phases      ] GC(322) Adjust Roots 0.187ms
[129.013s][info][gc,phases,start] GC(322) Compaction Phase
[129.728s][info][gc,phases      ] GC(322) Compaction Phase 715.596ms
[129.728s][info][gc,phases,start] GC(322) Post Compact
[129.742s][info][gc,phases      ] GC(322) Post Compact 13.630ms
[129.742s][info][gc,heap        ] GC(322) PSYoungGen: 126975K(654848K)->126975K(654848K) Eden: 126975K(126976K)->126975K(126976K) From: 0K(527872K)->0K(527872K)
[129.742s][info][gc,heap        ] GC(322) ParOldGen: 11059113K(11059200K)->11059113K(11059200K)
[129.742s][info][gc,metaspace   ] GC(322) Metaspace: 6297K(6464K)->6297K(6464K) NonClass: 5764K(5824K)->5764K(5824K) Class: 533K(640K)->533K(640K)
[129.742s][info][gc             ] GC(322) Pause Full (Ergonomics) 10923M->10923M(11439M) 3304.306ms
[129.742s][info][gc,cpu         ] GC(322) User=25.77s Sys=0.00s Real=3.30s
[129.742s][info][gc,start       ] GC(323) Pause Full (Ergonomics)
[129.742s][info][gc,phases,start] GC(323) Marking Phase
[132.281s][info][gc,phases      ] GC(323) Marking Phase 2539.053ms
[132.282s][info][gc,phases,start] GC(323) Summary Phase
[132.282s][info][gc,phases      ] GC(323) Summary Phase 0.103ms
[132.282s][info][gc,phases,start] GC(323) Adjust Roots
[132.282s][info][gc,phases      ] GC(323) Adjust Roots 0.165ms
[132.282s][info][gc,phases,start] GC(323) Compaction Phase
[133.024s][info][gc,phases      ] GC(323) Compaction Phase 741.804ms
[133.024s][info][gc,phases,start] GC(323) Post Compact
[133.038s][info][gc,phases      ] GC(323) Post Compact 13.918ms
[133.038s][info][gc,heap        ] GC(323) PSYoungGen: 126975K(654848K)->126975K(654848K) Eden: 126975K(126976K)->126975K(126976K) From: 0K(527872K)->0K(527872K)
[133.038s][info][gc,heap        ] GC(323) ParOldGen: 11059118K(11059200K)->11059118K(11059200K)
[133.038s][info][gc,metaspace   ] GC(323) Metaspace: 6297K(6464K)->6297K(6464K) NonClass: 5764K(5824K)->5764K(5824K) Class: 533K(640K)->533K(640K)
[133.038s][info][gc             ] GC(323) Pause Full (Ergonomics) 10923M->10923M(11439M) 3295.362ms
[133.038s][info][gc,cpu         ] GC(323) User=25.67s Sys=0.00s Real=3.30s
[133.038s][info][gc,start       ] GC(324) Pause Full (Ergonomics)
[133.038s][info][gc,phases,start] GC(324) Marking Phase
[135.580s][info][gc,phases      ] GC(324) Marking Phase 2541.742ms
[135.580s][info][gc,phases,start] GC(324) Summary Phase
[135.580s][info][gc,phases      ] GC(324) Summary Phase 0.101ms
[135.580s][info][gc,phases,start] GC(324) Adjust Roots
[135.580s][info][gc,phases      ] GC(324) Adjust Roots 0.161ms
[135.580s][info][gc,phases,start] GC(324) Compaction Phase
[136.294s][info][gc,phases      ] GC(324) Compaction Phase 714.296ms
[136.294s][info][gc,phases,start] GC(324) Post Compact
[136.309s][info][gc,phases      ] GC(324) Post Compact 14.056ms
[136.309s][info][gc,heap        ] GC(324) PSYoungGen: 126975K(654848K)->126975K(654848K) Eden: 126975K(126976K)->126975K(126976K) From: 0K(527872K)->0K(527872K)
[136.309s][info][gc,heap        ] GC(324) ParOldGen: 11059123K(11059200K)->11059123K(11059200K)
[136.309s][info][gc,metaspace   ] GC(324) Metaspace: 6297K(6464K)->6297K(6464K) NonClass: 5764K(5824K)->5764K(5824K) Class: 533K(640K)->533K(640K)
[136.309s][info][gc             ] GC(324) Pause Full (Ergonomics) 10923M->10923M(11439M) 3270.740ms
[136.309s][info][gc,cpu         ] GC(324) User=25.45s Sys=0.02s Real=3.27s
[136.309s][info][gc,start       ] GC(325) Pause Full (Ergonomics)
[136.309s][info][gc,phases,start] GC(325) Marking Phase
[138.865s][info][gc,phases      ] GC(325) Marking Phase 2555.555ms
[138.865s][info][gc,phases,start] GC(325) Summary Phase
[138.865s][info][gc,phases      ] GC(325) Summary Phase 0.100ms
[138.865s][info][gc,phases,start] GC(325) Adjust Roots
[138.865s][info][gc,phases      ] GC(325) Adjust Roots 0.191ms
[138.865s][info][gc,phases,start] GC(325) Compaction Phase
[139.615s][info][gc,phases      ] GC(325) Compaction Phase 750.510ms
[139.616s][info][gc,phases,start] GC(325) Post Compact
[139.629s][info][gc,phases      ] GC(325) Post Compact 13.643ms
[139.629s][info][gc,heap        ] GC(325) PSYoungGen: 126975K(654848K)->126975K(654848K) Eden: 126975K(126976K)->126975K(126976K) From: 0K(527872K)->0K(527872K)
[139.629s][info][gc,heap        ] GC(325) ParOldGen: 11059128K(11059200K)->11059128K(11059200K)
[139.629s][info][gc,metaspace   ] GC(325) Metaspace: 6297K(6464K)->6297K(6464K) NonClass: 5764K(5824K)->5764K(5824K) Class: 533K(640K)->533K(640K)
[139.629s][info][gc             ] GC(325) Pause Full (Ergonomics) 10923M->10923M(11439M) 3320.336ms
[139.629s][info][gc,cpu         ] GC(325) User=25.72s Sys=0.02s Real=3.32s
[139.629s][info][gc,start       ] GC(326) Pause Full (Ergonomics)
[139.630s][info][gc,phases,start] GC(326) Marking Phase
[142.180s][info][gc,phases      ] GC(326) Marking Phase 2550.486ms
[142.180s][info][gc,phases,start] GC(326) Summary Phase
[142.180s][info][gc,phases      ] GC(326) Summary Phase 0.102ms
[142.180s][info][gc,phases,start] GC(326) Adjust Roots
[142.180s][info][gc,phases      ] GC(326) Adjust Roots 0.157ms
[142.180s][info][gc,phases,start] GC(326) Compaction Phase
[142.923s][info][gc,phases      ] GC(326) Compaction Phase 742.470ms
[142.923s][info][gc,phases,start] GC(326) Post Compact
[142.937s][info][gc,phases      ] GC(326) Post Compact 13.636ms
[142.937s][info][gc,heap        ] GC(326) PSYoungGen: 126975K(654848K)->126975K(654848K) Eden: 126975K(126976K)->126975K(126976K) From: 0K(527872K)->0K(527872K)
[142.937s][info][gc,heap        ] GC(326) ParOldGen: 11059132K(11059200K)->11059132K(11059200K)
[142.937s][info][gc,metaspace   ] GC(326) Metaspace: 6297K(6464K)->6297K(6464K) NonClass: 5764K(5824K)->5764K(5824K) Class: 533K(640K)->533K(640K)
[142.937s][info][gc             ] GC(326) Pause Full (Ergonomics) 10923M->10923M(11439M) 3307.191ms
[142.937s][info][gc,cpu         ] GC(326) User=25.72s Sys=0.00s Real=3.31s
[142.937s][info][gc,start       ] GC(327) Pause Full (Ergonomics)
[142.937s][info][gc,phases,start] GC(327) Marking Phase
[145.499s][info][gc,phases      ] GC(327) Marking Phase 2561.831ms
[145.499s][info][gc,phases,start] GC(327) Summary Phase
[145.499s][info][gc,phases      ] GC(327) Summary Phase 0.133ms
[145.499s][info][gc,phases,start] GC(327) Adjust Roots
[145.499s][info][gc,phases      ] GC(327) Adjust Roots 0.246ms
[145.499s][info][gc,phases,start] GC(327) Compaction Phase
[146.256s][info][gc,phases      ] GC(327) Compaction Phase 757.131ms
[146.256s][info][gc,phases,start] GC(327) Post Compact
[146.271s][info][gc,phases      ] GC(327) Post Compact 14.452ms
[146.271s][info][gc,heap        ] GC(327) PSYoungGen: 126975K(654848K)->126975K(654848K) Eden: 126975K(126976K)->126975K(126976K) From: 0K(527872K)->0K(527872K)
[146.271s][info][gc,heap        ] GC(327) ParOldGen: 11059137K(11059200K)->11059137K(11059200K)
[146.271s][info][gc,metaspace   ] GC(327) Metaspace: 6297K(6464K)->6297K(6464K) NonClass: 5764K(5824K)->5764K(5824K) Class: 533K(640K)->533K(640K)
[146.271s][info][gc             ] GC(327) Pause Full (Ergonomics) 10923M->10923M(11439M) 3334.172ms
[146.271s][info][gc,cpu         ] GC(327) User=25.89s Sys=0.00s Real=3.34s
[146.271s][info][gc,start       ] GC(328) Pause Full (Ergonomics)
[146.271s][info][gc,phases,start] GC(328) Marking Phase
[148.813s][info][gc,phases      ] GC(328) Marking Phase 2541.671ms
[148.813s][info][gc,phases,start] GC(328) Summary Phase
[148.813s][info][gc,phases      ] GC(328) Summary Phase 0.104ms
[148.813s][info][gc,phases,start] GC(328) Adjust Roots
[148.813s][info][gc,phases      ] GC(328) Adjust Roots 0.177ms
[148.813s][info][gc,phases,start] GC(328) Compaction Phase
[149.598s][info][gc,phases      ] GC(328) Compaction Phase 784.761ms
[149.598s][info][gc,phases,start] GC(328) Post Compact
[149.612s][info][gc,phases      ] GC(328) Post Compact 13.804ms
[149.612s][info][gc,heap        ] GC(328) PSYoungGen: 126975K(654848K)->126975K(654848K) Eden: 126975K(126976K)->126975K(126976K) From: 0K(527872K)->0K(527872K)
[149.612s][info][gc,heap        ] GC(328) ParOldGen: 11059142K(11059200K)->11059142K(11059200K)
[149.612s][info][gc,metaspace   ] GC(328) Metaspace: 6297K(6464K)->6297K(6464K) NonClass: 5764K(5824K)->5764K(5824K) Class: 533K(640K)->533K(640K)
[149.612s][info][gc             ] GC(328) Pause Full (Ergonomics) 10923M->10923M(11439M) 3340.850ms
[149.612s][info][gc,cpu         ] GC(328) User=25.86s Sys=0.00s Real=3.34s
[149.612s][info][gc,start       ] GC(329) Pause Full (Ergonomics)
[149.612s][info][gc,phases,start] GC(329) Marking Phase
[152.162s][info][gc,phases      ] GC(329) Marking Phase 2549.681ms
[152.162s][info][gc,phases,start] GC(329) Summary Phase
[152.162s][info][gc,phases      ] GC(329) Summary Phase 0.132ms
[152.162s][info][gc,phases,start] GC(329) Adjust Roots
[152.162s][info][gc,phases      ] GC(329) Adjust Roots 0.233ms
[152.163s][info][gc,phases,start] GC(329) Compaction Phase
[152.940s][info][gc,phases      ] GC(329) Compaction Phase 777.021ms
[152.940s][info][gc,phases,start] GC(329) Post Compact
[152.954s][info][gc,phases      ] GC(329) Post Compact 14.756ms
[152.954s][info][gc,heap        ] GC(329) PSYoungGen: 126975K(654848K)->126975K(654848K) Eden: 126975K(126976K)->126975K(126976K) From: 0K(527872K)->0K(527872K)
[152.954s][info][gc,heap        ] GC(329) ParOldGen: 11059147K(11059200K)->11059147K(11059200K)
[152.954s][info][gc,metaspace   ] GC(329) Metaspace: 6297K(6464K)->6297K(6464K) NonClass: 5764K(5824K)->5764K(5824K) Class: 533K(640K)->533K(640K)
[152.954s][info][gc             ] GC(329) Pause Full (Ergonomics) 10923M->10923M(11439M) 3342.186ms
[152.955s][info][gc,cpu         ] GC(329) User=25.80s Sys=0.03s Real=3.34s
[152.955s][info][gc,start       ] GC(330) Pause Full (Ergonomics)
[152.955s][info][gc,phases,start] GC(330) Marking Phase
[155.522s][info][gc,phases      ] GC(330) Marking Phase 2567.613ms
[155.522s][info][gc,phases,start] GC(330) Summary Phase
[155.523s][info][gc,phases      ] GC(330) Summary Phase 0.102ms
[155.523s][info][gc,phases,start] GC(330) Adjust Roots
[155.523s][info][gc,phases      ] GC(330) Adjust Roots 0.161ms
[155.523s][info][gc,phases,start] GC(330) Compaction Phase
[156.300s][info][gc,phases      ] GC(330) Compaction Phase 777.221ms
[156.300s][info][gc,phases,start] GC(330) Post Compact
[156.314s][info][gc,phases      ] GC(330) Post Compact 13.619ms
[156.314s][info][gc,heap        ] GC(330) PSYoungGen: 126975K(654848K)->126975K(654848K) Eden: 126975K(126976K)->126975K(126976K) From: 0K(527872K)->0K(527872K)
[156.314s][info][gc,heap        ] GC(330) ParOldGen: 11059152K(11059200K)->11059152K(11059200K)
[156.314s][info][gc,metaspace   ] GC(330) Metaspace: 6297K(6464K)->6297K(6464K) NonClass: 5764K(5824K)->5764K(5824K) Class: 533K(640K)->533K(640K)
[156.314s][info][gc             ] GC(330) Pause Full (Ergonomics) 10923M->10923M(11439M) 3359.059ms
[156.314s][info][gc,cpu         ] GC(330) User=26.25s Sys=0.02s Real=3.36s
[156.314s][info][gc,start       ] GC(331) Pause Full (Ergonomics)
[156.314s][info][gc,phases,start] GC(331) Marking Phase
[158.918s][info][gc,phases      ] GC(331) Marking Phase 2604.002ms
[158.918s][info][gc,phases,start] GC(331) Summary Phase
[158.918s][info][gc,phases      ] GC(331) Summary Phase 0.118ms
[158.918s][info][gc,phases,start] GC(331) Adjust Roots
[158.918s][info][gc,phases      ] GC(331) Adjust Roots 0.168ms
[158.918s][info][gc,phases,start] GC(331) Compaction Phase
[159.707s][info][gc,phases      ] GC(331) Compaction Phase 788.384ms
[159.707s][info][gc,phases,start] GC(331) Post Compact
[159.723s][info][gc,phases      ] GC(331) Post Compact 16.494ms
[159.723s][info][gc,heap        ] GC(331) PSYoungGen: 126975K(654848K)->126975K(654848K) Eden: 126975K(126976K)->126975K(126976K) From: 0K(527872K)->0K(527872K)
[159.723s][info][gc,heap        ] GC(331) ParOldGen: 11059157K(11059200K)->11059157K(11059200K)
[159.723s][info][gc,metaspace   ] GC(331) Metaspace: 6297K(6464K)->6297K(6464K) NonClass: 5764K(5824K)->5764K(5824K) Class: 533K(640K)->533K(640K)
[159.723s][info][gc             ] GC(331) Pause Full (Ergonomics) 10923M->10923M(11439M) 3409.534ms
[159.724s][info][gc,cpu         ] GC(331) User=26.47s Sys=0.00s Real=3.41s
[159.724s][info][gc,start       ] GC(332) Pause Full (Ergonomics)
[159.724s][info][gc,phases,start] GC(332) Marking Phase
[162.295s][info][gc,phases      ] GC(332) Marking Phase 2571.209ms
[162.295s][info][gc,phases,start] GC(332) Summary Phase
[162.295s][info][gc,phases      ] GC(332) Summary Phase 0.101ms
[162.295s][info][gc,phases,start] GC(332) Adjust Roots
[162.295s][info][gc,phases      ] GC(332) Adjust Roots 0.158ms
[162.295s][info][gc,phases,start] GC(332) Compaction Phase
[163.115s][info][gc,phases      ] GC(332) Compaction Phase 819.554ms
[163.115s][info][gc,phases,start] GC(332) Post Compact
[163.130s][info][gc,phases      ] GC(332) Post Compact 15.506ms
[163.131s][info][gc,heap        ] GC(332) PSYoungGen: 126975K(654848K)->126975K(654848K) Eden: 126975K(126976K)->126975K(126976K) From: 0K(527872K)->0K(527872K)
[163.131s][info][gc,heap        ] GC(332) ParOldGen: 11059161K(11059200K)->11059161K(11059200K)
[163.131s][info][gc,metaspace   ] GC(332) Metaspace: 6297K(6464K)->6297K(6464K) NonClass: 5764K(5824K)->5764K(5824K) Class: 533K(640K)->533K(640K)
[163.131s][info][gc             ] GC(332) Pause Full (Ergonomics) 10923M->10923M(11439M) 3406.862ms
[163.131s][info][gc,cpu         ] GC(332) User=26.33s Sys=0.00s Real=3.41s
[163.131s][info][gc,start       ] GC(333) Pause Full (Ergonomics)
[163.131s][info][gc,phases,start] GC(333) Marking Phase
[165.729s][info][gc,phases      ] GC(333) Marking Phase 2598.380ms
[165.729s][info][gc,phases,start] GC(333) Summary Phase
[165.729s][info][gc,phases      ] GC(333) Summary Phase 0.118ms
[165.729s][info][gc,phases,start] GC(333) Adjust Roots
[165.730s][info][gc,phases      ] GC(333) Adjust Roots 0.163ms
[165.730s][info][gc,phases,start] GC(333) Compaction Phase
[166.533s][info][gc,phases      ] GC(333) Compaction Phase 803.758ms
[166.533s][info][gc,phases,start] GC(333) Post Compact
[166.547s][info][gc,phases      ] GC(333) Post Compact 13.865ms
[166.547s][info][gc,heap        ] GC(333) PSYoungGen: 126975K(654848K)->126975K(654848K) Eden: 126975K(126976K)->126975K(126976K) From: 0K(527872K)->0K(527872K)
[166.547s][info][gc,heap        ] GC(333) ParOldGen: 11059166K(11059200K)->11059166K(11059200K)
[166.547s][info][gc,metaspace   ] GC(333) Metaspace: 6297K(6464K)->6297K(6464K) NonClass: 5764K(5824K)->5764K(5824K) Class: 533K(640K)->533K(640K)
[166.547s][info][gc             ] GC(333) Pause Full (Ergonomics) 10923M->10923M(11439M) 3416.617ms
[166.547s][info][gc,cpu         ] GC(333) User=26.56s Sys=0.00s Real=3.42s
[166.548s][info][gc,start       ] GC(334) Pause Full (Ergonomics)
[166.548s][info][gc,phases,start] GC(334) Marking Phase
[169.154s][info][gc,phases      ] GC(334) Marking Phase 2606.345ms
[169.154s][info][gc,phases,start] GC(334) Summary Phase
[169.154s][info][gc,phases      ] GC(334) Summary Phase 0.103ms
[169.154s][info][gc,phases,start] GC(334) Adjust Roots
[169.154s][info][gc,phases      ] GC(334) Adjust Roots 0.196ms
[169.154s][info][gc,phases,start] GC(334) Compaction Phase
[169.973s][info][gc,phases      ] GC(334) Compaction Phase 818.302ms
[169.973s][info][gc,phases,start] GC(334) Post Compact
[169.987s][info][gc,phases      ] GC(334) Post Compact 14.378ms
[169.987s][info][gc,heap        ] GC(334) PSYoungGen: 126975K(654848K)->126975K(654848K) Eden: 126975K(126976K)->126975K(126976K) From: 0K(527872K)->0K(527872K)
[169.987s][info][gc,heap        ] GC(334) ParOldGen: 11059171K(11059200K)->11059171K(11059200K)
[169.987s][info][gc,metaspace   ] GC(334) Metaspace: 6297K(6464K)->6297K(6464K) NonClass: 5764K(5824K)->5764K(5824K) Class: 533K(640K)->533K(640K)
[169.987s][info][gc             ] GC(334) Pause Full (Ergonomics) 10923M->10923M(11439M) 3439.802ms
[169.987s][info][gc,cpu         ] GC(334) User=26.53s Sys=0.00s Real=3.44s
[169.988s][info][gc,start       ] GC(335) Pause Full (Ergonomics)
[169.988s][info][gc,phases,start] GC(335) Marking Phase
[172.582s][info][gc,phases      ] GC(335) Marking Phase 2594.467ms
[172.582s][info][gc,phases,start] GC(335) Summary Phase
[172.582s][info][gc,phases      ] GC(335) Summary Phase 0.109ms
[172.582s][info][gc,phases,start] GC(335) Adjust Roots
[172.582s][info][gc,phases      ] GC(335) Adjust Roots 0.221ms
[172.582s][info][gc,phases,start] GC(335) Compaction Phase
[173.390s][info][gc,phases      ] GC(335) Compaction Phase 807.256ms
[173.390s][info][gc,phases,start] GC(335) Post Compact
[173.405s][info][gc,phases      ] GC(335) Post Compact 14.873ms
[173.405s][info][gc,heap        ] GC(335) PSYoungGen: 126975K(654848K)->126975K(654848K) Eden: 126975K(126976K)->126975K(126976K) From: 0K(527872K)->0K(527872K)
[173.405s][info][gc,heap        ] GC(335) ParOldGen: 11059176K(11059200K)->11059176K(11059200K)
[173.405s][info][gc,metaspace   ] GC(335) Metaspace: 6297K(6464K)->6297K(6464K) NonClass: 5764K(5824K)->5764K(5824K) Class: 533K(640K)->533K(640K)
[173.405s][info][gc             ] GC(335) Pause Full (Ergonomics) 10923M->10923M(11439M) 3417.246ms
[173.405s][info][gc,cpu         ] GC(335) User=26.47s Sys=0.00s Real=3.42s
[173.405s][info][gc,start       ] GC(336) Pause Full (Ergonomics)
[173.405s][info][gc,phases,start] GC(336) Marking Phase
[176.011s][info][gc,phases      ] GC(336) Marking Phase 2606.094ms
[176.011s][info][gc,phases,start] GC(336) Summary Phase
[176.011s][info][gc,phases      ] GC(336) Summary Phase 0.102ms
[176.011s][info][gc,phases,start] GC(336) Adjust Roots
[176.012s][info][gc,phases      ] GC(336) Adjust Roots 0.181ms
[176.012s][info][gc,phases,start] GC(336) Compaction Phase
[176.815s][info][gc,phases      ] GC(336) Compaction Phase 803.106ms
[176.815s][info][gc,phases,start] GC(336) Post Compact
[176.828s][info][gc,phases      ] GC(336) Post Compact 13.605ms
[176.828s][info][gc,heap        ] GC(336) PSYoungGen: 126975K(654848K)->126975K(654848K) Eden: 126975K(126976K)->126975K(126976K) From: 0K(527872K)->0K(527872K)
[176.828s][info][gc,heap        ] GC(336) ParOldGen: 11059181K(11059200K)->11059181K(11059200K)
[176.828s][info][gc,metaspace   ] GC(336) Metaspace: 6297K(6464K)->6297K(6464K) NonClass: 5764K(5824K)->5764K(5824K) Class: 533K(640K)->533K(640K)
[176.828s][info][gc             ] GC(336) Pause Full (Ergonomics) 10923M->10923M(11439M) 3423.409ms
[176.828s][info][gc,cpu         ] GC(336) User=26.48s Sys=0.02s Real=3.42s
[176.829s][info][gc,start       ] GC(337) Pause Full (Ergonomics)
[176.829s][info][gc,phases,start] GC(337) Marking Phase
[179.491s][info][gc,phases      ] GC(337) Marking Phase 2662.510ms
[179.491s][info][gc,phases,start] GC(337) Summary Phase
[179.491s][info][gc,phases      ] GC(337) Summary Phase 0.108ms
[179.491s][info][gc,phases,start] GC(337) Adjust Roots
[179.492s][info][gc,phases      ] GC(337) Adjust Roots 0.232ms
[179.492s][info][gc,phases,start] GC(337) Compaction Phase
[180.295s][info][gc,phases      ] GC(337) Compaction Phase 803.420ms
[180.295s][info][gc,phases,start] GC(337) Post Compact
[180.310s][info][gc,phases      ] GC(337) Post Compact 15.278ms
[180.310s][info][gc,heap        ] GC(337) PSYoungGen: 126975K(654848K)->126975K(654848K) Eden: 126975K(126976K)->126975K(126976K) From: 0K(527872K)->0K(527872K)
[180.310s][info][gc,heap        ] GC(337) ParOldGen: 11059186K(11059200K)->11059186K(11059200K)
[180.310s][info][gc,metaspace   ] GC(337) Metaspace: 6297K(6464K)->6297K(6464K) NonClass: 5764K(5824K)->5764K(5824K) Class: 533K(640K)->533K(640K)
[180.311s][info][gc             ] GC(337) Pause Full (Ergonomics) 10923M->10923M(11439M) 3481.902ms
[180.311s][info][gc,cpu         ] GC(337) User=26.98s Sys=0.00s Real=3.48s
[180.311s][info][gc,start       ] GC(338) Pause Full (Ergonomics)
[180.311s][info][gc,phases,start] GC(338) Marking Phase
[182.989s][info][gc,phases      ] GC(338) Marking Phase 2677.745ms
[182.989s][info][gc,phases,start] GC(338) Summary Phase
[182.989s][info][gc,phases      ] GC(338) Summary Phase 0.105ms
[182.989s][info][gc,phases,start] GC(338) Adjust Roots
[182.989s][info][gc,phases      ] GC(338) Adjust Roots 0.168ms
[182.989s][info][gc,phases,start] GC(338) Compaction Phase
[183.799s][info][gc,phases      ] GC(338) Compaction Phase 809.931ms
[183.799s][info][gc,phases,start] GC(338) Post Compact
[183.814s][info][gc,phases      ] GC(338) Post Compact 14.696ms
[183.814s][info][gc,heap        ] GC(338) PSYoungGen: 126975K(654848K)->126975K(654848K) Eden: 126975K(126976K)->126975K(126976K) From: 0K(527872K)->0K(527872K)
[183.814s][info][gc,heap        ] GC(338) ParOldGen: 11059190K(11059200K)->11059190K(11059200K)
[183.814s][info][gc,metaspace   ] GC(338) Metaspace: 6297K(6464K)->6297K(6464K) NonClass: 5764K(5824K)->5764K(5824K) Class: 533K(640K)->533K(640K)
[183.814s][info][gc             ] GC(338) Pause Full (Ergonomics) 10923M->10923M(11439M) 3502.989ms
[183.814s][info][gc,cpu         ] GC(338) User=27.17s Sys=0.02s Real=3.50s
[183.814s][info][gc,start       ] GC(339) Pause Full (Ergonomics)
[183.814s][info][gc,phases,start] GC(339) Marking Phase
[186.446s][info][gc,phases      ] GC(339) Marking Phase 2631.610ms
[186.446s][info][gc,phases,start] GC(339) Summary Phase
[186.446s][info][gc,phases      ] GC(339) Summary Phase 0.141ms
[186.446s][info][gc,phases,start] GC(339) Adjust Roots
[186.446s][info][gc,phases      ] GC(339) Adjust Roots 0.300ms
[186.446s][info][gc,phases,start] GC(339) Compaction Phase
[187.268s][info][gc,phases      ] GC(339) Compaction Phase 821.662ms
[187.268s][info][gc,phases,start] GC(339) Post Compact
[187.282s][info][gc,phases      ] GC(339) Post Compact 14.032ms
[187.282s][info][gc,heap        ] GC(339) PSYoungGen: 126975K(654848K)->126975K(654848K) Eden: 126975K(126976K)->126975K(126976K) From: 0K(527872K)->0K(527872K)
[187.282s][info][gc,heap        ] GC(339) ParOldGen: 11059195K(11059200K)->11059195K(11059200K)
[187.282s][info][gc,metaspace   ] GC(339) Metaspace: 6297K(6464K)->6297K(6464K) NonClass: 5764K(5824K)->5764K(5824K) Class: 533K(640K)->533K(640K)
[187.282s][info][gc             ] GC(339) Pause Full (Ergonomics) 10923M->10923M(11439M) 3468.137ms
[187.282s][info][gc,cpu         ] GC(339) User=26.84s Sys=0.00s Real=3.47s
[187.282s][info][gc,start       ] GC(340) Pause Full (Ergonomics)
[187.282s][info][gc,phases,start] GC(340) Marking Phase
[189.931s][info][gc,phases      ] GC(340) Marking Phase 2649.114ms
[189.932s][info][gc,phases,start] GC(340) Summary Phase
[189.932s][info][gc,phases      ] GC(340) Summary Phase 0.185ms
[189.932s][info][gc,phases,start] GC(340) Adjust Roots
[189.932s][info][gc,phases      ] GC(340) Adjust Roots 0.367ms
[189.932s][info][gc,phases,start] GC(340) Compaction Phase
[190.767s][info][gc,phases      ] GC(340) Compaction Phase 835.039ms
[190.767s][info][gc,phases,start] GC(340) Post Compact
[190.790s][info][gc,phases      ] GC(340) Post Compact 22.998ms
[190.790s][info][gc,heap        ] GC(340) PSYoungGen: 126975K(654848K)->126975K(654848K) Eden: 126975K(126976K)->126975K(126976K) From: 0K(527872K)->0K(527872K)
[190.790s][info][gc,heap        ] GC(340) ParOldGen: 11059199K(11059200K)->11059199K(11059200K)
[190.790s][info][gc,metaspace   ] GC(340) Metaspace: 6297K(6464K)->6297K(6464K) NonClass: 5764K(5824K)->5764K(5824K) Class: 533K(640K)->533K(640K)
[190.790s][info][gc             ] GC(340) Pause Full (Ergonomics) 10923M->10923M(11439M) 3508.172ms
[190.790s][info][gc,cpu         ] GC(340) User=27.02s Sys=0.05s Real=3.51s
[190.791s][info][gc,start       ] GC(341) Pause Full (Allocation Failure)
[190.791s][info][gc,phases,start] GC(341) Marking Phase
[193.527s][info][gc,phases      ] GC(341) Marking Phase 2736.802ms
[193.527s][info][gc,phases,start] GC(341) Summary Phase
[193.528s][info][gc,phases      ] GC(341) Summary Phase 0.106ms
[193.528s][info][gc,phases,start] GC(341) Adjust Roots
[193.528s][info][gc,phases      ] GC(341) Adjust Roots 0.389ms
[193.528s][info][gc,phases,start] GC(341) Compaction Phase
[196.273s][info][gc,phases      ] GC(341) Compaction Phase 2744.533ms
[196.273s][info][gc,phases,start] GC(341) Post Compact
[196.289s][info][gc,phases      ] GC(341) Post Compact 16.387ms
[196.289s][info][gc,heap        ] GC(341) PSYoungGen: 126975K(654848K)->126975K(654848K) Eden: 126975K(126976K)->126975K(126976K) From: 0K(527872K)->0K(527872K)
[196.289s][info][gc,heap        ] GC(341) ParOldGen: 11059199K(11059200K)->11059195K(11059200K)
[196.289s][info][gc,metaspace   ] GC(341) Metaspace: 6297K(6464K)->6295K(6464K) NonClass: 5764K(5824K)->5763K(5824K) Class: 533K(640K)->532K(640K)
[196.289s][info][gc             ] GC(341) Pause Full (Allocation Failure) 10923M->10923M(11439M) 5498.564ms
[196.289s][info][gc,cpu         ] GC(341) User=41.59s Sys=0.00s Real=5.50s
[196.290s][info][gc,start       ] GC(342) Pause Full (Ergonomics)
[196.290s][info][gc,phases,start] GC(342) Marking Phase
[198.957s][info][gc,phases      ] GC(342) Marking Phase 2667.308ms
[198.957s][info][gc,phases,start] GC(342) Summary Phase
[198.957s][info][gc,phases      ] GC(342) Summary Phase 0.100ms
[198.957s][info][gc,phases,start] GC(342) Adjust Roots
[198.957s][info][gc,phases      ] GC(342) Adjust Roots 0.168ms
[198.957s][info][gc,phases,start] GC(342) Compaction Phase
[199.772s][info][gc,phases      ] GC(342) Compaction Phase 814.290ms
[199.772s][info][gc,phases,start] GC(342) Post Compact
[199.785s][info][gc,phases      ] GC(342) Post Compact 13.816ms
[199.786s][info][gc,heap        ] GC(342) PSYoungGen: 126975K(654848K)->126975K(654848K) Eden: 126975K(126976K)->126975K(126976K) From: 0K(527872K)->0K(527872K)
[199.786s][info][gc,heap        ] GC(342) ParOldGen: 11059196K(11059200K)->11059196K(11059200K)
[199.786s][info][gc,metaspace   ] GC(342) Metaspace: 6295K(6464K)->6295K(6464K) NonClass: 5763K(5824K)->5763K(5824K) Class: 532K(640K)->532K(640K)
[199.786s][info][gc             ] GC(342) Pause Full (Ergonomics) 10923M->10923M(11439M) 3496.019ms
[199.786s][info][gc,cpu         ] GC(342) User=27.22s Sys=0.00s Real=3.50s
[199.786s][info][gc,start       ] GC(343) Pause Full (Ergonomics)
[199.786s][info][gc,phases,start] GC(343) Marking Phase
[202.480s][info][gc,phases      ] GC(343) Marking Phase 2694.315ms
[202.480s][info][gc,phases,start] GC(343) Summary Phase
[202.480s][info][gc,phases      ] GC(343) Summary Phase 0.101ms
[202.480s][info][gc,phases,start] GC(343) Adjust Roots
[202.481s][info][gc,phases      ] GC(343) Adjust Roots 0.160ms
[202.481s][info][gc,phases,start] GC(343) Compaction Phase
[203.294s][info][gc,phases      ] GC(343) Compaction Phase 813.096ms
[203.294s][info][gc,phases,start] GC(343) Post Compact
[203.307s][info][gc,phases      ] GC(343) Post Compact 13.588ms
[203.307s][info][gc,heap        ] GC(343) PSYoungGen: 126975K(654848K)->126975K(654848K) Eden: 126975K(126976K)->126975K(126976K) From: 0K(527872K)->0K(527872K)
[203.307s][info][gc,heap        ] GC(343) ParOldGen: 11059199K(11059200K)->11059199K(11059200K)
[203.308s][info][gc,metaspace   ] GC(343) Metaspace: 6295K(6464K)->6295K(6464K) NonClass: 5763K(5824K)->5763K(5824K) Class: 532K(640K)->532K(640K)
[203.308s][info][gc             ] GC(343) Pause Full (Ergonomics) 10923M->10923M(11439M) 3521.590ms
[203.308s][info][gc,cpu         ] GC(343) User=27.33s Sys=0.00s Real=3.52s
[203.308s][info][gc,start       ] GC(344) Pause Full (Allocation Failure)
[203.308s][info][gc,phases,start] GC(344) Marking Phase
[206.026s][info][gc,phases      ] GC(344) Marking Phase 2718.638ms
[206.026s][info][gc,phases,start] GC(344) Summary Phase
[206.026s][info][gc,phases      ] GC(344) Summary Phase 0.105ms
[206.026s][info][gc,phases,start] GC(344) Adjust Roots
[206.027s][info][gc,phases      ] GC(344) Adjust Roots 0.195ms
[206.027s][info][gc,phases,start] GC(344) Compaction Phase
[206.854s][info][gc,phases      ] GC(344) Compaction Phase 827.144ms
[206.854s][info][gc,phases,start] GC(344) Post Compact
[206.869s][info][gc,phases      ] GC(344) Post Compact 14.763ms
[206.869s][info][gc,heap        ] GC(344) PSYoungGen: 126975K(654848K)->126975K(654848K) Eden: 126975K(126976K)->126975K(126976K) From: 0K(527872K)->0K(527872K)
[206.869s][info][gc,heap        ] GC(344) ParOldGen: 11059199K(11059200K)->11059199K(11059200K)
[206.869s][info][gc,metaspace   ] GC(344) Metaspace: 6295K(6464K)->6295K(6464K) NonClass: 5763K(5824K)->5763K(5824K) Class: 532K(640K)->532K(640K)
[206.869s][info][gc             ] GC(344) Pause Full (Allocation Failure) 10923M->10923M(11439M) 3561.168ms
[206.869s][info][gc,cpu         ] GC(344) User=27.64s Sys=0.02s Real=3.56s
[206.869s][info][gc,start       ] GC(345) Pause Full (Ergonomics)
[206.869s][info][gc,phases,start] GC(345) Marking Phase
[209.612s][info][gc,phases      ] GC(345) Marking Phase 2742.333ms
[209.612s][info][gc,phases,start] GC(345) Summary Phase
[209.612s][info][gc,phases      ] GC(345) Summary Phase 0.170ms
[209.612s][info][gc,phases,start] GC(345) Adjust Roots
[209.612s][info][gc,phases      ] GC(345) Adjust Roots 0.421ms
[209.612s][info][gc,phases,start] GC(345) Compaction Phase
[212.374s][info][gc,phases      ] GC(345) Compaction Phase 2761.908ms
[212.374s][info][gc,phases,start] GC(345) Post Compact
[212.392s][info][gc,phases      ] GC(345) Post Compact 17.258ms
[212.392s][info][gc,heap        ] GC(345) PSYoungGen: 126975K(654848K)->126975K(654848K) Eden: 126975K(126976K)->126975K(126976K) From: 0K(527872K)->0K(527872K)
[212.392s][info][gc,heap        ] GC(345) ParOldGen: 11059200K(11059200K)->11059198K(11059200K)
[212.392s][info][gc,metaspace   ] GC(345) Metaspace: 6295K(6464K)->6295K(6464K) NonClass: 5763K(5824K)->5763K(5824K) Class: 532K(640K)->532K(640K)
[212.392s][info][gc             ] GC(345) Pause Full (Ergonomics) 10923M->10923M(11439M) 5522.526ms
[212.392s][info][gc,cpu         ] GC(345) User=41.14s Sys=0.02s Real=5.52s
[212.392s][info][gc,start       ] GC(346) Pause Full (Ergonomics)
[212.392s][info][gc,phases,start] GC(346) Marking Phase
[215.149s][info][gc,phases      ] GC(346) Marking Phase 2756.545ms
[215.149s][info][gc,phases,start] GC(346) Summary Phase
[215.149s][info][gc,phases      ] GC(346) Summary Phase 0.102ms
[215.149s][info][gc,phases,start] GC(346) Adjust Roots
[215.149s][info][gc,phases      ] GC(346) Adjust Roots 0.178ms
[215.149s][info][gc,phases,start] GC(346) Compaction Phase
[215.977s][info][gc,phases      ] GC(346) Compaction Phase 828.035ms
[215.977s][info][gc,phases,start] GC(346) Post Compact
[215.993s][info][gc,phases      ] GC(346) Post Compact 15.276ms
[215.993s][info][gc,heap        ] GC(346) PSYoungGen: 126975K(654848K)->126975K(654848K) Eden: 126975K(126976K)->126975K(126976K) From: 0K(527872K)->0K(527872K)
[215.993s][info][gc,heap        ] GC(346) ParOldGen: 11059198K(11059200K)->11059198K(11059200K)
[215.993s][info][gc,metaspace   ] GC(346) Metaspace: 6295K(6464K)->6295K(6464K) NonClass: 5763K(5824K)->5763K(5824K) Class: 532K(640K)->532K(640K)
[215.993s][info][gc             ] GC(346) Pause Full (Ergonomics) 10923M->10923M(11439M) 3600.499ms
[215.993s][info][gc,cpu         ] GC(346) User=27.98s Sys=0.00s Real=3.60s
[215.994s][info][gc,start       ] GC(347) Pause Full (Ergonomics)
[215.994s][info][gc,phases,start] GC(347) Marking Phase
[218.768s][info][gc,phases      ] GC(347) Marking Phase 2774.439ms
[218.769s][info][gc,phases,start] GC(347) Summary Phase
[218.769s][info][gc,phases      ] GC(347) Summary Phase 0.115ms
[218.769s][info][gc,phases,start] GC(347) Adjust Roots
[218.769s][info][gc,phases      ] GC(347) Adjust Roots 0.385ms
[218.769s][info][gc,phases,start] GC(347) Compaction Phase
[221.567s][info][gc,phases      ] GC(347) Compaction Phase 2798.257ms
[221.567s][info][gc,phases,start] GC(347) Post Compact
[221.584s][info][gc,phases      ] GC(347) Post Compact 17.002ms
[221.585s][info][gc,heap        ] GC(347) PSYoungGen: 126975K(654848K)->126975K(654848K) Eden: 126975K(126976K)->126975K(126976K) From: 0K(527872K)->0K(527872K)
[221.585s][info][gc,heap        ] GC(347) ParOldGen: 11059199K(11059200K)->11059197K(11059200K)
[221.585s][info][gc,metaspace   ] GC(347) Metaspace: 6297K(6464K)->6297K(6464K) NonClass: 5763K(5824K)->5763K(5824K) Class: 533K(640K)->533K(640K)
[221.585s][info][gc             ] GC(347) Pause Full (Ergonomics) 10923M->10923M(11439M) 5590.600ms
[221.585s][info][gc,cpu         ] GC(347) User=42.22s Sys=0.02s Real=5.59s
[221.585s][info][gc,heap,exit   ] Heap
[221.585s][info][gc,heap,exit   ]  PSYoungGen      total 654848K, used 126975K [0x00000006ae800000, 0x00000006f7b00000, 0x0000000800000000)
[221.585s][info][gc,heap,exit   ]   eden space 126976K, 99% used [0x00000006ae800000,0x00000006b63ffff8,0x00000006b6400000)
[221.585s][info][gc,heap,exit   ]   from space 527872K, 0% used [0x00000006b6400000,0x00000006b6400000,0x00000006d6780000)
[221.585s][info][gc,heap,exit   ]   to   space 527872K, 0% used [0x00000006d7780000,0x00000006d7780000,0x00000006f7b00000)
[221.585s][info][gc,heap,exit   ]  ParOldGen       total 11059200K, used 11059197K [0x000000040b800000, 0x00000006ae800000, 0x00000006ae800000)
[221.585s][info][gc,heap,exit   ]   object space 11059200K, 99% used [0x000000040b800000,0x00000006ae7ff7d0,0x00000006ae800000)
[221.585s][info][gc,heap,exit   ]  Metaspace       used 6300K, committed 6464K, reserved 1114112K
[221.585s][info][gc,heap,exit   ]   class space    used 534K, committed 640K, reserved 1048576K
