[0.011s][info][gc,init] CardTable entry size: 512
[0.011s][info][gc     ] Using Parallel
[0.012s][info][gc,init] Version: 18.0.1+10 (release)
[0.012s][info][gc,init] CPUs: 8 total, 8 available
[0.012s][info][gc,init] Memory: 16063M
[0.012s][info][gc,init] Large Page Support: Disabled
[0.012s][info][gc,init] NUMA Support: Disabled
[0.012s][info][gc,init] Compressed Oops: Enabled (Zero based)
[0.012s][info][gc,init] Alignments: Space 512K, Generation 512K, Heap 2M
[0.012s][info][gc,init] Heap Min Capacity: 2M
[0.012s][info][gc,init] Heap Initial Capacity: 2M
[0.012s][info][gc,init] Heap Max Capacity: 3600M
[0.012s][info][gc,init] Pre-touch: Disabled
[0.012s][info][gc,init] Parallel Workers: 8
[0.012s][info][gc,metaspace] CDS archive(s) not mapped
[0.013s][info][gc,metaspace] Compressed class space mapped at: 0x0000000800000000-0x0000000840000000, reserved size: 1073741824
[0.013s][info][gc,metaspace] Narrow klass base: 0x0000000800000000, Narrow klass shift: 0, Narrow klass range: 0x40000000
[0.097s][info][gc,start    ] GC(0) Pause Young (Allocation Failure)
[0.099s][info][gc,heap     ] GC(0) PSYoungGen: 512K(1024K)->480K(1024K) Eden: 512K(512K)->0K(512K) From: 0K(512K)->480K(512K)
[0.099s][info][gc,heap     ] GC(0) ParOldGen: 0K(512K)->8K(512K)
[0.099s][info][gc,metaspace] GC(0) Metaspace: 4229K(4352K)->4229K(4352K) NonClass: 3908K(3968K)->3908K(3968K) Class: 321K(384K)->321K(384K)
[0.099s][info][gc          ] GC(0) Pause Young (Allocation Failure) 0M->0M(1M) 1.332ms
[0.099s][info][gc,cpu      ] GC(0) User=0.00s Sys=0.00s Real=0.00s
[0.173s][info][gc,start    ] GC(1) Pause Young (Allocation Failure)
[0.174s][info][gc,heap     ] GC(1) PSYoungGen: 991K(1024K)->512K(1536K) Eden: 511K(512K)->0K(1024K) From: 480K(512K)->512K(512K)
[0.174s][info][gc,heap     ] GC(1) ParOldGen: 8K(512K)->80K(512K)
[0.174s][info][gc,metaspace] GC(1) Metaspace: 5882K(6016K)->5882K(6016K) NonClass: 5385K(5504K)->5385K(5504K) Class: 496K(512K)->496K(512K)
[0.174s][info][gc          ] GC(1) Pause Young (Allocation Failure) 0M->0M(2M) 0.933ms
[0.174s][info][gc,cpu      ] GC(1) User=0.00s Sys=0.00s Real=0.00s
[0.192s][info][gc,start    ] GC(2) Pause Young (Allocation Failure)
[0.193s][info][gc,heap     ] GC(2) PSYoungGen: 1536K(1536K)->512K(1536K) Eden: 1024K(1024K)->0K(1024K) From: 512K(512K)->512K(512K)
[0.194s][info][gc,heap     ] GC(2) ParOldGen: 80K(512K)->496K(512K)
[0.194s][info][gc,metaspace] GC(2) Metaspace: 6300K(6528K)->6300K(6528K) NonClass: 5767K(5888K)->5767K(5888K) Class: 533K(640K)->533K(640K)
[0.194s][info][gc          ] GC(2) Pause Young (Allocation Failure) 1M->0M(2M) 1.310ms
[0.194s][info][gc,cpu      ] GC(2) User=0.00s Sys=0.00s Real=0.00s
[0.194s][info][gc,start    ] GC(3) Pause Full (Ergonomics)
[0.194s][info][gc,phases,start] GC(3) Marking Phase
[0.195s][info][gc,phases      ] GC(3) Marking Phase 0.949ms
[0.195s][info][gc,phases,start] GC(3) Summary Phase
[0.195s][info][gc,phases      ] GC(3) Summary Phase 0.014ms
[0.195s][info][gc,phases,start] GC(3) Adjust Roots
[0.195s][info][gc,phases      ] GC(3) Adjust Roots 0.399ms
[0.195s][info][gc,phases,start] GC(3) Compaction Phase
[0.197s][info][gc,phases      ] GC(3) Compaction Phase 1.599ms
[0.197s][info][gc,phases,start] GC(3) Post Compact
[0.197s][info][gc,phases      ] GC(3) Post Compact 0.082ms
[0.197s][info][gc,heap        ] GC(3) PSYoungGen: 512K(1536K)->510K(1536K) Eden: 0K(1024K)->0K(1024K) From: 512K(512K)->510K(512K)
[0.197s][info][gc,heap        ] GC(3) ParOldGen: 496K(512K)->470K(2048K)
[0.197s][info][gc,metaspace   ] GC(3) Metaspace: 6300K(6528K)->6300K(6528K) NonClass: 5767K(5888K)->5767K(5888K) Class: 533K(640K)->533K(640K)
[0.197s][info][gc             ] GC(3) Pause Full (Ergonomics) 0M->0M(3M) 3.296ms
[0.197s][info][gc,cpu         ] GC(3) User=0.00s Sys=0.00s Real=0.00s
[0.198s][info][gc,start       ] GC(4) Pause Young (Allocation Failure)
[0.200s][info][gc,heap        ] GC(4) PSYoungGen: 1534K(1536K)->480K(2560K) Eden: 1024K(1024K)->0K(2048K) From: 510K(512K)->480K(512K)
[0.200s][info][gc,heap        ] GC(4) ParOldGen: 470K(2048K)->1030K(2048K)
[0.200s][info][gc,metaspace   ] GC(4) Metaspace: 6300K(6528K)->6300K(6528K) NonClass: 5767K(5888K)->5767K(5888K) Class: 533K(640K)->533K(640K)
[0.200s][info][gc             ] GC(4) Pause Young (Allocation Failure) 1M->1M(4M) 1.409ms
[0.200s][info][gc,cpu         ] GC(4) User=0.00s Sys=0.00s Real=0.00s
[0.203s][info][gc,start       ] GC(5) Pause Young (Allocation Failure)
[0.205s][info][gc,heap        ] GC(5) PSYoungGen: 2528K(2560K)->480K(2560K) Eden: 2048K(2048K)->0K(2048K) From: 480K(512K)->480K(512K)
[0.205s][info][gc,heap        ] GC(5) ParOldGen: 1030K(2048K)->2102K(2560K)
[0.205s][info][gc,metaspace   ] GC(5) Metaspace: 6300K(6528K)->6300K(6528K) NonClass: 5767K(5888K)->5767K(5888K) Class: 533K(640K)->533K(640K)
[0.205s][info][gc             ] GC(5) Pause Young (Allocation Failure) 3M->2M(5M) 1.914ms
[0.205s][info][gc,cpu         ] GC(5) User=0.00s Sys=0.00s Real=0.00s
[0.205s][info][gc,start       ] GC(6) Pause Full (Ergonomics)
[0.205s][info][gc,phases,start] GC(6) Marking Phase
[0.206s][info][gc,phases      ] GC(6) Marking Phase 1.587ms
[0.206s][info][gc,phases,start] GC(6) Summary Phase
[0.206s][info][gc,phases      ] GC(6) Summary Phase 0.016ms
[0.207s][info][gc,phases,start] GC(6) Adjust Roots
[0.207s][info][gc,phases      ] GC(6) Adjust Roots 0.312ms
[0.207s][info][gc,phases,start] GC(6) Compaction Phase
[0.209s][info][gc,phases      ] GC(6) Compaction Phase 2.516ms
[0.209s][info][gc,phases,start] GC(6) Post Compact
[0.209s][info][gc,phases      ] GC(6) Post Compact 0.041ms
[0.210s][info][gc,heap        ] GC(6) PSYoungGen: 480K(2560K)->0K(4096K) Eden: 0K(2048K)->0K(3072K) From: 480K(512K)->0K(1024K)
[0.210s][info][gc,heap        ] GC(6) ParOldGen: 2102K(2560K)->2542K(6144K)
[0.210s][info][gc,metaspace   ] GC(6) Metaspace: 6300K(6528K)->6300K(6528K) NonClass: 5767K(5888K)->5767K(5888K) Class: 533K(640K)->533K(640K)
[0.210s][info][gc             ] GC(6) Pause Full (Ergonomics) 2M->2M(10M) 4.825ms
[0.210s][info][gc,cpu         ] GC(6) User=0.00s Sys=0.00s Real=0.00s
[0.216s][info][gc,start       ] GC(7) Pause Young (Allocation Failure)
[0.218s][info][gc,heap        ] GC(7) PSYoungGen: 3072K(4096K)->1696K(5120K) Eden: 3072K(3072K)->0K(3072K) From: 0K(1024K)->1696K(2048K)
[0.218s][info][gc,heap        ] GC(7) ParOldGen: 2542K(6144K)->2542K(6144K)
[0.218s][info][gc,metaspace   ] GC(7) Metaspace: 6300K(6528K)->6300K(6528K) NonClass: 5767K(5888K)->5767K(5888K) Class: 533K(640K)->533K(640K)
[0.218s][info][gc             ] GC(7) Pause Young (Allocation Failure) 5M->4M(11M) 2.123ms
[0.218s][info][gc,cpu         ] GC(7) User=0.00s Sys=0.00s Real=0.00s
[0.222s][info][gc,start       ] GC(8) Pause Young (Allocation Failure)
[0.225s][info][gc,heap        ] GC(8) PSYoungGen: 4768K(5120K)->2016K(5632K) Eden: 3072K(3072K)->0K(3584K) From: 1696K(2048K)->2016K(2048K)
[0.225s][info][gc,heap        ] GC(8) ParOldGen: 2542K(6144K)->3774K(6144K)
[0.225s][info][gc,metaspace   ] GC(8) Metaspace: 6300K(6528K)->6300K(6528K) NonClass: 5767K(5888K)->5767K(5888K) Class: 533K(640K)->533K(640K)
[0.225s][info][gc             ] GC(8) Pause Young (Allocation Failure) 7M->5M(11M) 3.200ms
[0.225s][info][gc,cpu         ] GC(8) User=0.00s Sys=0.00s Real=0.00s
[0.230s][info][gc,start       ] GC(9) Pause Young (Allocation Failure)
[0.234s][info][gc,heap        ] GC(9) PSYoungGen: 5600K(5632K)->3040K(6656K) Eden: 3584K(3584K)->0K(3584K) From: 2016K(2048K)->3040K(3072K)
[0.234s][info][gc,heap        ] GC(9) ParOldGen: 3774K(6144K)->4606K(6144K)
[0.234s][info][gc,metaspace   ] GC(9) Metaspace: 6300K(6528K)->6300K(6528K) NonClass: 5767K(5888K)->5767K(5888K) Class: 533K(640K)->533K(640K)
[0.234s][info][gc             ] GC(9) Pause Young (Allocation Failure) 9M->7M(12M) 3.815ms
[0.234s][info][gc,cpu         ] GC(9) User=0.00s Sys=0.00s Real=0.00s
[0.238s][info][gc,start       ] GC(10) Pause Young (Allocation Failure)
[0.243s][info][gc,heap        ] GC(10) PSYoungGen: 6624K(6656K)->4064K(8704K) Eden: 3584K(3584K)->0K(4608K) From: 3040K(3072K)->4064K(4096K)
[0.243s][info][gc,heap        ] GC(10) ParOldGen: 4606K(6144K)->5446K(6144K)
[0.243s][info][gc,metaspace   ] GC(10) Metaspace: 6300K(6528K)->6300K(6528K) NonClass: 5767K(5888K)->5767K(5888K) Class: 533K(640K)->533K(640K)
[0.243s][info][gc             ] GC(10) Pause Young (Allocation Failure) 10M->9M(14M) 4.717ms
[0.243s][info][gc,cpu         ] GC(10) User=0.00s Sys=0.00s Real=0.01s
[0.243s][info][gc,start       ] GC(11) Pause Full (Ergonomics)
[0.243s][info][gc,phases,start] GC(11) Marking Phase
[0.248s][info][gc,phases      ] GC(11) Marking Phase 4.871ms
[0.248s][info][gc,phases,start] GC(11) Summary Phase
[0.248s][info][gc,phases      ] GC(11) Summary Phase 0.016ms
[0.248s][info][gc,phases,start] GC(11) Adjust Roots
[0.249s][info][gc,phases      ] GC(11) Adjust Roots 0.428ms
[0.249s][info][gc,phases,start] GC(11) Compaction Phase
[0.255s][info][gc,phases      ] GC(11) Compaction Phase 6.427ms
[0.255s][info][gc,phases,start] GC(11) Post Compact
[0.255s][info][gc,phases      ] GC(11) Post Compact 0.054ms
[0.255s][info][gc,heap        ] GC(11) PSYoungGen: 4064K(8704K)->3545K(8704K) Eden: 0K(4608K)->0K(4608K) From: 4064K(4096K)->3545K(4096K)
[0.255s][info][gc,heap        ] GC(11) ParOldGen: 5446K(6144K)->5831K(10752K)
[0.255s][info][gc,metaspace   ] GC(11) Metaspace: 6300K(6528K)->6300K(6528K) NonClass: 5767K(5888K)->5767K(5888K) Class: 533K(640K)->533K(640K)
[0.255s][info][gc             ] GC(11) Pause Full (Ergonomics) 9M->9M(19M) 12.103ms
[0.255s][info][gc,cpu         ] GC(11) User=0.02s Sys=0.00s Real=0.01s
[0.260s][info][gc,start       ] GC(12) Pause Young (Allocation Failure)
[0.263s][info][gc,heap        ] GC(12) PSYoungGen: 8013K(8704K)->5088K(9728K) Eden: 4468K(4608K)->0K(4608K) From: 3545K(4096K)->5088K(5120K)
[0.263s][info][gc,heap        ] GC(12) ParOldGen: 5831K(10752K)->6615K(10752K)
[0.263s][info][gc,metaspace   ] GC(12) Metaspace: 6300K(6528K)->6300K(6528K) NonClass: 5767K(5888K)->5767K(5888K) Class: 533K(640K)->533K(640K)
[0.263s][info][gc             ] GC(12) Pause Young (Allocation Failure) 13M->11M(20M) 3.873ms
[0.263s][info][gc,cpu         ] GC(12) User=0.00s Sys=0.00s Real=0.00s
[0.269s][info][gc,start       ] GC(13) Pause Young (Allocation Failure)
[0.274s][info][gc,heap        ] GC(13) PSYoungGen: 9696K(9728K)->6112K(11264K) Eden: 4608K(4608K)->0K(5120K) From: 5088K(5120K)->6112K(6144K)
[0.274s][info][gc,heap        ] GC(13) ParOldGen: 6615K(10752K)->7991K(10752K)
[0.274s][info][gc,metaspace   ] GC(13) Metaspace: 6300K(6528K)->6300K(6528K) NonClass: 5767K(5888K)->5767K(5888K) Class: 533K(640K)->533K(640K)
[0.274s][info][gc             ] GC(13) Pause Young (Allocation Failure) 15M->13M(21M) 5.795ms
[0.274s][info][gc,cpu         ] GC(13) User=0.00s Sys=0.00s Real=0.01s
[0.278s][info][gc,start       ] GC(14) Pause Young (Allocation Failure)
[0.284s][info][gc,heap        ] GC(14) PSYoungGen: 11232K(11264K)->5216K(12800K) Eden: 5120K(5120K)->0K(5120K) From: 6112K(6144K)->5216K(7680K)
[0.284s][info][gc,heap        ] GC(14) ParOldGen: 7991K(10752K)->11583K(11776K)
[0.284s][info][gc,metaspace   ] GC(14) Metaspace: 6302K(6528K)->6302K(6528K) NonClass: 5769K(5888K)->5769K(5888K) Class: 533K(640K)->533K(640K)
[0.284s][info][gc             ] GC(14) Pause Young (Allocation Failure) 18M->16M(24M) 5.499ms
[0.284s][info][gc,cpu         ] GC(14) User=0.00s Sys=0.00s Real=0.01s
[0.284s][info][gc,start       ] GC(15) Pause Full (Ergonomics)
[0.284s][info][gc,phases,start] GC(15) Marking Phase
[0.292s][info][gc,phases      ] GC(15) Marking Phase 7.636ms
[0.292s][info][gc,phases,start] GC(15) Summary Phase
[0.292s][info][gc,phases      ] GC(15) Summary Phase 0.015ms
[0.292s][info][gc,phases,start] GC(15) Adjust Roots
[0.292s][info][gc,phases      ] GC(15) Adjust Roots 0.210ms
[0.292s][info][gc,phases,start] GC(15) Compaction Phase
[0.298s][info][gc,phases      ] GC(15) Compaction Phase 6.186ms
[0.298s][info][gc,phases,start] GC(15) Post Compact
[0.298s][info][gc,phases      ] GC(15) Post Compact 0.068ms
[0.298s][info][gc,heap        ] GC(15) PSYoungGen: 5216K(12800K)->5190K(12800K) Eden: 0K(5120K)->0K(5120K) From: 5216K(7680K)->5190K(7680K)
[0.298s][info][gc,heap        ] GC(15) ParOldGen: 11583K(11776K)->11460K(18432K)
[0.298s][info][gc,metaspace   ] GC(15) Metaspace: 6302K(6528K)->6302K(6528K) NonClass: 5769K(5888K)->5769K(5888K) Class: 533K(640K)->533K(640K)
[0.298s][info][gc             ] GC(15) Pause Full (Ergonomics) 16M->16M(30M) 14.417ms
[0.298s][info][gc,cpu         ] GC(15) User=0.00s Sys=0.00s Real=0.01s
[0.302s][info][gc,start       ] GC(16) Pause Young (Allocation Failure)
[0.308s][info][gc,heap        ] GC(16) PSYoungGen: 10310K(12800K)->2688K(14336K) Eden: 5120K(5120K)->0K(7168K) From: 5190K(7680K)->2688K(7168K)
[0.308s][info][gc,heap        ] GC(16) ParOldGen: 11460K(18432K)->16732K(18432K)
[0.308s][info][gc,metaspace   ] GC(16) Metaspace: 6302K(6528K)->6302K(6528K) NonClass: 5769K(5888K)->5769K(5888K) Class: 533K(640K)->533K(640K)
[0.308s][info][gc             ] GC(16) Pause Young (Allocation Failure) 21M->18M(32M) 6.258ms
[0.308s][info][gc,cpu         ] GC(16) User=0.00s Sys=0.00s Real=0.01s
[0.308s][info][gc,start       ] GC(17) Pause Full (Ergonomics)
[0.308s][info][gc,phases,start] GC(17) Marking Phase
[0.316s][info][gc,phases      ] GC(17) Marking Phase 7.985ms
[0.316s][info][gc,phases,start] GC(17) Summary Phase
[0.316s][info][gc,phases      ] GC(17) Summary Phase 0.015ms
[0.316s][info][gc,phases,start] GC(17) Adjust Roots
[0.316s][info][gc,phases      ] GC(17) Adjust Roots 0.211ms
[0.316s][info][gc,phases,start] GC(17) Compaction Phase
[0.322s][info][gc,phases      ] GC(17) Compaction Phase 5.543ms
[0.322s][info][gc,phases,start] GC(17) Post Compact
[0.322s][info][gc,phases      ] GC(17) Post Compact 0.076ms
[0.322s][info][gc,heap        ] GC(17) PSYoungGen: 2688K(14336K)->1105K(14848K) Eden: 0K(7168K)->0K(7680K) From: 2688K(7168K)->1105K(7168K)
[0.322s][info][gc,heap        ] GC(17) ParOldGen: 16732K(18432K)->18183K(27648K)
[0.322s][info][gc,metaspace   ] GC(17) Metaspace: 6302K(6528K)->6302K(6528K) NonClass: 5769K(5888K)->5769K(5888K) Class: 533K(640K)->533K(640K)
[0.322s][info][gc             ] GC(17) Pause Full (Ergonomics) 18M->18M(41M) 14.136ms
[0.322s][info][gc,cpu         ] GC(17) User=0.02s Sys=0.00s Real=0.01s
[0.326s][info][gc,start       ] GC(18) Pause Young (Allocation Failure)
[0.331s][info][gc,heap        ] GC(18) PSYoungGen: 7799K(14848K)->3424K(15360K) Eden: 6694K(7680K)->0K(7680K) From: 1105K(7168K)->3424K(7680K)
[0.331s][info][gc,heap        ] GC(18) ParOldGen: 18183K(27648K)->19311K(27648K)
[0.331s][info][gc,metaspace   ] GC(18) Metaspace: 6302K(6528K)->6302K(6528K) NonClass: 5769K(5888K)->5769K(5888K) Class: 533K(640K)->533K(640K)
[0.331s][info][gc             ] GC(18) Pause Young (Allocation Failure) 25M->22M(42M) 4.894ms
[0.331s][info][gc,cpu         ] GC(18) User=0.00s Sys=0.00s Real=0.00s
[0.338s][info][gc,start       ] GC(19) Pause Young (Allocation Failure)
[0.344s][info][gc,heap        ] GC(19) PSYoungGen: 11103K(15360K)->4480K(17920K) Eden: 7679K(7680K)->0K(10240K) From: 3424K(7680K)->4480K(7680K)
[0.344s][info][gc,heap        ] GC(19) ParOldGen: 19311K(27648K)->22759K(27648K)
[0.344s][info][gc,metaspace   ] GC(19) Metaspace: 6302K(6528K)->6302K(6528K) NonClass: 5769K(5888K)->5769K(5888K) Class: 533K(640K)->533K(640K)
[0.344s][info][gc             ] GC(19) Pause Young (Allocation Failure) 29M->26M(44M) 6.532ms
[0.344s][info][gc,cpu         ] GC(19) User=0.00s Sys=0.00s Real=0.01s
[0.350s][info][gc,start       ] GC(20) Pause Young (Allocation Failure)
[0.357s][info][gc,heap        ] GC(20) PSYoungGen: 14720K(17920K)->5344K(17920K) Eden: 10240K(10240K)->0K(10240K) From: 4480K(7680K)->5344K(7680K)
[0.357s][info][gc,heap        ] GC(20) ParOldGen: 22759K(27648K)->27279K(27648K)
[0.357s][info][gc,metaspace   ] GC(20) Metaspace: 6302K(6528K)->6302K(6528K) NonClass: 5769K(5888K)->5769K(5888K) Class: 533K(640K)->533K(640K)
[0.357s][info][gc             ] GC(20) Pause Young (Allocation Failure) 36M->31M(44M) 6.832ms
[0.357s][info][gc,cpu         ] GC(20) User=0.00s Sys=0.00s Real=0.01s
[0.357s][info][gc,start       ] GC(21) Pause Full (Ergonomics)
[0.357s][info][gc,phases,start] GC(21) Marking Phase
[0.370s][info][gc,phases      ] GC(21) Marking Phase 12.852ms
[0.370s][info][gc,phases,start] GC(21) Summary Phase
[0.370s][info][gc,phases      ] GC(21) Summary Phase 0.014ms
[0.370s][info][gc,phases,start] GC(21) Adjust Roots
[0.370s][info][gc,phases      ] GC(21) Adjust Roots 0.173ms
[0.370s][info][gc,phases,start] GC(21) Compaction Phase
[0.382s][info][gc,phases      ] GC(21) Compaction Phase 11.647ms
[0.382s][info][gc,phases,start] GC(21) Post Compact
[0.382s][info][gc,phases      ] GC(21) Post Compact 0.115ms
[0.382s][info][gc,heap        ] GC(21) PSYoungGen: 5344K(17920K)->4779K(17920K) Eden: 0K(10240K)->0K(10240K) From: 5344K(7680K)->4779K(7680K)
[0.382s][info][gc,heap        ] GC(21) ParOldGen: 27279K(27648K)->27140K(38912K)
[0.382s][info][gc,metaspace   ] GC(21) Metaspace: 6302K(6528K)->6302K(6528K) NonClass: 5769K(5888K)->5769K(5888K) Class: 533K(640K)->533K(640K)
[0.382s][info][gc             ] GC(21) Pause Full (Ergonomics) 31M->31M(55M) 25.281ms
[0.382s][info][gc,cpu         ] GC(21) User=0.02s Sys=0.00s Real=0.03s
[0.391s][info][gc,start       ] GC(22) Pause Young (Allocation Failure)
[0.403s][info][gc,heap        ] GC(22) PSYoungGen: 15019K(17920K)->8192K(17920K) Eden: 10240K(10240K)->0K(9728K) From: 4779K(7680K)->8192K(8192K)
[0.403s][info][gc,heap        ] GC(22) ParOldGen: 27140K(38912K)->32964K(38912K)
[0.403s][info][gc,metaspace   ] GC(22) Metaspace: 6302K(6528K)->6302K(6528K) NonClass: 5769K(5888K)->5769K(5888K) Class: 533K(640K)->533K(640K)
[0.403s][info][gc             ] GC(22) Pause Young (Allocation Failure) 41M->40M(55M) 12.007ms
[0.403s][info][gc,cpu         ] GC(22) User=0.00s Sys=0.00s Real=0.01s
[0.403s][info][gc,start       ] GC(23) Pause Full (Ergonomics)
[0.403s][info][gc,phases,start] GC(23) Marking Phase
[0.419s][info][gc,phases      ] GC(23) Marking Phase 16.007ms
[0.419s][info][gc,phases,start] GC(23) Summary Phase
[0.419s][info][gc,phases      ] GC(23) Summary Phase 0.016ms
[0.419s][info][gc,phases,start] GC(23) Adjust Roots
[0.420s][info][gc,phases      ] GC(23) Adjust Roots 0.170ms
[0.420s][info][gc,phases,start] GC(23) Compaction Phase
[0.430s][info][gc,phases      ] GC(23) Compaction Phase 10.088ms
[0.430s][info][gc,phases,start] GC(23) Post Compact
[0.430s][info][gc,phases      ] GC(23) Post Compact 0.173ms
[0.430s][info][gc,heap        ] GC(23) PSYoungGen: 8192K(17920K)->2555K(17920K) Eden: 0K(9728K)->0K(9728K) From: 8192K(8192K)->2555K(8192K)
[0.430s][info][gc,heap        ] GC(23) ParOldGen: 32964K(38912K)->38486K(52736K)
[0.430s][info][gc,metaspace   ] GC(23) Metaspace: 6302K(6528K)->6302K(6528K) NonClass: 5769K(5888K)->5769K(5888K) Class: 533K(640K)->533K(640K)
[0.430s][info][gc             ] GC(23) Pause Full (Ergonomics) 40M->40M(69M) 26.877ms
[0.430s][info][gc,cpu         ] GC(23) User=0.00s Sys=0.00s Real=0.03s
[0.445s][info][gc,start       ] GC(24) Pause Young (Allocation Failure)
[0.455s][info][gc,heap        ] GC(24) PSYoungGen: 12283K(17920K)->9760K(20992K) Eden: 9728K(9728K)->0K(9728K) From: 2555K(8192K)->9760K(11264K)
[0.455s][info][gc,heap        ] GC(24) ParOldGen: 38486K(52736K)->41094K(52736K)
[0.455s][info][gc,metaspace   ] GC(24) Metaspace: 6302K(6528K)->6302K(6528K) NonClass: 5769K(5888K)->5769K(5888K) Class: 533K(640K)->533K(640K)
[0.455s][info][gc             ] GC(24) Pause Young (Allocation Failure) 49M->49M(72M) 10.578ms
[0.455s][info][gc,cpu         ] GC(24) User=0.02s Sys=0.00s Real=0.01s
[0.465s][info][gc,start       ] GC(25) Pause Young (Allocation Failure)
[0.478s][info][gc,heap        ] GC(25) PSYoungGen: 19488K(20992K)->12768K(19968K) Eden: 9728K(9728K)->0K(7168K) From: 9760K(11264K)->12768K(12800K)
[0.478s][info][gc,heap        ] GC(25) ParOldGen: 41094K(52736K)->47870K(52736K)
[0.478s][info][gc,metaspace   ] GC(25) Metaspace: 6302K(6528K)->6302K(6528K) NonClass: 5769K(5888K)->5769K(5888K) Class: 533K(640K)->533K(640K)
[0.478s][info][gc             ] GC(25) Pause Young (Allocation Failure) 59M->59M(71M) 13.376ms
[0.478s][info][gc,cpu         ] GC(25) User=0.02s Sys=0.00s Real=0.01s
[0.478s][info][gc,start       ] GC(26) Pause Full (Ergonomics)
[0.478s][info][gc,phases,start] GC(26) Marking Phase
[0.509s][info][gc,phases      ] GC(26) Marking Phase 30.456ms
[0.509s][info][gc,phases,start] GC(26) Summary Phase
[0.509s][info][gc,phases      ] GC(26) Summary Phase 0.019ms
[0.509s][info][gc,phases,start] GC(26) Adjust Roots
[0.509s][info][gc,phases      ] GC(26) Adjust Roots 0.184ms
[0.509s][info][gc,phases,start] GC(26) Compaction Phase
[0.526s][info][gc,phases      ] GC(26) Compaction Phase 17.298ms
[0.526s][info][gc,phases,start] GC(26) Post Compact
[0.527s][info][gc,phases      ] GC(26) Post Compact 0.197ms
[0.527s][info][gc,heap        ] GC(26) PSYoungGen: 12768K(19968K)->7122K(19968K) Eden: 0K(7168K)->0K(7168K) From: 12768K(12800K)->7122K(12800K)
[0.527s][info][gc,heap        ] GC(26) ParOldGen: 47870K(52736K)->52299K(69120K)
[0.527s][info][gc,metaspace   ] GC(26) Metaspace: 6302K(6528K)->6302K(6528K) NonClass: 5769K(5888K)->5769K(5888K) Class: 533K(640K)->533K(640K)
[0.527s][info][gc             ] GC(26) Pause Full (Ergonomics) 59M->58M(87M) 48.533ms
[0.527s][info][gc,cpu         ] GC(26) User=0.05s Sys=0.00s Real=0.05s
[0.534s][info][gc,start       ] GC(27) Pause Young (Allocation Failure)
[0.547s][info][gc,heap        ] GC(27) PSYoungGen: 14290K(19968K)->7168K(24576K) Eden: 7168K(7168K)->0K(7168K) From: 7122K(12800K)->7168K(17408K)
[0.547s][info][gc,heap        ] GC(27) ParOldGen: 52299K(69120K)->59539K(69120K)
[0.547s][info][gc,metaspace   ] GC(27) Metaspace: 6302K(6528K)->6302K(6528K) NonClass: 5769K(5888K)->5769K(5888K) Class: 533K(640K)->533K(640K)
[0.547s][info][gc             ] GC(27) Pause Young (Allocation Failure) 65M->65M(91M) 12.826ms
[0.547s][info][gc,cpu         ] GC(27) User=0.00s Sys=0.00s Real=0.01s
[0.554s][info][gc,start       ] GC(28) Pause Young (Allocation Failure)
[0.564s][info][gc,heap        ] GC(28) PSYoungGen: 14336K(24576K)->14336K(23040K) Eden: 7168K(7168K)->0K(6656K) From: 7168K(17408K)->14336K(16384K)
[0.564s][info][gc,heap        ] GC(28) ParOldGen: 59539K(69120K)->59539K(69120K)
[0.564s][info][gc,metaspace   ] GC(28) Metaspace: 6302K(6528K)->6302K(6528K) NonClass: 5769K(5888K)->5769K(5888K) Class: 533K(640K)->533K(640K)
[0.564s][info][gc             ] GC(28) Pause Young (Allocation Failure) 72M->72M(90M) 10.348ms
[0.564s][info][gc,cpu         ] GC(28) User=0.02s Sys=0.00s Real=0.01s
[0.571s][info][gc,start       ] GC(29) Pause Young (Allocation Failure)
[0.584s][info][gc,heap        ] GC(29) PSYoungGen: 20992K(23040K)->13824K(25088K) Eden: 6656K(6656K)->0K(6656K) From: 14336K(16384K)->13824K(18432K)
[0.584s][info][gc,heap        ] GC(29) ParOldGen: 59539K(69120K)->66795K(69120K)
[0.584s][info][gc,metaspace   ] GC(29) Metaspace: 6302K(6528K)->6302K(6528K) NonClass: 5769K(5888K)->5769K(5888K) Class: 533K(640K)->533K(640K)
[0.584s][info][gc             ] GC(29) Pause Young (Allocation Failure) 78M->78M(92M) 13.603ms
[0.584s][info][gc,cpu         ] GC(29) User=0.02s Sys=0.00s Real=0.01s
[0.584s][info][gc,start       ] GC(30) Pause Full (Ergonomics)
[0.584s][info][gc,phases,start] GC(30) Marking Phase
[0.614s][info][gc,phases      ] GC(30) Marking Phase 30.253ms
[0.615s][info][gc,phases,start] GC(30) Summary Phase
[0.615s][info][gc,phases      ] GC(30) Summary Phase 0.020ms
[0.615s][info][gc,phases,start] GC(30) Adjust Roots
[0.615s][info][gc,phases      ] GC(30) Adjust Roots 0.182ms
[0.615s][info][gc,phases,start] GC(30) Compaction Phase
[0.633s][info][gc,phases      ] GC(30) Compaction Phase 18.579ms
[0.633s][info][gc,phases,start] GC(30) Post Compact
[0.634s][info][gc,phases      ] GC(30) Post Compact 0.321ms
[0.634s][info][gc,heap        ] GC(30) PSYoungGen: 13824K(25088K)->11209K(25088K) Eden: 0K(6656K)->0K(6656K) From: 13824K(18432K)->11209K(18432K)
[0.634s][info][gc,heap        ] GC(30) ParOldGen: 66795K(69120K)->69115K(89600K)
[0.634s][info][gc,metaspace   ] GC(30) Metaspace: 6302K(6528K)->6302K(6528K) NonClass: 5769K(5888K)->5769K(5888K) Class: 533K(640K)->533K(640K)
[0.634s][info][gc             ] GC(30) Pause Full (Ergonomics) 78M->78M(112M) 49.733ms
[0.634s][info][gc,cpu         ] GC(30) User=0.05s Sys=0.00s Real=0.05s
[0.641s][info][gc,start       ] GC(31) Pause Young (Allocation Failure)
[0.657s][info][gc,heap        ] GC(31) PSYoungGen: 17865K(25088K)->11936K(27648K) Eden: 6656K(6656K)->0K(8192K) From: 11209K(18432K)->11936K(19456K)
[0.657s][info][gc,heap        ] GC(31) ParOldGen: 69115K(89600K)->75163K(89600K)
[0.657s][info][gc,metaspace   ] GC(31) Metaspace: 6302K(6528K)->6302K(6528K) NonClass: 5769K(5888K)->5769K(5888K) Class: 533K(640K)->533K(640K)
[0.657s][info][gc             ] GC(31) Pause Young (Allocation Failure) 84M->85M(114M) 16.008ms
[0.657s][info][gc,cpu         ] GC(31) User=0.02s Sys=0.00s Real=0.02s
[0.671s][info][gc,start       ] GC(32) Pause Young (Allocation Failure)
[0.685s][info][gc,heap        ] GC(32) PSYoungGen: 20128K(27648K)->14848K(28160K) Eden: 8192K(8192K)->0K(8192K) From: 11936K(19456K)->14848K(19968K)
[0.685s][info][gc,heap        ] GC(32) ParOldGen: 75163K(89600K)->80523K(89600K)
[0.685s][info][gc,metaspace   ] GC(32) Metaspace: 6302K(6528K)->6302K(6528K) NonClass: 5769K(5888K)->5769K(5888K) Class: 533K(640K)->533K(640K)
[0.685s][info][gc             ] GC(32) Pause Young (Allocation Failure) 93M->93M(115M) 13.908ms
[0.685s][info][gc,cpu         ] GC(32) User=0.00s Sys=0.00s Real=0.01s
[0.685s][info][gc,start       ] GC(33) Pause Full (Ergonomics)
[0.685s][info][gc,phases,start] GC(33) Marking Phase
[0.720s][info][gc,phases      ] GC(33) Marking Phase 35.727ms
[0.721s][info][gc,phases,start] GC(33) Summary Phase
[0.721s][info][gc,phases      ] GC(33) Summary Phase 0.017ms
[0.721s][info][gc,phases,start] GC(33) Adjust Roots
[0.721s][info][gc,phases      ] GC(33) Adjust Roots 0.171ms
[0.721s][info][gc,phases,start] GC(33) Compaction Phase
[0.746s][info][gc,phases      ] GC(33) Compaction Phase 25.225ms
[0.746s][info][gc,phases,start] GC(33) Post Compact
[0.746s][info][gc,phases      ] GC(33) Post Compact 0.286ms
[0.746s][info][gc,heap        ] GC(33) PSYoungGen: 14848K(28160K)->3553K(28160K) Eden: 0K(8192K)->0K(8192K) From: 14848K(19968K)->3553K(19968K)
[0.746s][info][gc,heap        ] GC(33) ParOldGen: 80523K(89600K)->89527K(112128K)
[0.747s][info][gc,metaspace   ] GC(33) Metaspace: 6302K(6528K)->6302K(6528K) NonClass: 5769K(5888K)->5769K(5888K) Class: 533K(640K)->533K(640K)
[0.747s][info][gc             ] GC(33) Pause Full (Ergonomics) 93M->90M(137M) 61.836ms
[0.747s][info][gc,cpu         ] GC(33) User=0.09s Sys=0.00s Real=0.06s
[0.754s][info][gc,start       ] GC(34) Pause Young (Allocation Failure)
[0.765s][info][gc,heap        ] GC(34) PSYoungGen: 11745K(28160K)->10176K(29184K) Eden: 8192K(8192K)->0K(9728K) From: 3553K(19968K)->10176K(19456K)
[0.765s][info][gc,heap        ] GC(34) ParOldGen: 89527K(112128K)->91167K(112128K)
[0.765s][info][gc,metaspace   ] GC(34) Metaspace: 6302K(6528K)->6302K(6528K) NonClass: 5769K(5888K)->5769K(5888K) Class: 533K(640K)->533K(640K)
[0.765s][info][gc             ] GC(34) Pause Young (Allocation Failure) 98M->98M(138M) 11.546ms
[0.765s][info][gc,cpu         ] GC(34) User=0.00s Sys=0.00s Real=0.01s
[0.773s][info][gc,start       ] GC(35) Pause Young (Allocation Failure)
[0.783s][info][gc,heap        ] GC(35) PSYoungGen: 19904K(29184K)->19904K(30208K) Eden: 9728K(9728K)->0K(9728K) From: 10176K(19456K)->19904K(20480K)
[0.783s][info][gc,heap        ] GC(35) ParOldGen: 91167K(112128K)->91167K(112128K)
[0.784s][info][gc,metaspace   ] GC(35) Metaspace: 6302K(6528K)->6302K(6528K) NonClass: 5769K(5888K)->5769K(5888K) Class: 533K(640K)->533K(640K)
[0.784s][info][gc             ] GC(35) Pause Young (Allocation Failure) 108M->108M(139M) 10.341ms
[0.784s][info][gc,cpu         ] GC(35) User=0.02s Sys=0.00s Real=0.01s
[0.793s][info][gc,start       ] GC(36) Pause Young (Allocation Failure)
[0.809s][info][gc,heap        ] GC(36) PSYoungGen: 29632K(30208K)->23552K(29184K) Eden: 9728K(9728K)->0K(5632K) From: 19904K(20480K)->23552K(23552K)
[0.809s][info][gc,heap        ] GC(36) ParOldGen: 91167K(112128K)->97271K(112128K)
[0.809s][info][gc,metaspace   ] GC(36) Metaspace: 6302K(6528K)->6302K(6528K) NonClass: 5769K(5888K)->5769K(5888K) Class: 533K(640K)->533K(640K)
[0.809s][info][gc             ] GC(36) Pause Young (Allocation Failure) 117M->117M(138M) 16.619ms
[0.810s][info][gc,cpu         ] GC(36) User=0.03s Sys=0.00s Real=0.02s
[0.815s][info][gc,start       ] GC(37) Pause Young (Allocation Failure)
[0.831s][info][gc,heap        ] GC(37) PSYoungGen: 29184K(29184K)->19648K(34816K) Eden: 5632K(5632K)->0K(5632K) From: 23552K(23552K)->19648K(29184K)
[0.831s][info][gc,heap        ] GC(37) ParOldGen: 97271K(112128K)->106975K(112128K)
[0.831s][info][gc,metaspace   ] GC(37) Metaspace: 6302K(6528K)->6302K(6528K) NonClass: 5769K(5888K)->5769K(5888K) Class: 533K(640K)->533K(640K)
[0.831s][info][gc             ] GC(37) Pause Young (Allocation Failure) 123M->123M(143M) 16.459ms
[0.831s][info][gc,cpu         ] GC(37) User=0.03s Sys=0.00s Real=0.02s
[0.831s][info][gc,start       ] GC(38) Pause Full (Ergonomics)
[0.831s][info][gc,phases,start] GC(38) Marking Phase
[0.871s][info][gc,phases      ] GC(38) Marking Phase 39.196ms
[0.871s][info][gc,phases,start] GC(38) Summary Phase
[0.871s][info][gc,phases      ] GC(38) Summary Phase 0.017ms
[0.871s][info][gc,phases,start] GC(38) Adjust Roots
[0.871s][info][gc,phases      ] GC(38) Adjust Roots 0.155ms
[0.871s][info][gc,phases,start] GC(38) Compaction Phase
[0.891s][info][gc,phases      ] GC(38) Compaction Phase 20.169ms
[0.891s][info][gc,phases,start] GC(38) Post Compact
[0.892s][info][gc,phases      ] GC(38) Post Compact 0.562ms
[0.892s][info][gc,heap        ] GC(38) PSYoungGen: 19648K(34816K)->14451K(34816K) Eden: 0K(5632K)->0K(5632K) From: 19648K(29184K)->14451K(29184K)
[0.892s][info][gc,heap        ] GC(38) ParOldGen: 106975K(112128K)->111778K(137728K)
[0.892s][info][gc,metaspace   ] GC(38) Metaspace: 6302K(6528K)->6302K(6528K) NonClass: 5769K(5888K)->5769K(5888K) Class: 533K(640K)->533K(640K)
[0.892s][info][gc             ] GC(38) Pause Full (Ergonomics) 123M->123M(168M) 60.561ms
[0.892s][info][gc,cpu         ] GC(38) User=0.14s Sys=0.00s Real=0.06s
[0.898s][info][gc,start       ] GC(39) Pause Young (Allocation Failure)
[0.915s][info][gc,heap        ] GC(39) PSYoungGen: 20083K(34816K)->10176K(34304K) Eden: 5632K(5632K)->0K(6656K) From: 14451K(29184K)->10176K(27648K)
[0.915s][info][gc,heap        ] GC(39) ParOldGen: 111778K(137728K)->121906K(137728K)
[0.915s][info][gc,metaspace   ] GC(39) Metaspace: 6302K(6528K)->6302K(6528K) NonClass: 5769K(5888K)->5769K(5888K) Class: 533K(640K)->533K(640K)
[0.915s][info][gc             ] GC(39) Pause Young (Allocation Failure) 128M->128M(168M) 16.583ms
[0.915s][info][gc,cpu         ] GC(39) User=0.03s Sys=0.00s Real=0.02s
[0.921s][info][gc,start       ] GC(40) Pause Young (Allocation Failure)
[0.930s][info][gc,heap        ] GC(40) PSYoungGen: 16832K(34304K)->12320K(35840K) Eden: 6656K(6656K)->0K(6656K) From: 10176K(27648K)->12320K(29184K)
[0.930s][info][gc,heap        ] GC(40) ParOldGen: 121906K(137728K)->126482K(137728K)
[0.930s][info][gc,metaspace   ] GC(40) Metaspace: 6302K(6528K)->6302K(6528K) NonClass: 5769K(5888K)->5769K(5888K) Class: 533K(640K)->533K(640K)
[0.930s][info][gc             ] GC(40) Pause Young (Allocation Failure) 135M->135M(169M) 8.970ms
[0.930s][info][gc,cpu         ] GC(40) User=0.00s Sys=0.00s Real=0.01s
[0.930s][info][gc,start       ] GC(41) Pause Full (Ergonomics)
[0.930s][info][gc,phases,start] GC(41) Marking Phase
[0.967s][info][gc,phases      ] GC(41) Marking Phase 37.108ms
[0.967s][info][gc,phases,start] GC(41) Summary Phase
[0.967s][info][gc,phases      ] GC(41) Summary Phase 0.017ms
[0.967s][info][gc,phases,start] GC(41) Adjust Roots
[0.967s][info][gc,phases      ] GC(41) Adjust Roots 0.156ms
[0.967s][info][gc,phases,start] GC(41) Compaction Phase
[0.985s][info][gc,phases      ] GC(41) Compaction Phase 17.250ms
[0.985s][info][gc,phases,start] GC(41) Post Compact
[0.986s][info][gc,phases      ] GC(41) Post Compact 0.688ms
[0.986s][info][gc,heap        ] GC(41) PSYoungGen: 12320K(35840K)->987K(7680K) Eden: 0K(6656K)->0K(6656K) From: 12320K(29184K)->987K(1024K)
[0.986s][info][gc,heap        ] GC(41) ParOldGen: 126482K(137728K)->137470K(166400K)
[0.986s][info][gc,metaspace   ] GC(41) Metaspace: 6302K(6528K)->6302K(6528K) NonClass: 5769K(5888K)->5769K(5888K) Class: 533K(640K)->533K(640K)
[0.986s][info][gc             ] GC(41) Pause Full (Ergonomics) 135M->135M(170M) 55.797ms
[0.986s][info][gc,cpu         ] GC(41) User=0.17s Sys=0.05s Real=0.05s
[0.993s][info][gc,start       ] GC(42) Pause Young (Allocation Failure)
[1.005s][info][gc,heap        ] GC(42) PSYoungGen: 7643K(7680K)->7424K(34304K) Eden: 6656K(6656K)->0K(7680K) From: 987K(1024K)->7424K(26624K)
[1.005s][info][gc,heap        ] GC(42) ParOldGen: 137470K(166400K)->137734K(166400K)
[1.005s][info][gc,metaspace   ] GC(42) Metaspace: 6302K(6528K)->6302K(6528K) NonClass: 5769K(5888K)->5769K(5888K) Class: 533K(640K)->533K(640K)
[1.005s][info][gc             ] GC(42) Pause Young (Allocation Failure) 141M->141M(196M) 12.625ms
[1.005s][info][gc,cpu         ] GC(42) User=0.00s Sys=0.00s Real=0.01s
[1.012s][info][gc,start       ] GC(43) Pause Young (Allocation Failure)
[1.022s][info][gc,heap        ] GC(43) PSYoungGen: 15104K(34304K)->15104K(34816K) Eden: 7680K(7680K)->0K(7680K) From: 7424K(26624K)->15104K(27136K)
[1.022s][info][gc,heap        ] GC(43) ParOldGen: 137734K(166400K)->137734K(166400K)
[1.022s][info][gc,metaspace   ] GC(43) Metaspace: 6302K(6528K)->6302K(6528K) NonClass: 5769K(5888K)->5769K(5888K) Class: 533K(640K)->533K(640K)
[1.022s][info][gc             ] GC(43) Pause Young (Allocation Failure) 149M->149M(196M) 9.406ms
[1.022s][info][gc,cpu         ] GC(43) User=0.00s Sys=0.00s Real=0.01s
[1.030s][info][gc,start       ] GC(44) Pause Young (Allocation Failure)
[1.041s][info][gc,heap        ] GC(44) PSYoungGen: 22784K(34816K)->22752K(33280K) Eden: 7680K(7680K)->0K(6656K) From: 15104K(27136K)->22752K(26624K)
[1.041s][info][gc,heap        ] GC(44) ParOldGen: 137734K(166400K)->137734K(166400K)
[1.041s][info][gc,metaspace   ] GC(44) Metaspace: 6302K(6528K)->6302K(6528K) NonClass: 5769K(5888K)->5769K(5888K) Class: 533K(640K)->533K(640K)
[1.041s][info][gc             ] GC(44) Pause Young (Allocation Failure) 156M->156M(195M) 11.423ms
[1.041s][info][gc,cpu         ] GC(44) User=0.02s Sys=0.00s Real=0.01s
[1.047s][info][gc,start       ] GC(45) Pause Young (Allocation Failure)
[1.062s][info][gc,heap        ] GC(45) PSYoungGen: 29408K(33280K)->28672K(35840K) Eden: 6656K(6656K)->0K(6656K) From: 22752K(26624K)->28672K(29184K)
[1.062s][info][gc,heap        ] GC(45) ParOldGen: 137734K(166400K)->138494K(166400K)
[1.062s][info][gc,metaspace   ] GC(45) Metaspace: 6302K(6528K)->6302K(6528K) NonClass: 5769K(5888K)->5769K(5888K) Class: 533K(640K)->533K(640K)
[1.062s][info][gc             ] GC(45) Pause Young (Allocation Failure) 163M->163M(197M) 14.707ms
[1.062s][info][gc,cpu         ] GC(45) User=0.00s Sys=0.00s Real=0.02s
[1.070s][info][gc,start       ] GC(46) Pause Young (Allocation Failure)
[1.093s][info][gc,heap        ] GC(46) PSYoungGen: 35328K(35840K)->28672K(38400K) Eden: 6656K(6656K)->0K(5120K) From: 28672K(29184K)->28672K(33280K)
[1.093s][info][gc,heap        ] GC(46) ParOldGen: 138494K(166400K)->145238K(166400K)
[1.093s][info][gc,metaspace   ] GC(46) Metaspace: 6302K(6528K)->6302K(6528K) NonClass: 5769K(5888K)->5769K(5888K) Class: 533K(640K)->533K(640K)
[1.093s][info][gc             ] GC(46) Pause Young (Allocation Failure) 169M->169M(200M) 23.440ms
[1.093s][info][gc,cpu         ] GC(46) User=0.06s Sys=0.00s Real=0.02s
[1.130s][info][gc,start       ] GC(47) Pause Young (Allocation Failure)
[1.155s][info][gc,heap        ] GC(47) PSYoungGen: 33792K(38400K)->18464K(41472K) Eden: 5120K(5120K)->0K(5120K) From: 28672K(33280K)->18464K(36352K)
[1.155s][info][gc,heap        ] GC(47) ParOldGen: 153430K(166400K)->168990K(169472K)
[1.155s][info][gc,metaspace   ] GC(47) Metaspace: 6302K(6528K)->6302K(6528K) NonClass: 5769K(5888K)->5769K(5888K) Class: 533K(640K)->533K(640K)
[1.155s][info][gc             ] GC(47) Pause Young (Allocation Failure) 182M->183M(206M) 24.948ms
[1.155s][info][gc,cpu         ] GC(47) User=0.05s Sys=0.00s Real=0.03s
[1.155s][info][gc,start       ] GC(48) Pause Full (Ergonomics)
[1.155s][info][gc,phases,start] GC(48) Marking Phase
[1.210s][info][gc,phases      ] GC(48) Marking Phase 54.096ms
[1.210s][info][gc,phases,start] GC(48) Summary Phase
[1.210s][info][gc,phases      ] GC(48) Summary Phase 0.017ms
[1.210s][info][gc,phases,start] GC(48) Adjust Roots
[1.210s][info][gc,phases      ] GC(48) Adjust Roots 0.266ms
[1.210s][info][gc,phases,start] GC(48) Compaction Phase
[1.250s][info][gc,phases      ] GC(48) Compaction Phase 39.832ms
[1.250s][info][gc,phases,start] GC(48) Post Compact
[1.251s][info][gc,phases      ] GC(48) Post Compact 0.800ms
[1.251s][info][gc,heap        ] GC(48) PSYoungGen: 18464K(41472K)->13742K(41472K) Eden: 0K(5120K)->0K(5120K) From: 18464K(36352K)->13742K(36352K)
[1.251s][info][gc,heap        ] GC(48) ParOldGen: 168990K(169472K)->169076K(202752K)
[1.251s][info][gc,metaspace   ] GC(48) Metaspace: 6302K(6528K)->6302K(6528K) NonClass: 5769K(5888K)->5769K(5888K) Class: 533K(640K)->533K(640K)
[1.251s][info][gc             ] GC(48) Pause Full (Ergonomics) 183M->178M(238M) 95.442ms
[1.251s][info][gc,cpu         ] GC(48) User=0.12s Sys=0.00s Real=0.10s
[1.257s][info][gc,start       ] GC(49) Pause Young (Allocation Failure)
[1.277s][info][gc,heap        ] GC(49) PSYoungGen: 18862K(41472K)->8768K(40448K) Eden: 5120K(5120K)->0K(6144K) From: 13742K(36352K)->8768K(34304K)
[1.277s][info][gc,heap        ] GC(49) ParOldGen: 169076K(202752K)->179388K(202752K)
[1.277s][info][gc,metaspace   ] GC(49) Metaspace: 6302K(6528K)->6302K(6528K) NonClass: 5769K(5888K)->5769K(5888K) Class: 533K(640K)->533K(640K)
[1.277s][info][gc             ] GC(49) Pause Young (Allocation Failure) 183M->183M(237M) 19.841ms
[1.277s][info][gc,cpu         ] GC(49) User=0.03s Sys=0.02s Real=0.02s
[1.284s][info][gc,start       ] GC(50) Pause Young (Allocation Failure)
[1.293s][info][gc,heap        ] GC(50) PSYoungGen: 14912K(40448K)->11296K(40960K) Eden: 6144K(6144K)->0K(6144K) From: 8768K(34304K)->11296K(34816K)
[1.293s][info][gc,heap        ] GC(50) ParOldGen: 179388K(202752K)->183052K(202752K)
[1.293s][info][gc,metaspace   ] GC(50) Metaspace: 6302K(6528K)->6302K(6528K) NonClass: 5769K(5888K)->5769K(5888K) Class: 533K(640K)->533K(640K)
[1.293s][info][gc             ] GC(50) Pause Young (Allocation Failure) 189M->189M(238M) 9.260ms
[1.293s][info][gc,cpu         ] GC(50) User=0.00s Sys=0.00s Real=0.01s
[1.299s][info][gc,start       ] GC(51) Pause Young (Allocation Failure)
[1.308s][info][gc,heap        ] GC(51) PSYoungGen: 17440K(40960K)->12320K(37888K) Eden: 6144K(6144K)->0K(7168K) From: 11296K(34816K)->12320K(30720K)
[1.308s][info][gc,heap        ] GC(51) ParOldGen: 183052K(202752K)->188228K(202752K)
[1.308s][info][gc,metaspace   ] GC(51) Metaspace: 6302K(6528K)->6302K(6528K) NonClass: 5769K(5888K)->5769K(5888K) Class: 533K(640K)->533K(640K)
[1.308s][info][gc             ] GC(51) Pause Young (Allocation Failure) 195M->195M(235M) 9.529ms
[1.308s][info][gc,cpu         ] GC(51) User=0.00s Sys=0.00s Real=0.01s
[1.316s][info][gc,start       ] GC(52) Pause Young (Allocation Failure)
[1.327s][info][gc,heap        ] GC(52) PSYoungGen: 19488K(37888K)->7200K(39424K) Eden: 7168K(7168K)->0K(7168K) From: 12320K(30720K)->7200K(32256K)
[1.327s][info][gc,heap        ] GC(52) ParOldGen: 188228K(202752K)->200644K(202752K)
[1.327s][info][gc,metaspace   ] GC(52) Metaspace: 6302K(6528K)->6302K(6528K) NonClass: 5769K(5888K)->5769K(5888K) Class: 533K(640K)->533K(640K)
[1.327s][info][gc             ] GC(52) Pause Young (Allocation Failure) 202M->202M(236M) 11.838ms
[1.327s][info][gc,cpu         ] GC(52) User=0.00s Sys=0.00s Real=0.01s
[1.327s][info][gc,start       ] GC(53) Pause Full (Ergonomics)
[1.327s][info][gc,phases,start] GC(53) Marking Phase
[1.382s][info][gc,phases      ] GC(53) Marking Phase 54.338ms
[1.382s][info][gc,phases,start] GC(53) Summary Phase
[1.382s][info][gc,phases      ] GC(53) Summary Phase 0.018ms
[1.382s][info][gc,phases,start] GC(53) Adjust Roots
[1.382s][info][gc,phases      ] GC(53) Adjust Roots 0.156ms
[1.382s][info][gc,phases,start] GC(53) Compaction Phase
[1.408s][info][gc,phases      ] GC(53) Compaction Phase 26.194ms
[1.408s][info][gc,phases,start] GC(53) Post Compact
[1.410s][info][gc,phases      ] GC(53) Post Compact 1.186ms
[1.410s][info][gc,heap        ] GC(53) PSYoungGen: 7200K(39424K)->4579K(39424K) Eden: 0K(7168K)->0K(7168K) From: 7200K(32256K)->4579K(32256K)
[1.410s][info][gc,heap        ] GC(53) ParOldGen: 200644K(202752K)->202687K(239616K)
[1.410s][info][gc,metaspace   ] GC(53) Metaspace: 6302K(6528K)->6302K(6528K) NonClass: 5769K(5888K)->5769K(5888K) Class: 533K(640K)->533K(640K)
[1.410s][info][gc             ] GC(53) Pause Full (Ergonomics) 202M->202M(272M) 82.421ms
[1.410s][info][gc,cpu         ] GC(53) User=0.22s Sys=0.00s Real=0.08s
[1.418s][info][gc,start       ] GC(54) Pause Young (Allocation Failure)
[1.435s][info][gc,heap        ] GC(54) PSYoungGen: 11747K(39424K)->7232K(38400K) Eden: 7168K(7168K)->0K(8192K) From: 4579K(32256K)->7232K(30208K)
[1.435s][info][gc,heap        ] GC(54) ParOldGen: 202687K(239616K)->207359K(239616K)
[1.435s][info][gc,metaspace   ] GC(54) Metaspace: 6302K(6528K)->6302K(6528K) NonClass: 5769K(5888K)->5769K(5888K) Class: 533K(640K)->533K(640K)
[1.435s][info][gc             ] GC(54) Pause Young (Allocation Failure) 209M->209M(271M) 17.113ms
[1.435s][info][gc,cpu         ] GC(54) User=0.02s Sys=0.00s Real=0.02s
[1.444s][info][gc,start       ] GC(55) Pause Young (Allocation Failure)
[1.454s][info][gc,heap        ] GC(55) PSYoungGen: 15424K(38400K)->8256K(39424K) Eden: 8192K(8192K)->0K(8192K) From: 7232K(30208K)->8256K(31232K)
[1.454s][info][gc,heap        ] GC(55) ParOldGen: 207359K(239616K)->214623K(239616K)
[1.454s][info][gc,metaspace   ] GC(55) Metaspace: 6302K(6528K)->6302K(6528K) NonClass: 5769K(5888K)->5769K(5888K) Class: 533K(640K)->533K(640K)
[1.454s][info][gc             ] GC(55) Pause Young (Allocation Failure) 217M->217M(272M) 10.271ms
[1.454s][info][gc,cpu         ] GC(55) User=0.02s Sys=0.00s Real=0.01s
[1.463s][info][gc,start       ] GC(56) Pause Young (Allocation Failure)
[1.473s][info][gc,heap        ] GC(56) PSYoungGen: 16448K(39424K)->8256K(38912K) Eden: 8192K(8192K)->0K(9728K) From: 8256K(31232K)->8256K(29184K)
[1.474s][info][gc,heap        ] GC(56) ParOldGen: 214623K(239616K)->222919K(239616K)
[1.474s][info][gc,metaspace   ] GC(56) Metaspace: 6302K(6528K)->6302K(6528K) NonClass: 5769K(5888K)->5769K(5888K) Class: 533K(640K)->533K(640K)
[1.474s][info][gc             ] GC(56) Pause Young (Allocation Failure) 225M->225M(272M) 10.410ms
[1.474s][info][gc,cpu         ] GC(56) User=0.02s Sys=0.00s Real=0.01s
[1.485s][info][gc,start       ] GC(57) Pause Young (Allocation Failure)
[1.498s][info][gc,heap        ] GC(57) PSYoungGen: 17984K(38912K)->9792K(39424K) Eden: 9728K(9728K)->0K(9728K) From: 8256K(29184K)->9792K(29696K)
[1.498s][info][gc,heap        ] GC(57) ParOldGen: 222919K(239616K)->231231K(239616K)
[1.498s][info][gc,metaspace   ] GC(57) Metaspace: 6302K(6528K)->6302K(6528K) NonClass: 5769K(5888K)->5769K(5888K) Class: 533K(640K)->533K(640K)
[1.498s][info][gc             ] GC(57) Pause Young (Allocation Failure) 235M->235M(272M) 12.494ms
[1.498s][info][gc,cpu         ] GC(57) User=0.00s Sys=0.00s Real=0.01s
[1.498s][info][gc,start       ] GC(58) Pause Full (Ergonomics)
[1.498s][info][gc,phases,start] GC(58) Marking Phase
[1.564s][info][gc,phases      ] GC(58) Marking Phase 66.208ms
[1.564s][info][gc,phases,start] GC(58) Summary Phase
[1.564s][info][gc,phases      ] GC(58) Summary Phase 0.019ms
[1.564s][info][gc,phases,start] GC(58) Adjust Roots
[1.564s][info][gc,phases      ] GC(58) Adjust Roots 0.192ms
[1.564s][info][gc,phases,start] GC(58) Compaction Phase
[1.592s][info][gc,phases      ] GC(58) Compaction Phase 27.966ms
[1.592s][info][gc,phases,start] GC(58) Post Compact
[1.594s][info][gc,phases      ] GC(58) Post Compact 1.614ms
[1.594s][info][gc,heap        ] GC(58) PSYoungGen: 9792K(39424K)->1020K(39424K) Eden: 0K(9728K)->0K(9728K) From: 9792K(29696K)->1020K(29696K)
[1.594s][info][gc,heap        ] GC(58) ParOldGen: 231231K(239616K)->239404K(277504K)
[1.594s][info][gc,metaspace   ] GC(58) Metaspace: 6302K(6528K)->6302K(6528K) NonClass: 5769K(5888K)->5769K(5888K) Class: 533K(640K)->533K(640K)
[1.594s][info][gc             ] GC(58) Pause Full (Ergonomics) 235M->234M(309M) 96.600ms
[1.594s][info][gc,cpu         ] GC(58) User=0.47s Sys=0.00s Real=0.10s
[1.605s][info][gc,start       ] GC(59) Pause Young (Allocation Failure)
[1.627s][info][gc,heap        ] GC(59) PSYoungGen: 10748K(39424K)->9856K(37376K) Eden: 9728K(9728K)->0K(11264K) From: 1020K(29696K)->9856K(26112K)
[1.627s][info][gc,heap        ] GC(59) ParOldGen: 239404K(277504K)->240468K(277504K)
[1.627s][info][gc,metaspace   ] GC(59) Metaspace: 6302K(6528K)->6302K(6528K) NonClass: 5769K(5888K)->5769K(5888K) Class: 533K(640K)->533K(640K)
[1.627s][info][gc             ] GC(59) Pause Young (Allocation Failure) 244M->244M(307M) 21.585ms
[1.627s][info][gc,cpu         ] GC(59) User=0.09s Sys=0.00s Real=0.02s
[1.640s][info][gc,start       ] GC(60) Pause Young (Allocation Failure)
[1.652s][info][gc,heap        ] GC(60) PSYoungGen: 21120K(37376K)->21056K(38400K) Eden: 11264K(11264K)->0K(11264K) From: 9856K(26112K)->21056K(27136K)
[1.652s][info][gc,heap        ] GC(60) ParOldGen: 240468K(277504K)->240468K(277504K)
[1.652s][info][gc,metaspace   ] GC(60) Metaspace: 6302K(6528K)->6302K(6528K) NonClass: 5769K(5888K)->5769K(5888K) Class: 533K(640K)->533K(640K)
[1.652s][info][gc             ] GC(60) Pause Young (Allocation Failure) 255M->255M(308M) 12.601ms
[1.652s][info][gc,cpu         ] GC(60) User=0.00s Sys=0.00s Real=0.01s
[1.665s][info][gc,start       ] GC(61) Pause Young (Allocation Failure)
[1.682s][info][gc,heap        ] GC(61) PSYoungGen: 32320K(38400K)->29184K(36352K) Eden: 11264K(11264K)->0K(7168K) From: 21056K(27136K)->29184K(29184K)
[1.683s][info][gc,heap        ] GC(61) ParOldGen: 240468K(277504K)->243564K(277504K)
[1.683s][info][gc,metaspace   ] GC(61) Metaspace: 6302K(6528K)->6302K(6528K) NonClass: 5769K(5888K)->5769K(5888K) Class: 533K(640K)->533K(640K)
[1.683s][info][gc             ] GC(61) Pause Young (Allocation Failure) 266M->266M(306M) 17.741ms
[1.683s][info][gc,cpu         ] GC(61) User=0.03s Sys=0.00s Real=0.02s
[1.691s][info][gc,start       ] GC(62) Pause Young (Allocation Failure)
[1.709s][info][gc,heap        ] GC(62) PSYoungGen: 36352K(36352K)->17760K(41984K) Eden: 7168K(7168K)->0K(7168K) From: 29184K(29184K)->17760K(34816K)
[1.709s][info][gc,heap        ] GC(62) ParOldGen: 243564K(277504K)->262500K(277504K)
[1.709s][info][gc,metaspace   ] GC(62) Metaspace: 6302K(6528K)->6302K(6528K) NonClass: 5769K(5888K)->5769K(5888K) Class: 533K(640K)->533K(640K)
[1.709s][info][gc             ] GC(62) Pause Young (Allocation Failure) 273M->273M(312M) 18.145ms
[1.709s][info][gc,cpu         ] GC(62) User=0.11s Sys=0.00s Real=0.02s
[1.709s][info][gc,start       ] GC(63) Pause Full (Ergonomics)
[1.709s][info][gc,phases,start] GC(63) Marking Phase
[1.775s][info][gc,phases      ] GC(63) Marking Phase 66.053ms
[1.775s][info][gc,phases,start] GC(63) Summary Phase
[1.775s][info][gc,phases      ] GC(63) Summary Phase 0.018ms
[1.775s][info][gc,phases,start] GC(63) Adjust Roots
[1.775s][info][gc,phases      ] GC(63) Adjust Roots 0.148ms
[1.775s][info][gc,phases,start] GC(63) Compaction Phase
[1.801s][info][gc,phases      ] GC(63) Compaction Phase 26.089ms
[1.801s][info][gc,phases,start] GC(63) Post Compact
[1.803s][info][gc,phases      ] GC(63) Post Compact 1.259ms
[1.803s][info][gc,heap        ] GC(63) PSYoungGen: 17760K(41984K)->2304K(41984K) Eden: 0K(7168K)->0K(7168K) From: 17760K(34816K)->2304K(34816K)
[1.803s][info][gc,heap        ] GC(63) ParOldGen: 262500K(277504K)->277412K(321536K)
[1.803s][info][gc,metaspace   ] GC(63) Metaspace: 6302K(6528K)->6302K(6528K) NonClass: 5769K(5888K)->5769K(5888K) Class: 533K(640K)->533K(640K)
[1.803s][info][gc             ] GC(63) Pause Full (Ergonomics) 273M->273M(355M) 94.208ms
[1.803s][info][gc,cpu         ] GC(63) User=0.50s Sys=0.02s Real=0.09s
[1.812s][info][gc,start       ] GC(64) Pause Young (Allocation Failure)
[1.829s][info][gc,heap        ] GC(64) PSYoungGen: 9472K(41984K)->8448K(40960K) Eden: 7168K(7168K)->0K(8192K) From: 2304K(34816K)->8448K(32768K)
[1.829s][info][gc,heap        ] GC(64) ParOldGen: 277412K(321536K)->278580K(321536K)
[1.829s][info][gc,metaspace   ] GC(64) Metaspace: 6302K(6528K)->6302K(6528K) NonClass: 5769K(5888K)->5769K(5888K) Class: 533K(640K)->533K(640K)
[1.829s][info][gc             ] GC(64) Pause Young (Allocation Failure) 280M->280M(354M) 17.313ms
[1.829s][info][gc,cpu         ] GC(64) User=0.02s Sys=0.00s Real=0.02s
[1.838s][info][gc,start       ] GC(65) Pause Young (Allocation Failure)
[1.847s][info][gc,heap        ] GC(65) PSYoungGen: 16640K(40960K)->16640K(41472K) Eden: 8192K(8192K)->0K(8192K) From: 8448K(32768K)->16640K(33280K)
[1.848s][info][gc,heap        ] GC(65) ParOldGen: 278580K(321536K)->278580K(321536K)
[1.848s][info][gc,metaspace   ] GC(65) Metaspace: 6302K(6528K)->6302K(6528K) NonClass: 5769K(5888K)->5769K(5888K) Class: 533K(640K)->533K(640K)
[1.848s][info][gc             ] GC(65) Pause Young (Allocation Failure) 288M->288M(354M) 9.182ms
[1.848s][info][gc,cpu         ] GC(65) User=0.02s Sys=0.00s Real=0.01s
[1.857s][info][gc,start       ] GC(66) Pause Young (Allocation Failure)
[1.869s][info][gc,heap        ] GC(66) PSYoungGen: 24832K(41472K)->23616K(39936K) Eden: 8192K(8192K)->0K(7680K) From: 16640K(33280K)->23616K(32256K)
[1.869s][info][gc,heap        ] GC(66) ParOldGen: 278580K(321536K)->279788K(321536K)
[1.869s][info][gc,metaspace   ] GC(66) Metaspace: 6302K(6528K)->6302K(6528K) NonClass: 5769K(5888K)->5769K(5888K) Class: 533K(640K)->533K(640K)
[1.869s][info][gc             ] GC(66) Pause Young (Allocation Failure) 296M->296M(353M) 12.407ms
[1.869s][info][gc,cpu         ] GC(66) User=0.02s Sys=0.00s Real=0.01s
[1.878s][info][gc,start       ] GC(67) Pause Young (Allocation Failure)
[1.893s][info][gc,heap        ] GC(67) PSYoungGen: 31296K(39936K)->24128K(41472K) Eden: 7680K(7680K)->0K(7680K) From: 23616K(32256K)->24128K(33792K)
[1.893s][info][gc,heap        ] GC(67) ParOldGen: 279788K(321536K)->287068K(321536K)
[1.893s][info][gc,metaspace   ] GC(67) Metaspace: 6302K(6528K)->6302K(6528K) NonClass: 5769K(5888K)->5769K(5888K) Class: 533K(640K)->533K(640K)
[1.893s][info][gc             ] GC(67) Pause Young (Allocation Failure) 303M->303M(354M) 14.838ms
[1.893s][info][gc,cpu         ] GC(67) User=0.02s Sys=0.00s Real=0.02s
[1.902s][info][gc,start       ] GC(68) Pause Young (Allocation Failure)
[1.917s][info][gc,heap        ] GC(68) PSYoungGen: 31808K(41472K)->23584K(43008K) Eden: 7680K(7680K)->0K(8192K) From: 24128K(33792K)->23584K(34816K)
[1.917s][info][gc,heap        ] GC(68) ParOldGen: 287068K(321536K)->295380K(321536K)
[1.917s][info][gc,metaspace   ] GC(68) Metaspace: 6302K(6528K)->6302K(6528K) NonClass: 5769K(5888K)->5769K(5888K) Class: 533K(640K)->533K(640K)
[1.917s][info][gc             ] GC(68) Pause Young (Allocation Failure) 311M->311M(356M) 15.599ms
[1.917s][info][gc,cpu         ] GC(68) User=0.02s Sys=0.00s Real=0.02s
[1.926s][info][gc,start       ] GC(69) Pause Young (Allocation Failure)
[1.942s][info][gc,heap        ] GC(69) PSYoungGen: 31776K(43008K)->16000K(44032K) Eden: 8192K(8192K)->0K(8192K) From: 23584K(34816K)->16000K(35840K)
[1.942s][info][gc,heap        ] GC(69) ParOldGen: 295380K(321536K)->311428K(321536K)
[1.942s][info][gc,metaspace   ] GC(69) Metaspace: 6302K(6528K)->6302K(6528K) NonClass: 5769K(5888K)->5769K(5888K) Class: 533K(640K)->533K(640K)
[1.942s][info][gc             ] GC(69) Pause Young (Allocation Failure) 319M->319M(357M) 15.937ms
[1.942s][info][gc,cpu         ] GC(69) User=0.02s Sys=0.02s Real=0.02s
[1.942s][info][gc,start       ] GC(70) Pause Full (Ergonomics)
[1.942s][info][gc,phases,start] GC(70) Marking Phase
[2.014s][info][gc,phases      ] GC(70) Marking Phase 71.395ms
[2.014s][info][gc,phases,start] GC(70) Summary Phase
[2.014s][info][gc,phases      ] GC(70) Summary Phase 0.026ms
[2.014s][info][gc,phases,start] GC(70) Adjust Roots
[2.014s][info][gc,phases      ] GC(70) Adjust Roots 0.157ms
[2.014s][info][gc,phases,start] GC(70) Compaction Phase
[2.044s][info][gc,phases      ] GC(70) Compaction Phase 29.648ms
[2.044s][info][gc,phases,start] GC(70) Post Compact
[2.045s][info][gc,phases      ] GC(70) Post Compact 1.698ms
[2.046s][info][gc,heap        ] GC(70) PSYoungGen: 16000K(44032K)->5590K(44032K) Eden: 0K(8192K)->0K(8192K) From: 16000K(35840K)->5590K(35840K)
[2.046s][info][gc,heap        ] GC(70) ParOldGen: 311428K(321536K)->321040K(368640K)
[2.046s][info][gc,metaspace   ] GC(70) Metaspace: 6302K(6528K)->6302K(6528K) NonClass: 5769K(5888K)->5769K(5888K) Class: 533K(640K)->533K(640K)
[2.046s][info][gc             ] GC(70) Pause Full (Ergonomics) 319M->318M(403M) 103.476ms
[2.046s][info][gc,cpu         ] GC(70) User=0.59s Sys=0.00s Real=0.10s
[2.056s][info][gc,start       ] GC(71) Pause Young (Allocation Failure)
[2.077s][info][gc,heap        ] GC(71) PSYoungGen: 13782K(44032K)->8288K(41984K) Eden: 8192K(8192K)->0K(9216K) From: 5590K(35840K)->8288K(32768K)
[2.077s][info][gc,heap        ] GC(71) ParOldGen: 321040K(368640K)->326736K(368640K)
[2.077s][info][gc,metaspace   ] GC(71) Metaspace: 6302K(6528K)->6302K(6528K) NonClass: 5769K(5888K)->5769K(5888K) Class: 533K(640K)->533K(640K)
[2.077s][info][gc             ] GC(71) Pause Young (Allocation Failure) 326M->327M(401M) 21.282ms
[2.077s][info][gc,cpu         ] GC(71) User=0.12s Sys=0.00s Real=0.02s
[2.087s][info][gc,start       ] GC(72) Pause Young (Allocation Failure)
[2.097s][info][gc,heap        ] GC(72) PSYoungGen: 17504K(41984K)->9344K(43008K) Eden: 9216K(9216K)->0K(9216K) From: 8288K(32768K)->9344K(33792K)
[2.097s][info][gc,heap        ] GC(72) ParOldGen: 326736K(368640K)->335056K(368640K)
[2.097s][info][gc,metaspace   ] GC(72) Metaspace: 6302K(6528K)->6302K(6528K) NonClass: 5769K(5888K)->5769K(5888K) Class: 533K(640K)->533K(640K)
[2.097s][info][gc             ] GC(72) Pause Young (Allocation Failure) 336M->336M(402M) 10.044ms
[2.097s][info][gc,cpu         ] GC(72) User=0.02s Sys=0.00s Real=0.01s
[2.165s][info][gc,start       ] GC(73) Pause Full (Ergonomics)
[2.165s][info][gc,phases,start] GC(73) Marking Phase
[2.240s][info][gc,phases      ] GC(73) Marking Phase 74.688ms
[2.240s][info][gc,phases,start] GC(73) Summary Phase
[2.240s][info][gc,phases      ] GC(73) Summary Phase 0.025ms
[2.240s][info][gc,phases,start] GC(73) Adjust Roots
[2.240s][info][gc,phases      ] GC(73) Adjust Roots 0.161ms
[2.240s][info][gc,phases,start] GC(73) Compaction Phase
[2.304s][info][gc,phases      ] GC(73) Compaction Phase 64.076ms
[2.304s][info][gc,phases,start] GC(73) Post Compact
[2.306s][info][gc,phases      ] GC(73) Post Compact 1.949ms
[2.306s][info][gc,heap        ] GC(73) PSYoungGen: 18560K(43008K)->0K(43008K) Eden: 9216K(9216K)->0K(10240K) From: 9344K(33792K)->0K(32768K)
[2.306s][info][gc,heap        ] GC(73) ParOldGen: 351440K(368640K)->361347K(410624K)
[2.306s][info][gc,metaspace   ] GC(73) Metaspace: 6302K(6528K)->6302K(6528K) NonClass: 5769K(5888K)->5769K(5888K) Class: 533K(640K)->533K(640K)
[2.306s][info][gc             ] GC(73) Pause Full (Ergonomics) 361M->352M(443M) 141.497ms
[2.306s][info][gc,cpu         ] GC(73) User=0.78s Sys=0.00s Real=0.14s
[2.318s][info][gc,start       ] GC(74) Pause Young (Allocation Failure)
[2.326s][info][gc,heap        ] GC(74) PSYoungGen: 10240K(43008K)->10336K(43520K) Eden: 10240K(10240K)->0K(10240K) From: 0K(32768K)->10336K(33280K)
[2.326s][info][gc,heap        ] GC(74) ParOldGen: 361347K(410624K)->361347K(410624K)
[2.326s][info][gc,metaspace   ] GC(74) Metaspace: 6302K(6528K)->6302K(6528K) NonClass: 5769K(5888K)->5769K(5888K) Class: 533K(640K)->533K(640K)
[2.326s][info][gc             ] GC(74) Pause Young (Allocation Failure) 362M->362M(443M) 8.101ms
[2.326s][info][gc,cpu         ] GC(74) User=0.00s Sys=0.00s Real=0.01s
[2.336s][info][gc,start       ] GC(75) Pause Young (Allocation Failure)
[2.348s][info][gc,heap        ] GC(75) PSYoungGen: 20576K(43520K)->20608K(43008K) Eden: 10240K(10240K)->0K(10752K) From: 10336K(33280K)->20608K(32256K)
[2.348s][info][gc,heap        ] GC(75) ParOldGen: 361347K(410624K)->361347K(410624K)
[2.348s][info][gc,metaspace   ] GC(75) Metaspace: 6302K(6528K)->6302K(6528K) NonClass: 5769K(5888K)->5769K(5888K) Class: 533K(640K)->533K(640K)
[2.348s][info][gc             ] GC(75) Pause Young (Allocation Failure) 372M->373M(443M) 11.439ms
[2.348s][info][gc,cpu         ] GC(75) User=0.02s Sys=0.00s Real=0.01s
[2.359s][info][gc,start       ] GC(76) Pause Young (Allocation Failure)
[2.374s][info][gc,heap        ] GC(76) PSYoungGen: 31360K(43008K)->31328K(43520K) Eden: 10752K(10752K)->0K(10752K) From: 20608K(32256K)->31328K(32768K)
[2.374s][info][gc,heap        ] GC(76) ParOldGen: 361347K(410624K)->361347K(410624K)
[2.374s][info][gc,metaspace   ] GC(76) Metaspace: 6302K(6528K)->6302K(6528K) NonClass: 5769K(5888K)->5769K(5888K) Class: 533K(640K)->533K(640K)
[2.374s][info][gc             ] GC(76) Pause Young (Allocation Failure) 383M->383M(443M) 14.856ms
[2.374s][info][gc,cpu         ] GC(76) User=0.00s Sys=0.00s Real=0.01s
[2.384s][info][gc,start       ] GC(77) Pause Young (Allocation Failure)
[2.403s][info][gc,heap        ] GC(77) PSYoungGen: 42080K(43520K)->31808K(45568K) Eden: 10752K(10752K)->0K(8704K) From: 31328K(32768K)->31808K(36864K)
[2.403s][info][gc,heap        ] GC(77) ParOldGen: 361347K(410624K)->371723K(410624K)
[2.403s][info][gc,metaspace   ] GC(77) Metaspace: 6302K(6528K)->6302K(6528K) NonClass: 5769K(5888K)->5769K(5888K) Class: 533K(640K)->533K(640K)
[2.403s][info][gc             ] GC(77) Pause Young (Allocation Failure) 393M->394M(445M) 19.579ms
[2.403s][info][gc,cpu         ] GC(77) User=0.08s Sys=0.05s Real=0.02s
[2.413s][info][gc,start       ] GC(78) Pause Young (Allocation Failure)
[2.432s][info][gc,heap        ] GC(78) PSYoungGen: 40512K(45568K)->30272K(49152K) Eden: 8704K(8704K)->0K(8704K) From: 31808K(36864K)->30272K(40448K)
[2.432s][info][gc,heap        ] GC(78) ParOldGen: 371723K(410624K)->382115K(410624K)
[2.432s][info][gc,metaspace   ] GC(78) Metaspace: 6302K(6528K)->6302K(6528K) NonClass: 5769K(5888K)->5769K(5888K) Class: 533K(640K)->533K(640K)
[2.432s][info][gc             ] GC(78) Pause Young (Allocation Failure) 402M->402M(449M) 18.773ms
[2.432s][info][gc,cpu         ] GC(78) User=0.03s Sys=0.00s Real=0.02s
[2.440s][info][gc,start       ] GC(79) Pause Young (Allocation Failure)
[2.459s][info][gc,heap        ] GC(79) PSYoungGen: 38976K(49152K)->17504K(49664K) Eden: 8704K(8704K)->0K(10240K) From: 30272K(40448K)->17504K(39424K)
[2.459s][info][gc,heap        ] GC(79) ParOldGen: 382115K(410624K)->403867K(410624K)
[2.459s][info][gc,metaspace   ] GC(79) Metaspace: 6302K(6528K)->6302K(6528K) NonClass: 5769K(5888K)->5769K(5888K) Class: 533K(640K)->533K(640K)
[2.459s][info][gc             ] GC(79) Pause Young (Allocation Failure) 411M->411M(449M) 18.966ms
[2.459s][info][gc,cpu         ] GC(79) User=0.12s Sys=0.00s Real=0.02s
[2.459s][info][gc,start       ] GC(80) Pause Full (Ergonomics)
[2.459s][info][gc,phases,start] GC(80) Marking Phase
[2.553s][info][gc,phases      ] GC(80) Marking Phase 93.617ms
[2.553s][info][gc,phases,start] GC(80) Summary Phase
[2.553s][info][gc,phases      ] GC(80) Summary Phase 0.019ms
[2.553s][info][gc,phases,start] GC(80) Adjust Roots
[2.553s][info][gc,phases      ] GC(80) Adjust Roots 0.155ms
[2.553s][info][gc,phases,start] GC(80) Compaction Phase
[2.599s][info][gc,phases      ] GC(80) Compaction Phase 45.951ms
[2.599s][info][gc,phases,start] GC(80) Post Compact
[2.601s][info][gc,phases      ] GC(80) Post Compact 2.014ms
[2.602s][info][gc,heap        ] GC(80) PSYoungGen: 17504K(49664K)->10186K(51200K) Eden: 0K(10240K)->0K(11776K) From: 17504K(39424K)->10186K(39424K)
[2.602s][info][gc,heap        ] GC(80) ParOldGen: 403867K(410624K)->410358K(467456K)
[2.602s][info][gc,metaspace   ] GC(80) Metaspace: 6302K(6528K)->6302K(6528K) NonClass: 5769K(5888K)->5769K(5888K) Class: 533K(640K)->533K(640K)
[2.602s][info][gc             ] GC(80) Pause Full (Ergonomics) 411M->410M(506M) 142.275ms
[2.602s][info][gc,cpu         ] GC(80) User=0.84s Sys=0.00s Real=0.14s
[2.616s][info][gc,start       ] GC(81) Pause Young (Allocation Failure)
[2.643s][info][gc,heap        ] GC(81) PSYoungGen: 21962K(51200K)->11904K(52736K) Eden: 11776K(11776K)->0K(11776K) From: 10186K(39424K)->11904K(40960K)
[2.643s][info][gc,heap        ] GC(81) ParOldGen: 410358K(467456K)->420702K(467456K)
[2.643s][info][gc,metaspace   ] GC(81) Metaspace: 6302K(6528K)->6302K(6528K) NonClass: 5769K(5888K)->5769K(5888K) Class: 533K(640K)->533K(640K)
[2.643s][info][gc             ] GC(81) Pause Young (Allocation Failure) 422M->422M(508M) 26.980ms
[2.643s][info][gc,cpu         ] GC(81) User=0.14s Sys=0.00s Real=0.03s
[2.654s][info][gc,start       ] GC(82) Pause Young (Allocation Failure)
[2.668s][info][gc,heap        ] GC(82) PSYoungGen: 23680K(52736K)->11936K(51200K) Eden: 11776K(11776K)->0K(13312K) From: 11904K(40960K)->11936K(37888K)
[2.668s][info][gc,heap        ] GC(82) ParOldGen: 420702K(467456K)->432638K(467456K)
[2.668s][info][gc,metaspace   ] GC(82) Metaspace: 6302K(6528K)->6302K(6528K) NonClass: 5769K(5888K)->5769K(5888K) Class: 533K(640K)->533K(640K)
[2.668s][info][gc             ] GC(82) Pause Young (Allocation Failure) 433M->434M(506M) 13.292ms
[2.668s][info][gc,cpu         ] GC(82) User=0.02s Sys=0.00s Real=0.01s
[2.682s][info][gc,start       ] GC(83) Pause Young (Allocation Failure)
[2.695s][info][gc,heap        ] GC(83) PSYoungGen: 25248K(51200K)->13440K(52224K) Eden: 13312K(13312K)->0K(13312K) From: 11936K(37888K)->13440K(38912K)
[2.695s][info][gc,heap        ] GC(83) ParOldGen: 432638K(467456K)->444574K(467456K)
[2.695s][info][gc,metaspace   ] GC(83) Metaspace: 6302K(6528K)->6302K(6528K) NonClass: 5769K(5888K)->5769K(5888K) Class: 533K(640K)->533K(640K)
[2.695s][info][gc             ] GC(83) Pause Young (Allocation Failure) 447M->447M(507M) 13.766ms
[2.695s][info][gc,cpu         ] GC(83) User=0.02s Sys=0.00s Real=0.01s
[2.710s][info][gc,start       ] GC(84) Pause Young (Allocation Failure)
[2.724s][info][gc,heap        ] GC(84) PSYoungGen: 26752K(52224K)->13440K(50176K) Eden: 13312K(13312K)->0K(15360K) From: 13440K(38912K)->13440K(34816K)
[2.724s][info][gc,heap        ] GC(84) ParOldGen: 444574K(467456K)->458086K(467456K)
[2.724s][info][gc,metaspace   ] GC(84) Metaspace: 6302K(6528K)->6302K(6528K) NonClass: 5769K(5888K)->5769K(5888K) Class: 533K(640K)->533K(640K)
[2.724s][info][gc             ] GC(84) Pause Young (Allocation Failure) 460M->460M(505M) 14.665ms
[2.724s][info][gc,cpu         ] GC(84) User=0.02s Sys=0.00s Real=0.02s
[2.724s][info][gc,start       ] GC(85) Pause Full (Ergonomics)
[2.724s][info][gc,phases,start] GC(85) Marking Phase
[2.827s][info][gc,phases      ] GC(85) Marking Phase 103.114ms
[2.828s][info][gc,phases,start] GC(85) Summary Phase
[2.828s][info][gc,phases      ] GC(85) Summary Phase 0.019ms
[2.828s][info][gc,phases,start] GC(85) Adjust Roots
[2.828s][info][gc,phases      ] GC(85) Adjust Roots 0.147ms
[2.828s][info][gc,phases,start] GC(85) Compaction Phase
[2.878s][info][gc,phases      ] GC(85) Compaction Phase 50.061ms
[2.878s][info][gc,phases,start] GC(85) Post Compact
[2.880s][info][gc,phases      ] GC(85) Post Compact 2.443ms
[2.881s][info][gc,heap        ] GC(85) PSYoungGen: 13440K(50176K)->3575K(51712K) Eden: 0K(15360K)->0K(16896K) From: 13440K(34816K)->3575K(34816K)
[2.881s][info][gc,heap        ] GC(85) ParOldGen: 458086K(467456K)->467018K(528896K)
[2.881s][info][gc,metaspace   ] GC(85) Metaspace: 6302K(6528K)->6302K(6528K) NonClass: 5769K(5888K)->5769K(5888K) Class: 533K(640K)->533K(640K)
[2.881s][info][gc             ] GC(85) Pause Full (Ergonomics) 460M->459M(567M) 156.461ms
[2.881s][info][gc,cpu         ] GC(85) User=0.88s Sys=0.02s Real=0.16s
[2.900s][info][gc,start       ] GC(86) Pause Young (Allocation Failure)
[2.932s][info][gc,heap        ] GC(86) PSYoungGen: 20471K(51712K)->17056K(53248K) Eden: 16896K(16896K)->0K(16896K) From: 3575K(34816K)->17056K(36352K)
[2.932s][info][gc,heap        ] GC(86) ParOldGen: 467018K(528896K)->470682K(528896K)
[2.932s][info][gc,metaspace   ] GC(86) Metaspace: 6302K(6528K)->6302K(6528K) NonClass: 5769K(5888K)->5769K(5888K) Class: 533K(640K)->533K(640K)
[2.932s][info][gc             ] GC(86) Pause Young (Allocation Failure) 476M->476M(568M) 31.760ms
[2.932s][info][gc,cpu         ] GC(86) User=0.12s Sys=0.00s Real=0.03s
[2.950s][info][gc,start       ] GC(87) Pause Young (Allocation Failure)
[2.971s][info][gc,heap        ] GC(87) PSYoungGen: 33952K(53248K)->33952K(49664K) Eden: 16896K(16896K)->0K(14848K) From: 17056K(36352K)->33952K(34816K)
[2.971s][info][gc,heap        ] GC(87) ParOldGen: 470682K(528896K)->470682K(528896K)
[2.971s][info][gc,metaspace   ] GC(87) Metaspace: 6302K(6528K)->6302K(6528K) NonClass: 5769K(5888K)->5769K(5888K) Class: 533K(640K)->533K(640K)
[2.971s][info][gc             ] GC(87) Pause Young (Allocation Failure) 492M->492M(565M) 21.121ms
[2.971s][info][gc,cpu         ] GC(87) User=0.05s Sys=0.00s Real=0.02s
[2.988s][info][gc,start       ] GC(88) Pause Young (Allocation Failure)
[3.014s][info][gc,heap        ] GC(88) PSYoungGen: 48800K(49664K)->38912K(53760K) Eden: 14848K(14848K)->0K(14848K) From: 33952K(34816K)->38912K(38912K)
[3.014s][info][gc,heap        ] GC(88) ParOldGen: 470682K(528896K)->480562K(528896K)
[3.014s][info][gc,metaspace   ] GC(88) Metaspace: 6302K(6528K)->6302K(6528K) NonClass: 5769K(5888K)->5769K(5888K) Class: 533K(640K)->533K(640K)
[3.014s][info][gc             ] GC(88) Pause Young (Allocation Failure) 507M->507M(569M) 26.104ms
[3.014s][info][gc,cpu         ] GC(88) User=0.11s Sys=0.00s Real=0.03s
[3.030s][info][gc,start       ] GC(89) Pause Young (Allocation Failure)
[3.063s][info][gc,heap        ] GC(89) PSYoungGen: 53760K(53760K)->26528K(63488K) Eden: 14848K(14848K)->0K(16896K) From: 38912K(38912K)->26528K(46592K)
[3.063s][info][gc,heap        ] GC(89) ParOldGen: 480562K(528896K)->508274K(528896K)
[3.063s][info][gc,metaspace   ] GC(89) Metaspace: 6302K(6528K)->6302K(6528K) NonClass: 5769K(5888K)->5769K(5888K) Class: 533K(640K)->533K(640K)
[3.063s][info][gc             ] GC(89) Pause Young (Allocation Failure) 521M->522M(578M) 33.238ms
[3.063s][info][gc,cpu         ] GC(89) User=0.12s Sys=0.03s Real=0.03s
[3.063s][info][gc,start       ] GC(90) Pause Full (Ergonomics)
[3.063s][info][gc,phases,start] GC(90) Marking Phase
[3.188s][info][gc,phases      ] GC(90) Marking Phase 124.597ms
[3.188s][info][gc,phases,start] GC(90) Summary Phase
[3.188s][info][gc,phases      ] GC(90) Summary Phase 0.027ms
[3.188s][info][gc,phases,start] GC(90) Adjust Roots
[3.188s][info][gc,phases      ] GC(90) Adjust Roots 0.153ms
[3.188s][info][gc,phases,start] GC(90) Compaction Phase
[3.240s][info][gc,phases      ] GC(90) Compaction Phase 52.338ms
[3.240s][info][gc,phases,start] GC(90) Post Compact
[3.241s][info][gc,phases      ] GC(90) Post Compact 1.023ms
[3.242s][info][gc,heap        ] GC(90) PSYoungGen: 26528K(63488K)->5435K(64000K) Eden: 0K(16896K)->0K(17408K) From: 26528K(46592K)->5435K(46592K)
[3.242s][info][gc,heap        ] GC(90) ParOldGen: 508274K(528896K)->528525K(598528K)
[3.242s][info][gc,metaspace   ] GC(90) Metaspace: 6302K(6528K)->6302K(6528K) NonClass: 5769K(5888K)->5769K(5888K) Class: 533K(640K)->533K(640K)
[3.242s][info][gc             ] GC(90) Pause Full (Ergonomics) 522M->521M(647M) 178.684ms
[3.242s][info][gc,cpu         ] GC(90) User=0.95s Sys=0.05s Real=0.18s
[3.261s][info][gc,start       ] GC(91) Pause Young (Allocation Failure)
[3.296s][info][gc,heap        ] GC(91) PSYoungGen: 22843K(64000K)->21824K(64512K) Eden: 17408K(17408K)->0K(17408K) From: 5435K(46592K)->21824K(47104K)
[3.296s][info][gc,heap        ] GC(91) ParOldGen: 528525K(598528K)->529733K(598528K)
[3.296s][info][gc,metaspace   ] GC(91) Metaspace: 6302K(6528K)->6302K(6528K) NonClass: 5769K(5888K)->5769K(5888K) Class: 533K(640K)->533K(640K)
[3.296s][info][gc             ] GC(91) Pause Young (Allocation Failure) 538M->538M(647M) 35.083ms
[3.296s][info][gc,cpu         ] GC(91) User=0.11s Sys=0.00s Real=0.04s
[3.315s][info][gc,start       ] GC(92) Pause Young (Allocation Failure)
[3.337s][info][gc,heap        ] GC(92) PSYoungGen: 39232K(64512K)->39232K(60416K) Eden: 17408K(17408K)->0K(15360K) From: 21824K(47104K)->39232K(45056K)
[3.337s][info][gc,heap        ] GC(92) ParOldGen: 529733K(598528K)->529733K(598528K)
[3.337s][info][gc,metaspace   ] GC(92) Metaspace: 6302K(6528K)->6302K(6528K) NonClass: 5769K(5888K)->5769K(5888K) Class: 533K(640K)->533K(640K)
[3.337s][info][gc             ] GC(92) Pause Young (Allocation Failure) 555M->555M(643M) 22.253ms
[3.337s][info][gc,cpu         ] GC(92) User=0.09s Sys=0.02s Real=0.02s
[3.355s][info][gc,start       ] GC(93) Pause Young (Allocation Failure)
[3.387s][info][gc,heap        ] GC(93) PSYoungGen: 54592K(60416K)->49152K(64512K) Eden: 15360K(15360K)->0K(15360K) From: 39232K(45056K)->49152K(49152K)
[3.387s][info][gc,heap        ] GC(93) ParOldGen: 529733K(598528K)->535237K(598528K)
[3.387s][info][gc,metaspace   ] GC(93) Metaspace: 6302K(6528K)->6302K(6528K) NonClass: 5769K(5888K)->5769K(5888K) Class: 533K(640K)->533K(640K)
[3.387s][info][gc             ] GC(93) Pause Young (Allocation Failure) 570M->570M(647M) 32.676ms
[3.387s][info][gc,cpu         ] GC(93) User=0.05s Sys=0.02s Real=0.03s
[3.404s][info][gc,start       ] GC(94) Pause Young (Allocation Failure)
[3.440s][info][gc,heap        ] GC(94) PSYoungGen: 64512K(64512K)->30560K(72192K) Eden: 15360K(15360K)->0K(17408K) From: 49152K(49152K)->30560K(54784K)
[3.440s][info][gc,heap        ] GC(94) ParOldGen: 535237K(598528K)->569677K(598528K)
[3.440s][info][gc,metaspace   ] GC(94) Metaspace: 6302K(6528K)->6302K(6528K) NonClass: 5769K(5888K)->5769K(5888K) Class: 533K(640K)->533K(640K)
[3.440s][info][gc             ] GC(94) Pause Young (Allocation Failure) 585M->586M(655M) 35.462ms
[3.440s][info][gc,cpu         ] GC(94) User=0.20s Sys=0.05s Real=0.04s
[3.440s][info][gc,start       ] GC(95) Pause Full (Ergonomics)
[3.440s][info][gc,phases,start] GC(95) Marking Phase
[3.577s][info][gc,phases      ] GC(95) Marking Phase 137.271ms
[3.577s][info][gc,phases,start] GC(95) Summary Phase
[3.577s][info][gc,phases      ] GC(95) Summary Phase 0.029ms
[3.577s][info][gc,phases,start] GC(95) Adjust Roots
[3.577s][info][gc,phases      ] GC(95) Adjust Roots 0.156ms
[3.577s][info][gc,phases,start] GC(95) Compaction Phase
[3.632s][info][gc,phases      ] GC(95) Compaction Phase 55.125ms
[3.632s][info][gc,phases,start] GC(95) Post Compact
[3.633s][info][gc,phases      ] GC(95) Post Compact 0.994ms
[3.634s][info][gc,heap        ] GC(95) PSYoungGen: 30560K(72192K)->1242K(73728K) Eden: 0K(17408K)->0K(18944K) From: 30560K(54784K)->1242K(54784K)
[3.634s][info][gc,heap        ] GC(95) ParOldGen: 569677K(598528K)->598127K(678400K)
[3.634s][info][gc,metaspace   ] GC(95) Metaspace: 6302K(6528K)->6302K(6528K) NonClass: 5769K(5888K)->5769K(5888K) Class: 533K(640K)->533K(640K)
[3.634s][info][gc             ] GC(95) Pause Full (Ergonomics) 586M->585M(734M) 194.169ms
[3.634s][info][gc,cpu         ] GC(95) User=1.28s Sys=0.00s Real=0.20s
[3.656s][info][gc,start       ] GC(96) Pause Young (Allocation Failure)
[3.692s][info][gc,heap        ] GC(96) PSYoungGen: 20186K(73728K)->19744K(75264K) Eden: 18944K(18944K)->0K(18944K) From: 1242K(54784K)->19744K(56320K)
[3.692s][info][gc,heap        ] GC(96) ParOldGen: 598127K(678400K)->598735K(678400K)
[3.692s][info][gc,metaspace   ] GC(96) Metaspace: 6302K(6528K)->6302K(6528K) NonClass: 5769K(5888K)->5769K(5888K) Class: 533K(640K)->533K(640K)
[3.692s][info][gc             ] GC(96) Pause Young (Allocation Failure) 603M->603M(736M) 35.835ms
[3.692s][info][gc,cpu         ] GC(96) User=0.14s Sys=0.00s Real=0.04s
[3.716s][info][gc,start       ] GC(97) Pause Young (Allocation Failure)
[3.738s][info][gc,heap        ] GC(97) PSYoungGen: 38688K(75264K)->38720K(73216K) Eden: 18944K(18944K)->0K(18944K) From: 19744K(56320K)->38720K(54272K)
[3.738s][info][gc,heap        ] GC(97) ParOldGen: 598735K(678400K)->598735K(678400K)
[3.738s][info][gc,metaspace   ] GC(97) Metaspace: 6302K(6528K)->6302K(6528K) NonClass: 5769K(5888K)->5769K(5888K) Class: 533K(640K)->533K(640K)
[3.738s][info][gc             ] GC(97) Pause Young (Allocation Failure) 622M->622M(734M) 22.166ms
[3.738s][info][gc,cpu         ] GC(97) User=0.08s Sys=0.06s Real=0.02s
[3.761s][info][gc,start       ] GC(98) Pause Young (Allocation Failure)
[3.798s][info][gc,heap        ] GC(98) PSYoungGen: 57664K(73216K)->56320K(75264K) Eden: 18944K(18944K)->0K(18944K) From: 38720K(54272K)->56320K(56320K)
[3.798s][info][gc,heap        ] GC(98) ParOldGen: 598735K(678400K)->600103K(678400K)
[3.798s][info][gc,metaspace   ] GC(98) Metaspace: 6302K(6528K)->6302K(6528K) NonClass: 5769K(5888K)->5769K(5888K) Class: 533K(640K)->533K(640K)
[3.798s][info][gc             ] GC(98) Pause Young (Allocation Failure) 641M->641M(736M) 36.868ms
[3.798s][info][gc,cpu         ] GC(98) User=0.09s Sys=0.00s Real=0.04s
[3.821s][info][gc,start       ] GC(99) Pause Young (Allocation Failure)
[3.863s][info][gc,heap        ] GC(99) PSYoungGen: 75264K(75264K)->37760K(84480K) Eden: 18944K(18944K)->0K(21504K) From: 56320K(56320K)->37760K(62976K)
[3.863s][info][gc,heap        ] GC(99) ParOldGen: 600103K(678400K)->638063K(678400K)
[3.863s][info][gc,metaspace   ] GC(99) Metaspace: 6302K(6528K)->6302K(6528K) NonClass: 5769K(5888K)->5769K(5888K) Class: 533K(640K)->533K(640K)
[3.863s][info][gc             ] GC(99) Pause Young (Allocation Failure) 659M->659M(745M) 41.857ms
[3.863s][info][gc,cpu         ] GC(99) User=0.22s Sys=0.05s Real=0.04s
[3.895s][info][gc,start       ] GC(100) Pause Young (Allocation Failure)
[3.929s][info][gc,heap        ] GC(100) PSYoungGen: 59264K(84480K)->40608K(84992K) Eden: 21504K(21504K)->0K(21504K) From: 37760K(62976K)->40608K(63488K)
[3.929s][info][gc,heap        ] GC(100) ParOldGen: 638063K(678400K)->657087K(678400K)
[3.929s][info][gc,metaspace   ] GC(100) Metaspace: 6302K(6528K)->6302K(6528K) NonClass: 5769K(5888K)->5769K(5888K) Class: 533K(640K)->533K(640K)
[3.929s][info][gc             ] GC(100) Pause Young (Allocation Failure) 680M->681M(745M) 33.151ms
[3.929s][info][gc,cpu         ] GC(100) User=0.14s Sys=0.02s Real=0.03s
[3.929s][info][gc,start       ] GC(101) Pause Full (Ergonomics)
[3.929s][info][gc,phases,start] GC(101) Marking Phase
[4.107s][info][gc,phases      ] GC(101) Marking Phase 178.242ms
[4.107s][info][gc,phases,start] GC(101) Summary Phase
[4.107s][info][gc,phases      ] GC(101) Summary Phase 0.033ms
[4.107s][info][gc,phases,start] GC(101) Adjust Roots
[4.107s][info][gc,phases      ] GC(101) Adjust Roots 0.278ms
[4.107s][info][gc,phases,start] GC(101) Compaction Phase
[4.178s][info][gc,phases      ] GC(101) Compaction Phase 70.404ms
[4.178s][info][gc,phases,start] GC(101) Post Compact
[4.180s][info][gc,phases      ] GC(101) Post Compact 1.679ms
[4.180s][info][gc,heap        ] GC(101) PSYoungGen: 40608K(84992K)->18413K(84992K) Eden: 0K(21504K)->0K(21504K) From: 40608K(63488K)->18413K(63488K)
[4.180s][info][gc,heap        ] GC(101) ParOldGen: 657087K(678400K)->678085K(770048K)
[4.180s][info][gc,metaspace   ] GC(101) Metaspace: 6302K(6528K)->6302K(6528K) NonClass: 5769K(5888K)->5769K(5888K) Class: 533K(640K)->533K(640K)
[4.180s][info][gc             ] GC(101) Pause Full (Ergonomics) 681M->680M(835M) 251.630ms
[4.180s][info][gc,cpu         ] GC(101) User=1.61s Sys=0.00s Real=0.25s
[4.332s][info][gc,start       ] GC(102) Pause Young (Allocation Failure)
[4.380s][info][gc,heap        ] GC(102) PSYoungGen: 39917K(84992K)->30400K(81920K) Eden: 21504K(21504K)->0K(24064K) From: 18413K(63488K)->30400K(57856K)
[4.380s][info][gc,heap        ] GC(102) ParOldGen: 710853K(770048K)->720637K(770048K)
[4.380s][info][gc,metaspace   ] GC(102) Metaspace: 6302K(6528K)->6302K(6528K) NonClass: 5769K(5888K)->5769K(5888K) Class: 533K(640K)->533K(640K)
[4.380s][info][gc             ] GC(102) Pause Young (Allocation Failure) 733M->733M(832M) 48.099ms
[4.380s][info][gc,cpu         ] GC(102) User=0.20s Sys=0.00s Real=0.05s
[4.405s][info][gc,start       ] GC(103) Pause Young (Allocation Failure)
[4.433s][info][gc,heap        ] GC(103) PSYoungGen: 54464K(81920K)->54560K(84992K) Eden: 24064K(24064K)->0K(24064K) From: 30400K(57856K)->54560K(60928K)
[4.433s][info][gc,heap        ] GC(103) ParOldGen: 720637K(770048K)->720637K(770048K)
[4.433s][info][gc,metaspace   ] GC(103) Metaspace: 6302K(6528K)->6302K(6528K) NonClass: 5769K(5888K)->5769K(5888K) Class: 533K(640K)->533K(640K)
[4.433s][info][gc             ] GC(103) Pause Young (Allocation Failure) 756M->757M(835M) 27.486ms
[4.433s][info][gc,cpu         ] GC(103) User=0.08s Sys=0.00s Real=0.03s
[4.460s][info][gc,start       ] GC(104) Pause Young (Allocation Failure)
[4.499s][info][gc,heap        ] GC(104) PSYoungGen: 78624K(84992K)->66560K(79872K) Eden: 24064K(24064K)->0K(13312K) From: 54560K(60928K)->66560K(66560K)
[4.499s][info][gc,heap        ] GC(104) ParOldGen: 720637K(770048K)->732725K(770048K)
[4.499s][info][gc,metaspace   ] GC(104) Metaspace: 6302K(6528K)->6302K(6528K) NonClass: 5769K(5888K)->5769K(5888K) Class: 533K(640K)->533K(640K)
[4.499s][info][gc             ] GC(104) Pause Young (Allocation Failure) 780M->780M(830M) 39.182ms
[4.499s][info][gc,cpu         ] GC(104) User=0.23s Sys=0.02s Real=0.04s
[4.513s][info][gc,start       ] GC(105) Pause Young (Allocation Failure)
[4.551s][info][gc,heap        ] GC(105) PSYoungGen: 79872K(79872K)->55072K(93184K) Eden: 13312K(13312K)->0K(13312K) From: 66560K(66560K)->55072K(79872K)
[4.551s][info][gc,heap        ] GC(105) ParOldGen: 732725K(770048K)->757957K(770048K)
[4.551s][info][gc,metaspace   ] GC(105) Metaspace: 6302K(6528K)->6302K(6528K) NonClass: 5769K(5888K)->5769K(5888K) Class: 533K(640K)->533K(640K)
[4.551s][info][gc             ] GC(105) Pause Young (Allocation Failure) 793M->793M(843M) 37.960ms
[4.551s][info][gc,cpu         ] GC(105) User=0.25s Sys=0.02s Real=0.04s
[4.551s][info][gc,start       ] GC(106) Pause Full (Ergonomics)
[4.551s][info][gc,phases,start] GC(106) Marking Phase
[4.732s][info][gc,phases      ] GC(106) Marking Phase 180.931ms
[4.732s][info][gc,phases,start] GC(106) Summary Phase
[4.732s][info][gc,phases      ] GC(106) Summary Phase 0.029ms
[4.732s][info][gc,phases,start] GC(106) Adjust Roots
[4.732s][info][gc,phases      ] GC(106) Adjust Roots 0.247ms
[4.733s][info][gc,phases,start] GC(106) Compaction Phase
[4.868s][info][gc,phases      ] GC(106) Compaction Phase 135.862ms
[4.868s][info][gc,phases,start] GC(106) Post Compact
[4.870s][info][gc,phases      ] GC(106) Post Compact 1.675ms
[4.871s][info][gc,heap        ] GC(106) PSYoungGen: 55072K(93184K)->25698K(93184K) Eden: 0K(13312K)->0K(13312K) From: 55072K(79872K)->25698K(79872K)
[4.871s][info][gc,heap        ] GC(106) ParOldGen: 757957K(770048K)->770009K(865280K)
[4.871s][info][gc,metaspace   ] GC(106) Metaspace: 6302K(6528K)->6302K(6528K) NonClass: 5769K(5888K)->5769K(5888K) Class: 533K(640K)->533K(640K)
[4.871s][info][gc             ] GC(106) Pause Full (Ergonomics) 793M->777M(936M) 319.431ms
[4.871s][info][gc,cpu         ] GC(106) User=2.09s Sys=0.02s Real=0.32s
[4.885s][info][gc,start       ] GC(107) Pause Young (Allocation Failure)
[4.934s][info][gc,heap        ] GC(107) PSYoungGen: 39010K(93184K)->20640K(94720K) Eden: 13312K(13312K)->0K(14848K) From: 25698K(79872K)->20640K(79872K)
[4.935s][info][gc,heap        ] GC(107) ParOldGen: 770009K(865280K)->788737K(865280K)
[4.935s][info][gc,metaspace   ] GC(107) Metaspace: 6302K(6528K)->6302K(6528K) NonClass: 5769K(5888K)->5769K(5888K) Class: 533K(640K)->533K(640K)
[4.935s][info][gc             ] GC(107) Pause Young (Allocation Failure) 790M->790M(937M) 49.175ms
[4.935s][info][gc,cpu         ] GC(107) User=0.22s Sys=0.00s Real=0.05s
[4.950s][info][gc,start       ] GC(108) Pause Young (Allocation Failure)
[4.970s][info][gc,heap        ] GC(108) PSYoungGen: 35488K(94720K)->35584K(50688K) Eden: 14848K(14848K)->0K(14848K) From: 20640K(79872K)->35584K(35840K)
[4.970s][info][gc,heap        ] GC(108) ParOldGen: 788737K(865280K)->788737K(865280K)
[4.970s][info][gc,metaspace   ] GC(108) Metaspace: 6302K(6528K)->6302K(6528K) NonClass: 5769K(5888K)->5769K(5888K) Class: 533K(640K)->533K(640K)
[4.970s][info][gc             ] GC(108) Pause Young (Allocation Failure) 804M->805M(894M) 19.970ms
[4.970s][info][gc,cpu         ] GC(108) User=0.03s Sys=0.00s Real=0.02s
[4.987s][info][gc,start       ] GC(109) Pause Young (Allocation Failure)
[5.012s][info][gc,heap        ] GC(109) PSYoungGen: 50432K(50688K)->43104K(90624K) Eden: 14848K(14848K)->0K(16896K) From: 35584K(35840K)->43104K(73728K)
[5.012s][info][gc,heap        ] GC(109) ParOldGen: 788737K(865280K)->796105K(865280K)
[5.012s][info][gc,metaspace   ] GC(109) Metaspace: 6302K(6528K)->6302K(6528K) NonClass: 5769K(5888K)->5769K(5888K) Class: 533K(640K)->533K(640K)
[5.012s][info][gc             ] GC(109) Pause Young (Allocation Failure) 819M->819M(933M) 25.310ms
[5.012s][info][gc,cpu         ] GC(109) User=0.12s Sys=0.00s Real=0.02s
[5.030s][info][gc,start       ] GC(110) Pause Young (Allocation Failure)
[5.059s][info][gc,heap        ] GC(110) PSYoungGen: 60000K(90624K)->46752K(92160K) Eden: 16896K(16896K)->0K(16896K) From: 43104K(73728K)->46752K(75264K)
[5.059s][info][gc,heap        ] GC(110) ParOldGen: 796105K(865280K)->809593K(865280K)
[5.059s][info][gc,metaspace   ] GC(110) Metaspace: 6302K(6528K)->6302K(6528K) NonClass: 5769K(5888K)->5769K(5888K) Class: 533K(640K)->533K(640K)
[5.059s][info][gc             ] GC(110) Pause Young (Allocation Failure) 836M->836M(935M) 29.485ms
[5.059s][info][gc,cpu         ] GC(110) User=0.12s Sys=0.02s Real=0.03s
[5.077s][info][gc,start       ] GC(111) Pause Young (Allocation Failure)
[5.109s][info][gc,heap        ] GC(111) PSYoungGen: 63648K(92160K)->33920K(89088K) Eden: 16896K(16896K)->0K(18944K) From: 46752K(75264K)->33920K(70144K)
[5.109s][info][gc,heap        ] GC(111) ParOldGen: 809593K(865280K)->839665K(865280K)
[5.109s][info][gc,metaspace   ] GC(111) Metaspace: 6302K(6528K)->6302K(6528K) NonClass: 5769K(5888K)->5769K(5888K) Class: 533K(640K)->533K(640K)
[5.109s][info][gc             ] GC(111) Pause Young (Allocation Failure) 852M->853M(932M) 31.573ms
[5.109s][info][gc,cpu         ] GC(111) User=0.25s Sys=0.00s Real=0.03s
[5.109s][info][gc,start       ] GC(112) Pause Full (Ergonomics)
[5.109s][info][gc,phases,start] GC(112) Marking Phase
[5.301s][info][gc,phases      ] GC(112) Marking Phase 192.024ms
[5.301s][info][gc,phases,start] GC(112) Summary Phase
[5.301s][info][gc,phases      ] GC(112) Summary Phase 0.026ms
[5.301s][info][gc,phases,start] GC(112) Adjust Roots
[5.301s][info][gc,phases      ] GC(112) Adjust Roots 0.176ms
[5.301s][info][gc,phases,start] GC(112) Compaction Phase
[5.390s][info][gc,phases      ] GC(112) Compaction Phase 88.681ms
[5.390s][info][gc,phases,start] GC(112) Post Compact
[5.392s][info][gc,phases      ] GC(112) Post Compact 1.910ms
[5.392s][info][gc,heap        ] GC(112) PSYoungGen: 33920K(89088K)->7164K(91136K) Eden: 0K(18944K)->0K(20992K) From: 33920K(70144K)->7164K(70144K)
[5.392s][info][gc,heap        ] GC(112) ParOldGen: 839665K(865280K)->865190K(967168K)
[5.392s][info][gc,metaspace   ] GC(112) Metaspace: 6302K(6528K)->6302K(6528K) NonClass: 5769K(5888K)->5769K(5888K) Class: 533K(640K)->533K(640K)
[5.392s][info][gc             ] GC(112) Pause Full (Ergonomics) 853M->851M(1033M) 283.715ms
[5.393s][info][gc,cpu         ] GC(112) User=1.92s Sys=0.05s Real=0.28s
[5.415s][info][gc,start       ] GC(113) Pause Young (Allocation Failure)
[5.465s][info][gc,heap        ] GC(113) PSYoungGen: 28156K(91136K)->21088K(93184K) Eden: 20992K(20992K)->0K(20992K) From: 7164K(70144K)->21088K(72192K)
[5.465s][info][gc,heap        ] GC(113) ParOldGen: 865190K(967168K)->872478K(967168K)
[5.465s][info][gc,metaspace   ] GC(113) Metaspace: 6302K(6528K)->6302K(6528K) NonClass: 5769K(5888K)->5769K(5888K) Class: 533K(640K)->533K(640K)
[5.465s][info][gc             ] GC(113) Pause Young (Allocation Failure) 872M->872M(1035M) 49.493ms
[5.465s][info][gc,cpu         ] GC(113) User=0.28s Sys=0.00s Real=0.05s
[5.489s][info][gc,start       ] GC(114) Pause Young (Allocation Failure)
[5.512s][info][gc,heap        ] GC(114) PSYoungGen: 42080K(93184K)->42144K(92160K) Eden: 20992K(20992K)->0K(23552K) From: 21088K(72192K)->42144K(68608K)
[5.512s][info][gc,heap        ] GC(114) ParOldGen: 872478K(967168K)->872478K(967168K)
[5.512s][info][gc,metaspace   ] GC(114) Metaspace: 6302K(6528K)->6302K(6528K) NonClass: 5769K(5888K)->5769K(5888K) Class: 533K(640K)->533K(640K)
[5.512s][info][gc             ] GC(114) Pause Young (Allocation Failure) 893M->893M(1034M) 23.259ms
[5.512s][info][gc,cpu         ] GC(114) User=0.11s Sys=0.00s Real=0.02s
[5.538s][info][gc,start       ] GC(115) Pause Young (Allocation Failure)
[5.572s][info][gc,heap        ] GC(115) PSYoungGen: 65696K(92160K)->44736K(93696K) Eden: 23552K(23552K)->0K(23552K) From: 42144K(68608K)->44736K(70144K)
[5.572s][info][gc,heap        ] GC(115) ParOldGen: 872478K(967168K)->893750K(967168K)
[5.572s][info][gc,metaspace   ] GC(115) Metaspace: 6302K(6528K)->6302K(6528K) NonClass: 5769K(5888K)->5769K(5888K) Class: 533K(640K)->533K(640K)
[5.572s][info][gc             ] GC(115) Pause Young (Allocation Failure) 916M->916M(1036M) 34.218ms
[5.572s][info][gc,cpu         ] GC(115) User=0.23s Sys=0.02s Real=0.04s
[5.601s][info][gc,start       ] GC(116) Pause Young (Allocation Failure)
[5.635s][info][gc,heap        ] GC(116) PSYoungGen: 68288K(93696K)->47296K(95744K) Eden: 23552K(23552K)->0K(26112K) From: 44736K(70144K)->47296K(69632K)
[5.635s][info][gc,heap        ] GC(116) ParOldGen: 893750K(967168K)->915022K(967168K)
[5.635s][info][gc,metaspace   ] GC(116) Metaspace: 6302K(6528K)->6302K(6528K) NonClass: 5769K(5888K)->5769K(5888K) Class: 533K(640K)->533K(640K)
[5.635s][info][gc             ] GC(116) Pause Young (Allocation Failure) 939M->939M(1038M) 34.474ms
[5.635s][info][gc,cpu         ] GC(116) User=0.25s Sys=0.00s Real=0.03s
[5.664s][info][gc,start       ] GC(117) Pause Young (Allocation Failure)
[5.701s][info][gc,heap        ] GC(117) PSYoungGen: 73408K(95744K)->49856K(95744K) Eden: 26112K(26112K)->0K(26112K) From: 47296K(69632K)->49856K(69632K)
[5.701s][info][gc,heap        ] GC(117) ParOldGen: 915022K(967168K)->938902K(967168K)
[5.701s][info][gc,metaspace   ] GC(117) Metaspace: 6302K(6528K)->6302K(6528K) NonClass: 5769K(5888K)->5769K(5888K) Class: 533K(640K)->533K(640K)
[5.701s][info][gc             ] GC(117) Pause Young (Allocation Failure) 965M->965M(1038M) 36.941ms
[5.701s][info][gc,cpu         ] GC(117) User=0.25s Sys=0.00s Real=0.04s
[5.701s][info][gc,start       ] GC(118) Pause Full (Ergonomics)
[5.701s][info][gc,phases,start] GC(118) Marking Phase
[5.920s][info][gc,phases      ] GC(118) Marking Phase 218.710ms
[5.920s][info][gc,phases,start] GC(118) Summary Phase
[5.920s][info][gc,phases      ] GC(118) Summary Phase 0.036ms
[5.920s][info][gc,phases,start] GC(118) Adjust Roots
[5.920s][info][gc,phases      ] GC(118) Adjust Roots 0.186ms
[5.920s][info][gc,phases,start] GC(118) Compaction Phase
[6.015s][info][gc,phases      ] GC(118) Compaction Phase 95.568ms
[6.016s][info][gc,phases,start] GC(118) Post Compact
[6.017s][info][gc,phases      ] GC(118) Post Compact 1.793ms
[6.018s][info][gc,heap        ] GC(118) PSYoungGen: 49856K(95744K)->20478K(95744K) Eden: 0K(26112K)->0K(26112K) From: 49856K(69632K)->20478K(69632K)
[6.018s][info][gc,heap        ] GC(118) ParOldGen: 938902K(967168K)->966925K(1076736K)
[6.018s][info][gc,metaspace   ] GC(118) Metaspace: 6302K(6528K)->6302K(6528K) NonClass: 5769K(5888K)->5769K(5888K) Class: 533K(640K)->533K(640K)
[6.018s][info][gc             ] GC(118) Pause Full (Ergonomics) 965M->964M(1145M) 316.983ms
[6.018s][info][gc,cpu         ] GC(118) User=2.39s Sys=0.00s Real=0.32s
[6.050s][info][gc,start       ] GC(119) Pause Young (Allocation Failure)
[6.112s][info][gc,heap        ] GC(119) PSYoungGen: 46590K(95744K)->36608K(94720K) Eden: 26112K(26112K)->0K(29184K) From: 20478K(69632K)->36608K(65536K)
[6.112s][info][gc,heap        ] GC(119) ParOldGen: 966925K(1076736K)->977277K(1076736K)
[6.112s][info][gc,metaspace   ] GC(119) Metaspace: 6302K(6528K)->6302K(6528K) NonClass: 5769K(5888K)->5769K(5888K) Class: 533K(640K)->533K(640K)
[6.112s][info][gc             ] GC(119) Pause Young (Allocation Failure) 989M->990M(1144M) 61.977ms
[6.112s][info][gc,cpu         ] GC(119) User=0.36s Sys=0.03s Real=0.06s
[6.144s][info][gc,start       ] GC(120) Pause Young (Allocation Failure)
[6.179s][info][gc,heap        ] GC(120) PSYoungGen: 65792K(94720K)->65824K(97280K) Eden: 29184K(29184K)->0K(29184K) From: 36608K(65536K)->65824K(68096K)
[6.179s][info][gc,heap        ] GC(120) ParOldGen: 977277K(1076736K)->977277K(1076736K)
[6.179s][info][gc,metaspace   ] GC(120) Metaspace: 6302K(6528K)->6302K(6528K) NonClass: 5769K(5888K)->5769K(5888K) Class: 533K(640K)->533K(640K)
[6.179s][info][gc             ] GC(120) Pause Young (Allocation Failure) 1018M->1018M(1146M) 34.164ms
[6.179s][info][gc,cpu         ] GC(120) User=0.16s Sys=0.00s Real=0.03s
[6.212s][info][gc,start       ] GC(121) Pause Young (Allocation Failure)
[6.260s][info][gc,heap        ] GC(121) PSYoungGen: 95008K(97280K)->75264K(91648K) Eden: 29184K(29184K)->0K(16384K) From: 65824K(68096K)->75264K(75264K)
[6.261s][info][gc,heap        ] GC(121) ParOldGen: 977277K(1076736K)->997117K(1076736K)
[6.261s][info][gc,metaspace   ] GC(121) Metaspace: 6302K(6528K)->6302K(6528K) NonClass: 5769K(5888K)->5769K(5888K) Class: 533K(640K)->533K(640K)
[6.261s][info][gc             ] GC(121) Pause Young (Allocation Failure) 1047M->1047M(1141M) 49.003ms
[6.261s][info][gc,cpu         ] GC(121) User=0.23s Sys=0.05s Real=0.05s
[6.279s][info][gc,start       ] GC(122) Pause Young (Allocation Failure)
[6.326s][info][gc,heap        ] GC(122) PSYoungGen: 91648K(91648K)->64064K(107520K) Eden: 16384K(16384K)->0K(16384K) From: 75264K(75264K)->64064K(91136K)
[6.326s][info][gc,heap        ] GC(122) ParOldGen: 997117K(1076736K)->1025173K(1076736K)
[6.326s][info][gc,metaspace   ] GC(122) Metaspace: 6302K(6528K)->6302K(6528K) NonClass: 5769K(5888K)->5769K(5888K) Class: 533K(640K)->533K(640K)
[6.326s][info][gc             ] GC(122) Pause Young (Allocation Failure) 1063M->1063M(1156M) 46.834ms
[6.326s][info][gc,cpu         ] GC(122) User=0.36s Sys=0.00s Real=0.05s
[6.345s][info][gc,start       ] GC(123) Pause Young (Allocation Failure)
[6.385s][info][gc,heap        ] GC(123) PSYoungGen: 80448K(107520K)->58560K(110592K) Eden: 16384K(16384K)->0K(18944K) From: 64064K(91136K)->58560K(91648K)
[6.386s][info][gc,heap        ] GC(123) ParOldGen: 1025173K(1076736K)->1047293K(1076736K)
[6.386s][info][gc,metaspace   ] GC(123) Metaspace: 6302K(6528K)->6302K(6528K) NonClass: 5769K(5888K)->5769K(5888K) Class: 533K(640K)->533K(640K)
[6.386s][info][gc             ] GC(123) Pause Young (Allocation Failure) 1079M->1079M(1159M) 40.235ms
[6.386s][info][gc,cpu         ] GC(123) User=0.23s Sys=0.02s Real=0.04s
[6.386s][info][gc,start       ] GC(124) Pause Full (Ergonomics)
[6.386s][info][gc,phases,start] GC(124) Marking Phase
[6.631s][info][gc,phases      ] GC(124) Marking Phase 245.482ms
[6.631s][info][gc,phases,start] GC(124) Summary Phase
[6.631s][info][gc,phases      ] GC(124) Summary Phase 0.029ms
[6.631s][info][gc,phases,start] GC(124) Adjust Roots
[6.631s][info][gc,phases      ] GC(124) Adjust Roots 0.151ms
[6.631s][info][gc,phases,start] GC(124) Compaction Phase
[6.735s][info][gc,phases      ] GC(124) Compaction Phase 103.311ms
[6.735s][info][gc,phases,start] GC(124) Post Compact
[6.737s][info][gc,phases      ] GC(124) Post Compact 1.869ms
[6.737s][info][gc,heap        ] GC(124) PSYoungGen: 58560K(110592K)->28225K(111104K) Eden: 0K(18944K)->0K(19456K) From: 58560K(91648K)->28225K(91648K)
[6.737s][info][gc,heap        ] GC(124) ParOldGen: 1047293K(1076736K)->1076270K(1193984K)
[6.737s][info][gc,metaspace   ] GC(124) Metaspace: 6302K(6528K)->6302K(6528K) NonClass: 5769K(5888K)->5769K(5888K) Class: 533K(640K)->533K(640K)
[6.737s][info][gc             ] GC(124) Pause Full (Ergonomics) 1079M->1078M(1274M) 351.560ms
[6.737s][info][gc,cpu         ] GC(124) User=2.59s Sys=0.05s Real=0.35s
[6.762s][info][gc,start       ] GC(125) Pause Young (Allocation Failure)
[6.831s][info][gc,heap        ] GC(125) PSYoungGen: 47681K(111104K)->27296K(111616K) Eden: 19456K(19456K)->0K(19456K) From: 28225K(91648K)->27296K(92160K)
[6.831s][info][gc,heap        ] GC(125) ParOldGen: 1076270K(1193984K)->1097078K(1193984K)
[6.831s][info][gc,metaspace   ] GC(125) Metaspace: 6302K(6528K)->6302K(6528K) NonClass: 5769K(5888K)->5769K(5888K) Class: 533K(640K)->533K(640K)
[6.831s][info][gc             ] GC(125) Pause Young (Allocation Failure) 1097M->1098M(1275M) 69.543ms
[6.831s][info][gc,cpu         ] GC(125) User=0.39s Sys=0.00s Real=0.07s
[6.852s][info][gc,start       ] GC(126) Pause Young (Allocation Failure)
[6.879s][info][gc,heap        ] GC(126) PSYoungGen: 46752K(111616K)->39072K(108032K) Eden: 19456K(19456K)->0K(21504K) From: 27296K(92160K)->39072K(86528K)
[6.879s][info][gc,heap        ] GC(126) ParOldGen: 1097078K(1193984K)->1104886K(1193984K)
[6.879s][info][gc,metaspace   ] GC(126) Metaspace: 6302K(6528K)->6302K(6528K) NonClass: 5769K(5888K)->5769K(5888K) Class: 533K(640K)->533K(640K)
[6.879s][info][gc             ] GC(126) Pause Young (Allocation Failure) 1117M->1117M(1271M) 26.334ms
[6.879s][info][gc,cpu         ] GC(126) User=0.12s Sys=0.02s Real=0.03s
[6.903s][info][gc,start       ] GC(127) Pause Young (Allocation Failure)
[6.935s][info][gc,heap        ] GC(127) PSYoungGen: 60576K(108032K)->41120K(62976K) Eden: 21504K(21504K)->0K(21504K) From: 39072K(86528K)->41120K(41472K)
[6.936s][info][gc,heap        ] GC(127) ParOldGen: 1104886K(1193984K)->1124606K(1193984K)
[6.936s][info][gc,metaspace   ] GC(127) Metaspace: 6302K(6528K)->6302K(6528K) NonClass: 5769K(5888K)->5769K(5888K) Class: 533K(640K)->533K(640K)
[6.936s][info][gc             ] GC(127) Pause Young (Allocation Failure) 1138M->1138M(1227M) 32.180ms
[6.936s][info][gc,cpu         ] GC(127) User=0.14s Sys=0.00s Real=0.03s
[6.960s][info][gc,start       ] GC(128) Pause Young (Allocation Failure)
[6.993s][info][gc,heap        ] GC(128) PSYoungGen: 62624K(62976K)->43168K(102912K) Eden: 21504K(21504K)->0K(24064K) From: 41120K(41472K)->43168K(78848K)
[6.993s][info][gc,heap        ] GC(128) ParOldGen: 1124606K(1193984K)->1144334K(1193984K)
[6.993s][info][gc,metaspace   ] GC(128) Metaspace: 6302K(6528K)->6302K(6528K) NonClass: 5769K(5888K)->5769K(5888K) Class: 533K(640K)->533K(640K)
[6.993s][info][gc             ] GC(128) Pause Young (Allocation Failure) 1159M->1159M(1266M) 32.729ms
[6.993s][info][gc,cpu         ] GC(128) User=0.16s Sys=0.00s Real=0.03s
[7.024s][info][gc,start       ] GC(129) Pause Young (Allocation Failure)
[7.059s][info][gc,heap        ] GC(129) PSYoungGen: 67232K(102912K)->45728K(70144K) Eden: 24064K(24064K)->0K(24064K) From: 43168K(78848K)->45728K(46080K)
[7.059s][info][gc,heap        ] GC(129) ParOldGen: 1144334K(1193984K)->1166134K(1193984K)
[7.059s][info][gc,metaspace   ] GC(129) Metaspace: 6302K(6528K)->6302K(6528K) NonClass: 5769K(5888K)->5769K(5888K) Class: 533K(640K)->533K(640K)
[7.059s][info][gc             ] GC(129) Pause Young (Allocation Failure) 1183M->1183M(1234M) 35.502ms
[7.059s][info][gc,cpu         ] GC(129) User=0.12s Sys=0.03s Real=0.03s
[7.059s][info][gc,start       ] GC(130) Pause Full (Ergonomics)
[7.059s][info][gc,phases,start] GC(130) Marking Phase
[7.323s][info][gc,phases      ] GC(130) Marking Phase 263.408ms
[7.323s][info][gc,phases,start] GC(130) Summary Phase
[7.323s][info][gc,phases      ] GC(130) Summary Phase 0.026ms
[7.323s][info][gc,phases,start] GC(130) Adjust Roots
[7.323s][info][gc,phases      ] GC(130) Adjust Roots 0.145ms
[7.323s][info][gc,phases,start] GC(130) Compaction Phase
[7.430s][info][gc,phases      ] GC(130) Compaction Phase 107.096ms
[7.430s][info][gc,phases,start] GC(130) Post Compact
[7.432s][info][gc,phases      ] GC(130) Post Compact 2.369ms
[7.433s][info][gc,heap        ] GC(130) PSYoungGen: 45728K(70144K)->16384K(70144K) Eden: 0K(24064K)->0K(24064K) From: 45728K(46080K)->16384K(46080K)
[7.433s][info][gc,heap        ] GC(130) ParOldGen: 1166134K(1193984K)->1193943K(1317376K)
[7.433s][info][gc,metaspace   ] GC(130) Metaspace: 6302K(6528K)->6302K(6528K) NonClass: 5769K(5888K)->5769K(5888K) Class: 533K(640K)->533K(640K)
[7.433s][info][gc             ] GC(130) Pause Full (Ergonomics) 1183M->1181M(1355M) 373.966ms
[7.433s][info][gc,cpu         ] GC(130) User=2.75s Sys=0.02s Real=0.38s
[7.464s][info][gc,start       ] GC(131) Pause Young (Allocation Failure)
[7.534s][info][gc,heap        ] GC(131) PSYoungGen: 40448K(70144K)->33568K(102912K) Eden: 24064K(24064K)->0K(26624K) From: 16384K(46080K)->33568K(76288K)
[7.534s][info][gc,heap        ] GC(131) ParOldGen: 1193943K(1317376K)->1201143K(1317376K)
[7.534s][info][gc,metaspace   ] GC(131) Metaspace: 6302K(6528K)->6302K(6528K) NonClass: 5769K(5888K)->5769K(5888K) Class: 533K(640K)->533K(640K)
[7.534s][info][gc             ] GC(131) Pause Young (Allocation Failure) 1205M->1205M(1387M) 70.409ms
[7.534s][info][gc,cpu         ] GC(131) User=0.39s Sys=0.00s Real=0.07s
[7.565s][info][gc,start       ] GC(132) Pause Young (Allocation Failure)
[7.598s][info][gc,heap        ] GC(132) PSYoungGen: 60192K(102912K)->60224K(104448K) Eden: 26624K(26624K)->0K(26624K) From: 33568K(76288K)->60224K(77824K)
[7.598s][info][gc,heap        ] GC(132) ParOldGen: 1201143K(1317376K)->1201143K(1317376K)
[7.598s][info][gc,metaspace   ] GC(132) Metaspace: 6302K(6528K)->6302K(6528K) NonClass: 5769K(5888K)->5769K(5888K) Class: 533K(640K)->533K(640K)
[7.598s][info][gc             ] GC(132) Pause Young (Allocation Failure) 1231M->1231M(1388M) 33.110ms
[7.598s][info][gc,cpu         ] GC(132) User=0.16s Sys=0.00s Real=0.03s
[7.629s][info][gc,start       ] GC(133) Pause Young (Allocation Failure)
[7.675s][info][gc,heap        ] GC(133) PSYoungGen: 86848K(104448K)->80384K(98816K) Eden: 26624K(26624K)->0K(18432K) From: 60224K(77824K)->80384K(80384K)
[7.675s][info][gc,heap        ] GC(133) ParOldGen: 1201143K(1317376K)->1207583K(1317376K)
[7.675s][info][gc,metaspace   ] GC(133) Metaspace: 6302K(6528K)->6302K(6528K) NonClass: 5769K(5888K)->5769K(5888K) Class: 533K(640K)->533K(640K)
[7.675s][info][gc             ] GC(133) Pause Young (Allocation Failure) 1257M->1257M(1383M) 45.327ms
[7.675s][info][gc,cpu         ] GC(133) User=0.25s Sys=0.00s Real=0.05s
[7.699s][info][gc,start       ] GC(134) Pause Young (Allocation Failure)
[7.751s][info][gc,heap        ] GC(134) PSYoungGen: 98816K(98816K)->66080K(110080K) Eden: 18432K(18432K)->0K(18432K) From: 80384K(80384K)->66080K(91648K)
[7.751s][info][gc,heap        ] GC(134) ParOldGen: 1207583K(1317376K)->1238535K(1317376K)
[7.751s][info][gc,metaspace   ] GC(134) Metaspace: 6302K(6528K)->6302K(6528K) NonClass: 5769K(5888K)->5769K(5888K) Class: 533K(640K)->533K(640K)
[7.751s][info][gc             ] GC(134) Pause Young (Allocation Failure) 1275M->1274M(1394M) 51.921ms
[7.751s][info][gc,cpu         ] GC(134) User=0.36s Sys=0.03s Real=0.05s
[7.765s][info][gc,start       ] GC(135) Pause Young (Allocation Failure)
[7.803s][info][gc,heap        ] GC(135) PSYoungGen: 84512K(110080K)->50720K(106496K) Eden: 18432K(18432K)->0K(20992K) From: 66080K(91648K)->50720K(85504K)
[7.803s][info][gc,heap        ] GC(135) ParOldGen: 1238535K(1317376K)->1263759K(1317376K)
[7.803s][info][gc,metaspace   ] GC(135) Metaspace: 6302K(6528K)->6302K(6528K) NonClass: 5769K(5888K)->5769K(5888K) Class: 533K(640K)->533K(640K)
[7.803s][info][gc             ] GC(135) Pause Young (Allocation Failure) 1292M->1283M(1390M) 38.253ms
[7.803s][info][gc,cpu         ] GC(135) User=0.22s Sys=0.03s Real=0.04s
[7.823s][info][gc,start       ] GC(136) Pause Young (Allocation Failure)
[7.858s][info][gc,heap        ] GC(136) PSYoungGen: 71712K(106496K)->23552K(110592K) Eden: 20992K(20992K)->0K(20992K) From: 50720K(85504K)->23552K(89600K)
[7.858s][info][gc,heap        ] GC(136) ParOldGen: 1263759K(1317376K)->1305295K(1317376K)
[7.858s][info][gc,metaspace   ] GC(136) Metaspace: 6302K(6528K)->6302K(6528K) NonClass: 5769K(5888K)->5769K(5888K) Class: 533K(640K)->533K(640K)
[7.858s][info][gc             ] GC(136) Pause Young (Allocation Failure) 1304M->1297M(1394M) 34.992ms
[7.858s][info][gc,cpu         ] GC(136) User=0.16s Sys=0.00s Real=0.04s
[7.859s][info][gc,start       ] GC(137) Pause Full (Ergonomics)
[7.859s][info][gc,phases,start] GC(137) Marking Phase
[8.162s][info][gc,phases      ] GC(137) Marking Phase 303.074ms
[8.162s][info][gc,phases,start] GC(137) Summary Phase
[8.162s][info][gc,phases      ] GC(137) Summary Phase 0.039ms
[8.162s][info][gc,phases,start] GC(137) Adjust Roots
[8.162s][info][gc,phases      ] GC(137) Adjust Roots 0.247ms
[8.162s][info][gc,phases,start] GC(137) Compaction Phase
[8.493s][info][gc,phases      ] GC(137) Compaction Phase 331.435ms
[8.494s][info][gc,phases,start] GC(137) Post Compact
[8.497s][info][gc,phases      ] GC(137) Post Compact 3.180ms
[8.497s][info][gc,heap        ] GC(137) PSYoungGen: 23552K(110592K)->10079K(110592K) Eden: 0K(20992K)->0K(20992K) From: 23552K(89600K)->10079K(89600K)
[8.497s][info][gc,heap        ] GC(137) ParOldGen: 1305295K(1317376K)->1316921K(1460224K)
[8.497s][info][gc,metaspace   ] GC(137) Metaspace: 6302K(6528K)->6302K(6528K) NonClass: 5769K(5888K)->5769K(5888K) Class: 533K(640K)->533K(640K)
[8.497s][info][gc             ] GC(137) Pause Full (Ergonomics) 1297M->1295M(1534M) 638.946ms
[8.498s][info][gc,cpu         ] GC(137) User=4.20s Sys=0.00s Real=0.64s
[8.529s][info][gc,start       ] GC(138) Pause Young (Allocation Failure)
[8.606s][info][gc,heap        ] GC(138) PSYoungGen: 31071K(110592K)->21120K(114176K) Eden: 20992K(20992K)->0K(23552K) From: 10079K(89600K)->21120K(90624K)
[8.606s][info][gc,heap        ] GC(138) ParOldGen: 1316921K(1460224K)->1327169K(1460224K)
[8.606s][info][gc,metaspace   ] GC(138) Metaspace: 6302K(6528K)->6302K(6528K) NonClass: 5769K(5888K)->5769K(5888K) Class: 533K(640K)->533K(640K)
[8.606s][info][gc             ] GC(138) Pause Young (Allocation Failure) 1316M->1316M(1537M) 77.575ms
[8.606s][info][gc,cpu         ] GC(138) User=0.39s Sys=0.00s Real=0.08s
[8.635s][info][gc,start       ] GC(139) Pause Young (Allocation Failure)
[8.662s][info][gc,heap        ] GC(139) PSYoungGen: 44672K(114176K)->44736K(68608K) Eden: 23552K(23552K)->0K(23552K) From: 21120K(90624K)->44736K(45056K)
[8.662s][info][gc,heap        ] GC(139) ParOldGen: 1327169K(1460224K)->1327169K(1460224K)
[8.662s][info][gc,metaspace   ] GC(139) Metaspace: 6302K(6528K)->6302K(6528K) NonClass: 5769K(5888K)->5769K(5888K) Class: 533K(640K)->533K(640K)
[8.662s][info][gc             ] GC(139) Pause Young (Allocation Failure) 1339M->1339M(1493M) 26.714ms
[8.662s][info][gc,cpu         ] GC(139) User=0.14s Sys=0.00s Real=0.03s
[8.692s][info][gc,start       ] GC(140) Pause Young (Allocation Failure)
[8.729s][info][gc,heap        ] GC(140) PSYoungGen: 68288K(68608K)->68352K(109056K) Eden: 23552K(23552K)->0K(22016K) From: 44736K(45056K)->68352K(87040K)
[8.729s][info][gc,heap        ] GC(140) ParOldGen: 1327169K(1460224K)->1327169K(1460224K)
[8.729s][info][gc,metaspace   ] GC(140) Metaspace: 6302K(6528K)->6302K(6528K) NonClass: 5769K(5888K)->5769K(5888K) Class: 533K(640K)->533K(640K)
[8.729s][info][gc             ] GC(140) Pause Young (Allocation Failure) 1362M->1362M(1532M) 36.363ms
[8.729s][info][gc,cpu         ] GC(140) User=0.16s Sys=0.00s Real=0.04s
[9.022s][info][gc,start       ] GC(141) Pause Young (Allocation Failure)
[9.095s][info][gc,heap        ] GC(141) PSYoungGen: 90368K(109056K)->69280K(113152K) Eden: 22016K(22016K)->0K(22016K) From: 68352K(87040K)->69280K(91136K)
[9.096s][info][gc,heap        ] GC(141) ParOldGen: 1392705K(1460224K)->1414001K(1460224K)
[9.096s][info][gc,metaspace   ] GC(141) Metaspace: 6302K(6528K)->6302K(6528K) NonClass: 5769K(5888K)->5769K(5888K) Class: 533K(640K)->533K(640K)
[9.096s][info][gc             ] GC(141) Pause Young (Allocation Failure) 1448M->1448M(1536M) 73.634ms
[9.096s][info][gc,cpu         ] GC(141) User=0.50s Sys=0.02s Real=0.07s
[9.116s][info][gc,start       ] GC(142) Pause Young (Allocation Failure)
[9.160s][info][gc,heap        ] GC(142) PSYoungGen: 91296K(113152K)->91392K(108032K) Eden: 22016K(22016K)->0K(13312K) From: 69280K(91136K)->91392K(94720K)
[9.160s][info][gc,heap        ] GC(142) ParOldGen: 1414001K(1460224K)->1414001K(1460224K)
[9.160s][info][gc,metaspace   ] GC(142) Metaspace: 6302K(6528K)->6302K(6528K) NonClass: 5769K(5888K)->5769K(5888K) Class: 533K(640K)->533K(640K)
[9.160s][info][gc             ] GC(142) Pause Young (Allocation Failure) 1470M->1470M(1531M) 43.948ms
[9.160s][info][gc,cpu         ] GC(142) User=0.19s Sys=0.00s Real=0.04s
[9.173s][info][gc,start       ] GC(143) Pause Young (Allocation Failure)
[9.222s][info][gc,heap        ] GC(143) PSYoungGen: 104704K(108032K)->81088K(118784K) Eden: 13312K(13312K)->0K(13312K) From: 91392K(94720K)->81088K(105472K)
[9.222s][info][gc,heap        ] GC(143) ParOldGen: 1414001K(1460224K)->1437873K(1460224K)
[9.222s][info][gc,metaspace   ] GC(143) Metaspace: 6302K(6528K)->6302K(6528K) NonClass: 5769K(5888K)->5769K(5888K) Class: 533K(640K)->533K(640K)
[9.222s][info][gc             ] GC(143) Pause Young (Allocation Failure) 1483M->1483M(1542M) 48.973ms
[9.222s][info][gc,cpu         ] GC(143) User=0.36s Sys=0.00s Real=0.05s
[9.222s][info][gc,start       ] GC(144) Pause Full (Ergonomics)
[9.222s][info][gc,phases,start] GC(144) Marking Phase
[9.549s][info][gc,phases      ] GC(144) Marking Phase 327.508ms
[9.549s][info][gc,phases,start] GC(144) Summary Phase
[9.549s][info][gc,phases      ] GC(144) Summary Phase 0.040ms
[9.549s][info][gc,phases,start] GC(144) Adjust Roots
[9.550s][info][gc,phases      ] GC(144) Adjust Roots 0.285ms
[9.550s][info][gc,phases,start] GC(144) Compaction Phase
[9.784s][info][gc,phases      ] GC(144) Compaction Phase 234.642ms
[9.784s][info][gc,phases,start] GC(144) Post Compact
[9.787s][info][gc,phases      ] GC(144) Post Compact 2.990ms
[9.788s][info][gc,heap        ] GC(144) PSYoungGen: 81088K(118784K)->25087K(118784K) Eden: 0K(13312K)->0K(13312K) From: 81088K(105472K)->25087K(105472K)
[9.788s][info][gc,heap        ] GC(144) ParOldGen: 1437873K(1460224K)->1459933K(1608192K)
[9.788s][info][gc,metaspace   ] GC(144) Metaspace: 6302K(6528K)->6302K(6528K) NonClass: 5769K(5888K)->5769K(5888K) Class: 533K(640K)->533K(640K)
[9.788s][info][gc             ] GC(144) Pause Full (Ergonomics) 1483M->1450M(1686M) 566.343ms
[9.788s][info][gc,cpu         ] GC(144) User=3.91s Sys=0.03s Real=0.57s
[9.802s][info][gc,start       ] GC(145) Pause Young (Allocation Failure)
[9.879s][info][gc,heap        ] GC(145) PSYoungGen: 38399K(118784K)->31200K(123392K) Eden: 13312K(13312K)->0K(14848K) From: 25087K(105472K)->31200K(108544K)
[9.879s][info][gc,heap        ] GC(145) ParOldGen: 1459933K(1608192K)->1467405K(1608192K)
[9.879s][info][gc,metaspace   ] GC(145) Metaspace: 6302K(6528K)->6302K(6528K) NonClass: 5769K(5888K)->5769K(5888K) Class: 533K(640K)->533K(640K)
[9.879s][info][gc             ] GC(145) Pause Young (Allocation Failure) 1463M->1463M(1691M) 77.139ms
[9.879s][info][gc,cpu         ] GC(145) User=0.42s Sys=0.00s Real=0.08s
[9.892s][info][gc,start       ] GC(146) Pause Young (Allocation Failure)
[9.920s][info][gc,heap        ] GC(146) PSYoungGen: 46048K(123392K)->46048K(60928K) Eden: 14848K(14848K)->0K(14848K) From: 31200K(108544K)->46048K(46080K)
[9.920s][info][gc,heap        ] GC(146) ParOldGen: 1467405K(1608192K)->1467405K(1608192K)
[9.920s][info][gc,metaspace   ] GC(146) Metaspace: 6302K(6528K)->6302K(6528K) NonClass: 5769K(5888K)->5769K(5888K) Class: 533K(640K)->533K(640K)
[9.920s][info][gc             ] GC(146) Pause Young (Allocation Failure) 1477M->1477M(1630M) 27.776ms
[9.920s][info][gc,cpu         ] GC(146) User=0.02s Sys=0.02s Real=0.03s
[9.935s][info][gc,start       ] GC(147) Pause Young (Allocation Failure)
[9.967s][info][gc,heap        ] GC(147) PSYoungGen: 60896K(60928K)->56864K(114176K) Eden: 14848K(14848K)->0K(16896K) From: 46048K(46080K)->56864K(97280K)
[9.967s][info][gc,heap        ] GC(147) ParOldGen: 1467405K(1608192K)->1471581K(1608192K)
[9.967s][info][gc,metaspace   ] GC(147) Metaspace: 6302K(6528K)->6302K(6528K) NonClass: 5769K(5888K)->5769K(5888K) Class: 533K(640K)->533K(640K)
[9.967s][info][gc             ] GC(147) Pause Young (Allocation Failure) 1492M->1492M(1682M) 32.923ms
[9.967s][info][gc,cpu         ] GC(147) User=0.05s Sys=0.00s Real=0.03s
[9.984s][info][gc,start       ] GC(148) Pause Young (Allocation Failure)
[10.021s][info][gc,heap        ] GC(148) PSYoungGen: 73760K(114176K)->64736K(118272K) Eden: 16896K(16896K)->0K(16896K) From: 56864K(97280K)->64736K(101376K)
[10.021s][info][gc,heap        ] GC(148) ParOldGen: 1471581K(1608192K)->1480645K(1608192K)
[10.021s][info][gc,metaspace   ] GC(148) Metaspace: 6302K(6528K)->6302K(6528K) NonClass: 5769K(5888K)->5769K(5888K) Class: 533K(640K)->533K(640K)
[10.021s][info][gc             ] GC(148) Pause Young (Allocation Failure) 1509M->1509M(1686M) 37.178ms
[10.021s][info][gc,cpu         ] GC(148) User=0.16s Sys=0.00s Real=0.04s
[10.039s][info][gc,start       ] GC(149) Pause Young (Allocation Failure)
[10.078s][info][gc,heap        ] GC(149) PSYoungGen: 81632K(118272K)->63680K(117248K) Eden: 16896K(16896K)->0K(19456K) From: 64736K(101376K)->63680K(97792K)
[10.078s][info][gc,heap        ] GC(149) ParOldGen: 1480645K(1608192K)->1498893K(1608192K)
[10.078s][info][gc,metaspace   ] GC(149) Metaspace: 6302K(6528K)->6302K(6528K) NonClass: 5769K(5888K)->5769K(5888K) Class: 533K(640K)->533K(640K)
[10.078s][info][gc             ] GC(149) Pause Young (Allocation Failure) 1525M->1525M(1685M) 39.630ms
[10.078s][info][gc,cpu         ] GC(149) User=0.27s Sys=0.00s Real=0.04s
[10.099s][info][gc,start       ] GC(150) Pause Young (Allocation Failure)
[10.140s][info][gc,heap        ] GC(150) PSYoungGen: 83136K(117248K)->53376K(73216K) Eden: 19456K(19456K)->0K(19456K) From: 63680K(97792K)->53376K(53760K)
[10.140s][info][gc,heap        ] GC(150) ParOldGen: 1498893K(1608192K)->1528941K(1608192K)
[10.140s][info][gc,metaspace   ] GC(150) Metaspace: 6302K(6528K)->6302K(6528K) NonClass: 5769K(5888K)->5769K(5888K) Class: 533K(640K)->533K(640K)
[10.140s][info][gc             ] GC(150) Pause Young (Allocation Failure) 1544M->1545M(1642M) 41.411ms
[10.140s][info][gc,cpu         ] GC(150) User=0.20s Sys=0.03s Real=0.04s
[10.161s][info][gc,start       ] GC(151) Pause Young (Allocation Failure)
[10.199s][info][gc,heap        ] GC(151) PSYoungGen: 72832K(73216K)->39104K(115712K) Eden: 19456K(19456K)->0K(22528K) From: 53376K(53760K)->39104K(93184K)
[10.199s][info][gc,heap        ] GC(151) ParOldGen: 1528941K(1608192K)->1563165K(1608192K)
[10.199s][info][gc,metaspace   ] GC(151) Metaspace: 6302K(6528K)->6302K(6528K) NonClass: 5769K(5888K)->5769K(5888K) Class: 533K(640K)->533K(640K)
[10.199s][info][gc             ] GC(151) Pause Young (Allocation Failure) 1564M->1564M(1683M) 38.217ms
[10.199s][info][gc,cpu         ] GC(151) User=0.25s Sys=0.00s Real=0.04s
[10.222s][info][gc,start       ] GC(152) Pause Young (Allocation Failure)
[10.257s][info][gc,heap        ] GC(152) PSYoungGen: 61632K(115712K)->22656K(116736K) Eden: 22528K(22528K)->0K(22528K) From: 39104K(93184K)->22656K(94208K)
[10.257s][info][gc,heap        ] GC(152) ParOldGen: 1563165K(1608192K)->1602581K(1608192K)
[10.257s][info][gc,metaspace   ] GC(152) Metaspace: 6302K(6528K)->6302K(6528K) NonClass: 5769K(5888K)->5769K(5888K) Class: 533K(640K)->533K(640K)
[10.257s][info][gc             ] GC(152) Pause Young (Allocation Failure) 1586M->1587M(1684M) 35.416ms
[10.257s][info][gc,cpu         ] GC(152) User=0.16s Sys=0.00s Real=0.04s
[10.257s][info][gc,start       ] GC(153) Pause Full (Ergonomics)
[10.257s][info][gc,phases,start] GC(153) Marking Phase
[10.613s][info][gc,phases      ] GC(153) Marking Phase 356.137ms
[10.613s][info][gc,phases,start] GC(153) Summary Phase
[10.613s][info][gc,phases      ] GC(153) Summary Phase 0.030ms
[10.613s][info][gc,phases,start] GC(153) Adjust Roots
[10.614s][info][gc,phases      ] GC(153) Adjust Roots 0.170ms
[10.614s][info][gc,phases,start] GC(153) Compaction Phase
[10.779s][info][gc,phases      ] GC(153) Compaction Phase 165.332ms
[10.779s][info][gc,phases,start] GC(153) Post Compact
[10.782s][info][gc,phases      ] GC(153) Post Compact 2.806ms
[10.782s][info][gc,heap        ] GC(153) PSYoungGen: 22656K(116736K)->14843K(116736K) Eden: 0K(22528K)->0K(22528K) From: 22656K(94208K)->14843K(94208K)
[10.783s][info][gc,heap        ] GC(153) ParOldGen: 1602581K(1608192K)->1608171K(1776640K)
[10.783s][info][gc,metaspace   ] GC(153) Metaspace: 6302K(6528K)->6302K(6528K) NonClass: 5769K(5888K)->5769K(5888K) Class: 533K(640K)->533K(640K)
[10.783s][info][gc             ] GC(153) Pause Full (Ergonomics) 1587M->1584M(1849M) 525.378ms
[10.783s][info][gc,cpu         ] GC(153) User=3.72s Sys=0.00s Real=0.53s
[10.809s][info][gc,start       ] GC(154) Pause Young (Allocation Failure)
[10.891s][info][gc,heap        ] GC(154) PSYoungGen: 37371K(116736K)->22656K(120320K) Eden: 22528K(22528K)->0K(25088K) From: 14843K(94208K)->22656K(95232K)
[10.891s][info][gc,heap        ] GC(154) ParOldGen: 1608171K(1776640K)->1623235K(1776640K)
[10.891s][info][gc,metaspace   ] GC(154) Metaspace: 6302K(6528K)->6302K(6528K) NonClass: 5769K(5888K)->5769K(5888K) Class: 533K(640K)->533K(640K)
[10.891s][info][gc             ] GC(154) Pause Young (Allocation Failure) 1606M->1607M(1852M) 82.877ms
[10.891s][info][gc,cpu         ] GC(154) User=0.53s Sys=0.00s Real=0.08s
[10.916s][info][gc,start       ] GC(155) Pause Young (Allocation Failure)
[10.948s][info][gc,heap        ] GC(155) PSYoungGen: 47744K(120320K)->25248K(120832K) Eden: 25088K(25088K)->0K(25088K) From: 22656K(95232K)->25248K(95744K)
[10.948s][info][gc,heap        ] GC(155) ParOldGen: 1623235K(1776640K)->1646059K(1776640K)
[10.948s][info][gc,metaspace   ] GC(155) Metaspace: 6302K(6528K)->6302K(6528K) NonClass: 5769K(5888K)->5769K(5888K) Class: 533K(640K)->533K(640K)
[10.948s][info][gc             ] GC(155) Pause Young (Allocation Failure) 1631M->1632M(1853M) 31.598ms
[10.948s][info][gc,cpu         ] GC(155) User=0.14s Sys=0.00s Real=0.03s
[10.974s][info][gc,start       ] GC(156) Pause Young (Allocation Failure)
[11.007s][info][gc,heap        ] GC(156) PSYoungGen: 50336K(120832K)->25248K(120320K) Eden: 25088K(25088K)->0K(28160K) From: 25248K(95744K)->25248K(92160K)
[11.007s][info][gc,heap        ] GC(156) ParOldGen: 1646059K(1776640K)->1671475K(1776640K)
[11.007s][info][gc,metaspace   ] GC(156) Metaspace: 6302K(6528K)->6302K(6528K) NonClass: 5769K(5888K)->5769K(5888K) Class: 533K(640K)->533K(640K)
[11.007s][info][gc             ] GC(156) Pause Young (Allocation Failure) 1656M->1656M(1852M) 32.291ms
[11.007s][info][gc,cpu         ] GC(156) User=0.12s Sys=0.02s Real=0.03s
[11.036s][info][gc,start       ] GC(157) Pause Young (Allocation Failure)
[11.069s][info][gc,heap        ] GC(157) PSYoungGen: 53408K(120320K)->28320K(121856K) Eden: 28160K(28160K)->0K(28160K) From: 25248K(92160K)->28320K(93696K)
[11.069s][info][gc,heap        ] GC(157) ParOldGen: 1671475K(1776640K)->1696891K(1776640K)
[11.069s][info][gc,metaspace   ] GC(157) Metaspace: 6302K(6528K)->6302K(6528K) NonClass: 5769K(5888K)->5769K(5888K) Class: 533K(640K)->533K(640K)
[11.069s][info][gc             ] GC(157) Pause Young (Allocation Failure) 1684M->1684M(1854M) 33.224ms
[11.069s][info][gc,cpu         ] GC(157) User=0.08s Sys=0.00s Real=0.03s
[11.103s][info][gc,start       ] GC(158) Pause Young (Allocation Failure)
[11.138s][info][gc,heap        ] GC(158) PSYoungGen: 56480K(121856K)->28320K(117248K) Eden: 28160K(28160K)->0K(31232K) From: 28320K(93696K)->28320K(86016K)
[11.138s][info][gc,heap        ] GC(158) ParOldGen: 1696891K(1776640K)->1725435K(1776640K)
[11.138s][info][gc,metaspace   ] GC(158) Metaspace: 6302K(6528K)->6302K(6528K) NonClass: 5769K(5888K)->5769K(5888K) Class: 533K(640K)->533K(640K)
[11.138s][info][gc             ] GC(158) Pause Young (Allocation Failure) 1712M->1712M(1849M) 35.650ms
[11.138s][info][gc,cpu         ] GC(158) User=0.16s Sys=0.00s Real=0.04s
[11.172s][info][gc,start       ] GC(159) Pause Young (Allocation Failure)
[11.209s][info][gc,heap        ] GC(159) PSYoungGen: 59552K(117248K)->31424K(119808K) Eden: 31232K(31232K)->0K(31232K) From: 28320K(86016K)->31424K(88576K)
[11.209s][info][gc,heap        ] GC(159) ParOldGen: 1725435K(1776640K)->1753995K(1776640K)
[11.209s][info][gc,metaspace   ] GC(159) Metaspace: 6302K(6528K)->6302K(6528K) NonClass: 5769K(5888K)->5769K(5888K) Class: 533K(640K)->533K(640K)
[11.209s][info][gc             ] GC(159) Pause Young (Allocation Failure) 1743M->1743M(1852M) 37.403ms
[11.209s][info][gc,cpu         ] GC(159) User=0.16s Sys=0.00s Real=0.04s
[11.209s][info][gc,start       ] GC(160) Pause Full (Ergonomics)
[11.209s][info][gc,phases,start] GC(160) Marking Phase
[11.608s][info][gc,phases      ] GC(160) Marking Phase 398.324ms
[11.608s][info][gc,phases,start] GC(160) Summary Phase
[11.608s][info][gc,phases      ] GC(160) Summary Phase 0.030ms
[11.608s][info][gc,phases,start] GC(160) Adjust Roots
[11.608s][info][gc,phases      ] GC(160) Adjust Roots 0.157ms
[11.608s][info][gc,phases,start] GC(160) Compaction Phase
[11.784s][info][gc,phases      ] GC(160) Compaction Phase 175.736ms
[11.784s][info][gc,phases,start] GC(160) Post Compact
[11.787s][info][gc,phases      ] GC(160) Post Compact 3.140ms
[11.788s][info][gc,heap        ] GC(160) PSYoungGen: 31424K(119808K)->6701K(119808K) Eden: 0K(31232K)->0K(31232K) From: 31424K(88576K)->6701K(88576K)
[11.788s][info][gc,heap        ] GC(160) ParOldGen: 1753995K(1776640K)->1776376K(1954304K)
[11.788s][info][gc,metaspace   ] GC(160) Metaspace: 6302K(6528K)->6302K(6528K) NonClass: 5769K(5888K)->5769K(5888K) Class: 533K(640K)->533K(640K)
[11.788s][info][gc             ] GC(160) Pause Full (Ergonomics) 1743M->1741M(2025M) 578.337ms
[11.788s][info][gc,cpu         ] GC(160) User=4.23s Sys=0.00s Real=0.58s
[11.822s][info][gc,start       ] GC(161) Pause Young (Allocation Failure)
[11.914s][info][gc,heap        ] GC(161) PSYoungGen: 37933K(119808K)->31360K(113152K) Eden: 31232K(31232K)->0K(34304K) From: 6701K(88576K)->31360K(78848K)
[11.914s][info][gc,heap        ] GC(161) ParOldGen: 1776376K(1954304K)->1783192K(1954304K)
[11.914s][info][gc,metaspace   ] GC(161) Metaspace: 6302K(6528K)->6302K(6528K) NonClass: 5769K(5888K)->5769K(5888K) Class: 533K(640K)->533K(640K)
[11.914s][info][gc             ] GC(161) Pause Young (Allocation Failure) 1771M->1772M(2019M) 91.411ms
[11.914s][info][gc,cpu         ] GC(161) User=0.62s Sys=0.00s Real=0.09s
[11.950s][info][gc,start       ] GC(162) Pause Young (Allocation Failure)
[11.988s][info][gc,heap        ] GC(162) PSYoungGen: 65664K(113152K)->65728K(116736K) Eden: 34304K(34304K)->0K(34304K) From: 31360K(78848K)->65728K(82432K)
[11.988s][info][gc,heap        ] GC(162) ParOldGen: 1783192K(1954304K)->1783192K(1954304K)
[11.988s][info][gc,metaspace   ] GC(162) Metaspace: 6302K(6528K)->6302K(6528K) NonClass: 5769K(5888K)->5769K(5888K) Class: 533K(640K)->533K(640K)
[11.988s][info][gc             ] GC(162) Pause Young (Allocation Failure) 1805M->1805M(2022M) 37.882ms
[11.988s][info][gc,cpu         ] GC(162) User=0.16s Sys=0.00s Real=0.04s
[12.029s][info][gc,start       ] GC(163) Pause Young (Allocation Failure)
[12.080s][info][gc,heap        ] GC(163) PSYoungGen: 100032K(116736K)->88064K(109056K) Eden: 34304K(34304K)->0K(20992K) From: 65728K(82432K)->88064K(88064K)
[12.080s][info][gc,heap        ] GC(163) ParOldGen: 1783192K(1954304K)->1795248K(1954304K)
[12.080s][info][gc,metaspace   ] GC(163) Metaspace: 6302K(6528K)->6302K(6528K) NonClass: 5769K(5888K)->5769K(5888K) Class: 533K(640K)->533K(640K)
[12.080s][info][gc             ] GC(163) Pause Young (Allocation Failure) 1839M->1839M(2015M) 51.354ms
[12.080s][info][gc,cpu         ] GC(163) User=0.34s Sys=0.00s Real=0.05s
[12.104s][info][gc,start       ] GC(164) Pause Young (Allocation Failure)
[12.158s][info][gc,heap        ] GC(164) PSYoungGen: 109056K(109056K)->50144K(71168K) Eden: 20992K(20992K)->0K(20992K) From: 88064K(88064K)->50144K(50176K)
[12.158s][info][gc,heap        ] GC(164) ParOldGen: 1795248K(1954304K)->1855040K(1954304K)
[12.158s][info][gc,metaspace   ] GC(164) Metaspace: 6302K(6528K)->6302K(6528K) NonClass: 5769K(5888K)->5769K(5888K) Class: 533K(640K)->533K(640K)
[12.158s][info][gc             ] GC(164) Pause Young (Allocation Failure) 1859M->1860M(1978M) 54.082ms
[12.158s][info][gc,cpu         ] GC(164) User=0.38s Sys=0.02s Real=0.05s
[12.180s][info][gc,start       ] GC(165) Pause Young (Allocation Failure)
[12.220s][info][gc,heap        ] GC(165) PSYoungGen: 71136K(71168K)->42112K(115712K) Eden: 20992K(20992K)->0K(23552K) From: 50144K(50176K)->42112K(92160K)
[12.220s][info][gc,heap        ] GC(165) ParOldGen: 1855040K(1954304K)->1884400K(1954304K)
[12.220s][info][gc,metaspace   ] GC(165) Metaspace: 6302K(6528K)->6302K(6528K) NonClass: 5769K(5888K)->5769K(5888K) Class: 533K(640K)->533K(640K)
[12.220s][info][gc             ] GC(165) Pause Young (Allocation Failure) 1881M->1881M(2021M) 39.537ms
[12.220s][info][gc,cpu         ] GC(165) User=0.25s Sys=0.00s Real=0.04s
[12.247s][info][gc,start       ] GC(166) Pause Young (Allocation Failure)
[12.285s][info][gc,heap        ] GC(166) PSYoungGen: 65664K(115712K)->44704K(68608K) Eden: 23552K(23552K)->0K(23552K) From: 42112K(92160K)->44704K(45056K)
[12.285s][info][gc,heap        ] GC(166) ParOldGen: 1884400K(1954304K)->1905672K(1954304K)
[12.285s][info][gc,metaspace   ] GC(166) Metaspace: 6302K(6528K)->6302K(6528K) NonClass: 5769K(5888K)->5769K(5888K) Class: 533K(640K)->533K(640K)
[12.285s][info][gc             ] GC(166) Pause Young (Allocation Failure) 1904M->1904M(1975M) 38.285ms
[12.285s][info][gc,cpu         ] GC(166) User=0.16s Sys=0.00s Real=0.04s
[12.285s][info][gc,start       ] GC(167) Pause Full (Ergonomics)
[12.285s][info][gc,phases,start] GC(167) Marking Phase
[12.713s][info][gc,phases      ] GC(167) Marking Phase 427.800ms
[12.713s][info][gc,phases,start] GC(167) Summary Phase
[12.713s][info][gc,phases      ] GC(167) Summary Phase 0.046ms
[12.713s][info][gc,phases,start] GC(167) Adjust Roots
[12.713s][info][gc,phases      ] GC(167) Adjust Roots 0.192ms
[12.713s][info][gc,phases,start] GC(167) Compaction Phase
[12.884s][info][gc,phases      ] GC(167) Compaction Phase 170.365ms
[12.884s][info][gc,phases,start] GC(167) Post Compact
[12.888s][info][gc,phases      ] GC(167) Post Compact 3.811ms
[12.889s][info][gc,heap        ] GC(167) PSYoungGen: 44704K(68608K)->0K(118272K) Eden: 0K(23552K)->0K(26624K) From: 44704K(45056K)->0K(91648K)
[12.889s][info][gc,heap        ] GC(167) ParOldGen: 1905672K(1954304K)->1948265K(2145792K)
[12.889s][info][gc,metaspace   ] GC(167) Metaspace: 6302K(6528K)->6302K(6528K) NonClass: 5769K(5888K)->5769K(5888K) Class: 533K(640K)->533K(640K)
[12.889s][info][gc             ] GC(167) Pause Full (Ergonomics) 1904M->1902M(2211M) 603.440ms
[12.889s][info][gc,cpu         ] GC(167) User=4.36s Sys=0.00s Real=0.60s
[12.921s][info][gc,start       ] GC(168) Pause Young (Allocation Failure)
[12.945s][info][gc,heap        ] GC(168) PSYoungGen: 26624K(118272K)->26848K(118272K) Eden: 26624K(26624K)->0K(26624K) From: 0K(91648K)->26848K(91648K)
[12.945s][info][gc,heap        ] GC(168) ParOldGen: 1948265K(2145792K)->1948265K(2145792K)
[12.945s][info][gc,metaspace   ] GC(168) Metaspace: 6302K(6528K)->6302K(6528K) NonClass: 5769K(5888K)->5769K(5888K) Class: 533K(640K)->533K(640K)
[12.945s][info][gc             ] GC(168) Pause Young (Allocation Failure) 1928M->1928M(2211M) 23.987ms
[12.945s][info][gc,cpu         ] GC(168) User=0.03s Sys=0.00s Real=0.02s
[12.976s][info][gc,start       ] GC(169) Pause Young (Allocation Failure)
[13.009s][info][gc,heap        ] GC(169) PSYoungGen: 53472K(118272K)->53408K(117760K) Eden: 26624K(26624K)->0K(29696K) From: 26848K(91648K)->53408K(88064K)
[13.009s][info][gc,heap        ] GC(169) ParOldGen: 1948265K(2145792K)->1948265K(2145792K)
[13.009s][info][gc,metaspace   ] GC(169) Metaspace: 6302K(6528K)->6302K(6528K) NonClass: 5769K(5888K)->5769K(5888K) Class: 533K(640K)->533K(640K)
[13.009s][info][gc             ] GC(169) Pause Young (Allocation Failure) 1954M->1954M(2210M) 32.966ms
[13.009s][info][gc,cpu         ] GC(169) User=0.16s Sys=0.00s Real=0.03s
[13.050s][info][gc,start       ] GC(170) Pause Young (Allocation Failure)
[13.093s][info][gc,heap        ] GC(170) PSYoungGen: 83104K(117760K)->83136K(118784K) Eden: 29696K(29696K)->0K(29696K) From: 53408K(88064K)->83136K(89088K)
[13.093s][info][gc,heap        ] GC(170) ParOldGen: 1948265K(2145792K)->1948265K(2145792K)
[13.093s][info][gc,metaspace   ] GC(170) Metaspace: 6302K(6528K)->6302K(6528K) NonClass: 5769K(5888K)->5769K(5888K) Class: 533K(640K)->533K(640K)
[13.093s][info][gc             ] GC(170) Pause Young (Allocation Failure) 1983M->1983M(2211M) 43.353ms
[13.093s][info][gc,cpu         ] GC(170) User=0.27s Sys=0.00s Real=0.04s
[13.125s][info][gc,start       ] GC(171) Pause Young (Allocation Failure)
[13.181s][info][gc,heap        ] GC(171) PSYoungGen: 112832K(118784K)->98816K(113152K) Eden: 29696K(29696K)->0K(14336K) From: 83136K(89088K)->98816K(98816K)
[13.181s][info][gc,heap        ] GC(171) ParOldGen: 1948265K(2145792K)->1962369K(2145792K)
[13.181s][info][gc,metaspace   ] GC(171) Metaspace: 6302K(6528K)->6302K(6528K) NonClass: 5769K(5888K)->5769K(5888K) Class: 533K(640K)->533K(640K)
[13.181s][info][gc             ] GC(171) Pause Young (Allocation Failure) 2012M->2012M(2206M) 56.053ms
[13.181s][info][gc,cpu         ] GC(171) User=0.34s Sys=0.03s Real=0.06s
[13.197s][info][gc,start       ] GC(172) Pause Young (Allocation Failure)
[13.252s][info][gc,heap        ] GC(172) PSYoungGen: 113152K(113152K)->90848K(131584K) Eden: 14336K(14336K)->0K(14336K) From: 98816K(98816K)->90848K(117248K)
[13.252s][info][gc,heap        ] GC(172) ParOldGen: 1962369K(2145792K)->1985113K(2145792K)
[13.252s][info][gc,metaspace   ] GC(172) Metaspace: 6302K(6528K)->6302K(6528K) NonClass: 5769K(5888K)->5769K(5888K) Class: 533K(640K)->533K(640K)
[13.252s][info][gc             ] GC(172) Pause Young (Allocation Failure) 2026M->2027M(2224M) 54.264ms
[13.252s][info][gc,cpu         ] GC(172) User=0.36s Sys=0.03s Real=0.05s
[13.267s][info][gc,start       ] GC(173) Pause Young (Allocation Failure)
[13.317s][info][gc,heap        ] GC(173) PSYoungGen: 105184K(131584K)->80512K(138752K) Eden: 14336K(14336K)->0K(14848K) From: 90848K(117248K)->80512K(123904K)
[13.317s][info][gc,heap        ] GC(173) ParOldGen: 1985113K(2145792K)->2010113K(2145792K)
[13.317s][info][gc,metaspace   ] GC(173) Metaspace: 6302K(6528K)->6302K(6528K) NonClass: 5769K(5888K)->5769K(5888K) Class: 533K(640K)->533K(640K)
[13.317s][info][gc             ] GC(173) Pause Young (Allocation Failure) 2041M->2041M(2231M) 50.706ms
[13.317s][info][gc,cpu         ] GC(173) User=0.33s Sys=0.05s Real=0.05s
[13.332s][info][gc,start       ] GC(174) Pause Young (Allocation Failure)
[13.379s][info][gc,heap        ] GC(174) PSYoungGen: 95360K(138752K)->43680K(58880K) Eden: 14848K(14848K)->0K(14848K) From: 80512K(123904K)->43680K(44032K)
[13.379s][info][gc,heap        ] GC(174) ParOldGen: 2010113K(2145792K)->2062449K(2145792K)
[13.379s][info][gc,metaspace   ] GC(174) Metaspace: 6302K(6528K)->6302K(6528K) NonClass: 5769K(5888K)->5769K(5888K) Class: 533K(640K)->533K(640K)
[13.379s][info][gc             ] GC(174) Pause Young (Allocation Failure) 2056M->2056M(2153M) 47.260ms
[13.379s][info][gc,cpu         ] GC(174) User=0.27s Sys=0.00s Real=0.05s
[13.395s][info][gc,start       ] GC(175) Pause Young (Allocation Failure)
[13.429s][info][gc,heap        ] GC(175) PSYoungGen: 58528K(58880K)->29856K(136192K) Eden: 14848K(14848K)->0K(16896K) From: 43680K(44032K)->29856K(119296K)
[13.429s][info][gc,heap        ] GC(175) ParOldGen: 2062449K(2145792K)->2091473K(2145792K)
[13.429s][info][gc,metaspace   ] GC(175) Metaspace: 6302K(6528K)->6302K(6528K) NonClass: 5769K(5888K)->5769K(5888K) Class: 533K(640K)->533K(640K)
[13.429s][info][gc             ] GC(175) Pause Young (Allocation Failure) 2071M->2071M(2228M) 33.841ms
[13.429s][info][gc,cpu         ] GC(175) User=0.12s Sys=0.02s Real=0.03s
[13.448s][info][gc,start       ] GC(176) Pause Young (Allocation Failure)
[13.478s][info][gc,heap        ] GC(176) PSYoungGen: 46752K(136192K)->17024K(137728K) Eden: 16896K(16896K)->0K(16896K) From: 29856K(119296K)->17024K(120832K)
[13.478s][info][gc,heap        ] GC(176) ParOldGen: 2091473K(2145792K)->2121537K(2145792K)
[13.478s][info][gc,metaspace   ] GC(176) Metaspace: 6302K(6528K)->6302K(6528K) NonClass: 5769K(5888K)->5769K(5888K) Class: 533K(640K)->533K(640K)
[13.478s][info][gc             ] GC(176) Pause Young (Allocation Failure) 2088M->2088M(2230M) 30.573ms
[13.478s][info][gc,cpu         ] GC(176) User=0.14s Sys=0.00s Real=0.03s
[13.478s][info][gc,start       ] GC(177) Pause Full (Ergonomics)
[13.478s][info][gc,phases,start] GC(177) Marking Phase
[13.955s][info][gc,phases      ] GC(177) Marking Phase 476.275ms
[13.955s][info][gc,phases,start] GC(177) Summary Phase
[13.955s][info][gc,phases      ] GC(177) Summary Phase 0.050ms
[13.955s][info][gc,phases,start] GC(177) Adjust Roots
[13.955s][info][gc,phases      ] GC(177) Adjust Roots 0.201ms
[13.955s][info][gc,phases,start] GC(177) Compaction Phase
[14.138s][info][gc,phases      ] GC(177) Compaction Phase 183.310ms
[14.138s][info][gc,phases,start] GC(177) Post Compact
[14.142s][info][gc,phases      ] GC(177) Post Compact 3.726ms
[14.143s][info][gc,heap        ] GC(177) PSYoungGen: 17024K(137728K)->0K(140800K) Eden: 0K(16896K)->0K(19456K) From: 17024K(120832K)->0K(121344K)
[14.143s][info][gc,heap        ] GC(177) ParOldGen: 2121537K(2145792K)->2135889K(2350592K)
[14.143s][info][gc,metaspace   ] GC(177) Metaspace: 6302K(6528K)->6302K(6528K) NonClass: 5769K(5888K)->5769K(5888K) Class: 533K(640K)->533K(640K)
[14.143s][info][gc             ] GC(177) Pause Full (Ergonomics) 2088M->2085M(2433M) 664.803ms
[14.143s][info][gc,cpu         ] GC(177) User=4.91s Sys=0.02s Real=0.66s
[14.166s][info][gc,start       ] GC(178) Pause Young (Allocation Failure)
[14.187s][info][gc,heap        ] GC(178) PSYoungGen: 19456K(140800K)->19616K(140800K) Eden: 19456K(19456K)->0K(19456K) From: 0K(121344K)->19616K(121344K)
[14.187s][info][gc,heap        ] GC(178) ParOldGen: 2135889K(2350592K)->2135889K(2350592K)
[14.187s][info][gc,metaspace   ] GC(178) Metaspace: 6302K(6528K)->6302K(6528K) NonClass: 5769K(5888K)->5769K(5888K) Class: 533K(640K)->533K(640K)
[14.187s][info][gc             ] GC(178) Pause Young (Allocation Failure) 2104M->2104M(2433M) 21.681ms
[14.187s][info][gc,cpu         ] GC(178) User=0.05s Sys=0.00s Real=0.02s
[14.209s][info][gc,start       ] GC(179) Pause Young (Allocation Failure)
[14.237s][info][gc,heap        ] GC(179) PSYoungGen: 39072K(140800K)->19584K(138752K) Eden: 19456K(19456K)->0K(22016K) From: 19616K(121344K)->19584K(116736K)
[14.238s][info][gc,heap        ] GC(179) ParOldGen: 2135889K(2350592K)->2155609K(2350592K)
[14.238s][info][gc,metaspace   ] GC(179) Metaspace: 6302K(6528K)->6302K(6528K) NonClass: 5769K(5888K)->5769K(5888K) Class: 533K(640K)->533K(640K)
[14.238s][info][gc             ] GC(179) Pause Young (Allocation Failure) 2123M->2124M(2431M) 28.825ms
[14.238s][info][gc,cpu         ] GC(179) User=0.03s Sys=0.00s Real=0.03s
[14.263s][info][gc,start       ] GC(180) Pause Young (Allocation Failure)
[14.292s][info][gc,heap        ] GC(180) PSYoungGen: 41600K(138752K)->22176K(44544K) Eden: 22016K(22016K)->0K(22016K) From: 19584K(116736K)->22176K(22528K)
[14.292s][info][gc,heap        ] GC(180) ParOldGen: 2155609K(2350592K)->2175337K(2350592K)
[14.292s][info][gc,metaspace   ] GC(180) Metaspace: 6302K(6528K)->6302K(6528K) NonClass: 5769K(5888K)->5769K(5888K) Class: 533K(640K)->533K(640K)
[14.292s][info][gc             ] GC(180) Pause Young (Allocation Failure) 2145M->2146M(2339M) 28.616ms
[14.292s][info][gc,cpu         ] GC(180) User=0.14s Sys=0.00s Real=0.03s
[14.320s][info][gc,start       ] GC(181) Pause Young (Allocation Failure)
[14.350s][info][gc,heap        ] GC(181) PSYoungGen: 44192K(44544K)->22208K(132608K) Eden: 22016K(22016K)->0K(24576K) From: 22176K(22528K)->22208K(108032K)
[14.350s][info][gc,heap        ] GC(181) ParOldGen: 2175337K(2350592K)->2197673K(2350592K)
[14.350s][info][gc,metaspace   ] GC(181) Metaspace: 6302K(6528K)->6302K(6528K) NonClass: 5769K(5888K)->5769K(5888K) Class: 533K(640K)->533K(640K)
[14.350s][info][gc             ] GC(181) Pause Young (Allocation Failure) 2167M->2167M(2425M) 29.597ms
[14.350s][info][gc,cpu         ] GC(181) User=0.06s Sys=0.06s Real=0.03s
[14.381s][info][gc,start       ] GC(182) Pause Young (Allocation Failure)
[14.413s][info][gc,heap        ] GC(182) PSYoungGen: 46784K(132608K)->24704K(49664K) Eden: 24576K(24576K)->0K(24576K) From: 22208K(108032K)->24704K(25088K)
[14.413s][info][gc,heap        ] GC(182) ParOldGen: 2197673K(2350592K)->2219993K(2350592K)
[14.413s][info][gc,metaspace   ] GC(182) Metaspace: 6302K(6528K)->6302K(6528K) NonClass: 5769K(5888K)->5769K(5888K) Class: 533K(640K)->533K(640K)
[14.413s][info][gc             ] GC(182) Pause Young (Allocation Failure) 2191M->2192M(2344M) 32.733ms
[14.413s][info][gc,cpu         ] GC(182) User=0.16s Sys=0.00s Real=0.03s
[14.444s][info][gc,start       ] GC(183) Pause Young (Allocation Failure)
[14.478s][info][gc,heap        ] GC(183) PSYoungGen: 49280K(49664K)->24736K(126976K) Eden: 24576K(24576K)->0K(27648K) From: 24704K(25088K)->24736K(99328K)
[14.478s][info][gc,heap        ] GC(183) ParOldGen: 2219993K(2350592K)->2244921K(2350592K)
[14.478s][info][gc,metaspace   ] GC(183) Metaspace: 6302K(6528K)->6302K(6528K) NonClass: 5769K(5888K)->5769K(5888K) Class: 533K(640K)->533K(640K)
[14.478s][info][gc             ] GC(183) Pause Young (Allocation Failure) 2216M->2216M(2419M) 33.445ms
[14.478s][info][gc,cpu         ] GC(183) User=0.14s Sys=0.02s Real=0.03s
[14.508s][info][gc,start       ] GC(184) Pause Young (Allocation Failure)
[14.541s][info][gc,heap        ] GC(184) PSYoungGen: 52384K(126976K)->27808K(55808K) Eden: 27648K(27648K)->0K(27648K) From: 24736K(99328K)->27808K(28160K)
[14.541s][info][gc,heap        ] GC(184) ParOldGen: 2244921K(2350592K)->2269769K(2350592K)
[14.541s][info][gc,metaspace   ] GC(184) Metaspace: 6302K(6528K)->6302K(6528K) NonClass: 5769K(5888K)->5769K(5888K) Class: 533K(640K)->533K(640K)
[14.541s][info][gc             ] GC(184) Pause Young (Allocation Failure) 2243M->2243M(2350M) 33.302ms
[14.541s][info][gc,cpu         ] GC(184) User=0.14s Sys=0.02s Real=0.03s
[14.575s][info][gc,start       ] GC(185) Pause Young (Allocation Failure)
[14.609s][info][gc,heap        ] GC(185) PSYoungGen: 55456K(55808K)->27872K(121344K) Eden: 27648K(27648K)->0K(30720K) From: 27808K(28160K)->27872K(90624K)
[14.609s][info][gc,heap        ] GC(185) ParOldGen: 2269769K(2350592K)->2297657K(2350592K)
[14.609s][info][gc,metaspace   ] GC(185) Metaspace: 6302K(6528K)->6302K(6528K) NonClass: 5769K(5888K)->5769K(5888K) Class: 533K(640K)->533K(640K)
[14.609s][info][gc             ] GC(185) Pause Young (Allocation Failure) 2270M->2271M(2414M) 34.225ms
[14.609s][info][gc,cpu         ] GC(185) User=0.14s Sys=0.03s Real=0.03s
[14.645s][info][gc,start       ] GC(186) Pause Young (Allocation Failure)
[14.680s][info][gc,heap        ] GC(186) PSYoungGen: 58592K(121344K)->30944K(61952K) Eden: 30720K(30720K)->0K(30720K) From: 27872K(90624K)->30944K(31232K)
[14.681s][info][gc,heap        ] GC(186) ParOldGen: 2297657K(2350592K)->2325561K(2350592K)
[14.681s][info][gc,metaspace   ] GC(186) Metaspace: 6302K(6528K)->6302K(6528K) NonClass: 5769K(5888K)->5769K(5888K) Class: 533K(640K)->533K(640K)
[14.681s][info][gc             ] GC(186) Pause Young (Allocation Failure) 2301M->2301M(2356M) 35.334ms
[14.681s][info][gc,cpu         ] GC(186) User=0.16s Sys=0.00s Real=0.04s
[14.681s][info][gc,start       ] GC(187) Pause Full (Ergonomics)
[14.681s][info][gc,phases,start] GC(187) Marking Phase
[15.200s][info][gc,phases      ] GC(187) Marking Phase 519.686ms
[15.200s][info][gc,phases,start] GC(187) Summary Phase
[15.200s][info][gc,phases      ] GC(187) Summary Phase 0.034ms
[15.200s][info][gc,phases,start] GC(187) Adjust Roots
[15.201s][info][gc,phases      ] GC(187) Adjust Roots 0.167ms
[15.201s][info][gc,phases,start] GC(187) Compaction Phase
[15.398s][info][gc,phases      ] GC(187) Compaction Phase 197.508ms
[15.398s][info][gc,phases,start] GC(187) Post Compact
[15.402s][info][gc,phases      ] GC(187) Post Compact 3.849ms
[15.403s][info][gc,heap        ] GC(187) PSYoungGen: 30944K(61952K)->3611K(61952K) Eden: 0K(30720K)->0K(30720K) From: 30944K(31232K)->3611K(31232K)
[15.403s][info][gc,heap        ] GC(187) ParOldGen: 2325561K(2350592K)->2350117K(2457600K)
[15.403s][info][gc,metaspace   ] GC(187) Metaspace: 6302K(6528K)->6302K(6528K) NonClass: 5769K(5888K)->5769K(5888K) Class: 533K(640K)->533K(640K)
[15.403s][info][gc             ] GC(187) Pause Full (Ergonomics) 2301M->2298M(2460M) 721.982ms
[15.403s][info][gc,cpu         ] GC(187) User=5.45s Sys=0.02s Real=0.72s
[15.444s][info][gc,start       ] GC(188) Pause Young (Allocation Failure)
[15.563s][info][gc,heap        ] GC(188) PSYoungGen: 34331K(61952K)->30880K(113664K) Eden: 30720K(30720K)->0K(33792K) From: 3611K(31232K)->30880K(79872K)
[15.563s][info][gc,heap        ] GC(188) ParOldGen: 2350117K(2457600K)->2353805K(2457600K)
[15.563s][info][gc,metaspace   ] GC(188) Metaspace: 6302K(6528K)->6302K(6528K) NonClass: 5769K(5888K)->5769K(5888K) Class: 533K(640K)->533K(640K)
[15.563s][info][gc             ] GC(188) Pause Young (Allocation Failure) 2328M->2328M(2511M) 119.332ms
[15.563s][info][gc,cpu         ] GC(188) User=0.78s Sys=0.00s Real=0.12s
[15.603s][info][gc,start       ] GC(189) Pause Young (Allocation Failure)
[15.642s][info][gc,heap        ] GC(189) PSYoungGen: 64672K(113664K)->64704K(118784K) Eden: 33792K(33792K)->0K(33792K) From: 30880K(79872K)->64704K(84992K)
[15.642s][info][gc,heap        ] GC(189) ParOldGen: 2353805K(2457600K)->2353805K(2457600K)
[15.642s][info][gc,metaspace   ] GC(189) Metaspace: 6302K(6528K)->6302K(6528K) NonClass: 5769K(5888K)->5769K(5888K) Class: 533K(640K)->533K(640K)
[15.642s][info][gc             ] GC(189) Pause Young (Allocation Failure) 2361M->2361M(2516M) 39.412ms
[15.642s][info][gc,cpu         ] GC(189) User=0.25s Sys=0.00s Real=0.04s
[15.686s][info][gc,start       ] GC(190) Pause Young (Allocation Failure)
[15.739s][info][gc,heap        ] GC(190) PSYoungGen: 98496K(118784K)->91136K(111616K) Eden: 33792K(33792K)->0K(20480K) From: 64704K(84992K)->91136K(91136K)
[15.740s][info][gc,heap        ] GC(190) ParOldGen: 2353805K(2457600K)->2361165K(2457600K)
[15.740s][info][gc,metaspace   ] GC(190) Metaspace: 6302K(6528K)->6302K(6528K) NonClass: 5769K(5888K)->5769K(5888K) Class: 533K(640K)->533K(640K)
[15.740s][info][gc             ] GC(190) Pause Young (Allocation Failure) 2394M->2394M(2509M) 53.732ms
[15.740s][info][gc,cpu         ] GC(190) User=0.30s Sys=0.00s Real=0.05s
[15.765s][info][gc,start       ] GC(191) Pause Young (Allocation Failure)
[15.823s][info][gc,heap        ] GC(191) PSYoungGen: 111616K(111616K)->51008K(71680K) Eden: 20480K(20480K)->0K(20480K) From: 91136K(91136K)->51008K(51200K)
[15.823s][info][gc,heap        ] GC(191) ParOldGen: 2361165K(2457600K)->2422357K(2457600K)
[15.823s][info][gc,metaspace   ] GC(191) Metaspace: 6302K(6528K)->6302K(6528K) NonClass: 5769K(5888K)->5769K(5888K) Class: 533K(640K)->533K(640K)
[15.823s][info][gc             ] GC(191) Pause Young (Allocation Failure) 2414M->2415M(2470M) 57.399ms
[15.823s][info][gc,cpu         ] GC(191) User=0.33s Sys=0.05s Real=0.06s
[15.823s][info][gc,start       ] GC(192) Pause Full (Ergonomics)
[15.823s][info][gc,phases,start] GC(192) Marking Phase
[16.377s][info][gc,phases      ] GC(192) Marking Phase 553.877ms
[16.377s][info][gc,phases,start] GC(192) Summary Phase
[16.377s][info][gc,phases      ] GC(192) Summary Phase 0.036ms
[16.377s][info][gc,phases,start] GC(192) Adjust Roots
[16.377s][info][gc,phases      ] GC(192) Adjust Roots 0.163ms
[16.377s][info][gc,phases,start] GC(192) Compaction Phase
[16.558s][info][gc,phases      ] GC(192) Compaction Phase 180.583ms
[16.558s][info][gc,phases,start] GC(192) Post Compact
[16.562s][info][gc,phases      ] GC(192) Post Compact 4.067ms
[16.562s][info][gc,heap        ] GC(192) PSYoungGen: 51008K(71680K)->14999K(71680K) Eden: 0K(20480K)->0K(20480K) From: 51008K(51200K)->14999K(51200K)
[16.562s][info][gc,heap        ] GC(192) ParOldGen: 2422357K(2457600K)->2457389K(2457600K)
[16.562s][info][gc,metaspace   ] GC(192) Metaspace: 6302K(6528K)->6302K(6528K) NonClass: 5769K(5888K)->5769K(5888K) Class: 533K(640K)->533K(640K)
[16.562s][info][gc             ] GC(192) Pause Full (Ergonomics) 2415M->2414M(2470M) 739.053ms
[16.562s][info][gc,cpu         ] GC(192) User=5.61s Sys=0.05s Real=0.74s
[16.590s][info][gc,start       ] GC(193) Pause Full (Ergonomics)
[16.590s][info][gc,phases,start] GC(193) Marking Phase
[17.164s][info][gc,phases      ] GC(193) Marking Phase 574.165ms
[17.164s][info][gc,phases,start] GC(193) Summary Phase
[17.164s][info][gc,phases      ] GC(193) Summary Phase 0.044ms
[17.164s][info][gc,phases,start] GC(193) Adjust Roots
[17.164s][info][gc,phases      ] GC(193) Adjust Roots 0.162ms
[17.164s][info][gc,phases,start] GC(193) Compaction Phase
[17.334s][info][gc,phases      ] GC(193) Compaction Phase 170.124ms
[17.335s][info][gc,phases,start] GC(193) Post Compact
[17.339s][info][gc,phases      ] GC(193) Post Compact 4.590ms
[17.339s][info][gc,heap        ] GC(193) PSYoungGen: 35479K(71680K)->35449K(71680K) Eden: 20480K(20480K)->20449K(20480K) From: 14999K(51200K)->14999K(51200K)
[17.339s][info][gc,heap        ] GC(193) ParOldGen: 2457389K(2457600K)->2457389K(2457600K)
[17.339s][info][gc,metaspace   ] GC(193) Metaspace: 6302K(6528K)->6302K(6528K) NonClass: 5769K(5888K)->5769K(5888K) Class: 533K(640K)->533K(640K)
[17.339s][info][gc             ] GC(193) Pause Full (Ergonomics) 2434M->2434M(2470M) 749.464ms
[17.339s][info][gc,cpu         ] GC(193) User=5.47s Sys=0.00s Real=0.75s
[17.339s][info][gc,start       ] GC(194) Pause Full (Ergonomics)
[17.339s][info][gc,phases,start] GC(194) Marking Phase
[17.913s][info][gc,phases      ] GC(194) Marking Phase 573.731ms
[17.913s][info][gc,phases,start] GC(194) Summary Phase
[17.913s][info][gc,phases      ] GC(194) Summary Phase 0.035ms
[17.913s][info][gc,phases,start] GC(194) Adjust Roots
[17.913s][info][gc,phases      ] GC(194) Adjust Roots 0.168ms
[17.914s][info][gc,phases,start] GC(194) Compaction Phase
[18.079s][info][gc,phases      ] GC(194) Compaction Phase 165.824ms
[18.079s][info][gc,phases,start] GC(194) Post Compact
[18.083s][info][gc,phases      ] GC(194) Post Compact 4.007ms
[18.083s][info][gc,heap        ] GC(194) PSYoungGen: 35479K(71680K)->35479K(71680K) Eden: 20480K(20480K)->20479K(20480K) From: 14999K(51200K)->14999K(51200K)
[18.083s][info][gc,heap        ] GC(194) ParOldGen: 2457389K(2457600K)->2457389K(2457600K)
[18.084s][info][gc,metaspace   ] GC(194) Metaspace: 6302K(6528K)->6302K(6528K) NonClass: 5769K(5888K)->5769K(5888K) Class: 533K(640K)->533K(640K)
[18.084s][info][gc             ] GC(194) Pause Full (Ergonomics) 2434M->2434M(2470M) 744.089ms
[18.084s][info][gc,cpu         ] GC(194) User=5.56s Sys=0.00s Real=0.74s
[18.084s][info][gc,start       ] GC(195) Pause Full (Ergonomics)
[18.084s][info][gc,phases,start] GC(195) Marking Phase
[18.655s][info][gc,phases      ] GC(195) Marking Phase 571.256ms
[18.655s][info][gc,phases,start] GC(195) Summary Phase
[18.655s][info][gc,phases      ] GC(195) Summary Phase 0.035ms
[18.655s][info][gc,phases,start] GC(195) Adjust Roots
[18.655s][info][gc,phases      ] GC(195) Adjust Roots 0.161ms
[18.655s][info][gc,phases,start] GC(195) Compaction Phase
[18.827s][info][gc,phases      ] GC(195) Compaction Phase 171.537ms
[18.827s][info][gc,phases,start] GC(195) Post Compact
[18.832s][info][gc,phases      ] GC(195) Post Compact 4.730ms
[18.832s][info][gc,heap        ] GC(195) PSYoungGen: 35479K(71680K)->35479K(71680K) Eden: 20479K(20480K)->20479K(20480K) From: 14999K(51200K)->14999K(51200K)
[18.832s][info][gc,heap        ] GC(195) ParOldGen: 2457389K(2457600K)->2457389K(2457600K)
[18.832s][info][gc,metaspace   ] GC(195) Metaspace: 6302K(6528K)->6302K(6528K) NonClass: 5769K(5888K)->5769K(5888K) Class: 533K(640K)->533K(640K)
[18.832s][info][gc             ] GC(195) Pause Full (Ergonomics) 2434M->2434M(2470M) 748.089ms
[18.832s][info][gc,cpu         ] GC(195) User=5.56s Sys=0.00s Real=0.75s
[18.832s][info][gc,start       ] GC(196) Pause Full (Ergonomics)
[18.832s][info][gc,phases,start] GC(196) Marking Phase
[19.396s][info][gc,phases      ] GC(196) Marking Phase 563.648ms
[19.396s][info][gc,phases,start] GC(196) Summary Phase
[19.396s][info][gc,phases      ] GC(196) Summary Phase 0.036ms
[19.396s][info][gc,phases,start] GC(196) Adjust Roots
[19.396s][info][gc,phases      ] GC(196) Adjust Roots 0.159ms
[19.396s][info][gc,phases,start] GC(196) Compaction Phase
[19.568s][info][gc,phases      ] GC(196) Compaction Phase 172.152ms
[19.568s][info][gc,phases,start] GC(196) Post Compact
[19.573s][info][gc,phases      ] GC(196) Post Compact 4.813ms
[19.573s][info][gc,heap        ] GC(196) PSYoungGen: 35479K(71680K)->35479K(71680K) Eden: 20480K(20480K)->20480K(20480K) From: 14999K(51200K)->14999K(51200K)
[19.573s][info][gc,heap        ] GC(196) ParOldGen: 2457394K(2457600K)->2457394K(2457600K)
[19.573s][info][gc,metaspace   ] GC(196) Metaspace: 6302K(6528K)->6302K(6528K) NonClass: 5769K(5888K)->5769K(5888K) Class: 533K(640K)->533K(640K)
[19.573s][info][gc             ] GC(196) Pause Full (Ergonomics) 2434M->2434M(2470M) 741.178ms
[19.573s][info][gc,cpu         ] GC(196) User=5.53s Sys=0.00s Real=0.74s
[19.573s][info][gc,start       ] GC(197) Pause Full (Ergonomics)
[19.573s][info][gc,phases,start] GC(197) Marking Phase
[20.142s][info][gc,phases      ] GC(197) Marking Phase 568.869ms
[20.142s][info][gc,phases,start] GC(197) Summary Phase
[20.142s][info][gc,phases      ] GC(197) Summary Phase 0.034ms
[20.142s][info][gc,phases,start] GC(197) Adjust Roots
[20.143s][info][gc,phases      ] GC(197) Adjust Roots 0.179ms
[20.143s][info][gc,phases,start] GC(197) Compaction Phase
[20.306s][info][gc,phases      ] GC(197) Compaction Phase 163.248ms
[20.306s][info][gc,phases,start] GC(197) Post Compact
[20.310s][info][gc,phases      ] GC(197) Post Compact 4.081ms
[20.310s][info][gc,heap        ] GC(197) PSYoungGen: 35479K(71680K)->35479K(71680K) Eden: 20480K(20480K)->20480K(20480K) From: 14999K(51200K)->14999K(51200K)
[20.310s][info][gc,heap        ] GC(197) ParOldGen: 2457398K(2457600K)->2457398K(2457600K)
[20.310s][info][gc,metaspace   ] GC(197) Metaspace: 6302K(6528K)->6302K(6528K) NonClass: 5769K(5888K)->5769K(5888K) Class: 533K(640K)->533K(640K)
[20.310s][info][gc             ] GC(197) Pause Full (Ergonomics) 2434M->2434M(2470M) 736.751ms
[20.310s][info][gc,cpu         ] GC(197) User=5.55s Sys=0.00s Real=0.74s
[20.310s][info][gc,start       ] GC(198) Pause Full (Ergonomics)
[20.310s][info][gc,phases,start] GC(198) Marking Phase
[20.884s][info][gc,phases      ] GC(198) Marking Phase 573.913ms
[20.884s][info][gc,phases,start] GC(198) Summary Phase
[20.884s][info][gc,phases      ] GC(198) Summary Phase 0.036ms
[20.884s][info][gc,phases,start] GC(198) Adjust Roots
[20.885s][info][gc,phases      ] GC(198) Adjust Roots 0.161ms
[20.885s][info][gc,phases,start] GC(198) Compaction Phase
[21.072s][info][gc,phases      ] GC(198) Compaction Phase 186.889ms
[21.072s][info][gc,phases,start] GC(198) Post Compact
[21.076s][info][gc,phases      ] GC(198) Post Compact 4.547ms
[21.076s][info][gc,heap        ] GC(198) PSYoungGen: 35479K(71680K)->35479K(71680K) Eden: 20480K(20480K)->20480K(20480K) From: 14999K(51200K)->14999K(51200K)
[21.076s][info][gc,heap        ] GC(198) ParOldGen: 2457403K(2457600K)->2457403K(2457600K)
[21.076s][info][gc,metaspace   ] GC(198) Metaspace: 6302K(6528K)->6302K(6528K) NonClass: 5769K(5888K)->5769K(5888K) Class: 533K(640K)->533K(640K)
[21.076s][info][gc             ] GC(198) Pause Full (Ergonomics) 2434M->2434M(2470M) 765.918ms
[21.076s][info][gc,cpu         ] GC(198) User=5.58s Sys=0.00s Real=0.77s
[21.077s][info][gc,start       ] GC(199) Pause Full (Ergonomics)
[21.077s][info][gc,phases,start] GC(199) Marking Phase
[21.631s][info][gc,phases      ] GC(199) Marking Phase 554.851ms
[21.631s][info][gc,phases,start] GC(199) Summary Phase
[21.632s][info][gc,phases      ] GC(199) Summary Phase 0.036ms
[21.632s][info][gc,phases,start] GC(199) Adjust Roots
[21.632s][info][gc,phases      ] GC(199) Adjust Roots 0.164ms
[21.632s][info][gc,phases,start] GC(199) Compaction Phase
[21.829s][info][gc,phases      ] GC(199) Compaction Phase 197.452ms
[21.829s][info][gc,phases,start] GC(199) Post Compact
[21.834s][info][gc,phases      ] GC(199) Post Compact 4.351ms
[21.834s][info][gc,heap        ] GC(199) PSYoungGen: 35479K(71680K)->35479K(71680K) Eden: 20480K(20480K)->20480K(20480K) From: 14999K(51200K)->14999K(51200K)
[21.834s][info][gc,heap        ] GC(199) ParOldGen: 2457408K(2457600K)->2457408K(2457600K)
[21.834s][info][gc,metaspace   ] GC(199) Metaspace: 6302K(6528K)->6302K(6528K) NonClass: 5769K(5888K)->5769K(5888K) Class: 533K(640K)->533K(640K)
[21.834s][info][gc             ] GC(199) Pause Full (Ergonomics) 2434M->2434M(2470M) 757.231ms
[21.834s][info][gc,cpu         ] GC(199) User=5.41s Sys=0.00s Real=0.76s
[21.834s][info][gc,start       ] GC(200) Pause Full (Ergonomics)
[21.834s][info][gc,phases,start] GC(200) Marking Phase
[22.391s][info][gc,phases      ] GC(200) Marking Phase 556.973ms
[22.391s][info][gc,phases,start] GC(200) Summary Phase
[22.391s][info][gc,phases      ] GC(200) Summary Phase 0.034ms
[22.391s][info][gc,phases,start] GC(200) Adjust Roots
[22.391s][info][gc,phases      ] GC(200) Adjust Roots 0.167ms
[22.391s][info][gc,phases,start] GC(200) Compaction Phase
[22.563s][info][gc,phases      ] GC(200) Compaction Phase 171.530ms
[22.563s][info][gc,phases,start] GC(200) Post Compact
[22.567s][info][gc,phases      ] GC(200) Post Compact 4.486ms
[22.567s][info][gc,heap        ] GC(200) PSYoungGen: 35479K(71680K)->35479K(71680K) Eden: 20480K(20480K)->20480K(20480K) From: 14999K(51200K)->14999K(51200K)
[22.567s][info][gc,heap        ] GC(200) ParOldGen: 2457413K(2457600K)->2457413K(2457600K)
[22.567s][info][gc,metaspace   ] GC(200) Metaspace: 6302K(6528K)->6302K(6528K) NonClass: 5769K(5888K)->5769K(5888K) Class: 533K(640K)->533K(640K)
[22.567s][info][gc             ] GC(200) Pause Full (Ergonomics) 2434M->2434M(2470M) 733.521ms
[22.568s][info][gc,cpu         ] GC(200) User=5.31s Sys=0.00s Real=0.73s
[22.568s][info][gc,start       ] GC(201) Pause Full (Ergonomics)
[22.568s][info][gc,phases,start] GC(201) Marking Phase
[23.133s][info][gc,phases      ] GC(201) Marking Phase 565.694ms
[23.133s][info][gc,phases,start] GC(201) Summary Phase
[23.134s][info][gc,phases      ] GC(201) Summary Phase 0.035ms
[23.134s][info][gc,phases,start] GC(201) Adjust Roots
[23.134s][info][gc,phases      ] GC(201) Adjust Roots 0.162ms
[23.134s][info][gc,phases,start] GC(201) Compaction Phase
[23.312s][info][gc,phases      ] GC(201) Compaction Phase 178.704ms
[23.312s][info][gc,phases,start] GC(201) Post Compact
[23.317s][info][gc,phases      ] GC(201) Post Compact 4.482ms
[23.317s][info][gc,heap        ] GC(201) PSYoungGen: 35479K(71680K)->35479K(71680K) Eden: 20480K(20480K)->20480K(20480K) From: 14999K(51200K)->14999K(51200K)
[23.317s][info][gc,heap        ] GC(201) ParOldGen: 2457418K(2457600K)->2457418K(2457600K)
[23.317s][info][gc,metaspace   ] GC(201) Metaspace: 6302K(6528K)->6302K(6528K) NonClass: 5769K(5888K)->5769K(5888K) Class: 533K(640K)->533K(640K)
[23.317s][info][gc             ] GC(201) Pause Full (Ergonomics) 2434M->2434M(2470M) 749.399ms
[23.317s][info][gc,cpu         ] GC(201) User=5.55s Sys=0.00s Real=0.75s
[23.317s][info][gc,start       ] GC(202) Pause Full (Ergonomics)
[23.317s][info][gc,phases,start] GC(202) Marking Phase
[23.887s][info][gc,phases      ] GC(202) Marking Phase 569.785ms
[23.887s][info][gc,phases,start] GC(202) Summary Phase
[23.887s][info][gc,phases      ] GC(202) Summary Phase 0.037ms
[23.887s][info][gc,phases,start] GC(202) Adjust Roots
[23.887s][info][gc,phases      ] GC(202) Adjust Roots 0.180ms
[23.887s][info][gc,phases,start] GC(202) Compaction Phase
[24.073s][info][gc,phases      ] GC(202) Compaction Phase 185.593ms
[24.073s][info][gc,phases,start] GC(202) Post Compact
[24.078s][info][gc,phases      ] GC(202) Post Compact 4.599ms
[24.078s][info][gc,heap        ] GC(202) PSYoungGen: 35479K(71680K)->35479K(71680K) Eden: 20480K(20480K)->20480K(20480K) From: 14999K(51200K)->14999K(51200K)
[24.078s][info][gc,heap        ] GC(202) ParOldGen: 2457423K(2457600K)->2457423K(2457600K)
[24.078s][info][gc,metaspace   ] GC(202) Metaspace: 6302K(6528K)->6302K(6528K) NonClass: 5769K(5888K)->5769K(5888K) Class: 533K(640K)->533K(640K)
[24.078s][info][gc             ] GC(202) Pause Full (Ergonomics) 2434M->2434M(2470M) 760.532ms
[24.078s][info][gc,cpu         ] GC(202) User=5.66s Sys=0.00s Real=0.76s
[24.078s][info][gc,start       ] GC(203) Pause Full (Ergonomics)
[24.078s][info][gc,phases,start] GC(203) Marking Phase
[24.655s][info][gc,phases      ] GC(203) Marking Phase 576.789ms
[24.655s][info][gc,phases,start] GC(203) Summary Phase
[24.655s][info][gc,phases      ] GC(203) Summary Phase 0.046ms
[24.655s][info][gc,phases,start] GC(203) Adjust Roots
[24.655s][info][gc,phases      ] GC(203) Adjust Roots 0.181ms
[24.655s][info][gc,phases,start] GC(203) Compaction Phase
[24.840s][info][gc,phases      ] GC(203) Compaction Phase 184.332ms
[24.840s][info][gc,phases,start] GC(203) Post Compact
[24.844s][info][gc,phases      ] GC(203) Post Compact 4.458ms
[24.844s][info][gc,heap        ] GC(203) PSYoungGen: 35479K(71680K)->35479K(71680K) Eden: 20480K(20480K)->20480K(20480K) From: 14999K(51200K)->14999K(51200K)
[24.844s][info][gc,heap        ] GC(203) ParOldGen: 2457427K(2457600K)->2457427K(2457600K)
[24.844s][info][gc,metaspace   ] GC(203) Metaspace: 6302K(6528K)->6302K(6528K) NonClass: 5769K(5888K)->5769K(5888K) Class: 533K(640K)->533K(640K)
[24.844s][info][gc             ] GC(203) Pause Full (Ergonomics) 2434M->2434M(2470M) 766.202ms
[24.844s][info][gc,cpu         ] GC(203) User=5.50s Sys=0.00s Real=0.77s
[24.844s][info][gc,start       ] GC(204) Pause Full (Ergonomics)
[24.845s][info][gc,phases,start] GC(204) Marking Phase
[25.418s][info][gc,phases      ] GC(204) Marking Phase 573.713ms
[25.418s][info][gc,phases,start] GC(204) Summary Phase
[25.418s][info][gc,phases      ] GC(204) Summary Phase 0.035ms
[25.418s][info][gc,phases,start] GC(204) Adjust Roots
[25.419s][info][gc,phases      ] GC(204) Adjust Roots 0.171ms
[25.419s][info][gc,phases,start] GC(204) Compaction Phase
[25.589s][info][gc,phases      ] GC(204) Compaction Phase 170.933ms
[25.590s][info][gc,phases,start] GC(204) Post Compact
[25.594s][info][gc,phases      ] GC(204) Post Compact 4.198ms
[25.594s][info][gc,heap        ] GC(204) PSYoungGen: 35479K(71680K)->35479K(71680K) Eden: 20480K(20480K)->20480K(20480K) From: 14999K(51200K)->14999K(51200K)
[25.594s][info][gc,heap        ] GC(204) ParOldGen: 2457432K(2457600K)->2457432K(2457600K)
[25.594s][info][gc,metaspace   ] GC(204) Metaspace: 6302K(6528K)->6302K(6528K) NonClass: 5769K(5888K)->5769K(5888K) Class: 533K(640K)->533K(640K)
[25.594s][info][gc             ] GC(204) Pause Full (Ergonomics) 2434M->2434M(2470M) 749.417ms
[25.594s][info][gc,cpu         ] GC(204) User=5.64s Sys=0.00s Real=0.75s
[25.594s][info][gc,start       ] GC(205) Pause Full (Ergonomics)
[25.594s][info][gc,phases,start] GC(205) Marking Phase
[26.176s][info][gc,phases      ] GC(205) Marking Phase 581.589ms
[26.176s][info][gc,phases,start] GC(205) Summary Phase
[26.176s][info][gc,phases      ] GC(205) Summary Phase 0.048ms
[26.176s][info][gc,phases,start] GC(205) Adjust Roots
[26.176s][info][gc,phases      ] GC(205) Adjust Roots 0.245ms
[26.176s][info][gc,phases,start] GC(205) Compaction Phase
[26.379s][info][gc,phases      ] GC(205) Compaction Phase 202.406ms
[26.379s][info][gc,phases,start] GC(205) Post Compact
[26.383s][info][gc,phases      ] GC(205) Post Compact 4.382ms
[26.383s][info][gc,heap        ] GC(205) PSYoungGen: 35479K(71680K)->35479K(71680K) Eden: 20480K(20480K)->20480K(20480K) From: 14999K(51200K)->14999K(51200K)
[26.383s][info][gc,heap        ] GC(205) ParOldGen: 2457437K(2457600K)->2457437K(2457600K)
[26.383s][info][gc,metaspace   ] GC(205) Metaspace: 6302K(6528K)->6302K(6528K) NonClass: 5769K(5888K)->5769K(5888K) Class: 533K(640K)->533K(640K)
[26.383s][info][gc             ] GC(205) Pause Full (Ergonomics) 2434M->2434M(2470M) 789.044ms
[26.383s][info][gc,cpu         ] GC(205) User=5.70s Sys=0.00s Real=0.79s
[26.383s][info][gc,start       ] GC(206) Pause Full (Ergonomics)
[26.383s][info][gc,phases,start] GC(206) Marking Phase
[26.949s][info][gc,phases      ] GC(206) Marking Phase 565.774ms
[26.949s][info][gc,phases,start] GC(206) Summary Phase
[26.949s][info][gc,phases      ] GC(206) Summary Phase 0.034ms
[26.949s][info][gc,phases,start] GC(206) Adjust Roots
[26.949s][info][gc,phases      ] GC(206) Adjust Roots 0.165ms
[26.950s][info][gc,phases,start] GC(206) Compaction Phase
[27.115s][info][gc,phases      ] GC(206) Compaction Phase 165.485ms
[27.115s][info][gc,phases,start] GC(206) Post Compact
[27.120s][info][gc,phases      ] GC(206) Post Compact 4.644ms
[27.120s][info][gc,heap        ] GC(206) PSYoungGen: 35479K(71680K)->35479K(71680K) Eden: 20480K(20480K)->20480K(20480K) From: 14999K(51200K)->14999K(51200K)
[27.120s][info][gc,heap        ] GC(206) ParOldGen: 2457442K(2457600K)->2457442K(2457600K)
[27.120s][info][gc,metaspace   ] GC(206) Metaspace: 6302K(6528K)->6302K(6528K) NonClass: 5769K(5888K)->5769K(5888K) Class: 533K(640K)->533K(640K)
[27.120s][info][gc             ] GC(206) Pause Full (Ergonomics) 2434M->2434M(2470M) 736.475ms
[27.120s][info][gc,cpu         ] GC(206) User=5.75s Sys=0.00s Real=0.74s
[27.120s][info][gc,start       ] GC(207) Pause Full (Ergonomics)
[27.120s][info][gc,phases,start] GC(207) Marking Phase
[27.688s][info][gc,phases      ] GC(207) Marking Phase 568.164ms
[27.688s][info][gc,phases,start] GC(207) Summary Phase
[27.688s][info][gc,phases      ] GC(207) Summary Phase 0.035ms
[27.689s][info][gc,phases,start] GC(207) Adjust Roots
[27.689s][info][gc,phases      ] GC(207) Adjust Roots 0.160ms
[27.689s][info][gc,phases,start] GC(207) Compaction Phase
[27.865s][info][gc,phases      ] GC(207) Compaction Phase 176.279ms
[27.865s][info][gc,phases,start] GC(207) Post Compact
[27.869s][info][gc,phases      ] GC(207) Post Compact 4.395ms
[27.870s][info][gc,heap        ] GC(207) PSYoungGen: 35479K(71680K)->35479K(71680K) Eden: 20480K(20480K)->20480K(20480K) From: 14999K(51200K)->14999K(51200K)
[27.870s][info][gc,heap        ] GC(207) ParOldGen: 2457447K(2457600K)->2457447K(2457600K)
[27.870s][info][gc,metaspace   ] GC(207) Metaspace: 6302K(6528K)->6302K(6528K) NonClass: 5769K(5888K)->5769K(5888K) Class: 533K(640K)->533K(640K)
[27.870s][info][gc             ] GC(207) Pause Full (Ergonomics) 2434M->2434M(2470M) 749.364ms
[27.870s][info][gc,cpu         ] GC(207) User=5.62s Sys=0.00s Real=0.75s
[27.870s][info][gc,start       ] GC(208) Pause Full (Ergonomics)
[27.870s][info][gc,phases,start] GC(208) Marking Phase
[28.449s][info][gc,phases      ] GC(208) Marking Phase 579.424ms
[28.449s][info][gc,phases,start] GC(208) Summary Phase
[28.449s][info][gc,phases      ] GC(208) Summary Phase 0.034ms
[28.449s][info][gc,phases,start] GC(208) Adjust Roots
[28.450s][info][gc,phases      ] GC(208) Adjust Roots 0.162ms
[28.450s][info][gc,phases,start] GC(208) Compaction Phase
[28.626s][info][gc,phases      ] GC(208) Compaction Phase 176.399ms
[28.626s][info][gc,phases,start] GC(208) Post Compact
[28.631s][info][gc,phases      ] GC(208) Post Compact 4.405ms
[28.631s][info][gc,heap        ] GC(208) PSYoungGen: 35479K(71680K)->35479K(71680K) Eden: 20480K(20480K)->20480K(20480K) From: 14999K(51200K)->14999K(51200K)
[28.631s][info][gc,heap        ] GC(208) ParOldGen: 2457452K(2457600K)->2457452K(2457600K)
[28.631s][info][gc,metaspace   ] GC(208) Metaspace: 6302K(6528K)->6302K(6528K) NonClass: 5769K(5888K)->5769K(5888K) Class: 533K(640K)->533K(640K)
[28.631s][info][gc             ] GC(208) Pause Full (Ergonomics) 2434M->2434M(2470M) 760.772ms
[28.631s][info][gc,cpu         ] GC(208) User=5.91s Sys=0.00s Real=0.76s
[28.631s][info][gc,start       ] GC(209) Pause Full (Ergonomics)
[28.631s][info][gc,phases,start] GC(209) Marking Phase
[29.218s][info][gc,phases      ] GC(209) Marking Phase 587.444ms
[29.218s][info][gc,phases,start] GC(209) Summary Phase
[29.218s][info][gc,phases      ] GC(209) Summary Phase 0.036ms
[29.218s][info][gc,phases,start] GC(209) Adjust Roots
[29.219s][info][gc,phases      ] GC(209) Adjust Roots 0.175ms
[29.219s][info][gc,phases,start] GC(209) Compaction Phase
[29.397s][info][gc,phases      ] GC(209) Compaction Phase 178.062ms
[29.397s][info][gc,phases,start] GC(209) Post Compact
[29.401s][info][gc,phases      ] GC(209) Post Compact 4.474ms
[29.401s][info][gc,heap        ] GC(209) PSYoungGen: 35479K(71680K)->35479K(71680K) Eden: 20480K(20480K)->20480K(20480K) From: 14999K(51200K)->14999K(51200K)
[29.401s][info][gc,heap        ] GC(209) ParOldGen: 2457456K(2457600K)->2457456K(2457600K)
[29.401s][info][gc,metaspace   ] GC(209) Metaspace: 6302K(6528K)->6302K(6528K) NonClass: 5769K(5888K)->5769K(5888K) Class: 533K(640K)->533K(640K)
[29.401s][info][gc             ] GC(209) Pause Full (Ergonomics) 2434M->2434M(2470M) 770.568ms
[29.401s][info][gc,cpu         ] GC(209) User=5.75s Sys=0.00s Real=0.77s
[29.402s][info][gc,start       ] GC(210) Pause Full (Ergonomics)
[29.402s][info][gc,phases,start] GC(210) Marking Phase
[29.991s][info][gc,phases      ] GC(210) Marking Phase 588.838ms
[29.991s][info][gc,phases,start] GC(210) Summary Phase
[29.991s][info][gc,phases      ] GC(210) Summary Phase 0.040ms
[29.991s][info][gc,phases,start] GC(210) Adjust Roots
[29.991s][info][gc,phases      ] GC(210) Adjust Roots 0.263ms
[29.991s][info][gc,phases,start] GC(210) Compaction Phase
[30.160s][info][gc,phases      ] GC(210) Compaction Phase 168.627ms
[30.160s][info][gc,phases,start] GC(210) Post Compact
[30.164s][info][gc,phases      ] GC(210) Post Compact 4.088ms
[30.164s][info][gc,heap        ] GC(210) PSYoungGen: 35479K(71680K)->35479K(71680K) Eden: 20480K(20480K)->20480K(20480K) From: 14999K(51200K)->14999K(51200K)
[30.164s][info][gc,heap        ] GC(210) ParOldGen: 2457461K(2457600K)->2457461K(2457600K)
[30.164s][info][gc,metaspace   ] GC(210) Metaspace: 6302K(6528K)->6302K(6528K) NonClass: 5769K(5888K)->5769K(5888K) Class: 533K(640K)->533K(640K)
[30.164s][info][gc             ] GC(210) Pause Full (Ergonomics) 2434M->2434M(2470M) 762.207ms
[30.164s][info][gc,cpu         ] GC(210) User=5.80s Sys=0.00s Real=0.76s
[30.164s][info][gc,start       ] GC(211) Pause Full (Ergonomics)
[30.164s][info][gc,phases,start] GC(211) Marking Phase
[30.718s][info][gc,phases      ] GC(211) Marking Phase 553.997ms
[30.718s][info][gc,phases,start] GC(211) Summary Phase
[30.718s][info][gc,phases      ] GC(211) Summary Phase 0.034ms
[30.718s][info][gc,phases,start] GC(211) Adjust Roots
[30.718s][info][gc,phases      ] GC(211) Adjust Roots 0.188ms
[30.718s][info][gc,phases,start] GC(211) Compaction Phase
[30.888s][info][gc,phases      ] GC(211) Compaction Phase 169.400ms
[30.888s][info][gc,phases,start] GC(211) Post Compact
[30.893s][info][gc,phases      ] GC(211) Post Compact 4.689ms
[30.893s][info][gc,heap        ] GC(211) PSYoungGen: 35479K(71680K)->35479K(71680K) Eden: 20480K(20480K)->20480K(20480K) From: 14999K(51200K)->14999K(51200K)
[30.893s][info][gc,heap        ] GC(211) ParOldGen: 2457466K(2457600K)->2457466K(2457600K)
[30.893s][info][gc,metaspace   ] GC(211) Metaspace: 6302K(6528K)->6302K(6528K) NonClass: 5769K(5888K)->5769K(5888K) Class: 533K(640K)->533K(640K)
[30.893s][info][gc             ] GC(211) Pause Full (Ergonomics) 2434M->2434M(2470M) 728.670ms
[30.893s][info][gc,cpu         ] GC(211) User=5.50s Sys=0.00s Real=0.73s
[30.893s][info][gc,start       ] GC(212) Pause Full (Ergonomics)
[30.893s][info][gc,phases,start] GC(212) Marking Phase
[31.469s][info][gc,phases      ] GC(212) Marking Phase 576.172ms
[31.469s][info][gc,phases,start] GC(212) Summary Phase
[31.469s][info][gc,phases      ] GC(212) Summary Phase 0.038ms
[31.469s][info][gc,phases,start] GC(212) Adjust Roots
[31.470s][info][gc,phases      ] GC(212) Adjust Roots 0.182ms
[31.470s][info][gc,phases,start] GC(212) Compaction Phase
[31.663s][info][gc,phases      ] GC(212) Compaction Phase 193.418ms
[31.663s][info][gc,phases,start] GC(212) Post Compact
[31.668s][info][gc,phases      ] GC(212) Post Compact 4.498ms
[31.668s][info][gc,heap        ] GC(212) PSYoungGen: 35479K(71680K)->35479K(71680K) Eden: 20480K(20480K)->20480K(20480K) From: 14999K(51200K)->14999K(51200K)
[31.668s][info][gc,heap        ] GC(212) ParOldGen: 2457471K(2457600K)->2457471K(2457600K)
[31.668s][info][gc,metaspace   ] GC(212) Metaspace: 6302K(6528K)->6302K(6528K) NonClass: 5769K(5888K)->5769K(5888K) Class: 533K(640K)->533K(640K)
[31.668s][info][gc             ] GC(212) Pause Full (Ergonomics) 2434M->2434M(2470M) 774.682ms
[31.668s][info][gc,cpu         ] GC(212) User=5.69s Sys=0.00s Real=0.77s
[31.668s][info][gc,start       ] GC(213) Pause Full (Ergonomics)
[31.668s][info][gc,phases,start] GC(213) Marking Phase
[32.233s][info][gc,phases      ] GC(213) Marking Phase 564.841ms
[32.233s][info][gc,phases,start] GC(213) Summary Phase
[32.233s][info][gc,phases      ] GC(213) Summary Phase 0.041ms
[32.233s][info][gc,phases,start] GC(213) Adjust Roots
[32.233s][info][gc,phases      ] GC(213) Adjust Roots 0.168ms
[32.233s][info][gc,phases,start] GC(213) Compaction Phase
[32.408s][info][gc,phases      ] GC(213) Compaction Phase 175.295ms
[32.408s][info][gc,phases,start] GC(213) Post Compact
[32.413s][info][gc,phases      ] GC(213) Post Compact 4.090ms
[32.413s][info][gc,heap        ] GC(213) PSYoungGen: 35479K(71680K)->35479K(71680K) Eden: 20480K(20480K)->20480K(20480K) From: 14999K(51200K)->14999K(51200K)
[32.413s][info][gc,heap        ] GC(213) ParOldGen: 2457476K(2457600K)->2457476K(2457600K)
[32.413s][info][gc,metaspace   ] GC(213) Metaspace: 6302K(6528K)->6302K(6528K) NonClass: 5769K(5888K)->5769K(5888K) Class: 533K(640K)->533K(640K)
[32.413s][info][gc             ] GC(213) Pause Full (Ergonomics) 2434M->2434M(2470M) 744.807ms
[32.413s][info][gc,cpu         ] GC(213) User=5.59s Sys=0.02s Real=0.74s
[32.413s][info][gc,start       ] GC(214) Pause Full (Ergonomics)
[32.413s][info][gc,phases,start] GC(214) Marking Phase
[32.991s][info][gc,phases      ] GC(214) Marking Phase 577.923ms
[32.991s][info][gc,phases,start] GC(214) Summary Phase
[32.991s][info][gc,phases      ] GC(214) Summary Phase 0.034ms
[32.991s][info][gc,phases,start] GC(214) Adjust Roots
[32.991s][info][gc,phases      ] GC(214) Adjust Roots 0.159ms
[32.991s][info][gc,phases,start] GC(214) Compaction Phase
[33.166s][info][gc,phases      ] GC(214) Compaction Phase 174.475ms
[33.166s][info][gc,phases,start] GC(214) Post Compact
[33.170s][info][gc,phases      ] GC(214) Post Compact 4.093ms
[33.170s][info][gc,heap        ] GC(214) PSYoungGen: 35479K(71680K)->35479K(71680K) Eden: 20480K(20480K)->20480K(20480K) From: 14999K(51200K)->14999K(51200K)
[33.170s][info][gc,heap        ] GC(214) ParOldGen: 2457481K(2457600K)->2457481K(2457600K)
[33.170s][info][gc,metaspace   ] GC(214) Metaspace: 6302K(6528K)->6302K(6528K) NonClass: 5769K(5888K)->5769K(5888K) Class: 533K(640K)->533K(640K)
[33.170s][info][gc             ] GC(214) Pause Full (Ergonomics) 2434M->2434M(2470M) 757.013ms
[33.170s][info][gc,cpu         ] GC(214) User=5.80s Sys=0.00s Real=0.76s
[33.170s][info][gc,start       ] GC(215) Pause Full (Ergonomics)
[33.170s][info][gc,phases,start] GC(215) Marking Phase
[33.762s][info][gc,phases      ] GC(215) Marking Phase 591.528ms
[33.762s][info][gc,phases,start] GC(215) Summary Phase
[33.762s][info][gc,phases      ] GC(215) Summary Phase 0.035ms
[33.762s][info][gc,phases,start] GC(215) Adjust Roots
[33.762s][info][gc,phases      ] GC(215) Adjust Roots 0.167ms
[33.762s][info][gc,phases,start] GC(215) Compaction Phase
[33.978s][info][gc,phases      ] GC(215) Compaction Phase 215.423ms
[33.978s][info][gc,phases,start] GC(215) Post Compact
[33.982s][info][gc,phases      ] GC(215) Post Compact 4.344ms
[33.982s][info][gc,heap        ] GC(215) PSYoungGen: 35479K(71680K)->35479K(71680K) Eden: 20480K(20480K)->20480K(20480K) From: 14999K(51200K)->14999K(51200K)
[33.982s][info][gc,heap        ] GC(215) ParOldGen: 2457485K(2457600K)->2457485K(2457600K)
[33.982s][info][gc,metaspace   ] GC(215) Metaspace: 6302K(6528K)->6302K(6528K) NonClass: 5769K(5888K)->5769K(5888K) Class: 533K(640K)->533K(640K)
[33.982s][info][gc             ] GC(215) Pause Full (Ergonomics) 2434M->2434M(2470M) 811.864ms
[33.982s][info][gc,cpu         ] GC(215) User=5.89s Sys=0.00s Real=0.81s
[33.982s][info][gc,start       ] GC(216) Pause Full (Ergonomics)
[33.982s][info][gc,phases,start] GC(216) Marking Phase
[34.571s][info][gc,phases      ] GC(216) Marking Phase 588.259ms
[34.571s][info][gc,phases,start] GC(216) Summary Phase
[34.571s][info][gc,phases      ] GC(216) Summary Phase 0.034ms
[34.571s][info][gc,phases,start] GC(216) Adjust Roots
[34.571s][info][gc,phases      ] GC(216) Adjust Roots 0.168ms
[34.571s][info][gc,phases,start] GC(216) Compaction Phase
[34.748s][info][gc,phases      ] GC(216) Compaction Phase 177.559ms
[34.749s][info][gc,phases,start] GC(216) Post Compact
[34.753s][info][gc,phases      ] GC(216) Post Compact 4.447ms
[34.753s][info][gc,heap        ] GC(216) PSYoungGen: 35479K(71680K)->35479K(71680K) Eden: 20480K(20480K)->20480K(20480K) From: 14999K(51200K)->14999K(51200K)
[34.753s][info][gc,heap        ] GC(216) ParOldGen: 2457490K(2457600K)->2457490K(2457600K)
[34.753s][info][gc,metaspace   ] GC(216) Metaspace: 6302K(6528K)->6302K(6528K) NonClass: 5769K(5888K)->5769K(5888K) Class: 533K(640K)->533K(640K)
[34.753s][info][gc             ] GC(216) Pause Full (Ergonomics) 2434M->2434M(2470M) 770.826ms
[34.753s][info][gc,cpu         ] GC(216) User=5.73s Sys=0.02s Real=0.77s
[34.753s][info][gc,start       ] GC(217) Pause Full (Ergonomics)
[34.753s][info][gc,phases,start] GC(217) Marking Phase
[35.348s][info][gc,phases      ] GC(217) Marking Phase 594.813ms
[35.348s][info][gc,phases,start] GC(217) Summary Phase
[35.348s][info][gc,phases      ] GC(217) Summary Phase 0.042ms
[35.348s][info][gc,phases,start] GC(217) Adjust Roots
[35.348s][info][gc,phases      ] GC(217) Adjust Roots 0.165ms
[35.349s][info][gc,phases,start] GC(217) Compaction Phase
[35.520s][info][gc,phases      ] GC(217) Compaction Phase 171.358ms
[35.520s][info][gc,phases,start] GC(217) Post Compact
[35.525s][info][gc,phases      ] GC(217) Post Compact 4.689ms
[35.525s][info][gc,heap        ] GC(217) PSYoungGen: 35479K(71680K)->35479K(71680K) Eden: 20480K(20480K)->20480K(20480K) From: 14999K(51200K)->14999K(51200K)
[35.525s][info][gc,heap        ] GC(217) ParOldGen: 2457495K(2457600K)->2457495K(2457600K)
[35.525s][info][gc,metaspace   ] GC(217) Metaspace: 6302K(6528K)->6302K(6528K) NonClass: 5769K(5888K)->5769K(5888K) Class: 533K(640K)->533K(640K)
[35.525s][info][gc             ] GC(217) Pause Full (Ergonomics) 2434M->2434M(2470M) 771.457ms
[35.525s][info][gc,cpu         ] GC(217) User=5.91s Sys=0.00s Real=0.77s
[35.525s][info][gc,start       ] GC(218) Pause Full (Ergonomics)
[35.525s][info][gc,phases,start] GC(218) Marking Phase
[36.112s][info][gc,phases      ] GC(218) Marking Phase 586.444ms
[36.112s][info][gc,phases,start] GC(218) Summary Phase
[36.112s][info][gc,phases      ] GC(218) Summary Phase 0.035ms
[36.112s][info][gc,phases,start] GC(218) Adjust Roots
[36.112s][info][gc,phases      ] GC(218) Adjust Roots 0.160ms
[36.112s][info][gc,phases,start] GC(218) Compaction Phase
[36.286s][info][gc,phases      ] GC(218) Compaction Phase 174.199ms
[36.286s][info][gc,phases,start] GC(218) Post Compact
[36.290s][info][gc,phases      ] GC(218) Post Compact 4.245ms
[36.290s][info][gc,heap        ] GC(218) PSYoungGen: 35479K(71680K)->35479K(71680K) Eden: 20480K(20480K)->20480K(20480K) From: 14999K(51200K)->14999K(51200K)
[36.290s][info][gc,heap        ] GC(218) ParOldGen: 2457500K(2457600K)->2457500K(2457600K)
[36.290s][info][gc,metaspace   ] GC(218) Metaspace: 6302K(6528K)->6302K(6528K) NonClass: 5769K(5888K)->5769K(5888K) Class: 533K(640K)->533K(640K)
[36.290s][info][gc             ] GC(218) Pause Full (Ergonomics) 2434M->2434M(2470M) 765.427ms
[36.291s][info][gc,cpu         ] GC(218) User=5.80s Sys=0.00s Real=0.77s
[36.291s][info][gc,start       ] GC(219) Pause Full (Ergonomics)
[36.291s][info][gc,phases,start] GC(219) Marking Phase
[36.898s][info][gc,phases      ] GC(219) Marking Phase 606.838ms
[36.898s][info][gc,phases,start] GC(219) Summary Phase
[36.898s][info][gc,phases      ] GC(219) Summary Phase 0.034ms
[36.898s][info][gc,phases,start] GC(219) Adjust Roots
[36.898s][info][gc,phases      ] GC(219) Adjust Roots 0.227ms
[36.898s][info][gc,phases,start] GC(219) Compaction Phase
[37.072s][info][gc,phases      ] GC(219) Compaction Phase 173.607ms
[37.072s][info][gc,phases,start] GC(219) Post Compact
[37.076s][info][gc,phases      ] GC(219) Post Compact 4.469ms
[37.076s][info][gc,heap        ] GC(219) PSYoungGen: 35479K(71680K)->35479K(71680K) Eden: 20480K(20480K)->20480K(20480K) From: 14999K(51200K)->14999K(51200K)
[37.076s][info][gc,heap        ] GC(219) ParOldGen: 2457505K(2457600K)->2457505K(2457600K)
[37.076s][info][gc,metaspace   ] GC(219) Metaspace: 6302K(6528K)->6302K(6528K) NonClass: 5769K(5888K)->5769K(5888K) Class: 533K(640K)->533K(640K)
[37.076s][info][gc             ] GC(219) Pause Full (Ergonomics) 2434M->2434M(2470M) 785.541ms
[37.076s][info][gc,cpu         ] GC(219) User=5.98s Sys=0.00s Real=0.79s
[37.076s][info][gc,start       ] GC(220) Pause Full (Ergonomics)
[37.077s][info][gc,phases,start] GC(220) Marking Phase
[37.653s][info][gc,phases      ] GC(220) Marking Phase 576.131ms
[37.653s][info][gc,phases,start] GC(220) Summary Phase
[37.653s][info][gc,phases      ] GC(220) Summary Phase 0.036ms
[37.653s][info][gc,phases,start] GC(220) Adjust Roots
[37.653s][info][gc,phases      ] GC(220) Adjust Roots 0.162ms
[37.653s][info][gc,phases,start] GC(220) Compaction Phase
[37.832s][info][gc,phases      ] GC(220) Compaction Phase 178.921ms
[37.832s][info][gc,phases,start] GC(220) Post Compact
[37.837s][info][gc,phases      ] GC(220) Post Compact 4.788ms
[37.837s][info][gc,heap        ] GC(220) PSYoungGen: 35479K(71680K)->35479K(71680K) Eden: 20480K(20480K)->20480K(20480K) From: 14999K(51200K)->14999K(51200K)
[37.837s][info][gc,heap        ] GC(220) ParOldGen: 2457510K(2457600K)->2457510K(2457600K)
[37.837s][info][gc,metaspace   ] GC(220) Metaspace: 6302K(6528K)->6302K(6528K) NonClass: 5769K(5888K)->5769K(5888K) Class: 533K(640K)->533K(640K)
[37.837s][info][gc             ] GC(220) Pause Full (Ergonomics) 2434M->2434M(2470M) 760.399ms
[37.837s][info][gc,cpu         ] GC(220) User=5.81s Sys=0.00s Real=0.76s
[37.837s][info][gc,start       ] GC(221) Pause Full (Ergonomics)
[37.837s][info][gc,phases,start] GC(221) Marking Phase
[38.434s][info][gc,phases      ] GC(221) Marking Phase 596.993ms
[38.434s][info][gc,phases,start] GC(221) Summary Phase
[38.434s][info][gc,phases      ] GC(221) Summary Phase 0.035ms
[38.434s][info][gc,phases,start] GC(221) Adjust Roots
[38.434s][info][gc,phases      ] GC(221) Adjust Roots 0.213ms
[38.435s][info][gc,phases,start] GC(221) Compaction Phase
[38.623s][info][gc,phases      ] GC(221) Compaction Phase 188.308ms
[38.623s][info][gc,phases,start] GC(221) Post Compact
[38.627s][info][gc,phases      ] GC(221) Post Compact 4.400ms
[38.627s][info][gc,heap        ] GC(221) PSYoungGen: 35479K(71680K)->35479K(71680K) Eden: 20480K(20480K)->20480K(20480K) From: 14999K(51200K)->14999K(51200K)
[38.627s][info][gc,heap        ] GC(221) ParOldGen: 2457514K(2457600K)->2457514K(2457600K)
[38.627s][info][gc,metaspace   ] GC(221) Metaspace: 6302K(6528K)->6302K(6528K) NonClass: 5769K(5888K)->5769K(5888K) Class: 533K(640K)->533K(640K)
[38.627s][info][gc             ] GC(221) Pause Full (Ergonomics) 2434M->2434M(2470M) 790.307ms
[38.627s][info][gc,cpu         ] GC(221) User=6.02s Sys=0.00s Real=0.79s
[38.628s][info][gc,start       ] GC(222) Pause Full (Ergonomics)
[38.628s][info][gc,phases,start] GC(222) Marking Phase
[39.221s][info][gc,phases      ] GC(222) Marking Phase 593.700ms
[39.221s][info][gc,phases,start] GC(222) Summary Phase
[39.222s][info][gc,phases      ] GC(222) Summary Phase 0.035ms
[39.222s][info][gc,phases,start] GC(222) Adjust Roots
[39.222s][info][gc,phases      ] GC(222) Adjust Roots 0.165ms
[39.222s][info][gc,phases,start] GC(222) Compaction Phase
[39.414s][info][gc,phases      ] GC(222) Compaction Phase 191.832ms
[39.414s][info][gc,phases,start] GC(222) Post Compact
[39.418s][info][gc,phases      ] GC(222) Post Compact 4.856ms
[39.419s][info][gc,heap        ] GC(222) PSYoungGen: 35479K(71680K)->35479K(71680K) Eden: 20480K(20480K)->20480K(20480K) From: 14999K(51200K)->14999K(51200K)
[39.419s][info][gc,heap        ] GC(222) ParOldGen: 2457519K(2457600K)->2457519K(2457600K)
[39.419s][info][gc,metaspace   ] GC(222) Metaspace: 6302K(6528K)->6302K(6528K) NonClass: 5769K(5888K)->5769K(5888K) Class: 533K(640K)->533K(640K)
[39.419s][info][gc             ] GC(222) Pause Full (Ergonomics) 2434M->2434M(2470M) 790.962ms
[39.419s][info][gc,cpu         ] GC(222) User=5.89s Sys=0.00s Real=0.79s
[39.419s][info][gc,start       ] GC(223) Pause Full (Ergonomics)
[39.419s][info][gc,phases,start] GC(223) Marking Phase
[39.999s][info][gc,phases      ] GC(223) Marking Phase 580.348ms
[39.999s][info][gc,phases,start] GC(223) Summary Phase
[39.999s][info][gc,phases      ] GC(223) Summary Phase 0.035ms
[39.999s][info][gc,phases,start] GC(223) Adjust Roots
[40.000s][info][gc,phases      ] GC(223) Adjust Roots 0.210ms
[40.000s][info][gc,phases,start] GC(223) Compaction Phase
[40.173s][info][gc,phases      ] GC(223) Compaction Phase 173.278ms
[40.173s][info][gc,phases,start] GC(223) Post Compact
[40.178s][info][gc,phases      ] GC(223) Post Compact 4.693ms
[40.178s][info][gc,heap        ] GC(223) PSYoungGen: 35479K(71680K)->35479K(71680K) Eden: 20480K(20480K)->20480K(20480K) From: 14999K(51200K)->14999K(51200K)
[40.178s][info][gc,heap        ] GC(223) ParOldGen: 2457524K(2457600K)->2457524K(2457600K)
[40.178s][info][gc,metaspace   ] GC(223) Metaspace: 6302K(6528K)->6302K(6528K) NonClass: 5769K(5888K)->5769K(5888K) Class: 533K(640K)->533K(640K)
[40.178s][info][gc             ] GC(223) Pause Full (Ergonomics) 2434M->2434M(2470M) 758.923ms
[40.178s][info][gc,cpu         ] GC(223) User=5.69s Sys=0.00s Real=0.76s
[40.178s][info][gc,start       ] GC(224) Pause Full (Ergonomics)
[40.178s][info][gc,phases,start] GC(224) Marking Phase
[40.770s][info][gc,phases      ] GC(224) Marking Phase 591.843ms
[40.770s][info][gc,phases,start] GC(224) Summary Phase
[40.770s][info][gc,phases      ] GC(224) Summary Phase 0.038ms
[40.770s][info][gc,phases,start] GC(224) Adjust Roots
[40.770s][info][gc,phases      ] GC(224) Adjust Roots 0.233ms
[40.770s][info][gc,phases,start] GC(224) Compaction Phase
[40.948s][info][gc,phases      ] GC(224) Compaction Phase 177.484ms
[40.948s][info][gc,phases,start] GC(224) Post Compact
[40.952s][info][gc,phases      ] GC(224) Post Compact 3.974ms
[40.952s][info][gc,heap        ] GC(224) PSYoungGen: 35479K(71680K)->35479K(71680K) Eden: 20480K(20480K)->20480K(20480K) From: 14999K(51200K)->14999K(51200K)
[40.952s][info][gc,heap        ] GC(224) ParOldGen: 2457529K(2457600K)->2457529K(2457600K)
[40.952s][info][gc,metaspace   ] GC(224) Metaspace: 6302K(6528K)->6302K(6528K) NonClass: 5769K(5888K)->5769K(5888K) Class: 533K(640K)->533K(640K)
[40.952s][info][gc             ] GC(224) Pause Full (Ergonomics) 2434M->2434M(2470M) 773.932ms
[40.952s][info][gc,cpu         ] GC(224) User=5.84s Sys=0.00s Real=0.77s
[40.952s][info][gc,start       ] GC(225) Pause Full (Ergonomics)
[40.952s][info][gc,phases,start] GC(225) Marking Phase
[41.551s][info][gc,phases      ] GC(225) Marking Phase 598.542ms
[41.551s][info][gc,phases,start] GC(225) Summary Phase
[41.551s][info][gc,phases      ] GC(225) Summary Phase 0.035ms
[41.551s][info][gc,phases,start] GC(225) Adjust Roots
[41.551s][info][gc,phases      ] GC(225) Adjust Roots 0.163ms
[41.551s][info][gc,phases,start] GC(225) Compaction Phase
[41.735s][info][gc,phases      ] GC(225) Compaction Phase 183.744ms
[41.735s][info][gc,phases,start] GC(225) Post Compact
[41.740s][info][gc,phases      ] GC(225) Post Compact 5.029ms
[41.740s][info][gc,heap        ] GC(225) PSYoungGen: 35479K(71680K)->35479K(71680K) Eden: 20480K(20480K)->20480K(20480K) From: 14999K(51200K)->14999K(51200K)
[41.740s][info][gc,heap        ] GC(225) ParOldGen: 2457534K(2457600K)->2457534K(2457600K)
[41.740s][info][gc,metaspace   ] GC(225) Metaspace: 6302K(6528K)->6302K(6528K) NonClass: 5769K(5888K)->5769K(5888K) Class: 533K(640K)->533K(640K)
[41.740s][info][gc             ] GC(225) Pause Full (Ergonomics) 2434M->2434M(2470M) 787.921ms
[41.740s][info][gc,cpu         ] GC(225) User=5.72s Sys=0.00s Real=0.79s
[41.740s][info][gc,start       ] GC(226) Pause Full (Ergonomics)
[41.740s][info][gc,phases,start] GC(226) Marking Phase
[42.331s][info][gc,phases      ] GC(226) Marking Phase 590.598ms
[42.331s][info][gc,phases,start] GC(226) Summary Phase
[42.331s][info][gc,phases      ] GC(226) Summary Phase 0.034ms
[42.331s][info][gc,phases,start] GC(226) Adjust Roots
[42.331s][info][gc,phases      ] GC(226) Adjust Roots 0.166ms
[42.331s][info][gc,phases,start] GC(226) Compaction Phase
[42.527s][info][gc,phases      ] GC(226) Compaction Phase 196.082ms
[42.528s][info][gc,phases,start] GC(226) Post Compact
[42.532s][info][gc,phases      ] GC(226) Post Compact 4.424ms
[42.532s][info][gc,heap        ] GC(226) PSYoungGen: 35479K(71680K)->35479K(71680K) Eden: 20480K(20480K)->20480K(20480K) From: 14999K(51200K)->14999K(51200K)
[42.532s][info][gc,heap        ] GC(226) ParOldGen: 2457539K(2457600K)->2457539K(2457600K)
[42.532s][info][gc,metaspace   ] GC(226) Metaspace: 6302K(6528K)->6302K(6528K) NonClass: 5769K(5888K)->5769K(5888K) Class: 533K(640K)->533K(640K)
[42.532s][info][gc             ] GC(226) Pause Full (Ergonomics) 2434M->2434M(2470M) 791.658ms
[42.532s][info][gc,cpu         ] GC(226) User=5.81s Sys=0.00s Real=0.79s
[42.532s][info][gc,start       ] GC(227) Pause Full (Ergonomics)
[42.532s][info][gc,phases,start] GC(227) Marking Phase
[43.130s][info][gc,phases      ] GC(227) Marking Phase 597.942ms
[43.130s][info][gc,phases,start] GC(227) Summary Phase
[43.130s][info][gc,phases      ] GC(227) Summary Phase 0.035ms
[43.130s][info][gc,phases,start] GC(227) Adjust Roots
[43.131s][info][gc,phases      ] GC(227) Adjust Roots 0.163ms
[43.131s][info][gc,phases,start] GC(227) Compaction Phase
[43.332s][info][gc,phases      ] GC(227) Compaction Phase 201.785ms
[43.332s][info][gc,phases,start] GC(227) Post Compact
[43.337s][info][gc,phases      ] GC(227) Post Compact 4.392ms
[43.337s][info][gc,heap        ] GC(227) PSYoungGen: 35479K(71680K)->35479K(71680K) Eden: 20480K(20480K)->20480K(20480K) From: 14999K(51200K)->14999K(51200K)
[43.337s][info][gc,heap        ] GC(227) ParOldGen: 2457543K(2457600K)->2457543K(2457600K)
[43.337s][info][gc,metaspace   ] GC(227) Metaspace: 6302K(6528K)->6302K(6528K) NonClass: 5769K(5888K)->5769K(5888K) Class: 533K(640K)->533K(640K)
[43.337s][info][gc             ] GC(227) Pause Full (Ergonomics) 2434M->2434M(2470M) 804.672ms
[43.337s][info][gc,cpu         ] GC(227) User=5.94s Sys=0.00s Real=0.80s
[43.337s][info][gc,start       ] GC(228) Pause Full (Ergonomics)
[43.337s][info][gc,phases,start] GC(228) Marking Phase
[43.925s][info][gc,phases      ] GC(228) Marking Phase 587.467ms
[43.925s][info][gc,phases,start] GC(228) Summary Phase
[43.925s][info][gc,phases      ] GC(228) Summary Phase 0.035ms
[43.925s][info][gc,phases,start] GC(228) Adjust Roots
[43.925s][info][gc,phases      ] GC(228) Adjust Roots 0.165ms
[43.925s][info][gc,phases,start] GC(228) Compaction Phase
[44.104s][info][gc,phases      ] GC(228) Compaction Phase 179.259ms
[44.104s][info][gc,phases,start] GC(228) Post Compact
[44.109s][info][gc,phases      ] GC(228) Post Compact 4.737ms
[44.109s][info][gc,heap        ] GC(228) PSYoungGen: 35479K(71680K)->35479K(71680K) Eden: 20480K(20480K)->20480K(20480K) From: 14999K(51200K)->14999K(51200K)
[44.109s][info][gc,heap        ] GC(228) ParOldGen: 2457548K(2457600K)->2457548K(2457600K)
[44.109s][info][gc,metaspace   ] GC(228) Metaspace: 6302K(6528K)->6302K(6528K) NonClass: 5769K(5888K)->5769K(5888K) Class: 533K(640K)->533K(640K)
[44.109s][info][gc             ] GC(228) Pause Full (Ergonomics) 2434M->2434M(2470M) 772.037ms
[44.109s][info][gc,cpu         ] GC(228) User=5.83s Sys=0.00s Real=0.77s
[44.109s][info][gc,start       ] GC(229) Pause Full (Ergonomics)
[44.110s][info][gc,phases,start] GC(229) Marking Phase
[44.725s][info][gc,phases      ] GC(229) Marking Phase 615.673ms
[44.725s][info][gc,phases,start] GC(229) Summary Phase
[44.725s][info][gc,phases      ] GC(229) Summary Phase 0.049ms
[44.725s][info][gc,phases,start] GC(229) Adjust Roots
[44.726s][info][gc,phases      ] GC(229) Adjust Roots 0.171ms
[44.726s][info][gc,phases,start] GC(229) Compaction Phase
[44.920s][info][gc,phases      ] GC(229) Compaction Phase 194.604ms
[44.920s][info][gc,phases,start] GC(229) Post Compact
[44.925s][info][gc,phases      ] GC(229) Post Compact 4.397ms
[44.925s][info][gc,heap        ] GC(229) PSYoungGen: 35479K(71680K)->35479K(71680K) Eden: 20480K(20480K)->20480K(20480K) From: 14999K(51200K)->14999K(51200K)
[44.925s][info][gc,heap        ] GC(229) ParOldGen: 2457553K(2457600K)->2457553K(2457600K)
[44.925s][info][gc,metaspace   ] GC(229) Metaspace: 6302K(6528K)->6302K(6528K) NonClass: 5769K(5888K)->5769K(5888K) Class: 533K(640K)->533K(640K)
[44.925s][info][gc             ] GC(229) Pause Full (Ergonomics) 2434M->2434M(2470M) 815.272ms
[44.925s][info][gc,cpu         ] GC(229) User=6.06s Sys=0.00s Real=0.82s
[44.925s][info][gc,start       ] GC(230) Pause Full (Ergonomics)
[44.925s][info][gc,phases,start] GC(230) Marking Phase
[45.525s][info][gc,phases      ] GC(230) Marking Phase 600.357ms
[45.525s][info][gc,phases,start] GC(230) Summary Phase
[45.525s][info][gc,phases      ] GC(230) Summary Phase 0.035ms
[45.525s][info][gc,phases,start] GC(230) Adjust Roots
[45.526s][info][gc,phases      ] GC(230) Adjust Roots 0.163ms
[45.526s][info][gc,phases,start] GC(230) Compaction Phase
[45.702s][info][gc,phases      ] GC(230) Compaction Phase 175.829ms
[45.702s][info][gc,phases,start] GC(230) Post Compact
[45.706s][info][gc,phases      ] GC(230) Post Compact 4.652ms
[45.706s][info][gc,heap        ] GC(230) PSYoungGen: 35479K(71680K)->35479K(71680K) Eden: 20480K(20480K)->20480K(20480K) From: 14999K(51200K)->14999K(51200K)
[45.706s][info][gc,heap        ] GC(230) ParOldGen: 2457558K(2457600K)->2457558K(2457600K)
[45.706s][info][gc,metaspace   ] GC(230) Metaspace: 6302K(6528K)->6302K(6528K) NonClass: 5769K(5888K)->5769K(5888K) Class: 533K(640K)->533K(640K)
[45.706s][info][gc             ] GC(230) Pause Full (Ergonomics) 2434M->2434M(2470M) 781.410ms
[45.706s][info][gc,cpu         ] GC(230) User=5.88s Sys=0.00s Real=0.78s
[45.707s][info][gc,start       ] GC(231) Pause Full (Ergonomics)
[45.707s][info][gc,phases,start] GC(231) Marking Phase
[46.303s][info][gc,phases      ] GC(231) Marking Phase 595.999ms
[46.303s][info][gc,phases,start] GC(231) Summary Phase
[46.303s][info][gc,phases      ] GC(231) Summary Phase 0.034ms
[46.303s][info][gc,phases,start] GC(231) Adjust Roots
[46.303s][info][gc,phases      ] GC(231) Adjust Roots 0.163ms
[46.303s][info][gc,phases,start] GC(231) Compaction Phase
[46.486s][info][gc,phases      ] GC(231) Compaction Phase 182.685ms
[46.486s][info][gc,phases,start] GC(231) Post Compact
[46.490s][info][gc,phases      ] GC(231) Post Compact 4.712ms
[46.491s][info][gc,heap        ] GC(231) PSYoungGen: 35479K(71680K)->35479K(71680K) Eden: 20480K(20480K)->20480K(20480K) From: 14999K(51200K)->14999K(51200K)
[46.491s][info][gc,heap        ] GC(231) ParOldGen: 2457563K(2457600K)->2457563K(2457600K)
[46.491s][info][gc,metaspace   ] GC(231) Metaspace: 6302K(6528K)->6302K(6528K) NonClass: 5769K(5888K)->5769K(5888K) Class: 533K(640K)->533K(640K)
[46.491s][info][gc             ] GC(231) Pause Full (Ergonomics) 2434M->2434M(2470M) 783.962ms
[46.491s][info][gc,cpu         ] GC(231) User=5.88s Sys=0.00s Real=0.78s
[46.491s][info][gc,start       ] GC(232) Pause Full (Ergonomics)
[46.491s][info][gc,phases,start] GC(232) Marking Phase
[47.086s][info][gc,phases      ] GC(232) Marking Phase 595.087ms
[47.086s][info][gc,phases,start] GC(232) Summary Phase
[47.086s][info][gc,phases      ] GC(232) Summary Phase 0.037ms
[47.086s][info][gc,phases,start] GC(232) Adjust Roots
[47.086s][info][gc,phases      ] GC(232) Adjust Roots 0.184ms
[47.086s][info][gc,phases,start] GC(232) Compaction Phase
[47.272s][info][gc,phases      ] GC(232) Compaction Phase 185.295ms
[47.272s][info][gc,phases,start] GC(232) Post Compact
[47.276s][info][gc,phases      ] GC(232) Post Compact 4.764ms
[47.277s][info][gc,heap        ] GC(232) PSYoungGen: 35479K(71680K)->35479K(71680K) Eden: 20480K(20480K)->20480K(20480K) From: 14999K(51200K)->14999K(51200K)
[47.277s][info][gc,heap        ] GC(232) ParOldGen: 2457568K(2457600K)->2457568K(2457600K)
[47.277s][info][gc,metaspace   ] GC(232) Metaspace: 6302K(6528K)->6302K(6528K) NonClass: 5769K(5888K)->5769K(5888K) Class: 533K(640K)->533K(640K)
[47.277s][info][gc             ] GC(232) Pause Full (Ergonomics) 2434M->2434M(2470M) 785.749ms
[47.277s][info][gc,cpu         ] GC(232) User=5.95s Sys=0.00s Real=0.79s
[47.277s][info][gc,start       ] GC(233) Pause Full (Ergonomics)
[47.277s][info][gc,phases,start] GC(233) Marking Phase
[47.882s][info][gc,phases      ] GC(233) Marking Phase 605.111ms
[47.882s][info][gc,phases,start] GC(233) Summary Phase
[47.882s][info][gc,phases      ] GC(233) Summary Phase 0.034ms
[47.882s][info][gc,phases,start] GC(233) Adjust Roots
[47.882s][info][gc,phases      ] GC(233) Adjust Roots 0.166ms
[47.882s][info][gc,phases,start] GC(233) Compaction Phase
[48.068s][info][gc,phases      ] GC(233) Compaction Phase 185.479ms
[48.068s][info][gc,phases,start] GC(233) Post Compact
[48.073s][info][gc,phases      ] GC(233) Post Compact 4.753ms
[48.073s][info][gc,heap        ] GC(233) PSYoungGen: 35479K(71680K)->35479K(71680K) Eden: 20480K(20480K)->20480K(20480K) From: 14999K(51200K)->14999K(51200K)
[48.073s][info][gc,heap        ] GC(233) ParOldGen: 2457572K(2457600K)->2457572K(2457600K)
[48.073s][info][gc,metaspace   ] GC(233) Metaspace: 6302K(6528K)->6302K(6528K) NonClass: 5769K(5888K)->5769K(5888K) Class: 533K(640K)->533K(640K)
[48.073s][info][gc             ] GC(233) Pause Full (Ergonomics) 2434M->2434M(2470M) 795.928ms
[48.073s][info][gc,cpu         ] GC(233) User=5.89s Sys=0.00s Real=0.80s
[48.073s][info][gc,start       ] GC(234) Pause Full (Ergonomics)
[48.073s][info][gc,phases,start] GC(234) Marking Phase
[48.661s][info][gc,phases      ] GC(234) Marking Phase 587.832ms
[48.661s][info][gc,phases,start] GC(234) Summary Phase
[48.661s][info][gc,phases      ] GC(234) Summary Phase 0.036ms
[48.661s][info][gc,phases,start] GC(234) Adjust Roots
[48.661s][info][gc,phases      ] GC(234) Adjust Roots 0.166ms
[48.661s][info][gc,phases,start] GC(234) Compaction Phase
[48.842s][info][gc,phases      ] GC(234) Compaction Phase 180.411ms
[48.842s][info][gc,phases,start] GC(234) Post Compact
[48.846s][info][gc,phases      ] GC(234) Post Compact 4.563ms
[48.846s][info][gc,heap        ] GC(234) PSYoungGen: 35479K(71680K)->35479K(71680K) Eden: 20480K(20480K)->20480K(20480K) From: 14999K(51200K)->14999K(51200K)
[48.846s][info][gc,heap        ] GC(234) ParOldGen: 2457577K(2457600K)->2457577K(2457600K)
[48.846s][info][gc,metaspace   ] GC(234) Metaspace: 6302K(6528K)->6302K(6528K) NonClass: 5769K(5888K)->5769K(5888K) Class: 533K(640K)->533K(640K)
[48.846s][info][gc             ] GC(234) Pause Full (Ergonomics) 2434M->2434M(2470M) 773.366ms
[48.846s][info][gc,cpu         ] GC(234) User=5.84s Sys=0.00s Real=0.77s
[48.847s][info][gc,start       ] GC(235) Pause Full (Ergonomics)
[48.847s][info][gc,phases,start] GC(235) Marking Phase
[49.463s][info][gc,phases      ] GC(235) Marking Phase 616.065ms
[49.463s][info][gc,phases,start] GC(235) Summary Phase
[49.463s][info][gc,phases      ] GC(235) Summary Phase 0.035ms
[49.463s][info][gc,phases,start] GC(235) Adjust Roots
[49.463s][info][gc,phases      ] GC(235) Adjust Roots 0.187ms
[49.463s][info][gc,phases,start] GC(235) Compaction Phase
[49.662s][info][gc,phases      ] GC(235) Compaction Phase 199.195ms
[49.662s][info][gc,phases,start] GC(235) Post Compact
[49.667s][info][gc,phases      ] GC(235) Post Compact 4.845ms
[49.667s][info][gc,heap        ] GC(235) PSYoungGen: 35479K(71680K)->35479K(71680K) Eden: 20480K(20480K)->20480K(20480K) From: 14999K(51200K)->14999K(51200K)
[49.667s][info][gc,heap        ] GC(235) ParOldGen: 2457582K(2457600K)->2457582K(2457600K)
[49.667s][info][gc,metaspace   ] GC(235) Metaspace: 6302K(6528K)->6302K(6528K) NonClass: 5769K(5888K)->5769K(5888K) Class: 533K(640K)->533K(640K)
[49.667s][info][gc             ] GC(235) Pause Full (Ergonomics) 2434M->2434M(2470M) 820.717ms
[49.667s][info][gc,cpu         ] GC(235) User=6.08s Sys=0.02s Real=0.82s
[49.668s][info][gc,start       ] GC(236) Pause Full (Ergonomics)
[49.668s][info][gc,phases,start] GC(236) Marking Phase
[50.263s][info][gc,phases      ] GC(236) Marking Phase 594.825ms
[50.263s][info][gc,phases,start] GC(236) Summary Phase
[50.263s][info][gc,phases      ] GC(236) Summary Phase 0.039ms
[50.263s][info][gc,phases,start] GC(236) Adjust Roots
[50.263s][info][gc,phases      ] GC(236) Adjust Roots 0.163ms
[50.263s][info][gc,phases,start] GC(236) Compaction Phase
[50.446s][info][gc,phases      ] GC(236) Compaction Phase 183.089ms
[50.446s][info][gc,phases,start] GC(236) Post Compact
[50.450s][info][gc,phases      ] GC(236) Post Compact 4.426ms
[50.451s][info][gc,heap        ] GC(236) PSYoungGen: 35479K(71680K)->35479K(71680K) Eden: 20480K(20480K)->20480K(20480K) From: 14999K(51200K)->14999K(51200K)
[50.451s][info][gc,heap        ] GC(236) ParOldGen: 2457587K(2457600K)->2457587K(2457600K)
[50.451s][info][gc,metaspace   ] GC(236) Metaspace: 6302K(6528K)->6302K(6528K) NonClass: 5769K(5888K)->5769K(5888K) Class: 533K(640K)->533K(640K)
[50.451s][info][gc             ] GC(236) Pause Full (Ergonomics) 2434M->2434M(2470M) 782.910ms
[50.451s][info][gc,cpu         ] GC(236) User=6.05s Sys=0.00s Real=0.78s
[50.451s][info][gc,start       ] GC(237) Pause Full (Ergonomics)
[50.451s][info][gc,phases,start] GC(237) Marking Phase
[51.039s][info][gc,phases      ] GC(237) Marking Phase 587.893ms
[51.039s][info][gc,phases,start] GC(237) Summary Phase
[51.039s][info][gc,phases      ] GC(237) Summary Phase 0.035ms
[51.039s][info][gc,phases,start] GC(237) Adjust Roots
[51.039s][info][gc,phases      ] GC(237) Adjust Roots 0.236ms
[51.039s][info][gc,phases,start] GC(237) Compaction Phase
[51.231s][info][gc,phases      ] GC(237) Compaction Phase 191.384ms
[51.231s][info][gc,phases,start] GC(237) Post Compact
[51.235s][info][gc,phases      ] GC(237) Post Compact 4.766ms
[51.235s][info][gc,heap        ] GC(237) PSYoungGen: 35479K(71680K)->35479K(71680K) Eden: 20480K(20480K)->20480K(20480K) From: 14999K(51200K)->14999K(51200K)
[51.235s][info][gc,heap        ] GC(237) ParOldGen: 2457592K(2457600K)->2457592K(2457600K)
[51.235s][info][gc,metaspace   ] GC(237) Metaspace: 6302K(6528K)->6302K(6528K) NonClass: 5769K(5888K)->5769K(5888K) Class: 533K(640K)->533K(640K)
[51.236s][info][gc             ] GC(237) Pause Full (Ergonomics) 2434M->2434M(2470M) 784.711ms
[51.236s][info][gc,cpu         ] GC(237) User=5.86s Sys=0.02s Real=0.78s
[51.236s][info][gc,start       ] GC(238) Pause Full (Ergonomics)
[51.236s][info][gc,phases,start] GC(238) Marking Phase
[51.845s][info][gc,phases      ] GC(238) Marking Phase 608.935ms
[51.845s][info][gc,phases,start] GC(238) Summary Phase
[51.845s][info][gc,phases      ] GC(238) Summary Phase 0.036ms
[51.845s][info][gc,phases,start] GC(238) Adjust Roots
[51.845s][info][gc,phases      ] GC(238) Adjust Roots 0.166ms
[51.845s][info][gc,phases,start] GC(238) Compaction Phase
[52.024s][info][gc,phases      ] GC(238) Compaction Phase 179.130ms
[52.024s][info][gc,phases,start] GC(238) Post Compact
[52.029s][info][gc,phases      ] GC(238) Post Compact 4.728ms
[52.029s][info][gc,heap        ] GC(238) PSYoungGen: 35479K(71680K)->35479K(71680K) Eden: 20480K(20480K)->20480K(20480K) From: 14999K(51200K)->14999K(51200K)
[52.029s][info][gc,heap        ] GC(238) ParOldGen: 2457597K(2457600K)->2457597K(2457600K)
[52.029s][info][gc,metaspace   ] GC(238) Metaspace: 6302K(6528K)->6302K(6528K) NonClass: 5769K(5888K)->5769K(5888K) Class: 533K(640K)->533K(640K)
[52.029s][info][gc             ] GC(238) Pause Full (Ergonomics) 2434M->2434M(2470M) 793.362ms
[52.029s][info][gc,cpu         ] GC(238) User=5.98s Sys=0.00s Real=0.79s
[52.029s][info][gc,start       ] GC(239) Pause Full (Ergonomics)
[52.029s][info][gc,phases,start] GC(239) Marking Phase
[52.629s][info][gc,phases      ] GC(239) Marking Phase 599.602ms
[52.629s][info][gc,phases,start] GC(239) Summary Phase
[52.629s][info][gc,phases      ] GC(239) Summary Phase 0.035ms
[52.629s][info][gc,phases,start] GC(239) Adjust Roots
[52.629s][info][gc,phases      ] GC(239) Adjust Roots 0.158ms
[52.629s][info][gc,phases,start] GC(239) Compaction Phase
[52.809s][info][gc,phases      ] GC(239) Compaction Phase 179.379ms
[52.809s][info][gc,phases,start] GC(239) Post Compact
[52.813s][info][gc,phases      ] GC(239) Post Compact 4.686ms
[52.814s][info][gc,heap        ] GC(239) PSYoungGen: 35479K(71680K)->35479K(71680K) Eden: 20480K(20480K)->20480K(20480K) From: 14999K(51200K)->14999K(51200K)
[52.814s][info][gc,heap        ] GC(239) ParOldGen: 2457599K(2457600K)->2457599K(2457600K)
[52.814s][info][gc,metaspace   ] GC(239) Metaspace: 6302K(6528K)->6302K(6528K) NonClass: 5769K(5888K)->5769K(5888K) Class: 533K(640K)->533K(640K)
[52.814s][info][gc             ] GC(239) Pause Full (Ergonomics) 2434M->2434M(2470M) 784.254ms
[52.814s][info][gc,cpu         ] GC(239) User=5.98s Sys=0.00s Real=0.78s
[52.814s][info][gc,start       ] GC(240) Pause Full (Allocation Failure)
[52.814s][info][gc,phases,start] GC(240) Marking Phase
[53.412s][info][gc,phases      ] GC(240) Marking Phase 598.487ms
[53.412s][info][gc,phases,start] GC(240) Summary Phase
[53.412s][info][gc,phases      ] GC(240) Summary Phase 0.035ms
[53.412s][info][gc,phases,start] GC(240) Adjust Roots
[53.413s][info][gc,phases      ] GC(240) Adjust Roots 0.403ms
[53.413s][info][gc,phases,start] GC(240) Compaction Phase
[54.043s][info][gc,phases      ] GC(240) Compaction Phase 630.632ms
[54.043s][info][gc,phases,start] GC(240) Post Compact
[54.048s][info][gc,phases      ] GC(240) Post Compact 4.494ms
[54.048s][info][gc,heap        ] GC(240) PSYoungGen: 35479K(71680K)->35479K(71680K) Eden: 20480K(20480K)->20480K(20480K) From: 14999K(51200K)->14999K(51200K)
[54.048s][info][gc,heap        ] GC(240) ParOldGen: 2457599K(2457600K)->2457595K(2457600K)
[54.048s][info][gc,metaspace   ] GC(240) Metaspace: 6302K(6528K)->6300K(6528K) NonClass: 5769K(5888K)->5768K(5888K) Class: 533K(640K)->532K(640K)
[54.048s][info][gc             ] GC(240) Pause Full (Allocation Failure) 2434M->2434M(2470M) 1234.404ms
[54.048s][info][gc,cpu         ] GC(240) User=9.25s Sys=0.00s Real=1.23s
[54.049s][info][gc,start       ] GC(241) Pause Full (Ergonomics)
[54.049s][info][gc,phases,start] GC(241) Marking Phase
[54.630s][info][gc,phases      ] GC(241) Marking Phase 581.764ms
[54.630s][info][gc,phases,start] GC(241) Summary Phase
[54.630s][info][gc,phases      ] GC(241) Summary Phase 0.035ms
[54.630s][info][gc,phases,start] GC(241) Adjust Roots
[54.631s][info][gc,phases      ] GC(241) Adjust Roots 0.163ms
[54.631s][info][gc,phases,start] GC(241) Compaction Phase
[54.816s][info][gc,phases      ] GC(241) Compaction Phase 185.693ms
[54.816s][info][gc,phases,start] GC(241) Post Compact
[54.821s][info][gc,phases      ] GC(241) Post Compact 4.440ms
[54.821s][info][gc,heap        ] GC(241) PSYoungGen: 35479K(71680K)->35479K(71680K) Eden: 20480K(20480K)->20480K(20480K) From: 14999K(51200K)->14999K(51200K)
[54.821s][info][gc,heap        ] GC(241) ParOldGen: 2457597K(2457600K)->2457597K(2457600K)
[54.821s][info][gc,metaspace   ] GC(241) Metaspace: 6300K(6528K)->6300K(6528K) NonClass: 5768K(5888K)->5768K(5888K) Class: 532K(640K)->532K(640K)
[54.821s][info][gc             ] GC(241) Pause Full (Ergonomics) 2434M->2434M(2470M) 772.441ms
[54.821s][info][gc,cpu         ] GC(241) User=5.81s Sys=0.02s Real=0.77s
[54.821s][info][gc,start       ] GC(242) Pause Full (Ergonomics)
[54.821s][info][gc,phases,start] GC(242) Marking Phase
[55.434s][info][gc,phases      ] GC(242) Marking Phase 612.062ms
[55.434s][info][gc,phases,start] GC(242) Summary Phase
[55.434s][info][gc,phases      ] GC(242) Summary Phase 0.035ms
[55.434s][info][gc,phases,start] GC(242) Adjust Roots
[55.434s][info][gc,phases      ] GC(242) Adjust Roots 0.163ms
[55.434s][info][gc,phases,start] GC(242) Compaction Phase
[55.620s][info][gc,phases      ] GC(242) Compaction Phase 185.955ms
[55.620s][info][gc,phases,start] GC(242) Post Compact
[55.624s][info][gc,phases      ] GC(242) Post Compact 4.505ms
[55.624s][info][gc,heap        ] GC(242) PSYoungGen: 35479K(71680K)->35479K(71680K) Eden: 20480K(20480K)->20480K(20480K) From: 14999K(51200K)->14999K(51200K)
[55.624s][info][gc,heap        ] GC(242) ParOldGen: 2457599K(2457600K)->2457599K(2457600K)
[55.624s][info][gc,metaspace   ] GC(242) Metaspace: 6300K(6528K)->6300K(6528K) NonClass: 5768K(5888K)->5768K(5888K) Class: 532K(640K)->532K(640K)
[55.625s][info][gc             ] GC(242) Pause Full (Ergonomics) 2434M->2434M(2470M) 803.094ms
[55.625s][info][gc,cpu         ] GC(242) User=6.16s Sys=0.00s Real=0.80s
[55.625s][info][gc,start       ] GC(243) Pause Full (Allocation Failure)
[55.625s][info][gc,phases,start] GC(243) Marking Phase
[56.232s][info][gc,phases      ] GC(243) Marking Phase 606.887ms
[56.232s][info][gc,phases,start] GC(243) Summary Phase
[56.232s][info][gc,phases      ] GC(243) Summary Phase 0.037ms
[56.232s][info][gc,phases,start] GC(243) Adjust Roots
[56.232s][info][gc,phases      ] GC(243) Adjust Roots 0.177ms
[56.232s][info][gc,phases,start] GC(243) Compaction Phase
[56.405s][info][gc,phases      ] GC(243) Compaction Phase 173.621ms
[56.406s][info][gc,phases,start] GC(243) Post Compact
[56.412s][info][gc,phases      ] GC(243) Post Compact 6.381ms
[56.412s][info][gc,heap        ] GC(243) PSYoungGen: 35479K(71680K)->35479K(71680K) Eden: 20480K(20480K)->20480K(20480K) From: 14999K(51200K)->14999K(51200K)
[56.412s][info][gc,heap        ] GC(243) ParOldGen: 2457599K(2457600K)->2457599K(2457600K)
[56.412s][info][gc,metaspace   ] GC(243) Metaspace: 6300K(6528K)->6300K(6528K) NonClass: 5768K(5888K)->5768K(5888K) Class: 532K(640K)->532K(640K)
[56.412s][info][gc             ] GC(243) Pause Full (Allocation Failure) 2434M->2434M(2470M) 787.513ms
[56.412s][info][gc,cpu         ] GC(243) User=6.00s Sys=0.00s Real=0.79s
[56.413s][info][gc,start       ] GC(244) Pause Full (Ergonomics)
[56.413s][info][gc,phases,start] GC(244) Marking Phase
[57.028s][info][gc,phases      ] GC(244) Marking Phase 615.545ms
[57.028s][info][gc,phases,start] GC(244) Summary Phase
[57.028s][info][gc,phases      ] GC(244) Summary Phase 0.036ms
[57.028s][info][gc,phases,start] GC(244) Adjust Roots
[57.029s][info][gc,phases      ] GC(244) Adjust Roots 0.244ms
[57.029s][info][gc,phases,start] GC(244) Compaction Phase
[57.657s][info][gc,phases      ] GC(244) Compaction Phase 628.073ms
[57.657s][info][gc,phases,start] GC(244) Post Compact
[57.661s][info][gc,phases      ] GC(244) Post Compact 4.686ms
[57.662s][info][gc,heap        ] GC(244) PSYoungGen: 35479K(71680K)->35479K(71680K) Eden: 20480K(20480K)->20480K(20480K) From: 14999K(51200K)->14999K(51200K)
[57.662s][info][gc,heap        ] GC(244) ParOldGen: 2457599K(2457600K)->2457598K(2457600K)
[57.662s][info][gc,metaspace   ] GC(244) Metaspace: 6300K(6528K)->6300K(6528K) NonClass: 5768K(5888K)->5768K(5888K) Class: 532K(640K)->532K(640K)
[57.662s][info][gc             ] GC(244) Pause Full (Ergonomics) 2434M->2434M(2470M) 1248.963ms
[57.662s][info][gc,cpu         ] GC(244) User=9.31s Sys=0.02s Real=1.25s
[57.663s][info][gc,start       ] GC(245) Pause Full (Ergonomics)
[57.663s][info][gc,phases,start] GC(245) Marking Phase
[58.286s][info][gc,phases      ] GC(245) Marking Phase 623.091ms
[58.286s][info][gc,phases,start] GC(245) Summary Phase
[58.286s][info][gc,phases      ] GC(245) Summary Phase 0.057ms
[58.286s][info][gc,phases,start] GC(245) Adjust Roots
[58.286s][info][gc,phases      ] GC(245) Adjust Roots 0.354ms
[58.286s][info][gc,phases,start] GC(245) Compaction Phase
[58.910s][info][gc,phases      ] GC(245) Compaction Phase 623.822ms
[58.910s][info][gc,phases,start] GC(245) Post Compact
[58.916s][info][gc,phases      ] GC(245) Post Compact 5.376ms
[58.916s][info][gc,heap        ] GC(245) PSYoungGen: 35479K(71680K)->35479K(71680K) Eden: 20480K(20480K)->20480K(20480K) From: 14999K(51200K)->14999K(51200K)
[58.916s][info][gc,heap        ] GC(245) ParOldGen: 2457599K(2457600K)->2457597K(2457600K)
[58.916s][info][gc,metaspace   ] GC(245) Metaspace: 6302K(6528K)->6302K(6528K) NonClass: 5768K(5888K)->5768K(5888K) Class: 533K(640K)->533K(640K)
[58.916s][info][gc             ] GC(245) Pause Full (Ergonomics) 2434M->2434M(2470M) 1253.157ms
[58.916s][info][gc,cpu         ] GC(245) User=7.98s Sys=0.00s Real=1.25s
[58.916s][info][gc,start       ] GC(246) Pause Full (Ergonomics)
[58.916s][info][gc,phases,start] GC(246) Marking Phase
[59.557s][info][gc,phases      ] GC(246) Marking Phase 640.171ms
[59.557s][info][gc,phases,start] GC(246) Summary Phase
[59.557s][info][gc,phases      ] GC(246) Summary Phase 0.055ms
[59.557s][info][gc,phases,start] GC(246) Adjust Roots
[59.557s][info][gc,phases      ] GC(246) Adjust Roots 0.223ms
[59.557s][info][gc,phases,start] GC(246) Compaction Phase
[59.799s][info][gc,phases      ] GC(246) Compaction Phase 242.332ms
[59.799s][info][gc,phases,start] GC(246) Post Compact
[59.804s][info][gc,phases      ] GC(246) Post Compact 4.840ms
[59.804s][info][gc,heap        ] GC(246) PSYoungGen: 35479K(71680K)->35479K(71680K) Eden: 20480K(20480K)->20480K(20480K) From: 14999K(51200K)->14999K(51200K)
[59.804s][info][gc,heap        ] GC(246) ParOldGen: 2457597K(2457600K)->2457597K(2457600K)
[59.804s][info][gc,metaspace   ] GC(246) Metaspace: 6302K(6528K)->6302K(6528K) NonClass: 5768K(5888K)->5768K(5888K) Class: 533K(640K)->533K(640K)
[59.804s][info][gc             ] GC(246) Pause Full (Ergonomics) 2434M->2434M(2470M) 888.021ms
[59.804s][info][gc,cpu         ] GC(246) User=5.69s Sys=0.00s Real=0.89s
[59.805s][info][gc,heap,exit   ] Heap
[59.805s][info][gc,heap,exit   ]  PSYoungGen      total 71680K, used 35479K [0x00000007b5000000, 0x00000007c3180000, 0x0000000800000000)
[59.805s][info][gc,heap,exit   ]   eden space 20480K, 100% used [0x00000007b5000000,0x00000007b6400000,0x00000007b6400000)
[59.805s][info][gc,heap,exit   ]   from space 51200K, 29% used [0x00000007b6400000,0x00000007b72a5f80,0x00000007b9600000)
[59.805s][info][gc,heap,exit   ]   to   space 103936K, 0% used [0x00000007bcc00000,0x00000007bcc00000,0x00000007c3180000)
[59.805s][info][gc,heap,exit   ]  ParOldGen       total 2457600K, used 2457597K [0x000000071f000000, 0x00000007b5000000, 0x00000007b5000000)
[59.805s][info][gc,heap,exit   ]   object space 2457600K, 99% used [0x000000071f000000,0x00000007b4fff7f0,0x00000007b5000000)
[59.805s][info][gc,heap,exit   ]  Metaspace       used 6305K, committed 6528K, reserved 1114112K
[59.805s][info][gc,heap,exit   ]   class space    used 534K, committed 640K, reserved 1048576K
