[0.010s][info][gc,init] CardTable entry size: 512
[0.010s][info][gc     ] Using Serial
[0.010s][info][gc,init] Version: 18.0.1+10 (release)
[0.010s][info][gc,init] CPUs: 8 total, 8 available
[0.010s][info][gc,init] Memory: 16063M
[0.010s][info][gc,init] Large Page Support: Disabled
[0.010s][info][gc,init] NUMA Support: Disabled
[0.010s][info][gc,init] Compressed Oops: Enabled (Zero based)
[0.010s][info][gc,init] Heap Min Capacity: 2M
[0.010s][info][gc,init] Heap Initial Capacity: 2M
[0.010s][info][gc,init] Heap Max Capacity: 5900M
[0.010s][info][gc,init] Pre-touch: Disabled
[0.011s][info][gc,metaspace] CDS archive(s) not mapped
[0.011s][info][gc,metaspace] Compressed class space mapped at: 0x0000000800000000-0x0000000840000000, reserved size: 1073741824
[0.011s][info][gc,metaspace] Narrow klass base: 0x0000000800000000, Narrow klass shift: 0, Narrow klass range: 0x40000000
[0.167s][info][gc,start    ] GC(0) Pause Young (Allocation Failure)
[0.168s][info][gc,heap     ] GC(0) DefNew: 1023K(1152K)->127K(1152K) Eden: 1023K(1024K)->0K(1024K) From: 0K(128K)->127K(128K)
[0.168s][info][gc,heap     ] GC(0) Tenured: 0K(768K)->439K(768K)
[0.168s][info][gc,metaspace] GC(0) Metaspace: 5900K(6016K)->5900K(6016K) NonClass: 5400K(5504K)->5400K(5504K) Class: 499K(512K)->499K(512K)
[0.168s][info][gc          ] GC(0) Pause Young (Allocation Failure) 0M->0M(1M) 1.723ms
[0.168s][info][gc,cpu      ] GC(0) User=0.00s Sys=0.00s Real=0.00s
[0.188s][info][gc,start    ] GC(1) Pause Young (Allocation Failure)
[0.189s][info][gc          ] GC(1) Pause Young (Allocation Failure) 1M->0M(2M) 1.241ms
[0.189s][info][gc,cpu      ] GC(1) User=0.00s Sys=0.00s Real=0.00s
[0.189s][info][gc,start    ] GC(2) Pause Full (Allocation Failure)
[0.189s][info][gc,phases,start] GC(2) Phase 1: Mark live objects
[0.190s][info][gc,phases      ] GC(2) Phase 1: Mark live objects 0.991ms
[0.190s][info][gc,phases,start] GC(2) Phase 2: Compute new object addresses
[0.191s][info][gc,phases      ] GC(2) Phase 2: Compute new object addresses 0.242ms
[0.191s][info][gc,phases,start] GC(2) Phase 3: Adjust pointers
[0.191s][info][gc,phases      ] GC(2) Phase 3: Adjust pointers 0.524ms
[0.191s][info][gc,phases,start] GC(2) Phase 4: Move objects
[0.191s][info][gc,phases      ] GC(2) Phase 4: Move objects 0.071ms
[0.191s][info][gc,heap        ] GC(2) DefNew: 1151K(1152K)->40K(1152K) Eden: 1024K(1024K)->40K(1024K) From: 127K(128K)->0K(128K)
[0.191s][info][gc,heap        ] GC(2) Tenured: 439K(768K)->959K(1600K)
[0.191s][info][gc,metaspace   ] GC(2) Metaspace: 6296K(6464K)->6296K(6464K) NonClass: 5763K(5824K)->5763K(5824K) Class: 533K(640K)->533K(640K)
[0.191s][info][gc             ] GC(2) Pause Full (Allocation Failure) 0M->0M(2M) 2.119ms
[0.191s][info][gc,cpu         ] GC(2) User=0.00s Sys=0.00s Real=0.00s
[0.193s][info][gc,start       ] GC(3) Pause Young (Allocation Failure)
[0.194s][info][gc,heap        ] GC(3) DefNew: 1024K(1152K)->128K(1152K) Eden: 1024K(1024K)->0K(1024K) From: 0K(128K)->128K(128K)
[0.194s][info][gc,heap        ] GC(3) Tenured: 959K(1600K)->1374K(1600K)
[0.194s][info][gc,metaspace   ] GC(3) Metaspace: 6296K(6464K)->6296K(6464K) NonClass: 5763K(5824K)->5763K(5824K) Class: 533K(640K)->533K(640K)
[0.194s][info][gc             ] GC(3) Pause Young (Allocation Failure) 1M->1M(2M) 1.282ms
[0.194s][info][gc,cpu         ] GC(3) User=0.00s Sys=0.00s Real=0.00s
[0.196s][info][gc,start       ] GC(4) Pause Young (Allocation Failure)
[0.197s][info][gc             ] GC(4) Pause Young (Allocation Failure) 2M->1M(3M) 1.054ms
[0.197s][info][gc,cpu         ] GC(4) User=0.00s Sys=0.00s Real=0.00s
[0.197s][info][gc,start       ] GC(5) Pause Full (Allocation Failure)
[0.197s][info][gc,phases,start] GC(5) Phase 1: Mark live objects
[0.198s][info][gc,phases      ] GC(5) Phase 1: Mark live objects 1.325ms
[0.198s][info][gc,phases,start] GC(5) Phase 2: Compute new object addresses
[0.199s][info][gc,phases      ] GC(5) Phase 2: Compute new object addresses 0.393ms
[0.199s][info][gc,phases,start] GC(5) Phase 3: Adjust pointers
[0.199s][info][gc,phases      ] GC(5) Phase 3: Adjust pointers 0.619ms
[0.199s][info][gc,phases,start] GC(5) Phase 4: Move objects
[0.199s][info][gc,phases      ] GC(5) Phase 4: Move objects 0.067ms
[0.199s][info][gc,heap        ] GC(5) DefNew: 1152K(1152K)->34K(1536K) Eden: 1024K(1024K)->34K(1408K) From: 128K(128K)->0K(128K)
[0.199s][info][gc,heap        ] GC(5) Tenured: 1374K(1600K)->1983K(3308K)
[0.199s][info][gc,metaspace   ] GC(5) Metaspace: 6296K(6464K)->6296K(6464K) NonClass: 5763K(5824K)->5763K(5824K) Class: 533K(640K)->533K(640K)
[0.200s][info][gc             ] GC(5) Pause Full (Allocation Failure) 1M->1M(4M) 2.705ms
[0.200s][info][gc,cpu         ] GC(5) User=0.00s Sys=0.00s Real=0.00s
[0.201s][info][gc,start       ] GC(6) Pause Young (Allocation Failure)
[0.204s][info][gc,heap        ] GC(6) DefNew: 1408K(1536K)->127K(1536K) Eden: 1408K(1408K)->0K(1408K) From: 0K(128K)->127K(128K)
[0.204s][info][gc,heap        ] GC(6) Tenured: 1983K(3308K)->2617K(3308K)
[0.204s][info][gc,metaspace   ] GC(6) Metaspace: 6296K(6464K)->6296K(6464K) NonClass: 5763K(5824K)->5763K(5824K) Class: 533K(640K)->533K(640K)
[0.204s][info][gc             ] GC(6) Pause Young (Allocation Failure) 3M->2M(4M) 2.313ms
[0.204s][info][gc,cpu         ] GC(6) User=0.00s Sys=0.00s Real=0.00s
[0.206s][info][gc,start       ] GC(7) Pause Young (Allocation Failure)
[0.207s][info][gc             ] GC(7) Pause Young (Allocation Failure) 4M->3M(4M) 1.749ms
[0.207s][info][gc,cpu         ] GC(7) User=0.02s Sys=0.00s Real=0.00s
[0.207s][info][gc,start       ] GC(8) Pause Full (Allocation Failure)
[0.207s][info][gc,phases,start] GC(8) Phase 1: Mark live objects
[0.210s][info][gc,phases      ] GC(8) Phase 1: Mark live objects 2.225ms
[0.210s][info][gc,phases,start] GC(8) Phase 2: Compute new object addresses
[0.210s][info][gc,phases      ] GC(8) Phase 2: Compute new object addresses 0.634ms
[0.210s][info][gc,phases,start] GC(8) Phase 3: Adjust pointers
[0.211s][info][gc,phases      ] GC(8) Phase 3: Adjust pointers 0.904ms
[0.211s][info][gc,phases,start] GC(8) Phase 4: Move objects
[0.211s][info][gc,phases      ] GC(8) Phase 4: Move objects 0.079ms
[0.211s][info][gc,heap        ] GC(8) DefNew: 1535K(1536K)->0K(2688K) Eden: 1408K(1408K)->0K(2432K) From: 127K(128K)->0K(256K)
[0.212s][info][gc,heap        ] GC(8) Tenured: 2617K(3308K)->3459K(5768K)
[0.212s][info][gc,metaspace   ] GC(8) Metaspace: 6296K(6464K)->6296K(6464K) NonClass: 5763K(5824K)->5763K(5824K) Class: 533K(640K)->533K(640K)
[0.212s][info][gc             ] GC(8) Pause Full (Allocation Failure) 3M->3M(8M) 4.108ms
[0.212s][info][gc,cpu         ] GC(8) User=0.02s Sys=0.00s Real=0.00s
[0.215s][info][gc,start       ] GC(9) Pause Young (Allocation Failure)
[0.217s][info][gc,heap        ] GC(9) DefNew: 2432K(2688K)->256K(2688K) Eden: 2432K(2432K)->0K(2432K) From: 0K(256K)->256K(256K)
[0.217s][info][gc,heap        ] GC(9) Tenured: 3459K(5768K)->4512K(5768K)
[0.217s][info][gc,metaspace   ] GC(9) Metaspace: 6296K(6464K)->6296K(6464K) NonClass: 5763K(5824K)->5763K(5824K) Class: 533K(640K)->533K(640K)
[0.217s][info][gc             ] GC(9) Pause Young (Allocation Failure) 5M->4M(8M) 2.479ms
[0.217s][info][gc,cpu         ] GC(9) User=0.00s Sys=0.00s Real=0.00s
[0.220s][info][gc,start       ] GC(10) Pause Young (Allocation Failure)
[0.223s][info][gc,heap        ] GC(10) DefNew: 2688K(2688K)->255K(2688K) Eden: 2432K(2432K)->0K(2432K) From: 256K(256K)->255K(256K)
[0.223s][info][gc,heap        ] GC(10) Tenured: 4512K(5768K)->5754K(5768K)
[0.223s][info][gc,metaspace   ] GC(10) Metaspace: 6296K(6464K)->6296K(6464K) NonClass: 5763K(5824K)->5763K(5824K) Class: 533K(640K)->533K(640K)
[0.223s][info][gc             ] GC(10) Pause Young (Allocation Failure) 7M->5M(8M) 3.571ms
[0.224s][info][gc,cpu         ] GC(10) User=0.02s Sys=0.00s Real=0.00s
[0.226s][info][gc,start       ] GC(11) Pause Young (Allocation Failure)
[0.229s][info][gc             ] GC(11) Pause Young (Allocation Failure) 8M->7M(9M) 3.157ms
[0.229s][info][gc,cpu         ] GC(11) User=0.00s Sys=0.00s Real=0.00s
[0.229s][info][gc,start       ] GC(12) Pause Full (Allocation Failure)
[0.230s][info][gc,phases,start] GC(12) Phase 1: Mark live objects
[0.233s][info][gc,phases      ] GC(12) Phase 1: Mark live objects 3.702ms
[0.234s][info][gc,phases,start] GC(12) Phase 2: Compute new object addresses
[0.235s][info][gc,phases      ] GC(12) Phase 2: Compute new object addresses 1.280ms
[0.235s][info][gc,phases,start] GC(12) Phase 3: Adjust pointers
[0.237s][info][gc,phases      ] GC(12) Phase 3: Adjust pointers 1.653ms
[0.237s][info][gc,phases,start] GC(12) Phase 4: Move objects
[0.238s][info][gc,phases      ] GC(12) Phase 4: Move objects 1.546ms
[0.238s][info][gc,heap        ] GC(12) DefNew: 2687K(2688K)->0K(5376K) Eden: 2432K(2432K)->0K(4800K) From: 255K(256K)->0K(576K)
[0.238s][info][gc,heap        ] GC(12) Tenured: 5754K(5768K)->7132K(11888K)
[0.238s][info][gc,metaspace   ] GC(12) Metaspace: 6296K(6464K)->6296K(6464K) NonClass: 5763K(5824K)->5763K(5824K) Class: 533K(640K)->533K(640K)
[0.238s][info][gc             ] GC(12) Pause Full (Allocation Failure) 7M->6M(16M) 8.894ms
[0.238s][info][gc,cpu         ] GC(12) User=0.00s Sys=0.00s Real=0.01s
[0.244s][info][gc,start       ] GC(13) Pause Young (Allocation Failure)
[0.248s][info][gc,heap        ] GC(13) DefNew: 4800K(5376K)->576K(5376K) Eden: 4800K(4800K)->0K(4800K) From: 0K(576K)->576K(576K)
[0.248s][info][gc,heap        ] GC(13) Tenured: 7132K(11888K)->9027K(11888K)
[0.248s][info][gc,metaspace   ] GC(13) Metaspace: 6296K(6464K)->6296K(6464K) NonClass: 5763K(5824K)->5763K(5824K) Class: 533K(640K)->533K(640K)
[0.248s][info][gc             ] GC(13) Pause Young (Allocation Failure) 11M->9M(16M) 4.789ms
[0.248s][info][gc,cpu         ] GC(13) User=0.00s Sys=0.00s Real=0.00s
[0.253s][info][gc,start       ] GC(14) Pause Young (Allocation Failure)
[0.259s][info][gc,heap        ] GC(14) DefNew: 5376K(5376K)->576K(5376K) Eden: 4800K(4800K)->0K(4800K) From: 576K(576K)->576K(576K)
[0.259s][info][gc,heap        ] GC(14) Tenured: 9027K(11888K)->11746K(11888K)
[0.259s][info][gc,metaspace   ] GC(14) Metaspace: 6296K(6464K)->6296K(6464K) NonClass: 5763K(5824K)->5763K(5824K) Class: 533K(640K)->533K(640K)
[0.259s][info][gc             ] GC(14) Pause Young (Allocation Failure) 14M->12M(16M) 6.033ms
[0.259s][info][gc,cpu         ] GC(14) User=0.00s Sys=0.00s Real=0.01s
[0.263s][info][gc,start       ] GC(15) Pause Young (Allocation Failure)
[0.269s][info][gc             ] GC(15) Pause Young (Allocation Failure) 16M->14M(19M) 6.254ms
[0.269s][info][gc,cpu         ] GC(15) User=0.00s Sys=0.00s Real=0.01s
[0.269s][info][gc,start       ] GC(16) Pause Full (Allocation Failure)
[0.269s][info][gc,phases,start] GC(16) Phase 1: Mark live objects
[0.276s][info][gc,phases      ] GC(16) Phase 1: Mark live objects 7.156ms
[0.276s][info][gc,phases,start] GC(16) Phase 2: Compute new object addresses
[0.279s][info][gc,phases      ] GC(16) Phase 2: Compute new object addresses 2.302ms
[0.279s][info][gc,phases,start] GC(16) Phase 3: Adjust pointers
[0.282s][info][gc,phases      ] GC(16) Phase 3: Adjust pointers 2.865ms
[0.282s][info][gc,phases,start] GC(16) Phase 4: Move objects
[0.282s][info][gc,phases      ] GC(16) Phase 4: Move objects 0.168ms
[0.282s][info][gc,heap        ] GC(16) DefNew: 5376K(5376K)->403K(10880K) Eden: 4800K(4800K)->403K(9728K) From: 576K(576K)->0K(1152K)
[0.282s][info][gc,heap        ] GC(16) Tenured: 11746K(11888K)->14383K(23976K)
[0.282s][info][gc,metaspace   ] GC(16) Metaspace: 6298K(6464K)->6298K(6464K) NonClass: 5765K(5824K)->5765K(5824K) Class: 533K(640K)->533K(640K)
[0.282s][info][gc             ] GC(16) Pause Full (Allocation Failure) 14M->14M(34M) 12.861ms
[0.282s][info][gc,cpu         ] GC(16) User=0.02s Sys=0.00s Real=0.01s
[0.291s][info][gc,start       ] GC(17) Pause Young (Allocation Failure)
[0.304s][info][gc,heap        ] GC(17) DefNew: 9728K(10880K)->1152K(10880K) Eden: 9728K(9728K)->0K(9728K) From: 0K(1152K)->1152K(1152K)
[0.305s][info][gc,heap        ] GC(17) Tenured: 14383K(23976K)->18403K(23976K)
[0.305s][info][gc,metaspace   ] GC(17) Metaspace: 6298K(6464K)->6298K(6464K) NonClass: 5765K(5824K)->5765K(5824K) Class: 533K(640K)->533K(640K)
[0.305s][info][gc             ] GC(17) Pause Young (Allocation Failure) 23M->19M(34M) 13.762ms
[0.305s][info][gc,cpu         ] GC(17) User=0.00s Sys=0.02s Real=0.01s
[0.313s][info][gc,start       ] GC(18) Pause Young (Allocation Failure)
[0.325s][info][gc,heap        ] GC(18) DefNew: 10880K(10880K)->1152K(10880K) Eden: 9728K(9728K)->0K(9728K) From: 1152K(1152K)->1152K(1152K)
[0.325s][info][gc,heap        ] GC(18) Tenured: 18403K(23976K)->23925K(23976K)
[0.325s][info][gc,metaspace   ] GC(18) Metaspace: 6298K(6464K)->6298K(6464K) NonClass: 5765K(5824K)->5765K(5824K) Class: 533K(640K)->533K(640K)
[0.325s][info][gc             ] GC(18) Pause Young (Allocation Failure) 28M->24M(34M) 12.388ms
[0.325s][info][gc,cpu         ] GC(18) User=0.00s Sys=0.00s Real=0.01s
[0.333s][info][gc,start       ] GC(19) Pause Young (Allocation Failure)
[0.345s][info][gc             ] GC(19) Pause Young (Allocation Failure) 33M->29M(38M) 12.048ms
[0.345s][info][gc,cpu         ] GC(19) User=0.00s Sys=0.00s Real=0.01s
[0.345s][info][gc,start       ] GC(20) Pause Full (Allocation Failure)
[0.345s][info][gc,phases,start] GC(20) Phase 1: Mark live objects
[0.360s][info][gc,phases      ] GC(20) Phase 1: Mark live objects 14.370ms
[0.360s][info][gc,phases,start] GC(20) Phase 2: Compute new object addresses
[0.365s][info][gc,phases      ] GC(20) Phase 2: Compute new object addresses 5.216ms
[0.365s][info][gc,phases,start] GC(20) Phase 3: Adjust pointers
[0.370s][info][gc,phases      ] GC(20) Phase 3: Adjust pointers 5.251ms
[0.370s][info][gc,phases,start] GC(20) Phase 4: Move objects
[0.370s][info][gc,phases      ] GC(20) Phase 4: Move objects 0.171ms
[0.370s][info][gc,heap        ] GC(20) DefNew: 10880K(10880K)->1068K(21888K) Eden: 9728K(9728K)->1068K(19520K) From: 1152K(1152K)->0K(2368K)
[0.370s][info][gc,heap        ] GC(20) Tenured: 23925K(23976K)->29036K(48396K)
[0.370s][info][gc,metaspace   ] GC(20) Metaspace: 6298K(6464K)->6298K(6464K) NonClass: 5765K(5824K)->5765K(5824K) Class: 533K(640K)->533K(640K)
[0.371s][info][gc             ] GC(20) Pause Full (Allocation Failure) 29M->29M(68M) 25.418ms
[0.371s][info][gc,cpu         ] GC(20) User=0.02s Sys=0.00s Real=0.03s
[0.388s][info][gc,start       ] GC(21) Pause Young (Allocation Failure)
[0.422s][info][gc,heap        ] GC(21) DefNew: 18411K(21888K)->2368K(21888K) Eden: 18411K(19520K)->0K(19520K) From: 0K(2368K)->2368K(2368K)
[0.422s][info][gc,heap        ] GC(21) Tenured: 29036K(48396K)->43096K(48396K)
[0.422s][info][gc,metaspace   ] GC(21) Metaspace: 6298K(6464K)->6298K(6464K) NonClass: 5765K(5824K)->5765K(5824K) Class: 533K(640K)->533K(640K)
[0.422s][info][gc             ] GC(21) Pause Young (Allocation Failure) 46M->44M(68M) 33.522ms
[0.422s][info][gc,cpu         ] GC(21) User=0.02s Sys=0.02s Real=0.03s
[0.442s][info][gc,start       ] GC(22) Pause Young (Allocation Failure)
[0.477s][info][gc             ] GC(22) Pause Young (Allocation Failure) 63M->63M(82M) 35.473ms
[0.477s][info][gc,cpu         ] GC(22) User=0.03s Sys=0.00s Real=0.04s
[0.477s][info][gc,start       ] GC(23) Pause Full (Allocation Failure)
[0.477s][info][gc,phases,start] GC(23) Phase 1: Mark live objects
[0.505s][info][gc,phases      ] GC(23) Phase 1: Mark live objects 27.738ms
[0.505s][info][gc,phases,start] GC(23) Phase 2: Compute new object addresses
[0.515s][info][gc,phases      ] GC(23) Phase 2: Compute new object addresses 9.956ms
[0.515s][info][gc,phases,start] GC(23) Phase 3: Adjust pointers
[0.526s][info][gc,phases      ] GC(23) Phase 3: Adjust pointers 11.108ms
[0.526s][info][gc,phases,start] GC(23) Phase 4: Move objects
[0.526s][info][gc,phases      ] GC(23) Phase 4: Move objects 0.328ms
[0.527s][info][gc,heap        ] GC(23) DefNew: 21888K(21888K)->2351K(47040K) Eden: 19520K(19520K)->2351K(41856K) From: 2368K(2368K)->0K(5184K)
[0.527s][info][gc,heap        ] GC(23) Tenured: 43096K(48396K)->62603K(104340K)
[0.527s][info][gc,metaspace   ] GC(23) Metaspace: 6298K(6464K)->6298K(6464K) NonClass: 5765K(5824K)->5765K(5824K) Class: 533K(640K)->533K(640K)
[0.527s][info][gc             ] GC(23) Pause Full (Allocation Failure) 63M->63M(147M) 49.795ms
[0.527s][info][gc,cpu         ] GC(23) User=0.03s Sys=0.00s Real=0.05s
[0.574s][info][gc,start       ] GC(24) Pause Young (Allocation Failure)
[0.639s][info][gc,heap        ] GC(24) DefNew: 41856K(47040K)->5183K(47040K) Eden: 41856K(41856K)->0K(41856K) From: 0K(5184K)->5183K(5184K)
[0.639s][info][gc,heap        ] GC(24) Tenured: 62603K(104340K)->99245K(104340K)
[0.639s][info][gc,metaspace   ] GC(24) Metaspace: 6298K(6464K)->6298K(6464K) NonClass: 5765K(5824K)->5765K(5824K) Class: 533K(640K)->533K(640K)
[0.640s][info][gc             ] GC(24) Pause Young (Allocation Failure) 102M->101M(147M) 65.555ms
[0.640s][info][gc,cpu         ] GC(24) User=0.06s Sys=0.00s Real=0.07s
[0.674s][info][gc,start       ] GC(25) Pause Young (Allocation Failure)
[0.750s][info][gc             ] GC(25) Pause Young (Allocation Failure) 142M->142M(183M) 75.911ms
[0.750s][info][gc,cpu         ] GC(25) User=0.06s Sys=0.02s Real=0.08s
[0.750s][info][gc,start       ] GC(26) Pause Full (Allocation Failure)
[0.750s][info][gc,phases,start] GC(26) Phase 1: Mark live objects
[0.810s][info][gc,phases      ] GC(26) Phase 1: Mark live objects 59.639ms
[0.810s][info][gc,phases,start] GC(26) Phase 2: Compute new object addresses
[0.832s][info][gc,phases      ] GC(26) Phase 2: Compute new object addresses 22.527ms
[0.832s][info][gc,phases,start] GC(26) Phase 3: Adjust pointers
[0.862s][info][gc,phases      ] GC(26) Phase 3: Adjust pointers 29.055ms
[0.862s][info][gc,phases,start] GC(26) Phase 4: Move objects
[0.889s][info][gc,phases      ] GC(26) Phase 4: Move objects 27.740ms
[0.890s][info][gc,heap        ] GC(26) DefNew: 47039K(47040K)->1332K(105920K) Eden: 41856K(41856K)->1332K(94208K) From: 5183K(5184K)->0K(11712K)
[0.890s][info][gc,heap        ] GC(26) Tenured: 99245K(104340K)->141079K(235136K)
[0.890s][info][gc,metaspace   ] GC(26) Metaspace: 6298K(6464K)->6298K(6464K) NonClass: 5765K(5824K)->5765K(5824K) Class: 533K(640K)->533K(640K)
[0.890s][info][gc             ] GC(26) Pause Full (Allocation Failure) 142M->139M(333M) 139.813ms
[0.890s][info][gc,cpu         ] GC(26) User=0.12s Sys=0.00s Real=0.14s
[0.990s][info][gc,start       ] GC(27) Pause Young (Allocation Failure)
[1.155s][info][gc,heap        ] GC(27) DefNew: 94208K(105920K)->11711K(105920K) Eden: 94208K(94208K)->0K(94208K) From: 0K(11712K)->11711K(11712K)
[1.155s][info][gc,heap        ] GC(27) Tenured: 141079K(235136K)->223543K(235136K)
[1.155s][info][gc,metaspace   ] GC(27) Metaspace: 6298K(6464K)->6298K(6464K) NonClass: 5765K(5824K)->5765K(5824K) Class: 533K(640K)->533K(640K)
[1.155s][info][gc             ] GC(27) Pause Young (Allocation Failure) 229M->229M(333M) 164.594ms
[1.155s][info][gc,cpu         ] GC(27) User=0.12s Sys=0.03s Real=0.16s
[1.243s][info][gc,start       ] GC(28) Pause Young (Allocation Failure)
[1.426s][info][gc             ] GC(28) Pause Young (Allocation Failure) 321M->321M(413M) 182.333ms
[1.426s][info][gc,cpu         ] GC(28) User=0.11s Sys=0.05s Real=0.18s
[1.426s][info][gc,start       ] GC(29) Pause Full (Allocation Failure)
[1.426s][info][gc,phases,start] GC(29) Phase 1: Mark live objects
[1.583s][info][gc,phases      ] GC(29) Phase 1: Mark live objects 156.765ms
[1.583s][info][gc,phases,start] GC(29) Phase 2: Compute new object addresses
[1.637s][info][gc,phases      ] GC(29) Phase 2: Compute new object addresses 53.977ms
[1.637s][info][gc,phases,start] GC(29) Phase 3: Adjust pointers
[1.691s][info][gc,phases      ] GC(29) Phase 3: Adjust pointers 54.552ms
[1.691s][info][gc,phases,start] GC(29) Phase 4: Move objects
[1.694s][info][gc,phases      ] GC(29) Phase 4: Move objects 2.378ms
[1.695s][info][gc,heap        ] GC(29) DefNew: 105919K(105920K)->11603K(238464K) Eden: 94208K(94208K)->11603K(212032K) From: 11711K(11712K)->0K(26432K)
[1.695s][info][gc,heap        ] GC(29) Tenured: 223543K(235136K)->317828K(529716K)
[1.695s][info][gc,metaspace   ] GC(29) Metaspace: 6298K(6464K)->6298K(6464K) NonClass: 5765K(5824K)->5765K(5824K) Class: 533K(640K)->533K(640K)
[1.695s][info][gc             ] GC(29) Pause Full (Allocation Failure) 321M->321M(750M) 268.987ms
[1.695s][info][gc,cpu         ] GC(29) User=0.27s Sys=0.00s Real=0.27s
[1.920s][info][gc,start       ] GC(30) Pause Young (Allocation Failure)
[2.316s][info][gc,heap        ] GC(30) DefNew: 212032K(238464K)->26432K(238464K) Eden: 212032K(212032K)->0K(212032K) From: 0K(26432K)->26432K(26432K)
[2.316s][info][gc,heap        ] GC(30) Tenured: 317828K(529716K)->503403K(529716K)
[2.316s][info][gc,metaspace   ] GC(30) Metaspace: 6298K(6464K)->6298K(6464K) NonClass: 5765K(5824K)->5765K(5824K) Class: 533K(640K)->533K(640K)
[2.316s][info][gc             ] GC(30) Pause Young (Allocation Failure) 517M->517M(750M) 396.477ms
[2.316s][info][gc,cpu         ] GC(30) User=0.38s Sys=0.02s Real=0.40s
[2.496s][info][gc,start       ] GC(31) Pause Young (Allocation Failure)
[2.880s][info][gc             ] GC(31) Pause Young (Allocation Failure) 702M->700M(907M) 384.594ms
[2.880s][info][gc,cpu         ] GC(31) User=0.31s Sys=0.06s Real=0.38s
[2.880s][info][gc,start       ] GC(32) Pause Full (Allocation Failure)
[2.880s][info][gc,phases,start] GC(32) Phase 1: Mark live objects
[3.220s][info][gc,phases      ] GC(32) Phase 1: Mark live objects 339.600ms
[3.220s][info][gc,phases,start] GC(32) Phase 2: Compute new object addresses
[3.335s][info][gc,phases      ] GC(32) Phase 2: Compute new object addresses 115.278ms
[3.335s][info][gc,phases,start] GC(32) Phase 3: Adjust pointers
[3.463s][info][gc,phases      ] GC(32) Phase 3: Adjust pointers 128.051ms
[3.463s][info][gc,phases,start] GC(32) Phase 4: Move objects
[3.469s][info][gc,phases      ] GC(32) Phase 4: Move objects 5.321ms
[3.471s][info][gc,heap        ] GC(32) DefNew: 216076K(238464K)->26276K(518400K) Eden: 189644K(212032K)->26276K(460800K) From: 26432K(26432K)->0K(57600K)
[3.471s][info][gc,heap        ] GC(32) Tenured: 503403K(529716K)->691187K(1151980K)
[3.471s][info][gc,metaspace   ] GC(32) Metaspace: 6298K(6464K)->6298K(6464K) NonClass: 5765K(5824K)->5765K(5824K) Class: 533K(640K)->533K(640K)
[3.471s][info][gc             ] GC(32) Pause Full (Allocation Failure) 700M->700M(1631M) 590.446ms
[3.471s][info][gc,cpu         ] GC(32) User=0.56s Sys=0.00s Real=0.59s
[3.958s][info][gc,start       ] GC(33) Pause Young (Allocation Failure)
[4.792s][info][gc,heap        ] GC(33) DefNew: 460800K(518400K)->57600K(518400K) Eden: 460800K(460800K)->0K(460800K) From: 0K(57600K)->57600K(57600K)
[4.792s][info][gc,heap        ] GC(33) Tenured: 691187K(1151980K)->1094361K(1151980K)
[4.792s][info][gc,metaspace   ] GC(33) Metaspace: 6298K(6464K)->6298K(6464K) NonClass: 5765K(5824K)->5765K(5824K) Class: 533K(640K)->533K(640K)
[4.792s][info][gc             ] GC(33) Pause Young (Allocation Failure) 1124M->1124M(1631M) 834.412ms
[4.792s][info][gc,cpu         ] GC(33) User=0.69s Sys=0.12s Real=0.84s
[5.299s][info][gc,start       ] GC(34) Pause Young (Allocation Failure)
[6.054s][info][gc             ] GC(34) Pause Young (Allocation Failure) 1574M->1525M(1975M) 755.057ms
[6.054s][info][gc,cpu         ] GC(34) User=0.55s Sys=0.19s Real=0.76s
[6.054s][info][gc,start       ] GC(35) Pause Full (Allocation Failure)
[6.054s][info][gc,phases,start] GC(35) Phase 1: Mark live objects
[6.753s][info][gc,phases      ] GC(35) Phase 1: Mark live objects 698.267ms
[6.753s][info][gc,phases,start] GC(35) Phase 2: Compute new object addresses
[6.975s][info][gc,phases      ] GC(35) Phase 2: Compute new object addresses 222.731ms
[6.975s][info][gc,phases,start] GC(35) Phase 3: Adjust pointers
[7.246s][info][gc,phases      ] GC(35) Phase 3: Adjust pointers 270.383ms
[7.246s][info][gc,phases,start] GC(35) Phase 4: Move objects
[7.257s][info][gc,phases      ] GC(35) Phase 4: Move objects 11.049ms
[7.261s][info][gc,heap        ] GC(35) DefNew: 518400K(518400K)->57485K(1128192K) Eden: 460800K(460800K)->57485K(1002880K) From: 57600K(57600K)->0K(125312K)
[7.261s][info][gc,heap        ] GC(35) Tenured: 1094361K(1151980K)->1504175K(2506960K)
[7.261s][info][gc,metaspace   ] GC(35) Metaspace: 6298K(6464K)->6298K(6464K) NonClass: 5765K(5824K)->5765K(5824K) Class: 533K(640K)->533K(640K)
[7.261s][info][gc             ] GC(35) Pause Full (Allocation Failure) 1525M->1525M(3549M) 1206.986ms
[7.261s][info][gc,cpu         ] GC(35) User=1.22s Sys=0.00s Real=1.21s
[8.247s][info][gc,start       ] GC(36) Pause Young (Allocation Failure)
[10.038s][info][gc,heap        ] GC(36) DefNew: 1002880K(1128192K)->125311K(1128192K) Eden: 1002880K(1002880K)->0K(1002880K) From: 0K(125312K)->125311K(125312K)
[10.038s][info][gc,heap        ] GC(36) Tenured: 1504175K(2506960K)->2381714K(2506960K)
[10.038s][info][gc,metaspace   ] GC(36) Metaspace: 6298K(6464K)->6298K(6464K) NonClass: 5765K(5824K)->5765K(5824K) Class: 533K(640K)->533K(640K)
[10.038s][info][gc             ] GC(36) Pause Young (Allocation Failure) 2448M->2448M(3549M) 1790.814ms
[10.038s][info][gc,cpu         ] GC(36) User=1.59s Sys=0.19s Real=1.79s
[11.020s][info][gc,start       ] GC(37) Pause Young (Allocation Failure)
[12.766s][info][gc             ] GC(37) Pause Young (Allocation Failure) 3427M->3427M(4407M) 1745.545ms
[12.766s][info][gc,cpu         ] GC(37) User=1.39s Sys=0.31s Real=1.75s
[12.766s][info][gc,start       ] GC(38) Pause Full (Allocation Failure)
[12.766s][info][gc,phases,start] GC(38) Phase 1: Mark live objects
[14.303s][info][gc,phases      ] GC(38) Phase 1: Mark live objects 1537.330ms
[14.303s][info][gc,phases,start] GC(38) Phase 2: Compute new object addresses
[14.792s][info][gc,phases      ] GC(38) Phase 2: Compute new object addresses 489.040ms
[14.792s][info][gc,phases,start] GC(38) Phase 3: Adjust pointers
[15.466s][info][gc,phases      ] GC(38) Phase 3: Adjust pointers 673.769ms
[15.466s][info][gc,phases,start] GC(38) Phase 4: Move objects
[16.092s][info][gc,phases      ] GC(38) Phase 4: Move objects 625.442ms
[16.096s][info][gc,heap        ] GC(38) DefNew: 1128191K(1128192K)->30943K(1812480K) Eden: 1002880K(1002880K)->30943K(1611136K) From: 125311K(125312K)->0K(201344K)
[16.096s][info][gc,heap        ] GC(38) Tenured: 2381714K(2506960K)->3384723K(4027776K)
[16.096s][info][gc,metaspace   ] GC(38) Metaspace: 6298K(6464K)->6298K(6464K) NonClass: 5765K(5824K)->5765K(5824K) Class: 533K(640K)->533K(640K)
[16.096s][info][gc             ] GC(38) Pause Full (Allocation Failure) 3427M->3335M(5703M) 3329.926ms
[16.096s][info][gc,cpu         ] GC(38) User=3.28s Sys=0.00s Real=3.33s
[17.593s][info][gc,start       ] GC(39) Pause Young (Allocation Failure)
[17.593s][info][gc             ] GC(39) Pause Young (Allocation Failure) 4878M->4878M(5703M) 0.122ms
[17.593s][info][gc,cpu         ] GC(39) User=0.00s Sys=0.00s Real=0.00s
[17.593s][info][gc,start       ] GC(40) Pause Full (Allocation Failure)
[17.593s][info][gc,phases,start] GC(40) Phase 1: Mark live objects
[19.937s][info][gc,phases      ] GC(40) Phase 1: Mark live objects 2343.288ms
[19.937s][info][gc,phases,start] GC(40) Phase 2: Compute new object addresses
[20.673s][info][gc,phases      ] GC(40) Phase 2: Compute new object addresses 736.022ms
[20.673s][info][gc,phases,start] GC(40) Phase 3: Adjust pointers
[21.731s][info][gc,phases      ] GC(40) Phase 3: Adjust pointers 1058.222ms
[21.731s][info][gc,phases,start] GC(40) Phase 4: Move objects
[22.174s][info][gc,phases      ] GC(40) Phase 4: Move objects 442.870ms
[22.175s][info][gc,heap        ] GC(40) DefNew: 1611136K(1812480K)->968054K(1812480K) Eden: 1611136K(1611136K)->968054K(1611136K) From: 0K(201344K)->0K(201344K)
[22.175s][info][gc,heap        ] GC(40) Tenured: 3384723K(4027776K)->4027775K(4027776K)
[22.175s][info][gc,metaspace   ] GC(40) Metaspace: 6298K(6464K)->6298K(6464K) NonClass: 5765K(5824K)->5765K(5824K) Class: 533K(640K)->533K(640K)
[22.175s][info][gc             ] GC(40) Pause Full (Allocation Failure) 4878M->4878M(5703M) 4581.936ms
[22.175s][info][gc,cpu         ] GC(40) User=4.31s Sys=0.20s Real=4.58s
[23.137s][info][gc,start       ] GC(41) Pause Full (Allocation Failure)
[23.137s][info][gc,phases,start] GC(41) Phase 1: Mark live objects
[25.810s][info][gc,phases      ] GC(41) Phase 1: Mark live objects 2673.018ms
[25.810s][info][gc,phases,start] GC(41) Phase 2: Compute new object addresses
[26.604s][info][gc,phases      ] GC(41) Phase 2: Compute new object addresses 794.106ms
[26.604s][info][gc,phases,start] GC(41) Phase 3: Adjust pointers
[27.770s][info][gc,phases      ] GC(41) Phase 3: Adjust pointers 1165.409ms
[27.770s][info][gc,phases,start] GC(41) Phase 4: Move objects
[27.897s][info][gc,phases      ] GC(41) Phase 4: Move objects 127.307ms
[27.899s][info][gc,heap        ] GC(41) DefNew: 1727479K(1812480K)->1727467K(1812480K) Eden: 1611136K(1611136K)->1611135K(1611136K) From: 116343K(201344K)->116331K(201344K)
[27.899s][info][gc,heap        ] GC(41) Tenured: 4027775K(4027776K)->4027775K(4027776K)
[27.899s][info][gc,metaspace   ] GC(41) Metaspace: 6298K(6464K)->6298K(6464K) NonClass: 5765K(5824K)->5765K(5824K) Class: 533K(640K)->533K(640K)
[27.899s][info][gc             ] GC(41) Pause Full (Allocation Failure) 5620M->5620M(5703M) 4761.562ms
[27.899s][info][gc,cpu         ] GC(41) User=4.69s Sys=0.00s Real=4.76s
[27.899s][info][gc,start       ] GC(42) Pause Full (Allocation Failure)
[27.899s][info][gc,phases,start] GC(42) Phase 1: Mark live objects
[30.606s][info][gc,phases      ] GC(42) Phase 1: Mark live objects 2707.171ms
[30.606s][info][gc,phases,start] GC(42) Phase 2: Compute new object addresses
[31.414s][info][gc,phases      ] GC(42) Phase 2: Compute new object addresses 808.022ms
[31.414s][info][gc,phases,start] GC(42) Phase 3: Adjust pointers
[32.778s][info][gc,phases      ] GC(42) Phase 3: Adjust pointers 1363.647ms
[32.778s][info][gc,phases,start] GC(42) Phase 4: Move objects
[33.711s][info][gc,phases      ] GC(42) Phase 4: Move objects 932.782ms
[33.712s][info][gc,heap        ] GC(42) DefNew: 1727467K(1812480K)->1727462K(1812480K) Eden: 1611135K(1611136K)->1611135K(1611136K) From: 116331K(201344K)->116326K(201344K)
[33.712s][info][gc,heap        ] GC(42) Tenured: 4027775K(4027776K)->4027775K(4027776K)
[33.712s][info][gc,metaspace   ] GC(42) Metaspace: 6298K(6464K)->6297K(6464K) NonClass: 5765K(5824K)->5764K(5824K) Class: 533K(640K)->532K(640K)
[33.712s][info][gc             ] GC(42) Pause Full (Allocation Failure) 5620M->5620M(5703M) 5813.115ms
[33.712s][info][gc,cpu         ] GC(42) User=5.72s Sys=0.00s Real=5.81s
[33.713s][info][gc,heap,exit   ] Heap
[33.713s][info][gc,heap,exit   ]  def new generation   total 1812480K, used 1727465K [0x000000068f400000, 0x000000070a2a0000, 0x000000070a2a0000)
[33.713s][info][gc,heap,exit   ]   eden space 1611136K, 100% used [0x000000068f400000, 0x00000006f1960000, 0x00000006f1960000)
[33.713s][info][gc,heap,exit   ]   from space 201344K,  57% used [0x00000006f1960000, 0x00000006f8afa4a8, 0x00000006fde00000)
[33.713s][info][gc,heap,exit   ]   to   space 201344K,   0% used [0x00000006fde00000, 0x00000006fde00000, 0x000000070a2a0000)
[33.713s][info][gc,heap,exit   ]  tenured generation   total 4027776K, used 4027775K [0x000000070a2a0000, 0x0000000800000000, 0x0000000800000000)
[33.714s][info][gc,heap,exit   ]    the space 4027776K,  99% used [0x000000070a2a0000, 0x00000007ffffffc0, 0x0000000800000000, 0x0000000800000000)
[33.714s][info][gc,heap,exit   ]  Metaspace       used 6302K, committed 6464K, reserved 1114112K
[33.714s][info][gc,heap,exit   ]   class space    used 534K, committed 640K, reserved 1048576K
