[0.011s][info][gc,init] CardTable entry size: 512
[0.011s][info][gc     ] Using Serial
[0.011s][info][gc,init] Version: 18.0.1+10 (release)
[0.011s][info][gc,init] CPUs: 8 total, 8 available
[0.011s][info][gc,init] Memory: 16063M
[0.011s][info][gc,init] Large Page Support: Disabled
[0.011s][info][gc,init] NUMA Support: Disabled
[0.011s][info][gc,init] Compressed Oops: Enabled (Zero based)
[0.011s][info][gc,init] Heap Min Capacity: 2M
[0.011s][info][gc,init] Heap Initial Capacity: 2M
[0.011s][info][gc,init] Heap Max Capacity: 5700M
[0.011s][info][gc,init] Pre-touch: Disabled
[0.012s][info][gc,metaspace] CDS archive(s) not mapped
[0.012s][info][gc,metaspace] Compressed class space mapped at: 0x0000000800000000-0x0000000840000000, reserved size: 1073741824
[0.012s][info][gc,metaspace] Narrow klass base: 0x0000000800000000, Narrow klass shift: 0, Narrow klass range: 0x40000000
[0.163s][info][gc,start    ] GC(0) Pause Young (Allocation Failure)
[0.165s][info][gc,heap     ] GC(0) DefNew: 1023K(1152K)->127K(1152K) Eden: 1023K(1024K)->0K(1024K) From: 0K(128K)->127K(128K)
[0.165s][info][gc,heap     ] GC(0) Tenured: 0K(768K)->439K(768K)
[0.165s][info][gc,metaspace] GC(0) Metaspace: 5898K(6016K)->5898K(6016K) NonClass: 5399K(5504K)->5399K(5504K) Class: 499K(512K)->499K(512K)
[0.165s][info][gc          ] GC(0) Pause Young (Allocation Failure) 0M->0M(1M) 1.785ms
[0.165s][info][gc,cpu      ] GC(0) User=0.02s Sys=0.00s Real=0.00s
[0.182s][info][gc,start    ] GC(1) Pause Young (Allocation Failure)
[0.183s][info][gc          ] GC(1) Pause Young (Allocation Failure) 1M->0M(2M) 1.146ms
[0.184s][info][gc,cpu      ] GC(1) User=0.00s Sys=0.00s Real=0.00s
[0.184s][info][gc,start    ] GC(2) Pause Full (Allocation Failure)
[0.184s][info][gc,phases,start] GC(2) Phase 1: Mark live objects
[0.184s][info][gc,phases      ] GC(2) Phase 1: Mark live objects 0.869ms
[0.185s][info][gc,phases,start] GC(2) Phase 2: Compute new object addresses
[0.185s][info][gc,phases      ] GC(2) Phase 2: Compute new object addresses 0.210ms
[0.185s][info][gc,phases,start] GC(2) Phase 3: Adjust pointers
[0.185s][info][gc,phases      ] GC(2) Phase 3: Adjust pointers 0.452ms
[0.185s][info][gc,phases,start] GC(2) Phase 4: Move objects
[0.185s][info][gc,phases      ] GC(2) Phase 4: Move objects 0.066ms
[0.185s][info][gc,heap        ] GC(2) DefNew: 1151K(1152K)->40K(1152K) Eden: 1024K(1024K)->40K(1024K) From: 127K(128K)->0K(128K)
[0.185s][info][gc,heap        ] GC(2) Tenured: 439K(768K)->959K(1600K)
[0.185s][info][gc,metaspace   ] GC(2) Metaspace: 6296K(6464K)->6296K(6464K) NonClass: 5763K(5824K)->5763K(5824K) Class: 533K(640K)->533K(640K)
[0.186s][info][gc             ] GC(2) Pause Full (Allocation Failure) 0M->0M(2M) 1.939ms
[0.186s][info][gc,cpu         ] GC(2) User=0.00s Sys=0.00s Real=0.00s
[0.187s][info][gc,start       ] GC(3) Pause Young (Allocation Failure)
[0.188s][info][gc,heap        ] GC(3) DefNew: 1024K(1152K)->128K(1152K) Eden: 1024K(1024K)->0K(1024K) From: 0K(128K)->128K(128K)
[0.188s][info][gc,heap        ] GC(3) Tenured: 959K(1600K)->1375K(1600K)
[0.188s][info][gc,metaspace   ] GC(3) Metaspace: 6296K(6464K)->6296K(6464K) NonClass: 5763K(5824K)->5763K(5824K) Class: 533K(640K)->533K(640K)
[0.188s][info][gc             ] GC(3) Pause Young (Allocation Failure) 1M->1M(2M) 1.243ms
[0.188s][info][gc,cpu         ] GC(3) User=0.00s Sys=0.00s Real=0.00s
[0.189s][info][gc,start       ] GC(4) Pause Young (Allocation Failure)
[0.191s][info][gc             ] GC(4) Pause Young (Allocation Failure) 2M->1M(3M) 1.196ms
[0.191s][info][gc,cpu         ] GC(4) User=0.00s Sys=0.00s Real=0.00s
[0.191s][info][gc,start       ] GC(5) Pause Full (Allocation Failure)
[0.191s][info][gc,phases,start] GC(5) Phase 1: Mark live objects
[0.192s][info][gc,phases      ] GC(5) Phase 1: Mark live objects 1.425ms
[0.192s][info][gc,phases,start] GC(5) Phase 2: Compute new object addresses
[0.192s][info][gc,phases      ] GC(5) Phase 2: Compute new object addresses 0.349ms
[0.193s][info][gc,phases,start] GC(5) Phase 3: Adjust pointers
[0.193s][info][gc,phases      ] GC(5) Phase 3: Adjust pointers 0.611ms
[0.193s][info][gc,phases,start] GC(5) Phase 4: Move objects
[0.193s][info][gc,phases      ] GC(5) Phase 4: Move objects 0.070ms
[0.193s][info][gc,heap        ] GC(5) DefNew: 1152K(1152K)->35K(1536K) Eden: 1024K(1024K)->35K(1408K) From: 128K(128K)->0K(128K)
[0.193s][info][gc,heap        ] GC(5) Tenured: 1375K(1600K)->1983K(3308K)
[0.193s][info][gc,metaspace   ] GC(5) Metaspace: 6296K(6464K)->6296K(6464K) NonClass: 5763K(5824K)->5763K(5824K) Class: 533K(640K)->533K(640K)
[0.193s][info][gc             ] GC(5) Pause Full (Allocation Failure) 1M->1M(4M) 2.774ms
[0.193s][info][gc,cpu         ] GC(5) User=0.00s Sys=0.00s Real=0.00s
[0.195s][info][gc,start       ] GC(6) Pause Young (Allocation Failure)
[0.197s][info][gc,heap        ] GC(6) DefNew: 1408K(1536K)->127K(1536K) Eden: 1408K(1408K)->0K(1408K) From: 0K(128K)->127K(128K)
[0.197s][info][gc,heap        ] GC(6) Tenured: 1983K(3308K)->2617K(3308K)
[0.197s][info][gc,metaspace   ] GC(6) Metaspace: 6296K(6464K)->6296K(6464K) NonClass: 5763K(5824K)->5763K(5824K) Class: 533K(640K)->533K(640K)
[0.197s][info][gc             ] GC(6) Pause Young (Allocation Failure) 3M->2M(4M) 1.676ms
[0.197s][info][gc,cpu         ] GC(6) User=0.00s Sys=0.00s Real=0.00s
[0.198s][info][gc,start       ] GC(7) Pause Young (Allocation Failure)
[0.200s][info][gc             ] GC(7) Pause Young (Allocation Failure) 4M->3M(4M) 1.462ms
[0.200s][info][gc,cpu         ] GC(7) User=0.00s Sys=0.00s Real=0.00s
[0.200s][info][gc,start       ] GC(8) Pause Full (Allocation Failure)
[0.200s][info][gc,phases,start] GC(8) Phase 1: Mark live objects
[0.202s][info][gc,phases      ] GC(8) Phase 1: Mark live objects 2.123ms
[0.202s][info][gc,phases,start] GC(8) Phase 2: Compute new object addresses
[0.203s][info][gc,phases      ] GC(8) Phase 2: Compute new object addresses 0.581ms
[0.203s][info][gc,phases,start] GC(8) Phase 3: Adjust pointers
[0.203s][info][gc,phases      ] GC(8) Phase 3: Adjust pointers 0.829ms
[0.203s][info][gc,phases,start] GC(8) Phase 4: Move objects
[0.204s][info][gc,phases      ] GC(8) Phase 4: Move objects 0.069ms
[0.204s][info][gc,heap        ] GC(8) DefNew: 1535K(1536K)->0K(2688K) Eden: 1408K(1408K)->0K(2432K) From: 127K(128K)->0K(256K)
[0.204s][info][gc,heap        ] GC(8) Tenured: 2617K(3308K)->3460K(5768K)
[0.204s][info][gc,metaspace   ] GC(8) Metaspace: 6296K(6464K)->6296K(6464K) NonClass: 5763K(5824K)->5763K(5824K) Class: 533K(640K)->533K(640K)
[0.204s][info][gc             ] GC(8) Pause Full (Allocation Failure) 3M->3M(8M) 3.872ms
[0.204s][info][gc,cpu         ] GC(8) User=0.00s Sys=0.00s Real=0.00s
[0.207s][info][gc,start       ] GC(9) Pause Young (Allocation Failure)
[0.209s][info][gc,heap        ] GC(9) DefNew: 2431K(2688K)->256K(2688K) Eden: 2431K(2432K)->0K(2432K) From: 0K(256K)->256K(256K)
[0.209s][info][gc,heap        ] GC(9) Tenured: 3460K(5768K)->4512K(5768K)
[0.209s][info][gc,metaspace   ] GC(9) Metaspace: 6296K(6464K)->6296K(6464K) NonClass: 5763K(5824K)->5763K(5824K) Class: 533K(640K)->533K(640K)
[0.209s][info][gc             ] GC(9) Pause Young (Allocation Failure) 5M->4M(8M) 2.589ms
[0.209s][info][gc,cpu         ] GC(9) User=0.00s Sys=0.00s Real=0.00s
[0.212s][info][gc,start       ] GC(10) Pause Young (Allocation Failure)
[0.215s][info][gc,heap        ] GC(10) DefNew: 2688K(2688K)->256K(2688K) Eden: 2432K(2432K)->0K(2432K) From: 256K(256K)->256K(256K)
[0.215s][info][gc,heap        ] GC(10) Tenured: 4512K(5768K)->5755K(5768K)
[0.215s][info][gc,metaspace   ] GC(10) Metaspace: 6296K(6464K)->6296K(6464K) NonClass: 5763K(5824K)->5763K(5824K) Class: 533K(640K)->533K(640K)
[0.215s][info][gc             ] GC(10) Pause Young (Allocation Failure) 7M->5M(8M) 2.930ms
[0.215s][info][gc,cpu         ] GC(10) User=0.00s Sys=0.00s Real=0.00s
[0.218s][info][gc,start       ] GC(11) Pause Young (Allocation Failure)
[0.221s][info][gc             ] GC(11) Pause Young (Allocation Failure) 8M->7M(9M) 3.375ms
[0.221s][info][gc,cpu         ] GC(11) User=0.00s Sys=0.00s Real=0.00s
[0.221s][info][gc,start       ] GC(12) Pause Full (Allocation Failure)
[0.221s][info][gc,phases,start] GC(12) Phase 1: Mark live objects
[0.225s][info][gc,phases      ] GC(12) Phase 1: Mark live objects 4.123ms
[0.225s][info][gc,phases,start] GC(12) Phase 2: Compute new object addresses
[0.227s][info][gc,phases      ] GC(12) Phase 2: Compute new object addresses 1.352ms
[0.227s][info][gc,phases,start] GC(12) Phase 3: Adjust pointers
[0.229s][info][gc,phases      ] GC(12) Phase 3: Adjust pointers 1.705ms
[0.229s][info][gc,phases,start] GC(12) Phase 4: Move objects
[0.230s][info][gc,phases      ] GC(12) Phase 4: Move objects 1.212ms
[0.230s][info][gc,heap        ] GC(12) DefNew: 2688K(2688K)->0K(5376K) Eden: 2432K(2432K)->0K(4800K) From: 256K(256K)->0K(576K)
[0.230s][info][gc,heap        ] GC(12) Tenured: 5755K(5768K)->7132K(11888K)
[0.230s][info][gc,metaspace   ] GC(12) Metaspace: 6296K(6464K)->6296K(6464K) NonClass: 5763K(5824K)->5763K(5824K) Class: 533K(640K)->533K(640K)
[0.230s][info][gc             ] GC(12) Pause Full (Allocation Failure) 7M->6M(16M) 8.901ms
[0.230s][info][gc,cpu         ] GC(12) User=0.00s Sys=0.00s Real=0.01s
[0.235s][info][gc,start       ] GC(13) Pause Young (Allocation Failure)
[0.241s][info][gc,heap        ] GC(13) DefNew: 4800K(5376K)->575K(5376K) Eden: 4800K(4800K)->0K(4800K) From: 0K(576K)->575K(576K)
[0.241s][info][gc,heap        ] GC(13) Tenured: 7132K(11888K)->9027K(11888K)
[0.241s][info][gc,metaspace   ] GC(13) Metaspace: 6296K(6464K)->6296K(6464K) NonClass: 5763K(5824K)->5763K(5824K) Class: 533K(640K)->533K(640K)
[0.241s][info][gc             ] GC(13) Pause Young (Allocation Failure) 11M->9M(16M) 5.398ms
[0.241s][info][gc,cpu         ] GC(13) User=0.00s Sys=0.00s Real=0.00s
[0.245s][info][gc,start       ] GC(14) Pause Young (Allocation Failure)
[0.251s][info][gc,heap        ] GC(14) DefNew: 5375K(5376K)->576K(5376K) Eden: 4800K(4800K)->0K(4800K) From: 575K(576K)->576K(576K)
[0.251s][info][gc,heap        ] GC(14) Tenured: 9027K(11888K)->11746K(11888K)
[0.251s][info][gc,metaspace   ] GC(14) Metaspace: 6296K(6464K)->6296K(6464K) NonClass: 5763K(5824K)->5763K(5824K) Class: 533K(640K)->533K(640K)
[0.251s][info][gc             ] GC(14) Pause Young (Allocation Failure) 14M->12M(16M) 6.300ms
[0.251s][info][gc,cpu         ] GC(14) User=0.00s Sys=0.00s Real=0.01s
[0.256s][info][gc,start       ] GC(15) Pause Young (Allocation Failure)
[0.261s][info][gc             ] GC(15) Pause Young (Allocation Failure) 16M->14M(19M) 5.097ms
[0.261s][info][gc,cpu         ] GC(15) User=0.02s Sys=0.00s Real=0.01s
[0.261s][info][gc,start       ] GC(16) Pause Full (Allocation Failure)
[0.261s][info][gc,phases,start] GC(16) Phase 1: Mark live objects
[0.269s][info][gc,phases      ] GC(16) Phase 1: Mark live objects 7.558ms
[0.269s][info][gc,phases,start] GC(16) Phase 2: Compute new object addresses
[0.271s][info][gc,phases      ] GC(16) Phase 2: Compute new object addresses 2.263ms
[0.271s][info][gc,phases,start] GC(16) Phase 3: Adjust pointers
[0.274s][info][gc,phases      ] GC(16) Phase 3: Adjust pointers 2.852ms
[0.274s][info][gc,phases,start] GC(16) Phase 4: Move objects
[0.274s][info][gc,phases      ] GC(16) Phase 4: Move objects 0.173ms
[0.274s][info][gc,heap        ] GC(16) DefNew: 5376K(5376K)->386K(10880K) Eden: 4800K(4800K)->386K(9728K) From: 576K(576K)->0K(1152K)
[0.274s][info][gc,heap        ] GC(16) Tenured: 11746K(11888K)->14384K(23976K)
[0.274s][info][gc,metaspace   ] GC(16) Metaspace: 6298K(6464K)->6298K(6464K) NonClass: 5765K(5824K)->5765K(5824K) Class: 533K(640K)->533K(640K)
[0.274s][info][gc             ] GC(16) Pause Full (Allocation Failure) 14M->14M(34M) 13.277ms
[0.274s][info][gc,cpu         ] GC(16) User=0.02s Sys=0.00s Real=0.01s
[0.283s][info][gc,start       ] GC(17) Pause Young (Allocation Failure)
[0.296s][info][gc,heap        ] GC(17) DefNew: 9728K(10880K)->1151K(10880K) Eden: 9728K(9728K)->0K(9728K) From: 0K(1152K)->1151K(1152K)
[0.296s][info][gc,heap        ] GC(17) Tenured: 14384K(23976K)->18415K(23976K)
[0.296s][info][gc,metaspace   ] GC(17) Metaspace: 6298K(6464K)->6298K(6464K) NonClass: 5765K(5824K)->5765K(5824K) Class: 533K(640K)->533K(640K)
[0.296s][info][gc             ] GC(17) Pause Young (Allocation Failure) 23M->19M(34M) 13.214ms
[0.296s][info][gc,cpu         ] GC(17) User=0.00s Sys=0.00s Real=0.01s
[0.304s][info][gc,start       ] GC(18) Pause Young (Allocation Failure)
[0.316s][info][gc,heap        ] GC(18) DefNew: 10879K(10880K)->1151K(10880K) Eden: 9728K(9728K)->0K(9728K) From: 1151K(1152K)->1151K(1152K)
[0.316s][info][gc,heap        ] GC(18) Tenured: 18415K(23976K)->23936K(23976K)
[0.316s][info][gc,metaspace   ] GC(18) Metaspace: 6298K(6464K)->6298K(6464K) NonClass: 5765K(5824K)->5765K(5824K) Class: 533K(640K)->533K(640K)
[0.316s][info][gc             ] GC(18) Pause Young (Allocation Failure) 28M->24M(34M) 11.629ms
[0.316s][info][gc,cpu         ] GC(18) User=0.00s Sys=0.00s Real=0.01s
[0.322s][info][gc,start       ] GC(19) Pause Young (Allocation Failure)
[0.332s][info][gc             ] GC(19) Pause Young (Allocation Failure) 34M->29M(38M) 10.747ms
[0.332s][info][gc,cpu         ] GC(19) User=0.00s Sys=0.00s Real=0.01s
[0.332s][info][gc,start       ] GC(20) Pause Full (Allocation Failure)
[0.332s][info][gc,phases,start] GC(20) Phase 1: Mark live objects
[0.346s][info][gc,phases      ] GC(20) Phase 1: Mark live objects 13.825ms
[0.346s][info][gc,phases,start] GC(20) Phase 2: Compute new object addresses
[0.351s][info][gc,phases      ] GC(20) Phase 2: Compute new object addresses 4.557ms
[0.351s][info][gc,phases,start] GC(20) Phase 3: Adjust pointers
[0.356s][info][gc,phases      ] GC(20) Phase 3: Adjust pointers 5.390ms
[0.356s][info][gc,phases,start] GC(20) Phase 4: Move objects
[0.357s][info][gc,phases      ] GC(20) Phase 4: Move objects 0.171ms
[0.357s][info][gc,heap        ] GC(20) DefNew: 10879K(10880K)->1080K(21888K) Eden: 9728K(9728K)->1080K(19520K) From: 1151K(1152K)->0K(2368K)
[0.357s][info][gc,heap        ] GC(20) Tenured: 23936K(23976K)->29036K(48396K)
[0.357s][info][gc,metaspace   ] GC(20) Metaspace: 6298K(6464K)->6298K(6464K) NonClass: 5765K(5824K)->5765K(5824K) Class: 533K(640K)->533K(640K)
[0.357s][info][gc             ] GC(20) Pause Full (Allocation Failure) 29M->29M(68M) 24.335ms
[0.357s][info][gc,cpu         ] GC(20) User=0.03s Sys=0.00s Real=0.02s
[0.373s][info][gc,start       ] GC(21) Pause Young (Allocation Failure)
[0.401s][info][gc,heap        ] GC(21) DefNew: 19520K(21888K)->2368K(21888K) Eden: 19520K(19520K)->0K(19520K) From: 0K(2368K)->2368K(2368K)
[0.401s][info][gc,heap        ] GC(21) Tenured: 29036K(48396K)->39354K(48396K)
[0.401s][info][gc,metaspace   ] GC(21) Metaspace: 6298K(6464K)->6298K(6464K) NonClass: 5765K(5824K)->5765K(5824K) Class: 533K(640K)->533K(640K)
[0.401s][info][gc             ] GC(21) Pause Young (Allocation Failure) 47M->40M(68M) 28.286ms
[0.401s][info][gc,cpu         ] GC(21) User=0.02s Sys=0.00s Real=0.03s
[0.419s][info][gc,start       ] GC(22) Pause Young (Allocation Failure)
[0.454s][info][gc             ] GC(22) Pause Young (Allocation Failure) 59M->59M(78M) 35.205ms
[0.454s][info][gc,cpu         ] GC(22) User=0.03s Sys=0.00s Real=0.03s
[0.454s][info][gc,start       ] GC(23) Pause Full (Allocation Failure)
[0.454s][info][gc,phases,start] GC(23) Phase 1: Mark live objects
[0.479s][info][gc,phases      ] GC(23) Phase 1: Mark live objects 24.636ms
[0.479s][info][gc,phases,start] GC(23) Phase 2: Compute new object addresses
[0.489s][info][gc,phases      ] GC(23) Phase 2: Compute new object addresses 9.583ms
[0.489s][info][gc,phases,start] GC(23) Phase 3: Adjust pointers
[0.500s][info][gc,phases      ] GC(23) Phase 3: Adjust pointers 10.911ms
[0.500s][info][gc,phases,start] GC(23) Phase 4: Move objects
[0.500s][info][gc,phases      ] GC(23) Phase 4: Move objects 0.354ms
[0.500s][info][gc,heap        ] GC(23) DefNew: 21888K(21888K)->2255K(44288K) Eden: 19520K(19520K)->2255K(39424K) From: 2368K(2368K)->0K(4864K)
[0.500s][info][gc,heap        ] GC(23) Tenured: 39354K(48396K)->58956K(98260K)
[0.500s][info][gc,metaspace   ] GC(23) Metaspace: 6298K(6464K)->6298K(6464K) NonClass: 5765K(5824K)->5765K(5824K) Class: 533K(640K)->533K(640K)
[0.501s][info][gc             ] GC(23) Pause Full (Allocation Failure) 59M->59M(139M) 46.122ms
[0.501s][info][gc,cpu         ] GC(23) User=0.05s Sys=0.00s Real=0.05s
[0.542s][info][gc,start       ] GC(24) Pause Young (Allocation Failure)
[0.604s][info][gc,heap        ] GC(24) DefNew: 39424K(44288K)->4863K(44288K) Eden: 39424K(39424K)->0K(39424K) From: 0K(4864K)->4863K(4864K)
[0.604s][info][gc,heap        ] GC(24) Tenured: 58956K(98260K)->93487K(98260K)
[0.604s][info][gc,metaspace   ] GC(24) Metaspace: 6298K(6464K)->6298K(6464K) NonClass: 5765K(5824K)->5765K(5824K) Class: 533K(640K)->533K(640K)
[0.604s][info][gc             ] GC(24) Pause Young (Allocation Failure) 96M->96M(139M) 62.444ms
[0.604s][info][gc,cpu         ] GC(24) User=0.03s Sys=0.02s Real=0.06s
[0.635s][info][gc,start       ] GC(25) Pause Young (Allocation Failure)
[0.712s][info][gc             ] GC(25) Pause Young (Allocation Failure) 134M->134M(173M) 76.988ms
[0.712s][info][gc,cpu         ] GC(25) User=0.03s Sys=0.03s Real=0.08s
[0.712s][info][gc,start       ] GC(26) Pause Full (Allocation Failure)
[0.712s][info][gc,phases,start] GC(26) Phase 1: Mark live objects
[0.770s][info][gc,phases      ] GC(26) Phase 1: Mark live objects 58.493ms
[0.771s][info][gc,phases,start] GC(26) Phase 2: Compute new object addresses
[0.793s][info][gc,phases      ] GC(26) Phase 2: Compute new object addresses 22.063ms
[0.793s][info][gc,phases,start] GC(26) Phase 3: Adjust pointers
[0.820s][info][gc,phases      ] GC(26) Phase 3: Adjust pointers 27.160ms
[0.820s][info][gc,phases,start] GC(26) Phase 4: Move objects
[0.846s][info][gc,phases      ] GC(26) Phase 4: Move objects 25.618ms
[0.846s][info][gc,heap        ] GC(26) DefNew: 44287K(44288K)->1014K(99712K) Eden: 39424K(39424K)->1014K(88640K) From: 4863K(4864K)->0K(11072K)
[0.846s][info][gc,heap        ] GC(26) Tenured: 93487K(98260K)->132887K(221480K)
[0.846s][info][gc,metaspace   ] GC(26) Metaspace: 6298K(6464K)->6298K(6464K) NonClass: 5765K(5824K)->5765K(5824K) Class: 533K(640K)->533K(640K)
[0.846s][info][gc             ] GC(26) Pause Full (Allocation Failure) 134M->130M(313M) 134.227ms
[0.846s][info][gc,cpu         ] GC(26) User=0.11s Sys=0.00s Real=0.13s
[0.939s][info][gc,start       ] GC(27) Pause Young (Allocation Failure)
[1.090s][info][gc,heap        ] GC(27) DefNew: 88640K(99712K)->11072K(99712K) Eden: 88640K(88640K)->0K(88640K) From: 0K(11072K)->11072K(11072K)
[1.090s][info][gc,heap        ] GC(27) Tenured: 132887K(221480K)->210424K(221480K)
[1.090s][info][gc,metaspace   ] GC(27) Metaspace: 6298K(6464K)->6298K(6464K) NonClass: 5765K(5824K)->5765K(5824K) Class: 533K(640K)->533K(640K)
[1.090s][info][gc             ] GC(27) Pause Young (Allocation Failure) 216M->216M(313M) 150.674ms
[1.090s][info][gc,cpu         ] GC(27) User=0.11s Sys=0.03s Real=0.15s
[1.170s][info][gc,start       ] GC(28) Pause Young (Allocation Failure)
[1.340s][info][gc             ] GC(28) Pause Young (Allocation Failure) 302M->302M(389M) 170.373ms
[1.340s][info][gc,cpu         ] GC(28) User=0.16s Sys=0.00s Real=0.17s
[1.340s][info][gc,start       ] GC(29) Pause Full (Allocation Failure)
[1.340s][info][gc,phases,start] GC(29) Phase 1: Mark live objects
[1.482s][info][gc,phases      ] GC(29) Phase 1: Mark live objects 141.545ms
[1.482s][info][gc,phases,start] GC(29) Phase 2: Compute new object addresses
[1.535s][info][gc,phases      ] GC(29) Phase 2: Compute new object addresses 53.066ms
[1.535s][info][gc,phases,start] GC(29) Phase 3: Adjust pointers
[1.594s][info][gc,phases      ] GC(29) Phase 3: Adjust pointers 58.332ms
[1.594s][info][gc,phases,start] GC(29) Phase 4: Move objects
[1.596s][info][gc,phases      ] GC(29) Phase 4: Move objects 2.297ms
[1.597s][info][gc,heap        ] GC(29) DefNew: 99712K(99712K)->10926K(224448K) Eden: 88640K(88640K)->10926K(199552K) From: 11072K(11072K)->0K(24896K)
[1.597s][info][gc,heap        ] GC(29) Tenured: 210424K(221480K)->299179K(498636K)
[1.597s][info][gc,metaspace   ] GC(29) Metaspace: 6298K(6464K)->6298K(6464K) NonClass: 5765K(5824K)->5765K(5824K) Class: 533K(640K)->533K(640K)
[1.597s][info][gc             ] GC(29) Pause Full (Allocation Failure) 302M->302M(706M) 256.542ms
[1.597s][info][gc,cpu         ] GC(29) User=0.20s Sys=0.00s Real=0.26s
[1.809s][info][gc,start       ] GC(30) Pause Young (Allocation Failure)
[2.191s][info][gc,heap        ] GC(30) DefNew: 199552K(224448K)->24895K(224448K) Eden: 199552K(199552K)->0K(199552K) From: 0K(24896K)->24895K(24896K)
[2.191s][info][gc,heap        ] GC(30) Tenured: 299179K(498636K)->473807K(498636K)
[2.191s][info][gc,metaspace   ] GC(30) Metaspace: 6298K(6464K)->6298K(6464K) NonClass: 5765K(5824K)->5765K(5824K) Class: 533K(640K)->533K(640K)
[2.191s][info][gc             ] GC(30) Pause Young (Allocation Failure) 487M->487M(706M) 382.351ms
[2.191s][info][gc,cpu         ] GC(30) User=0.33s Sys=0.03s Real=0.38s
[2.375s][info][gc,start       ] GC(31) Pause Young (Allocation Failure)
[2.760s][info][gc             ] GC(31) Pause Young (Allocation Failure) 681M->681M(876M) 385.047ms
[2.760s][info][gc,cpu         ] GC(31) User=0.30s Sys=0.05s Real=0.38s
[2.760s][info][gc,start       ] GC(32) Pause Full (Allocation Failure)
[2.760s][info][gc,phases,start] GC(32) Phase 1: Mark live objects
[3.092s][info][gc,phases      ] GC(32) Phase 1: Mark live objects 331.897ms
[3.092s][info][gc,phases,start] GC(32) Phase 2: Compute new object addresses
[3.197s][info][gc,phases      ] GC(32) Phase 2: Compute new object addresses 105.545ms
[3.197s][info][gc,phases,start] GC(32) Phase 3: Adjust pointers
[3.312s][info][gc,phases      ] GC(32) Phase 3: Adjust pointers 114.985ms
[3.312s][info][gc,phases,start] GC(32) Phase 4: Move objects
[3.318s][info][gc,phases      ] GC(32) Phase 4: Move objects 5.094ms
[3.319s][info][gc,heap        ] GC(32) DefNew: 224447K(224448K)->24863K(505088K) Eden: 199552K(199552K)->24863K(449024K) From: 24895K(24896K)->0K(56064K)
[3.320s][info][gc,heap        ] GC(32) Tenured: 473807K(498636K)->673355K(1122260K)
[3.320s][info][gc,metaspace   ] GC(32) Metaspace: 6298K(6464K)->6298K(6464K) NonClass: 5765K(5824K)->5765K(5824K) Class: 533K(640K)->533K(640K)
[3.320s][info][gc             ] GC(32) Pause Full (Allocation Failure) 681M->681M(1589M) 559.772ms
[3.320s][info][gc,cpu         ] GC(32) User=0.50s Sys=0.02s Real=0.56s
[3.790s][info][gc,start       ] GC(33) Pause Young (Allocation Failure)
[4.574s][info][gc,heap        ] GC(33) DefNew: 449024K(505088K)->56064K(505088K) Eden: 449024K(449024K)->0K(449024K) From: 0K(56064K)->56064K(56064K)
[4.574s][info][gc,heap        ] GC(33) Tenured: 673355K(1122260K)->1066284K(1122260K)
[4.574s][info][gc,metaspace   ] GC(33) Metaspace: 6298K(6464K)->6298K(6464K) NonClass: 5765K(5824K)->5765K(5824K) Class: 533K(640K)->533K(640K)
[4.574s][info][gc             ] GC(33) Pause Young (Allocation Failure) 1096M->1096M(1589M) 784.832ms
[4.574s][info][gc,cpu         ] GC(33) User=0.69s Sys=0.08s Real=0.78s
[5.042s][info][gc,start       ] GC(34) Pause Young (Allocation Failure)
[5.744s][info][gc             ] GC(34) Pause Young (Allocation Failure) 1534M->1484M(1923M) 702.552ms
[5.744s][info][gc,cpu         ] GC(34) User=0.58s Sys=0.11s Real=0.70s
[5.744s][info][gc,start       ] GC(35) Pause Full (Allocation Failure)
[5.744s][info][gc,phases,start] GC(35) Phase 1: Mark live objects
[6.395s][info][gc,phases      ] GC(35) Phase 1: Mark live objects 650.846ms
[6.395s][info][gc,phases,start] GC(35) Phase 2: Compute new object addresses
[6.614s][info][gc,phases      ] GC(35) Phase 2: Compute new object addresses 218.377ms
[6.614s][info][gc,phases,start] GC(35) Phase 3: Adjust pointers
[6.871s][info][gc,phases      ] GC(35) Phase 3: Adjust pointers 257.385ms
[6.871s][info][gc,phases,start] GC(35) Phase 4: Move objects
[6.882s][info][gc,phases      ] GC(35) Phase 4: Move objects 11.280ms
[6.886s][info][gc,heap        ] GC(35) DefNew: 505088K(505088K)->55991K(1098304K) Eden: 449024K(449024K)->55991K(976320K) From: 56064K(56064K)->0K(121984K)
[6.886s][info][gc,heap        ] GC(35) Tenured: 1066284K(1122260K)->1464279K(2440468K)
[6.886s][info][gc,metaspace   ] GC(35) Metaspace: 6298K(6464K)->6298K(6464K) NonClass: 5765K(5824K)->5765K(5824K) Class: 533K(640K)->533K(640K)
[6.886s][info][gc             ] GC(35) Pause Full (Allocation Failure) 1484M->1484M(3455M) 1142.165ms
[6.886s][info][gc,cpu         ] GC(35) User=1.12s Sys=0.02s Real=1.14s
[7.822s][info][gc,start       ] GC(36) Pause Young (Allocation Failure)
[9.511s][info][gc,heap        ] GC(36) DefNew: 976320K(1098304K)->121984K(1098304K) Eden: 976320K(976320K)->0K(976320K) From: 0K(121984K)->121984K(121984K)
[9.511s][info][gc,heap        ] GC(36) Tenured: 1464279K(2440468K)->2318585K(2440468K)
[9.511s][info][gc,metaspace   ] GC(36) Metaspace: 6298K(6464K)->6298K(6464K) NonClass: 5765K(5824K)->5765K(5824K) Class: 533K(640K)->533K(640K)
[9.511s][info][gc             ] GC(36) Pause Young (Allocation Failure) 2383M->2383M(3455M) 1689.284ms
[9.511s][info][gc,cpu         ] GC(36) User=1.36s Sys=0.28s Real=1.69s
[10.522s][info][gc,start       ] GC(37) Pause Young (Allocation Failure)
[12.214s][info][gc             ] GC(37) Pause Young (Allocation Failure) 3336M->3336M(4290M) 1692.625ms
[12.214s][info][gc,cpu         ] GC(37) User=1.48s Sys=0.16s Real=1.69s
[12.214s][info][gc,start       ] GC(38) Pause Full (Allocation Failure)
[12.214s][info][gc,phases,start] GC(38) Phase 1: Mark live objects
[13.675s][info][gc,phases      ] GC(38) Phase 1: Mark live objects 1460.637ms
[13.675s][info][gc,phases,start] GC(38) Phase 2: Compute new object addresses
[14.148s][info][gc,phases      ] GC(38) Phase 2: Compute new object addresses 472.959ms
[14.148s][info][gc,phases,start] GC(38) Phase 3: Adjust pointers
[14.800s][info][gc,phases      ] GC(38) Phase 3: Adjust pointers 651.582ms
[14.800s][info][gc,phases,start] GC(38) Phase 4: Move objects
[15.407s][info][gc,phases      ] GC(38) Phase 4: Move objects 607.307ms
[15.411s][info][gc,heap        ] GC(38) DefNew: 1098304K(1098304K)->27651K(1751040K) Eden: 976320K(976320K)->27651K(1556480K) From: 121984K(121984K)->0K(194560K)
[15.411s][info][gc,heap        ] GC(38) Tenured: 2318585K(2440468K)->3294999K(3891200K)
[15.411s][info][gc,metaspace   ] GC(38) Metaspace: 6298K(6464K)->6298K(6464K) NonClass: 5765K(5824K)->5765K(5824K) Class: 533K(640K)->533K(640K)
[15.411s][info][gc             ] GC(38) Pause Full (Allocation Failure) 3336M->3244M(5510M) 3196.642ms
[15.411s][info][gc,cpu         ] GC(38) User=3.11s Sys=0.00s Real=3.20s
[16.841s][info][gc,start       ] GC(39) Pause Young (Allocation Failure)
[16.841s][info][gc             ] GC(39) Pause Young (Allocation Failure) 4737M->4737M(5510M) 0.153ms
[16.841s][info][gc,cpu         ] GC(39) User=0.00s Sys=0.00s Real=0.00s
[16.841s][info][gc,start       ] GC(40) Pause Full (Allocation Failure)
[16.841s][info][gc,phases,start] GC(40) Phase 1: Mark live objects
[19.002s][info][gc,phases      ] GC(40) Phase 1: Mark live objects 2160.706ms
[19.002s][info][gc,phases,start] GC(40) Phase 2: Compute new object addresses
[19.663s][info][gc,phases      ] GC(40) Phase 2: Compute new object addresses 661.144ms
[19.663s][info][gc,phases,start] GC(40) Phase 3: Adjust pointers
[20.663s][info][gc,phases      ] GC(40) Phase 3: Adjust pointers 999.271ms
[20.663s][info][gc,phases,start] GC(40) Phase 4: Move objects
[21.079s][info][gc,phases      ] GC(40) Phase 4: Move objects 416.196ms
[21.080s][info][gc,heap        ] GC(40) DefNew: 1556480K(1751040K)->960245K(1751040K) Eden: 1556480K(1556480K)->960245K(1556480K) From: 0K(194560K)->0K(194560K)
[21.080s][info][gc,heap        ] GC(40) Tenured: 3294999K(3891200K)->3891199K(3891200K)
[21.080s][info][gc,metaspace   ] GC(40) Metaspace: 6298K(6464K)->6298K(6464K) NonClass: 5765K(5824K)->5765K(5824K) Class: 533K(640K)->533K(640K)
[21.080s][info][gc             ] GC(40) Pause Full (Allocation Failure) 4737M->4737M(5510M) 4238.730ms
[21.080s][info][gc,cpu         ] GC(40) User=4.05s Sys=0.09s Real=4.24s
[22.201s][info][gc,start       ] GC(41) Pause Full (Allocation Failure)
[22.201s][info][gc,phases,start] GC(41) Phase 1: Mark live objects
[24.743s][info][gc,phases      ] GC(41) Phase 1: Mark live objects 2541.350ms
[24.743s][info][gc,phases,start] GC(41) Phase 2: Compute new object addresses
[25.510s][info][gc,phases      ] GC(41) Phase 2: Compute new object addresses 767.016ms
[25.510s][info][gc,phases,start] GC(41) Phase 3: Adjust pointers
[26.638s][info][gc,phases      ] GC(41) Phase 3: Adjust pointers 1127.837ms
[26.638s][info][gc,phases,start] GC(41) Phase 4: Move objects
[26.756s][info][gc,phases      ] GC(41) Phase 4: Move objects 117.970ms
[26.757s][info][gc,heap        ] GC(41) DefNew: 1751039K(1751040K)->1751028K(1751040K) Eden: 1556480K(1556480K)->1556479K(1556480K) From: 194559K(194560K)->194548K(194560K)
[26.757s][info][gc,heap        ] GC(41) Tenured: 3891199K(3891200K)->3891199K(3891200K)
[26.757s][info][gc,metaspace   ] GC(41) Metaspace: 6298K(6464K)->6298K(6464K) NonClass: 5765K(5824K)->5765K(5824K) Class: 533K(640K)->533K(640K)
[26.757s][info][gc             ] GC(41) Pause Full (Allocation Failure) 5509M->5509M(5510M) 4555.738ms
[26.757s][info][gc,cpu         ] GC(41) User=4.52s Sys=0.00s Real=4.56s
[26.757s][info][gc,start       ] GC(42) Pause Full (Allocation Failure)
[26.757s][info][gc,phases,start] GC(42) Phase 1: Mark live objects
[29.273s][info][gc,phases      ] GC(42) Phase 1: Mark live objects 2516.016ms
[29.273s][info][gc,phases,start] GC(42) Phase 2: Compute new object addresses
[30.035s][info][gc,phases      ] GC(42) Phase 2: Compute new object addresses 761.776ms
[30.035s][info][gc,phases,start] GC(42) Phase 3: Adjust pointers
[31.093s][info][gc,phases      ] GC(42) Phase 3: Adjust pointers 1057.768ms
[31.093s][info][gc,phases,start] GC(42) Phase 4: Move objects
[31.093s][info][gc,phases      ] GC(42) Phase 4: Move objects 0.015ms
[31.094s][info][gc,heap        ] GC(42) DefNew: 1751039K(1751040K)->1751039K(1751040K) Eden: 1556480K(1556480K)->1556480K(1556480K) From: 194559K(194560K)->194559K(194560K)
[31.094s][info][gc,heap        ] GC(42) Tenured: 3891199K(3891200K)->3891199K(3891200K)
[31.094s][info][gc,metaspace   ] GC(42) Metaspace: 6298K(6464K)->6298K(6464K) NonClass: 5765K(5824K)->5765K(5824K) Class: 533K(640K)->533K(640K)
[31.094s][info][gc             ] GC(42) Pause Full (Allocation Failure) 5509M->5509M(5510M) 4336.696ms
[31.094s][info][gc,cpu         ] GC(42) User=4.33s Sys=0.00s Real=4.34s
[31.094s][info][gc,start       ] GC(43) Pause Full (Allocation Failure)
[31.094s][info][gc,phases,start] GC(43) Phase 1: Mark live objects
[33.609s][info][gc,phases      ] GC(43) Phase 1: Mark live objects 2514.668ms
[33.609s][info][gc,phases,start] GC(43) Phase 2: Compute new object addresses
[34.371s][info][gc,phases      ] GC(43) Phase 2: Compute new object addresses 762.386ms
[34.371s][info][gc,phases,start] GC(43) Phase 3: Adjust pointers
[35.669s][info][gc,phases      ] GC(43) Phase 3: Adjust pointers 1297.626ms
[35.669s][info][gc,phases,start] GC(43) Phase 4: Move objects
[36.577s][info][gc,phases      ] GC(43) Phase 4: Move objects 907.996ms
[36.578s][info][gc,heap        ] GC(43) DefNew: 1751039K(1751040K)->1751035K(1751040K) Eden: 1556480K(1556480K)->1556480K(1556480K) From: 194559K(194560K)->194555K(194560K)
[36.578s][info][gc,heap        ] GC(43) Tenured: 3891199K(3891200K)->3891199K(3891200K)
[36.578s][info][gc,metaspace   ] GC(43) Metaspace: 6298K(6464K)->6296K(6464K) NonClass: 5765K(5824K)->5763K(5824K) Class: 533K(640K)->532K(640K)
[36.578s][info][gc             ] GC(43) Pause Full (Allocation Failure) 5509M->5509M(5510M) 5484.162ms
[36.578s][info][gc,cpu         ] GC(43) User=5.48s Sys=0.00s Real=5.48s
[36.579s][info][gc,start       ] GC(44) Pause Full (Allocation Failure)
[36.579s][info][gc,phases,start] GC(44) Phase 1: Mark live objects
[39.143s][info][gc,phases      ] GC(44) Phase 1: Mark live objects 2564.435ms
[39.143s][info][gc,phases,start] GC(44) Phase 2: Compute new object addresses
[39.910s][info][gc,phases      ] GC(44) Phase 2: Compute new object addresses 767.280ms
[39.911s][info][gc,phases,start] GC(44) Phase 3: Adjust pointers
[40.982s][info][gc,phases      ] GC(44) Phase 3: Adjust pointers 1070.954ms
[40.982s][info][gc,phases,start] GC(44) Phase 4: Move objects
[40.982s][info][gc,phases      ] GC(44) Phase 4: Move objects 0.024ms
[40.982s][info][gc,heap        ] GC(44) DefNew: 1751039K(1751040K)->1751039K(1751040K) Eden: 1556480K(1556480K)->1556480K(1556480K) From: 194559K(194560K)->194559K(194560K)
[40.982s][info][gc,heap        ] GC(44) Tenured: 3891199K(3891200K)->3891199K(3891200K)
[40.982s][info][gc,metaspace   ] GC(44) Metaspace: 6296K(6464K)->6296K(6464K) NonClass: 5763K(5824K)->5763K(5824K) Class: 532K(640K)->532K(640K)
[40.983s][info][gc             ] GC(44) Pause Full (Allocation Failure) 5509M->5509M(5510M) 4403.852ms
[40.983s][info][gc,cpu         ] GC(44) User=4.31s Sys=0.02s Real=4.40s
[40.983s][info][gc,start       ] GC(45) Pause Full (Allocation Failure)
[40.983s][info][gc,phases,start] GC(45) Phase 1: Mark live objects
[43.525s][info][gc,phases      ] GC(45) Phase 1: Mark live objects 2542.409ms
[43.525s][info][gc,phases,start] GC(45) Phase 2: Compute new object addresses
[44.293s][info][gc,phases      ] GC(45) Phase 2: Compute new object addresses 768.064ms
[44.293s][info][gc,phases,start] GC(45) Phase 3: Adjust pointers
[45.375s][info][gc,phases      ] GC(45) Phase 3: Adjust pointers 1081.834ms
[45.375s][info][gc,phases,start] GC(45) Phase 4: Move objects
[45.375s][info][gc,phases      ] GC(45) Phase 4: Move objects 0.016ms
[45.376s][info][gc,heap        ] GC(45) DefNew: 1751039K(1751040K)->1751039K(1751040K) Eden: 1556480K(1556480K)->1556480K(1556480K) From: 194559K(194560K)->194559K(194560K)
[45.376s][info][gc,heap        ] GC(45) Tenured: 3891199K(3891200K)->3891199K(3891200K)
[45.376s][info][gc,metaspace   ] GC(45) Metaspace: 6296K(6464K)->6296K(6464K) NonClass: 5763K(5824K)->5763K(5824K) Class: 532K(640K)->532K(640K)
[45.376s][info][gc             ] GC(45) Pause Full (Allocation Failure) 5509M->5509M(5510M) 4393.433ms
[45.376s][info][gc,cpu         ] GC(45) User=4.39s Sys=0.00s Real=4.39s
[45.377s][info][gc,start       ] GC(46) Pause Full (Allocation Failure)
[45.377s][info][gc,phases,start] GC(46) Phase 1: Mark live objects
[47.900s][info][gc,phases      ] GC(46) Phase 1: Mark live objects 2523.445ms
[47.900s][info][gc,phases,start] GC(46) Phase 2: Compute new object addresses
[48.660s][info][gc,phases      ] GC(46) Phase 2: Compute new object addresses 759.702ms
[48.660s][info][gc,phases,start] GC(46) Phase 3: Adjust pointers
[49.724s][info][gc,phases      ] GC(46) Phase 3: Adjust pointers 1064.047ms
[49.724s][info][gc,phases,start] GC(46) Phase 4: Move objects
[49.724s][info][gc,phases      ] GC(46) Phase 4: Move objects 0.016ms
[49.725s][info][gc,heap        ] GC(46) DefNew: 1751040K(1751040K)->1751040K(1751040K) Eden: 1556480K(1556480K)->1556480K(1556480K) From: 194560K(194560K)->194560K(194560K)
[49.725s][info][gc,heap        ] GC(46) Tenured: 3891200K(3891200K)->3891200K(3891200K)
[49.725s][info][gc,metaspace   ] GC(46) Metaspace: 6296K(6464K)->6296K(6464K) NonClass: 5763K(5824K)->5763K(5824K) Class: 532K(640K)->532K(640K)
[49.725s][info][gc             ] GC(46) Pause Full (Allocation Failure) 5510M->5510M(5510M) 4348.319ms
[49.725s][info][gc,cpu         ] GC(46) User=4.33s Sys=0.00s Real=4.35s
[49.725s][info][gc,start       ] GC(47) Pause Full (Allocation Failure)
[49.725s][info][gc,phases,start] GC(47) Phase 1: Mark live objects
[52.258s][info][gc,phases      ] GC(47) Phase 1: Mark live objects 2533.231ms
[52.258s][info][gc,phases,start] GC(47) Phase 2: Compute new object addresses
[53.018s][info][gc,phases      ] GC(47) Phase 2: Compute new object addresses 760.060ms
[53.018s][info][gc,phases,start] GC(47) Phase 3: Adjust pointers
[54.313s][info][gc,phases      ] GC(47) Phase 3: Adjust pointers 1295.141ms
[54.314s][info][gc,phases,start] GC(47) Phase 4: Move objects
[55.209s][info][gc,phases      ] GC(47) Phase 4: Move objects 895.816ms
[55.210s][info][gc,heap        ] GC(47) DefNew: 1751040K(1751040K)->1751038K(1751040K) Eden: 1556480K(1556480K)->1556480K(1556480K) From: 194560K(194560K)->194558K(194560K)
[55.211s][info][gc,heap        ] GC(47) Tenured: 3891200K(3891200K)->3891199K(3891200K)
[55.211s][info][gc,metaspace   ] GC(47) Metaspace: 6296K(6464K)->6296K(6464K) NonClass: 5763K(5824K)->5763K(5824K) Class: 532K(640K)->532K(640K)
[55.211s][info][gc             ] GC(47) Pause Full (Allocation Failure) 5510M->5509M(5510M) 5485.825ms
[55.211s][info][gc,cpu         ] GC(47) User=5.48s Sys=0.02s Real=5.49s
[55.212s][info][gc,start       ] GC(48) Pause Full (Allocation Failure)
[55.212s][info][gc,phases,start] GC(48) Phase 1: Mark live objects
[57.785s][info][gc,phases      ] GC(48) Phase 1: Mark live objects 2573.084ms
[57.785s][info][gc,phases,start] GC(48) Phase 2: Compute new object addresses
[58.548s][info][gc,phases      ] GC(48) Phase 2: Compute new object addresses 763.331ms
[58.549s][info][gc,phases,start] GC(48) Phase 3: Adjust pointers
[59.631s][info][gc,phases      ] GC(48) Phase 3: Adjust pointers 1082.668ms
[59.631s][info][gc,phases,start] GC(48) Phase 4: Move objects
[59.631s][info][gc,phases      ] GC(48) Phase 4: Move objects 0.017ms
[59.632s][info][gc,heap        ] GC(48) DefNew: 1751039K(1751040K)->1751038K(1751040K) Eden: 1556480K(1556480K)->1556480K(1556480K) From: 194559K(194560K)->194558K(194560K)
[59.632s][info][gc,heap        ] GC(48) Tenured: 3891199K(3891200K)->3891199K(3891200K)
[59.632s][info][gc,metaspace   ] GC(48) Metaspace: 6298K(6464K)->6298K(6464K) NonClass: 5764K(5824K)->5764K(5824K) Class: 533K(640K)->533K(640K)
[59.632s][info][gc             ] GC(48) Pause Full (Allocation Failure) 5509M->5509M(5510M) 4420.227ms
[59.632s][info][gc,cpu         ] GC(48) User=4.38s Sys=0.00s Real=4.42s
[59.633s][info][gc,heap,exit   ] Heap
[59.633s][info][gc,heap,exit   ]  def new generation   total 1751040K, used 1751039K [0x000000069bc00000, 0x0000000712800000, 0x0000000712800000)
[59.633s][info][gc,heap,exit   ]   eden space 1556480K, 100% used [0x000000069bc00000, 0x00000006fac00000, 0x00000006fac00000)
[59.633s][info][gc,heap,exit   ]   from space 194560K,  99% used [0x00000006fac00000, 0x00000007069fff58, 0x0000000706a00000)
[59.633s][info][gc,heap,exit   ]   to   space 194560K,   0% used [0x0000000706a00000, 0x0000000706a00000, 0x0000000712800000)
[59.633s][info][gc,heap,exit   ]  tenured generation   total 3891200K, used 3891199K [0x0000000712800000, 0x0000000800000000, 0x0000000800000000)
[59.633s][info][gc,heap,exit   ]    the space 3891200K,  99% used [0x0000000712800000, 0x00000007ffffffd0, 0x0000000800000000, 0x0000000800000000)
[59.633s][info][gc,heap,exit   ]  Metaspace       used 6301K, committed 6464K, reserved 1114112K
[59.633s][info][gc,heap,exit   ]   class space    used 534K, committed 640K, reserved 1048576K
