[0.014s][info][gc,init] CardTable entry size: 512
[0.014s][info][gc     ] Using Parallel
[0.014s][info][gc,init] Version: 18.0.1+10 (release)
[0.014s][info][gc,init] CPUs: 8 total, 8 available
[0.014s][info][gc,init] Memory: 16063M
[0.014s][info][gc,init] Large Page Support: Disabled
[0.014s][info][gc,init] NUMA Support: Disabled
[0.014s][info][gc,init] Compressed Oops: Enabled (Zero based)
[0.014s][info][gc,init] Alignments: Space 512K, Generation 512K, Heap 2M
[0.014s][info][gc,init] Heap Min Capacity: 2M
[0.015s][info][gc,init] Heap Initial Capacity: 2M
[0.015s][info][gc,init] Heap Max Capacity: 2100M
[0.015s][info][gc,init] Pre-touch: Disabled
[0.015s][info][gc,init] Parallel Workers: 8
[0.015s][info][gc,metaspace] CDS archive(s) not mapped
[0.015s][info][gc,metaspace] Compressed class space mapped at: 0x0000000800000000-0x0000000840000000, reserved size: 1073741824
[0.015s][info][gc,metaspace] Narrow klass base: 0x0000000800000000, Narrow klass shift: 0, Narrow klass range: 0x40000000
[0.124s][info][gc,start    ] GC(0) Pause Young (Allocation Failure)
[0.125s][info][gc,heap     ] GC(0) PSYoungGen: 512K(1024K)->480K(1024K) Eden: 512K(512K)->0K(512K) From: 0K(512K)->480K(512K)
[0.125s][info][gc,heap     ] GC(0) ParOldGen: 0K(512K)->8K(512K)
[0.125s][info][gc,metaspace] GC(0) Metaspace: 4229K(4352K)->4229K(4352K) NonClass: 3908K(3968K)->3908K(3968K) Class: 321K(384K)->321K(384K)
[0.125s][info][gc          ] GC(0) Pause Young (Allocation Failure) 0M->0M(1M) 1.272ms
[0.125s][info][gc,cpu      ] GC(0) User=0.00s Sys=0.00s Real=0.00s
[0.193s][info][gc,start    ] GC(1) Pause Young (Allocation Failure)
[0.194s][info][gc,heap     ] GC(1) PSYoungGen: 991K(1024K)->512K(1024K) Eden: 511K(512K)->0K(512K) From: 480K(512K)->512K(512K)
[0.194s][info][gc,heap     ] GC(1) ParOldGen: 8K(512K)->104K(512K)
[0.194s][info][gc,metaspace] GC(1) Metaspace: 5877K(6016K)->5877K(6016K) NonClass: 5381K(5504K)->5381K(5504K) Class: 496K(512K)->496K(512K)
[0.194s][info][gc          ] GC(1) Pause Young (Allocation Failure) 0M->0M(1M) 0.985ms
[0.194s][info][gc,cpu      ] GC(1) User=0.00s Sys=0.00s Real=0.00s
[0.217s][info][gc,start    ] GC(2) Pause Young (Allocation Failure)
[0.218s][info][gc,heap     ] GC(2) PSYoungGen: 1023K(1024K)->512K(1024K) Eden: 511K(512K)->0K(512K) From: 512K(512K)->512K(512K)
[0.218s][info][gc,heap     ] GC(2) ParOldGen: 104K(512K)->248K(512K)
[0.218s][info][gc,metaspace] GC(2) Metaspace: 6293K(6464K)->6293K(6464K) NonClass: 5760K(5824K)->5760K(5824K) Class: 533K(640K)->533K(640K)
[0.218s][info][gc          ] GC(2) Pause Young (Allocation Failure) 1M->0M(1M) 1.113ms
[0.218s][info][gc,cpu      ] GC(2) User=0.00s Sys=0.00s Real=0.00s
[0.220s][info][gc,start    ] GC(3) Pause Young (Allocation Failure)
[0.221s][info][gc,heap     ] GC(3) PSYoungGen: 1024K(1024K)->512K(1536K) Eden: 512K(512K)->0K(1024K) From: 512K(512K)->512K(512K)
[0.221s][info][gc,heap     ] GC(3) ParOldGen: 248K(512K)->496K(512K)
[0.221s][info][gc,metaspace] GC(3) Metaspace: 6295K(6464K)->6295K(6464K) NonClass: 5762K(5824K)->5762K(5824K) Class: 533K(640K)->533K(640K)
[0.221s][info][gc          ] GC(3) Pause Young (Allocation Failure) 1M->0M(2M) 1.105ms
[0.221s][info][gc,cpu      ] GC(3) User=0.00s Sys=0.00s Real=0.00s
[0.221s][info][gc,start    ] GC(4) Pause Full (Ergonomics)
[0.221s][info][gc,phases,start] GC(4) Marking Phase
[0.222s][info][gc,phases      ] GC(4) Marking Phase 0.991ms
[0.222s][info][gc,phases,start] GC(4) Summary Phase
[0.222s][info][gc,phases      ] GC(4) Summary Phase 0.017ms
[0.222s][info][gc,phases,start] GC(4) Adjust Roots
[0.222s][info][gc,phases      ] GC(4) Adjust Roots 0.400ms
[0.222s][info][gc,phases,start] GC(4) Compaction Phase
[0.224s][info][gc,phases      ] GC(4) Compaction Phase 1.677ms
[0.224s][info][gc,phases,start] GC(4) Post Compact
[0.224s][info][gc,phases      ] GC(4) Post Compact 0.091ms
[0.224s][info][gc,heap        ] GC(4) PSYoungGen: 512K(1536K)->510K(1536K) Eden: 0K(1024K)->0K(1024K) From: 512K(512K)->510K(512K)
[0.224s][info][gc,heap        ] GC(4) ParOldGen: 496K(512K)->456K(2048K)
[0.225s][info][gc,metaspace   ] GC(4) Metaspace: 6295K(6464K)->6295K(6464K) NonClass: 5762K(5824K)->5762K(5824K) Class: 533K(640K)->533K(640K)
[0.225s][info][gc             ] GC(4) Pause Full (Ergonomics) 0M->0M(3M) 3.619ms
[0.225s][info][gc,cpu         ] GC(4) User=0.02s Sys=0.00s Real=0.00s
[0.227s][info][gc,start       ] GC(5) Pause Young (Allocation Failure)
[0.228s][info][gc,heap        ] GC(5) PSYoungGen: 1534K(1536K)->480K(1536K) Eden: 1024K(1024K)->0K(1024K) From: 510K(512K)->480K(512K)
[0.228s][info][gc,heap        ] GC(5) ParOldGen: 456K(2048K)->1024K(2048K)
[0.228s][info][gc,metaspace   ] GC(5) Metaspace: 6295K(6464K)->6295K(6464K) NonClass: 5762K(5824K)->5762K(5824K) Class: 533K(640K)->533K(640K)
[0.228s][info][gc             ] GC(5) Pause Young (Allocation Failure) 1M->1M(3M) 1.266ms
[0.228s][info][gc,cpu         ] GC(5) User=0.00s Sys=0.00s Real=0.00s
[0.230s][info][gc,start       ] GC(6) Pause Young (Allocation Failure)
[0.231s][info][gc,heap        ] GC(6) PSYoungGen: 1504K(1536K)->1024K(3584K) Eden: 1023K(1024K)->0K(2048K) From: 480K(512K)->1024K(1536K)
[0.231s][info][gc,heap        ] GC(6) ParOldGen: 1024K(2048K)->1024K(2048K)
[0.231s][info][gc,metaspace   ] GC(6) Metaspace: 6295K(6464K)->6295K(6464K) NonClass: 5762K(5824K)->5762K(5824K) Class: 533K(640K)->533K(640K)
[0.231s][info][gc             ] GC(6) Pause Young (Allocation Failure) 2M->2M(5M) 1.368ms
[0.231s][info][gc,cpu         ] GC(6) User=0.00s Sys=0.00s Real=0.00s
[0.234s][info][gc,start       ] GC(7) Pause Young (Allocation Failure)
[0.237s][info][gc,heap        ] GC(7) PSYoungGen: 3072K(3584K)->1504K(3584K) Eden: 2048K(2048K)->0K(2048K) From: 1024K(1536K)->1504K(1536K)
[0.237s][info][gc,heap        ] GC(7) ParOldGen: 1024K(2048K)->1573K(2048K)
[0.237s][info][gc,metaspace   ] GC(7) Metaspace: 6295K(6464K)->6295K(6464K) NonClass: 5762K(5824K)->5762K(5824K) Class: 533K(640K)->533K(640K)
[0.237s][info][gc             ] GC(7) Pause Young (Allocation Failure) 4M->3M(5M) 2.601ms
[0.237s][info][gc,cpu         ] GC(7) User=0.00s Sys=0.00s Real=0.00s
[0.237s][info][gc,start       ] GC(8) Pause Full (Ergonomics)
[0.237s][info][gc,phases,start] GC(8) Marking Phase
[0.239s][info][gc,phases      ] GC(8) Marking Phase 1.907ms
[0.239s][info][gc,phases,start] GC(8) Summary Phase
[0.239s][info][gc,phases      ] GC(8) Summary Phase 0.019ms
[0.239s][info][gc,phases,start] GC(8) Adjust Roots
[0.240s][info][gc,phases      ] GC(8) Adjust Roots 0.527ms
[0.240s][info][gc,phases,start] GC(8) Compaction Phase
[0.242s][info][gc,phases      ] GC(8) Compaction Phase 2.263ms
[0.242s][info][gc,phases,start] GC(8) Post Compact
[0.242s][info][gc,phases      ] GC(8) Post Compact 0.031ms
[0.242s][info][gc,heap        ] GC(8) PSYoungGen: 1504K(3584K)->1501K(3584K) Eden: 0K(2048K)->0K(2048K) From: 1504K(1536K)->1501K(1536K)
[0.242s][info][gc,heap        ] GC(8) ParOldGen: 1573K(2048K)->1538K(4096K)
[0.242s][info][gc,metaspace   ] GC(8) Metaspace: 6295K(6464K)->6295K(6464K) NonClass: 5762K(5824K)->5762K(5824K) Class: 533K(640K)->533K(640K)
[0.242s][info][gc             ] GC(8) Pause Full (Ergonomics) 3M->2M(7M) 5.161ms
[0.242s][info][gc,cpu         ] GC(8) User=0.00s Sys=0.00s Real=0.00s
[0.246s][info][gc,start       ] GC(9) Pause Young (Allocation Failure)
[0.249s][info][gc,heap        ] GC(9) PSYoungGen: 3549K(3584K)->2016K(5120K) Eden: 2048K(2048K)->0K(3072K) From: 1501K(1536K)->2016K(2048K)
[0.249s][info][gc,heap        ] GC(9) ParOldGen: 1538K(4096K)->2082K(4096K)
[0.249s][info][gc,metaspace   ] GC(9) Metaspace: 6295K(6464K)->6295K(6464K) NonClass: 5762K(5824K)->5762K(5824K) Class: 533K(640K)->533K(640K)
[0.249s][info][gc             ] GC(9) Pause Young (Allocation Failure) 4M->4M(9M) 2.983ms
[0.249s][info][gc,cpu         ] GC(9) User=0.00s Sys=0.00s Real=0.00s
[0.254s][info][gc,start       ] GC(10) Pause Young (Allocation Failure)
[0.257s][info][gc,heap        ] GC(10) PSYoungGen: 5088K(5120K)->2528K(5632K) Eden: 3072K(3072K)->0K(3072K) From: 2016K(2048K)->2528K(2560K)
[0.257s][info][gc,heap        ] GC(10) ParOldGen: 2082K(4096K)->3170K(4096K)
[0.257s][info][gc,metaspace   ] GC(10) Metaspace: 6295K(6464K)->6295K(6464K) NonClass: 5762K(5824K)->5762K(5824K) Class: 533K(640K)->533K(640K)
[0.257s][info][gc             ] GC(10) Pause Young (Allocation Failure) 7M->5M(9M) 3.453ms
[0.257s][info][gc,cpu         ] GC(10) User=0.00s Sys=0.00s Real=0.00s
[0.257s][info][gc,start       ] GC(11) Pause Full (Ergonomics)
[0.257s][info][gc,phases,start] GC(11) Marking Phase
[0.260s][info][gc,phases      ] GC(11) Marking Phase 2.702ms
[0.260s][info][gc,phases,start] GC(11) Summary Phase
[0.260s][info][gc,phases      ] GC(11) Summary Phase 0.014ms
[0.260s][info][gc,phases,start] GC(11) Adjust Roots
[0.260s][info][gc,phases      ] GC(11) Adjust Roots 0.237ms
[0.260s][info][gc,phases,start] GC(11) Compaction Phase
[0.264s][info][gc,phases      ] GC(11) Compaction Phase 3.537ms
[0.264s][info][gc,phases,start] GC(11) Post Compact
[0.264s][info][gc,phases      ] GC(11) Post Compact 0.032ms
[0.264s][info][gc,heap        ] GC(11) PSYoungGen: 2528K(5632K)->1980K(5632K) Eden: 0K(3072K)->0K(3072K) From: 2528K(2560K)->1980K(2560K)
[0.264s][info][gc,heap        ] GC(11) ParOldGen: 3170K(4096K)->3680K(7168K)
[0.264s][info][gc,metaspace   ] GC(11) Metaspace: 6295K(6464K)->6295K(6464K) NonClass: 5762K(5824K)->5762K(5824K) Class: 533K(640K)->533K(640K)
[0.264s][info][gc             ] GC(11) Pause Full (Ergonomics) 5M->5M(12M) 6.834ms
[0.264s][info][gc,cpu         ] GC(11) User=0.00s Sys=0.00s Real=0.01s
[0.270s][info][gc,start       ] GC(12) Pause Young (Allocation Failure)
[0.274s][info][gc,heap        ] GC(12) PSYoungGen: 5052K(5632K)->2720K(8192K) Eden: 3072K(3072K)->0K(4608K) From: 1980K(2560K)->2720K(3584K)
[0.274s][info][gc,heap        ] GC(12) ParOldGen: 3680K(7168K)->4712K(7168K)
[0.274s][info][gc,metaspace   ] GC(12) Metaspace: 6295K(6464K)->6295K(6464K) NonClass: 5762K(5824K)->5762K(5824K) Class: 533K(640K)->533K(640K)
[0.274s][info][gc             ] GC(12) Pause Young (Allocation Failure) 8M->7M(15M) 4.153ms
[0.274s][info][gc,cpu         ] GC(12) User=0.00s Sys=0.00s Real=0.00s
[0.280s][info][gc,start       ] GC(13) Pause Young (Allocation Failure)
[0.285s][info][gc,heap        ] GC(13) PSYoungGen: 7328K(8192K)->2400K(8192K) Eden: 4608K(4608K)->0K(4608K) From: 2720K(3584K)->2400K(3584K)
[0.285s][info][gc,heap        ] GC(13) ParOldGen: 4712K(7168K)->7432K(7680K)
[0.285s][info][gc,metaspace   ] GC(13) Metaspace: 6295K(6464K)->6295K(6464K) NonClass: 5762K(5824K)->5762K(5824K) Class: 533K(640K)->533K(640K)
[0.285s][info][gc             ] GC(13) Pause Young (Allocation Failure) 11M->9M(15M) 4.954ms
[0.285s][info][gc,cpu         ] GC(13) User=0.00s Sys=0.00s Real=0.00s
[0.285s][info][gc,start       ] GC(14) Pause Full (Ergonomics)
[0.285s][info][gc,phases,start] GC(14) Marking Phase
[0.290s][info][gc,phases      ] GC(14) Marking Phase 5.211ms
[0.290s][info][gc,phases,start] GC(14) Summary Phase
[0.290s][info][gc,phases      ] GC(14) Summary Phase 0.017ms
[0.290s][info][gc,phases,start] GC(14) Adjust Roots
[0.290s][info][gc,phases      ] GC(14) Adjust Roots 0.182ms
[0.290s][info][gc,phases,start] GC(14) Compaction Phase
[0.296s][info][gc,phases      ] GC(14) Compaction Phase 5.292ms
[0.296s][info][gc,phases,start] GC(14) Post Compact
[0.296s][info][gc,phases      ] GC(14) Post Compact 0.049ms
[0.296s][info][gc,heap        ] GC(14) PSYoungGen: 2400K(8192K)->2370K(8192K) Eden: 0K(4608K)->0K(4608K) From: 2400K(3584K)->2370K(3584K)
[0.296s][info][gc,heap        ] GC(14) ParOldGen: 7432K(7680K)->7232K(12288K)
[0.296s][info][gc,metaspace   ] GC(14) Metaspace: 6295K(6464K)->6295K(6464K) NonClass: 5762K(5824K)->5762K(5824K) Class: 533K(640K)->533K(640K)
[0.296s][info][gc             ] GC(14) Pause Full (Ergonomics) 9M->9M(20M) 11.062ms
[0.296s][info][gc,cpu         ] GC(14) User=0.00s Sys=0.00s Real=0.01s
[0.300s][info][gc,start       ] GC(15) Pause Young (Allocation Failure)
[0.304s][info][gc,heap        ] GC(15) PSYoungGen: 6469K(8192K)->2112K(10752K) Eden: 4098K(4608K)->0K(6656K) From: 2370K(3584K)->2112K(4096K)
[0.304s][info][gc,heap        ] GC(15) ParOldGen: 7232K(12288K)->9648K(12288K)
[0.304s][info][gc,metaspace   ] GC(15) Metaspace: 6295K(6464K)->6295K(6464K) NonClass: 5762K(5824K)->5762K(5824K) Class: 533K(640K)->533K(640K)
[0.304s][info][gc             ] GC(15) Pause Young (Allocation Failure) 13M->11M(22M) 4.194ms
[0.304s][info][gc,cpu         ] GC(15) User=0.00s Sys=0.02s Real=0.00s
[0.313s][info][gc,start       ] GC(16) Pause Young (Allocation Failure)
[0.318s][info][gc,heap        ] GC(16) PSYoungGen: 8768K(10752K)->3680K(10752K) Eden: 6656K(6656K)->0K(6656K) From: 2112K(4096K)->3680K(4096K)
[0.318s][info][gc,heap        ] GC(16) ParOldGen: 9648K(12288K)->11760K(12288K)
[0.318s][info][gc,metaspace   ] GC(16) Metaspace: 6297K(6464K)->6297K(6464K) NonClass: 5764K(5824K)->5764K(5824K) Class: 533K(640K)->533K(640K)
[0.318s][info][gc             ] GC(16) Pause Young (Allocation Failure) 17M->15M(22M) 5.179ms
[0.318s][info][gc,cpu         ] GC(16) User=0.00s Sys=0.00s Real=0.01s
[0.318s][info][gc,start       ] GC(17) Pause Full (Ergonomics)
[0.318s][info][gc,phases,start] GC(17) Marking Phase
[0.326s][info][gc,phases      ] GC(17) Marking Phase 7.540ms
[0.326s][info][gc,phases,start] GC(17) Summary Phase
[0.326s][info][gc,phases      ] GC(17) Summary Phase 0.018ms
[0.326s][info][gc,phases,start] GC(17) Adjust Roots
[0.326s][info][gc,phases      ] GC(17) Adjust Roots 0.213ms
[0.326s][info][gc,phases,start] GC(17) Compaction Phase
[0.333s][info][gc,phases      ] GC(17) Compaction Phase 7.105ms
[0.333s][info][gc,phases,start] GC(17) Post Compact
[0.333s][info][gc,phases      ] GC(17) Post Compact 0.057ms
[0.333s][info][gc,heap        ] GC(17) PSYoungGen: 3680K(10752K)->3072K(10752K) Eden: 0K(6656K)->0K(6656K) From: 3680K(4096K)->3072K(4096K)
[0.333s][info][gc,heap        ] GC(17) ParOldGen: 11760K(12288K)->11991K(18944K)
[0.333s][info][gc,metaspace   ] GC(17) Metaspace: 6297K(6464K)->6297K(6464K) NonClass: 5764K(5824K)->5764K(5824K) Class: 533K(640K)->533K(640K)
[0.333s][info][gc             ] GC(17) Pause Full (Ergonomics) 15M->14M(29M) 15.261ms
[0.333s][info][gc,cpu         ] GC(17) User=0.00s Sys=0.00s Real=0.02s
[0.338s][info][gc,start       ] GC(18) Pause Young (Allocation Failure)
[0.344s][info][gc,heap        ] GC(18) PSYoungGen: 9728K(10752K)->3456K(13824K) Eden: 6656K(6656K)->0K(9216K) From: 3072K(4096K)->3456K(4608K)
[0.344s][info][gc,heap        ] GC(18) ParOldGen: 11991K(18944K)->15119K(18944K)
[0.344s][info][gc,metaspace   ] GC(18) Metaspace: 6297K(6464K)->6297K(6464K) NonClass: 5764K(5824K)->5764K(5824K) Class: 533K(640K)->533K(640K)
[0.344s][info][gc             ] GC(18) Pause Young (Allocation Failure) 21M->18M(32M) 5.959ms
[0.344s][info][gc,cpu         ] GC(18) User=0.00s Sys=0.00s Real=0.01s
[0.354s][info][gc,start       ] GC(19) Pause Young (Allocation Failure)
[0.361s][info][gc,heap        ] GC(19) PSYoungGen: 12672K(13824K)->4576K(13824K) Eden: 9216K(9216K)->0K(9216K) From: 3456K(4608K)->4576K(4608K)
[0.361s][info][gc,heap        ] GC(19) ParOldGen: 15119K(18944K)->19311K(19456K)
[0.361s][info][gc,metaspace   ] GC(19) Metaspace: 6297K(6464K)->6297K(6464K) NonClass: 5764K(5824K)->5764K(5824K) Class: 533K(640K)->533K(640K)
[0.361s][info][gc             ] GC(19) Pause Young (Allocation Failure) 27M->23M(32M) 7.024ms
[0.361s][info][gc,cpu         ] GC(19) User=0.00s Sys=0.00s Real=0.01s
[0.361s][info][gc,start       ] GC(20) Pause Full (Ergonomics)
[0.361s][info][gc,phases,start] GC(20) Marking Phase
[0.371s][info][gc,phases      ] GC(20) Marking Phase 9.820ms
[0.371s][info][gc,phases,start] GC(20) Summary Phase
[0.371s][info][gc,phases      ] GC(20) Summary Phase 0.037ms
[0.371s][info][gc,phases,start] GC(20) Adjust Roots
[0.371s][info][gc,phases      ] GC(20) Adjust Roots 0.166ms
[0.371s][info][gc,phases,start] GC(20) Compaction Phase
[0.379s][info][gc,phases      ] GC(20) Compaction Phase 7.505ms
[0.379s][info][gc,phases,start] GC(20) Post Compact
[0.379s][info][gc,phases      ] GC(20) Post Compact 0.083ms
[0.379s][info][gc,heap        ] GC(20) PSYoungGen: 4576K(13824K)->4569K(13824K) Eden: 0K(9216K)->0K(9216K) From: 4576K(4608K)->4569K(4608K)
[0.379s][info][gc,heap        ] GC(20) ParOldGen: 19311K(19456K)->18674K(28160K)
[0.379s][info][gc,metaspace   ] GC(20) Metaspace: 6297K(6464K)->6297K(6464K) NonClass: 5764K(5824K)->5764K(5824K) Class: 533K(640K)->533K(640K)
[0.379s][info][gc             ] GC(20) Pause Full (Ergonomics) 23M->22M(41M) 17.980ms
[0.379s][info][gc,cpu         ] GC(20) User=0.02s Sys=0.00s Real=0.02s
[0.385s][info][gc,start       ] GC(21) Pause Young (Allocation Failure)
[0.393s][info][gc,heap        ] GC(21) PSYoungGen: 13785K(13824K)->4800K(19456K) Eden: 9216K(9216K)->0K(12288K) From: 4569K(4608K)->4800K(7168K)
[0.393s][info][gc,heap        ] GC(21) ParOldGen: 18674K(28160K)->23306K(28160K)
[0.393s][info][gc,metaspace   ] GC(21) Metaspace: 6297K(6464K)->6297K(6464K) NonClass: 5764K(5824K)->5764K(5824K) Class: 533K(640K)->533K(640K)
[0.393s][info][gc             ] GC(21) Pause Young (Allocation Failure) 31M->27M(46M) 7.912ms
[0.393s][info][gc,cpu         ] GC(21) User=0.00s Sys=0.00s Real=0.01s
[0.393s][info][gc,start       ] GC(22) Pause Full (Ergonomics)
[0.393s][info][gc,phases,start] GC(22) Marking Phase
[0.405s][info][gc,phases      ] GC(22) Marking Phase 12.046ms
[0.405s][info][gc,phases,start] GC(22) Summary Phase
[0.405s][info][gc,phases      ] GC(22) Summary Phase 0.015ms
[0.405s][info][gc,phases,start] GC(22) Adjust Roots
[0.405s][info][gc,phases      ] GC(22) Adjust Roots 0.170ms
[0.405s][info][gc,phases,start] GC(22) Compaction Phase
[0.413s][info][gc,phases      ] GC(22) Compaction Phase 8.180ms
[0.413s][info][gc,phases,start] GC(22) Post Compact
[0.414s][info][gc,phases      ] GC(22) Post Compact 0.100ms
[0.414s][info][gc,heap        ] GC(22) PSYoungGen: 4800K(19456K)->0K(19456K) Eden: 0K(12288K)->0K(12288K) From: 4800K(7168K)->0K(7168K)
[0.414s][info][gc,heap        ] GC(22) ParOldGen: 23306K(28160K)->28006K(39424K)
[0.414s][info][gc,metaspace   ] GC(22) Metaspace: 6297K(6464K)->6297K(6464K) NonClass: 5764K(5824K)->5764K(5824K) Class: 533K(640K)->533K(640K)
[0.414s][info][gc             ] GC(22) Pause Full (Ergonomics) 27M->27M(57M) 20.812ms
[0.414s][info][gc,cpu         ] GC(22) User=0.02s Sys=0.00s Real=0.02s
[0.421s][info][gc,start       ] GC(23) Pause Young (Allocation Failure)
[0.426s][info][gc,heap        ] GC(23) PSYoungGen: 12288K(19456K)->6400K(20992K) Eden: 12288K(12288K)->0K(13824K) From: 0K(7168K)->6400K(7168K)
[0.426s][info][gc,heap        ] GC(23) ParOldGen: 28006K(39424K)->28006K(39424K)
[0.426s][info][gc,metaspace   ] GC(23) Metaspace: 6297K(6464K)->6297K(6464K) NonClass: 5764K(5824K)->5764K(5824K) Class: 533K(640K)->533K(640K)
[0.426s][info][gc             ] GC(23) Pause Young (Allocation Failure) 39M->33M(59M) 5.742ms
[0.427s][info][gc,cpu         ] GC(23) User=0.02s Sys=0.00s Real=0.01s
[0.442s][info][gc,start       ] GC(24) Pause Young (Allocation Failure)
[0.456s][info][gc,heap        ] GC(24) PSYoungGen: 20224K(20992K)->8160K(22016K) Eden: 13824K(13824K)->0K(13824K) From: 6400K(7168K)->8160K(8192K)
[0.456s][info][gc,heap        ] GC(24) ParOldGen: 28006K(39424K)->39726K(39936K)
[0.456s][info][gc,metaspace   ] GC(24) Metaspace: 6297K(6464K)->6297K(6464K) NonClass: 5764K(5824K)->5764K(5824K) Class: 533K(640K)->533K(640K)
[0.456s][info][gc             ] GC(24) Pause Young (Allocation Failure) 47M->46M(60M) 14.459ms
[0.456s][info][gc,cpu         ] GC(24) User=0.00s Sys=0.00s Real=0.01s
[0.457s][info][gc,start       ] GC(25) Pause Full (Ergonomics)
[0.457s][info][gc,phases,start] GC(25) Marking Phase
[0.474s][info][gc,phases      ] GC(25) Marking Phase 17.302ms
[0.474s][info][gc,phases,start] GC(25) Summary Phase
[0.474s][info][gc,phases      ] GC(25) Summary Phase 0.019ms
[0.474s][info][gc,phases,start] GC(25) Adjust Roots
[0.474s][info][gc,phases      ] GC(25) Adjust Roots 0.155ms
[0.474s][info][gc,phases,start] GC(25) Compaction Phase
[0.490s][info][gc,phases      ] GC(25) Compaction Phase 16.156ms
[0.490s][info][gc,phases,start] GC(25) Post Compact
[0.490s][info][gc,phases      ] GC(25) Post Compact 0.172ms
[0.491s][info][gc,heap        ] GC(25) PSYoungGen: 8160K(22016K)->8148K(22016K) Eden: 0K(13824K)->0K(13824K) From: 8160K(8192K)->8148K(8192K)
[0.491s][info][gc,heap        ] GC(25) ParOldGen: 39726K(39936K)->38511K(54784K)
[0.491s][info][gc,metaspace   ] GC(25) Metaspace: 6297K(6464K)->6297K(6464K) NonClass: 5764K(5824K)->5764K(5824K) Class: 533K(640K)->533K(640K)
[0.491s][info][gc             ] GC(25) Pause Full (Ergonomics) 46M->45M(75M) 34.169ms
[0.491s][info][gc,cpu         ] GC(25) User=0.03s Sys=0.00s Real=0.04s
[0.503s][info][gc,start       ] GC(26) Pause Young (Allocation Failure)
[0.520s][info][gc,heap        ] GC(26) PSYoungGen: 21972K(22016K)->13824K(24576K) Eden: 13824K(13824K)->0K(10752K) From: 8148K(8192K)->13824K(13824K)
[0.520s][info][gc,heap        ] GC(26) ParOldGen: 38511K(54784K)->46767K(54784K)
[0.520s][info][gc,metaspace   ] GC(26) Metaspace: 6297K(6464K)->6297K(6464K) NonClass: 5764K(5824K)->5764K(5824K) Class: 533K(640K)->533K(640K)
[0.520s][info][gc             ] GC(26) Pause Young (Allocation Failure) 59M->59M(77M) 16.991ms
[0.520s][info][gc,cpu         ] GC(26) User=0.05s Sys=0.00s Real=0.02s
[0.520s][info][gc,start       ] GC(27) Pause Full (Ergonomics)
[0.520s][info][gc,phases,start] GC(27) Marking Phase
[0.543s][info][gc,phases      ] GC(27) Marking Phase 23.088ms
[0.544s][info][gc,phases,start] GC(27) Summary Phase
[0.544s][info][gc,phases      ] GC(27) Summary Phase 0.027ms
[0.544s][info][gc,phases,start] GC(27) Adjust Roots
[0.544s][info][gc,phases      ] GC(27) Adjust Roots 0.162ms
[0.544s][info][gc,phases,start] GC(27) Compaction Phase
[0.563s][info][gc,phases      ] GC(27) Compaction Phase 18.781ms
[0.563s][info][gc,phases,start] GC(27) Post Compact
[0.563s][info][gc,phases      ] GC(27) Post Compact 0.211ms
[0.563s][info][gc,heap        ] GC(27) PSYoungGen: 13824K(24576K)->6121K(24576K) Eden: 0K(10752K)->0K(10752K) From: 13824K(13824K)->6121K(13824K)
[0.563s][info][gc,heap        ] GC(27) ParOldGen: 46767K(54784K)->54332K(73728K)
[0.563s][info][gc,metaspace   ] GC(27) Metaspace: 6297K(6464K)->6297K(6464K) NonClass: 5764K(5824K)->5764K(5824K) Class: 533K(640K)->533K(640K)
[0.563s][info][gc             ] GC(27) Pause Full (Ergonomics) 59M->59M(96M) 42.701ms
[0.563s][info][gc,cpu         ] GC(27) User=0.05s Sys=0.00s Real=0.04s
[0.575s][info][gc,start       ] GC(28) Pause Young (Allocation Failure)
[0.590s][info][gc,heap        ] GC(28) PSYoungGen: 16873K(24576K)->10784K(30208K) Eden: 10752K(10752K)->0K(10752K) From: 6121K(13824K)->10784K(19456K)
[0.590s][info][gc,heap        ] GC(28) ParOldGen: 54332K(73728K)->60564K(73728K)
[0.590s][info][gc,metaspace   ] GC(28) Metaspace: 6297K(6464K)->6297K(6464K) NonClass: 5764K(5824K)->5764K(5824K) Class: 533K(640K)->533K(640K)
[0.590s][info][gc             ] GC(28) Pause Young (Allocation Failure) 69M->69M(101M) 15.206ms
[0.590s][info][gc,cpu         ] GC(28) User=0.00s Sys=0.00s Real=0.01s
[0.600s][info][gc,start       ] GC(29) Pause Young (Allocation Failure)
[0.616s][info][gc,heap        ] GC(29) PSYoungGen: 21536K(30208K)->19456K(27648K) Eden: 10752K(10752K)->0K(8192K) From: 10784K(19456K)->19456K(19456K)
[0.616s][info][gc,heap        ] GC(29) ParOldGen: 60564K(73728K)->62628K(73728K)
[0.616s][info][gc,metaspace   ] GC(29) Metaspace: 6297K(6464K)->6297K(6464K) NonClass: 5764K(5824K)->5764K(5824K) Class: 533K(640K)->533K(640K)
[0.616s][info][gc             ] GC(29) Pause Young (Allocation Failure) 80M->80M(99M) 15.731ms
[0.616s][info][gc,cpu         ] GC(29) User=0.02s Sys=0.00s Real=0.02s
[0.636s][info][gc,start       ] GC(30) Pause Full (Ergonomics)
[0.637s][info][gc,phases,start] GC(30) Marking Phase
[0.675s][info][gc,phases      ] GC(30) Marking Phase 38.219ms
[0.675s][info][gc,phases,start] GC(30) Summary Phase
[0.675s][info][gc,phases      ] GC(30) Summary Phase 0.016ms
[0.675s][info][gc,phases,start] GC(30) Adjust Roots
[0.675s][info][gc,phases      ] GC(30) Adjust Roots 0.154ms
[0.675s][info][gc,phases,start] GC(30) Compaction Phase
[0.706s][info][gc,phases      ] GC(30) Compaction Phase 31.173ms
[0.706s][info][gc,phases,start] GC(30) Post Compact
[0.707s][info][gc,phases      ] GC(30) Post Compact 0.365ms
[0.707s][info][gc,heap        ] GC(30) PSYoungGen: 27648K(27648K)->18395K(27648K) Eden: 8192K(8192K)->0K(8192K) From: 19456K(19456K)->18395K(19456K)
[0.707s][info][gc,heap        ] GC(30) ParOldGen: 66724K(73728K)->73715K(94720K)
[0.707s][info][gc,metaspace   ] GC(30) Metaspace: 6297K(6464K)->6297K(6464K) NonClass: 5764K(5824K)->5764K(5824K) Class: 533K(640K)->533K(640K)
[0.707s][info][gc             ] GC(30) Pause Full (Ergonomics) 92M->89M(119M) 70.410ms
[0.707s][info][gc,cpu         ] GC(30) User=0.11s Sys=0.00s Real=0.07s
[0.714s][info][gc,start       ] GC(31) Pause Young (Allocation Failure)
[0.739s][info][gc,heap        ] GC(31) PSYoungGen: 26587K(27648K)->8224K(32256K) Eden: 8192K(8192K)->0K(8192K) From: 18395K(19456K)->8224K(24064K)
[0.739s][info][gc,heap        ] GC(31) ParOldGen: 73715K(94720K)->92411K(94720K)
[0.739s][info][gc,metaspace   ] GC(31) Metaspace: 6297K(6464K)->6297K(6464K) NonClass: 5764K(5824K)->5764K(5824K) Class: 533K(640K)->533K(640K)
[0.739s][info][gc             ] GC(31) Pause Young (Allocation Failure) 97M->98M(124M) 25.712ms
[0.739s][info][gc,cpu         ] GC(31) User=0.05s Sys=0.00s Real=0.03s
[0.739s][info][gc,start       ] GC(32) Pause Full (Ergonomics)
[0.739s][info][gc,phases,start] GC(32) Marking Phase
[0.778s][info][gc,phases      ] GC(32) Marking Phase 38.602ms
[0.778s][info][gc,phases,start] GC(32) Summary Phase
[0.778s][info][gc,phases      ] GC(32) Summary Phase 0.021ms
[0.778s][info][gc,phases,start] GC(32) Adjust Roots
[0.778s][info][gc,phases      ] GC(32) Adjust Roots 0.159ms
[0.778s][info][gc,phases,start] GC(32) Compaction Phase
[0.799s][info][gc,phases      ] GC(32) Compaction Phase 20.932ms
[0.799s][info][gc,phases,start] GC(32) Post Compact
[0.800s][info][gc,phases      ] GC(32) Post Compact 0.481ms
[0.800s][info][gc,heap        ] GC(32) PSYoungGen: 8224K(32256K)->5607K(32256K) Eden: 0K(8192K)->0K(8192K) From: 8224K(24064K)->5607K(24064K)
[0.800s][info][gc,heap        ] GC(32) ParOldGen: 92411K(94720K)->94666K(122880K)
[0.800s][info][gc,metaspace   ] GC(32) Metaspace: 6297K(6464K)->6297K(6464K) NonClass: 5764K(5824K)->5764K(5824K) Class: 533K(640K)->533K(640K)
[0.800s][info][gc             ] GC(32) Pause Full (Ergonomics) 98M->97M(151M) 60.649ms
[0.800s][info][gc,cpu         ] GC(32) User=0.08s Sys=0.00s Real=0.06s
[0.807s][info][gc,start       ] GC(33) Pause Young (Allocation Failure)
[0.821s][info][gc,heap        ] GC(33) PSYoungGen: 13799K(32256K)->13824K(31744K) Eden: 8192K(8192K)->0K(9216K) From: 5607K(24064K)->13824K(22528K)
[0.821s][info][gc,heap        ] GC(33) ParOldGen: 94666K(122880K)->94666K(122880K)
[0.821s][info][gc,metaspace   ] GC(33) Metaspace: 6297K(6464K)->6297K(6464K) NonClass: 5764K(5824K)->5764K(5824K) Class: 533K(640K)->533K(640K)
[0.821s][info][gc             ] GC(33) Pause Young (Allocation Failure) 105M->105M(151M) 13.343ms
[0.821s][info][gc,cpu         ] GC(33) User=0.02s Sys=0.00s Real=0.01s
[0.829s][info][gc,start       ] GC(34) Pause Young (Allocation Failure)
[0.840s][info][gc,heap        ] GC(34) PSYoungGen: 23040K(31744K)->23040K(32256K) Eden: 9216K(9216K)->0K(9216K) From: 13824K(22528K)->23040K(23040K)
[0.841s][info][gc,heap        ] GC(34) ParOldGen: 94666K(122880K)->94666K(122880K)
[0.841s][info][gc,metaspace   ] GC(34) Metaspace: 6297K(6464K)->6297K(6464K) NonClass: 5764K(5824K)->5764K(5824K) Class: 533K(640K)->533K(640K)
[0.841s][info][gc             ] GC(34) Pause Young (Allocation Failure) 114M->114M(151M) 11.829ms
[0.841s][info][gc,cpu         ] GC(34) User=0.02s Sys=0.00s Real=0.01s
[0.850s][info][gc,start       ] GC(35) Pause Young (Allocation Failure)
[0.869s][info][gc,heap        ] GC(35) PSYoungGen: 32256K(32256K)->26624K(31232K) Eden: 9216K(9216K)->0K(4608K) From: 23040K(23040K)->26624K(26624K)
[0.869s][info][gc,heap        ] GC(35) ParOldGen: 94666K(122880K)->100330K(122880K)
[0.869s][info][gc,metaspace   ] GC(35) Metaspace: 6297K(6464K)->6297K(6464K) NonClass: 5764K(5824K)->5764K(5824K) Class: 533K(640K)->533K(640K)
[0.869s][info][gc             ] GC(35) Pause Young (Allocation Failure) 123M->123M(150M) 19.329ms
[0.869s][info][gc,cpu         ] GC(35) User=0.00s Sys=0.00s Real=0.02s
[0.874s][info][gc,start       ] GC(36) Pause Young (Allocation Failure)
[0.893s][info][gc,heap        ] GC(36) PSYoungGen: 31232K(31232K)->19232K(37888K) Eden: 4608K(4608K)->0K(4608K) From: 26624K(26624K)->19232K(33280K)
[0.893s][info][gc,heap        ] GC(36) ParOldGen: 100330K(122880K)->112522K(122880K)
[0.893s][info][gc,metaspace   ] GC(36) Metaspace: 6297K(6464K)->6297K(6464K) NonClass: 5764K(5824K)->5764K(5824K) Class: 533K(640K)->533K(640K)
[0.893s][info][gc             ] GC(36) Pause Young (Allocation Failure) 128M->128M(157M) 19.837ms
[0.893s][info][gc,cpu         ] GC(36) User=0.02s Sys=0.00s Real=0.02s
[0.893s][info][gc,start       ] GC(37) Pause Full (Ergonomics)
[0.893s][info][gc,phases,start] GC(37) Marking Phase
[0.934s][info][gc,phases      ] GC(37) Marking Phase 40.397ms
[0.934s][info][gc,phases,start] GC(37) Summary Phase
[0.934s][info][gc,phases      ] GC(37) Summary Phase 0.016ms
[0.934s][info][gc,phases,start] GC(37) Adjust Roots
[0.934s][info][gc,phases      ] GC(37) Adjust Roots 0.159ms
[0.934s][info][gc,phases,start] GC(37) Compaction Phase
[0.959s][info][gc,phases      ] GC(37) Compaction Phase 24.612ms
[0.959s][info][gc,phases,start] GC(37) Post Compact
[0.960s][info][gc,phases      ] GC(37) Post Compact 0.683ms
[0.960s][info][gc,heap        ] GC(37) PSYoungGen: 19232K(37888K)->8943K(37888K) Eden: 0K(4608K)->0K(4608K) From: 19232K(33280K)->8943K(33280K)
[0.960s][info][gc,heap        ] GC(37) ParOldGen: 112522K(122880K)->122439K(152576K)
[0.960s][info][gc,metaspace   ] GC(37) Metaspace: 6297K(6464K)->6297K(6464K) NonClass: 5764K(5824K)->5764K(5824K) Class: 533K(640K)->533K(640K)
[0.960s][info][gc             ] GC(37) Pause Full (Ergonomics) 128M->128M(186M) 66.266ms
[0.960s][info][gc,cpu         ] GC(37) User=0.14s Sys=0.02s Real=0.07s
[0.964s][info][gc,start       ] GC(38) Pause Young (Allocation Failure)
[0.979s][info][gc,heap        ] GC(38) PSYoungGen: 13551K(37888K)->9760K(36352K) Eden: 4608K(4608K)->0K(5632K) From: 8943K(33280K)->9760K(30720K)
[0.979s][info][gc,heap        ] GC(38) ParOldGen: 122439K(152576K)->126343K(152576K)
[0.979s][info][gc,metaspace   ] GC(38) Metaspace: 6297K(6464K)->6297K(6464K) NonClass: 5764K(5824K)->5764K(5824K) Class: 533K(640K)->533K(640K)
[0.979s][info][gc             ] GC(38) Pause Young (Allocation Failure) 132M->132M(184M) 15.109ms
[0.979s][info][gc,cpu         ] GC(38) User=0.02s Sys=0.00s Real=0.02s
[0.985s][info][gc,start       ] GC(39) Pause Young (Allocation Failure)
[0.994s][info][gc,heap        ] GC(39) PSYoungGen: 15392K(36352K)->15392K(37888K) Eden: 5632K(5632K)->0K(5632K) From: 9760K(30720K)->15392K(32256K)
[0.994s][info][gc,heap        ] GC(39) ParOldGen: 126343K(152576K)->126343K(152576K)
[0.994s][info][gc,metaspace   ] GC(39) Metaspace: 6297K(6464K)->6297K(6464K) NonClass: 5764K(5824K)->5764K(5824K) Class: 533K(640K)->533K(640K)
[0.994s][info][gc             ] GC(39) Pause Young (Allocation Failure) 138M->138M(186M) 9.298ms
[0.994s][info][gc,cpu         ] GC(39) User=0.02s Sys=0.00s Real=0.01s
[1.000s][info][gc,start       ] GC(40) Pause Young (Allocation Failure)
[1.012s][info][gc,heap        ] GC(40) PSYoungGen: 21024K(37888K)->17056K(37888K) Eden: 5632K(5632K)->0K(7168K) From: 15392K(32256K)->17056K(30720K)
[1.012s][info][gc,heap        ] GC(40) ParOldGen: 126343K(152576K)->130327K(152576K)
[1.012s][info][gc,metaspace   ] GC(40) Metaspace: 6297K(6464K)->6297K(6464K) NonClass: 5764K(5824K)->5764K(5824K) Class: 533K(640K)->533K(640K)
[1.012s][info][gc             ] GC(40) Pause Young (Allocation Failure) 143M->143M(186M) 11.550ms
[1.012s][info][gc,cpu         ] GC(40) User=0.02s Sys=0.00s Real=0.01s
[1.020s][info][gc,start       ] GC(41) Pause Young (Allocation Failure)
[1.035s][info][gc,heap        ] GC(41) PSYoungGen: 24224K(37888K)->23008K(37888K) Eden: 7168K(7168K)->0K(7168K) From: 17056K(30720K)->23008K(30720K)
[1.035s][info][gc,heap        ] GC(41) ParOldGen: 130327K(152576K)->131559K(152576K)
[1.036s][info][gc,metaspace   ] GC(41) Metaspace: 6297K(6464K)->6297K(6464K) NonClass: 5764K(5824K)->5764K(5824K) Class: 533K(640K)->533K(640K)
[1.036s][info][gc             ] GC(41) Pause Young (Allocation Failure) 150M->150M(186M) 15.570ms
[1.036s][info][gc,cpu         ] GC(41) User=0.02s Sys=0.00s Real=0.02s
[1.044s][info][gc,start       ] GC(42) Pause Young (Allocation Failure)
[1.061s][info][gc,heap        ] GC(42) PSYoungGen: 30176K(37888K)->20000K(41472K) Eden: 7168K(7168K)->0K(8704K) From: 23008K(30720K)->20000K(32768K)
[1.061s][info][gc,heap        ] GC(42) ParOldGen: 131559K(152576K)->141911K(152576K)
[1.061s][info][gc,metaspace   ] GC(42) Metaspace: 6297K(6464K)->6297K(6464K) NonClass: 5764K(5824K)->5764K(5824K) Class: 533K(640K)->533K(640K)
[1.061s][info][gc             ] GC(42) Pause Young (Allocation Failure) 157M->158M(189M) 17.239ms
[1.061s][info][gc,cpu         ] GC(42) User=0.02s Sys=0.00s Real=0.02s
[1.061s][info][gc,start       ] GC(43) Pause Full (Ergonomics)
[1.061s][info][gc,phases,start] GC(43) Marking Phase
[1.111s][info][gc,phases      ] GC(43) Marking Phase 49.406ms
[1.111s][info][gc,phases,start] GC(43) Summary Phase
[1.111s][info][gc,phases      ] GC(43) Summary Phase 0.020ms
[1.111s][info][gc,phases,start] GC(43) Adjust Roots
[1.111s][info][gc,phases      ] GC(43) Adjust Roots 0.165ms
[1.111s][info][gc,phases,start] GC(43) Compaction Phase
[1.135s][info][gc,phases      ] GC(43) Compaction Phase 24.530ms
[1.135s][info][gc,phases,start] GC(43) Post Compact
[1.136s][info][gc,phases      ] GC(43) Post Compact 0.861ms
[1.137s][info][gc,heap        ] GC(43) PSYoungGen: 20000K(41472K)->9143K(41472K) Eden: 0K(8704K)->0K(8704K) From: 20000K(32768K)->9143K(32768K)
[1.137s][info][gc,heap        ] GC(43) ParOldGen: 141911K(152576K)->152291K(182784K)
[1.137s][info][gc,metaspace   ] GC(43) Metaspace: 6297K(6464K)->6297K(6464K) NonClass: 5764K(5824K)->5764K(5824K) Class: 533K(640K)->533K(640K)
[1.137s][info][gc             ] GC(43) Pause Full (Ergonomics) 158M->157M(219M) 75.473ms
[1.137s][info][gc,cpu         ] GC(43) User=0.20s Sys=0.00s Real=0.08s
[1.145s][info][gc,start       ] GC(44) Pause Young (Allocation Failure)
[1.166s][info][gc,heap        ] GC(44) PSYoungGen: 17847K(41472K)->11488K(41472K) Eden: 8704K(8704K)->0K(8704K) From: 9143K(32768K)->11488K(32768K)
[1.166s][info][gc,heap        ] GC(44) ParOldGen: 152291K(182784K)->158851K(182784K)
[1.166s][info][gc,metaspace   ] GC(44) Metaspace: 6297K(6464K)->6297K(6464K) NonClass: 5764K(5824K)->5764K(5824K) Class: 533K(640K)->533K(640K)
[1.166s][info][gc             ] GC(44) Pause Young (Allocation Failure) 166M->166M(219M) 20.533ms
[1.166s][info][gc,cpu         ] GC(44) User=0.06s Sys=0.00s Real=0.02s
[1.204s][info][gc,start       ] GC(45) Pause Young (Allocation Failure)
[1.220s][info][gc,heap        ] GC(45) PSYoungGen: 20192K(41472K)->17472K(40448K) Eden: 8704K(8704K)->0K(10240K) From: 11488K(32768K)->17472K(30208K)
[1.220s][info][gc,heap        ] GC(45) ParOldGen: 167043K(182784K)->169803K(182784K)
[1.220s][info][gc,metaspace   ] GC(45) Metaspace: 6297K(6464K)->6297K(6464K) NonClass: 5764K(5824K)->5764K(5824K) Class: 533K(640K)->533K(640K)
[1.220s][info][gc             ] GC(45) Pause Young (Allocation Failure) 182M->182M(218M) 16.636ms
[1.220s][info][gc,cpu         ] GC(45) User=0.03s Sys=0.00s Real=0.02s
[1.220s][info][gc,start       ] GC(46) Pause Full (Ergonomics)
[1.220s][info][gc,phases,start] GC(46) Marking Phase
[1.267s][info][gc,phases      ] GC(46) Marking Phase 47.081ms
[1.267s][info][gc,phases,start] GC(46) Summary Phase
[1.267s][info][gc,phases      ] GC(46) Summary Phase 0.018ms
[1.267s][info][gc,phases,start] GC(46) Adjust Roots
[1.268s][info][gc,phases      ] GC(46) Adjust Roots 0.144ms
[1.268s][info][gc,phases,start] GC(46) Compaction Phase
[1.309s][info][gc,phases      ] GC(46) Compaction Phase 41.573ms
[1.309s][info][gc,phases,start] GC(46) Post Compact
[1.311s][info][gc,phases      ] GC(46) Post Compact 1.321ms
[1.311s][info][gc,heap        ] GC(46) PSYoungGen: 17472K(40448K)->485K(41472K) Eden: 0K(10240K)->0K(11264K) From: 17472K(30208K)->485K(30208K)
[1.311s][info][gc,heap        ] GC(46) ParOldGen: 169803K(182784K)->182388K(214016K)
[1.311s][info][gc,metaspace   ] GC(46) Metaspace: 6297K(6464K)->6297K(6464K) NonClass: 5764K(5824K)->5764K(5824K) Class: 533K(640K)->533K(640K)
[1.311s][info][gc             ] GC(46) Pause Full (Ergonomics) 182M->178M(249M) 90.629ms
[1.311s][info][gc,cpu         ] GC(46) User=0.25s Sys=0.00s Real=0.09s
[1.322s][info][gc,start       ] GC(47) Pause Young (Allocation Failure)
[1.339s][info][gc,heap        ] GC(47) PSYoungGen: 11749K(41472K)->11296K(42496K) Eden: 11264K(11264K)->0K(11264K) From: 485K(30208K)->11296K(31232K)
[1.339s][info][gc,heap        ] GC(47) ParOldGen: 182388K(214016K)->182900K(214016K)
[1.339s][info][gc,metaspace   ] GC(47) Metaspace: 6297K(6464K)->6297K(6464K) NonClass: 5764K(5824K)->5764K(5824K) Class: 533K(640K)->533K(640K)
[1.339s][info][gc             ] GC(47) Pause Young (Allocation Failure) 189M->189M(250M) 17.186ms
[1.339s][info][gc,cpu         ] GC(47) User=0.05s Sys=0.00s Real=0.02s
[1.350s][info][gc,start       ] GC(48) Pause Young (Allocation Failure)
[1.362s][info][gc,heap        ] GC(48) PSYoungGen: 22560K(42496K)->22624K(41472K) Eden: 11264K(11264K)->0K(11264K) From: 11296K(31232K)->22624K(30208K)
[1.362s][info][gc,heap        ] GC(48) ParOldGen: 182900K(214016K)->182900K(214016K)
[1.362s][info][gc,metaspace   ] GC(48) Metaspace: 6297K(6464K)->6297K(6464K) NonClass: 5764K(5824K)->5764K(5824K) Class: 533K(640K)->533K(640K)
[1.362s][info][gc             ] GC(48) Pause Young (Allocation Failure) 200M->200M(249M) 12.039ms
[1.362s][info][gc,cpu         ] GC(48) User=0.00s Sys=0.00s Real=0.01s
[1.374s][info][gc,start       ] GC(49) Pause Young (Allocation Failure)
[1.390s][info][gc,heap        ] GC(49) PSYoungGen: 33888K(41472K)->31744K(43008K) Eden: 11264K(11264K)->0K(11264K) From: 22624K(30208K)->31744K(31744K)
[1.390s][info][gc,heap        ] GC(49) ParOldGen: 182900K(214016K)->184972K(214016K)
[1.390s][info][gc,metaspace   ] GC(49) Metaspace: 6297K(6464K)->6297K(6464K) NonClass: 5764K(5824K)->5764K(5824K) Class: 533K(640K)->533K(640K)
[1.390s][info][gc             ] GC(49) Pause Young (Allocation Failure) 211M->211M(251M) 16.813ms
[1.390s][info][gc,cpu         ] GC(49) User=0.03s Sys=0.00s Real=0.02s
[1.402s][info][gc,start       ] GC(50) Pause Young (Allocation Failure)
[1.424s][info][gc,heap        ] GC(50) PSYoungGen: 43008K(43008K)->32640K(46080K) Eden: 11264K(11264K)->0K(9216K) From: 31744K(31744K)->32640K(36864K)
[1.424s][info][gc,heap        ] GC(50) ParOldGen: 184972K(214016K)->195580K(214016K)
[1.424s][info][gc,metaspace   ] GC(50) Metaspace: 6297K(6464K)->6297K(6464K) NonClass: 5764K(5824K)->5764K(5824K) Class: 533K(640K)->533K(640K)
[1.424s][info][gc             ] GC(50) Pause Young (Allocation Failure) 222M->222M(254M) 21.645ms
[1.424s][info][gc,cpu         ] GC(50) User=0.06s Sys=0.02s Real=0.02s
[1.434s][info][gc,start       ] GC(51) Pause Young (Allocation Failure)
[1.454s][info][gc,heap        ] GC(51) PSYoungGen: 41856K(46080K)->30976K(49664K) Eden: 9216K(9216K)->0K(9216K) From: 32640K(36864K)->30976K(40448K)
[1.454s][info][gc,heap        ] GC(51) ParOldGen: 195580K(214016K)->206612K(214016K)
[1.454s][info][gc,metaspace   ] GC(51) Metaspace: 6297K(6464K)->6297K(6464K) NonClass: 5764K(5824K)->5764K(5824K) Class: 533K(640K)->533K(640K)
[1.455s][info][gc             ] GC(51) Pause Young (Allocation Failure) 231M->232M(257M) 20.508ms
[1.455s][info][gc,cpu         ] GC(51) User=0.08s Sys=0.02s Real=0.02s
[1.455s][info][gc,start       ] GC(52) Pause Full (Ergonomics)
[1.455s][info][gc,phases,start] GC(52) Marking Phase
[1.512s][info][gc,phases      ] GC(52) Marking Phase 57.469ms
[1.512s][info][gc,phases,start] GC(52) Summary Phase
[1.512s][info][gc,phases      ] GC(52) Summary Phase 0.026ms
[1.512s][info][gc,phases,start] GC(52) Adjust Roots
[1.512s][info][gc,phases      ] GC(52) Adjust Roots 0.183ms
[1.512s][info][gc,phases,start] GC(52) Compaction Phase
[1.546s][info][gc,phases      ] GC(52) Compaction Phase 33.380ms
[1.546s][info][gc,phases,start] GC(52) Post Compact
[1.547s][info][gc,phases      ] GC(52) Post Compact 1.123ms
[1.547s][info][gc,heap        ] GC(52) PSYoungGen: 30976K(49664K)->23140K(49664K) Eden: 0K(9216K)->0K(9216K) From: 30976K(40448K)->23140K(40448K)
[1.547s][info][gc,heap        ] GC(52) ParOldGen: 206612K(214016K)->213849K(249856K)
[1.547s][info][gc,metaspace   ] GC(52) Metaspace: 6297K(6464K)->6297K(6464K) NonClass: 5764K(5824K)->5764K(5824K) Class: 533K(640K)->533K(640K)
[1.547s][info][gc             ] GC(52) Pause Full (Ergonomics) 232M->231M(292M) 92.629ms
[1.547s][info][gc,cpu         ] GC(52) User=0.38s Sys=0.00s Real=0.09s
[1.558s][info][gc,start       ] GC(53) Pause Young (Allocation Failure)
[1.589s][info][gc,heap        ] GC(53) PSYoungGen: 32356K(49664K)->16736K(50688K) Eden: 9216K(9216K)->0K(10752K) From: 23140K(40448K)->16736K(39936K)
[1.589s][info][gc,heap        ] GC(53) ParOldGen: 213849K(249856K)->229857K(249856K)
[1.589s][info][gc,metaspace   ] GC(53) Metaspace: 6297K(6464K)->6297K(6464K) NonClass: 5764K(5824K)->5764K(5824K) Class: 533K(640K)->533K(640K)
[1.589s][info][gc             ] GC(53) Pause Young (Allocation Failure) 240M->240M(293M) 31.025ms
[1.589s][info][gc,cpu         ] GC(53) User=0.06s Sys=0.00s Real=0.03s
[1.602s][info][gc,start       ] GC(54) Pause Young (Allocation Failure)
[1.617s][info][gc,heap        ] GC(54) PSYoungGen: 27488K(50688K)->20032K(52224K) Eden: 10752K(10752K)->0K(10752K) From: 16736K(39936K)->20032K(41472K)
[1.617s][info][gc,heap        ] GC(54) ParOldGen: 229857K(249856K)->237361K(249856K)
[1.617s][info][gc,metaspace   ] GC(54) Metaspace: 6297K(6464K)->6297K(6464K) NonClass: 5764K(5824K)->5764K(5824K) Class: 533K(640K)->533K(640K)
[1.617s][info][gc             ] GC(54) Pause Young (Allocation Failure) 251M->251M(295M) 15.434ms
[1.617s][info][gc,cpu         ] GC(54) User=0.02s Sys=0.00s Real=0.01s
[1.617s][info][gc,start       ] GC(55) Pause Full (Ergonomics)
[1.617s][info][gc,phases,start] GC(55) Marking Phase
[1.677s][info][gc,phases      ] GC(55) Marking Phase 60.087ms
[1.677s][info][gc,phases,start] GC(55) Summary Phase
[1.677s][info][gc,phases      ] GC(55) Summary Phase 0.018ms
[1.677s][info][gc,phases,start] GC(55) Adjust Roots
[1.678s][info][gc,phases      ] GC(55) Adjust Roots 0.149ms
[1.678s][info][gc,phases,start] GC(55) Compaction Phase
[1.706s][info][gc,phases      ] GC(55) Compaction Phase 28.328ms
[1.706s][info][gc,phases,start] GC(55) Post Compact
[1.707s][info][gc,phases      ] GC(55) Post Compact 1.215ms
[1.708s][info][gc,heap        ] GC(55) PSYoungGen: 20032K(52224K)->7132K(17920K) Eden: 0K(10752K)->0K(10752K) From: 20032K(41472K)->7132K(7168K)
[1.708s][info][gc,heap        ] GC(55) ParOldGen: 237361K(249856K)->249765K(290304K)
[1.708s][info][gc,metaspace   ] GC(55) Metaspace: 6297K(6464K)->6297K(6464K) NonClass: 5764K(5824K)->5764K(5824K) Class: 533K(640K)->533K(640K)
[1.708s][info][gc             ] GC(55) Pause Full (Ergonomics) 251M->250M(301M) 90.463ms
[1.708s][info][gc,cpu         ] GC(55) User=0.38s Sys=0.00s Real=0.09s
[1.721s][info][gc,start       ] GC(56) Pause Young (Allocation Failure)
[1.743s][info][gc,heap        ] GC(56) PSYoungGen: 17884K(17920K)->15296K(48640K) Eden: 10752K(10752K)->0K(12288K) From: 7132K(7168K)->15296K(36352K)
[1.743s][info][gc,heap        ] GC(56) ParOldGen: 249765K(290304K)->252549K(290304K)
[1.743s][info][gc,metaspace   ] GC(56) Metaspace: 6297K(6464K)->6297K(6464K) NonClass: 5764K(5824K)->5764K(5824K) Class: 533K(640K)->533K(640K)
[1.743s][info][gc             ] GC(56) Pause Young (Allocation Failure) 261M->261M(331M) 21.659ms
[1.743s][info][gc,cpu         ] GC(56) User=0.11s Sys=0.00s Real=0.02s
[1.757s][info][gc,start       ] GC(57) Pause Young (Allocation Failure)
[1.771s][info][gc,heap        ] GC(57) PSYoungGen: 27584K(48640K)->27584K(50176K) Eden: 12288K(12288K)->0K(12288K) From: 15296K(36352K)->27584K(37888K)
[1.771s][info][gc,heap        ] GC(57) ParOldGen: 252549K(290304K)->252549K(290304K)
[1.771s][info][gc,metaspace   ] GC(57) Metaspace: 6297K(6464K)->6297K(6464K) NonClass: 5764K(5824K)->5764K(5824K) Class: 533K(640K)->533K(640K)
[1.771s][info][gc             ] GC(57) Pause Young (Allocation Failure) 273M->273M(332M) 14.696ms
[1.772s][info][gc,cpu         ] GC(57) User=0.02s Sys=0.00s Real=0.01s
[1.786s][info][gc,start       ] GC(58) Pause Young (Allocation Failure)
[1.806s][info][gc,heap        ] GC(58) PSYoungGen: 39872K(50176K)->39424K(48128K) Eden: 12288K(12288K)->0K(8704K) From: 27584K(37888K)->39424K(39424K)
[1.806s][info][gc,heap        ] GC(58) ParOldGen: 252549K(290304K)->252893K(290304K)
[1.806s][info][gc,metaspace   ] GC(58) Metaspace: 6297K(6464K)->6297K(6464K) NonClass: 5764K(5824K)->5764K(5824K) Class: 533K(640K)->533K(640K)
[1.806s][info][gc             ] GC(58) Pause Young (Allocation Failure) 285M->285M(330M) 19.947ms
[1.806s][info][gc,cpu         ] GC(58) User=0.08s Sys=0.02s Real=0.02s
[1.815s][info][gc,start       ] GC(59) Pause Young (Allocation Failure)
[1.839s][info][gc,heap        ] GC(59) PSYoungGen: 48128K(48128K)->33120K(53248K) Eden: 8704K(8704K)->0K(8704K) From: 39424K(39424K)->33120K(44544K)
[1.839s][info][gc,heap        ] GC(59) ParOldGen: 252893K(290304K)->268125K(290304K)
[1.839s][info][gc,metaspace   ] GC(59) Metaspace: 6297K(6464K)->6297K(6464K) NonClass: 5764K(5824K)->5764K(5824K) Class: 533K(640K)->533K(640K)
[1.839s][info][gc             ] GC(59) Pause Young (Allocation Failure) 293M->294M(335M) 23.658ms
[1.839s][info][gc,cpu         ] GC(59) User=0.08s Sys=0.03s Real=0.02s
[1.849s][info][gc,start       ] GC(60) Pause Young (Allocation Failure)
[1.870s][info][gc,heap        ] GC(60) PSYoungGen: 41824K(53248K)->29696K(56832K) Eden: 8704K(8704K)->0K(10240K) From: 33120K(44544K)->29696K(46592K)
[1.870s][info][gc,heap        ] GC(60) ParOldGen: 268125K(290304K)->280493K(290304K)
[1.870s][info][gc,metaspace   ] GC(60) Metaspace: 6297K(6464K)->6297K(6464K) NonClass: 5764K(5824K)->5764K(5824K) Class: 533K(640K)->533K(640K)
[1.871s][info][gc             ] GC(60) Pause Young (Allocation Failure) 302M->302M(339M) 21.558ms
[1.871s][info][gc,cpu         ] GC(60) User=0.09s Sys=0.02s Real=0.02s
[1.871s][info][gc,start       ] GC(61) Pause Full (Ergonomics)
[1.871s][info][gc,phases,start] GC(61) Marking Phase
[1.941s][info][gc,phases      ] GC(61) Marking Phase 70.237ms
[1.941s][info][gc,phases,start] GC(61) Summary Phase
[1.941s][info][gc,phases      ] GC(61) Summary Phase 0.019ms
[1.941s][info][gc,phases,start] GC(61) Adjust Roots
[1.941s][info][gc,phases      ] GC(61) Adjust Roots 0.147ms
[1.941s][info][gc,phases,start] GC(61) Compaction Phase
[1.977s][info][gc,phases      ] GC(61) Compaction Phase 35.536ms
[1.977s][info][gc,phases,start] GC(61) Post Compact
[1.978s][info][gc,phases      ] GC(61) Post Compact 1.671ms
[1.979s][info][gc,heap        ] GC(61) PSYoungGen: 29696K(56832K)->19274K(56832K) Eden: 0K(10240K)->0K(10240K) From: 29696K(46592K)->19274K(46592K)
[1.979s][info][gc,heap        ] GC(61) ParOldGen: 280493K(290304K)->290197K(335872K)
[1.979s][info][gc,metaspace   ] GC(61) Metaspace: 6297K(6464K)->6297K(6464K) NonClass: 5764K(5824K)->5764K(5824K) Class: 533K(640K)->533K(640K)
[1.979s][info][gc             ] GC(61) Pause Full (Ergonomics) 302M->302M(383M) 108.234ms
[1.979s][info][gc,cpu         ] GC(61) User=0.70s Sys=0.00s Real=0.11s
[1.991s][info][gc,start       ] GC(62) Pause Young (Allocation Failure)
[2.020s][info][gc,heap        ] GC(62) PSYoungGen: 29514K(56832K)->16000K(56832K) Eden: 10240K(10240K)->0K(10240K) From: 19274K(46592K)->16000K(46592K)
[2.020s][info][gc,heap        ] GC(62) ParOldGen: 290197K(335872K)->304093K(335872K)
[2.020s][info][gc,metaspace   ] GC(62) Metaspace: 6297K(6464K)->6297K(6464K) NonClass: 5764K(5824K)->5764K(5824K) Class: 533K(640K)->533K(640K)
[2.020s][info][gc             ] GC(62) Pause Young (Allocation Failure) 312M->312M(383M) 28.583ms
[2.020s][info][gc,cpu         ] GC(62) User=0.08s Sys=0.02s Real=0.03s
[2.032s][info][gc,start       ] GC(63) Pause Young (Allocation Failure)
[2.046s][info][gc,heap        ] GC(63) PSYoungGen: 26240K(56832K)->20576K(54272K) Eden: 10240K(10240K)->0K(11776K) From: 16000K(46592K)->20576K(42496K)
[2.046s][info][gc,heap        ] GC(63) ParOldGen: 304093K(335872K)->309797K(335872K)
[2.046s][info][gc,metaspace   ] GC(63) Metaspace: 6297K(6464K)->6297K(6464K) NonClass: 5764K(5824K)->5764K(5824K) Class: 533K(640K)->533K(640K)
[2.046s][info][gc             ] GC(63) Pause Young (Allocation Failure) 322M->322M(381M) 13.863ms
[2.046s][info][gc,cpu         ] GC(63) User=0.02s Sys=0.00s Real=0.01s
[2.059s][info][gc,start       ] GC(64) Pause Young (Allocation Failure)
[2.076s][info][gc,heap        ] GC(64) PSYoungGen: 32352K(54272K)->22144K(55808K) Eden: 11776K(11776K)->0K(11776K) From: 20576K(42496K)->22144K(44032K)
[2.076s][info][gc,heap        ] GC(64) ParOldGen: 309797K(335872K)->320181K(335872K)
[2.076s][info][gc,metaspace   ] GC(64) Metaspace: 6297K(6464K)->6297K(6464K) NonClass: 5764K(5824K)->5764K(5824K) Class: 533K(640K)->533K(640K)
[2.076s][info][gc             ] GC(64) Pause Young (Allocation Failure) 334M->334M(382M) 17.198ms
[2.076s][info][gc,cpu         ] GC(64) User=0.03s Sys=0.00s Real=0.02s
[2.077s][info][gc,start       ] GC(65) Pause Full (Ergonomics)
[2.077s][info][gc,phases,start] GC(65) Marking Phase
[2.149s][info][gc,phases      ] GC(65) Marking Phase 72.212ms
[2.149s][info][gc,phases,start] GC(65) Summary Phase
[2.149s][info][gc,phases      ] GC(65) Summary Phase 0.019ms
[2.149s][info][gc,phases,start] GC(65) Adjust Roots
[2.149s][info][gc,phases      ] GC(65) Adjust Roots 0.147ms
[2.149s][info][gc,phases,start] GC(65) Compaction Phase
[2.185s][info][gc,phases      ] GC(65) Compaction Phase 35.759ms
[2.185s][info][gc,phases,start] GC(65) Post Compact
[2.187s][info][gc,phases      ] GC(65) Post Compact 1.713ms
[2.187s][info][gc,heap        ] GC(65) PSYoungGen: 22144K(55808K)->6111K(17920K) Eden: 0K(11776K)->0K(11776K) From: 22144K(44032K)->6111K(6144K)
[2.187s][info][gc,heap        ] GC(65) ParOldGen: 320181K(335872K)->335520K(383488K)
[2.187s][info][gc,metaspace   ] GC(65) Metaspace: 6297K(6464K)->6297K(6464K) NonClass: 5764K(5824K)->5764K(5824K) Class: 533K(640K)->533K(640K)
[2.187s][info][gc             ] GC(65) Pause Full (Ergonomics) 334M->333M(392M) 110.386ms
[2.187s][info][gc,cpu         ] GC(65) User=0.70s Sys=0.00s Real=0.11s
[2.264s][info][gc,start       ] GC(66) Pause Young (Allocation Failure)
[2.287s][info][gc,heap        ] GC(66) PSYoungGen: 17887K(17920K)->15296K(54272K) Eden: 11776K(11776K)->0K(13312K) From: 6111K(6144K)->15296K(40960K)
[2.287s][info][gc,heap        ] GC(66) ParOldGen: 351904K(383488K)->354696K(383488K)
[2.287s][info][gc,metaspace   ] GC(66) Metaspace: 6297K(6464K)->6297K(6464K) NonClass: 5764K(5824K)->5764K(5824K) Class: 533K(640K)->533K(640K)
[2.287s][info][gc             ] GC(66) Pause Young (Allocation Failure) 361M->361M(427M) 22.740ms
[2.287s][info][gc,cpu         ] GC(66) User=0.12s Sys=0.02s Real=0.02s
[2.299s][info][gc,start       ] GC(67) Pause Young (Allocation Failure)
[2.315s][info][gc,heap        ] GC(67) PSYoungGen: 28608K(54272K)->28608K(54784K) Eden: 13312K(13312K)->0K(13312K) From: 15296K(40960K)->28608K(41472K)
[2.315s][info][gc,heap        ] GC(67) ParOldGen: 354696K(383488K)->354696K(383488K)
[2.315s][info][gc,metaspace   ] GC(67) Metaspace: 6297K(6464K)->6297K(6464K) NonClass: 5764K(5824K)->5764K(5824K) Class: 533K(640K)->533K(640K)
[2.315s][info][gc             ] GC(67) Pause Young (Allocation Failure) 374M->374M(428M) 15.553ms
[2.315s][info][gc,cpu         ] GC(67) User=0.00s Sys=0.00s Real=0.01s
[2.329s][info][gc,start       ] GC(68) Pause Young (Allocation Failure)
[2.351s][info][gc,heap        ] GC(68) PSYoungGen: 41920K(54784K)->38528K(53248K) Eden: 13312K(13312K)->0K(11264K) From: 28608K(41472K)->38528K(41984K)
[2.351s][info][gc,heap        ] GC(68) ParOldGen: 354696K(383488K)->358168K(383488K)
[2.351s][info][gc,metaspace   ] GC(68) Metaspace: 6297K(6464K)->6297K(6464K) NonClass: 5764K(5824K)->5764K(5824K) Class: 533K(640K)->533K(640K)
[2.351s][info][gc             ] GC(68) Pause Young (Allocation Failure) 387M->387M(426M) 22.221ms
[2.351s][info][gc,cpu         ] GC(68) User=0.06s Sys=0.00s Real=0.02s
[2.362s][info][gc,start       ] GC(69) Pause Young (Allocation Failure)
[2.387s][info][gc,heap        ] GC(69) PSYoungGen: 49792K(53248K)->37984K(56832K) Eden: 11264K(11264K)->0K(11264K) From: 38528K(41984K)->37984K(45568K)
[2.387s][info][gc,heap        ] GC(69) ParOldGen: 358168K(383488K)->370120K(383488K)
[2.387s][info][gc,metaspace   ] GC(69) Metaspace: 6297K(6464K)->6297K(6464K) NonClass: 5764K(5824K)->5764K(5824K) Class: 533K(640K)->533K(640K)
[2.387s][info][gc             ] GC(69) Pause Young (Allocation Failure) 398M->398M(430M) 25.006ms
[2.388s][info][gc,cpu         ] GC(69) User=0.12s Sys=0.00s Real=0.03s
[2.388s][info][gc,start       ] GC(70) Pause Full (Ergonomics)
[2.388s][info][gc,phases,start] GC(70) Marking Phase
[2.478s][info][gc,phases      ] GC(70) Marking Phase 90.816ms
[2.478s][info][gc,phases,start] GC(70) Summary Phase
[2.478s][info][gc,phases      ] GC(70) Summary Phase 0.019ms
[2.478s][info][gc,phases,start] GC(70) Adjust Roots
[2.479s][info][gc,phases      ] GC(70) Adjust Roots 0.147ms
[2.479s][info][gc,phases,start] GC(70) Compaction Phase
[2.550s][info][gc,phases      ] GC(70) Compaction Phase 71.125ms
[2.550s][info][gc,phases,start] GC(70) Post Compact
[2.552s][info][gc,phases      ] GC(70) Post Compact 2.072ms
[2.552s][info][gc,heap        ] GC(70) PSYoungGen: 37984K(56832K)->16341K(56832K) Eden: 0K(11264K)->0K(11264K) From: 37984K(45568K)->16341K(45568K)
[2.552s][info][gc,heap        ] GC(70) ParOldGen: 370120K(383488K)->383024K(433152K)
[2.552s][info][gc,metaspace   ] GC(70) Metaspace: 6297K(6464K)->6297K(6464K) NonClass: 5764K(5824K)->5764K(5824K) Class: 533K(640K)->533K(640K)
[2.552s][info][gc             ] GC(70) Pause Full (Ergonomics) 398M->390M(478M) 164.710ms
[2.552s][info][gc,cpu         ] GC(70) User=0.92s Sys=0.03s Real=0.16s
[2.567s][info][gc,start       ] GC(71) Pause Young (Allocation Failure)
[2.598s][info][gc,heap        ] GC(71) PSYoungGen: 27605K(56832K)->16352K(60416K) Eden: 11264K(11264K)->0K(12800K) From: 16341K(45568K)->16352K(47616K)
[2.598s][info][gc,heap        ] GC(71) ParOldGen: 383024K(433152K)->394560K(433152K)
[2.598s][info][gc,metaspace   ] GC(71) Metaspace: 6297K(6464K)->6297K(6464K) NonClass: 5764K(5824K)->5764K(5824K) Class: 533K(640K)->533K(640K)
[2.598s][info][gc             ] GC(71) Pause Young (Allocation Failure) 401M->401M(482M) 31.419ms
[2.598s][info][gc,cpu         ] GC(71) User=0.11s Sys=0.00s Real=0.03s
[2.610s][info][gc,start       ] GC(72) Pause Young (Allocation Failure)
[2.626s][info][gc,heap        ] GC(72) PSYoungGen: 29152K(60416K)->24224K(37376K) Eden: 12800K(12800K)->0K(12800K) From: 16352K(47616K)->24224K(24576K)
[2.626s][info][gc,heap        ] GC(72) ParOldGen: 394560K(433152K)->399656K(433152K)
[2.626s][info][gc,metaspace   ] GC(72) Metaspace: 6297K(6464K)->6297K(6464K) NonClass: 5764K(5824K)->5764K(5824K) Class: 533K(640K)->533K(640K)
[2.626s][info][gc             ] GC(72) Pause Young (Allocation Failure) 413M->413M(459M) 15.586ms
[2.626s][info][gc,cpu         ] GC(72) User=0.02s Sys=0.00s Real=0.02s
[2.639s][info][gc,start       ] GC(73) Pause Young (Allocation Failure)
[2.658s][info][gc,heap        ] GC(73) PSYoungGen: 37024K(37376K)->25728K(57856K) Eden: 12800K(12800K)->0K(14848K) From: 24224K(24576K)->25728K(43008K)
[2.658s][info][gc,heap        ] GC(73) ParOldGen: 399656K(433152K)->411080K(433152K)
[2.658s][info][gc,metaspace   ] GC(73) Metaspace: 6297K(6464K)->6297K(6464K) NonClass: 5764K(5824K)->5764K(5824K) Class: 533K(640K)->533K(640K)
[2.658s][info][gc             ] GC(73) Pause Young (Allocation Failure) 426M->426M(479M) 19.214ms
[2.658s][info][gc,cpu         ] GC(73) User=0.11s Sys=0.02s Real=0.02s
[2.673s][info][gc,start       ] GC(74) Pause Young (Allocation Failure)
[2.695s][info][gc,heap        ] GC(74) PSYoungGen: 40576K(57856K)->27744K(58880K) Eden: 14848K(14848K)->0K(14848K) From: 25728K(43008K)->27744K(44032K)
[2.695s][info][gc,heap        ] GC(74) ParOldGen: 411080K(433152K)->424072K(433152K)
[2.695s][info][gc,metaspace   ] GC(74) Metaspace: 6297K(6464K)->6297K(6464K) NonClass: 5764K(5824K)->5764K(5824K) Class: 533K(640K)->533K(640K)
[2.695s][info][gc             ] GC(74) Pause Young (Allocation Failure) 441M->441M(480M) 21.750ms
[2.695s][info][gc,cpu         ] GC(74) User=0.03s Sys=0.00s Real=0.02s
[2.695s][info][gc,start       ] GC(75) Pause Full (Ergonomics)
[2.695s][info][gc,phases,start] GC(75) Marking Phase
[2.792s][info][gc,phases      ] GC(75) Marking Phase 97.228ms
[2.792s][info][gc,phases,start] GC(75) Summary Phase
[2.792s][info][gc,phases      ] GC(75) Summary Phase 0.020ms
[2.792s][info][gc,phases,start] GC(75) Adjust Roots
[2.792s][info][gc,phases      ] GC(75) Adjust Roots 0.173ms
[2.792s][info][gc,phases,start] GC(75) Compaction Phase
[2.842s][info][gc,phases      ] GC(75) Compaction Phase 49.679ms
[2.842s][info][gc,phases,start] GC(75) Post Compact
[2.844s][info][gc,phases      ] GC(75) Post Compact 2.141ms
[2.845s][info][gc,heap        ] GC(75) PSYoungGen: 27744K(58880K)->17874K(58880K) Eden: 0K(14848K)->0K(14848K) From: 27744K(44032K)->17874K(44032K)
[2.845s][info][gc,heap        ] GC(75) ParOldGen: 424072K(433152K)->433081K(487424K)
[2.845s][info][gc,metaspace   ] GC(75) Metaspace: 6297K(6464K)->6297K(6464K) NonClass: 5764K(5824K)->5764K(5824K) Class: 533K(640K)->533K(640K)
[2.845s][info][gc             ] GC(75) Pause Full (Ergonomics) 441M->440M(533M) 149.769ms
[2.845s][info][gc,cpu         ] GC(75) User=0.98s Sys=0.00s Real=0.15s
[2.863s][info][gc,start       ] GC(76) Pause Young (Allocation Failure)
[2.900s][info][gc,heap        ] GC(76) PSYoungGen: 32722K(58880K)->24928K(55296K) Eden: 14848K(14848K)->0K(16384K) From: 17874K(44032K)->24928K(38912K)
[2.900s][info][gc,heap        ] GC(76) ParOldGen: 433081K(487424K)->441145K(487424K)
[2.900s][info][gc,metaspace   ] GC(76) Metaspace: 6297K(6464K)->6297K(6464K) NonClass: 5764K(5824K)->5764K(5824K) Class: 533K(640K)->533K(640K)
[2.900s][info][gc             ] GC(76) Pause Young (Allocation Failure) 454M->455M(530M) 37.347ms
[2.900s][info][gc,cpu         ] GC(76) User=0.23s Sys=0.05s Real=0.04s
[2.920s][info][gc,start       ] GC(77) Pause Young (Allocation Failure)
[2.942s][info][gc,heap        ] GC(77) PSYoungGen: 41312K(55296K)->41344K(57856K) Eden: 16384K(16384K)->0K(16384K) From: 24928K(38912K)->41344K(41472K)
[2.942s][info][gc,heap        ] GC(77) ParOldGen: 441145K(487424K)->441145K(487424K)
[2.942s][info][gc,metaspace   ] GC(77) Metaspace: 6297K(6464K)->6297K(6464K) NonClass: 5764K(5824K)->5764K(5824K) Class: 533K(640K)->533K(640K)
[2.942s][info][gc             ] GC(77) Pause Young (Allocation Failure) 471M->471M(532M) 22.742ms
[2.942s][info][gc,cpu         ] GC(77) User=0.11s Sys=0.00s Real=0.02s
[2.961s][info][gc,start       ] GC(78) Pause Young (Allocation Failure)
[2.997s][info][gc,heap        ] GC(78) PSYoungGen: 57728K(57856K)->46080K(54784K) Eden: 16384K(16384K)->0K(8704K) From: 41344K(41472K)->46080K(46080K)
[2.998s][info][gc,heap        ] GC(78) ParOldGen: 441145K(487424K)->452833K(487424K)
[2.998s][info][gc,metaspace   ] GC(78) Metaspace: 6297K(6464K)->6297K(6464K) NonClass: 5764K(5824K)->5764K(5824K) Class: 533K(640K)->533K(640K)
[2.998s][info][gc             ] GC(78) Pause Young (Allocation Failure) 487M->487M(529M) 36.665ms
[2.998s][info][gc,cpu         ] GC(78) User=0.16s Sys=0.02s Real=0.04s
[3.010s][info][gc,start       ] GC(79) Pause Young (Allocation Failure)
[3.042s][info][gc,heap        ] GC(79) PSYoungGen: 54784K(54784K)->24544K(33280K) Eden: 8704K(8704K)->0K(8704K) From: 46080K(46080K)->24544K(24576K)
[3.042s][info][gc,heap        ] GC(79) ParOldGen: 452833K(487424K)->483625K(487424K)
[3.042s][info][gc,metaspace   ] GC(79) Metaspace: 6297K(6464K)->6297K(6464K) NonClass: 5764K(5824K)->5764K(5824K) Class: 533K(640K)->533K(640K)
[3.042s][info][gc             ] GC(79) Pause Young (Allocation Failure) 495M->496M(508M) 32.289ms
[3.042s][info][gc,cpu         ] GC(79) User=0.09s Sys=0.03s Real=0.03s
[3.042s][info][gc,start       ] GC(80) Pause Full (Ergonomics)
[3.042s][info][gc,phases,start] GC(80) Marking Phase
[3.161s][info][gc,phases      ] GC(80) Marking Phase 118.099ms
[3.161s][info][gc,phases,start] GC(80) Summary Phase
[3.161s][info][gc,phases      ] GC(80) Summary Phase 0.022ms
[3.161s][info][gc,phases,start] GC(80) Adjust Roots
[3.161s][info][gc,phases      ] GC(80) Adjust Roots 0.188ms
[3.161s][info][gc,phases,start] GC(80) Compaction Phase
[3.221s][info][gc,phases      ] GC(80) Compaction Phase 60.302ms
[3.221s][info][gc,phases,start] GC(80) Post Compact
[3.224s][info][gc,phases      ] GC(80) Post Compact 2.449ms
[3.224s][info][gc,heap        ] GC(80) PSYoungGen: 24544K(33280K)->19743K(33280K) Eden: 0K(8704K)->0K(8704K) From: 24544K(24576K)->19743K(24576K)
[3.224s][info][gc,heap        ] GC(80) ParOldGen: 483625K(487424K)->487405K(551424K)
[3.224s][info][gc,metaspace   ] GC(80) Metaspace: 6297K(6464K)->6297K(6464K) NonClass: 5764K(5824K)->5764K(5824K) Class: 533K(640K)->533K(640K)
[3.224s][info][gc             ] GC(80) Pause Full (Ergonomics) 496M->495M(571M) 181.668ms
[3.224s][info][gc,cpu         ] GC(80) User=1.05s Sys=0.03s Real=0.18s
[3.234s][info][gc,start       ] GC(81) Pause Young (Allocation Failure)
[3.269s][info][gc,heap        ] GC(81) PSYoungGen: 28447K(33280K)->8832K(62976K) Eden: 8704K(8704K)->0K(9216K) From: 19743K(24576K)->8832K(53760K)
[3.269s][info][gc,heap        ] GC(81) ParOldGen: 487405K(551424K)->507461K(551424K)
[3.269s][info][gc,metaspace   ] GC(81) Metaspace: 6297K(6464K)->6297K(6464K) NonClass: 5764K(5824K)->5764K(5824K) Class: 533K(640K)->533K(640K)
[3.269s][info][gc             ] GC(81) Pause Young (Allocation Failure) 503M->504M(600M) 34.706ms
[3.269s][info][gc,cpu         ] GC(81) User=0.14s Sys=0.00s Real=0.04s
[3.279s][info][gc,start       ] GC(82) Pause Young (Allocation Failure)
[3.290s][info][gc,heap        ] GC(82) PSYoungGen: 18048K(62976K)->9312K(64000K) Eden: 9216K(9216K)->0K(9216K) From: 8832K(53760K)->9312K(54784K)
[3.290s][info][gc,heap        ] GC(82) ParOldGen: 507461K(551424K)->516293K(551424K)
[3.290s][info][gc,metaspace   ] GC(82) Metaspace: 6297K(6464K)->6297K(6464K) NonClass: 5764K(5824K)->5764K(5824K) Class: 533K(640K)->533K(640K)
[3.290s][info][gc             ] GC(82) Pause Young (Allocation Failure) 513M->513M(601M) 11.149ms
[3.290s][info][gc,cpu         ] GC(82) User=0.02s Sys=0.00s Real=0.01s
[3.301s][info][gc,start       ] GC(83) Pause Young (Allocation Failure)
[3.311s][info][gc,heap        ] GC(83) PSYoungGen: 18528K(64000K)->9376K(64512K) Eden: 9216K(9216K)->0K(10240K) From: 9312K(54784K)->9376K(54272K)
[3.311s][info][gc,heap        ] GC(83) ParOldGen: 516293K(551424K)->525629K(551424K)
[3.311s][info][gc,metaspace   ] GC(83) Metaspace: 6297K(6464K)->6297K(6464K) NonClass: 5764K(5824K)->5764K(5824K) Class: 533K(640K)->533K(640K)
[3.311s][info][gc             ] GC(83) Pause Young (Allocation Failure) 522M->522M(601M) 10.773ms
[3.311s][info][gc,cpu         ] GC(83) User=0.00s Sys=0.00s Real=0.01s
[3.323s][info][gc,start       ] GC(84) Pause Young (Allocation Failure)
[3.335s][info][gc,heap        ] GC(84) PSYoungGen: 19616K(64512K)->10368K(65024K) Eden: 10240K(10240K)->0K(10240K) From: 9376K(54272K)->10368K(54784K)
[3.335s][info][gc,heap        ] GC(84) ParOldGen: 525629K(551424K)->534973K(551424K)
[3.335s][info][gc,metaspace   ] GC(84) Metaspace: 6297K(6464K)->6297K(6464K) NonClass: 5764K(5824K)->5764K(5824K) Class: 533K(640K)->533K(640K)
[3.335s][info][gc             ] GC(84) Pause Young (Allocation Failure) 532M->532M(602M) 12.054ms
[3.335s][info][gc,cpu         ] GC(84) User=0.02s Sys=0.00s Real=0.01s
[3.335s][info][gc,start       ] GC(85) Pause Full (Ergonomics)
[3.335s][info][gc,phases,start] GC(85) Marking Phase
[3.455s][info][gc,phases      ] GC(85) Marking Phase 119.685ms
[3.455s][info][gc,phases,start] GC(85) Summary Phase
[3.455s][info][gc,phases      ] GC(85) Summary Phase 0.036ms
[3.455s][info][gc,phases,start] GC(85) Adjust Roots
[3.455s][info][gc,phases      ] GC(85) Adjust Roots 0.228ms
[3.455s][info][gc,phases,start] GC(85) Compaction Phase
[3.504s][info][gc,phases      ] GC(85) Compaction Phase 49.310ms
[3.504s][info][gc,phases,start] GC(85) Post Compact
[3.505s][info][gc,phases      ] GC(85) Post Compact 0.965ms
[3.506s][info][gc,heap        ] GC(85) PSYoungGen: 10368K(65024K)->0K(65024K) Eden: 0K(10240K)->0K(11264K) From: 10368K(54784K)->0K(53760K)
[3.506s][info][gc,heap        ] GC(85) ParOldGen: 534973K(551424K)->544399K(610304K)
[3.506s][info][gc,metaspace   ] GC(85) Metaspace: 6297K(6464K)->6297K(6464K) NonClass: 5764K(5824K)->5764K(5824K) Class: 533K(640K)->533K(640K)
[3.506s][info][gc             ] GC(85) Pause Full (Ergonomics) 532M->531M(659M) 170.917ms
[3.506s][info][gc,cpu         ] GC(85) User=1.09s Sys=0.02s Real=0.17s
[3.520s][info][gc,start       ] GC(86) Pause Young (Allocation Failure)
[3.528s][info][gc,heap        ] GC(86) PSYoungGen: 11264K(65024K)->11392K(65536K) Eden: 11264K(11264K)->0K(11264K) From: 0K(53760K)->11392K(54272K)
[3.528s][info][gc,heap        ] GC(86) ParOldGen: 544399K(610304K)->544399K(610304K)
[3.528s][info][gc,metaspace   ] GC(86) Metaspace: 6297K(6464K)->6297K(6464K) NonClass: 5764K(5824K)->5764K(5824K) Class: 533K(640K)->533K(640K)
[3.528s][info][gc             ] GC(86) Pause Young (Allocation Failure) 542M->542M(660M) 8.330ms
[3.528s][info][gc,cpu         ] GC(86) User=0.00s Sys=0.00s Real=0.01s
[3.541s][info][gc,start       ] GC(87) Pause Young (Allocation Failure)
[3.554s][info][gc,heap        ] GC(87) PSYoungGen: 22656K(65536K)->22656K(60416K) Eden: 11264K(11264K)->0K(12800K) From: 11392K(54272K)->22656K(47616K)
[3.554s][info][gc,heap        ] GC(87) ParOldGen: 544399K(610304K)->544399K(610304K)
[3.554s][info][gc,metaspace   ] GC(87) Metaspace: 6297K(6464K)->6297K(6464K) NonClass: 5764K(5824K)->5764K(5824K) Class: 533K(640K)->533K(640K)
[3.554s][info][gc             ] GC(87) Pause Young (Allocation Failure) 553M->553M(655M) 12.653ms
[3.554s][info][gc,cpu         ] GC(87) User=0.02s Sys=0.00s Real=0.01s
[3.568s][info][gc,start       ] GC(88) Pause Young (Allocation Failure)
[3.586s][info][gc,heap        ] GC(88) PSYoungGen: 35456K(60416K)->35424K(62976K) Eden: 12800K(12800K)->0K(12800K) From: 22656K(47616K)->35424K(50176K)
[3.586s][info][gc,heap        ] GC(88) ParOldGen: 544399K(610304K)->544399K(610304K)
[3.586s][info][gc,metaspace   ] GC(88) Metaspace: 6297K(6464K)->6297K(6464K) NonClass: 5764K(5824K)->5764K(5824K) Class: 533K(640K)->533K(640K)
[3.586s][info][gc             ] GC(88) Pause Young (Allocation Failure) 566M->566M(657M) 17.763ms
[3.586s][info][gc,cpu         ] GC(88) User=0.12s Sys=0.00s Real=0.02s
[3.600s][info][gc,start       ] GC(89) Pause Young (Allocation Failure)
[3.624s][info][gc,heap        ] GC(89) PSYoungGen: 48224K(62976K)->48224K(60928K) Eden: 12800K(12800K)->0K(8192K) From: 35424K(50176K)->48224K(52736K)
[3.624s][info][gc,heap        ] GC(89) ParOldGen: 544399K(610304K)->544399K(610304K)
[3.624s][info][gc,metaspace   ] GC(89) Metaspace: 6297K(6464K)->6297K(6464K) NonClass: 5764K(5824K)->5764K(5824K) Class: 533K(640K)->533K(640K)
[3.624s][info][gc             ] GC(89) Pause Young (Allocation Failure) 578M->578M(655M) 23.297ms
[3.624s][info][gc,cpu         ] GC(89) User=0.12s Sys=0.00s Real=0.02s
[3.633s][info][gc,start       ] GC(90) Pause Young (Allocation Failure)
[3.659s][info][gc,heap        ] GC(90) PSYoungGen: 56416K(60928K)->45184K(67072K) Eden: 8192K(8192K)->0K(8192K) From: 48224K(52736K)->45184K(58880K)
[3.659s][info][gc,heap        ] GC(90) ParOldGen: 544399K(610304K)->555831K(610304K)
[3.659s][info][gc,metaspace   ] GC(90) Metaspace: 6297K(6464K)->6297K(6464K) NonClass: 5764K(5824K)->5764K(5824K) Class: 533K(640K)->533K(640K)
[3.659s][info][gc             ] GC(90) Pause Young (Allocation Failure) 586M->586M(661M) 26.486ms
[3.660s][info][gc,cpu         ] GC(90) User=0.12s Sys=0.00s Real=0.03s
[3.669s][info][gc,start       ] GC(91) Pause Young (Allocation Failure)
[3.694s][info][gc,heap        ] GC(91) PSYoungGen: 53376K(67072K)->42080K(70656K) Eden: 8192K(8192K)->0K(7680K) From: 45184K(58880K)->42080K(62976K)
[3.694s][info][gc,heap        ] GC(91) ParOldGen: 555831K(610304K)->567247K(610304K)
[3.694s][info][gc,metaspace   ] GC(91) Metaspace: 6297K(6464K)->6297K(6464K) NonClass: 5764K(5824K)->5764K(5824K) Class: 533K(640K)->533K(640K)
[3.694s][info][gc             ] GC(91) Pause Young (Allocation Failure) 594M->595M(665M) 24.932ms
[3.694s][info][gc,cpu         ] GC(91) User=0.14s Sys=0.00s Real=0.03s
[3.703s][info][gc,start       ] GC(92) Pause Young (Allocation Failure)
[3.727s][info][gc,heap        ] GC(92) PSYoungGen: 49760K(70656K)->24160K(32256K) Eden: 7680K(7680K)->0K(7680K) From: 42080K(62976K)->24160K(24576K)
[3.727s][info][gc,heap        ] GC(92) ParOldGen: 567247K(610304K)->593183K(610304K)
[3.727s][info][gc,metaspace   ] GC(92) Metaspace: 6297K(6464K)->6297K(6464K) NonClass: 5764K(5824K)->5764K(5824K) Class: 533K(640K)->533K(640K)
[3.727s][info][gc             ] GC(92) Pause Young (Allocation Failure) 602M->602M(627M) 24.191ms
[3.727s][info][gc,cpu         ] GC(92) User=0.14s Sys=0.00s Real=0.02s
[3.727s][info][gc,start       ] GC(93) Pause Full (Ergonomics)
[3.727s][info][gc,phases,start] GC(93) Marking Phase
[3.858s][info][gc,phases      ] GC(93) Marking Phase 130.870ms
[3.858s][info][gc,phases,start] GC(93) Summary Phase
[3.858s][info][gc,phases      ] GC(93) Summary Phase 0.020ms
[3.858s][info][gc,phases,start] GC(93) Adjust Roots
[3.859s][info][gc,phases      ] GC(93) Adjust Roots 0.159ms
[3.859s][info][gc,phases,start] GC(93) Compaction Phase
[3.911s][info][gc,phases      ] GC(93) Compaction Phase 52.607ms
[3.911s][info][gc,phases,start] GC(93) Post Compact
[3.912s][info][gc,phases      ] GC(93) Post Compact 0.932ms
[3.912s][info][gc,heap        ] GC(93) PSYoungGen: 24160K(32256K)->6090K(32256K) Eden: 0K(7680K)->0K(7680K) From: 24160K(24576K)->6090K(24576K)
[3.912s][info][gc,heap        ] GC(93) ParOldGen: 593183K(610304K)->610289K(683008K)
[3.912s][info][gc,metaspace   ] GC(93) Metaspace: 6297K(6464K)->6297K(6464K) NonClass: 5764K(5824K)->5764K(5824K) Class: 533K(640K)->533K(640K)
[3.913s][info][gc             ] GC(93) Pause Full (Ergonomics) 602M->601M(698M) 185.104ms
[3.913s][info][gc,cpu         ] GC(93) User=1.36s Sys=0.02s Real=0.18s
[3.923s][info][gc,start       ] GC(94) Pause Young (Allocation Failure)
[3.956s][info][gc,heap        ] GC(94) PSYoungGen: 13770K(32256K)->10688K(70656K) Eden: 7680K(7680K)->0K(8704K) From: 6090K(24576K)->10688K(61952K)
[3.956s][info][gc,heap        ] GC(94) ParOldGen: 610289K(683008K)->613561K(683008K)
[3.956s][info][gc,metaspace   ] GC(94) Metaspace: 6297K(6464K)->6297K(6464K) NonClass: 5764K(5824K)->5764K(5824K) Class: 533K(640K)->533K(640K)
[3.956s][info][gc             ] GC(94) Pause Young (Allocation Failure) 609M->609M(736M) 33.738ms
[3.956s][info][gc,cpu         ] GC(94) User=0.16s Sys=0.00s Real=0.03s
[3.967s][info][gc,start       ] GC(95) Pause Young (Allocation Failure)
[3.980s][info][gc,heap        ] GC(95) PSYoungGen: 19392K(70656K)->16512K(25600K) Eden: 8704K(8704K)->0K(8704K) From: 10688K(61952K)->16512K(16896K)
[3.980s][info][gc,heap        ] GC(95) ParOldGen: 613561K(683008K)->616505K(683008K)
[3.980s][info][gc,metaspace   ] GC(95) Metaspace: 6297K(6464K)->6297K(6464K) NonClass: 5764K(5824K)->5764K(5824K) Class: 533K(640K)->533K(640K)
[3.980s][info][gc             ] GC(95) Pause Young (Allocation Failure) 618M->618M(692M) 12.296ms
[3.980s][info][gc,cpu         ] GC(95) User=0.02s Sys=0.00s Real=0.01s
[3.990s][info][gc,start       ] GC(96) Pause Young (Allocation Failure)
[4.005s][info][gc,heap        ] GC(96) PSYoungGen: 25216K(25600K)->17504K(66048K) Eden: 8704K(8704K)->0K(10240K) From: 16512K(16896K)->17504K(55808K)
[4.005s][info][gc,heap        ] GC(96) ParOldGen: 616505K(683008K)->624305K(683008K)
[4.005s][info][gc,metaspace   ] GC(96) Metaspace: 6297K(6464K)->6297K(6464K) NonClass: 5764K(5824K)->5764K(5824K) Class: 533K(640K)->533K(640K)
[4.005s][info][gc             ] GC(96) Pause Young (Allocation Failure) 626M->626M(731M) 14.860ms
[4.005s][info][gc,cpu         ] GC(96) User=0.00s Sys=0.02s Real=0.01s
[4.018s][info][gc,start       ] GC(97) Pause Young (Allocation Failure)
[4.034s][info][gc,heap        ] GC(97) PSYoungGen: 27744K(66048K)->19040K(29696K) Eden: 10240K(10240K)->0K(10240K) From: 17504K(55808K)->19040K(19456K)
[4.034s][info][gc,heap        ] GC(97) ParOldGen: 624305K(683008K)->633137K(683008K)
[4.034s][info][gc,metaspace   ] GC(97) Metaspace: 6297K(6464K)->6297K(6464K) NonClass: 5764K(5824K)->5764K(5824K) Class: 533K(640K)->533K(640K)
[4.034s][info][gc             ] GC(97) Pause Young (Allocation Failure) 636M->636M(696M) 16.003ms
[4.034s][info][gc,cpu         ] GC(97) User=0.02s Sys=0.00s Real=0.02s
[4.045s][info][gc,start       ] GC(98) Pause Young (Allocation Failure)
[4.061s][info][gc,heap        ] GC(98) PSYoungGen: 29280K(29696K)->20608K(62464K) Eden: 10240K(10240K)->0K(11776K) From: 19040K(19456K)->20608K(50688K)
[4.061s][info][gc,heap        ] GC(98) ParOldGen: 633137K(683008K)->641969K(683008K)
[4.061s][info][gc,metaspace   ] GC(98) Metaspace: 6297K(6464K)->6297K(6464K) NonClass: 5764K(5824K)->5764K(5824K) Class: 533K(640K)->533K(640K)
[4.061s][info][gc             ] GC(98) Pause Young (Allocation Failure) 646M->647M(728M) 16.179ms
[4.061s][info][gc,cpu         ] GC(98) User=0.02s Sys=0.00s Real=0.02s
[4.075s][info][gc,start       ] GC(99) Pause Young (Allocation Failure)
[4.093s][info][gc,heap        ] GC(99) PSYoungGen: 32384K(62464K)->22144K(34304K) Eden: 11776K(11776K)->0K(11776K) From: 20608K(50688K)->22144K(22528K)
[4.093s][info][gc,heap        ] GC(99) ParOldGen: 641969K(683008K)->652361K(683008K)
[4.093s][info][gc,metaspace   ] GC(99) Metaspace: 6297K(6464K)->6297K(6464K) NonClass: 5764K(5824K)->5764K(5824K) Class: 533K(640K)->533K(640K)
[4.093s][info][gc             ] GC(99) Pause Young (Allocation Failure) 658M->658M(700M) 17.911ms
[4.093s][info][gc,cpu         ] GC(99) User=0.03s Sys=0.00s Real=0.02s
[4.108s][info][gc,start       ] GC(100) Pause Young (Allocation Failure)
[4.127s][info][gc,heap        ] GC(100) PSYoungGen: 33920K(34304K)->23648K(58880K) Eden: 11776K(11776K)->0K(13312K) From: 22144K(22528K)->23648K(45568K)
[4.127s][info][gc,heap        ] GC(100) ParOldGen: 652361K(683008K)->662729K(683008K)
[4.127s][info][gc,metaspace   ] GC(100) Metaspace: 6297K(6464K)->6297K(6464K) NonClass: 5764K(5824K)->5764K(5824K) Class: 533K(640K)->533K(640K)
[4.127s][info][gc             ] GC(100) Pause Young (Allocation Failure) 670M->670M(724M) 19.074ms
[4.127s][info][gc,cpu         ] GC(100) User=0.06s Sys=0.00s Real=0.02s
[4.145s][info][gc,start       ] GC(101) Pause Young (Allocation Failure)
[4.165s][info][gc,heap        ] GC(101) PSYoungGen: 36960K(58880K)->25248K(61440K) Eden: 13312K(13312K)->0K(13312K) From: 23648K(45568K)->25248K(48128K)
[4.165s][info][gc,heap        ] GC(101) ParOldGen: 662729K(683008K)->674673K(683008K)
[4.165s][info][gc,metaspace   ] GC(101) Metaspace: 6297K(6464K)->6297K(6464K) NonClass: 5764K(5824K)->5764K(5824K) Class: 533K(640K)->533K(640K)
[4.165s][info][gc             ] GC(101) Pause Young (Allocation Failure) 683M->683M(727M) 20.146ms
[4.165s][info][gc,cpu         ] GC(101) User=0.11s Sys=0.02s Real=0.02s
[4.165s][info][gc,start       ] GC(102) Pause Full (Ergonomics)
[4.165s][info][gc,phases,start] GC(102) Marking Phase
[4.316s][info][gc,phases      ] GC(102) Marking Phase 151.475ms
[4.316s][info][gc,phases,start] GC(102) Summary Phase
[4.316s][info][gc,phases      ] GC(102) Summary Phase 0.029ms
[4.316s][info][gc,phases,start] GC(102) Adjust Roots
[4.317s][info][gc,phases      ] GC(102) Adjust Roots 0.195ms
[4.317s][info][gc,phases,start] GC(102) Compaction Phase
[4.379s][info][gc,phases      ] GC(102) Compaction Phase 62.728ms
[4.380s][info][gc,phases,start] GC(102) Post Compact
[4.381s][info][gc,phases      ] GC(102) Post Compact 1.101ms
[4.381s][info][gc,heap        ] GC(102) PSYoungGen: 25248K(61440K)->15820K(61440K) Eden: 0K(13312K)->0K(13312K) From: 25248K(48128K)->15820K(48128K)
[4.381s][info][gc,heap        ] GC(102) ParOldGen: 674673K(683008K)->682739K(753664K)
[4.381s][info][gc,metaspace   ] GC(102) Metaspace: 6297K(6464K)->6297K(6464K) NonClass: 5764K(5824K)->5764K(5824K) Class: 533K(640K)->533K(640K)
[4.381s][info][gc             ] GC(102) Pause Full (Ergonomics) 683M->682M(796M) 216.119ms
[4.381s][info][gc,cpu         ] GC(102) User=1.47s Sys=0.02s Real=0.22s
[4.543s][info][gc,start       ] GC(103) Pause Young (Allocation Failure)
[4.586s][info][gc,heap        ] GC(103) PSYoungGen: 29132K(61440K)->20928K(57344K) Eden: 13312K(13312K)->0K(14848K) From: 15820K(48128K)->20928K(42496K)
[4.586s][info][gc,heap        ] GC(103) ParOldGen: 715507K(753664K)->723963K(753664K)
[4.586s][info][gc,metaspace   ] GC(103) Metaspace: 6297K(6464K)->6297K(6464K) NonClass: 5764K(5824K)->5764K(5824K) Class: 533K(640K)->533K(640K)
[4.586s][info][gc             ] GC(103) Pause Young (Allocation Failure) 727M->727M(792M) 43.089ms
[4.586s][info][gc,cpu         ] GC(103) User=0.17s Sys=0.00s Real=0.04s
[4.600s][info][gc,start       ] GC(104) Pause Young (Allocation Failure)
[4.620s][info][gc,heap        ] GC(104) PSYoungGen: 35776K(57344K)->35776K(59392K) Eden: 14848K(14848K)->0K(14848K) From: 20928K(42496K)->35776K(44544K)
[4.620s][info][gc,heap        ] GC(104) ParOldGen: 723963K(753664K)->723963K(753664K)
[4.620s][info][gc,metaspace   ] GC(104) Metaspace: 6297K(6464K)->6297K(6464K) NonClass: 5764K(5824K)->5764K(5824K) Class: 533K(640K)->533K(640K)
[4.620s][info][gc             ] GC(104) Pause Young (Allocation Failure) 741M->741M(794M) 19.679ms
[4.620s][info][gc,cpu         ] GC(104) User=0.12s Sys=0.00s Real=0.02s
[4.635s][info][gc,start       ] GC(105) Pause Young (Allocation Failure)
[4.661s][info][gc,heap        ] GC(105) PSYoungGen: 50624K(59392K)->43136K(58368K) Eden: 14848K(14848K)->0K(11776K) From: 35776K(44544K)->43136K(46592K)
[4.661s][info][gc,heap        ] GC(105) ParOldGen: 723963K(753664K)->731627K(753664K)
[4.661s][info][gc,metaspace   ] GC(105) Metaspace: 6297K(6464K)->6297K(6464K) NonClass: 5764K(5824K)->5764K(5824K) Class: 533K(640K)->533K(640K)
[4.661s][info][gc             ] GC(105) Pause Young (Allocation Failure) 756M->756M(793M) 26.012ms
[4.661s][info][gc,cpu         ] GC(105) User=0.06s Sys=0.00s Real=0.03s
[4.673s][info][gc,start       ] GC(106) Pause Young (Allocation Failure)
[4.700s][info][gc,heap        ] GC(106) PSYoungGen: 54912K(58368K)->41568K(62976K) Eden: 11776K(11776K)->0K(11776K) From: 43136K(46592K)->41568K(51200K)
[4.700s][info][gc,heap        ] GC(106) ParOldGen: 731627K(753664K)->745131K(753664K)
[4.700s][info][gc,metaspace   ] GC(106) Metaspace: 6297K(6464K)->6297K(6464K) NonClass: 5764K(5824K)->5764K(5824K) Class: 533K(640K)->533K(640K)
[4.700s][info][gc             ] GC(106) Pause Young (Allocation Failure) 768M->768M(797M) 27.083ms
[4.700s][info][gc,cpu         ] GC(106) User=0.14s Sys=0.00s Real=0.03s
[4.700s][info][gc,start       ] GC(107) Pause Full (Ergonomics)
[4.700s][info][gc,phases,start] GC(107) Marking Phase
[4.863s][info][gc,phases      ] GC(107) Marking Phase 162.701ms
[4.863s][info][gc,phases,start] GC(107) Summary Phase
[4.863s][info][gc,phases      ] GC(107) Summary Phase 0.022ms
[4.863s][info][gc,phases,start] GC(107) Adjust Roots
[4.863s][info][gc,phases      ] GC(107) Adjust Roots 0.145ms
[4.863s][info][gc,phases,start] GC(107) Compaction Phase
[4.987s][info][gc,phases      ] GC(107) Compaction Phase 123.393ms
[4.987s][info][gc,phases,start] GC(107) Post Compact
[4.988s][info][gc,phases      ] GC(107) Post Compact 1.572ms
[4.989s][info][gc,heap        ] GC(107) PSYoungGen: 41568K(62976K)->16347K(62976K) Eden: 0K(11776K)->0K(11776K) From: 41568K(51200K)->16347K(51200K)
[4.989s][info][gc,heap        ] GC(107) ParOldGen: 745131K(753664K)->753261K(827904K)
[4.989s][info][gc,metaspace   ] GC(107) Metaspace: 6297K(6464K)->6297K(6464K) NonClass: 5764K(5824K)->5764K(5824K) Class: 533K(640K)->533K(640K)
[4.989s][info][gc             ] GC(107) Pause Full (Ergonomics) 768M->751M(870M) 288.393ms
[4.989s][info][gc,cpu         ] GC(107) User=1.91s Sys=0.00s Real=0.29s
[5.002s][info][gc,start       ] GC(108) Pause Young (Allocation Failure)
[5.047s][info][gc,heap        ] GC(108) PSYoungGen: 28123K(62976K)->14688K(67584K) Eden: 11776K(11776K)->0K(13312K) From: 16347K(51200K)->14688K(54272K)
[5.047s][info][gc,heap        ] GC(108) ParOldGen: 753261K(827904K)->767013K(827904K)
[5.047s][info][gc,metaspace   ] GC(108) Metaspace: 6297K(6464K)->6297K(6464K) NonClass: 5764K(5824K)->5764K(5824K) Class: 533K(640K)->533K(640K)
[5.047s][info][gc             ] GC(108) Pause Young (Allocation Failure) 763M->763M(874M) 44.739ms
[5.047s][info][gc,cpu         ] GC(108) User=0.17s Sys=0.00s Real=0.05s
[5.060s][info][gc,start       ] GC(109) Pause Young (Allocation Failure)
[5.078s][info][gc,heap        ] GC(109) PSYoungGen: 28000K(67584K)->25184K(38912K) Eden: 13312K(13312K)->0K(13312K) From: 14688K(54272K)->25184K(25600K)
[5.078s][info][gc,heap        ] GC(109) ParOldGen: 767013K(827904K)->769885K(827904K)
[5.078s][info][gc,metaspace   ] GC(109) Metaspace: 6297K(6464K)->6297K(6464K) NonClass: 5764K(5824K)->5764K(5824K) Class: 533K(640K)->533K(640K)
[5.078s][info][gc             ] GC(109) Pause Young (Allocation Failure) 776M->776M(846M) 17.614ms
[5.078s][info][gc,cpu         ] GC(109) User=0.03s Sys=0.00s Real=0.02s
[5.092s][info][gc,start       ] GC(110) Pause Young (Allocation Failure)
[5.112s][info][gc,heap        ] GC(110) PSYoungGen: 38496K(38912K)->26752K(62464K) Eden: 13312K(13312K)->0K(15360K) From: 25184K(25600K)->26752K(47104K)
[5.112s][info][gc,heap        ] GC(110) ParOldGen: 769885K(827904K)->781821K(827904K)
[5.112s][info][gc,metaspace   ] GC(110) Metaspace: 6297K(6464K)->6297K(6464K) NonClass: 5764K(5824K)->5764K(5824K) Class: 533K(640K)->533K(640K)
[5.112s][info][gc             ] GC(110) Pause Young (Allocation Failure) 789M->789M(869M) 20.383ms
[5.112s][info][gc,cpu         ] GC(110) User=0.03s Sys=0.00s Real=0.02s
[5.128s][info][gc,start       ] GC(111) Pause Young (Allocation Failure)
[5.150s][info][gc,heap        ] GC(111) PSYoungGen: 42112K(62464K)->28800K(64512K) Eden: 15360K(15360K)->0K(15360K) From: 26752K(47104K)->28800K(49152K)
[5.150s][info][gc,heap        ] GC(111) ParOldGen: 781821K(827904K)->795317K(827904K)
[5.150s][info][gc,metaspace   ] GC(111) Metaspace: 6297K(6464K)->6297K(6464K) NonClass: 5764K(5824K)->5764K(5824K) Class: 533K(640K)->533K(640K)
[5.150s][info][gc             ] GC(111) Pause Young (Allocation Failure) 804M->804M(871M) 22.164ms
[5.150s][info][gc,cpu         ] GC(111) User=0.14s Sys=0.00s Real=0.02s
[5.167s][info][gc,start       ] GC(112) Pause Young (Allocation Failure)
[5.189s][info][gc,heap        ] GC(112) PSYoungGen: 44160K(64512K)->30848K(63488K) Eden: 15360K(15360K)->0K(17408K) From: 28800K(49152K)->30848K(46080K)
[5.190s][info][gc,heap        ] GC(112) ParOldGen: 795317K(827904K)->808805K(827904K)
[5.190s][info][gc,metaspace   ] GC(112) Metaspace: 6297K(6464K)->6297K(6464K) NonClass: 5764K(5824K)->5764K(5824K) Class: 533K(640K)->533K(640K)
[5.190s][info][gc             ] GC(112) Pause Young (Allocation Failure) 819M->819M(870M) 22.768ms
[5.190s][info][gc,cpu         ] GC(112) User=0.12s Sys=0.00s Real=0.02s
[5.190s][info][gc,start       ] GC(113) Pause Full (Ergonomics)
[5.190s][info][gc,phases,start] GC(113) Marking Phase
[5.378s][info][gc,phases      ] GC(113) Marking Phase 188.401ms
[5.378s][info][gc,phases,start] GC(113) Summary Phase
[5.378s][info][gc,phases      ] GC(113) Summary Phase 0.023ms
[5.378s][info][gc,phases,start] GC(113) Adjust Roots
[5.378s][info][gc,phases      ] GC(113) Adjust Roots 0.146ms
[5.378s][info][gc,phases,start] GC(113) Compaction Phase
[5.469s][info][gc,phases      ] GC(113) Compaction Phase 90.746ms
[5.469s][info][gc,phases,start] GC(113) Post Compact
[5.471s][info][gc,phases      ] GC(113) Post Compact 1.466ms
[5.471s][info][gc,heap        ] GC(113) PSYoungGen: 30848K(63488K)->10732K(64512K) Eden: 0K(17408K)->0K(18432K) From: 30848K(46080K)->10732K(46080K)
[5.471s][info][gc,heap        ] GC(113) ParOldGen: 808805K(827904K)->827835K(910848K)
[5.471s][info][gc,metaspace   ] GC(113) Metaspace: 6297K(6464K)->6297K(6464K) NonClass: 5764K(5824K)->5764K(5824K) Class: 533K(640K)->533K(640K)
[5.471s][info][gc             ] GC(113) Pause Full (Ergonomics) 819M->818M(952M) 281.592ms
[5.471s][info][gc,cpu         ] GC(113) User=1.94s Sys=0.05s Real=0.28s
[5.492s][info][gc,start       ] GC(114) Pause Young (Allocation Failure)
[5.539s][info][gc,heap        ] GC(114) PSYoungGen: 29164K(64512K)->18528K(65536K) Eden: 18432K(18432K)->0K(18432K) From: 10732K(46080K)->18528K(47104K)
[5.540s][info][gc,heap        ] GC(114) ParOldGen: 827835K(910848K)->838731K(910848K)
[5.540s][info][gc,metaspace   ] GC(114) Metaspace: 6297K(6464K)->6297K(6464K) NonClass: 5764K(5824K)->5764K(5824K) Class: 533K(640K)->533K(640K)
[5.540s][info][gc             ] GC(114) Pause Young (Allocation Failure) 836M->837M(953M) 47.974ms
[5.540s][info][gc,cpu         ] GC(114) User=0.25s Sys=0.02s Real=0.05s
[5.559s][info][gc,start       ] GC(115) Pause Young (Allocation Failure)
[5.580s][info][gc,heap        ] GC(115) PSYoungGen: 36960K(65536K)->36960K(65024K) Eden: 18432K(18432K)->0K(18432K) From: 18528K(47104K)->36960K(46592K)
[5.580s][info][gc,heap        ] GC(115) ParOldGen: 838731K(910848K)->838731K(910848K)
[5.580s][info][gc,metaspace   ] GC(115) Metaspace: 6297K(6464K)->6297K(6464K) NonClass: 5764K(5824K)->5764K(5824K) Class: 533K(640K)->533K(640K)
[5.580s][info][gc             ] GC(115) Pause Young (Allocation Failure) 855M->855M(953M) 21.011ms
[5.580s][info][gc,cpu         ] GC(115) User=0.03s Sys=0.00s Real=0.02s
[5.599s][info][gc,start       ] GC(116) Pause Young (Allocation Failure)
[5.627s][info][gc,heap        ] GC(116) PSYoungGen: 55392K(65024K)->48640K(67072K) Eden: 18432K(18432K)->0K(18432K) From: 36960K(46592K)->48640K(48640K)
[5.627s][info][gc,heap        ] GC(116) ParOldGen: 838731K(910848K)->845507K(910848K)
[5.627s][info][gc,metaspace   ] GC(116) Metaspace: 6297K(6464K)->6297K(6464K) NonClass: 5764K(5824K)->5764K(5824K) Class: 533K(640K)->533K(640K)
[5.627s][info][gc             ] GC(116) Pause Young (Allocation Failure) 873M->873M(955M) 27.532ms
[5.627s][info][gc,cpu         ] GC(116) User=0.12s Sys=0.00s Real=0.03s
[5.648s][info][gc,start       ] GC(117) Pause Young (Allocation Failure)
[5.682s][info][gc,heap        ] GC(117) PSYoungGen: 67072K(67072K)->36384K(77312K) Eden: 18432K(18432K)->0K(20992K) From: 48640K(48640K)->36384K(56320K)
[5.682s][info][gc,heap        ] GC(117) ParOldGen: 845507K(910848K)->876747K(910848K)
[5.682s][info][gc,metaspace   ] GC(117) Metaspace: 6297K(6464K)->6297K(6464K) NonClass: 5764K(5824K)->5764K(5824K) Class: 533K(640K)->533K(640K)
[5.682s][info][gc             ] GC(117) Pause Young (Allocation Failure) 891M->891M(965M) 33.969ms
[5.682s][info][gc,cpu         ] GC(117) User=0.17s Sys=0.08s Real=0.03s
[5.705s][info][gc,start       ] GC(118) Pause Young (Allocation Failure)
[5.734s][info][gc,heap        ] GC(118) PSYoungGen: 57376K(77312K)->39584K(77312K) Eden: 20992K(20992K)->0K(20992K) From: 36384K(56320K)->39584K(56320K)
[5.734s][info][gc,heap        ] GC(118) ParOldGen: 876747K(910848K)->894771K(910848K)
[5.734s][info][gc,metaspace   ] GC(118) Metaspace: 6297K(6464K)->6297K(6464K) NonClass: 5764K(5824K)->5764K(5824K) Class: 533K(640K)->533K(640K)
[5.735s][info][gc             ] GC(118) Pause Young (Allocation Failure) 912M->912M(965M) 29.356ms
[5.735s][info][gc,cpu         ] GC(118) User=0.14s Sys=0.00s Real=0.03s
[5.735s][info][gc,start       ] GC(119) Pause Full (Ergonomics)
[5.735s][info][gc,phases,start] GC(119) Marking Phase
[5.936s][info][gc,phases      ] GC(119) Marking Phase 201.568ms
[5.936s][info][gc,phases,start] GC(119) Summary Phase
[5.936s][info][gc,phases      ] GC(119) Summary Phase 0.023ms
[5.936s][info][gc,phases,start] GC(119) Adjust Roots
[5.936s][info][gc,phases      ] GC(119) Adjust Roots 0.150ms
[5.936s][info][gc,phases,start] GC(119) Compaction Phase
[6.024s][info][gc,phases      ] GC(119) Compaction Phase 87.341ms
[6.024s][info][gc,phases,start] GC(119) Post Compact
[6.025s][info][gc,phases      ] GC(119) Post Compact 1.585ms
[6.026s][info][gc,heap        ] GC(119) PSYoungGen: 39584K(77312K)->22499K(77312K) Eden: 0K(20992K)->0K(20992K) From: 39584K(56320K)->22499K(56320K)
[6.026s][info][gc,heap        ] GC(119) ParOldGen: 894771K(910848K)->910637K(1006592K)
[6.026s][info][gc,metaspace   ] GC(119) Metaspace: 6297K(6464K)->6297K(6464K) NonClass: 5764K(5824K)->5764K(5824K) Class: 533K(640K)->533K(640K)
[6.026s][info][gc             ] GC(119) Pause Full (Ergonomics) 912M->911M(1058M) 291.314ms
[6.026s][info][gc,cpu         ] GC(119) User=2.14s Sys=0.02s Real=0.29s
[6.051s][info][gc,start       ] GC(120) Pause Young (Allocation Failure)
[6.108s][info][gc,heap        ] GC(120) PSYoungGen: 43491K(77312K)->32800K(76800K) Eden: 20992K(20992K)->0K(23552K) From: 22499K(56320K)->32800K(53248K)
[6.108s][info][gc,heap        ] GC(120) ParOldGen: 910637K(1006592K)->921669K(1006592K)
[6.108s][info][gc,metaspace   ] GC(120) Metaspace: 6297K(6464K)->6297K(6464K) NonClass: 5764K(5824K)->5764K(5824K) Class: 533K(640K)->533K(640K)
[6.108s][info][gc             ] GC(120) Pause Young (Allocation Failure) 931M->932M(1058M) 57.100ms
[6.108s][info][gc,cpu         ] GC(120) User=0.38s Sys=0.00s Real=0.06s
[6.134s][info][gc,start       ] GC(121) Pause Young (Allocation Failure)
[6.163s][info][gc,heap        ] GC(121) PSYoungGen: 56352K(76800K)->55296K(78848K) Eden: 23552K(23552K)->0K(23552K) From: 32800K(53248K)->55296K(55296K)
[6.163s][info][gc,heap        ] GC(121) ParOldGen: 921669K(1006592K)->922685K(1006592K)
[6.163s][info][gc,metaspace   ] GC(121) Metaspace: 6297K(6464K)->6297K(6464K) NonClass: 5764K(5824K)->5764K(5824K) Class: 533K(640K)->533K(640K)
[6.163s][info][gc             ] GC(121) Pause Young (Allocation Failure) 955M->955M(1060M) 28.948ms
[6.163s][info][gc,cpu         ] GC(121) User=0.14s Sys=0.00s Real=0.03s
[6.191s][info][gc,start       ] GC(122) Pause Young (Allocation Failure)
[6.231s][info][gc,heap        ] GC(122) PSYoungGen: 78848K(78848K)->46880K(86016K) Eden: 23552K(23552K)->0K(24064K) From: 55296K(55296K)->46880K(61952K)
[6.231s][info][gc,heap        ] GC(122) ParOldGen: 922685K(1006592K)->955109K(1006592K)
[6.231s][info][gc,metaspace   ] GC(122) Metaspace: 6297K(6464K)->6297K(6464K) NonClass: 5764K(5824K)->5764K(5824K) Class: 533K(640K)->533K(640K)
[6.231s][info][gc             ] GC(122) Pause Young (Allocation Failure) 978M->978M(1067M) 39.833ms
[6.231s][info][gc,cpu         ] GC(122) User=0.16s Sys=0.06s Real=0.04s
[6.260s][info][gc,start       ] GC(123) Pause Young (Allocation Failure)
[6.296s][info][gc,heap        ] GC(123) PSYoungGen: 70944K(86016K)->47776K(88064K) Eden: 24064K(24064K)->0K(24064K) From: 46880K(61952K)->47776K(64000K)
[6.296s][info][gc,heap        ] GC(123) ParOldGen: 955109K(1006592K)->978621K(1006592K)
[6.296s][info][gc,metaspace   ] GC(123) Metaspace: 6297K(6464K)->6297K(6464K) NonClass: 5764K(5824K)->5764K(5824K) Class: 533K(640K)->533K(640K)
[6.296s][info][gc             ] GC(123) Pause Young (Allocation Failure) 1002M->1002M(1069M) 35.718ms
[6.296s][info][gc,cpu         ] GC(123) User=0.23s Sys=0.02s Real=0.04s
[6.296s][info][gc,start       ] GC(124) Pause Full (Ergonomics)
[6.296s][info][gc,phases,start] GC(124) Marking Phase
[6.520s][info][gc,phases      ] GC(124) Marking Phase 224.414ms
[6.520s][info][gc,phases,start] GC(124) Summary Phase
[6.520s][info][gc,phases      ] GC(124) Summary Phase 0.034ms
[6.520s][info][gc,phases,start] GC(124) Adjust Roots
[6.520s][info][gc,phases      ] GC(124) Adjust Roots 0.159ms
[6.520s][info][gc,phases,start] GC(124) Compaction Phase
[6.618s][info][gc,phases      ] GC(124) Compaction Phase 97.115ms
[6.618s][info][gc,phases,start] GC(124) Post Compact
[6.620s][info][gc,phases      ] GC(124) Post Compact 1.983ms
[6.620s][info][gc,heap        ] GC(124) PSYoungGen: 47776K(88064K)->18939K(88064K) Eden: 0K(24064K)->0K(24064K) From: 47776K(64000K)->18939K(64000K)
[6.620s][info][gc,heap        ] GC(124) ParOldGen: 978621K(1006592K)->1006233K(1117184K)
[6.620s][info][gc,metaspace   ] GC(124) Metaspace: 6297K(6464K)->6297K(6464K) NonClass: 5764K(5824K)->5764K(5824K) Class: 533K(640K)->533K(640K)
[6.620s][info][gc             ] GC(124) Pause Full (Ergonomics) 1002M->1001M(1177M) 324.578ms
[6.620s][info][gc,cpu         ] GC(124) User=2.27s Sys=0.02s Real=0.33s
[6.647s][info][gc,start       ] GC(125) Pause Young (Allocation Failure)
[6.709s][info][gc,heap        ] GC(125) PSYoungGen: 43003K(88064K)->35648K(86528K) Eden: 24064K(24064K)->0K(26624K) From: 18939K(64000K)->35648K(59904K)
[6.709s][info][gc,heap        ] GC(125) ParOldGen: 1006233K(1117184K)->1013881K(1117184K)
[6.709s][info][gc,metaspace   ] GC(125) Metaspace: 6297K(6464K)->6297K(6464K) NonClass: 5764K(5824K)->5764K(5824K) Class: 533K(640K)->533K(640K)
[6.709s][info][gc             ] GC(125) Pause Young (Allocation Failure) 1024M->1024M(1175M) 61.980ms
[6.709s][info][gc,cpu         ] GC(125) User=0.36s Sys=0.02s Real=0.06s
[6.738s][info][gc,start       ] GC(126) Pause Young (Allocation Failure)
[6.771s][info][gc,heap        ] GC(126) PSYoungGen: 62272K(86528K)->62272K(89600K) Eden: 26624K(26624K)->0K(26624K) From: 35648K(59904K)->62272K(62976K)
[6.771s][info][gc,heap        ] GC(126) ParOldGen: 1013881K(1117184K)->1013881K(1117184K)
[6.771s][info][gc,metaspace   ] GC(126) Metaspace: 6297K(6464K)->6297K(6464K) NonClass: 5764K(5824K)->5764K(5824K) Class: 533K(640K)->533K(640K)
[6.771s][info][gc             ] GC(126) Pause Young (Allocation Failure) 1050M->1050M(1178M) 32.619ms
[6.771s][info][gc,cpu         ] GC(126) User=0.12s Sys=0.00s Real=0.03s
[6.804s][info][gc,start       ] GC(127) Pause Young (Allocation Failure)
[6.850s][info][gc,heap        ] GC(127) PSYoungGen: 88896K(89600K)->69632K(83968K) Eden: 26624K(26624K)->0K(14336K) From: 62272K(62976K)->69632K(69632K)
[6.850s][info][gc,heap        ] GC(127) ParOldGen: 1013881K(1117184K)->1033289K(1117184K)
[6.850s][info][gc,metaspace   ] GC(127) Metaspace: 6297K(6464K)->6297K(6464K) NonClass: 5764K(5824K)->5764K(5824K) Class: 533K(640K)->533K(640K)
[6.850s][info][gc             ] GC(127) Pause Young (Allocation Failure) 1076M->1077M(1173M) 46.058ms
[6.850s][info][gc,cpu         ] GC(127) User=0.25s Sys=0.00s Real=0.05s
[6.866s][info][gc,start       ] GC(128) Pause Young (Allocation Failure)
[6.908s][info][gc,heap        ] GC(128) PSYoungGen: 83968K(83968K)->57984K(99328K) Eden: 14336K(14336K)->0K(14336K) From: 69632K(69632K)->57984K(84992K)
[6.908s][info][gc,heap        ] GC(128) ParOldGen: 1033289K(1117184K)->1059713K(1117184K)
[6.908s][info][gc,metaspace   ] GC(128) Metaspace: 6297K(6464K)->6297K(6464K) NonClass: 5764K(5824K)->5764K(5824K) Class: 533K(640K)->533K(640K)
[6.908s][info][gc             ] GC(128) Pause Young (Allocation Failure) 1091M->1091M(1188M) 42.369ms
[6.909s][info][gc,cpu         ] GC(128) User=0.23s Sys=0.02s Real=0.04s
[6.924s][info][gc,start       ] GC(129) Pause Young (Allocation Failure)
[6.960s][info][gc,heap        ] GC(129) PSYoungGen: 72320K(99328K)->51232K(99328K) Eden: 14336K(14336K)->0K(16384K) From: 57984K(84992K)->51232K(82944K)
[6.960s][info][gc,heap        ] GC(129) ParOldGen: 1059713K(1117184K)->1081049K(1117184K)
[6.960s][info][gc,metaspace   ] GC(129) Metaspace: 6297K(6464K)->6297K(6464K) NonClass: 5764K(5824K)->5764K(5824K) Class: 533K(640K)->533K(640K)
[6.960s][info][gc             ] GC(129) Pause Young (Allocation Failure) 1105M->1105M(1188M) 36.074ms
[6.960s][info][gc,cpu         ] GC(129) User=0.25s Sys=0.02s Real=0.04s
[6.960s][info][gc,start       ] GC(130) Pause Full (Ergonomics)
[6.960s][info][gc,phases,start] GC(130) Marking Phase
[7.218s][info][gc,phases      ] GC(130) Marking Phase 257.775ms
[7.218s][info][gc,phases,start] GC(130) Summary Phase
[7.218s][info][gc,phases      ] GC(130) Summary Phase 0.032ms
[7.218s][info][gc,phases,start] GC(130) Adjust Roots
[7.218s][info][gc,phases      ] GC(130) Adjust Roots 0.146ms
[7.218s][info][gc,phases,start] GC(130) Compaction Phase
[7.322s][info][gc,phases      ] GC(130) Compaction Phase 103.884ms
[7.322s][info][gc,phases,start] GC(130) Post Compact
[7.325s][info][gc,phases      ] GC(130) Post Compact 2.274ms
[7.325s][info][gc,heap        ] GC(130) PSYoungGen: 51232K(99328K)->14209K(100864K) Eden: 0K(16384K)->0K(17920K) From: 51232K(82944K)->14209K(82944K)
[7.325s][info][gc,heap        ] GC(130) ParOldGen: 1081049K(1117184K)->1116793K(1238016K)
[7.325s][info][gc,metaspace   ] GC(130) Metaspace: 6297K(6464K)->6297K(6464K) NonClass: 5764K(5824K)->5764K(5824K) Class: 533K(640K)->533K(640K)
[7.325s][info][gc             ] GC(130) Pause Full (Ergonomics) 1105M->1104M(1307M) 365.079ms
[7.325s][info][gc,cpu         ] GC(130) User=2.55s Sys=0.00s Real=0.37s
[7.347s][info][gc,start       ] GC(131) Pause Young (Allocation Failure)
[7.410s][info][gc,heap        ] GC(131) PSYoungGen: 32129K(100864K)->23136K(102400K) Eden: 17920K(17920K)->0K(17920K) From: 14209K(82944K)->23136K(84480K)
[7.410s][info][gc,heap        ] GC(131) ParOldGen: 1116793K(1238016K)->1126049K(1238016K)
[7.410s][info][gc,metaspace   ] GC(131) Metaspace: 6297K(6464K)->6297K(6464K) NonClass: 5764K(5824K)->5764K(5824K) Class: 533K(640K)->533K(640K)
[7.410s][info][gc             ] GC(131) Pause Young (Allocation Failure) 1121M->1122M(1309M) 63.809ms
[7.410s][info][gc,cpu         ] GC(131) User=0.50s Sys=0.00s Real=0.06s
[7.431s][info][gc,start       ] GC(132) Pause Young (Allocation Failure)
[7.455s][info][gc,heap        ] GC(132) PSYoungGen: 41056K(102400K)->41088K(97280K) Eden: 17920K(17920K)->0K(19968K) From: 23136K(84480K)->41088K(77312K)
[7.455s][info][gc,heap        ] GC(132) ParOldGen: 1126049K(1238016K)->1126049K(1238016K)
[7.455s][info][gc,metaspace   ] GC(132) Metaspace: 6297K(6464K)->6297K(6464K) NonClass: 5764K(5824K)->5764K(5824K) Class: 533K(640K)->533K(640K)
[7.455s][info][gc             ] GC(132) Pause Young (Allocation Failure) 1139M->1139M(1304M) 23.507ms
[7.455s][info][gc,cpu         ] GC(132) User=0.12s Sys=0.00s Real=0.02s
[7.478s][info][gc,start       ] GC(133) Pause Young (Allocation Failure)
[7.509s][info][gc,heap        ] GC(133) PSYoungGen: 61056K(97280K)->56000K(100864K) Eden: 19968K(19968K)->0K(19968K) From: 41088K(77312K)->56000K(80896K)
[7.509s][info][gc,heap        ] GC(133) ParOldGen: 1126049K(1238016K)->1131225K(1238016K)
[7.509s][info][gc,metaspace   ] GC(133) Metaspace: 6297K(6464K)->6297K(6464K) NonClass: 5764K(5824K)->5764K(5824K) Class: 533K(640K)->533K(640K)
[7.509s][info][gc             ] GC(133) Pause Young (Allocation Failure) 1159M->1159M(1307M) 31.545ms
[7.509s][info][gc,cpu         ] GC(133) User=0.14s Sys=0.00s Real=0.03s
[7.535s][info][gc,start       ] GC(134) Pause Young (Allocation Failure)
[7.573s][info][gc,heap        ] GC(134) PSYoungGen: 75968K(100864K)->58048K(103424K) Eden: 19968K(19968K)->0K(21504K) From: 56000K(80896K)->58048K(81920K)
[7.573s][info][gc,heap        ] GC(134) ParOldGen: 1131225K(1238016K)->1149393K(1238016K)
[7.574s][info][gc,metaspace   ] GC(134) Metaspace: 6297K(6464K)->6297K(6464K) NonClass: 5764K(5824K)->5764K(5824K) Class: 533K(640K)->533K(640K)
[7.574s][info][gc             ] GC(134) Pause Young (Allocation Failure) 1178M->1179M(1310M) 38.294ms
[7.574s][info][gc,cpu         ] GC(134) User=0.20s Sys=0.05s Real=0.04s
[7.601s][info][gc,start       ] GC(135) Pause Young (Allocation Failure)
[7.641s][info][gc,heap        ] GC(135) PSYoungGen: 79552K(103424K)->61568K(104448K) Eden: 21504K(21504K)->0K(21504K) From: 58048K(81920K)->61568K(82944K)
[7.641s][info][gc,heap        ] GC(135) ParOldGen: 1149393K(1238016K)->1167569K(1238016K)
[7.641s][info][gc,metaspace   ] GC(135) Metaspace: 6297K(6464K)->6297K(6464K) NonClass: 5764K(5824K)->5764K(5824K) Class: 533K(640K)->533K(640K)
[7.641s][info][gc             ] GC(135) Pause Young (Allocation Failure) 1200M->1200M(1311M) 40.432ms
[7.641s][info][gc,cpu         ] GC(135) User=0.23s Sys=0.02s Real=0.04s
[7.667s][info][gc,start       ] GC(136) Pause Young (Allocation Failure)
[7.709s][info][gc,heap        ] GC(136) PSYoungGen: 83072K(104448K)->63136K(107008K) Eden: 21504K(21504K)->0K(22016K) From: 61568K(82944K)->63136K(84992K)
[7.709s][info][gc,heap        ] GC(136) ParOldGen: 1167569K(1238016K)->1187817K(1238016K)
[7.709s][info][gc,metaspace   ] GC(136) Metaspace: 6297K(6464K)->6297K(6464K) NonClass: 5764K(5824K)->5764K(5824K) Class: 533K(640K)->533K(640K)
[7.709s][info][gc             ] GC(136) Pause Young (Allocation Failure) 1221M->1221M(1313M) 42.846ms
[7.709s][info][gc,cpu         ] GC(136) User=0.23s Sys=0.02s Real=0.04s
[7.737s][info][gc,start       ] GC(137) Pause Young (Allocation Failure)
[7.782s][info][gc,heap        ] GC(137) PSYoungGen: 85152K(107008K)->65216K(109056K) Eden: 22016K(22016K)->0K(22016K) From: 63136K(84992K)->65216K(87040K)
[7.782s][info][gc,heap        ] GC(137) ParOldGen: 1187817K(1238016K)->1208073K(1238016K)
[7.782s][info][gc,metaspace   ] GC(137) Metaspace: 6297K(6464K)->6297K(6464K) NonClass: 5764K(5824K)->5764K(5824K) Class: 533K(640K)->533K(640K)
[7.782s][info][gc             ] GC(137) Pause Young (Allocation Failure) 1243M->1243M(1315M) 45.006ms
[7.782s][info][gc,cpu         ] GC(137) User=0.27s Sys=0.00s Real=0.04s
[7.782s][info][gc,start       ] GC(138) Pause Full (Ergonomics)
[7.782s][info][gc,phases,start] GC(138) Marking Phase
[8.069s][info][gc,phases      ] GC(138) Marking Phase 286.951ms
[8.069s][info][gc,phases,start] GC(138) Summary Phase
[8.069s][info][gc,phases      ] GC(138) Summary Phase 0.026ms
[8.069s][info][gc,phases,start] GC(138) Adjust Roots
[8.070s][info][gc,phases      ] GC(138) Adjust Roots 0.146ms
[8.070s][info][gc,phases,start] GC(138) Compaction Phase
[8.185s][info][gc,phases      ] GC(138) Compaction Phase 115.608ms
[8.185s][info][gc,phases,start] GC(138) Post Compact
[8.188s][info][gc,phases      ] GC(138) Post Compact 2.527ms
[8.188s][info][gc,heap        ] GC(138) PSYoungGen: 65216K(109056K)->33760K(109056K) Eden: 0K(22016K)->0K(22016K) From: 65216K(87040K)->33760K(87040K)
[8.188s][info][gc,heap        ] GC(138) ParOldGen: 1208073K(1238016K)->1237833K(1365504K)
[8.188s][info][gc,metaspace   ] GC(138) Metaspace: 6297K(6464K)->6297K(6464K) NonClass: 5764K(5824K)->5764K(5824K) Class: 533K(640K)->533K(640K)
[8.189s][info][gc             ] GC(138) Pause Full (Ergonomics) 1243M->1241M(1440M) 406.183ms
[8.189s][info][gc,cpu         ] GC(138) User=3.03s Sys=0.00s Real=0.41s
[8.216s][info][gc,start       ] GC(139) Pause Young (Allocation Failure)
[8.295s][info][gc,heap        ] GC(139) PSYoungGen: 55776K(109056K)->33952K(111104K) Eden: 22016K(22016K)->0K(24576K) From: 33760K(87040K)->33952K(86528K)
[8.295s][info][gc,heap        ] GC(139) ParOldGen: 1237833K(1365504K)->1260097K(1365504K)
[8.295s][info][gc,metaspace   ] GC(139) Metaspace: 6297K(6464K)->6297K(6464K) NonClass: 5764K(5824K)->5764K(5824K) Class: 533K(640K)->533K(640K)
[8.295s][info][gc             ] GC(139) Pause Young (Allocation Failure) 1263M->1263M(1442M) 79.529ms
[8.295s][info][gc,cpu         ] GC(139) User=0.52s Sys=0.00s Real=0.08s
[8.321s][info][gc,start       ] GC(140) Pause Young (Allocation Failure)
[8.351s][info][gc,heap        ] GC(140) PSYoungGen: 58528K(111104K)->38528K(112640K) Eden: 24576K(24576K)->0K(24576K) From: 33952K(86528K)->38528K(88064K)
[8.351s][info][gc,heap        ] GC(140) ParOldGen: 1260097K(1365504K)->1272065K(1365504K)
[8.351s][info][gc,metaspace   ] GC(140) Metaspace: 6297K(6464K)->6297K(6464K) NonClass: 5764K(5824K)->5764K(5824K) Class: 533K(640K)->533K(640K)
[8.351s][info][gc             ] GC(140) Pause Young (Allocation Failure) 1287M->1279M(1443M) 29.862ms
[8.351s][info][gc,cpu         ] GC(140) User=0.12s Sys=0.00s Real=0.03s
[8.371s][info][gc,start       ] GC(141) Pause Young (Allocation Failure)
[8.400s][info][gc,heap        ] GC(141) PSYoungGen: 63104K(112640K)->29312K(113152K) Eden: 24576K(24576K)->0K(27648K) From: 38528K(88064K)->29312K(85504K)
[8.400s][info][gc,heap        ] GC(141) ParOldGen: 1272065K(1365504K)->1294393K(1365504K)
[8.400s][info][gc,metaspace   ] GC(141) Metaspace: 6297K(6464K)->6297K(6464K) NonClass: 5764K(5824K)->5764K(5824K) Class: 533K(640K)->533K(640K)
[8.400s][info][gc             ] GC(141) Pause Young (Allocation Failure) 1303M->1292M(1444M) 29.133ms
[8.400s][info][gc,cpu         ] GC(141) User=0.12s Sys=0.02s Real=0.03s
[8.437s][info][gc,start       ] GC(142) Pause Young (Allocation Failure)
[8.470s][info][gc,heap        ] GC(142) PSYoungGen: 56960K(113152K)->40544K(113152K) Eden: 27648K(27648K)->0K(27648K) From: 29312K(85504K)->40544K(85504K)
[8.470s][info][gc,heap        ] GC(142) ParOldGen: 1294393K(1365504K)->1311025K(1365504K)
[8.470s][info][gc,metaspace   ] GC(142) Metaspace: 6297K(6464K)->6297K(6464K) NonClass: 5764K(5824K)->5764K(5824K) Class: 533K(640K)->533K(640K)
[8.470s][info][gc             ] GC(142) Pause Young (Allocation Failure) 1319M->1319M(1444M) 33.695ms
[8.470s][info][gc,cpu         ] GC(142) User=0.14s Sys=0.02s Real=0.03s
[8.503s][info][gc,start       ] GC(143) Pause Young (Allocation Failure)
[8.541s][info][gc,heap        ] GC(143) PSYoungGen: 68192K(113152K)->55488K(113152K) Eden: 27648K(27648K)->0K(30720K) From: 40544K(85504K)->55488K(82432K)
[8.541s][info][gc,heap        ] GC(143) ParOldGen: 1311025K(1365504K)->1324001K(1365504K)
[8.541s][info][gc,metaspace   ] GC(143) Metaspace: 6297K(6464K)->6297K(6464K) NonClass: 5764K(5824K)->5764K(5824K) Class: 533K(640K)->533K(640K)
[8.541s][info][gc             ] GC(143) Pause Young (Allocation Failure) 1346M->1347M(1444M) 37.673ms
[8.541s][info][gc,cpu         ] GC(143) User=0.27s Sys=0.02s Real=0.04s
[8.581s][info][gc,start       ] GC(144) Pause Young (Allocation Failure)
[8.628s][info][gc,heap        ] GC(144) PSYoungGen: 86208K(113152K)->58528K(113152K) Eden: 30720K(30720K)->0K(30720K) From: 55488K(82432K)->58528K(82432K)
[8.628s][info][gc,heap        ] GC(144) ParOldGen: 1324001K(1365504K)->1352041K(1365504K)
[8.628s][info][gc,metaspace   ] GC(144) Metaspace: 6297K(6464K)->6297K(6464K) NonClass: 5764K(5824K)->5764K(5824K) Class: 533K(640K)->533K(640K)
[8.628s][info][gc             ] GC(144) Pause Young (Allocation Failure) 1377M->1377M(1444M) 47.225ms
[8.628s][info][gc,cpu         ] GC(144) User=0.25s Sys=0.02s Real=0.05s
[8.628s][info][gc,start       ] GC(145) Pause Full (Ergonomics)
[8.628s][info][gc,phases,start] GC(145) Marking Phase
[8.944s][info][gc,phases      ] GC(145) Marking Phase 315.642ms
[8.944s][info][gc,phases,start] GC(145) Summary Phase
[8.944s][info][gc,phases      ] GC(145) Summary Phase 0.034ms
[8.944s][info][gc,phases,start] GC(145) Adjust Roots
[8.944s][info][gc,phases      ] GC(145) Adjust Roots 0.258ms
[8.944s][info][gc,phases,start] GC(145) Compaction Phase
[9.323s][info][gc,phases      ] GC(145) Compaction Phase 378.734ms
[9.323s][info][gc,phases,start] GC(145) Post Compact
[9.326s][info][gc,phases      ] GC(145) Post Compact 2.661ms
[9.326s][info][gc,heap        ] GC(145) PSYoungGen: 58528K(113152K)->43483K(113152K) Eden: 0K(30720K)->0K(30720K) From: 58528K(82432K)->43483K(82432K)
[9.326s][info][gc,heap        ] GC(145) ParOldGen: 1352041K(1365504K)->1365141K(1433600K)
[9.326s][info][gc,metaspace   ] GC(145) Metaspace: 6297K(6464K)->6297K(6464K) NonClass: 5764K(5824K)->5764K(5824K) Class: 533K(640K)->533K(640K)
[9.326s][info][gc             ] GC(145) Pause Full (Ergonomics) 1377M->1375M(1510M) 697.901ms
[9.326s][info][gc,cpu         ] GC(145) User=4.98s Sys=0.02s Real=0.70s
[9.588s][info][gc,start       ] GC(146) Pause Full (Ergonomics)
[9.589s][info][gc,phases,start] GC(146) Marking Phase
[9.917s][info][gc,phases      ] GC(146) Marking Phase 328.480ms
[9.917s][info][gc,phases,start] GC(146) Summary Phase
[9.917s][info][gc,phases      ] GC(146) Summary Phase 0.028ms
[9.917s][info][gc,phases,start] GC(146) Adjust Roots
[9.917s][info][gc,phases      ] GC(146) Adjust Roots 0.161ms
[9.917s][info][gc,phases,start] GC(146) Compaction Phase
[10.130s][info][gc,phases      ] GC(146) Compaction Phase 212.540ms
[10.130s][info][gc,phases,start] GC(146) Post Compact
[10.133s][info][gc,phases      ] GC(146) Post Compact 3.166ms
[10.133s][info][gc,heap        ] GC(146) PSYoungGen: 74203K(113152K)->38875K(113152K) Eden: 30720K(30720K)->0K(30720K) From: 43483K(82432K)->38875K(82432K)
[10.133s][info][gc,heap        ] GC(146) ParOldGen: 1430677K(1433600K)->1433201K(1433600K)
[10.133s][info][gc,metaspace   ] GC(146) Metaspace: 6297K(6464K)->6297K(6464K) NonClass: 5764K(5824K)->5764K(5824K) Class: 533K(640K)->533K(640K)
[10.133s][info][gc             ] GC(146) Pause Full (Ergonomics) 1469M->1437M(1510M) 544.808ms
[10.133s][info][gc,cpu         ] GC(146) User=3.80s Sys=0.00s Real=0.54s
[10.163s][info][gc,start       ] GC(147) Pause Full (Ergonomics)
[10.163s][info][gc,phases,start] GC(147) Marking Phase
[10.495s][info][gc,phases      ] GC(147) Marking Phase 331.774ms
[10.495s][info][gc,phases,start] GC(147) Summary Phase
[10.495s][info][gc,phases      ] GC(147) Summary Phase 0.028ms
[10.495s][info][gc,phases,start] GC(147) Adjust Roots
[10.495s][info][gc,phases      ] GC(147) Adjust Roots 0.153ms
[10.495s][info][gc,phases,start] GC(147) Compaction Phase
[10.616s][info][gc,phases      ] GC(147) Compaction Phase 120.555ms
[10.616s][info][gc,phases,start] GC(147) Post Compact
[10.619s][info][gc,phases      ] GC(147) Post Compact 2.701ms
[10.619s][info][gc,heap        ] GC(147) PSYoungGen: 69595K(113152K)->69566K(113152K) Eden: 30720K(30720K)->30690K(30720K) From: 38875K(82432K)->38875K(82432K)
[10.619s][info][gc,heap        ] GC(147) ParOldGen: 1433201K(1433600K)->1433201K(1433600K)
[10.619s][info][gc,metaspace   ] GC(147) Metaspace: 6297K(6464K)->6297K(6464K) NonClass: 5764K(5824K)->5764K(5824K) Class: 533K(640K)->533K(640K)
[10.619s][info][gc             ] GC(147) Pause Full (Ergonomics) 1467M->1467M(1510M) 455.580ms
[10.619s][info][gc,cpu         ] GC(147) User=3.09s Sys=0.00s Real=0.46s
[10.619s][info][gc,start       ] GC(148) Pause Full (Ergonomics)
[10.619s][info][gc,phases,start] GC(148) Marking Phase
[10.942s][info][gc,phases      ] GC(148) Marking Phase 323.390ms
[10.942s][info][gc,phases,start] GC(148) Summary Phase
[10.943s][info][gc,phases      ] GC(148) Summary Phase 0.028ms
[10.943s][info][gc,phases,start] GC(148) Adjust Roots
[10.943s][info][gc,phases      ] GC(148) Adjust Roots 0.158ms
[10.943s][info][gc,phases,start] GC(148) Compaction Phase
[11.065s][info][gc,phases      ] GC(148) Compaction Phase 122.700ms
[11.065s][info][gc,phases,start] GC(148) Post Compact
[11.068s][info][gc,phases      ] GC(148) Post Compact 2.964ms
[11.069s][info][gc,heap        ] GC(148) PSYoungGen: 69595K(113152K)->69594K(113152K) Eden: 30720K(30720K)->30719K(30720K) From: 38875K(82432K)->38875K(82432K)
[11.069s][info][gc,heap        ] GC(148) ParOldGen: 1433201K(1433600K)->1433201K(1433600K)
[11.069s][info][gc,metaspace   ] GC(148) Metaspace: 6297K(6464K)->6297K(6464K) NonClass: 5764K(5824K)->5764K(5824K) Class: 533K(640K)->533K(640K)
[11.069s][info][gc             ] GC(148) Pause Full (Ergonomics) 1467M->1467M(1510M) 449.627ms
[11.069s][info][gc,cpu         ] GC(148) User=3.06s Sys=0.02s Real=0.45s
[11.069s][info][gc,start       ] GC(149) Pause Full (Ergonomics)
[11.069s][info][gc,phases,start] GC(149) Marking Phase
[11.401s][info][gc,phases      ] GC(149) Marking Phase 332.620ms
[11.402s][info][gc,phases,start] GC(149) Summary Phase
[11.402s][info][gc,phases      ] GC(149) Summary Phase 0.027ms
[11.402s][info][gc,phases,start] GC(149) Adjust Roots
[11.402s][info][gc,phases      ] GC(149) Adjust Roots 0.162ms
[11.402s][info][gc,phases,start] GC(149) Compaction Phase
[11.517s][info][gc,phases      ] GC(149) Compaction Phase 115.261ms
[11.517s][info][gc,phases,start] GC(149) Post Compact
[11.520s][info][gc,phases      ] GC(149) Post Compact 2.670ms
[11.520s][info][gc,heap        ] GC(149) PSYoungGen: 69595K(113152K)->69595K(113152K) Eden: 30719K(30720K)->30719K(30720K) From: 38875K(82432K)->38875K(82432K)
[11.520s][info][gc,heap        ] GC(149) ParOldGen: 1433201K(1433600K)->1433201K(1433600K)
[11.520s][info][gc,metaspace   ] GC(149) Metaspace: 6297K(6464K)->6297K(6464K) NonClass: 5764K(5824K)->5764K(5824K) Class: 533K(640K)->533K(640K)
[11.520s][info][gc             ] GC(149) Pause Full (Ergonomics) 1467M->1467M(1510M) 451.080ms
[11.520s][info][gc,cpu         ] GC(149) User=3.02s Sys=0.00s Real=0.45s
[11.520s][info][gc,start       ] GC(150) Pause Full (Ergonomics)
[11.520s][info][gc,phases,start] GC(150) Marking Phase
[11.845s][info][gc,phases      ] GC(150) Marking Phase 324.825ms
[11.845s][info][gc,phases,start] GC(150) Summary Phase
[11.845s][info][gc,phases      ] GC(150) Summary Phase 0.027ms
[11.845s][info][gc,phases,start] GC(150) Adjust Roots
[11.845s][info][gc,phases      ] GC(150) Adjust Roots 0.156ms
[11.845s][info][gc,phases,start] GC(150) Compaction Phase
[11.963s][info][gc,phases      ] GC(150) Compaction Phase 117.561ms
[11.963s][info][gc,phases,start] GC(150) Post Compact
[11.966s][info][gc,phases      ] GC(150) Post Compact 2.857ms
[11.966s][info][gc,heap        ] GC(150) PSYoungGen: 69595K(113152K)->69595K(113152K) Eden: 30719K(30720K)->30719K(30720K) From: 38875K(82432K)->38875K(82432K)
[11.966s][info][gc,heap        ] GC(150) ParOldGen: 1433206K(1433600K)->1433206K(1433600K)
[11.966s][info][gc,metaspace   ] GC(150) Metaspace: 6297K(6464K)->6297K(6464K) NonClass: 5764K(5824K)->5764K(5824K) Class: 533K(640K)->533K(640K)
[11.966s][info][gc             ] GC(150) Pause Full (Ergonomics) 1467M->1467M(1510M) 445.803ms
[11.966s][info][gc,cpu         ] GC(150) User=3.08s Sys=0.00s Real=0.45s
[11.966s][info][gc,start       ] GC(151) Pause Full (Ergonomics)
[11.966s][info][gc,phases,start] GC(151) Marking Phase
[12.296s][info][gc,phases      ] GC(151) Marking Phase 329.854ms
[12.296s][info][gc,phases,start] GC(151) Summary Phase
[12.296s][info][gc,phases      ] GC(151) Summary Phase 0.028ms
[12.296s][info][gc,phases,start] GC(151) Adjust Roots
[12.296s][info][gc,phases      ] GC(151) Adjust Roots 0.156ms
[12.296s][info][gc,phases,start] GC(151) Compaction Phase
[12.413s][info][gc,phases      ] GC(151) Compaction Phase 116.879ms
[12.413s][info][gc,phases,start] GC(151) Post Compact
[12.416s][info][gc,phases      ] GC(151) Post Compact 2.679ms
[12.416s][info][gc,heap        ] GC(151) PSYoungGen: 69595K(113152K)->69595K(113152K) Eden: 30719K(30720K)->30719K(30720K) From: 38875K(82432K)->38875K(82432K)
[12.416s][info][gc,heap        ] GC(151) ParOldGen: 1433211K(1433600K)->1433211K(1433600K)
[12.416s][info][gc,metaspace   ] GC(151) Metaspace: 6297K(6464K)->6297K(6464K) NonClass: 5764K(5824K)->5764K(5824K) Class: 533K(640K)->533K(640K)
[12.416s][info][gc             ] GC(151) Pause Full (Ergonomics) 1467M->1467M(1510M) 449.924ms
[12.416s][info][gc,cpu         ] GC(151) User=3.16s Sys=0.00s Real=0.45s
[12.416s][info][gc,start       ] GC(152) Pause Full (Ergonomics)
[12.416s][info][gc,phases,start] GC(152) Marking Phase
[12.738s][info][gc,phases      ] GC(152) Marking Phase 321.755ms
[12.738s][info][gc,phases,start] GC(152) Summary Phase
[12.738s][info][gc,phases      ] GC(152) Summary Phase 0.028ms
[12.738s][info][gc,phases,start] GC(152) Adjust Roots
[12.738s][info][gc,phases      ] GC(152) Adjust Roots 0.157ms
[12.738s][info][gc,phases,start] GC(152) Compaction Phase
[12.856s][info][gc,phases      ] GC(152) Compaction Phase 117.845ms
[12.856s][info][gc,phases,start] GC(152) Post Compact
[12.859s][info][gc,phases      ] GC(152) Post Compact 2.866ms
[12.859s][info][gc,heap        ] GC(152) PSYoungGen: 69595K(113152K)->69595K(113152K) Eden: 30719K(30720K)->30719K(30720K) From: 38875K(82432K)->38875K(82432K)
[12.859s][info][gc,heap        ] GC(152) ParOldGen: 1433215K(1433600K)->1433215K(1433600K)
[12.859s][info][gc,metaspace   ] GC(152) Metaspace: 6297K(6464K)->6297K(6464K) NonClass: 5764K(5824K)->5764K(5824K) Class: 533K(640K)->533K(640K)
[12.859s][info][gc             ] GC(152) Pause Full (Ergonomics) 1467M->1467M(1510M) 443.026ms
[12.859s][info][gc,cpu         ] GC(152) User=3.03s Sys=0.00s Real=0.44s
[12.860s][info][gc,start       ] GC(153) Pause Full (Ergonomics)
[12.860s][info][gc,phases,start] GC(153) Marking Phase
[13.185s][info][gc,phases      ] GC(153) Marking Phase 325.518ms
[13.185s][info][gc,phases,start] GC(153) Summary Phase
[13.185s][info][gc,phases      ] GC(153) Summary Phase 0.028ms
[13.185s][info][gc,phases,start] GC(153) Adjust Roots
[13.185s][info][gc,phases      ] GC(153) Adjust Roots 0.160ms
[13.185s][info][gc,phases,start] GC(153) Compaction Phase
[13.300s][info][gc,phases      ] GC(153) Compaction Phase 114.382ms
[13.300s][info][gc,phases,start] GC(153) Post Compact
[13.303s][info][gc,phases      ] GC(153) Post Compact 2.693ms
[13.303s][info][gc,heap        ] GC(153) PSYoungGen: 69595K(113152K)->69595K(113152K) Eden: 30719K(30720K)->30719K(30720K) From: 38875K(82432K)->38875K(82432K)
[13.303s][info][gc,heap        ] GC(153) ParOldGen: 1433220K(1433600K)->1433220K(1433600K)
[13.303s][info][gc,metaspace   ] GC(153) Metaspace: 6297K(6464K)->6297K(6464K) NonClass: 5764K(5824K)->5764K(5824K) Class: 533K(640K)->533K(640K)
[13.303s][info][gc             ] GC(153) Pause Full (Ergonomics) 1467M->1467M(1510M) 443.129ms
[13.303s][info][gc,cpu         ] GC(153) User=3.06s Sys=0.00s Real=0.44s
[13.303s][info][gc,start       ] GC(154) Pause Full (Ergonomics)
[13.303s][info][gc,phases,start] GC(154) Marking Phase
[13.639s][info][gc,phases      ] GC(154) Marking Phase 335.890ms
[13.639s][info][gc,phases,start] GC(154) Summary Phase
[13.639s][info][gc,phases      ] GC(154) Summary Phase 0.027ms
[13.639s][info][gc,phases,start] GC(154) Adjust Roots
[13.639s][info][gc,phases      ] GC(154) Adjust Roots 0.159ms
[13.639s][info][gc,phases,start] GC(154) Compaction Phase
[13.763s][info][gc,phases      ] GC(154) Compaction Phase 123.634ms
[13.763s][info][gc,phases,start] GC(154) Post Compact
[13.766s][info][gc,phases      ] GC(154) Post Compact 2.749ms
[13.766s][info][gc,heap        ] GC(154) PSYoungGen: 69595K(113152K)->69595K(113152K) Eden: 30719K(30720K)->30719K(30720K) From: 38875K(82432K)->38875K(82432K)
[13.766s][info][gc,heap        ] GC(154) ParOldGen: 1433225K(1433600K)->1433225K(1433600K)
[13.766s][info][gc,metaspace   ] GC(154) Metaspace: 6297K(6464K)->6297K(6464K) NonClass: 5764K(5824K)->5764K(5824K) Class: 533K(640K)->533K(640K)
[13.766s][info][gc             ] GC(154) Pause Full (Ergonomics) 1467M->1467M(1510M) 462.809ms
[13.766s][info][gc,cpu         ] GC(154) User=3.05s Sys=0.00s Real=0.46s
[13.766s][info][gc,start       ] GC(155) Pause Full (Ergonomics)
[13.766s][info][gc,phases,start] GC(155) Marking Phase
[14.097s][info][gc,phases      ] GC(155) Marking Phase 331.056ms
[14.097s][info][gc,phases,start] GC(155) Summary Phase
[14.097s][info][gc,phases      ] GC(155) Summary Phase 0.027ms
[14.097s][info][gc,phases,start] GC(155) Adjust Roots
[14.097s][info][gc,phases      ] GC(155) Adjust Roots 0.165ms
[14.097s][info][gc,phases,start] GC(155) Compaction Phase
[14.226s][info][gc,phases      ] GC(155) Compaction Phase 128.837ms
[14.226s][info][gc,phases,start] GC(155) Post Compact
[14.229s][info][gc,phases      ] GC(155) Post Compact 2.580ms
[14.229s][info][gc,heap        ] GC(155) PSYoungGen: 69595K(113152K)->69595K(113152K) Eden: 30719K(30720K)->30719K(30720K) From: 38875K(82432K)->38875K(82432K)
[14.229s][info][gc,heap        ] GC(155) ParOldGen: 1433229K(1433600K)->1433229K(1433600K)
[14.229s][info][gc,metaspace   ] GC(155) Metaspace: 6297K(6464K)->6297K(6464K) NonClass: 5764K(5824K)->5764K(5824K) Class: 533K(640K)->533K(640K)
[14.229s][info][gc             ] GC(155) Pause Full (Ergonomics) 1467M->1467M(1510M) 462.997ms
[14.229s][info][gc,cpu         ] GC(155) User=3.11s Sys=0.00s Real=0.46s
[14.229s][info][gc,start       ] GC(156) Pause Full (Ergonomics)
[14.229s][info][gc,phases,start] GC(156) Marking Phase
[14.558s][info][gc,phases      ] GC(156) Marking Phase 329.231ms
[14.558s][info][gc,phases,start] GC(156) Summary Phase
[14.558s][info][gc,phases      ] GC(156) Summary Phase 0.028ms
[14.559s][info][gc,phases,start] GC(156) Adjust Roots
[14.559s][info][gc,phases      ] GC(156) Adjust Roots 0.159ms
[14.559s][info][gc,phases,start] GC(156) Compaction Phase
[14.694s][info][gc,phases      ] GC(156) Compaction Phase 135.503ms
[14.694s][info][gc,phases,start] GC(156) Post Compact
[14.697s][info][gc,phases      ] GC(156) Post Compact 2.649ms
[14.697s][info][gc,heap        ] GC(156) PSYoungGen: 69595K(113152K)->69595K(113152K) Eden: 30719K(30720K)->30719K(30720K) From: 38875K(82432K)->38875K(82432K)
[14.697s][info][gc,heap        ] GC(156) ParOldGen: 1433234K(1433600K)->1433234K(1433600K)
[14.697s][info][gc,metaspace   ] GC(156) Metaspace: 6297K(6464K)->6297K(6464K) NonClass: 5764K(5824K)->5764K(5824K) Class: 533K(640K)->533K(640K)
[14.697s][info][gc             ] GC(156) Pause Full (Ergonomics) 1467M->1467M(1510M) 467.964ms
[14.697s][info][gc,cpu         ] GC(156) User=3.11s Sys=0.00s Real=0.47s
[14.697s][info][gc,start       ] GC(157) Pause Full (Ergonomics)
[14.697s][info][gc,phases,start] GC(157) Marking Phase
[15.027s][info][gc,phases      ] GC(157) Marking Phase 329.874ms
[15.027s][info][gc,phases,start] GC(157) Summary Phase
[15.027s][info][gc,phases      ] GC(157) Summary Phase 0.027ms
[15.027s][info][gc,phases,start] GC(157) Adjust Roots
[15.028s][info][gc,phases      ] GC(157) Adjust Roots 0.188ms
[15.028s][info][gc,phases,start] GC(157) Compaction Phase
[15.145s][info][gc,phases      ] GC(157) Compaction Phase 117.811ms
[15.145s][info][gc,phases,start] GC(157) Post Compact
[15.148s][info][gc,phases      ] GC(157) Post Compact 2.891ms
[15.148s][info][gc,heap        ] GC(157) PSYoungGen: 69595K(113152K)->69595K(113152K) Eden: 30719K(30720K)->30719K(30720K) From: 38875K(82432K)->38875K(82432K)
[15.148s][info][gc,heap        ] GC(157) ParOldGen: 1433239K(1433600K)->1433239K(1433600K)
[15.148s][info][gc,metaspace   ] GC(157) Metaspace: 6297K(6464K)->6297K(6464K) NonClass: 5764K(5824K)->5764K(5824K) Class: 533K(640K)->533K(640K)
[15.148s][info][gc             ] GC(157) Pause Full (Ergonomics) 1467M->1467M(1510M) 451.167ms
[15.149s][info][gc,cpu         ] GC(157) User=3.08s Sys=0.00s Real=0.45s
[15.149s][info][gc,start       ] GC(158) Pause Full (Ergonomics)
[15.149s][info][gc,phases,start] GC(158) Marking Phase
[15.483s][info][gc,phases      ] GC(158) Marking Phase 334.615ms
[15.483s][info][gc,phases,start] GC(158) Summary Phase
[15.483s][info][gc,phases      ] GC(158) Summary Phase 0.028ms
[15.483s][info][gc,phases,start] GC(158) Adjust Roots
[15.484s][info][gc,phases      ] GC(158) Adjust Roots 0.180ms
[15.484s][info][gc,phases,start] GC(158) Compaction Phase
[15.602s][info][gc,phases      ] GC(158) Compaction Phase 118.749ms
[15.602s][info][gc,phases,start] GC(158) Post Compact
[15.605s][info][gc,phases      ] GC(158) Post Compact 2.657ms
[15.605s][info][gc,heap        ] GC(158) PSYoungGen: 69595K(113152K)->69595K(113152K) Eden: 30719K(30720K)->30719K(30720K) From: 38875K(82432K)->38875K(82432K)
[15.605s][info][gc,heap        ] GC(158) ParOldGen: 1433243K(1433600K)->1433243K(1433600K)
[15.605s][info][gc,metaspace   ] GC(158) Metaspace: 6297K(6464K)->6297K(6464K) NonClass: 5764K(5824K)->5764K(5824K) Class: 533K(640K)->533K(640K)
[15.605s][info][gc             ] GC(158) Pause Full (Ergonomics) 1467M->1467M(1510M) 456.548ms
[15.605s][info][gc,cpu         ] GC(158) User=3.05s Sys=0.00s Real=0.46s
[15.605s][info][gc,start       ] GC(159) Pause Full (Ergonomics)
[15.606s][info][gc,phases,start] GC(159) Marking Phase
[15.944s][info][gc,phases      ] GC(159) Marking Phase 338.867ms
[15.944s][info][gc,phases,start] GC(159) Summary Phase
[15.944s][info][gc,phases      ] GC(159) Summary Phase 0.028ms
[15.944s][info][gc,phases,start] GC(159) Adjust Roots
[15.945s][info][gc,phases      ] GC(159) Adjust Roots 0.161ms
[15.945s][info][gc,phases,start] GC(159) Compaction Phase
[16.063s][info][gc,phases      ] GC(159) Compaction Phase 118.057ms
[16.063s][info][gc,phases,start] GC(159) Post Compact
[16.066s][info][gc,phases      ] GC(159) Post Compact 2.852ms
[16.066s][info][gc,heap        ] GC(159) PSYoungGen: 69595K(113152K)->69595K(113152K) Eden: 30719K(30720K)->30719K(30720K) From: 38875K(82432K)->38875K(82432K)
[16.066s][info][gc,heap        ] GC(159) ParOldGen: 1433248K(1433600K)->1433248K(1433600K)
[16.066s][info][gc,metaspace   ] GC(159) Metaspace: 6297K(6464K)->6297K(6464K) NonClass: 5764K(5824K)->5764K(5824K) Class: 533K(640K)->533K(640K)
[16.066s][info][gc             ] GC(159) Pause Full (Ergonomics) 1467M->1467M(1510M) 460.330ms
[16.066s][info][gc,cpu         ] GC(159) User=3.31s Sys=0.00s Real=0.46s
[16.066s][info][gc,start       ] GC(160) Pause Full (Ergonomics)
[16.066s][info][gc,phases,start] GC(160) Marking Phase
[16.394s][info][gc,phases      ] GC(160) Marking Phase 328.160ms
[16.394s][info][gc,phases,start] GC(160) Summary Phase
[16.394s][info][gc,phases      ] GC(160) Summary Phase 0.028ms
[16.394s][info][gc,phases,start] GC(160) Adjust Roots
[16.394s][info][gc,phases      ] GC(160) Adjust Roots 0.159ms
[16.395s][info][gc,phases,start] GC(160) Compaction Phase
[16.512s][info][gc,phases      ] GC(160) Compaction Phase 117.310ms
[16.512s][info][gc,phases,start] GC(160) Post Compact
[16.515s][info][gc,phases      ] GC(160) Post Compact 2.668ms
[16.515s][info][gc,heap        ] GC(160) PSYoungGen: 69595K(113152K)->69595K(113152K) Eden: 30719K(30720K)->30719K(30720K) From: 38875K(82432K)->38875K(82432K)
[16.515s][info][gc,heap        ] GC(160) ParOldGen: 1433253K(1433600K)->1433253K(1433600K)
[16.515s][info][gc,metaspace   ] GC(160) Metaspace: 6297K(6464K)->6297K(6464K) NonClass: 5764K(5824K)->5764K(5824K) Class: 533K(640K)->533K(640K)
[16.515s][info][gc             ] GC(160) Pause Full (Ergonomics) 1467M->1467M(1510M) 448.659ms
[16.515s][info][gc,cpu         ] GC(160) User=3.02s Sys=0.00s Real=0.45s
[16.515s][info][gc,start       ] GC(161) Pause Full (Ergonomics)
[16.515s][info][gc,phases,start] GC(161) Marking Phase
[16.839s][info][gc,phases      ] GC(161) Marking Phase 323.746ms
[16.839s][info][gc,phases,start] GC(161) Summary Phase
[16.839s][info][gc,phases      ] GC(161) Summary Phase 0.028ms
[16.839s][info][gc,phases,start] GC(161) Adjust Roots
[16.839s][info][gc,phases      ] GC(161) Adjust Roots 0.181ms
[16.839s][info][gc,phases,start] GC(161) Compaction Phase
[16.958s][info][gc,phases      ] GC(161) Compaction Phase 119.171ms
[16.958s][info][gc,phases,start] GC(161) Post Compact
[16.961s][info][gc,phases      ] GC(161) Post Compact 2.657ms
[16.961s][info][gc,heap        ] GC(161) PSYoungGen: 69595K(113152K)->69595K(113152K) Eden: 30719K(30720K)->30719K(30720K) From: 38875K(82432K)->38875K(82432K)
[16.961s][info][gc,heap        ] GC(161) ParOldGen: 1433257K(1433600K)->1433257K(1433600K)
[16.961s][info][gc,metaspace   ] GC(161) Metaspace: 6297K(6464K)->6297K(6464K) NonClass: 5764K(5824K)->5764K(5824K) Class: 533K(640K)->533K(640K)
[16.961s][info][gc             ] GC(161) Pause Full (Ergonomics) 1467M->1467M(1510M) 446.173ms
[16.961s][info][gc,cpu         ] GC(161) User=3.14s Sys=0.00s Real=0.45s
[16.961s][info][gc,start       ] GC(162) Pause Full (Ergonomics)
[16.961s][info][gc,phases,start] GC(162) Marking Phase
[17.297s][info][gc,phases      ] GC(162) Marking Phase 335.558ms
[17.297s][info][gc,phases,start] GC(162) Summary Phase
[17.297s][info][gc,phases      ] GC(162) Summary Phase 0.028ms
[17.297s][info][gc,phases,start] GC(162) Adjust Roots
[17.297s][info][gc,phases      ] GC(162) Adjust Roots 0.158ms
[17.297s][info][gc,phases,start] GC(162) Compaction Phase
[17.427s][info][gc,phases      ] GC(162) Compaction Phase 129.739ms
[17.427s][info][gc,phases,start] GC(162) Post Compact
[17.430s][info][gc,phases      ] GC(162) Post Compact 2.642ms
[17.430s][info][gc,heap        ] GC(162) PSYoungGen: 69595K(113152K)->69595K(113152K) Eden: 30719K(30720K)->30719K(30720K) From: 38875K(82432K)->38875K(82432K)
[17.430s][info][gc,heap        ] GC(162) ParOldGen: 1433262K(1433600K)->1433262K(1433600K)
[17.430s][info][gc,metaspace   ] GC(162) Metaspace: 6297K(6464K)->6297K(6464K) NonClass: 5764K(5824K)->5764K(5824K) Class: 533K(640K)->533K(640K)
[17.430s][info][gc             ] GC(162) Pause Full (Ergonomics) 1467M->1467M(1510M) 468.495ms
[17.430s][info][gc,cpu         ] GC(162) User=3.12s Sys=0.00s Real=0.47s
[17.430s][info][gc,start       ] GC(163) Pause Full (Ergonomics)
[17.430s][info][gc,phases,start] GC(163) Marking Phase
[17.760s][info][gc,phases      ] GC(163) Marking Phase 329.883ms
[17.760s][info][gc,phases,start] GC(163) Summary Phase
[17.760s][info][gc,phases      ] GC(163) Summary Phase 0.028ms
[17.760s][info][gc,phases,start] GC(163) Adjust Roots
[17.760s][info][gc,phases      ] GC(163) Adjust Roots 0.196ms
[17.760s][info][gc,phases,start] GC(163) Compaction Phase
[17.880s][info][gc,phases      ] GC(163) Compaction Phase 119.188ms
[17.880s][info][gc,phases,start] GC(163) Post Compact
[17.882s][info][gc,phases      ] GC(163) Post Compact 2.734ms
[17.882s][info][gc,heap        ] GC(163) PSYoungGen: 69595K(113152K)->69595K(113152K) Eden: 30719K(30720K)->30719K(30720K) From: 38875K(82432K)->38875K(82432K)
[17.882s][info][gc,heap        ] GC(163) ParOldGen: 1433267K(1433600K)->1433267K(1433600K)
[17.882s][info][gc,metaspace   ] GC(163) Metaspace: 6297K(6464K)->6297K(6464K) NonClass: 5764K(5824K)->5764K(5824K) Class: 533K(640K)->533K(640K)
[17.882s][info][gc             ] GC(163) Pause Full (Ergonomics) 1467M->1467M(1510M) 452.459ms
[17.882s][info][gc,cpu         ] GC(163) User=3.03s Sys=0.00s Real=0.45s
[17.883s][info][gc,start       ] GC(164) Pause Full (Ergonomics)
[17.883s][info][gc,phases,start] GC(164) Marking Phase
[18.213s][info][gc,phases      ] GC(164) Marking Phase 330.013ms
[18.213s][info][gc,phases,start] GC(164) Summary Phase
[18.213s][info][gc,phases      ] GC(164) Summary Phase 0.029ms
[18.213s][info][gc,phases,start] GC(164) Adjust Roots
[18.213s][info][gc,phases      ] GC(164) Adjust Roots 0.174ms
[18.213s][info][gc,phases,start] GC(164) Compaction Phase
[18.336s][info][gc,phases      ] GC(164) Compaction Phase 122.839ms
[18.336s][info][gc,phases,start] GC(164) Post Compact
[18.339s][info][gc,phases      ] GC(164) Post Compact 2.648ms
[18.339s][info][gc,heap        ] GC(164) PSYoungGen: 69595K(113152K)->69595K(113152K) Eden: 30719K(30720K)->30719K(30720K) From: 38875K(82432K)->38875K(82432K)
[18.339s][info][gc,heap        ] GC(164) ParOldGen: 1433271K(1433600K)->1433271K(1433600K)
[18.339s][info][gc,metaspace   ] GC(164) Metaspace: 6297K(6464K)->6297K(6464K) NonClass: 5764K(5824K)->5764K(5824K) Class: 533K(640K)->533K(640K)
[18.339s][info][gc             ] GC(164) Pause Full (Ergonomics) 1467M->1467M(1510M) 456.021ms
[18.339s][info][gc,cpu         ] GC(164) User=3.06s Sys=0.00s Real=0.46s
[18.339s][info][gc,start       ] GC(165) Pause Full (Ergonomics)
[18.339s][info][gc,phases,start] GC(165) Marking Phase
[18.658s][info][gc,phases      ] GC(165) Marking Phase 319.106ms
[18.658s][info][gc,phases,start] GC(165) Summary Phase
[18.658s][info][gc,phases      ] GC(165) Summary Phase 0.027ms
[18.658s][info][gc,phases,start] GC(165) Adjust Roots
[18.658s][info][gc,phases      ] GC(165) Adjust Roots 0.170ms
[18.658s][info][gc,phases,start] GC(165) Compaction Phase
[18.772s][info][gc,phases      ] GC(165) Compaction Phase 114.087ms
[18.772s][info][gc,phases,start] GC(165) Post Compact
[18.775s][info][gc,phases      ] GC(165) Post Compact 2.699ms
[18.775s][info][gc,heap        ] GC(165) PSYoungGen: 69595K(113152K)->69595K(113152K) Eden: 30719K(30720K)->30719K(30720K) From: 38875K(82432K)->38875K(82432K)
[18.775s][info][gc,heap        ] GC(165) ParOldGen: 1433276K(1433600K)->1433276K(1433600K)
[18.775s][info][gc,metaspace   ] GC(165) Metaspace: 6297K(6464K)->6297K(6464K) NonClass: 5764K(5824K)->5764K(5824K) Class: 533K(640K)->533K(640K)
[18.775s][info][gc             ] GC(165) Pause Full (Ergonomics) 1467M->1467M(1510M) 436.444ms
[18.775s][info][gc,cpu         ] GC(165) User=3.08s Sys=0.00s Real=0.44s
[18.776s][info][gc,start       ] GC(166) Pause Full (Ergonomics)
[18.776s][info][gc,phases,start] GC(166) Marking Phase
[19.091s][info][gc,phases      ] GC(166) Marking Phase 315.451ms
[19.091s][info][gc,phases,start] GC(166) Summary Phase
[19.091s][info][gc,phases      ] GC(166) Summary Phase 0.027ms
[19.091s][info][gc,phases,start] GC(166) Adjust Roots
[19.091s][info][gc,phases      ] GC(166) Adjust Roots 0.158ms
[19.091s][info][gc,phases,start] GC(166) Compaction Phase
[19.215s][info][gc,phases      ] GC(166) Compaction Phase 123.987ms
[19.215s][info][gc,phases,start] GC(166) Post Compact
[19.218s][info][gc,phases      ] GC(166) Post Compact 2.866ms
[19.218s][info][gc,heap        ] GC(166) PSYoungGen: 69595K(113152K)->69595K(113152K) Eden: 30719K(30720K)->30719K(30720K) From: 38875K(82432K)->38875K(82432K)
[19.218s][info][gc,heap        ] GC(166) ParOldGen: 1433281K(1433600K)->1433281K(1433600K)
[19.218s][info][gc,metaspace   ] GC(166) Metaspace: 6297K(6464K)->6297K(6464K) NonClass: 5764K(5824K)->5764K(5824K) Class: 533K(640K)->533K(640K)
[19.218s][info][gc             ] GC(166) Pause Full (Ergonomics) 1467M->1467M(1510M) 442.875ms
[19.218s][info][gc,cpu         ] GC(166) User=2.91s Sys=0.00s Real=0.44s
[19.219s][info][gc,start       ] GC(167) Pause Full (Ergonomics)
[19.219s][info][gc,phases,start] GC(167) Marking Phase
[19.545s][info][gc,phases      ] GC(167) Marking Phase 326.112ms
[19.545s][info][gc,phases,start] GC(167) Summary Phase
[19.545s][info][gc,phases      ] GC(167) Summary Phase 0.028ms
[19.545s][info][gc,phases,start] GC(167) Adjust Roots
[19.545s][info][gc,phases      ] GC(167) Adjust Roots 0.159ms
[19.545s][info][gc,phases,start] GC(167) Compaction Phase
[19.676s][info][gc,phases      ] GC(167) Compaction Phase 131.106ms
[19.676s][info][gc,phases,start] GC(167) Post Compact
[19.679s][info][gc,phases      ] GC(167) Post Compact 2.598ms
[19.679s][info][gc,heap        ] GC(167) PSYoungGen: 69595K(113152K)->69595K(113152K) Eden: 30719K(30720K)->30719K(30720K) From: 38875K(82432K)->38875K(82432K)
[19.679s][info][gc,heap        ] GC(167) ParOldGen: 1433285K(1433600K)->1433285K(1433600K)
[19.679s][info][gc,metaspace   ] GC(167) Metaspace: 6297K(6464K)->6297K(6464K) NonClass: 5764K(5824K)->5764K(5824K) Class: 533K(640K)->533K(640K)
[19.679s][info][gc             ] GC(167) Pause Full (Ergonomics) 1467M->1467M(1510M) 460.344ms
[19.679s][info][gc,cpu         ] GC(167) User=3.12s Sys=0.00s Real=0.46s
[19.679s][info][gc,start       ] GC(168) Pause Full (Ergonomics)
[19.679s][info][gc,phases,start] GC(168) Marking Phase
[20.012s][info][gc,phases      ] GC(168) Marking Phase 332.888ms
[20.012s][info][gc,phases,start] GC(168) Summary Phase
[20.012s][info][gc,phases      ] GC(168) Summary Phase 0.027ms
[20.012s][info][gc,phases,start] GC(168) Adjust Roots
[20.012s][info][gc,phases      ] GC(168) Adjust Roots 0.157ms
[20.012s][info][gc,phases,start] GC(168) Compaction Phase
[20.133s][info][gc,phases      ] GC(168) Compaction Phase 120.468ms
[20.133s][info][gc,phases,start] GC(168) Post Compact
[20.136s][info][gc,phases      ] GC(168) Post Compact 2.657ms
[20.136s][info][gc,heap        ] GC(168) PSYoungGen: 69595K(113152K)->69595K(113152K) Eden: 30719K(30720K)->30719K(30720K) From: 38875K(82432K)->38875K(82432K)
[20.136s][info][gc,heap        ] GC(168) ParOldGen: 1433290K(1433600K)->1433290K(1433600K)
[20.136s][info][gc,metaspace   ] GC(168) Metaspace: 6297K(6464K)->6297K(6464K) NonClass: 5764K(5824K)->5764K(5824K) Class: 533K(640K)->533K(640K)
[20.136s][info][gc             ] GC(168) Pause Full (Ergonomics) 1467M->1467M(1510M) 456.527ms
[20.136s][info][gc,cpu         ] GC(168) User=3.11s Sys=0.00s Real=0.46s
[20.136s][info][gc,start       ] GC(169) Pause Full (Ergonomics)
[20.136s][info][gc,phases,start] GC(169) Marking Phase
[20.465s][info][gc,phases      ] GC(169) Marking Phase 328.894ms
[20.465s][info][gc,phases,start] GC(169) Summary Phase
[20.465s][info][gc,phases      ] GC(169) Summary Phase 0.041ms
[20.465s][info][gc,phases,start] GC(169) Adjust Roots
[20.465s][info][gc,phases      ] GC(169) Adjust Roots 0.269ms
[20.465s][info][gc,phases,start] GC(169) Compaction Phase
[20.585s][info][gc,phases      ] GC(169) Compaction Phase 119.967ms
[20.585s][info][gc,phases,start] GC(169) Post Compact
[20.588s][info][gc,phases      ] GC(169) Post Compact 2.788ms
[20.588s][info][gc,heap        ] GC(169) PSYoungGen: 69595K(113152K)->69595K(113152K) Eden: 30719K(30720K)->30719K(30720K) From: 38875K(82432K)->38875K(82432K)
[20.588s][info][gc,heap        ] GC(169) ParOldGen: 1433295K(1433600K)->1433295K(1433600K)
[20.588s][info][gc,metaspace   ] GC(169) Metaspace: 6297K(6464K)->6297K(6464K) NonClass: 5764K(5824K)->5764K(5824K) Class: 533K(640K)->533K(640K)
[20.588s][info][gc             ] GC(169) Pause Full (Ergonomics) 1467M->1467M(1510M) 452.377ms
[20.588s][info][gc,cpu         ] GC(169) User=3.16s Sys=0.00s Real=0.45s
[20.588s][info][gc,start       ] GC(170) Pause Full (Ergonomics)
[20.589s][info][gc,phases,start] GC(170) Marking Phase
[20.919s][info][gc,phases      ] GC(170) Marking Phase 330.773ms
[20.919s][info][gc,phases,start] GC(170) Summary Phase
[20.919s][info][gc,phases      ] GC(170) Summary Phase 0.027ms
[20.919s][info][gc,phases,start] GC(170) Adjust Roots
[20.920s][info][gc,phases      ] GC(170) Adjust Roots 0.200ms
[20.920s][info][gc,phases,start] GC(170) Compaction Phase
[21.044s][info][gc,phases      ] GC(170) Compaction Phase 124.087ms
[21.044s][info][gc,phases,start] GC(170) Post Compact
[21.047s][info][gc,phases      ] GC(170) Post Compact 2.942ms
[21.047s][info][gc,heap        ] GC(170) PSYoungGen: 69595K(113152K)->69595K(113152K) Eden: 30719K(30720K)->30719K(30720K) From: 38875K(82432K)->38875K(82432K)
[21.047s][info][gc,heap        ] GC(170) ParOldGen: 1433299K(1433600K)->1433299K(1433600K)
[21.047s][info][gc,metaspace   ] GC(170) Metaspace: 6297K(6464K)->6297K(6464K) NonClass: 5764K(5824K)->5764K(5824K) Class: 533K(640K)->533K(640K)
[21.047s][info][gc             ] GC(170) Pause Full (Ergonomics) 1467M->1467M(1510M) 458.365ms
[21.047s][info][gc,cpu         ] GC(170) User=3.08s Sys=0.00s Real=0.46s
[21.047s][info][gc,start       ] GC(171) Pause Full (Ergonomics)
[21.047s][info][gc,phases,start] GC(171) Marking Phase
[21.359s][info][gc,phases      ] GC(171) Marking Phase 311.811ms
[21.359s][info][gc,phases,start] GC(171) Summary Phase
[21.359s][info][gc,phases      ] GC(171) Summary Phase 0.028ms
[21.359s][info][gc,phases,start] GC(171) Adjust Roots
[21.359s][info][gc,phases      ] GC(171) Adjust Roots 0.179ms
[21.359s][info][gc,phases,start] GC(171) Compaction Phase
[21.495s][info][gc,phases      ] GC(171) Compaction Phase 135.924ms
[21.495s][info][gc,phases,start] GC(171) Post Compact
[21.498s][info][gc,phases      ] GC(171) Post Compact 2.606ms
[21.498s][info][gc,heap        ] GC(171) PSYoungGen: 69595K(113152K)->69595K(113152K) Eden: 30719K(30720K)->30719K(30720K) From: 38875K(82432K)->38875K(82432K)
[21.498s][info][gc,heap        ] GC(171) ParOldGen: 1433304K(1433600K)->1433304K(1433600K)
[21.498s][info][gc,metaspace   ] GC(171) Metaspace: 6297K(6464K)->6297K(6464K) NonClass: 5764K(5824K)->5764K(5824K) Class: 533K(640K)->533K(640K)
[21.498s][info][gc             ] GC(171) Pause Full (Ergonomics) 1467M->1467M(1510M) 450.896ms
[21.498s][info][gc,cpu         ] GC(171) User=3.09s Sys=0.00s Real=0.45s
[21.498s][info][gc,start       ] GC(172) Pause Full (Ergonomics)
[21.498s][info][gc,phases,start] GC(172) Marking Phase
[21.826s][info][gc,phases      ] GC(172) Marking Phase 327.688ms
[21.826s][info][gc,phases,start] GC(172) Summary Phase
[21.826s][info][gc,phases      ] GC(172) Summary Phase 0.044ms
[21.826s][info][gc,phases,start] GC(172) Adjust Roots
[21.826s][info][gc,phases      ] GC(172) Adjust Roots 0.215ms
[21.826s][info][gc,phases,start] GC(172) Compaction Phase
[21.954s][info][gc,phases      ] GC(172) Compaction Phase 127.404ms
[21.954s][info][gc,phases,start] GC(172) Post Compact
[21.956s][info][gc,phases      ] GC(172) Post Compact 2.708ms
[21.957s][info][gc,heap        ] GC(172) PSYoungGen: 69595K(113152K)->69595K(113152K) Eden: 30719K(30720K)->30719K(30720K) From: 38875K(82432K)->38875K(82432K)
[21.957s][info][gc,heap        ] GC(172) ParOldGen: 1433309K(1433600K)->1433309K(1433600K)
[21.957s][info][gc,metaspace   ] GC(172) Metaspace: 6297K(6464K)->6297K(6464K) NonClass: 5764K(5824K)->5764K(5824K) Class: 533K(640K)->533K(640K)
[21.957s][info][gc             ] GC(172) Pause Full (Ergonomics) 1467M->1467M(1510M) 458.424ms
[21.957s][info][gc,cpu         ] GC(172) User=3.17s Sys=0.00s Real=0.46s
[21.957s][info][gc,start       ] GC(173) Pause Full (Ergonomics)
[21.957s][info][gc,phases,start] GC(173) Marking Phase
[22.278s][info][gc,phases      ] GC(173) Marking Phase 321.411ms
[22.278s][info][gc,phases,start] GC(173) Summary Phase
[22.278s][info][gc,phases      ] GC(173) Summary Phase 0.029ms
[22.278s][info][gc,phases,start] GC(173) Adjust Roots
[22.279s][info][gc,phases      ] GC(173) Adjust Roots 0.164ms
[22.279s][info][gc,phases,start] GC(173) Compaction Phase
[22.394s][info][gc,phases      ] GC(173) Compaction Phase 115.941ms
[22.395s][info][gc,phases,start] GC(173) Post Compact
[22.397s][info][gc,phases      ] GC(173) Post Compact 2.661ms
[22.397s][info][gc,heap        ] GC(173) PSYoungGen: 69595K(113152K)->69595K(113152K) Eden: 30719K(30720K)->30719K(30720K) From: 38875K(82432K)->38875K(82432K)
[22.397s][info][gc,heap        ] GC(173) ParOldGen: 1433313K(1433600K)->1433313K(1433600K)
[22.397s][info][gc,metaspace   ] GC(173) Metaspace: 6297K(6464K)->6297K(6464K) NonClass: 5764K(5824K)->5764K(5824K) Class: 533K(640K)->533K(640K)
[22.397s][info][gc             ] GC(173) Pause Full (Ergonomics) 1467M->1467M(1510M) 440.556ms
[22.397s][info][gc,cpu         ] GC(173) User=2.97s Sys=0.00s Real=0.44s
[22.398s][info][gc,start       ] GC(174) Pause Full (Ergonomics)
[22.398s][info][gc,phases,start] GC(174) Marking Phase
[22.725s][info][gc,phases      ] GC(174) Marking Phase 327.102ms
[22.725s][info][gc,phases,start] GC(174) Summary Phase
[22.725s][info][gc,phases      ] GC(174) Summary Phase 0.027ms
[22.725s][info][gc,phases,start] GC(174) Adjust Roots
[22.725s][info][gc,phases      ] GC(174) Adjust Roots 0.151ms
[22.725s][info][gc,phases,start] GC(174) Compaction Phase
[22.849s][info][gc,phases      ] GC(174) Compaction Phase 123.528ms
[22.849s][info][gc,phases,start] GC(174) Post Compact
[22.851s][info][gc,phases      ] GC(174) Post Compact 2.662ms
[22.851s][info][gc,heap        ] GC(174) PSYoungGen: 69595K(113152K)->69595K(113152K) Eden: 30719K(30720K)->30719K(30720K) From: 38875K(82432K)->38875K(82432K)
[22.851s][info][gc,heap        ] GC(174) ParOldGen: 1433318K(1433600K)->1433318K(1433600K)
[22.851s][info][gc,metaspace   ] GC(174) Metaspace: 6297K(6464K)->6297K(6464K) NonClass: 5764K(5824K)->5764K(5824K) Class: 533K(640K)->533K(640K)
[22.851s][info][gc             ] GC(174) Pause Full (Ergonomics) 1467M->1467M(1510M) 453.807ms
[22.851s][info][gc,cpu         ] GC(174) User=3.06s Sys=0.00s Real=0.45s
[22.852s][info][gc,start       ] GC(175) Pause Full (Ergonomics)
[22.852s][info][gc,phases,start] GC(175) Marking Phase
[23.182s][info][gc,phases      ] GC(175) Marking Phase 330.618ms
[23.182s][info][gc,phases,start] GC(175) Summary Phase
[23.182s][info][gc,phases      ] GC(175) Summary Phase 0.027ms
[23.182s][info][gc,phases,start] GC(175) Adjust Roots
[23.182s][info][gc,phases      ] GC(175) Adjust Roots 0.155ms
[23.182s][info][gc,phases,start] GC(175) Compaction Phase
[23.305s][info][gc,phases      ] GC(175) Compaction Phase 122.529ms
[23.305s][info][gc,phases,start] GC(175) Post Compact
[23.308s][info][gc,phases      ] GC(175) Post Compact 2.687ms
[23.308s][info][gc,heap        ] GC(175) PSYoungGen: 69595K(113152K)->69595K(113152K) Eden: 30719K(30720K)->30719K(30720K) From: 38875K(82432K)->38875K(82432K)
[23.308s][info][gc,heap        ] GC(175) ParOldGen: 1433323K(1433600K)->1433323K(1433600K)
[23.308s][info][gc,metaspace   ] GC(175) Metaspace: 6297K(6464K)->6297K(6464K) NonClass: 5764K(5824K)->5764K(5824K) Class: 533K(640K)->533K(640K)
[23.308s][info][gc             ] GC(175) Pause Full (Ergonomics) 1467M->1467M(1510M) 456.354ms
[23.308s][info][gc,cpu         ] GC(175) User=3.06s Sys=0.00s Real=0.46s
[23.308s][info][gc,start       ] GC(176) Pause Full (Ergonomics)
[23.308s][info][gc,phases,start] GC(176) Marking Phase
[23.632s][info][gc,phases      ] GC(176) Marking Phase 324.115ms
[23.632s][info][gc,phases,start] GC(176) Summary Phase
[23.632s][info][gc,phases      ] GC(176) Summary Phase 0.028ms
[23.632s][info][gc,phases,start] GC(176) Adjust Roots
[23.633s][info][gc,phases      ] GC(176) Adjust Roots 0.157ms
[23.633s][info][gc,phases,start] GC(176) Compaction Phase
[23.756s][info][gc,phases      ] GC(176) Compaction Phase 122.987ms
[23.756s][info][gc,phases,start] GC(176) Post Compact
[23.758s][info][gc,phases      ] GC(176) Post Compact 2.712ms
[23.758s][info][gc,heap        ] GC(176) PSYoungGen: 69595K(113152K)->69595K(113152K) Eden: 30719K(30720K)->30719K(30720K) From: 38875K(82432K)->38875K(82432K)
[23.758s][info][gc,heap        ] GC(176) ParOldGen: 1433327K(1433600K)->1433327K(1433600K)
[23.758s][info][gc,metaspace   ] GC(176) Metaspace: 6297K(6464K)->6297K(6464K) NonClass: 5764K(5824K)->5764K(5824K) Class: 533K(640K)->533K(640K)
[23.758s][info][gc             ] GC(176) Pause Full (Ergonomics) 1467M->1467M(1510M) 450.360ms
[23.758s][info][gc,cpu         ] GC(176) User=3.00s Sys=0.03s Real=0.45s
[23.759s][info][gc,start       ] GC(177) Pause Full (Ergonomics)
[23.759s][info][gc,phases,start] GC(177) Marking Phase
[24.090s][info][gc,phases      ] GC(177) Marking Phase 331.456ms
[24.090s][info][gc,phases,start] GC(177) Summary Phase
[24.090s][info][gc,phases      ] GC(177) Summary Phase 0.028ms
[24.090s][info][gc,phases,start] GC(177) Adjust Roots
[24.091s][info][gc,phases      ] GC(177) Adjust Roots 0.160ms
[24.091s][info][gc,phases,start] GC(177) Compaction Phase
[24.216s][info][gc,phases      ] GC(177) Compaction Phase 125.175ms
[24.216s][info][gc,phases,start] GC(177) Post Compact
[24.219s][info][gc,phases      ] GC(177) Post Compact 2.876ms
[24.219s][info][gc,heap        ] GC(177) PSYoungGen: 69595K(113152K)->69595K(113152K) Eden: 30719K(30720K)->30719K(30720K) From: 38875K(82432K)->38875K(82432K)
[24.219s][info][gc,heap        ] GC(177) ParOldGen: 1433332K(1433600K)->1433332K(1433600K)
[24.219s][info][gc,metaspace   ] GC(177) Metaspace: 6297K(6464K)->6297K(6464K) NonClass: 5764K(5824K)->5764K(5824K) Class: 533K(640K)->533K(640K)
[24.219s][info][gc             ] GC(177) Pause Full (Ergonomics) 1467M->1467M(1510M) 460.049ms
[24.219s][info][gc,cpu         ] GC(177) User=3.05s Sys=0.00s Real=0.46s
[24.219s][info][gc,start       ] GC(178) Pause Full (Ergonomics)
[24.219s][info][gc,phases,start] GC(178) Marking Phase
[24.551s][info][gc,phases      ] GC(178) Marking Phase 331.805ms
[24.551s][info][gc,phases,start] GC(178) Summary Phase
[24.551s][info][gc,phases      ] GC(178) Summary Phase 0.027ms
[24.551s][info][gc,phases,start] GC(178) Adjust Roots
[24.551s][info][gc,phases      ] GC(178) Adjust Roots 0.164ms
[24.551s][info][gc,phases,start] GC(178) Compaction Phase
[24.670s][info][gc,phases      ] GC(178) Compaction Phase 118.823ms
[24.670s][info][gc,phases,start] GC(178) Post Compact
[24.673s][info][gc,phases      ] GC(178) Post Compact 2.691ms
[24.673s][info][gc,heap        ] GC(178) PSYoungGen: 69595K(113152K)->69595K(113152K) Eden: 30719K(30720K)->30719K(30720K) From: 38875K(82432K)->38875K(82432K)
[24.673s][info][gc,heap        ] GC(178) ParOldGen: 1433337K(1433600K)->1433337K(1433600K)
[24.673s][info][gc,metaspace   ] GC(178) Metaspace: 6297K(6464K)->6297K(6464K) NonClass: 5764K(5824K)->5764K(5824K) Class: 533K(640K)->533K(640K)
[24.673s][info][gc             ] GC(178) Pause Full (Ergonomics) 1467M->1467M(1510M) 453.855ms
[24.673s][info][gc,cpu         ] GC(178) User=3.14s Sys=0.03s Real=0.45s
[24.673s][info][gc,start       ] GC(179) Pause Full (Ergonomics)
[24.673s][info][gc,phases,start] GC(179) Marking Phase
[25.003s][info][gc,phases      ] GC(179) Marking Phase 329.694ms
[25.003s][info][gc,phases,start] GC(179) Summary Phase
[25.003s][info][gc,phases      ] GC(179) Summary Phase 0.027ms
[25.003s][info][gc,phases,start] GC(179) Adjust Roots
[25.003s][info][gc,phases      ] GC(179) Adjust Roots 0.158ms
[25.003s][info][gc,phases,start] GC(179) Compaction Phase
[25.135s][info][gc,phases      ] GC(179) Compaction Phase 131.542ms
[25.135s][info][gc,phases,start] GC(179) Post Compact
[25.137s][info][gc,phases      ] GC(179) Post Compact 2.658ms
[25.138s][info][gc,heap        ] GC(179) PSYoungGen: 69595K(113152K)->69595K(113152K) Eden: 30719K(30720K)->30719K(30720K) From: 38875K(82432K)->38875K(82432K)
[25.138s][info][gc,heap        ] GC(179) ParOldGen: 1433341K(1433600K)->1433341K(1433600K)
[25.138s][info][gc,metaspace   ] GC(179) Metaspace: 6297K(6464K)->6297K(6464K) NonClass: 5764K(5824K)->5764K(5824K) Class: 533K(640K)->533K(640K)
[25.138s][info][gc             ] GC(179) Pause Full (Ergonomics) 1467M->1467M(1510M) 464.454ms
[25.138s][info][gc,cpu         ] GC(179) User=3.31s Sys=0.00s Real=0.47s
[25.138s][info][gc,start       ] GC(180) Pause Full (Ergonomics)
[25.138s][info][gc,phases,start] GC(180) Marking Phase
[25.471s][info][gc,phases      ] GC(180) Marking Phase 333.554ms
[25.471s][info][gc,phases,start] GC(180) Summary Phase
[25.471s][info][gc,phases      ] GC(180) Summary Phase 0.027ms
[25.471s][info][gc,phases,start] GC(180) Adjust Roots
[25.472s][info][gc,phases      ] GC(180) Adjust Roots 0.160ms
[25.472s][info][gc,phases,start] GC(180) Compaction Phase
[25.605s][info][gc,phases      ] GC(180) Compaction Phase 133.795ms
[25.606s][info][gc,phases,start] GC(180) Post Compact
[25.608s][info][gc,phases      ] GC(180) Post Compact 2.765ms
[25.608s][info][gc,heap        ] GC(180) PSYoungGen: 69595K(113152K)->69595K(113152K) Eden: 30719K(30720K)->30719K(30720K) From: 38875K(82432K)->38875K(82432K)
[25.608s][info][gc,heap        ] GC(180) ParOldGen: 1433346K(1433600K)->1433346K(1433600K)
[25.608s][info][gc,metaspace   ] GC(180) Metaspace: 6297K(6464K)->6297K(6464K) NonClass: 5764K(5824K)->5764K(5824K) Class: 533K(640K)->533K(640K)
[25.608s][info][gc             ] GC(180) Pause Full (Ergonomics) 1467M->1467M(1510M) 470.654ms
[25.608s][info][gc,cpu         ] GC(180) User=3.30s Sys=0.00s Real=0.47s
[25.609s][info][gc,start       ] GC(181) Pause Full (Ergonomics)
[25.609s][info][gc,phases,start] GC(181) Marking Phase
[25.936s][info][gc,phases      ] GC(181) Marking Phase 326.895ms
[25.936s][info][gc,phases,start] GC(181) Summary Phase
[25.936s][info][gc,phases      ] GC(181) Summary Phase 0.027ms
[25.936s][info][gc,phases,start] GC(181) Adjust Roots
[25.936s][info][gc,phases      ] GC(181) Adjust Roots 0.159ms
[25.936s][info][gc,phases,start] GC(181) Compaction Phase
[26.065s][info][gc,phases      ] GC(181) Compaction Phase 128.885ms
[26.065s][info][gc,phases,start] GC(181) Post Compact
[26.068s][info][gc,phases      ] GC(181) Post Compact 2.753ms
[26.068s][info][gc,heap        ] GC(181) PSYoungGen: 69595K(113152K)->69595K(113152K) Eden: 30719K(30720K)->30719K(30720K) From: 38875K(82432K)->38875K(82432K)
[26.068s][info][gc,heap        ] GC(181) ParOldGen: 1433351K(1433600K)->1433351K(1433600K)
[26.068s][info][gc,metaspace   ] GC(181) Metaspace: 6297K(6464K)->6297K(6464K) NonClass: 5764K(5824K)->5764K(5824K) Class: 533K(640K)->533K(640K)
[26.068s][info][gc             ] GC(181) Pause Full (Ergonomics) 1467M->1467M(1510M) 459.052ms
[26.068s][info][gc,cpu         ] GC(181) User=3.19s Sys=0.00s Real=0.46s
[26.068s][info][gc,start       ] GC(182) Pause Full (Ergonomics)
[26.068s][info][gc,phases,start] GC(182) Marking Phase
[26.392s][info][gc,phases      ] GC(182) Marking Phase 323.791ms
[26.392s][info][gc,phases,start] GC(182) Summary Phase
[26.392s][info][gc,phases      ] GC(182) Summary Phase 0.027ms
[26.392s][info][gc,phases,start] GC(182) Adjust Roots
[26.392s][info][gc,phases      ] GC(182) Adjust Roots 0.163ms
[26.392s][info][gc,phases,start] GC(182) Compaction Phase
[26.510s][info][gc,phases      ] GC(182) Compaction Phase 118.021ms
[26.510s][info][gc,phases,start] GC(182) Post Compact
[26.513s][info][gc,phases      ] GC(182) Post Compact 2.673ms
[26.513s][info][gc,heap        ] GC(182) PSYoungGen: 69595K(113152K)->69595K(113152K) Eden: 30719K(30720K)->30719K(30720K) From: 38875K(82432K)->38875K(82432K)
[26.513s][info][gc,heap        ] GC(182) ParOldGen: 1433355K(1433600K)->1433355K(1433600K)
[26.513s][info][gc,metaspace   ] GC(182) Metaspace: 6297K(6464K)->6297K(6464K) NonClass: 5764K(5824K)->5764K(5824K) Class: 533K(640K)->533K(640K)
[26.513s][info][gc             ] GC(182) Pause Full (Ergonomics) 1467M->1467M(1510M) 445.011ms
[26.513s][info][gc,cpu         ] GC(182) User=3.08s Sys=0.00s Real=0.45s
[26.513s][info][gc,start       ] GC(183) Pause Full (Ergonomics)
[26.513s][info][gc,phases,start] GC(183) Marking Phase
[26.840s][info][gc,phases      ] GC(183) Marking Phase 326.338ms
[26.840s][info][gc,phases,start] GC(183) Summary Phase
[26.840s][info][gc,phases      ] GC(183) Summary Phase 0.027ms
[26.840s][info][gc,phases,start] GC(183) Adjust Roots
[26.840s][info][gc,phases      ] GC(183) Adjust Roots 0.180ms
[26.840s][info][gc,phases,start] GC(183) Compaction Phase
[26.967s][info][gc,phases      ] GC(183) Compaction Phase 127.133ms
[26.967s][info][gc,phases,start] GC(183) Post Compact
[26.970s][info][gc,phases      ] GC(183) Post Compact 2.982ms
[26.970s][info][gc,heap        ] GC(183) PSYoungGen: 69595K(113152K)->69595K(113152K) Eden: 30719K(30720K)->30719K(30720K) From: 38875K(82432K)->38875K(82432K)
[26.970s][info][gc,heap        ] GC(183) ParOldGen: 1433360K(1433600K)->1433360K(1433600K)
[26.970s][info][gc,metaspace   ] GC(183) Metaspace: 6297K(6464K)->6297K(6464K) NonClass: 5764K(5824K)->5764K(5824K) Class: 533K(640K)->533K(640K)
[26.970s][info][gc             ] GC(183) Pause Full (Ergonomics) 1467M->1467M(1510M) 457.103ms
[26.970s][info][gc,cpu         ] GC(183) User=3.19s Sys=0.00s Real=0.46s
[26.970s][info][gc,start       ] GC(184) Pause Full (Ergonomics)
[26.971s][info][gc,phases,start] GC(184) Marking Phase
[27.308s][info][gc,phases      ] GC(184) Marking Phase 337.688ms
[27.308s][info][gc,phases,start] GC(184) Summary Phase
[27.308s][info][gc,phases      ] GC(184) Summary Phase 0.032ms
[27.308s][info][gc,phases,start] GC(184) Adjust Roots
[27.308s][info][gc,phases      ] GC(184) Adjust Roots 0.163ms
[27.309s][info][gc,phases,start] GC(184) Compaction Phase
[27.434s][info][gc,phases      ] GC(184) Compaction Phase 125.853ms
[27.434s][info][gc,phases,start] GC(184) Post Compact
[27.437s][info][gc,phases      ] GC(184) Post Compact 2.657ms
[27.437s][info][gc,heap        ] GC(184) PSYoungGen: 69595K(113152K)->69595K(113152K) Eden: 30719K(30720K)->30719K(30720K) From: 38875K(82432K)->38875K(82432K)
[27.437s][info][gc,heap        ] GC(184) ParOldGen: 1433365K(1433600K)->1433365K(1433600K)
[27.437s][info][gc,metaspace   ] GC(184) Metaspace: 6297K(6464K)->6297K(6464K) NonClass: 5764K(5824K)->5764K(5824K) Class: 533K(640K)->533K(640K)
[27.437s][info][gc             ] GC(184) Pause Full (Ergonomics) 1467M->1467M(1510M) 466.730ms
[27.437s][info][gc,cpu         ] GC(184) User=3.28s Sys=0.00s Real=0.47s
[27.437s][info][gc,start       ] GC(185) Pause Full (Ergonomics)
[27.437s][info][gc,phases,start] GC(185) Marking Phase
[27.767s][info][gc,phases      ] GC(185) Marking Phase 330.015ms
[27.768s][info][gc,phases,start] GC(185) Summary Phase
[27.768s][info][gc,phases      ] GC(185) Summary Phase 0.028ms
[27.768s][info][gc,phases,start] GC(185) Adjust Roots
[27.768s][info][gc,phases      ] GC(185) Adjust Roots 0.176ms
[27.768s][info][gc,phases,start] GC(185) Compaction Phase
[27.893s][info][gc,phases      ] GC(185) Compaction Phase 125.295ms
[27.893s][info][gc,phases,start] GC(185) Post Compact
[27.896s][info][gc,phases      ] GC(185) Post Compact 2.652ms
[27.896s][info][gc,heap        ] GC(185) PSYoungGen: 69595K(113152K)->69595K(113152K) Eden: 30719K(30720K)->30719K(30720K) From: 38875K(82432K)->38875K(82432K)
[27.896s][info][gc,heap        ] GC(185) ParOldGen: 1433369K(1433600K)->1433369K(1433600K)
[27.896s][info][gc,metaspace   ] GC(185) Metaspace: 6297K(6464K)->6297K(6464K) NonClass: 5764K(5824K)->5764K(5824K) Class: 533K(640K)->533K(640K)
[27.896s][info][gc             ] GC(185) Pause Full (Ergonomics) 1467M->1467M(1510M) 458.512ms
[27.896s][info][gc,cpu         ] GC(185) User=3.31s Sys=0.00s Real=0.46s
[27.896s][info][gc,start       ] GC(186) Pause Full (Ergonomics)
[27.896s][info][gc,phases,start] GC(186) Marking Phase
[28.217s][info][gc,phases      ] GC(186) Marking Phase 321.163ms
[28.217s][info][gc,phases,start] GC(186) Summary Phase
[28.217s][info][gc,phases      ] GC(186) Summary Phase 0.028ms
[28.217s][info][gc,phases,start] GC(186) Adjust Roots
[28.218s][info][gc,phases      ] GC(186) Adjust Roots 0.164ms
[28.218s][info][gc,phases,start] GC(186) Compaction Phase
[28.341s][info][gc,phases      ] GC(186) Compaction Phase 123.001ms
[28.341s][info][gc,phases,start] GC(186) Post Compact
[28.344s][info][gc,phases      ] GC(186) Post Compact 2.873ms
[28.344s][info][gc,heap        ] GC(186) PSYoungGen: 69595K(113152K)->69595K(113152K) Eden: 30719K(30720K)->30719K(30720K) From: 38875K(82432K)->38875K(82432K)
[28.344s][info][gc,heap        ] GC(186) ParOldGen: 1433374K(1433600K)->1433374K(1433600K)
[28.344s][info][gc,metaspace   ] GC(186) Metaspace: 6297K(6464K)->6297K(6464K) NonClass: 5764K(5824K)->5764K(5824K) Class: 533K(640K)->533K(640K)
[28.344s][info][gc             ] GC(186) Pause Full (Ergonomics) 1467M->1467M(1510M) 447.620ms
[28.344s][info][gc,cpu         ] GC(186) User=2.98s Sys=0.00s Real=0.45s
[28.344s][info][gc,start       ] GC(187) Pause Full (Ergonomics)
[28.344s][info][gc,phases,start] GC(187) Marking Phase
[28.677s][info][gc,phases      ] GC(187) Marking Phase 332.908ms
[28.677s][info][gc,phases,start] GC(187) Summary Phase
[28.677s][info][gc,phases      ] GC(187) Summary Phase 0.028ms
[28.677s][info][gc,phases,start] GC(187) Adjust Roots
[28.677s][info][gc,phases      ] GC(187) Adjust Roots 0.165ms
[28.677s][info][gc,phases,start] GC(187) Compaction Phase
[28.795s][info][gc,phases      ] GC(187) Compaction Phase 117.659ms
[28.795s][info][gc,phases,start] GC(187) Post Compact
[28.798s][info][gc,phases      ] GC(187) Post Compact 2.894ms
[28.798s][info][gc,heap        ] GC(187) PSYoungGen: 69595K(113152K)->69595K(113152K) Eden: 30719K(30720K)->30719K(30720K) From: 38875K(82432K)->38875K(82432K)
[28.798s][info][gc,heap        ] GC(187) ParOldGen: 1433379K(1433600K)->1433379K(1433600K)
[28.798s][info][gc,metaspace   ] GC(187) Metaspace: 6297K(6464K)->6297K(6464K) NonClass: 5764K(5824K)->5764K(5824K) Class: 533K(640K)->533K(640K)
[28.798s][info][gc             ] GC(187) Pause Full (Ergonomics) 1467M->1467M(1510M) 454.028ms
[28.798s][info][gc,cpu         ] GC(187) User=3.12s Sys=0.00s Real=0.45s
[28.798s][info][gc,start       ] GC(188) Pause Full (Ergonomics)
[28.798s][info][gc,phases,start] GC(188) Marking Phase
[29.133s][info][gc,phases      ] GC(188) Marking Phase 334.602ms
[29.133s][info][gc,phases,start] GC(188) Summary Phase
[29.133s][info][gc,phases      ] GC(188) Summary Phase 0.027ms
[29.133s][info][gc,phases,start] GC(188) Adjust Roots
[29.133s][info][gc,phases      ] GC(188) Adjust Roots 0.176ms
[29.133s][info][gc,phases,start] GC(188) Compaction Phase
[29.279s][info][gc,phases      ] GC(188) Compaction Phase 145.683ms
[29.279s][info][gc,phases,start] GC(188) Post Compact
[29.282s][info][gc,phases      ] GC(188) Post Compact 2.588ms
[29.282s][info][gc,heap        ] GC(188) PSYoungGen: 69595K(113152K)->69595K(113152K) Eden: 30719K(30720K)->30719K(30720K) From: 38875K(82432K)->38875K(82432K)
[29.282s][info][gc,heap        ] GC(188) ParOldGen: 1433383K(1433600K)->1433383K(1433600K)
[29.282s][info][gc,metaspace   ] GC(188) Metaspace: 6297K(6464K)->6297K(6464K) NonClass: 5764K(5824K)->5764K(5824K) Class: 533K(640K)->533K(640K)
[29.282s][info][gc             ] GC(188) Pause Full (Ergonomics) 1467M->1467M(1510M) 483.412ms
[29.282s][info][gc,cpu         ] GC(188) User=3.23s Sys=0.00s Real=0.48s
[29.282s][info][gc,start       ] GC(189) Pause Full (Ergonomics)
[29.282s][info][gc,phases,start] GC(189) Marking Phase
[29.622s][info][gc,phases      ] GC(189) Marking Phase 339.906ms
[29.622s][info][gc,phases,start] GC(189) Summary Phase
[29.622s][info][gc,phases      ] GC(189) Summary Phase 0.028ms
[29.622s][info][gc,phases,start] GC(189) Adjust Roots
[29.622s][info][gc,phases      ] GC(189) Adjust Roots 0.156ms
[29.622s][info][gc,phases,start] GC(189) Compaction Phase
[29.744s][info][gc,phases      ] GC(189) Compaction Phase 121.929ms
[29.744s][info][gc,phases,start] GC(189) Post Compact
[29.747s][info][gc,phases      ] GC(189) Post Compact 2.864ms
[29.747s][info][gc,heap        ] GC(189) PSYoungGen: 69595K(113152K)->69595K(113152K) Eden: 30719K(30720K)->30719K(30720K) From: 38875K(82432K)->38875K(82432K)
[29.747s][info][gc,heap        ] GC(189) ParOldGen: 1433388K(1433600K)->1433388K(1433600K)
[29.747s][info][gc,metaspace   ] GC(189) Metaspace: 6297K(6464K)->6297K(6464K) NonClass: 5764K(5824K)->5764K(5824K) Class: 533K(640K)->533K(640K)
[29.747s][info][gc             ] GC(189) Pause Full (Ergonomics) 1467M->1467M(1510M) 465.271ms
[29.747s][info][gc,cpu         ] GC(189) User=3.31s Sys=0.00s Real=0.47s
[29.747s][info][gc,start       ] GC(190) Pause Full (Ergonomics)
[29.747s][info][gc,phases,start] GC(190) Marking Phase
[30.067s][info][gc,phases      ] GC(190) Marking Phase 319.974ms
[30.067s][info][gc,phases,start] GC(190) Summary Phase
[30.067s][info][gc,phases      ] GC(190) Summary Phase 0.039ms
[30.067s][info][gc,phases,start] GC(190) Adjust Roots
[30.068s][info][gc,phases      ] GC(190) Adjust Roots 0.201ms
[30.068s][info][gc,phases,start] GC(190) Compaction Phase
[30.192s][info][gc,phases      ] GC(190) Compaction Phase 124.424ms
[30.192s][info][gc,phases,start] GC(190) Post Compact
[30.195s][info][gc,phases      ] GC(190) Post Compact 2.671ms
[30.195s][info][gc,heap        ] GC(190) PSYoungGen: 69595K(113152K)->69595K(113152K) Eden: 30719K(30720K)->30719K(30720K) From: 38875K(82432K)->38875K(82432K)
[30.195s][info][gc,heap        ] GC(190) ParOldGen: 1433393K(1433600K)->1433393K(1433600K)
[30.195s][info][gc,metaspace   ] GC(190) Metaspace: 6297K(6464K)->6297K(6464K) NonClass: 5764K(5824K)->5764K(5824K) Class: 533K(640K)->533K(640K)
[30.195s][info][gc             ] GC(190) Pause Full (Ergonomics) 1467M->1467M(1510M) 447.662ms
[30.195s][info][gc,cpu         ] GC(190) User=3.09s Sys=0.00s Real=0.45s
[30.195s][info][gc,start       ] GC(191) Pause Full (Ergonomics)
[30.195s][info][gc,phases,start] GC(191) Marking Phase
[30.528s][info][gc,phases      ] GC(191) Marking Phase 332.933ms
[30.528s][info][gc,phases,start] GC(191) Summary Phase
[30.528s][info][gc,phases      ] GC(191) Summary Phase 0.028ms
[30.528s][info][gc,phases,start] GC(191) Adjust Roots
[30.528s][info][gc,phases      ] GC(191) Adjust Roots 0.162ms
[30.528s][info][gc,phases,start] GC(191) Compaction Phase
[30.650s][info][gc,phases      ] GC(191) Compaction Phase 121.191ms
[30.650s][info][gc,phases,start] GC(191) Post Compact
[30.652s][info][gc,phases      ] GC(191) Post Compact 2.657ms
[30.652s][info][gc,heap        ] GC(191) PSYoungGen: 69595K(113152K)->69595K(113152K) Eden: 30719K(30720K)->30719K(30720K) From: 38875K(82432K)->38875K(82432K)
[30.652s][info][gc,heap        ] GC(191) ParOldGen: 1433397K(1433600K)->1433397K(1433600K)
[30.652s][info][gc,metaspace   ] GC(191) Metaspace: 6297K(6464K)->6297K(6464K) NonClass: 5764K(5824K)->5764K(5824K) Class: 533K(640K)->533K(640K)
[30.653s][info][gc             ] GC(191) Pause Full (Ergonomics) 1467M->1467M(1510M) 457.308ms
[30.653s][info][gc,cpu         ] GC(191) User=3.11s Sys=0.00s Real=0.46s
[30.653s][info][gc,start       ] GC(192) Pause Full (Ergonomics)
[30.653s][info][gc,phases,start] GC(192) Marking Phase
[30.982s][info][gc,phases      ] GC(192) Marking Phase 328.766ms
[30.982s][info][gc,phases,start] GC(192) Summary Phase
[30.982s][info][gc,phases      ] GC(192) Summary Phase 0.032ms
[30.982s][info][gc,phases,start] GC(192) Adjust Roots
[30.982s][info][gc,phases      ] GC(192) Adjust Roots 0.190ms
[30.982s][info][gc,phases,start] GC(192) Compaction Phase
[31.103s][info][gc,phases      ] GC(192) Compaction Phase 121.200ms
[31.103s][info][gc,phases,start] GC(192) Post Compact
[31.106s][info][gc,phases      ] GC(192) Post Compact 2.654ms
[31.106s][info][gc,heap        ] GC(192) PSYoungGen: 69595K(113152K)->69595K(113152K) Eden: 30719K(30720K)->30719K(30720K) From: 38875K(82432K)->38875K(82432K)
[31.106s][info][gc,heap        ] GC(192) ParOldGen: 1433402K(1433600K)->1433402K(1433600K)
[31.106s][info][gc,metaspace   ] GC(192) Metaspace: 6297K(6464K)->6297K(6464K) NonClass: 5764K(5824K)->5764K(5824K) Class: 533K(640K)->533K(640K)
[31.106s][info][gc             ] GC(192) Pause Full (Ergonomics) 1467M->1467M(1510M) 453.190ms
[31.106s][info][gc,cpu         ] GC(192) User=3.17s Sys=0.00s Real=0.45s
[31.106s][info][gc,start       ] GC(193) Pause Full (Ergonomics)
[31.106s][info][gc,phases,start] GC(193) Marking Phase
[31.437s][info][gc,phases      ] GC(193) Marking Phase 330.796ms
[31.437s][info][gc,phases,start] GC(193) Summary Phase
[31.437s][info][gc,phases      ] GC(193) Summary Phase 0.027ms
[31.437s][info][gc,phases,start] GC(193) Adjust Roots
[31.437s][info][gc,phases      ] GC(193) Adjust Roots 0.159ms
[31.437s][info][gc,phases,start] GC(193) Compaction Phase
[31.563s][info][gc,phases      ] GC(193) Compaction Phase 125.579ms
[31.563s][info][gc,phases,start] GC(193) Post Compact
[31.566s][info][gc,phases      ] GC(193) Post Compact 2.742ms
[31.566s][info][gc,heap        ] GC(193) PSYoungGen: 69595K(113152K)->69595K(113152K) Eden: 30719K(30720K)->30719K(30720K) From: 38875K(82432K)->38875K(82432K)
[31.566s][info][gc,heap        ] GC(193) ParOldGen: 1433407K(1433600K)->1433407K(1433600K)
[31.566s][info][gc,metaspace   ] GC(193) Metaspace: 6297K(6464K)->6297K(6464K) NonClass: 5764K(5824K)->5764K(5824K) Class: 533K(640K)->533K(640K)
[31.566s][info][gc             ] GC(193) Pause Full (Ergonomics) 1467M->1467M(1510M) 459.649ms
[31.566s][info][gc,cpu         ] GC(193) User=3.17s Sys=0.00s Real=0.46s
[31.566s][info][gc,start       ] GC(194) Pause Full (Ergonomics)
[31.566s][info][gc,phases,start] GC(194) Marking Phase
[31.883s][info][gc,phases      ] GC(194) Marking Phase 316.868ms
[31.883s][info][gc,phases,start] GC(194) Summary Phase
[31.883s][info][gc,phases      ] GC(194) Summary Phase 0.027ms
[31.883s][info][gc,phases,start] GC(194) Adjust Roots
[31.883s][info][gc,phases      ] GC(194) Adjust Roots 0.196ms
[31.883s][info][gc,phases,start] GC(194) Compaction Phase
[32.009s][info][gc,phases      ] GC(194) Compaction Phase 125.855ms
[32.009s][info][gc,phases,start] GC(194) Post Compact
[32.012s][info][gc,phases      ] GC(194) Post Compact 2.879ms
[32.012s][info][gc,heap        ] GC(194) PSYoungGen: 69595K(113152K)->69595K(113152K) Eden: 30719K(30720K)->30719K(30720K) From: 38875K(82432K)->38875K(82432K)
[32.012s][info][gc,heap        ] GC(194) ParOldGen: 1433411K(1433600K)->1433411K(1433600K)
[32.012s][info][gc,metaspace   ] GC(194) Metaspace: 6297K(6464K)->6297K(6464K) NonClass: 5764K(5824K)->5764K(5824K) Class: 533K(640K)->533K(640K)
[32.012s][info][gc             ] GC(194) Pause Full (Ergonomics) 1467M->1467M(1510M) 446.199ms
[32.012s][info][gc,cpu         ] GC(194) User=3.00s Sys=0.00s Real=0.45s
[32.012s][info][gc,start       ] GC(195) Pause Full (Ergonomics)
[32.012s][info][gc,phases,start] GC(195) Marking Phase
[32.357s][info][gc,phases      ] GC(195) Marking Phase 344.642ms
[32.357s][info][gc,phases,start] GC(195) Summary Phase
[32.357s][info][gc,phases      ] GC(195) Summary Phase 0.028ms
[32.357s][info][gc,phases,start] GC(195) Adjust Roots
[32.357s][info][gc,phases      ] GC(195) Adjust Roots 0.154ms
[32.357s][info][gc,phases,start] GC(195) Compaction Phase
[32.493s][info][gc,phases      ] GC(195) Compaction Phase 135.777ms
[32.493s][info][gc,phases,start] GC(195) Post Compact
[32.496s][info][gc,phases      ] GC(195) Post Compact 2.864ms
[32.496s][info][gc,heap        ] GC(195) PSYoungGen: 69595K(113152K)->69595K(113152K) Eden: 30719K(30720K)->30719K(30720K) From: 38875K(82432K)->38875K(82432K)
[32.496s][info][gc,heap        ] GC(195) ParOldGen: 1433416K(1433600K)->1433416K(1433600K)
[32.496s][info][gc,metaspace   ] GC(195) Metaspace: 6297K(6464K)->6297K(6464K) NonClass: 5764K(5824K)->5764K(5824K) Class: 533K(640K)->533K(640K)
[32.496s][info][gc             ] GC(195) Pause Full (Ergonomics) 1467M->1467M(1510M) 483.840ms
[32.496s][info][gc,cpu         ] GC(195) User=3.34s Sys=0.00s Real=0.48s
[32.496s][info][gc,start       ] GC(196) Pause Full (Ergonomics)
[32.497s][info][gc,phases,start] GC(196) Marking Phase
[32.827s][info][gc,phases      ] GC(196) Marking Phase 330.396ms
[32.827s][info][gc,phases,start] GC(196) Summary Phase
[32.827s][info][gc,phases      ] GC(196) Summary Phase 0.035ms
[32.827s][info][gc,phases,start] GC(196) Adjust Roots
[32.827s][info][gc,phases      ] GC(196) Adjust Roots 0.163ms
[32.827s][info][gc,phases,start] GC(196) Compaction Phase
[32.948s][info][gc,phases      ] GC(196) Compaction Phase 120.314ms
[32.948s][info][gc,phases,start] GC(196) Post Compact
[32.950s][info][gc,phases      ] GC(196) Post Compact 2.730ms
[32.950s][info][gc,heap        ] GC(196) PSYoungGen: 69595K(113152K)->69595K(113152K) Eden: 30719K(30720K)->30719K(30720K) From: 38875K(82432K)->38875K(82432K)
[32.950s][info][gc,heap        ] GC(196) ParOldGen: 1433421K(1433600K)->1433421K(1433600K)
[32.950s][info][gc,metaspace   ] GC(196) Metaspace: 6297K(6464K)->6297K(6464K) NonClass: 5764K(5824K)->5764K(5824K) Class: 533K(640K)->533K(640K)
[32.950s][info][gc             ] GC(196) Pause Full (Ergonomics) 1467M->1467M(1510M) 453.983ms
[32.950s][info][gc,cpu         ] GC(196) User=3.20s Sys=0.00s Real=0.45s
[32.951s][info][gc,start       ] GC(197) Pause Full (Ergonomics)
[32.951s][info][gc,phases,start] GC(197) Marking Phase
[33.278s][info][gc,phases      ] GC(197) Marking Phase 327.089ms
[33.278s][info][gc,phases,start] GC(197) Summary Phase
[33.278s][info][gc,phases      ] GC(197) Summary Phase 0.033ms
[33.278s][info][gc,phases,start] GC(197) Adjust Roots
[33.278s][info][gc,phases      ] GC(197) Adjust Roots 0.161ms
[33.278s][info][gc,phases,start] GC(197) Compaction Phase
[33.399s][info][gc,phases      ] GC(197) Compaction Phase 120.745ms
[33.399s][info][gc,phases,start] GC(197) Post Compact
[33.402s][info][gc,phases      ] GC(197) Post Compact 2.696ms
[33.402s][info][gc,heap        ] GC(197) PSYoungGen: 69595K(113152K)->69595K(113152K) Eden: 30719K(30720K)->30719K(30720K) From: 38875K(82432K)->38875K(82432K)
[33.402s][info][gc,heap        ] GC(197) ParOldGen: 1433425K(1433600K)->1433425K(1433600K)
[33.402s][info][gc,metaspace   ] GC(197) Metaspace: 6297K(6464K)->6297K(6464K) NonClass: 5764K(5824K)->5764K(5824K) Class: 533K(640K)->533K(640K)
[33.402s][info][gc             ] GC(197) Pause Full (Ergonomics) 1467M->1467M(1510M) 451.066ms
[33.402s][info][gc,cpu         ] GC(197) User=3.17s Sys=0.00s Real=0.45s
[33.402s][info][gc,start       ] GC(198) Pause Full (Ergonomics)
[33.402s][info][gc,phases,start] GC(198) Marking Phase
[33.738s][info][gc,phases      ] GC(198) Marking Phase 336.311ms
[33.738s][info][gc,phases,start] GC(198) Summary Phase
[33.738s][info][gc,phases      ] GC(198) Summary Phase 0.028ms
[33.738s][info][gc,phases,start] GC(198) Adjust Roots
[33.739s][info][gc,phases      ] GC(198) Adjust Roots 0.159ms
[33.739s][info][gc,phases,start] GC(198) Compaction Phase
[33.875s][info][gc,phases      ] GC(198) Compaction Phase 136.126ms
[33.875s][info][gc,phases,start] GC(198) Post Compact
[33.877s][info][gc,phases      ] GC(198) Post Compact 2.602ms
[33.877s][info][gc,heap        ] GC(198) PSYoungGen: 69595K(113152K)->69595K(113152K) Eden: 30719K(30720K)->30719K(30720K) From: 38875K(82432K)->38875K(82432K)
[33.877s][info][gc,heap        ] GC(198) ParOldGen: 1433430K(1433600K)->1433430K(1433600K)
[33.878s][info][gc,metaspace   ] GC(198) Metaspace: 6297K(6464K)->6297K(6464K) NonClass: 5764K(5824K)->5764K(5824K) Class: 533K(640K)->533K(640K)
[33.878s][info][gc             ] GC(198) Pause Full (Ergonomics) 1467M->1467M(1510M) 475.586ms
[33.878s][info][gc,cpu         ] GC(198) User=3.23s Sys=0.00s Real=0.48s
[33.878s][info][gc,start       ] GC(199) Pause Full (Ergonomics)
[33.878s][info][gc,phases,start] GC(199) Marking Phase
[34.214s][info][gc,phases      ] GC(199) Marking Phase 336.397ms
[34.214s][info][gc,phases,start] GC(199) Summary Phase
[34.214s][info][gc,phases      ] GC(199) Summary Phase 0.032ms
[34.214s][info][gc,phases,start] GC(199) Adjust Roots
[34.214s][info][gc,phases      ] GC(199) Adjust Roots 0.166ms
[34.214s][info][gc,phases,start] GC(199) Compaction Phase
[34.336s][info][gc,phases      ] GC(199) Compaction Phase 121.038ms
[34.336s][info][gc,phases,start] GC(199) Post Compact
[34.338s][info][gc,phases      ] GC(199) Post Compact 2.663ms
[34.338s][info][gc,heap        ] GC(199) PSYoungGen: 69595K(113152K)->69595K(113152K) Eden: 30719K(30720K)->30719K(30720K) From: 38875K(82432K)->38875K(82432K)
[34.338s][info][gc,heap        ] GC(199) ParOldGen: 1433435K(1433600K)->1433435K(1433600K)
[34.338s][info][gc,metaspace   ] GC(199) Metaspace: 6297K(6464K)->6297K(6464K) NonClass: 5764K(5824K)->5764K(5824K) Class: 533K(640K)->533K(640K)
[34.338s][info][gc             ] GC(199) Pause Full (Ergonomics) 1467M->1467M(1510M) 460.647ms
[34.338s][info][gc,cpu         ] GC(199) User=3.17s Sys=0.00s Real=0.46s
[34.339s][info][gc,start       ] GC(200) Pause Full (Ergonomics)
[34.339s][info][gc,phases,start] GC(200) Marking Phase
[34.667s][info][gc,phases      ] GC(200) Marking Phase 328.694ms
[34.667s][info][gc,phases,start] GC(200) Summary Phase
[34.667s][info][gc,phases      ] GC(200) Summary Phase 0.028ms
[34.667s][info][gc,phases,start] GC(200) Adjust Roots
[34.668s][info][gc,phases      ] GC(200) Adjust Roots 0.160ms
[34.668s][info][gc,phases,start] GC(200) Compaction Phase
[34.790s][info][gc,phases      ] GC(200) Compaction Phase 122.084ms
[34.790s][info][gc,phases,start] GC(200) Post Compact
[34.792s][info][gc,phases      ] GC(200) Post Compact 2.662ms
[34.793s][info][gc,heap        ] GC(200) PSYoungGen: 69595K(113152K)->69595K(113152K) Eden: 30719K(30720K)->30719K(30720K) From: 38875K(82432K)->38875K(82432K)
[34.793s][info][gc,heap        ] GC(200) ParOldGen: 1433439K(1433600K)->1433439K(1433600K)
[34.793s][info][gc,metaspace   ] GC(200) Metaspace: 6297K(6464K)->6297K(6464K) NonClass: 5764K(5824K)->5764K(5824K) Class: 533K(640K)->533K(640K)
[34.793s][info][gc             ] GC(200) Pause Full (Ergonomics) 1467M->1467M(1510M) 453.969ms
[34.793s][info][gc,cpu         ] GC(200) User=3.20s Sys=0.00s Real=0.45s
[34.793s][info][gc,start       ] GC(201) Pause Full (Ergonomics)
[34.793s][info][gc,phases,start] GC(201) Marking Phase
[35.133s][info][gc,phases      ] GC(201) Marking Phase 340.084ms
[35.133s][info][gc,phases,start] GC(201) Summary Phase
[35.133s][info][gc,phases      ] GC(201) Summary Phase 0.027ms
[35.133s][info][gc,phases,start] GC(201) Adjust Roots
[35.133s][info][gc,phases      ] GC(201) Adjust Roots 0.155ms
[35.133s][info][gc,phases,start] GC(201) Compaction Phase
[35.257s][info][gc,phases      ] GC(201) Compaction Phase 123.907ms
[35.257s][info][gc,phases,start] GC(201) Post Compact
[35.260s][info][gc,phases      ] GC(201) Post Compact 2.658ms
[35.260s][info][gc,heap        ] GC(201) PSYoungGen: 69595K(113152K)->69595K(113152K) Eden: 30719K(30720K)->30719K(30720K) From: 38875K(82432K)->38875K(82432K)
[35.260s][info][gc,heap        ] GC(201) ParOldGen: 1433444K(1433600K)->1433444K(1433600K)
[35.260s][info][gc,metaspace   ] GC(201) Metaspace: 6297K(6464K)->6297K(6464K) NonClass: 5764K(5824K)->5764K(5824K) Class: 533K(640K)->533K(640K)
[35.260s][info][gc             ] GC(201) Pause Full (Ergonomics) 1467M->1467M(1510M) 467.169ms
[35.260s][info][gc,cpu         ] GC(201) User=3.27s Sys=0.02s Real=0.47s
[35.260s][info][gc,start       ] GC(202) Pause Full (Ergonomics)
[35.260s][info][gc,phases,start] GC(202) Marking Phase
[35.590s][info][gc,phases      ] GC(202) Marking Phase 330.185ms
[35.591s][info][gc,phases,start] GC(202) Summary Phase
[35.591s][info][gc,phases      ] GC(202) Summary Phase 0.027ms
[35.591s][info][gc,phases,start] GC(202) Adjust Roots
[35.591s][info][gc,phases      ] GC(202) Adjust Roots 0.159ms
[35.591s][info][gc,phases,start] GC(202) Compaction Phase
[35.715s][info][gc,phases      ] GC(202) Compaction Phase 124.305ms
[35.715s][info][gc,phases,start] GC(202) Post Compact
[35.718s][info][gc,phases      ] GC(202) Post Compact 3.129ms
[35.718s][info][gc,heap        ] GC(202) PSYoungGen: 69595K(113152K)->69595K(113152K) Eden: 30719K(30720K)->30719K(30720K) From: 38875K(82432K)->38875K(82432K)
[35.718s][info][gc,heap        ] GC(202) ParOldGen: 1433449K(1433600K)->1433449K(1433600K)
[35.718s][info][gc,metaspace   ] GC(202) Metaspace: 6297K(6464K)->6297K(6464K) NonClass: 5764K(5824K)->5764K(5824K) Class: 533K(640K)->533K(640K)
[35.718s][info][gc             ] GC(202) Pause Full (Ergonomics) 1467M->1467M(1510M) 458.197ms
[35.718s][info][gc,cpu         ] GC(202) User=3.03s Sys=0.00s Real=0.46s
[35.719s][info][gc,start       ] GC(203) Pause Full (Ergonomics)
[35.719s][info][gc,phases,start] GC(203) Marking Phase
[36.055s][info][gc,phases      ] GC(203) Marking Phase 336.648ms
[36.055s][info][gc,phases,start] GC(203) Summary Phase
[36.055s][info][gc,phases      ] GC(203) Summary Phase 0.027ms
[36.055s][info][gc,phases,start] GC(203) Adjust Roots
[36.056s][info][gc,phases      ] GC(203) Adjust Roots 0.165ms
[36.056s][info][gc,phases,start] GC(203) Compaction Phase
[36.178s][info][gc,phases      ] GC(203) Compaction Phase 122.587ms
[36.178s][info][gc,phases,start] GC(203) Post Compact
[36.181s][info][gc,phases      ] GC(203) Post Compact 2.673ms
[36.181s][info][gc,heap        ] GC(203) PSYoungGen: 69595K(113152K)->69595K(113152K) Eden: 30719K(30720K)->30719K(30720K) From: 38875K(82432K)->38875K(82432K)
[36.181s][info][gc,heap        ] GC(203) ParOldGen: 1433453K(1433600K)->1433453K(1433600K)
[36.181s][info][gc,metaspace   ] GC(203) Metaspace: 6297K(6464K)->6297K(6464K) NonClass: 5764K(5824K)->5764K(5824K) Class: 533K(640K)->533K(640K)
[36.181s][info][gc             ] GC(203) Pause Full (Ergonomics) 1467M->1467M(1510M) 462.439ms
[36.181s][info][gc,cpu         ] GC(203) User=3.23s Sys=0.00s Real=0.46s
[36.181s][info][gc,start       ] GC(204) Pause Full (Ergonomics)
[36.181s][info][gc,phases,start] GC(204) Marking Phase
[36.523s][info][gc,phases      ] GC(204) Marking Phase 342.102ms
[36.524s][info][gc,phases,start] GC(204) Summary Phase
[36.524s][info][gc,phases      ] GC(204) Summary Phase 0.028ms
[36.524s][info][gc,phases,start] GC(204) Adjust Roots
[36.524s][info][gc,phases      ] GC(204) Adjust Roots 0.166ms
[36.524s][info][gc,phases,start] GC(204) Compaction Phase
[36.659s][info][gc,phases      ] GC(204) Compaction Phase 135.706ms
[36.660s][info][gc,phases,start] GC(204) Post Compact
[36.662s][info][gc,phases      ] GC(204) Post Compact 2.575ms
[36.662s][info][gc,heap        ] GC(204) PSYoungGen: 69595K(113152K)->69595K(113152K) Eden: 30719K(30720K)->30719K(30720K) From: 38875K(82432K)->38875K(82432K)
[36.662s][info][gc,heap        ] GC(204) ParOldGen: 1433458K(1433600K)->1433458K(1433600K)
[36.662s][info][gc,metaspace   ] GC(204) Metaspace: 6297K(6464K)->6297K(6464K) NonClass: 5764K(5824K)->5764K(5824K) Class: 533K(640K)->533K(640K)
[36.662s][info][gc             ] GC(204) Pause Full (Ergonomics) 1467M->1467M(1510M) 480.908ms
[36.662s][info][gc,cpu         ] GC(204) User=3.20s Sys=0.00s Real=0.48s
[36.662s][info][gc,start       ] GC(205) Pause Full (Ergonomics)
[36.662s][info][gc,phases,start] GC(205) Marking Phase
[36.994s][info][gc,phases      ] GC(205) Marking Phase 331.049ms
[36.994s][info][gc,phases,start] GC(205) Summary Phase
[36.994s][info][gc,phases      ] GC(205) Summary Phase 0.028ms
[36.994s][info][gc,phases,start] GC(205) Adjust Roots
[36.994s][info][gc,phases      ] GC(205) Adjust Roots 0.184ms
[36.994s][info][gc,phases,start] GC(205) Compaction Phase
[37.116s][info][gc,phases      ] GC(205) Compaction Phase 122.117ms
[37.116s][info][gc,phases,start] GC(205) Post Compact
[37.119s][info][gc,phases      ] GC(205) Post Compact 2.884ms
[37.119s][info][gc,heap        ] GC(205) PSYoungGen: 69595K(113152K)->69595K(113152K) Eden: 30719K(30720K)->30719K(30720K) From: 38875K(82432K)->38875K(82432K)
[37.119s][info][gc,heap        ] GC(205) ParOldGen: 1433463K(1433600K)->1433463K(1433600K)
[37.119s][info][gc,metaspace   ] GC(205) Metaspace: 6297K(6464K)->6297K(6464K) NonClass: 5764K(5824K)->5764K(5824K) Class: 533K(640K)->533K(640K)
[37.119s][info][gc             ] GC(205) Pause Full (Ergonomics) 1467M->1467M(1510M) 456.641ms
[37.119s][info][gc,cpu         ] GC(205) User=3.09s Sys=0.00s Real=0.46s
[37.119s][info][gc,start       ] GC(206) Pause Full (Ergonomics)
[37.119s][info][gc,phases,start] GC(206) Marking Phase
[37.459s][info][gc,phases      ] GC(206) Marking Phase 339.368ms
[37.459s][info][gc,phases,start] GC(206) Summary Phase
[37.459s][info][gc,phases      ] GC(206) Summary Phase 0.028ms
[37.459s][info][gc,phases,start] GC(206) Adjust Roots
[37.459s][info][gc,phases      ] GC(206) Adjust Roots 0.155ms
[37.459s][info][gc,phases,start] GC(206) Compaction Phase
[37.581s][info][gc,phases      ] GC(206) Compaction Phase 122.136ms
[37.581s][info][gc,phases,start] GC(206) Post Compact
[37.584s][info][gc,phases      ] GC(206) Post Compact 2.658ms
[37.584s][info][gc,heap        ] GC(206) PSYoungGen: 69595K(113152K)->69595K(113152K) Eden: 30719K(30720K)->30719K(30720K) From: 38875K(82432K)->38875K(82432K)
[37.584s][info][gc,heap        ] GC(206) ParOldGen: 1433467K(1433600K)->1433467K(1433600K)
[37.584s][info][gc,metaspace   ] GC(206) Metaspace: 6297K(6464K)->6297K(6464K) NonClass: 5764K(5824K)->5764K(5824K) Class: 533K(640K)->533K(640K)
[37.584s][info][gc             ] GC(206) Pause Full (Ergonomics) 1467M->1467M(1510M) 464.697ms
[37.584s][info][gc,cpu         ] GC(206) User=3.22s Sys=0.00s Real=0.46s
[37.584s][info][gc,start       ] GC(207) Pause Full (Ergonomics)
[37.584s][info][gc,phases,start] GC(207) Marking Phase
[37.925s][info][gc,phases      ] GC(207) Marking Phase 341.061ms
[37.925s][info][gc,phases,start] GC(207) Summary Phase
[37.925s][info][gc,phases      ] GC(207) Summary Phase 0.028ms
[37.925s][info][gc,phases,start] GC(207) Adjust Roots
[37.926s][info][gc,phases      ] GC(207) Adjust Roots 0.156ms
[37.926s][info][gc,phases,start] GC(207) Compaction Phase
[38.071s][info][gc,phases      ] GC(207) Compaction Phase 145.311ms
[38.071s][info][gc,phases,start] GC(207) Post Compact
[38.074s][info][gc,phases      ] GC(207) Post Compact 2.572ms
[38.074s][info][gc,heap        ] GC(207) PSYoungGen: 69595K(113152K)->69595K(113152K) Eden: 30719K(30720K)->30719K(30720K) From: 38875K(82432K)->38875K(82432K)
[38.074s][info][gc,heap        ] GC(207) ParOldGen: 1433472K(1433600K)->1433472K(1433600K)
[38.074s][info][gc,metaspace   ] GC(207) Metaspace: 6297K(6464K)->6297K(6464K) NonClass: 5764K(5824K)->5764K(5824K) Class: 533K(640K)->533K(640K)
[38.074s][info][gc             ] GC(207) Pause Full (Ergonomics) 1467M->1467M(1510M) 489.461ms
[38.074s][info][gc,cpu         ] GC(207) User=3.36s Sys=0.00s Real=0.49s
[38.074s][info][gc,start       ] GC(208) Pause Full (Ergonomics)
[38.074s][info][gc,phases,start] GC(208) Marking Phase
[38.404s][info][gc,phases      ] GC(208) Marking Phase 329.888ms
[38.404s][info][gc,phases,start] GC(208) Summary Phase
[38.404s][info][gc,phases      ] GC(208) Summary Phase 0.027ms
[38.404s][info][gc,phases,start] GC(208) Adjust Roots
[38.404s][info][gc,phases      ] GC(208) Adjust Roots 0.157ms
[38.404s][info][gc,phases,start] GC(208) Compaction Phase
[38.530s][info][gc,phases      ] GC(208) Compaction Phase 126.050ms
[38.530s][info][gc,phases,start] GC(208) Post Compact
[38.533s][info][gc,phases      ] GC(208) Post Compact 2.790ms
[38.533s][info][gc,heap        ] GC(208) PSYoungGen: 69595K(113152K)->69595K(113152K) Eden: 30719K(30720K)->30719K(30720K) From: 38875K(82432K)->38875K(82432K)
[38.533s][info][gc,heap        ] GC(208) ParOldGen: 1433477K(1433600K)->1433477K(1433600K)
[38.533s][info][gc,metaspace   ] GC(208) Metaspace: 6297K(6464K)->6297K(6464K) NonClass: 5764K(5824K)->5764K(5824K) Class: 533K(640K)->533K(640K)
[38.533s][info][gc             ] GC(208) Pause Full (Ergonomics) 1467M->1467M(1510M) 459.250ms
[38.533s][info][gc,cpu         ] GC(208) User=3.27s Sys=0.00s Real=0.46s
[38.533s][info][gc,start       ] GC(209) Pause Full (Ergonomics)
[38.533s][info][gc,phases,start] GC(209) Marking Phase
[38.866s][info][gc,phases      ] GC(209) Marking Phase 332.930ms
[38.866s][info][gc,phases,start] GC(209) Summary Phase
[38.866s][info][gc,phases      ] GC(209) Summary Phase 0.028ms
[38.866s][info][gc,phases,start] GC(209) Adjust Roots
[38.867s][info][gc,phases      ] GC(209) Adjust Roots 0.154ms
[38.867s][info][gc,phases,start] GC(209) Compaction Phase
[38.994s][info][gc,phases      ] GC(209) Compaction Phase 127.552ms
[38.994s][info][gc,phases,start] GC(209) Post Compact
[38.997s][info][gc,phases      ] GC(209) Post Compact 2.687ms
[38.997s][info][gc,heap        ] GC(209) PSYoungGen: 69595K(113152K)->69595K(113152K) Eden: 30719K(30720K)->30719K(30720K) From: 38875K(82432K)->38875K(82432K)
[38.997s][info][gc,heap        ] GC(209) ParOldGen: 1433481K(1433600K)->1433481K(1433600K)
[38.997s][info][gc,metaspace   ] GC(209) Metaspace: 6297K(6464K)->6297K(6464K) NonClass: 5764K(5824K)->5764K(5824K) Class: 533K(640K)->533K(640K)
[38.997s][info][gc             ] GC(209) Pause Full (Ergonomics) 1467M->1467M(1510M) 463.704ms
[38.997s][info][gc,cpu         ] GC(209) User=3.22s Sys=0.00s Real=0.46s
[38.997s][info][gc,start       ] GC(210) Pause Full (Ergonomics)
[38.997s][info][gc,phases,start] GC(210) Marking Phase
[39.326s][info][gc,phases      ] GC(210) Marking Phase 328.263ms
[39.326s][info][gc,phases,start] GC(210) Summary Phase
[39.326s][info][gc,phases      ] GC(210) Summary Phase 0.028ms
[39.326s][info][gc,phases,start] GC(210) Adjust Roots
[39.326s][info][gc,phases      ] GC(210) Adjust Roots 0.158ms
[39.326s][info][gc,phases,start] GC(210) Compaction Phase
[39.445s][info][gc,phases      ] GC(210) Compaction Phase 119.375ms
[39.445s][info][gc,phases,start] GC(210) Post Compact
[39.448s][info][gc,phases      ] GC(210) Post Compact 2.683ms
[39.448s][info][gc,heap        ] GC(210) PSYoungGen: 69595K(113152K)->69595K(113152K) Eden: 30719K(30720K)->30719K(30720K) From: 38875K(82432K)->38875K(82432K)
[39.448s][info][gc,heap        ] GC(210) ParOldGen: 1433486K(1433600K)->1433486K(1433600K)
[39.448s][info][gc,metaspace   ] GC(210) Metaspace: 6297K(6464K)->6297K(6464K) NonClass: 5764K(5824K)->5764K(5824K) Class: 533K(640K)->533K(640K)
[39.448s][info][gc             ] GC(210) Pause Full (Ergonomics) 1467M->1467M(1510M) 450.846ms
[39.448s][info][gc,cpu         ] GC(210) User=3.28s Sys=0.00s Real=0.45s
[39.448s][info][gc,start       ] GC(211) Pause Full (Ergonomics)
[39.448s][info][gc,phases,start] GC(211) Marking Phase
[39.787s][info][gc,phases      ] GC(211) Marking Phase 338.858ms
[39.787s][info][gc,phases,start] GC(211) Summary Phase
[39.787s][info][gc,phases      ] GC(211) Summary Phase 0.029ms
[39.787s][info][gc,phases,start] GC(211) Adjust Roots
[39.788s][info][gc,phases      ] GC(211) Adjust Roots 0.194ms
[39.788s][info][gc,phases,start] GC(211) Compaction Phase
[39.922s][info][gc,phases      ] GC(211) Compaction Phase 134.299ms
[39.922s][info][gc,phases,start] GC(211) Post Compact
[39.924s][info][gc,phases      ] GC(211) Post Compact 2.596ms
[39.925s][info][gc,heap        ] GC(211) PSYoungGen: 69595K(113152K)->69595K(113152K) Eden: 30719K(30720K)->30719K(30720K) From: 38875K(82432K)->38875K(82432K)
[39.925s][info][gc,heap        ] GC(211) ParOldGen: 1433491K(1433600K)->1433491K(1433600K)
[39.925s][info][gc,metaspace   ] GC(211) Metaspace: 6297K(6464K)->6297K(6464K) NonClass: 5764K(5824K)->5764K(5824K) Class: 533K(640K)->533K(640K)
[39.925s][info][gc             ] GC(211) Pause Full (Ergonomics) 1467M->1467M(1510M) 476.328ms
[39.925s][info][gc,cpu         ] GC(211) User=3.27s Sys=0.00s Real=0.48s
[39.925s][info][gc,start       ] GC(212) Pause Full (Ergonomics)
[39.925s][info][gc,phases,start] GC(212) Marking Phase
[40.255s][info][gc,phases      ] GC(212) Marking Phase 330.085ms
[40.255s][info][gc,phases,start] GC(212) Summary Phase
[40.255s][info][gc,phases      ] GC(212) Summary Phase 0.028ms
[40.255s][info][gc,phases,start] GC(212) Adjust Roots
[40.255s][info][gc,phases      ] GC(212) Adjust Roots 0.189ms
[40.255s][info][gc,phases,start] GC(212) Compaction Phase
[40.381s][info][gc,phases      ] GC(212) Compaction Phase 125.599ms
[40.381s][info][gc,phases,start] GC(212) Post Compact
[40.384s][info][gc,phases      ] GC(212) Post Compact 2.671ms
[40.384s][info][gc,heap        ] GC(212) PSYoungGen: 69595K(113152K)->69595K(113152K) Eden: 30719K(30720K)->30719K(30720K) From: 38875K(82432K)->38875K(82432K)
[40.384s][info][gc,heap        ] GC(212) ParOldGen: 1433495K(1433600K)->1433495K(1433600K)
[40.384s][info][gc,metaspace   ] GC(212) Metaspace: 6297K(6464K)->6297K(6464K) NonClass: 5764K(5824K)->5764K(5824K) Class: 533K(640K)->533K(640K)
[40.384s][info][gc             ] GC(212) Pause Full (Ergonomics) 1467M->1467M(1510M) 458.911ms
[40.384s][info][gc,cpu         ] GC(212) User=3.25s Sys=0.00s Real=0.46s
[40.384s][info][gc,start       ] GC(213) Pause Full (Ergonomics)
[40.384s][info][gc,phases,start] GC(213) Marking Phase
[40.720s][info][gc,phases      ] GC(213) Marking Phase 336.450ms
[40.720s][info][gc,phases,start] GC(213) Summary Phase
[40.721s][info][gc,phases      ] GC(213) Summary Phase 0.027ms
[40.721s][info][gc,phases,start] GC(213) Adjust Roots
[40.721s][info][gc,phases      ] GC(213) Adjust Roots 0.157ms
[40.721s][info][gc,phases,start] GC(213) Compaction Phase
[40.842s][info][gc,phases      ] GC(213) Compaction Phase 121.644ms
[40.842s][info][gc,phases,start] GC(213) Post Compact
[40.845s][info][gc,phases      ] GC(213) Post Compact 2.652ms
[40.845s][info][gc,heap        ] GC(213) PSYoungGen: 69595K(113152K)->69595K(113152K) Eden: 30719K(30720K)->30719K(30720K) From: 38875K(82432K)->38875K(82432K)
[40.845s][info][gc,heap        ] GC(213) ParOldGen: 1433500K(1433600K)->1433500K(1433600K)
[40.845s][info][gc,metaspace   ] GC(213) Metaspace: 6297K(6464K)->6297K(6464K) NonClass: 5764K(5824K)->5764K(5824K) Class: 533K(640K)->533K(640K)
[40.845s][info][gc             ] GC(213) Pause Full (Ergonomics) 1467M->1467M(1510M) 461.269ms
[40.845s][info][gc,cpu         ] GC(213) User=3.12s Sys=0.00s Real=0.46s
[40.845s][info][gc,start       ] GC(214) Pause Full (Ergonomics)
[40.845s][info][gc,phases,start] GC(214) Marking Phase
[41.173s][info][gc,phases      ] GC(214) Marking Phase 327.528ms
[41.173s][info][gc,phases,start] GC(214) Summary Phase
[41.173s][info][gc,phases      ] GC(214) Summary Phase 0.028ms
[41.173s][info][gc,phases,start] GC(214) Adjust Roots
[41.173s][info][gc,phases      ] GC(214) Adjust Roots 0.156ms
[41.173s][info][gc,phases,start] GC(214) Compaction Phase
[41.305s][info][gc,phases      ] GC(214) Compaction Phase 131.343ms
[41.305s][info][gc,phases,start] GC(214) Post Compact
[41.307s][info][gc,phases      ] GC(214) Post Compact 2.636ms
[41.307s][info][gc,heap        ] GC(214) PSYoungGen: 69595K(113152K)->69595K(113152K) Eden: 30719K(30720K)->30719K(30720K) From: 38875K(82432K)->38875K(82432K)
[41.307s][info][gc,heap        ] GC(214) ParOldGen: 1433505K(1433600K)->1433505K(1433600K)
[41.307s][info][gc,metaspace   ] GC(214) Metaspace: 6297K(6464K)->6297K(6464K) NonClass: 5764K(5824K)->5764K(5824K) Class: 533K(640K)->533K(640K)
[41.307s][info][gc             ] GC(214) Pause Full (Ergonomics) 1467M->1467M(1510M) 462.043ms
[41.308s][info][gc,cpu         ] GC(214) User=3.25s Sys=0.00s Real=0.46s
[41.308s][info][gc,start       ] GC(215) Pause Full (Ergonomics)
[41.308s][info][gc,phases,start] GC(215) Marking Phase
[41.632s][info][gc,phases      ] GC(215) Marking Phase 324.278ms
[41.632s][info][gc,phases,start] GC(215) Summary Phase
[41.632s][info][gc,phases      ] GC(215) Summary Phase 0.027ms
[41.632s][info][gc,phases,start] GC(215) Adjust Roots
[41.632s][info][gc,phases      ] GC(215) Adjust Roots 0.160ms
[41.632s][info][gc,phases,start] GC(215) Compaction Phase
[41.756s][info][gc,phases      ] GC(215) Compaction Phase 123.199ms
[41.756s][info][gc,phases,start] GC(215) Post Compact
[41.758s][info][gc,phases      ] GC(215) Post Compact 2.716ms
[41.758s][info][gc,heap        ] GC(215) PSYoungGen: 69595K(113152K)->69595K(113152K) Eden: 30719K(30720K)->30719K(30720K) From: 38875K(82432K)->38875K(82432K)
[41.758s][info][gc,heap        ] GC(215) ParOldGen: 1433509K(1433600K)->1433509K(1433600K)
[41.758s][info][gc,metaspace   ] GC(215) Metaspace: 6297K(6464K)->6297K(6464K) NonClass: 5764K(5824K)->5764K(5824K) Class: 533K(640K)->533K(640K)
[41.758s][info][gc             ] GC(215) Pause Full (Ergonomics) 1467M->1467M(1510M) 450.717ms
[41.758s][info][gc,cpu         ] GC(215) User=3.16s Sys=0.00s Real=0.45s
[41.759s][info][gc,start       ] GC(216) Pause Full (Ergonomics)
[41.759s][info][gc,phases,start] GC(216) Marking Phase
[42.095s][info][gc,phases      ] GC(216) Marking Phase 336.617ms
[42.095s][info][gc,phases,start] GC(216) Summary Phase
[42.095s][info][gc,phases      ] GC(216) Summary Phase 0.027ms
[42.095s][info][gc,phases,start] GC(216) Adjust Roots
[42.096s][info][gc,phases      ] GC(216) Adjust Roots 0.156ms
[42.096s][info][gc,phases,start] GC(216) Compaction Phase
[42.221s][info][gc,phases      ] GC(216) Compaction Phase 125.034ms
[42.221s][info][gc,phases,start] GC(216) Post Compact
[42.223s][info][gc,phases      ] GC(216) Post Compact 2.688ms
[42.224s][info][gc,heap        ] GC(216) PSYoungGen: 69595K(113152K)->69595K(113152K) Eden: 30719K(30720K)->30719K(30720K) From: 38875K(82432K)->38875K(82432K)
[42.224s][info][gc,heap        ] GC(216) ParOldGen: 1433514K(1433600K)->1433514K(1433600K)
[42.224s][info][gc,metaspace   ] GC(216) Metaspace: 6297K(6464K)->6297K(6464K) NonClass: 5764K(5824K)->5764K(5824K) Class: 533K(640K)->533K(640K)
[42.224s][info][gc             ] GC(216) Pause Full (Ergonomics) 1467M->1467M(1510M) 464.866ms
[42.224s][info][gc,cpu         ] GC(216) User=3.31s Sys=0.00s Real=0.46s
[42.224s][info][gc,start       ] GC(217) Pause Full (Ergonomics)
[42.224s][info][gc,phases,start] GC(217) Marking Phase
[42.551s][info][gc,phases      ] GC(217) Marking Phase 327.396ms
[42.551s][info][gc,phases,start] GC(217) Summary Phase
[42.551s][info][gc,phases      ] GC(217) Summary Phase 0.027ms
[42.551s][info][gc,phases,start] GC(217) Adjust Roots
[42.552s][info][gc,phases      ] GC(217) Adjust Roots 0.181ms
[42.552s][info][gc,phases,start] GC(217) Compaction Phase
[42.679s][info][gc,phases      ] GC(217) Compaction Phase 127.803ms
[42.679s][info][gc,phases,start] GC(217) Post Compact
[42.682s][info][gc,phases      ] GC(217) Post Compact 2.636ms
[42.682s][info][gc,heap        ] GC(217) PSYoungGen: 69595K(113152K)->69595K(113152K) Eden: 30719K(30720K)->30719K(30720K) From: 38875K(82432K)->38875K(82432K)
[42.682s][info][gc,heap        ] GC(217) ParOldGen: 1433519K(1433600K)->1433519K(1433600K)
[42.682s][info][gc,metaspace   ] GC(217) Metaspace: 6297K(6464K)->6297K(6464K) NonClass: 5764K(5824K)->5764K(5824K) Class: 533K(640K)->533K(640K)
[42.682s][info][gc             ] GC(217) Pause Full (Ergonomics) 1467M->1467M(1510M) 458.392ms
[42.682s][info][gc,cpu         ] GC(217) User=3.17s Sys=0.00s Real=0.46s
[42.682s][info][gc,start       ] GC(218) Pause Full (Ergonomics)
[42.682s][info][gc,phases,start] GC(218) Marking Phase
[43.012s][info][gc,phases      ] GC(218) Marking Phase 329.906ms
[43.012s][info][gc,phases,start] GC(218) Summary Phase
[43.012s][info][gc,phases      ] GC(218) Summary Phase 0.027ms
[43.012s][info][gc,phases,start] GC(218) Adjust Roots
[43.013s][info][gc,phases      ] GC(218) Adjust Roots 0.163ms
[43.013s][info][gc,phases,start] GC(218) Compaction Phase
[43.152s][info][gc,phases      ] GC(218) Compaction Phase 139.472ms
[43.152s][info][gc,phases,start] GC(218) Post Compact
[43.155s][info][gc,phases      ] GC(218) Post Compact 2.865ms
[43.155s][info][gc,heap        ] GC(218) PSYoungGen: 69595K(113152K)->69595K(113152K) Eden: 30719K(30720K)->30719K(30720K) From: 38875K(82432K)->38875K(82432K)
[43.155s][info][gc,heap        ] GC(218) ParOldGen: 1433523K(1433600K)->1433523K(1433600K)
[43.155s][info][gc,metaspace   ] GC(218) Metaspace: 6297K(6464K)->6297K(6464K) NonClass: 5764K(5824K)->5764K(5824K) Class: 533K(640K)->533K(640K)
[43.155s][info][gc             ] GC(218) Pause Full (Ergonomics) 1467M->1467M(1510M) 472.799ms
[43.155s][info][gc,cpu         ] GC(218) User=3.16s Sys=0.00s Real=0.47s
[43.155s][info][gc,start       ] GC(219) Pause Full (Ergonomics)
[43.155s][info][gc,phases,start] GC(219) Marking Phase
[43.486s][info][gc,phases      ] GC(219) Marking Phase 331.010ms
[43.487s][info][gc,phases,start] GC(219) Summary Phase
[43.487s][info][gc,phases      ] GC(219) Summary Phase 0.028ms
[43.487s][info][gc,phases,start] GC(219) Adjust Roots
[43.487s][info][gc,phases      ] GC(219) Adjust Roots 0.278ms
[43.487s][info][gc,phases,start] GC(219) Compaction Phase
[43.612s][info][gc,phases      ] GC(219) Compaction Phase 125.006ms
[43.612s][info][gc,phases,start] GC(219) Post Compact
[43.615s][info][gc,phases      ] GC(219) Post Compact 2.668ms
[43.615s][info][gc,heap        ] GC(219) PSYoungGen: 69595K(113152K)->69595K(113152K) Eden: 30719K(30720K)->30719K(30720K) From: 38875K(82432K)->38875K(82432K)
[43.615s][info][gc,heap        ] GC(219) ParOldGen: 1433528K(1433600K)->1433528K(1433600K)
[43.615s][info][gc,metaspace   ] GC(219) Metaspace: 6297K(6464K)->6297K(6464K) NonClass: 5764K(5824K)->5764K(5824K) Class: 533K(640K)->533K(640K)
[43.615s][info][gc             ] GC(219) Pause Full (Ergonomics) 1467M->1467M(1510M) 459.332ms
[43.615s][info][gc,cpu         ] GC(219) User=3.39s Sys=0.00s Real=0.46s
[43.615s][info][gc,start       ] GC(220) Pause Full (Ergonomics)
[43.615s][info][gc,phases,start] GC(220) Marking Phase
[43.946s][info][gc,phases      ] GC(220) Marking Phase 330.686ms
[43.946s][info][gc,phases,start] GC(220) Summary Phase
[43.946s][info][gc,phases      ] GC(220) Summary Phase 0.027ms
[43.946s][info][gc,phases,start] GC(220) Adjust Roots
[43.946s][info][gc,phases      ] GC(220) Adjust Roots 0.184ms
[43.946s][info][gc,phases,start] GC(220) Compaction Phase
[44.082s][info][gc,phases      ] GC(220) Compaction Phase 136.211ms
[44.082s][info][gc,phases,start] GC(220) Post Compact
[44.085s][info][gc,phases      ] GC(220) Post Compact 2.875ms
[44.085s][info][gc,heap        ] GC(220) PSYoungGen: 69595K(113152K)->69595K(113152K) Eden: 30719K(30720K)->30719K(30720K) From: 38875K(82432K)->38875K(82432K)
[44.085s][info][gc,heap        ] GC(220) ParOldGen: 1433533K(1433600K)->1433533K(1433600K)
[44.085s][info][gc,metaspace   ] GC(220) Metaspace: 6297K(6464K)->6297K(6464K) NonClass: 5764K(5824K)->5764K(5824K) Class: 533K(640K)->533K(640K)
[44.085s][info][gc             ] GC(220) Pause Full (Ergonomics) 1467M->1467M(1510M) 470.365ms
[44.085s][info][gc,cpu         ] GC(220) User=3.20s Sys=0.00s Real=0.47s
[44.086s][info][gc,start       ] GC(221) Pause Full (Ergonomics)
[44.086s][info][gc,phases,start] GC(221) Marking Phase
[44.424s][info][gc,phases      ] GC(221) Marking Phase 338.031ms
[44.424s][info][gc,phases,start] GC(221) Summary Phase
[44.424s][info][gc,phases      ] GC(221) Summary Phase 0.028ms
[44.424s][info][gc,phases,start] GC(221) Adjust Roots
[44.424s][info][gc,phases      ] GC(221) Adjust Roots 0.156ms
[44.424s][info][gc,phases,start] GC(221) Compaction Phase
[44.554s][info][gc,phases      ] GC(221) Compaction Phase 130.290ms
[44.554s][info][gc,phases,start] GC(221) Post Compact
[44.557s][info][gc,phases      ] GC(221) Post Compact 2.649ms
[44.557s][info][gc,heap        ] GC(221) PSYoungGen: 69595K(113152K)->69595K(113152K) Eden: 30719K(30720K)->30719K(30720K) From: 38875K(82432K)->38875K(82432K)
[44.557s][info][gc,heap        ] GC(221) ParOldGen: 1433537K(1433600K)->1433537K(1433600K)
[44.557s][info][gc,metaspace   ] GC(221) Metaspace: 6297K(6464K)->6297K(6464K) NonClass: 5764K(5824K)->5764K(5824K) Class: 533K(640K)->533K(640K)
[44.557s][info][gc             ] GC(221) Pause Full (Ergonomics) 1467M->1467M(1510M) 471.488ms
[44.557s][info][gc,cpu         ] GC(221) User=3.30s Sys=0.00s Real=0.47s
[44.557s][info][gc,start       ] GC(222) Pause Full (Ergonomics)
[44.557s][info][gc,phases,start] GC(222) Marking Phase
[44.895s][info][gc,phases      ] GC(222) Marking Phase 337.478ms
[44.895s][info][gc,phases,start] GC(222) Summary Phase
[44.895s][info][gc,phases      ] GC(222) Summary Phase 0.028ms
[44.895s][info][gc,phases,start] GC(222) Adjust Roots
[44.895s][info][gc,phases      ] GC(222) Adjust Roots 0.164ms
[44.895s][info][gc,phases,start] GC(222) Compaction Phase
[45.035s][info][gc,phases      ] GC(222) Compaction Phase 140.110ms
[45.035s][info][gc,phases,start] GC(222) Post Compact
[45.038s][info][gc,phases      ] GC(222) Post Compact 2.697ms
[45.038s][info][gc,heap        ] GC(222) PSYoungGen: 69595K(113152K)->69595K(113152K) Eden: 30719K(30720K)->30719K(30720K) From: 38875K(82432K)->38875K(82432K)
[45.038s][info][gc,heap        ] GC(222) ParOldGen: 1433542K(1433600K)->1433542K(1433600K)
[45.038s][info][gc,metaspace   ] GC(222) Metaspace: 6297K(6464K)->6297K(6464K) NonClass: 5764K(5824K)->5764K(5824K) Class: 533K(640K)->533K(640K)
[45.038s][info][gc             ] GC(222) Pause Full (Ergonomics) 1467M->1467M(1510M) 480.854ms
[45.038s][info][gc,cpu         ] GC(222) User=3.22s Sys=0.00s Real=0.48s
[45.038s][info][gc,start       ] GC(223) Pause Full (Ergonomics)
[45.038s][info][gc,phases,start] GC(223) Marking Phase
[45.375s][info][gc,phases      ] GC(223) Marking Phase 336.254ms
[45.375s][info][gc,phases,start] GC(223) Summary Phase
[45.375s][info][gc,phases      ] GC(223) Summary Phase 0.028ms
[45.375s][info][gc,phases,start] GC(223) Adjust Roots
[45.375s][info][gc,phases      ] GC(223) Adjust Roots 0.166ms
[45.375s][info][gc,phases,start] GC(223) Compaction Phase
[45.497s][info][gc,phases      ] GC(223) Compaction Phase 122.565ms
[45.498s][info][gc,phases,start] GC(223) Post Compact
[45.500s][info][gc,phases      ] GC(223) Post Compact 2.882ms
[45.501s][info][gc,heap        ] GC(223) PSYoungGen: 69595K(113152K)->69595K(113152K) Eden: 30719K(30720K)->30719K(30720K) From: 38875K(82432K)->38875K(82432K)
[45.501s][info][gc,heap        ] GC(223) ParOldGen: 1433547K(1433600K)->1433547K(1433600K)
[45.501s][info][gc,metaspace   ] GC(223) Metaspace: 6297K(6464K)->6297K(6464K) NonClass: 5764K(5824K)->5764K(5824K) Class: 533K(640K)->533K(640K)
[45.501s][info][gc             ] GC(223) Pause Full (Ergonomics) 1467M->1467M(1510M) 462.254ms
[45.501s][info][gc,cpu         ] GC(223) User=3.12s Sys=0.02s Real=0.46s
[45.501s][info][gc,start       ] GC(224) Pause Full (Ergonomics)
[45.501s][info][gc,phases,start] GC(224) Marking Phase
[45.835s][info][gc,phases      ] GC(224) Marking Phase 333.749ms
[45.835s][info][gc,phases,start] GC(224) Summary Phase
[45.835s][info][gc,phases      ] GC(224) Summary Phase 0.027ms
[45.835s][info][gc,phases,start] GC(224) Adjust Roots
[45.835s][info][gc,phases      ] GC(224) Adjust Roots 0.160ms
[45.835s][info][gc,phases,start] GC(224) Compaction Phase
[45.970s][info][gc,phases      ] GC(224) Compaction Phase 134.814ms
[45.970s][info][gc,phases,start] GC(224) Post Compact
[45.972s][info][gc,phases      ] GC(224) Post Compact 2.684ms
[45.973s][info][gc,heap        ] GC(224) PSYoungGen: 69595K(113152K)->69595K(113152K) Eden: 30719K(30720K)->30719K(30720K) From: 38875K(82432K)->38875K(82432K)
[45.973s][info][gc,heap        ] GC(224) ParOldGen: 1433551K(1433600K)->1433551K(1433600K)
[45.973s][info][gc,metaspace   ] GC(224) Metaspace: 6297K(6464K)->6297K(6464K) NonClass: 5764K(5824K)->5764K(5824K) Class: 533K(640K)->533K(640K)
[45.973s][info][gc             ] GC(224) Pause Full (Ergonomics) 1467M->1467M(1510M) 471.767ms
[45.973s][info][gc,cpu         ] GC(224) User=3.28s Sys=0.00s Real=0.47s
[45.973s][info][gc,start       ] GC(225) Pause Full (Ergonomics)
[45.973s][info][gc,phases,start] GC(225) Marking Phase
[46.305s][info][gc,phases      ] GC(225) Marking Phase 332.573ms
[46.305s][info][gc,phases,start] GC(225) Summary Phase
[46.306s][info][gc,phases      ] GC(225) Summary Phase 0.033ms
[46.306s][info][gc,phases,start] GC(225) Adjust Roots
[46.306s][info][gc,phases      ] GC(225) Adjust Roots 0.166ms
[46.306s][info][gc,phases,start] GC(225) Compaction Phase
[46.454s][info][gc,phases      ] GC(225) Compaction Phase 147.835ms
[46.454s][info][gc,phases,start] GC(225) Post Compact
[46.456s][info][gc,phases      ] GC(225) Post Compact 2.575ms
[46.456s][info][gc,heap        ] GC(225) PSYoungGen: 69595K(113152K)->69595K(113152K) Eden: 30719K(30720K)->30719K(30720K) From: 38875K(82432K)->38875K(82432K)
[46.456s][info][gc,heap        ] GC(225) ParOldGen: 1433556K(1433600K)->1433556K(1433600K)
[46.456s][info][gc,metaspace   ] GC(225) Metaspace: 6297K(6464K)->6297K(6464K) NonClass: 5764K(5824K)->5764K(5824K) Class: 533K(640K)->533K(640K)
[46.456s][info][gc             ] GC(225) Pause Full (Ergonomics) 1467M->1467M(1510M) 483.522ms
[46.456s][info][gc,cpu         ] GC(225) User=3.11s Sys=0.00s Real=0.48s
[46.457s][info][gc,start       ] GC(226) Pause Full (Ergonomics)
[46.457s][info][gc,phases,start] GC(226) Marking Phase
[46.791s][info][gc,phases      ] GC(226) Marking Phase 334.443ms
[46.791s][info][gc,phases,start] GC(226) Summary Phase
[46.791s][info][gc,phases      ] GC(226) Summary Phase 0.027ms
[46.791s][info][gc,phases,start] GC(226) Adjust Roots
[46.791s][info][gc,phases      ] GC(226) Adjust Roots 0.157ms
[46.791s][info][gc,phases,start] GC(226) Compaction Phase
[46.930s][info][gc,phases      ] GC(226) Compaction Phase 138.760ms
[46.930s][info][gc,phases,start] GC(226) Post Compact
[46.933s][info][gc,phases      ] GC(226) Post Compact 2.800ms
[46.933s][info][gc,heap        ] GC(226) PSYoungGen: 69595K(113152K)->69595K(113152K) Eden: 30719K(30720K)->30719K(30720K) From: 38875K(82432K)->38875K(82432K)
[46.933s][info][gc,heap        ] GC(226) ParOldGen: 1433561K(1433600K)->1433561K(1433600K)
[46.933s][info][gc,metaspace   ] GC(226) Metaspace: 6297K(6464K)->6297K(6464K) NonClass: 5764K(5824K)->5764K(5824K) Class: 533K(640K)->533K(640K)
[46.933s][info][gc             ] GC(226) Pause Full (Ergonomics) 1467M->1467M(1510M) 476.538ms
[46.933s][info][gc,cpu         ] GC(226) User=3.12s Sys=0.00s Real=0.48s
[46.933s][info][gc,start       ] GC(227) Pause Full (Ergonomics)
[46.933s][info][gc,phases,start] GC(227) Marking Phase
[47.260s][info][gc,phases      ] GC(227) Marking Phase 326.924ms
[47.260s][info][gc,phases,start] GC(227) Summary Phase
[47.260s][info][gc,phases      ] GC(227) Summary Phase 0.027ms
[47.260s][info][gc,phases,start] GC(227) Adjust Roots
[47.261s][info][gc,phases      ] GC(227) Adjust Roots 0.156ms
[47.261s][info][gc,phases,start] GC(227) Compaction Phase
[47.382s][info][gc,phases      ] GC(227) Compaction Phase 121.729ms
[47.382s][info][gc,phases,start] GC(227) Post Compact
[47.385s][info][gc,phases      ] GC(227) Post Compact 2.712ms
[47.385s][info][gc,heap        ] GC(227) PSYoungGen: 69595K(113152K)->69595K(113152K) Eden: 30719K(30720K)->30719K(30720K) From: 38875K(82432K)->38875K(82432K)
[47.385s][info][gc,heap        ] GC(227) ParOldGen: 1433565K(1433600K)->1433565K(1433600K)
[47.385s][info][gc,metaspace   ] GC(227) Metaspace: 6297K(6464K)->6297K(6464K) NonClass: 5764K(5824K)->5764K(5824K) Class: 533K(640K)->533K(640K)
[47.385s][info][gc             ] GC(227) Pause Full (Ergonomics) 1467M->1467M(1510M) 451.896ms
[47.385s][info][gc,cpu         ] GC(227) User=3.25s Sys=0.00s Real=0.45s
[47.385s][info][gc,start       ] GC(228) Pause Full (Ergonomics)
[47.385s][info][gc,phases,start] GC(228) Marking Phase
[47.712s][info][gc,phases      ] GC(228) Marking Phase 326.900ms
[47.712s][info][gc,phases,start] GC(228) Summary Phase
[47.712s][info][gc,phases      ] GC(228) Summary Phase 0.028ms
[47.712s][info][gc,phases,start] GC(228) Adjust Roots
[47.713s][info][gc,phases      ] GC(228) Adjust Roots 0.154ms
[47.713s][info][gc,phases,start] GC(228) Compaction Phase
[47.841s][info][gc,phases      ] GC(228) Compaction Phase 127.972ms
[47.841s][info][gc,phases,start] GC(228) Post Compact
[47.843s][info][gc,phases      ] GC(228) Post Compact 2.720ms
[47.843s][info][gc,heap        ] GC(228) PSYoungGen: 69595K(113152K)->69595K(113152K) Eden: 30719K(30720K)->30719K(30720K) From: 38875K(82432K)->38875K(82432K)
[47.843s][info][gc,heap        ] GC(228) ParOldGen: 1433570K(1433600K)->1433570K(1433600K)
[47.843s][info][gc,metaspace   ] GC(228) Metaspace: 6297K(6464K)->6297K(6464K) NonClass: 5764K(5824K)->5764K(5824K) Class: 533K(640K)->533K(640K)
[47.843s][info][gc             ] GC(228) Pause Full (Ergonomics) 1467M->1467M(1510M) 458.118ms
[47.844s][info][gc,cpu         ] GC(228) User=3.17s Sys=0.00s Real=0.46s
[47.844s][info][gc,start       ] GC(229) Pause Full (Ergonomics)
[47.844s][info][gc,phases,start] GC(229) Marking Phase
[48.195s][info][gc,phases      ] GC(229) Marking Phase 351.035ms
[48.195s][info][gc,phases,start] GC(229) Summary Phase
[48.195s][info][gc,phases      ] GC(229) Summary Phase 0.035ms
[48.195s][info][gc,phases,start] GC(229) Adjust Roots
[48.195s][info][gc,phases      ] GC(229) Adjust Roots 0.157ms
[48.195s][info][gc,phases,start] GC(229) Compaction Phase
[48.335s][info][gc,phases      ] GC(229) Compaction Phase 139.828ms
[48.335s][info][gc,phases,start] GC(229) Post Compact
[48.338s][info][gc,phases      ] GC(229) Post Compact 3.245ms
[48.338s][info][gc,heap        ] GC(229) PSYoungGen: 69595K(113152K)->69595K(113152K) Eden: 30719K(30720K)->30719K(30720K) From: 38875K(82432K)->38875K(82432K)
[48.338s][info][gc,heap        ] GC(229) ParOldGen: 1433575K(1433600K)->1433575K(1433600K)
[48.338s][info][gc,metaspace   ] GC(229) Metaspace: 6297K(6464K)->6297K(6464K) NonClass: 5764K(5824K)->5764K(5824K) Class: 533K(640K)->533K(640K)
[48.338s][info][gc             ] GC(229) Pause Full (Ergonomics) 1467M->1467M(1510M) 494.681ms
[48.338s][info][gc,cpu         ] GC(229) User=3.30s Sys=0.00s Real=0.49s
[48.339s][info][gc,start       ] GC(230) Pause Full (Ergonomics)
[48.339s][info][gc,phases,start] GC(230) Marking Phase
[48.687s][info][gc,phases      ] GC(230) Marking Phase 348.715ms
[48.687s][info][gc,phases,start] GC(230) Summary Phase
[48.688s][info][gc,phases      ] GC(230) Summary Phase 0.028ms
[48.688s][info][gc,phases,start] GC(230) Adjust Roots
[48.688s][info][gc,phases      ] GC(230) Adjust Roots 0.159ms
[48.688s][info][gc,phases,start] GC(230) Compaction Phase
[48.819s][info][gc,phases      ] GC(230) Compaction Phase 131.169ms
[48.819s][info][gc,phases,start] GC(230) Post Compact
[48.822s][info][gc,phases      ] GC(230) Post Compact 3.053ms
[48.822s][info][gc,heap        ] GC(230) PSYoungGen: 69595K(113152K)->69595K(113152K) Eden: 30719K(30720K)->30719K(30720K) From: 38875K(82432K)->38875K(82432K)
[48.822s][info][gc,heap        ] GC(230) ParOldGen: 1433579K(1433600K)->1433579K(1433600K)
[48.822s][info][gc,metaspace   ] GC(230) Metaspace: 6297K(6464K)->6297K(6464K) NonClass: 5764K(5824K)->5764K(5824K) Class: 533K(640K)->533K(640K)
[48.822s][info][gc             ] GC(230) Pause Full (Ergonomics) 1467M->1467M(1510M) 483.473ms
[48.822s][info][gc,cpu         ] GC(230) User=3.23s Sys=0.00s Real=0.48s
[48.822s][info][gc,start       ] GC(231) Pause Full (Ergonomics)
[48.822s][info][gc,phases,start] GC(231) Marking Phase
[49.169s][info][gc,phases      ] GC(231) Marking Phase 346.563ms
[49.169s][info][gc,phases,start] GC(231) Summary Phase
[49.169s][info][gc,phases      ] GC(231) Summary Phase 0.028ms
[49.169s][info][gc,phases,start] GC(231) Adjust Roots
[49.169s][info][gc,phases      ] GC(231) Adjust Roots 0.154ms
[49.169s][info][gc,phases,start] GC(231) Compaction Phase
[49.294s][info][gc,phases      ] GC(231) Compaction Phase 124.480ms
[49.294s][info][gc,phases,start] GC(231) Post Compact
[49.297s][info][gc,phases      ] GC(231) Post Compact 2.779ms
[49.297s][info][gc,heap        ] GC(231) PSYoungGen: 69595K(113152K)->69595K(113152K) Eden: 30719K(30720K)->30719K(30720K) From: 38875K(82432K)->38875K(82432K)
[49.297s][info][gc,heap        ] GC(231) ParOldGen: 1433584K(1433600K)->1433584K(1433600K)
[49.297s][info][gc,metaspace   ] GC(231) Metaspace: 6297K(6464K)->6297K(6464K) NonClass: 5764K(5824K)->5764K(5824K) Class: 533K(640K)->533K(640K)
[49.297s][info][gc             ] GC(231) Pause Full (Ergonomics) 1467M->1467M(1510M) 474.347ms
[49.297s][info][gc,cpu         ] GC(231) User=3.20s Sys=0.00s Real=0.47s
[49.297s][info][gc,start       ] GC(232) Pause Full (Ergonomics)
[49.297s][info][gc,phases,start] GC(232) Marking Phase
[49.633s][info][gc,phases      ] GC(232) Marking Phase 336.403ms
[49.633s][info][gc,phases,start] GC(232) Summary Phase
[49.633s][info][gc,phases      ] GC(232) Summary Phase 0.028ms
[49.633s][info][gc,phases,start] GC(232) Adjust Roots
[49.634s][info][gc,phases      ] GC(232) Adjust Roots 0.162ms
[49.634s][info][gc,phases,start] GC(232) Compaction Phase
[49.769s][info][gc,phases      ] GC(232) Compaction Phase 135.263ms
[49.769s][info][gc,phases,start] GC(232) Post Compact
[49.772s][info][gc,phases      ] GC(232) Post Compact 2.682ms
[49.772s][info][gc,heap        ] GC(232) PSYoungGen: 69595K(113152K)->69595K(113152K) Eden: 30719K(30720K)->30719K(30720K) From: 38875K(82432K)->38875K(82432K)
[49.772s][info][gc,heap        ] GC(232) ParOldGen: 1433589K(1433600K)->1433589K(1433600K)
[49.772s][info][gc,metaspace   ] GC(232) Metaspace: 6297K(6464K)->6297K(6464K) NonClass: 5764K(5824K)->5764K(5824K) Class: 533K(640K)->533K(640K)
[49.772s][info][gc             ] GC(232) Pause Full (Ergonomics) 1467M->1467M(1510M) 474.907ms
[49.772s][info][gc,cpu         ] GC(232) User=3.28s Sys=0.00s Real=0.47s
[49.772s][info][gc,start       ] GC(233) Pause Full (Ergonomics)
[49.772s][info][gc,phases,start] GC(233) Marking Phase
[50.106s][info][gc,phases      ] GC(233) Marking Phase 333.822ms
[50.106s][info][gc,phases,start] GC(233) Summary Phase
[50.106s][info][gc,phases      ] GC(233) Summary Phase 0.036ms
[50.106s][info][gc,phases,start] GC(233) Adjust Roots
[50.106s][info][gc,phases      ] GC(233) Adjust Roots 0.180ms
[50.106s][info][gc,phases,start] GC(233) Compaction Phase
[50.241s][info][gc,phases      ] GC(233) Compaction Phase 135.004ms
[50.241s][info][gc,phases,start] GC(233) Post Compact
[50.244s][info][gc,phases      ] GC(233) Post Compact 2.911ms
[50.244s][info][gc,heap        ] GC(233) PSYoungGen: 69595K(113152K)->69595K(113152K) Eden: 30719K(30720K)->30719K(30720K) From: 38875K(82432K)->38875K(82432K)
[50.244s][info][gc,heap        ] GC(233) ParOldGen: 1433593K(1433600K)->1433593K(1433600K)
[50.244s][info][gc,metaspace   ] GC(233) Metaspace: 6297K(6464K)->6297K(6464K) NonClass: 5764K(5824K)->5764K(5824K) Class: 533K(640K)->533K(640K)
[50.244s][info][gc             ] GC(233) Pause Full (Ergonomics) 1467M->1467M(1510M) 472.293ms
[50.244s][info][gc,cpu         ] GC(233) User=3.16s Sys=0.00s Real=0.47s
[50.244s][info][gc,start       ] GC(234) Pause Full (Ergonomics)
[50.245s][info][gc,phases,start] GC(234) Marking Phase
[50.589s][info][gc,phases      ] GC(234) Marking Phase 344.208ms
[50.589s][info][gc,phases,start] GC(234) Summary Phase
[50.589s][info][gc,phases      ] GC(234) Summary Phase 0.032ms
[50.589s][info][gc,phases,start] GC(234) Adjust Roots
[50.589s][info][gc,phases      ] GC(234) Adjust Roots 0.170ms
[50.589s][info][gc,phases,start] GC(234) Compaction Phase
[50.728s][info][gc,phases      ] GC(234) Compaction Phase 138.645ms
[50.728s][info][gc,phases,start] GC(234) Post Compact
[50.731s][info][gc,phases      ] GC(234) Post Compact 2.794ms
[50.731s][info][gc,heap        ] GC(234) PSYoungGen: 69595K(113152K)->69595K(113152K) Eden: 30719K(30720K)->30719K(30720K) From: 38875K(82432K)->38875K(82432K)
[50.731s][info][gc,heap        ] GC(234) ParOldGen: 1433598K(1433600K)->1433598K(1433600K)
[50.731s][info][gc,metaspace   ] GC(234) Metaspace: 6297K(6464K)->6297K(6464K) NonClass: 5764K(5824K)->5764K(5824K) Class: 533K(640K)->533K(640K)
[50.731s][info][gc             ] GC(234) Pause Full (Ergonomics) 1467M->1467M(1510M) 486.233ms
[50.731s][info][gc,cpu         ] GC(234) User=3.25s Sys=0.02s Real=0.49s
[50.731s][info][gc,start       ] GC(235) Pause Full (Ergonomics)
[50.731s][info][gc,phases,start] GC(235) Marking Phase
[51.069s][info][gc,phases      ] GC(235) Marking Phase 337.885ms
[51.069s][info][gc,phases,start] GC(235) Summary Phase
[51.069s][info][gc,phases      ] GC(235) Summary Phase 0.028ms
[51.069s][info][gc,phases,start] GC(235) Adjust Roots
[51.069s][info][gc,phases      ] GC(235) Adjust Roots 0.182ms
[51.069s][info][gc,phases,start] GC(235) Compaction Phase
[51.215s][info][gc,phases      ] GC(235) Compaction Phase 146.245ms
[51.215s][info][gc,phases,start] GC(235) Post Compact
[51.218s][info][gc,phases      ] GC(235) Post Compact 2.738ms
[51.218s][info][gc,heap        ] GC(235) PSYoungGen: 69595K(113152K)->69595K(113152K) Eden: 30719K(30720K)->30719K(30720K) From: 38875K(82432K)->38875K(82432K)
[51.218s][info][gc,heap        ] GC(235) ParOldGen: 1433599K(1433600K)->1433599K(1433600K)
[51.218s][info][gc,metaspace   ] GC(235) Metaspace: 6297K(6464K)->6297K(6464K) NonClass: 5764K(5824K)->5764K(5824K) Class: 533K(640K)->533K(640K)
[51.218s][info][gc             ] GC(235) Pause Full (Ergonomics) 1467M->1467M(1510M) 487.458ms
[51.218s][info][gc,cpu         ] GC(235) User=3.41s Sys=0.00s Real=0.49s
[51.218s][info][gc,start       ] GC(236) Pause Full (Allocation Failure)
[51.219s][info][gc,phases,start] GC(236) Marking Phase
[51.562s][info][gc,phases      ] GC(236) Marking Phase 343.604ms
[51.562s][info][gc,phases,start] GC(236) Summary Phase
[51.562s][info][gc,phases      ] GC(236) Summary Phase 0.030ms
[51.562s][info][gc,phases,start] GC(236) Adjust Roots
[51.563s][info][gc,phases      ] GC(236) Adjust Roots 0.383ms
[51.563s][info][gc,phases,start] GC(236) Compaction Phase
[51.937s][info][gc,phases      ] GC(236) Compaction Phase 373.982ms
[51.937s][info][gc,phases,start] GC(236) Post Compact
[51.940s][info][gc,phases      ] GC(236) Post Compact 2.870ms
[51.940s][info][gc,heap        ] GC(236) PSYoungGen: 69595K(113152K)->69595K(113152K) Eden: 30719K(30720K)->30719K(30720K) From: 38875K(82432K)->38875K(82432K)
[51.940s][info][gc,heap        ] GC(236) ParOldGen: 1433599K(1433600K)->1433595K(1433600K)
[51.940s][info][gc,metaspace   ] GC(236) Metaspace: 6297K(6464K)->6295K(6464K) NonClass: 5764K(5824K)->5763K(5824K) Class: 533K(640K)->532K(640K)
[51.940s][info][gc             ] GC(236) Pause Full (Allocation Failure) 1467M->1467M(1510M) 721.227ms
[51.940s][info][gc,cpu         ] GC(236) User=5.36s Sys=0.00s Real=0.72s
[51.940s][info][gc,start       ] GC(237) Pause Full (Ergonomics)
[51.940s][info][gc,phases,start] GC(237) Marking Phase
[52.280s][info][gc,phases      ] GC(237) Marking Phase 339.511ms
[52.280s][info][gc,phases,start] GC(237) Summary Phase
[52.280s][info][gc,phases      ] GC(237) Summary Phase 0.028ms
[52.280s][info][gc,phases,start] GC(237) Adjust Roots
[52.280s][info][gc,phases      ] GC(237) Adjust Roots 0.158ms
[52.280s][info][gc,phases,start] GC(237) Compaction Phase
[52.408s][info][gc,phases      ] GC(237) Compaction Phase 127.742ms
[52.408s][info][gc,phases,start] GC(237) Post Compact
[52.411s][info][gc,phases      ] GC(237) Post Compact 2.914ms
[52.411s][info][gc,heap        ] GC(237) PSYoungGen: 69595K(113152K)->69595K(113152K) Eden: 30719K(30720K)->30719K(30720K) From: 38875K(82432K)->38875K(82432K)
[52.411s][info][gc,heap        ] GC(237) ParOldGen: 1433598K(1433600K)->1433598K(1433600K)
[52.411s][info][gc,metaspace   ] GC(237) Metaspace: 6295K(6464K)->6295K(6464K) NonClass: 5763K(5824K)->5763K(5824K) Class: 532K(640K)->532K(640K)
[52.411s][info][gc             ] GC(237) Pause Full (Ergonomics) 1467M->1467M(1510M) 470.713ms
[52.411s][info][gc,cpu         ] GC(237) User=3.42s Sys=0.00s Real=0.47s
[52.411s][info][gc,start       ] GC(238) Pause Full (Ergonomics)
[52.411s][info][gc,phases,start] GC(238) Marking Phase
[52.751s][info][gc,phases      ] GC(238) Marking Phase 339.654ms
[52.751s][info][gc,phases,start] GC(238) Summary Phase
[52.751s][info][gc,phases      ] GC(238) Summary Phase 0.028ms
[52.751s][info][gc,phases,start] GC(238) Adjust Roots
[52.751s][info][gc,phases      ] GC(238) Adjust Roots 0.181ms
[52.751s][info][gc,phases,start] GC(238) Compaction Phase
[52.884s][info][gc,phases      ] GC(238) Compaction Phase 132.549ms
[52.884s][info][gc,phases,start] GC(238) Post Compact
[52.887s][info][gc,phases      ] GC(238) Post Compact 3.005ms
[52.887s][info][gc,heap        ] GC(238) PSYoungGen: 69595K(113152K)->69595K(113152K) Eden: 30719K(30720K)->30719K(30720K) From: 38875K(82432K)->38875K(82432K)
[52.887s][info][gc,heap        ] GC(238) ParOldGen: 1433599K(1433600K)->1433599K(1433600K)
[52.887s][info][gc,metaspace   ] GC(238) Metaspace: 6295K(6464K)->6295K(6464K) NonClass: 5763K(5824K)->5763K(5824K) Class: 532K(640K)->532K(640K)
[52.887s][info][gc             ] GC(238) Pause Full (Ergonomics) 1467M->1467M(1510M) 475.804ms
[52.887s][info][gc,cpu         ] GC(238) User=3.30s Sys=0.00s Real=0.48s
[52.887s][info][gc,start       ] GC(239) Pause Full (Allocation Failure)
[52.887s][info][gc,phases,start] GC(239) Marking Phase
[53.223s][info][gc,phases      ] GC(239) Marking Phase 335.972ms
[53.223s][info][gc,phases,start] GC(239) Summary Phase
[53.223s][info][gc,phases      ] GC(239) Summary Phase 0.027ms
[53.223s][info][gc,phases,start] GC(239) Adjust Roots
[53.224s][info][gc,phases      ] GC(239) Adjust Roots 0.161ms
[53.224s][info][gc,phases,start] GC(239) Compaction Phase
[53.359s][info][gc,phases      ] GC(239) Compaction Phase 135.289ms
[53.359s][info][gc,phases,start] GC(239) Post Compact
[53.362s][info][gc,phases      ] GC(239) Post Compact 2.657ms
[53.362s][info][gc,heap        ] GC(239) PSYoungGen: 69595K(113152K)->69595K(113152K) Eden: 30719K(30720K)->30719K(30720K) From: 38875K(82432K)->38875K(82432K)
[53.362s][info][gc,heap        ] GC(239) ParOldGen: 1433599K(1433600K)->1433599K(1433600K)
[53.362s][info][gc,metaspace   ] GC(239) Metaspace: 6295K(6464K)->6295K(6464K) NonClass: 5763K(5824K)->5763K(5824K) Class: 532K(640K)->532K(640K)
[53.362s][info][gc             ] GC(239) Pause Full (Allocation Failure) 1467M->1467M(1510M) 474.436ms
[53.362s][info][gc,cpu         ] GC(239) User=3.25s Sys=0.00s Real=0.47s
[53.362s][info][gc,start       ] GC(240) Pause Full (Ergonomics)
[53.362s][info][gc,phases,start] GC(240) Marking Phase
[53.696s][info][gc,phases      ] GC(240) Marking Phase 334.051ms
[53.696s][info][gc,phases,start] GC(240) Summary Phase
[53.696s][info][gc,phases      ] GC(240) Summary Phase 0.028ms
[53.696s][info][gc,phases,start] GC(240) Adjust Roots
[53.697s][info][gc,phases      ] GC(240) Adjust Roots 0.317ms
[53.697s][info][gc,phases,start] GC(240) Compaction Phase
[54.073s][info][gc,phases      ] GC(240) Compaction Phase 375.829ms
[54.073s][info][gc,phases,start] GC(240) Post Compact
[54.076s][info][gc,phases      ] GC(240) Post Compact 2.878ms
[54.076s][info][gc,heap        ] GC(240) PSYoungGen: 69595K(113152K)->69595K(113152K) Eden: 30719K(30720K)->30719K(30720K) From: 38875K(82432K)->38875K(82432K)
[54.076s][info][gc,heap        ] GC(240) ParOldGen: 1433599K(1433600K)->1433598K(1433600K)
[54.076s][info][gc,metaspace   ] GC(240) Metaspace: 6295K(6464K)->6295K(6464K) NonClass: 5763K(5824K)->5763K(5824K) Class: 532K(640K)->532K(640K)
[54.076s][info][gc             ] GC(240) Pause Full (Ergonomics) 1467M->1467M(1510M) 713.455ms
[54.076s][info][gc,cpu         ] GC(240) User=5.12s Sys=0.02s Real=0.71s
[54.077s][info][gc,start       ] GC(241) Pause Full (Ergonomics)
[54.077s][info][gc,phases,start] GC(241) Marking Phase
[54.416s][info][gc,phases      ] GC(241) Marking Phase 338.994ms
[54.416s][info][gc,phases,start] GC(241) Summary Phase
[54.416s][info][gc,phases      ] GC(241) Summary Phase 0.028ms
[54.416s][info][gc,phases,start] GC(241) Adjust Roots
[54.416s][info][gc,phases      ] GC(241) Adjust Roots 0.273ms
[54.416s][info][gc,phases,start] GC(241) Compaction Phase
[54.798s][info][gc,phases      ] GC(241) Compaction Phase 381.254ms
[54.798s][info][gc,phases,start] GC(241) Post Compact
[54.801s][info][gc,phases      ] GC(241) Post Compact 2.992ms
[54.801s][info][gc,heap        ] GC(241) PSYoungGen: 69595K(113152K)->69595K(113152K) Eden: 30719K(30720K)->30719K(30720K) From: 38875K(82432K)->38875K(82432K)
[54.801s][info][gc,heap        ] GC(241) ParOldGen: 1433599K(1433600K)->1433597K(1433600K)
[54.801s][info][gc,metaspace   ] GC(241) Metaspace: 6297K(6464K)->6297K(6464K) NonClass: 5763K(5824K)->5763K(5824K) Class: 533K(640K)->533K(640K)
[54.801s][info][gc             ] GC(241) Pause Full (Ergonomics) 1467M->1467M(1510M) 723.953ms
[54.801s][info][gc,cpu         ] GC(241) User=5.42s Sys=0.00s Real=0.72s
[54.801s][info][gc,heap,exit   ] Heap
[54.801s][info][gc,heap,exit   ]  PSYoungGen      total 113152K, used 69595K [0x00000007d4400000, 0x00000007e0880000, 0x0000000800000000)
[54.801s][info][gc,heap,exit   ]   eden space 30720K, 99% used [0x00000007d4400000,0x00000007d61ffff8,0x00000007d6200000)
[54.801s][info][gc,heap,exit   ]   from space 82432K, 47% used [0x00000007d6200000,0x00000007d87f6e70,0x00000007db280000)
[54.801s][info][gc,heap,exit   ]   to   space 83456K, 0% used [0x00000007db700000,0x00000007db700000,0x00000007e0880000)
[54.801s][info][gc,heap,exit   ]  ParOldGen       total 1433600K, used 1433597K [0x000000077cc00000, 0x00000007d4400000, 0x00000007d4400000)
[54.801s][info][gc,heap,exit   ]   object space 1433600K, 99% used [0x000000077cc00000,0x00000007d43ff790,0x00000007d4400000)
[54.801s][info][gc,heap,exit   ]  Metaspace       used 6300K, committed 6464K, reserved 1114112K
[54.802s][info][gc,heap,exit   ]   class space    used 534K, committed 640K, reserved 1048576K
