[0.013s][info][gc,init] CardTable entry size: 512
[0.013s][info][gc     ] Using Parallel
[0.014s][info][gc,init] Version: 18.0.1+10 (release)
[0.014s][info][gc,init] CPUs: 8 total, 8 available
[0.014s][info][gc,init] Memory: 16063M
[0.014s][info][gc,init] Large Page Support: Disabled
[0.014s][info][gc,init] NUMA Support: Disabled
[0.014s][info][gc,init] Compressed Oops: Enabled (Zero based)
[0.014s][info][gc,init] Alignments: Space 512K, Generation 512K, Heap 2M
[0.014s][info][gc,init] Heap Min Capacity: 2M
[0.014s][info][gc,init] Heap Initial Capacity: 2M
[0.014s][info][gc,init] Heap Max Capacity: 9700M
[0.014s][info][gc,init] Pre-touch: Disabled
[0.014s][info][gc,init] Parallel Workers: 8
[0.015s][info][gc,metaspace] CDS archive(s) not mapped
[0.015s][info][gc,metaspace] Compressed class space mapped at: 0x0000000800000000-0x0000000840000000, reserved size: 1073741824
[0.015s][info][gc,metaspace] Narrow klass base: 0x0000000800000000, Narrow klass shift: 0, Narrow klass range: 0x40000000
[0.109s][info][gc,start    ] GC(0) Pause Young (Allocation Failure)
[0.110s][info][gc,heap     ] GC(0) PSYoungGen: 512K(1024K)->480K(1024K) Eden: 512K(512K)->0K(512K) From: 0K(512K)->480K(512K)
[0.110s][info][gc,heap     ] GC(0) ParOldGen: 0K(512K)->8K(512K)
[0.110s][info][gc,metaspace] GC(0) Metaspace: 4229K(4352K)->4229K(4352K) NonClass: 3908K(3968K)->3908K(3968K) Class: 321K(384K)->321K(384K)
[0.110s][info][gc          ] GC(0) Pause Young (Allocation Failure) 0M->0M(1M) 1.408ms
[0.110s][info][gc,cpu      ] GC(0) User=0.00s Sys=0.00s Real=0.00s
[0.171s][info][gc,start    ] GC(1) Pause Young (Allocation Failure)
[0.172s][info][gc,heap     ] GC(1) PSYoungGen: 991K(1024K)->512K(1536K) Eden: 511K(512K)->0K(1024K) From: 480K(512K)->512K(512K)
[0.172s][info][gc,heap     ] GC(1) ParOldGen: 8K(512K)->80K(512K)
[0.172s][info][gc,metaspace] GC(1) Metaspace: 5877K(6016K)->5877K(6016K) NonClass: 5381K(5504K)->5381K(5504K) Class: 496K(512K)->496K(512K)
[0.172s][info][gc          ] GC(1) Pause Young (Allocation Failure) 0M->0M(2M) 0.903ms
[0.172s][info][gc,cpu      ] GC(1) User=0.00s Sys=0.00s Real=0.00s
[0.192s][info][gc,start    ] GC(2) Pause Young (Allocation Failure)
[0.193s][info][gc,heap     ] GC(2) PSYoungGen: 1536K(1536K)->512K(1536K) Eden: 1024K(1024K)->0K(1024K) From: 512K(512K)->512K(512K)
[0.193s][info][gc,heap     ] GC(2) ParOldGen: 80K(512K)->504K(512K)
[0.193s][info][gc,metaspace] GC(2) Metaspace: 6296K(6464K)->6296K(6464K) NonClass: 5762K(5824K)->5762K(5824K) Class: 533K(640K)->533K(640K)
[0.193s][info][gc          ] GC(2) Pause Young (Allocation Failure) 1M->0M(2M) 1.132ms
[0.193s][info][gc,cpu      ] GC(2) User=0.00s Sys=0.00s Real=0.00s
[0.194s][info][gc,start    ] GC(3) Pause Full (Ergonomics)
[0.194s][info][gc,phases,start] GC(3) Marking Phase
[0.194s][info][gc,phases      ] GC(3) Marking Phase 0.900ms
[0.194s][info][gc,phases,start] GC(3) Summary Phase
[0.195s][info][gc,phases      ] GC(3) Summary Phase 0.015ms
[0.195s][info][gc,phases,start] GC(3) Adjust Roots
[0.195s][info][gc,phases      ] GC(3) Adjust Roots 0.360ms
[0.195s][info][gc,phases,start] GC(3) Compaction Phase
[0.197s][info][gc,phases      ] GC(3) Compaction Phase 1.722ms
[0.197s][info][gc,phases,start] GC(3) Post Compact
[0.197s][info][gc,phases      ] GC(3) Post Compact 0.081ms
[0.197s][info][gc,heap        ] GC(3) PSYoungGen: 512K(1536K)->507K(1536K) Eden: 0K(1024K)->0K(1024K) From: 512K(512K)->507K(512K)
[0.197s][info][gc,heap        ] GC(3) ParOldGen: 504K(512K)->473K(2048K)
[0.197s][info][gc,metaspace   ] GC(3) Metaspace: 6296K(6464K)->6296K(6464K) NonClass: 5762K(5824K)->5762K(5824K) Class: 533K(640K)->533K(640K)
[0.197s][info][gc             ] GC(3) Pause Full (Ergonomics) 0M->0M(3M) 3.351ms
[0.197s][info][gc,cpu         ] GC(3) User=0.00s Sys=0.00s Real=0.00s
[0.199s][info][gc,start       ] GC(4) Pause Young (Allocation Failure)
[0.200s][info][gc,heap        ] GC(4) PSYoungGen: 1531K(1536K)->480K(2560K) Eden: 1024K(1024K)->0K(2048K) From: 507K(512K)->480K(512K)
[0.200s][info][gc,heap        ] GC(4) ParOldGen: 473K(2048K)->1033K(2048K)
[0.200s][info][gc,metaspace   ] GC(4) Metaspace: 6296K(6464K)->6296K(6464K) NonClass: 5762K(5824K)->5762K(5824K) Class: 533K(640K)->533K(640K)
[0.200s][info][gc             ] GC(4) Pause Young (Allocation Failure) 1M->1M(4M) 1.532ms
[0.200s][info][gc,cpu         ] GC(4) User=0.00s Sys=0.00s Real=0.00s
[0.204s][info][gc,start       ] GC(5) Pause Young (Allocation Failure)
[0.205s][info][gc,heap        ] GC(5) PSYoungGen: 2528K(2560K)->480K(2560K) Eden: 2048K(2048K)->0K(2048K) From: 480K(512K)->480K(512K)
[0.205s][info][gc,heap        ] GC(5) ParOldGen: 1033K(2048K)->2097K(2560K)
[0.205s][info][gc,metaspace   ] GC(5) Metaspace: 6296K(6464K)->6296K(6464K) NonClass: 5762K(5824K)->5762K(5824K) Class: 533K(640K)->533K(640K)
[0.205s][info][gc             ] GC(5) Pause Young (Allocation Failure) 3M->2M(5M) 1.860ms
[0.205s][info][gc,cpu         ] GC(5) User=0.00s Sys=0.00s Real=0.00s
[0.205s][info][gc,start       ] GC(6) Pause Full (Ergonomics)
[0.205s][info][gc,phases,start] GC(6) Marking Phase
[0.207s][info][gc,phases      ] GC(6) Marking Phase 1.417ms
[0.207s][info][gc,phases,start] GC(6) Summary Phase
[0.207s][info][gc,phases      ] GC(6) Summary Phase 0.015ms
[0.207s][info][gc,phases,start] GC(6) Adjust Roots
[0.207s][info][gc,phases      ] GC(6) Adjust Roots 0.304ms
[0.207s][info][gc,phases,start] GC(6) Compaction Phase
[0.209s][info][gc,phases      ] GC(6) Compaction Phase 2.011ms
[0.209s][info][gc,phases,start] GC(6) Post Compact
[0.209s][info][gc,phases      ] GC(6) Post Compact 0.031ms
[0.210s][info][gc,heap        ] GC(6) PSYoungGen: 480K(2560K)->0K(4096K) Eden: 0K(2048K)->0K(3072K) From: 480K(512K)->0K(1024K)
[0.210s][info][gc,heap        ] GC(6) ParOldGen: 2097K(2560K)->2542K(6144K)
[0.210s][info][gc,metaspace   ] GC(6) Metaspace: 6296K(6464K)->6296K(6464K) NonClass: 5762K(5824K)->5762K(5824K) Class: 533K(640K)->533K(640K)
[0.210s][info][gc             ] GC(6) Pause Full (Ergonomics) 2M->2M(10M) 4.131ms
[0.210s][info][gc,cpu         ] GC(6) User=0.00s Sys=0.00s Real=0.00s
[0.214s][info][gc,start       ] GC(7) Pause Young (Allocation Failure)
[0.216s][info][gc,heap        ] GC(7) PSYoungGen: 3072K(4096K)->1696K(5120K) Eden: 3072K(3072K)->0K(3072K) From: 0K(1024K)->1696K(2048K)
[0.216s][info][gc,heap        ] GC(7) ParOldGen: 2542K(6144K)->2542K(6144K)
[0.216s][info][gc,metaspace   ] GC(7) Metaspace: 6296K(6464K)->6296K(6464K) NonClass: 5762K(5824K)->5762K(5824K) Class: 533K(640K)->533K(640K)
[0.216s][info][gc             ] GC(7) Pause Young (Allocation Failure) 5M->4M(11M) 1.854ms
[0.216s][info][gc,cpu         ] GC(7) User=0.02s Sys=0.00s Real=0.00s
[0.220s][info][gc,start       ] GC(8) Pause Young (Allocation Failure)
[0.223s][info][gc,heap        ] GC(8) PSYoungGen: 4768K(5120K)->2016K(5632K) Eden: 3072K(3072K)->0K(3584K) From: 1696K(2048K)->2016K(2048K)
[0.223s][info][gc,heap        ] GC(8) ParOldGen: 2542K(6144K)->3774K(6144K)
[0.223s][info][gc,metaspace   ] GC(8) Metaspace: 6296K(6464K)->6296K(6464K) NonClass: 5762K(5824K)->5762K(5824K) Class: 533K(640K)->533K(640K)
[0.223s][info][gc             ] GC(8) Pause Young (Allocation Failure) 7M->5M(11M) 2.975ms
[0.223s][info][gc,cpu         ] GC(8) User=0.00s Sys=0.00s Real=0.00s
[0.229s][info][gc,start       ] GC(9) Pause Young (Allocation Failure)
[0.233s][info][gc,heap        ] GC(9) PSYoungGen: 5600K(5632K)->3040K(6656K) Eden: 3584K(3584K)->0K(3584K) From: 2016K(2048K)->3040K(3072K)
[0.233s][info][gc,heap        ] GC(9) ParOldGen: 3774K(6144K)->4606K(6144K)
[0.233s][info][gc,metaspace   ] GC(9) Metaspace: 6296K(6464K)->6296K(6464K) NonClass: 5762K(5824K)->5762K(5824K) Class: 533K(640K)->533K(640K)
[0.233s][info][gc             ] GC(9) Pause Young (Allocation Failure) 9M->7M(12M) 4.443ms
[0.233s][info][gc,cpu         ] GC(9) User=0.00s Sys=0.00s Real=0.01s
[0.237s][info][gc,start       ] GC(10) Pause Young (Allocation Failure)
[0.241s][info][gc,heap        ] GC(10) PSYoungGen: 6624K(6656K)->4064K(9216K) Eden: 3584K(3584K)->0K(5120K) From: 3040K(3072K)->4064K(4096K)
[0.241s][info][gc,heap        ] GC(10) ParOldGen: 4606K(6144K)->5446K(6144K)
[0.241s][info][gc,metaspace   ] GC(10) Metaspace: 6296K(6464K)->6296K(6464K) NonClass: 5762K(5824K)->5762K(5824K) Class: 533K(640K)->533K(640K)
[0.241s][info][gc             ] GC(10) Pause Young (Allocation Failure) 10M->9M(15M) 3.941ms
[0.241s][info][gc,cpu         ] GC(10) User=0.00s Sys=0.00s Real=0.00s
[0.241s][info][gc,start       ] GC(11) Pause Full (Ergonomics)
[0.241s][info][gc,phases,start] GC(11) Marking Phase
[0.246s][info][gc,phases      ] GC(11) Marking Phase 4.800ms
[0.246s][info][gc,phases,start] GC(11) Summary Phase
[0.246s][info][gc,phases      ] GC(11) Summary Phase 0.017ms
[0.246s][info][gc,phases,start] GC(11) Adjust Roots
[0.247s][info][gc,phases      ] GC(11) Adjust Roots 0.375ms
[0.247s][info][gc,phases,start] GC(11) Compaction Phase
[0.253s][info][gc,phases      ] GC(11) Compaction Phase 6.085ms
[0.253s][info][gc,phases,start] GC(11) Post Compact
[0.253s][info][gc,phases      ] GC(11) Post Compact 0.057ms
[0.253s][info][gc,heap        ] GC(11) PSYoungGen: 4064K(9216K)->3545K(9216K) Eden: 0K(5120K)->0K(5120K) From: 4064K(4096K)->3545K(4096K)
[0.253s][info][gc,heap        ] GC(11) ParOldGen: 5446K(6144K)->5831K(10752K)
[0.253s][info][gc,metaspace   ] GC(11) Metaspace: 6296K(6464K)->6296K(6464K) NonClass: 5762K(5824K)->5762K(5824K) Class: 533K(640K)->533K(640K)
[0.253s][info][gc             ] GC(11) Pause Full (Ergonomics) 9M->9M(19M) 11.662ms
[0.253s][info][gc,cpu         ] GC(11) User=0.02s Sys=0.00s Real=0.01s
[0.260s][info][gc,start       ] GC(12) Pause Young (Allocation Failure)
[0.265s][info][gc,heap        ] GC(12) PSYoungGen: 8665K(9216K)->5088K(10240K) Eden: 5120K(5120K)->0K(5120K) From: 3545K(4096K)->5088K(5120K)
[0.265s][info][gc,heap        ] GC(12) ParOldGen: 5831K(10752K)->6951K(10752K)
[0.265s][info][gc,metaspace   ] GC(12) Metaspace: 6296K(6464K)->6296K(6464K) NonClass: 5762K(5824K)->5762K(5824K) Class: 533K(640K)->533K(640K)
[0.265s][info][gc             ] GC(12) Pause Young (Allocation Failure) 14M->11M(20M) 4.544ms
[0.265s][info][gc,cpu         ] GC(12) User=0.02s Sys=0.00s Real=0.00s
[0.269s][info][gc,start       ] GC(13) Pause Young (Allocation Failure)
[0.275s][info][gc,heap        ] GC(13) PSYoungGen: 10208K(10240K)->6464K(12800K) Eden: 5120K(5120K)->0K(6144K) From: 5088K(5120K)->6464K(6656K)
[0.275s][info][gc,heap        ] GC(13) ParOldGen: 6951K(10752K)->8239K(10752K)
[0.275s][info][gc,metaspace   ] GC(13) Metaspace: 6298K(6464K)->6298K(6464K) NonClass: 5764K(5824K)->5764K(5824K) Class: 533K(640K)->533K(640K)
[0.275s][info][gc             ] GC(13) Pause Young (Allocation Failure) 16M->14M(23M) 5.672ms
[0.275s][info][gc,cpu         ] GC(13) User=0.00s Sys=0.00s Real=0.01s
[0.279s][info][gc,start       ] GC(14) Pause Young (Allocation Failure)
[0.285s][info][gc,heap        ] GC(14) PSYoungGen: 12608K(12800K)->5792K(13824K) Eden: 6144K(6144K)->0K(6144K) From: 6464K(6656K)->5792K(7680K)
[0.285s][info][gc,heap        ] GC(14) ParOldGen: 8239K(10752K)->12111K(12288K)
[0.285s][info][gc,metaspace   ] GC(14) Metaspace: 6298K(6464K)->6298K(6464K) NonClass: 5764K(5824K)->5764K(5824K) Class: 533K(640K)->533K(640K)
[0.286s][info][gc             ] GC(14) Pause Young (Allocation Failure) 20M->17M(25M) 6.243ms
[0.286s][info][gc,cpu         ] GC(14) User=0.00s Sys=0.00s Real=0.01s
[0.286s][info][gc,start       ] GC(15) Pause Full (Ergonomics)
[0.286s][info][gc,phases,start] GC(15) Marking Phase
[0.293s][info][gc,phases      ] GC(15) Marking Phase 7.477ms
[0.293s][info][gc,phases,start] GC(15) Summary Phase
[0.293s][info][gc,phases      ] GC(15) Summary Phase 0.015ms
[0.293s][info][gc,phases,start] GC(15) Adjust Roots
[0.293s][info][gc,phases      ] GC(15) Adjust Roots 0.229ms
[0.293s][info][gc,phases,start] GC(15) Compaction Phase
[0.300s][info][gc,phases      ] GC(15) Compaction Phase 6.699ms
[0.300s][info][gc,phases,start] GC(15) Post Compact
[0.300s][info][gc,phases      ] GC(15) Post Compact 0.076ms
[0.300s][info][gc,heap        ] GC(15) PSYoungGen: 5792K(13824K)->5758K(13824K) Eden: 0K(6144K)->0K(6144K) From: 5792K(7680K)->5758K(7680K)
[0.301s][info][gc,heap        ] GC(15) ParOldGen: 12111K(12288K)->12006K(18944K)
[0.301s][info][gc,metaspace   ] GC(15) Metaspace: 6298K(6464K)->6298K(6464K) NonClass: 5764K(5824K)->5764K(5824K) Class: 533K(640K)->533K(640K)
[0.301s][info][gc             ] GC(15) Pause Full (Ergonomics) 17M->17M(32M) 14.972ms
[0.301s][info][gc,cpu         ] GC(15) User=0.00s Sys=0.00s Real=0.01s
[0.305s][info][gc,start       ] GC(16) Pause Young (Allocation Failure)
[0.312s][info][gc,heap        ] GC(16) PSYoungGen: 11902K(13824K)->3200K(15360K) Eden: 6144K(6144K)->0K(8704K) From: 5758K(7680K)->3200K(6656K)
[0.312s][info][gc,heap        ] GC(16) ParOldGen: 12006K(18944K)->17862K(18944K)
[0.312s][info][gc,metaspace   ] GC(16) Metaspace: 6298K(6464K)->6298K(6464K) NonClass: 5764K(5824K)->5764K(5824K) Class: 533K(640K)->533K(640K)
[0.312s][info][gc             ] GC(16) Pause Young (Allocation Failure) 23M->20M(33M) 7.327ms
[0.312s][info][gc,cpu         ] GC(16) User=0.02s Sys=0.00s Real=0.01s
[0.312s][info][gc,start       ] GC(17) Pause Full (Ergonomics)
[0.312s][info][gc,phases,start] GC(17) Marking Phase
[0.321s][info][gc,phases      ] GC(17) Marking Phase 8.906ms
[0.321s][info][gc,phases,start] GC(17) Summary Phase
[0.321s][info][gc,phases      ] GC(17) Summary Phase 0.018ms
[0.321s][info][gc,phases,start] GC(17) Adjust Roots
[0.321s][info][gc,phases      ] GC(17) Adjust Roots 0.240ms
[0.321s][info][gc,phases,start] GC(17) Compaction Phase
[0.327s][info][gc,phases      ] GC(17) Compaction Phase 5.819ms
[0.327s][info][gc,phases,start] GC(17) Post Compact
[0.327s][info][gc,phases      ] GC(17) Post Compact 0.175ms
[0.327s][info][gc,heap        ] GC(17) PSYoungGen: 3200K(15360K)->2146K(16384K) Eden: 0K(8704K)->0K(9728K) From: 3200K(6656K)->2146K(6656K)
[0.327s][info][gc,heap        ] GC(17) ParOldGen: 17862K(18944K)->18786K(28672K)
[0.327s][info][gc,metaspace   ] GC(17) Metaspace: 6298K(6464K)->6298K(6464K) NonClass: 5764K(5824K)->5764K(5824K) Class: 533K(640K)->533K(640K)
[0.327s][info][gc             ] GC(17) Pause Full (Ergonomics) 20M->20M(44M) 15.523ms
[0.327s][info][gc,cpu         ] GC(17) User=0.00s Sys=0.00s Real=0.02s
[0.336s][info][gc,start       ] GC(18) Pause Young (Allocation Failure)
[0.343s][info][gc,heap        ] GC(18) PSYoungGen: 11874K(16384K)->5568K(17408K) Eden: 9728K(9728K)->0K(9728K) From: 2146K(6656K)->5568K(7680K)
[0.343s][info][gc,heap        ] GC(18) ParOldGen: 18786K(28672K)->20970K(28672K)
[0.343s][info][gc,metaspace   ] GC(18) Metaspace: 6298K(6464K)->6298K(6464K) NonClass: 5764K(5824K)->5764K(5824K) Class: 533K(640K)->533K(640K)
[0.343s][info][gc             ] GC(18) Pause Young (Allocation Failure) 29M->25M(45M) 6.818ms
[0.343s][info][gc,cpu         ] GC(18) User=0.02s Sys=0.00s Real=0.01s
[0.348s][info][gc,start       ] GC(19) Pause Young (Allocation Failure)
[0.357s][info][gc,heap        ] GC(19) PSYoungGen: 15296K(17408K)->5056K(21504K) Eden: 9728K(9728K)->0K(13312K) From: 5568K(7680K)->5056K(8192K)
[0.357s][info][gc,heap        ] GC(19) ParOldGen: 20970K(28672K)->26570K(28672K)
[0.357s][info][gc,metaspace   ] GC(19) Metaspace: 6298K(6464K)->6298K(6464K) NonClass: 5764K(5824K)->5764K(5824K) Class: 533K(640K)->533K(640K)
[0.357s][info][gc             ] GC(19) Pause Young (Allocation Failure) 35M->30M(49M) 9.030ms
[0.357s][info][gc,cpu         ] GC(19) User=0.02s Sys=0.00s Real=0.01s
[0.358s][info][gc,start       ] GC(20) Pause Full (Ergonomics)
[0.358s][info][gc,phases,start] GC(20) Marking Phase
[0.371s][info][gc,phases      ] GC(20) Marking Phase 13.094ms
[0.371s][info][gc,phases,start] GC(20) Summary Phase
[0.371s][info][gc,phases      ] GC(20) Summary Phase 0.015ms
[0.371s][info][gc,phases,start] GC(20) Adjust Roots
[0.371s][info][gc,phases      ] GC(20) Adjust Roots 0.183ms
[0.371s][info][gc,phases,start] GC(20) Compaction Phase
[0.381s][info][gc,phases      ] GC(20) Compaction Phase 10.239ms
[0.381s][info][gc,phases,start] GC(20) Post Compact
[0.381s][info][gc,phases      ] GC(20) Post Compact 0.127ms
[0.381s][info][gc,heap        ] GC(20) PSYoungGen: 5056K(21504K)->2471K(21504K) Eden: 0K(13312K)->0K(13312K) From: 5056K(8192K)->2471K(8192K)
[0.381s][info][gc,heap        ] GC(20) ParOldGen: 26570K(28672K)->28497K(40448K)
[0.381s][info][gc,metaspace   ] GC(20) Metaspace: 6298K(6464K)->6298K(6464K) NonClass: 5764K(5824K)->5764K(5824K) Class: 533K(640K)->533K(640K)
[0.382s][info][gc             ] GC(20) Pause Full (Ergonomics) 30M->30M(60M) 23.997ms
[0.382s][info][gc,cpu         ] GC(20) User=0.02s Sys=0.00s Real=0.03s
[0.393s][info][gc,start       ] GC(21) Pause Young (Allocation Failure)
[0.405s][info][gc,heap        ] GC(21) PSYoungGen: 15783K(21504K)->8192K(21504K) Eden: 13312K(13312K)->0K(13312K) From: 2471K(8192K)->8192K(8192K)
[0.405s][info][gc,heap        ] GC(21) ParOldGen: 28497K(40448K)->34193K(40448K)
[0.405s][info][gc,metaspace   ] GC(21) Metaspace: 6298K(6464K)->6298K(6464K) NonClass: 5764K(5824K)->5764K(5824K) Class: 533K(640K)->533K(640K)
[0.405s][info][gc             ] GC(21) Pause Young (Allocation Failure) 43M->41M(60M) 12.156ms
[0.405s][info][gc,cpu         ] GC(21) User=0.02s Sys=0.00s Real=0.01s
[0.405s][info][gc,start       ] GC(22) Pause Full (Ergonomics)
[0.405s][info][gc,phases,start] GC(22) Marking Phase
[0.421s][info][gc,phases      ] GC(22) Marking Phase 16.441ms
[0.421s][info][gc,phases,start] GC(22) Summary Phase
[0.421s][info][gc,phases      ] GC(22) Summary Phase 0.017ms
[0.421s][info][gc,phases,start] GC(22) Adjust Roots
[0.422s][info][gc,phases      ] GC(22) Adjust Roots 0.210ms
[0.422s][info][gc,phases,start] GC(22) Compaction Phase
[0.432s][info][gc,phases      ] GC(22) Compaction Phase 10.340ms
[0.432s][info][gc,phases,start] GC(22) Post Compact
[0.432s][info][gc,phases      ] GC(22) Post Compact 0.178ms
[0.432s][info][gc,heap        ] GC(22) PSYoungGen: 8192K(21504K)->2044K(21504K) Eden: 0K(13312K)->0K(13312K) From: 8192K(8192K)->2044K(8192K)
[0.432s][info][gc,heap        ] GC(22) ParOldGen: 34193K(40448K)->40233K(54784K)
[0.432s][info][gc,metaspace   ] GC(22) Metaspace: 6298K(6464K)->6298K(6464K) NonClass: 5764K(5824K)->5764K(5824K) Class: 533K(640K)->533K(640K)
[0.432s][info][gc             ] GC(22) Pause Full (Ergonomics) 41M->41M(74M) 27.544ms
[0.432s][info][gc,cpu         ] GC(22) User=0.03s Sys=0.00s Real=0.03s
[0.449s][info][gc,start       ] GC(23) Pause Young (Allocation Failure)
[0.463s][info][gc,heap        ] GC(23) PSYoungGen: 15356K(21504K)->11744K(25088K) Eden: 13312K(13312K)->0K(13312K) From: 2044K(8192K)->11744K(11776K)
[0.463s][info][gc,heap        ] GC(23) ParOldGen: 40233K(54784K)->43897K(54784K)
[0.463s][info][gc,metaspace   ] GC(23) Metaspace: 6298K(6464K)->6298K(6464K) NonClass: 5764K(5824K)->5764K(5824K) Class: 533K(640K)->533K(640K)
[0.463s][info][gc             ] GC(23) Pause Young (Allocation Failure) 54M->54M(78M) 14.021ms
[0.463s][info][gc,cpu         ] GC(23) User=0.00s Sys=0.00s Real=0.01s
[0.478s][info][gc,start       ] GC(24) Pause Young (Allocation Failure)
[0.494s][info][gc,heap        ] GC(24) PSYoungGen: 25056K(25088K)->13312K(28160K) Eden: 13312K(13312K)->0K(13312K) From: 11744K(11776K)->13312K(14848K)
[0.494s][info][gc,heap        ] GC(24) ParOldGen: 43897K(54784K)->55785K(55808K)
[0.494s][info][gc,metaspace   ] GC(24) Metaspace: 6298K(6464K)->6298K(6464K) NonClass: 5764K(5824K)->5764K(5824K) Class: 533K(640K)->533K(640K)
[0.494s][info][gc             ] GC(24) Pause Young (Allocation Failure) 67M->67M(82M) 15.879ms
[0.494s][info][gc,cpu         ] GC(24) User=0.02s Sys=0.00s Real=0.02s
[0.494s][info][gc,start       ] GC(25) Pause Full (Ergonomics)
[0.494s][info][gc,phases,start] GC(25) Marking Phase
[0.520s][info][gc,phases      ] GC(25) Marking Phase 25.878ms
[0.520s][info][gc,phases,start] GC(25) Summary Phase
[0.520s][info][gc,phases      ] GC(25) Summary Phase 0.015ms
[0.520s][info][gc,phases,start] GC(25) Adjust Roots
[0.520s][info][gc,phases      ] GC(25) Adjust Roots 0.167ms
[0.520s][info][gc,phases,start] GC(25) Compaction Phase
[0.540s][info][gc,phases      ] GC(25) Compaction Phase 19.773ms
[0.540s][info][gc,phases,start] GC(25) Post Compact
[0.540s][info][gc,phases      ] GC(25) Post Compact 0.216ms
[0.540s][info][gc,heap        ] GC(25) PSYoungGen: 13312K(28160K)->12254K(28160K) Eden: 0K(13312K)->0K(13312K) From: 13312K(14848K)->12254K(14848K)
[0.540s][info][gc,heap        ] GC(25) ParOldGen: 55785K(55808K)->55560K(74752K)
[0.540s][info][gc,metaspace   ] GC(25) Metaspace: 6298K(6464K)->6298K(6464K) NonClass: 5764K(5824K)->5764K(5824K) Class: 533K(640K)->533K(640K)
[0.540s][info][gc             ] GC(25) Pause Full (Ergonomics) 67M->66M(100M) 46.394ms
[0.540s][info][gc,cpu         ] GC(25) User=0.06s Sys=0.00s Real=0.05s
[0.553s][info][gc,start       ] GC(26) Pause Young (Allocation Failure)
[0.575s][info][gc,heap        ] GC(26) PSYoungGen: 25566K(28160K)->13344K(31744K) Eden: 13312K(13312K)->0K(14848K) From: 12254K(14848K)->13344K(16896K)
[0.575s][info][gc,heap        ] GC(26) ParOldGen: 55560K(74752K)->68016K(74752K)
[0.575s][info][gc,metaspace   ] GC(26) Metaspace: 6298K(6464K)->6298K(6464K) NonClass: 5764K(5824K)->5764K(5824K) Class: 533K(640K)->533K(640K)
[0.575s][info][gc             ] GC(26) Pause Young (Allocation Failure) 79M->79M(104M) 21.646ms
[0.575s][info][gc,cpu         ] GC(26) User=0.02s Sys=0.02s Real=0.02s
[0.575s][info][gc,start       ] GC(27) Pause Full (Ergonomics)
[0.575s][info][gc,phases,start] GC(27) Marking Phase
[0.607s][info][gc,phases      ] GC(27) Marking Phase 32.393ms
[0.607s][info][gc,phases,start] GC(27) Summary Phase
[0.607s][info][gc,phases      ] GC(27) Summary Phase 0.017ms
[0.607s][info][gc,phases,start] GC(27) Adjust Roots
[0.607s][info][gc,phases      ] GC(27) Adjust Roots 0.194ms
[0.607s][info][gc,phases,start] GC(27) Compaction Phase
[0.626s][info][gc,phases      ] GC(27) Compaction Phase 18.253ms
[0.626s][info][gc,phases,start] GC(27) Post Compact
[0.626s][info][gc,phases      ] GC(27) Post Compact 0.446ms
[0.626s][info][gc,heap        ] GC(27) PSYoungGen: 13344K(31744K)->6639K(31744K) Eden: 0K(14848K)->0K(14848K) From: 13344K(16896K)->6639K(16896K)
[0.626s][info][gc,heap        ] GC(27) ParOldGen: 68016K(74752K)->74458K(97792K)
[0.626s][info][gc,metaspace   ] GC(27) Metaspace: 6298K(6464K)->6298K(6464K) NonClass: 5764K(5824K)->5764K(5824K) Class: 533K(640K)->533K(640K)
[0.626s][info][gc             ] GC(27) Pause Full (Ergonomics) 79M->79M(126M) 51.737ms
[0.626s][info][gc,cpu         ] GC(27) User=0.09s Sys=0.00s Real=0.05s
[0.649s][info][gc,start       ] GC(28) Pause Young (Allocation Failure)
[0.662s][info][gc,heap        ] GC(28) PSYoungGen: 21487K(31744K)->18400K(33280K) Eden: 14848K(14848K)->0K(14848K) From: 6639K(16896K)->18400K(18432K)
[0.662s][info][gc,heap        ] GC(28) ParOldGen: 74458K(97792K)->77610K(97792K)
[0.662s][info][gc,metaspace   ] GC(28) Metaspace: 6298K(6464K)->6298K(6464K) NonClass: 5764K(5824K)->5764K(5824K) Class: 533K(640K)->533K(640K)
[0.662s][info][gc             ] GC(28) Pause Young (Allocation Failure) 93M->93M(128M) 13.523ms
[0.662s][info][gc,cpu         ] GC(28) User=0.02s Sys=0.00s Real=0.01s
[0.675s][info][gc,start       ] GC(29) Pause Young (Allocation Failure)
[0.692s][info][gc,heap        ] GC(29) PSYoungGen: 33248K(33280K)->14912K(38912K) Eden: 14848K(14848K)->0K(16384K) From: 18400K(18432K)->14912K(22528K)
[0.692s][info][gc,heap        ] GC(29) ParOldGen: 77610K(97792K)->96218K(97792K)
[0.692s][info][gc,metaspace   ] GC(29) Metaspace: 6298K(6464K)->6298K(6464K) NonClass: 5764K(5824K)->5764K(5824K) Class: 533K(640K)->533K(640K)
[0.692s][info][gc             ] GC(29) Pause Young (Allocation Failure) 108M->108M(133M) 16.703ms
[0.692s][info][gc,cpu         ] GC(29) User=0.05s Sys=0.00s Real=0.02s
[0.692s][info][gc,start       ] GC(30) Pause Full (Ergonomics)
[0.692s][info][gc,phases,start] GC(30) Marking Phase
[0.724s][info][gc,phases      ] GC(30) Marking Phase 31.863ms
[0.724s][info][gc,phases,start] GC(30) Summary Phase
[0.724s][info][gc,phases      ] GC(30) Summary Phase 0.015ms
[0.724s][info][gc,phases,start] GC(30) Adjust Roots
[0.724s][info][gc,phases      ] GC(30) Adjust Roots 0.149ms
[0.724s][info][gc,phases,start] GC(30) Compaction Phase
[0.749s][info][gc,phases      ] GC(30) Compaction Phase 24.983ms
[0.749s][info][gc,phases,start] GC(30) Post Compact
[0.750s][info][gc,phases      ] GC(30) Post Compact 0.416ms
[0.750s][info][gc,heap        ] GC(30) PSYoungGen: 14912K(38912K)->11239K(38912K) Eden: 0K(16384K)->0K(16384K) From: 14912K(22528K)->11239K(22528K)
[0.750s][info][gc,heap        ] GC(30) ParOldGen: 96218K(97792K)->97448K(126976K)
[0.750s][info][gc,metaspace   ] GC(30) Metaspace: 6298K(6464K)->6298K(6464K) NonClass: 5764K(5824K)->5764K(5824K) Class: 533K(640K)->533K(640K)
[0.750s][info][gc             ] GC(30) Pause Full (Ergonomics) 108M->106M(162M) 57.813ms
[0.750s][info][gc,cpu         ] GC(30) User=0.09s Sys=0.00s Real=0.06s
[0.767s][info][gc,start       ] GC(31) Pause Young (Allocation Failure)
[0.787s][info][gc,heap        ] GC(31) PSYoungGen: 27623K(38912K)->23552K(39936K) Eden: 16384K(16384K)->0K(16384K) From: 11239K(22528K)->23552K(23552K)
[0.787s][info][gc,heap        ] GC(31) ParOldGen: 97448K(126976K)->101608K(126976K)
[0.787s][info][gc,metaspace   ] GC(31) Metaspace: 6298K(6464K)->6298K(6464K) NonClass: 5764K(5824K)->5764K(5824K) Class: 533K(640K)->533K(640K)
[0.787s][info][gc             ] GC(31) Pause Young (Allocation Failure) 122M->122M(163M) 20.147ms
[0.787s][info][gc,cpu         ] GC(31) User=0.02s Sys=0.00s Real=0.02s
[0.803s][info][gc,start       ] GC(32) Pause Young (Allocation Failure)
[0.826s][info][gc,heap        ] GC(32) PSYoungGen: 39936K(39936K)->16448K(48640K) Eden: 16384K(16384K)->0K(19456K) From: 23552K(23552K)->16448K(29184K)
[0.826s][info][gc,heap        ] GC(32) ParOldGen: 101608K(126976K)->125496K(126976K)
[0.826s][info][gc,metaspace   ] GC(32) Metaspace: 6298K(6464K)->6298K(6464K) NonClass: 5764K(5824K)->5764K(5824K) Class: 533K(640K)->533K(640K)
[0.826s][info][gc             ] GC(32) Pause Young (Allocation Failure) 138M->138M(171M) 23.046ms
[0.826s][info][gc,cpu         ] GC(32) User=0.06s Sys=0.00s Real=0.02s
[0.826s][info][gc,start       ] GC(33) Pause Full (Ergonomics)
[0.826s][info][gc,phases,start] GC(33) Marking Phase
[0.862s][info][gc,phases      ] GC(33) Marking Phase 35.844ms
[0.862s][info][gc,phases,start] GC(33) Summary Phase
[0.862s][info][gc,phases      ] GC(33) Summary Phase 0.017ms
[0.862s][info][gc,phases,start] GC(33) Adjust Roots
[0.862s][info][gc,phases      ] GC(33) Adjust Roots 0.148ms
[0.862s][info][gc,phases,start] GC(33) Compaction Phase
[0.882s][info][gc,phases      ] GC(33) Compaction Phase 19.884ms
[0.882s][info][gc,phases,start] GC(33) Post Compact
[0.883s][info][gc,phases      ] GC(33) Post Compact 0.744ms
[0.883s][info][gc,heap        ] GC(33) PSYoungGen: 16448K(48640K)->14821K(48640K) Eden: 0K(19456K)->0K(19456K) From: 16448K(29184K)->14821K(29184K)
[0.883s][info][gc,heap        ] GC(33) ParOldGen: 125496K(126976K)->126571K(162816K)
[0.883s][info][gc,metaspace   ] GC(33) Metaspace: 6298K(6464K)->6298K(6464K) NonClass: 5764K(5824K)->5764K(5824K) Class: 533K(640K)->533K(640K)
[0.883s][info][gc             ] GC(33) Pause Full (Ergonomics) 138M->138M(206M) 57.180ms
[0.883s][info][gc,cpu         ] GC(33) User=0.14s Sys=0.00s Real=0.06s
[0.902s][info][gc,start       ] GC(34) Pause Young (Allocation Failure)
[0.927s][info][gc,heap        ] GC(34) PSYoungGen: 34277K(48640K)->29184K(48640K) Eden: 19456K(19456K)->0K(19456K) From: 14821K(29184K)->29184K(29184K)
[0.927s][info][gc,heap        ] GC(34) ParOldGen: 126571K(162816K)->131795K(162816K)
[0.927s][info][gc,metaspace   ] GC(34) Metaspace: 6298K(6464K)->6298K(6464K) NonClass: 5764K(5824K)->5764K(5824K) Class: 533K(640K)->533K(640K)
[0.927s][info][gc             ] GC(34) Pause Young (Allocation Failure) 157M->157M(206M) 24.146ms
[0.927s][info][gc,cpu         ] GC(34) User=0.09s Sys=0.00s Real=0.02s
[0.942s][info][gc,start       ] GC(35) Pause Young (Allocation Failure)
[0.968s][info][gc,heap        ] GC(35) PSYoungGen: 45502K(48640K)->16064K(55296K) Eden: 16318K(19456K)->0K(22528K) From: 29184K(29184K)->16064K(32768K)
[0.968s][info][gc,heap        ] GC(35) ParOldGen: 131795K(162816K)->161387K(162816K)
[0.968s][info][gc,metaspace   ] GC(35) Metaspace: 6298K(6464K)->6298K(6464K) NonClass: 5764K(5824K)->5764K(5824K) Class: 533K(640K)->533K(640K)
[0.968s][info][gc             ] GC(35) Pause Young (Allocation Failure) 173M->173M(213M) 25.267ms
[0.968s][info][gc,cpu         ] GC(35) User=0.05s Sys=0.03s Real=0.03s
[0.968s][info][gc,start       ] GC(36) Pause Full (Ergonomics)
[0.968s][info][gc,phases,start] GC(36) Marking Phase
[1.019s][info][gc,phases      ] GC(36) Marking Phase 51.087ms
[1.019s][info][gc,phases,start] GC(36) Summary Phase
[1.019s][info][gc,phases      ] GC(36) Summary Phase 0.018ms
[1.019s][info][gc,phases,start] GC(36) Adjust Roots
[1.019s][info][gc,phases      ] GC(36) Adjust Roots 0.150ms
[1.019s][info][gc,phases,start] GC(36) Compaction Phase
[1.042s][info][gc,phases      ] GC(36) Compaction Phase 22.401ms
[1.042s][info][gc,phases,start] GC(36) Post Compact
[1.043s][info][gc,phases      ] GC(36) Post Compact 0.931ms
[1.043s][info][gc,heap        ] GC(36) PSYoungGen: 16064K(55296K)->14441K(57344K) Eden: 0K(22528K)->0K(24576K) From: 16064K(32768K)->14441K(32768K)
[1.043s][info][gc,heap        ] GC(36) ParOldGen: 161387K(162816K)->162351K(206848K)
[1.043s][info][gc,metaspace   ] GC(36) Metaspace: 6298K(6464K)->6298K(6464K) NonClass: 5764K(5824K)->5764K(5824K) Class: 533K(640K)->533K(640K)
[1.043s][info][gc             ] GC(36) Pause Full (Ergonomics) 173M->172M(258M) 75.158ms
[1.043s][info][gc,cpu         ] GC(36) User=0.23s Sys=0.00s Real=0.08s
[1.082s][info][gc,start       ] GC(37) Pause Young (Allocation Failure)
[1.110s][info][gc,heap        ] GC(37) PSYoungGen: 39017K(57344K)->24672K(59392K) Eden: 24576K(24576K)->0K(24576K) From: 14441K(32768K)->24672K(34816K)
[1.110s][info][gc,heap        ] GC(37) ParOldGen: 162351K(206848K)->177047K(206848K)
[1.110s][info][gc,metaspace   ] GC(37) Metaspace: 6298K(6464K)->6298K(6464K) NonClass: 5764K(5824K)->5764K(5824K) Class: 533K(640K)->533K(640K)
[1.110s][info][gc             ] GC(37) Pause Young (Allocation Failure) 196M->196M(260M) 27.427ms
[1.110s][info][gc,cpu         ] GC(37) User=0.03s Sys=0.00s Real=0.03s
[1.134s][info][gc,start       ] GC(38) Pause Young (Allocation Failure)
[1.159s][info][gc,heap        ] GC(38) PSYoungGen: 49248K(59392K)->36320K(53760K) Eden: 24576K(24576K)->0K(17408K) From: 24672K(34816K)->36320K(36352K)
[1.159s][info][gc,heap        ] GC(38) ParOldGen: 177047K(206848K)->190095K(206848K)
[1.159s][info][gc,metaspace   ] GC(38) Metaspace: 6298K(6464K)->6298K(6464K) NonClass: 5764K(5824K)->5764K(5824K) Class: 533K(640K)->533K(640K)
[1.159s][info][gc             ] GC(38) Pause Young (Allocation Failure) 220M->221M(254M) 25.070ms
[1.159s][info][gc,cpu         ] GC(38) User=0.03s Sys=0.00s Real=0.03s
[1.159s][info][gc,start       ] GC(39) Pause Full (Ergonomics)
[1.159s][info][gc,phases,start] GC(39) Marking Phase
[1.213s][info][gc,phases      ] GC(39) Marking Phase 54.289ms
[1.214s][info][gc,phases,start] GC(39) Summary Phase
[1.214s][info][gc,phases      ] GC(39) Summary Phase 0.022ms
[1.214s][info][gc,phases,start] GC(39) Adjust Roots
[1.214s][info][gc,phases      ] GC(39) Adjust Roots 0.147ms
[1.214s][info][gc,phases,start] GC(39) Compaction Phase
[1.260s][info][gc,phases      ] GC(39) Compaction Phase 45.953ms
[1.260s][info][gc,phases,start] GC(39) Post Compact
[1.261s][info][gc,phases      ] GC(39) Post Compact 0.979ms
[1.261s][info][gc,heap        ] GC(39) PSYoungGen: 36320K(53760K)->15296K(53760K) Eden: 0K(17408K)->0K(17408K) From: 36320K(36352K)->15296K(36352K)
[1.261s][info][gc,heap        ] GC(39) ParOldGen: 190095K(206848K)->206495K(252416K)
[1.261s][info][gc,metaspace   ] GC(39) Metaspace: 6298K(6464K)->6298K(6464K) NonClass: 5764K(5824K)->5764K(5824K) Class: 533K(640K)->533K(640K)
[1.261s][info][gc             ] GC(39) Pause Full (Ergonomics) 221M->216M(299M) 101.986ms
[1.261s][info][gc,cpu         ] GC(39) User=0.34s Sys=0.00s Real=0.10s
[1.282s][info][gc,start       ] GC(40) Pause Young (Allocation Failure)
[1.308s][info][gc,heap        ] GC(40) PSYoungGen: 32704K(53760K)->17536K(64512K) Eden: 17408K(17408K)->0K(17408K) From: 15296K(36352K)->17536K(47104K)
[1.308s][info][gc,heap        ] GC(40) ParOldGen: 206495K(252416K)->222039K(252416K)
[1.308s][info][gc,metaspace   ] GC(40) Metaspace: 6298K(6464K)->6298K(6464K) NonClass: 5764K(5824K)->5764K(5824K) Class: 533K(640K)->533K(640K)
[1.308s][info][gc             ] GC(40) Pause Young (Allocation Failure) 233M->233M(309M) 25.655ms
[1.308s][info][gc,cpu         ] GC(40) User=0.09s Sys=0.00s Real=0.03s
[1.328s][info][gc,start       ] GC(41) Pause Young (Allocation Failure)
[1.347s][info][gc,heap        ] GC(41) PSYoungGen: 34944K(64512K)->34944K(60928K) Eden: 17408K(17408K)->0K(16384K) From: 17536K(47104K)->34944K(44544K)
[1.347s][info][gc,heap        ] GC(41) ParOldGen: 222039K(252416K)->222039K(252416K)
[1.347s][info][gc,metaspace   ] GC(41) Metaspace: 6298K(6464K)->6298K(6464K) NonClass: 5764K(5824K)->5764K(5824K) Class: 533K(640K)->533K(640K)
[1.347s][info][gc             ] GC(41) Pause Young (Allocation Failure) 250M->250M(306M) 19.035ms
[1.347s][info][gc,cpu         ] GC(41) User=0.11s Sys=0.00s Real=0.02s
[1.366s][info][gc,start       ] GC(42) Pause Young (Allocation Failure)
[1.391s][info][gc,heap        ] GC(42) PSYoungGen: 51328K(60928K)->48128K(64512K) Eden: 16384K(16384K)->0K(16384K) From: 34944K(44544K)->48128K(48128K)
[1.391s][info][gc,heap        ] GC(42) ParOldGen: 222039K(252416K)->225191K(252416K)
[1.391s][info][gc,metaspace   ] GC(42) Metaspace: 6298K(6464K)->6298K(6464K) NonClass: 5764K(5824K)->5764K(5824K) Class: 533K(640K)->533K(640K)
[1.391s][info][gc             ] GC(42) Pause Young (Allocation Failure) 266M->266M(309M) 24.489ms
[1.391s][info][gc,cpu         ] GC(42) User=0.14s Sys=0.00s Real=0.03s
[1.409s][info][gc,start       ] GC(43) Pause Young (Allocation Failure)
[1.438s][info][gc,heap        ] GC(43) PSYoungGen: 64512K(64512K)->32160K(75776K) Eden: 16384K(16384K)->0K(18944K) From: 48128K(48128K)->32160K(56832K)
[1.438s][info][gc,heap        ] GC(43) ParOldGen: 225191K(252416K)->258095K(258560K)
[1.438s][info][gc,metaspace   ] GC(43) Metaspace: 6298K(6464K)->6298K(6464K) NonClass: 5764K(5824K)->5764K(5824K) Class: 533K(640K)->533K(640K)
[1.438s][info][gc             ] GC(43) Pause Young (Allocation Failure) 282M->283M(326M) 29.918ms
[1.438s][info][gc,cpu         ] GC(43) User=0.09s Sys=0.03s Real=0.03s
[1.439s][info][gc,start       ] GC(44) Pause Full (Ergonomics)
[1.439s][info][gc,phases,start] GC(44) Marking Phase
[1.503s][info][gc,phases      ] GC(44) Marking Phase 64.329ms
[1.503s][info][gc,phases,start] GC(44) Summary Phase
[1.503s][info][gc,phases      ] GC(44) Summary Phase 0.019ms
[1.503s][info][gc,phases,start] GC(44) Adjust Roots
[1.503s][info][gc,phases      ] GC(44) Adjust Roots 0.150ms
[1.503s][info][gc,phases,start] GC(44) Compaction Phase
[1.543s][info][gc,phases      ] GC(44) Compaction Phase 39.760ms
[1.543s][info][gc,phases,start] GC(44) Post Compact
[1.544s][info][gc,phases      ] GC(44) Post Compact 1.472ms
[1.545s][info][gc,heap        ] GC(44) PSYoungGen: 32160K(75776K)->30965K(75776K) Eden: 0K(18944K)->0K(18944K) From: 32160K(56832K)->30965K(56832K)
[1.545s][info][gc,heap        ] GC(44) ParOldGen: 258095K(258560K)->258289K(312320K)
[1.545s][info][gc,metaspace   ] GC(44) Metaspace: 6298K(6464K)->6298K(6464K) NonClass: 5764K(5824K)->5764K(5824K) Class: 533K(640K)->533K(640K)
[1.545s][info][gc             ] GC(44) Pause Full (Ergonomics) 283M->282M(379M) 106.308ms
[1.545s][info][gc,cpu         ] GC(44) User=0.52s Sys=0.00s Real=0.11s
[1.566s][info][gc,start       ] GC(45) Pause Young (Allocation Failure)
[1.598s][info][gc,heap        ] GC(45) PSYoungGen: 49909K(75776K)->34912K(75776K) Eden: 18944K(18944K)->0K(18944K) From: 30965K(56832K)->34912K(56832K)
[1.598s][info][gc,heap        ] GC(45) ParOldGen: 258289K(312320K)->273753K(312320K)
[1.598s][info][gc,metaspace   ] GC(45) Metaspace: 6298K(6464K)->6298K(6464K) NonClass: 5764K(5824K)->5764K(5824K) Class: 533K(640K)->533K(640K)
[1.598s][info][gc             ] GC(45) Pause Young (Allocation Failure) 300M->301M(379M) 32.055ms
[1.598s][info][gc,cpu         ] GC(45) User=0.12s Sys=0.00s Real=0.03s
[1.620s][info][gc,start       ] GC(46) Pause Young (Allocation Failure)
[1.648s][info][gc,heap        ] GC(46) PSYoungGen: 53856K(75776K)->38016K(77824K) Eden: 18944K(18944K)->0K(20480K) From: 34912K(56832K)->38016K(57344K)
[1.648s][info][gc,heap        ] GC(46) ParOldGen: 273753K(312320K)->289769K(312320K)
[1.648s][info][gc,metaspace   ] GC(46) Metaspace: 6298K(6464K)->6298K(6464K) NonClass: 5764K(5824K)->5764K(5824K) Class: 533K(640K)->533K(640K)
[1.648s][info][gc             ] GC(46) Pause Young (Allocation Failure) 319M->320M(381M) 28.074ms
[1.648s][info][gc,cpu         ] GC(46) User=0.14s Sys=0.00s Real=0.03s
[1.648s][info][gc,start       ] GC(47) Pause Full (Ergonomics)
[1.648s][info][gc,phases,start] GC(47) Marking Phase
[1.724s][info][gc,phases      ] GC(47) Marking Phase 76.145ms
[1.724s][info][gc,phases,start] GC(47) Summary Phase
[1.724s][info][gc,phases      ] GC(47) Summary Phase 0.018ms
[1.724s][info][gc,phases,start] GC(47) Adjust Roots
[1.725s][info][gc,phases      ] GC(47) Adjust Roots 0.187ms
[1.725s][info][gc,phases,start] GC(47) Compaction Phase
[1.761s][info][gc,phases      ] GC(47) Compaction Phase 36.184ms
[1.761s][info][gc,phases,start] GC(47) Post Compact
[1.763s][info][gc,phases      ] GC(47) Post Compact 1.788ms
[1.763s][info][gc,heap        ] GC(47) PSYoungGen: 38016K(77824K)->14831K(77824K) Eden: 0K(20480K)->0K(20480K) From: 38016K(57344K)->14831K(57344K)
[1.763s][info][gc,heap        ] GC(47) ParOldGen: 289769K(312320K)->312246K(367616K)
[1.763s][info][gc,metaspace   ] GC(47) Metaspace: 6298K(6464K)->6298K(6464K) NonClass: 5764K(5824K)->5764K(5824K) Class: 533K(640K)->533K(640K)
[1.763s][info][gc             ] GC(47) Pause Full (Ergonomics) 320M->319M(435M) 114.874ms
[1.763s][info][gc,cpu         ] GC(47) User=0.75s Sys=0.02s Real=0.12s
[1.786s][info][gc,start       ] GC(48) Pause Young (Allocation Failure)
[1.820s][info][gc,heap        ] GC(48) PSYoungGen: 35311K(77824K)->29088K(79360K) Eden: 20480K(20480K)->0K(20480K) From: 14831K(57344K)->29088K(58880K)
[1.820s][info][gc,heap        ] GC(48) ParOldGen: 312246K(367616K)->318734K(367616K)
[1.820s][info][gc,metaspace   ] GC(48) Metaspace: 6298K(6464K)->6298K(6464K) NonClass: 5764K(5824K)->5764K(5824K) Class: 533K(640K)->533K(640K)
[1.820s][info][gc             ] GC(48) Pause Young (Allocation Failure) 339M->339M(436M) 34.025ms
[1.820s][info][gc,cpu         ] GC(48) User=0.14s Sys=0.00s Real=0.03s
[1.903s][info][gc,start       ] GC(49) Pause Young (Allocation Failure)
[1.935s][info][gc,heap        ] GC(49) PSYoungGen: 49568K(79360K)->49600K(74240K) Eden: 20480K(20480K)->0K(17408K) From: 29088K(58880K)->49600K(56832K)
[1.935s][info][gc,heap        ] GC(49) ParOldGen: 335118K(367616K)->335118K(367616K)
[1.935s][info][gc,metaspace   ] GC(49) Metaspace: 6298K(6464K)->6298K(6464K) NonClass: 5764K(5824K)->5764K(5824K) Class: 533K(640K)->533K(640K)
[1.935s][info][gc             ] GC(49) Pause Young (Allocation Failure) 375M->375M(431M) 32.376ms
[1.935s][info][gc,cpu         ] GC(49) User=0.09s Sys=0.03s Real=0.03s
[1.953s][info][gc,start       ] GC(50) Pause Young (Allocation Failure)
[1.985s][info][gc,heap        ] GC(50) PSYoungGen: 67008K(74240K)->62464K(79872K) Eden: 17408K(17408K)->0K(17408K) From: 49600K(56832K)->62464K(62464K)
[1.985s][info][gc,heap        ] GC(50) ParOldGen: 335118K(367616K)->339614K(367616K)
[1.985s][info][gc,metaspace   ] GC(50) Metaspace: 6298K(6464K)->6298K(6464K) NonClass: 5764K(5824K)->5764K(5824K) Class: 533K(640K)->533K(640K)
[1.985s][info][gc             ] GC(50) Pause Young (Allocation Failure) 392M->392M(437M) 32.041ms
[1.985s][info][gc,cpu         ] GC(50) User=0.12s Sys=0.00s Real=0.03s
[1.985s][info][gc,start       ] GC(51) Pause Full (Ergonomics)
[1.985s][info][gc,phases,start] GC(51) Marking Phase
[2.071s][info][gc,phases      ] GC(51) Marking Phase 85.134ms
[2.071s][info][gc,phases,start] GC(51) Summary Phase
[2.071s][info][gc,phases      ] GC(51) Summary Phase 0.029ms
[2.071s][info][gc,phases,start] GC(51) Adjust Roots
[2.071s][info][gc,phases      ] GC(51) Adjust Roots 0.164ms
[2.071s][info][gc,phases,start] GC(51) Compaction Phase
[2.143s][info][gc,phases      ] GC(51) Compaction Phase 71.854ms
[2.143s][info][gc,phases,start] GC(51) Post Compact
[2.145s][info][gc,phases      ] GC(51) Post Compact 2.079ms
[2.145s][info][gc,heap        ] GC(51) PSYoungGen: 62464K(79872K)->26049K(79872K) Eden: 0K(17408K)->0K(17408K) From: 62464K(62464K)->26049K(62464K)
[2.145s][info][gc,heap        ] GC(51) ParOldGen: 339614K(367616K)->367499K(422912K)
[2.145s][info][gc,metaspace   ] GC(51) Metaspace: 6298K(6464K)->6298K(6464K) NonClass: 5764K(5824K)->5764K(5824K) Class: 533K(640K)->533K(640K)
[2.145s][info][gc             ] GC(51) Pause Full (Ergonomics) 392M->384M(491M) 159.842ms
[2.145s][info][gc,cpu         ] GC(51) User=0.88s Sys=0.05s Real=0.16s
[2.166s][info][gc,start       ] GC(52) Pause Young (Allocation Failure)
[2.202s][info][gc,heap        ] GC(52) PSYoungGen: 43457K(79872K)->32672K(84992K) Eden: 17408K(17408K)->0K(19968K) From: 26049K(62464K)->32672K(65024K)
[2.202s][info][gc,heap        ] GC(52) ParOldGen: 367499K(422912K)->378595K(422912K)
[2.202s][info][gc,metaspace   ] GC(52) Metaspace: 6298K(6464K)->6298K(6464K) NonClass: 5764K(5824K)->5764K(5824K) Class: 533K(640K)->533K(640K)
[2.202s][info][gc             ] GC(52) Pause Young (Allocation Failure) 401M->401M(496M) 35.687ms
[2.202s][info][gc,cpu         ] GC(52) User=0.25s Sys=0.00s Real=0.04s
[2.222s][info][gc,start       ] GC(53) Pause Young (Allocation Failure)
[2.247s][info][gc,heap        ] GC(53) PSYoungGen: 52640K(84992K)->52672K(89088K) Eden: 19968K(19968K)->0K(19968K) From: 32672K(65024K)->52672K(69120K)
[2.247s][info][gc,heap        ] GC(53) ParOldGen: 378595K(422912K)->378595K(422912K)
[2.247s][info][gc,metaspace   ] GC(53) Metaspace: 6298K(6464K)->6298K(6464K) NonClass: 5764K(5824K)->5764K(5824K) Class: 533K(640K)->533K(640K)
[2.247s][info][gc             ] GC(53) Pause Young (Allocation Failure) 421M->421M(500M) 25.073ms
[2.247s][info][gc,cpu         ] GC(53) User=0.12s Sys=0.00s Real=0.03s
[2.268s][info][gc,start       ] GC(54) Pause Young (Allocation Failure)
[2.305s][info][gc,heap        ] GC(54) PSYoungGen: 72640K(89088K)->72640K(84992K) Eden: 19968K(19968K)->0K(12288K) From: 52672K(69120K)->72640K(72704K)
[2.305s][info][gc,heap        ] GC(54) ParOldGen: 378595K(422912K)->378595K(422912K)
[2.305s][info][gc,metaspace   ] GC(54) Metaspace: 6298K(6464K)->6298K(6464K) NonClass: 5764K(5824K)->5764K(5824K) Class: 533K(640K)->533K(640K)
[2.305s][info][gc             ] GC(54) Pause Young (Allocation Failure) 440M->440M(496M) 37.351ms
[2.305s][info][gc,cpu         ] GC(54) User=0.17s Sys=0.05s Real=0.04s
[2.318s][info][gc,start       ] GC(55) Pause Young (Allocation Failure)
[2.358s][info][gc,heap        ] GC(55) PSYoungGen: 84928K(84992K)->78208K(95232K) Eden: 12288K(12288K)->0K(12288K) From: 72640K(72704K)->78208K(82944K)
[2.358s][info][gc,heap        ] GC(55) ParOldGen: 378595K(422912K)->385459K(422912K)
[2.358s][info][gc,metaspace   ] GC(55) Metaspace: 6298K(6464K)->6298K(6464K) NonClass: 5764K(5824K)->5764K(5824K) Class: 533K(640K)->533K(640K)
[2.358s][info][gc             ] GC(55) Pause Young (Allocation Failure) 452M->452M(506M) 39.526ms
[2.358s][info][gc,cpu         ] GC(55) User=0.22s Sys=0.00s Real=0.04s
[2.371s][info][gc,start       ] GC(56) Pause Young (Allocation Failure)
[2.417s][info][gc,heap        ] GC(56) PSYoungGen: 90496K(95232K)->64672K(104448K) Eden: 12288K(12288K)->0K(11264K) From: 78208K(82944K)->64672K(93184K)
[2.417s][info][gc,heap        ] GC(56) ParOldGen: 385459K(422912K)->411571K(422912K)
[2.417s][info][gc,metaspace   ] GC(56) Metaspace: 6298K(6464K)->6298K(6464K) NonClass: 5764K(5824K)->5764K(5824K) Class: 533K(640K)->533K(640K)
[2.417s][info][gc             ] GC(56) Pause Young (Allocation Failure) 464M->465M(515M) 46.064ms
[2.417s][info][gc,cpu         ] GC(56) User=0.27s Sys=0.00s Real=0.05s
[2.417s][info][gc,start       ] GC(57) Pause Full (Ergonomics)
[2.417s][info][gc,phases,start] GC(57) Marking Phase
[2.520s][info][gc,phases      ] GC(57) Marking Phase 102.697ms
[2.520s][info][gc,phases,start] GC(57) Summary Phase
[2.520s][info][gc,phases      ] GC(57) Summary Phase 0.025ms
[2.520s][info][gc,phases,start] GC(57) Adjust Roots
[2.520s][info][gc,phases      ] GC(57) Adjust Roots 0.147ms
[2.520s][info][gc,phases,start] GC(57) Compaction Phase
[2.579s][info][gc,phases      ] GC(57) Compaction Phase 59.113ms
[2.579s][info][gc,phases,start] GC(57) Post Compact
[2.582s][info][gc,phases      ] GC(57) Post Compact 2.387ms
[2.582s][info][gc,heap        ] GC(57) PSYoungGen: 64672K(104448K)->52633K(104448K) Eden: 0K(11264K)->0K(11264K) From: 64672K(93184K)->52633K(93184K)
[2.582s][info][gc,heap        ] GC(57) ParOldGen: 411571K(422912K)->422674K(481280K)
[2.582s][info][gc,metaspace   ] GC(57) Metaspace: 6298K(6464K)->6298K(6464K) NonClass: 5764K(5824K)->5764K(5824K) Class: 533K(640K)->533K(640K)
[2.582s][info][gc             ] GC(57) Pause Full (Ergonomics) 465M->464M(572M) 164.944ms
[2.582s][info][gc,cpu         ] GC(57) User=1.09s Sys=0.00s Real=0.17s
[2.596s][info][gc,start       ] GC(58) Pause Young (Allocation Failure)
[2.644s][info][gc,heap        ] GC(58) PSYoungGen: 63897K(104448K)->30976K(42496K) Eden: 11264K(11264K)->0K(11264K) From: 52633K(93184K)->30976K(31232K)
[2.644s][info][gc,heap        ] GC(58) ParOldGen: 422674K(481280K)->456234K(481280K)
[2.644s][info][gc,metaspace   ] GC(58) Metaspace: 6298K(6464K)->6298K(6464K) NonClass: 5764K(5824K)->5764K(5824K) Class: 533K(640K)->533K(640K)
[2.644s][info][gc             ] GC(58) Pause Young (Allocation Failure) 475M->475M(511M) 48.308ms
[2.644s][info][gc,cpu         ] GC(58) User=0.23s Sys=0.03s Real=0.05s
[2.644s][info][gc,start       ] GC(59) Pause Full (Ergonomics)
[2.644s][info][gc,phases,start] GC(59) Marking Phase
[2.755s][info][gc,phases      ] GC(59) Marking Phase 110.993ms
[2.755s][info][gc,phases,start] GC(59) Summary Phase
[2.755s][info][gc,phases      ] GC(59) Summary Phase 0.028ms
[2.755s][info][gc,phases,start] GC(59) Adjust Roots
[2.755s][info][gc,phases      ] GC(59) Adjust Roots 0.152ms
[2.756s][info][gc,phases,start] GC(59) Compaction Phase
[2.804s][info][gc,phases      ] GC(59) Compaction Phase 48.732ms
[2.804s][info][gc,phases,start] GC(59) Post Compact
[2.807s][info][gc,phases      ] GC(59) Post Compact 2.401ms
[2.807s][info][gc,heap        ] GC(59) PSYoungGen: 30976K(42496K)->5720K(42496K) Eden: 0K(11264K)->0K(11264K) From: 30976K(31232K)->5720K(31232K)
[2.807s][info][gc,heap        ] GC(59) ParOldGen: 456234K(481280K)->480823K(549888K)
[2.807s][info][gc,metaspace   ] GC(59) Metaspace: 6298K(6464K)->6298K(6464K) NonClass: 5764K(5824K)->5764K(5824K) Class: 533K(640K)->533K(640K)
[2.807s][info][gc             ] GC(59) Pause Full (Ergonomics) 475M->475M(578M) 162.973ms
[2.807s][info][gc,cpu         ] GC(59) User=1.00s Sys=0.02s Real=0.16s
[2.821s][info][gc,start       ] GC(60) Pause Young (Allocation Failure)
[2.852s][info][gc,heap        ] GC(60) PSYoungGen: 16984K(42496K)->13376K(106496K) Eden: 11264K(11264K)->0K(12800K) From: 5720K(31232K)->13376K(93696K)
[2.852s][info][gc,heap        ] GC(60) ParOldGen: 480823K(549888K)->484623K(549888K)
[2.852s][info][gc,metaspace   ] GC(60) Metaspace: 6298K(6464K)->6298K(6464K) NonClass: 5764K(5824K)->5764K(5824K) Class: 533K(640K)->533K(640K)
[2.852s][info][gc             ] GC(60) Pause Young (Allocation Failure) 486M->486M(641M) 30.251ms
[2.852s][info][gc,cpu         ] GC(60) User=0.12s Sys=0.00s Real=0.03s
[2.865s][info][gc,start       ] GC(61) Pause Young (Allocation Failure)
[2.880s][info][gc,heap        ] GC(61) PSYoungGen: 26176K(106496K)->26176K(39424K) Eden: 12800K(12800K)->0K(12800K) From: 13376K(93696K)->26176K(26624K)
[2.880s][info][gc,heap        ] GC(61) ParOldGen: 484623K(549888K)->484623K(549888K)
[2.880s][info][gc,metaspace   ] GC(61) Metaspace: 6298K(6464K)->6298K(6464K) NonClass: 5764K(5824K)->5764K(5824K) Class: 533K(640K)->533K(640K)
[2.880s][info][gc             ] GC(61) Pause Young (Allocation Failure) 498M->498M(575M) 15.152ms
[2.880s][info][gc,cpu         ] GC(61) User=0.02s Sys=0.00s Real=0.01s
[2.895s][info][gc,start       ] GC(62) Pause Young (Allocation Failure)
[2.915s][info][gc,heap        ] GC(62) PSYoungGen: 38976K(39424K)->38976K(94720K) Eden: 12800K(12800K)->0K(14336K) From: 26176K(26624K)->38976K(80384K)
[2.915s][info][gc,heap        ] GC(62) ParOldGen: 484623K(549888K)->484623K(549888K)
[2.916s][info][gc,metaspace   ] GC(62) Metaspace: 6298K(6464K)->6298K(6464K) NonClass: 5764K(5824K)->5764K(5824K) Class: 533K(640K)->533K(640K)
[2.916s][info][gc             ] GC(62) Pause Young (Allocation Failure) 511M->511M(629M) 20.209ms
[2.916s][info][gc,cpu         ] GC(62) User=0.11s Sys=0.00s Real=0.02s
[2.931s][info][gc,start       ] GC(63) Pause Young (Allocation Failure)
[2.958s][info][gc,heap        ] GC(63) PSYoungGen: 53312K(94720K)->51296K(99840K) Eden: 14336K(14336K)->0K(14336K) From: 38976K(80384K)->51296K(85504K)
[2.958s][info][gc,heap        ] GC(63) ParOldGen: 484623K(549888K)->486679K(549888K)
[2.958s][info][gc,metaspace   ] GC(63) Metaspace: 6298K(6464K)->6298K(6464K) NonClass: 5764K(5824K)->5764K(5824K) Class: 533K(640K)->533K(640K)
[2.958s][info][gc             ] GC(63) Pause Young (Allocation Failure) 525M->525M(634M) 26.993ms
[2.958s][info][gc,cpu         ] GC(63) User=0.12s Sys=0.00s Real=0.03s
[2.975s][info][gc,start       ] GC(64) Pause Young (Allocation Failure)
[3.007s][info][gc,heap        ] GC(64) PSYoungGen: 65632K(99840K)->54400K(100864K) Eden: 14336K(14336K)->0K(15360K) From: 51296K(85504K)->54400K(85504K)
[3.007s][info][gc,heap        ] GC(64) ParOldGen: 486679K(549888K)->498095K(549888K)
[3.007s][info][gc,metaspace   ] GC(64) Metaspace: 6298K(6464K)->6298K(6464K) NonClass: 5764K(5824K)->5764K(5824K) Class: 533K(640K)->533K(640K)
[3.007s][info][gc             ] GC(64) Pause Young (Allocation Failure) 539M->539M(635M) 32.770ms
[3.007s][info][gc,cpu         ] GC(64) User=0.16s Sys=0.00s Real=0.03s
[3.025s][info][gc,start       ] GC(65) Pause Young (Allocation Failure)
[3.061s][info][gc,heap        ] GC(65) PSYoungGen: 69760K(100864K)->56960K(101888K) Eden: 15360K(15360K)->0K(15360K) From: 54400K(85504K)->56960K(86528K)
[3.061s][info][gc,heap        ] GC(65) ParOldGen: 498095K(549888K)->511071K(549888K)
[3.061s][info][gc,metaspace   ] GC(65) Metaspace: 6298K(6464K)->6298K(6464K) NonClass: 5764K(5824K)->5764K(5824K) Class: 533K(640K)->533K(640K)
[3.061s][info][gc             ] GC(65) Pause Young (Allocation Failure) 554M->554M(636M) 36.136ms
[3.061s][info][gc,cpu         ] GC(65) User=0.20s Sys=0.02s Real=0.04s
[3.081s][info][gc,start       ] GC(66) Pause Young (Allocation Failure)
[3.119s][info][gc,heap        ] GC(66) PSYoungGen: 72320K(101888K)->45184K(98304K) Eden: 15360K(15360K)->0K(17920K) From: 56960K(86528K)->45184K(80384K)
[3.119s][info][gc,heap        ] GC(66) ParOldGen: 511071K(549888K)->538543K(549888K)
[3.119s][info][gc,metaspace   ] GC(66) Metaspace: 6298K(6464K)->6298K(6464K) NonClass: 5764K(5824K)->5764K(5824K) Class: 533K(640K)->533K(640K)
[3.119s][info][gc             ] GC(66) Pause Young (Allocation Failure) 569M->570M(633M) 38.208ms
[3.119s][info][gc,cpu         ] GC(66) User=0.19s Sys=0.06s Real=0.04s
[3.119s][info][gc,start       ] GC(67) Pause Full (Ergonomics)
[3.119s][info][gc,phases,start] GC(67) Marking Phase
[3.245s][info][gc,phases      ] GC(67) Marking Phase 125.513ms
[3.245s][info][gc,phases,start] GC(67) Summary Phase
[3.245s][info][gc,phases      ] GC(67) Summary Phase 0.022ms
[3.245s][info][gc,phases,start] GC(67) Adjust Roots
[3.245s][info][gc,phases      ] GC(67) Adjust Roots 0.159ms
[3.245s][info][gc,phases,start] GC(67) Compaction Phase
[3.302s][info][gc,phases      ] GC(67) Compaction Phase 57.046ms
[3.302s][info][gc,phases,start] GC(67) Post Compact
[3.303s][info][gc,phases      ] GC(67) Post Compact 0.976ms
[3.303s][info][gc,heap        ] GC(67) PSYoungGen: 45184K(98304K)->32695K(100864K) Eden: 0K(17920K)->0K(20480K) From: 45184K(80384K)->32695K(80384K)
[3.303s][info][gc,heap        ] GC(67) ParOldGen: 538543K(549888K)->549872K(621056K)
[3.303s][info][gc,metaspace   ] GC(67) Metaspace: 6298K(6464K)->6298K(6464K) NonClass: 5764K(5824K)->5764K(5824K) Class: 533K(640K)->533K(640K)
[3.303s][info][gc             ] GC(67) Pause Full (Ergonomics) 570M->568M(705M) 184.371ms
[3.303s][info][gc,cpu         ] GC(67) User=1.34s Sys=0.03s Real=0.18s
[3.326s][info][gc,start       ] GC(68) Pause Young (Allocation Failure)
[3.373s][info][gc,heap        ] GC(68) PSYoungGen: 53175K(100864K)->31744K(104448K) Eden: 20480K(20480K)->0K(20480K) From: 32695K(80384K)->31744K(83968K)
[3.373s][info][gc,heap        ] GC(68) ParOldGen: 549872K(621056K)->571784K(621056K)
[3.373s][info][gc,metaspace   ] GC(68) Metaspace: 6298K(6464K)->6298K(6464K) NonClass: 5764K(5824K)->5764K(5824K) Class: 533K(640K)->533K(640K)
[3.373s][info][gc             ] GC(68) Pause Young (Allocation Failure) 588M->589M(708M) 46.619ms
[3.373s][info][gc,cpu         ] GC(68) User=0.25s Sys=0.02s Real=0.05s
[3.397s][info][gc,start       ] GC(69) Pause Young (Allocation Failure)
[3.426s][info][gc,heap        ] GC(69) PSYoungGen: 52224K(104448K)->41184K(96768K) Eden: 20480K(20480K)->0K(23040K) From: 31744K(83968K)->41184K(73728K)
[3.426s][info][gc,heap        ] GC(69) ParOldGen: 571784K(621056K)->583072K(621056K)
[3.426s][info][gc,metaspace   ] GC(69) Metaspace: 6298K(6464K)->6298K(6464K) NonClass: 5764K(5824K)->5764K(5824K) Class: 533K(640K)->533K(640K)
[3.426s][info][gc             ] GC(69) Pause Young (Allocation Failure) 609M->609M(701M) 29.722ms
[3.426s][info][gc,cpu         ] GC(69) User=0.11s Sys=0.02s Real=0.03s
[3.456s][info][gc,start       ] GC(70) Pause Young (Allocation Failure)
[3.492s][info][gc,heap        ] GC(70) PSYoungGen: 64224K(96768K)->43680K(100864K) Eden: 23040K(23040K)->0K(23040K) From: 41184K(73728K)->43680K(77824K)
[3.492s][info][gc,heap        ] GC(70) ParOldGen: 583072K(621056K)->603848K(621056K)
[3.492s][info][gc,metaspace   ] GC(70) Metaspace: 6298K(6464K)->6298K(6464K) NonClass: 5764K(5824K)->5764K(5824K) Class: 533K(640K)->533K(640K)
[3.492s][info][gc             ] GC(70) Pause Young (Allocation Failure) 632M->632M(705M) 35.732ms
[3.492s][info][gc,cpu         ] GC(70) User=0.14s Sys=0.00s Real=0.04s
[3.492s][info][gc,start       ] GC(71) Pause Full (Ergonomics)
[3.492s][info][gc,phases,start] GC(71) Marking Phase
[3.634s][info][gc,phases      ] GC(71) Marking Phase 141.891ms
[3.634s][info][gc,phases,start] GC(71) Summary Phase
[3.634s][info][gc,phases      ] GC(71) Summary Phase 0.022ms
[3.634s][info][gc,phases,start] GC(71) Adjust Roots
[3.634s][info][gc,phases      ] GC(71) Adjust Roots 0.157ms
[3.634s][info][gc,phases,start] GC(71) Compaction Phase
[3.693s][info][gc,phases      ] GC(71) Compaction Phase 58.619ms
[3.693s][info][gc,phases,start] GC(71) Post Compact
[3.694s][info][gc,phases      ] GC(71) Post Compact 1.003ms
[3.694s][info][gc,heap        ] GC(71) PSYoungGen: 43680K(100864K)->25576K(100864K) Eden: 0K(23040K)->0K(23040K) From: 43680K(77824K)->25576K(77824K)
[3.694s][info][gc,heap        ] GC(71) ParOldGen: 603848K(621056K)->620899K(696320K)
[3.694s][info][gc,metaspace   ] GC(71) Metaspace: 6298K(6464K)->6298K(6464K) NonClass: 5764K(5824K)->5764K(5824K) Class: 533K(640K)->533K(640K)
[3.694s][info][gc             ] GC(71) Pause Full (Ergonomics) 632M->631M(778M) 202.220ms
[3.694s][info][gc,cpu         ] GC(71) User=1.38s Sys=0.00s Real=0.20s
[3.722s][info][gc,start       ] GC(72) Pause Young (Allocation Failure)
[3.777s][info][gc,heap        ] GC(72) PSYoungGen: 48616K(100864K)->36416K(95232K) Eden: 23040K(23040K)->0K(25600K) From: 25576K(77824K)->36416K(69632K)
[3.777s][info][gc,heap        ] GC(72) ParOldGen: 620899K(696320K)->633515K(696320K)
[3.777s][info][gc,metaspace   ] GC(72) Metaspace: 6298K(6464K)->6298K(6464K) NonClass: 5764K(5824K)->5764K(5824K) Class: 533K(640K)->533K(640K)
[3.777s][info][gc             ] GC(72) Pause Young (Allocation Failure) 653M->654M(773M) 55.126ms
[3.777s][info][gc,cpu         ] GC(72) User=0.25s Sys=0.00s Real=0.06s
[3.810s][info][gc,start       ] GC(73) Pause Young (Allocation Failure)
[3.843s][info][gc,heap        ] GC(73) PSYoungGen: 62016K(95232K)->62016K(98304K) Eden: 25600K(25600K)->0K(25600K) From: 36416K(69632K)->62016K(72704K)
[3.843s][info][gc,heap        ] GC(73) ParOldGen: 633515K(696320K)->633515K(696320K)
[3.843s][info][gc,metaspace   ] GC(73) Metaspace: 6298K(6464K)->6298K(6464K) NonClass: 5764K(5824K)->5764K(5824K) Class: 533K(640K)->533K(640K)
[3.843s][info][gc             ] GC(73) Pause Young (Allocation Failure) 679M->679M(776M) 33.523ms
[3.843s][info][gc,cpu         ] GC(73) User=0.11s Sys=0.00s Real=0.03s
[4.002s][info][gc,start       ] GC(74) Pause Full (Ergonomics)
[4.002s][info][gc,phases,start] GC(74) Marking Phase
[4.162s][info][gc,phases      ] GC(74) Marking Phase 160.008ms
[4.162s][info][gc,phases,start] GC(74) Summary Phase
[4.162s][info][gc,phases      ] GC(74) Summary Phase 0.031ms
[4.162s][info][gc,phases,start] GC(74) Adjust Roots
[4.163s][info][gc,phases      ] GC(74) Adjust Roots 0.576ms
[4.163s][info][gc,phases,start] GC(74) Compaction Phase
[4.292s][info][gc,phases      ] GC(74) Compaction Phase 129.192ms
[4.292s][info][gc,phases,start] GC(74) Post Compact
[4.294s][info][gc,phases      ] GC(74) Post Compact 1.710ms
[4.294s][info][gc,heap        ] GC(74) PSYoungGen: 87616K(98304K)->40800K(98304K) Eden: 25600K(25600K)->0K(25600K) From: 62016K(72704K)->40800K(72704K)
[4.294s][info][gc,heap        ] GC(74) ParOldGen: 666283K(696320K)->696204K(773120K)
[4.294s][info][gc,metaspace   ] GC(74) Metaspace: 6298K(6464K)->6298K(6464K) NonClass: 5764K(5824K)->5764K(5824K) Class: 533K(640K)->533K(640K)
[4.294s][info][gc             ] GC(74) Pause Full (Ergonomics) 736M->719M(851M) 292.212ms
[4.294s][info][gc,cpu         ] GC(74) User=1.72s Sys=0.02s Real=0.29s
[4.324s][info][gc,start       ] GC(75) Pause Young (Allocation Failure)
[4.382s][info][gc,heap        ] GC(75) PSYoungGen: 66400K(98304K)->54752K(105472K) Eden: 25600K(25600K)->0K(28160K) From: 40800K(72704K)->54752K(77312K)
[4.382s][info][gc,heap        ] GC(75) ParOldGen: 696204K(773120K)->708236K(773120K)
[4.382s][info][gc,metaspace   ] GC(75) Metaspace: 6298K(6464K)->6298K(6464K) NonClass: 5764K(5824K)->5764K(5824K) Class: 533K(640K)->533K(640K)
[4.382s][info][gc             ] GC(75) Pause Young (Allocation Failure) 744M->745M(858M) 58.462ms
[4.382s][info][gc,cpu         ] GC(75) User=0.50s Sys=0.00s Real=0.06s
[4.414s][info][gc,start       ] GC(76) Pause Young (Allocation Failure)
[4.462s][info][gc,heap        ] GC(76) PSYoungGen: 82912K(105472K)->77824K(105984K) Eden: 28160K(28160K)->0K(28160K) From: 54752K(77312K)->77824K(77824K)
[4.462s][info][gc,heap        ] GC(76) ParOldGen: 708236K(773120K)->713308K(773120K)
[4.462s][info][gc,metaspace   ] GC(76) Metaspace: 6298K(6464K)->6298K(6464K) NonClass: 5764K(5824K)->5764K(5824K) Class: 533K(640K)->533K(640K)
[4.462s][info][gc             ] GC(76) Pause Young (Allocation Failure) 772M->772M(858M) 47.626ms
[4.462s][info][gc,cpu         ] GC(76) User=0.16s Sys=0.02s Real=0.05s
[4.491s][info][gc,start       ] GC(77) Pause Young (Allocation Failure)
[4.545s][info][gc,heap        ] GC(77) PSYoungGen: 105984K(105984K)->78880K(112128K) Eden: 28160K(28160K)->0K(23552K) From: 77824K(77824K)->78880K(88576K)
[4.545s][info][gc,heap        ] GC(77) ParOldGen: 713308K(773120K)->740844K(773120K)
[4.545s][info][gc,metaspace   ] GC(77) Metaspace: 6298K(6464K)->6298K(6464K) NonClass: 5764K(5824K)->5764K(5824K) Class: 533K(640K)->533K(640K)
[4.545s][info][gc             ] GC(77) Pause Young (Allocation Failure) 800M->800M(864M) 53.768ms
[4.545s][info][gc,cpu         ] GC(77) User=0.39s Sys=0.00s Real=0.05s
[4.545s][info][gc,start       ] GC(78) Pause Full (Ergonomics)
[4.545s][info][gc,phases,start] GC(78) Marking Phase
[4.730s][info][gc,phases      ] GC(78) Marking Phase 185.611ms
[4.730s][info][gc,phases,start] GC(78) Summary Phase
[4.730s][info][gc,phases      ] GC(78) Summary Phase 0.025ms
[4.730s][info][gc,phases,start] GC(78) Adjust Roots
[4.731s][info][gc,phases      ] GC(78) Adjust Roots 0.169ms
[4.731s][info][gc,phases,start] GC(78) Compaction Phase
[4.819s][info][gc,phases      ] GC(78) Compaction Phase 88.449ms
[4.819s][info][gc,phases,start] GC(78) Post Compact
[4.821s][info][gc,phases      ] GC(78) Post Compact 1.589ms
[4.821s][info][gc,heap        ] GC(78) PSYoungGen: 78880K(112128K)->45900K(112128K) Eden: 0K(23552K)->0K(23552K) From: 78880K(88576K)->45900K(88576K)
[4.821s][info][gc,heap        ] GC(78) ParOldGen: 740844K(773120K)->772930K(856576K)
[4.821s][info][gc,metaspace   ] GC(78) Metaspace: 6298K(6464K)->6298K(6464K) NonClass: 5764K(5824K)->5764K(5824K) Class: 533K(640K)->533K(640K)
[4.821s][info][gc             ] GC(78) Pause Full (Ergonomics) 800M->799M(946M) 276.517ms
[4.821s][info][gc,cpu         ] GC(78) User=1.89s Sys=0.03s Real=0.28s
[4.847s][info][gc,start       ] GC(79) Pause Young (Allocation Failure)
[4.913s][info][gc,heap        ] GC(79) PSYoungGen: 69452K(112128K)->57184K(119808K) Eden: 23552K(23552K)->0K(23552K) From: 45900K(88576K)->57184K(96256K)
[4.913s][info][gc,heap        ] GC(79) ParOldGen: 772930K(856576K)->785618K(856576K)
[4.913s][info][gc,metaspace   ] GC(79) Metaspace: 6298K(6464K)->6298K(6464K) NonClass: 5764K(5824K)->5764K(5824K) Class: 533K(640K)->533K(640K)
[4.913s][info][gc             ] GC(79) Pause Young (Allocation Failure) 822M->823M(953M) 66.011ms
[4.913s][info][gc,cpu         ] GC(79) User=0.39s Sys=0.00s Real=0.07s
[4.938s][info][gc,start       ] GC(80) Pause Young (Allocation Failure)
[4.978s][info][gc,heap        ] GC(80) PSYoungGen: 80736K(119808K)->80736K(113664K) Eden: 23552K(23552K)->0K(19968K) From: 57184K(96256K)->80736K(93696K)
[4.978s][info][gc,heap        ] GC(80) ParOldGen: 785618K(856576K)->785618K(856576K)
[4.978s][info][gc,metaspace   ] GC(80) Metaspace: 6298K(6464K)->6298K(6464K) NonClass: 5764K(5824K)->5764K(5824K) Class: 533K(640K)->533K(640K)
[4.978s][info][gc             ] GC(80) Pause Young (Allocation Failure) 846M->846M(947M) 39.964ms
[4.978s][info][gc,cpu         ] GC(80) User=0.25s Sys=0.00s Real=0.04s
[5.001s][info][gc,start       ] GC(81) Pause Young (Allocation Failure)
[5.054s][info][gc,heap        ] GC(81) PSYoungGen: 100704K(113664K)->85600K(119808K) Eden: 19968K(19968K)->0K(19968K) From: 80736K(93696K)->85600K(99840K)
[5.054s][info][gc,heap        ] GC(81) ParOldGen: 785618K(856576K)->800954K(856576K)
[5.054s][info][gc,metaspace   ] GC(81) Metaspace: 6298K(6464K)->6298K(6464K) NonClass: 5764K(5824K)->5764K(5824K) Class: 533K(640K)->533K(640K)
[5.054s][info][gc             ] GC(81) Pause Young (Allocation Failure) 865M->865M(953M) 52.222ms
[5.054s][info][gc,cpu         ] GC(81) User=0.31s Sys=0.00s Real=0.05s
[5.075s][info][gc,start       ] GC(82) Pause Young (Allocation Failure)
[5.129s][info][gc,heap        ] GC(82) PSYoungGen: 105568K(119808K)->87264K(123904K) Eden: 19968K(19968K)->0K(16896K) From: 85600K(99840K)->87264K(107008K)
[5.129s][info][gc,heap        ] GC(82) ParOldGen: 800954K(856576K)->819490K(856576K)
[5.129s][info][gc,metaspace   ] GC(82) Metaspace: 6298K(6464K)->6298K(6464K) NonClass: 5764K(5824K)->5764K(5824K) Class: 533K(640K)->533K(640K)
[5.129s][info][gc             ] GC(82) Pause Young (Allocation Failure) 885M->885M(957M) 54.243ms
[5.129s][info][gc,cpu         ] GC(82) User=0.33s Sys=0.02s Real=0.05s
[5.148s][info][gc,start       ] GC(83) Pause Young (Allocation Failure)
[5.203s][info][gc,heap        ] GC(83) PSYoungGen: 104160K(123904K)->57024K(74240K) Eden: 16896K(16896K)->0K(16896K) From: 87264K(107008K)->57024K(57344K)
[5.203s][info][gc,heap        ] GC(83) ParOldGen: 819490K(856576K)->867210K(867328K)
[5.203s][info][gc,metaspace   ] GC(83) Metaspace: 6298K(6464K)->6298K(6464K) NonClass: 5764K(5824K)->5764K(5824K) Class: 533K(640K)->533K(640K)
[5.203s][info][gc             ] GC(83) Pause Young (Allocation Failure) 902M->902M(919M) 54.615ms
[5.203s][info][gc,cpu         ] GC(83) User=0.34s Sys=0.05s Real=0.05s
[5.203s][info][gc,start       ] GC(84) Pause Full (Ergonomics)
[5.203s][info][gc,phases,start] GC(84) Marking Phase
[5.414s][info][gc,phases      ] GC(84) Marking Phase 211.039ms
[5.414s][info][gc,phases,start] GC(84) Summary Phase
[5.414s][info][gc,phases      ] GC(84) Summary Phase 0.033ms
[5.414s][info][gc,phases,start] GC(84) Adjust Roots
[5.415s][info][gc,phases      ] GC(84) Adjust Roots 0.219ms
[5.415s][info][gc,phases,start] GC(84) Compaction Phase
[5.512s][info][gc,phases      ] GC(84) Compaction Phase 97.625ms
[5.512s][info][gc,phases,start] GC(84) Post Compact
[5.514s][info][gc,phases      ] GC(84) Post Compact 1.644ms
[5.514s][info][gc,heap        ] GC(84) PSYoungGen: 57024K(74240K)->55717K(74240K) Eden: 0K(16896K)->0K(16896K) From: 57024K(57344K)->55717K(57344K)
[5.514s][info][gc,heap        ] GC(84) ParOldGen: 867210K(867328K)->866897K(964096K)
[5.514s][info][gc,metaspace   ] GC(84) Metaspace: 6298K(6464K)->6298K(6464K) NonClass: 5764K(5824K)->5764K(5824K) Class: 533K(640K)->533K(640K)
[5.514s][info][gc             ] GC(84) Pause Full (Ergonomics) 902M->900M(1014M) 311.246ms
[5.514s][info][gc,cpu         ] GC(84) User=2.16s Sys=0.00s Real=0.31s
[5.534s][info][gc,start       ] GC(85) Pause Young (Allocation Failure)
[5.603s][info][gc,heap        ] GC(85) PSYoungGen: 72613K(74240K)->33504K(125952K) Eden: 16896K(16896K)->0K(18944K) From: 55717K(57344K)->33504K(107008K)
[5.603s][info][gc,heap        ] GC(85) ParOldGen: 866897K(964096K)->906713K(964096K)
[5.603s][info][gc,metaspace   ] GC(85) Metaspace: 6298K(6464K)->6298K(6464K) NonClass: 5764K(5824K)->5764K(5824K) Class: 533K(640K)->533K(640K)
[5.603s][info][gc             ] GC(85) Pause Young (Allocation Failure) 917M->918M(1064M) 69.003ms
[5.603s][info][gc,cpu         ] GC(85) User=0.39s Sys=0.02s Real=0.07s
[5.625s][info][gc,start       ] GC(86) Pause Young (Allocation Failure)
[5.653s][info][gc,heap        ] GC(86) PSYoungGen: 52448K(125952K)->36000K(126976K) Eden: 18944K(18944K)->0K(18944K) From: 33504K(107008K)->36000K(108032K)
[5.653s][info][gc,heap        ] GC(86) ParOldGen: 906713K(964096K)->923425K(964096K)
[5.653s][info][gc,metaspace   ] GC(86) Metaspace: 6298K(6464K)->6298K(6464K) NonClass: 5764K(5824K)->5764K(5824K) Class: 533K(640K)->533K(640K)
[5.653s][info][gc             ] GC(86) Pause Young (Allocation Failure) 936M->936M(1065M) 28.334ms
[5.653s][info][gc,cpu         ] GC(86) User=0.12s Sys=0.02s Real=0.03s
[5.653s][info][gc,start       ] GC(87) Pause Full (Ergonomics)
[5.653s][info][gc,phases,start] GC(87) Marking Phase
[5.854s][info][gc,phases      ] GC(87) Marking Phase 201.012ms
[5.854s][info][gc,phases,start] GC(87) Summary Phase
[5.854s][info][gc,phases      ] GC(87) Summary Phase 0.066ms
[5.854s][info][gc,phases,start] GC(87) Adjust Roots
[5.854s][info][gc,phases      ] GC(87) Adjust Roots 0.220ms
[5.854s][info][gc,phases,start] GC(87) Compaction Phase
[5.946s][info][gc,phases      ] GC(87) Compaction Phase 91.572ms
[5.946s][info][gc,phases,start] GC(87) Post Compact
[5.948s][info][gc,phases      ] GC(87) Post Compact 1.649ms
[5.948s][info][gc,heap        ] GC(87) PSYoungGen: 36000K(126976K)->0K(128512K) Eden: 0K(18944K)->0K(21504K) From: 36000K(108032K)->0K(107008K)
[5.948s][info][gc,heap        ] GC(87) ParOldGen: 923425K(964096K)->958388K(1065472K)
[5.948s][info][gc,metaspace   ] GC(87) Metaspace: 6298K(6464K)->6298K(6464K) NonClass: 5764K(5824K)->5764K(5824K) Class: 533K(640K)->533K(640K)
[5.948s][info][gc             ] GC(87) Pause Full (Ergonomics) 936M->935M(1166M) 295.327ms
[5.948s][info][gc,cpu         ] GC(87) User=1.91s Sys=0.05s Real=0.30s
[5.974s][info][gc,start       ] GC(88) Pause Young (Allocation Failure)
[5.990s][info][gc,heap        ] GC(88) PSYoungGen: 21504K(128512K)->21696K(128512K) Eden: 21504K(21504K)->0K(21504K) From: 0K(107008K)->21696K(107008K)
[5.990s][info][gc,heap        ] GC(88) ParOldGen: 958388K(1065472K)->958388K(1065472K)
[5.990s][info][gc,metaspace   ] GC(88) Metaspace: 6298K(6464K)->6298K(6464K) NonClass: 5764K(5824K)->5764K(5824K) Class: 533K(640K)->533K(640K)
[5.990s][info][gc             ] GC(88) Pause Young (Allocation Failure) 956M->957M(1166M) 16.648ms
[5.990s][info][gc,cpu         ] GC(88) User=0.03s Sys=0.00s Real=0.02s
[6.014s][info][gc,start       ] GC(89) Pause Young (Allocation Failure)
[6.038s][info][gc,heap        ] GC(89) PSYoungGen: 43200K(128512K)->43168K(123904K) Eden: 21504K(21504K)->0K(23552K) From: 21696K(107008K)->43168K(100352K)
[6.038s][info][gc,heap        ] GC(89) ParOldGen: 958388K(1065472K)->958388K(1065472K)
[6.038s][info][gc,metaspace   ] GC(89) Metaspace: 6298K(6464K)->6298K(6464K) NonClass: 5764K(5824K)->5764K(5824K) Class: 533K(640K)->533K(640K)
[6.038s][info][gc             ] GC(89) Pause Young (Allocation Failure) 978M->978M(1161M) 23.929ms
[6.038s][info][gc,cpu         ] GC(89) User=0.11s Sys=0.00s Real=0.02s
[6.064s][info][gc,start       ] GC(90) Pause Young (Allocation Failure)
[6.097s][info][gc,heap        ] GC(90) PSYoungGen: 66720K(123904K)->66752K(127488K) Eden: 23552K(23552K)->0K(23552K) From: 43168K(100352K)->66752K(103936K)
[6.097s][info][gc,heap        ] GC(90) ParOldGen: 958388K(1065472K)->958388K(1065472K)
[6.097s][info][gc,metaspace   ] GC(90) Metaspace: 6298K(6464K)->6298K(6464K) NonClass: 5764K(5824K)->5764K(5824K) Class: 533K(640K)->533K(640K)
[6.097s][info][gc             ] GC(90) Pause Young (Allocation Failure) 1001M->1001M(1165M) 32.836ms
[6.097s][info][gc,cpu         ] GC(90) User=0.16s Sys=0.00s Real=0.03s
[6.122s][info][gc,start       ] GC(91) Pause Young (Allocation Failure)
[6.168s][info][gc,heap        ] GC(91) PSYoungGen: 90304K(127488K)->90304K(121344K) Eden: 23552K(23552K)->0K(17408K) From: 66752K(103936K)->90304K(103936K)
[6.168s][info][gc,heap        ] GC(91) ParOldGen: 958388K(1065472K)->958388K(1065472K)
[6.168s][info][gc,metaspace   ] GC(91) Metaspace: 6298K(6464K)->6298K(6464K) NonClass: 5764K(5824K)->5764K(5824K) Class: 533K(640K)->533K(640K)
[6.168s][info][gc             ] GC(91) Pause Young (Allocation Failure) 1024M->1024M(1159M) 45.686ms
[6.168s][info][gc,cpu         ] GC(91) User=0.19s Sys=0.00s Real=0.05s
[6.186s][info][gc,start       ] GC(92) Pause Young (Allocation Failure)
[6.239s][info][gc,heap        ] GC(92) PSYoungGen: 107712K(121344K)->107744K(130048K) Eden: 17408K(17408K)->0K(17408K) From: 90304K(103936K)->107744K(112640K)
[6.239s][info][gc,heap        ] GC(92) ParOldGen: 958388K(1065472K)->958388K(1065472K)
[6.239s][info][gc,metaspace   ] GC(92) Metaspace: 6298K(6464K)->6298K(6464K) NonClass: 5764K(5824K)->5764K(5824K) Class: 533K(640K)->533K(640K)
[6.239s][info][gc             ] GC(92) Pause Young (Allocation Failure) 1041M->1041M(1167M) 52.725ms
[6.239s][info][gc,cpu         ] GC(92) User=0.38s Sys=0.00s Real=0.05s
[6.259s][info][gc,start       ] GC(93) Pause Young (Allocation Failure)
[6.325s][info][gc,heap        ] GC(93) PSYoungGen: 125152K(130048K)->103584K(136192K) Eden: 17408K(17408K)->0K(10240K) From: 107744K(112640K)->103584K(125952K)
[6.326s][info][gc,heap        ] GC(93) ParOldGen: 958388K(1065472K)->980188K(1065472K)
[6.326s][info][gc,metaspace   ] GC(93) Metaspace: 6298K(6464K)->6298K(6464K) NonClass: 5764K(5824K)->5764K(5824K) Class: 533K(640K)->533K(640K)
[6.326s][info][gc             ] GC(93) Pause Young (Allocation Failure) 1058M->1058M(1173M) 66.120ms
[6.326s][info][gc,cpu         ] GC(93) User=0.38s Sys=0.00s Real=0.07s
[6.337s][info][gc,start       ] GC(94) Pause Young (Allocation Failure)
[6.399s][info][gc,heap        ] GC(94) PSYoungGen: 113824K(136192K)->68768K(79360K) Eden: 10240K(10240K)->0K(10240K) From: 103584K(125952K)->68768K(69120K)
[6.399s][info][gc,heap        ] GC(94) ParOldGen: 980188K(1065472K)->1025836K(1065472K)
[6.399s][info][gc,metaspace   ] GC(94) Metaspace: 6298K(6464K)->6298K(6464K) NonClass: 5764K(5824K)->5764K(5824K) Class: 533K(640K)->533K(640K)
[6.399s][info][gc             ] GC(94) Pause Young (Allocation Failure) 1068M->1068M(1118M) 61.992ms
[6.399s][info][gc,cpu         ] GC(94) User=0.31s Sys=0.02s Real=0.06s
[6.399s][info][gc,start       ] GC(95) Pause Full (Ergonomics)
[6.399s][info][gc,phases,start] GC(95) Marking Phase
[6.649s][info][gc,phases      ] GC(95) Marking Phase 249.200ms
[6.649s][info][gc,phases,start] GC(95) Summary Phase
[6.649s][info][gc,phases      ] GC(95) Summary Phase 0.037ms
[6.649s][info][gc,phases,start] GC(95) Adjust Roots
[6.649s][info][gc,phases      ] GC(95) Adjust Roots 0.212ms
[6.649s][info][gc,phases,start] GC(95) Compaction Phase
[6.753s][info][gc,phases      ] GC(95) Compaction Phase 103.827ms
[6.753s][info][gc,phases,start] GC(95) Post Compact
[6.755s][info][gc,phases      ] GC(95) Post Compact 1.941ms
[6.755s][info][gc,heap        ] GC(95) PSYoungGen: 68768K(79360K)->28117K(79360K) Eden: 0K(10240K)->0K(10240K) From: 68768K(69120K)->28117K(69120K)
[6.755s][info][gc,heap        ] GC(95) ParOldGen: 1025836K(1065472K)->1065221K(1182720K)
[6.755s][info][gc,metaspace   ] GC(95) Metaspace: 6298K(6464K)->6298K(6464K) NonClass: 5764K(5824K)->5764K(5824K) Class: 533K(640K)->533K(640K)
[6.755s][info][gc             ] GC(95) Pause Full (Ergonomics) 1068M->1067M(1232M) 355.951ms
[6.755s][info][gc,cpu         ] GC(95) User=2.44s Sys=0.03s Real=0.36s
[6.768s][info][gc,start       ] GC(96) Pause Young (Allocation Failure)
[6.834s][info][gc,heap        ] GC(96) PSYoungGen: 38357K(79360K)->21856K(140288K) Eden: 10240K(10240K)->0K(10752K) From: 28117K(69120K)->21856K(129536K)
[6.834s][info][gc,heap        ] GC(96) ParOldGen: 1065221K(1182720K)->1082085K(1182720K)
[6.834s][info][gc,metaspace   ] GC(96) Metaspace: 6298K(6464K)->6298K(6464K) NonClass: 5764K(5824K)->5764K(5824K) Class: 533K(640K)->533K(640K)
[6.834s][info][gc             ] GC(96) Pause Young (Allocation Failure) 1077M->1078M(1292M) 66.153ms
[6.834s][info][gc,cpu         ] GC(96) User=0.38s Sys=0.02s Real=0.07s
[6.845s][info][gc,start       ] GC(97) Pause Young (Allocation Failure)
[6.864s][info][gc,heap        ] GC(97) PSYoungGen: 32608K(140288K)->26272K(141312K) Eden: 10752K(10752K)->0K(10752K) From: 21856K(129536K)->26272K(130560K)
[6.865s][info][gc,heap        ] GC(97) ParOldGen: 1082085K(1182720K)->1088517K(1182720K)
[6.865s][info][gc,metaspace   ] GC(97) Metaspace: 6298K(6464K)->6298K(6464K) NonClass: 5764K(5824K)->5764K(5824K) Class: 533K(640K)->533K(640K)
[6.865s][info][gc             ] GC(97) Pause Young (Allocation Failure) 1088M->1088M(1293M) 19.313ms
[6.865s][info][gc,cpu         ] GC(97) User=0.12s Sys=0.00s Real=0.02s
[6.876s][info][gc,start       ] GC(98) Pause Young (Allocation Failure)
[6.899s][info][gc,heap        ] GC(98) PSYoungGen: 37024K(141312K)->31840K(136192K) Eden: 10752K(10752K)->0K(12288K) From: 26272K(130560K)->31840K(123904K)
[6.899s][info][gc,heap        ] GC(98) ParOldGen: 1088517K(1182720K)->1093789K(1182720K)
[6.899s][info][gc,metaspace   ] GC(98) Metaspace: 6298K(6464K)->6298K(6464K) NonClass: 5764K(5824K)->5764K(5824K) Class: 533K(640K)->533K(640K)
[6.899s][info][gc             ] GC(98) Pause Young (Allocation Failure) 1099M->1099M(1288M) 22.339ms
[6.899s][info][gc,cpu         ] GC(98) User=0.12s Sys=0.00s Real=0.02s
[6.913s][info][gc,start       ] GC(99) Pause Young (Allocation Failure)
[6.939s][info][gc,heap        ] GC(99) PSYoungGen: 44128K(136192K)->23168K(139264K) Eden: 12288K(12288K)->0K(12288K) From: 31840K(123904K)->23168K(126976K)
[6.939s][info][gc,heap        ] GC(99) ParOldGen: 1093789K(1182720K)->1115029K(1182720K)
[6.939s][info][gc,metaspace   ] GC(99) Metaspace: 6298K(6464K)->6298K(6464K) NonClass: 5764K(5824K)->5764K(5824K) Class: 533K(640K)->533K(640K)
[6.939s][info][gc             ] GC(99) Pause Young (Allocation Failure) 1111M->1111M(1291M) 26.662ms
[6.939s][info][gc,cpu         ] GC(99) User=0.12s Sys=0.02s Real=0.03s
[6.953s][info][gc,start       ] GC(100) Pause Young (Allocation Failure)
[6.975s][info][gc,heap        ] GC(100) PSYoungGen: 35456K(139264K)->12384K(138240K) Eden: 12288K(12288K)->0K(13824K) From: 23168K(126976K)->12384K(124416K)
[6.975s][info][gc,heap        ] GC(100) ParOldGen: 1115029K(1182720K)->1138357K(1182720K)
[6.975s][info][gc,metaspace   ] GC(100) Metaspace: 6298K(6464K)->6298K(6464K) NonClass: 5764K(5824K)->5764K(5824K) Class: 533K(640K)->533K(640K)
[6.975s][info][gc             ] GC(100) Pause Young (Allocation Failure) 1123M->1123M(1290M) 21.828ms
[6.975s][info][gc,cpu         ] GC(100) User=0.12s Sys=0.00s Real=0.02s
[6.992s][info][gc,start       ] GC(101) Pause Young (Allocation Failure)
[7.010s][info][gc,heap        ] GC(101) PSYoungGen: 26208K(138240K)->13952K(138752K) Eden: 13824K(13824K)->0K(13824K) From: 12384K(124416K)->13952K(124928K)
[7.010s][info][gc,heap        ] GC(101) ParOldGen: 1138357K(1182720K)->1150821K(1182720K)
[7.010s][info][gc,metaspace   ] GC(101) Metaspace: 6298K(6464K)->6298K(6464K) NonClass: 5764K(5824K)->5764K(5824K) Class: 533K(640K)->533K(640K)
[7.010s][info][gc             ] GC(101) Pause Young (Allocation Failure) 1137M->1137M(1290M) 18.314ms
[7.010s][info][gc,cpu         ] GC(101) User=0.02s Sys=0.00s Real=0.02s
[7.010s][info][gc,start       ] GC(102) Pause Full (Ergonomics)
[7.010s][info][gc,phases,start] GC(102) Marking Phase
[7.287s][info][gc,phases      ] GC(102) Marking Phase 277.170ms
[7.287s][info][gc,phases,start] GC(102) Summary Phase
[7.287s][info][gc,phases      ] GC(102) Summary Phase 0.037ms
[7.287s][info][gc,phases,start] GC(102) Adjust Roots
[7.288s][info][gc,phases      ] GC(102) Adjust Roots 0.154ms
[7.288s][info][gc,phases,start] GC(102) Compaction Phase
[7.385s][info][gc,phases      ] GC(102) Compaction Phase 96.846ms
[7.385s][info][gc,phases,start] GC(102) Post Compact
[7.386s][info][gc,phases      ] GC(102) Post Compact 1.907ms
[7.387s][info][gc,heap        ] GC(102) PSYoungGen: 13952K(138752K)->0K(139264K) Eden: 0K(13824K)->0K(15872K) From: 13952K(124928K)->0K(123392K)
[7.387s][info][gc,heap        ] GC(102) ParOldGen: 1150821K(1182720K)->1163302K(1280512K)
[7.387s][info][gc,metaspace   ] GC(102) Metaspace: 6298K(6464K)->6298K(6464K) NonClass: 5764K(5824K)->5764K(5824K) Class: 533K(640K)->533K(640K)
[7.387s][info][gc             ] GC(102) Pause Full (Ergonomics) 1137M->1136M(1386M) 376.746ms
[7.387s][info][gc,cpu         ] GC(102) User=2.75s Sys=0.06s Real=0.38s
[7.406s][info][gc,start       ] GC(103) Pause Young (Allocation Failure)
[7.423s][info][gc,heap        ] GC(103) PSYoungGen: 15872K(139264K)->15968K(32256K) Eden: 15872K(15872K)->0K(15872K) From: 0K(123392K)->15968K(16384K)
[7.423s][info][gc,heap        ] GC(103) ParOldGen: 1163302K(1280512K)->1163302K(1280512K)
[7.423s][info][gc,metaspace   ] GC(103) Metaspace: 6298K(6464K)->6298K(6464K) NonClass: 5764K(5824K)->5764K(5824K) Class: 533K(640K)->533K(640K)
[7.423s][info][gc             ] GC(103) Pause Young (Allocation Failure) 1151M->1151M(1282M) 16.906ms
[7.423s][info][gc,cpu         ] GC(103) User=0.02s Sys=0.00s Real=0.02s
[7.442s][info][gc,start       ] GC(104) Pause Young (Allocation Failure)
[7.463s][info][gc,heap        ] GC(104) PSYoungGen: 31840K(32256K)->31872K(125952K) Eden: 15872K(15872K)->0K(17920K) From: 15968K(16384K)->31872K(108032K)
[7.463s][info][gc,heap        ] GC(104) ParOldGen: 1163302K(1280512K)->1163302K(1280512K)
[7.463s][info][gc,metaspace   ] GC(104) Metaspace: 6298K(6464K)->6298K(6464K) NonClass: 5764K(5824K)->5764K(5824K) Class: 533K(640K)->533K(640K)
[7.463s][info][gc             ] GC(104) Pause Young (Allocation Failure) 1167M->1167M(1373M) 21.295ms
[7.463s][info][gc,cpu         ] GC(104) User=0.03s Sys=0.00s Real=0.02s
[7.484s][info][gc,start       ] GC(105) Pause Young (Allocation Failure)
[7.510s][info][gc,heap        ] GC(105) PSYoungGen: 49792K(125952K)->49760K(68096K) Eden: 17920K(17920K)->0K(17920K) From: 31872K(108032K)->49760K(50176K)
[7.510s][info][gc,heap        ] GC(105) ParOldGen: 1163302K(1280512K)->1163302K(1280512K)
[7.510s][info][gc,metaspace   ] GC(105) Metaspace: 6298K(6464K)->6298K(6464K) NonClass: 5764K(5824K)->5764K(5824K) Class: 533K(640K)->533K(640K)
[7.510s][info][gc             ] GC(105) Pause Young (Allocation Failure) 1184M->1184M(1317M) 26.341ms
[7.510s][info][gc,cpu         ] GC(105) User=0.12s Sys=0.00s Real=0.03s
[7.532s][info][gc,start       ] GC(106) Pause Young (Allocation Failure)
[7.566s][info][gc,heap        ] GC(106) PSYoungGen: 67680K(68096K)->67744K(126976K) Eden: 17920K(17920K)->0K(16896K) From: 49760K(50176K)->67744K(110080K)
[7.566s][info][gc,heap        ] GC(106) ParOldGen: 1163302K(1280512K)->1163302K(1280512K)
[7.566s][info][gc,metaspace   ] GC(106) Metaspace: 6298K(6464K)->6298K(6464K) NonClass: 5764K(5824K)->5764K(5824K) Class: 533K(640K)->533K(640K)
[7.566s][info][gc             ] GC(106) Pause Young (Allocation Failure) 1202M->1202M(1374M) 34.665ms
[7.566s][info][gc,cpu         ] GC(106) User=0.14s Sys=0.00s Real=0.04s
[7.586s][info][gc,start       ] GC(107) Pause Young (Allocation Failure)
[7.630s][info][gc,heap        ] GC(107) PSYoungGen: 84640K(126976K)->68736K(130048K) Eden: 16896K(16896K)->0K(16896K) From: 67744K(110080K)->68736K(113152K)
[7.630s][info][gc,heap        ] GC(107) ParOldGen: 1163302K(1280512K)->1179390K(1280512K)
[7.630s][info][gc,metaspace   ] GC(107) Metaspace: 6298K(6464K)->6298K(6464K) NonClass: 5764K(5824K)->5764K(5824K) Class: 533K(640K)->533K(640K)
[7.630s][info][gc             ] GC(107) Pause Young (Allocation Failure) 1218M->1218M(1377M) 43.957ms
[7.630s][info][gc,cpu         ] GC(107) User=0.27s Sys=0.00s Real=0.04s
[7.650s][info][gc,start       ] GC(108) Pause Young (Allocation Failure)
[7.694s][info][gc,heap        ] GC(108) PSYoungGen: 85632K(130048K)->69792K(132608K) Eden: 16896K(16896K)->0K(17408K) From: 68736K(113152K)->69792K(115200K)
[7.694s][info][gc,heap        ] GC(108) ParOldGen: 1179390K(1280512K)->1195470K(1280512K)
[7.694s][info][gc,metaspace   ] GC(108) Metaspace: 6298K(6464K)->6298K(6464K) NonClass: 5764K(5824K)->5764K(5824K) Class: 533K(640K)->533K(640K)
[7.694s][info][gc             ] GC(108) Pause Young (Allocation Failure) 1235M->1235M(1380M) 43.538ms
[7.694s][info][gc,cpu         ] GC(108) User=0.27s Sys=0.00s Real=0.04s
[7.715s][info][gc,start       ] GC(109) Pause Young (Allocation Failure)
[7.762s][info][gc,heap        ] GC(109) PSYoungGen: 87200K(132608K)->51328K(69120K) Eden: 17408K(17408K)->0K(17408K) From: 69792K(115200K)->51328K(51712K)
[7.762s][info][gc,heap        ] GC(109) ParOldGen: 1195470K(1280512K)->1231782K(1280512K)
[7.762s][info][gc,metaspace   ] GC(109) Metaspace: 6298K(6464K)->6298K(6464K) NonClass: 5764K(5824K)->5764K(5824K) Class: 533K(640K)->533K(640K)
[7.762s][info][gc             ] GC(109) Pause Young (Allocation Failure) 1252M->1253M(1318M) 46.968ms
[7.762s][info][gc,cpu         ] GC(109) User=0.23s Sys=0.08s Real=0.05s
[7.785s][info][gc,start       ] GC(110) Pause Young (Allocation Failure)
[7.822s][info][gc,heap        ] GC(110) PSYoungGen: 68736K(69120K)->34976K(122880K) Eden: 17408K(17408K)->0K(19968K) From: 51328K(51712K)->34976K(102912K)
[7.822s][info][gc,heap        ] GC(110) ParOldGen: 1231782K(1280512K)->1266006K(1280512K)
[7.822s][info][gc,metaspace   ] GC(110) Metaspace: 6298K(6464K)->6298K(6464K) NonClass: 5764K(5824K)->5764K(5824K) Class: 533K(640K)->533K(640K)
[7.822s][info][gc             ] GC(110) Pause Young (Allocation Failure) 1270M->1270M(1370M) 37.246ms
[7.822s][info][gc,cpu         ] GC(110) User=0.25s Sys=0.00s Real=0.04s
[7.822s][info][gc,start       ] GC(111) Pause Full (Ergonomics)
[7.822s][info][gc,phases,start] GC(111) Marking Phase
[8.112s][info][gc,phases      ] GC(111) Marking Phase 289.968ms
[8.112s][info][gc,phases,start] GC(111) Summary Phase
[8.112s][info][gc,phases      ] GC(111) Summary Phase 0.026ms
[8.112s][info][gc,phases,start] GC(111) Adjust Roots
[8.112s][info][gc,phases      ] GC(111) Adjust Roots 0.147ms
[8.112s][info][gc,phases,start] GC(111) Compaction Phase
[8.224s][info][gc,phases      ] GC(111) Compaction Phase 111.129ms
[8.224s][info][gc,phases,start] GC(111) Post Compact
[8.227s][info][gc,phases      ] GC(111) Post Compact 2.802ms
[8.227s][info][gc,heap        ] GC(111) PSYoungGen: 34976K(122880K)->18915K(125440K) Eden: 0K(19968K)->0K(22528K) From: 34976K(102912K)->18915K(102912K)
[8.227s][info][gc,heap        ] GC(111) ParOldGen: 1266006K(1280512K)->1280338K(1411584K)
[8.227s][info][gc,metaspace   ] GC(111) Metaspace: 6298K(6464K)->6298K(6464K) NonClass: 5764K(5824K)->5764K(5824K) Class: 533K(640K)->533K(640K)
[8.227s][info][gc             ] GC(111) Pause Full (Ergonomics) 1270M->1268M(1501M) 405.012ms
[8.227s][info][gc,cpu         ] GC(111) User=3.03s Sys=0.00s Real=0.41s
[8.247s][info][gc,start       ] GC(112) Pause Young (Allocation Failure)
[8.321s][info][gc,heap        ] GC(112) PSYoungGen: 41443K(125440K)->12736K(129536K) Eden: 22528K(22528K)->0K(22528K) From: 18915K(102912K)->12736K(107008K)
[8.321s][info][gc,heap        ] GC(112) ParOldGen: 1280338K(1411584K)->1299530K(1411584K)
[8.321s][info][gc,metaspace   ] GC(112) Metaspace: 6298K(6464K)->6298K(6464K) NonClass: 5764K(5824K)->5764K(5824K) Class: 533K(640K)->533K(640K)
[8.321s][info][gc             ] GC(112) Pause Young (Allocation Failure) 1290M->1281M(1505M) 73.985ms
[8.321s][info][gc,cpu         ] GC(112) User=0.41s Sys=0.00s Real=0.07s
[8.342s][info][gc,start       ] GC(113) Pause Young (Allocation Failure)
[8.361s][info][gc,heap        ] GC(113) PSYoungGen: 35264K(129536K)->14304K(129536K) Eden: 22528K(22528K)->0K(25088K) From: 12736K(107008K)->14304K(104448K)
[8.361s][info][gc,heap        ] GC(113) ParOldGen: 1299530K(1411584K)->1312322K(1411584K)
[8.361s][info][gc,metaspace   ] GC(113) Metaspace: 6298K(6464K)->6298K(6464K) NonClass: 5764K(5824K)->5764K(5824K) Class: 533K(640K)->533K(640K)
[8.361s][info][gc             ] GC(113) Pause Young (Allocation Failure) 1303M->1295M(1505M) 19.261ms
[8.361s][info][gc,cpu         ] GC(113) User=0.12s Sys=0.00s Real=0.02s
[8.393s][info][gc,start       ] GC(114) Pause Young (Allocation Failure)
[8.422s][info][gc,heap        ] GC(114) PSYoungGen: 39392K(129536K)->25216K(50688K) Eden: 25088K(25088K)->0K(25088K) From: 14304K(104448K)->25216K(25600K)
[8.422s][info][gc,heap        ] GC(114) ParOldGen: 1312322K(1411584K)->1326682K(1411584K)
[8.422s][info][gc,metaspace   ] GC(114) Metaspace: 6298K(6464K)->6298K(6464K) NonClass: 5764K(5824K)->5764K(5824K) Class: 533K(640K)->533K(640K)
[8.422s][info][gc             ] GC(114) Pause Young (Allocation Failure) 1320M->1320M(1428M) 29.371ms
[8.422s][info][gc,cpu         ] GC(114) User=0.11s Sys=0.00s Real=0.03s
[8.453s][info][gc,start       ] GC(115) Pause Young (Allocation Failure)
[8.486s][info][gc,heap        ] GC(115) PSYoungGen: 50304K(50688K)->25248K(122880K) Eden: 25088K(25088K)->0K(27648K) From: 25216K(25600K)->25248K(95232K)
[8.486s][info][gc,heap        ] GC(115) ParOldGen: 1326682K(1411584K)->1352138K(1411584K)
[8.486s][info][gc,metaspace   ] GC(115) Metaspace: 6298K(6464K)->6298K(6464K) NonClass: 5764K(5824K)->5764K(5824K) Class: 533K(640K)->533K(640K)
[8.486s][info][gc             ] GC(115) Pause Young (Allocation Failure) 1344M->1345M(1498M) 32.867ms
[8.486s][info][gc,cpu         ] GC(115) User=0.12s Sys=0.02s Real=0.03s
[8.523s][info][gc,start       ] GC(116) Pause Young (Allocation Failure)
[8.556s][info][gc,heap        ] GC(116) PSYoungGen: 52896K(122880K)->27808K(55808K) Eden: 27648K(27648K)->0K(27648K) From: 25248K(95232K)->27808K(28160K)
[8.556s][info][gc,heap        ] GC(116) ParOldGen: 1352138K(1411584K)->1377562K(1411584K)
[8.556s][info][gc,metaspace   ] GC(116) Metaspace: 6298K(6464K)->6298K(6464K) NonClass: 5764K(5824K)->5764K(5824K) Class: 533K(640K)->533K(640K)
[8.556s][info][gc             ] GC(116) Pause Young (Allocation Failure) 1372M->1372M(1433M) 33.593ms
[8.556s][info][gc,cpu         ] GC(116) User=0.16s Sys=0.02s Real=0.03s
[8.556s][info][gc,start       ] GC(117) Pause Full (Ergonomics)
[8.556s][info][gc,phases,start] GC(117) Marking Phase
[8.918s][info][gc,phases      ] GC(117) Marking Phase 361.995ms
[8.918s][info][gc,phases,start] GC(117) Summary Phase
[8.918s][info][gc,phases      ] GC(117) Summary Phase 0.046ms
[8.918s][info][gc,phases,start] GC(117) Adjust Roots
[8.919s][info][gc,phases      ] GC(117) Adjust Roots 0.169ms
[8.919s][info][gc,phases,start] GC(117) Compaction Phase
[9.046s][info][gc,phases      ] GC(117) Compaction Phase 127.910ms
[9.047s][info][gc,phases,start] GC(117) Post Compact
[9.049s][info][gc,phases      ] GC(117) Post Compact 2.327ms
[9.049s][info][gc,heap        ] GC(117) PSYoungGen: 27808K(55808K)->0K(125440K) Eden: 0K(27648K)->0K(30720K) From: 27808K(28160K)->0K(94720K)
[9.049s][info][gc,heap        ] GC(117) ParOldGen: 1377562K(1411584K)->1403665K(1539584K)
[9.049s][info][gc,metaspace   ] GC(117) Metaspace: 6298K(6464K)->6298K(6464K) NonClass: 5764K(5824K)->5764K(5824K) Class: 533K(640K)->533K(640K)
[9.049s][info][gc             ] GC(117) Pause Full (Ergonomics) 1372M->1370M(1626M) 493.205ms
[9.049s][info][gc,cpu         ] GC(117) User=3.47s Sys=0.00s Real=0.49s
[9.343s][info][gc,start       ] GC(118) Pause Young (Allocation Failure)
[9.401s][info][gc,heap        ] GC(118) PSYoungGen: 30720K(125440K)->30880K(61952K) Eden: 30720K(30720K)->0K(30720K) From: 0K(94720K)->30880K(31232K)
[9.401s][info][gc,heap        ] GC(118) ParOldGen: 1469201K(1539584K)->1469201K(1539584K)
[9.401s][info][gc,metaspace   ] GC(118) Metaspace: 6298K(6464K)->6298K(6464K) NonClass: 5764K(5824K)->5764K(5824K) Class: 533K(640K)->533K(640K)
[9.401s][info][gc             ] GC(118) Pause Young (Allocation Failure) 1464M->1464M(1564M) 58.212ms
[9.401s][info][gc,cpu         ] GC(118) User=0.23s Sys=0.00s Real=0.06s
[9.431s][info][gc,start       ] GC(119) Pause Young (Allocation Failure)
[9.466s][info][gc,heap        ] GC(119) PSYoungGen: 61600K(61952K)->61696K(119808K) Eden: 30720K(30720K)->0K(29696K) From: 30880K(31232K)->61696K(90112K)
[9.466s][info][gc,heap        ] GC(119) ParOldGen: 1469201K(1539584K)->1469201K(1539584K)
[9.466s][info][gc,metaspace   ] GC(119) Metaspace: 6298K(6464K)->6298K(6464K) NonClass: 5764K(5824K)->5764K(5824K) Class: 533K(640K)->533K(640K)
[9.466s][info][gc             ] GC(119) Pause Young (Allocation Failure) 1494M->1495M(1620M) 35.075ms
[9.466s][info][gc,cpu         ] GC(119) User=0.16s Sys=0.00s Real=0.03s
[9.494s][info][gc,start       ] GC(120) Pause Young (Allocation Failure)
[9.539s][info][gc,heap        ] GC(120) PSYoungGen: 91392K(119808K)->91424K(123392K) Eden: 29696K(29696K)->0K(29696K) From: 61696K(90112K)->91424K(93696K)
[9.539s][info][gc,heap        ] GC(120) ParOldGen: 1469201K(1539584K)->1469201K(1539584K)
[9.539s][info][gc,metaspace   ] GC(120) Metaspace: 6298K(6464K)->6298K(6464K) NonClass: 5764K(5824K)->5764K(5824K) Class: 533K(640K)->533K(640K)
[9.539s][info][gc             ] GC(120) Pause Young (Allocation Failure) 1524M->1524M(1624M) 44.944ms
[9.539s][info][gc,cpu         ] GC(120) User=0.17s Sys=0.02s Real=0.04s
[9.569s][info][gc,start       ] GC(121) Pause Young (Allocation Failure)
[9.626s][info][gc,heap        ] GC(121) PSYoungGen: 121120K(123392K)->107520K(117760K) Eden: 29696K(29696K)->0K(10240K) From: 91424K(93696K)->107520K(107520K)
[9.626s][info][gc,heap        ] GC(121) ParOldGen: 1469201K(1539584K)->1482825K(1539584K)
[9.626s][info][gc,metaspace   ] GC(121) Metaspace: 6298K(6464K)->6298K(6464K) NonClass: 5764K(5824K)->5764K(5824K) Class: 533K(640K)->533K(640K)
[9.626s][info][gc             ] GC(121) Pause Young (Allocation Failure) 1553M->1553M(1618M) 57.011ms
[9.626s][info][gc,cpu         ] GC(121) User=0.39s Sys=0.00s Real=0.06s
[9.637s][info][gc,start       ] GC(122) Pause Young (Allocation Failure)
[9.691s][info][gc,heap        ] GC(122) PSYoungGen: 117760K(117760K)->61536K(72192K) Eden: 10240K(10240K)->0K(10240K) From: 107520K(107520K)->61536K(61952K)
[9.691s][info][gc,heap        ] GC(122) ParOldGen: 1482825K(1539584K)->1539769K(1540096K)
[9.691s][info][gc,metaspace   ] GC(122) Metaspace: 6298K(6464K)->6298K(6464K) NonClass: 5764K(5824K)->5764K(5824K) Class: 533K(640K)->533K(640K)
[9.691s][info][gc             ] GC(122) Pause Young (Allocation Failure) 1563M->1563M(1574M) 54.603ms
[9.691s][info][gc,cpu         ] GC(122) User=0.45s Sys=0.05s Real=0.06s
[9.691s][info][gc,start       ] GC(123) Pause Full (Ergonomics)
[9.691s][info][gc,phases,start] GC(123) Marking Phase
[10.044s][info][gc,phases      ] GC(123) Marking Phase 353.266ms
[10.045s][info][gc,phases,start] GC(123) Summary Phase
[10.045s][info][gc,phases      ] GC(123) Summary Phase 0.029ms
[10.045s][info][gc,phases,start] GC(123) Adjust Roots
[10.045s][info][gc,phases      ] GC(123) Adjust Roots 0.238ms
[10.045s][info][gc,phases,start] GC(123) Compaction Phase
[10.414s][info][gc,phases      ] GC(123) Compaction Phase 369.217ms
[10.414s][info][gc,phases,start] GC(123) Post Compact
[10.418s][info][gc,phases      ] GC(123) Post Compact 3.594ms
[10.418s][info][gc,heap        ] GC(123) PSYoungGen: 61536K(72192K)->27566K(72192K) Eden: 0K(10240K)->0K(10240K) From: 61536K(61952K)->27566K(61952K)
[10.419s][info][gc,heap        ] GC(123) ParOldGen: 1539769K(1540096K)->1539783K(1693184K)
[10.419s][info][gc,metaspace   ] GC(123) Metaspace: 6298K(6464K)->6298K(6464K) NonClass: 5764K(5824K)->5764K(5824K) Class: 533K(640K)->533K(640K)
[10.419s][info][gc             ] GC(123) Pause Full (Ergonomics) 1563M->1530M(1724M) 727.374ms
[10.419s][info][gc,cpu         ] GC(123) User=4.72s Sys=0.02s Real=0.73s
[10.431s][info][gc,start       ] GC(124) Pause Young (Allocation Failure)
[10.514s][info][gc,heap        ] GC(124) PSYoungGen: 37806K(72192K)->14464K(135168K) Eden: 10240K(10240K)->0K(11264K) From: 27566K(61952K)->14464K(123904K)
[10.514s][info][gc,heap        ] GC(124) ParOldGen: 1539783K(1693184K)->1563551K(1693184K)
[10.514s][info][gc,metaspace   ] GC(124) Metaspace: 6298K(6464K)->6298K(6464K) NonClass: 5764K(5824K)->5764K(5824K) Class: 533K(640K)->533K(640K)
[10.515s][info][gc             ] GC(124) Pause Young (Allocation Failure) 1540M->1541M(1785M) 83.570ms
[10.515s][info][gc,cpu         ] GC(124) User=0.44s Sys=0.00s Real=0.08s
[10.527s][info][gc,start       ] GC(125) Pause Young (Allocation Failure)
[10.553s][info][gc,heap        ] GC(125) PSYoungGen: 25728K(135168K)->25760K(37376K) Eden: 11264K(11264K)->0K(11264K) From: 14464K(123904K)->25760K(26112K)
[10.553s][info][gc,heap        ] GC(125) ParOldGen: 1563551K(1693184K)->1563551K(1693184K)
[10.553s][info][gc,metaspace   ] GC(125) Metaspace: 6298K(6464K)->6298K(6464K) NonClass: 5764K(5824K)->5764K(5824K) Class: 533K(640K)->533K(640K)
[10.553s][info][gc             ] GC(125) Pause Young (Allocation Failure) 1552M->1552M(1690M) 26.806ms
[10.553s][info][gc,cpu         ] GC(125) User=0.05s Sys=0.00s Real=0.03s
[10.565s][info][gc,start       ] GC(126) Pause Young (Allocation Failure)
[10.592s][info][gc,heap        ] GC(126) PSYoungGen: 37024K(37376K)->32896K(123904K) Eden: 11264K(11264K)->0K(12800K) From: 25760K(26112K)->32896K(111104K)
[10.592s][info][gc,heap        ] GC(126) ParOldGen: 1563551K(1693184K)->1567759K(1693184K)
[10.592s][info][gc,metaspace   ] GC(126) Metaspace: 6298K(6464K)->6298K(6464K) NonClass: 5764K(5824K)->5764K(5824K) Class: 533K(640K)->533K(640K)
[10.592s][info][gc             ] GC(126) Pause Young (Allocation Failure) 1563M->1563M(1774M) 26.572ms
[10.592s][info][gc,cpu         ] GC(126) User=0.02s Sys=0.00s Real=0.03s
[10.605s][info][gc,start       ] GC(127) Pause Young (Allocation Failure)
[10.637s][info][gc,heap        ] GC(127) PSYoungGen: 45696K(123904K)->35488K(48640K) Eden: 12800K(12800K)->0K(12800K) From: 32896K(111104K)->35488K(35840K)
[10.637s][info][gc,heap        ] GC(127) ParOldGen: 1567759K(1693184K)->1578135K(1693184K)
[10.637s][info][gc,metaspace   ] GC(127) Metaspace: 6298K(6464K)->6298K(6464K) NonClass: 5764K(5824K)->5764K(5824K) Class: 533K(640K)->533K(640K)
[10.637s][info][gc             ] GC(127) Pause Young (Allocation Failure) 1575M->1575M(1701M) 32.148ms
[10.637s][info][gc,cpu         ] GC(127) User=0.06s Sys=0.00s Real=0.03s
[10.649s][info][gc,start       ] GC(128) Pause Young (Allocation Failure)
[10.681s][info][gc,heap        ] GC(128) PSYoungGen: 48288K(48640K)->25696K(119296K) Eden: 12800K(12800K)->0K(14848K) From: 35488K(35840K)->25696K(104448K)
[10.681s][info][gc,heap        ] GC(128) ParOldGen: 1578135K(1693184K)->1600927K(1693184K)
[10.681s][info][gc,metaspace   ] GC(128) Metaspace: 6298K(6464K)->6298K(6464K) NonClass: 5764K(5824K)->5764K(5824K) Class: 533K(640K)->533K(640K)
[10.681s][info][gc             ] GC(128) Pause Young (Allocation Failure) 1588M->1588M(1770M) 32.053ms
[10.681s][info][gc,cpu         ] GC(128) User=0.12s Sys=0.02s Real=0.03s
[10.696s][info][gc,start       ] GC(129) Pause Young (Allocation Failure)
[10.727s][info][gc,heap        ] GC(129) PSYoungGen: 40544K(119296K)->14976K(122368K) Eden: 14848K(14848K)->0K(14848K) From: 25696K(104448K)->14976K(107520K)
[10.727s][info][gc,heap        ] GC(129) ParOldGen: 1600927K(1693184K)->1626823K(1693184K)
[10.727s][info][gc,metaspace   ] GC(129) Metaspace: 6298K(6464K)->6298K(6464K) NonClass: 5764K(5824K)->5764K(5824K) Class: 533K(640K)->533K(640K)
[10.727s][info][gc             ] GC(129) Pause Young (Allocation Failure) 1602M->1603M(1773M) 30.886ms
[10.727s][info][gc,cpu         ] GC(129) User=0.03s Sys=0.02s Real=0.03s
[10.742s][info][gc,start       ] GC(130) Pause Young (Allocation Failure)
[10.769s][info][gc,heap        ] GC(130) PSYoungGen: 29824K(122368K)->14944K(118272K) Eden: 14848K(14848K)->0K(16896K) From: 14976K(107520K)->14944K(101376K)
[10.769s][info][gc,heap        ] GC(130) ParOldGen: 1626823K(1693184K)->1641855K(1693184K)
[10.769s][info][gc,metaspace   ] GC(130) Metaspace: 6298K(6464K)->6298K(6464K) NonClass: 5764K(5824K)->5764K(5824K) Class: 533K(640K)->533K(640K)
[10.769s][info][gc             ] GC(130) Pause Young (Allocation Failure) 1617M->1617M(1769M) 26.533ms
[10.769s][info][gc,cpu         ] GC(130) User=0.03s Sys=0.00s Real=0.03s
[10.786s][info][gc,start       ] GC(131) Pause Young (Allocation Failure)
[10.813s][info][gc,heap        ] GC(131) PSYoungGen: 31840K(118272K)->17024K(34304K) Eden: 16896K(16896K)->0K(16896K) From: 14944K(101376K)->17024K(17408K)
[10.813s][info][gc,heap        ] GC(131) ParOldGen: 1641855K(1693184K)->1656903K(1693184K)
[10.813s][info][gc,metaspace   ] GC(131) Metaspace: 6298K(6464K)->6298K(6464K) NonClass: 5764K(5824K)->5764K(5824K) Class: 533K(640K)->533K(640K)
[10.813s][info][gc             ] GC(131) Pause Young (Allocation Failure) 1634M->1634M(1687M) 26.721ms
[10.813s][info][gc,cpu         ] GC(131) User=0.05s Sys=0.00s Real=0.03s
[10.813s][info][gc,start       ] GC(132) Pause Full (Ergonomics)
[10.813s][info][gc,phases,start] GC(132) Marking Phase
[11.206s][info][gc,phases      ] GC(132) Marking Phase 393.216ms
[11.206s][info][gc,phases,start] GC(132) Summary Phase
[11.207s][info][gc,phases      ] GC(132) Summary Phase 0.072ms
[11.207s][info][gc,phases,start] GC(132) Adjust Roots
[11.207s][info][gc,phases      ] GC(132) Adjust Roots 0.183ms
[11.207s][info][gc,phases,start] GC(132) Compaction Phase
[11.378s][info][gc,phases      ] GC(132) Compaction Phase 171.113ms
[11.378s][info][gc,phases,start] GC(132) Post Compact
[11.381s][info][gc,phases      ] GC(132) Post Compact 3.250ms
[11.382s][info][gc,heap        ] GC(132) PSYoungGen: 17024K(34304K)->0K(119808K) Eden: 0K(16896K)->0K(19456K) From: 17024K(17408K)->0K(100352K)
[11.382s][info][gc,heap        ] GC(132) ParOldGen: 1656903K(1693184K)->1672053K(1827328K)
[11.382s][info][gc,metaspace   ] GC(132) Metaspace: 6298K(6464K)->6298K(6464K) NonClass: 5764K(5824K)->5764K(5824K) Class: 533K(640K)->533K(640K)
[11.382s][info][gc             ] GC(132) Pause Full (Ergonomics) 1634M->1632M(1901M) 568.664ms
[11.382s][info][gc,cpu         ] GC(132) User=3.55s Sys=0.00s Real=0.57s
[11.401s][info][gc,start       ] GC(133) Pause Young (Allocation Failure)
[11.430s][info][gc,heap        ] GC(133) PSYoungGen: 19456K(119808K)->19584K(39424K) Eden: 19456K(19456K)->0K(19456K) From: 0K(100352K)->19584K(19968K)
[11.430s][info][gc,heap        ] GC(133) ParOldGen: 1672053K(1827328K)->1672053K(1827328K)
[11.430s][info][gc,metaspace   ] GC(133) Metaspace: 6298K(6464K)->6298K(6464K) NonClass: 5764K(5824K)->5764K(5824K) Class: 533K(640K)->533K(640K)
[11.430s][info][gc             ] GC(133) Pause Young (Allocation Failure) 1651M->1651M(1823M) 29.137ms
[11.430s][info][gc,cpu         ] GC(133) User=0.05s Sys=0.00s Real=0.03s
[11.449s][info][gc,start       ] GC(134) Pause Young (Allocation Failure)
[11.480s][info][gc,heap        ] GC(134) PSYoungGen: 39040K(39424K)->39072K(110592K) Eden: 19456K(19456K)->0K(22016K) From: 19584K(19968K)->39072K(88576K)
[11.480s][info][gc,heap        ] GC(134) ParOldGen: 1672053K(1827328K)->1672053K(1827328K)
[11.480s][info][gc,metaspace   ] GC(134) Metaspace: 6298K(6464K)->6298K(6464K) NonClass: 5764K(5824K)->5764K(5824K) Class: 533K(640K)->533K(640K)
[11.480s][info][gc             ] GC(134) Pause Young (Allocation Failure) 1670M->1671M(1892M) 31.231ms
[11.481s][info][gc,cpu         ] GC(134) User=0.03s Sys=0.00s Real=0.03s
[11.503s][info][gc,start       ] GC(135) Pause Young (Allocation Failure)
[11.540s][info][gc,heap        ] GC(135) PSYoungGen: 61088K(110592K)->41632K(64000K) Eden: 22016K(22016K)->0K(22016K) From: 39072K(88576K)->41632K(41984K)
[11.540s][info][gc,heap        ] GC(135) ParOldGen: 1672053K(1827328K)->1691773K(1827328K)
[11.540s][info][gc,metaspace   ] GC(135) Metaspace: 6298K(6464K)->6298K(6464K) NonClass: 5764K(5824K)->5764K(5824K) Class: 533K(640K)->533K(640K)
[11.540s][info][gc             ] GC(135) Pause Young (Allocation Failure) 1692M->1692M(1847M) 37.104ms
[11.540s][info][gc,cpu         ] GC(135) User=0.12s Sys=0.00s Real=0.04s
[11.565s][info][gc,start       ] GC(136) Pause Young (Allocation Failure)
[11.601s][info][gc,heap        ] GC(136) PSYoungGen: 63648K(64000K)->44224K(109568K) Eden: 22016K(22016K)->0K(24576K) From: 41632K(41984K)->44224K(84992K)
[11.601s][info][gc,heap        ] GC(136) ParOldGen: 1691773K(1827328K)->1711485K(1827328K)
[11.601s][info][gc,metaspace   ] GC(136) Metaspace: 6298K(6464K)->6298K(6464K) NonClass: 5764K(5824K)->5764K(5824K) Class: 533K(640K)->533K(640K)
[11.601s][info][gc             ] GC(136) Pause Young (Allocation Failure) 1714M->1714M(1891M) 36.233ms
[11.601s][info][gc,cpu         ] GC(136) User=0.14s Sys=0.00s Real=0.04s
[11.627s][info][gc,start       ] GC(137) Pause Young (Allocation Failure)
[11.665s][info][gc,heap        ] GC(137) PSYoungGen: 68800K(109568K)->46720K(111616K) Eden: 24576K(24576K)->0K(24576K) From: 44224K(84992K)->46720K(87040K)
[11.665s][info][gc,heap        ] GC(137) ParOldGen: 1711485K(1827328K)->1733813K(1827328K)
[11.665s][info][gc,metaspace   ] GC(137) Metaspace: 6298K(6464K)->6298K(6464K) NonClass: 5764K(5824K)->5764K(5824K) Class: 533K(640K)->533K(640K)
[11.665s][info][gc             ] GC(137) Pause Young (Allocation Failure) 1738M->1738M(1893M) 38.087ms
[11.665s][info][gc,cpu         ] GC(137) User=0.23s Sys=0.00s Real=0.04s
[11.692s][info][gc,start       ] GC(138) Pause Young (Allocation Failure)
[11.731s][info][gc,heap        ] GC(138) PSYoungGen: 71296K(111616K)->49280K(112640K) Eden: 24576K(24576K)->0K(27648K) From: 46720K(87040K)->49280K(84992K)
[11.731s][info][gc,heap        ] GC(138) ParOldGen: 1733813K(1827328K)->1756125K(1827328K)
[11.731s][info][gc,metaspace   ] GC(138) Metaspace: 6298K(6464K)->6298K(6464K) NonClass: 5764K(5824K)->5764K(5824K) Class: 533K(640K)->533K(640K)
[11.731s][info][gc             ] GC(138) Pause Young (Allocation Failure) 1762M->1763M(1894M) 39.285ms
[11.731s][info][gc,cpu         ] GC(138) User=0.14s Sys=0.00s Real=0.04s
[11.759s][info][gc,start       ] GC(139) Pause Young (Allocation Failure)
[11.799s][info][gc,heap        ] GC(139) PSYoungGen: 76928K(112640K)->52416K(113152K) Eden: 27648K(27648K)->0K(27648K) From: 49280K(84992K)->52416K(85504K)
[11.799s][info][gc,heap        ] GC(139) ParOldGen: 1756125K(1827328K)->1781037K(1827328K)
[11.799s][info][gc,metaspace   ] GC(139) Metaspace: 6298K(6464K)->6298K(6464K) NonClass: 5764K(5824K)->5764K(5824K) Class: 533K(640K)->533K(640K)
[11.800s][info][gc             ] GC(139) Pause Young (Allocation Failure) 1790M->1790M(1895M) 40.114ms
[11.800s][info][gc,cpu         ] GC(139) User=0.23s Sys=0.03s Real=0.04s
[11.829s][info][gc,start       ] GC(140) Pause Young (Allocation Failure)
[11.876s][info][gc,heap        ] GC(140) PSYoungGen: 80064K(113152K)->55456K(115712K) Eden: 27648K(27648K)->0K(29696K) From: 52416K(85504K)->55456K(86016K)
[11.876s][info][gc,heap        ] GC(140) ParOldGen: 1781037K(1827328K)->1805965K(1827328K)
[11.876s][info][gc,metaspace   ] GC(140) Metaspace: 6298K(6464K)->6298K(6464K) NonClass: 5764K(5824K)->5764K(5824K) Class: 533K(640K)->533K(640K)
[11.876s][info][gc             ] GC(140) Pause Young (Allocation Failure) 1817M->1817M(1897M) 46.969ms
[11.876s][info][gc,cpu         ] GC(140) User=0.22s Sys=0.00s Real=0.05s
[11.876s][info][gc,start       ] GC(141) Pause Full (Ergonomics)
[11.876s][info][gc,phases,start] GC(141) Marking Phase
[12.300s][info][gc,phases      ] GC(141) Marking Phase 424.252ms
[12.300s][info][gc,phases,start] GC(141) Summary Phase
[12.301s][info][gc,phases      ] GC(141) Summary Phase 0.035ms
[12.301s][info][gc,phases,start] GC(141) Adjust Roots
[12.301s][info][gc,phases      ] GC(141) Adjust Roots 0.181ms
[12.301s][info][gc,phases,start] GC(141) Compaction Phase
[12.489s][info][gc,phases      ] GC(141) Compaction Phase 188.510ms
[12.489s][info][gc,phases,start] GC(141) Post Compact
[12.493s][info][gc,phases      ] GC(141) Post Compact 3.692ms
[12.494s][info][gc,heap        ] GC(141) PSYoungGen: 55456K(115712K)->32234K(115712K) Eden: 0K(29696K)->0K(29696K) From: 55456K(86016K)->32234K(86016K)
[12.494s][info][gc,heap        ] GC(141) ParOldGen: 1805965K(1827328K)->1826951K(1995264K)
[12.494s][info][gc,metaspace   ] GC(141) Metaspace: 6298K(6464K)->6298K(6464K) NonClass: 5764K(5824K)->5764K(5824K) Class: 533K(640K)->533K(640K)
[12.494s][info][gc             ] GC(141) Pause Full (Ergonomics) 1817M->1815M(2061M) 617.977ms
[12.494s][info][gc,cpu         ] GC(141) User=4.06s Sys=0.02s Real=0.62s
[12.527s][info][gc,start       ] GC(142) Pause Young (Allocation Failure)
[12.641s][info][gc,heap        ] GC(142) PSYoungGen: 61930K(115712K)->45344K(117248K) Eden: 29696K(29696K)->0K(29696K) From: 32234K(86016K)->45344K(87552K)
[12.641s][info][gc,heap        ] GC(142) ParOldGen: 1826951K(1995264K)->1843975K(1995264K)
[12.641s][info][gc,metaspace   ] GC(142) Metaspace: 6298K(6464K)->6298K(6464K) NonClass: 5764K(5824K)->5764K(5824K) Class: 533K(640K)->533K(640K)
[12.641s][info][gc             ] GC(142) Pause Young (Allocation Failure) 1844M->1845M(2063M) 114.126ms
[12.641s][info][gc,cpu         ] GC(142) User=0.78s Sys=0.08s Real=0.11s
[12.675s][info][gc,start       ] GC(143) Pause Young (Allocation Failure)
[12.718s][info][gc,heap        ] GC(143) PSYoungGen: 75040K(117248K)->75104K(109056K) Eden: 29696K(29696K)->0K(24576K) From: 45344K(87552K)->75104K(84480K)
[12.718s][info][gc,heap        ] GC(143) ParOldGen: 1843975K(1995264K)->1843975K(1995264K)
[12.718s][info][gc,metaspace   ] GC(143) Metaspace: 6298K(6464K)->6298K(6464K) NonClass: 5764K(5824K)->5764K(5824K) Class: 533K(640K)->533K(640K)
[12.718s][info][gc             ] GC(143) Pause Young (Allocation Failure) 1874M->1874M(2055M) 43.777ms
[12.718s][info][gc,cpu         ] GC(143) User=0.25s Sys=0.00s Real=0.04s
[12.745s][info][gc,start       ] GC(144) Pause Young (Allocation Failure)
[12.796s][info][gc,heap        ] GC(144) PSYoungGen: 99680K(109056K)->92672K(117248K) Eden: 24576K(24576K)->0K(24576K) From: 75104K(84480K)->92672K(92672K)
[12.797s][info][gc,heap        ] GC(144) ParOldGen: 1843975K(1995264K)->1850975K(1995264K)
[12.797s][info][gc,metaspace   ] GC(144) Metaspace: 6298K(6464K)->6298K(6464K) NonClass: 5764K(5824K)->5764K(5824K) Class: 533K(640K)->533K(640K)
[12.797s][info][gc             ] GC(144) Pause Young (Allocation Failure) 1898M->1898M(2063M) 51.645ms
[12.797s][info][gc,cpu         ] GC(144) User=0.38s Sys=0.02s Real=0.05s
[12.826s][info][gc,start       ] GC(145) Pause Young (Allocation Failure)
[12.889s][info][gc,heap        ] GC(145) PSYoungGen: 117248K(117248K)->75360K(132096K) Eden: 24576K(24576K)->0K(24064K) From: 92672K(92672K)->75360K(108032K)
[12.889s][info][gc,heap        ] GC(145) ParOldGen: 1850975K(1995264K)->1893559K(1995264K)
[12.889s][info][gc,metaspace   ] GC(145) Metaspace: 6298K(6464K)->6298K(6464K) NonClass: 5764K(5824K)->5764K(5824K) Class: 533K(640K)->533K(640K)
[12.889s][info][gc             ] GC(145) Pause Young (Allocation Failure) 1922M->1922M(2077M) 63.582ms
[12.889s][info][gc,cpu         ] GC(145) User=0.38s Sys=0.02s Real=0.06s
[12.917s][info][gc,start       ] GC(146) Pause Young (Allocation Failure)
[12.970s][info][gc,heap        ] GC(146) PSYoungGen: 99424K(132096K)->70368K(135680K) Eden: 24064K(24064K)->0K(24064K) From: 75360K(108032K)->70368K(111616K)
[12.970s][info][gc,heap        ] GC(146) ParOldGen: 1893559K(1995264K)->1922983K(1995264K)
[12.970s][info][gc,metaspace   ] GC(146) Metaspace: 6298K(6464K)->6298K(6464K) NonClass: 5764K(5824K)->5764K(5824K) Class: 533K(640K)->533K(640K)
[12.970s][info][gc             ] GC(146) Pause Young (Allocation Failure) 1946M->1946M(2081M) 53.024ms
[12.970s][info][gc,cpu         ] GC(146) User=0.38s Sys=0.02s Real=0.05s
[13.002s][info][gc,start       ] GC(147) Pause Young (Allocation Failure)
[13.053s][info][gc,heap        ] GC(147) PSYoungGen: 94432K(135680K)->72896K(138240K) Eden: 24064K(24064K)->0K(26112K) From: 70368K(111616K)->72896K(112128K)
[13.053s][info][gc,heap        ] GC(147) ParOldGen: 1922983K(1995264K)->1944815K(1995264K)
[13.053s][info][gc,metaspace   ] GC(147) Metaspace: 6298K(6464K)->6298K(6464K) NonClass: 5764K(5824K)->5764K(5824K) Class: 533K(640K)->533K(640K)
[13.053s][info][gc             ] GC(147) Pause Young (Allocation Failure) 1970M->1970M(2083M) 51.340ms
[13.053s][info][gc,cpu         ] GC(147) User=0.27s Sys=0.00s Real=0.05s
[13.085s][info][gc,start       ] GC(148) Pause Young (Allocation Failure)
[13.144s][info][gc,heap        ] GC(148) PSYoungGen: 99008K(138240K)->74464K(139264K) Eden: 26112K(26112K)->0K(26112K) From: 72896K(112128K)->74464K(113152K)
[13.144s][info][gc,heap        ] GC(148) ParOldGen: 1944815K(1995264K)->1969743K(1995264K)
[13.144s][info][gc,metaspace   ] GC(148) Metaspace: 6298K(6464K)->6298K(6464K) NonClass: 5764K(5824K)->5764K(5824K) Class: 533K(640K)->533K(640K)
[13.144s][info][gc             ] GC(148) Pause Young (Allocation Failure) 1995M->1996M(2084M) 58.865ms
[13.144s][info][gc,cpu         ] GC(148) User=0.30s Sys=0.00s Real=0.06s
[13.144s][info][gc,start       ] GC(149) Pause Full (Ergonomics)
[13.144s][info][gc,phases,start] GC(149) Marking Phase
[13.627s][info][gc,phases      ] GC(149) Marking Phase 483.012ms
[13.627s][info][gc,phases,start] GC(149) Summary Phase
[13.627s][info][gc,phases      ] GC(149) Summary Phase 0.038ms
[13.627s][info][gc,phases,start] GC(149) Adjust Roots
[13.628s][info][gc,phases      ] GC(149) Adjust Roots 0.166ms
[13.628s][info][gc,phases,start] GC(149) Compaction Phase
[13.830s][info][gc,phases      ] GC(149) Compaction Phase 202.880ms
[13.831s][info][gc,phases,start] GC(149) Post Compact
[13.835s][info][gc,phases      ] GC(149) Post Compact 4.429ms
[13.836s][info][gc,heap        ] GC(149) PSYoungGen: 74464K(139264K)->46545K(139264K) Eden: 0K(26112K)->0K(26112K) From: 74464K(113152K)->46545K(113152K)
[13.836s][info][gc,heap        ] GC(149) ParOldGen: 1969743K(1995264K)->1995197K(2181120K)
[13.836s][info][gc,metaspace   ] GC(149) Metaspace: 6298K(6464K)->6298K(6464K) NonClass: 5764K(5824K)->5764K(5824K) Class: 533K(640K)->533K(640K)
[13.836s][info][gc             ] GC(149) Pause Full (Ergonomics) 1996M->1993M(2266M) 691.633ms
[13.836s][info][gc,cpu         ] GC(149) User=4.77s Sys=0.02s Real=0.69s
[13.864s][info][gc,start       ] GC(150) Pause Young (Allocation Failure)
[13.984s][info][gc,heap        ] GC(150) PSYoungGen: 72657K(139264K)->42976K(136704K) Eden: 26112K(26112K)->0K(29184K) From: 46545K(113152K)->42976K(107520K)
[13.984s][info][gc,heap        ] GC(150) ParOldGen: 1995197K(2181120K)->2025437K(2181120K)
[13.984s][info][gc,metaspace   ] GC(150) Metaspace: 6298K(6464K)->6298K(6464K) NonClass: 5764K(5824K)->5764K(5824K) Class: 533K(640K)->533K(640K)
[13.984s][info][gc             ] GC(150) Pause Young (Allocation Failure) 2019M->2019M(2263M) 120.392ms
[13.984s][info][gc,cpu         ] GC(150) User=0.75s Sys=0.02s Real=0.12s
[14.014s][info][gc,start       ] GC(151) Pause Young (Allocation Failure)
[14.057s][info][gc,heap        ] GC(151) PSYoungGen: 72160K(136704K)->55520K(84992K) Eden: 29184K(29184K)->0K(29184K) From: 42976K(107520K)->55520K(55808K)
[14.057s][info][gc,heap        ] GC(151) ParOldGen: 2025437K(2181120K)->2042389K(2181120K)
[14.057s][info][gc,metaspace   ] GC(151) Metaspace: 6298K(6464K)->6298K(6464K) NonClass: 5764K(5824K)->5764K(5824K) Class: 533K(640K)->533K(640K)
[14.057s][info][gc             ] GC(151) Pause Young (Allocation Failure) 2048M->2048M(2213M) 42.260ms
[14.057s][info][gc,cpu         ] GC(151) User=0.20s Sys=0.02s Real=0.04s
[14.091s][info][gc,start       ] GC(152) Pause Young (Allocation Failure)
[14.136s][info][gc,heap        ] GC(152) PSYoungGen: 84704K(84992K)->58560K(130560K) Eden: 29184K(29184K)->0K(32768K) From: 55520K(55808K)->58560K(97792K)
[14.136s][info][gc,heap        ] GC(152) ParOldGen: 2042389K(2181120K)->2068837K(2181120K)
[14.136s][info][gc,metaspace   ] GC(152) Metaspace: 6298K(6464K)->6298K(6464K) NonClass: 5764K(5824K)->5764K(5824K) Class: 533K(640K)->533K(640K)
[14.136s][info][gc             ] GC(152) Pause Young (Allocation Failure) 2077M->2077M(2257M) 45.525ms
[14.136s][info][gc,cpu         ] GC(152) User=0.23s Sys=0.02s Real=0.05s
[14.172s][info][gc,start       ] GC(153) Pause Young (Allocation Failure)
[14.222s][info][gc,heap        ] GC(153) PSYoungGen: 91328K(130560K)->62144K(134656K) Eden: 32768K(32768K)->0K(32768K) From: 58560K(97792K)->62144K(101888K)
[14.222s][info][gc,heap        ] GC(153) ParOldGen: 2068837K(2181120K)->2098405K(2181120K)
[14.222s][info][gc,metaspace   ] GC(153) Metaspace: 6298K(6464K)->6298K(6464K) NonClass: 5764K(5824K)->5764K(5824K) Class: 533K(640K)->533K(640K)
[14.222s][info][gc             ] GC(153) Pause Young (Allocation Failure) 2109M->2109M(2261M) 49.830ms
[14.222s][info][gc,cpu         ] GC(153) User=0.27s Sys=0.00s Real=0.05s
[14.260s][info][gc,start       ] GC(154) Pause Young (Allocation Failure)
[14.311s][info][gc,heap        ] GC(154) PSYoungGen: 94912K(134656K)->65760K(134144K) Eden: 32768K(32768K)->0K(36864K) From: 62144K(101888K)->65760K(97280K)
[14.311s][info][gc,heap        ] GC(154) ParOldGen: 2098405K(2181120K)->2127989K(2181120K)
[14.311s][info][gc,metaspace   ] GC(154) Metaspace: 6298K(6464K)->6298K(6464K) NonClass: 5764K(5824K)->5764K(5824K) Class: 533K(640K)->533K(640K)
[14.311s][info][gc             ] GC(154) Pause Young (Allocation Failure) 2141M->2142M(2261M) 50.242ms
[14.311s][info][gc,cpu         ] GC(154) User=0.25s Sys=0.03s Real=0.05s
[14.357s][info][gc,start       ] GC(155) Pause Young (Allocation Failure)
[14.413s][info][gc,heap        ] GC(155) PSYoungGen: 102624K(134144K)->69824K(135168K) Eden: 36864K(36864K)->0K(36864K) From: 65760K(97280K)->69824K(98304K)
[14.413s][info][gc,heap        ] GC(155) ParOldGen: 2127989K(2181120K)->2161205K(2181120K)
[14.413s][info][gc,metaspace   ] GC(155) Metaspace: 6298K(6464K)->6298K(6464K) NonClass: 5764K(5824K)->5764K(5824K) Class: 533K(640K)->533K(640K)
[14.413s][info][gc             ] GC(155) Pause Young (Allocation Failure) 2178M->2178M(2262M) 55.795ms
[14.413s][info][gc,cpu         ] GC(155) User=0.36s Sys=0.00s Real=0.06s
[14.413s][info][gc,start       ] GC(156) Pause Full (Ergonomics)
[14.413s][info][gc,phases,start] GC(156) Marking Phase
[14.938s][info][gc,phases      ] GC(156) Marking Phase 525.502ms
[14.938s][info][gc,phases,start] GC(156) Summary Phase
[14.938s][info][gc,phases      ] GC(156) Summary Phase 0.049ms
[14.938s][info][gc,phases,start] GC(156) Adjust Roots
[14.939s][info][gc,phases      ] GC(156) Adjust Roots 0.185ms
[14.939s][info][gc,phases,start] GC(156) Compaction Phase
[15.144s][info][gc,phases      ] GC(156) Compaction Phase 205.484ms
[15.144s][info][gc,phases,start] GC(156) Post Compact
[15.149s][info][gc,phases      ] GC(156) Post Compact 4.391ms
[15.149s][info][gc,heap        ] GC(156) PSYoungGen: 69824K(135168K)->47597K(135168K) Eden: 0K(36864K)->0K(36864K) From: 69824K(98304K)->47597K(98304K)
[15.149s][info][gc,heap        ] GC(156) ParOldGen: 2161205K(2181120K)->2180841K(2385920K)
[15.149s][info][gc,metaspace   ] GC(156) Metaspace: 6298K(6464K)->6298K(6464K) NonClass: 5764K(5824K)->5764K(5824K) Class: 533K(640K)->533K(640K)
[15.149s][info][gc             ] GC(156) Pause Full (Ergonomics) 2178M->2176M(2462M) 736.668ms
[15.149s][info][gc,cpu         ] GC(156) User=5.27s Sys=0.03s Real=0.74s
[15.199s][info][gc,start       ] GC(157) Pause Young (Allocation Failure)
[15.351s][info][gc,heap        ] GC(157) PSYoungGen: 84461K(135168K)->61472K(131584K) Eden: 36864K(36864K)->0K(40448K) From: 47597K(98304K)->61472K(91136K)
[15.351s][info][gc,heap        ] GC(157) ParOldGen: 2180841K(2385920K)->2204393K(2385920K)
[15.351s][info][gc,metaspace   ] GC(157) Metaspace: 6298K(6464K)->6298K(6464K) NonClass: 5764K(5824K)->5764K(5824K) Class: 533K(640K)->533K(640K)
[15.351s][info][gc             ] GC(157) Pause Young (Allocation Failure) 2212M->2212M(2458M) 152.137ms
[15.351s][info][gc,cpu         ] GC(157) User=0.89s Sys=0.03s Real=0.15s
[15.400s][info][gc,start       ] GC(158) Pause Young (Allocation Failure)
[15.470s][info][gc,heap        ] GC(158) PSYoungGen: 101920K(131584K)->95232K(135680K) Eden: 40448K(40448K)->0K(40448K) From: 61472K(91136K)->95232K(95232K)
[15.470s][info][gc,heap        ] GC(158) ParOldGen: 2204393K(2385920K)->2211129K(2385920K)
[15.470s][info][gc,metaspace   ] GC(158) Metaspace: 6298K(6464K)->6298K(6464K) NonClass: 5764K(5824K)->5764K(5824K) Class: 533K(640K)->533K(640K)
[15.470s][info][gc             ] GC(158) Pause Young (Allocation Failure) 2252M->2252M(2462M) 70.465ms
[15.470s][info][gc,cpu         ] GC(158) User=0.34s Sys=0.00s Real=0.07s
[15.517s][info][gc,start       ] GC(159) Pause Young (Allocation Failure)
[15.619s][info][gc,heap        ] GC(159) PSYoungGen: 135680K(135680K)->78272K(151040K) Eden: 40448K(40448K)->0K(43520K) From: 95232K(95232K)->78272K(107520K)
[15.619s][info][gc,heap        ] GC(159) ParOldGen: 2211129K(2385920K)->2269321K(2385920K)
[15.619s][info][gc,metaspace   ] GC(159) Metaspace: 6298K(6464K)->6298K(6464K) NonClass: 5764K(5824K)->5764K(5824K) Class: 533K(640K)->533K(640K)
[15.619s][info][gc             ] GC(159) Pause Young (Allocation Failure) 2291M->2292M(2477M) 101.687ms
[15.619s][info][gc,cpu         ] GC(159) User=0.48s Sys=0.02s Real=0.10s
[15.672s][info][gc,start       ] GC(160) Pause Young (Allocation Failure)
[15.749s][info][gc,heap        ] GC(160) PSYoungGen: 121792K(151040K)->84192K(152064K) Eden: 43520K(43520K)->0K(43520K) From: 78272K(107520K)->84192K(108544K)
[15.749s][info][gc,heap        ] GC(160) ParOldGen: 2269321K(2385920K)->2307265K(2385920K)
[15.749s][info][gc,metaspace   ] GC(160) Metaspace: 6298K(6464K)->6298K(6464K) NonClass: 5764K(5824K)->5764K(5824K) Class: 533K(640K)->533K(640K)
[15.749s][info][gc             ] GC(160) Pause Young (Allocation Failure) 2335M->2335M(2478M) 76.321ms
[15.749s][info][gc,cpu         ] GC(160) User=0.38s Sys=0.09s Real=0.08s
[15.803s][info][gc,start       ] GC(161) Pause Young (Allocation Failure)
[15.885s][info][gc,heap        ] GC(161) PSYoungGen: 127712K(152064K)->87264K(156672K) Eden: 43520K(43520K)->0K(45568K) From: 84192K(108544K)->87264K(111104K)
[15.885s][info][gc,heap        ] GC(161) ParOldGen: 2307265K(2385920K)->2348065K(2385920K)
[15.885s][info][gc,metaspace   ] GC(161) Metaspace: 6298K(6464K)->6298K(6464K) NonClass: 5764K(5824K)->5764K(5824K) Class: 533K(640K)->533K(640K)
[15.885s][info][gc             ] GC(161) Pause Young (Allocation Failure) 2377M->2378M(2483M) 81.836ms
[15.885s][info][gc,cpu         ] GC(161) User=0.48s Sys=0.02s Real=0.08s
[15.885s][info][gc,start       ] GC(162) Pause Full (Ergonomics)
[15.885s][info][gc,phases,start] GC(162) Marking Phase
[16.461s][info][gc,phases      ] GC(162) Marking Phase 575.633ms
[16.461s][info][gc,phases,start] GC(162) Summary Phase
[16.461s][info][gc,phases      ] GC(162) Summary Phase 0.058ms
[16.461s][info][gc,phases,start] GC(162) Adjust Roots
[16.461s][info][gc,phases      ] GC(162) Adjust Roots 0.199ms
[16.461s][info][gc,phases,start] GC(162) Compaction Phase
[16.669s][info][gc,phases      ] GC(162) Compaction Phase 207.801ms
[16.669s][info][gc,phases,start] GC(162) Post Compact
[16.673s][info][gc,phases      ] GC(162) Post Compact 4.341ms
[16.674s][info][gc,heap        ] GC(162) PSYoungGen: 87264K(156672K)->47618K(156672K) Eden: 0K(45568K)->0K(45568K) From: 87264K(111104K)->47618K(111104K)
[16.674s][info][gc,heap        ] GC(162) ParOldGen: 2348065K(2385920K)->2385452K(2620928K)
[16.674s][info][gc,metaspace   ] GC(162) Metaspace: 6298K(6464K)->6298K(6464K) NonClass: 5764K(5824K)->5764K(5824K) Class: 533K(640K)->533K(640K)
[16.674s][info][gc             ] GC(162) Pause Full (Ergonomics) 2378M->2376M(2712M) 789.185ms
[16.674s][info][gc,cpu         ] GC(162) User=5.92s Sys=0.02s Real=0.79s
[16.733s][info][gc,start       ] GC(163) Pause Young (Allocation Failure)
[16.886s][info][gc,heap        ] GC(163) PSYoungGen: 93186K(156672K)->69472K(159744K) Eden: 45568K(45568K)->0K(45568K) From: 47618K(111104K)->69472K(114176K)
[16.886s][info][gc,heap        ] GC(163) ParOldGen: 2385452K(2620928K)->2409692K(2620928K)
[16.886s][info][gc,metaspace   ] GC(163) Metaspace: 6298K(6464K)->6298K(6464K) NonClass: 5764K(5824K)->5764K(5824K) Class: 533K(640K)->533K(640K)
[16.886s][info][gc             ] GC(163) Pause Young (Allocation Failure) 2420M->2421M(2715M) 153.542ms
[16.886s][info][gc,cpu         ] GC(163) User=1.00s Sys=0.02s Real=0.15s
[16.939s][info][gc,start       ] GC(164) Pause Young (Allocation Failure)
[17.003s][info][gc,heap        ] GC(164) PSYoungGen: 115040K(159744K)->110080K(147456K) Eden: 45568K(45568K)->0K(37376K) From: 69472K(114176K)->110080K(110080K)
[17.003s][info][gc,heap        ] GC(164) ParOldGen: 2409692K(2620928K)->2414636K(2620928K)
[17.003s][info][gc,metaspace   ] GC(164) Metaspace: 6298K(6464K)->6298K(6464K) NonClass: 5764K(5824K)->5764K(5824K) Class: 533K(640K)->533K(640K)
[17.004s][info][gc             ] GC(164) Pause Young (Allocation Failure) 2465M->2465M(2703M) 64.447ms
[17.004s][info][gc,cpu         ] GC(164) User=0.28s Sys=0.11s Real=0.07s
[17.049s][info][gc,start       ] GC(165) Pause Young (Allocation Failure)
[17.131s][info][gc,heap        ] GC(165) PSYoungGen: 147456K(147456K)->80896K(160256K) Eden: 37376K(37376K)->0K(37376K) From: 110080K(110080K)->80896K(122880K)
[17.131s][info][gc,heap        ] GC(165) ParOldGen: 2414636K(2620928K)->2481892K(2620928K)
[17.131s][info][gc,metaspace   ] GC(165) Metaspace: 6298K(6464K)->6298K(6464K) NonClass: 5764K(5824K)->5764K(5824K) Class: 533K(640K)->533K(640K)
[17.131s][info][gc             ] GC(165) Pause Young (Allocation Failure) 2502M->2502M(2716M) 81.998ms
[17.131s][info][gc,cpu         ] GC(165) User=0.50s Sys=0.02s Real=0.08s
[17.178s][info][gc,start       ] GC(166) Pause Young (Allocation Failure)
[17.244s][info][gc,heap        ] GC(166) PSYoungGen: 118272K(160256K)->75040K(154112K) Eden: 37376K(37376K)->0K(41984K) From: 80896K(122880K)->75040K(112128K)
[17.244s][info][gc,heap        ] GC(166) ParOldGen: 2481892K(2620928K)->2525540K(2620928K)
[17.244s][info][gc,metaspace   ] GC(166) Metaspace: 6298K(6464K)->6298K(6464K) NonClass: 5764K(5824K)->5764K(5824K) Class: 533K(640K)->533K(640K)
[17.244s][info][gc             ] GC(166) Pause Young (Allocation Failure) 2539M->2539M(2710M) 66.139ms
[17.244s][info][gc,cpu         ] GC(166) User=0.30s Sys=0.08s Real=0.07s
[17.297s][info][gc,start       ] GC(167) Pause Young (Allocation Failure)
[17.360s][info][gc,heap        ] GC(167) PSYoungGen: 117024K(154112K)->79552K(158208K) Eden: 41984K(41984K)->0K(41984K) From: 75040K(112128K)->79552K(116224K)
[17.360s][info][gc,heap        ] GC(167) ParOldGen: 2525540K(2620928K)->2563252K(2620928K)
[17.360s][info][gc,metaspace   ] GC(167) Metaspace: 6298K(6464K)->6298K(6464K) NonClass: 5764K(5824K)->5764K(5824K) Class: 533K(640K)->533K(640K)
[17.360s][info][gc             ] GC(167) Pause Young (Allocation Failure) 2580M->2580M(2714M) 63.216ms
[17.360s][info][gc,cpu         ] GC(167) User=0.36s Sys=0.02s Real=0.06s
[17.360s][info][gc,start       ] GC(168) Pause Full (Ergonomics)
[17.360s][info][gc,phases,start] GC(168) Marking Phase
[17.969s][info][gc,phases      ] GC(168) Marking Phase 608.941ms
[17.969s][info][gc,phases,start] GC(168) Summary Phase
[17.969s][info][gc,phases      ] GC(168) Summary Phase 0.051ms
[17.969s][info][gc,phases,start] GC(168) Adjust Roots
[17.969s][info][gc,phases      ] GC(168) Adjust Roots 0.187ms
[17.969s][info][gc,phases,start] GC(168) Compaction Phase
[18.190s][info][gc,phases      ] GC(168) Compaction Phase 220.647ms
[18.190s][info][gc,phases,start] GC(168) Post Compact
[18.195s][info][gc,phases      ] GC(168) Post Compact 4.620ms
[18.196s][info][gc,heap        ] GC(168) PSYoungGen: 79552K(158208K)->20016K(158208K) Eden: 0K(41984K)->0K(41984K) From: 79552K(116224K)->20016K(116224K)
[18.196s][info][gc,heap        ] GC(168) ParOldGen: 2563252K(2620928K)->2620762K(2886144K)
[18.196s][info][gc,metaspace   ] GC(168) Metaspace: 6298K(6464K)->6298K(6464K) NonClass: 5764K(5824K)->5764K(5824K) Class: 533K(640K)->533K(640K)
[18.196s][info][gc             ] GC(168) Pause Full (Ergonomics) 2580M->2578M(2973M) 835.785ms
[18.196s][info][gc,cpu         ] GC(168) User=6.17s Sys=0.06s Real=0.84s
[18.252s][info][gc,start       ] GC(169) Pause Young (Allocation Failure)
[18.395s][info][gc,heap        ] GC(169) PSYoungGen: 62000K(158208K)->54496K(158208K) Eden: 41984K(41984K)->0K(46080K) From: 20016K(116224K)->54496K(112128K)
[18.395s][info][gc,heap        ] GC(169) ParOldGen: 2620762K(2886144K)->2628610K(2886144K)
[18.395s][info][gc,metaspace   ] GC(169) Metaspace: 6298K(6464K)->6298K(6464K) NonClass: 5764K(5824K)->5764K(5824K) Class: 533K(640K)->533K(640K)
[18.395s][info][gc             ] GC(169) Pause Young (Allocation Failure) 2619M->2620M(2973M) 143.092ms
[18.395s][info][gc,cpu         ] GC(169) User=0.88s Sys=0.02s Real=0.14s
[18.452s][info][gc,start       ] GC(170) Pause Young (Allocation Failure)
[18.509s][info][gc,heap        ] GC(170) PSYoungGen: 100576K(158208K)->100608K(159744K) Eden: 46080K(46080K)->0K(46080K) From: 54496K(112128K)->100608K(113664K)
[18.509s][info][gc,heap        ] GC(170) ParOldGen: 2628610K(2886144K)->2628610K(2886144K)
[18.509s][info][gc,metaspace   ] GC(170) Metaspace: 6298K(6464K)->6298K(6464K) NonClass: 5764K(5824K)->5764K(5824K) Class: 533K(640K)->533K(640K)
[18.509s][info][gc             ] GC(170) Pause Young (Allocation Failure) 2665M->2665M(2974M) 56.465ms
[18.509s][info][gc,cpu         ] GC(170) User=0.38s Sys=0.00s Real=0.06s
[18.564s][info][gc,start       ] GC(171) Pause Young (Allocation Failure)
[18.646s][info][gc,heap        ] GC(171) PSYoungGen: 146688K(159744K)->119808K(148480K) Eden: 46080K(46080K)->0K(28672K) From: 100608K(113664K)->119808K(119808K)
[18.646s][info][gc,heap        ] GC(171) ParOldGen: 2628610K(2886144K)->2655674K(2886144K)
[18.646s][info][gc,metaspace   ] GC(171) Metaspace: 6298K(6464K)->6298K(6464K) NonClass: 5764K(5824K)->5764K(5824K) Class: 533K(640K)->533K(640K)
[18.646s][info][gc             ] GC(171) Pause Young (Allocation Failure) 2710M->2710M(2963M) 82.203ms
[18.646s][info][gc,cpu         ] GC(171) User=0.47s Sys=0.03s Real=0.08s
[18.681s][info][gc,start       ] GC(172) Pause Young (Allocation Failure)
[18.762s][info][gc,heap        ] GC(172) PSYoungGen: 148480K(148480K)->106432K(170496K) Eden: 28672K(28672K)->0K(28672K) From: 119808K(119808K)->106432K(141824K)
[18.762s][info][gc,heap        ] GC(172) ParOldGen: 2655674K(2886144K)->2698250K(2886144K)
[18.762s][info][gc,metaspace   ] GC(172) Metaspace: 6298K(6464K)->6298K(6464K) NonClass: 5764K(5824K)->5764K(5824K) Class: 533K(640K)->533K(640K)
[18.762s][info][gc             ] GC(172) Pause Young (Allocation Failure) 2738M->2738M(2985M) 81.384ms
[18.762s][info][gc,cpu         ] GC(172) User=0.53s Sys=0.00s Real=0.08s
[18.796s][info][gc,start       ] GC(173) Pause Young (Allocation Failure)
[18.870s][info][gc,heap        ] GC(173) PSYoungGen: 135104K(170496K)->94208K(171520K) Eden: 28672K(28672K)->0K(32256K) From: 106432K(141824K)->94208K(139264K)
[18.870s][info][gc,heap        ] GC(173) ParOldGen: 2698250K(2886144K)->2739442K(2886144K)
[18.870s][info][gc,metaspace   ] GC(173) Metaspace: 6298K(6464K)->6298K(6464K) NonClass: 5764K(5824K)->5764K(5824K) Class: 533K(640K)->533K(640K)
[18.870s][info][gc             ] GC(173) Pause Young (Allocation Failure) 2766M->2767M(2986M) 73.634ms
[18.870s][info][gc,cpu         ] GC(173) User=0.45s Sys=0.05s Real=0.07s
[19.434s][info][gc,start       ] GC(174) Pause Full (Ergonomics)
[19.434s][info][gc,phases,start] GC(174) Marking Phase
[20.092s][info][gc,phases      ] GC(174) Marking Phase 657.957ms
[20.092s][info][gc,phases,start] GC(174) Summary Phase
[20.092s][info][gc,phases      ] GC(174) Summary Phase 0.047ms
[20.092s][info][gc,phases,start] GC(174) Adjust Roots
[20.092s][info][gc,phases      ] GC(174) Adjust Roots 0.172ms
[20.092s][info][gc,phases,start] GC(174) Compaction Phase
[20.555s][info][gc,phases      ] GC(174) Compaction Phase 462.301ms
[20.555s][info][gc,phases,start] GC(174) Post Compact
[20.561s][info][gc,phases      ] GC(174) Post Compact 6.121ms
[20.562s][info][gc,heap        ] GC(174) PSYoungGen: 126464K(171520K)->43805K(174080K) Eden: 32256K(32256K)->0K(34816K) From: 94208K(139264K)->43805K(139264K)
[20.562s][info][gc,heap        ] GC(174) ParOldGen: 2870514K(2886144K)->2886063K(3169280K)
[20.562s][info][gc,metaspace   ] GC(174) Metaspace: 6298K(6464K)->6298K(6464K) NonClass: 5764K(5824K)->5764K(5824K) Class: 533K(640K)->533K(640K)
[20.562s][info][gc             ] GC(174) Pause Full (Ergonomics) 2926M->2861M(3265M) 1128.322ms
[20.562s][info][gc,cpu         ] GC(174) User=7.86s Sys=0.05s Real=1.13s
[20.601s][info][gc,start       ] GC(175) Pause Young (Allocation Failure)
[20.758s][info][gc,heap        ] GC(175) PSYoungGen: 78621K(174080K)->63680K(176640K) Eden: 34816K(34816K)->0K(34816K) From: 43805K(139264K)->63680K(141824K)
[20.758s][info][gc,heap        ] GC(175) ParOldGen: 2886063K(3169280K)->2901407K(3169280K)
[20.758s][info][gc,metaspace   ] GC(175) Metaspace: 6298K(6464K)->6298K(6464K) NonClass: 5764K(5824K)->5764K(5824K) Class: 533K(640K)->533K(640K)
[20.758s][info][gc             ] GC(175) Pause Young (Allocation Failure) 2895M->2895M(3267M) 157.687ms
[20.758s][info][gc,cpu         ] GC(175) User=0.84s Sys=0.00s Real=0.16s
[20.796s][info][gc,start       ] GC(176) Pause Young (Allocation Failure)
[20.858s][info][gc,heap        ] GC(176) PSYoungGen: 98496K(176640K)->98560K(178688K) Eden: 34816K(34816K)->0K(38400K) From: 63680K(141824K)->98560K(140288K)
[20.858s][info][gc,heap        ] GC(176) ParOldGen: 2901407K(3169280K)->2901407K(3169280K)
[20.858s][info][gc,metaspace   ] GC(176) Metaspace: 6298K(6464K)->6298K(6464K) NonClass: 5764K(5824K)->5764K(5824K) Class: 533K(640K)->533K(640K)
[20.858s][info][gc             ] GC(176) Pause Young (Allocation Failure) 2929M->2929M(3269M) 61.858ms
[20.858s][info][gc,cpu         ] GC(176) User=0.19s Sys=0.00s Real=0.06s
[20.896s][info][gc,start       ] GC(177) Pause Young (Allocation Failure)
[20.968s][info][gc,heap        ] GC(177) PSYoungGen: 136960K(178688K)->121792K(178688K) Eden: 38400K(38400K)->0K(38400K) From: 98560K(140288K)->121792K(140288K)
[20.968s][info][gc,heap        ] GC(177) ParOldGen: 2901407K(3169280K)->2916775K(3169280K)
[20.968s][info][gc,metaspace   ] GC(177) Metaspace: 6298K(6464K)->6298K(6464K) NonClass: 5764K(5824K)->5764K(5824K) Class: 533K(640K)->533K(640K)
[20.969s][info][gc             ] GC(177) Pause Young (Allocation Failure) 2967M->2967M(3269M) 72.956ms
[20.969s][info][gc,cpu         ] GC(177) User=0.28s Sys=0.03s Real=0.07s
[21.008s][info][gc,start       ] GC(178) Pause Young (Allocation Failure)
[21.088s][info][gc,heap        ] GC(178) PSYoungGen: 160192K(178688K)->146720K(175616K) Eden: 38400K(38400K)->0K(27648K) From: 121792K(140288K)->146720K(147968K)
[21.088s][info][gc,heap        ] GC(178) ParOldGen: 2916775K(3169280K)->2930367K(3169280K)
[21.088s][info][gc,metaspace   ] GC(178) Metaspace: 6298K(6464K)->6298K(6464K) NonClass: 5764K(5824K)->5764K(5824K) Class: 533K(640K)->533K(640K)
[21.088s][info][gc             ] GC(178) Pause Young (Allocation Failure) 3004M->3004M(3266M) 79.555ms
[21.088s][info][gc,cpu         ] GC(178) User=0.36s Sys=0.08s Real=0.08s
[21.114s][info][gc,start       ] GC(179) Pause Young (Allocation Failure)
[21.198s][info][gc,heap        ] GC(179) PSYoungGen: 174368K(175616K)->139520K(190976K) Eden: 27648K(27648K)->0K(27648K) From: 146720K(147968K)->139520K(163328K)
[21.198s][info][gc,heap        ] GC(179) ParOldGen: 2930367K(3169280K)->2965495K(3169280K)
[21.198s][info][gc,metaspace   ] GC(179) Metaspace: 6298K(6464K)->6298K(6464K) NonClass: 5764K(5824K)->5764K(5824K) Class: 533K(640K)->533K(640K)
[21.198s][info][gc             ] GC(179) Pause Young (Allocation Failure) 3031M->3032M(3281M) 83.867ms
[21.198s][info][gc,cpu         ] GC(179) User=0.50s Sys=0.02s Real=0.08s
[21.224s][info][gc,start       ] GC(180) Pause Young (Allocation Failure)
[21.309s][info][gc,heap        ] GC(180) PSYoungGen: 167168K(190976K)->93920K(193024K) Eden: 27648K(27648K)->0K(31744K) From: 139520K(163328K)->93920K(161280K)
[21.309s][info][gc,heap        ] GC(180) ParOldGen: 2965495K(3169280K)->3039343K(3169280K)
[21.309s][info][gc,metaspace   ] GC(180) Metaspace: 6298K(6464K)->6298K(6464K) NonClass: 5764K(5824K)->5764K(5824K) Class: 533K(640K)->533K(640K)
[21.309s][info][gc             ] GC(180) Pause Young (Allocation Failure) 3059M->3059M(3283M) 84.981ms
[21.309s][info][gc,cpu         ] GC(180) User=0.48s Sys=0.03s Real=0.09s
[21.343s][info][gc,start       ] GC(181) Pause Young (Allocation Failure)
[21.413s][info][gc,heap        ] GC(181) PSYoungGen: 125664K(193024K)->59584K(198656K) Eden: 31744K(31744K)->0K(31744K) From: 93920K(161280K)->59584K(166912K)
[21.413s][info][gc,heap        ] GC(181) ParOldGen: 3039343K(3169280K)->3105967K(3169280K)
[21.413s][info][gc,metaspace   ] GC(181) Metaspace: 6298K(6464K)->6298K(6464K) NonClass: 5764K(5824K)->5764K(5824K) Class: 533K(640K)->533K(640K)
[21.413s][info][gc             ] GC(181) Pause Young (Allocation Failure) 3090M->3091M(3289M) 69.395ms
[21.413s][info][gc,cpu         ] GC(181) User=0.19s Sys=0.03s Real=0.07s
[21.413s][info][gc,start       ] GC(182) Pause Full (Ergonomics)
[21.413s][info][gc,phases,start] GC(182) Marking Phase
[22.118s][info][gc,phases      ] GC(182) Marking Phase 705.224ms
[22.118s][info][gc,phases,start] GC(182) Summary Phase
[22.118s][info][gc,phases      ] GC(182) Summary Phase 0.064ms
[22.118s][info][gc,phases,start] GC(182) Adjust Roots
[22.118s][info][gc,phases      ] GC(182) Adjust Roots 0.187ms
[22.119s][info][gc,phases,start] GC(182) Compaction Phase
[22.444s][info][gc,phases      ] GC(182) Compaction Phase 324.995ms
[22.444s][info][gc,phases,start] GC(182) Post Compact
[22.449s][info][gc,phases      ] GC(182) Post Compact 5.862ms
[22.451s][info][gc,heap        ] GC(182) PSYoungGen: 59584K(198656K)->0K(203264K) Eden: 0K(31744K)->0K(36352K) From: 59584K(166912K)->0K(166912K)
[22.451s][info][gc,heap        ] GC(182) ParOldGen: 3105967K(3169280K)->3163124K(3486720K)
[22.451s][info][gc,metaspace   ] GC(182) Metaspace: 6298K(6464K)->6298K(6464K) NonClass: 5764K(5824K)->5764K(5824K) Class: 533K(640K)->533K(640K)
[22.451s][info][gc             ] GC(182) Pause Full (Ergonomics) 3091M->3088M(3603M) 1037.645ms
[22.451s][info][gc,cpu         ] GC(182) User=7.31s Sys=0.08s Real=1.04s
[22.495s][info][gc,start       ] GC(183) Pause Young (Allocation Failure)
[22.535s][info][gc,heap        ] GC(183) PSYoungGen: 36352K(203264K)->36480K(203264K) Eden: 36352K(36352K)->0K(36352K) From: 0K(166912K)->36480K(166912K)
[22.535s][info][gc,heap        ] GC(183) ParOldGen: 3163124K(3486720K)->3163124K(3486720K)
[22.535s][info][gc,metaspace   ] GC(183) Metaspace: 6298K(6464K)->6298K(6464K) NonClass: 5764K(5824K)->5764K(5824K) Class: 533K(640K)->533K(640K)
[22.535s][info][gc             ] GC(183) Pause Young (Allocation Failure) 3124M->3124M(3603M) 39.802ms
[22.535s][info][gc,cpu         ] GC(183) User=0.08s Sys=0.00s Real=0.04s
[22.575s][info][gc,start       ] GC(184) Pause Young (Allocation Failure)
[22.627s][info][gc,heap        ] GC(184) PSYoungGen: 72832K(203264K)->36544K(208896K) Eden: 36352K(36352K)->0K(39424K) From: 36480K(166912K)->36544K(169472K)
[22.627s][info][gc,heap        ] GC(184) ParOldGen: 3163124K(3486720K)->3199804K(3486720K)
[22.627s][info][gc,metaspace   ] GC(184) Metaspace: 6298K(6464K)->6298K(6464K) NonClass: 5764K(5824K)->5764K(5824K) Class: 533K(640K)->533K(640K)
[22.627s][info][gc             ] GC(184) Pause Young (Allocation Failure) 3160M->3160M(3609M) 52.077ms
[22.627s][info][gc,cpu         ] GC(184) User=0.17s Sys=0.00s Real=0.05s
[22.667s][info][gc,start       ] GC(185) Pause Young (Allocation Failure)
[22.718s][info][gc,heap        ] GC(185) PSYoungGen: 75968K(208896K)->39616K(209920K) Eden: 39424K(39424K)->0K(39424K) From: 36544K(169472K)->39616K(170496K)
[22.718s][info][gc,heap        ] GC(185) ParOldGen: 3199804K(3486720K)->3236468K(3486720K)
[22.718s][info][gc,metaspace   ] GC(185) Metaspace: 6298K(6464K)->6298K(6464K) NonClass: 5764K(5824K)->5764K(5824K) Class: 533K(640K)->533K(640K)
[22.718s][info][gc             ] GC(185) Pause Young (Allocation Failure) 3198M->3199M(3610M) 50.733ms
[22.718s][info][gc,cpu         ] GC(185) User=0.19s Sys=0.02s Real=0.05s
[22.761s][info][gc,start       ] GC(186) Pause Young (Allocation Failure)
[22.818s][info][gc,heap        ] GC(186) PSYoungGen: 79040K(209920K)->39584K(208896K) Eden: 39424K(39424K)->0K(44032K) From: 39616K(170496K)->39584K(164864K)
[22.818s][info][gc,heap        ] GC(186) ParOldGen: 3236468K(3486720K)->3276244K(3486720K)
[22.818s][info][gc,metaspace   ] GC(186) Metaspace: 6298K(6464K)->6298K(6464K) NonClass: 5764K(5824K)->5764K(5824K) Class: 533K(640K)->533K(640K)
[22.818s][info][gc             ] GC(186) Pause Young (Allocation Failure) 3237M->3238M(3609M) 56.769ms
[22.818s][info][gc,cpu         ] GC(186) User=0.25s Sys=0.03s Real=0.06s
[22.866s][info][gc,start       ] GC(187) Pause Young (Allocation Failure)
[22.923s][info][gc,heap        ] GC(187) PSYoungGen: 83616K(208896K)->44224K(210944K) Eden: 44032K(44032K)->0K(44032K) From: 39584K(164864K)->44224K(166912K)
[22.923s][info][gc,heap        ] GC(187) ParOldGen: 3276244K(3486720K)->3316028K(3486720K)
[22.923s][info][gc,metaspace   ] GC(187) Metaspace: 6298K(6464K)->6298K(6464K) NonClass: 5764K(5824K)->5764K(5824K) Class: 533K(640K)->533K(640K)
[22.923s][info][gc             ] GC(187) Pause Young (Allocation Failure) 3281M->3281M(3611M) 57.449ms
[22.923s][info][gc,cpu         ] GC(187) User=0.22s Sys=0.00s Real=0.06s
[22.970s][info][gc,start       ] GC(188) Pause Young (Allocation Failure)
[23.031s][info][gc,heap        ] GC(188) PSYoungGen: 88256K(210944K)->44192K(203264K) Eden: 44032K(44032K)->0K(49152K) From: 44224K(166912K)->44192K(154112K)
[23.031s][info][gc,heap        ] GC(188) ParOldGen: 3316028K(3486720K)->3360468K(3486720K)
[23.031s][info][gc,metaspace   ] GC(188) Metaspace: 6298K(6464K)->6298K(6464K) NonClass: 5764K(5824K)->5764K(5824K) Class: 533K(640K)->533K(640K)
[23.031s][info][gc             ] GC(188) Pause Young (Allocation Failure) 3324M->3324M(3603M) 61.199ms
[23.031s][info][gc,cpu         ] GC(188) User=0.14s Sys=0.03s Real=0.06s
[23.087s][info][gc,start       ] GC(189) Pause Young (Allocation Failure)
[23.150s][info][gc,heap        ] GC(189) PSYoungGen: 93344K(203264K)->49344K(207872K) Eden: 49152K(49152K)->0K(49152K) From: 44192K(154112K)->49344K(158720K)
[23.150s][info][gc,heap        ] GC(189) ParOldGen: 3360468K(3486720K)->3404908K(3486720K)
[23.150s][info][gc,metaspace   ] GC(189) Metaspace: 6298K(6464K)->6298K(6464K) NonClass: 5764K(5824K)->5764K(5824K) Class: 533K(640K)->533K(640K)
[23.150s][info][gc             ] GC(189) Pause Young (Allocation Failure) 3372M->3373M(3608M) 62.827ms
[23.150s][info][gc,cpu         ] GC(189) User=0.20s Sys=0.02s Real=0.06s
[23.195s][info][gc,start       ] GC(190) Pause Young (Allocation Failure)
[23.256s][info][gc,heap        ] GC(190) PSYoungGen: 98496K(207872K)->49312K(197632K) Eden: 49152K(49152K)->0K(54784K) From: 49344K(158720K)->49312K(142848K)
[23.256s][info][gc,heap        ] GC(190) ParOldGen: 3404908K(3486720K)->3454500K(3486720K)
[23.256s][info][gc,metaspace   ] GC(190) Metaspace: 6298K(6464K)->6298K(6464K) NonClass: 5764K(5824K)->5764K(5824K) Class: 533K(640K)->533K(640K)
[23.256s][info][gc             ] GC(190) Pause Young (Allocation Failure) 3421M->3421M(3598M) 60.623ms
[23.256s][info][gc,cpu         ] GC(190) User=0.19s Sys=0.03s Real=0.06s
[23.256s][info][gc,start       ] GC(191) Pause Full (Ergonomics)
[23.256s][info][gc,phases,start] GC(191) Marking Phase
[24.051s][info][gc,phases      ] GC(191) Marking Phase 795.094ms
[24.051s][info][gc,phases,start] GC(191) Summary Phase
[24.051s][info][gc,phases      ] GC(191) Summary Phase 0.053ms
[24.051s][info][gc,phases,start] GC(191) Adjust Roots
[24.051s][info][gc,phases      ] GC(191) Adjust Roots 0.157ms
[24.051s][info][gc,phases,start] GC(191) Compaction Phase
[24.388s][info][gc,phases      ] GC(191) Compaction Phase 336.197ms
[24.388s][info][gc,phases,start] GC(191) Post Compact
[24.394s][info][gc,phases      ] GC(191) Post Compact 6.519ms
[24.396s][info][gc,heap        ] GC(191) PSYoungGen: 49312K(197632K)->14381K(202752K) Eden: 0K(54784K)->0K(59904K) From: 49312K(142848K)->14381K(142848K)
[24.396s][info][gc,heap        ] GC(191) ParOldGen: 3454500K(3486720K)->3486414K(3827712K)
[24.396s][info][gc,metaspace   ] GC(191) Metaspace: 6298K(6464K)->6298K(6464K) NonClass: 5764K(5824K)->5764K(5824K) Class: 533K(640K)->533K(640K)
[24.396s][info][gc             ] GC(191) Pause Full (Ergonomics) 3421M->3418M(3936M) 1139.956ms
[24.396s][info][gc,cpu         ] GC(191) User=8.30s Sys=0.02s Real=1.14s
[24.454s][info][gc,start       ] GC(192) Pause Young (Allocation Failure)
[24.634s][info][gc,heap        ] GC(192) PSYoungGen: 74285K(202752K)->60160K(120320K) Eden: 59904K(59904K)->0K(59904K) From: 14381K(142848K)->60160K(60416K)
[24.634s][info][gc,heap        ] GC(192) ParOldGen: 3486414K(3827712K)->3500958K(3827712K)
[24.634s][info][gc,metaspace   ] GC(192) Metaspace: 6298K(6464K)->6298K(6464K) NonClass: 5764K(5824K)->5764K(5824K) Class: 533K(640K)->533K(640K)
[24.634s][info][gc             ] GC(192) Pause Young (Allocation Failure) 3477M->3477M(3855M) 179.625ms
[24.634s][info][gc,cpu         ] GC(192) User=1.23s Sys=0.00s Real=0.18s
[24.696s][info][gc,start       ] GC(193) Pause Young (Allocation Failure)
[24.766s][info][gc,heap        ] GC(193) PSYoungGen: 120064K(120320K)->120192K(193536K) Eden: 59904K(59904K)->0K(52736K) From: 60160K(60416K)->120192K(140800K)
[24.767s][info][gc,heap        ] GC(193) ParOldGen: 3500958K(3827712K)->3500958K(3827712K)
[24.767s][info][gc,metaspace   ] GC(193) Metaspace: 6298K(6464K)->6298K(6464K) NonClass: 5764K(5824K)->5764K(5824K) Class: 533K(640K)->533K(640K)
[24.767s][info][gc             ] GC(193) Pause Young (Allocation Failure) 3536M->3536M(3927M) 70.444ms
[24.767s][info][gc,cpu         ] GC(193) User=0.39s Sys=0.00s Real=0.07s
[24.822s][info][gc,start       ] GC(194) Pause Young (Allocation Failure)
[24.908s][info][gc,heap        ] GC(194) PSYoungGen: 172928K(193536K)->153600K(206336K) Eden: 52736K(52736K)->0K(52736K) From: 120192K(140800K)->153600K(153600K)
[24.908s][info][gc,heap        ] GC(194) ParOldGen: 3500958K(3827712K)->3520358K(3827712K)
[24.908s][info][gc,metaspace   ] GC(194) Metaspace: 6298K(6464K)->6298K(6464K) NonClass: 5764K(5824K)->5764K(5824K) Class: 533K(640K)->533K(640K)
[24.908s][info][gc             ] GC(194) Pause Young (Allocation Failure) 3587M->3587M(3939M) 86.116ms
[24.908s][info][gc,cpu         ] GC(194) User=0.59s Sys=0.00s Real=0.09s
[24.959s][info][gc,start       ] GC(195) Pause Young (Allocation Failure)
[25.068s][info][gc,heap        ] GC(195) PSYoungGen: 206336K(206336K)->95136K(232448K) Eden: 52736K(52736K)->0K(58880K) From: 153600K(153600K)->95136K(173568K)
[25.068s][info][gc,heap        ] GC(195) ParOldGen: 3520358K(3827712K)->3632542K(3827712K)
[25.068s][info][gc,metaspace   ] GC(195) Metaspace: 6298K(6464K)->6298K(6464K) NonClass: 5764K(5824K)->5764K(5824K) Class: 533K(640K)->533K(640K)
[25.068s][info][gc             ] GC(195) Pause Young (Allocation Failure) 3639M->3640M(3965M) 108.435ms
[25.068s][info][gc,cpu         ] GC(195) User=0.72s Sys=0.05s Real=0.11s
[25.124s][info][gc,start       ] GC(196) Pause Young (Allocation Failure)
[25.205s][info][gc,heap        ] GC(196) PSYoungGen: 154016K(232448K)->111904K(237056K) Eden: 58880K(58880K)->0K(58880K) From: 95136K(173568K)->111904K(178176K)
[25.205s][info][gc,heap        ] GC(196) ParOldGen: 3632542K(3827712K)->3675102K(3827712K)
[25.205s][info][gc,metaspace   ] GC(196) Metaspace: 6298K(6464K)->6298K(6464K) NonClass: 5764K(5824K)->5764K(5824K) Class: 533K(640K)->533K(640K)
[25.205s][info][gc             ] GC(196) Pause Young (Allocation Failure) 3697M->3698M(3969M) 80.386ms
[25.205s][info][gc,cpu         ] GC(196) User=0.42s Sys=0.00s Real=0.08s
[25.265s][info][gc,start       ] GC(197) Pause Young (Allocation Failure)
[25.351s][info][gc,heap        ] GC(197) PSYoungGen: 170784K(237056K)->118144K(242688K) Eden: 58880K(58880K)->0K(62976K) From: 111904K(178176K)->118144K(179712K)
[25.351s][info][gc,heap        ] GC(197) ParOldGen: 3675102K(3827712K)->3728318K(3827712K)
[25.351s][info][gc,metaspace   ] GC(197) Metaspace: 6298K(6464K)->6298K(6464K) NonClass: 5764K(5824K)->5764K(5824K) Class: 533K(640K)->533K(640K)
[25.351s][info][gc             ] GC(197) Pause Young (Allocation Failure) 3755M->3756M(3975M) 86.141ms
[25.351s][info][gc,cpu         ] GC(197) User=0.53s Sys=0.09s Real=0.09s
[25.419s][info][gc,start       ] GC(198) Pause Young (Allocation Failure)
[25.516s][info][gc,heap        ] GC(198) PSYoungGen: 181120K(242688K)->122208K(245248K) Eden: 62976K(62976K)->0K(62976K) From: 118144K(179712K)->122208K(182272K)
[25.516s][info][gc,heap        ] GC(198) ParOldGen: 3728318K(3827712K)->3787742K(3827712K)
[25.516s][info][gc,metaspace   ] GC(198) Metaspace: 6298K(6464K)->6298K(6464K) NonClass: 5764K(5824K)->5764K(5824K) Class: 533K(640K)->533K(640K)
[25.516s][info][gc             ] GC(198) Pause Young (Allocation Failure) 3817M->3818M(3977M) 96.958ms
[25.516s][info][gc,cpu         ] GC(198) User=0.59s Sys=0.05s Real=0.10s
[25.516s][info][gc,start       ] GC(199) Pause Full (Ergonomics)
[25.516s][info][gc,phases,start] GC(199) Marking Phase
[26.401s][info][gc,phases      ] GC(199) Marking Phase 885.016ms
[26.401s][info][gc,phases,start] GC(199) Summary Phase
[26.401s][info][gc,phases      ] GC(199) Summary Phase 0.063ms
[26.401s][info][gc,phases,start] GC(199) Adjust Roots
[26.401s][info][gc,phases      ] GC(199) Adjust Roots 0.202ms
[26.401s][info][gc,phases,start] GC(199) Compaction Phase
[26.806s][info][gc,phases      ] GC(199) Compaction Phase 404.498ms
[26.806s][info][gc,phases,start] GC(199) Post Compact
[26.813s][info][gc,phases      ] GC(199) Post Compact 7.380ms
[26.815s][info][gc,heap        ] GC(199) PSYoungGen: 122208K(245248K)->79368K(245248K) Eden: 0K(62976K)->0K(62976K) From: 122208K(182272K)->79368K(182272K)
[26.815s][info][gc,heap        ] GC(199) ParOldGen: 3787742K(3827712K)->3827229K(4216832K)
[26.815s][info][gc,metaspace   ] GC(199) Metaspace: 6298K(6464K)->6298K(6464K) NonClass: 5764K(5824K)->5764K(5824K) Class: 533K(640K)->533K(640K)
[26.815s][info][gc             ] GC(199) Pause Full (Ergonomics) 3818M->3815M(4357M) 1298.977ms
[26.815s][info][gc,cpu         ] GC(199) User=9.45s Sys=0.03s Real=1.30s
[26.881s][info][gc,start       ] GC(200) Pause Young (Allocation Failure)
[27.123s][info][gc,heap        ] GC(200) PSYoungGen: 142344K(245248K)->101920K(241664K) Eden: 62976K(62976K)->0K(69120K) From: 79368K(182272K)->101920K(172544K)
[27.123s][info][gc,heap        ] GC(200) ParOldGen: 3827229K(4216832K)->3868381K(4216832K)
[27.123s][info][gc,metaspace   ] GC(200) Metaspace: 6298K(6464K)->6298K(6464K) NonClass: 5764K(5824K)->5764K(5824K) Class: 533K(640K)->533K(640K)
[27.123s][info][gc             ] GC(200) Pause Young (Allocation Failure) 3876M->3877M(4354M) 241.976ms
[27.123s][info][gc,cpu         ] GC(200) User=1.58s Sys=0.05s Real=0.24s
[27.191s][info][gc,start       ] GC(201) Pause Young (Allocation Failure)
[27.280s][info][gc,heap        ] GC(201) PSYoungGen: 171040K(241664K)->171168K(248832K) Eden: 69120K(69120K)->0K(69120K) From: 101920K(172544K)->171168K(179712K)
[27.280s][info][gc,heap        ] GC(201) ParOldGen: 3868381K(4216832K)->3868381K(4216832K)
[27.280s][info][gc,metaspace   ] GC(201) Metaspace: 6298K(6464K)->6298K(6464K) NonClass: 5764K(5824K)->5764K(5824K) Class: 533K(640K)->533K(640K)
[27.280s][info][gc             ] GC(201) Pause Young (Allocation Failure) 3944M->3944M(4361M) 89.367ms
[27.280s][info][gc,cpu         ] GC(201) User=0.64s Sys=0.00s Real=0.09s
[27.366s][info][gc,start       ] GC(202) Pause Young (Allocation Failure)
[27.493s][info][gc,heap        ] GC(202) PSYoungGen: 240288K(248832K)->200192K(234496K) Eden: 69120K(69120K)->0K(34304K) From: 171168K(179712K)->200192K(200192K)
[27.493s][info][gc,heap        ] GC(202) ParOldGen: 3868381K(4216832K)->3908757K(4216832K)
[27.493s][info][gc,metaspace   ] GC(202) Metaspace: 6298K(6464K)->6298K(6464K) NonClass: 5764K(5824K)->5764K(5824K) Class: 533K(640K)->533K(640K)
[27.493s][info][gc             ] GC(202) Pause Young (Allocation Failure) 4012M->4012M(4347M) 127.750ms
[27.493s][info][gc,cpu         ] GC(202) User=0.77s Sys=0.09s Real=0.13s
[27.531s][info][gc,start       ] GC(203) Pause Young (Allocation Failure)
[27.656s][info][gc,heap        ] GC(203) PSYoungGen: 234496K(234496K)->150688K(276480K) Eden: 34304K(34304K)->0K(34304K) From: 200192K(200192K)->150688K(242176K)
[27.656s][info][gc,heap        ] GC(203) ParOldGen: 3908757K(4216832K)->3993341K(4216832K)
[27.656s][info][gc,metaspace   ] GC(203) Metaspace: 6298K(6464K)->6298K(6464K) NonClass: 5764K(5824K)->5764K(5824K) Class: 533K(640K)->533K(640K)
[27.656s][info][gc             ] GC(203) Pause Young (Allocation Failure) 4046M->4046M(4388M) 124.854ms
[27.656s][info][gc,cpu         ] GC(203) User=0.84s Sys=0.03s Real=0.12s
[27.690s][info][gc,start       ] GC(204) Pause Young (Allocation Failure)
[27.787s][info][gc,heap        ] GC(204) PSYoungGen: 184992K(276480K)->127328K(263168K) Eden: 34304K(34304K)->0K(38912K) From: 150688K(242176K)->127328K(224256K)
[27.787s][info][gc,heap        ] GC(204) ParOldGen: 3993341K(4216832K)->4051541K(4216832K)
[27.787s][info][gc,metaspace   ] GC(204) Metaspace: 6298K(6464K)->6298K(6464K) NonClass: 5764K(5824K)->5764K(5824K) Class: 533K(640K)->533K(640K)
[27.787s][info][gc             ] GC(204) Pause Young (Allocation Failure) 4080M->4080M(4375M) 97.670ms
[27.787s][info][gc,cpu         ] GC(204) User=0.56s Sys=0.05s Real=0.10s
[27.827s][info][gc,start       ] GC(205) Pause Young (Allocation Failure)
[27.913s][info][gc,heap        ] GC(205) PSYoungGen: 166240K(263168K)->73440K(272384K) Eden: 38912K(38912K)->0K(38912K) From: 127328K(224256K)->73440K(233472K)
[27.913s][info][gc,heap        ] GC(205) ParOldGen: 4051541K(4216832K)->4145013K(4216832K)
[27.913s][info][gc,metaspace   ] GC(205) Metaspace: 6298K(6464K)->6298K(6464K) NonClass: 5764K(5824K)->5764K(5824K) Class: 533K(640K)->533K(640K)
[27.913s][info][gc             ] GC(205) Pause Young (Allocation Failure) 4118M->4119M(4384M) 86.546ms
[27.913s][info][gc,cpu         ] GC(205) User=0.55s Sys=0.06s Real=0.09s
[27.913s][info][gc,start       ] GC(206) Pause Full (Ergonomics)
[27.913s][info][gc,phases,start] GC(206) Marking Phase
[28.880s][info][gc,phases      ] GC(206) Marking Phase 966.959ms
[28.880s][info][gc,phases,start] GC(206) Summary Phase
[28.880s][info][gc,phases      ] GC(206) Summary Phase 0.078ms
[28.880s][info][gc,phases,start] GC(206) Adjust Roots
[28.881s][info][gc,phases      ] GC(206) Adjust Roots 0.173ms
[28.881s][info][gc,phases,start] GC(206) Compaction Phase
[29.290s][info][gc,phases      ] GC(206) Compaction Phase 409.226ms
[29.290s][info][gc,phases,start] GC(206) Post Compact
[29.296s][info][gc,phases      ] GC(206) Post Compact 6.275ms
[29.298s][info][gc,heap        ] GC(206) PSYoungGen: 73440K(272384K)->0K(274432K) Eden: 0K(38912K)->0K(44544K) From: 73440K(233472K)->0K(229888K)
[29.298s][info][gc,heap        ] GC(206) ParOldGen: 4145013K(4216832K)->4215134K(4651520K)
[29.298s][info][gc,metaspace   ] GC(206) Metaspace: 6298K(6464K)->6298K(6464K) NonClass: 5764K(5824K)->5764K(5824K) Class: 533K(640K)->533K(640K)
[29.298s][info][gc             ] GC(206) Pause Full (Ergonomics) 4119M->4116M(4810M) 1384.286ms
[29.298s][info][gc,cpu         ] GC(206) User=10.17s Sys=0.08s Real=1.38s
[29.347s][info][gc,start       ] GC(207) Pause Young (Allocation Failure)
[29.395s][info][gc,heap        ] GC(207) PSYoungGen: 44544K(274432K)->44736K(274432K) Eden: 44544K(44544K)->0K(44544K) From: 0K(229888K)->44736K(229888K)
[29.395s][info][gc,heap        ] GC(207) ParOldGen: 4215134K(4651520K)->4215134K(4651520K)
[29.395s][info][gc,metaspace   ] GC(207) Metaspace: 6298K(6464K)->6298K(6464K) NonClass: 5764K(5824K)->5764K(5824K) Class: 533K(640K)->533K(640K)
[29.395s][info][gc             ] GC(207) Pause Young (Allocation Failure) 4159M->4160M(4810M) 48.144ms
[29.395s][info][gc,cpu         ] GC(207) User=0.08s Sys=0.00s Real=0.05s
[29.449s][info][gc,start       ] GC(208) Pause Young (Allocation Failure)
[29.510s][info][gc,heap        ] GC(208) PSYoungGen: 89280K(274432K)->89344K(261120K) Eden: 44544K(44544K)->0K(49152K) From: 44736K(229888K)->89344K(211968K)
[29.510s][info][gc,heap        ] GC(208) ParOldGen: 4215134K(4651520K)->4215134K(4651520K)
[29.510s][info][gc,metaspace   ] GC(208) Metaspace: 6298K(6464K)->6298K(6464K) NonClass: 5764K(5824K)->5764K(5824K) Class: 533K(640K)->533K(640K)
[29.510s][info][gc             ] GC(208) Pause Young (Allocation Failure) 4203M->4203M(4797M) 60.892ms
[29.510s][info][gc,cpu         ] GC(208) User=0.17s Sys=0.00s Real=0.06s
[29.573s][info][gc,start       ] GC(209) Pause Young (Allocation Failure)
[29.650s][info][gc,heap        ] GC(209) PSYoungGen: 138496K(261120K)->138560K(270336K) Eden: 49152K(49152K)->0K(49152K) From: 89344K(211968K)->138560K(221184K)
[29.650s][info][gc,heap        ] GC(209) ParOldGen: 4215134K(4651520K)->4215134K(4651520K)
[29.650s][info][gc,metaspace   ] GC(209) Metaspace: 6298K(6464K)->6298K(6464K) NonClass: 5764K(5824K)->5764K(5824K) Class: 533K(640K)->533K(640K)
[29.650s][info][gc             ] GC(209) Pause Young (Allocation Failure) 4251M->4251M(4806M) 77.320ms
[29.650s][info][gc,cpu         ] GC(209) User=0.41s Sys=0.00s Real=0.08s
[29.699s][info][gc,start       ] GC(210) Pause Young (Allocation Failure)
[29.792s][info][gc,heap        ] GC(210) PSYoungGen: 187712K(270336K)->143168K(274944K) Eden: 49152K(49152K)->0K(53248K) From: 138560K(221184K)->143168K(221696K)
[29.792s][info][gc,heap        ] GC(210) ParOldGen: 4215134K(4651520K)->4260094K(4651520K)
[29.792s][info][gc,metaspace   ] GC(210) Metaspace: 6298K(6464K)->6298K(6464K) NonClass: 5764K(5824K)->5764K(5824K) Class: 533K(640K)->533K(640K)
[29.792s][info][gc             ] GC(210) Pause Young (Allocation Failure) 4299M->4300M(4811M) 93.061ms
[29.792s][info][gc,cpu         ] GC(210) User=0.67s Sys=0.08s Real=0.09s
[29.846s][info][gc,start       ] GC(211) Pause Young (Allocation Failure)
[29.947s][info][gc,heap        ] GC(211) PSYoungGen: 196416K(274944K)->151904K(276480K) Eden: 53248K(53248K)->0K(53248K) From: 143168K(221696K)->151904K(223232K)
[29.947s][info][gc,heap        ] GC(211) ParOldGen: 4260094K(4651520K)->4305038K(4651520K)
[29.947s][info][gc,metaspace   ] GC(211) Metaspace: 6298K(6464K)->6298K(6464K) NonClass: 5764K(5824K)->5764K(5824K) Class: 533K(640K)->533K(640K)
[29.947s][info][gc             ] GC(211) Pause Young (Allocation Failure) 4352M->4352M(4812M) 100.642ms
[29.947s][info][gc,cpu         ] GC(211) User=0.58s Sys=0.08s Real=0.10s
[30.004s][info][gc,start       ] GC(212) Pause Young (Allocation Failure)
[30.111s][info][gc,heap        ] GC(212) PSYoungGen: 205152K(276480K)->156032K(282624K) Eden: 53248K(53248K)->0K(55808K) From: 151904K(223232K)->156032K(226816K)
[30.111s][info][gc,heap        ] GC(212) ParOldGen: 4305038K(4651520K)->4354630K(4651520K)
[30.111s][info][gc,metaspace   ] GC(212) Metaspace: 6298K(6464K)->6298K(6464K) NonClass: 5764K(5824K)->5764K(5824K) Class: 533K(640K)->533K(640K)
[30.111s][info][gc             ] GC(212) Pause Young (Allocation Failure) 4404M->4404M(4818M) 106.898ms
[30.111s][info][gc,cpu         ] GC(212) User=0.72s Sys=0.05s Real=0.11s
[30.178s][info][gc,start       ] GC(213) Pause Young (Allocation Failure)
[30.286s][info][gc,heap        ] GC(213) PSYoungGen: 211840K(282624K)->162688K(286208K) Eden: 55808K(55808K)->0K(55808K) From: 156032K(226816K)->162688K(230400K)
[30.286s][info][gc,heap        ] GC(213) ParOldGen: 4354630K(4651520K)->4404238K(4651520K)
[30.286s][info][gc,metaspace   ] GC(213) Metaspace: 6298K(6464K)->6298K(6464K) NonClass: 5764K(5824K)->5764K(5824K) Class: 533K(640K)->533K(640K)
[30.286s][info][gc             ] GC(213) Pause Young (Allocation Failure) 4459M->4459M(4822M) 108.122ms
[30.286s][info][gc,cpu         ] GC(213) User=0.77s Sys=0.00s Real=0.11s
[30.349s][info][gc,start       ] GC(214) Pause Young (Allocation Failure)
[30.469s][info][gc,heap        ] GC(214) PSYoungGen: 218496K(286208K)->165248K(293888K) Eden: 55808K(55808K)->0K(58880K) From: 162688K(230400K)->165248K(235008K)
[30.469s][info][gc,heap        ] GC(214) ParOldGen: 4404238K(4651520K)->4457966K(4651520K)
[30.469s][info][gc,metaspace   ] GC(214) Metaspace: 6298K(6464K)->6298K(6464K) NonClass: 5764K(5824K)->5764K(5824K) Class: 533K(640K)->533K(640K)
[30.469s][info][gc             ] GC(214) Pause Young (Allocation Failure) 4514M->4514M(4829M) 119.583ms
[30.469s][info][gc,cpu         ] GC(214) User=0.72s Sys=0.02s Real=0.12s
[30.530s][info][gc,start       ] GC(215) Pause Young (Allocation Failure)
[30.654s][info][gc,heap        ] GC(215) PSYoungGen: 224128K(293888K)->114976K(174080K) Eden: 58880K(58880K)->0K(58880K) From: 165248K(235008K)->114976K(115200K)
[30.654s][info][gc,heap        ] GC(215) ParOldGen: 4457966K(4651520K)->4567974K(4651520K)
[30.654s][info][gc,metaspace   ] GC(215) Metaspace: 6298K(6464K)->6298K(6464K) NonClass: 5764K(5824K)->5764K(5824K) Class: 533K(640K)->533K(640K)
[30.654s][info][gc             ] GC(215) Pause Young (Allocation Failure) 4572M->4573M(4712M) 124.219ms
[30.654s][info][gc,cpu         ] GC(215) User=0.78s Sys=0.03s Real=0.12s
[30.654s][info][gc,start       ] GC(216) Pause Full (Ergonomics)
[30.654s][info][gc,phases,start] GC(216) Marking Phase
[31.701s][info][gc,phases      ] GC(216) Marking Phase 1046.844ms
[31.701s][info][gc,phases,start] GC(216) Summary Phase
[31.701s][info][gc,phases      ] GC(216) Summary Phase 0.070ms
[31.701s][info][gc,phases,start] GC(216) Adjust Roots
[31.701s][info][gc,phases      ] GC(216) Adjust Roots 0.176ms
[31.701s][info][gc,phases,start] GC(216) Compaction Phase
[32.129s][info][gc,phases      ] GC(216) Compaction Phase 427.944ms
[32.129s][info][gc,phases,start] GC(216) Post Compact
[32.136s][info][gc,phases      ] GC(216) Post Compact 7.024ms
[32.138s][info][gc,heap        ] GC(216) PSYoungGen: 114976K(174080K)->27750K(174080K) Eden: 0K(58880K)->0K(58880K) From: 114976K(115200K)->27750K(115200K)
[32.138s][info][gc,heap        ] GC(216) ParOldGen: 4567974K(4651520K)->4651468K(5124608K)
[32.138s][info][gc,metaspace   ] GC(216) Metaspace: 6298K(6464K)->6298K(6464K) NonClass: 5764K(5824K)->5764K(5824K) Class: 533K(640K)->533K(640K)
[32.138s][info][gc             ] GC(216) Pause Full (Ergonomics) 4573M->4569M(5174M) 1483.893ms
[32.138s][info][gc,cpu         ] GC(216) User=10.89s Sys=0.08s Real=1.48s
[32.200s][info][gc,start       ] GC(217) Pause Young (Allocation Failure)
[32.449s][info][gc,heap        ] GC(217) PSYoungGen: 86630K(174080K)->59104K(295424K) Eden: 58880K(58880K)->0K(65024K) From: 27750K(115200K)->59104K(230400K)
[32.449s][info][gc,heap        ] GC(217) ParOldGen: 4651468K(5124608K)->4679532K(5124608K)
[32.449s][info][gc,metaspace   ] GC(217) Metaspace: 6298K(6464K)->6298K(6464K) NonClass: 5764K(5824K)->5764K(5824K) Class: 533K(640K)->533K(640K)
[32.449s][info][gc             ] GC(217) Pause Young (Allocation Failure) 4627M->4627M(5293M) 249.116ms
[32.449s][info][gc,cpu         ] GC(217) User=1.52s Sys=0.03s Real=0.25s
[32.529s][info][gc,start       ] GC(218) Pause Young (Allocation Failure)
[32.609s][info][gc,heap        ] GC(218) PSYoungGen: 124128K(295424K)->65280K(296448K) Eden: 65024K(65024K)->0K(65024K) From: 59104K(230400K)->65280K(231424K)
[32.609s][info][gc,heap        ] GC(218) ParOldGen: 4679532K(5124608K)->4738932K(5124608K)
[32.609s][info][gc,metaspace   ] GC(218) Metaspace: 6298K(6464K)->6298K(6464K) NonClass: 5764K(5824K)->5764K(5824K) Class: 533K(640K)->533K(640K)
[32.609s][info][gc             ] GC(218) Pause Young (Allocation Failure) 4691M->4691M(5294M) 80.190ms
[32.609s][info][gc,cpu         ] GC(218) User=0.38s Sys=0.05s Real=0.08s
[32.677s][info][gc,start       ] GC(219) Pause Young (Allocation Failure)
[32.755s][info][gc,heap        ] GC(219) PSYoungGen: 130304K(296448K)->65280K(295936K) Eden: 65024K(65024K)->0K(72192K) From: 65280K(231424K)->65280K(223744K)
[32.755s][info][gc,heap        ] GC(219) ParOldGen: 4738932K(5124608K)->4804548K(5124608K)
[32.755s][info][gc,metaspace   ] GC(219) Metaspace: 6298K(6464K)->6298K(6464K) NonClass: 5764K(5824K)->5764K(5824K) Class: 533K(640K)->533K(640K)
[32.755s][info][gc             ] GC(219) Pause Young (Allocation Failure) 4755M->4755M(5293M) 78.014ms
[32.755s][info][gc,cpu         ] GC(219) User=0.42s Sys=0.05s Real=0.08s
[32.831s][info][gc,start       ] GC(220) Pause Young (Allocation Failure)
[32.913s][info][gc,heap        ] GC(220) PSYoungGen: 137472K(295936K)->72448K(299008K) Eden: 72192K(72192K)->0K(72192K) From: 65280K(223744K)->72448K(226816K)
[32.913s][info][gc,heap        ] GC(220) ParOldGen: 4804548K(5124608K)->4870164K(5124608K)
[32.913s][info][gc,metaspace   ] GC(220) Metaspace: 6298K(6464K)->6298K(6464K) NonClass: 5764K(5824K)->5764K(5824K) Class: 533K(640K)->533K(640K)
[32.913s][info][gc             ] GC(220) Pause Young (Allocation Failure) 4826M->4826M(5296M) 81.220ms
[32.913s][info][gc,cpu         ] GC(220) User=0.44s Sys=0.09s Real=0.08s
[32.989s][info][gc,start       ] GC(221) Pause Young (Allocation Failure)
[33.074s][info][gc,heap        ] GC(221) PSYoungGen: 144640K(299008K)->72448K(290304K) Eden: 72192K(72192K)->0K(79872K) From: 72448K(226816K)->72448K(210432K)
[33.074s][info][gc,heap        ] GC(221) ParOldGen: 4870164K(5124608K)->4943004K(5124608K)
[33.074s][info][gc,metaspace   ] GC(221) Metaspace: 6298K(6464K)->6298K(6464K) NonClass: 5764K(5824K)->5764K(5824K) Class: 533K(640K)->533K(640K)
[33.074s][info][gc             ] GC(221) Pause Young (Allocation Failure) 4897M->4897M(5288M) 85.296ms
[33.074s][info][gc,cpu         ] GC(221) User=0.47s Sys=0.06s Real=0.09s
[33.165s][info][gc,start       ] GC(222) Pause Young (Allocation Failure)
[33.259s][info][gc,heap        ] GC(222) PSYoungGen: 152320K(290304K)->80160K(295936K) Eden: 79872K(79872K)->0K(79872K) From: 72448K(210432K)->80160K(216064K)
[33.259s][info][gc,heap        ] GC(222) ParOldGen: 4943004K(5124608K)->5015852K(5124608K)
[33.259s][info][gc,metaspace   ] GC(222) Metaspace: 6298K(6464K)->6298K(6464K) NonClass: 5764K(5824K)->5764K(5824K) Class: 533K(640K)->533K(640K)
[33.259s][info][gc             ] GC(222) Pause Young (Allocation Failure) 4975M->4976M(5293M) 93.957ms
[33.259s][info][gc,cpu         ] GC(222) User=0.62s Sys=0.02s Real=0.09s
[33.259s][info][gc,start       ] GC(223) Pause Full (Ergonomics)
[33.259s][info][gc,phases,start] GC(223) Marking Phase
[34.432s][info][gc,phases      ] GC(223) Marking Phase 1172.350ms
[34.432s][info][gc,phases,start] GC(223) Summary Phase
[34.432s][info][gc,phases      ] GC(223) Summary Phase 0.137ms
[34.432s][info][gc,phases,start] GC(223) Adjust Roots
[34.432s][info][gc,phases      ] GC(223) Adjust Roots 0.245ms
[34.432s][info][gc,phases,start] GC(223) Compaction Phase
[34.896s][info][gc,phases      ] GC(223) Compaction Phase 463.313ms
[34.896s][info][gc,phases,start] GC(223) Post Compact
[34.903s][info][gc,phases      ] GC(223) Post Compact 7.630ms
[34.905s][info][gc,heap        ] GC(223) PSYoungGen: 80160K(295936K)->0K(296960K) Eden: 0K(79872K)->0K(88576K) From: 80160K(216064K)->0K(208384K)
[34.905s][info][gc,heap        ] GC(223) ParOldGen: 5015852K(5124608K)->5092225K(5608448K)
[34.905s][info][gc,metaspace   ] GC(223) Metaspace: 6298K(6464K)->6298K(6464K) NonClass: 5764K(5824K)->5764K(5824K) Class: 533K(640K)->533K(640K)
[34.905s][info][gc             ] GC(223) Pause Full (Ergonomics) 4976M->4972M(5767M) 1645.480ms
[34.905s][info][gc,cpu         ] GC(223) User=12.44s Sys=0.05s Real=1.65s
[35.004s][info][gc,start       ] GC(224) Pause Young (Allocation Failure)
[35.069s][info][gc,heap        ] GC(224) PSYoungGen: 88576K(296960K)->88896K(177664K) Eden: 88576K(88576K)->0K(88576K) From: 0K(208384K)->88896K(89088K)
[35.069s][info][gc,heap        ] GC(224) ParOldGen: 5092225K(5608448K)->5092225K(5608448K)
[35.069s][info][gc,metaspace   ] GC(224) Metaspace: 6298K(6464K)->6298K(6464K) NonClass: 5764K(5824K)->5764K(5824K) Class: 533K(640K)->533K(640K)
[35.069s][info][gc             ] GC(224) Pause Young (Allocation Failure) 5059M->5059M(5650M) 65.256ms
[35.069s][info][gc,cpu         ] GC(224) User=0.31s Sys=0.00s Real=0.07s
[35.176s][info][gc,start       ] GC(225) Pause Young (Allocation Failure)
[35.272s][info][gc,heap        ] GC(225) PSYoungGen: 177472K(177664K)->177600K(276992K) Eden: 88576K(88576K)->0K(77312K) From: 88896K(89088K)->177600K(199680K)
[35.272s][info][gc,heap        ] GC(225) ParOldGen: 5092225K(5608448K)->5092225K(5608448K)
[35.272s][info][gc,metaspace   ] GC(225) Metaspace: 6298K(6464K)->6298K(6464K) NonClass: 5764K(5824K)->5764K(5824K) Class: 533K(640K)->533K(640K)
[35.272s][info][gc             ] GC(225) Pause Young (Allocation Failure) 5146M->5146M(5747M) 95.920ms
[35.272s][info][gc,cpu         ] GC(225) User=0.64s Sys=0.00s Real=0.10s
[35.360s][info][gc,start       ] GC(226) Pause Young (Allocation Failure)
[35.505s][info][gc,heap        ] GC(226) PSYoungGen: 254912K(276992K)->218624K(295936K) Eden: 77312K(77312K)->0K(77312K) From: 177600K(199680K)->218624K(218624K)
[35.505s][info][gc,heap        ] GC(226) ParOldGen: 5092225K(5608448K)->5128785K(5608448K)
[35.505s][info][gc,metaspace   ] GC(226) Metaspace: 6298K(6464K)->6298K(6464K) NonClass: 5764K(5824K)->5764K(5824K) Class: 533K(640K)->533K(640K)
[35.505s][info][gc             ] GC(226) Pause Young (Allocation Failure) 5221M->5222M(5766M) 145.333ms
[35.505s][info][gc,cpu         ] GC(226) User=0.88s Sys=0.03s Real=0.15s
[35.588s][info][gc,start       ] GC(227) Pause Young (Allocation Failure)
[35.757s][info][gc,heap        ] GC(227) PSYoungGen: 295936K(295936K)->147680K(338944K) Eden: 77312K(77312K)->0K(85504K) From: 218624K(218624K)->147680K(253440K)
[35.757s][info][gc,heap        ] GC(227) ParOldGen: 5128785K(5608448K)->5278393K(5608448K)
[35.757s][info][gc,metaspace   ] GC(227) Metaspace: 6298K(6464K)->6298K(6464K) NonClass: 5764K(5824K)->5764K(5824K) Class: 533K(640K)->533K(640K)
[35.757s][info][gc             ] GC(227) Pause Young (Allocation Failure) 5297M->5298M(5808M) 169.474ms
[35.757s][info][gc,cpu         ] GC(227) User=1.22s Sys=0.09s Real=0.17s
[35.860s][info][gc,start       ] GC(228) Pause Young (Allocation Failure)
[35.994s][info][gc,heap        ] GC(228) PSYoungGen: 233184K(338944K)->163264K(343040K) Eden: 85504K(85504K)->0K(85504K) From: 147680K(253440K)->163264K(257536K)
[35.994s][info][gc,heap        ] GC(228) ParOldGen: 5278393K(5608448K)->5349009K(5608448K)
[35.994s][info][gc,metaspace   ] GC(228) Metaspace: 6298K(6464K)->6298K(6464K) NonClass: 5764K(5824K)->5764K(5824K) Class: 533K(640K)->533K(640K)
[35.994s][info][gc             ] GC(228) Pause Young (Allocation Failure) 5382M->5383M(5812M) 133.449ms
[35.994s][info][gc,cpu         ] GC(228) User=0.78s Sys=0.11s Real=0.13s
[36.088s][info][gc,start       ] GC(229) Pause Young (Allocation Failure)
[36.233s][info][gc,heap        ] GC(229) PSYoungGen: 248768K(343040K)->171392K(350208K) Eden: 85504K(85504K)->0K(91648K) From: 163264K(257536K)->171392K(258560K)
[36.233s][info][gc,heap        ] GC(229) ParOldGen: 5349009K(5608448K)->5427033K(5608448K)
[36.233s][info][gc,metaspace   ] GC(229) Metaspace: 6298K(6464K)->6298K(6464K) NonClass: 5764K(5824K)->5764K(5824K) Class: 533K(640K)->533K(640K)
[36.233s][info][gc             ] GC(229) Pause Young (Allocation Failure) 5466M->5467M(5819M) 145.408ms
[36.233s][info][gc,cpu         ] GC(229) User=1.00s Sys=0.12s Real=0.15s
[36.345s][info][gc,start       ] GC(230) Pause Young (Allocation Failure)
[36.492s][info][gc,heap        ] GC(230) PSYoungGen: 263040K(350208K)->177632K(353280K) Eden: 91648K(91648K)->0K(91648K) From: 171392K(258560K)->177632K(261632K)
[36.492s][info][gc,heap        ] GC(230) ParOldGen: 5427033K(5608448K)->5513289K(5608448K)
[36.492s][info][gc,metaspace   ] GC(230) Metaspace: 6298K(6464K)->6298K(6464K) NonClass: 5764K(5824K)->5764K(5824K) Class: 533K(640K)->533K(640K)
[36.492s][info][gc             ] GC(230) Pause Young (Allocation Failure) 5556M->5557M(5822M) 147.298ms
[36.492s][info][gc,cpu         ] GC(230) User=0.81s Sys=0.05s Real=0.15s
[36.492s][info][gc,start       ] GC(231) Pause Full (Ergonomics)
[36.492s][info][gc,phases,start] GC(231) Marking Phase
[37.802s][info][gc,phases      ] GC(231) Marking Phase 1310.422ms
[37.802s][info][gc,phases,start] GC(231) Summary Phase
[37.802s][info][gc,phases      ] GC(231) Summary Phase 0.078ms
[37.803s][info][gc,phases,start] GC(231) Adjust Roots
[37.803s][info][gc,phases      ] GC(231) Adjust Roots 0.274ms
[37.803s][info][gc,phases,start] GC(231) Compaction Phase
[38.318s][info][gc,phases      ] GC(231) Compaction Phase 515.634ms
[38.319s][info][gc,phases,start] GC(231) Post Compact
[38.328s][info][gc,phases      ] GC(231) Post Compact 9.479ms
[38.330s][info][gc,heap        ] GC(231) PSYoungGen: 177632K(353280K)->78451K(353280K) Eden: 0K(91648K)->0K(91648K) From: 177632K(261632K)->78451K(261632K)
[38.330s][info][gc,heap        ] GC(231) ParOldGen: 5513289K(5608448K)->5607982K(6191104K)
[38.330s][info][gc,metaspace   ] GC(231) Metaspace: 6298K(6464K)->6298K(6464K) NonClass: 5764K(5824K)->5764K(5824K) Class: 533K(640K)->533K(640K)
[38.330s][info][gc             ] GC(231) Pause Full (Ergonomics) 5557M->5553M(6391M) 1838.426ms
[38.330s][info][gc,cpu         ] GC(231) User=13.92s Sys=0.06s Real=1.84s
[39.490s][info][gc,start       ] GC(232) Pause Young (Allocation Failure)
[39.829s][info][gc,heap        ] GC(232) PSYoungGen: 170099K(353280K)->136800K(338432K) Eden: 91648K(91648K)->0K(100352K) From: 78451K(261632K)->136800K(238080K)
[39.829s][info][gc,heap        ] GC(232) ParOldGen: 5870126K(6191104K)->5904174K(6191104K)
[39.829s][info][gc,metaspace   ] GC(232) Metaspace: 6298K(6464K)->6298K(6464K) NonClass: 5764K(5824K)->5764K(5824K) Class: 533K(640K)->533K(640K)
[39.829s][info][gc             ] GC(232) Pause Young (Allocation Failure) 5898M->5899M(6376M) 339.109ms
[39.829s][info][gc,cpu         ] GC(232) User=1.84s Sys=0.00s Real=0.34s
[39.936s][info][gc,start       ] GC(233) Pause Young (Allocation Failure)
[40.095s][info][gc,heap        ] GC(233) PSYoungGen: 237152K(338432K)->237376K(352768K) Eden: 100352K(100352K)->0K(100352K) From: 136800K(238080K)->237376K(252416K)
[40.095s][info][gc,heap        ] GC(233) ParOldGen: 5904174K(6191104K)->5904174K(6191104K)
[40.095s][info][gc,metaspace   ] GC(233) Metaspace: 6298K(6464K)->6298K(6464K) NonClass: 5764K(5824K)->5764K(5824K) Class: 533K(640K)->533K(640K)
[40.095s][info][gc             ] GC(233) Pause Young (Allocation Failure) 5997M->5997M(6390M) 158.415ms
[40.095s][info][gc,cpu         ] GC(233) User=0.38s Sys=0.00s Real=0.16s
[40.208s][info][gc,start       ] GC(234) Pause Young (Allocation Failure)
[40.399s][info][gc,heap        ] GC(234) PSYoungGen: 337728K(352768K)->278016K(330752K) Eden: 100352K(100352K)->0K(52736K) From: 237376K(252416K)->278016K(278016K)
[40.399s][info][gc,heap        ] GC(234) ParOldGen: 5904174K(6191104K)->5964350K(6191104K)
[40.399s][info][gc,metaspace   ] GC(234) Metaspace: 6298K(6464K)->6298K(6464K) NonClass: 5764K(5824K)->5764K(5824K) Class: 533K(640K)->533K(640K)
[40.399s][info][gc             ] GC(234) Pause Young (Allocation Failure) 6095M->6096M(6369M) 191.335ms
[40.400s][info][gc,cpu         ] GC(234) User=1.06s Sys=0.14s Real=0.19s
[40.453s][info][gc,start       ] GC(235) Pause Young (Allocation Failure)
[40.637s][info][gc,heap        ] GC(235) PSYoungGen: 330752K(330752K)->229664K(388608K) Eden: 52736K(52736K)->0K(52736K) From: 278016K(278016K)->229664K(335872K)
[40.637s][info][gc,heap        ] GC(235) ParOldGen: 5964350K(6191104K)->6066374K(6191104K)
[40.637s][info][gc,metaspace   ] GC(235) Metaspace: 6298K(6464K)->6298K(6464K) NonClass: 5764K(5824K)->5764K(5824K) Class: 533K(640K)->533K(640K)
[40.637s][info][gc             ] GC(235) Pause Young (Allocation Failure) 6147M->6148M(6425M) 183.738ms
[40.637s][info][gc,cpu         ] GC(235) User=0.98s Sys=0.06s Real=0.18s
[40.637s][info][gc,start       ] GC(236) Pause Full (Ergonomics)
[40.637s][info][gc,phases,start] GC(236) Marking Phase
[42.026s][info][gc,phases      ] GC(236) Marking Phase 1388.663ms
[42.026s][info][gc,phases,start] GC(236) Summary Phase
[42.026s][info][gc,phases      ] GC(236) Summary Phase 0.137ms
[42.026s][info][gc,phases,start] GC(236) Adjust Roots
[42.026s][info][gc,phases      ] GC(236) Adjust Roots 0.166ms
[42.026s][info][gc,phases,start] GC(236) Compaction Phase
[42.994s][info][gc,phases      ] GC(236) Compaction Phase 967.522ms
[42.994s][info][gc,phases,start] GC(236) Post Compact
[43.004s][info][gc,phases      ] GC(236) Post Compact 10.242ms
[43.005s][info][gc,heap        ] GC(236) PSYoungGen: 229664K(388608K)->0K(401920K) Eden: 0K(52736K)->0K(59392K) From: 229664K(335872K)->0K(342528K)
[43.005s][info][gc,heap        ] GC(236) ParOldGen: 6066374K(6191104K)->6162462K(6622208K)
[43.005s][info][gc,metaspace   ] GC(236) Metaspace: 6298K(6464K)->6298K(6464K) NonClass: 5764K(5824K)->5764K(5824K) Class: 533K(640K)->533K(640K)
[43.005s][info][gc             ] GC(236) Pause Full (Ergonomics) 6148M->6018M(6859M) 2368.375ms
[43.005s][info][gc,cpu         ] GC(236) User=16.59s Sys=0.08s Real=2.37s
[43.073s][info][gc,start       ] GC(237) Pause Young (Allocation Failure)
[43.152s][info][gc,heap        ] GC(237) PSYoungGen: 59392K(401920K)->59616K(401920K) Eden: 59392K(59392K)->0K(59392K) From: 0K(342528K)->59616K(342528K)
[43.152s][info][gc,heap        ] GC(237) ParOldGen: 6162462K(6622208K)->6162462K(6622208K)
[43.152s][info][gc,metaspace   ] GC(237) Metaspace: 6298K(6464K)->6298K(6464K) NonClass: 5764K(5824K)->5764K(5824K) Class: 533K(640K)->533K(640K)
[43.152s][info][gc             ] GC(237) Pause Young (Allocation Failure) 6076M->6076M(6859M) 78.370ms
[43.152s][info][gc,cpu         ] GC(237) User=0.19s Sys=0.00s Real=0.08s
[43.218s][info][gc,start       ] GC(238) Pause Young (Allocation Failure)
[43.317s][info][gc,heap        ] GC(238) PSYoungGen: 119008K(401920K)->119104K(388096K) Eden: 59392K(59392K)->0K(65536K) From: 59616K(342528K)->119104K(322560K)
[43.318s][info][gc,heap        ] GC(238) ParOldGen: 6162462K(6622208K)->6162462K(6622208K)
[43.318s][info][gc,metaspace   ] GC(238) Metaspace: 6298K(6464K)->6298K(6464K) NonClass: 5764K(5824K)->5764K(5824K) Class: 533K(640K)->533K(640K)
[43.318s][info][gc             ] GC(238) Pause Young (Allocation Failure) 6134M->6134M(6846M) 99.647ms
[43.318s][info][gc,cpu         ] GC(238) User=0.23s Sys=0.00s Real=0.10s
[43.383s][info][gc,start       ] GC(239) Pause Young (Allocation Failure)
[43.503s][info][gc,heap        ] GC(239) PSYoungGen: 184640K(388096K)->184736K(398848K) Eden: 65536K(65536K)->0K(65536K) From: 119104K(322560K)->184736K(333312K)
[43.504s][info][gc,heap        ] GC(239) ParOldGen: 6162462K(6622208K)->6162462K(6622208K)
[43.504s][info][gc,metaspace   ] GC(239) Metaspace: 6298K(6464K)->6298K(6464K) NonClass: 5764K(5824K)->5764K(5824K) Class: 533K(640K)->533K(640K)
[43.504s][info][gc             ] GC(239) Pause Young (Allocation Failure) 6198M->6198M(6856M) 120.301ms
[43.504s][info][gc,cpu         ] GC(239) User=0.38s Sys=0.00s Real=0.12s
[43.571s][info][gc,start       ] GC(240) Pause Young (Allocation Failure)
[43.706s][info][gc,heap        ] GC(240) PSYoungGen: 250272K(398848K)->250400K(381952K) Eden: 65536K(65536K)->0K(55808K) From: 184736K(333312K)->250400K(326144K)
[43.706s][info][gc,heap        ] GC(240) ParOldGen: 6162462K(6622208K)->6162462K(6622208K)
[43.706s][info][gc,metaspace   ] GC(240) Metaspace: 6298K(6464K)->6298K(6464K) NonClass: 5764K(5824K)->5764K(5824K) Class: 533K(640K)->533K(640K)
[43.706s][info][gc             ] GC(240) Pause Young (Allocation Failure) 6262M->6262M(6840M) 134.226ms
[43.706s][info][gc,cpu         ] GC(240) User=0.47s Sys=0.00s Real=0.13s
[43.765s][info][gc,start       ] GC(241) Pause Young (Allocation Failure)
[43.922s][info][gc,heap        ] GC(241) PSYoungGen: 306208K(381952K)->306272K(398848K) Eden: 55808K(55808K)->0K(55808K) From: 250400K(326144K)->306272K(343040K)
[43.922s][info][gc,heap        ] GC(241) ParOldGen: 6162462K(6622208K)->6162462K(6622208K)
[43.922s][info][gc,metaspace   ] GC(241) Metaspace: 6298K(6464K)->6298K(6464K) NonClass: 5764K(5824K)->5764K(5824K) Class: 533K(640K)->533K(640K)
[43.922s][info][gc             ] GC(241) Pause Young (Allocation Failure) 6317M->6317M(6856M) 156.789ms
[43.922s][info][gc,cpu         ] GC(241) User=0.64s Sys=0.00s Real=0.16s
[43.991s][info][gc,start       ] GC(242) Pause Young (Allocation Failure)
[44.160s][info][gc,heap        ] GC(242) PSYoungGen: 362080K(398848K)->243200K(436224K) Eden: 55808K(55808K)->0K(59904K) From: 306272K(343040K)->243200K(376320K)
[44.160s][info][gc,heap        ] GC(242) ParOldGen: 6162462K(6622208K)->6282278K(6622208K)
[44.160s][info][gc,metaspace   ] GC(242) Metaspace: 6298K(6464K)->6298K(6464K) NonClass: 5764K(5824K)->5764K(5824K) Class: 533K(640K)->533K(640K)
[44.160s][info][gc             ] GC(242) Pause Young (Allocation Failure) 6371M->6372M(6893M) 169.633ms
[44.160s][info][gc,cpu         ] GC(242) User=1.00s Sys=0.06s Real=0.17s
[44.224s][info][gc,start       ] GC(243) Pause Young (Allocation Failure)
[44.373s][info][gc,heap        ] GC(243) PSYoungGen: 303104K(436224K)->171904K(231936K) Eden: 59904K(59904K)->0K(59904K) From: 243200K(376320K)->171904K(172032K)
[44.373s][info][gc,heap        ] GC(243) ParOldGen: 6282278K(6622208K)->6414486K(6622208K)
[44.373s][info][gc,metaspace   ] GC(243) Metaspace: 6298K(6464K)->6298K(6464K) NonClass: 5764K(5824K)->5764K(5824K) Class: 533K(640K)->533K(640K)
[44.373s][info][gc             ] GC(243) Pause Young (Allocation Failure) 6431M->6432M(6693M) 148.957ms
[44.373s][info][gc,cpu         ] GC(243) User=0.81s Sys=0.03s Real=0.15s
[44.436s][info][gc,start       ] GC(244) Pause Young (Allocation Failure)
[44.567s][info][gc,heap        ] GC(244) PSYoungGen: 231808K(231936K)->120128K(418304K) Eden: 59904K(59904K)->0K(68096K) From: 171904K(172032K)->120128K(350208K)
[44.567s][info][gc,heap        ] GC(244) ParOldGen: 6414486K(6622208K)->6527054K(6622208K)
[44.567s][info][gc,metaspace   ] GC(244) Metaspace: 6298K(6464K)->6298K(6464K) NonClass: 5764K(5824K)->5764K(5824K) Class: 533K(640K)->533K(640K)
[44.567s][info][gc             ] GC(244) Pause Young (Allocation Failure) 6490M->6491M(6875M) 131.052ms
[44.567s][info][gc,cpu         ] GC(244) User=0.53s Sys=0.00s Real=0.13s
[44.567s][info][gc,start       ] GC(245) Pause Full (Ergonomics)
[44.567s][info][gc,phases,start] GC(245) Marking Phase
[46.081s][info][gc,phases      ] GC(245) Marking Phase 1514.242ms
[46.081s][info][gc,phases,start] GC(245) Summary Phase
[46.081s][info][gc,phases      ] GC(245) Summary Phase 0.070ms
[46.081s][info][gc,phases,start] GC(245) Adjust Roots
[46.081s][info][gc,phases      ] GC(245) Adjust Roots 0.162ms
[46.082s][info][gc,phases,start] GC(245) Compaction Phase
[46.763s][info][gc,phases      ] GC(245) Compaction Phase 681.347ms
[46.763s][info][gc,phases,start] GC(245) Post Compact
[46.773s][info][gc,phases      ] GC(245) Post Compact 9.841ms
[46.773s][info][gc,heap        ] GC(245) PSYoungGen: 120128K(418304K)->21646K(424960K) Eden: 0K(68096K)->0K(74752K) From: 120128K(350208K)->21646K(350208K)
[46.773s][info][gc,heap        ] GC(245) ParOldGen: 6527054K(6622208K)->6621843K(6622208K)
[46.773s][info][gc,metaspace   ] GC(245) Metaspace: 6298K(6464K)->6298K(6464K) NonClass: 5764K(5824K)->5764K(5824K) Class: 533K(640K)->533K(640K)
[46.773s][info][gc             ] GC(245) Pause Full (Ergonomics) 6491M->6487M(6882M) 2206.009ms
[46.773s][info][gc,cpu         ] GC(245) User=15.88s Sys=0.00s Real=2.21s
[46.862s][info][gc,start       ] GC(246) Pause Full (Ergonomics)
[46.862s][info][gc,phases,start] GC(246) Marking Phase
[48.353s][info][gc,phases      ] GC(246) Marking Phase 1490.934ms
[48.353s][info][gc,phases,start] GC(246) Summary Phase
[48.353s][info][gc,phases      ] GC(246) Summary Phase 0.070ms
[48.353s][info][gc,phases,start] GC(246) Adjust Roots
[48.353s][info][gc,phases      ] GC(246) Adjust Roots 0.171ms
[48.353s][info][gc,phases,start] GC(246) Compaction Phase
[48.903s][info][gc,phases      ] GC(246) Compaction Phase 550.123ms
[48.903s][info][gc,phases,start] GC(246) Post Compact
[48.913s][info][gc,phases      ] GC(246) Post Compact 9.710ms
[48.913s][info][gc,heap        ] GC(246) PSYoungGen: 96398K(424960K)->96365K(424960K) Eden: 74752K(74752K)->74718K(74752K) From: 21646K(350208K)->21646K(350208K)
[48.913s][info][gc,heap        ] GC(246) ParOldGen: 6621843K(6622208K)->6621843K(6622208K)
[48.913s][info][gc,metaspace   ] GC(246) Metaspace: 6298K(6464K)->6298K(6464K) NonClass: 5764K(5824K)->5764K(5824K) Class: 533K(640K)->533K(640K)
[48.913s][info][gc             ] GC(246) Pause Full (Ergonomics) 6560M->6560M(6882M) 2051.391ms
[48.913s][info][gc,cpu         ] GC(246) User=14.95s Sys=0.02s Real=2.05s
[48.913s][info][gc,start       ] GC(247) Pause Full (Ergonomics)
[48.913s][info][gc,phases,start] GC(247) Marking Phase
[50.484s][info][gc,phases      ] GC(247) Marking Phase 1570.819ms
[50.484s][info][gc,phases,start] GC(247) Summary Phase
[50.484s][info][gc,phases      ] GC(247) Summary Phase 0.070ms
[50.484s][info][gc,phases,start] GC(247) Adjust Roots
[50.484s][info][gc,phases      ] GC(247) Adjust Roots 0.183ms
[50.484s][info][gc,phases,start] GC(247) Compaction Phase
[51.025s][info][gc,phases      ] GC(247) Compaction Phase 540.338ms
[51.025s][info][gc,phases,start] GC(247) Post Compact
[51.035s][info][gc,phases      ] GC(247) Post Compact 9.768ms
[51.035s][info][gc,heap        ] GC(247) PSYoungGen: 96398K(424960K)->96397K(424960K) Eden: 74752K(74752K)->74751K(74752K) From: 21646K(350208K)->21646K(350208K)
[51.035s][info][gc,heap        ] GC(247) ParOldGen: 6621843K(6622208K)->6621843K(6622208K)
[51.035s][info][gc,metaspace   ] GC(247) Metaspace: 6298K(6464K)->6298K(6464K) NonClass: 5764K(5824K)->5764K(5824K) Class: 533K(640K)->533K(640K)
[51.035s][info][gc             ] GC(247) Pause Full (Ergonomics) 6560M->6560M(6882M) 2121.488ms
[51.035s][info][gc,cpu         ] GC(247) User=15.41s Sys=0.00s Real=2.12s
[51.035s][info][gc,start       ] GC(248) Pause Full (Ergonomics)
[51.035s][info][gc,phases,start] GC(248) Marking Phase
[52.561s][info][gc,phases      ] GC(248) Marking Phase 1525.787ms
[52.561s][info][gc,phases,start] GC(248) Summary Phase
[52.561s][info][gc,phases      ] GC(248) Summary Phase 0.089ms
[52.561s][info][gc,phases,start] GC(248) Adjust Roots
[52.561s][info][gc,phases      ] GC(248) Adjust Roots 0.163ms
[52.561s][info][gc,phases,start] GC(248) Compaction Phase
[53.104s][info][gc,phases      ] GC(248) Compaction Phase 543.068ms
[53.104s][info][gc,phases,start] GC(248) Post Compact
[53.114s][info][gc,phases      ] GC(248) Post Compact 9.879ms
[53.114s][info][gc,heap        ] GC(248) PSYoungGen: 96398K(424960K)->96398K(424960K) Eden: 74752K(74752K)->74752K(74752K) From: 21646K(350208K)->21646K(350208K)
[53.114s][info][gc,heap        ] GC(248) ParOldGen: 6621843K(6622208K)->6621843K(6622208K)
[53.114s][info][gc,metaspace   ] GC(248) Metaspace: 6298K(6464K)->6298K(6464K) NonClass: 5764K(5824K)->5764K(5824K) Class: 533K(640K)->533K(640K)
[53.114s][info][gc             ] GC(248) Pause Full (Ergonomics) 6560M->6560M(6882M) 2079.312ms
[53.114s][info][gc,cpu         ] GC(248) User=15.25s Sys=0.00s Real=2.08s
[53.114s][info][gc,start       ] GC(249) Pause Full (Ergonomics)
[53.114s][info][gc,phases,start] GC(249) Marking Phase
[54.650s][info][gc,phases      ] GC(249) Marking Phase 1535.669ms
[54.650s][info][gc,phases,start] GC(249) Summary Phase
[54.650s][info][gc,phases      ] GC(249) Summary Phase 0.067ms
[54.650s][info][gc,phases,start] GC(249) Adjust Roots
[54.650s][info][gc,phases      ] GC(249) Adjust Roots 0.160ms
[54.650s][info][gc,phases,start] GC(249) Compaction Phase
[55.211s][info][gc,phases      ] GC(249) Compaction Phase 560.269ms
[55.211s][info][gc,phases,start] GC(249) Post Compact
[55.220s][info][gc,phases      ] GC(249) Post Compact 9.774ms
[55.221s][info][gc,heap        ] GC(249) PSYoungGen: 96398K(424960K)->96398K(424960K) Eden: 74752K(74752K)->74752K(74752K) From: 21646K(350208K)->21646K(350208K)
[55.221s][info][gc,heap        ] GC(249) ParOldGen: 6621848K(6622208K)->6621848K(6622208K)
[55.221s][info][gc,metaspace   ] GC(249) Metaspace: 6298K(6464K)->6298K(6464K) NonClass: 5764K(5824K)->5764K(5824K) Class: 533K(640K)->533K(640K)
[55.221s][info][gc             ] GC(249) Pause Full (Ergonomics) 6560M->6560M(6882M) 2106.241ms
[55.221s][info][gc,cpu         ] GC(249) User=15.44s Sys=0.00s Real=2.11s
[55.221s][info][gc,start       ] GC(250) Pause Full (Ergonomics)
[55.221s][info][gc,phases,start] GC(250) Marking Phase
[56.743s][info][gc,phases      ] GC(250) Marking Phase 1522.514ms
[56.743s][info][gc,phases,start] GC(250) Summary Phase
[56.744s][info][gc,phases      ] GC(250) Summary Phase 0.097ms
[56.744s][info][gc,phases,start] GC(250) Adjust Roots
[56.744s][info][gc,phases      ] GC(250) Adjust Roots 0.175ms
[56.744s][info][gc,phases,start] GC(250) Compaction Phase
[57.280s][info][gc,phases      ] GC(250) Compaction Phase 536.200ms
[57.280s][info][gc,phases,start] GC(250) Post Compact
[57.290s][info][gc,phases      ] GC(250) Post Compact 9.781ms
[57.290s][info][gc,heap        ] GC(250) PSYoungGen: 96398K(424960K)->96398K(424960K) Eden: 74752K(74752K)->74752K(74752K) From: 21646K(350208K)->21646K(350208K)
[57.290s][info][gc,heap        ] GC(250) ParOldGen: 6621853K(6622208K)->6621853K(6622208K)
[57.290s][info][gc,metaspace   ] GC(250) Metaspace: 6298K(6464K)->6298K(6464K) NonClass: 5764K(5824K)->5764K(5824K) Class: 533K(640K)->533K(640K)
[57.290s][info][gc             ] GC(250) Pause Full (Ergonomics) 6560M->6560M(6882M) 2069.107ms
[57.290s][info][gc,cpu         ] GC(250) User=15.31s Sys=0.00s Real=2.07s
[57.290s][info][gc,start       ] GC(251) Pause Full (Ergonomics)
[57.290s][info][gc,phases,start] GC(251) Marking Phase
[58.844s][info][gc,phases      ] GC(251) Marking Phase 1554.159ms
[58.844s][info][gc,phases,start] GC(251) Summary Phase
[58.844s][info][gc,phases      ] GC(251) Summary Phase 0.085ms
[58.844s][info][gc,phases,start] GC(251) Adjust Roots
[58.845s][info][gc,phases      ] GC(251) Adjust Roots 0.208ms
[58.845s][info][gc,phases,start] GC(251) Compaction Phase
[59.396s][info][gc,phases      ] GC(251) Compaction Phase 551.395ms
[59.396s][info][gc,phases,start] GC(251) Post Compact
[59.406s][info][gc,phases      ] GC(251) Post Compact 10.309ms
[59.407s][info][gc,heap        ] GC(251) PSYoungGen: 96398K(424960K)->96398K(424960K) Eden: 74752K(74752K)->74752K(74752K) From: 21646K(350208K)->21646K(350208K)
[59.407s][info][gc,heap        ] GC(251) ParOldGen: 6621858K(6622208K)->6621858K(6622208K)
[59.407s][info][gc,metaspace   ] GC(251) Metaspace: 6298K(6464K)->6298K(6464K) NonClass: 5764K(5824K)->5764K(5824K) Class: 533K(640K)->533K(640K)
[59.407s][info][gc             ] GC(251) Pause Full (Ergonomics) 6560M->6560M(6882M) 2116.530ms
[59.407s][info][gc,cpu         ] GC(251) User=15.47s Sys=0.00s Real=2.12s
[59.407s][info][gc,start       ] GC(252) Pause Full (Ergonomics)
[59.407s][info][gc,phases,start] GC(252) Marking Phase
[60.930s][info][gc,phases      ] GC(252) Marking Phase 1523.536ms
[60.930s][info][gc,phases,start] GC(252) Summary Phase
[60.931s][info][gc,phases      ] GC(252) Summary Phase 0.068ms
[60.931s][info][gc,phases,start] GC(252) Adjust Roots
[60.931s][info][gc,phases      ] GC(252) Adjust Roots 0.175ms
[60.931s][info][gc,phases,start] GC(252) Compaction Phase
[61.467s][info][gc,phases      ] GC(252) Compaction Phase 536.553ms
[61.467s][info][gc,phases,start] GC(252) Post Compact
[61.477s][info][gc,phases      ] GC(252) Post Compact 9.811ms
[61.477s][info][gc,heap        ] GC(252) PSYoungGen: 96398K(424960K)->96398K(424960K) Eden: 74752K(74752K)->74752K(74752K) From: 21646K(350208K)->21646K(350208K)
[61.477s][info][gc,heap        ] GC(252) ParOldGen: 6621862K(6622208K)->6621862K(6622208K)
[61.477s][info][gc,metaspace   ] GC(252) Metaspace: 6298K(6464K)->6298K(6464K) NonClass: 5764K(5824K)->5764K(5824K) Class: 533K(640K)->533K(640K)
[61.477s][info][gc             ] GC(252) Pause Full (Ergonomics) 6560M->6560M(6882M) 2070.455ms
[61.477s][info][gc,cpu         ] GC(252) User=15.31s Sys=0.02s Real=2.07s
[61.477s][info][gc,start       ] GC(253) Pause Full (Ergonomics)
[61.477s][info][gc,phases,start] GC(253) Marking Phase
[63.044s][info][gc,phases      ] GC(253) Marking Phase 1566.872ms
[63.044s][info][gc,phases,start] GC(253) Summary Phase
[63.044s][info][gc,phases      ] GC(253) Summary Phase 0.067ms
[63.044s][info][gc,phases,start] GC(253) Adjust Roots
[63.045s][info][gc,phases      ] GC(253) Adjust Roots 0.165ms
[63.045s][info][gc,phases,start] GC(253) Compaction Phase
[63.608s][info][gc,phases      ] GC(253) Compaction Phase 563.003ms
[63.608s][info][gc,phases,start] GC(253) Post Compact
[63.618s][info][gc,phases      ] GC(253) Post Compact 9.846ms
[63.618s][info][gc,heap        ] GC(253) PSYoungGen: 96398K(424960K)->96398K(424960K) Eden: 74752K(74752K)->74752K(74752K) From: 21646K(350208K)->21646K(350208K)
[63.618s][info][gc,heap        ] GC(253) ParOldGen: 6621867K(6622208K)->6621867K(6622208K)
[63.618s][info][gc,metaspace   ] GC(253) Metaspace: 6298K(6464K)->6298K(6464K) NonClass: 5764K(5824K)->5764K(5824K) Class: 533K(640K)->533K(640K)
[63.618s][info][gc             ] GC(253) Pause Full (Ergonomics) 6560M->6560M(6882M) 2140.253ms
[63.618s][info][gc,cpu         ] GC(253) User=15.61s Sys=0.02s Real=2.14s
[63.618s][info][gc,start       ] GC(254) Pause Full (Ergonomics)
[63.618s][info][gc,phases,start] GC(254) Marking Phase
[65.191s][info][gc,phases      ] GC(254) Marking Phase 1573.301ms
[65.191s][info][gc,phases,start] GC(254) Summary Phase
[65.191s][info][gc,phases      ] GC(254) Summary Phase 0.067ms
[65.191s][info][gc,phases,start] GC(254) Adjust Roots
[65.192s][info][gc,phases      ] GC(254) Adjust Roots 0.164ms
[65.192s][info][gc,phases,start] GC(254) Compaction Phase
[65.743s][info][gc,phases      ] GC(254) Compaction Phase 551.812ms
[65.743s][info][gc,phases,start] GC(254) Post Compact
[65.753s][info][gc,phases      ] GC(254) Post Compact 9.858ms
[65.753s][info][gc,heap        ] GC(254) PSYoungGen: 96398K(424960K)->96398K(424960K) Eden: 74752K(74752K)->74752K(74752K) From: 21646K(350208K)->21646K(350208K)
[65.753s][info][gc,heap        ] GC(254) ParOldGen: 6621872K(6622208K)->6621872K(6622208K)
[65.753s][info][gc,metaspace   ] GC(254) Metaspace: 6298K(6464K)->6298K(6464K) NonClass: 5764K(5824K)->5764K(5824K) Class: 533K(640K)->533K(640K)
[65.753s][info][gc             ] GC(254) Pause Full (Ergonomics) 6560M->6560M(6882M) 2135.516ms
[65.753s][info][gc,cpu         ] GC(254) User=15.84s Sys=0.02s Real=2.13s
[65.754s][info][gc,start       ] GC(255) Pause Full (Ergonomics)
[65.754s][info][gc,phases,start] GC(255) Marking Phase
[67.303s][info][gc,phases      ] GC(255) Marking Phase 1549.183ms
[67.303s][info][gc,phases,start] GC(255) Summary Phase
[67.303s][info][gc,phases      ] GC(255) Summary Phase 0.100ms
[67.303s][info][gc,phases,start] GC(255) Adjust Roots
[67.303s][info][gc,phases      ] GC(255) Adjust Roots 0.230ms
[67.303s][info][gc,phases,start] GC(255) Compaction Phase
[67.846s][info][gc,phases      ] GC(255) Compaction Phase 542.454ms
[67.846s][info][gc,phases,start] GC(255) Post Compact
[67.856s][info][gc,phases      ] GC(255) Post Compact 9.922ms
[67.856s][info][gc,heap        ] GC(255) PSYoungGen: 96398K(424960K)->96398K(424960K) Eden: 74752K(74752K)->74752K(74752K) From: 21646K(350208K)->21646K(350208K)
[67.856s][info][gc,heap        ] GC(255) ParOldGen: 6621877K(6622208K)->6621877K(6622208K)
[67.856s][info][gc,metaspace   ] GC(255) Metaspace: 6298K(6464K)->6298K(6464K) NonClass: 5764K(5824K)->5764K(5824K) Class: 533K(640K)->533K(640K)
[67.856s][info][gc             ] GC(255) Pause Full (Ergonomics) 6560M->6560M(6882M) 2102.240ms
[67.856s][info][gc,cpu         ] GC(255) User=15.58s Sys=0.00s Real=2.10s
[67.856s][info][gc,start       ] GC(256) Pause Full (Ergonomics)
[67.856s][info][gc,phases,start] GC(256) Marking Phase
[69.406s][info][gc,phases      ] GC(256) Marking Phase 1550.342ms
[69.407s][info][gc,phases,start] GC(256) Summary Phase
[69.407s][info][gc,phases      ] GC(256) Summary Phase 0.091ms
[69.407s][info][gc,phases,start] GC(256) Adjust Roots
[69.407s][info][gc,phases      ] GC(256) Adjust Roots 0.214ms
[69.407s][info][gc,phases,start] GC(256) Compaction Phase
[69.964s][info][gc,phases      ] GC(256) Compaction Phase 557.004ms
[69.964s][info][gc,phases,start] GC(256) Post Compact
[69.974s][info][gc,phases      ] GC(256) Post Compact 10.191ms
[69.974s][info][gc,heap        ] GC(256) PSYoungGen: 96398K(424960K)->96398K(424960K) Eden: 74752K(74752K)->74752K(74752K) From: 21646K(350208K)->21646K(350208K)
[69.974s][info][gc,heap        ] GC(256) ParOldGen: 6621882K(6622208K)->6621882K(6622208K)
[69.974s][info][gc,metaspace   ] GC(256) Metaspace: 6298K(6464K)->6298K(6464K) NonClass: 5764K(5824K)->5764K(5824K) Class: 533K(640K)->533K(640K)
[69.974s][info][gc             ] GC(256) Pause Full (Ergonomics) 6560M->6560M(6882M) 2118.285ms
[69.974s][info][gc,cpu         ] GC(256) User=15.39s Sys=0.00s Real=2.12s
[69.975s][info][gc,start       ] GC(257) Pause Full (Ergonomics)
[69.975s][info][gc,phases,start] GC(257) Marking Phase
[71.534s][info][gc,phases      ] GC(257) Marking Phase 1558.921ms
[71.534s][info][gc,phases,start] GC(257) Summary Phase
[71.534s][info][gc,phases      ] GC(257) Summary Phase 0.074ms
[71.534s][info][gc,phases,start] GC(257) Adjust Roots
[71.534s][info][gc,phases      ] GC(257) Adjust Roots 0.198ms
[71.534s][info][gc,phases,start] GC(257) Compaction Phase
[72.128s][info][gc,phases      ] GC(257) Compaction Phase 594.227ms
[72.128s][info][gc,phases,start] GC(257) Post Compact
[72.138s][info][gc,phases      ] GC(257) Post Compact 9.840ms
[72.138s][info][gc,heap        ] GC(257) PSYoungGen: 96398K(424960K)->96398K(424960K) Eden: 74752K(74752K)->74752K(74752K) From: 21646K(350208K)->21646K(350208K)
[72.138s][info][gc,heap        ] GC(257) ParOldGen: 6621887K(6622208K)->6621887K(6622208K)
[72.138s][info][gc,metaspace   ] GC(257) Metaspace: 6298K(6464K)->6298K(6464K) NonClass: 5764K(5824K)->5764K(5824K) Class: 533K(640K)->533K(640K)
[72.138s][info][gc             ] GC(257) Pause Full (Ergonomics) 6560M->6560M(6882M) 2163.588ms
[72.138s][info][gc,cpu         ] GC(257) User=15.61s Sys=0.00s Real=2.16s
[72.138s][info][gc,start       ] GC(258) Pause Full (Ergonomics)
[72.138s][info][gc,phases,start] GC(258) Marking Phase
[73.687s][info][gc,phases      ] GC(258) Marking Phase 1548.641ms
[73.687s][info][gc,phases,start] GC(258) Summary Phase
[73.687s][info][gc,phases      ] GC(258) Summary Phase 0.069ms
[73.687s][info][gc,phases,start] GC(258) Adjust Roots
[73.687s][info][gc,phases      ] GC(258) Adjust Roots 0.189ms
[73.687s][info][gc,phases,start] GC(258) Compaction Phase
[74.238s][info][gc,phases      ] GC(258) Compaction Phase 550.796ms
[74.238s][info][gc,phases,start] GC(258) Post Compact
[74.248s][info][gc,phases      ] GC(258) Post Compact 9.759ms
[74.248s][info][gc,heap        ] GC(258) PSYoungGen: 96398K(424960K)->96398K(424960K) Eden: 74752K(74752K)->74752K(74752K) From: 21646K(350208K)->21646K(350208K)
[74.248s][info][gc,heap        ] GC(258) ParOldGen: 6621891K(6622208K)->6621891K(6622208K)
[74.248s][info][gc,metaspace   ] GC(258) Metaspace: 6298K(6464K)->6298K(6464K) NonClass: 5764K(5824K)->5764K(5824K) Class: 533K(640K)->533K(640K)
[74.248s][info][gc             ] GC(258) Pause Full (Ergonomics) 6560M->6560M(6882M) 2109.764ms
[74.248s][info][gc,cpu         ] GC(258) User=15.33s Sys=0.00s Real=2.11s
[74.248s][info][gc,start       ] GC(259) Pause Full (Ergonomics)
[74.248s][info][gc,phases,start] GC(259) Marking Phase
[75.810s][info][gc,phases      ] GC(259) Marking Phase 1561.409ms
[75.810s][info][gc,phases,start] GC(259) Summary Phase
[75.810s][info][gc,phases      ] GC(259) Summary Phase 0.068ms
[75.810s][info][gc,phases,start] GC(259) Adjust Roots
[75.810s][info][gc,phases      ] GC(259) Adjust Roots 0.161ms
[75.810s][info][gc,phases,start] GC(259) Compaction Phase
[76.361s][info][gc,phases      ] GC(259) Compaction Phase 550.472ms
[76.361s][info][gc,phases,start] GC(259) Post Compact
[76.371s][info][gc,phases      ] GC(259) Post Compact 10.143ms
[76.371s][info][gc,heap        ] GC(259) PSYoungGen: 96398K(424960K)->96398K(424960K) Eden: 74752K(74752K)->74752K(74752K) From: 21646K(350208K)->21646K(350208K)
[76.371s][info][gc,heap        ] GC(259) ParOldGen: 6621896K(6622208K)->6621896K(6622208K)
[76.371s][info][gc,metaspace   ] GC(259) Metaspace: 6298K(6464K)->6298K(6464K) NonClass: 5764K(5824K)->5764K(5824K) Class: 533K(640K)->533K(640K)
[76.371s][info][gc             ] GC(259) Pause Full (Ergonomics) 6560M->6560M(6882M) 2122.603ms
[76.371s][info][gc,cpu         ] GC(259) User=15.56s Sys=0.00s Real=2.12s
[76.371s][info][gc,start       ] GC(260) Pause Full (Ergonomics)
[76.371s][info][gc,phases,start] GC(260) Marking Phase
[77.935s][info][gc,phases      ] GC(260) Marking Phase 1563.994ms
[77.935s][info][gc,phases,start] GC(260) Summary Phase
[77.935s][info][gc,phases      ] GC(260) Summary Phase 0.091ms
[77.935s][info][gc,phases,start] GC(260) Adjust Roots
[77.936s][info][gc,phases      ] GC(260) Adjust Roots 0.242ms
[77.936s][info][gc,phases,start] GC(260) Compaction Phase
[78.497s][info][gc,phases      ] GC(260) Compaction Phase 561.654ms
[78.497s][info][gc,phases,start] GC(260) Post Compact
[78.508s][info][gc,phases      ] GC(260) Post Compact 10.163ms
[78.508s][info][gc,heap        ] GC(260) PSYoungGen: 96398K(424960K)->96398K(424960K) Eden: 74752K(74752K)->74752K(74752K) From: 21646K(350208K)->21646K(350208K)
[78.508s][info][gc,heap        ] GC(260) ParOldGen: 6621901K(6622208K)->6621901K(6622208K)
[78.508s][info][gc,metaspace   ] GC(260) Metaspace: 6298K(6464K)->6298K(6464K) NonClass: 5764K(5824K)->5764K(5824K) Class: 533K(640K)->533K(640K)
[78.508s][info][gc             ] GC(260) Pause Full (Ergonomics) 6560M->6560M(6882M) 2136.481ms
[78.508s][info][gc,cpu         ] GC(260) User=15.69s Sys=0.02s Real=2.14s
[78.508s][info][gc,start       ] GC(261) Pause Full (Ergonomics)
[78.508s][info][gc,phases,start] GC(261) Marking Phase
[80.078s][info][gc,phases      ] GC(261) Marking Phase 1570.476ms
[80.078s][info][gc,phases,start] GC(261) Summary Phase
[80.078s][info][gc,phases      ] GC(261) Summary Phase 0.068ms
[80.078s][info][gc,phases,start] GC(261) Adjust Roots
[80.079s][info][gc,phases      ] GC(261) Adjust Roots 0.166ms
[80.079s][info][gc,phases,start] GC(261) Compaction Phase
[80.623s][info][gc,phases      ] GC(261) Compaction Phase 544.337ms
[80.623s][info][gc,phases,start] GC(261) Post Compact
[80.633s][info][gc,phases      ] GC(261) Post Compact 9.956ms
[80.633s][info][gc,heap        ] GC(261) PSYoungGen: 96398K(424960K)->96398K(424960K) Eden: 74752K(74752K)->74752K(74752K) From: 21646K(350208K)->21646K(350208K)
[80.633s][info][gc,heap        ] GC(261) ParOldGen: 6621906K(6622208K)->6621906K(6622208K)
[80.633s][info][gc,metaspace   ] GC(261) Metaspace: 6298K(6464K)->6298K(6464K) NonClass: 5764K(5824K)->5764K(5824K) Class: 533K(640K)->533K(640K)
[80.633s][info][gc             ] GC(261) Pause Full (Ergonomics) 6560M->6560M(6882M) 2125.297ms
[80.633s][info][gc,cpu         ] GC(261) User=15.62s Sys=0.02s Real=2.12s
[80.633s][info][gc,start       ] GC(262) Pause Full (Ergonomics)
[80.633s][info][gc,phases,start] GC(262) Marking Phase
[82.195s][info][gc,phases      ] GC(262) Marking Phase 1561.805ms
[82.195s][info][gc,phases,start] GC(262) Summary Phase
[82.195s][info][gc,phases      ] GC(262) Summary Phase 0.070ms
[82.195s][info][gc,phases,start] GC(262) Adjust Roots
[82.195s][info][gc,phases      ] GC(262) Adjust Roots 0.176ms
[82.196s][info][gc,phases,start] GC(262) Compaction Phase
[82.746s][info][gc,phases      ] GC(262) Compaction Phase 550.078ms
[82.746s][info][gc,phases,start] GC(262) Post Compact
[82.756s][info][gc,phases      ] GC(262) Post Compact 9.843ms
[82.756s][info][gc,heap        ] GC(262) PSYoungGen: 96398K(424960K)->96398K(424960K) Eden: 74752K(74752K)->74752K(74752K) From: 21646K(350208K)->21646K(350208K)
[82.756s][info][gc,heap        ] GC(262) ParOldGen: 6621911K(6622208K)->6621911K(6622208K)
[82.756s][info][gc,metaspace   ] GC(262) Metaspace: 6298K(6464K)->6298K(6464K) NonClass: 5764K(5824K)->5764K(5824K) Class: 533K(640K)->533K(640K)
[82.756s][info][gc             ] GC(262) Pause Full (Ergonomics) 6560M->6560M(6882M) 2122.321ms
[82.756s][info][gc,cpu         ] GC(262) User=15.64s Sys=0.03s Real=2.12s
[82.756s][info][gc,start       ] GC(263) Pause Full (Ergonomics)
[82.756s][info][gc,phases,start] GC(263) Marking Phase
[84.286s][info][gc,phases      ] GC(263) Marking Phase 1530.161ms
[84.286s][info][gc,phases,start] GC(263) Summary Phase
[84.286s][info][gc,phases      ] GC(263) Summary Phase 0.067ms
[84.286s][info][gc,phases,start] GC(263) Adjust Roots
[84.286s][info][gc,phases      ] GC(263) Adjust Roots 0.164ms
[84.286s][info][gc,phases,start] GC(263) Compaction Phase
[84.844s][info][gc,phases      ] GC(263) Compaction Phase 557.223ms
[84.844s][info][gc,phases,start] GC(263) Post Compact
[84.853s][info][gc,phases      ] GC(263) Post Compact 9.777ms
[84.853s][info][gc,heap        ] GC(263) PSYoungGen: 96398K(424960K)->96398K(424960K) Eden: 74752K(74752K)->74752K(74752K) From: 21646K(350208K)->21646K(350208K)
[84.853s][info][gc,heap        ] GC(263) ParOldGen: 6621916K(6622208K)->6621916K(6622208K)
[84.854s][info][gc,metaspace   ] GC(263) Metaspace: 6298K(6464K)->6298K(6464K) NonClass: 5764K(5824K)->5764K(5824K) Class: 533K(640K)->533K(640K)
[84.854s][info][gc             ] GC(263) Pause Full (Ergonomics) 6560M->6560M(6882M) 2097.697ms
[84.854s][info][gc,cpu         ] GC(263) User=15.53s Sys=0.02s Real=2.10s
[84.854s][info][gc,start       ] GC(264) Pause Full (Ergonomics)
[84.854s][info][gc,phases,start] GC(264) Marking Phase
[86.414s][info][gc,phases      ] GC(264) Marking Phase 1560.062ms
[86.414s][info][gc,phases,start] GC(264) Summary Phase
[86.414s][info][gc,phases      ] GC(264) Summary Phase 0.107ms
[86.414s][info][gc,phases,start] GC(264) Adjust Roots
[86.414s][info][gc,phases      ] GC(264) Adjust Roots 0.289ms
[86.414s][info][gc,phases,start] GC(264) Compaction Phase
[86.982s][info][gc,phases      ] GC(264) Compaction Phase 567.450ms
[86.982s][info][gc,phases,start] GC(264) Post Compact
[86.992s][info][gc,phases      ] GC(264) Post Compact 10.112ms
[86.992s][info][gc,heap        ] GC(264) PSYoungGen: 96398K(424960K)->96398K(424960K) Eden: 74752K(74752K)->74752K(74752K) From: 21646K(350208K)->21646K(350208K)
[86.992s][info][gc,heap        ] GC(264) ParOldGen: 6621920K(6622208K)->6621920K(6622208K)
[86.992s][info][gc,metaspace   ] GC(264) Metaspace: 6298K(6464K)->6298K(6464K) NonClass: 5764K(5824K)->5764K(5824K) Class: 533K(640K)->533K(640K)
[86.992s][info][gc             ] GC(264) Pause Full (Ergonomics) 6560M->6560M(6882M) 2138.431ms
[86.992s][info][gc,cpu         ] GC(264) User=15.72s Sys=0.00s Real=2.14s
[86.992s][info][gc,start       ] GC(265) Pause Full (Ergonomics)
[86.992s][info][gc,phases,start] GC(265) Marking Phase
[88.533s][info][gc,phases      ] GC(265) Marking Phase 1540.805ms
[88.533s][info][gc,phases,start] GC(265) Summary Phase
[88.533s][info][gc,phases      ] GC(265) Summary Phase 0.096ms
[88.533s][info][gc,phases,start] GC(265) Adjust Roots
[88.534s][info][gc,phases      ] GC(265) Adjust Roots 0.172ms
[88.534s][info][gc,phases,start] GC(265) Compaction Phase
[89.094s][info][gc,phases      ] GC(265) Compaction Phase 560.552ms
[89.094s][info][gc,phases,start] GC(265) Post Compact
[89.104s][info][gc,phases      ] GC(265) Post Compact 9.908ms
[89.104s][info][gc,heap        ] GC(265) PSYoungGen: 96398K(424960K)->96398K(424960K) Eden: 74752K(74752K)->74752K(74752K) From: 21646K(350208K)->21646K(350208K)
[89.104s][info][gc,heap        ] GC(265) ParOldGen: 6621925K(6622208K)->6621925K(6622208K)
[89.104s][info][gc,metaspace   ] GC(265) Metaspace: 6298K(6464K)->6298K(6464K) NonClass: 5764K(5824K)->5764K(5824K) Class: 533K(640K)->533K(640K)
[89.104s][info][gc             ] GC(265) Pause Full (Ergonomics) 6560M->6560M(6882M) 2111.867ms
[89.104s][info][gc,cpu         ] GC(265) User=15.33s Sys=0.02s Real=2.11s
[89.104s][info][gc,start       ] GC(266) Pause Full (Ergonomics)
[89.104s][info][gc,phases,start] GC(266) Marking Phase
[90.726s][info][gc,phases      ] GC(266) Marking Phase 1621.822ms
[90.726s][info][gc,phases,start] GC(266) Summary Phase
[90.726s][info][gc,phases      ] GC(266) Summary Phase 0.069ms
[90.726s][info][gc,phases,start] GC(266) Adjust Roots
[90.727s][info][gc,phases      ] GC(266) Adjust Roots 0.166ms
[90.727s][info][gc,phases,start] GC(266) Compaction Phase
[91.320s][info][gc,phases      ] GC(266) Compaction Phase 593.542ms
[91.320s][info][gc,phases,start] GC(266) Post Compact
[91.332s][info][gc,phases      ] GC(266) Post Compact 11.825ms
[91.332s][info][gc,heap        ] GC(266) PSYoungGen: 96398K(424960K)->96398K(424960K) Eden: 74752K(74752K)->74752K(74752K) From: 21646K(350208K)->21646K(350208K)
[91.332s][info][gc,heap        ] GC(266) ParOldGen: 6621930K(6622208K)->6621930K(6622208K)
[91.332s][info][gc,metaspace   ] GC(266) Metaspace: 6298K(6464K)->6298K(6464K) NonClass: 5764K(5824K)->5764K(5824K) Class: 533K(640K)->533K(640K)
[91.332s][info][gc             ] GC(266) Pause Full (Ergonomics) 6560M->6560M(6882M) 2227.834ms
[91.332s][info][gc,cpu         ] GC(266) User=15.58s Sys=0.05s Real=2.23s
[91.333s][info][gc,start       ] GC(267) Pause Full (Ergonomics)
[91.333s][info][gc,phases,start] GC(267) Marking Phase
[92.954s][info][gc,phases      ] GC(267) Marking Phase 1621.227ms
[92.954s][info][gc,phases,start] GC(267) Summary Phase
[92.954s][info][gc,phases      ] GC(267) Summary Phase 0.123ms
[92.954s][info][gc,phases,start] GC(267) Adjust Roots
[92.954s][info][gc,phases      ] GC(267) Adjust Roots 0.205ms
[92.954s][info][gc,phases,start] GC(267) Compaction Phase
[93.475s][info][gc,phases      ] GC(267) Compaction Phase 520.895ms
[93.475s][info][gc,phases,start] GC(267) Post Compact
[93.486s][info][gc,phases      ] GC(267) Post Compact 10.431ms
[93.486s][info][gc,heap        ] GC(267) PSYoungGen: 96398K(424960K)->96398K(424960K) Eden: 74752K(74752K)->74752K(74752K) From: 21646K(350208K)->21646K(350208K)
[93.486s][info][gc,heap        ] GC(267) ParOldGen: 6621935K(6622208K)->6621935K(6622208K)
[93.486s][info][gc,metaspace   ] GC(267) Metaspace: 6298K(6464K)->6298K(6464K) NonClass: 5764K(5824K)->5764K(5824K) Class: 533K(640K)->533K(640K)
[93.486s][info][gc             ] GC(267) Pause Full (Ergonomics) 6560M->6560M(6882M) 2153.286ms
[93.486s][info][gc,cpu         ] GC(267) User=15.02s Sys=0.03s Real=2.15s
[93.486s][info][gc,start       ] GC(268) Pause Full (Ergonomics)
[93.486s][info][gc,phases,start] GC(268) Marking Phase
[95.103s][info][gc,phases      ] GC(268) Marking Phase 1616.885ms
[95.103s][info][gc,phases,start] GC(268) Summary Phase
[95.103s][info][gc,phases      ] GC(268) Summary Phase 0.088ms
[95.103s][info][gc,phases,start] GC(268) Adjust Roots
[95.103s][info][gc,phases      ] GC(268) Adjust Roots 0.238ms
[95.103s][info][gc,phases,start] GC(268) Compaction Phase
[95.632s][info][gc,phases      ] GC(268) Compaction Phase 528.126ms
[95.632s][info][gc,phases,start] GC(268) Post Compact
[95.642s][info][gc,phases      ] GC(268) Post Compact 10.078ms
[95.642s][info][gc,heap        ] GC(268) PSYoungGen: 96398K(424960K)->96398K(424960K) Eden: 74752K(74752K)->74752K(74752K) From: 21646K(350208K)->21646K(350208K)
[95.642s][info][gc,heap        ] GC(268) ParOldGen: 6621940K(6622208K)->6621940K(6622208K)
[95.642s][info][gc,metaspace   ] GC(268) Metaspace: 6298K(6464K)->6298K(6464K) NonClass: 5764K(5824K)->5764K(5824K) Class: 533K(640K)->533K(640K)
[95.642s][info][gc             ] GC(268) Pause Full (Ergonomics) 6560M->6560M(6882M) 2155.758ms
[95.642s][info][gc,cpu         ] GC(268) User=15.33s Sys=0.00s Real=2.16s
[95.642s][info][gc,start       ] GC(269) Pause Full (Ergonomics)
[95.642s][info][gc,phases,start] GC(269) Marking Phase
[97.215s][info][gc,phases      ] GC(269) Marking Phase 1573.259ms
[97.215s][info][gc,phases,start] GC(269) Summary Phase
[97.215s][info][gc,phases      ] GC(269) Summary Phase 0.082ms
[97.215s][info][gc,phases,start] GC(269) Adjust Roots
[97.216s][info][gc,phases      ] GC(269) Adjust Roots 0.225ms
[97.216s][info][gc,phases,start] GC(269) Compaction Phase
[97.736s][info][gc,phases      ] GC(269) Compaction Phase 520.000ms
[97.736s][info][gc,phases,start] GC(269) Post Compact
[97.746s][info][gc,phases      ] GC(269) Post Compact 10.320ms
[97.746s][info][gc,heap        ] GC(269) PSYoungGen: 96398K(424960K)->96398K(424960K) Eden: 74752K(74752K)->74752K(74752K) From: 21646K(350208K)->21646K(350208K)
[97.746s][info][gc,heap        ] GC(269) ParOldGen: 6621945K(6622208K)->6621945K(6622208K)
[97.746s][info][gc,metaspace   ] GC(269) Metaspace: 6298K(6464K)->6298K(6464K) NonClass: 5764K(5824K)->5764K(5824K) Class: 533K(640K)->533K(640K)
[97.746s][info][gc             ] GC(269) Pause Full (Ergonomics) 6560M->6560M(6882M) 2104.221ms
[97.746s][info][gc,cpu         ] GC(269) User=15.14s Sys=0.02s Real=2.10s
[97.746s][info][gc,start       ] GC(270) Pause Full (Ergonomics)
[97.746s][info][gc,phases,start] GC(270) Marking Phase
[99.319s][info][gc,phases      ] GC(270) Marking Phase 1572.825ms
[99.319s][info][gc,phases,start] GC(270) Summary Phase
[99.319s][info][gc,phases      ] GC(270) Summary Phase 0.079ms
[99.319s][info][gc,phases,start] GC(270) Adjust Roots
[99.320s][info][gc,phases      ] GC(270) Adjust Roots 0.214ms
[99.320s][info][gc,phases,start] GC(270) Compaction Phase
[99.843s][info][gc,phases      ] GC(270) Compaction Phase 522.996ms
[99.843s][info][gc,phases,start] GC(270) Post Compact
[99.853s][info][gc,phases      ] GC(270) Post Compact 10.341ms
[99.853s][info][gc,heap        ] GC(270) PSYoungGen: 96398K(424960K)->96398K(424960K) Eden: 74752K(74752K)->74752K(74752K) From: 21646K(350208K)->21646K(350208K)
[99.853s][info][gc,heap        ] GC(270) ParOldGen: 6621949K(6622208K)->6621949K(6622208K)
[99.853s][info][gc,metaspace   ] GC(270) Metaspace: 6298K(6464K)->6298K(6464K) NonClass: 5764K(5824K)->5764K(5824K) Class: 533K(640K)->533K(640K)
[99.853s][info][gc             ] GC(270) Pause Full (Ergonomics) 6560M->6560M(6882M) 2106.814ms
[99.853s][info][gc,cpu         ] GC(270) User=15.00s Sys=0.02s Real=2.11s
[99.854s][info][gc,start       ] GC(271) Pause Full (Ergonomics)
[99.854s][info][gc,phases,start] GC(271) Marking Phase
[101.407s][info][gc,phases      ] GC(271) Marking Phase 1553.099ms
[101.407s][info][gc,phases,start] GC(271) Summary Phase
[101.407s][info][gc,phases      ] GC(271) Summary Phase 0.076ms
[101.407s][info][gc,phases,start] GC(271) Adjust Roots
[101.407s][info][gc,phases      ] GC(271) Adjust Roots 0.173ms
[101.407s][info][gc,phases,start] GC(271) Compaction Phase
[101.933s][info][gc,phases      ] GC(271) Compaction Phase 525.670ms
[101.933s][info][gc,phases,start] GC(271) Post Compact
[101.943s][info][gc,phases      ] GC(271) Post Compact 9.812ms
[101.943s][info][gc,heap        ] GC(271) PSYoungGen: 96398K(424960K)->96398K(424960K) Eden: 74752K(74752K)->74752K(74752K) From: 21646K(350208K)->21646K(350208K)
[101.943s][info][gc,heap        ] GC(271) ParOldGen: 6621954K(6622208K)->6621954K(6622208K)
[101.943s][info][gc,metaspace   ] GC(271) Metaspace: 6298K(6464K)->6298K(6464K) NonClass: 5764K(5824K)->5764K(5824K) Class: 533K(640K)->533K(640K)
[101.943s][info][gc             ] GC(271) Pause Full (Ergonomics) 6560M->6560M(6882M) 2089.132ms
[101.943s][info][gc,cpu         ] GC(271) User=14.89s Sys=0.02s Real=2.09s
[101.943s][info][gc,start       ] GC(272) Pause Full (Ergonomics)
[101.943s][info][gc,phases,start] GC(272) Marking Phase
[103.503s][info][gc,phases      ] GC(272) Marking Phase 1560.184ms
[103.503s][info][gc,phases,start] GC(272) Summary Phase
[103.503s][info][gc,phases      ] GC(272) Summary Phase 0.069ms
[103.503s][info][gc,phases,start] GC(272) Adjust Roots
[103.503s][info][gc,phases      ] GC(272) Adjust Roots 0.181ms
[103.503s][info][gc,phases,start] GC(272) Compaction Phase
[104.021s][info][gc,phases      ] GC(272) Compaction Phase 517.970ms
[104.021s][info][gc,phases,start] GC(272) Post Compact
[104.031s][info][gc,phases      ] GC(272) Post Compact 9.851ms
[104.031s][info][gc,heap        ] GC(272) PSYoungGen: 96398K(424960K)->96398K(424960K) Eden: 74752K(74752K)->74752K(74752K) From: 21646K(350208K)->21646K(350208K)
[104.031s][info][gc,heap        ] GC(272) ParOldGen: 6621959K(6622208K)->6621959K(6622208K)
[104.031s][info][gc,metaspace   ] GC(272) Metaspace: 6298K(6464K)->6298K(6464K) NonClass: 5764K(5824K)->5764K(5824K) Class: 533K(640K)->533K(640K)
[104.031s][info][gc             ] GC(272) Pause Full (Ergonomics) 6560M->6560M(6882M) 2088.607ms
[104.031s][info][gc,cpu         ] GC(272) User=15.02s Sys=0.00s Real=2.09s
[104.032s][info][gc,start       ] GC(273) Pause Full (Ergonomics)
[104.032s][info][gc,phases,start] GC(273) Marking Phase
[105.579s][info][gc,phases      ] GC(273) Marking Phase 1547.566ms
[105.579s][info][gc,phases,start] GC(273) Summary Phase
[105.579s][info][gc,phases      ] GC(273) Summary Phase 0.075ms
[105.579s][info][gc,phases,start] GC(273) Adjust Roots
[105.580s][info][gc,phases      ] GC(273) Adjust Roots 0.221ms
[105.580s][info][gc,phases,start] GC(273) Compaction Phase
[106.112s][info][gc,phases      ] GC(273) Compaction Phase 532.172ms
[106.112s][info][gc,phases,start] GC(273) Post Compact
[106.125s][info][gc,phases      ] GC(273) Post Compact 13.182ms
[106.125s][info][gc,heap        ] GC(273) PSYoungGen: 96398K(424960K)->96398K(424960K) Eden: 74752K(74752K)->74752K(74752K) From: 21646K(350208K)->21646K(350208K)
[106.125s][info][gc,heap        ] GC(273) ParOldGen: 6621964K(6622208K)->6621964K(6622208K)
[106.125s][info][gc,metaspace   ] GC(273) Metaspace: 6298K(6464K)->6298K(6464K) NonClass: 5764K(5824K)->5764K(5824K) Class: 533K(640K)->533K(640K)
[106.125s][info][gc             ] GC(273) Pause Full (Ergonomics) 6560M->6560M(6882M) 2093.602ms
[106.125s][info][gc,cpu         ] GC(273) User=14.78s Sys=0.02s Real=2.09s
[106.126s][info][gc,start       ] GC(274) Pause Full (Ergonomics)
[106.126s][info][gc,phases,start] GC(274) Marking Phase
[107.747s][info][gc,phases      ] GC(274) Marking Phase 1620.987ms
[107.747s][info][gc,phases,start] GC(274) Summary Phase
[107.747s][info][gc,phases      ] GC(274) Summary Phase 0.072ms
[107.747s][info][gc,phases,start] GC(274) Adjust Roots
[107.747s][info][gc,phases      ] GC(274) Adjust Roots 0.166ms
[107.747s][info][gc,phases,start] GC(274) Compaction Phase
[108.265s][info][gc,phases      ] GC(274) Compaction Phase 518.306ms
[108.265s][info][gc,phases,start] GC(274) Post Compact
[108.275s][info][gc,phases      ] GC(274) Post Compact 9.940ms
[108.275s][info][gc,heap        ] GC(274) PSYoungGen: 96398K(424960K)->96398K(424960K) Eden: 74752K(74752K)->74752K(74752K) From: 21646K(350208K)->21646K(350208K)
[108.275s][info][gc,heap        ] GC(274) ParOldGen: 6621969K(6622208K)->6621969K(6622208K)
[108.275s][info][gc,metaspace   ] GC(274) Metaspace: 6298K(6464K)->6298K(6464K) NonClass: 5764K(5824K)->5764K(5824K) Class: 533K(640K)->533K(640K)
[108.275s][info][gc             ] GC(274) Pause Full (Ergonomics) 6560M->6560M(6882M) 2149.781ms
[108.275s][info][gc,cpu         ] GC(274) User=14.58s Sys=0.00s Real=2.15s
[108.276s][info][gc,start       ] GC(275) Pause Full (Ergonomics)
[108.276s][info][gc,phases,start] GC(275) Marking Phase
[109.830s][info][gc,phases      ] GC(275) Marking Phase 1554.196ms
[109.830s][info][gc,phases,start] GC(275) Summary Phase
[109.830s][info][gc,phases      ] GC(275) Summary Phase 0.069ms
[109.830s][info][gc,phases,start] GC(275) Adjust Roots
[109.830s][info][gc,phases      ] GC(275) Adjust Roots 0.166ms
[109.830s][info][gc,phases,start] GC(275) Compaction Phase
[110.352s][info][gc,phases      ] GC(275) Compaction Phase 521.458ms
[110.352s][info][gc,phases,start] GC(275) Post Compact
[110.362s][info][gc,phases      ] GC(275) Post Compact 10.602ms
[110.362s][info][gc,heap        ] GC(275) PSYoungGen: 96398K(424960K)->96398K(424960K) Eden: 74752K(74752K)->74752K(74752K) From: 21646K(350208K)->21646K(350208K)
[110.362s][info][gc,heap        ] GC(275) ParOldGen: 6621974K(6622208K)->6621974K(6622208K)
[110.362s][info][gc,metaspace   ] GC(275) Metaspace: 6298K(6464K)->6298K(6464K) NonClass: 5764K(5824K)->5764K(5824K) Class: 533K(640K)->533K(640K)
[110.362s][info][gc             ] GC(275) Pause Full (Ergonomics) 6560M->6560M(6882M) 2086.849ms
[110.362s][info][gc,cpu         ] GC(275) User=15.06s Sys=0.00s Real=2.09s
[110.363s][info][gc,start       ] GC(276) Pause Full (Ergonomics)
[110.363s][info][gc,phases,start] GC(276) Marking Phase
[111.914s][info][gc,phases      ] GC(276) Marking Phase 1551.385ms
[111.914s][info][gc,phases,start] GC(276) Summary Phase
[111.914s][info][gc,phases      ] GC(276) Summary Phase 0.069ms
[111.914s][info][gc,phases,start] GC(276) Adjust Roots
[111.914s][info][gc,phases      ] GC(276) Adjust Roots 0.168ms
[111.914s][info][gc,phases,start] GC(276) Compaction Phase
[112.427s][info][gc,phases      ] GC(276) Compaction Phase 513.085ms
[112.428s][info][gc,phases,start] GC(276) Post Compact
[112.437s][info][gc,phases      ] GC(276) Post Compact 9.888ms
[112.437s][info][gc,heap        ] GC(276) PSYoungGen: 96398K(424960K)->96398K(424960K) Eden: 74752K(74752K)->74752K(74752K) From: 21646K(350208K)->21646K(350208K)
[112.437s][info][gc,heap        ] GC(276) ParOldGen: 6621978K(6622208K)->6621978K(6622208K)
[112.438s][info][gc,metaspace   ] GC(276) Metaspace: 6298K(6464K)->6298K(6464K) NonClass: 5764K(5824K)->5764K(5824K) Class: 533K(640K)->533K(640K)
[112.438s][info][gc             ] GC(276) Pause Full (Ergonomics) 6560M->6560M(6882M) 2074.917ms
[112.438s][info][gc,cpu         ] GC(276) User=15.14s Sys=0.00s Real=2.08s
[112.438s][info][gc,start       ] GC(277) Pause Full (Ergonomics)
[112.438s][info][gc,phases,start] GC(277) Marking Phase
[113.983s][info][gc,phases      ] GC(277) Marking Phase 1545.571ms
[113.983s][info][gc,phases,start] GC(277) Summary Phase
[113.983s][info][gc,phases      ] GC(277) Summary Phase 0.068ms
[113.983s][info][gc,phases,start] GC(277) Adjust Roots
[113.984s][info][gc,phases      ] GC(277) Adjust Roots 0.167ms
[113.984s][info][gc,phases,start] GC(277) Compaction Phase
[114.509s][info][gc,phases      ] GC(277) Compaction Phase 524.862ms
[114.509s][info][gc,phases,start] GC(277) Post Compact
[114.519s][info][gc,phases      ] GC(277) Post Compact 9.961ms
[114.519s][info][gc,heap        ] GC(277) PSYoungGen: 96398K(424960K)->96398K(424960K) Eden: 74752K(74752K)->74752K(74752K) From: 21646K(350208K)->21646K(350208K)
[114.519s][info][gc,heap        ] GC(277) ParOldGen: 6621983K(6622208K)->6621983K(6622208K)
[114.519s][info][gc,metaspace   ] GC(277) Metaspace: 6298K(6464K)->6298K(6464K) NonClass: 5764K(5824K)->5764K(5824K) Class: 533K(640K)->533K(640K)
[114.519s][info][gc             ] GC(277) Pause Full (Ergonomics) 6560M->6560M(6882M) 2080.949ms
[114.519s][info][gc,cpu         ] GC(277) User=15.08s Sys=0.00s Real=2.08s
[114.519s][info][gc,start       ] GC(278) Pause Full (Ergonomics)
[114.519s][info][gc,phases,start] GC(278) Marking Phase
[116.049s][info][gc,phases      ] GC(278) Marking Phase 1530.523ms
[116.049s][info][gc,phases,start] GC(278) Summary Phase
[116.050s][info][gc,phases      ] GC(278) Summary Phase 0.073ms
[116.050s][info][gc,phases,start] GC(278) Adjust Roots
[116.050s][info][gc,phases      ] GC(278) Adjust Roots 0.215ms
[116.050s][info][gc,phases,start] GC(278) Compaction Phase
[116.577s][info][gc,phases      ] GC(278) Compaction Phase 526.802ms
[116.577s][info][gc,phases,start] GC(278) Post Compact
[116.587s][info][gc,phases      ] GC(278) Post Compact 10.415ms
[116.587s][info][gc,heap        ] GC(278) PSYoungGen: 96398K(424960K)->96398K(424960K) Eden: 74752K(74752K)->74752K(74752K) From: 21646K(350208K)->21646K(350208K)
[116.587s][info][gc,heap        ] GC(278) ParOldGen: 6621988K(6622208K)->6621988K(6622208K)
[116.587s][info][gc,metaspace   ] GC(278) Metaspace: 6298K(6464K)->6298K(6464K) NonClass: 5764K(5824K)->5764K(5824K) Class: 533K(640K)->533K(640K)
[116.587s][info][gc             ] GC(278) Pause Full (Ergonomics) 6560M->6560M(6882M) 2068.372ms
[116.587s][info][gc,cpu         ] GC(278) User=15.09s Sys=0.00s Real=2.07s
[116.587s][info][gc,start       ] GC(279) Pause Full (Ergonomics)
[116.588s][info][gc,phases,start] GC(279) Marking Phase
[118.182s][info][gc,phases      ] GC(279) Marking Phase 1594.563ms
[118.182s][info][gc,phases,start] GC(279) Summary Phase
[118.182s][info][gc,phases      ] GC(279) Summary Phase 0.072ms
[118.182s][info][gc,phases,start] GC(279) Adjust Roots
[118.182s][info][gc,phases      ] GC(279) Adjust Roots 0.168ms
[118.182s][info][gc,phases,start] GC(279) Compaction Phase
[118.699s][info][gc,phases      ] GC(279) Compaction Phase 516.821ms
[118.699s][info][gc,phases,start] GC(279) Post Compact
[118.709s][info][gc,phases      ] GC(279) Post Compact 9.771ms
[118.709s][info][gc,heap        ] GC(279) PSYoungGen: 96398K(424960K)->96398K(424960K) Eden: 74752K(74752K)->74752K(74752K) From: 21646K(350208K)->21646K(350208K)
[118.709s][info][gc,heap        ] GC(279) ParOldGen: 6621993K(6622208K)->6621993K(6622208K)
[118.709s][info][gc,metaspace   ] GC(279) Metaspace: 6298K(6464K)->6298K(6464K) NonClass: 5764K(5824K)->5764K(5824K) Class: 533K(640K)->533K(640K)
[118.709s][info][gc             ] GC(279) Pause Full (Ergonomics) 6560M->6560M(6882M) 2121.695ms
[118.709s][info][gc,cpu         ] GC(279) User=14.83s Sys=0.00s Real=2.12s
[118.709s][info][gc,start       ] GC(280) Pause Full (Ergonomics)
[118.709s][info][gc,phases,start] GC(280) Marking Phase
[120.291s][info][gc,phases      ] GC(280) Marking Phase 1581.509ms
[120.291s][info][gc,phases,start] GC(280) Summary Phase
[120.291s][info][gc,phases      ] GC(280) Summary Phase 0.071ms
[120.291s][info][gc,phases,start] GC(280) Adjust Roots
[120.291s][info][gc,phases      ] GC(280) Adjust Roots 0.172ms
[120.291s][info][gc,phases,start] GC(280) Compaction Phase
[120.823s][info][gc,phases      ] GC(280) Compaction Phase 531.396ms
[120.823s][info][gc,phases,start] GC(280) Post Compact
[120.833s][info][gc,phases      ] GC(280) Post Compact 10.313ms
[120.833s][info][gc,heap        ] GC(280) PSYoungGen: 96398K(424960K)->96398K(424960K) Eden: 74752K(74752K)->74752K(74752K) From: 21646K(350208K)->21646K(350208K)
[120.833s][info][gc,heap        ] GC(280) ParOldGen: 6621998K(6622208K)->6621998K(6622208K)
[120.833s][info][gc,metaspace   ] GC(280) Metaspace: 6298K(6464K)->6298K(6464K) NonClass: 5764K(5824K)->5764K(5824K) Class: 533K(640K)->533K(640K)
[120.833s][info][gc             ] GC(280) Pause Full (Ergonomics) 6560M->6560M(6882M) 2123.790ms
[120.833s][info][gc,cpu         ] GC(280) User=15.08s Sys=0.00s Real=2.12s
[120.833s][info][gc,start       ] GC(281) Pause Full (Ergonomics)
[120.833s][info][gc,phases,start] GC(281) Marking Phase
[122.379s][info][gc,phases      ] GC(281) Marking Phase 1545.160ms
[122.379s][info][gc,phases,start] GC(281) Summary Phase
[122.379s][info][gc,phases      ] GC(281) Summary Phase 0.070ms
[122.379s][info][gc,phases,start] GC(281) Adjust Roots
[122.379s][info][gc,phases      ] GC(281) Adjust Roots 0.194ms
[122.379s][info][gc,phases,start] GC(281) Compaction Phase
[122.904s][info][gc,phases      ] GC(281) Compaction Phase 524.916ms
[122.904s][info][gc,phases,start] GC(281) Post Compact
[122.914s][info][gc,phases      ] GC(281) Post Compact 10.059ms
[122.914s][info][gc,heap        ] GC(281) PSYoungGen: 96398K(424960K)->96398K(424960K) Eden: 74752K(74752K)->74752K(74752K) From: 21646K(350208K)->21646K(350208K)
[122.914s][info][gc,heap        ] GC(281) ParOldGen: 6622003K(6622208K)->6622003K(6622208K)
[122.914s][info][gc,metaspace   ] GC(281) Metaspace: 6298K(6464K)->6298K(6464K) NonClass: 5764K(5824K)->5764K(5824K) Class: 533K(640K)->533K(640K)
[122.914s][info][gc             ] GC(281) Pause Full (Ergonomics) 6560M->6560M(6882M) 2080.719ms
[122.914s][info][gc,cpu         ] GC(281) User=14.98s Sys=0.02s Real=2.08s
[122.914s][info][gc,start       ] GC(282) Pause Full (Ergonomics)
[122.914s][info][gc,phases,start] GC(282) Marking Phase
[124.455s][info][gc,phases      ] GC(282) Marking Phase 1540.457ms
[124.455s][info][gc,phases,start] GC(282) Summary Phase
[124.455s][info][gc,phases      ] GC(282) Summary Phase 0.094ms
[124.455s][info][gc,phases,start] GC(282) Adjust Roots
[124.455s][info][gc,phases      ] GC(282) Adjust Roots 0.233ms
[124.455s][info][gc,phases,start] GC(282) Compaction Phase
[124.966s][info][gc,phases      ] GC(282) Compaction Phase 510.676ms
[124.966s][info][gc,phases,start] GC(282) Post Compact
[124.976s][info][gc,phases      ] GC(282) Post Compact 10.114ms
[124.976s][info][gc,heap        ] GC(282) PSYoungGen: 96398K(424960K)->96398K(424960K) Eden: 74752K(74752K)->74752K(74752K) From: 21646K(350208K)->21646K(350208K)
[124.976s][info][gc,heap        ] GC(282) ParOldGen: 6622007K(6622208K)->6622007K(6622208K)
[124.976s][info][gc,metaspace   ] GC(282) Metaspace: 6298K(6464K)->6298K(6464K) NonClass: 5764K(5824K)->5764K(5824K) Class: 533K(640K)->533K(640K)
[124.976s][info][gc             ] GC(282) Pause Full (Ergonomics) 6560M->6560M(6882M) 2061.921ms
[124.976s][info][gc,cpu         ] GC(282) User=14.83s Sys=0.00s Real=2.06s
[124.976s][info][gc,start       ] GC(283) Pause Full (Ergonomics)
[124.976s][info][gc,phases,start] GC(283) Marking Phase
[126.553s][info][gc,phases      ] GC(283) Marking Phase 1576.194ms
[126.553s][info][gc,phases,start] GC(283) Summary Phase
[126.553s][info][gc,phases      ] GC(283) Summary Phase 0.073ms
[126.553s][info][gc,phases,start] GC(283) Adjust Roots
[126.553s][info][gc,phases      ] GC(283) Adjust Roots 0.207ms
[126.553s][info][gc,phases,start] GC(283) Compaction Phase
[127.101s][info][gc,phases      ] GC(283) Compaction Phase 548.276ms
[127.101s][info][gc,phases,start] GC(283) Post Compact
[127.112s][info][gc,phases      ] GC(283) Post Compact 10.556ms
[127.112s][info][gc,heap        ] GC(283) PSYoungGen: 96398K(424960K)->96398K(424960K) Eden: 74752K(74752K)->74752K(74752K) From: 21646K(350208K)->21646K(350208K)
[127.112s][info][gc,heap        ] GC(283) ParOldGen: 6622012K(6622208K)->6622012K(6622208K)
[127.112s][info][gc,metaspace   ] GC(283) Metaspace: 6298K(6464K)->6298K(6464K) NonClass: 5764K(5824K)->5764K(5824K) Class: 533K(640K)->533K(640K)
[127.112s][info][gc             ] GC(283) Pause Full (Ergonomics) 6560M->6560M(6882M) 2135.621ms
[127.112s][info][gc,cpu         ] GC(283) User=15.14s Sys=0.00s Real=2.14s
[127.112s][info][gc,start       ] GC(284) Pause Full (Ergonomics)
[127.112s][info][gc,phases,start] GC(284) Marking Phase
[128.682s][info][gc,phases      ] GC(284) Marking Phase 1569.989ms
[128.682s][info][gc,phases,start] GC(284) Summary Phase
[128.682s][info][gc,phases      ] GC(284) Summary Phase 0.077ms
[128.682s][info][gc,phases,start] GC(284) Adjust Roots
[128.683s][info][gc,phases      ] GC(284) Adjust Roots 0.239ms
[128.683s][info][gc,phases,start] GC(284) Compaction Phase
[129.263s][info][gc,phases      ] GC(284) Compaction Phase 580.367ms
[129.263s][info][gc,phases,start] GC(284) Post Compact
[129.275s][info][gc,phases      ] GC(284) Post Compact 11.597ms
[129.275s][info][gc,heap        ] GC(284) PSYoungGen: 96398K(424960K)->96398K(424960K) Eden: 74752K(74752K)->74752K(74752K) From: 21646K(350208K)->21646K(350208K)
[129.275s][info][gc,heap        ] GC(284) ParOldGen: 6622017K(6622208K)->6622017K(6622208K)
[129.275s][info][gc,metaspace   ] GC(284) Metaspace: 6298K(6464K)->6298K(6464K) NonClass: 5764K(5824K)->5764K(5824K) Class: 533K(640K)->533K(640K)
[129.275s][info][gc             ] GC(284) Pause Full (Ergonomics) 6560M->6560M(6882M) 2162.680ms
[129.275s][info][gc,cpu         ] GC(284) User=15.12s Sys=0.00s Real=2.16s
[129.275s][info][gc,start       ] GC(285) Pause Full (Ergonomics)
[129.275s][info][gc,phases,start] GC(285) Marking Phase
[130.828s][info][gc,phases      ] GC(285) Marking Phase 1552.673ms
[130.828s][info][gc,phases,start] GC(285) Summary Phase
[130.828s][info][gc,phases      ] GC(285) Summary Phase 0.098ms
[130.828s][info][gc,phases,start] GC(285) Adjust Roots
[130.828s][info][gc,phases      ] GC(285) Adjust Roots 0.278ms
[130.828s][info][gc,phases,start] GC(285) Compaction Phase
[131.351s][info][gc,phases      ] GC(285) Compaction Phase 522.173ms
[131.351s][info][gc,phases,start] GC(285) Post Compact
[131.361s][info][gc,phases      ] GC(285) Post Compact 10.093ms
[131.361s][info][gc,heap        ] GC(285) PSYoungGen: 96398K(424960K)->96398K(424960K) Eden: 74752K(74752K)->74752K(74752K) From: 21646K(350208K)->21646K(350208K)
[131.361s][info][gc,heap        ] GC(285) ParOldGen: 6622022K(6622208K)->6622022K(6622208K)
[131.361s][info][gc,metaspace   ] GC(285) Metaspace: 6298K(6464K)->6298K(6464K) NonClass: 5764K(5824K)->5764K(5824K) Class: 533K(640K)->533K(640K)
[131.361s][info][gc             ] GC(285) Pause Full (Ergonomics) 6560M->6560M(6882M) 2085.690ms
[131.361s][info][gc,cpu         ] GC(285) User=14.77s Sys=0.00s Real=2.09s
[131.361s][info][gc,start       ] GC(286) Pause Full (Ergonomics)
[131.361s][info][gc,phases,start] GC(286) Marking Phase
[132.894s][info][gc,phases      ] GC(286) Marking Phase 1532.967ms
[132.894s][info][gc,phases,start] GC(286) Summary Phase
[132.894s][info][gc,phases      ] GC(286) Summary Phase 0.069ms
[132.894s][info][gc,phases,start] GC(286) Adjust Roots
[132.894s][info][gc,phases      ] GC(286) Adjust Roots 0.166ms
[132.894s][info][gc,phases,start] GC(286) Compaction Phase
[133.537s][info][gc,phases      ] GC(286) Compaction Phase 642.327ms
[133.537s][info][gc,phases,start] GC(286) Post Compact
[133.550s][info][gc,phases      ] GC(286) Post Compact 12.981ms
[133.550s][info][gc,heap        ] GC(286) PSYoungGen: 96398K(424960K)->96398K(424960K) Eden: 74752K(74752K)->74752K(74752K) From: 21646K(350208K)->21646K(350208K)
[133.550s][info][gc,heap        ] GC(286) ParOldGen: 6622027K(6622208K)->6622027K(6622208K)
[133.550s][info][gc,metaspace   ] GC(286) Metaspace: 6298K(6464K)->6298K(6464K) NonClass: 5764K(5824K)->5764K(5824K) Class: 533K(640K)->533K(640K)
[133.550s][info][gc             ] GC(286) Pause Full (Ergonomics) 6560M->6560M(6882M) 2188.905ms
[133.550s][info][gc,cpu         ] GC(286) User=15.09s Sys=0.02s Real=2.19s
[133.550s][info][gc,start       ] GC(287) Pause Full (Ergonomics)
[133.550s][info][gc,phases,start] GC(287) Marking Phase
[135.135s][info][gc,phases      ] GC(287) Marking Phase 1584.870ms
[135.135s][info][gc,phases,start] GC(287) Summary Phase
[135.135s][info][gc,phases      ] GC(287) Summary Phase 0.078ms
[135.135s][info][gc,phases,start] GC(287) Adjust Roots
[135.135s][info][gc,phases      ] GC(287) Adjust Roots 0.211ms
[135.135s][info][gc,phases,start] GC(287) Compaction Phase
[135.655s][info][gc,phases      ] GC(287) Compaction Phase 519.785ms
[135.655s][info][gc,phases,start] GC(287) Post Compact
[135.666s][info][gc,phases      ] GC(287) Post Compact 11.002ms
[135.666s][info][gc,heap        ] GC(287) PSYoungGen: 96398K(424960K)->96398K(424960K) Eden: 74752K(74752K)->74752K(74752K) From: 21646K(350208K)->21646K(350208K)
[135.666s][info][gc,heap        ] GC(287) ParOldGen: 6622032K(6622208K)->6622032K(6622208K)
[135.666s][info][gc,metaspace   ] GC(287) Metaspace: 6298K(6464K)->6298K(6464K) NonClass: 5764K(5824K)->5764K(5824K) Class: 533K(640K)->533K(640K)
[135.666s][info][gc             ] GC(287) Pause Full (Ergonomics) 6560M->6560M(6882M) 2116.295ms
[135.666s][info][gc,cpu         ] GC(287) User=14.70s Sys=0.00s Real=2.12s
[135.667s][info][gc,start       ] GC(288) Pause Full (Ergonomics)
[135.667s][info][gc,phases,start] GC(288) Marking Phase
[137.211s][info][gc,phases      ] GC(288) Marking Phase 1544.716ms
[137.211s][info][gc,phases,start] GC(288) Summary Phase
[137.212s][info][gc,phases      ] GC(288) Summary Phase 0.084ms
[137.212s][info][gc,phases,start] GC(288) Adjust Roots
[137.212s][info][gc,phases      ] GC(288) Adjust Roots 0.182ms
[137.212s][info][gc,phases,start] GC(288) Compaction Phase
[137.726s][info][gc,phases      ] GC(288) Compaction Phase 514.594ms
[137.726s][info][gc,phases,start] GC(288) Post Compact
[137.736s][info][gc,phases      ] GC(288) Post Compact 9.806ms
[137.736s][info][gc,heap        ] GC(288) PSYoungGen: 96398K(424960K)->96398K(424960K) Eden: 74752K(74752K)->74752K(74752K) From: 21646K(350208K)->21646K(350208K)
[137.736s][info][gc,heap        ] GC(288) ParOldGen: 6622036K(6622208K)->6622036K(6622208K)
[137.736s][info][gc,metaspace   ] GC(288) Metaspace: 6298K(6464K)->6298K(6464K) NonClass: 5764K(5824K)->5764K(5824K) Class: 533K(640K)->533K(640K)
[137.736s][info][gc             ] GC(288) Pause Full (Ergonomics) 6560M->6560M(6882M) 2069.702ms
[137.736s][info][gc,cpu         ] GC(288) User=15.12s Sys=0.00s Real=2.07s
[137.737s][info][gc,start       ] GC(289) Pause Full (Ergonomics)
[137.737s][info][gc,phases,start] GC(289) Marking Phase
[139.280s][info][gc,phases      ] GC(289) Marking Phase 1543.093ms
[139.280s][info][gc,phases,start] GC(289) Summary Phase
[139.280s][info][gc,phases      ] GC(289) Summary Phase 0.090ms
[139.280s][info][gc,phases,start] GC(289) Adjust Roots
[139.280s][info][gc,phases      ] GC(289) Adjust Roots 0.241ms
[139.280s][info][gc,phases,start] GC(289) Compaction Phase
[139.790s][info][gc,phases      ] GC(289) Compaction Phase 509.573ms
[139.790s][info][gc,phases,start] GC(289) Post Compact
[139.800s][info][gc,phases      ] GC(289) Post Compact 9.839ms
[139.800s][info][gc,heap        ] GC(289) PSYoungGen: 96398K(424960K)->96398K(424960K) Eden: 74752K(74752K)->74752K(74752K) From: 21646K(350208K)->21646K(350208K)
[139.800s][info][gc,heap        ] GC(289) ParOldGen: 6622041K(6622208K)->6622041K(6622208K)
[139.800s][info][gc,metaspace   ] GC(289) Metaspace: 6298K(6464K)->6298K(6464K) NonClass: 5764K(5824K)->5764K(5824K) Class: 533K(640K)->533K(640K)
[139.800s][info][gc             ] GC(289) Pause Full (Ergonomics) 6560M->6560M(6882M) 2063.165ms
[139.800s][info][gc,cpu         ] GC(289) User=14.95s Sys=0.00s Real=2.06s
[139.800s][info][gc,start       ] GC(290) Pause Full (Ergonomics)
[139.800s][info][gc,phases,start] GC(290) Marking Phase
[141.348s][info][gc,phases      ] GC(290) Marking Phase 1548.272ms
[141.348s][info][gc,phases,start] GC(290) Summary Phase
[141.348s][info][gc,phases      ] GC(290) Summary Phase 0.078ms
[141.348s][info][gc,phases,start] GC(290) Adjust Roots
[141.349s][info][gc,phases      ] GC(290) Adjust Roots 0.232ms
[141.349s][info][gc,phases,start] GC(290) Compaction Phase
[141.875s][info][gc,phases      ] GC(290) Compaction Phase 526.739ms
[141.875s][info][gc,phases,start] GC(290) Post Compact
[141.886s][info][gc,phases      ] GC(290) Post Compact 10.191ms
[141.886s][info][gc,heap        ] GC(290) PSYoungGen: 96398K(424960K)->96398K(424960K) Eden: 74752K(74752K)->74752K(74752K) From: 21646K(350208K)->21646K(350208K)
[141.886s][info][gc,heap        ] GC(290) ParOldGen: 6622046K(6622208K)->6622046K(6622208K)
[141.886s][info][gc,metaspace   ] GC(290) Metaspace: 6298K(6464K)->6298K(6464K) NonClass: 5764K(5824K)->5764K(5824K) Class: 533K(640K)->533K(640K)
[141.886s][info][gc             ] GC(290) Pause Full (Ergonomics) 6560M->6560M(6882M) 2085.856ms
[141.886s][info][gc,cpu         ] GC(290) User=15.08s Sys=0.00s Real=2.09s
[141.886s][info][gc,start       ] GC(291) Pause Full (Ergonomics)
[141.886s][info][gc,phases,start] GC(291) Marking Phase
[143.441s][info][gc,phases      ] GC(291) Marking Phase 1555.473ms
[143.442s][info][gc,phases,start] GC(291) Summary Phase
[143.442s][info][gc,phases      ] GC(291) Summary Phase 0.073ms
[143.442s][info][gc,phases,start] GC(291) Adjust Roots
[143.442s][info][gc,phases      ] GC(291) Adjust Roots 0.167ms
[143.442s][info][gc,phases,start] GC(291) Compaction Phase
[143.963s][info][gc,phases      ] GC(291) Compaction Phase 521.417ms
[143.963s][info][gc,phases,start] GC(291) Post Compact
[143.973s][info][gc,phases      ] GC(291) Post Compact 9.792ms
[143.973s][info][gc,heap        ] GC(291) PSYoungGen: 96398K(424960K)->96398K(424960K) Eden: 74752K(74752K)->74752K(74752K) From: 21646K(350208K)->21646K(350208K)
[143.973s][info][gc,heap        ] GC(291) ParOldGen: 6622051K(6622208K)->6622051K(6622208K)
[143.973s][info][gc,metaspace   ] GC(291) Metaspace: 6298K(6464K)->6298K(6464K) NonClass: 5764K(5824K)->5764K(5824K) Class: 533K(640K)->533K(640K)
[143.973s][info][gc             ] GC(291) Pause Full (Ergonomics) 6560M->6560M(6882M) 2087.241ms
[143.973s][info][gc,cpu         ] GC(291) User=15.42s Sys=0.00s Real=2.09s
[143.973s][info][gc,start       ] GC(292) Pause Full (Ergonomics)
[143.973s][info][gc,phases,start] GC(292) Marking Phase
[145.510s][info][gc,phases      ] GC(292) Marking Phase 1536.873ms
[145.510s][info][gc,phases,start] GC(292) Summary Phase
[145.510s][info][gc,phases      ] GC(292) Summary Phase 0.069ms
[145.510s][info][gc,phases,start] GC(292) Adjust Roots
[145.511s][info][gc,phases      ] GC(292) Adjust Roots 0.174ms
[145.511s][info][gc,phases,start] GC(292) Compaction Phase
[146.028s][info][gc,phases      ] GC(292) Compaction Phase 517.750ms
[146.028s][info][gc,phases,start] GC(292) Post Compact
[146.038s][info][gc,phases      ] GC(292) Post Compact 9.753ms
[146.038s][info][gc,heap        ] GC(292) PSYoungGen: 96398K(424960K)->96398K(424960K) Eden: 74752K(74752K)->74752K(74752K) From: 21646K(350208K)->21646K(350208K)
[146.038s][info][gc,heap        ] GC(292) ParOldGen: 6622056K(6622208K)->6622056K(6622208K)
[146.038s][info][gc,metaspace   ] GC(292) Metaspace: 6298K(6464K)->6298K(6464K) NonClass: 5764K(5824K)->5764K(5824K) Class: 533K(640K)->533K(640K)
[146.038s][info][gc             ] GC(292) Pause Full (Ergonomics) 6560M->6560M(6882M) 2064.945ms
[146.038s][info][gc,cpu         ] GC(292) User=15.12s Sys=0.00s Real=2.06s
[146.039s][info][gc,start       ] GC(293) Pause Full (Ergonomics)
[146.039s][info][gc,phases,start] GC(293) Marking Phase
[147.585s][info][gc,phases      ] GC(293) Marking Phase 1546.040ms
[147.585s][info][gc,phases,start] GC(293) Summary Phase
[147.585s][info][gc,phases      ] GC(293) Summary Phase 0.101ms
[147.585s][info][gc,phases,start] GC(293) Adjust Roots
[147.585s][info][gc,phases      ] GC(293) Adjust Roots 0.234ms
[147.585s][info][gc,phases,start] GC(293) Compaction Phase
[148.099s][info][gc,phases      ] GC(293) Compaction Phase 513.647ms
[148.099s][info][gc,phases,start] GC(293) Post Compact
[148.109s][info][gc,phases      ] GC(293) Post Compact 9.749ms
[148.109s][info][gc,heap        ] GC(293) PSYoungGen: 96398K(424960K)->96398K(424960K) Eden: 74752K(74752K)->74752K(74752K) From: 21646K(350208K)->21646K(350208K)
[148.109s][info][gc,heap        ] GC(293) ParOldGen: 6622061K(6622208K)->6622061K(6622208K)
[148.109s][info][gc,metaspace   ] GC(293) Metaspace: 6298K(6464K)->6298K(6464K) NonClass: 5764K(5824K)->5764K(5824K) Class: 533K(640K)->533K(640K)
[148.109s][info][gc             ] GC(293) Pause Full (Ergonomics) 6560M->6560M(6882M) 2070.115ms
[148.109s][info][gc,cpu         ] GC(293) User=15.28s Sys=0.00s Real=2.07s
[148.109s][info][gc,start       ] GC(294) Pause Full (Ergonomics)
[148.109s][info][gc,phases,start] GC(294) Marking Phase
[149.641s][info][gc,phases      ] GC(294) Marking Phase 1532.008ms
[149.641s][info][gc,phases,start] GC(294) Summary Phase
[149.641s][info][gc,phases      ] GC(294) Summary Phase 0.079ms
[149.641s][info][gc,phases,start] GC(294) Adjust Roots
[149.641s][info][gc,phases      ] GC(294) Adjust Roots 0.193ms
[149.641s][info][gc,phases,start] GC(294) Compaction Phase
[150.160s][info][gc,phases      ] GC(294) Compaction Phase 518.700ms
[150.160s][info][gc,phases,start] GC(294) Post Compact
[150.170s][info][gc,phases      ] GC(294) Post Compact 9.878ms
[150.170s][info][gc,heap        ] GC(294) PSYoungGen: 96398K(424960K)->96398K(424960K) Eden: 74752K(74752K)->74752K(74752K) From: 21646K(350208K)->21646K(350208K)
[150.170s][info][gc,heap        ] GC(294) ParOldGen: 6622065K(6622208K)->6622065K(6622208K)
[150.170s][info][gc,metaspace   ] GC(294) Metaspace: 6298K(6464K)->6298K(6464K) NonClass: 5764K(5824K)->5764K(5824K) Class: 533K(640K)->533K(640K)
[150.170s][info][gc             ] GC(294) Pause Full (Ergonomics) 6561M->6561M(6882M) 2061.196ms
[150.170s][info][gc,cpu         ] GC(294) User=14.91s Sys=0.00s Real=2.06s
[150.170s][info][gc,start       ] GC(295) Pause Full (Ergonomics)
[150.170s][info][gc,phases,start] GC(295) Marking Phase
[151.714s][info][gc,phases      ] GC(295) Marking Phase 1543.395ms
[151.714s][info][gc,phases,start] GC(295) Summary Phase
[151.714s][info][gc,phases      ] GC(295) Summary Phase 0.069ms
[151.714s][info][gc,phases,start] GC(295) Adjust Roots
[151.714s][info][gc,phases      ] GC(295) Adjust Roots 0.168ms
[151.714s][info][gc,phases,start] GC(295) Compaction Phase
[152.232s][info][gc,phases      ] GC(295) Compaction Phase 517.783ms
[152.232s][info][gc,phases,start] GC(295) Post Compact
[152.242s][info][gc,phases      ] GC(295) Post Compact 9.802ms
[152.242s][info][gc,heap        ] GC(295) PSYoungGen: 96398K(424960K)->96398K(424960K) Eden: 74752K(74752K)->74752K(74752K) From: 21646K(350208K)->21646K(350208K)
[152.242s][info][gc,heap        ] GC(295) ParOldGen: 6622070K(6622208K)->6622070K(6622208K)
[152.242s][info][gc,metaspace   ] GC(295) Metaspace: 6298K(6464K)->6298K(6464K) NonClass: 5764K(5824K)->5764K(5824K) Class: 533K(640K)->533K(640K)
[152.242s][info][gc             ] GC(295) Pause Full (Ergonomics) 6561M->6561M(6882M) 2071.547ms
[152.242s][info][gc,cpu         ] GC(295) User=15.19s Sys=0.00s Real=2.07s
[152.242s][info][gc,start       ] GC(296) Pause Full (Ergonomics)
[152.242s][info][gc,phases,start] GC(296) Marking Phase
[153.781s][info][gc,phases      ] GC(296) Marking Phase 1539.392ms
[153.781s][info][gc,phases,start] GC(296) Summary Phase
[153.782s][info][gc,phases      ] GC(296) Summary Phase 0.069ms
[153.782s][info][gc,phases,start] GC(296) Adjust Roots
[153.782s][info][gc,phases      ] GC(296) Adjust Roots 0.239ms
[153.782s][info][gc,phases,start] GC(296) Compaction Phase
[154.302s][info][gc,phases      ] GC(296) Compaction Phase 520.572ms
[154.302s][info][gc,phases,start] GC(296) Post Compact
[154.312s][info][gc,phases      ] GC(296) Post Compact 9.898ms
[154.312s][info][gc,heap        ] GC(296) PSYoungGen: 96398K(424960K)->96398K(424960K) Eden: 74752K(74752K)->74752K(74752K) From: 21646K(350208K)->21646K(350208K)
[154.312s][info][gc,heap        ] GC(296) ParOldGen: 6622075K(6622208K)->6622075K(6622208K)
[154.312s][info][gc,metaspace   ] GC(296) Metaspace: 6298K(6464K)->6298K(6464K) NonClass: 5764K(5824K)->5764K(5824K) Class: 533K(640K)->533K(640K)
[154.312s][info][gc             ] GC(296) Pause Full (Ergonomics) 6561M->6561M(6882M) 2070.485ms
[154.312s][info][gc,cpu         ] GC(296) User=15.14s Sys=0.00s Real=2.07s
[154.313s][info][gc,start       ] GC(297) Pause Full (Ergonomics)
[154.313s][info][gc,phases,start] GC(297) Marking Phase
[155.850s][info][gc,phases      ] GC(297) Marking Phase 1537.590ms
[155.850s][info][gc,phases,start] GC(297) Summary Phase
[155.850s][info][gc,phases      ] GC(297) Summary Phase 0.067ms
[155.850s][info][gc,phases,start] GC(297) Adjust Roots
[155.851s][info][gc,phases      ] GC(297) Adjust Roots 0.199ms
[155.851s][info][gc,phases,start] GC(297) Compaction Phase
[156.374s][info][gc,phases      ] GC(297) Compaction Phase 522.942ms
[156.374s][info][gc,phases,start] GC(297) Post Compact
[156.383s][info][gc,phases      ] GC(297) Post Compact 9.739ms
[156.383s][info][gc,heap        ] GC(297) PSYoungGen: 96398K(424960K)->96398K(424960K) Eden: 74752K(74752K)->74752K(74752K) From: 21646K(350208K)->21646K(350208K)
[156.383s][info][gc,heap        ] GC(297) ParOldGen: 6622080K(6622208K)->6622080K(6622208K)
[156.383s][info][gc,metaspace   ] GC(297) Metaspace: 6298K(6464K)->6298K(6464K) NonClass: 5764K(5824K)->5764K(5824K) Class: 533K(640K)->533K(640K)
[156.384s][info][gc             ] GC(297) Pause Full (Ergonomics) 6561M->6561M(6882M) 2070.850ms
[156.384s][info][gc,cpu         ] GC(297) User=14.98s Sys=0.00s Real=2.07s
[156.384s][info][gc,start       ] GC(298) Pause Full (Ergonomics)
[156.384s][info][gc,phases,start] GC(298) Marking Phase
[157.898s][info][gc,phases      ] GC(298) Marking Phase 1513.974ms
[157.898s][info][gc,phases,start] GC(298) Summary Phase
[157.898s][info][gc,phases      ] GC(298) Summary Phase 0.102ms
[157.898s][info][gc,phases,start] GC(298) Adjust Roots
[157.898s][info][gc,phases      ] GC(298) Adjust Roots 0.211ms
[157.898s][info][gc,phases,start] GC(298) Compaction Phase
[158.415s][info][gc,phases      ] GC(298) Compaction Phase 516.635ms
[158.415s][info][gc,phases,start] GC(298) Post Compact
[158.426s][info][gc,phases      ] GC(298) Post Compact 11.236ms
[158.426s][info][gc,heap        ] GC(298) PSYoungGen: 96398K(424960K)->96398K(424960K) Eden: 74752K(74752K)->74752K(74752K) From: 21646K(350208K)->21646K(350208K)
[158.426s][info][gc,heap        ] GC(298) ParOldGen: 6622085K(6622208K)->6622085K(6622208K)
[158.426s][info][gc,metaspace   ] GC(298) Metaspace: 6298K(6464K)->6298K(6464K) NonClass: 5764K(5824K)->5764K(5824K) Class: 533K(640K)->533K(640K)
[158.426s][info][gc             ] GC(298) Pause Full (Ergonomics) 6561M->6561M(6882M) 2042.521ms
[158.426s][info][gc,cpu         ] GC(298) User=14.94s Sys=0.02s Real=2.04s
[158.426s][info][gc,start       ] GC(299) Pause Full (Ergonomics)
[158.426s][info][gc,phases,start] GC(299) Marking Phase
[159.952s][info][gc,phases      ] GC(299) Marking Phase 1525.790ms
[159.952s][info][gc,phases,start] GC(299) Summary Phase
[159.952s][info][gc,phases      ] GC(299) Summary Phase 0.070ms
[159.952s][info][gc,phases,start] GC(299) Adjust Roots
[159.953s][info][gc,phases      ] GC(299) Adjust Roots 0.177ms
[159.953s][info][gc,phases,start] GC(299) Compaction Phase
[160.472s][info][gc,phases      ] GC(299) Compaction Phase 519.436ms
[160.472s][info][gc,phases,start] GC(299) Post Compact
[160.482s][info][gc,phases      ] GC(299) Post Compact 9.835ms
[160.482s][info][gc,heap        ] GC(299) PSYoungGen: 96398K(424960K)->96398K(424960K) Eden: 74752K(74752K)->74752K(74752K) From: 21646K(350208K)->21646K(350208K)
[160.482s][info][gc,heap        ] GC(299) ParOldGen: 6622090K(6622208K)->6622090K(6622208K)
[160.482s][info][gc,metaspace   ] GC(299) Metaspace: 6298K(6464K)->6298K(6464K) NonClass: 5764K(5824K)->5764K(5824K) Class: 533K(640K)->533K(640K)
[160.482s][info][gc             ] GC(299) Pause Full (Ergonomics) 6561M->6561M(6882M) 2055.640ms
[160.482s][info][gc,cpu         ] GC(299) User=15.02s Sys=0.00s Real=2.06s
[160.482s][info][gc,start       ] GC(300) Pause Full (Ergonomics)
[160.482s][info][gc,phases,start] GC(300) Marking Phase
[162.015s][info][gc,phases      ] GC(300) Marking Phase 1532.439ms
[162.015s][info][gc,phases,start] GC(300) Summary Phase
[162.015s][info][gc,phases      ] GC(300) Summary Phase 0.077ms
[162.015s][info][gc,phases,start] GC(300) Adjust Roots
[162.015s][info][gc,phases      ] GC(300) Adjust Roots 0.182ms
[162.015s][info][gc,phases,start] GC(300) Compaction Phase
[162.527s][info][gc,phases      ] GC(300) Compaction Phase 511.982ms
[162.527s][info][gc,phases,start] GC(300) Post Compact
[162.537s][info][gc,phases      ] GC(300) Post Compact 9.842ms
[162.537s][info][gc,heap        ] GC(300) PSYoungGen: 96398K(424960K)->96398K(424960K) Eden: 74752K(74752K)->74752K(74752K) From: 21646K(350208K)->21646K(350208K)
[162.537s][info][gc,heap        ] GC(300) ParOldGen: 6622094K(6622208K)->6622094K(6622208K)
[162.537s][info][gc,metaspace   ] GC(300) Metaspace: 6298K(6464K)->6298K(6464K) NonClass: 5764K(5824K)->5764K(5824K) Class: 533K(640K)->533K(640K)
[162.537s][info][gc             ] GC(300) Pause Full (Ergonomics) 6561M->6561M(6882M) 2054.819ms
[162.537s][info][gc,cpu         ] GC(300) User=14.97s Sys=0.02s Real=2.06s
[162.537s][info][gc,start       ] GC(301) Pause Full (Ergonomics)
[162.537s][info][gc,phases,start] GC(301) Marking Phase
[164.060s][info][gc,phases      ] GC(301) Marking Phase 1522.826ms
[164.060s][info][gc,phases,start] GC(301) Summary Phase
[164.060s][info][gc,phases      ] GC(301) Summary Phase 0.071ms
[164.060s][info][gc,phases,start] GC(301) Adjust Roots
[164.061s][info][gc,phases      ] GC(301) Adjust Roots 0.173ms
[164.061s][info][gc,phases,start] GC(301) Compaction Phase
[164.588s][info][gc,phases      ] GC(301) Compaction Phase 527.953ms
[164.589s][info][gc,phases,start] GC(301) Post Compact
[164.598s][info][gc,phases      ] GC(301) Post Compact 9.877ms
[164.598s][info][gc,heap        ] GC(301) PSYoungGen: 96398K(424960K)->96398K(424960K) Eden: 74752K(74752K)->74752K(74752K) From: 21646K(350208K)->21646K(350208K)
[164.598s][info][gc,heap        ] GC(301) ParOldGen: 6622099K(6622208K)->6622099K(6622208K)
[164.599s][info][gc,metaspace   ] GC(301) Metaspace: 6298K(6464K)->6298K(6464K) NonClass: 5764K(5824K)->5764K(5824K) Class: 533K(640K)->533K(640K)
[164.599s][info][gc             ] GC(301) Pause Full (Ergonomics) 6561M->6561M(6882M) 2061.232ms
[164.599s][info][gc,cpu         ] GC(301) User=14.81s Sys=0.00s Real=2.06s
[164.599s][info][gc,start       ] GC(302) Pause Full (Ergonomics)
[164.599s][info][gc,phases,start] GC(302) Marking Phase
[166.136s][info][gc,phases      ] GC(302) Marking Phase 1537.586ms
[166.136s][info][gc,phases,start] GC(302) Summary Phase
[166.136s][info][gc,phases      ] GC(302) Summary Phase 0.069ms
[166.136s][info][gc,phases,start] GC(302) Adjust Roots
[166.137s][info][gc,phases      ] GC(302) Adjust Roots 0.172ms
[166.137s][info][gc,phases,start] GC(302) Compaction Phase
[166.651s][info][gc,phases      ] GC(302) Compaction Phase 514.402ms
[166.651s][info][gc,phases,start] GC(302) Post Compact
[166.661s][info][gc,phases      ] GC(302) Post Compact 9.849ms
[166.661s][info][gc,heap        ] GC(302) PSYoungGen: 96398K(424960K)->96398K(424960K) Eden: 74752K(74752K)->74752K(74752K) From: 21646K(350208K)->21646K(350208K)
[166.661s][info][gc,heap        ] GC(302) ParOldGen: 6622104K(6622208K)->6622104K(6622208K)
[166.661s][info][gc,metaspace   ] GC(302) Metaspace: 6298K(6464K)->6298K(6464K) NonClass: 5764K(5824K)->5764K(5824K) Class: 533K(640K)->533K(640K)
[166.661s][info][gc             ] GC(302) Pause Full (Ergonomics) 6561M->6561M(6882M) 2062.406ms
[166.661s][info][gc,cpu         ] GC(302) User=14.98s Sys=0.00s Real=2.06s
[166.661s][info][gc,start       ] GC(303) Pause Full (Ergonomics)
[166.661s][info][gc,phases,start] GC(303) Marking Phase
[168.184s][info][gc,phases      ] GC(303) Marking Phase 1522.396ms
[168.184s][info][gc,phases,start] GC(303) Summary Phase
[168.184s][info][gc,phases      ] GC(303) Summary Phase 0.068ms
[168.184s][info][gc,phases,start] GC(303) Adjust Roots
[168.184s][info][gc,phases      ] GC(303) Adjust Roots 0.165ms
[168.184s][info][gc,phases,start] GC(303) Compaction Phase
[168.712s][info][gc,phases      ] GC(303) Compaction Phase 527.883ms
[168.712s][info][gc,phases,start] GC(303) Post Compact
[168.722s][info][gc,phases      ] GC(303) Post Compact 9.670ms
[168.722s][info][gc,heap        ] GC(303) PSYoungGen: 96398K(424960K)->96398K(424960K) Eden: 74752K(74752K)->74752K(74752K) From: 21646K(350208K)->21646K(350208K)
[168.722s][info][gc,heap        ] GC(303) ParOldGen: 6622109K(6622208K)->6622109K(6622208K)
[168.722s][info][gc,metaspace   ] GC(303) Metaspace: 6298K(6464K)->6298K(6464K) NonClass: 5764K(5824K)->5764K(5824K) Class: 533K(640K)->533K(640K)
[168.722s][info][gc             ] GC(303) Pause Full (Ergonomics) 6561M->6561M(6882M) 2060.469ms
[168.722s][info][gc,cpu         ] GC(303) User=14.97s Sys=0.00s Real=2.06s
[168.722s][info][gc,start       ] GC(304) Pause Full (Ergonomics)
[168.722s][info][gc,phases,start] GC(304) Marking Phase
[170.267s][info][gc,phases      ] GC(304) Marking Phase 1545.081ms
[170.267s][info][gc,phases,start] GC(304) Summary Phase
[170.267s][info][gc,phases      ] GC(304) Summary Phase 0.068ms
[170.267s][info][gc,phases,start] GC(304) Adjust Roots
[170.267s][info][gc,phases      ] GC(304) Adjust Roots 0.164ms
[170.267s][info][gc,phases,start] GC(304) Compaction Phase
[170.783s][info][gc,phases      ] GC(304) Compaction Phase 515.379ms
[170.783s][info][gc,phases,start] GC(304) Post Compact
[170.793s][info][gc,phases      ] GC(304) Post Compact 9.917ms
[170.793s][info][gc,heap        ] GC(304) PSYoungGen: 96398K(424960K)->96398K(424960K) Eden: 74752K(74752K)->74752K(74752K) From: 21646K(350208K)->21646K(350208K)
[170.793s][info][gc,heap        ] GC(304) ParOldGen: 6622114K(6622208K)->6622114K(6622208K)
[170.793s][info][gc,metaspace   ] GC(304) Metaspace: 6298K(6464K)->6298K(6464K) NonClass: 5764K(5824K)->5764K(5824K) Class: 533K(640K)->533K(640K)
[170.793s][info][gc             ] GC(304) Pause Full (Ergonomics) 6561M->6561M(6882M) 2070.937ms
[170.793s][info][gc,cpu         ] GC(304) User=14.98s Sys=0.00s Real=2.07s
[170.793s][info][gc,start       ] GC(305) Pause Full (Ergonomics)
[170.793s][info][gc,phases,start] GC(305) Marking Phase
[172.319s][info][gc,phases      ] GC(305) Marking Phase 1525.377ms
[172.319s][info][gc,phases,start] GC(305) Summary Phase
[172.319s][info][gc,phases      ] GC(305) Summary Phase 0.069ms
[172.319s][info][gc,phases,start] GC(305) Adjust Roots
[172.319s][info][gc,phases      ] GC(305) Adjust Roots 0.166ms
[172.319s][info][gc,phases,start] GC(305) Compaction Phase
[172.841s][info][gc,phases      ] GC(305) Compaction Phase 522.462ms
[172.841s][info][gc,phases,start] GC(305) Post Compact
[172.851s][info][gc,phases      ] GC(305) Post Compact 10.012ms
[172.852s][info][gc,heap        ] GC(305) PSYoungGen: 96398K(424960K)->96398K(424960K) Eden: 74752K(74752K)->74752K(74752K) From: 21646K(350208K)->21646K(350208K)
[172.852s][info][gc,heap        ] GC(305) ParOldGen: 6622119K(6622208K)->6622119K(6622208K)
[172.852s][info][gc,metaspace   ] GC(305) Metaspace: 6298K(6464K)->6298K(6464K) NonClass: 5764K(5824K)->5764K(5824K) Class: 533K(640K)->533K(640K)
[172.852s][info][gc             ] GC(305) Pause Full (Ergonomics) 6561M->6561M(6882M) 2058.430ms
[172.852s][info][gc,cpu         ] GC(305) User=15.03s Sys=0.06s Real=2.06s
[172.852s][info][gc,start       ] GC(306) Pause Full (Ergonomics)
[172.852s][info][gc,phases,start] GC(306) Marking Phase
[174.387s][info][gc,phases      ] GC(306) Marking Phase 1535.324ms
[174.387s][info][gc,phases,start] GC(306) Summary Phase
[174.387s][info][gc,phases      ] GC(306) Summary Phase 0.068ms
[174.387s][info][gc,phases,start] GC(306) Adjust Roots
[174.387s][info][gc,phases      ] GC(306) Adjust Roots 0.165ms
[174.387s][info][gc,phases,start] GC(306) Compaction Phase
[174.906s][info][gc,phases      ] GC(306) Compaction Phase 518.742ms
[174.906s][info][gc,phases,start] GC(306) Post Compact
[174.916s][info][gc,phases      ] GC(306) Post Compact 9.989ms
[174.916s][info][gc,heap        ] GC(306) PSYoungGen: 96398K(424960K)->96398K(424960K) Eden: 74752K(74752K)->74752K(74752K) From: 21646K(350208K)->21646K(350208K)
[174.916s][info][gc,heap        ] GC(306) ParOldGen: 6622123K(6622208K)->6622123K(6622208K)
[174.916s][info][gc,metaspace   ] GC(306) Metaspace: 6298K(6464K)->6298K(6464K) NonClass: 5764K(5824K)->5764K(5824K) Class: 533K(640K)->533K(640K)
[174.916s][info][gc             ] GC(306) Pause Full (Ergonomics) 6561M->6561M(6882M) 2064.621ms
[174.916s][info][gc,cpu         ] GC(306) User=15.17s Sys=0.00s Real=2.06s
[174.917s][info][gc,start       ] GC(307) Pause Full (Ergonomics)
[174.917s][info][gc,phases,start] GC(307) Marking Phase
[176.435s][info][gc,phases      ] GC(307) Marking Phase 1518.455ms
[176.435s][info][gc,phases,start] GC(307) Summary Phase
[176.435s][info][gc,phases      ] GC(307) Summary Phase 0.069ms
[176.435s][info][gc,phases,start] GC(307) Adjust Roots
[176.435s][info][gc,phases      ] GC(307) Adjust Roots 0.183ms
[176.435s][info][gc,phases,start] GC(307) Compaction Phase
[176.958s][info][gc,phases      ] GC(307) Compaction Phase 522.098ms
[176.958s][info][gc,phases,start] GC(307) Post Compact
[176.967s][info][gc,phases      ] GC(307) Post Compact 9.813ms
[176.968s][info][gc,heap        ] GC(307) PSYoungGen: 96398K(424960K)->96398K(424960K) Eden: 74752K(74752K)->74752K(74752K) From: 21646K(350208K)->21646K(350208K)
[176.968s][info][gc,heap        ] GC(307) ParOldGen: 6622128K(6622208K)->6622128K(6622208K)
[176.968s][info][gc,metaspace   ] GC(307) Metaspace: 6298K(6464K)->6298K(6464K) NonClass: 5764K(5824K)->5764K(5824K) Class: 533K(640K)->533K(640K)
[176.968s][info][gc             ] GC(307) Pause Full (Ergonomics) 6561M->6561M(6882M) 2050.937ms
[176.968s][info][gc,cpu         ] GC(307) User=15.00s Sys=0.00s Real=2.05s
[176.968s][info][gc,start       ] GC(308) Pause Full (Ergonomics)
[176.968s][info][gc,phases,start] GC(308) Marking Phase
[178.516s][info][gc,phases      ] GC(308) Marking Phase 1547.906ms
[178.516s][info][gc,phases,start] GC(308) Summary Phase
[178.516s][info][gc,phases      ] GC(308) Summary Phase 0.069ms
[178.516s][info][gc,phases,start] GC(308) Adjust Roots
[178.516s][info][gc,phases      ] GC(308) Adjust Roots 0.195ms
[178.516s][info][gc,phases,start] GC(308) Compaction Phase
[179.044s][info][gc,phases      ] GC(308) Compaction Phase 528.114ms
[179.044s][info][gc,phases,start] GC(308) Post Compact
[179.054s][info][gc,phases      ] GC(308) Post Compact 9.885ms
[179.054s][info][gc,heap        ] GC(308) PSYoungGen: 96398K(424960K)->96398K(424960K) Eden: 74752K(74752K)->74752K(74752K) From: 21646K(350208K)->21646K(350208K)
[179.054s][info][gc,heap        ] GC(308) ParOldGen: 6622133K(6622208K)->6622133K(6622208K)
[179.054s][info][gc,metaspace   ] GC(308) Metaspace: 6298K(6464K)->6298K(6464K) NonClass: 5764K(5824K)->5764K(5824K) Class: 533K(640K)->533K(640K)
[179.054s][info][gc             ] GC(308) Pause Full (Ergonomics) 6561M->6561M(6882M) 2086.622ms
[179.054s][info][gc,cpu         ] GC(308) User=15.02s Sys=0.00s Real=2.09s
[179.055s][info][gc,start       ] GC(309) Pause Full (Ergonomics)
[179.055s][info][gc,phases,start] GC(309) Marking Phase
[180.599s][info][gc,phases      ] GC(309) Marking Phase 1544.874ms
[180.600s][info][gc,phases,start] GC(309) Summary Phase
[180.600s][info][gc,phases      ] GC(309) Summary Phase 0.100ms
[180.600s][info][gc,phases,start] GC(309) Adjust Roots
[180.600s][info][gc,phases      ] GC(309) Adjust Roots 0.184ms
[180.600s][info][gc,phases,start] GC(309) Compaction Phase
[181.125s][info][gc,phases      ] GC(309) Compaction Phase 525.149ms
[181.125s][info][gc,phases,start] GC(309) Post Compact
[181.135s][info][gc,phases      ] GC(309) Post Compact 9.855ms
[181.135s][info][gc,heap        ] GC(309) PSYoungGen: 96398K(424960K)->96398K(424960K) Eden: 74752K(74752K)->74752K(74752K) From: 21646K(350208K)->21646K(350208K)
[181.135s][info][gc,heap        ] GC(309) ParOldGen: 6622138K(6622208K)->6622138K(6622208K)
[181.135s][info][gc,metaspace   ] GC(309) Metaspace: 6298K(6464K)->6298K(6464K) NonClass: 5764K(5824K)->5764K(5824K) Class: 533K(640K)->533K(640K)
[181.135s][info][gc             ] GC(309) Pause Full (Ergonomics) 6561M->6561M(6882M) 2080.466ms
[181.135s][info][gc,cpu         ] GC(309) User=15.28s Sys=0.00s Real=2.08s
[181.135s][info][gc,start       ] GC(310) Pause Full (Ergonomics)
[181.135s][info][gc,phases,start] GC(310) Marking Phase
[182.667s][info][gc,phases      ] GC(310) Marking Phase 1532.060ms
[182.667s][info][gc,phases,start] GC(310) Summary Phase
[182.667s][info][gc,phases      ] GC(310) Summary Phase 0.068ms
[182.667s][info][gc,phases,start] GC(310) Adjust Roots
[182.668s][info][gc,phases      ] GC(310) Adjust Roots 0.169ms
[182.668s][info][gc,phases,start] GC(310) Compaction Phase
[183.188s][info][gc,phases      ] GC(310) Compaction Phase 520.412ms
[183.188s][info][gc,phases,start] GC(310) Post Compact
[183.198s][info][gc,phases      ] GC(310) Post Compact 9.720ms
[183.198s][info][gc,heap        ] GC(310) PSYoungGen: 96398K(424960K)->96398K(424960K) Eden: 74752K(74752K)->74752K(74752K) From: 21646K(350208K)->21646K(350208K)
[183.198s][info][gc,heap        ] GC(310) ParOldGen: 6622143K(6622208K)->6622143K(6622208K)
[183.198s][info][gc,metaspace   ] GC(310) Metaspace: 6298K(6464K)->6298K(6464K) NonClass: 5764K(5824K)->5764K(5824K) Class: 533K(640K)->533K(640K)
[183.198s][info][gc             ] GC(310) Pause Full (Ergonomics) 6561M->6561M(6882M) 2062.736ms
[183.198s][info][gc,cpu         ] GC(310) User=15.06s Sys=0.00s Real=2.06s
[183.198s][info][gc,start       ] GC(311) Pause Full (Ergonomics)
[183.198s][info][gc,phases,start] GC(311) Marking Phase
[184.736s][info][gc,phases      ] GC(311) Marking Phase 1537.519ms
[184.736s][info][gc,phases,start] GC(311) Summary Phase
[184.736s][info][gc,phases      ] GC(311) Summary Phase 0.070ms
[184.736s][info][gc,phases,start] GC(311) Adjust Roots
[184.736s][info][gc,phases      ] GC(311) Adjust Roots 0.180ms
[184.736s][info][gc,phases,start] GC(311) Compaction Phase
[185.248s][info][gc,phases      ] GC(311) Compaction Phase 511.825ms
[185.248s][info][gc,phases,start] GC(311) Post Compact
[185.258s][info][gc,phases      ] GC(311) Post Compact 9.812ms
[185.258s][info][gc,heap        ] GC(311) PSYoungGen: 96398K(424960K)->96398K(424960K) Eden: 74752K(74752K)->74752K(74752K) From: 21646K(350208K)->21646K(350208K)
[185.258s][info][gc,heap        ] GC(311) ParOldGen: 6622148K(6622208K)->6622148K(6622208K)
[185.258s][info][gc,metaspace   ] GC(311) Metaspace: 6298K(6464K)->6298K(6464K) NonClass: 5764K(5824K)->5764K(5824K) Class: 533K(640K)->533K(640K)
[185.258s][info][gc             ] GC(311) Pause Full (Ergonomics) 6561M->6561M(6882M) 2059.731ms
[185.258s][info][gc,cpu         ] GC(311) User=15.05s Sys=0.02s Real=2.06s
[185.258s][info][gc,start       ] GC(312) Pause Full (Ergonomics)
[185.258s][info][gc,phases,start] GC(312) Marking Phase
[186.783s][info][gc,phases      ] GC(312) Marking Phase 1525.235ms
[186.783s][info][gc,phases,start] GC(312) Summary Phase
[186.783s][info][gc,phases      ] GC(312) Summary Phase 0.071ms
[186.783s][info][gc,phases,start] GC(312) Adjust Roots
[186.784s][info][gc,phases      ] GC(312) Adjust Roots 0.170ms
[186.784s][info][gc,phases,start] GC(312) Compaction Phase
[187.312s][info][gc,phases      ] GC(312) Compaction Phase 527.936ms
[187.312s][info][gc,phases,start] GC(312) Post Compact
[187.321s][info][gc,phases      ] GC(312) Post Compact 9.780ms
[187.322s][info][gc,heap        ] GC(312) PSYoungGen: 96398K(424960K)->96398K(424960K) Eden: 74752K(74752K)->74752K(74752K) From: 21646K(350208K)->21646K(350208K)
[187.322s][info][gc,heap        ] GC(312) ParOldGen: 6622152K(6622208K)->6622152K(6622208K)
[187.322s][info][gc,metaspace   ] GC(312) Metaspace: 6298K(6464K)->6298K(6464K) NonClass: 5764K(5824K)->5764K(5824K) Class: 533K(640K)->533K(640K)
[187.322s][info][gc             ] GC(312) Pause Full (Ergonomics) 6561M->6561M(6882M) 2063.522ms
[187.322s][info][gc,cpu         ] GC(312) User=15.14s Sys=0.00s Real=2.06s
[187.322s][info][gc,start       ] GC(313) Pause Full (Ergonomics)
[187.322s][info][gc,phases,start] GC(313) Marking Phase
[188.865s][info][gc,phases      ] GC(313) Marking Phase 1542.827ms
[188.865s][info][gc,phases,start] GC(313) Summary Phase
[188.865s][info][gc,phases      ] GC(313) Summary Phase 0.069ms
[188.865s][info][gc,phases,start] GC(313) Adjust Roots
[188.865s][info][gc,phases      ] GC(313) Adjust Roots 0.166ms
[188.865s][info][gc,phases,start] GC(313) Compaction Phase
[189.391s][info][gc,phases      ] GC(313) Compaction Phase 526.034ms
[189.391s][info][gc,phases,start] GC(313) Post Compact
[189.401s][info][gc,phases      ] GC(313) Post Compact 9.916ms
[189.401s][info][gc,heap        ] GC(313) PSYoungGen: 96398K(424960K)->96398K(424960K) Eden: 74752K(74752K)->74752K(74752K) From: 21646K(350208K)->21646K(350208K)
[189.401s][info][gc,heap        ] GC(313) ParOldGen: 6622157K(6622208K)->6622157K(6622208K)
[189.401s][info][gc,metaspace   ] GC(313) Metaspace: 6298K(6464K)->6298K(6464K) NonClass: 5764K(5824K)->5764K(5824K) Class: 533K(640K)->533K(640K)
[189.401s][info][gc             ] GC(313) Pause Full (Ergonomics) 6561M->6561M(6882M) 2079.311ms
[189.401s][info][gc,cpu         ] GC(313) User=15.39s Sys=0.00s Real=2.08s
[189.401s][info][gc,start       ] GC(314) Pause Full (Ergonomics)
[189.401s][info][gc,phases,start] GC(314) Marking Phase
[190.944s][info][gc,phases      ] GC(314) Marking Phase 1543.062ms
[190.944s][info][gc,phases,start] GC(314) Summary Phase
[190.944s][info][gc,phases      ] GC(314) Summary Phase 0.068ms
[190.945s][info][gc,phases,start] GC(314) Adjust Roots
[190.945s][info][gc,phases      ] GC(314) Adjust Roots 0.168ms
[190.945s][info][gc,phases,start] GC(314) Compaction Phase
[191.462s][info][gc,phases      ] GC(314) Compaction Phase 517.208ms
[191.462s][info][gc,phases,start] GC(314) Post Compact
[191.472s][info][gc,phases      ] GC(314) Post Compact 9.789ms
[191.472s][info][gc,heap        ] GC(314) PSYoungGen: 96398K(424960K)->96398K(424960K) Eden: 74752K(74752K)->74752K(74752K) From: 21646K(350208K)->21646K(350208K)
[191.472s][info][gc,heap        ] GC(314) ParOldGen: 6622162K(6622208K)->6622162K(6622208K)
[191.472s][info][gc,metaspace   ] GC(314) Metaspace: 6298K(6464K)->6298K(6464K) NonClass: 5764K(5824K)->5764K(5824K) Class: 533K(640K)->533K(640K)
[191.472s][info][gc             ] GC(314) Pause Full (Ergonomics) 6561M->6561M(6882M) 2070.589ms
[191.472s][info][gc,cpu         ] GC(314) User=15.30s Sys=0.00s Real=2.07s
[191.472s][info][gc,start       ] GC(315) Pause Full (Ergonomics)
[191.472s][info][gc,phases,start] GC(315) Marking Phase
[193.013s][info][gc,phases      ] GC(315) Marking Phase 1540.698ms
[193.013s][info][gc,phases,start] GC(315) Summary Phase
[193.013s][info][gc,phases      ] GC(315) Summary Phase 0.069ms
[193.013s][info][gc,phases,start] GC(315) Adjust Roots
[193.013s][info][gc,phases      ] GC(315) Adjust Roots 0.163ms
[193.013s][info][gc,phases,start] GC(315) Compaction Phase
[193.550s][info][gc,phases      ] GC(315) Compaction Phase 536.734ms
[193.550s][info][gc,phases,start] GC(315) Post Compact
[193.560s][info][gc,phases      ] GC(315) Post Compact 9.789ms
[193.560s][info][gc,heap        ] GC(315) PSYoungGen: 96398K(424960K)->96398K(424960K) Eden: 74752K(74752K)->74752K(74752K) From: 21646K(350208K)->21646K(350208K)
[193.560s][info][gc,heap        ] GC(315) ParOldGen: 6622167K(6622208K)->6622167K(6622208K)
[193.560s][info][gc,metaspace   ] GC(315) Metaspace: 6298K(6464K)->6298K(6464K) NonClass: 5764K(5824K)->5764K(5824K) Class: 533K(640K)->533K(640K)
[193.560s][info][gc             ] GC(315) Pause Full (Ergonomics) 6561M->6561M(6882M) 2087.745ms
[193.560s][info][gc,cpu         ] GC(315) User=15.12s Sys=0.00s Real=2.09s
[193.560s][info][gc,start       ] GC(316) Pause Full (Ergonomics)
[193.560s][info][gc,phases,start] GC(316) Marking Phase
[195.093s][info][gc,phases      ] GC(316) Marking Phase 1532.832ms
[195.093s][info][gc,phases,start] GC(316) Summary Phase
[195.093s][info][gc,phases      ] GC(316) Summary Phase 0.068ms
[195.093s][info][gc,phases,start] GC(316) Adjust Roots
[195.093s][info][gc,phases      ] GC(316) Adjust Roots 0.164ms
[195.093s][info][gc,phases,start] GC(316) Compaction Phase
[195.616s][info][gc,phases      ] GC(316) Compaction Phase 522.494ms
[195.616s][info][gc,phases,start] GC(316) Post Compact
[195.626s][info][gc,phases      ] GC(316) Post Compact 9.867ms
[195.626s][info][gc,heap        ] GC(316) PSYoungGen: 96398K(424960K)->96398K(424960K) Eden: 74752K(74752K)->74752K(74752K) From: 21646K(350208K)->21646K(350208K)
[195.626s][info][gc,heap        ] GC(316) ParOldGen: 6622172K(6622208K)->6622172K(6622208K)
[195.626s][info][gc,metaspace   ] GC(316) Metaspace: 6298K(6464K)->6298K(6464K) NonClass: 5764K(5824K)->5764K(5824K) Class: 533K(640K)->533K(640K)
[195.626s][info][gc             ] GC(316) Pause Full (Ergonomics) 6561M->6561M(6882M) 2065.745ms
[195.626s][info][gc,cpu         ] GC(316) User=14.97s Sys=0.02s Real=2.07s
[195.626s][info][gc,start       ] GC(317) Pause Full (Ergonomics)
[195.626s][info][gc,phases,start] GC(317) Marking Phase
[197.139s][info][gc,phases      ] GC(317) Marking Phase 1513.364ms
[197.139s][info][gc,phases,start] GC(317) Summary Phase
[197.139s][info][gc,phases      ] GC(317) Summary Phase 0.069ms
[197.139s][info][gc,phases,start] GC(317) Adjust Roots
[197.140s][info][gc,phases      ] GC(317) Adjust Roots 0.168ms
[197.140s][info][gc,phases,start] GC(317) Compaction Phase
[197.659s][info][gc,phases      ] GC(317) Compaction Phase 519.073ms
[197.659s][info][gc,phases,start] GC(317) Post Compact
[197.669s][info][gc,phases      ] GC(317) Post Compact 9.871ms
[197.669s][info][gc,heap        ] GC(317) PSYoungGen: 96398K(424960K)->96398K(424960K) Eden: 74752K(74752K)->74752K(74752K) From: 21646K(350208K)->21646K(350208K)
[197.669s][info][gc,heap        ] GC(317) ParOldGen: 6622177K(6622208K)->6622177K(6622208K)
[197.669s][info][gc,metaspace   ] GC(317) Metaspace: 6298K(6464K)->6298K(6464K) NonClass: 5764K(5824K)->5764K(5824K) Class: 533K(640K)->533K(640K)
[197.669s][info][gc             ] GC(317) Pause Full (Ergonomics) 6561M->6561M(6882M) 2042.838ms
[197.669s][info][gc,cpu         ] GC(317) User=14.70s Sys=0.02s Real=2.04s
[197.669s][info][gc,start       ] GC(318) Pause Full (Ergonomics)
[197.669s][info][gc,phases,start] GC(318) Marking Phase
[199.185s][info][gc,phases      ] GC(318) Marking Phase 1516.081ms
[199.185s][info][gc,phases,start] GC(318) Summary Phase
[199.185s][info][gc,phases      ] GC(318) Summary Phase 0.071ms
[199.185s][info][gc,phases,start] GC(318) Adjust Roots
[199.185s][info][gc,phases      ] GC(318) Adjust Roots 0.177ms
[199.185s][info][gc,phases,start] GC(318) Compaction Phase
[199.702s][info][gc,phases      ] GC(318) Compaction Phase 516.398ms
[199.702s][info][gc,phases,start] GC(318) Post Compact
[199.712s][info][gc,phases      ] GC(318) Post Compact 9.763ms
[199.712s][info][gc,heap        ] GC(318) PSYoungGen: 96398K(424960K)->96398K(424960K) Eden: 74752K(74752K)->74752K(74752K) From: 21646K(350208K)->21646K(350208K)
[199.712s][info][gc,heap        ] GC(318) ParOldGen: 6622181K(6622208K)->6622181K(6622208K)
[199.712s][info][gc,metaspace   ] GC(318) Metaspace: 6298K(6464K)->6298K(6464K) NonClass: 5764K(5824K)->5764K(5824K) Class: 533K(640K)->533K(640K)
[199.712s][info][gc             ] GC(318) Pause Full (Ergonomics) 6561M->6561M(6882M) 2042.781ms
[199.712s][info][gc,cpu         ] GC(318) User=14.73s Sys=0.00s Real=2.04s
[199.712s][info][gc,start       ] GC(319) Pause Full (Ergonomics)
[199.712s][info][gc,phases,start] GC(319) Marking Phase
[201.230s][info][gc,phases      ] GC(319) Marking Phase 1517.831ms
[201.230s][info][gc,phases,start] GC(319) Summary Phase
[201.230s][info][gc,phases      ] GC(319) Summary Phase 0.068ms
[201.230s][info][gc,phases,start] GC(319) Adjust Roots
[201.230s][info][gc,phases      ] GC(319) Adjust Roots 0.162ms
[201.230s][info][gc,phases,start] GC(319) Compaction Phase
[201.748s][info][gc,phases      ] GC(319) Compaction Phase 517.723ms
[201.748s][info][gc,phases,start] GC(319) Post Compact
[201.758s][info][gc,phases      ] GC(319) Post Compact 9.928ms
[201.758s][info][gc,heap        ] GC(319) PSYoungGen: 96398K(424960K)->96398K(424960K) Eden: 74752K(74752K)->74752K(74752K) From: 21646K(350208K)->21646K(350208K)
[201.758s][info][gc,heap        ] GC(319) ParOldGen: 6622186K(6622208K)->6622186K(6622208K)
[201.758s][info][gc,metaspace   ] GC(319) Metaspace: 6298K(6464K)->6298K(6464K) NonClass: 5764K(5824K)->5764K(5824K) Class: 533K(640K)->533K(640K)
[201.758s][info][gc             ] GC(319) Pause Full (Ergonomics) 6561M->6561M(6882M) 2046.036ms
[201.758s][info][gc,cpu         ] GC(319) User=14.88s Sys=0.00s Real=2.05s
[201.758s][info][gc,start       ] GC(320) Pause Full (Ergonomics)
[201.758s][info][gc,phases,start] GC(320) Marking Phase
[203.296s][info][gc,phases      ] GC(320) Marking Phase 1537.935ms
[203.296s][info][gc,phases,start] GC(320) Summary Phase
[203.296s][info][gc,phases      ] GC(320) Summary Phase 0.103ms
[203.296s][info][gc,phases,start] GC(320) Adjust Roots
[203.297s][info][gc,phases      ] GC(320) Adjust Roots 0.190ms
[203.297s][info][gc,phases,start] GC(320) Compaction Phase
[203.826s][info][gc,phases      ] GC(320) Compaction Phase 528.958ms
[203.826s][info][gc,phases,start] GC(320) Post Compact
[203.835s][info][gc,phases      ] GC(320) Post Compact 9.774ms
[203.835s][info][gc,heap        ] GC(320) PSYoungGen: 96398K(424960K)->96398K(424960K) Eden: 74752K(74752K)->74752K(74752K) From: 21646K(350208K)->21646K(350208K)
[203.835s][info][gc,heap        ] GC(320) ParOldGen: 6622191K(6622208K)->6622191K(6622208K)
[203.835s][info][gc,metaspace   ] GC(320) Metaspace: 6298K(6464K)->6298K(6464K) NonClass: 5764K(5824K)->5764K(5824K) Class: 533K(640K)->533K(640K)
[203.836s][info][gc             ] GC(320) Pause Full (Ergonomics) 6561M->6561M(6882M) 2077.272ms
[203.836s][info][gc,cpu         ] GC(320) User=15.12s Sys=0.02s Real=2.08s
[203.836s][info][gc,start       ] GC(321) Pause Full (Ergonomics)
[203.836s][info][gc,phases,start] GC(321) Marking Phase
[205.360s][info][gc,phases      ] GC(321) Marking Phase 1523.808ms
[205.360s][info][gc,phases,start] GC(321) Summary Phase
[205.360s][info][gc,phases      ] GC(321) Summary Phase 0.073ms
[205.360s][info][gc,phases,start] GC(321) Adjust Roots
[205.360s][info][gc,phases      ] GC(321) Adjust Roots 0.162ms
[205.360s][info][gc,phases,start] GC(321) Compaction Phase
[205.880s][info][gc,phases      ] GC(321) Compaction Phase 519.753ms
[205.880s][info][gc,phases,start] GC(321) Post Compact
[205.890s][info][gc,phases      ] GC(321) Post Compact 9.827ms
[205.890s][info][gc,heap        ] GC(321) PSYoungGen: 96398K(424960K)->96398K(424960K) Eden: 74752K(74752K)->74752K(74752K) From: 21646K(350208K)->21646K(350208K)
[205.890s][info][gc,heap        ] GC(321) ParOldGen: 6622196K(6622208K)->6622196K(6622208K)
[205.890s][info][gc,metaspace   ] GC(321) Metaspace: 6298K(6464K)->6298K(6464K) NonClass: 5764K(5824K)->5764K(5824K) Class: 533K(640K)->533K(640K)
[205.890s][info][gc             ] GC(321) Pause Full (Ergonomics) 6561M->6561M(6882M) 2053.943ms
[205.890s][info][gc,cpu         ] GC(321) User=14.98s Sys=0.00s Real=2.05s
[205.890s][info][gc,start       ] GC(322) Pause Full (Ergonomics)
[205.890s][info][gc,phases,start] GC(322) Marking Phase
[207.422s][info][gc,phases      ] GC(322) Marking Phase 1532.600ms
[207.423s][info][gc,phases,start] GC(322) Summary Phase
[207.423s][info][gc,phases      ] GC(322) Summary Phase 0.068ms
[207.423s][info][gc,phases,start] GC(322) Adjust Roots
[207.423s][info][gc,phases      ] GC(322) Adjust Roots 0.164ms
[207.423s][info][gc,phases,start] GC(322) Compaction Phase
[207.936s][info][gc,phases      ] GC(322) Compaction Phase 513.092ms
[207.936s][info][gc,phases,start] GC(322) Post Compact
[207.946s][info][gc,phases      ] GC(322) Post Compact 9.940ms
[207.946s][info][gc,heap        ] GC(322) PSYoungGen: 96398K(424960K)->96398K(424960K) Eden: 74752K(74752K)->74752K(74752K) From: 21646K(350208K)->21646K(350208K)
[207.946s][info][gc,heap        ] GC(322) ParOldGen: 6622201K(6622208K)->6622201K(6622208K)
[207.946s][info][gc,metaspace   ] GC(322) Metaspace: 6298K(6464K)->6298K(6464K) NonClass: 5764K(5824K)->5764K(5824K) Class: 533K(640K)->533K(640K)
[207.946s][info][gc             ] GC(322) Pause Full (Ergonomics) 6561M->6561M(6882M) 2056.160ms
[207.946s][info][gc,cpu         ] GC(322) User=14.89s Sys=0.00s Real=2.06s
[207.946s][info][gc,start       ] GC(323) Pause Full (Ergonomics)
[207.946s][info][gc,phases,start] GC(323) Marking Phase
[209.471s][info][gc,phases      ] GC(323) Marking Phase 1525.082ms
[209.471s][info][gc,phases,start] GC(323) Summary Phase
[209.471s][info][gc,phases      ] GC(323) Summary Phase 0.071ms
[209.471s][info][gc,phases,start] GC(323) Adjust Roots
[209.472s][info][gc,phases      ] GC(323) Adjust Roots 0.224ms
[209.472s][info][gc,phases,start] GC(323) Compaction Phase
[209.995s][info][gc,phases      ] GC(323) Compaction Phase 523.115ms
[209.995s][info][gc,phases,start] GC(323) Post Compact
[210.005s][info][gc,phases      ] GC(323) Post Compact 9.807ms
[210.005s][info][gc,heap        ] GC(323) PSYoungGen: 96398K(424960K)->96398K(424960K) Eden: 74752K(74752K)->74752K(74752K) From: 21646K(350208K)->21646K(350208K)
[210.005s][info][gc,heap        ] GC(323) ParOldGen: 6622206K(6622208K)->6622206K(6622208K)
[210.005s][info][gc,metaspace   ] GC(323) Metaspace: 6298K(6464K)->6298K(6464K) NonClass: 5764K(5824K)->5764K(5824K) Class: 533K(640K)->533K(640K)
[210.005s][info][gc             ] GC(323) Pause Full (Ergonomics) 6561M->6561M(6882M) 2058.632ms
[210.005s][info][gc,cpu         ] GC(323) User=14.94s Sys=0.02s Real=2.06s
[210.005s][info][gc,start       ] GC(324) Pause Full (Ergonomics)
[210.005s][info][gc,phases,start] GC(324) Marking Phase
[211.551s][info][gc,phases      ] GC(324) Marking Phase 1545.520ms
[211.551s][info][gc,phases,start] GC(324) Summary Phase
[211.551s][info][gc,phases      ] GC(324) Summary Phase 0.069ms
[211.551s][info][gc,phases,start] GC(324) Adjust Roots
[211.551s][info][gc,phases      ] GC(324) Adjust Roots 0.175ms
[211.551s][info][gc,phases,start] GC(324) Compaction Phase
[212.072s][info][gc,phases      ] GC(324) Compaction Phase 520.670ms
[212.072s][info][gc,phases,start] GC(324) Post Compact
[212.081s][info][gc,phases      ] GC(324) Post Compact 9.695ms
[212.081s][info][gc,heap        ] GC(324) PSYoungGen: 96398K(424960K)->96398K(424960K) Eden: 74752K(74752K)->74752K(74752K) From: 21646K(350208K)->21646K(350208K)
[212.081s][info][gc,heap        ] GC(324) ParOldGen: 6622207K(6622208K)->6622207K(6622208K)
[212.081s][info][gc,metaspace   ] GC(324) Metaspace: 6298K(6464K)->6298K(6464K) NonClass: 5764K(5824K)->5764K(5824K) Class: 533K(640K)->533K(640K)
[212.081s][info][gc             ] GC(324) Pause Full (Ergonomics) 6561M->6561M(6882M) 2076.455ms
[212.082s][info][gc,cpu         ] GC(324) User=15.23s Sys=0.00s Real=2.08s
[212.082s][info][gc,start       ] GC(325) Pause Full (Allocation Failure)
[212.082s][info][gc,phases,start] GC(325) Marking Phase
[213.616s][info][gc,phases      ] GC(325) Marking Phase 1534.424ms
[213.616s][info][gc,phases,start] GC(325) Summary Phase
[213.616s][info][gc,phases      ] GC(325) Summary Phase 0.073ms
[213.616s][info][gc,phases,start] GC(325) Adjust Roots
[213.617s][info][gc,phases      ] GC(325) Adjust Roots 0.393ms
[213.617s][info][gc,phases,start] GC(325) Compaction Phase
[215.347s][info][gc,phases      ] GC(325) Compaction Phase 1730.835ms
[215.347s][info][gc,phases,start] GC(325) Post Compact
[215.358s][info][gc,phases      ] GC(325) Post Compact 10.116ms
[215.358s][info][gc,heap        ] GC(325) PSYoungGen: 96398K(424960K)->96398K(424960K) Eden: 74752K(74752K)->74752K(74752K) From: 21646K(350208K)->21646K(350208K)
[215.358s][info][gc,heap        ] GC(325) ParOldGen: 6622207K(6622208K)->6622203K(6622208K)
[215.358s][info][gc,metaspace   ] GC(325) Metaspace: 6298K(6464K)->6296K(6464K) NonClass: 5764K(5824K)->5763K(5824K) Class: 533K(640K)->532K(640K)
[215.358s][info][gc             ] GC(325) Pause Full (Allocation Failure) 6561M->6561M(6882M) 3276.191ms
[215.358s][info][gc,cpu         ] GC(325) User=24.48s Sys=0.02s Real=3.28s
[215.358s][info][gc,start       ] GC(326) Pause Full (Ergonomics)
[215.358s][info][gc,phases,start] GC(326) Marking Phase
[216.910s][info][gc,phases      ] GC(326) Marking Phase 1551.717ms
[216.910s][info][gc,phases,start] GC(326) Summary Phase
[216.910s][info][gc,phases      ] GC(326) Summary Phase 0.068ms
[216.910s][info][gc,phases,start] GC(326) Adjust Roots
[216.910s][info][gc,phases      ] GC(326) Adjust Roots 0.164ms
[216.910s][info][gc,phases,start] GC(326) Compaction Phase
[217.423s][info][gc,phases      ] GC(326) Compaction Phase 512.262ms
[217.423s][info][gc,phases,start] GC(326) Post Compact
[217.433s][info][gc,phases      ] GC(326) Post Compact 9.946ms
[217.433s][info][gc,heap        ] GC(326) PSYoungGen: 96398K(424960K)->96398K(424960K) Eden: 74752K(74752K)->74752K(74752K) From: 21646K(350208K)->21646K(350208K)
[217.433s][info][gc,heap        ] GC(326) ParOldGen: 6622206K(6622208K)->6622206K(6622208K)
[217.433s][info][gc,metaspace   ] GC(326) Metaspace: 6296K(6464K)->6296K(6464K) NonClass: 5763K(5824K)->5763K(5824K) Class: 532K(640K)->532K(640K)
[217.433s][info][gc             ] GC(326) Pause Full (Ergonomics) 6561M->6561M(6882M) 2074.470ms
[217.433s][info][gc,cpu         ] GC(326) User=15.14s Sys=0.00s Real=2.07s
[217.433s][info][gc,start       ] GC(327) Pause Full (Ergonomics)
[217.433s][info][gc,phases,start] GC(327) Marking Phase
[218.964s][info][gc,phases      ] GC(327) Marking Phase 1530.864ms
[218.964s][info][gc,phases,start] GC(327) Summary Phase
[218.964s][info][gc,phases      ] GC(327) Summary Phase 0.068ms
[218.964s][info][gc,phases,start] GC(327) Adjust Roots
[218.964s][info][gc,phases      ] GC(327) Adjust Roots 0.170ms
[218.964s][info][gc,phases,start] GC(327) Compaction Phase
[219.498s][info][gc,phases      ] GC(327) Compaction Phase 533.280ms
[219.498s][info][gc,phases,start] GC(327) Post Compact
[219.507s][info][gc,phases      ] GC(327) Post Compact 9.876ms
[219.508s][info][gc,heap        ] GC(327) PSYoungGen: 96398K(424960K)->96398K(424960K) Eden: 74752K(74752K)->74752K(74752K) From: 21646K(350208K)->21646K(350208K)
[219.508s][info][gc,heap        ] GC(327) ParOldGen: 6622207K(6622208K)->6622207K(6622208K)
[219.508s][info][gc,metaspace   ] GC(327) Metaspace: 6296K(6464K)->6296K(6464K) NonClass: 5763K(5824K)->5763K(5824K) Class: 532K(640K)->532K(640K)
[219.508s][info][gc             ] GC(327) Pause Full (Ergonomics) 6561M->6561M(6882M) 2074.569ms
[219.508s][info][gc,cpu         ] GC(327) User=15.23s Sys=0.00s Real=2.07s
[219.508s][info][gc,start       ] GC(328) Pause Full (Allocation Failure)
[219.508s][info][gc,phases,start] GC(328) Marking Phase
[221.020s][info][gc,phases      ] GC(328) Marking Phase 1512.489ms
[221.020s][info][gc,phases,start] GC(328) Summary Phase
[221.020s][info][gc,phases      ] GC(328) Summary Phase 0.114ms
[221.020s][info][gc,phases,start] GC(328) Adjust Roots
[221.021s][info][gc,phases      ] GC(328) Adjust Roots 0.257ms
[221.021s][info][gc,phases,start] GC(328) Compaction Phase
[221.542s][info][gc,phases      ] GC(328) Compaction Phase 521.243ms
[221.542s][info][gc,phases,start] GC(328) Post Compact
[221.552s][info][gc,phases      ] GC(328) Post Compact 9.898ms
[221.552s][info][gc,heap        ] GC(328) PSYoungGen: 96398K(424960K)->96398K(424960K) Eden: 74752K(74752K)->74752K(74752K) From: 21646K(350208K)->21646K(350208K)
[221.552s][info][gc,heap        ] GC(328) ParOldGen: 6622207K(6622208K)->6622207K(6622208K)
[221.552s][info][gc,metaspace   ] GC(328) Metaspace: 6296K(6464K)->6296K(6464K) NonClass: 5763K(5824K)->5763K(5824K) Class: 532K(640K)->532K(640K)
[221.552s][info][gc             ] GC(328) Pause Full (Allocation Failure) 6561M->6561M(6882M) 2044.345ms
[221.552s][info][gc,cpu         ] GC(328) User=14.91s Sys=0.03s Real=2.05s
[221.552s][info][gc,start       ] GC(329) Pause Full (Ergonomics)
[221.552s][info][gc,phases,start] GC(329) Marking Phase
[223.092s][info][gc,phases      ] GC(329) Marking Phase 1539.838ms
[223.092s][info][gc,phases,start] GC(329) Summary Phase
[223.092s][info][gc,phases      ] GC(329) Summary Phase 0.072ms
[223.092s][info][gc,phases,start] GC(329) Adjust Roots
[223.093s][info][gc,phases      ] GC(329) Adjust Roots 0.292ms
[223.093s][info][gc,phases,start] GC(329) Compaction Phase
[224.818s][info][gc,phases      ] GC(329) Compaction Phase 1724.911ms
[224.818s][info][gc,phases,start] GC(329) Post Compact
[224.828s][info][gc,phases      ] GC(329) Post Compact 9.990ms
[224.828s][info][gc,heap        ] GC(329) PSYoungGen: 96398K(424960K)->96398K(424960K) Eden: 74752K(74752K)->74752K(74752K) From: 21646K(350208K)->21646K(350208K)
[224.828s][info][gc,heap        ] GC(329) ParOldGen: 6622207K(6622208K)->6622206K(6622208K)
[224.828s][info][gc,metaspace   ] GC(329) Metaspace: 6296K(6464K)->6296K(6464K) NonClass: 5763K(5824K)->5763K(5824K) Class: 532K(640K)->532K(640K)
[224.828s][info][gc             ] GC(329) Pause Full (Ergonomics) 6561M->6561M(6882M) 3275.467ms
[224.828s][info][gc,cpu         ] GC(329) User=24.30s Sys=0.00s Real=3.28s
[224.829s][info][gc,start       ] GC(330) Pause Full (Ergonomics)
[224.829s][info][gc,phases,start] GC(330) Marking Phase
[226.340s][info][gc,phases      ] GC(330) Marking Phase 1511.210ms
[226.340s][info][gc,phases,start] GC(330) Summary Phase
[226.340s][info][gc,phases      ] GC(330) Summary Phase 0.069ms
[226.340s][info][gc,phases,start] GC(330) Adjust Roots
[226.341s][info][gc,phases      ] GC(330) Adjust Roots 0.242ms
[226.341s][info][gc,phases,start] GC(330) Compaction Phase
[228.057s][info][gc,phases      ] GC(330) Compaction Phase 1716.165ms
[228.057s][info][gc,phases,start] GC(330) Post Compact
[228.068s][info][gc,phases      ] GC(330) Post Compact 10.555ms
[228.068s][info][gc,heap        ] GC(330) PSYoungGen: 96398K(424960K)->96398K(424960K) Eden: 74752K(74752K)->74752K(74752K) From: 21646K(350208K)->21646K(350208K)
[228.068s][info][gc,heap        ] GC(330) ParOldGen: 6622207K(6622208K)->6622205K(6622208K)
[228.068s][info][gc,metaspace   ] GC(330) Metaspace: 6298K(6464K)->6298K(6464K) NonClass: 5764K(5824K)->5764K(5824K) Class: 533K(640K)->533K(640K)
[228.068s][info][gc             ] GC(330) Pause Full (Ergonomics) 6561M->6561M(6882M) 3238.696ms
[228.068s][info][gc,cpu         ] GC(330) User=23.39s Sys=0.02s Real=3.24s
[228.068s][info][gc,heap,exit   ] Heap
[228.068s][info][gc,heap,exit   ]  PSYoungGen      total 424960K, used 96398K [0x0000000735f00000, 0x0000000766b00000, 0x0000000800000000)
[228.068s][info][gc,heap,exit   ]   eden space 74752K, 100% used [0x0000000735f00000,0x000000073a800000,0x000000073a800000)
[228.068s][info][gc,heap,exit   ]   from space 350208K, 6% used [0x0000000750480000,0x00000007519a3a10,0x0000000765a80000)
[228.068s][info][gc,heap,exit   ]   to   space 356864K, 0% used [0x000000073a800000,0x000000073a800000,0x0000000750480000)
[228.068s][info][gc,heap,exit   ]  ParOldGen       total 6622208K, used 6622206K [0x00000005a1c00000, 0x0000000735f00000, 0x0000000735f00000)
[228.068s][info][gc,heap,exit   ]   object space 6622208K, 99% used [0x00000005a1c00000,0x0000000735eff820,0x0000000735f00000)
[228.068s][info][gc,heap,exit   ]  Metaspace       used 6301K, committed 6464K, reserved 1114112K
[228.068s][info][gc,heap,exit   ]   class space    used 534K, committed 640K, reserved 1048576K
