[0.013s][info][gc,init] CardTable entry size: 512
[0.013s][info][gc     ] Using Parallel
[0.014s][info][gc,init] Version: 18.0.1+10 (release)
[0.015s][info][gc,init] CPUs: 8 total, 8 available
[0.015s][info][gc,init] Memory: 16063M
[0.015s][info][gc,init] Large Page Support: Disabled
[0.015s][info][gc,init] NUMA Support: Disabled
[0.015s][info][gc,init] Compressed Oops: Enabled (Zero based)
[0.015s][info][gc,init] Alignments: Space 512K, Generation 512K, Heap 2M
[0.015s][info][gc,init] Heap Min Capacity: 2M
[0.015s][info][gc,init] Heap Initial Capacity: 2M
[0.015s][info][gc,init] Heap Max Capacity: 11500M
[0.015s][info][gc,init] Pre-touch: Disabled
[0.015s][info][gc,init] Parallel Workers: 8
[0.015s][info][gc,metaspace] CDS archive(s) not mapped
[0.015s][info][gc,metaspace] Compressed class space mapped at: 0x0000000800000000-0x0000000840000000, reserved size: 1073741824
[0.015s][info][gc,metaspace] Narrow klass base: 0x0000000800000000, Narrow klass shift: 0, Narrow klass range: 0x40000000
[0.114s][info][gc,start    ] GC(0) Pause Young (Allocation Failure)
[0.115s][info][gc,heap     ] GC(0) PSYoungGen: 512K(1024K)->480K(1024K) Eden: 512K(512K)->0K(512K) From: 0K(512K)->480K(512K)
[0.115s][info][gc,heap     ] GC(0) ParOldGen: 0K(512K)->8K(512K)
[0.115s][info][gc,metaspace] GC(0) Metaspace: 4229K(4352K)->4229K(4352K) NonClass: 3908K(3968K)->3908K(3968K) Class: 321K(384K)->321K(384K)
[0.115s][info][gc          ] GC(0) Pause Young (Allocation Failure) 0M->0M(1M) 1.416ms
[0.115s][info][gc,cpu      ] GC(0) User=0.00s Sys=0.00s Real=0.00s
[0.188s][info][gc,start    ] GC(1) Pause Young (Allocation Failure)
[0.189s][info][gc,heap     ] GC(1) PSYoungGen: 991K(1024K)->512K(1536K) Eden: 511K(512K)->0K(1024K) From: 480K(512K)->512K(512K)
[0.189s][info][gc,heap     ] GC(1) ParOldGen: 8K(512K)->80K(512K)
[0.189s][info][gc,metaspace] GC(1) Metaspace: 5880K(6016K)->5880K(6016K) NonClass: 5384K(5504K)->5384K(5504K) Class: 496K(512K)->496K(512K)
[0.189s][info][gc          ] GC(1) Pause Young (Allocation Failure) 0M->0M(2M) 0.932ms
[0.189s][info][gc,cpu      ] GC(1) User=0.00s Sys=0.00s Real=0.00s
[0.213s][info][gc,start    ] GC(2) Pause Young (Allocation Failure)
[0.214s][info][gc,heap     ] GC(2) PSYoungGen: 1536K(1536K)->512K(1536K) Eden: 1024K(1024K)->0K(1024K) From: 512K(512K)->512K(512K)
[0.214s][info][gc,heap     ] GC(2) ParOldGen: 80K(512K)->504K(512K)
[0.214s][info][gc,metaspace] GC(2) Metaspace: 6299K(6464K)->6299K(6464K) NonClass: 5766K(5824K)->5766K(5824K) Class: 533K(640K)->533K(640K)
[0.214s][info][gc          ] GC(2) Pause Young (Allocation Failure) 1M->0M(2M) 1.299ms
[0.214s][info][gc,cpu      ] GC(2) User=0.00s Sys=0.00s Real=0.00s
[0.214s][info][gc,start    ] GC(3) Pause Full (Ergonomics)
[0.214s][info][gc,phases,start] GC(3) Marking Phase
[0.215s][info][gc,phases      ] GC(3) Marking Phase 0.980ms
[0.215s][info][gc,phases,start] GC(3) Summary Phase
[0.215s][info][gc,phases      ] GC(3) Summary Phase 0.015ms
[0.215s][info][gc,phases,start] GC(3) Adjust Roots
[0.216s][info][gc,phases      ] GC(3) Adjust Roots 0.461ms
[0.216s][info][gc,phases,start] GC(3) Compaction Phase
[0.218s][info][gc,phases      ] GC(3) Compaction Phase 1.893ms
[0.218s][info][gc,phases,start] GC(3) Post Compact
[0.218s][info][gc,phases      ] GC(3) Post Compact 0.090ms
[0.218s][info][gc,heap        ] GC(3) PSYoungGen: 512K(1536K)->510K(1536K) Eden: 0K(1024K)->0K(1024K) From: 512K(512K)->510K(512K)
[0.218s][info][gc,heap        ] GC(3) ParOldGen: 504K(512K)->470K(2048K)
[0.218s][info][gc,metaspace   ] GC(3) Metaspace: 6299K(6464K)->6299K(6464K) NonClass: 5766K(5824K)->5766K(5824K) Class: 533K(640K)->533K(640K)
[0.218s][info][gc             ] GC(3) Pause Full (Ergonomics) 0M->0M(3M) 3.729ms
[0.218s][info][gc,cpu         ] GC(3) User=0.00s Sys=0.00s Real=0.00s
[0.220s][info][gc,start       ] GC(4) Pause Young (Allocation Failure)
[0.221s][info][gc,heap        ] GC(4) PSYoungGen: 1534K(1536K)->480K(2560K) Eden: 1024K(1024K)->0K(2048K) From: 510K(512K)->480K(512K)
[0.221s][info][gc,heap        ] GC(4) ParOldGen: 470K(2048K)->1026K(2048K)
[0.221s][info][gc,metaspace   ] GC(4) Metaspace: 6299K(6464K)->6299K(6464K) NonClass: 5766K(5824K)->5766K(5824K) Class: 533K(640K)->533K(640K)
[0.222s][info][gc             ] GC(4) Pause Young (Allocation Failure) 1M->1M(4M) 1.881ms
[0.222s][info][gc,cpu         ] GC(4) User=0.00s Sys=0.00s Real=0.00s
[0.226s][info][gc,start       ] GC(5) Pause Young (Allocation Failure)
[0.228s][info][gc,heap        ] GC(5) PSYoungGen: 2528K(2560K)->480K(2560K) Eden: 2048K(2048K)->0K(2048K) From: 480K(512K)->480K(512K)
[0.228s][info][gc,heap        ] GC(5) ParOldGen: 1026K(2048K)->2095K(2560K)
[0.228s][info][gc,metaspace   ] GC(5) Metaspace: 6299K(6464K)->6299K(6464K) NonClass: 5766K(5824K)->5766K(5824K) Class: 533K(640K)->533K(640K)
[0.228s][info][gc             ] GC(5) Pause Young (Allocation Failure) 3M->2M(5M) 2.171ms
[0.228s][info][gc,cpu         ] GC(5) User=0.00s Sys=0.00s Real=0.00s
[0.228s][info][gc,start       ] GC(6) Pause Full (Ergonomics)
[0.228s][info][gc,phases,start] GC(6) Marking Phase
[0.230s][info][gc,phases      ] GC(6) Marking Phase 1.651ms
[0.230s][info][gc,phases,start] GC(6) Summary Phase
[0.230s][info][gc,phases      ] GC(6) Summary Phase 0.017ms
[0.230s][info][gc,phases,start] GC(6) Adjust Roots
[0.230s][info][gc,phases      ] GC(6) Adjust Roots 0.338ms
[0.230s][info][gc,phases,start] GC(6) Compaction Phase
[0.233s][info][gc,phases      ] GC(6) Compaction Phase 2.392ms
[0.233s][info][gc,phases,start] GC(6) Post Compact
[0.233s][info][gc,phases      ] GC(6) Post Compact 0.034ms
[0.233s][info][gc,heap        ] GC(6) PSYoungGen: 480K(2560K)->0K(4096K) Eden: 0K(2048K)->0K(3072K) From: 480K(512K)->0K(1024K)
[0.233s][info][gc,heap        ] GC(6) ParOldGen: 2095K(2560K)->2542K(6144K)
[0.233s][info][gc,metaspace   ] GC(6) Metaspace: 6299K(6464K)->6299K(6464K) NonClass: 5766K(5824K)->5766K(5824K) Class: 533K(640K)->533K(640K)
[0.233s][info][gc             ] GC(6) Pause Full (Ergonomics) 2M->2M(10M) 4.790ms
[0.233s][info][gc,cpu         ] GC(6) User=0.00s Sys=0.00s Real=0.01s
[0.241s][info][gc,start       ] GC(7) Pause Young (Allocation Failure)
[0.243s][info][gc,heap        ] GC(7) PSYoungGen: 3072K(4096K)->1664K(5120K) Eden: 3072K(3072K)->0K(3072K) From: 0K(1024K)->1664K(2048K)
[0.243s][info][gc,heap        ] GC(7) ParOldGen: 2542K(6144K)->2542K(6144K)
[0.243s][info][gc,metaspace   ] GC(7) Metaspace: 6299K(6464K)->6299K(6464K) NonClass: 5766K(5824K)->5766K(5824K) Class: 533K(640K)->533K(640K)
[0.243s][info][gc             ] GC(7) Pause Young (Allocation Failure) 5M->4M(11M) 2.292ms
[0.243s][info][gc,cpu         ] GC(7) User=0.00s Sys=0.00s Real=0.00s
[0.248s][info][gc,start       ] GC(8) Pause Young (Allocation Failure)
[0.251s][info][gc,heap        ] GC(8) PSYoungGen: 4736K(5120K)->2016K(5632K) Eden: 3072K(3072K)->0K(3584K) From: 1664K(2048K)->2016K(2048K)
[0.251s][info][gc,heap        ] GC(8) ParOldGen: 2542K(6144K)->3774K(6144K)
[0.251s][info][gc,metaspace   ] GC(8) Metaspace: 6299K(6464K)->6299K(6464K) NonClass: 5766K(5824K)->5766K(5824K) Class: 533K(640K)->533K(640K)
[0.251s][info][gc             ] GC(8) Pause Young (Allocation Failure) 7M->5M(11M) 3.521ms
[0.251s][info][gc,cpu         ] GC(8) User=0.00s Sys=0.00s Real=0.00s
[0.258s][info][gc,start       ] GC(9) Pause Young (Allocation Failure)
[0.261s][info][gc,heap        ] GC(9) PSYoungGen: 5600K(5632K)->3040K(6656K) Eden: 3584K(3584K)->0K(3584K) From: 2016K(2048K)->3040K(3072K)
[0.261s][info][gc,heap        ] GC(9) ParOldGen: 3774K(6144K)->4614K(6144K)
[0.261s][info][gc,metaspace   ] GC(9) Metaspace: 6299K(6464K)->6299K(6464K) NonClass: 5766K(5824K)->5766K(5824K) Class: 533K(640K)->533K(640K)
[0.261s][info][gc             ] GC(9) Pause Young (Allocation Failure) 9M->7M(12M) 3.393ms
[0.261s][info][gc,cpu         ] GC(9) User=0.02s Sys=0.00s Real=0.00s
[0.265s][info][gc,start       ] GC(10) Pause Young (Allocation Failure)
[0.268s][info][gc,heap        ] GC(10) PSYoungGen: 6624K(6656K)->4064K(9216K) Eden: 3584K(3584K)->0K(5120K) From: 3040K(3072K)->4064K(4096K)
[0.269s][info][gc,heap        ] GC(10) ParOldGen: 4614K(6144K)->5454K(6144K)
[0.269s][info][gc,metaspace   ] GC(10) Metaspace: 6299K(6464K)->6299K(6464K) NonClass: 5766K(5824K)->5766K(5824K) Class: 533K(640K)->533K(640K)
[0.269s][info][gc             ] GC(10) Pause Young (Allocation Failure) 10M->9M(15M) 3.854ms
[0.269s][info][gc,cpu         ] GC(10) User=0.00s Sys=0.00s Real=0.00s
[0.269s][info][gc,start       ] GC(11) Pause Full (Ergonomics)
[0.269s][info][gc,phases,start] GC(11) Marking Phase
[0.273s][info][gc,phases      ] GC(11) Marking Phase 4.430ms
[0.273s][info][gc,phases,start] GC(11) Summary Phase
[0.273s][info][gc,phases      ] GC(11) Summary Phase 0.018ms
[0.273s][info][gc,phases,start] GC(11) Adjust Roots
[0.274s][info][gc,phases      ] GC(11) Adjust Roots 0.365ms
[0.274s][info][gc,phases,start] GC(11) Compaction Phase
[0.280s][info][gc,phases      ] GC(11) Compaction Phase 6.219ms
[0.280s][info][gc,phases,start] GC(11) Post Compact
[0.280s][info][gc,phases      ] GC(11) Post Compact 0.036ms
[0.280s][info][gc,heap        ] GC(11) PSYoungGen: 4064K(9216K)->3545K(9216K) Eden: 0K(5120K)->0K(5120K) From: 4064K(4096K)->3545K(4096K)
[0.280s][info][gc,heap        ] GC(11) ParOldGen: 5454K(6144K)->5831K(10752K)
[0.280s][info][gc,metaspace   ] GC(11) Metaspace: 6299K(6464K)->6299K(6464K) NonClass: 5766K(5824K)->5766K(5824K) Class: 533K(640K)->533K(640K)
[0.280s][info][gc             ] GC(11) Pause Full (Ergonomics) 9M->9M(19M) 11.375ms
[0.280s][info][gc,cpu         ] GC(11) User=0.02s Sys=0.00s Real=0.01s
[0.288s][info][gc,start       ] GC(12) Pause Young (Allocation Failure)
[0.292s][info][gc,heap        ] GC(12) PSYoungGen: 8665K(9216K)->5088K(10240K) Eden: 5120K(5120K)->0K(5120K) From: 3545K(4096K)->5088K(5120K)
[0.292s][info][gc,heap        ] GC(12) ParOldGen: 5831K(10752K)->6951K(10752K)
[0.292s][info][gc,metaspace   ] GC(12) Metaspace: 6299K(6464K)->6299K(6464K) NonClass: 5766K(5824K)->5766K(5824K) Class: 533K(640K)->533K(640K)
[0.292s][info][gc             ] GC(12) Pause Young (Allocation Failure) 14M->11M(20M) 4.437ms
[0.292s][info][gc,cpu         ] GC(12) User=0.00s Sys=0.00s Real=0.00s
[0.297s][info][gc,start       ] GC(13) Pause Young (Allocation Failure)
[0.303s][info][gc,heap        ] GC(13) PSYoungGen: 10208K(10240K)->6464K(12800K) Eden: 5120K(5120K)->0K(6144K) From: 5088K(5120K)->6464K(6656K)
[0.303s][info][gc,heap        ] GC(13) ParOldGen: 6951K(10752K)->8231K(10752K)
[0.303s][info][gc,metaspace   ] GC(13) Metaspace: 6301K(6464K)->6301K(6464K) NonClass: 5768K(5824K)->5768K(5824K) Class: 533K(640K)->533K(640K)
[0.303s][info][gc             ] GC(13) Pause Young (Allocation Failure) 16M->14M(23M) 5.634ms
[0.303s][info][gc,cpu         ] GC(13) User=0.00s Sys=0.00s Real=0.00s
[0.308s][info][gc,start       ] GC(14) Pause Young (Allocation Failure)
[0.314s][info][gc,heap        ] GC(14) PSYoungGen: 12608K(12800K)->5824K(13824K) Eden: 6144K(6144K)->0K(6144K) From: 6464K(6656K)->5824K(7680K)
[0.314s][info][gc,heap        ] GC(14) ParOldGen: 8231K(10752K)->12111K(12288K)
[0.314s][info][gc,metaspace   ] GC(14) Metaspace: 6301K(6464K)->6301K(6464K) NonClass: 5768K(5824K)->5768K(5824K) Class: 533K(640K)->533K(640K)
[0.314s][info][gc             ] GC(14) Pause Young (Allocation Failure) 20M->17M(25M) 6.237ms
[0.314s][info][gc,cpu         ] GC(14) User=0.00s Sys=0.00s Real=0.01s
[0.314s][info][gc,start       ] GC(15) Pause Full (Ergonomics)
[0.314s][info][gc,phases,start] GC(15) Marking Phase
[0.322s][info][gc,phases      ] GC(15) Marking Phase 7.848ms
[0.322s][info][gc,phases,start] GC(15) Summary Phase
[0.322s][info][gc,phases      ] GC(15) Summary Phase 0.015ms
[0.322s][info][gc,phases,start] GC(15) Adjust Roots
[0.322s][info][gc,phases      ] GC(15) Adjust Roots 0.233ms
[0.323s][info][gc,phases,start] GC(15) Compaction Phase
[0.331s][info][gc,phases      ] GC(15) Compaction Phase 8.619ms
[0.331s][info][gc,phases,start] GC(15) Post Compact
[0.331s][info][gc,phases      ] GC(15) Post Compact 0.086ms
[0.331s][info][gc,heap        ] GC(15) PSYoungGen: 5824K(13824K)->5758K(13824K) Eden: 0K(6144K)->0K(6144K) From: 5824K(7680K)->5758K(7680K)
[0.331s][info][gc,heap        ] GC(15) ParOldGen: 12111K(12288K)->12006K(18944K)
[0.331s][info][gc,metaspace   ] GC(15) Metaspace: 6301K(6464K)->6301K(6464K) NonClass: 5768K(5824K)->5768K(5824K) Class: 533K(640K)->533K(640K)
[0.331s][info][gc             ] GC(15) Pause Full (Ergonomics) 17M->17M(32M) 17.162ms
[0.331s][info][gc,cpu         ] GC(15) User=0.00s Sys=0.00s Real=0.02s
[0.335s][info][gc,start       ] GC(16) Pause Young (Allocation Failure)
[0.343s][info][gc,heap        ] GC(16) PSYoungGen: 11902K(13824K)->3232K(15360K) Eden: 6144K(6144K)->0K(8704K) From: 5758K(7680K)->3232K(6656K)
[0.343s][info][gc,heap        ] GC(16) ParOldGen: 12006K(18944K)->17862K(18944K)
[0.343s][info][gc,metaspace   ] GC(16) Metaspace: 6301K(6464K)->6301K(6464K) NonClass: 5768K(5824K)->5768K(5824K) Class: 533K(640K)->533K(640K)
[0.343s][info][gc             ] GC(16) Pause Young (Allocation Failure) 23M->20M(33M) 7.822ms
[0.343s][info][gc,cpu         ] GC(16) User=0.00s Sys=0.00s Real=0.01s
[0.343s][info][gc,start       ] GC(17) Pause Full (Ergonomics)
[0.343s][info][gc,phases,start] GC(17) Marking Phase
[0.353s][info][gc,phases      ] GC(17) Marking Phase 9.443ms
[0.353s][info][gc,phases,start] GC(17) Summary Phase
[0.353s][info][gc,phases      ] GC(17) Summary Phase 0.017ms
[0.353s][info][gc,phases,start] GC(17) Adjust Roots
[0.353s][info][gc,phases      ] GC(17) Adjust Roots 0.224ms
[0.353s][info][gc,phases,start] GC(17) Compaction Phase
[0.359s][info][gc,phases      ] GC(17) Compaction Phase 5.845ms
[0.359s][info][gc,phases,start] GC(17) Post Compact
[0.359s][info][gc,phases      ] GC(17) Post Compact 0.129ms
[0.359s][info][gc,heap        ] GC(17) PSYoungGen: 3232K(15360K)->2146K(16384K) Eden: 0K(8704K)->0K(9728K) From: 3232K(6656K)->2146K(6656K)
[0.359s][info][gc,heap        ] GC(17) ParOldGen: 17862K(18944K)->18786K(28672K)
[0.359s][info][gc,metaspace   ] GC(17) Metaspace: 6301K(6464K)->6301K(6464K) NonClass: 5768K(5824K)->5768K(5824K) Class: 533K(640K)->533K(640K)
[0.359s][info][gc             ] GC(17) Pause Full (Ergonomics) 20M->20M(44M) 15.998ms
[0.359s][info][gc,cpu         ] GC(17) User=0.02s Sys=0.00s Real=0.02s
[0.369s][info][gc,start       ] GC(18) Pause Young (Allocation Failure)
[0.376s][info][gc,heap        ] GC(18) PSYoungGen: 11874K(16384K)->5568K(17408K) Eden: 9728K(9728K)->0K(9728K) From: 2146K(6656K)->5568K(7680K)
[0.377s][info][gc,heap        ] GC(18) ParOldGen: 18786K(28672K)->20970K(28672K)
[0.377s][info][gc,metaspace   ] GC(18) Metaspace: 6301K(6464K)->6301K(6464K) NonClass: 5768K(5824K)->5768K(5824K) Class: 533K(640K)->533K(640K)
[0.377s][info][gc             ] GC(18) Pause Young (Allocation Failure) 29M->25M(45M) 7.823ms
[0.377s][info][gc,cpu         ] GC(18) User=0.02s Sys=0.00s Real=0.01s
[0.383s][info][gc,start       ] GC(19) Pause Young (Allocation Failure)
[0.392s][info][gc,heap        ] GC(19) PSYoungGen: 15296K(17408K)->5056K(21504K) Eden: 9728K(9728K)->0K(13312K) From: 5568K(7680K)->5056K(8192K)
[0.392s][info][gc,heap        ] GC(19) ParOldGen: 20970K(28672K)->26570K(28672K)
[0.392s][info][gc,metaspace   ] GC(19) Metaspace: 6301K(6464K)->6301K(6464K) NonClass: 5768K(5824K)->5768K(5824K) Class: 533K(640K)->533K(640K)
[0.392s][info][gc             ] GC(19) Pause Young (Allocation Failure) 35M->30M(49M) 9.005ms
[0.392s][info][gc,cpu         ] GC(19) User=0.00s Sys=0.00s Real=0.01s
[0.393s][info][gc,start       ] GC(20) Pause Full (Ergonomics)
[0.393s][info][gc,phases,start] GC(20) Marking Phase
[0.405s][info][gc,phases      ] GC(20) Marking Phase 12.309ms
[0.405s][info][gc,phases,start] GC(20) Summary Phase
[0.405s][info][gc,phases      ] GC(20) Summary Phase 0.016ms
[0.405s][info][gc,phases,start] GC(20) Adjust Roots
[0.405s][info][gc,phases      ] GC(20) Adjust Roots 0.194ms
[0.405s][info][gc,phases,start] GC(20) Compaction Phase
[0.418s][info][gc,phases      ] GC(20) Compaction Phase 12.660ms
[0.418s][info][gc,phases,start] GC(20) Post Compact
[0.418s][info][gc,phases      ] GC(20) Post Compact 0.148ms
[0.418s][info][gc,heap        ] GC(20) PSYoungGen: 5056K(21504K)->2471K(21504K) Eden: 0K(13312K)->0K(13312K) From: 5056K(8192K)->2471K(8192K)
[0.418s][info][gc,heap        ] GC(20) ParOldGen: 26570K(28672K)->28497K(40448K)
[0.418s][info][gc,metaspace   ] GC(20) Metaspace: 6301K(6464K)->6301K(6464K) NonClass: 5768K(5824K)->5768K(5824K) Class: 533K(640K)->533K(640K)
[0.418s][info][gc             ] GC(20) Pause Full (Ergonomics) 30M->30M(60M) 25.787ms
[0.418s][info][gc,cpu         ] GC(20) User=0.00s Sys=0.00s Real=0.02s
[0.430s][info][gc,start       ] GC(21) Pause Young (Allocation Failure)
[0.442s][info][gc,heap        ] GC(21) PSYoungGen: 15783K(21504K)->8192K(21504K) Eden: 13312K(13312K)->0K(13312K) From: 2471K(8192K)->8192K(8192K)
[0.442s][info][gc,heap        ] GC(21) ParOldGen: 28497K(40448K)->32505K(40448K)
[0.442s][info][gc,metaspace   ] GC(21) Metaspace: 6301K(6464K)->6301K(6464K) NonClass: 5768K(5824K)->5768K(5824K) Class: 533K(640K)->533K(640K)
[0.442s][info][gc             ] GC(21) Pause Young (Allocation Failure) 43M->39M(60M) 11.447ms
[0.442s][info][gc,cpu         ] GC(21) User=0.00s Sys=0.00s Real=0.01s
[0.460s][info][gc,start       ] GC(22) Pause Young (Allocation Failure)
[0.477s][info][gc,heap        ] GC(22) PSYoungGen: 21504K(21504K)->11232K(23040K) Eden: 13312K(13312K)->0K(11776K) From: 8192K(8192K)->11232K(11264K)
[0.477s][info][gc,heap        ] GC(22) ParOldGen: 32505K(40448K)->42921K(43008K)
[0.477s][info][gc,metaspace   ] GC(22) Metaspace: 6301K(6464K)->6301K(6464K) NonClass: 5768K(5824K)->5768K(5824K) Class: 533K(640K)->533K(640K)
[0.477s][info][gc             ] GC(22) Pause Young (Allocation Failure) 52M->52M(64M) 16.890ms
[0.477s][info][gc,cpu         ] GC(22) User=0.03s Sys=0.00s Real=0.02s
[0.477s][info][gc,start       ] GC(23) Pause Full (Ergonomics)
[0.477s][info][gc,phases,start] GC(23) Marking Phase
[0.500s][info][gc,phases      ] GC(23) Marking Phase 22.477ms
[0.500s][info][gc,phases,start] GC(23) Summary Phase
[0.500s][info][gc,phases      ] GC(23) Summary Phase 0.017ms
[0.500s][info][gc,phases,start] GC(23) Adjust Roots
[0.500s][info][gc,phases      ] GC(23) Adjust Roots 0.231ms
[0.500s][info][gc,phases,start] GC(23) Compaction Phase
[0.519s][info][gc,phases      ] GC(23) Compaction Phase 18.602ms
[0.519s][info][gc,phases,start] GC(23) Post Compact
[0.519s][info][gc,phases      ] GC(23) Post Compact 0.158ms
[0.519s][info][gc,heap        ] GC(23) PSYoungGen: 11232K(23040K)->11214K(23040K) Eden: 0K(11776K)->0K(11776K) From: 11232K(11264K)->11214K(11264K)
[0.519s][info][gc,heap        ] GC(23) ParOldGen: 42921K(43008K)->41657K(57856K)
[0.519s][info][gc,metaspace   ] GC(23) Metaspace: 6301K(6464K)->6301K(6464K) NonClass: 5768K(5824K)->5768K(5824K) Class: 533K(640K)->533K(640K)
[0.519s][info][gc             ] GC(23) Pause Full (Ergonomics) 52M->51M(79M) 41.840ms
[0.519s][info][gc,cpu         ] GC(23) User=0.06s Sys=0.00s Real=0.04s
[0.532s][info][gc,start       ] GC(24) Pause Young (Allocation Failure)
[0.549s][info][gc,heap        ] GC(24) PSYoungGen: 22990K(23040K)->11808K(28672K) Eden: 11776K(11776K)->0K(11776K) From: 11214K(11264K)->11808K(16896K)
[0.549s][info][gc,heap        ] GC(24) ParOldGen: 41657K(57856K)->53025K(57856K)
[0.549s][info][gc,metaspace   ] GC(24) Metaspace: 6301K(6464K)->6301K(6464K) NonClass: 5768K(5824K)->5768K(5824K) Class: 533K(640K)->533K(640K)
[0.549s][info][gc             ] GC(24) Pause Young (Allocation Failure) 63M->63M(84M) 17.009ms
[0.549s][info][gc,cpu         ] GC(24) User=0.02s Sys=0.00s Real=0.02s
[0.549s][info][gc,start       ] GC(25) Pause Full (Ergonomics)
[0.549s][info][gc,phases,start] GC(25) Marking Phase
[0.575s][info][gc,phases      ] GC(25) Marking Phase 25.687ms
[0.575s][info][gc,phases,start] GC(25) Summary Phase
[0.575s][info][gc,phases      ] GC(25) Summary Phase 0.020ms
[0.575s][info][gc,phases,start] GC(25) Adjust Roots
[0.575s][info][gc,phases      ] GC(25) Adjust Roots 0.179ms
[0.575s][info][gc,phases,start] GC(25) Compaction Phase
[0.594s][info][gc,phases      ] GC(25) Compaction Phase 18.177ms
[0.594s][info][gc,phases,start] GC(25) Post Compact
[0.594s][info][gc,phases      ] GC(25) Post Compact 0.222ms
[0.594s][info][gc,heap        ] GC(25) PSYoungGen: 11808K(28672K)->7147K(28672K) Eden: 0K(11776K)->0K(11776K) From: 11808K(16896K)->7147K(16896K)
[0.594s][info][gc,heap        ] GC(25) ParOldGen: 53025K(57856K)->57471K(77824K)
[0.594s][info][gc,metaspace   ] GC(25) Metaspace: 6301K(6464K)->6301K(6464K) NonClass: 5768K(5824K)->5768K(5824K) Class: 533K(640K)->533K(640K)
[0.594s][info][gc             ] GC(25) Pause Full (Ergonomics) 63M->63M(104M) 44.719ms
[0.594s][info][gc,cpu         ] GC(25) User=0.06s Sys=0.00s Real=0.05s
[0.607s][info][gc,start       ] GC(26) Pause Young (Allocation Failure)
[0.625s][info][gc,heap        ] GC(26) PSYoungGen: 18923K(28672K)->11808K(31232K) Eden: 11776K(11776K)->0K(13312K) From: 7147K(16896K)->11808K(17920K)
[0.625s][info][gc,heap        ] GC(26) ParOldGen: 57471K(77824K)->64743K(77824K)
[0.625s][info][gc,metaspace   ] GC(26) Metaspace: 6301K(6464K)->6301K(6464K) NonClass: 5768K(5824K)->5768K(5824K) Class: 533K(640K)->533K(640K)
[0.625s][info][gc             ] GC(26) Pause Young (Allocation Failure) 74M->74M(106M) 17.618ms
[0.625s][info][gc,cpu         ] GC(26) User=0.02s Sys=0.02s Real=0.02s
[0.639s][info][gc,start       ] GC(27) Pause Young (Allocation Failure)
[0.655s][info][gc,heap        ] GC(27) PSYoungGen: 24289K(31232K)->18944K(32256K) Eden: 12481K(13312K)->0K(13312K) From: 11808K(17920K)->18944K(18944K)
[0.655s][info][gc,heap        ] GC(27) ParOldGen: 64743K(77824K)->70039K(77824K)
[0.655s][info][gc,metaspace   ] GC(27) Metaspace: 6301K(6464K)->6301K(6464K) NonClass: 5768K(5824K)->5768K(5824K) Class: 533K(640K)->533K(640K)
[0.655s][info][gc             ] GC(27) Pause Young (Allocation Failure) 86M->86M(107M) 16.934ms
[0.655s][info][gc,cpu         ] GC(27) User=0.00s Sys=0.02s Real=0.02s
[0.656s][info][gc,start       ] GC(28) Pause Full (Ergonomics)
[0.656s][info][gc,phases,start] GC(28) Marking Phase
[0.691s][info][gc,phases      ] GC(28) Marking Phase 35.001ms
[0.691s][info][gc,phases,start] GC(28) Summary Phase
[0.691s][info][gc,phases      ] GC(28) Summary Phase 0.017ms
[0.691s][info][gc,phases,start] GC(28) Adjust Roots
[0.691s][info][gc,phases      ] GC(28) Adjust Roots 0.200ms
[0.691s][info][gc,phases,start] GC(28) Compaction Phase
[0.712s][info][gc,phases      ] GC(28) Compaction Phase 21.043ms
[0.712s][info][gc,phases,start] GC(28) Post Compact
[0.712s][info][gc,phases      ] GC(28) Post Compact 0.382ms
[0.713s][info][gc,heap        ] GC(28) PSYoungGen: 18944K(32256K)->11242K(32256K) Eden: 0K(13312K)->0K(13312K) From: 18944K(18944K)->11242K(18944K)
[0.713s][info][gc,heap        ] GC(28) ParOldGen: 70039K(77824K)->77486K(99328K)
[0.713s][info][gc,metaspace   ] GC(28) Metaspace: 6301K(6464K)->6301K(6464K) NonClass: 5768K(5824K)->5768K(5824K) Class: 533K(640K)->533K(640K)
[0.713s][info][gc             ] GC(28) Pause Full (Ergonomics) 86M->86M(128M) 57.064ms
[0.713s][info][gc,cpu         ] GC(28) User=0.09s Sys=0.00s Real=0.06s
[0.732s][info][gc,start       ] GC(29) Pause Young (Allocation Failure)
[0.749s][info][gc,heap        ] GC(29) PSYoungGen: 24554K(32256K)->13376K(39424K) Eden: 13312K(13312K)->0K(15872K) From: 11242K(18944K)->13376K(23552K)
[0.749s][info][gc,heap        ] GC(29) ParOldGen: 77486K(99328K)->88918K(99328K)
[0.749s][info][gc,metaspace   ] GC(29) Metaspace: 6301K(6464K)->6301K(6464K) NonClass: 5768K(5824K)->5768K(5824K) Class: 533K(640K)->533K(640K)
[0.749s][info][gc             ] GC(29) Pause Young (Allocation Failure) 99M->99M(135M) 17.394ms
[0.749s][info][gc,cpu         ] GC(29) User=0.05s Sys=0.00s Real=0.02s
[0.749s][info][gc,start       ] GC(30) Pause Full (Ergonomics)
[0.749s][info][gc,phases,start] GC(30) Marking Phase
[0.779s][info][gc,phases      ] GC(30) Marking Phase 29.254ms
[0.779s][info][gc,phases,start] GC(30) Summary Phase
[0.779s][info][gc,phases      ] GC(30) Summary Phase 0.015ms
[0.779s][info][gc,phases,start] GC(30) Adjust Roots
[0.779s][info][gc,phases      ] GC(30) Adjust Roots 0.144ms
[0.779s][info][gc,phases,start] GC(30) Compaction Phase
[0.800s][info][gc,phases      ] GC(30) Compaction Phase 21.481ms
[0.800s][info][gc,phases,start] GC(30) Post Compact
[0.801s][info][gc,phases      ] GC(30) Post Compact 0.345ms
[0.801s][info][gc,heap        ] GC(30) PSYoungGen: 13376K(39424K)->1015K(39936K) Eden: 0K(15872K)->0K(16384K) From: 13376K(23552K)->1015K(23552K)
[0.801s][info][gc,heap        ] GC(30) ParOldGen: 88918K(99328K)->98952K(124416K)
[0.801s][info][gc,metaspace   ] GC(30) Metaspace: 6301K(6464K)->6301K(6464K) NonClass: 5768K(5824K)->5768K(5824K) Class: 533K(640K)->533K(640K)
[0.801s][info][gc             ] GC(30) Pause Full (Ergonomics) 99M->97M(160M) 51.627ms
[0.801s][info][gc,cpu         ] GC(30) User=0.05s Sys=0.00s Real=0.05s
[0.816s][info][gc,start       ] GC(31) Pause Young (Allocation Failure)
[0.831s][info][gc,heap        ] GC(31) PSYoungGen: 17399K(39936K)->17440K(40448K) Eden: 16384K(16384K)->0K(16384K) From: 1015K(23552K)->17440K(24064K)
[0.831s][info][gc,heap        ] GC(31) ParOldGen: 98952K(124416K)->98952K(124416K)
[0.831s][info][gc,metaspace   ] GC(31) Metaspace: 6301K(6464K)->6301K(6464K) NonClass: 5768K(5824K)->5768K(5824K) Class: 533K(640K)->533K(640K)
[0.831s][info][gc             ] GC(31) Pause Young (Allocation Failure) 113M->113M(161M) 15.097ms
[0.831s][info][gc,cpu         ] GC(31) User=0.00s Sys=0.00s Real=0.02s
[0.847s][info][gc,start       ] GC(32) Pause Young (Allocation Failure)
[0.868s][info][gc,heap        ] GC(32) PSYoungGen: 33824K(40448K)->25600K(37376K) Eden: 16384K(16384K)->0K(11776K) From: 17440K(24064K)->25600K(25600K)
[0.868s][info][gc,heap        ] GC(32) ParOldGen: 98952K(124416K)->107256K(124416K)
[0.868s][info][gc,metaspace   ] GC(32) Metaspace: 6301K(6464K)->6301K(6464K) NonClass: 5768K(5824K)->5768K(5824K) Class: 533K(640K)->533K(640K)
[0.868s][info][gc             ] GC(32) Pause Young (Allocation Failure) 129M->129M(158M) 20.197ms
[0.868s][info][gc,cpu         ] GC(32) User=0.00s Sys=0.03s Real=0.02s
[0.880s][info][gc,start       ] GC(33) Pause Young (Allocation Failure)
[0.901s][info][gc,heap        ] GC(33) PSYoungGen: 37376K(37376K)->24896K(44544K) Eden: 11776K(11776K)->0K(11776K) From: 25600K(25600K)->24896K(32768K)
[0.901s][info][gc,heap        ] GC(33) ParOldGen: 107256K(124416K)->119936K(124416K)
[0.901s][info][gc,metaspace   ] GC(33) Metaspace: 6301K(6464K)->6301K(6464K) NonClass: 5768K(5824K)->5768K(5824K) Class: 533K(640K)->533K(640K)
[0.901s][info][gc             ] GC(33) Pause Young (Allocation Failure) 141M->141M(165M) 20.280ms
[0.901s][info][gc,cpu         ] GC(33) User=0.02s Sys=0.03s Real=0.02s
[0.901s][info][gc,start       ] GC(34) Pause Full (Ergonomics)
[0.901s][info][gc,phases,start] GC(34) Marking Phase
[0.941s][info][gc,phases      ] GC(34) Marking Phase 40.173ms
[0.941s][info][gc,phases,start] GC(34) Summary Phase
[0.941s][info][gc,phases      ] GC(34) Summary Phase 0.020ms
[0.941s][info][gc,phases,start] GC(34) Adjust Roots
[0.941s][info][gc,phases      ] GC(34) Adjust Roots 0.150ms
[0.941s][info][gc,phases,start] GC(34) Compaction Phase
[0.966s][info][gc,phases      ] GC(34) Compaction Phase 25.044ms
[0.966s][info][gc,phases,start] GC(34) Post Compact
[0.967s][info][gc,phases      ] GC(34) Post Compact 0.591ms
[0.967s][info][gc,heap        ] GC(34) PSYoungGen: 24896K(44544K)->20215K(44544K) Eden: 0K(11776K)->0K(11776K) From: 24896K(32768K)->20215K(32768K)
[0.967s][info][gc,heap        ] GC(34) ParOldGen: 119936K(124416K)->124204K(153600K)
[0.967s][info][gc,metaspace   ] GC(34) Metaspace: 6301K(6464K)->6301K(6464K) NonClass: 5768K(5824K)->5768K(5824K) Class: 533K(640K)->533K(640K)
[0.967s][info][gc             ] GC(34) Pause Full (Ergonomics) 141M->141M(193M) 66.489ms
[0.967s][info][gc,cpu         ] GC(34) User=0.17s Sys=0.02s Real=0.07s
[0.980s][info][gc,start       ] GC(35) Pause Young (Allocation Failure)
[1.002s][info][gc,heap        ] GC(35) PSYoungGen: 31991K(44544K)->32064K(44544K) Eden: 11776K(11776K)->0K(9216K) From: 20215K(32768K)->32064K(35328K)
[1.002s][info][gc,heap        ] GC(35) ParOldGen: 124204K(153600K)->124204K(153600K)
[1.002s][info][gc,metaspace   ] GC(35) Metaspace: 6301K(6464K)->6301K(6464K) NonClass: 5768K(5824K)->5768K(5824K) Class: 533K(640K)->533K(640K)
[1.002s][info][gc             ] GC(35) Pause Young (Allocation Failure) 152M->152M(193M) 22.526ms
[1.002s][info][gc,cpu         ] GC(35) User=0.05s Sys=0.02s Real=0.02s
[1.011s][info][gc,start       ] GC(36) Pause Young (Allocation Failure)
[1.032s][info][gc,heap        ] GC(36) PSYoungGen: 41280K(44544K)->39936K(49152K) Eden: 9216K(9216K)->0K(9216K) From: 32064K(35328K)->39936K(39936K)
[1.032s][info][gc,heap        ] GC(36) ParOldGen: 124204K(153600K)->125532K(153600K)
[1.032s][info][gc,metaspace   ] GC(36) Metaspace: 6301K(6464K)->6301K(6464K) NonClass: 5768K(5824K)->5768K(5824K) Class: 533K(640K)->533K(640K)
[1.032s][info][gc             ] GC(36) Pause Young (Allocation Failure) 161M->161M(198M) 21.057ms
[1.032s][info][gc,cpu         ] GC(36) User=0.03s Sys=0.00s Real=0.02s
[1.041s][info][gc,start       ] GC(37) Pause Young (Allocation Failure)
[1.067s][info][gc,heap        ] GC(37) PSYoungGen: 49152K(49152K)->29376K(56320K) Eden: 9216K(9216K)->0K(9216K) From: 39936K(39936K)->29376K(47104K)
[1.067s][info][gc,heap        ] GC(37) ParOldGen: 125532K(153600K)->145668K(153600K)
[1.067s][info][gc,metaspace   ] GC(37) Metaspace: 6301K(6464K)->6301K(6464K) NonClass: 5768K(5824K)->5768K(5824K) Class: 533K(640K)->533K(640K)
[1.067s][info][gc             ] GC(37) Pause Young (Allocation Failure) 170M->170M(205M) 25.330ms
[1.067s][info][gc,cpu         ] GC(37) User=0.11s Sys=0.00s Real=0.03s
[1.067s][info][gc,start       ] GC(38) Pause Full (Ergonomics)
[1.067s][info][gc,phases,start] GC(38) Marking Phase
[1.110s][info][gc,phases      ] GC(38) Marking Phase 43.297ms
[1.110s][info][gc,phases,start] GC(38) Summary Phase
[1.110s][info][gc,phases      ] GC(38) Summary Phase 0.018ms
[1.110s][info][gc,phases,start] GC(38) Adjust Roots
[1.110s][info][gc,phases      ] GC(38) Adjust Roots 0.169ms
[1.110s][info][gc,phases,start] GC(38) Compaction Phase
[1.136s][info][gc,phases      ] GC(38) Compaction Phase 25.991ms
[1.136s][info][gc,phases,start] GC(38) Post Compact
[1.137s][info][gc,phases      ] GC(38) Post Compact 0.733ms
[1.137s][info][gc,heap        ] GC(38) PSYoungGen: 29376K(56320K)->21045K(56320K) Eden: 0K(9216K)->0K(9216K) From: 29376K(47104K)->21045K(47104K)
[1.137s][info][gc,heap        ] GC(38) ParOldGen: 145668K(153600K)->153494K(188416K)
[1.137s][info][gc,metaspace   ] GC(38) Metaspace: 6301K(6464K)->6301K(6464K) NonClass: 5768K(5824K)->5768K(5824K) Class: 533K(640K)->533K(640K)
[1.137s][info][gc             ] GC(38) Pause Full (Ergonomics) 170M->170M(239M) 70.677ms
[1.137s][info][gc,cpu         ] GC(38) User=0.16s Sys=0.00s Real=0.07s
[1.172s][info][gc,start       ] GC(39) Pause Young (Allocation Failure)
[1.194s][info][gc,heap        ] GC(39) PSYoungGen: 30261K(56320K)->16192K(25600K) Eden: 9216K(9216K)->0K(9216K) From: 21045K(47104K)->16192K(16384K)
[1.194s][info][gc,heap        ] GC(39) ParOldGen: 161686K(188416K)->176078K(188416K)
[1.194s][info][gc,metaspace   ] GC(39) Metaspace: 6301K(6464K)->6301K(6464K) NonClass: 5768K(5824K)->5768K(5824K) Class: 533K(640K)->533K(640K)
[1.194s][info][gc             ] GC(39) Pause Young (Allocation Failure) 187M->187M(209M) 22.842ms
[1.194s][info][gc,cpu         ] GC(39) User=0.03s Sys=0.00s Real=0.02s
[1.194s][info][gc,start       ] GC(40) Pause Full (Ergonomics)
[1.194s][info][gc,phases,start] GC(40) Marking Phase
[1.244s][info][gc,phases      ] GC(40) Marking Phase 49.197ms
[1.244s][info][gc,phases,start] GC(40) Summary Phase
[1.244s][info][gc,phases      ] GC(40) Summary Phase 0.020ms
[1.244s][info][gc,phases,start] GC(40) Adjust Roots
[1.244s][info][gc,phases      ] GC(40) Adjust Roots 0.153ms
[1.244s][info][gc,phases,start] GC(40) Compaction Phase
[1.279s][info][gc,phases      ] GC(40) Compaction Phase 35.362ms
[1.279s][info][gc,phases,start] GC(40) Post Compact
[1.280s][info][gc,phases      ] GC(40) Post Compact 0.767ms
[1.280s][info][gc,heap        ] GC(40) PSYoungGen: 16192K(25600K)->0K(56832K) Eden: 0K(9216K)->0K(10752K) From: 16192K(16384K)->0K(46080K)
[1.280s][info][gc,heap        ] GC(40) ParOldGen: 176078K(188416K)->187822K(226304K)
[1.281s][info][gc,metaspace   ] GC(40) Metaspace: 6301K(6464K)->6301K(6464K) NonClass: 5768K(5824K)->5768K(5824K) Class: 533K(640K)->533K(640K)
[1.281s][info][gc             ] GC(40) Pause Full (Ergonomics) 187M->183M(276M) 86.120ms
[1.281s][info][gc,cpu         ] GC(40) User=0.30s Sys=0.00s Real=0.09s
[1.292s][info][gc,start       ] GC(41) Pause Young (Allocation Failure)
[1.299s][info][gc,heap        ] GC(41) PSYoungGen: 10752K(56832K)->10880K(56832K) Eden: 10752K(10752K)->0K(10752K) From: 0K(46080K)->10880K(46080K)
[1.299s][info][gc,heap        ] GC(41) ParOldGen: 187822K(226304K)->187822K(226304K)
[1.299s][info][gc,metaspace   ] GC(41) Metaspace: 6301K(6464K)->6301K(6464K) NonClass: 5768K(5824K)->5768K(5824K) Class: 533K(640K)->533K(640K)
[1.299s][info][gc             ] GC(41) Pause Young (Allocation Failure) 193M->194M(276M) 6.543ms
[1.299s][info][gc,cpu         ] GC(41) User=0.00s Sys=0.00s Real=0.01s
[1.310s][info][gc,start       ] GC(42) Pause Young (Allocation Failure)
[1.321s][info][gc,heap        ] GC(42) PSYoungGen: 21632K(56832K)->21568K(55808K) Eden: 10752K(10752K)->0K(12800K) From: 10880K(46080K)->21568K(43008K)
[1.321s][info][gc,heap        ] GC(42) ParOldGen: 187822K(226304K)->187822K(226304K)
[1.321s][info][gc,metaspace   ] GC(42) Metaspace: 6301K(6464K)->6301K(6464K) NonClass: 5768K(5824K)->5768K(5824K) Class: 533K(640K)->533K(640K)
[1.321s][info][gc             ] GC(42) Pause Young (Allocation Failure) 204M->204M(275M) 11.058ms
[1.321s][info][gc,cpu         ] GC(42) User=0.00s Sys=0.00s Real=0.01s
[1.335s][info][gc,start       ] GC(43) Pause Young (Allocation Failure)
[1.352s][info][gc,heap        ] GC(43) PSYoungGen: 34368K(55808K)->34400K(56320K) Eden: 12800K(12800K)->0K(12800K) From: 21568K(43008K)->34400K(43520K)
[1.352s][info][gc,heap        ] GC(43) ParOldGen: 187822K(226304K)->187822K(226304K)
[1.352s][info][gc,metaspace   ] GC(43) Metaspace: 6301K(6464K)->6301K(6464K) NonClass: 5768K(5824K)->5768K(5824K) Class: 533K(640K)->533K(640K)
[1.352s][info][gc             ] GC(43) Pause Young (Allocation Failure) 216M->217M(276M) 16.431ms
[1.352s][info][gc,cpu         ] GC(43) User=0.03s Sys=0.00s Real=0.02s
[1.367s][info][gc,start       ] GC(44) Pause Young (Allocation Failure)
[1.389s][info][gc,heap        ] GC(44) PSYoungGen: 47200K(56320K)->46592K(53760K) Eden: 12800K(12800K)->0K(7168K) From: 34400K(43520K)->46592K(46592K)
[1.389s][info][gc,heap        ] GC(44) ParOldGen: 187822K(226304K)->188334K(226304K)
[1.389s][info][gc,metaspace   ] GC(44) Metaspace: 6301K(6464K)->6301K(6464K) NonClass: 5768K(5824K)->5768K(5824K) Class: 533K(640K)->533K(640K)
[1.389s][info][gc             ] GC(44) Pause Young (Allocation Failure) 229M->229M(273M) 22.455ms
[1.389s][info][gc,cpu         ] GC(44) User=0.09s Sys=0.00s Real=0.02s
[1.398s][info][gc,start       ] GC(45) Pause Young (Allocation Failure)
[1.422s][info][gc,heap        ] GC(45) PSYoungGen: 53760K(53760K)->43168K(61440K) Eden: 7168K(7168K)->0K(7168K) From: 46592K(46592K)->43168K(54272K)
[1.422s][info][gc,heap        ] GC(45) ParOldGen: 188334K(226304K)->199174K(226304K)
[1.422s][info][gc,metaspace   ] GC(45) Metaspace: 6301K(6464K)->6301K(6464K) NonClass: 5768K(5824K)->5768K(5824K) Class: 533K(640K)->533K(640K)
[1.422s][info][gc             ] GC(45) Pause Young (Allocation Failure) 236M->236M(281M) 24.147ms
[1.422s][info][gc,cpu         ] GC(45) User=0.09s Sys=0.00s Real=0.03s
[1.431s][info][gc,start       ] GC(46) Pause Young (Allocation Failure)
[1.455s][info][gc,heap        ] GC(46) PSYoungGen: 50336K(61440K)->39616K(64512K) Eden: 7168K(7168K)->0K(6144K) From: 43168K(54272K)->39616K(58368K)
[1.455s][info][gc,heap        ] GC(46) ParOldGen: 199174K(226304K)->210038K(226304K)
[1.455s][info][gc,metaspace   ] GC(46) Metaspace: 6301K(6464K)->6301K(6464K) NonClass: 5768K(5824K)->5768K(5824K) Class: 533K(640K)->533K(640K)
[1.455s][info][gc             ] GC(46) Pause Young (Allocation Failure) 243M->243M(284M) 23.795ms
[1.455s][info][gc,cpu         ] GC(46) User=0.08s Sys=0.03s Real=0.02s
[1.455s][info][gc,start       ] GC(47) Pause Full (Ergonomics)
[1.455s][info][gc,phases,start] GC(47) Marking Phase
[1.517s][info][gc,phases      ] GC(47) Marking Phase 62.493ms
[1.517s][info][gc,phases,start] GC(47) Summary Phase
[1.517s][info][gc,phases      ] GC(47) Summary Phase 0.018ms
[1.517s][info][gc,phases,start] GC(47) Adjust Roots
[1.518s][info][gc,phases      ] GC(47) Adjust Roots 0.150ms
[1.518s][info][gc,phases,start] GC(47) Compaction Phase
[1.547s][info][gc,phases      ] GC(47) Compaction Phase 29.787ms
[1.548s][info][gc,phases,start] GC(47) Post Compact
[1.549s][info][gc,phases      ] GC(47) Post Compact 1.306ms
[1.549s][info][gc,heap        ] GC(47) PSYoungGen: 39616K(64512K)->23053K(64512K) Eden: 0K(6144K)->0K(6144K) From: 39616K(58368K)->23053K(58368K)
[1.549s][info][gc,heap        ] GC(47) ParOldGen: 210038K(226304K)->226017K(265728K)
[1.549s][info][gc,metaspace   ] GC(47) Metaspace: 6301K(6464K)->6301K(6464K) NonClass: 5768K(5824K)->5768K(5824K) Class: 533K(640K)->533K(640K)
[1.549s][info][gc             ] GC(47) Pause Full (Ergonomics) 243M->243M(322M) 94.351ms
[1.549s][info][gc,cpu         ] GC(47) User=0.38s Sys=0.03s Real=0.09s
[1.556s][info][gc,start       ] GC(48) Pause Young (Allocation Failure)
[1.581s][info][gc,heap        ] GC(48) PSYoungGen: 29197K(64512K)->14752K(20992K) Eden: 6144K(6144K)->0K(6144K) From: 23053K(58368K)->14752K(14848K)
[1.581s][info][gc,heap        ] GC(48) ParOldGen: 226017K(265728K)->240833K(265728K)
[1.581s][info][gc,metaspace   ] GC(48) Metaspace: 6301K(6464K)->6301K(6464K) NonClass: 5768K(5824K)->5768K(5824K) Class: 533K(640K)->533K(640K)
[1.581s][info][gc             ] GC(48) Pause Young (Allocation Failure) 249M->249M(280M) 24.331ms
[1.581s][info][gc,cpu         ] GC(48) User=0.14s Sys=0.00s Real=0.02s
[1.588s][info][gc,start       ] GC(49) Pause Young (Allocation Failure)
[1.599s][info][gc,heap        ] GC(49) PSYoungGen: 20896K(20992K)->16576K(62464K) Eden: 6144K(6144K)->0K(7168K) From: 14752K(14848K)->16576K(55296K)
[1.599s][info][gc,heap        ] GC(49) ParOldGen: 240833K(265728K)->245169K(265728K)
[1.599s][info][gc,metaspace   ] GC(49) Metaspace: 6301K(6464K)->6301K(6464K) NonClass: 5768K(5824K)->5768K(5824K) Class: 533K(640K)->533K(640K)
[1.599s][info][gc             ] GC(49) Pause Young (Allocation Failure) 255M->255M(320M) 11.457ms
[1.599s][info][gc,cpu         ] GC(49) User=0.02s Sys=0.00s Real=0.01s
[1.599s][info][gc,start       ] GC(50) Pause Full (Ergonomics)
[1.599s][info][gc,phases,start] GC(50) Marking Phase
[1.662s][info][gc,phases      ] GC(50) Marking Phase 62.998ms
[1.662s][info][gc,phases,start] GC(50) Summary Phase
[1.663s][info][gc,phases      ] GC(50) Summary Phase 0.020ms
[1.663s][info][gc,phases,start] GC(50) Adjust Roots
[1.663s][info][gc,phases      ] GC(50) Adjust Roots 0.146ms
[1.663s][info][gc,phases,start] GC(50) Compaction Phase
[1.688s][info][gc,phases      ] GC(50) Compaction Phase 25.294ms
[1.688s][info][gc,phases,start] GC(50) Post Compact
[1.689s][info][gc,phases      ] GC(50) Post Compact 1.385ms
[1.690s][info][gc,heap        ] GC(50) PSYoungGen: 16576K(62464K)->0K(64512K) Eden: 0K(7168K)->0K(7168K) From: 16576K(55296K)->0K(57344K)
[1.690s][info][gc,heap        ] GC(50) ParOldGen: 245169K(265728K)->261293K(303616K)
[1.690s][info][gc,metaspace   ] GC(50) Metaspace: 6301K(6464K)->6301K(6464K) NonClass: 5768K(5824K)->5768K(5824K) Class: 533K(640K)->533K(640K)
[1.690s][info][gc             ] GC(50) Pause Full (Ergonomics) 255M->255M(359M) 90.427ms
[1.690s][info][gc,cpu         ] GC(50) User=0.42s Sys=0.02s Real=0.09s
[1.698s][info][gc,start       ] GC(51) Pause Young (Allocation Failure)
[1.703s][info][gc,heap        ] GC(51) PSYoungGen: 7168K(64512K)->7296K(64000K) Eden: 7168K(7168K)->0K(8192K) From: 0K(57344K)->7296K(55808K)
[1.703s][info][gc,heap        ] GC(51) ParOldGen: 261293K(303616K)->261293K(303616K)
[1.703s][info][gc,metaspace   ] GC(51) Metaspace: 6301K(6464K)->6301K(6464K) NonClass: 5768K(5824K)->5768K(5824K) Class: 533K(640K)->533K(640K)
[1.703s][info][gc             ] GC(51) Pause Young (Allocation Failure) 262M->262M(359M) 4.876ms
[1.703s][info][gc,cpu         ] GC(51) User=0.00s Sys=0.00s Real=0.00s
[1.712s][info][gc,start       ] GC(52) Pause Young (Allocation Failure)
[1.720s][info][gc,heap        ] GC(52) PSYoungGen: 15488K(64000K)->15456K(24064K) Eden: 8192K(8192K)->0K(8192K) From: 7296K(55808K)->15456K(15872K)
[1.721s][info][gc,heap        ] GC(52) ParOldGen: 261293K(303616K)->261293K(303616K)
[1.721s][info][gc,metaspace   ] GC(52) Metaspace: 6301K(6464K)->6301K(6464K) NonClass: 5768K(5824K)->5768K(5824K) Class: 533K(640K)->533K(640K)
[1.721s][info][gc             ] GC(52) Pause Young (Allocation Failure) 270M->270M(320M) 8.275ms
[1.721s][info][gc,cpu         ] GC(52) User=0.02s Sys=0.00s Real=0.01s
[1.730s][info][gc,start       ] GC(53) Pause Young (Allocation Failure)
[1.742s][info][gc,heap        ] GC(53) PSYoungGen: 23648K(24064K)->23616K(58880K) Eden: 8192K(8192K)->0K(9216K) From: 15456K(15872K)->23616K(49664K)
[1.742s][info][gc,heap        ] GC(53) ParOldGen: 261293K(303616K)->261293K(303616K)
[1.742s][info][gc,metaspace   ] GC(53) Metaspace: 6301K(6464K)->6301K(6464K) NonClass: 5768K(5824K)->5768K(5824K) Class: 533K(640K)->533K(640K)
[1.742s][info][gc             ] GC(53) Pause Young (Allocation Failure) 278M->278M(354M) 12.073ms
[1.742s][info][gc,cpu         ] GC(53) User=0.00s Sys=0.00s Real=0.01s
[1.752s][info][gc,start       ] GC(54) Pause Young (Allocation Failure)
[1.768s][info][gc,heap        ] GC(54) PSYoungGen: 32832K(58880K)->32864K(61440K) Eden: 9216K(9216K)->0K(9216K) From: 23616K(49664K)->32864K(52224K)
[1.768s][info][gc,heap        ] GC(54) ParOldGen: 261293K(303616K)->261293K(303616K)
[1.768s][info][gc,metaspace   ] GC(54) Metaspace: 6301K(6464K)->6301K(6464K) NonClass: 5768K(5824K)->5768K(5824K) Class: 533K(640K)->533K(640K)
[1.768s][info][gc             ] GC(54) Pause Young (Allocation Failure) 287M->287M(356M) 15.666ms
[1.768s][info][gc,cpu         ] GC(54) User=0.02s Sys=0.00s Real=0.02s
[1.778s][info][gc,start       ] GC(55) Pause Young (Allocation Failure)
[1.798s][info][gc,heap        ] GC(55) PSYoungGen: 42080K(61440K)->42016K(59904K) Eden: 9216K(9216K)->0K(6656K) From: 32864K(52224K)->42016K(53248K)
[1.798s][info][gc,heap        ] GC(55) ParOldGen: 261293K(303616K)->261293K(303616K)
[1.798s][info][gc,metaspace   ] GC(55) Metaspace: 6301K(6464K)->6301K(6464K) NonClass: 5768K(5824K)->5768K(5824K) Class: 533K(640K)->533K(640K)
[1.798s][info][gc             ] GC(55) Pause Young (Allocation Failure) 296M->296M(355M) 19.499ms
[1.798s][info][gc,cpu         ] GC(55) User=0.12s Sys=0.00s Real=0.02s
[1.805s][info][gc,start       ] GC(56) Pause Young (Allocation Failure)
[1.828s][info][gc,heap        ] GC(56) PSYoungGen: 48672K(59904K)->41472K(64000K) Eden: 6656K(6656K)->0K(6656K) From: 42016K(53248K)->41472K(57344K)
[1.828s][info][gc,heap        ] GC(56) ParOldGen: 261293K(303616K)->268565K(303616K)
[1.828s][info][gc,metaspace   ] GC(56) Metaspace: 6301K(6464K)->6301K(6464K) NonClass: 5768K(5824K)->5768K(5824K) Class: 533K(640K)->533K(640K)
[1.828s][info][gc             ] GC(56) Pause Young (Allocation Failure) 302M->302M(359M) 22.748ms
[1.828s][info][gc,cpu         ] GC(56) User=0.14s Sys=0.00s Real=0.02s
[1.836s][info][gc,start       ] GC(57) Pause Young (Allocation Failure)
[1.859s][info][gc,heap        ] GC(57) PSYoungGen: 48128K(64000K)->31808K(65536K) Eden: 6656K(6656K)->0K(7680K) From: 41472K(57344K)->31808K(57856K)
[1.860s][info][gc,heap        ] GC(57) ParOldGen: 268565K(303616K)->285141K(303616K)
[1.860s][info][gc,metaspace   ] GC(57) Metaspace: 6301K(6464K)->6301K(6464K) NonClass: 5768K(5824K)->5768K(5824K) Class: 533K(640K)->533K(640K)
[1.860s][info][gc             ] GC(57) Pause Young (Allocation Failure) 309M->309M(360M) 23.275ms
[1.860s][info][gc,cpu         ] GC(57) User=0.12s Sys=0.00s Real=0.02s
[1.860s][info][gc,start       ] GC(58) Pause Full (Ergonomics)
[1.860s][info][gc,phases,start] GC(58) Marking Phase
[1.931s][info][gc,phases      ] GC(58) Marking Phase 71.435ms
[1.931s][info][gc,phases,start] GC(58) Summary Phase
[1.931s][info][gc,phases      ] GC(58) Summary Phase 0.021ms
[1.931s][info][gc,phases,start] GC(58) Adjust Roots
[1.931s][info][gc,phases      ] GC(58) Adjust Roots 0.155ms
[1.931s][info][gc,phases,start] GC(58) Compaction Phase
[1.962s][info][gc,phases      ] GC(58) Compaction Phase 31.044ms
[1.963s][info][gc,phases,start] GC(58) Post Compact
[1.964s][info][gc,phases      ] GC(58) Post Compact 1.528ms
[1.964s][info][gc,heap        ] GC(58) PSYoungGen: 31808K(65536K)->13218K(66560K) Eden: 0K(7680K)->0K(8704K) From: 31808K(57856K)->13218K(57856K)
[1.964s][info][gc,heap        ] GC(58) ParOldGen: 285141K(303616K)->303148K(348672K)
[1.964s][info][gc,metaspace   ] GC(58) Metaspace: 6301K(6464K)->6301K(6464K) NonClass: 5768K(5824K)->5768K(5824K) Class: 533K(640K)->533K(640K)
[1.964s][info][gc             ] GC(58) Pause Full (Ergonomics) 309M->308M(405M) 104.685ms
[1.964s][info][gc,cpu         ] GC(58) User=0.64s Sys=0.00s Real=0.11s
[1.974s][info][gc,start       ] GC(59) Pause Young (Allocation Failure)
[1.998s][info][gc,heap        ] GC(59) PSYoungGen: 21922K(66560K)->14496K(67584K) Eden: 8704K(8704K)->0K(8704K) From: 13218K(57856K)->14496K(58880K)
[1.998s][info][gc,heap        ] GC(59) ParOldGen: 303148K(348672K)->310820K(348672K)
[1.998s][info][gc,metaspace   ] GC(59) Metaspace: 6301K(6464K)->6301K(6464K) NonClass: 5768K(5824K)->5768K(5824K) Class: 533K(640K)->533K(640K)
[1.998s][info][gc             ] GC(59) Pause Young (Allocation Failure) 317M->317M(406M) 23.675ms
[1.998s][info][gc,cpu         ] GC(59) User=0.14s Sys=0.00s Real=0.02s
[2.008s][info][gc,start       ] GC(60) Pause Young (Allocation Failure)
[2.020s][info][gc,heap        ] GC(60) PSYoungGen: 23200K(67584K)->20608K(62976K) Eden: 8704K(8704K)->0K(10240K) From: 14496K(58880K)->20608K(52736K)
[2.020s][info][gc,heap        ] GC(60) ParOldGen: 310820K(348672K)->313444K(348672K)
[2.020s][info][gc,metaspace   ] GC(60) Metaspace: 6301K(6464K)->6301K(6464K) NonClass: 5768K(5824K)->5768K(5824K) Class: 533K(640K)->533K(640K)
[2.020s][info][gc             ] GC(60) Pause Young (Allocation Failure) 326M->326M(402M) 12.148ms
[2.020s][info][gc,cpu         ] GC(60) User=0.02s Sys=0.00s Real=0.01s
[2.031s][info][gc,start       ] GC(61) Pause Young (Allocation Failure)
[2.047s][info][gc,heap        ] GC(61) PSYoungGen: 30848K(62976K)->27712K(38400K) Eden: 10240K(10240K)->0K(10240K) From: 20608K(52736K)->27712K(28160K)
[2.047s][info][gc,heap        ] GC(61) ParOldGen: 313444K(348672K)->316636K(348672K)
[2.047s][info][gc,metaspace   ] GC(61) Metaspace: 6301K(6464K)->6301K(6464K) NonClass: 5768K(5824K)->5768K(5824K) Class: 533K(640K)->533K(640K)
[2.047s][info][gc             ] GC(61) Pause Young (Allocation Failure) 336M->336M(378M) 15.710ms
[2.047s][info][gc,cpu         ] GC(61) User=0.00s Sys=0.00s Real=0.02s
[2.119s][info][gc,start       ] GC(62) Pause Full (Ergonomics)
[2.119s][info][gc,phases,start] GC(62) Marking Phase
[2.199s][info][gc,phases      ] GC(62) Marking Phase 79.951ms
[2.199s][info][gc,phases,start] GC(62) Summary Phase
[2.199s][info][gc,phases      ] GC(62) Summary Phase 0.019ms
[2.199s][info][gc,phases,start] GC(62) Adjust Roots
[2.200s][info][gc,phases      ] GC(62) Adjust Roots 0.155ms
[2.200s][info][gc,phases,start] GC(62) Compaction Phase
[2.264s][info][gc,phases      ] GC(62) Compaction Phase 64.484ms
[2.264s][info][gc,phases,start] GC(62) Post Compact
[2.266s][info][gc,phases      ] GC(62) Post Compact 1.899ms
[2.266s][info][gc,heap        ] GC(62) PSYoungGen: 37952K(38400K)->13747K(38400K) Eden: 10240K(10240K)->0K(10240K) From: 27712K(28160K)->13747K(28160K)
[2.266s][info][gc,heap        ] GC(62) ParOldGen: 333020K(348672K)->348566K(393728K)
[2.266s][info][gc,metaspace   ] GC(62) Metaspace: 6301K(6464K)->6301K(6464K) NonClass: 5768K(5824K)->5768K(5824K) Class: 533K(640K)->533K(640K)
[2.266s][info][gc             ] GC(62) Pause Full (Ergonomics) 362M->353M(422M) 147.063ms
[2.266s][info][gc,cpu         ] GC(62) User=0.91s Sys=0.00s Real=0.15s
[2.277s][info][gc,start       ] GC(63) Pause Young (Allocation Failure)
[2.303s][info][gc,heap        ] GC(63) PSYoungGen: 23987K(38400K)->15296K(62976K) Eden: 10240K(10240K)->0K(11776K) From: 13747K(28160K)->15296K(51200K)
[2.303s][info][gc,heap        ] GC(63) ParOldGen: 348566K(393728K)->357558K(393728K)
[2.303s][info][gc,metaspace   ] GC(63) Metaspace: 6301K(6464K)->6301K(6464K) NonClass: 5768K(5824K)->5768K(5824K) Class: 533K(640K)->533K(640K)
[2.303s][info][gc             ] GC(63) Pause Young (Allocation Failure) 363M->364M(446M) 26.153ms
[2.303s][info][gc,cpu         ] GC(63) User=0.12s Sys=0.00s Real=0.02s
[2.316s][info][gc,start       ] GC(64) Pause Young (Allocation Failure)
[2.330s][info][gc,heap        ] GC(64) PSYoungGen: 27072K(62976K)->27040K(64000K) Eden: 11776K(11776K)->0K(11776K) From: 15296K(51200K)->27040K(52224K)
[2.330s][info][gc,heap        ] GC(64) ParOldGen: 357558K(393728K)->357558K(393728K)
[2.330s][info][gc,metaspace   ] GC(64) Metaspace: 6301K(6464K)->6301K(6464K) NonClass: 5768K(5824K)->5768K(5824K) Class: 533K(640K)->533K(640K)
[2.330s][info][gc             ] GC(64) Pause Young (Allocation Failure) 375M->375M(447M) 13.469ms
[2.330s][info][gc,cpu         ] GC(64) User=0.02s Sys=0.00s Real=0.01s
[2.342s][info][gc,start       ] GC(65) Pause Young (Allocation Failure)
[2.361s][info][gc,heap        ] GC(65) PSYoungGen: 38816K(64000K)->33888K(63488K) Eden: 11776K(11776K)->0K(12800K) From: 27040K(52224K)->33888K(50688K)
[2.361s][info][gc,heap        ] GC(65) ParOldGen: 357558K(393728K)->362526K(393728K)
[2.361s][info][gc,metaspace   ] GC(65) Metaspace: 6301K(6464K)->6301K(6464K) NonClass: 5768K(5824K)->5768K(5824K) Class: 533K(640K)->533K(640K)
[2.361s][info][gc             ] GC(65) Pause Young (Allocation Failure) 387M->387M(446M) 19.294ms
[2.361s][info][gc,cpu         ] GC(65) User=0.12s Sys=0.00s Real=0.02s
[2.375s][info][gc,start       ] GC(66) Pause Young (Allocation Failure)
[2.398s][info][gc,heap        ] GC(66) PSYoungGen: 46688K(63488K)->36480K(64000K) Eden: 12800K(12800K)->0K(12800K) From: 33888K(50688K)->36480K(51200K)
[2.398s][info][gc,heap        ] GC(66) ParOldGen: 362526K(393728K)->372894K(393728K)
[2.398s][info][gc,metaspace   ] GC(66) Metaspace: 6301K(6464K)->6301K(6464K) NonClass: 5768K(5824K)->5768K(5824K) Class: 533K(640K)->533K(640K)
[2.398s][info][gc             ] GC(66) Pause Young (Allocation Failure) 399M->399M(447M) 22.834ms
[2.398s][info][gc,cpu         ] GC(66) User=0.12s Sys=0.00s Real=0.02s
[2.413s][info][gc,start       ] GC(67) Pause Young (Allocation Failure)
[2.436s][info][gc,heap        ] GC(67) PSYoungGen: 49280K(64000K)->37536K(66048K) Eden: 12800K(12800K)->0K(13312K) From: 36480K(51200K)->37536K(52736K)
[2.436s][info][gc,heap        ] GC(67) ParOldGen: 372894K(393728K)->384822K(393728K)
[2.436s][info][gc,metaspace   ] GC(67) Metaspace: 6301K(6464K)->6301K(6464K) NonClass: 5768K(5824K)->5768K(5824K) Class: 533K(640K)->533K(640K)
[2.436s][info][gc             ] GC(67) Pause Young (Allocation Failure) 412M->412M(449M) 23.822ms
[2.437s][info][gc,cpu         ] GC(67) User=0.14s Sys=0.00s Real=0.02s
[2.437s][info][gc,start       ] GC(68) Pause Full (Ergonomics)
[2.437s][info][gc,phases,start] GC(68) Marking Phase
[2.535s][info][gc,phases      ] GC(68) Marking Phase 98.891ms
[2.536s][info][gc,phases,start] GC(68) Summary Phase
[2.536s][info][gc,phases      ] GC(68) Summary Phase 0.023ms
[2.536s][info][gc,phases,start] GC(68) Adjust Roots
[2.536s][info][gc,phases      ] GC(68) Adjust Roots 0.149ms
[2.536s][info][gc,phases,start] GC(68) Compaction Phase
[2.584s][info][gc,phases      ] GC(68) Compaction Phase 48.205ms
[2.584s][info][gc,phases,start] GC(68) Post Compact
[2.586s][info][gc,phases      ] GC(68) Post Compact 1.936ms
[2.586s][info][gc,heap        ] GC(68) PSYoungGen: 37536K(66048K)->28080K(66048K) Eden: 0K(13312K)->0K(13312K) From: 37536K(52736K)->28080K(52736K)
[2.586s][info][gc,heap        ] GC(68) ParOldGen: 384822K(393728K)->393470K(441856K)
[2.586s][info][gc,metaspace   ] GC(68) Metaspace: 6301K(6464K)->6301K(6464K) NonClass: 5768K(5824K)->5768K(5824K) Class: 533K(640K)->533K(640K)
[2.586s][info][gc             ] GC(68) Pause Full (Ergonomics) 412M->411M(496M) 149.766ms
[2.586s][info][gc,cpu         ] GC(68) User=1.00s Sys=0.00s Real=0.15s
[2.602s][info][gc,start       ] GC(69) Pause Young (Allocation Failure)
[2.636s][info][gc,heap        ] GC(69) PSYoungGen: 41392K(66048K)->23872K(37376K) Eden: 13312K(13312K)->0K(13312K) From: 28080K(52736K)->23872K(24064K)
[2.636s][info][gc,heap        ] GC(69) ParOldGen: 393470K(441856K)->411430K(441856K)
[2.636s][info][gc,metaspace   ] GC(69) Metaspace: 6301K(6464K)->6301K(6464K) NonClass: 5768K(5824K)->5768K(5824K) Class: 533K(640K)->533K(640K)
[2.636s][info][gc             ] GC(69) Pause Young (Allocation Failure) 424M->425M(468M) 34.487ms
[2.636s][info][gc,cpu         ] GC(69) User=0.25s Sys=0.02s Real=0.04s
[2.650s][info][gc,start       ] GC(70) Pause Young (Allocation Failure)
[2.668s][info][gc,heap        ] GC(70) PSYoungGen: 37184K(37376K)->26752K(62976K) Eden: 13312K(13312K)->0K(15360K) From: 23872K(24064K)->26752K(47616K)
[2.668s][info][gc,heap        ] GC(70) ParOldGen: 411430K(441856K)->421966K(441856K)
[2.668s][info][gc,metaspace   ] GC(70) Metaspace: 6301K(6464K)->6301K(6464K) NonClass: 5768K(5824K)->5768K(5824K) Class: 533K(640K)->533K(640K)
[2.669s][info][gc             ] GC(70) Pause Young (Allocation Failure) 438M->438M(493M) 18.857ms
[2.669s][info][gc,cpu         ] GC(70) User=0.09s Sys=0.03s Real=0.02s
[2.669s][info][gc,start       ] GC(71) Pause Full (Ergonomics)
[2.669s][info][gc,phases,start] GC(71) Marking Phase
[2.765s][info][gc,phases      ] GC(71) Marking Phase 95.940ms
[2.765s][info][gc,phases,start] GC(71) Summary Phase
[2.765s][info][gc,phases      ] GC(71) Summary Phase 0.021ms
[2.765s][info][gc,phases,start] GC(71) Adjust Roots
[2.765s][info][gc,phases      ] GC(71) Adjust Roots 0.152ms
[2.765s][info][gc,phases,start] GC(71) Compaction Phase
[2.810s][info][gc,phases      ] GC(71) Compaction Phase 45.641ms
[2.811s][info][gc,phases,start] GC(71) Post Compact
[2.813s][info][gc,phases      ] GC(71) Post Compact 2.141ms
[2.813s][info][gc,heap        ] GC(71) PSYoungGen: 26752K(62976K)->6638K(65024K) Eden: 0K(15360K)->0K(17408K) From: 26752K(47616K)->6638K(47616K)
[2.813s][info][gc,heap        ] GC(71) ParOldGen: 421966K(441856K)->441475K(496640K)
[2.813s][info][gc,metaspace   ] GC(71) Metaspace: 6301K(6464K)->6301K(6464K) NonClass: 5768K(5824K)->5768K(5824K) Class: 533K(640K)->533K(640K)
[2.813s][info][gc             ] GC(71) Pause Full (Ergonomics) 438M->437M(548M) 144.448ms
[2.813s][info][gc,cpu         ] GC(71) User=0.91s Sys=0.00s Real=0.14s
[2.832s][info][gc,start       ] GC(72) Pause Young (Allocation Failure)
[2.862s][info][gc,heap        ] GC(72) PSYoungGen: 24046K(65024K)->21152K(67072K) Eden: 17408K(17408K)->0K(17408K) From: 6638K(47616K)->21152K(49664K)
[2.862s][info][gc,heap        ] GC(72) ParOldGen: 441475K(496640K)->444611K(496640K)
[2.862s][info][gc,metaspace   ] GC(72) Metaspace: 6301K(6464K)->6301K(6464K) NonClass: 5768K(5824K)->5768K(5824K) Class: 533K(640K)->533K(640K)
[2.862s][info][gc             ] GC(72) Pause Young (Allocation Failure) 454M->454M(550M) 29.715ms
[2.862s][info][gc,cpu         ] GC(72) User=0.14s Sys=0.00s Real=0.03s
[2.881s][info][gc,start       ] GC(73) Pause Young (Allocation Failure)
[2.901s][info][gc,heap        ] GC(73) PSYoungGen: 38560K(67072K)->38560K(66048K) Eden: 17408K(17408K)->0K(17408K) From: 21152K(49664K)->38560K(48640K)
[2.901s][info][gc,heap        ] GC(73) ParOldGen: 444611K(496640K)->444611K(496640K)
[2.901s][info][gc,metaspace   ] GC(73) Metaspace: 6301K(6464K)->6301K(6464K) NonClass: 5768K(5824K)->5768K(5824K) Class: 533K(640K)->533K(640K)
[2.901s][info][gc             ] GC(73) Pause Young (Allocation Failure) 471M->471M(549M) 19.981ms
[2.901s][info][gc,cpu         ] GC(73) User=0.12s Sys=0.00s Real=0.02s
[2.920s][info][gc,start       ] GC(74) Pause Young (Allocation Failure)
[2.946s][info][gc,heap        ] GC(74) PSYoungGen: 55968K(66048K)->50688K(68096K) Eden: 17408K(17408K)->0K(17408K) From: 38560K(48640K)->50688K(50688K)
[2.946s][info][gc,heap        ] GC(74) ParOldGen: 444611K(496640K)->449851K(496640K)
[2.946s][info][gc,metaspace   ] GC(74) Metaspace: 6301K(6464K)->6301K(6464K) NonClass: 5768K(5824K)->5768K(5824K) Class: 533K(640K)->533K(640K)
[2.946s][info][gc             ] GC(74) Pause Young (Allocation Failure) 488M->488M(551M) 26.823ms
[2.946s][info][gc,cpu         ] GC(74) User=0.12s Sys=0.00s Real=0.03s
[2.965s][info][gc,start       ] GC(75) Pause Young (Allocation Failure)
[2.998s][info][gc,heap        ] GC(75) PSYoungGen: 68096K(68096K)->49216K(74240K) Eden: 17408K(17408K)->0K(15360K) From: 50688K(50688K)->49216K(58880K)
[2.998s][info][gc,heap        ] GC(75) ParOldGen: 449851K(496640K)->469107K(496640K)
[2.998s][info][gc,metaspace   ] GC(75) Metaspace: 6301K(6464K)->6301K(6464K) NonClass: 5768K(5824K)->5768K(5824K) Class: 533K(640K)->533K(640K)
[2.998s][info][gc             ] GC(75) Pause Young (Allocation Failure) 505M->506M(557M) 33.103ms
[2.998s][info][gc,cpu         ] GC(75) User=0.14s Sys=0.05s Real=0.03s
[3.015s][info][gc,start       ] GC(76) Pause Young (Allocation Failure)
[3.046s][info][gc,heap        ] GC(76) PSYoungGen: 64576K(74240K)->49216K(78336K) Eden: 15360K(15360K)->0K(15360K) From: 49216K(58880K)->49216K(62976K)
[3.046s][info][gc,heap        ] GC(76) ParOldGen: 469107K(496640K)->484643K(496640K)
[3.046s][info][gc,metaspace   ] GC(76) Metaspace: 6301K(6464K)->6301K(6464K) NonClass: 5768K(5824K)->5768K(5824K) Class: 533K(640K)->533K(640K)
[3.046s][info][gc             ] GC(76) Pause Young (Allocation Failure) 521M->521M(561M) 30.940ms
[3.046s][info][gc,cpu         ] GC(76) User=0.14s Sys=0.00s Real=0.03s
[3.046s][info][gc,start       ] GC(77) Pause Full (Ergonomics)
[3.046s][info][gc,phases,start] GC(77) Marking Phase
[3.168s][info][gc,phases      ] GC(77) Marking Phase 121.776ms
[3.168s][info][gc,phases,start] GC(77) Summary Phase
[3.168s][info][gc,phases      ] GC(77) Summary Phase 0.021ms
[3.168s][info][gc,phases,start] GC(77) Adjust Roots
[3.168s][info][gc,phases      ] GC(77) Adjust Roots 0.153ms
[3.168s][info][gc,phases,start] GC(77) Compaction Phase
[3.220s][info][gc,phases      ] GC(77) Compaction Phase 51.399ms
[3.220s][info][gc,phases,start] GC(77) Post Compact
[3.222s][info][gc,phases      ] GC(77) Post Compact 2.727ms
[3.223s][info][gc,heap        ] GC(77) PSYoungGen: 49216K(78336K)->36744K(78336K) Eden: 0K(15360K)->0K(15360K) From: 49216K(62976K)->36744K(62976K)
[3.223s][info][gc,heap        ] GC(77) ParOldGen: 484643K(496640K)->496201K(557056K)
[3.223s][info][gc,metaspace   ] GC(77) Metaspace: 6301K(6464K)->6301K(6464K) NonClass: 5768K(5824K)->5768K(5824K) Class: 533K(640K)->533K(640K)
[3.223s][info][gc             ] GC(77) Pause Full (Ergonomics) 521M->520M(620M) 176.604ms
[3.223s][info][gc,cpu         ] GC(77) User=1.16s Sys=0.02s Real=0.18s
[3.241s][info][gc,start       ] GC(78) Pause Young (Allocation Failure)
[3.284s][info][gc,heap        ] GC(78) PSYoungGen: 52104K(78336K)->40672K(81408K) Eden: 15360K(15360K)->0K(16896K) From: 36744K(62976K)->40672K(64512K)
[3.284s][info][gc,heap        ] GC(78) ParOldGen: 496201K(557056K)->508009K(557056K)
[3.284s][info][gc,metaspace   ] GC(78) Metaspace: 6301K(6464K)->6301K(6464K) NonClass: 5768K(5824K)->5768K(5824K) Class: 533K(640K)->533K(640K)
[3.284s][info][gc             ] GC(78) Pause Young (Allocation Failure) 535M->535M(623M) 43.434ms
[3.284s][info][gc,cpu         ] GC(78) User=0.27s Sys=0.00s Real=0.04s
[3.303s][info][gc,start       ] GC(79) Pause Young (Allocation Failure)
[3.332s][info][gc,heap        ] GC(79) PSYoungGen: 57568K(81408K)->44352K(82432K) Eden: 16896K(16896K)->0K(16896K) From: 40672K(64512K)->44352K(65536K)
[3.332s][info][gc,heap        ] GC(79) ParOldGen: 508009K(557056K)->521361K(557056K)
[3.332s][info][gc,metaspace   ] GC(79) Metaspace: 6301K(6464K)->6301K(6464K) NonClass: 5768K(5824K)->5768K(5824K) Class: 533K(640K)->533K(640K)
[3.332s][info][gc             ] GC(79) Pause Young (Allocation Failure) 552M->552M(624M) 28.863ms
[3.332s][info][gc,cpu         ] GC(79) User=0.14s Sys=0.00s Real=0.03s
[3.352s][info][gc,start       ] GC(80) Pause Young (Allocation Failure)
[3.383s][info][gc,heap        ] GC(80) PSYoungGen: 61248K(82432K)->49344K(82944K) Eden: 16896K(16896K)->0K(16896K) From: 44352K(65536K)->49344K(66048K)
[3.383s][info][gc,heap        ] GC(80) ParOldGen: 521361K(557056K)->533497K(557056K)
[3.383s][info][gc,metaspace   ] GC(80) Metaspace: 6301K(6464K)->6301K(6464K) NonClass: 5768K(5824K)->5768K(5824K) Class: 533K(640K)->533K(640K)
[3.383s][info][gc             ] GC(80) Pause Young (Allocation Failure) 568M->569M(625M) 31.449ms
[3.383s][info][gc,cpu         ] GC(80) User=0.12s Sys=0.00s Real=0.03s
[3.402s][info][gc,start       ] GC(81) Pause Young (Allocation Failure)
[3.435s][info][gc,heap        ] GC(81) PSYoungGen: 66240K(82944K)->50816K(84992K) Eden: 16896K(16896K)->0K(16896K) From: 49344K(66048K)->50816K(68096K)
[3.435s][info][gc,heap        ] GC(81) ParOldGen: 533497K(557056K)->549081K(557056K)
[3.435s][info][gc,metaspace   ] GC(81) Metaspace: 6301K(6464K)->6301K(6464K) NonClass: 5768K(5824K)->5768K(5824K) Class: 533K(640K)->533K(640K)
[3.435s][info][gc             ] GC(81) Pause Young (Allocation Failure) 585M->585M(627M) 33.493ms
[3.435s][info][gc,cpu         ] GC(81) User=0.14s Sys=0.02s Real=0.03s
[3.435s][info][gc,start       ] GC(82) Pause Full (Ergonomics)
[3.435s][info][gc,phases,start] GC(82) Marking Phase
[3.566s][info][gc,phases      ] GC(82) Marking Phase 130.423ms
[3.566s][info][gc,phases,start] GC(82) Summary Phase
[3.566s][info][gc,phases      ] GC(82) Summary Phase 0.021ms
[3.566s][info][gc,phases,start] GC(82) Adjust Roots
[3.566s][info][gc,phases      ] GC(82) Adjust Roots 0.151ms
[3.566s][info][gc,phases,start] GC(82) Compaction Phase
[3.622s][info][gc,phases      ] GC(82) Compaction Phase 56.366ms
[3.622s][info][gc,phases,start] GC(82) Post Compact
[3.623s][info][gc,phases      ] GC(82) Post Compact 1.018ms
[3.624s][info][gc,heap        ] GC(82) PSYoungGen: 50816K(84992K)->41910K(84992K) Eden: 0K(16896K)->0K(16896K) From: 50816K(68096K)->41910K(68096K)
[3.624s][info][gc,heap        ] GC(82) ParOldGen: 549081K(557056K)->556965K(622592K)
[3.624s][info][gc,metaspace   ] GC(82) Metaspace: 6301K(6464K)->6301K(6464K) NonClass: 5768K(5824K)->5768K(5824K) Class: 533K(640K)->533K(640K)
[3.624s][info][gc             ] GC(82) Pause Full (Ergonomics) 585M->584M(691M) 188.504ms
[3.624s][info][gc,cpu         ] GC(82) User=1.36s Sys=0.00s Real=0.19s
[3.643s][info][gc,start       ] GC(83) Pause Young (Allocation Failure)
[3.693s][info][gc,heap        ] GC(83) PSYoungGen: 58806K(84992K)->31744K(85504K) Eden: 16896K(16896K)->0K(18944K) From: 41910K(68096K)->31744K(66560K)
[3.693s][info][gc,heap        ] GC(83) ParOldGen: 556965K(622592K)->584621K(622592K)
[3.693s][info][gc,metaspace   ] GC(83) Metaspace: 6301K(6464K)->6301K(6464K) NonClass: 5768K(5824K)->5768K(5824K) Class: 533K(640K)->533K(640K)
[3.693s][info][gc             ] GC(83) Pause Young (Allocation Failure) 601M->601M(691M) 49.539ms
[3.693s][info][gc,cpu         ] GC(83) User=0.27s Sys=0.02s Real=0.05s
[3.717s][info][gc,start       ] GC(84) Pause Young (Allocation Failure)
[3.744s][info][gc,heap        ] GC(84) PSYoungGen: 50688K(85504K)->35968K(55296K) Eden: 18944K(18944K)->0K(18944K) From: 31744K(66560K)->35968K(36352K)
[3.744s][info][gc,heap        ] GC(84) ParOldGen: 584621K(622592K)->599485K(622592K)
[3.744s][info][gc,metaspace   ] GC(84) Metaspace: 6301K(6464K)->6301K(6464K) NonClass: 5768K(5824K)->5768K(5824K) Class: 533K(640K)->533K(640K)
[3.744s][info][gc             ] GC(84) Pause Young (Allocation Failure) 620M->620M(662M) 27.338ms
[3.744s][info][gc,cpu         ] GC(84) User=0.12s Sys=0.00s Real=0.03s
[3.744s][info][gc,start       ] GC(85) Pause Full (Ergonomics)
[3.744s][info][gc,phases,start] GC(85) Marking Phase
[3.871s][info][gc,phases      ] GC(85) Marking Phase 127.151ms
[3.872s][info][gc,phases,start] GC(85) Summary Phase
[3.872s][info][gc,phases      ] GC(85) Summary Phase 0.027ms
[3.872s][info][gc,phases,start] GC(85) Adjust Roots
[3.872s][info][gc,phases      ] GC(85) Adjust Roots 0.156ms
[3.872s][info][gc,phases,start] GC(85) Compaction Phase
[3.925s][info][gc,phases      ] GC(85) Compaction Phase 53.506ms
[3.925s][info][gc,phases,start] GC(85) Post Compact
[3.926s][info][gc,phases      ] GC(85) Post Compact 1.024ms
[3.927s][info][gc,heap        ] GC(85) PSYoungGen: 35968K(55296K)->12275K(55296K) Eden: 0K(18944K)->0K(18944K) From: 35968K(36352K)->12275K(36352K)
[3.927s][info][gc,heap        ] GC(85) ParOldGen: 599485K(622592K)->622380K(696832K)
[3.927s][info][gc,metaspace   ] GC(85) Metaspace: 6301K(6464K)->6301K(6464K) NonClass: 5768K(5824K)->5768K(5824K) Class: 533K(640K)->533K(640K)
[3.927s][info][gc             ] GC(85) Pause Full (Ergonomics) 620M->619M(734M) 182.498ms
[3.927s][info][gc,cpu         ] GC(85) User=1.31s Sys=0.02s Real=0.18s
[3.950s][info][gc,start       ] GC(86) Pause Young (Allocation Failure)
[3.991s][info][gc,heap        ] GC(86) PSYoungGen: 31219K(55296K)->24864K(84992K) Eden: 18944K(18944K)->0K(20992K) From: 12275K(36352K)->24864K(64000K)
[3.991s][info][gc,heap        ] GC(86) ParOldGen: 622380K(696832K)->628988K(696832K)
[3.991s][info][gc,metaspace   ] GC(86) Metaspace: 6301K(6464K)->6301K(6464K) NonClass: 5768K(5824K)->5768K(5824K) Class: 533K(640K)->533K(640K)
[3.991s][info][gc             ] GC(86) Pause Young (Allocation Failure) 638M->638M(763M) 41.257ms
[3.991s][info][gc,cpu         ] GC(86) User=0.25s Sys=0.00s Real=0.04s
[4.015s][info][gc,start       ] GC(87) Pause Young (Allocation Failure)
[4.040s][info][gc,heap        ] GC(87) PSYoungGen: 45856K(84992K)->45920K(85504K) Eden: 20992K(20992K)->0K(20992K) From: 24864K(64000K)->45920K(64512K)
[4.040s][info][gc,heap        ] GC(87) ParOldGen: 628988K(696832K)->628988K(696832K)
[4.040s][info][gc,metaspace   ] GC(87) Metaspace: 6301K(6464K)->6301K(6464K) NonClass: 5768K(5824K)->5768K(5824K) Class: 533K(640K)->533K(640K)
[4.040s][info][gc             ] GC(87) Pause Young (Allocation Failure) 659M->659M(764M) 24.543ms
[4.040s][info][gc,cpu         ] GC(87) User=0.12s Sys=0.00s Real=0.02s
[4.066s][info][gc,start       ] GC(88) Pause Young (Allocation Failure)
[4.100s][info][gc,heap        ] GC(88) PSYoungGen: 66912K(85504K)->65536K(80896K) Eden: 20992K(20992K)->0K(15360K) From: 45920K(64512K)->65536K(65536K)
[4.100s][info][gc,heap        ] GC(88) ParOldGen: 628988K(696832K)->630260K(696832K)
[4.100s][info][gc,metaspace   ] GC(88) Metaspace: 6301K(6464K)->6301K(6464K) NonClass: 5768K(5824K)->5768K(5824K) Class: 533K(640K)->533K(640K)
[4.100s][info][gc             ] GC(88) Pause Young (Allocation Failure) 679M->679M(759M) 33.949ms
[4.100s][info][gc,cpu         ] GC(88) User=0.16s Sys=0.00s Real=0.03s
[4.232s][info][gc,start       ] GC(89) Pause Young (Allocation Failure)
[4.286s][info][gc,heap        ] GC(89) PSYoungGen: 80896K(80896K)->56768K(89088K) Eden: 15360K(15360K)->0K(15360K) From: 65536K(65536K)->56768K(73728K)
[4.286s][info][gc,heap        ] GC(89) ParOldGen: 663028K(696832K)->687620K(696832K)
[4.286s][info][gc,metaspace   ] GC(89) Metaspace: 6301K(6464K)->6301K(6464K) NonClass: 5768K(5824K)->5768K(5824K) Class: 533K(640K)->533K(640K)
[4.286s][info][gc             ] GC(89) Pause Young (Allocation Failure) 726M->726M(767M) 54.221ms
[4.286s][info][gc,cpu         ] GC(89) User=0.27s Sys=0.02s Real=0.05s
[4.286s][info][gc,start       ] GC(90) Pause Full (Ergonomics)
[4.286s][info][gc,phases,start] GC(90) Marking Phase
[4.451s][info][gc,phases      ] GC(90) Marking Phase 164.717ms
[4.451s][info][gc,phases,start] GC(90) Summary Phase
[4.451s][info][gc,phases      ] GC(90) Summary Phase 0.025ms
[4.451s][info][gc,phases,start] GC(90) Adjust Roots
[4.451s][info][gc,phases      ] GC(90) Adjust Roots 0.182ms
[4.451s][info][gc,phases,start] GC(90) Compaction Phase
[4.574s][info][gc,phases      ] GC(90) Compaction Phase 123.306ms
[4.575s][info][gc,phases,start] GC(90) Post Compact
[4.576s][info][gc,phases      ] GC(90) Post Compact 1.520ms
[4.576s][info][gc,heap        ] GC(90) PSYoungGen: 56768K(89088K)->30418K(89088K) Eden: 0K(15360K)->0K(15360K) From: 56768K(73728K)->30418K(73728K)
[4.576s][info][gc,heap        ] GC(90) ParOldGen: 687620K(696832K)->696783K(778240K)
[4.576s][info][gc,metaspace   ] GC(90) Metaspace: 6301K(6464K)->6301K(6464K) NonClass: 5768K(5824K)->5768K(5824K) Class: 533K(640K)->533K(640K)
[4.576s][info][gc             ] GC(90) Pause Full (Ergonomics) 726M->710M(847M) 290.353ms
[4.576s][info][gc,cpu         ] GC(90) User=1.81s Sys=0.02s Real=0.29s
[4.593s][info][gc,start       ] GC(91) Pause Young (Allocation Failure)
[4.640s][info][gc,heap        ] GC(91) PSYoungGen: 45778K(89088K)->45984K(89088K) Eden: 15360K(15360K)->0K(16896K) From: 30418K(73728K)->45984K(72192K)
[4.640s][info][gc,heap        ] GC(91) ParOldGen: 696783K(778240K)->696783K(778240K)
[4.640s][info][gc,metaspace   ] GC(91) Metaspace: 6301K(6464K)->6301K(6464K) NonClass: 5768K(5824K)->5768K(5824K) Class: 533K(640K)->533K(640K)
[4.640s][info][gc             ] GC(91) Pause Young (Allocation Failure) 725M->725M(847M) 47.057ms
[4.640s][info][gc,cpu         ] GC(91) User=0.27s Sys=0.00s Real=0.05s
[4.657s][info][gc,start       ] GC(92) Pause Young (Allocation Failure)
[4.687s][info][gc,heap        ] GC(92) PSYoungGen: 62880K(89088K)->62848K(91136K) Eden: 16896K(16896K)->0K(16896K) From: 45984K(72192K)->62848K(74240K)
[4.687s][info][gc,heap        ] GC(92) ParOldGen: 696783K(778240K)->696783K(778240K)
[4.687s][info][gc,metaspace   ] GC(92) Metaspace: 6301K(6464K)->6301K(6464K) NonClass: 5768K(5824K)->5768K(5824K) Class: 533K(640K)->533K(640K)
[4.687s][info][gc             ] GC(92) Pause Young (Allocation Failure) 741M->741M(849M) 29.783ms
[4.687s][info][gc,cpu         ] GC(92) User=0.22s Sys=0.00s Real=0.03s
[4.705s][info][gc,start       ] GC(93) Pause Young (Allocation Failure)
[4.741s][info][gc,heap        ] GC(93) PSYoungGen: 79744K(91136K)->78848K(88064K) Eden: 16896K(16896K)->0K(9216K) From: 62848K(74240K)->78848K(78848K)
[4.742s][info][gc,heap        ] GC(93) ParOldGen: 696783K(778240K)->697623K(778240K)
[4.742s][info][gc,metaspace   ] GC(93) Metaspace: 6301K(6464K)->6301K(6464K) NonClass: 5768K(5824K)->5768K(5824K) Class: 533K(640K)->533K(640K)
[4.742s][info][gc             ] GC(93) Pause Young (Allocation Failure) 758M->758M(846M) 37.009ms
[4.742s][info][gc,cpu         ] GC(93) User=0.23s Sys=0.02s Real=0.04s
[4.752s][info][gc,start       ] GC(94) Pause Young (Allocation Failure)
[4.794s][info][gc,heap        ] GC(94) PSYoungGen: 88064K(88064K)->65632K(97792K) Eden: 9216K(9216K)->0K(9216K) From: 78848K(78848K)->65632K(88576K)
[4.794s][info][gc,heap        ] GC(94) ParOldGen: 697623K(778240K)->720447K(778240K)
[4.794s][info][gc,metaspace   ] GC(94) Metaspace: 6301K(6464K)->6301K(6464K) NonClass: 5768K(5824K)->5768K(5824K) Class: 533K(640K)->533K(640K)
[4.794s][info][gc             ] GC(94) Pause Young (Allocation Failure) 767M->767M(855M) 41.534ms
[4.794s][info][gc,cpu         ] GC(94) User=0.25s Sys=0.00s Real=0.04s
[4.804s][info][gc,start       ] GC(95) Pause Young (Allocation Failure)
[4.839s][info][gc,heap        ] GC(95) PSYoungGen: 74848K(97792K)->51872K(94720K) Eden: 9216K(9216K)->0K(10752K) From: 65632K(88576K)->51872K(83968K)
[4.839s][info][gc,heap        ] GC(95) ParOldGen: 720447K(778240K)->743647K(778240K)
[4.839s][info][gc,metaspace   ] GC(95) Metaspace: 6301K(6464K)->6301K(6464K) NonClass: 5768K(5824K)->5768K(5824K) Class: 533K(640K)->533K(640K)
[4.839s][info][gc             ] GC(95) Pause Young (Allocation Failure) 776M->776M(852M) 34.677ms
[4.839s][info][gc,cpu         ] GC(95) User=0.22s Sys=0.05s Real=0.03s
[4.850s][info][gc,start       ] GC(96) Pause Young (Allocation Failure)
[4.880s][info][gc,heap        ] GC(96) PSYoungGen: 62624K(94720K)->29280K(98304K) Eden: 10752K(10752K)->0K(10752K) From: 51872K(83968K)->29280K(87552K)
[4.880s][info][gc,heap        ] GC(96) ParOldGen: 743647K(778240K)->777423K(778240K)
[4.880s][info][gc,metaspace   ] GC(96) Metaspace: 6301K(6464K)->6301K(6464K) NonClass: 5768K(5824K)->5768K(5824K) Class: 533K(640K)->533K(640K)
[4.880s][info][gc             ] GC(96) Pause Young (Allocation Failure) 787M->787M(856M) 30.719ms
[4.880s][info][gc,cpu         ] GC(96) User=0.14s Sys=0.00s Real=0.03s
[4.880s][info][gc,start       ] GC(97) Pause Full (Ergonomics)
[4.880s][info][gc,phases,start] GC(97) Marking Phase
[5.059s][info][gc,phases      ] GC(97) Marking Phase 178.298ms
[5.059s][info][gc,phases,start] GC(97) Summary Phase
[5.059s][info][gc,phases      ] GC(97) Summary Phase 0.031ms
[5.059s][info][gc,phases,start] GC(97) Adjust Roots
[5.059s][info][gc,phases      ] GC(97) Adjust Roots 0.164ms
[5.059s][info][gc,phases,start] GC(97) Compaction Phase
[5.141s][info][gc,phases      ] GC(97) Compaction Phase 82.216ms
[5.141s][info][gc,phases,start] GC(97) Post Compact
[5.143s][info][gc,phases      ] GC(97) Post Compact 1.347ms
[5.143s][info][gc,heap        ] GC(97) PSYoungGen: 29280K(98304K)->27553K(98304K) Eden: 0K(10752K)->0K(10752K) From: 29280K(87552K)->27553K(87552K)
[5.143s][info][gc,heap        ] GC(97) ParOldGen: 777423K(778240K)->777793K(873984K)
[5.143s][info][gc,metaspace   ] GC(97) Metaspace: 6301K(6464K)->6301K(6464K) NonClass: 5768K(5824K)->5768K(5824K) Class: 533K(640K)->533K(640K)
[5.143s][info][gc             ] GC(97) Pause Full (Ergonomics) 787M->786M(949M) 262.742ms
[5.143s][info][gc,cpu         ] GC(97) User=1.83s Sys=0.00s Real=0.26s
[5.157s][info][gc,start       ] GC(98) Pause Young (Allocation Failure)
[5.205s][info][gc,heap        ] GC(98) PSYoungGen: 38305K(98304K)->21088K(99840K) Eden: 10752K(10752K)->0K(12288K) From: 27553K(87552K)->21088K(87552K)
[5.205s][info][gc,heap        ] GC(98) ParOldGen: 777793K(873984K)->795393K(873984K)
[5.205s][info][gc,metaspace   ] GC(98) Metaspace: 6301K(6464K)->6301K(6464K) NonClass: 5768K(5824K)->5768K(5824K) Class: 533K(640K)->533K(640K)
[5.205s][info][gc             ] GC(98) Pause Young (Allocation Failure) 796M->797M(951M) 47.840ms
[5.205s][info][gc,cpu         ] GC(98) User=0.23s Sys=0.03s Real=0.05s
[5.217s][info][gc,start       ] GC(99) Pause Young (Allocation Failure)
[5.235s][info][gc,heap        ] GC(99) PSYoungGen: 33376K(99840K)->23136K(100352K) Eden: 12288K(12288K)->0K(12288K) From: 21088K(87552K)->23136K(88064K)
[5.235s][info][gc,heap        ] GC(99) ParOldGen: 795393K(873984K)->805761K(873984K)
[5.235s][info][gc,metaspace   ] GC(99) Metaspace: 6301K(6464K)->6301K(6464K) NonClass: 5768K(5824K)->5768K(5824K) Class: 533K(640K)->533K(640K)
[5.235s][info][gc             ] GC(99) Pause Young (Allocation Failure) 809M->809M(951M) 18.668ms
[5.235s][info][gc,cpu         ] GC(99) User=0.12s Sys=0.00s Real=0.02s
[5.249s][info][gc,start       ] GC(100) Pause Young (Allocation Failure)
[5.269s][info][gc,heap        ] GC(100) PSYoungGen: 35424K(100352K)->12384K(100864K) Eden: 12288K(12288K)->0K(13312K) From: 23136K(88064K)->12384K(87552K)
[5.269s][info][gc,heap        ] GC(100) ParOldGen: 805761K(873984K)->829065K(873984K)
[5.269s][info][gc,metaspace   ] GC(100) Metaspace: 6301K(6464K)->6301K(6464K) NonClass: 5768K(5824K)->5768K(5824K) Class: 533K(640K)->533K(640K)
[5.269s][info][gc             ] GC(100) Pause Young (Allocation Failure) 821M->821M(952M) 20.539ms
[5.269s][info][gc,cpu         ] GC(100) User=0.11s Sys=0.02s Real=0.02s
[5.284s][info][gc,start       ] GC(101) Pause Young (Allocation Failure)
[5.300s][info][gc,heap        ] GC(101) PSYoungGen: 25696K(100864K)->13408K(101376K) Eden: 13312K(13312K)->0K(13312K) From: 12384K(87552K)->13408K(88064K)
[5.300s][info][gc,heap        ] GC(101) ParOldGen: 829065K(873984K)->841513K(873984K)
[5.300s][info][gc,metaspace   ] GC(101) Metaspace: 6301K(6464K)->6301K(6464K) NonClass: 5768K(5824K)->5768K(5824K) Class: 533K(640K)->533K(640K)
[5.300s][info][gc             ] GC(101) Pause Young (Allocation Failure) 834M->834M(952M) 16.702ms
[5.300s][info][gc,cpu         ] GC(101) User=0.00s Sys=0.00s Real=0.02s
[5.300s][info][gc,start       ] GC(102) Pause Full (Ergonomics)
[5.300s][info][gc,phases,start] GC(102) Marking Phase
[5.485s][info][gc,phases      ] GC(102) Marking Phase 184.451ms
[5.485s][info][gc,phases,start] GC(102) Summary Phase
[5.485s][info][gc,phases      ] GC(102) Summary Phase 0.028ms
[5.485s][info][gc,phases,start] GC(102) Adjust Roots
[5.485s][info][gc,phases      ] GC(102) Adjust Roots 0.154ms
[5.485s][info][gc,phases,start] GC(102) Compaction Phase
[5.563s][info][gc,phases      ] GC(102) Compaction Phase 78.141ms
[5.563s][info][gc,phases,start] GC(102) Post Compact
[5.565s][info][gc,phases      ] GC(102) Post Compact 1.327ms
[5.565s][info][gc,heap        ] GC(102) PSYoungGen: 13408K(101376K)->0K(103424K) Eden: 0K(13312K)->0K(15360K) From: 13408K(88064K)->0K(88064K)
[5.565s][info][gc,heap        ] GC(102) ParOldGen: 841513K(873984K)->853858K(952320K)
[5.565s][info][gc,metaspace   ] GC(102) Metaspace: 6301K(6464K)->6301K(6464K) NonClass: 5768K(5824K)->5768K(5824K) Class: 533K(640K)->533K(640K)
[5.565s][info][gc             ] GC(102) Pause Full (Ergonomics) 834M->833M(1031M) 264.691ms
[5.565s][info][gc,cpu         ] GC(102) User=1.80s Sys=0.00s Real=0.26s
[5.582s][info][gc,start       ] GC(103) Pause Young (Allocation Failure)
[5.596s][info][gc,heap        ] GC(103) PSYoungGen: 15360K(103424K)->15456K(103424K) Eden: 15360K(15360K)->0K(15360K) From: 0K(88064K)->15456K(88064K)
[5.596s][info][gc,heap        ] GC(103) ParOldGen: 853858K(952320K)->853858K(952320K)
[5.596s][info][gc,metaspace   ] GC(103) Metaspace: 6301K(6464K)->6301K(6464K) NonClass: 5768K(5824K)->5768K(5824K) Class: 533K(640K)->533K(640K)
[5.596s][info][gc             ] GC(103) Pause Young (Allocation Failure) 848M->848M(1031M) 14.137ms
[5.596s][info][gc,cpu         ] GC(103) User=0.02s Sys=0.00s Real=0.01s
[5.613s][info][gc,start       ] GC(104) Pause Young (Allocation Failure)
[5.632s][info][gc,heap        ] GC(104) PSYoungGen: 30816K(103424K)->30848K(95232K) Eden: 15360K(15360K)->0K(16896K) From: 15456K(88064K)->30848K(78336K)
[5.632s][info][gc,heap        ] GC(104) ParOldGen: 853858K(952320K)->853858K(952320K)
[5.632s][info][gc,metaspace   ] GC(104) Metaspace: 6301K(6464K)->6301K(6464K) NonClass: 5768K(5824K)->5768K(5824K) Class: 533K(640K)->533K(640K)
[5.632s][info][gc             ] GC(104) Pause Young (Allocation Failure) 863M->863M(1023M) 18.919ms
[5.632s][info][gc,cpu         ] GC(104) User=0.03s Sys=0.00s Real=0.02s
[5.649s][info][gc,start       ] GC(105) Pause Young (Allocation Failure)
[5.674s][info][gc,heap        ] GC(105) PSYoungGen: 47744K(95232K)->47808K(99328K) Eden: 16896K(16896K)->0K(16896K) From: 30848K(78336K)->47808K(82432K)
[5.674s][info][gc,heap        ] GC(105) ParOldGen: 853858K(952320K)->853858K(952320K)
[5.674s][info][gc,metaspace   ] GC(105) Metaspace: 6301K(6464K)->6301K(6464K) NonClass: 5768K(5824K)->5768K(5824K) Class: 533K(640K)->533K(640K)
[5.674s][info][gc             ] GC(105) Pause Young (Allocation Failure) 880M->880M(1027M) 24.771ms
[5.674s][info][gc,cpu         ] GC(105) User=0.14s Sys=0.00s Real=0.02s
[5.693s][info][gc,start       ] GC(106) Pause Young (Allocation Failure)
[5.725s][info][gc,heap        ] GC(106) PSYoungGen: 64704K(99328K)->49280K(100864K) Eden: 16896K(16896K)->0K(18432K) From: 47808K(82432K)->49280K(82432K)
[5.725s][info][gc,heap        ] GC(106) ParOldGen: 853858K(952320K)->869434K(952320K)
[5.725s][info][gc,metaspace   ] GC(106) Metaspace: 6301K(6464K)->6301K(6464K) NonClass: 5768K(5824K)->5768K(5824K) Class: 533K(640K)->533K(640K)
[5.725s][info][gc             ] GC(106) Pause Young (Allocation Failure) 897M->897M(1028M) 32.289ms
[5.725s][info][gc,cpu         ] GC(106) User=0.14s Sys=0.02s Real=0.03s
[5.745s][info][gc,start       ] GC(107) Pause Young (Allocation Failure)
[5.779s][info][gc,heap        ] GC(107) PSYoungGen: 67712K(100864K)->52384K(101376K) Eden: 18432K(18432K)->0K(18432K) From: 49280K(82432K)->52384K(82944K)
[5.779s][info][gc,heap        ] GC(107) ParOldGen: 869434K(952320K)->885010K(952320K)
[5.779s][info][gc,metaspace   ] GC(107) Metaspace: 6301K(6464K)->6301K(6464K) NonClass: 5768K(5824K)->5768K(5824K) Class: 533K(640K)->533K(640K)
[5.779s][info][gc             ] GC(107) Pause Young (Allocation Failure) 915M->915M(1029M) 33.475ms
[5.779s][info][gc,cpu         ] GC(107) User=0.16s Sys=0.00s Real=0.03s
[5.799s][info][gc,start       ] GC(108) Pause Young (Allocation Failure)
[5.834s][info][gc,heap        ] GC(108) PSYoungGen: 70816K(101376K)->53952K(103936K) Eden: 18432K(18432K)->0K(19968K) From: 52384K(82944K)->53952K(83968K)
[5.834s][info][gc,heap        ] GC(108) ParOldGen: 885010K(952320K)->902122K(952320K)
[5.834s][info][gc,metaspace   ] GC(108) Metaspace: 6301K(6464K)->6301K(6464K) NonClass: 5768K(5824K)->5768K(5824K) Class: 533K(640K)->533K(640K)
[5.834s][info][gc             ] GC(108) Pause Young (Allocation Failure) 933M->933M(1031M) 34.539ms
[5.834s][info][gc,cpu         ] GC(108) User=0.25s Sys=0.00s Real=0.04s
[5.858s][info][gc,start       ] GC(109) Pause Young (Allocation Failure)
[5.894s][info][gc,heap        ] GC(109) PSYoungGen: 73920K(103936K)->57024K(104960K) Eden: 19968K(19968K)->0K(19968K) From: 53952K(83968K)->57024K(84992K)
[5.894s][info][gc,heap        ] GC(109) ParOldGen: 902122K(952320K)->919250K(952320K)
[5.894s][info][gc,metaspace   ] GC(109) Metaspace: 6301K(6464K)->6301K(6464K) NonClass: 5768K(5824K)->5768K(5824K) Class: 533K(640K)->533K(640K)
[5.894s][info][gc             ] GC(109) Pause Young (Allocation Failure) 953M->953M(1032M) 36.218ms
[5.894s][info][gc,cpu         ] GC(109) User=0.25s Sys=0.00s Real=0.04s
[5.916s][info][gc,start       ] GC(110) Pause Young (Allocation Failure)
[5.953s][info][gc,heap        ] GC(110) PSYoungGen: 76992K(104960K)->58560K(107008K) Eden: 19968K(19968K)->0K(20480K) From: 57024K(84992K)->58560K(86528K)
[5.953s][info][gc,heap        ] GC(110) ParOldGen: 919250K(952320K)->937954K(952320K)
[5.953s][info][gc,metaspace   ] GC(110) Metaspace: 6301K(6464K)->6301K(6464K) NonClass: 5768K(5824K)->5768K(5824K) Class: 533K(640K)->533K(640K)
[5.953s][info][gc             ] GC(110) Pause Young (Allocation Failure) 972M->973M(1034M) 37.437ms
[5.953s][info][gc,cpu         ] GC(110) User=0.27s Sys=0.00s Real=0.04s
[5.953s][info][gc,start       ] GC(111) Pause Full (Ergonomics)
[5.953s][info][gc,phases,start] GC(111) Marking Phase
[6.163s][info][gc,phases      ] GC(111) Marking Phase 209.846ms
[6.163s][info][gc,phases,start] GC(111) Summary Phase
[6.163s][info][gc,phases      ] GC(111) Summary Phase 0.029ms
[6.163s][info][gc,phases,start] GC(111) Adjust Roots
[6.163s][info][gc,phases      ] GC(111) Adjust Roots 0.160ms
[6.163s][info][gc,phases,start] GC(111) Compaction Phase
[6.259s][info][gc,phases      ] GC(111) Compaction Phase 95.558ms
[6.259s][info][gc,phases,start] GC(111) Post Compact
[6.261s][info][gc,phases      ] GC(111) Post Compact 1.904ms
[6.261s][info][gc,heap        ] GC(111) PSYoungGen: 58560K(107008K)->42938K(107008K) Eden: 0K(20480K)->0K(20480K) From: 58560K(86528K)->42938K(86528K)
[6.261s][info][gc,heap        ] GC(111) ParOldGen: 937954K(952320K)->951973K(1053184K)
[6.261s][info][gc,metaspace   ] GC(111) Metaspace: 6301K(6464K)->6301K(6464K) NonClass: 5768K(5824K)->5768K(5824K) Class: 533K(640K)->533K(640K)
[6.261s][info][gc             ] GC(111) Pause Full (Ergonomics) 973M->971M(1133M) 308.290ms
[6.261s][info][gc,cpu         ] GC(111) User=2.19s Sys=0.00s Real=0.31s
[6.288s][info][gc,start       ] GC(112) Pause Young (Allocation Failure)
[6.358s][info][gc,heap        ] GC(112) PSYoungGen: 63418K(107008K)->35680K(56320K) Eden: 20480K(20480K)->0K(20480K) From: 42938K(86528K)->35680K(35840K)
[6.358s][info][gc,heap        ] GC(112) ParOldGen: 951973K(1053184K)->980277K(1053184K)
[6.358s][info][gc,metaspace   ] GC(112) Metaspace: 6301K(6464K)->6301K(6464K) NonClass: 5768K(5824K)->5768K(5824K) Class: 533K(640K)->533K(640K)
[6.358s][info][gc             ] GC(112) Pause Young (Allocation Failure) 991M->992M(1083M) 70.191ms
[6.358s][info][gc,cpu         ] GC(112) User=0.39s Sys=0.02s Real=0.07s
[6.381s][info][gc,start       ] GC(113) Pause Young (Allocation Failure)
[6.411s][info][gc,heap        ] GC(113) PSYoungGen: 56160K(56320K)->41088K(101376K) Eden: 20480K(20480K)->0K(23040K) From: 35680K(35840K)->41088K(78336K)
[6.411s][info][gc,heap        ] GC(113) ParOldGen: 980277K(1053184K)->995525K(1053184K)
[6.411s][info][gc,metaspace   ] GC(113) Metaspace: 6301K(6464K)->6301K(6464K) NonClass: 5768K(5824K)->5768K(5824K) Class: 533K(640K)->533K(640K)
[6.411s][info][gc             ] GC(113) Pause Young (Allocation Failure) 1012M->1012M(1127M) 30.335ms
[6.411s][info][gc,cpu         ] GC(113) User=0.14s Sys=0.00s Real=0.03s
[6.438s][info][gc,start       ] GC(114) Pause Young (Allocation Failure)
[6.472s][info][gc,heap        ] GC(114) PSYoungGen: 64128K(101376K)->43680K(67072K) Eden: 23040K(23040K)->0K(23040K) From: 41088K(78336K)->43680K(44032K)
[6.472s][info][gc,heap        ] GC(114) ParOldGen: 995525K(1053184K)->1016293K(1053184K)
[6.472s][info][gc,metaspace   ] GC(114) Metaspace: 6301K(6464K)->6301K(6464K) NonClass: 5768K(5824K)->5768K(5824K) Class: 533K(640K)->533K(640K)
[6.472s][info][gc             ] GC(114) Pause Young (Allocation Failure) 1034M->1035M(1094M) 33.375ms
[6.472s][info][gc,cpu         ] GC(114) User=0.14s Sys=0.02s Real=0.03s
[6.499s][info][gc,start       ] GC(115) Pause Young (Allocation Failure)
[6.536s][info][gc,heap        ] GC(115) PSYoungGen: 66720K(67072K)->46304K(99328K) Eden: 23040K(23040K)->0K(25600K) From: 43680K(44032K)->46304K(73728K)
[6.536s][info][gc,heap        ] GC(115) ParOldGen: 1016293K(1053184K)->1037069K(1053184K)
[6.536s][info][gc,metaspace   ] GC(115) Metaspace: 6301K(6464K)->6301K(6464K) NonClass: 5768K(5824K)->5768K(5824K) Class: 533K(640K)->533K(640K)
[6.536s][info][gc             ] GC(115) Pause Young (Allocation Failure) 1057M->1057M(1125M) 36.502ms
[6.536s][info][gc,cpu         ] GC(115) User=0.25s Sys=0.00s Real=0.04s
[6.536s][info][gc,start       ] GC(116) Pause Full (Ergonomics)
[6.536s][info][gc,phases,start] GC(116) Marking Phase
[6.796s][info][gc,phases      ] GC(116) Marking Phase 260.321ms
[6.796s][info][gc,phases,start] GC(116) Summary Phase
[6.796s][info][gc,phases      ] GC(116) Summary Phase 0.031ms
[6.796s][info][gc,phases,start] GC(116) Adjust Roots
[6.797s][info][gc,phases      ] GC(116) Adjust Roots 0.172ms
[6.797s][info][gc,phases,start] GC(116) Compaction Phase
[6.897s][info][gc,phases      ] GC(116) Compaction Phase 100.787ms
[6.897s][info][gc,phases,start] GC(116) Post Compact
[6.899s][info][gc,phases      ] GC(116) Post Compact 1.762ms
[6.900s][info][gc,heap        ] GC(116) PSYoungGen: 46304K(99328K)->28641K(101376K) Eden: 0K(25600K)->0K(27648K) From: 46304K(73728K)->28641K(73728K)
[6.900s][info][gc,heap        ] GC(116) ParOldGen: 1037069K(1053184K)->1053181K(1164288K)
[6.900s][info][gc,metaspace   ] GC(116) Metaspace: 6301K(6464K)->6301K(6464K) NonClass: 5768K(5824K)->5768K(5824K) Class: 533K(640K)->533K(640K)
[6.900s][info][gc             ] GC(116) Pause Full (Ergonomics) 1057M->1056M(1236M) 363.860ms
[6.900s][info][gc,cpu         ] GC(116) User=2.56s Sys=0.02s Real=0.36s
[6.932s][info][gc,start       ] GC(117) Pause Young (Allocation Failure)
[7.004s][info][gc,heap        ] GC(117) PSYoungGen: 56289K(101376K)->41920K(103424K) Eden: 27648K(27648K)->0K(27648K) From: 28641K(73728K)->41920K(75776K)
[7.004s][info][gc,heap        ] GC(117) ParOldGen: 1053181K(1164288K)->1067981K(1164288K)
[7.004s][info][gc,metaspace   ] GC(117) Metaspace: 6301K(6464K)->6301K(6464K) NonClass: 5768K(5824K)->5768K(5824K) Class: 533K(640K)->533K(640K)
[7.004s][info][gc             ] GC(117) Pause Young (Allocation Failure) 1083M->1083M(1238M) 71.972ms
[7.004s][info][gc,cpu         ] GC(117) User=0.38s Sys=0.02s Real=0.07s
[7.036s][info][gc,start       ] GC(118) Pause Young (Allocation Failure)
[7.073s][info][gc,heap        ] GC(118) PSYoungGen: 69568K(103424K)->69568K(96768K) Eden: 27648K(27648K)->0K(24064K) From: 41920K(75776K)->69568K(72704K)
[7.073s][info][gc,heap        ] GC(118) ParOldGen: 1067981K(1164288K)->1067981K(1164288K)
[7.073s][info][gc,metaspace   ] GC(118) Metaspace: 6301K(6464K)->6301K(6464K) NonClass: 5768K(5824K)->5768K(5824K) Class: 533K(640K)->533K(640K)
[7.073s][info][gc             ] GC(118) Pause Young (Allocation Failure) 1110M->1110M(1231M) 37.385ms
[7.073s][info][gc,cpu         ] GC(118) User=0.23s Sys=0.00s Real=0.04s
[7.100s][info][gc,start       ] GC(119) Pause Young (Allocation Failure)
[7.150s][info][gc,heap        ] GC(119) PSYoungGen: 93632K(96768K)->79360K(103424K) Eden: 24064K(24064K)->0K(24064K) From: 69568K(72704K)->79360K(79360K)
[7.150s][info][gc,heap        ] GC(119) ParOldGen: 1067981K(1164288K)->1082325K(1164288K)
[7.150s][info][gc,metaspace   ] GC(119) Metaspace: 6301K(6464K)->6301K(6464K) NonClass: 5768K(5824K)->5768K(5824K) Class: 533K(640K)->533K(640K)
[7.150s][info][gc             ] GC(119) Pause Young (Allocation Failure) 1134M->1134M(1238M) 49.486ms
[7.150s][info][gc,cpu         ] GC(119) User=0.28s Sys=0.00s Real=0.05s
[7.180s][info][gc,start       ] GC(120) Pause Young (Allocation Failure)
[7.239s][info][gc,heap        ] GC(120) PSYoungGen: 103424K(103424K)->68064K(119296K) Eden: 24064K(24064K)->0K(25088K) From: 79360K(79360K)->68064K(94208K)
[7.239s][info][gc,heap        ] GC(120) ParOldGen: 1082325K(1164288K)->1118245K(1164288K)
[7.239s][info][gc,metaspace   ] GC(120) Metaspace: 6301K(6464K)->6301K(6464K) NonClass: 5768K(5824K)->5768K(5824K) Class: 533K(640K)->533K(640K)
[7.239s][info][gc             ] GC(120) Pause Young (Allocation Failure) 1157M->1158M(1253M) 58.817ms
[7.239s][info][gc,cpu         ] GC(120) User=0.39s Sys=0.00s Real=0.06s
[7.271s][info][gc,start       ] GC(121) Pause Young (Allocation Failure)
[7.321s][info][gc,heap        ] GC(121) PSYoungGen: 93152K(119296K)->68672K(121344K) Eden: 25088K(25088K)->0K(25088K) From: 68064K(94208K)->68672K(96256K)
[7.322s][info][gc,heap        ] GC(121) ParOldGen: 1118245K(1164288K)->1142997K(1164288K)
[7.322s][info][gc,metaspace   ] GC(121) Metaspace: 6301K(6464K)->6301K(6464K) NonClass: 5768K(5824K)->5768K(5824K) Class: 533K(640K)->533K(640K)
[7.322s][info][gc             ] GC(121) Pause Young (Allocation Failure) 1183M->1183M(1255M) 50.565ms
[7.322s][info][gc,cpu         ] GC(121) User=0.27s Sys=0.00s Real=0.05s
[7.322s][info][gc,start       ] GC(122) Pause Full (Ergonomics)
[7.322s][info][gc,phases,start] GC(122) Marking Phase
[7.597s][info][gc,phases      ] GC(122) Marking Phase 275.531ms
[7.597s][info][gc,phases,start] GC(122) Summary Phase
[7.597s][info][gc,phases      ] GC(122) Summary Phase 0.036ms
[7.597s][info][gc,phases,start] GC(122) Adjust Roots
[7.597s][info][gc,phases      ] GC(122) Adjust Roots 0.184ms
[7.598s][info][gc,phases,start] GC(122) Compaction Phase
[7.707s][info][gc,phases      ] GC(122) Compaction Phase 109.429ms
[7.707s][info][gc,phases,start] GC(122) Post Compact
[7.709s][info][gc,phases      ] GC(122) Post Compact 2.376ms
[7.710s][info][gc,heap        ] GC(122) PSYoungGen: 68672K(121344K)->45989K(121344K) Eden: 0K(25088K)->0K(25088K) From: 68672K(96256K)->45989K(96256K)
[7.710s][info][gc,heap        ] GC(122) ParOldGen: 1142997K(1164288K)->1164186K(1286144K)
[7.710s][info][gc,metaspace   ] GC(122) Metaspace: 6301K(6464K)->6301K(6464K) NonClass: 5768K(5824K)->5768K(5824K) Class: 533K(640K)->533K(640K)
[7.710s][info][gc             ] GC(122) Pause Full (Ergonomics) 1183M->1181M(1374M) 388.438ms
[7.710s][info][gc,cpu         ] GC(122) User=2.88s Sys=0.02s Real=0.39s
[7.743s][info][gc,start       ] GC(123) Pause Young (Allocation Failure)
[7.826s][info][gc,heap        ] GC(123) PSYoungGen: 71077K(121344K)->59488K(120832K) Eden: 25088K(25088K)->0K(27648K) From: 45989K(96256K)->59488K(93184K)
[7.826s][info][gc,heap        ] GC(123) ParOldGen: 1164186K(1286144K)->1176194K(1286144K)
[7.827s][info][gc,metaspace   ] GC(123) Metaspace: 6301K(6464K)->6301K(6464K) NonClass: 5768K(5824K)->5768K(5824K) Class: 533K(640K)->533K(640K)
[7.827s][info][gc             ] GC(123) Pause Young (Allocation Failure) 1206M->1206M(1374M) 83.043ms
[7.827s][info][gc,cpu         ] GC(123) User=0.61s Sys=0.00s Real=0.08s
[7.859s][info][gc,start       ] GC(124) Pause Young (Allocation Failure)
[7.908s][info][gc,heap        ] GC(124) PSYoungGen: 87136K(120832K)->87232K(123392K) Eden: 27648K(27648K)->0K(27648K) From: 59488K(93184K)->87232K(95744K)
[7.908s][info][gc,heap        ] GC(124) ParOldGen: 1176194K(1286144K)->1176194K(1286144K)
[7.908s][info][gc,metaspace   ] GC(124) Metaspace: 6301K(6464K)->6301K(6464K) NonClass: 5768K(5824K)->5768K(5824K) Class: 533K(640K)->533K(640K)
[7.908s][info][gc             ] GC(124) Pause Young (Allocation Failure) 1233M->1233M(1376M) 48.874ms
[7.908s][info][gc,cpu         ] GC(124) User=0.27s Sys=0.00s Real=0.05s
[7.943s][info][gc,start       ] GC(125) Pause Young (Allocation Failure)
[8.013s][info][gc,heap        ] GC(125) PSYoungGen: 114880K(123392K)->97920K(123392K) Eden: 27648K(27648K)->0K(19968K) From: 87232K(95744K)->97920K(103424K)
[8.013s][info][gc,heap        ] GC(125) ParOldGen: 1176194K(1286144K)->1193290K(1286144K)
[8.013s][info][gc,metaspace   ] GC(125) Metaspace: 6301K(6464K)->6301K(6464K) NonClass: 5768K(5824K)->5768K(5824K) Class: 533K(640K)->533K(640K)
[8.013s][info][gc             ] GC(125) Pause Young (Allocation Failure) 1260M->1260M(1376M) 70.215ms
[8.013s][info][gc,cpu         ] GC(125) User=0.34s Sys=0.06s Real=0.07s
[8.036s][info][gc,start       ] GC(126) Pause Young (Allocation Failure)
[8.103s][info][gc,heap        ] GC(126) PSYoungGen: 117888K(123392K)->96128K(134144K) Eden: 19968K(19968K)->0K(19968K) From: 97920K(103424K)->96128K(114176K)
[8.103s][info][gc,heap        ] GC(126) ParOldGen: 1193290K(1286144K)->1210874K(1286144K)
[8.103s][info][gc,metaspace   ] GC(126) Metaspace: 6301K(6464K)->6301K(6464K) NonClass: 5768K(5824K)->5768K(5824K) Class: 533K(640K)->533K(640K)
[8.103s][info][gc             ] GC(126) Pause Young (Allocation Failure) 1280M->1276M(1387M) 66.716ms
[8.103s][info][gc,cpu         ] GC(126) User=0.41s Sys=0.00s Real=0.07s
[8.118s][info][gc,start       ] GC(127) Pause Young (Allocation Failure)
[8.179s][info][gc,heap        ] GC(127) PSYoungGen: 116096K(134144K)->53728K(137728K) Eden: 19968K(19968K)->0K(23040K) From: 96128K(114176K)->53728K(114688K)
[8.179s][info][gc,heap        ] GC(127) ParOldGen: 1210874K(1286144K)->1264306K(1286144K)
[8.179s][info][gc,metaspace   ] GC(127) Metaspace: 6301K(6464K)->6301K(6464K) NonClass: 5768K(5824K)->5768K(5824K) Class: 533K(640K)->533K(640K)
[8.179s][info][gc             ] GC(127) Pause Young (Allocation Failure) 1295M->1287M(1390M) 60.744ms
[8.179s][info][gc,cpu         ] GC(127) User=0.39s Sys=0.02s Real=0.06s
[8.179s][info][gc,start       ] GC(128) Pause Full (Ergonomics)
[8.179s][info][gc,phases,start] GC(128) Marking Phase
[8.486s][info][gc,phases      ] GC(128) Marking Phase 307.322ms
[8.486s][info][gc,phases,start] GC(128) Summary Phase
[8.486s][info][gc,phases      ] GC(128) Summary Phase 0.026ms
[8.486s][info][gc,phases,start] GC(128) Adjust Roots
[8.487s][info][gc,phases      ] GC(128) Adjust Roots 0.243ms
[8.487s][info][gc,phases,start] GC(128) Compaction Phase
[8.842s][info][gc,phases      ] GC(128) Compaction Phase 355.053ms
[8.842s][info][gc,phases,start] GC(128) Post Compact
[8.845s][info][gc,phases      ] GC(128) Post Compact 2.704ms
[8.845s][info][gc,heap        ] GC(128) PSYoungGen: 53728K(137728K)->30440K(140800K) Eden: 0K(23040K)->0K(26112K) From: 53728K(114688K)->30440K(114688K)
[8.845s][info][gc,heap        ] GC(128) ParOldGen: 1264306K(1286144K)->1285846K(1424384K)
[8.845s][info][gc,metaspace   ] GC(128) Metaspace: 6301K(6464K)->6301K(6464K) NonClass: 5768K(5824K)->5768K(5824K) Class: 533K(640K)->533K(640K)
[8.845s][info][gc             ] GC(128) Pause Full (Ergonomics) 1287M->1285M(1528M) 666.219ms
[8.845s][info][gc,cpu         ] GC(128) User=4.88s Sys=0.02s Real=0.67s
[8.879s][info][gc,start       ] GC(129) Pause Young (Allocation Failure)
[8.961s][info][gc,heap        ] GC(129) PSYoungGen: 56552K(140800K)->31520K(143872K) Eden: 26112K(26112K)->0K(26112K) From: 30440K(114688K)->31520K(117760K)
[8.961s][info][gc,heap        ] GC(129) ParOldGen: 1285846K(1424384K)->1310494K(1424384K)
[8.961s][info][gc,metaspace   ] GC(129) Metaspace: 6301K(6464K)->6301K(6464K) NonClass: 5768K(5824K)->5768K(5824K) Class: 533K(640K)->533K(640K)
[8.961s][info][gc             ] GC(129) Pause Young (Allocation Failure) 1310M->1310M(1531M) 81.471ms
[8.961s][info][gc,cpu         ] GC(129) User=0.48s Sys=0.02s Real=0.08s
[8.992s][info][gc,start       ] GC(130) Pause Young (Allocation Failure)
[9.025s][info][gc,heap        ] GC(130) PSYoungGen: 57632K(143872K)->51456K(138752K) Eden: 26112K(26112K)->0K(29184K) From: 31520K(117760K)->51456K(109568K)
[9.025s][info][gc,heap        ] GC(130) ParOldGen: 1310494K(1424384K)->1316766K(1424384K)
[9.025s][info][gc,metaspace   ] GC(130) Metaspace: 6301K(6464K)->6301K(6464K) NonClass: 5768K(5824K)->5768K(5824K) Class: 533K(640K)->533K(640K)
[9.025s][info][gc             ] GC(130) Pause Young (Allocation Failure) 1336M->1336M(1526M) 32.974ms
[9.025s][info][gc,cpu         ] GC(130) User=0.14s Sys=0.02s Real=0.03s
[9.062s][info][gc,start       ] GC(131) Pause Young (Allocation Failure)
[9.106s][info][gc,heap        ] GC(131) PSYoungGen: 80640K(138752K)->55488K(84992K) Eden: 29184K(29184K)->0K(29184K) From: 51456K(109568K)->55488K(55808K)
[9.106s][info][gc,heap        ] GC(131) ParOldGen: 1316766K(1424384K)->1342318K(1424384K)
[9.106s][info][gc,metaspace   ] GC(131) Metaspace: 6301K(6464K)->6301K(6464K) NonClass: 5768K(5824K)->5768K(5824K) Class: 533K(640K)->533K(640K)
[9.106s][info][gc             ] GC(131) Pause Young (Allocation Failure) 1364M->1365M(1474M) 43.516ms
[9.106s][info][gc,cpu         ] GC(131) User=0.25s Sys=0.00s Real=0.04s
[9.371s][info][gc,start       ] GC(132) Pause Full (Ergonomics)
[9.371s][info][gc,phases,start] GC(132) Marking Phase
[9.697s][info][gc,phases      ] GC(132) Marking Phase 325.673ms
[9.697s][info][gc,phases,start] GC(132) Summary Phase
[9.697s][info][gc,phases      ] GC(132) Summary Phase 0.036ms
[9.697s][info][gc,phases,start] GC(132) Adjust Roots
[9.697s][info][gc,phases      ] GC(132) Adjust Roots 0.155ms
[9.697s][info][gc,phases,start] GC(132) Compaction Phase
[9.941s][info][gc,phases      ] GC(132) Compaction Phase 244.221ms
[9.941s][info][gc,phases,start] GC(132) Post Compact
[9.944s][info][gc,phases      ] GC(132) Post Compact 3.082ms
[9.945s][info][gc,heap        ] GC(132) PSYoungGen: 84672K(84992K)->34280K(84992K) Eden: 29184K(29184K)->0K(29184K) From: 55488K(55808K)->34280K(55808K)
[9.945s][info][gc,heap        ] GC(132) ParOldGen: 1407854K(1424384K)->1424321K(1572864K)
[9.945s][info][gc,metaspace   ] GC(132) Metaspace: 6301K(6464K)->6301K(6464K) NonClass: 5768K(5824K)->5768K(5824K) Class: 533K(640K)->533K(640K)
[9.945s][info][gc             ] GC(132) Pause Full (Ergonomics) 1457M->1424M(1619M) 574.090ms
[9.945s][info][gc,cpu         ] GC(132) User=3.92s Sys=0.02s Real=0.58s
[9.974s][info][gc,start       ] GC(133) Pause Young (Allocation Failure)
[10.062s][info][gc,heap        ] GC(133) PSYoungGen: 63464K(84992K)->46784K(135680K) Eden: 29184K(29184K)->0K(32256K) From: 34280K(55808K)->46784K(103424K)
[10.062s][info][gc,heap        ] GC(133) ParOldGen: 1424321K(1572864K)->1441497K(1572864K)
[10.062s][info][gc,metaspace   ] GC(133) Metaspace: 6301K(6464K)->6301K(6464K) NonClass: 5768K(5824K)->5768K(5824K) Class: 533K(640K)->533K(640K)
[10.062s][info][gc             ] GC(133) Pause Young (Allocation Failure) 1452M->1453M(1668M) 87.852ms
[10.062s][info][gc,cpu         ] GC(133) User=0.48s Sys=0.05s Real=0.09s
[10.091s][info][gc,start       ] GC(134) Pause Young (Allocation Failure)
[10.130s][info][gc,heap        ] GC(134) PSYoungGen: 79040K(135680K)->79072K(138752K) Eden: 32256K(32256K)->0K(32256K) From: 46784K(103424K)->79072K(106496K)
[10.131s][info][gc,heap        ] GC(134) ParOldGen: 1441497K(1572864K)->1441497K(1572864K)
[10.131s][info][gc,metaspace   ] GC(134) Metaspace: 6301K(6464K)->6301K(6464K) NonClass: 5768K(5824K)->5768K(5824K) Class: 533K(640K)->533K(640K)
[10.131s][info][gc             ] GC(134) Pause Young (Allocation Failure) 1484M->1484M(1671M) 39.559ms
[10.131s][info][gc,cpu         ] GC(134) User=0.25s Sys=0.00s Real=0.04s
[10.163s][info][gc,start       ] GC(135) Pause Young (Allocation Failure)
[10.216s][info][gc,heap        ] GC(135) PSYoungGen: 111328K(138752K)->109568K(131072K) Eden: 32256K(32256K)->0K(21504K) From: 79072K(106496K)->109568K(109568K)
[10.216s][info][gc,heap        ] GC(135) ParOldGen: 1441497K(1572864K)->1443201K(1572864K)
[10.216s][info][gc,metaspace   ] GC(135) Metaspace: 6301K(6464K)->6301K(6464K) NonClass: 5768K(5824K)->5768K(5824K) Class: 533K(640K)->533K(640K)
[10.216s][info][gc             ] GC(135) Pause Young (Allocation Failure) 1516M->1516M(1664M) 52.757ms
[10.216s][info][gc,cpu         ] GC(135) User=0.36s Sys=0.03s Real=0.05s
[10.238s][info][gc,start       ] GC(136) Pause Young (Allocation Failure)
[10.301s][info][gc,heap        ] GC(136) PSYoungGen: 131072K(131072K)->85856K(144896K) Eden: 21504K(21504K)->0K(21504K) From: 109568K(109568K)->85856K(123392K)
[10.301s][info][gc,heap        ] GC(136) ParOldGen: 1443201K(1572864K)->1489097K(1572864K)
[10.301s][info][gc,metaspace   ] GC(136) Metaspace: 6301K(6464K)->6301K(6464K) NonClass: 5768K(5824K)->5768K(5824K) Class: 533K(640K)->533K(640K)
[10.301s][info][gc             ] GC(136) Pause Young (Allocation Failure) 1537M->1538M(1677M) 63.064ms
[10.301s][info][gc,cpu         ] GC(136) User=0.30s Sys=0.09s Real=0.06s
[10.323s][info][gc,start       ] GC(137) Pause Young (Allocation Failure)
[10.378s][info][gc,heap        ] GC(137) PSYoungGen: 107360K(144896K)->75104K(144896K) Eden: 21504K(21504K)->0K(24576K) From: 85856K(123392K)->75104K(120320K)
[10.378s][info][gc,heap        ] GC(137) ParOldGen: 1489097K(1572864K)->1521697K(1572864K)
[10.378s][info][gc,metaspace   ] GC(137) Metaspace: 6301K(6464K)->6301K(6464K) NonClass: 5768K(5824K)->5768K(5824K) Class: 533K(640K)->533K(640K)
[10.378s][info][gc             ] GC(137) Pause Young (Allocation Failure) 1559M->1559M(1677M) 54.804ms
[10.378s][info][gc,cpu         ] GC(137) User=0.33s Sys=0.03s Real=0.06s
[10.378s][info][gc,start       ] GC(138) Pause Full (Ergonomics)
[10.378s][info][gc,phases,start] GC(138) Marking Phase
[10.742s][info][gc,phases      ] GC(138) Marking Phase 363.780ms
[10.742s][info][gc,phases,start] GC(138) Summary Phase
[10.742s][info][gc,phases      ] GC(138) Summary Phase 0.047ms
[10.742s][info][gc,phases,start] GC(138) Adjust Roots
[10.742s][info][gc,phases      ] GC(138) Adjust Roots 0.249ms
[10.742s][info][gc,phases,start] GC(138) Compaction Phase
[10.917s][info][gc,phases      ] GC(138) Compaction Phase 174.805ms
[10.917s][info][gc,phases,start] GC(138) Post Compact
[10.921s][info][gc,phases      ] GC(138) Post Compact 3.537ms
[10.921s][info][gc,heap        ] GC(138) PSYoungGen: 75104K(144896K)->22703K(146944K) Eden: 0K(24576K)->0K(26624K) From: 75104K(120320K)->22703K(120320K)
[10.921s][info][gc,heap        ] GC(138) ParOldGen: 1521697K(1572864K)->1572443K(1739264K)
[10.921s][info][gc,metaspace   ] GC(138) Metaspace: 6301K(6464K)->6301K(6464K) NonClass: 5768K(5824K)->5768K(5824K) Class: 533K(640K)->533K(640K)
[10.921s][info][gc             ] GC(138) Pause Full (Ergonomics) 1559M->1557M(1842M) 543.351ms
[10.921s][info][gc,cpu         ] GC(138) User=3.44s Sys=0.11s Real=0.54s
[10.950s][info][gc,start       ] GC(139) Pause Young (Allocation Failure)
[11.056s][info][gc,heap        ] GC(139) PSYoungGen: 49327K(146944K)->33344K(148992K) Eden: 26624K(26624K)->0K(26624K) From: 22703K(120320K)->33344K(122368K)
[11.056s][info][gc,heap        ] GC(139) ParOldGen: 1572443K(1739264K)->1588875K(1739264K)
[11.056s][info][gc,metaspace   ] GC(139) Metaspace: 6301K(6464K)->6301K(6464K) NonClass: 5768K(5824K)->5768K(5824K) Class: 533K(640K)->533K(640K)
[11.056s][info][gc             ] GC(139) Pause Young (Allocation Failure) 1583M->1584M(1844M) 106.726ms
[11.056s][info][gc,cpu         ] GC(139) User=0.42s Sys=0.02s Real=0.11s
[11.084s][info][gc,start       ] GC(140) Pause Young (Allocation Failure)
[11.123s][info][gc,heap        ] GC(140) PSYoungGen: 59968K(148992K)->59968K(142336K) Eden: 26624K(26624K)->0K(29696K) From: 33344K(122368K)->59968K(112640K)
[11.123s][info][gc,heap        ] GC(140) ParOldGen: 1588875K(1739264K)->1588875K(1739264K)
[11.123s][info][gc,metaspace   ] GC(140) Metaspace: 6301K(6464K)->6301K(6464K) NonClass: 5768K(5824K)->5768K(5824K) Class: 533K(640K)->533K(640K)
[11.123s][info][gc             ] GC(140) Pause Young (Allocation Failure) 1610M->1610M(1837M) 38.968ms
[11.123s][info][gc,cpu         ] GC(140) User=0.08s Sys=0.00s Real=0.04s
[11.155s][info][gc,start       ] GC(141) Pause Young (Allocation Failure)
[11.203s][info][gc,heap        ] GC(141) PSYoungGen: 89664K(142336K)->83136K(147456K) Eden: 29696K(29696K)->0K(29696K) From: 59968K(112640K)->83136K(117760K)
[11.203s][info][gc,heap        ] GC(141) ParOldGen: 1588875K(1739264K)->1595515K(1739264K)
[11.203s][info][gc,metaspace   ] GC(141) Metaspace: 6301K(6464K)->6301K(6464K) NonClass: 5768K(5824K)->5768K(5824K) Class: 533K(640K)->533K(640K)
[11.203s][info][gc             ] GC(141) Pause Young (Allocation Failure) 1639M->1639M(1842M) 48.304ms
[11.203s][info][gc,cpu         ] GC(141) User=0.25s Sys=0.00s Real=0.05s
[11.233s][info][gc,start       ] GC(142) Pause Young (Allocation Failure)
[11.293s][info][gc,heap        ] GC(142) PSYoungGen: 112832K(147456K)->86240K(150016K) Eden: 29696K(29696K)->0K(30720K) From: 83136K(117760K)->86240K(119296K)
[11.293s][info][gc,heap        ] GC(142) ParOldGen: 1595515K(1739264K)->1622491K(1739264K)
[11.293s][info][gc,metaspace   ] GC(142) Metaspace: 6301K(6464K)->6301K(6464K) NonClass: 5768K(5824K)->5768K(5824K) Class: 533K(640K)->533K(640K)
[11.293s][info][gc             ] GC(142) Pause Young (Allocation Failure) 1668M->1668M(1845M) 60.240ms
[11.293s][info][gc,cpu         ] GC(142) User=0.25s Sys=0.02s Real=0.06s
[11.326s][info][gc,start       ] GC(143) Pause Young (Allocation Failure)
[11.385s][info][gc,heap        ] GC(143) PSYoungGen: 116960K(150016K)->90368K(152576K) Eden: 30720K(30720K)->0K(30720K) From: 86240K(119296K)->90368K(121856K)
[11.385s][info][gc,heap        ] GC(143) ParOldGen: 1622491K(1739264K)->1649451K(1739264K)
[11.385s][info][gc,metaspace   ] GC(143) Metaspace: 6301K(6464K)->6301K(6464K) NonClass: 5768K(5824K)->5768K(5824K) Class: 533K(640K)->533K(640K)
[11.385s][info][gc             ] GC(143) Pause Young (Allocation Failure) 1698M->1699M(1847M) 59.139ms
[11.385s][info][gc,cpu         ] GC(143) User=0.36s Sys=0.00s Real=0.06s
[11.421s][info][gc,start       ] GC(144) Pause Young (Allocation Failure)
[11.482s][info][gc,heap        ] GC(144) PSYoungGen: 121088K(152576K)->91392K(156160K) Eden: 30720K(30720K)->0K(31744K) From: 90368K(121856K)->91392K(124416K)
[11.482s][info][gc,heap        ] GC(144) ParOldGen: 1649451K(1739264K)->1679539K(1739264K)
[11.482s][info][gc,metaspace   ] GC(144) Metaspace: 6301K(6464K)->6301K(6464K) NonClass: 5768K(5824K)->5768K(5824K) Class: 533K(640K)->533K(640K)
[11.482s][info][gc             ] GC(144) Pause Young (Allocation Failure) 1729M->1729M(1851M) 60.635ms
[11.482s][info][gc,cpu         ] GC(144) User=0.34s Sys=0.05s Real=0.06s
[11.517s][info][gc,start       ] GC(145) Pause Young (Allocation Failure)
[11.586s][info][gc,heap        ] GC(145) PSYoungGen: 123136K(156160K)->62688K(158720K) Eden: 31744K(31744K)->0K(31744K) From: 91392K(124416K)->62688K(126976K)
[11.586s][info][gc,heap        ] GC(145) ParOldGen: 1679539K(1739264K)->1740763K(1740800K)
[11.586s][info][gc,metaspace   ] GC(145) Metaspace: 6301K(6464K)->6301K(6464K) NonClass: 5768K(5824K)->5768K(5824K) Class: 533K(640K)->533K(640K)
[11.586s][info][gc             ] GC(145) Pause Young (Allocation Failure) 1760M->1761M(1855M) 68.888ms
[11.586s][info][gc,cpu         ] GC(145) User=0.39s Sys=0.03s Real=0.07s
[11.586s][info][gc,start       ] GC(146) Pause Full (Ergonomics)
[11.586s][info][gc,phases,start] GC(146) Marking Phase
[12.055s][info][gc,phases      ] GC(146) Marking Phase 468.816ms
[12.055s][info][gc,phases,start] GC(146) Summary Phase
[12.055s][info][gc,phases      ] GC(146) Summary Phase 0.046ms
[12.055s][info][gc,phases,start] GC(146) Adjust Roots
[12.056s][info][gc,phases      ] GC(146) Adjust Roots 0.291ms
[12.056s][info][gc,phases,start] GC(146) Compaction Phase
[12.257s][info][gc,phases      ] GC(146) Compaction Phase 201.683ms
[12.257s][info][gc,phases,start] GC(146) Post Compact
[12.261s][info][gc,phases      ] GC(146) Post Compact 3.487ms
[12.262s][info][gc,heap        ] GC(146) PSYoungGen: 62688K(158720K)->60355K(158720K) Eden: 0K(31744K)->0K(31744K) From: 62688K(126976K)->60355K(126976K)
[12.262s][info][gc,heap        ] GC(146) ParOldGen: 1740763K(1740800K)->1740398K(1929216K)
[12.262s][info][gc,metaspace   ] GC(146) Metaspace: 6301K(6464K)->6301K(6464K) NonClass: 5768K(5824K)->5768K(5824K) Class: 533K(640K)->533K(640K)
[12.262s][info][gc             ] GC(146) Pause Full (Ergonomics) 1761M->1758M(2039M) 675.558ms
[12.262s][info][gc,cpu         ] GC(146) User=4.34s Sys=0.05s Real=0.68s
[12.295s][info][gc,start       ] GC(147) Pause Young (Allocation Failure)
[12.416s][info][gc,heap        ] GC(147) PSYoungGen: 92099K(158720K)->31968K(157696K) Eden: 31744K(31744K)->0K(34304K) From: 60355K(126976K)->31968K(123392K)
[12.416s][info][gc,heap        ] GC(147) ParOldGen: 1740398K(1929216K)->1801630K(1929216K)
[12.416s][info][gc,metaspace   ] GC(147) Metaspace: 6301K(6464K)->6301K(6464K) NonClass: 5768K(5824K)->5768K(5824K) Class: 533K(640K)->533K(640K)
[12.416s][info][gc             ] GC(147) Pause Young (Allocation Failure) 1789M->1790M(2038M) 120.557ms
[12.416s][info][gc,cpu         ] GC(147) User=0.69s Sys=0.00s Real=0.12s
[12.454s][info][gc,start       ] GC(148) Pause Young (Allocation Failure)
[12.494s][info][gc,heap        ] GC(148) PSYoungGen: 66272K(157696K)->34464K(159232K) Eden: 34304K(34304K)->0K(34304K) From: 31968K(123392K)->34464K(124928K)
[12.494s][info][gc,heap        ] GC(148) ParOldGen: 1801630K(1929216K)->1833782K(1929216K)
[12.494s][info][gc,metaspace   ] GC(148) Metaspace: 6301K(6464K)->6301K(6464K) NonClass: 5768K(5824K)->5768K(5824K) Class: 533K(640K)->533K(640K)
[12.494s][info][gc             ] GC(148) Pause Young (Allocation Failure) 1824M->1824M(2039M) 40.247ms
[12.494s][info][gc,cpu         ] GC(148) User=0.22s Sys=0.03s Real=0.04s
[12.536s][info][gc,start       ] GC(149) Pause Young (Allocation Failure)
[12.577s][info][gc,heap        ] GC(149) PSYoungGen: 68768K(159232K)->34464K(161280K) Eden: 34304K(34304K)->0K(37888K) From: 34464K(124928K)->34464K(123392K)
[12.577s][info][gc,heap        ] GC(149) ParOldGen: 1833782K(1929216K)->1868550K(1929216K)
[12.578s][info][gc,metaspace   ] GC(149) Metaspace: 6301K(6464K)->6301K(6464K) NonClass: 5768K(5824K)->5768K(5824K) Class: 533K(640K)->533K(640K)
[12.578s][info][gc             ] GC(149) Pause Young (Allocation Failure) 1857M->1858M(2041M) 41.636ms
[12.578s][info][gc,cpu         ] GC(149) User=0.19s Sys=0.05s Real=0.04s
[12.578s][info][gc,start       ] GC(150) Pause Full (Ergonomics)
[12.578s][info][gc,phases,start] GC(150) Marking Phase
[13.032s][info][gc,phases      ] GC(150) Marking Phase 453.901ms
[13.032s][info][gc,phases,start] GC(150) Summary Phase
[13.032s][info][gc,phases      ] GC(150) Summary Phase 0.057ms
[13.032s][info][gc,phases,start] GC(150) Adjust Roots
[13.032s][info][gc,phases      ] GC(150) Adjust Roots 0.246ms
[13.032s][info][gc,phases,start] GC(150) Compaction Phase
[13.211s][info][gc,phases      ] GC(150) Compaction Phase 178.656ms
[13.211s][info][gc,phases,start] GC(150) Post Compact
[13.214s][info][gc,phases      ] GC(150) Post Compact 3.647ms
[13.215s][info][gc,heap        ] GC(150) PSYoungGen: 34464K(161280K)->0K(161792K) Eden: 0K(37888K)->0K(37888K) From: 34464K(123392K)->0K(123904K)
[13.215s][info][gc,heap        ] GC(150) ParOldGen: 1868550K(1929216K)->1901007K(2110464K)
[13.215s][info][gc,metaspace   ] GC(150) Metaspace: 6301K(6464K)->6301K(6464K) NonClass: 5768K(5824K)->5768K(5824K) Class: 533K(640K)->533K(640K)
[13.215s][info][gc             ] GC(150) Pause Full (Ergonomics) 1858M->1856M(2219M) 637.887ms
[13.216s][info][gc,cpu         ] GC(150) User=4.25s Sys=0.02s Real=0.64s
[13.258s][info][gc,start       ] GC(151) Pause Young (Allocation Failure)
[13.286s][info][gc,heap        ] GC(151) PSYoungGen: 37888K(161792K)->38016K(159744K) Eden: 37888K(37888K)->0K(41472K) From: 0K(123904K)->38016K(118272K)
[13.286s][info][gc,heap        ] GC(151) ParOldGen: 1901007K(2110464K)->1901007K(2110464K)
[13.286s][info][gc,metaspace   ] GC(151) Metaspace: 6301K(6464K)->6301K(6464K) NonClass: 5768K(5824K)->5768K(5824K) Class: 533K(640K)->533K(640K)
[13.286s][info][gc             ] GC(151) Pause Young (Allocation Failure) 1893M->1893M(2217M) 28.360ms
[13.286s][info][gc,cpu         ] GC(151) User=0.05s Sys=0.00s Real=0.03s
[13.332s][info][gc,start       ] GC(152) Pause Young (Allocation Failure)
[13.377s][info][gc,heap        ] GC(152) PSYoungGen: 79488K(159744K)->79584K(162816K) Eden: 41472K(41472K)->0K(41472K) From: 38016K(118272K)->79584K(121344K)
[13.377s][info][gc,heap        ] GC(152) ParOldGen: 1901007K(2110464K)->1901007K(2110464K)
[13.377s][info][gc,metaspace   ] GC(152) Metaspace: 6301K(6464K)->6301K(6464K) NonClass: 5768K(5824K)->5768K(5824K) Class: 533K(640K)->533K(640K)
[13.377s][info][gc             ] GC(152) Pause Young (Allocation Failure) 1934M->1934M(2220M) 44.260ms
[13.377s][info][gc,cpu         ] GC(152) User=0.25s Sys=0.00s Real=0.04s
[13.426s][info][gc,start       ] GC(153) Pause Young (Allocation Failure)
[13.491s][info][gc,heap        ] GC(153) PSYoungGen: 121056K(162816K)->121088K(152576K) Eden: 41472K(41472K)->0K(29696K) From: 79584K(121344K)->121088K(122880K)
[13.491s][info][gc,heap        ] GC(153) ParOldGen: 1901007K(2110464K)->1901007K(2110464K)
[13.491s][info][gc,metaspace   ] GC(153) Metaspace: 6301K(6464K)->6301K(6464K) NonClass: 5768K(5824K)->5768K(5824K) Class: 533K(640K)->533K(640K)
[13.491s][info][gc             ] GC(153) Pause Young (Allocation Failure) 1974M->1974M(2210M) 64.952ms
[13.491s][info][gc,cpu         ] GC(153) User=0.36s Sys=0.02s Real=0.07s
[13.527s][info][gc,start       ] GC(154) Pause Young (Allocation Failure)
[13.602s][info][gc,heap        ] GC(154) PSYoungGen: 150784K(152576K)->138752K(168448K) Eden: 29696K(29696K)->0K(29696K) From: 121088K(122880K)->138752K(138752K)
[13.603s][info][gc,heap        ] GC(154) ParOldGen: 1901007K(2110464K)->1913143K(2110464K)
[13.603s][info][gc,metaspace   ] GC(154) Metaspace: 6301K(6464K)->6301K(6464K) NonClass: 5768K(5824K)->5768K(5824K) Class: 533K(640K)->533K(640K)
[13.603s][info][gc             ] GC(154) Pause Young (Allocation Failure) 2003M->2003M(2225M) 75.952ms
[13.603s][info][gc,cpu         ] GC(154) User=0.50s Sys=0.00s Real=0.08s
[13.635s][info][gc,start       ] GC(155) Pause Young (Allocation Failure)
[13.729s][info][gc,heap        ] GC(155) PSYoungGen: 168448K(168448K)->94848K(193024K) Eden: 29696K(29696K)->0K(33280K) From: 138752K(138752K)->94848K(159744K)
[13.729s][info][gc,heap        ] GC(155) ParOldGen: 1913143K(2110464K)->1987863K(2110464K)
[13.729s][info][gc,metaspace   ] GC(155) Metaspace: 6301K(6464K)->6301K(6464K) NonClass: 5768K(5824K)->5768K(5824K) Class: 533K(640K)->533K(640K)
[13.729s][info][gc             ] GC(155) Pause Young (Allocation Failure) 2032M->2033M(2249M) 93.947ms
[13.729s][info][gc,cpu         ] GC(155) User=0.48s Sys=0.08s Real=0.09s
[13.764s][info][gc,start       ] GC(156) Pause Young (Allocation Failure)
[13.835s][info][gc,heap        ] GC(156) PSYoungGen: 128128K(193024K)->89888K(194560K) Eden: 33280K(33280K)->0K(33280K) From: 94848K(159744K)->89888K(161280K)
[13.835s][info][gc,heap        ] GC(156) ParOldGen: 1987863K(2110464K)->2026551K(2110464K)
[13.835s][info][gc,metaspace   ] GC(156) Metaspace: 6301K(6464K)->6301K(6464K) NonClass: 5768K(5824K)->5768K(5824K) Class: 533K(640K)->533K(640K)
[13.835s][info][gc             ] GC(156) Pause Young (Allocation Failure) 2066M->2066M(2251M) 71.269ms
[13.835s][info][gc,cpu         ] GC(156) User=0.38s Sys=0.06s Real=0.07s
[13.869s][info][gc,start       ] GC(157) Pause Young (Allocation Failure)
[13.933s][info][gc,heap        ] GC(157) PSYoungGen: 123168K(194560K)->96480K(192000K) Eden: 33280K(33280K)->0K(37376K) From: 89888K(161280K)->96480K(154624K)
[13.933s][info][gc,heap        ] GC(157) ParOldGen: 2026551K(2110464K)->2053591K(2110464K)
[13.933s][info][gc,metaspace   ] GC(157) Metaspace: 6301K(6464K)->6301K(6464K) NonClass: 5768K(5824K)->5768K(5824K) Class: 533K(640K)->533K(640K)
[13.933s][info][gc             ] GC(157) Pause Young (Allocation Failure) 2099M->2099M(2248M) 63.326ms
[13.933s][info][gc,cpu         ] GC(157) User=0.48s Sys=0.03s Real=0.06s
[13.933s][info][gc,start       ] GC(158) Pause Full (Ergonomics)
[13.933s][info][gc,phases,start] GC(158) Marking Phase
[14.453s][info][gc,phases      ] GC(158) Marking Phase 520.010ms
[14.453s][info][gc,phases,start] GC(158) Summary Phase
[14.453s][info][gc,phases      ] GC(158) Summary Phase 0.059ms
[14.453s][info][gc,phases,start] GC(158) Adjust Roots
[14.453s][info][gc,phases      ] GC(158) Adjust Roots 0.206ms
[14.453s][info][gc,phases,start] GC(158) Compaction Phase
[14.674s][info][gc,phases      ] GC(158) Compaction Phase 221.325ms
[14.674s][info][gc,phases,start] GC(158) Post Compact
[14.679s][info][gc,phases      ] GC(158) Post Compact 4.482ms
[14.680s][info][gc,heap        ] GC(158) PSYoungGen: 96480K(192000K)->37411K(193536K) Eden: 0K(37376K)->0K(38912K) From: 96480K(154624K)->37411K(154624K)
[14.680s][info][gc,heap        ] GC(158) ParOldGen: 2053591K(2110464K)->2110163K(2337792K)
[14.680s][info][gc,metaspace   ] GC(158) Metaspace: 6301K(6464K)->6301K(6464K) NonClass: 5768K(5824K)->5768K(5824K) Class: 533K(640K)->533K(640K)
[14.680s][info][gc             ] GC(158) Pause Full (Ergonomics) 2099M->2097M(2472M) 747.370ms
[14.680s][info][gc,cpu         ] GC(158) User=4.91s Sys=0.05s Real=0.75s
[14.724s][info][gc,start       ] GC(159) Pause Young (Allocation Failure)
[14.861s][info][gc,heap        ] GC(159) PSYoungGen: 76323K(193536K)->66368K(105472K) Eden: 38912K(38912K)->0K(38912K) From: 37411K(154624K)->66368K(66560K)
[14.861s][info][gc,heap        ] GC(159) ParOldGen: 2110163K(2337792K)->2120539K(2337792K)
[14.861s][info][gc,metaspace   ] GC(159) Metaspace: 6301K(6464K)->6301K(6464K) NonClass: 5768K(5824K)->5768K(5824K) Class: 533K(640K)->533K(640K)
[14.861s][info][gc             ] GC(159) Pause Young (Allocation Failure) 2135M->2135M(2386M) 137.630ms
[14.861s][info][gc,cpu         ] GC(159) User=0.83s Sys=0.02s Real=0.14s
[14.910s][info][gc,start       ] GC(160) Pause Young (Allocation Failure)
[14.971s][info][gc,heap        ] GC(160) PSYoungGen: 105280K(105472K)->105280K(191488K) Eden: 38912K(38912K)->0K(40448K) From: 66368K(66560K)->105280K(151040K)
[14.971s][info][gc,heap        ] GC(160) ParOldGen: 2120539K(2337792K)->2120539K(2337792K)
[14.971s][info][gc,metaspace   ] GC(160) Metaspace: 6301K(6464K)->6301K(6464K) NonClass: 5768K(5824K)->5768K(5824K) Class: 533K(640K)->533K(640K)
[14.971s][info][gc             ] GC(160) Pause Young (Allocation Failure) 2173M->2173M(2470M) 60.732ms
[14.971s][info][gc,cpu         ] GC(160) User=0.36s Sys=0.00s Real=0.06s
[15.022s][info][gc,start       ] GC(161) Pause Young (Allocation Failure)
[15.107s][info][gc,heap        ] GC(161) PSYoungGen: 145728K(191488K)->130528K(194048K) Eden: 40448K(40448K)->0K(40448K) From: 105280K(151040K)->130528K(153600K)
[15.107s][info][gc,heap        ] GC(161) ParOldGen: 2120539K(2337792K)->2136011K(2337792K)
[15.107s][info][gc,metaspace   ] GC(161) Metaspace: 6301K(6464K)->6301K(6464K) NonClass: 5768K(5824K)->5768K(5824K) Class: 533K(640K)->533K(640K)
[15.107s][info][gc             ] GC(161) Pause Young (Allocation Failure) 2213M->2213M(2472M) 84.577ms
[15.107s][info][gc,cpu         ] GC(161) User=0.39s Sys=0.00s Real=0.08s
[15.155s][info][gc,start       ] GC(162) Pause Young (Allocation Failure)
[15.250s][info][gc,heap        ] GC(162) PSYoungGen: 170976K(194048K)->159104K(189952K) Eden: 40448K(40448K)->0K(25600K) From: 130528K(153600K)->159104K(164352K)
[15.251s][info][gc,heap        ] GC(162) ParOldGen: 2136011K(2337792K)->2148131K(2337792K)
[15.251s][info][gc,metaspace   ] GC(162) Metaspace: 6301K(6464K)->6301K(6464K) NonClass: 5768K(5824K)->5768K(5824K) Class: 533K(640K)->533K(640K)
[15.251s][info][gc             ] GC(162) Pause Young (Allocation Failure) 2252M->2253M(2468M) 95.598ms
[15.251s][info][gc,cpu         ] GC(162) User=0.58s Sys=0.05s Real=0.10s
[15.280s][info][gc,start       ] GC(163) Pause Young (Allocation Failure)
[15.384s][info][gc,heap        ] GC(163) PSYoungGen: 184704K(189952K)->145792K(209408K) Eden: 25600K(25600K)->0K(25600K) From: 159104K(164352K)->145792K(183808K)
[15.384s][info][gc,heap        ] GC(163) ParOldGen: 2148131K(2337792K)->2187571K(2337792K)
[15.384s][info][gc,metaspace   ] GC(163) Metaspace: 6301K(6464K)->6301K(6464K) NonClass: 5768K(5824K)->5768K(5824K) Class: 533K(640K)->533K(640K)
[15.384s][info][gc             ] GC(163) Pause Young (Allocation Failure) 2278M->2278M(2487M) 104.555ms
[15.384s][info][gc,cpu         ] GC(163) User=0.62s Sys=0.00s Real=0.10s
[15.414s][info][gc,start       ] GC(164) Pause Young (Allocation Failure)
[15.507s][info][gc,heap        ] GC(164) PSYoungGen: 171392K(209408K)->91872K(206848K) Eden: 25600K(25600K)->0K(29184K) From: 145792K(183808K)->91872K(177664K)
[15.507s][info][gc,heap        ] GC(164) ParOldGen: 2187571K(2337792K)->2267891K(2337792K)
[15.507s][info][gc,metaspace   ] GC(164) Metaspace: 6301K(6464K)->6301K(6464K) NonClass: 5768K(5824K)->5768K(5824K) Class: 533K(640K)->533K(640K)
[15.507s][info][gc             ] GC(164) Pause Young (Allocation Failure) 2303M->2304M(2485M) 93.203ms
[15.507s][info][gc,cpu         ] GC(164) User=0.58s Sys=0.06s Real=0.09s
[15.507s][info][gc,start       ] GC(165) Pause Full (Ergonomics)
[15.507s][info][gc,phases,start] GC(165) Marking Phase
[16.090s][info][gc,phases      ] GC(165) Marking Phase 583.392ms
[16.090s][info][gc,phases,start] GC(165) Summary Phase
[16.090s][info][gc,phases      ] GC(165) Summary Phase 0.062ms
[16.090s][info][gc,phases,start] GC(165) Adjust Roots
[16.091s][info][gc,phases      ] GC(165) Adjust Roots 0.292ms
[16.091s][info][gc,phases,start] GC(165) Compaction Phase
[16.322s][info][gc,phases      ] GC(165) Compaction Phase 231.481ms
[16.322s][info][gc,phases,start] GC(165) Post Compact
[16.328s][info][gc,phases      ] GC(165) Post Compact 5.708ms
[16.329s][info][gc,heap        ] GC(165) PSYoungGen: 91872K(206848K)->20017K(210944K) Eden: 0K(29184K)->0K(33280K) From: 91872K(177664K)->20017K(177664K)
[16.329s][info][gc,heap        ] GC(165) ParOldGen: 2267891K(2337792K)->2337291K(2593280K)
[16.329s][info][gc,metaspace   ] GC(165) Metaspace: 6301K(6464K)->6301K(6464K) NonClass: 5768K(5824K)->5768K(5824K) Class: 533K(640K)->533K(640K)
[16.329s][info][gc             ] GC(165) Pause Full (Ergonomics) 2304M->2302M(2738M) 822.363ms
[16.329s][info][gc,cpu         ] GC(165) User=5.67s Sys=0.02s Real=0.82s
[16.369s][info][gc,start       ] GC(166) Pause Young (Allocation Failure)
[16.504s][info][gc,heap        ] GC(166) PSYoungGen: 53297K(210944K)->39104K(219136K) Eden: 33280K(33280K)->0K(33280K) From: 20017K(177664K)->39104K(185856K)
[16.504s][info][gc,heap        ] GC(166) ParOldGen: 2337291K(2593280K)->2351851K(2593280K)
[16.504s][info][gc,metaspace   ] GC(166) Metaspace: 6301K(6464K)->6301K(6464K) NonClass: 5768K(5824K)->5768K(5824K) Class: 533K(640K)->533K(640K)
[16.504s][info][gc             ] GC(166) Pause Young (Allocation Failure) 2334M->2334M(2746M) 134.237ms
[16.504s][info][gc,cpu         ] GC(166) User=0.84s Sys=0.00s Real=0.13s
[16.545s][info][gc,start       ] GC(167) Pause Young (Allocation Failure)
[16.587s][info][gc,heap        ] GC(167) PSYoungGen: 72384K(219136K)->66720K(213504K) Eden: 33280K(33280K)->0K(36864K) From: 39104K(185856K)->66720K(176640K)
[16.587s][info][gc,heap        ] GC(167) ParOldGen: 2351851K(2593280K)->2357571K(2593280K)
[16.587s][info][gc,metaspace   ] GC(167) Metaspace: 6301K(6464K)->6301K(6464K) NonClass: 5768K(5824K)->5768K(5824K) Class: 533K(640K)->533K(640K)
[16.587s][info][gc             ] GC(167) Pause Young (Allocation Failure) 2367M->2367M(2741M) 42.753ms
[16.587s][info][gc,cpu         ] GC(167) User=0.23s Sys=0.00s Real=0.04s
[16.636s][info][gc,start       ] GC(168) Pause Young (Allocation Failure)
[16.692s][info][gc,heap        ] GC(168) PSYoungGen: 103584K(213504K)->70368K(107520K) Eden: 36864K(36864K)->0K(36864K) From: 66720K(176640K)->70368K(70656K)
[16.692s][info][gc,heap        ] GC(168) ParOldGen: 2357571K(2593280K)->2391147K(2593280K)
[16.692s][info][gc,metaspace   ] GC(168) Metaspace: 6301K(6464K)->6301K(6464K) NonClass: 5768K(5824K)->5768K(5824K) Class: 533K(640K)->533K(640K)
[16.692s][info][gc             ] GC(168) Pause Young (Allocation Failure) 2403M->2403M(2637M) 56.449ms
[16.692s][info][gc,cpu         ] GC(168) User=0.36s Sys=0.00s Real=0.06s
[16.736s][info][gc,start       ] GC(169) Pause Young (Allocation Failure)
[16.795s][info][gc,heap        ] GC(169) PSYoungGen: 107232K(107520K)->73952K(204800K) Eden: 36864K(36864K)->0K(41472K) From: 70368K(70656K)->73952K(163328K)
[16.795s][info][gc,heap        ] GC(169) ParOldGen: 2391147K(2593280K)->2424715K(2593280K)
[16.795s][info][gc,metaspace   ] GC(169) Metaspace: 6301K(6464K)->6301K(6464K) NonClass: 5768K(5824K)->5768K(5824K) Class: 533K(640K)->533K(640K)
[16.795s][info][gc             ] GC(169) Pause Young (Allocation Failure) 2439M->2440M(2732M) 59.607ms
[16.795s][info][gc,cpu         ] GC(169) User=0.34s Sys=0.03s Real=0.06s
[16.843s][info][gc,start       ] GC(170) Pause Young (Allocation Failure)
[16.906s][info][gc,heap        ] GC(170) PSYoungGen: 115424K(204800K)->78592K(120320K) Eden: 41472K(41472K)->0K(41472K) From: 73952K(163328K)->78592K(78848K)
[16.906s][info][gc,heap        ] GC(170) ParOldGen: 2424715K(2593280K)->2461907K(2593280K)
[16.906s][info][gc,metaspace   ] GC(170) Metaspace: 6301K(6464K)->6301K(6464K) NonClass: 5768K(5824K)->5768K(5824K) Class: 533K(640K)->533K(640K)
[16.906s][info][gc             ] GC(170) Pause Young (Allocation Failure) 2480M->2480M(2650M) 62.406ms
[16.906s][info][gc,cpu         ] GC(170) User=0.34s Sys=0.03s Real=0.06s
[16.953s][info][gc,start       ] GC(171) Pause Young (Allocation Failure)
[17.020s][info][gc,heap        ] GC(171) PSYoungGen: 120064K(120320K)->83168K(195072K) Eden: 41472K(41472K)->0K(46592K) From: 78592K(78848K)->83168K(148480K)
[17.021s][info][gc,heap        ] GC(171) ParOldGen: 2461907K(2593280K)->2499115K(2593280K)
[17.021s][info][gc,metaspace   ] GC(171) Metaspace: 6301K(6464K)->6301K(6464K) NonClass: 5768K(5824K)->5768K(5824K) Class: 533K(640K)->533K(640K)
[17.021s][info][gc             ] GC(171) Pause Young (Allocation Failure) 2521M->2521M(2723M) 67.147ms
[17.021s][info][gc,cpu         ] GC(171) User=0.41s Sys=0.00s Real=0.07s
[17.081s][info][gc,start       ] GC(172) Pause Young (Allocation Failure)
[17.154s][info][gc,heap        ] GC(172) PSYoungGen: 129760K(195072K)->88288K(135168K) Eden: 46592K(46592K)->0K(46592K) From: 83168K(148480K)->88288K(88576K)
[17.154s][info][gc,heap        ] GC(172) ParOldGen: 2499115K(2593280K)->2540955K(2593280K)
[17.154s][info][gc,metaspace   ] GC(172) Metaspace: 6301K(6464K)->6301K(6464K) NonClass: 5768K(5824K)->5768K(5824K) Class: 533K(640K)->533K(640K)
[17.154s][info][gc             ] GC(172) Pause Young (Allocation Failure) 2567M->2567M(2664M) 73.250ms
[17.154s][info][gc,cpu         ] GC(172) User=0.52s Sys=0.00s Real=0.07s
[17.154s][info][gc,start       ] GC(173) Pause Full (Ergonomics)
[17.154s][info][gc,phases,start] GC(173) Marking Phase
[17.755s][info][gc,phases      ] GC(173) Marking Phase 600.569ms
[17.755s][info][gc,phases,start] GC(173) Summary Phase
[17.755s][info][gc,phases      ] GC(173) Summary Phase 0.041ms
[17.755s][info][gc,phases,start] GC(173) Adjust Roots
[17.755s][info][gc,phases      ] GC(173) Adjust Roots 0.159ms
[17.755s][info][gc,phases,start] GC(173) Compaction Phase
[17.971s][info][gc,phases      ] GC(173) Compaction Phase 215.792ms
[17.971s][info][gc,phases,start] GC(173) Post Compact
[17.976s][info][gc,phases      ] GC(173) Post Compact 4.665ms
[17.977s][info][gc,heap        ] GC(173) PSYoungGen: 88288K(135168K)->33830K(135168K) Eden: 0K(46592K)->0K(46592K) From: 88288K(88576K)->33830K(88576K)
[17.977s][info][gc,heap        ] GC(173) ParOldGen: 2540955K(2593280K)->2593086K(2859008K)
[17.977s][info][gc,metaspace   ] GC(173) Metaspace: 6301K(6464K)->6301K(6464K) NonClass: 5768K(5824K)->5768K(5824K) Class: 533K(640K)->533K(640K)
[17.977s][info][gc             ] GC(173) Pause Full (Ergonomics) 2567M->2565M(2924M) 822.685ms
[17.977s][info][gc,cpu         ] GC(173) User=6.39s Sys=0.00s Real=0.82s
[18.036s][info][gc,start       ] GC(174) Pause Young (Allocation Failure)
[18.194s][info][gc,heap        ] GC(174) PSYoungGen: 80422K(135168K)->62496K(194560K) Eden: 46592K(46592K)->0K(51200K) From: 33830K(88576K)->62496K(143360K)
[18.194s][info][gc,heap        ] GC(174) ParOldGen: 2593086K(2859008K)->2611438K(2859008K)
[18.194s][info][gc,metaspace   ] GC(174) Metaspace: 6301K(6464K)->6301K(6464K) NonClass: 5768K(5824K)->5768K(5824K) Class: 533K(640K)->533K(640K)
[18.194s][info][gc             ] GC(174) Pause Young (Allocation Failure) 2610M->2611M(2982M) 157.156ms
[18.194s][info][gc,cpu         ] GC(174) User=0.98s Sys=0.00s Real=0.16s
[18.256s][info][gc,start       ] GC(175) Pause Young (Allocation Failure)
[18.319s][info][gc,heap        ] GC(175) PSYoungGen: 113696K(194560K)->113792K(198144K) Eden: 51200K(51200K)->0K(51200K) From: 62496K(143360K)->113792K(146944K)
[18.319s][info][gc,heap        ] GC(175) ParOldGen: 2611438K(2859008K)->2611438K(2859008K)
[18.319s][info][gc,metaspace   ] GC(175) Metaspace: 6301K(6464K)->6301K(6464K) NonClass: 5768K(5824K)->5768K(5824K) Class: 533K(640K)->533K(640K)
[18.319s][info][gc             ] GC(175) Pause Young (Allocation Failure) 2661M->2661M(2985M) 62.562ms
[18.319s][info][gc,cpu         ] GC(175) User=0.39s Sys=0.00s Real=0.06s
[18.376s][info][gc,start       ] GC(176) Pause Young (Allocation Failure)
[18.471s][info][gc,heap        ] GC(176) PSYoungGen: 164992K(198144K)->152064K(185856K) Eden: 51200K(51200K)->0K(33792K) From: 113792K(146944K)->152064K(152064K)
[18.471s][info][gc,heap        ] GC(176) ParOldGen: 2611438K(2859008K)->2624438K(2859008K)
[18.471s][info][gc,metaspace   ] GC(176) Metaspace: 6301K(6464K)->6301K(6464K) NonClass: 5768K(5824K)->5768K(5824K) Class: 533K(640K)->533K(640K)
[18.471s][info][gc             ] GC(176) Pause Young (Allocation Failure) 2711M->2711M(2973M) 95.026ms
[18.471s][info][gc,cpu         ] GC(176) User=0.59s Sys=0.02s Real=0.10s
[18.510s][info][gc,start       ] GC(177) Pause Young (Allocation Failure)
[18.614s][info][gc,heap        ] GC(177) PSYoungGen: 185856K(185856K)->129120K(208384K) Eden: 33792K(33792K)->0K(33792K) From: 152064K(152064K)->129120K(174592K)
[18.614s][info][gc,heap        ] GC(177) ParOldGen: 2624438K(2859008K)->2681758K(2859008K)
[18.614s][info][gc,metaspace   ] GC(177) Metaspace: 6301K(6464K)->6301K(6464K) NonClass: 5768K(5824K)->5768K(5824K) Class: 533K(640K)->533K(640K)
[18.614s][info][gc             ] GC(177) Pause Young (Allocation Failure) 2744M->2744M(2995M) 103.701ms
[18.614s][info][gc,cpu         ] GC(177) User=0.72s Sys=0.03s Real=0.10s
[19.182s][info][gc,start       ] GC(178) Pause Full (Ergonomics)
[19.182s][info][gc,phases,start] GC(178) Marking Phase
[19.830s][info][gc,phases      ] GC(178) Marking Phase 647.925ms
[19.830s][info][gc,phases,start] GC(178) Summary Phase
[19.830s][info][gc,phases      ] GC(178) Summary Phase 0.044ms
[19.830s][info][gc,phases,start] GC(178) Adjust Roots
[19.830s][info][gc,phases      ] GC(178) Adjust Roots 0.200ms
[19.830s][info][gc,phases,start] GC(178) Compaction Phase
[20.291s][info][gc,phases      ] GC(178) Compaction Phase 460.456ms
[20.291s][info][gc,phases,start] GC(178) Post Compact
[20.297s][info][gc,phases      ] GC(178) Post Compact 6.196ms
[20.298s][info][gc,heap        ] GC(178) PSYoungGen: 162912K(208384K)->50020K(208384K) Eden: 33792K(33792K)->0K(33792K) From: 129120K(174592K)->50020K(174592K)
[20.298s][info][gc,heap        ] GC(178) ParOldGen: 2812830K(2859008K)->2858856K(3146752K)
[20.298s][info][gc,metaspace   ] GC(178) Metaspace: 6301K(6464K)->6301K(6464K) NonClass: 5768K(5824K)->5768K(5824K) Class: 533K(640K)->533K(640K)
[20.298s][info][gc             ] GC(178) Pause Full (Ergonomics) 2905M->2840M(3276M) 1116.137ms
[20.298s][info][gc,cpu         ] GC(178) User=7.83s Sys=0.03s Real=1.12s
[20.341s][info][gc,start       ] GC(179) Pause Young (Allocation Failure)
[20.501s][info][gc,heap        ] GC(179) PSYoungGen: 83812K(208384K)->71680K(208896K) Eden: 33792K(33792K)->0K(37376K) From: 50020K(174592K)->71680K(171520K)
[20.501s][info][gc,heap        ] GC(179) ParOldGen: 2858856K(3146752K)->2871424K(3146752K)
[20.501s][info][gc,metaspace   ] GC(179) Metaspace: 6301K(6464K)->6301K(6464K) NonClass: 5768K(5824K)->5768K(5824K) Class: 533K(640K)->533K(640K)
[20.501s][info][gc             ] GC(179) Pause Young (Allocation Failure) 2873M->2874M(3277M) 160.120ms
[20.501s][info][gc,cpu         ] GC(179) User=0.91s Sys=0.02s Real=0.16s
[20.542s][info][gc,start       ] GC(180) Pause Young (Allocation Failure)
[20.610s][info][gc,heap        ] GC(180) PSYoungGen: 109056K(208896K)->109088K(212992K) Eden: 37376K(37376K)->0K(37376K) From: 71680K(171520K)->109088K(175616K)
[20.610s][info][gc,heap        ] GC(180) ParOldGen: 2871424K(3146752K)->2871424K(3146752K)
[20.610s][info][gc,metaspace   ] GC(180) Metaspace: 6301K(6464K)->6301K(6464K) NonClass: 5768K(5824K)->5768K(5824K) Class: 533K(640K)->533K(640K)
[20.610s][info][gc             ] GC(180) Pause Young (Allocation Failure) 2910M->2910M(3281M) 67.753ms
[20.610s][info][gc,cpu         ] GC(180) User=0.17s Sys=0.00s Real=0.07s
[20.650s][info][gc,start       ] GC(181) Pause Young (Allocation Failure)
[20.725s][info][gc,heap        ] GC(181) PSYoungGen: 146464K(212992K)->122848K(212480K) Eden: 37376K(37376K)->0K(39424K) From: 109088K(175616K)->122848K(173056K)
[20.725s][info][gc,heap        ] GC(181) ParOldGen: 2871424K(3146752K)->2895232K(3146752K)
[20.725s][info][gc,metaspace   ] GC(181) Metaspace: 6301K(6464K)->6301K(6464K) NonClass: 5768K(5824K)->5768K(5824K) Class: 533K(640K)->533K(640K)
[20.725s][info][gc             ] GC(181) Pause Young (Allocation Failure) 2947M->2947M(3280M) 74.566ms
[20.725s][info][gc,cpu         ] GC(181) User=0.34s Sys=0.00s Real=0.08s
[20.763s][info][gc,start       ] GC(182) Pause Young (Allocation Failure)
[20.844s][info][gc,heap        ] GC(182) PSYoungGen: 162272K(212480K)->148256K(214528K) Eden: 39424K(39424K)->0K(39424K) From: 122848K(173056K)->148256K(175104K)
[20.844s][info][gc,heap        ] GC(182) ParOldGen: 2895232K(3146752K)->2909440K(3146752K)
[20.844s][info][gc,metaspace   ] GC(182) Metaspace: 6301K(6464K)->6301K(6464K) NonClass: 5768K(5824K)->5768K(5824K) Class: 533K(640K)->533K(640K)
[20.844s][info][gc             ] GC(182) Pause Young (Allocation Failure) 2985M->2986M(3282M) 80.987ms
[20.844s][info][gc,cpu         ] GC(182) User=0.33s Sys=0.00s Real=0.08s
[20.884s][info][gc,start       ] GC(183) Pause Young (Allocation Failure)
[20.976s][info][gc,heap        ] GC(183) PSYoungGen: 187680K(214528K)->153952K(219136K) Eden: 39424K(39424K)->0K(33792K) From: 148256K(175104K)->153952K(185344K)
[20.976s][info][gc,heap        ] GC(183) ParOldGen: 2909440K(3146752K)->2943544K(3146752K)
[20.976s][info][gc,metaspace   ] GC(183) Metaspace: 6301K(6464K)->6301K(6464K) NonClass: 5768K(5824K)->5768K(5824K) Class: 533K(640K)->533K(640K)
[20.976s][info][gc             ] GC(183) Pause Young (Allocation Failure) 3024M->3024M(3287M) 92.498ms
[20.976s][info][gc,cpu         ] GC(183) User=0.55s Sys=0.00s Real=0.09s
[21.009s][info][gc,start       ] GC(184) Pause Young (Allocation Failure)
[21.102s][info][gc,heap        ] GC(184) PSYoungGen: 187744K(219136K)->112928K(146944K) Eden: 33792K(33792K)->0K(33792K) From: 153952K(185344K)->112928K(113152K)
[21.102s][info][gc,heap        ] GC(184) ParOldGen: 2943544K(3146752K)->3018920K(3146752K)
[21.102s][info][gc,metaspace   ] GC(184) Metaspace: 6301K(6464K)->6301K(6464K) NonClass: 5768K(5824K)->5768K(5824K) Class: 533K(640K)->533K(640K)
[21.102s][info][gc             ] GC(184) Pause Young (Allocation Failure) 3057M->3058M(3216M) 93.156ms
[21.102s][info][gc,cpu         ] GC(184) User=0.72s Sys=0.00s Real=0.09s
[21.138s][info][gc,start       ] GC(185) Pause Young (Allocation Failure)
[21.213s][info][gc,heap        ] GC(185) PSYoungGen: 146720K(146944K)->67808K(226304K) Eden: 33792K(33792K)->0K(38912K) From: 112928K(113152K)->67808K(187392K)
[21.213s][info][gc,heap        ] GC(185) ParOldGen: 3018920K(3146752K)->3098464K(3146752K)
[21.213s][info][gc,metaspace   ] GC(185) Metaspace: 6301K(6464K)->6301K(6464K) NonClass: 5768K(5824K)->5768K(5824K) Class: 533K(640K)->533K(640K)
[21.213s][info][gc             ] GC(185) Pause Young (Allocation Failure) 3091M->3092M(3294M) 75.437ms
[21.213s][info][gc,cpu         ] GC(185) User=0.39s Sys=0.00s Real=0.08s
[21.213s][info][gc,start       ] GC(186) Pause Full (Ergonomics)
[21.213s][info][gc,phases,start] GC(186) Marking Phase
[21.923s][info][gc,phases      ] GC(186) Marking Phase 709.330ms
[21.923s][info][gc,phases,start] GC(186) Summary Phase
[21.923s][info][gc,phases      ] GC(186) Summary Phase 0.044ms
[21.923s][info][gc,phases,start] GC(186) Adjust Roots
[21.923s][info][gc,phases      ] GC(186) Adjust Roots 0.177ms
[21.923s][info][gc,phases,start] GC(186) Compaction Phase
[22.240s][info][gc,phases      ] GC(186) Compaction Phase 317.053ms
[22.240s][info][gc,phases,start] GC(186) Post Compact
[22.246s][info][gc,phases      ] GC(186) Post Compact 5.953ms
[22.247s][info][gc,heap        ] GC(186) PSYoungGen: 67808K(226304K)->16947K(226816K) Eden: 0K(38912K)->0K(39424K) From: 67808K(187392K)->16947K(187392K)
[22.247s][info][gc,heap        ] GC(186) ParOldGen: 3098464K(3146752K)->3146692K(3475456K)
[22.247s][info][gc,metaspace   ] GC(186) Metaspace: 6301K(6464K)->6301K(6464K) NonClass: 5768K(5824K)->5768K(5824K) Class: 533K(640K)->533K(640K)
[22.247s][info][gc             ] GC(186) Pause Full (Ergonomics) 3092M->3089M(3615M) 1034.096ms
[22.247s][info][gc,cpu         ] GC(186) User=7.52s Sys=0.00s Real=1.04s
[22.295s][info][gc,start       ] GC(187) Pause Young (Allocation Failure)
[22.456s][info][gc,heap        ] GC(187) PSYoungGen: 56371K(226816K)->39552K(227328K) Eden: 39424K(39424K)->0K(39424K) From: 16947K(187392K)->39552K(187904K)
[22.456s][info][gc,heap        ] GC(187) ParOldGen: 3146692K(3475456K)->3163820K(3475456K)
[22.456s][info][gc,metaspace   ] GC(187) Metaspace: 6301K(6464K)->6301K(6464K) NonClass: 5768K(5824K)->5768K(5824K) Class: 533K(640K)->533K(640K)
[22.456s][info][gc             ] GC(187) Pause Young (Allocation Failure) 3127M->3128M(3616M) 160.926ms
[22.456s][info][gc,cpu         ] GC(187) User=0.92s Sys=0.00s Real=0.16s
[22.497s][info][gc,start       ] GC(188) Pause Young (Allocation Failure)
[22.555s][info][gc,heap        ] GC(188) PSYoungGen: 78976K(227328K)->39552K(234496K) Eden: 39424K(39424K)->0K(43520K) From: 39552K(187904K)->39552K(190976K)
[22.555s][info][gc,heap        ] GC(188) ParOldGen: 3163820K(3475456K)->3203596K(3475456K)
[22.555s][info][gc,metaspace   ] GC(188) Metaspace: 6301K(6464K)->6301K(6464K) NonClass: 5768K(5824K)->5768K(5824K) Class: 533K(640K)->533K(640K)
[22.555s][info][gc             ] GC(188) Pause Young (Allocation Failure) 3166M->3167M(3623M) 57.180ms
[22.555s][info][gc,cpu         ] GC(188) User=0.17s Sys=0.00s Real=0.06s
[22.601s][info][gc,start       ] GC(189) Pause Young (Allocation Failure)
[22.661s][info][gc,heap        ] GC(189) PSYoungGen: 83072K(234496K)->43712K(235008K) Eden: 43520K(43520K)->0K(43520K) From: 39552K(190976K)->43712K(191488K)
[22.661s][info][gc,heap        ] GC(189) ParOldGen: 3203596K(3475456K)->3243388K(3475456K)
[22.661s][info][gc,metaspace   ] GC(189) Metaspace: 6301K(6464K)->6301K(6464K) NonClass: 5768K(5824K)->5768K(5824K) Class: 533K(640K)->533K(640K)
[22.661s][info][gc             ] GC(189) Pause Young (Allocation Failure) 3209M->3210M(3623M) 59.144ms
[22.661s][info][gc,cpu         ] GC(189) User=0.20s Sys=0.00s Real=0.06s
[22.709s][info][gc,start       ] GC(190) Pause Young (Allocation Failure)
[22.768s][info][gc,heap        ] GC(190) PSYoungGen: 87232K(235008K)->43712K(233472K) Eden: 43520K(43520K)->0K(48640K) From: 43712K(191488K)->43712K(184832K)
[22.768s][info][gc,heap        ] GC(190) ParOldGen: 3243388K(3475456K)->3287316K(3475456K)
[22.768s][info][gc,metaspace   ] GC(190) Metaspace: 6301K(6464K)->6301K(6464K) NonClass: 5768K(5824K)->5768K(5824K) Class: 533K(640K)->533K(640K)
[22.768s][info][gc             ] GC(190) Pause Young (Allocation Failure) 3252M->3252M(3622M) 58.894ms
[22.768s][info][gc,cpu         ] GC(190) User=0.27s Sys=0.03s Real=0.06s
[22.822s][info][gc,start       ] GC(191) Pause Young (Allocation Failure)
[22.882s][info][gc,heap        ] GC(191) PSYoungGen: 92352K(233472K)->48832K(236032K) Eden: 48640K(48640K)->0K(48640K) From: 43712K(184832K)->48832K(187392K)
[22.882s][info][gc,heap        ] GC(191) ParOldGen: 3287316K(3475456K)->3331228K(3475456K)
[22.882s][info][gc,metaspace   ] GC(191) Metaspace: 6301K(6464K)->6301K(6464K) NonClass: 5768K(5824K)->5768K(5824K) Class: 533K(640K)->533K(640K)
[22.882s][info][gc             ] GC(191) Pause Young (Allocation Failure) 3300M->3300M(3624M) 60.649ms
[22.882s][info][gc,cpu         ] GC(191) User=0.19s Sys=0.00s Real=0.06s
[22.933s][info][gc,start       ] GC(192) Pause Young (Allocation Failure)
[22.996s][info][gc,heap        ] GC(192) PSYoungGen: 97472K(236032K)->48864K(227840K) Eden: 48640K(48640K)->0K(54272K) From: 48832K(187392K)->48864K(173568K)
[22.996s][info][gc,heap        ] GC(192) ParOldGen: 3331228K(3475456K)->3380300K(3475456K)
[22.996s][info][gc,metaspace   ] GC(192) Metaspace: 6301K(6464K)->6301K(6464K) NonClass: 5768K(5824K)->5768K(5824K) Class: 533K(640K)->533K(640K)
[22.996s][info][gc             ] GC(192) Pause Young (Allocation Failure) 3348M->3348M(3616M) 63.353ms
[22.996s][info][gc,cpu         ] GC(192) User=0.25s Sys=0.03s Real=0.06s
[23.049s][info][gc,start       ] GC(193) Pause Young (Allocation Failure)
[23.117s][info][gc,heap        ] GC(193) PSYoungGen: 103136K(227840K)->54496K(232448K) Eden: 54272K(54272K)->0K(54272K) From: 48864K(173568K)->54496K(178176K)
[23.117s][info][gc,heap        ] GC(193) ParOldGen: 3380300K(3475456K)->3429388K(3475456K)
[23.117s][info][gc,metaspace   ] GC(193) Metaspace: 6301K(6464K)->6301K(6464K) NonClass: 5768K(5824K)->5768K(5824K) Class: 533K(640K)->533K(640K)
[23.117s][info][gc             ] GC(193) Pause Young (Allocation Failure) 3401M->3402M(3621M) 68.272ms
[23.117s][info][gc,cpu         ] GC(193) User=0.34s Sys=0.03s Real=0.07s
[23.117s][info][gc,start       ] GC(194) Pause Full (Ergonomics)
[23.117s][info][gc,phases,start] GC(194) Marking Phase
[23.895s][info][gc,phases      ] GC(194) Marking Phase 777.587ms
[23.895s][info][gc,phases,start] GC(194) Summary Phase
[23.895s][info][gc,phases      ] GC(194) Summary Phase 0.048ms
[23.895s][info][gc,phases,start] GC(194) Adjust Roots
[23.895s][info][gc,phases      ] GC(194) Adjust Roots 0.165ms
[23.895s][info][gc,phases,start] GC(194) Compaction Phase
[24.234s][info][gc,phases      ] GC(194) Compaction Phase 339.498ms
[24.235s][info][gc,phases,start] GC(194) Post Compact
[24.241s][info][gc,phases      ] GC(194) Post Compact 6.500ms
[24.242s][info][gc,heap        ] GC(194) PSYoungGen: 54496K(232448K)->5702K(232448K) Eden: 0K(54272K)->0K(54272K) From: 54496K(178176K)->5702K(178176K)
[24.242s][info][gc,heap        ] GC(194) ParOldGen: 3429388K(3475456K)->3475158K(3819008K)
[24.242s][info][gc,metaspace   ] GC(194) Metaspace: 6301K(6464K)->6301K(6464K) NonClass: 5768K(5824K)->5768K(5824K) Class: 533K(640K)->533K(640K)
[24.242s][info][gc             ] GC(194) Pause Full (Ergonomics) 3402M->3399M(3956M) 1125.272ms
[24.242s][info][gc,cpu         ] GC(194) User=8.20s Sys=0.11s Real=1.13s
[24.295s][info][gc,start       ] GC(195) Pause Young (Allocation Failure)
[24.470s][info][gc,heap        ] GC(195) PSYoungGen: 59974K(232448K)->54496K(218112K) Eden: 54272K(54272K)->0K(59904K) From: 5702K(178176K)->54496K(158208K)
[24.470s][info][gc,heap        ] GC(195) ParOldGen: 3475158K(3819008K)->3480950K(3819008K)
[24.470s][info][gc,metaspace   ] GC(195) Metaspace: 6301K(6464K)->6301K(6464K) NonClass: 5768K(5824K)->5768K(5824K) Class: 533K(640K)->533K(640K)
[24.470s][info][gc             ] GC(195) Pause Young (Allocation Failure) 3452M->3452M(3942M) 175.385ms
[24.470s][info][gc,cpu         ] GC(195) User=1.16s Sys=0.00s Real=0.17s
[24.537s][info][gc,start       ] GC(196) Pause Young (Allocation Failure)
[24.603s][info][gc,heap        ] GC(196) PSYoungGen: 114400K(218112K)->114496K(225280K) Eden: 59904K(59904K)->0K(59904K) From: 54496K(158208K)->114496K(165376K)
[24.603s][info][gc,heap        ] GC(196) ParOldGen: 3480950K(3819008K)->3480950K(3819008K)
[24.603s][info][gc,metaspace   ] GC(196) Metaspace: 6301K(6464K)->6301K(6464K) NonClass: 5768K(5824K)->5768K(5824K) Class: 533K(640K)->533K(640K)
[24.603s][info][gc             ] GC(196) Pause Young (Allocation Failure) 3511M->3511M(3949M) 66.751ms
[24.603s][info][gc,cpu         ] GC(196) User=0.30s Sys=0.00s Real=0.07s
[24.669s][info][gc,start       ] GC(197) Pause Young (Allocation Failure)
[24.756s][info][gc,heap        ] GC(197) PSYoungGen: 174400K(225280K)->171520K(210944K) Eden: 59904K(59904K)->0K(39424K) From: 114496K(165376K)->171520K(171520K)
[24.756s][info][gc,heap        ] GC(197) ParOldGen: 3480950K(3819008K)->3483854K(3819008K)
[24.756s][info][gc,metaspace   ] GC(197) Metaspace: 6301K(6464K)->6301K(6464K) NonClass: 5768K(5824K)->5768K(5824K) Class: 533K(640K)->533K(640K)
[24.756s][info][gc             ] GC(197) Pause Young (Allocation Failure) 3569M->3569M(3935M) 86.709ms
[24.756s][info][gc,cpu         ] GC(197) User=0.53s Sys=0.00s Real=0.09s
[24.797s][info][gc,start       ] GC(198) Pause Young (Allocation Failure)
[24.904s][info][gc,heap        ] GC(198) PSYoungGen: 210944K(210944K)->98016K(137728K) Eden: 39424K(39424K)->0K(39424K) From: 171520K(171520K)->98016K(98304K)
[24.904s][info][gc,heap        ] GC(198) ParOldGen: 3483854K(3819008K)->3597782K(3819008K)
[24.904s][info][gc,metaspace   ] GC(198) Metaspace: 6301K(6464K)->6301K(6464K) NonClass: 5768K(5824K)->5768K(5824K) Class: 533K(640K)->533K(640K)
[24.904s][info][gc             ] GC(198) Pause Young (Allocation Failure) 3608M->3609M(3864M) 106.694ms
[24.904s][info][gc,cpu         ] GC(198) User=0.70s Sys=0.06s Real=0.11s
[24.941s][info][gc,start       ] GC(199) Pause Young (Allocation Failure)
[25.018s][info][gc,heap        ] GC(199) PSYoungGen: 137440K(137728K)->79104K(219136K) Eden: 39424K(39424K)->0K(44544K) From: 98016K(98304K)->79104K(174592K)
[25.018s][info][gc,heap        ] GC(199) ParOldGen: 3597782K(3819008K)->3656630K(3819008K)
[25.018s][info][gc,metaspace   ] GC(199) Metaspace: 6301K(6464K)->6301K(6464K) NonClass: 5768K(5824K)->5768K(5824K) Class: 533K(640K)->533K(640K)
[25.018s][info][gc             ] GC(199) Pause Young (Allocation Failure) 3647M->3648M(3943M) 76.965ms
[25.018s][info][gc,cpu         ] GC(199) User=0.36s Sys=0.08s Real=0.08s
[25.063s][info][gc,start       ] GC(200) Pause Young (Allocation Failure)
[25.135s][info][gc,heap        ] GC(200) PSYoungGen: 123648K(219136K)->84192K(129024K) Eden: 44544K(44544K)->0K(44544K) From: 79104K(174592K)->84192K(84480K)
[25.135s][info][gc,heap        ] GC(200) ParOldGen: 3656630K(3819008K)->3696398K(3819008K)
[25.135s][info][gc,metaspace   ] GC(200) Metaspace: 6301K(6464K)->6301K(6464K) NonClass: 5768K(5824K)->5768K(5824K) Class: 533K(640K)->533K(640K)
[25.135s][info][gc             ] GC(200) Pause Young (Allocation Failure) 3691M->3691M(3855M) 72.344ms
[25.135s][info][gc,cpu         ] GC(200) User=0.36s Sys=0.02s Real=0.07s
[25.183s][info][gc,start       ] GC(201) Pause Young (Allocation Failure)
[25.254s][info][gc,heap        ] GC(201) PSYoungGen: 128736K(129024K)->44736K(220672K) Eden: 44544K(44544K)->0K(50176K) From: 84192K(84480K)->44736K(170496K)
[25.254s][info][gc,heap        ] GC(201) ParOldGen: 3696398K(3819008K)->3781118K(3819008K)
[25.254s][info][gc,metaspace   ] GC(201) Metaspace: 6301K(6464K)->6301K(6464K) NonClass: 5768K(5824K)->5768K(5824K) Class: 533K(640K)->533K(640K)
[25.254s][info][gc             ] GC(201) Pause Young (Allocation Failure) 3735M->3736M(3945M) 71.523ms
[25.254s][info][gc,cpu         ] GC(201) User=0.39s Sys=0.03s Real=0.07s
[25.254s][info][gc,start       ] GC(202) Pause Full (Ergonomics)
[25.254s][info][gc,phases,start] GC(202) Marking Phase
[26.124s][info][gc,phases      ] GC(202) Marking Phase 869.628ms
[26.124s][info][gc,phases,start] GC(202) Summary Phase
[26.124s][info][gc,phases      ] GC(202) Summary Phase 0.060ms
[26.124s][info][gc,phases,start] GC(202) Adjust Roots
[26.124s][info][gc,phases      ] GC(202) Adjust Roots 0.205ms
[26.124s][info][gc,phases,start] GC(202) Compaction Phase
[26.491s][info][gc,phases      ] GC(202) Compaction Phase 366.753ms
[26.491s][info][gc,phases,start] GC(202) Post Compact
[26.498s][info][gc,phases      ] GC(202) Post Compact 7.041ms
[26.499s][info][gc,heap        ] GC(202) PSYoungGen: 44736K(220672K)->3655K(222208K) Eden: 0K(50176K)->0K(51712K) From: 44736K(170496K)->3655K(170496K)
[26.499s][info][gc,heap        ] GC(202) ParOldGen: 3781118K(3819008K)->3819005K(4221440K)
[26.499s][info][gc,metaspace   ] GC(202) Metaspace: 6301K(6464K)->6301K(6464K) NonClass: 5768K(5824K)->5768K(5824K) Class: 533K(640K)->533K(640K)
[26.500s][info][gc             ] GC(202) Pause Full (Ergonomics) 3736M->3733M(4339M) 1245.308ms
[26.500s][info][gc,cpu         ] GC(202) User=9.05s Sys=0.00s Real=1.24s
[26.556s][info][gc,start       ] GC(203) Pause Young (Allocation Failure)
[26.745s][info][gc,heap        ] GC(203) PSYoungGen: 55367K(222208K)->51904K(223744K) Eden: 51712K(51712K)->0K(51712K) From: 3655K(170496K)->51904K(172032K)
[26.745s][info][gc,heap        ] GC(203) ParOldGen: 3819005K(4221440K)->3822717K(4221440K)
[26.745s][info][gc,metaspace   ] GC(203) Metaspace: 6301K(6464K)->6301K(6464K) NonClass: 5768K(5824K)->5768K(5824K) Class: 533K(640K)->533K(640K)
[26.745s][info][gc             ] GC(203) Pause Young (Allocation Failure) 3783M->3783M(4341M) 188.626ms
[26.745s][info][gc,cpu         ] GC(203) User=1.38s Sys=0.00s Real=0.19s
[26.800s][info][gc,start       ] GC(204) Pause Young (Allocation Failure)
[26.868s][info][gc,heap        ] GC(204) PSYoungGen: 103616K(223744K)->103648K(224256K) Eden: 51712K(51712K)->0K(56320K) From: 51904K(172032K)->103648K(167936K)
[26.868s][info][gc,heap        ] GC(204) ParOldGen: 3822717K(4221440K)->3822717K(4221440K)
[26.868s][info][gc,metaspace   ] GC(204) Metaspace: 6301K(6464K)->6301K(6464K) NonClass: 5768K(5824K)->5768K(5824K) Class: 533K(640K)->533K(640K)
[26.868s][info][gc             ] GC(204) Pause Young (Allocation Failure) 3834M->3834M(4341M) 67.573ms
[26.868s][info][gc,cpu         ] GC(204) User=0.30s Sys=0.00s Real=0.07s
[26.928s][info][gc,start       ] GC(205) Pause Young (Allocation Failure)
[27.012s][info][gc,heap        ] GC(205) PSYoungGen: 159968K(224256K)->108352K(224768K) Eden: 56320K(56320K)->0K(56320K) From: 103648K(167936K)->108352K(168448K)
[27.012s][info][gc,heap        ] GC(205) ParOldGen: 3822717K(4221440K)->3874901K(4221440K)
[27.012s][info][gc,metaspace   ] GC(205) Metaspace: 6301K(6464K)->6301K(6464K) NonClass: 5768K(5824K)->5768K(5824K) Class: 533K(640K)->533K(640K)
[27.012s][info][gc             ] GC(205) Pause Young (Allocation Failure) 3889M->3889M(4342M) 84.065ms
[27.012s][info][gc,cpu         ] GC(205) User=0.48s Sys=0.06s Real=0.08s
[27.069s][info][gc,start       ] GC(206) Pause Young (Allocation Failure)
[27.160s][info][gc,heap        ] GC(206) PSYoungGen: 164672K(224768K)->112960K(229888K) Eden: 56320K(56320K)->0K(60416K) From: 108352K(168448K)->112960K(169472K)
[27.160s][info][gc,heap        ] GC(206) ParOldGen: 3874901K(4221440K)->3927077K(4221440K)
[27.160s][info][gc,metaspace   ] GC(206) Metaspace: 6301K(6464K)->6301K(6464K) NonClass: 5768K(5824K)->5768K(5824K) Class: 533K(640K)->533K(640K)
[27.160s][info][gc             ] GC(206) Pause Young (Allocation Failure) 3944M->3945M(4347M) 90.628ms
[27.160s][info][gc,cpu         ] GC(206) User=0.52s Sys=0.02s Real=0.09s
[27.237s][info][gc,start       ] GC(207) Pause Young (Allocation Failure)
[27.328s][info][gc,heap        ] GC(207) PSYoungGen: 173376K(229888K)->117088K(231936K) Eden: 60416K(60416K)->0K(60416K) From: 112960K(169472K)->117088K(171520K)
[27.328s][info][gc,heap        ] GC(207) ParOldGen: 3927077K(4221440K)->3983909K(4221440K)
[27.328s][info][gc,metaspace   ] GC(207) Metaspace: 6301K(6464K)->6301K(6464K) NonClass: 5768K(5824K)->5768K(5824K) Class: 533K(640K)->533K(640K)
[27.328s][info][gc             ] GC(207) Pause Young (Allocation Failure) 4004M->4004M(4349M) 91.100ms
[27.328s][info][gc,cpu         ] GC(207) User=0.62s Sys=0.00s Real=0.09s
[27.394s][info][gc,start       ] GC(208) Pause Young (Allocation Failure)
[27.488s][info][gc,heap        ] GC(208) PSYoungGen: 177504K(231936K)->121120K(238080K) Eden: 60416K(60416K)->0K(64000K) From: 117088K(171520K)->121120K(174080K)
[27.488s][info][gc,heap        ] GC(208) ParOldGen: 3983909K(4221440K)->4040757K(4221440K)
[27.488s][info][gc,metaspace   ] GC(208) Metaspace: 6301K(6464K)->6301K(6464K) NonClass: 5768K(5824K)->5768K(5824K) Class: 533K(640K)->533K(640K)
[27.488s][info][gc             ] GC(208) Pause Young (Allocation Failure) 4063M->4064M(4355M) 93.658ms
[27.488s][info][gc,cpu         ] GC(208) User=0.58s Sys=0.06s Real=0.09s
[27.551s][info][gc,start       ] GC(209) Pause Young (Allocation Failure)
[27.647s][info][gc,heap        ] GC(209) PSYoungGen: 185120K(238080K)->124704K(241152K) Eden: 64000K(64000K)->0K(64000K) From: 121120K(174080K)->124704K(177152K)
[27.647s][info][gc,heap        ] GC(209) ParOldGen: 4040757K(4221440K)->4101717K(4221440K)
[27.647s][info][gc,metaspace   ] GC(209) Metaspace: 6301K(6464K)->6301K(6464K) NonClass: 5768K(5824K)->5768K(5824K) Class: 533K(640K)->533K(640K)
[27.647s][info][gc             ] GC(209) Pause Young (Allocation Failure) 4126M->4127M(4358M) 95.827ms
[27.647s][info][gc,cpu         ] GC(209) User=0.61s Sys=0.03s Real=0.10s
[27.720s][info][gc,start       ] GC(210) Pause Young (Allocation Failure)
[27.817s][info][gc,heap        ] GC(210) PSYoungGen: 188704K(241152K)->128384K(249344K) Eden: 64000K(64000K)->0K(68608K) From: 124704K(177152K)->128384K(180736K)
[27.817s][info][gc,heap        ] GC(210) ParOldGen: 4101717K(4221440K)->4162677K(4221440K)
[27.817s][info][gc,metaspace   ] GC(210) Metaspace: 6301K(6464K)->6301K(6464K) NonClass: 5768K(5824K)->5768K(5824K) Class: 533K(640K)->533K(640K)
[27.817s][info][gc             ] GC(210) Pause Young (Allocation Failure) 4189M->4190M(4366M) 97.061ms
[27.817s][info][gc,cpu         ] GC(210) User=0.59s Sys=0.05s Real=0.10s
[27.817s][info][gc,start       ] GC(211) Pause Full (Ergonomics)
[27.817s][info][gc,phases,start] GC(211) Marking Phase
[28.792s][info][gc,phases      ] GC(211) Marking Phase 974.807ms
[28.792s][info][gc,phases,start] GC(211) Summary Phase
[28.792s][info][gc,phases      ] GC(211) Summary Phase 0.057ms
[28.792s][info][gc,phases,start] GC(211) Adjust Roots
[28.792s][info][gc,phases      ] GC(211) Adjust Roots 0.159ms
[28.792s][info][gc,phases,start] GC(211) Compaction Phase
[29.186s][info][gc,phases      ] GC(211) Compaction Phase 394.027ms
[29.186s][info][gc,phases,start] GC(211) Post Compact
[29.193s][info][gc,phases      ] GC(211) Post Compact 6.604ms
[29.194s][info][gc,heap        ] GC(211) PSYoungGen: 128384K(249344K)->66104K(249344K) Eden: 0K(68608K)->0K(68608K) From: 128384K(180736K)->66104K(180736K)
[29.194s][info][gc,heap        ] GC(211) ParOldGen: 4162677K(4221440K)->4221204K(4649472K)
[29.194s][info][gc,metaspace   ] GC(211) Metaspace: 6301K(6464K)->6301K(6464K) NonClass: 5768K(5824K)->5768K(5824K) Class: 533K(640K)->533K(640K)
[29.194s][info][gc             ] GC(211) Pause Full (Ergonomics) 4190M->4186M(4784M) 1377.408ms
[29.194s][info][gc,cpu         ] GC(211) User=10.11s Sys=0.05s Real=1.38s
[29.282s][info][gc,start       ] GC(212) Pause Young (Allocation Failure)
[29.546s][info][gc,heap        ] GC(212) PSYoungGen: 134712K(249344K)->105376K(252416K) Eden: 68608K(68608K)->0K(68608K) From: 66104K(180736K)->105376K(183808K)
[29.546s][info][gc,heap        ] GC(212) ParOldGen: 4221204K(4649472K)->4251172K(4649472K)
[29.546s][info][gc,metaspace   ] GC(212) Metaspace: 6301K(6464K)->6301K(6464K) NonClass: 5768K(5824K)->5768K(5824K) Class: 533K(640K)->533K(640K)
[29.546s][info][gc             ] GC(212) Pause Young (Allocation Failure) 4253M->4254M(4787M) 264.061ms
[29.546s][info][gc,cpu         ] GC(212) User=1.77s Sys=0.00s Real=0.26s
[29.622s][info][gc,start       ] GC(213) Pause Young (Allocation Failure)
[29.718s][info][gc,heap        ] GC(213) PSYoungGen: 173984K(252416K)->174112K(233472K) Eden: 68608K(68608K)->0K(55808K) From: 105376K(183808K)->174112K(177664K)
[29.719s][info][gc,heap        ] GC(213) ParOldGen: 4251172K(4649472K)->4251172K(4649472K)
[29.719s][info][gc,metaspace   ] GC(213) Metaspace: 6301K(6464K)->6301K(6464K) NonClass: 5768K(5824K)->5768K(5824K) Class: 533K(640K)->533K(640K)
[29.719s][info][gc             ] GC(213) Pause Young (Allocation Failure) 4321M->4321M(4768M) 96.456ms
[29.719s][info][gc,cpu         ] GC(213) User=0.61s Sys=0.00s Real=0.10s
[29.773s][info][gc,start       ] GC(214) Pause Young (Allocation Failure)
[29.899s][info][gc,heap        ] GC(214) PSYoungGen: 229920K(233472K)->193440K(252928K) Eden: 55808K(55808K)->0K(55808K) From: 174112K(177664K)->193440K(197120K)
[29.899s][info][gc,heap        ] GC(214) ParOldGen: 4251172K(4649472K)->4287956K(4649472K)
[29.899s][info][gc,metaspace   ] GC(214) Metaspace: 6301K(6464K)->6301K(6464K) NonClass: 5768K(5824K)->5768K(5824K) Class: 533K(640K)->533K(640K)
[29.899s][info][gc             ] GC(214) Pause Young (Allocation Failure) 4376M->4376M(4787M) 125.969ms
[29.899s][info][gc,cpu         ] GC(214) User=0.89s Sys=0.03s Real=0.12s
[29.961s][info][gc,start       ] GC(215) Pause Young (Allocation Failure)
[30.102s][info][gc,heap        ] GC(215) PSYoungGen: 249248K(252928K)->180672K(268800K) Eden: 55808K(55808K)->0K(48640K) From: 193440K(197120K)->180672K(220160K)
[30.102s][info][gc,heap        ] GC(215) ParOldGen: 4287956K(4649472K)->4357172K(4649472K)
[30.102s][info][gc,metaspace   ] GC(215) Metaspace: 6301K(6464K)->6301K(6464K) NonClass: 5768K(5824K)->5768K(5824K) Class: 533K(640K)->533K(640K)
[30.102s][info][gc             ] GC(215) Pause Young (Allocation Failure) 4430M->4431M(4803M) 141.332ms
[30.102s][info][gc,cpu         ] GC(215) User=0.80s Sys=0.05s Real=0.14s
[30.163s][info][gc,start       ] GC(216) Pause Young (Allocation Failure)
[30.290s][info][gc,heap        ] GC(216) PSYoungGen: 229312K(268800K)->160576K(282112K) Eden: 48640K(48640K)->0K(48640K) From: 180672K(220160K)->160576K(233472K)
[30.290s][info][gc,heap        ] GC(216) ParOldGen: 4357172K(4649472K)->4426396K(4649472K)
[30.290s][info][gc,metaspace   ] GC(216) Metaspace: 6301K(6464K)->6301K(6464K) NonClass: 5768K(5824K)->5768K(5824K) Class: 533K(640K)->533K(640K)
[30.290s][info][gc             ] GC(216) Pause Young (Allocation Failure) 4478M->4479M(4816M) 126.517ms
[30.290s][info][gc,cpu         ] GC(216) User=0.92s Sys=0.05s Real=0.13s
[30.343s][info][gc,start       ] GC(217) Pause Young (Allocation Failure)
[30.468s][info][gc,heap        ] GC(217) PSYoungGen: 209216K(282112K)->97536K(279040K) Eden: 48640K(48640K)->0K(54784K) From: 160576K(233472K)->97536K(224256K)
[30.468s][info][gc,heap        ] GC(217) ParOldGen: 4426396K(4649472K)->4538980K(4649472K)
[30.468s][info][gc,metaspace   ] GC(217) Metaspace: 6301K(6464K)->6301K(6464K) NonClass: 5768K(5824K)->5768K(5824K) Class: 533K(640K)->533K(640K)
[30.468s][info][gc             ] GC(217) Pause Young (Allocation Failure) 4526M->4527M(4813M) 124.340ms
[30.468s][info][gc,cpu         ] GC(217) User=0.72s Sys=0.12s Real=0.12s
[30.468s][info][gc,start       ] GC(218) Pause Full (Ergonomics)
[30.468s][info][gc,phases,start] GC(218) Marking Phase
[31.538s][info][gc,phases      ] GC(218) Marking Phase 1070.226ms
[31.538s][info][gc,phases,start] GC(218) Summary Phase
[31.538s][info][gc,phases      ] GC(218) Summary Phase 0.085ms
[31.538s][info][gc,phases,start] GC(218) Adjust Roots
[31.538s][info][gc,phases      ] GC(218) Adjust Roots 0.192ms
[31.538s][info][gc,phases,start] GC(218) Compaction Phase
[31.943s][info][gc,phases      ] GC(218) Compaction Phase 404.976ms
[31.943s][info][gc,phases,start] GC(218) Post Compact
[31.950s][info][gc,phases      ] GC(218) Post Compact 7.061ms
[31.952s][info][gc,heap        ] GC(218) PSYoungGen: 97536K(279040K)->0K(285184K) Eden: 0K(54784K)->0K(54784K) From: 97536K(224256K)->0K(230400K)
[31.952s][info][gc,heap        ] GC(218) ParOldGen: 4538980K(4649472K)->4633218K(5112832K)
[31.952s][info][gc,metaspace   ] GC(218) Metaspace: 6301K(6464K)->6301K(6464K) NonClass: 5768K(5824K)->5768K(5824K) Class: 533K(640K)->533K(640K)
[31.952s][info][gc             ] GC(218) Pause Full (Ergonomics) 4527M->4524M(5271M) 1484.433ms
[31.952s][info][gc,cpu         ] GC(218) User=11.03s Sys=0.09s Real=1.48s
[32.013s][info][gc,start       ] GC(219) Pause Young (Allocation Failure)
[32.062s][info][gc,heap        ] GC(219) PSYoungGen: 54784K(285184K)->55008K(290816K) Eden: 54784K(54784K)->0K(60416K) From: 0K(230400K)->55008K(230400K)
[32.062s][info][gc,heap        ] GC(219) ParOldGen: 4633218K(5112832K)->4633218K(5112832K)
[32.062s][info][gc,metaspace   ] GC(219) Metaspace: 6301K(6464K)->6301K(6464K) NonClass: 5768K(5824K)->5768K(5824K) Class: 533K(640K)->533K(640K)
[32.062s][info][gc             ] GC(219) Pause Young (Allocation Failure) 4578M->4578M(5277M) 49.174ms
[32.062s][info][gc,cpu         ] GC(219) User=0.14s Sys=0.00s Real=0.05s
[32.131s][info][gc,start       ] GC(220) Pause Young (Allocation Failure)
[32.201s][info][gc,heap        ] GC(220) PSYoungGen: 115424K(290816K)->115488K(176128K) Eden: 60416K(60416K)->0K(60416K) From: 55008K(230400K)->115488K(115712K)
[32.201s][info][gc,heap        ] GC(220) ParOldGen: 4633218K(5112832K)->4633218K(5112832K)
[32.201s][info][gc,metaspace   ] GC(220) Metaspace: 6301K(6464K)->6301K(6464K) NonClass: 5768K(5824K)->5768K(5824K) Class: 533K(640K)->533K(640K)
[32.201s][info][gc             ] GC(220) Pause Young (Allocation Failure) 4637M->4637M(5165M) 69.827ms
[32.201s][info][gc,cpu         ] GC(220) User=0.31s Sys=0.00s Real=0.07s
[32.277s][info][gc,start       ] GC(221) Pause Young (Allocation Failure)
[32.371s][info][gc,heap        ] GC(221) PSYoungGen: 175904K(176128K)->121184K(270336K) Eden: 60416K(60416K)->0K(67072K) From: 115488K(115712K)->121184K(203264K)
[32.371s][info][gc,heap        ] GC(221) ParOldGen: 4633218K(5112832K)->4688490K(5112832K)
[32.371s][info][gc,metaspace   ] GC(221) Metaspace: 6301K(6464K)->6301K(6464K) NonClass: 5768K(5824K)->5768K(5824K) Class: 533K(640K)->533K(640K)
[32.371s][info][gc             ] GC(221) Pause Young (Allocation Failure) 4696M->4696M(5257M) 94.080ms
[32.371s][info][gc,cpu         ] GC(221) User=0.62s Sys=0.02s Real=0.10s
[32.443s][info][gc,start       ] GC(222) Pause Young (Allocation Failure)
[32.541s][info][gc,heap        ] GC(222) PSYoungGen: 188256K(270336K)->127872K(278528K) Eden: 67072K(67072K)->0K(67072K) From: 121184K(203264K)->127872K(211456K)
[32.541s][info][gc,heap        ] GC(222) ParOldGen: 4688490K(5112832K)->4749442K(5112832K)
[32.541s][info][gc,metaspace   ] GC(222) Metaspace: 6301K(6464K)->6301K(6464K) NonClass: 5768K(5824K)->5768K(5824K) Class: 533K(640K)->533K(640K)
[32.541s][info][gc             ] GC(222) Pause Young (Allocation Failure) 4762M->4763M(5265M) 97.626ms
[32.541s][info][gc,cpu         ] GC(222) User=0.61s Sys=0.03s Real=0.10s
[32.613s][info][gc,start       ] GC(223) Pause Young (Allocation Failure)
[32.716s][info][gc,heap        ] GC(223) PSYoungGen: 194944K(278528K)->134496K(274944K) Eden: 67072K(67072K)->0K(74752K) From: 127872K(211456K)->134496K(200192K)
[32.716s][info][gc,heap        ] GC(223) ParOldGen: 4749442K(5112832K)->4810394K(5112832K)
[32.716s][info][gc,metaspace   ] GC(223) Metaspace: 6301K(6464K)->6301K(6464K) NonClass: 5768K(5824K)->5768K(5824K) Class: 533K(640K)->533K(640K)
[32.716s][info][gc             ] GC(223) Pause Young (Allocation Failure) 4828M->4828M(5261M) 102.916ms
[32.716s][info][gc,cpu         ] GC(223) User=0.64s Sys=0.02s Real=0.10s
[32.801s][info][gc,start       ] GC(224) Pause Young (Allocation Failure)
[32.913s][info][gc,heap        ] GC(224) PSYoungGen: 209248K(274944K)->142208K(278016K) Eden: 74752K(74752K)->0K(74752K) From: 134496K(200192K)->142208K(203264K)
[32.913s][info][gc,heap        ] GC(224) ParOldGen: 4810394K(5112832K)->4878074K(5112832K)
[32.913s][info][gc,metaspace   ] GC(224) Metaspace: 6301K(6464K)->6301K(6464K) NonClass: 5768K(5824K)->5768K(5824K) Class: 533K(640K)->533K(640K)
[32.913s][info][gc             ] GC(224) Pause Young (Allocation Failure) 4901M->4902M(5264M) 112.442ms
[32.913s][info][gc,cpu         ] GC(224) User=0.70s Sys=0.03s Real=0.11s
[33.000s][info][gc,start       ] GC(225) Pause Young (Allocation Failure)
[33.131s][info][gc,heap        ] GC(225) PSYoungGen: 216960K(278016K)->149856K(284160K) Eden: 74752K(74752K)->0K(80896K) From: 142208K(203264K)->149856K(203264K)
[33.131s][info][gc,heap        ] GC(225) ParOldGen: 4878074K(5112832K)->4945738K(5112832K)
[33.131s][info][gc,metaspace   ] GC(225) Metaspace: 6301K(6464K)->6301K(6464K) NonClass: 5768K(5824K)->5768K(5824K) Class: 533K(640K)->533K(640K)
[33.131s][info][gc             ] GC(225) Pause Young (Allocation Failure) 4975M->4976M(5270M) 130.643ms
[33.131s][info][gc,cpu         ] GC(225) User=0.58s Sys=0.05s Real=0.13s
[33.225s][info][gc,start       ] GC(226) Pause Young (Allocation Failure)
[33.355s][info][gc,heap        ] GC(226) PSYoungGen: 230752K(284160K)->156064K(286720K) Eden: 80896K(80896K)->0K(80896K) From: 149856K(203264K)->156064K(205824K)
[33.355s][info][gc,heap        ] GC(226) ParOldGen: 4945738K(5112832K)->5021178K(5112832K)
[33.355s][info][gc,metaspace   ] GC(226) Metaspace: 6301K(6464K)->6301K(6464K) NonClass: 5768K(5824K)->5768K(5824K) Class: 533K(640K)->533K(640K)
[33.355s][info][gc             ] GC(226) Pause Young (Allocation Failure) 5055M->5055M(5273M) 129.843ms
[33.355s][info][gc,cpu         ] GC(226) User=0.86s Sys=0.03s Real=0.13s
[33.355s][info][gc,start       ] GC(227) Pause Full (Ergonomics)
[33.355s][info][gc,phases,start] GC(227) Marking Phase
[34.532s][info][gc,phases      ] GC(227) Marking Phase 1177.577ms
[34.532s][info][gc,phases,start] GC(227) Summary Phase
[34.532s][info][gc,phases      ] GC(227) Summary Phase 0.069ms
[34.532s][info][gc,phases,start] GC(227) Adjust Roots
[34.533s][info][gc,phases      ] GC(227) Adjust Roots 0.160ms
[34.533s][info][gc,phases,start] GC(227) Compaction Phase
[34.969s][info][gc,phases      ] GC(227) Compaction Phase 435.961ms
[34.969s][info][gc,phases,start] GC(227) Post Compact
[34.977s][info][gc,phases      ] GC(227) Post Compact 8.260ms
[34.979s][info][gc,heap        ] GC(227) PSYoungGen: 156064K(286720K)->60538K(286720K) Eden: 0K(80896K)->0K(80896K) From: 156064K(205824K)->60538K(205824K)
[34.979s][info][gc,heap        ] GC(227) ParOldGen: 5021178K(5112832K)->5112594K(5623296K)
[34.979s][info][gc,metaspace   ] GC(227) Metaspace: 6301K(6464K)->6301K(6464K) NonClass: 5768K(5824K)->5768K(5824K) Class: 533K(640K)->533K(640K)
[34.979s][info][gc             ] GC(227) Pause Full (Ergonomics) 5055M->5051M(5771M) 1624.106ms
[34.979s][info][gc,cpu         ] GC(227) User=12.41s Sys=0.08s Real=1.62s
[35.077s][info][gc,start       ] GC(228) Pause Young (Allocation Failure)
[35.396s][info][gc,heap        ] GC(228) PSYoungGen: 141434K(286720K)->117792K(283136K) Eden: 80896K(80896K)->0K(88576K) From: 60538K(205824K)->117792K(194560K)
[35.396s][info][gc,heap        ] GC(228) ParOldGen: 5112594K(5623296K)->5136874K(5623296K)
[35.396s][info][gc,metaspace   ] GC(228) Metaspace: 6301K(6464K)->6301K(6464K) NonClass: 5768K(5824K)->5768K(5824K) Class: 533K(640K)->533K(640K)
[35.396s][info][gc             ] GC(228) Pause Young (Allocation Failure) 5130M->5131M(5768M) 318.658ms
[35.396s][info][gc,cpu         ] GC(228) User=2.02s Sys=0.02s Real=0.32s
[35.498s][info][gc,start       ] GC(229) Pause Young (Allocation Failure)
[35.620s][info][gc,heap        ] GC(229) PSYoungGen: 206368K(283136K)->202752K(291328K) Eden: 88576K(88576K)->0K(88576K) From: 117792K(194560K)->202752K(202752K)
[35.620s][info][gc,heap        ] GC(229) ParOldGen: 5136874K(5623296K)->5140554K(5623296K)
[35.620s][info][gc,metaspace   ] GC(229) Metaspace: 6301K(6464K)->6301K(6464K) NonClass: 5768K(5824K)->5768K(5824K) Class: 533K(640K)->533K(640K)
[35.620s][info][gc             ] GC(229) Pause Young (Allocation Failure) 5218M->5218M(5776M) 121.948ms
[35.620s][info][gc,cpu         ] GC(229) User=0.77s Sys=0.00s Real=0.12s
[35.724s][info][gc,start       ] GC(230) Pause Young (Allocation Failure)
[35.900s][info][gc,heap        ] GC(230) PSYoungGen: 291328K(291328K)->176096K(315904K) Eden: 88576K(88576K)->0K(91136K) From: 202752K(202752K)->176096K(224768K)
[35.900s][info][gc,heap        ] GC(230) ParOldGen: 5140554K(5623296K)->5256890K(5623296K)
[35.900s][info][gc,metaspace   ] GC(230) Metaspace: 6301K(6464K)->6301K(6464K) NonClass: 5768K(5824K)->5768K(5824K) Class: 533K(640K)->533K(640K)
[35.900s][info][gc             ] GC(230) Pause Young (Allocation Failure) 5304M->5305M(5800M) 176.266ms
[35.900s][info][gc,cpu         ] GC(230) User=1.23s Sys=0.03s Real=0.18s
[36.013s][info][gc,start       ] GC(231) Pause Young (Allocation Failure)
[36.169s][info][gc,heap        ] GC(231) PSYoungGen: 267232K(315904K)->180128K(322048K) Eden: 91136K(91136K)->0K(91136K) From: 176096K(224768K)->180128K(230912K)
[36.169s][info][gc,heap        ] GC(231) ParOldGen: 5256890K(5623296K)->5344770K(5623296K)
[36.169s][info][gc,metaspace   ] GC(231) Metaspace: 6301K(6464K)->6301K(6464K) NonClass: 5768K(5824K)->5768K(5824K) Class: 533K(640K)->533K(640K)
[36.169s][info][gc             ] GC(231) Pause Young (Allocation Failure) 5394M->5395M(5806M) 156.094ms
[36.169s][info][gc,cpu         ] GC(231) User=0.92s Sys=0.00s Real=0.16s
[36.273s][info][gc,start       ] GC(232) Pause Young (Allocation Failure)
[36.441s][info][gc,heap        ] GC(232) PSYoungGen: 271264K(322048K)->182784K(333312K) Eden: 91136K(91136K)->0K(96256K) From: 180128K(230912K)->182784K(237056K)
[36.442s][info][gc,heap        ] GC(232) ParOldGen: 5344770K(5623296K)->5434138K(5623296K)
[36.442s][info][gc,metaspace   ] GC(232) Metaspace: 6301K(6464K)->6301K(6464K) NonClass: 5768K(5824K)->5768K(5824K) Class: 533K(640K)->533K(640K)
[36.442s][info][gc             ] GC(232) Pause Young (Allocation Failure) 5484M->5485M(5817M) 168.322ms
[36.442s][info][gc,cpu         ] GC(232) User=1.20s Sys=0.06s Real=0.17s
[36.561s][info][gc,start       ] GC(233) Pause Young (Allocation Failure)
[36.730s][info][gc,heap        ] GC(233) PSYoungGen: 279040K(333312K)->187872K(338432K) Eden: 96256K(96256K)->0K(96256K) From: 182784K(237056K)->187872K(242176K)
[36.730s][info][gc,heap        ] GC(233) ParOldGen: 5434138K(5623296K)->5526106K(5623296K)
[36.730s][info][gc,metaspace   ] GC(233) Metaspace: 6301K(6464K)->6301K(6464K) NonClass: 5768K(5824K)->5768K(5824K) Class: 533K(640K)->533K(640K)
[36.730s][info][gc             ] GC(233) Pause Young (Allocation Failure) 5579M->5580M(5822M) 168.991ms
[36.730s][info][gc,cpu         ] GC(233) User=1.09s Sys=0.05s Real=0.17s
[36.730s][info][gc,start       ] GC(234) Pause Full (Ergonomics)
[36.730s][info][gc,phases,start] GC(234) Marking Phase
[38.022s][info][gc,phases      ] GC(234) Marking Phase 1291.361ms
[38.022s][info][gc,phases,start] GC(234) Summary Phase
[38.022s][info][gc,phases      ] GC(234) Summary Phase 0.075ms
[38.022s][info][gc,phases,start] GC(234) Adjust Roots
[38.022s][info][gc,phases      ] GC(234) Adjust Roots 0.211ms
[38.022s][info][gc,phases,start] GC(234) Compaction Phase
[38.502s][info][gc,phases      ] GC(234) Compaction Phase 480.408ms
[38.502s][info][gc,phases,start] GC(234) Post Compact
[38.511s][info][gc,phases      ] GC(234) Post Compact 8.590ms
[38.513s][info][gc,heap        ] GC(234) PSYoungGen: 187872K(338432K)->86644K(338432K) Eden: 0K(96256K)->0K(96256K) From: 187872K(242176K)->86644K(242176K)
[38.513s][info][gc,heap        ] GC(234) ParOldGen: 5526106K(5623296K)->5622872K(6208000K)
[38.513s][info][gc,metaspace   ] GC(234) Metaspace: 6301K(6464K)->6301K(6464K) NonClass: 5768K(5824K)->5768K(5824K) Class: 533K(640K)->533K(640K)
[38.513s][info][gc             ] GC(234) Pause Full (Ergonomics) 5580M->5575M(6393M) 1782.883ms
[38.513s][info][gc,cpu         ] GC(234) User=13.55s Sys=0.09s Real=1.78s
[39.678s][info][gc,start       ] GC(235) Pause Young (Allocation Failure)
[40.008s][info][gc,heap        ] GC(235) PSYoungGen: 182900K(338432K)->138752K(335872K) Eden: 96256K(96256K)->0K(105472K) From: 86644K(242176K)->138752K(230400K)
[40.008s][info][gc,heap        ] GC(235) ParOldGen: 5885016K(6208000K)->5930016K(6208000K)
[40.008s][info][gc,metaspace   ] GC(235) Metaspace: 6301K(6464K)->6301K(6464K) NonClass: 5768K(5824K)->5768K(5824K) Class: 533K(640K)->533K(640K)
[40.008s][info][gc             ] GC(235) Pause Young (Allocation Failure) 5925M->5926M(6390M) 330.433ms
[40.008s][info][gc,cpu         ] GC(235) User=2.06s Sys=0.02s Real=0.33s
[40.123s][info][gc,start       ] GC(236) Pause Young (Allocation Failure)
[40.259s][info][gc,heap        ] GC(236) PSYoungGen: 244224K(335872K)->240128K(345600K) Eden: 105472K(105472K)->0K(105472K) From: 138752K(230400K)->240128K(240128K)
[40.259s][info][gc,heap        ] GC(236) ParOldGen: 5930016K(6208000K)->5934232K(6208000K)
[40.259s][info][gc,metaspace   ] GC(236) Metaspace: 6301K(6464K)->6301K(6464K) NonClass: 5768K(5824K)->5768K(5824K) Class: 533K(640K)->533K(640K)
[40.259s][info][gc             ] GC(236) Pause Young (Allocation Failure) 6029M->6029M(6400M) 136.153ms
[40.259s][info][gc,cpu         ] GC(236) User=0.64s Sys=0.00s Real=0.14s
[40.372s][info][gc,start       ] GC(237) Pause Young (Allocation Failure)
[40.547s][info][gc,heap        ] GC(237) PSYoungGen: 345600K(345600K)->210272K(373760K) Eden: 105472K(105472K)->0K(107520K) From: 240128K(240128K)->210272K(266240K)
[40.547s][info][gc,heap        ] GC(237) ParOldGen: 5934232K(6208000K)->6070880K(6208000K)
[40.547s][info][gc,metaspace   ] GC(237) Metaspace: 6301K(6464K)->6301K(6464K) NonClass: 5768K(5824K)->5768K(5824K) Class: 533K(640K)->533K(640K)
[40.547s][info][gc             ] GC(237) Pause Young (Allocation Failure) 6132M->6133M(6427M) 175.567ms
[40.547s][info][gc,cpu         ] GC(237) User=1.17s Sys=0.09s Real=0.17s
[40.547s][info][gc,start       ] GC(238) Pause Full (Ergonomics)
[40.547s][info][gc,phases,start] GC(238) Marking Phase
[41.908s][info][gc,phases      ] GC(238) Marking Phase 1360.364ms
[41.908s][info][gc,phases,start] GC(238) Summary Phase
[41.908s][info][gc,phases      ] GC(238) Summary Phase 0.140ms
[41.908s][info][gc,phases,start] GC(238) Adjust Roots
[41.908s][info][gc,phases      ] GC(238) Adjust Roots 0.171ms
[41.908s][info][gc,phases,start] GC(238) Compaction Phase
[42.879s][info][gc,phases      ] GC(238) Compaction Phase 971.180ms
[42.879s][info][gc,phases,start] GC(238) Post Compact
[42.890s][info][gc,phases      ] GC(238) Post Compact 10.387ms
[42.892s][info][gc,heap        ] GC(238) PSYoungGen: 210272K(373760K)->0K(381952K) Eden: 0K(107520K)->0K(107520K) From: 210272K(266240K)->0K(274432K)
[42.892s][info][gc,heap        ] GC(238) ParOldGen: 6070880K(6208000K)->6147691K(6796800K)
[42.892s][info][gc,metaspace   ] GC(238) Metaspace: 6301K(6464K)->6301K(6464K) NonClass: 5768K(5824K)->5768K(5824K) Class: 533K(640K)->533K(640K)
[42.892s][info][gc             ] GC(238) Pause Full (Ergonomics) 6133M->6003M(7010M) 2345.169ms
[42.892s][info][gc,cpu         ] GC(238) User=16.34s Sys=0.12s Real=2.35s
[43.012s][info][gc,start       ] GC(239) Pause Young (Allocation Failure)
[43.111s][info][gc,heap        ] GC(239) PSYoungGen: 107520K(381952K)->107808K(386048K) Eden: 107520K(107520K)->0K(116736K) From: 0K(274432K)->107808K(269312K)
[43.111s][info][gc,heap        ] GC(239) ParOldGen: 6147691K(6796800K)->6147691K(6796800K)
[43.111s][info][gc,metaspace   ] GC(239) Metaspace: 6301K(6464K)->6301K(6464K) NonClass: 5768K(5824K)->5768K(5824K) Class: 533K(640K)->533K(640K)
[43.111s][info][gc             ] GC(239) Pause Young (Allocation Failure) 6108M->6108M(7014M) 98.864ms
[43.111s][info][gc,cpu         ] GC(239) User=0.20s Sys=0.00s Real=0.10s
[43.230s][info][gc,start       ] GC(240) Pause Young (Allocation Failure)
[43.356s][info][gc,heap        ] GC(240) PSYoungGen: 224544K(386048K)->224800K(389632K) Eden: 116736K(116736K)->0K(116736K) From: 107808K(269312K)->224800K(272896K)
[43.357s][info][gc,heap        ] GC(240) ParOldGen: 6147691K(6796800K)->6147691K(6796800K)
[43.357s][info][gc,metaspace   ] GC(240) Metaspace: 6301K(6464K)->6301K(6464K) NonClass: 5768K(5824K)->5768K(5824K) Class: 533K(640K)->533K(640K)
[43.357s][info][gc             ] GC(240) Pause Young (Allocation Failure) 6222M->6223M(7018M) 126.434ms
[43.357s][info][gc,cpu         ] GC(240) User=0.48s Sys=0.00s Real=0.13s
[43.484s][info][gc,start       ] GC(241) Pause Young (Allocation Failure)
[43.650s][info][gc,heap        ] GC(241) PSYoungGen: 341536K(389632K)->286208K(360448K) Eden: 116736K(116736K)->0K(74240K) From: 224800K(272896K)->286208K(286208K)
[43.650s][info][gc,heap        ] GC(241) ParOldGen: 6147691K(6796800K)->6203507K(6796800K)
[43.650s][info][gc,metaspace   ] GC(241) Metaspace: 6301K(6464K)->6301K(6464K) NonClass: 5768K(5824K)->5768K(5824K) Class: 533K(640K)->533K(640K)
[43.650s][info][gc             ] GC(241) Pause Young (Allocation Failure) 6337M->6337M(6989M) 166.305ms
[43.650s][info][gc,cpu         ] GC(241) User=1.09s Sys=0.03s Real=0.17s
[43.734s][info][gc,start       ] GC(242) Pause Young (Allocation Failure)
[43.912s][info][gc,heap        ] GC(242) PSYoungGen: 360448K(360448K)->272160K(413696K) Eden: 74240K(74240K)->0K(74240K) From: 286208K(286208K)->272160K(339456K)
[43.912s][info][gc,heap        ] GC(242) ParOldGen: 6203507K(6796800K)->6292731K(6796800K)
[43.912s][info][gc,metaspace   ] GC(242) Metaspace: 6301K(6464K)->6301K(6464K) NonClass: 5768K(5824K)->5768K(5824K) Class: 533K(640K)->533K(640K)
[43.912s][info][gc             ] GC(242) Pause Young (Allocation Failure) 6410M->6411M(7041M) 177.506ms
[43.912s][info][gc,cpu         ] GC(242) User=1.16s Sys=0.08s Real=0.18s
[43.991s][info][gc,start       ] GC(243) Pause Young (Allocation Failure)
[44.160s][info][gc,heap        ] GC(243) PSYoungGen: 346400K(413696K)->251232K(433152K) Eden: 74240K(74240K)->0K(76288K) From: 272160K(339456K)->251232K(356864K)
[44.160s][info][gc,heap        ] GC(243) ParOldGen: 6292731K(6796800K)->6388635K(6796800K)
[44.160s][info][gc,metaspace   ] GC(243) Metaspace: 6301K(6464K)->6301K(6464K) NonClass: 5768K(5824K)->5768K(5824K) Class: 533K(640K)->533K(640K)
[44.160s][info][gc             ] GC(243) Pause Young (Allocation Failure) 6483M->6484M(7060M) 168.444ms
[44.160s][info][gc,cpu         ] GC(243) User=0.92s Sys=0.02s Real=0.17s
[44.250s][info][gc,start       ] GC(244) Pause Young (Allocation Failure)
[44.413s][info][gc,heap        ] GC(244) PSYoungGen: 327520K(433152K)->225280K(438784K) Eden: 76288K(76288K)->0K(76288K) From: 251232K(356864K)->225280K(362496K)
[44.413s][info][gc,heap        ] GC(244) ParOldGen: 6388635K(6796800K)->6491787K(6796800K)
[44.413s][info][gc,metaspace   ] GC(244) Metaspace: 6301K(6464K)->6301K(6464K) NonClass: 5768K(5824K)->5768K(5824K) Class: 533K(640K)->533K(640K)
[44.413s][info][gc             ] GC(244) Pause Young (Allocation Failure) 6558M->6559M(7066M) 162.861ms
[44.413s][info][gc,cpu         ] GC(244) User=0.80s Sys=0.05s Real=0.16s
[44.495s][info][gc,start       ] GC(245) Pause Young (Allocation Failure)
[44.646s][info][gc,heap        ] GC(245) PSYoungGen: 301568K(438784K)->227296K(430080K) Eden: 76288K(76288K)->0K(85504K) From: 225280K(362496K)->227296K(344576K)
[44.646s][info][gc,heap        ] GC(245) ParOldGen: 6491787K(6796800K)->6566683K(6796800K)
[44.646s][info][gc,metaspace   ] GC(245) Metaspace: 6301K(6464K)->6301K(6464K) NonClass: 5768K(5824K)->5768K(5824K) Class: 533K(640K)->533K(640K)
[44.646s][info][gc             ] GC(245) Pause Young (Allocation Failure) 6634M->6634M(7057M) 151.299ms
[44.646s][info][gc,cpu         ] GC(245) User=0.78s Sys=0.02s Real=0.15s
[44.738s][info][gc,start       ] GC(246) Pause Young (Allocation Failure)
[44.894s][info][gc,heap        ] GC(246) PSYoungGen: 312800K(430080K)->162208K(435712K) Eden: 85504K(85504K)->0K(85504K) From: 227296K(344576K)->162208K(350208K)
[44.895s][info][gc,heap        ] GC(246) ParOldGen: 6566683K(6796800K)->6718555K(6796800K)
[44.895s][info][gc,metaspace   ] GC(246) Metaspace: 6301K(6464K)->6301K(6464K) NonClass: 5768K(5824K)->5768K(5824K) Class: 533K(640K)->533K(640K)
[44.895s][info][gc             ] GC(246) Pause Young (Allocation Failure) 6718M->6719M(7063M) 156.136ms
[44.895s][info][gc,cpu         ] GC(246) User=0.95s Sys=0.17s Real=0.16s
[44.895s][info][gc,start       ] GC(247) Pause Full (Ergonomics)
[44.895s][info][gc,phases,start] GC(247) Marking Phase
[46.425s][info][gc,phases      ] GC(247) Marking Phase 1530.498ms
[46.425s][info][gc,phases,start] GC(247) Summary Phase
[46.425s][info][gc,phases      ] GC(247) Summary Phase 0.090ms
[46.425s][info][gc,phases,start] GC(247) Adjust Roots
[46.426s][info][gc,phases      ] GC(247) Adjust Roots 0.233ms
[46.426s][info][gc,phases,start] GC(247) Compaction Phase
[47.141s][info][gc,phases      ] GC(247) Compaction Phase 715.580ms
[47.141s][info][gc,phases,start] GC(247) Post Compact
[47.152s][info][gc,phases      ] GC(247) Post Compact 10.374ms
[47.154s][info][gc,heap        ] GC(247) PSYoungGen: 162208K(435712K)->78439K(435712K) Eden: 0K(85504K)->0K(85504K) From: 162208K(350208K)->78439K(350208K)
[47.154s][info][gc,heap        ] GC(247) ParOldGen: 6718555K(6796800K)->6796555K(7511552K)
[47.154s][info][gc,metaspace   ] GC(247) Metaspace: 6301K(6464K)->6301K(6464K) NonClass: 5768K(5824K)->5768K(5824K) Class: 533K(640K)->533K(640K)
[47.154s][info][gc             ] GC(247) Pause Full (Ergonomics) 6719M->6713M(7761M) 2259.334ms
[47.154s][info][gc,cpu         ] GC(247) User=16.17s Sys=0.11s Real=2.26s
[47.259s][info][gc,start       ] GC(248) Pause Young (Allocation Failure)
[47.617s][info][gc,heap        ] GC(248) PSYoungGen: 163943K(435712K)->85728K(433664K) Eden: 85504K(85504K)->0K(91136K) From: 78439K(350208K)->85728K(342528K)
[47.618s][info][gc,heap        ] GC(248) ParOldGen: 6796555K(7511552K)->6875747K(7511552K)
[47.618s][info][gc,metaspace   ] GC(248) Metaspace: 6301K(6464K)->6301K(6464K) NonClass: 5768K(5824K)->5768K(5824K) Class: 533K(640K)->533K(640K)
[47.618s][info][gc             ] GC(248) Pause Young (Allocation Failure) 6797M->6798M(7759M) 358.775ms
[47.618s][info][gc,cpu         ] GC(248) User=2.48s Sys=0.05s Real=0.36s
[47.713s][info][gc,start       ] GC(249) Pause Young (Allocation Failure)
[47.842s][info][gc,heap        ] GC(249) PSYoungGen: 176864K(433664K)->91456K(438784K) Eden: 91136K(91136K)->0K(91136K) From: 85728K(342528K)->91456K(347648K)
[47.842s][info][gc,heap        ] GC(249) ParOldGen: 6875747K(7511552K)->6962019K(7511552K)
[47.842s][info][gc,metaspace   ] GC(249) Metaspace: 6301K(6464K)->6301K(6464K) NonClass: 5768K(5824K)->5768K(5824K) Class: 533K(640K)->533K(640K)
[47.842s][info][gc             ] GC(249) Pause Young (Allocation Failure) 6887M->6888M(7764M) 129.694ms
[47.842s][info][gc,cpu         ] GC(249) User=0.62s Sys=0.09s Real=0.13s
[47.937s][info][gc,start       ] GC(250) Pause Young (Allocation Failure)
[48.059s][info][gc,heap        ] GC(250) PSYoungGen: 182592K(438784K)->91456K(443904K) Eden: 91136K(91136K)->0K(100864K) From: 91456K(347648K)->91456K(343040K)
[48.059s][info][gc,heap        ] GC(250) ParOldGen: 6962019K(7511552K)->7053979K(7511552K)
[48.059s][info][gc,metaspace   ] GC(250) Metaspace: 6301K(6464K)->6301K(6464K) NonClass: 5768K(5824K)->5768K(5824K) Class: 533K(640K)->533K(640K)
[48.059s][info][gc             ] GC(250) Pause Young (Allocation Failure) 6977M->6977M(7769M) 121.733ms
[48.059s][info][gc,cpu         ] GC(250) User=0.53s Sys=0.02s Real=0.12s
[48.165s][info][gc,start       ] GC(251) Pause Young (Allocation Failure)
[48.289s][info][gc,heap        ] GC(251) PSYoungGen: 192320K(443904K)->101216K(446464K) Eden: 100864K(100864K)->0K(100864K) From: 91456K(343040K)->101216K(345600K)
[48.290s][info][gc,heap        ] GC(251) ParOldGen: 7053979K(7511552K)->7145947K(7511552K)
[48.290s][info][gc,metaspace   ] GC(251) Metaspace: 6301K(6464K)->6301K(6464K) NonClass: 5768K(5824K)->5768K(5824K) Class: 533K(640K)->533K(640K)
[48.290s][info][gc             ] GC(251) Pause Young (Allocation Failure) 7076M->7077M(7771M) 124.059ms
[48.290s][info][gc,cpu         ] GC(251) User=0.62s Sys=0.05s Real=0.12s
[48.391s][info][gc,start       ] GC(252) Pause Young (Allocation Failure)
[48.516s][info][gc,heap        ] GC(252) PSYoungGen: 202080K(446464K)->101152K(438272K) Eden: 100864K(100864K)->0K(112128K) From: 101216K(345600K)->101152K(326144K)
[48.516s][info][gc,heap        ] GC(252) ParOldGen: 7145947K(7511552K)->7247731K(7511552K)
[48.516s][info][gc,metaspace   ] GC(252) Metaspace: 6301K(6464K)->6301K(6464K) NonClass: 5768K(5824K)->5768K(5824K) Class: 533K(640K)->533K(640K)
[48.516s][info][gc             ] GC(252) Pause Young (Allocation Failure) 7175M->7176M(7763M) 125.622ms
[48.516s][info][gc,cpu         ] GC(252) User=0.55s Sys=0.05s Real=0.13s
[48.644s][info][gc,start       ] GC(253) Pause Young (Allocation Failure)
[48.777s][info][gc,heap        ] GC(253) PSYoungGen: 213280K(438272K)->112448K(444928K) Eden: 112128K(112128K)->0K(112128K) From: 101152K(326144K)->112448K(332800K)
[48.777s][info][gc,heap        ] GC(253) ParOldGen: 7247731K(7511552K)->7349515K(7511552K)
[48.777s][info][gc,metaspace   ] GC(253) Metaspace: 6301K(6464K)->6301K(6464K) NonClass: 5768K(5824K)->5768K(5824K) Class: 533K(640K)->533K(640K)
[48.777s][info][gc             ] GC(253) Pause Young (Allocation Failure) 7286M->7287M(7770M) 132.843ms
[48.777s][info][gc,cpu         ] GC(253) User=0.53s Sys=0.02s Real=0.13s
[48.893s][info][gc,start       ] GC(254) Pause Young (Allocation Failure)
[49.030s][info][gc,heap        ] GC(254) PSYoungGen: 224576K(444928K)->112480K(426496K) Eden: 112128K(112128K)->0K(124416K) From: 112448K(332800K)->112480K(302080K)
[49.030s][info][gc,heap        ] GC(254) ParOldGen: 7349515K(7511552K)->7462659K(7511552K)
[49.030s][info][gc,metaspace   ] GC(254) Metaspace: 6301K(6464K)->6301K(6464K) NonClass: 5768K(5824K)->5768K(5824K) Class: 533K(640K)->533K(640K)
[49.030s][info][gc             ] GC(254) Pause Young (Allocation Failure) 7396M->7397M(7752M) 136.339ms
[49.030s][info][gc,cpu         ] GC(254) User=0.66s Sys=0.05s Real=0.14s
[49.030s][info][gc,start       ] GC(255) Pause Full (Ergonomics)
[49.030s][info][gc,phases,start] GC(255) Marking Phase
[50.769s][info][gc,phases      ] GC(255) Marking Phase 1739.773ms
[50.770s][info][gc,phases,start] GC(255) Summary Phase
[50.770s][info][gc,phases      ] GC(255) Summary Phase 0.113ms
[50.770s][info][gc,phases,start] GC(255) Adjust Roots
[50.770s][info][gc,phases      ] GC(255) Adjust Roots 0.295ms
[50.770s][info][gc,phases,start] GC(255) Compaction Phase
[51.562s][info][gc,phases      ] GC(255) Compaction Phase 791.561ms
[51.562s][info][gc,phases,start] GC(255) Post Compact
[51.573s][info][gc,phases      ] GC(255) Post Compact 11.583ms
[51.574s][info][gc,heap        ] GC(255) PSYoungGen: 112480K(426496K)->57415K(436736K) Eden: 0K(124416K)->0K(134656K) From: 112480K(302080K)->57415K(302080K)
[51.574s][info][gc,heap        ] GC(255) ParOldGen: 7462659K(7511552K)->7511117K(7851008K)
[51.574s][info][gc,metaspace   ] GC(255) Metaspace: 6301K(6464K)->6301K(6464K) NonClass: 5768K(5824K)->5768K(5824K) Class: 533K(640K)->533K(640K)
[51.574s][info][gc             ] GC(255) Pause Full (Ergonomics) 7397M->7391M(8093M) 2544.766ms
[51.574s][info][gc,cpu         ] GC(255) User=17.92s Sys=0.06s Real=2.55s
[51.725s][info][gc,start       ] GC(256) Pause Young (Allocation Failure)
[52.154s][info][gc,heap        ] GC(256) PSYoungGen: 192071K(436736K)->135072K(269824K) Eden: 134656K(134656K)->0K(134656K) From: 57415K(302080K)->135072K(135168K)
[52.154s][info][gc,heap        ] GC(256) ParOldGen: 7511117K(7851008K)->7569077K(7851008K)
[52.154s][info][gc,metaspace   ] GC(256) Metaspace: 6301K(6464K)->6301K(6464K) NonClass: 5768K(5824K)->5768K(5824K) Class: 533K(640K)->533K(640K)
[52.154s][info][gc             ] GC(256) Pause Young (Allocation Failure) 7522M->7523M(7930M) 429.248ms
[52.154s][info][gc,cpu         ] GC(256) User=2.97s Sys=0.08s Real=0.43s
[52.305s][info][gc,start       ] GC(257) Pause Young (Allocation Failure)
[52.459s][info][gc,heap        ] GC(257) PSYoungGen: 269728K(269824K)->269888K(414208K) Eden: 134656K(134656K)->0K(116224K) From: 135072K(135168K)->269888K(297984K)
[52.459s][info][gc,heap        ] GC(257) ParOldGen: 7569077K(7851008K)->7569077K(7851008K)
[52.459s][info][gc,metaspace   ] GC(257) Metaspace: 6301K(6464K)->6301K(6464K) NonClass: 5768K(5824K)->5768K(5824K) Class: 533K(640K)->533K(640K)
[52.459s][info][gc             ] GC(257) Pause Young (Allocation Failure) 7655M->7655M(8071M) 154.218ms
[52.459s][info][gc,cpu         ] GC(257) User=0.88s Sys=0.00s Real=0.15s
[52.592s][info][gc,start       ] GC(258) Pause Young (Allocation Failure)
[52.783s][info][gc,heap        ] GC(258) PSYoungGen: 386112K(414208K)->328704K(444928K) Eden: 116224K(116224K)->0K(116224K) From: 269888K(297984K)->328704K(328704K)
[52.783s][info][gc,heap        ] GC(258) ParOldGen: 7569077K(7851008K)->7627061K(7851008K)
[52.783s][info][gc,metaspace   ] GC(258) Metaspace: 6301K(6464K)->6301K(6464K) NonClass: 5768K(5824K)->5768K(5824K) Class: 533K(640K)->533K(640K)
[52.783s][info][gc             ] GC(258) Pause Young (Allocation Failure) 7768M->7769M(8101M) 190.843ms
[52.783s][info][gc,cpu         ] GC(258) User=1.39s Sys=0.00s Real=0.19s
[52.906s][info][gc,start       ] GC(259) Pause Young (Allocation Failure)
[53.223s][info][gc,promotion   ] GC(259) Promotion failed
[53.223s][info][gc,heap        ] GC(259) PSYoungGen: 444928K(444928K)->444928K(444928K) Eden: 116224K(116224K)->116224K(116224K) From: 328704K(328704K)->328704K(328704K)
[53.223s][info][gc,heap        ] GC(259) ParOldGen: 7627061K(7851008K)->7851005K(7851008K)
[53.223s][info][gc,metaspace   ] GC(259) Metaspace: 6301K(6464K)->6301K(6464K) NonClass: 5768K(5824K)->5768K(5824K) Class: 533K(640K)->533K(640K)
[53.223s][info][gc             ] GC(259) Pause Young (Allocation Failure) 7882M->8101M(8101M) 317.242ms
[53.223s][info][gc,cpu         ] GC(259) User=1.42s Sys=0.17s Real=0.32s
[53.223s][info][gc,start       ] GC(260) Pause Full (Ergonomics)
[53.223s][info][gc,phases,start] GC(260) Marking Phase
[55.064s][info][gc,phases      ] GC(260) Marking Phase 1840.657ms
[55.064s][info][gc,phases,start] GC(260) Summary Phase
[55.064s][info][gc,phases      ] GC(260) Summary Phase 0.085ms
[55.064s][info][gc,phases,start] GC(260) Adjust Roots
[55.064s][info][gc,phases      ] GC(260) Adjust Roots 0.161ms
[55.064s][info][gc,phases,start] GC(260) Compaction Phase
[55.807s][info][gc,phases      ] GC(260) Compaction Phase 742.713ms
[55.807s][info][gc,phases,start] GC(260) Post Compact
[55.821s][info][gc,phases      ] GC(260) Post Compact 14.479ms
[55.821s][info][gc,heap        ] GC(260) PSYoungGen: 444928K(444928K)->219427K(444928K) Eden: 116224K(116224K)->0K(116224K) From: 328704K(328704K)->219427K(328704K)
[55.821s][info][gc,heap        ] GC(260) ParOldGen: 7851005K(7851008K)->7850737K(7851008K)
[55.821s][info][gc,metaspace   ] GC(260) Metaspace: 6301K(6464K)->6301K(6464K) NonClass: 5768K(5824K)->5768K(5824K) Class: 533K(640K)->533K(640K)
[55.821s][info][gc             ] GC(260) Pause Full (Ergonomics) 8101M->7881M(8101M) 2598.422ms
[55.821s][info][gc,cpu         ] GC(260) User=18.97s Sys=0.06s Real=2.60s
[55.952s][info][gc,start       ] GC(261) Pause Full (Ergonomics)
[55.952s][info][gc,phases,start] GC(261) Marking Phase
[57.798s][info][gc,phases      ] GC(261) Marking Phase 1845.587ms
[57.798s][info][gc,phases,start] GC(261) Summary Phase
[57.798s][info][gc,phases      ] GC(261) Summary Phase 0.100ms
[57.798s][info][gc,phases,start] GC(261) Adjust Roots
[57.798s][info][gc,phases      ] GC(261) Adjust Roots 0.268ms
[57.798s][info][gc,phases,start] GC(261) Compaction Phase
[58.391s][info][gc,phases      ] GC(261) Compaction Phase 592.609ms
[58.391s][info][gc,phases,start] GC(261) Post Compact
[58.404s][info][gc,phases      ] GC(261) Post Compact 12.633ms
[58.404s][info][gc,heap        ] GC(261) PSYoungGen: 335651K(444928K)->335620K(444928K) Eden: 116224K(116224K)->116192K(116224K) From: 219427K(328704K)->219427K(328704K)
[58.404s][info][gc,heap        ] GC(261) ParOldGen: 7850737K(7851008K)->7850737K(7851008K)
[58.404s][info][gc,metaspace   ] GC(261) Metaspace: 6301K(6464K)->6301K(6464K) NonClass: 5768K(5824K)->5768K(5824K) Class: 533K(640K)->533K(640K)
[58.404s][info][gc             ] GC(261) Pause Full (Ergonomics) 7994M->7994M(8101M) 2451.578ms
[58.404s][info][gc,cpu         ] GC(261) User=18.50s Sys=0.00s Real=2.45s
[58.404s][info][gc,start       ] GC(262) Pause Full (Ergonomics)
[58.404s][info][gc,phases,start] GC(262) Marking Phase
[60.239s][info][gc,phases      ] GC(262) Marking Phase 1835.387ms
[60.239s][info][gc,phases,start] GC(262) Summary Phase
[60.240s][info][gc,phases      ] GC(262) Summary Phase 0.080ms
[60.240s][info][gc,phases,start] GC(262) Adjust Roots
[60.240s][info][gc,phases      ] GC(262) Adjust Roots 0.203ms
[60.240s][info][gc,phases,start] GC(262) Compaction Phase
[60.845s][info][gc,phases      ] GC(262) Compaction Phase 604.762ms
[60.845s][info][gc,phases,start] GC(262) Post Compact
[60.857s][info][gc,phases      ] GC(262) Post Compact 12.708ms
[60.857s][info][gc,heap        ] GC(262) PSYoungGen: 335651K(444928K)->335651K(444928K) Eden: 116224K(116224K)->116223K(116224K) From: 219427K(328704K)->219427K(328704K)
[60.857s][info][gc,heap        ] GC(262) ParOldGen: 7850737K(7851008K)->7850737K(7851008K)
[60.857s][info][gc,metaspace   ] GC(262) Metaspace: 6301K(6464K)->6301K(6464K) NonClass: 5768K(5824K)->5768K(5824K) Class: 533K(640K)->533K(640K)
[60.857s][info][gc             ] GC(262) Pause Full (Ergonomics) 7994M->7994M(8101M) 2453.496ms
[60.858s][info][gc,cpu         ] GC(262) User=18.34s Sys=0.05s Real=2.45s
[60.858s][info][gc,start       ] GC(263) Pause Full (Ergonomics)
[60.858s][info][gc,phases,start] GC(263) Marking Phase
[62.720s][info][gc,phases      ] GC(263) Marking Phase 1862.482ms
[62.720s][info][gc,phases,start] GC(263) Summary Phase
[62.720s][info][gc,phases      ] GC(263) Summary Phase 0.079ms
[62.720s][info][gc,phases,start] GC(263) Adjust Roots
[62.721s][info][gc,phases      ] GC(263) Adjust Roots 0.182ms
[62.721s][info][gc,phases,start] GC(263) Compaction Phase
[63.332s][info][gc,phases      ] GC(263) Compaction Phase 611.093ms
[63.332s][info][gc,phases,start] GC(263) Post Compact
[63.344s][info][gc,phases      ] GC(263) Post Compact 12.708ms
[63.345s][info][gc,heap        ] GC(263) PSYoungGen: 335651K(444928K)->335651K(444928K) Eden: 116223K(116224K)->116223K(116224K) From: 219427K(328704K)->219427K(328704K)
[63.345s][info][gc,heap        ] GC(263) ParOldGen: 7850737K(7851008K)->7850737K(7851008K)
[63.345s][info][gc,metaspace   ] GC(263) Metaspace: 6301K(6464K)->6301K(6464K) NonClass: 5768K(5824K)->5768K(5824K) Class: 533K(640K)->533K(640K)
[63.345s][info][gc             ] GC(263) Pause Full (Ergonomics) 7994M->7994M(8101M) 2486.866ms
[63.345s][info][gc,cpu         ] GC(263) User=18.84s Sys=0.00s Real=2.49s
[63.345s][info][gc,start       ] GC(264) Pause Full (Ergonomics)
[63.345s][info][gc,phases,start] GC(264) Marking Phase
[65.227s][info][gc,phases      ] GC(264) Marking Phase 1881.812ms
[65.227s][info][gc,phases,start] GC(264) Summary Phase
[65.227s][info][gc,phases      ] GC(264) Summary Phase 0.083ms
[65.227s][info][gc,phases,start] GC(264) Adjust Roots
[65.227s][info][gc,phases      ] GC(264) Adjust Roots 0.213ms
[65.227s][info][gc,phases,start] GC(264) Compaction Phase
[65.859s][info][gc,phases      ] GC(264) Compaction Phase 632.512ms
[65.860s][info][gc,phases,start] GC(264) Post Compact
[65.874s][info][gc,phases      ] GC(264) Post Compact 14.428ms
[65.874s][info][gc,heap        ] GC(264) PSYoungGen: 335651K(444928K)->335651K(444928K) Eden: 116224K(116224K)->116224K(116224K) From: 219427K(328704K)->219427K(328704K)
[65.874s][info][gc,heap        ] GC(264) ParOldGen: 7850742K(7851008K)->7850742K(7851008K)
[65.874s][info][gc,metaspace   ] GC(264) Metaspace: 6301K(6464K)->6301K(6464K) NonClass: 5768K(5824K)->5768K(5824K) Class: 533K(640K)->533K(640K)
[65.874s][info][gc             ] GC(264) Pause Full (Ergonomics) 7994M->7994M(8101M) 2529.370ms
[65.874s][info][gc,cpu         ] GC(264) User=19.11s Sys=0.00s Real=2.53s
[65.874s][info][gc,start       ] GC(265) Pause Full (Ergonomics)
[65.874s][info][gc,phases,start] GC(265) Marking Phase
[67.757s][info][gc,phases      ] GC(265) Marking Phase 1883.102ms
[67.758s][info][gc,phases,start] GC(265) Summary Phase
[67.758s][info][gc,phases      ] GC(265) Summary Phase 0.095ms
[67.758s][info][gc,phases,start] GC(265) Adjust Roots
[67.758s][info][gc,phases      ] GC(265) Adjust Roots 0.197ms
[67.758s][info][gc,phases,start] GC(265) Compaction Phase
[68.401s][info][gc,phases      ] GC(265) Compaction Phase 642.984ms
[68.401s][info][gc,phases,start] GC(265) Post Compact
[68.416s][info][gc,phases      ] GC(265) Post Compact 14.762ms
[68.416s][info][gc,heap        ] GC(265) PSYoungGen: 335651K(444928K)->335651K(444928K) Eden: 116224K(116224K)->116224K(116224K) From: 219427K(328704K)->219427K(328704K)
[68.416s][info][gc,heap        ] GC(265) ParOldGen: 7850747K(7851008K)->7850747K(7851008K)
[68.416s][info][gc,metaspace   ] GC(265) Metaspace: 6301K(6464K)->6301K(6464K) NonClass: 5768K(5824K)->5768K(5824K) Class: 533K(640K)->533K(640K)
[68.416s][info][gc             ] GC(265) Pause Full (Ergonomics) 7994M->7994M(8101M) 2541.491ms
[68.416s][info][gc,cpu         ] GC(265) User=18.91s Sys=0.00s Real=2.54s
[68.416s][info][gc,start       ] GC(266) Pause Full (Ergonomics)
[68.416s][info][gc,phases,start] GC(266) Marking Phase
[70.302s][info][gc,phases      ] GC(266) Marking Phase 1885.741ms
[70.302s][info][gc,phases,start] GC(266) Summary Phase
[70.302s][info][gc,phases      ] GC(266) Summary Phase 0.191ms
[70.302s][info][gc,phases,start] GC(266) Adjust Roots
[70.302s][info][gc,phases      ] GC(266) Adjust Roots 0.295ms
[70.302s][info][gc,phases,start] GC(266) Compaction Phase
[70.956s][info][gc,phases      ] GC(266) Compaction Phase 653.348ms
[70.956s][info][gc,phases,start] GC(266) Post Compact
[70.969s][info][gc,phases      ] GC(266) Post Compact 12.729ms
[70.969s][info][gc,heap        ] GC(266) PSYoungGen: 335651K(444928K)->335651K(444928K) Eden: 116224K(116224K)->116224K(116224K) From: 219427K(328704K)->219427K(328704K)
[70.969s][info][gc,heap        ] GC(266) ParOldGen: 7850752K(7851008K)->7850752K(7851008K)
[70.969s][info][gc,metaspace   ] GC(266) Metaspace: 6301K(6464K)->6301K(6464K) NonClass: 5768K(5824K)->5768K(5824K) Class: 533K(640K)->533K(640K)
[70.969s][info][gc             ] GC(266) Pause Full (Ergonomics) 7994M->7994M(8101M) 2552.714ms
[70.969s][info][gc,cpu         ] GC(266) User=18.86s Sys=0.00s Real=2.55s
[70.969s][info][gc,start       ] GC(267) Pause Full (Ergonomics)
[70.969s][info][gc,phases,start] GC(267) Marking Phase
[72.866s][info][gc,phases      ] GC(267) Marking Phase 1897.435ms
[72.866s][info][gc,phases,start] GC(267) Summary Phase
[72.867s][info][gc,phases      ] GC(267) Summary Phase 0.150ms
[72.867s][info][gc,phases,start] GC(267) Adjust Roots
[72.867s][info][gc,phases      ] GC(267) Adjust Roots 0.388ms
[72.867s][info][gc,phases,start] GC(267) Compaction Phase
[73.527s][info][gc,phases      ] GC(267) Compaction Phase 659.693ms
[73.527s][info][gc,phases,start] GC(267) Post Compact
[73.540s][info][gc,phases      ] GC(267) Post Compact 12.997ms
[73.540s][info][gc,heap        ] GC(267) PSYoungGen: 335651K(444928K)->335651K(444928K) Eden: 116224K(116224K)->116224K(116224K) From: 219427K(328704K)->219427K(328704K)
[73.540s][info][gc,heap        ] GC(267) ParOldGen: 7850757K(7851008K)->7850757K(7851008K)
[73.540s][info][gc,metaspace   ] GC(267) Metaspace: 6301K(6464K)->6301K(6464K) NonClass: 5768K(5824K)->5768K(5824K) Class: 533K(640K)->533K(640K)
[73.540s][info][gc             ] GC(267) Pause Full (Ergonomics) 7994M->7994M(8101M) 2571.087ms
[73.540s][info][gc,cpu         ] GC(267) User=19.16s Sys=0.05s Real=2.57s
[73.540s][info][gc,start       ] GC(268) Pause Full (Ergonomics)
[73.540s][info][gc,phases,start] GC(268) Marking Phase
[75.449s][info][gc,phases      ] GC(268) Marking Phase 1908.711ms
[75.449s][info][gc,phases,start] GC(268) Summary Phase
[75.449s][info][gc,phases      ] GC(268) Summary Phase 0.120ms
[75.449s][info][gc,phases,start] GC(268) Adjust Roots
[75.449s][info][gc,phases      ] GC(268) Adjust Roots 0.249ms
[75.449s][info][gc,phases,start] GC(268) Compaction Phase
[76.085s][info][gc,phases      ] GC(268) Compaction Phase 635.177ms
[76.085s][info][gc,phases,start] GC(268) Post Compact
[76.097s][info][gc,phases      ] GC(268) Post Compact 12.722ms
[76.098s][info][gc,heap        ] GC(268) PSYoungGen: 335651K(444928K)->335651K(444928K) Eden: 116224K(116224K)->116224K(116224K) From: 219427K(328704K)->219427K(328704K)
[76.098s][info][gc,heap        ] GC(268) ParOldGen: 7850762K(7851008K)->7850762K(7851008K)
[76.098s][info][gc,metaspace   ] GC(268) Metaspace: 6301K(6464K)->6301K(6464K) NonClass: 5768K(5824K)->5768K(5824K) Class: 533K(640K)->533K(640K)
[76.098s][info][gc             ] GC(268) Pause Full (Ergonomics) 7994M->7994M(8101M) 2557.372ms
[76.098s][info][gc,cpu         ] GC(268) User=19.36s Sys=0.00s Real=2.56s
[76.098s][info][gc,start       ] GC(269) Pause Full (Ergonomics)
[76.098s][info][gc,phases,start] GC(269) Marking Phase
[78.002s][info][gc,phases      ] GC(269) Marking Phase 1904.205ms
[78.002s][info][gc,phases,start] GC(269) Summary Phase
[78.002s][info][gc,phases      ] GC(269) Summary Phase 0.079ms
[78.002s][info][gc,phases,start] GC(269) Adjust Roots
[78.002s][info][gc,phases      ] GC(269) Adjust Roots 0.161ms
[78.002s][info][gc,phases,start] GC(269) Compaction Phase
[78.669s][info][gc,phases      ] GC(269) Compaction Phase 667.107ms
[78.670s][info][gc,phases,start] GC(269) Post Compact
[78.682s][info][gc,phases      ] GC(269) Post Compact 12.576ms
[78.682s][info][gc,heap        ] GC(269) PSYoungGen: 335651K(444928K)->335651K(444928K) Eden: 116224K(116224K)->116224K(116224K) From: 219427K(328704K)->219427K(328704K)
[78.682s][info][gc,heap        ] GC(269) ParOldGen: 7850766K(7851008K)->7850766K(7851008K)
[78.682s][info][gc,metaspace   ] GC(269) Metaspace: 6301K(6464K)->6301K(6464K) NonClass: 5768K(5824K)->5768K(5824K) Class: 533K(640K)->533K(640K)
[78.682s][info][gc             ] GC(269) Pause Full (Ergonomics) 7994M->7994M(8101M) 2584.479ms
[78.682s][info][gc,cpu         ] GC(269) User=19.27s Sys=0.02s Real=2.59s
[78.683s][info][gc,start       ] GC(270) Pause Full (Ergonomics)
[78.683s][info][gc,phases,start] GC(270) Marking Phase
[80.590s][info][gc,phases      ] GC(270) Marking Phase 1907.046ms
[80.590s][info][gc,phases,start] GC(270) Summary Phase
[80.590s][info][gc,phases      ] GC(270) Summary Phase 0.080ms
[80.590s][info][gc,phases,start] GC(270) Adjust Roots
[80.590s][info][gc,phases      ] GC(270) Adjust Roots 0.168ms
[80.590s][info][gc,phases,start] GC(270) Compaction Phase
[81.273s][info][gc,phases      ] GC(270) Compaction Phase 683.390ms
[81.273s][info][gc,phases,start] GC(270) Post Compact
[81.286s][info][gc,phases      ] GC(270) Post Compact 12.788ms
[81.286s][info][gc,heap        ] GC(270) PSYoungGen: 335651K(444928K)->335651K(444928K) Eden: 116224K(116224K)->116224K(116224K) From: 219427K(328704K)->219427K(328704K)
[81.286s][info][gc,heap        ] GC(270) ParOldGen: 7850771K(7851008K)->7850771K(7851008K)
[81.286s][info][gc,metaspace   ] GC(270) Metaspace: 6301K(6464K)->6301K(6464K) NonClass: 5768K(5824K)->5768K(5824K) Class: 533K(640K)->533K(640K)
[81.286s][info][gc             ] GC(270) Pause Full (Ergonomics) 7994M->7994M(8101M) 2603.840ms
[81.286s][info][gc,cpu         ] GC(270) User=19.34s Sys=0.00s Real=2.60s
[81.287s][info][gc,start       ] GC(271) Pause Full (Ergonomics)
[81.287s][info][gc,phases,start] GC(271) Marking Phase
[83.190s][info][gc,phases      ] GC(271) Marking Phase 1903.248ms
[83.190s][info][gc,phases,start] GC(271) Summary Phase
[83.190s][info][gc,phases      ] GC(271) Summary Phase 0.083ms
[83.190s][info][gc,phases,start] GC(271) Adjust Roots
[83.190s][info][gc,phases      ] GC(271) Adjust Roots 0.176ms
[83.190s][info][gc,phases,start] GC(271) Compaction Phase
[83.871s][info][gc,phases      ] GC(271) Compaction Phase 680.582ms
[83.871s][info][gc,phases,start] GC(271) Post Compact
[83.883s][info][gc,phases      ] GC(271) Post Compact 12.544ms
[83.884s][info][gc,heap        ] GC(271) PSYoungGen: 335651K(444928K)->335651K(444928K) Eden: 116224K(116224K)->116224K(116224K) From: 219427K(328704K)->219427K(328704K)
[83.884s][info][gc,heap        ] GC(271) ParOldGen: 7850776K(7851008K)->7850776K(7851008K)
[83.884s][info][gc,metaspace   ] GC(271) Metaspace: 6301K(6464K)->6301K(6464K) NonClass: 5768K(5824K)->5768K(5824K) Class: 533K(640K)->533K(640K)
[83.884s][info][gc             ] GC(271) Pause Full (Ergonomics) 7994M->7994M(8101M) 2597.008ms
[83.884s][info][gc,cpu         ] GC(271) User=19.33s Sys=0.00s Real=2.60s
[83.884s][info][gc,start       ] GC(272) Pause Full (Ergonomics)
[83.884s][info][gc,phases,start] GC(272) Marking Phase
[85.804s][info][gc,phases      ] GC(272) Marking Phase 1920.321ms
[85.804s][info][gc,phases,start] GC(272) Summary Phase
[85.804s][info][gc,phases      ] GC(272) Summary Phase 0.079ms
[85.804s][info][gc,phases,start] GC(272) Adjust Roots
[85.804s][info][gc,phases      ] GC(272) Adjust Roots 0.163ms
[85.804s][info][gc,phases,start] GC(272) Compaction Phase
[86.495s][info][gc,phases      ] GC(272) Compaction Phase 690.587ms
[86.495s][info][gc,phases,start] GC(272) Post Compact
[86.508s][info][gc,phases      ] GC(272) Post Compact 12.684ms
[86.508s][info][gc,heap        ] GC(272) PSYoungGen: 335651K(444928K)->335651K(444928K) Eden: 116224K(116224K)->116224K(116224K) From: 219427K(328704K)->219427K(328704K)
[86.508s][info][gc,heap        ] GC(272) ParOldGen: 7850781K(7851008K)->7850781K(7851008K)
[86.508s][info][gc,metaspace   ] GC(272) Metaspace: 6301K(6464K)->6301K(6464K) NonClass: 5768K(5824K)->5768K(5824K) Class: 533K(640K)->533K(640K)
[86.508s][info][gc             ] GC(272) Pause Full (Ergonomics) 7994M->7994M(8101M) 2624.182ms
[86.508s][info][gc,cpu         ] GC(272) User=19.50s Sys=0.02s Real=2.62s
[86.508s][info][gc,start       ] GC(273) Pause Full (Ergonomics)
[86.508s][info][gc,phases,start] GC(273) Marking Phase
[88.469s][info][gc,phases      ] GC(273) Marking Phase 1960.628ms
[88.469s][info][gc,phases,start] GC(273) Summary Phase
[88.469s][info][gc,phases      ] GC(273) Summary Phase 0.083ms
[88.469s][info][gc,phases,start] GC(273) Adjust Roots
[88.469s][info][gc,phases      ] GC(273) Adjust Roots 0.222ms
[88.469s][info][gc,phases,start] GC(273) Compaction Phase
[89.149s][info][gc,phases      ] GC(273) Compaction Phase 679.389ms
[89.149s][info][gc,phases,start] GC(273) Post Compact
[89.161s][info][gc,phases      ] GC(273) Post Compact 12.765ms
[89.162s][info][gc,heap        ] GC(273) PSYoungGen: 335651K(444928K)->335651K(444928K) Eden: 116224K(116224K)->116224K(116224K) From: 219427K(328704K)->219427K(328704K)
[89.162s][info][gc,heap        ] GC(273) ParOldGen: 7850786K(7851008K)->7850786K(7851008K)
[89.162s][info][gc,metaspace   ] GC(273) Metaspace: 6301K(6464K)->6301K(6464K) NonClass: 5768K(5824K)->5768K(5824K) Class: 533K(640K)->533K(640K)
[89.162s][info][gc             ] GC(273) Pause Full (Ergonomics) 7994M->7994M(8101M) 2653.426ms
[89.162s][info][gc,cpu         ] GC(273) User=19.97s Sys=0.00s Real=2.65s
[89.162s][info][gc,start       ] GC(274) Pause Full (Ergonomics)
[89.162s][info][gc,phases,start] GC(274) Marking Phase
[91.151s][info][gc,phases      ] GC(274) Marking Phase 1989.152ms
[91.151s][info][gc,phases,start] GC(274) Summary Phase
[91.151s][info][gc,phases      ] GC(274) Summary Phase 0.080ms
[91.151s][info][gc,phases,start] GC(274) Adjust Roots
[91.151s][info][gc,phases      ] GC(274) Adjust Roots 0.166ms
[91.151s][info][gc,phases,start] GC(274) Compaction Phase
[91.863s][info][gc,phases      ] GC(274) Compaction Phase 711.525ms
[91.863s][info][gc,phases,start] GC(274) Post Compact
[91.876s][info][gc,phases      ] GC(274) Post Compact 12.612ms
[91.876s][info][gc,heap        ] GC(274) PSYoungGen: 335651K(444928K)->335651K(444928K) Eden: 116224K(116224K)->116224K(116224K) From: 219427K(328704K)->219427K(328704K)
[91.876s][info][gc,heap        ] GC(274) ParOldGen: 7850791K(7851008K)->7850791K(7851008K)
[91.876s][info][gc,metaspace   ] GC(274) Metaspace: 6301K(6464K)->6301K(6464K) NonClass: 5768K(5824K)->5768K(5824K) Class: 533K(640K)->533K(640K)
[91.876s][info][gc             ] GC(274) Pause Full (Ergonomics) 7994M->7994M(8101M) 2713.868ms
[91.876s][info][gc,cpu         ] GC(274) User=19.94s Sys=0.00s Real=2.71s
[91.876s][info][gc,start       ] GC(275) Pause Full (Ergonomics)
[91.876s][info][gc,phases,start] GC(275) Marking Phase
[93.848s][info][gc,phases      ] GC(275) Marking Phase 1972.396ms
[93.848s][info][gc,phases,start] GC(275) Summary Phase
[93.848s][info][gc,phases      ] GC(275) Summary Phase 0.081ms
[93.848s][info][gc,phases,start] GC(275) Adjust Roots
[93.849s][info][gc,phases      ] GC(275) Adjust Roots 0.185ms
[93.849s][info][gc,phases,start] GC(275) Compaction Phase
[94.546s][info][gc,phases      ] GC(275) Compaction Phase 696.823ms
[94.546s][info][gc,phases,start] GC(275) Post Compact
[94.558s][info][gc,phases      ] GC(275) Post Compact 12.681ms
[94.558s][info][gc,heap        ] GC(275) PSYoungGen: 335651K(444928K)->335651K(444928K) Eden: 116224K(116224K)->116224K(116224K) From: 219427K(328704K)->219427K(328704K)
[94.558s][info][gc,heap        ] GC(275) ParOldGen: 7850795K(7851008K)->7850795K(7851008K)
[94.558s][info][gc,metaspace   ] GC(275) Metaspace: 6301K(6464K)->6301K(6464K) NonClass: 5768K(5824K)->5768K(5824K) Class: 533K(640K)->533K(640K)
[94.558s][info][gc             ] GC(275) Pause Full (Ergonomics) 7994M->7994M(8101M) 2682.533ms
[94.558s][info][gc,cpu         ] GC(275) User=19.98s Sys=0.03s Real=2.68s
[94.559s][info][gc,start       ] GC(276) Pause Full (Ergonomics)
[94.559s][info][gc,phases,start] GC(276) Marking Phase
[96.527s][info][gc,phases      ] GC(276) Marking Phase 1968.705ms
[96.527s][info][gc,phases,start] GC(276) Summary Phase
[96.527s][info][gc,phases      ] GC(276) Summary Phase 0.080ms
[96.527s][info][gc,phases,start] GC(276) Adjust Roots
[96.528s][info][gc,phases      ] GC(276) Adjust Roots 0.180ms
[96.528s][info][gc,phases,start] GC(276) Compaction Phase
[97.230s][info][gc,phases      ] GC(276) Compaction Phase 702.081ms
[97.230s][info][gc,phases,start] GC(276) Post Compact
[97.243s][info][gc,phases      ] GC(276) Post Compact 12.622ms
[97.243s][info][gc,heap        ] GC(276) PSYoungGen: 335651K(444928K)->335651K(444928K) Eden: 116224K(116224K)->116224K(116224K) From: 219427K(328704K)->219427K(328704K)
[97.243s][info][gc,heap        ] GC(276) ParOldGen: 7850800K(7851008K)->7850800K(7851008K)
[97.243s][info][gc,metaspace   ] GC(276) Metaspace: 6301K(6464K)->6301K(6464K) NonClass: 5768K(5824K)->5768K(5824K) Class: 533K(640K)->533K(640K)
[97.243s][info][gc             ] GC(276) Pause Full (Ergonomics) 7994M->7994M(8101M) 2684.029ms
[97.243s][info][gc,cpu         ] GC(276) User=19.89s Sys=0.00s Real=2.68s
[97.243s][info][gc,start       ] GC(277) Pause Full (Ergonomics)
[97.243s][info][gc,phases,start] GC(277) Marking Phase
[99.193s][info][gc,phases      ] GC(277) Marking Phase 1950.533ms
[99.194s][info][gc,phases,start] GC(277) Summary Phase
[99.194s][info][gc,phases      ] GC(277) Summary Phase 0.083ms
[99.194s][info][gc,phases,start] GC(277) Adjust Roots
[99.194s][info][gc,phases      ] GC(277) Adjust Roots 0.213ms
[99.194s][info][gc,phases,start] GC(277) Compaction Phase
[99.900s][info][gc,phases      ] GC(277) Compaction Phase 705.799ms
[99.900s][info][gc,phases,start] GC(277) Post Compact
[99.913s][info][gc,phases      ] GC(277) Post Compact 12.982ms
[99.913s][info][gc,heap        ] GC(277) PSYoungGen: 335651K(444928K)->335651K(444928K) Eden: 116224K(116224K)->116224K(116224K) From: 219427K(328704K)->219427K(328704K)
[99.913s][info][gc,heap        ] GC(277) ParOldGen: 7850805K(7851008K)->7850805K(7851008K)
[99.913s][info][gc,metaspace   ] GC(277) Metaspace: 6301K(6464K)->6301K(6464K) NonClass: 5768K(5824K)->5768K(5824K) Class: 533K(640K)->533K(640K)
[99.913s][info][gc             ] GC(277) Pause Full (Ergonomics) 7994M->7994M(8101M) 2669.979ms
[99.913s][info][gc,cpu         ] GC(277) User=19.86s Sys=0.00s Real=2.67s
[99.913s][info][gc,start       ] GC(278) Pause Full (Ergonomics)
[99.913s][info][gc,phases,start] GC(278) Marking Phase
[101.891s][info][gc,phases      ] GC(278) Marking Phase 1978.338ms
[101.892s][info][gc,phases,start] GC(278) Summary Phase
[101.892s][info][gc,phases      ] GC(278) Summary Phase 0.087ms
[101.892s][info][gc,phases,start] GC(278) Adjust Roots
[101.892s][info][gc,phases      ] GC(278) Adjust Roots 0.166ms
[101.892s][info][gc,phases,start] GC(278) Compaction Phase
[102.611s][info][gc,phases      ] GC(278) Compaction Phase 719.082ms
[102.611s][info][gc,phases,start] GC(278) Post Compact
[102.624s][info][gc,phases      ] GC(278) Post Compact 12.992ms
[102.624s][info][gc,heap        ] GC(278) PSYoungGen: 335651K(444928K)->335651K(444928K) Eden: 116224K(116224K)->116224K(116224K) From: 219427K(328704K)->219427K(328704K)
[102.624s][info][gc,heap        ] GC(278) ParOldGen: 7850810K(7851008K)->7850810K(7851008K)
[102.624s][info][gc,metaspace   ] GC(278) Metaspace: 6301K(6464K)->6301K(6464K) NonClass: 5768K(5824K)->5768K(5824K) Class: 533K(640K)->533K(640K)
[102.624s][info][gc             ] GC(278) Pause Full (Ergonomics) 7994M->7994M(8101M) 2711.040ms
[102.624s][info][gc,cpu         ] GC(278) User=20.05s Sys=0.00s Real=2.71s
[102.624s][info][gc,start       ] GC(279) Pause Full (Ergonomics)
[102.624s][info][gc,phases,start] GC(279) Marking Phase
[104.599s][info][gc,phases      ] GC(279) Marking Phase 1974.506ms
[104.599s][info][gc,phases,start] GC(279) Summary Phase
[104.599s][info][gc,phases      ] GC(279) Summary Phase 0.092ms
[104.599s][info][gc,phases,start] GC(279) Adjust Roots
[104.599s][info][gc,phases      ] GC(279) Adjust Roots 0.258ms
[104.599s][info][gc,phases,start] GC(279) Compaction Phase
[105.257s][info][gc,phases      ] GC(279) Compaction Phase 657.787ms
[105.257s][info][gc,phases,start] GC(279) Post Compact
[105.270s][info][gc,phases      ] GC(279) Post Compact 12.640ms
[105.270s][info][gc,heap        ] GC(279) PSYoungGen: 335651K(444928K)->335651K(444928K) Eden: 116224K(116224K)->116224K(116224K) From: 219427K(328704K)->219427K(328704K)
[105.270s][info][gc,heap        ] GC(279) ParOldGen: 7850815K(7851008K)->7850815K(7851008K)
[105.270s][info][gc,metaspace   ] GC(279) Metaspace: 6301K(6464K)->6301K(6464K) NonClass: 5768K(5824K)->5768K(5824K) Class: 533K(640K)->533K(640K)
[105.270s][info][gc             ] GC(279) Pause Full (Ergonomics) 7994M->7994M(8101M) 2645.679ms
[105.270s][info][gc,cpu         ] GC(279) User=20.09s Sys=0.02s Real=2.64s
[105.270s][info][gc,start       ] GC(280) Pause Full (Ergonomics)
[105.270s][info][gc,phases,start] GC(280) Marking Phase
[107.271s][info][gc,phases      ] GC(280) Marking Phase 2000.404ms
[107.271s][info][gc,phases,start] GC(280) Summary Phase
[107.271s][info][gc,phases      ] GC(280) Summary Phase 0.127ms
[107.271s][info][gc,phases,start] GC(280) Adjust Roots
[107.271s][info][gc,phases      ] GC(280) Adjust Roots 0.177ms
[107.271s][info][gc,phases,start] GC(280) Compaction Phase
[107.962s][info][gc,phases      ] GC(280) Compaction Phase 690.439ms
[107.962s][info][gc,phases,start] GC(280) Post Compact
[107.974s][info][gc,phases      ] GC(280) Post Compact 12.659ms
[107.974s][info][gc,heap        ] GC(280) PSYoungGen: 335651K(444928K)->335651K(444928K) Eden: 116224K(116224K)->116224K(116224K) From: 219427K(328704K)->219427K(328704K)
[107.974s][info][gc,heap        ] GC(280) ParOldGen: 7850820K(7851008K)->7850820K(7851008K)
[107.974s][info][gc,metaspace   ] GC(280) Metaspace: 6301K(6464K)->6301K(6464K) NonClass: 5768K(5824K)->5768K(5824K) Class: 533K(640K)->533K(640K)
[107.974s][info][gc             ] GC(280) Pause Full (Ergonomics) 7994M->7994M(8101M) 2704.187ms
[107.974s][info][gc,cpu         ] GC(280) User=20.09s Sys=0.03s Real=2.71s
[107.975s][info][gc,start       ] GC(281) Pause Full (Ergonomics)
[107.975s][info][gc,phases,start] GC(281) Marking Phase
[109.974s][info][gc,phases      ] GC(281) Marking Phase 1999.309ms
[109.974s][info][gc,phases,start] GC(281) Summary Phase
[109.974s][info][gc,phases      ] GC(281) Summary Phase 0.093ms
[109.974s][info][gc,phases,start] GC(281) Adjust Roots
[109.974s][info][gc,phases      ] GC(281) Adjust Roots 0.211ms
[109.974s][info][gc,phases,start] GC(281) Compaction Phase
[110.652s][info][gc,phases      ] GC(281) Compaction Phase 677.635ms
[110.652s][info][gc,phases,start] GC(281) Post Compact
[110.665s][info][gc,phases      ] GC(281) Post Compact 12.728ms
[110.665s][info][gc,heap        ] GC(281) PSYoungGen: 335651K(444928K)->335651K(444928K) Eden: 116224K(116224K)->116224K(116224K) From: 219427K(328704K)->219427K(328704K)
[110.665s][info][gc,heap        ] GC(281) ParOldGen: 7850824K(7851008K)->7850824K(7851008K)
[110.665s][info][gc,metaspace   ] GC(281) Metaspace: 6301K(6464K)->6301K(6464K) NonClass: 5768K(5824K)->5768K(5824K) Class: 533K(640K)->533K(640K)
[110.665s][info][gc             ] GC(281) Pause Full (Ergonomics) 7994M->7994M(8101M) 2690.333ms
[110.665s][info][gc,cpu         ] GC(281) User=20.16s Sys=0.00s Real=2.69s
[110.665s][info][gc,start       ] GC(282) Pause Full (Ergonomics)
[110.665s][info][gc,phases,start] GC(282) Marking Phase
[112.630s][info][gc,phases      ] GC(282) Marking Phase 1964.949ms
[112.630s][info][gc,phases,start] GC(282) Summary Phase
[112.630s][info][gc,phases      ] GC(282) Summary Phase 0.113ms
[112.630s][info][gc,phases,start] GC(282) Adjust Roots
[112.631s][info][gc,phases      ] GC(282) Adjust Roots 0.212ms
[112.631s][info][gc,phases,start] GC(282) Compaction Phase
[113.295s][info][gc,phases      ] GC(282) Compaction Phase 664.537ms
[113.295s][info][gc,phases,start] GC(282) Post Compact
[113.308s][info][gc,phases      ] GC(282) Post Compact 12.542ms
[113.308s][info][gc,heap        ] GC(282) PSYoungGen: 335651K(444928K)->335651K(444928K) Eden: 116224K(116224K)->116224K(116224K) From: 219427K(328704K)->219427K(328704K)
[113.308s][info][gc,heap        ] GC(282) ParOldGen: 7850829K(7851008K)->7850829K(7851008K)
[113.308s][info][gc,metaspace   ] GC(282) Metaspace: 6301K(6464K)->6301K(6464K) NonClass: 5768K(5824K)->5768K(5824K) Class: 533K(640K)->533K(640K)
[113.308s][info][gc             ] GC(282) Pause Full (Ergonomics) 7994M->7994M(8101M) 2642.750ms
[113.308s][info][gc,cpu         ] GC(282) User=20.11s Sys=0.02s Real=2.64s
[113.308s][info][gc,start       ] GC(283) Pause Full (Ergonomics)
[113.308s][info][gc,phases,start] GC(283) Marking Phase
[115.268s][info][gc,phases      ] GC(283) Marking Phase 1960.103ms
[115.268s][info][gc,phases,start] GC(283) Summary Phase
[115.268s][info][gc,phases      ] GC(283) Summary Phase 0.127ms
[115.269s][info][gc,phases,start] GC(283) Adjust Roots
[115.269s][info][gc,phases      ] GC(283) Adjust Roots 0.239ms
[115.269s][info][gc,phases,start] GC(283) Compaction Phase
[115.929s][info][gc,phases      ] GC(283) Compaction Phase 660.471ms
[115.929s][info][gc,phases,start] GC(283) Post Compact
[115.942s][info][gc,phases      ] GC(283) Post Compact 12.695ms
[115.942s][info][gc,heap        ] GC(283) PSYoungGen: 335651K(444928K)->335651K(444928K) Eden: 116224K(116224K)->116224K(116224K) From: 219427K(328704K)->219427K(328704K)
[115.942s][info][gc,heap        ] GC(283) ParOldGen: 7850834K(7851008K)->7850834K(7851008K)
[115.942s][info][gc,metaspace   ] GC(283) Metaspace: 6301K(6464K)->6301K(6464K) NonClass: 5768K(5824K)->5768K(5824K) Class: 533K(640K)->533K(640K)
[115.942s][info][gc             ] GC(283) Pause Full (Ergonomics) 7994M->7994M(8101M) 2634.032ms
[115.942s][info][gc,cpu         ] GC(283) User=19.89s Sys=0.00s Real=2.63s
[115.942s][info][gc,start       ] GC(284) Pause Full (Ergonomics)
[115.942s][info][gc,phases,start] GC(284) Marking Phase
[117.930s][info][gc,phases      ] GC(284) Marking Phase 1987.131ms
[117.930s][info][gc,phases,start] GC(284) Summary Phase
[117.930s][info][gc,phases      ] GC(284) Summary Phase 0.095ms
[117.930s][info][gc,phases,start] GC(284) Adjust Roots
[117.930s][info][gc,phases      ] GC(284) Adjust Roots 0.213ms
[117.930s][info][gc,phases,start] GC(284) Compaction Phase
[118.642s][info][gc,phases      ] GC(284) Compaction Phase 711.825ms
[118.642s][info][gc,phases,start] GC(284) Post Compact
[118.655s][info][gc,phases      ] GC(284) Post Compact 12.680ms
[118.655s][info][gc,heap        ] GC(284) PSYoungGen: 335651K(444928K)->335651K(444928K) Eden: 116224K(116224K)->116224K(116224K) From: 219427K(328704K)->219427K(328704K)
[118.655s][info][gc,heap        ] GC(284) ParOldGen: 7850839K(7851008K)->7850839K(7851008K)
[118.655s][info][gc,metaspace   ] GC(284) Metaspace: 6301K(6464K)->6301K(6464K) NonClass: 5768K(5824K)->5768K(5824K) Class: 533K(640K)->533K(640K)
[118.655s][info][gc             ] GC(284) Pause Full (Ergonomics) 7994M->7994M(8101M) 2712.354ms
[118.655s][info][gc,cpu         ] GC(284) User=19.97s Sys=0.02s Real=2.71s
[118.655s][info][gc,start       ] GC(285) Pause Full (Ergonomics)
[118.655s][info][gc,phases,start] GC(285) Marking Phase
[120.602s][info][gc,phases      ] GC(285) Marking Phase 1947.158ms
[120.602s][info][gc,phases,start] GC(285) Summary Phase
[120.602s][info][gc,phases      ] GC(285) Summary Phase 0.080ms
[120.602s][info][gc,phases,start] GC(285) Adjust Roots
[120.602s][info][gc,phases      ] GC(285) Adjust Roots 0.184ms
[120.602s][info][gc,phases,start] GC(285) Compaction Phase
[121.281s][info][gc,phases      ] GC(285) Compaction Phase 678.533ms
[121.281s][info][gc,phases,start] GC(285) Post Compact
[121.294s][info][gc,phases      ] GC(285) Post Compact 12.583ms
[121.294s][info][gc,heap        ] GC(285) PSYoungGen: 335651K(444928K)->335651K(444928K) Eden: 116224K(116224K)->116224K(116224K) From: 219427K(328704K)->219427K(328704K)
[121.294s][info][gc,heap        ] GC(285) ParOldGen: 7850844K(7851008K)->7850844K(7851008K)
[121.294s][info][gc,metaspace   ] GC(285) Metaspace: 6301K(6464K)->6301K(6464K) NonClass: 5768K(5824K)->5768K(5824K) Class: 533K(640K)->533K(640K)
[121.294s][info][gc             ] GC(285) Pause Full (Ergonomics) 7994M->7994M(8101M) 2638.892ms
[121.294s][info][gc,cpu         ] GC(285) User=19.89s Sys=0.00s Real=2.64s
[121.294s][info][gc,start       ] GC(286) Pause Full (Ergonomics)
[121.294s][info][gc,phases,start] GC(286) Marking Phase
[123.237s][info][gc,phases      ] GC(286) Marking Phase 1942.701ms
[123.237s][info][gc,phases,start] GC(286) Summary Phase
[123.237s][info][gc,phases      ] GC(286) Summary Phase 0.080ms
[123.237s][info][gc,phases,start] GC(286) Adjust Roots
[123.237s][info][gc,phases      ] GC(286) Adjust Roots 0.193ms
[123.237s][info][gc,phases,start] GC(286) Compaction Phase
[123.897s][info][gc,phases      ] GC(286) Compaction Phase 660.190ms
[123.897s][info][gc,phases,start] GC(286) Post Compact
[123.910s][info][gc,phases      ] GC(286) Post Compact 12.700ms
[123.910s][info][gc,heap        ] GC(286) PSYoungGen: 335651K(444928K)->335651K(444928K) Eden: 116224K(116224K)->116224K(116224K) From: 219427K(328704K)->219427K(328704K)
[123.910s][info][gc,heap        ] GC(286) ParOldGen: 7850849K(7851008K)->7850849K(7851008K)
[123.910s][info][gc,metaspace   ] GC(286) Metaspace: 6301K(6464K)->6301K(6464K) NonClass: 5768K(5824K)->5768K(5824K) Class: 533K(640K)->533K(640K)
[123.910s][info][gc             ] GC(286) Pause Full (Ergonomics) 7994M->7994M(8101M) 2616.214ms
[123.910s][info][gc,cpu         ] GC(286) User=19.84s Sys=0.00s Real=2.62s
[123.911s][info][gc,start       ] GC(287) Pause Full (Ergonomics)
[123.911s][info][gc,phases,start] GC(287) Marking Phase
[125.871s][info][gc,phases      ] GC(287) Marking Phase 1960.289ms
[125.871s][info][gc,phases,start] GC(287) Summary Phase
[125.871s][info][gc,phases      ] GC(287) Summary Phase 0.084ms
[125.871s][info][gc,phases,start] GC(287) Adjust Roots
[125.871s][info][gc,phases      ] GC(287) Adjust Roots 0.161ms
[125.871s][info][gc,phases,start] GC(287) Compaction Phase
[126.590s][info][gc,phases      ] GC(287) Compaction Phase 718.479ms
[126.590s][info][gc,phases,start] GC(287) Post Compact
[126.602s][info][gc,phases      ] GC(287) Post Compact 12.591ms
[126.602s][info][gc,heap        ] GC(287) PSYoungGen: 335651K(444928K)->335651K(444928K) Eden: 116224K(116224K)->116224K(116224K) From: 219427K(328704K)->219427K(328704K)
[126.602s][info][gc,heap        ] GC(287) ParOldGen: 7850853K(7851008K)->7850853K(7851008K)
[126.602s][info][gc,metaspace   ] GC(287) Metaspace: 6301K(6464K)->6301K(6464K) NonClass: 5768K(5824K)->5768K(5824K) Class: 533K(640K)->533K(640K)
[126.602s][info][gc             ] GC(287) Pause Full (Ergonomics) 7994M->7994M(8101M) 2691.958ms
[126.603s][info][gc,cpu         ] GC(287) User=20.06s Sys=0.02s Real=2.69s
[126.603s][info][gc,start       ] GC(288) Pause Full (Ergonomics)
[126.603s][info][gc,phases,start] GC(288) Marking Phase
[128.590s][info][gc,phases      ] GC(288) Marking Phase 1987.603ms
[128.590s][info][gc,phases,start] GC(288) Summary Phase
[128.591s][info][gc,phases      ] GC(288) Summary Phase 0.118ms
[128.591s][info][gc,phases,start] GC(288) Adjust Roots
[128.591s][info][gc,phases      ] GC(288) Adjust Roots 0.253ms
[128.591s][info][gc,phases,start] GC(288) Compaction Phase
[129.290s][info][gc,phases      ] GC(288) Compaction Phase 699.515ms
[129.290s][info][gc,phases,start] GC(288) Post Compact
[129.303s][info][gc,phases      ] GC(288) Post Compact 12.717ms
[129.303s][info][gc,heap        ] GC(288) PSYoungGen: 335651K(444928K)->335651K(444928K) Eden: 116224K(116224K)->116224K(116224K) From: 219427K(328704K)->219427K(328704K)
[129.303s][info][gc,heap        ] GC(288) ParOldGen: 7850858K(7851008K)->7850858K(7851008K)
[129.303s][info][gc,metaspace   ] GC(288) Metaspace: 6301K(6464K)->6301K(6464K) NonClass: 5768K(5824K)->5768K(5824K) Class: 533K(640K)->533K(640K)
[129.303s][info][gc             ] GC(288) Pause Full (Ergonomics) 7994M->7994M(8101M) 2700.587ms
[129.303s][info][gc,cpu         ] GC(288) User=20.14s Sys=0.00s Real=2.70s
[129.303s][info][gc,start       ] GC(289) Pause Full (Ergonomics)
[129.304s][info][gc,phases,start] GC(289) Marking Phase
[131.240s][info][gc,phases      ] GC(289) Marking Phase 1936.102ms
[131.240s][info][gc,phases,start] GC(289) Summary Phase
[131.240s][info][gc,phases      ] GC(289) Summary Phase 0.079ms
[131.240s][info][gc,phases,start] GC(289) Adjust Roots
[131.240s][info][gc,phases      ] GC(289) Adjust Roots 0.168ms
[131.240s][info][gc,phases,start] GC(289) Compaction Phase
[131.958s][info][gc,phases      ] GC(289) Compaction Phase 717.634ms
[131.958s][info][gc,phases,start] GC(289) Post Compact
[131.970s][info][gc,phases      ] GC(289) Post Compact 12.598ms
[131.970s][info][gc,heap        ] GC(289) PSYoungGen: 335651K(444928K)->335651K(444928K) Eden: 116224K(116224K)->116224K(116224K) From: 219427K(328704K)->219427K(328704K)
[131.970s][info][gc,heap        ] GC(289) ParOldGen: 7850863K(7851008K)->7850863K(7851008K)
[131.970s][info][gc,metaspace   ] GC(289) Metaspace: 6301K(6464K)->6301K(6464K) NonClass: 5768K(5824K)->5768K(5824K) Class: 533K(640K)->533K(640K)
[131.970s][info][gc             ] GC(289) Pause Full (Ergonomics) 7994M->7994M(8101M) 2666.915ms
[131.970s][info][gc,cpu         ] GC(289) User=19.77s Sys=0.00s Real=2.67s
[131.971s][info][gc,start       ] GC(290) Pause Full (Ergonomics)
[131.971s][info][gc,phases,start] GC(290) Marking Phase
[133.884s][info][gc,phases      ] GC(290) Marking Phase 1913.595ms
[133.884s][info][gc,phases,start] GC(290) Summary Phase
[133.884s][info][gc,phases      ] GC(290) Summary Phase 0.122ms
[133.884s][info][gc,phases,start] GC(290) Adjust Roots
[133.885s][info][gc,phases      ] GC(290) Adjust Roots 0.320ms
[133.885s][info][gc,phases,start] GC(290) Compaction Phase
[134.554s][info][gc,phases      ] GC(290) Compaction Phase 669.016ms
[134.554s][info][gc,phases,start] GC(290) Post Compact
[134.567s][info][gc,phases      ] GC(290) Post Compact 12.741ms
[134.567s][info][gc,heap        ] GC(290) PSYoungGen: 335651K(444928K)->335651K(444928K) Eden: 116224K(116224K)->116224K(116224K) From: 219427K(328704K)->219427K(328704K)
[134.567s][info][gc,heap        ] GC(290) ParOldGen: 7850868K(7851008K)->7850868K(7851008K)
[134.567s][info][gc,metaspace   ] GC(290) Metaspace: 6301K(6464K)->6301K(6464K) NonClass: 5768K(5824K)->5768K(5824K) Class: 533K(640K)->533K(640K)
[134.567s][info][gc             ] GC(290) Pause Full (Ergonomics) 7994M->7994M(8101M) 2596.185ms
[134.567s][info][gc,cpu         ] GC(290) User=19.33s Sys=0.00s Real=2.60s
[134.567s][info][gc,start       ] GC(291) Pause Full (Ergonomics)
[134.567s][info][gc,phases,start] GC(291) Marking Phase
[136.527s][info][gc,phases      ] GC(291) Marking Phase 1959.659ms
[136.527s][info][gc,phases,start] GC(291) Summary Phase
[136.527s][info][gc,phases      ] GC(291) Summary Phase 0.087ms
[136.527s][info][gc,phases,start] GC(291) Adjust Roots
[136.527s][info][gc,phases      ] GC(291) Adjust Roots 0.162ms
[136.527s][info][gc,phases,start] GC(291) Compaction Phase
[137.224s][info][gc,phases      ] GC(291) Compaction Phase 697.064ms
[137.224s][info][gc,phases,start] GC(291) Post Compact
[137.237s][info][gc,phases      ] GC(291) Post Compact 12.721ms
[137.237s][info][gc,heap        ] GC(291) PSYoungGen: 335651K(444928K)->335651K(444928K) Eden: 116224K(116224K)->116224K(116224K) From: 219427K(328704K)->219427K(328704K)
[137.237s][info][gc,heap        ] GC(291) ParOldGen: 7850873K(7851008K)->7850873K(7851008K)
[137.237s][info][gc,metaspace   ] GC(291) Metaspace: 6301K(6464K)->6301K(6464K) NonClass: 5768K(5824K)->5768K(5824K) Class: 533K(640K)->533K(640K)
[137.237s][info][gc             ] GC(291) Pause Full (Ergonomics) 7994M->7994M(8101M) 2670.038ms
[137.237s][info][gc,cpu         ] GC(291) User=19.84s Sys=0.00s Real=2.67s
[137.237s][info][gc,start       ] GC(292) Pause Full (Ergonomics)
[137.237s][info][gc,phases,start] GC(292) Marking Phase
[139.190s][info][gc,phases      ] GC(292) Marking Phase 1952.835ms
[139.190s][info][gc,phases,start] GC(292) Summary Phase
[139.190s][info][gc,phases      ] GC(292) Summary Phase 0.126ms
[139.190s][info][gc,phases,start] GC(292) Adjust Roots
[139.191s][info][gc,phases      ] GC(292) Adjust Roots 0.198ms
[139.191s][info][gc,phases,start] GC(292) Compaction Phase
[139.886s][info][gc,phases      ] GC(292) Compaction Phase 695.950ms
[139.887s][info][gc,phases,start] GC(292) Post Compact
[139.899s][info][gc,phases      ] GC(292) Post Compact 12.884ms
[139.900s][info][gc,heap        ] GC(292) PSYoungGen: 335651K(444928K)->335651K(444928K) Eden: 116224K(116224K)->116224K(116224K) From: 219427K(328704K)->219427K(328704K)
[139.900s][info][gc,heap        ] GC(292) ParOldGen: 7850878K(7851008K)->7850878K(7851008K)
[139.900s][info][gc,metaspace   ] GC(292) Metaspace: 6301K(6464K)->6301K(6464K) NonClass: 5768K(5824K)->5768K(5824K) Class: 533K(640K)->533K(640K)
[139.900s][info][gc             ] GC(292) Pause Full (Ergonomics) 7994M->7994M(8101M) 2662.363ms
[139.900s][info][gc,cpu         ] GC(292) User=19.72s Sys=0.00s Real=2.66s
[139.900s][info][gc,start       ] GC(293) Pause Full (Ergonomics)
[139.900s][info][gc,phases,start] GC(293) Marking Phase
[141.858s][info][gc,phases      ] GC(293) Marking Phase 1957.965ms
[141.858s][info][gc,phases,start] GC(293) Summary Phase
[141.858s][info][gc,phases      ] GC(293) Summary Phase 0.099ms
[141.858s][info][gc,phases,start] GC(293) Adjust Roots
[141.858s][info][gc,phases      ] GC(293) Adjust Roots 0.214ms
[141.858s][info][gc,phases,start] GC(293) Compaction Phase
[142.525s][info][gc,phases      ] GC(293) Compaction Phase 666.476ms
[142.525s][info][gc,phases,start] GC(293) Post Compact
[142.537s][info][gc,phases      ] GC(293) Post Compact 12.584ms
[142.537s][info][gc,heap        ] GC(293) PSYoungGen: 335651K(444928K)->335651K(444928K) Eden: 116224K(116224K)->116224K(116224K) From: 219427K(328704K)->219427K(328704K)
[142.537s][info][gc,heap        ] GC(293) ParOldGen: 7850882K(7851008K)->7850882K(7851008K)
[142.537s][info][gc,metaspace   ] GC(293) Metaspace: 6301K(6464K)->6301K(6464K) NonClass: 5768K(5824K)->5768K(5824K) Class: 533K(640K)->533K(640K)
[142.538s][info][gc             ] GC(293) Pause Full (Ergonomics) 7994M->7994M(8101M) 2637.699ms
[142.538s][info][gc,cpu         ] GC(293) User=19.75s Sys=0.02s Real=2.64s
[142.538s][info][gc,start       ] GC(294) Pause Full (Ergonomics)
[142.538s][info][gc,phases,start] GC(294) Marking Phase
[144.460s][info][gc,phases      ] GC(294) Marking Phase 1922.007ms
[144.460s][info][gc,phases,start] GC(294) Summary Phase
[144.460s][info][gc,phases      ] GC(294) Summary Phase 0.087ms
[144.460s][info][gc,phases,start] GC(294) Adjust Roots
[144.460s][info][gc,phases      ] GC(294) Adjust Roots 0.267ms
[144.460s][info][gc,phases,start] GC(294) Compaction Phase
[145.125s][info][gc,phases      ] GC(294) Compaction Phase 664.256ms
[145.125s][info][gc,phases,start] GC(294) Post Compact
[145.137s][info][gc,phases      ] GC(294) Post Compact 12.586ms
[145.137s][info][gc,heap        ] GC(294) PSYoungGen: 335651K(444928K)->335651K(444928K) Eden: 116224K(116224K)->116224K(116224K) From: 219427K(328704K)->219427K(328704K)
[145.137s][info][gc,heap        ] GC(294) ParOldGen: 7850887K(7851008K)->7850887K(7851008K)
[145.137s][info][gc,metaspace   ] GC(294) Metaspace: 6301K(6464K)->6301K(6464K) NonClass: 5768K(5824K)->5768K(5824K) Class: 533K(640K)->533K(640K)
[145.137s][info][gc             ] GC(294) Pause Full (Ergonomics) 7994M->7994M(8101M) 2599.594ms
[145.137s][info][gc,cpu         ] GC(294) User=19.27s Sys=0.00s Real=2.60s
[145.138s][info][gc,start       ] GC(295) Pause Full (Ergonomics)
[145.138s][info][gc,phases,start] GC(295) Marking Phase
[147.060s][info][gc,phases      ] GC(295) Marking Phase 1922.087ms
[147.060s][info][gc,phases,start] GC(295) Summary Phase
[147.060s][info][gc,phases      ] GC(295) Summary Phase 0.129ms
[147.060s][info][gc,phases,start] GC(295) Adjust Roots
[147.060s][info][gc,phases      ] GC(295) Adjust Roots 0.319ms
[147.060s][info][gc,phases,start] GC(295) Compaction Phase
[147.728s][info][gc,phases      ] GC(295) Compaction Phase 668.052ms
[147.728s][info][gc,phases,start] GC(295) Post Compact
[147.741s][info][gc,phases      ] GC(295) Post Compact 12.678ms
[147.741s][info][gc,heap        ] GC(295) PSYoungGen: 335651K(444928K)->335651K(444928K) Eden: 116224K(116224K)->116224K(116224K) From: 219427K(328704K)->219427K(328704K)
[147.741s][info][gc,heap        ] GC(295) ParOldGen: 7850892K(7851008K)->7850892K(7851008K)
[147.741s][info][gc,metaspace   ] GC(295) Metaspace: 6301K(6464K)->6301K(6464K) NonClass: 5768K(5824K)->5768K(5824K) Class: 533K(640K)->533K(640K)
[147.741s][info][gc             ] GC(295) Pause Full (Ergonomics) 7994M->7994M(8101M) 2603.709ms
[147.741s][info][gc,cpu         ] GC(295) User=19.44s Sys=0.02s Real=2.60s
[147.741s][info][gc,start       ] GC(296) Pause Full (Ergonomics)
[147.741s][info][gc,phases,start] GC(296) Marking Phase
[149.652s][info][gc,phases      ] GC(296) Marking Phase 1910.986ms
[149.653s][info][gc,phases,start] GC(296) Summary Phase
[149.653s][info][gc,phases      ] GC(296) Summary Phase 0.126ms
[149.653s][info][gc,phases,start] GC(296) Adjust Roots
[149.653s][info][gc,phases      ] GC(296) Adjust Roots 0.293ms
[149.653s][info][gc,phases,start] GC(296) Compaction Phase
[150.333s][info][gc,phases      ] GC(296) Compaction Phase 680.068ms
[150.333s][info][gc,phases,start] GC(296) Post Compact
[150.346s][info][gc,phases      ] GC(296) Post Compact 12.734ms
[150.346s][info][gc,heap        ] GC(296) PSYoungGen: 335651K(444928K)->335651K(444928K) Eden: 116224K(116224K)->116224K(116224K) From: 219427K(328704K)->219427K(328704K)
[150.346s][info][gc,heap        ] GC(296) ParOldGen: 7850897K(7851008K)->7850897K(7851008K)
[150.346s][info][gc,metaspace   ] GC(296) Metaspace: 6301K(6464K)->6301K(6464K) NonClass: 5768K(5824K)->5768K(5824K) Class: 533K(640K)->533K(640K)
[150.346s][info][gc             ] GC(296) Pause Full (Ergonomics) 7994M->7994M(8101M) 2604.602ms
[150.346s][info][gc,cpu         ] GC(296) User=19.42s Sys=0.00s Real=2.60s
[150.346s][info][gc,start       ] GC(297) Pause Full (Ergonomics)
[150.346s][info][gc,phases,start] GC(297) Marking Phase
[152.266s][info][gc,phases      ] GC(297) Marking Phase 1919.736ms
[152.266s][info][gc,phases,start] GC(297) Summary Phase
[152.266s][info][gc,phases      ] GC(297) Summary Phase 0.080ms
[152.266s][info][gc,phases,start] GC(297) Adjust Roots
[152.266s][info][gc,phases      ] GC(297) Adjust Roots 0.164ms
[152.266s][info][gc,phases,start] GC(297) Compaction Phase
[152.920s][info][gc,phases      ] GC(297) Compaction Phase 654.079ms
[152.920s][info][gc,phases,start] GC(297) Post Compact
[152.933s][info][gc,phases      ] GC(297) Post Compact 12.655ms
[152.933s][info][gc,heap        ] GC(297) PSYoungGen: 335651K(444928K)->335651K(444928K) Eden: 116224K(116224K)->116224K(116224K) From: 219427K(328704K)->219427K(328704K)
[152.933s][info][gc,heap        ] GC(297) ParOldGen: 7850902K(7851008K)->7850902K(7851008K)
[152.933s][info][gc,metaspace   ] GC(297) Metaspace: 6301K(6464K)->6301K(6464K) NonClass: 5768K(5824K)->5768K(5824K) Class: 533K(640K)->533K(640K)
[152.933s][info][gc             ] GC(297) Pause Full (Ergonomics) 7994M->7994M(8101M) 2587.063ms
[152.933s][info][gc,cpu         ] GC(297) User=19.25s Sys=0.00s Real=2.59s
[152.933s][info][gc,start       ] GC(298) Pause Full (Ergonomics)
[152.934s][info][gc,phases,start] GC(298) Marking Phase
[154.846s][info][gc,phases      ] GC(298) Marking Phase 1912.970ms
[154.847s][info][gc,phases,start] GC(298) Summary Phase
[154.847s][info][gc,phases      ] GC(298) Summary Phase 0.115ms
[154.847s][info][gc,phases,start] GC(298) Adjust Roots
[154.847s][info][gc,phases      ] GC(298) Adjust Roots 0.217ms
[154.847s][info][gc,phases,start] GC(298) Compaction Phase
[155.524s][info][gc,phases      ] GC(298) Compaction Phase 677.409ms
[155.524s][info][gc,phases,start] GC(298) Post Compact
[155.537s][info][gc,phases      ] GC(298) Post Compact 12.808ms
[155.537s][info][gc,heap        ] GC(298) PSYoungGen: 335651K(444928K)->335651K(444928K) Eden: 116224K(116224K)->116224K(116224K) From: 219427K(328704K)->219427K(328704K)
[155.537s][info][gc,heap        ] GC(298) ParOldGen: 7850907K(7851008K)->7850907K(7851008K)
[155.537s][info][gc,metaspace   ] GC(298) Metaspace: 6301K(6464K)->6301K(6464K) NonClass: 5768K(5824K)->5768K(5824K) Class: 533K(640K)->533K(640K)
[155.537s][info][gc             ] GC(298) Pause Full (Ergonomics) 7994M->7994M(8101M) 2603.883ms
[155.537s][info][gc,cpu         ] GC(298) User=19.48s Sys=0.02s Real=2.60s
[155.538s][info][gc,start       ] GC(299) Pause Full (Ergonomics)
[155.538s][info][gc,phases,start] GC(299) Marking Phase
[157.450s][info][gc,phases      ] GC(299) Marking Phase 1912.830ms
[157.451s][info][gc,phases,start] GC(299) Summary Phase
[157.451s][info][gc,phases      ] GC(299) Summary Phase 0.126ms
[157.451s][info][gc,phases,start] GC(299) Adjust Roots
[157.451s][info][gc,phases      ] GC(299) Adjust Roots 0.308ms
[157.451s][info][gc,phases,start] GC(299) Compaction Phase
[158.099s][info][gc,phases      ] GC(299) Compaction Phase 647.733ms
[158.099s][info][gc,phases,start] GC(299) Post Compact
[158.112s][info][gc,phases      ] GC(299) Post Compact 12.671ms
[158.112s][info][gc,heap        ] GC(299) PSYoungGen: 335651K(444928K)->335651K(444928K) Eden: 116224K(116224K)->116224K(116224K) From: 219427K(328704K)->219427K(328704K)
[158.112s][info][gc,heap        ] GC(299) ParOldGen: 7850911K(7851008K)->7850911K(7851008K)
[158.112s][info][gc,metaspace   ] GC(299) Metaspace: 6301K(6464K)->6301K(6464K) NonClass: 5768K(5824K)->5768K(5824K) Class: 533K(640K)->533K(640K)
[158.112s][info][gc             ] GC(299) Pause Full (Ergonomics) 7994M->7994M(8101M) 2574.064ms
[158.112s][info][gc,cpu         ] GC(299) User=19.25s Sys=0.00s Real=2.57s
[158.112s][info][gc,start       ] GC(300) Pause Full (Ergonomics)
[158.112s][info][gc,phases,start] GC(300) Marking Phase
[160.009s][info][gc,phases      ] GC(300) Marking Phase 1897.148ms
[160.009s][info][gc,phases,start] GC(300) Summary Phase
[160.009s][info][gc,phases      ] GC(300) Summary Phase 0.111ms
[160.009s][info][gc,phases,start] GC(300) Adjust Roots
[160.010s][info][gc,phases      ] GC(300) Adjust Roots 0.318ms
[160.010s][info][gc,phases,start] GC(300) Compaction Phase
[160.686s][info][gc,phases      ] GC(300) Compaction Phase 676.400ms
[160.686s][info][gc,phases,start] GC(300) Post Compact
[160.699s][info][gc,phases      ] GC(300) Post Compact 12.673ms
[160.699s][info][gc,heap        ] GC(300) PSYoungGen: 335651K(444928K)->335651K(444928K) Eden: 116224K(116224K)->116224K(116224K) From: 219427K(328704K)->219427K(328704K)
[160.699s][info][gc,heap        ] GC(300) ParOldGen: 7850916K(7851008K)->7850916K(7851008K)
[160.699s][info][gc,metaspace   ] GC(300) Metaspace: 6301K(6464K)->6301K(6464K) NonClass: 5768K(5824K)->5768K(5824K) Class: 533K(640K)->533K(640K)
[160.699s][info][gc             ] GC(300) Pause Full (Ergonomics) 7994M->7994M(8101M) 2587.034ms
[160.699s][info][gc,cpu         ] GC(300) User=18.94s Sys=0.02s Real=2.59s
[160.699s][info][gc,start       ] GC(301) Pause Full (Ergonomics)
[160.699s][info][gc,phases,start] GC(301) Marking Phase
[162.592s][info][gc,phases      ] GC(301) Marking Phase 1892.703ms
[162.592s][info][gc,phases,start] GC(301) Summary Phase
[162.592s][info][gc,phases      ] GC(301) Summary Phase 0.144ms
[162.592s][info][gc,phases,start] GC(301) Adjust Roots
[162.592s][info][gc,phases      ] GC(301) Adjust Roots 0.360ms
[162.593s][info][gc,phases,start] GC(301) Compaction Phase
[163.275s][info][gc,phases      ] GC(301) Compaction Phase 682.647ms
[163.275s][info][gc,phases,start] GC(301) Post Compact
[163.288s][info][gc,phases      ] GC(301) Post Compact 12.723ms
[163.288s][info][gc,heap        ] GC(301) PSYoungGen: 335651K(444928K)->335651K(444928K) Eden: 116224K(116224K)->116224K(116224K) From: 219427K(328704K)->219427K(328704K)
[163.288s][info][gc,heap        ] GC(301) ParOldGen: 7850921K(7851008K)->7850921K(7851008K)
[163.288s][info][gc,metaspace   ] GC(301) Metaspace: 6301K(6464K)->6301K(6464K) NonClass: 5768K(5824K)->5768K(5824K) Class: 533K(640K)->533K(640K)
[163.288s][info][gc             ] GC(301) Pause Full (Ergonomics) 7994M->7994M(8101M) 2589.015ms
[163.288s][info][gc,cpu         ] GC(301) User=19.09s Sys=0.00s Real=2.59s
[163.288s][info][gc,start       ] GC(302) Pause Full (Ergonomics)
[163.288s][info][gc,phases,start] GC(302) Marking Phase
[165.191s][info][gc,phases      ] GC(302) Marking Phase 1902.665ms
[165.191s][info][gc,phases,start] GC(302) Summary Phase
[165.191s][info][gc,phases      ] GC(302) Summary Phase 0.081ms
[165.191s][info][gc,phases,start] GC(302) Adjust Roots
[165.191s][info][gc,phases      ] GC(302) Adjust Roots 0.187ms
[165.191s][info][gc,phases,start] GC(302) Compaction Phase
[165.840s][info][gc,phases      ] GC(302) Compaction Phase 648.269ms
[165.840s][info][gc,phases,start] GC(302) Post Compact
[165.853s][info][gc,phases      ] GC(302) Post Compact 12.681ms
[165.853s][info][gc,heap        ] GC(302) PSYoungGen: 335651K(444928K)->335651K(444928K) Eden: 116224K(116224K)->116224K(116224K) From: 219427K(328704K)->219427K(328704K)
[165.853s][info][gc,heap        ] GC(302) ParOldGen: 7850926K(7851008K)->7850926K(7851008K)
[165.853s][info][gc,metaspace   ] GC(302) Metaspace: 6301K(6464K)->6301K(6464K) NonClass: 5768K(5824K)->5768K(5824K) Class: 533K(640K)->533K(640K)
[165.853s][info][gc             ] GC(302) Pause Full (Ergonomics) 7994M->7994M(8101M) 2564.259ms
[165.853s][info][gc,cpu         ] GC(302) User=18.81s Sys=0.00s Real=2.56s
[165.853s][info][gc,start       ] GC(303) Pause Full (Ergonomics)
[165.853s][info][gc,phases,start] GC(303) Marking Phase
[167.718s][info][gc,phases      ] GC(303) Marking Phase 1865.591ms
[167.719s][info][gc,phases,start] GC(303) Summary Phase
[167.719s][info][gc,phases      ] GC(303) Summary Phase 0.110ms
[167.719s][info][gc,phases,start] GC(303) Adjust Roots
[167.719s][info][gc,phases      ] GC(303) Adjust Roots 0.241ms
[167.719s][info][gc,phases,start] GC(303) Compaction Phase
[168.363s][info][gc,phases      ] GC(303) Compaction Phase 644.139ms
[168.363s][info][gc,phases,start] GC(303) Post Compact
[168.376s][info][gc,phases      ] GC(303) Post Compact 13.194ms
[168.376s][info][gc,heap        ] GC(303) PSYoungGen: 335651K(444928K)->335651K(444928K) Eden: 116224K(116224K)->116224K(116224K) From: 219427K(328704K)->219427K(328704K)
[168.376s][info][gc,heap        ] GC(303) ParOldGen: 7850931K(7851008K)->7850931K(7851008K)
[168.376s][info][gc,metaspace   ] GC(303) Metaspace: 6301K(6464K)->6301K(6464K) NonClass: 5768K(5824K)->5768K(5824K) Class: 533K(640K)->533K(640K)
[168.377s][info][gc             ] GC(303) Pause Full (Ergonomics) 7994M->7994M(8101M) 2523.660ms
[168.377s][info][gc,cpu         ] GC(303) User=18.81s Sys=0.02s Real=2.52s
[168.377s][info][gc,start       ] GC(304) Pause Full (Ergonomics)
[168.377s][info][gc,phases,start] GC(304) Marking Phase
[170.269s][info][gc,phases      ] GC(304) Marking Phase 1892.389ms
[170.269s][info][gc,phases,start] GC(304) Summary Phase
[170.269s][info][gc,phases      ] GC(304) Summary Phase 0.087ms
[170.269s][info][gc,phases,start] GC(304) Adjust Roots
[170.270s][info][gc,phases      ] GC(304) Adjust Roots 0.295ms
[170.270s][info][gc,phases,start] GC(304) Compaction Phase
[170.917s][info][gc,phases      ] GC(304) Compaction Phase 647.814ms
[170.918s][info][gc,phases,start] GC(304) Post Compact
[170.931s][info][gc,phases      ] GC(304) Post Compact 13.184ms
[170.931s][info][gc,heap        ] GC(304) PSYoungGen: 335651K(444928K)->335651K(444928K) Eden: 116224K(116224K)->116224K(116224K) From: 219427K(328704K)->219427K(328704K)
[170.931s][info][gc,heap        ] GC(304) ParOldGen: 7850936K(7851008K)->7850936K(7851008K)
[170.931s][info][gc,metaspace   ] GC(304) Metaspace: 6301K(6464K)->6301K(6464K) NonClass: 5768K(5824K)->5768K(5824K) Class: 533K(640K)->533K(640K)
[170.931s][info][gc             ] GC(304) Pause Full (Ergonomics) 7994M->7994M(8101M) 2554.142ms
[170.931s][info][gc,cpu         ] GC(304) User=19.12s Sys=0.00s Real=2.55s
[170.931s][info][gc,start       ] GC(305) Pause Full (Ergonomics)
[170.931s][info][gc,phases,start] GC(305) Marking Phase
[172.817s][info][gc,phases      ] GC(305) Marking Phase 1886.222ms
[172.817s][info][gc,phases,start] GC(305) Summary Phase
[172.818s][info][gc,phases      ] GC(305) Summary Phase 0.103ms
[172.818s][info][gc,phases,start] GC(305) Adjust Roots
[172.818s][info][gc,phases      ] GC(305) Adjust Roots 0.215ms
[172.818s][info][gc,phases,start] GC(305) Compaction Phase
[173.453s][info][gc,phases      ] GC(305) Compaction Phase 634.900ms
[173.453s][info][gc,phases,start] GC(305) Post Compact
[173.466s][info][gc,phases      ] GC(305) Post Compact 12.763ms
[173.466s][info][gc,heap        ] GC(305) PSYoungGen: 335651K(444928K)->335651K(444928K) Eden: 116224K(116224K)->116224K(116224K) From: 219427K(328704K)->219427K(328704K)
[173.466s][info][gc,heap        ] GC(305) ParOldGen: 7850940K(7851008K)->7850940K(7851008K)
[173.466s][info][gc,metaspace   ] GC(305) Metaspace: 6301K(6464K)->6301K(6464K) NonClass: 5768K(5824K)->5768K(5824K) Class: 533K(640K)->533K(640K)
[173.466s][info][gc             ] GC(305) Pause Full (Ergonomics) 7994M->7994M(8101M) 2534.564ms
[173.466s][info][gc,cpu         ] GC(305) User=18.97s Sys=0.02s Real=2.53s
[173.466s][info][gc,start       ] GC(306) Pause Full (Ergonomics)
[173.466s][info][gc,phases,start] GC(306) Marking Phase
[175.346s][info][gc,phases      ] GC(306) Marking Phase 1880.156ms
[175.346s][info][gc,phases,start] GC(306) Summary Phase
[175.346s][info][gc,phases      ] GC(306) Summary Phase 0.097ms
[175.346s][info][gc,phases,start] GC(306) Adjust Roots
[175.346s][info][gc,phases      ] GC(306) Adjust Roots 0.248ms
[175.346s][info][gc,phases,start] GC(306) Compaction Phase
[176.012s][info][gc,phases      ] GC(306) Compaction Phase 665.394ms
[176.012s][info][gc,phases,start] GC(306) Post Compact
[176.025s][info][gc,phases      ] GC(306) Post Compact 12.697ms
[176.025s][info][gc,heap        ] GC(306) PSYoungGen: 335651K(444928K)->335651K(444928K) Eden: 116224K(116224K)->116224K(116224K) From: 219427K(328704K)->219427K(328704K)
[176.025s][info][gc,heap        ] GC(306) ParOldGen: 7850945K(7851008K)->7850945K(7851008K)
[176.025s][info][gc,metaspace   ] GC(306) Metaspace: 6301K(6464K)->6301K(6464K) NonClass: 5768K(5824K)->5768K(5824K) Class: 533K(640K)->533K(640K)
[176.025s][info][gc             ] GC(306) Pause Full (Ergonomics) 7994M->7994M(8101M) 2558.964ms
[176.025s][info][gc,cpu         ] GC(306) User=18.86s Sys=0.00s Real=2.56s
[176.025s][info][gc,start       ] GC(307) Pause Full (Ergonomics)
[176.025s][info][gc,phases,start] GC(307) Marking Phase
[177.908s][info][gc,phases      ] GC(307) Marking Phase 1882.726ms
[177.908s][info][gc,phases,start] GC(307) Summary Phase
[177.908s][info][gc,phases      ] GC(307) Summary Phase 0.079ms
[177.908s][info][gc,phases,start] GC(307) Adjust Roots
[177.908s][info][gc,phases      ] GC(307) Adjust Roots 0.172ms
[177.908s][info][gc,phases,start] GC(307) Compaction Phase
[178.514s][info][gc,phases      ] GC(307) Compaction Phase 606.201ms
[178.514s][info][gc,phases,start] GC(307) Post Compact
[178.528s][info][gc,phases      ] GC(307) Post Compact 13.107ms
[178.528s][info][gc,heap        ] GC(307) PSYoungGen: 335651K(444928K)->335651K(444928K) Eden: 116224K(116224K)->116224K(116224K) From: 219427K(328704K)->219427K(328704K)
[178.528s][info][gc,heap        ] GC(307) ParOldGen: 7850950K(7851008K)->7850950K(7851008K)
[178.528s][info][gc,metaspace   ] GC(307) Metaspace: 6301K(6464K)->6301K(6464K) NonClass: 5768K(5824K)->5768K(5824K) Class: 533K(640K)->533K(640K)
[178.528s][info][gc             ] GC(307) Pause Full (Ergonomics) 7994M->7994M(8101M) 2502.671ms
[178.528s][info][gc,cpu         ] GC(307) User=18.97s Sys=0.02s Real=2.50s
[178.528s][info][gc,start       ] GC(308) Pause Full (Ergonomics)
[178.528s][info][gc,phases,start] GC(308) Marking Phase
[180.420s][info][gc,phases      ] GC(308) Marking Phase 1891.833ms
[180.420s][info][gc,phases,start] GC(308) Summary Phase
[180.420s][info][gc,phases      ] GC(308) Summary Phase 0.095ms
[180.420s][info][gc,phases,start] GC(308) Adjust Roots
[180.420s][info][gc,phases      ] GC(308) Adjust Roots 0.221ms
[180.420s][info][gc,phases,start] GC(308) Compaction Phase
[181.032s][info][gc,phases      ] GC(308) Compaction Phase 611.483ms
[181.032s][info][gc,phases,start] GC(308) Post Compact
[181.045s][info][gc,phases      ] GC(308) Post Compact 12.732ms
[181.045s][info][gc,heap        ] GC(308) PSYoungGen: 335651K(444928K)->335651K(444928K) Eden: 116224K(116224K)->116224K(116224K) From: 219427K(328704K)->219427K(328704K)
[181.045s][info][gc,heap        ] GC(308) ParOldGen: 7850955K(7851008K)->7850955K(7851008K)
[181.045s][info][gc,metaspace   ] GC(308) Metaspace: 6301K(6464K)->6301K(6464K) NonClass: 5768K(5824K)->5768K(5824K) Class: 533K(640K)->533K(640K)
[181.045s][info][gc             ] GC(308) Pause Full (Ergonomics) 7994M->7994M(8101M) 2516.743ms
[181.045s][info][gc,cpu         ] GC(308) User=18.91s Sys=0.00s Real=2.52s
[181.045s][info][gc,start       ] GC(309) Pause Full (Ergonomics)
[181.045s][info][gc,phases,start] GC(309) Marking Phase
[182.877s][info][gc,phases      ] GC(309) Marking Phase 1832.050ms
[182.877s][info][gc,phases,start] GC(309) Summary Phase
[182.877s][info][gc,phases      ] GC(309) Summary Phase 0.080ms
[182.877s][info][gc,phases,start] GC(309) Adjust Roots
[182.877s][info][gc,phases      ] GC(309) Adjust Roots 0.192ms
[182.877s][info][gc,phases,start] GC(309) Compaction Phase
[183.490s][info][gc,phases      ] GC(309) Compaction Phase 613.097ms
[183.491s][info][gc,phases,start] GC(309) Post Compact
[183.503s][info][gc,phases      ] GC(309) Post Compact 12.737ms
[183.503s][info][gc,heap        ] GC(309) PSYoungGen: 335651K(444928K)->335651K(444928K) Eden: 116224K(116224K)->116224K(116224K) From: 219427K(328704K)->219427K(328704K)
[183.503s][info][gc,heap        ] GC(309) ParOldGen: 7850960K(7851008K)->7850960K(7851008K)
[183.503s][info][gc,metaspace   ] GC(309) Metaspace: 6301K(6464K)->6301K(6464K) NonClass: 5768K(5824K)->5768K(5824K) Class: 533K(640K)->533K(640K)
[183.503s][info][gc             ] GC(309) Pause Full (Ergonomics) 7994M->7994M(8101M) 2458.495ms
[183.503s][info][gc,cpu         ] GC(309) User=18.31s Sys=0.00s Real=2.46s
[183.504s][info][gc,start       ] GC(310) Pause Full (Ergonomics)
[183.504s][info][gc,phases,start] GC(310) Marking Phase
[185.380s][info][gc,phases      ] GC(310) Marking Phase 1876.787ms
[185.381s][info][gc,phases,start] GC(310) Summary Phase
[185.381s][info][gc,phases      ] GC(310) Summary Phase 0.084ms
[185.381s][info][gc,phases,start] GC(310) Adjust Roots
[185.381s][info][gc,phases      ] GC(310) Adjust Roots 0.197ms
[185.381s][info][gc,phases,start] GC(310) Compaction Phase
[185.971s][info][gc,phases      ] GC(310) Compaction Phase 590.444ms
[185.971s][info][gc,phases,start] GC(310) Post Compact
[185.984s][info][gc,phases      ] GC(310) Post Compact 12.675ms
[185.984s][info][gc,heap        ] GC(310) PSYoungGen: 335651K(444928K)->335651K(444928K) Eden: 116224K(116224K)->116224K(116224K) From: 219427K(328704K)->219427K(328704K)
[185.984s][info][gc,heap        ] GC(310) ParOldGen: 7850965K(7851008K)->7850965K(7851008K)
[185.984s][info][gc,metaspace   ] GC(310) Metaspace: 6301K(6464K)->6301K(6464K) NonClass: 5768K(5824K)->5768K(5824K) Class: 533K(640K)->533K(640K)
[185.984s][info][gc             ] GC(310) Pause Full (Ergonomics) 7994M->7994M(8101M) 2480.571ms
[185.984s][info][gc,cpu         ] GC(310) User=18.86s Sys=0.00s Real=2.48s
[185.984s][info][gc,start       ] GC(311) Pause Full (Ergonomics)
[185.984s][info][gc,phases,start] GC(311) Marking Phase
[187.825s][info][gc,phases      ] GC(311) Marking Phase 1840.519ms
[187.825s][info][gc,phases,start] GC(311) Summary Phase
[187.825s][info][gc,phases      ] GC(311) Summary Phase 0.093ms
[187.825s][info][gc,phases,start] GC(311) Adjust Roots
[187.825s][info][gc,phases      ] GC(311) Adjust Roots 0.169ms
[187.825s][info][gc,phases,start] GC(311) Compaction Phase
[188.405s][info][gc,phases      ] GC(311) Compaction Phase 579.524ms
[188.405s][info][gc,phases,start] GC(311) Post Compact
[188.418s][info][gc,phases      ] GC(311) Post Compact 12.693ms
[188.418s][info][gc,heap        ] GC(311) PSYoungGen: 335651K(444928K)->335651K(444928K) Eden: 116224K(116224K)->116224K(116224K) From: 219427K(328704K)->219427K(328704K)
[188.418s][info][gc,heap        ] GC(311) ParOldGen: 7850969K(7851008K)->7850969K(7851008K)
[188.418s][info][gc,metaspace   ] GC(311) Metaspace: 6301K(6464K)->6301K(6464K) NonClass: 5768K(5824K)->5768K(5824K) Class: 533K(640K)->533K(640K)
[188.418s][info][gc             ] GC(311) Pause Full (Ergonomics) 7994M->7994M(8101M) 2433.356ms
[188.418s][info][gc,cpu         ] GC(311) User=18.09s Sys=0.00s Real=2.43s
[188.418s][info][gc,start       ] GC(312) Pause Full (Ergonomics)
[188.418s][info][gc,phases,start] GC(312) Marking Phase
[190.272s][info][gc,phases      ] GC(312) Marking Phase 1853.867ms
[190.272s][info][gc,phases,start] GC(312) Summary Phase
[190.272s][info][gc,phases      ] GC(312) Summary Phase 0.081ms
[190.272s][info][gc,phases,start] GC(312) Adjust Roots
[190.272s][info][gc,phases      ] GC(312) Adjust Roots 0.193ms
[190.272s][info][gc,phases,start] GC(312) Compaction Phase
[190.854s][info][gc,phases      ] GC(312) Compaction Phase 581.999ms
[190.854s][info][gc,phases,start] GC(312) Post Compact
[190.867s][info][gc,phases      ] GC(312) Post Compact 12.611ms
[190.867s][info][gc,heap        ] GC(312) PSYoungGen: 335651K(444928K)->335651K(444928K) Eden: 116224K(116224K)->116224K(116224K) From: 219427K(328704K)->219427K(328704K)
[190.867s][info][gc,heap        ] GC(312) ParOldGen: 7850974K(7851008K)->7850974K(7851008K)
[190.867s][info][gc,metaspace   ] GC(312) Metaspace: 6301K(6464K)->6301K(6464K) NonClass: 5768K(5824K)->5768K(5824K) Class: 533K(640K)->533K(640K)
[190.867s][info][gc             ] GC(312) Pause Full (Ergonomics) 7994M->7994M(8101M) 2449.080ms
[190.867s][info][gc,cpu         ] GC(312) User=18.41s Sys=0.00s Real=2.45s
[190.867s][info][gc,start       ] GC(313) Pause Full (Ergonomics)
[190.867s][info][gc,phases,start] GC(313) Marking Phase
[192.743s][info][gc,phases      ] GC(313) Marking Phase 1875.762ms
[192.743s][info][gc,phases,start] GC(313) Summary Phase
[192.743s][info][gc,phases      ] GC(313) Summary Phase 0.083ms
[192.743s][info][gc,phases,start] GC(313) Adjust Roots
[192.743s][info][gc,phases      ] GC(313) Adjust Roots 0.184ms
[192.743s][info][gc,phases,start] GC(313) Compaction Phase
[193.304s][info][gc,phases      ] GC(313) Compaction Phase 561.037ms
[193.305s][info][gc,phases,start] GC(313) Post Compact
[193.317s][info][gc,phases      ] GC(313) Post Compact 12.799ms
[193.317s][info][gc,heap        ] GC(313) PSYoungGen: 335651K(444928K)->335651K(444928K) Eden: 116224K(116224K)->116224K(116224K) From: 219427K(328704K)->219427K(328704K)
[193.317s][info][gc,heap        ] GC(313) ParOldGen: 7850979K(7851008K)->7850979K(7851008K)
[193.318s][info][gc,metaspace   ] GC(313) Metaspace: 6301K(6464K)->6301K(6464K) NonClass: 5768K(5824K)->5768K(5824K) Class: 533K(640K)->533K(640K)
[193.318s][info][gc             ] GC(313) Pause Full (Ergonomics) 7994M->7994M(8101M) 2450.399ms
[193.318s][info][gc,cpu         ] GC(313) User=18.45s Sys=0.00s Real=2.45s
[193.318s][info][gc,start       ] GC(314) Pause Full (Ergonomics)
[193.318s][info][gc,phases,start] GC(314) Marking Phase
[195.175s][info][gc,phases      ] GC(314) Marking Phase 1857.348ms
[195.175s][info][gc,phases,start] GC(314) Summary Phase
[195.175s][info][gc,phases      ] GC(314) Summary Phase 0.084ms
[195.175s][info][gc,phases,start] GC(314) Adjust Roots
[195.176s][info][gc,phases      ] GC(314) Adjust Roots 0.180ms
[195.176s][info][gc,phases,start] GC(314) Compaction Phase
[195.721s][info][gc,phases      ] GC(314) Compaction Phase 545.410ms
[195.721s][info][gc,phases,start] GC(314) Post Compact
[195.735s][info][gc,phases      ] GC(314) Post Compact 13.702ms
[195.735s][info][gc,heap        ] GC(314) PSYoungGen: 335651K(444928K)->335651K(444928K) Eden: 116224K(116224K)->116224K(116224K) From: 219427K(328704K)->219427K(328704K)
[195.735s][info][gc,heap        ] GC(314) ParOldGen: 7850984K(7851008K)->7850984K(7851008K)
[195.735s][info][gc,metaspace   ] GC(314) Metaspace: 6301K(6464K)->6301K(6464K) NonClass: 5768K(5824K)->5768K(5824K) Class: 533K(640K)->533K(640K)
[195.735s][info][gc             ] GC(314) Pause Full (Ergonomics) 7994M->7994M(8101M) 2417.060ms
[195.735s][info][gc,cpu         ] GC(314) User=18.06s Sys=0.02s Real=2.42s
[195.735s][info][gc,start       ] GC(315) Pause Full (Ergonomics)
[195.735s][info][gc,phases,start] GC(315) Marking Phase
[197.593s][info][gc,phases      ] GC(315) Marking Phase 1857.509ms
[197.593s][info][gc,phases,start] GC(315) Summary Phase
[197.593s][info][gc,phases      ] GC(315) Summary Phase 0.085ms
[197.593s][info][gc,phases,start] GC(315) Adjust Roots
[197.593s][info][gc,phases      ] GC(315) Adjust Roots 0.192ms
[197.593s][info][gc,phases,start] GC(315) Compaction Phase
[198.141s][info][gc,phases      ] GC(315) Compaction Phase 547.600ms
[198.141s][info][gc,phases,start] GC(315) Post Compact
[198.155s][info][gc,phases      ] GC(315) Post Compact 14.498ms
[198.155s][info][gc,heap        ] GC(315) PSYoungGen: 335651K(444928K)->335651K(444928K) Eden: 116224K(116224K)->116224K(116224K) From: 219427K(328704K)->219427K(328704K)
[198.155s][info][gc,heap        ] GC(315) ParOldGen: 7850989K(7851008K)->7850989K(7851008K)
[198.155s][info][gc,metaspace   ] GC(315) Metaspace: 6301K(6464K)->6301K(6464K) NonClass: 5768K(5824K)->5768K(5824K) Class: 533K(640K)->533K(640K)
[198.155s][info][gc             ] GC(315) Pause Full (Ergonomics) 7994M->7994M(8101M) 2420.190ms
[198.155s][info][gc,cpu         ] GC(315) User=18.08s Sys=0.03s Real=2.42s
[198.155s][info][gc,start       ] GC(316) Pause Full (Ergonomics)
[198.155s][info][gc,phases,start] GC(316) Marking Phase
[200.050s][info][gc,phases      ] GC(316) Marking Phase 1894.590ms
[200.050s][info][gc,phases,start] GC(316) Summary Phase
[200.050s][info][gc,phases      ] GC(316) Summary Phase 0.080ms
[200.050s][info][gc,phases,start] GC(316) Adjust Roots
[200.050s][info][gc,phases      ] GC(316) Adjust Roots 0.167ms
[200.050s][info][gc,phases,start] GC(316) Compaction Phase
[200.601s][info][gc,phases      ] GC(316) Compaction Phase 550.865ms
[200.601s][info][gc,phases,start] GC(316) Post Compact
[200.614s][info][gc,phases      ] GC(316) Post Compact 12.517ms
[200.614s][info][gc,heap        ] GC(316) PSYoungGen: 335651K(444928K)->335651K(444928K) Eden: 116224K(116224K)->116224K(116224K) From: 219427K(328704K)->219427K(328704K)
[200.614s][info][gc,heap        ] GC(316) ParOldGen: 7850994K(7851008K)->7850994K(7851008K)
[200.614s][info][gc,metaspace   ] GC(316) Metaspace: 6301K(6464K)->6301K(6464K) NonClass: 5768K(5824K)->5768K(5824K) Class: 533K(640K)->533K(640K)
[200.614s][info][gc             ] GC(316) Pause Full (Ergonomics) 7994M->7994M(8101M) 2458.556ms
[200.614s][info][gc,cpu         ] GC(316) User=18.55s Sys=0.03s Real=2.46s
[200.614s][info][gc,start       ] GC(317) Pause Full (Ergonomics)
[200.614s][info][gc,phases,start] GC(317) Marking Phase
[202.484s][info][gc,phases      ] GC(317) Marking Phase 1870.127ms
[202.484s][info][gc,phases,start] GC(317) Summary Phase
[202.485s][info][gc,phases      ] GC(317) Summary Phase 0.080ms
[202.485s][info][gc,phases,start] GC(317) Adjust Roots
[202.485s][info][gc,phases      ] GC(317) Adjust Roots 0.165ms
[202.485s][info][gc,phases,start] GC(317) Compaction Phase
[203.031s][info][gc,phases      ] GC(317) Compaction Phase 546.043ms
[203.031s][info][gc,phases,start] GC(317) Post Compact
[203.044s][info][gc,phases      ] GC(317) Post Compact 12.909ms
[203.044s][info][gc,heap        ] GC(317) PSYoungGen: 335651K(444928K)->335651K(444928K) Eden: 116224K(116224K)->116224K(116224K) From: 219427K(328704K)->219427K(328704K)
[203.044s][info][gc,heap        ] GC(317) ParOldGen: 7850998K(7851008K)->7850998K(7851008K)
[203.044s][info][gc,metaspace   ] GC(317) Metaspace: 6301K(6464K)->6301K(6464K) NonClass: 5768K(5824K)->5768K(5824K) Class: 533K(640K)->533K(640K)
[203.044s][info][gc             ] GC(317) Pause Full (Ergonomics) 7994M->7994M(8101M) 2429.690ms
[203.044s][info][gc,cpu         ] GC(317) User=18.50s Sys=0.00s Real=2.43s
[203.044s][info][gc,start       ] GC(318) Pause Full (Ergonomics)
[203.044s][info][gc,phases,start] GC(318) Marking Phase
[204.914s][info][gc,phases      ] GC(318) Marking Phase 1870.187ms
[204.914s][info][gc,phases,start] GC(318) Summary Phase
[204.914s][info][gc,phases      ] GC(318) Summary Phase 0.081ms
[204.915s][info][gc,phases,start] GC(318) Adjust Roots
[204.915s][info][gc,phases      ] GC(318) Adjust Roots 0.185ms
[204.915s][info][gc,phases,start] GC(318) Compaction Phase
[205.465s][info][gc,phases      ] GC(318) Compaction Phase 550.536ms
[205.465s][info][gc,phases,start] GC(318) Post Compact
[205.478s][info][gc,phases      ] GC(318) Post Compact 12.715ms
[205.478s][info][gc,heap        ] GC(318) PSYoungGen: 335651K(444928K)->335651K(444928K) Eden: 116224K(116224K)->116224K(116224K) From: 219427K(328704K)->219427K(328704K)
[205.478s][info][gc,heap        ] GC(318) ParOldGen: 7851003K(7851008K)->7851003K(7851008K)
[205.478s][info][gc,metaspace   ] GC(318) Metaspace: 6301K(6464K)->6301K(6464K) NonClass: 5768K(5824K)->5768K(5824K) Class: 533K(640K)->533K(640K)
[205.478s][info][gc             ] GC(318) Pause Full (Ergonomics) 7994M->7994M(8101M) 2434.042ms
[205.478s][info][gc,cpu         ] GC(318) User=18.36s Sys=0.00s Real=2.43s
[205.478s][info][gc,start       ] GC(319) Pause Full (Ergonomics)
[205.478s][info][gc,phases,start] GC(319) Marking Phase
[207.346s][info][gc,phases      ] GC(319) Marking Phase 1867.162ms
[207.346s][info][gc,phases,start] GC(319) Summary Phase
[207.346s][info][gc,phases      ] GC(319) Summary Phase 0.081ms
[207.346s][info][gc,phases,start] GC(319) Adjust Roots
[207.346s][info][gc,phases      ] GC(319) Adjust Roots 0.168ms
[207.346s][info][gc,phases,start] GC(319) Compaction Phase
[207.901s][info][gc,phases      ] GC(319) Compaction Phase 555.130ms
[207.901s][info][gc,phases,start] GC(319) Post Compact
[207.914s][info][gc,phases      ] GC(319) Post Compact 12.650ms
[207.914s][info][gc,heap        ] GC(319) PSYoungGen: 335651K(444928K)->335651K(444928K) Eden: 116224K(116224K)->116224K(116224K) From: 219427K(328704K)->219427K(328704K)
[207.914s][info][gc,heap        ] GC(319) ParOldGen: 7851007K(7851008K)->7851007K(7851008K)
[207.914s][info][gc,metaspace   ] GC(319) Metaspace: 6301K(6464K)->6301K(6464K) NonClass: 5768K(5824K)->5768K(5824K) Class: 533K(640K)->533K(640K)
[207.914s][info][gc             ] GC(319) Pause Full (Ergonomics) 7994M->7994M(8101M) 2435.523ms
[207.914s][info][gc,cpu         ] GC(319) User=18.44s Sys=0.03s Real=2.44s
[207.914s][info][gc,start       ] GC(320) Pause Full (Allocation Failure)
[207.914s][info][gc,phases,start] GC(320) Marking Phase
[209.780s][info][gc,phases      ] GC(320) Marking Phase 1865.575ms
[209.780s][info][gc,phases,start] GC(320) Summary Phase
[209.780s][info][gc,phases      ] GC(320) Summary Phase 0.087ms
[209.780s][info][gc,phases,start] GC(320) Adjust Roots
[209.780s][info][gc,phases      ] GC(320) Adjust Roots 0.402ms
[209.780s][info][gc,phases,start] GC(320) Compaction Phase
[211.784s][info][gc,phases      ] GC(320) Compaction Phase 2003.991ms
[211.784s][info][gc,phases,start] GC(320) Post Compact
[211.797s][info][gc,phases      ] GC(320) Post Compact 12.892ms
[211.797s][info][gc,heap        ] GC(320) PSYoungGen: 335651K(444928K)->335651K(444928K) Eden: 116224K(116224K)->116224K(116224K) From: 219427K(328704K)->219427K(328704K)
[211.797s][info][gc,heap        ] GC(320) ParOldGen: 7851007K(7851008K)->7851003K(7851008K)
[211.797s][info][gc,metaspace   ] GC(320) Metaspace: 6301K(6464K)->6299K(6464K) NonClass: 5768K(5824K)->5767K(5824K) Class: 533K(640K)->532K(640K)
[211.797s][info][gc             ] GC(320) Pause Full (Allocation Failure) 7994M->7994M(8101M) 3883.338ms
[211.797s][info][gc,cpu         ] GC(320) User=29.05s Sys=0.02s Real=3.88s
[211.798s][info][gc,start       ] GC(321) Pause Full (Ergonomics)
[211.798s][info][gc,phases,start] GC(321) Marking Phase
[213.648s][info][gc,phases      ] GC(321) Marking Phase 1849.801ms
[213.648s][info][gc,phases,start] GC(321) Summary Phase
[213.648s][info][gc,phases      ] GC(321) Summary Phase 0.080ms
[213.648s][info][gc,phases,start] GC(321) Adjust Roots
[213.648s][info][gc,phases      ] GC(321) Adjust Roots 0.163ms
[213.648s][info][gc,phases,start] GC(321) Compaction Phase
[214.201s][info][gc,phases      ] GC(321) Compaction Phase 552.561ms
[214.201s][info][gc,phases,start] GC(321) Post Compact
[214.213s][info][gc,phases      ] GC(321) Post Compact 12.657ms
[214.213s][info][gc,heap        ] GC(321) PSYoungGen: 335651K(444928K)->335651K(444928K) Eden: 116224K(116224K)->116224K(116224K) From: 219427K(328704K)->219427K(328704K)
[214.213s][info][gc,heap        ] GC(321) ParOldGen: 7851004K(7851008K)->7851004K(7851008K)
[214.213s][info][gc,metaspace   ] GC(321) Metaspace: 6299K(6464K)->6299K(6464K) NonClass: 5767K(5824K)->5767K(5824K) Class: 532K(640K)->532K(640K)
[214.213s][info][gc             ] GC(321) Pause Full (Ergonomics) 7994M->7994M(8101M) 2415.636ms
[214.214s][info][gc,cpu         ] GC(321) User=18.25s Sys=0.02s Real=2.42s
[214.214s][info][gc,start       ] GC(322) Pause Full (Ergonomics)
[214.214s][info][gc,phases,start] GC(322) Marking Phase
[216.093s][info][gc,phases      ] GC(322) Marking Phase 1878.773ms
[216.093s][info][gc,phases,start] GC(322) Summary Phase
[216.093s][info][gc,phases      ] GC(322) Summary Phase 0.087ms
[216.093s][info][gc,phases,start] GC(322) Adjust Roots
[216.093s][info][gc,phases      ] GC(322) Adjust Roots 0.219ms
[216.093s][info][gc,phases,start] GC(322) Compaction Phase
[216.630s][info][gc,phases      ] GC(322) Compaction Phase 536.629ms
[216.630s][info][gc,phases,start] GC(322) Post Compact
[216.642s][info][gc,phases      ] GC(322) Post Compact 12.577ms
[216.643s][info][gc,heap        ] GC(322) PSYoungGen: 335651K(444928K)->335651K(444928K) Eden: 116224K(116224K)->116224K(116224K) From: 219427K(328704K)->219427K(328704K)
[216.643s][info][gc,heap        ] GC(322) ParOldGen: 7851007K(7851008K)->7851007K(7851008K)
[216.643s][info][gc,metaspace   ] GC(322) Metaspace: 6299K(6464K)->6299K(6464K) NonClass: 5767K(5824K)->5767K(5824K) Class: 532K(640K)->532K(640K)
[216.643s][info][gc             ] GC(322) Pause Full (Ergonomics) 7994M->7994M(8101M) 2428.656ms
[216.643s][info][gc,cpu         ] GC(322) User=18.45s Sys=0.00s Real=2.43s
[216.643s][info][gc,start       ] GC(323) Pause Full (Allocation Failure)
[216.643s][info][gc,phases,start] GC(323) Marking Phase
[218.531s][info][gc,phases      ] GC(323) Marking Phase 1888.740ms
[218.531s][info][gc,phases,start] GC(323) Summary Phase
[218.532s][info][gc,phases      ] GC(323) Summary Phase 0.080ms
[218.532s][info][gc,phases,start] GC(323) Adjust Roots
[218.532s][info][gc,phases      ] GC(323) Adjust Roots 0.166ms
[218.532s][info][gc,phases,start] GC(323) Compaction Phase
[219.089s][info][gc,phases      ] GC(323) Compaction Phase 557.396ms
[219.089s][info][gc,phases,start] GC(323) Post Compact
[219.102s][info][gc,phases      ] GC(323) Post Compact 13.226ms
[219.103s][info][gc,heap        ] GC(323) PSYoungGen: 335651K(444928K)->335651K(444928K) Eden: 116224K(116224K)->116224K(116224K) From: 219427K(328704K)->219427K(328704K)
[219.103s][info][gc,heap        ] GC(323) ParOldGen: 7851007K(7851008K)->7851007K(7851008K)
[219.103s][info][gc,metaspace   ] GC(323) Metaspace: 6299K(6464K)->6299K(6464K) NonClass: 5767K(5824K)->5767K(5824K) Class: 532K(640K)->532K(640K)
[219.103s][info][gc             ] GC(323) Pause Full (Allocation Failure) 7994M->7994M(8101M) 2459.950ms
[219.103s][info][gc,cpu         ] GC(323) User=18.53s Sys=0.02s Real=2.46s
[219.103s][info][gc,start       ] GC(324) Pause Full (Ergonomics)
[219.103s][info][gc,phases,start] GC(324) Marking Phase
[220.991s][info][gc,phases      ] GC(324) Marking Phase 1887.666ms
[220.991s][info][gc,phases,start] GC(324) Summary Phase
[220.991s][info][gc,phases      ] GC(324) Summary Phase 0.092ms
[220.991s][info][gc,phases,start] GC(324) Adjust Roots
[220.991s][info][gc,phases      ] GC(324) Adjust Roots 0.301ms
[220.991s][info][gc,phases,start] GC(324) Compaction Phase
[223.037s][info][gc,phases      ] GC(324) Compaction Phase 2045.304ms
[223.037s][info][gc,phases,start] GC(324) Post Compact
[223.051s][info][gc,phases      ] GC(324) Post Compact 13.952ms
[223.051s][info][gc,heap        ] GC(324) PSYoungGen: 335651K(444928K)->335651K(444928K) Eden: 116224K(116224K)->116224K(116224K) From: 219427K(328704K)->219427K(328704K)
[223.051s][info][gc,heap        ] GC(324) ParOldGen: 7851007K(7851008K)->7851006K(7851008K)
[223.051s][info][gc,metaspace   ] GC(324) Metaspace: 6299K(6464K)->6299K(6464K) NonClass: 5767K(5824K)->5767K(5824K) Class: 532K(640K)->532K(640K)
[223.051s][info][gc             ] GC(324) Pause Full (Ergonomics) 7994M->7994M(8101M) 3947.698ms
[223.051s][info][gc,cpu         ] GC(324) User=29.23s Sys=0.03s Real=3.95s
[223.051s][info][gc,start       ] GC(325) Pause Full (Ergonomics)
[223.051s][info][gc,phases,start] GC(325) Marking Phase
[224.893s][info][gc,phases      ] GC(325) Marking Phase 1841.505ms
[224.893s][info][gc,phases,start] GC(325) Summary Phase
[224.893s][info][gc,phases      ] GC(325) Summary Phase 0.087ms
[224.893s][info][gc,phases,start] GC(325) Adjust Roots
[224.893s][info][gc,phases      ] GC(325) Adjust Roots 0.175ms
[224.893s][info][gc,phases,start] GC(325) Compaction Phase
[225.449s][info][gc,phases      ] GC(325) Compaction Phase 556.225ms
[225.449s][info][gc,phases,start] GC(325) Post Compact
[225.462s][info][gc,phases      ] GC(325) Post Compact 12.701ms
[225.462s][info][gc,heap        ] GC(325) PSYoungGen: 335651K(444928K)->335651K(444928K) Eden: 116224K(116224K)->116224K(116224K) From: 219427K(328704K)->219427K(328704K)
[225.462s][info][gc,heap        ] GC(325) ParOldGen: 7851006K(7851008K)->7851006K(7851008K)
[225.462s][info][gc,metaspace   ] GC(325) Metaspace: 6299K(6464K)->6299K(6464K) NonClass: 5767K(5824K)->5767K(5824K) Class: 532K(640K)->532K(640K)
[225.462s][info][gc             ] GC(325) Pause Full (Ergonomics) 7994M->7994M(8101M) 2411.053ms
[225.462s][info][gc,cpu         ] GC(325) User=18.09s Sys=0.00s Real=2.41s
[225.463s][info][gc,start       ] GC(326) Pause Full (Ergonomics)
[225.463s][info][gc,phases,start] GC(326) Marking Phase
[227.337s][info][gc,phases      ] GC(326) Marking Phase 1873.440ms
[227.337s][info][gc,phases,start] GC(326) Summary Phase
[227.337s][info][gc,phases      ] GC(326) Summary Phase 0.155ms
[227.337s][info][gc,phases,start] GC(326) Adjust Roots
[227.337s][info][gc,phases      ] GC(326) Adjust Roots 0.362ms
[227.337s][info][gc,phases,start] GC(326) Compaction Phase
[229.387s][info][gc,phases      ] GC(326) Compaction Phase 2049.534ms
[229.387s][info][gc,phases,start] GC(326) Post Compact
[229.400s][info][gc,phases      ] GC(326) Post Compact 13.401ms
[229.401s][info][gc,heap        ] GC(326) PSYoungGen: 335651K(444928K)->335651K(444928K) Eden: 116224K(116224K)->116224K(116224K) From: 219427K(328704K)->219427K(328704K)
[229.401s][info][gc,heap        ] GC(326) ParOldGen: 7851007K(7851008K)->7851005K(7851008K)
[229.401s][info][gc,metaspace   ] GC(326) Metaspace: 6301K(6464K)->6301K(6464K) NonClass: 5767K(5824K)->5767K(5824K) Class: 533K(640K)->533K(640K)
[229.401s][info][gc             ] GC(326) Pause Full (Ergonomics) 7994M->7994M(8101M) 3937.334ms
[229.401s][info][gc,cpu         ] GC(326) User=29.38s Sys=0.02s Real=3.94s
[229.401s][info][gc,heap,exit   ] Heap
[229.401s][info][gc,heap,exit   ]  PSYoungGen      total 444928K, used 335651K [0x0000000710700000, 0x0000000748a00000, 0x0000000800000000)
[229.401s][info][gc,heap,exit   ]   eden space 116224K, 100% used [0x0000000710700000,0x0000000717880000,0x0000000717880000)
[229.401s][info][gc,heap,exit   ]   from space 328704K, 66% used [0x0000000717880000,0x0000000724ec8f70,0x000000072b980000)
[229.401s][info][gc,heap,exit   ]   to   space 395776K, 0% used [0x0000000730780000,0x0000000730780000,0x0000000748a00000)
[229.401s][info][gc,heap,exit   ]  ParOldGen       total 7851008K, used 7851005K [0x0000000531400000, 0x0000000710700000, 0x0000000710700000)
[229.401s][info][gc,heap,exit   ]   object space 7851008K, 99% used [0x0000000531400000,0x00000007106ff790,0x0000000710700000)
[229.401s][info][gc,heap,exit   ]  Metaspace       used 6304K, committed 6528K, reserved 1114112K
[229.401s][info][gc,heap,exit   ]   class space    used 534K, committed 640K, reserved 1048576K
