[0.019s][info][gc,init] CardTable entry size: 512
[0.019s][info][gc     ] Using Serial
[0.020s][info][gc,init] Version: 18.0.1+10 (release)
[0.020s][info][gc,init] CPUs: 8 total, 8 available
[0.020s][info][gc,init] Memory: 16063M
[0.020s][info][gc,init] Large Page Support: Disabled
[0.020s][info][gc,init] NUMA Support: Disabled
[0.020s][info][gc,init] Compressed Oops: Enabled (Zero based)
[0.020s][info][gc,init] Heap Min Capacity: 2M
[0.020s][info][gc,init] Heap Initial Capacity: 2M
[0.020s][info][gc,init] Heap Max Capacity: 14600M
[0.020s][info][gc,init] Pre-touch: Disabled
[0.020s][info][gc,metaspace] CDS archive(s) not mapped
[0.020s][info][gc,metaspace] Compressed class space mapped at: 0x0000000800000000-0x0000000840000000, reserved size: 1073741824
[0.020s][info][gc,metaspace] Narrow klass base: 0x0000000800000000, Narrow klass shift: 0, Narrow klass range: 0x40000000
[0.189s][info][gc,start    ] GC(0) Pause Young (Allocation Failure)
[0.191s][info][gc,heap     ] GC(0) DefNew: 1023K(1152K)->127K(1152K) Eden: 1023K(1024K)->0K(1024K) From: 0K(128K)->127K(128K)
[0.191s][info][gc,heap     ] GC(0) Tenured: 0K(768K)->439K(768K)
[0.191s][info][gc,metaspace] GC(0) Metaspace: 5903K(6016K)->5903K(6016K) NonClass: 5403K(5504K)->5403K(5504K) Class: 499K(512K)->499K(512K)
[0.191s][info][gc          ] GC(0) Pause Young (Allocation Failure) 0M->0M(1M) 2.331ms
[0.191s][info][gc,cpu      ] GC(0) User=0.00s Sys=0.00s Real=0.00s
[0.211s][info][gc,start    ] GC(1) Pause Young (Allocation Failure)
[0.213s][info][gc          ] GC(1) Pause Young (Allocation Failure) 1M->0M(2M) 1.438ms
[0.213s][info][gc,cpu      ] GC(1) User=0.00s Sys=0.00s Real=0.00s
[0.213s][info][gc,start    ] GC(2) Pause Full (Allocation Failure)
[0.213s][info][gc,phases,start] GC(2) Phase 1: Mark live objects
[0.214s][info][gc,phases      ] GC(2) Phase 1: Mark live objects 1.390ms
[0.214s][info][gc,phases,start] GC(2) Phase 2: Compute new object addresses
[0.215s][info][gc,phases      ] GC(2) Phase 2: Compute new object addresses 0.245ms
[0.215s][info][gc,phases,start] GC(2) Phase 3: Adjust pointers
[0.215s][info][gc,phases      ] GC(2) Phase 3: Adjust pointers 0.572ms
[0.215s][info][gc,phases,start] GC(2) Phase 4: Move objects
[0.215s][info][gc,phases      ] GC(2) Phase 4: Move objects 0.082ms
[0.215s][info][gc,heap        ] GC(2) DefNew: 1151K(1152K)->40K(1152K) Eden: 1024K(1024K)->40K(1024K) From: 127K(128K)->0K(128K)
[0.215s][info][gc,heap        ] GC(2) Tenured: 439K(768K)->960K(1600K)
[0.215s][info][gc,metaspace   ] GC(2) Metaspace: 6299K(6464K)->6299K(6464K) NonClass: 5766K(5824K)->5766K(5824K) Class: 533K(640K)->533K(640K)
[0.216s][info][gc             ] GC(2) Pause Full (Allocation Failure) 0M->0M(2M) 2.643ms
[0.216s][info][gc,cpu         ] GC(2) User=0.00s Sys=0.00s Real=0.00s
[0.217s][info][gc,start       ] GC(3) Pause Young (Allocation Failure)
[0.218s][info][gc,heap        ] GC(3) DefNew: 1024K(1152K)->128K(1152K) Eden: 1024K(1024K)->0K(1024K) From: 0K(128K)->128K(128K)
[0.218s][info][gc,heap        ] GC(3) Tenured: 960K(1600K)->1375K(1600K)
[0.218s][info][gc,metaspace   ] GC(3) Metaspace: 6299K(6464K)->6299K(6464K) NonClass: 5766K(5824K)->5766K(5824K) Class: 533K(640K)->533K(640K)
[0.218s][info][gc             ] GC(3) Pause Young (Allocation Failure) 1M->1M(2M) 1.428ms
[0.218s][info][gc,cpu         ] GC(3) User=0.00s Sys=0.00s Real=0.00s
[0.221s][info][gc,start       ] GC(4) Pause Young (Allocation Failure)
[0.222s][info][gc             ] GC(4) Pause Young (Allocation Failure) 2M->1M(3M) 1.532ms
[0.222s][info][gc,cpu         ] GC(4) User=0.00s Sys=0.00s Real=0.00s
[0.222s][info][gc,start       ] GC(5) Pause Full (Allocation Failure)
[0.222s][info][gc,phases,start] GC(5) Phase 1: Mark live objects
[0.224s][info][gc,phases      ] GC(5) Phase 1: Mark live objects 1.915ms
[0.224s][info][gc,phases,start] GC(5) Phase 2: Compute new object addresses
[0.225s][info][gc,phases      ] GC(5) Phase 2: Compute new object addresses 0.368ms
[0.225s][info][gc,phases,start] GC(5) Phase 3: Adjust pointers
[0.225s][info][gc,phases      ] GC(5) Phase 3: Adjust pointers 0.584ms
[0.225s][info][gc,phases,start] GC(5) Phase 4: Move objects
[0.225s][info][gc,phases      ] GC(5) Phase 4: Move objects 0.070ms
[0.225s][info][gc,heap        ] GC(5) DefNew: 1152K(1152K)->35K(1536K) Eden: 1024K(1024K)->35K(1408K) From: 128K(128K)->0K(128K)
[0.226s][info][gc,heap        ] GC(5) Tenured: 1375K(1600K)->1983K(3308K)
[0.226s][info][gc,metaspace   ] GC(5) Metaspace: 6299K(6464K)->6299K(6464K) NonClass: 5766K(5824K)->5766K(5824K) Class: 533K(640K)->533K(640K)
[0.226s][info][gc             ] GC(5) Pause Full (Allocation Failure) 1M->1M(4M) 3.323ms
[0.226s][info][gc,cpu         ] GC(5) User=0.00s Sys=0.00s Real=0.00s
[0.227s][info][gc,start       ] GC(6) Pause Young (Allocation Failure)
[0.229s][info][gc,heap        ] GC(6) DefNew: 1408K(1536K)->127K(1536K) Eden: 1408K(1408K)->0K(1408K) From: 0K(128K)->127K(128K)
[0.229s][info][gc,heap        ] GC(6) Tenured: 1983K(3308K)->2617K(3308K)
[0.229s][info][gc,metaspace   ] GC(6) Metaspace: 6299K(6464K)->6299K(6464K) NonClass: 5766K(5824K)->5766K(5824K) Class: 533K(640K)->533K(640K)
[0.229s][info][gc             ] GC(6) Pause Young (Allocation Failure) 3M->2M(4M) 1.870ms
[0.229s][info][gc,cpu         ] GC(6) User=0.00s Sys=0.00s Real=0.00s
[0.231s][info][gc,start       ] GC(7) Pause Young (Allocation Failure)
[0.232s][info][gc             ] GC(7) Pause Young (Allocation Failure) 4M->3M(4M) 1.627ms
[0.232s][info][gc,cpu         ] GC(7) User=0.00s Sys=0.00s Real=0.00s
[0.232s][info][gc,start       ] GC(8) Pause Full (Allocation Failure)
[0.232s][info][gc,phases,start] GC(8) Phase 1: Mark live objects
[0.234s][info][gc,phases      ] GC(8) Phase 1: Mark live objects 2.014ms
[0.234s][info][gc,phases,start] GC(8) Phase 2: Compute new object addresses
[0.235s][info][gc,phases      ] GC(8) Phase 2: Compute new object addresses 0.803ms
[0.235s][info][gc,phases,start] GC(8) Phase 3: Adjust pointers
[0.236s][info][gc,phases      ] GC(8) Phase 3: Adjust pointers 1.052ms
[0.236s][info][gc,phases,start] GC(8) Phase 4: Move objects
[0.236s][info][gc,phases      ] GC(8) Phase 4: Move objects 0.078ms
[0.236s][info][gc,heap        ] GC(8) DefNew: 1535K(1536K)->0K(2688K) Eden: 1408K(1408K)->0K(2432K) From: 127K(128K)->0K(256K)
[0.236s][info][gc,heap        ] GC(8) Tenured: 2617K(3308K)->3460K(5768K)
[0.236s][info][gc,metaspace   ] GC(8) Metaspace: 6299K(6464K)->6299K(6464K) NonClass: 5766K(5824K)->5766K(5824K) Class: 533K(640K)->533K(640K)
[0.237s][info][gc             ] GC(8) Pause Full (Allocation Failure) 3M->3M(8M) 4.296ms
[0.237s][info][gc,cpu         ] GC(8) User=0.00s Sys=0.00s Real=0.00s
[0.241s][info][gc,start       ] GC(9) Pause Young (Allocation Failure)
[0.244s][info][gc,heap        ] GC(9) DefNew: 2431K(2688K)->255K(2688K) Eden: 2431K(2432K)->0K(2432K) From: 0K(256K)->255K(256K)
[0.244s][info][gc,heap        ] GC(9) Tenured: 3460K(5768K)->4512K(5768K)
[0.244s][info][gc,metaspace   ] GC(9) Metaspace: 6299K(6464K)->6299K(6464K) NonClass: 5766K(5824K)->5766K(5824K) Class: 533K(640K)->533K(640K)
[0.244s][info][gc             ] GC(9) Pause Young (Allocation Failure) 5M->4M(8M) 3.285ms
[0.244s][info][gc,cpu         ] GC(9) User=0.00s Sys=0.00s Real=0.00s
[0.248s][info][gc,start       ] GC(10) Pause Young (Allocation Failure)
[0.251s][info][gc,heap        ] GC(10) DefNew: 2687K(2688K)->255K(2688K) Eden: 2432K(2432K)->0K(2432K) From: 255K(256K)->255K(256K)
[0.251s][info][gc,heap        ] GC(10) Tenured: 4512K(5768K)->5755K(5768K)
[0.251s][info][gc,metaspace   ] GC(10) Metaspace: 6299K(6464K)->6299K(6464K) NonClass: 5766K(5824K)->5766K(5824K) Class: 533K(640K)->533K(640K)
[0.251s][info][gc             ] GC(10) Pause Young (Allocation Failure) 7M->5M(8M) 3.609ms
[0.251s][info][gc,cpu         ] GC(10) User=0.00s Sys=0.00s Real=0.00s
[0.255s][info][gc,start       ] GC(11) Pause Young (Allocation Failure)
[0.259s][info][gc             ] GC(11) Pause Young (Allocation Failure) 8M->7M(9M) 3.999ms
[0.259s][info][gc,cpu         ] GC(11) User=0.00s Sys=0.00s Real=0.00s
[0.259s][info][gc,start       ] GC(12) Pause Full (Allocation Failure)
[0.259s][info][gc,phases,start] GC(12) Phase 1: Mark live objects
[0.263s][info][gc,phases      ] GC(12) Phase 1: Mark live objects 3.831ms
[0.263s][info][gc,phases,start] GC(12) Phase 2: Compute new object addresses
[0.264s][info][gc,phases      ] GC(12) Phase 2: Compute new object addresses 1.248ms
[0.264s][info][gc,phases,start] GC(12) Phase 3: Adjust pointers
[0.266s][info][gc,phases      ] GC(12) Phase 3: Adjust pointers 1.868ms
[0.266s][info][gc,phases,start] GC(12) Phase 4: Move objects
[0.268s][info][gc,phases      ] GC(12) Phase 4: Move objects 1.805ms
[0.268s][info][gc,heap        ] GC(12) DefNew: 2687K(2688K)->0K(5376K) Eden: 2432K(2432K)->0K(4800K) From: 255K(256K)->0K(576K)
[0.268s][info][gc,heap        ] GC(12) Tenured: 5755K(5768K)->7132K(11888K)
[0.268s][info][gc,metaspace   ] GC(12) Metaspace: 6299K(6464K)->6299K(6464K) NonClass: 5766K(5824K)->5766K(5824K) Class: 533K(640K)->533K(640K)
[0.268s][info][gc             ] GC(12) Pause Full (Allocation Failure) 7M->6M(16M) 9.294ms
[0.268s][info][gc,cpu         ] GC(12) User=0.00s Sys=0.00s Real=0.01s
[0.273s][info][gc,start       ] GC(13) Pause Young (Allocation Failure)
[0.278s][info][gc,heap        ] GC(13) DefNew: 4800K(5376K)->575K(5376K) Eden: 4800K(4800K)->0K(4800K) From: 0K(576K)->575K(576K)
[0.278s][info][gc,heap        ] GC(13) Tenured: 7132K(11888K)->9027K(11888K)
[0.279s][info][gc,metaspace   ] GC(13) Metaspace: 6299K(6464K)->6299K(6464K) NonClass: 5766K(5824K)->5766K(5824K) Class: 533K(640K)->533K(640K)
[0.279s][info][gc             ] GC(13) Pause Young (Allocation Failure) 11M->9M(16M) 5.190ms
[0.279s][info][gc,cpu         ] GC(13) User=0.00s Sys=0.00s Real=0.00s
[0.284s][info][gc,start       ] GC(14) Pause Young (Allocation Failure)
[0.290s][info][gc,heap        ] GC(14) DefNew: 5375K(5376K)->575K(5376K) Eden: 4800K(4800K)->0K(4800K) From: 575K(576K)->575K(576K)
[0.290s][info][gc,heap        ] GC(14) Tenured: 9027K(11888K)->11747K(11888K)
[0.290s][info][gc,metaspace   ] GC(14) Metaspace: 6299K(6464K)->6299K(6464K) NonClass: 5766K(5824K)->5766K(5824K) Class: 533K(640K)->533K(640K)
[0.290s][info][gc             ] GC(14) Pause Young (Allocation Failure) 14M->12M(16M) 6.204ms
[0.290s][info][gc,cpu         ] GC(14) User=0.00s Sys=0.00s Real=0.01s
[0.294s][info][gc,start       ] GC(15) Pause Young (Allocation Failure)
[0.300s][info][gc             ] GC(15) Pause Young (Allocation Failure) 16M->14M(19M) 6.065ms
[0.300s][info][gc,cpu         ] GC(15) User=0.00s Sys=0.00s Real=0.01s
[0.300s][info][gc,start       ] GC(16) Pause Full (Allocation Failure)
[0.300s][info][gc,phases,start] GC(16) Phase 1: Mark live objects
[0.308s][info][gc,phases      ] GC(16) Phase 1: Mark live objects 7.639ms
[0.308s][info][gc,phases,start] GC(16) Phase 2: Compute new object addresses
[0.311s][info][gc,phases      ] GC(16) Phase 2: Compute new object addresses 2.635ms
[0.311s][info][gc,phases,start] GC(16) Phase 3: Adjust pointers
[0.314s][info][gc,phases      ] GC(16) Phase 3: Adjust pointers 3.334ms
[0.314s][info][gc,phases,start] GC(16) Phase 4: Move objects
[0.314s][info][gc,phases      ] GC(16) Phase 4: Move objects 0.181ms
[0.315s][info][gc,heap        ] GC(16) DefNew: 5375K(5376K)->387K(10880K) Eden: 4800K(4800K)->387K(9728K) From: 575K(576K)->0K(1152K)
[0.315s][info][gc,heap        ] GC(16) Tenured: 11747K(11888K)->14383K(23976K)
[0.315s][info][gc,metaspace   ] GC(16) Metaspace: 6301K(6464K)->6301K(6464K) NonClass: 5768K(5824K)->5768K(5824K) Class: 533K(640K)->533K(640K)
[0.315s][info][gc             ] GC(16) Pause Full (Allocation Failure) 14M->14M(34M) 14.167ms
[0.315s][info][gc,cpu         ] GC(16) User=0.02s Sys=0.00s Real=0.02s
[0.322s][info][gc,start       ] GC(17) Pause Young (Allocation Failure)
[0.334s][info][gc,heap        ] GC(17) DefNew: 9728K(10880K)->1151K(10880K) Eden: 9728K(9728K)->0K(9728K) From: 0K(1152K)->1151K(1152K)
[0.334s][info][gc,heap        ] GC(17) Tenured: 14383K(23976K)->18415K(23976K)
[0.334s][info][gc,metaspace   ] GC(17) Metaspace: 6301K(6464K)->6301K(6464K) NonClass: 5768K(5824K)->5768K(5824K) Class: 533K(640K)->533K(640K)
[0.334s][info][gc             ] GC(17) Pause Young (Allocation Failure) 23M->19M(34M) 12.061ms
[0.334s][info][gc,cpu         ] GC(17) User=0.00s Sys=0.00s Real=0.01s
[0.342s][info][gc,start       ] GC(18) Pause Young (Allocation Failure)
[0.353s][info][gc,heap        ] GC(18) DefNew: 10879K(10880K)->1151K(10880K) Eden: 9728K(9728K)->0K(9728K) From: 1151K(1152K)->1151K(1152K)
[0.353s][info][gc,heap        ] GC(18) Tenured: 18415K(23976K)->23936K(23976K)
[0.353s][info][gc,metaspace   ] GC(18) Metaspace: 6301K(6464K)->6301K(6464K) NonClass: 5768K(5824K)->5768K(5824K) Class: 533K(640K)->533K(640K)
[0.353s][info][gc             ] GC(18) Pause Young (Allocation Failure) 28M->24M(34M) 11.479ms
[0.353s][info][gc,cpu         ] GC(18) User=0.00s Sys=0.00s Real=0.01s
[0.360s][info][gc,start       ] GC(19) Pause Young (Allocation Failure)
[0.371s][info][gc             ] GC(19) Pause Young (Allocation Failure) 34M->29M(38M) 11.775ms
[0.371s][info][gc,cpu         ] GC(19) User=0.00s Sys=0.00s Real=0.01s
[0.371s][info][gc,start       ] GC(20) Pause Full (Allocation Failure)
[0.371s][info][gc,phases,start] GC(20) Phase 1: Mark live objects
[0.386s][info][gc,phases      ] GC(20) Phase 1: Mark live objects 14.449ms
[0.386s][info][gc,phases,start] GC(20) Phase 2: Compute new object addresses
[0.391s][info][gc,phases      ] GC(20) Phase 2: Compute new object addresses 4.595ms
[0.391s][info][gc,phases,start] GC(20) Phase 3: Adjust pointers
[0.396s][info][gc,phases      ] GC(20) Phase 3: Adjust pointers 5.101ms
[0.396s][info][gc,phases,start] GC(20) Phase 4: Move objects
[0.396s][info][gc,phases      ] GC(20) Phase 4: Move objects 0.175ms
[0.396s][info][gc,heap        ] GC(20) DefNew: 10879K(10880K)->1080K(21888K) Eden: 9728K(9728K)->1080K(19520K) From: 1151K(1152K)->0K(2368K)
[0.396s][info][gc,heap        ] GC(20) Tenured: 23936K(23976K)->29036K(48396K)
[0.396s][info][gc,metaspace   ] GC(20) Metaspace: 6301K(6464K)->6301K(6464K) NonClass: 5768K(5824K)->5768K(5824K) Class: 533K(640K)->533K(640K)
[0.396s][info][gc             ] GC(20) Pause Full (Allocation Failure) 29M->29M(68M) 24.722ms
[0.396s][info][gc,cpu         ] GC(20) User=0.03s Sys=0.00s Real=0.02s
[0.412s][info][gc,start       ] GC(21) Pause Young (Allocation Failure)
[0.440s][info][gc,heap        ] GC(21) DefNew: 19520K(21888K)->2367K(21888K) Eden: 19520K(19520K)->0K(19520K) From: 0K(2368K)->2367K(2368K)
[0.440s][info][gc,heap        ] GC(21) Tenured: 29036K(48396K)->39352K(48396K)
[0.440s][info][gc,metaspace   ] GC(21) Metaspace: 6301K(6464K)->6301K(6464K) NonClass: 5768K(5824K)->5768K(5824K) Class: 533K(640K)->533K(640K)
[0.440s][info][gc             ] GC(21) Pause Young (Allocation Failure) 47M->40M(68M) 28.452ms
[0.440s][info][gc,cpu         ] GC(21) User=0.02s Sys=0.00s Real=0.03s
[0.459s][info][gc,start       ] GC(22) Pause Young (Allocation Failure)
[0.494s][info][gc             ] GC(22) Pause Young (Allocation Failure) 59M->59M(78M) 35.440ms
[0.494s][info][gc,cpu         ] GC(22) User=0.02s Sys=0.02s Real=0.04s
[0.494s][info][gc,start       ] GC(23) Pause Full (Allocation Failure)
[0.494s][info][gc,phases,start] GC(23) Phase 1: Mark live objects
[0.521s][info][gc,phases      ] GC(23) Phase 1: Mark live objects 26.264ms
[0.521s][info][gc,phases,start] GC(23) Phase 2: Compute new object addresses
[0.530s][info][gc,phases      ] GC(23) Phase 2: Compute new object addresses 9.741ms
[0.530s][info][gc,phases,start] GC(23) Phase 3: Adjust pointers
[0.542s][info][gc,phases      ] GC(23) Phase 3: Adjust pointers 11.371ms
[0.542s][info][gc,phases,start] GC(23) Phase 4: Move objects
[0.542s][info][gc,phases      ] GC(23) Phase 4: Move objects 0.365ms
[0.542s][info][gc,heap        ] GC(23) DefNew: 21887K(21888K)->2253K(44288K) Eden: 19520K(19520K)->2253K(39424K) From: 2367K(2368K)->0K(4864K)
[0.543s][info][gc,heap        ] GC(23) Tenured: 39352K(48396K)->58955K(98260K)
[0.543s][info][gc,metaspace   ] GC(23) Metaspace: 6301K(6464K)->6301K(6464K) NonClass: 5768K(5824K)->5768K(5824K) Class: 533K(640K)->533K(640K)
[0.543s][info][gc             ] GC(23) Pause Full (Allocation Failure) 59M->59M(139M) 48.387ms
[0.543s][info][gc,cpu         ] GC(23) User=0.03s Sys=0.00s Real=0.05s
[0.584s][info][gc,start       ] GC(24) Pause Young (Allocation Failure)
[0.645s][info][gc,heap        ] GC(24) DefNew: 39424K(44288K)->4864K(44288K) Eden: 39424K(39424K)->0K(39424K) From: 0K(4864K)->4864K(4864K)
[0.645s][info][gc,heap        ] GC(24) Tenured: 58955K(98260K)->93487K(98260K)
[0.645s][info][gc,metaspace   ] GC(24) Metaspace: 6301K(6464K)->6301K(6464K) NonClass: 5768K(5824K)->5768K(5824K) Class: 533K(640K)->533K(640K)
[0.645s][info][gc             ] GC(24) Pause Young (Allocation Failure) 96M->96M(139M) 61.145ms
[0.645s][info][gc,cpu         ] GC(24) User=0.06s Sys=0.00s Real=0.06s
[0.677s][info][gc,start       ] GC(25) Pause Young (Allocation Failure)
[0.747s][info][gc             ] GC(25) Pause Young (Allocation Failure) 134M->134M(173M) 69.186ms
[0.747s][info][gc,cpu         ] GC(25) User=0.08s Sys=0.00s Real=0.07s
[0.747s][info][gc,start       ] GC(26) Pause Full (Allocation Failure)
[0.747s][info][gc,phases,start] GC(26) Phase 1: Mark live objects
[0.802s][info][gc,phases      ] GC(26) Phase 1: Mark live objects 55.384ms
[0.802s][info][gc,phases,start] GC(26) Phase 2: Compute new object addresses
[0.823s][info][gc,phases      ] GC(26) Phase 2: Compute new object addresses 20.992ms
[0.823s][info][gc,phases,start] GC(26) Phase 3: Adjust pointers
[0.849s][info][gc,phases      ] GC(26) Phase 3: Adjust pointers 25.926ms
[0.849s][info][gc,phases,start] GC(26) Phase 4: Move objects
[0.875s][info][gc,phases      ] GC(26) Phase 4: Move objects 25.231ms
[0.875s][info][gc,heap        ] GC(26) DefNew: 44288K(44288K)->1014K(99712K) Eden: 39424K(39424K)->1014K(88640K) From: 4864K(4864K)->0K(11072K)
[0.875s][info][gc,heap        ] GC(26) Tenured: 93487K(98260K)->132887K(221480K)
[0.875s][info][gc,metaspace   ] GC(26) Metaspace: 6301K(6464K)->6301K(6464K) NonClass: 5768K(5824K)->5768K(5824K) Class: 533K(640K)->533K(640K)
[0.875s][info][gc             ] GC(26) Pause Full (Allocation Failure) 134M->130M(313M) 128.349ms
[0.875s][info][gc,cpu         ] GC(26) User=0.12s Sys=0.00s Real=0.13s
[0.968s][info][gc,start       ] GC(27) Pause Young (Allocation Failure)
[1.115s][info][gc,heap        ] GC(27) DefNew: 88640K(99712K)->11071K(99712K) Eden: 88640K(88640K)->0K(88640K) From: 0K(11072K)->11071K(11072K)
[1.115s][info][gc,heap        ] GC(27) Tenured: 132887K(221480K)->210424K(221480K)
[1.115s][info][gc,metaspace   ] GC(27) Metaspace: 6301K(6464K)->6301K(6464K) NonClass: 5768K(5824K)->5768K(5824K) Class: 533K(640K)->533K(640K)
[1.115s][info][gc             ] GC(27) Pause Young (Allocation Failure) 216M->216M(313M) 147.594ms
[1.115s][info][gc,cpu         ] GC(27) User=0.08s Sys=0.03s Real=0.15s
[1.195s][info][gc,start       ] GC(28) Pause Young (Allocation Failure)
[1.361s][info][gc             ] GC(28) Pause Young (Allocation Failure) 302M->302M(389M) 165.703ms
[1.361s][info][gc,cpu         ] GC(28) User=0.09s Sys=0.06s Real=0.17s
[1.361s][info][gc,start       ] GC(29) Pause Full (Allocation Failure)
[1.361s][info][gc,phases,start] GC(29) Phase 1: Mark live objects
[1.497s][info][gc,phases      ] GC(29) Phase 1: Mark live objects 135.795ms
[1.497s][info][gc,phases,start] GC(29) Phase 2: Compute new object addresses
[1.546s][info][gc,phases      ] GC(29) Phase 2: Compute new object addresses 49.449ms
[1.547s][info][gc,phases,start] GC(29) Phase 3: Adjust pointers
[1.603s][info][gc,phases      ] GC(29) Phase 3: Adjust pointers 56.830ms
[1.603s][info][gc,phases,start] GC(29) Phase 4: Move objects
[1.606s][info][gc,phases      ] GC(29) Phase 4: Move objects 2.208ms
[1.607s][info][gc,heap        ] GC(29) DefNew: 99711K(99712K)->10926K(224448K) Eden: 88640K(88640K)->10926K(199552K) From: 11071K(11072K)->0K(24896K)
[1.607s][info][gc,heap        ] GC(29) Tenured: 210424K(221480K)->299179K(498636K)
[1.607s][info][gc,metaspace   ] GC(29) Metaspace: 6301K(6464K)->6301K(6464K) NonClass: 5768K(5824K)->5768K(5824K) Class: 533K(640K)->533K(640K)
[1.607s][info][gc             ] GC(29) Pause Full (Allocation Failure) 302M->302M(706M) 245.516ms
[1.607s][info][gc,cpu         ] GC(29) User=0.22s Sys=0.00s Real=0.25s
[1.814s][info][gc,start       ] GC(30) Pause Young (Allocation Failure)
[2.148s][info][gc,heap        ] GC(30) DefNew: 199552K(224448K)->24895K(224448K) Eden: 199552K(199552K)->0K(199552K) From: 0K(24896K)->24895K(24896K)
[2.148s][info][gc,heap        ] GC(30) Tenured: 299179K(498636K)->473807K(498636K)
[2.148s][info][gc,metaspace   ] GC(30) Metaspace: 6301K(6464K)->6301K(6464K) NonClass: 5768K(5824K)->5768K(5824K) Class: 533K(640K)->533K(640K)
[2.148s][info][gc             ] GC(30) Pause Young (Allocation Failure) 487M->487M(706M) 334.651ms
[2.148s][info][gc,cpu         ] GC(30) User=0.31s Sys=0.02s Real=0.33s
[2.335s][info][gc,start       ] GC(31) Pause Young (Allocation Failure)
[2.720s][info][gc             ] GC(31) Pause Young (Allocation Failure) 681M->681M(876M) 385.549ms
[2.720s][info][gc,cpu         ] GC(31) User=0.33s Sys=0.03s Real=0.39s
[2.720s][info][gc,start       ] GC(32) Pause Full (Allocation Failure)
[2.720s][info][gc,phases,start] GC(32) Phase 1: Mark live objects
[3.028s][info][gc,phases      ] GC(32) Phase 1: Mark live objects 307.864ms
[3.028s][info][gc,phases,start] GC(32) Phase 2: Compute new object addresses
[3.133s][info][gc,phases      ] GC(32) Phase 2: Compute new object addresses 104.757ms
[3.133s][info][gc,phases,start] GC(32) Phase 3: Adjust pointers
[3.248s][info][gc,phases      ] GC(32) Phase 3: Adjust pointers 115.141ms
[3.248s][info][gc,phases,start] GC(32) Phase 4: Move objects
[3.253s][info][gc,phases      ] GC(32) Phase 4: Move objects 5.154ms
[3.255s][info][gc,heap        ] GC(32) DefNew: 224447K(224448K)->24801K(505152K) Eden: 199552K(199552K)->24801K(449088K) From: 24895K(24896K)->0K(56064K)
[3.255s][info][gc,heap        ] GC(32) Tenured: 473807K(498636K)->673423K(1122376K)
[3.255s][info][gc,metaspace   ] GC(32) Metaspace: 6301K(6464K)->6301K(6464K) NonClass: 5768K(5824K)->5768K(5824K) Class: 533K(640K)->533K(640K)
[3.255s][info][gc             ] GC(32) Pause Full (Allocation Failure) 681M->681M(1589M) 535.218ms
[3.255s][info][gc,cpu         ] GC(32) User=0.53s Sys=0.00s Real=0.54s
[3.736s][info][gc,start       ] GC(33) Pause Young (Allocation Failure)
[4.509s][info][gc,heap        ] GC(33) DefNew: 449088K(505152K)->56064K(505152K) Eden: 449088K(449088K)->0K(449088K) From: 0K(56064K)->56064K(56064K)
[4.509s][info][gc,heap        ] GC(33) Tenured: 673423K(1122376K)->1066421K(1122376K)
[4.509s][info][gc,metaspace   ] GC(33) Metaspace: 6301K(6464K)->6301K(6464K) NonClass: 5768K(5824K)->5768K(5824K) Class: 533K(640K)->533K(640K)
[4.509s][info][gc             ] GC(33) Pause Young (Allocation Failure) 1096M->1096M(1589M) 772.730ms
[4.509s][info][gc,cpu         ] GC(33) User=0.66s Sys=0.09s Real=0.77s
[4.980s][info][gc,start       ] GC(34) Pause Young (Allocation Failure)
[5.707s][info][gc             ] GC(34) Pause Young (Allocation Failure) 1534M->1481M(1920M) 726.756ms
[5.707s][info][gc,cpu         ] GC(34) User=0.59s Sys=0.12s Real=0.73s
[5.707s][info][gc,start       ] GC(35) Pause Full (Allocation Failure)
[5.707s][info][gc,phases,start] GC(35) Phase 1: Mark live objects
[6.363s][info][gc,phases      ] GC(35) Phase 1: Mark live objects 656.125ms
[6.363s][info][gc,phases,start] GC(35) Phase 2: Compute new object addresses
[6.579s][info][gc,phases      ] GC(35) Phase 2: Compute new object addresses 215.532ms
[6.579s][info][gc,phases,start] GC(35) Phase 3: Adjust pointers
[6.840s][info][gc,phases      ] GC(35) Phase 3: Adjust pointers 261.102ms
[6.840s][info][gc,phases,start] GC(35) Phase 4: Move objects
[6.851s][info][gc,phases      ] GC(35) Phase 4: Move objects 10.652ms
[6.855s][info][gc,heap        ] GC(35) DefNew: 505152K(505152K)->56012K(1095936K) Eden: 449088K(449088K)->56012K(974208K) From: 56064K(56064K)->0K(121728K)
[6.855s][info][gc,heap        ] GC(35) Tenured: 1066421K(1122376K)->1461131K(2435220K)
[6.855s][info][gc,metaspace   ] GC(35) Metaspace: 6301K(6464K)->6301K(6464K) NonClass: 5768K(5824K)->5768K(5824K) Class: 533K(640K)->533K(640K)
[6.855s][info][gc             ] GC(35) Pause Full (Allocation Failure) 1481M->1481M(3448M) 1147.753ms
[6.855s][info][gc,cpu         ] GC(35) User=1.09s Sys=0.05s Real=1.15s
[7.812s][info][gc,start       ] GC(36) Pause Young (Allocation Failure)
[9.558s][info][gc,heap        ] GC(36) DefNew: 974208K(1095936K)->121727K(1095936K) Eden: 974208K(974208K)->0K(974208K) From: 0K(121728K)->121727K(121728K)
[9.558s][info][gc,heap        ] GC(36) Tenured: 1461131K(2435220K)->2313583K(2435220K)
[9.558s][info][gc,metaspace   ] GC(36) Metaspace: 6301K(6464K)->6301K(6464K) NonClass: 5768K(5824K)->5768K(5824K) Class: 533K(640K)->533K(640K)
[9.558s][info][gc             ] GC(36) Pause Young (Allocation Failure) 2378M->2378M(3448M) 1746.417ms
[9.558s][info][gc,cpu         ] GC(36) User=1.47s Sys=0.25s Real=1.75s
[10.556s][info][gc,start       ] GC(37) Pause Young (Allocation Failure)
[12.248s][info][gc             ] GC(37) Pause Young (Allocation Failure) 3329M->3329M(4281M) 1691.148ms
[12.248s][info][gc,cpu         ] GC(37) User=1.36s Sys=0.33s Real=1.69s
[12.248s][info][gc,start       ] GC(38) Pause Full (Allocation Failure)
[12.248s][info][gc,phases,start] GC(38) Phase 1: Mark live objects
[13.760s][info][gc,phases      ] GC(38) Phase 1: Mark live objects 1512.761ms
[13.761s][info][gc,phases,start] GC(38) Phase 2: Compute new object addresses
[14.290s][info][gc,phases      ] GC(38) Phase 2: Compute new object addresses 529.316ms
[14.290s][info][gc,phases,start] GC(38) Phase 3: Adjust pointers
[14.939s][info][gc,phases      ] GC(38) Phase 3: Adjust pointers 649.303ms
[14.939s][info][gc,phases,start] GC(38) Phase 4: Move objects
[15.573s][info][gc,phases      ] GC(38) Phase 4: Move objects 633.960ms
[15.582s][info][gc,heap        ] GC(38) DefNew: 1095935K(1095936K)->27451K(2465920K) Eden: 974208K(974208K)->27451K(2191936K) From: 121727K(121728K)->0K(273984K)
[15.582s][info][gc,heap        ] GC(38) Tenured: 2313583K(2435220K)->3287831K(5479720K)
[15.582s][info][gc,metaspace   ] GC(38) Metaspace: 6301K(6464K)->6301K(6464K) NonClass: 5768K(5824K)->5768K(5824K) Class: 533K(640K)->533K(640K)
[15.582s][info][gc             ] GC(38) Pause Full (Allocation Failure) 3329M->3237M(7759M) 3334.314ms
[15.582s][info][gc,cpu         ] GC(38) User=3.31s Sys=0.02s Real=3.33s
[17.797s][info][gc,start       ] GC(39) Pause Young (Allocation Failure)
[21.631s][info][gc,heap        ] GC(39) DefNew: 2191936K(2465920K)->273983K(2465920K) Eden: 2191936K(2191936K)->0K(2191936K) From: 0K(273984K)->273983K(273984K)
[21.631s][info][gc,heap        ] GC(39) Tenured: 3287831K(5479720K)->5205754K(5479720K)
[21.631s][info][gc,metaspace   ] GC(39) Metaspace: 6301K(6464K)->6301K(6464K) NonClass: 5768K(5824K)->5768K(5824K) Class: 533K(640K)->533K(640K)
[21.631s][info][gc             ] GC(39) Pause Young (Allocation Failure) 5351M->5351M(7759M) 3834.573ms
[21.631s][info][gc,cpu         ] GC(39) User=3.38s Sys=0.44s Real=3.83s
[23.729s][info][gc,start       ] GC(40) Pause Young (Allocation Failure)
[27.491s][info][gc             ] GC(40) Pause Young (Allocation Failure) 7491M->7491M(9632M) 3761.597ms
[27.491s][info][gc,cpu         ] GC(40) User=3.05s Sys=0.69s Real=3.76s
[27.491s][info][gc,start       ] GC(41) Pause Full (Allocation Failure)
[27.491s][info][gc,phases,start] GC(41) Phase 1: Mark live objects
[31.005s][info][gc,phases      ] GC(41) Phase 1: Mark live objects 3514.047ms
[31.005s][info][gc,phases,start] GC(41) Phase 2: Compute new object addresses
[32.264s][info][gc,phases      ] GC(41) Phase 2: Compute new object addresses 1259.356ms
[32.264s][info][gc,phases,start] GC(41) Phase 3: Adjust pointers
[33.589s][info][gc,phases      ] GC(41) Phase 3: Adjust pointers 1324.133ms
[33.589s][info][gc,phases,start] GC(41) Phase 4: Move objects
[33.646s][info][gc,phases      ] GC(41) Phase 4: Move objects 57.591ms
[33.657s][info][gc,heap        ] GC(41) DefNew: 2465919K(2465920K)->273969K(4485120K) Eden: 2191936K(2191936K)->273969K(3986816K) From: 273983K(273984K)->0K(498304K)
[33.658s][info][gc,heap        ] GC(41) Tenured: 5205754K(5479720K)->7397675K(9966976K)
[33.658s][info][gc,metaspace   ] GC(41) Metaspace: 6301K(6464K)->6301K(6464K) NonClass: 5768K(5824K)->5768K(5824K) Class: 533K(640K)->533K(640K)
[33.658s][info][gc             ] GC(41) Pause Full (Allocation Failure) 7491M->7491M(14113M) 6166.857ms
[33.658s][info][gc,cpu         ] GC(41) User=6.17s Sys=0.02s Real=6.17s
[37.354s][info][gc,start       ] GC(42) Pause Young (Allocation Failure)
[47.696s][info][gc,promotion   ] GC(42) Promotion failed
[47.697s][info][gc             ] GC(42) Pause Young (Allocation Failure) 11117M->14113M(14113M) 10342.182ms
[47.697s][info][gc,cpu         ] GC(42) User=7.02s Sys=1.80s Real=10.34s
[47.697s][info][gc,start       ] GC(43) Pause Full (Allocation Failure)
[47.697s][info][gc,phases,start] GC(43) Phase 1: Mark live objects
[61.965s][info][gc,phases      ] GC(43) Phase 1: Mark live objects 14268.376ms
[61.965s][info][gc,phases,start] GC(43) Phase 2: Compute new object addresses
[69.509s][info][gc,phases      ] GC(43) Phase 2: Compute new object addresses 7544.024ms
[69.510s][info][gc,phases,start] GC(43) Phase 3: Adjust pointers
[75.453s][info][gc,phases      ] GC(43) Phase 3: Adjust pointers 5943.069ms
[75.453s][info][gc,phases,start] GC(43) Phase 4: Move objects
[76.623s][info][gc,phases      ] GC(43) Phase 4: Move objects 1170.024ms
[76.652s][info][gc,heap        ] GC(43) DefNew: 3986816K(4485120K)->1417483K(4485120K) Eden: 3986816K(3986816K)->1417483K(3986816K) From: 0K(498304K)->0K(498304K)
[76.653s][info][gc,heap        ] GC(43) Tenured: 7397675K(9966976K)->9966976K(9966976K)
[76.653s][info][gc,metaspace   ] GC(43) Metaspace: 6301K(6464K)->6301K(6464K) NonClass: 5768K(5824K)->5768K(5824K) Class: 533K(640K)->533K(640K)
[76.653s][info][gc             ] GC(43) Pause Full (Allocation Failure) 14113M->11117M(14113M) 28956.288ms
[76.653s][info][gc,cpu         ] GC(43) User=10.78s Sys=11.95s Real=28.96s
[84.381s][info][gc,start       ] GC(44) Pause Full (Allocation Failure)
[84.381s][info][gc,phases,start] GC(44) Phase 1: Mark live objects
[95.135s][info][gc,phases      ] GC(44) Phase 1: Mark live objects 10753.880ms
[95.135s][info][gc,phases,start] GC(44) Phase 2: Compute new object addresses
[98.650s][info][gc,phases      ] GC(44) Phase 2: Compute new object addresses 3514.403ms
[98.650s][info][gc,phases,start] GC(44) Phase 3: Adjust pointers
[101.451s][info][gc,phases      ] GC(44) Phase 3: Adjust pointers 2801.142ms
[101.451s][info][gc,phases,start] GC(44) Phase 4: Move objects
[101.892s][info][gc,phases      ] GC(44) Phase 4: Move objects 440.683ms
[101.896s][info][gc,heap        ] GC(44) DefNew: 4485119K(4485120K)->4485102K(4485120K) Eden: 3986816K(3986816K)->3986816K(3986816K) From: 498303K(498304K)->498286K(498304K)
[101.896s][info][gc,heap        ] GC(44) Tenured: 9966976K(9966976K)->9966976K(9966976K)
[101.896s][info][gc,metaspace   ] GC(44) Metaspace: 6301K(6464K)->6301K(6464K) NonClass: 5768K(5824K)->5768K(5824K) Class: 533K(640K)->533K(640K)
[101.896s][info][gc             ] GC(44) Pause Full (Allocation Failure) 14113M->14113M(14113M) 17514.689ms
[101.896s][info][gc,cpu         ] GC(44) User=11.62s Sys=3.83s Real=17.51s
[101.896s][info][gc,start       ] GC(45) Pause Full (Allocation Failure)
[101.896s][info][gc,phases,start] GC(45) Phase 1: Mark live objects
[108.372s][info][gc,phases      ] GC(45) Phase 1: Mark live objects 6475.106ms
[108.372s][info][gc,phases,start] GC(45) Phase 2: Compute new object addresses
[110.296s][info][gc,phases      ] GC(45) Phase 2: Compute new object addresses 1924.294ms
[110.296s][info][gc,phases,start] GC(45) Phase 3: Adjust pointers
[113.353s][info][gc,phases      ] GC(45) Phase 3: Adjust pointers 3057.276ms
[113.353s][info][gc,phases,start] GC(45) Phase 4: Move objects
[124.403s][info][gc,phases      ] GC(45) Phase 4: Move objects 11037.880ms
[124.418s][info][gc,heap        ] GC(45) DefNew: 4485119K(4485120K)->4091903K(4485120K) Eden: 3986816K(3986816K)->3986815K(3986816K) From: 498303K(498304K)->105088K(498304K)
[124.419s][info][gc,heap        ] GC(45) Tenured: 9966976K(9966976K)->9966975K(9966976K)
[124.419s][info][gc,metaspace   ] GC(45) Metaspace: 6301K(6464K)->6301K(6464K) NonClass: 5768K(5824K)->5768K(5824K) Class: 533K(640K)->533K(640K)
[124.422s][info][gc             ] GC(45) Pause Full (Allocation Failure) 14113M->13729M(14113M) 22524.779ms
[124.422s][info][gc,cpu         ] GC(45) User=14.20s Sys=7.70s Real=22.53s
[125.979s][info][gc,start       ] GC(46) Pause Full (Allocation Failure)
[125.980s][info][gc,phases,start] GC(46) Phase 1: Mark live objects
[152.439s][info][gc,phases      ] GC(46) Phase 1: Mark live objects 26459.182ms
[152.439s][info][gc,phases,start] GC(46) Phase 2: Compute new object addresses
[158.303s][info][gc,phases      ] GC(46) Phase 2: Compute new object addresses 5864.076ms
[158.303s][info][gc,phases,start] GC(46) Phase 3: Adjust pointers
[174.552s][info][gc,phases      ] GC(46) Phase 3: Adjust pointers 16245.678ms
[174.556s][info][gc,phases,start] GC(46) Phase 4: Move objects
[174.562s][info][gc,phases      ] GC(46) Phase 4: Move objects 6.368ms
[174.618s][info][gc,heap        ] GC(46) DefNew: 4485119K(4485120K)->4485119K(4485120K) Eden: 3986815K(3986816K)->3986815K(3986816K) From: 498303K(498304K)->498303K(498304K)
[174.619s][info][gc,heap        ] GC(46) Tenured: 9966975K(9966976K)->9966975K(9966976K)
[174.619s][info][gc,metaspace   ] GC(46) Metaspace: 6301K(6464K)->6301K(6464K) NonClass: 5768K(5824K)->5768K(5824K) Class: 533K(640K)->533K(640K)
[174.634s][info][gc             ] GC(46) Pause Full (Allocation Failure) 14113M->14113M(14113M) 48650.190ms
[174.635s][info][gc,cpu         ] GC(46) User=9.36s Sys=13.33s Real=48.65s
[174.635s][info][gc,start       ] GC(47) Pause Full (Allocation Failure)
[174.637s][info][gc,phases,start] GC(47) Phase 1: Mark live objects
[197.521s][info][gc,phases      ] GC(47) Phase 1: Mark live objects 22884.275ms
[197.521s][info][gc,phases,start] GC(47) Phase 2: Compute new object addresses
[205.891s][info][gc,phases      ] GC(47) Phase 2: Compute new object addresses 8369.974ms
[205.891s][info][gc,phases,start] GC(47) Phase 3: Adjust pointers
[216.818s][info][gc,phases      ] GC(47) Phase 3: Adjust pointers 10926.957ms
[216.818s][info][gc,phases,start] GC(47) Phase 4: Move objects
[229.895s][info][gc,phases      ] GC(47) Phase 4: Move objects 13072.817ms
[229.954s][info][gc,heap        ] GC(47) DefNew: 4485119K(4485120K)->4485115K(4485120K) Eden: 3986815K(3986816K)->3986815K(3986816K) From: 498303K(498304K)->498299K(498304K)
[229.954s][info][gc,heap        ] GC(47) Tenured: 9966975K(9966976K)->9966975K(9966976K)
[229.955s][info][gc,metaspace   ] GC(47) Metaspace: 6301K(6464K)->6300K(6464K) NonClass: 5768K(5824K)->5767K(5824K) Class: 533K(640K)->532K(640K)
[229.958s][info][gc             ] GC(47) Pause Full (Allocation Failure) 14113M->14113M(14113M) 55322.727ms
[229.958s][info][gc,cpu         ] GC(47) User=14.84s Sys=26.88s Real=55.32s
[230.012s][info][gc,start       ] GC(48) Pause Full (Allocation Failure)
[230.014s][info][gc,phases,start] GC(48) Phase 1: Mark live objects
[252.917s][info][gc,phases      ] GC(48) Phase 1: Mark live objects 22902.534ms
[252.918s][info][gc,phases,start] GC(48) Phase 2: Compute new object addresses
[261.496s][info][gc,phases      ] GC(48) Phase 2: Compute new object addresses 8577.893ms
[261.496s][info][gc,phases,start] GC(48) Phase 3: Adjust pointers
[269.135s][info][gc,phases      ] GC(48) Phase 3: Adjust pointers 7638.749ms
[269.135s][info][gc,phases,start] GC(48) Phase 4: Move objects
[269.135s][info][gc,phases      ] GC(48) Phase 4: Move objects 0.143ms
[269.145s][info][gc,heap        ] GC(48) DefNew: 4485119K(4485120K)->4485119K(4485120K) Eden: 3986815K(3986816K)->3986815K(3986816K) From: 498303K(498304K)->498303K(498304K)
[269.145s][info][gc,heap        ] GC(48) Tenured: 9966975K(9966976K)->9966975K(9966976K)
[269.145s][info][gc,metaspace   ] GC(48) Metaspace: 6300K(6464K)->6300K(6464K) NonClass: 5767K(5824K)->5767K(5824K) Class: 532K(640K)->532K(640K)
[269.146s][info][gc             ] GC(48) Pause Full (Allocation Failure) 14113M->14113M(14113M) 39133.646ms
[269.146s][info][gc,cpu         ] GC(48) User=11.00s Sys=12.47s Real=39.13s
[269.146s][info][gc,start       ] GC(49) Pause Full (Allocation Failure)
[269.146s][info][gc,phases,start] GC(49) Phase 1: Mark live objects
[282.388s][info][gc,phases      ] GC(49) Phase 1: Mark live objects 13242.509ms
[282.388s][info][gc,phases,start] GC(49) Phase 2: Compute new object addresses
[288.273s][info][gc,phases      ] GC(49) Phase 2: Compute new object addresses 5884.757ms
[288.273s][info][gc,phases,start] GC(49) Phase 3: Adjust pointers
[293.926s][info][gc,phases      ] GC(49) Phase 3: Adjust pointers 5651.472ms
[293.926s][info][gc,phases,start] GC(49) Phase 4: Move objects
[293.926s][info][gc,phases      ] GC(49) Phase 4: Move objects 0.030ms
[294.458s][info][gc,heap        ] GC(49) DefNew: 4485119K(4485120K)->4485119K(4485120K) Eden: 3986815K(3986816K)->3986815K(3986816K) From: 498303K(498304K)->498303K(498304K)
[294.458s][info][gc,heap        ] GC(49) Tenured: 9966975K(9966976K)->9966975K(9966976K)
[294.458s][info][gc,metaspace   ] GC(49) Metaspace: 6300K(6464K)->6300K(6464K) NonClass: 5767K(5824K)->5767K(5824K) Class: 532K(640K)->532K(640K)
[294.458s][info][gc             ] GC(49) Pause Full (Allocation Failure) 14113M->14113M(14113M) 25312.407ms
[294.458s][info][gc,cpu         ] GC(49) User=12.45s Sys=8.45s Real=25.31s
[294.546s][info][gc,start       ] GC(50) Pause Full (Allocation Failure)
[294.546s][info][gc,phases,start] GC(50) Phase 1: Mark live objects
[309.058s][info][gc,phases      ] GC(50) Phase 1: Mark live objects 14512.187ms
[309.058s][info][gc,phases,start] GC(50) Phase 2: Compute new object addresses
[316.358s][info][gc,phases      ] GC(50) Phase 2: Compute new object addresses 7299.414ms
[316.358s][info][gc,phases,start] GC(50) Phase 3: Adjust pointers
[323.983s][info][gc,phases      ] GC(50) Phase 3: Adjust pointers 7624.859ms
[323.983s][info][gc,phases,start] GC(50) Phase 4: Move objects
[323.983s][info][gc,phases      ] GC(50) Phase 4: Move objects 0.125ms
[323.993s][info][gc,heap        ] GC(50) DefNew: 4485119K(4485120K)->4485119K(4485120K) Eden: 3986815K(3986816K)->3986815K(3986816K) From: 498303K(498304K)->498303K(498304K)
[323.993s][info][gc,heap        ] GC(50) Tenured: 9966975K(9966976K)->9966975K(9966976K)
[323.993s][info][gc,metaspace   ] GC(50) Metaspace: 6300K(6464K)->6300K(6464K) NonClass: 5767K(5824K)->5767K(5824K) Class: 532K(640K)->532K(640K)
[323.993s][info][gc             ] GC(50) Pause Full (Allocation Failure) 14113M->14113M(14113M) 29447.121ms
[323.993s][info][gc,cpu         ] GC(50) User=12.86s Sys=10.70s Real=29.45s
[323.993s][info][gc,start       ] GC(51) Pause Full (Allocation Failure)
[323.993s][info][gc,phases,start] GC(51) Phase 1: Mark live objects
[336.776s][info][gc,phases      ] GC(51) Phase 1: Mark live objects 12783.257ms
[336.776s][info][gc,phases,start] GC(51) Phase 2: Compute new object addresses
[344.064s][info][gc,phases      ] GC(51) Phase 2: Compute new object addresses 7287.795ms
[344.064s][info][gc,phases,start] GC(51) Phase 3: Adjust pointers
[352.140s][info][gc,phases      ] GC(51) Phase 3: Adjust pointers 8075.230ms
[352.140s][info][gc,phases,start] GC(51) Phase 4: Move objects
[365.250s][info][gc,phases      ] GC(51) Phase 4: Move objects 13109.697ms
[365.278s][info][gc,heap        ] GC(51) DefNew: 4485119K(4485120K)->4485118K(4485120K) Eden: 3986815K(3986816K)->3986815K(3986816K) From: 498303K(498304K)->498302K(498304K)
[365.278s][info][gc,heap        ] GC(51) Tenured: 9966975K(9966976K)->9966975K(9966976K)
[365.278s][info][gc,metaspace   ] GC(51) Metaspace: 6300K(6464K)->6300K(6464K) NonClass: 5767K(5824K)->5767K(5824K) Class: 532K(640K)->532K(640K)
[365.279s][info][gc             ] GC(51) Pause Full (Allocation Failure) 14113M->14113M(14113M) 41285.759ms
[365.279s][info][gc,cpu         ] GC(51) User=16.48s Sys=16.92s Real=41.29s
[365.413s][info][gc,start       ] GC(52) Pause Full (Allocation Failure)
[365.415s][info][gc,phases,start] GC(52) Phase 1: Mark live objects
[388.944s][info][gc,phases      ] GC(52) Phase 1: Mark live objects 23529.020ms
[388.944s][info][gc,phases,start] GC(52) Phase 2: Compute new object addresses
[399.055s][info][gc,phases      ] GC(52) Phase 2: Compute new object addresses 10110.218ms
[399.055s][info][gc,phases,start] GC(52) Phase 3: Adjust pointers
[411.950s][info][gc,phases      ] GC(52) Phase 3: Adjust pointers 12892.824ms
[411.951s][info][gc,phases,start] GC(52) Phase 4: Move objects
[411.953s][info][gc,phases      ] GC(52) Phase 4: Move objects 1.645ms
[411.989s][info][gc,heap        ] GC(52) DefNew: 4485119K(4485120K)->4485118K(4485120K) Eden: 3986816K(3986816K)->3986815K(3986816K) From: 498303K(498304K)->498302K(498304K)
[411.989s][info][gc,heap        ] GC(52) Tenured: 9966975K(9966976K)->9966975K(9966976K)
[411.989s][info][gc,metaspace   ] GC(52) Metaspace: 6301K(6464K)->6301K(6464K) NonClass: 5767K(5824K)->5767K(5824K) Class: 533K(640K)->533K(640K)
[411.992s][info][gc             ] GC(52) Pause Full (Allocation Failure) 14113M->14113M(14113M) 46576.631ms
[411.992s][info][gc,cpu         ] GC(52) User=12.22s Sys=20.55s Real=46.58s
[412.060s][info][gc,heap,exit   ] Heap
[412.060s][info][gc,heap,exit   ]  def new generation   total 4485120K, used 4485119K [0x000000046f800000, 0x000000059faa0000, 0x000000059faa0000)
[412.060s][info][gc,heap,exit   ]   eden space 3986816K, 100% used [0x000000046f800000, 0x0000000562d60000, 0x0000000562d60000)
[412.060s][info][gc,heap,exit   ]   from space 498304K,  99% used [0x0000000581400000, 0x000000059fa9ff48, 0x000000059faa0000)
[412.060s][info][gc,heap,exit   ]   to   space 498304K,   0% used [0x0000000562d60000, 0x0000000562d60000, 0x0000000581400000)
[412.060s][info][gc,heap,exit   ]  tenured generation   total 9966976K, used 9966975K [0x000000059faa0000, 0x0000000800000000, 0x0000000800000000)
[412.060s][info][gc,heap,exit   ]    the space 9966976K,  99% used [0x000000059faa0000, 0x00000007ffffffa0, 0x0000000800000000, 0x0000000800000000)
[412.060s][info][gc,heap,exit   ]  Metaspace       used 6304K, committed 6528K, reserved 1114112K
[412.060s][info][gc,heap,exit   ]   class space    used 534K, committed 640K, reserved 1048576K
