[0.014s][info][gc,init] CardTable entry size: 512
[0.014s][info][gc     ] Using Parallel
[0.015s][info][gc,init] Version: 18.0.1+10 (release)
[0.015s][info][gc,init] CPUs: 8 total, 8 available
[0.015s][info][gc,init] Memory: 16063M
[0.015s][info][gc,init] Large Page Support: Disabled
[0.015s][info][gc,init] NUMA Support: Disabled
[0.016s][info][gc,init] Compressed Oops: Enabled (Zero based)
[0.016s][info][gc,init] Alignments: Space 512K, Generation 512K, Heap 2M
[0.016s][info][gc,init] Heap Min Capacity: 2M
[0.016s][info][gc,init] Heap Initial Capacity: 2M
[0.016s][info][gc,init] Heap Max Capacity: 14800M
[0.016s][info][gc,init] Pre-touch: Disabled
[0.016s][info][gc,init] Parallel Workers: 8
[0.017s][info][gc,metaspace] CDS archive(s) not mapped
[0.017s][info][gc,metaspace] Compressed class space mapped at: 0x0000000800000000-0x0000000840000000, reserved size: 1073741824
[0.017s][info][gc,metaspace] Narrow klass base: 0x0000000800000000, Narrow klass shift: 0, Narrow klass range: 0x40000000
[0.112s][info][gc,start    ] GC(0) Pause Young (Allocation Failure)
[0.113s][info][gc,heap     ] GC(0) PSYoungGen: 512K(1024K)->480K(1024K) Eden: 512K(512K)->0K(512K) From: 0K(512K)->480K(512K)
[0.113s][info][gc,heap     ] GC(0) ParOldGen: 0K(512K)->8K(512K)
[0.113s][info][gc,metaspace] GC(0) Metaspace: 4229K(4352K)->4229K(4352K) NonClass: 3908K(3968K)->3908K(3968K) Class: 321K(384K)->321K(384K)
[0.113s][info][gc          ] GC(0) Pause Young (Allocation Failure) 0M->0M(1M) 1.229ms
[0.113s][info][gc,cpu      ] GC(0) User=0.00s Sys=0.00s Real=0.00s
[0.172s][info][gc,start    ] GC(1) Pause Young (Allocation Failure)
[0.173s][info][gc,heap     ] GC(1) PSYoungGen: 991K(1024K)->496K(1536K) Eden: 511K(512K)->0K(1024K) From: 480K(512K)->496K(512K)
[0.173s][info][gc,heap     ] GC(1) ParOldGen: 8K(512K)->112K(512K)
[0.173s][info][gc,metaspace] GC(1) Metaspace: 5881K(6016K)->5881K(6016K) NonClass: 5384K(5504K)->5384K(5504K) Class: 496K(512K)->496K(512K)
[0.173s][info][gc          ] GC(1) Pause Young (Allocation Failure) 0M->0M(2M) 1.123ms
[0.173s][info][gc,cpu      ] GC(1) User=0.00s Sys=0.00s Real=0.00s
[0.193s][info][gc,start    ] GC(2) Pause Young (Allocation Failure)
[0.194s][info][gc,heap     ] GC(2) PSYoungGen: 1520K(1536K)->512K(1536K) Eden: 1024K(1024K)->0K(1024K) From: 496K(512K)->512K(512K)
[0.194s][info][gc,heap     ] GC(2) ParOldGen: 112K(512K)->504K(512K)
[0.194s][info][gc,metaspace] GC(2) Metaspace: 6299K(6464K)->6299K(6464K) NonClass: 5766K(5824K)->5766K(5824K) Class: 533K(640K)->533K(640K)
[0.194s][info][gc          ] GC(2) Pause Young (Allocation Failure) 1M->0M(2M) 1.157ms
[0.194s][info][gc,cpu      ] GC(2) User=0.00s Sys=0.00s Real=0.00s
[0.194s][info][gc,start    ] GC(3) Pause Full (Ergonomics)
[0.194s][info][gc,phases,start] GC(3) Marking Phase
[0.195s][info][gc,phases      ] GC(3) Marking Phase 0.935ms
[0.195s][info][gc,phases,start] GC(3) Summary Phase
[0.195s][info][gc,phases      ] GC(3) Summary Phase 0.013ms
[0.195s][info][gc,phases,start] GC(3) Adjust Roots
[0.195s][info][gc,phases      ] GC(3) Adjust Roots 0.319ms
[0.195s][info][gc,phases,start] GC(3) Compaction Phase
[0.197s][info][gc,phases      ] GC(3) Compaction Phase 1.620ms
[0.197s][info][gc,phases,start] GC(3) Post Compact
[0.197s][info][gc,phases      ] GC(3) Post Compact 0.071ms
[0.197s][info][gc,heap        ] GC(3) PSYoungGen: 512K(1536K)->511K(1536K) Eden: 0K(1024K)->0K(1024K) From: 512K(512K)->511K(512K)
[0.197s][info][gc,heap        ] GC(3) ParOldGen: 504K(512K)->469K(2048K)
[0.197s][info][gc,metaspace   ] GC(3) Metaspace: 6299K(6464K)->6299K(6464K) NonClass: 5766K(5824K)->5766K(5824K) Class: 533K(640K)->533K(640K)
[0.197s][info][gc             ] GC(3) Pause Full (Ergonomics) 0M->0M(3M) 3.193ms
[0.197s][info][gc,cpu         ] GC(3) User=0.00s Sys=0.00s Real=0.00s
[0.199s][info][gc,start       ] GC(4) Pause Young (Allocation Failure)
[0.200s][info][gc,heap        ] GC(4) PSYoungGen: 1535K(1536K)->480K(2560K) Eden: 1024K(1024K)->0K(2048K) From: 511K(512K)->480K(512K)
[0.200s][info][gc,heap        ] GC(4) ParOldGen: 469K(2048K)->1037K(2048K)
[0.200s][info][gc,metaspace   ] GC(4) Metaspace: 6299K(6464K)->6299K(6464K) NonClass: 5766K(5824K)->5766K(5824K) Class: 533K(640K)->533K(640K)
[0.200s][info][gc             ] GC(4) Pause Young (Allocation Failure) 1M->1M(4M) 1.517ms
[0.200s][info][gc,cpu         ] GC(4) User=0.00s Sys=0.00s Real=0.00s
[0.203s][info][gc,start       ] GC(5) Pause Young (Allocation Failure)
[0.205s][info][gc,heap        ] GC(5) PSYoungGen: 2528K(2560K)->480K(2560K) Eden: 2048K(2048K)->0K(2048K) From: 480K(512K)->480K(512K)
[0.205s][info][gc,heap        ] GC(5) ParOldGen: 1037K(2048K)->2109K(2560K)
[0.205s][info][gc,metaspace   ] GC(5) Metaspace: 6299K(6464K)->6299K(6464K) NonClass: 5766K(5824K)->5766K(5824K) Class: 533K(640K)->533K(640K)
[0.205s][info][gc             ] GC(5) Pause Young (Allocation Failure) 3M->2M(5M) 1.830ms
[0.205s][info][gc,cpu         ] GC(5) User=0.00s Sys=0.00s Real=0.00s
[0.205s][info][gc,start       ] GC(6) Pause Full (Ergonomics)
[0.205s][info][gc,phases,start] GC(6) Marking Phase
[0.207s][info][gc,phases      ] GC(6) Marking Phase 1.622ms
[0.207s][info][gc,phases,start] GC(6) Summary Phase
[0.207s][info][gc,phases      ] GC(6) Summary Phase 0.015ms
[0.207s][info][gc,phases,start] GC(6) Adjust Roots
[0.207s][info][gc,phases      ] GC(6) Adjust Roots 0.350ms
[0.207s][info][gc,phases,start] GC(6) Compaction Phase
[0.210s][info][gc,phases      ] GC(6) Compaction Phase 2.693ms
[0.210s][info][gc,phases,start] GC(6) Post Compact
[0.210s][info][gc,phases      ] GC(6) Post Compact 0.034ms
[0.210s][info][gc,heap        ] GC(6) PSYoungGen: 480K(2560K)->0K(4096K) Eden: 0K(2048K)->0K(3072K) From: 480K(512K)->0K(1024K)
[0.210s][info][gc,heap        ] GC(6) ParOldGen: 2109K(2560K)->2542K(6144K)
[0.210s][info][gc,metaspace   ] GC(6) Metaspace: 6299K(6464K)->6299K(6464K) NonClass: 5766K(5824K)->5766K(5824K) Class: 533K(640K)->533K(640K)
[0.210s][info][gc             ] GC(6) Pause Full (Ergonomics) 2M->2M(10M) 5.128ms
[0.210s][info][gc,cpu         ] GC(6) User=0.00s Sys=0.00s Real=0.00s
[0.215s][info][gc,start       ] GC(7) Pause Young (Allocation Failure)
[0.217s][info][gc,heap        ] GC(7) PSYoungGen: 3072K(4096K)->1664K(5120K) Eden: 3072K(3072K)->0K(3072K) From: 0K(1024K)->1664K(2048K)
[0.217s][info][gc,heap        ] GC(7) ParOldGen: 2542K(6144K)->2542K(6144K)
[0.217s][info][gc,metaspace   ] GC(7) Metaspace: 6299K(6464K)->6299K(6464K) NonClass: 5766K(5824K)->5766K(5824K) Class: 533K(640K)->533K(640K)
[0.217s][info][gc             ] GC(7) Pause Young (Allocation Failure) 5M->4M(11M) 1.994ms
[0.217s][info][gc,cpu         ] GC(7) User=0.00s Sys=0.00s Real=0.00s
[0.222s][info][gc,start       ] GC(8) Pause Young (Allocation Failure)
[0.224s][info][gc,heap        ] GC(8) PSYoungGen: 4736K(5120K)->2016K(5632K) Eden: 3072K(3072K)->0K(3584K) From: 1664K(2048K)->2016K(2048K)
[0.224s][info][gc,heap        ] GC(8) ParOldGen: 2542K(6144K)->3774K(6144K)
[0.225s][info][gc,metaspace   ] GC(8) Metaspace: 6299K(6464K)->6299K(6464K) NonClass: 5766K(5824K)->5766K(5824K) Class: 533K(640K)->533K(640K)
[0.225s][info][gc             ] GC(8) Pause Young (Allocation Failure) 7M->5M(11M) 2.953ms
[0.225s][info][gc,cpu         ] GC(8) User=0.00s Sys=0.00s Real=0.00s
[0.231s][info][gc,start       ] GC(9) Pause Young (Allocation Failure)
[0.235s][info][gc,heap        ] GC(9) PSYoungGen: 5600K(5632K)->3040K(6656K) Eden: 3584K(3584K)->0K(3584K) From: 2016K(2048K)->3040K(3072K)
[0.235s][info][gc,heap        ] GC(9) ParOldGen: 3774K(6144K)->4614K(6144K)
[0.235s][info][gc,metaspace   ] GC(9) Metaspace: 6299K(6464K)->6299K(6464K) NonClass: 5766K(5824K)->5766K(5824K) Class: 533K(640K)->533K(640K)
[0.235s][info][gc             ] GC(9) Pause Young (Allocation Failure) 9M->7M(12M) 3.893ms
[0.235s][info][gc,cpu         ] GC(9) User=0.00s Sys=0.00s Real=0.00s
[0.239s][info][gc,start       ] GC(10) Pause Young (Allocation Failure)
[0.243s][info][gc,heap        ] GC(10) PSYoungGen: 6624K(6656K)->4064K(8704K) Eden: 3584K(3584K)->0K(4608K) From: 3040K(3072K)->4064K(4096K)
[0.243s][info][gc,heap        ] GC(10) ParOldGen: 4614K(6144K)->5454K(6144K)
[0.243s][info][gc,metaspace   ] GC(10) Metaspace: 6299K(6464K)->6299K(6464K) NonClass: 5766K(5824K)->5766K(5824K) Class: 533K(640K)->533K(640K)
[0.243s][info][gc             ] GC(10) Pause Young (Allocation Failure) 10M->9M(14M) 4.082ms
[0.243s][info][gc,cpu         ] GC(10) User=0.00s Sys=0.00s Real=0.00s
[0.243s][info][gc,start       ] GC(11) Pause Full (Ergonomics)
[0.243s][info][gc,phases,start] GC(11) Marking Phase
[0.248s][info][gc,phases      ] GC(11) Marking Phase 4.820ms
[0.248s][info][gc,phases,start] GC(11) Summary Phase
[0.248s][info][gc,phases      ] GC(11) Summary Phase 0.017ms
[0.248s][info][gc,phases,start] GC(11) Adjust Roots
[0.248s][info][gc,phases      ] GC(11) Adjust Roots 0.362ms
[0.248s][info][gc,phases,start] GC(11) Compaction Phase
[0.256s][info][gc,phases      ] GC(11) Compaction Phase 7.602ms
[0.256s][info][gc,phases,start] GC(11) Post Compact
[0.256s][info][gc,phases      ] GC(11) Post Compact 0.040ms
[0.256s][info][gc,heap        ] GC(11) PSYoungGen: 4064K(8704K)->3545K(8704K) Eden: 0K(4608K)->0K(4608K) From: 4064K(4096K)->3545K(4096K)
[0.256s][info][gc,heap        ] GC(11) ParOldGen: 5454K(6144K)->5831K(10752K)
[0.256s][info][gc,metaspace   ] GC(11) Metaspace: 6299K(6464K)->6299K(6464K) NonClass: 5766K(5824K)->5766K(5824K) Class: 533K(640K)->533K(640K)
[0.256s][info][gc             ] GC(11) Pause Full (Ergonomics) 9M->9M(19M) 13.189ms
[0.256s][info][gc,cpu         ] GC(11) User=0.00s Sys=0.00s Real=0.01s
[0.261s][info][gc,start       ] GC(12) Pause Young (Allocation Failure)
[0.266s][info][gc,heap        ] GC(12) PSYoungGen: 8013K(8704K)->5088K(9728K) Eden: 4468K(4608K)->0K(4608K) From: 3545K(4096K)->5088K(5120K)
[0.266s][info][gc,heap        ] GC(12) ParOldGen: 5831K(10752K)->6615K(10752K)
[0.266s][info][gc,metaspace   ] GC(12) Metaspace: 6299K(6464K)->6299K(6464K) NonClass: 5766K(5824K)->5766K(5824K) Class: 533K(640K)->533K(640K)
[0.266s][info][gc             ] GC(12) Pause Young (Allocation Failure) 13M->11M(20M) 5.316ms
[0.266s][info][gc,cpu         ] GC(12) User=0.00s Sys=0.00s Real=0.00s
[0.271s][info][gc,start       ] GC(13) Pause Young (Allocation Failure)
[0.278s][info][gc,heap        ] GC(13) PSYoungGen: 9696K(9728K)->6112K(11264K) Eden: 4608K(4608K)->0K(5120K) From: 5088K(5120K)->6112K(6144K)
[0.278s][info][gc,heap        ] GC(13) ParOldGen: 6615K(10752K)->7983K(10752K)
[0.278s][info][gc,metaspace   ] GC(13) Metaspace: 6299K(6464K)->6299K(6464K) NonClass: 5766K(5824K)->5766K(5824K) Class: 533K(640K)->533K(640K)
[0.278s][info][gc             ] GC(13) Pause Young (Allocation Failure) 15M->13M(21M) 6.344ms
[0.278s][info][gc,cpu         ] GC(13) User=0.00s Sys=0.00s Real=0.01s
[0.282s][info][gc,start       ] GC(14) Pause Young (Allocation Failure)
[0.287s][info][gc,heap        ] GC(14) PSYoungGen: 11232K(11264K)->5216K(12800K) Eden: 5120K(5120K)->0K(5120K) From: 6112K(6144K)->5216K(7680K)
[0.287s][info][gc,heap        ] GC(14) ParOldGen: 7983K(10752K)->11599K(11776K)
[0.287s][info][gc,metaspace   ] GC(14) Metaspace: 6301K(6464K)->6301K(6464K) NonClass: 5768K(5824K)->5768K(5824K) Class: 533K(640K)->533K(640K)
[0.287s][info][gc             ] GC(14) Pause Young (Allocation Failure) 18M->16M(24M) 5.535ms
[0.287s][info][gc,cpu         ] GC(14) User=0.02s Sys=0.00s Real=0.01s
[0.287s][info][gc,start       ] GC(15) Pause Full (Ergonomics)
[0.287s][info][gc,phases,start] GC(15) Marking Phase
[0.295s][info][gc,phases      ] GC(15) Marking Phase 7.511ms
[0.295s][info][gc,phases,start] GC(15) Summary Phase
[0.295s][info][gc,phases      ] GC(15) Summary Phase 0.014ms
[0.295s][info][gc,phases,start] GC(15) Adjust Roots
[0.295s][info][gc,phases      ] GC(15) Adjust Roots 0.214ms
[0.295s][info][gc,phases,start] GC(15) Compaction Phase
[0.301s][info][gc,phases      ] GC(15) Compaction Phase 6.105ms
[0.301s][info][gc,phases,start] GC(15) Post Compact
[0.301s][info][gc,phases      ] GC(15) Post Compact 0.066ms
[0.302s][info][gc,heap        ] GC(15) PSYoungGen: 5216K(12800K)->5169K(12800K) Eden: 0K(5120K)->0K(5120K) From: 5216K(7680K)->5169K(7680K)
[0.302s][info][gc,heap        ] GC(15) ParOldGen: 11599K(11776K)->11481K(18432K)
[0.302s][info][gc,metaspace   ] GC(15) Metaspace: 6301K(6464K)->6301K(6464K) NonClass: 5768K(5824K)->5768K(5824K) Class: 533K(640K)->533K(640K)
[0.302s][info][gc             ] GC(15) Pause Full (Ergonomics) 16M->16M(30M) 14.201ms
[0.302s][info][gc,cpu         ] GC(15) User=0.00s Sys=0.00s Real=0.01s
[0.305s][info][gc,start       ] GC(16) Pause Young (Allocation Failure)
[0.311s][info][gc,heap        ] GC(16) PSYoungGen: 10289K(12800K)->2688K(14336K) Eden: 5120K(5120K)->0K(7168K) From: 5169K(7680K)->2688K(7168K)
[0.311s][info][gc,heap        ] GC(16) ParOldGen: 11481K(18432K)->16737K(18432K)
[0.311s][info][gc,metaspace   ] GC(16) Metaspace: 6301K(6464K)->6301K(6464K) NonClass: 5768K(5824K)->5768K(5824K) Class: 533K(640K)->533K(640K)
[0.311s][info][gc             ] GC(16) Pause Young (Allocation Failure) 21M->18M(32M) 6.488ms
[0.311s][info][gc,cpu         ] GC(16) User=0.00s Sys=0.00s Real=0.01s
[0.311s][info][gc,start       ] GC(17) Pause Full (Ergonomics)
[0.311s][info][gc,phases,start] GC(17) Marking Phase
[0.320s][info][gc,phases      ] GC(17) Marking Phase 8.261ms
[0.320s][info][gc,phases,start] GC(17) Summary Phase
[0.320s][info][gc,phases      ] GC(17) Summary Phase 0.014ms
[0.320s][info][gc,phases,start] GC(17) Adjust Roots
[0.320s][info][gc,phases      ] GC(17) Adjust Roots 0.217ms
[0.320s][info][gc,phases,start] GC(17) Compaction Phase
[0.326s][info][gc,phases      ] GC(17) Compaction Phase 5.781ms
[0.326s][info][gc,phases,start] GC(17) Post Compact
[0.326s][info][gc,phases      ] GC(17) Post Compact 0.083ms
[0.326s][info][gc,heap        ] GC(17) PSYoungGen: 2688K(14336K)->1105K(14848K) Eden: 0K(7168K)->0K(7680K) From: 2688K(7168K)->1105K(7168K)
[0.326s][info][gc,heap        ] GC(17) ParOldGen: 16737K(18432K)->18183K(27648K)
[0.326s][info][gc,metaspace   ] GC(17) Metaspace: 6301K(6464K)->6301K(6464K) NonClass: 5768K(5824K)->5768K(5824K) Class: 533K(640K)->533K(640K)
[0.326s][info][gc             ] GC(17) Pause Full (Ergonomics) 18M->18M(41M) 14.766ms
[0.326s][info][gc,cpu         ] GC(17) User=0.00s Sys=0.00s Real=0.01s
[0.330s][info][gc,start       ] GC(18) Pause Young (Allocation Failure)
[0.335s][info][gc,heap        ] GC(18) PSYoungGen: 7799K(14848K)->3424K(15360K) Eden: 6694K(7680K)->0K(7680K) From: 1105K(7168K)->3424K(7680K)
[0.335s][info][gc,heap        ] GC(18) ParOldGen: 18183K(27648K)->19319K(27648K)
[0.335s][info][gc,metaspace   ] GC(18) Metaspace: 6301K(6464K)->6301K(6464K) NonClass: 5768K(5824K)->5768K(5824K) Class: 533K(640K)->533K(640K)
[0.335s][info][gc             ] GC(18) Pause Young (Allocation Failure) 25M->22M(42M) 5.101ms
[0.335s][info][gc,cpu         ] GC(18) User=0.00s Sys=0.00s Real=0.01s
[0.343s][info][gc,start       ] GC(19) Pause Young (Allocation Failure)
[0.350s][info][gc,heap        ] GC(19) PSYoungGen: 11103K(15360K)->4480K(17920K) Eden: 7679K(7680K)->0K(10240K) From: 3424K(7680K)->4480K(7680K)
[0.350s][info][gc,heap        ] GC(19) ParOldGen: 19319K(27648K)->22767K(27648K)
[0.350s][info][gc,metaspace   ] GC(19) Metaspace: 6301K(6464K)->6301K(6464K) NonClass: 5768K(5824K)->5768K(5824K) Class: 533K(640K)->533K(640K)
[0.350s][info][gc             ] GC(19) Pause Young (Allocation Failure) 29M->26M(44M) 6.963ms
[0.350s][info][gc,cpu         ] GC(19) User=0.00s Sys=0.00s Real=0.01s
[0.356s][info][gc,start       ] GC(20) Pause Young (Allocation Failure)
[0.363s][info][gc,heap        ] GC(20) PSYoungGen: 14720K(17920K)->5344K(17920K) Eden: 10240K(10240K)->0K(10240K) From: 4480K(7680K)->5344K(7680K)
[0.363s][info][gc,heap        ] GC(20) ParOldGen: 22767K(27648K)->27295K(27648K)
[0.363s][info][gc,metaspace   ] GC(20) Metaspace: 6301K(6464K)->6301K(6464K) NonClass: 5768K(5824K)->5768K(5824K) Class: 533K(640K)->533K(640K)
[0.363s][info][gc             ] GC(20) Pause Young (Allocation Failure) 36M->31M(44M) 7.222ms
[0.363s][info][gc,cpu         ] GC(20) User=0.00s Sys=0.00s Real=0.01s
[0.363s][info][gc,start       ] GC(21) Pause Full (Ergonomics)
[0.363s][info][gc,phases,start] GC(21) Marking Phase
[0.376s][info][gc,phases      ] GC(21) Marking Phase 12.944ms
[0.376s][info][gc,phases,start] GC(21) Summary Phase
[0.376s][info][gc,phases      ] GC(21) Summary Phase 0.019ms
[0.376s][info][gc,phases,start] GC(21) Adjust Roots
[0.377s][info][gc,phases      ] GC(21) Adjust Roots 0.159ms
[0.377s][info][gc,phases,start] GC(21) Compaction Phase
[0.389s][info][gc,phases      ] GC(21) Compaction Phase 12.033ms
[0.389s][info][gc,phases,start] GC(21) Post Compact
[0.389s][info][gc,phases      ] GC(21) Post Compact 0.141ms
[0.389s][info][gc,heap        ] GC(21) PSYoungGen: 5344K(17920K)->4779K(17920K) Eden: 0K(10240K)->0K(10240K) From: 5344K(7680K)->4779K(7680K)
[0.389s][info][gc,heap        ] GC(21) ParOldGen: 27295K(27648K)->27140K(38912K)
[0.389s][info][gc,metaspace   ] GC(21) Metaspace: 6301K(6464K)->6301K(6464K) NonClass: 5768K(5824K)->5768K(5824K) Class: 533K(640K)->533K(640K)
[0.389s][info][gc             ] GC(21) Pause Full (Ergonomics) 31M->31M(55M) 25.793ms
[0.389s][info][gc,cpu         ] GC(21) User=0.00s Sys=0.00s Real=0.03s
[0.399s][info][gc,start       ] GC(22) Pause Young (Allocation Failure)
[0.411s][info][gc,heap        ] GC(22) PSYoungGen: 15019K(17920K)->8192K(17920K) Eden: 10240K(10240K)->0K(9728K) From: 4779K(7680K)->8192K(8192K)
[0.411s][info][gc,heap        ] GC(22) ParOldGen: 27140K(38912K)->32956K(38912K)
[0.411s][info][gc,metaspace   ] GC(22) Metaspace: 6301K(6464K)->6301K(6464K) NonClass: 5768K(5824K)->5768K(5824K) Class: 533K(640K)->533K(640K)
[0.411s][info][gc             ] GC(22) Pause Young (Allocation Failure) 41M->40M(55M) 12.257ms
[0.411s][info][gc,cpu         ] GC(22) User=0.00s Sys=0.00s Real=0.01s
[0.411s][info][gc,start       ] GC(23) Pause Full (Ergonomics)
[0.411s][info][gc,phases,start] GC(23) Marking Phase
[0.427s][info][gc,phases      ] GC(23) Marking Phase 16.452ms
[0.427s][info][gc,phases,start] GC(23) Summary Phase
[0.427s][info][gc,phases      ] GC(23) Summary Phase 0.015ms
[0.427s][info][gc,phases,start] GC(23) Adjust Roots
[0.428s][info][gc,phases      ] GC(23) Adjust Roots 0.155ms
[0.428s][info][gc,phases,start] GC(23) Compaction Phase
[0.438s][info][gc,phases      ] GC(23) Compaction Phase 10.238ms
[0.438s][info][gc,phases,start] GC(23) Post Compact
[0.438s][info][gc,phases      ] GC(23) Post Compact 0.174ms
[0.438s][info][gc,heap        ] GC(23) PSYoungGen: 8192K(17920K)->2555K(17920K) Eden: 0K(9728K)->0K(9728K) From: 8192K(8192K)->2555K(8192K)
[0.438s][info][gc,heap        ] GC(23) ParOldGen: 32956K(38912K)->38481K(52736K)
[0.438s][info][gc,metaspace   ] GC(23) Metaspace: 6301K(6464K)->6301K(6464K) NonClass: 5768K(5824K)->5768K(5824K) Class: 533K(640K)->533K(640K)
[0.438s][info][gc             ] GC(23) Pause Full (Ergonomics) 40M->40M(69M) 27.340ms
[0.438s][info][gc,cpu         ] GC(23) User=0.03s Sys=0.00s Real=0.03s
[0.452s][info][gc,start       ] GC(24) Pause Young (Allocation Failure)
[0.463s][info][gc,heap        ] GC(24) PSYoungGen: 12283K(17920K)->9760K(20992K) Eden: 9728K(9728K)->0K(9728K) From: 2555K(8192K)->9760K(11264K)
[0.463s][info][gc,heap        ] GC(24) ParOldGen: 38481K(52736K)->41081K(52736K)
[0.463s][info][gc,metaspace   ] GC(24) Metaspace: 6301K(6464K)->6301K(6464K) NonClass: 5768K(5824K)->5768K(5824K) Class: 533K(640K)->533K(640K)
[0.463s][info][gc             ] GC(24) Pause Young (Allocation Failure) 49M->49M(72M) 11.403ms
[0.463s][info][gc,cpu         ] GC(24) User=0.00s Sys=0.00s Real=0.01s
[0.472s][info][gc,start       ] GC(25) Pause Young (Allocation Failure)
[0.485s][info][gc,heap        ] GC(25) PSYoungGen: 19488K(20992K)->12768K(19968K) Eden: 9728K(9728K)->0K(7168K) From: 9760K(11264K)->12768K(12800K)
[0.485s][info][gc,heap        ] GC(25) ParOldGen: 41081K(52736K)->47857K(52736K)
[0.485s][info][gc,metaspace   ] GC(25) Metaspace: 6301K(6464K)->6301K(6464K) NonClass: 5768K(5824K)->5768K(5824K) Class: 533K(640K)->533K(640K)
[0.485s][info][gc             ] GC(25) Pause Young (Allocation Failure) 59M->59M(71M) 13.198ms
[0.485s][info][gc,cpu         ] GC(25) User=0.00s Sys=0.00s Real=0.01s
[0.485s][info][gc,start       ] GC(26) Pause Full (Ergonomics)
[0.485s][info][gc,phases,start] GC(26) Marking Phase
[0.508s][info][gc,phases      ] GC(26) Marking Phase 22.661ms
[0.508s][info][gc,phases,start] GC(26) Summary Phase
[0.508s][info][gc,phases      ] GC(26) Summary Phase 0.020ms
[0.508s][info][gc,phases,start] GC(26) Adjust Roots
[0.508s][info][gc,phases      ] GC(26) Adjust Roots 0.160ms
[0.508s][info][gc,phases,start] GC(26) Compaction Phase
[0.527s][info][gc,phases      ] GC(26) Compaction Phase 18.521ms
[0.527s][info][gc,phases,start] GC(26) Post Compact
[0.527s][info][gc,phases      ] GC(26) Post Compact 0.204ms
[0.527s][info][gc,heap        ] GC(26) PSYoungGen: 12768K(19968K)->8148K(19968K) Eden: 0K(7168K)->0K(7168K) From: 12768K(12800K)->8148K(12800K)
[0.527s][info][gc,heap        ] GC(26) ParOldGen: 47857K(52736K)->51267K(68096K)
[0.527s][info][gc,metaspace   ] GC(26) Metaspace: 6301K(6464K)->6301K(6464K) NonClass: 5768K(5824K)->5768K(5824K) Class: 533K(640K)->533K(640K)
[0.527s][info][gc             ] GC(26) Pause Full (Ergonomics) 59M->58M(86M) 41.956ms
[0.527s][info][gc,cpu         ] GC(26) User=0.05s Sys=0.00s Real=0.04s
[0.535s][info][gc,start       ] GC(27) Pause Young (Allocation Failure)
[0.548s][info][gc,heap        ] GC(27) PSYoungGen: 15316K(19968K)->7200K(24576K) Eden: 7168K(7168K)->0K(7168K) From: 8148K(12800K)->7200K(17408K)
[0.548s][info][gc,heap        ] GC(27) ParOldGen: 51267K(68096K)->59515K(68096K)
[0.548s][info][gc,metaspace   ] GC(27) Metaspace: 6301K(6464K)->6301K(6464K) NonClass: 5768K(5824K)->5768K(5824K) Class: 533K(640K)->533K(640K)
[0.548s][info][gc             ] GC(27) Pause Young (Allocation Failure) 65M->65M(90M) 12.899ms
[0.548s][info][gc,cpu         ] GC(27) User=0.00s Sys=0.00s Real=0.01s
[0.548s][info][gc,start       ] GC(28) Pause Full (Ergonomics)
[0.548s][info][gc,phases,start] GC(28) Marking Phase
[0.573s][info][gc,phases      ] GC(28) Marking Phase 25.335ms
[0.573s][info][gc,phases,start] GC(28) Summary Phase
[0.573s][info][gc,phases      ] GC(28) Summary Phase 0.022ms
[0.573s][info][gc,phases,start] GC(28) Adjust Roots
[0.573s][info][gc,phases      ] GC(28) Adjust Roots 0.166ms
[0.573s][info][gc,phases,start] GC(28) Compaction Phase
[0.590s][info][gc,phases      ] GC(28) Compaction Phase 16.612ms
[0.590s][info][gc,phases,start] GC(28) Post Compact
[0.590s][info][gc,phases      ] GC(28) Post Compact 0.197ms
[0.590s][info][gc,heap        ] GC(28) PSYoungGen: 7200K(24576K)->0K(25088K) Eden: 0K(7168K)->0K(8704K) From: 7200K(17408K)->0K(16384K)
[0.590s][info][gc,heap        ] GC(28) ParOldGen: 59515K(68096K)->66554K(86528K)
[0.590s][info][gc,metaspace   ] GC(28) Metaspace: 6301K(6464K)->6301K(6464K) NonClass: 5768K(5824K)->5768K(5824K) Class: 533K(640K)->533K(640K)
[0.590s][info][gc             ] GC(28) Pause Full (Ergonomics) 65M->64M(109M) 42.709ms
[0.590s][info][gc,cpu         ] GC(28) User=0.03s Sys=0.02s Real=0.04s
[0.599s][info][gc,start       ] GC(29) Pause Young (Allocation Failure)
[0.605s][info][gc,heap        ] GC(29) PSYoungGen: 8704K(25088K)->8736K(25088K) Eden: 8704K(8704K)->0K(8704K) From: 0K(16384K)->8736K(16384K)
[0.605s][info][gc,heap        ] GC(29) ParOldGen: 66554K(86528K)->66554K(86528K)
[0.605s][info][gc,metaspace   ] GC(29) Metaspace: 6301K(6464K)->6301K(6464K) NonClass: 5768K(5824K)->5768K(5824K) Class: 533K(640K)->533K(640K)
[0.605s][info][gc             ] GC(29) Pause Young (Allocation Failure) 73M->73M(109M) 6.342ms
[0.605s][info][gc,cpu         ] GC(29) User=0.00s Sys=0.00s Real=0.01s
[0.616s][info][gc,start       ] GC(30) Pause Young (Allocation Failure)
[0.628s][info][gc,heap        ] GC(30) PSYoungGen: 17440K(25088K)->16384K(23552K) Eden: 8704K(8704K)->0K(7168K) From: 8736K(16384K)->16384K(16384K)
[0.628s][info][gc,heap        ] GC(30) ParOldGen: 66554K(86528K)->67562K(86528K)
[0.628s][info][gc,metaspace   ] GC(30) Metaspace: 6301K(6464K)->6301K(6464K) NonClass: 5768K(5824K)->5768K(5824K) Class: 533K(640K)->533K(640K)
[0.628s][info][gc             ] GC(30) Pause Young (Allocation Failure) 82M->81M(107M) 12.014ms
[0.628s][info][gc,cpu         ] GC(30) User=0.02s Sys=0.00s Real=0.01s
[0.650s][info][gc,start       ] GC(31) Pause Young (Allocation Failure)
[0.667s][info][gc,heap        ] GC(31) PSYoungGen: 23552K(23552K)->15392K(26624K) Eden: 7168K(7168K)->0K(7168K) From: 16384K(16384K)->15392K(19456K)
[0.667s][info][gc,heap        ] GC(31) ParOldGen: 71658K(86528K)->79954K(86528K)
[0.667s][info][gc,metaspace   ] GC(31) Metaspace: 6301K(6464K)->6301K(6464K) NonClass: 5768K(5824K)->5768K(5824K) Class: 533K(640K)->533K(640K)
[0.667s][info][gc             ] GC(31) Pause Young (Allocation Failure) 92M->93M(110M) 17.649ms
[0.667s][info][gc,cpu         ] GC(31) User=0.03s Sys=0.00s Real=0.02s
[0.668s][info][gc,start       ] GC(32) Pause Full (Ergonomics)
[0.668s][info][gc,phases,start] GC(32) Marking Phase
[0.704s][info][gc,phases      ] GC(32) Marking Phase 36.755ms
[0.704s][info][gc,phases,start] GC(32) Summary Phase
[0.704s][info][gc,phases      ] GC(32) Summary Phase 0.018ms
[0.704s][info][gc,phases,start] GC(32) Adjust Roots
[0.705s][info][gc,phases      ] GC(32) Adjust Roots 0.166ms
[0.705s][info][gc,phases,start] GC(32) Compaction Phase
[0.730s][info][gc,phases      ] GC(32) Compaction Phase 25.252ms
[0.730s][info][gc,phases,start] GC(32) Post Compact
[0.730s][info][gc,phases      ] GC(32) Post Compact 0.279ms
[0.730s][info][gc,heap        ] GC(32) PSYoungGen: 15392K(26624K)->6640K(26624K) Eden: 0K(7168K)->0K(7168K) From: 15392K(19456K)->6640K(19456K)
[0.730s][info][gc,heap        ] GC(32) ParOldGen: 79954K(86528K)->86437K(109568K)
[0.730s][info][gc,metaspace   ] GC(32) Metaspace: 6301K(6464K)->6301K(6464K) NonClass: 5768K(5824K)->5768K(5824K) Class: 533K(640K)->533K(640K)
[0.730s][info][gc             ] GC(32) Pause Full (Ergonomics) 93M->90M(133M) 62.891ms
[0.730s][info][gc,cpu         ] GC(32) User=0.11s Sys=0.00s Real=0.06s
[0.737s][info][gc,start       ] GC(33) Pause Young (Allocation Failure)
[0.748s][info][gc,heap        ] GC(33) PSYoungGen: 13808K(26624K)->13888K(28672K) Eden: 7168K(7168K)->0K(7680K) From: 6640K(19456K)->13888K(20992K)
[0.748s][info][gc,heap        ] GC(33) ParOldGen: 86437K(109568K)->86437K(109568K)
[0.748s][info][gc,metaspace   ] GC(33) Metaspace: 6301K(6464K)->6301K(6464K) NonClass: 5768K(5824K)->5768K(5824K) Class: 533K(640K)->533K(640K)
[0.748s][info][gc             ] GC(33) Pause Young (Allocation Failure) 97M->97M(135M) 11.496ms
[0.748s][info][gc,cpu         ] GC(33) User=0.00s Sys=0.00s Real=0.01s
[0.754s][info][gc,start       ] GC(34) Pause Young (Allocation Failure)
[0.766s][info][gc,heap        ] GC(34) PSYoungGen: 21568K(28672K)->21536K(29696K) Eden: 7680K(7680K)->0K(7680K) From: 13888K(20992K)->21536K(22016K)
[0.766s][info][gc,heap        ] GC(34) ParOldGen: 86437K(109568K)->86437K(109568K)
[0.766s][info][gc,metaspace   ] GC(34) Metaspace: 6301K(6464K)->6301K(6464K) NonClass: 5768K(5824K)->5768K(5824K) Class: 533K(640K)->533K(640K)
[0.766s][info][gc             ] GC(34) Pause Young (Allocation Failure) 105M->105M(136M) 11.551ms
[0.766s][info][gc,cpu         ] GC(34) User=0.00s Sys=0.00s Real=0.01s
[0.773s][info][gc,start       ] GC(35) Pause Young (Allocation Failure)
[0.792s][info][gc,heap        ] GC(35) PSYoungGen: 29216K(29696K)->25088K(28672K) Eden: 7680K(7680K)->0K(3584K) From: 21536K(22016K)->25088K(25088K)
[0.792s][info][gc,heap        ] GC(35) ParOldGen: 86437K(109568K)->90557K(109568K)
[0.792s][info][gc,metaspace   ] GC(35) Metaspace: 6301K(6464K)->6301K(6464K) NonClass: 5768K(5824K)->5768K(5824K) Class: 533K(640K)->533K(640K)
[0.792s][info][gc             ] GC(35) Pause Young (Allocation Failure) 112M->112M(135M) 18.999ms
[0.792s][info][gc,cpu         ] GC(35) User=0.03s Sys=0.02s Real=0.02s
[0.795s][info][gc,start       ] GC(36) Pause Young (Allocation Failure)
[0.810s][info][gc,heap        ] GC(36) PSYoungGen: 28672K(28672K)->23744K(34304K) Eden: 3584K(3584K)->0K(3584K) From: 25088K(25088K)->23744K(30720K)
[0.810s][info][gc,heap        ] GC(36) ParOldGen: 90557K(109568K)->95597K(109568K)
[0.810s][info][gc,metaspace   ] GC(36) Metaspace: 6301K(6464K)->6301K(6464K) NonClass: 5768K(5824K)->5768K(5824K) Class: 533K(640K)->533K(640K)
[0.810s][info][gc             ] GC(36) Pause Young (Allocation Failure) 116M->116M(140M) 14.849ms
[0.810s][info][gc,cpu         ] GC(36) User=0.05s Sys=0.00s Real=0.02s
[0.814s][info][gc,start       ] GC(37) Pause Young (Allocation Failure)
[0.830s][info][gc,heap        ] GC(37) PSYoungGen: 27328K(34304K)->13408K(33792K) Eden: 3584K(3584K)->0K(4608K) From: 23744K(30720K)->13408K(29184K)
[0.830s][info][gc,heap        ] GC(37) ParOldGen: 95597K(109568K)->109669K(110080K)
[0.830s][info][gc,metaspace   ] GC(37) Metaspace: 6301K(6464K)->6301K(6464K) NonClass: 5768K(5824K)->5768K(5824K) Class: 533K(640K)->533K(640K)
[0.830s][info][gc             ] GC(37) Pause Young (Allocation Failure) 120M->120M(140M) 16.120ms
[0.830s][info][gc,cpu         ] GC(37) User=0.00s Sys=0.00s Real=0.02s
[0.830s][info][gc,start       ] GC(38) Pause Full (Ergonomics)
[0.830s][info][gc,phases,start] GC(38) Marking Phase
[0.866s][info][gc,phases      ] GC(38) Marking Phase 36.319ms
[0.866s][info][gc,phases,start] GC(38) Summary Phase
[0.866s][info][gc,phases      ] GC(38) Summary Phase 0.017ms
[0.866s][info][gc,phases,start] GC(38) Adjust Roots
[0.866s][info][gc,phases      ] GC(38) Adjust Roots 0.150ms
[0.866s][info][gc,phases,start] GC(38) Compaction Phase
[0.890s][info][gc,phases      ] GC(38) Compaction Phase 23.044ms
[0.890s][info][gc,phases,start] GC(38) Post Compact
[0.890s][info][gc,phases      ] GC(38) Post Compact 0.665ms
[0.890s][info][gc,heap        ] GC(38) PSYoungGen: 13408K(33792K)->12838K(34816K) Eden: 0K(4608K)->0K(5632K) From: 13408K(29184K)->12838K(29184K)
[0.891s][info][gc,heap        ] GC(38) ParOldGen: 109669K(110080K)->109787K(137216K)
[0.891s][info][gc,metaspace   ] GC(38) Metaspace: 6301K(6464K)->6301K(6464K) NonClass: 5768K(5824K)->5768K(5824K) Class: 533K(640K)->533K(640K)
[0.891s][info][gc             ] GC(38) Pause Full (Ergonomics) 120M->119M(168M) 60.659ms
[0.891s][info][gc,cpu         ] GC(38) User=0.19s Sys=0.00s Real=0.06s
[0.896s][info][gc,start       ] GC(39) Pause Young (Allocation Failure)
[0.912s][info][gc,heap        ] GC(39) PSYoungGen: 18470K(34816K)->9088K(36864K) Eden: 5632K(5632K)->0K(5632K) From: 12838K(29184K)->9088K(31232K)
[0.912s][info][gc,heap        ] GC(39) ParOldGen: 109787K(137216K)->119403K(137216K)
[0.912s][info][gc,metaspace   ] GC(39) Metaspace: 6301K(6464K)->6301K(6464K) NonClass: 5768K(5824K)->5768K(5824K) Class: 533K(640K)->533K(640K)
[0.912s][info][gc             ] GC(39) Pause Young (Allocation Failure) 125M->125M(170M) 15.896ms
[0.912s][info][gc,cpu         ] GC(39) User=0.02s Sys=0.00s Real=0.02s
[0.917s][info][gc,start       ] GC(40) Pause Young (Allocation Failure)
[0.926s][info][gc,heap        ] GC(40) PSYoungGen: 14720K(36864K)->5664K(36352K) Eden: 5632K(5632K)->0K(7168K) From: 9088K(31232K)->5664K(29184K)
[0.926s][info][gc,heap        ] GC(40) ParOldGen: 119403K(137216K)->128539K(137216K)
[0.926s][info][gc,metaspace   ] GC(40) Metaspace: 6301K(6464K)->6301K(6464K) NonClass: 5768K(5824K)->5768K(5824K) Class: 533K(640K)->533K(640K)
[0.926s][info][gc             ] GC(40) Pause Young (Allocation Failure) 130M->131M(169M) 8.864ms
[0.926s][info][gc,cpu         ] GC(40) User=0.00s Sys=0.00s Real=0.01s
[0.926s][info][gc,start       ] GC(41) Pause Full (Ergonomics)
[0.926s][info][gc,phases,start] GC(41) Marking Phase
[0.958s][info][gc,phases      ] GC(41) Marking Phase 31.941ms
[0.958s][info][gc,phases,start] GC(41) Summary Phase
[0.958s][info][gc,phases      ] GC(41) Summary Phase 0.016ms
[0.958s][info][gc,phases,start] GC(41) Adjust Roots
[0.958s][info][gc,phases      ] GC(41) Adjust Roots 0.141ms
[0.958s][info][gc,phases,start] GC(41) Compaction Phase
[0.974s][info][gc,phases      ] GC(41) Compaction Phase 15.746ms
[0.974s][info][gc,phases,start] GC(41) Post Compact
[0.975s][info][gc,phases      ] GC(41) Post Compact 0.604ms
[0.975s][info][gc,heap        ] GC(41) PSYoungGen: 5664K(36352K)->0K(36864K) Eden: 0K(7168K)->0K(7168K) From: 5664K(29184K)->0K(29696K)
[0.975s][info][gc,heap        ] GC(41) ParOldGen: 128539K(137216K)->133831K(164864K)
[0.975s][info][gc,metaspace   ] GC(41) Metaspace: 6301K(6464K)->6301K(6464K) NonClass: 5768K(5824K)->5768K(5824K) Class: 533K(640K)->533K(640K)
[0.975s][info][gc             ] GC(41) Pause Full (Ergonomics) 131M->130M(197M) 48.951ms
[0.975s][info][gc,cpu         ] GC(41) User=0.08s Sys=0.00s Real=0.05s
[0.982s][info][gc,start       ] GC(42) Pause Young (Allocation Failure)
[0.986s][info][gc,heap        ] GC(42) PSYoungGen: 7168K(36864K)->7232K(36352K) Eden: 7168K(7168K)->0K(8704K) From: 0K(29696K)->7232K(27648K)
[0.986s][info][gc,heap        ] GC(42) ParOldGen: 133831K(164864K)->133831K(164864K)
[0.986s][info][gc,metaspace   ] GC(42) Metaspace: 6301K(6464K)->6301K(6464K) NonClass: 5768K(5824K)->5768K(5824K) Class: 533K(640K)->533K(640K)
[0.987s][info][gc             ] GC(42) Pause Young (Allocation Failure) 137M->137M(196M) 4.707ms
[0.987s][info][gc,cpu         ] GC(42) User=0.00s Sys=0.00s Real=0.00s
[0.996s][info][gc,start       ] GC(43) Pause Young (Allocation Failure)
[1.004s][info][gc,heap        ] GC(43) PSYoungGen: 15936K(36352K)->15904K(37376K) Eden: 8704K(8704K)->0K(8704K) From: 7232K(27648K)->15904K(28672K)
[1.004s][info][gc,heap        ] GC(43) ParOldGen: 133831K(164864K)->133831K(164864K)
[1.004s][info][gc,metaspace   ] GC(43) Metaspace: 6301K(6464K)->6301K(6464K) NonClass: 5768K(5824K)->5768K(5824K) Class: 533K(640K)->533K(640K)
[1.004s][info][gc             ] GC(43) Pause Young (Allocation Failure) 146M->146M(197M) 7.857ms
[1.004s][info][gc,cpu         ] GC(43) User=0.00s Sys=0.00s Real=0.01s
[1.013s][info][gc,start       ] GC(44) Pause Young (Allocation Failure)
[1.026s][info][gc,heap        ] GC(44) PSYoungGen: 24608K(37376K)->24608K(35840K) Eden: 8704K(8704K)->0K(7168K) From: 15904K(28672K)->24608K(28672K)
[1.026s][info][gc,heap        ] GC(44) ParOldGen: 133831K(164864K)->133831K(164864K)
[1.026s][info][gc,metaspace   ] GC(44) Metaspace: 6301K(6464K)->6301K(6464K) NonClass: 5768K(5824K)->5768K(5824K) Class: 533K(640K)->533K(640K)
[1.026s][info][gc             ] GC(44) Pause Young (Allocation Failure) 154M->154M(196M) 13.689ms
[1.026s][info][gc,cpu         ] GC(44) User=0.00s Sys=0.00s Real=0.01s
[1.033s][info][gc,start       ] GC(45) Pause Young (Allocation Failure)
[1.048s][info][gc,heap        ] GC(45) PSYoungGen: 31776K(35840K)->24608K(38912K) Eden: 7168K(7168K)->0K(7168K) From: 24608K(28672K)->24608K(31744K)
[1.048s][info][gc,heap        ] GC(45) ParOldGen: 133831K(164864K)->141103K(164864K)
[1.048s][info][gc,metaspace   ] GC(45) Metaspace: 6301K(6464K)->6301K(6464K) NonClass: 5768K(5824K)->5768K(5824K) Class: 533K(640K)->533K(640K)
[1.048s][info][gc             ] GC(45) Pause Young (Allocation Failure) 161M->161M(199M) 14.700ms
[1.048s][info][gc,cpu         ] GC(45) User=0.00s Sys=0.00s Real=0.01s
[1.055s][info][gc,start       ] GC(46) Pause Young (Allocation Failure)
[1.070s][info][gc,heap        ] GC(46) PSYoungGen: 31776K(38912K)->23072K(40960K) Eden: 7168K(7168K)->0K(7168K) From: 24608K(31744K)->23072K(33792K)
[1.070s][info][gc,heap        ] GC(46) ParOldGen: 141103K(164864K)->149919K(164864K)
[1.070s][info][gc,metaspace   ] GC(46) Metaspace: 6301K(6464K)->6301K(6464K) NonClass: 5768K(5824K)->5768K(5824K) Class: 533K(640K)->533K(640K)
[1.070s][info][gc             ] GC(46) Pause Young (Allocation Failure) 168M->168M(201M) 14.831ms
[1.070s][info][gc,cpu         ] GC(46) User=0.00s Sys=0.00s Real=0.02s
[1.102s][info][gc,start       ] GC(47) Pause Full (Ergonomics)
[1.102s][info][gc,phases,start] GC(47) Marking Phase
[1.146s][info][gc,phases      ] GC(47) Marking Phase 44.209ms
[1.146s][info][gc,phases,start] GC(47) Summary Phase
[1.146s][info][gc,phases      ] GC(47) Summary Phase 0.017ms
[1.146s][info][gc,phases,start] GC(47) Adjust Roots
[1.146s][info][gc,phases      ] GC(47) Adjust Roots 0.155ms
[1.146s][info][gc,phases,start] GC(47) Compaction Phase
[1.185s][info][gc,phases      ] GC(47) Compaction Phase 38.153ms
[1.185s][info][gc,phases,start] GC(47) Post Compact
[1.185s][info][gc,phases      ] GC(47) Post Compact 0.746ms
[1.186s][info][gc,heap        ] GC(47) PSYoungGen: 30240K(40960K)->19372K(40960K) Eden: 7168K(7168K)->0K(7168K) From: 23072K(33792K)->19372K(33792K)
[1.186s][info][gc,heap        ] GC(47) ParOldGen: 158111K(164864K)->164456K(197632K)
[1.186s][info][gc,metaspace   ] GC(47) Metaspace: 6301K(6464K)->6301K(6464K) NonClass: 5768K(5824K)->5768K(5824K) Class: 533K(640K)->533K(640K)
[1.186s][info][gc             ] GC(47) Pause Full (Ergonomics) 183M->179M(233M) 83.794ms
[1.186s][info][gc,cpu         ] GC(47) User=0.20s Sys=0.00s Real=0.08s
[1.194s][info][gc,start       ] GC(48) Pause Young (Allocation Failure)
[1.215s][info][gc,heap        ] GC(48) PSYoungGen: 26540K(40960K)->13504K(20992K) Eden: 7168K(7168K)->0K(7168K) From: 19372K(33792K)->13504K(13824K)
[1.215s][info][gc,heap        ] GC(48) ParOldGen: 164456K(197632K)->177776K(197632K)
[1.215s][info][gc,metaspace   ] GC(48) Metaspace: 6301K(6464K)->6301K(6464K) NonClass: 5768K(5824K)->5768K(5824K) Class: 533K(640K)->533K(640K)
[1.215s][info][gc             ] GC(48) Pause Young (Allocation Failure) 186M->186M(213M) 21.129ms
[1.215s][info][gc,cpu         ] GC(48) User=0.06s Sys=0.00s Real=0.02s
[1.221s][info][gc,start       ] GC(49) Pause Young (Allocation Failure)
[1.233s][info][gc,heap        ] GC(49) PSYoungGen: 20672K(20992K)->14432K(38912K) Eden: 7168K(7168K)->0K(8704K) From: 13504K(13824K)->14432K(30208K)
[1.233s][info][gc,heap        ] GC(49) ParOldGen: 177776K(197632K)->184144K(197632K)
[1.233s][info][gc,metaspace   ] GC(49) Metaspace: 6301K(6464K)->6301K(6464K) NonClass: 5768K(5824K)->5768K(5824K) Class: 533K(640K)->533K(640K)
[1.233s][info][gc             ] GC(49) Pause Young (Allocation Failure) 193M->193M(231M) 11.283ms
[1.233s][info][gc,cpu         ] GC(49) User=0.00s Sys=0.00s Real=0.01s
[1.233s][info][gc,start       ] GC(50) Pause Full (Ergonomics)
[1.233s][info][gc,phases,start] GC(50) Marking Phase
[1.277s][info][gc,phases      ] GC(50) Marking Phase 44.662ms
[1.277s][info][gc,phases,start] GC(50) Summary Phase
[1.277s][info][gc,phases      ] GC(50) Summary Phase 0.017ms
[1.277s][info][gc,phases,start] GC(50) Adjust Roots
[1.278s][info][gc,phases      ] GC(50) Adjust Roots 0.148ms
[1.278s][info][gc,phases,start] GC(50) Compaction Phase
[1.303s][info][gc,phases      ] GC(50) Compaction Phase 25.694ms
[1.303s][info][gc,phases,start] GC(50) Post Compact
[1.304s][info][gc,phases      ] GC(50) Post Compact 0.794ms
[1.304s][info][gc,heap        ] GC(50) PSYoungGen: 14432K(38912K)->479K(40448K) Eden: 0K(8704K)->0K(10240K) From: 14432K(30208K)->479K(30208K)
[1.304s][info][gc,heap        ] GC(50) ParOldGen: 184144K(197632K)->197622K(233984K)
[1.304s][info][gc,metaspace   ] GC(50) Metaspace: 6301K(6464K)->6301K(6464K) NonClass: 5768K(5824K)->5768K(5824K) Class: 533K(640K)->533K(640K)
[1.305s][info][gc             ] GC(50) Pause Full (Ergonomics) 193M->193M(268M) 71.777ms
[1.305s][info][gc,cpu         ] GC(50) User=0.17s Sys=0.05s Real=0.07s
[1.314s][info][gc,start       ] GC(51) Pause Young (Allocation Failure)
[1.329s][info][gc,heap        ] GC(51) PSYoungGen: 10719K(40448K)->10432K(41984K) Eden: 10240K(10240K)->0K(10240K) From: 479K(30208K)->10432K(31744K)
[1.329s][info][gc,heap        ] GC(51) ParOldGen: 197622K(233984K)->198054K(233984K)
[1.329s][info][gc,metaspace   ] GC(51) Metaspace: 6301K(6464K)->6301K(6464K) NonClass: 5768K(5824K)->5768K(5824K) Class: 533K(640K)->533K(640K)
[1.329s][info][gc             ] GC(51) Pause Young (Allocation Failure) 203M->203M(269M) 14.360ms
[1.329s][info][gc,cpu         ] GC(51) User=0.00s Sys=0.00s Real=0.01s
[1.339s][info][gc,start       ] GC(52) Pause Young (Allocation Failure)
[1.350s][info][gc,heap        ] GC(52) PSYoungGen: 20672K(41984K)->20640K(42496K) Eden: 10240K(10240K)->0K(11264K) From: 10432K(31744K)->20640K(31232K)
[1.350s][info][gc,heap        ] GC(52) ParOldGen: 198054K(233984K)->198054K(233984K)
[1.350s][info][gc,metaspace   ] GC(52) Metaspace: 6301K(6464K)->6301K(6464K) NonClass: 5768K(5824K)->5768K(5824K) Class: 533K(640K)->533K(640K)
[1.350s][info][gc             ] GC(52) Pause Young (Allocation Failure) 213M->213M(270M) 10.590ms
[1.350s][info][gc,cpu         ] GC(52) User=0.02s Sys=0.00s Real=0.01s
[1.362s][info][gc,start       ] GC(53) Pause Young (Allocation Failure)
[1.377s][info][gc,heap        ] GC(53) PSYoungGen: 31904K(42496K)->31744K(43008K) Eden: 11264K(11264K)->0K(11264K) From: 20640K(31232K)->31744K(31744K)
[1.377s][info][gc,heap        ] GC(53) ParOldGen: 198054K(233984K)->198190K(233984K)
[1.377s][info][gc,metaspace   ] GC(53) Metaspace: 6301K(6464K)->6301K(6464K) NonClass: 5768K(5824K)->5768K(5824K) Class: 533K(640K)->533K(640K)
[1.377s][info][gc             ] GC(53) Pause Young (Allocation Failure) 224M->224M(270M) 15.013ms
[1.377s][info][gc,cpu         ] GC(53) User=0.00s Sys=0.00s Real=0.01s
[1.389s][info][gc,start       ] GC(54) Pause Young (Allocation Failure)
[1.410s][info][gc,heap        ] GC(54) PSYoungGen: 43008K(43008K)->32736K(45568K) Eden: 11264K(11264K)->0K(9216K) From: 31744K(31744K)->32736K(36352K)
[1.410s][info][gc,heap        ] GC(54) ParOldGen: 198190K(233984K)->208654K(233984K)
[1.410s][info][gc,metaspace   ] GC(54) Metaspace: 6301K(6464K)->6301K(6464K) NonClass: 5768K(5824K)->5768K(5824K) Class: 533K(640K)->533K(640K)
[1.410s][info][gc             ] GC(54) Pause Young (Allocation Failure) 235M->235M(273M) 21.410ms
[1.410s][info][gc,cpu         ] GC(54) User=0.03s Sys=0.02s Real=0.02s
[1.420s][info][gc,start       ] GC(55) Pause Young (Allocation Failure)
[1.441s][info][gc,heap        ] GC(55) PSYoungGen: 41952K(45568K)->31680K(49152K) Eden: 9216K(9216K)->0K(9216K) From: 32736K(36352K)->31680K(39936K)
[1.441s][info][gc,heap        ] GC(55) ParOldGen: 208654K(233984K)->219038K(233984K)
[1.441s][info][gc,metaspace   ] GC(55) Metaspace: 6301K(6464K)->6301K(6464K) NonClass: 5768K(5824K)->5768K(5824K) Class: 533K(640K)->533K(640K)
[1.441s][info][gc             ] GC(55) Pause Young (Allocation Failure) 244M->244M(276M) 20.374ms
[1.441s][info][gc,cpu         ] GC(55) User=0.11s Sys=0.00s Real=0.02s
[1.441s][info][gc,start       ] GC(56) Pause Full (Ergonomics)
[1.441s][info][gc,phases,start] GC(56) Marking Phase
[1.505s][info][gc,phases      ] GC(56) Marking Phase 64.208ms
[1.505s][info][gc,phases,start] GC(56) Summary Phase
[1.505s][info][gc,phases      ] GC(56) Summary Phase 0.019ms
[1.505s][info][gc,phases,start] GC(56) Adjust Roots
[1.505s][info][gc,phases      ] GC(56) Adjust Roots 0.151ms
[1.505s][info][gc,phases,start] GC(56) Compaction Phase
[1.537s][info][gc,phases      ] GC(56) Compaction Phase 31.257ms
[1.537s][info][gc,phases,start] GC(56) Post Compact
[1.538s][info][gc,phases      ] GC(56) Post Compact 1.214ms
[1.538s][info][gc,heap        ] GC(56) PSYoungGen: 31680K(49152K)->16202K(49152K) Eden: 0K(9216K)->0K(9216K) From: 31680K(39936K)->16202K(39936K)
[1.538s][info][gc,heap        ] GC(56) ParOldGen: 219038K(233984K)->233971K(273920K)
[1.538s][info][gc,metaspace   ] GC(56) Metaspace: 6301K(6464K)->6301K(6464K) NonClass: 5768K(5824K)->5768K(5824K) Class: 533K(640K)->533K(640K)
[1.538s][info][gc             ] GC(56) Pause Full (Ergonomics) 244M->244M(315M) 97.348ms
[1.538s][info][gc,cpu         ] GC(56) User=0.34s Sys=0.00s Real=0.10s
[1.549s][info][gc,start       ] GC(57) Pause Young (Allocation Failure)
[1.573s][info][gc,heap        ] GC(57) PSYoungGen: 25418K(49152K)->19968K(47616K) Eden: 9216K(9216K)->0K(10240K) From: 16202K(39936K)->19968K(37376K)
[1.574s][info][gc,heap        ] GC(57) ParOldGen: 233971K(273920K)->239643K(273920K)
[1.574s][info][gc,metaspace   ] GC(57) Metaspace: 6301K(6464K)->6301K(6464K) NonClass: 5768K(5824K)->5768K(5824K) Class: 533K(640K)->533K(640K)
[1.574s][info][gc             ] GC(57) Pause Young (Allocation Failure) 253M->253M(314M) 24.603ms
[1.574s][info][gc,cpu         ] GC(57) User=0.08s Sys=0.00s Real=0.02s
[1.586s][info][gc,start       ] GC(58) Pause Young (Allocation Failure)
[1.603s][info][gc,heap        ] GC(58) PSYoungGen: 30208K(47616K)->24672K(50688K) Eden: 10240K(10240K)->0K(10240K) From: 19968K(37376K)->24672K(40448K)
[1.603s][info][gc,heap        ] GC(58) ParOldGen: 239643K(273920K)->245235K(273920K)
[1.603s][info][gc,metaspace   ] GC(58) Metaspace: 6301K(6464K)->6301K(6464K) NonClass: 5768K(5824K)->5768K(5824K) Class: 533K(640K)->533K(640K)
[1.603s][info][gc             ] GC(58) Pause Young (Allocation Failure) 263M->263M(317M) 17.242ms
[1.603s][info][gc,cpu         ] GC(58) User=0.02s Sys=0.00s Real=0.02s
[1.615s][info][gc,start       ] GC(59) Pause Young (Allocation Failure)
[1.633s][info][gc,heap        ] GC(59) PSYoungGen: 34912K(50688K)->29792K(50688K) Eden: 10240K(10240K)->0K(10240K) From: 24672K(40448K)->29792K(40448K)
[1.633s][info][gc,heap        ] GC(59) ParOldGen: 245235K(273920K)->250475K(273920K)
[1.633s][info][gc,metaspace   ] GC(59) Metaspace: 6301K(6464K)->6301K(6464K) NonClass: 5768K(5824K)->5768K(5824K) Class: 533K(640K)->533K(640K)
[1.633s][info][gc             ] GC(59) Pause Young (Allocation Failure) 273M->273M(317M) 17.948ms
[1.633s][info][gc,cpu         ] GC(59) User=0.06s Sys=0.00s Real=0.02s
[1.645s][info][gc,start       ] GC(60) Pause Young (Allocation Failure)
[1.664s][info][gc,heap        ] GC(60) PSYoungGen: 40032K(50688K)->30752K(52224K) Eden: 10240K(10240K)->0K(10240K) From: 29792K(40448K)->30752K(41984K)
[1.664s][info][gc,heap        ] GC(60) ParOldGen: 250475K(273920K)->259819K(273920K)
[1.665s][info][gc,metaspace   ] GC(60) Metaspace: 6301K(6464K)->6301K(6464K) NonClass: 5768K(5824K)->5768K(5824K) Class: 533K(640K)->533K(640K)
[1.665s][info][gc             ] GC(60) Pause Young (Allocation Failure) 283M->283M(318M) 19.766ms
[1.665s][info][gc,cpu         ] GC(60) User=0.08s Sys=0.00s Real=0.02s
[1.665s][info][gc,start       ] GC(61) Pause Full (Ergonomics)
[1.665s][info][gc,phases,start] GC(61) Marking Phase
[1.730s][info][gc,phases      ] GC(61) Marking Phase 64.937ms
[1.730s][info][gc,phases,start] GC(61) Summary Phase
[1.730s][info][gc,phases      ] GC(61) Summary Phase 0.024ms
[1.730s][info][gc,phases,start] GC(61) Adjust Roots
[1.730s][info][gc,phases      ] GC(61) Adjust Roots 0.149ms
[1.730s][info][gc,phases,start] GC(61) Compaction Phase
[1.762s][info][gc,phases      ] GC(61) Compaction Phase 31.973ms
[1.762s][info][gc,phases,start] GC(61) Post Compact
[1.763s][info][gc,phases      ] GC(61) Post Compact 1.318ms
[1.763s][info][gc,heap        ] GC(61) PSYoungGen: 30752K(52224K)->16311K(52224K) Eden: 0K(10240K)->0K(10240K) From: 30752K(41984K)->16311K(41984K)
[1.763s][info][gc,heap        ] GC(61) ParOldGen: 259819K(273920K)->273668K(313856K)
[1.763s][info][gc,metaspace   ] GC(61) Metaspace: 6301K(6464K)->6301K(6464K) NonClass: 5768K(5824K)->5768K(5824K) Class: 533K(640K)->533K(640K)
[1.763s][info][gc             ] GC(61) Pause Full (Ergonomics) 283M->283M(357M) 98.884ms
[1.764s][info][gc,cpu         ] GC(61) User=0.47s Sys=0.00s Real=0.10s
[1.775s][info][gc,start       ] GC(62) Pause Young (Allocation Failure)
[1.800s][info][gc,heap        ] GC(62) PSYoungGen: 26551K(52224K)->15904K(53248K) Eden: 10240K(10240K)->0K(11776K) From: 16311K(41984K)->15904K(41472K)
[1.800s][info][gc,heap        ] GC(62) ParOldGen: 273668K(313856K)->284620K(313856K)
[1.800s][info][gc,metaspace   ] GC(62) Metaspace: 6301K(6464K)->6301K(6464K) NonClass: 5768K(5824K)->5768K(5824K) Class: 533K(640K)->533K(640K)
[1.800s][info][gc             ] GC(62) Pause Young (Allocation Failure) 293M->293M(358M) 25.178ms
[1.800s][info][gc,cpu         ] GC(62) User=0.11s Sys=0.02s Real=0.03s
[1.813s][info][gc,start       ] GC(63) Pause Young (Allocation Failure)
[1.828s][info][gc,heap        ] GC(63) PSYoungGen: 27680K(53248K)->22112K(34304K) Eden: 11776K(11776K)->0K(11776K) From: 15904K(41472K)->22112K(22528K)
[1.828s][info][gc,heap        ] GC(63) ParOldGen: 284620K(313856K)->290252K(313856K)
[1.828s][info][gc,metaspace   ] GC(63) Metaspace: 6301K(6464K)->6301K(6464K) NonClass: 5768K(5824K)->5768K(5824K) Class: 533K(640K)->533K(640K)
[1.828s][info][gc             ] GC(63) Pause Young (Allocation Failure) 304M->305M(340M) 14.668ms
[1.828s][info][gc,cpu         ] GC(63) User=0.02s Sys=0.00s Real=0.01s
[1.841s][info][gc,start       ] GC(64) Pause Young (Allocation Failure)
[1.859s][info][gc,heap        ] GC(64) PSYoungGen: 33888K(34304K)->23648K(51712K) Eden: 11776K(11776K)->0K(13312K) From: 22112K(22528K)->23648K(38400K)
[1.859s][info][gc,heap        ] GC(64) ParOldGen: 290252K(313856K)->300652K(313856K)
[1.859s][info][gc,metaspace   ] GC(64) Metaspace: 6301K(6464K)->6301K(6464K) NonClass: 5768K(5824K)->5768K(5824K) Class: 533K(640K)->533K(640K)
[1.859s][info][gc             ] GC(64) Pause Young (Allocation Failure) 316M->316M(357M) 17.163ms
[1.859s][info][gc,cpu         ] GC(64) User=0.03s Sys=0.00s Real=0.02s
[1.859s][info][gc,start       ] GC(65) Pause Full (Ergonomics)
[1.859s][info][gc,phases,start] GC(65) Marking Phase
[1.929s][info][gc,phases      ] GC(65) Marking Phase 70.630ms
[1.929s][info][gc,phases,start] GC(65) Summary Phase
[1.929s][info][gc,phases      ] GC(65) Summary Phase 0.023ms
[1.929s][info][gc,phases,start] GC(65) Adjust Roots
[1.930s][info][gc,phases      ] GC(65) Adjust Roots 0.156ms
[1.930s][info][gc,phases,start] GC(65) Compaction Phase
[1.962s][info][gc,phases      ] GC(65) Compaction Phase 31.933ms
[1.962s][info][gc,phases,start] GC(65) Post Compact
[1.963s][info][gc,phases      ] GC(65) Post Compact 1.429ms
[1.963s][info][gc,heap        ] GC(65) PSYoungGen: 23648K(51712K)->10198K(52736K) Eden: 0K(13312K)->0K(14336K) From: 23648K(38400K)->10198K(38400K)
[1.963s][info][gc,heap        ] GC(65) ParOldGen: 300652K(313856K)->313473K(356864K)
[1.963s][info][gc,metaspace   ] GC(65) Metaspace: 6301K(6464K)->6301K(6464K) NonClass: 5768K(5824K)->5768K(5824K) Class: 533K(640K)->533K(640K)
[1.963s][info][gc             ] GC(65) Pause Full (Ergonomics) 316M->316M(400M) 104.677ms
[1.963s][info][gc,cpu         ] GC(65) User=0.64s Sys=0.00s Real=0.11s
[1.980s][info][gc,start       ] GC(66) Pause Young (Allocation Failure)
[2.006s][info][gc,heap        ] GC(66) PSYoungGen: 24534K(52736K)->20736K(53760K) Eden: 14336K(14336K)->0K(14336K) From: 10198K(38400K)->20736K(39424K)
[2.006s][info][gc,heap        ] GC(66) ParOldGen: 313473K(356864K)->317537K(356864K)
[2.006s][info][gc,metaspace   ] GC(66) Metaspace: 6301K(6464K)->6301K(6464K) NonClass: 5768K(5824K)->5768K(5824K) Class: 533K(640K)->533K(640K)
[2.006s][info][gc             ] GC(66) Pause Young (Allocation Failure) 330M->330M(401M) 25.518ms
[2.006s][info][gc,cpu         ] GC(66) User=0.14s Sys=0.00s Real=0.03s
[2.021s][info][gc,start       ] GC(67) Pause Young (Allocation Failure)
[2.039s][info][gc,heap        ] GC(67) PSYoungGen: 35072K(53760K)->35008K(50688K) Eden: 14336K(14336K)->0K(12800K) From: 20736K(39424K)->35008K(37888K)
[2.039s][info][gc,heap        ] GC(67) ParOldGen: 317537K(356864K)->317537K(356864K)
[2.039s][info][gc,metaspace   ] GC(67) Metaspace: 6301K(6464K)->6301K(6464K) NonClass: 5768K(5824K)->5768K(5824K) Class: 533K(640K)->533K(640K)
[2.039s][info][gc             ] GC(67) Pause Young (Allocation Failure) 344M->344M(398M) 17.722ms
[2.039s][info][gc,cpu         ] GC(67) User=0.03s Sys=0.00s Real=0.02s
[2.109s][info][gc,start       ] GC(68) Pause Young (Allocation Failure)
[2.139s][info][gc,heap        ] GC(68) PSYoungGen: 47808K(50688K)->40960K(53760K) Eden: 12800K(12800K)->0K(12800K) From: 35008K(37888K)->40960K(40960K)
[2.139s][info][gc,heap        ] GC(68) ParOldGen: 333921K(356864K)->340777K(356864K)
[2.139s][info][gc,metaspace   ] GC(68) Metaspace: 6301K(6464K)->6301K(6464K) NonClass: 5768K(5824K)->5768K(5824K) Class: 533K(640K)->533K(640K)
[2.139s][info][gc             ] GC(68) Pause Young (Allocation Failure) 372M->372M(401M) 30.443ms
[2.139s][info][gc,cpu         ] GC(68) User=0.11s Sys=0.00s Real=0.03s
[2.153s][info][gc,start       ] GC(69) Pause Young (Allocation Failure)
[2.180s][info][gc,heap        ] GC(69) PSYoungGen: 53760K(53760K)->25344K(57856K) Eden: 12800K(12800K)->0K(14336K) From: 40960K(40960K)->25344K(43520K)
[2.180s][info][gc,heap        ] GC(69) ParOldGen: 340777K(356864K)->369665K(370176K)
[2.180s][info][gc,metaspace   ] GC(69) Metaspace: 6301K(6464K)->6301K(6464K) NonClass: 5768K(5824K)->5768K(5824K) Class: 533K(640K)->533K(640K)
[2.180s][info][gc             ] GC(69) Pause Young (Allocation Failure) 385M->385M(418M) 27.513ms
[2.180s][info][gc,cpu         ] GC(69) User=0.05s Sys=0.06s Real=0.03s
[2.180s][info][gc,start       ] GC(70) Pause Full (Ergonomics)
[2.180s][info][gc,phases,start] GC(70) Marking Phase
[2.268s][info][gc,phases      ] GC(70) Marking Phase 87.633ms
[2.268s][info][gc,phases,start] GC(70) Summary Phase
[2.268s][info][gc,phases      ] GC(70) Summary Phase 0.020ms
[2.268s][info][gc,phases,start] GC(70) Adjust Roots
[2.268s][info][gc,phases      ] GC(70) Adjust Roots 0.150ms
[2.268s][info][gc,phases,start] GC(70) Compaction Phase
[2.337s][info][gc,phases      ] GC(70) Compaction Phase 69.124ms
[2.337s][info][gc,phases,start] GC(70) Post Compact
[2.339s][info][gc,phases      ] GC(70) Post Compact 2.022ms
[2.340s][info][gc,heap        ] GC(70) PSYoungGen: 25344K(57856K)->15978K(59904K) Eden: 0K(14336K)->0K(16384K) From: 25344K(43520K)->15978K(43520K)
[2.340s][info][gc,heap        ] GC(70) ParOldGen: 369665K(370176K)->370027K(422912K)
[2.340s][info][gc,metaspace   ] GC(70) Metaspace: 6301K(6464K)->6301K(6464K) NonClass: 5768K(5824K)->5768K(5824K) Class: 533K(640K)->533K(640K)
[2.340s][info][gc             ] GC(70) Pause Full (Ergonomics) 385M->376M(471M) 159.498ms
[2.340s][info][gc,cpu         ] GC(70) User=0.97s Sys=0.00s Real=0.16s
[2.358s][info][gc,start       ] GC(71) Pause Young (Allocation Failure)
[2.388s][info][gc,heap        ] GC(71) PSYoungGen: 32362K(59904K)->25024K(62464K) Eden: 16384K(16384K)->0K(16384K) From: 15978K(43520K)->25024K(46080K)
[2.388s][info][gc,heap        ] GC(71) ParOldGen: 370027K(422912K)->377627K(422912K)
[2.388s][info][gc,metaspace   ] GC(71) Metaspace: 6301K(6464K)->6301K(6464K) NonClass: 5768K(5824K)->5768K(5824K) Class: 533K(640K)->533K(640K)
[2.388s][info][gc             ] GC(71) Pause Young (Allocation Failure) 392M->393M(474M) 30.245ms
[2.388s][info][gc,cpu         ] GC(71) User=0.14s Sys=0.00s Real=0.03s
[2.405s][info][gc,start       ] GC(72) Pause Young (Allocation Failure)
[2.425s][info][gc,heap        ] GC(72) PSYoungGen: 41408K(62464K)->41408K(59392K) Eden: 16384K(16384K)->0K(14848K) From: 25024K(46080K)->41408K(44544K)
[2.425s][info][gc,heap        ] GC(72) ParOldGen: 377627K(422912K)->377627K(422912K)
[2.425s][info][gc,metaspace   ] GC(72) Metaspace: 6301K(6464K)->6301K(6464K) NonClass: 5768K(5824K)->5768K(5824K) Class: 533K(640K)->533K(640K)
[2.426s][info][gc             ] GC(72) Pause Young (Allocation Failure) 409M->409M(471M) 20.478ms
[2.426s][info][gc,cpu         ] GC(72) User=0.11s Sys=0.03s Real=0.02s
[2.441s][info][gc,start       ] GC(73) Pause Young (Allocation Failure)
[2.466s][info][gc,heap        ] GC(73) PSYoungGen: 56256K(59392K)->47776K(62976K) Eden: 14848K(14848K)->0K(14848K) From: 41408K(44544K)->47776K(48128K)
[2.466s][info][gc,heap        ] GC(73) ParOldGen: 377627K(422912K)->386259K(422912K)
[2.466s][info][gc,metaspace   ] GC(73) Metaspace: 6301K(6464K)->6301K(6464K) NonClass: 5768K(5824K)->5768K(5824K) Class: 533K(640K)->533K(640K)
[2.466s][info][gc             ] GC(73) Pause Young (Allocation Failure) 423M->423M(474M) 25.854ms
[2.466s][info][gc,cpu         ] GC(73) User=0.12s Sys=0.00s Real=0.03s
[2.481s][info][gc,start       ] GC(74) Pause Young (Allocation Failure)
[2.510s][info][gc,heap        ] GC(74) PSYoungGen: 62624K(62976K)->46208K(66560K) Eden: 14848K(14848K)->0K(12800K) From: 47776K(48128K)->46208K(53760K)
[2.510s][info][gc,heap        ] GC(74) ParOldGen: 386259K(422912K)->402875K(422912K)
[2.510s][info][gc,metaspace   ] GC(74) Metaspace: 6301K(6464K)->6301K(6464K) NonClass: 5768K(5824K)->5768K(5824K) Class: 533K(640K)->533K(640K)
[2.510s][info][gc             ] GC(74) Pause Young (Allocation Failure) 438M->438M(478M) 29.278ms
[2.510s][info][gc,cpu         ] GC(74) User=0.14s Sys=0.00s Real=0.03s
[2.510s][info][gc,start       ] GC(75) Pause Full (Ergonomics)
[2.510s][info][gc,phases,start] GC(75) Marking Phase
[2.608s][info][gc,phases      ] GC(75) Marking Phase 97.836ms
[2.608s][info][gc,phases,start] GC(75) Summary Phase
[2.608s][info][gc,phases      ] GC(75) Summary Phase 0.027ms
[2.608s][info][gc,phases,start] GC(75) Adjust Roots
[2.608s][info][gc,phases      ] GC(75) Adjust Roots 0.152ms
[2.608s][info][gc,phases,start] GC(75) Compaction Phase
[2.657s][info][gc,phases      ] GC(75) Compaction Phase 48.356ms
[2.657s][info][gc,phases,start] GC(75) Post Compact
[2.659s][info][gc,phases      ] GC(75) Post Compact 2.142ms
[2.659s][info][gc,heap        ] GC(75) PSYoungGen: 46208K(66560K)->25550K(66560K) Eden: 0K(12800K)->0K(12800K) From: 46208K(53760K)->25550K(53760K)
[2.659s][info][gc,heap        ] GC(75) ParOldGen: 402875K(422912K)->422799K(478208K)
[2.659s][info][gc,metaspace   ] GC(75) Metaspace: 6301K(6464K)->6301K(6464K) NonClass: 5768K(5824K)->5768K(5824K) Class: 533K(640K)->533K(640K)
[2.659s][info][gc             ] GC(75) Pause Full (Ergonomics) 438M->437M(532M) 149.113ms
[2.659s][info][gc,cpu         ] GC(75) User=1.03s Sys=0.00s Real=0.15s
[2.675s][info][gc,start       ] GC(76) Pause Young (Allocation Failure)
[2.709s][info][gc,heap        ] GC(76) PSYoungGen: 38350K(66560K)->22496K(70656K) Eden: 12800K(12800K)->0K(12800K) From: 25550K(53760K)->22496K(57856K)
[2.709s][info][gc,heap        ] GC(76) ParOldGen: 422799K(478208K)->439023K(478208K)
[2.709s][info][gc,metaspace   ] GC(76) Metaspace: 6301K(6464K)->6301K(6464K) NonClass: 5768K(5824K)->5768K(5824K) Class: 533K(640K)->533K(640K)
[2.709s][info][gc             ] GC(76) Pause Young (Allocation Failure) 450M->450M(536M) 34.102ms
[2.709s][info][gc,cpu         ] GC(76) User=0.16s Sys=0.00s Real=0.03s
[2.723s][info][gc,start       ] GC(77) Pause Young (Allocation Failure)
[2.741s][info][gc,heap        ] GC(77) PSYoungGen: 35296K(70656K)->25728K(67584K) Eden: 12800K(12800K)->0K(14336K) From: 22496K(57856K)->25728K(53248K)
[2.741s][info][gc,heap        ] GC(77) ParOldGen: 439023K(478208K)->448719K(478208K)
[2.741s][info][gc,metaspace   ] GC(77) Metaspace: 6301K(6464K)->6301K(6464K) NonClass: 5768K(5824K)->5768K(5824K) Class: 533K(640K)->533K(640K)
[2.741s][info][gc             ] GC(77) Pause Young (Allocation Failure) 463M->463M(533M) 17.857ms
[2.741s][info][gc,cpu         ] GC(77) User=0.12s Sys=0.00s Real=0.02s
[2.757s][info][gc,start       ] GC(78) Pause Young (Allocation Failure)
[2.777s][info][gc,heap        ] GC(78) PSYoungGen: 40064K(67584K)->27232K(69120K) Eden: 14336K(14336K)->0K(14336K) From: 25728K(53248K)->27232K(54784K)
[2.777s][info][gc,heap        ] GC(78) ParOldGen: 448719K(478208K)->461687K(478208K)
[2.777s][info][gc,metaspace   ] GC(78) Metaspace: 6301K(6464K)->6301K(6464K) NonClass: 5768K(5824K)->5768K(5824K) Class: 533K(640K)->533K(640K)
[2.777s][info][gc             ] GC(78) Pause Young (Allocation Failure) 477M->477M(534M) 20.089ms
[2.777s][info][gc,cpu         ] GC(78) User=0.12s Sys=0.00s Real=0.02s
[2.777s][info][gc,start       ] GC(79) Pause Full (Ergonomics)
[2.777s][info][gc,phases,start] GC(79) Marking Phase
[2.880s][info][gc,phases      ] GC(79) Marking Phase 103.625ms
[2.881s][info][gc,phases,start] GC(79) Summary Phase
[2.881s][info][gc,phases      ] GC(79) Summary Phase 0.032ms
[2.881s][info][gc,phases,start] GC(79) Adjust Roots
[2.881s][info][gc,phases      ] GC(79) Adjust Roots 0.149ms
[2.881s][info][gc,phases,start] GC(79) Compaction Phase
[2.929s][info][gc,phases      ] GC(79) Compaction Phase 47.783ms
[2.929s][info][gc,phases,start] GC(79) Post Compact
[2.931s][info][gc,phases      ] GC(79) Post Compact 2.488ms
[2.931s][info][gc,heap        ] GC(79) PSYoungGen: 27232K(69120K)->10216K(24576K) Eden: 0K(14336K)->0K(14336K) From: 27232K(54784K)->10216K(10240K)
[2.931s][info][gc,heap        ] GC(79) ParOldGen: 461687K(478208K)->477980K(538112K)
[2.932s][info][gc,metaspace   ] GC(79) Metaspace: 6301K(6464K)->6301K(6464K) NonClass: 5768K(5824K)->5768K(5824K) Class: 533K(640K)->533K(640K)
[2.932s][info][gc             ] GC(79) Pause Full (Ergonomics) 477M->476M(549M) 154.702ms
[2.932s][info][gc,cpu         ] GC(79) User=1.00s Sys=0.00s Real=0.15s
[2.948s][info][gc,start       ] GC(80) Pause Young (Allocation Failure)
[2.979s][info][gc,heap        ] GC(80) PSYoungGen: 24552K(24576K)->20544K(66560K) Eden: 14336K(14336K)->0K(15872K) From: 10216K(10240K)->20544K(50688K)
[2.980s][info][gc,heap        ] GC(80) ParOldGen: 477980K(538112K)->482212K(538112K)
[2.980s][info][gc,metaspace   ] GC(80) Metaspace: 6301K(6464K)->6301K(6464K) NonClass: 5768K(5824K)->5768K(5824K) Class: 533K(640K)->533K(640K)
[2.980s][info][gc             ] GC(80) Pause Young (Allocation Failure) 490M->490M(590M) 31.424ms
[2.980s][info][gc,cpu         ] GC(80) User=0.14s Sys=0.00s Real=0.03s
[2.997s][info][gc,start       ] GC(81) Pause Young (Allocation Failure)
[3.016s][info][gc,heap        ] GC(81) PSYoungGen: 36416K(66560K)->36384K(67584K) Eden: 15872K(15872K)->0K(15872K) From: 20544K(50688K)->36384K(51712K)
[3.016s][info][gc,heap        ] GC(81) ParOldGen: 482212K(538112K)->482212K(538112K)
[3.016s][info][gc,metaspace   ] GC(81) Metaspace: 6301K(6464K)->6301K(6464K) NonClass: 5768K(5824K)->5768K(5824K) Class: 533K(640K)->533K(640K)
[3.016s][info][gc             ] GC(81) Pause Young (Allocation Failure) 506M->506M(591M) 19.204ms
[3.016s][info][gc,cpu         ] GC(81) User=0.12s Sys=0.00s Real=0.02s
[3.033s][info][gc,start       ] GC(82) Pause Young (Allocation Failure)
[3.057s][info][gc,heap        ] GC(82) PSYoungGen: 52256K(67584K)->52224K(64000K) Eden: 15872K(15872K)->0K(11776K) From: 36384K(51712K)->52224K(52224K)
[3.057s][info][gc,heap        ] GC(82) ParOldGen: 482212K(538112K)->482244K(538112K)
[3.057s][info][gc,metaspace   ] GC(82) Metaspace: 6301K(6464K)->6301K(6464K) NonClass: 5768K(5824K)->5768K(5824K) Class: 533K(640K)->533K(640K)
[3.057s][info][gc             ] GC(82) Pause Young (Allocation Failure) 521M->521M(588M) 24.886ms
[3.057s][info][gc,cpu         ] GC(82) User=0.14s Sys=0.00s Real=0.02s
[3.070s][info][gc,start       ] GC(83) Pause Young (Allocation Failure)
[3.100s][info][gc,heap        ] GC(83) PSYoungGen: 64000K(64000K)->43616K(70144K) Eden: 11776K(11776K)->0K(11776K) From: 52224K(52224K)->43616K(58368K)
[3.100s][info][gc,heap        ] GC(83) ParOldGen: 482244K(538112K)->502892K(538112K)
[3.100s][info][gc,metaspace   ] GC(83) Metaspace: 6301K(6464K)->6301K(6464K) NonClass: 5768K(5824K)->5768K(5824K) Class: 533K(640K)->533K(640K)
[3.100s][info][gc             ] GC(83) Pause Young (Allocation Failure) 533M->533M(594M) 30.250ms
[3.100s][info][gc,cpu         ] GC(83) User=0.12s Sys=0.02s Real=0.03s
[3.114s][info][gc,start       ] GC(84) Pause Young (Allocation Failure)
[3.140s][info][gc,heap        ] GC(84) PSYoungGen: 55392K(70144K)->39488K(72704K) Eden: 11776K(11776K)->0K(13312K) From: 43616K(58368K)->39488K(59392K)
[3.140s][info][gc,heap        ] GC(84) ParOldGen: 502892K(538112K)->518972K(538112K)
[3.140s][info][gc,metaspace   ] GC(84) Metaspace: 6301K(6464K)->6301K(6464K) NonClass: 5768K(5824K)->5768K(5824K) Class: 533K(640K)->533K(640K)
[3.140s][info][gc             ] GC(84) Pause Young (Allocation Failure) 545M->545M(596M) 26.375ms
[3.140s][info][gc,cpu         ] GC(84) User=0.12s Sys=0.00s Real=0.03s
[3.140s][info][gc,start       ] GC(85) Pause Full (Ergonomics)
[3.140s][info][gc,phases,start] GC(85) Marking Phase
[3.261s][info][gc,phases      ] GC(85) Marking Phase 120.988ms
[3.261s][info][gc,phases,start] GC(85) Summary Phase
[3.261s][info][gc,phases      ] GC(85) Summary Phase 0.025ms
[3.261s][info][gc,phases,start] GC(85) Adjust Roots
[3.261s][info][gc,phases      ] GC(85) Adjust Roots 0.161ms
[3.261s][info][gc,phases,start] GC(85) Compaction Phase
[3.317s][info][gc,phases      ] GC(85) Compaction Phase 55.444ms
[3.317s][info][gc,phases,start] GC(85) Post Compact
[3.318s][info][gc,phases      ] GC(85) Post Compact 0.911ms
[3.318s][info][gc,heap        ] GC(85) PSYoungGen: 39488K(72704K)->19902K(73216K) Eden: 0K(13312K)->0K(13824K) From: 39488K(59392K)->19902K(59392K)
[3.318s][info][gc,heap        ] GC(85) ParOldGen: 518972K(538112K)->537766K(605696K)
[3.318s][info][gc,metaspace   ] GC(85) Metaspace: 6301K(6464K)->6301K(6464K) NonClass: 5768K(5824K)->5768K(5824K) Class: 533K(640K)->533K(640K)
[3.318s][info][gc             ] GC(85) Pause Full (Ergonomics) 545M->544M(663M) 178.225ms
[3.318s][info][gc,cpu         ] GC(85) User=1.25s Sys=0.00s Real=0.18s
[3.334s][info][gc,start       ] GC(86) Pause Young (Allocation Failure)
[3.373s][info][gc,heap        ] GC(86) PSYoungGen: 33726K(73216K)->19840K(73728K) Eden: 13824K(13824K)->0K(13824K) From: 19902K(59392K)->19840K(59904K)
[3.373s][info][gc,heap        ] GC(86) ParOldGen: 537766K(605696K)->552006K(605696K)
[3.373s][info][gc,metaspace   ] GC(86) Metaspace: 6301K(6464K)->6301K(6464K) NonClass: 5768K(5824K)->5768K(5824K) Class: 533K(640K)->533K(640K)
[3.373s][info][gc             ] GC(86) Pause Young (Allocation Failure) 558M->558M(663M) 39.034ms
[3.373s][info][gc,cpu         ] GC(86) User=0.25s Sys=0.00s Real=0.04s
[3.389s][info][gc,start       ] GC(87) Pause Young (Allocation Failure)
[3.407s][info][gc,heap        ] GC(87) PSYoungGen: 33664K(73728K)->27808K(71168K) Eden: 13824K(13824K)->0K(15360K) From: 19840K(59904K)->27808K(55808K)
[3.407s][info][gc,heap        ] GC(87) ParOldGen: 552006K(605696K)->557982K(605696K)
[3.407s][info][gc,metaspace   ] GC(87) Metaspace: 6301K(6464K)->6301K(6464K) NonClass: 5768K(5824K)->5768K(5824K) Class: 533K(640K)->533K(640K)
[3.407s][info][gc             ] GC(87) Pause Young (Allocation Failure) 571M->572M(661M) 18.159ms
[3.407s][info][gc,cpu         ] GC(87) User=0.03s Sys=0.00s Real=0.02s
[3.423s][info][gc,start       ] GC(88) Pause Young (Allocation Failure)
[3.445s][info][gc,heap        ] GC(88) PSYoungGen: 43168K(71168K)->29280K(73216K) Eden: 15360K(15360K)->0K(15360K) From: 27808K(55808K)->29280K(57856K)
[3.445s][info][gc,heap        ] GC(88) ParOldGen: 557982K(605696K)->571998K(605696K)
[3.445s][info][gc,metaspace   ] GC(88) Metaspace: 6301K(6464K)->6301K(6464K) NonClass: 5768K(5824K)->5768K(5824K) Class: 533K(640K)->533K(640K)
[3.445s][info][gc             ] GC(88) Pause Young (Allocation Failure) 587M->587M(663M) 22.215ms
[3.445s][info][gc,cpu         ] GC(88) User=0.14s Sys=0.00s Real=0.02s
[3.462s][info][gc,start       ] GC(89) Pause Young (Allocation Failure)
[3.485s][info][gc,heap        ] GC(89) PSYoungGen: 44640K(73216K)->30848K(68096K) Eden: 15360K(15360K)->0K(17408K) From: 29280K(57856K)->30848K(50688K)
[3.485s][info][gc,heap        ] GC(89) ParOldGen: 571998K(605696K)->586014K(605696K)
[3.485s][info][gc,metaspace   ] GC(89) Metaspace: 6301K(6464K)->6301K(6464K) NonClass: 5768K(5824K)->5768K(5824K) Class: 533K(640K)->533K(640K)
[3.486s][info][gc             ] GC(89) Pause Young (Allocation Failure) 602M->602M(658M) 23.030ms
[3.486s][info][gc,cpu         ] GC(89) User=0.12s Sys=0.00s Real=0.02s
[3.486s][info][gc,start       ] GC(90) Pause Full (Ergonomics)
[3.486s][info][gc,phases,start] GC(90) Marking Phase
[3.617s][info][gc,phases      ] GC(90) Marking Phase 131.586ms
[3.617s][info][gc,phases,start] GC(90) Summary Phase
[3.617s][info][gc,phases      ] GC(90) Summary Phase 0.021ms
[3.617s][info][gc,phases,start] GC(90) Adjust Roots
[3.617s][info][gc,phases      ] GC(90) Adjust Roots 0.153ms
[3.617s][info][gc,phases,start] GC(90) Compaction Phase
[3.675s][info][gc,phases      ] GC(90) Compaction Phase 57.577ms
[3.675s][info][gc,phases,start] GC(90) Post Compact
[3.676s][info][gc,phases      ] GC(90) Post Compact 1.000ms
[3.676s][info][gc,heap        ] GC(90) PSYoungGen: 30848K(68096K)->10217K(70144K) Eden: 0K(17408K)->0K(19456K) From: 30848K(50688K)->10217K(50688K)
[3.676s][info][gc,heap        ] GC(90) ParOldGen: 586014K(605696K)->605694K(677376K)
[3.676s][info][gc,metaspace   ] GC(90) Metaspace: 6301K(6464K)->6301K(6464K) NonClass: 5768K(5824K)->5768K(5824K) Class: 533K(640K)->533K(640K)
[3.676s][info][gc             ] GC(90) Pause Full (Ergonomics) 602M->601M(730M) 190.869ms
[3.676s][info][gc,cpu         ] GC(90) User=1.45s Sys=0.03s Real=0.19s
[3.703s][info][gc,start       ] GC(91) Pause Young (Allocation Failure)
[3.744s][info][gc,heap        ] GC(91) PSYoungGen: 29673K(70144K)->23424K(72704K) Eden: 19456K(19456K)->0K(19456K) From: 10217K(50688K)->23424K(53248K)
[3.744s][info][gc,heap        ] GC(91) ParOldGen: 605694K(677376K)->612198K(677376K)
[3.744s][info][gc,metaspace   ] GC(91) Metaspace: 6301K(6464K)->6301K(6464K) NonClass: 5768K(5824K)->5768K(5824K) Class: 533K(640K)->533K(640K)
[3.744s][info][gc             ] GC(91) Pause Young (Allocation Failure) 620M->620M(732M) 41.059ms
[3.744s][info][gc,cpu         ] GC(91) User=0.27s Sys=0.00s Real=0.04s
[3.767s][info][gc,start       ] GC(92) Pause Young (Allocation Failure)
[3.791s][info][gc,heap        ] GC(92) PSYoungGen: 42880K(72704K)->42880K(72192K) Eden: 19456K(19456K)->0K(19456K) From: 23424K(53248K)->42880K(52736K)
[3.791s][info][gc,heap        ] GC(92) ParOldGen: 612198K(677376K)->612198K(677376K)
[3.791s][info][gc,metaspace   ] GC(92) Metaspace: 6301K(6464K)->6301K(6464K) NonClass: 5768K(5824K)->5768K(5824K) Class: 533K(640K)->533K(640K)
[3.792s][info][gc             ] GC(92) Pause Young (Allocation Failure) 639M->639M(732M) 24.143ms
[3.792s][info][gc,cpu         ] GC(92) User=0.12s Sys=0.00s Real=0.02s
[3.814s][info][gc,start       ] GC(93) Pause Young (Allocation Failure)
[3.846s][info][gc,heap        ] GC(93) PSYoungGen: 62336K(72192K)->54784K(74240K) Eden: 19456K(19456K)->0K(19456K) From: 42880K(52736K)->54784K(54784K)
[3.846s][info][gc,heap        ] GC(93) ParOldGen: 612198K(677376K)->619750K(677376K)
[3.846s][info][gc,metaspace   ] GC(93) Metaspace: 6301K(6464K)->6301K(6464K) NonClass: 5768K(5824K)->5768K(5824K) Class: 533K(640K)->533K(640K)
[3.846s][info][gc             ] GC(93) Pause Young (Allocation Failure) 658M->658M(734M) 31.400ms
[3.846s][info][gc,cpu         ] GC(93) User=0.25s Sys=0.00s Real=0.03s
[3.870s][info][gc,start       ] GC(94) Pause Young (Allocation Failure)
[3.906s][info][gc,heap        ] GC(94) PSYoungGen: 74240K(74240K)->54304K(81408K) Eden: 19456K(19456K)->0K(17408K) From: 54784K(54784K)->54304K(64000K)
[3.906s][info][gc,heap        ] GC(94) ParOldGen: 619750K(677376K)->640054K(677376K)
[3.906s][info][gc,metaspace   ] GC(94) Metaspace: 6301K(6464K)->6301K(6464K) NonClass: 5768K(5824K)->5768K(5824K) Class: 533K(640K)->533K(640K)
[3.906s][info][gc             ] GC(94) Pause Young (Allocation Failure) 677M->678M(741M) 35.378ms
[3.906s][info][gc,cpu         ] GC(94) User=0.19s Sys=0.05s Real=0.04s
[4.081s][info][gc,start       ] GC(95) Pause Full (Ergonomics)
[4.081s][info][gc,phases,start] GC(95) Marking Phase
[4.243s][info][gc,phases      ] GC(95) Marking Phase 161.939ms
[4.243s][info][gc,phases,start] GC(95) Summary Phase
[4.243s][info][gc,phases      ] GC(95) Summary Phase 0.022ms
[4.243s][info][gc,phases,start] GC(95) Adjust Roots
[4.243s][info][gc,phases      ] GC(95) Adjust Roots 0.150ms
[4.243s][info][gc,phases,start] GC(95) Compaction Phase
[4.369s][info][gc,phases      ] GC(95) Compaction Phase 125.831ms
[4.369s][info][gc,phases,start] GC(95) Post Compact
[4.370s][info][gc,phases      ] GC(95) Post Compact 1.566ms
[4.371s][info][gc,heap        ] GC(95) PSYoungGen: 71712K(81408K)->50008K(81408K) Eden: 17408K(17408K)->0K(17408K) From: 54304K(64000K)->50008K(64000K)
[4.371s][info][gc,heap        ] GC(95) ParOldGen: 672822K(677376K)->677367K(754176K)
[4.371s][info][gc,metaspace   ] GC(95) Metaspace: 6301K(6464K)->6301K(6464K) NonClass: 5768K(5824K)->5768K(5824K) Class: 533K(640K)->533K(640K)
[4.371s][info][gc             ] GC(95) Pause Full (Ergonomics) 727M->710M(816M) 290.224ms
[4.371s][info][gc,cpu         ] GC(95) User=1.89s Sys=0.00s Real=0.29s
[4.393s][info][gc,start       ] GC(96) Pause Young (Allocation Failure)
[4.449s][info][gc,heap        ] GC(96) PSYoungGen: 67416K(81408K)->51072K(85504K) Eden: 17408K(17408K)->0K(17408K) From: 50008K(64000K)->51072K(68096K)
[4.449s][info][gc,heap        ] GC(96) ParOldGen: 677367K(754176K)->694191K(754176K)
[4.449s][info][gc,metaspace   ] GC(96) Metaspace: 6301K(6464K)->6301K(6464K) NonClass: 5768K(5824K)->5768K(5824K) Class: 533K(640K)->533K(640K)
[4.449s][info][gc             ] GC(96) Pause Young (Allocation Failure) 727M->727M(820M) 56.248ms
[4.449s][info][gc,cpu         ] GC(96) User=0.45s Sys=0.05s Real=0.06s
[4.467s][info][gc,start       ] GC(97) Pause Young (Allocation Failure)
[4.500s][info][gc,heap        ] GC(97) PSYoungGen: 68480K(85504K)->68512K(81408K) Eden: 17408K(17408K)->0K(11264K) From: 51072K(68096K)->68512K(70144K)
[4.500s][info][gc,heap        ] GC(97) ParOldGen: 694191K(754176K)->694191K(754176K)
[4.500s][info][gc,metaspace   ] GC(97) Metaspace: 6301K(6464K)->6301K(6464K) NonClass: 5768K(5824K)->5768K(5824K) Class: 533K(640K)->533K(640K)
[4.500s][info][gc             ] GC(97) Pause Young (Allocation Failure) 744M->744M(816M) 33.048ms
[4.500s][info][gc,cpu         ] GC(97) User=0.25s Sys=0.00s Real=0.03s
[4.512s][info][gc,start       ] GC(98) Pause Young (Allocation Failure)
[4.548s][info][gc,heap        ] GC(98) PSYoungGen: 79776K(81408K)->63552K(89600K) Eden: 11264K(11264K)->0K(11264K) From: 68512K(70144K)->63552K(78336K)
[4.548s][info][gc,heap        ] GC(98) ParOldGen: 694191K(754176K)->710591K(754176K)
[4.548s][info][gc,metaspace   ] GC(98) Metaspace: 6301K(6464K)->6301K(6464K) NonClass: 5768K(5824K)->5768K(5824K) Class: 533K(640K)->533K(640K)
[4.548s][info][gc             ] GC(98) Pause Young (Allocation Failure) 755M->755M(824M) 36.096ms
[4.548s][info][gc,cpu         ] GC(98) User=0.25s Sys=0.00s Real=0.04s
[4.560s][info][gc,start       ] GC(99) Pause Young (Allocation Failure)
[4.595s][info][gc,heap        ] GC(99) PSYoungGen: 74816K(89600K)->40064K(89600K) Eden: 11264K(11264K)->0K(12800K) From: 63552K(78336K)->40064K(76800K)
[4.595s][info][gc,heap        ] GC(99) ParOldGen: 710591K(754176K)->745743K(754176K)
[4.595s][info][gc,metaspace   ] GC(99) Metaspace: 6301K(6464K)->6301K(6464K) NonClass: 5768K(5824K)->5768K(5824K) Class: 533K(640K)->533K(640K)
[4.595s][info][gc             ] GC(99) Pause Young (Allocation Failure) 766M->767M(824M) 35.215ms
[4.595s][info][gc,cpu         ] GC(99) User=0.23s Sys=0.02s Real=0.03s
[4.595s][info][gc,start       ] GC(100) Pause Full (Ergonomics)
[4.595s][info][gc,phases,start] GC(100) Marking Phase
[4.770s][info][gc,phases      ] GC(100) Marking Phase 175.204ms
[4.770s][info][gc,phases,start] GC(100) Summary Phase
[4.770s][info][gc,phases      ] GC(100) Summary Phase 0.023ms
[4.770s][info][gc,phases,start] GC(100) Adjust Roots
[4.771s][info][gc,phases      ] GC(100) Adjust Roots 0.149ms
[4.771s][info][gc,phases,start] GC(100) Compaction Phase
[4.855s][info][gc,phases      ] GC(100) Compaction Phase 84.671ms
[4.855s][info][gc,phases,start] GC(100) Post Compact
[4.857s][info][gc,phases      ] GC(100) Post Compact 1.384ms
[4.857s][info][gc,heap        ] GC(100) PSYoungGen: 40064K(89600K)->30643K(91136K) Eden: 0K(12800K)->0K(14336K) From: 40064K(76800K)->30643K(76800K)
[4.857s][info][gc,heap        ] GC(100) ParOldGen: 745743K(754176K)->753953K(844800K)
[4.857s][info][gc,metaspace   ] GC(100) Metaspace: 6301K(6464K)->6301K(6464K) NonClass: 5768K(5824K)->5768K(5824K) Class: 533K(640K)->533K(640K)
[4.857s][info][gc             ] GC(100) Pause Full (Ergonomics) 767M->766M(914M) 262.053ms
[4.857s][info][gc,cpu         ] GC(100) User=1.81s Sys=0.00s Real=0.26s
[4.874s][info][gc,start       ] GC(101) Pause Young (Allocation Failure)
[4.924s][info][gc,heap        ] GC(101) PSYoungGen: 44979K(91136K)->23200K(94208K) Eden: 14336K(14336K)->0K(14336K) From: 30643K(76800K)->23200K(79872K)
[4.924s][info][gc,heap        ] GC(101) ParOldGen: 753953K(844800K)->776153K(844800K)
[4.924s][info][gc,metaspace   ] GC(101) Metaspace: 6301K(6464K)->6301K(6464K) NonClass: 5768K(5824K)->5768K(5824K) Class: 533K(640K)->533K(640K)
[4.924s][info][gc             ] GC(101) Pause Young (Allocation Failure) 780M->780M(917M) 49.833ms
[4.924s][info][gc,cpu         ] GC(101) User=0.28s Sys=0.00s Real=0.05s
[4.938s][info][gc,start       ] GC(102) Pause Young (Allocation Failure)
[4.958s][info][gc,heap        ] GC(102) PSYoungGen: 37536K(94208K)->28800K(93184K) Eden: 14336K(14336K)->0K(16384K) From: 23200K(79872K)->28800K(76800K)
[4.958s][info][gc,heap        ] GC(102) ParOldGen: 776153K(844800K)->785065K(844800K)
[4.958s][info][gc,metaspace   ] GC(102) Metaspace: 6301K(6464K)->6301K(6464K) NonClass: 5768K(5824K)->5768K(5824K) Class: 533K(640K)->533K(640K)
[4.958s][info][gc             ] GC(102) Pause Young (Allocation Failure) 794M->794M(916M) 19.909ms
[4.958s][info][gc,cpu         ] GC(102) User=0.11s Sys=0.03s Real=0.02s
[4.974s][info][gc,start       ] GC(103) Pause Young (Allocation Failure)
[4.997s][info][gc,heap        ] GC(103) PSYoungGen: 45184K(93184K)->30848K(47616K) Eden: 16384K(16384K)->0K(16384K) From: 28800K(76800K)->30848K(31232K)
[4.997s][info][gc,heap        ] GC(103) ParOldGen: 785065K(844800K)->799601K(844800K)
[4.997s][info][gc,metaspace   ] GC(103) Metaspace: 6301K(6464K)->6301K(6464K) NonClass: 5768K(5824K)->5768K(5824K) Class: 533K(640K)->533K(640K)
[4.997s][info][gc             ] GC(103) Pause Young (Allocation Failure) 810M->810M(871M) 23.168ms
[4.997s][info][gc,cpu         ] GC(103) User=0.09s Sys=0.03s Real=0.02s
[5.014s][info][gc,start       ] GC(104) Pause Young (Allocation Failure)
[5.039s][info][gc,heap        ] GC(104) PSYoungGen: 47232K(47616K)->32896K(88576K) Eden: 16384K(16384K)->0K(18432K) From: 30848K(31232K)->32896K(70144K)
[5.039s][info][gc,heap        ] GC(104) ParOldGen: 799601K(844800K)->814121K(844800K)
[5.039s][info][gc,metaspace   ] GC(104) Metaspace: 6301K(6464K)->6301K(6464K) NonClass: 5768K(5824K)->5768K(5824K) Class: 533K(640K)->533K(640K)
[5.039s][info][gc             ] GC(104) Pause Young (Allocation Failure) 826M->827M(911M) 24.255ms
[5.039s][info][gc,cpu         ] GC(104) User=0.14s Sys=0.00s Real=0.02s
[5.058s][info][gc,start       ] GC(105) Pause Young (Allocation Failure)
[5.085s][info][gc,heap        ] GC(105) PSYoungGen: 51328K(88576K)->34976K(91136K) Eden: 18432K(18432K)->0K(18432K) From: 32896K(70144K)->34976K(72704K)
[5.085s][info][gc,heap        ] GC(105) ParOldGen: 814121K(844800K)->830737K(844800K)
[5.085s][info][gc,metaspace   ] GC(105) Metaspace: 6301K(6464K)->6301K(6464K) NonClass: 5768K(5824K)->5768K(5824K) Class: 533K(640K)->533K(640K)
[5.085s][info][gc             ] GC(105) Pause Young (Allocation Failure) 845M->845M(914M) 26.461ms
[5.085s][info][gc,cpu         ] GC(105) User=0.14s Sys=0.00s Real=0.03s
[5.085s][info][gc,start       ] GC(106) Pause Full (Ergonomics)
[5.085s][info][gc,phases,start] GC(106) Marking Phase
[5.263s][info][gc,phases      ] GC(106) Marking Phase 178.064ms
[5.263s][info][gc,phases,start] GC(106) Summary Phase
[5.263s][info][gc,phases      ] GC(106) Summary Phase 0.027ms
[5.263s][info][gc,phases,start] GC(106) Adjust Roots
[5.263s][info][gc,phases      ] GC(106) Adjust Roots 0.151ms
[5.263s][info][gc,phases,start] GC(106) Compaction Phase
[5.350s][info][gc,phases      ] GC(106) Compaction Phase 86.796ms
[5.350s][info][gc,phases,start] GC(106) Post Compact
[5.352s][info][gc,phases      ] GC(106) Post Compact 1.512ms
[5.352s][info][gc,heap        ] GC(106) PSYoungGen: 34976K(91136K)->19937K(91136K) Eden: 0K(18432K)->0K(18432K) From: 34976K(72704K)->19937K(72704K)
[5.352s][info][gc,heap        ] GC(106) ParOldGen: 830737K(844800K)->844382K(937984K)
[5.352s][info][gc,metaspace   ] GC(106) Metaspace: 6301K(6464K)->6301K(6464K) NonClass: 5768K(5824K)->5768K(5824K) Class: 533K(640K)->533K(640K)
[5.352s][info][gc             ] GC(106) Pause Full (Ergonomics) 845M->844M(1005M) 267.231ms
[5.352s][info][gc,cpu         ] GC(106) User=1.84s Sys=0.03s Real=0.27s
[5.376s][info][gc,start       ] GC(107) Pause Young (Allocation Failure)
[5.428s][info][gc,heap        ] GC(107) PSYoungGen: 38369K(91136K)->18560K(90112K) Eden: 18432K(18432K)->0K(20480K) From: 19937K(72704K)->18560K(69632K)
[5.428s][info][gc,heap        ] GC(107) ParOldGen: 844382K(937984K)->864598K(937984K)
[5.428s][info][gc,metaspace   ] GC(107) Metaspace: 6301K(6464K)->6301K(6464K) NonClass: 5768K(5824K)->5768K(5824K) Class: 533K(640K)->533K(640K)
[5.428s][info][gc             ] GC(107) Pause Young (Allocation Failure) 862M->862M(1004M) 52.108ms
[5.428s][info][gc,cpu         ] GC(107) User=0.41s Sys=0.00s Real=0.05s
[5.450s][info][gc,start       ] GC(108) Pause Young (Allocation Failure)
[5.471s][info][gc,heap        ] GC(108) PSYoungGen: 39040K(90112K)->39040K(90624K) Eden: 20480K(20480K)->0K(20480K) From: 18560K(69632K)->39040K(70144K)
[5.471s][info][gc,heap        ] GC(108) ParOldGen: 864598K(937984K)->864598K(937984K)
[5.472s][info][gc,metaspace   ] GC(108) Metaspace: 6301K(6464K)->6301K(6464K) NonClass: 5768K(5824K)->5768K(5824K) Class: 533K(640K)->533K(640K)
[5.472s][info][gc             ] GC(108) Pause Young (Allocation Failure) 882M->882M(1004M) 21.907ms
[5.472s][info][gc,cpu         ] GC(108) User=0.12s Sys=0.00s Real=0.02s
[5.494s][info][gc,start       ] GC(109) Pause Young (Allocation Failure)
[5.525s][info][gc,heap        ] GC(109) PSYoungGen: 59520K(90624K)->41088K(87552K) Eden: 20480K(20480K)->0K(22528K) From: 39040K(70144K)->41088K(65024K)
[5.525s][info][gc,heap        ] GC(109) ParOldGen: 864598K(937984K)->883294K(937984K)
[5.525s][info][gc,metaspace   ] GC(109) Metaspace: 6301K(6464K)->6301K(6464K) NonClass: 5768K(5824K)->5768K(5824K) Class: 533K(640K)->533K(640K)
[5.525s][info][gc             ] GC(109) Pause Young (Allocation Failure) 902M->902M(1001M) 30.805ms
[5.525s][info][gc,cpu         ] GC(109) User=0.08s Sys=0.06s Real=0.03s
[5.549s][info][gc,start       ] GC(110) Pause Young (Allocation Failure)
[5.581s][info][gc,heap        ] GC(110) PSYoungGen: 63616K(87552K)->43136K(89088K) Eden: 22528K(22528K)->0K(22528K) From: 41088K(65024K)->43136K(66560K)
[5.581s][info][gc,heap        ] GC(110) ParOldGen: 883294K(937984K)->904046K(937984K)
[5.581s][info][gc,metaspace   ] GC(110) Metaspace: 6301K(6464K)->6301K(6464K) NonClass: 5768K(5824K)->5768K(5824K) Class: 533K(640K)->533K(640K)
[5.581s][info][gc             ] GC(110) Pause Young (Allocation Failure) 924M->924M(1003M) 32.264ms
[5.581s][info][gc,cpu         ] GC(110) User=0.25s Sys=0.02s Real=0.03s
[5.605s][info][gc,start       ] GC(111) Pause Young (Allocation Failure)
[5.637s][info][gc,heap        ] GC(111) PSYoungGen: 65664K(89088K)->45184K(91136K) Eden: 22528K(22528K)->0K(25088K) From: 43136K(66560K)->45184K(66048K)
[5.637s][info][gc,heap        ] GC(111) ParOldGen: 904046K(937984K)->924806K(937984K)
[5.637s][info][gc,metaspace   ] GC(111) Metaspace: 6301K(6464K)->6301K(6464K) NonClass: 5768K(5824K)->5768K(5824K) Class: 533K(640K)->533K(640K)
[5.637s][info][gc             ] GC(111) Pause Young (Allocation Failure) 946M->947M(1005M) 32.945ms
[5.638s][info][gc,cpu         ] GC(111) User=0.14s Sys=0.02s Real=0.03s
[5.638s][info][gc,start       ] GC(112) Pause Full (Ergonomics)
[5.638s][info][gc,phases,start] GC(112) Marking Phase
[5.854s][info][gc,phases      ] GC(112) Marking Phase 216.239ms
[5.854s][info][gc,phases,start] GC(112) Summary Phase
[5.854s][info][gc,phases      ] GC(112) Summary Phase 0.024ms
[5.854s][info][gc,phases,start] GC(112) Adjust Roots
[5.854s][info][gc,phases      ] GC(112) Adjust Roots 0.147ms
[5.854s][info][gc,phases,start] GC(112) Compaction Phase
[5.951s][info][gc,phases      ] GC(112) Compaction Phase 97.084ms
[5.951s][info][gc,phases,start] GC(112) Post Compact
[5.953s][info][gc,phases      ] GC(112) Post Compact 1.765ms
[5.953s][info][gc,heap        ] GC(112) PSYoungGen: 45184K(91136K)->30679K(91136K) Eden: 0K(25088K)->0K(25088K) From: 45184K(66048K)->30679K(66048K)
[5.953s][info][gc,heap        ] GC(112) ParOldGen: 924806K(937984K)->937923K(1039872K)
[5.953s][info][gc,metaspace   ] GC(112) Metaspace: 6301K(6464K)->6301K(6464K) NonClass: 5768K(5824K)->5768K(5824K) Class: 533K(640K)->533K(640K)
[5.953s][info][gc             ] GC(112) Pause Full (Ergonomics) 947M->945M(1104M) 315.937ms
[5.954s][info][gc,cpu         ] GC(112) User=2.20s Sys=0.03s Real=0.32s
[5.982s][info][gc,start       ] GC(113) Pause Young (Allocation Failure)
[6.047s][info][gc,heap        ] GC(113) PSYoungGen: 55767K(91136K)->40544K(91136K) Eden: 25088K(25088K)->0K(25088K) From: 30679K(66048K)->40544K(66048K)
[6.047s][info][gc,heap        ] GC(113) ParOldGen: 937923K(1039872K)->953571K(1039872K)
[6.047s][info][gc,metaspace   ] GC(113) Metaspace: 6301K(6464K)->6301K(6464K) NonClass: 5768K(5824K)->5768K(5824K) Class: 533K(640K)->533K(640K)
[6.047s][info][gc             ] GC(113) Pause Young (Allocation Failure) 970M->970M(1104M) 64.518ms
[6.047s][info][gc,cpu         ] GC(113) User=0.38s Sys=0.02s Real=0.07s
[6.075s][info][gc,start       ] GC(114) Pause Young (Allocation Failure)
[6.108s][info][gc,heap        ] GC(114) PSYoungGen: 65632K(91136K)->64000K(83968K) Eden: 25088K(25088K)->0K(19968K) From: 40544K(66048K)->64000K(64000K)
[6.108s][info][gc,heap        ] GC(114) ParOldGen: 953571K(1039872K)->955123K(1039872K)
[6.108s][info][gc,metaspace   ] GC(114) Metaspace: 6301K(6464K)->6301K(6464K) NonClass: 5768K(5824K)->5768K(5824K) Class: 533K(640K)->533K(640K)
[6.108s][info][gc             ] GC(114) Pause Young (Allocation Failure) 995M->995M(1097M) 33.585ms
[6.108s][info][gc,cpu         ] GC(114) User=0.14s Sys=0.00s Real=0.03s
[6.130s][info][gc,start       ] GC(115) Pause Young (Allocation Failure)
[6.171s][info][gc,heap        ] GC(115) PSYoungGen: 83968K(83968K)->44704K(91648K) Eden: 19968K(19968K)->0K(19968K) From: 64000K(64000K)->44704K(71680K)
[6.171s][info][gc,heap        ] GC(115) ParOldGen: 955123K(1039872K)->995019K(1039872K)
[6.171s][info][gc,metaspace   ] GC(115) Metaspace: 6301K(6464K)->6301K(6464K) NonClass: 5768K(5824K)->5768K(5824K) Class: 533K(640K)->533K(640K)
[6.171s][info][gc             ] GC(115) Pause Young (Allocation Failure) 1014M->1015M(1105M) 41.506ms
[6.171s][info][gc,cpu         ] GC(115) User=0.23s Sys=0.02s Real=0.04s
[6.193s][info][gc,start       ] GC(116) Pause Young (Allocation Failure)
[6.226s][info][gc,heap        ] GC(116) PSYoungGen: 64672K(91648K)->40096K(87040K) Eden: 19968K(19968K)->0K(22528K) From: 44704K(71680K)->40096K(64512K)
[6.226s][info][gc,heap        ] GC(116) ParOldGen: 995019K(1039872K)->1019907K(1039872K)
[6.226s][info][gc,metaspace   ] GC(116) Metaspace: 6301K(6464K)->6301K(6464K) NonClass: 5768K(5824K)->5768K(5824K) Class: 533K(640K)->533K(640K)
[6.226s][info][gc             ] GC(116) Pause Young (Allocation Failure) 1034M->1035M(1100M) 33.251ms
[6.226s][info][gc,cpu         ] GC(116) User=0.16s Sys=0.00s Real=0.03s
[6.226s][info][gc,start       ] GC(117) Pause Full (Ergonomics)
[6.226s][info][gc,phases,start] GC(117) Marking Phase
[6.470s][info][gc,phases      ] GC(117) Marking Phase 244.093ms
[6.470s][info][gc,phases,start] GC(117) Summary Phase
[6.470s][info][gc,phases      ] GC(117) Summary Phase 0.026ms
[6.470s][info][gc,phases,start] GC(117) Adjust Roots
[6.471s][info][gc,phases      ] GC(117) Adjust Roots 0.189ms
[6.471s][info][gc,phases,start] GC(117) Compaction Phase
[6.569s][info][gc,phases      ] GC(117) Compaction Phase 98.790ms
[6.570s][info][gc,phases,start] GC(117) Post Compact
[6.571s][info][gc,phases      ] GC(117) Post Compact 1.787ms
[6.572s][info][gc,heap        ] GC(117) PSYoungGen: 40096K(87040K)->18925K(89600K) Eden: 0K(22528K)->0K(25088K) From: 40096K(64512K)->18925K(64512K)
[6.572s][info][gc,heap        ] GC(117) ParOldGen: 1019907K(1039872K)->1039662K(1157632K)
[6.572s][info][gc,metaspace   ] GC(117) Metaspace: 6301K(6464K)->6301K(6464K) NonClass: 5768K(5824K)->5768K(5824K) Class: 533K(640K)->533K(640K)
[6.572s][info][gc             ] GC(117) Pause Full (Ergonomics) 1035M->1033M(1218M) 345.610ms
[6.572s][info][gc,cpu         ] GC(117) User=2.48s Sys=0.00s Real=0.35s
[6.602s][info][gc,start       ] GC(118) Pause Young (Allocation Failure)
[6.670s][info][gc,heap        ] GC(118) PSYoungGen: 44013K(89600K)->34688K(92160K) Eden: 25088K(25088K)->0K(25088K) From: 18925K(64512K)->34688K(67072K)
[6.670s][info][gc,heap        ] GC(118) ParOldGen: 1039662K(1157632K)->1049294K(1157632K)
[6.670s][info][gc,metaspace   ] GC(118) Metaspace: 6301K(6464K)->6301K(6464K) NonClass: 5768K(5824K)->5768K(5824K) Class: 533K(640K)->533K(640K)
[6.670s][info][gc             ] GC(118) Pause Young (Allocation Failure) 1058M->1058M(1220M) 68.303ms
[6.670s][info][gc,cpu         ] GC(118) User=0.38s Sys=0.00s Real=0.07s
[6.698s][info][gc,start       ] GC(119) Pause Young (Allocation Failure)
[6.731s][info][gc,heap        ] GC(119) PSYoungGen: 59776K(92160K)->59776K(89600K) Eden: 25088K(25088K)->0K(23552K) From: 34688K(67072K)->59776K(66048K)
[6.731s][info][gc,heap        ] GC(119) ParOldGen: 1049294K(1157632K)->1049294K(1157632K)
[6.731s][info][gc,metaspace   ] GC(119) Metaspace: 6301K(6464K)->6301K(6464K) NonClass: 5768K(5824K)->5768K(5824K) Class: 533K(640K)->533K(640K)
[6.731s][info][gc             ] GC(119) Pause Young (Allocation Failure) 1083M->1083M(1218M) 33.022ms
[6.731s][info][gc,cpu         ] GC(119) User=0.16s Sys=0.00s Real=0.03s
[6.756s][info][gc,start       ] GC(120) Pause Young (Allocation Failure)
[6.800s][info][gc,heap        ] GC(120) PSYoungGen: 83328K(89600K)->70144K(93696K) Eden: 23552K(23552K)->0K(23552K) From: 59776K(66048K)->70144K(70144K)
[6.800s][info][gc,heap        ] GC(120) ParOldGen: 1049294K(1157632K)->1062566K(1157632K)
[6.800s][info][gc,metaspace   ] GC(120) Metaspace: 6301K(6464K)->6301K(6464K) NonClass: 5768K(5824K)->5768K(5824K) Class: 533K(640K)->533K(640K)
[6.800s][info][gc             ] GC(120) Pause Young (Allocation Failure) 1106M->1106M(1222M) 43.866ms
[6.800s][info][gc,cpu         ] GC(120) User=0.22s Sys=0.00s Real=0.04s
[6.826s][info][gc,start       ] GC(121) Pause Young (Allocation Failure)
[6.881s][info][gc,heap        ] GC(121) PSYoungGen: 93696K(93696K)->65824K(106496K) Eden: 23552K(23552K)->0K(23552K) From: 70144K(70144K)->65824K(82944K)
[6.881s][info][gc,heap        ] GC(121) ParOldGen: 1062566K(1157632K)->1090942K(1157632K)
[6.881s][info][gc,metaspace   ] GC(121) Metaspace: 6301K(6464K)->6301K(6464K) NonClass: 5768K(5824K)->5768K(5824K) Class: 533K(640K)->533K(640K)
[6.881s][info][gc             ] GC(121) Pause Young (Allocation Failure) 1129M->1129M(1234M) 54.665ms
[6.881s][info][gc,cpu         ] GC(121) User=0.38s Sys=0.00s Real=0.05s
[6.908s][info][gc,start       ] GC(122) Pause Young (Allocation Failure)
[6.960s][info][gc,heap        ] GC(122) PSYoungGen: 89376K(106496K)->67840K(109568K) Eden: 23552K(23552K)->0K(23552K) From: 65824K(82944K)->67840K(86016K)
[6.960s][info][gc,heap        ] GC(122) ParOldGen: 1090942K(1157632K)->1112742K(1157632K)
[6.960s][info][gc,metaspace   ] GC(122) Metaspace: 6301K(6464K)->6301K(6464K) NonClass: 5768K(5824K)->5768K(5824K) Class: 533K(640K)->533K(640K)
[6.960s][info][gc             ] GC(122) Pause Young (Allocation Failure) 1152M->1152M(1237M) 52.301ms
[6.960s][info][gc,cpu         ] GC(122) User=0.44s Sys=0.00s Real=0.05s
[6.988s][info][gc,start       ] GC(123) Pause Young (Allocation Failure)
[7.041s][info][gc,heap        ] GC(123) PSYoungGen: 91392K(109568K)->47296K(110080K) Eden: 23552K(23552K)->0K(26624K) From: 67840K(86016K)->47296K(83456K)
[7.041s][info][gc,heap        ] GC(123) ParOldGen: 1112742K(1157632K)->1157406K(1157632K)
[7.041s][info][gc,metaspace   ] GC(123) Metaspace: 6301K(6464K)->6301K(6464K) NonClass: 5768K(5824K)->5768K(5824K) Class: 533K(640K)->533K(640K)
[7.041s][info][gc             ] GC(123) Pause Young (Allocation Failure) 1175M->1176M(1238M) 52.903ms
[7.041s][info][gc,cpu         ] GC(123) User=0.38s Sys=0.00s Real=0.05s
[7.041s][info][gc,start       ] GC(124) Pause Full (Ergonomics)
[7.041s][info][gc,phases,start] GC(124) Marking Phase
[7.303s][info][gc,phases      ] GC(124) Marking Phase 262.225ms
[7.303s][info][gc,phases,start] GC(124) Summary Phase
[7.303s][info][gc,phases      ] GC(124) Summary Phase 0.026ms
[7.303s][info][gc,phases,start] GC(124) Adjust Roots
[7.304s][info][gc,phases      ] GC(124) Adjust Roots 0.151ms
[7.304s][info][gc,phases,start] GC(124) Compaction Phase
[7.408s][info][gc,phases      ] GC(124) Compaction Phase 104.636ms
[7.408s][info][gc,phases,start] GC(124) Post Compact
[7.411s][info][gc,phases      ] GC(124) Post Compact 2.381ms
[7.411s][info][gc,heap        ] GC(124) PSYoungGen: 47296K(110080K)->45503K(113152K) Eden: 0K(26624K)->0K(29696K) From: 47296K(83456K)->45503K(83456K)
[7.411s][info][gc,heap        ] GC(124) ParOldGen: 1157406K(1157632K)->1157268K(1289728K)
[7.411s][info][gc,metaspace   ] GC(124) Metaspace: 6301K(6464K)->6301K(6464K) NonClass: 5768K(5824K)->5768K(5824K) Class: 533K(640K)->533K(640K)
[7.411s][info][gc             ] GC(124) Pause Full (Ergonomics) 1176M->1174M(1370M) 370.392ms
[7.412s][info][gc,cpu         ] GC(124) User=2.67s Sys=0.00s Real=0.37s
[7.447s][info][gc,start       ] GC(125) Pause Young (Allocation Failure)
[7.530s][info][gc,heap        ] GC(125) PSYoungGen: 75199K(113152K)->29856K(116224K) Eden: 29696K(29696K)->0K(29696K) From: 45503K(83456K)->29856K(86528K)
[7.530s][info][gc,heap        ] GC(125) ParOldGen: 1157268K(1289728K)->1203436K(1289728K)
[7.530s][info][gc,metaspace   ] GC(125) Metaspace: 6301K(6464K)->6301K(6464K) NonClass: 5768K(5824K)->5768K(5824K) Class: 533K(640K)->533K(640K)
[7.530s][info][gc             ] GC(125) Pause Young (Allocation Failure) 1203M->1204M(1373M) 82.957ms
[7.530s][info][gc,cpu         ] GC(125) User=0.48s Sys=0.02s Real=0.08s
[7.565s][info][gc,start       ] GC(126) Pause Young (Allocation Failure)
[7.599s][info][gc,heap        ] GC(126) PSYoungGen: 59552K(116224K)->29824K(117760K) Eden: 29696K(29696K)->0K(32768K) From: 29856K(86528K)->29824K(84992K)
[7.599s][info][gc,heap        ] GC(126) ParOldGen: 1203436K(1289728K)->1233548K(1289728K)
[7.599s][info][gc,metaspace   ] GC(126) Metaspace: 6301K(6464K)->6301K(6464K) NonClass: 5768K(5824K)->5768K(5824K) Class: 533K(640K)->533K(640K)
[7.599s][info][gc             ] GC(126) Pause Young (Allocation Failure) 1233M->1233M(1374M) 34.020ms
[7.599s][info][gc,cpu         ] GC(126) User=0.14s Sys=0.02s Real=0.03s
[7.641s][info][gc,start       ] GC(127) Pause Young (Allocation Failure)
[7.676s][info][gc,heap        ] GC(127) PSYoungGen: 62592K(117760K)->32896K(118272K) Eden: 32768K(32768K)->0K(32768K) From: 29824K(84992K)->32896K(85504K)
[7.676s][info][gc,heap        ] GC(127) ParOldGen: 1233548K(1289728K)->1263660K(1289728K)
[7.676s][info][gc,metaspace   ] GC(127) Metaspace: 6301K(6464K)->6301K(6464K) NonClass: 5768K(5824K)->5768K(5824K) Class: 533K(640K)->533K(640K)
[7.676s][info][gc             ] GC(127) Pause Young (Allocation Failure) 1265M->1266M(1375M) 35.590ms
[7.676s][info][gc,cpu         ] GC(127) User=0.19s Sys=0.00s Real=0.04s
[7.676s][info][gc,start       ] GC(128) Pause Full (Ergonomics)
[7.676s][info][gc,phases,start] GC(128) Marking Phase
[7.966s][info][gc,phases      ] GC(128) Marking Phase 290.020ms
[7.966s][info][gc,phases,start] GC(128) Summary Phase
[7.966s][info][gc,phases      ] GC(128) Summary Phase 0.026ms
[7.966s][info][gc,phases,start] GC(128) Adjust Roots
[7.966s][info][gc,phases      ] GC(128) Adjust Roots 0.149ms
[7.967s][info][gc,phases,start] GC(128) Compaction Phase
[8.080s][info][gc,phases      ] GC(128) Compaction Phase 113.075ms
[8.080s][info][gc,phases,start] GC(128) Post Compact
[8.082s][info][gc,phases      ] GC(128) Post Compact 2.272ms
[8.083s][info][gc,heap        ] GC(128) PSYoungGen: 32896K(118272K)->5142K(118272K) Eden: 0K(32768K)->0K(32768K) From: 32896K(85504K)->5142K(85504K)
[8.083s][info][gc,heap        ] GC(128) ParOldGen: 1263660K(1289728K)->1289693K(1438208K)
[8.083s][info][gc,metaspace   ] GC(128) Metaspace: 6301K(6464K)->6301K(6464K) NonClass: 5768K(5824K)->5768K(5824K) Class: 533K(640K)->533K(640K)
[8.083s][info][gc             ] GC(128) Pause Full (Ergonomics) 1266M->1264M(1520M) 406.542ms
[8.083s][info][gc,cpu         ] GC(128) User=2.88s Sys=0.03s Real=0.41s
[8.114s][info][gc,start       ] GC(129) Pause Young (Allocation Failure)
[8.187s][info][gc,heap        ] GC(129) PSYoungGen: 37910K(118272K)->20192K(119808K) Eden: 32768K(32768K)->0K(35840K) From: 5142K(85504K)->20192K(83968K)
[8.187s][info][gc,heap        ] GC(129) ParOldGen: 1289693K(1438208K)->1294933K(1438208K)
[8.187s][info][gc,metaspace   ] GC(129) Metaspace: 6301K(6464K)->6301K(6464K) NonClass: 5768K(5824K)->5768K(5824K) Class: 533K(640K)->533K(640K)
[8.187s][info][gc             ] GC(129) Pause Young (Allocation Failure) 1296M->1284M(1521M) 73.245ms
[8.187s][info][gc,cpu         ] GC(129) User=0.39s Sys=0.00s Real=0.07s
[8.229s][info][gc,start       ] GC(130) Pause Young (Allocation Failure)
[8.262s][info][gc,heap        ] GC(130) PSYoungGen: 56032K(119808K)->50464K(120320K) Eden: 35840K(35840K)->0K(35840K) From: 20192K(83968K)->50464K(84480K)
[8.262s][info][gc,heap        ] GC(130) ParOldGen: 1294933K(1438208K)->1294933K(1438208K)
[8.262s][info][gc,metaspace   ] GC(130) Metaspace: 6301K(6464K)->6301K(6464K) NonClass: 5768K(5824K)->5768K(5824K) Class: 533K(640K)->533K(640K)
[8.262s][info][gc             ] GC(130) Pause Young (Allocation Failure) 1319M->1313M(1522M) 33.261ms
[8.262s][info][gc,cpu         ] GC(130) User=0.14s Sys=0.00s Real=0.03s
[8.306s][info][gc,start       ] GC(131) Pause Young (Allocation Failure)
[8.355s][info][gc,heap        ] GC(131) PSYoungGen: 86304K(120320K)->82944K(110080K) Eden: 35840K(35840K)->0K(27136K) From: 50464K(84480K)->82944K(82944K)
[8.355s][info][gc,heap        ] GC(131) ParOldGen: 1294933K(1438208K)->1298285K(1438208K)
[8.355s][info][gc,metaspace   ] GC(131) Metaspace: 6301K(6464K)->6301K(6464K) NonClass: 5768K(5824K)->5768K(5824K) Class: 533K(640K)->533K(640K)
[8.355s][info][gc             ] GC(131) Pause Young (Allocation Failure) 1348M->1348M(1512M) 49.735ms
[8.355s][info][gc,cpu         ] GC(131) User=0.20s Sys=0.03s Real=0.05s
[8.391s][info][gc,start       ] GC(132) Pause Young (Allocation Failure)
[8.453s][info][gc,heap        ] GC(132) PSYoungGen: 110080K(110080K)->61888K(122368K) Eden: 27136K(27136K)->0K(27136K) From: 82944K(82944K)->61888K(95232K)
[8.453s][info][gc,heap        ] GC(132) ParOldGen: 1298285K(1438208K)->1347261K(1438208K)
[8.453s][info][gc,metaspace   ] GC(132) Metaspace: 6301K(6464K)->6301K(6464K) NonClass: 5768K(5824K)->5768K(5824K) Class: 533K(640K)->533K(640K)
[8.453s][info][gc             ] GC(132) Pause Young (Allocation Failure) 1375M->1376M(1524M) 61.852ms
[8.453s][info][gc,cpu         ] GC(132) User=0.39s Sys=0.00s Real=0.06s
[8.767s][info][gc,start       ] GC(133) Pause Full (Ergonomics)
[8.767s][info][gc,phases,start] GC(133) Marking Phase
[9.087s][info][gc,phases      ] GC(133) Marking Phase 320.383ms
[9.087s][info][gc,phases,start] GC(133) Summary Phase
[9.087s][info][gc,phases      ] GC(133) Summary Phase 0.036ms
[9.087s][info][gc,phases,start] GC(133) Adjust Roots
[9.088s][info][gc,phases      ] GC(133) Adjust Roots 0.241ms
[9.088s][info][gc,phases,start] GC(133) Compaction Phase
[9.436s][info][gc,phases      ] GC(133) Compaction Phase 348.131ms
[9.436s][info][gc,phases,start] GC(133) Post Compact
[9.439s][info][gc,phases      ] GC(133) Post Compact 3.516ms
[9.440s][info][gc,heap        ] GC(133) PSYoungGen: 89024K(122368K)->29935K(122368K) Eden: 27136K(27136K)->0K(27136K) From: 61888K(95232K)->29935K(95232K)
[9.440s][info][gc,heap        ] GC(133) ParOldGen: 1412797K(1438208K)->1437917K(1602560K)
[9.440s][info][gc,metaspace   ] GC(133) Metaspace: 6301K(6464K)->6301K(6464K) NonClass: 5768K(5824K)->5768K(5824K) Class: 533K(640K)->533K(640K)
[9.440s][info][gc             ] GC(133) Pause Full (Ergonomics) 1466M->1433M(1684M) 673.361ms
[9.440s][info][gc,cpu         ] GC(133) User=4.20s Sys=0.03s Real=0.67s
[9.467s][info][gc,start       ] GC(134) Pause Young (Allocation Failure)
[9.556s][info][gc,heap        ] GC(134) PSYoungGen: 57071K(122368K)->39328K(118784K) Eden: 27136K(27136K)->0K(29696K) From: 29935K(95232K)->39328K(89088K)
[9.556s][info][gc,heap        ] GC(134) ParOldGen: 1437917K(1602560K)->1456125K(1602560K)
[9.556s][info][gc,metaspace   ] GC(134) Metaspace: 6301K(6464K)->6301K(6464K) NonClass: 5768K(5824K)->5768K(5824K) Class: 533K(640K)->533K(640K)
[9.556s][info][gc             ] GC(134) Pause Young (Allocation Failure) 1459M->1460M(1681M) 89.032ms
[9.556s][info][gc,cpu         ] GC(134) User=0.58s Sys=0.00s Real=0.09s
[9.584s][info][gc,start       ] GC(135) Pause Young (Allocation Failure)
[9.620s][info][gc,heap        ] GC(135) PSYoungGen: 69024K(118784K)->69056K(122368K) Eden: 29696K(29696K)->0K(29696K) From: 39328K(89088K)->69056K(92672K)
[9.620s][info][gc,heap        ] GC(135) ParOldGen: 1456125K(1602560K)->1456125K(1602560K)
[9.620s][info][gc,metaspace   ] GC(135) Metaspace: 6301K(6464K)->6301K(6464K) NonClass: 5768K(5824K)->5768K(5824K) Class: 533K(640K)->533K(640K)
[9.621s][info][gc             ] GC(135) Pause Young (Allocation Failure) 1489M->1489M(1684M) 36.341ms
[9.621s][info][gc,cpu         ] GC(135) User=0.16s Sys=0.00s Real=0.04s
[9.650s][info][gc,start       ] GC(136) Pause Young (Allocation Failure)
[9.698s][info][gc,heap        ] GC(136) PSYoungGen: 98752K(122368K)->95744K(114688K) Eden: 29696K(29696K)->0K(18944K) From: 69056K(92672K)->95744K(95744K)
[9.698s][info][gc,heap        ] GC(136) ParOldGen: 1456125K(1602560K)->1459117K(1602560K)
[9.698s][info][gc,metaspace   ] GC(136) Metaspace: 6301K(6464K)->6301K(6464K) NonClass: 5768K(5824K)->5768K(5824K) Class: 533K(640K)->533K(640K)
[9.698s][info][gc             ] GC(136) Pause Young (Allocation Failure) 1518M->1518M(1677M) 48.031ms
[9.698s][info][gc,cpu         ] GC(136) User=0.27s Sys=0.00s Real=0.05s
[9.718s][info][gc,start       ] GC(137) Pause Young (Allocation Failure)
[9.772s][info][gc,heap        ] GC(137) PSYoungGen: 114688K(114688K)->76640K(128512K) Eden: 18944K(18944K)->0K(18944K) From: 95744K(95744K)->76640K(109568K)
[9.772s][info][gc,heap        ] GC(137) ParOldGen: 1459117K(1602560K)->1497709K(1602560K)
[9.772s][info][gc,metaspace   ] GC(137) Metaspace: 6301K(6464K)->6301K(6464K) NonClass: 5768K(5824K)->5768K(5824K) Class: 533K(640K)->533K(640K)
[9.772s][info][gc             ] GC(137) Pause Young (Allocation Failure) 1536M->1537M(1690M) 54.427ms
[9.772s][info][gc,cpu         ] GC(137) User=0.36s Sys=0.03s Real=0.05s
[9.792s][info][gc,start       ] GC(138) Pause Young (Allocation Failure)
[9.839s][info][gc,heap        ] GC(138) PSYoungGen: 95584K(128512K)->67584K(130560K) Eden: 18944K(18944K)->0K(21504K) From: 76640K(109568K)->67584K(109056K)
[9.839s][info][gc,heap        ] GC(138) ParOldGen: 1497709K(1602560K)->1526077K(1602560K)
[9.839s][info][gc,metaspace   ] GC(138) Metaspace: 6301K(6464K)->6301K(6464K) NonClass: 5768K(5824K)->5768K(5824K) Class: 533K(640K)->533K(640K)
[9.839s][info][gc             ] GC(138) Pause Young (Allocation Failure) 1555M->1556M(1692M) 47.265ms
[9.839s][info][gc,cpu         ] GC(138) User=0.27s Sys=0.00s Real=0.05s
[9.861s][info][gc,start       ] GC(139) Pause Young (Allocation Failure)
[9.908s][info][gc,heap        ] GC(139) PSYoungGen: 89088K(130560K)->40576K(132096K) Eden: 21504K(21504K)->0K(21504K) From: 67584K(109056K)->40576K(110592K)
[9.908s][info][gc,heap        ] GC(139) ParOldGen: 1526077K(1602560K)->1575149K(1602560K)
[9.908s][info][gc,metaspace   ] GC(139) Metaspace: 6301K(6464K)->6301K(6464K) NonClass: 5768K(5824K)->5768K(5824K) Class: 533K(640K)->533K(640K)
[9.908s][info][gc             ] GC(139) Pause Young (Allocation Failure) 1577M->1577M(1694M) 46.745ms
[9.908s][info][gc,cpu         ] GC(139) User=0.27s Sys=0.00s Real=0.05s
[9.908s][info][gc,start       ] GC(140) Pause Full (Ergonomics)
[9.908s][info][gc,phases,start] GC(140) Marking Phase
[10.265s][info][gc,phases      ] GC(140) Marking Phase 357.405ms
[10.265s][info][gc,phases,start] GC(140) Summary Phase
[10.265s][info][gc,phases      ] GC(140) Summary Phase 0.031ms
[10.265s][info][gc,phases,start] GC(140) Adjust Roots
[10.266s][info][gc,phases      ] GC(140) Adjust Roots 0.175ms
[10.266s][info][gc,phases,start] GC(140) Compaction Phase
[10.435s][info][gc,phases      ] GC(140) Compaction Phase 169.854ms
[10.435s][info][gc,phases,start] GC(140) Post Compact
[10.439s][info][gc,phases      ] GC(140) Post Compact 3.082ms
[10.439s][info][gc,heap        ] GC(140) PSYoungGen: 40576K(132096K)->11262K(132096K) Eden: 0K(21504K)->0K(21504K) From: 40576K(110592K)->11262K(110592K)
[10.439s][info][gc,heap        ] GC(140) ParOldGen: 1575149K(1602560K)->1602319K(1782784K)
[10.439s][info][gc,metaspace   ] GC(140) Metaspace: 6301K(6464K)->6301K(6464K) NonClass: 5768K(5824K)->5768K(5824K) Class: 533K(640K)->533K(640K)
[10.439s][info][gc             ] GC(140) Pause Full (Ergonomics) 1577M->1575M(1870M) 531.607ms
[10.439s][info][gc,cpu         ] GC(140) User=3.78s Sys=0.02s Real=0.53s
[10.463s][info][gc,start       ] GC(141) Pause Young (Allocation Failure)
[10.545s][info][gc,heap        ] GC(141) PSYoungGen: 32766K(132096K)->21664K(131584K) Eden: 21504K(21504K)->0K(23552K) From: 11262K(110592K)->21664K(108032K)
[10.546s][info][gc,heap        ] GC(141) ParOldGen: 1602319K(1782784K)->1613759K(1782784K)
[10.546s][info][gc,metaspace   ] GC(141) Metaspace: 6301K(6464K)->6301K(6464K) NonClass: 5768K(5824K)->5768K(5824K) Class: 533K(640K)->533K(640K)
[10.546s][info][gc             ] GC(141) Pause Young (Allocation Failure) 1596M->1597M(1869M) 82.782ms
[10.546s][info][gc,cpu         ] GC(141) User=0.52s Sys=0.00s Real=0.08s
[10.569s][info][gc,start       ] GC(142) Pause Young (Allocation Failure)
[10.601s][info][gc,heap        ] GC(142) PSYoungGen: 45216K(131584K)->23712K(132608K) Eden: 23552K(23552K)->0K(23552K) From: 21664K(108032K)->23712K(109056K)
[10.601s][info][gc,heap        ] GC(142) ParOldGen: 1613759K(1782784K)->1635535K(1782784K)
[10.601s][info][gc,metaspace   ] GC(142) Metaspace: 6301K(6464K)->6301K(6464K) NonClass: 5768K(5824K)->5768K(5824K) Class: 533K(640K)->533K(640K)
[10.601s][info][gc             ] GC(142) Pause Young (Allocation Failure) 1620M->1620M(1870M) 31.661ms
[10.601s][info][gc,cpu         ] GC(142) User=0.14s Sys=0.00s Real=0.03s
[10.627s][info][gc,start       ] GC(143) Pause Young (Allocation Failure)
[10.659s][info][gc,heap        ] GC(143) PSYoungGen: 47264K(132608K)->23680K(132096K) Eden: 23552K(23552K)->0K(26624K) From: 23712K(109056K)->23680K(105472K)
[10.659s][info][gc,heap        ] GC(143) ParOldGen: 1635535K(1782784K)->1659399K(1782784K)
[10.659s][info][gc,metaspace   ] GC(143) Metaspace: 6301K(6464K)->6301K(6464K) NonClass: 5768K(5824K)->5768K(5824K) Class: 533K(640K)->533K(640K)
[10.659s][info][gc             ] GC(143) Pause Young (Allocation Failure) 1643M->1643M(1870M) 32.091ms
[10.659s][info][gc,cpu         ] GC(143) User=0.03s Sys=0.00s Real=0.03s
[10.686s][info][gc,start       ] GC(144) Pause Young (Allocation Failure)
[10.719s][info][gc,heap        ] GC(144) PSYoungGen: 50304K(132096K)->26784K(133632K) Eden: 26624K(26624K)->0K(26624K) From: 23680K(105472K)->26784K(107008K)
[10.719s][info][gc,heap        ] GC(144) ParOldGen: 1659399K(1782784K)->1683255K(1782784K)
[10.719s][info][gc,metaspace   ] GC(144) Metaspace: 6301K(6464K)->6301K(6464K) NonClass: 5768K(5824K)->5768K(5824K) Class: 533K(640K)->533K(640K)
[10.719s][info][gc             ] GC(144) Pause Young (Allocation Failure) 1669M->1669M(1871M) 33.706ms
[10.719s][info][gc,cpu         ] GC(144) User=0.05s Sys=0.00s Real=0.03s
[10.747s][info][gc,start       ] GC(145) Pause Young (Allocation Failure)
[10.780s][info][gc,heap        ] GC(145) PSYoungGen: 53408K(133632K)->26784K(129024K) Eden: 26624K(26624K)->0K(29696K) From: 26784K(107008K)->26784K(99328K)
[10.780s][info][gc,heap        ] GC(145) ParOldGen: 1683255K(1782784K)->1710255K(1782784K)
[10.780s][info][gc,metaspace   ] GC(145) Metaspace: 6301K(6464K)->6301K(6464K) NonClass: 5768K(5824K)->5768K(5824K) Class: 533K(640K)->533K(640K)
[10.780s][info][gc             ] GC(145) Pause Young (Allocation Failure) 1695M->1696M(1867M) 33.011ms
[10.780s][info][gc,cpu         ] GC(145) User=0.06s Sys=0.00s Real=0.03s
[10.812s][info][gc,start       ] GC(146) Pause Young (Allocation Failure)
[10.847s][info][gc,heap        ] GC(146) PSYoungGen: 56480K(129024K)->29856K(131584K) Eden: 29696K(29696K)->0K(29696K) From: 26784K(99328K)->29856K(101888K)
[10.847s][info][gc,heap        ] GC(146) ParOldGen: 1710255K(1782784K)->1737247K(1782784K)
[10.847s][info][gc,metaspace   ] GC(146) Metaspace: 6301K(6464K)->6301K(6464K) NonClass: 5768K(5824K)->5768K(5824K) Class: 533K(640K)->533K(640K)
[10.847s][info][gc             ] GC(146) Pause Young (Allocation Failure) 1725M->1725M(1869M) 35.678ms
[10.847s][info][gc,cpu         ] GC(146) User=0.16s Sys=0.02s Real=0.04s
[10.847s][info][gc,start       ] GC(147) Pause Full (Ergonomics)
[10.847s][info][gc,phases,start] GC(147) Marking Phase
[11.251s][info][gc,phases      ] GC(147) Marking Phase 403.808ms
[11.251s][info][gc,phases,start] GC(147) Summary Phase
[11.251s][info][gc,phases      ] GC(147) Summary Phase 0.042ms
[11.251s][info][gc,phases,start] GC(147) Adjust Roots
[11.251s][info][gc,phases      ] GC(147) Adjust Roots 0.203ms
[11.252s][info][gc,phases,start] GC(147) Compaction Phase
[11.432s][info][gc,phases      ] GC(147) Compaction Phase 180.850ms
[11.432s][info][gc,phases,start] GC(147) Post Compact
[11.436s][info][gc,phases      ] GC(147) Post Compact 3.340ms
[11.437s][info][gc,heap        ] GC(147) PSYoungGen: 29856K(131584K)->0K(131584K) Eden: 0K(29696K)->0K(33280K) From: 29856K(101888K)->0K(98304K)
[11.437s][info][gc,heap        ] GC(147) ParOldGen: 1737247K(1782784K)->1764946K(1944576K)
[11.437s][info][gc,metaspace   ] GC(147) Metaspace: 6301K(6464K)->6301K(6464K) NonClass: 5768K(5824K)->5768K(5824K) Class: 533K(640K)->533K(640K)
[11.437s][info][gc             ] GC(147) Pause Full (Ergonomics) 1725M->1723M(2027M) 589.367ms
[11.437s][info][gc,cpu         ] GC(147) User=4.05s Sys=0.05s Real=0.59s
[11.471s][info][gc,start       ] GC(148) Pause Young (Allocation Failure)
[11.499s][info][gc,heap        ] GC(148) PSYoungGen: 33280K(131584K)->33440K(67072K) Eden: 33280K(33280K)->0K(33280K) From: 0K(98304K)->33440K(33792K)
[11.499s][info][gc,heap        ] GC(148) ParOldGen: 1764946K(1944576K)->1764946K(1944576K)
[11.499s][info][gc,metaspace   ] GC(148) Metaspace: 6301K(6464K)->6301K(6464K) NonClass: 5768K(5824K)->5768K(5824K) Class: 533K(640K)->533K(640K)
[11.499s][info][gc             ] GC(148) Pause Young (Allocation Failure) 1756M->1756M(1964M) 27.628ms
[11.499s][info][gc,cpu         ] GC(148) User=0.05s Sys=0.00s Real=0.03s
[11.532s][info][gc,start       ] GC(149) Pause Young (Allocation Failure)
[11.572s][info][gc,heap        ] GC(149) PSYoungGen: 66720K(67072K)->66752K(126464K) Eden: 33280K(33280K)->0K(32256K) From: 33440K(33792K)->66752K(94208K)
[11.572s][info][gc,heap        ] GC(149) ParOldGen: 1764946K(1944576K)->1764946K(1944576K)
[11.572s][info][gc,metaspace   ] GC(149) Metaspace: 6301K(6464K)->6301K(6464K) NonClass: 5768K(5824K)->5768K(5824K) Class: 533K(640K)->533K(640K)
[11.572s][info][gc             ] GC(149) Pause Young (Allocation Failure) 1788M->1788M(2022M) 39.601ms
[11.572s][info][gc,cpu         ] GC(149) User=0.16s Sys=0.00s Real=0.04s
[11.607s][info][gc,start       ] GC(150) Pause Young (Allocation Failure)
[11.659s][info][gc,heap        ] GC(150) PSYoungGen: 99008K(126464K)->98304K(130560K) Eden: 32256K(32256K)->0K(32256K) From: 66752K(94208K)->98304K(98304K)
[11.659s][info][gc,heap        ] GC(150) ParOldGen: 1764946K(1944576K)->1765610K(1944576K)
[11.659s][info][gc,metaspace   ] GC(150) Metaspace: 6301K(6464K)->6301K(6464K) NonClass: 5768K(5824K)->5768K(5824K) Class: 533K(640K)->533K(640K)
[11.659s][info][gc             ] GC(150) Pause Young (Allocation Failure) 1820M->1820M(2026M) 51.511ms
[11.659s][info][gc,cpu         ] GC(150) User=0.36s Sys=0.00s Real=0.05s
[11.695s][info][gc,start       ] GC(151) Pause Young (Allocation Failure)
[11.770s][info][gc,heap        ] GC(151) PSYoungGen: 130560K(130560K)->64544K(147968K) Eden: 32256K(32256K)->0K(35840K) From: 98304K(98304K)->64544K(112128K)
[11.770s][info][gc,heap        ] GC(151) ParOldGen: 1765610K(1944576K)->1832586K(1944576K)
[11.770s][info][gc,metaspace   ] GC(151) Metaspace: 6301K(6464K)->6301K(6464K) NonClass: 5768K(5824K)->5768K(5824K) Class: 533K(640K)->533K(640K)
[11.770s][info][gc             ] GC(151) Pause Young (Allocation Failure) 1851M->1852M(2043M) 74.761ms
[11.770s][info][gc,cpu         ] GC(151) User=0.42s Sys=0.02s Real=0.08s
[11.808s][info][gc,start       ] GC(152) Pause Young (Allocation Failure)
[11.866s][info][gc,heap        ] GC(152) PSYoungGen: 100384K(147968K)->68288K(148480K) Eden: 35840K(35840K)->0K(35840K) From: 64544K(112128K)->68288K(112640K)
[11.866s][info][gc,heap        ] GC(152) ParOldGen: 1832586K(1944576K)->1865146K(1944576K)
[11.866s][info][gc,metaspace   ] GC(152) Metaspace: 6301K(6464K)->6301K(6464K) NonClass: 5768K(5824K)->5768K(5824K) Class: 533K(640K)->533K(640K)
[11.866s][info][gc             ] GC(152) Pause Young (Allocation Failure) 1887M->1888M(2044M) 57.308ms
[11.866s][info][gc,cpu         ] GC(152) User=0.33s Sys=0.05s Real=0.06s
[11.908s][info][gc,start       ] GC(153) Pause Young (Allocation Failure)
[11.965s][info][gc,heap        ] GC(153) PSYoungGen: 104128K(148480K)->71904K(152064K) Eden: 35840K(35840K)->0K(38912K) From: 68288K(112640K)->71904K(113152K)
[11.965s][info][gc,heap        ] GC(153) ParOldGen: 1865146K(1944576K)->1897874K(1944576K)
[11.965s][info][gc,metaspace   ] GC(153) Metaspace: 6301K(6464K)->6301K(6464K) NonClass: 5768K(5824K)->5768K(5824K) Class: 533K(640K)->533K(640K)
[11.965s][info][gc             ] GC(153) Pause Young (Allocation Failure) 1923M->1923M(2047M) 57.291ms
[11.965s][info][gc,cpu         ] GC(153) User=0.41s Sys=0.03s Real=0.06s
[11.965s][info][gc,start       ] GC(154) Pause Full (Ergonomics)
[11.965s][info][gc,phases,start] GC(154) Marking Phase
[12.410s][info][gc,phases      ] GC(154) Marking Phase 445.267ms
[12.410s][info][gc,phases,start] GC(154) Summary Phase
[12.410s][info][gc,phases      ] GC(154) Summary Phase 0.039ms
[12.410s][info][gc,phases,start] GC(154) Adjust Roots
[12.411s][info][gc,phases      ] GC(154) Adjust Roots 0.353ms
[12.411s][info][gc,phases,start] GC(154) Compaction Phase
[12.603s][info][gc,phases      ] GC(154) Compaction Phase 192.335ms
[12.603s][info][gc,phases,start] GC(154) Post Compact
[12.607s][info][gc,phases      ] GC(154) Post Compact 3.798ms
[12.608s][info][gc,heap        ] GC(154) PSYoungGen: 71904K(152064K)->23085K(152064K) Eden: 0K(38912K)->0K(38912K) From: 71904K(113152K)->23085K(113152K)
[12.608s][info][gc,heap        ] GC(154) ParOldGen: 1897874K(1944576K)->1944426K(2149888K)
[12.608s][info][gc,metaspace   ] GC(154) Metaspace: 6301K(6464K)->6301K(6464K) NonClass: 5768K(5824K)->5768K(5824K) Class: 533K(640K)->533K(640K)
[12.608s][info][gc             ] GC(154) Pause Full (Ergonomics) 1923M->1921M(2248M) 642.892ms
[12.608s][info][gc,cpu         ] GC(154) User=4.44s Sys=0.06s Real=0.64s
[12.658s][info][gc,start       ] GC(155) Pause Young (Allocation Failure)
[12.772s][info][gc,heap        ] GC(155) PSYoungGen: 61997K(152064K)->51648K(90624K) Eden: 38912K(38912K)->0K(38912K) From: 23085K(113152K)->51648K(51712K)
[12.772s][info][gc,heap        ] GC(155) ParOldGen: 1944426K(2149888K)->1955130K(2149888K)
[12.772s][info][gc,metaspace   ] GC(155) Metaspace: 6301K(6464K)->6301K(6464K) NonClass: 5768K(5824K)->5768K(5824K) Class: 533K(640K)->533K(640K)
[12.772s][info][gc             ] GC(155) Pause Young (Allocation Failure) 1959M->1959M(2188M) 113.329ms
[12.772s][info][gc,cpu         ] GC(155) User=0.84s Sys=0.02s Real=0.11s
[12.818s][info][gc,start       ] GC(156) Pause Young (Allocation Failure)
[12.869s][info][gc,heap        ] GC(156) PSYoungGen: 90560K(90624K)->90656K(143360K) Eden: 38912K(38912K)->0K(34816K) From: 51648K(51712K)->90656K(108544K)
[12.869s][info][gc,heap        ] GC(156) ParOldGen: 1955130K(2149888K)->1955130K(2149888K)
[12.869s][info][gc,metaspace   ] GC(156) Metaspace: 6301K(6464K)->6301K(6464K) NonClass: 5768K(5824K)->5768K(5824K) Class: 533K(640K)->533K(640K)
[12.869s][info][gc             ] GC(156) Pause Young (Allocation Failure) 1997M->1997M(2239M) 50.936ms
[12.869s][info][gc,cpu         ] GC(156) User=0.25s Sys=0.00s Real=0.05s
[12.909s][info][gc,start       ] GC(157) Pause Young (Allocation Failure)
[12.980s][info][gc,heap        ] GC(157) PSYoungGen: 125472K(143360K)->116736K(151552K) Eden: 34816K(34816K)->0K(34816K) From: 90656K(108544K)->116736K(116736K)
[12.980s][info][gc,heap        ] GC(157) ParOldGen: 1955130K(2149888K)->1963906K(2149888K)
[12.980s][info][gc,metaspace   ] GC(157) Metaspace: 6301K(6464K)->6301K(6464K) NonClass: 5768K(5824K)->5768K(5824K) Class: 533K(640K)->533K(640K)
[12.980s][info][gc             ] GC(157) Pause Young (Allocation Failure) 2031M->2031M(2247M) 71.098ms
[12.980s][info][gc,cpu         ] GC(157) User=0.41s Sys=0.02s Real=0.07s
[13.024s][info][gc,start       ] GC(158) Pause Young (Allocation Failure)
[13.124s][info][gc,heap        ] GC(158) PSYoungGen: 151552K(151552K)->105024K(166400K) Eden: 34816K(34816K)->0K(30720K) From: 116736K(116736K)->105024K(135680K)
[13.124s][info][gc,heap        ] GC(158) ParOldGen: 1963906K(2149888K)->2011218K(2149888K)
[13.124s][info][gc,metaspace   ] GC(158) Metaspace: 6301K(6464K)->6301K(6464K) NonClass: 5768K(5824K)->5768K(5824K) Class: 533K(640K)->533K(640K)
[13.124s][info][gc             ] GC(158) Pause Young (Allocation Failure) 2065M->2066M(2262M) 99.575ms
[13.124s][info][gc,cpu         ] GC(158) User=0.53s Sys=0.11s Real=0.10s
[13.157s][info][gc,start       ] GC(159) Pause Young (Allocation Failure)
[13.245s][info][gc,heap        ] GC(159) PSYoungGen: 135744K(166400K)->98912K(174592K) Eden: 30720K(30720K)->0K(30720K) From: 105024K(135680K)->98912K(143872K)
[13.245s][info][gc,heap        ] GC(159) ParOldGen: 2011218K(2149888K)->2048570K(2149888K)
[13.245s][info][gc,metaspace   ] GC(159) Metaspace: 6301K(6464K)->6301K(6464K) NonClass: 5768K(5824K)->5768K(5824K) Class: 533K(640K)->533K(640K)
[13.245s][info][gc             ] GC(159) Pause Young (Allocation Failure) 2096M->2097M(2270M) 88.233ms
[13.246s][info][gc,cpu         ] GC(159) User=0.53s Sys=0.02s Real=0.09s
[13.278s][info][gc,start       ] GC(160) Pause Young (Allocation Failure)
[13.359s][info][gc,heap        ] GC(160) PSYoungGen: 129632K(174592K)->61664K(171008K) Eden: 30720K(30720K)->0K(34816K) From: 98912K(143872K)->61664K(136192K)
[13.359s][info][gc,heap        ] GC(160) ParOldGen: 2048570K(2149888K)->2117450K(2149888K)
[13.359s][info][gc,metaspace   ] GC(160) Metaspace: 6301K(6464K)->6301K(6464K) NonClass: 5768K(5824K)->5768K(5824K) Class: 533K(640K)->533K(640K)
[13.359s][info][gc             ] GC(160) Pause Young (Allocation Failure) 2127M->2128M(2266M) 80.327ms
[13.359s][info][gc,cpu         ] GC(160) User=0.38s Sys=0.03s Real=0.08s
[13.359s][info][gc,start       ] GC(161) Pause Full (Ergonomics)
[13.359s][info][gc,phases,start] GC(161) Marking Phase
[13.873s][info][gc,phases      ] GC(161) Marking Phase 514.012ms
[13.873s][info][gc,phases,start] GC(161) Summary Phase
[13.873s][info][gc,phases      ] GC(161) Summary Phase 0.035ms
[13.873s][info][gc,phases,start] GC(161) Adjust Roots
[13.873s][info][gc,phases      ] GC(161) Adjust Roots 0.178ms
[13.873s][info][gc,phases,start] GC(161) Compaction Phase
[14.088s][info][gc,phases      ] GC(161) Compaction Phase 214.689ms
[14.088s][info][gc,phases,start] GC(161) Post Compact
[14.092s][info][gc,phases      ] GC(161) Post Compact 4.327ms
[14.093s][info][gc,heap        ] GC(161) PSYoungGen: 61664K(171008K)->26628K(175616K) Eden: 0K(34816K)->0K(39424K) From: 61664K(136192K)->26628K(136192K)
[14.093s][info][gc,heap        ] GC(161) ParOldGen: 2117450K(2149888K)->2149596K(2386432K)
[14.093s][info][gc,metaspace   ] GC(161) Metaspace: 6301K(6464K)->6301K(6464K) NonClass: 5768K(5824K)->5768K(5824K) Class: 533K(640K)->533K(640K)
[14.093s][info][gc             ] GC(161) Pause Full (Ergonomics) 2128M->2125M(2502M) 734.516ms
[14.093s][info][gc,cpu         ] GC(161) User=5.27s Sys=0.02s Real=0.73s
[14.141s][info][gc,start       ] GC(162) Pause Young (Allocation Failure)
[14.278s][info][gc,heap        ] GC(162) PSYoungGen: 66052K(175616K)->39616K(181248K) Eden: 39424K(39424K)->0K(39424K) From: 26628K(136192K)->39616K(141824K)
[14.278s][info][gc,heap        ] GC(162) ParOldGen: 2149596K(2386432K)->2176588K(2386432K)
[14.278s][info][gc,metaspace   ] GC(162) Metaspace: 6301K(6464K)->6301K(6464K) NonClass: 5768K(5824K)->5768K(5824K) Class: 533K(640K)->533K(640K)
[14.278s][info][gc             ] GC(162) Pause Young (Allocation Failure) 2163M->2164M(2507M) 136.159ms
[14.278s][info][gc,cpu         ] GC(162) User=0.91s Sys=0.02s Real=0.14s
[14.327s][info][gc,start       ] GC(163) Pause Young (Allocation Failure)
[14.378s][info][gc,heap        ] GC(163) PSYoungGen: 79040K(181248K)->39584K(178688K) Eden: 39424K(39424K)->0K(44032K) From: 39616K(141824K)->39584K(134656K)
[14.379s][info][gc,heap        ] GC(163) ParOldGen: 2176588K(2386432K)->2216588K(2386432K)
[14.379s][info][gc,metaspace   ] GC(163) Metaspace: 6301K(6464K)->6301K(6464K) NonClass: 5768K(5824K)->5768K(5824K) Class: 533K(640K)->533K(640K)
[14.379s][info][gc             ] GC(163) Pause Young (Allocation Failure) 2202M->2203M(2505M) 51.801ms
[14.379s][info][gc,cpu         ] GC(163) User=0.22s Sys=0.02s Real=0.05s
[14.428s][info][gc,start       ] GC(164) Pause Young (Allocation Failure)
[14.480s][info][gc,heap        ] GC(164) PSYoungGen: 83616K(178688K)->44224K(181248K) Eden: 44032K(44032K)->0K(44032K) From: 39584K(134656K)->44224K(137216K)
[14.480s][info][gc,heap        ] GC(164) ParOldGen: 2216588K(2386432K)->2256572K(2386432K)
[14.480s][info][gc,metaspace   ] GC(164) Metaspace: 6301K(6464K)->6301K(6464K) NonClass: 5768K(5824K)->5768K(5824K) Class: 533K(640K)->533K(640K)
[14.480s][info][gc             ] GC(164) Pause Young (Allocation Failure) 2246M->2246M(2507M) 52.352ms
[14.480s][info][gc,cpu         ] GC(164) User=0.30s Sys=0.00s Real=0.05s
[14.532s][info][gc,start       ] GC(165) Pause Young (Allocation Failure)
[14.586s][info][gc,heap        ] GC(165) PSYoungGen: 88256K(181248K)->44192K(174592K) Eden: 44032K(44032K)->0K(49152K) From: 44224K(137216K)->44192K(125440K)
[14.586s][info][gc,heap        ] GC(165) ParOldGen: 2256572K(2386432K)->2301004K(2386432K)
[14.586s][info][gc,metaspace   ] GC(165) Metaspace: 6301K(6464K)->6301K(6464K) NonClass: 5768K(5824K)->5768K(5824K) Class: 533K(640K)->533K(640K)
[14.586s][info][gc             ] GC(165) Pause Young (Allocation Failure) 2289M->2290M(2501M) 53.706ms
[14.586s][info][gc,cpu         ] GC(165) User=0.48s Sys=0.00s Real=0.05s
[14.643s][info][gc,start       ] GC(166) Pause Young (Allocation Failure)
[14.702s][info][gc,heap        ] GC(166) PSYoungGen: 93344K(174592K)->49376K(178688K) Eden: 49152K(49152K)->0K(49152K) From: 44192K(125440K)->49376K(129536K)
[14.703s][info][gc,heap        ] GC(166) ParOldGen: 2301004K(2386432K)->2345444K(2386432K)
[14.703s][info][gc,metaspace   ] GC(166) Metaspace: 6301K(6464K)->6301K(6464K) NonClass: 5768K(5824K)->5768K(5824K) Class: 533K(640K)->533K(640K)
[14.703s][info][gc             ] GC(166) Pause Young (Allocation Failure) 2338M->2338M(2505M) 59.123ms
[14.703s][info][gc,cpu         ] GC(166) User=0.30s Sys=0.03s Real=0.06s
[14.703s][info][gc,start       ] GC(167) Pause Full (Ergonomics)
[14.703s][info][gc,phases,start] GC(167) Marking Phase
[15.276s][info][gc,phases      ] GC(167) Marking Phase 573.163ms
[15.276s][info][gc,phases,start] GC(167) Summary Phase
[15.276s][info][gc,phases      ] GC(167) Summary Phase 0.066ms
[15.276s][info][gc,phases,start] GC(167) Adjust Roots
[15.276s][info][gc,phases      ] GC(167) Adjust Roots 0.307ms
[15.276s][info][gc,phases,start] GC(167) Compaction Phase
[15.537s][info][gc,phases      ] GC(167) Compaction Phase 260.718ms
[15.537s][info][gc,phases,start] GC(167) Post Compact
[15.543s][info][gc,phases      ] GC(167) Post Compact 5.850ms
[15.544s][info][gc,heap        ] GC(167) PSYoungGen: 49376K(178688K)->6196K(178688K) Eden: 0K(49152K)->0K(49152K) From: 49376K(129536K)->6196K(129536K)
[15.544s][info][gc,heap        ] GC(167) ParOldGen: 2345444K(2386432K)->2385939K(2637312K)
[15.544s][info][gc,metaspace   ] GC(167) Metaspace: 6301K(6464K)->6301K(6464K) NonClass: 5768K(5824K)->5768K(5824K) Class: 533K(640K)->533K(640K)
[15.544s][info][gc             ] GC(167) Pause Full (Ergonomics) 2338M->2336M(2750M) 841.424ms
[15.544s][info][gc,cpu         ] GC(167) User=5.56s Sys=0.02s Real=0.84s
[15.607s][info][gc,start       ] GC(168) Pause Young (Allocation Failure)
[15.761s][info][gc,heap        ] GC(168) PSYoungGen: 55348K(178688K)->49344K(168448K) Eden: 49152K(49152K)->0K(53760K) From: 6196K(129536K)->49344K(114688K)
[15.761s][info][gc,heap        ] GC(168) ParOldGen: 2385939K(2637312K)->2392219K(2637312K)
[15.761s][info][gc,metaspace   ] GC(168) Metaspace: 6301K(6464K)->6301K(6464K) NonClass: 5768K(5824K)->5768K(5824K) Class: 533K(640K)->533K(640K)
[15.761s][info][gc             ] GC(168) Pause Young (Allocation Failure) 2384M->2384M(2740M) 154.149ms
[15.761s][info][gc,cpu         ] GC(168) User=0.72s Sys=0.00s Real=0.15s
[15.826s][info][gc,start       ] GC(169) Pause Young (Allocation Failure)
[15.888s][info][gc,heap        ] GC(169) PSYoungGen: 103104K(168448K)->103200K(174080K) Eden: 53760K(53760K)->0K(53760K) From: 49344K(114688K)->103200K(120320K)
[15.888s][info][gc,heap        ] GC(169) ParOldGen: 2392219K(2637312K)->2392219K(2637312K)
[15.888s][info][gc,metaspace   ] GC(169) Metaspace: 6301K(6464K)->6301K(6464K) NonClass: 5768K(5824K)->5768K(5824K) Class: 533K(640K)->533K(640K)
[15.888s][info][gc             ] GC(169) Pause Young (Allocation Failure) 2436M->2436M(2745M) 61.846ms
[15.888s][info][gc,cpu         ] GC(169) User=0.38s Sys=0.00s Real=0.06s
[15.952s][info][gc,start       ] GC(170) Pause Young (Allocation Failure)
[16.042s][info][gc,heap        ] GC(170) PSYoungGen: 156960K(174080K)->130560K(161280K) Eden: 53760K(53760K)->0K(30720K) From: 103200K(120320K)->130560K(130560K)
[16.042s][info][gc,heap        ] GC(170) ParOldGen: 2392219K(2637312K)->2418803K(2637312K)
[16.042s][info][gc,metaspace   ] GC(170) Metaspace: 6301K(6464K)->6301K(6464K) NonClass: 5768K(5824K)->5768K(5824K) Class: 533K(640K)->533K(640K)
[16.042s][info][gc             ] GC(170) Pause Young (Allocation Failure) 2489M->2489M(2733M) 90.535ms
[16.042s][info][gc,cpu         ] GC(170) User=0.53s Sys=0.11s Real=0.09s
[16.078s][info][gc,start       ] GC(171) Pause Young (Allocation Failure)
[16.169s][info][gc,heap        ] GC(171) PSYoungGen: 161280K(161280K)->74528K(105472K) Eden: 30720K(30720K)->0K(30720K) From: 130560K(130560K)->74528K(74752K)
[16.169s][info][gc,heap        ] GC(171) ParOldGen: 2418803K(2637312K)->2506339K(2637312K)
[16.169s][info][gc,metaspace   ] GC(171) Metaspace: 6301K(6464K)->6301K(6464K) NonClass: 5768K(5824K)->5768K(5824K) Class: 533K(640K)->533K(640K)
[16.169s][info][gc             ] GC(171) Pause Young (Allocation Failure) 2519M->2520M(2678M) 91.728ms
[16.169s][info][gc,cpu         ] GC(171) User=0.59s Sys=0.05s Real=0.09s
[16.209s][info][gc,start       ] GC(172) Pause Young (Allocation Failure)
[16.268s][info][gc,heap        ] GC(172) PSYoungGen: 105248K(105472K)->61632K(173568K) Eden: 30720K(30720K)->0K(34304K) From: 74528K(74752K)->61632K(139264K)
[16.269s][info][gc,heap        ] GC(172) ParOldGen: 2506339K(2637312K)->2550355K(2637312K)
[16.269s][info][gc,metaspace   ] GC(172) Metaspace: 6301K(6464K)->6301K(6464K) NonClass: 5768K(5824K)->5768K(5824K) Class: 533K(640K)->533K(640K)
[16.269s][info][gc             ] GC(172) Pause Young (Allocation Failure) 2550M->2550M(2745M) 59.575ms
[16.269s][info][gc,cpu         ] GC(172) User=0.33s Sys=0.05s Real=0.06s
[16.310s][info][gc,start       ] GC(173) Pause Young (Allocation Failure)
[16.378s][info][gc,heap        ] GC(173) PSYoungGen: 95936K(173568K)->65216K(99840K) Eden: 34304K(34304K)->0K(34304K) From: 61632K(139264K)->65216K(65536K)
[16.378s][info][gc,heap        ] GC(173) ParOldGen: 2550355K(2637312K)->2581347K(2637312K)
[16.378s][info][gc,metaspace   ] GC(173) Metaspace: 6301K(6464K)->6301K(6464K) NonClass: 5768K(5824K)->5768K(5824K) Class: 533K(640K)->533K(640K)
[16.378s][info][gc             ] GC(173) Pause Young (Allocation Failure) 2584M->2584M(2673M) 68.291ms
[16.378s][info][gc,cpu         ] GC(173) User=0.20s Sys=0.02s Real=0.07s
[16.378s][info][gc,start       ] GC(174) Pause Full (Ergonomics)
[16.378s][info][gc,phases,start] GC(174) Marking Phase
[17.002s][info][gc,phases      ] GC(174) Marking Phase 624.515ms
[17.003s][info][gc,phases,start] GC(174) Summary Phase
[17.003s][info][gc,phases      ] GC(174) Summary Phase 0.064ms
[17.003s][info][gc,phases,start] GC(174) Adjust Roots
[17.003s][info][gc,phases      ] GC(174) Adjust Roots 0.221ms
[17.003s][info][gc,phases,start] GC(174) Compaction Phase
[17.223s][info][gc,phases      ] GC(174) Compaction Phase 220.323ms
[17.223s][info][gc,phases,start] GC(174) Post Compact
[17.229s][info][gc,phases      ] GC(174) Post Compact 5.618ms
[17.230s][info][gc,heap        ] GC(174) PSYoungGen: 65216K(99840K)->7222K(99840K) Eden: 0K(34304K)->0K(34304K) From: 65216K(65536K)->7222K(65536K)
[17.230s][info][gc,heap        ] GC(174) ParOldGen: 2581347K(2637312K)->2637148K(2913792K)
[17.230s][info][gc,metaspace   ] GC(174) Metaspace: 6301K(6464K)->6301K(6464K) NonClass: 5768K(5824K)->5768K(5824K) Class: 533K(640K)->533K(640K)
[17.230s][info][gc             ] GC(174) Pause Full (Ergonomics) 2584M->2582M(2943M) 852.244ms
[17.230s][info][gc,cpu         ] GC(174) User=6.17s Sys=0.02s Real=0.85s
[17.272s][info][gc,start       ] GC(175) Pause Young (Allocation Failure)
[17.410s][info][gc,heap        ] GC(175) PSYoungGen: 41526K(99840K)->40064K(173056K) Eden: 34304K(34304K)->0K(37888K) From: 7222K(65536K)->40064K(135168K)
[17.410s][info][gc,heap        ] GC(175) ParOldGen: 2637148K(2913792K)->2638844K(2913792K)
[17.410s][info][gc,metaspace   ] GC(175) Metaspace: 6301K(6464K)->6301K(6464K) NonClass: 5768K(5824K)->5768K(5824K) Class: 533K(640K)->533K(640K)
[17.410s][info][gc             ] GC(175) Pause Young (Allocation Failure) 2615M->2616M(3014M) 138.254ms
[17.410s][info][gc,cpu         ] GC(175) User=0.78s Sys=0.00s Real=0.14s
[17.457s][info][gc,start       ] GC(176) Pause Young (Allocation Failure)
[17.503s][info][gc,heap        ] GC(176) PSYoungGen: 77952K(173056K)->77984K(175104K) Eden: 37888K(37888K)->0K(37888K) From: 40064K(135168K)->77984K(137216K)
[17.503s][info][gc,heap        ] GC(176) ParOldGen: 2638844K(2913792K)->2638844K(2913792K)
[17.503s][info][gc,metaspace   ] GC(176) Metaspace: 6301K(6464K)->6301K(6464K) NonClass: 5768K(5824K)->5768K(5824K) Class: 533K(640K)->533K(640K)
[17.503s][info][gc             ] GC(176) Pause Young (Allocation Failure) 2653M->2653M(3016M) 46.766ms
[17.504s][info][gc,cpu         ] GC(176) User=0.25s Sys=0.00s Real=0.05s
[17.544s][info][gc,start       ] GC(177) Pause Young (Allocation Failure)
[17.607s][info][gc,heap        ] GC(177) PSYoungGen: 115872K(175104K)->115968K(165376K) Eden: 37888K(37888K)->0K(31232K) From: 77984K(137216K)->115968K(134144K)
[17.607s][info][gc,heap        ] GC(177) ParOldGen: 2638844K(2913792K)->2638844K(2913792K)
[17.607s][info][gc,metaspace   ] GC(177) Metaspace: 6301K(6464K)->6301K(6464K) NonClass: 5768K(5824K)->5768K(5824K) Class: 533K(640K)->533K(640K)
[17.607s][info][gc             ] GC(177) Pause Young (Allocation Failure) 2690M->2690M(3007M) 62.699ms
[17.607s][info][gc,cpu         ] GC(177) User=0.39s Sys=0.00s Real=0.06s
[17.644s][info][gc,start       ] GC(178) Pause Young (Allocation Failure)
[17.721s][info][gc,heap        ] GC(178) PSYoungGen: 147200K(165376K)->141632K(176128K) Eden: 31232K(31232K)->0K(31232K) From: 115968K(134144K)->141632K(144896K)
[17.721s][info][gc,heap        ] GC(178) ParOldGen: 2638844K(2913792K)->2644492K(2913792K)
[17.721s][info][gc,metaspace   ] GC(178) Metaspace: 6301K(6464K)->6301K(6464K) NonClass: 5768K(5824K)->5768K(5824K) Class: 533K(640K)->533K(640K)
[17.721s][info][gc             ] GC(178) Pause Young (Allocation Failure) 2720M->2720M(3017M) 76.563ms
[17.721s][info][gc,cpu         ] GC(178) User=0.48s Sys=0.02s Real=0.08s
[17.758s][info][gc,start       ] GC(179) Pause Young (Allocation Failure)
[17.856s][info][gc,heap        ] GC(179) PSYoungGen: 172864K(176128K)->138560K(184832K) Eden: 31232K(31232K)->0K(22016K) From: 141632K(144896K)->138560K(162816K)
[17.856s][info][gc,heap        ] GC(179) ParOldGen: 2644492K(2913792K)->2679116K(2913792K)
[17.856s][info][gc,metaspace   ] GC(179) Metaspace: 6301K(6464K)->6301K(6464K) NonClass: 5768K(5824K)->5768K(5824K) Class: 533K(640K)->533K(640K)
[17.856s][info][gc             ] GC(179) Pause Young (Allocation Failure) 2751M->2751M(3026M) 98.328ms
[17.856s][info][gc,cpu         ] GC(179) User=0.62s Sys=0.03s Real=0.10s
[17.882s][info][gc,start       ] GC(180) Pause Young (Allocation Failure)
[17.977s][info][gc,heap        ] GC(180) PSYoungGen: 160576K(184832K)->84736K(107008K) Eden: 22016K(22016K)->0K(22016K) From: 138560K(162816K)->84736K(84992K)
[17.977s][info][gc,heap        ] GC(180) ParOldGen: 2679116K(2913792K)->2755564K(2913792K)
[17.977s][info][gc,metaspace   ] GC(180) Metaspace: 6301K(6464K)->6301K(6464K) NonClass: 5768K(5824K)->5768K(5824K) Class: 533K(640K)->533K(640K)
[17.977s][info][gc             ] GC(180) Pause Young (Allocation Failure) 2773M->2773M(2950M) 94.665ms
[17.977s][info][gc,cpu         ] GC(180) User=0.55s Sys=0.06s Real=0.09s
[18.571s][info][gc,start       ] GC(181) Pause Full (Ergonomics)
[18.571s][info][gc,phases,start] GC(181) Marking Phase
[19.233s][info][gc,phases      ] GC(181) Marking Phase 661.861ms
[19.233s][info][gc,phases,start] GC(181) Summary Phase
[19.233s][info][gc,phases      ] GC(181) Summary Phase 0.047ms
[19.233s][info][gc,phases,start] GC(181) Adjust Roots
[19.233s][info][gc,phases      ] GC(181) Adjust Roots 0.191ms
[19.233s][info][gc,phases,start] GC(181) Compaction Phase
[19.692s][info][gc,phases      ] GC(181) Compaction Phase 458.832ms
[19.692s][info][gc,phases,start] GC(181) Post Compact
[19.698s][info][gc,phases      ] GC(181) Post Compact 5.939ms
[19.699s][info][gc,heap        ] GC(181) PSYoungGen: 106752K(107008K)->12857K(107008K) Eden: 22016K(22016K)->0K(22016K) From: 84736K(84992K)->12857K(84992K)
[19.699s][info][gc,heap        ] GC(181) ParOldGen: 2886636K(2913792K)->2913417K(3217920K)
[19.699s][info][gc,metaspace   ] GC(181) Metaspace: 6301K(6464K)->6301K(6464K) NonClass: 5768K(5824K)->5768K(5824K) Class: 533K(640K)->533K(640K)
[19.699s][info][gc             ] GC(181) Pause Full (Ergonomics) 2923M->2857M(3247M) 1128.327ms
[19.699s][info][gc,cpu         ] GC(181) User=7.91s Sys=0.03s Real=1.13s
[19.725s][info][gc,start       ] GC(182) Pause Young (Allocation Failure)
[19.878s][info][gc,heap        ] GC(182) PSYoungGen: 34873K(107008K)->26208K(190464K) Eden: 22016K(22016K)->0K(23040K) From: 12857K(84992K)->26208K(167424K)
[19.878s][info][gc,heap        ] GC(182) ParOldGen: 2913417K(3217920K)->2922337K(3217920K)
[19.878s][info][gc,metaspace   ] GC(182) Metaspace: 6301K(6464K)->6301K(6464K) NonClass: 5768K(5824K)->5768K(5824K) Class: 533K(640K)->533K(640K)
[19.878s][info][gc             ] GC(182) Pause Young (Allocation Failure) 2879M->2879M(3328M) 153.226ms
[19.878s][info][gc,cpu         ] GC(182) User=0.89s Sys=0.00s Real=0.15s
[19.903s][info][gc,start       ] GC(183) Pause Young (Allocation Failure)
[19.955s][info][gc,heap        ] GC(183) PSYoungGen: 49248K(190464K)->45248K(68608K) Eden: 23040K(23040K)->0K(23040K) From: 26208K(167424K)->45248K(45568K)
[19.955s][info][gc,heap        ] GC(183) ParOldGen: 2922337K(3217920K)->2926473K(3217920K)
[19.955s][info][gc,metaspace   ] GC(183) Metaspace: 6301K(6464K)->6301K(6464K) NonClass: 5768K(5824K)->5768K(5824K) Class: 533K(640K)->533K(640K)
[19.955s][info][gc             ] GC(183) Pause Young (Allocation Failure) 2901M->2902M(3209M) 52.488ms
[19.955s][info][gc,cpu         ] GC(183) User=0.14s Sys=0.02s Real=0.05s
[19.980s][info][gc,start       ] GC(184) Pause Young (Allocation Failure)
[20.034s][info][gc,heap        ] GC(184) PSYoungGen: 68288K(68608K)->46272K(185856K) Eden: 23040K(23040K)->0K(26112K) From: 45248K(45568K)->46272K(159744K)
[20.034s][info][gc,heap        ] GC(184) ParOldGen: 2926473K(3217920K)->2948689K(3217920K)
[20.034s][info][gc,metaspace   ] GC(184) Metaspace: 6301K(6464K)->6301K(6464K) NonClass: 5768K(5824K)->5768K(5824K) Class: 533K(640K)->533K(640K)
[20.034s][info][gc             ] GC(184) Pause Young (Allocation Failure) 2924M->2924M(3324M) 53.483ms
[20.034s][info][gc,cpu         ] GC(184) User=0.16s Sys=0.02s Real=0.05s
[20.058s][info][gc,start       ] GC(185) Pause Young (Allocation Failure)
[20.114s][info][gc,heap        ] GC(185) PSYoungGen: 72384K(185856K)->26272K(188928K) Eden: 26112K(26112K)->0K(26112K) From: 46272K(159744K)->26272K(162816K)
[20.114s][info][gc,heap        ] GC(185) ParOldGen: 2948689K(3217920K)->2995161K(3217920K)
[20.114s][info][gc,metaspace   ] GC(185) Metaspace: 6301K(6464K)->6301K(6464K) NonClass: 5768K(5824K)->5768K(5824K) Class: 533K(640K)->533K(640K)
[20.114s][info][gc             ] GC(185) Pause Young (Allocation Failure) 2950M->2950M(3327M) 56.357ms
[20.114s][info][gc,cpu         ] GC(185) User=0.19s Sys=0.02s Real=0.06s
[20.141s][info][gc,start       ] GC(186) Pause Young (Allocation Failure)
[20.191s][info][gc,heap        ] GC(186) PSYoungGen: 52384K(188928K)->26240K(187392K) Eden: 26112K(26112K)->0K(29696K) From: 26272K(162816K)->26240K(157696K)
[20.191s][info][gc,heap        ] GC(186) ParOldGen: 2995161K(3217920K)->3021513K(3217920K)
[20.191s][info][gc,metaspace   ] GC(186) Metaspace: 6301K(6464K)->6301K(6464K) NonClass: 5768K(5824K)->5768K(5824K) Class: 533K(640K)->533K(640K)
[20.191s][info][gc             ] GC(186) Pause Young (Allocation Failure) 2976M->2976M(3325M) 50.259ms
[20.191s][info][gc,cpu         ] GC(186) User=0.08s Sys=0.00s Real=0.05s
[20.219s][info][gc,start       ] GC(187) Pause Young (Allocation Failure)
[20.269s][info][gc,heap        ] GC(187) PSYoungGen: 55936K(187392K)->29888K(189440K) Eden: 29696K(29696K)->0K(29696K) From: 26240K(157696K)->29888K(159744K)
[20.269s][info][gc,heap        ] GC(187) ParOldGen: 3021513K(3217920K)->3047857K(3217920K)
[20.269s][info][gc,metaspace   ] GC(187) Metaspace: 6301K(6464K)->6301K(6464K) NonClass: 5768K(5824K)->5768K(5824K) Class: 533K(640K)->533K(640K)
[20.269s][info][gc             ] GC(187) Pause Young (Allocation Failure) 3005M->3005M(3327M) 49.719ms
[20.269s][info][gc,cpu         ] GC(187) User=0.19s Sys=0.00s Real=0.05s
[20.296s][info][gc,start       ] GC(188) Pause Young (Allocation Failure)
[20.345s][info][gc,heap        ] GC(188) PSYoungGen: 59584K(189440K)->29856K(181760K) Eden: 29696K(29696K)->0K(33792K) From: 29888K(159744K)->29856K(147968K)
[20.345s][info][gc,heap        ] GC(188) ParOldGen: 3047857K(3217920K)->3077825K(3217920K)
[20.345s][info][gc,metaspace   ] GC(188) Metaspace: 6301K(6464K)->6301K(6464K) NonClass: 5768K(5824K)->5768K(5824K) Class: 533K(640K)->533K(640K)
[20.345s][info][gc             ] GC(188) Pause Young (Allocation Failure) 3034M->3034M(3320M) 48.935ms
[20.345s][info][gc,cpu         ] GC(188) User=0.11s Sys=0.00s Real=0.05s
[20.376s][info][gc,start       ] GC(189) Pause Young (Allocation Failure)
[20.428s][info][gc,heap        ] GC(189) PSYoungGen: 63648K(181760K)->33952K(68096K) Eden: 33792K(33792K)->0K(33792K) From: 29856K(147968K)->33952K(34304K)
[20.428s][info][gc,heap        ] GC(189) ParOldGen: 3077825K(3217920K)->3107793K(3217920K)
[20.428s][info][gc,metaspace   ] GC(189) Metaspace: 6301K(6464K)->6301K(6464K) NonClass: 5768K(5824K)->5768K(5824K) Class: 533K(640K)->533K(640K)
[20.428s][info][gc             ] GC(189) Pause Young (Allocation Failure) 3067M->3068M(3209M) 51.389ms
[20.428s][info][gc,cpu         ] GC(189) User=0.20s Sys=0.00s Real=0.05s
[20.461s][info][gc,start       ] GC(190) Pause Young (Allocation Failure)
[20.514s][info][gc,heap        ] GC(190) PSYoungGen: 67744K(68096K)->33952K(174080K) Eden: 33792K(33792K)->0K(38400K) From: 33952K(34304K)->33952K(135680K)
[20.515s][info][gc,heap        ] GC(190) ParOldGen: 3107793K(3217920K)->3141897K(3217920K)
[20.515s][info][gc,metaspace   ] GC(190) Metaspace: 6301K(6464K)->6301K(6464K) NonClass: 5768K(5824K)->5768K(5824K) Class: 533K(640K)->533K(640K)
[20.515s][info][gc             ] GC(190) Pause Young (Allocation Failure) 3101M->3101M(3312M) 53.184ms
[20.515s][info][gc,cpu         ] GC(190) User=0.17s Sys=0.00s Real=0.05s
[20.557s][info][gc,start       ] GC(191) Pause Young (Allocation Failure)
[20.613s][info][gc,heap        ] GC(191) PSYoungGen: 72352K(174080K)->38560K(77312K) Eden: 38400K(38400K)->0K(38400K) From: 33952K(135680K)->38560K(38912K)
[20.614s][info][gc,heap        ] GC(191) ParOldGen: 3141897K(3217920K)->3175985K(3217920K)
[20.614s][info][gc,metaspace   ] GC(191) Metaspace: 6301K(6464K)->6301K(6464K) NonClass: 5768K(5824K)->5768K(5824K) Class: 533K(640K)->533K(640K)
[20.614s][info][gc             ] GC(191) Pause Young (Allocation Failure) 3138M->3139M(3218M) 56.432ms
[20.614s][info][gc,cpu         ] GC(191) User=0.19s Sys=0.00s Real=0.06s
[20.614s][info][gc,start       ] GC(192) Pause Full (Ergonomics)
[20.614s][info][gc,phases,start] GC(192) Marking Phase
[21.329s][info][gc,phases      ] GC(192) Marking Phase 715.685ms
[21.329s][info][gc,phases,start] GC(192) Summary Phase
[21.329s][info][gc,phases      ] GC(192) Summary Phase 0.069ms
[21.330s][info][gc,phases,start] GC(192) Adjust Roots
[21.330s][info][gc,phases      ] GC(192) Adjust Roots 0.205ms
[21.330s][info][gc,phases,start] GC(192) Compaction Phase
[21.660s][info][gc,phases      ] GC(192) Compaction Phase 330.006ms
[21.660s][info][gc,phases,start] GC(192) Post Compact
[21.666s][info][gc,phases      ] GC(192) Post Compact 5.940ms
[21.667s][info][gc,heap        ] GC(192) PSYoungGen: 38560K(77312K)->0K(178688K) Eden: 0K(38400K)->0K(43520K) From: 38560K(38912K)->0K(135168K)
[21.667s][info][gc,heap        ] GC(192) ParOldGen: 3175985K(3217920K)->3211652K(3514368K)
[21.667s][info][gc,metaspace   ] GC(192) Metaspace: 6301K(6464K)->6301K(6464K) NonClass: 5768K(5824K)->5768K(5824K) Class: 533K(640K)->533K(640K)
[21.667s][info][gc             ] GC(192) Pause Full (Ergonomics) 3139M->3136M(3606M) 1053.367ms
[21.667s][info][gc,cpu         ] GC(192) User=7.36s Sys=0.00s Real=1.05s
[21.711s][info][gc,start       ] GC(193) Pause Young (Allocation Failure)
[21.753s][info][gc,heap        ] GC(193) PSYoungGen: 43520K(178688K)->43680K(87552K) Eden: 43520K(43520K)->0K(43520K) From: 0K(135168K)->43680K(44032K)
[21.753s][info][gc,heap        ] GC(193) ParOldGen: 3211652K(3514368K)->3211652K(3514368K)
[21.753s][info][gc,metaspace   ] GC(193) Metaspace: 6301K(6464K)->6301K(6464K) NonClass: 5768K(5824K)->5768K(5824K) Class: 533K(640K)->533K(640K)
[21.753s][info][gc             ] GC(193) Pause Young (Allocation Failure) 3178M->3179M(3517M) 41.697ms
[21.753s][info][gc,cpu         ] GC(193) User=0.08s Sys=0.00s Real=0.04s
[21.794s][info][gc,start       ] GC(194) Pause Young (Allocation Failure)
[21.847s][info][gc,heap        ] GC(194) PSYoungGen: 87200K(87552K)->87328K(169984K) Eden: 43520K(43520K)->0K(41984K) From: 43680K(44032K)->87328K(128000K)
[21.847s][info][gc,heap        ] GC(194) ParOldGen: 3211652K(3514368K)->3211652K(3514368K)
[21.847s][info][gc,metaspace   ] GC(194) Metaspace: 6301K(6464K)->6301K(6464K) NonClass: 5768K(5824K)->5768K(5824K) Class: 533K(640K)->533K(640K)
[21.847s][info][gc             ] GC(194) Pause Young (Allocation Failure) 3221M->3221M(3598M) 52.557ms
[21.847s][info][gc,cpu         ] GC(194) User=0.17s Sys=0.00s Real=0.05s
[21.891s][info][gc,start       ] GC(195) Pause Young (Allocation Failure)
[21.962s][info][gc,heap        ] GC(195) PSYoungGen: 129312K(169984K)->85792K(176128K) Eden: 41984K(41984K)->0K(41984K) From: 87328K(128000K)->85792K(134144K)
[21.962s][info][gc,heap        ] GC(195) ParOldGen: 3211652K(3514368K)->3255556K(3514368K)
[21.962s][info][gc,metaspace   ] GC(195) Metaspace: 6301K(6464K)->6301K(6464K) NonClass: 5768K(5824K)->5768K(5824K) Class: 533K(640K)->533K(640K)
[21.962s][info][gc             ] GC(195) Pause Young (Allocation Failure) 3262M->3263M(3604M) 70.797ms
[21.962s][info][gc,cpu         ] GC(195) User=0.28s Sys=0.09s Real=0.07s
[22.006s][info][gc,start       ] GC(196) Pause Young (Allocation Failure)
[22.075s][info][gc,heap        ] GC(196) PSYoungGen: 127776K(176128K)->84192K(182784K) Eden: 41984K(41984K)->0K(45056K) From: 85792K(134144K)->84192K(137728K)
[22.075s][info][gc,heap        ] GC(196) ParOldGen: 3255556K(3514368K)->3299476K(3514368K)
[22.075s][info][gc,metaspace   ] GC(196) Metaspace: 6301K(6464K)->6301K(6464K) NonClass: 5768K(5824K)->5768K(5824K) Class: 533K(640K)->533K(640K)
[22.075s][info][gc             ] GC(196) Pause Young (Allocation Failure) 3304M->3304M(3610M) 69.172ms
[22.075s][info][gc,cpu         ] GC(196) User=0.28s Sys=0.02s Real=0.07s
[22.125s][info][gc,start       ] GC(197) Pause Young (Allocation Failure)
[22.195s][info][gc,heap        ] GC(197) PSYoungGen: 129248K(182784K)->87296K(184320K) Eden: 45056K(45056K)->0K(45056K) From: 84192K(137728K)->87296K(139264K)
[22.195s][info][gc,heap        ] GC(197) ParOldGen: 3299476K(3514368K)->3341836K(3514368K)
[22.195s][info][gc,metaspace   ] GC(197) Metaspace: 6301K(6464K)->6301K(6464K) NonClass: 5768K(5824K)->5768K(5824K) Class: 533K(640K)->533K(640K)
[22.195s][info][gc             ] GC(197) Pause Young (Allocation Failure) 3348M->3348M(3612M) 70.309ms
[22.195s][info][gc,cpu         ] GC(197) User=0.28s Sys=0.05s Real=0.07s
[22.242s][info][gc,start       ] GC(198) Pause Young (Allocation Failure)
[22.315s][info][gc,heap        ] GC(198) PSYoungGen: 132352K(184320K)->90400K(188928K) Eden: 45056K(45056K)->0K(47616K) From: 87296K(139264K)->90400K(141312K)
[22.315s][info][gc,heap        ] GC(198) ParOldGen: 3341836K(3514368K)->3384196K(3514368K)
[22.315s][info][gc,metaspace   ] GC(198) Metaspace: 6301K(6464K)->6301K(6464K) NonClass: 5768K(5824K)->5768K(5824K) Class: 533K(640K)->533K(640K)
[22.315s][info][gc             ] GC(198) Pause Young (Allocation Failure) 3392M->3393M(3616M) 72.253ms
[22.315s][info][gc,cpu         ] GC(198) User=0.28s Sys=0.02s Real=0.07s
[22.357s][info][gc,start       ] GC(199) Pause Young (Allocation Failure)
[22.433s][info][gc,heap        ] GC(199) PSYoungGen: 138016K(188928K)->92960K(191488K) Eden: 47616K(47616K)->0K(47616K) From: 90400K(141312K)->92960K(143872K)
[22.433s][info][gc,heap        ] GC(199) ParOldGen: 3384196K(3514368K)->3429644K(3514368K)
[22.433s][info][gc,metaspace   ] GC(199) Metaspace: 6301K(6464K)->6301K(6464K) NonClass: 5768K(5824K)->5768K(5824K) Class: 533K(640K)->533K(640K)
[22.433s][info][gc             ] GC(199) Pause Young (Allocation Failure) 3439M->3440M(3619M) 75.868ms
[22.433s][info][gc,cpu         ] GC(199) User=0.44s Sys=0.02s Real=0.08s
[22.483s][info][gc,start       ] GC(200) Pause Young (Allocation Failure)
[22.554s][info][gc,heap        ] GC(200) PSYoungGen: 140576K(191488K)->47872K(191488K) Eden: 47616K(47616K)->0K(53760K) From: 92960K(143872K)->47872K(137728K)
[22.554s][info][gc,heap        ] GC(200) ParOldGen: 3429644K(3514368K)->3523140K(3523584K)
[22.554s][info][gc,metaspace   ] GC(200) Metaspace: 6301K(6464K)->6301K(6464K) NonClass: 5768K(5824K)->5768K(5824K) Class: 533K(640K)->533K(640K)
[22.554s][info][gc             ] GC(200) Pause Young (Allocation Failure) 3486M->3487M(3628M) 71.882ms
[22.554s][info][gc,cpu         ] GC(200) User=0.33s Sys=0.06s Real=0.07s
[22.555s][info][gc,start       ] GC(201) Pause Full (Ergonomics)
[22.555s][info][gc,phases,start] GC(201) Marking Phase
[23.341s][info][gc,phases      ] GC(201) Marking Phase 786.956ms
[23.342s][info][gc,phases,start] GC(201) Summary Phase
[23.342s][info][gc,phases      ] GC(201) Summary Phase 0.043ms
[23.342s][info][gc,phases,start] GC(201) Adjust Roots
[23.342s][info][gc,phases      ] GC(201) Adjust Roots 0.192ms
[23.342s][info][gc,phases,start] GC(201) Compaction Phase
[23.703s][info][gc,phases      ] GC(201) Compaction Phase 361.413ms
[23.703s][info][gc,phases,start] GC(201) Post Compact
[23.710s][info][gc,phases      ] GC(201) Post Compact 6.395ms
[23.711s][info][gc,heap        ] GC(201) PSYoungGen: 47872K(191488K)->44514K(195584K) Eden: 0K(53760K)->0K(57856K) From: 47872K(137728K)->44514K(137728K)
[23.711s][info][gc,heap        ] GC(201) ParOldGen: 3523140K(3523584K)->3523223K(3877888K)
[23.711s][info][gc,metaspace   ] GC(201) Metaspace: 6301K(6464K)->6301K(6464K) NonClass: 5768K(5824K)->5768K(5824K) Class: 533K(640K)->533K(640K)
[23.711s][info][gc             ] GC(201) Pause Full (Ergonomics) 3487M->3484M(3978M) 1156.495ms
[23.711s][info][gc,cpu         ] GC(201) User=8.34s Sys=0.00s Real=1.16s
[23.772s][info][gc,start       ] GC(202) Pause Young (Allocation Failure)
[23.968s][info][gc,heap        ] GC(202) PSYoungGen: 102370K(195584K)->58048K(116224K) Eden: 57856K(57856K)->0K(57856K) From: 44514K(137728K)->58048K(58368K)
[23.968s][info][gc,heap        ] GC(202) ParOldGen: 3523223K(3877888K)->3568175K(3877888K)
[23.968s][info][gc,metaspace   ] GC(202) Metaspace: 6301K(6464K)->6301K(6464K) NonClass: 5768K(5824K)->5768K(5824K) Class: 533K(640K)->533K(640K)
[23.968s][info][gc             ] GC(202) Pause Young (Allocation Failure) 3540M->3541M(3900M) 195.836ms
[23.968s][info][gc,cpu         ] GC(202) User=1.38s Sys=0.00s Real=0.20s
[24.033s][info][gc,start       ] GC(203) Pause Young (Allocation Failure)
[24.104s][info][gc,heap        ] GC(203) PSYoungGen: 115904K(116224K)->116064K(187392K) Eden: 57856K(57856K)->0K(51712K) From: 58048K(58368K)->116064K(135680K)
[24.104s][info][gc,heap        ] GC(203) ParOldGen: 3568175K(3877888K)->3568175K(3877888K)
[24.104s][info][gc,metaspace   ] GC(203) Metaspace: 6301K(6464K)->6301K(6464K) NonClass: 5768K(5824K)->5768K(5824K) Class: 533K(640K)->533K(640K)
[24.104s][info][gc             ] GC(203) Pause Young (Allocation Failure) 3597M->3597M(3970M) 71.127ms
[24.104s][info][gc,cpu         ] GC(203) User=0.42s Sys=0.00s Real=0.07s
[24.154s][info][gc,start       ] GC(204) Pause Young (Allocation Failure)
[24.239s][info][gc,heap        ] GC(204) PSYoungGen: 167776K(187392K)->109888K(199168K) Eden: 51712K(51712K)->0K(51712K) From: 116064K(135680K)->109888K(147456K)
[24.239s][info][gc,heap        ] GC(204) ParOldGen: 3568175K(3877888K)->3626559K(3877888K)
[24.239s][info][gc,metaspace   ] GC(204) Metaspace: 6301K(6464K)->6301K(6464K) NonClass: 5768K(5824K)->5768K(5824K) Class: 533K(640K)->533K(640K)
[24.239s][info][gc             ] GC(204) Pause Young (Allocation Failure) 3648M->3648M(3981M) 84.290ms
[24.239s][info][gc,cpu         ] GC(204) User=0.62s Sys=0.00s Real=0.09s
[24.289s][info][gc,start       ] GC(205) Pause Young (Allocation Failure)
[24.371s][info][gc,heap        ] GC(205) PSYoungGen: 161600K(199168K)->103712K(208384K) Eden: 51712K(51712K)->0K(54272K) From: 109888K(147456K)->103712K(154112K)
[24.371s][info][gc,heap        ] GC(205) ParOldGen: 3626559K(3877888K)->3684935K(3877888K)
[24.371s][info][gc,metaspace   ] GC(205) Metaspace: 6301K(6464K)->6301K(6464K) NonClass: 5768K(5824K)->5768K(5824K) Class: 533K(640K)->533K(640K)
[24.371s][info][gc             ] GC(205) Pause Young (Allocation Failure) 3699M->3699M(3990M) 82.361ms
[24.371s][info][gc,cpu         ] GC(205) User=0.48s Sys=0.02s Real=0.08s
[24.426s][info][gc,start       ] GC(206) Pause Young (Allocation Failure)
[24.506s][info][gc,heap        ] GC(206) PSYoungGen: 157984K(208384K)->106304K(211456K) Eden: 54272K(54272K)->0K(54272K) From: 103712K(154112K)->106304K(157184K)
[24.506s][info][gc,heap        ] GC(206) ParOldGen: 3684935K(3877888K)->3737119K(3877888K)
[24.506s][info][gc,metaspace   ] GC(206) Metaspace: 6301K(6464K)->6301K(6464K) NonClass: 5768K(5824K)->5768K(5824K) Class: 533K(640K)->533K(640K)
[24.506s][info][gc             ] GC(206) Pause Young (Allocation Failure) 3752M->3753M(3993M) 80.301ms
[24.506s][info][gc,cpu         ] GC(206) User=0.44s Sys=0.08s Real=0.08s
[24.565s][info][gc,start       ] GC(207) Pause Young (Allocation Failure)
[24.648s][info][gc,heap        ] GC(207) PSYoungGen: 160576K(211456K)->108864K(218112K) Eden: 54272K(54272K)->0K(58368K) From: 106304K(157184K)->108864K(159744K)
[24.648s][info][gc,heap        ] GC(207) ParOldGen: 3737119K(3877888K)->3789295K(3877888K)
[24.648s][info][gc,metaspace   ] GC(207) Metaspace: 6301K(6464K)->6301K(6464K) NonClass: 5768K(5824K)->5768K(5824K) Class: 533K(640K)->533K(640K)
[24.648s][info][gc             ] GC(207) Pause Young (Allocation Failure) 3806M->3806M(4000M) 82.574ms
[24.648s][info][gc,cpu         ] GC(207) User=0.48s Sys=0.03s Real=0.08s
[24.710s][info][gc,start       ] GC(208) Pause Young (Allocation Failure)
[24.796s][info][gc,heap        ] GC(208) PSYoungGen: 167232K(218112K)->112992K(220672K) Eden: 58368K(58368K)->0K(58368K) From: 108864K(159744K)->112992K(162304K)
[24.796s][info][gc,heap        ] GC(208) ParOldGen: 3789295K(3877888K)->3844071K(3877888K)
[24.796s][info][gc,metaspace   ] GC(208) Metaspace: 6301K(6464K)->6301K(6464K) NonClass: 5768K(5824K)->5768K(5824K) Class: 533K(640K)->533K(640K)
[24.796s][info][gc             ] GC(208) Pause Young (Allocation Failure) 3863M->3864M(4002M) 85.837ms
[24.796s][info][gc,cpu         ] GC(208) User=0.61s Sys=0.02s Real=0.09s
[24.796s][info][gc,start       ] GC(209) Pause Full (Ergonomics)
[24.796s][info][gc,phases,start] GC(209) Marking Phase
[25.676s][info][gc,phases      ] GC(209) Marking Phase 880.786ms
[25.677s][info][gc,phases,start] GC(209) Summary Phase
[25.677s][info][gc,phases      ] GC(209) Summary Phase 0.048ms
[25.677s][info][gc,phases,start] GC(209) Adjust Roots
[25.677s][info][gc,phases      ] GC(209) Adjust Roots 0.163ms
[25.677s][info][gc,phases,start] GC(209) Compaction Phase
[26.068s][info][gc,phases      ] GC(209) Compaction Phase 390.763ms
[26.068s][info][gc,phases,start] GC(209) Post Compact
[26.075s][info][gc,phases      ] GC(209) Post Compact 7.278ms
[26.076s][info][gc,heap        ] GC(209) PSYoungGen: 112992K(220672K)->75770K(220672K) Eden: 0K(58368K)->0K(58368K) From: 112992K(162304K)->75770K(162304K)
[26.076s][info][gc,heap        ] GC(209) ParOldGen: 3844071K(3877888K)->3877790K(4261376K)
[26.076s][info][gc,metaspace   ] GC(209) Metaspace: 6301K(6464K)->6301K(6464K) NonClass: 5768K(5824K)->5768K(5824K) Class: 533K(640K)->533K(640K)
[26.076s][info][gc             ] GC(209) Pause Full (Ergonomics) 3864M->3860M(4377M) 1280.589ms
[26.076s][info][gc,cpu         ] GC(209) User=9.19s Sys=0.03s Real=1.28s
[26.137s][info][gc,start       ] GC(210) Pause Young (Allocation Failure)
[26.376s][info][gc,heap        ] GC(210) PSYoungGen: 134138K(220672K)->99104K(221696K) Eden: 58368K(58368K)->0K(64000K) From: 75770K(162304K)->99104K(157696K)
[26.376s][info][gc,heap        ] GC(210) ParOldGen: 3877790K(4261376K)->3913494K(4261376K)
[26.376s][info][gc,metaspace   ] GC(210) Metaspace: 6301K(6464K)->6301K(6464K) NonClass: 5768K(5824K)->5768K(5824K) Class: 533K(640K)->533K(640K)
[26.376s][info][gc             ] GC(210) Pause Young (Allocation Failure) 3917M->3918M(4378M) 239.011ms
[26.376s][info][gc,cpu         ] GC(210) User=1.75s Sys=0.00s Real=0.24s
[26.444s][info][gc,start       ] GC(211) Pause Young (Allocation Failure)
[26.529s][info][gc,heap        ] GC(211) PSYoungGen: 163104K(221696K)->162304K(226304K) Eden: 64000K(64000K)->0K(64000K) From: 99104K(157696K)->162304K(162304K)
[26.529s][info][gc,heap        ] GC(211) ParOldGen: 3913494K(4261376K)->3914318K(4261376K)
[26.529s][info][gc,metaspace   ] GC(211) Metaspace: 6301K(6464K)->6301K(6464K) NonClass: 5768K(5824K)->5768K(5824K) Class: 533K(640K)->533K(640K)
[26.529s][info][gc             ] GC(211) Pause Young (Allocation Failure) 3981M->3981M(4382M) 85.445ms
[26.529s][info][gc,cpu         ] GC(211) User=0.59s Sys=0.00s Real=0.09s
[26.603s][info][gc,start       ] GC(212) Pause Young (Allocation Failure)
[26.725s][info][gc,heap        ] GC(212) PSYoungGen: 226304K(226304K)->128064K(249856K) Eden: 64000K(64000K)->0K(67072K) From: 162304K(162304K)->128064K(182784K)
[26.726s][info][gc,heap        ] GC(212) ParOldGen: 3914318K(4261376K)->4013446K(4261376K)
[26.726s][info][gc,metaspace   ] GC(212) Metaspace: 6301K(6464K)->6301K(6464K) NonClass: 5768K(5824K)->5768K(5824K) Class: 533K(640K)->533K(640K)
[26.726s][info][gc             ] GC(212) Pause Young (Allocation Failure) 4043M->4044M(4405M) 122.670ms
[26.726s][info][gc,cpu         ] GC(212) User=0.83s Sys=0.05s Real=0.12s
[26.789s][info][gc,start       ] GC(213) Pause Young (Allocation Failure)
[26.889s][info][gc,heap        ] GC(213) PSYoungGen: 195136K(249856K)->131456K(253440K) Eden: 67072K(67072K)->0K(67072K) From: 128064K(182784K)->131456K(186368K)
[26.889s][info][gc,heap        ] GC(213) ParOldGen: 4013446K(4261376K)->4077766K(4261376K)
[26.889s][info][gc,metaspace   ] GC(213) Metaspace: 6301K(6464K)->6301K(6464K) NonClass: 5768K(5824K)->5768K(5824K) Class: 533K(640K)->533K(640K)
[26.889s][info][gc             ] GC(213) Pause Young (Allocation Failure) 4109M->4110M(4409M) 99.746ms
[26.889s][info][gc,cpu         ] GC(213) User=0.59s Sys=0.05s Real=0.10s
[26.959s][info][gc,start       ] GC(214) Pause Young (Allocation Failure)
[27.061s][info][gc,heap        ] GC(214) PSYoungGen: 198528K(253440K)->134464K(261632K) Eden: 67072K(67072K)->0K(71680K) From: 131456K(186368K)->134464K(189952K)
[27.061s][info][gc,heap        ] GC(214) ParOldGen: 4077766K(4261376K)->4142334K(4261376K)
[27.061s][info][gc,metaspace   ] GC(214) Metaspace: 6301K(6464K)->6301K(6464K) NonClass: 5768K(5824K)->5768K(5824K) Class: 533K(640K)->533K(640K)
[27.061s][info][gc             ] GC(214) Pause Young (Allocation Failure) 4176M->4176M(4417M) 101.372ms
[27.061s][info][gc,cpu         ] GC(214) User=0.61s Sys=0.03s Real=0.10s
[27.147s][info][gc,start       ] GC(215) Pause Young (Allocation Failure)
[27.252s][info][gc,heap        ] GC(215) PSYoungGen: 206144K(261632K)->139104K(264704K) Eden: 71680K(71680K)->0K(71680K) From: 134464K(189952K)->139104K(193024K)
[27.252s][info][gc,heap        ] GC(215) ParOldGen: 4142334K(4261376K)->4210006K(4261376K)
[27.252s][info][gc,metaspace   ] GC(215) Metaspace: 6301K(6464K)->6301K(6464K) NonClass: 5768K(5824K)->5768K(5824K) Class: 533K(640K)->533K(640K)
[27.252s][info][gc             ] GC(215) Pause Young (Allocation Failure) 4246M->4247M(4420M) 105.675ms
[27.252s][info][gc,cpu         ] GC(215) User=0.75s Sys=0.00s Real=0.11s
[27.252s][info][gc,start       ] GC(216) Pause Full (Ergonomics)
[27.252s][info][gc,phases,start] GC(216) Marking Phase
[28.244s][info][gc,phases      ] GC(216) Marking Phase 991.346ms
[28.244s][info][gc,phases,start] GC(216) Summary Phase
[28.244s][info][gc,phases      ] GC(216) Summary Phase 0.058ms
[28.244s][info][gc,phases,start] GC(216) Adjust Roots
[28.244s][info][gc,phases      ] GC(216) Adjust Roots 0.163ms
[28.244s][info][gc,phases,start] GC(216) Compaction Phase
[28.663s][info][gc,phases      ] GC(216) Compaction Phase 418.824ms
[28.663s][info][gc,phases,start] GC(216) Post Compact
[28.669s][info][gc,phases      ] GC(216) Post Compact 6.538ms
[28.671s][info][gc,heap        ] GC(216) PSYoungGen: 139104K(264704K)->84511K(264704K) Eden: 0K(71680K)->0K(71680K) From: 139104K(193024K)->84511K(193024K)
[28.671s][info][gc,heap        ] GC(216) ParOldGen: 4210006K(4261376K)->4261063K(4697600K)
[28.671s][info][gc,metaspace   ] GC(216) Metaspace: 6301K(6464K)->6301K(6464K) NonClass: 5768K(5824K)->5768K(5824K) Class: 533K(640K)->533K(640K)
[28.671s][info][gc             ] GC(216) Pause Full (Ergonomics) 4247M->4243M(4846M) 1418.850ms
[28.671s][info][gc,cpu         ] GC(216) User=10.36s Sys=0.03s Real=1.42s
[28.751s][info][gc,start       ] GC(217) Pause Young (Allocation Failure)
[29.031s][info][gc,heap        ] GC(217) PSYoungGen: 156191K(264704K)->110944K(257536K) Eden: 71680K(71680K)->0K(78336K) From: 84511K(193024K)->110944K(179200K)
[29.031s][info][gc,heap        ] GC(217) ParOldGen: 4261063K(4697600K)->4307087K(4697600K)
[29.031s][info][gc,metaspace   ] GC(217) Metaspace: 6301K(6464K)->6301K(6464K) NonClass: 5768K(5824K)->5768K(5824K) Class: 533K(640K)->533K(640K)
[29.031s][info][gc             ] GC(217) Pause Young (Allocation Failure) 4313M->4314M(4839M) 280.609ms
[29.032s][info][gc,cpu         ] GC(217) User=1.98s Sys=0.00s Real=0.28s
[29.108s][info][gc,start       ] GC(218) Pause Young (Allocation Failure)
[29.215s][info][gc,heap        ] GC(218) PSYoungGen: 189280K(257536K)->188928K(267264K) Eden: 78336K(78336K)->0K(78336K) From: 110944K(179200K)->188928K(188928K)
[29.215s][info][gc,heap        ] GC(218) ParOldGen: 4307087K(4697600K)->4307559K(4697600K)
[29.215s][info][gc,metaspace   ] GC(218) Metaspace: 6301K(6464K)->6301K(6464K) NonClass: 5768K(5824K)->5768K(5824K) Class: 533K(640K)->533K(640K)
[29.215s][info][gc             ] GC(218) Pause Young (Allocation Failure) 4390M->4391M(4848M) 107.776ms
[29.215s][info][gc,cpu         ] GC(218) User=0.77s Sys=0.00s Real=0.11s
[29.309s][info][gc,start       ] GC(219) Pause Young (Allocation Failure)
[29.464s][info][gc,heap        ] GC(219) PSYoungGen: 267264K(267264K)->157056K(291840K) Eden: 78336K(78336K)->0K(80896K) From: 188928K(188928K)->157056K(210944K)
[29.464s][info][gc,heap        ] GC(219) ParOldGen: 4307559K(4697600K)->4418791K(4697600K)
[29.464s][info][gc,metaspace   ] GC(219) Metaspace: 6301K(6464K)->6301K(6464K) NonClass: 5768K(5824K)->5768K(5824K) Class: 533K(640K)->533K(640K)
[29.464s][info][gc             ] GC(219) Pause Young (Allocation Failure) 4467M->4468M(4872M) 155.264ms
[29.464s][info][gc,cpu         ] GC(219) User=0.98s Sys=0.14s Real=0.16s
[29.551s][info][gc,start       ] GC(220) Pause Young (Allocation Failure)
[29.687s][info][gc,heap        ] GC(220) PSYoungGen: 237952K(291840K)->159584K(297472K) Eden: 80896K(80896K)->0K(80896K) From: 157056K(210944K)->159584K(216576K)
[29.687s][info][gc,heap        ] GC(220) ParOldGen: 4418791K(4697600K)->4497799K(4697600K)
[29.688s][info][gc,metaspace   ] GC(220) Metaspace: 6301K(6464K)->6301K(6464K) NonClass: 5768K(5824K)->5768K(5824K) Class: 533K(640K)->533K(640K)
[29.688s][info][gc             ] GC(220) Pause Young (Allocation Failure) 4547M->4548M(4878M) 136.455ms
[29.688s][info][gc,cpu         ] GC(220) User=0.86s Sys=0.05s Real=0.14s
[29.770s][info][gc,start       ] GC(221) Pause Young (Allocation Failure)
[29.904s][info][gc,heap        ] GC(221) PSYoungGen: 240480K(297472K)->162240K(306688K) Eden: 80896K(80896K)->0K(85504K) From: 159584K(216576K)->162240K(221184K)
[29.904s][info][gc,heap        ] GC(221) ParOldGen: 4497799K(4697600K)->4576839K(4697600K)
[29.904s][info][gc,metaspace   ] GC(221) Metaspace: 6301K(6464K)->6301K(6464K) NonClass: 5768K(5824K)->5768K(5824K) Class: 533K(640K)->533K(640K)
[29.904s][info][gc             ] GC(221) Pause Young (Allocation Failure) 4627M->4628M(4887M) 134.399ms
[29.904s][info][gc,cpu         ] GC(221) User=0.86s Sys=0.05s Real=0.13s
[29.904s][info][gc,start       ] GC(222) Pause Full (Ergonomics)
[29.904s][info][gc,phases,start] GC(222) Marking Phase
[30.995s][info][gc,phases      ] GC(222) Marking Phase 1090.816ms
[30.995s][info][gc,phases,start] GC(222) Summary Phase
[30.995s][info][gc,phases      ] GC(222) Summary Phase 0.058ms
[30.995s][info][gc,phases,start] GC(222) Adjust Roots
[30.995s][info][gc,phases      ] GC(222) Adjust Roots 0.192ms
[30.996s][info][gc,phases,start] GC(222) Compaction Phase
[31.390s][info][gc,phases      ] GC(222) Compaction Phase 394.150ms
[31.390s][info][gc,phases,start] GC(222) Post Compact
[31.397s][info][gc,phases      ] GC(222) Post Compact 7.191ms
[31.399s][info][gc,heap        ] GC(222) PSYoungGen: 162240K(306688K)->38073K(306688K) Eden: 0K(85504K)->0K(85504K) From: 162240K(221184K)->38073K(221184K)
[31.399s][info][gc,heap        ] GC(222) ParOldGen: 4576839K(4697600K)->4697482K(5190656K)
[31.399s][info][gc,metaspace   ] GC(222) Metaspace: 6301K(6464K)->6301K(6464K) NonClass: 5768K(5824K)->5768K(5824K) Class: 533K(640K)->533K(640K)
[31.399s][info][gc             ] GC(222) Pause Full (Ergonomics) 4628M->4624M(5368M) 1494.355ms
[31.399s][info][gc,cpu         ] GC(222) User=11.39s Sys=0.06s Real=1.49s
[31.500s][info][gc,start       ] GC(223) Pause Young (Allocation Failure)
[31.773s][info][gc,heap        ] GC(223) PSYoungGen: 123577K(306688K)->104448K(311296K) Eden: 85504K(85504K)->0K(85504K) From: 38073K(221184K)->104448K(225792K)
[31.773s][info][gc,heap        ] GC(223) ParOldGen: 4697482K(5190656K)->4717162K(5190656K)
[31.773s][info][gc,metaspace   ] GC(223) Metaspace: 6301K(6464K)->6301K(6464K) NonClass: 5768K(5824K)->5768K(5824K) Class: 533K(640K)->533K(640K)
[31.774s][info][gc             ] GC(223) Pause Young (Allocation Failure) 4708M->4708M(5373M) 273.409ms
[31.774s][info][gc,cpu         ] GC(223) User=1.89s Sys=0.00s Real=0.27s
[31.860s][info][gc,start       ] GC(224) Pause Young (Allocation Failure)
[31.968s][info][gc,heap        ] GC(224) PSYoungGen: 189952K(311296K)->190144K(299520K) Eden: 85504K(85504K)->0K(79360K) From: 104448K(225792K)->190144K(220160K)
[31.968s][info][gc,heap        ] GC(224) ParOldGen: 4717162K(5190656K)->4717162K(5190656K)
[31.968s][info][gc,metaspace   ] GC(224) Metaspace: 6301K(6464K)->6301K(6464K) NonClass: 5768K(5824K)->5768K(5824K) Class: 533K(640K)->533K(640K)
[31.968s][info][gc             ] GC(224) Pause Young (Allocation Failure) 4792M->4792M(5361M) 108.257ms
[31.968s][info][gc,cpu         ] GC(224) User=0.83s Sys=0.00s Real=0.11s
[32.051s][info][gc,start       ] GC(225) Pause Young (Allocation Failure)
[32.197s][info][gc,heap        ] GC(225) PSYoungGen: 269504K(299520K)->234496K(313856K) Eden: 79360K(79360K)->0K(79360K) From: 190144K(220160K)->234496K(234496K)
[32.197s][info][gc,heap        ] GC(225) ParOldGen: 4717162K(5190656K)->4752426K(5190656K)
[32.197s][info][gc,metaspace   ] GC(225) Metaspace: 6301K(6464K)->6301K(6464K) NonClass: 5768K(5824K)->5768K(5824K) Class: 533K(640K)->533K(640K)
[32.197s][info][gc             ] GC(225) Pause Young (Allocation Failure) 4869M->4870M(5375M) 145.929ms
[32.197s][info][gc,cpu         ] GC(225) User=0.97s Sys=0.02s Real=0.15s
[32.286s][info][gc,start       ] GC(226) Pause Young (Allocation Failure)
[32.459s][info][gc,heap        ] GC(226) PSYoungGen: 313856K(313856K)->223008K(347648K) Eden: 79360K(79360K)->0K(72704K) From: 234496K(234496K)->223008K(274944K)
[32.459s][info][gc,heap        ] GC(226) ParOldGen: 4752426K(5190656K)->4844218K(5190656K)
[32.459s][info][gc,metaspace   ] GC(226) Metaspace: 6301K(6464K)->6301K(6464K) NonClass: 5768K(5824K)->5768K(5824K) Class: 533K(640K)->533K(640K)
[32.460s][info][gc             ] GC(226) Pause Young (Allocation Failure) 4947M->4948M(5408M) 173.952ms
[32.460s][info][gc,cpu         ] GC(226) User=1.19s Sys=0.06s Real=0.17s
[32.538s][info][gc,start       ] GC(227) Pause Young (Allocation Failure)
[32.704s][info][gc,heap        ] GC(227) PSYoungGen: 295712K(347648K)->215424K(363008K) Eden: 72704K(72704K)->0K(72704K) From: 223008K(274944K)->215424K(290304K)
[32.704s][info][gc,heap        ] GC(227) ParOldGen: 4844218K(5190656K)->4925226K(5190656K)
[32.704s][info][gc,metaspace   ] GC(227) Metaspace: 6301K(6464K)->6301K(6464K) NonClass: 5768K(5824K)->5768K(5824K) Class: 533K(640K)->533K(640K)
[32.704s][info][gc             ] GC(227) Pause Young (Allocation Failure) 5019M->5020M(5423M) 165.921ms
[32.704s][info][gc,cpu         ] GC(227) User=1.08s Sys=0.06s Real=0.17s
[32.785s][info][gc,start       ] GC(228) Pause Young (Allocation Failure)
[32.948s][info][gc,heap        ] GC(228) PSYoungGen: 288128K(363008K)->225312K(371200K) Eden: 72704K(72704K)->0K(71680K) From: 215424K(290304K)->225312K(299520K)
[32.948s][info][gc,heap        ] GC(228) ParOldGen: 4925226K(5190656K)->4988650K(5190656K)
[32.948s][info][gc,metaspace   ] GC(228) Metaspace: 6301K(6464K)->6301K(6464K) NonClass: 5768K(5824K)->5768K(5824K) Class: 533K(640K)->533K(640K)
[32.949s][info][gc             ] GC(228) Pause Young (Allocation Failure) 5091M->5091M(5431M) 163.228ms
[32.949s][info][gc,cpu         ] GC(228) User=1.00s Sys=0.05s Real=0.16s
[33.027s][info][gc,start       ] GC(229) Pause Young (Allocation Failure)
[33.203s][info][gc,heap        ] GC(229) PSYoungGen: 296992K(371200K)->144736K(216576K) Eden: 71680K(71680K)->0K(71680K) From: 225312K(299520K)->144736K(144896K)
[33.203s][info][gc,heap        ] GC(229) ParOldGen: 4988650K(5190656K)->5142034K(5190656K)
[33.203s][info][gc,metaspace   ] GC(229) Metaspace: 6301K(6464K)->6301K(6464K) NonClass: 5768K(5824K)->5768K(5824K) Class: 533K(640K)->533K(640K)
[33.203s][info][gc             ] GC(229) Pause Young (Allocation Failure) 5161M->5162M(5280M) 176.203ms
[33.203s][info][gc,cpu         ] GC(229) User=1.17s Sys=0.09s Real=0.17s
[33.203s][info][gc,start       ] GC(230) Pause Full (Ergonomics)
[33.203s][info][gc,phases,start] GC(230) Marking Phase
[34.391s][info][gc,phases      ] GC(230) Marking Phase 1188.346ms
[34.391s][info][gc,phases,start] GC(230) Summary Phase
[34.391s][info][gc,phases      ] GC(230) Summary Phase 0.076ms
[34.392s][info][gc,phases,start] GC(230) Adjust Roots
[34.392s][info][gc,phases      ] GC(230) Adjust Roots 0.222ms
[34.392s][info][gc,phases,start] GC(230) Compaction Phase
[34.848s][info][gc,phases      ] GC(230) Compaction Phase 456.343ms
[34.848s][info][gc,phases,start] GC(230) Post Compact
[34.857s][info][gc,phases      ] GC(230) Post Compact 8.355ms
[34.858s][info][gc,heap        ] GC(230) PSYoungGen: 144736K(216576K)->91675K(216576K) Eden: 0K(71680K)->0K(71680K) From: 144736K(144896K)->91675K(144896K)
[34.858s][info][gc,heap        ] GC(230) ParOldGen: 5142034K(5190656K)->5190484K(5748224K)
[34.858s][info][gc,metaspace   ] GC(230) Metaspace: 6301K(6464K)->6301K(6464K) NonClass: 5768K(5824K)->5768K(5824K) Class: 533K(640K)->533K(640K)
[34.859s][info][gc             ] GC(230) Pause Full (Ergonomics) 5162M->5158M(5825M) 1655.526ms
[34.859s][info][gc,cpu         ] GC(230) User=12.73s Sys=0.02s Real=1.66s
[34.942s][info][gc,start       ] GC(231) Pause Young (Allocation Failure)
[35.273s][info][gc,heap        ] GC(231) PSYoungGen: 163355K(216576K)->71936K(378368K) Eden: 71680K(71680K)->0K(78848K) From: 91675K(144896K)->71936K(299520K)
[35.273s][info][gc,heap        ] GC(231) ParOldGen: 5190484K(5748224K)->5283052K(5748224K)
[35.273s][info][gc,metaspace   ] GC(231) Metaspace: 6301K(6464K)->6301K(6464K) NonClass: 5768K(5824K)->5768K(5824K) Class: 533K(640K)->533K(640K)
[35.273s][info][gc             ] GC(231) Pause Young (Allocation Failure) 5228M->5229M(5983M) 331.194ms
[35.273s][info][gc,cpu         ] GC(231) User=2.08s Sys=0.08s Real=0.33s
[35.359s][info][gc,start       ] GC(232) Pause Young (Allocation Failure)
[35.450s][info][gc,heap        ] GC(232) PSYoungGen: 150784K(378368K)->79136K(380416K) Eden: 78848K(78848K)->0K(78848K) From: 71936K(299520K)->79136K(301568K)
[35.450s][info][gc,heap        ] GC(232) ParOldGen: 5283052K(5748224K)->5355404K(5748224K)
[35.450s][info][gc,metaspace   ] GC(232) Metaspace: 6301K(6464K)->6301K(6464K) NonClass: 5768K(5824K)->5768K(5824K) Class: 533K(640K)->533K(640K)
[35.450s][info][gc             ] GC(232) Pause Young (Allocation Failure) 5306M->5307M(5985M) 91.489ms
[35.450s][info][gc,cpu         ] GC(232) User=0.64s Sys=0.02s Real=0.09s
[35.541s][info][gc,start       ] GC(233) Pause Young (Allocation Failure)
[35.637s][info][gc,heap        ] GC(233) PSYoungGen: 157984K(380416K)->79104K(379904K) Eden: 78848K(78848K)->0K(87040K) From: 79136K(301568K)->79104K(292864K)
[35.637s][info][gc,heap        ] GC(233) ParOldGen: 5355404K(5748224K)->5434972K(5748224K)
[35.637s][info][gc,metaspace   ] GC(233) Metaspace: 6301K(6464K)->6301K(6464K) NonClass: 5768K(5824K)->5768K(5824K) Class: 533K(640K)->533K(640K)
[35.637s][info][gc             ] GC(233) Pause Young (Allocation Failure) 5384M->5384M(5984M) 96.192ms
[35.637s][info][gc,cpu         ] GC(233) User=0.58s Sys=0.03s Real=0.10s
[35.735s][info][gc,start       ] GC(234) Pause Young (Allocation Failure)
[35.833s][info][gc,heap        ] GC(234) PSYoungGen: 166144K(379904K)->87296K(383488K) Eden: 87040K(87040K)->0K(87040K) From: 79104K(292864K)->87296K(296448K)
[35.833s][info][gc,heap        ] GC(234) ParOldGen: 5434972K(5748224K)->5514532K(5748224K)
[35.833s][info][gc,metaspace   ] GC(234) Metaspace: 6301K(6464K)->6301K(6464K) NonClass: 5768K(5824K)->5768K(5824K) Class: 533K(640K)->533K(640K)
[35.833s][info][gc             ] GC(234) Pause Young (Allocation Failure) 5469M->5470M(5988M) 98.253ms
[35.833s][info][gc,cpu         ] GC(234) User=0.62s Sys=0.06s Real=0.10s
[35.933s][info][gc,start       ] GC(235) Pause Young (Allocation Failure)
[36.044s][info][gc,heap        ] GC(235) PSYoungGen: 174336K(383488K)->87264K(371712K) Eden: 87040K(87040K)->0K(96256K) From: 87296K(296448K)->87264K(275456K)
[36.044s][info][gc,heap        ] GC(235) ParOldGen: 5514532K(5748224K)->5602364K(5748224K)
[36.044s][info][gc,metaspace   ] GC(235) Metaspace: 6301K(6464K)->6301K(6464K) NonClass: 5768K(5824K)->5768K(5824K) Class: 533K(640K)->533K(640K)
[36.044s][info][gc             ] GC(235) Pause Young (Allocation Failure) 5555M->5556M(5976M) 110.515ms
[36.044s][info][gc,cpu         ] GC(235) User=0.55s Sys=0.00s Real=0.11s
[37.417s][info][gc,start       ] GC(236) Pause Young (Allocation Failure)
[37.641s][info][gc,heap        ] GC(236) PSYoungGen: 183520K(371712K)->96576K(193024K) Eden: 96256K(96256K)->0K(96256K) From: 87264K(275456K)->96576K(96768K)
[37.641s][info][gc,heap        ] GC(236) ParOldGen: 5864508K(6010880K)->5952348K(6010880K)
[37.641s][info][gc,metaspace   ] GC(236) Metaspace: 6301K(6464K)->6301K(6464K) NonClass: 5768K(5824K)->5768K(5824K) Class: 533K(640K)->533K(640K)
[37.641s][info][gc             ] GC(236) Pause Young (Allocation Failure) 5906M->5907M(6058M) 224.079ms
[37.641s][info][gc,cpu         ] GC(236) User=1.44s Sys=0.02s Real=0.22s
[37.641s][info][gc,start       ] GC(237) Pause Full (Ergonomics)
[37.641s][info][gc,phases,start] GC(237) Marking Phase
[38.970s][info][gc,phases      ] GC(237) Marking Phase 1328.861ms
[38.970s][info][gc,phases,start] GC(237) Summary Phase
[38.970s][info][gc,phases      ] GC(237) Summary Phase 0.101ms
[38.970s][info][gc,phases,start] GC(237) Adjust Roots
[38.970s][info][gc,phases      ] GC(237) Adjust Roots 0.162ms
[38.970s][info][gc,phases,start] GC(237) Compaction Phase
[39.901s][info][gc,phases      ] GC(237) Compaction Phase 930.493ms
[39.901s][info][gc,phases,start] GC(237) Post Compact
[39.910s][info][gc,phases      ] GC(237) Post Compact 9.407ms
[39.912s][info][gc,heap        ] GC(237) PSYoungGen: 96576K(193024K)->0K(377856K) Eden: 0K(96256K)->0K(104960K) From: 96576K(96768K)->0K(272896K)
[39.912s][info][gc,heap        ] GC(237) ParOldGen: 5952348K(6010880K)->5912742K(6498816K)
[39.912s][info][gc,metaspace   ] GC(237) Metaspace: 6301K(6464K)->6301K(6464K) NonClass: 5768K(5824K)->5768K(5824K) Class: 533K(640K)->533K(640K)
[39.912s][info][gc             ] GC(237) Pause Full (Ergonomics) 5907M->5774M(6715M) 2270.822ms
[39.912s][info][gc,cpu         ] GC(237) User=15.84s Sys=0.12s Real=2.27s
[40.021s][info][gc,start       ] GC(238) Pause Young (Allocation Failure)
[40.110s][info][gc,heap        ] GC(238) PSYoungGen: 104960K(377856K)->105248K(210432K) Eden: 104960K(104960K)->0K(104960K) From: 0K(272896K)->105248K(105472K)
[40.110s][info][gc,heap        ] GC(238) ParOldGen: 5912742K(6498816K)->5912742K(6498816K)
[40.110s][info][gc,metaspace   ] GC(238) Metaspace: 6301K(6464K)->6301K(6464K) NonClass: 5768K(5824K)->5768K(5824K) Class: 533K(640K)->533K(640K)
[40.110s][info][gc             ] GC(238) Pause Young (Allocation Failure) 5876M->5876M(6552M) 88.510ms
[40.110s][info][gc,cpu         ] GC(238) User=0.22s Sys=0.02s Real=0.09s
[40.216s][info][gc,start       ] GC(239) Pause Young (Allocation Failure)
[40.340s][info][gc,heap        ] GC(239) PSYoungGen: 210208K(210432K)->210432K(357888K) Eden: 104960K(104960K)->0K(95744K) From: 105248K(105472K)->210432K(262144K)
[40.340s][info][gc,heap        ] GC(239) ParOldGen: 5912742K(6498816K)->5912742K(6498816K)
[40.340s][info][gc,metaspace   ] GC(239) Metaspace: 6301K(6464K)->6301K(6464K) NonClass: 5768K(5824K)->5768K(5824K) Class: 533K(640K)->533K(640K)
[40.340s][info][gc             ] GC(239) Pause Young (Allocation Failure) 5979M->5979M(6696M) 123.520ms
[40.340s][info][gc,cpu         ] GC(239) User=0.48s Sys=0.00s Real=0.12s
[40.439s][info][gc,start       ] GC(240) Pause Young (Allocation Failure)
[40.589s][info][gc,heap        ] GC(240) PSYoungGen: 306176K(357888K)->280064K(375808K) Eden: 95744K(95744K)->0K(95744K) From: 210432K(262144K)->280064K(280064K)
[40.589s][info][gc,heap        ] GC(240) ParOldGen: 5912742K(6498816K)->5939126K(6498816K)
[40.589s][info][gc,metaspace   ] GC(240) Metaspace: 6301K(6464K)->6301K(6464K) NonClass: 5768K(5824K)->5768K(5824K) Class: 533K(640K)->533K(640K)
[40.589s][info][gc             ] GC(240) Pause Young (Allocation Failure) 6073M->6073M(6713M) 150.501ms
[40.589s][info][gc,cpu         ] GC(240) User=0.84s Sys=0.00s Real=0.15s
[40.687s][info][gc,start       ] GC(241) Pause Young (Allocation Failure)
[40.863s][info][gc,heap        ] GC(241) PSYoungGen: 375808K(375808K)->275904K(406528K) Eden: 95744K(95744K)->0K(76800K) From: 280064K(280064K)->275904K(329728K)
[40.864s][info][gc,heap        ] GC(241) ParOldGen: 5939126K(6498816K)->6040030K(6498816K)
[40.864s][info][gc,metaspace   ] GC(241) Metaspace: 6301K(6464K)->6301K(6464K) NonClass: 5768K(5824K)->5768K(5824K) Class: 533K(640K)->533K(640K)
[40.864s][info][gc             ] GC(241) Pause Young (Allocation Failure) 6166M->6167M(6743M) 176.092ms
[40.864s][info][gc,cpu         ] GC(241) User=1.27s Sys=0.12s Real=0.18s
[40.943s][info][gc,start       ] GC(242) Pause Young (Allocation Failure)
[41.110s][info][gc,heap        ] GC(242) PSYoungGen: 352704K(406528K)->255200K(434688K) Eden: 76800K(76800K)->0K(76800K) From: 275904K(329728K)->255200K(357888K)
[41.110s][info][gc,heap        ] GC(242) ParOldGen: 6040030K(6498816K)->6138414K(6498816K)
[41.110s][info][gc,metaspace   ] GC(242) Metaspace: 6301K(6464K)->6301K(6464K) NonClass: 5768K(5824K)->5768K(5824K) Class: 533K(640K)->533K(640K)
[41.110s][info][gc             ] GC(242) Pause Young (Allocation Failure) 6242M->6243M(6771M) 166.584ms
[41.110s][info][gc,cpu         ] GC(242) User=1.20s Sys=0.02s Real=0.17s
[41.188s][info][gc,start       ] GC(243) Pause Young (Allocation Failure)
[41.351s][info][gc,heap        ] GC(243) PSYoungGen: 332000K(434688K)->249952K(449024K) Eden: 76800K(76800K)->0K(76288K) From: 255200K(357888K)->249952K(372736K)
[41.351s][info][gc,heap        ] GC(243) ParOldGen: 6138414K(6498816K)->6221198K(6498816K)
[41.351s][info][gc,metaspace   ] GC(243) Metaspace: 6301K(6464K)->6301K(6464K) NonClass: 5768K(5824K)->5768K(5824K) Class: 533K(640K)->533K(640K)
[41.351s][info][gc             ] GC(243) Pause Young (Allocation Failure) 6318M->6319M(6785M) 162.690ms
[41.351s][info][gc,cpu         ] GC(243) User=1.02s Sys=0.02s Real=0.16s
[41.436s][info][gc,start       ] GC(244) Pause Young (Allocation Failure)
[41.597s][info][gc,heap        ] GC(244) PSYoungGen: 326240K(449024K)->153504K(229888K) Eden: 76288K(76288K)->0K(76288K) From: 249952K(372736K)->153504K(153600K)
[41.598s][info][gc,heap        ] GC(244) ParOldGen: 6221198K(6498816K)->6395286K(6498816K)
[41.598s][info][gc,metaspace   ] GC(244) Metaspace: 6301K(6464K)->6301K(6464K) NonClass: 5768K(5824K)->5768K(5824K) Class: 533K(640K)->533K(640K)
[41.598s][info][gc             ] GC(244) Pause Young (Allocation Failure) 6393M->6395M(6571M) 161.381ms
[41.598s][info][gc,cpu         ] GC(244) User=0.89s Sys=0.11s Real=0.16s
[41.598s][info][gc,start       ] GC(245) Pause Full (Ergonomics)
[41.598s][info][gc,phases,start] GC(245) Marking Phase
[43.038s][info][gc,phases      ] GC(245) Marking Phase 1440.522ms
[43.038s][info][gc,phases,start] GC(245) Summary Phase
[43.038s][info][gc,phases      ] GC(245) Summary Phase 0.083ms
[43.038s][info][gc,phases,start] GC(245) Adjust Roots
[43.039s][info][gc,phases      ] GC(245) Adjust Roots 0.208ms
[43.039s][info][gc,phases,start] GC(245) Compaction Phase
[43.698s][info][gc,phases      ] GC(245) Compaction Phase 659.118ms
[43.698s][info][gc,phases,start] GC(245) Post Compact
[43.708s][info][gc,phases      ] GC(245) Post Compact 9.719ms
[43.710s][info][gc,heap        ] GC(245) PSYoungGen: 153504K(229888K)->45212K(229888K) Eden: 0K(76288K)->0K(76288K) From: 153504K(153600K)->45212K(153600K)
[43.710s][info][gc,heap        ] GC(245) ParOldGen: 6395286K(6498816K)->6498616K(7163904K)
[43.710s][info][gc,metaspace   ] GC(245) Metaspace: 6301K(6464K)->6301K(6464K) NonClass: 5768K(5824K)->5768K(5824K) Class: 533K(640K)->533K(640K)
[43.710s][info][gc             ] GC(245) Pause Full (Ergonomics) 6395M->6390M(7220M) 2112.040ms
[43.710s][info][gc,cpu         ] GC(245) User=14.92s Sys=0.05s Real=2.11s
[43.786s][info][gc,start       ] GC(246) Pause Young (Allocation Failure)
[44.132s][info][gc,heap        ] GC(246) PSYoungGen: 121500K(229888K)->76544K(444928K) Eden: 76288K(76288K)->0K(83968K) From: 45212K(153600K)->76544K(360960K)
[44.132s][info][gc,heap        ] GC(246) ParOldGen: 6498616K(7163904K)->6544280K(7163904K)
[44.132s][info][gc,metaspace   ] GC(246) Metaspace: 6301K(6464K)->6301K(6464K) NonClass: 5768K(5824K)->5768K(5824K) Class: 533K(640K)->533K(640K)
[44.132s][info][gc             ] GC(246) Pause Young (Allocation Failure) 6464M->6465M(7430M) 346.188ms
[44.132s][info][gc,cpu         ] GC(246) User=2.02s Sys=0.00s Real=0.35s
[44.220s][info][gc,start       ] GC(247) Pause Young (Allocation Failure)
[44.336s][info][gc,heap        ] GC(247) PSYoungGen: 160512K(444928K)->84256K(448000K) Eden: 83968K(83968K)->0K(83968K) From: 76544K(360960K)->84256K(364032K)
[44.336s][info][gc,heap        ] GC(247) ParOldGen: 6544280K(7163904K)->6621264K(7163904K)
[44.336s][info][gc,metaspace   ] GC(247) Metaspace: 6301K(6464K)->6301K(6464K) NonClass: 5768K(5824K)->5768K(5824K) Class: 533K(640K)->533K(640K)
[44.337s][info][gc             ] GC(247) Pause Young (Allocation Failure) 6547M->6548M(7433M) 116.032ms
[44.337s][info][gc,cpu         ] GC(247) User=0.55s Sys=0.05s Real=0.12s
[44.430s][info][gc,start       ] GC(248) Pause Young (Allocation Failure)
[44.546s][info][gc,heap        ] GC(248) PSYoungGen: 168224K(448000K)->84224K(436736K) Eden: 83968K(83968K)->0K(92672K) From: 84256K(364032K)->84224K(344064K)
[44.546s][info][gc,heap        ] GC(248) ParOldGen: 6621264K(7163904K)->6705984K(7163904K)
[44.546s][info][gc,metaspace   ] GC(248) Metaspace: 6301K(6464K)->6301K(6464K) NonClass: 5768K(5824K)->5768K(5824K) Class: 533K(640K)->533K(640K)
[44.546s][info][gc             ] GC(248) Pause Young (Allocation Failure) 6630M->6631M(7422M) 115.565ms
[44.546s][info][gc,cpu         ] GC(248) User=0.50s Sys=0.00s Real=0.11s
[44.642s][info][gc,start       ] GC(249) Pause Young (Allocation Failure)
[44.761s][info][gc,heap        ] GC(249) PSYoungGen: 176896K(436736K)->92992K(443904K) Eden: 92672K(92672K)->0K(92672K) From: 84224K(344064K)->92992K(351232K)
[44.761s][info][gc,heap        ] GC(249) ParOldGen: 6705984K(7163904K)->6790712K(7163904K)
[44.761s][info][gc,metaspace   ] GC(249) Metaspace: 6301K(6464K)->6301K(6464K) NonClass: 5768K(5824K)->5768K(5824K) Class: 533K(640K)->533K(640K)
[44.761s][info][gc             ] GC(249) Pause Young (Allocation Failure) 6721M->6722M(7429M) 118.658ms
[44.761s][info][gc,cpu         ] GC(249) User=0.56s Sys=0.05s Real=0.12s
[44.865s][info][gc,start       ] GC(250) Pause Young (Allocation Failure)
[44.996s][info][gc,heap        ] GC(250) PSYoungGen: 185664K(443904K)->92960K(422912K) Eden: 92672K(92672K)->0K(102912K) From: 92992K(351232K)->92960K(320000K)
[44.996s][info][gc,heap        ] GC(250) ParOldGen: 6790712K(7163904K)->6884224K(7163904K)
[44.996s][info][gc,metaspace   ] GC(250) Metaspace: 6301K(6464K)->6301K(6464K) NonClass: 5768K(5824K)->5768K(5824K) Class: 533K(640K)->533K(640K)
[44.996s][info][gc             ] GC(250) Pause Young (Allocation Failure) 6812M->6813M(7409M) 131.157ms
[44.996s][info][gc,cpu         ] GC(250) User=0.38s Sys=0.03s Real=0.13s
[45.096s][info][gc,start       ] GC(251) Pause Young (Allocation Failure)
[45.223s][info][gc,heap        ] GC(251) PSYoungGen: 195872K(422912K)->103232K(206336K) Eden: 102912K(102912K)->0K(102912K) From: 92960K(320000K)->103232K(103424K)
[45.223s][info][gc,heap        ] GC(251) ParOldGen: 6884224K(7163904K)->6977728K(7163904K)
[45.223s][info][gc,metaspace   ] GC(251) Metaspace: 6301K(6464K)->6301K(6464K) NonClass: 5768K(5824K)->5768K(5824K) Class: 533K(640K)->533K(640K)
[45.223s][info][gc             ] GC(251) Pause Young (Allocation Failure) 6914M->6915M(7197M) 126.686ms
[45.223s][info][gc,cpu         ] GC(251) User=0.64s Sys=0.05s Real=0.13s
[45.327s][info][gc,start       ] GC(252) Pause Young (Allocation Failure)
[45.450s][info][gc,heap        ] GC(252) PSYoungGen: 206144K(206336K)->103232K(408576K) Eden: 102912K(102912K)->0K(114688K) From: 103232K(103424K)->103232K(293888K)
[45.450s][info][gc,heap        ] GC(252) ParOldGen: 6977728K(7163904K)->7081584K(7163904K)
[45.450s][info][gc,metaspace   ] GC(252) Metaspace: 6301K(6464K)->6301K(6464K) NonClass: 5768K(5824K)->5768K(5824K) Class: 533K(640K)->533K(640K)
[45.450s][info][gc             ] GC(252) Pause Young (Allocation Failure) 7015M->7016M(7395M) 123.390ms
[45.450s][info][gc,cpu         ] GC(252) User=0.66s Sys=0.06s Real=0.12s
[45.450s][info][gc,start       ] GC(253) Pause Full (Ergonomics)
[45.450s][info][gc,phases,start] GC(253) Marking Phase
[47.070s][info][gc,phases      ] GC(253) Marking Phase 1620.324ms
[47.070s][info][gc,phases,start] GC(253) Summary Phase
[47.071s][info][gc,phases      ] GC(253) Summary Phase 0.134ms
[47.071s][info][gc,phases,start] GC(253) Adjust Roots
[47.071s][info][gc,phases      ] GC(253) Adjust Roots 0.227ms
[47.071s][info][gc,phases,start] GC(253) Compaction Phase
[47.751s][info][gc,phases      ] GC(253) Compaction Phase 680.467ms
[47.751s][info][gc,phases,start] GC(253) Post Compact
[47.763s][info][gc,phases      ] GC(253) Post Compact 11.083ms
[47.765s][info][gc,heap        ] GC(253) PSYoungGen: 103232K(408576K)->15517K(420352K) Eden: 0K(114688K)->0K(126464K) From: 103232K(293888K)->15517K(293888K)
[47.765s][info][gc,heap        ] GC(253) ParOldGen: 7081584K(7163904K)->7163497K(7859200K)
[47.765s][info][gc,metaspace   ] GC(253) Metaspace: 6301K(6464K)->6301K(6464K) NonClass: 5768K(5824K)->5768K(5824K) Class: 533K(640K)->533K(640K)
[47.765s][info][gc             ] GC(253) Pause Full (Ergonomics) 7016M->7010M(8085M) 2314.754ms
[47.765s][info][gc,cpu         ] GC(253) User=16.91s Sys=0.05s Real=2.32s
[47.890s][info][gc,start       ] GC(254) Pause Young (Allocation Failure)
[48.266s][info][gc,heap        ] GC(254) PSYoungGen: 141981K(420352K)->126816K(253440K) Eden: 126464K(126464K)->0K(126464K) From: 15517K(293888K)->126816K(126976K)
[48.267s][info][gc,heap        ] GC(254) ParOldGen: 7163497K(7859200K)->7179185K(7859200K)
[48.267s][info][gc,metaspace   ] GC(254) Metaspace: 6301K(6464K)->6301K(6464K) NonClass: 5768K(5824K)->5768K(5824K) Class: 533K(640K)->533K(640K)
[48.267s][info][gc             ] GC(254) Pause Young (Allocation Failure) 7134M->7134M(7922M) 376.555ms
[48.267s][info][gc,cpu         ] GC(254) User=2.50s Sys=0.03s Real=0.38s
[48.402s][info][gc,start       ] GC(255) Pause Young (Allocation Failure)
[48.547s][info][gc,heap        ] GC(255) PSYoungGen: 253280K(253440K)->253536K(399360K) Eden: 126464K(126464K)->0K(109568K) From: 126816K(126976K)->253536K(289792K)
[48.547s][info][gc,heap        ] GC(255) ParOldGen: 7179185K(7859200K)->7179185K(7859200K)
[48.547s][info][gc,metaspace   ] GC(255) Metaspace: 6301K(6464K)->6301K(6464K) NonClass: 5768K(5824K)->5768K(5824K) Class: 533K(640K)->533K(640K)
[48.547s][info][gc             ] GC(255) Pause Young (Allocation Failure) 7258M->7258M(8065M) 145.228ms
[48.547s][info][gc,cpu         ] GC(255) User=0.61s Sys=0.00s Real=0.14s
[48.655s][info][gc,start       ] GC(256) Pause Young (Allocation Failure)
[48.829s][info][gc,heap        ] GC(256) PSYoungGen: 363104K(399360K)->318464K(428032K) Eden: 109568K(109568K)->0K(109568K) From: 253536K(289792K)->318464K(318464K)
[48.829s][info][gc,heap        ] GC(256) ParOldGen: 7179185K(7859200K)->7224249K(7859200K)
[48.829s][info][gc,metaspace   ] GC(256) Metaspace: 6301K(6464K)->6301K(6464K) NonClass: 5768K(5824K)->5768K(5824K) Class: 533K(640K)->533K(640K)
[48.829s][info][gc             ] GC(256) Pause Young (Allocation Failure) 7365M->7365M(8093M) 173.660ms
[48.829s][info][gc,cpu         ] GC(256) User=1.25s Sys=0.05s Real=0.17s
[48.944s][info][gc,start       ] GC(257) Pause Young (Allocation Failure)
[49.183s][info][gc,heap        ] GC(257) PSYoungGen: 428032K(428032K)->208000K(492032K) Eden: 109568K(109568K)->0K(121856K) From: 318464K(318464K)->208000K(370176K)
[49.183s][info][gc,heap        ] GC(257) ParOldGen: 7224249K(7859200K)->7446129K(7859200K)
[49.183s][info][gc,metaspace   ] GC(257) Metaspace: 6301K(6464K)->6301K(6464K) NonClass: 5768K(5824K)->5768K(5824K) Class: 533K(640K)->533K(640K)
[49.183s][info][gc             ] GC(257) Pause Young (Allocation Failure) 7472M->7474M(8155M) 239.188ms
[49.183s][info][gc,cpu         ] GC(257) User=1.44s Sys=0.16s Real=0.24s
[49.313s][info][gc,start       ] GC(258) Pause Young (Allocation Failure)
[49.488s][info][gc,heap        ] GC(258) PSYoungGen: 329856K(492032K)->232000K(497664K) Eden: 121856K(121856K)->0K(121856K) From: 208000K(370176K)->232000K(375808K)
[49.488s][info][gc,heap        ] GC(258) ParOldGen: 7446129K(7859200K)->7544913K(7859200K)
[49.488s][info][gc,metaspace   ] GC(258) Metaspace: 6301K(6464K)->6301K(6464K) NonClass: 5768K(5824K)->5768K(5824K) Class: 533K(640K)->533K(640K)
[49.488s][info][gc             ] GC(258) Pause Young (Allocation Failure) 7593M->7594M(8161M) 174.421ms
[49.488s][info][gc,cpu         ] GC(258) User=1.16s Sys=0.08s Real=0.17s
[49.633s][info][gc,start       ] GC(259) Pause Young (Allocation Failure)
[49.815s][info][gc,heap        ] GC(259) PSYoungGen: 353856K(497664K)->244256K(509440K) Eden: 121856K(121856K)->0K(131072K) From: 232000K(375808K)->244256K(378368K)
[49.815s][info][gc,heap        ] GC(259) ParOldGen: 7544913K(7859200K)->7655457K(7859200K)
[49.815s][info][gc,metaspace   ] GC(259) Metaspace: 6301K(6464K)->6301K(6464K) NonClass: 5768K(5824K)->5768K(5824K) Class: 533K(640K)->533K(640K)
[49.815s][info][gc             ] GC(259) Pause Young (Allocation Failure) 7713M->7714M(8172M) 182.063ms
[49.815s][info][gc,cpu         ] GC(259) User=1.16s Sys=0.06s Real=0.18s
[49.946s][info][gc,start       ] GC(260) Pause Young (Allocation Failure)
[50.146s][info][gc,heap        ] GC(260) PSYoungGen: 375328K(509440K)->253536K(514048K) Eden: 131072K(131072K)->0K(131072K) From: 244256K(378368K)->253536K(382976K)
[50.147s][info][gc,heap        ] GC(260) ParOldGen: 7655457K(7859200K)->7778393K(7859200K)
[50.147s][info][gc,metaspace   ] GC(260) Metaspace: 6301K(6464K)->6301K(6464K) NonClass: 5768K(5824K)->5768K(5824K) Class: 533K(640K)->533K(640K)
[50.147s][info][gc             ] GC(260) Pause Young (Allocation Failure) 7842M->7843M(8177M) 201.052ms
[50.147s][info][gc,cpu         ] GC(260) User=1.00s Sys=0.08s Real=0.20s
[50.147s][info][gc,start       ] GC(261) Pause Full (Ergonomics)
[50.147s][info][gc,phases,start] GC(261) Marking Phase
[51.940s][info][gc,phases      ] GC(261) Marking Phase 1793.343ms
[51.940s][info][gc,phases,start] GC(261) Summary Phase
[51.940s][info][gc,phases      ] GC(261) Summary Phase 0.142ms
[51.940s][info][gc,phases,start] GC(261) Adjust Roots
[51.941s][info][gc,phases      ] GC(261) Adjust Roots 0.321ms
[51.941s][info][gc,phases,start] GC(261) Compaction Phase
[52.754s][info][gc,phases      ] GC(261) Compaction Phase 812.899ms
[52.754s][info][gc,phases,start] GC(261) Post Compact
[52.766s][info][gc,phases      ] GC(261) Post Compact 11.981ms
[52.768s][info][gc,heap        ] GC(261) PSYoungGen: 253536K(514048K)->166479K(514048K) Eden: 0K(131072K)->0K(131072K) From: 253536K(382976K)->166479K(382976K)
[52.768s][info][gc,heap        ] GC(261) ParOldGen: 7778393K(7859200K)->7859159K(8653824K)
[52.768s][info][gc,metaspace   ] GC(261) Metaspace: 6301K(6464K)->6301K(6464K) NonClass: 5768K(5824K)->5768K(5824K) Class: 533K(640K)->533K(640K)
[52.768s][info][gc             ] GC(261) Pause Full (Ergonomics) 7843M->7837M(8953M) 2621.536ms
[52.768s][info][gc,cpu         ] GC(261) User=18.92s Sys=0.05s Real=2.62s
[52.907s][info][gc,start       ] GC(262) Pause Young (Allocation Failure)
[53.421s][info][gc,heap        ] GC(262) PSYoungGen: 297551K(514048K)->223808K(515072K) Eden: 131072K(131072K)->0K(143872K) From: 166479K(382976K)->223808K(371200K)
[53.421s][info][gc,heap        ] GC(262) ParOldGen: 7859159K(8653824K)->7934215K(8653824K)
[53.421s][info][gc,metaspace   ] GC(262) Metaspace: 6301K(6464K)->6301K(6464K) NonClass: 5768K(5824K)->5768K(5824K) Class: 533K(640K)->533K(640K)
[53.421s][info][gc             ] GC(262) Pause Young (Allocation Failure) 7965M->7966M(8954M) 513.631ms
[53.421s][info][gc,cpu         ] GC(262) User=3.56s Sys=0.02s Real=0.51s
[53.568s][info][gc,start       ] GC(263) Pause Young (Allocation Failure)
[53.768s][info][gc,heap        ] GC(263) PSYoungGen: 367680K(515072K)->368000K(525312K) Eden: 143872K(143872K)->0K(143872K) From: 223808K(371200K)->368000K(381440K)
[53.768s][info][gc,heap        ] GC(263) ParOldGen: 7934215K(8653824K)->7934215K(8653824K)
[53.768s][info][gc,metaspace   ] GC(263) Metaspace: 6301K(6464K)->6301K(6464K) NonClass: 5768K(5824K)->5768K(5824K) Class: 533K(640K)->533K(640K)
[53.768s][info][gc             ] GC(263) Pause Young (Allocation Failure) 8107M->8107M(8964M) 200.256ms
[53.768s][info][gc,cpu         ] GC(263) User=1.41s Sys=0.00s Real=0.20s
[53.912s][info][gc,start       ] GC(264) Pause Young (Allocation Failure)
[54.219s][info][gc,heap        ] GC(264) PSYoungGen: 511872K(525312K)->419712K(529408K) Eden: 143872K(143872K)->0K(102400K) From: 368000K(381440K)->419712K(427008K)
[54.219s][info][gc,heap        ] GC(264) ParOldGen: 7934215K(8653824K)->8027215K(8653824K)
[54.219s][info][gc,metaspace   ] GC(264) Metaspace: 6301K(6464K)->6301K(6464K) NonClass: 5768K(5824K)->5768K(5824K) Class: 533K(640K)->533K(640K)
[54.219s][info][gc             ] GC(264) Pause Young (Allocation Failure) 8248M->8248M(8968M) 307.279ms
[54.219s][info][gc,cpu         ] GC(264) User=2.02s Sys=0.11s Real=0.31s
[54.327s][info][gc,start       ] GC(265) Pause Young (Allocation Failure)
[54.612s][info][gc,heap        ] GC(265) PSYoungGen: 522112K(529408K)->391040K(585216K) Eden: 102400K(102400K)->0K(102400K) From: 419712K(427008K)->391040K(482816K)
[54.612s][info][gc,heap        ] GC(265) ParOldGen: 8027215K(8653824K)->8159479K(8653824K)
[54.612s][info][gc,metaspace   ] GC(265) Metaspace: 6301K(6464K)->6301K(6464K) NonClass: 5768K(5824K)->5768K(5824K) Class: 533K(640K)->533K(640K)
[54.612s][info][gc             ] GC(265) Pause Young (Allocation Failure) 8348M->8350M(9022M) 284.873ms
[54.612s][info][gc,cpu         ] GC(265) User=2.12s Sys=0.03s Real=0.29s
[54.714s][info][gc,start       ] GC(266) Pause Young (Allocation Failure)
[54.991s][info][gc,heap        ] GC(266) PSYoungGen: 493440K(585216K)->205344K(592896K) Eden: 102400K(102400K)->0K(115200K) From: 391040K(482816K)->205344K(477696K)
[54.991s][info][gc,heap        ] GC(266) ParOldGen: 8159479K(8653824K)->8449807K(8653824K)
[54.991s][info][gc,metaspace   ] GC(266) Metaspace: 6301K(6464K)->6301K(6464K) NonClass: 5768K(5824K)->5768K(5824K) Class: 533K(640K)->533K(640K)
[54.992s][info][gc             ] GC(266) Pause Young (Allocation Failure) 8450M->8452M(9030M) 277.253ms
[54.992s][info][gc,cpu         ] GC(266) User=1.62s Sys=0.17s Real=0.28s
[54.992s][info][gc,start       ] GC(267) Pause Full (Ergonomics)
[54.992s][info][gc,phases,start] GC(267) Marking Phase
[57.003s][info][gc,phases      ] GC(267) Marking Phase 2011.145ms
[57.003s][info][gc,phases,start] GC(267) Summary Phase
[57.003s][info][gc,phases      ] GC(267) Summary Phase 0.158ms
[57.003s][info][gc,phases,start] GC(267) Adjust Roots
[57.003s][info][gc,phases      ] GC(267) Adjust Roots 0.193ms
[57.003s][info][gc,phases,start] GC(267) Compaction Phase
[57.799s][info][gc,phases      ] GC(267) Compaction Phase 796.239ms
[57.800s][info][gc,phases,start] GC(267) Post Compact
[57.813s][info][gc,phases      ] GC(267) Post Compact 13.456ms
[57.816s][info][gc,heap        ] GC(267) PSYoungGen: 205344K(592896K)->0K(611840K) Eden: 0K(115200K)->0K(115200K) From: 205344K(477696K)->0K(496640K)
[57.816s][info][gc,heap        ] GC(267) ParOldGen: 8449807K(8653824K)->8649088K(9564160K)
[57.816s][info][gc,metaspace   ] GC(267) Metaspace: 6301K(6464K)->6301K(6464K) NonClass: 5768K(5824K)->5768K(5824K) Class: 533K(640K)->533K(640K)
[57.816s][info][gc             ] GC(267) Pause Full (Ergonomics) 8452M->8446M(9937M) 2824.429ms
[57.816s][info][gc,cpu         ] GC(267) User=20.58s Sys=0.14s Real=2.82s
[57.940s][info][gc,start       ] GC(268) Pause Young (Allocation Failure)
[58.044s][info][gc,heap        ] GC(268) PSYoungGen: 115200K(611840K)->115552K(613888K) Eden: 115200K(115200K)->0K(126464K) From: 0K(496640K)->115552K(487424K)
[58.044s][info][gc,heap        ] GC(268) ParOldGen: 8649088K(9564160K)->8649088K(9564160K)
[58.044s][info][gc,metaspace   ] GC(268) Metaspace: 6301K(6464K)->6301K(6464K) NonClass: 5768K(5824K)->5768K(5824K) Class: 533K(640K)->533K(640K)
[58.044s][info][gc             ] GC(268) Pause Young (Allocation Failure) 8558M->8559M(9939M) 104.430ms
[58.044s][info][gc,cpu         ] GC(268) User=0.36s Sys=0.00s Real=0.10s
[58.182s][info][gc,start       ] GC(269) Pause Young (Allocation Failure)
[58.320s][info][gc,heap        ] GC(269) PSYoungGen: 242016K(613888K)->242272K(369152K) Eden: 126464K(126464K)->0K(126464K) From: 115552K(487424K)->242272K(242688K)
[58.320s][info][gc,heap        ] GC(269) ParOldGen: 8649088K(9564160K)->8649088K(9564160K)
[58.320s][info][gc,metaspace   ] GC(269) Metaspace: 6301K(6464K)->6301K(6464K) NonClass: 5768K(5824K)->5768K(5824K) Class: 533K(640K)->533K(640K)
[58.320s][info][gc             ] GC(269) Pause Young (Allocation Failure) 8682M->8682M(9700M) 138.292ms
[58.320s][info][gc,cpu         ] GC(269) User=0.80s Sys=0.00s Real=0.14s
[58.463s][info][gc,start       ] GC(270) Pause Young (Allocation Failure)
[58.655s][info][gc,heap        ] GC(270) PSYoungGen: 368736K(369152K)->368896K(584192K) Eden: 126464K(126464K)->0K(112640K) From: 242272K(242688K)->368896K(471552K)
[58.655s][info][gc,heap        ] GC(270) ParOldGen: 8649088K(9564160K)->8649088K(9564160K)
[58.655s][info][gc,metaspace   ] GC(270) Metaspace: 6301K(6464K)->6301K(6464K) NonClass: 5768K(5824K)->5768K(5824K) Class: 533K(640K)->533K(640K)
[58.655s][info][gc             ] GC(270) Pause Young (Allocation Failure) 8806M->8806M(9910M) 192.636ms
[58.655s][info][gc,cpu         ] GC(270) User=1.27s Sys=0.00s Real=0.19s
[58.772s][info][gc,start       ] GC(271) Pause Young (Allocation Failure)
[59.044s][info][gc,heap        ] GC(271) PSYoungGen: 481536K(584192K)->366400K(610816K) Eden: 112640K(112640K)->0K(112640K) From: 368896K(471552K)->366400K(498176K)
[59.044s][info][gc,heap        ] GC(271) ParOldGen: 8649088K(9564160K)->8765344K(9564160K)
[59.044s][info][gc,metaspace   ] GC(271) Metaspace: 6301K(6464K)->6301K(6464K) NonClass: 5768K(5824K)->5768K(5824K) Class: 533K(640K)->533K(640K)
[59.044s][info][gc             ] GC(271) Pause Young (Allocation Failure) 8916M->8917M(9936M) 272.116ms
[59.044s][info][gc,cpu         ] GC(271) User=1.73s Sys=0.05s Real=0.27s
[59.186s][info][gc,start       ] GC(272) Pause Young (Allocation Failure)
[59.440s][info][gc,heap        ] GC(272) PSYoungGen: 479040K(610816K)->352544K(634368K) Eden: 112640K(112640K)->0K(116736K) From: 366400K(498176K)->352544K(517632K)
[59.440s][info][gc,heap        ] GC(272) ParOldGen: 8765344K(9564160K)->8892992K(9564160K)
[59.440s][info][gc,metaspace   ] GC(272) Metaspace: 6301K(6464K)->6301K(6464K) NonClass: 5768K(5824K)->5768K(5824K) Class: 533K(640K)->533K(640K)
[59.440s][info][gc             ] GC(272) Pause Young (Allocation Failure) 9027M->9028M(9959M) 254.451ms
[59.440s][info][gc,cpu         ] GC(272) User=1.77s Sys=0.12s Real=0.25s
[59.560s][info][gc,start       ] GC(273) Pause Young (Allocation Failure)
[59.816s][info][gc,heap        ] GC(273) PSYoungGen: 469280K(634368K)->342784K(643072K) Eden: 116736K(116736K)->0K(116736K) From: 352544K(517632K)->342784K(526336K)
[59.816s][info][gc,heap        ] GC(273) ParOldGen: 8892992K(9564160K)->9020616K(9564160K)
[59.816s][info][gc,metaspace   ] GC(273) Metaspace: 6301K(6464K)->6301K(6464K) NonClass: 5768K(5824K)->5768K(5824K) Class: 533K(640K)->533K(640K)
[59.816s][info][gc             ] GC(273) Pause Young (Allocation Failure) 9142M->9143M(9968M) 256.711ms
[59.816s][info][gc,cpu         ] GC(273) User=1.83s Sys=0.09s Real=0.26s
[59.945s][info][gc,start       ] GC(274) Pause Young (Allocation Failure)
[60.233s][info][gc,heap        ] GC(274) PSYoungGen: 459520K(643072K)->233984K(623616K) Eden: 116736K(116736K)->0K(131584K) From: 342784K(526336K)->233984K(492032K)
[60.233s][info][gc,heap        ] GC(274) ParOldGen: 9020616K(9564160K)->9247952K(9564160K)
[60.233s][info][gc,metaspace   ] GC(274) Metaspace: 6301K(6464K)->6301K(6464K) NonClass: 5768K(5824K)->5768K(5824K) Class: 533K(640K)->533K(640K)
[60.233s][info][gc             ] GC(274) Pause Young (Allocation Failure) 9257M->9259M(9949M) 288.112ms
[60.233s][info][gc,cpu         ] GC(274) User=1.69s Sys=0.09s Real=0.29s
[60.371s][info][gc,start       ] GC(275) Pause Young (Allocation Failure)
[60.582s][info][gc,heap        ] GC(275) PSYoungGen: 365568K(623616K)->132032K(641536K) Eden: 131584K(131584K)->0K(131584K) From: 233984K(492032K)->132032K(509952K)
[60.582s][info][gc,heap        ] GC(275) ParOldGen: 9247952K(9564160K)->9483584K(9564160K)
[60.582s][info][gc,metaspace   ] GC(275) Metaspace: 6301K(6464K)->6301K(6464K) NonClass: 5768K(5824K)->5768K(5824K) Class: 533K(640K)->533K(640K)
[60.582s][info][gc             ] GC(275) Pause Young (Allocation Failure) 9388M->9390M(9966M) 210.919ms
[60.582s][info][gc,cpu         ] GC(275) User=1.44s Sys=0.11s Real=0.21s
[60.582s][info][gc,start       ] GC(276) Pause Full (Ergonomics)
[60.582s][info][gc,phases,start] GC(276) Marking Phase
[62.800s][info][gc,phases      ] GC(276) Marking Phase 2218.145ms
[62.801s][info][gc,phases,start] GC(276) Summary Phase
[62.801s][info][gc,phases      ] GC(276) Summary Phase 0.183ms
[62.801s][info][gc,phases,start] GC(276) Adjust Roots
[62.801s][info][gc,phases      ] GC(276) Adjust Roots 0.371ms
[62.801s][info][gc,phases,start] GC(276) Compaction Phase
[63.656s][info][gc,phases      ] GC(276) Compaction Phase 854.609ms
[63.656s][info][gc,phases,start] GC(276) Post Compact
[63.671s][info][gc,phases      ] GC(276) Post Compact 14.622ms
[63.672s][info][gc,heap        ] GC(276) PSYoungGen: 132032K(641536K)->43163K(641536K) Eden: 0K(131584K)->0K(131584K) From: 132032K(509952K)->43163K(509952K)
[63.672s][info][gc,heap        ] GC(276) ParOldGen: 9483584K(9564160K)->9564141K(10103808K)
[63.672s][info][gc,metaspace   ] GC(276) Metaspace: 6301K(6464K)->6301K(6464K) NonClass: 5768K(5824K)->5768K(5824K) Class: 533K(640K)->533K(640K)
[63.672s][info][gc             ] GC(276) Pause Full (Ergonomics) 9390M->9382M(10493M) 3089.984ms
[63.672s][info][gc,cpu         ] GC(276) User=22.67s Sys=0.06s Real=3.09s
[63.820s][info][gc,start       ] GC(277) Pause Young (Allocation Failure)
[64.368s][info][gc,heap        ] GC(277) PSYoungGen: 174747K(641536K)->132000K(644096K) Eden: 131584K(131584K)->0K(145408K) From: 43163K(509952K)->132000K(498688K)
[64.368s][info][gc,heap        ] GC(277) ParOldGen: 9564141K(10103808K)->9607741K(10103808K)
[64.368s][info][gc,metaspace   ] GC(277) Metaspace: 6301K(6464K)->6301K(6464K) NonClass: 5768K(5824K)->5768K(5824K) Class: 533K(640K)->533K(640K)
[64.368s][info][gc             ] GC(277) Pause Young (Allocation Failure) 9510M->9511M(10496M) 547.218ms
[64.368s][info][gc,cpu         ] GC(277) User=3.48s Sys=0.03s Real=0.55s
[64.512s][info][gc,start       ] GC(278) Pause Young (Allocation Failure)
[64.686s][info][gc,heap        ] GC(278) PSYoungGen: 277408K(644096K)->145824K(651264K) Eden: 145408K(145408K)->0K(145408K) From: 132000K(498688K)->145824K(505856K)
[64.686s][info][gc,heap        ] GC(278) ParOldGen: 9607741K(10103808K)->9740541K(10103808K)
[64.686s][info][gc,metaspace   ] GC(278) Metaspace: 6301K(6464K)->6301K(6464K) NonClass: 5768K(5824K)->5768K(5824K) Class: 533K(640K)->533K(640K)
[64.686s][info][gc             ] GC(278) Pause Young (Allocation Failure) 9653M->9654M(10503M) 173.982ms
[64.686s][info][gc,cpu         ] GC(278) User=1.14s Sys=0.09s Real=0.17s
[64.841s][info][gc,start       ] GC(279) Pause Young (Allocation Failure)
[65.032s][info][gc,heap        ] GC(279) PSYoungGen: 291232K(651264K)->145792K(634880K) Eden: 145408K(145408K)->0K(160768K) From: 145824K(505856K)->145792K(474112K)
[65.032s][info][gc,heap        ] GC(279) ParOldGen: 9740541K(10103808K)->9887245K(10103808K)
[65.032s][info][gc,metaspace   ] GC(279) Metaspace: 6301K(6464K)->6301K(6464K) NonClass: 5768K(5824K)->5768K(5824K) Class: 533K(640K)->533K(640K)
[65.032s][info][gc             ] GC(279) Pause Young (Allocation Failure) 9796M->9797M(10487M) 190.522ms
[65.032s][info][gc,cpu         ] GC(279) User=1.05s Sys=0.05s Real=0.19s
[65.032s][info][gc,start       ] GC(280) Pause Full (Ergonomics)
[65.032s][info][gc,phases,start] GC(280) Marking Phase
[67.353s][info][gc,phases      ] GC(280) Marking Phase 2320.450ms
[67.353s][info][gc,phases,start] GC(280) Summary Phase
[67.353s][info][gc,phases      ] GC(280) Summary Phase 0.204ms
[67.353s][info][gc,phases,start] GC(280) Adjust Roots
[67.353s][info][gc,phases      ] GC(280) Adjust Roots 0.305ms
[67.353s][info][gc,phases,start] GC(280) Compaction Phase
[68.118s][info][gc,phases      ] GC(280) Compaction Phase 764.470ms
[68.118s][info][gc,phases,start] GC(280) Post Compact
[68.133s][info][gc,phases      ] GC(280) Post Compact 15.382ms
[68.133s][info][gc,heap        ] GC(280) PSYoungGen: 145792K(634880K)->0K(646144K) Eden: 0K(160768K)->0K(160768K) From: 145792K(474112K)->0K(485376K)
[68.133s][info][gc,heap        ] GC(280) ParOldGen: 9887245K(10103808K)->10029613K(10103808K)
[68.133s][info][gc,metaspace   ] GC(280) Metaspace: 6301K(6464K)->6301K(6464K) NonClass: 5768K(5824K)->5768K(5824K) Class: 533K(640K)->533K(640K)
[68.133s][info][gc             ] GC(280) Pause Full (Ergonomics) 9797M->9794M(10498M) 3101.263ms
[68.133s][info][gc,cpu         ] GC(280) User=23.14s Sys=0.16s Real=3.10s
[68.312s][info][gc,start       ] GC(281) Pause Full (Ergonomics)
[68.313s][info][gc,phases,start] GC(281) Marking Phase
[70.641s][info][gc,phases      ] GC(281) Marking Phase 2328.700ms
[70.641s][info][gc,phases,start] GC(281) Summary Phase
[70.641s][info][gc,phases      ] GC(281) Summary Phase 0.156ms
[70.642s][info][gc,phases,start] GC(281) Adjust Roots
[70.642s][info][gc,phases      ] GC(281) Adjust Roots 0.224ms
[70.642s][info][gc,phases,start] GC(281) Compaction Phase
[71.336s][info][gc,phases      ] GC(281) Compaction Phase 694.040ms
[71.336s][info][gc,phases,start] GC(281) Post Compact
[71.349s][info][gc,phases      ] GC(281) Post Compact 13.174ms
[71.349s][info][gc,heap        ] GC(281) PSYoungGen: 160768K(646144K)->87022K(646144K) Eden: 160768K(160768K)->87022K(160768K) From: 0K(485376K)->0K(485376K)
[71.349s][info][gc,heap        ] GC(281) ParOldGen: 10029613K(10103808K)->10103328K(10103808K)
[71.349s][info][gc,metaspace   ] GC(281) Metaspace: 6301K(6464K)->6301K(6464K) NonClass: 5768K(5824K)->5768K(5824K) Class: 533K(640K)->533K(640K)
[71.349s][info][gc             ] GC(281) Pause Full (Ergonomics) 9951M->9951M(10498M) 3036.716ms
[71.349s][info][gc,cpu         ] GC(281) User=23.47s Sys=0.08s Real=3.04s
[71.425s][info][gc,start       ] GC(282) Pause Full (Ergonomics)
[71.425s][info][gc,phases,start] GC(282) Marking Phase
[73.778s][info][gc,phases      ] GC(282) Marking Phase 2352.914ms
[73.778s][info][gc,phases,start] GC(282) Summary Phase
[73.778s][info][gc,phases      ] GC(282) Summary Phase 0.175ms
[73.778s][info][gc,phases,start] GC(282) Adjust Roots
[73.779s][info][gc,phases      ] GC(282) Adjust Roots 0.375ms
[73.779s][info][gc,phases,start] GC(282) Compaction Phase
[74.462s][info][gc,phases      ] GC(282) Compaction Phase 683.809ms
[74.463s][info][gc,phases,start] GC(282) Post Compact
[74.477s][info][gc,phases      ] GC(282) Post Compact 14.657ms
[74.477s][info][gc,heap        ] GC(282) PSYoungGen: 160768K(646144K)->160754K(646144K) Eden: 160768K(160768K)->160754K(160768K) From: 0K(485376K)->0K(485376K)
[74.477s][info][gc,heap        ] GC(282) ParOldGen: 10103328K(10103808K)->10103328K(10103808K)
[74.477s][info][gc,metaspace   ] GC(282) Metaspace: 6301K(6464K)->6301K(6464K) NonClass: 5768K(5824K)->5768K(5824K) Class: 533K(640K)->533K(640K)
[74.477s][info][gc             ] GC(282) Pause Full (Ergonomics) 10023M->10023M(10498M) 3052.428ms
[74.477s][info][gc,cpu         ] GC(282) User=23.19s Sys=0.00s Real=3.05s
[74.478s][info][gc,start       ] GC(283) Pause Full (Ergonomics)
[74.478s][info][gc,phases,start] GC(283) Marking Phase
[76.803s][info][gc,phases      ] GC(283) Marking Phase 2325.338ms
[76.803s][info][gc,phases,start] GC(283) Summary Phase
[76.803s][info][gc,phases      ] GC(283) Summary Phase 0.118ms
[76.803s][info][gc,phases,start] GC(283) Adjust Roots
[76.803s][info][gc,phases      ] GC(283) Adjust Roots 0.249ms
[76.803s][info][gc,phases,start] GC(283) Compaction Phase
[77.446s][info][gc,phases      ] GC(283) Compaction Phase 642.476ms
[77.446s][info][gc,phases,start] GC(283) Post Compact
[77.460s][info][gc,phases      ] GC(283) Post Compact 13.653ms
[77.460s][info][gc,heap        ] GC(283) PSYoungGen: 160768K(646144K)->160767K(646144K) Eden: 160768K(160768K)->160767K(160768K) From: 0K(485376K)->0K(485376K)
[77.460s][info][gc,heap        ] GC(283) ParOldGen: 10103328K(10103808K)->10103328K(10103808K)
[77.460s][info][gc,metaspace   ] GC(283) Metaspace: 6301K(6464K)->6301K(6464K) NonClass: 5768K(5824K)->5768K(5824K) Class: 533K(640K)->533K(640K)
[77.460s][info][gc             ] GC(283) Pause Full (Ergonomics) 10023M->10023M(10498M) 2982.182ms
[77.460s][info][gc,cpu         ] GC(283) User=23.08s Sys=0.00s Real=2.98s
[77.460s][info][gc,start       ] GC(284) Pause Full (Ergonomics)
[77.460s][info][gc,phases,start] GC(284) Marking Phase
[79.759s][info][gc,phases      ] GC(284) Marking Phase 2299.187ms
[79.759s][info][gc,phases,start] GC(284) Summary Phase
[79.759s][info][gc,phases      ] GC(284) Summary Phase 0.154ms
[79.759s][info][gc,phases,start] GC(284) Adjust Roots
[79.760s][info][gc,phases      ] GC(284) Adjust Roots 0.251ms
[79.760s][info][gc,phases,start] GC(284) Compaction Phase
[80.393s][info][gc,phases      ] GC(284) Compaction Phase 633.111ms
[80.393s][info][gc,phases,start] GC(284) Post Compact
[80.405s][info][gc,phases      ] GC(284) Post Compact 12.590ms
[80.406s][info][gc,heap        ] GC(284) PSYoungGen: 160767K(646144K)->160767K(646144K) Eden: 160767K(160768K)->160767K(160768K) From: 0K(485376K)->0K(485376K)
[80.406s][info][gc,heap        ] GC(284) ParOldGen: 10103328K(10103808K)->10103328K(10103808K)
[80.406s][info][gc,metaspace   ] GC(284) Metaspace: 6301K(6464K)->6301K(6464K) NonClass: 5768K(5824K)->5768K(5824K) Class: 533K(640K)->533K(640K)
[80.406s][info][gc             ] GC(284) Pause Full (Ergonomics) 10023M->10023M(10498M) 2945.698ms
[80.406s][info][gc,cpu         ] GC(284) User=22.83s Sys=0.02s Real=2.95s
[80.406s][info][gc,start       ] GC(285) Pause Full (Ergonomics)
[80.406s][info][gc,phases,start] GC(285) Marking Phase
[82.721s][info][gc,phases      ] GC(285) Marking Phase 2314.912ms
[82.721s][info][gc,phases,start] GC(285) Summary Phase
[82.721s][info][gc,phases      ] GC(285) Summary Phase 0.093ms
[82.721s][info][gc,phases,start] GC(285) Adjust Roots
[82.721s][info][gc,phases      ] GC(285) Adjust Roots 0.163ms
[82.721s][info][gc,phases,start] GC(285) Compaction Phase
[83.360s][info][gc,phases      ] GC(285) Compaction Phase 638.895ms
[83.360s][info][gc,phases,start] GC(285) Post Compact
[83.373s][info][gc,phases      ] GC(285) Post Compact 13.331ms
[83.373s][info][gc,heap        ] GC(285) PSYoungGen: 160768K(646144K)->160768K(646144K) Eden: 160768K(160768K)->160768K(160768K) From: 0K(485376K)->0K(485376K)
[83.373s][info][gc,heap        ] GC(285) ParOldGen: 10103333K(10103808K)->10103333K(10103808K)
[83.373s][info][gc,metaspace   ] GC(285) Metaspace: 6301K(6464K)->6301K(6464K) NonClass: 5768K(5824K)->5768K(5824K) Class: 533K(640K)->533K(640K)
[83.373s][info][gc             ] GC(285) Pause Full (Ergonomics) 10023M->10023M(10498M) 2967.717ms
[83.374s][info][gc,cpu         ] GC(285) User=23.05s Sys=0.00s Real=2.97s
[83.374s][info][gc,start       ] GC(286) Pause Full (Ergonomics)
[83.374s][info][gc,phases,start] GC(286) Marking Phase
[85.693s][info][gc,phases      ] GC(286) Marking Phase 2319.285ms
[85.693s][info][gc,phases,start] GC(286) Summary Phase
[85.693s][info][gc,phases      ] GC(286) Summary Phase 0.098ms
[85.693s][info][gc,phases,start] GC(286) Adjust Roots
[85.693s][info][gc,phases      ] GC(286) Adjust Roots 0.225ms
[85.693s][info][gc,phases,start] GC(286) Compaction Phase
[86.322s][info][gc,phases      ] GC(286) Compaction Phase 628.335ms
[86.322s][info][gc,phases,start] GC(286) Post Compact
[86.334s][info][gc,phases      ] GC(286) Post Compact 12.547ms
[86.334s][info][gc,heap        ] GC(286) PSYoungGen: 160768K(646144K)->160768K(646144K) Eden: 160768K(160768K)->160768K(160768K) From: 0K(485376K)->0K(485376K)
[86.335s][info][gc,heap        ] GC(286) ParOldGen: 10103338K(10103808K)->10103338K(10103808K)
[86.335s][info][gc,metaspace   ] GC(286) Metaspace: 6301K(6464K)->6301K(6464K) NonClass: 5768K(5824K)->5768K(5824K) Class: 533K(640K)->533K(640K)
[86.335s][info][gc             ] GC(286) Pause Full (Ergonomics) 10023M->10023M(10498M) 2960.843ms
[86.335s][info][gc,cpu         ] GC(286) User=23.12s Sys=0.00s Real=2.96s
[86.335s][info][gc,start       ] GC(287) Pause Full (Ergonomics)
[86.335s][info][gc,phases,start] GC(287) Marking Phase
[88.650s][info][gc,phases      ] GC(287) Marking Phase 2314.803ms
[88.650s][info][gc,phases,start] GC(287) Summary Phase
[88.650s][info][gc,phases      ] GC(287) Summary Phase 0.100ms
[88.650s][info][gc,phases,start] GC(287) Adjust Roots
[88.650s][info][gc,phases      ] GC(287) Adjust Roots 0.168ms
[88.650s][info][gc,phases,start] GC(287) Compaction Phase
[89.286s][info][gc,phases      ] GC(287) Compaction Phase 635.645ms
[89.286s][info][gc,phases,start] GC(287) Post Compact
[89.299s][info][gc,phases      ] GC(287) Post Compact 13.435ms
[89.299s][info][gc,heap        ] GC(287) PSYoungGen: 160768K(646144K)->160768K(646144K) Eden: 160768K(160768K)->160768K(160768K) From: 0K(485376K)->0K(485376K)
[89.299s][info][gc,heap        ] GC(287) ParOldGen: 10103343K(10103808K)->10103343K(10103808K)
[89.299s][info][gc,metaspace   ] GC(287) Metaspace: 6301K(6464K)->6301K(6464K) NonClass: 5768K(5824K)->5768K(5824K) Class: 533K(640K)->533K(640K)
[89.299s][info][gc             ] GC(287) Pause Full (Ergonomics) 10023M->10023M(10498M) 2964.475ms
[89.299s][info][gc,cpu         ] GC(287) User=23.12s Sys=0.02s Real=2.97s
[89.299s][info][gc,start       ] GC(288) Pause Full (Ergonomics)
[89.299s][info][gc,phases,start] GC(288) Marking Phase
[91.616s][info][gc,phases      ] GC(288) Marking Phase 2316.229ms
[91.616s][info][gc,phases,start] GC(288) Summary Phase
[91.616s][info][gc,phases      ] GC(288) Summary Phase 0.102ms
[91.616s][info][gc,phases,start] GC(288) Adjust Roots
[91.616s][info][gc,phases      ] GC(288) Adjust Roots 0.230ms
[91.616s][info][gc,phases,start] GC(288) Compaction Phase
[92.259s][info][gc,phases      ] GC(288) Compaction Phase 642.762ms
[92.259s][info][gc,phases,start] GC(288) Post Compact
[92.272s][info][gc,phases      ] GC(288) Post Compact 13.304ms
[92.272s][info][gc,heap        ] GC(288) PSYoungGen: 160768K(646144K)->160768K(646144K) Eden: 160768K(160768K)->160768K(160768K) From: 0K(485376K)->0K(485376K)
[92.272s][info][gc,heap        ] GC(288) ParOldGen: 10103348K(10103808K)->10103348K(10103808K)
[92.272s][info][gc,metaspace   ] GC(288) Metaspace: 6301K(6464K)->6301K(6464K) NonClass: 5768K(5824K)->5768K(5824K) Class: 533K(640K)->533K(640K)
[92.272s][info][gc             ] GC(288) Pause Full (Ergonomics) 10023M->10023M(10498M) 2972.975ms
[92.272s][info][gc,cpu         ] GC(288) User=22.97s Sys=0.00s Real=2.97s
[92.273s][info][gc,start       ] GC(289) Pause Full (Ergonomics)
[92.273s][info][gc,phases,start] GC(289) Marking Phase
[94.611s][info][gc,phases      ] GC(289) Marking Phase 2338.742ms
[94.611s][info][gc,phases,start] GC(289) Summary Phase
[94.612s][info][gc,phases      ] GC(289) Summary Phase 0.096ms
[94.612s][info][gc,phases,start] GC(289) Adjust Roots
[94.612s][info][gc,phases      ] GC(289) Adjust Roots 0.202ms
[94.612s][info][gc,phases,start] GC(289) Compaction Phase
[95.304s][info][gc,phases      ] GC(289) Compaction Phase 691.802ms
[95.304s][info][gc,phases,start] GC(289) Post Compact
[95.319s][info][gc,phases      ] GC(289) Post Compact 15.377ms
[95.319s][info][gc,heap        ] GC(289) PSYoungGen: 160768K(646144K)->160768K(646144K) Eden: 160768K(160768K)->160768K(160768K) From: 0K(485376K)->0K(485376K)
[95.319s][info][gc,heap        ] GC(289) ParOldGen: 10103352K(10103808K)->10103352K(10103808K)
[95.319s][info][gc,metaspace   ] GC(289) Metaspace: 6301K(6464K)->6301K(6464K) NonClass: 5768K(5824K)->5768K(5824K) Class: 533K(640K)->533K(640K)
[95.319s][info][gc             ] GC(289) Pause Full (Ergonomics) 10023M->10023M(10498M) 3046.596ms
[95.319s][info][gc,cpu         ] GC(289) User=23.02s Sys=0.00s Real=3.05s
[95.319s][info][gc,start       ] GC(290) Pause Full (Ergonomics)
[95.319s][info][gc,phases,start] GC(290) Marking Phase
[97.644s][info][gc,phases      ] GC(290) Marking Phase 2324.536ms
[97.644s][info][gc,phases,start] GC(290) Summary Phase
[97.644s][info][gc,phases      ] GC(290) Summary Phase 0.094ms
[97.644s][info][gc,phases,start] GC(290) Adjust Roots
[97.644s][info][gc,phases      ] GC(290) Adjust Roots 0.166ms
[97.644s][info][gc,phases,start] GC(290) Compaction Phase
[98.284s][info][gc,phases      ] GC(290) Compaction Phase 639.576ms
[98.284s][info][gc,phases,start] GC(290) Post Compact
[98.298s][info][gc,phases      ] GC(290) Post Compact 13.663ms
[98.298s][info][gc,heap        ] GC(290) PSYoungGen: 160768K(646144K)->160768K(646144K) Eden: 160768K(160768K)->160768K(160768K) From: 0K(485376K)->0K(485376K)
[98.298s][info][gc,heap        ] GC(290) ParOldGen: 10103357K(10103808K)->10103357K(10103808K)
[98.298s][info][gc,metaspace   ] GC(290) Metaspace: 6301K(6464K)->6301K(6464K) NonClass: 5768K(5824K)->5768K(5824K) Class: 533K(640K)->533K(640K)
[98.298s][info][gc             ] GC(290) Pause Full (Ergonomics) 10023M->10023M(10498M) 2978.400ms
[98.298s][info][gc,cpu         ] GC(290) User=23.23s Sys=0.02s Real=2.98s
[98.298s][info][gc,start       ] GC(291) Pause Full (Ergonomics)
[98.298s][info][gc,phases,start] GC(291) Marking Phase
[100.646s][info][gc,phases      ] GC(291) Marking Phase 2347.746ms
[100.646s][info][gc,phases,start] GC(291) Summary Phase
[100.646s][info][gc,phases      ] GC(291) Summary Phase 0.100ms
[100.646s][info][gc,phases,start] GC(291) Adjust Roots
[100.646s][info][gc,phases      ] GC(291) Adjust Roots 0.162ms
[100.646s][info][gc,phases,start] GC(291) Compaction Phase
[101.296s][info][gc,phases      ] GC(291) Compaction Phase 649.516ms
[101.296s][info][gc,phases,start] GC(291) Post Compact
[101.310s][info][gc,phases      ] GC(291) Post Compact 14.279ms
[101.310s][info][gc,heap        ] GC(291) PSYoungGen: 160768K(646144K)->160768K(646144K) Eden: 160768K(160768K)->160768K(160768K) From: 0K(485376K)->0K(485376K)
[101.310s][info][gc,heap        ] GC(291) ParOldGen: 10103362K(10103808K)->10103362K(10103808K)
[101.310s][info][gc,metaspace   ] GC(291) Metaspace: 6301K(6464K)->6301K(6464K) NonClass: 5768K(5824K)->5768K(5824K) Class: 533K(640K)->533K(640K)
[101.310s][info][gc             ] GC(291) Pause Full (Ergonomics) 10023M->10023M(10498M) 3012.133ms
[101.310s][info][gc,cpu         ] GC(291) User=23.45s Sys=0.00s Real=3.01s
[101.310s][info][gc,start       ] GC(292) Pause Full (Ergonomics)
[101.310s][info][gc,phases,start] GC(292) Marking Phase
[103.632s][info][gc,phases      ] GC(292) Marking Phase 2322.016ms
[103.632s][info][gc,phases,start] GC(292) Summary Phase
[103.633s][info][gc,phases      ] GC(292) Summary Phase 0.099ms
[103.633s][info][gc,phases,start] GC(292) Adjust Roots
[103.633s][info][gc,phases      ] GC(292) Adjust Roots 0.162ms
[103.633s][info][gc,phases,start] GC(292) Compaction Phase
[104.274s][info][gc,phases      ] GC(292) Compaction Phase 641.385ms
[104.274s][info][gc,phases,start] GC(292) Post Compact
[104.288s][info][gc,phases      ] GC(292) Post Compact 13.294ms
[104.288s][info][gc,heap        ] GC(292) PSYoungGen: 160768K(646144K)->160768K(646144K) Eden: 160768K(160768K)->160768K(160768K) From: 0K(485376K)->0K(485376K)
[104.288s][info][gc,heap        ] GC(292) ParOldGen: 10103367K(10103808K)->10103367K(10103808K)
[104.288s][info][gc,metaspace   ] GC(292) Metaspace: 6301K(6464K)->6301K(6464K) NonClass: 5768K(5824K)->5768K(5824K) Class: 533K(640K)->533K(640K)
[104.288s][info][gc             ] GC(292) Pause Full (Ergonomics) 10023M->10023M(10498M) 2977.325ms
[104.288s][info][gc,cpu         ] GC(292) User=23.20s Sys=0.02s Real=2.98s
[104.288s][info][gc,start       ] GC(293) Pause Full (Ergonomics)
[104.288s][info][gc,phases,start] GC(293) Marking Phase
[106.604s][info][gc,phases      ] GC(293) Marking Phase 2316.061ms
[106.604s][info][gc,phases,start] GC(293) Summary Phase
[106.604s][info][gc,phases      ] GC(293) Summary Phase 0.161ms
[106.604s][info][gc,phases,start] GC(293) Adjust Roots
[106.604s][info][gc,phases      ] GC(293) Adjust Roots 0.252ms
[106.605s][info][gc,phases,start] GC(293) Compaction Phase
[107.263s][info][gc,phases      ] GC(293) Compaction Phase 658.231ms
[107.263s][info][gc,phases,start] GC(293) Post Compact
[107.275s][info][gc,phases      ] GC(293) Post Compact 12.610ms
[107.276s][info][gc,heap        ] GC(293) PSYoungGen: 160768K(646144K)->160768K(646144K) Eden: 160768K(160768K)->160768K(160768K) From: 0K(485376K)->0K(485376K)
[107.276s][info][gc,heap        ] GC(293) ParOldGen: 10103372K(10103808K)->10103372K(10103808K)
[107.276s][info][gc,metaspace   ] GC(293) Metaspace: 6301K(6464K)->6301K(6464K) NonClass: 5768K(5824K)->5768K(5824K) Class: 533K(640K)->533K(640K)
[107.276s][info][gc             ] GC(293) Pause Full (Ergonomics) 10023M->10023M(10498M) 2987.701ms
[107.276s][info][gc,cpu         ] GC(293) User=23.02s Sys=0.00s Real=2.99s
[107.276s][info][gc,start       ] GC(294) Pause Full (Ergonomics)
[107.276s][info][gc,phases,start] GC(294) Marking Phase
[109.622s][info][gc,phases      ] GC(294) Marking Phase 2345.771ms
[109.622s][info][gc,phases,start] GC(294) Summary Phase
[109.622s][info][gc,phases      ] GC(294) Summary Phase 0.094ms
[109.622s][info][gc,phases,start] GC(294) Adjust Roots
[109.622s][info][gc,phases      ] GC(294) Adjust Roots 0.163ms
[109.622s][info][gc,phases,start] GC(294) Compaction Phase
[110.316s][info][gc,phases      ] GC(294) Compaction Phase 694.253ms
[110.316s][info][gc,phases,start] GC(294) Post Compact
[110.331s][info][gc,phases      ] GC(294) Post Compact 14.820ms
[110.331s][info][gc,heap        ] GC(294) PSYoungGen: 160768K(646144K)->160768K(646144K) Eden: 160768K(160768K)->160768K(160768K) From: 0K(485376K)->0K(485376K)
[110.331s][info][gc,heap        ] GC(294) ParOldGen: 10103377K(10103808K)->10103377K(10103808K)
[110.331s][info][gc,metaspace   ] GC(294) Metaspace: 6301K(6464K)->6301K(6464K) NonClass: 5768K(5824K)->5768K(5824K) Class: 533K(640K)->533K(640K)
[110.331s][info][gc             ] GC(294) Pause Full (Ergonomics) 10023M->10023M(10498M) 3055.438ms
[110.331s][info][gc,cpu         ] GC(294) User=23.25s Sys=0.00s Real=3.06s
[110.331s][info][gc,start       ] GC(295) Pause Full (Ergonomics)
[110.331s][info][gc,phases,start] GC(295) Marking Phase
[112.685s][info][gc,phases      ] GC(295) Marking Phase 2353.128ms
[112.685s][info][gc,phases,start] GC(295) Summary Phase
[112.685s][info][gc,phases      ] GC(295) Summary Phase 0.100ms
[112.685s][info][gc,phases,start] GC(295) Adjust Roots
[112.685s][info][gc,phases      ] GC(295) Adjust Roots 0.167ms
[112.685s][info][gc,phases,start] GC(295) Compaction Phase
[113.326s][info][gc,phases      ] GC(295) Compaction Phase 640.625ms
[113.326s][info][gc,phases,start] GC(295) Post Compact
[113.340s][info][gc,phases      ] GC(295) Post Compact 14.167ms
[113.340s][info][gc,heap        ] GC(295) PSYoungGen: 160768K(646144K)->160768K(646144K) Eden: 160768K(160768K)->160768K(160768K) From: 0K(485376K)->0K(485376K)
[113.340s][info][gc,heap        ] GC(295) ParOldGen: 10103381K(10103808K)->10103381K(10103808K)
[113.340s][info][gc,metaspace   ] GC(295) Metaspace: 6301K(6464K)->6301K(6464K) NonClass: 5768K(5824K)->5768K(5824K) Class: 533K(640K)->533K(640K)
[113.340s][info][gc             ] GC(295) Pause Full (Ergonomics) 10023M->10023M(10498M) 3008.520ms
[113.340s][info][gc,cpu         ] GC(295) User=23.27s Sys=0.02s Real=3.01s
[113.340s][info][gc,start       ] GC(296) Pause Full (Ergonomics)
[113.340s][info][gc,phases,start] GC(296) Marking Phase
[115.676s][info][gc,phases      ] GC(296) Marking Phase 2335.509ms
[115.676s][info][gc,phases,start] GC(296) Summary Phase
[115.676s][info][gc,phases      ] GC(296) Summary Phase 0.095ms
[115.676s][info][gc,phases,start] GC(296) Adjust Roots
[115.676s][info][gc,phases      ] GC(296) Adjust Roots 0.163ms
[115.676s][info][gc,phases,start] GC(296) Compaction Phase
[116.354s][info][gc,phases      ] GC(296) Compaction Phase 678.100ms
[116.354s][info][gc,phases,start] GC(296) Post Compact
[116.369s][info][gc,phases      ] GC(296) Post Compact 14.770ms
[116.369s][info][gc,heap        ] GC(296) PSYoungGen: 160768K(646144K)->160768K(646144K) Eden: 160768K(160768K)->160768K(160768K) From: 0K(485376K)->0K(485376K)
[116.369s][info][gc,heap        ] GC(296) ParOldGen: 10103386K(10103808K)->10103386K(10103808K)
[116.369s][info][gc,metaspace   ] GC(296) Metaspace: 6301K(6464K)->6301K(6464K) NonClass: 5768K(5824K)->5768K(5824K) Class: 533K(640K)->533K(640K)
[116.369s][info][gc             ] GC(296) Pause Full (Ergonomics) 10023M->10023M(10498M) 3028.989ms
[116.369s][info][gc,cpu         ] GC(296) User=23.09s Sys=0.00s Real=3.03s
[116.369s][info][gc,start       ] GC(297) Pause Full (Ergonomics)
[116.369s][info][gc,phases,start] GC(297) Marking Phase
[118.696s][info][gc,phases      ] GC(297) Marking Phase 2326.959ms
[118.696s][info][gc,phases,start] GC(297) Summary Phase
[118.697s][info][gc,phases      ] GC(297) Summary Phase 0.106ms
[118.697s][info][gc,phases,start] GC(297) Adjust Roots
[118.697s][info][gc,phases      ] GC(297) Adjust Roots 0.219ms
[118.697s][info][gc,phases,start] GC(297) Compaction Phase
[119.352s][info][gc,phases      ] GC(297) Compaction Phase 655.495ms
[119.352s][info][gc,phases,start] GC(297) Post Compact
[119.365s][info][gc,phases      ] GC(297) Post Compact 13.083ms
[119.366s][info][gc,heap        ] GC(297) PSYoungGen: 160768K(646144K)->160768K(646144K) Eden: 160768K(160768K)->160768K(160768K) From: 0K(485376K)->0K(485376K)
[119.366s][info][gc,heap        ] GC(297) ParOldGen: 10103391K(10103808K)->10103391K(10103808K)
[119.366s][info][gc,metaspace   ] GC(297) Metaspace: 6301K(6464K)->6301K(6464K) NonClass: 5768K(5824K)->5768K(5824K) Class: 533K(640K)->533K(640K)
[119.366s][info][gc             ] GC(297) Pause Full (Ergonomics) 10023M->10023M(10498M) 2996.199ms
[119.366s][info][gc,cpu         ] GC(297) User=23.28s Sys=0.00s Real=3.00s
[119.366s][info][gc,start       ] GC(298) Pause Full (Ergonomics)
[119.366s][info][gc,phases,start] GC(298) Marking Phase
[121.725s][info][gc,phases      ] GC(298) Marking Phase 2358.761ms
[121.725s][info][gc,phases,start] GC(298) Summary Phase
[121.725s][info][gc,phases      ] GC(298) Summary Phase 0.101ms
[121.725s][info][gc,phases,start] GC(298) Adjust Roots
[121.725s][info][gc,phases      ] GC(298) Adjust Roots 0.176ms
[121.725s][info][gc,phases,start] GC(298) Compaction Phase
[122.366s][info][gc,phases      ] GC(298) Compaction Phase 641.118ms
[122.366s][info][gc,phases,start] GC(298) Post Compact
[122.380s][info][gc,phases      ] GC(298) Post Compact 14.025ms
[122.380s][info][gc,heap        ] GC(298) PSYoungGen: 160768K(646144K)->160768K(646144K) Eden: 160768K(160768K)->160768K(160768K) From: 0K(485376K)->0K(485376K)
[122.380s][info][gc,heap        ] GC(298) ParOldGen: 10103396K(10103808K)->10103396K(10103808K)
[122.380s][info][gc,metaspace   ] GC(298) Metaspace: 6301K(6464K)->6301K(6464K) NonClass: 5768K(5824K)->5768K(5824K) Class: 533K(640K)->533K(640K)
[122.380s][info][gc             ] GC(298) Pause Full (Ergonomics) 10023M->10023M(10498M) 3014.510ms
[122.380s][info][gc,cpu         ] GC(298) User=23.44s Sys=0.02s Real=3.01s
[122.380s][info][gc,start       ] GC(299) Pause Full (Ergonomics)
[122.380s][info][gc,phases,start] GC(299) Marking Phase
[124.723s][info][gc,phases      ] GC(299) Marking Phase 2342.088ms
[124.723s][info][gc,phases,start] GC(299) Summary Phase
[124.723s][info][gc,phases      ] GC(299) Summary Phase 0.098ms
[124.723s][info][gc,phases,start] GC(299) Adjust Roots
[124.723s][info][gc,phases      ] GC(299) Adjust Roots 0.175ms
[124.723s][info][gc,phases,start] GC(299) Compaction Phase
[125.374s][info][gc,phases      ] GC(299) Compaction Phase 651.393ms
[125.374s][info][gc,phases,start] GC(299) Post Compact
[125.388s][info][gc,phases      ] GC(299) Post Compact 14.011ms
[125.389s][info][gc,heap        ] GC(299) PSYoungGen: 160768K(646144K)->160768K(646144K) Eden: 160768K(160768K)->160768K(160768K) From: 0K(485376K)->0K(485376K)
[125.389s][info][gc,heap        ] GC(299) ParOldGen: 10103401K(10103808K)->10103401K(10103808K)
[125.389s][info][gc,metaspace   ] GC(299) Metaspace: 6301K(6464K)->6301K(6464K) NonClass: 5768K(5824K)->5768K(5824K) Class: 533K(640K)->533K(640K)
[125.389s][info][gc             ] GC(299) Pause Full (Ergonomics) 10023M->10023M(10498M) 3008.105ms
[125.389s][info][gc,cpu         ] GC(299) User=23.25s Sys=0.00s Real=3.01s
[125.389s][info][gc,start       ] GC(300) Pause Full (Ergonomics)
[125.389s][info][gc,phases,start] GC(300) Marking Phase
[127.747s][info][gc,phases      ] GC(300) Marking Phase 2357.695ms
[127.747s][info][gc,phases,start] GC(300) Summary Phase
[127.747s][info][gc,phases      ] GC(300) Summary Phase 0.101ms
[127.747s][info][gc,phases,start] GC(300) Adjust Roots
[127.747s][info][gc,phases      ] GC(300) Adjust Roots 0.162ms
[127.747s][info][gc,phases,start] GC(300) Compaction Phase
[128.381s][info][gc,phases      ] GC(300) Compaction Phase 633.783ms
[128.381s][info][gc,phases,start] GC(300) Post Compact
[128.393s][info][gc,phases      ] GC(300) Post Compact 12.641ms
[128.393s][info][gc,heap        ] GC(300) PSYoungGen: 160768K(646144K)->160768K(646144K) Eden: 160768K(160768K)->160768K(160768K) From: 0K(485376K)->0K(485376K)
[128.393s][info][gc,heap        ] GC(300) ParOldGen: 10103406K(10103808K)->10103406K(10103808K)
[128.394s][info][gc,metaspace   ] GC(300) Metaspace: 6301K(6464K)->6301K(6464K) NonClass: 5768K(5824K)->5768K(5824K) Class: 533K(640K)->533K(640K)
[128.394s][info][gc             ] GC(300) Pause Full (Ergonomics) 10023M->10023M(10498M) 3004.741ms
[128.394s][info][gc,cpu         ] GC(300) User=23.52s Sys=0.02s Real=3.01s
[128.394s][info][gc,start       ] GC(301) Pause Full (Ergonomics)
[128.394s][info][gc,phases,start] GC(301) Marking Phase
[130.718s][info][gc,phases      ] GC(301) Marking Phase 2323.810ms
[130.718s][info][gc,phases,start] GC(301) Summary Phase
[130.718s][info][gc,phases      ] GC(301) Summary Phase 0.095ms
[130.718s][info][gc,phases,start] GC(301) Adjust Roots
[130.718s][info][gc,phases      ] GC(301) Adjust Roots 0.164ms
[130.718s][info][gc,phases,start] GC(301) Compaction Phase
[131.366s][info][gc,phases      ] GC(301) Compaction Phase 648.529ms
[131.367s][info][gc,phases,start] GC(301) Post Compact
[131.380s][info][gc,phases      ] GC(301) Post Compact 13.592ms
[131.380s][info][gc,heap        ] GC(301) PSYoungGen: 160768K(646144K)->160768K(646144K) Eden: 160768K(160768K)->160768K(160768K) From: 0K(485376K)->0K(485376K)
[131.380s][info][gc,heap        ] GC(301) ParOldGen: 10103410K(10103808K)->10103410K(10103808K)
[131.380s][info][gc,metaspace   ] GC(301) Metaspace: 6301K(6464K)->6301K(6464K) NonClass: 5768K(5824K)->5768K(5824K) Class: 533K(640K)->533K(640K)
[131.380s][info][gc             ] GC(301) Pause Full (Ergonomics) 10023M->10023M(10498M) 2986.521ms
[131.380s][info][gc,cpu         ] GC(301) User=22.98s Sys=0.03s Real=2.99s
[131.380s][info][gc,start       ] GC(302) Pause Full (Ergonomics)
[131.380s][info][gc,phases,start] GC(302) Marking Phase
[133.739s][info][gc,phases      ] GC(302) Marking Phase 2358.979ms
[133.740s][info][gc,phases,start] GC(302) Summary Phase
[133.740s][info][gc,phases      ] GC(302) Summary Phase 0.101ms
[133.740s][info][gc,phases,start] GC(302) Adjust Roots
[133.740s][info][gc,phases      ] GC(302) Adjust Roots 0.166ms
[133.740s][info][gc,phases,start] GC(302) Compaction Phase
[134.382s][info][gc,phases      ] GC(302) Compaction Phase 642.054ms
[134.382s][info][gc,phases,start] GC(302) Post Compact
[134.395s][info][gc,phases      ] GC(302) Post Compact 12.755ms
[134.395s][info][gc,heap        ] GC(302) PSYoungGen: 160768K(646144K)->160768K(646144K) Eden: 160768K(160768K)->160768K(160768K) From: 0K(485376K)->0K(485376K)
[134.395s][info][gc,heap        ] GC(302) ParOldGen: 10103415K(10103808K)->10103415K(10103808K)
[134.395s][info][gc,metaspace   ] GC(302) Metaspace: 6301K(6464K)->6301K(6464K) NonClass: 5768K(5824K)->5768K(5824K) Class: 533K(640K)->533K(640K)
[134.395s][info][gc             ] GC(302) Pause Full (Ergonomics) 10023M->10023M(10498M) 3014.405ms
[134.395s][info][gc,cpu         ] GC(302) User=23.44s Sys=0.00s Real=3.01s
[134.395s][info][gc,start       ] GC(303) Pause Full (Ergonomics)
[134.395s][info][gc,phases,start] GC(303) Marking Phase
[136.695s][info][gc,phases      ] GC(303) Marking Phase 2300.222ms
[136.695s][info][gc,phases,start] GC(303) Summary Phase
[136.695s][info][gc,phases      ] GC(303) Summary Phase 0.093ms
[136.695s][info][gc,phases,start] GC(303) Adjust Roots
[136.696s][info][gc,phases      ] GC(303) Adjust Roots 0.164ms
[136.696s][info][gc,phases,start] GC(303) Compaction Phase
[137.344s][info][gc,phases      ] GC(303) Compaction Phase 648.438ms
[137.344s][info][gc,phases,start] GC(303) Post Compact
[137.358s][info][gc,phases      ] GC(303) Post Compact 14.015ms
[137.358s][info][gc,heap        ] GC(303) PSYoungGen: 160768K(646144K)->160768K(646144K) Eden: 160768K(160768K)->160768K(160768K) From: 0K(485376K)->0K(485376K)
[137.358s][info][gc,heap        ] GC(303) ParOldGen: 10103420K(10103808K)->10103420K(10103808K)
[137.358s][info][gc,metaspace   ] GC(303) Metaspace: 6301K(6464K)->6301K(6464K) NonClass: 5768K(5824K)->5768K(5824K) Class: 533K(640K)->533K(640K)
[137.358s][info][gc             ] GC(303) Pause Full (Ergonomics) 10023M->10023M(10498M) 2963.293ms
[137.358s][info][gc,cpu         ] GC(303) User=22.89s Sys=0.00s Real=2.96s
[137.359s][info][gc,start       ] GC(304) Pause Full (Ergonomics)
[137.359s][info][gc,phases,start] GC(304) Marking Phase
[139.736s][info][gc,phases      ] GC(304) Marking Phase 2377.228ms
[139.736s][info][gc,phases,start] GC(304) Summary Phase
[139.736s][info][gc,phases      ] GC(304) Summary Phase 0.105ms
[139.736s][info][gc,phases,start] GC(304) Adjust Roots
[139.736s][info][gc,phases      ] GC(304) Adjust Roots 0.163ms
[139.736s][info][gc,phases,start] GC(304) Compaction Phase
[140.400s][info][gc,phases      ] GC(304) Compaction Phase 663.368ms
[140.400s][info][gc,phases,start] GC(304) Post Compact
[140.414s][info][gc,phases      ] GC(304) Post Compact 14.359ms
[140.414s][info][gc,heap        ] GC(304) PSYoungGen: 160768K(646144K)->160768K(646144K) Eden: 160768K(160768K)->160768K(160768K) From: 0K(485376K)->0K(485376K)
[140.414s][info][gc,heap        ] GC(304) ParOldGen: 10103425K(10103808K)->10103425K(10103808K)
[140.414s][info][gc,metaspace   ] GC(304) Metaspace: 6301K(6464K)->6301K(6464K) NonClass: 5768K(5824K)->5768K(5824K) Class: 533K(640K)->533K(640K)
[140.414s][info][gc             ] GC(304) Pause Full (Ergonomics) 10023M->10023M(10498M) 3055.591ms
[140.414s][info][gc,cpu         ] GC(304) User=23.47s Sys=0.05s Real=3.05s
[140.414s][info][gc,start       ] GC(305) Pause Full (Ergonomics)
[140.414s][info][gc,phases,start] GC(305) Marking Phase
[142.761s][info][gc,phases      ] GC(305) Marking Phase 2346.824ms
[142.761s][info][gc,phases,start] GC(305) Summary Phase
[142.761s][info][gc,phases      ] GC(305) Summary Phase 0.099ms
[142.761s][info][gc,phases,start] GC(305) Adjust Roots
[142.762s][info][gc,phases      ] GC(305) Adjust Roots 0.171ms
[142.762s][info][gc,phases,start] GC(305) Compaction Phase
[143.425s][info][gc,phases      ] GC(305) Compaction Phase 663.351ms
[143.425s][info][gc,phases,start] GC(305) Post Compact
[143.439s][info][gc,phases      ] GC(305) Post Compact 14.216ms
[143.439s][info][gc,heap        ] GC(305) PSYoungGen: 160768K(646144K)->160768K(646144K) Eden: 160768K(160768K)->160768K(160768K) From: 0K(485376K)->0K(485376K)
[143.439s][info][gc,heap        ] GC(305) ParOldGen: 10103430K(10103808K)->10103430K(10103808K)
[143.439s][info][gc,metaspace   ] GC(305) Metaspace: 6301K(6464K)->6301K(6464K) NonClass: 5768K(5824K)->5768K(5824K) Class: 533K(640K)->533K(640K)
[143.439s][info][gc             ] GC(305) Pause Full (Ergonomics) 10023M->10023M(10498M) 3024.993ms
[143.439s][info][gc,cpu         ] GC(305) User=23.33s Sys=0.03s Real=3.02s
[143.440s][info][gc,start       ] GC(306) Pause Full (Ergonomics)
[143.440s][info][gc,phases,start] GC(306) Marking Phase
[145.773s][info][gc,phases      ] GC(306) Marking Phase 2333.467ms
[145.773s][info][gc,phases,start] GC(306) Summary Phase
[145.773s][info][gc,phases      ] GC(306) Summary Phase 0.119ms
[145.773s][info][gc,phases,start] GC(306) Adjust Roots
[145.774s][info][gc,phases      ] GC(306) Adjust Roots 0.237ms
[145.774s][info][gc,phases,start] GC(306) Compaction Phase
[146.422s][info][gc,phases      ] GC(306) Compaction Phase 648.560ms
[146.422s][info][gc,phases,start] GC(306) Post Compact
[146.436s][info][gc,phases      ] GC(306) Post Compact 13.559ms
[146.436s][info][gc,heap        ] GC(306) PSYoungGen: 160768K(646144K)->160768K(646144K) Eden: 160768K(160768K)->160768K(160768K) From: 0K(485376K)->0K(485376K)
[146.436s][info][gc,heap        ] GC(306) ParOldGen: 10103435K(10103808K)->10103435K(10103808K)
[146.436s][info][gc,metaspace   ] GC(306) Metaspace: 6301K(6464K)->6301K(6464K) NonClass: 5768K(5824K)->5768K(5824K) Class: 533K(640K)->533K(640K)
[146.436s][info][gc             ] GC(306) Pause Full (Ergonomics) 10023M->10023M(10498M) 2996.351ms
[146.436s][info][gc,cpu         ] GC(306) User=23.11s Sys=0.00s Real=3.00s
[146.436s][info][gc,start       ] GC(307) Pause Full (Ergonomics)
[146.436s][info][gc,phases,start] GC(307) Marking Phase
[148.818s][info][gc,phases      ] GC(307) Marking Phase 2381.519ms
[148.818s][info][gc,phases,start] GC(307) Summary Phase
[148.818s][info][gc,phases      ] GC(307) Summary Phase 0.196ms
[148.818s][info][gc,phases,start] GC(307) Adjust Roots
[148.818s][info][gc,phases      ] GC(307) Adjust Roots 0.203ms
[148.818s][info][gc,phases,start] GC(307) Compaction Phase
[149.468s][info][gc,phases      ] GC(307) Compaction Phase 649.774ms
[149.468s][info][gc,phases,start] GC(307) Post Compact
[149.480s][info][gc,phases      ] GC(307) Post Compact 12.254ms
[149.480s][info][gc,heap        ] GC(307) PSYoungGen: 160768K(646144K)->160768K(646144K) Eden: 160768K(160768K)->160768K(160768K) From: 0K(485376K)->0K(485376K)
[149.480s][info][gc,heap        ] GC(307) ParOldGen: 10103439K(10103808K)->10103439K(10103808K)
[149.480s][info][gc,metaspace   ] GC(307) Metaspace: 6301K(6464K)->6301K(6464K) NonClass: 5768K(5824K)->5768K(5824K) Class: 533K(640K)->533K(640K)
[149.480s][info][gc             ] GC(307) Pause Full (Ergonomics) 10023M->10023M(10498M) 3044.311ms
[149.480s][info][gc,cpu         ] GC(307) User=23.67s Sys=0.03s Real=3.05s
[149.481s][info][gc,start       ] GC(308) Pause Full (Ergonomics)
[149.481s][info][gc,phases,start] GC(308) Marking Phase
[151.793s][info][gc,phases      ] GC(308) Marking Phase 2311.981ms
[151.793s][info][gc,phases,start] GC(308) Summary Phase
[151.793s][info][gc,phases      ] GC(308) Summary Phase 0.094ms
[151.793s][info][gc,phases,start] GC(308) Adjust Roots
[151.793s][info][gc,phases      ] GC(308) Adjust Roots 0.167ms
[151.793s][info][gc,phases,start] GC(308) Compaction Phase
[152.453s][info][gc,phases      ] GC(308) Compaction Phase 660.304ms
[152.453s][info][gc,phases,start] GC(308) Post Compact
[152.467s][info][gc,phases      ] GC(308) Post Compact 13.968ms
[152.468s][info][gc,heap        ] GC(308) PSYoungGen: 160768K(646144K)->160768K(646144K) Eden: 160768K(160768K)->160768K(160768K) From: 0K(485376K)->0K(485376K)
[152.468s][info][gc,heap        ] GC(308) ParOldGen: 10103444K(10103808K)->10103444K(10103808K)
[152.468s][info][gc,metaspace   ] GC(308) Metaspace: 6301K(6464K)->6301K(6464K) NonClass: 5768K(5824K)->5768K(5824K) Class: 533K(640K)->533K(640K)
[152.468s][info][gc             ] GC(308) Pause Full (Ergonomics) 10023M->10023M(10498M) 2986.953ms
[152.468s][info][gc,cpu         ] GC(308) User=23.12s Sys=0.00s Real=2.99s
[152.468s][info][gc,start       ] GC(309) Pause Full (Ergonomics)
[152.468s][info][gc,phases,start] GC(309) Marking Phase
[154.796s][info][gc,phases      ] GC(309) Marking Phase 2328.294ms
[154.796s][info][gc,phases,start] GC(309) Summary Phase
[154.796s][info][gc,phases      ] GC(309) Summary Phase 0.095ms
[154.796s][info][gc,phases,start] GC(309) Adjust Roots
[154.796s][info][gc,phases      ] GC(309) Adjust Roots 0.165ms
[154.796s][info][gc,phases,start] GC(309) Compaction Phase
[155.453s][info][gc,phases      ] GC(309) Compaction Phase 656.581ms
[155.453s][info][gc,phases,start] GC(309) Post Compact
[155.470s][info][gc,phases      ] GC(309) Post Compact 16.762ms
[155.470s][info][gc,heap        ] GC(309) PSYoungGen: 160768K(646144K)->160768K(646144K) Eden: 160768K(160768K)->160768K(160768K) From: 0K(485376K)->0K(485376K)
[155.470s][info][gc,heap        ] GC(309) ParOldGen: 10103449K(10103808K)->10103449K(10103808K)
[155.470s][info][gc,metaspace   ] GC(309) Metaspace: 6301K(6464K)->6301K(6464K) NonClass: 5768K(5824K)->5768K(5824K) Class: 533K(640K)->533K(640K)
[155.470s][info][gc             ] GC(309) Pause Full (Ergonomics) 10023M->10023M(10498M) 3002.269ms
[155.470s][info][gc,cpu         ] GC(309) User=23.31s Sys=0.02s Real=3.00s
[155.470s][info][gc,start       ] GC(310) Pause Full (Ergonomics)
[155.470s][info][gc,phases,start] GC(310) Marking Phase
[157.788s][info][gc,phases      ] GC(310) Marking Phase 2317.659ms
[157.788s][info][gc,phases,start] GC(310) Summary Phase
[157.788s][info][gc,phases      ] GC(310) Summary Phase 0.095ms
[157.788s][info][gc,phases,start] GC(310) Adjust Roots
[157.788s][info][gc,phases      ] GC(310) Adjust Roots 0.163ms
[157.788s][info][gc,phases,start] GC(310) Compaction Phase
[158.425s][info][gc,phases      ] GC(310) Compaction Phase 636.702ms
[158.425s][info][gc,phases,start] GC(310) Post Compact
[158.437s][info][gc,phases      ] GC(310) Post Compact 11.983ms
[158.437s][info][gc,heap        ] GC(310) PSYoungGen: 160768K(646144K)->160768K(646144K) Eden: 160768K(160768K)->160768K(160768K) From: 0K(485376K)->0K(485376K)
[158.437s][info][gc,heap        ] GC(310) ParOldGen: 10103454K(10103808K)->10103454K(10103808K)
[158.437s][info][gc,metaspace   ] GC(310) Metaspace: 6301K(6464K)->6301K(6464K) NonClass: 5768K(5824K)->5768K(5824K) Class: 533K(640K)->533K(640K)
[158.437s][info][gc             ] GC(310) Pause Full (Ergonomics) 10023M->10023M(10498M) 2966.944ms
[158.437s][info][gc,cpu         ] GC(310) User=23.30s Sys=0.00s Real=2.97s
[158.437s][info][gc,start       ] GC(311) Pause Full (Ergonomics)
[158.437s][info][gc,phases,start] GC(311) Marking Phase
[160.760s][info][gc,phases      ] GC(311) Marking Phase 2322.649ms
[160.760s][info][gc,phases,start] GC(311) Summary Phase
[160.760s][info][gc,phases      ] GC(311) Summary Phase 0.093ms
[160.760s][info][gc,phases,start] GC(311) Adjust Roots
[160.760s][info][gc,phases      ] GC(311) Adjust Roots 0.166ms
[160.761s][info][gc,phases,start] GC(311) Compaction Phase
[161.406s][info][gc,phases      ] GC(311) Compaction Phase 645.574ms
[161.406s][info][gc,phases,start] GC(311) Post Compact
[161.420s][info][gc,phases      ] GC(311) Post Compact 14.270ms
[161.421s][info][gc,heap        ] GC(311) PSYoungGen: 160768K(646144K)->160768K(646144K) Eden: 160768K(160768K)->160768K(160768K) From: 0K(485376K)->0K(485376K)
[161.421s][info][gc,heap        ] GC(311) ParOldGen: 10103459K(10103808K)->10103459K(10103808K)
[161.421s][info][gc,metaspace   ] GC(311) Metaspace: 6301K(6464K)->6301K(6464K) NonClass: 5768K(5824K)->5768K(5824K) Class: 533K(640K)->533K(640K)
[161.421s][info][gc             ] GC(311) Pause Full (Ergonomics) 10023M->10023M(10498M) 2983.129ms
[161.421s][info][gc,cpu         ] GC(311) User=23.14s Sys=0.00s Real=2.98s
[161.421s][info][gc,start       ] GC(312) Pause Full (Ergonomics)
[161.421s][info][gc,phases,start] GC(312) Marking Phase
[163.771s][info][gc,phases      ] GC(312) Marking Phase 2349.815ms
[163.771s][info][gc,phases,start] GC(312) Summary Phase
[163.771s][info][gc,phases      ] GC(312) Summary Phase 0.094ms
[163.771s][info][gc,phases,start] GC(312) Adjust Roots
[163.771s][info][gc,phases      ] GC(312) Adjust Roots 0.166ms
[163.771s][info][gc,phases,start] GC(312) Compaction Phase
[164.403s][info][gc,phases      ] GC(312) Compaction Phase 632.214ms
[164.403s][info][gc,phases,start] GC(312) Post Compact
[164.417s][info][gc,phases      ] GC(312) Post Compact 13.607ms
[164.417s][info][gc,heap        ] GC(312) PSYoungGen: 160768K(646144K)->160768K(646144K) Eden: 160768K(160768K)->160768K(160768K) From: 0K(485376K)->0K(485376K)
[164.417s][info][gc,heap        ] GC(312) ParOldGen: 10103464K(10103808K)->10103464K(10103808K)
[164.417s][info][gc,metaspace   ] GC(312) Metaspace: 6301K(6464K)->6301K(6464K) NonClass: 5768K(5824K)->5768K(5824K) Class: 533K(640K)->533K(640K)
[164.417s][info][gc             ] GC(312) Pause Full (Ergonomics) 10023M->10023M(10498M) 2996.239ms
[164.417s][info][gc,cpu         ] GC(312) User=23.27s Sys=0.00s Real=3.00s
[164.417s][info][gc,start       ] GC(313) Pause Full (Ergonomics)
[164.417s][info][gc,phases,start] GC(313) Marking Phase
[166.746s][info][gc,phases      ] GC(313) Marking Phase 2329.148ms
[166.746s][info][gc,phases,start] GC(313) Summary Phase
[166.747s][info][gc,phases      ] GC(313) Summary Phase 0.098ms
[166.747s][info][gc,phases,start] GC(313) Adjust Roots
[166.747s][info][gc,phases      ] GC(313) Adjust Roots 0.209ms
[166.747s][info][gc,phases,start] GC(313) Compaction Phase
[167.391s][info][gc,phases      ] GC(313) Compaction Phase 644.413ms
[167.391s][info][gc,phases,start] GC(313) Post Compact
[167.405s][info][gc,phases      ] GC(313) Post Compact 14.088ms
[167.405s][info][gc,heap        ] GC(313) PSYoungGen: 160768K(646144K)->160768K(646144K) Eden: 160768K(160768K)->160768K(160768K) From: 0K(485376K)->0K(485376K)
[167.405s][info][gc,heap        ] GC(313) ParOldGen: 10103468K(10103808K)->10103468K(10103808K)
[167.405s][info][gc,metaspace   ] GC(313) Metaspace: 6301K(6464K)->6301K(6464K) NonClass: 5768K(5824K)->5768K(5824K) Class: 533K(640K)->533K(640K)
[167.406s][info][gc             ] GC(313) Pause Full (Ergonomics) 10023M->10023M(10498M) 2988.305ms
[167.406s][info][gc,cpu         ] GC(313) User=22.91s Sys=0.02s Real=2.99s
[167.406s][info][gc,start       ] GC(314) Pause Full (Ergonomics)
[167.406s][info][gc,phases,start] GC(314) Marking Phase
[169.778s][info][gc,phases      ] GC(314) Marking Phase 2372.056ms
[169.778s][info][gc,phases,start] GC(314) Summary Phase
[169.778s][info][gc,phases      ] GC(314) Summary Phase 0.095ms
[169.778s][info][gc,phases,start] GC(314) Adjust Roots
[169.778s][info][gc,phases      ] GC(314) Adjust Roots 0.165ms
[169.778s][info][gc,phases,start] GC(314) Compaction Phase
[170.409s][info][gc,phases      ] GC(314) Compaction Phase 630.999ms
[170.409s][info][gc,phases,start] GC(314) Post Compact
[170.423s][info][gc,phases      ] GC(314) Post Compact 13.745ms
[170.423s][info][gc,heap        ] GC(314) PSYoungGen: 160768K(646144K)->160768K(646144K) Eden: 160768K(160768K)->160768K(160768K) From: 0K(485376K)->0K(485376K)
[170.423s][info][gc,heap        ] GC(314) ParOldGen: 10103473K(10103808K)->10103473K(10103808K)
[170.423s][info][gc,metaspace   ] GC(314) Metaspace: 6301K(6464K)->6301K(6464K) NonClass: 5768K(5824K)->5768K(5824K) Class: 533K(640K)->533K(640K)
[170.423s][info][gc             ] GC(314) Pause Full (Ergonomics) 10023M->10023M(10498M) 3017.397ms
[170.423s][info][gc,cpu         ] GC(314) User=23.33s Sys=0.02s Real=3.02s
[170.423s][info][gc,start       ] GC(315) Pause Full (Ergonomics)
[170.423s][info][gc,phases,start] GC(315) Marking Phase
[172.772s][info][gc,phases      ] GC(315) Marking Phase 2348.755ms
[172.772s][info][gc,phases,start] GC(315) Summary Phase
[172.772s][info][gc,phases      ] GC(315) Summary Phase 0.127ms
[172.772s][info][gc,phases,start] GC(315) Adjust Roots
[172.773s][info][gc,phases      ] GC(315) Adjust Roots 0.205ms
[172.773s][info][gc,phases,start] GC(315) Compaction Phase
[173.400s][info][gc,phases      ] GC(315) Compaction Phase 627.358ms
[173.400s][info][gc,phases,start] GC(315) Post Compact
[173.414s][info][gc,phases      ] GC(315) Post Compact 14.177ms
[173.414s][info][gc,heap        ] GC(315) PSYoungGen: 160768K(646144K)->160768K(646144K) Eden: 160768K(160768K)->160768K(160768K) From: 0K(485376K)->0K(485376K)
[173.414s][info][gc,heap        ] GC(315) ParOldGen: 10103478K(10103808K)->10103478K(10103808K)
[173.414s][info][gc,metaspace   ] GC(315) Metaspace: 6301K(6464K)->6301K(6464K) NonClass: 5768K(5824K)->5768K(5824K) Class: 533K(640K)->533K(640K)
[173.414s][info][gc             ] GC(315) Pause Full (Ergonomics) 10023M->10023M(10498M) 2991.032ms
[173.414s][info][gc,cpu         ] GC(315) User=23.16s Sys=0.02s Real=2.99s
[173.415s][info][gc,start       ] GC(316) Pause Full (Ergonomics)
[173.415s][info][gc,phases,start] GC(316) Marking Phase
[175.740s][info][gc,phases      ] GC(316) Marking Phase 2325.775ms
[175.740s][info][gc,phases,start] GC(316) Summary Phase
[175.741s][info][gc,phases      ] GC(316) Summary Phase 0.094ms
[175.741s][info][gc,phases,start] GC(316) Adjust Roots
[175.741s][info][gc,phases      ] GC(316) Adjust Roots 0.168ms
[175.741s][info][gc,phases,start] GC(316) Compaction Phase
[176.379s][info][gc,phases      ] GC(316) Compaction Phase 637.741ms
[176.379s][info][gc,phases,start] GC(316) Post Compact
[176.393s][info][gc,phases      ] GC(316) Post Compact 14.358ms
[176.393s][info][gc,heap        ] GC(316) PSYoungGen: 160768K(646144K)->160768K(646144K) Eden: 160768K(160768K)->160768K(160768K) From: 0K(485376K)->0K(485376K)
[176.393s][info][gc,heap        ] GC(316) ParOldGen: 10103483K(10103808K)->10103483K(10103808K)
[176.393s][info][gc,metaspace   ] GC(316) Metaspace: 6301K(6464K)->6301K(6464K) NonClass: 5768K(5824K)->5768K(5824K) Class: 533K(640K)->533K(640K)
[176.393s][info][gc             ] GC(316) Pause Full (Ergonomics) 10023M->10023M(10498M) 2978.484ms
[176.393s][info][gc,cpu         ] GC(316) User=23.03s Sys=0.00s Real=2.98s
[176.393s][info][gc,start       ] GC(317) Pause Full (Ergonomics)
[176.393s][info][gc,phases,start] GC(317) Marking Phase
[178.731s][info][gc,phases      ] GC(317) Marking Phase 2337.714ms
[178.731s][info][gc,phases,start] GC(317) Summary Phase
[178.731s][info][gc,phases      ] GC(317) Summary Phase 0.127ms
[178.731s][info][gc,phases,start] GC(317) Adjust Roots
[178.731s][info][gc,phases      ] GC(317) Adjust Roots 0.249ms
[178.732s][info][gc,phases,start] GC(317) Compaction Phase
[179.362s][info][gc,phases      ] GC(317) Compaction Phase 630.904ms
[179.362s][info][gc,phases,start] GC(317) Post Compact
[179.377s][info][gc,phases      ] GC(317) Post Compact 14.055ms
[179.377s][info][gc,heap        ] GC(317) PSYoungGen: 160768K(646144K)->160768K(646144K) Eden: 160768K(160768K)->160768K(160768K) From: 0K(485376K)->0K(485376K)
[179.377s][info][gc,heap        ] GC(317) ParOldGen: 10103488K(10103808K)->10103488K(10103808K)
[179.377s][info][gc,metaspace   ] GC(317) Metaspace: 6301K(6464K)->6301K(6464K) NonClass: 5768K(5824K)->5768K(5824K) Class: 533K(640K)->533K(640K)
[179.377s][info][gc             ] GC(317) Pause Full (Ergonomics) 10023M->10023M(10498M) 2983.393ms
[179.377s][info][gc,cpu         ] GC(317) User=22.95s Sys=0.00s Real=2.98s
[179.377s][info][gc,start       ] GC(318) Pause Full (Ergonomics)
[179.377s][info][gc,phases,start] GC(318) Marking Phase
[181.716s][info][gc,phases      ] GC(318) Marking Phase 2338.670ms
[181.716s][info][gc,phases,start] GC(318) Summary Phase
[181.716s][info][gc,phases      ] GC(318) Summary Phase 0.102ms
[181.716s][info][gc,phases,start] GC(318) Adjust Roots
[181.716s][info][gc,phases      ] GC(318) Adjust Roots 0.222ms
[181.716s][info][gc,phases,start] GC(318) Compaction Phase
[182.331s][info][gc,phases      ] GC(318) Compaction Phase 615.189ms
[182.331s][info][gc,phases,start] GC(318) Post Compact
[182.344s][info][gc,phases      ] GC(318) Post Compact 12.920ms
[182.344s][info][gc,heap        ] GC(318) PSYoungGen: 160768K(646144K)->160768K(646144K) Eden: 160768K(160768K)->160768K(160768K) From: 0K(485376K)->0K(485376K)
[182.344s][info][gc,heap        ] GC(318) ParOldGen: 10103493K(10103808K)->10103493K(10103808K)
[182.344s][info][gc,metaspace   ] GC(318) Metaspace: 6301K(6464K)->6301K(6464K) NonClass: 5768K(5824K)->5768K(5824K) Class: 533K(640K)->533K(640K)
[182.344s][info][gc             ] GC(318) Pause Full (Ergonomics) 10023M->10023M(10498M) 2967.479ms
[182.344s][info][gc,cpu         ] GC(318) User=22.98s Sys=0.00s Real=2.97s
[182.345s][info][gc,start       ] GC(319) Pause Full (Ergonomics)
[182.345s][info][gc,phases,start] GC(319) Marking Phase
[184.702s][info][gc,phases      ] GC(319) Marking Phase 2357.771ms
[184.702s][info][gc,phases,start] GC(319) Summary Phase
[184.703s][info][gc,phases      ] GC(319) Summary Phase 0.093ms
[184.703s][info][gc,phases,start] GC(319) Adjust Roots
[184.703s][info][gc,phases      ] GC(319) Adjust Roots 0.161ms
[184.703s][info][gc,phases,start] GC(319) Compaction Phase
[185.322s][info][gc,phases      ] GC(319) Compaction Phase 619.376ms
[185.322s][info][gc,phases,start] GC(319) Post Compact
[185.336s][info][gc,phases      ] GC(319) Post Compact 13.910ms
[185.336s][info][gc,heap        ] GC(319) PSYoungGen: 160768K(646144K)->160768K(646144K) Eden: 160768K(160768K)->160768K(160768K) From: 0K(485376K)->0K(485376K)
[185.336s][info][gc,heap        ] GC(319) ParOldGen: 10103497K(10103808K)->10103497K(10103808K)
[185.336s][info][gc,metaspace   ] GC(319) Metaspace: 6301K(6464K)->6301K(6464K) NonClass: 5768K(5824K)->5768K(5824K) Class: 533K(640K)->533K(640K)
[185.336s][info][gc             ] GC(319) Pause Full (Ergonomics) 10023M->10023M(10498M) 2991.681ms
[185.336s][info][gc,cpu         ] GC(319) User=23.31s Sys=0.02s Real=2.99s
[185.336s][info][gc,start       ] GC(320) Pause Full (Ergonomics)
[185.337s][info][gc,phases,start] GC(320) Marking Phase
[187.662s][info][gc,phases      ] GC(320) Marking Phase 2325.737ms
[187.662s][info][gc,phases,start] GC(320) Summary Phase
[187.662s][info][gc,phases      ] GC(320) Summary Phase 0.102ms
[187.662s][info][gc,phases,start] GC(320) Adjust Roots
[187.663s][info][gc,phases      ] GC(320) Adjust Roots 0.170ms
[187.663s][info][gc,phases,start] GC(320) Compaction Phase
[188.281s][info][gc,phases      ] GC(320) Compaction Phase 618.165ms
[188.281s][info][gc,phases,start] GC(320) Post Compact
[188.295s][info][gc,phases      ] GC(320) Post Compact 13.870ms
[188.295s][info][gc,heap        ] GC(320) PSYoungGen: 160768K(646144K)->160768K(646144K) Eden: 160768K(160768K)->160768K(160768K) From: 0K(485376K)->0K(485376K)
[188.295s][info][gc,heap        ] GC(320) ParOldGen: 10103502K(10103808K)->10103502K(10103808K)
[188.295s][info][gc,metaspace   ] GC(320) Metaspace: 6301K(6464K)->6301K(6464K) NonClass: 5768K(5824K)->5768K(5824K) Class: 533K(640K)->533K(640K)
[188.295s][info][gc             ] GC(320) Pause Full (Ergonomics) 10023M->10023M(10498M) 2958.386ms
[188.295s][info][gc,cpu         ] GC(320) User=23.05s Sys=0.00s Real=2.96s
[188.295s][info][gc,start       ] GC(321) Pause Full (Ergonomics)
[188.295s][info][gc,phases,start] GC(321) Marking Phase
[190.653s][info][gc,phases      ] GC(321) Marking Phase 2357.405ms
[190.653s][info][gc,phases,start] GC(321) Summary Phase
[190.653s][info][gc,phases      ] GC(321) Summary Phase 0.093ms
[190.653s][info][gc,phases,start] GC(321) Adjust Roots
[190.653s][info][gc,phases      ] GC(321) Adjust Roots 0.167ms
[190.653s][info][gc,phases,start] GC(321) Compaction Phase
[191.273s][info][gc,phases      ] GC(321) Compaction Phase 619.800ms
[191.273s][info][gc,phases,start] GC(321) Post Compact
[191.286s][info][gc,phases      ] GC(321) Post Compact 13.662ms
[191.287s][info][gc,heap        ] GC(321) PSYoungGen: 160768K(646144K)->160768K(646144K) Eden: 160768K(160768K)->160768K(160768K) From: 0K(485376K)->0K(485376K)
[191.287s][info][gc,heap        ] GC(321) ParOldGen: 10103507K(10103808K)->10103507K(10103808K)
[191.287s][info][gc,metaspace   ] GC(321) Metaspace: 6301K(6464K)->6301K(6464K) NonClass: 5768K(5824K)->5768K(5824K) Class: 533K(640K)->533K(640K)
[191.287s][info][gc             ] GC(321) Pause Full (Ergonomics) 10023M->10023M(10498M) 2991.468ms
[191.287s][info][gc,cpu         ] GC(321) User=23.22s Sys=0.00s Real=2.99s
[191.287s][info][gc,start       ] GC(322) Pause Full (Ergonomics)
[191.287s][info][gc,phases,start] GC(322) Marking Phase
[193.649s][info][gc,phases      ] GC(322) Marking Phase 2361.736ms
[193.649s][info][gc,phases,start] GC(322) Summary Phase
[193.649s][info][gc,phases      ] GC(322) Summary Phase 0.100ms
[193.649s][info][gc,phases,start] GC(322) Adjust Roots
[193.649s][info][gc,phases      ] GC(322) Adjust Roots 0.173ms
[193.649s][info][gc,phases,start] GC(322) Compaction Phase
[194.261s][info][gc,phases      ] GC(322) Compaction Phase 611.720ms
[194.261s][info][gc,phases,start] GC(322) Post Compact
[194.274s][info][gc,phases      ] GC(322) Post Compact 13.455ms
[194.274s][info][gc,heap        ] GC(322) PSYoungGen: 160768K(646144K)->160768K(646144K) Eden: 160768K(160768K)->160768K(160768K) From: 0K(485376K)->0K(485376K)
[194.274s][info][gc,heap        ] GC(322) ParOldGen: 10103512K(10103808K)->10103512K(10103808K)
[194.274s][info][gc,metaspace   ] GC(322) Metaspace: 6301K(6464K)->6301K(6464K) NonClass: 5768K(5824K)->5768K(5824K) Class: 533K(640K)->533K(640K)
[194.274s][info][gc             ] GC(322) Pause Full (Ergonomics) 10023M->10023M(10498M) 2987.703ms
[194.274s][info][gc,cpu         ] GC(322) User=23.19s Sys=0.02s Real=2.99s
[194.275s][info][gc,start       ] GC(323) Pause Full (Ergonomics)
[194.275s][info][gc,phases,start] GC(323) Marking Phase
[196.591s][info][gc,phases      ] GC(323) Marking Phase 2315.990ms
[196.591s][info][gc,phases,start] GC(323) Summary Phase
[196.591s][info][gc,phases      ] GC(323) Summary Phase 0.097ms
[196.591s][info][gc,phases,start] GC(323) Adjust Roots
[196.591s][info][gc,phases      ] GC(323) Adjust Roots 0.192ms
[196.591s][info][gc,phases,start] GC(323) Compaction Phase
[197.219s][info][gc,phases      ] GC(323) Compaction Phase 627.603ms
[197.219s][info][gc,phases,start] GC(323) Post Compact
[197.233s][info][gc,phases      ] GC(323) Post Compact 14.046ms
[197.233s][info][gc,heap        ] GC(323) PSYoungGen: 160768K(646144K)->160768K(646144K) Eden: 160768K(160768K)->160768K(160768K) From: 0K(485376K)->0K(485376K)
[197.233s][info][gc,heap        ] GC(323) ParOldGen: 10103517K(10103808K)->10103517K(10103808K)
[197.233s][info][gc,metaspace   ] GC(323) Metaspace: 6301K(6464K)->6301K(6464K) NonClass: 5768K(5824K)->5768K(5824K) Class: 533K(640K)->533K(640K)
[197.233s][info][gc             ] GC(323) Pause Full (Ergonomics) 10023M->10023M(10498M) 2958.254ms
[197.233s][info][gc,cpu         ] GC(323) User=22.83s Sys=0.00s Real=2.96s
[197.233s][info][gc,start       ] GC(324) Pause Full (Ergonomics)
[197.233s][info][gc,phases,start] GC(324) Marking Phase
[199.573s][info][gc,phases      ] GC(324) Marking Phase 2339.998ms
[199.573s][info][gc,phases,start] GC(324) Summary Phase
[199.573s][info][gc,phases      ] GC(324) Summary Phase 0.094ms
[199.573s][info][gc,phases,start] GC(324) Adjust Roots
[199.574s][info][gc,phases      ] GC(324) Adjust Roots 0.169ms
[199.574s][info][gc,phases,start] GC(324) Compaction Phase
[200.199s][info][gc,phases      ] GC(324) Compaction Phase 625.084ms
[200.199s][info][gc,phases,start] GC(324) Post Compact
[200.212s][info][gc,phases      ] GC(324) Post Compact 13.523ms
[200.212s][info][gc,heap        ] GC(324) PSYoungGen: 160768K(646144K)->160768K(646144K) Eden: 160768K(160768K)->160768K(160768K) From: 0K(485376K)->0K(485376K)
[200.212s][info][gc,heap        ] GC(324) ParOldGen: 10103522K(10103808K)->10103522K(10103808K)
[200.212s][info][gc,metaspace   ] GC(324) Metaspace: 6301K(6464K)->6301K(6464K) NonClass: 5768K(5824K)->5768K(5824K) Class: 533K(640K)->533K(640K)
[200.212s][info][gc             ] GC(324) Pause Full (Ergonomics) 10023M->10023M(10498M) 2979.215ms
[200.212s][info][gc,cpu         ] GC(324) User=23.06s Sys=0.02s Real=2.98s
[200.213s][info][gc,start       ] GC(325) Pause Full (Ergonomics)
[200.213s][info][gc,phases,start] GC(325) Marking Phase
[202.585s][info][gc,phases      ] GC(325) Marking Phase 2372.457ms
[202.585s][info][gc,phases,start] GC(325) Summary Phase
[202.585s][info][gc,phases      ] GC(325) Summary Phase 0.096ms
[202.585s][info][gc,phases,start] GC(325) Adjust Roots
[202.585s][info][gc,phases      ] GC(325) Adjust Roots 0.167ms
[202.585s][info][gc,phases,start] GC(325) Compaction Phase
[203.216s][info][gc,phases      ] GC(325) Compaction Phase 630.439ms
[203.216s][info][gc,phases,start] GC(325) Post Compact
[203.230s][info][gc,phases      ] GC(325) Post Compact 13.716ms
[203.230s][info][gc,heap        ] GC(325) PSYoungGen: 160768K(646144K)->160768K(646144K) Eden: 160768K(160768K)->160768K(160768K) From: 0K(485376K)->0K(485376K)
[203.230s][info][gc,heap        ] GC(325) ParOldGen: 10103526K(10103808K)->10103526K(10103808K)
[203.230s][info][gc,metaspace   ] GC(325) Metaspace: 6301K(6464K)->6301K(6464K) NonClass: 5768K(5824K)->5768K(5824K) Class: 533K(640K)->533K(640K)
[203.230s][info][gc             ] GC(325) Pause Full (Ergonomics) 10023M->10023M(10498M) 3017.198ms
[203.230s][info][gc,cpu         ] GC(325) User=23.34s Sys=0.02s Real=3.02s
[203.230s][info][gc,start       ] GC(326) Pause Full (Ergonomics)
[203.230s][info][gc,phases,start] GC(326) Marking Phase
[205.549s][info][gc,phases      ] GC(326) Marking Phase 2318.675ms
[205.549s][info][gc,phases,start] GC(326) Summary Phase
[205.549s][info][gc,phases      ] GC(326) Summary Phase 0.116ms
[205.549s][info][gc,phases,start] GC(326) Adjust Roots
[205.549s][info][gc,phases      ] GC(326) Adjust Roots 0.222ms
[205.549s][info][gc,phases,start] GC(326) Compaction Phase
[206.180s][info][gc,phases      ] GC(326) Compaction Phase 630.825ms
[206.180s][info][gc,phases,start] GC(326) Post Compact
[206.195s][info][gc,phases      ] GC(326) Post Compact 15.110ms
[206.195s][info][gc,heap        ] GC(326) PSYoungGen: 160768K(646144K)->160768K(646144K) Eden: 160768K(160768K)->160768K(160768K) From: 0K(485376K)->0K(485376K)
[206.195s][info][gc,heap        ] GC(326) ParOldGen: 10103531K(10103808K)->10103531K(10103808K)
[206.195s][info][gc,metaspace   ] GC(326) Metaspace: 6301K(6464K)->6301K(6464K) NonClass: 5768K(5824K)->5768K(5824K) Class: 533K(640K)->533K(640K)
[206.195s][info][gc             ] GC(326) Pause Full (Ergonomics) 10023M->10023M(10498M) 2965.297ms
[206.195s][info][gc,cpu         ] GC(326) User=22.83s Sys=0.00s Real=2.97s
[206.196s][info][gc,start       ] GC(327) Pause Full (Ergonomics)
[206.196s][info][gc,phases,start] GC(327) Marking Phase
[208.524s][info][gc,phases      ] GC(327) Marking Phase 2328.071ms
[208.524s][info][gc,phases,start] GC(327) Summary Phase
[208.524s][info][gc,phases      ] GC(327) Summary Phase 0.112ms
[208.524s][info][gc,phases,start] GC(327) Adjust Roots
[208.524s][info][gc,phases      ] GC(327) Adjust Roots 0.202ms
[208.524s][info][gc,phases,start] GC(327) Compaction Phase
[209.151s][info][gc,phases      ] GC(327) Compaction Phase 627.021ms
[209.151s][info][gc,phases,start] GC(327) Post Compact
[209.164s][info][gc,phases      ] GC(327) Post Compact 13.325ms
[209.165s][info][gc,heap        ] GC(327) PSYoungGen: 160768K(646144K)->160768K(646144K) Eden: 160768K(160768K)->160768K(160768K) From: 0K(485376K)->0K(485376K)
[209.165s][info][gc,heap        ] GC(327) ParOldGen: 10103536K(10103808K)->10103536K(10103808K)
[209.165s][info][gc,metaspace   ] GC(327) Metaspace: 6301K(6464K)->6301K(6464K) NonClass: 5768K(5824K)->5768K(5824K) Class: 533K(640K)->533K(640K)
[209.165s][info][gc             ] GC(327) Pause Full (Ergonomics) 10023M->10023M(10498M) 2969.083ms
[209.165s][info][gc,cpu         ] GC(327) User=23.05s Sys=0.00s Real=2.97s
[209.165s][info][gc,start       ] GC(328) Pause Full (Ergonomics)
[209.165s][info][gc,phases,start] GC(328) Marking Phase
[211.540s][info][gc,phases      ] GC(328) Marking Phase 2374.890ms
[211.540s][info][gc,phases,start] GC(328) Summary Phase
[211.540s][info][gc,phases      ] GC(328) Summary Phase 0.171ms
[211.540s][info][gc,phases,start] GC(328) Adjust Roots
[211.540s][info][gc,phases      ] GC(328) Adjust Roots 0.289ms
[211.540s][info][gc,phases,start] GC(328) Compaction Phase
[212.177s][info][gc,phases      ] GC(328) Compaction Phase 636.822ms
[212.177s][info][gc,phases,start] GC(328) Post Compact
[212.193s][info][gc,phases      ] GC(328) Post Compact 16.109ms
[212.193s][info][gc,heap        ] GC(328) PSYoungGen: 160768K(646144K)->160768K(646144K) Eden: 160768K(160768K)->160768K(160768K) From: 0K(485376K)->0K(485376K)
[212.193s][info][gc,heap        ] GC(328) ParOldGen: 10103541K(10103808K)->10103541K(10103808K)
[212.193s][info][gc,metaspace   ] GC(328) Metaspace: 6301K(6464K)->6301K(6464K) NonClass: 5768K(5824K)->5768K(5824K) Class: 533K(640K)->533K(640K)
[212.193s][info][gc             ] GC(328) Pause Full (Ergonomics) 10023M->10023M(10498M) 3028.639ms
[212.193s][info][gc,cpu         ] GC(328) User=23.12s Sys=0.00s Real=3.03s
[212.194s][info][gc,start       ] GC(329) Pause Full (Ergonomics)
[212.194s][info][gc,phases,start] GC(329) Marking Phase
[214.538s][info][gc,phases      ] GC(329) Marking Phase 2343.947ms
[214.538s][info][gc,phases,start] GC(329) Summary Phase
[214.538s][info][gc,phases      ] GC(329) Summary Phase 0.113ms
[214.538s][info][gc,phases,start] GC(329) Adjust Roots
[214.538s][info][gc,phases      ] GC(329) Adjust Roots 0.180ms
[214.538s][info][gc,phases,start] GC(329) Compaction Phase
[215.172s][info][gc,phases      ] GC(329) Compaction Phase 633.861ms
[215.172s][info][gc,phases,start] GC(329) Post Compact
[215.187s][info][gc,phases      ] GC(329) Post Compact 14.529ms
[215.187s][info][gc,heap        ] GC(329) PSYoungGen: 160768K(646144K)->160768K(646144K) Eden: 160768K(160768K)->160768K(160768K) From: 0K(485376K)->0K(485376K)
[215.187s][info][gc,heap        ] GC(329) ParOldGen: 10103546K(10103808K)->10103546K(10103808K)
[215.187s][info][gc,metaspace   ] GC(329) Metaspace: 6301K(6464K)->6301K(6464K) NonClass: 5768K(5824K)->5768K(5824K) Class: 533K(640K)->533K(640K)
[215.187s][info][gc             ] GC(329) Pause Full (Ergonomics) 10023M->10023M(10498M) 2992.984ms
[215.187s][info][gc,cpu         ] GC(329) User=23.12s Sys=0.00s Real=2.99s
[215.187s][info][gc,start       ] GC(330) Pause Full (Ergonomics)
[215.187s][info][gc,phases,start] GC(330) Marking Phase
[217.506s][info][gc,phases      ] GC(330) Marking Phase 2319.464ms
[217.506s][info][gc,phases,start] GC(330) Summary Phase
[217.507s][info][gc,phases      ] GC(330) Summary Phase 0.131ms
[217.507s][info][gc,phases,start] GC(330) Adjust Roots
[217.507s][info][gc,phases      ] GC(330) Adjust Roots 0.217ms
[217.507s][info][gc,phases,start] GC(330) Compaction Phase
[218.136s][info][gc,phases      ] GC(330) Compaction Phase 628.823ms
[218.136s][info][gc,phases,start] GC(330) Post Compact
[218.151s][info][gc,phases      ] GC(330) Post Compact 14.734ms
[218.151s][info][gc,heap        ] GC(330) PSYoungGen: 160768K(646144K)->160768K(646144K) Eden: 160768K(160768K)->160768K(160768K) From: 0K(485376K)->0K(485376K)
[218.151s][info][gc,heap        ] GC(330) ParOldGen: 10103551K(10103808K)->10103551K(10103808K)
[218.151s][info][gc,metaspace   ] GC(330) Metaspace: 6301K(6464K)->6301K(6464K) NonClass: 5768K(5824K)->5768K(5824K) Class: 533K(640K)->533K(640K)
[218.151s][info][gc             ] GC(330) Pause Full (Ergonomics) 10023M->10023M(10498M) 2963.758ms
[218.151s][info][gc,cpu         ] GC(330) User=22.80s Sys=0.00s Real=2.96s
[218.151s][info][gc,start       ] GC(331) Pause Full (Ergonomics)
[218.151s][info][gc,phases,start] GC(331) Marking Phase
[220.507s][info][gc,phases      ] GC(331) Marking Phase 2356.539ms
[220.507s][info][gc,phases,start] GC(331) Summary Phase
[220.508s][info][gc,phases      ] GC(331) Summary Phase 0.094ms
[220.508s][info][gc,phases,start] GC(331) Adjust Roots
[220.508s][info][gc,phases      ] GC(331) Adjust Roots 0.164ms
[220.508s][info][gc,phases,start] GC(331) Compaction Phase
[221.134s][info][gc,phases      ] GC(331) Compaction Phase 626.151ms
[221.134s][info][gc,phases,start] GC(331) Post Compact
[221.148s][info][gc,phases      ] GC(331) Post Compact 14.318ms
[221.148s][info][gc,heap        ] GC(331) PSYoungGen: 160768K(646144K)->160768K(646144K) Eden: 160768K(160768K)->160768K(160768K) From: 0K(485376K)->0K(485376K)
[221.148s][info][gc,heap        ] GC(331) ParOldGen: 10103555K(10103808K)->10103555K(10103808K)
[221.148s][info][gc,metaspace   ] GC(331) Metaspace: 6301K(6464K)->6301K(6464K) NonClass: 5768K(5824K)->5768K(5824K) Class: 533K(640K)->533K(640K)
[221.148s][info][gc             ] GC(331) Pause Full (Ergonomics) 10023M->10023M(10498M) 2997.585ms
[221.148s][info][gc,cpu         ] GC(331) User=23.09s Sys=0.00s Real=3.00s
[221.149s][info][gc,start       ] GC(332) Pause Full (Ergonomics)
[221.149s][info][gc,phases,start] GC(332) Marking Phase
[223.477s][info][gc,phases      ] GC(332) Marking Phase 2328.637ms
[223.477s][info][gc,phases,start] GC(332) Summary Phase
[223.477s][info][gc,phases      ] GC(332) Summary Phase 0.095ms
[223.478s][info][gc,phases,start] GC(332) Adjust Roots
[223.478s][info][gc,phases      ] GC(332) Adjust Roots 0.166ms
[223.478s][info][gc,phases,start] GC(332) Compaction Phase
[224.102s][info][gc,phases      ] GC(332) Compaction Phase 624.629ms
[224.102s][info][gc,phases,start] GC(332) Post Compact
[224.116s][info][gc,phases      ] GC(332) Post Compact 14.076ms
[224.117s][info][gc,heap        ] GC(332) PSYoungGen: 160768K(646144K)->160768K(646144K) Eden: 160768K(160768K)->160768K(160768K) From: 0K(485376K)->0K(485376K)
[224.117s][info][gc,heap        ] GC(332) ParOldGen: 10103560K(10103808K)->10103560K(10103808K)
[224.117s][info][gc,metaspace   ] GC(332) Metaspace: 6301K(6464K)->6301K(6464K) NonClass: 5768K(5824K)->5768K(5824K) Class: 533K(640K)->533K(640K)
[224.117s][info][gc             ] GC(332) Pause Full (Ergonomics) 10023M->10023M(10498M) 2967.960ms
[224.117s][info][gc,cpu         ] GC(332) User=23.02s Sys=0.00s Real=2.97s
[224.117s][info][gc,start       ] GC(333) Pause Full (Ergonomics)
[224.117s][info][gc,phases,start] GC(333) Marking Phase
[226.435s][info][gc,phases      ] GC(333) Marking Phase 2317.981ms
[226.435s][info][gc,phases,start] GC(333) Summary Phase
[226.435s][info][gc,phases      ] GC(333) Summary Phase 0.102ms
[226.435s][info][gc,phases,start] GC(333) Adjust Roots
[226.435s][info][gc,phases      ] GC(333) Adjust Roots 0.167ms
[226.435s][info][gc,phases,start] GC(333) Compaction Phase
[227.059s][info][gc,phases      ] GC(333) Compaction Phase 623.483ms
[227.059s][info][gc,phases,start] GC(333) Post Compact
[227.073s][info][gc,phases      ] GC(333) Post Compact 14.224ms
[227.073s][info][gc,heap        ] GC(333) PSYoungGen: 160768K(646144K)->160768K(646144K) Eden: 160768K(160768K)->160768K(160768K) From: 0K(485376K)->0K(485376K)
[227.073s][info][gc,heap        ] GC(333) ParOldGen: 10103565K(10103808K)->10103565K(10103808K)
[227.073s][info][gc,metaspace   ] GC(333) Metaspace: 6301K(6464K)->6301K(6464K) NonClass: 5768K(5824K)->5768K(5824K) Class: 533K(640K)->533K(640K)
[227.073s][info][gc             ] GC(333) Pause Full (Ergonomics) 10023M->10023M(10498M) 2956.282ms
[227.073s][info][gc,cpu         ] GC(333) User=22.89s Sys=0.00s Real=2.96s
[227.073s][info][gc,start       ] GC(334) Pause Full (Ergonomics)
[227.073s][info][gc,phases,start] GC(334) Marking Phase
[229.351s][info][gc,phases      ] GC(334) Marking Phase 2278.085ms
[229.352s][info][gc,phases,start] GC(334) Summary Phase
[229.352s][info][gc,phases      ] GC(334) Summary Phase 0.094ms
[229.352s][info][gc,phases,start] GC(334) Adjust Roots
[229.352s][info][gc,phases      ] GC(334) Adjust Roots 0.162ms
[229.352s][info][gc,phases,start] GC(334) Compaction Phase
[229.984s][info][gc,phases      ] GC(334) Compaction Phase 631.852ms
[229.984s][info][gc,phases,start] GC(334) Post Compact
[229.998s][info][gc,phases      ] GC(334) Post Compact 14.046ms
[229.998s][info][gc,heap        ] GC(334) PSYoungGen: 160768K(646144K)->160768K(646144K) Eden: 160768K(160768K)->160768K(160768K) From: 0K(485376K)->0K(485376K)
[229.998s][info][gc,heap        ] GC(334) ParOldGen: 10103570K(10103808K)->10103570K(10103808K)
[229.998s][info][gc,metaspace   ] GC(334) Metaspace: 6301K(6464K)->6301K(6464K) NonClass: 5768K(5824K)->5768K(5824K) Class: 533K(640K)->533K(640K)
[229.998s][info][gc             ] GC(334) Pause Full (Ergonomics) 10023M->10023M(10498M) 2924.576ms
[229.998s][info][gc,cpu         ] GC(334) User=22.64s Sys=0.00s Real=2.92s
[229.998s][info][gc,start       ] GC(335) Pause Full (Ergonomics)
[229.998s][info][gc,phases,start] GC(335) Marking Phase
[232.305s][info][gc,phases      ] GC(335) Marking Phase 2307.246ms
[232.305s][info][gc,phases,start] GC(335) Summary Phase
[232.306s][info][gc,phases      ] GC(335) Summary Phase 0.096ms
[232.306s][info][gc,phases,start] GC(335) Adjust Roots
[232.306s][info][gc,phases      ] GC(335) Adjust Roots 0.168ms
[232.306s][info][gc,phases,start] GC(335) Compaction Phase
[232.956s][info][gc,phases      ] GC(335) Compaction Phase 650.272ms
[232.956s][info][gc,phases,start] GC(335) Post Compact
[232.971s][info][gc,phases      ] GC(335) Post Compact 14.446ms
[232.971s][info][gc,heap        ] GC(335) PSYoungGen: 160768K(646144K)->160768K(646144K) Eden: 160768K(160768K)->160768K(160768K) From: 0K(485376K)->0K(485376K)
[232.971s][info][gc,heap        ] GC(335) ParOldGen: 10103575K(10103808K)->10103575K(10103808K)
[232.971s][info][gc,metaspace   ] GC(335) Metaspace: 6301K(6464K)->6301K(6464K) NonClass: 5768K(5824K)->5768K(5824K) Class: 533K(640K)->533K(640K)
[232.971s][info][gc             ] GC(335) Pause Full (Ergonomics) 10023M->10023M(10498M) 2972.554ms
[232.971s][info][gc,cpu         ] GC(335) User=22.91s Sys=0.00s Real=2.97s
[232.971s][info][gc,start       ] GC(336) Pause Full (Ergonomics)
[232.971s][info][gc,phases,start] GC(336) Marking Phase
[235.236s][info][gc,phases      ] GC(336) Marking Phase 2264.708ms
[235.236s][info][gc,phases,start] GC(336) Summary Phase
[235.236s][info][gc,phases      ] GC(336) Summary Phase 0.096ms
[235.236s][info][gc,phases,start] GC(336) Adjust Roots
[235.236s][info][gc,phases      ] GC(336) Adjust Roots 0.167ms
[235.236s][info][gc,phases,start] GC(336) Compaction Phase
[235.884s][info][gc,phases      ] GC(336) Compaction Phase 647.627ms
[235.884s][info][gc,phases,start] GC(336) Post Compact
[235.899s][info][gc,phases      ] GC(336) Post Compact 15.062ms
[235.899s][info][gc,heap        ] GC(336) PSYoungGen: 160768K(646144K)->160768K(646144K) Eden: 160768K(160768K)->160768K(160768K) From: 0K(485376K)->0K(485376K)
[235.899s][info][gc,heap        ] GC(336) ParOldGen: 10103580K(10103808K)->10103580K(10103808K)
[235.899s][info][gc,metaspace   ] GC(336) Metaspace: 6301K(6464K)->6301K(6464K) NonClass: 5768K(5824K)->5768K(5824K) Class: 533K(640K)->533K(640K)
[235.899s][info][gc             ] GC(336) Pause Full (Ergonomics) 10023M->10023M(10498M) 2928.031ms
[235.899s][info][gc,cpu         ] GC(336) User=22.44s Sys=0.00s Real=2.93s
[235.899s][info][gc,start       ] GC(337) Pause Full (Ergonomics)
[235.899s][info][gc,phases,start] GC(337) Marking Phase
[238.201s][info][gc,phases      ] GC(337) Marking Phase 2301.692ms
[238.201s][info][gc,phases,start] GC(337) Summary Phase
[238.201s][info][gc,phases      ] GC(337) Summary Phase 0.131ms
[238.201s][info][gc,phases,start] GC(337) Adjust Roots
[238.201s][info][gc,phases      ] GC(337) Adjust Roots 0.243ms
[238.201s][info][gc,phases,start] GC(337) Compaction Phase
[238.838s][info][gc,phases      ] GC(337) Compaction Phase 636.566ms
[238.838s][info][gc,phases,start] GC(337) Post Compact
[238.853s][info][gc,phases      ] GC(337) Post Compact 14.497ms
[238.853s][info][gc,heap        ] GC(337) PSYoungGen: 160768K(646144K)->160768K(646144K) Eden: 160768K(160768K)->160768K(160768K) From: 0K(485376K)->0K(485376K)
[238.853s][info][gc,heap        ] GC(337) ParOldGen: 10103584K(10103808K)->10103584K(10103808K)
[238.853s][info][gc,metaspace   ] GC(337) Metaspace: 6301K(6464K)->6301K(6464K) NonClass: 5768K(5824K)->5768K(5824K) Class: 533K(640K)->533K(640K)
[238.853s][info][gc             ] GC(337) Pause Full (Ergonomics) 10023M->10023M(10498M) 2953.522ms
[238.853s][info][gc,cpu         ] GC(337) User=22.45s Sys=0.02s Real=2.95s
[238.853s][info][gc,start       ] GC(338) Pause Full (Ergonomics)
[238.853s][info][gc,phases,start] GC(338) Marking Phase
[241.182s][info][gc,phases      ] GC(338) Marking Phase 2329.177ms
[241.182s][info][gc,phases,start] GC(338) Summary Phase
[241.182s][info][gc,phases      ] GC(338) Summary Phase 0.109ms
[241.182s][info][gc,phases,start] GC(338) Adjust Roots
[241.183s][info][gc,phases      ] GC(338) Adjust Roots 0.213ms
[241.183s][info][gc,phases,start] GC(338) Compaction Phase
[241.827s][info][gc,phases      ] GC(338) Compaction Phase 644.367ms
[241.827s][info][gc,phases,start] GC(338) Post Compact
[241.842s][info][gc,phases      ] GC(338) Post Compact 14.652ms
[241.842s][info][gc,heap        ] GC(338) PSYoungGen: 160768K(646144K)->160768K(646144K) Eden: 160768K(160768K)->160768K(160768K) From: 0K(485376K)->0K(485376K)
[241.842s][info][gc,heap        ] GC(338) ParOldGen: 10103589K(10103808K)->10103589K(10103808K)
[241.842s][info][gc,metaspace   ] GC(338) Metaspace: 6301K(6464K)->6301K(6464K) NonClass: 5768K(5824K)->5768K(5824K) Class: 533K(640K)->533K(640K)
[241.842s][info][gc             ] GC(338) Pause Full (Ergonomics) 10023M->10023M(10498M) 2988.880ms
[241.842s][info][gc,cpu         ] GC(338) User=23.12s Sys=0.00s Real=2.99s
[241.842s][info][gc,start       ] GC(339) Pause Full (Ergonomics)
[241.842s][info][gc,phases,start] GC(339) Marking Phase
[244.138s][info][gc,phases      ] GC(339) Marking Phase 2295.708ms
[244.138s][info][gc,phases,start] GC(339) Summary Phase
[244.138s][info][gc,phases      ] GC(339) Summary Phase 0.094ms
[244.138s][info][gc,phases,start] GC(339) Adjust Roots
[244.138s][info][gc,phases      ] GC(339) Adjust Roots 0.163ms
[244.138s][info][gc,phases,start] GC(339) Compaction Phase
[244.790s][info][gc,phases      ] GC(339) Compaction Phase 652.411ms
[244.791s][info][gc,phases,start] GC(339) Post Compact
[244.806s][info][gc,phases      ] GC(339) Post Compact 14.985ms
[244.806s][info][gc,heap        ] GC(339) PSYoungGen: 160768K(646144K)->160768K(646144K) Eden: 160768K(160768K)->160768K(160768K) From: 0K(485376K)->0K(485376K)
[244.806s][info][gc,heap        ] GC(339) ParOldGen: 10103594K(10103808K)->10103594K(10103808K)
[244.806s][info][gc,metaspace   ] GC(339) Metaspace: 6301K(6464K)->6301K(6464K) NonClass: 5768K(5824K)->5768K(5824K) Class: 533K(640K)->533K(640K)
[244.806s][info][gc             ] GC(339) Pause Full (Ergonomics) 10023M->10023M(10498M) 2963.694ms
[244.806s][info][gc,cpu         ] GC(339) User=22.86s Sys=0.00s Real=2.96s
[244.806s][info][gc,start       ] GC(340) Pause Full (Ergonomics)
[244.806s][info][gc,phases,start] GC(340) Marking Phase
[247.097s][info][gc,phases      ] GC(340) Marking Phase 2290.889ms
[247.097s][info][gc,phases,start] GC(340) Summary Phase
[247.097s][info][gc,phases      ] GC(340) Summary Phase 0.100ms
[247.097s][info][gc,phases,start] GC(340) Adjust Roots
[247.097s][info][gc,phases      ] GC(340) Adjust Roots 0.166ms
[247.097s][info][gc,phases,start] GC(340) Compaction Phase
[247.748s][info][gc,phases      ] GC(340) Compaction Phase 650.713ms
[247.748s][info][gc,phases,start] GC(340) Post Compact
[247.763s][info][gc,phases      ] GC(340) Post Compact 14.536ms
[247.763s][info][gc,heap        ] GC(340) PSYoungGen: 160768K(646144K)->160768K(646144K) Eden: 160768K(160768K)->160768K(160768K) From: 0K(485376K)->0K(485376K)
[247.763s][info][gc,heap        ] GC(340) ParOldGen: 10103599K(10103808K)->10103599K(10103808K)
[247.763s][info][gc,metaspace   ] GC(340) Metaspace: 6301K(6464K)->6301K(6464K) NonClass: 5768K(5824K)->5768K(5824K) Class: 533K(640K)->533K(640K)
[247.763s][info][gc             ] GC(340) Pause Full (Ergonomics) 10023M->10023M(10498M) 2956.784ms
[247.763s][info][gc,cpu         ] GC(340) User=22.77s Sys=0.00s Real=2.96s
[247.763s][info][gc,start       ] GC(341) Pause Full (Ergonomics)
[247.763s][info][gc,phases,start] GC(341) Marking Phase
[250.065s][info][gc,phases      ] GC(341) Marking Phase 2301.591ms
[250.065s][info][gc,phases,start] GC(341) Summary Phase
[250.065s][info][gc,phases      ] GC(341) Summary Phase 0.097ms
[250.065s][info][gc,phases,start] GC(341) Adjust Roots
[250.065s][info][gc,phases      ] GC(341) Adjust Roots 0.204ms
[250.065s][info][gc,phases,start] GC(341) Compaction Phase
[250.706s][info][gc,phases      ] GC(341) Compaction Phase 641.438ms
[250.706s][info][gc,phases,start] GC(341) Post Compact
[250.720s][info][gc,phases      ] GC(341) Post Compact 13.948ms
[250.721s][info][gc,heap        ] GC(341) PSYoungGen: 160768K(646144K)->160768K(646144K) Eden: 160768K(160768K)->160768K(160768K) From: 0K(485376K)->0K(485376K)
[250.721s][info][gc,heap        ] GC(341) ParOldGen: 10103604K(10103808K)->10103604K(10103808K)
[250.721s][info][gc,metaspace   ] GC(341) Metaspace: 6301K(6464K)->6301K(6464K) NonClass: 5768K(5824K)->5768K(5824K) Class: 533K(640K)->533K(640K)
[250.721s][info][gc             ] GC(341) Pause Full (Ergonomics) 10023M->10023M(10498M) 2957.651ms
[250.721s][info][gc,cpu         ] GC(341) User=22.75s Sys=0.00s Real=2.96s
[250.721s][info][gc,start       ] GC(342) Pause Full (Ergonomics)
[250.721s][info][gc,phases,start] GC(342) Marking Phase
[253.035s][info][gc,phases      ] GC(342) Marking Phase 2314.368ms
[253.035s][info][gc,phases,start] GC(342) Summary Phase
[253.035s][info][gc,phases      ] GC(342) Summary Phase 0.098ms
[253.035s][info][gc,phases,start] GC(342) Adjust Roots
[253.036s][info][gc,phases      ] GC(342) Adjust Roots 0.185ms
[253.036s][info][gc,phases,start] GC(342) Compaction Phase
[253.691s][info][gc,phases      ] GC(342) Compaction Phase 655.742ms
[253.691s][info][gc,phases,start] GC(342) Post Compact
[253.706s][info][gc,phases      ] GC(342) Post Compact 14.476ms
[253.706s][info][gc,heap        ] GC(342) PSYoungGen: 160768K(646144K)->160768K(646144K) Eden: 160768K(160768K)->160768K(160768K) From: 0K(485376K)->0K(485376K)
[253.706s][info][gc,heap        ] GC(342) ParOldGen: 10103609K(10103808K)->10103609K(10103808K)
[253.706s][info][gc,metaspace   ] GC(342) Metaspace: 6301K(6464K)->6301K(6464K) NonClass: 5768K(5824K)->5768K(5824K) Class: 533K(640K)->533K(640K)
[253.706s][info][gc             ] GC(342) Pause Full (Ergonomics) 10023M->10023M(10498M) 2985.205ms
[253.706s][info][gc,cpu         ] GC(342) User=22.77s Sys=0.00s Real=2.98s
[253.706s][info][gc,start       ] GC(343) Pause Full (Ergonomics)
[253.706s][info][gc,phases,start] GC(343) Marking Phase
[256.049s][info][gc,phases      ] GC(343) Marking Phase 2342.698ms
[256.049s][info][gc,phases,start] GC(343) Summary Phase
[256.049s][info][gc,phases      ] GC(343) Summary Phase 0.148ms
[256.049s][info][gc,phases,start] GC(343) Adjust Roots
[256.050s][info][gc,phases      ] GC(343) Adjust Roots 0.400ms
[256.050s][info][gc,phases,start] GC(343) Compaction Phase
[256.746s][info][gc,phases      ] GC(343) Compaction Phase 696.835ms
[256.747s][info][gc,phases,start] GC(343) Post Compact
[256.767s][info][gc,phases      ] GC(343) Post Compact 20.886ms
[256.768s][info][gc,heap        ] GC(343) PSYoungGen: 160768K(646144K)->160768K(646144K) Eden: 160768K(160768K)->160768K(160768K) From: 0K(485376K)->0K(485376K)
[256.768s][info][gc,heap        ] GC(343) ParOldGen: 10103613K(10103808K)->10103613K(10103808K)
[256.768s][info][gc,metaspace   ] GC(343) Metaspace: 6301K(6464K)->6301K(6464K) NonClass: 5768K(5824K)->5768K(5824K) Class: 533K(640K)->533K(640K)
[256.768s][info][gc             ] GC(343) Pause Full (Ergonomics) 10023M->10023M(10498M) 3061.455ms
[256.768s][info][gc,cpu         ] GC(343) User=22.73s Sys=0.00s Real=3.06s
[256.769s][info][gc,start       ] GC(344) Pause Full (Ergonomics)
[256.769s][info][gc,phases,start] GC(344) Marking Phase
[259.377s][info][gc,phases      ] GC(344) Marking Phase 2608.213ms
[259.377s][info][gc,phases,start] GC(344) Summary Phase
[259.378s][info][gc,phases      ] GC(344) Summary Phase 0.183ms
[259.378s][info][gc,phases,start] GC(344) Adjust Roots
[259.379s][info][gc,phases      ] GC(344) Adjust Roots 1.683ms
[259.379s][info][gc,phases,start] GC(344) Compaction Phase
[260.198s][info][gc,phases      ] GC(344) Compaction Phase 818.388ms
[260.198s][info][gc,phases,start] GC(344) Post Compact
[260.222s][info][gc,phases      ] GC(344) Post Compact 24.369ms
[260.222s][info][gc,heap        ] GC(344) PSYoungGen: 160768K(646144K)->160768K(646144K) Eden: 160768K(160768K)->160768K(160768K) From: 0K(485376K)->0K(485376K)
[260.222s][info][gc,heap        ] GC(344) ParOldGen: 10103618K(10103808K)->10103618K(10103808K)
[260.222s][info][gc,metaspace   ] GC(344) Metaspace: 6301K(6464K)->6301K(6464K) NonClass: 5768K(5824K)->5768K(5824K) Class: 533K(640K)->533K(640K)
[260.222s][info][gc             ] GC(344) Pause Full (Ergonomics) 10023M->10023M(10498M) 3453.463ms
[260.223s][info][gc,cpu         ] GC(344) User=23.00s Sys=0.03s Real=3.45s
[260.224s][info][gc,start       ] GC(345) Pause Full (Ergonomics)
[260.224s][info][gc,phases,start] GC(345) Marking Phase
[262.815s][info][gc,phases      ] GC(345) Marking Phase 2591.066ms
[262.815s][info][gc,phases,start] GC(345) Summary Phase
[262.815s][info][gc,phases      ] GC(345) Summary Phase 0.166ms
[262.815s][info][gc,phases,start] GC(345) Adjust Roots
[262.816s][info][gc,phases      ] GC(345) Adjust Roots 0.423ms
[262.816s][info][gc,phases,start] GC(345) Compaction Phase
[263.591s][info][gc,phases      ] GC(345) Compaction Phase 775.105ms
[263.591s][info][gc,phases,start] GC(345) Post Compact
[263.614s][info][gc,phases      ] GC(345) Post Compact 23.408ms
[263.615s][info][gc,heap        ] GC(345) PSYoungGen: 160768K(646144K)->160768K(646144K) Eden: 160768K(160768K)->160768K(160768K) From: 0K(485376K)->0K(485376K)
[263.615s][info][gc,heap        ] GC(345) ParOldGen: 10103623K(10103808K)->10103623K(10103808K)
[263.615s][info][gc,metaspace   ] GC(345) Metaspace: 6301K(6464K)->6301K(6464K) NonClass: 5768K(5824K)->5768K(5824K) Class: 533K(640K)->533K(640K)
[263.615s][info][gc             ] GC(345) Pause Full (Ergonomics) 10023M->10023M(10498M) 3390.772ms
[263.615s][info][gc,cpu         ] GC(345) User=23.17s Sys=0.05s Real=3.39s
[263.615s][info][gc,start       ] GC(346) Pause Full (Ergonomics)
[263.615s][info][gc,phases,start] GC(346) Marking Phase
[266.239s][info][gc,phases      ] GC(346) Marking Phase 2624.453ms
[266.240s][info][gc,phases,start] GC(346) Summary Phase
[266.240s][info][gc,phases      ] GC(346) Summary Phase 0.166ms
[266.240s][info][gc,phases,start] GC(346) Adjust Roots
[266.240s][info][gc,phases      ] GC(346) Adjust Roots 0.383ms
[266.240s][info][gc,phases,start] GC(346) Compaction Phase
[266.987s][info][gc,phases      ] GC(346) Compaction Phase 747.163ms
[266.987s][info][gc,phases,start] GC(346) Post Compact
[267.009s][info][gc,phases      ] GC(346) Post Compact 21.662ms
[267.009s][info][gc,heap        ] GC(346) PSYoungGen: 160768K(646144K)->160768K(646144K) Eden: 160768K(160768K)->160768K(160768K) From: 0K(485376K)->0K(485376K)
[267.009s][info][gc,heap        ] GC(346) ParOldGen: 10103628K(10103808K)->10103628K(10103808K)
[267.009s][info][gc,metaspace   ] GC(346) Metaspace: 6301K(6464K)->6301K(6464K) NonClass: 5768K(5824K)->5768K(5824K) Class: 533K(640K)->533K(640K)
[267.009s][info][gc             ] GC(346) Pause Full (Ergonomics) 10023M->10023M(10498M) 3394.324ms
[267.009s][info][gc,cpu         ] GC(346) User=22.56s Sys=0.05s Real=3.40s
[267.010s][info][gc,start       ] GC(347) Pause Full (Ergonomics)
[267.010s][info][gc,phases,start] GC(347) Marking Phase
[269.505s][info][gc,phases      ] GC(347) Marking Phase 2495.590ms
[269.505s][info][gc,phases,start] GC(347) Summary Phase
[269.505s][info][gc,phases      ] GC(347) Summary Phase 0.165ms
[269.505s][info][gc,phases,start] GC(347) Adjust Roots
[269.506s][info][gc,phases      ] GC(347) Adjust Roots 0.313ms
[269.506s][info][gc,phases,start] GC(347) Compaction Phase
[270.188s][info][gc,phases      ] GC(347) Compaction Phase 681.843ms
[270.188s][info][gc,phases,start] GC(347) Post Compact
[270.204s][info][gc,phases      ] GC(347) Post Compact 16.202ms
[270.204s][info][gc,heap        ] GC(347) PSYoungGen: 160768K(646144K)->160768K(646144K) Eden: 160768K(160768K)->160768K(160768K) From: 0K(485376K)->0K(485376K)
[270.204s][info][gc,heap        ] GC(347) ParOldGen: 10103633K(10103808K)->10103633K(10103808K)
[270.204s][info][gc,metaspace   ] GC(347) Metaspace: 6301K(6464K)->6301K(6464K) NonClass: 5768K(5824K)->5768K(5824K) Class: 533K(640K)->533K(640K)
[270.204s][info][gc             ] GC(347) Pause Full (Ergonomics) 10023M->10023M(10498M) 3194.575ms
[270.204s][info][gc,cpu         ] GC(347) User=22.98s Sys=0.00s Real=3.19s
[270.204s][info][gc,start       ] GC(348) Pause Full (Ergonomics)
[270.204s][info][gc,phases,start] GC(348) Marking Phase
[272.573s][info][gc,phases      ] GC(348) Marking Phase 2368.979ms
[272.573s][info][gc,phases,start] GC(348) Summary Phase
[272.574s][info][gc,phases      ] GC(348) Summary Phase 0.171ms
[272.574s][info][gc,phases,start] GC(348) Adjust Roots
[272.574s][info][gc,phases      ] GC(348) Adjust Roots 0.400ms
[272.574s][info][gc,phases,start] GC(348) Compaction Phase
[273.216s][info][gc,phases      ] GC(348) Compaction Phase 641.964ms
[273.216s][info][gc,phases,start] GC(348) Post Compact
[273.235s][info][gc,phases      ] GC(348) Post Compact 18.924ms
[273.235s][info][gc,heap        ] GC(348) PSYoungGen: 160768K(646144K)->160768K(646144K) Eden: 160768K(160768K)->160768K(160768K) From: 0K(485376K)->0K(485376K)
[273.235s][info][gc,heap        ] GC(348) ParOldGen: 10103638K(10103808K)->10103638K(10103808K)
[273.235s][info][gc,metaspace   ] GC(348) Metaspace: 6301K(6464K)->6301K(6464K) NonClass: 5768K(5824K)->5768K(5824K) Class: 533K(640K)->533K(640K)
[273.235s][info][gc             ] GC(348) Pause Full (Ergonomics) 10023M->10023M(10498M) 3030.964ms
[273.235s][info][gc,cpu         ] GC(348) User=22.81s Sys=0.02s Real=3.03s
[273.236s][info][gc,start       ] GC(349) Pause Full (Ergonomics)
[273.236s][info][gc,phases,start] GC(349) Marking Phase
[275.577s][info][gc,phases      ] GC(349) Marking Phase 2341.885ms
[275.578s][info][gc,phases,start] GC(349) Summary Phase
[275.578s][info][gc,phases      ] GC(349) Summary Phase 0.189ms
[275.578s][info][gc,phases,start] GC(349) Adjust Roots
[275.578s][info][gc,phases      ] GC(349) Adjust Roots 0.291ms
[275.578s][info][gc,phases,start] GC(349) Compaction Phase
[276.232s][info][gc,phases      ] GC(349) Compaction Phase 654.318ms
[276.232s][info][gc,phases,start] GC(349) Post Compact
[276.251s][info][gc,phases      ] GC(349) Post Compact 18.120ms
[276.251s][info][gc,heap        ] GC(349) PSYoungGen: 160768K(646144K)->160768K(646144K) Eden: 160768K(160768K)->160768K(160768K) From: 0K(485376K)->0K(485376K)
[276.251s][info][gc,heap        ] GC(349) ParOldGen: 10103642K(10103808K)->10103642K(10103808K)
[276.251s][info][gc,metaspace   ] GC(349) Metaspace: 6301K(6464K)->6301K(6464K) NonClass: 5768K(5824K)->5768K(5824K) Class: 533K(640K)->533K(640K)
[276.251s][info][gc             ] GC(349) Pause Full (Ergonomics) 10023M->10023M(10498M) 3015.294ms
[276.251s][info][gc,cpu         ] GC(349) User=23.23s Sys=0.00s Real=3.01s
[276.251s][info][gc,start       ] GC(350) Pause Full (Ergonomics)
[276.251s][info][gc,phases,start] GC(350) Marking Phase
[278.594s][info][gc,phases      ] GC(350) Marking Phase 2342.552ms
[278.594s][info][gc,phases,start] GC(350) Summary Phase
[278.594s][info][gc,phases      ] GC(350) Summary Phase 0.135ms
[278.594s][info][gc,phases,start] GC(350) Adjust Roots
[278.594s][info][gc,phases      ] GC(350) Adjust Roots 0.298ms
[278.594s][info][gc,phases,start] GC(350) Compaction Phase
[279.269s][info][gc,phases      ] GC(350) Compaction Phase 674.721ms
[279.269s][info][gc,phases,start] GC(350) Post Compact
[279.285s][info][gc,phases      ] GC(350) Post Compact 16.046ms
[279.285s][info][gc,heap        ] GC(350) PSYoungGen: 160768K(646144K)->160768K(646144K) Eden: 160768K(160768K)->160768K(160768K) From: 0K(485376K)->0K(485376K)
[279.285s][info][gc,heap        ] GC(350) ParOldGen: 10103647K(10103808K)->10103647K(10103808K)
[279.285s][info][gc,metaspace   ] GC(350) Metaspace: 6301K(6464K)->6301K(6464K) NonClass: 5768K(5824K)->5768K(5824K) Class: 533K(640K)->533K(640K)
[279.285s][info][gc             ] GC(350) Pause Full (Ergonomics) 10023M->10023M(10498M) 3034.155ms
[279.285s][info][gc,cpu         ] GC(350) User=23.06s Sys=0.00s Real=3.03s
[279.285s][info][gc,start       ] GC(351) Pause Full (Ergonomics)
[279.285s][info][gc,phases,start] GC(351) Marking Phase
[281.857s][info][gc,phases      ] GC(351) Marking Phase 2571.456ms
[281.857s][info][gc,phases,start] GC(351) Summary Phase
[281.857s][info][gc,phases      ] GC(351) Summary Phase 0.143ms
[281.857s][info][gc,phases,start] GC(351) Adjust Roots
[281.857s][info][gc,phases      ] GC(351) Adjust Roots 0.301ms
[281.858s][info][gc,phases,start] GC(351) Compaction Phase
[282.570s][info][gc,phases      ] GC(351) Compaction Phase 712.057ms
[282.570s][info][gc,phases,start] GC(351) Post Compact
[282.596s][info][gc,phases      ] GC(351) Post Compact 25.956ms
[282.596s][info][gc,heap        ] GC(351) PSYoungGen: 160768K(646144K)->160768K(646144K) Eden: 160768K(160768K)->160768K(160768K) From: 0K(485376K)->0K(485376K)
[282.596s][info][gc,heap        ] GC(351) ParOldGen: 10103652K(10103808K)->10103652K(10103808K)
[282.596s][info][gc,metaspace   ] GC(351) Metaspace: 6301K(6464K)->6301K(6464K) NonClass: 5768K(5824K)->5768K(5824K) Class: 533K(640K)->533K(640K)
[282.596s][info][gc             ] GC(351) Pause Full (Ergonomics) 10023M->10023M(10498M) 3310.287ms
[282.596s][info][gc,cpu         ] GC(351) User=22.47s Sys=0.02s Real=3.31s
[282.596s][info][gc,start       ] GC(352) Pause Full (Ergonomics)
[282.596s][info][gc,phases,start] GC(352) Marking Phase
[284.936s][info][gc,phases      ] GC(352) Marking Phase 2339.901ms
[284.936s][info][gc,phases,start] GC(352) Summary Phase
[284.936s][info][gc,phases      ] GC(352) Summary Phase 0.162ms
[284.936s][info][gc,phases,start] GC(352) Adjust Roots
[284.937s][info][gc,phases      ] GC(352) Adjust Roots 0.372ms
[284.937s][info][gc,phases,start] GC(352) Compaction Phase
[285.601s][info][gc,phases      ] GC(352) Compaction Phase 664.146ms
[285.601s][info][gc,phases,start] GC(352) Post Compact
[285.619s][info][gc,phases      ] GC(352) Post Compact 18.093ms
[285.619s][info][gc,heap        ] GC(352) PSYoungGen: 160768K(646144K)->160768K(646144K) Eden: 160768K(160768K)->160768K(160768K) From: 0K(485376K)->0K(485376K)
[285.619s][info][gc,heap        ] GC(352) ParOldGen: 10103657K(10103808K)->10103657K(10103808K)
[285.619s][info][gc,metaspace   ] GC(352) Metaspace: 6301K(6464K)->6301K(6464K) NonClass: 5768K(5824K)->5768K(5824K) Class: 533K(640K)->533K(640K)
[285.619s][info][gc             ] GC(352) Pause Full (Ergonomics) 10023M->10023M(10498M) 3023.124ms
[285.619s][info][gc,cpu         ] GC(352) User=23.02s Sys=0.00s Real=3.02s
[285.619s][info][gc,start       ] GC(353) Pause Full (Ergonomics)
[285.619s][info][gc,phases,start] GC(353) Marking Phase
[288.054s][info][gc,phases      ] GC(353) Marking Phase 2434.172ms
[288.054s][info][gc,phases,start] GC(353) Summary Phase
[288.054s][info][gc,phases      ] GC(353) Summary Phase 0.171ms
[288.054s][info][gc,phases,start] GC(353) Adjust Roots
[288.054s][info][gc,phases      ] GC(353) Adjust Roots 0.351ms
[288.054s][info][gc,phases,start] GC(353) Compaction Phase
[288.701s][info][gc,phases      ] GC(353) Compaction Phase 647.194ms
[288.702s][info][gc,phases,start] GC(353) Post Compact
[288.717s][info][gc,phases      ] GC(353) Post Compact 15.546ms
[288.717s][info][gc,heap        ] GC(353) PSYoungGen: 160768K(646144K)->160768K(646144K) Eden: 160768K(160768K)->160768K(160768K) From: 0K(485376K)->0K(485376K)
[288.717s][info][gc,heap        ] GC(353) ParOldGen: 10103662K(10103808K)->10103662K(10103808K)
[288.717s][info][gc,metaspace   ] GC(353) Metaspace: 6301K(6464K)->6301K(6464K) NonClass: 5768K(5824K)->5768K(5824K) Class: 533K(640K)->533K(640K)
[288.717s][info][gc             ] GC(353) Pause Full (Ergonomics) 10023M->10023M(10498M) 3098.006ms
[288.717s][info][gc,cpu         ] GC(353) User=22.97s Sys=0.03s Real=3.10s
[288.718s][info][gc,start       ] GC(354) Pause Full (Ergonomics)
[288.718s][info][gc,phases,start] GC(354) Marking Phase
[291.275s][info][gc,phases      ] GC(354) Marking Phase 2557.881ms
[291.276s][info][gc,phases,start] GC(354) Summary Phase
[291.276s][info][gc,phases      ] GC(354) Summary Phase 0.147ms
[291.276s][info][gc,phases,start] GC(354) Adjust Roots
[291.276s][info][gc,phases      ] GC(354) Adjust Roots 0.302ms
[291.276s][info][gc,phases,start] GC(354) Compaction Phase
[291.926s][info][gc,phases      ] GC(354) Compaction Phase 650.327ms
[291.927s][info][gc,phases,start] GC(354) Post Compact
[291.950s][info][gc,phases      ] GC(354) Post Compact 23.563ms
[291.950s][info][gc,heap        ] GC(354) PSYoungGen: 160768K(646144K)->160768K(646144K) Eden: 160768K(160768K)->160768K(160768K) From: 0K(485376K)->0K(485376K)
[291.950s][info][gc,heap        ] GC(354) ParOldGen: 10103667K(10103808K)->10103667K(10103808K)
[291.950s][info][gc,metaspace   ] GC(354) Metaspace: 6301K(6464K)->6301K(6464K) NonClass: 5768K(5824K)->5768K(5824K) Class: 533K(640K)->533K(640K)
[291.950s][info][gc             ] GC(354) Pause Full (Ergonomics) 10023M->10023M(10498M) 3232.624ms
[291.950s][info][gc,cpu         ] GC(354) User=22.30s Sys=0.05s Real=3.23s
[291.950s][info][gc,start       ] GC(355) Pause Full (Ergonomics)
[291.950s][info][gc,phases,start] GC(355) Marking Phase
[294.267s][info][gc,phases      ] GC(355) Marking Phase 2316.112ms
[294.267s][info][gc,phases,start] GC(355) Summary Phase
[294.267s][info][gc,phases      ] GC(355) Summary Phase 0.289ms
[294.267s][info][gc,phases,start] GC(355) Adjust Roots
[294.267s][info][gc,phases      ] GC(355) Adjust Roots 0.383ms
[294.267s][info][gc,phases,start] GC(355) Compaction Phase
[294.919s][info][gc,phases      ] GC(355) Compaction Phase 651.109ms
[294.919s][info][gc,phases,start] GC(355) Post Compact
[294.936s][info][gc,phases      ] GC(355) Post Compact 17.355ms
[294.936s][info][gc,heap        ] GC(355) PSYoungGen: 160768K(646144K)->160768K(646144K) Eden: 160768K(160768K)->160768K(160768K) From: 0K(485376K)->0K(485376K)
[294.936s][info][gc,heap        ] GC(355) ParOldGen: 10103671K(10103808K)->10103671K(10103808K)
[294.936s][info][gc,metaspace   ] GC(355) Metaspace: 6301K(6464K)->6301K(6464K) NonClass: 5768K(5824K)->5768K(5824K) Class: 533K(640K)->533K(640K)
[294.936s][info][gc             ] GC(355) Pause Full (Ergonomics) 10023M->10023M(10498M) 2985.670ms
[294.936s][info][gc,cpu         ] GC(355) User=22.73s Sys=0.03s Real=2.99s
[294.936s][info][gc,start       ] GC(356) Pause Full (Ergonomics)
[294.936s][info][gc,phases,start] GC(356) Marking Phase
[297.388s][info][gc,phases      ] GC(356) Marking Phase 2451.555ms
[297.388s][info][gc,phases,start] GC(356) Summary Phase
[297.388s][info][gc,phases      ] GC(356) Summary Phase 0.194ms
[297.388s][info][gc,phases,start] GC(356) Adjust Roots
[297.389s][info][gc,phases      ] GC(356) Adjust Roots 0.346ms
[297.389s][info][gc,phases,start] GC(356) Compaction Phase
[298.039s][info][gc,phases      ] GC(356) Compaction Phase 650.526ms
[298.039s][info][gc,phases,start] GC(356) Post Compact
[298.059s][info][gc,phases      ] GC(356) Post Compact 19.476ms
[298.059s][info][gc,heap        ] GC(356) PSYoungGen: 160768K(646144K)->160768K(646144K) Eden: 160768K(160768K)->160768K(160768K) From: 0K(485376K)->0K(485376K)
[298.059s][info][gc,heap        ] GC(356) ParOldGen: 10103676K(10103808K)->10103676K(10103808K)
[298.059s][info][gc,metaspace   ] GC(356) Metaspace: 6301K(6464K)->6301K(6464K) NonClass: 5768K(5824K)->5768K(5824K) Class: 533K(640K)->533K(640K)
[298.059s][info][gc             ] GC(356) Pause Full (Ergonomics) 10023M->10023M(10498M) 3122.517ms
[298.059s][info][gc,cpu         ] GC(356) User=22.66s Sys=0.02s Real=3.12s
[298.059s][info][gc,start       ] GC(357) Pause Full (Ergonomics)
[298.059s][info][gc,phases,start] GC(357) Marking Phase
[300.411s][info][gc,phases      ] GC(357) Marking Phase 2351.618ms
[300.411s][info][gc,phases,start] GC(357) Summary Phase
[300.411s][info][gc,phases      ] GC(357) Summary Phase 0.154ms
[300.411s][info][gc,phases,start] GC(357) Adjust Roots
[300.411s][info][gc,phases      ] GC(357) Adjust Roots 0.307ms
[300.411s][info][gc,phases,start] GC(357) Compaction Phase
[301.048s][info][gc,phases      ] GC(357) Compaction Phase 637.222ms
[301.049s][info][gc,phases,start] GC(357) Post Compact
[301.063s][info][gc,phases      ] GC(357) Post Compact 14.593ms
[301.063s][info][gc,heap        ] GC(357) PSYoungGen: 160768K(646144K)->160768K(646144K) Eden: 160768K(160768K)->160768K(160768K) From: 0K(485376K)->0K(485376K)
[301.063s][info][gc,heap        ] GC(357) ParOldGen: 10103681K(10103808K)->10103681K(10103808K)
[301.063s][info][gc,metaspace   ] GC(357) Metaspace: 6301K(6464K)->6301K(6464K) NonClass: 5768K(5824K)->5768K(5824K) Class: 533K(640K)->533K(640K)
[301.063s][info][gc             ] GC(357) Pause Full (Ergonomics) 10023M->10023M(10498M) 3004.259ms
[301.063s][info][gc,cpu         ] GC(357) User=23.06s Sys=0.02s Real=3.00s
[301.063s][info][gc,start       ] GC(358) Pause Full (Ergonomics)
[301.063s][info][gc,phases,start] GC(358) Marking Phase
[303.421s][info][gc,phases      ] GC(358) Marking Phase 2357.929ms
[303.421s][info][gc,phases,start] GC(358) Summary Phase
[303.422s][info][gc,phases      ] GC(358) Summary Phase 0.103ms
[303.422s][info][gc,phases,start] GC(358) Adjust Roots
[303.422s][info][gc,phases      ] GC(358) Adjust Roots 0.194ms
[303.422s][info][gc,phases,start] GC(358) Compaction Phase
[304.065s][info][gc,phases      ] GC(358) Compaction Phase 643.218ms
[304.065s][info][gc,phases,start] GC(358) Post Compact
[304.080s][info][gc,phases      ] GC(358) Post Compact 15.291ms
[304.080s][info][gc,heap        ] GC(358) PSYoungGen: 160768K(646144K)->160768K(646144K) Eden: 160768K(160768K)->160768K(160768K) From: 0K(485376K)->0K(485376K)
[304.081s][info][gc,heap        ] GC(358) ParOldGen: 10103686K(10103808K)->10103686K(10103808K)
[304.081s][info][gc,metaspace   ] GC(358) Metaspace: 6301K(6464K)->6301K(6464K) NonClass: 5768K(5824K)->5768K(5824K) Class: 533K(640K)->533K(640K)
[304.081s][info][gc             ] GC(358) Pause Full (Ergonomics) 10023M->10023M(10498M) 3017.090ms
[304.081s][info][gc,cpu         ] GC(358) User=23.33s Sys=0.00s Real=3.02s
[304.081s][info][gc,start       ] GC(359) Pause Full (Ergonomics)
[304.081s][info][gc,phases,start] GC(359) Marking Phase
[306.391s][info][gc,phases      ] GC(359) Marking Phase 2310.467ms
[306.391s][info][gc,phases,start] GC(359) Summary Phase
[306.391s][info][gc,phases      ] GC(359) Summary Phase 0.163ms
[306.392s][info][gc,phases,start] GC(359) Adjust Roots
[306.392s][info][gc,phases      ] GC(359) Adjust Roots 0.276ms
[306.392s][info][gc,phases,start] GC(359) Compaction Phase
[307.041s][info][gc,phases      ] GC(359) Compaction Phase 649.543ms
[307.041s][info][gc,phases,start] GC(359) Post Compact
[307.056s][info][gc,phases      ] GC(359) Post Compact 14.260ms
[307.056s][info][gc,heap        ] GC(359) PSYoungGen: 160768K(646144K)->160768K(646144K) Eden: 160768K(160768K)->160768K(160768K) From: 0K(485376K)->0K(485376K)
[307.056s][info][gc,heap        ] GC(359) ParOldGen: 10103691K(10103808K)->10103691K(10103808K)
[307.056s][info][gc,metaspace   ] GC(359) Metaspace: 6301K(6464K)->6301K(6464K) NonClass: 5768K(5824K)->5768K(5824K) Class: 533K(640K)->533K(640K)
[307.056s][info][gc             ] GC(359) Pause Full (Ergonomics) 10023M->10023M(10498M) 2975.038ms
[307.056s][info][gc,cpu         ] GC(359) User=22.73s Sys=0.02s Real=2.98s
[307.056s][info][gc,start       ] GC(360) Pause Full (Ergonomics)
[307.056s][info][gc,phases,start] GC(360) Marking Phase
[309.403s][info][gc,phases      ] GC(360) Marking Phase 2346.512ms
[309.403s][info][gc,phases,start] GC(360) Summary Phase
[309.403s][info][gc,phases      ] GC(360) Summary Phase 0.157ms
[309.403s][info][gc,phases,start] GC(360) Adjust Roots
[309.403s][info][gc,phases      ] GC(360) Adjust Roots 0.348ms
[309.403s][info][gc,phases,start] GC(360) Compaction Phase
[310.066s][info][gc,phases      ] GC(360) Compaction Phase 662.344ms
[310.066s][info][gc,phases,start] GC(360) Post Compact
[310.081s][info][gc,phases      ] GC(360) Post Compact 14.870ms
[310.081s][info][gc,heap        ] GC(360) PSYoungGen: 160768K(646144K)->160768K(646144K) Eden: 160768K(160768K)->160768K(160768K) From: 0K(485376K)->0K(485376K)
[310.081s][info][gc,heap        ] GC(360) ParOldGen: 10103696K(10103808K)->10103696K(10103808K)
[310.081s][info][gc,metaspace   ] GC(360) Metaspace: 6301K(6464K)->6301K(6464K) NonClass: 5768K(5824K)->5768K(5824K) Class: 533K(640K)->533K(640K)
[310.081s][info][gc             ] GC(360) Pause Full (Ergonomics) 10023M->10023M(10498M) 3024.708ms
[310.081s][info][gc,cpu         ] GC(360) User=23.14s Sys=0.00s Real=3.02s
[310.081s][info][gc,start       ] GC(361) Pause Full (Ergonomics)
[310.081s][info][gc,phases,start] GC(361) Marking Phase
[312.394s][info][gc,phases      ] GC(361) Marking Phase 2312.749ms
[312.394s][info][gc,phases,start] GC(361) Summary Phase
[312.394s][info][gc,phases      ] GC(361) Summary Phase 0.142ms
[312.394s][info][gc,phases,start] GC(361) Adjust Roots
[312.394s][info][gc,phases      ] GC(361) Adjust Roots 0.332ms
[312.394s][info][gc,phases,start] GC(361) Compaction Phase
[313.044s][info][gc,phases      ] GC(361) Compaction Phase 649.617ms
[313.044s][info][gc,phases,start] GC(361) Post Compact
[313.059s][info][gc,phases      ] GC(361) Post Compact 15.083ms
[313.059s][info][gc,heap        ] GC(361) PSYoungGen: 160768K(646144K)->160768K(646144K) Eden: 160768K(160768K)->160768K(160768K) From: 0K(485376K)->0K(485376K)
[313.059s][info][gc,heap        ] GC(361) ParOldGen: 10103700K(10103808K)->10103700K(10103808K)
[313.059s][info][gc,metaspace   ] GC(361) Metaspace: 6301K(6464K)->6301K(6464K) NonClass: 5768K(5824K)->5768K(5824K) Class: 533K(640K)->533K(640K)
[313.059s][info][gc             ] GC(361) Pause Full (Ergonomics) 10023M->10023M(10498M) 2978.348ms
[313.059s][info][gc,cpu         ] GC(361) User=22.67s Sys=0.02s Real=2.98s
[313.060s][info][gc,start       ] GC(362) Pause Full (Ergonomics)
[313.060s][info][gc,phases,start] GC(362) Marking Phase
[315.388s][info][gc,phases      ] GC(362) Marking Phase 2328.474ms
[315.388s][info][gc,phases,start] GC(362) Summary Phase
[315.388s][info][gc,phases      ] GC(362) Summary Phase 0.199ms
[315.388s][info][gc,phases,start] GC(362) Adjust Roots
[315.389s][info][gc,phases      ] GC(362) Adjust Roots 0.365ms
[315.389s][info][gc,phases,start] GC(362) Compaction Phase
[316.051s][info][gc,phases      ] GC(362) Compaction Phase 661.760ms
[316.051s][info][gc,phases,start] GC(362) Post Compact
[316.065s][info][gc,phases      ] GC(362) Post Compact 14.598ms
[316.065s][info][gc,heap        ] GC(362) PSYoungGen: 160768K(646144K)->160768K(646144K) Eden: 160768K(160768K)->160768K(160768K) From: 0K(485376K)->0K(485376K)
[316.065s][info][gc,heap        ] GC(362) ParOldGen: 10103705K(10103808K)->10103705K(10103808K)
[316.065s][info][gc,metaspace   ] GC(362) Metaspace: 6301K(6464K)->6301K(6464K) NonClass: 5768K(5824K)->5768K(5824K) Class: 533K(640K)->533K(640K)
[316.065s][info][gc             ] GC(362) Pause Full (Ergonomics) 10023M->10023M(10498M) 3005.873ms
[316.065s][info][gc,cpu         ] GC(362) User=22.80s Sys=0.00s Real=3.00s
[316.066s][info][gc,start       ] GC(363) Pause Full (Ergonomics)
[316.066s][info][gc,phases,start] GC(363) Marking Phase
[318.408s][info][gc,phases      ] GC(363) Marking Phase 2342.666ms
[318.408s][info][gc,phases,start] GC(363) Summary Phase
[318.409s][info][gc,phases      ] GC(363) Summary Phase 0.177ms
[318.409s][info][gc,phases,start] GC(363) Adjust Roots
[318.409s][info][gc,phases      ] GC(363) Adjust Roots 0.345ms
[318.409s][info][gc,phases,start] GC(363) Compaction Phase
[319.064s][info][gc,phases      ] GC(363) Compaction Phase 655.326ms
[319.065s][info][gc,phases,start] GC(363) Post Compact
[319.082s][info][gc,phases      ] GC(363) Post Compact 17.276ms
[319.082s][info][gc,heap        ] GC(363) PSYoungGen: 160768K(646144K)->160768K(646144K) Eden: 160768K(160768K)->160768K(160768K) From: 0K(485376K)->0K(485376K)
[319.082s][info][gc,heap        ] GC(363) ParOldGen: 10103710K(10103808K)->10103710K(10103808K)
[319.082s][info][gc,metaspace   ] GC(363) Metaspace: 6301K(6464K)->6301K(6464K) NonClass: 5768K(5824K)->5768K(5824K) Class: 533K(640K)->533K(640K)
[319.082s][info][gc             ] GC(363) Pause Full (Ergonomics) 10023M->10023M(10498M) 3016.257ms
[319.082s][info][gc,cpu         ] GC(363) User=23.05s Sys=0.02s Real=3.02s
[319.082s][info][gc,start       ] GC(364) Pause Full (Ergonomics)
[319.082s][info][gc,phases,start] GC(364) Marking Phase
[321.405s][info][gc,phases      ] GC(364) Marking Phase 2323.101ms
[321.405s][info][gc,phases,start] GC(364) Summary Phase
[321.405s][info][gc,phases      ] GC(364) Summary Phase 0.102ms
[321.405s][info][gc,phases,start] GC(364) Adjust Roots
[321.406s][info][gc,phases      ] GC(364) Adjust Roots 0.208ms
[321.406s][info][gc,phases,start] GC(364) Compaction Phase
[322.054s][info][gc,phases      ] GC(364) Compaction Phase 647.885ms
[322.054s][info][gc,phases,start] GC(364) Post Compact
[322.070s][info][gc,phases      ] GC(364) Post Compact 16.136ms
[322.070s][info][gc,heap        ] GC(364) PSYoungGen: 160768K(646144K)->160768K(646144K) Eden: 160768K(160768K)->160768K(160768K) From: 0K(485376K)->0K(485376K)
[322.070s][info][gc,heap        ] GC(364) ParOldGen: 10103715K(10103808K)->10103715K(10103808K)
[322.070s][info][gc,metaspace   ] GC(364) Metaspace: 6301K(6464K)->6301K(6464K) NonClass: 5768K(5824K)->5768K(5824K) Class: 533K(640K)->533K(640K)
[322.070s][info][gc             ] GC(364) Pause Full (Ergonomics) 10023M->10023M(10498M) 2987.847ms
[322.070s][info][gc,cpu         ] GC(364) User=22.69s Sys=0.00s Real=2.99s
[322.070s][info][gc,start       ] GC(365) Pause Full (Ergonomics)
[322.070s][info][gc,phases,start] GC(365) Marking Phase
[324.425s][info][gc,phases      ] GC(365) Marking Phase 2355.061ms
[324.425s][info][gc,phases,start] GC(365) Summary Phase
[324.426s][info][gc,phases      ] GC(365) Summary Phase 0.148ms
[324.426s][info][gc,phases,start] GC(365) Adjust Roots
[324.426s][info][gc,phases      ] GC(365) Adjust Roots 0.327ms
[324.426s][info][gc,phases,start] GC(365) Compaction Phase
[325.081s][info][gc,phases      ] GC(365) Compaction Phase 654.557ms
[325.081s][info][gc,phases,start] GC(365) Post Compact
[325.097s][info][gc,phases      ] GC(365) Post Compact 16.698ms
[325.097s][info][gc,heap        ] GC(365) PSYoungGen: 160768K(646144K)->160768K(646144K) Eden: 160768K(160768K)->160768K(160768K) From: 0K(485376K)->0K(485376K)
[325.097s][info][gc,heap        ] GC(365) ParOldGen: 10103720K(10103808K)->10103720K(10103808K)
[325.097s][info][gc,metaspace   ] GC(365) Metaspace: 6301K(6464K)->6301K(6464K) NonClass: 5768K(5824K)->5768K(5824K) Class: 533K(640K)->533K(640K)
[325.097s][info][gc             ] GC(365) Pause Full (Ergonomics) 10023M->10023M(10498M) 3027.256ms
[325.098s][info][gc,cpu         ] GC(365) User=23.30s Sys=0.00s Real=3.03s
[325.098s][info][gc,start       ] GC(366) Pause Full (Ergonomics)
[325.098s][info][gc,phases,start] GC(366) Marking Phase
[327.447s][info][gc,phases      ] GC(366) Marking Phase 2348.871ms
[327.447s][info][gc,phases,start] GC(366) Summary Phase
[327.447s][info][gc,phases      ] GC(366) Summary Phase 0.139ms
[327.447s][info][gc,phases,start] GC(366) Adjust Roots
[327.447s][info][gc,phases      ] GC(366) Adjust Roots 0.278ms
[327.447s][info][gc,phases,start] GC(366) Compaction Phase
[328.084s][info][gc,phases      ] GC(366) Compaction Phase 636.910ms
[328.084s][info][gc,phases,start] GC(366) Post Compact
[328.100s][info][gc,phases      ] GC(366) Post Compact 16.039ms
[328.100s][info][gc,heap        ] GC(366) PSYoungGen: 160768K(646144K)->160768K(646144K) Eden: 160768K(160768K)->160768K(160768K) From: 0K(485376K)->0K(485376K)
[328.100s][info][gc,heap        ] GC(366) ParOldGen: 10103725K(10103808K)->10103725K(10103808K)
[328.100s][info][gc,metaspace   ] GC(366) Metaspace: 6301K(6464K)->6301K(6464K) NonClass: 5768K(5824K)->5768K(5824K) Class: 533K(640K)->533K(640K)
[328.100s][info][gc             ] GC(366) Pause Full (Ergonomics) 10023M->10023M(10498M) 3002.667ms
[328.100s][info][gc,cpu         ] GC(366) User=22.89s Sys=0.00s Real=3.00s
[328.101s][info][gc,start       ] GC(367) Pause Full (Ergonomics)
[328.101s][info][gc,phases,start] GC(367) Marking Phase
[330.404s][info][gc,phases      ] GC(367) Marking Phase 2303.722ms
[330.404s][info][gc,phases,start] GC(367) Summary Phase
[330.405s][info][gc,phases      ] GC(367) Summary Phase 0.109ms
[330.405s][info][gc,phases,start] GC(367) Adjust Roots
[330.405s][info][gc,phases      ] GC(367) Adjust Roots 0.212ms
[330.405s][info][gc,phases,start] GC(367) Compaction Phase
[331.046s][info][gc,phases      ] GC(367) Compaction Phase 641.489ms
[331.046s][info][gc,phases,start] GC(367) Post Compact
[331.062s][info][gc,phases      ] GC(367) Post Compact 15.811ms
[331.062s][info][gc,heap        ] GC(367) PSYoungGen: 160768K(646144K)->160768K(646144K) Eden: 160768K(160768K)->160768K(160768K) From: 0K(485376K)->0K(485376K)
[331.062s][info][gc,heap        ] GC(367) ParOldGen: 10103729K(10103808K)->10103729K(10103808K)
[331.062s][info][gc,metaspace   ] GC(367) Metaspace: 6301K(6464K)->6301K(6464K) NonClass: 5768K(5824K)->5768K(5824K) Class: 533K(640K)->533K(640K)
[331.062s][info][gc             ] GC(367) Pause Full (Ergonomics) 10023M->10023M(10498M) 2961.688ms
[331.062s][info][gc,cpu         ] GC(367) User=22.67s Sys=0.00s Real=2.96s
[331.063s][info][gc,start       ] GC(368) Pause Full (Ergonomics)
[331.063s][info][gc,phases,start] GC(368) Marking Phase
[333.371s][info][gc,phases      ] GC(368) Marking Phase 2308.532ms
[333.371s][info][gc,phases,start] GC(368) Summary Phase
[333.371s][info][gc,phases      ] GC(368) Summary Phase 0.116ms
[333.371s][info][gc,phases,start] GC(368) Adjust Roots
[333.371s][info][gc,phases      ] GC(368) Adjust Roots 0.210ms
[333.372s][info][gc,phases,start] GC(368) Compaction Phase
[334.004s][info][gc,phases      ] GC(368) Compaction Phase 632.776ms
[334.004s][info][gc,phases,start] GC(368) Post Compact
[334.020s][info][gc,phases      ] GC(368) Post Compact 15.173ms
[334.020s][info][gc,heap        ] GC(368) PSYoungGen: 160768K(646144K)->160768K(646144K) Eden: 160768K(160768K)->160768K(160768K) From: 0K(485376K)->0K(485376K)
[334.020s][info][gc,heap        ] GC(368) ParOldGen: 10103734K(10103808K)->10103734K(10103808K)
[334.020s][info][gc,metaspace   ] GC(368) Metaspace: 6301K(6464K)->6301K(6464K) NonClass: 5768K(5824K)->5768K(5824K) Class: 533K(640K)->533K(640K)
[334.020s][info][gc             ] GC(368) Pause Full (Ergonomics) 10023M->10023M(10498M) 2957.189ms
[334.020s][info][gc,cpu         ] GC(368) User=22.89s Sys=0.00s Real=2.96s
[334.020s][info][gc,start       ] GC(369) Pause Full (Ergonomics)
[334.020s][info][gc,phases,start] GC(369) Marking Phase
[336.324s][info][gc,phases      ] GC(369) Marking Phase 2304.077ms
[336.324s][info][gc,phases,start] GC(369) Summary Phase
[336.324s][info][gc,phases      ] GC(369) Summary Phase 0.192ms
[336.324s][info][gc,phases,start] GC(369) Adjust Roots
[336.325s][info][gc,phases      ] GC(369) Adjust Roots 0.211ms
[336.325s][info][gc,phases,start] GC(369) Compaction Phase
[336.974s][info][gc,phases      ] GC(369) Compaction Phase 648.961ms
[336.974s][info][gc,phases,start] GC(369) Post Compact
[336.990s][info][gc,phases      ] GC(369) Post Compact 16.373ms
[336.990s][info][gc,heap        ] GC(369) PSYoungGen: 160768K(646144K)->160768K(646144K) Eden: 160768K(160768K)->160768K(160768K) From: 0K(485376K)->0K(485376K)
[336.990s][info][gc,heap        ] GC(369) ParOldGen: 10103739K(10103808K)->10103739K(10103808K)
[336.990s][info][gc,metaspace   ] GC(369) Metaspace: 6301K(6464K)->6301K(6464K) NonClass: 5768K(5824K)->5768K(5824K) Class: 533K(640K)->533K(640K)
[336.990s][info][gc             ] GC(369) Pause Full (Ergonomics) 10023M->10023M(10498M) 2970.263ms
[336.990s][info][gc,cpu         ] GC(369) User=22.81s Sys=0.00s Real=2.97s
[336.990s][info][gc,start       ] GC(370) Pause Full (Ergonomics)
[336.990s][info][gc,phases,start] GC(370) Marking Phase
[339.328s][info][gc,phases      ] GC(370) Marking Phase 2337.380ms
[339.328s][info][gc,phases,start] GC(370) Summary Phase
[339.328s][info][gc,phases      ] GC(370) Summary Phase 0.148ms
[339.328s][info][gc,phases,start] GC(370) Adjust Roots
[339.328s][info][gc,phases      ] GC(370) Adjust Roots 0.261ms
[339.328s][info][gc,phases,start] GC(370) Compaction Phase
[339.974s][info][gc,phases      ] GC(370) Compaction Phase 645.924ms
[339.974s][info][gc,phases,start] GC(370) Post Compact
[339.991s][info][gc,phases      ] GC(370) Post Compact 16.218ms
[339.991s][info][gc,heap        ] GC(370) PSYoungGen: 160768K(646144K)->160768K(646144K) Eden: 160768K(160768K)->160768K(160768K) From: 0K(485376K)->0K(485376K)
[339.991s][info][gc,heap        ] GC(370) ParOldGen: 10103744K(10103808K)->10103744K(10103808K)
[339.991s][info][gc,metaspace   ] GC(370) Metaspace: 6301K(6464K)->6301K(6464K) NonClass: 5768K(5824K)->5768K(5824K) Class: 533K(640K)->533K(640K)
[339.991s][info][gc             ] GC(370) Pause Full (Ergonomics) 10023M->10023M(10498M) 3000.339ms
[339.991s][info][gc,cpu         ] GC(370) User=23.03s Sys=0.00s Real=3.00s
[339.991s][info][gc,start       ] GC(371) Pause Full (Ergonomics)
[339.991s][info][gc,phases,start] GC(371) Marking Phase
[342.332s][info][gc,phases      ] GC(371) Marking Phase 2341.344ms
[342.332s][info][gc,phases,start] GC(371) Summary Phase
[342.333s][info][gc,phases      ] GC(371) Summary Phase 0.119ms
[342.333s][info][gc,phases,start] GC(371) Adjust Roots
[342.333s][info][gc,phases      ] GC(371) Adjust Roots 0.191ms
[342.333s][info][gc,phases,start] GC(371) Compaction Phase
[342.976s][info][gc,phases      ] GC(371) Compaction Phase 642.894ms
[342.976s][info][gc,phases,start] GC(371) Post Compact
[342.992s][info][gc,phases      ] GC(371) Post Compact 16.065ms
[342.992s][info][gc,heap        ] GC(371) PSYoungGen: 160768K(646144K)->160768K(646144K) Eden: 160768K(160768K)->160768K(160768K) From: 0K(485376K)->0K(485376K)
[342.992s][info][gc,heap        ] GC(371) ParOldGen: 10103749K(10103808K)->10103749K(10103808K)
[342.992s][info][gc,metaspace   ] GC(371) Metaspace: 6301K(6464K)->6301K(6464K) NonClass: 5768K(5824K)->5768K(5824K) Class: 533K(640K)->533K(640K)
[342.992s][info][gc             ] GC(371) Pause Full (Ergonomics) 10023M->10023M(10498M) 3000.983ms
[342.992s][info][gc,cpu         ] GC(371) User=23.20s Sys=0.00s Real=3.00s
[342.992s][info][gc,start       ] GC(372) Pause Full (Ergonomics)
[342.992s][info][gc,phases,start] GC(372) Marking Phase
[345.334s][info][gc,phases      ] GC(372) Marking Phase 2341.572ms
[345.334s][info][gc,phases,start] GC(372) Summary Phase
[345.334s][info][gc,phases      ] GC(372) Summary Phase 0.115ms
[345.334s][info][gc,phases,start] GC(372) Adjust Roots
[345.334s][info][gc,phases      ] GC(372) Adjust Roots 0.204ms
[345.334s][info][gc,phases,start] GC(372) Compaction Phase
[345.969s][info][gc,phases      ] GC(372) Compaction Phase 634.535ms
[345.969s][info][gc,phases,start] GC(372) Post Compact
[345.984s][info][gc,phases      ] GC(372) Post Compact 14.934ms
[345.984s][info][gc,heap        ] GC(372) PSYoungGen: 160768K(646144K)->160768K(646144K) Eden: 160768K(160768K)->160768K(160768K) From: 0K(485376K)->0K(485376K)
[345.984s][info][gc,heap        ] GC(372) ParOldGen: 10103754K(10103808K)->10103754K(10103808K)
[345.984s][info][gc,metaspace   ] GC(372) Metaspace: 6301K(6464K)->6301K(6464K) NonClass: 5768K(5824K)->5768K(5824K) Class: 533K(640K)->533K(640K)
[345.984s][info][gc             ] GC(372) Pause Full (Ergonomics) 10023M->10023M(10498M) 2991.738ms
[345.984s][info][gc,cpu         ] GC(372) User=23.16s Sys=0.00s Real=2.99s
[345.984s][info][gc,start       ] GC(373) Pause Full (Ergonomics)
[345.984s][info][gc,phases,start] GC(373) Marking Phase
[348.303s][info][gc,phases      ] GC(373) Marking Phase 2319.317ms
[348.304s][info][gc,phases,start] GC(373) Summary Phase
[348.304s][info][gc,phases      ] GC(373) Summary Phase 0.101ms
[348.304s][info][gc,phases,start] GC(373) Adjust Roots
[348.304s][info][gc,phases      ] GC(373) Adjust Roots 0.232ms
[348.304s][info][gc,phases,start] GC(373) Compaction Phase
[348.939s][info][gc,phases      ] GC(373) Compaction Phase 635.382ms
[348.939s][info][gc,phases,start] GC(373) Post Compact
[348.955s][info][gc,phases      ] GC(373) Post Compact 15.526ms
[348.955s][info][gc,heap        ] GC(373) PSYoungGen: 160768K(646144K)->160768K(646144K) Eden: 160768K(160768K)->160768K(160768K) From: 0K(485376K)->0K(485376K)
[348.955s][info][gc,heap        ] GC(373) ParOldGen: 10103758K(10103808K)->10103758K(10103808K)
[348.955s][info][gc,metaspace   ] GC(373) Metaspace: 6301K(6464K)->6301K(6464K) NonClass: 5768K(5824K)->5768K(5824K) Class: 533K(640K)->533K(640K)
[348.955s][info][gc             ] GC(373) Pause Full (Ergonomics) 10023M->10023M(10498M) 2970.962ms
[348.955s][info][gc,cpu         ] GC(373) User=22.89s Sys=0.00s Real=2.97s
[348.955s][info][gc,start       ] GC(374) Pause Full (Ergonomics)
[348.955s][info][gc,phases,start] GC(374) Marking Phase
[351.293s][info][gc,phases      ] GC(374) Marking Phase 2337.379ms
[351.293s][info][gc,phases,start] GC(374) Summary Phase
[351.293s][info][gc,phases      ] GC(374) Summary Phase 0.107ms
[351.293s][info][gc,phases,start] GC(374) Adjust Roots
[351.293s][info][gc,phases      ] GC(374) Adjust Roots 0.239ms
[351.293s][info][gc,phases,start] GC(374) Compaction Phase
[351.947s][info][gc,phases      ] GC(374) Compaction Phase 653.802ms
[351.947s][info][gc,phases,start] GC(374) Post Compact
[351.963s][info][gc,phases      ] GC(374) Post Compact 16.212ms
[351.963s][info][gc,heap        ] GC(374) PSYoungGen: 160768K(646144K)->160768K(646144K) Eden: 160768K(160768K)->160768K(160768K) From: 0K(485376K)->0K(485376K)
[351.964s][info][gc,heap        ] GC(374) ParOldGen: 10103763K(10103808K)->10103763K(10103808K)
[351.964s][info][gc,metaspace   ] GC(374) Metaspace: 6301K(6464K)->6301K(6464K) NonClass: 5768K(5824K)->5768K(5824K) Class: 533K(640K)->533K(640K)
[351.964s][info][gc             ] GC(374) Pause Full (Ergonomics) 10023M->10023M(10498M) 3008.195ms
[351.964s][info][gc,cpu         ] GC(374) User=23.03s Sys=0.03s Real=3.01s
[351.964s][info][gc,start       ] GC(375) Pause Full (Ergonomics)
[351.964s][info][gc,phases,start] GC(375) Marking Phase
[354.292s][info][gc,phases      ] GC(375) Marking Phase 2327.878ms
[354.292s][info][gc,phases,start] GC(375) Summary Phase
[354.292s][info][gc,phases      ] GC(375) Summary Phase 0.113ms
[354.292s][info][gc,phases,start] GC(375) Adjust Roots
[354.292s][info][gc,phases      ] GC(375) Adjust Roots 0.176ms
[354.292s][info][gc,phases,start] GC(375) Compaction Phase
[354.937s][info][gc,phases      ] GC(375) Compaction Phase 644.614ms
[354.937s][info][gc,phases,start] GC(375) Post Compact
[354.953s][info][gc,phases      ] GC(375) Post Compact 16.099ms
[354.953s][info][gc,heap        ] GC(375) PSYoungGen: 160768K(646144K)->160768K(646144K) Eden: 160768K(160768K)->160768K(160768K) From: 0K(485376K)->0K(485376K)
[354.953s][info][gc,heap        ] GC(375) ParOldGen: 10103768K(10103808K)->10103768K(10103808K)
[354.953s][info][gc,metaspace   ] GC(375) Metaspace: 6301K(6464K)->6301K(6464K) NonClass: 5768K(5824K)->5768K(5824K) Class: 533K(640K)->533K(640K)
[354.953s][info][gc             ] GC(375) Pause Full (Ergonomics) 10023M->10023M(10498M) 2989.298ms
[354.953s][info][gc,cpu         ] GC(375) User=23.02s Sys=0.00s Real=2.99s
[354.953s][info][gc,start       ] GC(376) Pause Full (Ergonomics)
[354.953s][info][gc,phases,start] GC(376) Marking Phase
[357.306s][info][gc,phases      ] GC(376) Marking Phase 2352.677ms
[357.306s][info][gc,phases,start] GC(376) Summary Phase
[357.306s][info][gc,phases      ] GC(376) Summary Phase 0.115ms
[357.306s][info][gc,phases,start] GC(376) Adjust Roots
[357.306s][info][gc,phases      ] GC(376) Adjust Roots 0.223ms
[357.306s][info][gc,phases,start] GC(376) Compaction Phase
[357.940s][info][gc,phases      ] GC(376) Compaction Phase 633.653ms
[357.940s][info][gc,phases,start] GC(376) Post Compact
[357.956s][info][gc,phases      ] GC(376) Post Compact 15.440ms
[357.956s][info][gc,heap        ] GC(376) PSYoungGen: 160768K(646144K)->160768K(646144K) Eden: 160768K(160768K)->160768K(160768K) From: 0K(485376K)->0K(485376K)
[357.956s][info][gc,heap        ] GC(376) ParOldGen: 10103773K(10103808K)->10103773K(10103808K)
[357.956s][info][gc,metaspace   ] GC(376) Metaspace: 6301K(6464K)->6301K(6464K) NonClass: 5768K(5824K)->5768K(5824K) Class: 533K(640K)->533K(640K)
[357.956s][info][gc             ] GC(376) Pause Full (Ergonomics) 10023M->10023M(10498M) 3002.476ms
[357.956s][info][gc,cpu         ] GC(376) User=23.06s Sys=0.00s Real=3.00s
[357.956s][info][gc,start       ] GC(377) Pause Full (Ergonomics)
[357.956s][info][gc,phases,start] GC(377) Marking Phase
[360.262s][info][gc,phases      ] GC(377) Marking Phase 2306.204ms
[360.262s][info][gc,phases,start] GC(377) Summary Phase
[360.262s][info][gc,phases      ] GC(377) Summary Phase 0.100ms
[360.262s][info][gc,phases,start] GC(377) Adjust Roots
[360.263s][info][gc,phases      ] GC(377) Adjust Roots 0.182ms
[360.263s][info][gc,phases,start] GC(377) Compaction Phase
[360.893s][info][gc,phases      ] GC(377) Compaction Phase 630.256ms
[360.893s][info][gc,phases,start] GC(377) Post Compact
[360.907s][info][gc,phases      ] GC(377) Post Compact 14.214ms
[360.907s][info][gc,heap        ] GC(377) PSYoungGen: 160768K(646144K)->160768K(646144K) Eden: 160768K(160768K)->160768K(160768K) From: 0K(485376K)->0K(485376K)
[360.907s][info][gc,heap        ] GC(377) ParOldGen: 10103778K(10103808K)->10103778K(10103808K)
[360.907s][info][gc,metaspace   ] GC(377) Metaspace: 6301K(6464K)->6301K(6464K) NonClass: 5768K(5824K)->5768K(5824K) Class: 533K(640K)->533K(640K)
[360.907s][info][gc             ] GC(377) Pause Full (Ergonomics) 10023M->10023M(10498M) 2951.310ms
[360.907s][info][gc,cpu         ] GC(377) User=22.67s Sys=0.00s Real=2.95s
[360.907s][info][gc,start       ] GC(378) Pause Full (Ergonomics)
[360.908s][info][gc,phases,start] GC(378) Marking Phase
[363.179s][info][gc,phases      ] GC(378) Marking Phase 2271.261ms
[363.179s][info][gc,phases,start] GC(378) Summary Phase
[363.179s][info][gc,phases      ] GC(378) Summary Phase 0.095ms
[363.179s][info][gc,phases,start] GC(378) Adjust Roots
[363.179s][info][gc,phases      ] GC(378) Adjust Roots 0.195ms
[363.179s][info][gc,phases,start] GC(378) Compaction Phase
[363.828s][info][gc,phases      ] GC(378) Compaction Phase 648.699ms
[363.828s][info][gc,phases,start] GC(378) Post Compact
[363.843s][info][gc,phases      ] GC(378) Post Compact 15.366ms
[363.843s][info][gc,heap        ] GC(378) PSYoungGen: 160768K(646144K)->160768K(646144K) Eden: 160768K(160768K)->160768K(160768K) From: 0K(485376K)->0K(485376K)
[363.843s][info][gc,heap        ] GC(378) ParOldGen: 10103783K(10103808K)->10103783K(10103808K)
[363.843s][info][gc,metaspace   ] GC(378) Metaspace: 6301K(6464K)->6301K(6464K) NonClass: 5768K(5824K)->5768K(5824K) Class: 533K(640K)->533K(640K)
[363.843s][info][gc             ] GC(378) Pause Full (Ergonomics) 10023M->10023M(10498M) 2935.992ms
[363.844s][info][gc,cpu         ] GC(378) User=22.62s Sys=0.00s Real=2.94s
[363.844s][info][gc,start       ] GC(379) Pause Full (Ergonomics)
[363.844s][info][gc,phases,start] GC(379) Marking Phase
[366.167s][info][gc,phases      ] GC(379) Marking Phase 2323.194ms
[366.167s][info][gc,phases,start] GC(379) Summary Phase
[366.167s][info][gc,phases      ] GC(379) Summary Phase 0.120ms
[366.167s][info][gc,phases,start] GC(379) Adjust Roots
[366.167s][info][gc,phases      ] GC(379) Adjust Roots 0.237ms
[366.167s][info][gc,phases,start] GC(379) Compaction Phase
[366.812s][info][gc,phases      ] GC(379) Compaction Phase 644.872ms
[366.812s][info][gc,phases,start] GC(379) Post Compact
[366.829s][info][gc,phases      ] GC(379) Post Compact 16.277ms
[366.829s][info][gc,heap        ] GC(379) PSYoungGen: 160768K(646144K)->160768K(646144K) Eden: 160768K(160768K)->160768K(160768K) From: 0K(485376K)->0K(485376K)
[366.829s][info][gc,heap        ] GC(379) ParOldGen: 10103787K(10103808K)->10103787K(10103808K)
[366.829s][info][gc,metaspace   ] GC(379) Metaspace: 6301K(6464K)->6301K(6464K) NonClass: 5768K(5824K)->5768K(5824K) Class: 533K(640K)->533K(640K)
[366.829s][info][gc             ] GC(379) Pause Full (Ergonomics) 10023M->10023M(10498M) 2985.066ms
[366.829s][info][gc,cpu         ] GC(379) User=22.92s Sys=0.00s Real=2.98s
[366.829s][info][gc,start       ] GC(380) Pause Full (Ergonomics)
[366.829s][info][gc,phases,start] GC(380) Marking Phase
[369.160s][info][gc,phases      ] GC(380) Marking Phase 2330.715ms
[369.160s][info][gc,phases,start] GC(380) Summary Phase
[369.160s][info][gc,phases      ] GC(380) Summary Phase 0.111ms
[369.160s][info][gc,phases,start] GC(380) Adjust Roots
[369.160s][info][gc,phases      ] GC(380) Adjust Roots 0.275ms
[369.160s][info][gc,phases,start] GC(380) Compaction Phase
[369.789s][info][gc,phases      ] GC(380) Compaction Phase 629.120ms
[369.789s][info][gc,phases,start] GC(380) Post Compact
[369.805s][info][gc,phases      ] GC(380) Post Compact 15.242ms
[369.805s][info][gc,heap        ] GC(380) PSYoungGen: 160768K(646144K)->160768K(646144K) Eden: 160768K(160768K)->160768K(160768K) From: 0K(485376K)->0K(485376K)
[369.805s][info][gc,heap        ] GC(380) ParOldGen: 10103792K(10103808K)->10103792K(10103808K)
[369.805s][info][gc,metaspace   ] GC(380) Metaspace: 6301K(6464K)->6301K(6464K) NonClass: 5768K(5824K)->5768K(5824K) Class: 533K(640K)->533K(640K)
[369.805s][info][gc             ] GC(380) Pause Full (Ergonomics) 10023M->10023M(10498M) 2975.839ms
[369.805s][info][gc,cpu         ] GC(380) User=22.98s Sys=0.00s Real=2.98s
[369.805s][info][gc,start       ] GC(381) Pause Full (Ergonomics)
[369.805s][info][gc,phases,start] GC(381) Marking Phase
[372.123s][info][gc,phases      ] GC(381) Marking Phase 2317.810ms
[372.123s][info][gc,phases,start] GC(381) Summary Phase
[372.123s][info][gc,phases      ] GC(381) Summary Phase 0.142ms
[372.123s][info][gc,phases,start] GC(381) Adjust Roots
[372.123s][info][gc,phases      ] GC(381) Adjust Roots 0.227ms
[372.123s][info][gc,phases,start] GC(381) Compaction Phase
[372.781s][info][gc,phases      ] GC(381) Compaction Phase 657.940ms
[372.781s][info][gc,phases,start] GC(381) Post Compact
[372.798s][info][gc,phases      ] GC(381) Post Compact 16.559ms
[372.798s][info][gc,heap        ] GC(381) PSYoungGen: 160768K(646144K)->160768K(646144K) Eden: 160768K(160768K)->160768K(160768K) From: 0K(485376K)->0K(485376K)
[372.798s][info][gc,heap        ] GC(381) ParOldGen: 10103797K(10103808K)->10103797K(10103808K)
[372.798s][info][gc,metaspace   ] GC(381) Metaspace: 6301K(6464K)->6301K(6464K) NonClass: 5768K(5824K)->5768K(5824K) Class: 533K(640K)->533K(640K)
[372.798s][info][gc             ] GC(381) Pause Full (Ergonomics) 10023M->10023M(10498M) 2993.059ms
[372.798s][info][gc,cpu         ] GC(381) User=22.97s Sys=0.00s Real=2.99s
[372.798s][info][gc,start       ] GC(382) Pause Full (Ergonomics)
[372.798s][info][gc,phases,start] GC(382) Marking Phase
[375.126s][info][gc,phases      ] GC(382) Marking Phase 2327.996ms
[375.126s][info][gc,phases,start] GC(382) Summary Phase
[375.127s][info][gc,phases      ] GC(382) Summary Phase 0.100ms
[375.127s][info][gc,phases,start] GC(382) Adjust Roots
[375.127s][info][gc,phases      ] GC(382) Adjust Roots 0.245ms
[375.127s][info][gc,phases,start] GC(382) Compaction Phase
[375.770s][info][gc,phases      ] GC(382) Compaction Phase 643.109ms
[375.770s][info][gc,phases,start] GC(382) Post Compact
[375.786s][info][gc,phases      ] GC(382) Post Compact 16.029ms
[375.786s][info][gc,heap        ] GC(382) PSYoungGen: 160768K(646144K)->160768K(646144K) Eden: 160768K(160768K)->160768K(160768K) From: 0K(485376K)->0K(485376K)
[375.786s][info][gc,heap        ] GC(382) ParOldGen: 10103802K(10103808K)->10103802K(10103808K)
[375.786s][info][gc,metaspace   ] GC(382) Metaspace: 6301K(6464K)->6301K(6464K) NonClass: 5768K(5824K)->5768K(5824K) Class: 533K(640K)->533K(640K)
[375.786s][info][gc             ] GC(382) Pause Full (Ergonomics) 10023M->10023M(10498M) 2987.834ms
[375.786s][info][gc,cpu         ] GC(382) User=22.94s Sys=0.00s Real=2.99s
[375.786s][info][gc,start       ] GC(383) Pause Full (Ergonomics)
[375.786s][info][gc,phases,start] GC(383) Marking Phase
[378.136s][info][gc,phases      ] GC(383) Marking Phase 2349.250ms
[378.136s][info][gc,phases,start] GC(383) Summary Phase
[378.136s][info][gc,phases      ] GC(383) Summary Phase 0.106ms
[378.136s][info][gc,phases,start] GC(383) Adjust Roots
[378.136s][info][gc,phases      ] GC(383) Adjust Roots 0.177ms
[378.136s][info][gc,phases,start] GC(383) Compaction Phase
[378.775s][info][gc,phases      ] GC(383) Compaction Phase 639.351ms
[378.775s][info][gc,phases,start] GC(383) Post Compact
[378.791s][info][gc,phases      ] GC(383) Post Compact 15.656ms
[378.791s][info][gc,heap        ] GC(383) PSYoungGen: 160768K(646144K)->160768K(646144K) Eden: 160768K(160768K)->160768K(160768K) From: 0K(485376K)->0K(485376K)
[378.791s][info][gc,heap        ] GC(383) ParOldGen: 10103807K(10103808K)->10103807K(10103808K)
[378.791s][info][gc,metaspace   ] GC(383) Metaspace: 6301K(6464K)->6301K(6464K) NonClass: 5768K(5824K)->5768K(5824K) Class: 533K(640K)->533K(640K)
[378.791s][info][gc             ] GC(383) Pause Full (Ergonomics) 10023M->10023M(10498M) 3004.906ms
[378.791s][info][gc,cpu         ] GC(383) User=23.11s Sys=0.00s Real=3.01s
[378.791s][info][gc,start       ] GC(384) Pause Full (Ergonomics)
[378.792s][info][gc,phases,start] GC(384) Marking Phase
[381.129s][info][gc,phases      ] GC(384) Marking Phase 2337.223ms
[381.129s][info][gc,phases,start] GC(384) Summary Phase
[381.129s][info][gc,phases      ] GC(384) Summary Phase 0.113ms
[381.129s][info][gc,phases,start] GC(384) Adjust Roots
[381.129s][info][gc,phases      ] GC(384) Adjust Roots 0.188ms
[381.129s][info][gc,phases,start] GC(384) Compaction Phase
[381.763s][info][gc,phases      ] GC(384) Compaction Phase 634.089ms
[381.763s][info][gc,phases,start] GC(384) Post Compact
[381.778s][info][gc,phases      ] GC(384) Post Compact 14.534ms
[381.778s][info][gc,heap        ] GC(384) PSYoungGen: 160768K(646144K)->160768K(646144K) Eden: 160768K(160768K)->160768K(160768K) From: 0K(485376K)->0K(485376K)
[381.778s][info][gc,heap        ] GC(384) ParOldGen: 10103807K(10103808K)->10103807K(10103808K)
[381.778s][info][gc,metaspace   ] GC(384) Metaspace: 6301K(6464K)->6301K(6464K) NonClass: 5768K(5824K)->5768K(5824K) Class: 533K(640K)->533K(640K)
[381.778s][info][gc             ] GC(384) Pause Full (Ergonomics) 10023M->10023M(10498M) 2986.495ms
[381.778s][info][gc,cpu         ] GC(384) User=22.95s Sys=0.00s Real=2.99s
[381.778s][info][gc,start       ] GC(385) Pause Full (Allocation Failure)
[381.778s][info][gc,phases,start] GC(385) Marking Phase
[384.094s][info][gc,phases      ] GC(385) Marking Phase 2315.526ms
[384.094s][info][gc,phases,start] GC(385) Summary Phase
[384.094s][info][gc,phases      ] GC(385) Summary Phase 0.100ms
[384.094s][info][gc,phases,start] GC(385) Adjust Roots
[384.094s][info][gc,phases      ] GC(385) Adjust Roots 0.426ms
[384.094s][info][gc,phases,start] GC(385) Compaction Phase
[386.633s][info][gc,phases      ] GC(385) Compaction Phase 2538.254ms
[386.633s][info][gc,phases,start] GC(385) Post Compact
[386.651s][info][gc,phases      ] GC(385) Post Compact 18.489ms
[386.651s][info][gc,heap        ] GC(385) PSYoungGen: 160768K(646144K)->160768K(646144K) Eden: 160768K(160768K)->160768K(160768K) From: 0K(485376K)->0K(485376K)
[386.651s][info][gc,heap        ] GC(385) ParOldGen: 10103807K(10103808K)->10103803K(10103808K)
[386.651s][info][gc,metaspace   ] GC(385) Metaspace: 6301K(6464K)->6300K(6464K) NonClass: 5768K(5824K)->5767K(5824K) Class: 533K(640K)->532K(640K)
[386.651s][info][gc             ] GC(385) Pause Full (Allocation Failure) 10023M->10023M(10498M) 4873.159ms
[386.651s][info][gc,cpu         ] GC(385) User=34.08s Sys=0.06s Real=4.87s
[386.652s][info][gc,start       ] GC(386) Pause Full (Ergonomics)
[386.653s][info][gc,phases,start] GC(386) Marking Phase
[389.184s][info][gc,phases      ] GC(386) Marking Phase 2531.383ms
[389.184s][info][gc,phases,start] GC(386) Summary Phase
[389.184s][info][gc,phases      ] GC(386) Summary Phase 0.152ms
[389.184s][info][gc,phases,start] GC(386) Adjust Roots
[389.185s][info][gc,phases      ] GC(386) Adjust Roots 0.345ms
[389.185s][info][gc,phases,start] GC(386) Compaction Phase
[389.837s][info][gc,phases      ] GC(386) Compaction Phase 652.817ms
[389.837s][info][gc,phases,start] GC(386) Post Compact
[389.854s][info][gc,phases      ] GC(386) Post Compact 16.545ms
[389.854s][info][gc,heap        ] GC(386) PSYoungGen: 160768K(646144K)->160768K(646144K) Eden: 160768K(160768K)->160768K(160768K) From: 0K(485376K)->0K(485376K)
[389.854s][info][gc,heap        ] GC(386) ParOldGen: 10103807K(10103808K)->10103807K(10103808K)
[389.854s][info][gc,metaspace   ] GC(386) Metaspace: 6300K(6464K)->6300K(6464K) NonClass: 5767K(5824K)->5767K(5824K) Class: 532K(640K)->532K(640K)
[389.854s][info][gc             ] GC(386) Pause Full (Ergonomics) 10023M->10023M(10498M) 3201.714ms
[389.854s][info][gc,cpu         ] GC(386) User=23.06s Sys=0.05s Real=3.20s
[389.855s][info][gc,start       ] GC(387) Pause Full (Ergonomics)
[389.855s][info][gc,phases,start] GC(387) Marking Phase
[392.201s][info][gc,phases      ] GC(387) Marking Phase 2346.021ms
[392.201s][info][gc,phases,start] GC(387) Summary Phase
[392.201s][info][gc,phases      ] GC(387) Summary Phase 0.118ms
[392.201s][info][gc,phases,start] GC(387) Adjust Roots
[392.201s][info][gc,phases      ] GC(387) Adjust Roots 0.246ms
[392.201s][info][gc,phases,start] GC(387) Compaction Phase
[392.843s][info][gc,phases      ] GC(387) Compaction Phase 641.422ms
[392.843s][info][gc,phases,start] GC(387) Post Compact
[392.857s][info][gc,phases      ] GC(387) Post Compact 13.977ms
[392.857s][info][gc,heap        ] GC(387) PSYoungGen: 160768K(646144K)->160768K(646144K) Eden: 160768K(160768K)->160768K(160768K) From: 0K(485376K)->0K(485376K)
[392.857s][info][gc,heap        ] GC(387) ParOldGen: 10103807K(10103808K)->10103807K(10103808K)
[392.857s][info][gc,metaspace   ] GC(387) Metaspace: 6300K(6464K)->6300K(6464K) NonClass: 5767K(5824K)->5767K(5824K) Class: 532K(640K)->532K(640K)
[392.857s][info][gc             ] GC(387) Pause Full (Ergonomics) 10023M->10023M(10498M) 3002.195ms
[392.857s][info][gc,cpu         ] GC(387) User=23.11s Sys=0.00s Real=3.00s
[392.857s][info][gc,start       ] GC(388) Pause Full (Allocation Failure)
[392.857s][info][gc,phases,start] GC(388) Marking Phase
[395.193s][info][gc,phases      ] GC(388) Marking Phase 2336.367ms
[395.193s][info][gc,phases,start] GC(388) Summary Phase
[395.194s][info][gc,phases      ] GC(388) Summary Phase 0.113ms
[395.194s][info][gc,phases,start] GC(388) Adjust Roots
[395.194s][info][gc,phases      ] GC(388) Adjust Roots 0.211ms
[395.194s][info][gc,phases,start] GC(388) Compaction Phase
[395.832s][info][gc,phases      ] GC(388) Compaction Phase 637.917ms
[395.832s][info][gc,phases,start] GC(388) Post Compact
[395.846s][info][gc,phases      ] GC(388) Post Compact 14.223ms
[395.846s][info][gc,heap        ] GC(388) PSYoungGen: 160768K(646144K)->160768K(646144K) Eden: 160768K(160768K)->160768K(160768K) From: 0K(485376K)->0K(485376K)
[395.846s][info][gc,heap        ] GC(388) ParOldGen: 10103807K(10103808K)->10103807K(10103808K)
[395.846s][info][gc,metaspace   ] GC(388) Metaspace: 6300K(6464K)->6300K(6464K) NonClass: 5767K(5824K)->5767K(5824K) Class: 532K(640K)->532K(640K)
[395.846s][info][gc             ] GC(388) Pause Full (Allocation Failure) 10023M->10023M(10498M) 2989.175ms
[395.846s][info][gc,cpu         ] GC(388) User=23.08s Sys=0.00s Real=2.99s
[395.847s][info][gc,start       ] GC(389) Pause Full (Ergonomics)
[395.847s][info][gc,phases,start] GC(389) Marking Phase
[398.156s][info][gc,phases      ] GC(389) Marking Phase 2309.445ms
[398.156s][info][gc,phases,start] GC(389) Summary Phase
[398.156s][info][gc,phases      ] GC(389) Summary Phase 0.097ms
[398.156s][info][gc,phases,start] GC(389) Adjust Roots
[398.157s][info][gc,phases      ] GC(389) Adjust Roots 0.259ms
[398.157s][info][gc,phases,start] GC(389) Compaction Phase
[400.700s][info][gc,phases      ] GC(389) Compaction Phase 2543.569ms
[400.700s][info][gc,phases,start] GC(389) Post Compact
[400.715s][info][gc,phases      ] GC(389) Post Compact 15.040ms
[400.715s][info][gc,heap        ] GC(389) PSYoungGen: 160768K(646144K)->160768K(646144K) Eden: 160768K(160768K)->160768K(160768K) From: 0K(485376K)->0K(485376K)
[400.715s][info][gc,heap        ] GC(389) ParOldGen: 10103808K(10103808K)->10103806K(10103808K)
[400.715s][info][gc,metaspace   ] GC(389) Metaspace: 6300K(6464K)->6300K(6464K) NonClass: 5767K(5824K)->5767K(5824K) Class: 532K(640K)->532K(640K)
[400.715s][info][gc             ] GC(389) Pause Full (Ergonomics) 10024M->10023M(10498M) 4868.794ms
[400.715s][info][gc,cpu         ] GC(389) User=36.77s Sys=0.03s Real=4.87s
[400.717s][info][gc,start       ] GC(390) Pause Full (Ergonomics)
[400.717s][info][gc,phases,start] GC(390) Marking Phase
[402.997s][info][gc,phases      ] GC(390) Marking Phase 2279.860ms
[402.997s][info][gc,phases,start] GC(390) Summary Phase
[402.997s][info][gc,phases      ] GC(390) Summary Phase 0.100ms
[402.997s][info][gc,phases,start] GC(390) Adjust Roots
[402.997s][info][gc,phases      ] GC(390) Adjust Roots 0.409ms
[402.997s][info][gc,phases,start] GC(390) Compaction Phase
[405.521s][info][gc,phases      ] GC(390) Compaction Phase 2523.258ms
[405.521s][info][gc,phases,start] GC(390) Post Compact
[405.536s][info][gc,phases      ] GC(390) Post Compact 15.043ms
[405.536s][info][gc,heap        ] GC(390) PSYoungGen: 160768K(646144K)->160768K(646144K) Eden: 160768K(160768K)->160768K(160768K) From: 0K(485376K)->0K(485376K)
[405.536s][info][gc,heap        ] GC(390) ParOldGen: 10103807K(10103808K)->10103804K(10103808K)
[405.536s][info][gc,metaspace   ] GC(390) Metaspace: 6301K(6464K)->6301K(6464K) NonClass: 5767K(5824K)->5767K(5824K) Class: 533K(640K)->533K(640K)
[405.536s][info][gc             ] GC(390) Pause Full (Ergonomics) 10023M->10023M(10498M) 4819.088ms
[405.536s][info][gc,cpu         ] GC(390) User=36.30s Sys=0.00s Real=4.82s
[405.536s][info][gc,heap,exit   ] Heap
[405.536s][info][gc,heap,exit   ]  PSYoungGen      total 646144K, used 160768K [0x00000006cbb00000, 0x0000000711c80000, 0x0000000800000000)
[405.537s][info][gc,heap,exit   ]   eden space 160768K, 100% used [0x00000006cbb00000,0x00000006d5800000,0x00000006d5800000)
[405.537s][info][gc,heap,exit   ]   from space 485376K, 0% used [0x00000006d5800000,0x00000006d5800000,0x00000006f3200000)
[405.537s][info][gc,heap,exit   ]   to   space 485376K, 0% used [0x00000006f4280000,0x00000006f4280000,0x0000000711c80000)
[405.537s][info][gc,heap,exit   ]  ParOldGen       total 10103808K, used 10103805K [0x0000000463000000, 0x00000006cbb00000, 0x00000006cbb00000)
[405.537s][info][gc,heap,exit   ]   object space 10103808K, 99% used [0x0000000463000000,0x00000006cbaff620,0x00000006cbb00000)
[405.537s][info][gc,heap,exit   ]  Metaspace       used 6304K, committed 6528K, reserved 1114112K
[405.537s][info][gc,heap,exit   ]   class space    used 534K, committed 640K, reserved 1048576K
