[0.012s][info][gc,init] CardTable entry size: 512
[0.012s][info][gc     ] Using Parallel
[0.013s][info][gc,init] Version: 18.0.1+10 (release)
[0.013s][info][gc,init] CPUs: 8 total, 8 available
[0.013s][info][gc,init] Memory: 16063M
[0.013s][info][gc,init] Large Page Support: Disabled
[0.013s][info][gc,init] NUMA Support: Disabled
[0.013s][info][gc,init] Compressed Oops: Enabled (Zero based)
[0.013s][info][gc,init] Alignments: Space 512K, Generation 512K, Heap 2M
[0.013s][info][gc,init] Heap Min Capacity: 2M
[0.013s][info][gc,init] Heap Initial Capacity: 2M
[0.013s][info][gc,init] Heap Max Capacity: 8500M
[0.013s][info][gc,init] Pre-touch: Disabled
[0.013s][info][gc,init] Parallel Workers: 8
[0.014s][info][gc,metaspace] CDS archive(s) not mapped
[0.014s][info][gc,metaspace] Compressed class space mapped at: 0x0000000800000000-0x0000000840000000, reserved size: 1073741824
[0.014s][info][gc,metaspace] Narrow klass base: 0x0000000800000000, Narrow klass shift: 0, Narrow klass range: 0x40000000
[0.105s][info][gc,start    ] GC(0) Pause Young (Allocation Failure)
[0.106s][info][gc,heap     ] GC(0) PSYoungGen: 512K(1024K)->480K(1024K) Eden: 512K(512K)->0K(512K) From: 0K(512K)->480K(512K)
[0.106s][info][gc,heap     ] GC(0) ParOldGen: 0K(512K)->8K(512K)
[0.106s][info][gc,metaspace] GC(0) Metaspace: 4230K(4352K)->4230K(4352K) NonClass: 3909K(3968K)->3909K(3968K) Class: 321K(384K)->321K(384K)
[0.106s][info][gc          ] GC(0) Pause Young (Allocation Failure) 0M->0M(1M) 1.352ms
[0.106s][info][gc,cpu      ] GC(0) User=0.00s Sys=0.00s Real=0.00s
[0.169s][info][gc,start    ] GC(1) Pause Young (Allocation Failure)
[0.170s][info][gc,heap     ] GC(1) PSYoungGen: 991K(1024K)->512K(1536K) Eden: 511K(512K)->0K(1024K) From: 480K(512K)->512K(512K)
[0.170s][info][gc,heap     ] GC(1) ParOldGen: 8K(512K)->88K(512K)
[0.170s][info][gc,metaspace] GC(1) Metaspace: 5881K(6016K)->5881K(6016K) NonClass: 5384K(5504K)->5384K(5504K) Class: 496K(512K)->496K(512K)
[0.170s][info][gc          ] GC(1) Pause Young (Allocation Failure) 0M->0M(2M) 0.883ms
[0.170s][info][gc,cpu      ] GC(1) User=0.00s Sys=0.00s Real=0.00s
[0.190s][info][gc,start    ] GC(2) Pause Young (Allocation Failure)
[0.191s][info][gc,heap     ] GC(2) PSYoungGen: 1536K(1536K)->512K(1536K) Eden: 1024K(1024K)->0K(1024K) From: 512K(512K)->512K(512K)
[0.192s][info][gc,heap     ] GC(2) ParOldGen: 88K(512K)->504K(512K)
[0.192s][info][gc,metaspace] GC(2) Metaspace: 6300K(6464K)->6300K(6464K) NonClass: 5767K(5824K)->5767K(5824K) Class: 533K(640K)->533K(640K)
[0.192s][info][gc          ] GC(2) Pause Young (Allocation Failure) 1M->0M(2M) 1.138ms
[0.192s][info][gc,cpu      ] GC(2) User=0.00s Sys=0.00s Real=0.00s
[0.192s][info][gc,start    ] GC(3) Pause Full (Ergonomics)
[0.192s][info][gc,phases,start] GC(3) Marking Phase
[0.193s][info][gc,phases      ] GC(3) Marking Phase 0.960ms
[0.193s][info][gc,phases,start] GC(3) Summary Phase
[0.193s][info][gc,phases      ] GC(3) Summary Phase 0.013ms
[0.193s][info][gc,phases,start] GC(3) Adjust Roots
[0.193s][info][gc,phases      ] GC(3) Adjust Roots 0.336ms
[0.193s][info][gc,phases,start] GC(3) Compaction Phase
[0.195s][info][gc,phases      ] GC(3) Compaction Phase 2.105ms
[0.195s][info][gc,phases,start] GC(3) Post Compact
[0.195s][info][gc,phases      ] GC(3) Post Compact 0.089ms
[0.195s][info][gc,heap        ] GC(3) PSYoungGen: 512K(1536K)->510K(1536K) Eden: 0K(1024K)->0K(1024K) From: 512K(512K)->510K(512K)
[0.195s][info][gc,heap        ] GC(3) ParOldGen: 504K(512K)->470K(2048K)
[0.195s][info][gc,metaspace   ] GC(3) Metaspace: 6300K(6464K)->6300K(6464K) NonClass: 5767K(5824K)->5767K(5824K) Class: 533K(640K)->533K(640K)
[0.195s][info][gc             ] GC(3) Pause Full (Ergonomics) 0M->0M(3M) 3.755ms
[0.195s][info][gc,cpu         ] GC(3) User=0.00s Sys=0.00s Real=0.00s
[0.197s][info][gc,start       ] GC(4) Pause Young (Allocation Failure)
[0.198s][info][gc,heap        ] GC(4) PSYoungGen: 1534K(1536K)->480K(2560K) Eden: 1024K(1024K)->0K(2048K) From: 510K(512K)->480K(512K)
[0.198s][info][gc,heap        ] GC(4) ParOldGen: 470K(2048K)->1030K(2048K)
[0.198s][info][gc,metaspace   ] GC(4) Metaspace: 6300K(6464K)->6300K(6464K) NonClass: 5767K(5824K)->5767K(5824K) Class: 533K(640K)->533K(640K)
[0.198s][info][gc             ] GC(4) Pause Young (Allocation Failure) 1M->1M(4M) 1.413ms
[0.198s][info][gc,cpu         ] GC(4) User=0.00s Sys=0.00s Real=0.00s
[0.201s][info][gc,start       ] GC(5) Pause Young (Allocation Failure)
[0.203s][info][gc,heap        ] GC(5) PSYoungGen: 2528K(2560K)->480K(2560K) Eden: 2048K(2048K)->0K(2048K) From: 480K(512K)->480K(512K)
[0.203s][info][gc,heap        ] GC(5) ParOldGen: 1030K(2048K)->2102K(2560K)
[0.203s][info][gc,metaspace   ] GC(5) Metaspace: 6300K(6464K)->6300K(6464K) NonClass: 5767K(5824K)->5767K(5824K) Class: 533K(640K)->533K(640K)
[0.203s][info][gc             ] GC(5) Pause Young (Allocation Failure) 3M->2M(5M) 1.755ms
[0.203s][info][gc,cpu         ] GC(5) User=0.00s Sys=0.00s Real=0.00s
[0.203s][info][gc,start       ] GC(6) Pause Full (Ergonomics)
[0.203s][info][gc,phases,start] GC(6) Marking Phase
[0.205s][info][gc,phases      ] GC(6) Marking Phase 1.554ms
[0.205s][info][gc,phases,start] GC(6) Summary Phase
[0.205s][info][gc,phases      ] GC(6) Summary Phase 0.020ms
[0.205s][info][gc,phases,start] GC(6) Adjust Roots
[0.205s][info][gc,phases      ] GC(6) Adjust Roots 0.324ms
[0.205s][info][gc,phases,start] GC(6) Compaction Phase
[0.208s][info][gc,phases      ] GC(6) Compaction Phase 2.351ms
[0.208s][info][gc,phases,start] GC(6) Post Compact
[0.208s][info][gc,phases      ] GC(6) Post Compact 0.034ms
[0.208s][info][gc,heap        ] GC(6) PSYoungGen: 480K(2560K)->0K(4096K) Eden: 0K(2048K)->0K(3072K) From: 480K(512K)->0K(1024K)
[0.208s][info][gc,heap        ] GC(6) ParOldGen: 2102K(2560K)->2542K(6144K)
[0.208s][info][gc,metaspace   ] GC(6) Metaspace: 6300K(6464K)->6300K(6464K) NonClass: 5767K(5824K)->5767K(5824K) Class: 533K(640K)->533K(640K)
[0.208s][info][gc             ] GC(6) Pause Full (Ergonomics) 2M->2M(10M) 4.801ms
[0.208s][info][gc,cpu         ] GC(6) User=0.00s Sys=0.00s Real=0.01s
[0.213s][info][gc,start       ] GC(7) Pause Young (Allocation Failure)
[0.214s][info][gc,heap        ] GC(7) PSYoungGen: 3072K(4096K)->1664K(5120K) Eden: 3072K(3072K)->0K(3072K) From: 0K(1024K)->1664K(2048K)
[0.214s][info][gc,heap        ] GC(7) ParOldGen: 2542K(6144K)->2542K(6144K)
[0.215s][info][gc,metaspace   ] GC(7) Metaspace: 6300K(6464K)->6300K(6464K) NonClass: 5767K(5824K)->5767K(5824K) Class: 533K(640K)->533K(640K)
[0.215s][info][gc             ] GC(7) Pause Young (Allocation Failure) 5M->4M(11M) 1.798ms
[0.215s][info][gc,cpu         ] GC(7) User=0.00s Sys=0.00s Real=0.00s
[0.219s][info][gc,start       ] GC(8) Pause Young (Allocation Failure)
[0.222s][info][gc,heap        ] GC(8) PSYoungGen: 4736K(5120K)->2016K(5632K) Eden: 3072K(3072K)->0K(3584K) From: 1664K(2048K)->2016K(2048K)
[0.222s][info][gc,heap        ] GC(8) ParOldGen: 2542K(6144K)->3774K(6144K)
[0.222s][info][gc,metaspace   ] GC(8) Metaspace: 6300K(6464K)->6300K(6464K) NonClass: 5767K(5824K)->5767K(5824K) Class: 533K(640K)->533K(640K)
[0.222s][info][gc             ] GC(8) Pause Young (Allocation Failure) 7M->5M(11M) 3.212ms
[0.222s][info][gc,cpu         ] GC(8) User=0.00s Sys=0.00s Real=0.00s
[0.229s][info][gc,start       ] GC(9) Pause Young (Allocation Failure)
[0.233s][info][gc,heap        ] GC(9) PSYoungGen: 5600K(5632K)->3040K(6656K) Eden: 3584K(3584K)->0K(3584K) From: 2016K(2048K)->3040K(3072K)
[0.233s][info][gc,heap        ] GC(9) ParOldGen: 3774K(6144K)->4606K(6144K)
[0.233s][info][gc,metaspace   ] GC(9) Metaspace: 6300K(6464K)->6300K(6464K) NonClass: 5767K(5824K)->5767K(5824K) Class: 533K(640K)->533K(640K)
[0.233s][info][gc             ] GC(9) Pause Young (Allocation Failure) 9M->7M(12M) 3.976ms
[0.233s][info][gc,cpu         ] GC(9) User=0.00s Sys=0.00s Real=0.00s
[0.238s][info][gc,start       ] GC(10) Pause Young (Allocation Failure)
[0.242s][info][gc,heap        ] GC(10) PSYoungGen: 6624K(6656K)->4064K(8704K) Eden: 3584K(3584K)->0K(4608K) From: 3040K(3072K)->4064K(4096K)
[0.242s][info][gc,heap        ] GC(10) ParOldGen: 4606K(6144K)->5446K(6144K)
[0.242s][info][gc,metaspace   ] GC(10) Metaspace: 6300K(6464K)->6300K(6464K) NonClass: 5767K(5824K)->5767K(5824K) Class: 533K(640K)->533K(640K)
[0.242s][info][gc             ] GC(10) Pause Young (Allocation Failure) 10M->9M(14M) 4.530ms
[0.242s][info][gc,cpu         ] GC(10) User=0.00s Sys=0.00s Real=0.00s
[0.242s][info][gc,start       ] GC(11) Pause Full (Ergonomics)
[0.242s][info][gc,phases,start] GC(11) Marking Phase
[0.247s][info][gc,phases      ] GC(11) Marking Phase 4.752ms
[0.247s][info][gc,phases,start] GC(11) Summary Phase
[0.247s][info][gc,phases      ] GC(11) Summary Phase 0.033ms
[0.247s][info][gc,phases,start] GC(11) Adjust Roots
[0.248s][info][gc,phases      ] GC(11) Adjust Roots 0.367ms
[0.248s][info][gc,phases,start] GC(11) Compaction Phase
[0.256s][info][gc,phases      ] GC(11) Compaction Phase 7.959ms
[0.256s][info][gc,phases,start] GC(11) Post Compact
[0.256s][info][gc,phases      ] GC(11) Post Compact 0.051ms
[0.256s][info][gc,heap        ] GC(11) PSYoungGen: 4064K(8704K)->3545K(8704K) Eden: 0K(4608K)->0K(4608K) From: 4064K(4096K)->3545K(4096K)
[0.256s][info][gc,heap        ] GC(11) ParOldGen: 5446K(6144K)->5831K(10752K)
[0.256s][info][gc,metaspace   ] GC(11) Metaspace: 6300K(6464K)->6300K(6464K) NonClass: 5767K(5824K)->5767K(5824K) Class: 533K(640K)->533K(640K)
[0.256s][info][gc             ] GC(11) Pause Full (Ergonomics) 9M->9M(19M) 13.498ms
[0.256s][info][gc,cpu         ] GC(11) User=0.03s Sys=0.00s Real=0.01s
[0.261s][info][gc,start       ] GC(12) Pause Young (Allocation Failure)
[0.265s][info][gc,heap        ] GC(12) PSYoungGen: 8013K(8704K)->5088K(9728K) Eden: 4468K(4608K)->0K(4608K) From: 3545K(4096K)->5088K(5120K)
[0.265s][info][gc,heap        ] GC(12) ParOldGen: 5831K(10752K)->6615K(10752K)
[0.265s][info][gc,metaspace   ] GC(12) Metaspace: 6300K(6464K)->6300K(6464K) NonClass: 5767K(5824K)->5767K(5824K) Class: 533K(640K)->533K(640K)
[0.265s][info][gc             ] GC(12) Pause Young (Allocation Failure) 13M->11M(20M) 4.263ms
[0.265s][info][gc,cpu         ] GC(12) User=0.00s Sys=0.00s Real=0.00s
[0.271s][info][gc,start       ] GC(13) Pause Young (Allocation Failure)
[0.277s][info][gc,heap        ] GC(13) PSYoungGen: 9696K(9728K)->6112K(11264K) Eden: 4608K(4608K)->0K(5120K) From: 5088K(5120K)->6112K(6144K)
[0.277s][info][gc,heap        ] GC(13) ParOldGen: 6615K(10752K)->7983K(10752K)
[0.277s][info][gc,metaspace   ] GC(13) Metaspace: 6300K(6464K)->6300K(6464K) NonClass: 5767K(5824K)->5767K(5824K) Class: 533K(640K)->533K(640K)
[0.277s][info][gc             ] GC(13) Pause Young (Allocation Failure) 15M->13M(21M) 6.227ms
[0.277s][info][gc,cpu         ] GC(13) User=0.00s Sys=0.00s Real=0.01s
[0.281s][info][gc,start       ] GC(14) Pause Young (Allocation Failure)
[0.287s][info][gc,heap        ] GC(14) PSYoungGen: 11232K(11264K)->5216K(12800K) Eden: 5120K(5120K)->0K(5120K) From: 6112K(6144K)->5216K(7680K)
[0.287s][info][gc,heap        ] GC(14) ParOldGen: 7983K(10752K)->11575K(11776K)
[0.287s][info][gc,metaspace   ] GC(14) Metaspace: 6302K(6464K)->6302K(6464K) NonClass: 5769K(5824K)->5769K(5824K) Class: 533K(640K)->533K(640K)
[0.287s][info][gc             ] GC(14) Pause Young (Allocation Failure) 18M->16M(24M) 5.813ms
[0.287s][info][gc,cpu         ] GC(14) User=0.00s Sys=0.00s Real=0.01s
[0.287s][info][gc,start       ] GC(15) Pause Full (Ergonomics)
[0.287s][info][gc,phases,start] GC(15) Marking Phase
[0.295s][info][gc,phases      ] GC(15) Marking Phase 7.870ms
[0.295s][info][gc,phases,start] GC(15) Summary Phase
[0.295s][info][gc,phases      ] GC(15) Summary Phase 0.016ms
[0.295s][info][gc,phases,start] GC(15) Adjust Roots
[0.296s][info][gc,phases      ] GC(15) Adjust Roots 0.214ms
[0.296s][info][gc,phases,start] GC(15) Compaction Phase
[0.302s][info][gc,phases      ] GC(15) Compaction Phase 6.504ms
[0.302s][info][gc,phases,start] GC(15) Post Compact
[0.302s][info][gc,phases      ] GC(15) Post Compact 0.065ms
[0.302s][info][gc,heap        ] GC(15) PSYoungGen: 5216K(12800K)->5192K(12800K) Eden: 0K(5120K)->0K(5120K) From: 5216K(7680K)->5192K(7680K)
[0.302s][info][gc,heap        ] GC(15) ParOldGen: 11575K(11776K)->11458K(18432K)
[0.302s][info][gc,metaspace   ] GC(15) Metaspace: 6302K(6464K)->6302K(6464K) NonClass: 5769K(5824K)->5769K(5824K) Class: 533K(640K)->533K(640K)
[0.302s][info][gc             ] GC(15) Pause Full (Ergonomics) 16M->16M(30M) 14.986ms
[0.302s][info][gc,cpu         ] GC(15) User=0.02s Sys=0.00s Real=0.01s
[0.305s][info][gc,start       ] GC(16) Pause Young (Allocation Failure)
[0.311s][info][gc,heap        ] GC(16) PSYoungGen: 10312K(12800K)->2688K(14336K) Eden: 5120K(5120K)->0K(7168K) From: 5192K(7680K)->2688K(7168K)
[0.311s][info][gc,heap        ] GC(16) ParOldGen: 11458K(18432K)->16730K(18432K)
[0.311s][info][gc,metaspace   ] GC(16) Metaspace: 6302K(6464K)->6302K(6464K) NonClass: 5769K(5824K)->5769K(5824K) Class: 533K(640K)->533K(640K)
[0.311s][info][gc             ] GC(16) Pause Young (Allocation Failure) 21M->18M(32M) 5.892ms
[0.311s][info][gc,cpu         ] GC(16) User=0.00s Sys=0.00s Real=0.01s
[0.311s][info][gc,start       ] GC(17) Pause Full (Ergonomics)
[0.311s][info][gc,phases,start] GC(17) Marking Phase
[0.319s][info][gc,phases      ] GC(17) Marking Phase 7.829ms
[0.319s][info][gc,phases,start] GC(17) Summary Phase
[0.319s][info][gc,phases      ] GC(17) Summary Phase 0.014ms
[0.319s][info][gc,phases,start] GC(17) Adjust Roots
[0.320s][info][gc,phases      ] GC(17) Adjust Roots 0.209ms
[0.320s][info][gc,phases,start] GC(17) Compaction Phase
[0.325s][info][gc,phases      ] GC(17) Compaction Phase 5.484ms
[0.325s][info][gc,phases,start] GC(17) Post Compact
[0.325s][info][gc,phases      ] GC(17) Post Compact 0.079ms
[0.325s][info][gc,heap        ] GC(17) PSYoungGen: 2688K(14336K)->1105K(14848K) Eden: 0K(7168K)->0K(7680K) From: 2688K(7168K)->1105K(7168K)
[0.325s][info][gc,heap        ] GC(17) ParOldGen: 16730K(18432K)->18183K(27648K)
[0.325s][info][gc,metaspace   ] GC(17) Metaspace: 6302K(6464K)->6302K(6464K) NonClass: 5769K(5824K)->5769K(5824K) Class: 533K(640K)->533K(640K)
[0.325s][info][gc             ] GC(17) Pause Full (Ergonomics) 18M->18M(41M) 13.921ms
[0.325s][info][gc,cpu         ] GC(17) User=0.00s Sys=0.00s Real=0.01s
[0.330s][info][gc,start       ] GC(18) Pause Young (Allocation Failure)
[0.335s][info][gc,heap        ] GC(18) PSYoungGen: 7799K(14848K)->3424K(15360K) Eden: 6694K(7680K)->0K(7680K) From: 1105K(7168K)->3424K(7680K)
[0.335s][info][gc,heap        ] GC(18) ParOldGen: 18183K(27648K)->19319K(27648K)
[0.335s][info][gc,metaspace   ] GC(18) Metaspace: 6302K(6464K)->6302K(6464K) NonClass: 5769K(5824K)->5769K(5824K) Class: 533K(640K)->533K(640K)
[0.335s][info][gc             ] GC(18) Pause Young (Allocation Failure) 25M->22M(42M) 4.484ms
[0.335s][info][gc,cpu         ] GC(18) User=0.00s Sys=0.00s Real=0.00s
[0.342s][info][gc,start       ] GC(19) Pause Young (Allocation Failure)
[0.349s][info][gc,heap        ] GC(19) PSYoungGen: 11103K(15360K)->4480K(17920K) Eden: 7679K(7680K)->0K(10240K) From: 3424K(7680K)->4480K(7680K)
[0.349s][info][gc,heap        ] GC(19) ParOldGen: 19319K(27648K)->22767K(27648K)
[0.349s][info][gc,metaspace   ] GC(19) Metaspace: 6302K(6464K)->6302K(6464K) NonClass: 5769K(5824K)->5769K(5824K) Class: 533K(640K)->533K(640K)
[0.349s][info][gc             ] GC(19) Pause Young (Allocation Failure) 29M->26M(44M) 7.221ms
[0.349s][info][gc,cpu         ] GC(19) User=0.02s Sys=0.00s Real=0.01s
[0.355s][info][gc,start       ] GC(20) Pause Young (Allocation Failure)
[0.362s][info][gc,heap        ] GC(20) PSYoungGen: 14720K(17920K)->5312K(17920K) Eden: 10240K(10240K)->0K(10240K) From: 4480K(7680K)->5312K(7680K)
[0.362s][info][gc,heap        ] GC(20) ParOldGen: 22767K(27648K)->27287K(27648K)
[0.362s][info][gc,metaspace   ] GC(20) Metaspace: 6302K(6464K)->6302K(6464K) NonClass: 5769K(5824K)->5769K(5824K) Class: 533K(640K)->533K(640K)
[0.362s][info][gc             ] GC(20) Pause Young (Allocation Failure) 36M->31M(44M) 6.614ms
[0.362s][info][gc,cpu         ] GC(20) User=0.02s Sys=0.00s Real=0.01s
[0.362s][info][gc,start       ] GC(21) Pause Full (Ergonomics)
[0.362s][info][gc,phases,start] GC(21) Marking Phase
[0.374s][info][gc,phases      ] GC(21) Marking Phase 12.501ms
[0.374s][info][gc,phases,start] GC(21) Summary Phase
[0.375s][info][gc,phases      ] GC(21) Summary Phase 0.019ms
[0.375s][info][gc,phases,start] GC(21) Adjust Roots
[0.375s][info][gc,phases      ] GC(21) Adjust Roots 0.178ms
[0.375s][info][gc,phases,start] GC(21) Compaction Phase
[0.387s][info][gc,phases      ] GC(21) Compaction Phase 12.697ms
[0.387s][info][gc,phases,start] GC(21) Post Compact
[0.388s][info][gc,phases      ] GC(21) Post Compact 0.106ms
[0.388s][info][gc,heap        ] GC(21) PSYoungGen: 5312K(17920K)->4779K(17920K) Eden: 0K(10240K)->0K(10240K) From: 5312K(7680K)->4779K(7680K)
[0.388s][info][gc,heap        ] GC(21) ParOldGen: 27287K(27648K)->27140K(38912K)
[0.388s][info][gc,metaspace   ] GC(21) Metaspace: 6302K(6464K)->6302K(6464K) NonClass: 5769K(5824K)->5769K(5824K) Class: 533K(640K)->533K(640K)
[0.388s][info][gc             ] GC(21) Pause Full (Ergonomics) 31M->31M(55M) 26.030ms
[0.388s][info][gc,cpu         ] GC(21) User=0.00s Sys=0.00s Real=0.03s
[0.397s][info][gc,start       ] GC(22) Pause Young (Allocation Failure)
[0.409s][info][gc,heap        ] GC(22) PSYoungGen: 15019K(17920K)->7680K(16896K) Eden: 10240K(10240K)->0K(9216K) From: 4779K(7680K)->7680K(7680K)
[0.409s][info][gc,heap        ] GC(22) ParOldGen: 27140K(38912K)->33476K(38912K)
[0.409s][info][gc,metaspace   ] GC(22) Metaspace: 6302K(6464K)->6302K(6464K) NonClass: 5769K(5824K)->5769K(5824K) Class: 533K(640K)->533K(640K)
[0.409s][info][gc             ] GC(22) Pause Young (Allocation Failure) 41M->40M(54M) 12.091ms
[0.409s][info][gc,cpu         ] GC(22) User=0.00s Sys=0.00s Real=0.01s
[0.409s][info][gc,start       ] GC(23) Pause Full (Ergonomics)
[0.409s][info][gc,phases,start] GC(23) Marking Phase
[0.427s][info][gc,phases      ] GC(23) Marking Phase 17.246ms
[0.427s][info][gc,phases,start] GC(23) Summary Phase
[0.427s][info][gc,phases      ] GC(23) Summary Phase 0.019ms
[0.427s][info][gc,phases,start] GC(23) Adjust Roots
[0.427s][info][gc,phases      ] GC(23) Adjust Roots 0.163ms
[0.427s][info][gc,phases,start] GC(23) Compaction Phase
[0.437s][info][gc,phases      ] GC(23) Compaction Phase 10.186ms
[0.437s][info][gc,phases,start] GC(23) Post Compact
[0.437s][info][gc,phases      ] GC(23) Post Compact 0.197ms
[0.437s][info][gc,heap        ] GC(23) PSYoungGen: 7680K(16896K)->2555K(16896K) Eden: 0K(9216K)->0K(9216K) From: 7680K(7680K)->2555K(7680K)
[0.437s][info][gc,heap        ] GC(23) ParOldGen: 33476K(38912K)->38478K(52736K)
[0.437s][info][gc,metaspace   ] GC(23) Metaspace: 6302K(6464K)->6302K(6464K) NonClass: 5769K(5824K)->5769K(5824K) Class: 533K(640K)->533K(640K)
[0.437s][info][gc             ] GC(23) Pause Full (Ergonomics) 40M->40M(68M) 28.183ms
[0.437s][info][gc,cpu         ] GC(23) User=0.03s Sys=0.00s Real=0.03s
[0.451s][info][gc,start       ] GC(24) Pause Young (Allocation Failure)
[0.463s][info][gc,heap        ] GC(24) PSYoungGen: 11771K(16896K)->9248K(20480K) Eden: 9216K(9216K)->0K(9216K) From: 2555K(7680K)->9248K(11264K)
[0.463s][info][gc,heap        ] GC(24) ParOldGen: 38478K(52736K)->41086K(52736K)
[0.463s][info][gc,metaspace   ] GC(24) Metaspace: 6302K(6464K)->6302K(6464K) NonClass: 5769K(5824K)->5769K(5824K) Class: 533K(640K)->533K(640K)
[0.463s][info][gc             ] GC(24) Pause Young (Allocation Failure) 49M->49M(71M) 12.235ms
[0.463s][info][gc,cpu         ] GC(24) User=0.02s Sys=0.00s Real=0.01s
[0.473s][info][gc,start       ] GC(25) Pause Young (Allocation Failure)
[0.485s][info][gc,heap        ] GC(25) PSYoungGen: 18464K(20480K)->12256K(18944K) Eden: 9216K(9216K)->0K(6656K) From: 9248K(11264K)->12256K(12288K)
[0.485s][info][gc,heap        ] GC(25) ParOldGen: 41086K(52736K)->47334K(52736K)
[0.485s][info][gc,metaspace   ] GC(25) Metaspace: 6302K(6464K)->6302K(6464K) NonClass: 5769K(5824K)->5769K(5824K) Class: 533K(640K)->533K(640K)
[0.485s][info][gc             ] GC(25) Pause Young (Allocation Failure) 58M->58M(70M) 12.086ms
[0.485s][info][gc,cpu         ] GC(25) User=0.00s Sys=0.00s Real=0.01s
[0.485s][info][gc,start       ] GC(26) Pause Full (Ergonomics)
[0.485s][info][gc,phases,start] GC(26) Marking Phase
[0.508s][info][gc,phases      ] GC(26) Marking Phase 23.319ms
[0.508s][info][gc,phases,start] GC(26) Summary Phase
[0.509s][info][gc,phases      ] GC(26) Summary Phase 0.014ms
[0.509s][info][gc,phases,start] GC(26) Adjust Roots
[0.509s][info][gc,phases      ] GC(26) Adjust Roots 0.209ms
[0.509s][info][gc,phases,start] GC(26) Compaction Phase
[0.527s][info][gc,phases      ] GC(26) Compaction Phase 18.702ms
[0.528s][info][gc,phases,start] GC(26) Post Compact
[0.528s][info][gc,phases      ] GC(26) Post Compact 0.261ms
[0.528s][info][gc,heap        ] GC(26) PSYoungGen: 12256K(18944K)->6100K(18944K) Eden: 0K(6656K)->0K(6656K) From: 12256K(12288K)->6100K(12288K)
[0.528s][info][gc,heap        ] GC(26) ParOldGen: 47334K(52736K)->52283K(69120K)
[0.528s][info][gc,metaspace   ] GC(26) Metaspace: 6302K(6464K)->6302K(6464K) NonClass: 5769K(5824K)->5769K(5824K) Class: 533K(640K)->533K(640K)
[0.528s][info][gc             ] GC(26) Pause Full (Ergonomics) 58M->57M(86M) 42.957ms
[0.528s][info][gc,cpu         ] GC(26) User=0.03s Sys=0.00s Real=0.04s
[0.535s][info][gc,start       ] GC(27) Pause Young (Allocation Failure)
[0.548s][info][gc,heap        ] GC(27) PSYoungGen: 12756K(18944K)->6656K(23552K) Eden: 6656K(6656K)->0K(6656K) From: 6100K(12288K)->6656K(16896K)
[0.548s][info][gc,heap        ] GC(27) ParOldGen: 52283K(69120K)->58491K(69120K)
[0.548s][info][gc,metaspace   ] GC(27) Metaspace: 6302K(6464K)->6302K(6464K) NonClass: 5769K(5824K)->5769K(5824K) Class: 533K(640K)->533K(640K)
[0.548s][info][gc             ] GC(27) Pause Young (Allocation Failure) 63M->63M(90M) 12.563ms
[0.548s][info][gc,cpu         ] GC(27) User=0.00s Sys=0.00s Real=0.01s
[0.554s][info][gc,start       ] GC(28) Pause Young (Allocation Failure)
[0.563s][info][gc,heap        ] GC(28) PSYoungGen: 13312K(23552K)->13312K(22528K) Eden: 6656K(6656K)->0K(6656K) From: 6656K(16896K)->13312K(15872K)
[0.563s][info][gc,heap        ] GC(28) ParOldGen: 58491K(69120K)->58491K(69120K)
[0.563s][info][gc,metaspace   ] GC(28) Metaspace: 6302K(6464K)->6302K(6464K) NonClass: 5769K(5824K)->5769K(5824K) Class: 533K(640K)->533K(640K)
[0.563s][info][gc             ] GC(28) Pause Young (Allocation Failure) 70M->70M(89M) 9.200ms
[0.563s][info][gc,cpu         ] GC(28) User=0.00s Sys=0.00s Real=0.01s
[0.570s][info][gc,start       ] GC(29) Pause Young (Allocation Failure)
[0.582s][info][gc,heap        ] GC(29) PSYoungGen: 19968K(22528K)->13312K(24064K) Eden: 6656K(6656K)->0K(6656K) From: 13312K(15872K)->13312K(17408K)
[0.582s][info][gc,heap        ] GC(29) ParOldGen: 58491K(69120K)->65227K(69120K)
[0.582s][info][gc,metaspace   ] GC(29) Metaspace: 6302K(6464K)->6302K(6464K) NonClass: 5769K(5824K)->5769K(5824K) Class: 533K(640K)->533K(640K)
[0.582s][info][gc             ] GC(29) Pause Young (Allocation Failure) 76M->76M(91M) 12.427ms
[0.582s][info][gc,cpu         ] GC(29) User=0.00s Sys=0.00s Real=0.01s
[0.582s][info][gc,start       ] GC(30) Pause Full (Ergonomics)
[0.582s][info][gc,phases,start] GC(30) Marking Phase
[0.613s][info][gc,phases      ] GC(30) Marking Phase 30.989ms
[0.613s][info][gc,phases,start] GC(30) Summary Phase
[0.613s][info][gc,phases      ] GC(30) Summary Phase 0.015ms
[0.613s][info][gc,phases,start] GC(30) Adjust Roots
[0.614s][info][gc,phases      ] GC(30) Adjust Roots 0.208ms
[0.614s][info][gc,phases,start] GC(30) Compaction Phase
[0.632s][info][gc,phases      ] GC(30) Compaction Phase 18.346ms
[0.632s][info][gc,phases,start] GC(30) Post Compact
[0.632s][info][gc,phases      ] GC(30) Post Compact 0.348ms
[0.633s][info][gc,heap        ] GC(30) PSYoungGen: 13312K(24064K)->9163K(24064K) Eden: 0K(6656K)->0K(6656K) From: 13312K(17408K)->9163K(17408K)
[0.633s][info][gc,heap        ] GC(30) ParOldGen: 65227K(69120K)->69097K(89088K)
[0.633s][info][gc,metaspace   ] GC(30) Metaspace: 6302K(6464K)->6302K(6464K) NonClass: 5769K(5824K)->5769K(5824K) Class: 533K(640K)->533K(640K)
[0.633s][info][gc             ] GC(30) Pause Full (Ergonomics) 76M->76M(110M) 50.315ms
[0.633s][info][gc,cpu         ] GC(30) User=0.08s Sys=0.00s Real=0.05s
[0.642s][info][gc,start       ] GC(31) Pause Young (Allocation Failure)
[0.656s][info][gc,heap        ] GC(31) PSYoungGen: 15819K(24064K)->11264K(26624K) Eden: 6656K(6656K)->0K(8192K) From: 9163K(17408K)->11264K(18432K)
[0.656s][info][gc,heap        ] GC(31) ParOldGen: 69097K(89088K)->73761K(89088K)
[0.656s][info][gc,metaspace   ] GC(31) Metaspace: 6302K(6464K)->6302K(6464K) NonClass: 5769K(5824K)->5769K(5824K) Class: 533K(640K)->533K(640K)
[0.656s][info][gc             ] GC(31) Pause Young (Allocation Failure) 82M->83M(113M) 14.644ms
[0.656s][info][gc,cpu         ] GC(31) User=0.02s Sys=0.00s Real=0.02s
[0.671s][info][gc,start       ] GC(32) Pause Young (Allocation Failure)
[0.684s][info][gc,heap        ] GC(32) PSYoungGen: 19456K(26624K)->18912K(27136K) Eden: 8192K(8192K)->0K(8192K) From: 11264K(18432K)->18912K(18944K)
[0.684s][info][gc,heap        ] GC(32) ParOldGen: 73761K(89088K)->74281K(89088K)
[0.684s][info][gc,metaspace   ] GC(32) Metaspace: 6302K(6464K)->6302K(6464K) NonClass: 5769K(5824K)->5769K(5824K) Class: 533K(640K)->533K(640K)
[0.684s][info][gc             ] GC(32) Pause Young (Allocation Failure) 91M->91M(113M) 12.359ms
[0.684s][info][gc,cpu         ] GC(32) User=0.00s Sys=0.00s Real=0.01s
[0.690s][info][gc,start       ] GC(33) Pause Young (Allocation Failure)
[0.706s][info][gc,heap        ] GC(33) PSYoungGen: 27104K(27136K)->16224K(30720K) Eden: 8192K(8192K)->0K(8704K) From: 18912K(18944K)->16224K(22016K)
[0.706s][info][gc,heap        ] GC(33) ParOldGen: 74281K(89088K)->85353K(89088K)
[0.706s][info][gc,metaspace   ] GC(33) Metaspace: 6302K(6464K)->6302K(6464K) NonClass: 5769K(5824K)->5769K(5824K) Class: 533K(640K)->533K(640K)
[0.706s][info][gc             ] GC(33) Pause Young (Allocation Failure) 99M->99M(117M) 15.388ms
[0.706s][info][gc,cpu         ] GC(33) User=0.00s Sys=0.00s Real=0.02s
[0.706s][info][gc,start       ] GC(34) Pause Full (Ergonomics)
[0.706s][info][gc,phases,start] GC(34) Marking Phase
[0.743s][info][gc,phases      ] GC(34) Marking Phase 37.618ms
[0.743s][info][gc,phases,start] GC(34) Summary Phase
[0.744s][info][gc,phases      ] GC(34) Summary Phase 0.020ms
[0.744s][info][gc,phases,start] GC(34) Adjust Roots
[0.744s][info][gc,phases      ] GC(34) Adjust Roots 0.159ms
[0.744s][info][gc,phases,start] GC(34) Compaction Phase
[0.773s][info][gc,phases      ] GC(34) Compaction Phase 29.009ms
[0.773s][info][gc,phases,start] GC(34) Post Compact
[0.773s][info][gc,phases      ] GC(34) Post Compact 0.542ms
[0.774s][info][gc,heap        ] GC(34) PSYoungGen: 16224K(30720K)->10523K(30720K) Eden: 0K(8704K)->0K(8704K) From: 16224K(22016K)->10523K(22016K)
[0.774s][info][gc,heap        ] GC(34) ParOldGen: 85353K(89088K)->88650K(112128K)
[0.774s][info][gc,metaspace   ] GC(34) Metaspace: 6302K(6464K)->6302K(6464K) NonClass: 5769K(5824K)->5769K(5824K) Class: 533K(640K)->533K(640K)
[0.774s][info][gc             ] GC(34) Pause Full (Ergonomics) 99M->96M(139M) 67.876ms
[0.774s][info][gc,cpu         ] GC(34) User=0.08s Sys=0.00s Real=0.07s
[0.781s][info][gc,start       ] GC(35) Pause Young (Allocation Failure)
[0.800s][info][gc,heap        ] GC(35) PSYoungGen: 19227K(30720K)->16096K(32256K) Eden: 8704K(8704K)->0K(8704K) From: 10523K(22016K)->16096K(23552K)
[0.800s][info][gc,heap        ] GC(35) ParOldGen: 88650K(112128K)->91882K(112128K)
[0.800s][info][gc,metaspace   ] GC(35) Metaspace: 6302K(6464K)->6302K(6464K) NonClass: 5769K(5824K)->5769K(5824K) Class: 533K(640K)->533K(640K)
[0.800s][info][gc             ] GC(35) Pause Young (Allocation Failure) 105M->105M(141M) 18.689ms
[0.800s][info][gc,cpu         ] GC(35) User=0.05s Sys=0.00s Real=0.02s
[0.808s][info][gc,start       ] GC(36) Pause Young (Allocation Failure)
[0.825s][info][gc,heap        ] GC(36) PSYoungGen: 24800K(32256K)->24576K(31232K) Eden: 8704K(8704K)->0K(6656K) From: 16096K(23552K)->24576K(24576K)
[0.825s][info][gc,heap        ] GC(36) ParOldGen: 91882K(112128K)->92074K(112128K)
[0.825s][info][gc,metaspace   ] GC(36) Metaspace: 6302K(6464K)->6302K(6464K) NonClass: 5769K(5824K)->5769K(5824K) Class: 533K(640K)->533K(640K)
[0.825s][info][gc             ] GC(36) Pause Young (Allocation Failure) 113M->113M(140M) 16.282ms
[0.825s][info][gc,cpu         ] GC(36) User=0.00s Sys=0.00s Real=0.02s
[0.831s][info][gc,start       ] GC(37) Pause Young (Allocation Failure)
[0.849s][info][gc,heap        ] GC(37) PSYoungGen: 31232K(31232K)->15296K(34816K) Eden: 6656K(6656K)->0K(6656K) From: 24576K(24576K)->15296K(28160K)
[0.849s][info][gc,heap        ] GC(37) ParOldGen: 92074K(112128K)->108282K(112128K)
[0.849s][info][gc,metaspace   ] GC(37) Metaspace: 6302K(6464K)->6302K(6464K) NonClass: 5769K(5824K)->5769K(5824K) Class: 533K(640K)->533K(640K)
[0.849s][info][gc             ] GC(37) Pause Young (Allocation Failure) 120M->120M(143M) 17.458ms
[0.849s][info][gc,cpu         ] GC(37) User=0.05s Sys=0.00s Real=0.02s
[0.849s][info][gc,start       ] GC(38) Pause Full (Ergonomics)
[0.849s][info][gc,phases,start] GC(38) Marking Phase
[0.883s][info][gc,phases      ] GC(38) Marking Phase 33.883ms
[0.883s][info][gc,phases,start] GC(38) Summary Phase
[0.883s][info][gc,phases      ] GC(38) Summary Phase 0.017ms
[0.883s][info][gc,phases,start] GC(38) Adjust Roots
[0.883s][info][gc,phases      ] GC(38) Adjust Roots 0.149ms
[0.883s][info][gc,phases,start] GC(38) Compaction Phase
[0.904s][info][gc,phases      ] GC(38) Compaction Phase 20.966ms
[0.904s][info][gc,phases,start] GC(38) Post Compact
[0.905s][info][gc,phases      ] GC(38) Post Compact 0.783ms
[0.905s][info][gc,heap        ] GC(38) PSYoungGen: 15296K(34816K)->11105K(34816K) Eden: 0K(6656K)->0K(6656K) From: 15296K(28160K)->11105K(28160K)
[0.905s][info][gc,heap        ] GC(38) ParOldGen: 108282K(112128K)->112038K(140800K)
[0.905s][info][gc,metaspace   ] GC(38) Metaspace: 6302K(6464K)->6302K(6464K) NonClass: 5769K(5824K)->5769K(5824K) Class: 533K(640K)->533K(640K)
[0.905s][info][gc             ] GC(38) Pause Full (Ergonomics) 120M->120M(171M) 56.372ms
[0.905s][info][gc,cpu         ] GC(38) User=0.11s Sys=0.00s Real=0.06s
[0.912s][info][gc,start       ] GC(39) Pause Young (Allocation Failure)
[0.931s][info][gc,heap        ] GC(39) PSYoungGen: 17761K(34816K)->6688K(35328K) Eden: 6656K(6656K)->0K(8192K) From: 11105K(28160K)->6688K(27136K)
[0.931s][info][gc,heap        ] GC(39) ParOldGen: 112038K(140800K)->123342K(140800K)
[0.931s][info][gc,metaspace   ] GC(39) Metaspace: 6302K(6464K)->6302K(6464K) NonClass: 5769K(5824K)->5769K(5824K) Class: 533K(640K)->533K(640K)
[0.931s][info][gc             ] GC(39) Pause Young (Allocation Failure) 126M->126M(172M) 18.979ms
[0.931s][info][gc,cpu         ] GC(39) User=0.03s Sys=0.00s Real=0.02s
[0.940s][info][gc,start       ] GC(40) Pause Young (Allocation Failure)
[0.950s][info][gc,heap        ] GC(40) PSYoungGen: 14880K(35328K)->8224K(35840K) Eden: 8192K(8192K)->0K(8192K) From: 6688K(27136K)->8224K(27648K)
[0.950s][info][gc,heap        ] GC(40) ParOldGen: 123342K(140800K)->130086K(140800K)
[0.950s][info][gc,metaspace   ] GC(40) Metaspace: 6302K(6464K)->6302K(6464K) NonClass: 5769K(5824K)->5769K(5824K) Class: 533K(640K)->533K(640K)
[0.950s][info][gc             ] GC(40) Pause Young (Allocation Failure) 134M->135M(172M) 10.405ms
[0.950s][info][gc,cpu         ] GC(40) User=0.00s Sys=0.00s Real=0.01s
[0.950s][info][gc,start       ] GC(41) Pause Full (Ergonomics)
[0.950s][info][gc,phases,start] GC(41) Marking Phase
[0.991s][info][gc,phases      ] GC(41) Marking Phase 41.091ms
[0.992s][info][gc,phases,start] GC(41) Summary Phase
[0.992s][info][gc,phases      ] GC(41) Summary Phase 0.023ms
[0.992s][info][gc,phases,start] GC(41) Adjust Roots
[0.992s][info][gc,phases      ] GC(41) Adjust Roots 0.228ms
[0.992s][info][gc,phases,start] GC(41) Compaction Phase
[1.012s][info][gc,phases      ] GC(41) Compaction Phase 20.504ms
[1.012s][info][gc,phases,start] GC(41) Post Compact
[1.013s][info][gc,phases      ] GC(41) Post Compact 0.785ms
[1.013s][info][gc,heap        ] GC(41) PSYoungGen: 8224K(35840K)->0K(36352K) Eden: 0K(8192K)->0K(9728K) From: 8224K(27648K)->0K(26624K)
[1.014s][info][gc,heap        ] GC(41) ParOldGen: 130086K(140800K)->137931K(169472K)
[1.014s][info][gc,metaspace   ] GC(41) Metaspace: 6302K(6464K)->6302K(6464K) NonClass: 5769K(5824K)->5769K(5824K) Class: 533K(640K)->533K(640K)
[1.014s][info][gc             ] GC(41) Pause Full (Ergonomics) 135M->134M(201M) 63.415ms
[1.014s][info][gc,cpu         ] GC(41) User=0.12s Sys=0.00s Real=0.06s
[1.025s][info][gc,start       ] GC(42) Pause Young (Allocation Failure)
[1.033s][info][gc,heap        ] GC(42) PSYoungGen: 9728K(36352K)->9760K(36352K) Eden: 9728K(9728K)->0K(9728K) From: 0K(26624K)->9760K(26624K)
[1.033s][info][gc,heap        ] GC(42) ParOldGen: 137931K(169472K)->137931K(169472K)
[1.033s][info][gc,metaspace   ] GC(42) Metaspace: 6302K(6464K)->6302K(6464K) NonClass: 5769K(5824K)->5769K(5824K) Class: 533K(640K)->533K(640K)
[1.033s][info][gc             ] GC(42) Pause Young (Allocation Failure) 144M->144M(201M) 7.777ms
[1.033s][info][gc,cpu         ] GC(42) User=0.00s Sys=0.00s Real=0.01s
[1.043s][info][gc,start       ] GC(43) Pause Young (Allocation Failure)
[1.056s][info][gc,heap        ] GC(43) PSYoungGen: 19488K(36352K)->19488K(34304K) Eden: 9728K(9728K)->0K(9216K) From: 9760K(26624K)->19488K(25088K)
[1.056s][info][gc,heap        ] GC(43) ParOldGen: 137931K(169472K)->137931K(169472K)
[1.056s][info][gc,metaspace   ] GC(43) Metaspace: 6302K(6464K)->6302K(6464K) NonClass: 5769K(5824K)->5769K(5824K) Class: 533K(640K)->533K(640K)
[1.056s][info][gc             ] GC(43) Pause Young (Allocation Failure) 153M->153M(199M) 13.119ms
[1.056s][info][gc,cpu         ] GC(43) User=0.00s Sys=0.00s Real=0.01s
[1.067s][info][gc,start       ] GC(44) Pause Young (Allocation Failure)
[1.084s][info][gc,heap        ] GC(44) PSYoungGen: 28704K(34304K)->27136K(36352K) Eden: 9216K(9216K)->0K(9216K) From: 19488K(25088K)->27136K(27136K)
[1.084s][info][gc,heap        ] GC(44) ParOldGen: 137931K(169472K)->139467K(169472K)
[1.085s][info][gc,metaspace   ] GC(44) Metaspace: 6302K(6464K)->6302K(6464K) NonClass: 5769K(5824K)->5769K(5824K) Class: 533K(640K)->533K(640K)
[1.085s][info][gc             ] GC(44) Pause Young (Allocation Failure) 162M->162M(201M) 18.020ms
[1.085s][info][gc,cpu         ] GC(44) User=0.05s Sys=0.00s Real=0.02s
[1.095s][info][gc,start       ] GC(45) Pause Young (Allocation Failure)
[1.119s][info][gc,heap        ] GC(45) PSYoungGen: 36352K(36352K)->17792K(41472K) Eden: 9216K(9216K)->0K(10752K) From: 27136K(27136K)->17792K(30720K)
[1.119s][info][gc,heap        ] GC(45) ParOldGen: 139467K(169472K)->158347K(169472K)
[1.119s][info][gc,metaspace   ] GC(45) Metaspace: 6302K(6464K)->6302K(6464K) NonClass: 5769K(5824K)->5769K(5824K) Class: 533K(640K)->533K(640K)
[1.119s][info][gc             ] GC(45) Pause Young (Allocation Failure) 171M->172M(206M) 24.093ms
[1.119s][info][gc,cpu         ] GC(45) User=0.03s Sys=0.00s Real=0.02s
[1.119s][info][gc,start       ] GC(46) Pause Full (Ergonomics)
[1.119s][info][gc,phases,start] GC(46) Marking Phase
[1.173s][info][gc,phases      ] GC(46) Marking Phase 54.200ms
[1.173s][info][gc,phases,start] GC(46) Summary Phase
[1.173s][info][gc,phases      ] GC(46) Summary Phase 0.018ms
[1.173s][info][gc,phases,start] GC(46) Adjust Roots
[1.174s][info][gc,phases      ] GC(46) Adjust Roots 0.188ms
[1.174s][info][gc,phases,start] GC(46) Compaction Phase
[1.199s][info][gc,phases      ] GC(46) Compaction Phase 25.751ms
[1.199s][info][gc,phases,start] GC(46) Post Compact
[1.201s][info][gc,phases      ] GC(46) Post Compact 1.233ms
[1.201s][info][gc,heap        ] GC(46) PSYoungGen: 17792K(41472K)->6455K(41984K) Eden: 0K(10752K)->0K(11264K) From: 17792K(30720K)->6455K(30720K)
[1.201s][info][gc,heap        ] GC(46) ParOldGen: 158347K(169472K)->169244K(205824K)
[1.201s][info][gc,metaspace   ] GC(46) Metaspace: 6302K(6464K)->6302K(6464K) NonClass: 5769K(5824K)->5769K(5824K) Class: 533K(640K)->533K(640K)
[1.201s][info][gc             ] GC(46) Pause Full (Ergonomics) 172M->171M(242M) 82.103ms
[1.201s][info][gc,cpu         ] GC(46) User=0.16s Sys=0.00s Real=0.08s
[1.237s][info][gc,start       ] GC(47) Pause Young (Allocation Failure)
[1.259s][info][gc,heap        ] GC(47) PSYoungGen: 17719K(41984K)->11328K(42496K) Eden: 11264K(11264K)->0K(11264K) From: 6455K(30720K)->11328K(31232K)
[1.259s][info][gc,heap        ] GC(47) ParOldGen: 169244K(205824K)->175812K(205824K)
[1.259s][info][gc,metaspace   ] GC(47) Metaspace: 6302K(6464K)->6302K(6464K) NonClass: 5769K(5824K)->5769K(5824K) Class: 533K(640K)->533K(640K)
[1.259s][info][gc             ] GC(47) Pause Young (Allocation Failure) 182M->182M(242M) 22.299ms
[1.259s][info][gc,cpu         ] GC(47) User=0.00s Sys=0.00s Real=0.02s
[1.271s][info][gc,start       ] GC(48) Pause Young (Allocation Failure)
[1.288s][info][gc,heap        ] GC(48) PSYoungGen: 22592K(42496K)->11296K(41984K) Eden: 11264K(11264K)->0K(13312K) From: 11328K(31232K)->11296K(28672K)
[1.288s][info][gc,heap        ] GC(48) ParOldGen: 175812K(205824K)->187132K(205824K)
[1.288s][info][gc,metaspace   ] GC(48) Metaspace: 6302K(6464K)->6302K(6464K) NonClass: 5769K(5824K)->5769K(5824K) Class: 533K(640K)->533K(640K)
[1.288s][info][gc             ] GC(48) Pause Young (Allocation Failure) 193M->193M(242M) 17.598ms
[1.288s][info][gc,cpu         ] GC(48) User=0.00s Sys=0.00s Real=0.02s
[1.301s][info][gc,start       ] GC(49) Pause Young (Allocation Failure)
[1.317s][info][gc,heap        ] GC(49) PSYoungGen: 24608K(41984K)->13376K(42496K) Eden: 13312K(13312K)->0K(13312K) From: 11296K(28672K)->13376K(29184K)
[1.317s][info][gc,heap        ] GC(49) ParOldGen: 187132K(205824K)->198548K(205824K)
[1.317s][info][gc,metaspace   ] GC(49) Metaspace: 6302K(6464K)->6302K(6464K) NonClass: 5769K(5824K)->5769K(5824K) Class: 533K(640K)->533K(640K)
[1.317s][info][gc             ] GC(49) Pause Young (Allocation Failure) 206M->206M(242M) 15.591ms
[1.317s][info][gc,cpu         ] GC(49) User=0.02s Sys=0.00s Real=0.02s
[1.317s][info][gc,start       ] GC(50) Pause Full (Ergonomics)
[1.317s][info][gc,phases,start] GC(50) Marking Phase
[1.371s][info][gc,phases      ] GC(50) Marking Phase 54.555ms
[1.371s][info][gc,phases,start] GC(50) Summary Phase
[1.371s][info][gc,phases      ] GC(50) Summary Phase 0.018ms
[1.371s][info][gc,phases,start] GC(50) Adjust Roots
[1.372s][info][gc,phases      ] GC(50) Adjust Roots 0.159ms
[1.372s][info][gc,phases,start] GC(50) Compaction Phase
[1.413s][info][gc,phases      ] GC(50) Compaction Phase 41.144ms
[1.413s][info][gc,phases,start] GC(50) Post Compact
[1.414s][info][gc,phases      ] GC(50) Post Compact 1.045ms
[1.414s][info][gc,heap        ] GC(50) PSYoungGen: 13376K(42496K)->2041K(42496K) Eden: 0K(13312K)->0K(13312K) From: 13376K(29184K)->2041K(29184K)
[1.414s][info][gc,heap        ] GC(50) ParOldGen: 198548K(205824K)->205329K(244736K)
[1.414s][info][gc,metaspace   ] GC(50) Metaspace: 6302K(6464K)->6302K(6464K) NonClass: 5769K(5824K)->5769K(5824K) Class: 533K(640K)->533K(640K)
[1.414s][info][gc             ] GC(50) Pause Full (Ergonomics) 206M->202M(280M) 97.450ms
[1.414s][info][gc,cpu         ] GC(50) User=0.28s Sys=0.00s Real=0.10s
[1.431s][info][gc,start       ] GC(51) Pause Young (Allocation Failure)
[1.448s][info][gc,heap        ] GC(51) PSYoungGen: 15353K(42496K)->13408K(39936K) Eden: 13312K(13312K)->0K(15360K) From: 2041K(29184K)->13408K(24576K)
[1.448s][info][gc,heap        ] GC(51) ParOldGen: 205329K(244736K)->207425K(244736K)
[1.448s][info][gc,metaspace   ] GC(51) Metaspace: 6302K(6464K)->6302K(6464K) NonClass: 5769K(5824K)->5769K(5824K) Class: 533K(640K)->533K(640K)
[1.448s][info][gc             ] GC(51) Pause Young (Allocation Failure) 215M->215M(278M) 17.216ms
[1.448s][info][gc,cpu         ] GC(51) User=0.02s Sys=0.00s Real=0.02s
[1.465s][info][gc,start       ] GC(52) Pause Young (Allocation Failure)
[1.479s][info][gc,heap        ] GC(52) PSYoungGen: 28768K(39936K)->26112K(41472K) Eden: 15360K(15360K)->0K(15360K) From: 13408K(24576K)->26112K(26112K)
[1.479s][info][gc,heap        ] GC(52) ParOldGen: 207425K(244736K)->210041K(244736K)
[1.479s][info][gc,metaspace   ] GC(52) Metaspace: 6302K(6464K)->6302K(6464K) NonClass: 5769K(5824K)->5769K(5824K) Class: 533K(640K)->533K(640K)
[1.479s][info][gc             ] GC(52) Pause Young (Allocation Failure) 230M->230M(279M) 14.599ms
[1.479s][info][gc,cpu         ] GC(52) User=0.02s Sys=0.00s Real=0.01s
[1.496s][info][gc,start       ] GC(53) Pause Young (Allocation Failure)
[1.517s][info][gc,heap        ] GC(53) PSYoungGen: 41472K(41472K)->15488K(45056K) Eden: 15360K(15360K)->0K(17408K) From: 26112K(26112K)->15488K(27648K)
[1.517s][info][gc,heap        ] GC(53) ParOldGen: 210041K(244736K)->236497K(244736K)
[1.517s][info][gc,metaspace   ] GC(53) Metaspace: 6302K(6464K)->6302K(6464K) NonClass: 5769K(5824K)->5769K(5824K) Class: 533K(640K)->533K(640K)
[1.517s][info][gc             ] GC(53) Pause Young (Allocation Failure) 245M->246M(283M) 21.180ms
[1.517s][info][gc,cpu         ] GC(53) User=0.11s Sys=0.00s Real=0.02s
[1.517s][info][gc,start       ] GC(54) Pause Full (Ergonomics)
[1.517s][info][gc,phases,start] GC(54) Marking Phase
[1.574s][info][gc,phases      ] GC(54) Marking Phase 56.468ms
[1.574s][info][gc,phases,start] GC(54) Summary Phase
[1.574s][info][gc,phases      ] GC(54) Summary Phase 0.016ms
[1.574s][info][gc,phases,start] GC(54) Adjust Roots
[1.574s][info][gc,phases      ] GC(54) Adjust Roots 0.145ms
[1.574s][info][gc,phases,start] GC(54) Compaction Phase
[1.600s][info][gc,phases      ] GC(54) Compaction Phase 26.143ms
[1.600s][info][gc,phases,start] GC(54) Post Compact
[1.601s][info][gc,phases      ] GC(54) Post Compact 1.075ms
[1.602s][info][gc,heap        ] GC(54) PSYoungGen: 15488K(45056K)->6641K(46592K) Eden: 0K(17408K)->0K(18944K) From: 15488K(27648K)->6641K(27648K)
[1.602s][info][gc,heap        ] GC(54) ParOldGen: 236497K(244736K)->244668K(291840K)
[1.602s][info][gc,metaspace   ] GC(54) Metaspace: 6302K(6464K)->6302K(6464K) NonClass: 5769K(5824K)->5769K(5824K) Class: 533K(640K)->533K(640K)
[1.602s][info][gc             ] GC(54) Pause Full (Ergonomics) 246M->245M(330M) 84.344ms
[1.602s][info][gc,cpu         ] GC(54) User=0.33s Sys=0.02s Real=0.09s
[1.623s][info][gc,start       ] GC(55) Pause Young (Allocation Failure)
[1.646s][info][gc,heap        ] GC(55) PSYoungGen: 25585K(46592K)->19072K(48128K) Eden: 18944K(18944K)->0K(18944K) From: 6641K(27648K)->19072K(29184K)
[1.646s][info][gc,heap        ] GC(55) ParOldGen: 244668K(291840K)->251420K(291840K)
[1.646s][info][gc,metaspace   ] GC(55) Metaspace: 6302K(6464K)->6302K(6464K) NonClass: 5769K(5824K)->5769K(5824K) Class: 533K(640K)->533K(640K)
[1.646s][info][gc             ] GC(55) Pause Young (Allocation Failure) 263M->264M(332M) 23.068ms
[1.646s][info][gc,cpu         ] GC(55) User=0.12s Sys=0.00s Real=0.02s
[1.669s][info][gc,start       ] GC(56) Pause Young (Allocation Failure)
[1.689s][info][gc,heap        ] GC(56) PSYoungGen: 38016K(48128K)->29184K(43520K) Eden: 18944K(18944K)->0K(14336K) From: 19072K(29184K)->29184K(29184K)
[1.689s][info][gc,heap        ] GC(56) ParOldGen: 251420K(291840K)->260284K(291840K)
[1.689s][info][gc,metaspace   ] GC(56) Metaspace: 6302K(6464K)->6302K(6464K) NonClass: 5769K(5824K)->5769K(5824K) Class: 533K(640K)->533K(640K)
[1.689s][info][gc             ] GC(56) Pause Young (Allocation Failure) 282M->282M(327M) 20.397ms
[1.689s][info][gc,cpu         ] GC(56) User=0.11s Sys=0.02s Real=0.02s
[1.705s][info][gc,start       ] GC(57) Pause Young (Allocation Failure)
[1.725s][info][gc,heap        ] GC(57) PSYoungGen: 43520K(43520K)->14496K(50688K) Eden: 14336K(14336K)->0K(14336K) From: 29184K(29184K)->14496K(36352K)
[1.726s][info][gc,heap        ] GC(57) ParOldGen: 260284K(291840K)->289860K(291840K)
[1.726s][info][gc,metaspace   ] GC(57) Metaspace: 6302K(6464K)->6302K(6464K) NonClass: 5769K(5824K)->5769K(5824K) Class: 533K(640K)->533K(640K)
[1.726s][info][gc             ] GC(57) Pause Young (Allocation Failure) 296M->297M(334M) 21.037ms
[1.726s][info][gc,cpu         ] GC(57) User=0.08s Sys=0.02s Real=0.02s
[1.726s][info][gc,start       ] GC(58) Pause Full (Ergonomics)
[1.726s][info][gc,phases,start] GC(58) Marking Phase
[1.788s][info][gc,phases      ] GC(58) Marking Phase 62.544ms
[1.788s][info][gc,phases,start] GC(58) Summary Phase
[1.788s][info][gc,phases      ] GC(58) Summary Phase 0.019ms
[1.788s][info][gc,phases,start] GC(58) Adjust Roots
[1.789s][info][gc,phases      ] GC(58) Adjust Roots 0.149ms
[1.789s][info][gc,phases,start] GC(58) Compaction Phase
[1.820s][info][gc,phases      ] GC(58) Compaction Phase 31.404ms
[1.820s][info][gc,phases,start] GC(58) Post Compact
[1.822s][info][gc,phases      ] GC(58) Post Compact 1.487ms
[1.822s][info][gc,heap        ] GC(58) PSYoungGen: 14496K(50688K)->11746K(50688K) Eden: 0K(14336K)->0K(14336K) From: 14496K(36352K)->11746K(36352K)
[1.822s][info][gc,heap        ] GC(58) ParOldGen: 289860K(291840K)->291691K(345600K)
[1.822s][info][gc,metaspace   ] GC(58) Metaspace: 6302K(6464K)->6302K(6464K) NonClass: 5769K(5824K)->5769K(5824K) Class: 533K(640K)->533K(640K)
[1.822s][info][gc             ] GC(58) Pause Full (Ergonomics) 297M->296M(387M) 96.151ms
[1.822s][info][gc,cpu         ] GC(58) User=0.48s Sys=0.00s Real=0.10s
[1.838s][info][gc,start       ] GC(59) Pause Young (Allocation Failure)
[1.863s][info][gc,heap        ] GC(59) PSYoungGen: 26082K(50688K)->14464K(49152K) Eden: 14336K(14336K)->0K(16384K) From: 11746K(36352K)->14464K(32768K)
[1.863s][info][gc,heap        ] GC(59) ParOldGen: 291691K(345600K)->303643K(345600K)
[1.864s][info][gc,metaspace   ] GC(59) Metaspace: 6302K(6464K)->6302K(6464K) NonClass: 5769K(5824K)->5769K(5824K) Class: 533K(640K)->533K(640K)
[1.864s][info][gc             ] GC(59) Pause Young (Allocation Failure) 310M->310M(385M) 25.109ms
[1.864s][info][gc,cpu         ] GC(59) User=0.12s Sys=0.00s Real=0.03s
[1.882s][info][gc,start       ] GC(60) Pause Young (Allocation Failure)
[1.899s][info][gc,heap        ] GC(60) PSYoungGen: 30848K(49152K)->30848K(50176K) Eden: 16384K(16384K)->0K(16384K) From: 14464K(32768K)->30848K(33792K)
[1.899s][info][gc,heap        ] GC(60) ParOldGen: 303643K(345600K)->303643K(345600K)
[1.899s][info][gc,metaspace   ] GC(60) Metaspace: 6302K(6464K)->6302K(6464K) NonClass: 5769K(5824K)->5769K(5824K) Class: 533K(640K)->533K(640K)
[1.899s][info][gc             ] GC(60) Pause Young (Allocation Failure) 326M->326M(386M) 16.953ms
[1.899s][info][gc,cpu         ] GC(60) User=0.03s Sys=0.00s Real=0.02s
[1.917s][info][gc,start       ] GC(61) Pause Young (Allocation Failure)
[1.942s][info][gc,heap        ] GC(61) PSYoungGen: 47232K(50176K)->37376K(47104K) Eden: 16384K(16384K)->0K(9728K) From: 30848K(33792K)->37376K(37376K)
[1.942s][info][gc,heap        ] GC(61) ParOldGen: 303643K(345600K)->313523K(345600K)
[1.942s][info][gc,metaspace   ] GC(61) Metaspace: 6302K(6464K)->6302K(6464K) NonClass: 5769K(5824K)->5769K(5824K) Class: 533K(640K)->533K(640K)
[1.942s][info][gc             ] GC(61) Pause Young (Allocation Failure) 342M->342M(383M) 24.639ms
[1.942s][info][gc,cpu         ] GC(61) User=0.11s Sys=0.03s Real=0.03s
[2.017s][info][gc,start       ] GC(62) Pause Full (Ergonomics)
[2.017s][info][gc,phases,start] GC(62) Marking Phase
[2.099s][info][gc,phases      ] GC(62) Marking Phase 82.033ms
[2.099s][info][gc,phases,start] GC(62) Summary Phase
[2.099s][info][gc,phases      ] GC(62) Summary Phase 0.020ms
[2.099s][info][gc,phases,start] GC(62) Adjust Roots
[2.099s][info][gc,phases      ] GC(62) Adjust Roots 0.151ms
[2.099s][info][gc,phases,start] GC(62) Compaction Phase
[2.169s][info][gc,phases      ] GC(62) Compaction Phase 69.579ms
[2.169s][info][gc,phases,start] GC(62) Post Compact
[2.171s][info][gc,phases      ] GC(62) Post Compact 1.988ms
[2.171s][info][gc,heap        ] GC(62) PSYoungGen: 47104K(47104K)->22988K(47104K) Eden: 9728K(9728K)->0K(9728K) From: 37376K(37376K)->22988K(37376K)
[2.172s][info][gc,heap        ] GC(62) ParOldGen: 329907K(345600K)->345354K(398336K)
[2.172s][info][gc,metaspace   ] GC(62) Metaspace: 6302K(6464K)->6302K(6464K) NonClass: 5769K(5824K)->5769K(5824K) Class: 533K(640K)->533K(640K)
[2.172s][info][gc             ] GC(62) Pause Full (Ergonomics) 368M->359M(435M) 154.426ms
[2.172s][info][gc,cpu         ] GC(62) User=0.89s Sys=0.00s Real=0.15s
[2.181s][info][gc,start       ] GC(63) Pause Young (Allocation Failure)
[2.212s][info][gc,heap        ] GC(63) PSYoungGen: 32716K(47104K)->19072K(29184K) Eden: 9728K(9728K)->0K(9728K) From: 22988K(37376K)->19072K(19456K)
[2.212s][info][gc,heap        ] GC(63) ParOldGen: 345354K(398336K)->359362K(398336K)
[2.212s][info][gc,metaspace   ] GC(63) Metaspace: 6302K(6464K)->6302K(6464K) NonClass: 5769K(5824K)->5769K(5824K) Class: 533K(640K)->533K(640K)
[2.212s][info][gc             ] GC(63) Pause Young (Allocation Failure) 369M->369M(417M) 30.983ms
[2.212s][info][gc,cpu         ] GC(63) User=0.09s Sys=0.00s Real=0.03s
[2.223s][info][gc,start       ] GC(64) Pause Young (Allocation Failure)
[2.237s][info][gc,heap        ] GC(64) PSYoungGen: 28800K(29184K)->28832K(54784K) Eden: 9728K(9728K)->0K(10752K) From: 19072K(19456K)->28832K(44032K)
[2.237s][info][gc,heap        ] GC(64) ParOldGen: 359362K(398336K)->359362K(398336K)
[2.237s][info][gc,metaspace   ] GC(64) Metaspace: 6302K(6464K)->6302K(6464K) NonClass: 5769K(5824K)->5769K(5824K) Class: 533K(640K)->533K(640K)
[2.237s][info][gc             ] GC(64) Pause Young (Allocation Failure) 379M->379M(442M) 14.352ms
[2.237s][info][gc,cpu         ] GC(64) User=0.02s Sys=0.00s Real=0.01s
[2.248s][info][gc,start       ] GC(65) Pause Young (Allocation Failure)
[2.267s][info][gc,heap        ] GC(65) PSYoungGen: 39584K(54784K)->30368K(55296K) Eden: 10752K(10752K)->0K(10752K) From: 28832K(44032K)->30368K(44544K)
[2.267s][info][gc,heap        ] GC(65) ParOldGen: 359362K(398336K)->368714K(398336K)
[2.267s][info][gc,metaspace   ] GC(65) Metaspace: 6302K(6464K)->6302K(6464K) NonClass: 5769K(5824K)->5769K(5824K) Class: 533K(640K)->533K(640K)
[2.267s][info][gc             ] GC(65) Pause Young (Allocation Failure) 389M->389M(443M) 19.330ms
[2.267s][info][gc,cpu         ] GC(65) User=0.06s Sys=0.03s Real=0.02s
[2.279s][info][gc,start       ] GC(66) Pause Young (Allocation Failure)
[2.299s][info][gc,heap        ] GC(66) PSYoungGen: 41120K(55296K)->31328K(56832K) Eden: 10752K(10752K)->0K(11264K) From: 30368K(44544K)->31328K(45568K)
[2.299s][info][gc,heap        ] GC(66) ParOldGen: 368714K(398336K)->378546K(398336K)
[2.299s][info][gc,metaspace   ] GC(66) Metaspace: 6302K(6464K)->6302K(6464K) NonClass: 5769K(5824K)->5769K(5824K) Class: 533K(640K)->533K(640K)
[2.299s][info][gc             ] GC(66) Pause Young (Allocation Failure) 400M->400M(444M) 20.328ms
[2.299s][info][gc,cpu         ] GC(66) User=0.05s Sys=0.08s Real=0.02s
[2.299s][info][gc,start       ] GC(67) Pause Full (Ergonomics)
[2.299s][info][gc,phases,start] GC(67) Marking Phase
[2.388s][info][gc,phases      ] GC(67) Marking Phase 88.929ms
[2.388s][info][gc,phases,start] GC(67) Summary Phase
[2.388s][info][gc,phases      ] GC(67) Summary Phase 0.018ms
[2.388s][info][gc,phases,start] GC(67) Adjust Roots
[2.388s][info][gc,phases      ] GC(67) Adjust Roots 0.161ms
[2.388s][info][gc,phases,start] GC(67) Compaction Phase
[2.438s][info][gc,phases      ] GC(67) Compaction Phase 49.260ms
[2.438s][info][gc,phases,start] GC(67) Post Compact
[2.440s][info][gc,phases      ] GC(67) Post Compact 1.910ms
[2.440s][info][gc,heap        ] GC(67) PSYoungGen: 31328K(56832K)->11218K(56832K) Eden: 0K(11264K)->0K(11264K) From: 31328K(45568K)->11218K(45568K)
[2.440s][info][gc,heap        ] GC(67) ParOldGen: 378546K(398336K)->397962K(451072K)
[2.440s][info][gc,metaspace   ] GC(67) Metaspace: 6302K(6464K)->6302K(6464K) NonClass: 5769K(5824K)->5769K(5824K) Class: 533K(640K)->533K(640K)
[2.440s][info][gc             ] GC(67) Pause Full (Ergonomics) 400M->399M(496M) 140.820ms
[2.440s][info][gc,cpu         ] GC(67) User=0.86s Sys=0.00s Real=0.14s
[2.452s][info][gc,start       ] GC(68) Pause Young (Allocation Failure)
[2.480s][info][gc,heap        ] GC(68) PSYoungGen: 22482K(56832K)->15168K(57856K) Eden: 11264K(11264K)->0K(11264K) From: 11218K(45568K)->15168K(46592K)
[2.480s][info][gc,heap        ] GC(68) ParOldGen: 397962K(451072K)->405554K(451072K)
[2.480s][info][gc,metaspace   ] GC(68) Metaspace: 6302K(6464K)->6302K(6464K) NonClass: 5769K(5824K)->5769K(5824K) Class: 533K(640K)->533K(640K)
[2.480s][info][gc             ] GC(68) Pause Young (Allocation Failure) 410M->410M(497M) 28.277ms
[2.480s][info][gc,cpu         ] GC(68) User=0.14s Sys=0.00s Real=0.03s
[2.492s][info][gc,start       ] GC(69) Pause Young (Allocation Failure)
[2.506s][info][gc,heap        ] GC(69) PSYoungGen: 26432K(57856K)->26400K(56320K) Eden: 11264K(11264K)->0K(12800K) From: 15168K(46592K)->26400K(43520K)
[2.506s][info][gc,heap        ] GC(69) ParOldGen: 405554K(451072K)->405554K(451072K)
[2.506s][info][gc,metaspace   ] GC(69) Metaspace: 6302K(6464K)->6302K(6464K) NonClass: 5769K(5824K)->5769K(5824K) Class: 533K(640K)->533K(640K)
[2.506s][info][gc             ] GC(69) Pause Young (Allocation Failure) 421M->421M(495M) 13.772ms
[2.506s][info][gc,cpu         ] GC(69) User=0.00s Sys=0.00s Real=0.01s
[2.520s][info][gc,start       ] GC(70) Pause Young (Allocation Failure)
[2.539s][info][gc,heap        ] GC(70) PSYoungGen: 39200K(56320K)->35424K(57344K) Eden: 12800K(12800K)->0K(12800K) From: 26400K(43520K)->35424K(44544K)
[2.539s][info][gc,heap        ] GC(70) ParOldGen: 405554K(451072K)->409378K(451072K)
[2.539s][info][gc,metaspace   ] GC(70) Metaspace: 6302K(6464K)->6302K(6464K) NonClass: 5769K(5824K)->5769K(5824K) Class: 533K(640K)->533K(640K)
[2.539s][info][gc             ] GC(70) Pause Young (Allocation Failure) 434M->434M(496M) 18.954ms
[2.539s][info][gc,cpu         ] GC(70) User=0.11s Sys=0.00s Real=0.02s
[2.552s][info][gc,start       ] GC(71) Pause Young (Allocation Failure)
[2.575s][info][gc,heap        ] GC(71) PSYoungGen: 48224K(57344K)->37024K(59392K) Eden: 12800K(12800K)->0K(12288K) From: 35424K(44544K)->37024K(47104K)
[2.575s][info][gc,heap        ] GC(71) ParOldGen: 409378K(451072K)->420802K(451072K)
[2.575s][info][gc,metaspace   ] GC(71) Metaspace: 6302K(6464K)->6302K(6464K) NonClass: 5769K(5824K)->5769K(5824K) Class: 533K(640K)->533K(640K)
[2.575s][info][gc             ] GC(71) Pause Young (Allocation Failure) 446M->447M(498M) 23.318ms
[2.575s][info][gc,cpu         ] GC(71) User=0.11s Sys=0.02s Real=0.02s
[2.589s][info][gc,start       ] GC(72) Pause Young (Allocation Failure)
[2.612s][info][gc,heap        ] GC(72) PSYoungGen: 49312K(59392K)->25248K(37888K) Eden: 12288K(12288K)->0K(12288K) From: 37024K(47104K)->25248K(25600K)
[2.612s][info][gc,heap        ] GC(72) ParOldGen: 420802K(451072K)->445162K(451072K)
[2.612s][info][gc,metaspace   ] GC(72) Metaspace: 6302K(6464K)->6302K(6464K) NonClass: 5769K(5824K)->5769K(5824K) Class: 533K(640K)->533K(640K)
[2.612s][info][gc             ] GC(72) Pause Young (Allocation Failure) 459M->459M(477M) 23.857ms
[2.612s][info][gc,cpu         ] GC(72) User=0.14s Sys=0.00s Real=0.02s
[2.612s][info][gc,start       ] GC(73) Pause Full (Ergonomics)
[2.612s][info][gc,phases,start] GC(73) Marking Phase
[2.721s][info][gc,phases      ] GC(73) Marking Phase 108.175ms
[2.721s][info][gc,phases,start] GC(73) Summary Phase
[2.721s][info][gc,phases      ] GC(73) Summary Phase 0.020ms
[2.721s][info][gc,phases,start] GC(73) Adjust Roots
[2.721s][info][gc,phases      ] GC(73) Adjust Roots 0.154ms
[2.721s][info][gc,phases,start] GC(73) Compaction Phase
[2.771s][info][gc,phases      ] GC(73) Compaction Phase 50.154ms
[2.771s][info][gc,phases,start] GC(73) Post Compact
[2.773s][info][gc,phases      ] GC(73) Post Compact 2.200ms
[2.774s][info][gc,heap        ] GC(73) PSYoungGen: 25248K(37888K)->18382K(37888K) Eden: 0K(12288K)->0K(12288K) From: 25248K(25600K)->18382K(25600K)
[2.774s][info][gc,heap        ] GC(73) ParOldGen: 445162K(451072K)->451057K(510464K)
[2.774s][info][gc,metaspace   ] GC(73) Metaspace: 6302K(6464K)->6302K(6464K) NonClass: 5769K(5824K)->5769K(5824K) Class: 533K(640K)->533K(640K)
[2.774s][info][gc             ] GC(73) Pause Full (Ergonomics) 459M->458M(535M) 161.243ms
[2.774s][info][gc,cpu         ] GC(73) User=0.98s Sys=0.00s Real=0.16s
[2.787s][info][gc,start       ] GC(74) Pause Young (Allocation Failure)
[2.821s][info][gc,heap        ] GC(74) PSYoungGen: 30670K(37888K)->12416K(60416K) Eden: 12288K(12288K)->0K(13824K) From: 18382K(25600K)->12416K(46592K)
[2.821s][info][gc,heap        ] GC(74) ParOldGen: 451057K(510464K)->469689K(510464K)
[2.821s][info][gc,metaspace   ] GC(74) Metaspace: 6302K(6464K)->6302K(6464K) NonClass: 5769K(5824K)->5769K(5824K) Class: 533K(640K)->533K(640K)
[2.821s][info][gc             ] GC(74) Pause Young (Allocation Failure) 470M->470M(557M) 34.035ms
[2.821s][info][gc,cpu         ] GC(74) User=0.14s Sys=0.00s Real=0.03s
[2.837s][info][gc,start       ] GC(75) Pause Young (Allocation Failure)
[2.852s][info][gc,heap        ] GC(75) PSYoungGen: 26240K(60416K)->13920K(60928K) Eden: 13824K(13824K)->0K(13824K) From: 12416K(46592K)->13920K(47104K)
[2.852s][info][gc,heap        ] GC(75) ParOldGen: 469689K(510464K)->482153K(510464K)
[2.852s][info][gc,metaspace   ] GC(75) Metaspace: 6302K(6464K)->6302K(6464K) NonClass: 5769K(5824K)->5769K(5824K) Class: 533K(640K)->533K(640K)
[2.852s][info][gc             ] GC(75) Pause Young (Allocation Failure) 484M->484M(558M) 14.968ms
[2.852s][info][gc,cpu         ] GC(75) User=0.02s Sys=0.00s Real=0.01s
[2.866s][info][gc,start       ] GC(76) Pause Young (Allocation Failure)
[2.881s][info][gc,heap        ] GC(76) PSYoungGen: 27744K(60928K)->13984K(61952K) Eden: 13824K(13824K)->0K(15872K) From: 13920K(47104K)->13984K(46080K)
[2.882s][info][gc,heap        ] GC(76) ParOldGen: 482153K(510464K)->496177K(510464K)
[2.882s][info][gc,metaspace   ] GC(76) Metaspace: 6302K(6464K)->6302K(6464K) NonClass: 5769K(5824K)->5769K(5824K) Class: 533K(640K)->533K(640K)
[2.882s][info][gc             ] GC(76) Pause Young (Allocation Failure) 497M->498M(559M) 15.515ms
[2.882s][info][gc,cpu         ] GC(76) User=0.02s Sys=0.00s Real=0.01s
[2.882s][info][gc,start       ] GC(77) Pause Full (Ergonomics)
[2.882s][info][gc,phases,start] GC(77) Marking Phase
[3.000s][info][gc,phases      ] GC(77) Marking Phase 118.047ms
[3.000s][info][gc,phases,start] GC(77) Summary Phase
[3.000s][info][gc,phases      ] GC(77) Summary Phase 0.025ms
[3.000s][info][gc,phases,start] GC(77) Adjust Roots
[3.000s][info][gc,phases      ] GC(77) Adjust Roots 0.538ms
[3.000s][info][gc,phases,start] GC(77) Compaction Phase
[3.048s][info][gc,phases      ] GC(77) Compaction Phase 47.210ms
[3.048s][info][gc,phases,start] GC(77) Post Compact
[3.051s][info][gc,phases      ] GC(77) Post Compact 2.887ms
[3.051s][info][gc,heap        ] GC(77) PSYoungGen: 13984K(61952K)->0K(61952K) Eden: 0K(15872K)->0K(15872K) From: 13984K(46080K)->0K(46080K)
[3.051s][info][gc,heap        ] GC(77) ParOldGen: 496177K(510464K)->509286K(573440K)
[3.051s][info][gc,metaspace   ] GC(77) Metaspace: 6302K(6464K)->6302K(6464K) NonClass: 5769K(5824K)->5769K(5824K) Class: 533K(640K)->533K(640K)
[3.051s][info][gc             ] GC(77) Pause Full (Ergonomics) 498M->497M(620M) 169.313ms
[3.051s][info][gc,cpu         ] GC(77) User=1.03s Sys=0.02s Real=0.17s
[3.070s][info][gc,start       ] GC(78) Pause Young (Allocation Failure)
[3.080s][info][gc,heap        ] GC(78) PSYoungGen: 15872K(61952K)->16032K(59904K) Eden: 15872K(15872K)->0K(17408K) From: 0K(46080K)->16032K(42496K)
[3.080s][info][gc,heap        ] GC(78) ParOldGen: 509286K(573440K)->509286K(573440K)
[3.080s][info][gc,metaspace   ] GC(78) Metaspace: 6302K(6464K)->6302K(6464K) NonClass: 5769K(5824K)->5769K(5824K) Class: 533K(640K)->533K(640K)
[3.080s][info][gc             ] GC(78) Pause Young (Allocation Failure) 512M->513M(618M) 10.236ms
[3.080s][info][gc,cpu         ] GC(78) User=0.02s Sys=0.00s Real=0.01s
[3.099s][info][gc,start       ] GC(79) Pause Young (Allocation Failure)
[3.117s][info][gc,heap        ] GC(79) PSYoungGen: 33440K(59904K)->33440K(61952K) Eden: 17408K(17408K)->0K(17408K) From: 16032K(42496K)->33440K(44544K)
[3.117s][info][gc,heap        ] GC(79) ParOldGen: 509286K(573440K)->509286K(573440K)
[3.117s][info][gc,metaspace   ] GC(79) Metaspace: 6302K(6464K)->6302K(6464K) NonClass: 5769K(5824K)->5769K(5824K) Class: 533K(640K)->533K(640K)
[3.117s][info][gc             ] GC(79) Pause Young (Allocation Failure) 530M->530M(620M) 17.383ms
[3.117s][info][gc,cpu         ] GC(79) User=0.05s Sys=0.00s Real=0.02s
[3.137s][info][gc,start       ] GC(80) Pause Young (Allocation Failure)
[3.162s][info][gc,heap        ] GC(80) PSYoungGen: 50848K(61952K)->46592K(57856K) Eden: 17408K(17408K)->0K(11264K) From: 33440K(44544K)->46592K(46592K)
[3.162s][info][gc,heap        ] GC(80) ParOldGen: 509286K(573440K)->513462K(573440K)
[3.162s][info][gc,metaspace   ] GC(80) Metaspace: 6302K(6464K)->6302K(6464K) NonClass: 5769K(5824K)->5769K(5824K) Class: 533K(640K)->533K(640K)
[3.162s][info][gc             ] GC(80) Pause Young (Allocation Failure) 547M->546M(616M) 25.218ms
[3.162s][info][gc,cpu         ] GC(80) User=0.14s Sys=0.00s Real=0.03s
[3.174s][info][gc,start       ] GC(81) Pause Young (Allocation Failure)
[3.202s][info][gc,heap        ] GC(81) PSYoungGen: 57856K(57856K)->27392K(38912K) Eden: 11264K(11264K)->0K(11264K) From: 46592K(46592K)->27392K(27648K)
[3.202s][info][gc,heap        ] GC(81) ParOldGen: 513462K(573440K)->544454K(573440K)
[3.202s][info][gc,metaspace   ] GC(81) Metaspace: 6302K(6464K)->6302K(6464K) NonClass: 5769K(5824K)->5769K(5824K) Class: 533K(640K)->533K(640K)
[3.202s][info][gc             ] GC(81) Pause Young (Allocation Failure) 557M->558M(598M) 27.693ms
[3.202s][info][gc,cpu         ] GC(81) User=0.12s Sys=0.00s Real=0.03s
[3.202s][info][gc,start       ] GC(82) Pause Full (Ergonomics)
[3.202s][info][gc,phases,start] GC(82) Marking Phase
[3.331s][info][gc,phases      ] GC(82) Marking Phase 128.830ms
[3.331s][info][gc,phases,start] GC(82) Summary Phase
[3.331s][info][gc,phases      ] GC(82) Summary Phase 0.026ms
[3.331s][info][gc,phases,start] GC(82) Adjust Roots
[3.331s][info][gc,phases      ] GC(82) Adjust Roots 0.151ms
[3.331s][info][gc,phases,start] GC(82) Compaction Phase
[3.381s][info][gc,phases      ] GC(82) Compaction Phase 50.026ms
[3.381s][info][gc,phases,start] GC(82) Post Compact
[3.382s][info][gc,phases      ] GC(82) Post Compact 1.059ms
[3.383s][info][gc,heap        ] GC(82) PSYoungGen: 27392K(38912K)->0K(65536K) Eden: 0K(11264K)->0K(12800K) From: 27392K(27648K)->0K(52736K)
[3.383s][info][gc,heap        ] GC(82) ParOldGen: 544454K(573440K)->571113K(644096K)
[3.383s][info][gc,metaspace   ] GC(82) Metaspace: 6302K(6464K)->6302K(6464K) NonClass: 5769K(5824K)->5769K(5824K) Class: 533K(640K)->533K(640K)
[3.383s][info][gc             ] GC(82) Pause Full (Ergonomics) 558M->557M(693M) 180.750ms
[3.383s][info][gc,cpu         ] GC(82) User=1.28s Sys=0.03s Real=0.18s
[3.399s][info][gc,start       ] GC(83) Pause Young (Allocation Failure)
[3.409s][info][gc,heap        ] GC(83) PSYoungGen: 12800K(65536K)->12928K(65536K) Eden: 12800K(12800K)->0K(12800K) From: 0K(52736K)->12928K(52736K)
[3.409s][info][gc,heap        ] GC(83) ParOldGen: 571113K(644096K)->571113K(644096K)
[3.409s][info][gc,metaspace   ] GC(83) Metaspace: 6302K(6464K)->6302K(6464K) NonClass: 5769K(5824K)->5769K(5824K) Class: 533K(640K)->533K(640K)
[3.409s][info][gc             ] GC(83) Pause Young (Allocation Failure) 570M->570M(693M) 9.621ms
[3.409s][info][gc,cpu         ] GC(83) User=0.00s Sys=0.00s Real=0.01s
[3.423s][info][gc,start       ] GC(84) Pause Young (Allocation Failure)
[3.438s][info][gc,heap        ] GC(84) PSYoungGen: 25728K(65536K)->25728K(61440K) Eden: 12800K(12800K)->0K(14336K) From: 12928K(52736K)->25728K(47104K)
[3.438s][info][gc,heap        ] GC(84) ParOldGen: 571113K(644096K)->571113K(644096K)
[3.438s][info][gc,metaspace   ] GC(84) Metaspace: 6302K(6464K)->6302K(6464K) NonClass: 5769K(5824K)->5769K(5824K) Class: 533K(640K)->533K(640K)
[3.438s][info][gc             ] GC(84) Pause Young (Allocation Failure) 582M->582M(689M) 15.041ms
[3.438s][info][gc,cpu         ] GC(84) User=0.02s Sys=0.00s Real=0.02s
[3.456s][info][gc,start       ] GC(85) Pause Young (Allocation Failure)
[3.477s][info][gc,heap        ] GC(85) PSYoungGen: 40064K(61440K)->40064K(64000K) Eden: 14336K(14336K)->0K(14336K) From: 25728K(47104K)->40064K(49664K)
[3.477s][info][gc,heap        ] GC(85) ParOldGen: 571113K(644096K)->571113K(644096K)
[3.477s][info][gc,metaspace   ] GC(85) Metaspace: 6302K(6464K)->6302K(6464K) NonClass: 5769K(5824K)->5769K(5824K) Class: 533K(640K)->533K(640K)
[3.477s][info][gc             ] GC(85) Pause Young (Allocation Failure) 596M->596M(691M) 21.513ms
[3.477s][info][gc,cpu         ] GC(85) User=0.12s Sys=0.00s Real=0.02s
[3.494s][info][gc,start       ] GC(86) Pause Young (Allocation Failure)
[3.522s][info][gc,heap        ] GC(86) PSYoungGen: 54400K(64000K)->53248K(61440K) Eden: 14336K(14336K)->0K(8192K) From: 40064K(49664K)->53248K(53248K)
[3.522s][info][gc,heap        ] GC(86) ParOldGen: 571113K(644096K)->572273K(644096K)
[3.522s][info][gc,metaspace   ] GC(86) Metaspace: 6302K(6464K)->6302K(6464K) NonClass: 5769K(5824K)->5769K(5824K) Class: 533K(640K)->533K(640K)
[3.522s][info][gc             ] GC(86) Pause Young (Allocation Failure) 610M->610M(689M) 28.053ms
[3.522s][info][gc,cpu         ] GC(86) User=0.11s Sys=0.00s Real=0.03s
[3.532s][info][gc,start       ] GC(87) Pause Young (Allocation Failure)
[3.563s][info][gc,heap        ] GC(87) PSYoungGen: 61440K(61440K)->48864K(69120K) Eden: 8192K(8192K)->0K(8192K) From: 53248K(53248K)->48864K(60928K)
[3.563s][info][gc,heap        ] GC(87) ParOldGen: 572273K(644096K)->585017K(644096K)
[3.563s][info][gc,metaspace   ] GC(87) Metaspace: 6302K(6464K)->6302K(6464K) NonClass: 5769K(5824K)->5769K(5824K) Class: 533K(640K)->533K(640K)
[3.564s][info][gc             ] GC(87) Pause Young (Allocation Failure) 618M->619M(696M) 31.160ms
[3.564s][info][gc,cpu         ] GC(87) User=0.11s Sys=0.00s Real=0.03s
[3.574s][info][gc,start       ] GC(88) Pause Young (Allocation Failure)
[3.603s][info][gc,heap        ] GC(88) PSYoungGen: 57056K(69120K)->44512K(73216K) Eden: 8192K(8192K)->0K(8192K) From: 48864K(60928K)->44512K(65024K)
[3.603s][info][gc,heap        ] GC(88) ParOldGen: 585017K(644096K)->597761K(644096K)
[3.603s][info][gc,metaspace   ] GC(88) Metaspace: 6302K(6464K)->6302K(6464K) NonClass: 5769K(5824K)->5769K(5824K) Class: 533K(640K)->533K(640K)
[3.603s][info][gc             ] GC(88) Pause Young (Allocation Failure) 627M->627M(700M) 29.708ms
[3.603s][info][gc,cpu         ] GC(88) User=0.09s Sys=0.03s Real=0.03s
[3.614s][info][gc,start       ] GC(89) Pause Young (Allocation Failure)
[3.644s][info][gc,heap        ] GC(89) PSYoungGen: 52704K(73216K)->24640K(33280K) Eden: 8192K(8192K)->0K(8192K) From: 44512K(65024K)->24640K(25088K)
[3.645s][info][gc,heap        ] GC(89) ParOldGen: 597761K(644096K)->626161K(644096K)
[3.645s][info][gc,metaspace   ] GC(89) Metaspace: 6302K(6464K)->6302K(6464K) NonClass: 5769K(5824K)->5769K(5824K) Class: 533K(640K)->533K(640K)
[3.645s][info][gc             ] GC(89) Pause Young (Allocation Failure) 635M->635M(661M) 30.399ms
[3.645s][info][gc,cpu         ] GC(89) User=0.08s Sys=0.03s Real=0.03s
[3.645s][info][gc,start       ] GC(90) Pause Full (Ergonomics)
[3.645s][info][gc,phases,start] GC(90) Marking Phase
[3.809s][info][gc,phases      ] GC(90) Marking Phase 164.793ms
[3.810s][info][gc,phases,start] GC(90) Summary Phase
[3.810s][info][gc,phases      ] GC(90) Summary Phase 0.028ms
[3.810s][info][gc,phases,start] GC(90) Adjust Roots
[3.810s][info][gc,phases      ] GC(90) Adjust Roots 0.201ms
[3.810s][info][gc,phases,start] GC(90) Compaction Phase
[3.902s][info][gc,phases      ] GC(90) Compaction Phase 92.452ms
[3.902s][info][gc,phases,start] GC(90) Post Compact
[3.904s][info][gc,phases      ] GC(90) Post Compact 1.241ms
[3.904s][info][gc,heap        ] GC(90) PSYoungGen: 24640K(33280K)->6088K(33280K) Eden: 0K(8192K)->0K(8192K) From: 24640K(25088K)->6088K(25088K)
[3.904s][info][gc,heap        ] GC(90) ParOldGen: 626161K(644096K)->643662K(723968K)
[3.904s][info][gc,metaspace   ] GC(90) Metaspace: 6302K(6464K)->6302K(6464K) NonClass: 5769K(5824K)->5769K(5824K) Class: 533K(640K)->533K(640K)
[3.904s][info][gc             ] GC(90) Pause Full (Ergonomics) 635M->634M(739M) 259.391ms
[3.904s][info][gc,cpu         ] GC(90) User=1.42s Sys=0.02s Real=0.26s
[3.913s][info][gc,start       ] GC(91) Pause Young (Allocation Failure)
[3.951s][info][gc,heap        ] GC(91) PSYoungGen: 14280K(33280K)->10656K(73728K) Eden: 8192K(8192K)->0K(9216K) From: 6088K(25088K)->10656K(64512K)
[3.951s][info][gc,heap        ] GC(91) ParOldGen: 643662K(723968K)->647486K(723968K)
[3.951s][info][gc,metaspace   ] GC(91) Metaspace: 6302K(6464K)->6302K(6464K) NonClass: 5769K(5824K)->5769K(5824K) Class: 533K(640K)->533K(640K)
[3.951s][info][gc             ] GC(91) Pause Young (Allocation Failure) 642M->642M(779M) 37.812ms
[3.951s][info][gc,cpu         ] GC(91) User=0.16s Sys=0.00s Real=0.04s
[3.962s][info][gc,start       ] GC(92) Pause Young (Allocation Failure)
[3.974s][info][gc,heap        ] GC(92) PSYoungGen: 19872K(73728K)->17568K(74240K) Eden: 9216K(9216K)->0K(9216K) From: 10656K(64512K)->17568K(65024K)
[3.974s][info][gc,heap        ] GC(92) ParOldGen: 647486K(723968K)->649894K(723968K)
[3.974s][info][gc,metaspace   ] GC(92) Metaspace: 6302K(6464K)->6302K(6464K) NonClass: 5769K(5824K)->5769K(5824K) Class: 533K(640K)->533K(640K)
[3.974s][info][gc             ] GC(92) Pause Young (Allocation Failure) 651M->651M(779M) 12.422ms
[3.974s][info][gc,cpu         ] GC(92) User=0.02s Sys=0.00s Real=0.01s
[3.986s][info][gc,start       ] GC(93) Pause Young (Allocation Failure)
[4.002s][info][gc,heap        ] GC(93) PSYoungGen: 26784K(74240K)->18592K(70144K) Eden: 9216K(9216K)->0K(10752K) From: 17568K(65024K)->18592K(59392K)
[4.002s][info][gc,heap        ] GC(93) ParOldGen: 649894K(723968K)->658198K(723968K)
[4.002s][info][gc,metaspace   ] GC(93) Metaspace: 6302K(6464K)->6302K(6464K) NonClass: 5769K(5824K)->5769K(5824K) Class: 533K(640K)->533K(640K)
[4.002s][info][gc             ] GC(93) Pause Young (Allocation Failure) 660M->660M(775M) 15.730ms
[4.002s][info][gc,cpu         ] GC(93) User=0.00s Sys=0.00s Real=0.02s
[4.016s][info][gc,start       ] GC(94) Pause Young (Allocation Failure)
[4.033s][info][gc,heap        ] GC(94) PSYoungGen: 29344K(70144K)->20064K(31232K) Eden: 10752K(10752K)->0K(10752K) From: 18592K(59392K)->20064K(20480K)
[4.033s][info][gc,heap        ] GC(94) ParOldGen: 658198K(723968K)->667542K(723968K)
[4.033s][info][gc,metaspace   ] GC(94) Metaspace: 6302K(6464K)->6302K(6464K) NonClass: 5769K(5824K)->5769K(5824K) Class: 533K(640K)->533K(640K)
[4.033s][info][gc             ] GC(94) Pause Young (Allocation Failure) 671M->671M(737M) 16.944ms
[4.033s][info][gc,cpu         ] GC(94) User=0.02s Sys=0.00s Real=0.02s
[4.047s][info][gc,start       ] GC(95) Pause Young (Allocation Failure)
[4.065s][info][gc,heap        ] GC(95) PSYoungGen: 30816K(31232K)->21632K(66560K) Eden: 10752K(10752K)->0K(12288K) From: 20064K(20480K)->21632K(54272K)
[4.065s][info][gc,heap        ] GC(95) ParOldGen: 667542K(723968K)->676886K(723968K)
[4.065s][info][gc,metaspace   ] GC(95) Metaspace: 6302K(6464K)->6302K(6464K) NonClass: 5769K(5824K)->5769K(5824K) Class: 533K(640K)->533K(640K)
[4.065s][info][gc             ] GC(95) Pause Young (Allocation Failure) 681M->682M(772M) 17.409ms
[4.065s][info][gc,cpu         ] GC(95) User=0.00s Sys=0.02s Real=0.02s
[4.203s][info][gc,start       ] GC(96) Pause Full (Ergonomics)
[4.204s][info][gc,phases,start] GC(96) Marking Phase
[4.389s][info][gc,phases      ] GC(96) Marking Phase 185.238ms
[4.389s][info][gc,phases,start] GC(96) Summary Phase
[4.389s][info][gc,phases      ] GC(96) Summary Phase 0.039ms
[4.389s][info][gc,phases,start] GC(96) Adjust Roots
[4.389s][info][gc,phases      ] GC(96) Adjust Roots 0.316ms
[4.389s][info][gc,phases,start] GC(96) Compaction Phase
[4.522s][info][gc,phases      ] GC(96) Compaction Phase 132.556ms
[4.522s][info][gc,phases,start] GC(96) Post Compact
[4.524s][info][gc,phases      ] GC(96) Post Compact 1.621ms
[4.524s][info][gc,heap        ] GC(96) PSYoungGen: 33920K(66560K)->2539K(68096K) Eden: 12288K(12288K)->0K(13824K) From: 21632K(54272K)->2539K(54272K)
[4.524s][info][gc,heap        ] GC(96) ParOldGen: 709654K(723968K)->723830K(801792K)
[4.524s][info][gc,metaspace   ] GC(96) Metaspace: 6302K(6464K)->6302K(6464K) NonClass: 5769K(5824K)->5769K(5824K) Class: 533K(640K)->533K(640K)
[4.524s][info][gc             ] GC(96) Pause Full (Ergonomics) 726M->709M(849M) 320.648ms
[4.524s][info][gc,cpu         ] GC(96) User=1.84s Sys=0.02s Real=0.32s
[4.539s][info][gc,start       ] GC(97) Pause Young (Allocation Failure)
[4.583s][info][gc,heap        ] GC(97) PSYoungGen: 16363K(68096K)->15936K(70656K) Eden: 13824K(13824K)->0K(13824K) From: 2539K(54272K)->15936K(56832K)
[4.583s][info][gc,heap        ] GC(97) ParOldGen: 723830K(801792K)->724438K(801792K)
[4.584s][info][gc,metaspace   ] GC(97) Metaspace: 6302K(6464K)->6302K(6464K) NonClass: 5769K(5824K)->5769K(5824K) Class: 533K(640K)->533K(640K)
[4.584s][info][gc             ] GC(97) Pause Young (Allocation Failure) 722M->723M(852M) 44.070ms
[4.584s][info][gc,cpu         ] GC(97) User=0.16s Sys=0.00s Real=0.04s
[4.599s][info][gc,start       ] GC(98) Pause Young (Allocation Failure)
[4.619s][info][gc,heap        ] GC(98) PSYoungGen: 29760K(70656K)->29728K(68096K) Eden: 13824K(13824K)->0K(15360K) From: 15936K(56832K)->29728K(52736K)
[4.619s][info][gc,heap        ] GC(98) ParOldGen: 724438K(801792K)->724438K(801792K)
[4.619s][info][gc,metaspace   ] GC(98) Metaspace: 6302K(6464K)->6302K(6464K) NonClass: 5769K(5824K)->5769K(5824K) Class: 533K(640K)->533K(640K)
[4.619s][info][gc             ] GC(98) Pause Young (Allocation Failure) 736M->736M(849M) 20.291ms
[4.619s][info][gc,cpu         ] GC(98) User=0.03s Sys=0.00s Real=0.02s
[4.638s][info][gc,start       ] GC(99) Pause Young (Allocation Failure)
[4.664s][info][gc,heap        ] GC(99) PSYoungGen: 45088K(68096K)->45120K(69632K) Eden: 15360K(15360K)->0K(15360K) From: 29728K(52736K)->45120K(54272K)
[4.664s][info][gc,heap        ] GC(99) ParOldGen: 724438K(801792K)->724438K(801792K)
[4.664s][info][gc,metaspace   ] GC(99) Metaspace: 6302K(6464K)->6302K(6464K) NonClass: 5769K(5824K)->5769K(5824K) Class: 533K(640K)->533K(640K)
[4.664s][info][gc             ] GC(99) Pause Young (Allocation Failure) 751M->751M(851M) 25.851ms
[4.664s][info][gc,cpu         ] GC(99) User=0.09s Sys=0.00s Real=0.03s
[4.680s][info][gc,start       ] GC(100) Pause Young (Allocation Failure)
[4.712s][info][gc,heap        ] GC(100) PSYoungGen: 60480K(69632K)->58528K(67584K) Eden: 15360K(15360K)->0K(8704K) From: 45120K(54272K)->58528K(58880K)
[4.712s][info][gc,heap        ] GC(100) ParOldGen: 724438K(801792K)->726486K(801792K)
[4.712s][info][gc,metaspace   ] GC(100) Metaspace: 6302K(6464K)->6302K(6464K) NonClass: 5769K(5824K)->5769K(5824K) Class: 533K(640K)->533K(640K)
[4.713s][info][gc             ] GC(100) Pause Young (Allocation Failure) 766M->766M(849M) 32.417ms
[4.713s][info][gc,cpu         ] GC(100) User=0.08s Sys=0.00s Real=0.03s
[4.722s][info][gc,start       ] GC(101) Pause Young (Allocation Failure)
[4.754s][info][gc,heap        ] GC(101) PSYoungGen: 67232K(67584K)->53376K(75776K) Eden: 8704K(8704K)->0K(8704K) From: 58528K(58880K)->53376K(67072K)
[4.754s][info][gc,heap        ] GC(101) ParOldGen: 726486K(801792K)->740510K(801792K)
[4.754s][info][gc,metaspace   ] GC(101) Metaspace: 6302K(6464K)->6302K(6464K) NonClass: 5769K(5824K)->5769K(5824K) Class: 533K(640K)->533K(640K)
[4.755s][info][gc             ] GC(101) Pause Young (Allocation Failure) 775M->775M(857M) 32.694ms
[4.755s][info][gc,cpu         ] GC(101) User=0.17s Sys=0.00s Real=0.03s
[4.763s][info][gc,start       ] GC(102) Pause Young (Allocation Failure)
[4.795s][info][gc,heap        ] GC(102) PSYoungGen: 62080K(75776K)->32864K(74752K) Eden: 8704K(8704K)->0K(10240K) From: 53376K(67072K)->32864K(64512K)
[4.795s][info][gc,heap        ] GC(102) ParOldGen: 740510K(801792K)->770070K(801792K)
[4.795s][info][gc,metaspace   ] GC(102) Metaspace: 6302K(6464K)->6302K(6464K) NonClass: 5769K(5824K)->5769K(5824K) Class: 533K(640K)->533K(640K)
[4.795s][info][gc             ] GC(102) Pause Young (Allocation Failure) 783M->784M(856M) 31.585ms
[4.795s][info][gc,cpu         ] GC(102) User=0.12s Sys=0.02s Real=0.03s
[4.805s][info][gc,start       ] GC(103) Pause Young (Allocation Failure)
[4.829s][info][gc,heap        ] GC(103) PSYoungGen: 43104K(74752K)->19040K(78336K) Eden: 10240K(10240K)->0K(10240K) From: 32864K(64512K)->19040K(68096K)
[4.829s][info][gc,heap        ] GC(103) ParOldGen: 770070K(801792K)->794422K(801792K)
[4.829s][info][gc,metaspace   ] GC(103) Metaspace: 6302K(6464K)->6302K(6464K) NonClass: 5769K(5824K)->5769K(5824K) Class: 533K(640K)->533K(640K)
[4.829s][info][gc             ] GC(103) Pause Young (Allocation Failure) 794M->794M(859M) 24.091ms
[4.829s][info][gc,cpu         ] GC(103) User=0.05s Sys=0.00s Real=0.03s
[4.829s][info][gc,start       ] GC(104) Pause Full (Ergonomics)
[4.830s][info][gc,phases,start] GC(104) Marking Phase
[5.006s][info][gc,phases      ] GC(104) Marking Phase 176.952ms
[5.007s][info][gc,phases,start] GC(104) Summary Phase
[5.007s][info][gc,phases      ] GC(104) Summary Phase 0.022ms
[5.007s][info][gc,phases,start] GC(104) Adjust Roots
[5.007s][info][gc,phases      ] GC(104) Adjust Roots 0.153ms
[5.007s][info][gc,phases,start] GC(104) Compaction Phase
[5.092s][info][gc,phases      ] GC(104) Compaction Phase 85.007ms
[5.092s][info][gc,phases,start] GC(104) Post Compact
[5.093s][info][gc,phases      ] GC(104) Post Compact 1.432ms
[5.094s][info][gc,heap        ] GC(104) PSYoungGen: 19040K(78336K)->10709K(78336K) Eden: 0K(10240K)->0K(10240K) From: 19040K(68096K)->10709K(68096K)
[5.094s][info][gc,heap        ] GC(104) ParOldGen: 794422K(801792K)->801453K(893952K)
[5.094s][info][gc,metaspace   ] GC(104) Metaspace: 6302K(6464K)->6302K(6464K) NonClass: 5769K(5824K)->5769K(5824K) Class: 533K(640K)->533K(640K)
[5.094s][info][gc             ] GC(104) Pause Full (Ergonomics) 794M->793M(949M) 264.163ms
[5.094s][info][gc,cpu         ] GC(104) User=1.73s Sys=0.02s Real=0.26s
[5.106s][info][gc,start       ] GC(105) Pause Young (Allocation Failure)
[5.149s][info][gc,heap        ] GC(105) PSYoungGen: 20949K(78336K)->10336K(78848K) Eden: 10240K(10240K)->0K(11776K) From: 10709K(68096K)->10336K(67072K)
[5.149s][info][gc,heap        ] GC(105) ParOldGen: 801453K(893952K)->812317K(893952K)
[5.149s][info][gc,metaspace   ] GC(105) Metaspace: 6302K(6464K)->6302K(6464K) NonClass: 5769K(5824K)->5769K(5824K) Class: 533K(640K)->533K(640K)
[5.149s][info][gc             ] GC(105) Pause Young (Allocation Failure) 803M->803M(950M) 43.478ms
[5.149s][info][gc,cpu         ] GC(105) User=0.27s Sys=0.00s Real=0.04s
[5.161s][info][gc,start       ] GC(106) Pause Young (Allocation Failure)
[5.177s][info][gc,heap        ] GC(106) PSYoungGen: 22112K(78848K)->11904K(78848K) Eden: 11776K(11776K)->0K(11776K) From: 10336K(67072K)->11904K(67072K)
[5.177s][info][gc,heap        ] GC(106) ParOldGen: 812317K(893952K)->822709K(893952K)
[5.177s][info][gc,metaspace   ] GC(106) Metaspace: 6302K(6464K)->6302K(6464K) NonClass: 5769K(5824K)->5769K(5824K) Class: 533K(640K)->533K(640K)
[5.177s][info][gc             ] GC(106) Pause Young (Allocation Failure) 814M->815M(950M) 15.894ms
[5.177s][info][gc,cpu         ] GC(106) User=0.02s Sys=0.00s Real=0.01s
[5.190s][info][gc,start       ] GC(107) Pause Young (Allocation Failure)
[5.207s][info][gc,heap        ] GC(107) PSYoungGen: 23680K(78848K)->11904K(77312K) Eden: 11776K(11776K)->0K(13312K) From: 11904K(67072K)->11904K(64000K)
[5.207s][info][gc,heap        ] GC(107) ParOldGen: 822709K(893952K)->834653K(893952K)
[5.207s][info][gc,metaspace   ] GC(107) Metaspace: 6302K(6464K)->6302K(6464K) NonClass: 5769K(5824K)->5769K(5824K) Class: 533K(640K)->533K(640K)
[5.207s][info][gc             ] GC(107) Pause Young (Allocation Failure) 826M->826M(948M) 16.475ms
[5.207s][info][gc,cpu         ] GC(107) User=0.02s Sys=0.00s Real=0.02s
[5.223s][info][gc,start       ] GC(108) Pause Young (Allocation Failure)
[5.240s][info][gc,heap        ] GC(108) PSYoungGen: 25216K(77312K)->13440K(78336K) Eden: 13312K(13312K)->0K(13312K) From: 11904K(64000K)->13440K(65024K)
[5.240s][info][gc,heap        ] GC(108) ParOldGen: 834653K(893952K)->846589K(893952K)
[5.240s][info][gc,metaspace   ] GC(108) Metaspace: 6302K(6464K)->6302K(6464K) NonClass: 5769K(5824K)->5769K(5824K) Class: 533K(640K)->533K(640K)
[5.240s][info][gc             ] GC(108) Pause Young (Allocation Failure) 839M->839M(949M) 17.053ms
[5.240s][info][gc,cpu         ] GC(108) User=0.03s Sys=0.00s Real=0.02s
[5.255s][info][gc,start       ] GC(109) Pause Young (Allocation Failure)
[5.272s][info][gc,heap        ] GC(109) PSYoungGen: 26752K(78336K)->13440K(74752K) Eden: 13312K(13312K)->0K(15360K) From: 13440K(65024K)->13440K(59392K)
[5.272s][info][gc,heap        ] GC(109) ParOldGen: 846589K(893952K)->860085K(893952K)
[5.272s][info][gc,metaspace   ] GC(109) Metaspace: 6302K(6464K)->6302K(6464K) NonClass: 5769K(5824K)->5769K(5824K) Class: 533K(640K)->533K(640K)
[5.272s][info][gc             ] GC(109) Pause Young (Allocation Failure) 852M->853M(946M) 17.448ms
[5.272s][info][gc,cpu         ] GC(109) User=0.03s Sys=0.00s Real=0.02s
[5.288s][info][gc,start       ] GC(110) Pause Young (Allocation Failure)
[5.307s][info][gc,heap        ] GC(110) PSYoungGen: 28800K(74752K)->15488K(31232K) Eden: 15360K(15360K)->0K(15360K) From: 13440K(59392K)->15488K(15872K)
[5.307s][info][gc,heap        ] GC(110) ParOldGen: 860085K(893952K)->873589K(893952K)
[5.307s][info][gc,metaspace   ] GC(110) Metaspace: 6302K(6464K)->6302K(6464K) NonClass: 5769K(5824K)->5769K(5824K) Class: 533K(640K)->533K(640K)
[5.307s][info][gc             ] GC(110) Pause Young (Allocation Failure) 868M->868M(903M) 18.315ms
[5.307s][info][gc,cpu         ] GC(110) User=0.03s Sys=0.00s Real=0.02s
[5.307s][info][gc,start       ] GC(111) Pause Full (Ergonomics)
[5.307s][info][gc,phases,start] GC(111) Marking Phase
[5.507s][info][gc,phases      ] GC(111) Marking Phase 200.455ms
[5.507s][info][gc,phases,start] GC(111) Summary Phase
[5.507s][info][gc,phases      ] GC(111) Summary Phase 0.029ms
[5.507s][info][gc,phases,start] GC(111) Adjust Roots
[5.508s][info][gc,phases      ] GC(111) Adjust Roots 0.153ms
[5.508s][info][gc,phases,start] GC(111) Compaction Phase
[5.601s][info][gc,phases      ] GC(111) Compaction Phase 93.390ms
[5.601s][info][gc,phases,start] GC(111) Post Compact
[5.603s][info][gc,phases      ] GC(111) Post Compact 1.679ms
[5.603s][info][gc,heap        ] GC(111) PSYoungGen: 15488K(31232K)->0K(76288K) Eden: 0K(15360K)->0K(17408K) From: 15488K(15872K)->0K(58880K)
[5.603s][info][gc,heap        ] GC(111) ParOldGen: 873589K(893952K)->887760K(978432K)
[5.603s][info][gc,metaspace   ] GC(111) Metaspace: 6302K(6464K)->6302K(6464K) NonClass: 5769K(5824K)->5769K(5824K) Class: 533K(640K)->533K(640K)
[5.603s][info][gc             ] GC(111) Pause Full (Ergonomics) 868M->866M(1030M) 296.303ms
[5.603s][info][gc,cpu         ] GC(111) User=1.97s Sys=0.02s Real=0.30s
[5.625s][info][gc,start       ] GC(112) Pause Young (Allocation Failure)
[5.640s][info][gc,heap        ] GC(112) PSYoungGen: 17408K(76288K)->17504K(35328K) Eden: 17408K(17408K)->0K(17408K) From: 0K(58880K)->17504K(17920K)
[5.640s][info][gc,heap        ] GC(112) ParOldGen: 887760K(978432K)->887760K(978432K)
[5.640s][info][gc,metaspace   ] GC(112) Metaspace: 6302K(6464K)->6302K(6464K) NonClass: 5769K(5824K)->5769K(5824K) Class: 533K(640K)->533K(640K)
[5.640s][info][gc             ] GC(112) Pause Young (Allocation Failure) 883M->884M(990M) 14.238ms
[5.640s][info][gc,cpu         ] GC(112) User=0.00s Sys=0.00s Real=0.01s
[5.659s][info][gc,start       ] GC(113) Pause Young (Allocation Failure)
[5.679s][info][gc,heap        ] GC(113) PSYoungGen: 34912K(35328K)->35008K(74240K) Eden: 17408K(17408K)->0K(17920K) From: 17504K(17920K)->35008K(56320K)
[5.679s][info][gc,heap        ] GC(113) ParOldGen: 887760K(978432K)->887760K(978432K)
[5.679s][info][gc,metaspace   ] GC(113) Metaspace: 6302K(6464K)->6302K(6464K) NonClass: 5769K(5824K)->5769K(5824K) Class: 533K(640K)->533K(640K)
[5.679s][info][gc             ] GC(113) Pause Young (Allocation Failure) 901M->901M(1028M) 20.002ms
[5.679s][info][gc,cpu         ] GC(113) User=0.03s Sys=0.00s Real=0.02s
[5.700s][info][gc,start       ] GC(114) Pause Young (Allocation Failure)
[5.727s][info][gc,heap        ] GC(114) PSYoungGen: 52928K(74240K)->52896K(75776K) Eden: 17920K(17920K)->0K(17920K) From: 35008K(56320K)->52896K(57856K)
[5.727s][info][gc,heap        ] GC(114) ParOldGen: 887760K(978432K)->887760K(978432K)
[5.727s][info][gc,metaspace   ] GC(114) Metaspace: 6302K(6464K)->6302K(6464K) NonClass: 5769K(5824K)->5769K(5824K) Class: 533K(640K)->533K(640K)
[5.727s][info][gc             ] GC(114) Pause Young (Allocation Failure) 918M->918M(1029M) 27.062ms
[5.727s][info][gc,cpu         ] GC(114) User=0.14s Sys=0.00s Real=0.03s
[5.746s][info][gc,start       ] GC(115) Pause Young (Allocation Failure)
[5.782s][info][gc,heap        ] GC(115) PSYoungGen: 70816K(75776K)->65024K(72192K) Eden: 17920K(17920K)->0K(7168K) From: 52896K(57856K)->65024K(65024K)
[5.782s][info][gc,heap        ] GC(115) ParOldGen: 887760K(978432K)->893496K(978432K)
[5.782s][info][gc,metaspace   ] GC(115) Metaspace: 6302K(6464K)->6302K(6464K) NonClass: 5769K(5824K)->5769K(5824K) Class: 533K(640K)->533K(640K)
[5.782s][info][gc             ] GC(115) Pause Young (Allocation Failure) 936M->936M(1026M) 35.371ms
[5.782s][info][gc,cpu         ] GC(115) User=0.27s Sys=0.00s Real=0.03s
[5.790s][info][gc,start       ] GC(116) Pause Young (Allocation Failure)
[5.824s][info][gc,heap        ] GC(116) PSYoungGen: 72192K(72192K)->41344K(84992K) Eden: 7168K(7168K)->0K(7168K) From: 65024K(65024K)->41344K(77824K)
[5.824s][info][gc,heap        ] GC(116) ParOldGen: 893496K(978432K)->924872K(978432K)
[5.824s][info][gc,metaspace   ] GC(116) Metaspace: 6302K(6464K)->6302K(6464K) NonClass: 5769K(5824K)->5769K(5824K) Class: 533K(640K)->533K(640K)
[5.824s][info][gc             ] GC(116) Pause Young (Allocation Failure) 943M->943M(1038M) 33.750ms
[5.824s][info][gc,cpu         ] GC(116) User=0.23s Sys=0.00s Real=0.03s
[5.831s][info][gc,start       ] GC(117) Pause Young (Allocation Failure)
[5.857s][info][gc,heap        ] GC(117) PSYoungGen: 48512K(84992K)->14432K(81920K) Eden: 7168K(7168K)->0K(8192K) From: 41344K(77824K)->14432K(73728K)
[5.857s][info][gc,heap        ] GC(117) ParOldGen: 924872K(978432K)->959320K(978432K)
[5.857s][info][gc,metaspace   ] GC(117) Metaspace: 6302K(6464K)->6302K(6464K) NonClass: 5769K(5824K)->5769K(5824K) Class: 533K(640K)->533K(640K)
[5.857s][info][gc             ] GC(117) Pause Young (Allocation Failure) 950M->950M(1035M) 25.208ms
[5.857s][info][gc,cpu         ] GC(117) User=0.11s Sys=0.02s Real=0.03s
[5.857s][info][gc,start       ] GC(118) Pause Full (Ergonomics)
[5.857s][info][gc,phases,start] GC(118) Marking Phase
[6.080s][info][gc,phases      ] GC(118) Marking Phase 223.466ms
[6.080s][info][gc,phases,start] GC(118) Summary Phase
[6.080s][info][gc,phases      ] GC(118) Summary Phase 0.029ms
[6.080s][info][gc,phases,start] GC(118) Adjust Roots
[6.080s][info][gc,phases      ] GC(118) Adjust Roots 0.157ms
[6.080s][info][gc,phases,start] GC(118) Compaction Phase
[6.172s][info][gc,phases      ] GC(118) Compaction Phase 91.537ms
[6.172s][info][gc,phases,start] GC(118) Post Compact
[6.174s][info][gc,phases      ] GC(118) Post Compact 1.669ms
[6.174s][info][gc,heap        ] GC(118) PSYoungGen: 14432K(81920K)->0K(83456K) Eden: 0K(8192K)->0K(8192K) From: 14432K(73728K)->0K(75264K)
[6.174s][info][gc,heap        ] GC(118) ParOldGen: 959320K(978432K)->972563K(1080832K)
[6.174s][info][gc,metaspace   ] GC(118) Metaspace: 6302K(6464K)->6302K(6464K) NonClass: 5769K(5824K)->5769K(5824K) Class: 533K(640K)->533K(640K)
[6.174s][info][gc             ] GC(118) Pause Full (Ergonomics) 950M->949M(1137M) 317.543ms
[6.174s][info][gc,cpu         ] GC(118) User=2.27s Sys=0.00s Real=0.32s
[6.184s][info][gc,start       ] GC(119) Pause Young (Allocation Failure)
[6.197s][info][gc,heap        ] GC(119) PSYoungGen: 8192K(83456K)->8320K(82944K) Eden: 8192K(8192K)->0K(9216K) From: 0K(75264K)->8320K(73728K)
[6.197s][info][gc,heap        ] GC(119) ParOldGen: 972563K(1080832K)->972563K(1080832K)
[6.197s][info][gc,metaspace   ] GC(119) Metaspace: 6302K(6464K)->6302K(6464K) NonClass: 5769K(5824K)->5769K(5824K) Class: 533K(640K)->533K(640K)
[6.197s][info][gc             ] GC(119) Pause Young (Allocation Failure) 957M->957M(1136M) 12.372ms
[6.197s][info][gc,cpu         ] GC(119) User=0.02s Sys=0.00s Real=0.01s
[6.207s][info][gc,start       ] GC(120) Pause Young (Allocation Failure)
[6.221s][info][gc,heap        ] GC(120) PSYoungGen: 17536K(82944K)->17504K(27136K) Eden: 9216K(9216K)->0K(9216K) From: 8320K(73728K)->17504K(17920K)
[6.221s][info][gc,heap        ] GC(120) ParOldGen: 972563K(1080832K)->972563K(1080832K)
[6.221s][info][gc,metaspace   ] GC(120) Metaspace: 6302K(6464K)->6302K(6464K) NonClass: 5769K(5824K)->5769K(5824K) Class: 533K(640K)->533K(640K)
[6.221s][info][gc             ] GC(120) Pause Young (Allocation Failure) 966M->966M(1082M) 13.878ms
[6.221s][info][gc,cpu         ] GC(120) User=0.02s Sys=0.00s Real=0.01s
[6.232s][info][gc,start       ] GC(121) Pause Young (Allocation Failure)
[6.250s][info][gc,heap        ] GC(121) PSYoungGen: 26720K(27136K)->18560K(76800K) Eden: 9216K(9216K)->0K(10752K) From: 17504K(17920K)->18560K(66048K)
[6.250s][info][gc,heap        ] GC(121) ParOldGen: 972563K(1080832K)->980875K(1080832K)
[6.250s][info][gc,metaspace   ] GC(121) Metaspace: 6302K(6464K)->6302K(6464K) NonClass: 5769K(5824K)->5769K(5824K) Class: 533K(640K)->533K(640K)
[6.250s][info][gc             ] GC(121) Pause Young (Allocation Failure) 975M->976M(1130M) 17.627ms
[6.250s][info][gc,cpu         ] GC(121) User=0.03s Sys=0.00s Real=0.02s
[6.263s][info][gc,start       ] GC(122) Pause Young (Allocation Failure)
[6.280s][info][gc,heap        ] GC(122) PSYoungGen: 29312K(76800K)->20064K(31232K) Eden: 10752K(10752K)->0K(10752K) From: 18560K(66048K)->20064K(20480K)
[6.281s][info][gc,heap        ] GC(122) ParOldGen: 980875K(1080832K)->990219K(1080832K)
[6.281s][info][gc,metaspace   ] GC(122) Metaspace: 6302K(6464K)->6302K(6464K) NonClass: 5769K(5824K)->5769K(5824K) Class: 533K(640K)->533K(640K)
[6.281s][info][gc             ] GC(122) Pause Young (Allocation Failure) 986M->986M(1086M) 17.474ms
[6.281s][info][gc,cpu         ] GC(122) User=0.03s Sys=0.00s Real=0.02s
[6.293s][info][gc,start       ] GC(123) Pause Young (Allocation Failure)
[6.314s][info][gc,heap        ] GC(123) PSYoungGen: 30816K(31232K)->21600K(71680K) Eden: 10752K(10752K)->0K(12288K) From: 20064K(20480K)->21600K(59392K)
[6.314s][info][gc,heap        ] GC(123) ParOldGen: 990219K(1080832K)->999571K(1080832K)
[6.315s][info][gc,metaspace   ] GC(123) Metaspace: 6302K(6464K)->6302K(6464K) NonClass: 5769K(5824K)->5769K(5824K) Class: 533K(640K)->533K(640K)
[6.315s][info][gc             ] GC(123) Pause Young (Allocation Failure) 997M->997M(1125M) 21.689ms
[6.315s][info][gc,cpu         ] GC(123) User=0.05s Sys=0.00s Real=0.02s
[6.328s][info][gc,start       ] GC(124) Pause Young (Allocation Failure)
[6.348s][info][gc,heap        ] GC(124) PSYoungGen: 33888K(71680K)->23136K(35840K) Eden: 12288K(12288K)->0K(12288K) From: 21600K(59392K)->23136K(23552K)
[6.348s][info][gc,heap        ] GC(124) ParOldGen: 999571K(1080832K)->1010475K(1080832K)
[6.348s][info][gc,metaspace   ] GC(124) Metaspace: 6302K(6464K)->6302K(6464K) NonClass: 5769K(5824K)->5769K(5824K) Class: 533K(640K)->533K(640K)
[6.348s][info][gc             ] GC(124) Pause Young (Allocation Failure) 1009M->1009M(1090M) 19.726ms
[6.348s][info][gc,cpu         ] GC(124) User=0.12s Sys=0.00s Real=0.02s
[6.363s][info][gc,start       ] GC(125) Pause Young (Allocation Failure)
[6.384s][info][gc,heap        ] GC(125) PSYoungGen: 35424K(35840K)->24672K(66560K) Eden: 12288K(12288K)->0K(13824K) From: 23136K(23552K)->24672K(52736K)
[6.384s][info][gc,heap        ] GC(125) ParOldGen: 1010475K(1080832K)->1021387K(1080832K)
[6.384s][info][gc,metaspace   ] GC(125) Metaspace: 6302K(6464K)->6302K(6464K) NonClass: 5769K(5824K)->5769K(5824K) Class: 533K(640K)->533K(640K)
[6.384s][info][gc             ] GC(125) Pause Young (Allocation Failure) 1021M->1021M(1120M) 20.828ms
[6.384s][info][gc,cpu         ] GC(125) User=0.03s Sys=0.00s Real=0.02s
[6.399s][info][gc,start       ] GC(126) Pause Young (Allocation Failure)
[6.420s][info][gc,heap        ] GC(126) PSYoungGen: 38496K(66560K)->26240K(40448K) Eden: 13824K(13824K)->0K(13824K) From: 24672K(52736K)->26240K(26624K)
[6.420s][info][gc,heap        ] GC(126) ParOldGen: 1021387K(1080832K)->1033843K(1080832K)
[6.420s][info][gc,metaspace   ] GC(126) Metaspace: 6302K(6464K)->6302K(6464K) NonClass: 5769K(5824K)->5769K(5824K) Class: 533K(640K)->533K(640K)
[6.421s][info][gc             ] GC(126) Pause Young (Allocation Failure) 1035M->1035M(1095M) 21.562ms
[6.421s][info][gc,cpu         ] GC(126) User=0.11s Sys=0.02s Real=0.02s
[6.437s][info][gc,start       ] GC(127) Pause Young (Allocation Failure)
[6.459s][info][gc,heap        ] GC(127) PSYoungGen: 40064K(40448K)->27744K(65024K) Eden: 13824K(13824K)->0K(15872K) From: 26240K(26624K)->27744K(49152K)
[6.459s][info][gc,heap        ] GC(127) ParOldGen: 1033843K(1080832K)->1046299K(1080832K)
[6.459s][info][gc,metaspace   ] GC(127) Metaspace: 6302K(6464K)->6302K(6464K) NonClass: 5769K(5824K)->5769K(5824K) Class: 533K(640K)->533K(640K)
[6.459s][info][gc             ] GC(127) Pause Young (Allocation Failure) 1048M->1048M(1119M) 22.397ms
[6.459s][info][gc,cpu         ] GC(127) User=0.14s Sys=0.00s Real=0.02s
[6.477s][info][gc,start       ] GC(128) Pause Young (Allocation Failure)
[6.501s][info][gc,heap        ] GC(128) PSYoungGen: 43616K(65024K)->29824K(67072K) Eden: 15872K(15872K)->0K(15872K) From: 27744K(49152K)->29824K(51200K)
[6.501s][info][gc,heap        ] GC(128) ParOldGen: 1046299K(1080832K)->1060315K(1080832K)
[6.501s][info][gc,metaspace   ] GC(128) Metaspace: 6302K(6464K)->6302K(6464K) NonClass: 5769K(5824K)->5769K(5824K) Class: 533K(640K)->533K(640K)
[6.501s][info][gc             ] GC(128) Pause Young (Allocation Failure) 1064M->1064M(1121M) 24.174ms
[6.501s][info][gc,cpu         ] GC(128) User=0.14s Sys=0.00s Real=0.03s
[6.501s][info][gc,start       ] GC(129) Pause Full (Ergonomics)
[6.501s][info][gc,phases,start] GC(129) Marking Phase
[6.739s][info][gc,phases      ] GC(129) Marking Phase 237.858ms
[6.739s][info][gc,phases,start] GC(129) Summary Phase
[6.739s][info][gc,phases      ] GC(129) Summary Phase 0.026ms
[6.739s][info][gc,phases,start] GC(129) Adjust Roots
[6.739s][info][gc,phases      ] GC(129) Adjust Roots 0.161ms
[6.739s][info][gc,phases,start] GC(129) Compaction Phase
[6.839s][info][gc,phases      ] GC(129) Compaction Phase 99.532ms
[6.839s][info][gc,phases,start] GC(129) Post Compact
[6.841s][info][gc,phases      ] GC(129) Post Compact 1.876ms
[6.841s][info][gc,heap        ] GC(129) PSYoungGen: 29824K(67072K)->7668K(67072K) Eden: 0K(15872K)->0K(15872K) From: 29824K(51200K)->7668K(51200K)
[6.841s][info][gc,heap        ] GC(129) ParOldGen: 1060315K(1080832K)->1080811K(1184768K)
[6.841s][info][gc,metaspace   ] GC(129) Metaspace: 6302K(6464K)->6302K(6464K) NonClass: 5769K(5824K)->5769K(5824K) Class: 533K(640K)->533K(640K)
[6.841s][info][gc             ] GC(129) Pause Full (Ergonomics) 1064M->1062M(1222M) 340.102ms
[6.841s][info][gc,cpu         ] GC(129) User=2.27s Sys=0.00s Real=0.34s
[6.861s][info][gc,start       ] GC(130) Pause Young (Allocation Failure)
[6.925s][info][gc,heap        ] GC(130) PSYoungGen: 23540K(67072K)->20672K(65024K) Eden: 15872K(15872K)->0K(17920K) From: 7668K(51200K)->20672K(47104K)
[6.925s][info][gc,heap        ] GC(130) ParOldGen: 1080811K(1184768K)->1083867K(1184768K)
[6.925s][info][gc,metaspace   ] GC(130) Metaspace: 6302K(6464K)->6302K(6464K) NonClass: 5769K(5824K)->5769K(5824K) Class: 533K(640K)->533K(640K)
[6.925s][info][gc             ] GC(130) Pause Young (Allocation Failure) 1078M->1078M(1220M) 63.717ms
[6.925s][info][gc,cpu         ] GC(130) User=0.33s Sys=0.00s Real=0.06s
[6.945s][info][gc,start       ] GC(131) Pause Young (Allocation Failure)
[6.969s][info][gc,heap        ] GC(131) PSYoungGen: 38592K(65024K)->38624K(66560K) Eden: 17920K(17920K)->0K(17920K) From: 20672K(47104K)->38624K(48640K)
[6.969s][info][gc,heap        ] GC(131) ParOldGen: 1083867K(1184768K)->1083867K(1184768K)
[6.969s][info][gc,metaspace   ] GC(131) Metaspace: 6302K(6464K)->6302K(6464K) NonClass: 5769K(5824K)->5769K(5824K) Class: 533K(640K)->533K(640K)
[6.969s][info][gc             ] GC(131) Pause Young (Allocation Failure) 1096M->1096M(1222M) 24.299ms
[6.969s][info][gc,cpu         ] GC(131) User=0.03s Sys=0.00s Real=0.02s
[6.989s][info][gc,start       ] GC(132) Pause Young (Allocation Failure)
[7.020s][info][gc,heap        ] GC(132) PSYoungGen: 56544K(66560K)->51200K(62464K) Eden: 17920K(17920K)->0K(11264K) From: 38624K(48640K)->51200K(51200K)
[7.020s][info][gc,heap        ] GC(132) ParOldGen: 1083867K(1184768K)->1089195K(1184768K)
[7.020s][info][gc,metaspace   ] GC(132) Metaspace: 6302K(6464K)->6302K(6464K) NonClass: 5769K(5824K)->5769K(5824K) Class: 533K(640K)->533K(640K)
[7.020s][info][gc             ] GC(132) Pause Young (Allocation Failure) 1113M->1113M(1218M) 31.067ms
[7.020s][info][gc,cpu         ] GC(132) User=0.14s Sys=0.00s Real=0.03s
[7.033s][info][gc,start       ] GC(133) Pause Young (Allocation Failure)
[7.066s][info][gc,heap        ] GC(133) PSYoungGen: 62464K(62464K)->29056K(40448K) Eden: 11264K(11264K)->0K(11264K) From: 51200K(51200K)->29056K(29184K)
[7.066s][info][gc,heap        ] GC(133) ParOldGen: 1089195K(1184768K)->1123107K(1184768K)
[7.066s][info][gc,metaspace   ] GC(133) Metaspace: 6302K(6464K)->6302K(6464K) NonClass: 5769K(5824K)->5769K(5824K) Class: 533K(640K)->533K(640K)
[7.066s][info][gc             ] GC(133) Pause Young (Allocation Failure) 1124M->1125M(1196M) 32.980ms
[7.066s][info][gc,cpu         ] GC(133) User=0.16s Sys=0.00s Real=0.03s
[7.079s][info][gc,start       ] GC(134) Pause Young (Allocation Failure)
[7.102s][info][gc,heap        ] GC(134) PSYoungGen: 40320K(40448K)->22688K(66048K) Eden: 11264K(11264K)->0K(12800K) From: 29056K(29184K)->22688K(53248K)
[7.102s][info][gc,heap        ] GC(134) ParOldGen: 1123107K(1184768K)->1141011K(1184768K)
[7.102s][info][gc,metaspace   ] GC(134) Metaspace: 6302K(6464K)->6302K(6464K) NonClass: 5769K(5824K)->5769K(5824K) Class: 533K(640K)->533K(640K)
[7.102s][info][gc             ] GC(134) Pause Young (Allocation Failure) 1136M->1136M(1221M) 22.941ms
[7.102s][info][gc,cpu         ] GC(134) User=0.12s Sys=0.00s Real=0.02s
[7.117s][info][gc,start       ] GC(135) Pause Young (Allocation Failure)
[7.139s][info][gc,heap        ] GC(135) PSYoungGen: 35488K(66048K)->12928K(68096K) Eden: 12800K(12800K)->0K(12800K) From: 22688K(53248K)->12928K(55296K)
[7.139s][info][gc,heap        ] GC(135) ParOldGen: 1141011K(1184768K)->1163827K(1184768K)
[7.139s][info][gc,metaspace   ] GC(135) Metaspace: 6302K(6464K)->6302K(6464K) NonClass: 5769K(5824K)->5769K(5824K) Class: 533K(640K)->533K(640K)
[7.139s][info][gc             ] GC(135) Pause Young (Allocation Failure) 1148M->1149M(1223M) 21.624ms
[7.139s][info][gc,cpu         ] GC(135) User=0.11s Sys=0.02s Real=0.02s
[7.139s][info][gc,start       ] GC(136) Pause Full (Ergonomics)
[7.139s][info][gc,phases,start] GC(136) Marking Phase
[7.410s][info][gc,phases      ] GC(136) Marking Phase 271.169ms
[7.410s][info][gc,phases,start] GC(136) Summary Phase
[7.410s][info][gc,phases      ] GC(136) Summary Phase 0.041ms
[7.410s][info][gc,phases,start] GC(136) Adjust Roots
[7.410s][info][gc,phases      ] GC(136) Adjust Roots 0.175ms
[7.410s][info][gc,phases,start] GC(136) Compaction Phase
[7.507s][info][gc,phases      ] GC(136) Compaction Phase 96.838ms
[7.507s][info][gc,phases,start] GC(136) Post Compact
[7.509s][info][gc,phases      ] GC(136) Post Compact 2.134ms
[7.510s][info][gc,heap        ] GC(136) PSYoungGen: 12928K(68096K)->0K(70144K) Eden: 0K(12800K)->0K(14336K) From: 12928K(55296K)->0K(55808K)
[7.510s][info][gc,heap        ] GC(136) ParOldGen: 1163827K(1184768K)->1175340K(1297920K)
[7.510s][info][gc,metaspace   ] GC(136) Metaspace: 6302K(6464K)->6302K(6464K) NonClass: 5769K(5824K)->5769K(5824K) Class: 533K(640K)->533K(640K)
[7.510s][info][gc             ] GC(136) Pause Full (Ergonomics) 1149M->1147M(1336M) 371.195ms
[7.510s][info][gc,cpu         ] GC(136) User=2.56s Sys=0.02s Real=0.37s
[7.528s][info][gc,start       ] GC(137) Pause Young (Allocation Failure)
[7.542s][info][gc,heap        ] GC(137) PSYoungGen: 14336K(70144K)->14432K(70144K) Eden: 14336K(14336K)->0K(14336K) From: 0K(55808K)->14432K(55808K)
[7.542s][info][gc,heap        ] GC(137) ParOldGen: 1175340K(1297920K)->1175340K(1297920K)
[7.542s][info][gc,metaspace   ] GC(137) Metaspace: 6302K(6464K)->6302K(6464K) NonClass: 5769K(5824K)->5769K(5824K) Class: 533K(640K)->533K(640K)
[7.542s][info][gc             ] GC(137) Pause Young (Allocation Failure) 1161M->1161M(1336M) 13.419ms
[7.542s][info][gc,cpu         ] GC(137) User=0.02s Sys=0.00s Real=0.01s
[7.560s][info][gc,start       ] GC(138) Pause Young (Allocation Failure)
[7.580s][info][gc,heap        ] GC(138) PSYoungGen: 28768K(70144K)->28768K(67584K) Eden: 14336K(14336K)->0K(15872K) From: 14432K(55808K)->28768K(51712K)
[7.580s][info][gc,heap        ] GC(138) ParOldGen: 1175340K(1297920K)->1175340K(1297920K)
[7.580s][info][gc,metaspace   ] GC(138) Metaspace: 6302K(6464K)->6302K(6464K) NonClass: 5769K(5824K)->5769K(5824K) Class: 533K(640K)->533K(640K)
[7.580s][info][gc             ] GC(138) Pause Young (Allocation Failure) 1175M->1175M(1333M) 19.701ms
[7.580s][info][gc,cpu         ] GC(138) User=0.02s Sys=0.00s Real=0.02s
[7.599s][info][gc,start       ] GC(139) Pause Young (Allocation Failure)
[7.627s][info][gc,heap        ] GC(139) PSYoungGen: 44640K(67584K)->44672K(69120K) Eden: 15872K(15872K)->0K(15872K) From: 28768K(51712K)->44672K(53248K)
[7.627s][info][gc,heap        ] GC(139) ParOldGen: 1175340K(1297920K)->1175340K(1297920K)
[7.627s][info][gc,metaspace   ] GC(139) Metaspace: 6302K(6464K)->6302K(6464K) NonClass: 5769K(5824K)->5769K(5824K) Class: 533K(640K)->533K(640K)
[7.627s][info][gc             ] GC(139) Pause Young (Allocation Failure) 1191M->1191M(1335M) 27.559ms
[7.627s][info][gc,cpu         ] GC(139) User=0.11s Sys=0.00s Real=0.03s
[7.647s][info][gc,start       ] GC(140) Pause Young (Allocation Failure)
[7.680s][info][gc,heap        ] GC(140) PSYoungGen: 60544K(69120K)->46272K(71680K) Eden: 15872K(15872K)->0K(14336K) From: 44672K(53248K)->46272K(57344K)
[7.680s][info][gc,heap        ] GC(140) ParOldGen: 1175340K(1297920K)->1189876K(1297920K)
[7.680s][info][gc,metaspace   ] GC(140) Metaspace: 6302K(6464K)->6302K(6464K) NonClass: 5769K(5824K)->5769K(5824K) Class: 533K(640K)->533K(640K)
[7.680s][info][gc             ] GC(140) Pause Young (Allocation Failure) 1206M->1207M(1337M) 33.086ms
[7.680s][info][gc,cpu         ] GC(140) User=0.12s Sys=0.02s Real=0.03s
[7.698s][info][gc,start       ] GC(141) Pause Young (Allocation Failure)
[7.730s][info][gc,heap        ] GC(141) PSYoungGen: 60608K(71680K)->46240K(75264K) Eden: 14336K(14336K)->0K(14336K) From: 46272K(57344K)->46240K(60928K)
[7.730s][info][gc,heap        ] GC(141) ParOldGen: 1189876K(1297920K)->1204428K(1297920K)
[7.730s][info][gc,metaspace   ] GC(141) Metaspace: 6302K(6464K)->6302K(6464K) NonClass: 5769K(5824K)->5769K(5824K) Class: 533K(640K)->533K(640K)
[7.730s][info][gc             ] GC(141) Pause Young (Allocation Failure) 1221M->1221M(1341M) 31.319ms
[7.730s][info][gc,cpu         ] GC(141) User=0.12s Sys=0.00s Real=0.03s
[7.747s][info][gc,start       ] GC(142) Pause Young (Allocation Failure)
[7.779s][info][gc,heap        ] GC(142) PSYoungGen: 60576K(75264K)->44640K(78848K) Eden: 14336K(14336K)->0K(14848K) From: 46240K(60928K)->44640K(64000K)
[7.779s][info][gc,heap        ] GC(142) ParOldGen: 1204428K(1297920K)->1220532K(1297920K)
[7.779s][info][gc,metaspace   ] GC(142) Metaspace: 6302K(6464K)->6302K(6464K) NonClass: 5769K(5824K)->5769K(5824K) Class: 533K(640K)->533K(640K)
[7.779s][info][gc             ] GC(142) Pause Young (Allocation Failure) 1235M->1235M(1344M) 31.884ms
[7.779s][info][gc,cpu         ] GC(142) User=0.14s Sys=0.00s Real=0.03s
[7.797s][info][gc,start       ] GC(143) Pause Young (Allocation Failure)
[7.829s][info][gc,heap        ] GC(143) PSYoungGen: 59488K(78848K)->43648K(80384K) Eden: 14848K(14848K)->0K(14848K) From: 44640K(64000K)->43648K(65536K)
[7.829s][info][gc,heap        ] GC(143) ParOldGen: 1220532K(1297920K)->1236628K(1297920K)
[7.829s][info][gc,metaspace   ] GC(143) Metaspace: 6302K(6464K)->6302K(6464K) NonClass: 5769K(5824K)->5769K(5824K) Class: 533K(640K)->533K(640K)
[7.829s][info][gc             ] GC(143) Pause Young (Allocation Failure) 1250M->1250M(1346M) 32.170ms
[7.829s][info][gc,cpu         ] GC(143) User=0.12s Sys=0.02s Real=0.03s
[7.848s][info][gc,start       ] GC(144) Pause Young (Allocation Failure)
[7.881s][info][gc,heap        ] GC(144) PSYoungGen: 58496K(80384K)->29824K(78336K) Eden: 14848K(14848K)->0K(16896K) From: 43648K(65536K)->29824K(61440K)
[7.881s][info][gc,heap        ] GC(144) ParOldGen: 1236628K(1297920K)->1265660K(1297920K)
[7.881s][info][gc,metaspace   ] GC(144) Metaspace: 6302K(6464K)->6302K(6464K) NonClass: 5769K(5824K)->5769K(5824K) Class: 533K(640K)->533K(640K)
[7.881s][info][gc             ] GC(144) Pause Young (Allocation Failure) 1264M->1265M(1344M) 32.816ms
[7.881s][info][gc,cpu         ] GC(144) User=0.12s Sys=0.02s Real=0.03s
[7.881s][info][gc,start       ] GC(145) Pause Full (Ergonomics)
[7.881s][info][gc,phases,start] GC(145) Marking Phase
[8.164s][info][gc,phases      ] GC(145) Marking Phase 282.370ms
[8.164s][info][gc,phases,start] GC(145) Summary Phase
[8.164s][info][gc,phases      ] GC(145) Summary Phase 0.043ms
[8.164s][info][gc,phases,start] GC(145) Adjust Roots
[8.164s][info][gc,phases      ] GC(145) Adjust Roots 0.215ms
[8.164s][info][gc,phases,start] GC(145) Compaction Phase
[8.267s][info][gc,phases      ] GC(145) Compaction Phase 103.341ms
[8.267s][info][gc,phases,start] GC(145) Post Compact
[8.269s][info][gc,phases      ] GC(145) Post Compact 2.038ms
[8.270s][info][gc,heap        ] GC(145) PSYoungGen: 29824K(78336K)->0K(80896K) Eden: 0K(16896K)->0K(16896K) From: 29824K(61440K)->0K(64000K)
[8.270s][info][gc,heap        ] GC(145) ParOldGen: 1265660K(1297920K)->1293883K(1427456K)
[8.270s][info][gc,metaspace   ] GC(145) Metaspace: 6302K(6464K)->6302K(6464K) NonClass: 5769K(5824K)->5769K(5824K) Class: 533K(640K)->533K(640K)
[8.270s][info][gc             ] GC(145) Pause Full (Ergonomics) 1265M->1263M(1473M) 388.800ms
[8.270s][info][gc,cpu         ] GC(145) User=2.86s Sys=0.00s Real=0.39s
[8.290s][info][gc,start       ] GC(146) Pause Young (Allocation Failure)
[8.305s][info][gc,heap        ] GC(146) PSYoungGen: 16896K(80896K)->12416K(82944K) Eden: 16896K(16896K)->0K(18944K) From: 0K(64000K)->12416K(64000K)
[8.305s][info][gc,heap        ] GC(146) ParOldGen: 1293883K(1427456K)->1293883K(1427456K)
[8.305s][info][gc,metaspace   ] GC(146) Metaspace: 6302K(6464K)->6302K(6464K) NonClass: 5769K(5824K)->5769K(5824K) Class: 533K(640K)->533K(640K)
[8.305s][info][gc             ] GC(146) Pause Young (Allocation Failure) 1280M->1275M(1475M) 15.086ms
[8.305s][info][gc,cpu         ] GC(146) User=0.00s Sys=0.00s Real=0.01s
[8.320s][info][gc,start       ] GC(147) Pause Young (Allocation Failure)
[8.338s][info][gc,heap        ] GC(147) PSYoungGen: 31360K(82944K)->22208K(83456K) Eden: 18944K(18944K)->0K(18944K) From: 12416K(64000K)->22208K(64512K)
[8.338s][info][gc,heap        ] GC(147) ParOldGen: 1293883K(1427456K)->1293883K(1427456K)
[8.338s][info][gc,metaspace   ] GC(147) Metaspace: 6302K(6464K)->6302K(6464K) NonClass: 5769K(5824K)->5769K(5824K) Class: 533K(640K)->533K(640K)
[8.338s][info][gc             ] GC(147) Pause Young (Allocation Failure) 1294M->1285M(1475M) 17.653ms
[8.338s][info][gc,cpu         ] GC(147) User=0.03s Sys=0.00s Real=0.02s
[8.358s][info][gc,start       ] GC(148) Pause Young (Allocation Failure)
[8.380s][info][gc,heap        ] GC(148) PSYoungGen: 41152K(83456K)->36640K(81920K) Eden: 18944K(18944K)->0K(20992K) From: 22208K(64512K)->36640K(60928K)
[8.380s][info][gc,heap        ] GC(148) ParOldGen: 1293883K(1427456K)->1293883K(1427456K)
[8.380s][info][gc,metaspace   ] GC(148) Metaspace: 6302K(6464K)->6302K(6464K) NonClass: 5769K(5824K)->5769K(5824K) Class: 533K(640K)->533K(640K)
[8.381s][info][gc             ] GC(148) Pause Young (Allocation Failure) 1303M->1299M(1474M) 22.100ms
[8.381s][info][gc,cpu         ] GC(148) User=0.14s Sys=0.00s Real=0.02s
[8.409s][info][gc,start       ] GC(149) Pause Young (Allocation Failure)
[8.443s][info][gc,heap        ] GC(149) PSYoungGen: 57632K(81920K)->45344K(82944K) Eden: 20992K(20992K)->0K(20992K) From: 36640K(60928K)->45344K(61952K)
[8.443s][info][gc,heap        ] GC(149) ParOldGen: 1293883K(1427456K)->1306331K(1427456K)
[8.443s][info][gc,metaspace   ] GC(149) Metaspace: 6302K(6464K)->6302K(6464K) NonClass: 5769K(5824K)->5769K(5824K) Class: 533K(640K)->533K(640K)
[8.443s][info][gc             ] GC(149) Pause Young (Allocation Failure) 1319M->1319M(1475M) 33.273ms
[8.443s][info][gc,cpu         ] GC(149) User=0.16s Sys=0.00s Real=0.03s
[8.469s][info][gc,start       ] GC(150) Pause Young (Allocation Failure)
[8.504s][info][gc,heap        ] GC(150) PSYoungGen: 66336K(82944K)->56512K(81920K) Eden: 20992K(20992K)->0K(17920K) From: 45344K(61952K)->56512K(64000K)
[8.504s][info][gc,heap        ] GC(150) ParOldGen: 1306331K(1427456K)->1316323K(1427456K)
[8.505s][info][gc,metaspace   ] GC(150) Metaspace: 6302K(6464K)->6302K(6464K) NonClass: 5769K(5824K)->5769K(5824K) Class: 533K(640K)->533K(640K)
[8.505s][info][gc             ] GC(150) Pause Young (Allocation Failure) 1340M->1340M(1474M) 35.861ms
[8.505s][info][gc,cpu         ] GC(150) User=0.14s Sys=0.00s Real=0.04s
[8.527s][info][gc,start       ] GC(151) Pause Young (Allocation Failure)
[8.566s][info][gc,heap        ] GC(151) PSYoungGen: 74432K(81920K)->60096K(87552K) Eden: 17920K(17920K)->0K(17920K) From: 56512K(64000K)->60096K(69632K)
[8.566s][info][gc,heap        ] GC(151) ParOldGen: 1316323K(1427456K)->1330899K(1427456K)
[8.566s][info][gc,metaspace   ] GC(151) Metaspace: 6302K(6464K)->6302K(6464K) NonClass: 5769K(5824K)->5769K(5824K) Class: 533K(640K)->533K(640K)
[8.566s][info][gc             ] GC(151) Pause Young (Allocation Failure) 1358M->1358M(1479M) 39.338ms
[8.566s][info][gc,cpu         ] GC(151) User=0.23s Sys=0.02s Real=0.04s
[8.589s][info][gc,start       ] GC(152) Pause Young (Allocation Failure)
[8.631s][info][gc,heap        ] GC(152) PSYoungGen: 78016K(87552K)->56992K(92672K) Eden: 17920K(17920K)->0K(16896K) From: 60096K(69632K)->56992K(75776K)
[8.631s][info][gc,heap        ] GC(152) ParOldGen: 1330899K(1427456K)->1352195K(1427456K)
[8.631s][info][gc,metaspace   ] GC(152) Metaspace: 6302K(6464K)->6302K(6464K) NonClass: 5769K(5824K)->5769K(5824K) Class: 533K(640K)->533K(640K)
[8.631s][info][gc             ] GC(152) Pause Young (Allocation Failure) 1375M->1376M(1484M) 41.841ms
[8.631s][info][gc,cpu         ] GC(152) User=0.25s Sys=0.02s Real=0.04s
[8.882s][info][gc,start       ] GC(153) Pause Full (Ergonomics)
[8.882s][info][gc,phases,start] GC(153) Marking Phase
[9.209s][info][gc,phases      ] GC(153) Marking Phase 326.358ms
[9.209s][info][gc,phases,start] GC(153) Summary Phase
[9.209s][info][gc,phases      ] GC(153) Summary Phase 0.030ms
[9.209s][info][gc,phases,start] GC(153) Adjust Roots
[9.209s][info][gc,phases      ] GC(153) Adjust Roots 0.252ms
[9.209s][info][gc,phases,start] GC(153) Compaction Phase
[9.551s][info][gc,phases      ] GC(153) Compaction Phase 341.780ms
[9.551s][info][gc,phases,start] GC(153) Post Compact
[9.554s][info][gc,phases      ] GC(153) Post Compact 3.039ms
[9.554s][info][gc,heap        ] GC(153) PSYoungGen: 73888K(92672K)->30167K(92672K) Eden: 16896K(16896K)->0K(16896K) From: 56992K(75776K)->30167K(75776K)
[9.555s][info][gc,heap        ] GC(153) ParOldGen: 1417731K(1427456K)->1427439K(1567232K)
[9.555s][info][gc,metaspace   ] GC(153) Metaspace: 6302K(6464K)->6302K(6464K) NonClass: 5769K(5824K)->5769K(5824K) Class: 533K(640K)->533K(640K)
[9.555s][info][gc             ] GC(153) Pause Full (Ergonomics) 1456M->1423M(1621M) 672.467ms
[9.555s][info][gc,cpu         ] GC(153) User=4.50s Sys=0.05s Real=0.67s
[9.573s][info][gc,start       ] GC(154) Pause Young (Allocation Failure)
[9.653s][info][gc,heap        ] GC(154) PSYoungGen: 47063K(92672K)->34528K(51712K) Eden: 16896K(16896K)->0K(16896K) From: 30167K(75776K)->34528K(34816K)
[9.654s][info][gc,heap        ] GC(154) ParOldGen: 1427439K(1567232K)->1440319K(1567232K)
[9.654s][info][gc,metaspace   ] GC(154) Metaspace: 6302K(6464K)->6302K(6464K) NonClass: 5769K(5824K)->5769K(5824K) Class: 533K(640K)->533K(640K)
[9.654s][info][gc             ] GC(154) Pause Young (Allocation Failure) 1439M->1440M(1581M) 80.263ms
[9.654s][info][gc,cpu         ] GC(154) User=0.44s Sys=0.00s Real=0.08s
[9.669s][info][gc,start       ] GC(155) Pause Young (Allocation Failure)
[9.700s][info][gc,heap        ] GC(155) PSYoungGen: 51424K(51712K)->51456K(93696K) Eden: 16896K(16896K)->0K(17920K) From: 34528K(34816K)->51456K(75776K)
[9.700s][info][gc,heap        ] GC(155) ParOldGen: 1440319K(1567232K)->1440319K(1567232K)
[9.700s][info][gc,metaspace   ] GC(155) Metaspace: 6302K(6464K)->6302K(6464K) NonClass: 5769K(5824K)->5769K(5824K) Class: 533K(640K)->533K(640K)
[9.700s][info][gc             ] GC(155) Pause Young (Allocation Failure) 1456M->1456M(1622M) 30.591ms
[9.700s][info][gc,cpu         ] GC(155) User=0.05s Sys=0.00s Real=0.03s
[9.716s][info][gc,start       ] GC(156) Pause Young (Allocation Failure)
[9.752s][info][gc,heap        ] GC(156) PSYoungGen: 69376K(93696K)->60384K(94720K) Eden: 17920K(17920K)->0K(17920K) From: 51456K(75776K)->60384K(76800K)
[9.752s][info][gc,heap        ] GC(156) ParOldGen: 1440319K(1567232K)->1449455K(1567232K)
[9.752s][info][gc,metaspace   ] GC(156) Metaspace: 6302K(6464K)->6302K(6464K) NonClass: 5769K(5824K)->5769K(5824K) Class: 533K(640K)->533K(640K)
[9.752s][info][gc             ] GC(156) Pause Young (Allocation Failure) 1474M->1474M(1623M) 35.739ms
[9.752s][info][gc,cpu         ] GC(156) User=0.25s Sys=0.00s Real=0.04s
[9.770s][info][gc,start       ] GC(157) Pause Young (Allocation Failure)
[9.813s][info][gc,heap        ] GC(157) PSYoungGen: 78304K(94720K)->69792K(94720K) Eden: 17920K(17920K)->0K(13824K) From: 60384K(76800K)->69792K(80896K)
[9.813s][info][gc,heap        ] GC(157) ParOldGen: 1449455K(1567232K)->1458071K(1567232K)
[9.813s][info][gc,metaspace   ] GC(157) Metaspace: 6302K(6464K)->6302K(6464K) NonClass: 5769K(5824K)->5769K(5824K) Class: 533K(640K)->533K(640K)
[9.813s][info][gc             ] GC(157) Pause Young (Allocation Failure) 1491M->1492M(1623M) 42.863ms
[9.813s][info][gc,cpu         ] GC(157) User=0.22s Sys=0.00s Real=0.04s
[9.826s][info][gc,start       ] GC(158) Pause Young (Allocation Failure)
[9.872s][info][gc,heap        ] GC(158) PSYoungGen: 83616K(94720K)->49824K(100864K) Eden: 13824K(13824K)->0K(13824K) From: 69792K(80896K)->49824K(87040K)
[9.872s][info][gc,heap        ] GC(158) ParOldGen: 1458071K(1567232K)->1492271K(1567232K)
[9.872s][info][gc,metaspace   ] GC(158) Metaspace: 6302K(6464K)->6302K(6464K) NonClass: 5769K(5824K)->5769K(5824K) Class: 533K(640K)->533K(640K)
[9.872s][info][gc             ] GC(158) Pause Young (Allocation Failure) 1505M->1505M(1629M) 45.759ms
[9.872s][info][gc,cpu         ] GC(158) User=0.12s Sys=0.03s Real=0.05s
[9.887s][info][gc,start       ] GC(159) Pause Young (Allocation Failure)
[9.927s][info][gc,heap        ] GC(159) PSYoungGen: 63648K(100864K)->27808K(98816K) Eden: 13824K(13824K)->0K(15872K) From: 49824K(87040K)->27808K(82944K)
[9.927s][info][gc,heap        ] GC(159) ParOldGen: 1492271K(1567232K)->1528543K(1567232K)
[9.927s][info][gc,metaspace   ] GC(159) Metaspace: 6302K(6464K)->6302K(6464K) NonClass: 5769K(5824K)->5769K(5824K) Class: 533K(640K)->533K(640K)
[9.927s][info][gc             ] GC(159) Pause Young (Allocation Failure) 1519M->1519M(1627M) 39.732ms
[9.927s][info][gc,cpu         ] GC(159) User=0.03s Sys=0.00s Real=0.04s
[9.927s][info][gc,start       ] GC(160) Pause Full (Ergonomics)
[9.927s][info][gc,phases,start] GC(160) Marking Phase
[10.279s][info][gc,phases      ] GC(160) Marking Phase 351.992ms
[10.279s][info][gc,phases,start] GC(160) Summary Phase
[10.279s][info][gc,phases      ] GC(160) Summary Phase 0.037ms
[10.279s][info][gc,phases,start] GC(160) Adjust Roots
[10.279s][info][gc,phases      ] GC(160) Adjust Roots 0.167ms
[10.279s][info][gc,phases,start] GC(160) Compaction Phase
[10.436s][info][gc,phases      ] GC(160) Compaction Phase 156.765ms
[10.436s][info][gc,phases,start] GC(160) Post Compact
[10.439s][info][gc,phases      ] GC(160) Post Compact 2.929ms
[10.440s][info][gc,heap        ] GC(160) PSYoungGen: 27808K(98816K)->0K(99840K) Eden: 0K(15872K)->0K(15872K) From: 27808K(82944K)->0K(83968K)
[10.440s][info][gc,heap        ] GC(160) ParOldGen: 1528543K(1567232K)->1554706K(1716224K)
[10.440s][info][gc,metaspace   ] GC(160) Metaspace: 6302K(6464K)->6302K(6464K) NonClass: 5769K(5824K)->5769K(5824K) Class: 533K(640K)->533K(640K)
[10.440s][info][gc             ] GC(160) Pause Full (Ergonomics) 1519M->1518M(1773M) 513.030ms
[10.440s][info][gc,cpu         ] GC(160) User=3.52s Sys=0.06s Real=0.51s
[10.459s][info][gc,start       ] GC(161) Pause Young (Allocation Failure)
[10.478s][info][gc,heap        ] GC(161) PSYoungGen: 15872K(99840K)->16032K(101888K) Eden: 15872K(15872K)->0K(17920K) From: 0K(83968K)->16032K(83968K)
[10.478s][info][gc,heap        ] GC(161) ParOldGen: 1554706K(1716224K)->1554706K(1716224K)
[10.478s][info][gc,metaspace   ] GC(161) Metaspace: 6302K(6464K)->6302K(6464K) NonClass: 5769K(5824K)->5769K(5824K) Class: 533K(640K)->533K(640K)
[10.478s][info][gc             ] GC(161) Pause Young (Allocation Failure) 1533M->1533M(1775M) 19.423ms
[10.478s][info][gc,cpu         ] GC(161) User=0.03s Sys=0.00s Real=0.02s
[10.497s][info][gc,start       ] GC(162) Pause Young (Allocation Failure)
[10.524s][info][gc,heap        ] GC(162) PSYoungGen: 33952K(101888K)->18080K(102400K) Eden: 17920K(17920K)->0K(17920K) From: 16032K(83968K)->18080K(84480K)
[10.524s][info][gc,heap        ] GC(162) ParOldGen: 1554706K(1716224K)->1570778K(1716224K)
[10.524s][info][gc,metaspace   ] GC(162) Metaspace: 6302K(6464K)->6302K(6464K) NonClass: 5769K(5824K)->5769K(5824K) Class: 533K(640K)->533K(640K)
[10.524s][info][gc             ] GC(162) Pause Young (Allocation Failure) 1551M->1551M(1776M) 26.919ms
[10.524s][info][gc,cpu         ] GC(162) User=0.03s Sys=0.02s Real=0.03s
[10.542s][info][gc,start       ] GC(163) Pause Young (Allocation Failure)
[10.569s][info][gc,heap        ] GC(163) PSYoungGen: 36000K(102400K)->18080K(101888K) Eden: 17920K(17920K)->0K(19968K) From: 18080K(84480K)->18080K(81920K)
[10.569s][info][gc,heap        ] GC(163) ParOldGen: 1570778K(1716224K)->1588962K(1716224K)
[10.569s][info][gc,metaspace   ] GC(163) Metaspace: 6302K(6464K)->6302K(6464K) NonClass: 5769K(5824K)->5769K(5824K) Class: 533K(640K)->533K(640K)
[10.569s][info][gc             ] GC(163) Pause Young (Allocation Failure) 1569M->1569M(1775M) 26.644ms
[10.569s][info][gc,cpu         ] GC(163) User=0.03s Sys=0.00s Real=0.03s
[10.588s][info][gc,start       ] GC(164) Pause Young (Allocation Failure)
[10.615s][info][gc,heap        ] GC(164) PSYoungGen: 38048K(101888K)->20128K(102912K) Eden: 19968K(19968K)->0K(19968K) From: 18080K(81920K)->20128K(82944K)
[10.615s][info][gc,heap        ] GC(164) ParOldGen: 1588962K(1716224K)->1607114K(1716224K)
[10.615s][info][gc,metaspace   ] GC(164) Metaspace: 6302K(6464K)->6302K(6464K) NonClass: 5769K(5824K)->5769K(5824K) Class: 533K(640K)->533K(640K)
[10.615s][info][gc             ] GC(164) Pause Young (Allocation Failure) 1588M->1589M(1776M) 27.309ms
[10.615s][info][gc,cpu         ] GC(164) User=0.05s Sys=0.00s Real=0.03s
[10.635s][info][gc,start       ] GC(165) Pause Young (Allocation Failure)
[10.664s][info][gc,heap        ] GC(165) PSYoungGen: 40096K(102912K)->20096K(99840K) Eden: 19968K(19968K)->0K(22528K) From: 20128K(82944K)->20096K(77312K)
[10.664s][info][gc,heap        ] GC(165) ParOldGen: 1607114K(1716224K)->1627362K(1716224K)
[10.664s][info][gc,metaspace   ] GC(165) Metaspace: 6302K(6464K)->6302K(6464K) NonClass: 5769K(5824K)->5769K(5824K) Class: 533K(640K)->533K(640K)
[10.664s][info][gc             ] GC(165) Pause Young (Allocation Failure) 1608M->1608M(1773M) 29.161ms
[10.664s][info][gc,cpu         ] GC(165) User=0.05s Sys=0.00s Real=0.03s
[10.686s][info][gc,start       ] GC(166) Pause Young (Allocation Failure)
[10.714s][info][gc,heap        ] GC(166) PSYoungGen: 42624K(99840K)->22656K(101888K) Eden: 22528K(22528K)->0K(22528K) From: 20096K(77312K)->22656K(79360K)
[10.714s][info][gc,heap        ] GC(166) ParOldGen: 1627362K(1716224K)->1647594K(1716224K)
[10.714s][info][gc,metaspace   ] GC(166) Metaspace: 6302K(6464K)->6302K(6464K) NonClass: 5769K(5824K)->5769K(5824K) Class: 533K(640K)->533K(640K)
[10.714s][info][gc             ] GC(166) Pause Young (Allocation Failure) 1630M->1631M(1775M) 28.100ms
[10.714s][info][gc,cpu         ] GC(166) User=0.05s Sys=0.00s Real=0.03s
[10.736s][info][gc,start       ] GC(167) Pause Young (Allocation Failure)
[10.766s][info][gc,heap        ] GC(167) PSYoungGen: 45184K(101888K)->22656K(96768K) Eden: 22528K(22528K)->0K(25600K) From: 22656K(79360K)->22656K(71168K)
[10.766s][info][gc,heap        ] GC(167) ParOldGen: 1647594K(1716224K)->1670426K(1716224K)
[10.766s][info][gc,metaspace   ] GC(167) Metaspace: 6302K(6464K)->6302K(6464K) NonClass: 5769K(5824K)->5769K(5824K) Class: 533K(640K)->533K(640K)
[10.766s][info][gc             ] GC(167) Pause Young (Allocation Failure) 1653M->1653M(1770M) 29.365ms
[10.766s][info][gc,cpu         ] GC(167) User=0.12s Sys=0.00s Real=0.03s
[10.791s][info][gc,start       ] GC(168) Pause Young (Allocation Failure)
[10.824s][info][gc,heap        ] GC(168) PSYoungGen: 48256K(96768K)->25792K(99328K) Eden: 25600K(25600K)->0K(25600K) From: 22656K(71168K)->25792K(73728K)
[10.824s][info][gc,heap        ] GC(168) ParOldGen: 1670426K(1716224K)->1693250K(1716224K)
[10.824s][info][gc,metaspace   ] GC(168) Metaspace: 6302K(6464K)->6302K(6464K) NonClass: 5769K(5824K)->5769K(5824K) Class: 533K(640K)->533K(640K)
[10.824s][info][gc             ] GC(168) Pause Young (Allocation Failure) 1678M->1678M(1773M) 32.459ms
[10.824s][info][gc,cpu         ] GC(168) User=0.05s Sys=0.00s Real=0.03s
[10.824s][info][gc,start       ] GC(169) Pause Full (Ergonomics)
[10.824s][info][gc,phases,start] GC(169) Marking Phase
[11.205s][info][gc,phases      ] GC(169) Marking Phase 381.149ms
[11.205s][info][gc,phases,start] GC(169) Summary Phase
[11.205s][info][gc,phases      ] GC(169) Summary Phase 0.029ms
[11.205s][info][gc,phases,start] GC(169) Adjust Roots
[11.205s][info][gc,phases      ] GC(169) Adjust Roots 0.165ms
[11.205s][info][gc,phases,start] GC(169) Compaction Phase
[11.375s][info][gc,phases      ] GC(169) Compaction Phase 169.666ms
[11.375s][info][gc,phases,start] GC(169) Post Compact
[11.378s][info][gc,phases      ] GC(169) Post Compact 3.215ms
[11.379s][info][gc,heap        ] GC(169) PSYoungGen: 25792K(99328K)->556K(99328K) Eden: 0K(25600K)->0K(25600K) From: 25792K(73728K)->556K(73728K)
[11.379s][info][gc,heap        ] GC(169) ParOldGen: 1693250K(1716224K)->1716193K(1888768K)
[11.379s][info][gc,metaspace   ] GC(169) Metaspace: 6302K(6464K)->6302K(6464K) NonClass: 5769K(5824K)->5769K(5824K) Class: 533K(640K)->533K(640K)
[11.379s][info][gc             ] GC(169) Pause Full (Ergonomics) 1678M->1676M(1941M) 555.140ms
[11.379s][info][gc,cpu         ] GC(169) User=3.92s Sys=0.02s Real=0.55s
[11.407s][info][gc,start       ] GC(170) Pause Young (Allocation Failure)
[11.493s][info][gc,heap        ] GC(170) PSYoungGen: 26156K(99328K)->25760K(92160K) Eden: 25600K(25600K)->0K(28160K) From: 556K(73728K)->25760K(64000K)
[11.493s][info][gc,heap        ] GC(170) ParOldGen: 1716193K(1888768K)->1716785K(1888768K)
[11.493s][info][gc,metaspace   ] GC(170) Metaspace: 6302K(6464K)->6302K(6464K) NonClass: 5769K(5824K)->5769K(5824K) Class: 533K(640K)->533K(640K)
[11.493s][info][gc             ] GC(170) Pause Young (Allocation Failure) 1701M->1701M(1934M) 86.584ms
[11.493s][info][gc,cpu         ] GC(170) User=0.50s Sys=0.00s Real=0.09s
[11.523s][info][gc,start       ] GC(171) Pause Young (Allocation Failure)
[11.557s][info][gc,heap        ] GC(171) PSYoungGen: 53920K(92160K)->53952K(95744K) Eden: 28160K(28160K)->0K(28160K) From: 25760K(64000K)->53952K(67584K)
[11.557s][info][gc,heap        ] GC(171) ParOldGen: 1716785K(1888768K)->1716785K(1888768K)
[11.557s][info][gc,metaspace   ] GC(171) Metaspace: 6302K(6464K)->6302K(6464K) NonClass: 5769K(5824K)->5769K(5824K) Class: 533K(640K)->533K(640K)
[11.557s][info][gc             ] GC(171) Pause Young (Allocation Failure) 1729M->1729M(1938M) 34.223ms
[11.557s][info][gc,cpu         ] GC(171) User=0.16s Sys=0.00s Real=0.03s
[11.587s][info][gc,start       ] GC(172) Pause Young (Allocation Failure)
[11.630s][info][gc,heap        ] GC(172) PSYoungGen: 82112K(95744K)->72192K(89088K) Eden: 28160K(28160K)->0K(16896K) From: 53952K(67584K)->72192K(72192K)
[11.630s][info][gc,heap        ] GC(172) ParOldGen: 1716785K(1888768K)->1726713K(1888768K)
[11.630s][info][gc,metaspace   ] GC(172) Metaspace: 6302K(6464K)->6302K(6464K) NonClass: 5769K(5824K)->5769K(5824K) Class: 533K(640K)->533K(640K)
[11.630s][info][gc             ] GC(172) Pause Young (Allocation Failure) 1756M->1756M(1931M) 43.155ms
[11.630s][info][gc,cpu         ] GC(172) User=0.25s Sys=0.02s Real=0.04s
[11.648s][info][gc,start       ] GC(173) Pause Young (Allocation Failure)
[11.695s][info][gc,heap        ] GC(173) PSYoungGen: 89088K(89088K)->41536K(58880K) Eden: 16896K(16896K)->0K(16896K) From: 72192K(72192K)->41536K(41984K)
[11.695s][info][gc,heap        ] GC(173) ParOldGen: 1726713K(1888768K)->1774945K(1888768K)
[11.695s][info][gc,metaspace   ] GC(173) Metaspace: 6302K(6464K)->6302K(6464K) NonClass: 5769K(5824K)->5769K(5824K) Class: 533K(640K)->533K(640K)
[11.695s][info][gc             ] GC(173) Pause Young (Allocation Failure) 1773M->1773M(1902M) 46.383ms
[11.695s][info][gc,cpu         ] GC(173) User=0.23s Sys=0.03s Real=0.05s
[11.711s][info][gc,start       ] GC(174) Pause Young (Allocation Failure)
[11.746s][info][gc,heap        ] GC(174) PSYoungGen: 58432K(58880K)->33920K(95232K) Eden: 16896K(16896K)->0K(19456K) From: 41536K(41984K)->33920K(75776K)
[11.746s][info][gc,heap        ] GC(174) ParOldGen: 1774945K(1888768K)->1799785K(1888768K)
[11.746s][info][gc,metaspace   ] GC(174) Metaspace: 6302K(6464K)->6302K(6464K) NonClass: 5769K(5824K)->5769K(5824K) Class: 533K(640K)->533K(640K)
[11.746s][info][gc             ] GC(174) Pause Young (Allocation Failure) 1790M->1790M(1937M) 34.630ms
[11.746s][info][gc,cpu         ] GC(174) User=0.16s Sys=0.00s Real=0.03s
[11.766s][info][gc,start       ] GC(175) Pause Young (Allocation Failure)
[11.799s][info][gc,heap        ] GC(175) PSYoungGen: 53376K(95232K)->36544K(56320K) Eden: 19456K(19456K)->0K(19456K) From: 33920K(75776K)->36544K(36864K)
[11.799s][info][gc,heap        ] GC(175) ParOldGen: 1799785K(1888768K)->1816921K(1888768K)
[11.799s][info][gc,metaspace   ] GC(175) Metaspace: 6302K(6464K)->6302K(6464K) NonClass: 5769K(5824K)->5769K(5824K) Class: 533K(640K)->533K(640K)
[11.799s][info][gc             ] GC(175) Pause Young (Allocation Failure) 1809M->1810M(1899M) 33.304ms
[11.799s][info][gc,cpu         ] GC(175) User=0.16s Sys=0.00s Real=0.03s
[11.822s][info][gc,start       ] GC(176) Pause Young (Allocation Failure)
[11.857s][info][gc,heap        ] GC(176) PSYoungGen: 56000K(56320K)->39040K(90624K) Eden: 19456K(19456K)->0K(22016K) From: 36544K(36864K)->39040K(68608K)
[11.857s][info][gc,heap        ] GC(176) ParOldGen: 1816921K(1888768K)->1834033K(1888768K)
[11.857s][info][gc,metaspace   ] GC(176) Metaspace: 6302K(6464K)->6302K(6464K) NonClass: 5769K(5824K)->5769K(5824K) Class: 533K(640K)->533K(640K)
[11.857s][info][gc             ] GC(176) Pause Young (Allocation Failure) 1829M->1829M(1933M) 35.190ms
[11.857s][info][gc,cpu         ] GC(176) User=0.05s Sys=0.00s Real=0.04s
[11.884s][info][gc,start       ] GC(177) Pause Young (Allocation Failure)
[11.921s][info][gc,heap        ] GC(177) PSYoungGen: 61056K(90624K)->41632K(94208K) Eden: 22016K(22016K)->0K(22016K) From: 39040K(68608K)->41632K(72192K)
[11.921s][info][gc,heap        ] GC(177) ParOldGen: 1834033K(1888768K)->1853737K(1888768K)
[11.921s][info][gc,metaspace   ] GC(177) Metaspace: 6302K(6464K)->6302K(6464K) NonClass: 5769K(5824K)->5769K(5824K) Class: 533K(640K)->533K(640K)
[11.921s][info][gc             ] GC(177) Pause Young (Allocation Failure) 1850M->1850M(1936M) 36.956ms
[11.921s][info][gc,cpu         ] GC(177) User=0.16s Sys=0.00s Real=0.04s
[11.921s][info][gc,start       ] GC(178) Pause Full (Ergonomics)
[11.921s][info][gc,phases,start] GC(178) Marking Phase
[12.333s][info][gc,phases      ] GC(178) Marking Phase 411.933ms
[12.333s][info][gc,phases,start] GC(178) Summary Phase
[12.333s][info][gc,phases      ] GC(178) Summary Phase 0.051ms
[12.333s][info][gc,phases,start] GC(178) Adjust Roots
[12.333s][info][gc,phases      ] GC(178) Adjust Roots 0.164ms
[12.333s][info][gc,phases,start] GC(178) Compaction Phase
[12.526s][info][gc,phases      ] GC(178) Compaction Phase 192.385ms
[12.526s][info][gc,phases,start] GC(178) Post Compact
[12.529s][info][gc,phases      ] GC(178) Post Compact 3.496ms
[12.530s][info][gc,heap        ] GC(178) PSYoungGen: 41632K(94208K)->4627K(94208K) Eden: 0K(22016K)->0K(22016K) From: 41632K(72192K)->4627K(72192K)
[12.530s][info][gc,heap        ] GC(178) ParOldGen: 1853737K(1888768K)->1888513K(2078720K)
[12.530s][info][gc,metaspace   ] GC(178) Metaspace: 6302K(6464K)->6302K(6464K) NonClass: 5769K(5824K)->5769K(5824K) Class: 533K(640K)->533K(640K)
[12.530s][info][gc             ] GC(178) Pause Full (Ergonomics) 1850M->1848M(2122M) 609.146ms
[12.530s][info][gc,cpu         ] GC(178) User=4.25s Sys=0.05s Real=0.61s
[12.555s][info][gc,start       ] GC(179) Pause Young (Allocation Failure)
[12.648s][info][gc,heap        ] GC(179) PSYoungGen: 26643K(94208K)->23552K(93184K) Eden: 22016K(22016K)->0K(24576K) From: 4627K(72192K)->23552K(68608K)
[12.648s][info][gc,heap        ] GC(179) ParOldGen: 1888513K(2078720K)->1891801K(2078720K)
[12.648s][info][gc,metaspace   ] GC(179) Metaspace: 6302K(6464K)->6302K(6464K) NonClass: 5769K(5824K)->5769K(5824K) Class: 533K(640K)->533K(640K)
[12.648s][info][gc             ] GC(179) Pause Young (Allocation Failure) 1870M->1870M(2121M) 92.873ms
[12.648s][info][gc,cpu         ] GC(179) User=0.64s Sys=0.00s Real=0.09s
[12.674s][info][gc,start       ] GC(180) Pause Young (Allocation Failure)
[12.707s][info][gc,heap        ] GC(180) PSYoungGen: 48128K(93184K)->48128K(94208K) Eden: 24576K(24576K)->0K(24576K) From: 23552K(68608K)->48128K(69632K)
[12.707s][info][gc,heap        ] GC(180) ParOldGen: 1891801K(2078720K)->1891801K(2078720K)
[12.707s][info][gc,metaspace   ] GC(180) Metaspace: 6302K(6464K)->6302K(6464K) NonClass: 5769K(5824K)->5769K(5824K) Class: 533K(640K)->533K(640K)
[12.707s][info][gc             ] GC(180) Pause Young (Allocation Failure) 1894M->1894M(2122M) 32.908ms
[12.707s][info][gc,cpu         ] GC(180) User=0.14s Sys=0.00s Real=0.03s
[12.737s][info][gc,start       ] GC(181) Pause Young (Allocation Failure)
[12.776s][info][gc,heap        ] GC(181) PSYoungGen: 72704K(94208K)->70656K(88064K) Eden: 24576K(24576K)->0K(17408K) From: 48128K(69632K)->70656K(70656K)
[12.776s][info][gc,heap        ] GC(181) ParOldGen: 1891801K(2078720K)->1893833K(2078720K)
[12.776s][info][gc,metaspace   ] GC(181) Metaspace: 6302K(6464K)->6302K(6464K) NonClass: 5769K(5824K)->5769K(5824K) Class: 533K(640K)->533K(640K)
[12.776s][info][gc             ] GC(181) Pause Young (Allocation Failure) 1918M->1918M(2116M) 39.693ms
[12.776s][info][gc,cpu         ] GC(181) User=0.14s Sys=0.00s Real=0.04s
[12.795s][info][gc,start       ] GC(182) Pause Young (Allocation Failure)
[12.840s][info][gc,heap        ] GC(182) PSYoungGen: 88064K(88064K)->65536K(97792K) Eden: 17408K(17408K)->0K(17408K) From: 70656K(70656K)->65536K(80384K)
[12.840s][info][gc,heap        ] GC(182) ParOldGen: 1893833K(2078720K)->1916801K(2078720K)
[12.840s][info][gc,metaspace   ] GC(182) Metaspace: 6302K(6464K)->6302K(6464K) NonClass: 5769K(5824K)->5769K(5824K) Class: 533K(640K)->533K(640K)
[12.840s][info][gc             ] GC(182) Pause Young (Allocation Failure) 1935M->1935M(2125M) 44.866ms
[12.840s][info][gc,cpu         ] GC(182) User=0.27s Sys=0.00s Real=0.05s
[12.861s][info][gc,start       ] GC(183) Pause Young (Allocation Failure)
[12.904s][info][gc,heap        ] GC(183) PSYoungGen: 82944K(97792K)->59104K(103424K) Eden: 17408K(17408K)->0K(17920K) From: 65536K(80384K)->59104K(85504K)
[12.904s][info][gc,heap        ] GC(183) ParOldGen: 1916801K(2078720K)->1940913K(2078720K)
[12.904s][info][gc,metaspace   ] GC(183) Metaspace: 6302K(6464K)->6302K(6464K) NonClass: 5769K(5824K)->5769K(5824K) Class: 533K(640K)->533K(640K)
[12.904s][info][gc             ] GC(183) Pause Young (Allocation Failure) 1952M->1953M(2131M) 43.348ms
[12.904s][info][gc,cpu         ] GC(183) User=0.25s Sys=0.00s Real=0.04s
[12.928s][info][gc,start       ] GC(184) Pause Young (Allocation Failure)
[12.971s][info][gc,heap        ] GC(184) PSYoungGen: 77024K(103424K)->52864K(104960K) Eden: 17920K(17920K)->0K(17920K) From: 59104K(85504K)->52864K(87040K)
[12.971s][info][gc,heap        ] GC(184) ParOldGen: 1940913K(2078720K)->1965385K(2078720K)
[12.971s][info][gc,metaspace   ] GC(184) Metaspace: 6302K(6464K)->6302K(6464K) NonClass: 5769K(5824K)->5769K(5824K) Class: 533K(640K)->533K(640K)
[12.971s][info][gc             ] GC(184) Pause Young (Allocation Failure) 1970M->1970M(2132M) 43.034ms
[12.971s][info][gc,cpu         ] GC(184) User=0.25s Sys=0.00s Real=0.04s
[12.996s][info][gc,start       ] GC(185) Pause Young (Allocation Failure)
[13.038s][info][gc,heap        ] GC(185) PSYoungGen: 70784K(104960K)->53408K(103936K) Eden: 17920K(17920K)->0K(20480K) From: 52864K(87040K)->53408K(83456K)
[13.038s][info][gc,heap        ] GC(185) ParOldGen: 1965385K(2078720K)->1983041K(2078720K)
[13.038s][info][gc,metaspace   ] GC(185) Metaspace: 6302K(6464K)->6302K(6464K) NonClass: 5769K(5824K)->5769K(5824K) Class: 533K(640K)->533K(640K)
[13.038s][info][gc             ] GC(185) Pause Young (Allocation Failure) 1988M->1988M(2131M) 42.028ms
[13.038s][info][gc,cpu         ] GC(185) User=0.25s Sys=0.00s Real=0.04s
[13.061s][info][gc,start       ] GC(186) Pause Young (Allocation Failure)
[13.103s][info][gc,heap        ] GC(186) PSYoungGen: 73888K(103936K)->38528K(104960K) Eden: 20480K(20480K)->0K(20480K) From: 53408K(83456K)->38528K(84480K)
[13.103s][info][gc,heap        ] GC(186) ParOldGen: 1983041K(2078720K)->2018841K(2078720K)
[13.103s][info][gc,metaspace   ] GC(186) Metaspace: 6302K(6464K)->6302K(6464K) NonClass: 5769K(5824K)->5769K(5824K) Class: 533K(640K)->533K(640K)
[13.103s][info][gc             ] GC(186) Pause Young (Allocation Failure) 2008M->2009M(2132M) 41.658ms
[13.103s][info][gc,cpu         ] GC(186) User=0.23s Sys=0.03s Real=0.04s
[13.125s][info][gc,start       ] GC(187) Pause Young (Allocation Failure)
[13.160s][info][gc,heap        ] GC(187) PSYoungGen: 59008K(104960K)->20640K(103936K) Eden: 20480K(20480K)->0K(22016K) From: 38528K(84480K)->20640K(81920K)
[13.160s][info][gc,heap        ] GC(187) ParOldGen: 2018841K(2078720K)->2057737K(2078720K)
[13.160s][info][gc,metaspace   ] GC(187) Metaspace: 6302K(6464K)->6302K(6464K) NonClass: 5769K(5824K)->5769K(5824K) Class: 533K(640K)->533K(640K)
[13.160s][info][gc             ] GC(187) Pause Young (Allocation Failure) 2029M->2029M(2131M) 35.323ms
[13.160s][info][gc,cpu         ] GC(187) User=0.14s Sys=0.02s Real=0.03s
[13.160s][info][gc,start       ] GC(188) Pause Full (Ergonomics)
[13.160s][info][gc,phases,start] GC(188) Marking Phase
[13.601s][info][gc,phases      ] GC(188) Marking Phase 440.423ms
[13.601s][info][gc,phases,start] GC(188) Summary Phase
[13.601s][info][gc,phases      ] GC(188) Summary Phase 0.043ms
[13.601s][info][gc,phases,start] GC(188) Adjust Roots
[13.601s][info][gc,phases      ] GC(188) Adjust Roots 0.162ms
[13.601s][info][gc,phases,start] GC(188) Compaction Phase
[13.783s][info][gc,phases      ] GC(188) Compaction Phase 181.483ms
[13.783s][info][gc,phases,start] GC(188) Post Compact
[13.787s][info][gc,phases      ] GC(188) Post Compact 3.908ms
[13.788s][info][gc,heap        ] GC(188) PSYoungGen: 20640K(103936K)->0K(104960K) Eden: 0K(22016K)->0K(22016K) From: 20640K(81920K)->0K(82944K)
[13.788s][info][gc,heap        ] GC(188) ParOldGen: 2057737K(2078720K)->2075645K(2292736K)
[13.788s][info][gc,metaspace   ] GC(188) Metaspace: 6302K(6464K)->6302K(6464K) NonClass: 5769K(5824K)->5769K(5824K) Class: 533K(640K)->533K(640K)
[13.788s][info][gc             ] GC(188) Pause Full (Ergonomics) 2029M->2026M(2341M) 627.322ms
[13.788s][info][gc,cpu         ] GC(188) User=4.59s Sys=0.02s Real=0.63s
[13.811s][info][gc,start       ] GC(189) Pause Young (Allocation Failure)
[13.836s][info][gc,heap        ] GC(189) PSYoungGen: 22016K(104960K)->22176K(105984K) Eden: 22016K(22016K)->0K(24576K) From: 0K(82944K)->22176K(81408K)
[13.836s][info][gc,heap        ] GC(189) ParOldGen: 2075645K(2292736K)->2075645K(2292736K)
[13.836s][info][gc,metaspace   ] GC(189) Metaspace: 6302K(6464K)->6302K(6464K) NonClass: 5769K(5824K)->5769K(5824K) Class: 533K(640K)->533K(640K)
[13.836s][info][gc             ] GC(189) Pause Young (Allocation Failure) 2048M->2048M(2342M) 24.655ms
[13.836s][info][gc,cpu         ] GC(189) User=0.02s Sys=0.00s Real=0.03s
[13.863s][info][gc,start       ] GC(190) Pause Young (Allocation Failure)
[13.893s][info][gc,heap        ] GC(190) PSYoungGen: 46752K(105984K)->46752K(107008K) Eden: 24576K(24576K)->0K(24576K) From: 22176K(81408K)->46752K(82432K)
[13.893s][info][gc,heap        ] GC(190) ParOldGen: 2075645K(2292736K)->2075645K(2292736K)
[13.893s][info][gc,metaspace   ] GC(190) Metaspace: 6302K(6464K)->6302K(6464K) NonClass: 5769K(5824K)->5769K(5824K) Class: 533K(640K)->533K(640K)
[13.893s][info][gc             ] GC(190) Pause Young (Allocation Failure) 2072M->2072M(2343M) 30.391ms
[13.894s][info][gc,cpu         ] GC(190) User=0.05s Sys=0.00s Real=0.03s
[13.919s][info][gc,start       ] GC(191) Pause Young (Allocation Failure)
[13.957s][info][gc,heap        ] GC(191) PSYoungGen: 71328K(107008K)->71328K(100352K) Eden: 24576K(24576K)->0K(19968K) From: 46752K(82432K)->71328K(80384K)
[13.957s][info][gc,heap        ] GC(191) ParOldGen: 2075645K(2292736K)->2075645K(2292736K)
[13.957s][info][gc,metaspace   ] GC(191) Metaspace: 6302K(6464K)->6302K(6464K) NonClass: 5769K(5824K)->5769K(5824K) Class: 533K(640K)->533K(640K)
[13.957s][info][gc             ] GC(191) Pause Young (Allocation Failure) 2096M->2096M(2337M) 38.219ms
[13.957s][info][gc,cpu         ] GC(191) User=0.17s Sys=0.00s Real=0.04s
[13.978s][info][gc,start       ] GC(192) Pause Young (Allocation Failure)
[14.024s][info][gc,heap        ] GC(192) PSYoungGen: 91296K(100352K)->69312K(107520K) Eden: 19968K(19968K)->0K(19968K) From: 71328K(80384K)->69312K(87552K)
[14.025s][info][gc,heap        ] GC(192) ParOldGen: 2075645K(2292736K)->2097973K(2292736K)
[14.025s][info][gc,metaspace   ] GC(192) Metaspace: 6302K(6464K)->6302K(6464K) NonClass: 5769K(5824K)->5769K(5824K) Class: 533K(640K)->533K(640K)
[14.025s][info][gc             ] GC(192) Pause Young (Allocation Failure) 2116M->2116M(2344M) 46.244ms
[14.025s][info][gc,cpu         ] GC(192) User=0.27s Sys=0.00s Real=0.05s
[14.046s][info][gc,start       ] GC(193) Pause Young (Allocation Failure)
[14.092s][info][gc,heap        ] GC(193) PSYoungGen: 89280K(107520K)->64672K(112640K) Eden: 19968K(19968K)->0K(20480K) From: 69312K(87552K)->64672K(92160K)
[14.092s][info][gc,heap        ] GC(193) ParOldGen: 2097973K(2292736K)->2122885K(2292736K)
[14.092s][info][gc,metaspace   ] GC(193) Metaspace: 6302K(6464K)->6302K(6464K) NonClass: 5769K(5824K)->5769K(5824K) Class: 533K(640K)->533K(640K)
[14.092s][info][gc             ] GC(193) Pause Young (Allocation Failure) 2135M->2136M(2349M) 45.270ms
[14.092s][info][gc,cpu         ] GC(193) User=0.25s Sys=0.00s Real=0.04s
[14.117s][info][gc,start       ] GC(194) Pause Young (Allocation Failure)
[14.161s][info][gc,heap        ] GC(194) PSYoungGen: 85152K(112640K)->60608K(114688K) Eden: 20480K(20480K)->0K(20480K) From: 64672K(92160K)->60608K(94208K)
[14.161s][info][gc,heap        ] GC(194) ParOldGen: 2122885K(2292736K)->2147805K(2292736K)
[14.161s][info][gc,metaspace   ] GC(194) Metaspace: 6302K(6464K)->6302K(6464K) NonClass: 5769K(5824K)->5769K(5824K) Class: 533K(640K)->533K(640K)
[14.161s][info][gc             ] GC(194) Pause Young (Allocation Failure) 2156M->2156M(2351M) 44.487ms
[14.161s][info][gc,cpu         ] GC(194) User=0.27s Sys=0.00s Real=0.05s
[14.187s][info][gc,start       ] GC(195) Pause Young (Allocation Failure)
[14.231s][info][gc,heap        ] GC(195) PSYoungGen: 81088K(114688K)->41088K(111104K) Eden: 20480K(20480K)->0K(23040K) From: 60608K(94208K)->41088K(88064K)
[14.231s][info][gc,heap        ] GC(195) ParOldGen: 2147805K(2292736K)->2188261K(2292736K)
[14.231s][info][gc,metaspace   ] GC(195) Metaspace: 6302K(6464K)->6302K(6464K) NonClass: 5769K(5824K)->5769K(5824K) Class: 533K(640K)->533K(640K)
[14.231s][info][gc             ] GC(195) Pause Young (Allocation Failure) 2176M->2177M(2347M) 44.180ms
[14.231s][info][gc,cpu         ] GC(195) User=0.36s Sys=0.02s Real=0.04s
[14.262s][info][gc,start       ] GC(196) Pause Young (Allocation Failure)
[14.300s][info][gc,heap        ] GC(196) PSYoungGen: 64128K(111104K)->23200K(114176K) Eden: 23040K(23040K)->0K(23040K) From: 41088K(88064K)->23200K(91136K)
[14.300s][info][gc,heap        ] GC(196) ParOldGen: 2188261K(2292736K)->2229789K(2292736K)
[14.300s][info][gc,metaspace   ] GC(196) Metaspace: 6302K(6464K)->6302K(6464K) NonClass: 5769K(5824K)->5769K(5824K) Class: 533K(640K)->533K(640K)
[14.300s][info][gc             ] GC(196) Pause Young (Allocation Failure) 2199M->2200M(2350M) 38.407ms
[14.300s][info][gc,cpu         ] GC(196) User=0.16s Sys=0.02s Real=0.04s
[14.328s][info][gc,start       ] GC(197) Pause Young (Allocation Failure)
[14.360s][info][gc,heap        ] GC(197) PSYoungGen: 46240K(114176K)->23168K(116736K) Eden: 23040K(23040K)->0K(26112K) From: 23200K(91136K)->23168K(90624K)
[14.360s][info][gc,heap        ] GC(197) ParOldGen: 2229789K(2292736K)->2253157K(2292736K)
[14.360s][info][gc,metaspace   ] GC(197) Metaspace: 6302K(6464K)->6302K(6464K) NonClass: 5769K(5824K)->5769K(5824K) Class: 533K(640K)->533K(640K)
[14.360s][info][gc             ] GC(197) Pause Young (Allocation Failure) 2222M->2222M(2353M) 32.198ms
[14.360s][info][gc,cpu         ] GC(197) User=0.25s Sys=0.00s Real=0.03s
[14.360s][info][gc,start       ] GC(198) Pause Full (Ergonomics)
[14.360s][info][gc,phases,start] GC(198) Marking Phase
[14.865s][info][gc,phases      ] GC(198) Marking Phase 505.011ms
[14.865s][info][gc,phases,start] GC(198) Summary Phase
[14.865s][info][gc,phases      ] GC(198) Summary Phase 0.058ms
[14.865s][info][gc,phases,start] GC(198) Adjust Roots
[14.865s][info][gc,phases      ] GC(198) Adjust Roots 0.234ms
[14.865s][info][gc,phases,start] GC(198) Compaction Phase
[15.091s][info][gc,phases      ] GC(198) Compaction Phase 225.572ms
[15.091s][info][gc,phases,start] GC(198) Post Compact
[15.095s][info][gc,phases      ] GC(198) Post Compact 4.021ms
[15.096s][info][gc,heap        ] GC(198) PSYoungGen: 23168K(116736K)->0K(117248K) Eden: 0K(26112K)->0K(26112K) From: 23168K(90624K)->0K(91136K)
[15.096s][info][gc,heap        ] GC(198) ParOldGen: 2253157K(2292736K)->2273505K(2512896K)
[15.096s][info][gc,metaspace   ] GC(198) Metaspace: 6302K(6464K)->6302K(6464K) NonClass: 5769K(5824K)->5769K(5824K) Class: 533K(640K)->533K(640K)
[15.096s][info][gc             ] GC(198) Pause Full (Ergonomics) 2222M->2220M(2568M) 735.957ms
[15.096s][info][gc,cpu         ] GC(198) User=5.17s Sys=0.00s Real=0.74s
[15.125s][info][gc,start       ] GC(199) Pause Young (Allocation Failure)
[15.149s][info][gc,heap        ] GC(199) PSYoungGen: 26112K(117248K)->26272K(115712K) Eden: 26112K(26112K)->0K(28672K) From: 0K(91136K)->26272K(87040K)
[15.149s][info][gc,heap        ] GC(199) ParOldGen: 2273505K(2512896K)->2273505K(2512896K)
[15.149s][info][gc,metaspace   ] GC(199) Metaspace: 6302K(6464K)->6302K(6464K) NonClass: 5769K(5824K)->5769K(5824K) Class: 533K(640K)->533K(640K)
[15.149s][info][gc             ] GC(199) Pause Young (Allocation Failure) 2245M->2245M(2567M) 24.117ms
[15.149s][info][gc,cpu         ] GC(199) User=0.02s Sys=0.00s Real=0.02s
[15.182s][info][gc,start       ] GC(200) Pause Young (Allocation Failure)
[15.216s][info][gc,heap        ] GC(200) PSYoungGen: 54944K(115712K)->54976K(118272K) Eden: 28672K(28672K)->0K(28672K) From: 26272K(87040K)->54976K(89600K)
[15.216s][info][gc,heap        ] GC(200) ParOldGen: 2273505K(2512896K)->2273505K(2512896K)
[15.216s][info][gc,metaspace   ] GC(200) Metaspace: 6302K(6464K)->6302K(6464K) NonClass: 5769K(5824K)->5769K(5824K) Class: 533K(640K)->533K(640K)
[15.216s][info][gc             ] GC(200) Pause Young (Allocation Failure) 2273M->2273M(2569M) 33.725ms
[15.216s][info][gc,cpu         ] GC(200) User=0.14s Sys=0.02s Real=0.03s
[15.248s][info][gc,start       ] GC(201) Pause Young (Allocation Failure)
[15.292s][info][gc,heap        ] GC(201) PSYoungGen: 83648K(118272K)->83680K(111104K) Eden: 28672K(28672K)->0K(21504K) From: 54976K(89600K)->83680K(89600K)
[15.292s][info][gc,heap        ] GC(201) ParOldGen: 2273505K(2512896K)->2273505K(2512896K)
[15.292s][info][gc,metaspace   ] GC(201) Metaspace: 6302K(6464K)->6302K(6464K) NonClass: 5769K(5824K)->5769K(5824K) Class: 533K(640K)->533K(640K)
[15.292s][info][gc             ] GC(201) Pause Young (Allocation Failure) 2301M->2301M(2562M) 43.520ms
[15.292s][info][gc,cpu         ] GC(201) User=0.25s Sys=0.02s Real=0.04s
[15.317s][info][gc,start       ] GC(202) Pause Young (Allocation Failure)
[15.368s][info][gc,heap        ] GC(202) PSYoungGen: 105184K(111104K)->99840K(121344K) Eden: 21504K(21504K)->0K(21504K) From: 83680K(89600K)->99840K(99840K)
[15.369s][info][gc,heap        ] GC(202) ParOldGen: 2273505K(2512896K)->2278793K(2512896K)
[15.369s][info][gc,metaspace   ] GC(202) Metaspace: 6302K(6464K)->6302K(6464K) NonClass: 5769K(5824K)->5769K(5824K) Class: 533K(640K)->533K(640K)
[15.369s][info][gc             ] GC(202) Pause Young (Allocation Failure) 2322M->2322M(2572M) 51.906ms
[15.369s][info][gc,cpu         ] GC(202) User=0.28s Sys=0.00s Real=0.05s
[15.393s][info][gc,start       ] GC(203) Pause Young (Allocation Failure)
[15.451s][info][gc,heap        ] GC(203) PSYoungGen: 121344K(121344K)->69888K(139776K) Eden: 21504K(21504K)->0K(24064K) From: 99840K(99840K)->69888K(115712K)
[15.451s][info][gc,heap        ] GC(203) ParOldGen: 2278793K(2512896K)->2330817K(2512896K)
[15.451s][info][gc,metaspace   ] GC(203) Metaspace: 6302K(6464K)->6302K(6464K) NonClass: 5769K(5824K)->5769K(5824K) Class: 533K(640K)->533K(640K)
[15.451s][info][gc             ] GC(203) Pause Young (Allocation Failure) 2343M->2344M(2590M) 58.272ms
[15.451s][info][gc,cpu         ] GC(203) User=0.33s Sys=0.05s Real=0.06s
[15.479s][info][gc,start       ] GC(204) Pause Young (Allocation Failure)
[15.527s][info][gc,heap        ] GC(204) PSYoungGen: 93952K(139776K)->66624K(139776K) Eden: 24064K(24064K)->0K(24064K) From: 69888K(115712K)->66624K(115712K)
[15.528s][info][gc,heap        ] GC(204) ParOldGen: 2330817K(2512896K)->2358345K(2512896K)
[15.528s][info][gc,metaspace   ] GC(204) Metaspace: 6302K(6464K)->6302K(6464K) NonClass: 5769K(5824K)->5769K(5824K) Class: 533K(640K)->533K(640K)
[15.528s][info][gc             ] GC(204) Pause Young (Allocation Failure) 2367M->2368M(2590M) 48.220ms
[15.528s][info][gc,cpu         ] GC(204) User=0.23s Sys=0.03s Real=0.05s
[15.557s][info][gc,start       ] GC(205) Pause Young (Allocation Failure)
[15.606s][info][gc,heap        ] GC(205) PSYoungGen: 90688K(139776K)->69760K(139776K) Eden: 24064K(24064K)->0K(27136K) From: 66624K(115712K)->69760K(112640K)
[15.606s][info][gc,heap        ] GC(205) ParOldGen: 2358345K(2512896K)->2379425K(2512896K)
[15.606s][info][gc,metaspace   ] GC(205) Metaspace: 6302K(6464K)->6302K(6464K) NonClass: 5769K(5824K)->5769K(5824K) Class: 533K(640K)->533K(640K)
[15.606s][info][gc             ] GC(205) Pause Young (Allocation Failure) 2391M->2391M(2590M) 48.397ms
[15.606s][info][gc,cpu         ] GC(205) User=0.28s Sys=0.00s Real=0.05s
[15.638s][info][gc,start       ] GC(206) Pause Young (Allocation Failure)
[15.690s][info][gc,heap        ] GC(206) PSYoungGen: 96896K(139776K)->51424K(78848K) Eden: 27136K(27136K)->0K(27136K) From: 69760K(112640K)->51424K(51712K)
[15.690s][info][gc,heap        ] GC(206) ParOldGen: 2379425K(2512896K)->2425377K(2512896K)
[15.690s][info][gc,metaspace   ] GC(206) Metaspace: 6302K(6464K)->6302K(6464K) NonClass: 5769K(5824K)->5769K(5824K) Class: 533K(640K)->533K(640K)
[15.691s][info][gc             ] GC(206) Pause Young (Allocation Failure) 2418M->2418M(2531M) 52.568ms
[15.691s][info][gc,cpu         ] GC(206) User=0.23s Sys=0.05s Real=0.05s
[15.725s][info][gc,start       ] GC(207) Pause Young (Allocation Failure)
[15.770s][info][gc,heap        ] GC(207) PSYoungGen: 78560K(78848K)->27264K(139264K) Eden: 27136K(27136K)->0K(30720K) From: 51424K(51712K)->27264K(108544K)
[15.770s][info][gc,heap        ] GC(207) ParOldGen: 2425377K(2512896K)->2477009K(2512896K)
[15.770s][info][gc,metaspace   ] GC(207) Metaspace: 6302K(6464K)->6302K(6464K) NonClass: 5769K(5824K)->5769K(5824K) Class: 533K(640K)->533K(640K)
[15.770s][info][gc             ] GC(207) Pause Young (Allocation Failure) 2445M->2445M(2590M) 44.916ms
[15.770s][info][gc,cpu         ] GC(207) User=0.22s Sys=0.05s Real=0.05s
[15.770s][info][gc,start       ] GC(208) Pause Full (Ergonomics)
[15.770s][info][gc,phases,start] GC(208) Marking Phase
[16.321s][info][gc,phases      ] GC(208) Marking Phase 550.962ms
[16.321s][info][gc,phases,start] GC(208) Summary Phase
[16.322s][info][gc,phases      ] GC(208) Summary Phase 0.050ms
[16.322s][info][gc,phases,start] GC(208) Adjust Roots
[16.322s][info][gc,phases      ] GC(208) Adjust Roots 0.168ms
[16.322s][info][gc,phases,start] GC(208) Compaction Phase
[16.556s][info][gc,phases      ] GC(208) Compaction Phase 233.795ms
[16.556s][info][gc,phases,start] GC(208) Post Compact
[16.560s][info][gc,phases      ] GC(208) Post Compact 4.684ms
[16.562s][info][gc,heap        ] GC(208) PSYoungGen: 27264K(139264K)->0K(139264K) Eden: 0K(30720K)->0K(30720K) From: 27264K(108544K)->0K(108544K)
[16.562s][info][gc,heap        ] GC(208) ParOldGen: 2477009K(2512896K)->2502098K(2775552K)
[16.562s][info][gc,metaspace   ] GC(208) Metaspace: 6302K(6464K)->6302K(6464K) NonClass: 5769K(5824K)->5769K(5824K) Class: 533K(640K)->533K(640K)
[16.562s][info][gc             ] GC(208) Pause Full (Ergonomics) 2445M->2443M(2846M) 791.264ms
[16.562s][info][gc,cpu         ] GC(208) User=5.72s Sys=0.00s Real=0.79s
[16.601s][info][gc,start       ] GC(209) Pause Young (Allocation Failure)
[16.627s][info][gc,heap        ] GC(209) PSYoungGen: 30720K(139264K)->30880K(138240K) Eden: 30720K(30720K)->0K(33792K) From: 0K(108544K)->30880K(104448K)
[16.627s][info][gc,heap        ] GC(209) ParOldGen: 2502098K(2775552K)->2502098K(2775552K)
[16.628s][info][gc,metaspace   ] GC(209) Metaspace: 6302K(6464K)->6302K(6464K) NonClass: 5769K(5824K)->5769K(5824K) Class: 533K(640K)->533K(640K)
[16.628s][info][gc             ] GC(209) Pause Young (Allocation Failure) 2473M->2473M(2845M) 26.148ms
[16.628s][info][gc,cpu         ] GC(209) User=0.05s Sys=0.00s Real=0.03s
[16.670s][info][gc,start       ] GC(210) Pause Young (Allocation Failure)
[16.709s][info][gc,heap        ] GC(210) PSYoungGen: 64672K(138240K)->64768K(140800K) Eden: 33792K(33792K)->0K(33792K) From: 30880K(104448K)->64768K(107008K)
[16.709s][info][gc,heap        ] GC(210) ParOldGen: 2502098K(2775552K)->2502098K(2775552K)
[16.709s][info][gc,metaspace   ] GC(210) Metaspace: 6302K(6464K)->6302K(6464K) NonClass: 5769K(5824K)->5769K(5824K) Class: 533K(640K)->533K(640K)
[16.709s][info][gc             ] GC(210) Pause Young (Allocation Failure) 2506M->2506M(2848M) 38.506ms
[16.709s][info][gc,cpu         ] GC(210) User=0.16s Sys=0.00s Real=0.04s
[16.749s][info][gc,start       ] GC(211) Pause Young (Allocation Failure)
[16.801s][info][gc,heap        ] GC(211) PSYoungGen: 98560K(140800K)->98496K(132608K) Eden: 33792K(33792K)->0K(26112K) From: 64768K(107008K)->98496K(106496K)
[16.801s][info][gc,heap        ] GC(211) ParOldGen: 2502098K(2775552K)->2502098K(2775552K)
[16.801s][info][gc,metaspace   ] GC(211) Metaspace: 6302K(6464K)->6302K(6464K) NonClass: 5769K(5824K)->5769K(5824K) Class: 533K(640K)->533K(640K)
[16.801s][info][gc             ] GC(211) Pause Young (Allocation Failure) 2539M->2539M(2840M) 52.013ms
[16.801s][info][gc,cpu         ] GC(211) User=0.30s Sys=0.00s Real=0.05s
[16.833s][info][gc,start       ] GC(212) Pause Young (Allocation Failure)
[16.893s][info][gc,heap        ] GC(212) PSYoungGen: 124608K(132608K)->117760K(143872K) Eden: 26112K(26112K)->0K(26112K) From: 98496K(106496K)->117760K(117760K)
[16.893s][info][gc,heap        ] GC(212) ParOldGen: 2502098K(2775552K)->2508970K(2775552K)
[16.893s][info][gc,metaspace   ] GC(212) Metaspace: 6302K(6464K)->6302K(6464K) NonClass: 5769K(5824K)->5769K(5824K) Class: 533K(640K)->533K(640K)
[16.893s][info][gc             ] GC(212) Pause Young (Allocation Failure) 2565M->2565M(2851M) 60.456ms
[16.893s][info][gc,cpu         ] GC(212) User=0.38s Sys=0.00s Real=0.06s
[16.924s][info][gc,start       ] GC(213) Pause Young (Allocation Failure)
[16.996s][info][gc,heap        ] GC(213) PSYoungGen: 143872K(143872K)->82400K(165888K) Eden: 26112K(26112K)->0K(29696K) From: 117760K(117760K)->82400K(136192K)
[16.996s][info][gc,heap        ] GC(213) ParOldGen: 2508970K(2775552K)->2571090K(2775552K)
[16.996s][info][gc,metaspace   ] GC(213) Metaspace: 6302K(6464K)->6302K(6464K) NonClass: 5769K(5824K)->5769K(5824K) Class: 533K(640K)->533K(640K)
[16.996s][info][gc             ] GC(213) Pause Young (Allocation Failure) 2590M->2591M(2872M) 71.574ms
[16.996s][info][gc,cpu         ] GC(213) User=0.47s Sys=0.02s Real=0.07s
[17.032s][info][gc,start       ] GC(214) Pause Young (Allocation Failure)
[17.090s][info][gc,heap        ] GC(214) PSYoungGen: 112096K(165888K)->80416K(165888K) Eden: 29696K(29696K)->0K(29696K) From: 82400K(136192K)->80416K(136192K)
[17.090s][info][gc,heap        ] GC(214) ParOldGen: 2571090K(2775552K)->2603042K(2775552K)
[17.090s][info][gc,metaspace   ] GC(214) Metaspace: 6302K(6464K)->6302K(6464K) NonClass: 5769K(5824K)->5769K(5824K) Class: 533K(640K)->533K(640K)
[17.090s][info][gc             ] GC(214) Pause Young (Allocation Failure) 2620M->2620M(2872M) 58.096ms
[17.090s][info][gc,cpu         ] GC(214) User=0.33s Sys=0.05s Real=0.06s
[17.128s][info][gc,start       ] GC(215) Pause Young (Allocation Failure)
[17.185s][info][gc,heap        ] GC(215) PSYoungGen: 110112K(165888K)->85664K(167936K) Eden: 29696K(29696K)->0K(33280K) From: 80416K(136192K)->85664K(134656K)
[17.185s][info][gc,heap        ] GC(215) ParOldGen: 2603042K(2775552K)->2627674K(2775552K)
[17.185s][info][gc,metaspace   ] GC(215) Metaspace: 6302K(6464K)->6302K(6464K) NonClass: 5769K(5824K)->5769K(5824K) Class: 533K(640K)->533K(640K)
[17.185s][info][gc             ] GC(215) Pause Young (Allocation Failure) 2649M->2649M(2874M) 57.586ms
[17.185s][info][gc,cpu         ] GC(215) User=0.38s Sys=0.00s Real=0.06s
[17.221s][info][gc,start       ] GC(216) Pause Young (Allocation Failure)
[17.283s][info][gc,heap        ] GC(216) PSYoungGen: 118944K(167936K)->92832K(167936K) Eden: 33280K(33280K)->0K(33280K) From: 85664K(134656K)->92832K(134656K)
[17.283s][info][gc,heap        ] GC(216) ParOldGen: 2627674K(2775552K)->2654018K(2775552K)
[17.283s][info][gc,metaspace   ] GC(216) Metaspace: 6302K(6464K)->6302K(6464K) NonClass: 5769K(5824K)->5769K(5824K) Class: 533K(640K)->533K(640K)
[17.283s][info][gc             ] GC(216) Pause Young (Allocation Failure) 2682M->2682M(2874M) 62.179ms
[17.283s][info][gc,cpu         ] GC(216) User=0.36s Sys=0.02s Real=0.06s
[17.321s][info][gc,start       ] GC(217) Pause Young (Allocation Failure)
[17.391s][info][gc,heap        ] GC(217) PSYoungGen: 126112K(167936K)->66784K(162816K) Eden: 33280K(33280K)->0K(37376K) From: 92832K(134656K)->66784K(125440K)
[17.391s][info][gc,heap        ] GC(217) ParOldGen: 2654018K(2775552K)->2713930K(2775552K)
[17.391s][info][gc,metaspace   ] GC(217) Metaspace: 6302K(6464K)->6302K(6464K) NonClass: 5769K(5824K)->5769K(5824K) Class: 533K(640K)->533K(640K)
[17.391s][info][gc             ] GC(217) Pause Young (Allocation Failure) 2714M->2715M(2869M) 70.507ms
[17.391s][info][gc,cpu         ] GC(217) User=0.41s Sys=0.00s Real=0.07s
[17.391s][info][gc,start       ] GC(218) Pause Full (Ergonomics)
[17.391s][info][gc,phases,start] GC(218) Marking Phase
[18.025s][info][gc,phases      ] GC(218) Marking Phase 633.333ms
[18.025s][info][gc,phases,start] GC(218) Summary Phase
[18.025s][info][gc,phases      ] GC(218) Summary Phase 0.044ms
[18.025s][info][gc,phases,start] GC(218) Adjust Roots
[18.025s][info][gc,phases      ] GC(218) Adjust Roots 0.162ms
[18.025s][info][gc,phases,start] GC(218) Compaction Phase
[18.286s][info][gc,phases      ] GC(218) Compaction Phase 261.431ms
[18.286s][info][gc,phases,start] GC(218) Post Compact
[18.292s][info][gc,phases      ] GC(218) Post Compact 5.473ms
[18.293s][info][gc,heap        ] GC(218) PSYoungGen: 66784K(162816K)->3147K(167936K) Eden: 0K(37376K)->0K(42496K) From: 66784K(125440K)->3147K(125440K)
[18.293s][info][gc,heap        ] GC(218) ParOldGen: 2713930K(2775552K)->2775161K(3076608K)
[18.293s][info][gc,metaspace   ] GC(218) Metaspace: 6302K(6464K)->6302K(6464K) NonClass: 5769K(5824K)->5769K(5824K) Class: 533K(640K)->533K(640K)
[18.293s][info][gc             ] GC(218) Pause Full (Ergonomics) 2715M->2713M(3168M) 901.977ms
[18.293s][info][gc,cpu         ] GC(218) User=6.72s Sys=0.08s Real=0.90s
[18.344s][info][gc,start       ] GC(219) Pause Young (Allocation Failure)
[18.496s][info][gc,heap        ] GC(219) PSYoungGen: 45643K(167936K)->42624K(173568K) Eden: 42496K(42496K)->0K(42496K) From: 3147K(125440K)->42624K(131072K)
[18.496s][info][gc,heap        ] GC(219) ParOldGen: 2775161K(3076608K)->2778369K(3076608K)
[18.496s][info][gc,metaspace   ] GC(219) Metaspace: 6302K(6464K)->6302K(6464K) NonClass: 5769K(5824K)->5769K(5824K) Class: 533K(640K)->533K(640K)
[18.496s][info][gc             ] GC(219) Pause Young (Allocation Failure) 2754M->2754M(3174M) 151.322ms
[18.496s][info][gc,cpu         ] GC(219) User=0.91s Sys=0.00s Real=0.15s
[19.104s][info][gc,start       ] GC(220) Pause Young (Allocation Failure)
[19.221s][info][gc,heap        ] GC(220) PSYoungGen: 85120K(173568K)->42688K(172032K) Eden: 42496K(42496K)->0K(46592K) From: 42624K(131072K)->42688K(125440K)
[19.221s][info][gc,heap        ] GC(220) ParOldGen: 2909441K(3076608K)->2952337K(3076608K)
[19.221s][info][gc,metaspace   ] GC(220) Metaspace: 6302K(6464K)->6302K(6464K) NonClass: 5769K(5824K)->5769K(5824K) Class: 533K(640K)->533K(640K)
[19.221s][info][gc             ] GC(220) Pause Young (Allocation Failure) 2924M->2924M(3172M) 116.946ms
[19.221s][info][gc,cpu         ] GC(220) User=0.61s Sys=0.05s Real=0.12s
[19.274s][info][gc,start       ] GC(221) Pause Young (Allocation Failure)
[19.335s][info][gc,heap        ] GC(221) PSYoungGen: 89280K(172032K)->89344K(174592K) Eden: 46592K(46592K)->0K(46592K) From: 42688K(125440K)->89344K(128000K)
[19.335s][info][gc,heap        ] GC(221) ParOldGen: 2952337K(3076608K)->2952337K(3076608K)
[19.335s][info][gc,metaspace   ] GC(221) Metaspace: 6302K(6464K)->6302K(6464K) NonClass: 5769K(5824K)->5769K(5824K) Class: 533K(640K)->533K(640K)
[19.335s][info][gc             ] GC(221) Pause Young (Allocation Failure) 2970M->2970M(3175M) 61.307ms
[19.335s][info][gc,cpu         ] GC(221) User=0.19s Sys=0.00s Real=0.06s
[19.384s][info][gc,start       ] GC(222) Pause Young (Allocation Failure)
[19.458s][info][gc,heap        ] GC(222) PSYoungGen: 135936K(174592K)->130560K(162816K) Eden: 46592K(46592K)->0K(32256K) From: 89344K(128000K)->130560K(130560K)
[19.458s][info][gc,heap        ] GC(222) ParOldGen: 2952337K(3076608K)->2957713K(3076608K)
[19.458s][info][gc,metaspace   ] GC(222) Metaspace: 6302K(6464K)->6302K(6464K) NonClass: 5769K(5824K)->5769K(5824K) Class: 533K(640K)->533K(640K)
[19.458s][info][gc             ] GC(222) Pause Young (Allocation Failure) 3015M->3015M(3163M) 74.677ms
[19.458s][info][gc,cpu         ] GC(222) User=0.36s Sys=0.05s Real=0.08s
[19.490s][info][gc,start       ] GC(223) Pause Young (Allocation Failure)
[19.575s][info][gc,heap        ] GC(223) PSYoungGen: 162816K(162816K)->75584K(108032K) Eden: 32256K(32256K)->0K(32256K) From: 130560K(130560K)->75584K(75776K)
[19.575s][info][gc,heap        ] GC(223) ParOldGen: 2957713K(3076608K)->3045753K(3076608K)
[19.575s][info][gc,metaspace   ] GC(223) Metaspace: 6302K(6464K)->6302K(6464K) NonClass: 5769K(5824K)->5769K(5824K) Class: 533K(640K)->533K(640K)
[19.575s][info][gc             ] GC(223) Pause Young (Allocation Failure) 3047M->3048M(3110M) 84.950ms
[19.575s][info][gc,cpu         ] GC(223) User=0.47s Sys=0.02s Real=0.09s
[19.575s][info][gc,start       ] GC(224) Pause Full (Ergonomics)
[19.575s][info][gc,phases,start] GC(224) Marking Phase
[20.262s][info][gc,phases      ] GC(224) Marking Phase 687.216ms
[20.262s][info][gc,phases,start] GC(224) Summary Phase
[20.262s][info][gc,phases      ] GC(224) Summary Phase 0.066ms
[20.262s][info][gc,phases,start] GC(224) Adjust Roots
[20.262s][info][gc,phases      ] GC(224) Adjust Roots 0.192ms
[20.263s][info][gc,phases,start] GC(224) Compaction Phase
[20.735s][info][gc,phases      ] GC(224) Compaction Phase 472.664ms
[20.735s][info][gc,phases,start] GC(224) Post Compact
[20.742s][info][gc,phases      ] GC(224) Post Compact 6.240ms
[20.743s][info][gc,heap        ] GC(224) PSYoungGen: 75584K(108032K)->0K(178688K) Eden: 0K(32256K)->0K(36352K) From: 75584K(75776K)->0K(142336K)
[20.743s][info][gc,heap        ] GC(224) ParOldGen: 3045753K(3076608K)->3054125K(3397120K)
[20.743s][info][gc,metaspace   ] GC(224) Metaspace: 6302K(6464K)->6302K(6464K) NonClass: 5769K(5824K)->5769K(5824K) Class: 533K(640K)->533K(640K)
[20.743s][info][gc             ] GC(224) Pause Full (Ergonomics) 3048M->2982M(3492M) 1168.116ms
[20.743s][info][gc,cpu         ] GC(224) User=8.31s Sys=0.03s Real=1.17s
[20.780s][info][gc,start       ] GC(225) Pause Young (Allocation Failure)
[20.819s][info][gc,heap        ] GC(225) PSYoungGen: 36352K(178688K)->36576K(178688K) Eden: 36352K(36352K)->0K(36352K) From: 0K(142336K)->36576K(142336K)
[20.819s][info][gc,heap        ] GC(225) ParOldGen: 3054125K(3397120K)->3054125K(3397120K)
[20.819s][info][gc,metaspace   ] GC(225) Metaspace: 6302K(6464K)->6302K(6464K) NonClass: 5769K(5824K)->5769K(5824K) Class: 533K(640K)->533K(640K)
[20.819s][info][gc             ] GC(225) Pause Young (Allocation Failure) 3018M->3018M(3492M) 38.775ms
[20.819s][info][gc,cpu         ] GC(225) User=0.08s Sys=0.00s Real=0.04s
[20.852s][info][gc,start       ] GC(226) Pause Young (Allocation Failure)
[20.903s][info][gc,heap        ] GC(226) PSYoungGen: 72928K(178688K)->72928K(169984K) Eden: 36352K(36352K)->0K(40448K) From: 36576K(142336K)->72928K(129536K)
[20.903s][info][gc,heap        ] GC(226) ParOldGen: 3054125K(3397120K)->3054125K(3397120K)
[20.903s][info][gc,metaspace   ] GC(226) Metaspace: 6302K(6464K)->6302K(6464K) NonClass: 5769K(5824K)->5769K(5824K) Class: 533K(640K)->533K(640K)
[20.903s][info][gc             ] GC(226) Pause Young (Allocation Failure) 3053M->3053M(3483M) 51.046ms
[20.903s][info][gc,cpu         ] GC(226) User=0.08s Sys=0.00s Real=0.05s
[20.943s][info][gc,start       ] GC(227) Pause Young (Allocation Failure)
[21.006s][info][gc,heap        ] GC(227) PSYoungGen: 113376K(169984K)->113472K(176128K) Eden: 40448K(40448K)->0K(40448K) From: 72928K(129536K)->113472K(135680K)
[21.006s][info][gc,heap        ] GC(227) ParOldGen: 3054125K(3397120K)->3054125K(3397120K)
[21.006s][info][gc,metaspace   ] GC(227) Metaspace: 6302K(6464K)->6302K(6464K) NonClass: 5769K(5824K)->5769K(5824K) Class: 533K(640K)->533K(640K)
[21.006s][info][gc             ] GC(227) Pause Young (Allocation Failure) 3093M->3093M(3489M) 62.885ms
[21.006s][info][gc,cpu         ] GC(227) User=0.20s Sys=0.00s Real=0.06s
[21.051s][info][gc,start       ] GC(228) Pause Young (Allocation Failure)
[21.127s][info][gc,heap        ] GC(228) PSYoungGen: 153920K(176128K)->144896K(167424K) Eden: 40448K(40448K)->0K(22528K) From: 113472K(135680K)->144896K(144896K)
[21.127s][info][gc,heap        ] GC(228) ParOldGen: 3054125K(3397120K)->3063141K(3397120K)
[21.127s][info][gc,metaspace   ] GC(228) Metaspace: 6302K(6464K)->6302K(6464K) NonClass: 5769K(5824K)->5769K(5824K) Class: 533K(640K)->533K(640K)
[21.127s][info][gc             ] GC(228) Pause Young (Allocation Failure) 3132M->3132M(3481M) 75.579ms
[21.127s][info][gc,cpu         ] GC(228) User=0.38s Sys=0.05s Real=0.08s
[21.153s][info][gc,start       ] GC(229) Pause Young (Allocation Failure)
[21.231s][info][gc,heap        ] GC(229) PSYoungGen: 167424K(167424K)->94784K(117760K) Eden: 22528K(22528K)->0K(22528K) From: 144896K(144896K)->94784K(95232K)
[21.231s][info][gc,heap        ] GC(229) ParOldGen: 3063141K(3397120K)->3136477K(3397120K)
[21.231s][info][gc,metaspace   ] GC(229) Metaspace: 6302K(6464K)->6302K(6464K) NonClass: 5769K(5824K)->5769K(5824K) Class: 533K(640K)->533K(640K)
[21.231s][info][gc             ] GC(229) Pause Young (Allocation Failure) 3154M->3155M(3432M) 78.161ms
[21.231s][info][gc,cpu         ] GC(229) User=0.48s Sys=0.03s Real=0.08s
[21.254s][info][gc,start       ] GC(230) Pause Young (Allocation Failure)
[21.318s][info][gc,heap        ] GC(230) PSYoungGen: 117312K(117760K)->45216K(186368K) Eden: 22528K(22528K)->0K(25600K) From: 94784K(95232K)->45216K(160768K)
[21.318s][info][gc,heap        ] GC(230) ParOldGen: 3136477K(3397120K)->3209117K(3397120K)
[21.318s][info][gc,metaspace   ] GC(230) Metaspace: 6302K(6464K)->6302K(6464K) NonClass: 5769K(5824K)->5769K(5824K) Class: 533K(640K)->533K(640K)
[21.318s][info][gc             ] GC(230) Pause Young (Allocation Failure) 3177M->3178M(3499M) 64.760ms
[21.318s][info][gc,cpu         ] GC(230) User=0.28s Sys=0.00s Real=0.07s
[21.346s][info][gc,start       ] GC(231) Pause Young (Allocation Failure)
[21.397s][info][gc,heap        ] GC(231) PSYoungGen: 70816K(186368K)->25728K(187392K) Eden: 25600K(25600K)->0K(25600K) From: 45216K(160768K)->25728K(161792K)
[21.397s][info][gc,heap        ] GC(231) ParOldGen: 3209117K(3397120K)->3254557K(3397120K)
[21.397s][info][gc,metaspace   ] GC(231) Metaspace: 6302K(6464K)->6302K(6464K) NonClass: 5769K(5824K)->5769K(5824K) Class: 533K(640K)->533K(640K)
[21.397s][info][gc             ] GC(231) Pause Young (Allocation Failure) 3203M->3203M(3500M) 51.248ms
[21.397s][info][gc,cpu         ] GC(231) User=0.08s Sys=0.06s Real=0.05s
[21.425s][info][gc,start       ] GC(232) Pause Young (Allocation Failure)
[21.470s][info][gc,heap        ] GC(232) PSYoungGen: 51328K(187392K)->25760K(192000K) Eden: 25600K(25600K)->0K(29184K) From: 25728K(161792K)->25760K(162816K)
[21.470s][info][gc,heap        ] GC(232) ParOldGen: 3254557K(3397120K)->3280389K(3397120K)
[21.470s][info][gc,metaspace   ] GC(232) Metaspace: 6302K(6464K)->6302K(6464K) NonClass: 5769K(5824K)->5769K(5824K) Class: 533K(640K)->533K(640K)
[21.470s][info][gc             ] GC(232) Pause Young (Allocation Failure) 3228M->3228M(3505M) 45.563ms
[21.470s][info][gc,cpu         ] GC(232) User=0.05s Sys=0.03s Real=0.05s
[21.501s][info][gc,start       ] GC(233) Pause Young (Allocation Failure)
[21.551s][info][gc,heap        ] GC(233) PSYoungGen: 54944K(192000K)->29344K(192000K) Eden: 29184K(29184K)->0K(29184K) From: 25760K(162816K)->29344K(162816K)
[21.551s][info][gc,heap        ] GC(233) ParOldGen: 3280389K(3397120K)->3306221K(3397120K)
[21.551s][info][gc,metaspace   ] GC(233) Metaspace: 6302K(6464K)->6302K(6464K) NonClass: 5769K(5824K)->5769K(5824K) Class: 533K(640K)->533K(640K)
[21.551s][info][gc             ] GC(233) Pause Young (Allocation Failure) 3257M->3257M(3505M) 49.923ms
[21.551s][info][gc,cpu         ] GC(233) User=0.05s Sys=0.00s Real=0.05s
[21.581s][info][gc,start       ] GC(234) Pause Young (Allocation Failure)
[21.633s][info][gc,heap        ] GC(234) PSYoungGen: 58528K(192000K)->29344K(187392K) Eden: 29184K(29184K)->0K(33280K) From: 29344K(162816K)->29344K(154112K)
[21.633s][info][gc,heap        ] GC(234) ParOldGen: 3306221K(3397120K)->3335669K(3397120K)
[21.633s][info][gc,metaspace   ] GC(234) Metaspace: 6302K(6464K)->6302K(6464K) NonClass: 5769K(5824K)->5769K(5824K) Class: 533K(640K)->533K(640K)
[21.633s][info][gc             ] GC(234) Pause Young (Allocation Failure) 3285M->3286M(3500M) 51.817ms
[21.633s][info][gc,cpu         ] GC(234) User=0.16s Sys=0.02s Real=0.05s
[21.633s][info][gc,start       ] GC(235) Pause Full (Ergonomics)
[21.633s][info][gc,phases,start] GC(235) Marking Phase
[22.392s][info][gc,phases      ] GC(235) Marking Phase 758.579ms
[22.392s][info][gc,phases,start] GC(235) Summary Phase
[22.392s][info][gc,phases      ] GC(235) Summary Phase 0.086ms
[22.392s][info][gc,phases,start] GC(235) Adjust Roots
[22.392s][info][gc,phases      ] GC(235) Adjust Roots 0.216ms
[22.392s][info][gc,phases,start] GC(235) Compaction Phase
[22.751s][info][gc,phases      ] GC(235) Compaction Phase 358.606ms
[22.751s][info][gc,phases,start] GC(235) Post Compact
[22.757s][info][gc,phases      ] GC(235) Post Compact 6.133ms
[22.758s][info][gc,heap        ] GC(235) PSYoungGen: 29344K(187392K)->0K(190464K) Eden: 0K(33280K)->0K(33280K) From: 29344K(154112K)->0K(157184K)
[22.758s][info][gc,heap        ] GC(235) ParOldGen: 3335669K(3397120K)->3362031K(3726848K)
[22.758s][info][gc,metaspace   ] GC(235) Metaspace: 6302K(6464K)->6302K(6464K) NonClass: 5769K(5824K)->5769K(5824K) Class: 533K(640K)->533K(640K)
[22.758s][info][gc             ] GC(235) Pause Full (Ergonomics) 3286M->3283M(3825M) 1125.037ms
[22.758s][info][gc,cpu         ] GC(235) User=7.95s Sys=0.03s Real=1.12s
[22.797s][info][gc,start       ] GC(236) Pause Young (Allocation Failure)
[22.837s][info][gc,heap        ] GC(236) PSYoungGen: 33280K(190464K)->33440K(183808K) Eden: 33280K(33280K)->0K(36864K) From: 0K(157184K)->33440K(146944K)
[22.837s][info][gc,heap        ] GC(236) ParOldGen: 3362031K(3726848K)->3362031K(3726848K)
[22.837s][info][gc,metaspace   ] GC(236) Metaspace: 6302K(6464K)->6302K(6464K) NonClass: 5769K(5824K)->5769K(5824K) Class: 533K(640K)->533K(640K)
[22.837s][info][gc             ] GC(236) Pause Young (Allocation Failure) 3315M->3315M(3819M) 39.788ms
[22.837s][info][gc,cpu         ] GC(236) User=0.03s Sys=0.02s Real=0.04s
[22.880s][info][gc,start       ] GC(237) Pause Young (Allocation Failure)
[22.935s][info][gc,heap        ] GC(237) PSYoungGen: 70304K(183808K)->70400K(107520K) Eden: 36864K(36864K)->0K(36864K) From: 33440K(146944K)->70400K(70656K)
[22.935s][info][gc,heap        ] GC(237) ParOldGen: 3362031K(3726848K)->3362031K(3726848K)
[22.935s][info][gc,metaspace   ] GC(237) Metaspace: 6302K(6464K)->6302K(6464K) NonClass: 5769K(5824K)->5769K(5824K) Class: 533K(640K)->533K(640K)
[22.935s][info][gc             ] GC(237) Pause Young (Allocation Failure) 3351M->3351M(3744M) 55.441ms
[22.935s][info][gc,cpu         ] GC(237) User=0.16s Sys=0.00s Real=0.06s
[22.973s][info][gc,start       ] GC(238) Pause Young (Allocation Failure)
[23.039s][info][gc,heap        ] GC(238) PSYoungGen: 107264K(107520K)->73920K(181248K) Eden: 36864K(36864K)->0K(40960K) From: 70400K(70656K)->73920K(140288K)
[23.039s][info][gc,heap        ] GC(238) ParOldGen: 3362031K(3726848K)->3395607K(3726848K)
[23.039s][info][gc,metaspace   ] GC(238) Metaspace: 6302K(6464K)->6302K(6464K) NonClass: 5769K(5824K)->5769K(5824K) Class: 533K(640K)->533K(640K)
[23.039s][info][gc             ] GC(238) Pause Young (Allocation Failure) 3387M->3388M(3816M) 66.472ms
[23.039s][info][gc,cpu         ] GC(238) User=0.19s Sys=0.00s Real=0.07s
[23.080s][info][gc,start       ] GC(239) Pause Young (Allocation Failure)
[23.146s][info][gc,heap        ] GC(239) PSYoungGen: 114880K(181248K)->78048K(184832K) Eden: 40960K(40960K)->0K(40960K) From: 73920K(140288K)->78048K(143872K)
[23.146s][info][gc,heap        ] GC(239) ParOldGen: 3395607K(3726848K)->3432807K(3726848K)
[23.146s][info][gc,metaspace   ] GC(239) Metaspace: 6302K(6464K)->6302K(6464K) NonClass: 5769K(5824K)->5769K(5824K) Class: 533K(640K)->533K(640K)
[23.146s][info][gc             ] GC(239) Pause Young (Allocation Failure) 3428M->3428M(3820M) 66.390ms
[23.146s][info][gc,cpu         ] GC(239) User=0.31s Sys=0.00s Real=0.07s
[23.188s][info][gc,start       ] GC(240) Pause Young (Allocation Failure)
[23.252s][info][gc,heap        ] GC(240) PSYoungGen: 119008K(184832K)->82144K(186880K) Eden: 40960K(40960K)->0K(46080K) From: 78048K(143872K)->82144K(140800K)
[23.252s][info][gc,heap        ] GC(240) ParOldGen: 3432807K(3726848K)->3470007K(3726848K)
[23.252s][info][gc,metaspace   ] GC(240) Metaspace: 6302K(6464K)->6302K(6464K) NonClass: 5769K(5824K)->5769K(5824K) Class: 533K(640K)->533K(640K)
[23.252s][info][gc             ] GC(240) Pause Young (Allocation Failure) 3468M->3468M(3822M) 64.227ms
[23.252s][info][gc,cpu         ] GC(240) User=0.19s Sys=0.00s Real=0.06s
[23.300s][info][gc,start       ] GC(241) Pause Young (Allocation Failure)
[23.366s][info][gc,heap        ] GC(241) PSYoungGen: 128224K(186880K)->87264K(186880K) Eden: 46080K(46080K)->0K(46080K) From: 82144K(140800K)->87264K(140800K)
[23.366s][info][gc,heap        ] GC(241) ParOldGen: 3470007K(3726848K)->3511351K(3726848K)
[23.366s][info][gc,metaspace   ] GC(241) Metaspace: 6302K(6464K)->6302K(6464K) NonClass: 5769K(5824K)->5769K(5824K) Class: 533K(640K)->533K(640K)
[23.366s][info][gc             ] GC(241) Pause Young (Allocation Failure) 3513M->3514M(3822M) 66.269ms
[23.366s][info][gc,cpu         ] GC(241) User=0.30s Sys=0.00s Real=0.07s
[23.419s][info][gc,start       ] GC(242) Pause Young (Allocation Failure)
[23.491s][info][gc,heap        ] GC(242) PSYoungGen: 133344K(186880K)->92416K(191488K) Eden: 46080K(46080K)->0K(50176K) From: 87264K(140800K)->92416K(141312K)
[23.491s][info][gc,heap        ] GC(242) ParOldGen: 3511351K(3726848K)->3552695K(3726848K)
[23.491s][info][gc,metaspace   ] GC(242) Metaspace: 6302K(6464K)->6302K(6464K) NonClass: 5769K(5824K)->5769K(5824K) Class: 533K(640K)->533K(640K)
[23.491s][info][gc             ] GC(242) Pause Young (Allocation Failure) 3559M->3559M(3826M) 72.266ms
[23.491s][info][gc,cpu         ] GC(242) User=0.33s Sys=0.03s Real=0.07s
[23.548s][info][gc,start       ] GC(243) Pause Young (Allocation Failure)
[23.622s][info][gc,heap        ] GC(243) PSYoungGen: 142592K(191488K)->96512K(193024K) Eden: 50176K(50176K)->0K(50176K) From: 92416K(141312K)->96512K(142848K)
[23.622s][info][gc,heap        ] GC(243) ParOldGen: 3552695K(3726848K)->3599191K(3726848K)
[23.622s][info][gc,metaspace   ] GC(243) Metaspace: 6302K(6464K)->6302K(6464K) NonClass: 5769K(5824K)->5769K(5824K) Class: 533K(640K)->533K(640K)
[23.622s][info][gc             ] GC(243) Pause Young (Allocation Failure) 3608M->3609M(3828M) 74.799ms
[23.623s][info][gc,cpu         ] GC(243) User=0.38s Sys=0.00s Real=0.07s
[23.673s][info][gc,start       ] GC(244) Pause Young (Allocation Failure)
[23.748s][info][gc,heap        ] GC(244) PSYoungGen: 146688K(193024K)->100640K(198656K) Eden: 50176K(50176K)->0K(53248K) From: 96512K(142848K)->100640K(145408K)
[23.748s][info][gc,heap        ] GC(244) ParOldGen: 3599191K(3726848K)->3645687K(3726848K)
[23.748s][info][gc,metaspace   ] GC(244) Metaspace: 6302K(6464K)->6302K(6464K) NonClass: 5769K(5824K)->5769K(5824K) Class: 533K(640K)->533K(640K)
[23.748s][info][gc             ] GC(244) Pause Young (Allocation Failure) 3658M->3658M(3833M) 74.614ms
[23.748s][info][gc,cpu         ] GC(244) User=0.48s Sys=0.02s Real=0.08s
[23.802s][info][gc,start       ] GC(245) Pause Young (Allocation Failure)
[23.881s][info][gc,heap        ] GC(245) PSYoungGen: 153888K(198656K)->103744K(201728K) Eden: 53248K(53248K)->0K(53248K) From: 100640K(145408K)->103744K(148480K)
[23.881s][info][gc,heap        ] GC(245) ParOldGen: 3645687K(3726848K)->3696319K(3726848K)
[23.881s][info][gc,metaspace   ] GC(245) Metaspace: 6302K(6464K)->6302K(6464K) NonClass: 5769K(5824K)->5769K(5824K) Class: 533K(640K)->533K(640K)
[23.881s][info][gc             ] GC(245) Pause Young (Allocation Failure) 3710M->3710M(3836M) 78.521ms
[23.881s][info][gc,cpu         ] GC(245) User=0.36s Sys=0.00s Real=0.08s
[23.881s][info][gc,start       ] GC(246) Pause Full (Ergonomics)
[23.881s][info][gc,phases,start] GC(246) Marking Phase
[24.736s][info][gc,phases      ] GC(246) Marking Phase 855.366ms
[24.736s][info][gc,phases,start] GC(246) Summary Phase
[24.736s][info][gc,phases      ] GC(246) Summary Phase 0.053ms
[24.736s][info][gc,phases,start] GC(246) Adjust Roots
[24.737s][info][gc,phases      ] GC(246) Adjust Roots 0.165ms
[24.737s][info][gc,phases,start] GC(246) Compaction Phase
[25.569s][info][gc,phases      ] GC(246) Compaction Phase 832.150ms
[25.569s][info][gc,phases,start] GC(246) Post Compact
[25.576s][info][gc,phases      ] GC(246) Post Compact 7.158ms
[25.577s][info][gc,heap        ] GC(246) PSYoungGen: 103744K(201728K)->69622K(201728K) Eden: 0K(53248K)->0K(53248K) From: 103744K(148480K)->69622K(148480K)
[25.577s][info][gc,heap        ] GC(246) ParOldGen: 3696319K(3726848K)->3726771K(4118528K)
[25.577s][info][gc,metaspace   ] GC(246) Metaspace: 6302K(6464K)->6302K(6464K) NonClass: 5769K(5824K)->5769K(5824K) Class: 533K(640K)->533K(640K)
[25.577s][info][gc             ] GC(246) Pause Full (Ergonomics) 3710M->3707M(4219M) 1696.460ms
[25.577s][info][gc,cpu         ] GC(246) User=11.81s Sys=0.11s Real=1.70s
[25.634s][info][gc,start       ] GC(247) Pause Young (Allocation Failure)
[25.853s][info][gc,heap        ] GC(247) PSYoungGen: 122870K(201728K)->89184K(202240K) Eden: 53248K(53248K)->0K(58368K) From: 69622K(148480K)->89184K(143872K)
[25.853s][info][gc,heap        ] GC(247) ParOldGen: 3726771K(4118528K)->3761107K(4118528K)
[25.853s][info][gc,metaspace   ] GC(247) Metaspace: 6302K(6464K)->6302K(6464K) NonClass: 5769K(5824K)->5769K(5824K) Class: 533K(640K)->533K(640K)
[25.853s][info][gc             ] GC(247) Pause Young (Allocation Failure) 3759M->3760M(4219M) 219.105ms
[25.853s][info][gc,cpu         ] GC(247) User=1.52s Sys=0.02s Real=0.22s
[25.917s][info][gc,start       ] GC(248) Pause Young (Allocation Failure)
[25.995s][info][gc,heap        ] GC(248) PSYoungGen: 147552K(202240K)->147680K(206848K) Eden: 58368K(58368K)->0K(58368K) From: 89184K(143872K)->147680K(148480K)
[25.995s][info][gc,heap        ] GC(248) ParOldGen: 3761107K(4118528K)->3761107K(4118528K)
[25.995s][info][gc,metaspace   ] GC(248) Metaspace: 6302K(6464K)->6302K(6464K) NonClass: 5769K(5824K)->5769K(5824K) Class: 533K(640K)->533K(640K)
[25.995s][info][gc             ] GC(248) Pause Young (Allocation Failure) 3817M->3817M(4224M) 78.614ms
[25.995s][info][gc,cpu         ] GC(248) User=0.41s Sys=0.00s Real=0.08s
[26.053s][info][gc,start       ] GC(249) Pause Young (Allocation Failure)
[26.155s][info][gc,heap        ] GC(249) PSYoungGen: 206048K(206848K)->166912K(195072K) Eden: 58368K(58368K)->0K(28160K) From: 147680K(148480K)->166912K(166912K)
[26.155s][info][gc,heap        ] GC(249) ParOldGen: 3761107K(4118528K)->3800483K(4118528K)
[26.155s][info][gc,metaspace   ] GC(249) Metaspace: 6302K(6464K)->6302K(6464K) NonClass: 5769K(5824K)->5769K(5824K) Class: 533K(640K)->533K(640K)
[26.155s][info][gc             ] GC(249) Pause Young (Allocation Failure) 3874M->3874M(4212M) 102.218ms
[26.155s][info][gc,cpu         ] GC(249) User=0.70s Sys=0.05s Real=0.10s
[26.182s][info][gc,start       ] GC(250) Pause Young (Allocation Failure)
[26.282s][info][gc,heap        ] GC(250) PSYoungGen: 195072K(195072K)->127392K(231424K) Eden: 28160K(28160K)->0K(28160K) From: 166912K(166912K)->127392K(203264K)
[26.283s][info][gc,heap        ] GC(250) ParOldGen: 3800483K(4118528K)->3868811K(4118528K)
[26.283s][info][gc,metaspace   ] GC(250) Metaspace: 6302K(6464K)->6302K(6464K) NonClass: 5769K(5824K)->5769K(5824K) Class: 533K(640K)->533K(640K)
[26.283s][info][gc             ] GC(250) Pause Young (Allocation Failure) 3901M->3902M(4248M) 100.138ms
[26.283s][info][gc,cpu         ] GC(250) User=0.75s Sys=0.02s Real=0.10s
[26.312s][info][gc,start       ] GC(251) Pause Young (Allocation Failure)
[26.393s][info][gc,heap        ] GC(251) PSYoungGen: 155552K(231424K)->103168K(216064K) Eden: 28160K(28160K)->0K(31744K) From: 127392K(203264K)->103168K(184320K)
[26.393s][info][gc,heap        ] GC(251) ParOldGen: 3868811K(4118528K)->3921611K(4118528K)
[26.393s][info][gc,metaspace   ] GC(251) Metaspace: 6302K(6464K)->6302K(6464K) NonClass: 5769K(5824K)->5769K(5824K) Class: 533K(640K)->533K(640K)
[26.393s][info][gc             ] GC(251) Pause Young (Allocation Failure) 3930M->3930M(4233M) 81.133ms
[26.393s][info][gc,cpu         ] GC(251) User=0.47s Sys=0.05s Real=0.08s
[26.430s][info][gc,start       ] GC(252) Pause Young (Allocation Failure)
[26.503s][info][gc,heap        ] GC(252) PSYoungGen: 134912K(216064K)->60160K(225792K) Eden: 31744K(31744K)->0K(31744K) From: 103168K(184320K)->60160K(194048K)
[26.503s][info][gc,heap        ] GC(252) ParOldGen: 3921611K(4118528K)->3996995K(4118528K)
[26.503s][info][gc,metaspace   ] GC(252) Metaspace: 6302K(6464K)->6302K(6464K) NonClass: 5769K(5824K)->5769K(5824K) Class: 533K(640K)->533K(640K)
[26.503s][info][gc             ] GC(252) Pause Young (Allocation Failure) 3961M->3962M(4242M) 73.688ms
[26.503s][info][gc,cpu         ] GC(252) User=0.44s Sys=0.06s Real=0.07s
[26.539s][info][gc,start       ] GC(253) Pause Young (Allocation Failure)
[26.603s][info][gc,heap        ] GC(253) PSYoungGen: 91904K(225792K)->31936K(226816K) Eden: 31744K(31744K)->0K(34816K) From: 60160K(194048K)->31936K(192000K)
[26.603s][info][gc,heap        ] GC(253) ParOldGen: 3996995K(4118528K)->4057411K(4118528K)
[26.603s][info][gc,metaspace   ] GC(253) Metaspace: 6302K(6464K)->6302K(6464K) NonClass: 5769K(5824K)->5769K(5824K) Class: 533K(640K)->533K(640K)
[26.603s][info][gc             ] GC(253) Pause Young (Allocation Failure) 3993M->3993M(4243M) 64.781ms
[26.603s][info][gc,cpu         ] GC(253) User=0.28s Sys=0.00s Real=0.07s
[26.603s][info][gc,start       ] GC(254) Pause Full (Ergonomics)
[26.603s][info][gc,phases,start] GC(254) Marking Phase
[27.530s][info][gc,phases      ] GC(254) Marking Phase 926.241ms
[27.530s][info][gc,phases,start] GC(254) Summary Phase
[27.530s][info][gc,phases      ] GC(254) Summary Phase 0.079ms
[27.530s][info][gc,phases,start] GC(254) Adjust Roots
[27.530s][info][gc,phases      ] GC(254) Adjust Roots 0.183ms
[27.530s][info][gc,phases,start] GC(254) Compaction Phase
[27.906s][info][gc,phases      ] GC(254) Compaction Phase 376.263ms
[27.906s][info][gc,phases,start] GC(254) Post Compact
[27.912s][info][gc,phases      ] GC(254) Post Compact 5.985ms
[27.914s][info][gc,heap        ] GC(254) PSYoungGen: 31936K(226816K)->0K(228352K) Eden: 0K(34816K)->0K(34816K) From: 31936K(192000K)->0K(193536K)
[27.914s][info][gc,heap        ] GC(254) ParOldGen: 4057411K(4118528K)->4085960K(4526592K)
[27.914s][info][gc,metaspace   ] GC(254) Metaspace: 6302K(6464K)->6302K(6464K) NonClass: 5769K(5824K)->5769K(5824K) Class: 533K(640K)->533K(640K)
[27.914s][info][gc             ] GC(254) Pause Full (Ergonomics) 3993M->3990M(4643M) 1310.409ms
[27.914s][info][gc,cpu         ] GC(254) User=9.69s Sys=0.03s Real=1.31s
[27.958s][info][gc,start       ] GC(255) Pause Young (Allocation Failure)
[28.000s][info][gc,heap        ] GC(255) PSYoungGen: 34816K(228352K)->35008K(228864K) Eden: 34816K(34816K)->0K(38400K) From: 0K(193536K)->35008K(190464K)
[28.001s][info][gc,heap        ] GC(255) ParOldGen: 4085960K(4526592K)->4085960K(4526592K)
[28.001s][info][gc,metaspace   ] GC(255) Metaspace: 6302K(6464K)->6302K(6464K) NonClass: 5769K(5824K)->5769K(5824K) Class: 533K(640K)->533K(640K)
[28.001s][info][gc             ] GC(255) Pause Young (Allocation Failure) 4024M->4024M(4644M) 42.575ms
[28.001s][info][gc,cpu         ] GC(255) User=0.08s Sys=0.00s Real=0.04s
[28.039s][info][gc,start       ] GC(256) Pause Young (Allocation Failure)
[28.091s][info][gc,heap        ] GC(256) PSYoungGen: 73408K(228864K)->73408K(112128K) Eden: 38400K(38400K)->0K(38400K) From: 35008K(190464K)->73408K(73728K)
[28.091s][info][gc,heap        ] GC(256) ParOldGen: 4085960K(4526592K)->4085960K(4526592K)
[28.091s][info][gc,metaspace   ] GC(256) Metaspace: 6302K(6464K)->6302K(6464K) NonClass: 5769K(5824K)->5769K(5824K) Class: 533K(640K)->533K(640K)
[28.091s][info][gc             ] GC(256) Pause Young (Allocation Failure) 4061M->4061M(4530M) 52.366ms
[28.091s][info][gc,cpu         ] GC(256) User=0.16s Sys=0.00s Real=0.05s
[28.129s][info][gc,start       ] GC(257) Pause Young (Allocation Failure)
[28.195s][info][gc,heap        ] GC(257) PSYoungGen: 111808K(112128K)->77024K(209920K) Eden: 38400K(38400K)->0K(43008K) From: 73408K(73728K)->77024K(166912K)
[28.196s][info][gc,heap        ] GC(257) ParOldGen: 4085960K(4526592K)->4121072K(4526592K)
[28.196s][info][gc,metaspace   ] GC(257) Metaspace: 6302K(6464K)->6302K(6464K) NonClass: 5769K(5824K)->5769K(5824K) Class: 533K(640K)->533K(640K)
[28.196s][info][gc             ] GC(257) Pause Young (Allocation Failure) 4099M->4099M(4625M) 66.319ms
[28.196s][info][gc,cpu         ] GC(257) User=0.28s Sys=0.00s Real=0.07s
[28.239s][info][gc,start       ] GC(258) Pause Young (Allocation Failure)
[28.306s][info][gc,heap        ] GC(258) PSYoungGen: 120032K(209920K)->81664K(124928K) Eden: 43008K(43008K)->0K(43008K) From: 77024K(166912K)->81664K(81920K)
[28.306s][info][gc,heap        ] GC(258) ParOldGen: 4121072K(4526592K)->4159816K(4526592K)
[28.306s][info][gc,metaspace   ] GC(258) Metaspace: 6302K(6464K)->6302K(6464K) NonClass: 5769K(5824K)->5769K(5824K) Class: 533K(640K)->533K(640K)
[28.307s][info][gc             ] GC(258) Pause Young (Allocation Failure) 4141M->4142M(4542M) 67.503ms
[28.307s][info][gc,cpu         ] GC(258) User=0.25s Sys=0.00s Real=0.07s
[28.358s][info][gc,start       ] GC(259) Pause Young (Allocation Failure)
[28.426s][info][gc,heap        ] GC(259) PSYoungGen: 124672K(124928K)->86272K(200192K) Eden: 43008K(43008K)->0K(48128K) From: 81664K(81920K)->86272K(152064K)
[28.426s][info][gc,heap        ] GC(259) ParOldGen: 4159816K(4526592K)->4198560K(4526592K)
[28.426s][info][gc,metaspace   ] GC(259) Metaspace: 6302K(6464K)->6302K(6464K) NonClass: 5769K(5824K)->5769K(5824K) Class: 533K(640K)->533K(640K)
[28.426s][info][gc             ] GC(259) Pause Young (Allocation Failure) 4184M->4184M(4616M) 68.667ms
[28.426s][info][gc,cpu         ] GC(259) User=0.28s Sys=0.02s Real=0.07s
[28.484s][info][gc,start       ] GC(260) Pause Young (Allocation Failure)
[28.560s][info][gc,heap        ] GC(260) PSYoungGen: 134400K(200192K)->91424K(207360K) Eden: 48128K(48128K)->0K(48128K) From: 86272K(152064K)->91424K(159232K)
[28.560s][info][gc,heap        ] GC(260) ParOldGen: 4198560K(4526592K)->4241952K(4526592K)
[28.560s][info][gc,metaspace   ] GC(260) Metaspace: 6302K(6464K)->6302K(6464K) NonClass: 5769K(5824K)->5769K(5824K) Class: 533K(640K)->533K(640K)
[28.560s][info][gc             ] GC(260) Pause Young (Allocation Failure) 4231M->4231M(4623M) 75.637ms
[28.560s][info][gc,cpu         ] GC(260) User=0.41s Sys=0.00s Real=0.08s
[28.613s][info][gc,start       ] GC(261) Pause Young (Allocation Failure)
[28.692s][info][gc,heap        ] GC(261) PSYoungGen: 139552K(207360K)->96544K(203264K) Eden: 48128K(48128K)->0K(53760K) From: 91424K(159232K)->96544K(149504K)
[28.692s][info][gc,heap        ] GC(261) ParOldGen: 4241952K(4526592K)->4285344K(4526592K)
[28.692s][info][gc,metaspace   ] GC(261) Metaspace: 6302K(6464K)->6302K(6464K) NonClass: 5769K(5824K)->5769K(5824K) Class: 533K(640K)->533K(640K)
[28.692s][info][gc             ] GC(261) Pause Young (Allocation Failure) 4278M->4279M(4619M) 79.096ms
[28.692s][info][gc,cpu         ] GC(261) User=0.34s Sys=0.08s Real=0.08s
[28.747s][info][gc,start       ] GC(262) Pause Young (Allocation Failure)
[28.826s][info][gc,heap        ] GC(262) PSYoungGen: 150304K(203264K)->102144K(205824K) Eden: 53760K(53760K)->0K(53760K) From: 96544K(149504K)->102144K(152064K)
[28.826s][info][gc,heap        ] GC(262) ParOldGen: 4285344K(4526592K)->4333888K(4526592K)
[28.826s][info][gc,metaspace   ] GC(262) Metaspace: 6302K(6464K)->6302K(6464K) NonClass: 5769K(5824K)->5769K(5824K) Class: 533K(640K)->533K(640K)
[28.826s][info][gc             ] GC(262) Pause Young (Allocation Failure) 4331M->4332M(4621M) 79.742ms
[28.826s][info][gc,cpu         ] GC(262) User=0.50s Sys=0.02s Real=0.08s
[28.880s][info][gc,start       ] GC(263) Pause Young (Allocation Failure)
[28.960s][info][gc,heap        ] GC(263) PSYoungGen: 155904K(205824K)->107840K(210432K) Eden: 53760K(53760K)->0K(58880K) From: 102144K(152064K)->107840K(151552K)
[28.960s][info][gc,heap        ] GC(263) ParOldGen: 4333888K(4526592K)->4382440K(4526592K)
[28.960s][info][gc,metaspace   ] GC(263) Metaspace: 6302K(6464K)->6302K(6464K) NonClass: 5769K(5824K)->5769K(5824K) Class: 533K(640K)->533K(640K)
[28.960s][info][gc             ] GC(263) Pause Young (Allocation Failure) 4384M->4385M(4626M) 80.120ms
[28.960s][info][gc,cpu         ] GC(263) User=0.38s Sys=0.14s Real=0.08s
[29.028s][info][gc,start       ] GC(264) Pause Young (Allocation Failure)
[29.114s][info][gc,heap        ] GC(264) PSYoungGen: 166720K(210432K)->112896K(211968K) Eden: 58880K(58880K)->0K(58880K) From: 107840K(151552K)->112896K(153088K)
[29.114s][info][gc,heap        ] GC(264) ParOldGen: 4382440K(4526592K)->4436664K(4526592K)
[29.114s][info][gc,metaspace   ] GC(264) Metaspace: 6302K(6464K)->6302K(6464K) NonClass: 5769K(5824K)->5769K(5824K) Class: 533K(640K)->533K(640K)
[29.114s][info][gc             ] GC(264) Pause Young (Allocation Failure) 4442M->4442M(4627M) 85.772ms
[29.114s][info][gc,cpu         ] GC(264) User=0.53s Sys=0.00s Real=0.09s
[29.189s][info][gc,start       ] GC(265) Pause Young (Allocation Failure)
[29.282s][info][gc,heap        ] GC(265) PSYoungGen: 171776K(211968K)->118080K(217600K) Eden: 58880K(58880K)->0K(62464K) From: 112896K(153088K)->118080K(155136K)
[29.282s][info][gc,heap        ] GC(265) ParOldGen: 4436664K(4526592K)->4490912K(4526592K)
[29.282s][info][gc,metaspace   ] GC(265) Metaspace: 6302K(6464K)->6302K(6464K) NonClass: 5769K(5824K)->5769K(5824K) Class: 533K(640K)->533K(640K)
[29.282s][info][gc             ] GC(265) Pause Young (Allocation Failure) 4500M->4500M(4633M) 93.840ms
[29.282s][info][gc,cpu         ] GC(265) User=0.59s Sys=0.03s Real=0.09s
[29.282s][info][gc,start       ] GC(266) Pause Full (Ergonomics)
[29.282s][info][gc,phases,start] GC(266) Marking Phase
[30.334s][info][gc,phases      ] GC(266) Marking Phase 1051.380ms
[30.334s][info][gc,phases,start] GC(266) Summary Phase
[30.334s][info][gc,phases      ] GC(266) Summary Phase 0.068ms
[30.334s][info][gc,phases,start] GC(266) Adjust Roots
[30.334s][info][gc,phases      ] GC(266) Adjust Roots 0.180ms
[30.334s][info][gc,phases,start] GC(266) Compaction Phase
[30.782s][info][gc,phases      ] GC(266) Compaction Phase 447.684ms
[30.782s][info][gc,phases,start] GC(266) Post Compact
[30.789s][info][gc,phases      ] GC(266) Post Compact 6.745ms
[30.790s][info][gc,heap        ] GC(266) PSYoungGen: 118080K(217600K)->78334K(217600K) Eden: 0K(62464K)->0K(62464K) From: 118080K(155136K)->78334K(155136K)
[30.790s][info][gc,heap        ] GC(266) ParOldGen: 4490912K(4526592K)->4526436K(4988416K)
[30.790s][info][gc,metaspace   ] GC(266) Metaspace: 6302K(6464K)->6302K(6464K) NonClass: 5769K(5824K)->5769K(5824K) Class: 533K(640K)->533K(640K)
[30.790s][info][gc             ] GC(266) Pause Full (Ergonomics) 4500M->4496M(5084M) 1507.871ms
[30.790s][info][gc,cpu         ] GC(266) User=11.25s Sys=0.02s Real=1.51s
[30.867s][info][gc,start       ] GC(267) Pause Young (Allocation Failure)
[31.151s][info][gc,heap        ] GC(267) PSYoungGen: 140798K(217600K)->103264K(221184K) Eden: 62464K(62464K)->0K(62464K) From: 78334K(155136K)->103264K(158720K)
[31.151s][info][gc,heap        ] GC(267) ParOldGen: 4526436K(4988416K)->4564636K(4988416K)
[31.151s][info][gc,metaspace   ] GC(267) Metaspace: 6302K(6464K)->6302K(6464K) NonClass: 5769K(5824K)->5769K(5824K) Class: 533K(640K)->533K(640K)
[31.151s][info][gc             ] GC(267) Pause Young (Allocation Failure) 4557M->4558M(5087M) 284.049ms
[31.151s][info][gc,cpu         ] GC(267) User=1.77s Sys=0.00s Real=0.28s
[31.218s][info][gc,start       ] GC(268) Pause Young (Allocation Failure)
[31.311s][info][gc,heap        ] GC(268) PSYoungGen: 165728K(221184K)->155648K(204288K) Eden: 62464K(62464K)->0K(48640K) From: 103264K(158720K)->155648K(155648K)
[31.311s][info][gc,heap        ] GC(268) ParOldGen: 4564636K(4988416K)->4574820K(4988416K)
[31.311s][info][gc,metaspace   ] GC(268) Metaspace: 6302K(6464K)->6302K(6464K) NonClass: 5769K(5824K)->5769K(5824K) Class: 533K(640K)->533K(640K)
[31.311s][info][gc             ] GC(268) Pause Young (Allocation Failure) 4619M->4619M(5071M) 93.232ms
[31.311s][info][gc,cpu         ] GC(268) User=0.69s Sys=0.06s Real=0.09s
[31.370s][info][gc,start       ] GC(269) Pause Young (Allocation Failure)
[31.487s][info][gc,heap        ] GC(269) PSYoungGen: 204288K(204288K)->104832K(153600K) Eden: 48640K(48640K)->0K(48640K) From: 155648K(155648K)->104832K(104960K)
[31.487s][info][gc,heap        ] GC(269) ParOldGen: 4574820K(4988416K)->4675212K(4988416K)
[31.487s][info][gc,metaspace   ] GC(269) Metaspace: 6302K(6464K)->6302K(6464K) NonClass: 5769K(5824K)->5769K(5824K) Class: 533K(640K)->533K(640K)
[31.487s][info][gc             ] GC(269) Pause Young (Allocation Failure) 4667M->4668M(5021M) 117.122ms
[31.487s][info][gc,cpu         ] GC(269) User=0.73s Sys=0.05s Real=0.12s
[31.546s][info][gc,start       ] GC(270) Pause Young (Allocation Failure)
[31.631s][info][gc,heap        ] GC(270) PSYoungGen: 153472K(153600K)->97536K(212480K) Eden: 48640K(48640K)->0K(54272K) From: 104832K(104960K)->97536K(158208K)
[31.631s][info][gc,heap        ] GC(270) ParOldGen: 4675212K(4988416K)->4731604K(4988416K)
[31.631s][info][gc,metaspace   ] GC(270) Metaspace: 6302K(6464K)->6302K(6464K) NonClass: 5769K(5824K)->5769K(5824K) Class: 533K(640K)->533K(640K)
[31.631s][info][gc             ] GC(270) Pause Young (Allocation Failure) 4715M->4715M(5079M) 85.051ms
[31.631s][info][gc,cpu         ] GC(270) User=0.62s Sys=0.02s Real=0.08s
[31.688s][info][gc,start       ] GC(271) Pause Young (Allocation Failure)
[31.773s][info][gc,heap        ] GC(271) PSYoungGen: 151808K(212480K)->103232K(218112K) Eden: 54272K(54272K)->0K(54272K) From: 97536K(158208K)->103232K(163840K)
[31.773s][info][gc,heap        ] GC(271) ParOldGen: 4731604K(4988416K)->4780692K(4988416K)
[31.773s][info][gc,metaspace   ] GC(271) Metaspace: 6302K(6464K)->6302K(6464K) NonClass: 5769K(5824K)->5769K(5824K) Class: 533K(640K)->533K(640K)
[31.773s][info][gc             ] GC(271) Pause Young (Allocation Failure) 4768M->4769M(5084M) 85.214ms
[31.773s][info][gc,cpu         ] GC(271) User=0.53s Sys=0.00s Real=0.09s
[31.833s][info][gc,start       ] GC(272) Pause Young (Allocation Failure)
[31.919s][info][gc,heap        ] GC(272) PSYoungGen: 157504K(218112K)->108896K(212992K) Eden: 54272K(54272K)->0K(60928K) From: 103232K(163840K)->108896K(152064K)
[31.919s][info][gc,heap        ] GC(272) ParOldGen: 4780692K(4988416K)->4829772K(4988416K)
[31.919s][info][gc,metaspace   ] GC(272) Metaspace: 6302K(6464K)->6302K(6464K) NonClass: 5769K(5824K)->5769K(5824K) Class: 533K(640K)->533K(640K)
[31.919s][info][gc             ] GC(272) Pause Young (Allocation Failure) 4822M->4822M(5079M) 86.250ms
[31.919s][info][gc,cpu         ] GC(272) User=0.53s Sys=0.00s Real=0.09s
[31.989s][info][gc,start       ] GC(273) Pause Young (Allocation Failure)
[32.081s][info][gc,heap        ] GC(273) PSYoungGen: 169824K(212992K)->115520K(216064K) Eden: 60928K(60928K)->0K(60928K) From: 108896K(152064K)->115520K(155136K)
[32.081s][info][gc,heap        ] GC(273) ParOldGen: 4829772K(4988416K)->4884548K(4988416K)
[32.081s][info][gc,metaspace   ] GC(273) Metaspace: 6302K(6464K)->6302K(6464K) NonClass: 5769K(5824K)->5769K(5824K) Class: 533K(640K)->533K(640K)
[32.081s][info][gc             ] GC(273) Pause Young (Allocation Failure) 4882M->4882M(5082M) 91.879ms
[32.081s][info][gc,cpu         ] GC(273) User=0.62s Sys=0.02s Real=0.09s
[32.154s][info][gc,start       ] GC(274) Pause Young (Allocation Failure)
[32.252s][info][gc,heap        ] GC(274) PSYoungGen: 176448K(216064K)->122176K(221184K) Eden: 60928K(60928K)->0K(66560K) From: 115520K(155136K)->122176K(154624K)
[32.252s][info][gc,heap        ] GC(274) ParOldGen: 4884548K(4988416K)->4939308K(4988416K)
[32.252s][info][gc,metaspace   ] GC(274) Metaspace: 6302K(6464K)->6302K(6464K) NonClass: 5769K(5824K)->5769K(5824K) Class: 533K(640K)->533K(640K)
[32.252s][info][gc             ] GC(274) Pause Young (Allocation Failure) 4942M->4942M(5087M) 98.083ms
[32.252s][info][gc,cpu         ] GC(274) User=0.77s Sys=0.02s Real=0.10s
[32.252s][info][gc,start       ] GC(275) Pause Full (Ergonomics)
[32.252s][info][gc,phases,start] GC(275) Marking Phase
[33.427s][info][gc,phases      ] GC(275) Marking Phase 1175.014ms
[33.427s][info][gc,phases,start] GC(275) Summary Phase
[33.427s][info][gc,phases      ] GC(275) Summary Phase 0.071ms
[33.427s][info][gc,phases,start] GC(275) Adjust Roots
[33.427s][info][gc,phases      ] GC(275) Adjust Roots 0.208ms
[33.428s][info][gc,phases,start] GC(275) Compaction Phase
[33.896s][info][gc,phases      ] GC(275) Compaction Phase 468.419ms
[33.896s][info][gc,phases,start] GC(275) Post Compact
[33.903s][info][gc,phases      ] GC(275) Post Compact 7.397ms
[33.905s][info][gc,heap        ] GC(275) PSYoungGen: 122176K(221184K)->69139K(221184K) Eden: 0K(66560K)->0K(66560K) From: 122176K(154624K)->69139K(154624K)
[33.905s][info][gc,heap        ] GC(275) ParOldGen: 4939308K(4988416K)->4987982K(5500416K)
[33.905s][info][gc,metaspace   ] GC(275) Metaspace: 6302K(6464K)->6302K(6464K) NonClass: 5769K(5824K)->5769K(5824K) Class: 533K(640K)->533K(640K)
[33.905s][info][gc             ] GC(275) Pause Full (Ergonomics) 4942M->4938M(5587M) 1653.105ms
[33.905s][info][gc,cpu         ] GC(275) User=12.47s Sys=0.05s Real=1.65s
[33.980s][info][gc,start       ] GC(276) Pause Young (Allocation Failure)
[34.282s][info][gc,heap        ] GC(276) PSYoungGen: 135699K(221184K)->100448K(222720K) Eden: 66560K(66560K)->0K(66560K) From: 69139K(154624K)->100448K(156160K)
[34.282s][info][gc,heap        ] GC(276) ParOldGen: 4987982K(5500416K)->5023870K(5500416K)
[34.282s][info][gc,metaspace   ] GC(276) Metaspace: 6302K(6464K)->6302K(6464K) NonClass: 5769K(5824K)->5769K(5824K) Class: 533K(640K)->533K(640K)
[34.282s][info][gc             ] GC(276) Pause Young (Allocation Failure) 5003M->5004M(5589M) 301.671ms
[34.282s][info][gc,cpu         ] GC(276) User=2.08s Sys=0.02s Real=0.30s
[34.355s][info][gc,start       ] GC(277) Pause Young (Allocation Failure)
[34.450s][info][gc,heap        ] GC(277) PSYoungGen: 167008K(222720K)->152064K(206848K) Eden: 66560K(66560K)->0K(54784K) From: 100448K(156160K)->152064K(152064K)
[34.450s][info][gc,heap        ] GC(277) ParOldGen: 5023870K(5500416K)->5038974K(5500416K)
[34.450s][info][gc,metaspace   ] GC(277) Metaspace: 6302K(6464K)->6302K(6464K) NonClass: 5769K(5824K)->5769K(5824K) Class: 533K(640K)->533K(640K)
[34.450s][info][gc             ] GC(277) Pause Young (Allocation Failure) 5069M->5069M(5573M) 95.633ms
[34.450s][info][gc,cpu         ] GC(277) User=0.61s Sys=0.03s Real=0.10s
[34.518s][info][gc,start       ] GC(278) Pause Young (Allocation Failure)
[34.635s][info][gc,heap        ] GC(278) PSYoungGen: 206848K(206848K)->116256K(225280K) Eden: 54784K(54784K)->0K(54784K) From: 152064K(152064K)->116256K(170496K)
[34.635s][info][gc,heap        ] GC(278) ParOldGen: 5038974K(5500416K)->5130398K(5500416K)
[34.635s][info][gc,metaspace   ] GC(278) Metaspace: 6302K(6464K)->6302K(6464K) NonClass: 5769K(5824K)->5769K(5824K) Class: 533K(640K)->533K(640K)
[34.635s][info][gc             ] GC(278) Pause Young (Allocation Failure) 5122M->5123M(5591M) 117.374ms
[34.635s][info][gc,cpu         ] GC(278) User=0.73s Sys=0.05s Real=0.12s
[34.698s][info][gc,start       ] GC(279) Pause Young (Allocation Failure)
[34.794s][info][gc,heap        ] GC(279) PSYoungGen: 171040K(225280K)->109856K(217088K) Eden: 54784K(54784K)->0K(60928K) From: 116256K(170496K)->109856K(156160K)
[34.794s][info][gc,heap        ] GC(279) ParOldGen: 5130398K(5500416K)->5192166K(5500416K)
[34.794s][info][gc,metaspace   ] GC(279) Metaspace: 6302K(6464K)->6302K(6464K) NonClass: 5769K(5824K)->5769K(5824K) Class: 533K(640K)->533K(640K)
[34.794s][info][gc             ] GC(279) Pause Young (Allocation Failure) 5177M->5177M(5583M) 95.207ms
[34.794s][info][gc,cpu         ] GC(279) User=0.62s Sys=0.02s Real=0.10s
[34.861s][info][gc,start       ] GC(280) Pause Young (Allocation Failure)
[34.959s][info][gc,heap        ] GC(280) PSYoungGen: 170784K(217088K)->116000K(222208K) Eden: 60928K(60928K)->0K(60928K) From: 109856K(156160K)->116000K(161280K)
[34.959s][info][gc,heap        ] GC(280) ParOldGen: 5192166K(5500416K)->5247446K(5500416K)
[34.959s][info][gc,metaspace   ] GC(280) Metaspace: 6302K(6464K)->6302K(6464K) NonClass: 5769K(5824K)->5769K(5824K) Class: 533K(640K)->533K(640K)
[34.959s][info][gc             ] GC(280) Pause Young (Allocation Failure) 5237M->5237M(5588M) 97.235ms
[34.959s][info][gc,cpu         ] GC(280) User=0.59s Sys=0.03s Real=0.10s
[35.028s][info][gc,start       ] GC(281) Pause Young (Allocation Failure)
[35.130s][info][gc,heap        ] GC(281) PSYoungGen: 176928K(222208K)->122208K(224768K) Eden: 60928K(60928K)->0K(68096K) From: 116000K(161280K)->122208K(156672K)
[35.130s][info][gc,heap        ] GC(281) ParOldGen: 5247446K(5500416K)->5302718K(5500416K)
[35.130s][info][gc,metaspace   ] GC(281) Metaspace: 6302K(6464K)->6302K(6464K) NonClass: 5769K(5824K)->5769K(5824K) Class: 533K(640K)->533K(640K)
[35.130s][info][gc             ] GC(281) Pause Young (Allocation Failure) 5297M->5297M(5591M) 102.668ms
[35.130s][info][gc,cpu         ] GC(281) User=0.58s Sys=0.05s Real=0.10s
[35.213s][info][gc,start       ] GC(282) Pause Young (Allocation Failure)
[35.321s][info][gc,heap        ] GC(282) PSYoungGen: 190304K(224768K)->129344K(225280K) Eden: 68096K(68096K)->0K(68096K) From: 122208K(156672K)->129344K(157184K)
[35.321s][info][gc,heap        ] GC(282) ParOldGen: 5302718K(5500416K)->5364198K(5500416K)
[35.321s][info][gc,metaspace   ] GC(282) Metaspace: 6302K(6464K)->6302K(6464K) NonClass: 5769K(5824K)->5769K(5824K) Class: 533K(640K)->533K(640K)
[35.321s][info][gc             ] GC(282) Pause Young (Allocation Failure) 5364M->5364M(5591M) 107.812ms
[35.321s][info][gc,cpu         ] GC(282) User=0.61s Sys=0.03s Real=0.11s
[35.397s][info][gc,start       ] GC(283) Pause Young (Allocation Failure)
[35.518s][info][gc,heap        ] GC(283) PSYoungGen: 197440K(225280K)->136480K(231424K) Eden: 68096K(68096K)->0K(72704K) From: 129344K(157184K)->136480K(158720K)
[35.518s][info][gc,heap        ] GC(283) ParOldGen: 5364198K(5500416K)->5425670K(5500416K)
[35.518s][info][gc,metaspace   ] GC(283) Metaspace: 6302K(6464K)->6302K(6464K) NonClass: 5769K(5824K)->5769K(5824K) Class: 533K(640K)->533K(640K)
[35.518s][info][gc             ] GC(283) Pause Young (Allocation Failure) 5431M->5431M(5597M) 121.122ms
[35.518s][info][gc,cpu         ] GC(283) User=0.66s Sys=0.03s Real=0.12s
[35.518s][info][gc,start       ] GC(284) Pause Full (Ergonomics)
[35.518s][info][gc,phases,start] GC(284) Marking Phase
[36.784s][info][gc,phases      ] GC(284) Marking Phase 1266.116ms
[36.784s][info][gc,phases,start] GC(284) Summary Phase
[36.784s][info][gc,phases      ] GC(284) Summary Phase 0.066ms
[36.784s][info][gc,phases,start] GC(284) Adjust Roots
[36.784s][info][gc,phases      ] GC(284) Adjust Roots 0.161ms
[36.785s][info][gc,phases,start] GC(284) Compaction Phase
[37.305s][info][gc,phases      ] GC(284) Compaction Phase 520.413ms
[37.305s][info][gc,phases,start] GC(284) Post Compact
[37.313s][info][gc,phases      ] GC(284) Post Compact 8.212ms
[37.314s][info][gc,heap        ] GC(284) PSYoungGen: 136480K(231424K)->57425K(231424K) Eden: 0K(72704K)->0K(72704K) From: 136480K(158720K)->57425K(158720K)
[37.314s][info][gc,heap        ] GC(284) ParOldGen: 5425670K(5500416K)->5500164K(5803008K)
[37.314s][info][gc,metaspace   ] GC(284) Metaspace: 6302K(6464K)->6302K(6464K) NonClass: 5769K(5824K)->5769K(5824K) Class: 533K(640K)->533K(640K)
[37.314s][info][gc             ] GC(284) Pause Full (Ergonomics) 5431M->5427M(5893M) 1796.277ms
[37.314s][info][gc,cpu         ] GC(284) User=13.47s Sys=0.03s Real=1.80s
[37.395s][info][gc,start       ] GC(285) Pause Young (Allocation Failure)
[37.719s][info][gc,heap        ] GC(285) PSYoungGen: 130129K(231424K)->99360K(235008K) Eden: 72704K(72704K)->0K(72704K) From: 57425K(158720K)->99360K(162304K)
[37.719s][info][gc,heap        ] GC(285) ParOldGen: 5500164K(5803008K)->5531556K(5803008K)
[37.719s][info][gc,metaspace   ] GC(285) Metaspace: 6302K(6464K)->6302K(6464K) NonClass: 5769K(5824K)->5769K(5824K) Class: 533K(640K)->533K(640K)
[37.719s][info][gc             ] GC(285) Pause Young (Allocation Failure) 5498M->5498M(5896M) 324.690ms
[37.719s][info][gc,cpu         ] GC(285) User=2.03s Sys=0.02s Real=0.32s
[37.811s][info][gc,start       ] GC(286) Pause Young (Allocation Failure)
[37.913s][info][gc,heap        ] GC(286) PSYoungGen: 172064K(235008K)->160768K(224256K) Eden: 72704K(72704K)->0K(63488K) From: 99360K(162304K)->160768K(160768K)
[37.913s][info][gc,heap        ] GC(286) ParOldGen: 5531556K(5803008K)->5542948K(5803008K)
[37.913s][info][gc,metaspace   ] GC(286) Metaspace: 6302K(6464K)->6302K(6464K) NonClass: 5769K(5824K)->5769K(5824K) Class: 533K(640K)->533K(640K)
[37.913s][info][gc             ] GC(286) Pause Young (Allocation Failure) 5569M->5570M(5886M) 101.266ms
[37.913s][info][gc,cpu         ] GC(286) User=0.75s Sys=0.00s Real=0.10s
[37.980s][info][gc,start       ] GC(287) Pause Young (Allocation Failure)
[38.106s][info][gc,heap        ] GC(287) PSYoungGen: 214080K(224256K)->121184K(240640K) Eden: 53312K(63488K)->0K(63488K) From: 160768K(160768K)->121184K(177152K)
[38.106s][info][gc,heap        ] GC(287) ParOldGen: 5542948K(5803008K)->5635708K(5803008K)
[38.106s][info][gc,metaspace   ] GC(287) Metaspace: 6302K(6464K)->6302K(6464K) NonClass: 5769K(5824K)->5769K(5824K) Class: 533K(640K)->533K(640K)
[38.106s][info][gc             ] GC(287) Pause Young (Allocation Failure) 5622M->5621M(5902M) 126.067ms
[38.106s][info][gc,cpu         ] GC(287) User=0.83s Sys=0.06s Real=0.13s
[38.106s][info][gc,start       ] GC(288) Pause Young (Allocation Failure)
[38.181s][info][gc,heap        ] GC(288) PSYoungGen: 121184K(240640K)->52544K(236544K) Eden: 0K(63488K)->0K(64512K) From: 121184K(177152K)->52544K(172032K)
[38.181s][info][gc,heap        ] GC(288) ParOldGen: 5635708K(5803008K)->5704900K(5803008K)
[38.181s][info][gc,metaspace   ] GC(288) Metaspace: 6302K(6464K)->6302K(6464K) NonClass: 5769K(5824K)->5769K(5824K) Class: 533K(640K)->533K(640K)
[38.181s][info][gc             ] GC(288) Pause Young (Allocation Failure) 5621M->5622M(5898M) 75.278ms
[38.181s][info][gc,cpu         ] GC(288) User=0.38s Sys=0.03s Real=0.08s
[38.181s][info][gc,start       ] GC(289) Pause Full (Allocation Failure)
[38.181s][info][gc,phases,start] GC(289) Marking Phase
[39.475s][info][gc,phases      ] GC(289) Marking Phase 1293.652ms
[39.475s][info][gc,phases,start] GC(289) Summary Phase
[39.475s][info][gc,phases      ] GC(289) Summary Phase 0.091ms
[39.475s][info][gc,phases,start] GC(289) Adjust Roots
[39.475s][info][gc,phases      ] GC(289) Adjust Roots 0.168ms
[39.475s][info][gc,phases,start] GC(289) Compaction Phase
[39.943s][info][gc,phases      ] GC(289) Compaction Phase 467.495ms
[39.943s][info][gc,phases,start] GC(289) Post Compact
[39.951s][info][gc,phases      ] GC(289) Post Compact 8.293ms
[39.951s][info][gc,heap        ] GC(289) PSYoungGen: 52544K(236544K)->0K(242688K) Eden: 0K(64512K)->0K(64512K) From: 52544K(172032K)->0K(178176K)
[39.951s][info][gc,heap        ] GC(289) ParOldGen: 5704900K(5803008K)->5755243K(5803008K)
[39.951s][info][gc,metaspace   ] GC(289) Metaspace: 6302K(6464K)->6302K(6464K) NonClass: 5769K(5824K)->5769K(5824K) Class: 533K(640K)->533K(640K)
[39.951s][info][gc             ] GC(289) Pause Full (Allocation Failure) 5622M->5620M(5904M) 1770.004ms
[39.951s][info][gc,cpu         ] GC(289) User=13.45s Sys=0.03s Real=1.77s
[39.951s][info][gc,start       ] GC(290) Pause Young (Allocation Failure)
[39.959s][info][gc,heap        ] GC(290) PSYoungGen: 0K(242688K)->0K(238080K) Eden: 0K(64512K)->0K(59904K) From: 0K(178176K)->0K(178176K)
[39.959s][info][gc,heap        ] GC(290) ParOldGen: 5755243K(5803008K)->5755243K(5803008K)
[39.959s][info][gc,metaspace   ] GC(290) Metaspace: 6302K(6464K)->6302K(6464K) NonClass: 5769K(5824K)->5769K(5824K) Class: 533K(640K)->533K(640K)
[39.959s][info][gc             ] GC(290) Pause Young (Allocation Failure) 5620M->5620M(5899M) 7.893ms
[39.959s][info][gc,cpu         ] GC(290) User=0.02s Sys=0.00s Real=0.01s
[39.959s][info][gc,start       ] GC(291) Pause Full (Allocation Failure)
[39.959s][info][gc,phases,start] GC(291) Marking Phase
[41.260s][info][gc,phases      ] GC(291) Marking Phase 1300.894ms
[41.260s][info][gc,phases,start] GC(291) Summary Phase
[41.260s][info][gc,phases      ] GC(291) Summary Phase 0.070ms
[41.260s][info][gc,phases,start] GC(291) Adjust Roots
[41.261s][info][gc,phases      ] GC(291) Adjust Roots 0.381ms
[41.261s][info][gc,phases,start] GC(291) Compaction Phase
[42.711s][info][gc,phases      ] GC(291) Compaction Phase 1449.784ms
[42.711s][info][gc,phases,start] GC(291) Post Compact
[42.719s][info][gc,phases      ] GC(291) Post Compact 8.336ms
[42.719s][info][gc,heap        ] GC(291) PSYoungGen: 0K(238080K)->0K(251392K) Eden: 0K(59904K)->0K(59904K) From: 0K(178176K)->0K(191488K)
[42.719s][info][gc,heap        ] GC(291) ParOldGen: 5755243K(5803008K)->5755238K(5803008K)
[42.719s][info][gc,metaspace   ] GC(291) Metaspace: 6302K(6464K)->6300K(6464K) NonClass: 5769K(5824K)->5767K(5824K) Class: 533K(640K)->532K(640K)
[42.719s][info][gc             ] GC(291) Pause Full (Allocation Failure) 5620M->5620M(5912M) 2759.870ms
[42.719s][info][gc,cpu         ] GC(291) User=20.78s Sys=0.03s Real=2.76s
[42.720s][info][gc,heap,exit   ] Heap
[42.720s][info][gc,heap,exit   ]  PSYoungGen      total 251392K, used 2386K [0x000000074ef00000, 0x000000076a580000, 0x0000000800000000)
[42.720s][info][gc,heap,exit   ]   eden space 59904K, 3% used [0x000000074ef00000,0x000000074f154808,0x0000000752980000)
[42.720s][info][gc,heap,exit   ]   from space 191488K, 0% used [0x0000000752980000,0x0000000752980000,0x000000075e480000)
[42.720s][info][gc,heap,exit   ]   to   space 191488K, 0% used [0x000000075ea80000,0x000000075ea80000,0x000000076a580000)
[42.720s][info][gc,heap,exit   ]  ParOldGen       total 5803008K, used 5755238K [0x00000005ecc00000, 0x000000074ef00000, 0x000000074ef00000)
[42.721s][info][gc,heap,exit   ]   object space 5803008K, 99% used [0x00000005ecc00000,0x000000074c059b88,0x000000074ef00000)
[42.721s][info][gc,heap,exit   ]  Metaspace       used 6305K, committed 6528K, reserved 1114112K
[42.721s][info][gc,heap,exit   ]   class space    used 534K, committed 640K, reserved 1048576K
