[0.011s][info][gc,init] CardTable entry size: 512
[0.011s][info][gc     ] Using Serial
[0.011s][info][gc,init] Version: 18.0.1+10 (release)
[0.011s][info][gc,init] CPUs: 8 total, 8 available
[0.012s][info][gc,init] Memory: 16063M
[0.012s][info][gc,init] Large Page Support: Disabled
[0.012s][info][gc,init] NUMA Support: Disabled
[0.012s][info][gc,init] Compressed Oops: Enabled (Zero based)
[0.012s][info][gc,init] Heap Min Capacity: 2M
[0.012s][info][gc,init] Heap Initial Capacity: 2M
[0.012s][info][gc,init] Heap Max Capacity: 11400M
[0.012s][info][gc,init] Pre-touch: Disabled
[0.012s][info][gc,metaspace] CDS archive(s) not mapped
[0.012s][info][gc,metaspace] Compressed class space mapped at: 0x0000000800000000-0x0000000840000000, reserved size: 1073741824
[0.012s][info][gc,metaspace] Narrow klass base: 0x0000000800000000, Narrow klass shift: 0, Narrow klass range: 0x40000000
[0.171s][info][gc,start    ] GC(0) Pause Young (Allocation Failure)
[0.173s][info][gc,heap     ] GC(0) DefNew: 1023K(1152K)->127K(1152K) Eden: 1023K(1024K)->0K(1024K) From: 0K(128K)->127K(128K)
[0.173s][info][gc,heap     ] GC(0) Tenured: 0K(768K)->439K(768K)
[0.173s][info][gc,metaspace] GC(0) Metaspace: 5902K(6016K)->5902K(6016K) NonClass: 5403K(5504K)->5403K(5504K) Class: 499K(512K)->499K(512K)
[0.173s][info][gc          ] GC(0) Pause Young (Allocation Failure) 0M->0M(1M) 1.590ms
[0.173s][info][gc,cpu      ] GC(0) User=0.00s Sys=0.00s Real=0.00s
[0.192s][info][gc,start    ] GC(1) Pause Young (Allocation Failure)
[0.194s][info][gc          ] GC(1) Pause Young (Allocation Failure) 1M->0M(2M) 1.324ms
[0.194s][info][gc,cpu      ] GC(1) User=0.00s Sys=0.00s Real=0.00s
[0.194s][info][gc,start    ] GC(2) Pause Full (Allocation Failure)
[0.194s][info][gc,phases,start] GC(2) Phase 1: Mark live objects
[0.195s][info][gc,phases      ] GC(2) Phase 1: Mark live objects 0.957ms
[0.195s][info][gc,phases,start] GC(2) Phase 2: Compute new object addresses
[0.195s][info][gc,phases      ] GC(2) Phase 2: Compute new object addresses 0.237ms
[0.195s][info][gc,phases,start] GC(2) Phase 3: Adjust pointers
[0.195s][info][gc,phases      ] GC(2) Phase 3: Adjust pointers 0.508ms
[0.195s][info][gc,phases,start] GC(2) Phase 4: Move objects
[0.196s][info][gc,phases      ] GC(2) Phase 4: Move objects 0.063ms
[0.196s][info][gc,heap        ] GC(2) DefNew: 1151K(1152K)->40K(1152K) Eden: 1024K(1024K)->40K(1024K) From: 127K(128K)->0K(128K)
[0.196s][info][gc,heap        ] GC(2) Tenured: 439K(768K)->960K(1600K)
[0.196s][info][gc,metaspace   ] GC(2) Metaspace: 6300K(6528K)->6300K(6528K) NonClass: 5767K(5888K)->5767K(5888K) Class: 533K(640K)->533K(640K)
[0.196s][info][gc             ] GC(2) Pause Full (Allocation Failure) 0M->0M(2M) 2.043ms
[0.196s][info][gc,cpu         ] GC(2) User=0.00s Sys=0.00s Real=0.00s
[0.197s][info][gc,start       ] GC(3) Pause Young (Allocation Failure)
[0.199s][info][gc,heap        ] GC(3) DefNew: 1024K(1152K)->128K(1152K) Eden: 1024K(1024K)->0K(1024K) From: 0K(128K)->128K(128K)
[0.199s][info][gc,heap        ] GC(3) Tenured: 960K(1600K)->1375K(1600K)
[0.199s][info][gc,metaspace   ] GC(3) Metaspace: 6300K(6528K)->6300K(6528K) NonClass: 5767K(5888K)->5767K(5888K) Class: 533K(640K)->533K(640K)
[0.199s][info][gc             ] GC(3) Pause Young (Allocation Failure) 1M->1M(2M) 1.564ms
[0.199s][info][gc,cpu         ] GC(3) User=0.00s Sys=0.00s Real=0.00s
[0.200s][info][gc,start       ] GC(4) Pause Young (Allocation Failure)
[0.201s][info][gc             ] GC(4) Pause Young (Allocation Failure) 2M->1M(3M) 1.248ms
[0.201s][info][gc,cpu         ] GC(4) User=0.02s Sys=0.00s Real=0.00s
[0.201s][info][gc,start       ] GC(5) Pause Full (Allocation Failure)
[0.201s][info][gc,phases,start] GC(5) Phase 1: Mark live objects
[0.203s][info][gc,phases      ] GC(5) Phase 1: Mark live objects 1.596ms
[0.203s][info][gc,phases,start] GC(5) Phase 2: Compute new object addresses
[0.203s][info][gc,phases      ] GC(5) Phase 2: Compute new object addresses 0.436ms
[0.203s][info][gc,phases,start] GC(5) Phase 3: Adjust pointers
[0.204s][info][gc,phases      ] GC(5) Phase 3: Adjust pointers 0.796ms
[0.204s][info][gc,phases,start] GC(5) Phase 4: Move objects
[0.204s][info][gc,phases      ] GC(5) Phase 4: Move objects 0.069ms
[0.205s][info][gc,heap        ] GC(5) DefNew: 1152K(1152K)->35K(1536K) Eden: 1024K(1024K)->35K(1408K) From: 128K(128K)->0K(128K)
[0.205s][info][gc,heap        ] GC(5) Tenured: 1375K(1600K)->1983K(3308K)
[0.205s][info][gc,metaspace   ] GC(5) Metaspace: 6300K(6528K)->6300K(6528K) NonClass: 5767K(5888K)->5767K(5888K) Class: 533K(640K)->533K(640K)
[0.205s][info][gc             ] GC(5) Pause Full (Allocation Failure) 1M->1M(4M) 3.272ms
[0.205s][info][gc,cpu         ] GC(5) User=0.00s Sys=0.00s Real=0.00s
[0.207s][info][gc,start       ] GC(6) Pause Young (Allocation Failure)
[0.208s][info][gc,heap        ] GC(6) DefNew: 1407K(1536K)->127K(1536K) Eden: 1407K(1408K)->0K(1408K) From: 0K(128K)->127K(128K)
[0.208s][info][gc,heap        ] GC(6) Tenured: 1983K(3308K)->2617K(3308K)
[0.208s][info][gc,metaspace   ] GC(6) Metaspace: 6300K(6528K)->6300K(6528K) NonClass: 5767K(5888K)->5767K(5888K) Class: 533K(640K)->533K(640K)
[0.208s][info][gc             ] GC(6) Pause Young (Allocation Failure) 3M->2M(4M) 1.856ms
[0.208s][info][gc,cpu         ] GC(6) User=0.00s Sys=0.00s Real=0.00s
[0.210s][info][gc,start       ] GC(7) Pause Young (Allocation Failure)
[0.212s][info][gc             ] GC(7) Pause Young (Allocation Failure) 4M->3M(4M) 1.935ms
[0.212s][info][gc,cpu         ] GC(7) User=0.00s Sys=0.00s Real=0.00s
[0.212s][info][gc,start       ] GC(8) Pause Full (Allocation Failure)
[0.212s][info][gc,phases,start] GC(8) Phase 1: Mark live objects
[0.214s][info][gc,phases      ] GC(8) Phase 1: Mark live objects 2.235ms
[0.214s][info][gc,phases,start] GC(8) Phase 2: Compute new object addresses
[0.215s][info][gc,phases      ] GC(8) Phase 2: Compute new object addresses 0.618ms
[0.215s][info][gc,phases,start] GC(8) Phase 3: Adjust pointers
[0.216s][info][gc,phases      ] GC(8) Phase 3: Adjust pointers 1.007ms
[0.216s][info][gc,phases,start] GC(8) Phase 4: Move objects
[0.216s][info][gc,phases      ] GC(8) Phase 4: Move objects 0.083ms
[0.216s][info][gc,heap        ] GC(8) DefNew: 1535K(1536K)->0K(2688K) Eden: 1408K(1408K)->0K(2432K) From: 127K(128K)->0K(256K)
[0.216s][info][gc,heap        ] GC(8) Tenured: 2617K(3308K)->3460K(5768K)
[0.216s][info][gc,metaspace   ] GC(8) Metaspace: 6300K(6528K)->6300K(6528K) NonClass: 5767K(5888K)->5767K(5888K) Class: 533K(640K)->533K(640K)
[0.216s][info][gc             ] GC(8) Pause Full (Allocation Failure) 3M->3M(8M) 4.279ms
[0.216s][info][gc,cpu         ] GC(8) User=0.00s Sys=0.00s Real=0.00s
[0.221s][info][gc,start       ] GC(9) Pause Young (Allocation Failure)
[0.224s][info][gc,heap        ] GC(9) DefNew: 2431K(2688K)->256K(2688K) Eden: 2431K(2432K)->0K(2432K) From: 0K(256K)->256K(256K)
[0.224s][info][gc,heap        ] GC(9) Tenured: 3460K(5768K)->4512K(5768K)
[0.224s][info][gc,metaspace   ] GC(9) Metaspace: 6300K(6528K)->6300K(6528K) NonClass: 5767K(5888K)->5767K(5888K) Class: 533K(640K)->533K(640K)
[0.224s][info][gc             ] GC(9) Pause Young (Allocation Failure) 5M->4M(8M) 3.366ms
[0.224s][info][gc,cpu         ] GC(9) User=0.00s Sys=0.00s Real=0.00s
[0.228s][info][gc,start       ] GC(10) Pause Young (Allocation Failure)
[0.232s][info][gc,heap        ] GC(10) DefNew: 2688K(2688K)->255K(2688K) Eden: 2432K(2432K)->0K(2432K) From: 256K(256K)->255K(256K)
[0.232s][info][gc,heap        ] GC(10) Tenured: 4512K(5768K)->5755K(5768K)
[0.232s][info][gc,metaspace   ] GC(10) Metaspace: 6300K(6528K)->6300K(6528K) NonClass: 5767K(5888K)->5767K(5888K) Class: 533K(640K)->533K(640K)
[0.232s][info][gc             ] GC(10) Pause Young (Allocation Failure) 7M->5M(8M) 3.552ms
[0.232s][info][gc,cpu         ] GC(10) User=0.00s Sys=0.00s Real=0.00s
[0.236s][info][gc,start       ] GC(11) Pause Young (Allocation Failure)
[0.239s][info][gc             ] GC(11) Pause Young (Allocation Failure) 8M->7M(9M) 3.650ms
[0.239s][info][gc,cpu         ] GC(11) User=0.00s Sys=0.00s Real=0.00s
[0.239s][info][gc,start       ] GC(12) Pause Full (Allocation Failure)
[0.240s][info][gc,phases,start] GC(12) Phase 1: Mark live objects
[0.244s][info][gc,phases      ] GC(12) Phase 1: Mark live objects 4.865ms
[0.244s][info][gc,phases,start] GC(12) Phase 2: Compute new object addresses
[0.246s][info][gc,phases      ] GC(12) Phase 2: Compute new object addresses 1.155ms
[0.246s][info][gc,phases,start] GC(12) Phase 3: Adjust pointers
[0.247s][info][gc,phases      ] GC(12) Phase 3: Adjust pointers 1.793ms
[0.248s][info][gc,phases,start] GC(12) Phase 4: Move objects
[0.249s][info][gc,phases      ] GC(12) Phase 4: Move objects 1.472ms
[0.249s][info][gc,heap        ] GC(12) DefNew: 2687K(2688K)->0K(5376K) Eden: 2432K(2432K)->0K(4800K) From: 255K(256K)->0K(576K)
[0.249s][info][gc,heap        ] GC(12) Tenured: 5755K(5768K)->7132K(11888K)
[0.249s][info][gc,metaspace   ] GC(12) Metaspace: 6300K(6528K)->6300K(6528K) NonClass: 5767K(5888K)->5767K(5888K) Class: 533K(640K)->533K(640K)
[0.249s][info][gc             ] GC(12) Pause Full (Allocation Failure) 7M->6M(16M) 9.796ms
[0.249s][info][gc,cpu         ] GC(12) User=0.00s Sys=0.00s Real=0.01s
[0.255s][info][gc,start       ] GC(13) Pause Young (Allocation Failure)
[0.260s][info][gc,heap        ] GC(13) DefNew: 4800K(5376K)->575K(5376K) Eden: 4800K(4800K)->0K(4800K) From: 0K(576K)->575K(576K)
[0.260s][info][gc,heap        ] GC(13) Tenured: 7132K(11888K)->9027K(11888K)
[0.260s][info][gc,metaspace   ] GC(13) Metaspace: 6300K(6528K)->6300K(6528K) NonClass: 5767K(5888K)->5767K(5888K) Class: 533K(640K)->533K(640K)
[0.260s][info][gc             ] GC(13) Pause Young (Allocation Failure) 11M->9M(16M) 5.297ms
[0.260s][info][gc,cpu         ] GC(13) User=0.00s Sys=0.00s Real=0.01s
[0.265s][info][gc,start       ] GC(14) Pause Young (Allocation Failure)
[0.272s][info][gc,heap        ] GC(14) DefNew: 5375K(5376K)->576K(5376K) Eden: 4800K(4800K)->0K(4800K) From: 575K(576K)->576K(576K)
[0.272s][info][gc,heap        ] GC(14) Tenured: 9027K(11888K)->11746K(11888K)
[0.272s][info][gc,metaspace   ] GC(14) Metaspace: 6300K(6528K)->6300K(6528K) NonClass: 5767K(5888K)->5767K(5888K) Class: 533K(640K)->533K(640K)
[0.272s][info][gc             ] GC(14) Pause Young (Allocation Failure) 14M->12M(16M) 6.946ms
[0.272s][info][gc,cpu         ] GC(14) User=0.00s Sys=0.00s Real=0.01s
[0.276s][info][gc,start       ] GC(15) Pause Young (Allocation Failure)
[0.283s][info][gc             ] GC(15) Pause Young (Allocation Failure) 16M->14M(19M) 6.483ms
[0.283s][info][gc,cpu         ] GC(15) User=0.00s Sys=0.00s Real=0.01s
[0.283s][info][gc,start       ] GC(16) Pause Full (Allocation Failure)
[0.283s][info][gc,phases,start] GC(16) Phase 1: Mark live objects
[0.291s][info][gc,phases      ] GC(16) Phase 1: Mark live objects 8.335ms
[0.291s][info][gc,phases,start] GC(16) Phase 2: Compute new object addresses
[0.294s][info][gc,phases      ] GC(16) Phase 2: Compute new object addresses 2.585ms
[0.294s][info][gc,phases,start] GC(16) Phase 3: Adjust pointers
[0.298s][info][gc,phases      ] GC(16) Phase 3: Adjust pointers 3.679ms
[0.298s][info][gc,phases,start] GC(16) Phase 4: Move objects
[0.298s][info][gc,phases      ] GC(16) Phase 4: Move objects 0.186ms
[0.298s][info][gc,heap        ] GC(16) DefNew: 5376K(5376K)->394K(10880K) Eden: 4800K(4800K)->394K(9728K) From: 576K(576K)->0K(1152K)
[0.298s][info][gc,heap        ] GC(16) Tenured: 11746K(11888K)->14384K(23976K)
[0.298s][info][gc,metaspace   ] GC(16) Metaspace: 6302K(6528K)->6302K(6528K) NonClass: 5769K(5888K)->5769K(5888K) Class: 533K(640K)->533K(640K)
[0.298s][info][gc             ] GC(16) Pause Full (Allocation Failure) 14M->14M(34M) 15.229ms
[0.298s][info][gc,cpu         ] GC(16) User=0.02s Sys=0.00s Real=0.01s
[0.305s][info][gc,start       ] GC(17) Pause Young (Allocation Failure)
[0.318s][info][gc,heap        ] GC(17) DefNew: 9728K(10880K)->1151K(10880K) Eden: 9728K(9728K)->0K(9728K) From: 0K(1152K)->1151K(1152K)
[0.318s][info][gc,heap        ] GC(17) Tenured: 14384K(23976K)->18425K(23976K)
[0.318s][info][gc,metaspace   ] GC(17) Metaspace: 6302K(6528K)->6302K(6528K) NonClass: 5769K(5888K)->5769K(5888K) Class: 533K(640K)->533K(640K)
[0.318s][info][gc             ] GC(17) Pause Young (Allocation Failure) 23M->19M(34M) 12.860ms
[0.318s][info][gc,cpu         ] GC(17) User=0.00s Sys=0.00s Real=0.01s
[0.326s][info][gc,start       ] GC(18) Pause Young (Allocation Failure)
[0.339s][info][gc,heap        ] GC(18) DefNew: 10879K(10880K)->1151K(10880K) Eden: 9728K(9728K)->0K(9728K) From: 1151K(1152K)->1151K(1152K)
[0.339s][info][gc,heap        ] GC(18) Tenured: 18425K(23976K)->23948K(23976K)
[0.339s][info][gc,metaspace   ] GC(18) Metaspace: 6302K(6528K)->6302K(6528K) NonClass: 5769K(5888K)->5769K(5888K) Class: 533K(640K)->533K(640K)
[0.339s][info][gc             ] GC(18) Pause Young (Allocation Failure) 28M->24M(34M) 13.228ms
[0.339s][info][gc,cpu         ] GC(18) User=0.00s Sys=0.00s Real=0.01s
[0.344s][info][gc,start       ] GC(19) Pause Young (Allocation Failure)
[0.356s][info][gc             ] GC(19) Pause Young (Allocation Failure) 34M->29M(38M) 12.201ms
[0.356s][info][gc,cpu         ] GC(19) User=0.00s Sys=0.00s Real=0.01s
[0.356s][info][gc,start       ] GC(20) Pause Full (Allocation Failure)
[0.356s][info][gc,phases,start] GC(20) Phase 1: Mark live objects
[0.371s][info][gc,phases      ] GC(20) Phase 1: Mark live objects 14.395ms
[0.371s][info][gc,phases,start] GC(20) Phase 2: Compute new object addresses
[0.376s][info][gc,phases      ] GC(20) Phase 2: Compute new object addresses 4.713ms
[0.376s][info][gc,phases,start] GC(20) Phase 3: Adjust pointers
[0.381s][info][gc,phases      ] GC(20) Phase 3: Adjust pointers 5.444ms
[0.381s][info][gc,phases,start] GC(20) Phase 4: Move objects
[0.381s][info][gc,phases      ] GC(20) Phase 4: Move objects 0.163ms
[0.381s][info][gc,heap        ] GC(20) DefNew: 10879K(10880K)->1091K(21888K) Eden: 9728K(9728K)->1091K(19520K) From: 1151K(1152K)->0K(2368K)
[0.381s][info][gc,heap        ] GC(20) Tenured: 23948K(23976K)->29035K(48396K)
[0.381s][info][gc,metaspace   ] GC(20) Metaspace: 6302K(6528K)->6302K(6528K) NonClass: 5769K(5888K)->5769K(5888K) Class: 533K(640K)->533K(640K)
[0.382s][info][gc             ] GC(20) Pause Full (Allocation Failure) 29M->29M(68M) 25.131ms
[0.382s][info][gc,cpu         ] GC(20) User=0.03s Sys=0.00s Real=0.03s
[0.395s][info][gc,start       ] GC(21) Pause Young (Allocation Failure)
[0.422s][info][gc,heap        ] GC(21) DefNew: 19520K(21888K)->2368K(21888K) Eden: 19520K(19520K)->0K(19520K) From: 0K(2368K)->2368K(2368K)
[0.422s][info][gc,heap        ] GC(21) Tenured: 29035K(48396K)->39349K(48396K)
[0.422s][info][gc,metaspace   ] GC(21) Metaspace: 6302K(6528K)->6302K(6528K) NonClass: 5769K(5888K)->5769K(5888K) Class: 533K(640K)->533K(640K)
[0.423s][info][gc             ] GC(21) Pause Young (Allocation Failure) 47M->40M(68M) 27.305ms
[0.423s][info][gc,cpu         ] GC(21) User=0.02s Sys=0.00s Real=0.03s
[0.441s][info][gc,start       ] GC(22) Pause Young (Allocation Failure)
[0.475s][info][gc             ] GC(22) Pause Young (Allocation Failure) 59M->59M(78M) 34.361ms
[0.475s][info][gc,cpu         ] GC(22) User=0.02s Sys=0.02s Real=0.04s
[0.475s][info][gc,start       ] GC(23) Pause Full (Allocation Failure)
[0.475s][info][gc,phases,start] GC(23) Phase 1: Mark live objects
[0.503s][info][gc,phases      ] GC(23) Phase 1: Mark live objects 27.166ms
[0.503s][info][gc,phases,start] GC(23) Phase 2: Compute new object addresses
[0.512s][info][gc,phases      ] GC(23) Phase 2: Compute new object addresses 9.800ms
[0.513s][info][gc,phases,start] GC(23) Phase 3: Adjust pointers
[0.523s][info][gc,phases      ] GC(23) Phase 3: Adjust pointers 10.836ms
[0.523s][info][gc,phases,start] GC(23) Phase 4: Move objects
[0.524s][info][gc,phases      ] GC(23) Phase 4: Move objects 0.251ms
[0.524s][info][gc,heap        ] GC(23) DefNew: 21888K(21888K)->2367K(44224K) Eden: 19520K(19520K)->2367K(39360K) From: 2368K(2368K)->0K(4864K)
[0.524s][info][gc,heap        ] GC(23) Tenured: 39349K(48396K)->58839K(98068K)
[0.524s][info][gc,metaspace   ] GC(23) Metaspace: 6302K(6528K)->6302K(6528K) NonClass: 5769K(5888K)->5769K(5888K) Class: 533K(640K)->533K(640K)
[0.524s][info][gc             ] GC(23) Pause Full (Allocation Failure) 59M->59M(138M) 48.638ms
[0.524s][info][gc,cpu         ] GC(23) User=0.02s Sys=0.00s Real=0.05s
[0.565s][info][gc,start       ] GC(24) Pause Young (Allocation Failure)
[0.625s][info][gc,heap        ] GC(24) DefNew: 39360K(44224K)->4863K(44224K) Eden: 39360K(39360K)->0K(39360K) From: 0K(4864K)->4863K(4864K)
[0.625s][info][gc,heap        ] GC(24) Tenured: 58839K(98068K)->91256K(98068K)
[0.625s][info][gc,metaspace   ] GC(24) Metaspace: 6302K(6528K)->6302K(6528K) NonClass: 5769K(5888K)->5769K(5888K) Class: 533K(640K)->533K(640K)
[0.625s][info][gc             ] GC(24) Pause Young (Allocation Failure) 95M->93M(138M) 60.364ms
[0.625s][info][gc,cpu         ] GC(24) User=0.02s Sys=0.03s Real=0.06s
[0.657s][info][gc,start       ] GC(25) Pause Young (Allocation Failure)
[0.729s][info][gc             ] GC(25) Pause Young (Allocation Failure) 132M->132M(170M) 71.757ms
[0.729s][info][gc,cpu         ] GC(25) User=0.05s Sys=0.02s Real=0.07s
[0.729s][info][gc,start       ] GC(26) Pause Full (Allocation Failure)
[0.729s][info][gc,phases,start] GC(26) Phase 1: Mark live objects
[0.786s][info][gc,phases      ] GC(26) Phase 1: Mark live objects 56.795ms
[0.786s][info][gc,phases,start] GC(26) Phase 2: Compute new object addresses
[0.807s][info][gc,phases      ] GC(26) Phase 2: Compute new object addresses 20.984ms
[0.807s][info][gc,phases,start] GC(26) Phase 3: Adjust pointers
[0.833s][info][gc,phases      ] GC(26) Phase 3: Adjust pointers 25.974ms
[0.833s][info][gc,phases,start] GC(26) Phase 4: Move objects
[0.857s][info][gc,phases      ] GC(26) Phase 4: Move objects 24.501ms
[0.858s][info][gc,heap        ] GC(26) DefNew: 44223K(44224K)->2951K(98112K) Eden: 39360K(39360K)->2951K(87232K) From: 4863K(4864K)->0K(10880K)
[0.858s][info][gc,heap        ] GC(26) Tenured: 91256K(98068K)->130707K(217848K)
[0.858s][info][gc,metaspace   ] GC(26) Metaspace: 6302K(6528K)->6302K(6528K) NonClass: 5769K(5888K)->5769K(5888K) Class: 533K(640K)->533K(640K)
[0.858s][info][gc             ] GC(26) Pause Full (Allocation Failure) 132M->130M(308M) 129.053ms
[0.858s][info][gc,cpu         ] GC(26) User=0.12s Sys=0.00s Real=0.13s
[0.945s][info][gc,start       ] GC(27) Pause Young (Allocation Failure)
[1.094s][info][gc,heap        ] GC(27) DefNew: 87232K(98112K)->10880K(98112K) Eden: 87232K(87232K)->0K(87232K) From: 0K(10880K)->10880K(10880K)
[1.094s][info][gc,heap        ] GC(27) Tenured: 130707K(217848K)->207032K(217848K)
[1.094s][info][gc,metaspace   ] GC(27) Metaspace: 6302K(6528K)->6302K(6528K) NonClass: 5769K(5888K)->5769K(5888K) Class: 533K(640K)->533K(640K)
[1.094s][info][gc             ] GC(27) Pause Young (Allocation Failure) 212M->212M(308M) 149.122ms
[1.094s][info][gc,cpu         ] GC(27) User=0.09s Sys=0.03s Real=0.15s
[1.176s][info][gc,start       ] GC(28) Pause Young (Allocation Failure)
[1.352s][info][gc             ] GC(28) Pause Young (Allocation Failure) 297M->297M(383M) 175.866ms
[1.352s][info][gc,cpu         ] GC(28) User=0.11s Sys=0.06s Real=0.18s
[1.352s][info][gc,start       ] GC(29) Pause Full (Allocation Failure)
[1.352s][info][gc,phases,start] GC(29) Phase 1: Mark live objects
[1.496s][info][gc,phases      ] GC(29) Phase 1: Mark live objects 143.791ms
[1.496s][info][gc,phases,start] GC(29) Phase 2: Compute new object addresses
[1.547s][info][gc,phases      ] GC(29) Phase 2: Compute new object addresses 50.785ms
[1.547s][info][gc,phases,start] GC(29) Phase 3: Adjust pointers
[1.605s][info][gc,phases      ] GC(29) Phase 3: Adjust pointers 58.140ms
[1.605s][info][gc,phases,start] GC(29) Phase 4: Move objects
[1.607s][info][gc,phases      ] GC(29) Phase 4: Move objects 2.125ms
[1.608s][info][gc,heap        ] GC(29) DefNew: 98112K(98112K)->10711K(220864K) Eden: 87232K(87232K)->10711K(196352K) From: 10880K(10880K)->0K(24512K)
[1.608s][info][gc,heap        ] GC(29) Tenured: 207032K(217848K)->294395K(490660K)
[1.608s][info][gc,metaspace   ] GC(29) Metaspace: 6302K(6528K)->6302K(6528K) NonClass: 5769K(5888K)->5769K(5888K) Class: 533K(640K)->533K(640K)
[1.608s][info][gc             ] GC(29) Pause Full (Allocation Failure) 297M->297M(694M) 256.170ms
[1.608s][info][gc,cpu         ] GC(29) User=0.25s Sys=0.00s Real=0.26s
[1.820s][info][gc,start       ] GC(30) Pause Young (Allocation Failure)
[2.162s][info][gc,heap        ] GC(30) DefNew: 196352K(220864K)->24512K(220864K) Eden: 196352K(196352K)->0K(196352K) From: 0K(24512K)->24512K(24512K)
[2.162s][info][gc,heap        ] GC(30) Tenured: 294395K(490660K)->466206K(490660K)
[2.162s][info][gc,metaspace   ] GC(30) Metaspace: 6302K(6528K)->6302K(6528K) NonClass: 5769K(5888K)->5769K(5888K) Class: 533K(640K)->533K(640K)
[2.162s][info][gc             ] GC(30) Pause Young (Allocation Failure) 479M->479M(694M) 341.828ms
[2.162s][info][gc,cpu         ] GC(30) User=0.31s Sys=0.03s Real=0.34s
[2.350s][info][gc,start       ] GC(31) Pause Young (Allocation Failure)
[2.742s][info][gc             ] GC(31) Pause Young (Allocation Failure) 670M->670M(862M) 391.875ms
[2.742s][info][gc,cpu         ] GC(31) User=0.33s Sys=0.05s Real=0.39s
[2.742s][info][gc,start       ] GC(32) Pause Full (Allocation Failure)
[2.742s][info][gc,phases,start] GC(32) Phase 1: Mark live objects
[3.053s][info][gc,phases      ] GC(32) Phase 1: Mark live objects 310.869ms
[3.053s][info][gc,phases,start] GC(32) Phase 2: Compute new object addresses
[3.158s][info][gc,phases      ] GC(32) Phase 2: Compute new object addresses 104.527ms
[3.158s][info][gc,phases,start] GC(32) Phase 3: Adjust pointers
[3.275s][info][gc,phases      ] GC(32) Phase 3: Adjust pointers 117.243ms
[3.275s][info][gc,phases,start] GC(32) Phase 4: Move objects
[3.281s][info][gc,phases      ] GC(32) Phase 4: Move objects 5.601ms
[3.283s][info][gc,heap        ] GC(32) DefNew: 220864K(220864K)->24471K(497024K) Eden: 196352K(196352K)->24471K(441856K) From: 24512K(24512K)->0K(55168K)
[3.283s][info][gc,heap        ] GC(32) Tenured: 466206K(490660K)->662567K(1104280K)
[3.283s][info][gc,metaspace   ] GC(32) Metaspace: 6302K(6528K)->6302K(6528K) NonClass: 5769K(5888K)->5769K(5888K) Class: 533K(640K)->533K(640K)
[3.283s][info][gc             ] GC(32) Pause Full (Allocation Failure) 670M->670M(1563M) 541.103ms
[3.283s][info][gc,cpu         ] GC(32) User=0.55s Sys=0.00s Real=0.54s
[3.737s][info][gc,start       ] GC(33) Pause Young (Allocation Failure)
[4.565s][info][gc,heap        ] GC(33) DefNew: 441856K(497024K)->55167K(497024K) Eden: 441856K(441856K)->0K(441856K) From: 0K(55168K)->55167K(55168K)
[4.566s][info][gc,heap        ] GC(33) Tenured: 662567K(1104280K)->1049230K(1104280K)
[4.566s][info][gc,metaspace   ] GC(33) Metaspace: 6302K(6528K)->6302K(6528K) NonClass: 5769K(5888K)->5769K(5888K) Class: 533K(640K)->533K(640K)
[4.566s][info][gc             ] GC(33) Pause Young (Allocation Failure) 1078M->1078M(1563M) 828.529ms
[4.566s][info][gc,cpu         ] GC(33) User=0.77s Sys=0.05s Real=0.83s
[5.027s][info][gc,start       ] GC(34) Pause Young (Allocation Failure)
[5.757s][info][gc             ] GC(34) Pause Young (Allocation Failure) 1510M->1456M(1888M) 729.841ms
[5.757s][info][gc,cpu         ] GC(34) User=0.59s Sys=0.11s Real=0.73s
[5.757s][info][gc,start       ] GC(35) Pause Full (Allocation Failure)
[5.757s][info][gc,phases,start] GC(35) Phase 1: Mark live objects
[6.449s][info][gc,phases      ] GC(35) Phase 1: Mark live objects 692.388ms
[6.449s][info][gc,phases,start] GC(35) Phase 2: Compute new object addresses
[6.666s][info][gc,phases      ] GC(35) Phase 2: Compute new object addresses 216.633ms
[6.666s][info][gc,phases,start] GC(35) Phase 3: Adjust pointers
[6.925s][info][gc,phases      ] GC(35) Phase 3: Adjust pointers 258.773ms
[6.925s][info][gc,phases,start] GC(35) Phase 4: Move objects
[6.936s][info][gc,phases      ] GC(35) Phase 4: Move objects 10.975ms
[6.940s][info][gc,heap        ] GC(35) DefNew: 497023K(497024K)->55128K(1077632K) Eden: 441856K(441856K)->55128K(957952K) From: 55167K(55168K)->0K(119680K)
[6.940s][info][gc,heap        ] GC(35) Tenured: 1049230K(1104280K)->1436699K(2394500K)
[6.940s][info][gc,metaspace   ] GC(35) Metaspace: 6302K(6528K)->6302K(6528K) NonClass: 5769K(5888K)->5769K(5888K) Class: 533K(640K)->533K(640K)
[6.940s][info][gc             ] GC(35) Pause Full (Allocation Failure) 1456M->1456M(3390M) 1182.910ms
[6.940s][info][gc,cpu         ] GC(35) User=1.14s Sys=0.00s Real=1.18s
[7.893s][info][gc,start       ] GC(36) Pause Young (Allocation Failure)
[9.677s][info][gc,heap        ] GC(36) DefNew: 957952K(1077632K)->119680K(1077632K) Eden: 957952K(957952K)->0K(957952K) From: 0K(119680K)->119680K(119680K)
[9.677s][info][gc,heap        ] GC(36) Tenured: 1436699K(2394500K)->2274940K(2394500K)
[9.677s][info][gc,metaspace   ] GC(36) Metaspace: 6302K(6528K)->6302K(6528K) NonClass: 5769K(5888K)->5769K(5888K) Class: 533K(640K)->533K(640K)
[9.677s][info][gc             ] GC(36) Pause Young (Allocation Failure) 2338M->2338M(3390M) 1784.186ms
[9.677s][info][gc,cpu         ] GC(36) User=1.38s Sys=0.28s Real=1.78s
[10.648s][info][gc,start       ] GC(37) Pause Young (Allocation Failure)
[12.328s][info][gc             ] GC(37) Pause Young (Allocation Failure) 3273M->3273M(4209M) 1679.207ms
[12.328s][info][gc,cpu         ] GC(37) User=1.44s Sys=0.22s Real=1.68s
[12.328s][info][gc,start       ] GC(38) Pause Full (Allocation Failure)
[12.328s][info][gc,phases,start] GC(38) Phase 1: Mark live objects
[13.880s][info][gc,phases      ] GC(38) Phase 1: Mark live objects 1552.694ms
[13.880s][info][gc,phases,start] GC(38) Phase 2: Compute new object addresses
[14.385s][info][gc,phases      ] GC(38) Phase 2: Compute new object addresses 504.351ms
[14.385s][info][gc,phases,start] GC(38) Phase 3: Adjust pointers
[15.049s][info][gc,phases      ] GC(38) Phase 3: Adjust pointers 663.983ms
[15.049s][info][gc,phases,start] GC(38) Phase 4: Move objects
[15.687s][info][gc,phases      ] GC(38) Phase 4: Move objects 637.862ms
[15.696s][info][gc,heap        ] GC(38) DefNew: 1077632K(1077632K)->25432K(2424768K) Eden: 957952K(957952K)->25432K(2155392K) From: 119680K(119680K)->0K(269376K)
[15.696s][info][gc,heap        ] GC(38) Tenured: 2274940K(2394500K)->3232903K(5388176K)
[15.696s][info][gc,metaspace   ] GC(38) Metaspace: 6302K(6528K)->6302K(6528K) NonClass: 5769K(5888K)->5769K(5888K) Class: 533K(640K)->533K(640K)
[15.696s][info][gc             ] GC(38) Pause Full (Allocation Failure) 3273M->3181M(7629M) 3368.204ms
[15.696s][info][gc,cpu         ] GC(38) User=3.34s Sys=0.00s Real=3.37s
[17.878s][info][gc,start       ] GC(39) Pause Young (Allocation Failure)
[21.701s][info][gc,heap        ] GC(39) DefNew: 2155392K(2424768K)->269376K(2424768K) Eden: 2155392K(2155392K)->0K(2155392K) From: 0K(269376K)->269376K(269376K)
[21.701s][info][gc,heap        ] GC(39) Tenured: 3232903K(5388176K)->5118889K(5388176K)
[21.701s][info][gc,metaspace   ] GC(39) Metaspace: 6302K(6528K)->6302K(6528K) NonClass: 5769K(5888K)->5769K(5888K) Class: 533K(640K)->533K(640K)
[21.701s][info][gc             ] GC(39) Pause Young (Allocation Failure) 5262M->5261M(7629M) 3823.490ms
[21.701s][info][gc,cpu         ] GC(39) User=3.27s Sys=0.55s Real=3.82s
[23.781s][info][gc,start       ] GC(40) Pause Young (Allocation Failure)
[27.369s][info][gc             ] GC(40) Pause Young (Allocation Failure) 7366M->7366M(9471M) 3588.592ms
[27.369s][info][gc,cpu         ] GC(40) User=2.88s Sys=0.66s Real=3.59s
[27.369s][info][gc,start       ] GC(41) Pause Full (Allocation Failure)
[27.369s][info][gc,phases,start] GC(41) Phase 1: Mark live objects
[30.829s][info][gc,phases      ] GC(41) Phase 1: Mark live objects 3459.542ms
[30.829s][info][gc,phases,start] GC(41) Phase 2: Compute new object addresses
[32.078s][info][gc,phases      ] GC(41) Phase 2: Compute new object addresses 1248.534ms
[32.078s][info][gc,phases,start] GC(41) Phase 3: Adjust pointers
[33.310s][info][gc,phases      ] GC(41) Phase 3: Adjust pointers 1232.130ms
[33.310s][info][gc,phases,start] GC(41) Phase 4: Move objects
[33.336s][info][gc,phases      ] GC(41) Phase 4: Move objects 26.403ms
[33.341s][info][gc,heap        ] GC(41) DefNew: 2424768K(2424768K)->269375K(3502080K) Eden: 2155392K(2155392K)->269375K(3112960K) From: 269376K(269376K)->0K(389120K)
[33.341s][info][gc,heap        ] GC(41) Tenured: 5118889K(5388176K)->7274254K(7782400K)
[33.341s][info][gc,metaspace   ] GC(41) Metaspace: 6302K(6528K)->6302K(6528K) NonClass: 5769K(5888K)->5769K(5888K) Class: 533K(640K)->533K(640K)
[33.341s][info][gc             ] GC(41) Pause Full (Allocation Failure) 7366M->7366M(11020M) 5971.558ms
[33.341s][info][gc,cpu         ] GC(41) User=5.92s Sys=0.00s Real=5.97s
[35.933s][info][gc,start       ] GC(42) Pause Young (Allocation Failure)
[35.933s][info][gc             ] GC(42) Pause Young (Allocation Failure) 10143M->10143M(11020M) 0.124ms
[35.933s][info][gc,cpu         ] GC(42) User=0.00s Sys=0.00s Real=0.00s
[35.933s][info][gc,start       ] GC(43) Pause Full (Allocation Failure)
[35.933s][info][gc,phases,start] GC(43) Phase 1: Mark live objects
[40.477s][info][gc,phases      ] GC(43) Phase 1: Mark live objects 4544.466ms
[40.477s][info][gc,phases,start] GC(43) Phase 2: Compute new object addresses
[41.949s][info][gc,phases      ] GC(43) Phase 2: Compute new object addresses 1471.150ms
[41.949s][info][gc,phases,start] GC(43) Phase 3: Adjust pointers
[44.004s][info][gc,phases      ] GC(43) Phase 3: Adjust pointers 2054.969ms
[44.004s][info][gc,phases,start] GC(43) Phase 4: Move objects
[44.664s][info][gc,phases      ] GC(43) Phase 4: Move objects 660.116ms
[44.664s][info][gc,heap        ] GC(43) DefNew: 3112960K(3502080K)->2604787K(3502080K) Eden: 3112960K(3112960K)->2604787K(3112960K) From: 0K(389120K)->0K(389120K)
[44.664s][info][gc,heap        ] GC(43) Tenured: 7274254K(7782400K)->7782399K(7782400K)
[44.664s][info][gc,metaspace   ] GC(43) Metaspace: 6302K(6528K)->6302K(6528K) NonClass: 5769K(5888K)->5769K(5888K) Class: 533K(640K)->533K(640K)
[44.665s][info][gc             ] GC(43) Pause Full (Allocation Failure) 10143M->10143M(11020M) 8731.688ms
[44.665s][info][gc,cpu         ] GC(43) User=8.61s Sys=0.11s Real=8.73s
[46.340s][info][gc,start       ] GC(44) Pause Full (Allocation Failure)
[46.340s][info][gc,phases,start] GC(44) Phase 1: Mark live objects
[51.478s][info][gc,phases      ] GC(44) Phase 1: Mark live objects 5137.799ms
[51.478s][info][gc,phases,start] GC(44) Phase 2: Compute new object addresses
[53.173s][info][gc,phases      ] GC(44) Phase 2: Compute new object addresses 1695.401ms
[53.173s][info][gc,phases,start] GC(44) Phase 3: Adjust pointers
[55.339s][info][gc,phases      ] GC(44) Phase 3: Adjust pointers 2166.050ms
[55.339s][info][gc,phases,start] GC(44) Phase 4: Move objects
[55.469s][info][gc,phases      ] GC(44) Phase 4: Move objects 130.035ms
[55.470s][info][gc,heap        ] GC(44) DefNew: 3502079K(3502080K)->3502074K(3502080K) Eden: 3112960K(3112960K)->3112959K(3112960K) From: 389119K(389120K)->389114K(389120K)
[55.470s][info][gc,heap        ] GC(44) Tenured: 7782399K(7782400K)->7782399K(7782400K)
[55.470s][info][gc,metaspace   ] GC(44) Metaspace: 6302K(6528K)->6302K(6528K) NonClass: 5769K(5888K)->5769K(5888K) Class: 533K(640K)->533K(640K)
[55.470s][info][gc             ] GC(44) Pause Full (Allocation Failure) 11019M->11019M(11020M) 9130.556ms
[55.470s][info][gc,cpu         ] GC(44) User=9.09s Sys=0.00s Real=9.13s
[55.471s][info][gc,start       ] GC(45) Pause Full (Allocation Failure)
[55.471s][info][gc,phases,start] GC(45) Phase 1: Mark live objects
[60.387s][info][gc,phases      ] GC(45) Phase 1: Mark live objects 4916.694ms
[60.387s][info][gc,phases,start] GC(45) Phase 2: Compute new object addresses
[61.922s][info][gc,phases      ] GC(45) Phase 2: Compute new object addresses 1534.569ms
[61.922s][info][gc,phases,start] GC(45) Phase 3: Adjust pointers
[64.385s][info][gc,phases      ] GC(45) Phase 3: Adjust pointers 2462.827ms
[64.385s][info][gc,phases,start] GC(45) Phase 4: Move objects
[65.935s][info][gc,phases      ] GC(45) Phase 4: Move objects 1549.982ms
[65.936s][info][gc,heap        ] GC(45) DefNew: 3502079K(3502080K)->3371007K(3502080K) Eden: 3112959K(3112960K)->3112959K(3112960K) From: 389119K(389120K)->258047K(389120K)
[65.936s][info][gc,heap        ] GC(45) Tenured: 7782399K(7782400K)->7782399K(7782400K)
[65.936s][info][gc,metaspace   ] GC(45) Metaspace: 6302K(6528K)->6302K(6528K) NonClass: 5769K(5888K)->5769K(5888K) Class: 533K(640K)->533K(640K)
[65.936s][info][gc             ] GC(45) Pause Full (Allocation Failure) 11019M->10891M(11020M) 10465.044ms
[65.936s][info][gc,cpu         ] GC(45) User=10.33s Sys=0.02s Real=10.46s
[66.301s][info][gc,start       ] GC(46) Pause Full (Allocation Failure)
[66.301s][info][gc,phases,start] GC(46) Phase 1: Mark live objects
[71.244s][info][gc,phases      ] GC(46) Phase 1: Mark live objects 4942.323ms
[71.244s][info][gc,phases,start] GC(46) Phase 2: Compute new object addresses
[72.785s][info][gc,phases      ] GC(46) Phase 2: Compute new object addresses 1541.240ms
[72.785s][info][gc,phases,start] GC(46) Phase 3: Adjust pointers
[74.901s][info][gc,phases      ] GC(46) Phase 3: Adjust pointers 2116.433ms
[74.902s][info][gc,phases,start] GC(46) Phase 4: Move objects
[74.902s][info][gc,phases      ] GC(46) Phase 4: Move objects 0.016ms
[74.902s][info][gc,heap        ] GC(46) DefNew: 3502079K(3502080K)->3502079K(3502080K) Eden: 3112959K(3112960K)->3112959K(3112960K) From: 389119K(389120K)->389119K(389120K)
[74.902s][info][gc,heap        ] GC(46) Tenured: 7782399K(7782400K)->7782399K(7782400K)
[74.902s][info][gc,metaspace   ] GC(46) Metaspace: 6302K(6528K)->6302K(6528K) NonClass: 5769K(5888K)->5769K(5888K) Class: 533K(640K)->533K(640K)
[74.902s][info][gc             ] GC(46) Pause Full (Allocation Failure) 11019M->11019M(11020M) 8600.995ms
[74.902s][info][gc,cpu         ] GC(46) User=8.55s Sys=0.00s Real=8.60s
[74.902s][info][gc,start       ] GC(47) Pause Full (Allocation Failure)
[74.902s][info][gc,phases,start] GC(47) Phase 1: Mark live objects
[79.894s][info][gc,phases      ] GC(47) Phase 1: Mark live objects 4992.121ms
[79.894s][info][gc,phases,start] GC(47) Phase 2: Compute new object addresses
[81.437s][info][gc,phases      ] GC(47) Phase 2: Compute new object addresses 1542.747ms
[81.437s][info][gc,phases,start] GC(47) Phase 3: Adjust pointers
[84.001s][info][gc,phases      ] GC(47) Phase 3: Adjust pointers 2564.221ms
[84.002s][info][gc,phases,start] GC(47) Phase 4: Move objects
[85.867s][info][gc,phases      ] GC(47) Phase 4: Move objects 1865.691ms
[85.868s][info][gc,heap        ] GC(47) DefNew: 3502079K(3502080K)->3502075K(3502080K) Eden: 3112959K(3112960K)->3112959K(3112960K) From: 389119K(389120K)->389115K(389120K)
[85.868s][info][gc,heap        ] GC(47) Tenured: 7782399K(7782400K)->7782399K(7782400K)
[85.868s][info][gc,metaspace   ] GC(47) Metaspace: 6302K(6528K)->6300K(6528K) NonClass: 5769K(5888K)->5768K(5888K) Class: 533K(640K)->532K(640K)
[85.868s][info][gc             ] GC(47) Pause Full (Allocation Failure) 11019M->11019M(11020M) 10965.760ms
[85.868s][info][gc,cpu         ] GC(47) User=10.95s Sys=0.00s Real=10.97s
[85.868s][info][gc,start       ] GC(48) Pause Full (Allocation Failure)
[85.868s][info][gc,phases,start] GC(48) Phase 1: Mark live objects
[90.856s][info][gc,phases      ] GC(48) Phase 1: Mark live objects 4987.205ms
[90.856s][info][gc,phases,start] GC(48) Phase 2: Compute new object addresses
[92.393s][info][gc,phases      ] GC(48) Phase 2: Compute new object addresses 1537.718ms
[92.393s][info][gc,phases,start] GC(48) Phase 3: Adjust pointers
[94.500s][info][gc,phases      ] GC(48) Phase 3: Adjust pointers 2106.774ms
[94.500s][info][gc,phases,start] GC(48) Phase 4: Move objects
[94.500s][info][gc,phases      ] GC(48) Phase 4: Move objects 0.017ms
[94.501s][info][gc,heap        ] GC(48) DefNew: 3502079K(3502080K)->3502079K(3502080K) Eden: 3112959K(3112960K)->3112959K(3112960K) From: 389119K(389120K)->389119K(389120K)
[94.501s][info][gc,heap        ] GC(48) Tenured: 7782399K(7782400K)->7782399K(7782400K)
[94.501s][info][gc,metaspace   ] GC(48) Metaspace: 6300K(6528K)->6300K(6528K) NonClass: 5768K(5888K)->5768K(5888K) Class: 532K(640K)->532K(640K)
[94.501s][info][gc             ] GC(48) Pause Full (Allocation Failure) 11019M->11019M(11020M) 8632.609ms
[94.501s][info][gc,cpu         ] GC(48) User=8.59s Sys=0.00s Real=8.63s
[94.501s][info][gc,start       ] GC(49) Pause Full (Allocation Failure)
[94.501s][info][gc,phases,start] GC(49) Phase 1: Mark live objects
[99.484s][info][gc,phases      ] GC(49) Phase 1: Mark live objects 4983.456ms
[99.485s][info][gc,phases,start] GC(49) Phase 2: Compute new object addresses
[101.029s][info][gc,phases      ] GC(49) Phase 2: Compute new object addresses 1544.770ms
[101.029s][info][gc,phases,start] GC(49) Phase 3: Adjust pointers
[103.128s][info][gc,phases      ] GC(49) Phase 3: Adjust pointers 2098.204ms
[103.128s][info][gc,phases,start] GC(49) Phase 4: Move objects
[103.128s][info][gc,phases      ] GC(49) Phase 4: Move objects 0.017ms
[103.128s][info][gc,heap        ] GC(49) DefNew: 3502079K(3502080K)->3502079K(3502080K) Eden: 3112959K(3112960K)->3112959K(3112960K) From: 389119K(389120K)->389119K(389120K)
[103.128s][info][gc,heap        ] GC(49) Tenured: 7782399K(7782400K)->7782399K(7782400K)
[103.128s][info][gc,metaspace   ] GC(49) Metaspace: 6300K(6528K)->6300K(6528K) NonClass: 5768K(5888K)->5768K(5888K) Class: 532K(640K)->532K(640K)
[103.128s][info][gc             ] GC(49) Pause Full (Allocation Failure) 11019M->11019M(11020M) 8627.288ms
[103.128s][info][gc,cpu         ] GC(49) User=8.58s Sys=0.00s Real=8.63s
[103.129s][info][gc,start       ] GC(50) Pause Full (Allocation Failure)
[103.129s][info][gc,phases,start] GC(50) Phase 1: Mark live objects
[108.063s][info][gc,phases      ] GC(50) Phase 1: Mark live objects 4933.792ms
[108.063s][info][gc,phases,start] GC(50) Phase 2: Compute new object addresses
[109.662s][info][gc,phases      ] GC(50) Phase 2: Compute new object addresses 1599.569ms
[109.662s][info][gc,phases,start] GC(50) Phase 3: Adjust pointers
[111.760s][info][gc,phases      ] GC(50) Phase 3: Adjust pointers 2097.473ms
[111.760s][info][gc,phases,start] GC(50) Phase 4: Move objects
[111.760s][info][gc,phases      ] GC(50) Phase 4: Move objects 0.017ms
[111.761s][info][gc,heap        ] GC(50) DefNew: 3502079K(3502080K)->3502079K(3502080K) Eden: 3112959K(3112960K)->3112959K(3112960K) From: 389120K(389120K)->389120K(389120K)
[111.761s][info][gc,heap        ] GC(50) Tenured: 7782399K(7782400K)->7782399K(7782400K)
[111.761s][info][gc,metaspace   ] GC(50) Metaspace: 6300K(6528K)->6300K(6528K) NonClass: 5768K(5888K)->5768K(5888K) Class: 532K(640K)->532K(640K)
[111.761s][info][gc             ] GC(50) Pause Full (Allocation Failure) 11019M->11019M(11020M) 8631.745ms
[111.761s][info][gc,cpu         ] GC(50) User=8.56s Sys=0.00s Real=8.63s
[111.761s][info][gc,start       ] GC(51) Pause Full (Allocation Failure)
[111.761s][info][gc,phases,start] GC(51) Phase 1: Mark live objects
[116.731s][info][gc,phases      ] GC(51) Phase 1: Mark live objects 4970.082ms
[116.731s][info][gc,phases,start] GC(51) Phase 2: Compute new object addresses
[118.269s][info][gc,phases      ] GC(51) Phase 2: Compute new object addresses 1537.916ms
[118.269s][info][gc,phases,start] GC(51) Phase 3: Adjust pointers
[120.809s][info][gc,phases      ] GC(51) Phase 3: Adjust pointers 2540.128ms
[120.809s][info][gc,phases,start] GC(51) Phase 4: Move objects
[122.645s][info][gc,phases      ] GC(51) Phase 4: Move objects 1836.046ms
[122.646s][info][gc,heap        ] GC(51) DefNew: 3502079K(3502080K)->3502078K(3502080K) Eden: 3112959K(3112960K)->3112959K(3112960K) From: 389120K(389120K)->389118K(389120K)
[122.646s][info][gc,heap        ] GC(51) Tenured: 7782399K(7782400K)->7782399K(7782400K)
[122.646s][info][gc,metaspace   ] GC(51) Metaspace: 6300K(6528K)->6300K(6528K) NonClass: 5768K(5888K)->5768K(5888K) Class: 532K(640K)->532K(640K)
[122.646s][info][gc             ] GC(51) Pause Full (Allocation Failure) 11019M->11019M(11020M) 10885.170ms
[122.646s][info][gc,cpu         ] GC(51) User=10.83s Sys=0.00s Real=10.88s
[122.647s][info][gc,start       ] GC(52) Pause Full (Allocation Failure)
[122.647s][info][gc,phases,start] GC(52) Phase 1: Mark live objects
[127.607s][info][gc,phases      ] GC(52) Phase 1: Mark live objects 4960.099ms
[127.607s][info][gc,phases,start] GC(52) Phase 2: Compute new object addresses
[129.140s][info][gc,phases      ] GC(52) Phase 2: Compute new object addresses 1532.948ms
[129.140s][info][gc,phases,start] GC(52) Phase 3: Adjust pointers
[131.235s][info][gc,phases      ] GC(52) Phase 3: Adjust pointers 2095.093ms
[131.235s][info][gc,phases,start] GC(52) Phase 4: Move objects
[131.235s][info][gc,phases      ] GC(52) Phase 4: Move objects 0.017ms
[131.236s][info][gc,heap        ] GC(52) DefNew: 3502079K(3502080K)->3502078K(3502080K) Eden: 3112959K(3112960K)->3112959K(3112960K) From: 389119K(389120K)->389119K(389120K)
[131.236s][info][gc,heap        ] GC(52) Tenured: 7782399K(7782400K)->7782399K(7782400K)
[131.236s][info][gc,metaspace   ] GC(52) Metaspace: 6302K(6528K)->6302K(6528K) NonClass: 5768K(5888K)->5768K(5888K) Class: 533K(640K)->533K(640K)
[131.236s][info][gc             ] GC(52) Pause Full (Allocation Failure) 11019M->11019M(11020M) 8589.066ms
[131.236s][info][gc,cpu         ] GC(52) User=8.56s Sys=0.00s Real=8.59s
[131.236s][info][gc,heap,exit   ] Heap
[131.236s][info][gc,heap,exit   ]  def new generation   total 3502080K, used 3502079K [0x0000000537800000, 0x0000000625000000, 0x0000000625000000)
[131.236s][info][gc,heap,exit   ]   eden space 3112960K,  99% used [0x0000000537800000, 0x00000005f57ffff8, 0x00000005f5800000)
[131.236s][info][gc,heap,exit   ]   from space 389120K,  99% used [0x00000005f5800000, 0x000000060d3fff70, 0x000000060d400000)
[131.236s][info][gc,heap,exit   ]   to   space 389120K,   0% used [0x000000060d400000, 0x000000060d400000, 0x0000000625000000)
[131.236s][info][gc,heap,exit   ]  tenured generation   total 7782400K, used 7782399K [0x0000000625000000, 0x0000000800000000, 0x0000000800000000)
[131.236s][info][gc,heap,exit   ]    the space 7782400K,  99% used [0x0000000625000000, 0x00000007ffffff90, 0x0000000800000000, 0x0000000800000000)
[131.236s][info][gc,heap,exit   ]  Metaspace       used 6305K, committed 6528K, reserved 1114112K
[131.236s][info][gc,heap,exit   ]   class space    used 534K, committed 640K, reserved 1048576K
