[0.012s][info][gc,init] CardTable entry size: 512
[0.012s][info][gc     ] Using Parallel
[0.013s][info][gc,init] Version: 18.0.1+10 (release)
[0.013s][info][gc,init] CPUs: 8 total, 8 available
[0.013s][info][gc,init] Memory: 16063M
[0.013s][info][gc,init] Large Page Support: Disabled
[0.013s][info][gc,init] NUMA Support: Disabled
[0.013s][info][gc,init] Compressed Oops: Enabled (Zero based)
[0.013s][info][gc,init] Alignments: Space 512K, Generation 512K, Heap 2M
[0.013s][info][gc,init] Heap Min Capacity: 2M
[0.013s][info][gc,init] Heap Initial Capacity: 2M
[0.013s][info][gc,init] Heap Max Capacity: 9100M
[0.013s][info][gc,init] Pre-touch: Disabled
[0.013s][info][gc,init] Parallel Workers: 8
[0.013s][info][gc,metaspace] CDS archive(s) not mapped
[0.013s][info][gc,metaspace] Compressed class space mapped at: 0x0000000800000000-0x0000000840000000, reserved size: 1073741824
[0.013s][info][gc,metaspace] Narrow klass base: 0x0000000800000000, Narrow klass shift: 0, Narrow klass range: 0x40000000
[0.103s][info][gc,start    ] GC(0) Pause Young (Allocation Failure)
[0.104s][info][gc,heap     ] GC(0) PSYoungGen: 512K(1024K)->480K(1024K) Eden: 512K(512K)->0K(512K) From: 0K(512K)->480K(512K)
[0.104s][info][gc,heap     ] GC(0) ParOldGen: 0K(512K)->8K(512K)
[0.104s][info][gc,metaspace] GC(0) Metaspace: 4229K(4352K)->4229K(4352K) NonClass: 3908K(3968K)->3908K(3968K) Class: 321K(384K)->321K(384K)
[0.104s][info][gc          ] GC(0) Pause Young (Allocation Failure) 0M->0M(1M) 1.173ms
[0.104s][info][gc,cpu      ] GC(0) User=0.00s Sys=0.00s Real=0.00s
[0.162s][info][gc,start    ] GC(1) Pause Young (Allocation Failure)
[0.163s][info][gc,heap     ] GC(1) PSYoungGen: 991K(1024K)->512K(1536K) Eden: 511K(512K)->0K(1024K) From: 480K(512K)->512K(512K)
[0.163s][info][gc,heap     ] GC(1) ParOldGen: 8K(512K)->88K(512K)
[0.163s][info][gc,metaspace] GC(1) Metaspace: 5882K(6016K)->5882K(6016K) NonClass: 5385K(5504K)->5385K(5504K) Class: 496K(512K)->496K(512K)
[0.163s][info][gc          ] GC(1) Pause Young (Allocation Failure) 0M->0M(2M) 0.902ms
[0.163s][info][gc,cpu      ] GC(1) User=0.00s Sys=0.00s Real=0.00s
[0.187s][info][gc,start    ] GC(2) Pause Young (Allocation Failure)
[0.188s][info][gc,heap     ] GC(2) PSYoungGen: 1536K(1536K)->512K(1536K) Eden: 1024K(1024K)->0K(1024K) From: 512K(512K)->512K(512K)
[0.188s][info][gc,heap     ] GC(2) ParOldGen: 88K(512K)->504K(512K)
[0.188s][info][gc,metaspace] GC(2) Metaspace: 6301K(6528K)->6301K(6528K) NonClass: 5767K(5888K)->5767K(5888K) Class: 533K(640K)->533K(640K)
[0.188s][info][gc          ] GC(2) Pause Young (Allocation Failure) 1M->0M(2M) 1.229ms
[0.188s][info][gc,cpu      ] GC(2) User=0.00s Sys=0.00s Real=0.00s
[0.189s][info][gc,start    ] GC(3) Pause Full (Ergonomics)
[0.189s][info][gc,phases,start] GC(3) Marking Phase
[0.189s][info][gc,phases      ] GC(3) Marking Phase 0.959ms
[0.190s][info][gc,phases,start] GC(3) Summary Phase
[0.190s][info][gc,phases      ] GC(3) Summary Phase 0.015ms
[0.190s][info][gc,phases,start] GC(3) Adjust Roots
[0.190s][info][gc,phases      ] GC(3) Adjust Roots 0.347ms
[0.190s][info][gc,phases,start] GC(3) Compaction Phase
[0.192s][info][gc,phases      ] GC(3) Compaction Phase 1.617ms
[0.192s][info][gc,phases,start] GC(3) Post Compact
[0.192s][info][gc,phases      ] GC(3) Post Compact 0.084ms
[0.192s][info][gc,heap        ] GC(3) PSYoungGen: 512K(1536K)->507K(1536K) Eden: 0K(1024K)->0K(1024K) From: 512K(512K)->507K(512K)
[0.192s][info][gc,heap        ] GC(3) ParOldGen: 504K(512K)->472K(2048K)
[0.192s][info][gc,metaspace   ] GC(3) Metaspace: 6301K(6528K)->6301K(6528K) NonClass: 5767K(5888K)->5767K(5888K) Class: 533K(640K)->533K(640K)
[0.192s][info][gc             ] GC(3) Pause Full (Ergonomics) 0M->0M(3M) 3.313ms
[0.192s][info][gc,cpu         ] GC(3) User=0.00s Sys=0.00s Real=0.00s
[0.195s][info][gc,start       ] GC(4) Pause Young (Allocation Failure)
[0.196s][info][gc,heap        ] GC(4) PSYoungGen: 1531K(1536K)->480K(2560K) Eden: 1024K(1024K)->0K(2048K) From: 507K(512K)->480K(512K)
[0.196s][info][gc,heap        ] GC(4) ParOldGen: 472K(2048K)->1032K(2048K)
[0.196s][info][gc,metaspace   ] GC(4) Metaspace: 6301K(6528K)->6301K(6528K) NonClass: 5767K(5888K)->5767K(5888K) Class: 533K(640K)->533K(640K)
[0.196s][info][gc             ] GC(4) Pause Young (Allocation Failure) 1M->1M(4M) 1.342ms
[0.196s][info][gc,cpu         ] GC(4) User=0.00s Sys=0.00s Real=0.00s
[0.199s][info][gc,start       ] GC(5) Pause Young (Allocation Failure)
[0.201s][info][gc,heap        ] GC(5) PSYoungGen: 2528K(2560K)->480K(2560K) Eden: 2048K(2048K)->0K(2048K) From: 480K(512K)->480K(512K)
[0.201s][info][gc,heap        ] GC(5) ParOldGen: 1032K(2048K)->2104K(2560K)
[0.201s][info][gc,metaspace   ] GC(5) Metaspace: 6301K(6528K)->6301K(6528K) NonClass: 5767K(5888K)->5767K(5888K) Class: 533K(640K)->533K(640K)
[0.201s][info][gc             ] GC(5) Pause Young (Allocation Failure) 3M->2M(5M) 1.871ms
[0.201s][info][gc,cpu         ] GC(5) User=0.00s Sys=0.00s Real=0.00s
[0.201s][info][gc,start       ] GC(6) Pause Full (Ergonomics)
[0.201s][info][gc,phases,start] GC(6) Marking Phase
[0.202s][info][gc,phases      ] GC(6) Marking Phase 1.467ms
[0.203s][info][gc,phases,start] GC(6) Summary Phase
[0.203s][info][gc,phases      ] GC(6) Summary Phase 0.016ms
[0.203s][info][gc,phases,start] GC(6) Adjust Roots
[0.203s][info][gc,phases      ] GC(6) Adjust Roots 0.299ms
[0.203s][info][gc,phases,start] GC(6) Compaction Phase
[0.205s][info][gc,phases      ] GC(6) Compaction Phase 2.152ms
[0.205s][info][gc,phases,start] GC(6) Post Compact
[0.205s][info][gc,phases      ] GC(6) Post Compact 0.032ms
[0.205s][info][gc,heap        ] GC(6) PSYoungGen: 480K(2560K)->0K(4096K) Eden: 0K(2048K)->0K(3072K) From: 480K(512K)->0K(1024K)
[0.205s][info][gc,heap        ] GC(6) ParOldGen: 2104K(2560K)->2542K(6144K)
[0.205s][info][gc,metaspace   ] GC(6) Metaspace: 6301K(6528K)->6301K(6528K) NonClass: 5767K(5888K)->5767K(5888K) Class: 533K(640K)->533K(640K)
[0.205s][info][gc             ] GC(6) Pause Full (Ergonomics) 2M->2M(10M) 4.330ms
[0.205s][info][gc,cpu         ] GC(6) User=0.00s Sys=0.00s Real=0.01s
[0.210s][info][gc,start       ] GC(7) Pause Young (Allocation Failure)
[0.212s][info][gc,heap        ] GC(7) PSYoungGen: 3072K(4096K)->1664K(5120K) Eden: 3072K(3072K)->0K(3072K) From: 0K(1024K)->1664K(2048K)
[0.212s][info][gc,heap        ] GC(7) ParOldGen: 2542K(6144K)->2542K(6144K)
[0.212s][info][gc,metaspace   ] GC(7) Metaspace: 6301K(6528K)->6301K(6528K) NonClass: 5767K(5888K)->5767K(5888K) Class: 533K(640K)->533K(640K)
[0.212s][info][gc             ] GC(7) Pause Young (Allocation Failure) 5M->4M(11M) 2.003ms
[0.212s][info][gc,cpu         ] GC(7) User=0.00s Sys=0.00s Real=0.00s
[0.218s][info][gc,start       ] GC(8) Pause Young (Allocation Failure)
[0.220s][info][gc,heap        ] GC(8) PSYoungGen: 4736K(5120K)->2016K(5632K) Eden: 3072K(3072K)->0K(3584K) From: 1664K(2048K)->2016K(2048K)
[0.220s][info][gc,heap        ] GC(8) ParOldGen: 2542K(6144K)->3774K(6144K)
[0.220s][info][gc,metaspace   ] GC(8) Metaspace: 6301K(6528K)->6301K(6528K) NonClass: 5767K(5888K)->5767K(5888K) Class: 533K(640K)->533K(640K)
[0.220s][info][gc             ] GC(8) Pause Young (Allocation Failure) 7M->5M(11M) 2.896ms
[0.221s][info][gc,cpu         ] GC(8) User=0.00s Sys=0.00s Real=0.00s
[0.228s][info][gc,start       ] GC(9) Pause Young (Allocation Failure)
[0.232s][info][gc,heap        ] GC(9) PSYoungGen: 5600K(5632K)->3040K(6656K) Eden: 3584K(3584K)->0K(3584K) From: 2016K(2048K)->3040K(3072K)
[0.233s][info][gc,heap        ] GC(9) ParOldGen: 3774K(6144K)->4614K(6144K)
[0.233s][info][gc,metaspace   ] GC(9) Metaspace: 6301K(6528K)->6301K(6528K) NonClass: 5767K(5888K)->5767K(5888K) Class: 533K(640K)->533K(640K)
[0.233s][info][gc             ] GC(9) Pause Young (Allocation Failure) 9M->7M(12M) 4.529ms
[0.233s][info][gc,cpu         ] GC(9) User=0.00s Sys=0.00s Real=0.01s
[0.238s][info][gc,start       ] GC(10) Pause Young (Allocation Failure)
[0.242s][info][gc,heap        ] GC(10) PSYoungGen: 6624K(6656K)->4064K(9216K) Eden: 3584K(3584K)->0K(5120K) From: 3040K(3072K)->4064K(4096K)
[0.242s][info][gc,heap        ] GC(10) ParOldGen: 4614K(6144K)->5462K(6144K)
[0.243s][info][gc,metaspace   ] GC(10) Metaspace: 6301K(6528K)->6301K(6528K) NonClass: 5767K(5888K)->5767K(5888K) Class: 533K(640K)->533K(640K)
[0.243s][info][gc             ] GC(10) Pause Young (Allocation Failure) 10M->9M(15M) 4.379ms
[0.243s][info][gc,cpu         ] GC(10) User=0.00s Sys=0.00s Real=0.00s
[0.243s][info][gc,start       ] GC(11) Pause Full (Ergonomics)
[0.243s][info][gc,phases,start] GC(11) Marking Phase
[0.247s][info][gc,phases      ] GC(11) Marking Phase 4.216ms
[0.247s][info][gc,phases,start] GC(11) Summary Phase
[0.247s][info][gc,phases      ] GC(11) Summary Phase 0.016ms
[0.247s][info][gc,phases,start] GC(11) Adjust Roots
[0.247s][info][gc,phases      ] GC(11) Adjust Roots 0.372ms
[0.247s][info][gc,phases,start] GC(11) Compaction Phase
[0.253s][info][gc,phases      ] GC(11) Compaction Phase 5.646ms
[0.253s][info][gc,phases,start] GC(11) Post Compact
[0.253s][info][gc,phases      ] GC(11) Post Compact 0.060ms
[0.253s][info][gc,heap        ] GC(11) PSYoungGen: 4064K(9216K)->3545K(9216K) Eden: 0K(5120K)->0K(5120K) From: 4064K(4096K)->3545K(4096K)
[0.253s][info][gc,heap        ] GC(11) ParOldGen: 5462K(6144K)->5831K(10752K)
[0.253s][info][gc,metaspace   ] GC(11) Metaspace: 6301K(6528K)->6301K(6528K) NonClass: 5767K(5888K)->5767K(5888K) Class: 533K(640K)->533K(640K)
[0.253s][info][gc             ] GC(11) Pause Full (Ergonomics) 9M->9M(19M) 10.592ms
[0.253s][info][gc,cpu         ] GC(11) User=0.00s Sys=0.00s Real=0.01s
[0.260s][info][gc,start       ] GC(12) Pause Young (Allocation Failure)
[0.265s][info][gc,heap        ] GC(12) PSYoungGen: 8665K(9216K)->5088K(10240K) Eden: 5120K(5120K)->0K(5120K) From: 3545K(4096K)->5088K(5120K)
[0.265s][info][gc,heap        ] GC(12) ParOldGen: 5831K(10752K)->6951K(10752K)
[0.265s][info][gc,metaspace   ] GC(12) Metaspace: 6301K(6528K)->6301K(6528K) NonClass: 5767K(5888K)->5767K(5888K) Class: 533K(640K)->533K(640K)
[0.265s][info][gc             ] GC(12) Pause Young (Allocation Failure) 14M->11M(20M) 4.790ms
[0.265s][info][gc,cpu         ] GC(12) User=0.00s Sys=0.00s Real=0.01s
[0.269s][info][gc,start       ] GC(13) Pause Young (Allocation Failure)
[0.274s][info][gc,heap        ] GC(13) PSYoungGen: 10208K(10240K)->6496K(12800K) Eden: 5120K(5120K)->0K(6144K) From: 5088K(5120K)->6496K(6656K)
[0.274s][info][gc,heap        ] GC(13) ParOldGen: 6951K(10752K)->8231K(10752K)
[0.274s][info][gc,metaspace   ] GC(13) Metaspace: 6302K(6528K)->6302K(6528K) NonClass: 5769K(5888K)->5769K(5888K) Class: 533K(640K)->533K(640K)
[0.274s][info][gc             ] GC(13) Pause Young (Allocation Failure) 16M->14M(23M) 5.230ms
[0.274s][info][gc,cpu         ] GC(13) User=0.00s Sys=0.00s Real=0.01s
[0.279s][info][gc,start       ] GC(14) Pause Young (Allocation Failure)
[0.285s][info][gc,heap        ] GC(14) PSYoungGen: 12640K(12800K)->5792K(13824K) Eden: 6144K(6144K)->0K(6144K) From: 6496K(6656K)->5792K(7680K)
[0.285s][info][gc,heap        ] GC(14) ParOldGen: 8231K(10752K)->12111K(12288K)
[0.285s][info][gc,metaspace   ] GC(14) Metaspace: 6302K(6528K)->6302K(6528K) NonClass: 5769K(5888K)->5769K(5888K) Class: 533K(640K)->533K(640K)
[0.285s][info][gc             ] GC(14) Pause Young (Allocation Failure) 20M->17M(25M) 5.898ms
[0.285s][info][gc,cpu         ] GC(14) User=0.00s Sys=0.00s Real=0.01s
[0.285s][info][gc,start       ] GC(15) Pause Full (Ergonomics)
[0.285s][info][gc,phases,start] GC(15) Marking Phase
[0.292s][info][gc,phases      ] GC(15) Marking Phase 7.567ms
[0.292s][info][gc,phases,start] GC(15) Summary Phase
[0.292s][info][gc,phases      ] GC(15) Summary Phase 0.016ms
[0.292s][info][gc,phases,start] GC(15) Adjust Roots
[0.293s][info][gc,phases      ] GC(15) Adjust Roots 0.227ms
[0.293s][info][gc,phases,start] GC(15) Compaction Phase
[0.300s][info][gc,phases      ] GC(15) Compaction Phase 7.428ms
[0.300s][info][gc,phases,start] GC(15) Post Compact
[0.300s][info][gc,phases      ] GC(15) Post Compact 0.115ms
[0.300s][info][gc,heap        ] GC(15) PSYoungGen: 5792K(13824K)->5758K(13824K) Eden: 0K(6144K)->0K(6144K) From: 5792K(7680K)->5758K(7680K)
[0.300s][info][gc,heap        ] GC(15) ParOldGen: 12111K(12288K)->12006K(18944K)
[0.300s][info][gc,metaspace   ] GC(15) Metaspace: 6302K(6528K)->6302K(6528K) NonClass: 5769K(5888K)->5769K(5888K) Class: 533K(640K)->533K(640K)
[0.300s][info][gc             ] GC(15) Pause Full (Ergonomics) 17M->17M(32M) 15.728ms
[0.300s][info][gc,cpu         ] GC(15) User=0.00s Sys=0.00s Real=0.02s
[0.305s][info][gc,start       ] GC(16) Pause Young (Allocation Failure)
[0.312s][info][gc,heap        ] GC(16) PSYoungGen: 11902K(13824K)->3232K(15360K) Eden: 6144K(6144K)->0K(8704K) From: 5758K(7680K)->3232K(6656K)
[0.312s][info][gc,heap        ] GC(16) ParOldGen: 12006K(18944K)->17862K(18944K)
[0.312s][info][gc,metaspace   ] GC(16) Metaspace: 6302K(6528K)->6302K(6528K) NonClass: 5769K(5888K)->5769K(5888K) Class: 533K(640K)->533K(640K)
[0.312s][info][gc             ] GC(16) Pause Young (Allocation Failure) 23M->20M(33M) 7.652ms
[0.312s][info][gc,cpu         ] GC(16) User=0.02s Sys=0.00s Real=0.01s
[0.312s][info][gc,start       ] GC(17) Pause Full (Ergonomics)
[0.312s][info][gc,phases,start] GC(17) Marking Phase
[0.321s][info][gc,phases      ] GC(17) Marking Phase 9.077ms
[0.321s][info][gc,phases,start] GC(17) Summary Phase
[0.321s][info][gc,phases      ] GC(17) Summary Phase 0.016ms
[0.321s][info][gc,phases,start] GC(17) Adjust Roots
[0.322s][info][gc,phases      ] GC(17) Adjust Roots 0.223ms
[0.322s][info][gc,phases,start] GC(17) Compaction Phase
[0.327s][info][gc,phases      ] GC(17) Compaction Phase 5.462ms
[0.327s][info][gc,phases,start] GC(17) Post Compact
[0.327s][info][gc,phases      ] GC(17) Post Compact 0.114ms
[0.327s][info][gc,heap        ] GC(17) PSYoungGen: 3232K(15360K)->2146K(16384K) Eden: 0K(8704K)->0K(9728K) From: 3232K(6656K)->2146K(6656K)
[0.327s][info][gc,heap        ] GC(17) ParOldGen: 17862K(18944K)->18786K(28672K)
[0.327s][info][gc,metaspace   ] GC(17) Metaspace: 6302K(6528K)->6302K(6528K) NonClass: 5769K(5888K)->5769K(5888K) Class: 533K(640K)->533K(640K)
[0.327s][info][gc             ] GC(17) Pause Full (Ergonomics) 20M->20M(44M) 15.200ms
[0.328s][info][gc,cpu         ] GC(17) User=0.00s Sys=0.00s Real=0.02s
[0.337s][info][gc,start       ] GC(18) Pause Young (Allocation Failure)
[0.343s][info][gc,heap        ] GC(18) PSYoungGen: 11874K(16384K)->5568K(17408K) Eden: 9728K(9728K)->0K(9728K) From: 2146K(6656K)->5568K(7680K)
[0.343s][info][gc,heap        ] GC(18) ParOldGen: 18786K(28672K)->20970K(28672K)
[0.343s][info][gc,metaspace   ] GC(18) Metaspace: 6302K(6528K)->6302K(6528K) NonClass: 5769K(5888K)->5769K(5888K) Class: 533K(640K)->533K(640K)
[0.343s][info][gc             ] GC(18) Pause Young (Allocation Failure) 29M->25M(45M) 6.251ms
[0.343s][info][gc,cpu         ] GC(18) User=0.00s Sys=0.00s Real=0.01s
[0.349s][info][gc,start       ] GC(19) Pause Young (Allocation Failure)
[0.358s][info][gc,heap        ] GC(19) PSYoungGen: 15296K(17408K)->5088K(21504K) Eden: 9728K(9728K)->0K(13312K) From: 5568K(7680K)->5088K(8192K)
[0.358s][info][gc,heap        ] GC(19) ParOldGen: 20970K(28672K)->26570K(28672K)
[0.358s][info][gc,metaspace   ] GC(19) Metaspace: 6302K(6528K)->6302K(6528K) NonClass: 5769K(5888K)->5769K(5888K) Class: 533K(640K)->533K(640K)
[0.358s][info][gc             ] GC(19) Pause Young (Allocation Failure) 35M->30M(49M) 8.927ms
[0.358s][info][gc,cpu         ] GC(19) User=0.00s Sys=0.00s Real=0.01s
[0.358s][info][gc,start       ] GC(20) Pause Full (Ergonomics)
[0.358s][info][gc,phases,start] GC(20) Marking Phase
[0.372s][info][gc,phases      ] GC(20) Marking Phase 13.487ms
[0.372s][info][gc,phases,start] GC(20) Summary Phase
[0.372s][info][gc,phases      ] GC(20) Summary Phase 0.019ms
[0.372s][info][gc,phases,start] GC(20) Adjust Roots
[0.372s][info][gc,phases      ] GC(20) Adjust Roots 0.192ms
[0.372s][info][gc,phases,start] GC(20) Compaction Phase
[0.384s][info][gc,phases      ] GC(20) Compaction Phase 11.728ms
[0.384s][info][gc,phases,start] GC(20) Post Compact
[0.384s][info][gc,phases      ] GC(20) Post Compact 0.136ms
[0.384s][info][gc,heap        ] GC(20) PSYoungGen: 5088K(21504K)->2471K(21504K) Eden: 0K(13312K)->0K(13312K) From: 5088K(8192K)->2471K(8192K)
[0.384s][info][gc,heap        ] GC(20) ParOldGen: 26570K(28672K)->28497K(40448K)
[0.384s][info][gc,metaspace   ] GC(20) Metaspace: 6302K(6528K)->6302K(6528K) NonClass: 5769K(5888K)->5769K(5888K) Class: 533K(640K)->533K(640K)
[0.384s][info][gc             ] GC(20) Pause Full (Ergonomics) 30M->30M(60M) 26.030ms
[0.384s][info][gc,cpu         ] GC(20) User=0.00s Sys=0.00s Real=0.03s
[0.397s][info][gc,start       ] GC(21) Pause Young (Allocation Failure)
[0.409s][info][gc,heap        ] GC(21) PSYoungGen: 15783K(21504K)->8192K(21504K) Eden: 13312K(13312K)->0K(13312K) From: 2471K(8192K)->8192K(8192K)
[0.409s][info][gc,heap        ] GC(21) ParOldGen: 28497K(40448K)->34193K(40448K)
[0.409s][info][gc,metaspace   ] GC(21) Metaspace: 6302K(6528K)->6302K(6528K) NonClass: 5769K(5888K)->5769K(5888K) Class: 533K(640K)->533K(640K)
[0.410s][info][gc             ] GC(21) Pause Young (Allocation Failure) 43M->41M(60M) 12.101ms
[0.410s][info][gc,cpu         ] GC(21) User=0.00s Sys=0.00s Real=0.01s
[0.410s][info][gc,start       ] GC(22) Pause Full (Ergonomics)
[0.410s][info][gc,phases,start] GC(22) Marking Phase
[0.426s][info][gc,phases      ] GC(22) Marking Phase 16.377ms
[0.426s][info][gc,phases,start] GC(22) Summary Phase
[0.426s][info][gc,phases      ] GC(22) Summary Phase 0.019ms
[0.426s][info][gc,phases,start] GC(22) Adjust Roots
[0.426s][info][gc,phases      ] GC(22) Adjust Roots 0.184ms
[0.426s][info][gc,phases,start] GC(22) Compaction Phase
[0.436s][info][gc,phases      ] GC(22) Compaction Phase 10.191ms
[0.437s][info][gc,phases,start] GC(22) Post Compact
[0.437s][info][gc,phases      ] GC(22) Post Compact 0.196ms
[0.437s][info][gc,heap        ] GC(22) PSYoungGen: 8192K(21504K)->2044K(21504K) Eden: 0K(13312K)->0K(13312K) From: 8192K(8192K)->2044K(8192K)
[0.437s][info][gc,heap        ] GC(22) ParOldGen: 34193K(40448K)->40227K(54784K)
[0.437s][info][gc,metaspace   ] GC(22) Metaspace: 6302K(6528K)->6302K(6528K) NonClass: 5769K(5888K)->5769K(5888K) Class: 533K(640K)->533K(640K)
[0.437s][info][gc             ] GC(22) Pause Full (Ergonomics) 41M->41M(74M) 27.326ms
[0.437s][info][gc,cpu         ] GC(22) User=0.03s Sys=0.00s Real=0.03s
[0.454s][info][gc,start       ] GC(23) Pause Young (Allocation Failure)
[0.468s][info][gc,heap        ] GC(23) PSYoungGen: 15356K(21504K)->11744K(25088K) Eden: 13312K(13312K)->0K(13312K) From: 2044K(8192K)->11744K(11776K)
[0.468s][info][gc,heap        ] GC(23) ParOldGen: 40227K(54784K)->43899K(54784K)
[0.468s][info][gc,metaspace   ] GC(23) Metaspace: 6302K(6528K)->6302K(6528K) NonClass: 5769K(5888K)->5769K(5888K) Class: 533K(640K)->533K(640K)
[0.468s][info][gc             ] GC(23) Pause Young (Allocation Failure) 54M->54M(78M) 13.849ms
[0.468s][info][gc,cpu         ] GC(23) User=0.02s Sys=0.00s Real=0.01s
[0.482s][info][gc,start       ] GC(24) Pause Young (Allocation Failure)
[0.499s][info][gc,heap        ] GC(24) PSYoungGen: 25056K(25088K)->13344K(28160K) Eden: 13312K(13312K)->0K(13312K) From: 11744K(11776K)->13344K(14848K)
[0.499s][info][gc,heap        ] GC(24) ParOldGen: 43899K(54784K)->55787K(55808K)
[0.499s][info][gc,metaspace   ] GC(24) Metaspace: 6302K(6528K)->6302K(6528K) NonClass: 5769K(5888K)->5769K(5888K) Class: 533K(640K)->533K(640K)
[0.499s][info][gc             ] GC(24) Pause Young (Allocation Failure) 67M->67M(82M) 17.069ms
[0.499s][info][gc,cpu         ] GC(24) User=0.03s Sys=0.00s Real=0.02s
[0.499s][info][gc,start       ] GC(25) Pause Full (Ergonomics)
[0.499s][info][gc,phases,start] GC(25) Marking Phase
[0.526s][info][gc,phases      ] GC(25) Marking Phase 27.221ms
[0.527s][info][gc,phases,start] GC(25) Summary Phase
[0.527s][info][gc,phases      ] GC(25) Summary Phase 0.019ms
[0.527s][info][gc,phases,start] GC(25) Adjust Roots
[0.527s][info][gc,phases      ] GC(25) Adjust Roots 0.204ms
[0.527s][info][gc,phases,start] GC(25) Compaction Phase
[0.550s][info][gc,phases      ] GC(25) Compaction Phase 22.748ms
[0.550s][info][gc,phases,start] GC(25) Post Compact
[0.550s][info][gc,phases      ] GC(25) Post Compact 0.237ms
[0.550s][info][gc,heap        ] GC(25) PSYoungGen: 13344K(28160K)->12254K(28160K) Eden: 0K(13312K)->0K(13312K) From: 13344K(14848K)->12254K(14848K)
[0.550s][info][gc,heap        ] GC(25) ParOldGen: 55787K(55808K)->55554K(74752K)
[0.550s][info][gc,metaspace   ] GC(25) Metaspace: 6302K(6528K)->6302K(6528K) NonClass: 5769K(5888K)->5769K(5888K) Class: 533K(640K)->533K(640K)
[0.550s][info][gc             ] GC(25) Pause Full (Ergonomics) 67M->66M(100M) 50.831ms
[0.550s][info][gc,cpu         ] GC(25) User=0.08s Sys=0.00s Real=0.05s
[0.563s][info][gc,start       ] GC(26) Pause Young (Allocation Failure)
[0.586s][info][gc,heap        ] GC(26) PSYoungGen: 25566K(28160K)->13344K(31744K) Eden: 13312K(13312K)->0K(14848K) From: 12254K(14848K)->13344K(16896K)
[0.586s][info][gc,heap        ] GC(26) ParOldGen: 55554K(74752K)->68010K(74752K)
[0.586s][info][gc,metaspace   ] GC(26) Metaspace: 6302K(6528K)->6302K(6528K) NonClass: 5769K(5888K)->5769K(5888K) Class: 533K(640K)->533K(640K)
[0.586s][info][gc             ] GC(26) Pause Young (Allocation Failure) 79M->79M(104M) 22.557ms
[0.586s][info][gc,cpu         ] GC(26) User=0.03s Sys=0.00s Real=0.02s
[0.586s][info][gc,start       ] GC(27) Pause Full (Ergonomics)
[0.586s][info][gc,phases,start] GC(27) Marking Phase
[0.619s][info][gc,phases      ] GC(27) Marking Phase 32.705ms
[0.619s][info][gc,phases,start] GC(27) Summary Phase
[0.619s][info][gc,phases      ] GC(27) Summary Phase 0.015ms
[0.619s][info][gc,phases,start] GC(27) Adjust Roots
[0.619s][info][gc,phases      ] GC(27) Adjust Roots 0.182ms
[0.619s][info][gc,phases,start] GC(27) Compaction Phase
[0.640s][info][gc,phases      ] GC(27) Compaction Phase 21.188ms
[0.640s][info][gc,phases,start] GC(27) Post Compact
[0.641s][info][gc,phases      ] GC(27) Post Compact 0.715ms
[0.641s][info][gc,heap        ] GC(27) PSYoungGen: 13344K(31744K)->6639K(31744K) Eden: 0K(14848K)->0K(14848K) From: 13344K(16896K)->6639K(16896K)
[0.641s][info][gc,heap        ] GC(27) ParOldGen: 68010K(74752K)->74452K(97792K)
[0.641s][info][gc,metaspace   ] GC(27) Metaspace: 6302K(6528K)->6302K(6528K) NonClass: 5769K(5888K)->5769K(5888K) Class: 533K(640K)->533K(640K)
[0.641s][info][gc             ] GC(27) Pause Full (Ergonomics) 79M->79M(126M) 55.272ms
[0.641s][info][gc,cpu         ] GC(27) User=0.09s Sys=0.00s Real=0.06s
[0.666s][info][gc,start       ] GC(28) Pause Young (Allocation Failure)
[0.680s][info][gc,heap        ] GC(28) PSYoungGen: 21487K(31744K)->18400K(33280K) Eden: 14848K(14848K)->0K(14848K) From: 6639K(16896K)->18400K(18432K)
[0.680s][info][gc,heap        ] GC(28) ParOldGen: 74452K(97792K)->77604K(97792K)
[0.680s][info][gc,metaspace   ] GC(28) Metaspace: 6302K(6528K)->6302K(6528K) NonClass: 5769K(5888K)->5769K(5888K) Class: 533K(640K)->533K(640K)
[0.680s][info][gc             ] GC(28) Pause Young (Allocation Failure) 93M->93M(128M) 14.089ms
[0.680s][info][gc,cpu         ] GC(28) User=0.00s Sys=0.00s Real=0.01s
[0.692s][info][gc,start       ] GC(29) Pause Young (Allocation Failure)
[0.710s][info][gc,heap        ] GC(29) PSYoungGen: 33248K(33280K)->14880K(38912K) Eden: 14848K(14848K)->0K(16384K) From: 18400K(18432K)->14880K(22528K)
[0.710s][info][gc,heap        ] GC(29) ParOldGen: 77604K(97792K)->96212K(97792K)
[0.710s][info][gc,metaspace   ] GC(29) Metaspace: 6302K(6528K)->6302K(6528K) NonClass: 5769K(5888K)->5769K(5888K) Class: 533K(640K)->533K(640K)
[0.710s][info][gc             ] GC(29) Pause Young (Allocation Failure) 108M->108M(133M) 17.885ms
[0.710s][info][gc,cpu         ] GC(29) User=0.05s Sys=0.00s Real=0.02s
[0.710s][info][gc,start       ] GC(30) Pause Full (Ergonomics)
[0.710s][info][gc,phases,start] GC(30) Marking Phase
[0.742s][info][gc,phases      ] GC(30) Marking Phase 32.163ms
[0.743s][info][gc,phases,start] GC(30) Summary Phase
[0.743s][info][gc,phases      ] GC(30) Summary Phase 0.017ms
[0.743s][info][gc,phases,start] GC(30) Adjust Roots
[0.743s][info][gc,phases      ] GC(30) Adjust Roots 0.166ms
[0.743s][info][gc,phases,start] GC(30) Compaction Phase
[0.768s][info][gc,phases      ] GC(30) Compaction Phase 25.576ms
[0.768s][info][gc,phases,start] GC(30) Post Compact
[0.769s][info][gc,phases      ] GC(30) Post Compact 0.501ms
[0.769s][info][gc,heap        ] GC(30) PSYoungGen: 14880K(38912K)->11239K(38912K) Eden: 0K(16384K)->0K(16384K) From: 14880K(22528K)->11239K(22528K)
[0.769s][info][gc,heap        ] GC(30) ParOldGen: 96212K(97792K)->97443K(126976K)
[0.769s][info][gc,metaspace   ] GC(30) Metaspace: 6302K(6528K)->6302K(6528K) NonClass: 5769K(5888K)->5769K(5888K) Class: 533K(640K)->533K(640K)
[0.769s][info][gc             ] GC(30) Pause Full (Ergonomics) 108M->106M(162M) 58.876ms
[0.769s][info][gc,cpu         ] GC(30) User=0.09s Sys=0.00s Real=0.06s
[0.784s][info][gc,start       ] GC(31) Pause Young (Allocation Failure)
[0.804s][info][gc,heap        ] GC(31) PSYoungGen: 27623K(38912K)->23552K(39936K) Eden: 16384K(16384K)->0K(16384K) From: 11239K(22528K)->23552K(23552K)
[0.804s][info][gc,heap        ] GC(31) ParOldGen: 97443K(126976K)->101603K(126976K)
[0.804s][info][gc,metaspace   ] GC(31) Metaspace: 6302K(6528K)->6302K(6528K) NonClass: 5769K(5888K)->5769K(5888K) Class: 533K(640K)->533K(640K)
[0.804s][info][gc             ] GC(31) Pause Young (Allocation Failure) 122M->122M(163M) 20.257ms
[0.804s][info][gc,cpu         ] GC(31) User=0.05s Sys=0.00s Real=0.02s
[0.819s][info][gc,start       ] GC(32) Pause Young (Allocation Failure)
[0.845s][info][gc,heap        ] GC(32) PSYoungGen: 39936K(39936K)->16448K(48640K) Eden: 16384K(16384K)->0K(19456K) From: 23552K(23552K)->16448K(29184K)
[0.845s][info][gc,heap        ] GC(32) ParOldGen: 101603K(126976K)->125491K(126976K)
[0.845s][info][gc,metaspace   ] GC(32) Metaspace: 6302K(6528K)->6302K(6528K) NonClass: 5769K(5888K)->5769K(5888K) Class: 533K(640K)->533K(640K)
[0.845s][info][gc             ] GC(32) Pause Young (Allocation Failure) 138M->138M(171M) 25.680ms
[0.845s][info][gc,cpu         ] GC(32) User=0.02s Sys=0.00s Real=0.03s
[0.845s][info][gc,start       ] GC(33) Pause Full (Ergonomics)
[0.845s][info][gc,phases,start] GC(33) Marking Phase
[0.881s][info][gc,phases      ] GC(33) Marking Phase 36.149ms
[0.881s][info][gc,phases,start] GC(33) Summary Phase
[0.881s][info][gc,phases      ] GC(33) Summary Phase 0.018ms
[0.881s][info][gc,phases,start] GC(33) Adjust Roots
[0.881s][info][gc,phases      ] GC(33) Adjust Roots 0.163ms
[0.881s][info][gc,phases,start] GC(33) Compaction Phase
[0.902s][info][gc,phases      ] GC(33) Compaction Phase 20.753ms
[0.902s][info][gc,phases,start] GC(33) Post Compact
[0.903s][info][gc,phases      ] GC(33) Post Compact 0.676ms
[0.903s][info][gc,heap        ] GC(33) PSYoungGen: 16448K(48640K)->14821K(48640K) Eden: 0K(19456K)->0K(19456K) From: 16448K(29184K)->14821K(29184K)
[0.903s][info][gc,heap        ] GC(33) ParOldGen: 125491K(126976K)->126565K(162816K)
[0.903s][info][gc,metaspace   ] GC(33) Metaspace: 6302K(6528K)->6302K(6528K) NonClass: 5769K(5888K)->5769K(5888K) Class: 533K(640K)->533K(640K)
[0.903s][info][gc             ] GC(33) Pause Full (Ergonomics) 138M->138M(206M) 58.306ms
[0.903s][info][gc,cpu         ] GC(33) User=0.12s Sys=0.00s Real=0.06s
[0.923s][info][gc,start       ] GC(34) Pause Young (Allocation Failure)
[0.946s][info][gc,heap        ] GC(34) PSYoungGen: 34277K(48640K)->29184K(48640K) Eden: 19456K(19456K)->0K(19456K) From: 14821K(29184K)->29184K(29184K)
[0.946s][info][gc,heap        ] GC(34) ParOldGen: 126565K(162816K)->131781K(162816K)
[0.946s][info][gc,metaspace   ] GC(34) Metaspace: 6302K(6528K)->6302K(6528K) NonClass: 5769K(5888K)->5769K(5888K) Class: 533K(640K)->533K(640K)
[0.946s][info][gc             ] GC(34) Pause Young (Allocation Failure) 157M->157M(206M) 22.957ms
[0.946s][info][gc,cpu         ] GC(34) User=0.06s Sys=0.00s Real=0.02s
[0.962s][info][gc,start       ] GC(35) Pause Young (Allocation Failure)
[0.987s][info][gc,heap        ] GC(35) PSYoungGen: 45502K(48640K)->16096K(55296K) Eden: 16318K(19456K)->0K(22528K) From: 29184K(29184K)->16096K(32768K)
[0.987s][info][gc,heap        ] GC(35) ParOldGen: 131781K(162816K)->161373K(162816K)
[0.987s][info][gc,metaspace   ] GC(35) Metaspace: 6302K(6528K)->6302K(6528K) NonClass: 5769K(5888K)->5769K(5888K) Class: 533K(640K)->533K(640K)
[0.987s][info][gc             ] GC(35) Pause Young (Allocation Failure) 173M->173M(213M) 25.476ms
[0.987s][info][gc,cpu         ] GC(35) User=0.03s Sys=0.03s Real=0.02s
[0.988s][info][gc,start       ] GC(36) Pause Full (Ergonomics)
[0.988s][info][gc,phases,start] GC(36) Marking Phase
[1.035s][info][gc,phases      ] GC(36) Marking Phase 47.520ms
[1.035s][info][gc,phases,start] GC(36) Summary Phase
[1.035s][info][gc,phases      ] GC(36) Summary Phase 0.016ms
[1.035s][info][gc,phases,start] GC(36) Adjust Roots
[1.035s][info][gc,phases      ] GC(36) Adjust Roots 0.145ms
[1.035s][info][gc,phases,start] GC(36) Compaction Phase
[1.059s][info][gc,phases      ] GC(36) Compaction Phase 23.601ms
[1.059s][info][gc,phases,start] GC(36) Post Compact
[1.060s][info][gc,phases      ] GC(36) Post Compact 0.831ms
[1.060s][info][gc,heap        ] GC(36) PSYoungGen: 16096K(55296K)->14446K(57344K) Eden: 0K(22528K)->0K(24576K) From: 16096K(32768K)->14446K(32768K)
[1.060s][info][gc,heap        ] GC(36) ParOldGen: 161373K(162816K)->162345K(206848K)
[1.060s][info][gc,metaspace   ] GC(36) Metaspace: 6302K(6528K)->6302K(6528K) NonClass: 5769K(5888K)->5769K(5888K) Class: 533K(640K)->533K(640K)
[1.060s][info][gc             ] GC(36) Pause Full (Ergonomics) 173M->172M(258M) 72.646ms
[1.060s][info][gc,cpu         ] GC(36) User=0.20s Sys=0.00s Real=0.07s
[1.101s][info][gc,start       ] GC(37) Pause Young (Allocation Failure)
[1.129s][info][gc,heap        ] GC(37) PSYoungGen: 39022K(57344K)->24736K(59392K) Eden: 24576K(24576K)->0K(24576K) From: 14446K(32768K)->24736K(34816K)
[1.129s][info][gc,heap        ] GC(37) ParOldGen: 162345K(206848K)->177033K(206848K)
[1.129s][info][gc,metaspace   ] GC(37) Metaspace: 6302K(6528K)->6302K(6528K) NonClass: 5769K(5888K)->5769K(5888K) Class: 533K(640K)->533K(640K)
[1.129s][info][gc             ] GC(37) Pause Young (Allocation Failure) 196M->197M(260M) 28.127ms
[1.129s][info][gc,cpu         ] GC(37) User=0.00s Sys=0.00s Real=0.03s
[1.152s][info][gc,start       ] GC(38) Pause Young (Allocation Failure)
[1.184s][info][gc,heap        ] GC(38) PSYoungGen: 49312K(59392K)->36320K(53760K) Eden: 24576K(24576K)->0K(17408K) From: 24736K(34816K)->36320K(36352K)
[1.184s][info][gc,heap        ] GC(38) ParOldGen: 177033K(206848K)->190089K(206848K)
[1.184s][info][gc,metaspace   ] GC(38) Metaspace: 6302K(6528K)->6302K(6528K) NonClass: 5769K(5888K)->5769K(5888K) Class: 533K(640K)->533K(640K)
[1.184s][info][gc             ] GC(38) Pause Young (Allocation Failure) 221M->221M(254M) 31.427ms
[1.184s][info][gc,cpu         ] GC(38) User=0.00s Sys=0.00s Real=0.03s
[1.184s][info][gc,start       ] GC(39) Pause Full (Ergonomics)
[1.184s][info][gc,phases,start] GC(39) Marking Phase
[1.234s][info][gc,phases      ] GC(39) Marking Phase 49.995ms
[1.234s][info][gc,phases,start] GC(39) Summary Phase
[1.234s][info][gc,phases      ] GC(39) Summary Phase 0.018ms
[1.234s][info][gc,phases,start] GC(39) Adjust Roots
[1.234s][info][gc,phases      ] GC(39) Adjust Roots 0.153ms
[1.234s][info][gc,phases,start] GC(39) Compaction Phase
[1.277s][info][gc,phases      ] GC(39) Compaction Phase 42.834ms
[1.277s][info][gc,phases,start] GC(39) Post Compact
[1.278s][info][gc,phases      ] GC(39) Post Compact 1.064ms
[1.278s][info][gc,heap        ] GC(39) PSYoungGen: 36320K(53760K)->15297K(53760K) Eden: 0K(17408K)->0K(17408K) From: 36320K(36352K)->15297K(36352K)
[1.278s][info][gc,heap        ] GC(39) ParOldGen: 190089K(206848K)->206495K(252416K)
[1.278s][info][gc,metaspace   ] GC(39) Metaspace: 6302K(6528K)->6302K(6528K) NonClass: 5769K(5888K)->5769K(5888K) Class: 533K(640K)->533K(640K)
[1.278s][info][gc             ] GC(39) Pause Full (Ergonomics) 221M->216M(299M) 94.630ms
[1.278s][info][gc,cpu         ] GC(39) User=0.33s Sys=0.00s Real=0.09s
[1.299s][info][gc,start       ] GC(40) Pause Young (Allocation Failure)
[1.323s][info][gc,heap        ] GC(40) PSYoungGen: 32705K(53760K)->17536K(64512K) Eden: 17408K(17408K)->0K(17408K) From: 15297K(36352K)->17536K(47104K)
[1.323s][info][gc,heap        ] GC(40) ParOldGen: 206495K(252416K)->222023K(252416K)
[1.323s][info][gc,metaspace   ] GC(40) Metaspace: 6302K(6528K)->6302K(6528K) NonClass: 5769K(5888K)->5769K(5888K) Class: 533K(640K)->533K(640K)
[1.323s][info][gc             ] GC(40) Pause Young (Allocation Failure) 233M->233M(309M) 24.372ms
[1.323s][info][gc,cpu         ] GC(40) User=0.08s Sys=0.00s Real=0.02s
[1.342s][info][gc,start       ] GC(41) Pause Young (Allocation Failure)
[1.359s][info][gc,heap        ] GC(41) PSYoungGen: 34944K(64512K)->34944K(60928K) Eden: 17408K(17408K)->0K(16384K) From: 17536K(47104K)->34944K(44544K)
[1.360s][info][gc,heap        ] GC(41) ParOldGen: 222023K(252416K)->222023K(252416K)
[1.360s][info][gc,metaspace   ] GC(41) Metaspace: 6302K(6528K)->6302K(6528K) NonClass: 5769K(5888K)->5769K(5888K) Class: 533K(640K)->533K(640K)
[1.360s][info][gc             ] GC(41) Pause Young (Allocation Failure) 250M->250M(306M) 17.484ms
[1.360s][info][gc,cpu         ] GC(41) User=0.09s Sys=0.00s Real=0.02s
[1.380s][info][gc,start       ] GC(42) Pause Young (Allocation Failure)
[1.403s][info][gc,heap        ] GC(42) PSYoungGen: 51328K(60928K)->48128K(64512K) Eden: 16384K(16384K)->0K(16384K) From: 34944K(44544K)->48128K(48128K)
[1.403s][info][gc,heap        ] GC(42) ParOldGen: 222023K(252416K)->225159K(252416K)
[1.403s][info][gc,metaspace   ] GC(42) Metaspace: 6302K(6528K)->6302K(6528K) NonClass: 5769K(5888K)->5769K(5888K) Class: 533K(640K)->533K(640K)
[1.404s][info][gc             ] GC(42) Pause Young (Allocation Failure) 266M->266M(309M) 23.658ms
[1.404s][info][gc,cpu         ] GC(42) User=0.08s Sys=0.02s Real=0.02s
[1.423s][info][gc,start       ] GC(43) Pause Young (Allocation Failure)
[1.453s][info][gc,heap        ] GC(43) PSYoungGen: 64512K(64512K)->32096K(75776K) Eden: 16384K(16384K)->0K(18944K) From: 48128K(48128K)->32096K(56832K)
[1.454s][info][gc,heap        ] GC(43) ParOldGen: 225159K(252416K)->258151K(258560K)
[1.454s][info][gc,metaspace   ] GC(43) Metaspace: 6302K(6528K)->6302K(6528K) NonClass: 5769K(5888K)->5769K(5888K) Class: 533K(640K)->533K(640K)
[1.454s][info][gc             ] GC(43) Pause Young (Allocation Failure) 282M->283M(326M) 30.875ms
[1.454s][info][gc,cpu         ] GC(43) User=0.09s Sys=0.00s Real=0.03s
[1.454s][info][gc,start       ] GC(44) Pause Full (Ergonomics)
[1.454s][info][gc,phases,start] GC(44) Marking Phase
[1.524s][info][gc,phases      ] GC(44) Marking Phase 70.148ms
[1.524s][info][gc,phases,start] GC(44) Summary Phase
[1.524s][info][gc,phases      ] GC(44) Summary Phase 0.020ms
[1.524s][info][gc,phases,start] GC(44) Adjust Roots
[1.524s][info][gc,phases      ] GC(44) Adjust Roots 0.175ms
[1.524s][info][gc,phases,start] GC(44) Compaction Phase
[1.564s][info][gc,phases      ] GC(44) Compaction Phase 40.344ms
[1.565s][info][gc,phases,start] GC(44) Post Compact
[1.566s][info][gc,phases      ] GC(44) Post Compact 1.600ms
[1.566s][info][gc,heap        ] GC(44) PSYoungGen: 32096K(75776K)->30877K(75776K) Eden: 0K(18944K)->0K(18944K) From: 32096K(56832K)->30877K(56832K)
[1.566s][info][gc,heap        ] GC(44) ParOldGen: 258151K(258560K)->258376K(312320K)
[1.567s][info][gc,metaspace   ] GC(44) Metaspace: 6302K(6528K)->6302K(6528K) NonClass: 5769K(5888K)->5769K(5888K) Class: 533K(640K)->533K(640K)
[1.567s][info][gc             ] GC(44) Pause Full (Ergonomics) 283M->282M(379M) 112.901ms
[1.567s][info][gc,cpu         ] GC(44) User=0.56s Sys=0.00s Real=0.11s
[1.588s][info][gc,start       ] GC(45) Pause Young (Allocation Failure)
[1.619s][info][gc,heap        ] GC(45) PSYoungGen: 49821K(75776K)->34880K(75776K) Eden: 18944K(18944K)->0K(18944K) From: 30877K(56832K)->34880K(56832K)
[1.619s][info][gc,heap        ] GC(45) ParOldGen: 258376K(312320K)->273728K(312320K)
[1.619s][info][gc,metaspace   ] GC(45) Metaspace: 6302K(6528K)->6302K(6528K) NonClass: 5769K(5888K)->5769K(5888K) Class: 533K(640K)->533K(640K)
[1.619s][info][gc             ] GC(45) Pause Young (Allocation Failure) 300M->301M(379M) 31.022ms
[1.619s][info][gc,cpu         ] GC(45) User=0.12s Sys=0.00s Real=0.03s
[1.640s][info][gc,start       ] GC(46) Pause Young (Allocation Failure)
[1.666s][info][gc,heap        ] GC(46) PSYoungGen: 53824K(75776K)->38016K(77824K) Eden: 18944K(18944K)->0K(20480K) From: 34880K(56832K)->38016K(57344K)
[1.666s][info][gc,heap        ] GC(46) ParOldGen: 273728K(312320K)->289768K(312320K)
[1.666s][info][gc,metaspace   ] GC(46) Metaspace: 6302K(6528K)->6302K(6528K) NonClass: 5769K(5888K)->5769K(5888K) Class: 533K(640K)->533K(640K)
[1.666s][info][gc             ] GC(46) Pause Young (Allocation Failure) 319M->320M(381M) 25.509ms
[1.666s][info][gc,cpu         ] GC(46) User=0.14s Sys=0.00s Real=0.03s
[1.666s][info][gc,start       ] GC(47) Pause Full (Ergonomics)
[1.666s][info][gc,phases,start] GC(47) Marking Phase
[1.733s][info][gc,phases      ] GC(47) Marking Phase 67.377ms
[1.733s][info][gc,phases,start] GC(47) Summary Phase
[1.733s][info][gc,phases      ] GC(47) Summary Phase 0.018ms
[1.733s][info][gc,phases,start] GC(47) Adjust Roots
[1.734s][info][gc,phases      ] GC(47) Adjust Roots 0.150ms
[1.734s][info][gc,phases,start] GC(47) Compaction Phase
[1.769s][info][gc,phases      ] GC(47) Compaction Phase 35.552ms
[1.769s][info][gc,phases,start] GC(47) Post Compact
[1.771s][info][gc,phases      ] GC(47) Post Compact 1.490ms
[1.771s][info][gc,heap        ] GC(47) PSYoungGen: 38016K(77824K)->14830K(77824K) Eden: 0K(20480K)->0K(20480K) From: 38016K(57344K)->14830K(57344K)
[1.771s][info][gc,heap        ] GC(47) ParOldGen: 289768K(312320K)->312248K(367616K)
[1.771s][info][gc,metaspace   ] GC(47) Metaspace: 6302K(6528K)->6302K(6528K) NonClass: 5769K(5888K)->5769K(5888K) Class: 533K(640K)->533K(640K)
[1.771s][info][gc             ] GC(47) Pause Full (Ergonomics) 320M->319M(435M) 105.128ms
[1.771s][info][gc,cpu         ] GC(47) User=0.67s Sys=0.00s Real=0.10s
[1.794s][info][gc,start       ] GC(48) Pause Young (Allocation Failure)
[1.823s][info][gc,heap        ] GC(48) PSYoungGen: 35310K(77824K)->29088K(79360K) Eden: 20480K(20480K)->0K(20480K) From: 14830K(57344K)->29088K(58880K)
[1.823s][info][gc,heap        ] GC(48) ParOldGen: 312248K(367616K)->318728K(367616K)
[1.823s][info][gc,metaspace   ] GC(48) Metaspace: 6302K(6528K)->6302K(6528K) NonClass: 5769K(5888K)->5769K(5888K) Class: 533K(640K)->533K(640K)
[1.824s][info][gc             ] GC(48) Pause Young (Allocation Failure) 339M->339M(436M) 29.037ms
[1.824s][info][gc,cpu         ] GC(48) User=0.14s Sys=0.00s Real=0.03s
[1.907s][info][gc,start       ] GC(49) Pause Young (Allocation Failure)
[1.937s][info][gc,heap        ] GC(49) PSYoungGen: 49568K(79360K)->49600K(74240K) Eden: 20480K(20480K)->0K(17408K) From: 29088K(58880K)->49600K(56832K)
[1.937s][info][gc,heap        ] GC(49) ParOldGen: 335112K(367616K)->335112K(367616K)
[1.937s][info][gc,metaspace   ] GC(49) Metaspace: 6302K(6528K)->6302K(6528K) NonClass: 5769K(5888K)->5769K(5888K) Class: 533K(640K)->533K(640K)
[1.937s][info][gc             ] GC(49) Pause Young (Allocation Failure) 375M->375M(431M) 30.586ms
[1.937s][info][gc,cpu         ] GC(49) User=0.14s Sys=0.00s Real=0.03s
[1.956s][info][gc,start       ] GC(50) Pause Young (Allocation Failure)
[1.987s][info][gc,heap        ] GC(50) PSYoungGen: 67008K(74240K)->62464K(79872K) Eden: 17408K(17408K)->0K(17408K) From: 49600K(56832K)->62464K(62464K)
[1.987s][info][gc,heap        ] GC(50) ParOldGen: 335112K(367616K)->339616K(367616K)
[1.987s][info][gc,metaspace   ] GC(50) Metaspace: 6302K(6528K)->6302K(6528K) NonClass: 5769K(5888K)->5769K(5888K) Class: 533K(640K)->533K(640K)
[1.987s][info][gc             ] GC(50) Pause Young (Allocation Failure) 392M->392M(437M) 31.453ms
[1.987s][info][gc,cpu         ] GC(50) User=0.14s Sys=0.00s Real=0.03s
[1.987s][info][gc,start       ] GC(51) Pause Full (Ergonomics)
[1.987s][info][gc,phases,start] GC(51) Marking Phase
[2.074s][info][gc,phases      ] GC(51) Marking Phase 87.018ms
[2.074s][info][gc,phases,start] GC(51) Summary Phase
[2.074s][info][gc,phases      ] GC(51) Summary Phase 0.034ms
[2.074s][info][gc,phases,start] GC(51) Adjust Roots
[2.074s][info][gc,phases      ] GC(51) Adjust Roots 0.199ms
[2.074s][info][gc,phases,start] GC(51) Compaction Phase
[2.144s][info][gc,phases      ] GC(51) Compaction Phase 69.486ms
[2.144s][info][gc,phases,start] GC(51) Post Compact
[2.146s][info][gc,phases      ] GC(51) Post Compact 2.031ms
[2.146s][info][gc,heap        ] GC(51) PSYoungGen: 62464K(79872K)->26053K(79872K) Eden: 0K(17408K)->0K(17408K) From: 62464K(62464K)->26053K(62464K)
[2.146s][info][gc,heap        ] GC(51) ParOldGen: 339616K(367616K)->367494K(422912K)
[2.146s][info][gc,metaspace   ] GC(51) Metaspace: 6302K(6528K)->6302K(6528K) NonClass: 5769K(5888K)->5769K(5888K) Class: 533K(640K)->533K(640K)
[2.146s][info][gc             ] GC(51) Pause Full (Ergonomics) 392M->384M(491M) 159.358ms
[2.146s][info][gc,cpu         ] GC(51) User=0.89s Sys=0.02s Real=0.16s
[2.167s][info][gc,start       ] GC(52) Pause Young (Allocation Failure)
[2.201s][info][gc,heap        ] GC(52) PSYoungGen: 43461K(79872K)->32704K(84480K) Eden: 17408K(17408K)->0K(19456K) From: 26053K(62464K)->32704K(65024K)
[2.202s][info][gc,heap        ] GC(52) ParOldGen: 367494K(422912K)->378542K(422912K)
[2.202s][info][gc,metaspace   ] GC(52) Metaspace: 6302K(6528K)->6302K(6528K) NonClass: 5769K(5888K)->5769K(5888K) Class: 533K(640K)->533K(640K)
[2.202s][info][gc             ] GC(52) Pause Young (Allocation Failure) 401M->401M(495M) 34.589ms
[2.202s][info][gc,cpu         ] GC(52) User=0.25s Sys=0.00s Real=0.04s
[2.221s][info][gc,start       ] GC(53) Pause Young (Allocation Failure)
[2.246s][info][gc,heap        ] GC(53) PSYoungGen: 52160K(84480K)->52224K(88576K) Eden: 19456K(19456K)->0K(19456K) From: 32704K(65024K)->52224K(69120K)
[2.246s][info][gc,heap        ] GC(53) ParOldGen: 378542K(422912K)->378542K(422912K)
[2.246s][info][gc,metaspace   ] GC(53) Metaspace: 6302K(6528K)->6302K(6528K) NonClass: 5769K(5888K)->5769K(5888K) Class: 533K(640K)->533K(640K)
[2.246s][info][gc             ] GC(53) Pause Young (Allocation Failure) 420M->420M(499M) 25.406ms
[2.246s][info][gc,cpu         ] GC(53) User=0.14s Sys=0.00s Real=0.02s
[2.267s][info][gc,start       ] GC(54) Pause Young (Allocation Failure)
[2.303s][info][gc,heap        ] GC(54) PSYoungGen: 71680K(88576K)->71712K(84992K) Eden: 19456K(19456K)->0K(12288K) From: 52224K(69120K)->71712K(72704K)
[2.303s][info][gc,heap        ] GC(54) ParOldGen: 378542K(422912K)->378542K(422912K)
[2.303s][info][gc,metaspace   ] GC(54) Metaspace: 6302K(6528K)->6302K(6528K) NonClass: 5769K(5888K)->5769K(5888K) Class: 533K(640K)->533K(640K)
[2.303s][info][gc             ] GC(54) Pause Young (Allocation Failure) 439M->439M(496M) 35.790ms
[2.303s][info][gc,cpu         ] GC(54) User=0.23s Sys=0.02s Real=0.04s
[2.318s][info][gc,start       ] GC(55) Pause Young (Allocation Failure)
[2.358s][info][gc,heap        ] GC(55) PSYoungGen: 84000K(84992K)->76992K(94720K) Eden: 12288K(12288K)->0K(12288K) From: 71712K(72704K)->76992K(82432K)
[2.358s][info][gc,heap        ] GC(55) ParOldGen: 378542K(422912K)->385638K(422912K)
[2.358s][info][gc,metaspace   ] GC(55) Metaspace: 6302K(6528K)->6302K(6528K) NonClass: 5769K(5888K)->5769K(5888K) Class: 533K(640K)->533K(640K)
[2.358s][info][gc             ] GC(55) Pause Young (Allocation Failure) 451M->451M(505M) 40.602ms
[2.358s][info][gc,cpu         ] GC(55) User=0.27s Sys=0.00s Real=0.04s
[2.371s][info][gc,start       ] GC(56) Pause Young (Allocation Failure)
[2.417s][info][gc,heap        ] GC(56) PSYoungGen: 89280K(94720K)->63680K(103424K) Eden: 12288K(12288K)->0K(11264K) From: 76992K(82432K)->63680K(92160K)
[2.417s][info][gc,heap        ] GC(56) ParOldGen: 385638K(422912K)->411574K(422912K)
[2.417s][info][gc,metaspace   ] GC(56) Metaspace: 6302K(6528K)->6302K(6528K) NonClass: 5769K(5888K)->5769K(5888K) Class: 533K(640K)->533K(640K)
[2.417s][info][gc             ] GC(56) Pause Young (Allocation Failure) 463M->464M(514M) 46.168ms
[2.417s][info][gc,cpu         ] GC(56) User=0.25s Sys=0.02s Real=0.05s
[2.417s][info][gc,start       ] GC(57) Pause Full (Ergonomics)
[2.417s][info][gc,phases,start] GC(57) Marking Phase
[2.518s][info][gc,phases      ] GC(57) Marking Phase 100.228ms
[2.518s][info][gc,phases,start] GC(57) Summary Phase
[2.518s][info][gc,phases      ] GC(57) Summary Phase 0.028ms
[2.518s][info][gc,phases,start] GC(57) Adjust Roots
[2.518s][info][gc,phases      ] GC(57) Adjust Roots 0.158ms
[2.518s][info][gc,phases,start] GC(57) Compaction Phase
[2.574s][info][gc,phases      ] GC(57) Compaction Phase 55.896ms
[2.574s][info][gc,phases,start] GC(57) Post Compact
[2.576s][info][gc,phases      ] GC(57) Post Compact 2.322ms
[2.577s][info][gc,heap        ] GC(57) PSYoungGen: 63680K(103424K)->51609K(103424K) Eden: 0K(11264K)->0K(11264K) From: 63680K(92160K)->51609K(92160K)
[2.577s][info][gc,heap        ] GC(57) ParOldGen: 411574K(422912K)->422674K(480768K)
[2.577s][info][gc,metaspace   ] GC(57) Metaspace: 6302K(6528K)->6302K(6528K) NonClass: 5769K(5888K)->5769K(5888K) Class: 533K(640K)->533K(640K)
[2.577s][info][gc             ] GC(57) Pause Full (Ergonomics) 464M->463M(570M) 159.306ms
[2.577s][info][gc,cpu         ] GC(57) User=1.02s Sys=0.00s Real=0.16s
[2.591s][info][gc,start       ] GC(58) Pause Young (Allocation Failure)
[2.639s][info][gc,heap        ] GC(58) PSYoungGen: 62873K(103424K)->30848K(42496K) Eden: 11264K(11264K)->0K(11264K) From: 51609K(92160K)->30848K(31232K)
[2.639s][info][gc,heap        ] GC(58) ParOldGen: 422674K(480768K)->455330K(480768K)
[2.639s][info][gc,metaspace   ] GC(58) Metaspace: 6302K(6528K)->6302K(6528K) NonClass: 5769K(5888K)->5769K(5888K) Class: 533K(640K)->533K(640K)
[2.639s][info][gc             ] GC(58) Pause Young (Allocation Failure) 474M->474M(511M) 48.774ms
[2.639s][info][gc,cpu         ] GC(58) User=0.23s Sys=0.02s Real=0.05s
[2.640s][info][gc,start       ] GC(59) Pause Full (Ergonomics)
[2.640s][info][gc,phases,start] GC(59) Marking Phase
[2.749s][info][gc,phases      ] GC(59) Marking Phase 109.116ms
[2.749s][info][gc,phases,start] GC(59) Summary Phase
[2.749s][info][gc,phases      ] GC(59) Summary Phase 0.032ms
[2.749s][info][gc,phases,start] GC(59) Adjust Roots
[2.749s][info][gc,phases      ] GC(59) Adjust Roots 0.356ms
[2.749s][info][gc,phases,start] GC(59) Compaction Phase
[2.794s][info][gc,phases      ] GC(59) Compaction Phase 45.086ms
[2.794s][info][gc,phases,start] GC(59) Post Compact
[2.797s][info][gc,phases      ] GC(59) Post Compact 2.377ms
[2.797s][info][gc,heap        ] GC(59) PSYoungGen: 30848K(42496K)->5073K(42496K) Eden: 0K(11264K)->0K(11264K) From: 30848K(31232K)->5073K(31232K)
[2.797s][info][gc,heap        ] GC(59) ParOldGen: 455330K(480768K)->480445K(548864K)
[2.797s][info][gc,metaspace   ] GC(59) Metaspace: 6302K(6528K)->6302K(6528K) NonClass: 5769K(5888K)->5769K(5888K) Class: 533K(640K)->533K(640K)
[2.797s][info][gc             ] GC(59) Pause Full (Ergonomics) 474M->474M(577M) 157.564ms
[2.797s][info][gc,cpu         ] GC(59) User=0.91s Sys=0.02s Real=0.16s
[2.811s][info][gc,start       ] GC(60) Pause Young (Allocation Failure)
[2.838s][info][gc,heap        ] GC(60) PSYoungGen: 16337K(42496K)->13056K(105472K) Eden: 11264K(11264K)->0K(12800K) From: 5073K(31232K)->13056K(92672K)
[2.839s][info][gc,heap        ] GC(60) ParOldGen: 480445K(548864K)->483933K(548864K)
[2.839s][info][gc,metaspace   ] GC(60) Metaspace: 6302K(6528K)->6302K(6528K) NonClass: 5769K(5888K)->5769K(5888K) Class: 533K(640K)->533K(640K)
[2.839s][info][gc             ] GC(60) Pause Young (Allocation Failure) 485M->485M(639M) 27.952ms
[2.839s][info][gc,cpu         ] GC(60) User=0.12s Sys=0.00s Real=0.03s
[2.852s][info][gc,start       ] GC(61) Pause Young (Allocation Failure)
[2.866s][info][gc,heap        ] GC(61) PSYoungGen: 25856K(105472K)->25856K(38912K) Eden: 12800K(12800K)->0K(12800K) From: 13056K(92672K)->25856K(26112K)
[2.866s][info][gc,heap        ] GC(61) ParOldGen: 483933K(548864K)->483933K(548864K)
[2.866s][info][gc,metaspace   ] GC(61) Metaspace: 6302K(6528K)->6302K(6528K) NonClass: 5769K(5888K)->5769K(5888K) Class: 533K(640K)->533K(640K)
[2.866s][info][gc             ] GC(61) Pause Young (Allocation Failure) 497M->497M(574M) 14.198ms
[2.866s][info][gc,cpu         ] GC(61) User=0.02s Sys=0.00s Real=0.01s
[2.880s][info][gc,start       ] GC(62) Pause Young (Allocation Failure)
[2.900s][info][gc,heap        ] GC(62) PSYoungGen: 38656K(38912K)->38624K(94208K) Eden: 12800K(12800K)->0K(14336K) From: 25856K(26112K)->38624K(79872K)
[2.900s][info][gc,heap        ] GC(62) ParOldGen: 483933K(548864K)->483933K(548864K)
[2.900s][info][gc,metaspace   ] GC(62) Metaspace: 6302K(6528K)->6302K(6528K) NonClass: 5769K(5888K)->5769K(5888K) Class: 533K(640K)->533K(640K)
[2.900s][info][gc             ] GC(62) Pause Young (Allocation Failure) 510M->510M(628M) 19.903ms
[2.900s][info][gc,cpu         ] GC(62) User=0.12s Sys=0.00s Real=0.02s
[2.916s][info][gc,start       ] GC(63) Pause Young (Allocation Failure)
[2.941s][info][gc,heap        ] GC(63) PSYoungGen: 52960K(94208K)->51296K(99328K) Eden: 14336K(14336K)->0K(14336K) From: 38624K(79872K)->51296K(84992K)
[2.941s][info][gc,heap        ] GC(63) ParOldGen: 483933K(548864K)->485653K(548864K)
[2.941s][info][gc,metaspace   ] GC(63) Metaspace: 6302K(6528K)->6302K(6528K) NonClass: 5769K(5888K)->5769K(5888K) Class: 533K(640K)->533K(640K)
[2.941s][info][gc             ] GC(63) Pause Young (Allocation Failure) 524M->524M(633M) 25.472ms
[2.941s][info][gc,cpu         ] GC(63) User=0.12s Sys=0.00s Real=0.02s
[2.956s][info][gc,start       ] GC(64) Pause Young (Allocation Failure)
[2.989s][info][gc,heap        ] GC(64) PSYoungGen: 65632K(99328K)->54368K(100352K) Eden: 14336K(14336K)->0K(15360K) From: 51296K(84992K)->54368K(84992K)
[2.989s][info][gc,heap        ] GC(64) ParOldGen: 485653K(548864K)->497077K(548864K)
[2.989s][info][gc,metaspace   ] GC(64) Metaspace: 6302K(6528K)->6302K(6528K) NonClass: 5769K(5888K)->5769K(5888K) Class: 533K(640K)->533K(640K)
[2.989s][info][gc             ] GC(64) Pause Young (Allocation Failure) 538M->538M(634M) 32.549ms
[2.989s][info][gc,cpu         ] GC(64) User=0.17s Sys=0.00s Real=0.03s
[3.007s][info][gc,start       ] GC(65) Pause Young (Allocation Failure)
[3.039s][info][gc,heap        ] GC(65) PSYoungGen: 69728K(100352K)->56960K(101376K) Eden: 15360K(15360K)->0K(15360K) From: 54368K(84992K)->56960K(86016K)
[3.040s][info][gc,heap        ] GC(65) ParOldGen: 497077K(548864K)->510053K(548864K)
[3.040s][info][gc,metaspace   ] GC(65) Metaspace: 6302K(6528K)->6302K(6528K) NonClass: 5769K(5888K)->5769K(5888K) Class: 533K(640K)->533K(640K)
[3.040s][info][gc             ] GC(65) Pause Young (Allocation Failure) 553M->553M(635M) 33.029ms
[3.040s][info][gc,cpu         ] GC(65) User=0.16s Sys=0.00s Real=0.03s
[3.057s][info][gc,start       ] GC(66) Pause Young (Allocation Failure)
[3.093s][info][gc,heap        ] GC(66) PSYoungGen: 72320K(101376K)->45184K(97792K) Eden: 15360K(15360K)->0K(17920K) From: 56960K(86016K)->45184K(79872K)
[3.093s][info][gc,heap        ] GC(66) ParOldGen: 510053K(548864K)->537525K(548864K)
[3.093s][info][gc,metaspace   ] GC(66) Metaspace: 6302K(6528K)->6302K(6528K) NonClass: 5769K(5888K)->5769K(5888K) Class: 533K(640K)->533K(640K)
[3.093s][info][gc             ] GC(66) Pause Young (Allocation Failure) 568M->569M(631M) 36.408ms
[3.093s][info][gc,cpu         ] GC(66) User=0.20s Sys=0.05s Real=0.04s
[3.093s][info][gc,start       ] GC(67) Pause Full (Ergonomics)
[3.093s][info][gc,phases,start] GC(67) Marking Phase
[3.231s][info][gc,phases      ] GC(67) Marking Phase 137.218ms
[3.231s][info][gc,phases,start] GC(67) Summary Phase
[3.231s][info][gc,phases      ] GC(67) Summary Phase 0.025ms
[3.231s][info][gc,phases,start] GC(67) Adjust Roots
[3.231s][info][gc,phases      ] GC(67) Adjust Roots 0.162ms
[3.231s][info][gc,phases,start] GC(67) Compaction Phase
[3.290s][info][gc,phases      ] GC(67) Compaction Phase 59.070ms
[3.290s][info][gc,phases,start] GC(67) Post Compact
[3.291s][info][gc,phases      ] GC(67) Post Compact 0.971ms
[3.291s][info][gc,heap        ] GC(67) PSYoungGen: 45184K(97792K)->32695K(100352K) Eden: 0K(17920K)->0K(20480K) From: 45184K(79872K)->32695K(79872K)
[3.291s][info][gc,heap        ] GC(67) ParOldGen: 537525K(548864K)->548848K(620032K)
[3.292s][info][gc,metaspace   ] GC(67) Metaspace: 6302K(6528K)->6302K(6528K) NonClass: 5769K(5888K)->5769K(5888K) Class: 533K(640K)->533K(640K)
[3.292s][info][gc             ] GC(67) Pause Full (Ergonomics) 569M->567M(703M) 198.075ms
[3.292s][info][gc,cpu         ] GC(67) User=1.33s Sys=0.03s Real=0.20s
[3.314s][info][gc,start       ] GC(68) Pause Young (Allocation Failure)
[3.360s][info][gc,heap        ] GC(68) PSYoungGen: 53175K(100352K)->31808K(103936K) Eden: 20480K(20480K)->0K(20480K) From: 32695K(79872K)->31808K(83456K)
[3.360s][info][gc,heap        ] GC(68) ParOldGen: 548848K(620032K)->570712K(620032K)
[3.360s][info][gc,metaspace   ] GC(68) Metaspace: 6302K(6528K)->6302K(6528K) NonClass: 5769K(5888K)->5769K(5888K) Class: 533K(640K)->533K(640K)
[3.360s][info][gc             ] GC(68) Pause Young (Allocation Failure) 587M->588M(707M) 46.366ms
[3.360s][info][gc,cpu         ] GC(68) User=0.23s Sys=0.03s Real=0.04s
[3.384s][info][gc,start       ] GC(69) Pause Young (Allocation Failure)
[3.411s][info][gc,heap        ] GC(69) PSYoungGen: 52288K(103936K)->41120K(97280K) Eden: 20480K(20480K)->0K(23040K) From: 31808K(83456K)->41120K(74240K)
[3.411s][info][gc,heap        ] GC(69) ParOldGen: 570712K(620032K)->582040K(620032K)
[3.411s][info][gc,metaspace   ] GC(69) Metaspace: 6302K(6528K)->6302K(6528K) NonClass: 5769K(5888K)->5769K(5888K) Class: 533K(640K)->533K(640K)
[3.411s][info][gc             ] GC(69) Pause Young (Allocation Failure) 608M->608M(700M) 26.792ms
[3.411s][info][gc,cpu         ] GC(69) User=0.14s Sys=0.00s Real=0.03s
[3.439s][info][gc,start       ] GC(70) Pause Young (Allocation Failure)
[3.472s][info][gc,heap        ] GC(70) PSYoungGen: 64160K(97280K)->43680K(100864K) Eden: 23040K(23040K)->0K(23040K) From: 41120K(74240K)->43680K(77824K)
[3.472s][info][gc,heap        ] GC(70) ParOldGen: 582040K(620032K)->602792K(620032K)
[3.472s][info][gc,metaspace   ] GC(70) Metaspace: 6302K(6528K)->6302K(6528K) NonClass: 5769K(5888K)->5769K(5888K) Class: 533K(640K)->533K(640K)
[3.472s][info][gc             ] GC(70) Pause Young (Allocation Failure) 631M->631M(704M) 33.323ms
[3.472s][info][gc,cpu         ] GC(70) User=0.16s Sys=0.00s Real=0.03s
[3.472s][info][gc,start       ] GC(71) Pause Full (Ergonomics)
[3.472s][info][gc,phases,start] GC(71) Marking Phase
[3.618s][info][gc,phases      ] GC(71) Marking Phase 146.135ms
[3.619s][info][gc,phases,start] GC(71) Summary Phase
[3.619s][info][gc,phases      ] GC(71) Summary Phase 0.029ms
[3.619s][info][gc,phases,start] GC(71) Adjust Roots
[3.619s][info][gc,phases      ] GC(71) Adjust Roots 0.216ms
[3.619s][info][gc,phases,start] GC(71) Compaction Phase
[3.679s][info][gc,phases      ] GC(71) Compaction Phase 59.964ms
[3.679s][info][gc,phases,start] GC(71) Post Compact
[3.680s][info][gc,phases      ] GC(71) Post Compact 0.984ms
[3.680s][info][gc,heap        ] GC(71) PSYoungGen: 43680K(100864K)->25575K(100864K) Eden: 0K(23040K)->0K(23040K) From: 43680K(77824K)->25575K(77824K)
[3.680s][info][gc,heap        ] GC(71) ParOldGen: 602792K(620032K)->619875K(695296K)
[3.680s][info][gc,metaspace   ] GC(71) Metaspace: 6302K(6528K)->6302K(6528K) NonClass: 5769K(5888K)->5769K(5888K) Class: 533K(640K)->533K(640K)
[3.680s][info][gc             ] GC(71) Pause Full (Ergonomics) 631M->630M(777M) 207.873ms
[3.680s][info][gc,cpu         ] GC(71) User=1.48s Sys=0.00s Real=0.21s
[3.707s][info][gc,start       ] GC(72) Pause Young (Allocation Failure)
[3.755s][info][gc,heap        ] GC(72) PSYoungGen: 48615K(100864K)->36224K(95744K) Eden: 23040K(23040K)->0K(25600K) From: 25575K(77824K)->36224K(70144K)
[3.756s][info][gc,heap        ] GC(72) ParOldGen: 619875K(695296K)->632667K(695296K)
[3.756s][info][gc,metaspace   ] GC(72) Metaspace: 6302K(6528K)->6302K(6528K) NonClass: 5769K(5888K)->5769K(5888K) Class: 533K(640K)->533K(640K)
[3.756s][info][gc             ] GC(72) Pause Young (Allocation Failure) 652M->653M(772M) 48.733ms
[3.756s][info][gc,cpu         ] GC(72) User=0.27s Sys=0.00s Real=0.05s
[3.788s][info][gc,start       ] GC(73) Pause Young (Allocation Failure)
[3.819s][info][gc,heap        ] GC(73) PSYoungGen: 61824K(95744K)->61888K(98304K) Eden: 25600K(25600K)->0K(25600K) From: 36224K(70144K)->61888K(72704K)
[3.819s][info][gc,heap        ] GC(73) ParOldGen: 632667K(695296K)->632667K(695296K)
[3.819s][info][gc,metaspace   ] GC(73) Metaspace: 6302K(6528K)->6302K(6528K) NonClass: 5769K(5888K)->5769K(5888K) Class: 533K(640K)->533K(640K)
[3.819s][info][gc             ] GC(73) Pause Young (Allocation Failure) 678M->678M(775M) 31.053ms
[3.819s][info][gc,cpu         ] GC(73) User=0.14s Sys=0.00s Real=0.03s
[3.987s][info][gc,start       ] GC(74) Pause Full (Ergonomics)
[3.987s][info][gc,phases,start] GC(74) Marking Phase
[4.164s][info][gc,phases      ] GC(74) Marking Phase 176.687ms
[4.164s][info][gc,phases,start] GC(74) Summary Phase
[4.164s][info][gc,phases      ] GC(74) Summary Phase 0.030ms
[4.164s][info][gc,phases,start] GC(74) Adjust Roots
[4.164s][info][gc,phases      ] GC(74) Adjust Roots 0.169ms
[4.164s][info][gc,phases,start] GC(74) Compaction Phase
[4.298s][info][gc,phases      ] GC(74) Compaction Phase 133.552ms
[4.298s][info][gc,phases,start] GC(74) Post Compact
[4.300s][info][gc,phases      ] GC(74) Post Compact 1.625ms
[4.300s][info][gc,heap        ] GC(74) PSYoungGen: 87488K(98304K)->41137K(98304K) Eden: 25600K(25600K)->0K(25600K) From: 61888K(72704K)->41137K(72704K)
[4.300s][info][gc,heap        ] GC(74) ParOldGen: 665435K(695296K)->694842K(771584K)
[4.300s][info][gc,metaspace   ] GC(74) Metaspace: 6302K(6528K)->6302K(6528K) NonClass: 5769K(5888K)->5769K(5888K) Class: 533K(640K)->533K(640K)
[4.300s][info][gc             ] GC(74) Pause Full (Ergonomics) 735M->718M(849M) 312.725ms
[4.300s][info][gc,cpu         ] GC(74) User=1.98s Sys=0.05s Real=0.31s
[4.331s][info][gc,start       ] GC(75) Pause Young (Allocation Failure)
[4.396s][info][gc,heap        ] GC(75) PSYoungGen: 66737K(98304K)->66976K(99840K) Eden: 25600K(25600K)->0K(23040K) From: 41137K(72704K)->66976K(76800K)
[4.396s][info][gc,heap        ] GC(75) ParOldGen: 694842K(771584K)->694842K(771584K)
[4.396s][info][gc,metaspace   ] GC(75) Metaspace: 6302K(6528K)->6302K(6528K) NonClass: 5769K(5888K)->5769K(5888K) Class: 533K(640K)->533K(640K)
[4.396s][info][gc             ] GC(75) Pause Young (Allocation Failure) 743M->743M(851M) 65.074ms
[4.396s][info][gc,cpu         ] GC(75) User=0.33s Sys=0.00s Real=0.06s
[4.421s][info][gc,start       ] GC(76) Pause Young (Allocation Failure)
[4.463s][info][gc,heap        ] GC(76) PSYoungGen: 90016K(99840K)->82432K(105472K) Eden: 23040K(23040K)->0K(23040K) From: 66976K(76800K)->82432K(82432K)
[4.464s][info][gc,heap        ] GC(76) ParOldGen: 694842K(771584K)->702426K(771584K)
[4.464s][info][gc,metaspace   ] GC(76) Metaspace: 6302K(6528K)->6302K(6528K) NonClass: 5769K(5888K)->5769K(5888K) Class: 533K(640K)->533K(640K)
[4.464s][info][gc             ] GC(76) Pause Young (Allocation Failure) 766M->766M(856M) 42.804ms
[4.464s][info][gc,cpu         ] GC(76) User=0.17s Sys=0.00s Real=0.04s
[4.487s][info][gc,start       ] GC(77) Pause Young (Allocation Failure)
[4.541s][info][gc,heap        ] GC(77) PSYoungGen: 105472K(105472K)->81792K(113664K) Eden: 23040K(23040K)->0K(18432K) From: 82432K(82432K)->81792K(95232K)
[4.541s][info][gc,heap        ] GC(77) ParOldGen: 702426K(771584K)->726546K(771584K)
[4.541s][info][gc,metaspace   ] GC(77) Metaspace: 6302K(6528K)->6302K(6528K) NonClass: 5769K(5888K)->5769K(5888K) Class: 533K(640K)->533K(640K)
[4.541s][info][gc             ] GC(77) Pause Young (Allocation Failure) 788M->789M(864M) 54.041ms
[4.541s][info][gc,cpu         ] GC(77) User=0.34s Sys=0.03s Real=0.05s
[4.560s][info][gc,start       ] GC(78) Pause Young (Allocation Failure)
[4.609s][info][gc,heap        ] GC(78) PSYoungGen: 100224K(113664K)->86656K(120832K) Eden: 18432K(18432K)->0K(18432K) From: 81792K(95232K)->86656K(102400K)
[4.609s][info][gc,heap        ] GC(78) ParOldGen: 726546K(771584K)->740242K(771584K)
[4.609s][info][gc,metaspace   ] GC(78) Metaspace: 6302K(6528K)->6302K(6528K) NonClass: 5769K(5888K)->5769K(5888K) Class: 533K(640K)->533K(640K)
[4.609s][info][gc             ] GC(78) Pause Young (Allocation Failure) 807M->807M(871M) 48.933ms
[4.609s][info][gc,cpu         ] GC(78) User=0.23s Sys=0.03s Real=0.05s
[4.629s][info][gc,start       ] GC(79) Pause Young (Allocation Failure)
[4.680s][info][gc,heap        ] GC(79) PSYoungGen: 105088K(120832K)->60096K(122368K) Eden: 18432K(18432K)->0K(20992K) From: 86656K(102400K)->60096K(101376K)
[4.680s][info][gc,heap        ] GC(79) ParOldGen: 740242K(771584K)->785842K(785920K)
[4.680s][info][gc,metaspace   ] GC(79) Metaspace: 6302K(6528K)->6302K(6528K) NonClass: 5769K(5888K)->5769K(5888K) Class: 533K(640K)->533K(640K)
[4.680s][info][gc             ] GC(79) Pause Young (Allocation Failure) 825M->826M(887M) 51.346ms
[4.680s][info][gc,cpu         ] GC(79) User=0.20s Sys=0.09s Real=0.05s
[4.680s][info][gc,start       ] GC(80) Pause Full (Ergonomics)
[4.680s][info][gc,phases,start] GC(80) Marking Phase
[4.871s][info][gc,phases      ] GC(80) Marking Phase 190.572ms
[4.871s][info][gc,phases,start] GC(80) Summary Phase
[4.871s][info][gc,phases      ] GC(80) Summary Phase 0.049ms
[4.871s][info][gc,phases,start] GC(80) Adjust Roots
[4.871s][info][gc,phases      ] GC(80) Adjust Roots 0.250ms
[4.871s][info][gc,phases,start] GC(80) Compaction Phase
[4.969s][info][gc,phases      ] GC(80) Compaction Phase 97.944ms
[4.969s][info][gc,phases,start] GC(80) Post Compact
[4.971s][info][gc,phases      ] GC(80) Post Compact 1.758ms
[4.972s][info][gc,heap        ] GC(80) PSYoungGen: 60096K(122368K)->58790K(125440K) Eden: 0K(20992K)->0K(24064K) From: 60096K(101376K)->58790K(101376K)
[4.972s][info][gc,heap        ] GC(80) ParOldGen: 785842K(785920K)->785574K(877056K)
[4.972s][info][gc,metaspace   ] GC(80) Metaspace: 6302K(6528K)->6302K(6528K) NonClass: 5769K(5888K)->5769K(5888K) Class: 533K(640K)->533K(640K)
[4.972s][info][gc             ] GC(80) Pause Full (Ergonomics) 826M->824M(979M) 291.309ms
[4.972s][info][gc,cpu         ] GC(80) User=1.88s Sys=0.00s Real=0.29s
[4.999s][info][gc,start       ] GC(81) Pause Young (Allocation Failure)
[5.069s][info][gc,heap        ] GC(81) PSYoungGen: 82854K(125440K)->42208K(129536K) Eden: 24064K(24064K)->0K(24064K) From: 58790K(101376K)->42208K(105472K)
[5.069s][info][gc,heap        ] GC(81) ParOldGen: 785574K(877056K)->826998K(877056K)
[5.069s][info][gc,metaspace   ] GC(81) Metaspace: 6302K(6528K)->6302K(6528K) NonClass: 5769K(5888K)->5769K(5888K) Class: 533K(640K)->533K(640K)
[5.069s][info][gc             ] GC(81) Pause Young (Allocation Failure) 848M->848M(983M) 70.589ms
[5.069s][info][gc,cpu         ] GC(81) User=0.42s Sys=0.02s Real=0.07s
[5.095s][info][gc,start       ] GC(82) Pause Young (Allocation Failure)
[5.129s][info][gc,heap        ] GC(82) PSYoungGen: 66272K(129536K)->48352K(123392K) Eden: 24064K(24064K)->0K(27136K) From: 42208K(105472K)->48352K(96256K)
[5.129s][info][gc,heap        ] GC(82) ParOldGen: 826998K(877056K)->845238K(877056K)
[5.129s][info][gc,metaspace   ] GC(82) Metaspace: 6302K(6528K)->6302K(6528K) NonClass: 5769K(5888K)->5769K(5888K) Class: 533K(640K)->533K(640K)
[5.129s][info][gc             ] GC(82) Pause Young (Allocation Failure) 872M->872M(977M) 34.407ms
[5.129s][info][gc,cpu         ] GC(82) User=0.25s Sys=0.00s Real=0.03s
[5.129s][info][gc,start       ] GC(83) Pause Full (Ergonomics)
[5.129s][info][gc,phases,start] GC(83) Marking Phase
[5.336s][info][gc,phases      ] GC(83) Marking Phase 207.106ms
[5.336s][info][gc,phases,start] GC(83) Summary Phase
[5.336s][info][gc,phases      ] GC(83) Summary Phase 0.024ms
[5.336s][info][gc,phases,start] GC(83) Adjust Roots
[5.337s][info][gc,phases      ] GC(83) Adjust Roots 0.155ms
[5.337s][info][gc,phases,start] GC(83) Compaction Phase
[5.430s][info][gc,phases      ] GC(83) Compaction Phase 93.116ms
[5.430s][info][gc,phases,start] GC(83) Post Compact
[5.432s][info][gc,phases      ] GC(83) Post Compact 1.735ms
[5.432s][info][gc,heap        ] GC(83) PSYoungGen: 48352K(123392K)->15879K(126464K) Eden: 0K(27136K)->0K(30208K) From: 48352K(96256K)->15879K(96256K)
[5.432s][info][gc,heap        ] GC(83) ParOldGen: 845238K(877056K)->876552K(977920K)
[5.432s][info][gc,metaspace   ] GC(83) Metaspace: 6302K(6528K)->6302K(6528K) NonClass: 5769K(5888K)->5769K(5888K) Class: 533K(640K)->533K(640K)
[5.432s][info][gc             ] GC(83) Pause Full (Ergonomics) 872M->871M(1078M) 302.957ms
[5.432s][info][gc,cpu         ] GC(83) User=1.97s Sys=0.06s Real=0.30s
[5.468s][info][gc,start       ] GC(84) Pause Young (Allocation Failure)
[5.530s][info][gc,heap        ] GC(84) PSYoungGen: 46087K(126464K)->36832K(130048K) Eden: 30208K(30208K)->0K(30208K) From: 15879K(96256K)->36832K(99840K)
[5.530s][info][gc,heap        ] GC(84) ParOldGen: 876552K(977920K)->886112K(977920K)
[5.530s][info][gc,metaspace   ] GC(84) Metaspace: 6302K(6528K)->6302K(6528K) NonClass: 5769K(5888K)->5769K(5888K) Class: 533K(640K)->533K(640K)
[5.530s][info][gc             ] GC(84) Pause Young (Allocation Failure) 901M->901M(1082M) 62.170ms
[5.530s][info][gc,cpu         ] GC(84) User=0.36s Sys=0.00s Real=0.06s
[5.564s][info][gc,start       ] GC(85) Pause Young (Allocation Failure)
[5.599s][info][gc,heap        ] GC(85) PSYoungGen: 67040K(130048K)->67072K(130560K) Eden: 30208K(30208K)->0K(32256K) From: 36832K(99840K)->67072K(98304K)
[5.599s][info][gc,heap        ] GC(85) ParOldGen: 886112K(977920K)->886112K(977920K)
[5.599s][info][gc,metaspace   ] GC(85) Metaspace: 6302K(6528K)->6302K(6528K) NonClass: 5769K(5888K)->5769K(5888K) Class: 533K(640K)->533K(640K)
[5.599s][info][gc             ] GC(85) Pause Young (Allocation Failure) 930M->930M(1082M) 34.656ms
[5.599s][info][gc,cpu         ] GC(85) User=0.17s Sys=0.00s Real=0.03s
[5.637s][info][gc,start       ] GC(86) Pause Young (Allocation Failure)
[5.687s][info][gc,heap        ] GC(86) PSYoungGen: 99328K(130560K)->99328K(131584K) Eden: 32256K(32256K)->0K(32256K) From: 67072K(98304K)->99328K(99328K)
[5.687s][info][gc,heap        ] GC(86) ParOldGen: 886112K(977920K)->886128K(977920K)
[5.687s][info][gc,metaspace   ] GC(86) Metaspace: 6302K(6528K)->6302K(6528K) NonClass: 5769K(5888K)->5769K(5888K) Class: 533K(640K)->533K(640K)
[5.687s][info][gc             ] GC(86) Pause Young (Allocation Failure) 962M->962M(1083M) 50.261ms
[5.687s][info][gc,cpu         ] GC(86) User=0.27s Sys=0.00s Real=0.05s
[5.723s][info][gc,start       ] GC(87) Pause Young (Allocation Failure)
[5.801s][info][gc,heap        ] GC(87) PSYoungGen: 131584K(131584K)->94944K(138752K) Eden: 32256K(32256K)->0K(27648K) From: 99328K(99328K)->94944K(111104K)
[5.801s][info][gc,heap        ] GC(87) ParOldGen: 886128K(977920K)->923288K(977920K)
[5.801s][info][gc,metaspace   ] GC(87) Metaspace: 6302K(6528K)->6302K(6528K) NonClass: 5769K(5888K)->5769K(5888K) Class: 533K(640K)->533K(640K)
[5.801s][info][gc             ] GC(87) Pause Young (Allocation Failure) 993M->994M(1090M) 78.016ms
[5.801s][info][gc,cpu         ] GC(87) User=0.45s Sys=0.03s Real=0.08s
[5.833s][info][gc,start       ] GC(88) Pause Young (Allocation Failure)
[5.904s][info][gc,heap        ] GC(88) PSYoungGen: 122592K(138752K)->92416K(146944K) Eden: 27648K(27648K)->0K(27648K) From: 94944K(111104K)->92416K(119296K)
[5.904s][info][gc,heap        ] GC(88) ParOldGen: 923288K(977920K)->953888K(977920K)
[5.904s][info][gc,metaspace   ] GC(88) Metaspace: 6302K(6528K)->6302K(6528K) NonClass: 5769K(5888K)->5769K(5888K) Class: 533K(640K)->533K(640K)
[5.904s][info][gc             ] GC(88) Pause Young (Allocation Failure) 1021M->1021M(1098M) 71.133ms
[5.904s][info][gc,cpu         ] GC(88) User=0.48s Sys=0.02s Real=0.07s
[5.904s][info][gc,start       ] GC(89) Pause Full (Ergonomics)
[5.904s][info][gc,phases,start] GC(89) Marking Phase
[6.116s][info][gc,phases      ] GC(89) Marking Phase 211.757ms
[6.116s][info][gc,phases,start] GC(89) Summary Phase
[6.116s][info][gc,phases      ] GC(89) Summary Phase 0.040ms
[6.116s][info][gc,phases,start] GC(89) Adjust Roots
[6.117s][info][gc,phases      ] GC(89) Adjust Roots 0.289ms
[6.117s][info][gc,phases,start] GC(89) Compaction Phase
[6.254s][info][gc,phases      ] GC(89) Compaction Phase 137.316ms
[6.254s][info][gc,phases,start] GC(89) Post Compact
[6.256s][info][gc,phases      ] GC(89) Post Compact 2.124ms
[6.257s][info][gc,heap        ] GC(89) PSYoungGen: 92416K(146944K)->67022K(146944K) Eden: 0K(27648K)->0K(27648K) From: 92416K(119296K)->67022K(119296K)
[6.257s][info][gc,heap        ] GC(89) ParOldGen: 953888K(977920K)->977821K(1089536K)
[6.257s][info][gc,metaspace   ] GC(89) Metaspace: 6302K(6528K)->6302K(6528K) NonClass: 5769K(5888K)->5769K(5888K) Class: 533K(640K)->533K(640K)
[6.257s][info][gc             ] GC(89) Pause Full (Ergonomics) 1021M->1020M(1207M) 352.287ms
[6.257s][info][gc,cpu         ] GC(89) User=2.20s Sys=0.06s Real=0.35s
[6.287s][info][gc,start       ] GC(90) Pause Young (Allocation Failure)
[6.395s][info][gc,heap        ] GC(90) PSYoungGen: 94670K(146944K)->71232K(146944K) Eden: 27648K(27648K)->0K(30720K) From: 67022K(119296K)->71232K(116224K)
[6.395s][info][gc,heap        ] GC(90) ParOldGen: 977821K(1089536K)->1001821K(1089536K)
[6.395s][info][gc,metaspace   ] GC(90) Metaspace: 6302K(6528K)->6302K(6528K) NonClass: 5769K(5888K)->5769K(5888K) Class: 533K(640K)->533K(640K)
[6.395s][info][gc             ] GC(90) Pause Young (Allocation Failure) 1047M->1047M(1207M) 108.049ms
[6.395s][info][gc,cpu         ] GC(90) User=0.56s Sys=0.08s Real=0.11s
[6.430s][info][gc,start       ] GC(91) Pause Young (Allocation Failure)
[6.502s][info][gc,heap        ] GC(91) PSYoungGen: 101952K(146944K)->78848K(151552K) Eden: 30720K(30720K)->0K(30720K) From: 71232K(116224K)->78848K(120832K)
[6.502s][info][gc,heap        ] GC(91) ParOldGen: 1001821K(1089536K)->1025293K(1089536K)
[6.502s][info][gc,metaspace   ] GC(91) Metaspace: 6302K(6528K)->6302K(6528K) NonClass: 5769K(5888K)->5769K(5888K) Class: 533K(640K)->533K(640K)
[6.502s][info][gc             ] GC(91) Pause Young (Allocation Failure) 1077M->1078M(1212M) 71.687ms
[6.502s][info][gc,cpu         ] GC(91) User=0.45s Sys=0.02s Real=0.07s
[6.535s][info][gc,start       ] GC(92) Pause Young (Allocation Failure)
[6.596s][info][gc,heap        ] GC(92) PSYoungGen: 109568K(151552K)->89312K(152064K) Eden: 30720K(30720K)->0K(31744K) From: 78848K(120832K)->89312K(120320K)
[6.596s][info][gc,heap        ] GC(92) ParOldGen: 1025293K(1089536K)->1045869K(1089536K)
[6.596s][info][gc,metaspace   ] GC(92) Metaspace: 6302K(6528K)->6302K(6528K) NonClass: 5769K(5888K)->5769K(5888K) Class: 533K(640K)->533K(640K)
[6.596s][info][gc             ] GC(92) Pause Young (Allocation Failure) 1108M->1108M(1212M) 61.003ms
[6.596s][info][gc,cpu         ] GC(92) User=0.28s Sys=0.02s Real=0.06s
[6.596s][info][gc,start       ] GC(93) Pause Full (Ergonomics)
[6.596s][info][gc,phases,start] GC(93) Marking Phase
[6.877s][info][gc,phases      ] GC(93) Marking Phase 281.513ms
[6.877s][info][gc,phases,start] GC(93) Summary Phase
[6.877s][info][gc,phases      ] GC(93) Summary Phase 0.047ms
[6.877s][info][gc,phases,start] GC(93) Adjust Roots
[6.878s][info][gc,phases      ] GC(93) Adjust Roots 0.275ms
[6.878s][info][gc,phases,start] GC(93) Compaction Phase
[6.995s][info][gc,phases      ] GC(93) Compaction Phase 116.856ms
[6.995s][info][gc,phases,start] GC(93) Post Compact
[6.997s][info][gc,phases      ] GC(93) Post Compact 2.712ms
[6.998s][info][gc,heap        ] GC(93) PSYoungGen: 89312K(152064K)->44544K(152064K) Eden: 0K(31744K)->0K(31744K) From: 89312K(120320K)->44544K(120320K)
[6.998s][info][gc,heap        ] GC(93) ParOldGen: 1045869K(1089536K)->1089298K(1203200K)
[6.998s][info][gc,metaspace   ] GC(93) Metaspace: 6302K(6528K)->6302K(6528K) NonClass: 5769K(5888K)->5769K(5888K) Class: 533K(640K)->533K(640K)
[6.998s][info][gc             ] GC(93) Pause Full (Ergonomics) 1108M->1107M(1323M) 402.212ms
[6.998s][info][gc,cpu         ] GC(93) User=2.72s Sys=0.05s Real=0.40s
[7.033s][info][gc,start       ] GC(94) Pause Young (Allocation Failure)
[7.125s][info][gc,heap        ] GC(94) PSYoungGen: 76288K(152064K)->47296K(154624K) Eden: 31744K(31744K)->0K(31744K) From: 44544K(120320K)->47296K(122880K)
[7.125s][info][gc,heap        ] GC(94) ParOldGen: 1089298K(1203200K)->1118914K(1203200K)
[7.125s][info][gc,metaspace   ] GC(94) Metaspace: 6302K(6528K)->6302K(6528K) NonClass: 5769K(5888K)->5769K(5888K) Class: 533K(640K)->533K(640K)
[7.125s][info][gc             ] GC(94) Pause Young (Allocation Failure) 1138M->1138M(1326M) 91.725ms
[7.125s][info][gc,cpu         ] GC(94) User=0.62s Sys=0.00s Real=0.09s
[7.163s][info][gc,start       ] GC(95) Pause Young (Allocation Failure)
[7.205s][info][gc,heap        ] GC(95) PSYoungGen: 79040K(154624K)->79072K(154624K) Eden: 31744K(31744K)->0K(35328K) From: 47296K(122880K)->79072K(119296K)
[7.205s][info][gc,heap        ] GC(95) ParOldGen: 1118914K(1203200K)->1118914K(1203200K)
[7.205s][info][gc,metaspace   ] GC(95) Metaspace: 6302K(6528K)->6302K(6528K) NonClass: 5769K(5888K)->5769K(5888K) Class: 533K(640K)->533K(640K)
[7.205s][info][gc             ] GC(95) Pause Young (Allocation Failure) 1169M->1169M(1326M) 42.804ms
[7.205s][info][gc,cpu         ] GC(95) User=0.23s Sys=0.00s Real=0.04s
[7.248s][info][gc,start       ] GC(96) Pause Young (Allocation Failure)
[7.315s][info][gc,heap        ] GC(96) PSYoungGen: 114400K(154624K)->99072K(155648K) Eden: 35328K(35328K)->0K(35328K) From: 79072K(119296K)->99072K(120320K)
[7.315s][info][gc,heap        ] GC(96) ParOldGen: 1118914K(1203200K)->1134466K(1203200K)
[7.315s][info][gc,metaspace   ] GC(96) Metaspace: 6302K(6528K)->6302K(6528K) NonClass: 5769K(5888K)->5769K(5888K) Class: 533K(640K)->533K(640K)
[7.315s][info][gc             ] GC(96) Pause Young (Allocation Failure) 1204M->1204M(1327M) 66.858ms
[7.315s][info][gc,cpu         ] GC(96) User=0.36s Sys=0.02s Real=0.07s
[7.356s][info][gc,start       ] GC(97) Pause Young (Allocation Failure)
[7.439s][info][gc,heap        ] GC(97) PSYoungGen: 134400K(155648K)->102624K(159744K) Eden: 35328K(35328K)->0K(33280K) From: 99072K(120320K)->102624K(126464K)
[7.439s][info][gc,heap        ] GC(97) ParOldGen: 1134466K(1203200K)->1166650K(1203200K)
[7.439s][info][gc,metaspace   ] GC(97) Metaspace: 6302K(6528K)->6302K(6528K) NonClass: 5769K(5888K)->5769K(5888K) Class: 533K(640K)->533K(640K)
[7.439s][info][gc             ] GC(97) Pause Young (Allocation Failure) 1239M->1239M(1331M) 82.721ms
[7.439s][info][gc,cpu         ] GC(97) User=0.45s Sys=0.00s Real=0.08s
[7.439s][info][gc,start       ] GC(98) Pause Full (Ergonomics)
[7.439s][info][gc,phases,start] GC(98) Marking Phase
[7.734s][info][gc,phases      ] GC(98) Marking Phase 295.132ms
[7.734s][info][gc,phases,start] GC(98) Summary Phase
[7.734s][info][gc,phases      ] GC(98) Summary Phase 0.049ms
[7.734s][info][gc,phases,start] GC(98) Adjust Roots
[7.735s][info][gc,phases      ] GC(98) Adjust Roots 0.256ms
[7.735s][info][gc,phases,start] GC(98) Compaction Phase
[7.844s][info][gc,phases      ] GC(98) Compaction Phase 109.708ms
[7.844s][info][gc,phases,start] GC(98) Post Compact
[7.847s][info][gc,phases      ] GC(98) Post Compact 2.218ms
[7.847s][info][gc,heap        ] GC(98) PSYoungGen: 102624K(159744K)->65004K(159744K) Eden: 0K(33280K)->0K(33280K) From: 102624K(126464K)->65004K(126464K)
[7.847s][info][gc,heap        ] GC(98) ParOldGen: 1166650K(1203200K)->1202856K(1323520K)
[7.847s][info][gc,metaspace   ] GC(98) Metaspace: 6302K(6528K)->6302K(6528K) NonClass: 5769K(5888K)->5769K(5888K) Class: 533K(640K)->533K(640K)
[7.847s][info][gc             ] GC(98) Pause Full (Ergonomics) 1239M->1238M(1448M) 408.205ms
[7.847s][info][gc,cpu         ] GC(98) User=2.98s Sys=0.02s Real=0.41s
[7.888s][info][gc,start       ] GC(99) Pause Young (Allocation Failure)
[7.993s][info][gc,heap        ] GC(99) PSYoungGen: 98284K(159744K)->78176K(111616K) Eden: 33280K(33280K)->0K(33280K) From: 65004K(126464K)->78176K(78336K)
[7.993s][info][gc,heap        ] GC(99) ParOldGen: 1202856K(1323520K)->1223504K(1323520K)
[7.993s][info][gc,metaspace   ] GC(99) Metaspace: 6302K(6528K)->6302K(6528K) NonClass: 5769K(5888K)->5769K(5888K) Class: 533K(640K)->533K(640K)
[7.993s][info][gc             ] GC(99) Pause Young (Allocation Failure) 1270M->1271M(1401M) 105.781ms
[7.993s][info][gc,cpu         ] GC(99) User=0.62s Sys=0.00s Real=0.11s
[8.020s][info][gc,start       ] GC(100) Pause Young (Allocation Failure)
[8.081s][info][gc,heap        ] GC(100) PSYoungGen: 111456K(111616K)->73536K(154624K) Eden: 33280K(33280K)->0K(36864K) From: 78176K(78336K)->73536K(117760K)
[8.081s][info][gc,heap        ] GC(100) ParOldGen: 1223504K(1323520K)->1245768K(1323520K)
[8.081s][info][gc,metaspace   ] GC(100) Metaspace: 6302K(6528K)->6302K(6528K) NonClass: 5769K(5888K)->5769K(5888K) Class: 533K(640K)->533K(640K)
[8.081s][info][gc             ] GC(100) Pause Young (Allocation Failure) 1303M->1288M(1443M) 61.418ms
[8.081s][info][gc,cpu         ] GC(100) User=0.38s Sys=0.00s Real=0.06s
[8.127s][info][gc,start       ] GC(101) Pause Young (Allocation Failure)
[8.191s][info][gc,heap        ] GC(101) PSYoungGen: 110400K(154624K)->87040K(159744K) Eden: 36864K(36864K)->0K(36864K) From: 73536K(117760K)->87040K(122880K)
[8.191s][info][gc,heap        ] GC(101) ParOldGen: 1245768K(1323520K)->1268816K(1323520K)
[8.191s][info][gc,metaspace   ] GC(101) Metaspace: 6302K(6528K)->6302K(6528K) NonClass: 5769K(5888K)->5769K(5888K) Class: 533K(640K)->533K(640K)
[8.191s][info][gc             ] GC(101) Pause Young (Allocation Failure) 1324M->1324M(1448M) 63.537ms
[8.191s][info][gc,cpu         ] GC(101) User=0.31s Sys=0.00s Real=0.06s
[8.234s][info][gc,start       ] GC(102) Pause Young (Allocation Failure)
[8.309s][info][gc,heap        ] GC(102) PSYoungGen: 123904K(159744K)->90560K(163328K) Eden: 36864K(36864K)->0K(40448K) From: 87040K(122880K)->90560K(122880K)
[8.309s][info][gc,heap        ] GC(102) ParOldGen: 1268816K(1323520K)->1302576K(1323520K)
[8.309s][info][gc,metaspace   ] GC(102) Metaspace: 6302K(6528K)->6302K(6528K) NonClass: 5769K(5888K)->5769K(5888K) Class: 533K(640K)->533K(640K)
[8.310s][info][gc             ] GC(102) Pause Young (Allocation Failure) 1360M->1360M(1452M) 75.056ms
[8.310s][info][gc,cpu         ] GC(102) User=0.44s Sys=0.03s Real=0.08s
[8.310s][info][gc,start       ] GC(103) Pause Full (Ergonomics)
[8.310s][info][gc,phases,start] GC(103) Marking Phase
[8.657s][info][gc,phases      ] GC(103) Marking Phase 346.904ms
[8.657s][info][gc,phases,start] GC(103) Summary Phase
[8.657s][info][gc,phases      ] GC(103) Summary Phase 0.051ms
[8.657s][info][gc,phases,start] GC(103) Adjust Roots
[8.657s][info][gc,phases      ] GC(103) Adjust Roots 0.377ms
[8.657s][info][gc,phases,start] GC(103) Compaction Phase
[9.029s][info][gc,phases      ] GC(103) Compaction Phase 371.938ms
[9.029s][info][gc,phases,start] GC(103) Post Compact
[9.032s][info][gc,phases      ] GC(103) Post Compact 2.863ms
[9.033s][info][gc,heap        ] GC(103) PSYoungGen: 90560K(163328K)->68293K(163328K) Eden: 0K(40448K)->0K(40448K) From: 90560K(122880K)->68293K(122880K)
[9.033s][info][gc,heap        ] GC(103) ParOldGen: 1302576K(1323520K)->1323084K(1450496K)
[9.033s][info][gc,metaspace   ] GC(103) Metaspace: 6302K(6528K)->6302K(6528K) NonClass: 5769K(5888K)->5769K(5888K) Class: 533K(640K)->533K(640K)
[9.033s][info][gc             ] GC(103) Pause Full (Ergonomics) 1360M->1358M(1576M) 723.075ms
[9.033s][info][gc,cpu         ] GC(103) User=4.45s Sys=0.02s Real=0.72s
[9.305s][info][gc,start       ] GC(104) Pause Young (Allocation Failure)
[9.406s][info][gc,heap        ] GC(104) PSYoungGen: 108741K(163328K)->68352K(163840K) Eden: 40448K(40448K)->0K(40448K) From: 68293K(122880K)->68352K(123392K)
[9.406s][info][gc,heap        ] GC(104) ParOldGen: 1388620K(1450496K)->1429804K(1450496K)
[9.406s][info][gc,metaspace   ] GC(104) Metaspace: 6302K(6528K)->6302K(6528K) NonClass: 5769K(5888K)->5769K(5888K) Class: 533K(640K)->533K(640K)
[9.406s][info][gc             ] GC(104) Pause Young (Allocation Failure) 1462M->1463M(1576M) 101.441ms
[9.406s][info][gc,cpu         ] GC(104) User=0.86s Sys=0.00s Real=0.10s
[9.406s][info][gc,start       ] GC(105) Pause Full (Ergonomics)
[9.406s][info][gc,phases,start] GC(105) Marking Phase
[9.732s][info][gc,phases      ] GC(105) Marking Phase 325.186ms
[9.732s][info][gc,phases,start] GC(105) Summary Phase
[9.732s][info][gc,phases      ] GC(105) Summary Phase 0.037ms
[9.732s][info][gc,phases,start] GC(105) Adjust Roots
[9.732s][info][gc,phases      ] GC(105) Adjust Roots 0.207ms
[9.732s][info][gc,phases,start] GC(105) Compaction Phase
[9.975s][info][gc,phases      ] GC(105) Compaction Phase 243.423ms
[9.975s][info][gc,phases,start] GC(105) Post Compact
[9.978s][info][gc,phases      ] GC(105) Post Compact 3.077ms
[9.979s][info][gc,heap        ] GC(105) PSYoungGen: 68352K(163840K)->14430K(163840K) Eden: 0K(40448K)->0K(40448K) From: 68352K(123392K)->14430K(123392K)
[9.979s][info][gc,heap        ] GC(105) ParOldGen: 1429804K(1450496K)->1450133K(1592320K)
[9.979s][info][gc,metaspace   ] GC(105) Metaspace: 6302K(6528K)->6302K(6528K) NonClass: 5769K(5888K)->5769K(5888K) Class: 533K(640K)->533K(640K)
[9.979s][info][gc             ] GC(105) Pause Full (Ergonomics) 1463M->1430M(1715M) 572.858ms
[9.979s][info][gc,cpu         ] GC(105) User=3.44s Sys=0.03s Real=0.57s
[10.020s][info][gc,start       ] GC(106) Pause Young (Allocation Failure)
[10.111s][info][gc,heap        ] GC(106) PSYoungGen: 54878K(163840K)->55104K(162816K) Eden: 40448K(40448K)->0K(44032K) From: 14430K(123392K)->55104K(118784K)
[10.111s][info][gc,heap        ] GC(106) ParOldGen: 1450133K(1592320K)->1450133K(1592320K)
[10.111s][info][gc,metaspace   ] GC(106) Metaspace: 6302K(6528K)->6302K(6528K) NonClass: 5769K(5888K)->5769K(5888K) Class: 533K(640K)->533K(640K)
[10.111s][info][gc             ] GC(106) Pause Young (Allocation Failure) 1469M->1469M(1714M) 90.726ms
[10.111s][info][gc,cpu         ] GC(106) User=0.52s Sys=0.00s Real=0.09s
[10.154s][info][gc,start       ] GC(107) Pause Young (Allocation Failure)
[10.205s][info][gc,heap        ] GC(107) PSYoungGen: 99136K(162816K)->99168K(163840K) Eden: 44032K(44032K)->0K(44032K) From: 55104K(118784K)->99168K(119808K)
[10.205s][info][gc,heap        ] GC(107) ParOldGen: 1450133K(1592320K)->1450133K(1592320K)
[10.205s][info][gc,metaspace   ] GC(107) Metaspace: 6302K(6528K)->6302K(6528K) NonClass: 5769K(5888K)->5769K(5888K) Class: 533K(640K)->533K(640K)
[10.205s][info][gc             ] GC(107) Pause Young (Allocation Failure) 1512M->1512M(1715M) 50.803ms
[10.205s][info][gc,cpu         ] GC(107) User=0.36s Sys=0.00s Real=0.05s
[10.254s][info][gc,start       ] GC(108) Pause Young (Allocation Failure)
[10.324s][info][gc,heap        ] GC(108) PSYoungGen: 143200K(163840K)->124416K(152576K) Eden: 44032K(44032K)->0K(28160K) From: 99168K(119808K)->124416K(124416K)
[10.324s][info][gc,heap        ] GC(108) ParOldGen: 1450133K(1592320K)->1469109K(1592320K)
[10.324s][info][gc,metaspace   ] GC(108) Metaspace: 6302K(6528K)->6302K(6528K) NonClass: 5769K(5888K)->5769K(5888K) Class: 533K(640K)->533K(640K)
[10.324s][info][gc             ] GC(108) Pause Young (Allocation Failure) 1555M->1556M(1704M) 69.781ms
[10.324s][info][gc,cpu         ] GC(108) User=0.45s Sys=0.03s Real=0.07s
[10.352s][info][gc,start       ] GC(109) Pause Young (Allocation Failure)
[10.428s][info][gc,heap        ] GC(109) PSYoungGen: 152576K(152576K)->144384K(172544K) Eden: 28160K(28160K)->0K(28160K) From: 124416K(124416K)->144384K(144384K)
[10.428s][info][gc,heap        ] GC(109) ParOldGen: 1469109K(1592320K)->1477453K(1592320K)
[10.428s][info][gc,metaspace   ] GC(109) Metaspace: 6302K(6528K)->6302K(6528K) NonClass: 5769K(5888K)->5769K(5888K) Class: 533K(640K)->533K(640K)
[10.428s][info][gc             ] GC(109) Pause Young (Allocation Failure) 1583M->1583M(1723M) 75.817ms
[10.428s][info][gc,cpu         ] GC(109) User=0.61s Sys=0.02s Real=0.08s
[10.455s][info][gc,start       ] GC(110) Pause Young (Allocation Failure)
[10.549s][info][gc,heap        ] GC(110) PSYoungGen: 172544K(172544K)->94272K(183808K) Eden: 28160K(28160K)->0K(31744K) From: 144384K(144384K)->94272K(152064K)
[10.549s][info][gc,heap        ] GC(110) ParOldGen: 1477453K(1592320K)->1556853K(1592320K)
[10.549s][info][gc,metaspace   ] GC(110) Metaspace: 6302K(6528K)->6302K(6528K) NonClass: 5769K(5888K)->5769K(5888K) Class: 533K(640K)->533K(640K)
[10.549s][info][gc             ] GC(110) Pause Young (Allocation Failure) 1611M->1612M(1734M) 94.017ms
[10.549s][info][gc,cpu         ] GC(110) User=0.56s Sys=0.05s Real=0.09s
[10.549s][info][gc,start       ] GC(111) Pause Full (Ergonomics)
[10.549s][info][gc,phases,start] GC(111) Marking Phase
[10.996s][info][gc,phases      ] GC(111) Marking Phase 446.737ms
[10.996s][info][gc,phases,start] GC(111) Summary Phase
[10.996s][info][gc,phases      ] GC(111) Summary Phase 0.067ms
[10.996s][info][gc,phases,start] GC(111) Adjust Roots
[10.997s][info][gc,phases      ] GC(111) Adjust Roots 0.331ms
[10.997s][info][gc,phases,start] GC(111) Compaction Phase
[11.187s][info][gc,phases      ] GC(111) Compaction Phase 190.483ms
[11.187s][info][gc,phases,start] GC(111) Post Compact
[11.191s][info][gc,phases      ] GC(111) Post Compact 3.928ms
[11.192s][info][gc,heap        ] GC(111) PSYoungGen: 94272K(183808K)->57102K(187904K) Eden: 0K(31744K)->0K(35840K) From: 94272K(152064K)->57102K(152064K)
[11.192s][info][gc,heap        ] GC(111) ParOldGen: 1556853K(1592320K)->1592141K(1758208K)
[11.192s][info][gc,metaspace   ] GC(111) Metaspace: 6302K(6528K)->6302K(6528K) NonClass: 5769K(5888K)->5769K(5888K) Class: 533K(640K)->533K(640K)
[11.192s][info][gc             ] GC(111) Pause Full (Ergonomics) 1612M->1610M(1900M) 642.555ms
[11.192s][info][gc,cpu         ] GC(111) User=3.66s Sys=0.03s Real=0.64s
[11.230s][info][gc,start       ] GC(112) Pause Young (Allocation Failure)
[11.346s][info][gc,heap        ] GC(112) PSYoungGen: 92942K(187904K)->71744K(193536K) Eden: 35840K(35840K)->0K(35840K) From: 57102K(152064K)->71744K(157696K)
[11.346s][info][gc,heap        ] GC(112) ParOldGen: 1592141K(1758208K)->1613869K(1758208K)
[11.346s][info][gc,metaspace   ] GC(112) Metaspace: 6302K(6528K)->6302K(6528K) NonClass: 5769K(5888K)->5769K(5888K) Class: 533K(640K)->533K(640K)
[11.346s][info][gc             ] GC(112) Pause Young (Allocation Failure) 1645M->1646M(1906M) 115.988ms
[11.346s][info][gc,cpu         ] GC(112) User=0.73s Sys=0.00s Real=0.12s
[11.383s][info][gc,start       ] GC(113) Pause Young (Allocation Failure)
[11.437s][info][gc,heap        ] GC(113) PSYoungGen: 107584K(193536K)->107616K(194048K) Eden: 35840K(35840K)->0K(39424K) From: 71744K(157696K)->107616K(154624K)
[11.437s][info][gc,heap        ] GC(113) ParOldGen: 1613869K(1758208K)->1613869K(1758208K)
[11.437s][info][gc,metaspace   ] GC(113) Metaspace: 6302K(6528K)->6302K(6528K) NonClass: 5769K(5888K)->5769K(5888K) Class: 533K(640K)->533K(640K)
[11.437s][info][gc             ] GC(113) Pause Young (Allocation Failure) 1681M->1681M(1906M) 54.758ms
[11.437s][info][gc,cpu         ] GC(113) User=0.39s Sys=0.00s Real=0.06s
[11.480s][info][gc,start       ] GC(114) Pause Young (Allocation Failure)
[11.556s][info][gc,heap        ] GC(114) PSYoungGen: 147040K(194048K)->130208K(194048K) Eden: 39424K(39424K)->0K(39424K) From: 107616K(154624K)->130208K(154624K)
[11.556s][info][gc,heap        ] GC(114) ParOldGen: 1613869K(1758208K)->1631029K(1758208K)
[11.556s][info][gc,metaspace   ] GC(114) Metaspace: 6302K(6528K)->6302K(6528K) NonClass: 5769K(5888K)->5769K(5888K) Class: 533K(640K)->533K(640K)
[11.557s][info][gc             ] GC(114) Pause Young (Allocation Failure) 1719M->1719M(1906M) 76.492ms
[11.557s][info][gc,cpu         ] GC(114) User=0.42s Sys=0.05s Real=0.08s
[11.600s][info][gc,start       ] GC(115) Pause Young (Allocation Failure)
[11.691s][info][gc,heap        ] GC(115) PSYoungGen: 169632K(194048K)->150848K(192512K) Eden: 39424K(39424K)->0K(29696K) From: 130208K(154624K)->150848K(162816K)
[11.691s][info][gc,heap        ] GC(115) ParOldGen: 1631029K(1758208K)->1650045K(1758208K)
[11.691s][info][gc,metaspace   ] GC(115) Metaspace: 6302K(6528K)->6302K(6528K) NonClass: 5769K(5888K)->5769K(5888K) Class: 533K(640K)->533K(640K)
[11.691s][info][gc             ] GC(115) Pause Young (Allocation Failure) 1758M->1758M(1905M) 90.398ms
[11.691s][info][gc,cpu         ] GC(115) User=0.47s Sys=0.03s Real=0.09s
[11.724s][info][gc,start       ] GC(116) Pause Young (Allocation Failure)
[11.818s][info][gc,heap        ] GC(116) PSYoungGen: 180544K(192512K)->144672K(206848K) Eden: 29696K(29696K)->0K(29696K) From: 150848K(162816K)->144672K(177152K)
[11.818s][info][gc,heap        ] GC(116) ParOldGen: 1650045K(1758208K)->1686365K(1758208K)
[11.818s][info][gc,metaspace   ] GC(116) Metaspace: 6302K(6528K)->6302K(6528K) NonClass: 5769K(5888K)->5769K(5888K) Class: 533K(640K)->533K(640K)
[11.818s][info][gc             ] GC(116) Pause Young (Allocation Failure) 1787M->1788M(1919M) 94.309ms
[11.818s][info][gc,cpu         ] GC(116) User=0.61s Sys=0.03s Real=0.09s
[11.849s][info][gc,start       ] GC(117) Pause Young (Allocation Failure)
[11.938s][info][gc,heap        ] GC(117) PSYoungGen: 174368K(206848K)->99104K(205312K) Eden: 29696K(29696K)->0K(33792K) From: 144672K(177152K)->99104K(171520K)
[11.939s][info][gc,heap        ] GC(117) ParOldGen: 1686365K(1758208K)->1762629K(1762816K)
[11.939s][info][gc,metaspace   ] GC(117) Metaspace: 6302K(6528K)->6302K(6528K) NonClass: 5769K(5888K)->5769K(5888K) Class: 533K(640K)->533K(640K)
[11.939s][info][gc             ] GC(117) Pause Young (Allocation Failure) 1817M->1818M(1922M) 89.164ms
[11.939s][info][gc,cpu         ] GC(117) User=0.56s Sys=0.06s Real=0.09s
[11.939s][info][gc,start       ] GC(118) Pause Full (Ergonomics)
[11.939s][info][gc,phases,start] GC(118) Marking Phase
[12.375s][info][gc,phases      ] GC(118) Marking Phase 435.820ms
[12.375s][info][gc,phases,start] GC(118) Summary Phase
[12.375s][info][gc,phases      ] GC(118) Summary Phase 0.034ms
[12.375s][info][gc,phases,start] GC(118) Adjust Roots
[12.375s][info][gc,phases      ] GC(118) Adjust Roots 0.177ms
[12.375s][info][gc,phases,start] GC(118) Compaction Phase
[12.588s][info][gc,phases      ] GC(118) Compaction Phase 212.851ms
[12.588s][info][gc,phases,start] GC(118) Post Compact
[12.591s][info][gc,phases      ] GC(118) Post Compact 3.527ms
[12.592s][info][gc,heap        ] GC(118) PSYoungGen: 99104K(205312K)->96168K(210432K) Eden: 0K(33792K)->0K(38912K) From: 99104K(171520K)->96168K(171520K)
[12.592s][info][gc,heap        ] GC(118) ParOldGen: 1762629K(1762816K)->1762809K(1948160K)
[12.592s][info][gc,metaspace   ] GC(118) Metaspace: 6302K(6528K)->6302K(6528K) NonClass: 5769K(5888K)->5769K(5888K) Class: 533K(640K)->533K(640K)
[12.592s][info][gc             ] GC(118) Pause Full (Ergonomics) 1818M->1815M(2108M) 653.447ms
[12.592s][info][gc,cpu         ] GC(118) User=4.25s Sys=0.02s Real=0.65s
[12.638s][info][gc,start       ] GC(119) Pause Young (Allocation Failure)
[12.784s][info][gc,heap        ] GC(119) PSYoungGen: 135080K(210432K)->68064K(217600K) Eden: 38912K(38912K)->0K(38912K) From: 96168K(171520K)->68064K(178688K)
[12.784s][info][gc,heap        ] GC(119) ParOldGen: 1762809K(1948160K)->1831049K(1948160K)
[12.784s][info][gc,metaspace   ] GC(119) Metaspace: 6302K(6528K)->6302K(6528K) NonClass: 5769K(5888K)->5769K(5888K) Class: 533K(640K)->533K(640K)
[12.784s][info][gc             ] GC(119) Pause Young (Allocation Failure) 1853M->1854M(2115M) 145.648ms
[12.784s][info][gc,cpu         ] GC(119) User=0.91s Sys=0.06s Real=0.15s
[12.828s][info][gc,start       ] GC(120) Pause Young (Allocation Failure)
[12.889s][info][gc,heap        ] GC(120) PSYoungGen: 106976K(217600K)->78080K(213504K) Eden: 38912K(38912K)->0K(43520K) From: 68064K(178688K)->78080K(169984K)
[12.889s][info][gc,heap        ] GC(120) ParOldGen: 1831049K(1948160K)->1860377K(1948160K)
[12.889s][info][gc,metaspace   ] GC(120) Metaspace: 6302K(6528K)->6302K(6528K) NonClass: 5769K(5888K)->5769K(5888K) Class: 533K(640K)->533K(640K)
[12.889s][info][gc             ] GC(120) Pause Young (Allocation Failure) 1892M->1893M(2111M) 61.386ms
[12.889s][info][gc,cpu         ] GC(120) User=0.36s Sys=0.03s Real=0.06s
[12.942s][info][gc,start       ] GC(121) Pause Young (Allocation Failure)
[13.005s][info][gc,heap        ] GC(121) PSYoungGen: 121600K(213504K)->82688K(217088K) Eden: 43520K(43520K)->0K(43520K) From: 78080K(169984K)->82688K(173568K)
[13.005s][info][gc,heap        ] GC(121) ParOldGen: 1860377K(1948160K)->1899817K(1948160K)
[13.005s][info][gc,metaspace   ] GC(121) Metaspace: 6302K(6528K)->6302K(6528K) NonClass: 5769K(5888K)->5769K(5888K) Class: 533K(640K)->533K(640K)
[13.005s][info][gc             ] GC(121) Pause Young (Allocation Failure) 1935M->1936M(2114M) 63.316ms
[13.005s][info][gc,cpu         ] GC(121) User=0.33s Sys=0.06s Real=0.06s
[13.005s][info][gc,start       ] GC(122) Pause Full (Ergonomics)
[13.005s][info][gc,phases,start] GC(122) Marking Phase
[13.457s][info][gc,phases      ] GC(122) Marking Phase 451.621ms
[13.457s][info][gc,phases,start] GC(122) Summary Phase
[13.457s][info][gc,phases      ] GC(122) Summary Phase 0.039ms
[13.457s][info][gc,phases,start] GC(122) Adjust Roots
[13.457s][info][gc,phases      ] GC(122) Adjust Roots 0.160ms
[13.457s][info][gc,phases,start] GC(122) Compaction Phase
[13.653s][info][gc,phases      ] GC(122) Compaction Phase 195.787ms
[13.653s][info][gc,phases,start] GC(122) Post Compact
[13.657s][info][gc,phases      ] GC(122) Post Compact 4.073ms
[13.658s][info][gc,heap        ] GC(122) PSYoungGen: 82688K(217088K)->32291K(217088K) Eden: 0K(43520K)->0K(43520K) From: 82688K(173568K)->32291K(173568K)
[13.658s][info][gc,heap        ] GC(122) ParOldGen: 1899817K(1948160K)->1947926K(2150400K)
[13.658s][info][gc,metaspace   ] GC(122) Metaspace: 6302K(6528K)->6302K(6528K) NonClass: 5769K(5888K)->5769K(5888K) Class: 533K(640K)->533K(640K)
[13.658s][info][gc             ] GC(122) Pause Full (Ergonomics) 1936M->1933M(2312M) 653.146ms
[13.658s][info][gc,cpu         ] GC(122) User=4.64s Sys=0.05s Real=0.65s
[13.714s][info][gc,start       ] GC(123) Pause Young (Allocation Failure)
[13.844s][info][gc,heap        ] GC(123) PSYoungGen: 75811K(217088K)->59776K(213504K) Eden: 43520K(43520K)->0K(47616K) From: 32291K(173568K)->59776K(165888K)
[13.844s][info][gc,heap        ] GC(123) ParOldGen: 1947926K(2150400K)->1964374K(2150400K)
[13.844s][info][gc,metaspace   ] GC(123) Metaspace: 6302K(6528K)->6302K(6528K) NonClass: 5769K(5888K)->5769K(5888K) Class: 533K(640K)->533K(640K)
[13.844s][info][gc             ] GC(123) Pause Young (Allocation Failure) 1976M->1976M(2308M) 129.375ms
[13.844s][info][gc,cpu         ] GC(123) User=0.78s Sys=0.02s Real=0.13s
[13.901s][info][gc,start       ] GC(124) Pause Young (Allocation Failure)
[13.961s][info][gc,heap        ] GC(124) PSYoungGen: 107392K(213504K)->107520K(215552K) Eden: 47616K(47616K)->0K(47616K) From: 59776K(165888K)->107520K(167936K)
[13.961s][info][gc,heap        ] GC(124) ParOldGen: 1964374K(2150400K)->1964374K(2150400K)
[13.961s][info][gc,metaspace   ] GC(124) Metaspace: 6302K(6528K)->6302K(6528K) NonClass: 5769K(5888K)->5769K(5888K) Class: 533K(640K)->533K(640K)
[13.961s][info][gc             ] GC(124) Pause Young (Allocation Failure) 2023M->2023M(2310M) 59.374ms
[13.961s][info][gc,cpu         ] GC(124) User=0.36s Sys=0.00s Real=0.06s
[14.010s][info][gc,start       ] GC(125) Pause Young (Allocation Failure)
[14.095s][info][gc,heap        ] GC(125) PSYoungGen: 155136K(215552K)->155200K(202752K) Eden: 47616K(47616K)->0K(36864K) From: 107520K(167936K)->155200K(165888K)
[14.095s][info][gc,heap        ] GC(125) ParOldGen: 1964374K(2150400K)->1964374K(2150400K)
[14.095s][info][gc,metaspace   ] GC(125) Metaspace: 6302K(6528K)->6302K(6528K) NonClass: 5769K(5888K)->5769K(5888K) Class: 533K(640K)->533K(640K)
[14.095s][info][gc             ] GC(125) Pause Young (Allocation Failure) 2069M->2069M(2298M) 85.092ms
[14.095s][info][gc,cpu         ] GC(125) User=0.53s Sys=0.00s Real=0.09s
[14.135s][info][gc,start       ] GC(126) Pause Young (Allocation Failure)
[14.241s][info][gc,heap        ] GC(126) PSYoungGen: 192064K(202752K)->176032K(218112K) Eden: 36864K(36864K)->0K(36864K) From: 155200K(165888K)->176032K(181248K)
[14.241s][info][gc,heap        ] GC(126) ParOldGen: 1964374K(2150400K)->1980678K(2150400K)
[14.241s][info][gc,metaspace   ] GC(126) Metaspace: 6302K(6528K)->6302K(6528K) NonClass: 5769K(5888K)->5769K(5888K) Class: 533K(640K)->533K(640K)
[14.241s][info][gc             ] GC(126) Pause Young (Allocation Failure) 2105M->2106M(2313M) 105.992ms
[14.241s][info][gc,cpu         ] GC(126) User=0.73s Sys=0.00s Real=0.11s
[14.283s][info][gc,start       ] GC(127) Pause Young (Allocation Failure)
[14.404s][info][gc,heap        ] GC(127) PSYoungGen: 212896K(218112K)->169376K(229376K) Eden: 36864K(36864K)->0K(28160K) From: 176032K(181248K)->169376K(201216K)
[14.404s][info][gc,heap        ] GC(127) ParOldGen: 1980678K(2150400K)->2024822K(2150400K)
[14.404s][info][gc,metaspace   ] GC(127) Metaspace: 6302K(6528K)->6302K(6528K) NonClass: 5769K(5888K)->5769K(5888K) Class: 533K(640K)->533K(640K)
[14.404s][info][gc             ] GC(127) Pause Young (Allocation Failure) 2142M->2142M(2324M) 121.157ms
[14.404s][info][gc,cpu         ] GC(127) User=0.88s Sys=0.00s Real=0.12s
[14.440s][info][gc,start       ] GC(128) Pause Young (Allocation Failure)
[14.556s][info][gc,heap        ] GC(128) PSYoungGen: 197536K(229376K)->102176K(130560K) Eden: 28160K(28160K)->0K(28160K) From: 169376K(201216K)->102176K(102400K)
[14.556s][info][gc,heap        ] GC(128) ParOldGen: 2024822K(2150400K)->2121302K(2150400K)
[14.556s][info][gc,metaspace   ] GC(128) Metaspace: 6302K(6528K)->6302K(6528K) NonClass: 5769K(5888K)->5769K(5888K) Class: 533K(640K)->533K(640K)
[14.556s][info][gc             ] GC(128) Pause Young (Allocation Failure) 2170M->2171M(2227M) 116.550ms
[14.556s][info][gc,cpu         ] GC(128) User=0.67s Sys=0.02s Real=0.12s
[14.556s][info][gc,start       ] GC(129) Pause Full (Ergonomics)
[14.556s][info][gc,phases,start] GC(129) Marking Phase
[15.089s][info][gc,phases      ] GC(129) Marking Phase 532.377ms
[15.089s][info][gc,phases,start] GC(129) Summary Phase
[15.089s][info][gc,phases      ] GC(129) Summary Phase 0.057ms
[15.089s][info][gc,phases,start] GC(129) Adjust Roots
[15.089s][info][gc,phases      ] GC(129) Adjust Roots 0.190ms
[15.089s][info][gc,phases,start] GC(129) Compaction Phase
[15.290s][info][gc,phases      ] GC(129) Compaction Phase 200.718ms
[15.290s][info][gc,phases,start] GC(129) Post Compact
[15.295s][info][gc,phases      ] GC(129) Post Compact 4.579ms
[15.296s][info][gc,heap        ] GC(129) PSYoungGen: 102176K(130560K)->70627K(130560K) Eden: 0K(28160K)->0K(28160K) From: 102176K(102400K)->70627K(102400K)
[15.296s][info][gc,heap        ] GC(129) ParOldGen: 2121302K(2150400K)->2150048K(2381312K)
[15.296s][info][gc,metaspace   ] GC(129) Metaspace: 6302K(6528K)->6302K(6528K) NonClass: 5769K(5888K)->5769K(5888K) Class: 533K(640K)->533K(640K)
[15.296s][info][gc             ] GC(129) Pause Full (Ergonomics) 2171M->2168M(2453M) 739.298ms
[15.296s][info][gc,cpu         ] GC(129) User=5.02s Sys=0.08s Real=0.74s
[15.334s][info][gc,start       ] GC(130) Pause Young (Allocation Failure)
[15.488s][info][gc,heap        ] GC(130) PSYoungGen: 98787K(130560K)->46080K(236544K) Eden: 28160K(28160K)->0K(30208K) From: 70627K(102400K)->46080K(206336K)
[15.488s][info][gc,heap        ] GC(130) ParOldGen: 2150048K(2381312K)->2203648K(2381312K)
[15.488s][info][gc,metaspace   ] GC(130) Metaspace: 6302K(6528K)->6302K(6528K) NonClass: 5769K(5888K)->5769K(5888K) Class: 533K(640K)->533K(640K)
[15.488s][info][gc             ] GC(130) Pause Young (Allocation Failure) 2196M->2197M(2556M) 154.166ms
[15.488s][info][gc,cpu         ] GC(130) User=0.94s Sys=0.05s Real=0.15s
[15.524s][info][gc,start       ] GC(131) Pause Young (Allocation Failure)
[15.568s][info][gc,heap        ] GC(131) PSYoungGen: 76288K(236544K)->58528K(238592K) Eden: 30208K(30208K)->0K(30208K) From: 46080K(206336K)->58528K(208384K)
[15.568s][info][gc,heap        ] GC(131) ParOldGen: 2203648K(2381312K)->2221680K(2381312K)
[15.568s][info][gc,metaspace   ] GC(131) Metaspace: 6302K(6528K)->6302K(6528K) NonClass: 5769K(5888K)->5769K(5888K) Class: 533K(640K)->533K(640K)
[15.568s][info][gc             ] GC(131) Pause Young (Allocation Failure) 2226M->2226M(2558M) 44.881ms
[15.568s][info][gc,cpu         ] GC(131) User=0.25s Sys=0.02s Real=0.05s
[15.603s][info][gc,start       ] GC(132) Pause Young (Allocation Failure)
[15.652s][info][gc,heap        ] GC(132) PSYoungGen: 88736K(238592K)->60608K(232960K) Eden: 30208K(30208K)->0K(33792K) From: 58528K(208384K)->60608K(199168K)
[15.652s][info][gc,heap        ] GC(132) ParOldGen: 2221680K(2381312K)->2250240K(2381312K)
[15.652s][info][gc,metaspace   ] GC(132) Metaspace: 6302K(6528K)->6302K(6528K) NonClass: 5769K(5888K)->5769K(5888K) Class: 533K(640K)->533K(640K)
[15.652s][info][gc             ] GC(132) Pause Young (Allocation Failure) 2256M->2256M(2553M) 49.392ms
[15.652s][info][gc,cpu         ] GC(132) User=0.39s Sys=0.00s Real=0.05s
[15.693s][info][gc,start       ] GC(133) Pause Young (Allocation Failure)
[15.743s][info][gc,heap        ] GC(133) PSYoungGen: 94400K(232960K)->64192K(98304K) Eden: 33792K(33792K)->0K(33792K) From: 60608K(199168K)->64192K(64512K)
[15.743s][info][gc,heap        ] GC(133) ParOldGen: 2250240K(2381312K)->2280744K(2381312K)
[15.743s][info][gc,metaspace   ] GC(133) Metaspace: 6302K(6528K)->6302K(6528K) NonClass: 5769K(5888K)->5769K(5888K) Class: 533K(640K)->533K(640K)
[15.743s][info][gc             ] GC(133) Pause Young (Allocation Failure) 2289M->2289M(2421M) 50.628ms
[15.743s][info][gc,cpu         ] GC(133) User=0.27s Sys=0.00s Real=0.05s
[15.783s][info][gc,start       ] GC(134) Pause Young (Allocation Failure)
[15.835s][info][gc,heap        ] GC(134) PSYoungGen: 97984K(98304K)->67808K(223744K) Eden: 33792K(33792K)->0K(37888K) From: 64192K(64512K)->67808K(185856K)
[15.835s][info][gc,heap        ] GC(134) ParOldGen: 2280744K(2381312K)->2311224K(2381312K)
[15.835s][info][gc,metaspace   ] GC(134) Metaspace: 6302K(6528K)->6302K(6528K) NonClass: 5769K(5888K)->5769K(5888K) Class: 533K(640K)->533K(640K)
[15.835s][info][gc             ] GC(134) Pause Young (Allocation Failure) 2322M->2323M(2544M) 52.031ms
[15.835s][info][gc,cpu         ] GC(134) User=0.27s Sys=0.02s Real=0.05s
[15.835s][info][gc,start       ] GC(135) Pause Full (Ergonomics)
[15.835s][info][gc,phases,start] GC(135) Marking Phase
[16.385s][info][gc,phases      ] GC(135) Marking Phase 549.673ms
[16.385s][info][gc,phases,start] GC(135) Summary Phase
[16.385s][info][gc,phases      ] GC(135) Summary Phase 0.056ms
[16.385s][info][gc,phases,start] GC(135) Adjust Roots
[16.385s][info][gc,phases      ] GC(135) Adjust Roots 0.167ms
[16.385s][info][gc,phases,start] GC(135) Compaction Phase
[16.580s][info][gc,phases      ] GC(135) Compaction Phase 195.470ms
[16.581s][info][gc,phases,start] GC(135) Post Compact
[16.585s][info][gc,phases      ] GC(135) Post Compact 4.261ms
[16.586s][info][gc,heap        ] GC(135) PSYoungGen: 67808K(223744K)->0K(229888K) Eden: 0K(37888K)->0K(37888K) From: 67808K(185856K)->0K(192000K)
[16.586s][info][gc,heap        ] GC(135) ParOldGen: 2311224K(2381312K)->2376674K(2609664K)
[16.586s][info][gc,metaspace   ] GC(135) Metaspace: 6302K(6528K)->6302K(6528K) NonClass: 5769K(5888K)->5769K(5888K) Class: 533K(640K)->533K(640K)
[16.586s][info][gc             ] GC(135) Pause Full (Ergonomics) 2323M->2320M(2773M) 750.727ms
[16.586s][info][gc,cpu         ] GC(135) User=5.69s Sys=0.02s Real=0.75s
[16.633s][info][gc,start       ] GC(136) Pause Young (Allocation Failure)
[16.661s][info][gc,heap        ] GC(136) PSYoungGen: 37888K(229888K)->38048K(231424K) Eden: 37888K(37888K)->0K(41472K) From: 0K(192000K)->38048K(189952K)
[16.661s][info][gc,heap        ] GC(136) ParOldGen: 2376674K(2609664K)->2376674K(2609664K)
[16.661s][info][gc,metaspace   ] GC(136) Metaspace: 6302K(6528K)->6302K(6528K) NonClass: 5769K(5888K)->5769K(5888K) Class: 533K(640K)->533K(640K)
[16.661s][info][gc             ] GC(136) Pause Young (Allocation Failure) 2357M->2358M(2774M) 28.364ms
[16.661s][info][gc,cpu         ] GC(136) User=0.03s Sys=0.00s Real=0.03s
[16.713s][info][gc,start       ] GC(137) Pause Young (Allocation Failure)
[16.757s][info][gc,heap        ] GC(137) PSYoungGen: 79520K(231424K)->79552K(121344K) Eden: 41472K(41472K)->0K(41472K) From: 38048K(189952K)->79552K(79872K)
[16.757s][info][gc,heap        ] GC(137) ParOldGen: 2376674K(2609664K)->2376674K(2609664K)
[16.757s][info][gc,metaspace   ] GC(137) Metaspace: 6302K(6528K)->6302K(6528K) NonClass: 5769K(5888K)->5769K(5888K) Class: 533K(640K)->533K(640K)
[16.757s][info][gc             ] GC(137) Pause Young (Allocation Failure) 2398M->2398M(2667M) 44.153ms
[16.757s][info][gc,cpu         ] GC(137) User=0.25s Sys=0.00s Real=0.04s
[16.805s][info][gc,start       ] GC(138) Pause Young (Allocation Failure)
[16.865s][info][gc,heap        ] GC(138) PSYoungGen: 121024K(121344K)->121088K(223744K) Eden: 41472K(41472K)->0K(41984K) From: 79552K(79872K)->121088K(181760K)
[16.865s][info][gc,heap        ] GC(138) ParOldGen: 2376674K(2609664K)->2376674K(2609664K)
[16.865s][info][gc,metaspace   ] GC(138) Metaspace: 6302K(6528K)->6302K(6528K) NonClass: 5769K(5888K)->5769K(5888K) Class: 533K(640K)->533K(640K)
[16.865s][info][gc             ] GC(138) Pause Young (Allocation Failure) 2439M->2439M(2767M) 60.242ms
[16.865s][info][gc,cpu         ] GC(138) User=0.39s Sys=0.00s Real=0.06s
[16.916s][info][gc,start       ] GC(139) Pause Young (Allocation Failure)
[17.001s][info][gc,heap        ] GC(139) PSYoungGen: 163072K(223744K)->163136K(227328K) Eden: 41984K(41984K)->0K(41984K) From: 121088K(181760K)->163136K(185344K)
[17.001s][info][gc,heap        ] GC(139) ParOldGen: 2376674K(2609664K)->2376674K(2609664K)
[17.001s][info][gc,metaspace   ] GC(139) Metaspace: 6302K(6528K)->6302K(6528K) NonClass: 5769K(5888K)->5769K(5888K) Class: 533K(640K)->533K(640K)
[17.001s][info][gc             ] GC(139) Pause Young (Allocation Failure) 2480M->2480M(2770M) 84.564ms
[17.001s][info][gc,cpu         ] GC(139) User=0.53s Sys=0.00s Real=0.09s
[17.052s][info][gc,start       ] GC(140) Pause Young (Allocation Failure)
[17.163s][info][gc,heap        ] GC(140) PSYoungGen: 205120K(227328K)->203264K(220160K) Eden: 41984K(41984K)->0K(16896K) From: 163136K(185344K)->203264K(203264K)
[17.163s][info][gc,heap        ] GC(140) ParOldGen: 2376674K(2609664K)->2378594K(2609664K)
[17.163s][info][gc,metaspace   ] GC(140) Metaspace: 6302K(6528K)->6302K(6528K) NonClass: 5769K(5888K)->5769K(5888K) Class: 533K(640K)->533K(640K)
[17.163s][info][gc             ] GC(140) Pause Young (Allocation Failure) 2521M->2521M(2763M) 111.220ms
[17.163s][info][gc,cpu         ] GC(140) User=0.72s Sys=0.05s Real=0.11s
[17.183s][info][gc,start       ] GC(141) Pause Young (Allocation Failure)
[17.307s][info][gc,heap        ] GC(141) PSYoungGen: 220160K(220160K)->141760K(249856K) Eden: 16896K(16896K)->0K(16896K) From: 203264K(203264K)->141760K(232960K)
[17.307s][info][gc,heap        ] GC(141) ParOldGen: 2378594K(2609664K)->2457634K(2609664K)
[17.307s][info][gc,metaspace   ] GC(141) Metaspace: 6302K(6528K)->6302K(6528K) NonClass: 5769K(5888K)->5769K(5888K) Class: 533K(640K)->533K(640K)
[17.307s][info][gc             ] GC(141) Pause Young (Allocation Failure) 2537M->2538M(2792M) 123.513ms
[17.307s][info][gc,cpu         ] GC(141) User=0.89s Sys=0.00s Real=0.12s
[17.328s][info][gc,start       ] GC(142) Pause Young (Allocation Failure)
[17.415s][info][gc,heap        ] GC(142) PSYoungGen: 158656K(249856K)->75744K(240128K) Eden: 16896K(16896K)->0K(19456K) From: 141760K(232960K)->75744K(220672K)
[17.415s][info][gc,heap        ] GC(142) ParOldGen: 2457634K(2609664K)->2541114K(2609664K)
[17.415s][info][gc,metaspace   ] GC(142) Metaspace: 6302K(6528K)->6302K(6528K) NonClass: 5769K(5888K)->5769K(5888K) Class: 533K(640K)->533K(640K)
[17.415s][info][gc             ] GC(142) Pause Young (Allocation Failure) 2554M->2555M(2783M) 87.436ms
[17.415s][info][gc,cpu         ] GC(142) User=0.48s Sys=0.12s Real=0.09s
[17.415s][info][gc,start       ] GC(143) Pause Full (Ergonomics)
[17.415s][info][gc,phases,start] GC(143) Marking Phase
[18.007s][info][gc,phases      ] GC(143) Marking Phase 591.444ms
[18.007s][info][gc,phases,start] GC(143) Summary Phase
[18.007s][info][gc,phases      ] GC(143) Summary Phase 0.046ms
[18.007s][info][gc,phases,start] GC(143) Adjust Roots
[18.007s][info][gc,phases      ] GC(143) Adjust Roots 0.211ms
[18.007s][info][gc,phases,start] GC(143) Compaction Phase
[18.233s][info][gc,phases      ] GC(143) Compaction Phase 226.477ms
[18.234s][info][gc,phases,start] GC(143) Post Compact
[18.239s][info][gc,phases      ] GC(143) Post Compact 5.236ms
[18.240s][info][gc,heap        ] GC(143) PSYoungGen: 75744K(240128K)->5480K(243200K) Eden: 0K(19456K)->0K(22528K) From: 75744K(220672K)->5480K(220672K)
[18.240s][info][gc,heap        ] GC(143) ParOldGen: 2541114K(2609664K)->2609560K(2880512K)
[18.240s][info][gc,metaspace   ] GC(143) Metaspace: 6302K(6528K)->6302K(6528K) NonClass: 5769K(5888K)->5769K(5888K) Class: 533K(640K)->533K(640K)
[18.240s][info][gc             ] GC(143) Pause Full (Ergonomics) 2555M->2553M(3050M) 824.956ms
[18.240s][info][gc,cpu         ] GC(143) User=6.20s Sys=0.02s Real=0.82s
[18.271s][info][gc,start       ] GC(144) Pause Young (Allocation Failure)
[18.401s][info][gc,heap        ] GC(144) PSYoungGen: 28008K(243200K)->23136K(249344K) Eden: 22528K(22528K)->0K(22528K) From: 5480K(220672K)->23136K(226816K)
[18.401s][info][gc,heap        ] GC(144) ParOldGen: 2609560K(2880512K)->2614640K(2880512K)
[18.401s][info][gc,metaspace   ] GC(144) Metaspace: 6302K(6528K)->6302K(6528K) NonClass: 5769K(5888K)->5769K(5888K) Class: 533K(640K)->533K(640K)
[18.401s][info][gc             ] GC(144) Pause Young (Allocation Failure) 2575M->2575M(3056M) 129.964ms
[18.401s][info][gc,cpu         ] GC(144) User=0.81s Sys=0.00s Real=0.13s
[18.430s][info][gc,start       ] GC(145) Pause Young (Allocation Failure)
[18.464s][info][gc,heap        ] GC(145) PSYoungGen: 45664K(249344K)->45216K(246272K) Eden: 22528K(22528K)->0K(25088K) From: 23136K(226816K)->45216K(221184K)
[18.464s][info][gc,heap        ] GC(145) ParOldGen: 2614640K(2880512K)->2615168K(2880512K)
[18.464s][info][gc,metaspace   ] GC(145) Metaspace: 6302K(6528K)->6302K(6528K) NonClass: 5769K(5888K)->5769K(5888K) Class: 533K(640K)->533K(640K)
[18.465s][info][gc             ] GC(145) Pause Young (Allocation Failure) 2597M->2598M(3053M) 34.203ms
[18.465s][info][gc,cpu         ] GC(145) User=0.14s Sys=0.00s Real=0.03s
[18.495s][info][gc,start       ] GC(146) Pause Young (Allocation Failure)
[18.538s][info][gc,heap        ] GC(146) PSYoungGen: 70304K(246272K)->47776K(73216K) Eden: 25088K(25088K)->0K(25088K) From: 45216K(221184K)->47776K(48128K)
[18.538s][info][gc,heap        ] GC(146) ParOldGen: 2615168K(2880512K)->2637912K(2880512K)
[18.538s][info][gc,metaspace   ] GC(146) Metaspace: 6302K(6528K)->6302K(6528K) NonClass: 5769K(5888K)->5769K(5888K) Class: 533K(640K)->533K(640K)
[18.538s][info][gc             ] GC(146) Pause Young (Allocation Failure) 2622M->2622M(2884M) 43.537ms
[18.538s][info][gc,cpu         ] GC(146) User=0.19s Sys=0.06s Real=0.04s
[18.569s][info][gc,start       ] GC(147) Pause Young (Allocation Failure)
[18.614s][info][gc,heap        ] GC(147) PSYoungGen: 72864K(73216K)->50368K(235008K) Eden: 25088K(25088K)->0K(28160K) From: 47776K(48128K)->50368K(206848K)
[18.614s][info][gc,heap        ] GC(147) ParOldGen: 2637912K(2880512K)->2660640K(2880512K)
[18.614s][info][gc,metaspace   ] GC(147) Metaspace: 6302K(6528K)->6302K(6528K) NonClass: 5769K(5888K)->5769K(5888K) Class: 533K(640K)->533K(640K)
[18.614s][info][gc             ] GC(147) Pause Young (Allocation Failure) 2647M->2647M(3042M) 44.825ms
[18.614s][info][gc,cpu         ] GC(147) User=0.27s Sys=0.00s Real=0.05s
[18.646s][info][gc,start       ] GC(148) Pause Young (Allocation Failure)
[18.694s][info][gc,heap        ] GC(148) PSYoungGen: 78528K(235008K)->53376K(81920K) Eden: 28160K(28160K)->0K(28160K) From: 50368K(206848K)->53376K(53760K)
[18.694s][info][gc,heap        ] GC(148) ParOldGen: 2660640K(2880512K)->2685944K(2880512K)
[18.694s][info][gc,metaspace   ] GC(148) Metaspace: 6302K(6528K)->6302K(6528K) NonClass: 5769K(5888K)->5769K(5888K) Class: 533K(640K)->533K(640K)
[18.694s][info][gc             ] GC(148) Pause Young (Allocation Failure) 2674M->2675M(2893M) 48.174ms
[18.694s][info][gc,cpu         ] GC(148) User=0.25s Sys=0.02s Real=0.05s
[18.725s][info][gc,start       ] GC(149) Pause Young (Allocation Failure)
[18.773s][info][gc,heap        ] GC(149) PSYoungGen: 81536K(81920K)->56544K(222208K) Eden: 28160K(28160K)->0K(31744K) From: 53376K(53760K)->56544K(190464K)
[18.773s][info][gc,heap        ] GC(149) ParOldGen: 2685944K(2880512K)->2711272K(2880512K)
[18.773s][info][gc,metaspace   ] GC(149) Metaspace: 6302K(6528K)->6302K(6528K) NonClass: 5769K(5888K)->5769K(5888K) Class: 533K(640K)->533K(640K)
[18.773s][info][gc             ] GC(149) Pause Young (Allocation Failure) 2702M->2702M(3030M) 47.771ms
[18.773s][info][gc,cpu         ] GC(149) User=0.23s Sys=0.03s Real=0.05s
[18.810s][info][gc,start       ] GC(150) Pause Young (Allocation Failure)
[18.861s][info][gc,heap        ] GC(150) PSYoungGen: 88288K(222208K)->60096K(92160K) Eden: 31744K(31744K)->0K(31744K) From: 56544K(190464K)->60096K(60416K)
[18.861s][info][gc,heap        ] GC(150) ParOldGen: 2711272K(2880512K)->2739704K(2880512K)
[18.861s][info][gc,metaspace   ] GC(150) Metaspace: 6302K(6528K)->6302K(6528K) NonClass: 5769K(5888K)->5769K(5888K) Class: 533K(640K)->533K(640K)
[18.861s][info][gc             ] GC(150) Pause Young (Allocation Failure) 2733M->2734M(2903M) 50.464ms
[18.861s][info][gc,cpu         ] GC(150) User=0.27s Sys=0.00s Real=0.05s
[18.899s][info][gc,start       ] GC(151) Pause Young (Allocation Failure)
[18.952s][info][gc,heap        ] GC(151) PSYoungGen: 91840K(92160K)->63680K(207872K) Eden: 31744K(31744K)->0K(35840K) From: 60096K(60416K)->63680K(172032K)
[18.952s][info][gc,heap        ] GC(151) ParOldGen: 2739704K(2880512K)->2768112K(2880512K)
[18.952s][info][gc,metaspace   ] GC(151) Metaspace: 6302K(6528K)->6302K(6528K) NonClass: 5769K(5888K)->5769K(5888K) Class: 533K(640K)->533K(640K)
[18.952s][info][gc             ] GC(151) Pause Young (Allocation Failure) 2765M->2765M(3016M) 52.899ms
[18.952s][info][gc,cpu         ] GC(151) User=0.28s Sys=0.00s Real=0.05s
[19.534s][info][gc,start       ] GC(152) Pause Young (Allocation Failure)
[19.650s][info][gc,heap        ] GC(152) PSYoungGen: 99520K(207872K)->67840K(103936K) Eden: 35840K(35840K)->0K(35840K) From: 63680K(172032K)->67840K(68096K)
[19.650s][info][gc,heap        ] GC(152) ParOldGen: 2899184K(3012096K)->2931240K(3012096K)
[19.650s][info][gc,metaspace   ] GC(152) Metaspace: 6302K(6528K)->6302K(6528K) NonClass: 5769K(5888K)->5769K(5888K) Class: 533K(640K)->533K(640K)
[19.650s][info][gc             ] GC(152) Pause Young (Allocation Failure) 2928M->2928M(3043M) 116.125ms
[19.650s][info][gc,cpu         ] GC(152) User=0.67s Sys=0.00s Real=0.12s
[19.689s][info][gc,start       ] GC(153) Pause Young (Allocation Failure)
[19.754s][info][gc,heap        ] GC(153) PSYoungGen: 103680K(103936K)->103712K(209920K) Eden: 35840K(35840K)->0K(38400K) From: 67840K(68096K)->103712K(171520K)
[19.754s][info][gc,heap        ] GC(153) ParOldGen: 2931240K(3012096K)->2931240K(3012096K)
[19.754s][info][gc,metaspace   ] GC(153) Metaspace: 6302K(6528K)->6302K(6528K) NonClass: 5769K(5888K)->5769K(5888K) Class: 533K(640K)->533K(640K)
[19.754s][info][gc             ] GC(153) Pause Young (Allocation Failure) 2963M->2963M(3146M) 65.870ms
[19.754s][info][gc,cpu         ] GC(153) User=0.20s Sys=0.00s Real=0.07s
[19.797s][info][gc,start       ] GC(154) Pause Young (Allocation Failure)
[19.876s][info][gc,heap        ] GC(154) PSYoungGen: 142112K(209920K)->110336K(210944K) Eden: 38400K(38400K)->0K(38400K) From: 103712K(171520K)->110336K(172544K)
[19.876s][info][gc,heap        ] GC(154) ParOldGen: 2931240K(3012096K)->2963272K(3012096K)
[19.876s][info][gc,metaspace   ] GC(154) Metaspace: 6302K(6528K)->6302K(6528K) NonClass: 5769K(5888K)->5769K(5888K) Class: 533K(640K)->533K(640K)
[19.876s][info][gc             ] GC(154) Pause Young (Allocation Failure) 3001M->3001M(3147M) 79.607ms
[19.876s][info][gc,cpu         ] GC(154) User=0.41s Sys=0.00s Real=0.08s
[19.877s][info][gc,start       ] GC(155) Pause Full (Ergonomics)
[19.877s][info][gc,phases,start] GC(155) Marking Phase
[20.548s][info][gc,phases      ] GC(155) Marking Phase 670.954ms
[20.548s][info][gc,phases,start] GC(155) Summary Phase
[20.548s][info][gc,phases      ] GC(155) Summary Phase 0.076ms
[20.548s][info][gc,phases,start] GC(155) Adjust Roots
[20.548s][info][gc,phases      ] GC(155) Adjust Roots 0.168ms
[20.548s][info][gc,phases,start] GC(155) Compaction Phase
[21.046s][info][gc,phases      ] GC(155) Compaction Phase 497.928ms
[21.046s][info][gc,phases,start] GC(155) Post Compact
[21.052s][info][gc,phases      ] GC(155) Post Compact 6.167ms
[21.053s][info][gc,heap        ] GC(155) PSYoungGen: 110336K(210944K)->0K(218112K) Eden: 0K(38400K)->0K(43008K) From: 110336K(172544K)->0K(175104K)
[21.053s][info][gc,heap        ] GC(155) ParOldGen: 2963272K(3012096K)->3005358K(3256320K)
[21.053s][info][gc,metaspace   ] GC(155) Metaspace: 6302K(6528K)->6302K(6528K) NonClass: 5769K(5888K)->5769K(5888K) Class: 533K(640K)->533K(640K)
[21.053s][info][gc             ] GC(155) Pause Full (Ergonomics) 3001M->2934M(3393M) 1176.530ms
[21.053s][info][gc,cpu         ] GC(155) User=8.08s Sys=0.02s Real=1.18s
[21.094s][info][gc,start       ] GC(156) Pause Young (Allocation Failure)
[21.134s][info][gc,heap        ] GC(156) PSYoungGen: 43008K(218112K)->43232K(218112K) Eden: 43008K(43008K)->0K(43008K) From: 0K(175104K)->43232K(175104K)
[21.134s][info][gc,heap        ] GC(156) ParOldGen: 3005358K(3256320K)->3005358K(3256320K)
[21.134s][info][gc,metaspace   ] GC(156) Metaspace: 6302K(6528K)->6302K(6528K) NonClass: 5769K(5888K)->5769K(5888K) Class: 533K(640K)->533K(640K)
[21.134s][info][gc             ] GC(156) Pause Young (Allocation Failure) 2976M->2977M(3393M) 40.514ms
[21.134s][info][gc,cpu         ] GC(156) User=0.05s Sys=0.02s Real=0.04s
[21.174s][info][gc,start       ] GC(157) Pause Young (Allocation Failure)
[21.227s][info][gc,heap        ] GC(157) PSYoungGen: 86240K(218112K)->86304K(207872K) Eden: 43008K(43008K)->0K(47616K) From: 43232K(175104K)->86304K(160256K)
[21.227s][info][gc,heap        ] GC(157) ParOldGen: 3005358K(3256320K)->3005358K(3256320K)
[21.227s][info][gc,metaspace   ] GC(157) Metaspace: 6302K(6528K)->6302K(6528K) NonClass: 5769K(5888K)->5769K(5888K) Class: 533K(640K)->533K(640K)
[21.228s][info][gc             ] GC(157) Pause Young (Allocation Failure) 3019M->3019M(3383M) 53.421ms
[21.228s][info][gc,cpu         ] GC(157) User=0.12s Sys=0.00s Real=0.05s
[21.270s][info][gc,start       ] GC(158) Pause Young (Allocation Failure)
[21.338s][info][gc,heap        ] GC(158) PSYoungGen: 133920K(207872K)->133984K(213504K) Eden: 47616K(47616K)->0K(47616K) From: 86304K(160256K)->133984K(165888K)
[21.338s][info][gc,heap        ] GC(158) ParOldGen: 3005358K(3256320K)->3005358K(3256320K)
[21.338s][info][gc,metaspace   ] GC(158) Metaspace: 6302K(6528K)->6302K(6528K) NonClass: 5769K(5888K)->5769K(5888K) Class: 533K(640K)->533K(640K)
[21.338s][info][gc             ] GC(158) Pause Young (Allocation Failure) 3065M->3065M(3388M) 68.251ms
[21.338s][info][gc,cpu         ] GC(158) User=0.23s Sys=0.00s Real=0.07s
[21.389s][info][gc,start       ] GC(159) Pause Young (Allocation Failure)
[21.472s][info][gc,heap        ] GC(159) PSYoungGen: 181600K(213504K)->177664K(203776K) Eden: 47616K(47616K)->0K(26112K) From: 133984K(165888K)->177664K(177664K)
[21.472s][info][gc,heap        ] GC(159) ParOldGen: 3005358K(3256320K)->3009262K(3256320K)
[21.472s][info][gc,metaspace   ] GC(159) Metaspace: 6302K(6528K)->6302K(6528K) NonClass: 5769K(5888K)->5769K(5888K) Class: 533K(640K)->533K(640K)
[21.472s][info][gc             ] GC(159) Pause Young (Allocation Failure) 3112M->3112M(3379M) 83.381ms
[21.472s][info][gc,cpu         ] GC(159) User=0.52s Sys=0.02s Real=0.08s
[21.500s][info][gc,start       ] GC(160) Pause Young (Allocation Failure)
[21.590s][info][gc,heap        ] GC(160) PSYoungGen: 203776K(203776K)->163200K(230400K) Eden: 26112K(26112K)->0K(26112K) From: 177664K(177664K)->163200K(204288K)
[21.590s][info][gc,heap        ] GC(160) ParOldGen: 3009262K(3256320K)->3050310K(3256320K)
[21.590s][info][gc,metaspace   ] GC(160) Metaspace: 6302K(6528K)->6302K(6528K) NonClass: 5769K(5888K)->5769K(5888K) Class: 533K(640K)->533K(640K)
[21.590s][info][gc             ] GC(160) Pause Young (Allocation Failure) 3137M->3138M(3405M) 89.693ms
[21.590s][info][gc,cpu         ] GC(160) User=0.58s Sys=0.06s Real=0.09s
[21.618s][info][gc,start       ] GC(161) Pause Young (Allocation Failure)
[21.708s][info][gc,heap        ] GC(161) PSYoungGen: 189312K(230400K)->98976K(226304K) Eden: 26112K(26112K)->0K(29696K) From: 163200K(204288K)->98976K(196608K)
[21.708s][info][gc,heap        ] GC(161) ParOldGen: 3050310K(3256320K)->3141350K(3256320K)
[21.708s][info][gc,metaspace   ] GC(161) Metaspace: 6302K(6528K)->6302K(6528K) NonClass: 5769K(5888K)->5769K(5888K) Class: 533K(640K)->533K(640K)
[21.708s][info][gc             ] GC(161) Pause Young (Allocation Failure) 3163M->3164M(3401M) 89.715ms
[21.708s][info][gc,cpu         ] GC(161) User=0.70s Sys=0.05s Real=0.09s
[21.740s][info][gc,start       ] GC(162) Pause Young (Allocation Failure)
[21.815s][info][gc,heap        ] GC(162) PSYoungGen: 128672K(226304K)->55968K(237568K) Eden: 29696K(29696K)->0K(29696K) From: 98976K(196608K)->55968K(207872K)
[21.815s][info][gc,heap        ] GC(162) ParOldGen: 3141350K(3256320K)->3214542K(3256320K)
[21.815s][info][gc,metaspace   ] GC(162) Metaspace: 6302K(6528K)->6302K(6528K) NonClass: 5769K(5888K)->5769K(5888K) Class: 533K(640K)->533K(640K)
[21.815s][info][gc             ] GC(162) Pause Young (Allocation Failure) 3193M->3193M(3412M) 74.857ms
[21.815s][info][gc,cpu         ] GC(162) User=0.28s Sys=0.03s Real=0.08s
[21.815s][info][gc,start       ] GC(163) Pause Full (Ergonomics)
[21.815s][info][gc,phases,start] GC(163) Marking Phase
[22.567s][info][gc,phases      ] GC(163) Marking Phase 751.954ms
[22.567s][info][gc,phases,start] GC(163) Summary Phase
[22.567s][info][gc,phases      ] GC(163) Summary Phase 0.050ms
[22.567s][info][gc,phases,start] GC(163) Adjust Roots
[22.567s][info][gc,phases      ] GC(163) Adjust Roots 0.165ms
[22.567s][info][gc,phases,start] GC(163) Compaction Phase
[22.877s][info][gc,phases      ] GC(163) Compaction Phase 310.084ms
[22.877s][info][gc,phases,start] GC(163) Post Compact
[22.883s][info][gc,phases      ] GC(163) Post Compact 6.131ms
[22.884s][info][gc,heap        ] GC(163) PSYoungGen: 55968K(237568K)->12326K(237568K) Eden: 0K(29696K)->0K(29696K) From: 55968K(207872K)->12326K(207872K)
[22.884s][info][gc,heap        ] GC(163) ParOldGen: 3214542K(3256320K)->3255976K(3559936K)
[22.884s][info][gc,metaspace   ] GC(163) Metaspace: 6302K(6528K)->6302K(6528K) NonClass: 5769K(5888K)->5769K(5888K) Class: 533K(640K)->533K(640K)
[22.884s][info][gc             ] GC(163) Pause Full (Ergonomics) 3193M->3191M(3708M) 1069.688ms
[22.884s][info][gc,cpu         ] GC(163) User=7.67s Sys=0.05s Real=1.07s
[22.917s][info][gc,start       ] GC(164) Pause Young (Allocation Failure)
[23.076s][info][gc,heap        ] GC(164) PSYoungGen: 42022K(237568K)->29856K(237568K) Eden: 29696K(29696K)->0K(33280K) From: 12326K(207872K)->29856K(204288K)
[23.076s][info][gc,heap        ] GC(164) ParOldGen: 3255976K(3559936K)->3268448K(3559936K)
[23.076s][info][gc,metaspace   ] GC(164) Metaspace: 6302K(6528K)->6302K(6528K) NonClass: 5769K(5888K)->5769K(5888K) Class: 533K(640K)->533K(640K)
[23.076s][info][gc             ] GC(164) Pause Young (Allocation Failure) 3220M->3221M(3708M) 158.826ms
[23.076s][info][gc,cpu         ] GC(164) User=1.03s Sys=0.00s Real=0.16s
[23.111s][info][gc,start       ] GC(165) Pause Young (Allocation Failure)
[23.163s][info][gc,heap        ] GC(165) PSYoungGen: 63136K(237568K)->33440K(238080K) Eden: 33280K(33280K)->0K(33280K) From: 29856K(204288K)->33440K(204800K)
[23.163s][info][gc,heap        ] GC(165) ParOldGen: 3268448K(3559936K)->3298416K(3559936K)
[23.163s][info][gc,metaspace   ] GC(165) Metaspace: 6302K(6528K)->6302K(6528K) NonClass: 5769K(5888K)->5769K(5888K) Class: 533K(640K)->533K(640K)
[23.163s][info][gc             ] GC(165) Pause Young (Allocation Failure) 3253M->3253M(3709M) 51.938ms
[23.163s][info][gc,cpu         ] GC(165) User=0.16s Sys=0.03s Real=0.05s
[23.197s][info][gc,start       ] GC(166) Pause Young (Allocation Failure)
[23.250s][info][gc,heap        ] GC(166) PSYoungGen: 66720K(238080K)->33440K(234496K) Eden: 33280K(33280K)->0K(37376K) From: 33440K(204800K)->33440K(197120K)
[23.250s][info][gc,heap        ] GC(166) ParOldGen: 3298416K(3559936K)->3331992K(3559936K)
[23.250s][info][gc,metaspace   ] GC(166) Metaspace: 6302K(6528K)->6302K(6528K) NonClass: 5769K(5888K)->5769K(5888K) Class: 533K(640K)->533K(640K)
[23.250s][info][gc             ] GC(166) Pause Young (Allocation Failure) 3286M->3286M(3705M) 53.139ms
[23.250s][info][gc,cpu         ] GC(166) User=0.16s Sys=0.00s Real=0.05s
[23.289s][info][gc,start       ] GC(167) Pause Young (Allocation Failure)
[23.343s][info][gc,heap        ] GC(167) PSYoungGen: 70816K(234496K)->37536K(75264K) Eden: 37376K(37376K)->0K(37376K) From: 33440K(197120K)->37536K(37888K)
[23.343s][info][gc,heap        ] GC(167) ParOldGen: 3331992K(3559936K)->3365568K(3559936K)
[23.343s][info][gc,metaspace   ] GC(167) Metaspace: 6302K(6528K)->6302K(6528K) NonClass: 5769K(5888K)->5769K(5888K) Class: 533K(640K)->533K(640K)
[23.344s][info][gc             ] GC(167) Pause Young (Allocation Failure) 3323M->3323M(3550M) 54.554ms
[23.344s][info][gc,cpu         ] GC(167) User=0.22s Sys=0.06s Real=0.05s
[23.382s][info][gc,start       ] GC(168) Pause Young (Allocation Failure)
[23.438s][info][gc,heap        ] GC(168) PSYoungGen: 74912K(75264K)->37568K(225280K) Eden: 37376K(37376K)->0K(41984K) From: 37536K(37888K)->37568K(183296K)
[23.438s][info][gc,heap        ] GC(168) ParOldGen: 3365568K(3559936K)->3403280K(3559936K)
[23.438s][info][gc,metaspace   ] GC(168) Metaspace: 6302K(6528K)->6302K(6528K) NonClass: 5769K(5888K)->5769K(5888K) Class: 533K(640K)->533K(640K)
[23.438s][info][gc             ] GC(168) Pause Young (Allocation Failure) 3359M->3360M(3696M) 55.979ms
[23.438s][info][gc,cpu         ] GC(168) User=0.23s Sys=0.03s Real=0.06s
[23.481s][info][gc,start       ] GC(169) Pause Young (Allocation Failure)
[23.540s][info][gc,heap        ] GC(169) PSYoungGen: 79552K(225280K)->42144K(84480K) Eden: 41984K(41984K)->0K(41984K) From: 37568K(183296K)->42144K(42496K)
[23.540s][info][gc,heap        ] GC(169) ParOldGen: 3403280K(3559936K)->3440976K(3559936K)
[23.540s][info][gc,metaspace   ] GC(169) Metaspace: 6302K(6528K)->6302K(6528K) NonClass: 5769K(5888K)->5769K(5888K) Class: 533K(640K)->533K(640K)
[23.540s][info][gc             ] GC(169) Pause Young (Allocation Failure) 3401M->3401M(3559M) 59.250ms
[23.540s][info][gc,cpu         ] GC(169) User=0.16s Sys=0.02s Real=0.06s
[23.578s][info][gc,start       ] GC(170) Pause Young (Allocation Failure)
[23.637s][info][gc,heap        ] GC(170) PSYoungGen: 84128K(84480K)->42208K(215040K) Eden: 41984K(41984K)->0K(47104K) From: 42144K(42496K)->42208K(167936K)
[23.637s][info][gc,heap        ] GC(170) ParOldGen: 3440976K(3559936K)->3483344K(3559936K)
[23.637s][info][gc,metaspace   ] GC(170) Metaspace: 6302K(6528K)->6302K(6528K) NonClass: 5769K(5888K)->5769K(5888K) Class: 533K(640K)->533K(640K)
[23.637s][info][gc             ] GC(170) Pause Young (Allocation Failure) 3442M->3442M(3686M) 58.916ms
[23.637s][info][gc,cpu         ] GC(170) User=0.28s Sys=0.00s Real=0.06s
[23.684s][info][gc,start       ] GC(171) Pause Young (Allocation Failure)
[23.741s][info][gc,heap        ] GC(171) PSYoungGen: 89312K(215040K)->47296K(94720K) Eden: 47104K(47104K)->0K(47104K) From: 42208K(167936K)->47296K(47616K)
[23.741s][info][gc,heap        ] GC(171) ParOldGen: 3483344K(3559936K)->3525712K(3559936K)
[23.741s][info][gc,metaspace   ] GC(171) Metaspace: 6302K(6528K)->6302K(6528K) NonClass: 5769K(5888K)->5769K(5888K) Class: 533K(640K)->533K(640K)
[23.741s][info][gc             ] GC(171) Pause Young (Allocation Failure) 3488M->3489M(3569M) 57.641ms
[23.741s][info][gc,cpu         ] GC(171) User=0.16s Sys=0.03s Real=0.06s
[23.742s][info][gc,start       ] GC(172) Pause Full (Ergonomics)
[23.742s][info][gc,phases,start] GC(172) Marking Phase
[24.535s][info][gc,phases      ] GC(172) Marking Phase 793.672ms
[24.535s][info][gc,phases,start] GC(172) Summary Phase
[24.535s][info][gc,phases      ] GC(172) Summary Phase 0.046ms
[24.535s][info][gc,phases,start] GC(172) Adjust Roots
[24.535s][info][gc,phases      ] GC(172) Adjust Roots 0.172ms
[24.536s][info][gc,phases,start] GC(172) Compaction Phase
[24.879s][info][gc,phases      ] GC(172) Compaction Phase 342.973ms
[24.879s][info][gc,phases,start] GC(172) Post Compact
[24.885s][info][gc,phases      ] GC(172) Post Compact 6.609ms
[24.886s][info][gc,heap        ] GC(172) PSYoungGen: 47296K(94720K)->10286K(94720K) Eden: 0K(47104K)->0K(47104K) From: 47296K(47616K)->10286K(47616K)
[24.886s][info][gc,heap        ] GC(172) ParOldGen: 3525712K(3559936K)->3559843K(3867136K)
[24.886s][info][gc,metaspace   ] GC(172) Metaspace: 6302K(6528K)->6302K(6528K) NonClass: 5769K(5888K)->5769K(5888K) Class: 533K(640K)->533K(640K)
[24.886s][info][gc             ] GC(172) Pause Full (Ergonomics) 3489M->3486M(3869M) 1144.802ms
[24.886s][info][gc,cpu         ] GC(172) User=8.45s Sys=0.02s Real=1.14s
[24.938s][info][gc,start       ] GC(173) Pause Young (Allocation Failure)
[25.133s][info][gc,heap        ] GC(173) PSYoungGen: 57390K(94720K)->47296K(202752K) Eden: 47104K(47104K)->0K(51712K) From: 10286K(47616K)->47296K(151040K)
[25.133s][info][gc,heap        ] GC(173) ParOldGen: 3559843K(3867136K)->3570251K(3867136K)
[25.133s][info][gc,metaspace   ] GC(173) Metaspace: 6302K(6528K)->6302K(6528K) NonClass: 5769K(5888K)->5769K(5888K) Class: 533K(640K)->533K(640K)
[25.133s][info][gc             ] GC(173) Pause Young (Allocation Failure) 3532M->3532M(3974M) 194.858ms
[25.133s][info][gc,cpu         ] GC(173) User=1.25s Sys=0.00s Real=0.19s
[25.190s][info][gc,start       ] GC(174) Pause Young (Allocation Failure)
[25.262s][info][gc,heap        ] GC(174) PSYoungGen: 99008K(202752K)->99104K(211456K) Eden: 51712K(51712K)->0K(51712K) From: 47296K(151040K)->99104K(159744K)
[25.262s][info][gc,heap        ] GC(174) ParOldGen: 3570251K(3867136K)->3570251K(3867136K)
[25.262s][info][gc,metaspace   ] GC(174) Metaspace: 6302K(6528K)->6302K(6528K) NonClass: 5769K(5888K)->5769K(5888K) Class: 533K(640K)->533K(640K)
[25.262s][info][gc             ] GC(174) Pause Young (Allocation Failure) 3583M->3583M(3983M) 72.383ms
[25.262s][info][gc,cpu         ] GC(174) User=0.28s Sys=0.00s Real=0.07s
[25.313s][info][gc,start       ] GC(175) Pause Young (Allocation Failure)
[25.395s][info][gc,heap        ] GC(175) PSYoungGen: 150816K(211456K)->150880K(199680K) Eden: 51712K(51712K)->0K(35840K) From: 99104K(159744K)->150880K(163840K)
[25.395s][info][gc,heap        ] GC(175) ParOldGen: 3570251K(3867136K)->3570251K(3867136K)
[25.396s][info][gc,metaspace   ] GC(175) Metaspace: 6302K(6528K)->6302K(6528K) NonClass: 5769K(5888K)->5769K(5888K) Class: 533K(640K)->533K(640K)
[25.396s][info][gc             ] GC(175) Pause Young (Allocation Failure) 3633M->3633M(3971M) 82.766ms
[25.396s][info][gc,cpu         ] GC(175) User=0.34s Sys=0.00s Real=0.08s
[25.431s][info][gc,start       ] GC(176) Pause Young (Allocation Failure)
[25.534s][info][gc,heap        ] GC(176) PSYoungGen: 186720K(199680K)->139648K(221184K) Eden: 35840K(35840K)->0K(35840K) From: 150880K(163840K)->139648K(185344K)
[25.534s][info][gc,heap        ] GC(176) ParOldGen: 3570251K(3867136K)->3617787K(3867136K)
[25.534s][info][gc,metaspace   ] GC(176) Metaspace: 6302K(6528K)->6302K(6528K) NonClass: 5769K(5888K)->5769K(5888K) Class: 533K(640K)->533K(640K)
[25.534s][info][gc             ] GC(176) Pause Young (Allocation Failure) 3668M->3669M(3992M) 103.016ms
[25.534s][info][gc,cpu         ] GC(176) User=0.67s Sys=0.08s Real=0.10s
[25.568s][info][gc,start       ] GC(177) Pause Young (Allocation Failure)
[25.656s][info][gc,heap        ] GC(177) PSYoungGen: 175488K(221184K)->123712K(235008K) Eden: 35840K(35840K)->0K(36352K) From: 139648K(185344K)->123712K(198656K)
[25.656s][info][gc,heap        ] GC(177) ParOldGen: 3617787K(3867136K)->3669971K(3867136K)
[25.656s][info][gc,metaspace   ] GC(177) Metaspace: 6302K(6528K)->6302K(6528K) NonClass: 5769K(5888K)->5769K(5888K) Class: 533K(640K)->533K(640K)
[25.656s][info][gc             ] GC(177) Pause Young (Allocation Failure) 3704M->3704M(4006M) 88.840ms
[25.656s][info][gc,cpu         ] GC(177) User=0.62s Sys=0.02s Real=0.09s
[25.692s][info][gc,start       ] GC(178) Pause Young (Allocation Failure)
[25.779s][info][gc,heap        ] GC(178) PSYoungGen: 160064K(235008K)->72416K(109056K) Eden: 36352K(36352K)->0K(36352K) From: 123712K(198656K)->72416K(72704K)
[25.779s][info][gc,heap        ] GC(178) ParOldGen: 3669971K(3867136K)->3758283K(3867136K)
[25.779s][info][gc,metaspace   ] GC(178) Metaspace: 6302K(6528K)->6302K(6528K) NonClass: 5769K(5888K)->5769K(5888K) Class: 533K(640K)->533K(640K)
[25.779s][info][gc             ] GC(178) Pause Young (Allocation Failure) 3740M->3740M(3883M) 87.032ms
[25.779s][info][gc,cpu         ] GC(178) User=0.61s Sys=0.03s Real=0.09s
[25.820s][info][gc,start       ] GC(179) Pause Young (Allocation Failure)
[25.895s][info][gc,heap        ] GC(179) PSYoungGen: 108768K(109056K)->36512K(228352K) Eden: 36352K(36352K)->0K(41472K) From: 72416K(72704K)->36512K(186880K)
[25.895s][info][gc,heap        ] GC(179) ParOldGen: 3758283K(3867136K)->3831107K(3867136K)
[25.895s][info][gc,metaspace   ] GC(179) Metaspace: 6302K(6528K)->6302K(6528K) NonClass: 5769K(5888K)->5769K(5888K) Class: 533K(640K)->533K(640K)
[25.895s][info][gc             ] GC(179) Pause Young (Allocation Failure) 3776M->3776M(3999M) 74.725ms
[25.895s][info][gc,cpu         ] GC(179) User=0.19s Sys=0.00s Real=0.07s
[25.895s][info][gc,start       ] GC(180) Pause Full (Ergonomics)
[25.895s][info][gc,phases,start] GC(180) Marking Phase
[26.795s][info][gc,phases      ] GC(180) Marking Phase 900.003ms
[26.795s][info][gc,phases,start] GC(180) Summary Phase
[26.795s][info][gc,phases      ] GC(180) Summary Phase 0.066ms
[26.795s][info][gc,phases,start] GC(180) Adjust Roots
[26.795s][info][gc,phases      ] GC(180) Adjust Roots 0.166ms
[26.795s][info][gc,phases,start] GC(180) Compaction Phase
[27.155s][info][gc,phases      ] GC(180) Compaction Phase 359.383ms
[27.155s][info][gc,phases,start] GC(180) Post Compact
[27.162s][info][gc,phases      ] GC(180) Post Compact 7.331ms
[27.163s][info][gc,heap        ] GC(180) PSYoungGen: 36512K(228352K)->0K(231424K) Eden: 0K(41472K)->0K(41472K) From: 36512K(186880K)->0K(189952K)
[27.163s][info][gc,heap        ] GC(180) ParOldGen: 3831107K(3867136K)->3864834K(4226048K)
[27.163s][info][gc,metaspace   ] GC(180) Metaspace: 6302K(6528K)->6302K(6528K) NonClass: 5769K(5888K)->5769K(5888K) Class: 533K(640K)->533K(640K)
[27.163s][info][gc             ] GC(180) Pause Full (Ergonomics) 3776M->3774M(4353M) 1268.522ms
[27.163s][info][gc,cpu         ] GC(180) User=9.22s Sys=0.02s Real=1.27s
[27.212s][info][gc,start       ] GC(181) Pause Young (Allocation Failure)
[27.253s][info][gc,heap        ] GC(181) PSYoungGen: 41472K(231424K)->41664K(225792K) Eden: 41472K(41472K)->0K(46080K) From: 0K(189952K)->41664K(179712K)
[27.254s][info][gc,heap        ] GC(181) ParOldGen: 3864834K(4226048K)->3864834K(4226048K)
[27.254s][info][gc,metaspace   ] GC(181) Metaspace: 6302K(6528K)->6302K(6528K) NonClass: 5769K(5888K)->5769K(5888K) Class: 533K(640K)->533K(640K)
[27.254s][info][gc             ] GC(181) Pause Young (Allocation Failure) 3814M->3814M(4347M) 41.987ms
[27.254s][info][gc,cpu         ] GC(181) User=0.17s Sys=0.00s Real=0.04s
[27.299s][info][gc,start       ] GC(182) Pause Young (Allocation Failure)
[27.356s][info][gc,heap        ] GC(182) PSYoungGen: 87744K(225792K)->87872K(134144K) Eden: 46080K(46080K)->0K(46080K) From: 41664K(179712K)->87872K(88064K)
[27.356s][info][gc,heap        ] GC(182) ParOldGen: 3864834K(4226048K)->3864834K(4226048K)
[27.356s][info][gc,metaspace   ] GC(182) Metaspace: 6302K(6528K)->6302K(6528K) NonClass: 5769K(5888K)->5769K(5888K) Class: 533K(640K)->533K(640K)
[27.356s][info][gc             ] GC(182) Pause Young (Allocation Failure) 3859M->3860M(4258M) 56.979ms
[27.356s][info][gc,cpu         ] GC(182) User=0.20s Sys=0.00s Real=0.06s
[27.403s][info][gc,start       ] GC(183) Pause Young (Allocation Failure)
[27.472s][info][gc,heap        ] GC(183) PSYoungGen: 133952K(134144K)->92448K(221184K) Eden: 46080K(46080K)->0K(51200K) From: 87872K(88064K)->92448K(169984K)
[27.472s][info][gc,heap        ] GC(183) ParOldGen: 3864834K(4226048K)->3906682K(4226048K)
[27.472s][info][gc,metaspace   ] GC(183) Metaspace: 6302K(6528K)->6302K(6528K) NonClass: 5769K(5888K)->5769K(5888K) Class: 533K(640K)->533K(640K)
[27.472s][info][gc             ] GC(183) Pause Young (Allocation Failure) 3905M->3905M(4343M) 69.929ms
[27.473s][info][gc,cpu         ] GC(183) User=0.38s Sys=0.02s Real=0.07s
[27.526s][info][gc,start       ] GC(184) Pause Young (Allocation Failure)
[27.600s][info][gc,heap        ] GC(184) PSYoungGen: 143648K(221184K)->97600K(225792K) Eden: 51200K(51200K)->0K(51200K) From: 92448K(169984K)->97600K(174592K)
[27.600s][info][gc,heap        ] GC(184) ParOldGen: 3906682K(4226048K)->3953186K(4226048K)
[27.600s][info][gc,metaspace   ] GC(184) Metaspace: 6302K(6528K)->6302K(6528K) NonClass: 5769K(5888K)->5769K(5888K) Class: 533K(640K)->533K(640K)
[27.600s][info][gc             ] GC(184) Pause Young (Allocation Failure) 3955M->3955M(4347M) 74.041ms
[27.600s][info][gc,cpu         ] GC(184) User=0.50s Sys=0.00s Real=0.07s
[27.658s][info][gc,start       ] GC(185) Pause Young (Allocation Failure)
[27.735s][info][gc,heap        ] GC(185) PSYoungGen: 148800K(225792K)->102656K(227328K) Eden: 51200K(51200K)->0K(56832K) From: 97600K(174592K)->102656K(170496K)
[27.736s][info][gc,heap        ] GC(185) ParOldGen: 3953186K(4226048K)->3999674K(4226048K)
[27.736s][info][gc,metaspace   ] GC(185) Metaspace: 6302K(6528K)->6302K(6528K) NonClass: 5769K(5888K)->5769K(5888K) Class: 533K(640K)->533K(640K)
[27.736s][info][gc             ] GC(185) Pause Young (Allocation Failure) 4005M->4006M(4349M) 77.175ms
[27.736s][info][gc,cpu         ] GC(185) User=0.50s Sys=0.00s Real=0.08s
[27.797s][info][gc,start       ] GC(186) Pause Young (Allocation Failure)
[27.881s][info][gc,heap        ] GC(186) PSYoungGen: 159488K(227328K)->108352K(228352K) Eden: 56832K(56832K)->0K(56832K) From: 102656K(170496K)->108352K(171520K)
[27.881s][info][gc,heap        ] GC(186) ParOldGen: 3999674K(4226048K)->4051346K(4226048K)
[27.881s][info][gc,metaspace   ] GC(186) Metaspace: 6302K(6528K)->6302K(6528K) NonClass: 5769K(5888K)->5769K(5888K) Class: 533K(640K)->533K(640K)
[27.881s][info][gc             ] GC(186) Pause Young (Allocation Failure) 4061M->4062M(4350M) 84.247ms
[27.881s][info][gc,cpu         ] GC(186) User=0.52s Sys=0.00s Real=0.08s
[27.938s][info][gc,start       ] GC(187) Pause Young (Allocation Failure)
[28.021s][info][gc,heap        ] GC(187) PSYoungGen: 165184K(228352K)->113952K(233472K) Eden: 56832K(56832K)->0K(61440K) From: 108352K(171520K)->113952K(172032K)
[28.021s][info][gc,heap        ] GC(187) ParOldGen: 4051346K(4226048K)->4103018K(4226048K)
[28.021s][info][gc,metaspace   ] GC(187) Metaspace: 6302K(6528K)->6302K(6528K) NonClass: 5769K(5888K)->5769K(5888K) Class: 533K(640K)->533K(640K)
[28.021s][info][gc             ] GC(187) Pause Young (Allocation Failure) 4117M->4118M(4355M) 82.536ms
[28.021s][info][gc,cpu         ] GC(187) User=0.53s Sys=0.00s Real=0.08s
[28.086s][info][gc,start       ] GC(188) Pause Young (Allocation Failure)
[28.176s][info][gc,heap        ] GC(188) PSYoungGen: 175392K(233472K)->118592K(235520K) Eden: 61440K(61440K)->0K(61440K) From: 113952K(172032K)->118592K(174080K)
[28.176s][info][gc,heap        ] GC(188) ParOldGen: 4103018K(4226048K)->4160370K(4226048K)
[28.176s][info][gc,metaspace   ] GC(188) Metaspace: 6302K(6528K)->6302K(6528K) NonClass: 5769K(5888K)->5769K(5888K) Class: 533K(640K)->533K(640K)
[28.176s][info][gc             ] GC(188) Pause Young (Allocation Failure) 4178M->4178M(4357M) 89.188ms
[28.176s][info][gc,cpu         ] GC(188) User=0.72s Sys=0.00s Real=0.09s
[28.176s][info][gc,start       ] GC(189) Pause Full (Ergonomics)
[28.176s][info][gc,phases,start] GC(189) Marking Phase
[29.169s][info][gc,phases      ] GC(189) Marking Phase 993.498ms
[29.169s][info][gc,phases,start] GC(189) Summary Phase
[29.169s][info][gc,phases      ] GC(189) Summary Phase 0.061ms
[29.169s][info][gc,phases,start] GC(189) Adjust Roots
[29.170s][info][gc,phases      ] GC(189) Adjust Roots 0.212ms
[29.170s][info][gc,phases,start] GC(189) Compaction Phase
[29.580s][info][gc,phases      ] GC(189) Compaction Phase 410.319ms
[29.580s][info][gc,phases,start] GC(189) Post Compact
[29.587s][info][gc,phases      ] GC(189) Post Compact 6.967ms
[29.588s][info][gc,heap        ] GC(189) PSYoungGen: 118592K(235520K)->49740K(235520K) Eden: 0K(61440K)->0K(61440K) From: 118592K(174080K)->49740K(174080K)
[29.588s][info][gc,heap        ] GC(189) ParOldGen: 4160370K(4226048K)->4225989K(4607488K)
[29.588s][info][gc,metaspace   ] GC(189) Metaspace: 6302K(6528K)->6302K(6528K) NonClass: 5769K(5888K)->5769K(5888K) Class: 533K(640K)->533K(640K)
[29.588s][info][gc             ] GC(189) Pause Full (Ergonomics) 4178M->4175M(4729M) 1412.552ms
[29.588s][info][gc,cpu         ] GC(189) User=9.92s Sys=0.06s Real=1.41s
[29.665s][info][gc,start       ] GC(190) Pause Young (Allocation Failure)
[29.933s][info][gc,heap        ] GC(190) PSYoungGen: 111180K(235520K)->90816K(226304K) Eden: 61440K(61440K)->0K(67584K) From: 49740K(174080K)->90816K(158720K)
[29.933s][info][gc,heap        ] GC(190) ParOldGen: 4225989K(4607488K)->4246813K(4607488K)
[29.933s][info][gc,metaspace   ] GC(190) Metaspace: 6302K(6528K)->6302K(6528K) NonClass: 5769K(5888K)->5769K(5888K) Class: 533K(640K)->533K(640K)
[29.933s][info][gc             ] GC(190) Pause Young (Allocation Failure) 4235M->4235M(4720M) 268.309ms
[29.933s][info][gc,cpu         ] GC(190) User=1.64s Sys=0.00s Real=0.27s
[30.009s][info][gc,start       ] GC(191) Pause Young (Allocation Failure)
[30.101s][info][gc,heap        ] GC(191) PSYoungGen: 158400K(226304K)->158560K(236032K) Eden: 67584K(67584K)->0K(67584K) From: 90816K(158720K)->158560K(168448K)
[30.101s][info][gc,heap        ] GC(191) ParOldGen: 4246813K(4607488K)->4246813K(4607488K)
[30.101s][info][gc,metaspace   ] GC(191) Metaspace: 6302K(6528K)->6302K(6528K) NonClass: 5769K(5888K)->5769K(5888K) Class: 533K(640K)->533K(640K)
[30.101s][info][gc             ] GC(191) Pause Young (Allocation Failure) 4301M->4302M(4730M) 91.978ms
[30.101s][info][gc,cpu         ] GC(191) User=0.59s Sys=0.00s Real=0.09s
[30.171s][info][gc,start       ] GC(192) Pause Young (Allocation Failure)
[30.297s][info][gc,heap        ] GC(192) PSYoungGen: 226144K(236032K)->185856K(221696K) Eden: 67584K(67584K)->0K(35840K) From: 158560K(168448K)->185856K(185856K)
[30.297s][info][gc,heap        ] GC(192) ParOldGen: 4246813K(4607488K)->4287413K(4607488K)
[30.297s][info][gc,metaspace   ] GC(192) Metaspace: 6302K(6528K)->6302K(6528K) NonClass: 5769K(5888K)->5769K(5888K) Class: 533K(640K)->533K(640K)
[30.297s][info][gc             ] GC(192) Pause Young (Allocation Failure) 4368M->4368M(4716M) 125.930ms
[30.297s][info][gc,cpu         ] GC(192) User=0.70s Sys=0.12s Real=0.13s
[30.336s][info][gc,start       ] GC(193) Pause Young (Allocation Failure)
[30.461s][info][gc,heap        ] GC(193) PSYoungGen: 221696K(221696K)->148160K(260608K) Eden: 35840K(35840K)->0K(35840K) From: 185856K(185856K)->148160K(224768K)
[30.461s][info][gc,heap        ] GC(193) ParOldGen: 4287413K(4607488K)->4361669K(4607488K)
[30.461s][info][gc,metaspace   ] GC(193) Metaspace: 6302K(6528K)->6302K(6528K) NonClass: 5769K(5888K)->5769K(5888K) Class: 533K(640K)->533K(640K)
[30.461s][info][gc             ] GC(193) Pause Young (Allocation Failure) 4403M->4404M(4754M) 125.399ms
[30.461s][info][gc,cpu         ] GC(193) User=0.95s Sys=0.05s Real=0.13s
[30.502s][info][gc,start       ] GC(194) Pause Young (Allocation Failure)
[30.598s][info][gc,heap        ] GC(194) PSYoungGen: 184000K(260608K)->127328K(254464K) Eden: 35840K(35840K)->0K(40448K) From: 148160K(224768K)->127328K(214016K)
[30.598s][info][gc,heap        ] GC(194) ParOldGen: 4361669K(4607488K)->4418845K(4607488K)
[30.598s][info][gc,metaspace   ] GC(194) Metaspace: 6302K(6528K)->6302K(6528K) NonClass: 5769K(5888K)->5769K(5888K) Class: 533K(640K)->533K(640K)
[30.598s][info][gc             ] GC(194) Pause Young (Allocation Failure) 4439M->4439M(4748M) 95.806ms
[30.598s][info][gc,cpu         ] GC(194) User=0.59s Sys=0.05s Real=0.10s
[30.652s][info][gc,start       ] GC(195) Pause Young (Allocation Failure)
[30.751s][info][gc,heap        ] GC(195) PSYoungGen: 167776K(254464K)->76512K(261120K) Eden: 40448K(40448K)->0K(40448K) From: 127328K(214016K)->76512K(220672K)
[30.751s][info][gc,heap        ] GC(195) ParOldGen: 4418845K(4607488K)->4510757K(4607488K)
[30.751s][info][gc,metaspace   ] GC(195) Metaspace: 6302K(6528K)->6302K(6528K) NonClass: 5769K(5888K)->5769K(5888K) Class: 533K(640K)->533K(640K)
[30.751s][info][gc             ] GC(195) Pause Young (Allocation Failure) 4479M->4479M(4754M) 98.739ms
[30.751s][info][gc,cpu         ] GC(195) User=0.47s Sys=0.14s Real=0.10s
[30.751s][info][gc,start       ] GC(196) Pause Full (Ergonomics)
[30.751s][info][gc,phases,start] GC(196) Marking Phase
[31.810s][info][gc,phases      ] GC(196) Marking Phase 1058.514ms
[31.810s][info][gc,phases,start] GC(196) Summary Phase
[31.810s][info][gc,phases      ] GC(196) Summary Phase 0.081ms
[31.810s][info][gc,phases,start] GC(196) Adjust Roots
[31.810s][info][gc,phases      ] GC(196) Adjust Roots 0.189ms
[31.810s][info][gc,phases,start] GC(196) Compaction Phase
[32.210s][info][gc,phases      ] GC(196) Compaction Phase 400.089ms
[32.210s][info][gc,phases,start] GC(196) Post Compact
[32.217s][info][gc,phases      ] GC(196) Post Compact 6.750ms
[32.218s][info][gc,heap        ] GC(196) PSYoungGen: 76512K(261120K)->0K(262656K) Eden: 0K(40448K)->0K(45568K) From: 76512K(220672K)->0K(217088K)
[32.218s][info][gc,heap        ] GC(196) ParOldGen: 4510757K(4607488K)->4584278K(5014016K)
[32.218s][info][gc,metaspace   ] GC(196) Metaspace: 6302K(6528K)->6302K(6528K) NonClass: 5769K(5888K)->5769K(5888K) Class: 533K(640K)->533K(640K)
[32.218s][info][gc             ] GC(196) Pause Full (Ergonomics) 4479M->4476M(5153M) 1467.288ms
[32.218s][info][gc,cpu         ] GC(196) User=10.42s Sys=0.08s Real=1.47s
[32.269s][info][gc,start       ] GC(197) Pause Young (Allocation Failure)
[32.317s][info][gc,heap        ] GC(197) PSYoungGen: 45568K(262656K)->45728K(262656K) Eden: 45568K(45568K)->0K(45568K) From: 0K(217088K)->45728K(217088K)
[32.317s][info][gc,heap        ] GC(197) ParOldGen: 4584278K(5014016K)->4584278K(5014016K)
[32.317s][info][gc,metaspace   ] GC(197) Metaspace: 6302K(6528K)->6302K(6528K) NonClass: 5769K(5888K)->5769K(5888K) Class: 533K(640K)->533K(640K)
[32.317s][info][gc             ] GC(197) Pause Young (Allocation Failure) 4521M->4521M(5153M) 48.054ms
[32.317s][info][gc,cpu         ] GC(197) User=0.16s Sys=0.00s Real=0.05s
[32.366s][info][gc,start       ] GC(198) Pause Young (Allocation Failure)
[32.432s][info][gc,heap        ] GC(198) PSYoungGen: 91296K(262656K)->91360K(250368K) Eden: 45568K(45568K)->0K(50176K) From: 45728K(217088K)->91360K(200192K)
[32.432s][info][gc,heap        ] GC(198) ParOldGen: 4584278K(5014016K)->4584278K(5014016K)
[32.432s][info][gc,metaspace   ] GC(198) Metaspace: 6302K(6528K)->6302K(6528K) NonClass: 5769K(5888K)->5769K(5888K) Class: 533K(640K)->533K(640K)
[32.432s][info][gc             ] GC(198) Pause Young (Allocation Failure) 4565M->4566M(5141M) 65.491ms
[32.432s][info][gc,cpu         ] GC(198) User=0.36s Sys=0.00s Real=0.07s
[32.486s][info][gc,start       ] GC(199) Pause Young (Allocation Failure)
[32.569s][info][gc,heap        ] GC(199) PSYoungGen: 141536K(250368K)->141664K(259072K) Eden: 50176K(50176K)->0K(50176K) From: 91360K(200192K)->141664K(208896K)
[32.569s][info][gc,heap        ] GC(199) ParOldGen: 4584278K(5014016K)->4584278K(5014016K)
[32.569s][info][gc,metaspace   ] GC(199) Metaspace: 6302K(6528K)->6302K(6528K) NonClass: 5769K(5888K)->5769K(5888K) Class: 533K(640K)->533K(640K)
[32.569s][info][gc             ] GC(199) Pause Young (Allocation Failure) 4615M->4615M(5149M) 83.710ms
[32.569s][info][gc,cpu         ] GC(199) User=0.41s Sys=0.00s Real=0.08s
[32.627s][info][gc,start       ] GC(200) Pause Young (Allocation Failure)
[32.723s][info][gc,heap        ] GC(200) PSYoungGen: 191840K(259072K)->146272K(264704K) Eden: 50176K(50176K)->0K(52224K) From: 141664K(208896K)->146272K(212480K)
[32.723s][info][gc,heap        ] GC(200) ParOldGen: 4584278K(5014016K)->4630262K(5014016K)
[32.723s][info][gc,metaspace   ] GC(200) Metaspace: 6302K(6528K)->6302K(6528K) NonClass: 5769K(5888K)->5769K(5888K) Class: 533K(640K)->533K(640K)
[32.723s][info][gc             ] GC(200) Pause Young (Allocation Failure) 4664M->4664M(5155M) 96.211ms
[32.723s][info][gc,cpu         ] GC(200) User=0.64s Sys=0.00s Real=0.10s
[32.783s][info][gc,start       ] GC(201) Pause Young (Allocation Failure)
[32.885s][info][gc,heap        ] GC(201) PSYoungGen: 198496K(264704K)->152928K(268288K) Eden: 52224K(52224K)->0K(52224K) From: 146272K(212480K)->152928K(216064K)
[32.885s][info][gc,heap        ] GC(201) ParOldGen: 4630262K(5014016K)->4676246K(5014016K)
[32.885s][info][gc,metaspace   ] GC(201) Metaspace: 6302K(6528K)->6302K(6528K) NonClass: 5769K(5888K)->5769K(5888K) Class: 533K(640K)->533K(640K)
[32.885s][info][gc             ] GC(201) Pause Young (Allocation Failure) 4715M->4715M(5158M) 102.614ms
[32.885s][info][gc,cpu         ] GC(201) User=0.67s Sys=0.00s Real=0.10s
[32.939s][info][gc,start       ] GC(202) Pause Young (Allocation Failure)
[33.043s][info][gc,heap        ] GC(202) PSYoungGen: 205152K(268288K)->155008K(275456K) Eden: 52224K(52224K)->0K(54272K) From: 152928K(216064K)->155008K(221184K)
[33.043s][info][gc,heap        ] GC(202) ParOldGen: 4676246K(5014016K)->4726886K(5014016K)
[33.043s][info][gc,metaspace   ] GC(202) Metaspace: 6302K(6528K)->6302K(6528K) NonClass: 5769K(5888K)->5769K(5888K) Class: 533K(640K)->533K(640K)
[33.043s][info][gc             ] GC(202) Pause Young (Allocation Failure) 4766M->4767M(5165M) 103.815ms
[33.043s][info][gc,cpu         ] GC(202) User=0.58s Sys=0.05s Real=0.10s
[33.101s][info][gc,start       ] GC(203) Pause Young (Allocation Failure)
[33.228s][info][gc,heap        ] GC(203) PSYoungGen: 209280K(275456K)->159104K(279552K) Eden: 54272K(54272K)->0K(54272K) From: 155008K(221184K)->159104K(225280K)
[33.228s][info][gc,heap        ] GC(203) ParOldGen: 4726886K(5014016K)->4777510K(5014016K)
[33.228s][info][gc,metaspace   ] GC(203) Metaspace: 6302K(6528K)->6302K(6528K) NonClass: 5769K(5888K)->5769K(5888K) Class: 533K(640K)->533K(640K)
[33.228s][info][gc             ] GC(203) Pause Young (Allocation Failure) 4820M->4820M(5169M) 127.915ms
[33.228s][info][gc,cpu         ] GC(203) User=0.89s Sys=0.00s Real=0.13s
[33.287s][info][gc,start       ] GC(204) Pause Young (Allocation Failure)
[33.406s][info][gc,heap        ] GC(204) PSYoungGen: 213376K(279552K)->108896K(274432K) Eden: 54272K(54272K)->0K(61440K) From: 159104K(225280K)->108896K(212992K)
[33.406s][info][gc,heap        ] GC(204) ParOldGen: 4777510K(5014016K)->4882886K(5014016K)
[33.406s][info][gc,metaspace   ] GC(204) Metaspace: 6302K(6528K)->6302K(6528K) NonClass: 5769K(5888K)->5769K(5888K) Class: 533K(640K)->533K(640K)
[33.406s][info][gc             ] GC(204) Pause Young (Allocation Failure) 4873M->4874M(5164M) 118.805ms
[33.406s][info][gc,cpu         ] GC(204) User=0.67s Sys=0.09s Real=0.12s
[33.479s][info][gc,start       ] GC(205) Pause Young (Allocation Failure)
[33.575s][info][gc,heap        ] GC(205) PSYoungGen: 170336K(274432K)->61664K(282624K) Eden: 61440K(61440K)->0K(61440K) From: 108896K(212992K)->61664K(221184K)
[33.575s][info][gc,heap        ] GC(205) ParOldGen: 4882886K(5014016K)->4992390K(5014016K)
[33.575s][info][gc,metaspace   ] GC(205) Metaspace: 6302K(6528K)->6302K(6528K) NonClass: 5769K(5888K)->5769K(5888K) Class: 533K(640K)->533K(640K)
[33.575s][info][gc             ] GC(205) Pause Young (Allocation Failure) 4934M->4935M(5172M) 96.248ms
[33.576s][info][gc,cpu         ] GC(205) User=0.55s Sys=0.06s Real=0.10s
[33.576s][info][gc,start       ] GC(206) Pause Full (Ergonomics)
[33.576s][info][gc,phases,start] GC(206) Marking Phase
[34.726s][info][gc,phases      ] GC(206) Marking Phase 1150.241ms
[34.726s][info][gc,phases,start] GC(206) Summary Phase
[34.726s][info][gc,phases      ] GC(206) Summary Phase 0.065ms
[34.726s][info][gc,phases,start] GC(206) Adjust Roots
[34.726s][info][gc,phases      ] GC(206) Adjust Roots 0.190ms
[34.726s][info][gc,phases,start] GC(206) Compaction Phase
[35.164s][info][gc,phases      ] GC(206) Compaction Phase 437.729ms
[35.164s][info][gc,phases,start] GC(206) Post Compact
[35.171s][info][gc,phases      ] GC(206) Post Compact 7.336ms
[35.173s][info][gc,heap        ] GC(206) PSYoungGen: 61664K(282624K)->36365K(282624K) Eden: 0K(61440K)->0K(61440K) From: 61664K(221184K)->36365K(221184K)
[35.173s][info][gc,heap        ] GC(206) ParOldGen: 4992390K(5014016K)->5013549K(5499392K)
[35.173s][info][gc,metaspace   ] GC(206) Metaspace: 6302K(6528K)->6302K(6528K) NonClass: 5769K(5888K)->5769K(5888K) Class: 533K(640K)->533K(640K)
[35.173s][info][gc             ] GC(206) Pause Full (Ergonomics) 4935M->4931M(5646M) 1597.314ms
[35.173s][info][gc,cpu         ] GC(206) User=12.03s Sys=0.03s Real=1.60s
[35.245s][info][gc,start       ] GC(207) Pause Young (Allocation Failure)
[35.521s][info][gc,heap        ] GC(207) PSYoungGen: 97805K(282624K)->61696K(284672K) Eden: 61440K(61440K)->0K(67584K) From: 36365K(221184K)->61696K(217088K)
[35.521s][info][gc,heap        ] GC(207) ParOldGen: 5013549K(5499392K)->5050285K(5499392K)
[35.521s][info][gc,metaspace   ] GC(207) Metaspace: 6302K(6528K)->6302K(6528K) NonClass: 5769K(5888K)->5769K(5888K) Class: 533K(640K)->533K(640K)
[35.521s][info][gc             ] GC(207) Pause Young (Allocation Failure) 4991M->4992M(5648M) 276.274ms
[35.521s][info][gc,cpu         ] GC(207) User=1.72s Sys=0.02s Real=0.28s
[35.596s][info][gc,start       ] GC(208) Pause Young (Allocation Failure)
[35.674s][info][gc,heap        ] GC(208) PSYoungGen: 129280K(284672K)->129344K(287744K) Eden: 67584K(67584K)->0K(67584K) From: 61696K(217088K)->129344K(220160K)
[35.674s][info][gc,heap        ] GC(208) ParOldGen: 5050285K(5499392K)->5050285K(5499392K)
[35.674s][info][gc,metaspace   ] GC(208) Metaspace: 6302K(6528K)->6302K(6528K) NonClass: 5769K(5888K)->5769K(5888K) Class: 533K(640K)->533K(640K)
[35.674s][info][gc             ] GC(208) Pause Young (Allocation Failure) 5058M->5058M(5651M) 78.785ms
[35.674s][info][gc,cpu         ] GC(208) User=0.39s Sys=0.00s Real=0.08s
[35.755s][info][gc,start       ] GC(209) Pause Young (Allocation Failure)
[35.866s][info][gc,heap        ] GC(209) PSYoungGen: 196928K(287744K)->135488K(287744K) Eden: 67584K(67584K)->0K(74752K) From: 129344K(220160K)->135488K(212992K)
[35.866s][info][gc,heap        ] GC(209) ParOldGen: 5050285K(5499392K)->5112285K(5499392K)
[35.866s][info][gc,metaspace   ] GC(209) Metaspace: 6302K(6528K)->6302K(6528K) NonClass: 5769K(5888K)->5769K(5888K) Class: 533K(640K)->533K(640K)
[35.866s][info][gc             ] GC(209) Pause Young (Allocation Failure) 5124M->5124M(5651M) 110.442ms
[35.866s][info][gc,cpu         ] GC(209) User=0.77s Sys=0.00s Real=0.11s
[35.950s][info][gc,start       ] GC(210) Pause Young (Allocation Failure)
[36.068s][info][gc,heap        ] GC(210) PSYoungGen: 210240K(287744K)->142720K(289280K) Eden: 74752K(74752K)->0K(74752K) From: 135488K(212992K)->142720K(214528K)
[36.068s][info][gc,heap        ] GC(210) ParOldGen: 5112285K(5499392K)->5180485K(5499392K)
[36.068s][info][gc,metaspace   ] GC(210) Metaspace: 6302K(6528K)->6302K(6528K) NonClass: 5769K(5888K)->5769K(5888K) Class: 533K(640K)->533K(640K)
[36.069s][info][gc             ] GC(210) Pause Young (Allocation Failure) 5197M->5198M(5653M) 118.033ms
[36.069s][info][gc,cpu         ] GC(210) User=0.67s Sys=0.09s Real=0.12s
[36.155s][info][gc,start       ] GC(211) Pause Young (Allocation Failure)
[36.279s][info][gc,heap        ] GC(211) PSYoungGen: 217472K(289280K)->149888K(296448K) Eden: 74752K(74752K)->0K(81408K) From: 142720K(214528K)->149888K(215040K)
[36.279s][info][gc,heap        ] GC(211) ParOldGen: 5180485K(5499392K)->5248685K(5499392K)
[36.279s][info][gc,metaspace   ] GC(211) Metaspace: 6302K(6528K)->6302K(6528K) NonClass: 5769K(5888K)->5769K(5888K) Class: 533K(640K)->533K(640K)
[36.279s][info][gc             ] GC(211) Pause Young (Allocation Failure) 5271M->5272M(5660M) 123.579ms
[36.279s][info][gc,cpu         ] GC(211) User=0.84s Sys=0.03s Real=0.12s
[36.374s][info][gc,start       ] GC(212) Pause Young (Allocation Failure)
[36.508s][info][gc,heap        ] GC(212) PSYoungGen: 231296K(296448K)->156608K(298496K) Eden: 81408K(81408K)->0K(81408K) From: 149888K(215040K)->156608K(217088K)
[36.508s][info][gc,heap        ] GC(212) ParOldGen: 5248685K(5499392K)->5324109K(5499392K)
[36.508s][info][gc,metaspace   ] GC(212) Metaspace: 6302K(6528K)->6302K(6528K) NonClass: 5769K(5888K)->5769K(5888K) Class: 533K(640K)->533K(640K)
[36.508s][info][gc             ] GC(212) Pause Young (Allocation Failure) 5351M->5352M(5662M) 133.826ms
[36.508s][info][gc,cpu         ] GC(212) User=0.84s Sys=0.06s Real=0.13s
[36.603s][info][gc,start       ] GC(213) Pause Young (Allocation Failure)
[36.744s][info][gc,heap        ] GC(213) PSYoungGen: 238016K(298496K)->163232K(306688K) Eden: 81408K(81408K)->0K(86016K) From: 156608K(217088K)->163232K(220672K)
[36.744s][info][gc,heap        ] GC(213) ParOldGen: 5324109K(5499392K)->5399533K(5499392K)
[36.744s][info][gc,metaspace   ] GC(213) Metaspace: 6302K(6528K)->6302K(6528K) NonClass: 5769K(5888K)->5769K(5888K) Class: 533K(640K)->533K(640K)
[36.744s][info][gc             ] GC(213) Pause Young (Allocation Failure) 5431M->5432M(5670M) 140.488ms
[36.744s][info][gc,cpu         ] GC(213) User=0.94s Sys=0.08s Real=0.14s
[36.744s][info][gc,start       ] GC(214) Pause Full (Ergonomics)
[36.744s][info][gc,phases,start] GC(214) Marking Phase
[37.984s][info][gc,phases      ] GC(214) Marking Phase 1240.196ms
[37.984s][info][gc,phases,start] GC(214) Summary Phase
[37.984s][info][gc,phases      ] GC(214) Summary Phase 0.095ms
[37.984s][info][gc,phases,start] GC(214) Adjust Roots
[37.984s][info][gc,phases      ] GC(214) Adjust Roots 0.223ms
[37.985s][info][gc,phases,start] GC(214) Compaction Phase
[38.474s][info][gc,phases      ] GC(214) Compaction Phase 489.419ms
[38.474s][info][gc,phases,start] GC(214) Post Compact
[38.484s][info][gc,phases      ] GC(214) Post Compact 9.643ms
[38.485s][info][gc,heap        ] GC(214) PSYoungGen: 163232K(306688K)->59518K(306688K) Eden: 0K(86016K)->0K(86016K) From: 163232K(220672K)->59518K(220672K)
[38.485s][info][gc,heap        ] GC(214) ParOldGen: 5399533K(5499392K)->5499104K(6018048K)
[38.485s][info][gc,metaspace   ] GC(214) Metaspace: 6302K(6528K)->6302K(6528K) NonClass: 5769K(5888K)->5769K(5888K) Class: 533K(640K)->533K(640K)
[38.485s][info][gc             ] GC(214) Pause Full (Ergonomics) 5432M->5428M(6176M) 1741.588ms
[38.485s][info][gc,cpu         ] GC(214) User=13.00s Sys=0.00s Real=1.74s
[38.578s][info][gc,start       ] GC(215) Pause Young (Allocation Failure)
[38.939s][info][gc,heap        ] GC(215) PSYoungGen: 145534K(306688K)->117152K(311296K) Eden: 86016K(86016K)->0K(86016K) From: 59518K(220672K)->117152K(225280K)
[38.939s][info][gc,heap        ] GC(215) ParOldGen: 5499104K(6018048K)->5528112K(6018048K)
[38.939s][info][gc,metaspace   ] GC(215) Metaspace: 6302K(6528K)->6302K(6528K) NonClass: 5769K(5888K)->5769K(5888K) Class: 533K(640K)->533K(640K)
[38.939s][info][gc             ] GC(215) Pause Young (Allocation Failure) 5512M->5512M(6181M) 361.191ms
[38.939s][info][gc,cpu         ] GC(215) User=1.94s Sys=0.02s Real=0.36s
[39.047s][info][gc,start       ] GC(216) Pause Young (Allocation Failure)
[39.178s][info][gc,heap        ] GC(216) PSYoungGen: 203168K(311296K)->203360K(292352K) Eden: 86016K(86016K)->0K(74752K) From: 117152K(225280K)->203360K(217600K)
[39.178s][info][gc,heap        ] GC(216) ParOldGen: 5528112K(6018048K)->5528112K(6018048K)
[39.178s][info][gc,metaspace   ] GC(216) Metaspace: 6302K(6528K)->6302K(6528K) NonClass: 5769K(5888K)->5769K(5888K) Class: 533K(640K)->533K(640K)
[39.178s][info][gc             ] GC(216) Pause Young (Allocation Failure) 5596M->5597M(6162M) 131.105ms
[39.178s][info][gc,cpu         ] GC(216) User=0.78s Sys=0.00s Real=0.13s
[40.327s][info][gc,start       ] GC(217) Pause Young (Allocation Failure)
[40.578s][info][gc,heap        ] GC(217) PSYoungGen: 278112K(292352K)->237056K(311808K) Eden: 74752K(74752K)->0K(74752K) From: 203360K(217600K)->237056K(237056K)
[40.578s][info][gc,heap        ] GC(217) ParOldGen: 5790256K(6018048K)->5831624K(6018048K)
[40.578s][info][gc,metaspace   ] GC(217) Metaspace: 6302K(6528K)->6302K(6528K) NonClass: 5769K(5888K)->5769K(5888K) Class: 533K(640K)->533K(640K)
[40.579s][info][gc             ] GC(217) Pause Young (Allocation Failure) 5926M->5926M(6181M) 251.329ms
[40.579s][info][gc,cpu         ] GC(217) User=1.56s Sys=0.05s Real=0.25s
[40.659s][info][gc,start       ] GC(218) Pause Young (Allocation Failure)
[40.822s][info][gc,heap        ] GC(218) PSYoungGen: 311808K(311808K)->215744K(350208K) Eden: 74752K(74752K)->0K(70144K) From: 237056K(237056K)->215744K(280064K)
[40.822s][info][gc,heap        ] GC(218) ParOldGen: 5831624K(6018048K)->5928640K(6018048K)
[40.822s][info][gc,metaspace   ] GC(218) Metaspace: 6302K(6528K)->6302K(6528K) NonClass: 5769K(5888K)->5769K(5888K) Class: 533K(640K)->533K(640K)
[40.822s][info][gc             ] GC(218) Pause Young (Allocation Failure) 5999M->6000M(6219M) 162.737ms
[40.822s][info][gc,cpu         ] GC(218) User=1.08s Sys=0.08s Real=0.16s
[40.822s][info][gc,start       ] GC(219) Pause Full (Ergonomics)
[40.822s][info][gc,phases,start] GC(219) Marking Phase
[42.228s][info][gc,phases      ] GC(219) Marking Phase 1405.778ms
[42.228s][info][gc,phases,start] GC(219) Summary Phase
[42.228s][info][gc,phases      ] GC(219) Summary Phase 0.103ms
[42.228s][info][gc,phases,start] GC(219) Adjust Roots
[42.228s][info][gc,phases      ] GC(219) Adjust Roots 0.162ms
[42.228s][info][gc,phases,start] GC(219) Compaction Phase
[43.238s][info][gc,phases      ] GC(219) Compaction Phase 1009.580ms
[43.238s][info][gc,phases,start] GC(219) Post Compact
[43.250s][info][gc,phases      ] GC(219) Post Compact 12.209ms
[43.251s][info][gc,heap        ] GC(219) PSYoungGen: 215744K(350208K)->0K(361472K) Eden: 0K(70144K)->0K(70144K) From: 215744K(280064K)->0K(291328K)
[43.251s][info][gc,heap        ] GC(219) ParOldGen: 5928640K(6018048K)->6011101K(6212608K)
[43.251s][info][gc,metaspace   ] GC(219) Metaspace: 6302K(6528K)->6302K(6528K) NonClass: 5769K(5888K)->5769K(5888K) Class: 533K(640K)->533K(640K)
[43.251s][info][gc             ] GC(219) Pause Full (Ergonomics) 6000M->5870M(6420M) 2429.057ms
[43.251s][info][gc,cpu         ] GC(219) User=15.33s Sys=0.17s Real=2.43s
[43.335s][info][gc,start       ] GC(220) Pause Young (Allocation Failure)
[43.426s][info][gc,heap        ] GC(220) PSYoungGen: 70144K(361472K)->70400K(367616K) Eden: 70144K(70144K)->0K(76288K) From: 0K(291328K)->70400K(291328K)
[43.426s][info][gc,heap        ] GC(220) ParOldGen: 6011101K(6212608K)->6011101K(6212608K)
[43.426s][info][gc,metaspace   ] GC(220) Metaspace: 6302K(6528K)->6302K(6528K) NonClass: 5769K(5888K)->5769K(5888K) Class: 533K(640K)->533K(640K)
[43.426s][info][gc             ] GC(220) Pause Young (Allocation Failure) 5938M->5938M(6426M) 91.775ms
[43.426s][info][gc,cpu         ] GC(220) User=0.20s Sys=0.00s Real=0.09s
[43.501s][info][gc,start       ] GC(221) Pause Young (Allocation Failure)
[43.616s][info][gc,heap        ] GC(221) PSYoungGen: 146688K(367616K)->146816K(223232K) Eden: 76288K(76288K)->0K(76288K) From: 70400K(291328K)->146816K(146944K)
[43.616s][info][gc,heap        ] GC(221) ParOldGen: 6011101K(6212608K)->6011101K(6212608K)
[43.616s][info][gc,metaspace   ] GC(221) Metaspace: 6302K(6528K)->6302K(6528K) NonClass: 5769K(5888K)->5769K(5888K) Class: 533K(640K)->533K(640K)
[43.616s][info][gc             ] GC(221) Pause Young (Allocation Failure) 6013M->6013M(6285M) 114.928ms
[43.616s][info][gc,cpu         ] GC(221) User=0.25s Sys=0.00s Real=0.12s
[43.701s][info][gc,start       ] GC(222) Pause Young (Allocation Failure)
[43.833s][info][gc,heap        ] GC(222) PSYoungGen: 223104K(223232K)->223232K(346624K) Eden: 76288K(76288K)->0K(68608K) From: 146816K(146944K)->223232K(278016K)
[43.833s][info][gc,heap        ] GC(222) ParOldGen: 6011101K(6212608K)->6011101K(6212608K)
[43.833s][info][gc,metaspace   ] GC(222) Metaspace: 6302K(6528K)->6302K(6528K) NonClass: 5769K(5888K)->5769K(5888K) Class: 533K(640K)->533K(640K)
[43.833s][info][gc             ] GC(222) Pause Young (Allocation Failure) 6088M->6088M(6405M) 132.229ms
[43.833s][info][gc,cpu         ] GC(222) User=0.48s Sys=0.00s Real=0.13s
[43.908s][info][gc,start       ] GC(223) Pause Young (Allocation Failure)
[44.059s][info][gc,heap        ] GC(223) PSYoungGen: 291840K(346624K)->292000K(361472K) Eden: 68608K(68608K)->0K(68608K) From: 223232K(278016K)->292000K(292864K)
[44.059s][info][gc,heap        ] GC(223) ParOldGen: 6011101K(6212608K)->6011101K(6212608K)
[44.059s][info][gc,metaspace   ] GC(223) Metaspace: 6302K(6528K)->6302K(6528K) NonClass: 5769K(5888K)->5769K(5888K) Class: 533K(640K)->533K(640K)
[44.059s][info][gc             ] GC(223) Pause Young (Allocation Failure) 6155M->6155M(6420M) 150.610ms
[44.059s][info][gc,cpu         ] GC(223) User=0.61s Sys=0.00s Real=0.15s
[44.132s][info][gc,start       ] GC(224) Pause Young (Allocation Failure)
[44.322s][info][gc,heap        ] GC(224) PSYoungGen: 360608K(361472K)->330240K(351744K) Eden: 68608K(68608K)->0K(21504K) From: 292000K(292864K)->330240K(330240K)
[44.322s][info][gc,heap        ] GC(224) ParOldGen: 6011101K(6212608K)->6041589K(6212608K)
[44.322s][info][gc,metaspace   ] GC(224) Metaspace: 6302K(6528K)->6302K(6528K) NonClass: 5769K(5888K)->5769K(5888K) Class: 533K(640K)->533K(640K)
[44.322s][info][gc             ] GC(224) Pause Young (Allocation Failure) 6222M->6222M(6410M) 190.798ms
[44.322s][info][gc,cpu         ] GC(224) User=1.03s Sys=0.12s Real=0.19s
[44.345s][info][gc,start       ] GC(225) Pause Young (Allocation Failure)
[44.514s][info][gc,heap        ] GC(225) PSYoungGen: 351744K(351744K)->351872K(406528K) Eden: 21504K(21504K)->0K(21504K) From: 330240K(330240K)->351872K(385024K)
[44.514s][info][gc,heap        ] GC(225) ParOldGen: 6041589K(6212608K)->6041589K(6212608K)
[44.514s][info][gc,metaspace   ] GC(225) Metaspace: 6302K(6528K)->6302K(6528K) NonClass: 5769K(5888K)->5769K(5888K) Class: 533K(640K)->533K(640K)
[44.514s][info][gc             ] GC(225) Pause Young (Allocation Failure) 6243M->6243M(6464M) 169.507ms
[44.514s][info][gc,cpu         ] GC(225) User=1.09s Sys=0.00s Real=0.17s
[44.536s][info][gc,start       ] GC(226) Pause Young (Allocation Failure)
[44.730s][info][gc,heap        ] GC(226) PSYoungGen: 373376K(406528K)->242400K(435200K) Eden: 21504K(21504K)->0K(25088K) From: 351872K(385024K)->242400K(410112K)
[44.730s][info][gc,heap        ] GC(226) ParOldGen: 6041589K(6212608K)->6173533K(6212608K)
[44.730s][info][gc,metaspace   ] GC(226) Metaspace: 6302K(6528K)->6302K(6528K) NonClass: 5769K(5888K)->5769K(5888K) Class: 533K(640K)->533K(640K)
[44.730s][info][gc             ] GC(226) Pause Young (Allocation Failure) 6264M->6265M(6492M) 194.389ms
[44.730s][info][gc,cpu         ] GC(226) User=1.08s Sys=0.11s Real=0.19s
[44.730s][info][gc,start       ] GC(227) Pause Full (Ergonomics)
[44.730s][info][gc,phases,start] GC(227) Marking Phase
[46.262s][info][gc,phases      ] GC(227) Marking Phase 1531.508ms
[46.262s][info][gc,phases,start] GC(227) Summary Phase
[46.262s][info][gc,phases      ] GC(227) Summary Phase 0.105ms
[46.262s][info][gc,phases,start] GC(227) Adjust Roots
[46.262s][info][gc,phases      ] GC(227) Adjust Roots 0.324ms
[46.262s][info][gc,phases,start] GC(227) Compaction Phase
[46.868s][info][gc,phases      ] GC(227) Compaction Phase 605.583ms
[46.868s][info][gc,phases,start] GC(227) Post Compact
[46.878s][info][gc,phases      ] GC(227) Post Compact 10.157ms
[46.878s][info][gc,heap        ] GC(227) PSYoungGen: 242400K(435200K)->201369K(439296K) Eden: 0K(25088K)->0K(29184K) From: 242400K(410112K)->201369K(410112K)
[46.878s][info][gc,heap        ] GC(227) ParOldGen: 6173533K(6212608K)->6212459K(6212608K)
[46.878s][info][gc,metaspace   ] GC(227) Metaspace: 6302K(6528K)->6302K(6528K) NonClass: 5769K(5888K)->5769K(5888K) Class: 533K(640K)->533K(640K)
[46.878s][info][gc             ] GC(227) Pause Full (Ergonomics) 6265M->6263M(6496M) 2148.110ms
[46.878s][info][gc,cpu         ] GC(227) User=14.44s Sys=0.03s Real=2.15s
[46.910s][info][gc,start       ] GC(228) Pause Full (Ergonomics)
[46.910s][info][gc,phases,start] GC(228) Marking Phase
[48.359s][info][gc,phases      ] GC(228) Marking Phase 1448.540ms
[48.359s][info][gc,phases,start] GC(228) Summary Phase
[48.359s][info][gc,phases      ] GC(228) Summary Phase 0.070ms
[48.359s][info][gc,phases,start] GC(228) Adjust Roots
[48.359s][info][gc,phases      ] GC(228) Adjust Roots 0.186ms
[48.359s][info][gc,phases,start] GC(228) Compaction Phase
[48.858s][info][gc,phases      ] GC(228) Compaction Phase 498.803ms
[48.858s][info][gc,phases,start] GC(228) Post Compact
[48.868s][info][gc,phases      ] GC(228) Post Compact 10.157ms
[48.868s][info][gc,heap        ] GC(228) PSYoungGen: 230553K(439296K)->230523K(439296K) Eden: 29184K(29184K)->29153K(29184K) From: 201369K(410112K)->201369K(410112K)
[48.868s][info][gc,heap        ] GC(228) ParOldGen: 6212459K(6212608K)->6212459K(6212608K)
[48.868s][info][gc,metaspace   ] GC(228) Metaspace: 6302K(6528K)->6302K(6528K) NonClass: 5769K(5888K)->5769K(5888K) Class: 533K(640K)->533K(640K)
[48.868s][info][gc             ] GC(228) Pause Full (Ergonomics) 6292M->6291M(6496M) 1958.190ms
[48.868s][info][gc,cpu         ] GC(228) User=14.33s Sys=0.02s Real=1.96s
[48.869s][info][gc,start       ] GC(229) Pause Full (Ergonomics)
[48.869s][info][gc,phases,start] GC(229) Marking Phase
[50.314s][info][gc,phases      ] GC(229) Marking Phase 1445.378ms
[50.314s][info][gc,phases,start] GC(229) Summary Phase
[50.314s][info][gc,phases      ] GC(229) Summary Phase 0.071ms
[50.314s][info][gc,phases,start] GC(229) Adjust Roots
[50.314s][info][gc,phases      ] GC(229) Adjust Roots 0.161ms
[50.314s][info][gc,phases,start] GC(229) Compaction Phase
[50.821s][info][gc,phases      ] GC(229) Compaction Phase 506.797ms
[50.821s][info][gc,phases,start] GC(229) Post Compact
[50.831s][info][gc,phases      ] GC(229) Post Compact 9.731ms
[50.831s][info][gc,heap        ] GC(229) PSYoungGen: 230553K(439296K)->230553K(439296K) Eden: 29184K(29184K)->29183K(29184K) From: 201369K(410112K)->201369K(410112K)
[50.831s][info][gc,heap        ] GC(229) ParOldGen: 6212459K(6212608K)->6212459K(6212608K)
[50.831s][info][gc,metaspace   ] GC(229) Metaspace: 6302K(6528K)->6302K(6528K) NonClass: 5769K(5888K)->5769K(5888K) Class: 533K(640K)->533K(640K)
[50.831s][info][gc             ] GC(229) Pause Full (Ergonomics) 6292M->6292M(6496M) 1962.473ms
[50.831s][info][gc,cpu         ] GC(229) User=14.06s Sys=0.02s Real=1.96s
[50.831s][info][gc,start       ] GC(230) Pause Full (Ergonomics)
[50.831s][info][gc,phases,start] GC(230) Marking Phase
[52.278s][info][gc,phases      ] GC(230) Marking Phase 1446.954ms
[52.278s][info][gc,phases,start] GC(230) Summary Phase
[52.278s][info][gc,phases      ] GC(230) Summary Phase 0.067ms
[52.278s][info][gc,phases,start] GC(230) Adjust Roots
[52.279s][info][gc,phases      ] GC(230) Adjust Roots 0.170ms
[52.279s][info][gc,phases,start] GC(230) Compaction Phase
[52.797s][info][gc,phases      ] GC(230) Compaction Phase 518.316ms
[52.797s][info][gc,phases,start] GC(230) Post Compact
[52.807s][info][gc,phases      ] GC(230) Post Compact 9.863ms
[52.807s][info][gc,heap        ] GC(230) PSYoungGen: 230553K(439296K)->230553K(439296K) Eden: 29183K(29184K)->29183K(29184K) From: 201369K(410112K)->201369K(410112K)
[52.807s][info][gc,heap        ] GC(230) ParOldGen: 6212459K(6212608K)->6212459K(6212608K)
[52.807s][info][gc,metaspace   ] GC(230) Metaspace: 6302K(6528K)->6302K(6528K) NonClass: 5769K(5888K)->5769K(5888K) Class: 533K(640K)->533K(640K)
[52.807s][info][gc             ] GC(230) Pause Full (Ergonomics) 6292M->6292M(6496M) 1975.743ms
[52.807s][info][gc,cpu         ] GC(230) User=14.17s Sys=0.00s Real=1.98s
[52.807s][info][gc,start       ] GC(231) Pause Full (Ergonomics)
[52.807s][info][gc,phases,start] GC(231) Marking Phase
[54.260s][info][gc,phases      ] GC(231) Marking Phase 1452.658ms
[54.260s][info][gc,phases,start] GC(231) Summary Phase
[54.260s][info][gc,phases      ] GC(231) Summary Phase 0.065ms
[54.260s][info][gc,phases,start] GC(231) Adjust Roots
[54.260s][info][gc,phases      ] GC(231) Adjust Roots 0.164ms
[54.260s][info][gc,phases,start] GC(231) Compaction Phase
[54.791s][info][gc,phases      ] GC(231) Compaction Phase 530.921ms
[54.791s][info][gc,phases,start] GC(231) Post Compact
[54.802s][info][gc,phases      ] GC(231) Post Compact 10.824ms
[54.802s][info][gc,heap        ] GC(231) PSYoungGen: 230553K(439296K)->230553K(439296K) Eden: 29183K(29184K)->29183K(29184K) From: 201369K(410112K)->201369K(410112K)
[54.802s][info][gc,heap        ] GC(231) ParOldGen: 6212464K(6212608K)->6212464K(6212608K)
[54.802s][info][gc,metaspace   ] GC(231) Metaspace: 6302K(6528K)->6302K(6528K) NonClass: 5769K(5888K)->5769K(5888K) Class: 533K(640K)->533K(640K)
[54.802s][info][gc             ] GC(231) Pause Full (Ergonomics) 6292M->6292M(6496M) 1995.009ms
[54.802s][info][gc,cpu         ] GC(231) User=14.38s Sys=0.02s Real=1.99s
[54.802s][info][gc,start       ] GC(232) Pause Full (Ergonomics)
[54.803s][info][gc,phases,start] GC(232) Marking Phase
[56.282s][info][gc,phases      ] GC(232) Marking Phase 1479.132ms
[56.282s][info][gc,phases,start] GC(232) Summary Phase
[56.282s][info][gc,phases      ] GC(232) Summary Phase 0.066ms
[56.282s][info][gc,phases,start] GC(232) Adjust Roots
[56.282s][info][gc,phases      ] GC(232) Adjust Roots 0.162ms
[56.282s][info][gc,phases,start] GC(232) Compaction Phase
[56.818s][info][gc,phases      ] GC(232) Compaction Phase 536.346ms
[56.818s][info][gc,phases,start] GC(232) Post Compact
[56.829s][info][gc,phases      ] GC(232) Post Compact 10.446ms
[56.829s][info][gc,heap        ] GC(232) PSYoungGen: 230553K(439296K)->230553K(439296K) Eden: 29183K(29184K)->29183K(29184K) From: 201369K(410112K)->201369K(410112K)
[56.829s][info][gc,heap        ] GC(232) ParOldGen: 6212469K(6212608K)->6212469K(6212608K)
[56.829s][info][gc,metaspace   ] GC(232) Metaspace: 6302K(6528K)->6302K(6528K) NonClass: 5769K(5888K)->5769K(5888K) Class: 533K(640K)->533K(640K)
[56.829s][info][gc             ] GC(232) Pause Full (Ergonomics) 6292M->6292M(6496M) 2026.525ms
[56.829s][info][gc,cpu         ] GC(232) User=14.20s Sys=0.02s Real=2.03s
[56.829s][info][gc,start       ] GC(233) Pause Full (Ergonomics)
[56.829s][info][gc,phases,start] GC(233) Marking Phase
[58.318s][info][gc,phases      ] GC(233) Marking Phase 1489.149ms
[58.318s][info][gc,phases,start] GC(233) Summary Phase
[58.319s][info][gc,phases      ] GC(233) Summary Phase 0.066ms
[58.319s][info][gc,phases,start] GC(233) Adjust Roots
[58.319s][info][gc,phases      ] GC(233) Adjust Roots 0.169ms
[58.319s][info][gc,phases,start] GC(233) Compaction Phase
[58.848s][info][gc,phases      ] GC(233) Compaction Phase 529.165ms
[58.848s][info][gc,phases,start] GC(233) Post Compact
[58.858s][info][gc,phases      ] GC(233) Post Compact 10.302ms
[58.858s][info][gc,heap        ] GC(233) PSYoungGen: 230553K(439296K)->230553K(439296K) Eden: 29183K(29184K)->29183K(29184K) From: 201369K(410112K)->201369K(410112K)
[58.858s][info][gc,heap        ] GC(233) ParOldGen: 6212474K(6212608K)->6212474K(6212608K)
[58.858s][info][gc,metaspace   ] GC(233) Metaspace: 6302K(6528K)->6302K(6528K) NonClass: 5769K(5888K)->5769K(5888K) Class: 533K(640K)->533K(640K)
[58.858s][info][gc             ] GC(233) Pause Full (Ergonomics) 6292M->6292M(6496M) 2029.195ms
[58.858s][info][gc,cpu         ] GC(233) User=14.44s Sys=0.02s Real=2.03s
[58.859s][info][gc,start       ] GC(234) Pause Full (Ergonomics)
[58.859s][info][gc,phases,start] GC(234) Marking Phase
[60.335s][info][gc,phases      ] GC(234) Marking Phase 1476.672ms
[60.335s][info][gc,phases,start] GC(234) Summary Phase
[60.335s][info][gc,phases      ] GC(234) Summary Phase 0.066ms
[60.336s][info][gc,phases,start] GC(234) Adjust Roots
[60.336s][info][gc,phases      ] GC(234) Adjust Roots 0.163ms
[60.336s][info][gc,phases,start] GC(234) Compaction Phase
[60.892s][info][gc,phases      ] GC(234) Compaction Phase 556.113ms
[60.892s][info][gc,phases,start] GC(234) Post Compact
[60.902s][info][gc,phases      ] GC(234) Post Compact 10.017ms
[60.902s][info][gc,heap        ] GC(234) PSYoungGen: 230553K(439296K)->230553K(439296K) Eden: 29183K(29184K)->29183K(29184K) From: 201369K(410112K)->201369K(410112K)
[60.902s][info][gc,heap        ] GC(234) ParOldGen: 6212479K(6212608K)->6212479K(6212608K)
[60.902s][info][gc,metaspace   ] GC(234) Metaspace: 6302K(6528K)->6302K(6528K) NonClass: 5769K(5888K)->5769K(5888K) Class: 533K(640K)->533K(640K)
[60.902s][info][gc             ] GC(234) Pause Full (Ergonomics) 6292M->6292M(6496M) 2043.383ms
[60.902s][info][gc,cpu         ] GC(234) User=14.48s Sys=0.00s Real=2.04s
[60.902s][info][gc,start       ] GC(235) Pause Full (Ergonomics)
[60.902s][info][gc,phases,start] GC(235) Marking Phase
[62.435s][info][gc,phases      ] GC(235) Marking Phase 1533.168ms
[62.436s][info][gc,phases,start] GC(235) Summary Phase
[62.436s][info][gc,phases      ] GC(235) Summary Phase 0.066ms
[62.436s][info][gc,phases,start] GC(235) Adjust Roots
[62.436s][info][gc,phases      ] GC(235) Adjust Roots 0.179ms
[62.436s][info][gc,phases,start] GC(235) Compaction Phase
[63.033s][info][gc,phases      ] GC(235) Compaction Phase 597.091ms
[63.033s][info][gc,phases,start] GC(235) Post Compact
[63.047s][info][gc,phases      ] GC(235) Post Compact 14.367ms
[63.047s][info][gc,heap        ] GC(235) PSYoungGen: 230553K(439296K)->230553K(439296K) Eden: 29183K(29184K)->29183K(29184K) From: 201369K(410112K)->201369K(410112K)
[63.048s][info][gc,heap        ] GC(235) ParOldGen: 6212483K(6212608K)->6212483K(6212608K)
[63.048s][info][gc,metaspace   ] GC(235) Metaspace: 6302K(6528K)->6302K(6528K) NonClass: 5769K(5888K)->5769K(5888K) Class: 533K(640K)->533K(640K)
[63.048s][info][gc             ] GC(235) Pause Full (Ergonomics) 6292M->6292M(6496M) 2145.282ms
[63.048s][info][gc,cpu         ] GC(235) User=14.27s Sys=0.03s Real=2.15s
[63.048s][info][gc,start       ] GC(236) Pause Full (Ergonomics)
[63.048s][info][gc,phases,start] GC(236) Marking Phase
[64.544s][info][gc,phases      ] GC(236) Marking Phase 1495.951ms
[64.544s][info][gc,phases,start] GC(236) Summary Phase
[64.544s][info][gc,phases      ] GC(236) Summary Phase 0.077ms
[64.544s][info][gc,phases,start] GC(236) Adjust Roots
[64.544s][info][gc,phases      ] GC(236) Adjust Roots 0.183ms
[64.544s][info][gc,phases,start] GC(236) Compaction Phase
[65.115s][info][gc,phases      ] GC(236) Compaction Phase 570.978ms
[65.115s][info][gc,phases,start] GC(236) Post Compact
[65.126s][info][gc,phases      ] GC(236) Post Compact 10.506ms
[65.126s][info][gc,heap        ] GC(236) PSYoungGen: 230553K(439296K)->230553K(439296K) Eden: 29183K(29184K)->29183K(29184K) From: 201369K(410112K)->201369K(410112K)
[65.126s][info][gc,heap        ] GC(236) ParOldGen: 6212488K(6212608K)->6212488K(6212608K)
[65.126s][info][gc,metaspace   ] GC(236) Metaspace: 6302K(6528K)->6302K(6528K) NonClass: 5769K(5888K)->5769K(5888K) Class: 533K(640K)->533K(640K)
[65.126s][info][gc             ] GC(236) Pause Full (Ergonomics) 6292M->6292M(6496M) 2078.070ms
[65.126s][info][gc,cpu         ] GC(236) User=14.67s Sys=0.00s Real=2.08s
[65.126s][info][gc,start       ] GC(237) Pause Full (Ergonomics)
[65.126s][info][gc,phases,start] GC(237) Marking Phase
[66.650s][info][gc,phases      ] GC(237) Marking Phase 1524.252ms
[66.650s][info][gc,phases,start] GC(237) Summary Phase
[66.651s][info][gc,phases      ] GC(237) Summary Phase 0.105ms
[66.651s][info][gc,phases,start] GC(237) Adjust Roots
[66.651s][info][gc,phases      ] GC(237) Adjust Roots 0.264ms
[66.651s][info][gc,phases,start] GC(237) Compaction Phase
[67.227s][info][gc,phases      ] GC(237) Compaction Phase 576.167ms
[67.227s][info][gc,phases,start] GC(237) Post Compact
[67.240s][info][gc,phases      ] GC(237) Post Compact 12.549ms
[67.240s][info][gc,heap        ] GC(237) PSYoungGen: 230553K(439296K)->230553K(439296K) Eden: 29183K(29184K)->29183K(29184K) From: 201369K(410112K)->201369K(410112K)
[67.240s][info][gc,heap        ] GC(237) ParOldGen: 6212493K(6212608K)->6212493K(6212608K)
[67.240s][info][gc,metaspace   ] GC(237) Metaspace: 6302K(6528K)->6302K(6528K) NonClass: 5769K(5888K)->5769K(5888K) Class: 533K(640K)->533K(640K)
[67.240s][info][gc             ] GC(237) Pause Full (Ergonomics) 6292M->6292M(6496M) 2113.720ms
[67.240s][info][gc,cpu         ] GC(237) User=14.02s Sys=0.02s Real=2.11s
[67.240s][info][gc,start       ] GC(238) Pause Full (Ergonomics)
[67.240s][info][gc,phases,start] GC(238) Marking Phase
[68.759s][info][gc,phases      ] GC(238) Marking Phase 1518.924ms
[68.759s][info][gc,phases,start] GC(238) Summary Phase
[68.759s][info][gc,phases      ] GC(238) Summary Phase 0.080ms
[68.759s][info][gc,phases,start] GC(238) Adjust Roots
[68.759s][info][gc,phases      ] GC(238) Adjust Roots 0.198ms
[68.759s][info][gc,phases,start] GC(238) Compaction Phase
[69.335s][info][gc,phases      ] GC(238) Compaction Phase 575.953ms
[69.335s][info][gc,phases,start] GC(238) Post Compact
[69.349s][info][gc,phases      ] GC(238) Post Compact 13.901ms
[69.349s][info][gc,heap        ] GC(238) PSYoungGen: 230553K(439296K)->230553K(439296K) Eden: 29183K(29184K)->29183K(29184K) From: 201369K(410112K)->201369K(410112K)
[69.349s][info][gc,heap        ] GC(238) ParOldGen: 6212498K(6212608K)->6212498K(6212608K)
[69.349s][info][gc,metaspace   ] GC(238) Metaspace: 6302K(6528K)->6302K(6528K) NonClass: 5769K(5888K)->5769K(5888K) Class: 533K(640K)->533K(640K)
[69.349s][info][gc             ] GC(238) Pause Full (Ergonomics) 6292M->6292M(6496M) 2109.391ms
[69.349s][info][gc,cpu         ] GC(238) User=14.75s Sys=0.00s Real=2.11s
[69.350s][info][gc,start       ] GC(239) Pause Full (Ergonomics)
[69.350s][info][gc,phases,start] GC(239) Marking Phase
[70.897s][info][gc,phases      ] GC(239) Marking Phase 1547.654ms
[70.897s][info][gc,phases,start] GC(239) Summary Phase
[70.897s][info][gc,phases      ] GC(239) Summary Phase 0.099ms
[70.897s][info][gc,phases,start] GC(239) Adjust Roots
[70.898s][info][gc,phases      ] GC(239) Adjust Roots 0.218ms
[70.898s][info][gc,phases,start] GC(239) Compaction Phase
[71.459s][info][gc,phases      ] GC(239) Compaction Phase 561.021ms
[71.459s][info][gc,phases,start] GC(239) Post Compact
[71.469s][info][gc,phases      ] GC(239) Post Compact 9.758ms
[71.469s][info][gc,heap        ] GC(239) PSYoungGen: 230553K(439296K)->230553K(439296K) Eden: 29183K(29184K)->29183K(29184K) From: 201369K(410112K)->201369K(410112K)
[71.469s][info][gc,heap        ] GC(239) ParOldGen: 6212503K(6212608K)->6212503K(6212608K)
[71.469s][info][gc,metaspace   ] GC(239) Metaspace: 6302K(6528K)->6302K(6528K) NonClass: 5769K(5888K)->5769K(5888K) Class: 533K(640K)->533K(640K)
[71.469s][info][gc             ] GC(239) Pause Full (Ergonomics) 6292M->6292M(6496M) 2119.094ms
[71.469s][info][gc,cpu         ] GC(239) User=14.77s Sys=0.02s Real=2.12s
[71.469s][info][gc,start       ] GC(240) Pause Full (Ergonomics)
[71.469s][info][gc,phases,start] GC(240) Marking Phase
[73.011s][info][gc,phases      ] GC(240) Marking Phase 1542.284ms
[73.011s][info][gc,phases,start] GC(240) Summary Phase
[73.011s][info][gc,phases      ] GC(240) Summary Phase 0.117ms
[73.011s][info][gc,phases,start] GC(240) Adjust Roots
[73.012s][info][gc,phases      ] GC(240) Adjust Roots 0.224ms
[73.012s][info][gc,phases,start] GC(240) Compaction Phase
[73.565s][info][gc,phases      ] GC(240) Compaction Phase 552.979ms
[73.565s][info][gc,phases,start] GC(240) Post Compact
[73.575s][info][gc,phases      ] GC(240) Post Compact 10.041ms
[73.575s][info][gc,heap        ] GC(240) PSYoungGen: 230553K(439296K)->230553K(439296K) Eden: 29183K(29184K)->29183K(29184K) From: 201369K(410112K)->201369K(410112K)
[73.575s][info][gc,heap        ] GC(240) ParOldGen: 6212508K(6212608K)->6212508K(6212608K)
[73.575s][info][gc,metaspace   ] GC(240) Metaspace: 6302K(6528K)->6302K(6528K) NonClass: 5769K(5888K)->5769K(5888K) Class: 533K(640K)->533K(640K)
[73.575s][info][gc             ] GC(240) Pause Full (Ergonomics) 6292M->6292M(6496M) 2106.054ms
[73.575s][info][gc,cpu         ] GC(240) User=15.11s Sys=0.00s Real=2.11s
[73.575s][info][gc,start       ] GC(241) Pause Full (Ergonomics)
[73.575s][info][gc,phases,start] GC(241) Marking Phase
[75.102s][info][gc,phases      ] GC(241) Marking Phase 1526.950ms
[75.102s][info][gc,phases,start] GC(241) Summary Phase
[75.102s][info][gc,phases      ] GC(241) Summary Phase 0.074ms
[75.102s][info][gc,phases,start] GC(241) Adjust Roots
[75.103s][info][gc,phases      ] GC(241) Adjust Roots 0.181ms
[75.103s][info][gc,phases,start] GC(241) Compaction Phase
[75.678s][info][gc,phases      ] GC(241) Compaction Phase 575.811ms
[75.678s][info][gc,phases,start] GC(241) Post Compact
[75.688s][info][gc,phases      ] GC(241) Post Compact 9.834ms
[75.688s][info][gc,heap        ] GC(241) PSYoungGen: 230553K(439296K)->230553K(439296K) Eden: 29183K(29184K)->29183K(29184K) From: 201369K(410112K)->201369K(410112K)
[75.688s][info][gc,heap        ] GC(241) ParOldGen: 6212512K(6212608K)->6212512K(6212608K)
[75.688s][info][gc,metaspace   ] GC(241) Metaspace: 6302K(6528K)->6302K(6528K) NonClass: 5769K(5888K)->5769K(5888K) Class: 533K(640K)->533K(640K)
[75.688s][info][gc             ] GC(241) Pause Full (Ergonomics) 6292M->6292M(6496M) 2113.212ms
[75.688s][info][gc,cpu         ] GC(241) User=15.14s Sys=0.00s Real=2.11s
[75.689s][info][gc,start       ] GC(242) Pause Full (Ergonomics)
[75.689s][info][gc,phases,start] GC(242) Marking Phase
[77.199s][info][gc,phases      ] GC(242) Marking Phase 1510.228ms
[77.199s][info][gc,phases,start] GC(242) Summary Phase
[77.199s][info][gc,phases      ] GC(242) Summary Phase 0.068ms
[77.199s][info][gc,phases,start] GC(242) Adjust Roots
[77.199s][info][gc,phases      ] GC(242) Adjust Roots 0.166ms
[77.199s][info][gc,phases,start] GC(242) Compaction Phase
[77.749s][info][gc,phases      ] GC(242) Compaction Phase 549.954ms
[77.749s][info][gc,phases,start] GC(242) Post Compact
[77.759s][info][gc,phases      ] GC(242) Post Compact 9.675ms
[77.759s][info][gc,heap        ] GC(242) PSYoungGen: 230553K(439296K)->230553K(439296K) Eden: 29183K(29184K)->29183K(29184K) From: 201369K(410112K)->201369K(410112K)
[77.759s][info][gc,heap        ] GC(242) ParOldGen: 6212517K(6212608K)->6212517K(6212608K)
[77.759s][info][gc,metaspace   ] GC(242) Metaspace: 6302K(6528K)->6302K(6528K) NonClass: 5769K(5888K)->5769K(5888K) Class: 533K(640K)->533K(640K)
[77.759s][info][gc             ] GC(242) Pause Full (Ergonomics) 6292M->6292M(6496M) 2070.435ms
[77.759s][info][gc,cpu         ] GC(242) User=15.02s Sys=0.00s Real=2.07s
[77.759s][info][gc,start       ] GC(243) Pause Full (Ergonomics)
[77.759s][info][gc,phases,start] GC(243) Marking Phase
[79.297s][info][gc,phases      ] GC(243) Marking Phase 1537.603ms
[79.297s][info][gc,phases,start] GC(243) Summary Phase
[79.297s][info][gc,phases      ] GC(243) Summary Phase 0.071ms
[79.297s][info][gc,phases,start] GC(243) Adjust Roots
[79.297s][info][gc,phases      ] GC(243) Adjust Roots 0.196ms
[79.297s][info][gc,phases,start] GC(243) Compaction Phase
[79.897s][info][gc,phases      ] GC(243) Compaction Phase 600.142ms
[79.898s][info][gc,phases,start] GC(243) Post Compact
[79.910s][info][gc,phases      ] GC(243) Post Compact 12.104ms
[79.910s][info][gc,heap        ] GC(243) PSYoungGen: 230553K(439296K)->230553K(439296K) Eden: 29183K(29184K)->29183K(29184K) From: 201369K(410112K)->201369K(410112K)
[79.910s][info][gc,heap        ] GC(243) ParOldGen: 6212522K(6212608K)->6212522K(6212608K)
[79.910s][info][gc,metaspace   ] GC(243) Metaspace: 6302K(6528K)->6302K(6528K) NonClass: 5769K(5888K)->5769K(5888K) Class: 533K(640K)->533K(640K)
[79.910s][info][gc             ] GC(243) Pause Full (Ergonomics) 6292M->6292M(6496M) 2150.493ms
[79.910s][info][gc,cpu         ] GC(243) User=15.48s Sys=0.02s Real=2.15s
[79.910s][info][gc,start       ] GC(244) Pause Full (Ergonomics)
[79.910s][info][gc,phases,start] GC(244) Marking Phase
[81.422s][info][gc,phases      ] GC(244) Marking Phase 1511.902ms
[81.422s][info][gc,phases,start] GC(244) Summary Phase
[81.422s][info][gc,phases      ] GC(244) Summary Phase 0.071ms
[81.422s][info][gc,phases,start] GC(244) Adjust Roots
[81.422s][info][gc,phases      ] GC(244) Adjust Roots 0.161ms
[81.422s][info][gc,phases,start] GC(244) Compaction Phase
[81.983s][info][gc,phases      ] GC(244) Compaction Phase 560.958ms
[81.983s][info][gc,phases,start] GC(244) Post Compact
[81.993s][info][gc,phases      ] GC(244) Post Compact 9.722ms
[81.993s][info][gc,heap        ] GC(244) PSYoungGen: 230553K(439296K)->230553K(439296K) Eden: 29183K(29184K)->29183K(29184K) From: 201369K(410112K)->201369K(410112K)
[81.993s][info][gc,heap        ] GC(244) ParOldGen: 6212527K(6212608K)->6212527K(6212608K)
[81.993s][info][gc,metaspace   ] GC(244) Metaspace: 6302K(6528K)->6302K(6528K) NonClass: 5769K(5888K)->5769K(5888K) Class: 533K(640K)->533K(640K)
[81.993s][info][gc             ] GC(244) Pause Full (Ergonomics) 6292M->6292M(6496M) 2083.171ms
[81.993s][info][gc,cpu         ] GC(244) User=15.05s Sys=0.00s Real=2.08s
[81.993s][info][gc,start       ] GC(245) Pause Full (Ergonomics)
[81.993s][info][gc,phases,start] GC(245) Marking Phase
[83.490s][info][gc,phases      ] GC(245) Marking Phase 1496.132ms
[83.490s][info][gc,phases,start] GC(245) Summary Phase
[83.490s][info][gc,phases      ] GC(245) Summary Phase 0.067ms
[83.490s][info][gc,phases,start] GC(245) Adjust Roots
[83.490s][info][gc,phases      ] GC(245) Adjust Roots 0.163ms
[83.490s][info][gc,phases,start] GC(245) Compaction Phase
[84.048s][info][gc,phases      ] GC(245) Compaction Phase 557.886ms
[84.048s][info][gc,phases,start] GC(245) Post Compact
[84.058s][info][gc,phases      ] GC(245) Post Compact 9.680ms
[84.058s][info][gc,heap        ] GC(245) PSYoungGen: 230553K(439296K)->230553K(439296K) Eden: 29183K(29184K)->29183K(29184K) From: 201369K(410112K)->201369K(410112K)
[84.058s][info][gc,heap        ] GC(245) ParOldGen: 6212532K(6212608K)->6212532K(6212608K)
[84.058s][info][gc,metaspace   ] GC(245) Metaspace: 6302K(6528K)->6302K(6528K) NonClass: 5769K(5888K)->5769K(5888K) Class: 533K(640K)->533K(640K)
[84.058s][info][gc             ] GC(245) Pause Full (Ergonomics) 6292M->6292M(6496M) 2064.273ms
[84.058s][info][gc,cpu         ] GC(245) User=15.30s Sys=0.00s Real=2.07s
[84.058s][info][gc,start       ] GC(246) Pause Full (Ergonomics)
[84.058s][info][gc,phases,start] GC(246) Marking Phase
[85.598s][info][gc,phases      ] GC(246) Marking Phase 1539.812ms
[85.598s][info][gc,phases,start] GC(246) Summary Phase
[85.598s][info][gc,phases      ] GC(246) Summary Phase 0.072ms
[85.598s][info][gc,phases,start] GC(246) Adjust Roots
[85.598s][info][gc,phases      ] GC(246) Adjust Roots 0.203ms
[85.598s][info][gc,phases,start] GC(246) Compaction Phase
[86.178s][info][gc,phases      ] GC(246) Compaction Phase 579.429ms
[86.178s][info][gc,phases,start] GC(246) Post Compact
[86.188s][info][gc,phases      ] GC(246) Post Compact 10.290ms
[86.188s][info][gc,heap        ] GC(246) PSYoungGen: 230553K(439296K)->230553K(439296K) Eden: 29183K(29184K)->29183K(29184K) From: 201369K(410112K)->201369K(410112K)
[86.188s][info][gc,heap        ] GC(246) ParOldGen: 6212537K(6212608K)->6212537K(6212608K)
[86.188s][info][gc,metaspace   ] GC(246) Metaspace: 6302K(6528K)->6302K(6528K) NonClass: 5769K(5888K)->5769K(5888K) Class: 533K(640K)->533K(640K)
[86.188s][info][gc             ] GC(246) Pause Full (Ergonomics) 6292M->6292M(6496M) 2130.171ms
[86.188s][info][gc,cpu         ] GC(246) User=15.33s Sys=0.03s Real=2.13s
[86.188s][info][gc,start       ] GC(247) Pause Full (Ergonomics)
[86.188s][info][gc,phases,start] GC(247) Marking Phase
[87.710s][info][gc,phases      ] GC(247) Marking Phase 1521.377ms
[87.710s][info][gc,phases,start] GC(247) Summary Phase
[87.710s][info][gc,phases      ] GC(247) Summary Phase 0.066ms
[87.710s][info][gc,phases,start] GC(247) Adjust Roots
[87.710s][info][gc,phases      ] GC(247) Adjust Roots 0.215ms
[87.710s][info][gc,phases,start] GC(247) Compaction Phase
[88.266s][info][gc,phases      ] GC(247) Compaction Phase 555.658ms
[88.266s][info][gc,phases,start] GC(247) Post Compact
[88.275s][info][gc,phases      ] GC(247) Post Compact 9.701ms
[88.276s][info][gc,heap        ] GC(247) PSYoungGen: 230553K(439296K)->230553K(439296K) Eden: 29183K(29184K)->29183K(29184K) From: 201369K(410112K)->201369K(410112K)
[88.276s][info][gc,heap        ] GC(247) ParOldGen: 6212541K(6212608K)->6212541K(6212608K)
[88.276s][info][gc,metaspace   ] GC(247) Metaspace: 6302K(6528K)->6302K(6528K) NonClass: 5769K(5888K)->5769K(5888K) Class: 533K(640K)->533K(640K)
[88.276s][info][gc             ] GC(247) Pause Full (Ergonomics) 6292M->6292M(6496M) 2087.356ms
[88.276s][info][gc,cpu         ] GC(247) User=15.14s Sys=0.00s Real=2.09s
[88.276s][info][gc,start       ] GC(248) Pause Full (Ergonomics)
[88.276s][info][gc,phases,start] GC(248) Marking Phase
[89.791s][info][gc,phases      ] GC(248) Marking Phase 1514.925ms
[89.791s][info][gc,phases,start] GC(248) Summary Phase
[89.791s][info][gc,phases      ] GC(248) Summary Phase 0.072ms
[89.791s][info][gc,phases,start] GC(248) Adjust Roots
[89.791s][info][gc,phases      ] GC(248) Adjust Roots 0.207ms
[89.791s][info][gc,phases,start] GC(248) Compaction Phase
[90.371s][info][gc,phases      ] GC(248) Compaction Phase 580.014ms
[90.371s][info][gc,phases,start] GC(248) Post Compact
[90.381s][info][gc,phases      ] GC(248) Post Compact 9.781ms
[90.381s][info][gc,heap        ] GC(248) PSYoungGen: 230553K(439296K)->230553K(439296K) Eden: 29183K(29184K)->29183K(29184K) From: 201369K(410112K)->201369K(410112K)
[90.381s][info][gc,heap        ] GC(248) ParOldGen: 6212546K(6212608K)->6212546K(6212608K)
[90.381s][info][gc,metaspace   ] GC(248) Metaspace: 6302K(6528K)->6302K(6528K) NonClass: 5769K(5888K)->5769K(5888K) Class: 533K(640K)->533K(640K)
[90.381s][info][gc             ] GC(248) Pause Full (Ergonomics) 6292M->6292M(6496M) 2105.387ms
[90.381s][info][gc,cpu         ] GC(248) User=15.08s Sys=0.00s Real=2.11s
[90.381s][info][gc,start       ] GC(249) Pause Full (Ergonomics)
[90.381s][info][gc,phases,start] GC(249) Marking Phase
[91.949s][info][gc,phases      ] GC(249) Marking Phase 1567.392ms
[91.949s][info][gc,phases,start] GC(249) Summary Phase
[91.949s][info][gc,phases      ] GC(249) Summary Phase 0.091ms
[91.949s][info][gc,phases,start] GC(249) Adjust Roots
[91.949s][info][gc,phases      ] GC(249) Adjust Roots 0.346ms
[91.949s][info][gc,phases,start] GC(249) Compaction Phase
[92.517s][info][gc,phases      ] GC(249) Compaction Phase 567.632ms
[92.517s][info][gc,phases,start] GC(249) Post Compact
[92.527s][info][gc,phases      ] GC(249) Post Compact 9.998ms
[92.527s][info][gc,heap        ] GC(249) PSYoungGen: 230553K(439296K)->230553K(439296K) Eden: 29183K(29184K)->29183K(29184K) From: 201369K(410112K)->201369K(410112K)
[92.527s][info][gc,heap        ] GC(249) ParOldGen: 6212551K(6212608K)->6212551K(6212608K)
[92.527s][info][gc,metaspace   ] GC(249) Metaspace: 6302K(6528K)->6302K(6528K) NonClass: 5769K(5888K)->5769K(5888K) Class: 533K(640K)->533K(640K)
[92.527s][info][gc             ] GC(249) Pause Full (Ergonomics) 6292M->6292M(6496M) 2145.852ms
[92.527s][info][gc,cpu         ] GC(249) User=14.97s Sys=0.00s Real=2.15s
[92.527s][info][gc,start       ] GC(250) Pause Full (Ergonomics)
[92.528s][info][gc,phases,start] GC(250) Marking Phase
[94.126s][info][gc,phases      ] GC(250) Marking Phase 1598.647ms
[94.126s][info][gc,phases,start] GC(250) Summary Phase
[94.126s][info][gc,phases      ] GC(250) Summary Phase 0.103ms
[94.126s][info][gc,phases,start] GC(250) Adjust Roots
[94.127s][info][gc,phases      ] GC(250) Adjust Roots 0.337ms
[94.127s][info][gc,phases,start] GC(250) Compaction Phase
[94.806s][info][gc,phases      ] GC(250) Compaction Phase 679.623ms
[94.806s][info][gc,phases,start] GC(250) Post Compact
[94.819s][info][gc,phases      ] GC(250) Post Compact 12.758ms
[94.819s][info][gc,heap        ] GC(250) PSYoungGen: 230553K(439296K)->230553K(439296K) Eden: 29183K(29184K)->29183K(29184K) From: 201369K(410112K)->201369K(410112K)
[94.819s][info][gc,heap        ] GC(250) ParOldGen: 6212556K(6212608K)->6212556K(6212608K)
[94.819s][info][gc,metaspace   ] GC(250) Metaspace: 6302K(6528K)->6302K(6528K) NonClass: 5769K(5888K)->5769K(5888K) Class: 533K(640K)->533K(640K)
[94.819s][info][gc             ] GC(250) Pause Full (Ergonomics) 6292M->6292M(6496M) 2291.969ms
[94.819s][info][gc,cpu         ] GC(250) User=15.56s Sys=0.00s Real=2.29s
[94.820s][info][gc,start       ] GC(251) Pause Full (Ergonomics)
[94.820s][info][gc,phases,start] GC(251) Marking Phase
[96.459s][info][gc,phases      ] GC(251) Marking Phase 1638.838ms
[96.459s][info][gc,phases,start] GC(251) Summary Phase
[96.459s][info][gc,phases      ] GC(251) Summary Phase 0.106ms
[96.459s][info][gc,phases,start] GC(251) Adjust Roots
[96.459s][info][gc,phases      ] GC(251) Adjust Roots 0.286ms
[96.459s][info][gc,phases,start] GC(251) Compaction Phase
[97.074s][info][gc,phases      ] GC(251) Compaction Phase 614.887ms
[97.074s][info][gc,phases,start] GC(251) Post Compact
[97.084s][info][gc,phases      ] GC(251) Post Compact 10.064ms
[97.084s][info][gc,heap        ] GC(251) PSYoungGen: 230553K(439296K)->230553K(439296K) Eden: 29183K(29184K)->29183K(29184K) From: 201369K(410112K)->201369K(410112K)
[97.084s][info][gc,heap        ] GC(251) ParOldGen: 6212561K(6212608K)->6212561K(6212608K)
[97.084s][info][gc,metaspace   ] GC(251) Metaspace: 6302K(6528K)->6302K(6528K) NonClass: 5769K(5888K)->5769K(5888K) Class: 533K(640K)->533K(640K)
[97.084s][info][gc             ] GC(251) Pause Full (Ergonomics) 6292M->6292M(6496M) 2264.546ms
[97.084s][info][gc,cpu         ] GC(251) User=15.53s Sys=0.03s Real=2.26s
[97.084s][info][gc,start       ] GC(252) Pause Full (Ergonomics)
[97.085s][info][gc,phases,start] GC(252) Marking Phase
[98.656s][info][gc,phases      ] GC(252) Marking Phase 1571.604ms
[98.656s][info][gc,phases,start] GC(252) Summary Phase
[98.656s][info][gc,phases      ] GC(252) Summary Phase 0.119ms
[98.656s][info][gc,phases,start] GC(252) Adjust Roots
[98.657s][info][gc,phases      ] GC(252) Adjust Roots 0.370ms
[98.657s][info][gc,phases,start] GC(252) Compaction Phase
[99.323s][info][gc,phases      ] GC(252) Compaction Phase 665.940ms
[99.323s][info][gc,phases,start] GC(252) Post Compact
[99.333s][info][gc,phases      ] GC(252) Post Compact 10.586ms
[99.334s][info][gc,heap        ] GC(252) PSYoungGen: 230553K(439296K)->230553K(439296K) Eden: 29183K(29184K)->29183K(29184K) From: 201369K(410112K)->201369K(410112K)
[99.334s][info][gc,heap        ] GC(252) ParOldGen: 6212566K(6212608K)->6212566K(6212608K)
[99.334s][info][gc,metaspace   ] GC(252) Metaspace: 6302K(6528K)->6302K(6528K) NonClass: 5769K(5888K)->5769K(5888K) Class: 533K(640K)->533K(640K)
[99.334s][info][gc             ] GC(252) Pause Full (Ergonomics) 6292M->6292M(6496M) 2249.099ms
[99.334s][info][gc,cpu         ] GC(252) User=15.22s Sys=0.00s Real=2.25s
[99.334s][info][gc,start       ] GC(253) Pause Full (Ergonomics)
[99.334s][info][gc,phases,start] GC(253) Marking Phase
[100.910s][info][gc,phases      ] GC(253) Marking Phase 1576.485ms
[100.910s][info][gc,phases,start] GC(253) Summary Phase
[100.911s][info][gc,phases      ] GC(253) Summary Phase 0.111ms
[100.911s][info][gc,phases,start] GC(253) Adjust Roots
[100.911s][info][gc,phases      ] GC(253) Adjust Roots 0.336ms
[100.911s][info][gc,phases,start] GC(253) Compaction Phase
[101.555s][info][gc,phases      ] GC(253) Compaction Phase 644.141ms
[101.555s][info][gc,phases,start] GC(253) Post Compact
[101.569s][info][gc,phases      ] GC(253) Post Compact 13.630ms
[101.569s][info][gc,heap        ] GC(253) PSYoungGen: 230553K(439296K)->230553K(439296K) Eden: 29183K(29184K)->29183K(29184K) From: 201369K(410112K)->201369K(410112K)
[101.569s][info][gc,heap        ] GC(253) ParOldGen: 6212570K(6212608K)->6212570K(6212608K)
[101.569s][info][gc,metaspace   ] GC(253) Metaspace: 6302K(6528K)->6302K(6528K) NonClass: 5769K(5888K)->5769K(5888K) Class: 533K(640K)->533K(640K)
[101.569s][info][gc             ] GC(253) Pause Full (Ergonomics) 6292M->6292M(6496M) 2235.124ms
[101.569s][info][gc,cpu         ] GC(253) User=15.42s Sys=0.03s Real=2.23s
[101.569s][info][gc,start       ] GC(254) Pause Full (Ergonomics)
[101.569s][info][gc,phases,start] GC(254) Marking Phase
[103.130s][info][gc,phases      ] GC(254) Marking Phase 1561.172ms
[103.130s][info][gc,phases,start] GC(254) Summary Phase
[103.131s][info][gc,phases      ] GC(254) Summary Phase 0.093ms
[103.131s][info][gc,phases,start] GC(254) Adjust Roots
[103.131s][info][gc,phases      ] GC(254) Adjust Roots 0.277ms
[103.131s][info][gc,phases,start] GC(254) Compaction Phase
[103.749s][info][gc,phases      ] GC(254) Compaction Phase 618.376ms
[103.749s][info][gc,phases,start] GC(254) Post Compact
[103.759s][info][gc,phases      ] GC(254) Post Compact 10.148ms
[103.760s][info][gc,heap        ] GC(254) PSYoungGen: 230553K(439296K)->230553K(439296K) Eden: 29183K(29184K)->29183K(29184K) From: 201369K(410112K)->201369K(410112K)
[103.760s][info][gc,heap        ] GC(254) ParOldGen: 6212575K(6212608K)->6212575K(6212608K)
[103.760s][info][gc,metaspace   ] GC(254) Metaspace: 6302K(6528K)->6302K(6528K) NonClass: 5769K(5888K)->5769K(5888K) Class: 533K(640K)->533K(640K)
[103.760s][info][gc             ] GC(254) Pause Full (Ergonomics) 6292M->6292M(6496M) 2190.460ms
[103.760s][info][gc,cpu         ] GC(254) User=15.61s Sys=0.00s Real=2.19s
[103.760s][info][gc,start       ] GC(255) Pause Full (Ergonomics)
[103.760s][info][gc,phases,start] GC(255) Marking Phase
[105.315s][info][gc,phases      ] GC(255) Marking Phase 1555.425ms
[105.315s][info][gc,phases,start] GC(255) Summary Phase
[105.315s][info][gc,phases      ] GC(255) Summary Phase 0.068ms
[105.315s][info][gc,phases,start] GC(255) Adjust Roots
[105.316s][info][gc,phases      ] GC(255) Adjust Roots 0.175ms
[105.316s][info][gc,phases,start] GC(255) Compaction Phase
[105.901s][info][gc,phases      ] GC(255) Compaction Phase 585.331ms
[105.901s][info][gc,phases,start] GC(255) Post Compact
[105.911s][info][gc,phases      ] GC(255) Post Compact 10.162ms
[105.911s][info][gc,heap        ] GC(255) PSYoungGen: 230553K(439296K)->230553K(439296K) Eden: 29183K(29184K)->29183K(29184K) From: 201369K(410112K)->201369K(410112K)
[105.911s][info][gc,heap        ] GC(255) ParOldGen: 6212580K(6212608K)->6212580K(6212608K)
[105.911s][info][gc,metaspace   ] GC(255) Metaspace: 6302K(6528K)->6302K(6528K) NonClass: 5769K(5888K)->5769K(5888K) Class: 533K(640K)->533K(640K)
[105.911s][info][gc             ] GC(255) Pause Full (Ergonomics) 6292M->6292M(6496M) 2151.518ms
[105.911s][info][gc,cpu         ] GC(255) User=15.22s Sys=0.00s Real=2.15s
[105.912s][info][gc,start       ] GC(256) Pause Full (Ergonomics)
[105.912s][info][gc,phases,start] GC(256) Marking Phase
[107.514s][info][gc,phases      ] GC(256) Marking Phase 1602.111ms
[107.514s][info][gc,phases,start] GC(256) Summary Phase
[107.514s][info][gc,phases      ] GC(256) Summary Phase 0.071ms
[107.514s][info][gc,phases,start] GC(256) Adjust Roots
[107.514s][info][gc,phases      ] GC(256) Adjust Roots 0.220ms
[107.514s][info][gc,phases,start] GC(256) Compaction Phase
[108.089s][info][gc,phases      ] GC(256) Compaction Phase 575.184ms
[108.089s][info][gc,phases,start] GC(256) Post Compact
[108.099s][info][gc,phases      ] GC(256) Post Compact 9.980ms
[108.099s][info][gc,heap        ] GC(256) PSYoungGen: 230553K(439296K)->230553K(439296K) Eden: 29183K(29184K)->29183K(29184K) From: 201369K(410112K)->201369K(410112K)
[108.099s][info][gc,heap        ] GC(256) ParOldGen: 6212585K(6212608K)->6212585K(6212608K)
[108.099s][info][gc,metaspace   ] GC(256) Metaspace: 6302K(6528K)->6302K(6528K) NonClass: 5769K(5888K)->5769K(5888K) Class: 533K(640K)->533K(640K)
[108.099s][info][gc             ] GC(256) Pause Full (Ergonomics) 6292M->6292M(6496M) 2187.924ms
[108.100s][info][gc,cpu         ] GC(256) User=15.23s Sys=0.02s Real=2.19s
[108.100s][info][gc,start       ] GC(257) Pause Full (Ergonomics)
[108.100s][info][gc,phases,start] GC(257) Marking Phase
[109.654s][info][gc,phases      ] GC(257) Marking Phase 1553.758ms
[109.654s][info][gc,phases,start] GC(257) Summary Phase
[109.654s][info][gc,phases      ] GC(257) Summary Phase 0.065ms
[109.654s][info][gc,phases,start] GC(257) Adjust Roots
[109.654s][info][gc,phases      ] GC(257) Adjust Roots 0.245ms
[109.654s][info][gc,phases,start] GC(257) Compaction Phase
[110.245s][info][gc,phases      ] GC(257) Compaction Phase 591.285ms
[110.245s][info][gc,phases,start] GC(257) Post Compact
[110.255s][info][gc,phases      ] GC(257) Post Compact 9.965ms
[110.255s][info][gc,heap        ] GC(257) PSYoungGen: 230553K(439296K)->230553K(439296K) Eden: 29183K(29184K)->29183K(29184K) From: 201369K(410112K)->201369K(410112K)
[110.255s][info][gc,heap        ] GC(257) ParOldGen: 6212590K(6212608K)->6212590K(6212608K)
[110.255s][info][gc,metaspace   ] GC(257) Metaspace: 6302K(6528K)->6302K(6528K) NonClass: 5769K(5888K)->5769K(5888K) Class: 533K(640K)->533K(640K)
[110.255s][info][gc             ] GC(257) Pause Full (Ergonomics) 6292M->6292M(6496M) 2155.698ms
[110.255s][info][gc,cpu         ] GC(257) User=15.03s Sys=0.03s Real=2.15s
[110.256s][info][gc,start       ] GC(258) Pause Full (Ergonomics)
[110.256s][info][gc,phases,start] GC(258) Marking Phase
[111.822s][info][gc,phases      ] GC(258) Marking Phase 1566.326ms
[111.822s][info][gc,phases,start] GC(258) Summary Phase
[111.822s][info][gc,phases      ] GC(258) Summary Phase 0.088ms
[111.822s][info][gc,phases,start] GC(258) Adjust Roots
[111.822s][info][gc,phases      ] GC(258) Adjust Roots 0.218ms
[111.822s][info][gc,phases,start] GC(258) Compaction Phase
[112.419s][info][gc,phases      ] GC(258) Compaction Phase 596.430ms
[112.419s][info][gc,phases,start] GC(258) Post Compact
[112.429s][info][gc,phases      ] GC(258) Post Compact 10.293ms
[112.429s][info][gc,heap        ] GC(258) PSYoungGen: 230553K(439296K)->230553K(439296K) Eden: 29183K(29184K)->29183K(29184K) From: 201369K(410112K)->201369K(410112K)
[112.429s][info][gc,heap        ] GC(258) ParOldGen: 6212595K(6212608K)->6212595K(6212608K)
[112.429s][info][gc,metaspace   ] GC(258) Metaspace: 6302K(6528K)->6302K(6528K) NonClass: 5769K(5888K)->5769K(5888K) Class: 533K(640K)->533K(640K)
[112.429s][info][gc             ] GC(258) Pause Full (Ergonomics) 6292M->6292M(6496M) 2173.727ms
[112.429s][info][gc,cpu         ] GC(258) User=15.47s Sys=0.02s Real=2.17s
[112.430s][info][gc,start       ] GC(259) Pause Full (Ergonomics)
[112.430s][info][gc,phases,start] GC(259) Marking Phase
[113.960s][info][gc,phases      ] GC(259) Marking Phase 1530.236ms
[113.960s][info][gc,phases,start] GC(259) Summary Phase
[113.960s][info][gc,phases      ] GC(259) Summary Phase 0.066ms
[113.960s][info][gc,phases,start] GC(259) Adjust Roots
[113.960s][info][gc,phases      ] GC(259) Adjust Roots 0.169ms
[113.960s][info][gc,phases,start] GC(259) Compaction Phase
[114.520s][info][gc,phases      ] GC(259) Compaction Phase 560.098ms
[114.520s][info][gc,phases,start] GC(259) Post Compact
[114.530s][info][gc,phases      ] GC(259) Post Compact 9.697ms
[114.530s][info][gc,heap        ] GC(259) PSYoungGen: 230553K(439296K)->230553K(439296K) Eden: 29183K(29184K)->29183K(29184K) From: 201369K(410112K)->201369K(410112K)
[114.530s][info][gc,heap        ] GC(259) ParOldGen: 6212599K(6212608K)->6212599K(6212608K)
[114.530s][info][gc,metaspace   ] GC(259) Metaspace: 6302K(6528K)->6302K(6528K) NonClass: 5769K(5888K)->5769K(5888K) Class: 533K(640K)->533K(640K)
[114.530s][info][gc             ] GC(259) Pause Full (Ergonomics) 6292M->6292M(6496M) 2100.610ms
[114.530s][info][gc,cpu         ] GC(259) User=15.28s Sys=0.02s Real=2.10s
[114.530s][info][gc,start       ] GC(260) Pause Full (Ergonomics)
[114.530s][info][gc,phases,start] GC(260) Marking Phase
[116.033s][info][gc,phases      ] GC(260) Marking Phase 1502.726ms
[116.033s][info][gc,phases,start] GC(260) Summary Phase
[116.033s][info][gc,phases      ] GC(260) Summary Phase 0.068ms
[116.033s][info][gc,phases,start] GC(260) Adjust Roots
[116.033s][info][gc,phases      ] GC(260) Adjust Roots 0.173ms
[116.034s][info][gc,phases,start] GC(260) Compaction Phase
[116.598s][info][gc,phases      ] GC(260) Compaction Phase 564.275ms
[116.598s][info][gc,phases,start] GC(260) Post Compact
[116.608s][info][gc,phases      ] GC(260) Post Compact 10.479ms
[116.608s][info][gc,heap        ] GC(260) PSYoungGen: 230553K(439296K)->230553K(439296K) Eden: 29183K(29184K)->29183K(29184K) From: 201369K(410112K)->201369K(410112K)
[116.608s][info][gc,heap        ] GC(260) ParOldGen: 6212604K(6212608K)->6212604K(6212608K)
[116.608s][info][gc,metaspace   ] GC(260) Metaspace: 6302K(6528K)->6302K(6528K) NonClass: 5769K(5888K)->5769K(5888K) Class: 533K(640K)->533K(640K)
[116.608s][info][gc             ] GC(260) Pause Full (Ergonomics) 6292M->6292M(6496M) 2078.094ms
[116.609s][info][gc,cpu         ] GC(260) User=15.09s Sys=0.00s Real=2.08s
[116.609s][info][gc,start       ] GC(261) Pause Full (Ergonomics)
[116.609s][info][gc,phases,start] GC(261) Marking Phase
[118.117s][info][gc,phases      ] GC(261) Marking Phase 1508.693ms
[118.117s][info][gc,phases,start] GC(261) Summary Phase
[118.118s][info][gc,phases      ] GC(261) Summary Phase 0.067ms
[118.118s][info][gc,phases,start] GC(261) Adjust Roots
[118.118s][info][gc,phases      ] GC(261) Adjust Roots 0.184ms
[118.118s][info][gc,phases,start] GC(261) Compaction Phase
[118.701s][info][gc,phases      ] GC(261) Compaction Phase 582.875ms
[118.701s][info][gc,phases,start] GC(261) Post Compact
[118.712s][info][gc,phases      ] GC(261) Post Compact 11.178ms
[118.712s][info][gc,heap        ] GC(261) PSYoungGen: 230553K(439296K)->230553K(439296K) Eden: 29183K(29184K)->29183K(29184K) From: 201369K(410112K)->201369K(410112K)
[118.712s][info][gc,heap        ] GC(261) ParOldGen: 6212607K(6212608K)->6212607K(6212608K)
[118.712s][info][gc,metaspace   ] GC(261) Metaspace: 6302K(6528K)->6302K(6528K) NonClass: 5769K(5888K)->5769K(5888K) Class: 533K(640K)->533K(640K)
[118.712s][info][gc             ] GC(261) Pause Full (Ergonomics) 6292M->6292M(6496M) 2103.359ms
[118.712s][info][gc,cpu         ] GC(261) User=15.16s Sys=0.02s Real=2.10s
[118.712s][info][gc,start       ] GC(262) Pause Full (Allocation Failure)
[118.712s][info][gc,phases,start] GC(262) Marking Phase
[120.248s][info][gc,phases      ] GC(262) Marking Phase 1535.556ms
[120.248s][info][gc,phases,start] GC(262) Summary Phase
[120.248s][info][gc,phases      ] GC(262) Summary Phase 0.100ms
[120.248s][info][gc,phases,start] GC(262) Adjust Roots
[120.248s][info][gc,phases      ] GC(262) Adjust Roots 0.451ms
[120.248s][info][gc,phases,start] GC(262) Compaction Phase
[121.830s][info][gc,phases      ] GC(262) Compaction Phase 1581.154ms
[121.830s][info][gc,phases,start] GC(262) Post Compact
[121.840s][info][gc,phases      ] GC(262) Post Compact 10.256ms
[121.840s][info][gc,heap        ] GC(262) PSYoungGen: 230553K(439296K)->230553K(439296K) Eden: 29183K(29184K)->29183K(29184K) From: 201369K(410112K)->201369K(410112K)
[121.840s][info][gc,heap        ] GC(262) ParOldGen: 6212607K(6212608K)->6212603K(6212608K)
[121.840s][info][gc,metaspace   ] GC(262) Metaspace: 6302K(6528K)->6301K(6528K) NonClass: 5769K(5888K)->5768K(5888K) Class: 533K(640K)->532K(640K)
[121.840s][info][gc             ] GC(262) Pause Full (Allocation Failure) 6292M->6292M(6496M) 3127.913ms
[121.840s][info][gc,cpu         ] GC(262) User=21.50s Sys=0.02s Real=3.13s
[121.841s][info][gc,start       ] GC(263) Pause Full (Ergonomics)
[121.841s][info][gc,phases,start] GC(263) Marking Phase
[123.361s][info][gc,phases      ] GC(263) Marking Phase 1520.039ms
[123.361s][info][gc,phases,start] GC(263) Summary Phase
[123.361s][info][gc,phases      ] GC(263) Summary Phase 0.091ms
[123.361s][info][gc,phases,start] GC(263) Adjust Roots
[123.361s][info][gc,phases      ] GC(263) Adjust Roots 0.229ms
[123.361s][info][gc,phases,start] GC(263) Compaction Phase
[123.942s][info][gc,phases      ] GC(263) Compaction Phase 580.903ms
[123.942s][info][gc,phases,start] GC(263) Post Compact
[123.952s][info][gc,phases      ] GC(263) Post Compact 10.136ms
[123.952s][info][gc,heap        ] GC(263) PSYoungGen: 230553K(439296K)->230553K(439296K) Eden: 29183K(29184K)->29183K(29184K) From: 201369K(410112K)->201369K(410112K)
[123.952s][info][gc,heap        ] GC(263) ParOldGen: 6212605K(6212608K)->6212605K(6212608K)
[123.952s][info][gc,metaspace   ] GC(263) Metaspace: 6301K(6528K)->6301K(6528K) NonClass: 5768K(5888K)->5768K(5888K) Class: 532K(640K)->532K(640K)
[123.952s][info][gc             ] GC(263) Pause Full (Ergonomics) 6292M->6292M(6496M) 2111.779ms
[123.952s][info][gc,cpu         ] GC(263) User=15.23s Sys=0.00s Real=2.11s
[123.953s][info][gc,start       ] GC(264) Pause Full (Ergonomics)
[123.953s][info][gc,phases,start] GC(264) Marking Phase
[125.472s][info][gc,phases      ] GC(264) Marking Phase 1519.548ms
[125.472s][info][gc,phases,start] GC(264) Summary Phase
[125.473s][info][gc,phases      ] GC(264) Summary Phase 0.067ms
[125.473s][info][gc,phases,start] GC(264) Adjust Roots
[125.473s][info][gc,phases      ] GC(264) Adjust Roots 0.166ms
[125.473s][info][gc,phases,start] GC(264) Compaction Phase
[126.041s][info][gc,phases      ] GC(264) Compaction Phase 568.176ms
[126.041s][info][gc,phases,start] GC(264) Post Compact
[126.051s][info][gc,phases      ] GC(264) Post Compact 9.940ms
[126.051s][info][gc,heap        ] GC(264) PSYoungGen: 230553K(439296K)->230553K(439296K) Eden: 29183K(29184K)->29183K(29184K) From: 201369K(410112K)->201369K(410112K)
[126.051s][info][gc,heap        ] GC(264) ParOldGen: 6212607K(6212608K)->6212607K(6212608K)
[126.051s][info][gc,metaspace   ] GC(264) Metaspace: 6301K(6528K)->6301K(6528K) NonClass: 5768K(5888K)->5768K(5888K) Class: 532K(640K)->532K(640K)
[126.051s][info][gc             ] GC(264) Pause Full (Ergonomics) 6292M->6292M(6496M) 2098.252ms
[126.051s][info][gc,cpu         ] GC(264) User=15.11s Sys=0.02s Real=2.10s
[126.051s][info][gc,start       ] GC(265) Pause Full (Allocation Failure)
[126.051s][info][gc,phases,start] GC(265) Marking Phase
[127.558s][info][gc,phases      ] GC(265) Marking Phase 1506.490ms
[127.558s][info][gc,phases,start] GC(265) Summary Phase
[127.558s][info][gc,phases      ] GC(265) Summary Phase 0.070ms
[127.558s][info][gc,phases,start] GC(265) Adjust Roots
[127.558s][info][gc,phases      ] GC(265) Adjust Roots 0.182ms
[127.558s][info][gc,phases,start] GC(265) Compaction Phase
[128.141s][info][gc,phases      ] GC(265) Compaction Phase 583.141ms
[128.141s][info][gc,phases,start] GC(265) Post Compact
[128.152s][info][gc,phases      ] GC(265) Post Compact 10.290ms
[128.152s][info][gc,heap        ] GC(265) PSYoungGen: 230553K(439296K)->230553K(439296K) Eden: 29183K(29184K)->29183K(29184K) From: 201369K(410112K)->201369K(410112K)
[128.152s][info][gc,heap        ] GC(265) ParOldGen: 6212607K(6212608K)->6212607K(6212608K)
[128.152s][info][gc,metaspace   ] GC(265) Metaspace: 6301K(6528K)->6301K(6528K) NonClass: 5768K(5888K)->5768K(5888K) Class: 532K(640K)->532K(640K)
[128.152s][info][gc             ] GC(265) Pause Full (Allocation Failure) 6292M->6292M(6496M) 2100.524ms
[128.152s][info][gc,cpu         ] GC(265) User=15.22s Sys=0.00s Real=2.10s
[128.152s][info][gc,start       ] GC(266) Pause Full (Ergonomics)
[128.152s][info][gc,phases,start] GC(266) Marking Phase
[129.657s][info][gc,phases      ] GC(266) Marking Phase 1504.888ms
[129.657s][info][gc,phases,start] GC(266) Summary Phase
[129.657s][info][gc,phases      ] GC(266) Summary Phase 0.098ms
[129.657s][info][gc,phases,start] GC(266) Adjust Roots
[129.657s][info][gc,phases      ] GC(266) Adjust Roots 0.247ms
[129.657s][info][gc,phases,start] GC(266) Compaction Phase
[131.288s][info][gc,phases      ] GC(266) Compaction Phase 1630.772ms
[131.288s][info][gc,phases,start] GC(266) Post Compact
[131.298s][info][gc,phases      ] GC(266) Post Compact 9.732ms
[131.298s][info][gc,heap        ] GC(266) PSYoungGen: 230553K(439296K)->230553K(439296K) Eden: 29183K(29184K)->29183K(29184K) From: 201369K(410112K)->201369K(410112K)
[131.298s][info][gc,heap        ] GC(266) ParOldGen: 6212607K(6212608K)->6212606K(6212608K)
[131.298s][info][gc,metaspace   ] GC(266) Metaspace: 6301K(6528K)->6301K(6528K) NonClass: 5768K(5888K)->5768K(5888K) Class: 532K(640K)->532K(640K)
[131.298s][info][gc             ] GC(266) Pause Full (Ergonomics) 6292M->6292M(6496M) 3146.087ms
[131.298s][info][gc,cpu         ] GC(266) User=22.80s Sys=0.00s Real=3.15s
[131.299s][info][gc,start       ] GC(267) Pause Full (Ergonomics)
[131.299s][info][gc,phases,start] GC(267) Marking Phase
[132.783s][info][gc,phases      ] GC(267) Marking Phase 1483.805ms
[132.783s][info][gc,phases,start] GC(267) Summary Phase
[132.783s][info][gc,phases      ] GC(267) Summary Phase 0.074ms
[132.783s][info][gc,phases,start] GC(267) Adjust Roots
[132.783s][info][gc,phases      ] GC(267) Adjust Roots 0.259ms
[132.783s][info][gc,phases,start] GC(267) Compaction Phase
[134.378s][info][gc,phases      ] GC(267) Compaction Phase 1594.486ms
[134.378s][info][gc,phases,start] GC(267) Post Compact
[134.388s][info][gc,phases      ] GC(267) Post Compact 10.458ms
[134.389s][info][gc,heap        ] GC(267) PSYoungGen: 230553K(439296K)->230553K(439296K) Eden: 29183K(29184K)->29183K(29184K) From: 201369K(410112K)->201369K(410112K)
[134.389s][info][gc,heap        ] GC(267) ParOldGen: 6212607K(6212608K)->6212606K(6212608K)
[134.389s][info][gc,metaspace   ] GC(267) Metaspace: 6302K(6528K)->6302K(6528K) NonClass: 5768K(5888K)->5768K(5888K) Class: 533K(640K)->533K(640K)
[134.389s][info][gc             ] GC(267) Pause Full (Ergonomics) 6292M->6292M(6496M) 3089.459ms
[134.389s][info][gc,cpu         ] GC(267) User=21.11s Sys=0.06s Real=3.09s
[134.389s][info][gc,heap,exit   ] Heap
[134.389s][info][gc,heap,exit   ]  PSYoungGen      total 439296K, used 230553K [0x0000000742700000, 0x0000000777800000, 0x0000000800000000)
[134.389s][info][gc,heap,exit   ]   eden space 29184K, 99% used [0x0000000742700000,0x000000074437fff8,0x0000000744380000)
[134.389s][info][gc,heap,exit   ]   from space 410112K, 49% used [0x000000075df00000,0x000000076a3a6748,0x0000000776f80000)
[134.389s][info][gc,heap,exit   ]   to   space 417792K, 0% used [0x0000000744380000,0x0000000744380000,0x000000075db80000)
[134.389s][info][gc,heap,exit   ]  ParOldGen       total 6212608K, used 6212607K [0x00000005c7400000, 0x0000000742700000, 0x0000000742700000)
[134.389s][info][gc,heap,exit   ]   object space 6212608K, 99% used [0x00000005c7400000,0x00000007426ffc78,0x0000000742700000)
[134.389s][info][gc,heap,exit   ]  Metaspace       used 6305K, committed 6528K, reserved 1114112K
[134.390s][info][gc,heap,exit   ]   class space    used 534K, committed 640K, reserved 1048576K
