[0.026s][info][gc,init] CardTable entry size: 512
[0.026s][info][gc     ] Using Parallel
[0.028s][info][gc,init] Version: 18.0.1+10 (release)
[0.028s][info][gc,init] CPUs: 8 total, 8 available
[0.028s][info][gc,init] Memory: 16063M
[0.028s][info][gc,init] Large Page Support: Disabled
[0.028s][info][gc,init] NUMA Support: Disabled
[0.028s][info][gc,init] Compressed Oops: Enabled (Zero based)
[0.028s][info][gc,init] Alignments: Space 512K, Generation 512K, Heap 2M
[0.029s][info][gc,init] Heap Min Capacity: 2M
[0.029s][info][gc,init] Heap Initial Capacity: 2M
[0.029s][info][gc,init] Heap Max Capacity: 17700M
[0.029s][info][gc,init] Pre-touch: Disabled
[0.029s][info][gc,init] Parallel Workers: 8
[0.029s][info][gc,metaspace] CDS archive(s) not mapped
[0.029s][info][gc,metaspace] Compressed class space mapped at: 0x0000000800000000-0x0000000840000000, reserved size: 1073741824
[0.029s][info][gc,metaspace] Narrow klass base: 0x0000000800000000, Narrow klass shift: 0, Narrow klass range: 0x40000000
[0.164s][info][gc,start    ] GC(0) Pause Young (Allocation Failure)
[0.166s][info][gc,heap     ] GC(0) PSYoungGen: 512K(1024K)->480K(1024K) Eden: 512K(512K)->0K(512K) From: 0K(512K)->480K(512K)
[0.166s][info][gc,heap     ] GC(0) ParOldGen: 0K(512K)->8K(512K)
[0.166s][info][gc,metaspace] GC(0) Metaspace: 4229K(4352K)->4229K(4352K) NonClass: 3908K(3968K)->3908K(3968K) Class: 321K(384K)->321K(384K)
[0.166s][info][gc          ] GC(0) Pause Young (Allocation Failure) 0M->0M(1M) 1.223ms
[0.166s][info][gc,cpu      ] GC(0) User=0.00s Sys=0.00s Real=0.00s
[0.229s][info][gc,start    ] GC(1) Pause Young (Allocation Failure)
[0.230s][info][gc,heap     ] GC(1) PSYoungGen: 991K(1024K)->512K(1024K) Eden: 511K(512K)->0K(512K) From: 480K(512K)->512K(512K)
[0.230s][info][gc,heap     ] GC(1) ParOldGen: 8K(512K)->88K(512K)
[0.230s][info][gc,metaspace] GC(1) Metaspace: 5880K(6016K)->5880K(6016K) NonClass: 5383K(5504K)->5383K(5504K) Class: 496K(512K)->496K(512K)
[0.230s][info][gc          ] GC(1) Pause Young (Allocation Failure) 0M->0M(1M) 0.819ms
[0.230s][info][gc,cpu      ] GC(1) User=0.00s Sys=0.00s Real=0.00s
[0.250s][info][gc,start    ] GC(2) Pause Young (Allocation Failure)
[0.251s][info][gc,heap     ] GC(2) PSYoungGen: 1024K(1024K)->512K(1024K) Eden: 512K(512K)->0K(512K) From: 512K(512K)->512K(512K)
[0.251s][info][gc,heap     ] GC(2) ParOldGen: 88K(512K)->240K(512K)
[0.251s][info][gc,metaspace] GC(2) Metaspace: 6297K(6464K)->6297K(6464K) NonClass: 5764K(5824K)->5764K(5824K) Class: 533K(640K)->533K(640K)
[0.251s][info][gc          ] GC(2) Pause Young (Allocation Failure) 1M->0M(1M) 0.903ms
[0.251s][info][gc,cpu      ] GC(2) User=0.00s Sys=0.00s Real=0.00s
[0.252s][info][gc,start    ] GC(3) Pause Young (Allocation Failure)
[0.253s][info][gc,heap     ] GC(3) PSYoungGen: 1023K(1024K)->512K(1536K) Eden: 511K(512K)->0K(1024K) From: 512K(512K)->512K(512K)
[0.253s][info][gc,heap     ] GC(3) ParOldGen: 240K(512K)->500K(512K)
[0.253s][info][gc,metaspace] GC(3) Metaspace: 6300K(6464K)->6300K(6464K) NonClass: 5766K(5824K)->5766K(5824K) Class: 533K(640K)->533K(640K)
[0.253s][info][gc          ] GC(3) Pause Young (Allocation Failure) 1M->0M(2M) 1.013ms
[0.253s][info][gc,cpu      ] GC(3) User=0.00s Sys=0.00s Real=0.00s
[0.253s][info][gc,start    ] GC(4) Pause Full (Ergonomics)
[0.253s][info][gc,phases,start] GC(4) Marking Phase
[0.254s][info][gc,phases      ] GC(4) Marking Phase 0.853ms
[0.254s][info][gc,phases,start] GC(4) Summary Phase
[0.254s][info][gc,phases      ] GC(4) Summary Phase 0.013ms
[0.254s][info][gc,phases,start] GC(4) Adjust Roots
[0.255s][info][gc,phases      ] GC(4) Adjust Roots 0.324ms
[0.255s][info][gc,phases,start] GC(4) Compaction Phase
[0.256s][info][gc,phases      ] GC(4) Compaction Phase 1.264ms
[0.256s][info][gc,phases,start] GC(4) Post Compact
[0.256s][info][gc,phases      ] GC(4) Post Compact 0.058ms
[0.256s][info][gc,heap        ] GC(4) PSYoungGen: 512K(1536K)->511K(1536K) Eden: 0K(1024K)->0K(1024K) From: 512K(512K)->511K(512K)
[0.256s][info][gc,heap        ] GC(4) ParOldGen: 500K(512K)->455K(2048K)
[0.256s][info][gc,metaspace   ] GC(4) Metaspace: 6300K(6464K)->6300K(6464K) NonClass: 5766K(5824K)->5766K(5824K) Class: 533K(640K)->533K(640K)
[0.256s][info][gc             ] GC(4) Pause Full (Ergonomics) 0M->0M(3M) 2.768ms
[0.256s][info][gc,cpu         ] GC(4) User=0.00s Sys=0.00s Real=0.00s
[0.258s][info][gc,start       ] GC(5) Pause Young (Allocation Failure)
[0.259s][info][gc,heap        ] GC(5) PSYoungGen: 1535K(1536K)->480K(1536K) Eden: 1024K(1024K)->0K(1024K) From: 511K(512K)->480K(512K)
[0.259s][info][gc,heap        ] GC(5) ParOldGen: 455K(2048K)->1020K(2048K)
[0.259s][info][gc,metaspace   ] GC(5) Metaspace: 6300K(6464K)->6300K(6464K) NonClass: 5766K(5824K)->5766K(5824K) Class: 533K(640K)->533K(640K)
[0.259s][info][gc             ] GC(5) Pause Young (Allocation Failure) 1M->1M(3M) 1.084ms
[0.259s][info][gc,cpu         ] GC(5) User=0.00s Sys=0.00s Real=0.00s
[0.260s][info][gc,start       ] GC(6) Pause Young (Allocation Failure)
[0.261s][info][gc,heap        ] GC(6) PSYoungGen: 1504K(1536K)->1024K(3584K) Eden: 1023K(1024K)->0K(2048K) From: 480K(512K)->1024K(1536K)
[0.261s][info][gc,heap        ] GC(6) ParOldGen: 1020K(2048K)->1020K(2048K)
[0.261s][info][gc,metaspace   ] GC(6) Metaspace: 6300K(6464K)->6300K(6464K) NonClass: 5766K(5824K)->5766K(5824K) Class: 533K(640K)->533K(640K)
[0.261s][info][gc             ] GC(6) Pause Young (Allocation Failure) 2M->1M(5M) 1.144ms
[0.261s][info][gc,cpu         ] GC(6) User=0.00s Sys=0.00s Real=0.00s
[0.264s][info][gc,start       ] GC(7) Pause Young (Allocation Failure)
[0.266s][info][gc,heap        ] GC(7) PSYoungGen: 3072K(3584K)->1504K(3584K) Eden: 2048K(2048K)->0K(2048K) From: 1024K(1536K)->1504K(1536K)
[0.266s][info][gc,heap        ] GC(7) ParOldGen: 1020K(2048K)->1572K(2048K)
[0.266s][info][gc,metaspace   ] GC(7) Metaspace: 6300K(6464K)->6300K(6464K) NonClass: 5766K(5824K)->5766K(5824K) Class: 533K(640K)->533K(640K)
[0.266s][info][gc             ] GC(7) Pause Young (Allocation Failure) 3M->3M(5M) 2.103ms
[0.266s][info][gc,cpu         ] GC(7) User=0.00s Sys=0.00s Real=0.00s
[0.266s][info][gc,start       ] GC(8) Pause Full (Ergonomics)
[0.266s][info][gc,phases,start] GC(8) Marking Phase
[0.267s][info][gc,phases      ] GC(8) Marking Phase 1.518ms
[0.267s][info][gc,phases,start] GC(8) Summary Phase
[0.267s][info][gc,phases      ] GC(8) Summary Phase 0.015ms
[0.267s][info][gc,phases,start] GC(8) Adjust Roots
[0.268s][info][gc,phases      ] GC(8) Adjust Roots 0.383ms
[0.268s][info][gc,phases,start] GC(8) Compaction Phase
[0.270s][info][gc,phases      ] GC(8) Compaction Phase 2.067ms
[0.270s][info][gc,phases,start] GC(8) Post Compact
[0.270s][info][gc,phases      ] GC(8) Post Compact 0.028ms
[0.270s][info][gc,heap        ] GC(8) PSYoungGen: 1504K(3584K)->1501K(3584K) Eden: 0K(2048K)->0K(2048K) From: 1504K(1536K)->1501K(1536K)
[0.270s][info][gc,heap        ] GC(8) ParOldGen: 1572K(2048K)->1538K(4096K)
[0.270s][info][gc,metaspace   ] GC(8) Metaspace: 6300K(6464K)->6300K(6464K) NonClass: 5766K(5824K)->5766K(5824K) Class: 533K(640K)->533K(640K)
[0.270s][info][gc             ] GC(8) Pause Full (Ergonomics) 3M->2M(7M) 4.315ms
[0.270s][info][gc,cpu         ] GC(8) User=0.00s Sys=0.00s Real=0.00s
[0.273s][info][gc,start       ] GC(9) Pause Young (Allocation Failure)
[0.275s][info][gc,heap        ] GC(9) PSYoungGen: 3549K(3584K)->2016K(5120K) Eden: 2048K(2048K)->0K(3072K) From: 1501K(1536K)->2016K(2048K)
[0.275s][info][gc,heap        ] GC(9) ParOldGen: 1538K(4096K)->2082K(4096K)
[0.276s][info][gc,metaspace   ] GC(9) Metaspace: 6300K(6464K)->6300K(6464K) NonClass: 5766K(5824K)->5766K(5824K) Class: 533K(640K)->533K(640K)
[0.276s][info][gc             ] GC(9) Pause Young (Allocation Failure) 4M->4M(9M) 2.104ms
[0.276s][info][gc,cpu         ] GC(9) User=0.00s Sys=0.00s Real=0.00s
[0.279s][info][gc,start       ] GC(10) Pause Young (Allocation Failure)
[0.282s][info][gc,heap        ] GC(10) PSYoungGen: 5088K(5120K)->2528K(5632K) Eden: 3072K(3072K)->0K(3072K) From: 2016K(2048K)->2528K(2560K)
[0.282s][info][gc,heap        ] GC(10) ParOldGen: 2082K(4096K)->3170K(4096K)
[0.282s][info][gc,metaspace   ] GC(10) Metaspace: 6300K(6464K)->6300K(6464K) NonClass: 5766K(5824K)->5766K(5824K) Class: 533K(640K)->533K(640K)
[0.282s][info][gc             ] GC(10) Pause Young (Allocation Failure) 7M->5M(9M) 3.279ms
[0.282s][info][gc,cpu         ] GC(10) User=0.00s Sys=0.00s Real=0.00s
[0.282s][info][gc,start       ] GC(11) Pause Full (Ergonomics)
[0.282s][info][gc,phases,start] GC(11) Marking Phase
[0.285s][info][gc,phases      ] GC(11) Marking Phase 2.875ms
[0.285s][info][gc,phases,start] GC(11) Summary Phase
[0.285s][info][gc,phases      ] GC(11) Summary Phase 0.015ms
[0.285s][info][gc,phases,start] GC(11) Adjust Roots
[0.285s][info][gc,phases      ] GC(11) Adjust Roots 0.212ms
[0.285s][info][gc,phases,start] GC(11) Compaction Phase
[0.289s][info][gc,phases      ] GC(11) Compaction Phase 3.082ms
[0.289s][info][gc,phases,start] GC(11) Post Compact
[0.289s][info][gc,phases      ] GC(11) Post Compact 0.038ms
[0.289s][info][gc,heap        ] GC(11) PSYoungGen: 2528K(5632K)->2012K(5632K) Eden: 0K(3072K)->0K(3072K) From: 2528K(2560K)->2012K(2560K)
[0.289s][info][gc,heap        ] GC(11) ParOldGen: 3170K(4096K)->3648K(7168K)
[0.289s][info][gc,metaspace   ] GC(11) Metaspace: 6300K(6464K)->6300K(6464K) NonClass: 5766K(5824K)->5766K(5824K) Class: 533K(640K)->533K(640K)
[0.289s][info][gc             ] GC(11) Pause Full (Ergonomics) 5M->5M(12M) 6.521ms
[0.289s][info][gc,cpu         ] GC(11) User=0.00s Sys=0.00s Real=0.01s
[0.293s][info][gc,start       ] GC(12) Pause Young (Allocation Failure)
[0.297s][info][gc,heap        ] GC(12) PSYoungGen: 5084K(5632K)->2688K(8192K) Eden: 3072K(3072K)->0K(4608K) From: 2012K(2560K)->2688K(3584K)
[0.297s][info][gc,heap        ] GC(12) ParOldGen: 3648K(7168K)->4608K(7168K)
[0.297s][info][gc,metaspace   ] GC(12) Metaspace: 6300K(6464K)->6300K(6464K) NonClass: 5766K(5824K)->5766K(5824K) Class: 533K(640K)->533K(640K)
[0.297s][info][gc             ] GC(12) Pause Young (Allocation Failure) 8M->7M(15M) 4.005ms
[0.297s][info][gc,cpu         ] GC(12) User=0.00s Sys=0.00s Real=0.00s
[0.302s][info][gc,start       ] GC(13) Pause Young (Allocation Failure)
[0.306s][info][gc,heap        ] GC(13) PSYoungGen: 7296K(8192K)->2400K(8192K) Eden: 4608K(4608K)->0K(4608K) From: 2688K(3584K)->2400K(3584K)
[0.306s][info][gc,heap        ] GC(13) ParOldGen: 4608K(7168K)->7304K(7680K)
[0.306s][info][gc,metaspace   ] GC(13) Metaspace: 6300K(6464K)->6300K(6464K) NonClass: 5766K(5824K)->5766K(5824K) Class: 533K(640K)->533K(640K)
[0.306s][info][gc             ] GC(13) Pause Young (Allocation Failure) 11M->9M(15M) 3.982ms
[0.306s][info][gc,cpu         ] GC(13) User=0.00s Sys=0.00s Real=0.00s
[0.306s][info][gc,start       ] GC(14) Pause Full (Ergonomics)
[0.306s][info][gc,phases,start] GC(14) Marking Phase
[0.311s][info][gc,phases      ] GC(14) Marking Phase 4.587ms
[0.311s][info][gc,phases,start] GC(14) Summary Phase
[0.311s][info][gc,phases      ] GC(14) Summary Phase 0.015ms
[0.311s][info][gc,phases,start] GC(14) Adjust Roots
[0.311s][info][gc,phases      ] GC(14) Adjust Roots 0.172ms
[0.311s][info][gc,phases,start] GC(14) Compaction Phase
[0.315s][info][gc,phases      ] GC(14) Compaction Phase 3.526ms
[0.315s][info][gc,phases,start] GC(14) Post Compact
[0.315s][info][gc,phases      ] GC(14) Post Compact 0.061ms
[0.315s][info][gc,heap        ] GC(14) PSYoungGen: 2400K(8192K)->2372K(8192K) Eden: 0K(4608K)->0K(4608K) From: 2400K(3584K)->2372K(3584K)
[0.315s][info][gc,heap        ] GC(14) ParOldGen: 7304K(7680K)->7232K(12288K)
[0.315s][info][gc,metaspace   ] GC(14) Metaspace: 6300K(6464K)->6300K(6464K) NonClass: 5766K(5824K)->5766K(5824K) Class: 533K(640K)->533K(640K)
[0.315s][info][gc             ] GC(14) Pause Full (Ergonomics) 9M->9M(20M) 8.632ms
[0.315s][info][gc,cpu         ] GC(14) User=0.00s Sys=0.00s Real=0.01s
[0.319s][info][gc,start       ] GC(15) Pause Young (Allocation Failure)
[0.323s][info][gc,heap        ] GC(15) PSYoungGen: 6471K(8192K)->2112K(10752K) Eden: 4099K(4608K)->0K(6656K) From: 2372K(3584K)->2112K(4096K)
[0.323s][info][gc,heap        ] GC(15) ParOldGen: 7232K(12288K)->9656K(12288K)
[0.323s][info][gc,metaspace   ] GC(15) Metaspace: 6300K(6464K)->6300K(6464K) NonClass: 5766K(5824K)->5766K(5824K) Class: 533K(640K)->533K(640K)
[0.323s][info][gc             ] GC(15) Pause Young (Allocation Failure) 13M->11M(22M) 3.971ms
[0.323s][info][gc,cpu         ] GC(15) User=0.00s Sys=0.00s Real=0.00s
[0.330s][info][gc,start       ] GC(16) Pause Young (Allocation Failure)
[0.335s][info][gc,heap        ] GC(16) PSYoungGen: 8768K(10752K)->3680K(10752K) Eden: 6656K(6656K)->0K(6656K) From: 2112K(4096K)->3680K(4096K)
[0.335s][info][gc,heap        ] GC(16) ParOldGen: 9656K(12288K)->11768K(12288K)
[0.335s][info][gc,metaspace   ] GC(16) Metaspace: 6301K(6464K)->6301K(6464K) NonClass: 5768K(5824K)->5768K(5824K) Class: 533K(640K)->533K(640K)
[0.335s][info][gc             ] GC(16) Pause Young (Allocation Failure) 17M->15M(22M) 5.332ms
[0.336s][info][gc,cpu         ] GC(16) User=0.00s Sys=0.00s Real=0.00s
[0.336s][info][gc,start       ] GC(17) Pause Full (Ergonomics)
[0.336s][info][gc,phases,start] GC(17) Marking Phase
[0.344s][info][gc,phases      ] GC(17) Marking Phase 8.173ms
[0.344s][info][gc,phases,start] GC(17) Summary Phase
[0.344s][info][gc,phases      ] GC(17) Summary Phase 0.027ms
[0.344s][info][gc,phases,start] GC(17) Adjust Roots
[0.344s][info][gc,phases      ] GC(17) Adjust Roots 0.186ms
[0.344s][info][gc,phases,start] GC(17) Compaction Phase
[0.351s][info][gc,phases      ] GC(17) Compaction Phase 6.739ms
[0.351s][info][gc,phases,start] GC(17) Post Compact
[0.351s][info][gc,phases      ] GC(17) Post Compact 0.062ms
[0.351s][info][gc,heap        ] GC(17) PSYoungGen: 3680K(10752K)->3040K(10752K) Eden: 0K(6656K)->0K(6656K) From: 3680K(4096K)->3040K(4096K)
[0.351s][info][gc,heap        ] GC(17) ParOldGen: 11768K(12288K)->12023K(18944K)
[0.351s][info][gc,metaspace   ] GC(17) Metaspace: 6301K(6464K)->6301K(6464K) NonClass: 5768K(5824K)->5768K(5824K) Class: 533K(640K)->533K(640K)
[0.351s][info][gc             ] GC(17) Pause Full (Ergonomics) 15M->14M(29M) 15.454ms
[0.351s][info][gc,cpu         ] GC(17) User=0.00s Sys=0.00s Real=0.02s
[0.356s][info][gc,start       ] GC(18) Pause Young (Allocation Failure)
[0.363s][info][gc,heap        ] GC(18) PSYoungGen: 9696K(10752K)->3456K(13824K) Eden: 6656K(6656K)->0K(9216K) From: 3040K(4096K)->3456K(4608K)
[0.363s][info][gc,heap        ] GC(18) ParOldGen: 12023K(18944K)->15119K(18944K)
[0.363s][info][gc,metaspace   ] GC(18) Metaspace: 6301K(6464K)->6301K(6464K) NonClass: 5768K(5824K)->5768K(5824K) Class: 533K(640K)->533K(640K)
[0.363s][info][gc             ] GC(18) Pause Young (Allocation Failure) 21M->18M(32M) 7.165ms
[0.363s][info][gc,cpu         ] GC(18) User=0.00s Sys=0.00s Real=0.01s
[0.368s][info][gc,start       ] GC(19) Pause Young (Allocation Failure)
[0.374s][info][gc,heap        ] GC(19) PSYoungGen: 11651K(13824K)->4224K(13824K) Eden: 8195K(9216K)->0K(9216K) From: 3456K(4608K)->4224K(4608K)
[0.374s][info][gc,heap        ] GC(19) ParOldGen: 15119K(18944K)->18615K(18944K)
[0.374s][info][gc,metaspace   ] GC(19) Metaspace: 6301K(6464K)->6301K(6464K) NonClass: 5768K(5824K)->5768K(5824K) Class: 533K(640K)->533K(640K)
[0.374s][info][gc             ] GC(19) Pause Young (Allocation Failure) 26M->22M(32M) 6.268ms
[0.374s][info][gc,cpu         ] GC(19) User=0.00s Sys=0.00s Real=0.01s
[0.374s][info][gc,start       ] GC(20) Pause Full (Ergonomics)
[0.374s][info][gc,phases,start] GC(20) Marking Phase
[0.384s][info][gc,phases      ] GC(20) Marking Phase 9.926ms
[0.384s][info][gc,phases,start] GC(20) Summary Phase
[0.384s][info][gc,phases      ] GC(20) Summary Phase 0.016ms
[0.384s][info][gc,phases,start] GC(20) Adjust Roots
[0.385s][info][gc,phases      ] GC(20) Adjust Roots 0.164ms
[0.385s][info][gc,phases,start] GC(20) Compaction Phase
[0.393s][info][gc,phases      ] GC(20) Compaction Phase 8.917ms
[0.394s][info][gc,phases,start] GC(20) Post Compact
[0.394s][info][gc,phases      ] GC(20) Post Compact 0.141ms
[0.394s][info][gc,heap        ] GC(20) PSYoungGen: 4224K(13824K)->4182K(13824K) Eden: 0K(9216K)->0K(9216K) From: 4224K(4608K)->4182K(4608K)
[0.394s][info][gc,heap        ] GC(20) ParOldGen: 18615K(18944K)->18497K(28160K)
[0.394s][info][gc,metaspace   ] GC(20) Metaspace: 6301K(6464K)->6301K(6464K) NonClass: 5768K(5824K)->5768K(5824K) Class: 533K(640K)->533K(640K)
[0.394s][info][gc             ] GC(20) Pause Full (Ergonomics) 22M->22M(41M) 19.640ms
[0.394s][info][gc,cpu         ] GC(20) User=0.02s Sys=0.00s Real=0.02s
[0.403s][info][gc,start       ] GC(21) Pause Young (Allocation Failure)
[0.411s][info][gc,heap        ] GC(21) PSYoungGen: 13398K(13824K)->5088K(14848K) Eden: 9216K(9216K)->0K(9728K) From: 4182K(4608K)->5088K(5120K)
[0.411s][info][gc,heap        ] GC(21) ParOldGen: 18497K(28160K)->22937K(28160K)
[0.411s][info][gc,metaspace   ] GC(21) Metaspace: 6301K(6464K)->6301K(6464K) NonClass: 5768K(5824K)->5768K(5824K) Class: 533K(640K)->533K(640K)
[0.411s][info][gc             ] GC(21) Pause Young (Allocation Failure) 31M->27M(42M) 8.276ms
[0.411s][info][gc,cpu         ] GC(21) User=0.00s Sys=0.00s Real=0.01s
[0.417s][info][gc,start       ] GC(22) Pause Young (Allocation Failure)
[0.425s][info][gc,heap        ] GC(22) PSYoungGen: 14816K(14848K)->5056K(17408K) Eden: 9728K(9728K)->0K(9728K) From: 5088K(5120K)->5056K(7680K)
[0.425s][info][gc,heap        ] GC(22) ParOldGen: 22937K(28160K)->28089K(28160K)
[0.425s][info][gc,metaspace   ] GC(22) Metaspace: 6301K(6464K)->6301K(6464K) NonClass: 5768K(5824K)->5768K(5824K) Class: 533K(640K)->533K(640K)
[0.425s][info][gc             ] GC(22) Pause Young (Allocation Failure) 36M->32M(44M) 7.340ms
[0.425s][info][gc,cpu         ] GC(22) User=0.00s Sys=0.00s Real=0.01s
[0.425s][info][gc,start       ] GC(23) Pause Full (Ergonomics)
[0.425s][info][gc,phases,start] GC(23) Marking Phase
[0.438s][info][gc,phases      ] GC(23) Marking Phase 13.111ms
[0.438s][info][gc,phases,start] GC(23) Summary Phase
[0.438s][info][gc,phases      ] GC(23) Summary Phase 0.019ms
[0.438s][info][gc,phases,start] GC(23) Adjust Roots
[0.438s][info][gc,phases      ] GC(23) Adjust Roots 0.202ms
[0.438s][info][gc,phases,start] GC(23) Compaction Phase
[0.450s][info][gc,phases      ] GC(23) Compaction Phase 12.016ms
[0.450s][info][gc,phases,start] GC(23) Post Compact
[0.450s][info][gc,phases      ] GC(23) Post Compact 0.104ms
[0.450s][info][gc,heap        ] GC(23) PSYoungGen: 5056K(17408K)->4517K(17408K) Eden: 0K(9728K)->0K(9728K) From: 5056K(7680K)->4517K(7680K)
[0.450s][info][gc,heap        ] GC(23) ParOldGen: 28089K(28160K)->27937K(40448K)
[0.450s][info][gc,metaspace   ] GC(23) Metaspace: 6301K(6464K)->6301K(6464K) NonClass: 5768K(5824K)->5768K(5824K) Class: 533K(640K)->533K(640K)
[0.450s][info][gc             ] GC(23) Pause Full (Ergonomics) 32M->31M(56M) 25.778ms
[0.451s][info][gc,cpu         ] GC(23) User=0.00s Sys=0.00s Real=0.03s
[0.458s][info][gc,start       ] GC(24) Pause Young (Allocation Failure)
[0.469s][info][gc,heap        ] GC(24) PSYoungGen: 14245K(17408K)->7488K(19456K) Eden: 9728K(9728K)->0K(11264K) From: 4517K(7680K)->7488K(8192K)
[0.469s][info][gc,heap        ] GC(24) ParOldGen: 27937K(40448K)->32537K(40448K)
[0.469s][info][gc,metaspace   ] GC(24) Metaspace: 6301K(6464K)->6301K(6464K) NonClass: 5768K(5824K)->5768K(5824K) Class: 533K(640K)->533K(640K)
[0.469s][info][gc             ] GC(24) Pause Young (Allocation Failure) 41M->39M(58M) 10.630ms
[0.469s][info][gc,cpu         ] GC(24) User=0.00s Sys=0.00s Real=0.01s
[0.485s][info][gc,start       ] GC(25) Pause Young (Allocation Failure)
[0.499s][info][gc,heap        ] GC(25) PSYoungGen: 18752K(19456K)->9184K(20480K) Eden: 11264K(11264K)->0K(11264K) From: 7488K(8192K)->9184K(9216K)
[0.499s][info][gc,heap        ] GC(25) ParOldGen: 32537K(40448K)->42201K(42496K)
[0.499s][info][gc,metaspace   ] GC(25) Metaspace: 6301K(6464K)->6301K(6464K) NonClass: 5768K(5824K)->5768K(5824K) Class: 533K(640K)->533K(640K)
[0.499s][info][gc             ] GC(25) Pause Young (Allocation Failure) 50M->50M(61M) 13.520ms
[0.499s][info][gc,cpu         ] GC(25) User=0.00s Sys=0.00s Real=0.01s
[0.499s][info][gc,start       ] GC(26) Pause Full (Ergonomics)
[0.499s][info][gc,phases,start] GC(26) Marking Phase
[0.520s][info][gc,phases      ] GC(26) Marking Phase 20.593ms
[0.520s][info][gc,phases,start] GC(26) Summary Phase
[0.520s][info][gc,phases      ] GC(26) Summary Phase 0.018ms
[0.520s][info][gc,phases,start] GC(26) Adjust Roots
[0.520s][info][gc,phases      ] GC(26) Adjust Roots 0.161ms
[0.520s][info][gc,phases,start] GC(26) Compaction Phase
[0.535s][info][gc,phases      ] GC(26) Compaction Phase 15.432ms
[0.535s][info][gc,phases,start] GC(26) Post Compact
[0.536s][info][gc,phases      ] GC(26) Post Compact 0.136ms
[0.536s][info][gc,heap        ] GC(26) PSYoungGen: 9184K(20480K)->9170K(20480K) Eden: 0K(11264K)->0K(11264K) From: 9184K(9216K)->9170K(9216K)
[0.536s][info][gc,heap        ] GC(26) ParOldGen: 42201K(42496K)->40937K(57856K)
[0.536s][info][gc,metaspace   ] GC(26) Metaspace: 6301K(6464K)->6301K(6464K) NonClass: 5768K(5824K)->5768K(5824K) Class: 533K(640K)->533K(640K)
[0.536s][info][gc             ] GC(26) Pause Full (Ergonomics) 50M->48M(76M) 36.671ms
[0.536s][info][gc,cpu         ] GC(26) User=0.03s Sys=0.00s Real=0.04s
[0.546s][info][gc,start       ] GC(27) Pause Young (Allocation Failure)
[0.562s][info][gc,heap        ] GC(27) PSYoungGen: 20434K(20480K)->11296K(26624K) Eden: 11264K(11264K)->0K(12288K) From: 9170K(9216K)->11296K(14336K)
[0.562s][info][gc,heap        ] GC(27) ParOldGen: 40937K(57856K)->50225K(57856K)
[0.562s][info][gc,metaspace   ] GC(27) Metaspace: 6301K(6464K)->6301K(6464K) NonClass: 5768K(5824K)->5768K(5824K) Class: 533K(640K)->533K(640K)
[0.562s][info][gc             ] GC(27) Pause Young (Allocation Failure) 59M->60M(82M) 15.889ms
[0.562s][info][gc,cpu         ] GC(27) User=0.00s Sys=0.00s Real=0.02s
[0.562s][info][gc,start       ] GC(28) Pause Full (Ergonomics)
[0.562s][info][gc,phases,start] GC(28) Marking Phase
[0.585s][info][gc,phases      ] GC(28) Marking Phase 22.811ms
[0.585s][info][gc,phases,start] GC(28) Summary Phase
[0.585s][info][gc,phases      ] GC(28) Summary Phase 0.025ms
[0.585s][info][gc,phases,start] GC(28) Adjust Roots
[0.585s][info][gc,phases      ] GC(28) Adjust Roots 0.164ms
[0.585s][info][gc,phases,start] GC(28) Compaction Phase
[0.603s][info][gc,phases      ] GC(28) Compaction Phase 17.538ms
[0.603s][info][gc,phases,start] GC(28) Post Compact
[0.603s][info][gc,phases      ] GC(28) Post Compact 0.181ms
[0.603s][info][gc,heap        ] GC(28) PSYoungGen: 11296K(26624K)->3564K(26624K) Eden: 0K(12288K)->0K(12288K) From: 11296K(14336K)->3564K(14336K)
[0.603s][info][gc,heap        ] GC(28) ParOldGen: 50225K(57856K)->57773K(77824K)
[0.603s][info][gc,metaspace   ] GC(28) Metaspace: 6301K(6464K)->6301K(6464K) NonClass: 5768K(5824K)->5768K(5824K) Class: 533K(640K)->533K(640K)
[0.603s][info][gc             ] GC(28) Pause Full (Ergonomics) 60M->59M(102M) 41.063ms
[0.603s][info][gc,cpu         ] GC(28) User=0.03s Sys=0.00s Real=0.04s
[0.615s][info][gc,start       ] GC(29) Pause Young (Allocation Failure)
[0.629s][info][gc,heap        ] GC(29) PSYoungGen: 15852K(26624K)->15872K(28160K) Eden: 12288K(12288K)->0K(12288K) From: 3564K(14336K)->15872K(15872K)
[0.629s][info][gc,heap        ] GC(29) ParOldGen: 57773K(77824K)->57773K(77824K)
[0.629s][info][gc,metaspace   ] GC(29) Metaspace: 6301K(6464K)->6301K(6464K) NonClass: 5768K(5824K)->5768K(5824K) Class: 533K(640K)->533K(640K)
[0.629s][info][gc             ] GC(29) Pause Young (Allocation Failure) 71M->71M(103M) 13.368ms
[0.629s][info][gc,cpu         ] GC(29) User=0.00s Sys=0.00s Real=0.01s
[0.641s][info][gc,start       ] GC(30) Pause Young (Allocation Failure)
[0.661s][info][gc,heap        ] GC(30) PSYoungGen: 28160K(28160K)->18432K(26624K) Eden: 12288K(12288K)->0K(8192K) From: 15872K(15872K)->18432K(18432K)
[0.662s][info][gc,heap        ] GC(30) ParOldGen: 57773K(77824K)->67605K(77824K)
[0.662s][info][gc,metaspace   ] GC(30) Metaspace: 6301K(6464K)->6301K(6464K) NonClass: 5768K(5824K)->5768K(5824K) Class: 533K(640K)->533K(640K)
[0.662s][info][gc             ] GC(30) Pause Young (Allocation Failure) 83M->84M(102M) 20.409ms
[0.662s][info][gc,cpu         ] GC(30) User=0.00s Sys=0.03s Real=0.02s
[0.662s][info][gc,start       ] GC(31) Pause Full (Ergonomics)
[0.662s][info][gc,phases,start] GC(31) Marking Phase
[0.693s][info][gc,phases      ] GC(31) Marking Phase 31.815ms
[0.694s][info][gc,phases,start] GC(31) Summary Phase
[0.694s][info][gc,phases      ] GC(31) Summary Phase 0.020ms
[0.694s][info][gc,phases,start] GC(31) Adjust Roots
[0.694s][info][gc,phases      ] GC(31) Adjust Roots 0.189ms
[0.694s][info][gc,phases,start] GC(31) Compaction Phase
[0.716s][info][gc,phases      ] GC(31) Compaction Phase 21.852ms
[0.716s][info][gc,phases,start] GC(31) Post Compact
[0.716s][info][gc,phases      ] GC(31) Post Compact 0.374ms
[0.716s][info][gc,heap        ] GC(31) PSYoungGen: 18432K(26624K)->8176K(26624K) Eden: 0K(8192K)->0K(8192K) From: 18432K(18432K)->8176K(18432K)
[0.716s][info][gc,heap        ] GC(31) ParOldGen: 67605K(77824K)->77671K(100352K)
[0.716s][info][gc,metaspace   ] GC(31) Metaspace: 6301K(6464K)->6301K(6464K) NonClass: 5768K(5824K)->5768K(5824K) Class: 533K(640K)->533K(640K)
[0.717s][info][gc             ] GC(31) Pause Full (Ergonomics) 84M->83M(124M) 54.866ms
[0.717s][info][gc,cpu         ] GC(31) User=0.05s Sys=0.02s Real=0.06s
[0.730s][info][gc,start       ] GC(32) Pause Young (Allocation Failure)
[0.745s][info][gc,heap        ] GC(32) PSYoungGen: 16368K(26624K)->11808K(33280K) Eden: 8192K(8192K)->0K(8192K) From: 8176K(18432K)->11808K(25088K)
[0.745s][info][gc,heap        ] GC(32) ParOldGen: 77671K(100352K)->82327K(100352K)
[0.745s][info][gc,metaspace   ] GC(32) Metaspace: 6301K(6464K)->6301K(6464K) NonClass: 5768K(5824K)->5768K(5824K) Class: 533K(640K)->533K(640K)
[0.745s][info][gc             ] GC(32) Pause Young (Allocation Failure) 91M->91M(130M) 14.925ms
[0.745s][info][gc,cpu         ] GC(32) User=0.00s Sys=0.00s Real=0.02s
[0.754s][info][gc,start       ] GC(33) Pause Young (Allocation Failure)
[0.764s][info][gc,heap        ] GC(33) PSYoungGen: 20000K(33280K)->20000K(31744K) Eden: 8192K(8192K)->0K(7168K) From: 11808K(25088K)->20000K(24576K)
[0.764s][info][gc,heap        ] GC(33) ParOldGen: 82327K(100352K)->82327K(100352K)
[0.764s][info][gc,metaspace   ] GC(33) Metaspace: 6301K(6464K)->6301K(6464K) NonClass: 5768K(5824K)->5768K(5824K) Class: 533K(640K)->533K(640K)
[0.764s][info][gc             ] GC(33) Pause Young (Allocation Failure) 99M->99M(129M) 9.710ms
[0.764s][info][gc,cpu         ] GC(33) User=0.00s Sys=0.00s Real=0.01s
[0.770s][info][gc,start       ] GC(34) Pause Young (Allocation Failure)
[0.782s][info][gc,heap        ] GC(34) PSYoungGen: 27168K(31744K)->27104K(34304K) Eden: 7168K(7168K)->0K(7168K) From: 20000K(24576K)->27104K(27136K)
[0.782s][info][gc,heap        ] GC(34) ParOldGen: 82327K(100352K)->82359K(100352K)
[0.782s][info][gc,metaspace   ] GC(34) Metaspace: 6301K(6464K)->6301K(6464K) NonClass: 5768K(5824K)->5768K(5824K) Class: 533K(640K)->533K(640K)
[0.782s][info][gc             ] GC(34) Pause Young (Allocation Failure) 106M->106M(131M) 11.824ms
[0.782s][info][gc,cpu         ] GC(34) User=0.00s Sys=0.00s Real=0.01s
[0.788s][info][gc,start       ] GC(35) Pause Young (Allocation Failure)
[0.804s][info][gc,heap        ] GC(35) PSYoungGen: 34272K(34304K)->22528K(38400K) Eden: 7168K(7168K)->0K(6656K) From: 27104K(27136K)->22528K(31744K)
[0.804s][info][gc,heap        ] GC(35) ParOldGen: 82359K(100352K)->94255K(100352K)
[0.804s][info][gc,metaspace   ] GC(35) Metaspace: 6301K(6464K)->6301K(6464K) NonClass: 5768K(5824K)->5768K(5824K) Class: 533K(640K)->533K(640K)
[0.804s][info][gc             ] GC(35) Pause Young (Allocation Failure) 113M->114M(135M) 15.631ms
[0.804s][info][gc,cpu         ] GC(35) User=0.00s Sys=0.00s Real=0.02s
[0.804s][info][gc,start       ] GC(36) Pause Full (Ergonomics)
[0.804s][info][gc,phases,start] GC(36) Marking Phase
[0.835s][info][gc,phases      ] GC(36) Marking Phase 30.916ms
[0.835s][info][gc,phases,start] GC(36) Summary Phase
[0.835s][info][gc,phases      ] GC(36) Summary Phase 0.016ms
[0.835s][info][gc,phases,start] GC(36) Adjust Roots
[0.835s][info][gc,phases      ] GC(36) Adjust Roots 0.160ms
[0.835s][info][gc,phases,start] GC(36) Compaction Phase
[0.863s][info][gc,phases      ] GC(36) Compaction Phase 27.372ms
[0.863s][info][gc,phases,start] GC(36) Post Compact
[0.863s][info][gc,phases      ] GC(36) Post Compact 0.479ms
[0.863s][info][gc,heap        ] GC(36) PSYoungGen: 22528K(38400K)->14259K(38400K) Eden: 0K(6656K)->0K(6656K) From: 22528K(31744K)->14259K(31744K)
[0.863s][info][gc,heap        ] GC(36) ParOldGen: 94255K(100352K)->100149K(125952K)
[0.863s][info][gc,metaspace   ] GC(36) Metaspace: 6301K(6464K)->6301K(6464K) NonClass: 5768K(5824K)->5768K(5824K) Class: 533K(640K)->533K(640K)
[0.863s][info][gc             ] GC(36) Pause Full (Ergonomics) 114M->111M(160M) 59.392ms
[0.863s][info][gc,cpu         ] GC(36) User=0.09s Sys=0.00s Real=0.06s
[0.870s][info][gc,start       ] GC(37) Pause Young (Allocation Failure)
[0.888s][info][gc,heap        ] GC(37) PSYoungGen: 20915K(38400K)->11936K(18944K) Eden: 6656K(6656K)->0K(6656K) From: 14259K(31744K)->11936K(12288K)
[0.888s][info][gc,heap        ] GC(37) ParOldGen: 100149K(125952K)->109301K(125952K)
[0.888s][info][gc,metaspace   ] GC(37) Metaspace: 6301K(6464K)->6301K(6464K) NonClass: 5768K(5824K)->5768K(5824K) Class: 533K(640K)->533K(640K)
[0.888s][info][gc             ] GC(37) Pause Young (Allocation Failure) 118M->118M(141M) 18.109ms
[0.888s][info][gc,cpu         ] GC(37) User=0.03s Sys=0.00s Real=0.02s
[0.895s][info][gc,start       ] GC(38) Pause Young (Allocation Failure)
[0.905s][info][gc,heap        ] GC(38) PSYoungGen: 18592K(18944K)->13312K(37376K) Eden: 6656K(6656K)->0K(8192K) From: 11936K(12288K)->13312K(29184K)
[0.905s][info][gc,heap        ] GC(38) ParOldGen: 109301K(125952K)->114653K(125952K)
[0.905s][info][gc,metaspace   ] GC(38) Metaspace: 6301K(6464K)->6301K(6464K) NonClass: 5768K(5824K)->5768K(5824K) Class: 533K(640K)->533K(640K)
[0.905s][info][gc             ] GC(38) Pause Young (Allocation Failure) 124M->124M(159M) 10.079ms
[0.905s][info][gc,cpu         ] GC(38) User=0.00s Sys=0.00s Real=0.01s
[0.905s][info][gc,start       ] GC(39) Pause Full (Ergonomics)
[0.905s][info][gc,phases,start] GC(39) Marking Phase
[0.940s][info][gc,phases      ] GC(39) Marking Phase 34.740ms
[0.940s][info][gc,phases,start] GC(39) Summary Phase
[0.940s][info][gc,phases      ] GC(39) Summary Phase 0.015ms
[0.940s][info][gc,phases,start] GC(39) Adjust Roots
[0.940s][info][gc,phases      ] GC(39) Adjust Roots 0.144ms
[0.940s][info][gc,phases,start] GC(39) Compaction Phase
[0.958s][info][gc,phases      ] GC(39) Compaction Phase 18.591ms
[0.958s][info][gc,phases,start] GC(39) Post Compact
[0.959s][info][gc,phases      ] GC(39) Post Compact 0.685ms
[0.959s][info][gc,heap        ] GC(39) PSYoungGen: 13312K(37376K)->2007K(38400K) Eden: 0K(8192K)->0K(9216K) From: 13312K(29184K)->2007K(29184K)
[0.959s][info][gc,heap        ] GC(39) ParOldGen: 114653K(125952K)->125650K(153088K)
[0.959s][info][gc,metaspace   ] GC(39) Metaspace: 6301K(6464K)->6301K(6464K) NonClass: 5768K(5824K)->5768K(5824K) Class: 533K(640K)->533K(640K)
[0.959s][info][gc             ] GC(39) Pause Full (Ergonomics) 124M->124M(187M) 54.621ms
[0.959s][info][gc,cpu         ] GC(39) User=0.11s Sys=0.00s Real=0.05s
[0.968s][info][gc,start       ] GC(40) Pause Young (Allocation Failure)
[0.984s][info][gc,heap        ] GC(40) PSYoungGen: 11223K(38400K)->10048K(39424K) Eden: 9216K(9216K)->0K(9216K) From: 2007K(29184K)->10048K(30208K)
[0.984s][info][gc,heap        ] GC(40) ParOldGen: 125650K(153088K)->126890K(153088K)
[0.984s][info][gc,metaspace   ] GC(40) Metaspace: 6301K(6464K)->6301K(6464K) NonClass: 5768K(5824K)->5768K(5824K) Class: 533K(640K)->533K(640K)
[0.984s][info][gc             ] GC(40) Pause Young (Allocation Failure) 133M->133M(188M) 15.507ms
[0.984s][info][gc,cpu         ] GC(40) User=0.00s Sys=0.00s Real=0.02s
[0.995s][info][gc,start       ] GC(41) Pause Young (Allocation Failure)
[1.005s][info][gc,heap        ] GC(41) PSYoungGen: 19264K(39424K)->19264K(39424K) Eden: 9216K(9216K)->0K(10240K) From: 10048K(30208K)->19264K(29184K)
[1.005s][info][gc,heap        ] GC(41) ParOldGen: 126890K(153088K)->126890K(153088K)
[1.005s][info][gc,metaspace   ] GC(41) Metaspace: 6301K(6464K)->6301K(6464K) NonClass: 5768K(5824K)->5768K(5824K) Class: 533K(640K)->533K(640K)
[1.005s][info][gc             ] GC(41) Pause Young (Allocation Failure) 142M->142M(188M) 10.416ms
[1.005s][info][gc,cpu         ] GC(41) User=0.02s Sys=0.00s Real=0.01s
[1.015s][info][gc,start       ] GC(42) Pause Young (Allocation Failure)
[1.031s][info][gc,heap        ] GC(42) PSYoungGen: 29504K(39424K)->29504K(39936K) Eden: 10240K(10240K)->0K(10240K) From: 19264K(29184K)->29504K(29696K)
[1.031s][info][gc,heap        ] GC(42) ParOldGen: 126890K(153088K)->126890K(153088K)
[1.031s][info][gc,metaspace   ] GC(42) Metaspace: 6301K(6464K)->6301K(6464K) NonClass: 5768K(5824K)->5768K(5824K) Class: 533K(640K)->533K(640K)
[1.031s][info][gc             ] GC(42) Pause Young (Allocation Failure) 152M->152M(188M) 16.047ms
[1.031s][info][gc,cpu         ] GC(42) User=0.02s Sys=0.00s Real=0.02s
[1.041s][info][gc,start       ] GC(43) Pause Young (Allocation Failure)
[1.062s][info][gc,heap        ] GC(43) PSYoungGen: 39744K(39936K)->34304K(39424K) Eden: 10240K(10240K)->0K(5120K) From: 29504K(29696K)->34304K(34304K)
[1.062s][info][gc,heap        ] GC(43) ParOldGen: 126890K(153088K)->132330K(153088K)
[1.062s][info][gc,metaspace   ] GC(43) Metaspace: 6301K(6464K)->6301K(6464K) NonClass: 5768K(5824K)->5768K(5824K) Class: 533K(640K)->533K(640K)
[1.062s][info][gc             ] GC(43) Pause Young (Allocation Failure) 162M->162M(188M) 21.271ms
[1.062s][info][gc,cpu         ] GC(43) User=0.05s Sys=0.02s Real=0.02s
[1.067s][info][gc,start       ] GC(44) Pause Young (Allocation Failure)
[1.085s][info][gc,heap        ] GC(44) PSYoungGen: 39424K(39424K)->24672K(46592K) Eden: 5120K(5120K)->0K(5120K) From: 34304K(34304K)->24672K(41472K)
[1.085s][info][gc,heap        ] GC(44) ParOldGen: 132330K(153088K)->147346K(153088K)
[1.085s][info][gc,metaspace   ] GC(44) Metaspace: 6301K(6464K)->6301K(6464K) NonClass: 5768K(5824K)->5768K(5824K) Class: 533K(640K)->533K(640K)
[1.085s][info][gc             ] GC(44) Pause Young (Allocation Failure) 167M->167M(195M) 17.907ms
[1.085s][info][gc,cpu         ] GC(44) User=0.05s Sys=0.02s Real=0.02s
[1.085s][info][gc,start       ] GC(45) Pause Full (Ergonomics)
[1.085s][info][gc,phases,start] GC(45) Marking Phase
[1.130s][info][gc,phases      ] GC(45) Marking Phase 44.484ms
[1.130s][info][gc,phases,start] GC(45) Summary Phase
[1.130s][info][gc,phases      ] GC(45) Summary Phase 0.018ms
[1.130s][info][gc,phases,start] GC(45) Adjust Roots
[1.130s][info][gc,phases      ] GC(45) Adjust Roots 0.145ms
[1.130s][info][gc,phases,start] GC(45) Compaction Phase
[1.151s][info][gc,phases      ] GC(45) Compaction Phase 20.875ms
[1.151s][info][gc,phases,start] GC(45) Post Compact
[1.152s][info][gc,phases      ] GC(45) Post Compact 0.694ms
[1.152s][info][gc,heap        ] GC(45) PSYoungGen: 24672K(46592K)->18936K(46592K) Eden: 0K(5120K)->0K(5120K) From: 24672K(41472K)->18936K(41472K)
[1.152s][info][gc,heap        ] GC(45) ParOldGen: 147346K(153088K)->152601K(183808K)
[1.152s][info][gc,metaspace   ] GC(45) Metaspace: 6301K(6464K)->6301K(6464K) NonClass: 5768K(5824K)->5768K(5824K) Class: 533K(640K)->533K(640K)
[1.152s][info][gc             ] GC(45) Pause Full (Ergonomics) 167M->167M(225M) 66.630ms
[1.152s][info][gc,cpu         ] GC(45) User=0.14s Sys=0.00s Real=0.07s
[1.157s][info][gc,start       ] GC(46) Pause Young (Allocation Failure)
[1.176s][info][gc,heap        ] GC(46) PSYoungGen: 24056K(46592K)->9184K(46080K) Eden: 5120K(5120K)->0K(6144K) From: 18936K(41472K)->9184K(39936K)
[1.177s][info][gc,heap        ] GC(46) ParOldGen: 152601K(183808K)->167817K(183808K)
[1.177s][info][gc,metaspace   ] GC(46) Metaspace: 6301K(6464K)->6301K(6464K) NonClass: 5768K(5824K)->5768K(5824K) Class: 533K(640K)->533K(640K)
[1.177s][info][gc             ] GC(46) Pause Young (Allocation Failure) 172M->172M(224M) 19.215ms
[1.177s][info][gc,cpu         ] GC(46) User=0.06s Sys=0.00s Real=0.02s
[1.177s][info][gc,start       ] GC(47) Pause Full (Ergonomics)
[1.177s][info][gc,phases,start] GC(47) Marking Phase
[1.216s][info][gc,phases      ] GC(47) Marking Phase 39.165ms
[1.216s][info][gc,phases,start] GC(47) Summary Phase
[1.216s][info][gc,phases      ] GC(47) Summary Phase 0.021ms
[1.216s][info][gc,phases,start] GC(47) Adjust Roots
[1.216s][info][gc,phases      ] GC(47) Adjust Roots 0.150ms
[1.216s][info][gc,phases,start] GC(47) Compaction Phase
[1.234s][info][gc,phases      ] GC(47) Compaction Phase 17.686ms
[1.234s][info][gc,phases,start] GC(47) Post Compact
[1.235s][info][gc,phases      ] GC(47) Post Compact 0.912ms
[1.235s][info][gc,heap        ] GC(47) PSYoungGen: 9184K(46080K)->0K(47104K) Eden: 0K(6144K)->0K(6144K) From: 9184K(39936K)->0K(40960K)
[1.235s][info][gc,heap        ] GC(47) ParOldGen: 167817K(183808K)->176625K(212480K)
[1.235s][info][gc,metaspace   ] GC(47) Metaspace: 6301K(6464K)->6301K(6464K) NonClass: 5768K(5824K)->5768K(5824K) Class: 533K(640K)->533K(640K)
[1.235s][info][gc             ] GC(47) Pause Full (Ergonomics) 172M->172M(253M) 58.383ms
[1.235s][info][gc,cpu         ] GC(47) User=0.23s Sys=0.00s Real=0.06s
[1.261s][info][gc,start       ] GC(48) Pause Young (Allocation Failure)
[1.271s][info][gc,heap        ] GC(48) PSYoungGen: 6144K(47104K)->6240K(47104K) Eden: 6144K(6144K)->0K(7168K) From: 0K(40960K)->6240K(39936K)
[1.271s][info][gc,heap        ] GC(48) ParOldGen: 184817K(212480K)->184817K(212480K)
[1.271s][info][gc,metaspace   ] GC(48) Metaspace: 6301K(6464K)->6301K(6464K) NonClass: 5768K(5824K)->5768K(5824K) Class: 533K(640K)->533K(640K)
[1.271s][info][gc             ] GC(48) Pause Young (Allocation Failure) 186M->186M(253M) 9.444ms
[1.271s][info][gc,cpu         ] GC(48) User=0.02s Sys=0.00s Real=0.01s
[1.278s][info][gc,start       ] GC(49) Pause Young (Allocation Failure)
[1.284s][info][gc,heap        ] GC(49) PSYoungGen: 13408K(47104K)->13376K(20992K) Eden: 7168K(7168K)->0K(7168K) From: 6240K(39936K)->13376K(13824K)
[1.284s][info][gc,heap        ] GC(49) ParOldGen: 184817K(212480K)->184817K(212480K)
[1.285s][info][gc,metaspace   ] GC(49) Metaspace: 6301K(6464K)->6301K(6464K) NonClass: 5768K(5824K)->5768K(5824K) Class: 533K(640K)->533K(640K)
[1.285s][info][gc             ] GC(49) Pause Young (Allocation Failure) 193M->193M(228M) 6.940ms
[1.285s][info][gc,cpu         ] GC(49) User=0.02s Sys=0.00s Real=0.01s
[1.291s][info][gc,start       ] GC(50) Pause Young (Allocation Failure)
[1.301s][info][gc,heap        ] GC(50) PSYoungGen: 20544K(20992K)->20512K(45568K) Eden: 7168K(7168K)->0K(8192K) From: 13376K(13824K)->20512K(37376K)
[1.301s][info][gc,heap        ] GC(50) ParOldGen: 184817K(212480K)->184817K(212480K)
[1.301s][info][gc,metaspace   ] GC(50) Metaspace: 6301K(6464K)->6301K(6464K) NonClass: 5768K(5824K)->5768K(5824K) Class: 533K(640K)->533K(640K)
[1.301s][info][gc             ] GC(50) Pause Young (Allocation Failure) 200M->200M(252M) 9.709ms
[1.301s][info][gc,cpu         ] GC(50) User=0.02s Sys=0.00s Real=0.01s
[1.309s][info][gc,start       ] GC(51) Pause Young (Allocation Failure)
[1.322s][info][gc,heap        ] GC(51) PSYoungGen: 28704K(45568K)->28704K(46080K) Eden: 8192K(8192K)->0K(8192K) From: 20512K(37376K)->28704K(37888K)
[1.322s][info][gc,heap        ] GC(51) ParOldGen: 184817K(212480K)->184817K(212480K)
[1.322s][info][gc,metaspace   ] GC(51) Metaspace: 6301K(6464K)->6301K(6464K) NonClass: 5768K(5824K)->5768K(5824K) Class: 533K(640K)->533K(640K)
[1.322s][info][gc             ] GC(51) Pause Young (Allocation Failure) 208M->208M(252M) 13.371ms
[1.322s][info][gc,cpu         ] GC(51) User=0.00s Sys=0.00s Real=0.01s
[1.330s][info][gc,start       ] GC(52) Pause Young (Allocation Failure)
[1.347s][info][gc,heap        ] GC(52) PSYoungGen: 36896K(46080K)->30752K(47104K) Eden: 8192K(8192K)->0K(6656K) From: 28704K(37888K)->30752K(40448K)
[1.347s][info][gc,heap        ] GC(52) ParOldGen: 184817K(212480K)->191049K(212480K)
[1.347s][info][gc,metaspace   ] GC(52) Metaspace: 6301K(6464K)->6301K(6464K) NonClass: 5768K(5824K)->5768K(5824K) Class: 533K(640K)->533K(640K)
[1.347s][info][gc             ] GC(52) Pause Young (Allocation Failure) 216M->216M(253M) 17.145ms
[1.347s][info][gc,cpu         ] GC(52) User=0.08s Sys=0.00s Real=0.02s
[1.354s][info][gc,start       ] GC(53) Pause Young (Allocation Failure)
[1.371s][info][gc,heap        ] GC(53) PSYoungGen: 37408K(47104K)->30240K(49664K) Eden: 6656K(6656K)->0K(6656K) From: 30752K(40448K)->30240K(43008K)
[1.371s][info][gc,heap        ] GC(53) ParOldGen: 191049K(212480K)->198305K(212480K)
[1.371s][info][gc,metaspace   ] GC(53) Metaspace: 6301K(6464K)->6301K(6464K) NonClass: 5768K(5824K)->5768K(5824K) Class: 533K(640K)->533K(640K)
[1.371s][info][gc             ] GC(53) Pause Young (Allocation Failure) 223M->223M(256M) 17.182ms
[1.371s][info][gc,cpu         ] GC(53) User=0.06s Sys=0.02s Real=0.02s
[1.371s][info][gc,start       ] GC(54) Pause Full (Ergonomics)
[1.371s][info][gc,phases,start] GC(54) Marking Phase
[1.424s][info][gc,phases      ] GC(54) Marking Phase 52.596ms
[1.424s][info][gc,phases,start] GC(54) Summary Phase
[1.424s][info][gc,phases      ] GC(54) Summary Phase 0.024ms
[1.424s][info][gc,phases,start] GC(54) Adjust Roots
[1.424s][info][gc,phases      ] GC(54) Adjust Roots 0.149ms
[1.424s][info][gc,phases,start] GC(54) Compaction Phase
[1.467s][info][gc,phases      ] GC(54) Compaction Phase 43.186ms
[1.468s][info][gc,phases,start] GC(54) Post Compact
[1.469s][info][gc,phases      ] GC(54) Post Compact 1.292ms
[1.469s][info][gc,heap        ] GC(54) PSYoungGen: 30240K(49664K)->11689K(49664K) Eden: 0K(6656K)->0K(6656K) From: 30240K(43008K)->11689K(43008K)
[1.469s][info][gc,heap        ] GC(54) ParOldGen: 198305K(212480K)->212362K(247808K)
[1.469s][info][gc,metaspace   ] GC(54) Metaspace: 6301K(6464K)->6301K(6464K) NonClass: 5768K(5824K)->5768K(5824K) Class: 533K(640K)->533K(640K)
[1.469s][info][gc             ] GC(54) Pause Full (Ergonomics) 223M->218M(290M) 97.866ms
[1.469s][info][gc,cpu         ] GC(54) User=0.33s Sys=0.00s Real=0.10s
[1.478s][info][gc,start       ] GC(55) Pause Young (Allocation Failure)
[1.497s][info][gc,heap        ] GC(55) PSYoungGen: 18345K(49664K)->11808K(50688K) Eden: 6656K(6656K)->0K(7680K) From: 11689K(43008K)->11808K(43008K)
[1.497s][info][gc,heap        ] GC(55) ParOldGen: 212362K(247808K)->219090K(247808K)
[1.497s][info][gc,metaspace   ] GC(55) Metaspace: 6301K(6464K)->6301K(6464K) NonClass: 5768K(5824K)->5768K(5824K) Class: 533K(640K)->533K(640K)
[1.497s][info][gc             ] GC(55) Pause Young (Allocation Failure) 225M->225M(291M) 19.176ms
[1.497s][info][gc,cpu         ] GC(55) User=0.06s Sys=0.00s Real=0.02s
[1.506s][info][gc,start       ] GC(56) Pause Young (Allocation Failure)
[1.516s][info][gc,heap        ] GC(56) PSYoungGen: 19488K(50688K)->16320K(24064K) Eden: 7680K(7680K)->0K(7680K) From: 11808K(43008K)->16320K(16384K)
[1.517s][info][gc,heap        ] GC(56) ParOldGen: 219090K(247808K)->222322K(247808K)
[1.517s][info][gc,metaspace   ] GC(56) Metaspace: 6301K(6464K)->6301K(6464K) NonClass: 5768K(5824K)->5768K(5824K) Class: 533K(640K)->533K(640K)
[1.517s][info][gc             ] GC(56) Pause Young (Allocation Failure) 232M->233M(265M) 10.780ms
[1.517s][info][gc,cpu         ] GC(56) User=0.02s Sys=0.00s Real=0.01s
[1.525s][info][gc,start       ] GC(57) Pause Young (Allocation Failure)
[1.539s][info][gc,heap        ] GC(57) PSYoungGen: 24000K(24064K)->22048K(49152K) Eden: 7680K(7680K)->0K(9216K) From: 16320K(16384K)->22048K(39936K)
[1.539s][info][gc,heap        ] GC(57) ParOldGen: 222322K(247808K)->224274K(247808K)
[1.539s][info][gc,metaspace   ] GC(57) Metaspace: 6301K(6464K)->6301K(6464K) NonClass: 5768K(5824K)->5768K(5824K) Class: 533K(640K)->533K(640K)
[1.539s][info][gc             ] GC(57) Pause Young (Allocation Failure) 240M->240M(290M) 13.786ms
[1.539s][info][gc,cpu         ] GC(57) User=0.00s Sys=0.00s Real=0.01s
[1.549s][info][gc,start       ] GC(58) Pause Young (Allocation Failure)
[1.566s][info][gc,heap        ] GC(58) PSYoungGen: 31264K(49152K)->24608K(50176K) Eden: 9216K(9216K)->0K(9216K) From: 22048K(39936K)->24608K(40960K)
[1.566s][info][gc,heap        ] GC(58) ParOldGen: 224274K(247808K)->231018K(247808K)
[1.566s][info][gc,metaspace   ] GC(58) Metaspace: 6301K(6464K)->6301K(6464K) NonClass: 5768K(5824K)->5768K(5824K) Class: 533K(640K)->533K(640K)
[1.566s][info][gc             ] GC(58) Pause Young (Allocation Failure) 249M->249M(291M) 16.369ms
[1.566s][info][gc,cpu         ] GC(58) User=0.02s Sys=0.00s Real=0.02s
[1.577s][info][gc,start       ] GC(59) Pause Young (Allocation Failure)
[1.596s][info][gc,heap        ] GC(59) PSYoungGen: 33824K(50176K)->18496K(48128K) Eden: 9216K(9216K)->0K(10752K) From: 24608K(40960K)->18496K(37376K)
[1.596s][info][gc,heap        ] GC(59) ParOldGen: 231018K(247808K)->246570K(247808K)
[1.596s][info][gc,metaspace   ] GC(59) Metaspace: 6301K(6464K)->6301K(6464K) NonClass: 5768K(5824K)->5768K(5824K) Class: 533K(640K)->533K(640K)
[1.596s][info][gc             ] GC(59) Pause Young (Allocation Failure) 258M->258M(289M) 19.447ms
[1.596s][info][gc,cpu         ] GC(59) User=0.05s Sys=0.03s Real=0.02s
[1.596s][info][gc,start       ] GC(60) Pause Full (Ergonomics)
[1.596s][info][gc,phases,start] GC(60) Marking Phase
[1.663s][info][gc,phases      ] GC(60) Marking Phase 67.123ms
[1.663s][info][gc,phases,start] GC(60) Summary Phase
[1.663s][info][gc,phases      ] GC(60) Summary Phase 0.019ms
[1.663s][info][gc,phases,start] GC(60) Adjust Roots
[1.663s][info][gc,phases      ] GC(60) Adjust Roots 0.150ms
[1.663s][info][gc,phases,start] GC(60) Compaction Phase
[1.695s][info][gc,phases      ] GC(60) Compaction Phase 31.312ms
[1.695s][info][gc,phases,start] GC(60) Post Compact
[1.696s][info][gc,phases      ] GC(60) Post Compact 1.238ms
[1.696s][info][gc,heap        ] GC(60) PSYoungGen: 18496K(48128K)->16834K(49664K) Eden: 0K(10752K)->0K(12288K) From: 18496K(37376K)->16834K(37376K)
[1.696s][info][gc,heap        ] GC(60) ParOldGen: 246570K(247808K)->247507K(286720K)
[1.696s][info][gc,metaspace   ] GC(60) Metaspace: 6301K(6464K)->6301K(6464K) NonClass: 5768K(5824K)->5768K(5824K) Class: 533K(640K)->533K(640K)
[1.696s][info][gc             ] GC(60) Pause Full (Ergonomics) 258M->258M(328M) 100.388ms
[1.696s][info][gc,cpu         ] GC(60) User=0.34s Sys=0.00s Real=0.10s
[1.710s][info][gc,start       ] GC(61) Pause Young (Allocation Failure)
[1.733s][info][gc,heap        ] GC(61) PSYoungGen: 29122K(49664K)->12416K(51200K) Eden: 12288K(12288K)->0K(12288K) From: 16834K(37376K)->12416K(38912K)
[1.734s][info][gc,heap        ] GC(61) ParOldGen: 247507K(286720K)->264627K(286720K)
[1.734s][info][gc,metaspace   ] GC(61) Metaspace: 6301K(6464K)->6301K(6464K) NonClass: 5768K(5824K)->5768K(5824K) Class: 533K(640K)->533K(640K)
[1.734s][info][gc             ] GC(61) Pause Young (Allocation Failure) 270M->270M(330M) 23.662ms
[1.734s][info][gc,cpu         ] GC(61) User=0.08s Sys=0.02s Real=0.02s
[1.749s][info][gc,start       ] GC(62) Pause Young (Allocation Failure)
[1.762s][info][gc,heap        ] GC(62) PSYoungGen: 24704K(51200K)->12448K(50688K) Eden: 12288K(12288K)->0K(13824K) From: 12416K(38912K)->12448K(36864K)
[1.762s][info][gc,heap        ] GC(62) ParOldGen: 264627K(286720K)->277075K(286720K)
[1.762s][info][gc,metaspace   ] GC(62) Metaspace: 6301K(6464K)->6301K(6464K) NonClass: 5768K(5824K)->5768K(5824K) Class: 533K(640K)->533K(640K)
[1.762s][info][gc             ] GC(62) Pause Young (Allocation Failure) 282M->282M(329M) 13.452ms
[1.762s][info][gc,cpu         ] GC(62) User=0.02s Sys=0.00s Real=0.01s
[1.762s][info][gc,start       ] GC(63) Pause Full (Ergonomics)
[1.763s][info][gc,phases,start] GC(63) Marking Phase
[1.831s][info][gc,phases      ] GC(63) Marking Phase 68.105ms
[1.831s][info][gc,phases,start] GC(63) Summary Phase
[1.831s][info][gc,phases      ] GC(63) Summary Phase 0.018ms
[1.831s][info][gc,phases,start] GC(63) Adjust Roots
[1.831s][info][gc,phases      ] GC(63) Adjust Roots 0.149ms
[1.831s][info][gc,phases,start] GC(63) Compaction Phase
[1.858s][info][gc,phases      ] GC(63) Compaction Phase 27.617ms
[1.859s][info][gc,phases,start] GC(63) Post Compact
[1.860s][info][gc,phases      ] GC(63) Post Compact 1.263ms
[1.860s][info][gc,heap        ] GC(63) PSYoungGen: 12448K(50688K)->2551K(51200K) Eden: 0K(13824K)->0K(14336K) From: 12448K(36864K)->2551K(36864K)
[1.860s][info][gc,heap        ] GC(63) ParOldGen: 277075K(286720K)->286304K(331776K)
[1.860s][info][gc,metaspace   ] GC(63) Metaspace: 6301K(6464K)->6301K(6464K) NonClass: 5768K(5824K)->5768K(5824K) Class: 533K(640K)->533K(640K)
[1.860s][info][gc             ] GC(63) Pause Full (Ergonomics) 282M->282M(374M) 97.660ms
[1.860s][info][gc,cpu         ] GC(63) User=0.52s Sys=0.00s Real=0.10s
[1.876s][info][gc,start       ] GC(64) Pause Young (Allocation Failure)
[1.897s][info][gc,heap        ] GC(64) PSYoungGen: 16887K(51200K)->14496K(51712K) Eden: 14336K(14336K)->0K(14336K) From: 2551K(36864K)->14496K(37376K)
[1.897s][info][gc,heap        ] GC(64) ParOldGen: 286304K(331776K)->288920K(331776K)
[1.897s][info][gc,metaspace   ] GC(64) Metaspace: 6301K(6464K)->6301K(6464K) NonClass: 5768K(5824K)->5768K(5824K) Class: 533K(640K)->533K(640K)
[1.897s][info][gc             ] GC(64) Pause Young (Allocation Failure) 296M->296M(374M) 21.076ms
[1.897s][info][gc,cpu         ] GC(64) User=0.12s Sys=0.00s Real=0.02s
[1.914s][info][gc,start       ] GC(65) Pause Young (Allocation Failure)
[1.929s][info][gc,heap        ] GC(65) PSYoungGen: 28832K(51712K)->28800K(49664K) Eden: 14336K(14336K)->0K(13824K) From: 14496K(37376K)->28800K(35840K)
[1.929s][info][gc,heap        ] GC(65) ParOldGen: 288920K(331776K)->288920K(331776K)
[1.929s][info][gc,metaspace   ] GC(65) Metaspace: 6301K(6464K)->6301K(6464K) NonClass: 5768K(5824K)->5768K(5824K) Class: 533K(640K)->533K(640K)
[1.929s][info][gc             ] GC(65) Pause Young (Allocation Failure) 310M->310M(372M) 15.135ms
[1.929s][info][gc,cpu         ] GC(65) User=0.02s Sys=0.00s Real=0.02s
[1.945s][info][gc,start       ] GC(66) Pause Young (Allocation Failure)
[1.965s][info][gc,heap        ] GC(66) PSYoungGen: 42624K(49664K)->38400K(52224K) Eden: 13824K(13824K)->0K(13824K) From: 28800K(35840K)->38400K(38400K)
[1.965s][info][gc,heap        ] GC(66) ParOldGen: 288920K(331776K)->293080K(331776K)
[1.965s][info][gc,metaspace   ] GC(66) Metaspace: 6301K(6464K)->6301K(6464K) NonClass: 5768K(5824K)->5768K(5824K) Class: 533K(640K)->533K(640K)
[1.966s][info][gc             ] GC(66) Pause Young (Allocation Failure) 323M->323M(375M) 20.498ms
[1.966s][info][gc,cpu         ] GC(66) User=0.12s Sys=0.00s Real=0.02s
[1.981s][info][gc,start       ] GC(67) Pause Young (Allocation Failure)
[2.005s][info][gc,heap        ] GC(67) PSYoungGen: 52224K(52224K)->26496K(59392K) Eden: 13824K(13824K)->0K(15360K) From: 38400K(38400K)->26496K(44032K)
[2.005s][info][gc,heap        ] GC(67) ParOldGen: 293080K(331776K)->319312K(331776K)
[2.005s][info][gc,metaspace   ] GC(67) Metaspace: 6301K(6464K)->6301K(6464K) NonClass: 5768K(5824K)->5768K(5824K) Class: 533K(640K)->533K(640K)
[2.005s][info][gc             ] GC(67) Pause Young (Allocation Failure) 337M->337M(382M) 24.584ms
[2.005s][info][gc,cpu         ] GC(67) User=0.11s Sys=0.03s Real=0.02s
[2.005s][info][gc,start       ] GC(68) Pause Full (Ergonomics)
[2.005s][info][gc,phases,start] GC(68) Marking Phase
[2.073s][info][gc,phases      ] GC(68) Marking Phase 68.098ms
[2.073s][info][gc,phases,start] GC(68) Summary Phase
[2.073s][info][gc,phases      ] GC(68) Summary Phase 0.019ms
[2.073s][info][gc,phases,start] GC(68) Adjust Roots
[2.074s][info][gc,phases      ] GC(68) Adjust Roots 0.149ms
[2.074s][info][gc,phases,start] GC(68) Compaction Phase
[2.107s][info][gc,phases      ] GC(68) Compaction Phase 33.620ms
[2.107s][info][gc,phases,start] GC(68) Post Compact
[2.109s][info][gc,phases      ] GC(68) Post Compact 1.629ms
[2.109s][info][gc,heap        ] GC(68) PSYoungGen: 26496K(59392K)->13519K(59904K) Eden: 0K(15360K)->0K(15872K) From: 26496K(44032K)->13519K(44032K)
[2.109s][info][gc,heap        ] GC(68) ParOldGen: 319312K(331776K)->331535K(383488K)
[2.109s][info][gc,metaspace   ] GC(68) Metaspace: 6301K(6464K)->6301K(6464K) NonClass: 5768K(5824K)->5768K(5824K) Class: 533K(640K)->533K(640K)
[2.109s][info][gc             ] GC(68) Pause Full (Ergonomics) 337M->336M(433M) 104.069ms
[2.109s][info][gc,cpu         ] GC(68) User=0.66s Sys=0.02s Real=0.10s
[2.191s][info][gc,start       ] GC(69) Pause Young (Allocation Failure)
[2.218s][info][gc,heap        ] GC(69) PSYoungGen: 29391K(59904K)->23136K(60416K) Eden: 15872K(15872K)->0K(15872K) From: 13519K(44032K)->23136K(44544K)
[2.218s][info][gc,heap        ] GC(69) ParOldGen: 347919K(383488K)->354407K(383488K)
[2.218s][info][gc,metaspace   ] GC(69) Metaspace: 6301K(6464K)->6301K(6464K) NonClass: 5768K(5824K)->5768K(5824K) Class: 533K(640K)->533K(640K)
[2.218s][info][gc             ] GC(69) Pause Young (Allocation Failure) 368M->368M(433M) 26.994ms
[2.218s][info][gc,cpu         ] GC(69) User=0.12s Sys=0.00s Real=0.03s
[2.233s][info][gc,start       ] GC(70) Pause Young (Allocation Failure)
[2.252s][info][gc,heap        ] GC(70) PSYoungGen: 39008K(60416K)->39040K(56832K) Eden: 15872K(15872K)->0K(13824K) From: 23136K(44544K)->39040K(43008K)
[2.252s][info][gc,heap        ] GC(70) ParOldGen: 354407K(383488K)->354407K(383488K)
[2.252s][info][gc,metaspace   ] GC(70) Metaspace: 6301K(6464K)->6301K(6464K) NonClass: 5768K(5824K)->5768K(5824K) Class: 533K(640K)->533K(640K)
[2.252s][info][gc             ] GC(70) Pause Young (Allocation Failure) 384M->384M(430M) 18.995ms
[2.252s][info][gc,cpu         ] GC(70) User=0.11s Sys=0.03s Real=0.02s
[2.266s][info][gc,start       ] GC(71) Pause Young (Allocation Failure)
[2.290s][info][gc,heap        ] GC(71) PSYoungGen: 52864K(56832K)->47104K(60928K) Eden: 13824K(13824K)->0K(13824K) From: 39040K(43008K)->47104K(47104K)
[2.290s][info][gc,heap        ] GC(71) ParOldGen: 354407K(383488K)->360135K(383488K)
[2.290s][info][gc,metaspace   ] GC(71) Metaspace: 6301K(6464K)->6301K(6464K) NonClass: 5768K(5824K)->5768K(5824K) Class: 533K(640K)->533K(640K)
[2.290s][info][gc             ] GC(71) Pause Young (Allocation Failure) 397M->397M(434M) 24.192ms
[2.290s][info][gc,cpu         ] GC(71) User=0.12s Sys=0.00s Real=0.02s
[2.305s][info][gc,start       ] GC(72) Pause Young (Allocation Failure)
[2.334s][info][gc,heap        ] GC(72) PSYoungGen: 60928K(60928K)->40928K(69632K) Eden: 13824K(13824K)->0K(13824K) From: 47104K(47104K)->40928K(55808K)
[2.334s][info][gc,heap        ] GC(72) ParOldGen: 360135K(383488K)->380495K(383488K)
[2.334s][info][gc,metaspace   ] GC(72) Metaspace: 6301K(6464K)->6301K(6464K) NonClass: 5768K(5824K)->5768K(5824K) Class: 533K(640K)->533K(640K)
[2.334s][info][gc             ] GC(72) Pause Young (Allocation Failure) 411M->411M(442M) 29.030ms
[2.334s][info][gc,cpu         ] GC(72) User=0.09s Sys=0.02s Real=0.03s
[2.334s][info][gc,start       ] GC(73) Pause Full (Ergonomics)
[2.334s][info][gc,phases,start] GC(73) Marking Phase
[2.425s][info][gc,phases      ] GC(73) Marking Phase 90.826ms
[2.425s][info][gc,phases,start] GC(73) Summary Phase
[2.425s][info][gc,phases      ] GC(73) Summary Phase 0.020ms
[2.425s][info][gc,phases,start] GC(73) Adjust Roots
[2.425s][info][gc,phases      ] GC(73) Adjust Roots 0.153ms
[2.425s][info][gc,phases,start] GC(73) Compaction Phase
[2.499s][info][gc,phases      ] GC(73) Compaction Phase 74.210ms
[2.499s][info][gc,phases,start] GC(73) Post Compact
[2.501s][info][gc,phases      ] GC(73) Post Compact 2.328ms
[2.502s][info][gc,heap        ] GC(73) PSYoungGen: 40928K(69632K)->29492K(69632K) Eden: 0K(13824K)->0K(13824K) From: 40928K(55808K)->29492K(55808K)
[2.502s][info][gc,heap        ] GC(73) ParOldGen: 380495K(383488K)->383028K(437760K)
[2.502s][info][gc,metaspace   ] GC(73) Metaspace: 6301K(6464K)->6301K(6464K) NonClass: 5768K(5824K)->5768K(5824K) Class: 533K(640K)->533K(640K)
[2.502s][info][gc             ] GC(73) Pause Full (Ergonomics) 411M->402M(495M) 168.095ms
[2.502s][info][gc,cpu         ] GC(73) User=1.02s Sys=0.02s Real=0.17s
[2.516s][info][gc,start       ] GC(74) Pause Young (Allocation Failure)
[2.549s][info][gc,heap        ] GC(74) PSYoungGen: 43316K(69632K)->31904K(71680K) Eden: 13824K(13824K)->0K(13824K) From: 29492K(55808K)->31904K(57856K)
[2.549s][info][gc,heap        ] GC(74) ParOldGen: 383028K(437760K)->394788K(437760K)
[2.549s][info][gc,metaspace   ] GC(74) Metaspace: 6301K(6464K)->6301K(6464K) NonClass: 5768K(5824K)->5768K(5824K) Class: 533K(640K)->533K(640K)
[2.549s][info][gc             ] GC(74) Pause Young (Allocation Failure) 416M->416M(497M) 33.592ms
[2.549s][info][gc,cpu         ] GC(74) User=0.25s Sys=0.00s Real=0.03s
[2.564s][info][gc,start       ] GC(75) Pause Young (Allocation Failure)
[2.585s][info][gc,heap        ] GC(75) PSYoungGen: 45728K(71680K)->37632K(70656K) Eden: 13824K(13824K)->0K(14336K) From: 31904K(57856K)->37632K(56320K)
[2.585s][info][gc,heap        ] GC(75) ParOldGen: 394788K(437760K)->402988K(437760K)
[2.585s][info][gc,metaspace   ] GC(75) Metaspace: 6301K(6464K)->6301K(6464K) NonClass: 5768K(5824K)->5768K(5824K) Class: 533K(640K)->533K(640K)
[2.585s][info][gc             ] GC(75) Pause Young (Allocation Failure) 430M->430M(496M) 21.462ms
[2.585s][info][gc,cpu         ] GC(75) User=0.11s Sys=0.02s Real=0.02s
[2.602s][info][gc,start       ] GC(76) Pause Young (Allocation Failure)
[2.626s][info][gc,heap        ] GC(76) PSYoungGen: 51968K(70656K)->42080K(71680K) Eden: 14336K(14336K)->0K(14336K) From: 37632K(56320K)->42080K(57344K)
[2.626s][info][gc,heap        ] GC(76) ParOldGen: 402988K(437760K)->412964K(437760K)
[2.626s][info][gc,metaspace   ] GC(76) Metaspace: 6301K(6464K)->6301K(6464K) NonClass: 5768K(5824K)->5768K(5824K) Class: 533K(640K)->533K(640K)
[2.626s][info][gc             ] GC(76) Pause Young (Allocation Failure) 444M->444M(497M) 23.950ms
[2.626s][info][gc,cpu         ] GC(76) User=0.14s Sys=0.00s Real=0.02s
[2.641s][info][gc,start       ] GC(77) Pause Young (Allocation Failure)
[2.668s][info][gc,heap        ] GC(77) PSYoungGen: 56416K(71680K)->42624K(73216K) Eden: 14336K(14336K)->0K(14336K) From: 42080K(57344K)->42624K(58880K)
[2.668s][info][gc,heap        ] GC(77) ParOldGen: 412964K(437760K)->426980K(437760K)
[2.668s][info][gc,metaspace   ] GC(77) Metaspace: 6301K(6464K)->6301K(6464K) NonClass: 5768K(5824K)->5768K(5824K) Class: 533K(640K)->533K(640K)
[2.668s][info][gc             ] GC(77) Pause Young (Allocation Failure) 458M->458M(499M) 26.978ms
[2.668s][info][gc,cpu         ] GC(77) User=0.12s Sys=0.00s Real=0.03s
[2.668s][info][gc,start       ] GC(78) Pause Full (Ergonomics)
[2.668s][info][gc,phases,start] GC(78) Marking Phase
[2.766s][info][gc,phases      ] GC(78) Marking Phase 98.060ms
[2.766s][info][gc,phases,start] GC(78) Summary Phase
[2.766s][info][gc,phases      ] GC(78) Summary Phase 0.021ms
[2.766s][info][gc,phases,start] GC(78) Adjust Roots
[2.767s][info][gc,phases      ] GC(78) Adjust Roots 0.157ms
[2.767s][info][gc,phases,start] GC(78) Compaction Phase
[2.819s][info][gc,phases      ] GC(78) Compaction Phase 52.297ms
[2.819s][info][gc,phases,start] GC(78) Post Compact
[2.821s][info][gc,phases      ] GC(78) Post Compact 2.379ms
[2.822s][info][gc,heap        ] GC(78) PSYoungGen: 42624K(73216K)->31159K(73216K) Eden: 0K(14336K)->0K(14336K) From: 42624K(58880K)->31159K(58880K)
[2.822s][info][gc,heap        ] GC(78) ParOldGen: 426980K(437760K)->437557K(493568K)
[2.822s][info][gc,metaspace   ] GC(78) Metaspace: 6301K(6464K)->6301K(6464K) NonClass: 5768K(5824K)->5768K(5824K) Class: 533K(640K)->533K(640K)
[2.822s][info][gc             ] GC(78) Pause Full (Ergonomics) 458M->457M(553M) 153.464ms
[2.822s][info][gc,cpu         ] GC(78) User=1.03s Sys=0.00s Real=0.15s
[2.838s][info][gc,start       ] GC(79) Pause Young (Allocation Failure)
[2.875s][info][gc,heap        ] GC(79) PSYoungGen: 45495K(73216K)->24480K(38912K) Eden: 14336K(14336K)->0K(14336K) From: 31159K(58880K)->24480K(24576K)
[2.875s][info][gc,heap        ] GC(79) ParOldGen: 437557K(493568K)->458957K(493568K)
[2.875s][info][gc,metaspace   ] GC(79) Metaspace: 6301K(6464K)->6301K(6464K) NonClass: 5768K(5824K)->5768K(5824K) Class: 533K(640K)->533K(640K)
[2.875s][info][gc             ] GC(79) Pause Young (Allocation Failure) 471M->472M(520M) 37.500ms
[2.875s][info][gc,cpu         ] GC(79) User=0.25s Sys=0.02s Real=0.04s
[2.891s][info][gc,start       ] GC(80) Pause Young (Allocation Failure)
[2.911s][info][gc,heap        ] GC(80) PSYoungGen: 38816K(38912K)->28800K(71680K) Eden: 14336K(14336K)->0K(16384K) From: 24480K(24576K)->28800K(55296K)
[2.911s][info][gc,heap        ] GC(80) ParOldGen: 458957K(493568K)->469181K(493568K)
[2.911s][info][gc,metaspace   ] GC(80) Metaspace: 6301K(6464K)->6301K(6464K) NonClass: 5768K(5824K)->5768K(5824K) Class: 533K(640K)->533K(640K)
[2.911s][info][gc             ] GC(80) Pause Young (Allocation Failure) 486M->486M(552M) 20.032ms
[2.911s][info][gc,cpu         ] GC(80) User=0.12s Sys=0.00s Real=0.02s
[2.929s][info][gc,start       ] GC(81) Pause Young (Allocation Failure)
[2.954s][info][gc,heap        ] GC(81) PSYoungGen: 45184K(71680K)->30880K(47616K) Eden: 16384K(16384K)->0K(16384K) From: 28800K(55296K)->30880K(31232K)
[2.954s][info][gc,heap        ] GC(81) ParOldGen: 469181K(493568K)->483733K(493568K)
[2.954s][info][gc,metaspace   ] GC(81) Metaspace: 6301K(6464K)->6301K(6464K) NonClass: 5768K(5824K)->5768K(5824K) Class: 533K(640K)->533K(640K)
[2.954s][info][gc             ] GC(81) Pause Young (Allocation Failure) 502M->502M(528M) 24.827ms
[2.954s][info][gc,cpu         ] GC(81) User=0.11s Sys=0.00s Real=0.03s
[2.954s][info][gc,start       ] GC(82) Pause Full (Ergonomics)
[2.954s][info][gc,phases,start] GC(82) Marking Phase
[3.072s][info][gc,phases      ] GC(82) Marking Phase 118.667ms
[3.072s][info][gc,phases,start] GC(82) Summary Phase
[3.072s][info][gc,phases      ] GC(82) Summary Phase 0.021ms
[3.072s][info][gc,phases,start] GC(82) Adjust Roots
[3.073s][info][gc,phases      ] GC(82) Adjust Roots 0.157ms
[3.073s][info][gc,phases,start] GC(82) Compaction Phase
[3.125s][info][gc,phases      ] GC(82) Compaction Phase 52.392ms
[3.125s][info][gc,phases,start] GC(82) Post Compact
[3.128s][info][gc,phases      ] GC(82) Post Compact 2.739ms
[3.128s][info][gc,heap        ] GC(82) PSYoungGen: 30880K(47616K)->20439K(47616K) Eden: 0K(16384K)->0K(16384K) From: 30880K(31232K)->20439K(31232K)
[3.128s][info][gc,heap        ] GC(82) ParOldGen: 483733K(493568K)->493243K(554496K)
[3.128s][info][gc,metaspace   ] GC(82) Metaspace: 6301K(6464K)->6301K(6464K) NonClass: 5768K(5824K)->5768K(5824K) Class: 533K(640K)->533K(640K)
[3.128s][info][gc             ] GC(82) Pause Full (Ergonomics) 502M->501M(588M) 174.568ms
[3.128s][info][gc,cpu         ] GC(82) User=0.98s Sys=0.05s Real=0.17s
[3.146s][info][gc,start       ] GC(83) Pause Young (Allocation Failure)
[3.183s][info][gc,heap        ] GC(83) PSYoungGen: 36823K(47616K)->27936K(68608K) Eden: 16384K(16384K)->0K(18432K) From: 20439K(31232K)->27936K(50176K)
[3.183s][info][gc,heap        ] GC(83) ParOldGen: 493243K(554496K)->502411K(554496K)
[3.183s][info][gc,metaspace   ] GC(83) Metaspace: 6301K(6464K)->6301K(6464K) NonClass: 5768K(5824K)->5768K(5824K) Class: 533K(640K)->533K(640K)
[3.183s][info][gc             ] GC(83) Pause Young (Allocation Failure) 517M->517M(608M) 36.775ms
[3.183s][info][gc,cpu         ] GC(83) User=0.25s Sys=0.00s Real=0.04s
[3.204s][info][gc,start       ] GC(84) Pause Young (Allocation Failure)
[3.227s][info][gc,heap        ] GC(84) PSYoungGen: 46368K(68608K)->46368K(70656K) Eden: 18432K(18432K)->0K(18432K) From: 27936K(50176K)->46368K(52224K)
[3.227s][info][gc,heap        ] GC(84) ParOldGen: 502411K(554496K)->502411K(554496K)
[3.227s][info][gc,metaspace   ] GC(84) Metaspace: 6301K(6464K)->6301K(6464K) NonClass: 5768K(5824K)->5768K(5824K) Class: 533K(640K)->533K(640K)
[3.227s][info][gc             ] GC(84) Pause Young (Allocation Failure) 535M->535M(610M) 23.165ms
[3.227s][info][gc,cpu         ] GC(84) User=0.12s Sys=0.00s Real=0.02s
[3.248s][info][gc,start       ] GC(85) Pause Young (Allocation Failure)
[3.279s][info][gc,heap        ] GC(85) PSYoungGen: 64800K(70656K)->55808K(66560K) Eden: 18432K(18432K)->0K(10752K) From: 46368K(52224K)->55808K(55808K)
[3.279s][info][gc,heap        ] GC(85) ParOldGen: 502411K(554496K)->511435K(554496K)
[3.279s][info][gc,metaspace   ] GC(85) Metaspace: 6301K(6464K)->6301K(6464K) NonClass: 5768K(5824K)->5768K(5824K) Class: 533K(640K)->533K(640K)
[3.279s][info][gc             ] GC(85) Pause Young (Allocation Failure) 553M->553M(606M) 31.115ms
[3.279s][info][gc,cpu         ] GC(85) User=0.14s Sys=0.00s Real=0.03s
[3.291s][info][gc,start       ] GC(86) Pause Young (Allocation Failure)
[3.324s][info][gc,heap        ] GC(86) PSYoungGen: 66560K(66560K)->41824K(76288K) Eden: 10752K(10752K)->0K(10752K) From: 55808K(55808K)->41824K(65536K)
[3.324s][info][gc,heap        ] GC(86) ParOldGen: 511435K(554496K)->536611K(554496K)
[3.324s][info][gc,metaspace   ] GC(86) Metaspace: 6301K(6464K)->6301K(6464K) NonClass: 5768K(5824K)->5768K(5824K) Class: 533K(640K)->533K(640K)
[3.324s][info][gc             ] GC(86) Pause Young (Allocation Failure) 564M->564M(616M) 32.345ms
[3.324s][info][gc,cpu         ] GC(86) User=0.14s Sys=0.00s Real=0.03s
[3.324s][info][gc,start       ] GC(87) Pause Full (Ergonomics)
[3.324s][info][gc,phases,start] GC(87) Marking Phase
[3.451s][info][gc,phases      ] GC(87) Marking Phase 127.782ms
[3.452s][info][gc,phases,start] GC(87) Summary Phase
[3.452s][info][gc,phases      ] GC(87) Summary Phase 0.021ms
[3.452s][info][gc,phases,start] GC(87) Adjust Roots
[3.452s][info][gc,phases      ] GC(87) Adjust Roots 0.162ms
[3.452s][info][gc,phases,start] GC(87) Compaction Phase
[3.504s][info][gc,phases      ] GC(87) Compaction Phase 52.438ms
[3.504s][info][gc,phases,start] GC(87) Post Compact
[3.505s][info][gc,phases      ] GC(87) Post Compact 1.057ms
[3.506s][info][gc,heap        ] GC(87) PSYoungGen: 41824K(76288K)->23192K(76288K) Eden: 0K(10752K)->0K(10752K) From: 41824K(65536K)->23192K(65536K)
[3.506s][info][gc,heap        ] GC(87) ParOldGen: 536611K(554496K)->554365K(621056K)
[3.506s][info][gc,metaspace   ] GC(87) Metaspace: 6301K(6464K)->6301K(6464K) NonClass: 5768K(5824K)->5768K(5824K) Class: 533K(640K)->533K(640K)
[3.506s][info][gc             ] GC(87) Pause Full (Ergonomics) 564M->564M(681M) 182.001ms
[3.506s][info][gc,cpu         ] GC(87) User=1.23s Sys=0.05s Real=0.18s
[3.518s][info][gc,start       ] GC(88) Pause Young (Allocation Failure)
[3.558s][info][gc,heap        ] GC(88) PSYoungGen: 33944K(76288K)->26304K(75264K) Eden: 10752K(10752K)->0K(12288K) From: 23192K(65536K)->26304K(62976K)
[3.558s][info][gc,heap        ] GC(88) ParOldGen: 554365K(621056K)->562293K(621056K)
[3.558s][info][gc,metaspace   ] GC(88) Metaspace: 6301K(6464K)->6301K(6464K) NonClass: 5768K(5824K)->5768K(5824K) Class: 533K(640K)->533K(640K)
[3.558s][info][gc             ] GC(88) Pause Young (Allocation Failure) 574M->574M(680M) 39.605ms
[3.558s][info][gc,cpu         ] GC(88) User=0.23s Sys=0.02s Real=0.04s
[3.572s][info][gc,start       ] GC(89) Pause Young (Allocation Failure)
[3.591s][info][gc,heap        ] GC(89) PSYoungGen: 38592K(75264K)->38624K(76288K) Eden: 12288K(12288K)->0K(12288K) From: 26304K(62976K)->38624K(64000K)
[3.591s][info][gc,heap        ] GC(89) ParOldGen: 562293K(621056K)->562293K(621056K)
[3.591s][info][gc,metaspace   ] GC(89) Metaspace: 6301K(6464K)->6301K(6464K) NonClass: 5768K(5824K)->5768K(5824K) Class: 533K(640K)->533K(640K)
[3.592s][info][gc             ] GC(89) Pause Young (Allocation Failure) 586M->586M(681M) 19.705ms
[3.592s][info][gc,cpu         ] GC(89) User=0.12s Sys=0.00s Real=0.02s
[3.606s][info][gc,start       ] GC(90) Pause Young (Allocation Failure)
[3.631s][info][gc,heap        ] GC(90) PSYoungGen: 50912K(76288K)->42144K(75264K) Eden: 12288K(12288K)->0K(13824K) From: 38624K(64000K)->42144K(61440K)
[3.631s][info][gc,heap        ] GC(90) ParOldGen: 562293K(621056K)->571141K(621056K)
[3.631s][info][gc,metaspace   ] GC(90) Metaspace: 6301K(6464K)->6301K(6464K) NonClass: 5768K(5824K)->5768K(5824K) Class: 533K(640K)->533K(640K)
[3.631s][info][gc             ] GC(90) Pause Young (Allocation Failure) 598M->598M(680M) 25.096ms
[3.631s][info][gc,cpu         ] GC(90) User=0.14s Sys=0.00s Real=0.02s
[3.648s][info][gc,start       ] GC(91) Pause Young (Allocation Failure)
[3.675s][info][gc,heap        ] GC(91) PSYoungGen: 55968K(75264K)->49280K(75776K) Eden: 13824K(13824K)->0K(13824K) From: 42144K(61440K)->49280K(61952K)
[3.676s][info][gc,heap        ] GC(91) ParOldGen: 571141K(621056K)->577949K(621056K)
[3.676s][info][gc,metaspace   ] GC(91) Metaspace: 6301K(6464K)->6301K(6464K) NonClass: 5768K(5824K)->5768K(5824K) Class: 533K(640K)->533K(640K)
[3.676s][info][gc             ] GC(91) Pause Young (Allocation Failure) 612M->612M(680M) 27.726ms
[3.676s][info][gc,cpu         ] GC(91) User=0.14s Sys=0.00s Real=0.03s
[3.692s][info][gc,start       ] GC(92) Pause Young (Allocation Failure)
[3.723s][info][gc,heap        ] GC(92) PSYoungGen: 63104K(75776K)->40064K(77312K) Eden: 13824K(13824K)->0K(15872K) From: 49280K(61952K)->40064K(61440K)
[3.723s][info][gc,heap        ] GC(92) ParOldGen: 577949K(621056K)->601277K(621056K)
[3.723s][info][gc,metaspace   ] GC(92) Metaspace: 6301K(6464K)->6301K(6464K) NonClass: 5768K(5824K)->5768K(5824K) Class: 533K(640K)->533K(640K)
[3.723s][info][gc             ] GC(92) Pause Young (Allocation Failure) 626M->626M(682M) 31.087ms
[3.723s][info][gc,cpu         ] GC(92) User=0.14s Sys=0.00s Real=0.03s
[3.723s][info][gc,start       ] GC(93) Pause Full (Ergonomics)
[3.723s][info][gc,phases,start] GC(93) Marking Phase
[3.864s][info][gc,phases      ] GC(93) Marking Phase 141.277ms
[3.864s][info][gc,phases,start] GC(93) Summary Phase
[3.864s][info][gc,phases      ] GC(93) Summary Phase 0.021ms
[3.864s][info][gc,phases,start] GC(93) Adjust Roots
[3.865s][info][gc,phases      ] GC(93) Adjust Roots 0.149ms
[3.865s][info][gc,phases,start] GC(93) Compaction Phase
[3.920s][info][gc,phases      ] GC(93) Compaction Phase 55.758ms
[3.921s][info][gc,phases,start] GC(93) Post Compact
[3.922s][info][gc,phases      ] GC(93) Post Compact 1.100ms
[3.922s][info][gc,heap        ] GC(93) PSYoungGen: 40064K(77312K)->19406K(78848K) Eden: 0K(15872K)->0K(17408K) From: 40064K(61440K)->19406K(61440K)
[3.922s][info][gc,heap        ] GC(93) ParOldGen: 601277K(621056K)->620978K(691200K)
[3.922s][info][gc,metaspace   ] GC(93) Metaspace: 6301K(6464K)->6301K(6464K) NonClass: 5768K(5824K)->5768K(5824K) Class: 533K(640K)->533K(640K)
[3.922s][info][gc             ] GC(93) Pause Full (Ergonomics) 626M->625M(752M) 198.856ms
[3.922s][info][gc,cpu         ] GC(93) User=1.36s Sys=0.03s Real=0.20s
[3.943s][info][gc,start       ] GC(94) Pause Young (Allocation Failure)
[3.986s][info][gc,heap        ] GC(94) PSYoungGen: 36814K(78848K)->24512K(80384K) Eden: 17408K(17408K)->0K(17408K) From: 19406K(61440K)->24512K(62976K)
[3.986s][info][gc,heap        ] GC(94) ParOldGen: 620978K(691200K)->633642K(691200K)
[3.986s][info][gc,metaspace   ] GC(94) Metaspace: 6301K(6464K)->6301K(6464K) NonClass: 5768K(5824K)->5768K(5824K) Class: 533K(640K)->533K(640K)
[3.986s][info][gc             ] GC(94) Pause Young (Allocation Failure) 642M->642M(753M) 42.980ms
[3.986s][info][gc,cpu         ] GC(94) User=0.17s Sys=0.08s Real=0.04s
[4.008s][info][gc,start       ] GC(95) Pause Young (Allocation Failure)
[4.030s][info][gc,heap        ] GC(95) PSYoungGen: 41920K(80384K)->34976K(77824K) Eden: 17408K(17408K)->0K(19456K) From: 24512K(62976K)->34976K(58368K)
[4.031s][info][gc,heap        ] GC(95) ParOldGen: 633642K(691200K)->640674K(691200K)
[4.031s][info][gc,metaspace   ] GC(95) Metaspace: 6301K(6464K)->6301K(6464K) NonClass: 5768K(5824K)->5768K(5824K) Class: 533K(640K)->533K(640K)
[4.031s][info][gc             ] GC(95) Pause Young (Allocation Failure) 659M->659M(751M) 22.462ms
[4.031s][info][gc,cpu         ] GC(95) User=0.12s Sys=0.00s Real=0.02s
[4.055s][info][gc,start       ] GC(96) Pause Young (Allocation Failure)
[4.083s][info][gc,heap        ] GC(96) PSYoungGen: 54432K(77824K)->36992K(79872K) Eden: 19456K(19456K)->0K(19456K) From: 34976K(58368K)->36992K(60416K)
[4.083s][info][gc,heap        ] GC(96) ParOldGen: 640674K(691200K)->658338K(691200K)
[4.083s][info][gc,metaspace   ] GC(96) Metaspace: 6301K(6464K)->6301K(6464K) NonClass: 5768K(5824K)->5768K(5824K) Class: 533K(640K)->533K(640K)
[4.084s][info][gc             ] GC(96) Pause Young (Allocation Failure) 678M->679M(753M) 28.324ms
[4.084s][info][gc,cpu         ] GC(96) User=0.11s Sys=0.03s Real=0.03s
[4.230s][info][gc,start       ] GC(97) Pause Full (Ergonomics)
[4.230s][info][gc,phases,start] GC(97) Marking Phase
[4.393s][info][gc,phases      ] GC(97) Marking Phase 162.160ms
[4.393s][info][gc,phases,start] GC(97) Summary Phase
[4.393s][info][gc,phases      ] GC(97) Summary Phase 0.023ms
[4.393s][info][gc,phases,start] GC(97) Adjust Roots
[4.393s][info][gc,phases      ] GC(97) Adjust Roots 0.150ms
[4.393s][info][gc,phases,start] GC(97) Compaction Phase
[4.514s][info][gc,phases      ] GC(97) Compaction Phase 121.181ms
[4.514s][info][gc,phases,start] GC(97) Post Compact
[4.516s][info][gc,phases      ] GC(97) Post Compact 1.454ms
[4.516s][info][gc,heap        ] GC(97) PSYoungGen: 56448K(79872K)->39351K(79872K) Eden: 19456K(19456K)->19417K(19456K) From: 36992K(60416K)->19934K(60416K)
[4.516s][info][gc,heap        ] GC(97) ParOldGen: 691106K(691200K)->691013K(765952K)
[4.516s][info][gc,metaspace   ] GC(97) Metaspace: 6301K(6464K)->6301K(6464K) NonClass: 5768K(5824K)->5768K(5824K) Class: 533K(640K)->533K(640K)
[4.516s][info][gc             ] GC(97) Pause Full (Ergonomics) 730M->713M(826M) 285.591ms
[4.516s][info][gc,cpu         ] GC(97) User=2.00s Sys=0.00s Real=0.29s
[4.516s][info][gc,start       ] GC(98) Pause Young (Allocation Failure)
[4.560s][info][gc,heap        ] GC(98) PSYoungGen: 39390K(79872K)->22208K(79360K) Eden: 19456K(19456K)->0K(21504K) From: 19934K(60416K)->22208K(57856K)
[4.560s][info][gc,heap        ] GC(98) ParOldGen: 691013K(765952K)->708661K(765952K)
[4.560s][info][gc,metaspace   ] GC(98) Metaspace: 6301K(6464K)->6301K(6464K) NonClass: 5768K(5824K)->5768K(5824K) Class: 533K(640K)->533K(640K)
[4.560s][info][gc             ] GC(98) Pause Young (Allocation Failure) 713M->713M(825M) 44.063ms
[4.560s][info][gc,cpu         ] GC(98) User=0.23s Sys=0.02s Real=0.04s
[4.584s][info][gc,start       ] GC(99) Pause Young (Allocation Failure)
[4.608s][info][gc,heap        ] GC(99) PSYoungGen: 43712K(79360K)->43712K(79872K) Eden: 21504K(21504K)->0K(21504K) From: 22208K(57856K)->43712K(58368K)
[4.608s][info][gc,heap        ] GC(99) ParOldGen: 708661K(765952K)->708661K(765952K)
[4.608s][info][gc,metaspace   ] GC(99) Metaspace: 6301K(6464K)->6301K(6464K) NonClass: 5768K(5824K)->5768K(5824K) Class: 533K(640K)->533K(640K)
[4.608s][info][gc             ] GC(99) Pause Young (Allocation Failure) 734M->734M(826M) 23.756ms
[4.608s][info][gc,cpu         ] GC(99) User=0.02s Sys=0.00s Real=0.02s
[4.631s][info][gc,start       ] GC(100) Pause Young (Allocation Failure)
[4.662s][info][gc,heap        ] GC(100) PSYoungGen: 65216K(79872K)->59392K(75264K) Eden: 21504K(21504K)->0K(15872K) From: 43712K(58368K)->59392K(59392K)
[4.662s][info][gc,heap        ] GC(100) ParOldGen: 708661K(765952K)->714429K(765952K)
[4.662s][info][gc,metaspace   ] GC(100) Metaspace: 6301K(6464K)->6301K(6464K) NonClass: 5768K(5824K)->5768K(5824K) Class: 533K(640K)->533K(640K)
[4.662s][info][gc             ] GC(100) Pause Young (Allocation Failure) 755M->755M(821M) 31.184ms
[4.662s][info][gc,cpu         ] GC(100) User=0.14s Sys=0.00s Real=0.03s
[4.679s][info][gc,start       ] GC(101) Pause Young (Allocation Failure)
[4.714s][info][gc,heap        ] GC(101) PSYoungGen: 75264K(75264K)->54976K(83456K) Eden: 15872K(15872K)->0K(15872K) From: 59392K(59392K)->54976K(67584K)
[4.714s][info][gc,heap        ] GC(101) ParOldGen: 714429K(765952K)->735117K(765952K)
[4.714s][info][gc,metaspace   ] GC(101) Metaspace: 6301K(6464K)->6301K(6464K) NonClass: 5768K(5824K)->5768K(5824K) Class: 533K(640K)->533K(640K)
[4.714s][info][gc             ] GC(101) Pause Young (Allocation Failure) 771M->771M(829M) 34.904ms
[4.714s][info][gc,cpu         ] GC(101) User=0.23s Sys=0.02s Real=0.04s
[4.730s][info][gc,start       ] GC(102) Pause Young (Allocation Failure)
[4.763s][info][gc,heap        ] GC(102) PSYoungGen: 70848K(83456K)->51840K(88064K) Eden: 15872K(15872K)->0K(16896K) From: 54976K(67584K)->51840K(71168K)
[4.763s][info][gc,heap        ] GC(102) ParOldGen: 735117K(765952K)->754413K(765952K)
[4.763s][info][gc,metaspace   ] GC(102) Metaspace: 6301K(6464K)->6301K(6464K) NonClass: 5768K(5824K)->5768K(5824K) Class: 533K(640K)->533K(640K)
[4.763s][info][gc             ] GC(102) Pause Young (Allocation Failure) 787M->787M(834M) 33.315ms
[4.763s][info][gc,cpu         ] GC(102) User=0.25s Sys=0.00s Real=0.03s
[4.763s][info][gc,start       ] GC(103) Pause Full (Ergonomics)
[4.763s][info][gc,phases,start] GC(103) Marking Phase
[4.945s][info][gc,phases      ] GC(103) Marking Phase 181.876ms
[4.945s][info][gc,phases,start] GC(103) Summary Phase
[4.945s][info][gc,phases      ] GC(103) Summary Phase 0.024ms
[4.945s][info][gc,phases,start] GC(103) Adjust Roots
[4.945s][info][gc,phases      ] GC(103) Adjust Roots 0.164ms
[4.945s][info][gc,phases,start] GC(103) Compaction Phase
[5.036s][info][gc,phases      ] GC(103) Compaction Phase 90.533ms
[5.036s][info][gc,phases,start] GC(103) Post Compact
[5.038s][info][gc,phases      ] GC(103) Post Compact 1.476ms
[5.038s][info][gc,heap        ] GC(103) PSYoungGen: 51840K(88064K)->39302K(88064K) Eden: 0K(16896K)->0K(16896K) From: 51840K(71168K)->39302K(71168K)
[5.038s][info][gc,heap        ] GC(103) ParOldGen: 754413K(765952K)->765692K(848384K)
[5.038s][info][gc,metaspace   ] GC(103) Metaspace: 6301K(6464K)->6301K(6464K) NonClass: 5768K(5824K)->5768K(5824K) Class: 533K(640K)->533K(640K)
[5.038s][info][gc             ] GC(103) Pause Full (Ergonomics) 787M->786M(914M) 274.740ms
[5.038s][info][gc,cpu         ] GC(103) User=1.95s Sys=0.00s Real=0.28s
[5.056s][info][gc,start       ] GC(104) Pause Young (Allocation Failure)
[5.111s][info][gc,heap        ] GC(104) PSYoungGen: 56198K(88064K)->29632K(89088K) Eden: 16896K(16896K)->0K(16896K) From: 39302K(71168K)->29632K(72192K)
[5.111s][info][gc,heap        ] GC(104) ParOldGen: 765692K(848384K)->792756K(848384K)
[5.111s][info][gc,metaspace   ] GC(104) Metaspace: 6301K(6464K)->6301K(6464K) NonClass: 5768K(5824K)->5768K(5824K) Class: 533K(640K)->533K(640K)
[5.111s][info][gc             ] GC(104) Pause Young (Allocation Failure) 802M->803M(915M) 55.030ms
[5.111s][info][gc,cpu         ] GC(104) User=0.36s Sys=0.02s Real=0.06s
[5.129s][info][gc,start       ] GC(105) Pause Young (Allocation Failure)
[5.153s][info][gc,heap        ] GC(105) PSYoungGen: 46528K(89088K)->33920K(86016K) Eden: 16896K(16896K)->0K(18944K) From: 29632K(72192K)->33920K(67072K)
[5.153s][info][gc,heap        ] GC(105) ParOldGen: 792756K(848384K)->805564K(848384K)
[5.153s][info][gc,metaspace   ] GC(105) Metaspace: 6301K(6464K)->6301K(6464K) NonClass: 5768K(5824K)->5768K(5824K) Class: 533K(640K)->533K(640K)
[5.153s][info][gc             ] GC(105) Pause Young (Allocation Failure) 819M->819M(912M) 24.216ms
[5.153s][info][gc,cpu         ] GC(105) User=0.11s Sys=0.02s Real=0.02s
[5.173s][info][gc,start       ] GC(106) Pause Young (Allocation Failure)
[5.200s][info][gc,heap        ] GC(106) PSYoungGen: 52864K(86016K)->35968K(88064K) Eden: 18944K(18944K)->0K(18944K) From: 33920K(67072K)->35968K(69120K)
[5.200s][info][gc,heap        ] GC(106) ParOldGen: 805564K(848384K)->822684K(848384K)
[5.200s][info][gc,metaspace   ] GC(106) Metaspace: 6301K(6464K)->6301K(6464K) NonClass: 5768K(5824K)->5768K(5824K) Class: 533K(640K)->533K(640K)
[5.200s][info][gc             ] GC(106) Pause Young (Allocation Failure) 838M->838M(914M) 27.112ms
[5.200s][info][gc,cpu         ] GC(106) User=0.12s Sys=0.00s Real=0.03s
[5.200s][info][gc,start       ] GC(107) Pause Full (Ergonomics)
[5.201s][info][gc,phases,start] GC(107) Marking Phase
[5.402s][info][gc,phases      ] GC(107) Marking Phase 201.701ms
[5.402s][info][gc,phases,start] GC(107) Summary Phase
[5.402s][info][gc,phases      ] GC(107) Summary Phase 0.035ms
[5.402s][info][gc,phases,start] GC(107) Adjust Roots
[5.403s][info][gc,phases      ] GC(107) Adjust Roots 0.181ms
[5.403s][info][gc,phases,start] GC(107) Compaction Phase
[5.491s][info][gc,phases      ] GC(107) Compaction Phase 88.603ms
[5.491s][info][gc,phases,start] GC(107) Post Compact
[5.493s][info][gc,phases      ] GC(107) Post Compact 1.660ms
[5.493s][info][gc,heap        ] GC(107) PSYoungGen: 35968K(88064K)->9720K(88064K) Eden: 0K(18944K)->0K(18944K) From: 35968K(69120K)->9720K(69120K)
[5.493s][info][gc,heap        ] GC(107) ParOldGen: 822684K(848384K)->847911K(939008K)
[5.493s][info][gc,metaspace   ] GC(107) Metaspace: 6301K(6464K)->6301K(6464K) NonClass: 5768K(5824K)->5768K(5824K) Class: 533K(640K)->533K(640K)
[5.493s][info][gc             ] GC(107) Pause Full (Ergonomics) 838M->837M(1003M) 292.854ms
[5.493s][info][gc,cpu         ] GC(107) User=1.95s Sys=0.03s Real=0.29s
[5.514s][info][gc,start       ] GC(108) Pause Young (Allocation Failure)
[5.564s][info][gc,heap        ] GC(108) PSYoungGen: 28664K(88064K)->25120K(86528K) Eden: 18944K(18944K)->0K(20992K) From: 9720K(69120K)->25120K(65536K)
[5.564s][info][gc,heap        ] GC(108) ParOldGen: 847911K(939008K)->851671K(939008K)
[5.564s][info][gc,metaspace   ] GC(108) Metaspace: 6301K(6464K)->6301K(6464K) NonClass: 5768K(5824K)->5768K(5824K) Class: 533K(640K)->533K(640K)
[5.564s][info][gc             ] GC(108) Pause Young (Allocation Failure) 856M->856M(1001M) 50.357ms
[5.564s][info][gc,cpu         ] GC(108) User=0.27s Sys=0.00s Real=0.05s
[5.586s][info][gc,start       ] GC(109) Pause Young (Allocation Failure)
[5.611s][info][gc,heap        ] GC(109) PSYoungGen: 46112K(86528K)->46176K(87552K) Eden: 20992K(20992K)->0K(20992K) From: 25120K(65536K)->46176K(66560K)
[5.611s][info][gc,heap        ] GC(109) ParOldGen: 851671K(939008K)->851671K(939008K)
[5.611s][info][gc,metaspace   ] GC(109) Metaspace: 6301K(6464K)->6301K(6464K) NonClass: 5768K(5824K)->5768K(5824K) Class: 533K(640K)->533K(640K)
[5.611s][info][gc             ] GC(109) Pause Young (Allocation Failure) 876M->876M(1002M) 24.645ms
[5.611s][info][gc,cpu         ] GC(109) User=0.14s Sys=0.00s Real=0.02s
[5.634s][info][gc,start       ] GC(110) Pause Young (Allocation Failure)
[5.669s][info][gc,heap        ] GC(110) PSYoungGen: 67168K(87552K)->66560K(81920K) Eden: 20992K(20992K)->0K(15360K) From: 46176K(66560K)->66560K(66560K)
[5.669s][info][gc,heap        ] GC(110) ParOldGen: 851671K(939008K)->852215K(939008K)
[5.669s][info][gc,metaspace   ] GC(110) Metaspace: 6301K(6464K)->6301K(6464K) NonClass: 5768K(5824K)->5768K(5824K) Class: 533K(640K)->533K(640K)
[5.669s][info][gc             ] GC(110) Pause Young (Allocation Failure) 897M->897M(997M) 34.393ms
[5.669s][info][gc,cpu         ] GC(110) User=0.22s Sys=0.03s Real=0.04s
[5.686s][info][gc,start       ] GC(111) Pause Young (Allocation Failure)
[5.727s][info][gc,heap        ] GC(111) PSYoungGen: 81920K(81920K)->57216K(90112K) Eden: 15360K(15360K)->0K(15360K) From: 66560K(66560K)->57216K(74752K)
[5.727s][info][gc,heap        ] GC(111) ParOldGen: 852215K(939008K)->877279K(939008K)
[5.727s][info][gc,metaspace   ] GC(111) Metaspace: 6301K(6464K)->6301K(6464K) NonClass: 5768K(5824K)->5768K(5824K) Class: 533K(640K)->533K(640K)
[5.727s][info][gc             ] GC(111) Pause Young (Allocation Failure) 912M->912M(1005M) 41.706ms
[5.727s][info][gc,cpu         ] GC(111) User=0.27s Sys=0.00s Real=0.04s
[5.744s][info][gc,start       ] GC(112) Pause Young (Allocation Failure)
[5.781s][info][gc,heap        ] GC(112) PSYoungGen: 72576K(90112K)->51680K(94208K) Eden: 15360K(15360K)->0K(17408K) From: 57216K(74752K)->51680K(76800K)
[5.781s][info][gc,heap        ] GC(112) ParOldGen: 877279K(939008K)->898439K(939008K)
[5.781s][info][gc,metaspace   ] GC(112) Metaspace: 6301K(6464K)->6301K(6464K) NonClass: 5768K(5824K)->5768K(5824K) Class: 533K(640K)->533K(640K)
[5.781s][info][gc             ] GC(112) Pause Young (Allocation Failure) 927M->927M(1009M) 36.634ms
[5.781s][info][gc,cpu         ] GC(112) User=0.25s Sys=0.00s Real=0.04s
[5.800s][info][gc,start       ] GC(113) Pause Young (Allocation Failure)
[5.834s][info][gc,heap        ] GC(113) PSYoungGen: 69088K(94208K)->48256K(94208K) Eden: 17408K(17408K)->0K(17408K) From: 51680K(76800K)->48256K(76800K)
[5.835s][info][gc,heap        ] GC(113) ParOldGen: 898439K(939008K)->919551K(939008K)
[5.835s][info][gc,metaspace   ] GC(113) Metaspace: 6301K(6464K)->6301K(6464K) NonClass: 5768K(5824K)->5768K(5824K) Class: 533K(640K)->533K(640K)
[5.835s][info][gc             ] GC(113) Pause Young (Allocation Failure) 944M->945M(1009M) 34.495ms
[5.835s][info][gc,cpu         ] GC(113) User=0.25s Sys=0.00s Real=0.03s
[5.835s][info][gc,start       ] GC(114) Pause Full (Ergonomics)
[5.835s][info][gc,phases,start] GC(114) Marking Phase
[6.053s][info][gc,phases      ] GC(114) Marking Phase 218.687ms
[6.053s][info][gc,phases,start] GC(114) Summary Phase
[6.053s][info][gc,phases      ] GC(114) Summary Phase 0.032ms
[6.053s][info][gc,phases,start] GC(114) Adjust Roots
[6.054s][info][gc,phases      ] GC(114) Adjust Roots 0.187ms
[6.054s][info][gc,phases,start] GC(114) Compaction Phase
[6.147s][info][gc,phases      ] GC(114) Compaction Phase 93.605ms
[6.147s][info][gc,phases,start] GC(114) Post Compact
[6.149s][info][gc,phases      ] GC(114) Post Compact 1.798ms
[6.150s][info][gc,heap        ] GC(114) PSYoungGen: 48256K(94208K)->27583K(94208K) Eden: 0K(17408K)->0K(17408K) From: 48256K(76800K)->27583K(76800K)
[6.150s][info][gc,heap        ] GC(114) ParOldGen: 919551K(939008K)->938906K(1041408K)
[6.150s][info][gc,metaspace   ] GC(114) Metaspace: 6301K(6464K)->6301K(6464K) NonClass: 5768K(5824K)->5768K(5824K) Class: 533K(640K)->533K(640K)
[6.150s][info][gc             ] GC(114) Pause Full (Ergonomics) 945M->943M(1109M) 314.996ms
[6.150s][info][gc,cpu         ] GC(114) User=2.16s Sys=0.02s Real=0.32s
[6.169s][info][gc,start       ] GC(115) Pause Young (Allocation Failure)
[6.229s][info][gc,heap        ] GC(115) PSYoungGen: 44991K(94208K)->27360K(93184K) Eden: 17408K(17408K)->0K(19456K) From: 27583K(76800K)->27360K(73728K)
[6.230s][info][gc,heap        ] GC(115) ParOldGen: 938906K(1041408K)->956930K(1041408K)
[6.230s][info][gc,metaspace   ] GC(115) Metaspace: 6301K(6464K)->6301K(6464K) NonClass: 5768K(5824K)->5768K(5824K) Class: 533K(640K)->533K(640K)
[6.230s][info][gc             ] GC(115) Pause Young (Allocation Failure) 960M->961M(1108M) 60.706ms
[6.230s][info][gc,cpu         ] GC(115) User=0.39s Sys=0.00s Real=0.06s
[6.251s][info][gc,start       ] GC(116) Pause Young (Allocation Failure)
[6.277s][info][gc,heap        ] GC(116) PSYoungGen: 46816K(93184K)->36960K(94208K) Eden: 19456K(19456K)->0K(19456K) From: 27360K(73728K)->36960K(74752K)
[6.277s][info][gc,heap        ] GC(116) ParOldGen: 956930K(1041408K)->966882K(1041408K)
[6.277s][info][gc,metaspace   ] GC(116) Metaspace: 6301K(6464K)->6301K(6464K) NonClass: 5768K(5824K)->5768K(5824K) Class: 533K(640K)->533K(640K)
[6.277s][info][gc             ] GC(116) Pause Young (Allocation Failure) 980M->980M(1109M) 25.569ms
[6.277s][info][gc,cpu         ] GC(116) User=0.12s Sys=0.00s Real=0.03s
[6.299s][info][gc,start       ] GC(117) Pause Young (Allocation Failure)
[6.329s][info][gc,heap        ] GC(117) PSYoungGen: 56416K(94208K)->39072K(90112K) Eden: 19456K(19456K)->0K(22016K) From: 36960K(74752K)->39072K(68096K)
[6.329s][info][gc,heap        ] GC(117) ParOldGen: 966882K(1041408K)->984530K(1041408K)
[6.329s][info][gc,metaspace   ] GC(117) Metaspace: 6301K(6464K)->6301K(6464K) NonClass: 5768K(5824K)->5768K(5824K) Class: 533K(640K)->533K(640K)
[6.329s][info][gc             ] GC(117) Pause Young (Allocation Failure) 999M->999M(1105M) 30.484ms
[6.329s][info][gc,cpu         ] GC(117) User=0.12s Sys=0.00s Real=0.03s
[6.354s][info][gc,start       ] GC(118) Pause Young (Allocation Failure)
[6.386s][info][gc,heap        ] GC(118) PSYoungGen: 61088K(90112K)->41664K(92160K) Eden: 22016K(22016K)->0K(22016K) From: 39072K(68096K)->41664K(70144K)
[6.386s][info][gc,heap        ] GC(118) ParOldGen: 984530K(1041408K)->1004242K(1041408K)
[6.386s][info][gc,metaspace   ] GC(118) Metaspace: 6301K(6464K)->6301K(6464K) NonClass: 5768K(5824K)->5768K(5824K) Class: 533K(640K)->533K(640K)
[6.386s][info][gc             ] GC(118) Pause Young (Allocation Failure) 1021M->1021M(1107M) 31.884ms
[6.386s][info][gc,cpu         ] GC(118) User=0.14s Sys=0.00s Real=0.03s
[6.410s][info][gc,start       ] GC(119) Pause Young (Allocation Failure)
[6.442s][info][gc,heap        ] GC(119) PSYoungGen: 63680K(92160K)->44160K(89088K) Eden: 22016K(22016K)->0K(24576K) From: 41664K(70144K)->44160K(64512K)
[6.442s][info][gc,heap        ] GC(119) ParOldGen: 1004242K(1041408K)->1023962K(1041408K)
[6.442s][info][gc,metaspace   ] GC(119) Metaspace: 6301K(6464K)->6301K(6464K) NonClass: 5768K(5824K)->5768K(5824K) Class: 533K(640K)->533K(640K)
[6.443s][info][gc             ] GC(119) Pause Young (Allocation Failure) 1042M->1043M(1104M) 32.855ms
[6.443s][info][gc,cpu         ] GC(119) User=0.16s Sys=0.00s Real=0.03s
[6.443s][info][gc,start       ] GC(120) Pause Full (Ergonomics)
[6.443s][info][gc,phases,start] GC(120) Marking Phase
[6.686s][info][gc,phases      ] GC(120) Marking Phase 242.965ms
[6.686s][info][gc,phases,start] GC(120) Summary Phase
[6.686s][info][gc,phases      ] GC(120) Summary Phase 0.024ms
[6.686s][info][gc,phases,start] GC(120) Adjust Roots
[6.686s][info][gc,phases      ] GC(120) Adjust Roots 0.148ms
[6.686s][info][gc,phases,start] GC(120) Compaction Phase
[6.788s][info][gc,phases      ] GC(120) Compaction Phase 102.442ms
[6.788s][info][gc,phases,start] GC(120) Post Compact
[6.790s][info][gc,phases      ] GC(120) Post Compact 2.012ms
[6.791s][info][gc,heap        ] GC(120) PSYoungGen: 44160K(89088K)->25572K(90624K) Eden: 0K(24576K)->0K(26112K) From: 44160K(64512K)->25572K(64512K)
[6.791s][info][gc,heap        ] GC(120) ParOldGen: 1023962K(1041408K)->1041112K(1148928K)
[6.791s][info][gc,metaspace   ] GC(120) Metaspace: 6301K(6464K)->6301K(6464K) NonClass: 5768K(5824K)->5768K(5824K) Class: 533K(640K)->533K(640K)
[6.791s][info][gc             ] GC(120) Pause Full (Ergonomics) 1043M->1041M(1210M) 348.449ms
[6.791s][info][gc,cpu         ] GC(120) User=2.56s Sys=0.00s Real=0.35s
[6.821s][info][gc,start       ] GC(121) Pause Young (Allocation Failure)
[6.890s][info][gc,heap        ] GC(121) PSYoungGen: 51684K(90624K)->39424K(92160K) Eden: 26112K(26112K)->0K(26112K) From: 25572K(64512K)->39424K(66048K)
[6.890s][info][gc,heap        ] GC(121) ParOldGen: 1041112K(1148928K)->1053744K(1148928K)
[6.890s][info][gc,metaspace   ] GC(121) Metaspace: 6301K(6464K)->6301K(6464K) NonClass: 5768K(5824K)->5768K(5824K) Class: 533K(640K)->533K(640K)
[6.890s][info][gc             ] GC(121) Pause Young (Allocation Failure) 1067M->1067M(1212M) 69.729ms
[6.890s][info][gc,cpu         ] GC(121) User=0.41s Sys=0.00s Real=0.07s
[6.921s][info][gc,start       ] GC(122) Pause Young (Allocation Failure)
[6.956s][info][gc,heap        ] GC(122) PSYoungGen: 65536K(92160K)->64000K(86528K) Eden: 26112K(26112K)->0K(22528K) From: 39424K(66048K)->64000K(64000K)
[6.956s][info][gc,heap        ] GC(122) ParOldGen: 1053744K(1148928K)->1055232K(1148928K)
[6.956s][info][gc,metaspace   ] GC(122) Metaspace: 6301K(6464K)->6301K(6464K) NonClass: 5768K(5824K)->5768K(5824K) Class: 533K(640K)->533K(640K)
[6.956s][info][gc             ] GC(122) Pause Young (Allocation Failure) 1093M->1093M(1206M) 34.454ms
[6.956s][info][gc,cpu         ] GC(122) User=0.16s Sys=0.00s Real=0.03s
[6.982s][info][gc,start       ] GC(123) Pause Young (Allocation Failure)
[7.027s][info][gc,heap        ] GC(123) PSYoungGen: 86528K(86528K)->48288K(93184K) Eden: 22528K(22528K)->0K(22528K) From: 64000K(64000K)->48288K(70656K)
[7.028s][info][gc,heap        ] GC(123) ParOldGen: 1055232K(1148928K)->1094072K(1148928K)
[7.028s][info][gc,metaspace   ] GC(123) Metaspace: 6301K(6464K)->6301K(6464K) NonClass: 5768K(5824K)->5768K(5824K) Class: 533K(640K)->533K(640K)
[7.028s][info][gc             ] GC(123) Pause Young (Allocation Failure) 1115M->1115M(1213M) 46.038ms
[7.028s][info][gc,cpu         ] GC(123) User=0.27s Sys=0.00s Real=0.05s
[7.055s][info][gc,start       ] GC(124) Pause Young (Allocation Failure)
[7.092s][info][gc,heap        ] GC(124) PSYoungGen: 70816K(93184K)->45248K(89600K) Eden: 22528K(22528K)->0K(25088K) From: 48288K(70656K)->45248K(64512K)
[7.092s][info][gc,heap        ] GC(124) ParOldGen: 1094072K(1148928K)->1119976K(1148928K)
[7.092s][info][gc,metaspace   ] GC(124) Metaspace: 6301K(6464K)->6301K(6464K) NonClass: 5768K(5824K)->5768K(5824K) Class: 533K(640K)->533K(640K)
[7.092s][info][gc             ] GC(124) Pause Young (Allocation Failure) 1137M->1137M(1209M) 37.172ms
[7.092s][info][gc,cpu         ] GC(124) User=0.25s Sys=0.00s Real=0.04s
[7.092s][info][gc,start       ] GC(125) Pause Full (Ergonomics)
[7.092s][info][gc,phases,start] GC(125) Marking Phase
[7.358s][info][gc,phases      ] GC(125) Marking Phase 265.637ms
[7.358s][info][gc,phases,start] GC(125) Summary Phase
[7.358s][info][gc,phases      ] GC(125) Summary Phase 0.026ms
[7.358s][info][gc,phases,start] GC(125) Adjust Roots
[7.358s][info][gc,phases      ] GC(125) Adjust Roots 0.154ms
[7.358s][info][gc,phases,start] GC(125) Compaction Phase
[7.469s][info][gc,phases      ] GC(125) Compaction Phase 111.313ms
[7.469s][info][gc,phases,start] GC(125) Post Compact
[7.471s][info][gc,phases      ] GC(125) Post Compact 2.156ms
[7.472s][info][gc,heap        ] GC(125) PSYoungGen: 45248K(89600K)->15363K(92160K) Eden: 0K(25088K)->0K(27648K) From: 45248K(64512K)->15363K(64512K)
[7.472s][info][gc,heap        ] GC(125) ParOldGen: 1119976K(1148928K)->1148478K(1272832K)
[7.472s][info][gc,metaspace   ] GC(125) Metaspace: 6301K(6464K)->6301K(6464K) NonClass: 5768K(5824K)->5768K(5824K) Class: 533K(640K)->533K(640K)
[7.472s][info][gc             ] GC(125) Pause Full (Ergonomics) 1137M->1136M(1333M) 380.201ms
[7.472s][info][gc,cpu         ] GC(125) User=2.86s Sys=0.00s Real=0.38s
[7.507s][info][gc,start       ] GC(126) Pause Young (Allocation Failure)
[7.579s][info][gc,heap        ] GC(126) PSYoungGen: 43011K(92160K)->34752K(94720K) Eden: 27648K(27648K)->0K(27648K) From: 15363K(64512K)->34752K(67072K)
[7.580s][info][gc,heap        ] GC(126) ParOldGen: 1148478K(1272832K)->1157022K(1272832K)
[7.580s][info][gc,metaspace   ] GC(126) Metaspace: 6301K(6464K)->6301K(6464K) NonClass: 5768K(5824K)->5768K(5824K) Class: 533K(640K)->533K(640K)
[7.580s][info][gc             ] GC(126) Pause Young (Allocation Failure) 1163M->1163M(1335M) 72.577ms
[7.580s][info][gc,cpu         ] GC(126) User=0.42s Sys=0.00s Real=0.07s
[7.613s][info][gc,start       ] GC(127) Pause Young (Allocation Failure)
[7.647s][info][gc,heap        ] GC(127) PSYoungGen: 62400K(94720K)->62464K(92160K) Eden: 27648K(27648K)->0K(25600K) From: 34752K(67072K)->62464K(66560K)
[7.647s][info][gc,heap        ] GC(127) ParOldGen: 1157022K(1272832K)->1157022K(1272832K)
[7.647s][info][gc,metaspace   ] GC(127) Metaspace: 6301K(6464K)->6301K(6464K) NonClass: 5768K(5824K)->5768K(5824K) Class: 533K(640K)->533K(640K)
[7.647s][info][gc             ] GC(127) Pause Young (Allocation Failure) 1190M->1190M(1333M) 34.374ms
[7.647s][info][gc,cpu         ] GC(127) User=0.16s Sys=0.00s Real=0.03s
[7.680s][info][gc,start       ] GC(128) Pause Young (Allocation Failure)
[7.726s][info][gc,heap        ] GC(128) PSYoungGen: 88064K(92160K)->71168K(96768K) Eden: 25600K(25600K)->0K(25600K) From: 62464K(66560K)->71168K(71168K)
[7.726s][info][gc,heap        ] GC(128) ParOldGen: 1157022K(1272832K)->1174030K(1272832K)
[7.726s][info][gc,metaspace   ] GC(128) Metaspace: 6301K(6464K)->6301K(6464K) NonClass: 5768K(5824K)->5768K(5824K) Class: 533K(640K)->533K(640K)
[7.726s][info][gc             ] GC(128) Pause Young (Allocation Failure) 1215M->1216M(1337M) 46.270ms
[7.726s][info][gc,cpu         ] GC(128) User=0.27s Sys=0.00s Real=0.05s
[7.757s][info][gc,start       ] GC(129) Pause Young (Allocation Failure)
[7.808s][info][gc,heap        ] GC(129) PSYoungGen: 96768K(96768K)->70912K(108032K) Eden: 25600K(25600K)->0K(23552K) From: 71168K(71168K)->70912K(84480K)
[7.808s][info][gc,heap        ] GC(129) ParOldGen: 1174030K(1272832K)->1200382K(1272832K)
[7.808s][info][gc,metaspace   ] GC(129) Metaspace: 6301K(6464K)->6301K(6464K) NonClass: 5768K(5824K)->5768K(5824K) Class: 533K(640K)->533K(640K)
[7.808s][info][gc             ] GC(129) Pause Young (Allocation Failure) 1241M->1241M(1348M) 51.299ms
[7.808s][info][gc,cpu         ] GC(129) User=0.33s Sys=0.05s Real=0.05s
[7.836s][info][gc,start       ] GC(130) Pause Young (Allocation Failure)
[7.886s][info][gc,heap        ] GC(130) PSYoungGen: 94464K(108032K)->72704K(112640K) Eden: 23552K(23552K)->0K(23552K) From: 70912K(84480K)->72704K(89088K)
[7.886s][info][gc,heap        ] GC(130) ParOldGen: 1200382K(1272832K)->1222462K(1272832K)
[7.886s][info][gc,metaspace   ] GC(130) Metaspace: 6301K(6464K)->6301K(6464K) NonClass: 5768K(5824K)->5768K(5824K) Class: 533K(640K)->533K(640K)
[7.886s][info][gc             ] GC(130) Pause Young (Allocation Failure) 1264M->1264M(1353M) 50.145ms
[7.886s][info][gc,cpu         ] GC(130) User=0.28s Sys=0.00s Real=0.05s
[7.910s][info][gc,start       ] GC(131) Pause Young (Allocation Failure)
[7.956s][info][gc,heap        ] GC(131) PSYoungGen: 96256K(112640K)->65120K(119808K) Eden: 23552K(23552K)->0K(26624K) From: 72704K(89088K)->65120K(93184K)
[7.956s][info][gc,heap        ] GC(131) ParOldGen: 1222462K(1272832K)->1246126K(1272832K)
[7.956s][info][gc,metaspace   ] GC(131) Metaspace: 6301K(6464K)->6301K(6464K) NonClass: 5768K(5824K)->5768K(5824K) Class: 533K(640K)->533K(640K)
[7.956s][info][gc             ] GC(131) Pause Young (Allocation Failure) 1287M->1280M(1360M) 46.284ms
[7.956s][info][gc,cpu         ] GC(131) User=0.23s Sys=0.02s Real=0.05s
[7.956s][info][gc,start       ] GC(132) Pause Full (Ergonomics)
[7.956s][info][gc,phases,start] GC(132) Marking Phase
[8.247s][info][gc,phases      ] GC(132) Marking Phase 290.556ms
[8.247s][info][gc,phases,start] GC(132) Summary Phase
[8.247s][info][gc,phases      ] GC(132) Summary Phase 0.034ms
[8.247s][info][gc,phases,start] GC(132) Adjust Roots
[8.247s][info][gc,phases      ] GC(132) Adjust Roots 0.244ms
[8.247s][info][gc,phases,start] GC(132) Compaction Phase
[8.603s][info][gc,phases      ] GC(132) Compaction Phase 355.919ms
[8.603s][info][gc,phases,start] GC(132) Post Compact
[8.606s][info][gc,phases      ] GC(132) Post Compact 2.687ms
[8.607s][info][gc,heap        ] GC(132) PSYoungGen: 65120K(119808K)->36749K(119808K) Eden: 0K(26624K)->0K(26624K) From: 65120K(93184K)->36749K(93184K)
[8.607s][info][gc,heap        ] GC(132) ParOldGen: 1246126K(1272832K)->1272749K(1404416K)
[8.607s][info][gc,metaspace   ] GC(132) Metaspace: 6301K(6464K)->6301K(6464K) NonClass: 5768K(5824K)->5768K(5824K) Class: 533K(640K)->533K(640K)
[8.607s][info][gc             ] GC(132) Pause Full (Ergonomics) 1280M->1278M(1488M) 650.377ms
[8.607s][info][gc,cpu         ] GC(132) User=4.58s Sys=0.00s Real=0.65s
[8.633s][info][gc,start       ] GC(133) Pause Young (Allocation Failure)
[8.713s][info][gc,heap        ] GC(133) PSYoungGen: 63373K(119808K)->38496K(119808K) Eden: 26624K(26624K)->0K(26624K) From: 36749K(93184K)->38496K(93184K)
[8.713s][info][gc,heap        ] GC(133) ParOldGen: 1272749K(1404416K)->1287477K(1404416K)
[8.713s][info][gc,metaspace   ] GC(133) Metaspace: 6301K(6464K)->6301K(6464K) NonClass: 5768K(5824K)->5768K(5824K) Class: 533K(640K)->533K(640K)
[8.713s][info][gc             ] GC(133) Pause Young (Allocation Failure) 1304M->1294M(1488M) 80.477ms
[8.713s][info][gc,cpu         ] GC(133) User=0.52s Sys=0.00s Real=0.08s
[8.747s][info][gc,start       ] GC(134) Pause Young (Allocation Failure)
[8.784s][info][gc,heap        ] GC(134) PSYoungGen: 65120K(119808K)->65120K(121344K) Eden: 26624K(26624K)->0K(29184K) From: 38496K(93184K)->65120K(92160K)
[8.784s][info][gc,heap        ] GC(134) ParOldGen: 1287477K(1404416K)->1287477K(1404416K)
[8.784s][info][gc,metaspace   ] GC(134) Metaspace: 6301K(6464K)->6301K(6464K) NonClass: 5768K(5824K)->5768K(5824K) Class: 533K(640K)->533K(640K)
[8.784s][info][gc             ] GC(134) Pause Young (Allocation Failure) 1320M->1320M(1490M) 37.049ms
[8.784s][info][gc,cpu         ] GC(134) User=0.17s Sys=0.00s Real=0.04s
[8.821s][info][gc,start       ] GC(135) Pause Young (Allocation Failure)
[8.876s][info][gc,heap        ] GC(135) PSYoungGen: 94304K(121344K)->92672K(121856K) Eden: 29184K(29184K)->0K(29184K) From: 65120K(92160K)->92672K(92672K)
[8.876s][info][gc,heap        ] GC(135) ParOldGen: 1287477K(1404416K)->1289101K(1404416K)
[8.876s][info][gc,metaspace   ] GC(135) Metaspace: 6301K(6464K)->6301K(6464K) NonClass: 5768K(5824K)->5768K(5824K) Class: 533K(640K)->533K(640K)
[8.876s][info][gc             ] GC(135) Pause Young (Allocation Failure) 1349M->1349M(1490M) 54.388ms
[8.876s][info][gc,cpu         ] GC(135) User=0.27s Sys=0.00s Real=0.05s
[9.169s][info][gc,start       ] GC(136) Pause Young (Allocation Failure)
[9.262s][info][gc,heap        ] GC(136) PSYoungGen: 121856K(121856K)->99936K(125440K) Eden: 29184K(29184K)->0K(22016K) From: 92672K(92672K)->99936K(103424K)
[9.262s][info][gc,heap        ] GC(136) ParOldGen: 1354637K(1404416K)->1376957K(1404416K)
[9.262s][info][gc,metaspace   ] GC(136) Metaspace: 6301K(6464K)->6301K(6464K) NonClass: 5768K(5824K)->5768K(5824K) Class: 533K(640K)->533K(640K)
[9.262s][info][gc             ] GC(136) Pause Young (Allocation Failure) 1441M->1442M(1494M) 93.494ms
[9.262s][info][gc,cpu         ] GC(136) User=0.48s Sys=0.06s Real=0.09s
[9.262s][info][gc,start       ] GC(137) Pause Full (Ergonomics)
[9.262s][info][gc,phases,start] GC(137) Marking Phase
[9.603s][info][gc,phases      ] GC(137) Marking Phase 340.725ms
[9.603s][info][gc,phases,start] GC(137) Summary Phase
[9.603s][info][gc,phases      ] GC(137) Summary Phase 0.035ms
[9.603s][info][gc,phases,start] GC(137) Adjust Roots
[9.603s][info][gc,phases      ] GC(137) Adjust Roots 0.236ms
[9.604s][info][gc,phases,start] GC(137) Compaction Phase
[9.840s][info][gc,phases      ] GC(137) Compaction Phase 236.629ms
[9.840s][info][gc,phases,start] GC(137) Post Compact
[9.843s][info][gc,phases      ] GC(137) Post Compact 3.053ms
[9.844s][info][gc,heap        ] GC(137) PSYoungGen: 99936K(125440K)->39300K(125440K) Eden: 0K(22016K)->0K(22016K) From: 99936K(103424K)->39300K(103424K)
[9.844s][info][gc,heap        ] GC(137) ParOldGen: 1376957K(1404416K)->1403908K(1543680K)
[9.844s][info][gc,metaspace   ] GC(137) Metaspace: 6301K(6464K)->6301K(6464K) NonClass: 5768K(5824K)->5768K(5824K) Class: 533K(640K)->533K(640K)
[9.844s][info][gc             ] GC(137) Pause Full (Ergonomics) 1442M->1409M(1630M) 581.615ms
[9.844s][info][gc,cpu         ] GC(137) User=3.97s Sys=0.03s Real=0.58s
[9.866s][info][gc,start       ] GC(138) Pause Young (Allocation Failure)
[9.954s][info][gc,heap        ] GC(138) PSYoungGen: 61316K(125440K)->61600K(83968K) Eden: 22016K(22016K)->0K(22016K) From: 39300K(103424K)->61600K(61952K)
[9.954s][info][gc,heap        ] GC(138) ParOldGen: 1403908K(1543680K)->1403908K(1543680K)
[9.954s][info][gc,metaspace   ] GC(138) Metaspace: 6301K(6464K)->6301K(6464K) NonClass: 5768K(5824K)->5768K(5824K) Class: 533K(640K)->533K(640K)
[9.954s][info][gc             ] GC(138) Pause Young (Allocation Failure) 1430M->1431M(1589M) 87.925ms
[9.954s][info][gc,cpu         ] GC(138) User=0.52s Sys=0.00s Real=0.09s
[9.975s][info][gc,start       ] GC(139) Pause Young (Allocation Failure)
[10.018s][info][gc,heap        ] GC(139) PSYoungGen: 83616K(83968K)->83552K(130560K) Eden: 22016K(22016K)->0K(20992K) From: 61600K(61952K)->83552K(109568K)
[10.018s][info][gc,heap        ] GC(139) ParOldGen: 1403908K(1543680K)->1403908K(1543680K)
[10.018s][info][gc,metaspace   ] GC(139) Metaspace: 6301K(6464K)->6301K(6464K) NonClass: 5768K(5824K)->5768K(5824K) Class: 533K(640K)->533K(640K)
[10.018s][info][gc             ] GC(139) Pause Young (Allocation Failure) 1452M->1452M(1635M) 43.046ms
[10.018s][info][gc,cpu         ] GC(139) User=0.16s Sys=0.00s Real=0.04s
[10.037s][info][gc,start       ] GC(140) Pause Young (Allocation Failure)
[10.085s][info][gc,heap        ] GC(140) PSYoungGen: 104544K(130560K)->104608K(133632K) Eden: 20992K(20992K)->0K(20992K) From: 83552K(109568K)->104608K(112640K)
[10.085s][info][gc,heap        ] GC(140) ParOldGen: 1403908K(1543680K)->1403908K(1543680K)
[10.085s][info][gc,metaspace   ] GC(140) Metaspace: 6301K(6464K)->6301K(6464K) NonClass: 5768K(5824K)->5768K(5824K) Class: 533K(640K)->533K(640K)
[10.085s][info][gc             ] GC(140) Pause Young (Allocation Failure) 1473M->1473M(1638M) 48.025ms
[10.085s][info][gc,cpu         ] GC(140) User=0.27s Sys=0.00s Real=0.05s
[10.105s][info][gc,start       ] GC(141) Pause Young (Allocation Failure)
[10.163s][info][gc,heap        ] GC(141) PSYoungGen: 125600K(133632K)->118432K(132608K) Eden: 20992K(20992K)->0K(10240K) From: 104608K(112640K)->118432K(122368K)
[10.163s][info][gc,heap        ] GC(141) ParOldGen: 1403908K(1543680K)->1411220K(1543680K)
[10.163s][info][gc,metaspace   ] GC(141) Metaspace: 6301K(6464K)->6301K(6464K) NonClass: 5768K(5824K)->5768K(5824K) Class: 533K(640K)->533K(640K)
[10.163s][info][gc             ] GC(141) Pause Young (Allocation Failure) 1493M->1493M(1637M) 58.578ms
[10.163s][info][gc,cpu         ] GC(141) User=0.38s Sys=0.02s Real=0.06s
[10.174s][info][gc,start       ] GC(142) Pause Young (Allocation Failure)
[10.233s][info][gc,heap        ] GC(142) PSYoungGen: 128672K(132608K)->122336K(145920K) Eden: 10240K(10240K)->0K(10240K) From: 118432K(122368K)->122336K(135680K)
[10.233s][info][gc,heap        ] GC(142) ParOldGen: 1411220K(1543680K)->1417620K(1543680K)
[10.233s][info][gc,metaspace   ] GC(142) Metaspace: 6301K(6464K)->6301K(6464K) NonClass: 5768K(5824K)->5768K(5824K) Class: 533K(640K)->533K(640K)
[10.233s][info][gc             ] GC(142) Pause Young (Allocation Failure) 1503M->1503M(1650M) 58.703ms
[10.233s][info][gc,cpu         ] GC(142) User=0.36s Sys=0.02s Real=0.06s
[10.243s][info][gc,start       ] GC(143) Pause Young (Allocation Failure)
[10.306s][info][gc,heap        ] GC(143) PSYoungGen: 132576K(145920K)->106656K(155648K) Eden: 10240K(10240K)->0K(8192K) From: 122336K(135680K)->106656K(147456K)
[10.306s][info][gc,heap        ] GC(143) ParOldGen: 1417620K(1543680K)->1443756K(1543680K)
[10.306s][info][gc,metaspace   ] GC(143) Metaspace: 6301K(6464K)->6301K(6464K) NonClass: 5768K(5824K)->5768K(5824K) Class: 533K(640K)->533K(640K)
[10.306s][info][gc             ] GC(143) Pause Young (Allocation Failure) 1513M->1514M(1659M) 62.708ms
[10.306s][info][gc,cpu         ] GC(143) User=0.39s Sys=0.00s Real=0.06s
[10.314s][info][gc,start       ] GC(144) Pause Young (Allocation Failure)
[10.371s][info][gc,heap        ] GC(144) PSYoungGen: 114848K(155648K)->70752K(79360K) Eden: 8192K(8192K)->0K(8192K) From: 106656K(147456K)->70752K(71168K)
[10.371s][info][gc,heap        ] GC(144) ParOldGen: 1443756K(1543680K)->1488308K(1543680K)
[10.371s][info][gc,metaspace   ] GC(144) Metaspace: 6301K(6464K)->6301K(6464K) NonClass: 5768K(5824K)->5768K(5824K) Class: 533K(640K)->533K(640K)
[10.371s][info][gc             ] GC(144) Pause Young (Allocation Failure) 1522M->1522M(1585M) 56.825ms
[10.371s][info][gc,cpu         ] GC(144) User=0.36s Sys=0.00s Real=0.06s
[10.380s][info][gc,start       ] GC(145) Pause Young (Allocation Failure)
[10.419s][info][gc,heap        ] GC(145) PSYoungGen: 78944K(79360K)->36960K(155136K) Eden: 8192K(8192K)->0K(9216K) From: 70752K(71168K)->36960K(145920K)
[10.419s][info][gc,heap        ] GC(145) ParOldGen: 1488308K(1543680K)->1530780K(1543680K)
[10.419s][info][gc,metaspace   ] GC(145) Metaspace: 6301K(6464K)->6301K(6464K) NonClass: 5768K(5824K)->5768K(5824K) Class: 533K(640K)->533K(640K)
[10.419s][info][gc             ] GC(145) Pause Young (Allocation Failure) 1530M->1530M(1659M) 39.840ms
[10.419s][info][gc,cpu         ] GC(145) User=0.23s Sys=0.02s Real=0.04s
[10.420s][info][gc,start       ] GC(146) Pause Full (Ergonomics)
[10.420s][info][gc,phases,start] GC(146) Marking Phase
[10.772s][info][gc,phases      ] GC(146) Marking Phase 352.758ms
[10.772s][info][gc,phases,start] GC(146) Summary Phase
[10.772s][info][gc,phases      ] GC(146) Summary Phase 0.029ms
[10.772s][info][gc,phases,start] GC(146) Adjust Roots
[10.773s][info][gc,phases      ] GC(146) Adjust Roots 0.162ms
[10.773s][info][gc,phases,start] GC(146) Compaction Phase
[10.942s][info][gc,phases      ] GC(146) Compaction Phase 169.430ms
[10.942s][info][gc,phases,start] GC(146) Post Compact
[10.945s][info][gc,phases      ] GC(146) Post Compact 2.715ms
[10.945s][info][gc,heap        ] GC(146) PSYoungGen: 36960K(155136K)->22442K(155136K) Eden: 0K(9216K)->0K(9216K) From: 36960K(145920K)->22442K(145920K)
[10.945s][info][gc,heap        ] GC(146) ParOldGen: 1530780K(1543680K)->1543391K(1708032K)
[10.945s][info][gc,metaspace   ] GC(146) Metaspace: 6301K(6464K)->6301K(6464K) NonClass: 5768K(5824K)->5768K(5824K) Class: 533K(640K)->533K(640K)
[10.945s][info][gc             ] GC(146) Pause Full (Ergonomics) 1530M->1529M(1819M) 525.949ms
[10.945s][info][gc,cpu         ] GC(146) User=3.61s Sys=0.02s Real=0.53s
[10.957s][info][gc,start       ] GC(147) Pause Young (Allocation Failure)
[11.035s][info][gc,heap        ] GC(147) PSYoungGen: 31658K(155136K)->18720K(155648K) Eden: 9216K(9216K)->0K(9216K) From: 22442K(145920K)->18720K(146432K)
[11.035s][info][gc,heap        ] GC(147) ParOldGen: 1543391K(1708032K)->1556639K(1708032K)
[11.035s][info][gc,metaspace   ] GC(147) Metaspace: 6301K(6464K)->6301K(6464K) NonClass: 5768K(5824K)->5768K(5824K) Class: 533K(640K)->533K(640K)
[11.035s][info][gc             ] GC(147) Pause Young (Allocation Failure) 1538M->1538M(1820M) 78.664ms
[11.035s][info][gc,cpu         ] GC(147) User=0.48s Sys=0.00s Real=0.08s
[11.045s][info][gc,start       ] GC(148) Pause Young (Allocation Failure)
[11.069s][info][gc,heap        ] GC(148) PSYoungGen: 27936K(155648K)->18560K(159744K) Eden: 9216K(9216K)->0K(10240K) From: 18720K(146432K)->18560K(149504K)
[11.069s][info][gc,heap        ] GC(148) ParOldGen: 1556639K(1708032K)->1566183K(1708032K)
[11.069s][info][gc,metaspace   ] GC(148) Metaspace: 6301K(6464K)->6301K(6464K) NonClass: 5768K(5824K)->5768K(5824K) Class: 533K(640K)->533K(640K)
[11.069s][info][gc             ] GC(148) Pause Young (Allocation Failure) 1547M->1547M(1824M) 24.008ms
[11.069s][info][gc,cpu         ] GC(148) User=0.03s Sys=0.00s Real=0.02s
[11.080s][info][gc,start       ] GC(149) Pause Young (Allocation Failure)
[11.106s][info][gc,heap        ] GC(149) PSYoungGen: 28800K(159744K)->10368K(160256K) Eden: 10240K(10240K)->0K(10240K) From: 18560K(149504K)->10368K(150016K)
[11.106s][info][gc,heap        ] GC(149) ParOldGen: 1566183K(1708032K)->1584839K(1708032K)
[11.106s][info][gc,metaspace   ] GC(149) Metaspace: 6301K(6464K)->6301K(6464K) NonClass: 5768K(5824K)->5768K(5824K) Class: 533K(640K)->533K(640K)
[11.106s][info][gc             ] GC(149) Pause Young (Allocation Failure) 1557M->1557M(1824M) 26.234ms
[11.106s][info][gc,cpu         ] GC(149) User=0.02s Sys=0.00s Real=0.03s
[11.116s][info][gc,start       ] GC(150) Pause Young (Allocation Failure)
[11.138s][info][gc,heap        ] GC(150) PSYoungGen: 20608K(160256K)->10400K(161792K) Eden: 10240K(10240K)->0K(11776K) From: 10368K(150016K)->10400K(150016K)
[11.138s][info][gc,heap        ] GC(150) ParOldGen: 1584839K(1708032K)->1595223K(1708032K)
[11.138s][info][gc,metaspace   ] GC(150) Metaspace: 6301K(6464K)->6301K(6464K) NonClass: 5768K(5824K)->5768K(5824K) Class: 533K(640K)->533K(640K)
[11.138s][info][gc             ] GC(150) Pause Young (Allocation Failure) 1567M->1567M(1826M) 22.334ms
[11.138s][info][gc,cpu         ] GC(150) User=0.02s Sys=0.02s Real=0.02s
[11.150s][info][gc,start       ] GC(151) Pause Young (Allocation Failure)
[11.172s][info][gc,heap        ] GC(151) PSYoungGen: 22176K(161792K)->11904K(24064K) Eden: 11776K(11776K)->0K(11776K) From: 10400K(150016K)->11904K(12288K)
[11.172s][info][gc,heap        ] GC(151) ParOldGen: 1595223K(1708032K)->1605599K(1708032K)
[11.172s][info][gc,metaspace   ] GC(151) Metaspace: 6301K(6464K)->6301K(6464K) NonClass: 5768K(5824K)->5768K(5824K) Class: 533K(640K)->533K(640K)
[11.172s][info][gc             ] GC(151) Pause Young (Allocation Failure) 1579M->1579M(1691M) 22.373ms
[11.172s][info][gc,cpu         ] GC(151) User=0.03s Sys=0.00s Real=0.02s
[11.184s][info][gc,start       ] GC(152) Pause Young (Allocation Failure)
[11.207s][info][gc,heap        ] GC(152) PSYoungGen: 23680K(24064K)->11872K(155648K) Eden: 11776K(11776K)->0K(13824K) From: 11904K(12288K)->11872K(141824K)
[11.207s][info][gc,heap        ] GC(152) ParOldGen: 1605599K(1708032K)->1617535K(1708032K)
[11.207s][info][gc,metaspace   ] GC(152) Metaspace: 6301K(6464K)->6301K(6464K) NonClass: 5768K(5824K)->5768K(5824K) Class: 533K(640K)->533K(640K)
[11.207s][info][gc             ] GC(152) Pause Young (Allocation Failure) 1591M->1591M(1820M) 22.931ms
[11.207s][info][gc,cpu         ] GC(152) User=0.06s Sys=0.00s Real=0.02s
[11.220s][info][gc,start       ] GC(153) Pause Young (Allocation Failure)
[11.242s][info][gc,heap        ] GC(153) PSYoungGen: 25696K(155648K)->13952K(28160K) Eden: 13824K(13824K)->0K(13824K) From: 11872K(141824K)->13952K(14336K)
[11.243s][info][gc,heap        ] GC(153) ParOldGen: 1617535K(1708032K)->1629495K(1708032K)
[11.243s][info][gc,metaspace   ] GC(153) Metaspace: 6301K(6464K)->6301K(6464K) NonClass: 5768K(5824K)->5768K(5824K) Class: 533K(640K)->533K(640K)
[11.243s][info][gc             ] GC(153) Pause Young (Allocation Failure) 1604M->1604M(1695M) 22.116ms
[11.243s][info][gc,cpu         ] GC(153) User=0.03s Sys=0.00s Real=0.02s
[11.256s][info][gc,start       ] GC(154) Pause Young (Allocation Failure)
[11.280s][info][gc,heap        ] GC(154) PSYoungGen: 27776K(28160K)->13920K(146432K) Eden: 13824K(13824K)->0K(15872K) From: 13952K(14336K)->13920K(130560K)
[11.280s][info][gc,heap        ] GC(154) ParOldGen: 1629495K(1708032K)->1643503K(1708032K)
[11.280s][info][gc,metaspace   ] GC(154) Metaspace: 6301K(6464K)->6301K(6464K) NonClass: 5768K(5824K)->5768K(5824K) Class: 533K(640K)->533K(640K)
[11.280s][info][gc             ] GC(154) Pause Young (Allocation Failure) 1618M->1618M(1811M) 23.837ms
[11.280s][info][gc,cpu         ] GC(154) User=0.03s Sys=0.00s Real=0.02s
[11.296s][info][gc,start       ] GC(155) Pause Young (Allocation Failure)
[11.322s][info][gc,heap        ] GC(155) PSYoungGen: 29792K(146432K)->15968K(32256K) Eden: 15872K(15872K)->0K(15872K) From: 13920K(130560K)->15968K(16384K)
[11.322s][info][gc,heap        ] GC(155) ParOldGen: 1643503K(1708032K)->1657527K(1708032K)
[11.322s][info][gc,metaspace   ] GC(155) Metaspace: 6301K(6464K)->6301K(6464K) NonClass: 5768K(5824K)->5768K(5824K) Class: 533K(640K)->533K(640K)
[11.322s][info][gc             ] GC(155) Pause Young (Allocation Failure) 1634M->1634M(1699M) 25.702ms
[11.322s][info][gc,cpu         ] GC(155) User=0.05s Sys=0.00s Real=0.03s
[11.338s][info][gc,start       ] GC(156) Pause Young (Allocation Failure)
[11.363s][info][gc,heap        ] GC(156) PSYoungGen: 31840K(32256K)->16000K(137728K) Eden: 15872K(15872K)->0K(18432K) From: 15968K(16384K)->16000K(119296K)
[11.363s][info][gc,heap        ] GC(156) ParOldGen: 1657527K(1708032K)->1673599K(1708032K)
[11.363s][info][gc,metaspace   ] GC(156) Metaspace: 6301K(6464K)->6301K(6464K) NonClass: 5768K(5824K)->5768K(5824K) Class: 533K(640K)->533K(640K)
[11.363s][info][gc             ] GC(156) Pause Young (Allocation Failure) 1649M->1649M(1802M) 25.514ms
[11.363s][info][gc,cpu         ] GC(156) User=0.03s Sys=0.00s Real=0.03s
[11.382s][info][gc,start       ] GC(157) Pause Young (Allocation Failure)
[11.409s][info][gc,heap        ] GC(157) PSYoungGen: 34432K(137728K)->18592K(37376K) Eden: 18432K(18432K)->0K(18432K) From: 16000K(119296K)->18592K(18944K)
[11.409s][info][gc,heap        ] GC(157) ParOldGen: 1673599K(1708032K)->1689687K(1708032K)
[11.409s][info][gc,metaspace   ] GC(157) Metaspace: 6301K(6464K)->6301K(6464K) NonClass: 5768K(5824K)->5768K(5824K) Class: 533K(640K)->533K(640K)
[11.409s][info][gc             ] GC(157) Pause Young (Allocation Failure) 1667M->1668M(1704M) 27.237ms
[11.409s][info][gc,cpu         ] GC(157) User=0.03s Sys=0.00s Real=0.03s
[11.409s][info][gc,start       ] GC(158) Pause Full (Ergonomics)
[11.409s][info][gc,phases,start] GC(158) Marking Phase
[11.792s][info][gc,phases      ] GC(158) Marking Phase 383.127ms
[11.792s][info][gc,phases,start] GC(158) Summary Phase
[11.792s][info][gc,phases      ] GC(158) Summary Phase 0.052ms
[11.792s][info][gc,phases,start] GC(158) Adjust Roots
[11.793s][info][gc,phases      ] GC(158) Adjust Roots 0.193ms
[11.793s][info][gc,phases,start] GC(158) Compaction Phase
[11.962s][info][gc,phases      ] GC(158) Compaction Phase 169.342ms
[11.962s][info][gc,phases,start] GC(158) Post Compact
[11.965s][info][gc,phases      ] GC(158) Post Compact 3.092ms
[11.966s][info][gc,heap        ] GC(158) PSYoungGen: 18592K(37376K)->0K(139776K) Eden: 0K(18432K)->0K(20992K) From: 18592K(18944K)->0K(118784K)
[11.966s][info][gc,heap        ] GC(158) ParOldGen: 1689687K(1708032K)->1705765K(1862144K)
[11.966s][info][gc,metaspace   ] GC(158) Metaspace: 6301K(6464K)->6301K(6464K) NonClass: 5768K(5824K)->5768K(5824K) Class: 533K(640K)->533K(640K)
[11.966s][info][gc             ] GC(158) Pause Full (Ergonomics) 1668M->1665M(1955M) 556.721ms
[11.966s][info][gc,cpu         ] GC(158) User=3.77s Sys=0.02s Real=0.56s
[11.989s][info][gc,start       ] GC(159) Pause Young (Allocation Failure)
[12.011s][info][gc,heap        ] GC(159) PSYoungGen: 20992K(139776K)->21184K(42496K) Eden: 20992K(20992K)->0K(20992K) From: 0K(118784K)->21184K(21504K)
[12.011s][info][gc,heap        ] GC(159) ParOldGen: 1705765K(1862144K)->1705765K(1862144K)
[12.011s][info][gc,metaspace   ] GC(159) Metaspace: 6301K(6464K)->6301K(6464K) NonClass: 5768K(5824K)->5768K(5824K) Class: 533K(640K)->533K(640K)
[12.011s][info][gc             ] GC(159) Pause Young (Allocation Failure) 1686M->1686M(1860M) 22.678ms
[12.011s][info][gc,cpu         ] GC(159) User=0.02s Sys=0.00s Real=0.02s
[12.036s][info][gc,start       ] GC(160) Pause Young (Allocation Failure)
[12.066s][info][gc,heap        ] GC(160) PSYoungGen: 42176K(42496K)->42144K(126976K) Eden: 20992K(20992K)->0K(23552K) From: 21184K(21504K)->42144K(103424K)
[12.066s][info][gc,heap        ] GC(160) ParOldGen: 1705765K(1862144K)->1705765K(1862144K)
[12.066s][info][gc,metaspace   ] GC(160) Metaspace: 6301K(6464K)->6301K(6464K) NonClass: 5768K(5824K)->5768K(5824K) Class: 533K(640K)->533K(640K)
[12.066s][info][gc             ] GC(160) Pause Young (Allocation Failure) 1706M->1706M(1942M) 29.381ms
[12.066s][info][gc,cpu         ] GC(160) User=0.05s Sys=0.00s Real=0.03s
[12.090s][info][gc,start       ] GC(161) Pause Young (Allocation Failure)
[12.129s][info][gc,heap        ] GC(161) PSYoungGen: 65696K(126976K)->44704K(131584K) Eden: 23552K(23552K)->0K(23552K) From: 42144K(103424K)->44704K(108032K)
[12.129s][info][gc,heap        ] GC(161) ParOldGen: 1705765K(1862144K)->1727029K(1862144K)
[12.129s][info][gc,metaspace   ] GC(161) Metaspace: 6301K(6464K)->6301K(6464K) NonClass: 5768K(5824K)->5768K(5824K) Class: 533K(640K)->533K(640K)
[12.129s][info][gc             ] GC(161) Pause Young (Allocation Failure) 1729M->1730M(1947M) 38.492ms
[12.129s][info][gc,cpu         ] GC(161) User=0.16s Sys=0.00s Real=0.04s
[12.155s][info][gc,start       ] GC(162) Pause Young (Allocation Failure)
[12.193s][info][gc,heap        ] GC(162) PSYoungGen: 68256K(131584K)->47264K(126464K) Eden: 23552K(23552K)->0K(26624K) From: 44704K(108032K)->47264K(99840K)
[12.193s][info][gc,heap        ] GC(162) ParOldGen: 1727029K(1862144K)->1748341K(1862144K)
[12.193s][info][gc,metaspace   ] GC(162) Metaspace: 6301K(6464K)->6301K(6464K) NonClass: 5768K(5824K)->5768K(5824K) Class: 533K(640K)->533K(640K)
[12.193s][info][gc             ] GC(162) Pause Young (Allocation Failure) 1753M->1753M(1942M) 37.802ms
[12.193s][info][gc,cpu         ] GC(162) User=0.25s Sys=0.03s Real=0.04s
[12.224s][info][gc,start       ] GC(163) Pause Young (Allocation Failure)
[12.263s][info][gc,heap        ] GC(163) PSYoungGen: 73888K(126464K)->50336K(129024K) Eden: 26624K(26624K)->0K(26624K) From: 47264K(99840K)->50336K(102400K)
[12.263s][info][gc,heap        ] GC(163) ParOldGen: 1748341K(1862144K)->1772213K(1862144K)
[12.263s][info][gc,metaspace   ] GC(163) Metaspace: 6301K(6464K)->6301K(6464K) NonClass: 5768K(5824K)->5768K(5824K) Class: 533K(640K)->533K(640K)
[12.263s][info][gc             ] GC(163) Pause Young (Allocation Failure) 1779M->1779M(1944M) 39.223ms
[12.263s][info][gc,cpu         ] GC(163) User=0.25s Sys=0.00s Real=0.04s
[12.292s][info][gc,start       ] GC(164) Pause Young (Allocation Failure)
[12.334s][info][gc,heap        ] GC(164) PSYoungGen: 76960K(129024K)->53408K(131072K) Eden: 26624K(26624K)->0K(30208K) From: 50336K(102400K)->53408K(100864K)
[12.334s][info][gc,heap        ] GC(164) ParOldGen: 1772213K(1862144K)->1796085K(1862144K)
[12.334s][info][gc,metaspace   ] GC(164) Metaspace: 6301K(6464K)->6301K(6464K) NonClass: 5768K(5824K)->5768K(5824K) Class: 533K(640K)->533K(640K)
[12.334s][info][gc             ] GC(164) Pause Young (Allocation Failure) 1805M->1806M(1946M) 42.691ms
[12.334s][info][gc,cpu         ] GC(164) User=0.25s Sys=0.00s Real=0.04s
[12.370s][info][gc,start       ] GC(165) Pause Young (Allocation Failure)
[12.414s][info][gc,heap        ] GC(165) PSYoungGen: 83616K(131072K)->57024K(131072K) Eden: 30208K(30208K)->0K(30208K) From: 53408K(100864K)->57024K(100864K)
[12.414s][info][gc,heap        ] GC(165) ParOldGen: 1796085K(1862144K)->1823061K(1862144K)
[12.414s][info][gc,metaspace   ] GC(165) Metaspace: 6301K(6464K)->6301K(6464K) NonClass: 5768K(5824K)->5768K(5824K) Class: 533K(640K)->533K(640K)
[12.414s][info][gc             ] GC(165) Pause Young (Allocation Failure) 1835M->1836M(1946M) 43.147ms
[12.414s][info][gc,cpu         ] GC(165) User=0.27s Sys=0.00s Real=0.04s
[12.448s][info][gc,start       ] GC(166) Pause Young (Allocation Failure)
[12.493s][info][gc,heap        ] GC(166) PSYoungGen: 87232K(131072K)->60608K(134144K) Eden: 30208K(30208K)->0K(32768K) From: 57024K(100864K)->60608K(101376K)
[12.493s][info][gc,heap        ] GC(166) ParOldGen: 1823061K(1862144K)->1850045K(1862144K)
[12.493s][info][gc,metaspace   ] GC(166) Metaspace: 6301K(6464K)->6301K(6464K) NonClass: 5768K(5824K)->5768K(5824K) Class: 533K(640K)->533K(640K)
[12.493s][info][gc             ] GC(166) Pause Young (Allocation Failure) 1865M->1865M(1949M) 44.520ms
[12.493s][info][gc,cpu         ] GC(166) User=0.20s Sys=0.06s Real=0.04s
[12.493s][info][gc,start       ] GC(167) Pause Full (Ergonomics)
[12.493s][info][gc,phases,start] GC(167) Marking Phase
[12.914s][info][gc,phases      ] GC(167) Marking Phase 421.114ms
[12.914s][info][gc,phases,start] GC(167) Summary Phase
[12.914s][info][gc,phases      ] GC(167) Summary Phase 0.031ms
[12.914s][info][gc,phases,start] GC(167) Adjust Roots
[12.914s][info][gc,phases      ] GC(167) Adjust Roots 0.160ms
[12.914s][info][gc,phases,start] GC(167) Compaction Phase
[13.105s][info][gc,phases      ] GC(167) Compaction Phase 190.879ms
[13.105s][info][gc,phases,start] GC(167) Post Compact
[13.109s][info][gc,phases      ] GC(167) Post Compact 3.515ms
[13.109s][info][gc,heap        ] GC(167) PSYoungGen: 60608K(134144K)->46555K(134144K) Eden: 0K(32768K)->0K(32768K) From: 60608K(101376K)->46555K(101376K)
[13.110s][info][gc,heap        ] GC(167) ParOldGen: 1850045K(1862144K)->1861718K(2039296K)
[13.110s][info][gc,metaspace   ] GC(167) Metaspace: 6301K(6464K)->6301K(6464K) NonClass: 5768K(5824K)->5768K(5824K) Class: 533K(640K)->533K(640K)
[13.110s][info][gc             ] GC(167) Pause Full (Ergonomics) 1865M->1863M(2122M) 616.828ms
[13.110s][info][gc,cpu         ] GC(167) User=4.42s Sys=0.02s Real=0.62s
[13.148s][info][gc,start       ] GC(168) Pause Young (Allocation Failure)
[13.265s][info][gc,heap        ] GC(168) PSYoungGen: 79323K(134144K)->56416K(135168K) Eden: 32768K(32768K)->0K(32768K) From: 46555K(101376K)->56416K(102400K)
[13.265s][info][gc,heap        ] GC(168) ParOldGen: 1861718K(2039296K)->1885158K(2039296K)
[13.266s][info][gc,metaspace   ] GC(168) Metaspace: 6301K(6464K)->6301K(6464K) NonClass: 5768K(5824K)->5768K(5824K) Class: 533K(640K)->533K(640K)
[13.266s][info][gc             ] GC(168) Pause Young (Allocation Failure) 1895M->1896M(2123M) 117.439ms
[13.266s][info][gc,cpu         ] GC(168) User=0.77s Sys=0.02s Real=0.12s
[13.305s][info][gc,start       ] GC(169) Pause Young (Allocation Failure)
[13.354s][info][gc,heap        ] GC(169) PSYoungGen: 89184K(135168K)->89280K(126464K) Eden: 32768K(32768K)->0K(25088K) From: 56416K(102400K)->89280K(101376K)
[13.354s][info][gc,heap        ] GC(169) ParOldGen: 1885158K(2039296K)->1885158K(2039296K)
[13.354s][info][gc,metaspace   ] GC(169) Metaspace: 6301K(6464K)->6301K(6464K) NonClass: 5768K(5824K)->5768K(5824K) Class: 533K(640K)->533K(640K)
[13.354s][info][gc             ] GC(169) Pause Young (Allocation Failure) 1928M->1928M(2115M) 48.901ms
[13.354s][info][gc,cpu         ] GC(169) User=0.27s Sys=0.00s Real=0.05s
[13.383s][info][gc,start       ] GC(170) Pause Young (Allocation Failure)
[13.440s][info][gc,heap        ] GC(170) PSYoungGen: 114368K(126464K)->112640K(137728K) Eden: 25088K(25088K)->0K(25088K) From: 89280K(101376K)->112640K(112640K)
[13.440s][info][gc,heap        ] GC(170) ParOldGen: 1885158K(2039296K)->1886814K(2039296K)
[13.440s][info][gc,metaspace   ] GC(170) Metaspace: 6301K(6464K)->6301K(6464K) NonClass: 5768K(5824K)->5768K(5824K) Class: 533K(640K)->533K(640K)
[13.440s][info][gc             ] GC(170) Pause Young (Allocation Failure) 1952M->1952M(2126M) 57.225ms
[13.440s][info][gc,cpu         ] GC(170) User=0.39s Sys=0.00s Real=0.06s
[13.471s][info][gc,start       ] GC(171) Pause Young (Allocation Failure)
[13.545s][info][gc,heap        ] GC(171) PSYoungGen: 137728K(137728K)->82336K(156160K) Eden: 25088K(25088K)->0K(25600K) From: 112640K(112640K)->82336K(130560K)
[13.545s][info][gc,heap        ] GC(171) ParOldGen: 1886814K(2039296K)->1943006K(2039296K)
[13.545s][info][gc,metaspace   ] GC(171) Metaspace: 6301K(6464K)->6301K(6464K) NonClass: 5768K(5824K)->5768K(5824K) Class: 533K(640K)->533K(640K)
[13.546s][info][gc             ] GC(171) Pause Young (Allocation Failure) 1977M->1977M(2144M) 74.270ms
[13.546s][info][gc,cpu         ] GC(171) User=0.45s Sys=0.05s Real=0.08s
[13.577s][info][gc,start       ] GC(172) Pause Young (Allocation Failure)
[13.634s][info][gc,heap        ] GC(172) PSYoungGen: 107936K(156160K)->75648K(158720K) Eden: 25600K(25600K)->0K(25600K) From: 82336K(130560K)->75648K(133120K)
[13.634s][info][gc,heap        ] GC(172) ParOldGen: 1943006K(2039296K)->1975742K(2039296K)
[13.634s][info][gc,metaspace   ] GC(172) Metaspace: 6301K(6464K)->6301K(6464K) NonClass: 5768K(5824K)->5768K(5824K) Class: 533K(640K)->533K(640K)
[13.634s][info][gc             ] GC(172) Pause Young (Allocation Failure) 2002M->2003M(2146M) 56.762ms
[13.634s][info][gc,cpu         ] GC(172) User=0.45s Sys=0.05s Real=0.06s
[13.662s][info][gc,start       ] GC(173) Pause Young (Allocation Failure)
[13.716s][info][gc,heap        ] GC(173) PSYoungGen: 101248K(158720K)->51360K(150528K) Eden: 25600K(25600K)->0K(29184K) From: 75648K(133120K)->51360K(121344K)
[13.716s][info][gc,heap        ] GC(173) ParOldGen: 1975742K(2039296K)->2026254K(2039296K)
[13.716s][info][gc,metaspace   ] GC(173) Metaspace: 6301K(6464K)->6301K(6464K) NonClass: 5768K(5824K)->5768K(5824K) Class: 533K(640K)->533K(640K)
[13.716s][info][gc             ] GC(173) Pause Young (Allocation Failure) 2028M->2028M(2138M) 53.943ms
[13.716s][info][gc,cpu         ] GC(173) User=0.34s Sys=0.00s Real=0.06s
[13.716s][info][gc,start       ] GC(174) Pause Full (Ergonomics)
[13.716s][info][gc,phases,start] GC(174) Marking Phase
[14.170s][info][gc,phases      ] GC(174) Marking Phase 454.418ms
[14.170s][info][gc,phases,start] GC(174) Summary Phase
[14.170s][info][gc,phases      ] GC(174) Summary Phase 0.038ms
[14.170s][info][gc,phases,start] GC(174) Adjust Roots
[14.170s][info][gc,phases      ] GC(174) Adjust Roots 0.204ms
[14.170s][info][gc,phases,start] GC(174) Compaction Phase
[14.367s][info][gc,phases      ] GC(174) Compaction Phase 196.791ms
[14.367s][info][gc,phases,start] GC(174) Post Compact
[14.371s][info][gc,phases      ] GC(174) Post Compact 4.008ms
[14.372s][info][gc,heap        ] GC(174) PSYoungGen: 51360K(150528K)->35808K(154624K) Eden: 0K(29184K)->0K(33280K) From: 51360K(121344K)->35808K(121344K)
[14.372s][info][gc,heap        ] GC(174) ParOldGen: 2026254K(2039296K)->2039188K(2253312K)
[14.372s][info][gc,metaspace   ] GC(174) Metaspace: 6301K(6464K)->6301K(6464K) NonClass: 5768K(5824K)->5768K(5824K) Class: 533K(640K)->533K(640K)
[14.372s][info][gc             ] GC(174) Pause Full (Ergonomics) 2028M->2026M(2351M) 656.782ms
[14.372s][info][gc,cpu         ] GC(174) User=4.89s Sys=0.00s Real=0.66s
[14.409s][info][gc,start       ] GC(175) Pause Young (Allocation Failure)
[14.534s][info][gc,heap        ] GC(175) PSYoungGen: 69088K(154624K)->33408K(159744K) Eden: 33280K(33280K)->0K(33280K) From: 35808K(121344K)->33408K(126464K)
[14.534s][info][gc,heap        ] GC(175) ParOldGen: 2039188K(2253312K)->2075468K(2253312K)
[14.534s][info][gc,metaspace   ] GC(175) Metaspace: 6301K(6464K)->6301K(6464K) NonClass: 5768K(5824K)->5768K(5824K) Class: 533K(640K)->533K(640K)
[14.534s][info][gc             ] GC(175) Pause Young (Allocation Failure) 2058M->2059M(2356M) 124.791ms
[14.534s][info][gc,cpu         ] GC(175) User=0.77s Sys=0.00s Real=0.13s
[14.570s][info][gc,start       ] GC(176) Pause Young (Allocation Failure)
[14.610s][info][gc,heap        ] GC(176) PSYoungGen: 66688K(159744K)->33472K(154624K) Eden: 33280K(33280K)->0K(36864K) From: 33408K(126464K)->33472K(117760K)
[14.610s][info][gc,heap        ] GC(176) ParOldGen: 2075468K(2253312K)->2109188K(2253312K)
[14.610s][info][gc,metaspace   ] GC(176) Metaspace: 6301K(6464K)->6301K(6464K) NonClass: 5768K(5824K)->5768K(5824K) Class: 533K(640K)->533K(640K)
[14.610s][info][gc             ] GC(176) Pause Young (Allocation Failure) 2091M->2092M(2351M) 39.892ms
[14.610s][info][gc,cpu         ] GC(176) User=0.22s Sys=0.03s Real=0.04s
[14.649s][info][gc,start       ] GC(177) Pause Young (Allocation Failure)
[14.690s][info][gc,heap        ] GC(177) PSYoungGen: 70336K(154624K)->37024K(157696K) Eden: 36864K(36864K)->0K(36864K) From: 33472K(117760K)->37024K(120832K)
[14.690s][info][gc,heap        ] GC(177) ParOldGen: 2109188K(2253312K)->2142908K(2253312K)
[14.690s][info][gc,metaspace   ] GC(177) Metaspace: 6301K(6464K)->6301K(6464K) NonClass: 5768K(5824K)->5768K(5824K) Class: 533K(640K)->533K(640K)
[14.690s][info][gc             ] GC(177) Pause Young (Allocation Failure) 2128M->2128M(2354M) 40.992ms
[14.690s][info][gc,cpu         ] GC(177) User=0.23s Sys=0.02s Real=0.04s
[14.733s][info][gc,start       ] GC(178) Pause Young (Allocation Failure)
[14.777s][info][gc,heap        ] GC(178) PSYoungGen: 73888K(157696K)->37056K(151040K) Eden: 36864K(36864K)->0K(40960K) From: 37024K(120832K)->37056K(110080K)
[14.777s][info][gc,heap        ] GC(178) ParOldGen: 2142908K(2253312K)->2180268K(2253312K)
[14.777s][info][gc,metaspace   ] GC(178) Metaspace: 6301K(6464K)->6301K(6464K) NonClass: 5768K(5824K)->5768K(5824K) Class: 533K(640K)->533K(640K)
[14.777s][info][gc             ] GC(178) Pause Young (Allocation Failure) 2164M->2165M(2348M) 43.698ms
[14.777s][info][gc,cpu         ] GC(178) User=0.38s Sys=0.00s Real=0.04s
[14.831s][info][gc,start       ] GC(179) Pause Young (Allocation Failure)
[14.877s][info][gc,heap        ] GC(179) PSYoungGen: 78016K(151040K)->41120K(82432K) Eden: 40960K(40960K)->0K(40960K) From: 37056K(110080K)->41120K(41472K)
[14.877s][info][gc,heap        ] GC(179) ParOldGen: 2180268K(2253312K)->2217636K(2253312K)
[14.877s][info][gc,metaspace   ] GC(179) Metaspace: 6301K(6464K)->6301K(6464K) NonClass: 5768K(5824K)->5768K(5824K) Class: 533K(640K)->533K(640K)
[14.877s][info][gc             ] GC(179) Pause Young (Allocation Failure) 2205M->2205M(2281M) 46.190ms
[14.877s][info][gc,cpu         ] GC(179) User=0.25s Sys=0.02s Real=0.05s
[14.877s][info][gc,start       ] GC(180) Pause Full (Ergonomics)
[14.877s][info][gc,phases,start] GC(180) Marking Phase
[15.367s][info][gc,phases      ] GC(180) Marking Phase 489.568ms
[15.367s][info][gc,phases,start] GC(180) Summary Phase
[15.367s][info][gc,phases      ] GC(180) Summary Phase 0.035ms
[15.367s][info][gc,phases,start] GC(180) Adjust Roots
[15.367s][info][gc,phases      ] GC(180) Adjust Roots 0.166ms
[15.367s][info][gc,phases,start] GC(180) Compaction Phase
[15.567s][info][gc,phases      ] GC(180) Compaction Phase 199.864ms
[15.567s][info][gc,phases,start] GC(180) Post Compact
[15.571s][info][gc,phases      ] GC(180) Post Compact 4.284ms
[15.572s][info][gc,heap        ] GC(180) PSYoungGen: 41120K(82432K)->3117K(82432K) Eden: 0K(40960K)->0K(40960K) From: 41120K(41472K)->3117K(41472K)
[15.572s][info][gc,heap        ] GC(180) ParOldGen: 2217636K(2253312K)->2252965K(2484736K)
[15.572s][info][gc,metaspace   ] GC(180) Metaspace: 6301K(6464K)->6301K(6464K) NonClass: 5768K(5824K)->5768K(5824K) Class: 533K(640K)->533K(640K)
[15.572s][info][gc             ] GC(180) Pause Full (Ergonomics) 2205M->2203M(2507M) 695.183ms
[15.572s][info][gc,cpu         ] GC(180) User=5.03s Sys=0.02s Real=0.69s
[15.618s][info][gc,start       ] GC(181) Pause Young (Allocation Failure)
[15.738s][info][gc,heap        ] GC(181) PSYoungGen: 44077K(82432K)->41088K(143872K) Eden: 40960K(40960K)->0K(44544K) From: 3117K(41472K)->41088K(99328K)
[15.738s][info][gc,heap        ] GC(181) ParOldGen: 2252965K(2484736K)->2256165K(2484736K)
[15.738s][info][gc,metaspace   ] GC(181) Metaspace: 6301K(6464K)->6301K(6464K) NonClass: 5768K(5824K)->5768K(5824K) Class: 533K(640K)->533K(640K)
[15.738s][info][gc             ] GC(181) Pause Young (Allocation Failure) 2243M->2243M(2567M) 119.568ms
[15.738s][info][gc,cpu         ] GC(181) User=0.75s Sys=0.00s Real=0.12s
[15.790s][info][gc,start       ] GC(182) Pause Young (Allocation Failure)
[15.838s][info][gc,heap        ] GC(182) PSYoungGen: 85632K(143872K)->85728K(148992K) Eden: 44544K(44544K)->0K(44544K) From: 41088K(99328K)->85728K(104448K)
[15.838s][info][gc,heap        ] GC(182) ParOldGen: 2256165K(2484736K)->2256165K(2484736K)
[15.838s][info][gc,metaspace   ] GC(182) Metaspace: 6301K(6464K)->6301K(6464K) NonClass: 5768K(5824K)->5768K(5824K) Class: 533K(640K)->533K(640K)
[15.838s][info][gc             ] GC(182) Pause Young (Allocation Failure) 2286M->2287M(2572M) 47.983ms
[15.838s][info][gc,cpu         ] GC(182) User=0.27s Sys=0.00s Real=0.05s
[15.890s][info][gc,start       ] GC(183) Pause Young (Allocation Failure)
[15.957s][info][gc,heap        ] GC(183) PSYoungGen: 130272K(148992K)->112640K(138752K) Eden: 44544K(44544K)->0K(26112K) From: 85728K(104448K)->112640K(112640K)
[15.957s][info][gc,heap        ] GC(183) ParOldGen: 2256165K(2484736K)->2273909K(2484736K)
[15.957s][info][gc,metaspace   ] GC(183) Metaspace: 6301K(6464K)->6301K(6464K) NonClass: 5768K(5824K)->5768K(5824K) Class: 533K(640K)->533K(640K)
[15.957s][info][gc             ] GC(183) Pause Young (Allocation Failure) 2330M->2330M(2562M) 66.342ms
[15.957s][info][gc,cpu         ] GC(183) User=0.45s Sys=0.03s Real=0.07s
[15.986s][info][gc,start       ] GC(184) Pause Young (Allocation Failure)
[16.062s][info][gc,heap        ] GC(184) PSYoungGen: 138752K(138752K)->63168K(89600K) Eden: 26112K(26112K)->0K(26112K) From: 112640K(112640K)->63168K(63488K)
[16.062s][info][gc,heap        ] GC(184) ParOldGen: 2273909K(2484736K)->2350189K(2484736K)
[16.062s][info][gc,metaspace   ] GC(184) Metaspace: 6301K(6464K)->6301K(6464K) NonClass: 5768K(5824K)->5768K(5824K) Class: 533K(640K)->533K(640K)
[16.062s][info][gc             ] GC(184) Pause Young (Allocation Failure) 2356M->2356M(2514M) 75.926ms
[16.062s][info][gc,cpu         ] GC(184) User=0.42s Sys=0.08s Real=0.08s
[16.096s][info][gc,start       ] GC(185) Pause Young (Allocation Failure)
[16.147s][info][gc,heap        ] GC(185) PSYoungGen: 89280K(89600K)->52384K(146944K) Eden: 26112K(26112K)->0K(29184K) From: 63168K(63488K)->52384K(117760K)
[16.147s][info][gc,heap        ] GC(185) ParOldGen: 2350189K(2484736K)->2387405K(2484736K)
[16.147s][info][gc,metaspace   ] GC(185) Metaspace: 6301K(6464K)->6301K(6464K) NonClass: 5768K(5824K)->5768K(5824K) Class: 533K(640K)->533K(640K)
[16.147s][info][gc             ] GC(185) Pause Young (Allocation Failure) 2382M->2382M(2570M) 51.024ms
[16.147s][info][gc,cpu         ] GC(185) User=0.25s Sys=0.02s Real=0.05s
[16.183s][info][gc,start       ] GC(186) Pause Young (Allocation Failure)
[16.230s][info][gc,heap        ] GC(186) PSYoungGen: 81568K(146944K)->55520K(84992K) Eden: 29184K(29184K)->0K(29184K) From: 52384K(117760K)->55520K(55808K)
[16.230s][info][gc,heap        ] GC(186) ParOldGen: 2387405K(2484736K)->2413765K(2484736K)
[16.230s][info][gc,metaspace   ] GC(186) Metaspace: 6301K(6464K)->6301K(6464K) NonClass: 5768K(5824K)->5768K(5824K) Class: 533K(640K)->533K(640K)
[16.230s][info][gc             ] GC(186) Pause Young (Allocation Failure) 2411M->2411M(2509M) 46.797ms
[16.230s][info][gc,cpu         ] GC(186) User=0.27s Sys=0.00s Real=0.05s
[16.267s][info][gc,start       ] GC(187) Pause Young (Allocation Failure)
[16.316s][info][gc,heap        ] GC(187) PSYoungGen: 84704K(84992K)->58560K(139264K) Eden: 29184K(29184K)->0K(32768K) From: 55520K(55808K)->58560K(106496K)
[16.316s][info][gc,heap        ] GC(187) ParOldGen: 2413765K(2484736K)->2440109K(2484736K)
[16.316s][info][gc,metaspace   ] GC(187) Metaspace: 6301K(6464K)->6301K(6464K) NonClass: 5768K(5824K)->5768K(5824K) Class: 533K(640K)->533K(640K)
[16.316s][info][gc             ] GC(187) Pause Young (Allocation Failure) 2439M->2440M(2562M) 48.999ms
[16.316s][info][gc,cpu         ] GC(187) User=0.25s Sys=0.02s Real=0.05s
[16.316s][info][gc,start       ] GC(188) Pause Full (Ergonomics)
[16.316s][info][gc,phases,start] GC(188) Marking Phase
[16.888s][info][gc,phases      ] GC(188) Marking Phase 572.261ms
[16.888s][info][gc,phases,start] GC(188) Summary Phase
[16.888s][info][gc,phases      ] GC(188) Summary Phase 0.040ms
[16.888s][info][gc,phases,start] GC(188) Adjust Roots
[16.888s][info][gc,phases      ] GC(188) Adjust Roots 0.159ms
[16.888s][info][gc,phases,start] GC(188) Compaction Phase
[17.103s][info][gc,phases      ] GC(188) Compaction Phase 214.335ms
[17.103s][info][gc,phases,start] GC(188) Post Compact
[17.107s][info][gc,phases      ] GC(188) Post Compact 4.736ms
[17.108s][info][gc,heap        ] GC(188) PSYoungGen: 58560K(139264K)->11807K(143360K) Eden: 0K(32768K)->0K(36864K) From: 58560K(106496K)->11807K(106496K)
[17.108s][info][gc,heap        ] GC(188) ParOldGen: 2440109K(2484736K)->2484699K(2738688K)
[17.108s][info][gc,metaspace   ] GC(188) Metaspace: 6301K(6464K)->6301K(6464K) NonClass: 5768K(5824K)->5768K(5824K) Class: 533K(640K)->533K(640K)
[17.108s][info][gc             ] GC(188) Pause Full (Ergonomics) 2440M->2437M(2814M) 792.737ms
[17.108s][info][gc,cpu         ] GC(188) User=6.02s Sys=0.00s Real=0.79s
[17.155s][info][gc,start       ] GC(189) Pause Young (Allocation Failure)
[17.289s][info][gc,heap        ] GC(189) PSYoungGen: 48671K(143360K)->43232K(148992K) Eden: 36864K(36864K)->0K(36864K) From: 11807K(106496K)->43232K(112128K)
[17.289s][info][gc,heap        ] GC(189) ParOldGen: 2484699K(2738688K)->2490459K(2738688K)
[17.289s][info][gc,metaspace   ] GC(189) Metaspace: 6301K(6464K)->6301K(6464K) NonClass: 5768K(5824K)->5768K(5824K) Class: 533K(640K)->533K(640K)
[17.289s][info][gc             ] GC(189) Pause Young (Allocation Failure) 2473M->2474M(2820M) 134.217ms
[17.289s][info][gc,cpu         ] GC(189) User=0.88s Sys=0.00s Real=0.13s
[17.332s][info][gc,start       ] GC(190) Pause Young (Allocation Failure)
[17.378s][info][gc,heap        ] GC(190) PSYoungGen: 80096K(148992K)->80128K(146944K) Eden: 36864K(36864K)->0K(37376K) From: 43232K(112128K)->80128K(109568K)
[17.378s][info][gc,heap        ] GC(190) ParOldGen: 2490459K(2738688K)->2490459K(2738688K)
[17.378s][info][gc,metaspace   ] GC(190) Metaspace: 6301K(6464K)->6301K(6464K) NonClass: 5768K(5824K)->5768K(5824K) Class: 533K(640K)->533K(640K)
[17.378s][info][gc             ] GC(190) Pause Young (Allocation Failure) 2510M->2510M(2818M) 45.614ms
[17.378s][info][gc,cpu         ] GC(190) User=0.25s Sys=0.00s Real=0.05s
[17.426s][info][gc,start       ] GC(191) Pause Young (Allocation Failure)
[17.488s][info][gc,heap        ] GC(191) PSYoungGen: 117504K(146944K)->112640K(150016K) Eden: 37376K(37376K)->0K(37376K) From: 80128K(109568K)->112640K(112640K)
[17.488s][info][gc,heap        ] GC(191) ParOldGen: 2490459K(2738688K)->2495259K(2738688K)
[17.488s][info][gc,metaspace   ] GC(191) Metaspace: 6301K(6464K)->6301K(6464K) NonClass: 5768K(5824K)->5768K(5824K) Class: 533K(640K)->533K(640K)
[17.488s][info][gc             ] GC(191) Pause Young (Allocation Failure) 2546M->2546M(2821M) 61.974ms
[17.488s][info][gc,cpu         ] GC(191) User=0.38s Sys=0.00s Real=0.06s
[17.535s][info][gc,start       ] GC(192) Pause Young (Allocation Failure)
[17.616s][info][gc,heap        ] GC(192) PSYoungGen: 150016K(150016K)->109088K(160768K) Eden: 37376K(37376K)->0K(31744K) From: 112640K(112640K)->109088K(129024K)
[17.616s][info][gc,heap        ] GC(192) ParOldGen: 2495259K(2738688K)->2536707K(2738688K)
[17.616s][info][gc,metaspace   ] GC(192) Metaspace: 6301K(6464K)->6301K(6464K) NonClass: 5768K(5824K)->5768K(5824K) Class: 533K(640K)->533K(640K)
[17.616s][info][gc             ] GC(192) Pause Young (Allocation Failure) 2583M->2583M(2831M) 81.329ms
[17.616s][info][gc,cpu         ] GC(192) User=0.52s Sys=0.02s Real=0.08s
[17.657s][info][gc,start       ] GC(193) Pause Young (Allocation Failure)
[17.732s][info][gc,heap        ] GC(193) PSYoungGen: 140832K(160768K)->105312K(170496K) Eden: 31744K(31744K)->0K(31744K) From: 109088K(129024K)->105312K(138752K)
[17.732s][info][gc,heap        ] GC(193) ParOldGen: 2536707K(2738688K)->2572547K(2738688K)
[17.732s][info][gc,metaspace   ] GC(193) Metaspace: 6301K(6464K)->6301K(6464K) NonClass: 5768K(5824K)->5768K(5824K) Class: 533K(640K)->533K(640K)
[17.732s][info][gc             ] GC(193) Pause Young (Allocation Failure) 2614M->2615M(2841M) 75.114ms
[17.732s][info][gc,cpu         ] GC(193) User=0.48s Sys=0.02s Real=0.08s
[17.773s][info][gc,start       ] GC(194) Pause Young (Allocation Failure)
[17.844s][info][gc,heap        ] GC(194) PSYoungGen: 137056K(170496K)->101120K(177664K) Eden: 31744K(31744K)->0K(32768K) From: 105312K(138752K)->101120K(144896K)
[17.844s][info][gc,heap        ] GC(194) ParOldGen: 2572547K(2738688K)->2608787K(2738688K)
[17.844s][info][gc,metaspace   ] GC(194) Metaspace: 6301K(6464K)->6301K(6464K) NonClass: 5768K(5824K)->5768K(5824K) Class: 533K(640K)->533K(640K)
[17.844s][info][gc             ] GC(194) Pause Young (Allocation Failure) 2646M->2646M(2848M) 71.404ms
[17.844s][info][gc,cpu         ] GC(194) User=0.44s Sys=0.03s Real=0.07s
[17.881s][info][gc,start       ] GC(195) Pause Young (Allocation Failure)
[17.953s][info][gc,heap        ] GC(195) PSYoungGen: 133888K(177664K)->96480K(180736K) Eden: 32768K(32768K)->0K(32768K) From: 101120K(144896K)->96480K(147968K)
[17.953s][info][gc,heap        ] GC(195) ParOldGen: 2608787K(2738688K)->2646499K(2738688K)
[17.954s][info][gc,metaspace   ] GC(195) Metaspace: 6301K(6464K)->6301K(6464K) NonClass: 5768K(5824K)->5768K(5824K) Class: 533K(640K)->533K(640K)
[17.954s][info][gc             ] GC(195) Pause Young (Allocation Failure) 2678M->2678M(2851M) 72.783ms
[17.954s][info][gc,cpu         ] GC(195) User=0.50s Sys=0.02s Real=0.07s
[17.989s][info][gc,start       ] GC(196) Pause Young (Allocation Failure)
[18.063s][info][gc,heap        ] GC(196) PSYoungGen: 129248K(180736K)->65728K(175616K) Eden: 32768K(32768K)->0K(36864K) From: 96480K(147968K)->65728K(138752K)
[18.063s][info][gc,heap        ] GC(196) ParOldGen: 2646499K(2738688K)->2710539K(2738688K)
[18.063s][info][gc,metaspace   ] GC(196) Metaspace: 6301K(6464K)->6301K(6464K) NonClass: 5768K(5824K)->5768K(5824K) Class: 533K(640K)->533K(640K)
[18.063s][info][gc             ] GC(196) Pause Young (Allocation Failure) 2710M->2711M(2846M) 73.722ms
[18.063s][info][gc,cpu         ] GC(196) User=0.48s Sys=0.03s Real=0.07s
[18.063s][info][gc,start       ] GC(197) Pause Full (Ergonomics)
[18.063s][info][gc,phases,start] GC(197) Marking Phase
[18.703s][info][gc,phases      ] GC(197) Marking Phase 639.386ms
[18.703s][info][gc,phases,start] GC(197) Summary Phase
[18.703s][info][gc,phases      ] GC(197) Summary Phase 0.040ms
[18.703s][info][gc,phases,start] GC(197) Adjust Roots
[18.703s][info][gc,phases      ] GC(197) Adjust Roots 0.168ms
[18.703s][info][gc,phases,start] GC(197) Compaction Phase
[18.928s][info][gc,phases      ] GC(197) Compaction Phase 225.236ms
[18.928s][info][gc,phases,start] GC(197) Post Compact
[18.933s][info][gc,phases      ] GC(197) Post Compact 4.702ms
[18.934s][info][gc,heap        ] GC(197) PSYoungGen: 65728K(175616K)->35317K(180224K) Eden: 0K(36864K)->0K(41472K) From: 65728K(138752K)->35317K(138752K)
[18.934s][info][gc,heap        ] GC(197) ParOldGen: 2710539K(2738688K)->2738439K(3023360K)
[18.934s][info][gc,metaspace   ] GC(197) Metaspace: 6301K(6464K)->6301K(6464K) NonClass: 5768K(5824K)->5768K(5824K) Class: 533K(640K)->533K(640K)
[18.934s][info][gc             ] GC(197) Pause Full (Ergonomics) 2711M->2708M(3128M) 870.806ms
[18.934s][info][gc,cpu         ] GC(197) User=6.62s Sys=0.03s Real=0.87s
[18.984s][info][gc,start       ] GC(198) Pause Young (Allocation Failure)
[19.146s][info][gc,heap        ] GC(198) PSYoungGen: 76789K(180224K)->41632K(184832K) Eden: 41472K(41472K)->0K(41472K) From: 35317K(138752K)->41632K(143360K)
[19.146s][info][gc,heap        ] GC(198) ParOldGen: 2738439K(3023360K)->2774127K(3023360K)
[19.146s][info][gc,metaspace   ] GC(198) Metaspace: 6301K(6464K)->6301K(6464K) NonClass: 5768K(5824K)->5768K(5824K) Class: 533K(640K)->533K(640K)
[19.146s][info][gc             ] GC(198) Pause Young (Allocation Failure) 2749M->2749M(3133M) 162.232ms
[19.146s][info][gc,cpu         ] GC(198) User=1.11s Sys=0.03s Real=0.16s
[19.731s][info][gc,start       ] GC(199) Pause Young (Allocation Failure)
[19.845s][info][gc,heap        ] GC(199) PSYoungGen: 83104K(184832K)->41664K(184832K) Eden: 41472K(41472K)->0K(45568K) From: 41632K(143360K)->41664K(139264K)
[19.845s][info][gc,heap        ] GC(199) ParOldGen: 2905199K(3023360K)->2947071K(3023360K)
[19.845s][info][gc,metaspace   ] GC(199) Metaspace: 6301K(6464K)->6301K(6464K) NonClass: 5768K(5824K)->5768K(5824K) Class: 533K(640K)->533K(640K)
[19.845s][info][gc             ] GC(199) Pause Young (Allocation Failure) 2918M->2918M(3133M) 113.635ms
[19.845s][info][gc,cpu         ] GC(199) User=0.69s Sys=0.02s Real=0.11s
[19.895s][info][gc,start       ] GC(200) Pause Young (Allocation Failure)
[19.954s][info][gc,heap        ] GC(200) PSYoungGen: 87232K(184832K)->87296K(186880K) Eden: 45568K(45568K)->0K(45568K) From: 41664K(139264K)->87296K(141312K)
[19.954s][info][gc,heap        ] GC(200) ParOldGen: 2947071K(3023360K)->2947071K(3023360K)
[19.954s][info][gc,metaspace   ] GC(200) Metaspace: 6301K(6464K)->6301K(6464K) NonClass: 5768K(5824K)->5768K(5824K) Class: 533K(640K)->533K(640K)
[19.954s][info][gc             ] GC(200) Pause Young (Allocation Failure) 2963M->2963M(3135M) 59.416ms
[19.954s][info][gc,cpu         ] GC(200) User=0.17s Sys=0.00s Real=0.06s
[20.004s][info][gc,start       ] GC(201) Pause Young (Allocation Failure)
[20.075s][info][gc,heap        ] GC(201) PSYoungGen: 132864K(186880K)->132960K(174592K) Eden: 45568K(45568K)->0K(34304K) From: 87296K(141312K)->132960K(140288K)
[20.076s][info][gc,heap        ] GC(201) ParOldGen: 2947071K(3023360K)->2947071K(3023360K)
[20.076s][info][gc,metaspace   ] GC(201) Metaspace: 6301K(6464K)->6301K(6464K) NonClass: 5768K(5824K)->5768K(5824K) Class: 533K(640K)->533K(640K)
[20.076s][info][gc             ] GC(201) Pause Young (Allocation Failure) 3007M->3007M(3123M) 71.848ms
[20.076s][info][gc,cpu         ] GC(201) User=0.30s Sys=0.03s Real=0.07s
[20.111s][info][gc,start       ] GC(202) Pause Young (Allocation Failure)
[20.194s][info][gc,heap        ] GC(202) PSYoungGen: 167264K(174592K)->125728K(190464K) Eden: 34304K(34304K)->0K(34304K) From: 132960K(140288K)->125728K(156160K)
[20.194s][info][gc,heap        ] GC(202) ParOldGen: 2947071K(3023360K)->2988911K(3023360K)
[20.194s][info][gc,metaspace   ] GC(202) Metaspace: 6301K(6464K)->6301K(6464K) NonClass: 5768K(5824K)->5768K(5824K) Class: 533K(640K)->533K(640K)
[20.194s][info][gc             ] GC(202) Pause Young (Allocation Failure) 3041M->3041M(3138M) 83.456ms
[20.194s][info][gc,cpu         ] GC(202) User=0.52s Sys=0.00s Real=0.08s
[20.194s][info][gc,start       ] GC(203) Pause Full (Ergonomics)
[20.194s][info][gc,phases,start] GC(203) Marking Phase
[20.870s][info][gc,phases      ] GC(203) Marking Phase 675.565ms
[20.870s][info][gc,phases,start] GC(203) Summary Phase
[20.870s][info][gc,phases      ] GC(203) Summary Phase 0.044ms
[20.870s][info][gc,phases,start] GC(203) Adjust Roots
[20.870s][info][gc,phases      ] GC(203) Adjust Roots 0.162ms
[20.870s][info][gc,phases,start] GC(203) Compaction Phase
[21.356s][info][gc,phases      ] GC(203) Compaction Phase 486.093ms
[21.356s][info][gc,phases,start] GC(203) Post Compact
[21.363s][info][gc,phases      ] GC(203) Post Compact 6.321ms
[21.364s][info][gc,heap        ] GC(203) PSYoungGen: 125728K(190464K)->24171K(190464K) Eden: 0K(34304K)->0K(34304K) From: 125728K(156160K)->24171K(156160K)
[21.364s][info][gc,heap        ] GC(203) ParOldGen: 2988911K(3023360K)->3023343K(3322368K)
[21.364s][info][gc,metaspace   ] GC(203) Metaspace: 6301K(6464K)->6301K(6464K) NonClass: 5768K(5824K)->5768K(5824K) Class: 533K(640K)->533K(640K)
[21.364s][info][gc             ] GC(203) Pause Full (Ergonomics) 3041M->2976M(3430M) 1169.569ms
[21.364s][info][gc,cpu         ] GC(203) User=8.27s Sys=0.03s Real=1.17s
[21.398s][info][gc,start       ] GC(204) Pause Young (Allocation Failure)
[21.552s][info][gc,heap        ] GC(204) PSYoungGen: 58475K(190464K)->55648K(196096K) Eden: 34304K(34304K)->0K(37888K) From: 24171K(156160K)->55648K(158208K)
[21.552s][info][gc,heap        ] GC(204) ParOldGen: 3023343K(3322368K)->3026495K(3322368K)
[21.552s][info][gc,metaspace   ] GC(204) Metaspace: 6301K(6464K)->6301K(6464K) NonClass: 5768K(5824K)->5768K(5824K) Class: 533K(640K)->533K(640K)
[21.552s][info][gc             ] GC(204) Pause Young (Allocation Failure) 3009M->3009M(3436M) 154.797ms
[21.552s][info][gc,cpu         ] GC(204) User=0.97s Sys=0.00s Real=0.15s
[21.589s][info][gc,start       ] GC(205) Pause Young (Allocation Failure)
[21.645s][info][gc,heap        ] GC(205) PSYoungGen: 93536K(196096K)->93536K(200192K) Eden: 37888K(37888K)->0K(37888K) From: 55648K(158208K)->93536K(162304K)
[21.645s][info][gc,heap        ] GC(205) ParOldGen: 3026495K(3322368K)->3026495K(3322368K)
[21.645s][info][gc,metaspace   ] GC(205) Metaspace: 6301K(6464K)->6301K(6464K) NonClass: 5768K(5824K)->5768K(5824K) Class: 533K(640K)->533K(640K)
[21.645s][info][gc             ] GC(205) Pause Young (Allocation Failure) 3046M->3046M(3440M) 56.478ms
[21.645s][info][gc,cpu         ] GC(205) User=0.09s Sys=0.00s Real=0.06s
[21.682s][info][gc,start       ] GC(206) Pause Young (Allocation Failure)
[21.748s][info][gc,heap        ] GC(206) PSYoungGen: 131424K(200192K)->124384K(193024K) Eden: 37888K(37888K)->0K(33792K) From: 93536K(162304K)->124384K(159232K)
[21.748s][info][gc,heap        ] GC(206) ParOldGen: 3026495K(3322368K)->3033671K(3322368K)
[21.748s][info][gc,metaspace   ] GC(206) Metaspace: 6301K(6464K)->6301K(6464K) NonClass: 5768K(5824K)->5768K(5824K) Class: 533K(640K)->533K(640K)
[21.748s][info][gc             ] GC(206) Pause Young (Allocation Failure) 3083M->3084M(3433M) 65.758ms
[21.748s][info][gc,cpu         ] GC(206) User=0.33s Sys=0.00s Real=0.07s
[21.785s][info][gc,start       ] GC(207) Pause Young (Allocation Failure)
[21.862s][info][gc,heap        ] GC(207) PSYoungGen: 158176K(193024K)->144160K(201216K) Eden: 33792K(33792K)->0K(33792K) From: 124384K(159232K)->144160K(167424K)
[21.862s][info][gc,heap        ] GC(207) ParOldGen: 3033671K(3322368K)->3047831K(3322368K)
[21.862s][info][gc,metaspace   ] GC(207) Metaspace: 6301K(6464K)->6301K(6464K) NonClass: 5768K(5824K)->5768K(5824K) Class: 533K(640K)->533K(640K)
[21.862s][info][gc             ] GC(207) Pause Young (Allocation Failure) 3117M->3117M(3441M) 77.064ms
[21.862s][info][gc,cpu         ] GC(207) User=0.31s Sys=0.02s Real=0.08s
[21.898s][info][gc,start       ] GC(208) Pause Young (Allocation Failure)
[21.983s][info][gc,heap        ] GC(208) PSYoungGen: 177952K(201216K)->143648K(208384K) Eden: 33792K(33792K)->0K(27648K) From: 144160K(167424K)->143648K(180736K)
[21.983s][info][gc,heap        ] GC(208) ParOldGen: 3047831K(3322368K)->3082455K(3322368K)
[21.984s][info][gc,metaspace   ] GC(208) Metaspace: 6301K(6464K)->6301K(6464K) NonClass: 5768K(5824K)->5768K(5824K) Class: 533K(640K)->533K(640K)
[21.984s][info][gc             ] GC(208) Pause Young (Allocation Failure) 3150M->3150M(3448M) 85.906ms
[21.984s][info][gc,cpu         ] GC(208) User=0.38s Sys=0.06s Real=0.09s
[22.013s][info][gc,start       ] GC(209) Pause Young (Allocation Failure)
[22.097s][info][gc,heap        ] GC(209) PSYoungGen: 171296K(208384K)->95456K(123392K) Eden: 27648K(27648K)->0K(27648K) From: 143648K(180736K)->95456K(95744K)
[22.097s][info][gc,heap        ] GC(209) ParOldGen: 3082455K(3322368K)->3158903K(3322368K)
[22.097s][info][gc,metaspace   ] GC(209) Metaspace: 6301K(6464K)->6301K(6464K) NonClass: 5768K(5824K)->5768K(5824K) Class: 533K(640K)->533K(640K)
[22.097s][info][gc             ] GC(209) Pause Young (Allocation Failure) 3177M->3178M(3365M) 84.231ms
[22.097s][info][gc,cpu         ] GC(209) User=0.53s Sys=0.00s Real=0.08s
[22.125s][info][gc,start       ] GC(210) Pause Young (Allocation Failure)
[22.194s][info][gc,heap        ] GC(210) PSYoungGen: 123104K(123392K)->55456K(210944K) Eden: 27648K(27648K)->0K(31744K) From: 95456K(95744K)->55456K(179200K)
[22.194s][info][gc,heap        ] GC(210) ParOldGen: 3158903K(3322368K)->3227063K(3322368K)
[22.194s][info][gc,metaspace   ] GC(210) Metaspace: 6301K(6464K)->6301K(6464K) NonClass: 5768K(5824K)->5768K(5824K) Class: 533K(640K)->533K(640K)
[22.194s][info][gc             ] GC(210) Pause Young (Allocation Failure) 3205M->3205M(3450M) 69.056ms
[22.195s][info][gc,cpu         ] GC(210) User=0.27s Sys=0.02s Real=0.07s
[22.227s][info][gc,start       ] GC(211) Pause Young (Allocation Failure)
[22.285s][info][gc,heap        ] GC(211) PSYoungGen: 87200K(210944K)->31936K(211968K) Eden: 31744K(31744K)->0K(31744K) From: 55456K(179200K)->31936K(180224K)
[22.285s][info][gc,heap        ] GC(211) ParOldGen: 3227063K(3322368K)->3282839K(3322368K)
[22.285s][info][gc,metaspace   ] GC(211) Metaspace: 6301K(6464K)->6301K(6464K) NonClass: 5768K(5824K)->5768K(5824K) Class: 533K(640K)->533K(640K)
[22.285s][info][gc             ] GC(211) Pause Young (Allocation Failure) 3236M->3237M(3451M) 57.911ms
[22.285s][info][gc,cpu         ] GC(211) User=0.28s Sys=0.02s Real=0.06s
[22.285s][info][gc,start       ] GC(212) Pause Full (Ergonomics)
[22.285s][info][gc,phases,start] GC(212) Marking Phase
[23.025s][info][gc,phases      ] GC(212) Marking Phase 739.513ms
[23.025s][info][gc,phases,start] GC(212) Summary Phase
[23.025s][info][gc,phases      ] GC(212) Summary Phase 0.071ms
[23.025s][info][gc,phases,start] GC(212) Adjust Roots
[23.025s][info][gc,phases      ] GC(212) Adjust Roots 0.178ms
[23.025s][info][gc,phases,start] GC(212) Compaction Phase
[23.353s][info][gc,phases      ] GC(212) Compaction Phase 328.169ms
[23.353s][info][gc,phases,start] GC(212) Post Compact
[23.359s][info][gc,phases      ] GC(212) Post Compact 6.132ms
[23.361s][info][gc,heap        ] GC(212) PSYoungGen: 31936K(211968K)->0K(218112K) Eden: 0K(31744K)->0K(36352K) From: 31936K(180224K)->0K(181760K)
[23.361s][info][gc,heap        ] GC(212) ParOldGen: 3282839K(3322368K)->3311982K(3658240K)
[23.361s][info][gc,metaspace   ] GC(212) Metaspace: 6301K(6464K)->6301K(6464K) NonClass: 5768K(5824K)->5768K(5824K) Class: 533K(640K)->533K(640K)
[23.361s][info][gc             ] GC(212) Pause Full (Ergonomics) 3237M->3234M(3785M) 1075.569ms
[23.361s][info][gc,cpu         ] GC(212) User=7.58s Sys=0.03s Real=1.08s
[23.401s][info][gc,start       ] GC(213) Pause Young (Allocation Failure)
[23.441s][info][gc,heap        ] GC(213) PSYoungGen: 36352K(218112K)->36512K(218112K) Eden: 36352K(36352K)->0K(36352K) From: 0K(181760K)->36512K(181760K)
[23.441s][info][gc,heap        ] GC(213) ParOldGen: 3311982K(3658240K)->3311982K(3658240K)
[23.441s][info][gc,metaspace   ] GC(213) Metaspace: 6301K(6464K)->6301K(6464K) NonClass: 5768K(5824K)->5768K(5824K) Class: 533K(640K)->533K(640K)
[23.441s][info][gc             ] GC(213) Pause Young (Allocation Failure) 3269M->3270M(3785M) 39.621ms
[23.441s][info][gc,cpu         ] GC(213) User=0.03s Sys=0.00s Real=0.04s
[23.479s][info][gc,start       ] GC(214) Pause Young (Allocation Failure)
[23.535s][info][gc,heap        ] GC(214) PSYoungGen: 72864K(218112K)->36544K(217088K) Eden: 36352K(36352K)->0K(40448K) From: 36512K(181760K)->36544K(176640K)
[23.535s][info][gc,heap        ] GC(214) ParOldGen: 3311982K(3658240K)->3348654K(3658240K)
[23.535s][info][gc,metaspace   ] GC(214) Metaspace: 6301K(6464K)->6301K(6464K) NonClass: 5768K(5824K)->5768K(5824K) Class: 533K(640K)->533K(640K)
[23.535s][info][gc             ] GC(214) Pause Young (Allocation Failure) 3305M->3305M(3784M) 56.148ms
[23.535s][info][gc,cpu         ] GC(214) User=0.16s Sys=0.00s Real=0.06s
[23.578s][info][gc,start       ] GC(215) Pause Young (Allocation Failure)
[23.634s][info][gc,heap        ] GC(215) PSYoungGen: 76992K(217088K)->40640K(219136K) Eden: 40448K(40448K)->0K(40448K) From: 36544K(176640K)->40640K(178688K)
[23.634s][info][gc,heap        ] GC(215) ParOldGen: 3348654K(3658240K)->3385334K(3658240K)
[23.634s][info][gc,metaspace   ] GC(215) Metaspace: 6301K(6464K)->6301K(6464K) NonClass: 5768K(5824K)->5768K(5824K) Class: 533K(640K)->533K(640K)
[23.634s][info][gc             ] GC(215) Pause Young (Allocation Failure) 3345M->3345M(3786M) 56.081ms
[23.634s][info][gc,cpu         ] GC(215) User=0.14s Sys=0.00s Real=0.06s
[23.681s][info][gc,start       ] GC(216) Pause Young (Allocation Failure)
[23.736s][info][gc,heap        ] GC(216) PSYoungGen: 81088K(219136K)->40640K(210432K) Eden: 40448K(40448K)->0K(45056K) From: 40640K(178688K)->40640K(165376K)
[23.736s][info][gc,heap        ] GC(216) ParOldGen: 3385334K(3658240K)->3426142K(3658240K)
[23.736s][info][gc,metaspace   ] GC(216) Metaspace: 6301K(6464K)->6301K(6464K) NonClass: 5768K(5824K)->5768K(5824K) Class: 533K(640K)->533K(640K)
[23.736s][info][gc             ] GC(216) Pause Young (Allocation Failure) 3385M->3385M(3778M) 55.723ms
[23.737s][info][gc,cpu         ] GC(216) User=0.16s Sys=0.02s Real=0.05s
[23.779s][info][gc,start       ] GC(217) Pause Young (Allocation Failure)
[23.834s][info][gc,heap        ] GC(217) PSYoungGen: 85696K(210432K)->45248K(90624K) Eden: 45056K(45056K)->0K(45056K) From: 40640K(165376K)->45248K(45568K)
[23.834s][info][gc,heap        ] GC(217) ParOldGen: 3426142K(3658240K)->3466950K(3658240K)
[23.834s][info][gc,metaspace   ] GC(217) Metaspace: 6301K(6464K)->6301K(6464K) NonClass: 5768K(5824K)->5768K(5824K) Class: 533K(640K)->533K(640K)
[23.834s][info][gc             ] GC(217) Pause Young (Allocation Failure) 3429M->3429M(3661M) 54.434ms
[23.834s][info][gc,cpu         ] GC(217) User=0.20s Sys=0.00s Real=0.06s
[23.879s][info][gc,start       ] GC(218) Pause Young (Allocation Failure)
[23.936s][info][gc,heap        ] GC(218) PSYoungGen: 90304K(90624K)->45248K(203264K) Eden: 45056K(45056K)->0K(50176K) From: 45248K(45568K)->45248K(153088K)
[23.936s][info][gc,heap        ] GC(218) ParOldGen: 3466950K(3658240K)->3512414K(3658240K)
[23.936s][info][gc,metaspace   ] GC(218) Metaspace: 6301K(6464K)->6301K(6464K) NonClass: 5768K(5824K)->5768K(5824K) Class: 533K(640K)->533K(640K)
[23.936s][info][gc             ] GC(218) Pause Young (Allocation Failure) 3473M->3474M(3771M) 56.437ms
[23.936s][info][gc,cpu         ] GC(218) User=0.16s Sys=0.05s Real=0.06s
[23.988s][info][gc,start       ] GC(219) Pause Young (Allocation Failure)
[24.050s][info][gc,heap        ] GC(219) PSYoungGen: 95424K(203264K)->50400K(100864K) Eden: 50176K(50176K)->0K(50176K) From: 45248K(153088K)->50400K(50688K)
[24.050s][info][gc,heap        ] GC(219) ParOldGen: 3512414K(3658240K)->3557886K(3658240K)
[24.050s][info][gc,metaspace   ] GC(219) Metaspace: 6301K(6464K)->6301K(6464K) NonClass: 5768K(5824K)->5768K(5824K) Class: 533K(640K)->533K(640K)
[24.050s][info][gc             ] GC(219) Pause Young (Allocation Failure) 3523M->3523M(3671M) 61.670ms
[24.050s][info][gc,cpu         ] GC(219) User=0.25s Sys=0.03s Real=0.06s
[24.106s][info][gc,start       ] GC(220) Pause Young (Allocation Failure)
[24.169s][info][gc,heap        ] GC(220) PSYoungGen: 100576K(100864K)->50336K(194560K) Eden: 50176K(50176K)->0K(55808K) From: 50400K(50688K)->50336K(138752K)
[24.169s][info][gc,heap        ] GC(220) ParOldGen: 3557886K(3658240K)->3608518K(3658240K)
[24.169s][info][gc,metaspace   ] GC(220) Metaspace: 6301K(6464K)->6301K(6464K) NonClass: 5768K(5824K)->5768K(5824K) Class: 533K(640K)->533K(640K)
[24.170s][info][gc             ] GC(220) Pause Young (Allocation Failure) 3572M->3573M(3762M) 63.719ms
[24.170s][info][gc,cpu         ] GC(220) User=0.27s Sys=0.02s Real=0.06s
[24.170s][info][gc,start       ] GC(221) Pause Full (Ergonomics)
[24.170s][info][gc,phases,start] GC(221) Marking Phase
[24.997s][info][gc,phases      ] GC(221) Marking Phase 827.537ms
[24.997s][info][gc,phases,start] GC(221) Summary Phase
[24.997s][info][gc,phases      ] GC(221) Summary Phase 0.073ms
[24.997s][info][gc,phases,start] GC(221) Adjust Roots
[24.997s][info][gc,phases      ] GC(221) Adjust Roots 0.165ms
[24.997s][info][gc,phases,start] GC(221) Compaction Phase
[25.347s][info][gc,phases      ] GC(221) Compaction Phase 349.527ms
[25.347s][info][gc,phases,start] GC(221) Post Compact
[25.354s][info][gc,phases      ] GC(221) Post Compact 6.913ms
[25.355s][info][gc,heap        ] GC(221) PSYoungGen: 50336K(194560K)->0K(201216K) Eden: 0K(55808K)->0K(55808K) From: 50336K(138752K)->0K(145408K)
[25.355s][info][gc,heap        ] GC(221) ParOldGen: 3608518K(3658240K)->3655788K(4017152K)
[25.355s][info][gc,metaspace   ] GC(221) Metaspace: 6301K(6464K)->6301K(6464K) NonClass: 5768K(5824K)->5768K(5824K) Class: 533K(640K)->533K(640K)
[25.355s][info][gc             ] GC(221) Pause Full (Ergonomics) 3573M->3570M(4119M) 1185.775ms
[25.355s][info][gc,cpu         ] GC(221) User=8.73s Sys=0.03s Real=1.19s
[25.417s][info][gc,start       ] GC(222) Pause Young (Allocation Failure)
[25.466s][info][gc,heap        ] GC(222) PSYoungGen: 55808K(201216K)->56000K(190976K) Eden: 55808K(55808K)->0K(60928K) From: 0K(145408K)->56000K(130048K)
[25.466s][info][gc,heap        ] GC(222) ParOldGen: 3655788K(4017152K)->3655788K(4017152K)
[25.466s][info][gc,metaspace   ] GC(222) Metaspace: 6301K(6464K)->6301K(6464K) NonClass: 5768K(5824K)->5768K(5824K) Class: 533K(640K)->533K(640K)
[25.466s][info][gc             ] GC(222) Pause Young (Allocation Failure) 3624M->3624M(4109M) 49.538ms
[25.466s][info][gc,cpu         ] GC(222) User=0.08s Sys=0.00s Real=0.05s
[25.529s][info][gc,start       ] GC(223) Pause Young (Allocation Failure)
[25.595s][info][gc,heap        ] GC(223) PSYoungGen: 116928K(190976K)->117024K(199168K) Eden: 60928K(60928K)->0K(60928K) From: 56000K(130048K)->117024K(138240K)
[25.595s][info][gc,heap        ] GC(223) ParOldGen: 3655788K(4017152K)->3655788K(4017152K)
[25.595s][info][gc,metaspace   ] GC(223) Metaspace: 6301K(6464K)->6301K(6464K) NonClass: 5768K(5824K)->5768K(5824K) Class: 533K(640K)->533K(640K)
[25.595s][info][gc             ] GC(223) Pause Young (Allocation Failure) 3684M->3684M(4117M) 66.977ms
[25.596s][info][gc,cpu         ] GC(223) User=0.31s Sys=0.00s Real=0.07s
[25.656s][info][gc,start       ] GC(224) Pause Young (Allocation Failure)
[25.743s][info][gc,heap        ] GC(224) PSYoungGen: 177952K(199168K)->151040K(184832K) Eden: 60928K(60928K)->0K(33792K) From: 117024K(138240K)->151040K(151040K)
[25.743s][info][gc,heap        ] GC(224) ParOldGen: 3655788K(4017152K)->3682916K(4017152K)
[25.743s][info][gc,metaspace   ] GC(224) Metaspace: 6301K(6464K)->6301K(6464K) NonClass: 5768K(5824K)->5768K(5824K) Class: 533K(640K)->533K(640K)
[25.743s][info][gc             ] GC(224) Pause Young (Allocation Failure) 3743M->3744M(4103M) 87.753ms
[25.743s][info][gc,cpu         ] GC(224) User=0.72s Sys=0.03s Real=0.09s
[25.782s][info][gc,start       ] GC(225) Pause Young (Allocation Failure)
[25.875s][info][gc,heap        ] GC(225) PSYoungGen: 184832K(184832K)->84896K(118784K) Eden: 33792K(33792K)->0K(33792K) From: 151040K(151040K)->84896K(84992K)
[25.875s][info][gc,heap        ] GC(225) ParOldGen: 3682916K(4017152K)->3783692K(4017152K)
[25.875s][info][gc,metaspace   ] GC(225) Metaspace: 6301K(6464K)->6301K(6464K) NonClass: 5768K(5824K)->5768K(5824K) Class: 533K(640K)->533K(640K)
[25.875s][info][gc             ] GC(225) Pause Young (Allocation Failure) 3777M->3777M(4039M) 93.927ms
[25.876s][info][gc,cpu         ] GC(225) User=0.62s Sys=0.00s Real=0.10s
[25.912s][info][gc,start       ] GC(226) Pause Young (Allocation Failure)
[25.979s][info][gc,heap        ] GC(226) PSYoungGen: 118688K(118784K)->67744K(198144K) Eden: 33792K(33792K)->0K(37888K) From: 84896K(84992K)->67744K(160256K)
[25.979s][info][gc,heap        ] GC(226) ParOldGen: 3783692K(4017152K)->3835044K(4017152K)
[25.979s][info][gc,metaspace   ] GC(226) Metaspace: 6301K(6464K)->6301K(6464K) NonClass: 5768K(5824K)->5768K(5824K) Class: 533K(640K)->533K(640K)
[25.979s][info][gc             ] GC(226) Pause Young (Allocation Failure) 3810M->3811M(4116M) 67.353ms
[25.979s][info][gc,cpu         ] GC(226) User=0.28s Sys=0.11s Real=0.07s
[26.018s][info][gc,start       ] GC(227) Pause Young (Allocation Failure)
[26.082s][info][gc,heap        ] GC(227) PSYoungGen: 105632K(198144K)->71936K(110080K) Eden: 37888K(37888K)->0K(37888K) From: 67744K(160256K)->71936K(72192K)
[26.082s][info][gc,heap        ] GC(227) ParOldGen: 3835044K(4017152K)->3869124K(4017152K)
[26.082s][info][gc,metaspace   ] GC(227) Metaspace: 6301K(6464K)->6301K(6464K) NonClass: 5768K(5824K)->5768K(5824K) Class: 533K(640K)->533K(640K)
[26.082s][info][gc             ] GC(227) Pause Young (Allocation Failure) 3848M->3848M(4030M) 64.313ms
[26.082s][info][gc,cpu         ] GC(227) User=0.25s Sys=0.02s Real=0.06s
[26.120s][info][gc,start       ] GC(228) Pause Young (Allocation Failure)
[26.187s][info][gc,heap        ] GC(228) PSYoungGen: 109824K(110080K)->76032K(186880K) Eden: 37888K(37888K)->0K(42496K) From: 71936K(72192K)->76032K(144384K)
[26.187s][info][gc,heap        ] GC(228) ParOldGen: 3869124K(4017152K)->3903212K(4017152K)
[26.187s][info][gc,metaspace   ] GC(228) Metaspace: 6301K(6464K)->6301K(6464K) NonClass: 5768K(5824K)->5768K(5824K) Class: 533K(640K)->533K(640K)
[26.187s][info][gc             ] GC(228) Pause Young (Allocation Failure) 3885M->3885M(4105M) 66.434ms
[26.187s][info][gc,cpu         ] GC(228) User=0.27s Sys=0.03s Real=0.07s
[26.230s][info][gc,start       ] GC(229) Pause Young (Allocation Failure)
[26.295s][info][gc,heap        ] GC(229) PSYoungGen: 118528K(186880K)->80640K(123392K) Eden: 42496K(42496K)->0K(42496K) From: 76032K(144384K)->80640K(80896K)
[26.296s][info][gc,heap        ] GC(229) ParOldGen: 3903212K(4017152K)->3941452K(4017152K)
[26.296s][info][gc,metaspace   ] GC(229) Metaspace: 6301K(6464K)->6301K(6464K) NonClass: 5768K(5824K)->5768K(5824K) Class: 533K(640K)->533K(640K)
[26.296s][info][gc             ] GC(229) Pause Young (Allocation Failure) 3927M->3927M(4043M) 66.059ms
[26.296s][info][gc,cpu         ] GC(229) User=0.31s Sys=0.00s Real=0.07s
[26.296s][info][gc,start       ] GC(230) Pause Full (Ergonomics)
[26.296s][info][gc,phases,start] GC(230) Marking Phase
[27.184s][info][gc,phases      ] GC(230) Marking Phase 888.793ms
[27.185s][info][gc,phases,start] GC(230) Summary Phase
[27.185s][info][gc,phases      ] GC(230) Summary Phase 0.074ms
[27.185s][info][gc,phases,start] GC(230) Adjust Roots
[27.185s][info][gc,phases      ] GC(230) Adjust Roots 0.232ms
[27.185s][info][gc,phases,start] GC(230) Compaction Phase
[27.593s][info][gc,phases      ] GC(230) Compaction Phase 408.085ms
[27.593s][info][gc,phases,start] GC(230) Post Compact
[27.601s][info][gc,phases      ] GC(230) Post Compact 7.482ms
[27.602s][info][gc,heap        ] GC(230) PSYoungGen: 80640K(123392K)->2175K(123392K) Eden: 0K(42496K)->0K(42496K) From: 80640K(80896K)->2175K(80896K)
[27.602s][info][gc,heap        ] GC(230) ParOldGen: 3941452K(4017152K)->4016872K(4408320K)
[27.602s][info][gc,metaspace   ] GC(230) Metaspace: 6301K(6464K)->6301K(6464K) NonClass: 5768K(5824K)->5768K(5824K) Class: 533K(640K)->533K(640K)
[27.602s][info][gc             ] GC(230) Pause Full (Ergonomics) 3927M->3924M(4425M) 1306.275ms
[27.602s][info][gc,cpu         ] GC(230) User=9.47s Sys=0.03s Real=1.31s
[27.648s][info][gc,start       ] GC(231) Pause Young (Allocation Failure)
[27.843s][info][gc,heap        ] GC(231) PSYoungGen: 44671K(123392K)->42688K(189952K) Eden: 42496K(42496K)->0K(47104K) From: 2175K(80896K)->42688K(142848K)
[27.843s][info][gc,heap        ] GC(231) ParOldGen: 4016872K(4408320K)->4019104K(4408320K)
[27.843s][info][gc,metaspace   ] GC(231) Metaspace: 6301K(6464K)->6301K(6464K) NonClass: 5768K(5824K)->5768K(5824K) Class: 533K(640K)->533K(640K)
[27.844s][info][gc             ] GC(231) Pause Young (Allocation Failure) 3966M->3966M(4490M) 195.152ms
[27.844s][info][gc,cpu         ] GC(231) User=1.25s Sys=0.00s Real=0.19s
[27.899s][info][gc,start       ] GC(232) Pause Young (Allocation Failure)
[27.964s][info][gc,heap        ] GC(232) PSYoungGen: 89792K(189952K)->89856K(192000K) Eden: 47104K(47104K)->0K(47104K) From: 42688K(142848K)->89856K(144896K)
[27.965s][info][gc,heap        ] GC(232) ParOldGen: 4019104K(4408320K)->4019104K(4408320K)
[27.965s][info][gc,metaspace   ] GC(232) Metaspace: 6301K(6464K)->6301K(6464K) NonClass: 5768K(5824K)->5768K(5824K) Class: 533K(640K)->533K(640K)
[27.965s][info][gc             ] GC(232) Pause Young (Allocation Failure) 4012M->4012M(4492M) 65.809ms
[27.965s][info][gc,cpu         ] GC(232) User=0.28s Sys=0.00s Real=0.07s
[28.014s][info][gc,start       ] GC(233) Pause Young (Allocation Failure)
[28.091s][info][gc,heap        ] GC(233) PSYoungGen: 136960K(192000K)->136992K(180224K) Eden: 47104K(47104K)->0K(36352K) From: 89856K(144896K)->136992K(143872K)
[28.091s][info][gc,heap        ] GC(233) ParOldGen: 4019104K(4408320K)->4019104K(4408320K)
[28.091s][info][gc,metaspace   ] GC(233) Metaspace: 6301K(6464K)->6301K(6464K) NonClass: 5768K(5824K)->5768K(5824K) Class: 533K(640K)->533K(640K)
[28.091s][info][gc             ] GC(233) Pause Young (Allocation Failure) 4058M->4058M(4481M) 76.666ms
[28.091s][info][gc,cpu         ] GC(233) User=0.42s Sys=0.00s Real=0.08s
[28.126s][info][gc,start       ] GC(234) Pause Young (Allocation Failure)
[28.213s][info][gc,heap        ] GC(234) PSYoungGen: 173344K(180224K)->130880K(196096K) Eden: 36352K(36352K)->0K(36352K) From: 136992K(143872K)->130880K(159744K)
[28.213s][info][gc,heap        ] GC(234) ParOldGen: 4019104K(4408320K)->4061976K(4408320K)
[28.213s][info][gc,metaspace   ] GC(234) Metaspace: 6301K(6464K)->6301K(6464K) NonClass: 5768K(5824K)->5768K(5824K) Class: 533K(640K)->533K(640K)
[28.213s][info][gc             ] GC(234) Pause Young (Allocation Failure) 4094M->4094M(4496M) 87.224ms
[28.213s][info][gc,cpu         ] GC(234) User=0.62s Sys=0.00s Real=0.09s
[28.248s][info][gc,start       ] GC(235) Pause Young (Allocation Failure)
[28.334s][info][gc,heap        ] GC(235) PSYoungGen: 167232K(196096K)->120128K(206848K) Eden: 36352K(36352K)->0K(36864K) From: 130880K(159744K)->120128K(169984K)
[28.334s][info][gc,heap        ] GC(235) ParOldGen: 4061976K(4408320K)->4109488K(4408320K)
[28.334s][info][gc,metaspace   ] GC(235) Metaspace: 6301K(6464K)->6301K(6464K) NonClass: 5768K(5824K)->5768K(5824K) Class: 533K(640K)->533K(640K)
[28.334s][info][gc             ] GC(235) Pause Young (Allocation Failure) 4130M->4130M(4507M) 86.004ms
[28.334s][info][gc,cpu         ] GC(235) User=0.53s Sys=0.02s Real=0.09s
[28.375s][info][gc,start       ] GC(236) Pause Young (Allocation Failure)
[28.457s][info][gc,heap        ] GC(236) PSYoungGen: 156992K(206848K)->73440K(110592K) Eden: 36864K(36864K)->0K(36864K) From: 120128K(169984K)->73440K(73728K)
[28.457s][info][gc,heap        ] GC(236) ParOldGen: 4109488K(4408320K)->4193648K(4408320K)
[28.457s][info][gc,metaspace   ] GC(236) Metaspace: 6301K(6464K)->6301K(6464K) NonClass: 5768K(5824K)->5768K(5824K) Class: 533K(640K)->533K(640K)
[28.457s][info][gc             ] GC(236) Pause Young (Allocation Failure) 4166M->4167M(4413M) 82.458ms
[28.457s][info][gc,cpu         ] GC(236) User=0.48s Sys=0.03s Real=0.08s
[28.500s][info][gc,start       ] GC(237) Pause Young (Allocation Failure)
[28.568s][info][gc,heap        ] GC(237) PSYoungGen: 110304K(110592K)->37024K(209408K) Eden: 36864K(36864K)->0K(40960K) From: 73440K(73728K)->37024K(168448K)
[28.568s][info][gc,heap        ] GC(237) ParOldGen: 4193648K(4408320K)->4267488K(4408320K)
[28.568s][info][gc,metaspace   ] GC(237) Metaspace: 6301K(6464K)->6301K(6464K) NonClass: 5768K(5824K)->5768K(5824K) Class: 533K(640K)->533K(640K)
[28.568s][info][gc             ] GC(237) Pause Young (Allocation Failure) 4203M->4203M(4509M) 67.904ms
[28.568s][info][gc,cpu         ] GC(237) User=0.27s Sys=0.03s Real=0.07s
[28.620s][info][gc,start       ] GC(238) Pause Young (Allocation Failure)
[28.684s][info][gc,heap        ] GC(238) PSYoungGen: 77984K(209408K)->41120K(210432K) Eden: 40960K(40960K)->0K(40960K) From: 37024K(168448K)->41120K(169472K)
[28.685s][info][gc,heap        ] GC(238) ParOldGen: 4267488K(4408320K)->4304688K(4408320K)
[28.685s][info][gc,metaspace   ] GC(238) Metaspace: 6301K(6464K)->6301K(6464K) NonClass: 5768K(5824K)->5768K(5824K) Class: 533K(640K)->533K(640K)
[28.685s][info][gc             ] GC(238) Pause Young (Allocation Failure) 4243M->4243M(4510M) 64.520ms
[28.685s][info][gc,cpu         ] GC(238) User=0.28s Sys=0.00s Real=0.06s
[28.728s][info][gc,start       ] GC(239) Pause Young (Allocation Failure)
[28.792s][info][gc,heap        ] GC(239) PSYoungGen: 82080K(210432K)->41120K(208896K) Eden: 40960K(40960K)->0K(46080K) From: 41120K(169472K)->41120K(162816K)
[28.792s][info][gc,heap        ] GC(239) ParOldGen: 4304688K(4408320K)->4346016K(4408320K)
[28.792s][info][gc,metaspace   ] GC(239) Metaspace: 6301K(6464K)->6301K(6464K) NonClass: 5768K(5824K)->5768K(5824K) Class: 533K(640K)->533K(640K)
[28.792s][info][gc             ] GC(239) Pause Young (Allocation Failure) 4283M->4284M(4509M) 64.414ms
[28.792s][info][gc,cpu         ] GC(239) User=0.22s Sys=0.02s Real=0.06s
[28.793s][info][gc,start       ] GC(240) Pause Full (Ergonomics)
[28.793s][info][gc,phases,start] GC(240) Marking Phase
[29.802s][info][gc,phases      ] GC(240) Marking Phase 1009.284ms
[29.802s][info][gc,phases,start] GC(240) Summary Phase
[29.802s][info][gc,phases      ] GC(240) Summary Phase 0.083ms
[29.802s][info][gc,phases,start] GC(240) Adjust Roots
[29.802s][info][gc,phases      ] GC(240) Adjust Roots 0.161ms
[29.802s][info][gc,phases,start] GC(240) Compaction Phase
[30.191s][info][gc,phases      ] GC(240) Compaction Phase 388.761ms
[30.191s][info][gc,phases,start] GC(240) Post Compact
[30.198s][info][gc,phases      ] GC(240) Post Compact 6.531ms
[30.199s][info][gc,heap        ] GC(240) PSYoungGen: 41120K(208896K)->0K(211456K) Eden: 0K(46080K)->0K(46080K) From: 41120K(162816K)->0K(165376K)
[30.199s][info][gc,heap        ] GC(240) ParOldGen: 4346016K(4408320K)->4383827K(4822016K)
[30.199s][info][gc,metaspace   ] GC(240) Metaspace: 6301K(6464K)->6301K(6464K) NonClass: 5768K(5824K)->5768K(5824K) Class: 533K(640K)->533K(640K)
[30.199s][info][gc             ] GC(240) Pause Full (Ergonomics) 4284M->4281M(4915M) 1406.341ms
[30.199s][info][gc,cpu         ] GC(240) User=10.50s Sys=0.02s Real=1.41s
[30.248s][info][gc,start       ] GC(241) Pause Young (Allocation Failure)
[30.292s][info][gc,heap        ] GC(241) PSYoungGen: 46080K(211456K)->46240K(206848K) Eden: 46080K(46080K)->0K(50688K) From: 0K(165376K)->46240K(156160K)
[30.292s][info][gc,heap        ] GC(241) ParOldGen: 4383827K(4822016K)->4383827K(4822016K)
[30.292s][info][gc,metaspace   ] GC(241) Metaspace: 6301K(6464K)->6301K(6464K) NonClass: 5768K(5824K)->5768K(5824K) Class: 533K(640K)->533K(640K)
[30.292s][info][gc             ] GC(241) Pause Young (Allocation Failure) 4326M->4326M(4911M) 43.500ms
[30.292s][info][gc,cpu         ] GC(241) User=0.08s Sys=0.00s Real=0.04s
[30.341s][info][gc,start       ] GC(242) Pause Young (Allocation Failure)
[30.401s][info][gc,heap        ] GC(242) PSYoungGen: 96928K(206848K)->96992K(211968K) Eden: 50688K(50688K)->0K(50688K) From: 46240K(156160K)->96992K(161280K)
[30.401s][info][gc,heap        ] GC(242) ParOldGen: 4383827K(4822016K)->4383827K(4822016K)
[30.401s][info][gc,metaspace   ] GC(242) Metaspace: 6301K(6464K)->6301K(6464K) NonClass: 5768K(5824K)->5768K(5824K) Class: 533K(640K)->533K(640K)
[30.401s][info][gc             ] GC(242) Pause Young (Allocation Failure) 4375M->4375M(4916M) 60.589ms
[30.401s][info][gc,cpu         ] GC(242) User=0.28s Sys=0.00s Real=0.06s
[30.458s][info][gc,start       ] GC(243) Pause Young (Allocation Failure)
[30.533s][info][gc,heap        ] GC(243) PSYoungGen: 147680K(211968K)->147808K(199680K) Eden: 50688K(50688K)->0K(37888K) From: 96992K(161280K)->147808K(161792K)
[30.533s][info][gc,heap        ] GC(243) ParOldGen: 4383827K(4822016K)->4383827K(4822016K)
[30.533s][info][gc,metaspace   ] GC(243) Metaspace: 6301K(6464K)->6301K(6464K) NonClass: 5768K(5824K)->5768K(5824K) Class: 533K(640K)->533K(640K)
[30.534s][info][gc             ] GC(243) Pause Young (Allocation Failure) 4425M->4425M(4904M) 75.665ms
[30.534s][info][gc,cpu         ] GC(243) User=0.41s Sys=0.00s Real=0.08s
[30.581s][info][gc,start       ] GC(244) Pause Young (Allocation Failure)
[30.671s][info][gc,heap        ] GC(244) PSYoungGen: 185696K(199680K)->139648K(217600K) Eden: 37888K(37888K)->0K(37888K) From: 147808K(161792K)->139648K(179712K)
[30.671s][info][gc,heap        ] GC(244) ParOldGen: 4383827K(4822016K)->4430315K(4822016K)
[30.672s][info][gc,metaspace   ] GC(244) Metaspace: 6301K(6464K)->6301K(6464K) NonClass: 5768K(5824K)->5768K(5824K) Class: 533K(640K)->533K(640K)
[30.672s][info][gc             ] GC(244) Pause Young (Allocation Failure) 4462M->4462M(4921M) 90.139ms
[30.672s][info][gc,cpu         ] GC(244) User=0.62s Sys=0.00s Real=0.09s
[30.715s][info][gc,start       ] GC(245) Pause Young (Allocation Failure)
[30.805s][info][gc,heap        ] GC(245) PSYoungGen: 177536K(217600K)->126752K(229888K) Eden: 37888K(37888K)->0K(38400K) From: 139648K(179712K)->126752K(191488K)
[30.805s][info][gc,heap        ] GC(245) ParOldGen: 4430315K(4822016K)->4481467K(4822016K)
[30.805s][info][gc,metaspace   ] GC(245) Metaspace: 6301K(6464K)->6301K(6464K) NonClass: 5768K(5824K)->5768K(5824K) Class: 533K(640K)->533K(640K)
[30.805s][info][gc             ] GC(245) Pause Young (Allocation Failure) 4499M->4500M(4933M) 90.543ms
[30.805s][info][gc,cpu         ] GC(245) User=0.58s Sys=0.03s Real=0.09s
[30.847s][info][gc,start       ] GC(246) Pause Young (Allocation Failure)
[30.932s][info][gc,heap        ] GC(246) PSYoungGen: 165152K(229888K)->114432K(233984K) Eden: 38400K(38400K)->0K(38400K) From: 126752K(191488K)->114432K(195584K)
[30.932s][info][gc,heap        ] GC(246) ParOldGen: 4481467K(4822016K)->4532619K(4822016K)
[30.932s][info][gc,metaspace   ] GC(246) Metaspace: 6301K(6464K)->6301K(6464K) NonClass: 5768K(5824K)->5768K(5824K) Class: 533K(640K)->533K(640K)
[30.932s][info][gc             ] GC(246) Pause Young (Allocation Failure) 4537M->4538M(4937M) 85.601ms
[30.933s][info][gc,cpu         ] GC(246) User=0.48s Sys=0.03s Real=0.09s
[30.972s][info][gc,start       ] GC(247) Pause Young (Allocation Failure)
[31.051s][info][gc,heap        ] GC(247) PSYoungGen: 152832K(233984K)->114944K(233472K) Eden: 38400K(38400K)->0K(43520K) From: 114432K(195584K)->114944K(189952K)
[31.051s][info][gc,heap        ] GC(247) ParOldGen: 4532619K(4822016K)->4570835K(4822016K)
[31.051s][info][gc,metaspace   ] GC(247) Metaspace: 6301K(6464K)->6301K(6464K) NonClass: 5768K(5824K)->5768K(5824K) Class: 533K(640K)->533K(640K)
[31.051s][info][gc             ] GC(247) Pause Young (Allocation Failure) 4575M->4575M(4937M) 78.730ms
[31.051s][info][gc,cpu         ] GC(247) User=0.47s Sys=0.03s Real=0.08s
[31.097s][info][gc,start       ] GC(248) Pause Young (Allocation Failure)
[31.181s][info][gc,heap        ] GC(248) PSYoungGen: 158464K(233472K)->82176K(125952K) Eden: 43520K(43520K)->0K(43520K) From: 114944K(189952K)->82176K(82432K)
[31.181s][info][gc,heap        ] GC(248) ParOldGen: 4570835K(4822016K)->4647779K(4822016K)
[31.181s][info][gc,metaspace   ] GC(248) Metaspace: 6301K(6464K)->6301K(6464K) NonClass: 5768K(5824K)->5768K(5824K) Class: 533K(640K)->533K(640K)
[31.181s][info][gc             ] GC(248) Pause Young (Allocation Failure) 4618M->4619M(4832M) 83.972ms
[31.181s][info][gc,cpu         ] GC(248) User=0.45s Sys=0.03s Real=0.09s
[31.231s][info][gc,start       ] GC(249) Pause Young (Allocation Failure)
[31.303s][info][gc,heap        ] GC(249) PSYoungGen: 125696K(125952K)->43712K(232448K) Eden: 43520K(43520K)->0K(49152K) From: 82176K(82432K)->43712K(183296K)
[31.303s][info][gc,heap        ] GC(249) ParOldGen: 4647779K(4822016K)->4730403K(4822016K)
[31.303s][info][gc,metaspace   ] GC(249) Metaspace: 6301K(6464K)->6301K(6464K) NonClass: 5768K(5824K)->5768K(5824K) Class: 533K(640K)->533K(640K)
[31.303s][info][gc             ] GC(249) Pause Young (Allocation Failure) 4661M->4662M(4936M) 72.339ms
[31.303s][info][gc,cpu         ] GC(249) User=0.31s Sys=0.02s Real=0.07s
[31.303s][info][gc,start       ] GC(250) Pause Full (Ergonomics)
[31.303s][info][gc,phases,start] GC(250) Marking Phase
[32.376s][info][gc,phases      ] GC(250) Marking Phase 1072.193ms
[32.376s][info][gc,phases,start] GC(250) Summary Phase
[32.376s][info][gc,phases      ] GC(250) Summary Phase 0.076ms
[32.376s][info][gc,phases,start] GC(250) Adjust Roots
[32.376s][info][gc,phases      ] GC(250) Adjust Roots 0.164ms
[32.376s][info][gc,phases,start] GC(250) Compaction Phase
[32.780s][info][gc,phases      ] GC(250) Compaction Phase 403.764ms
[32.780s][info][gc,phases,start] GC(250) Post Compact
[32.787s][info][gc,phases      ] GC(250) Post Compact 7.082ms
[32.788s][info][gc,heap        ] GC(250) PSYoungGen: 43712K(232448K)->0K(232960K) Eden: 0K(49152K)->0K(49152K) From: 43712K(183296K)->0K(183808K)
[32.788s][info][gc,heap        ] GC(250) ParOldGen: 4730403K(4822016K)->4770610K(5260800K)
[32.788s][info][gc,metaspace   ] GC(250) Metaspace: 6301K(6464K)->6301K(6464K) NonClass: 5768K(5824K)->5768K(5824K) Class: 533K(640K)->533K(640K)
[32.788s][info][gc             ] GC(250) Pause Full (Ergonomics) 4662M->4658M(5365M) 1484.862ms
[32.788s][info][gc,cpu         ] GC(250) User=11.05s Sys=0.02s Real=1.48s
[32.848s][info][gc,start       ] GC(251) Pause Young (Allocation Failure)
[32.895s][info][gc,heap        ] GC(251) PSYoungGen: 49152K(232960K)->49344K(231424K) Eden: 49152K(49152K)->0K(54272K) From: 0K(183808K)->49344K(177152K)
[32.895s][info][gc,heap        ] GC(251) ParOldGen: 4770610K(5260800K)->4770610K(5260800K)
[32.895s][info][gc,metaspace   ] GC(251) Metaspace: 6301K(6464K)->6301K(6464K) NonClass: 5768K(5824K)->5768K(5824K) Class: 533K(640K)->533K(640K)
[32.895s][info][gc             ] GC(251) Pause Young (Allocation Failure) 4706M->4706M(5363M) 47.772ms
[32.896s][info][gc,cpu         ] GC(251) User=0.16s Sys=0.00s Real=0.05s
[32.951s][info][gc,start       ] GC(252) Pause Young (Allocation Failure)
[33.016s][info][gc,heap        ] GC(252) PSYoungGen: 103616K(231424K)->103712K(235520K) Eden: 54272K(54272K)->0K(54272K) From: 49344K(177152K)->103712K(181248K)
[33.016s][info][gc,heap        ] GC(252) ParOldGen: 4770610K(5260800K)->4770610K(5260800K)
[33.016s][info][gc,metaspace   ] GC(252) Metaspace: 6301K(6464K)->6301K(6464K) NonClass: 5768K(5824K)->5768K(5824K) Class: 533K(640K)->533K(640K)
[33.016s][info][gc             ] GC(252) Pause Young (Allocation Failure) 4759M->4760M(5367M) 65.188ms
[33.016s][info][gc,cpu         ] GC(252) User=0.28s Sys=0.00s Real=0.07s
[33.074s][info][gc,start       ] GC(253) Pause Young (Allocation Failure)
[33.154s][info][gc,heap        ] GC(253) PSYoungGen: 157984K(235520K)->158112K(221696K) Eden: 54272K(54272K)->0K(43008K) From: 103712K(181248K)->158112K(178688K)
[33.154s][info][gc,heap        ] GC(253) ParOldGen: 4770610K(5260800K)->4770610K(5260800K)
[33.154s][info][gc,metaspace   ] GC(253) Metaspace: 6301K(6464K)->6301K(6464K) NonClass: 5768K(5824K)->5768K(5824K) Class: 533K(640K)->533K(640K)
[33.154s][info][gc             ] GC(253) Pause Young (Allocation Failure) 4813M->4813M(5354M) 80.540ms
[33.154s][info][gc,cpu         ] GC(253) User=0.50s Sys=0.03s Real=0.08s
[33.198s][info][gc,start       ] GC(254) Pause Young (Allocation Failure)
[33.302s][info][gc,heap        ] GC(254) PSYoungGen: 201120K(221696K)->151936K(238592K) Eden: 43008K(43008K)->0K(43008K) From: 158112K(178688K)->151936K(195584K)
[33.302s][info][gc,heap        ] GC(254) ParOldGen: 4770610K(5260800K)->4820218K(5260800K)
[33.302s][info][gc,metaspace   ] GC(254) Metaspace: 6301K(6464K)->6301K(6464K) NonClass: 5768K(5824K)->5768K(5824K) Class: 533K(640K)->533K(640K)
[33.302s][info][gc             ] GC(254) Pause Young (Allocation Failure) 4855M->4855M(5370M) 103.961ms
[33.302s][info][gc,cpu         ] GC(254) User=0.73s Sys=0.02s Real=0.10s
[33.350s][info][gc,start       ] GC(255) Pause Young (Allocation Failure)
[33.445s][info][gc,heap        ] GC(255) PSYoungGen: 194944K(238592K)->140640K(250880K) Eden: 43008K(43008K)->0K(44032K) From: 151936K(195584K)->140640K(206848K)
[33.445s][info][gc,heap        ] GC(255) ParOldGen: 4820218K(5260800K)->4874978K(5260800K)
[33.445s][info][gc,metaspace   ] GC(255) Metaspace: 6301K(6464K)->6301K(6464K) NonClass: 5768K(5824K)->5768K(5824K) Class: 533K(640K)->533K(640K)
[33.445s][info][gc             ] GC(255) Pause Young (Allocation Failure) 4897M->4898M(5382M) 94.994ms
[33.445s][info][gc,cpu         ] GC(255) User=0.64s Sys=0.00s Real=0.09s
[33.496s][info][gc,start       ] GC(256) Pause Young (Allocation Failure)
[33.591s][info][gc,heap        ] GC(256) PSYoungGen: 184672K(250880K)->130368K(254976K) Eden: 44032K(44032K)->0K(44032K) From: 140640K(206848K)->130368K(210944K)
[33.591s][info][gc,heap        ] GC(256) ParOldGen: 4874978K(5260800K)->4929746K(5260800K)
[33.591s][info][gc,metaspace   ] GC(256) Metaspace: 6301K(6464K)->6301K(6464K) NonClass: 5768K(5824K)->5768K(5824K) Class: 533K(640K)->533K(640K)
[33.591s][info][gc             ] GC(256) Pause Young (Allocation Failure) 4941M->4941M(5386M) 95.258ms
[33.591s][info][gc,cpu         ] GC(256) User=0.59s Sys=0.05s Real=0.10s
[33.640s][info][gc,start       ] GC(257) Pause Young (Allocation Failure)
[33.733s][info][gc,heap        ] GC(257) PSYoungGen: 174400K(254976K)->131360K(258560K) Eden: 44032K(44032K)->0K(50176K) From: 130368K(210944K)->131360K(208384K)
[33.733s][info][gc,heap        ] GC(257) ParOldGen: 4929746K(5260800K)->4973138K(5260800K)
[33.733s][info][gc,metaspace   ] GC(257) Metaspace: 6301K(6464K)->6301K(6464K) NonClass: 5768K(5824K)->5768K(5824K) Class: 533K(640K)->533K(640K)
[33.733s][info][gc             ] GC(257) Pause Young (Allocation Failure) 4984M->4984M(5390M) 92.583ms
[33.733s][info][gc,cpu         ] GC(257) User=0.72s Sys=0.03s Real=0.09s
[33.787s][info][gc,start       ] GC(258) Pause Young (Allocation Failure)
[33.884s][info][gc,heap        ] GC(258) PSYoungGen: 181536K(258560K)->94528K(144896K) Eden: 50176K(50176K)->0K(50176K) From: 131360K(208384K)->94528K(94720K)
[33.884s][info][gc,heap        ] GC(258) ParOldGen: 4973138K(5260800K)->5060930K(5260800K)
[33.884s][info][gc,metaspace   ] GC(258) Metaspace: 6301K(6464K)->6301K(6464K) NonClass: 5768K(5824K)->5768K(5824K) Class: 533K(640K)->533K(640K)
[33.884s][info][gc             ] GC(258) Pause Young (Allocation Failure) 5033M->5034M(5279M) 96.984ms
[33.884s][info][gc,cpu         ] GC(258) User=0.62s Sys=0.02s Real=0.10s
[33.941s][info][gc,start       ] GC(259) Pause Young (Allocation Failure)
[34.022s][info][gc,heap        ] GC(259) PSYoungGen: 144704K(144896K)->50400K(258560K) Eden: 50176K(50176K)->0K(56832K) From: 94528K(94720K)->50400K(201728K)
[34.022s][info][gc,heap        ] GC(259) ParOldGen: 5060930K(5260800K)->5155962K(5260800K)
[34.022s][info][gc,metaspace   ] GC(259) Metaspace: 6301K(6464K)->6301K(6464K) NonClass: 5768K(5824K)->5768K(5824K) Class: 533K(640K)->533K(640K)
[34.022s][info][gc             ] GC(259) Pause Young (Allocation Failure) 5083M->5084M(5390M) 80.793ms
[34.022s][info][gc,cpu         ] GC(259) User=0.44s Sys=0.08s Real=0.08s
[34.022s][info][gc,start       ] GC(260) Pause Full (Ergonomics)
[34.022s][info][gc,phases,start] GC(260) Marking Phase
[35.206s][info][gc,phases      ] GC(260) Marking Phase 1184.033ms
[35.206s][info][gc,phases,start] GC(260) Summary Phase
[35.206s][info][gc,phases      ] GC(260) Summary Phase 0.087ms
[35.206s][info][gc,phases,start] GC(260) Adjust Roots
[35.206s][info][gc,phases      ] GC(260) Adjust Roots 0.161ms
[35.206s][info][gc,phases,start] GC(260) Compaction Phase
[35.626s][info][gc,phases      ] GC(260) Compaction Phase 419.407ms
[35.626s][info][gc,phases,start] GC(260) Post Compact
[35.633s][info][gc,phases      ] GC(260) Post Compact 7.433ms
[35.635s][info][gc,heap        ] GC(260) PSYoungGen: 50400K(258560K)->0K(258560K) Eden: 0K(56832K)->0K(56832K) From: 50400K(201728K)->0K(201728K)
[35.635s][info][gc,heap        ] GC(260) ParOldGen: 5155962K(5260800K)->5202448K(5750784K)
[35.635s][info][gc,metaspace   ] GC(260) Metaspace: 6301K(6464K)->6301K(6464K) NonClass: 5768K(5824K)->5768K(5824K) Class: 533K(640K)->533K(640K)
[35.635s][info][gc             ] GC(260) Pause Full (Ergonomics) 5084M->5080M(5868M) 1612.932ms
[35.635s][info][gc,cpu         ] GC(260) User=12.16s Sys=0.12s Real=1.61s
[35.707s][info][gc,start       ] GC(261) Pause Young (Allocation Failure)
[35.755s][info][gc,heap        ] GC(261) PSYoungGen: 56832K(258560K)->57056K(258048K) Eden: 56832K(56832K)->0K(62464K) From: 0K(201728K)->57056K(195584K)
[35.755s][info][gc,heap        ] GC(261) ParOldGen: 5202448K(5750784K)->5202448K(5750784K)
[35.755s][info][gc,metaspace   ] GC(261) Metaspace: 6301K(6464K)->6301K(6464K) NonClass: 5768K(5824K)->5768K(5824K) Class: 533K(640K)->533K(640K)
[35.755s][info][gc             ] GC(261) Pause Young (Allocation Failure) 5136M->5136M(5868M) 47.833ms
[35.755s][info][gc,cpu         ] GC(261) User=0.16s Sys=0.00s Real=0.05s
[35.827s][info][gc,start       ] GC(262) Pause Young (Allocation Failure)
[35.896s][info][gc,heap        ] GC(262) PSYoungGen: 119520K(258048K)->119616K(262144K) Eden: 62464K(62464K)->0K(62464K) From: 57056K(195584K)->119616K(199680K)
[35.896s][info][gc,heap        ] GC(262) ParOldGen: 5202448K(5750784K)->5202448K(5750784K)
[35.896s][info][gc,metaspace   ] GC(262) Metaspace: 6301K(6464K)->6301K(6464K) NonClass: 5768K(5824K)->5768K(5824K) Class: 533K(640K)->533K(640K)
[35.897s][info][gc             ] GC(262) Pause Young (Allocation Failure) 5197M->5197M(5872M) 69.936ms
[35.897s][info][gc,cpu         ] GC(262) User=0.41s Sys=0.00s Real=0.07s
[35.965s][info][gc,start       ] GC(263) Pause Young (Allocation Failure)
[36.059s][info][gc,heap        ] GC(263) PSYoungGen: 182080K(262144K)->182176K(245760K) Eden: 62464K(62464K)->0K(48128K) From: 119616K(199680K)->182176K(197632K)
[36.059s][info][gc,heap        ] GC(263) ParOldGen: 5202448K(5750784K)->5202448K(5750784K)
[36.059s][info][gc,metaspace   ] GC(263) Metaspace: 6301K(6464K)->6301K(6464K) NonClass: 5768K(5824K)->5768K(5824K) Class: 533K(640K)->533K(640K)
[36.059s][info][gc             ] GC(263) Pause Young (Allocation Failure) 5258M->5258M(5856M) 93.902ms
[36.059s][info][gc,cpu         ] GC(263) User=0.62s Sys=0.02s Real=0.09s
[36.112s][info][gc,start       ] GC(264) Pause Young (Allocation Failure)
[36.231s][info][gc,heap        ] GC(264) PSYoungGen: 230304K(245760K)->218112K(266240K) Eden: 48128K(48128K)->0K(48128K) From: 182176K(197632K)->218112K(218112K)
[36.231s][info][gc,heap        ] GC(264) ParOldGen: 5202448K(5750784K)->5214704K(5750784K)
[36.231s][info][gc,metaspace   ] GC(264) Metaspace: 6301K(6464K)->6301K(6464K) NonClass: 5768K(5824K)->5768K(5824K) Class: 533K(640K)->533K(640K)
[36.231s][info][gc             ] GC(264) Pause Young (Allocation Failure) 5305M->5305M(5876M) 118.806ms
[36.231s][info][gc,cpu         ] GC(264) User=0.75s Sys=0.00s Real=0.12s
[36.291s][info][gc,start       ] GC(265) Pause Young (Allocation Failure)
[36.449s][info][gc,heap        ] GC(265) PSYoungGen: 266240K(266240K)->152960K(305152K) Eden: 48128K(48128K)->0K(54272K) From: 218112K(218112K)->152960K(250880K)
[36.449s][info][gc,heap        ] GC(265) ParOldGen: 5214704K(5750784K)->5329000K(5750784K)
[36.449s][info][gc,metaspace   ] GC(265) Metaspace: 6301K(6464K)->6301K(6464K) NonClass: 5768K(5824K)->5768K(5824K) Class: 533K(640K)->533K(640K)
[36.449s][info][gc             ] GC(265) Pause Young (Allocation Failure) 5352M->5353M(5914M) 157.964ms
[36.449s][info][gc,cpu         ] GC(265) User=1.02s Sys=0.09s Real=0.16s
[36.512s][info][gc,start       ] GC(266) Pause Young (Allocation Failure)
[36.631s][info][gc,heap        ] GC(266) PSYoungGen: 207232K(305152K)->147712K(305664K) Eden: 54272K(54272K)->0K(54272K) From: 152960K(250880K)->147712K(251392K)
[36.631s][info][gc,heap        ] GC(266) ParOldGen: 5329000K(5750784K)->5389088K(5750784K)
[36.631s][info][gc,metaspace   ] GC(266) Metaspace: 6301K(6464K)->6301K(6464K) NonClass: 5768K(5824K)->5768K(5824K) Class: 533K(640K)->533K(640K)
[36.631s][info][gc             ] GC(266) Pause Young (Allocation Failure) 5406M->5407M(5914M) 118.527ms
[36.631s][info][gc,cpu         ] GC(266) User=0.77s Sys=0.02s Real=0.12s
[36.692s][info][gc,start       ] GC(267) Pause Young (Allocation Failure)
[36.804s][info][gc,heap        ] GC(267) PSYoungGen: 201984K(305664K)->157024K(307200K) Eden: 54272K(54272K)->0K(61440K) From: 147712K(251392K)->157024K(245760K)
[36.804s][info][gc,heap        ] GC(267) ParOldGen: 5389088K(5750784K)->5434472K(5750784K)
[36.804s][info][gc,metaspace   ] GC(267) Metaspace: 6301K(6464K)->6301K(6464K) NonClass: 5768K(5824K)->5768K(5824K) Class: 533K(640K)->533K(640K)
[36.804s][info][gc             ] GC(267) Pause Young (Allocation Failure) 5460M->5460M(5916M) 111.838ms
[36.804s][info][gc,cpu         ] GC(267) User=0.70s Sys=0.05s Real=0.11s
[36.871s][info][gc,start       ] GC(268) Pause Young (Allocation Failure)
[36.994s][info][gc,heap        ] GC(268) PSYoungGen: 218464K(307200K)->116000K(177664K) Eden: 61440K(61440K)->0K(61440K) From: 157024K(245760K)->116000K(116224K)
[36.994s][info][gc,heap        ] GC(268) ParOldGen: 5434472K(5750784K)->5537784K(5750784K)
[36.995s][info][gc,metaspace   ] GC(268) Metaspace: 6301K(6464K)->6301K(6464K) NonClass: 5768K(5824K)->5768K(5824K) Class: 533K(640K)->533K(640K)
[36.995s][info][gc             ] GC(268) Pause Young (Allocation Failure) 5520M->5521M(5789M) 124.020ms
[36.995s][info][gc,cpu         ] GC(268) User=0.83s Sys=0.05s Real=0.12s
[37.075s][info][gc,start       ] GC(269) Pause Young (Allocation Failure)
[37.176s][info][gc,heap        ] GC(269) PSYoungGen: 177440K(177664K)->61664K(306688K) Eden: 61440K(61440K)->0K(69120K) From: 116000K(116224K)->61664K(237568K)
[37.176s][info][gc,heap        ] GC(269) ParOldGen: 5537784K(5750784K)->5654552K(5750784K)
[37.176s][info][gc,metaspace   ] GC(269) Metaspace: 6301K(6464K)->6301K(6464K) NonClass: 5768K(5824K)->5768K(5824K) Class: 533K(640K)->533K(640K)
[37.176s][info][gc             ] GC(269) Pause Young (Allocation Failure) 5581M->5582M(5915M) 101.201ms
[37.176s][info][gc,cpu         ] GC(269) User=0.58s Sys=0.08s Real=0.10s
[37.176s][info][gc,start       ] GC(270) Pause Full (Ergonomics)
[37.176s][info][gc,phases,start] GC(270) Marking Phase
[38.484s][info][gc,phases      ] GC(270) Marking Phase 1308.356ms
[38.485s][info][gc,phases,start] GC(270) Summary Phase
[38.485s][info][gc,phases      ] GC(270) Summary Phase 0.094ms
[38.485s][info][gc,phases,start] GC(270) Adjust Roots
[38.485s][info][gc,phases      ] GC(270) Adjust Roots 0.186ms
[38.485s][info][gc,phases,start] GC(270) Compaction Phase
[38.991s][info][gc,phases      ] GC(270) Compaction Phase 505.718ms
[38.991s][info][gc,phases,start] GC(270) Post Compact
[39.000s][info][gc,phases      ] GC(270) Post Compact 8.996ms
[39.001s][info][gc,heap        ] GC(270) PSYoungGen: 61664K(306688K)->0K(306688K) Eden: 0K(69120K)->0K(69120K) From: 61664K(237568K)->0K(237568K)
[39.002s][info][gc,heap        ] GC(270) ParOldGen: 5654552K(5750784K)->5711605K(6338560K)
[39.002s][info][gc,metaspace   ] GC(270) Metaspace: 6301K(6464K)->6301K(6464K) NonClass: 5768K(5824K)->5768K(5824K) Class: 533K(640K)->533K(640K)
[39.002s][info][gc             ] GC(270) Pause Full (Ergonomics) 5582M->5577M(6489M) 1825.432ms
[39.002s][info][gc,cpu         ] GC(270) User=13.44s Sys=0.05s Real=1.83s
[40.336s][info][gc,start       ] GC(271) Pause Young (Allocation Failure)
[40.551s][info][gc,heap        ] GC(271) PSYoungGen: 69120K(306688K)->69376K(306176K) Eden: 69120K(69120K)->0K(75776K) From: 0K(237568K)->69376K(230400K)
[40.551s][info][gc,heap        ] GC(271) ParOldGen: 5973749K(6338560K)->5973749K(6338560K)
[40.551s][info][gc,metaspace   ] GC(271) Metaspace: 6301K(6464K)->6301K(6464K) NonClass: 5768K(5824K)->5768K(5824K) Class: 533K(640K)->533K(640K)
[40.551s][info][gc             ] GC(271) Pause Young (Allocation Failure) 5901M->5901M(6489M) 215.666ms
[40.551s][info][gc,cpu         ] GC(271) User=0.98s Sys=0.00s Real=0.22s
[40.632s][info][gc,start       ] GC(272) Pause Young (Allocation Failure)
[40.757s][info][gc,heap        ] GC(272) PSYoungGen: 145152K(306176K)->145280K(310784K) Eden: 75776K(75776K)->0K(75776K) From: 69376K(230400K)->145280K(235008K)
[40.757s][info][gc,heap        ] GC(272) ParOldGen: 5973749K(6338560K)->5973749K(6338560K)
[40.757s][info][gc,metaspace   ] GC(272) Metaspace: 6301K(6464K)->6301K(6464K) NonClass: 5768K(5824K)->5768K(5824K) Class: 533K(640K)->533K(640K)
[40.758s][info][gc             ] GC(272) Pause Young (Allocation Failure) 5975M->5975M(6493M) 125.564ms
[40.758s][info][gc,cpu         ] GC(272) User=0.25s Sys=0.00s Real=0.12s
[40.844s][info][gc,start       ] GC(273) Pause Young (Allocation Failure)
[40.989s][info][gc,heap        ] GC(273) PSYoungGen: 221056K(310784K)->151936K(317440K) Eden: 75776K(75776K)->0K(83456K) From: 145280K(235008K)->151936K(233984K)
[40.989s][info][gc,heap        ] GC(273) ParOldGen: 5973749K(6338560K)->6043501K(6338560K)
[40.989s][info][gc,metaspace   ] GC(273) Metaspace: 6301K(6464K)->6301K(6464K) NonClass: 5768K(5824K)->5768K(5824K) Class: 533K(640K)->533K(640K)
[40.990s][info][gc             ] GC(273) Pause Young (Allocation Failure) 6049M->6050M(6500M) 145.525ms
[40.990s][info][gc,cpu         ] GC(273) User=0.44s Sys=0.08s Real=0.15s
[41.074s][info][gc,start       ] GC(274) Pause Young (Allocation Failure)
[41.230s][info][gc,heap        ] GC(274) PSYoungGen: 235392K(317440K)->159680K(317952K) Eden: 83456K(83456K)->0K(83456K) From: 151936K(233984K)->159680K(234496K)
[41.230s][info][gc,heap        ] GC(274) ParOldGen: 6043501K(6338560K)->6119965K(6338560K)
[41.230s][info][gc,metaspace   ] GC(274) Metaspace: 6301K(6464K)->6301K(6464K) NonClass: 5768K(5824K)->5768K(5824K) Class: 533K(640K)->533K(640K)
[41.230s][info][gc             ] GC(274) Pause Young (Allocation Failure) 6131M->6132M(6500M) 156.668ms
[41.230s][info][gc,cpu         ] GC(274) User=0.50s Sys=0.02s Real=0.16s
[41.319s][info][gc,start       ] GC(275) Pause Young (Allocation Failure)
[41.485s][info][gc,heap        ] GC(275) PSYoungGen: 243136K(317952K)->167296K(325632K) Eden: 83456K(83456K)->0K(88576K) From: 159680K(234496K)->167296K(237056K)
[41.485s][info][gc,heap        ] GC(275) ParOldGen: 6119965K(6338560K)->6196437K(6338560K)
[41.485s][info][gc,metaspace   ] GC(275) Metaspace: 6301K(6464K)->6301K(6464K) NonClass: 5768K(5824K)->5768K(5824K) Class: 533K(640K)->533K(640K)
[41.485s][info][gc             ] GC(275) Pause Young (Allocation Failure) 6213M->6214M(6508M) 166.026ms
[41.485s][info][gc,cpu         ] GC(275) User=0.50s Sys=0.02s Real=0.17s
[41.579s][info][gc,start       ] GC(276) Pause Young (Allocation Failure)
[41.740s][info][gc,heap        ] GC(276) PSYoungGen: 255872K(325632K)->172512K(330240K) Eden: 88576K(88576K)->0K(88576K) From: 167296K(237056K)->172512K(241664K)
[41.740s][info][gc,heap        ] GC(276) ParOldGen: 6196437K(6338560K)->6280645K(6338560K)
[41.740s][info][gc,metaspace   ] GC(276) Metaspace: 6301K(6464K)->6301K(6464K) NonClass: 5768K(5824K)->5768K(5824K) Class: 533K(640K)->533K(640K)
[41.740s][info][gc             ] GC(276) Pause Young (Allocation Failure) 6301M->6301M(6512M) 160.975ms
[41.740s][info][gc,cpu         ] GC(276) User=0.53s Sys=0.02s Real=0.16s
[41.740s][info][gc,start       ] GC(277) Pause Full (Ergonomics)
[41.740s][info][gc,phases,start] GC(277) Marking Phase
[43.159s][info][gc,phases      ] GC(277) Marking Phase 1419.493ms
[43.159s][info][gc,phases,start] GC(277) Summary Phase
[43.159s][info][gc,phases      ] GC(277) Summary Phase 0.126ms
[43.159s][info][gc,phases,start] GC(277) Adjust Roots
[43.160s][info][gc,phases      ] GC(277) Adjust Roots 0.174ms
[43.160s][info][gc,phases,start] GC(277) Compaction Phase
[44.145s][info][gc,phases      ] GC(277) Compaction Phase 985.122ms
[44.145s][info][gc,phases,start] GC(277) Post Compact
[44.155s][info][gc,phases      ] GC(277) Post Compact 10.451ms
[44.158s][info][gc,heap        ] GC(277) PSYoungGen: 172512K(330240K)->0K(345600K) Eden: 0K(88576K)->0K(99328K) From: 172512K(241664K)->0K(246272K)
[44.158s][info][gc,heap        ] GC(277) ParOldGen: 6280645K(6338560K)->6318647K(6991360K)
[44.158s][info][gc,metaspace   ] GC(277) Metaspace: 6301K(6464K)->6301K(6464K) NonClass: 5768K(5824K)->5768K(5824K) Class: 533K(640K)->533K(640K)
[44.158s][info][gc             ] GC(277) Pause Full (Ergonomics) 6301M->6170M(7165M) 2418.115ms
[44.158s][info][gc,cpu         ] GC(277) User=17.02s Sys=0.05s Real=2.42s
[44.263s][info][gc,start       ] GC(278) Pause Young (Allocation Failure)
[44.353s][info][gc,heap        ] GC(278) PSYoungGen: 99328K(345600K)->99648K(345600K) Eden: 99328K(99328K)->0K(99328K) From: 0K(246272K)->99648K(246272K)
[44.353s][info][gc,heap        ] GC(278) ParOldGen: 6318647K(6991360K)->6318647K(6991360K)
[44.353s][info][gc,metaspace   ] GC(278) Metaspace: 6301K(6464K)->6301K(6464K) NonClass: 5768K(5824K)->5768K(5824K) Class: 533K(640K)->533K(640K)
[44.353s][info][gc             ] GC(278) Pause Young (Allocation Failure) 6267M->6267M(7165M) 89.611ms
[44.353s][info][gc,cpu         ] GC(278) User=0.19s Sys=0.00s Real=0.09s
[44.462s][info][gc,start       ] GC(279) Pause Young (Allocation Failure)
[44.585s][info][gc,heap        ] GC(279) PSYoungGen: 198976K(345600K)->199168K(335360K) Eden: 99328K(99328K)->0K(94720K) From: 99648K(246272K)->199168K(240640K)
[44.585s][info][gc,heap        ] GC(279) ParOldGen: 6318647K(6991360K)->6318647K(6991360K)
[44.585s][info][gc,metaspace   ] GC(279) Metaspace: 6301K(6464K)->6301K(6464K) NonClass: 5768K(5824K)->5768K(5824K) Class: 533K(640K)->533K(640K)
[44.585s][info][gc             ] GC(279) Pause Young (Allocation Failure) 6364M->6365M(7155M) 123.149ms
[44.585s][info][gc,cpu         ] GC(279) User=0.41s Sys=0.00s Real=0.12s
[44.684s][info][gc,start       ] GC(280) Pause Young (Allocation Failure)
[44.831s][info][gc,heap        ] GC(280) PSYoungGen: 293888K(335360K)->254976K(349696K) Eden: 94720K(94720K)->0K(94720K) From: 199168K(240640K)->254976K(254976K)
[44.831s][info][gc,heap        ] GC(280) ParOldGen: 6318647K(6991360K)->6357887K(6991360K)
[44.831s][info][gc,metaspace   ] GC(280) Metaspace: 6301K(6464K)->6301K(6464K) NonClass: 5768K(5824K)->5768K(5824K) Class: 533K(640K)->533K(640K)
[44.831s][info][gc             ] GC(280) Pause Young (Allocation Failure) 6457M->6457M(7169M) 147.245ms
[44.831s][info][gc,cpu         ] GC(280) User=0.66s Sys=0.02s Real=0.15s
[44.935s][info][gc,start       ] GC(281) Pause Young (Allocation Failure)
[45.100s][info][gc,heap        ] GC(281) PSYoungGen: 349696K(349696K)->257792K(381440K) Eden: 94720K(94720K)->0K(80384K) From: 254976K(254976K)->257792K(301056K)
[45.100s][info][gc,heap        ] GC(281) ParOldGen: 6357887K(6991360K)->6450735K(6991360K)
[45.100s][info][gc,metaspace   ] GC(281) Metaspace: 6301K(6464K)->6301K(6464K) NonClass: 5768K(5824K)->5768K(5824K) Class: 533K(640K)->533K(640K)
[45.100s][info][gc             ] GC(281) Pause Young (Allocation Failure) 6550M->6551M(7200M) 165.458ms
[45.100s][info][gc,cpu         ] GC(281) User=1.23s Sys=0.09s Real=0.16s
[45.190s][info][gc,start       ] GC(282) Pause Young (Allocation Failure)
[45.357s][info][gc,heap        ] GC(282) PSYoungGen: 338176K(381440K)->256800K(405504K) Eden: 80384K(80384K)->0K(80384K) From: 257792K(301056K)->256800K(325120K)
[45.357s][info][gc,heap        ] GC(282) ParOldGen: 6450735K(6991360K)->6532871K(6991360K)
[45.357s][info][gc,metaspace   ] GC(282) Metaspace: 6301K(6464K)->6301K(6464K) NonClass: 5768K(5824K)->5768K(5824K) Class: 533K(640K)->533K(640K)
[45.357s][info][gc             ] GC(282) Pause Young (Allocation Failure) 6629M->6630M(7223M) 166.424ms
[45.357s][info][gc,cpu         ] GC(282) User=0.95s Sys=0.05s Real=0.17s
[45.441s][info][gc,start       ] GC(283) Pause Young (Allocation Failure)
[45.606s][info][gc,heap        ] GC(283) PSYoungGen: 337184K(405504K)->256096K(419328K) Eden: 80384K(80384K)->0K(75776K) From: 256800K(325120K)->256096K(343552K)
[45.606s][info][gc,heap        ] GC(283) ParOldGen: 6532871K(6991360K)->6614695K(6991360K)
[45.606s][info][gc,metaspace   ] GC(283) Metaspace: 6301K(6464K)->6301K(6464K) NonClass: 5768K(5824K)->5768K(5824K) Class: 533K(640K)->533K(640K)
[45.606s][info][gc             ] GC(283) Pause Young (Allocation Failure) 6709M->6709M(7237M) 164.866ms
[45.606s][info][gc,cpu         ] GC(283) User=1.00s Sys=0.14s Real=0.16s
[45.693s][info][gc,start       ] GC(284) Pause Young (Allocation Failure)
[45.859s][info][gc,heap        ] GC(284) PSYoungGen: 331872K(419328K)->156512K(232448K) Eden: 75776K(75776K)->0K(75776K) From: 256096K(343552K)->156512K(156672K)
[45.859s][info][gc,heap        ] GC(284) ParOldGen: 6614695K(6991360K)->6791351K(6991360K)
[45.859s][info][gc,metaspace   ] GC(284) Metaspace: 6301K(6464K)->6301K(6464K) NonClass: 5768K(5824K)->5768K(5824K) Class: 533K(640K)->533K(640K)
[45.859s][info][gc             ] GC(284) Pause Young (Allocation Failure) 6783M->6785M(7054M) 165.266ms
[45.859s][info][gc,cpu         ] GC(284) User=0.88s Sys=0.17s Real=0.16s
[45.938s][info][gc,start       ] GC(285) Pause Young (Allocation Failure)
[46.072s][info][gc,heap        ] GC(285) PSYoungGen: 232288K(232448K)->76032K(428544K) Eden: 75776K(75776K)->0K(84480K) From: 156512K(156672K)->76032K(344064K)
[46.072s][info][gc,heap        ] GC(285) ParOldGen: 6791351K(6991360K)->6948895K(6991360K)
[46.072s][info][gc,metaspace   ] GC(285) Metaspace: 6301K(6464K)->6301K(6464K) NonClass: 5768K(5824K)->5768K(5824K) Class: 533K(640K)->533K(640K)
[46.072s][info][gc             ] GC(285) Pause Young (Allocation Failure) 6859M->6860M(7246M) 133.780ms
[46.072s][info][gc,cpu         ] GC(285) User=0.55s Sys=0.06s Real=0.13s
[46.072s][info][gc,start       ] GC(286) Pause Full (Ergonomics)
[46.072s][info][gc,phases,start] GC(286) Marking Phase
[47.671s][info][gc,phases      ] GC(286) Marking Phase 1598.632ms
[47.671s][info][gc,phases,start] GC(286) Summary Phase
[47.671s][info][gc,phases      ] GC(286) Summary Phase 0.076ms
[47.671s][info][gc,phases,start] GC(286) Adjust Roots
[47.671s][info][gc,phases      ] GC(286) Adjust Roots 0.202ms
[47.671s][info][gc,phases,start] GC(286) Compaction Phase
[48.383s][info][gc,phases      ] GC(286) Compaction Phase 711.835ms
[48.383s][info][gc,phases,start] GC(286) Post Compact
[48.393s][info][gc,phases      ] GC(286) Post Compact 10.200ms
[48.396s][info][gc,heap        ] GC(286) PSYoungGen: 76032K(428544K)->27714K(428544K) Eden: 0K(84480K)->0K(84480K) From: 76032K(344064K)->27714K(344064K)
[48.396s][info][gc,heap        ] GC(286) ParOldGen: 6948895K(6991360K)->6991107K(7776256K)
[48.396s][info][gc,metaspace   ] GC(286) Metaspace: 6301K(6464K)->6301K(6464K) NonClass: 5768K(5824K)->5768K(5824K) Class: 533K(640K)->533K(640K)
[48.396s][info][gc             ] GC(286) Pause Full (Ergonomics) 6860M->6854M(8012M) 2323.625ms
[48.396s][info][gc,cpu         ] GC(286) User=16.47s Sys=0.06s Real=2.32s
[48.482s][info][gc,start       ] GC(287) Pause Young (Allocation Failure)
[48.826s][info][gc,heap        ] GC(287) PSYoungGen: 112194K(428544K)->84768K(429568K) Eden: 84480K(84480K)->0K(84480K) From: 27714K(344064K)->84768K(345088K)
[48.826s][info][gc,heap        ] GC(287) ParOldGen: 6991107K(7776256K)->7019115K(7776256K)
[48.826s][info][gc,metaspace   ] GC(287) Metaspace: 6301K(6464K)->6301K(6464K) NonClass: 5768K(5824K)->5768K(5824K) Class: 533K(640K)->533K(640K)
[48.826s][info][gc             ] GC(287) Pause Young (Allocation Failure) 6936M->6937M(8013M) 343.426ms
[48.826s][info][gc,cpu         ] GC(287) User=2.50s Sys=0.03s Real=0.34s
[48.912s][info][gc,start       ] GC(288) Pause Young (Allocation Failure)
[49.025s][info][gc,heap        ] GC(288) PSYoungGen: 169248K(429568K)->84768K(424448K) Eden: 84480K(84480K)->0K(93184K) From: 84768K(345088K)->84768K(331264K)
[49.025s][info][gc,heap        ] GC(288) ParOldGen: 7019115K(7776256K)->7104371K(7776256K)
[49.026s][info][gc,metaspace   ] GC(288) Metaspace: 6301K(6464K)->6301K(6464K) NonClass: 5768K(5824K)->5768K(5824K) Class: 533K(640K)->533K(640K)
[49.026s][info][gc             ] GC(288) Pause Young (Allocation Failure) 7019M->7020M(8008M) 113.371ms
[49.026s][info][gc,cpu         ] GC(288) User=0.47s Sys=0.00s Real=0.11s
[49.120s][info][gc,start       ] GC(289) Pause Young (Allocation Failure)
[49.237s][info][gc,heap        ] GC(289) PSYoungGen: 177952K(424448K)->93472K(429568K) Eden: 93184K(93184K)->0K(93184K) From: 84768K(331264K)->93472K(336384K)
[49.237s][info][gc,heap        ] GC(289) ParOldGen: 7104371K(7776256K)->7189611K(7776256K)
[49.237s][info][gc,metaspace   ] GC(289) Metaspace: 6301K(6464K)->6301K(6464K) NonClass: 5768K(5824K)->5768K(5824K) Class: 533K(640K)->533K(640K)
[49.237s][info][gc             ] GC(289) Pause Young (Allocation Failure) 7111M->7112M(8013M) 116.804ms
[49.237s][info][gc,cpu         ] GC(289) User=0.44s Sys=0.02s Real=0.12s
[49.332s][info][gc,start       ] GC(290) Pause Young (Allocation Failure)
[49.455s][info][gc,heap        ] GC(290) PSYoungGen: 186656K(429568K)->93472K(413184K) Eden: 93184K(93184K)->0K(103424K) From: 93472K(336384K)->93472K(309760K)
[49.455s][info][gc,heap        ] GC(290) ParOldGen: 7189611K(7776256K)->7283635K(7776256K)
[49.455s][info][gc,metaspace   ] GC(290) Metaspace: 6301K(6464K)->6301K(6464K) NonClass: 5768K(5824K)->5768K(5824K) Class: 533K(640K)->533K(640K)
[49.455s][info][gc             ] GC(290) Pause Young (Allocation Failure) 7203M->7204M(7997M) 122.353ms
[49.455s][info][gc,cpu         ] GC(290) User=0.44s Sys=0.05s Real=0.12s
[49.569s][info][gc,start       ] GC(291) Pause Young (Allocation Failure)
[49.697s][info][gc,heap        ] GC(291) PSYoungGen: 196896K(413184K)->103744K(422400K) Eden: 103424K(103424K)->0K(103424K) From: 93472K(309760K)->103744K(318976K)
[49.697s][info][gc,heap        ] GC(291) ParOldGen: 7283635K(7776256K)->7377651K(7776256K)
[49.697s][info][gc,metaspace   ] GC(291) Metaspace: 6301K(6464K)->6301K(6464K) NonClass: 5768K(5824K)->5768K(5824K) Class: 533K(640K)->533K(640K)
[49.697s][info][gc             ] GC(291) Pause Young (Allocation Failure) 7305M->7306M(8006M) 127.120ms
[49.697s][info][gc,cpu         ] GC(291) User=0.56s Sys=0.03s Real=0.13s
[49.801s][info][gc,start       ] GC(292) Pause Young (Allocation Failure)
[49.932s][info][gc,heap        ] GC(292) PSYoungGen: 207168K(422400K)->103776K(399872K) Eden: 103424K(103424K)->0K(114688K) From: 103744K(318976K)->103776K(285184K)
[49.932s][info][gc,heap        ] GC(292) ParOldGen: 7377651K(7776256K)->7482011K(7776256K)
[49.932s][info][gc,metaspace   ] GC(292) Metaspace: 6301K(6464K)->6301K(6464K) NonClass: 5768K(5824K)->5768K(5824K) Class: 533K(640K)->533K(640K)
[49.932s][info][gc             ] GC(292) Pause Young (Allocation Failure) 7407M->7407M(7984M) 130.976ms
[49.932s][info][gc,cpu         ] GC(292) User=0.55s Sys=0.03s Real=0.13s
[50.061s][info][gc,start       ] GC(293) Pause Young (Allocation Failure)
[50.197s][info][gc,heap        ] GC(293) PSYoungGen: 218464K(399872K)->115040K(229888K) Eden: 114688K(114688K)->0K(114688K) From: 103776K(285184K)->115040K(115200K)
[50.197s][info][gc,heap        ] GC(293) ParOldGen: 7482011K(7776256K)->7586371K(7776256K)
[50.197s][info][gc,metaspace   ] GC(293) Metaspace: 6301K(6464K)->6301K(6464K) NonClass: 5768K(5824K)->5768K(5824K) Class: 533K(640K)->533K(640K)
[50.197s][info][gc             ] GC(293) Pause Young (Allocation Failure) 7519M->7520M(7818M) 135.856ms
[50.197s][info][gc,cpu         ] GC(293) User=0.50s Sys=0.08s Real=0.14s
[50.324s][info][gc,start       ] GC(294) Pause Young (Allocation Failure)
[50.475s][info][gc,heap        ] GC(294) PSYoungGen: 229728K(229888K)->115040K(386048K) Eden: 114688K(114688K)->0K(126976K) From: 115040K(115200K)->115040K(259072K)
[50.475s][info][gc,heap        ] GC(294) ParOldGen: 7586371K(7776256K)->7702075K(7776256K)
[50.475s][info][gc,metaspace   ] GC(294) Metaspace: 6301K(6464K)->6301K(6464K) NonClass: 5768K(5824K)->5768K(5824K) Class: 533K(640K)->533K(640K)
[50.475s][info][gc             ] GC(294) Pause Young (Allocation Failure) 7632M->7633M(7971M) 150.577ms
[50.475s][info][gc,cpu         ] GC(294) User=0.70s Sys=0.11s Real=0.15s
[50.475s][info][gc,start       ] GC(295) Pause Full (Ergonomics)
[50.475s][info][gc,phases,start] GC(295) Marking Phase
[52.279s][info][gc,phases      ] GC(295) Marking Phase 1803.954ms
[52.279s][info][gc,phases,start] GC(295) Summary Phase
[52.279s][info][gc,phases      ] GC(295) Summary Phase 0.104ms
[52.279s][info][gc,phases,start] GC(295) Adjust Roots
[52.279s][info][gc,phases      ] GC(295) Adjust Roots 0.220ms
[52.279s][info][gc,phases,start] GC(295) Compaction Phase
[53.063s][info][gc,phases      ] GC(295) Compaction Phase 784.118ms
[53.063s][info][gc,phases,start] GC(295) Post Compact
[53.075s][info][gc,phases      ] GC(295) Post Compact 11.986ms
[53.078s][info][gc,heap        ] GC(295) PSYoungGen: 115040K(386048K)->33918K(398336K) Eden: 0K(126976K)->0K(139264K) From: 115040K(259072K)->33918K(259072K)
[53.078s][info][gc,heap        ] GC(295) ParOldGen: 7702075K(7776256K)->7776208K(8603136K)
[53.078s][info][gc,metaspace   ] GC(295) Metaspace: 6301K(6464K)->6301K(6464K) NonClass: 5768K(5824K)->5768K(5824K) Class: 533K(640K)->533K(640K)
[53.078s][info][gc             ] GC(295) Pause Full (Ergonomics) 7633M->7627M(8790M) 2603.274ms
[53.078s][info][gc,cpu         ] GC(295) User=18.77s Sys=0.05s Real=2.60s
[53.239s][info][gc,start       ] GC(296) Pause Young (Allocation Failure)
[53.657s][info][gc,heap        ] GC(296) PSYoungGen: 173182K(398336K)->139648K(410624K) Eden: 139264K(139264K)->0K(139264K) From: 33918K(259072K)->139648K(271360K)
[53.658s][info][gc,heap        ] GC(296) ParOldGen: 7776208K(8603136K)->7810488K(8603136K)
[53.658s][info][gc,metaspace   ] GC(296) Metaspace: 6301K(6464K)->6301K(6464K) NonClass: 5768K(5824K)->5768K(5824K) Class: 533K(640K)->533K(640K)
[53.658s][info][gc             ] GC(296) Pause Young (Allocation Failure) 7763M->7763M(8802M) 418.487ms
[53.658s][info][gc,cpu         ] GC(296) User=2.77s Sys=0.05s Real=0.42s
[53.807s][info][gc,start       ] GC(297) Pause Young (Allocation Failure)
[53.965s][info][gc,heap        ] GC(297) PSYoungGen: 278912K(410624K)->260608K(370688K) Eden: 139264K(139264K)->0K(110080K) From: 139648K(271360K)->260608K(260608K)
[53.965s][info][gc,heap        ] GC(297) ParOldGen: 7810488K(8603136K)->7829096K(8603136K)
[53.965s][info][gc,metaspace   ] GC(297) Metaspace: 6301K(6464K)->6301K(6464K) NonClass: 5768K(5824K)->5768K(5824K) Class: 533K(640K)->533K(640K)
[53.965s][info][gc             ] GC(297) Pause Young (Allocation Failure) 7899M->7900M(8763M) 157.777ms
[53.965s][info][gc,cpu         ] GC(297) User=0.84s Sys=0.00s Real=0.16s
[54.084s][info][gc,start       ] GC(298) Pause Young (Allocation Failure)
[54.284s][info][gc,heap        ] GC(298) PSYoungGen: 370688K(370688K)->110432K(412672K) Eden: 110080K(110080K)->0K(110080K) From: 260608K(260608K)->110432K(302592K)
[54.284s][info][gc,heap        ] GC(298) ParOldGen: 7829096K(8603136K)->8091536K(8603136K)
[54.284s][info][gc,metaspace   ] GC(298) Metaspace: 6301K(6464K)->6301K(6464K) NonClass: 5768K(5824K)->5768K(5824K) Class: 533K(640K)->533K(640K)
[54.284s][info][gc             ] GC(298) Pause Young (Allocation Failure) 8007M->8009M(8804M) 200.022ms
[54.284s][info][gc,cpu         ] GC(298) User=1.44s Sys=0.08s Real=0.20s
[54.403s][info][gc,start       ] GC(299) Pause Young (Allocation Failure)
[54.540s][info][gc,heap        ] GC(299) PSYoungGen: 220512K(412672K)->110400K(395776K) Eden: 110080K(110080K)->0K(121344K) From: 110432K(302592K)->110400K(274432K)
[54.540s][info][gc,heap        ] GC(299) ParOldGen: 8091536K(8603136K)->8202616K(8603136K)
[54.540s][info][gc,metaspace   ] GC(299) Metaspace: 6301K(6464K)->6301K(6464K) NonClass: 5768K(5824K)->5768K(5824K) Class: 533K(640K)->533K(640K)
[54.540s][info][gc             ] GC(299) Pause Young (Allocation Failure) 8117M->8118M(8788M) 136.435ms
[54.540s][info][gc,cpu         ] GC(299) User=0.67s Sys=0.05s Real=0.14s
[54.662s][info][gc,start       ] GC(300) Pause Young (Allocation Failure)
[54.802s][info][gc,heap        ] GC(300) PSYoungGen: 231744K(395776K)->121696K(404992K) Eden: 121344K(121344K)->0K(121344K) From: 110400K(274432K)->121696K(283648K)
[54.802s][info][gc,heap        ] GC(300) ParOldGen: 8202616K(8603136K)->8313704K(8603136K)
[54.802s][info][gc,metaspace   ] GC(300) Metaspace: 6301K(6464K)->6301K(6464K) NonClass: 5768K(5824K)->5768K(5824K) Class: 533K(640K)->533K(640K)
[54.802s][info][gc             ] GC(300) Pause Young (Allocation Failure) 8236M->8237M(8797M) 140.204ms
[54.802s][info][gc,cpu         ] GC(300) User=0.72s Sys=0.06s Real=0.14s
[54.935s][info][gc,start       ] GC(301) Pause Young (Allocation Failure)
[55.077s][info][gc,heap        ] GC(301) PSYoungGen: 243040K(404992K)->121728K(384512K) Eden: 121344K(121344K)->0K(134144K) From: 121696K(283648K)->121728K(250368K)
[55.077s][info][gc,heap        ] GC(301) ParOldGen: 8313704K(8603136K)->8436144K(8603136K)
[55.077s][info][gc,metaspace   ] GC(301) Metaspace: 6301K(6464K)->6301K(6464K) NonClass: 5768K(5824K)->5768K(5824K) Class: 533K(640K)->533K(640K)
[55.077s][info][gc             ] GC(301) Pause Young (Allocation Failure) 8356M->8357M(8777M) 141.840ms
[55.077s][info][gc,cpu         ] GC(301) User=0.91s Sys=0.11s Real=0.14s
[55.077s][info][gc,start       ] GC(302) Pause Full (Ergonomics)
[55.077s][info][gc,phases,start] GC(302) Marking Phase
[57.038s][info][gc,phases      ] GC(302) Marking Phase 1961.496ms
[57.038s][info][gc,phases,start] GC(302) Summary Phase
[57.039s][info][gc,phases      ] GC(302) Summary Phase 0.163ms
[57.039s][info][gc,phases,start] GC(302) Adjust Roots
[57.039s][info][gc,phases      ] GC(302) Adjust Roots 0.190ms
[57.039s][info][gc,phases,start] GC(302) Compaction Phase
[57.891s][info][gc,phases      ] GC(302) Compaction Phase 852.131ms
[57.891s][info][gc,phases,start] GC(302) Post Compact
[57.904s][info][gc,phases      ] GC(302) Post Compact 12.540ms
[57.906s][info][gc,heap        ] GC(302) PSYoungGen: 121728K(384512K)->0K(395264K) Eden: 0K(134144K)->0K(134144K) From: 121728K(250368K)->0K(261120K)
[57.906s][info][gc,heap        ] GC(302) ParOldGen: 8436144K(8603136K)->8551315K(9492480K)
[57.907s][info][gc,metaspace   ] GC(302) Metaspace: 6301K(6464K)->6301K(6464K) NonClass: 5768K(5824K)->5768K(5824K) Class: 533K(640K)->533K(640K)
[57.907s][info][gc             ] GC(302) Pause Full (Ergonomics) 8357M->8350M(9656M) 2829.646ms
[57.907s][info][gc,cpu         ] GC(302) User=20.23s Sys=0.06s Real=2.83s
[58.041s][info][gc,start       ] GC(303) Pause Young (Allocation Failure)
[58.151s][info][gc,heap        ] GC(303) PSYoungGen: 134144K(395264K)->134560K(380928K) Eden: 134144K(134144K)->0K(145920K) From: 0K(261120K)->134560K(235008K)
[58.151s][info][gc,heap        ] GC(303) ParOldGen: 8551315K(9492480K)->8551315K(9492480K)
[58.151s][info][gc,metaspace   ] GC(303) Metaspace: 6301K(6464K)->6301K(6464K) NonClass: 5768K(5824K)->5768K(5824K) Class: 533K(640K)->533K(640K)
[58.151s][info][gc             ] GC(303) Pause Young (Allocation Failure) 8481M->8482M(9642M) 110.137ms
[58.151s][info][gc,cpu         ] GC(303) User=0.47s Sys=0.00s Real=0.11s
[58.313s][info][gc,start       ] GC(304) Pause Young (Allocation Failure)
[58.473s][info][gc,heap        ] GC(304) PSYoungGen: 280480K(380928K)->249344K(395264K) Eden: 145920K(145920K)->0K(145920K) From: 134560K(235008K)->249344K(249344K)
[58.473s][info][gc,heap        ] GC(304) ParOldGen: 8551315K(9492480K)->8582843K(9492480K)
[58.473s][info][gc,metaspace   ] GC(304) Metaspace: 6301K(6464K)->6301K(6464K) NonClass: 5768K(5824K)->5768K(5824K) Class: 533K(640K)->533K(640K)
[58.474s][info][gc             ] GC(304) Pause Young (Allocation Failure) 8624M->8625M(9656M) 160.989ms
[58.474s][info][gc,cpu         ] GC(304) User=0.91s Sys=0.00s Real=0.16s
[58.632s][info][gc,start       ] GC(305) Pause Young (Allocation Failure)
[58.864s][info][gc,heap        ] GC(305) PSYoungGen: 395264K(395264K)->146304K(425472K) Eden: 145920K(145920K)->0K(159744K) From: 249344K(249344K)->146304K(265728K)
[58.865s][info][gc,heap        ] GC(305) ParOldGen: 8582843K(9492480K)->8833987K(9492480K)
[58.865s][info][gc,metaspace   ] GC(305) Metaspace: 6301K(6464K)->6301K(6464K) NonClass: 5768K(5824K)->5768K(5824K) Class: 533K(640K)->533K(640K)
[58.865s][info][gc             ] GC(305) Pause Young (Allocation Failure) 8767M->8769M(9685M) 232.113ms
[58.865s][info][gc,cpu         ] GC(305) User=1.53s Sys=0.14s Real=0.23s
[59.041s][info][gc,start       ] GC(306) Pause Young (Allocation Failure)
[59.213s][info][gc,heap        ] GC(306) PSYoungGen: 306048K(425472K)->278016K(437760K) Eden: 159744K(159744K)->0K(159744K) From: 146304K(265728K)->278016K(278016K)
[59.213s][info][gc,heap        ] GC(306) ParOldGen: 8833987K(9492480K)->8862467K(9492480K)
[59.213s][info][gc,metaspace   ] GC(306) Metaspace: 6301K(6464K)->6301K(6464K) NonClass: 5768K(5824K)->5768K(5824K) Class: 533K(640K)->533K(640K)
[59.213s][info][gc             ] GC(306) Pause Young (Allocation Failure) 8925M->8926M(9697M) 172.053ms
[59.213s][info][gc,cpu         ] GC(306) User=1.14s Sys=0.02s Real=0.17s
[59.406s][info][gc,start       ] GC(307) Pause Young (Allocation Failure)
[59.666s][info][gc,heap        ] GC(307) PSYoungGen: 437760K(437760K)->160192K(470528K) Eden: 159744K(159744K)->0K(176128K) From: 278016K(278016K)->160192K(294400K)
[59.666s][info][gc,heap        ] GC(307) ParOldGen: 8862467K(9492480K)->9142435K(9492480K)
[59.666s][info][gc,metaspace   ] GC(307) Metaspace: 6301K(6464K)->6301K(6464K) NonClass: 5768K(5824K)->5768K(5824K) Class: 533K(640K)->533K(640K)
[59.666s][info][gc             ] GC(307) Pause Young (Allocation Failure) 9082M->9084M(9729M) 260.698ms
[59.666s][info][gc,cpu         ] GC(307) User=1.78s Sys=0.12s Real=0.26s
[59.863s][info][gc,start       ] GC(308) Pause Young (Allocation Failure)
[60.046s][info][gc,heap        ] GC(308) PSYoungGen: 336320K(470528K)->308224K(484352K) Eden: 176128K(176128K)->0K(176128K) From: 160192K(294400K)->308224K(308224K)
[60.046s][info][gc,heap        ] GC(308) ParOldGen: 9142435K(9492480K)->9170963K(9492480K)
[60.046s][info][gc,metaspace   ] GC(308) Metaspace: 6301K(6464K)->6301K(6464K) NonClass: 5768K(5824K)->5768K(5824K) Class: 533K(640K)->533K(640K)
[60.046s][info][gc             ] GC(308) Pause Young (Allocation Failure) 9256M->9257M(9743M) 183.151ms
[60.046s][info][gc,cpu         ] GC(308) User=1.25s Sys=0.00s Real=0.18s
[60.235s][info][gc,start       ] GC(309) Pause Young (Allocation Failure)
[60.527s][info][gc,heap        ] GC(309) PSYoungGen: 484352K(484352K)->176640K(520192K) Eden: 176128K(176128K)->0K(194560K) From: 308224K(308224K)->176640K(325632K)
[60.527s][info][gc,heap        ] GC(309) ParOldGen: 9170963K(9492480K)->9481355K(9492480K)
[60.527s][info][gc,metaspace   ] GC(309) Metaspace: 6301K(6464K)->6301K(6464K) NonClass: 5768K(5824K)->5768K(5824K) Class: 533K(640K)->533K(640K)
[60.527s][info][gc             ] GC(309) Pause Young (Allocation Failure) 9429M->9431M(9778M) 292.166ms
[60.527s][info][gc,cpu         ] GC(309) User=1.61s Sys=0.31s Real=0.29s
[60.527s][info][gc,start       ] GC(310) Pause Full (Ergonomics)
[60.527s][info][gc,phases,start] GC(310) Marking Phase
[62.791s][info][gc,phases      ] GC(310) Marking Phase 2263.624ms
[62.791s][info][gc,phases,start] GC(310) Summary Phase
[62.791s][info][gc,phases      ] GC(310) Summary Phase 0.214ms
[62.791s][info][gc,phases,start] GC(310) Adjust Roots
[62.791s][info][gc,phases      ] GC(310) Adjust Roots 0.292ms
[62.791s][info][gc,phases,start] GC(310) Compaction Phase
[63.719s][info][gc,phases      ] GC(310) Compaction Phase 927.408ms
[63.719s][info][gc,phases,start] GC(310) Post Compact
[63.733s][info][gc,phases      ] GC(310) Post Compact 14.641ms
[63.737s][info][gc,heap        ] GC(310) PSYoungGen: 176640K(520192K)->156674K(535552K) Eden: 0K(194560K)->0K(209920K) From: 176640K(325632K)->156674K(325632K)
[63.737s][info][gc,heap        ] GC(310) ParOldGen: 9481355K(9492480K)->9492137K(10653184K)
[63.737s][info][gc,metaspace   ] GC(310) Metaspace: 6301K(6464K)->6301K(6464K) NonClass: 5768K(5824K)->5768K(5824K) Class: 533K(640K)->533K(640K)
[63.737s][info][gc             ] GC(310) Pause Full (Ergonomics) 9431M->9422M(10926M) 3210.371ms
[63.737s][info][gc,cpu         ] GC(310) User=23.47s Sys=0.02s Real=3.21s
[63.961s][info][gc,start       ] GC(311) Pause Young (Allocation Failure)
[64.618s][info][gc,heap        ] GC(311) PSYoungGen: 366594K(535552K)->210496K(550912K) Eden: 209920K(209920K)->0K(209920K) From: 156674K(325632K)->210496K(340992K)
[64.618s][info][gc,heap        ] GC(311) ParOldGen: 9492137K(10653184K)->9650281K(10653184K)
[64.618s][info][gc,metaspace   ] GC(311) Metaspace: 6301K(6464K)->6301K(6464K) NonClass: 5768K(5824K)->5768K(5824K) Class: 533K(640K)->533K(640K)
[64.618s][info][gc             ] GC(311) Pause Young (Allocation Failure) 9627M->9629M(10941M) 657.120ms
[64.618s][info][gc,cpu         ] GC(311) User=4.25s Sys=0.16s Real=0.66s
[64.852s][info][gc,start       ] GC(312) Pause Young (Allocation Failure)
[65.113s][info][gc,heap        ] GC(312) PSYoungGen: 420416K(550912K)->335872K(492032K) Eden: 209920K(209920K)->0K(156160K) From: 210496K(340992K)->335872K(335872K)
[65.113s][info][gc,heap        ] GC(312) ParOldGen: 9650281K(10653184K)->9735729K(10653184K)
[65.113s][info][gc,metaspace   ] GC(312) Metaspace: 6301K(6464K)->6301K(6464K) NonClass: 5768K(5824K)->5768K(5824K) Class: 533K(640K)->533K(640K)
[65.113s][info][gc             ] GC(312) Pause Young (Allocation Failure) 9834M->9835M(10884M) 260.937ms
[65.113s][info][gc,cpu         ] GC(312) User=1.75s Sys=0.14s Real=0.26s
[65.284s][info][gc,start       ] GC(313) Pause Young (Allocation Failure)
[65.604s][info][gc,heap        ] GC(313) PSYoungGen: 492032K(492032K)->156640K(564224K) Eden: 156160K(156160K)->0K(156160K) From: 335872K(335872K)->156640K(408064K)
[65.604s][info][gc,heap        ] GC(313) ParOldGen: 9735729K(10653184K)->10073993K(10653184K)
[65.604s][info][gc,metaspace   ] GC(313) Metaspace: 6301K(6464K)->6301K(6464K) NonClass: 5768K(5824K)->5768K(5824K) Class: 533K(640K)->533K(640K)
[65.604s][info][gc             ] GC(313) Pause Young (Allocation Failure) 9988M->9990M(10954M) 319.975ms
[65.604s][info][gc,cpu         ] GC(313) User=2.00s Sys=0.09s Real=0.32s
[65.786s][info][gc,start       ] GC(314) Pause Young (Allocation Failure)
[65.984s][info][gc,heap        ] GC(314) PSYoungGen: 312800K(564224K)->156608K(545792K) Eden: 156160K(156160K)->0K(172032K) From: 156640K(408064K)->156608K(373760K)
[65.984s][info][gc,heap        ] GC(314) ParOldGen: 10073993K(10653184K)->10231593K(10653184K)
[65.984s][info][gc,metaspace   ] GC(314) Metaspace: 6301K(6464K)->6301K(6464K) NonClass: 5768K(5824K)->5768K(5824K) Class: 533K(640K)->533K(640K)
[65.984s][info][gc             ] GC(314) Pause Young (Allocation Failure) 10143M->10144M(10936M) 197.848ms
[65.984s][info][gc,cpu         ] GC(314) User=1.30s Sys=0.08s Real=0.20s
[66.169s][info][gc,start       ] GC(315) Pause Young (Allocation Failure)
[66.376s][info][gc,heap        ] GC(315) PSYoungGen: 328640K(545792K)->172512K(557568K) Eden: 172032K(172032K)->0K(172032K) From: 156608K(373760K)->172512K(385536K)
[66.376s][info][gc,heap        ] GC(315) ParOldGen: 10231593K(10653184K)->10389177K(10653184K)
[66.376s][info][gc,metaspace   ] GC(315) Metaspace: 6301K(6464K)->6301K(6464K) NonClass: 5768K(5824K)->5768K(5824K) Class: 533K(640K)->533K(640K)
[66.376s][info][gc             ] GC(315) Pause Young (Allocation Failure) 10312M->10314M(10948M) 207.683ms
[66.377s][info][gc,cpu         ] GC(315) User=1.31s Sys=0.05s Real=0.21s
[66.377s][info][gc,start       ] GC(316) Pause Full (Ergonomics)
[66.377s][info][gc,phases,start] GC(316) Marking Phase
[68.951s][info][gc,phases      ] GC(316) Marking Phase 2574.218ms
[68.951s][info][gc,phases,start] GC(316) Summary Phase
[68.951s][info][gc,phases      ] GC(316) Summary Phase 0.158ms
[68.951s][info][gc,phases,start] GC(316) Adjust Roots
[68.951s][info][gc,phases      ] GC(316) Adjust Roots 0.206ms
[68.951s][info][gc,phases,start] GC(316) Compaction Phase
[69.961s][info][gc,phases      ] GC(316) Compaction Phase 1010.012ms
[69.961s][info][gc,phases,start] GC(316) Post Compact
[69.977s][info][gc,phases      ] GC(316) Post Compact 16.137ms
[69.981s][info][gc,heap        ] GC(316) PSYoungGen: 172512K(557568K)->0K(561152K) Eden: 0K(172032K)->0K(189952K) From: 172512K(385536K)->0K(371200K)
[69.981s][info][gc,heap        ] GC(316) ParOldGen: 10389177K(10653184K)->10552854K(11799040K)
[69.981s][info][gc,metaspace   ] GC(316) Metaspace: 6301K(6464K)->6301K(6464K) NonClass: 5768K(5824K)->5768K(5824K) Class: 533K(640K)->533K(640K)
[69.981s][info][gc             ] GC(316) Pause Full (Ergonomics) 10314M->10305M(12070M) 3604.538ms
[69.981s][info][gc,cpu         ] GC(316) User=25.83s Sys=0.17s Real=3.61s
[70.197s][info][gc,start       ] GC(317) Pause Young (Allocation Failure)
[70.328s][info][gc,heap        ] GC(317) PSYoungGen: 189952K(561152K)->190464K(561152K) Eden: 189952K(189952K)->0K(189952K) From: 0K(371200K)->190464K(371200K)
[70.328s][info][gc,heap        ] GC(317) ParOldGen: 10552854K(11799040K)->10552854K(11799040K)
[70.328s][info][gc,metaspace   ] GC(317) Metaspace: 6301K(6464K)->6301K(6464K) NonClass: 5768K(5824K)->5768K(5824K) Class: 533K(640K)->533K(640K)
[70.328s][info][gc             ] GC(317) Pause Young (Allocation Failure) 10491M->10491M(12070M) 130.992ms
[70.328s][info][gc,cpu         ] GC(317) User=0.66s Sys=0.00s Real=0.13s
[70.552s][info][gc,start       ] GC(318) Pause Young (Allocation Failure)
[70.773s][info][gc,heap        ] GC(318) PSYoungGen: 380416K(561152K)->354816K(508416K) Eden: 189952K(189952K)->0K(153600K) From: 190464K(371200K)->354816K(354816K)
[70.773s][info][gc,heap        ] GC(318) ParOldGen: 10552854K(11799040K)->10578902K(11799040K)
[70.773s][info][gc,metaspace   ] GC(318) Metaspace: 6301K(6464K)->6301K(6464K) NonClass: 5768K(5824K)->5768K(5824K) Class: 533K(640K)->533K(640K)
[70.773s][info][gc             ] GC(318) Pause Young (Allocation Failure) 10677M->10677M(12019M) 220.815ms
[70.773s][info][gc,cpu         ] GC(318) User=1.50s Sys=0.02s Real=0.22s
[70.960s][info][gc,start       ] GC(319) Pause Young (Allocation Failure)
[71.272s][info][gc,heap        ] GC(319) PSYoungGen: 508416K(508416K)->154048K(561152K) Eden: 153600K(153600K)->0K(153600K) From: 354816K(354816K)->154048K(407552K)
[71.272s][info][gc,heap        ] GC(319) ParOldGen: 10578902K(11799040K)->10936206K(11799040K)
[71.272s][info][gc,metaspace   ] GC(319) Metaspace: 6301K(6464K)->6301K(6464K) NonClass: 5768K(5824K)->5768K(5824K) Class: 533K(640K)->533K(640K)
[71.272s][info][gc             ] GC(319) Pause Young (Allocation Failure) 10827M->10830M(12070M) 311.988ms
[71.272s][info][gc,cpu         ] GC(319) User=1.98s Sys=0.25s Real=0.31s
[71.444s][info][gc,start       ] GC(320) Pause Young (Allocation Failure)
[71.635s][info][gc,heap        ] GC(320) PSYoungGen: 307648K(561152K)->307904K(548864K) Eden: 153600K(153600K)->0K(150528K) From: 154048K(407552K)->307904K(398336K)
[71.635s][info][gc,heap        ] GC(320) ParOldGen: 10936206K(11799040K)->10936206K(11799040K)
[71.635s][info][gc,metaspace   ] GC(320) Metaspace: 6301K(6464K)->6301K(6464K) NonClass: 5768K(5824K)->5768K(5824K) Class: 533K(640K)->533K(640K)
[71.635s][info][gc             ] GC(320) Pause Young (Allocation Failure) 10980M->10980M(12058M) 191.813ms
[71.635s][info][gc,cpu         ] GC(320) User=1.11s Sys=0.00s Real=0.19s
[71.818s][info][gc,start       ] GC(321) Pause Young (Allocation Failure)
[72.089s][info][gc,heap        ] GC(321) PSYoungGen: 458432K(548864K)->416256K(566784K) Eden: 150528K(150528K)->0K(150528K) From: 307904K(398336K)->416256K(416256K)
[72.089s][info][gc,heap        ] GC(321) ParOldGen: 10936206K(11799040K)->10978854K(11799040K)
[72.089s][info][gc,metaspace   ] GC(321) Metaspace: 6301K(6464K)->6301K(6464K) NonClass: 5768K(5824K)->5768K(5824K) Class: 533K(640K)->533K(640K)
[72.089s][info][gc             ] GC(321) Pause Young (Allocation Failure) 11127M->11128M(12076M) 270.184ms
[72.089s][info][gc,cpu         ] GC(321) User=1.73s Sys=0.02s Real=0.27s
[72.262s][info][gc,start       ] GC(322) Pause Young (Allocation Failure)
[72.608s][info][gc,heap        ] GC(322) PSYoungGen: 566784K(566784K)->285376K(636928K) Eden: 150528K(150528K)->0K(167424K) From: 416256K(416256K)->285376K(469504K)
[72.608s][info][gc,heap        ] GC(322) ParOldGen: 10978854K(11799040K)->11262638K(11799040K)
[72.608s][info][gc,metaspace   ] GC(322) Metaspace: 6301K(6464K)->6301K(6464K) NonClass: 5768K(5824K)->5768K(5824K) Class: 533K(640K)->533K(640K)
[72.608s][info][gc             ] GC(322) Pause Young (Allocation Failure) 11275M->11277M(12144M) 346.822ms
[72.608s][info][gc,cpu         ] GC(322) User=1.94s Sys=0.14s Real=0.35s
[77.467s][info][gc,start       ] GC(323) Pause Full (Ergonomics)
[77.467s][info][gc,phases,start] GC(323) Marking Phase
[80.129s][info][gc,phases      ] GC(323) Marking Phase 2661.768ms
[80.129s][info][gc,phases,start] GC(323) Summary Phase
[80.129s][info][gc,phases      ] GC(323) Summary Phase 0.158ms
[80.129s][info][gc,phases,start] GC(323) Adjust Roots
[80.129s][info][gc,phases      ] GC(323) Adjust Roots 0.266ms
[80.129s][info][gc,phases,start] GC(323) Compaction Phase
[81.974s][info][gc,phases      ] GC(323) Compaction Phase 1845.289ms
[81.975s][info][gc,phases,start] GC(323) Post Compact
[81.995s][info][gc,phases      ] GC(323) Post Compact 20.807ms
[81.997s][info][gc,heap        ] GC(323) PSYoungGen: 452800K(636928K)->171727K(644608K) Eden: 167424K(167424K)->0K(175104K) From: 285376K(469504K)->171727K(469504K)
[81.997s][info][gc,heap        ] GC(323) ParOldGen: 11786926K(11799040K)->11798639K(12083200K)
[81.997s][info][gc,metaspace   ] GC(323) Metaspace: 6301K(6464K)->6301K(6464K) NonClass: 5768K(5824K)->5768K(5824K) Class: 533K(640K)->533K(640K)
[81.997s][info][gc             ] GC(323) Pause Full (Ergonomics) 11952M->11689M(12429M) 4529.805ms
[81.997s][info][gc,cpu         ] GC(323) User=31.91s Sys=0.08s Real=4.53s
[82.161s][info][gc,start       ] GC(324) Pause Full (Ergonomics)
[82.161s][info][gc,phases,start] GC(324) Marking Phase
[84.901s][info][gc,phases      ] GC(324) Marking Phase 2740.343ms
[84.901s][info][gc,phases,start] GC(324) Summary Phase
[84.901s][info][gc,phases      ] GC(324) Summary Phase 0.199ms
[84.901s][info][gc,phases,start] GC(324) Adjust Roots
[84.902s][info][gc,phases      ] GC(324) Adjust Roots 0.277ms
[84.902s][info][gc,phases,start] GC(324) Compaction Phase
[85.987s][info][gc,phases      ] GC(324) Compaction Phase 1084.847ms
[85.987s][info][gc,phases,start] GC(324) Post Compact
[86.005s][info][gc,phases      ] GC(324) Post Compact 18.731ms
[86.006s][info][gc,heap        ] GC(324) PSYoungGen: 346831K(644608K)->62671K(644608K) Eden: 175104K(175104K)->0K(175104K) From: 171727K(469504K)->62671K(469504K)
[86.006s][info][gc,heap        ] GC(324) ParOldGen: 11798639K(12083200K)->12082769K(12083200K)
[86.006s][info][gc,metaspace   ] GC(324) Metaspace: 6301K(6464K)->6301K(6464K) NonClass: 5768K(5824K)->5768K(5824K) Class: 533K(640K)->533K(640K)
[86.006s][info][gc             ] GC(324) Pause Full (Ergonomics) 11860M->11860M(12429M) 3844.861ms
[86.006s][info][gc,cpu         ] GC(324) User=26.88s Sys=0.23s Real=3.85s
[86.169s][info][gc,start       ] GC(325) Pause Full (Ergonomics)
[86.169s][info][gc,phases,start] GC(325) Marking Phase
[89.275s][info][gc,phases      ] GC(325) Marking Phase 3105.904ms
[89.275s][info][gc,phases,start] GC(325) Summary Phase
[89.275s][info][gc,phases      ] GC(325) Summary Phase 0.253ms
[89.275s][info][gc,phases,start] GC(325) Adjust Roots
[89.275s][info][gc,phases      ] GC(325) Adjust Roots 0.347ms
[89.275s][info][gc,phases,start] GC(325) Compaction Phase
[90.526s][info][gc,phases      ] GC(325) Compaction Phase 1250.801ms
[90.526s][info][gc,phases,start] GC(325) Post Compact
[90.549s][info][gc,phases      ] GC(325) Post Compact 22.595ms
[90.549s][info][gc,heap        ] GC(325) PSYoungGen: 237775K(644608K)->237740K(644608K) Eden: 175104K(175104K)->175068K(175104K) From: 62671K(469504K)->62671K(469504K)
[90.549s][info][gc,heap        ] GC(325) ParOldGen: 12082769K(12083200K)->12082769K(12083200K)
[90.549s][info][gc,metaspace   ] GC(325) Metaspace: 6301K(6464K)->6301K(6464K) NonClass: 5768K(5824K)->5768K(5824K) Class: 533K(640K)->533K(640K)
[90.549s][info][gc             ] GC(325) Pause Full (Ergonomics) 12031M->12031M(12429M) 4380.361ms
[90.549s][info][gc,cpu         ] GC(325) User=27.05s Sys=2.55s Real=4.38s
[90.549s][info][gc,start       ] GC(326) Pause Full (Ergonomics)
[90.549s][info][gc,phases,start] GC(326) Marking Phase
[93.646s][info][gc,phases      ] GC(326) Marking Phase 3097.156ms
[93.646s][info][gc,phases,start] GC(326) Summary Phase
[93.647s][info][gc,phases      ] GC(326) Summary Phase 0.130ms
[93.647s][info][gc,phases,start] GC(326) Adjust Roots
[93.647s][info][gc,phases      ] GC(326) Adjust Roots 0.200ms
[93.647s][info][gc,phases,start] GC(326) Compaction Phase
[94.860s][info][gc,phases      ] GC(326) Compaction Phase 1212.939ms
[94.860s][info][gc,phases,start] GC(326) Post Compact
[94.882s][info][gc,phases      ] GC(326) Post Compact 21.955ms
[94.882s][info][gc,heap        ] GC(326) PSYoungGen: 237775K(644608K)->237774K(644608K) Eden: 175104K(175104K)->175103K(175104K) From: 62671K(469504K)->62671K(469504K)
[94.882s][info][gc,heap        ] GC(326) ParOldGen: 12082769K(12083200K)->12082769K(12083200K)
[94.882s][info][gc,metaspace   ] GC(326) Metaspace: 6301K(6464K)->6301K(6464K) NonClass: 5768K(5824K)->5768K(5824K) Class: 533K(640K)->533K(640K)
[94.882s][info][gc             ] GC(326) Pause Full (Ergonomics) 12031M->12031M(12429M) 4332.763ms
[94.882s][info][gc,cpu         ] GC(326) User=27.62s Sys=0.00s Real=4.33s
[94.882s][info][gc,start       ] GC(327) Pause Full (Ergonomics)
[94.882s][info][gc,phases,start] GC(327) Marking Phase
[97.643s][info][gc,phases      ] GC(327) Marking Phase 2760.571ms
[97.643s][info][gc,phases,start] GC(327) Summary Phase
[97.643s][info][gc,phases      ] GC(327) Summary Phase 0.110ms
[97.643s][info][gc,phases,start] GC(327) Adjust Roots
[97.643s][info][gc,phases      ] GC(327) Adjust Roots 0.190ms
[97.643s][info][gc,phases,start] GC(327) Compaction Phase
[98.602s][info][gc,phases      ] GC(327) Compaction Phase 958.771ms
[98.602s][info][gc,phases,start] GC(327) Post Compact
[98.620s][info][gc,phases      ] GC(327) Post Compact 18.387ms
[98.620s][info][gc,heap        ] GC(327) PSYoungGen: 237775K(644608K)->237775K(644608K) Eden: 175103K(175104K)->175103K(175104K) From: 62671K(469504K)->62671K(469504K)
[98.620s][info][gc,heap        ] GC(327) ParOldGen: 12082769K(12083200K)->12082769K(12083200K)
[98.620s][info][gc,metaspace   ] GC(327) Metaspace: 6301K(6464K)->6301K(6464K) NonClass: 5768K(5824K)->5768K(5824K) Class: 533K(640K)->533K(640K)
[98.621s][info][gc             ] GC(327) Pause Full (Ergonomics) 12031M->12031M(12429M) 3738.376ms
[98.621s][info][gc,cpu         ] GC(327) User=27.31s Sys=0.00s Real=3.74s
[98.621s][info][gc,start       ] GC(328) Pause Full (Ergonomics)
[98.621s][info][gc,phases,start] GC(328) Marking Phase
[101.371s][info][gc,phases      ] GC(328) Marking Phase 2750.548ms
[101.371s][info][gc,phases,start] GC(328) Summary Phase
[101.371s][info][gc,phases      ] GC(328) Summary Phase 0.130ms
[101.372s][info][gc,phases,start] GC(328) Adjust Roots
[101.372s][info][gc,phases      ] GC(328) Adjust Roots 0.216ms
[101.372s][info][gc,phases,start] GC(328) Compaction Phase
[102.336s][info][gc,phases      ] GC(328) Compaction Phase 963.878ms
[102.336s][info][gc,phases,start] GC(328) Post Compact
[102.356s][info][gc,phases      ] GC(328) Post Compact 20.257ms
[102.356s][info][gc,heap        ] GC(328) PSYoungGen: 237775K(644608K)->237775K(644608K) Eden: 175103K(175104K)->175103K(175104K) From: 62671K(469504K)->62671K(469504K)
[102.356s][info][gc,heap        ] GC(328) ParOldGen: 12082774K(12083200K)->12082774K(12083200K)
[102.356s][info][gc,metaspace   ] GC(328) Metaspace: 6301K(6464K)->6301K(6464K) NonClass: 5768K(5824K)->5768K(5824K) Class: 533K(640K)->533K(640K)
[102.356s][info][gc             ] GC(328) Pause Full (Ergonomics) 12031M->12031M(12429M) 3735.380ms
[102.356s][info][gc,cpu         ] GC(328) User=27.12s Sys=0.00s Real=3.74s
[102.356s][info][gc,start       ] GC(329) Pause Full (Ergonomics)
[102.356s][info][gc,phases,start] GC(329) Marking Phase
[105.124s][info][gc,phases      ] GC(329) Marking Phase 2767.678ms
[105.124s][info][gc,phases,start] GC(329) Summary Phase
[105.124s][info][gc,phases      ] GC(329) Summary Phase 0.110ms
[105.124s][info][gc,phases,start] GC(329) Adjust Roots
[105.124s][info][gc,phases      ] GC(329) Adjust Roots 0.167ms
[105.124s][info][gc,phases,start] GC(329) Compaction Phase
[106.098s][info][gc,phases      ] GC(329) Compaction Phase 973.250ms
[106.098s][info][gc,phases,start] GC(329) Post Compact
[106.116s][info][gc,phases      ] GC(329) Post Compact 18.229ms
[106.116s][info][gc,heap        ] GC(329) PSYoungGen: 237775K(644608K)->237775K(644608K) Eden: 175103K(175104K)->175103K(175104K) From: 62671K(469504K)->62671K(469504K)
[106.116s][info][gc,heap        ] GC(329) ParOldGen: 12082779K(12083200K)->12082779K(12083200K)
[106.116s][info][gc,metaspace   ] GC(329) Metaspace: 6301K(6464K)->6301K(6464K) NonClass: 5768K(5824K)->5768K(5824K) Class: 533K(640K)->533K(640K)
[106.116s][info][gc             ] GC(329) Pause Full (Ergonomics) 12031M->12031M(12429M) 3759.860ms
[106.116s][info][gc,cpu         ] GC(329) User=27.27s Sys=0.00s Real=3.76s
[106.116s][info][gc,start       ] GC(330) Pause Full (Ergonomics)
[106.116s][info][gc,phases,start] GC(330) Marking Phase
[108.915s][info][gc,phases      ] GC(330) Marking Phase 2798.954ms
[108.915s][info][gc,phases,start] GC(330) Summary Phase
[108.916s][info][gc,phases      ] GC(330) Summary Phase 0.109ms
[108.916s][info][gc,phases,start] GC(330) Adjust Roots
[108.916s][info][gc,phases      ] GC(330) Adjust Roots 0.174ms
[108.916s][info][gc,phases,start] GC(330) Compaction Phase
[109.873s][info][gc,phases      ] GC(330) Compaction Phase 957.233ms
[109.873s][info][gc,phases,start] GC(330) Post Compact
[109.891s][info][gc,phases      ] GC(330) Post Compact 18.099ms
[109.891s][info][gc,heap        ] GC(330) PSYoungGen: 237775K(644608K)->237775K(644608K) Eden: 175103K(175104K)->175103K(175104K) From: 62671K(469504K)->62671K(469504K)
[109.891s][info][gc,heap        ] GC(330) ParOldGen: 12082784K(12083200K)->12082784K(12083200K)
[109.891s][info][gc,metaspace   ] GC(330) Metaspace: 6301K(6464K)->6301K(6464K) NonClass: 5768K(5824K)->5768K(5824K) Class: 533K(640K)->533K(640K)
[109.891s][info][gc             ] GC(330) Pause Full (Ergonomics) 12031M->12031M(12429M) 3774.931ms
[109.891s][info][gc,cpu         ] GC(330) User=27.33s Sys=0.02s Real=3.77s
[109.892s][info][gc,start       ] GC(331) Pause Full (Ergonomics)
[109.892s][info][gc,phases,start] GC(331) Marking Phase
[112.724s][info][gc,phases      ] GC(331) Marking Phase 2832.548ms
[112.724s][info][gc,phases,start] GC(331) Summary Phase
[112.724s][info][gc,phases      ] GC(331) Summary Phase 0.188ms
[112.724s][info][gc,phases,start] GC(331) Adjust Roots
[112.725s][info][gc,phases      ] GC(331) Adjust Roots 0.236ms
[112.725s][info][gc,phases,start] GC(331) Compaction Phase
[113.953s][info][gc,phases      ] GC(331) Compaction Phase 1228.097ms
[113.953s][info][gc,phases,start] GC(331) Post Compact
[113.978s][info][gc,phases      ] GC(331) Post Compact 24.673ms
[113.978s][info][gc,heap        ] GC(331) PSYoungGen: 237775K(644608K)->237775K(644608K) Eden: 175103K(175104K)->175103K(175104K) From: 62671K(469504K)->62671K(469504K)
[113.978s][info][gc,heap        ] GC(331) ParOldGen: 12082789K(12083200K)->12082789K(12083200K)
[113.978s][info][gc,metaspace   ] GC(331) Metaspace: 6301K(6464K)->6301K(6464K) NonClass: 5768K(5824K)->5768K(5824K) Class: 533K(640K)->533K(640K)
[113.978s][info][gc             ] GC(331) Pause Full (Ergonomics) 12031M->12031M(12429M) 4086.134ms
[113.978s][info][gc,cpu         ] GC(331) User=27.72s Sys=0.00s Real=4.09s
[113.978s][info][gc,start       ] GC(332) Pause Full (Ergonomics)
[113.978s][info][gc,phases,start] GC(332) Marking Phase
[116.916s][info][gc,phases      ] GC(332) Marking Phase 2938.036ms
[116.916s][info][gc,phases,start] GC(332) Summary Phase
[116.916s][info][gc,phases      ] GC(332) Summary Phase 0.128ms
[116.916s][info][gc,phases,start] GC(332) Adjust Roots
[116.917s][info][gc,phases      ] GC(332) Adjust Roots 0.241ms
[116.917s][info][gc,phases,start] GC(332) Compaction Phase
[117.917s][info][gc,phases      ] GC(332) Compaction Phase 1000.259ms
[117.917s][info][gc,phases,start] GC(332) Post Compact
[117.936s][info][gc,phases      ] GC(332) Post Compact 19.116ms
[117.936s][info][gc,heap        ] GC(332) PSYoungGen: 237775K(644608K)->237775K(644608K) Eden: 175103K(175104K)->175103K(175104K) From: 62671K(469504K)->62671K(469504K)
[117.936s][info][gc,heap        ] GC(332) ParOldGen: 12082793K(12083200K)->12082793K(12083200K)
[117.936s][info][gc,metaspace   ] GC(332) Metaspace: 6301K(6464K)->6301K(6464K) NonClass: 5768K(5824K)->5768K(5824K) Class: 533K(640K)->533K(640K)
[117.936s][info][gc             ] GC(332) Pause Full (Ergonomics) 12031M->12031M(12429M) 3958.174ms
[117.936s][info][gc,cpu         ] GC(332) User=27.73s Sys=0.00s Real=3.96s
[117.936s][info][gc,start       ] GC(333) Pause Full (Ergonomics)
[117.936s][info][gc,phases,start] GC(333) Marking Phase
[120.738s][info][gc,phases      ] GC(333) Marking Phase 2801.767ms
[120.738s][info][gc,phases,start] GC(333) Summary Phase
[120.738s][info][gc,phases      ] GC(333) Summary Phase 0.137ms
[120.738s][info][gc,phases,start] GC(333) Adjust Roots
[120.739s][info][gc,phases      ] GC(333) Adjust Roots 0.288ms
[120.739s][info][gc,phases,start] GC(333) Compaction Phase
[121.753s][info][gc,phases      ] GC(333) Compaction Phase 1014.101ms
[121.753s][info][gc,phases,start] GC(333) Post Compact
[121.771s][info][gc,phases      ] GC(333) Post Compact 18.154ms
[121.771s][info][gc,heap        ] GC(333) PSYoungGen: 237775K(644608K)->237775K(644608K) Eden: 175103K(175104K)->175103K(175104K) From: 62671K(469504K)->62671K(469504K)
[121.771s][info][gc,heap        ] GC(333) ParOldGen: 12082798K(12083200K)->12082798K(12083200K)
[121.771s][info][gc,metaspace   ] GC(333) Metaspace: 6301K(6464K)->6301K(6464K) NonClass: 5768K(5824K)->5768K(5824K) Class: 533K(640K)->533K(640K)
[121.771s][info][gc             ] GC(333) Pause Full (Ergonomics) 12031M->12031M(12429M) 3834.819ms
[121.771s][info][gc,cpu         ] GC(333) User=27.23s Sys=0.00s Real=3.84s
[121.771s][info][gc,start       ] GC(334) Pause Full (Ergonomics)
[121.772s][info][gc,phases,start] GC(334) Marking Phase
[124.592s][info][gc,phases      ] GC(334) Marking Phase 2820.758ms
[124.592s][info][gc,phases,start] GC(334) Summary Phase
[124.592s][info][gc,phases      ] GC(334) Summary Phase 0.133ms
[124.592s][info][gc,phases,start] GC(334) Adjust Roots
[124.593s][info][gc,phases      ] GC(334) Adjust Roots 0.222ms
[124.593s][info][gc,phases,start] GC(334) Compaction Phase
[125.585s][info][gc,phases      ] GC(334) Compaction Phase 992.465ms
[125.585s][info][gc,phases,start] GC(334) Post Compact
[125.604s][info][gc,phases      ] GC(334) Post Compact 19.082ms
[125.604s][info][gc,heap        ] GC(334) PSYoungGen: 237775K(644608K)->237775K(644608K) Eden: 175103K(175104K)->175103K(175104K) From: 62671K(469504K)->62671K(469504K)
[125.604s][info][gc,heap        ] GC(334) ParOldGen: 12082803K(12083200K)->12082803K(12083200K)
[125.604s][info][gc,metaspace   ] GC(334) Metaspace: 6301K(6464K)->6301K(6464K) NonClass: 5768K(5824K)->5768K(5824K) Class: 533K(640K)->533K(640K)
[125.604s][info][gc             ] GC(334) Pause Full (Ergonomics) 12031M->12031M(12429M) 3833.033ms
[125.605s][info][gc,cpu         ] GC(334) User=27.31s Sys=0.03s Real=3.83s
[125.605s][info][gc,start       ] GC(335) Pause Full (Ergonomics)
[125.605s][info][gc,phases,start] GC(335) Marking Phase
[128.446s][info][gc,phases      ] GC(335) Marking Phase 2841.664ms
[128.447s][info][gc,phases,start] GC(335) Summary Phase
[128.447s][info][gc,phases      ] GC(335) Summary Phase 0.153ms
[128.447s][info][gc,phases,start] GC(335) Adjust Roots
[128.447s][info][gc,phases      ] GC(335) Adjust Roots 0.239ms
[128.447s][info][gc,phases,start] GC(335) Compaction Phase
[129.510s][info][gc,phases      ] GC(335) Compaction Phase 1063.138ms
[129.510s][info][gc,phases,start] GC(335) Post Compact
[129.529s][info][gc,phases      ] GC(335) Post Compact 18.980ms
[129.529s][info][gc,heap        ] GC(335) PSYoungGen: 237775K(644608K)->237775K(644608K) Eden: 175103K(175104K)->175103K(175104K) From: 62671K(469504K)->62671K(469504K)
[129.529s][info][gc,heap        ] GC(335) ParOldGen: 12082808K(12083200K)->12082808K(12083200K)
[129.529s][info][gc,metaspace   ] GC(335) Metaspace: 6301K(6464K)->6301K(6464K) NonClass: 5768K(5824K)->5768K(5824K) Class: 533K(640K)->533K(640K)
[129.529s][info][gc             ] GC(335) Pause Full (Ergonomics) 12031M->12031M(12429M) 3924.564ms
[129.529s][info][gc,cpu         ] GC(335) User=27.64s Sys=0.00s Real=3.92s
[129.530s][info][gc,start       ] GC(336) Pause Full (Ergonomics)
[129.530s][info][gc,phases,start] GC(336) Marking Phase
[132.328s][info][gc,phases      ] GC(336) Marking Phase 2798.234ms
[132.328s][info][gc,phases,start] GC(336) Summary Phase
[132.328s][info][gc,phases      ] GC(336) Summary Phase 0.124ms
[132.328s][info][gc,phases,start] GC(336) Adjust Roots
[132.328s][info][gc,phases      ] GC(336) Adjust Roots 0.180ms
[132.328s][info][gc,phases,start] GC(336) Compaction Phase
[133.307s][info][gc,phases      ] GC(336) Compaction Phase 978.754ms
[133.307s][info][gc,phases,start] GC(336) Post Compact
[133.327s][info][gc,phases      ] GC(336) Post Compact 19.891ms
[133.327s][info][gc,heap        ] GC(336) PSYoungGen: 237775K(644608K)->237775K(644608K) Eden: 175103K(175104K)->175103K(175104K) From: 62671K(469504K)->62671K(469504K)
[133.327s][info][gc,heap        ] GC(336) ParOldGen: 12082813K(12083200K)->12082813K(12083200K)
[133.327s][info][gc,metaspace   ] GC(336) Metaspace: 6301K(6464K)->6301K(6464K) NonClass: 5768K(5824K)->5768K(5824K) Class: 533K(640K)->533K(640K)
[133.327s][info][gc             ] GC(336) Pause Full (Ergonomics) 12031M->12031M(12429M) 3797.540ms
[133.327s][info][gc,cpu         ] GC(336) User=27.38s Sys=0.02s Real=3.80s
[133.328s][info][gc,start       ] GC(337) Pause Full (Ergonomics)
[133.328s][info][gc,phases,start] GC(337) Marking Phase
[136.077s][info][gc,phases      ] GC(337) Marking Phase 2749.289ms
[136.077s][info][gc,phases,start] GC(337) Summary Phase
[136.077s][info][gc,phases      ] GC(337) Summary Phase 0.110ms
[136.077s][info][gc,phases,start] GC(337) Adjust Roots
[136.077s][info][gc,phases      ] GC(337) Adjust Roots 0.171ms
[136.077s][info][gc,phases,start] GC(337) Compaction Phase
[137.016s][info][gc,phases      ] GC(337) Compaction Phase 939.166ms
[137.016s][info][gc,phases,start] GC(337) Post Compact
[137.037s][info][gc,phases      ] GC(337) Post Compact 20.613ms
[137.037s][info][gc,heap        ] GC(337) PSYoungGen: 237775K(644608K)->237775K(644608K) Eden: 175103K(175104K)->175103K(175104K) From: 62671K(469504K)->62671K(469504K)
[137.037s][info][gc,heap        ] GC(337) ParOldGen: 12082818K(12083200K)->12082818K(12083200K)
[137.037s][info][gc,metaspace   ] GC(337) Metaspace: 6301K(6464K)->6301K(6464K) NonClass: 5768K(5824K)->5768K(5824K) Class: 533K(640K)->533K(640K)
[137.037s][info][gc             ] GC(337) Pause Full (Ergonomics) 12031M->12031M(12429M) 3709.686ms
[137.037s][info][gc,cpu         ] GC(337) User=27.14s Sys=0.02s Real=3.71s
[137.037s][info][gc,start       ] GC(338) Pause Full (Ergonomics)
[137.038s][info][gc,phases,start] GC(338) Marking Phase
[139.814s][info][gc,phases      ] GC(338) Marking Phase 2776.447ms
[139.814s][info][gc,phases,start] GC(338) Summary Phase
[139.814s][info][gc,phases      ] GC(338) Summary Phase 0.147ms
[139.814s][info][gc,phases,start] GC(338) Adjust Roots
[139.814s][info][gc,phases      ] GC(338) Adjust Roots 0.297ms
[139.815s][info][gc,phases,start] GC(338) Compaction Phase
[140.846s][info][gc,phases      ] GC(338) Compaction Phase 1031.615ms
[140.846s][info][gc,phases,start] GC(338) Post Compact
[140.865s][info][gc,phases      ] GC(338) Post Compact 19.219ms
[140.866s][info][gc,heap        ] GC(338) PSYoungGen: 237775K(644608K)->237775K(644608K) Eden: 175103K(175104K)->175103K(175104K) From: 62671K(469504K)->62671K(469504K)
[140.866s][info][gc,heap        ] GC(338) ParOldGen: 12082822K(12083200K)->12082822K(12083200K)
[140.866s][info][gc,metaspace   ] GC(338) Metaspace: 6301K(6464K)->6301K(6464K) NonClass: 5768K(5824K)->5768K(5824K) Class: 533K(640K)->533K(640K)
[140.866s][info][gc             ] GC(338) Pause Full (Ergonomics) 12031M->12031M(12429M) 3828.096ms
[140.866s][info][gc,cpu         ] GC(338) User=27.48s Sys=0.00s Real=3.83s
[140.866s][info][gc,start       ] GC(339) Pause Full (Ergonomics)
[140.866s][info][gc,phases,start] GC(339) Marking Phase
[143.691s][info][gc,phases      ] GC(339) Marking Phase 2824.792ms
[143.691s][info][gc,phases,start] GC(339) Summary Phase
[143.691s][info][gc,phases      ] GC(339) Summary Phase 0.225ms
[143.691s][info][gc,phases,start] GC(339) Adjust Roots
[143.691s][info][gc,phases      ] GC(339) Adjust Roots 0.385ms
[143.692s][info][gc,phases,start] GC(339) Compaction Phase
[144.672s][info][gc,phases      ] GC(339) Compaction Phase 980.853ms
[144.672s][info][gc,phases,start] GC(339) Post Compact
[144.692s][info][gc,phases      ] GC(339) Post Compact 19.178ms
[144.692s][info][gc,heap        ] GC(339) PSYoungGen: 237775K(644608K)->237775K(644608K) Eden: 175103K(175104K)->175103K(175104K) From: 62671K(469504K)->62671K(469504K)
[144.692s][info][gc,heap        ] GC(339) ParOldGen: 12082827K(12083200K)->12082827K(12083200K)
[144.692s][info][gc,metaspace   ] GC(339) Metaspace: 6301K(6464K)->6301K(6464K) NonClass: 5768K(5824K)->5768K(5824K) Class: 533K(640K)->533K(640K)
[144.692s][info][gc             ] GC(339) Pause Full (Ergonomics) 12031M->12031M(12429M) 3825.882ms
[144.692s][info][gc,cpu         ] GC(339) User=27.39s Sys=0.02s Real=3.83s
[144.692s][info][gc,start       ] GC(340) Pause Full (Ergonomics)
[144.692s][info][gc,phases,start] GC(340) Marking Phase
[147.515s][info][gc,phases      ] GC(340) Marking Phase 2822.550ms
[147.515s][info][gc,phases,start] GC(340) Summary Phase
[147.515s][info][gc,phases      ] GC(340) Summary Phase 0.125ms
[147.515s][info][gc,phases,start] GC(340) Adjust Roots
[147.515s][info][gc,phases      ] GC(340) Adjust Roots 0.238ms
[147.515s][info][gc,phases,start] GC(340) Compaction Phase
[148.480s][info][gc,phases      ] GC(340) Compaction Phase 965.040ms
[148.480s][info][gc,phases,start] GC(340) Post Compact
[148.498s][info][gc,phases      ] GC(340) Post Compact 18.291ms
[148.499s][info][gc,heap        ] GC(340) PSYoungGen: 237775K(644608K)->237775K(644608K) Eden: 175103K(175104K)->175103K(175104K) From: 62671K(469504K)->62671K(469504K)
[148.499s][info][gc,heap        ] GC(340) ParOldGen: 12082832K(12083200K)->12082832K(12083200K)
[148.499s][info][gc,metaspace   ] GC(340) Metaspace: 6301K(6464K)->6301K(6464K) NonClass: 5768K(5824K)->5768K(5824K) Class: 533K(640K)->533K(640K)
[148.499s][info][gc             ] GC(340) Pause Full (Ergonomics) 12031M->12031M(12429M) 3806.578ms
[148.499s][info][gc,cpu         ] GC(340) User=27.33s Sys=0.02s Real=3.81s
[148.499s][info][gc,start       ] GC(341) Pause Full (Ergonomics)
[148.499s][info][gc,phases,start] GC(341) Marking Phase
[151.274s][info][gc,phases      ] GC(341) Marking Phase 2774.856ms
[151.274s][info][gc,phases,start] GC(341) Summary Phase
[151.274s][info][gc,phases      ] GC(341) Summary Phase 0.117ms
[151.274s][info][gc,phases,start] GC(341) Adjust Roots
[151.274s][info][gc,phases      ] GC(341) Adjust Roots 0.181ms
[151.274s][info][gc,phases,start] GC(341) Compaction Phase
[152.254s][info][gc,phases      ] GC(341) Compaction Phase 979.425ms
[152.254s][info][gc,phases,start] GC(341) Post Compact
[152.273s][info][gc,phases      ] GC(341) Post Compact 19.649ms
[152.273s][info][gc,heap        ] GC(341) PSYoungGen: 237775K(644608K)->237775K(644608K) Eden: 175103K(175104K)->175103K(175104K) From: 62671K(469504K)->62671K(469504K)
[152.273s][info][gc,heap        ] GC(341) ParOldGen: 12082837K(12083200K)->12082837K(12083200K)
[152.273s][info][gc,metaspace   ] GC(341) Metaspace: 6301K(6464K)->6301K(6464K) NonClass: 5768K(5824K)->5768K(5824K) Class: 533K(640K)->533K(640K)
[152.273s][info][gc             ] GC(341) Pause Full (Ergonomics) 12031M->12031M(12429M) 3774.593ms
[152.274s][info][gc,cpu         ] GC(341) User=27.38s Sys=0.05s Real=3.78s
[152.274s][info][gc,start       ] GC(342) Pause Full (Ergonomics)
[152.274s][info][gc,phases,start] GC(342) Marking Phase
[155.069s][info][gc,phases      ] GC(342) Marking Phase 2795.637ms
[155.069s][info][gc,phases,start] GC(342) Summary Phase
[155.070s][info][gc,phases      ] GC(342) Summary Phase 0.297ms
[155.070s][info][gc,phases,start] GC(342) Adjust Roots
[155.070s][info][gc,phases      ] GC(342) Adjust Roots 0.202ms
[155.070s][info][gc,phases,start] GC(342) Compaction Phase
[156.029s][info][gc,phases      ] GC(342) Compaction Phase 959.291ms
[156.029s][info][gc,phases,start] GC(342) Post Compact
[156.048s][info][gc,phases      ] GC(342) Post Compact 18.197ms
[156.048s][info][gc,heap        ] GC(342) PSYoungGen: 237775K(644608K)->237775K(644608K) Eden: 175103K(175104K)->175103K(175104K) From: 62671K(469504K)->62671K(469504K)
[156.048s][info][gc,heap        ] GC(342) ParOldGen: 12082842K(12083200K)->12082842K(12083200K)
[156.048s][info][gc,metaspace   ] GC(342) Metaspace: 6301K(6464K)->6301K(6464K) NonClass: 5768K(5824K)->5768K(5824K) Class: 533K(640K)->533K(640K)
[156.048s][info][gc             ] GC(342) Pause Full (Ergonomics) 12031M->12031M(12429M) 3773.968ms
[156.048s][info][gc,cpu         ] GC(342) User=27.53s Sys=0.02s Real=3.77s
[156.048s][info][gc,start       ] GC(343) Pause Full (Ergonomics)
[156.048s][info][gc,phases,start] GC(343) Marking Phase
[158.826s][info][gc,phases      ] GC(343) Marking Phase 2777.925ms
[158.826s][info][gc,phases,start] GC(343) Summary Phase
[158.826s][info][gc,phases      ] GC(343) Summary Phase 0.115ms
[158.826s][info][gc,phases,start] GC(343) Adjust Roots
[158.826s][info][gc,phases      ] GC(343) Adjust Roots 0.198ms
[158.826s][info][gc,phases,start] GC(343) Compaction Phase
[159.806s][info][gc,phases      ] GC(343) Compaction Phase 979.889ms
[159.806s][info][gc,phases,start] GC(343) Post Compact
[159.824s][info][gc,phases      ] GC(343) Post Compact 18.143ms
[159.825s][info][gc,heap        ] GC(343) PSYoungGen: 237775K(644608K)->237775K(644608K) Eden: 175103K(175104K)->175103K(175104K) From: 62671K(469504K)->62671K(469504K)
[159.825s][info][gc,heap        ] GC(343) ParOldGen: 12082847K(12083200K)->12082847K(12083200K)
[159.825s][info][gc,metaspace   ] GC(343) Metaspace: 6301K(6464K)->6301K(6464K) NonClass: 5768K(5824K)->5768K(5824K) Class: 533K(640K)->533K(640K)
[159.825s][info][gc             ] GC(343) Pause Full (Ergonomics) 12031M->12031M(12429M) 3776.600ms
[159.825s][info][gc,cpu         ] GC(343) User=27.39s Sys=0.00s Real=3.78s
[159.825s][info][gc,start       ] GC(344) Pause Full (Ergonomics)
[159.825s][info][gc,phases,start] GC(344) Marking Phase
[162.605s][info][gc,phases      ] GC(344) Marking Phase 2779.901ms
[162.605s][info][gc,phases,start] GC(344) Summary Phase
[162.605s][info][gc,phases      ] GC(344) Summary Phase 0.109ms
[162.605s][info][gc,phases,start] GC(344) Adjust Roots
[162.605s][info][gc,phases      ] GC(344) Adjust Roots 0.174ms
[162.605s][info][gc,phases,start] GC(344) Compaction Phase
[163.523s][info][gc,phases      ] GC(344) Compaction Phase 917.433ms
[163.523s][info][gc,phases,start] GC(344) Post Compact
[163.541s][info][gc,phases      ] GC(344) Post Compact 17.955ms
[163.541s][info][gc,heap        ] GC(344) PSYoungGen: 237775K(644608K)->237775K(644608K) Eden: 175103K(175104K)->175103K(175104K) From: 62671K(469504K)->62671K(469504K)
[163.541s][info][gc,heap        ] GC(344) ParOldGen: 12082851K(12083200K)->12082851K(12083200K)
[163.541s][info][gc,metaspace   ] GC(344) Metaspace: 6301K(6464K)->6301K(6464K) NonClass: 5768K(5824K)->5768K(5824K) Class: 533K(640K)->533K(640K)
[163.541s][info][gc             ] GC(344) Pause Full (Ergonomics) 12031M->12031M(12429M) 3715.928ms
[163.541s][info][gc,cpu         ] GC(344) User=27.28s Sys=0.00s Real=3.72s
[163.541s][info][gc,start       ] GC(345) Pause Full (Ergonomics)
[163.541s][info][gc,phases,start] GC(345) Marking Phase
[166.292s][info][gc,phases      ] GC(345) Marking Phase 2750.567ms
[166.292s][info][gc,phases,start] GC(345) Summary Phase
[166.292s][info][gc,phases      ] GC(345) Summary Phase 0.110ms
[166.292s][info][gc,phases,start] GC(345) Adjust Roots
[166.292s][info][gc,phases      ] GC(345) Adjust Roots 0.166ms
[166.292s][info][gc,phases,start] GC(345) Compaction Phase
[167.243s][info][gc,phases      ] GC(345) Compaction Phase 950.613ms
[167.243s][info][gc,phases,start] GC(345) Post Compact
[167.261s][info][gc,phases      ] GC(345) Post Compact 17.921ms
[167.261s][info][gc,heap        ] GC(345) PSYoungGen: 237775K(644608K)->237775K(644608K) Eden: 175103K(175104K)->175103K(175104K) From: 62671K(469504K)->62671K(469504K)
[167.261s][info][gc,heap        ] GC(345) ParOldGen: 12082856K(12083200K)->12082856K(12083200K)
[167.261s][info][gc,metaspace   ] GC(345) Metaspace: 6301K(6464K)->6301K(6464K) NonClass: 5768K(5824K)->5768K(5824K) Class: 533K(640K)->533K(640K)
[167.261s][info][gc             ] GC(345) Pause Full (Ergonomics) 12031M->12031M(12429M) 3719.725ms
[167.261s][info][gc,cpu         ] GC(345) User=27.12s Sys=0.00s Real=3.72s
[167.261s][info][gc,start       ] GC(346) Pause Full (Ergonomics)
[167.261s][info][gc,phases,start] GC(346) Marking Phase
[170.025s][info][gc,phases      ] GC(346) Marking Phase 2764.392ms
[170.026s][info][gc,phases,start] GC(346) Summary Phase
[170.026s][info][gc,phases      ] GC(346) Summary Phase 0.110ms
[170.026s][info][gc,phases,start] GC(346) Adjust Roots
[170.026s][info][gc,phases      ] GC(346) Adjust Roots 0.260ms
[170.026s][info][gc,phases,start] GC(346) Compaction Phase
[171.010s][info][gc,phases      ] GC(346) Compaction Phase 984.453ms
[171.010s][info][gc,phases,start] GC(346) Post Compact
[171.030s][info][gc,phases      ] GC(346) Post Compact 19.067ms
[171.030s][info][gc,heap        ] GC(346) PSYoungGen: 237775K(644608K)->237775K(644608K) Eden: 175103K(175104K)->175103K(175104K) From: 62671K(469504K)->62671K(469504K)
[171.030s][info][gc,heap        ] GC(346) ParOldGen: 12082861K(12083200K)->12082861K(12083200K)
[171.030s][info][gc,metaspace   ] GC(346) Metaspace: 6301K(6464K)->6301K(6464K) NonClass: 5768K(5824K)->5768K(5824K) Class: 533K(640K)->533K(640K)
[171.030s][info][gc             ] GC(346) Pause Full (Ergonomics) 12031M->12031M(12429M) 3768.654ms
[171.030s][info][gc,cpu         ] GC(346) User=27.34s Sys=0.00s Real=3.77s
[171.030s][info][gc,start       ] GC(347) Pause Full (Ergonomics)
[171.030s][info][gc,phases,start] GC(347) Marking Phase
[173.868s][info][gc,phases      ] GC(347) Marking Phase 2838.133ms
[173.868s][info][gc,phases,start] GC(347) Summary Phase
[173.868s][info][gc,phases      ] GC(347) Summary Phase 0.206ms
[173.868s][info][gc,phases,start] GC(347) Adjust Roots
[173.869s][info][gc,phases      ] GC(347) Adjust Roots 0.305ms
[173.869s][info][gc,phases,start] GC(347) Compaction Phase
[174.889s][info][gc,phases      ] GC(347) Compaction Phase 1020.310ms
[174.889s][info][gc,phases,start] GC(347) Post Compact
[174.913s][info][gc,phases      ] GC(347) Post Compact 24.039ms
[174.913s][info][gc,heap        ] GC(347) PSYoungGen: 237775K(644608K)->237775K(644608K) Eden: 175103K(175104K)->175103K(175104K) From: 62671K(469504K)->62671K(469504K)
[174.913s][info][gc,heap        ] GC(347) ParOldGen: 12082866K(12083200K)->12082866K(12083200K)
[174.913s][info][gc,metaspace   ] GC(347) Metaspace: 6301K(6464K)->6301K(6464K) NonClass: 5768K(5824K)->5768K(5824K) Class: 533K(640K)->533K(640K)
[174.913s][info][gc             ] GC(347) Pause Full (Ergonomics) 12031M->12031M(12429M) 3883.433ms
[174.913s][info][gc,cpu         ] GC(347) User=27.34s Sys=0.02s Real=3.88s
[174.914s][info][gc,start       ] GC(348) Pause Full (Ergonomics)
[174.914s][info][gc,phases,start] GC(348) Marking Phase
[177.761s][info][gc,phases      ] GC(348) Marking Phase 2847.267ms
[177.761s][info][gc,phases,start] GC(348) Summary Phase
[177.761s][info][gc,phases      ] GC(348) Summary Phase 0.130ms
[177.761s][info][gc,phases,start] GC(348) Adjust Roots
[177.762s][info][gc,phases      ] GC(348) Adjust Roots 0.278ms
[177.762s][info][gc,phases,start] GC(348) Compaction Phase
[178.708s][info][gc,phases      ] GC(348) Compaction Phase 946.591ms
[178.708s][info][gc,phases,start] GC(348) Post Compact
[178.726s][info][gc,phases      ] GC(348) Post Compact 18.135ms
[178.726s][info][gc,heap        ] GC(348) PSYoungGen: 237775K(644608K)->237775K(644608K) Eden: 175103K(175104K)->175103K(175104K) From: 62671K(469504K)->62671K(469504K)
[178.727s][info][gc,heap        ] GC(348) ParOldGen: 12082871K(12083200K)->12082871K(12083200K)
[178.727s][info][gc,metaspace   ] GC(348) Metaspace: 6301K(6464K)->6301K(6464K) NonClass: 5768K(5824K)->5768K(5824K) Class: 533K(640K)->533K(640K)
[178.727s][info][gc             ] GC(348) Pause Full (Ergonomics) 12031M->12031M(12429M) 3812.890ms
[178.727s][info][gc,cpu         ] GC(348) User=27.28s Sys=0.00s Real=3.81s
[178.727s][info][gc,start       ] GC(349) Pause Full (Ergonomics)
[178.727s][info][gc,phases,start] GC(349) Marking Phase
[181.514s][info][gc,phases      ] GC(349) Marking Phase 2787.320ms
[181.514s][info][gc,phases,start] GC(349) Summary Phase
[181.514s][info][gc,phases      ] GC(349) Summary Phase 0.109ms
[181.514s][info][gc,phases,start] GC(349) Adjust Roots
[181.515s][info][gc,phases      ] GC(349) Adjust Roots 0.165ms
[181.515s][info][gc,phases,start] GC(349) Compaction Phase
[182.435s][info][gc,phases      ] GC(349) Compaction Phase 920.657ms
[182.435s][info][gc,phases,start] GC(349) Post Compact
[182.453s][info][gc,phases      ] GC(349) Post Compact 18.176ms
[182.454s][info][gc,heap        ] GC(349) PSYoungGen: 237775K(644608K)->237775K(644608K) Eden: 175103K(175104K)->175103K(175104K) From: 62671K(469504K)->62671K(469504K)
[182.454s][info][gc,heap        ] GC(349) ParOldGen: 12082876K(12083200K)->12082876K(12083200K)
[182.454s][info][gc,metaspace   ] GC(349) Metaspace: 6301K(6464K)->6301K(6464K) NonClass: 5768K(5824K)->5768K(5824K) Class: 533K(640K)->533K(640K)
[182.454s][info][gc             ] GC(349) Pause Full (Ergonomics) 12031M->12031M(12429M) 3726.776ms
[182.454s][info][gc,cpu         ] GC(349) User=27.17s Sys=0.00s Real=3.73s
[182.454s][info][gc,start       ] GC(350) Pause Full (Ergonomics)
[182.454s][info][gc,phases,start] GC(350) Marking Phase
[185.183s][info][gc,phases      ] GC(350) Marking Phase 2728.817ms
[185.183s][info][gc,phases,start] GC(350) Summary Phase
[185.183s][info][gc,phases      ] GC(350) Summary Phase 0.109ms
[185.183s][info][gc,phases,start] GC(350) Adjust Roots
[185.183s][info][gc,phases      ] GC(350) Adjust Roots 0.172ms
[185.183s][info][gc,phases,start] GC(350) Compaction Phase
[186.106s][info][gc,phases      ] GC(350) Compaction Phase 923.017ms
[186.106s][info][gc,phases,start] GC(350) Post Compact
[186.125s][info][gc,phases      ] GC(350) Post Compact 18.634ms
[186.125s][info][gc,heap        ] GC(350) PSYoungGen: 237775K(644608K)->237775K(644608K) Eden: 175103K(175104K)->175103K(175104K) From: 62671K(469504K)->62671K(469504K)
[186.125s][info][gc,heap        ] GC(350) ParOldGen: 12082880K(12083200K)->12082880K(12083200K)
[186.125s][info][gc,metaspace   ] GC(350) Metaspace: 6301K(6464K)->6301K(6464K) NonClass: 5768K(5824K)->5768K(5824K) Class: 533K(640K)->533K(640K)
[186.125s][info][gc             ] GC(350) Pause Full (Ergonomics) 12031M->12031M(12429M) 3671.119ms
[186.125s][info][gc,cpu         ] GC(350) User=26.75s Sys=0.00s Real=3.67s
[186.125s][info][gc,start       ] GC(351) Pause Full (Ergonomics)
[186.125s][info][gc,phases,start] GC(351) Marking Phase
[188.894s][info][gc,phases      ] GC(351) Marking Phase 2769.225ms
[188.894s][info][gc,phases,start] GC(351) Summary Phase
[188.895s][info][gc,phases      ] GC(351) Summary Phase 0.109ms
[188.895s][info][gc,phases,start] GC(351) Adjust Roots
[188.895s][info][gc,phases      ] GC(351) Adjust Roots 0.169ms
[188.895s][info][gc,phases,start] GC(351) Compaction Phase
[189.820s][info][gc,phases      ] GC(351) Compaction Phase 924.822ms
[189.820s][info][gc,phases,start] GC(351) Post Compact
[189.838s][info][gc,phases      ] GC(351) Post Compact 18.428ms
[189.838s][info][gc,heap        ] GC(351) PSYoungGen: 237775K(644608K)->237775K(644608K) Eden: 175103K(175104K)->175103K(175104K) From: 62671K(469504K)->62671K(469504K)
[189.838s][info][gc,heap        ] GC(351) ParOldGen: 12082885K(12083200K)->12082885K(12083200K)
[189.838s][info][gc,metaspace   ] GC(351) Metaspace: 6301K(6464K)->6301K(6464K) NonClass: 5768K(5824K)->5768K(5824K) Class: 533K(640K)->533K(640K)
[189.838s][info][gc             ] GC(351) Pause Full (Ergonomics) 12031M->12031M(12429M) 3713.287ms
[189.838s][info][gc,cpu         ] GC(351) User=26.97s Sys=0.03s Real=3.71s
[189.839s][info][gc,start       ] GC(352) Pause Full (Ergonomics)
[189.839s][info][gc,phases,start] GC(352) Marking Phase
[192.614s][info][gc,phases      ] GC(352) Marking Phase 2774.872ms
[192.614s][info][gc,phases,start] GC(352) Summary Phase
[192.614s][info][gc,phases      ] GC(352) Summary Phase 0.109ms
[192.614s][info][gc,phases,start] GC(352) Adjust Roots
[192.614s][info][gc,phases      ] GC(352) Adjust Roots 0.165ms
[192.614s][info][gc,phases,start] GC(352) Compaction Phase
[193.546s][info][gc,phases      ] GC(352) Compaction Phase 932.317ms
[193.546s][info][gc,phases,start] GC(352) Post Compact
[193.567s][info][gc,phases      ] GC(352) Post Compact 20.344ms
[193.567s][info][gc,heap        ] GC(352) PSYoungGen: 237775K(644608K)->237775K(644608K) Eden: 175103K(175104K)->175103K(175104K) From: 62671K(469504K)->62671K(469504K)
[193.567s][info][gc,heap        ] GC(352) ParOldGen: 12082890K(12083200K)->12082890K(12083200K)
[193.567s][info][gc,metaspace   ] GC(352) Metaspace: 6301K(6464K)->6301K(6464K) NonClass: 5768K(5824K)->5768K(5824K) Class: 533K(640K)->533K(640K)
[193.567s][info][gc             ] GC(352) Pause Full (Ergonomics) 12031M->12031M(12429M) 3728.146ms
[193.567s][info][gc,cpu         ] GC(352) User=27.11s Sys=0.00s Real=3.73s
[193.567s][info][gc,start       ] GC(353) Pause Full (Ergonomics)
[193.567s][info][gc,phases,start] GC(353) Marking Phase
[196.320s][info][gc,phases      ] GC(353) Marking Phase 2752.948ms
[196.320s][info][gc,phases,start] GC(353) Summary Phase
[196.320s][info][gc,phases      ] GC(353) Summary Phase 0.117ms
[196.320s][info][gc,phases,start] GC(353) Adjust Roots
[196.320s][info][gc,phases      ] GC(353) Adjust Roots 0.200ms
[196.320s][info][gc,phases,start] GC(353) Compaction Phase
[197.257s][info][gc,phases      ] GC(353) Compaction Phase 936.086ms
[197.257s][info][gc,phases,start] GC(353) Post Compact
[197.276s][info][gc,phases      ] GC(353) Post Compact 19.066ms
[197.276s][info][gc,heap        ] GC(353) PSYoungGen: 237775K(644608K)->237775K(644608K) Eden: 175103K(175104K)->175103K(175104K) From: 62671K(469504K)->62671K(469504K)
[197.276s][info][gc,heap        ] GC(353) ParOldGen: 12082895K(12083200K)->12082895K(12083200K)
[197.276s][info][gc,metaspace   ] GC(353) Metaspace: 6301K(6464K)->6301K(6464K) NonClass: 5768K(5824K)->5768K(5824K) Class: 533K(640K)->533K(640K)
[197.276s][info][gc             ] GC(353) Pause Full (Ergonomics) 12031M->12031M(12429M) 3708.770ms
[197.276s][info][gc,cpu         ] GC(353) User=26.62s Sys=0.00s Real=3.71s
[197.276s][info][gc,start       ] GC(354) Pause Full (Ergonomics)
[197.276s][info][gc,phases,start] GC(354) Marking Phase
[200.046s][info][gc,phases      ] GC(354) Marking Phase 2770.347ms
[200.046s][info][gc,phases,start] GC(354) Summary Phase
[200.047s][info][gc,phases      ] GC(354) Summary Phase 0.109ms
[200.047s][info][gc,phases,start] GC(354) Adjust Roots
[200.047s][info][gc,phases      ] GC(354) Adjust Roots 0.172ms
[200.047s][info][gc,phases,start] GC(354) Compaction Phase
[200.950s][info][gc,phases      ] GC(354) Compaction Phase 903.579ms
[200.950s][info][gc,phases,start] GC(354) Post Compact
[200.969s][info][gc,phases      ] GC(354) Post Compact 18.137ms
[200.969s][info][gc,heap        ] GC(354) PSYoungGen: 237775K(644608K)->237775K(644608K) Eden: 175103K(175104K)->175103K(175104K) From: 62671K(469504K)->62671K(469504K)
[200.969s][info][gc,heap        ] GC(354) ParOldGen: 12082900K(12083200K)->12082900K(12083200K)
[200.969s][info][gc,metaspace   ] GC(354) Metaspace: 6301K(6464K)->6301K(6464K) NonClass: 5768K(5824K)->5768K(5824K) Class: 533K(640K)->533K(640K)
[200.969s][info][gc             ] GC(354) Pause Full (Ergonomics) 12031M->12031M(12429M) 3692.696ms
[200.969s][info][gc,cpu         ] GC(354) User=27.12s Sys=0.03s Real=3.69s
[200.969s][info][gc,start       ] GC(355) Pause Full (Ergonomics)
[200.969s][info][gc,phases,start] GC(355) Marking Phase
[203.804s][info][gc,phases      ] GC(355) Marking Phase 2835.090ms
[203.804s][info][gc,phases,start] GC(355) Summary Phase
[203.804s][info][gc,phases      ] GC(355) Summary Phase 0.218ms
[203.804s][info][gc,phases,start] GC(355) Adjust Roots
[203.805s][info][gc,phases      ] GC(355) Adjust Roots 0.436ms
[203.805s][info][gc,phases,start] GC(355) Compaction Phase
[204.900s][info][gc,phases      ] GC(355) Compaction Phase 1095.524ms
[204.900s][info][gc,phases,start] GC(355) Post Compact
[204.925s][info][gc,phases      ] GC(355) Post Compact 24.855ms
[204.925s][info][gc,heap        ] GC(355) PSYoungGen: 237775K(644608K)->237775K(644608K) Eden: 175103K(175104K)->175103K(175104K) From: 62671K(469504K)->62671K(469504K)
[204.925s][info][gc,heap        ] GC(355) ParOldGen: 12082905K(12083200K)->12082905K(12083200K)
[204.925s][info][gc,metaspace   ] GC(355) Metaspace: 6301K(6464K)->6301K(6464K) NonClass: 5768K(5824K)->5768K(5824K) Class: 533K(640K)->533K(640K)
[204.926s][info][gc             ] GC(355) Pause Full (Ergonomics) 12031M->12031M(12429M) 3956.576ms
[204.926s][info][gc,cpu         ] GC(355) User=27.30s Sys=0.02s Real=3.96s
[204.926s][info][gc,start       ] GC(356) Pause Full (Ergonomics)
[204.926s][info][gc,phases,start] GC(356) Marking Phase
[207.977s][info][gc,phases      ] GC(356) Marking Phase 3050.742ms
[207.977s][info][gc,phases,start] GC(356) Summary Phase
[207.977s][info][gc,phases      ] GC(356) Summary Phase 0.211ms
[207.977s][info][gc,phases,start] GC(356) Adjust Roots
[207.978s][info][gc,phases      ] GC(356) Adjust Roots 0.378ms
[207.978s][info][gc,phases,start] GC(356) Compaction Phase
[209.121s][info][gc,phases      ] GC(356) Compaction Phase 1143.374ms
[209.121s][info][gc,phases,start] GC(356) Post Compact
[209.140s][info][gc,phases      ] GC(356) Post Compact 19.134ms
[209.140s][info][gc,heap        ] GC(356) PSYoungGen: 237775K(644608K)->237775K(644608K) Eden: 175103K(175104K)->175103K(175104K) From: 62671K(469504K)->62671K(469504K)
[209.140s][info][gc,heap        ] GC(356) ParOldGen: 12082909K(12083200K)->12082909K(12083200K)
[209.140s][info][gc,metaspace   ] GC(356) Metaspace: 6301K(6464K)->6301K(6464K) NonClass: 5768K(5824K)->5768K(5824K) Class: 533K(640K)->533K(640K)
[209.140s][info][gc             ] GC(356) Pause Full (Ergonomics) 12031M->12031M(12429M) 4214.275ms
[209.140s][info][gc,cpu         ] GC(356) User=27.27s Sys=0.05s Real=4.21s
[209.141s][info][gc,start       ] GC(357) Pause Full (Ergonomics)
[209.141s][info][gc,phases,start] GC(357) Marking Phase
[211.917s][info][gc,phases      ] GC(357) Marking Phase 2776.292ms
[211.917s][info][gc,phases,start] GC(357) Summary Phase
[211.917s][info][gc,phases      ] GC(357) Summary Phase 0.126ms
[211.917s][info][gc,phases,start] GC(357) Adjust Roots
[211.917s][info][gc,phases      ] GC(357) Adjust Roots 0.230ms
[211.917s][info][gc,phases,start] GC(357) Compaction Phase
[212.853s][info][gc,phases      ] GC(357) Compaction Phase 936.122ms
[212.854s][info][gc,phases,start] GC(357) Post Compact
[212.873s][info][gc,phases      ] GC(357) Post Compact 19.598ms
[212.873s][info][gc,heap        ] GC(357) PSYoungGen: 237775K(644608K)->237775K(644608K) Eden: 175103K(175104K)->175103K(175104K) From: 62671K(469504K)->62671K(469504K)
[212.873s][info][gc,heap        ] GC(357) ParOldGen: 12082914K(12083200K)->12082914K(12083200K)
[212.873s][info][gc,metaspace   ] GC(357) Metaspace: 6301K(6464K)->6301K(6464K) NonClass: 5768K(5824K)->5768K(5824K) Class: 533K(640K)->533K(640K)
[212.873s][info][gc             ] GC(357) Pause Full (Ergonomics) 12031M->12031M(12429M) 3732.738ms
[212.873s][info][gc,cpu         ] GC(357) User=26.97s Sys=0.02s Real=3.73s
[212.873s][info][gc,start       ] GC(358) Pause Full (Ergonomics)
[212.873s][info][gc,phases,start] GC(358) Marking Phase
[215.736s][info][gc,phases      ] GC(358) Marking Phase 2862.151ms
[215.736s][info][gc,phases,start] GC(358) Summary Phase
[215.736s][info][gc,phases      ] GC(358) Summary Phase 0.189ms
[215.736s][info][gc,phases,start] GC(358) Adjust Roots
[215.736s][info][gc,phases      ] GC(358) Adjust Roots 0.342ms
[215.736s][info][gc,phases,start] GC(358) Compaction Phase
[216.746s][info][gc,phases      ] GC(358) Compaction Phase 1009.253ms
[216.746s][info][gc,phases,start] GC(358) Post Compact
[216.770s][info][gc,phases      ] GC(358) Post Compact 24.729ms
[216.770s][info][gc,heap        ] GC(358) PSYoungGen: 237775K(644608K)->237775K(644608K) Eden: 175103K(175104K)->175103K(175104K) From: 62671K(469504K)->62671K(469504K)
[216.770s][info][gc,heap        ] GC(358) ParOldGen: 12082919K(12083200K)->12082919K(12083200K)
[216.770s][info][gc,metaspace   ] GC(358) Metaspace: 6301K(6464K)->6301K(6464K) NonClass: 5768K(5824K)->5768K(5824K) Class: 533K(640K)->533K(640K)
[216.771s][info][gc             ] GC(358) Pause Full (Ergonomics) 12031M->12031M(12429M) 3897.079ms
[216.771s][info][gc,cpu         ] GC(358) User=27.47s Sys=0.02s Real=3.90s
[216.771s][info][gc,start       ] GC(359) Pause Full (Ergonomics)
[216.771s][info][gc,phases,start] GC(359) Marking Phase
[219.718s][info][gc,phases      ] GC(359) Marking Phase 2947.289ms
[219.718s][info][gc,phases,start] GC(359) Summary Phase
[219.718s][info][gc,phases      ] GC(359) Summary Phase 0.211ms
[219.718s][info][gc,phases,start] GC(359) Adjust Roots
[219.719s][info][gc,phases      ] GC(359) Adjust Roots 0.370ms
[219.719s][info][gc,phases,start] GC(359) Compaction Phase
[220.707s][info][gc,phases      ] GC(359) Compaction Phase 987.939ms
[220.707s][info][gc,phases,start] GC(359) Post Compact
[220.726s][info][gc,phases      ] GC(359) Post Compact 19.076ms
[220.726s][info][gc,heap        ] GC(359) PSYoungGen: 237775K(644608K)->237775K(644608K) Eden: 175103K(175104K)->175103K(175104K) From: 62671K(469504K)->62671K(469504K)
[220.726s][info][gc,heap        ] GC(359) ParOldGen: 12082924K(12083200K)->12082924K(12083200K)
[220.726s][info][gc,metaspace   ] GC(359) Metaspace: 6301K(6464K)->6301K(6464K) NonClass: 5768K(5824K)->5768K(5824K) Class: 533K(640K)->533K(640K)
[220.726s][info][gc             ] GC(359) Pause Full (Ergonomics) 12031M->12031M(12429M) 3955.241ms
[220.726s][info][gc,cpu         ] GC(359) User=27.45s Sys=0.00s Real=3.95s
[220.726s][info][gc,start       ] GC(360) Pause Full (Ergonomics)
[220.726s][info][gc,phases,start] GC(360) Marking Phase
[223.496s][info][gc,phases      ] GC(360) Marking Phase 2769.991ms
[223.496s][info][gc,phases,start] GC(360) Summary Phase
[223.496s][info][gc,phases      ] GC(360) Summary Phase 0.165ms
[223.497s][info][gc,phases,start] GC(360) Adjust Roots
[223.497s][info][gc,phases      ] GC(360) Adjust Roots 0.261ms
[223.497s][info][gc,phases,start] GC(360) Compaction Phase
[224.477s][info][gc,phases      ] GC(360) Compaction Phase 980.292ms
[224.477s][info][gc,phases,start] GC(360) Post Compact
[224.498s][info][gc,phases      ] GC(360) Post Compact 20.561ms
[224.498s][info][gc,heap        ] GC(360) PSYoungGen: 237775K(644608K)->237775K(644608K) Eden: 175103K(175104K)->175103K(175104K) From: 62671K(469504K)->62671K(469504K)
[224.498s][info][gc,heap        ] GC(360) ParOldGen: 12082929K(12083200K)->12082929K(12083200K)
[224.498s][info][gc,metaspace   ] GC(360) Metaspace: 6301K(6464K)->6301K(6464K) NonClass: 5768K(5824K)->5768K(5824K) Class: 533K(640K)->533K(640K)
[224.498s][info][gc             ] GC(360) Pause Full (Ergonomics) 12031M->12031M(12429M) 3771.681ms
[224.498s][info][gc,cpu         ] GC(360) User=26.94s Sys=0.00s Real=3.77s
[224.498s][info][gc,start       ] GC(361) Pause Full (Ergonomics)
[224.498s][info][gc,phases,start] GC(361) Marking Phase
[227.516s][info][gc,phases      ] GC(361) Marking Phase 3017.426ms
[227.516s][info][gc,phases,start] GC(361) Summary Phase
[227.516s][info][gc,phases      ] GC(361) Summary Phase 0.179ms
[227.516s][info][gc,phases,start] GC(361) Adjust Roots
[227.516s][info][gc,phases      ] GC(361) Adjust Roots 0.346ms
[227.516s][info][gc,phases,start] GC(361) Compaction Phase
[228.597s][info][gc,phases      ] GC(361) Compaction Phase 1081.182ms
[228.598s][info][gc,phases,start] GC(361) Post Compact
[228.617s][info][gc,phases      ] GC(361) Post Compact 19.164ms
[228.617s][info][gc,heap        ] GC(361) PSYoungGen: 237775K(644608K)->237775K(644608K) Eden: 175103K(175104K)->175103K(175104K) From: 62671K(469504K)->62671K(469504K)
[228.617s][info][gc,heap        ] GC(361) ParOldGen: 12082934K(12083200K)->12082934K(12083200K)
[228.617s][info][gc,metaspace   ] GC(361) Metaspace: 6301K(6464K)->6301K(6464K) NonClass: 5768K(5824K)->5768K(5824K) Class: 533K(640K)->533K(640K)
[228.617s][info][gc             ] GC(361) Pause Full (Ergonomics) 12031M->12031M(12429M) 4118.720ms
[228.617s][info][gc,cpu         ] GC(361) User=27.61s Sys=0.06s Real=4.12s
[228.617s][info][gc,start       ] GC(362) Pause Full (Ergonomics)
[228.617s][info][gc,phases,start] GC(362) Marking Phase
[231.374s][info][gc,phases      ] GC(362) Marking Phase 2756.721ms
[231.374s][info][gc,phases,start] GC(362) Summary Phase
[231.374s][info][gc,phases      ] GC(362) Summary Phase 0.174ms
[231.374s][info][gc,phases,start] GC(362) Adjust Roots
[231.374s][info][gc,phases      ] GC(362) Adjust Roots 0.185ms
[231.374s][info][gc,phases,start] GC(362) Compaction Phase
[232.281s][info][gc,phases      ] GC(362) Compaction Phase 906.958ms
[232.281s][info][gc,phases,start] GC(362) Post Compact
[232.300s][info][gc,phases      ] GC(362) Post Compact 18.249ms
[232.300s][info][gc,heap        ] GC(362) PSYoungGen: 237775K(644608K)->237775K(644608K) Eden: 175103K(175104K)->175103K(175104K) From: 62671K(469504K)->62671K(469504K)
[232.300s][info][gc,heap        ] GC(362) ParOldGen: 12082938K(12083200K)->12082938K(12083200K)
[232.300s][info][gc,metaspace   ] GC(362) Metaspace: 6301K(6464K)->6301K(6464K) NonClass: 5768K(5824K)->5768K(5824K) Class: 533K(640K)->533K(640K)
[232.300s][info][gc             ] GC(362) Pause Full (Ergonomics) 12031M->12031M(12429M) 3682.646ms
[232.300s][info][gc,cpu         ] GC(362) User=26.86s Sys=0.00s Real=3.68s
[232.300s][info][gc,start       ] GC(363) Pause Full (Ergonomics)
[232.300s][info][gc,phases,start] GC(363) Marking Phase
[235.078s][info][gc,phases      ] GC(363) Marking Phase 2778.450ms
[235.078s][info][gc,phases,start] GC(363) Summary Phase
[235.079s][info][gc,phases      ] GC(363) Summary Phase 0.155ms
[235.079s][info][gc,phases,start] GC(363) Adjust Roots
[235.079s][info][gc,phases      ] GC(363) Adjust Roots 0.343ms
[235.079s][info][gc,phases,start] GC(363) Compaction Phase
[236.046s][info][gc,phases      ] GC(363) Compaction Phase 966.879ms
[236.046s][info][gc,phases,start] GC(363) Post Compact
[236.064s][info][gc,phases      ] GC(363) Post Compact 17.601ms
[236.064s][info][gc,heap        ] GC(363) PSYoungGen: 237775K(644608K)->237775K(644608K) Eden: 175103K(175104K)->175103K(175104K) From: 62671K(469504K)->62671K(469504K)
[236.064s][info][gc,heap        ] GC(363) ParOldGen: 12082943K(12083200K)->12082943K(12083200K)
[236.064s][info][gc,metaspace   ] GC(363) Metaspace: 6301K(6464K)->6301K(6464K) NonClass: 5768K(5824K)->5768K(5824K) Class: 533K(640K)->533K(640K)
[236.064s][info][gc             ] GC(363) Pause Full (Ergonomics) 12031M->12031M(12429M) 3763.808ms
[236.064s][info][gc,cpu         ] GC(363) User=26.98s Sys=0.00s Real=3.76s
[236.064s][info][gc,start       ] GC(364) Pause Full (Ergonomics)
[236.064s][info][gc,phases,start] GC(364) Marking Phase
[239.034s][info][gc,phases      ] GC(364) Marking Phase 2970.217ms
[239.034s][info][gc,phases,start] GC(364) Summary Phase
[239.034s][info][gc,phases      ] GC(364) Summary Phase 0.152ms
[239.034s][info][gc,phases,start] GC(364) Adjust Roots
[239.035s][info][gc,phases      ] GC(364) Adjust Roots 0.269ms
[239.035s][info][gc,phases,start] GC(364) Compaction Phase
[240.196s][info][gc,phases      ] GC(364) Compaction Phase 1160.924ms
[240.196s][info][gc,phases,start] GC(364) Post Compact
[240.220s][info][gc,phases      ] GC(364) Post Compact 23.987ms
[240.220s][info][gc,heap        ] GC(364) PSYoungGen: 237775K(644608K)->237775K(644608K) Eden: 175103K(175104K)->175103K(175104K) From: 62671K(469504K)->62671K(469504K)
[240.220s][info][gc,heap        ] GC(364) ParOldGen: 12082948K(12083200K)->12082948K(12083200K)
[240.220s][info][gc,metaspace   ] GC(364) Metaspace: 6301K(6464K)->6301K(6464K) NonClass: 5768K(5824K)->5768K(5824K) Class: 533K(640K)->533K(640K)
[240.220s][info][gc             ] GC(364) Pause Full (Ergonomics) 12031M->12031M(12429M) 4155.982ms
[240.220s][info][gc,cpu         ] GC(364) User=27.41s Sys=0.00s Real=4.16s
[240.220s][info][gc,start       ] GC(365) Pause Full (Ergonomics)
[240.220s][info][gc,phases,start] GC(365) Marking Phase
[243.224s][info][gc,phases      ] GC(365) Marking Phase 3003.869ms
[243.224s][info][gc,phases,start] GC(365) Summary Phase
[243.224s][info][gc,phases      ] GC(365) Summary Phase 0.120ms
[243.224s][info][gc,phases,start] GC(365) Adjust Roots
[243.224s][info][gc,phases      ] GC(365) Adjust Roots 0.237ms
[243.224s][info][gc,phases,start] GC(365) Compaction Phase
[244.248s][info][gc,phases      ] GC(365) Compaction Phase 1023.333ms
[244.248s][info][gc,phases,start] GC(365) Post Compact
[244.269s][info][gc,phases      ] GC(365) Post Compact 20.650ms
[244.269s][info][gc,heap        ] GC(365) PSYoungGen: 237775K(644608K)->237775K(644608K) Eden: 175103K(175104K)->175103K(175104K) From: 62671K(469504K)->62671K(469504K)
[244.269s][info][gc,heap        ] GC(365) ParOldGen: 12082953K(12083200K)->12082953K(12083200K)
[244.269s][info][gc,metaspace   ] GC(365) Metaspace: 6301K(6464K)->6301K(6464K) NonClass: 5768K(5824K)->5768K(5824K) Class: 533K(640K)->533K(640K)
[244.269s][info][gc             ] GC(365) Pause Full (Ergonomics) 12031M->12031M(12429M) 4048.593ms
[244.269s][info][gc,cpu         ] GC(365) User=26.98s Sys=0.00s Real=4.05s
[244.269s][info][gc,start       ] GC(366) Pause Full (Ergonomics)
[244.269s][info][gc,phases,start] GC(366) Marking Phase
[247.087s][info][gc,phases      ] GC(366) Marking Phase 2817.636ms
[247.087s][info][gc,phases,start] GC(366) Summary Phase
[247.087s][info][gc,phases      ] GC(366) Summary Phase 0.230ms
[247.087s][info][gc,phases,start] GC(366) Adjust Roots
[247.087s][info][gc,phases      ] GC(366) Adjust Roots 0.283ms
[247.087s][info][gc,phases,start] GC(366) Compaction Phase
[248.091s][info][gc,phases      ] GC(366) Compaction Phase 1003.883ms
[248.091s][info][gc,phases,start] GC(366) Post Compact
[248.112s][info][gc,phases      ] GC(366) Post Compact 20.350ms
[248.112s][info][gc,heap        ] GC(366) PSYoungGen: 237775K(644608K)->237775K(644608K) Eden: 175103K(175104K)->175103K(175104K) From: 62671K(469504K)->62671K(469504K)
[248.112s][info][gc,heap        ] GC(366) ParOldGen: 12082958K(12083200K)->12082958K(12083200K)
[248.112s][info][gc,metaspace   ] GC(366) Metaspace: 6301K(6464K)->6301K(6464K) NonClass: 5768K(5824K)->5768K(5824K) Class: 533K(640K)->533K(640K)
[248.112s][info][gc             ] GC(366) Pause Full (Ergonomics) 12031M->12031M(12429M) 3842.816ms
[248.112s][info][gc,cpu         ] GC(366) User=26.53s Sys=0.02s Real=3.84s
[248.112s][info][gc,start       ] GC(367) Pause Full (Ergonomics)
[248.112s][info][gc,phases,start] GC(367) Marking Phase
[250.912s][info][gc,phases      ] GC(367) Marking Phase 2800.290ms
[250.912s][info][gc,phases,start] GC(367) Summary Phase
[250.913s][info][gc,phases      ] GC(367) Summary Phase 0.155ms
[250.913s][info][gc,phases,start] GC(367) Adjust Roots
[250.913s][info][gc,phases      ] GC(367) Adjust Roots 0.316ms
[250.913s][info][gc,phases,start] GC(367) Compaction Phase
[251.873s][info][gc,phases      ] GC(367) Compaction Phase 960.528ms
[251.874s][info][gc,phases,start] GC(367) Post Compact
[251.890s][info][gc,phases      ] GC(367) Post Compact 16.900ms
[251.891s][info][gc,heap        ] GC(367) PSYoungGen: 237775K(644608K)->237775K(644608K) Eden: 175103K(175104K)->175103K(175104K) From: 62671K(469504K)->62671K(469504K)
[251.891s][info][gc,heap        ] GC(367) ParOldGen: 12082963K(12083200K)->12082963K(12083200K)
[251.891s][info][gc,metaspace   ] GC(367) Metaspace: 6301K(6464K)->6301K(6464K) NonClass: 5768K(5824K)->5768K(5824K) Class: 533K(640K)->533K(640K)
[251.891s][info][gc             ] GC(367) Pause Full (Ergonomics) 12031M->12031M(12429M) 3778.556ms
[251.891s][info][gc,cpu         ] GC(367) User=27.03s Sys=0.02s Real=3.78s
[251.891s][info][gc,start       ] GC(368) Pause Full (Ergonomics)
[251.891s][info][gc,phases,start] GC(368) Marking Phase
[254.906s][info][gc,phases      ] GC(368) Marking Phase 3015.525ms
[254.906s][info][gc,phases,start] GC(368) Summary Phase
[254.907s][info][gc,phases      ] GC(368) Summary Phase 0.236ms
[254.907s][info][gc,phases,start] GC(368) Adjust Roots
[254.907s][info][gc,phases      ] GC(368) Adjust Roots 0.318ms
[254.907s][info][gc,phases,start] GC(368) Compaction Phase
[256.082s][info][gc,phases      ] GC(368) Compaction Phase 1174.661ms
[256.082s][info][gc,phases,start] GC(368) Post Compact
[256.101s][info][gc,phases      ] GC(368) Post Compact 19.162ms
[256.101s][info][gc,heap        ] GC(368) PSYoungGen: 237775K(644608K)->237775K(644608K) Eden: 175103K(175104K)->175103K(175104K) From: 62671K(469504K)->62671K(469504K)
[256.101s][info][gc,heap        ] GC(368) ParOldGen: 12082967K(12083200K)->12082967K(12083200K)
[256.101s][info][gc,metaspace   ] GC(368) Metaspace: 6301K(6464K)->6301K(6464K) NonClass: 5768K(5824K)->5768K(5824K) Class: 533K(640K)->533K(640K)
[256.101s][info][gc             ] GC(368) Pause Full (Ergonomics) 12031M->12031M(12429M) 4210.313ms
[256.101s][info][gc,cpu         ] GC(368) User=27.08s Sys=0.00s Real=4.21s
[256.101s][info][gc,start       ] GC(369) Pause Full (Ergonomics)
[256.101s][info][gc,phases,start] GC(369) Marking Phase
[258.864s][info][gc,phases      ] GC(369) Marking Phase 2762.830ms
[258.864s][info][gc,phases,start] GC(369) Summary Phase
[258.865s][info][gc,phases      ] GC(369) Summary Phase 0.280ms
[258.865s][info][gc,phases,start] GC(369) Adjust Roots
[258.865s][info][gc,phases      ] GC(369) Adjust Roots 0.277ms
[258.865s][info][gc,phases,start] GC(369) Compaction Phase
[259.832s][info][gc,phases      ] GC(369) Compaction Phase 967.403ms
[259.832s][info][gc,phases,start] GC(369) Post Compact
[259.851s][info][gc,phases      ] GC(369) Post Compact 18.535ms
[259.851s][info][gc,heap        ] GC(369) PSYoungGen: 237775K(644608K)->237775K(644608K) Eden: 175103K(175104K)->175103K(175104K) From: 62671K(469504K)->62671K(469504K)
[259.851s][info][gc,heap        ] GC(369) ParOldGen: 12082972K(12083200K)->12082972K(12083200K)
[259.851s][info][gc,metaspace   ] GC(369) Metaspace: 6301K(6464K)->6301K(6464K) NonClass: 5768K(5824K)->5768K(5824K) Class: 533K(640K)->533K(640K)
[259.851s][info][gc             ] GC(369) Pause Full (Ergonomics) 12031M->12031M(12429M) 3749.698ms
[259.851s][info][gc,cpu         ] GC(369) User=26.89s Sys=0.00s Real=3.75s
[259.851s][info][gc,start       ] GC(370) Pause Full (Ergonomics)
[259.851s][info][gc,phases,start] GC(370) Marking Phase
[262.720s][info][gc,phases      ] GC(370) Marking Phase 2868.616ms
[262.720s][info][gc,phases,start] GC(370) Summary Phase
[262.720s][info][gc,phases      ] GC(370) Summary Phase 0.199ms
[262.720s][info][gc,phases,start] GC(370) Adjust Roots
[262.721s][info][gc,phases      ] GC(370) Adjust Roots 0.301ms
[262.721s][info][gc,phases,start] GC(370) Compaction Phase
[263.841s][info][gc,phases      ] GC(370) Compaction Phase 1120.338ms
[263.841s][info][gc,phases,start] GC(370) Post Compact
[263.866s][info][gc,phases      ] GC(370) Post Compact 25.117ms
[263.866s][info][gc,heap        ] GC(370) PSYoungGen: 237775K(644608K)->237775K(644608K) Eden: 175103K(175104K)->175103K(175104K) From: 62671K(469504K)->62671K(469504K)
[263.866s][info][gc,heap        ] GC(370) ParOldGen: 12082977K(12083200K)->12082977K(12083200K)
[263.866s][info][gc,metaspace   ] GC(370) Metaspace: 6301K(6464K)->6301K(6464K) NonClass: 5768K(5824K)->5768K(5824K) Class: 533K(640K)->533K(640K)
[263.866s][info][gc             ] GC(370) Pause Full (Ergonomics) 12031M->12031M(12429M) 4014.973ms
[263.866s][info][gc,cpu         ] GC(370) User=27.09s Sys=0.03s Real=4.02s
[263.866s][info][gc,start       ] GC(371) Pause Full (Ergonomics)
[263.866s][info][gc,phases,start] GC(371) Marking Phase
[266.659s][info][gc,phases      ] GC(371) Marking Phase 2792.115ms
[266.659s][info][gc,phases,start] GC(371) Summary Phase
[266.659s][info][gc,phases      ] GC(371) Summary Phase 0.185ms
[266.659s][info][gc,phases,start] GC(371) Adjust Roots
[266.659s][info][gc,phases      ] GC(371) Adjust Roots 0.339ms
[266.659s][info][gc,phases,start] GC(371) Compaction Phase
[267.574s][info][gc,phases      ] GC(371) Compaction Phase 914.564ms
[267.574s][info][gc,phases,start] GC(371) Post Compact
[267.592s][info][gc,phases      ] GC(371) Post Compact 18.361ms
[267.592s][info][gc,heap        ] GC(371) PSYoungGen: 237775K(644608K)->237775K(644608K) Eden: 175103K(175104K)->175103K(175104K) From: 62671K(469504K)->62671K(469504K)
[267.592s][info][gc,heap        ] GC(371) ParOldGen: 12082982K(12083200K)->12082982K(12083200K)
[267.592s][info][gc,metaspace   ] GC(371) Metaspace: 6301K(6464K)->6301K(6464K) NonClass: 5768K(5824K)->5768K(5824K) Class: 533K(640K)->533K(640K)
[267.592s][info][gc             ] GC(371) Pause Full (Ergonomics) 12031M->12031M(12429M) 3725.989ms
[267.592s][info][gc,cpu         ] GC(371) User=27.20s Sys=0.00s Real=3.73s
[267.593s][info][gc,start       ] GC(372) Pause Full (Ergonomics)
[267.593s][info][gc,phases,start] GC(372) Marking Phase
[270.365s][info][gc,phases      ] GC(372) Marking Phase 2772.307ms
[270.365s][info][gc,phases,start] GC(372) Summary Phase
[270.365s][info][gc,phases      ] GC(372) Summary Phase 0.121ms
[270.365s][info][gc,phases,start] GC(372) Adjust Roots
[270.365s][info][gc,phases      ] GC(372) Adjust Roots 0.204ms
[270.365s][info][gc,phases,start] GC(372) Compaction Phase
[271.334s][info][gc,phases      ] GC(372) Compaction Phase 968.749ms
[271.334s][info][gc,phases,start] GC(372) Post Compact
[271.354s][info][gc,phases      ] GC(372) Post Compact 19.885ms
[271.354s][info][gc,heap        ] GC(372) PSYoungGen: 237775K(644608K)->237775K(644608K) Eden: 175103K(175104K)->175103K(175104K) From: 62671K(469504K)->62671K(469504K)
[271.354s][info][gc,heap        ] GC(372) ParOldGen: 12082987K(12083200K)->12082987K(12083200K)
[271.354s][info][gc,metaspace   ] GC(372) Metaspace: 6301K(6464K)->6301K(6464K) NonClass: 5768K(5824K)->5768K(5824K) Class: 533K(640K)->533K(640K)
[271.354s][info][gc             ] GC(372) Pause Full (Ergonomics) 12031M->12031M(12429M) 3761.637ms
[271.354s][info][gc,cpu         ] GC(372) User=26.95s Sys=0.02s Real=3.76s
[271.354s][info][gc,start       ] GC(373) Pause Full (Ergonomics)
[271.354s][info][gc,phases,start] GC(373) Marking Phase
[274.414s][info][gc,phases      ] GC(373) Marking Phase 3059.587ms
[274.414s][info][gc,phases,start] GC(373) Summary Phase
[274.414s][info][gc,phases      ] GC(373) Summary Phase 0.244ms
[274.414s][info][gc,phases,start] GC(373) Adjust Roots
[274.415s][info][gc,phases      ] GC(373) Adjust Roots 0.308ms
[274.415s][info][gc,phases,start] GC(373) Compaction Phase
[275.609s][info][gc,phases      ] GC(373) Compaction Phase 1194.100ms
[275.609s][info][gc,phases,start] GC(373) Post Compact
[275.632s][info][gc,phases      ] GC(373) Post Compact 23.078ms
[275.632s][info][gc,heap        ] GC(373) PSYoungGen: 237775K(644608K)->237775K(644608K) Eden: 175103K(175104K)->175103K(175104K) From: 62671K(469504K)->62671K(469504K)
[275.632s][info][gc,heap        ] GC(373) ParOldGen: 12082992K(12083200K)->12082992K(12083200K)
[275.632s][info][gc,metaspace   ] GC(373) Metaspace: 6301K(6464K)->6301K(6464K) NonClass: 5768K(5824K)->5768K(5824K) Class: 533K(640K)->533K(640K)
[275.632s][info][gc             ] GC(373) Pause Full (Ergonomics) 12031M->12031M(12429M) 4277.716ms
[275.632s][info][gc,cpu         ] GC(373) User=27.19s Sys=0.00s Real=4.28s
[275.632s][info][gc,start       ] GC(374) Pause Full (Ergonomics)
[275.632s][info][gc,phases,start] GC(374) Marking Phase
[278.383s][info][gc,phases      ] GC(374) Marking Phase 2750.590ms
[278.383s][info][gc,phases,start] GC(374) Summary Phase
[278.383s][info][gc,phases      ] GC(374) Summary Phase 0.148ms
[278.383s][info][gc,phases,start] GC(374) Adjust Roots
[278.384s][info][gc,phases      ] GC(374) Adjust Roots 0.285ms
[278.384s][info][gc,phases,start] GC(374) Compaction Phase
[279.369s][info][gc,phases      ] GC(374) Compaction Phase 985.070ms
[279.369s][info][gc,phases,start] GC(374) Post Compact
[279.389s][info][gc,phases      ] GC(374) Post Compact 20.330ms
[279.389s][info][gc,heap        ] GC(374) PSYoungGen: 237775K(644608K)->237775K(644608K) Eden: 175103K(175104K)->175103K(175104K) From: 62671K(469504K)->62671K(469504K)
[279.389s][info][gc,heap        ] GC(374) ParOldGen: 12082996K(12083200K)->12082996K(12083200K)
[279.389s][info][gc,metaspace   ] GC(374) Metaspace: 6301K(6464K)->6301K(6464K) NonClass: 5768K(5824K)->5768K(5824K) Class: 533K(640K)->533K(640K)
[279.389s][info][gc             ] GC(374) Pause Full (Ergonomics) 12032M->12032M(12429M) 3756.797ms
[279.389s][info][gc,cpu         ] GC(374) User=26.98s Sys=0.00s Real=3.76s
[279.389s][info][gc,start       ] GC(375) Pause Full (Ergonomics)
[279.390s][info][gc,phases,start] GC(375) Marking Phase
[282.360s][info][gc,phases      ] GC(375) Marking Phase 2970.722ms
[282.360s][info][gc,phases,start] GC(375) Summary Phase
[282.360s][info][gc,phases      ] GC(375) Summary Phase 0.183ms
[282.361s][info][gc,phases,start] GC(375) Adjust Roots
[282.361s][info][gc,phases      ] GC(375) Adjust Roots 0.363ms
[282.361s][info][gc,phases,start] GC(375) Compaction Phase
[283.505s][info][gc,phases      ] GC(375) Compaction Phase 1144.285ms
[283.505s][info][gc,phases,start] GC(375) Post Compact
[283.525s][info][gc,phases      ] GC(375) Post Compact 20.167ms
[283.526s][info][gc,heap        ] GC(375) PSYoungGen: 237775K(644608K)->237775K(644608K) Eden: 175103K(175104K)->175103K(175104K) From: 62671K(469504K)->62671K(469504K)
[283.526s][info][gc,heap        ] GC(375) ParOldGen: 12083001K(12083200K)->12083001K(12083200K)
[283.526s][info][gc,metaspace   ] GC(375) Metaspace: 6301K(6464K)->6301K(6464K) NonClass: 5768K(5824K)->5768K(5824K) Class: 533K(640K)->533K(640K)
[283.526s][info][gc             ] GC(375) Pause Full (Ergonomics) 12032M->12032M(12429M) 4136.157ms
[283.526s][info][gc,cpu         ] GC(375) User=27.23s Sys=0.00s Real=4.14s
[283.526s][info][gc,start       ] GC(376) Pause Full (Ergonomics)
[283.526s][info][gc,phases,start] GC(376) Marking Phase
[286.305s][info][gc,phases      ] GC(376) Marking Phase 2779.336ms
[286.305s][info][gc,phases,start] GC(376) Summary Phase
[286.305s][info][gc,phases      ] GC(376) Summary Phase 0.116ms
[286.305s][info][gc,phases,start] GC(376) Adjust Roots
[286.306s][info][gc,phases      ] GC(376) Adjust Roots 0.198ms
[286.306s][info][gc,phases,start] GC(376) Compaction Phase
[287.250s][info][gc,phases      ] GC(376) Compaction Phase 944.485ms
[287.250s][info][gc,phases,start] GC(376) Post Compact
[287.268s][info][gc,phases      ] GC(376) Post Compact 18.245ms
[287.269s][info][gc,heap        ] GC(376) PSYoungGen: 237775K(644608K)->237775K(644608K) Eden: 175103K(175104K)->175103K(175104K) From: 62671K(469504K)->62671K(469504K)
[287.269s][info][gc,heap        ] GC(376) ParOldGen: 12083006K(12083200K)->12083006K(12083200K)
[287.269s][info][gc,metaspace   ] GC(376) Metaspace: 6301K(6464K)->6301K(6464K) NonClass: 5768K(5824K)->5768K(5824K) Class: 533K(640K)->533K(640K)
[287.269s][info][gc             ] GC(376) Pause Full (Ergonomics) 12032M->12032M(12429M) 3742.732ms
[287.269s][info][gc,cpu         ] GC(376) User=27.28s Sys=0.02s Real=3.74s
[287.269s][info][gc,start       ] GC(377) Pause Full (Ergonomics)
[287.269s][info][gc,phases,start] GC(377) Marking Phase
[290.029s][info][gc,phases      ] GC(377) Marking Phase 2760.478ms
[290.029s][info][gc,phases,start] GC(377) Summary Phase
[290.029s][info][gc,phases      ] GC(377) Summary Phase 0.116ms
[290.029s][info][gc,phases,start] GC(377) Adjust Roots
[290.030s][info][gc,phases      ] GC(377) Adjust Roots 0.188ms
[290.030s][info][gc,phases,start] GC(377) Compaction Phase
[290.992s][info][gc,phases      ] GC(377) Compaction Phase 962.194ms
[290.992s][info][gc,phases,start] GC(377) Post Compact
[291.010s][info][gc,phases      ] GC(377) Post Compact 18.514ms
[291.011s][info][gc,heap        ] GC(377) PSYoungGen: 237775K(644608K)->237775K(644608K) Eden: 175103K(175104K)->175103K(175104K) From: 62671K(469504K)->62671K(469504K)
[291.011s][info][gc,heap        ] GC(377) ParOldGen: 12083011K(12083200K)->12083011K(12083200K)
[291.011s][info][gc,metaspace   ] GC(377) Metaspace: 6301K(6464K)->6301K(6464K) NonClass: 5768K(5824K)->5768K(5824K) Class: 533K(640K)->533K(640K)
[291.011s][info][gc             ] GC(377) Pause Full (Ergonomics) 12032M->12032M(12429M) 3741.841ms
[291.011s][info][gc,cpu         ] GC(377) User=26.92s Sys=0.02s Real=3.74s
[291.011s][info][gc,start       ] GC(378) Pause Full (Ergonomics)
[291.011s][info][gc,phases,start] GC(378) Marking Phase
[293.950s][info][gc,phases      ] GC(378) Marking Phase 2938.914ms
[293.950s][info][gc,phases,start] GC(378) Summary Phase
[293.950s][info][gc,phases      ] GC(378) Summary Phase 0.136ms
[293.950s][info][gc,phases,start] GC(378) Adjust Roots
[293.950s][info][gc,phases      ] GC(378) Adjust Roots 0.236ms
[293.950s][info][gc,phases,start] GC(378) Compaction Phase
[295.036s][info][gc,phases      ] GC(378) Compaction Phase 1085.799ms
[295.036s][info][gc,phases,start] GC(378) Post Compact
[295.060s][info][gc,phases      ] GC(378) Post Compact 23.614ms
[295.060s][info][gc,heap        ] GC(378) PSYoungGen: 237775K(644608K)->237775K(644608K) Eden: 175103K(175104K)->175103K(175104K) From: 62671K(469504K)->62671K(469504K)
[295.060s][info][gc,heap        ] GC(378) ParOldGen: 12083016K(12083200K)->12083016K(12083200K)
[295.060s][info][gc,metaspace   ] GC(378) Metaspace: 6301K(6464K)->6301K(6464K) NonClass: 5768K(5824K)->5768K(5824K) Class: 533K(640K)->533K(640K)
[295.060s][info][gc             ] GC(378) Pause Full (Ergonomics) 12032M->12032M(12429M) 4049.065ms
[295.060s][info][gc,cpu         ] GC(378) User=27.58s Sys=0.00s Real=4.05s
[295.060s][info][gc,start       ] GC(379) Pause Full (Ergonomics)
[295.060s][info][gc,phases,start] GC(379) Marking Phase
[297.782s][info][gc,phases      ] GC(379) Marking Phase 2721.305ms
[297.782s][info][gc,phases,start] GC(379) Summary Phase
[297.782s][info][gc,phases      ] GC(379) Summary Phase 0.150ms
[297.782s][info][gc,phases,start] GC(379) Adjust Roots
[297.782s][info][gc,phases      ] GC(379) Adjust Roots 0.257ms
[297.782s][info][gc,phases,start] GC(379) Compaction Phase
[298.730s][info][gc,phases      ] GC(379) Compaction Phase 947.597ms
[298.730s][info][gc,phases,start] GC(379) Post Compact
[298.750s][info][gc,phases      ] GC(379) Post Compact 20.180ms
[298.750s][info][gc,heap        ] GC(379) PSYoungGen: 237775K(644608K)->237775K(644608K) Eden: 175103K(175104K)->175103K(175104K) From: 62671K(469504K)->62671K(469504K)
[298.750s][info][gc,heap        ] GC(379) ParOldGen: 12083021K(12083200K)->12083021K(12083200K)
[298.750s][info][gc,metaspace   ] GC(379) Metaspace: 6301K(6464K)->6301K(6464K) NonClass: 5768K(5824K)->5768K(5824K) Class: 533K(640K)->533K(640K)
[298.750s][info][gc             ] GC(379) Pause Full (Ergonomics) 12032M->12032M(12429M) 3689.885ms
[298.750s][info][gc,cpu         ] GC(379) User=26.97s Sys=0.00s Real=3.69s
[298.750s][info][gc,start       ] GC(380) Pause Full (Ergonomics)
[298.750s][info][gc,phases,start] GC(380) Marking Phase
[301.633s][info][gc,phases      ] GC(380) Marking Phase 2883.081ms
[301.633s][info][gc,phases,start] GC(380) Summary Phase
[301.634s][info][gc,phases      ] GC(380) Summary Phase 0.281ms
[301.634s][info][gc,phases,start] GC(380) Adjust Roots
[301.634s][info][gc,phases      ] GC(380) Adjust Roots 0.361ms
[301.634s][info][gc,phases,start] GC(380) Compaction Phase
[302.656s][info][gc,phases      ] GC(380) Compaction Phase 1021.269ms
[302.656s][info][gc,phases,start] GC(380) Post Compact
[302.675s][info][gc,phases      ] GC(380) Post Compact 19.080ms
[302.675s][info][gc,heap        ] GC(380) PSYoungGen: 237775K(644608K)->237775K(644608K) Eden: 175103K(175104K)->175103K(175104K) From: 62671K(469504K)->62671K(469504K)
[302.675s][info][gc,heap        ] GC(380) ParOldGen: 12083025K(12083200K)->12083025K(12083200K)
[302.675s][info][gc,metaspace   ] GC(380) Metaspace: 6301K(6464K)->6301K(6464K) NonClass: 5768K(5824K)->5768K(5824K) Class: 533K(640K)->533K(640K)
[302.675s][info][gc             ] GC(380) Pause Full (Ergonomics) 12032M->12032M(12429M) 3924.545ms
[302.675s][info][gc,cpu         ] GC(380) User=27.20s Sys=0.02s Real=3.92s
[302.675s][info][gc,start       ] GC(381) Pause Full (Ergonomics)
[302.675s][info][gc,phases,start] GC(381) Marking Phase
[305.596s][info][gc,phases      ] GC(381) Marking Phase 2921.391ms
[305.597s][info][gc,phases,start] GC(381) Summary Phase
[305.597s][info][gc,phases      ] GC(381) Summary Phase 0.161ms
[305.597s][info][gc,phases,start] GC(381) Adjust Roots
[305.597s][info][gc,phases      ] GC(381) Adjust Roots 0.263ms
[305.597s][info][gc,phases,start] GC(381) Compaction Phase
[306.593s][info][gc,phases      ] GC(381) Compaction Phase 995.572ms
[306.593s][info][gc,phases,start] GC(381) Post Compact
[306.612s][info][gc,phases      ] GC(381) Post Compact 19.076ms
[306.612s][info][gc,heap        ] GC(381) PSYoungGen: 237775K(644608K)->237775K(644608K) Eden: 175103K(175104K)->175103K(175104K) From: 62671K(469504K)->62671K(469504K)
[306.612s][info][gc,heap        ] GC(381) ParOldGen: 12083030K(12083200K)->12083030K(12083200K)
[306.612s][info][gc,metaspace   ] GC(381) Metaspace: 6301K(6464K)->6301K(6464K) NonClass: 5768K(5824K)->5768K(5824K) Class: 533K(640K)->533K(640K)
[306.612s][info][gc             ] GC(381) Pause Full (Ergonomics) 12032M->12032M(12429M) 3936.847ms
[306.612s][info][gc,cpu         ] GC(381) User=27.20s Sys=0.02s Real=3.94s
[306.612s][info][gc,start       ] GC(382) Pause Full (Ergonomics)
[306.612s][info][gc,phases,start] GC(382) Marking Phase
[309.369s][info][gc,phases      ] GC(382) Marking Phase 2756.401ms
[309.369s][info][gc,phases,start] GC(382) Summary Phase
[309.369s][info][gc,phases      ] GC(382) Summary Phase 0.133ms
[309.369s][info][gc,phases,start] GC(382) Adjust Roots
[309.369s][info][gc,phases      ] GC(382) Adjust Roots 0.234ms
[309.369s][info][gc,phases,start] GC(382) Compaction Phase
[310.312s][info][gc,phases      ] GC(382) Compaction Phase 942.486ms
[310.312s][info][gc,phases,start] GC(382) Post Compact
[310.334s][info][gc,phases      ] GC(382) Post Compact 22.804ms
[310.335s][info][gc,heap        ] GC(382) PSYoungGen: 237775K(644608K)->237775K(644608K) Eden: 175103K(175104K)->175103K(175104K) From: 62671K(469504K)->62671K(469504K)
[310.335s][info][gc,heap        ] GC(382) ParOldGen: 12083035K(12083200K)->12083035K(12083200K)
[310.335s][info][gc,metaspace   ] GC(382) Metaspace: 6301K(6464K)->6301K(6464K) NonClass: 5768K(5824K)->5768K(5824K) Class: 533K(640K)->533K(640K)
[310.335s][info][gc             ] GC(382) Pause Full (Ergonomics) 12032M->12032M(12429M) 3722.438ms
[310.335s][info][gc,cpu         ] GC(382) User=26.78s Sys=0.00s Real=3.72s
[310.335s][info][gc,start       ] GC(383) Pause Full (Ergonomics)
[310.335s][info][gc,phases,start] GC(383) Marking Phase
[313.460s][info][gc,phases      ] GC(383) Marking Phase 3125.339ms
[313.460s][info][gc,phases,start] GC(383) Summary Phase
[313.461s][info][gc,phases      ] GC(383) Summary Phase 0.239ms
[313.461s][info][gc,phases,start] GC(383) Adjust Roots
[313.461s][info][gc,phases      ] GC(383) Adjust Roots 0.367ms
[313.461s][info][gc,phases,start] GC(383) Compaction Phase
[314.678s][info][gc,phases      ] GC(383) Compaction Phase 1217.353ms
[314.679s][info][gc,phases,start] GC(383) Post Compact
[314.702s][info][gc,phases      ] GC(383) Post Compact 23.383ms
[314.702s][info][gc,heap        ] GC(383) PSYoungGen: 237775K(644608K)->237775K(644608K) Eden: 175103K(175104K)->175103K(175104K) From: 62671K(469504K)->62671K(469504K)
[314.702s][info][gc,heap        ] GC(383) ParOldGen: 12083040K(12083200K)->12083040K(12083200K)
[314.702s][info][gc,metaspace   ] GC(383) Metaspace: 6301K(6464K)->6301K(6464K) NonClass: 5768K(5824K)->5768K(5824K) Class: 533K(640K)->533K(640K)
[314.702s][info][gc             ] GC(383) Pause Full (Ergonomics) 12032M->12032M(12429M) 4367.166ms
[314.702s][info][gc,cpu         ] GC(383) User=27.23s Sys=0.00s Real=4.37s
[314.702s][info][gc,start       ] GC(384) Pause Full (Ergonomics)
[314.702s][info][gc,phases,start] GC(384) Marking Phase
[317.438s][info][gc,phases      ] GC(384) Marking Phase 2735.389ms
[317.438s][info][gc,phases,start] GC(384) Summary Phase
[317.438s][info][gc,phases      ] GC(384) Summary Phase 0.173ms
[317.438s][info][gc,phases,start] GC(384) Adjust Roots
[317.438s][info][gc,phases      ] GC(384) Adjust Roots 0.266ms
[317.438s][info][gc,phases,start] GC(384) Compaction Phase
[318.352s][info][gc,phases      ] GC(384) Compaction Phase 913.592ms
[318.352s][info][gc,phases,start] GC(384) Post Compact
[318.370s][info][gc,phases      ] GC(384) Post Compact 18.131ms
[318.370s][info][gc,heap        ] GC(384) PSYoungGen: 237775K(644608K)->237775K(644608K) Eden: 175103K(175104K)->175103K(175104K) From: 62671K(469504K)->62671K(469504K)
[318.370s][info][gc,heap        ] GC(384) ParOldGen: 12083045K(12083200K)->12083045K(12083200K)
[318.370s][info][gc,metaspace   ] GC(384) Metaspace: 6301K(6464K)->6301K(6464K) NonClass: 5768K(5824K)->5768K(5824K) Class: 533K(640K)->533K(640K)
[318.370s][info][gc             ] GC(384) Pause Full (Ergonomics) 12032M->12032M(12429M) 3667.899ms
[318.370s][info][gc,cpu         ] GC(384) User=26.94s Sys=0.00s Real=3.67s
[318.370s][info][gc,start       ] GC(385) Pause Full (Ergonomics)
[318.370s][info][gc,phases,start] GC(385) Marking Phase
[321.131s][info][gc,phases      ] GC(385) Marking Phase 2760.366ms
[321.131s][info][gc,phases,start] GC(385) Summary Phase
[321.131s][info][gc,phases      ] GC(385) Summary Phase 0.132ms
[321.131s][info][gc,phases,start] GC(385) Adjust Roots
[321.131s][info][gc,phases      ] GC(385) Adjust Roots 0.264ms
[321.131s][info][gc,phases,start] GC(385) Compaction Phase
[322.111s][info][gc,phases      ] GC(385) Compaction Phase 979.875ms
[322.111s][info][gc,phases,start] GC(385) Post Compact
[322.130s][info][gc,phases      ] GC(385) Post Compact 18.516ms
[322.130s][info][gc,heap        ] GC(385) PSYoungGen: 237775K(644608K)->237775K(644608K) Eden: 175103K(175104K)->175103K(175104K) From: 62671K(469504K)->62671K(469504K)
[322.130s][info][gc,heap        ] GC(385) ParOldGen: 12083050K(12083200K)->12083050K(12083200K)
[322.130s][info][gc,metaspace   ] GC(385) Metaspace: 6301K(6464K)->6301K(6464K) NonClass: 5768K(5824K)->5768K(5824K) Class: 533K(640K)->533K(640K)
[322.130s][info][gc             ] GC(385) Pause Full (Ergonomics) 12032M->12032M(12429M) 3759.541ms
[322.130s][info][gc,cpu         ] GC(385) User=27.06s Sys=0.00s Real=3.76s
[322.130s][info][gc,start       ] GC(386) Pause Full (Ergonomics)
[322.130s][info][gc,phases,start] GC(386) Marking Phase
[325.373s][info][gc,phases      ] GC(386) Marking Phase 3242.350ms
[325.373s][info][gc,phases,start] GC(386) Summary Phase
[325.373s][info][gc,phases      ] GC(386) Summary Phase 0.204ms
[325.373s][info][gc,phases,start] GC(386) Adjust Roots
[325.373s][info][gc,phases      ] GC(386) Adjust Roots 0.328ms
[325.373s][info][gc,phases,start] GC(386) Compaction Phase
[326.537s][info][gc,phases      ] GC(386) Compaction Phase 1163.434ms
[326.537s][info][gc,phases,start] GC(386) Post Compact
[326.558s][info][gc,phases      ] GC(386) Post Compact 21.094ms
[326.558s][info][gc,heap        ] GC(386) PSYoungGen: 237775K(644608K)->237775K(644608K) Eden: 175103K(175104K)->175103K(175104K) From: 62671K(469504K)->62671K(469504K)
[326.558s][info][gc,heap        ] GC(386) ParOldGen: 12083054K(12083200K)->12083054K(12083200K)
[326.558s][info][gc,metaspace   ] GC(386) Metaspace: 6301K(6464K)->6301K(6464K) NonClass: 5768K(5824K)->5768K(5824K) Class: 533K(640K)->533K(640K)
[326.558s][info][gc             ] GC(386) Pause Full (Ergonomics) 12032M->12032M(12429M) 4427.852ms
[326.558s][info][gc,cpu         ] GC(386) User=26.81s Sys=0.08s Real=4.43s
[326.558s][info][gc,start       ] GC(387) Pause Full (Ergonomics)
[326.558s][info][gc,phases,start] GC(387) Marking Phase
[329.429s][info][gc,phases      ] GC(387) Marking Phase 2870.569ms
[329.429s][info][gc,phases,start] GC(387) Summary Phase
[329.429s][info][gc,phases      ] GC(387) Summary Phase 0.116ms
[329.429s][info][gc,phases,start] GC(387) Adjust Roots
[329.429s][info][gc,phases      ] GC(387) Adjust Roots 0.203ms
[329.429s][info][gc,phases,start] GC(387) Compaction Phase
[330.408s][info][gc,phases      ] GC(387) Compaction Phase 979.091ms
[330.408s][info][gc,phases,start] GC(387) Post Compact
[330.429s][info][gc,phases      ] GC(387) Post Compact 20.281ms
[330.429s][info][gc,heap        ] GC(387) PSYoungGen: 237775K(644608K)->237775K(644608K) Eden: 175103K(175104K)->175103K(175104K) From: 62671K(469504K)->62671K(469504K)
[330.429s][info][gc,heap        ] GC(387) ParOldGen: 12083059K(12083200K)->12083059K(12083200K)
[330.429s][info][gc,metaspace   ] GC(387) Metaspace: 6301K(6464K)->6301K(6464K) NonClass: 5768K(5824K)->5768K(5824K) Class: 533K(640K)->533K(640K)
[330.429s][info][gc             ] GC(387) Pause Full (Ergonomics) 12032M->12032M(12429M) 3870.608ms
[330.429s][info][gc,cpu         ] GC(387) User=27.36s Sys=0.02s Real=3.87s
[330.429s][info][gc,start       ] GC(388) Pause Full (Ergonomics)
[330.429s][info][gc,phases,start] GC(388) Marking Phase
[333.266s][info][gc,phases      ] GC(388) Marking Phase 2836.864ms
[333.266s][info][gc,phases,start] GC(388) Summary Phase
[333.266s][info][gc,phases      ] GC(388) Summary Phase 0.205ms
[333.266s][info][gc,phases,start] GC(388) Adjust Roots
[333.267s][info][gc,phases      ] GC(388) Adjust Roots 0.342ms
[333.267s][info][gc,phases,start] GC(388) Compaction Phase
[334.190s][info][gc,phases      ] GC(388) Compaction Phase 923.257ms
[334.190s][info][gc,phases,start] GC(388) Post Compact
[334.208s][info][gc,phases      ] GC(388) Post Compact 18.363ms
[334.208s][info][gc,heap        ] GC(388) PSYoungGen: 237775K(644608K)->237775K(644608K) Eden: 175103K(175104K)->175103K(175104K) From: 62671K(469504K)->62671K(469504K)
[334.209s][info][gc,heap        ] GC(388) ParOldGen: 12083064K(12083200K)->12083064K(12083200K)
[334.209s][info][gc,metaspace   ] GC(388) Metaspace: 6301K(6464K)->6301K(6464K) NonClass: 5768K(5824K)->5768K(5824K) Class: 533K(640K)->533K(640K)
[334.209s][info][gc             ] GC(388) Pause Full (Ergonomics) 12032M->12032M(12429M) 3779.436ms
[334.209s][info][gc,cpu         ] GC(388) User=26.92s Sys=0.00s Real=3.78s
[334.209s][info][gc,start       ] GC(389) Pause Full (Ergonomics)
[334.209s][info][gc,phases,start] GC(389) Marking Phase
[336.936s][info][gc,phases      ] GC(389) Marking Phase 2726.770ms
[336.936s][info][gc,phases,start] GC(389) Summary Phase
[336.936s][info][gc,phases      ] GC(389) Summary Phase 0.188ms
[336.936s][info][gc,phases,start] GC(389) Adjust Roots
[336.936s][info][gc,phases      ] GC(389) Adjust Roots 0.296ms
[336.936s][info][gc,phases,start] GC(389) Compaction Phase
[337.848s][info][gc,phases      ] GC(389) Compaction Phase 911.668ms
[337.848s][info][gc,phases,start] GC(389) Post Compact
[337.867s][info][gc,phases      ] GC(389) Post Compact 18.996ms
[337.867s][info][gc,heap        ] GC(389) PSYoungGen: 237775K(644608K)->237775K(644608K) Eden: 175103K(175104K)->175103K(175104K) From: 62671K(469504K)->62671K(469504K)
[337.867s][info][gc,heap        ] GC(389) ParOldGen: 12083069K(12083200K)->12083069K(12083200K)
[337.867s][info][gc,metaspace   ] GC(389) Metaspace: 6301K(6464K)->6301K(6464K) NonClass: 5768K(5824K)->5768K(5824K) Class: 533K(640K)->533K(640K)
[337.867s][info][gc             ] GC(389) Pause Full (Ergonomics) 12032M->12032M(12429M) 3658.293ms
[337.867s][info][gc,cpu         ] GC(389) User=26.47s Sys=0.00s Real=3.66s
[337.867s][info][gc,start       ] GC(390) Pause Full (Ergonomics)
[337.867s][info][gc,phases,start] GC(390) Marking Phase
[340.605s][info][gc,phases      ] GC(390) Marking Phase 2737.490ms
[340.605s][info][gc,phases,start] GC(390) Summary Phase
[340.605s][info][gc,phases      ] GC(390) Summary Phase 0.130ms
[340.605s][info][gc,phases,start] GC(390) Adjust Roots
[340.605s][info][gc,phases      ] GC(390) Adjust Roots 0.283ms
[340.605s][info][gc,phases,start] GC(390) Compaction Phase
[341.513s][info][gc,phases      ] GC(390) Compaction Phase 907.996ms
[341.513s][info][gc,phases,start] GC(390) Post Compact
[341.539s][info][gc,phases      ] GC(390) Post Compact 25.366ms
[341.539s][info][gc,heap        ] GC(390) PSYoungGen: 237775K(644608K)->237775K(644608K) Eden: 175103K(175104K)->175103K(175104K) From: 62671K(469504K)->62671K(469504K)
[341.539s][info][gc,heap        ] GC(390) ParOldGen: 12083074K(12083200K)->12083074K(12083200K)
[341.539s][info][gc,metaspace   ] GC(390) Metaspace: 6301K(6464K)->6301K(6464K) NonClass: 5768K(5824K)->5768K(5824K) Class: 533K(640K)->533K(640K)
[341.539s][info][gc             ] GC(390) Pause Full (Ergonomics) 12032M->12032M(12429M) 3671.686ms
[341.539s][info][gc,cpu         ] GC(390) User=26.77s Sys=0.02s Real=3.67s
[341.539s][info][gc,start       ] GC(391) Pause Full (Ergonomics)
[341.539s][info][gc,phases,start] GC(391) Marking Phase
[344.286s][info][gc,phases      ] GC(391) Marking Phase 2746.717ms
[344.286s][info][gc,phases,start] GC(391) Summary Phase
[344.286s][info][gc,phases      ] GC(391) Summary Phase 0.234ms
[344.286s][info][gc,phases,start] GC(391) Adjust Roots
[344.287s][info][gc,phases      ] GC(391) Adjust Roots 0.369ms
[344.287s][info][gc,phases,start] GC(391) Compaction Phase
[345.216s][info][gc,phases      ] GC(391) Compaction Phase 929.530ms
[345.216s][info][gc,phases,start] GC(391) Post Compact
[345.235s][info][gc,phases      ] GC(391) Post Compact 18.128ms
[345.235s][info][gc,heap        ] GC(391) PSYoungGen: 237775K(644608K)->237775K(644608K) Eden: 175103K(175104K)->175103K(175104K) From: 62671K(469504K)->62671K(469504K)
[345.235s][info][gc,heap        ] GC(391) ParOldGen: 12083079K(12083200K)->12083079K(12083200K)
[345.235s][info][gc,metaspace   ] GC(391) Metaspace: 6301K(6464K)->6301K(6464K) NonClass: 5768K(5824K)->5768K(5824K) Class: 533K(640K)->533K(640K)
[345.235s][info][gc             ] GC(391) Pause Full (Ergonomics) 12032M->12032M(12429M) 3695.453ms
[345.235s][info][gc,cpu         ] GC(391) User=27.03s Sys=0.02s Real=3.70s
[345.235s][info][gc,start       ] GC(392) Pause Full (Ergonomics)
[345.235s][info][gc,phases,start] GC(392) Marking Phase
[347.977s][info][gc,phases      ] GC(392) Marking Phase 2742.323ms
[347.977s][info][gc,phases,start] GC(392) Summary Phase
[347.977s][info][gc,phases      ] GC(392) Summary Phase 0.116ms
[347.977s][info][gc,phases,start] GC(392) Adjust Roots
[347.978s][info][gc,phases      ] GC(392) Adjust Roots 0.245ms
[347.978s][info][gc,phases,start] GC(392) Compaction Phase
[348.916s][info][gc,phases      ] GC(392) Compaction Phase 938.528ms
[348.916s][info][gc,phases,start] GC(392) Post Compact
[348.937s][info][gc,phases      ] GC(392) Post Compact 21.153ms
[348.938s][info][gc,heap        ] GC(392) PSYoungGen: 237775K(644608K)->237775K(644608K) Eden: 175103K(175104K)->175103K(175104K) From: 62671K(469504K)->62671K(469504K)
[348.938s][info][gc,heap        ] GC(392) ParOldGen: 12083083K(12083200K)->12083083K(12083200K)
[348.938s][info][gc,metaspace   ] GC(392) Metaspace: 6301K(6464K)->6301K(6464K) NonClass: 5768K(5824K)->5768K(5824K) Class: 533K(640K)->533K(640K)
[348.938s][info][gc             ] GC(392) Pause Full (Ergonomics) 12032M->12032M(12429M) 3702.748ms
[348.938s][info][gc,cpu         ] GC(392) User=26.72s Sys=0.02s Real=3.70s
[348.938s][info][gc,start       ] GC(393) Pause Full (Ergonomics)
[348.938s][info][gc,phases,start] GC(393) Marking Phase
[351.666s][info][gc,phases      ] GC(393) Marking Phase 2727.658ms
[351.666s][info][gc,phases,start] GC(393) Summary Phase
[351.666s][info][gc,phases      ] GC(393) Summary Phase 0.118ms
[351.666s][info][gc,phases,start] GC(393) Adjust Roots
[351.666s][info][gc,phases      ] GC(393) Adjust Roots 0.197ms
[351.666s][info][gc,phases,start] GC(393) Compaction Phase
[352.608s][info][gc,phases      ] GC(393) Compaction Phase 941.894ms
[352.608s][info][gc,phases,start] GC(393) Post Compact
[352.627s][info][gc,phases      ] GC(393) Post Compact 18.901ms
[352.627s][info][gc,heap        ] GC(393) PSYoungGen: 237775K(644608K)->237775K(644608K) Eden: 175103K(175104K)->175103K(175104K) From: 62671K(469504K)->62671K(469504K)
[352.627s][info][gc,heap        ] GC(393) ParOldGen: 12083088K(12083200K)->12083088K(12083200K)
[352.627s][info][gc,metaspace   ] GC(393) Metaspace: 6301K(6464K)->6301K(6464K) NonClass: 5768K(5824K)->5768K(5824K) Class: 533K(640K)->533K(640K)
[352.627s][info][gc             ] GC(393) Pause Full (Ergonomics) 12032M->12032M(12429M) 3689.157ms
[352.627s][info][gc,cpu         ] GC(393) User=26.78s Sys=0.02s Real=3.69s
[352.627s][info][gc,start       ] GC(394) Pause Full (Ergonomics)
[352.627s][info][gc,phases,start] GC(394) Marking Phase
[355.387s][info][gc,phases      ] GC(394) Marking Phase 2759.567ms
[355.387s][info][gc,phases,start] GC(394) Summary Phase
[355.387s][info][gc,phases      ] GC(394) Summary Phase 0.140ms
[355.387s][info][gc,phases,start] GC(394) Adjust Roots
[355.387s][info][gc,phases      ] GC(394) Adjust Roots 0.235ms
[355.387s][info][gc,phases,start] GC(394) Compaction Phase
[356.301s][info][gc,phases      ] GC(394) Compaction Phase 914.044ms
[356.301s][info][gc,phases,start] GC(394) Post Compact
[356.321s][info][gc,phases      ] GC(394) Post Compact 19.701ms
[356.321s][info][gc,heap        ] GC(394) PSYoungGen: 237775K(644608K)->237775K(644608K) Eden: 175103K(175104K)->175103K(175104K) From: 62671K(469504K)->62671K(469504K)
[356.321s][info][gc,heap        ] GC(394) ParOldGen: 12083093K(12083200K)->12083093K(12083200K)
[356.321s][info][gc,metaspace   ] GC(394) Metaspace: 6301K(6464K)->6301K(6464K) NonClass: 5768K(5824K)->5768K(5824K) Class: 533K(640K)->533K(640K)
[356.321s][info][gc             ] GC(394) Pause Full (Ergonomics) 12032M->12032M(12429M) 3694.064ms
[356.321s][info][gc,cpu         ] GC(394) User=27.03s Sys=0.02s Real=3.69s
[356.322s][info][gc,start       ] GC(395) Pause Full (Ergonomics)
[356.322s][info][gc,phases,start] GC(395) Marking Phase
[359.070s][info][gc,phases      ] GC(395) Marking Phase 2748.253ms
[359.070s][info][gc,phases,start] GC(395) Summary Phase
[359.070s][info][gc,phases      ] GC(395) Summary Phase 0.128ms
[359.070s][info][gc,phases,start] GC(395) Adjust Roots
[359.070s][info][gc,phases      ] GC(395) Adjust Roots 0.236ms
[359.070s][info][gc,phases,start] GC(395) Compaction Phase
[359.972s][info][gc,phases      ] GC(395) Compaction Phase 901.376ms
[359.972s][info][gc,phases,start] GC(395) Post Compact
[359.990s][info][gc,phases      ] GC(395) Post Compact 18.159ms
[359.990s][info][gc,heap        ] GC(395) PSYoungGen: 237775K(644608K)->237775K(644608K) Eden: 175103K(175104K)->175103K(175104K) From: 62671K(469504K)->62671K(469504K)
[359.990s][info][gc,heap        ] GC(395) ParOldGen: 12083098K(12083200K)->12083098K(12083200K)
[359.990s][info][gc,metaspace   ] GC(395) Metaspace: 6301K(6464K)->6301K(6464K) NonClass: 5768K(5824K)->5768K(5824K) Class: 533K(640K)->533K(640K)
[359.990s][info][gc             ] GC(395) Pause Full (Ergonomics) 12032M->12032M(12429M) 3668.527ms
[359.990s][info][gc,cpu         ] GC(395) User=26.89s Sys=0.02s Real=3.67s
[359.990s][info][gc,start       ] GC(396) Pause Full (Ergonomics)
[359.990s][info][gc,phases,start] GC(396) Marking Phase
[362.725s][info][gc,phases      ] GC(396) Marking Phase 2734.247ms
[362.725s][info][gc,phases,start] GC(396) Summary Phase
[362.725s][info][gc,phases      ] GC(396) Summary Phase 0.125ms
[362.725s][info][gc,phases,start] GC(396) Adjust Roots
[362.725s][info][gc,phases      ] GC(396) Adjust Roots 0.231ms
[362.725s][info][gc,phases,start] GC(396) Compaction Phase
[363.632s][info][gc,phases      ] GC(396) Compaction Phase 906.972ms
[363.632s][info][gc,phases,start] GC(396) Post Compact
[363.651s][info][gc,phases      ] GC(396) Post Compact 18.406ms
[363.651s][info][gc,heap        ] GC(396) PSYoungGen: 237775K(644608K)->237775K(644608K) Eden: 175103K(175104K)->175103K(175104K) From: 62671K(469504K)->62671K(469504K)
[363.651s][info][gc,heap        ] GC(396) ParOldGen: 12083103K(12083200K)->12083103K(12083200K)
[363.651s][info][gc,metaspace   ] GC(396) Metaspace: 6301K(6464K)->6301K(6464K) NonClass: 5768K(5824K)->5768K(5824K) Class: 533K(640K)->533K(640K)
[363.651s][info][gc             ] GC(396) Pause Full (Ergonomics) 12032M->12032M(12429M) 3660.356ms
[363.651s][info][gc,cpu         ] GC(396) User=26.75s Sys=0.02s Real=3.66s
[363.651s][info][gc,start       ] GC(397) Pause Full (Ergonomics)
[363.651s][info][gc,phases,start] GC(397) Marking Phase
[366.386s][info][gc,phases      ] GC(397) Marking Phase 2734.724ms
[366.386s][info][gc,phases,start] GC(397) Summary Phase
[366.386s][info][gc,phases      ] GC(397) Summary Phase 0.144ms
[366.386s][info][gc,phases,start] GC(397) Adjust Roots
[366.386s][info][gc,phases      ] GC(397) Adjust Roots 0.292ms
[366.386s][info][gc,phases,start] GC(397) Compaction Phase
[367.288s][info][gc,phases      ] GC(397) Compaction Phase 901.798ms
[367.288s][info][gc,phases,start] GC(397) Post Compact
[367.306s][info][gc,phases      ] GC(397) Post Compact 18.163ms
[367.306s][info][gc,heap        ] GC(397) PSYoungGen: 237775K(644608K)->237775K(644608K) Eden: 175103K(175104K)->175103K(175104K) From: 62671K(469504K)->62671K(469504K)
[367.306s][info][gc,heap        ] GC(397) ParOldGen: 12083108K(12083200K)->12083108K(12083200K)
[367.306s][info][gc,metaspace   ] GC(397) Metaspace: 6301K(6464K)->6301K(6464K) NonClass: 5768K(5824K)->5768K(5824K) Class: 533K(640K)->533K(640K)
[367.306s][info][gc             ] GC(397) Pause Full (Ergonomics) 12032M->12032M(12429M) 3655.521ms
[367.306s][info][gc,cpu         ] GC(397) User=26.86s Sys=0.00s Real=3.66s
[367.307s][info][gc,start       ] GC(398) Pause Full (Ergonomics)
[367.307s][info][gc,phases,start] GC(398) Marking Phase
[370.039s][info][gc,phases      ] GC(398) Marking Phase 2732.188ms
[370.039s][info][gc,phases,start] GC(398) Summary Phase
[370.039s][info][gc,phases      ] GC(398) Summary Phase 0.111ms
[370.039s][info][gc,phases,start] GC(398) Adjust Roots
[370.039s][info][gc,phases      ] GC(398) Adjust Roots 0.174ms
[370.039s][info][gc,phases,start] GC(398) Compaction Phase
[370.960s][info][gc,phases      ] GC(398) Compaction Phase 920.919ms
[370.960s][info][gc,phases,start] GC(398) Post Compact
[370.978s][info][gc,phases      ] GC(398) Post Compact 18.255ms
[370.979s][info][gc,heap        ] GC(398) PSYoungGen: 237775K(644608K)->237775K(644608K) Eden: 175103K(175104K)->175103K(175104K) From: 62671K(469504K)->62671K(469504K)
[370.979s][info][gc,heap        ] GC(398) ParOldGen: 12083112K(12083200K)->12083112K(12083200K)
[370.979s][info][gc,metaspace   ] GC(398) Metaspace: 6301K(6464K)->6301K(6464K) NonClass: 5768K(5824K)->5768K(5824K) Class: 533K(640K)->533K(640K)
[370.979s][info][gc             ] GC(398) Pause Full (Ergonomics) 12032M->12032M(12429M) 3671.983ms
[370.979s][info][gc,cpu         ] GC(398) User=26.84s Sys=0.00s Real=3.67s
[370.979s][info][gc,start       ] GC(399) Pause Full (Ergonomics)
[370.979s][info][gc,phases,start] GC(399) Marking Phase
[373.708s][info][gc,phases      ] GC(399) Marking Phase 2728.804ms
[373.708s][info][gc,phases,start] GC(399) Summary Phase
[373.708s][info][gc,phases      ] GC(399) Summary Phase 0.154ms
[373.708s][info][gc,phases,start] GC(399) Adjust Roots
[373.708s][info][gc,phases      ] GC(399) Adjust Roots 0.248ms
[373.708s][info][gc,phases,start] GC(399) Compaction Phase
[374.635s][info][gc,phases      ] GC(399) Compaction Phase 926.432ms
[374.635s][info][gc,phases,start] GC(399) Post Compact
[374.655s][info][gc,phases      ] GC(399) Post Compact 20.806ms
[374.656s][info][gc,heap        ] GC(399) PSYoungGen: 237775K(644608K)->237775K(644608K) Eden: 175103K(175104K)->175103K(175104K) From: 62671K(469504K)->62671K(469504K)
[374.656s][info][gc,heap        ] GC(399) ParOldGen: 12083117K(12083200K)->12083117K(12083200K)
[374.656s][info][gc,metaspace   ] GC(399) Metaspace: 6301K(6464K)->6301K(6464K) NonClass: 5768K(5824K)->5768K(5824K) Class: 533K(640K)->533K(640K)
[374.656s][info][gc             ] GC(399) Pause Full (Ergonomics) 12032M->12032M(12429M) 3676.801ms
[374.656s][info][gc,cpu         ] GC(399) User=26.84s Sys=0.00s Real=3.68s
[374.656s][info][gc,start       ] GC(400) Pause Full (Ergonomics)
[374.656s][info][gc,phases,start] GC(400) Marking Phase
[377.446s][info][gc,phases      ] GC(400) Marking Phase 2789.890ms
[377.446s][info][gc,phases,start] GC(400) Summary Phase
[377.446s][info][gc,phases      ] GC(400) Summary Phase 0.208ms
[377.446s][info][gc,phases,start] GC(400) Adjust Roots
[377.446s][info][gc,phases      ] GC(400) Adjust Roots 0.327ms
[377.447s][info][gc,phases,start] GC(400) Compaction Phase
[378.455s][info][gc,phases      ] GC(400) Compaction Phase 1008.663ms
[378.455s][info][gc,phases,start] GC(400) Post Compact
[378.473s][info][gc,phases      ] GC(400) Post Compact 18.111ms
[378.473s][info][gc,heap        ] GC(400) PSYoungGen: 237775K(644608K)->237775K(644608K) Eden: 175103K(175104K)->175103K(175104K) From: 62671K(469504K)->62671K(469504K)
[378.474s][info][gc,heap        ] GC(400) ParOldGen: 12083122K(12083200K)->12083122K(12083200K)
[378.474s][info][gc,metaspace   ] GC(400) Metaspace: 6301K(6464K)->6301K(6464K) NonClass: 5768K(5824K)->5768K(5824K) Class: 533K(640K)->533K(640K)
[378.474s][info][gc             ] GC(400) Pause Full (Ergonomics) 12032M->12032M(12429M) 3817.635ms
[378.474s][info][gc,cpu         ] GC(400) User=26.83s Sys=0.00s Real=3.82s
[378.474s][info][gc,start       ] GC(401) Pause Full (Ergonomics)
[378.474s][info][gc,phases,start] GC(401) Marking Phase
[381.248s][info][gc,phases      ] GC(401) Marking Phase 2774.696ms
[381.249s][info][gc,phases,start] GC(401) Summary Phase
[381.249s][info][gc,phases      ] GC(401) Summary Phase 0.170ms
[381.249s][info][gc,phases,start] GC(401) Adjust Roots
[381.249s][info][gc,phases      ] GC(401) Adjust Roots 0.295ms
[381.249s][info][gc,phases,start] GC(401) Compaction Phase
[382.247s][info][gc,phases      ] GC(401) Compaction Phase 997.620ms
[382.247s][info][gc,phases,start] GC(401) Post Compact
[382.266s][info][gc,phases      ] GC(401) Post Compact 19.276ms
[382.266s][info][gc,heap        ] GC(401) PSYoungGen: 237775K(644608K)->237775K(644608K) Eden: 175103K(175104K)->175103K(175104K) From: 62671K(469504K)->62671K(469504K)
[382.266s][info][gc,heap        ] GC(401) ParOldGen: 12083127K(12083200K)->12083127K(12083200K)
[382.266s][info][gc,metaspace   ] GC(401) Metaspace: 6301K(6464K)->6301K(6464K) NonClass: 5768K(5824K)->5768K(5824K) Class: 533K(640K)->533K(640K)
[382.266s][info][gc             ] GC(401) Pause Full (Ergonomics) 12032M->12032M(12429M) 3792.440ms
[382.266s][info][gc,cpu         ] GC(401) User=26.80s Sys=0.02s Real=3.79s
[382.267s][info][gc,start       ] GC(402) Pause Full (Ergonomics)
[382.267s][info][gc,phases,start] GC(402) Marking Phase
[385.143s][info][gc,phases      ] GC(402) Marking Phase 2876.369ms
[385.143s][info][gc,phases,start] GC(402) Summary Phase
[385.143s][info][gc,phases      ] GC(402) Summary Phase 0.214ms
[385.143s][info][gc,phases,start] GC(402) Adjust Roots
[385.144s][info][gc,phases      ] GC(402) Adjust Roots 0.304ms
[385.144s][info][gc,phases,start] GC(402) Compaction Phase
[386.105s][info][gc,phases      ] GC(402) Compaction Phase 961.495ms
[386.105s][info][gc,phases,start] GC(402) Post Compact
[386.126s][info][gc,phases      ] GC(402) Post Compact 21.274ms
[386.127s][info][gc,heap        ] GC(402) PSYoungGen: 237775K(644608K)->237775K(644608K) Eden: 175103K(175104K)->175103K(175104K) From: 62671K(469504K)->62671K(469504K)
[386.127s][info][gc,heap        ] GC(402) ParOldGen: 12083132K(12083200K)->12083132K(12083200K)
[386.127s][info][gc,metaspace   ] GC(402) Metaspace: 6301K(6464K)->6301K(6464K) NonClass: 5768K(5824K)->5768K(5824K) Class: 533K(640K)->533K(640K)
[386.127s][info][gc             ] GC(402) Pause Full (Ergonomics) 12032M->12032M(12429M) 3860.086ms
[386.127s][info][gc,cpu         ] GC(402) User=26.91s Sys=0.02s Real=3.86s
[386.127s][info][gc,start       ] GC(403) Pause Full (Ergonomics)
[386.127s][info][gc,phases,start] GC(403) Marking Phase
[388.872s][info][gc,phases      ] GC(403) Marking Phase 2744.963ms
[388.872s][info][gc,phases,start] GC(403) Summary Phase
[388.872s][info][gc,phases      ] GC(403) Summary Phase 0.171ms
[388.872s][info][gc,phases,start] GC(403) Adjust Roots
[388.872s][info][gc,phases      ] GC(403) Adjust Roots 0.391ms
[388.873s][info][gc,phases,start] GC(403) Compaction Phase
[389.885s][info][gc,phases      ] GC(403) Compaction Phase 1012.502ms
[389.885s][info][gc,phases,start] GC(403) Post Compact
[389.906s][info][gc,phases      ] GC(403) Post Compact 20.402ms
[389.906s][info][gc,heap        ] GC(403) PSYoungGen: 237775K(644608K)->237775K(644608K) Eden: 175103K(175104K)->175103K(175104K) From: 62671K(469504K)->62671K(469504K)
[389.906s][info][gc,heap        ] GC(403) ParOldGen: 12083137K(12083200K)->12083137K(12083200K)
[389.906s][info][gc,metaspace   ] GC(403) Metaspace: 6301K(6464K)->6301K(6464K) NonClass: 5768K(5824K)->5768K(5824K) Class: 533K(640K)->533K(640K)
[389.906s][info][gc             ] GC(403) Pause Full (Ergonomics) 12032M->12032M(12429M) 3778.841ms
[389.906s][info][gc,cpu         ] GC(403) User=27.33s Sys=0.03s Real=3.78s
[389.906s][info][gc,start       ] GC(404) Pause Full (Ergonomics)
[389.906s][info][gc,phases,start] GC(404) Marking Phase
[392.929s][info][gc,phases      ] GC(404) Marking Phase 3022.593ms
[392.929s][info][gc,phases,start] GC(404) Summary Phase
[392.929s][info][gc,phases      ] GC(404) Summary Phase 0.186ms
[392.929s][info][gc,phases,start] GC(404) Adjust Roots
[392.929s][info][gc,phases      ] GC(404) Adjust Roots 0.384ms
[392.929s][info][gc,phases,start] GC(404) Compaction Phase
[394.152s][info][gc,phases      ] GC(404) Compaction Phase 1222.772ms
[394.152s][info][gc,phases,start] GC(404) Post Compact
[394.177s][info][gc,phases      ] GC(404) Post Compact 25.080ms
[394.177s][info][gc,heap        ] GC(404) PSYoungGen: 237775K(644608K)->237775K(644608K) Eden: 175103K(175104K)->175103K(175104K) From: 62671K(469504K)->62671K(469504K)
[394.177s][info][gc,heap        ] GC(404) ParOldGen: 12083141K(12083200K)->12083141K(12083200K)
[394.177s][info][gc,metaspace   ] GC(404) Metaspace: 6301K(6464K)->6301K(6464K) NonClass: 5768K(5824K)->5768K(5824K) Class: 533K(640K)->533K(640K)
[394.177s][info][gc             ] GC(404) Pause Full (Ergonomics) 12032M->12032M(12429M) 4271.468ms
[394.177s][info][gc,cpu         ] GC(404) User=27.75s Sys=0.00s Real=4.27s
[394.178s][info][gc,start       ] GC(405) Pause Full (Ergonomics)
[394.178s][info][gc,phases,start] GC(405) Marking Phase
[397.276s][info][gc,phases      ] GC(405) Marking Phase 3097.894ms
[397.294s][info][gc,phases,start] GC(405) Summary Phase
[397.294s][info][gc,phases      ] GC(405) Summary Phase 0.760ms
[397.294s][info][gc,phases,start] GC(405) Adjust Roots
[397.299s][info][gc,phases      ] GC(405) Adjust Roots 4.663ms
[397.299s][info][gc,phases,start] GC(405) Compaction Phase
[398.498s][info][gc,phases      ] GC(405) Compaction Phase 1198.306ms
[398.498s][info][gc,phases,start] GC(405) Post Compact
[398.519s][info][gc,phases      ] GC(405) Post Compact 21.232ms
[398.519s][info][gc,heap        ] GC(405) PSYoungGen: 237775K(644608K)->237775K(644608K) Eden: 175103K(175104K)->175103K(175104K) From: 62671K(469504K)->62671K(469504K)
[398.519s][info][gc,heap        ] GC(405) ParOldGen: 12083146K(12083200K)->12083146K(12083200K)
[398.519s][info][gc,metaspace   ] GC(405) Metaspace: 6301K(6464K)->6301K(6464K) NonClass: 5768K(5824K)->5768K(5824K) Class: 533K(640K)->533K(640K)
[398.519s][info][gc             ] GC(405) Pause Full (Ergonomics) 12032M->12032M(12429M) 4341.405ms
[398.519s][info][gc,cpu         ] GC(405) User=27.69s Sys=0.05s Real=4.34s
[398.519s][info][gc,start       ] GC(406) Pause Full (Ergonomics)
[398.519s][info][gc,phases,start] GC(406) Marking Phase
[401.654s][info][gc,phases      ] GC(406) Marking Phase 3134.667ms
[401.654s][info][gc,phases,start] GC(406) Summary Phase
[401.654s][info][gc,phases      ] GC(406) Summary Phase 0.311ms
[401.654s][info][gc,phases,start] GC(406) Adjust Roots
[401.655s][info][gc,phases      ] GC(406) Adjust Roots 0.411ms
[401.655s][info][gc,phases,start] GC(406) Compaction Phase
[402.789s][info][gc,phases      ] GC(406) Compaction Phase 1134.505ms
[402.789s][info][gc,phases,start] GC(406) Post Compact
[402.810s][info][gc,phases      ] GC(406) Post Compact 20.807ms
[402.810s][info][gc,heap        ] GC(406) PSYoungGen: 237775K(644608K)->237775K(644608K) Eden: 175103K(175104K)->175103K(175104K) From: 62671K(469504K)->62671K(469504K)
[402.810s][info][gc,heap        ] GC(406) ParOldGen: 12083151K(12083200K)->12083151K(12083200K)
[402.810s][info][gc,metaspace   ] GC(406) Metaspace: 6301K(6464K)->6301K(6464K) NonClass: 5768K(5824K)->5768K(5824K) Class: 533K(640K)->533K(640K)
[402.810s][info][gc             ] GC(406) Pause Full (Ergonomics) 12032M->12032M(12429M) 4291.178ms
[402.810s][info][gc,cpu         ] GC(406) User=26.97s Sys=0.05s Real=4.29s
[402.811s][info][gc,start       ] GC(407) Pause Full (Ergonomics)
[402.811s][info][gc,phases,start] GC(407) Marking Phase
[405.859s][info][gc,phases      ] GC(407) Marking Phase 3048.366ms
[405.859s][info][gc,phases,start] GC(407) Summary Phase
[405.859s][info][gc,phases      ] GC(407) Summary Phase 0.231ms
[405.859s][info][gc,phases,start] GC(407) Adjust Roots
[405.860s][info][gc,phases      ] GC(407) Adjust Roots 0.416ms
[405.860s][info][gc,phases,start] GC(407) Compaction Phase
[406.935s][info][gc,phases      ] GC(407) Compaction Phase 1074.727ms
[406.935s][info][gc,phases,start] GC(407) Post Compact
[406.958s][info][gc,phases      ] GC(407) Post Compact 23.053ms
[406.958s][info][gc,heap        ] GC(407) PSYoungGen: 237775K(644608K)->237775K(644608K) Eden: 175103K(175104K)->175103K(175104K) From: 62671K(469504K)->62671K(469504K)
[406.958s][info][gc,heap        ] GC(407) ParOldGen: 12083156K(12083200K)->12083156K(12083200K)
[406.958s][info][gc,metaspace   ] GC(407) Metaspace: 6301K(6464K)->6301K(6464K) NonClass: 5768K(5824K)->5768K(5824K) Class: 533K(640K)->533K(640K)
[406.958s][info][gc             ] GC(407) Pause Full (Ergonomics) 12032M->12032M(12429M) 4147.271ms
[406.958s][info][gc,cpu         ] GC(407) User=27.16s Sys=0.03s Real=4.15s
[406.958s][info][gc,start       ] GC(408) Pause Full (Ergonomics)
[406.958s][info][gc,phases,start] GC(408) Marking Phase
[409.858s][info][gc,phases      ] GC(408) Marking Phase 2899.719ms
[409.858s][info][gc,phases,start] GC(408) Summary Phase
[409.858s][info][gc,phases      ] GC(408) Summary Phase 0.184ms
[409.858s][info][gc,phases,start] GC(408) Adjust Roots
[409.859s][info][gc,phases      ] GC(408) Adjust Roots 0.328ms
[409.859s][info][gc,phases,start] GC(408) Compaction Phase
[410.885s][info][gc,phases      ] GC(408) Compaction Phase 1026.755ms
[410.885s][info][gc,phases,start] GC(408) Post Compact
[410.907s][info][gc,phases      ] GC(408) Post Compact 21.479ms
[410.907s][info][gc,heap        ] GC(408) PSYoungGen: 237775K(644608K)->237775K(644608K) Eden: 175103K(175104K)->175103K(175104K) From: 62671K(469504K)->62671K(469504K)
[410.907s][info][gc,heap        ] GC(408) ParOldGen: 12083161K(12083200K)->12083161K(12083200K)
[410.907s][info][gc,metaspace   ] GC(408) Metaspace: 6301K(6464K)->6301K(6464K) NonClass: 5768K(5824K)->5768K(5824K) Class: 533K(640K)->533K(640K)
[410.907s][info][gc             ] GC(408) Pause Full (Ergonomics) 12032M->12032M(12429M) 3948.894ms
[410.907s][info][gc,cpu         ] GC(408) User=26.98s Sys=0.00s Real=3.95s
[410.907s][info][gc,start       ] GC(409) Pause Full (Ergonomics)
[410.907s][info][gc,phases,start] GC(409) Marking Phase
[413.857s][info][gc,phases      ] GC(409) Marking Phase 2950.146ms
[413.858s][info][gc,phases,start] GC(409) Summary Phase
[413.858s][info][gc,phases      ] GC(409) Summary Phase 0.210ms
[413.858s][info][gc,phases,start] GC(409) Adjust Roots
[413.858s][info][gc,phases      ] GC(409) Adjust Roots 0.346ms
[413.858s][info][gc,phases,start] GC(409) Compaction Phase
[414.944s][info][gc,phases      ] GC(409) Compaction Phase 1085.622ms
[414.944s][info][gc,phases,start] GC(409) Post Compact
[414.963s][info][gc,phases      ] GC(409) Post Compact 19.056ms
[414.963s][info][gc,heap        ] GC(409) PSYoungGen: 237775K(644608K)->237775K(644608K) Eden: 175103K(175104K)->175103K(175104K) From: 62671K(469504K)->62671K(469504K)
[414.963s][info][gc,heap        ] GC(409) ParOldGen: 12083166K(12083200K)->12083166K(12083200K)
[414.963s][info][gc,metaspace   ] GC(409) Metaspace: 6301K(6464K)->6301K(6464K) NonClass: 5768K(5824K)->5768K(5824K) Class: 533K(640K)->533K(640K)
[414.963s][info][gc             ] GC(409) Pause Full (Ergonomics) 12032M->12032M(12429M) 4055.839ms
[414.963s][info][gc,cpu         ] GC(409) User=27.34s Sys=0.00s Real=4.06s
[414.963s][info][gc,start       ] GC(410) Pause Full (Ergonomics)
[414.963s][info][gc,phases,start] GC(410) Marking Phase
[417.807s][info][gc,phases      ] GC(410) Marking Phase 2843.653ms
[417.807s][info][gc,phases,start] GC(410) Summary Phase
[417.807s][info][gc,phases      ] GC(410) Summary Phase 0.205ms
[417.807s][info][gc,phases,start] GC(410) Adjust Roots
[417.808s][info][gc,phases      ] GC(410) Adjust Roots 0.407ms
[417.808s][info][gc,phases,start] GC(410) Compaction Phase
[418.777s][info][gc,phases      ] GC(410) Compaction Phase 969.303ms
[418.777s][info][gc,phases,start] GC(410) Post Compact
[418.799s][info][gc,phases      ] GC(410) Post Compact 21.862ms
[418.799s][info][gc,heap        ] GC(410) PSYoungGen: 237775K(644608K)->237775K(644608K) Eden: 175103K(175104K)->175103K(175104K) From: 62671K(469504K)->62671K(469504K)
[418.799s][info][gc,heap        ] GC(410) ParOldGen: 12083170K(12083200K)->12083170K(12083200K)
[418.799s][info][gc,metaspace   ] GC(410) Metaspace: 6301K(6464K)->6301K(6464K) NonClass: 5768K(5824K)->5768K(5824K) Class: 533K(640K)->533K(640K)
[418.799s][info][gc             ] GC(410) Pause Full (Ergonomics) 12032M->12032M(12429M) 3835.809ms
[418.799s][info][gc,cpu         ] GC(410) User=26.97s Sys=0.02s Real=3.84s
[418.799s][info][gc,start       ] GC(411) Pause Full (Ergonomics)
[418.799s][info][gc,phases,start] GC(411) Marking Phase
[421.546s][info][gc,phases      ] GC(411) Marking Phase 2746.720ms
[421.546s][info][gc,phases,start] GC(411) Summary Phase
[421.546s][info][gc,phases      ] GC(411) Summary Phase 0.213ms
[421.546s][info][gc,phases,start] GC(411) Adjust Roots
[421.547s][info][gc,phases      ] GC(411) Adjust Roots 0.352ms
[421.547s][info][gc,phases,start] GC(411) Compaction Phase
[422.493s][info][gc,phases      ] GC(411) Compaction Phase 945.787ms
[422.493s][info][gc,phases,start] GC(411) Post Compact
[422.514s][info][gc,phases      ] GC(411) Post Compact 21.368ms
[422.514s][info][gc,heap        ] GC(411) PSYoungGen: 237775K(644608K)->237775K(644608K) Eden: 175103K(175104K)->175103K(175104K) From: 62671K(469504K)->62671K(469504K)
[422.514s][info][gc,heap        ] GC(411) ParOldGen: 12083175K(12083200K)->12083175K(12083200K)
[422.514s][info][gc,metaspace   ] GC(411) Metaspace: 6301K(6464K)->6301K(6464K) NonClass: 5768K(5824K)->5768K(5824K) Class: 533K(640K)->533K(640K)
[422.514s][info][gc             ] GC(411) Pause Full (Ergonomics) 12032M->12032M(12429M) 3714.864ms
[422.514s][info][gc,cpu         ] GC(411) User=26.78s Sys=0.00s Real=3.72s
[422.514s][info][gc,start       ] GC(412) Pause Full (Ergonomics)
[422.514s][info][gc,phases,start] GC(412) Marking Phase
[425.274s][info][gc,phases      ] GC(412) Marking Phase 2759.635ms
[425.274s][info][gc,phases,start] GC(412) Summary Phase
[425.274s][info][gc,phases      ] GC(412) Summary Phase 0.322ms
[425.275s][info][gc,phases,start] GC(412) Adjust Roots
[425.275s][info][gc,phases      ] GC(412) Adjust Roots 0.338ms
[425.275s][info][gc,phases,start] GC(412) Compaction Phase
[426.260s][info][gc,phases      ] GC(412) Compaction Phase 985.250ms
[426.260s][info][gc,phases,start] GC(412) Post Compact
[426.279s][info][gc,phases      ] GC(412) Post Compact 18.721ms
[426.279s][info][gc,heap        ] GC(412) PSYoungGen: 237775K(644608K)->237775K(644608K) Eden: 175103K(175104K)->175103K(175104K) From: 62671K(469504K)->62671K(469504K)
[426.279s][info][gc,heap        ] GC(412) ParOldGen: 12083180K(12083200K)->12083180K(12083200K)
[426.279s][info][gc,metaspace   ] GC(412) Metaspace: 6301K(6464K)->6301K(6464K) NonClass: 5768K(5824K)->5768K(5824K) Class: 533K(640K)->533K(640K)
[426.279s][info][gc             ] GC(412) Pause Full (Ergonomics) 12032M->12032M(12429M) 3764.711ms
[426.279s][info][gc,cpu         ] GC(412) User=26.91s Sys=0.02s Real=3.76s
[426.279s][info][gc,start       ] GC(413) Pause Full (Ergonomics)
[426.279s][info][gc,phases,start] GC(413) Marking Phase
[429.069s][info][gc,phases      ] GC(413) Marking Phase 2789.832ms
[429.069s][info][gc,phases,start] GC(413) Summary Phase
[429.069s][info][gc,phases      ] GC(413) Summary Phase 0.200ms
[429.069s][info][gc,phases,start] GC(413) Adjust Roots
[429.070s][info][gc,phases      ] GC(413) Adjust Roots 0.400ms
[429.070s][info][gc,phases,start] GC(413) Compaction Phase
[429.997s][info][gc,phases      ] GC(413) Compaction Phase 927.127ms
[429.997s][info][gc,phases,start] GC(413) Post Compact
[430.018s][info][gc,phases      ] GC(413) Post Compact 21.131ms
[430.018s][info][gc,heap        ] GC(413) PSYoungGen: 237775K(644608K)->237775K(644608K) Eden: 175103K(175104K)->175103K(175104K) From: 62671K(469504K)->62671K(469504K)
[430.018s][info][gc,heap        ] GC(413) ParOldGen: 12083185K(12083200K)->12083185K(12083200K)
[430.018s][info][gc,metaspace   ] GC(413) Metaspace: 6301K(6464K)->6301K(6464K) NonClass: 5768K(5824K)->5768K(5824K) Class: 533K(640K)->533K(640K)
[430.018s][info][gc             ] GC(413) Pause Full (Ergonomics) 12032M->12032M(12429M) 3739.134ms
[430.018s][info][gc,cpu         ] GC(413) User=26.98s Sys=0.05s Real=3.74s
[430.019s][info][gc,start       ] GC(414) Pause Full (Ergonomics)
[430.019s][info][gc,phases,start] GC(414) Marking Phase
[432.752s][info][gc,phases      ] GC(414) Marking Phase 2733.448ms
[432.752s][info][gc,phases,start] GC(414) Summary Phase
[432.752s][info][gc,phases      ] GC(414) Summary Phase 0.139ms
[432.752s][info][gc,phases,start] GC(414) Adjust Roots
[432.753s][info][gc,phases      ] GC(414) Adjust Roots 0.303ms
[432.753s][info][gc,phases,start] GC(414) Compaction Phase
[433.707s][info][gc,phases      ] GC(414) Compaction Phase 954.388ms
[433.707s][info][gc,phases,start] GC(414) Post Compact
[433.726s][info][gc,phases      ] GC(414) Post Compact 19.009ms
[433.726s][info][gc,heap        ] GC(414) PSYoungGen: 237775K(644608K)->237775K(644608K) Eden: 175103K(175104K)->175103K(175104K) From: 62671K(469504K)->62671K(469504K)
[433.726s][info][gc,heap        ] GC(414) ParOldGen: 12083190K(12083200K)->12083190K(12083200K)
[433.726s][info][gc,metaspace   ] GC(414) Metaspace: 6301K(6464K)->6301K(6464K) NonClass: 5768K(5824K)->5768K(5824K) Class: 533K(640K)->533K(640K)
[433.726s][info][gc             ] GC(414) Pause Full (Ergonomics) 12032M->12032M(12429M) 3707.659ms
[433.726s][info][gc,cpu         ] GC(414) User=26.39s Sys=0.03s Real=3.71s
[433.727s][info][gc,start       ] GC(415) Pause Full (Ergonomics)
[433.727s][info][gc,phases,start] GC(415) Marking Phase
[436.496s][info][gc,phases      ] GC(415) Marking Phase 2769.032ms
[436.496s][info][gc,phases,start] GC(415) Summary Phase
[436.496s][info][gc,phases      ] GC(415) Summary Phase 0.144ms
[436.496s][info][gc,phases,start] GC(415) Adjust Roots
[436.496s][info][gc,phases      ] GC(415) Adjust Roots 0.325ms
[436.496s][info][gc,phases,start] GC(415) Compaction Phase
[437.438s][info][gc,phases      ] GC(415) Compaction Phase 941.753ms
[437.438s][info][gc,phases,start] GC(415) Post Compact
[437.458s][info][gc,phases      ] GC(415) Post Compact 19.584ms
[437.458s][info][gc,heap        ] GC(415) PSYoungGen: 237775K(644608K)->237775K(644608K) Eden: 175103K(175104K)->175103K(175104K) From: 62671K(469504K)->62671K(469504K)
[437.458s][info][gc,heap        ] GC(415) ParOldGen: 12083195K(12083200K)->12083195K(12083200K)
[437.458s][info][gc,metaspace   ] GC(415) Metaspace: 6301K(6464K)->6301K(6464K) NonClass: 5768K(5824K)->5768K(5824K) Class: 533K(640K)->533K(640K)
[437.458s][info][gc             ] GC(415) Pause Full (Ergonomics) 12032M->12032M(12429M) 3731.246ms
[437.458s][info][gc,cpu         ] GC(415) User=26.91s Sys=0.02s Real=3.73s
[437.458s][info][gc,start       ] GC(416) Pause Full (Ergonomics)
[437.458s][info][gc,phases,start] GC(416) Marking Phase
[440.198s][info][gc,phases      ] GC(416) Marking Phase 2740.262ms
[440.198s][info][gc,phases,start] GC(416) Summary Phase
[440.199s][info][gc,phases      ] GC(416) Summary Phase 0.185ms
[440.199s][info][gc,phases,start] GC(416) Adjust Roots
[440.199s][info][gc,phases      ] GC(416) Adjust Roots 0.326ms
[440.199s][info][gc,phases,start] GC(416) Compaction Phase
[441.158s][info][gc,phases      ] GC(416) Compaction Phase 959.415ms
[441.158s][info][gc,phases,start] GC(416) Post Compact
[441.178s][info][gc,phases      ] GC(416) Post Compact 19.161ms
[441.178s][info][gc,heap        ] GC(416) PSYoungGen: 237775K(644608K)->237775K(644608K) Eden: 175103K(175104K)->175103K(175104K) From: 62671K(469504K)->62671K(469504K)
[441.178s][info][gc,heap        ] GC(416) ParOldGen: 12083199K(12083200K)->12083199K(12083200K)
[441.178s][info][gc,metaspace   ] GC(416) Metaspace: 6301K(6464K)->6301K(6464K) NonClass: 5768K(5824K)->5768K(5824K) Class: 533K(640K)->533K(640K)
[441.178s][info][gc             ] GC(416) Pause Full (Ergonomics) 12032M->12032M(12429M) 3719.774ms
[441.178s][info][gc,cpu         ] GC(416) User=26.72s Sys=0.00s Real=3.72s
[441.178s][info][gc,start       ] GC(417) Pause Full (Allocation Failure)
[441.178s][info][gc,phases,start] GC(417) Marking Phase
[444.020s][info][gc,phases      ] GC(417) Marking Phase 2841.845ms
[444.020s][info][gc,phases,start] GC(417) Summary Phase
[444.020s][info][gc,phases      ] GC(417) Summary Phase 0.141ms
[444.020s][info][gc,phases,start] GC(417) Adjust Roots
[444.020s][info][gc,phases      ] GC(417) Adjust Roots 0.488ms
[444.020s][info][gc,phases,start] GC(417) Compaction Phase
[447.041s][info][gc,phases      ] GC(417) Compaction Phase 3021.018ms
[447.042s][info][gc,phases,start] GC(417) Post Compact
[447.067s][info][gc,phases      ] GC(417) Post Compact 25.133ms
[447.067s][info][gc,heap        ] GC(417) PSYoungGen: 237775K(644608K)->237775K(644608K) Eden: 175103K(175104K)->175103K(175104K) From: 62671K(469504K)->62671K(469504K)
[447.067s][info][gc,heap        ] GC(417) ParOldGen: 12083199K(12083200K)->12083195K(12083200K)
[447.067s][info][gc,metaspace   ] GC(417) Metaspace: 6301K(6464K)->6300K(6464K) NonClass: 5768K(5824K)->5767K(5824K) Class: 533K(640K)->532K(640K)
[447.067s][info][gc             ] GC(417) Pause Full (Allocation Failure) 12032M->12032M(12429M) 5889.008ms
[447.067s][info][gc,cpu         ] GC(417) User=41.02s Sys=0.08s Real=5.89s
[447.085s][info][gc,start       ] GC(418) Pause Full (Ergonomics)
[447.085s][info][gc,phases,start] GC(418) Marking Phase
[449.879s][info][gc,phases      ] GC(418) Marking Phase 2793.896ms
[449.879s][info][gc,phases,start] GC(418) Summary Phase
[449.879s][info][gc,phases      ] GC(418) Summary Phase 0.133ms
[449.879s][info][gc,phases,start] GC(418) Adjust Roots
[449.879s][info][gc,phases      ] GC(418) Adjust Roots 0.240ms
[449.879s][info][gc,phases,start] GC(418) Compaction Phase
[450.818s][info][gc,phases      ] GC(418) Compaction Phase 939.106ms
[450.818s][info][gc,phases,start] GC(418) Post Compact
[450.837s][info][gc,phases      ] GC(418) Post Compact 18.199ms
[450.837s][info][gc,heap        ] GC(418) PSYoungGen: 237775K(644608K)->237775K(644608K) Eden: 175103K(175104K)->175103K(175104K) From: 62671K(469504K)->62671K(469504K)
[450.837s][info][gc,heap        ] GC(418) ParOldGen: 12083199K(12083200K)->12083199K(12083200K)
[450.837s][info][gc,metaspace   ] GC(418) Metaspace: 6300K(6464K)->6300K(6464K) NonClass: 5767K(5824K)->5767K(5824K) Class: 532K(640K)->532K(640K)
[450.837s][info][gc             ] GC(418) Pause Full (Ergonomics) 12032M->12032M(12429M) 3752.022ms
[450.837s][info][gc,cpu         ] GC(418) User=26.88s Sys=0.02s Real=3.75s
[450.837s][info][gc,start       ] GC(419) Pause Full (Allocation Failure)
[450.837s][info][gc,phases,start] GC(419) Marking Phase
[453.583s][info][gc,phases      ] GC(419) Marking Phase 2745.612ms
[453.583s][info][gc,phases,start] GC(419) Summary Phase
[453.583s][info][gc,phases      ] GC(419) Summary Phase 0.122ms
[453.583s][info][gc,phases,start] GC(419) Adjust Roots
[453.583s][info][gc,phases      ] GC(419) Adjust Roots 0.212ms
[453.583s][info][gc,phases,start] GC(419) Compaction Phase
[454.507s][info][gc,phases      ] GC(419) Compaction Phase 924.328ms
[454.507s][info][gc,phases,start] GC(419) Post Compact
[454.526s][info][gc,phases      ] GC(419) Post Compact 18.381ms
[454.526s][info][gc,heap        ] GC(419) PSYoungGen: 237775K(644608K)->237775K(644608K) Eden: 175103K(175104K)->175103K(175104K) From: 62671K(469504K)->62671K(469504K)
[454.526s][info][gc,heap        ] GC(419) ParOldGen: 12083199K(12083200K)->12083199K(12083200K)
[454.526s][info][gc,metaspace   ] GC(419) Metaspace: 6300K(6464K)->6300K(6464K) NonClass: 5767K(5824K)->5767K(5824K) Class: 532K(640K)->532K(640K)
[454.526s][info][gc             ] GC(419) Pause Full (Allocation Failure) 12032M->12032M(12429M) 3688.997ms
[454.526s][info][gc,cpu         ] GC(419) User=27.00s Sys=0.00s Real=3.69s
[454.527s][info][gc,start       ] GC(420) Pause Full (Ergonomics)
[454.527s][info][gc,phases,start] GC(420) Marking Phase
[457.276s][info][gc,phases      ] GC(420) Marking Phase 2748.309ms
[457.276s][info][gc,phases,start] GC(420) Summary Phase
[457.276s][info][gc,phases      ] GC(420) Summary Phase 0.125ms
[457.276s][info][gc,phases,start] GC(420) Adjust Roots
[457.276s][info][gc,phases      ] GC(420) Adjust Roots 0.331ms
[457.276s][info][gc,phases,start] GC(420) Compaction Phase
[460.401s][info][gc,phases      ] GC(420) Compaction Phase 3125.126ms
[460.401s][info][gc,phases,start] GC(420) Post Compact
[460.420s][info][gc,phases      ] GC(420) Post Compact 18.356ms
[460.420s][info][gc,heap        ] GC(420) PSYoungGen: 237775K(644608K)->237775K(644608K) Eden: 175104K(175104K)->175104K(175104K) From: 62671K(469504K)->62671K(469504K)
[460.420s][info][gc,heap        ] GC(420) ParOldGen: 12083199K(12083200K)->12083198K(12083200K)
[460.420s][info][gc,metaspace   ] GC(420) Metaspace: 6300K(6464K)->6300K(6464K) NonClass: 5767K(5824K)->5767K(5824K) Class: 532K(640K)->532K(640K)
[460.420s][info][gc             ] GC(420) Pause Full (Ergonomics) 12032M->12032M(12429M) 5892.626ms
[460.420s][info][gc,cpu         ] GC(420) User=43.20s Sys=0.02s Real=5.89s
[460.421s][info][gc,start       ] GC(421) Pause Full (Ergonomics)
[460.421s][info][gc,phases,start] GC(421) Marking Phase
[463.180s][info][gc,phases      ] GC(421) Marking Phase 2759.613ms
[463.180s][info][gc,phases,start] GC(421) Summary Phase
[463.180s][info][gc,phases      ] GC(421) Summary Phase 0.177ms
[463.180s][info][gc,phases,start] GC(421) Adjust Roots
[463.181s][info][gc,phases      ] GC(421) Adjust Roots 0.265ms
[463.181s][info][gc,phases,start] GC(421) Compaction Phase
[464.098s][info][gc,phases      ] GC(421) Compaction Phase 917.151ms
[464.098s][info][gc,phases,start] GC(421) Post Compact
[464.116s][info][gc,phases      ] GC(421) Post Compact 18.165ms
[464.116s][info][gc,heap        ] GC(421) PSYoungGen: 237775K(644608K)->237775K(644608K) Eden: 175104K(175104K)->175104K(175104K) From: 62671K(469504K)->62671K(469504K)
[464.116s][info][gc,heap        ] GC(421) ParOldGen: 12083198K(12083200K)->12083198K(12083200K)
[464.116s][info][gc,metaspace   ] GC(421) Metaspace: 6300K(6464K)->6300K(6464K) NonClass: 5767K(5824K)->5767K(5824K) Class: 532K(640K)->532K(640K)
[464.116s][info][gc             ] GC(421) Pause Full (Ergonomics) 12032M->12032M(12429M) 3695.736ms
[464.116s][info][gc,cpu         ] GC(421) User=27.14s Sys=0.00s Real=3.70s
[464.118s][info][gc,start       ] GC(422) Pause Full (Ergonomics)
[464.118s][info][gc,phases,start] GC(422) Marking Phase
[466.851s][info][gc,phases      ] GC(422) Marking Phase 2732.687ms
[466.851s][info][gc,phases,start] GC(422) Summary Phase
[466.851s][info][gc,phases      ] GC(422) Summary Phase 0.181ms
[466.851s][info][gc,phases,start] GC(422) Adjust Roots
[466.852s][info][gc,phases      ] GC(422) Adjust Roots 0.324ms
[466.852s][info][gc,phases,start] GC(422) Compaction Phase
[469.976s][info][gc,phases      ] GC(422) Compaction Phase 3124.226ms
[469.976s][info][gc,phases,start] GC(422) Post Compact
[469.996s][info][gc,phases      ] GC(422) Post Compact 20.178ms
[469.996s][info][gc,heap        ] GC(422) PSYoungGen: 237775K(644608K)->237775K(644608K) Eden: 175104K(175104K)->175104K(175104K) From: 62671K(469504K)->62671K(469504K)
[469.996s][info][gc,heap        ] GC(422) ParOldGen: 12083199K(12083200K)->12083196K(12083200K)
[469.996s][info][gc,metaspace   ] GC(422) Metaspace: 6301K(6464K)->6301K(6464K) NonClass: 5767K(5824K)->5767K(5824K) Class: 533K(640K)->533K(640K)
[469.996s][info][gc             ] GC(422) Pause Full (Ergonomics) 12032M->12032M(12429M) 5878.050ms
[469.997s][info][gc,cpu         ] GC(422) User=42.72s Sys=0.06s Real=5.88s
[469.997s][info][gc,heap,exit   ] Heap
[469.997s][info][gc,heap,exit   ]  PSYoungGen      total 644608K, used 237775K [0x000000068f400000, 0x00000006d5600000, 0x0000000800000000)
[469.997s][info][gc,heap,exit   ]   eden space 175104K, 100% used [0x000000068f400000,0x0000000699f00000,0x0000000699f00000)
[469.997s][info][gc,heap,exit   ]   from space 469504K, 13% used [0x00000006b7100000,0x00000006bae33d80,0x00000006d3b80000)
[469.997s][info][gc,heap,exit   ]   to   space 477184K, 0% used [0x0000000699f00000,0x0000000699f00000,0x00000006b7100000)
[469.997s][info][gc,heap,exit   ]  ParOldGen       total 12083200K, used 12083197K [0x00000003adc00000, 0x000000068f400000, 0x000000068f400000)
[469.997s][info][gc,heap,exit   ]   object space 12083200K, 99% used [0x00000003adc00000,0x000000068f3ff5f0,0x000000068f400000)
[469.997s][info][gc,heap,exit   ]  Metaspace       used 6304K, committed 6528K, reserved 1114112K
[469.997s][info][gc,heap,exit   ]   class space    used 534K, committed 640K, reserved 1048576K
