[0.013s][info][gc,init] CardTable entry size: 512
[0.013s][info][gc     ] Using Parallel
[0.014s][info][gc,init] Version: 18.0.1+10 (release)
[0.014s][info][gc,init] CPUs: 8 total, 8 available
[0.014s][info][gc,init] Memory: 16063M
[0.014s][info][gc,init] Large Page Support: Disabled
[0.014s][info][gc,init] NUMA Support: Disabled
[0.014s][info][gc,init] Compressed Oops: Enabled (Zero based)
[0.014s][info][gc,init] Alignments: Space 512K, Generation 512K, Heap 2M
[0.014s][info][gc,init] Heap Min Capacity: 2M
[0.015s][info][gc,init] Heap Initial Capacity: 2M
[0.015s][info][gc,init] Heap Max Capacity: 10500M
[0.015s][info][gc,init] Pre-touch: Disabled
[0.015s][info][gc,init] Parallel Workers: 8
[0.015s][info][gc,metaspace] CDS archive(s) not mapped
[0.015s][info][gc,metaspace] Compressed class space mapped at: 0x0000000800000000-0x0000000840000000, reserved size: 1073741824
[0.015s][info][gc,metaspace] Narrow klass base: 0x0000000800000000, Narrow klass shift: 0, Narrow klass range: 0x40000000
[0.118s][info][gc,start    ] GC(0) Pause Young (Allocation Failure)
[0.119s][info][gc,heap     ] GC(0) PSYoungGen: 512K(1024K)->480K(1024K) Eden: 512K(512K)->0K(512K) From: 0K(512K)->480K(512K)
[0.119s][info][gc,heap     ] GC(0) ParOldGen: 0K(512K)->8K(512K)
[0.119s][info][gc,metaspace] GC(0) Metaspace: 4229K(4352K)->4229K(4352K) NonClass: 3908K(3968K)->3908K(3968K) Class: 321K(384K)->321K(384K)
[0.119s][info][gc          ] GC(0) Pause Young (Allocation Failure) 0M->0M(1M) 1.209ms
[0.119s][info][gc,cpu      ] GC(0) User=0.00s Sys=0.00s Real=0.00s
[0.185s][info][gc,start    ] GC(1) Pause Young (Allocation Failure)
[0.185s][info][gc,heap     ] GC(1) PSYoungGen: 991K(1024K)->512K(1024K) Eden: 511K(512K)->0K(512K) From: 480K(512K)->512K(512K)
[0.185s][info][gc,heap     ] GC(1) ParOldGen: 8K(512K)->96K(512K)
[0.185s][info][gc,metaspace] GC(1) Metaspace: 5882K(6016K)->5882K(6016K) NonClass: 5385K(5504K)->5385K(5504K) Class: 496K(512K)->496K(512K)
[0.185s][info][gc          ] GC(1) Pause Young (Allocation Failure) 0M->0M(1M) 0.882ms
[0.185s][info][gc,cpu      ] GC(1) User=0.00s Sys=0.00s Real=0.00s
[0.209s][info][gc,start    ] GC(2) Pause Young (Allocation Failure)
[0.210s][info][gc,heap     ] GC(2) PSYoungGen: 1023K(1024K)->512K(1024K) Eden: 511K(512K)->0K(512K) From: 512K(512K)->512K(512K)
[0.210s][info][gc,heap     ] GC(2) ParOldGen: 96K(512K)->232K(512K)
[0.210s][info][gc,metaspace] GC(2) Metaspace: 6298K(6464K)->6298K(6464K) NonClass: 5765K(5824K)->5765K(5824K) Class: 533K(640K)->533K(640K)
[0.210s][info][gc          ] GC(2) Pause Young (Allocation Failure) 1M->0M(1M) 1.154ms
[0.210s][info][gc,cpu      ] GC(2) User=0.00s Sys=0.00s Real=0.00s
[0.212s][info][gc,start    ] GC(3) Pause Young (Allocation Failure)
[0.213s][info][gc,heap     ] GC(3) PSYoungGen: 1023K(1024K)->512K(1536K) Eden: 511K(512K)->0K(1024K) From: 512K(512K)->512K(512K)
[0.214s][info][gc,heap     ] GC(3) ParOldGen: 232K(512K)->496K(512K)
[0.214s][info][gc,metaspace] GC(3) Metaspace: 6301K(6528K)->6301K(6528K) NonClass: 5767K(5888K)->5767K(5888K) Class: 533K(640K)->533K(640K)
[0.214s][info][gc          ] GC(3) Pause Young (Allocation Failure) 1M->0M(2M) 1.350ms
[0.214s][info][gc,cpu      ] GC(3) User=0.00s Sys=0.00s Real=0.00s
[0.214s][info][gc,start    ] GC(4) Pause Full (Ergonomics)
[0.214s][info][gc,phases,start] GC(4) Marking Phase
[0.215s][info][gc,phases      ] GC(4) Marking Phase 1.013ms
[0.215s][info][gc,phases,start] GC(4) Summary Phase
[0.215s][info][gc,phases      ] GC(4) Summary Phase 0.015ms
[0.215s][info][gc,phases,start] GC(4) Adjust Roots
[0.215s][info][gc,phases      ] GC(4) Adjust Roots 0.338ms
[0.215s][info][gc,phases,start] GC(4) Compaction Phase
[0.217s][info][gc,phases      ] GC(4) Compaction Phase 1.515ms
[0.217s][info][gc,phases,start] GC(4) Post Compact
[0.217s][info][gc,phases      ] GC(4) Post Compact 0.101ms
[0.217s][info][gc,heap        ] GC(4) PSYoungGen: 512K(1536K)->511K(1536K) Eden: 0K(1024K)->0K(1024K) From: 512K(512K)->511K(512K)
[0.217s][info][gc,heap        ] GC(4) ParOldGen: 496K(512K)->455K(2048K)
[0.217s][info][gc,metaspace   ] GC(4) Metaspace: 6301K(6528K)->6301K(6528K) NonClass: 5767K(5888K)->5767K(5888K) Class: 533K(640K)->533K(640K)
[0.217s][info][gc             ] GC(4) Pause Full (Ergonomics) 0M->0M(3M) 3.335ms
[0.217s][info][gc,cpu         ] GC(4) User=0.00s Sys=0.00s Real=0.00s
[0.220s][info][gc,start       ] GC(5) Pause Young (Allocation Failure)
[0.221s][info][gc,heap        ] GC(5) PSYoungGen: 1535K(1536K)->480K(1536K) Eden: 1024K(1024K)->0K(1024K) From: 511K(512K)->480K(512K)
[0.221s][info][gc,heap        ] GC(5) ParOldGen: 455K(2048K)->1023K(2048K)
[0.221s][info][gc,metaspace   ] GC(5) Metaspace: 6301K(6528K)->6301K(6528K) NonClass: 5767K(5888K)->5767K(5888K) Class: 533K(640K)->533K(640K)
[0.221s][info][gc             ] GC(5) Pause Young (Allocation Failure) 1M->1M(3M) 1.417ms
[0.221s][info][gc,cpu         ] GC(5) User=0.00s Sys=0.00s Real=0.00s
[0.223s][info][gc,start       ] GC(6) Pause Young (Allocation Failure)
[0.224s][info][gc,heap        ] GC(6) PSYoungGen: 1504K(1536K)->1024K(3584K) Eden: 1024K(1024K)->0K(2048K) From: 480K(512K)->1024K(1536K)
[0.224s][info][gc,heap        ] GC(6) ParOldGen: 1023K(2048K)->1023K(2048K)
[0.224s][info][gc,metaspace   ] GC(6) Metaspace: 6301K(6528K)->6301K(6528K) NonClass: 5767K(5888K)->5767K(5888K) Class: 533K(640K)->533K(640K)
[0.224s][info][gc             ] GC(6) Pause Young (Allocation Failure) 2M->1M(5M) 1.477ms
[0.224s][info][gc,cpu         ] GC(6) User=0.00s Sys=0.00s Real=0.00s
[0.227s][info][gc,start       ] GC(7) Pause Young (Allocation Failure)
[0.230s][info][gc,heap        ] GC(7) PSYoungGen: 3072K(3584K)->1504K(3584K) Eden: 2048K(2048K)->0K(2048K) From: 1024K(1536K)->1504K(1536K)
[0.230s][info][gc,heap        ] GC(7) ParOldGen: 1023K(2048K)->1567K(2048K)
[0.230s][info][gc,metaspace   ] GC(7) Metaspace: 6301K(6528K)->6301K(6528K) NonClass: 5767K(5888K)->5767K(5888K) Class: 533K(640K)->533K(640K)
[0.230s][info][gc             ] GC(7) Pause Young (Allocation Failure) 3M->2M(5M) 2.665ms
[0.230s][info][gc,cpu         ] GC(7) User=0.00s Sys=0.00s Real=0.00s
[0.230s][info][gc,start       ] GC(8) Pause Full (Ergonomics)
[0.230s][info][gc,phases,start] GC(8) Marking Phase
[0.232s][info][gc,phases      ] GC(8) Marking Phase 1.886ms
[0.232s][info][gc,phases,start] GC(8) Summary Phase
[0.232s][info][gc,phases      ] GC(8) Summary Phase 0.014ms
[0.232s][info][gc,phases,start] GC(8) Adjust Roots
[0.233s][info][gc,phases      ] GC(8) Adjust Roots 0.434ms
[0.233s][info][gc,phases,start] GC(8) Compaction Phase
[0.235s][info][gc,phases      ] GC(8) Compaction Phase 2.682ms
[0.235s][info][gc,phases,start] GC(8) Post Compact
[0.235s][info][gc,phases      ] GC(8) Post Compact 0.027ms
[0.235s][info][gc,heap        ] GC(8) PSYoungGen: 1504K(3584K)->1501K(3584K) Eden: 0K(2048K)->0K(2048K) From: 1504K(1536K)->1501K(1536K)
[0.235s][info][gc,heap        ] GC(8) ParOldGen: 1567K(2048K)->1537K(4096K)
[0.235s][info][gc,metaspace   ] GC(8) Metaspace: 6301K(6528K)->6301K(6528K) NonClass: 5767K(5888K)->5767K(5888K) Class: 533K(640K)->533K(640K)
[0.235s][info][gc             ] GC(8) Pause Full (Ergonomics) 2M->2M(7M) 5.314ms
[0.235s][info][gc,cpu         ] GC(8) User=0.00s Sys=0.00s Real=0.00s
[0.239s][info][gc,start       ] GC(9) Pause Young (Allocation Failure)
[0.241s][info][gc,heap        ] GC(9) PSYoungGen: 3549K(3584K)->2016K(5120K) Eden: 2048K(2048K)->0K(3072K) From: 1501K(1536K)->2016K(2048K)
[0.241s][info][gc,heap        ] GC(9) ParOldGen: 1537K(4096K)->2089K(4096K)
[0.241s][info][gc,metaspace   ] GC(9) Metaspace: 6301K(6528K)->6301K(6528K) NonClass: 5767K(5888K)->5767K(5888K) Class: 533K(640K)->533K(640K)
[0.241s][info][gc             ] GC(9) Pause Young (Allocation Failure) 4M->4M(9M) 2.822ms
[0.241s][info][gc,cpu         ] GC(9) User=0.00s Sys=0.00s Real=0.00s
[0.247s][info][gc,start       ] GC(10) Pause Young (Allocation Failure)
[0.250s][info][gc,heap        ] GC(10) PSYoungGen: 5088K(5120K)->2528K(5632K) Eden: 3072K(3072K)->0K(3072K) From: 2016K(2048K)->2528K(2560K)
[0.250s][info][gc,heap        ] GC(10) ParOldGen: 2089K(4096K)->3177K(4096K)
[0.251s][info][gc,metaspace   ] GC(10) Metaspace: 6301K(6528K)->6301K(6528K) NonClass: 5767K(5888K)->5767K(5888K) Class: 533K(640K)->533K(640K)
[0.251s][info][gc             ] GC(10) Pause Young (Allocation Failure) 7M->5M(9M) 3.406ms
[0.251s][info][gc,cpu         ] GC(10) User=0.00s Sys=0.00s Real=0.00s
[0.251s][info][gc,start       ] GC(11) Pause Full (Ergonomics)
[0.251s][info][gc,phases,start] GC(11) Marking Phase
[0.254s][info][gc,phases      ] GC(11) Marking Phase 3.142ms
[0.254s][info][gc,phases,start] GC(11) Summary Phase
[0.254s][info][gc,phases      ] GC(11) Summary Phase 0.018ms
[0.254s][info][gc,phases,start] GC(11) Adjust Roots
[0.254s][info][gc,phases      ] GC(11) Adjust Roots 0.267ms
[0.254s][info][gc,phases,start] GC(11) Compaction Phase
[0.259s][info][gc,phases      ] GC(11) Compaction Phase 4.980ms
[0.259s][info][gc,phases,start] GC(11) Post Compact
[0.259s][info][gc,phases      ] GC(11) Post Compact 0.039ms
[0.259s][info][gc,heap        ] GC(11) PSYoungGen: 2528K(5632K)->2012K(5632K) Eden: 0K(3072K)->0K(3072K) From: 2528K(2560K)->2012K(2560K)
[0.259s][info][gc,heap        ] GC(11) ParOldGen: 3177K(4096K)->3648K(7168K)
[0.259s][info][gc,metaspace   ] GC(11) Metaspace: 6301K(6528K)->6301K(6528K) NonClass: 5767K(5888K)->5767K(5888K) Class: 533K(640K)->533K(640K)
[0.259s][info][gc             ] GC(11) Pause Full (Ergonomics) 5M->5M(12M) 8.736ms
[0.259s][info][gc,cpu         ] GC(11) User=0.00s Sys=0.00s Real=0.01s
[0.266s][info][gc,start       ] GC(12) Pause Young (Allocation Failure)
[0.269s][info][gc,heap        ] GC(12) PSYoungGen: 5084K(5632K)->2656K(8192K) Eden: 3072K(3072K)->0K(4608K) From: 2012K(2560K)->2656K(3584K)
[0.269s][info][gc,heap        ] GC(12) ParOldGen: 3648K(7168K)->4632K(7168K)
[0.269s][info][gc,metaspace   ] GC(12) Metaspace: 6301K(6528K)->6301K(6528K) NonClass: 5767K(5888K)->5767K(5888K) Class: 533K(640K)->533K(640K)
[0.269s][info][gc             ] GC(12) Pause Young (Allocation Failure) 8M->7M(15M) 3.536ms
[0.269s][info][gc,cpu         ] GC(12) User=0.02s Sys=0.00s Real=0.00s
[0.275s][info][gc,start       ] GC(13) Pause Young (Allocation Failure)
[0.279s][info][gc,heap        ] GC(13) PSYoungGen: 7264K(8192K)->2400K(8192K) Eden: 4608K(4608K)->0K(4608K) From: 2656K(3584K)->2400K(3584K)
[0.279s][info][gc,heap        ] GC(13) ParOldGen: 4632K(7168K)->7304K(7680K)
[0.279s][info][gc,metaspace   ] GC(13) Metaspace: 6301K(6528K)->6301K(6528K) NonClass: 5767K(5888K)->5767K(5888K) Class: 533K(640K)->533K(640K)
[0.279s][info][gc             ] GC(13) Pause Young (Allocation Failure) 11M->9M(15M) 4.681ms
[0.279s][info][gc,cpu         ] GC(13) User=0.00s Sys=0.00s Real=0.01s
[0.279s][info][gc,start       ] GC(14) Pause Full (Ergonomics)
[0.279s][info][gc,phases,start] GC(14) Marking Phase
[0.285s][info][gc,phases      ] GC(14) Marking Phase 5.794ms
[0.285s][info][gc,phases,start] GC(14) Summary Phase
[0.285s][info][gc,phases      ] GC(14) Summary Phase 0.018ms
[0.285s][info][gc,phases,start] GC(14) Adjust Roots
[0.286s][info][gc,phases      ] GC(14) Adjust Roots 0.243ms
[0.286s][info][gc,phases,start] GC(14) Compaction Phase
[0.289s][info][gc,phases      ] GC(14) Compaction Phase 3.641ms
[0.289s][info][gc,phases,start] GC(14) Post Compact
[0.289s][info][gc,phases      ] GC(14) Post Compact 0.059ms
[0.289s][info][gc,heap        ] GC(14) PSYoungGen: 2400K(8192K)->2372K(8192K) Eden: 0K(4608K)->0K(4608K) From: 2400K(3584K)->2372K(3584K)
[0.289s][info][gc,heap        ] GC(14) ParOldGen: 7304K(7680K)->7232K(12288K)
[0.289s][info][gc,metaspace   ] GC(14) Metaspace: 6301K(6528K)->6301K(6528K) NonClass: 5767K(5888K)->5767K(5888K) Class: 533K(640K)->533K(640K)
[0.289s][info][gc             ] GC(14) Pause Full (Ergonomics) 9M->9M(20M) 10.093ms
[0.290s][info][gc,cpu         ] GC(14) User=0.02s Sys=0.00s Real=0.01s
[0.294s][info][gc,start       ] GC(15) Pause Young (Allocation Failure)
[0.299s][info][gc,heap        ] GC(15) PSYoungGen: 6471K(8192K)->2112K(10752K) Eden: 4099K(4608K)->0K(6656K) From: 2372K(3584K)->2112K(4096K)
[0.299s][info][gc,heap        ] GC(15) ParOldGen: 7232K(12288K)->9656K(12288K)
[0.299s][info][gc,metaspace   ] GC(15) Metaspace: 6301K(6528K)->6301K(6528K) NonClass: 5767K(5888K)->5767K(5888K) Class: 533K(640K)->533K(640K)
[0.299s][info][gc             ] GC(15) Pause Young (Allocation Failure) 13M->11M(22M) 4.533ms
[0.299s][info][gc,cpu         ] GC(15) User=0.00s Sys=0.00s Real=0.01s
[0.307s][info][gc,start       ] GC(16) Pause Young (Allocation Failure)
[0.312s][info][gc,heap        ] GC(16) PSYoungGen: 8768K(10752K)->3680K(10752K) Eden: 6656K(6656K)->0K(6656K) From: 2112K(4096K)->3680K(4096K)
[0.312s][info][gc,heap        ] GC(16) ParOldGen: 9656K(12288K)->11768K(12288K)
[0.312s][info][gc,metaspace   ] GC(16) Metaspace: 6303K(6528K)->6303K(6528K) NonClass: 5769K(5888K)->5769K(5888K) Class: 533K(640K)->533K(640K)
[0.312s][info][gc             ] GC(16) Pause Young (Allocation Failure) 17M->15M(22M) 4.949ms
[0.312s][info][gc,cpu         ] GC(16) User=0.00s Sys=0.00s Real=0.01s
[0.312s][info][gc,start       ] GC(17) Pause Full (Ergonomics)
[0.312s][info][gc,phases,start] GC(17) Marking Phase
[0.319s][info][gc,phases      ] GC(17) Marking Phase 7.187ms
[0.319s][info][gc,phases,start] GC(17) Summary Phase
[0.319s][info][gc,phases      ] GC(17) Summary Phase 0.020ms
[0.319s][info][gc,phases,start] GC(17) Adjust Roots
[0.319s][info][gc,phases      ] GC(17) Adjust Roots 0.189ms
[0.319s][info][gc,phases,start] GC(17) Compaction Phase
[0.327s][info][gc,phases      ] GC(17) Compaction Phase 7.817ms
[0.327s][info][gc,phases,start] GC(17) Post Compact
[0.327s][info][gc,phases      ] GC(17) Post Compact 0.071ms
[0.327s][info][gc,heap        ] GC(17) PSYoungGen: 3680K(10752K)->3040K(10752K) Eden: 0K(6656K)->0K(6656K) From: 3680K(4096K)->3040K(4096K)
[0.327s][info][gc,heap        ] GC(17) ParOldGen: 11768K(12288K)->12023K(18944K)
[0.327s][info][gc,metaspace   ] GC(17) Metaspace: 6303K(6528K)->6303K(6528K) NonClass: 5769K(5888K)->5769K(5888K) Class: 533K(640K)->533K(640K)
[0.327s][info][gc             ] GC(17) Pause Full (Ergonomics) 15M->14M(29M) 15.599ms
[0.328s][info][gc,cpu         ] GC(17) User=0.00s Sys=0.00s Real=0.02s
[0.332s][info][gc,start       ] GC(18) Pause Young (Allocation Failure)
[0.338s][info][gc,heap        ] GC(18) PSYoungGen: 9696K(10752K)->3488K(12800K) Eden: 6656K(6656K)->0K(8704K) From: 3040K(4096K)->3488K(4096K)
[0.338s][info][gc,heap        ] GC(18) ParOldGen: 12023K(18944K)->15119K(18944K)
[0.338s][info][gc,metaspace   ] GC(18) Metaspace: 6303K(6528K)->6303K(6528K) NonClass: 5769K(5888K)->5769K(5888K) Class: 533K(640K)->533K(640K)
[0.338s][info][gc             ] GC(18) Pause Young (Allocation Failure) 21M->18M(31M) 6.014ms
[0.338s][info][gc,cpu         ] GC(18) User=0.00s Sys=0.00s Real=0.01s
[0.343s][info][gc,start       ] GC(19) Pause Young (Allocation Failure)
[0.350s][info][gc,heap        ] GC(19) PSYoungGen: 11737K(12800K)->4224K(13312K) Eden: 8249K(8704K)->0K(8704K) From: 3488K(4096K)->4224K(4608K)
[0.350s][info][gc,heap        ] GC(19) ParOldGen: 15119K(18944K)->18615K(18944K)
[0.350s][info][gc,metaspace   ] GC(19) Metaspace: 6303K(6528K)->6303K(6528K) NonClass: 5769K(5888K)->5769K(5888K) Class: 533K(640K)->533K(640K)
[0.350s][info][gc             ] GC(19) Pause Young (Allocation Failure) 26M->22M(31M) 6.126ms
[0.350s][info][gc,cpu         ] GC(19) User=0.00s Sys=0.00s Real=0.01s
[0.350s][info][gc,start       ] GC(20) Pause Full (Ergonomics)
[0.350s][info][gc,phases,start] GC(20) Marking Phase
[0.360s][info][gc,phases      ] GC(20) Marking Phase 10.551ms
[0.360s][info][gc,phases,start] GC(20) Summary Phase
[0.360s][info][gc,phases      ] GC(20) Summary Phase 0.019ms
[0.360s][info][gc,phases,start] GC(20) Adjust Roots
[0.360s][info][gc,phases      ] GC(20) Adjust Roots 0.161ms
[0.361s][info][gc,phases,start] GC(20) Compaction Phase
[0.367s][info][gc,phases      ] GC(20) Compaction Phase 6.776ms
[0.367s][info][gc,phases,start] GC(20) Post Compact
[0.367s][info][gc,phases      ] GC(20) Post Compact 0.122ms
[0.368s][info][gc,heap        ] GC(20) PSYoungGen: 4224K(13312K)->4182K(13312K) Eden: 0K(8704K)->0K(8704K) From: 4224K(4608K)->4182K(4608K)
[0.368s][info][gc,heap        ] GC(20) ParOldGen: 18615K(18944K)->18497K(28160K)
[0.368s][info][gc,metaspace   ] GC(20) Metaspace: 6303K(6528K)->6303K(6528K) NonClass: 5769K(5888K)->5769K(5888K) Class: 533K(640K)->533K(640K)
[0.368s][info][gc             ] GC(20) Pause Full (Ergonomics) 22M->22M(40M) 18.089ms
[0.368s][info][gc,cpu         ] GC(20) User=0.00s Sys=0.00s Real=0.02s
[0.376s][info][gc,start       ] GC(21) Pause Young (Allocation Failure)
[0.384s][info][gc,heap        ] GC(21) PSYoungGen: 12886K(13312K)->5056K(15872K) Eden: 8704K(8704K)->0K(10752K) From: 4182K(4608K)->5056K(5120K)
[0.384s][info][gc,heap        ] GC(21) ParOldGen: 18497K(28160K)->22753K(28160K)
[0.384s][info][gc,metaspace   ] GC(21) Metaspace: 6303K(6528K)->6303K(6528K) NonClass: 5769K(5888K)->5769K(5888K) Class: 533K(640K)->533K(640K)
[0.384s][info][gc             ] GC(21) Pause Young (Allocation Failure) 30M->27M(43M) 8.234ms
[0.384s][info][gc,cpu         ] GC(21) User=0.00s Sys=0.00s Real=0.01s
[0.390s][info][gc,start       ] GC(22) Pause Young (Allocation Failure)
[0.398s][info][gc,heap        ] GC(22) PSYoungGen: 15808K(15872K)->5600K(16896K) Eden: 10752K(10752K)->0K(10752K) From: 5056K(5120K)->5600K(6144K)
[0.398s][info][gc,heap        ] GC(22) ParOldGen: 22753K(28160K)->27809K(28160K)
[0.398s][info][gc,metaspace   ] GC(22) Metaspace: 6303K(6528K)->6303K(6528K) NonClass: 5769K(5888K)->5769K(5888K) Class: 533K(640K)->533K(640K)
[0.398s][info][gc             ] GC(22) Pause Young (Allocation Failure) 37M->32M(44M) 7.253ms
[0.398s][info][gc,cpu         ] GC(22) User=0.00s Sys=0.00s Real=0.01s
[0.398s][info][gc,start       ] GC(23) Pause Full (Ergonomics)
[0.398s][info][gc,phases,start] GC(23) Marking Phase
[0.411s][info][gc,phases      ] GC(23) Marking Phase 13.168ms
[0.411s][info][gc,phases,start] GC(23) Summary Phase
[0.411s][info][gc,phases      ] GC(23) Summary Phase 0.019ms
[0.411s][info][gc,phases,start] GC(23) Adjust Roots
[0.411s][info][gc,phases      ] GC(23) Adjust Roots 0.189ms
[0.411s][info][gc,phases,start] GC(23) Compaction Phase
[0.426s][info][gc,phases      ] GC(23) Compaction Phase 14.577ms
[0.426s][info][gc,phases,start] GC(23) Post Compact
[0.426s][info][gc,phases      ] GC(23) Post Compact 0.146ms
[0.426s][info][gc,heap        ] GC(23) PSYoungGen: 5600K(16896K)->5048K(16896K) Eden: 0K(10752K)->0K(10752K) From: 5600K(6144K)->5048K(6144K)
[0.426s][info][gc,heap        ] GC(23) ParOldGen: 27809K(28160K)->27669K(39936K)
[0.426s][info][gc,metaspace   ] GC(23) Metaspace: 6303K(6528K)->6303K(6528K) NonClass: 5769K(5888K)->5769K(5888K) Class: 533K(640K)->533K(640K)
[0.426s][info][gc             ] GC(23) Pause Full (Ergonomics) 32M->31M(55M) 28.488ms
[0.426s][info][gc,cpu         ] GC(23) User=0.00s Sys=0.00s Real=0.03s
[0.437s][info][gc,start       ] GC(24) Pause Young (Allocation Failure)
[0.448s][info][gc,heap        ] GC(24) PSYoungGen: 15800K(16896K)->7168K(16896K) Eden: 10752K(10752K)->0K(9728K) From: 5048K(6144K)->7168K(7168K)
[0.449s][info][gc,heap        ] GC(24) ParOldGen: 27669K(39936K)->34373K(39936K)
[0.449s][info][gc,metaspace   ] GC(24) Metaspace: 6303K(6528K)->6303K(6528K) NonClass: 5769K(5888K)->5769K(5888K) Class: 533K(640K)->533K(640K)
[0.449s][info][gc             ] GC(24) Pause Young (Allocation Failure) 42M->40M(55M) 11.787ms
[0.449s][info][gc,cpu         ] GC(24) User=0.00s Sys=0.00s Real=0.01s
[0.449s][info][gc,start       ] GC(25) Pause Full (Ergonomics)
[0.449s][info][gc,phases,start] GC(25) Marking Phase
[0.466s][info][gc,phases      ] GC(25) Marking Phase 17.116ms
[0.466s][info][gc,phases,start] GC(25) Summary Phase
[0.466s][info][gc,phases      ] GC(25) Summary Phase 0.017ms
[0.466s][info][gc,phases,start] GC(25) Adjust Roots
[0.466s][info][gc,phases      ] GC(25) Adjust Roots 0.166ms
[0.466s][info][gc,phases,start] GC(25) Compaction Phase
[0.478s][info][gc,phases      ] GC(25) Compaction Phase 11.819ms
[0.478s][info][gc,phases,start] GC(25) Post Compact
[0.478s][info][gc,phases      ] GC(25) Post Compact 0.233ms
[0.478s][info][gc,heap        ] GC(25) PSYoungGen: 7168K(16896K)->1533K(16896K) Eden: 0K(9728K)->0K(9728K) From: 7168K(7168K)->1533K(7168K)
[0.478s][info][gc,heap        ] GC(25) ParOldGen: 34373K(39936K)->39890K(54784K)
[0.478s][info][gc,metaspace   ] GC(25) Metaspace: 6303K(6528K)->6303K(6528K) NonClass: 5769K(5888K)->5769K(5888K) Class: 533K(640K)->533K(640K)
[0.478s][info][gc             ] GC(25) Pause Full (Ergonomics) 40M->40M(70M) 29.827ms
[0.478s][info][gc,cpu         ] GC(25) User=0.03s Sys=0.00s Real=0.03s
[0.492s][info][gc,start       ] GC(26) Pause Young (Allocation Failure)
[0.501s][info][gc,heap        ] GC(26) PSYoungGen: 11261K(16896K)->9728K(20480K) Eden: 9728K(9728K)->0K(9728K) From: 1533K(7168K)->9728K(10752K)
[0.501s][info][gc,heap        ] GC(26) ParOldGen: 39890K(54784K)->41458K(54784K)
[0.501s][info][gc,metaspace   ] GC(26) Metaspace: 6303K(6528K)->6303K(6528K) NonClass: 5769K(5888K)->5769K(5888K) Class: 533K(640K)->533K(640K)
[0.501s][info][gc             ] GC(26) Pause Young (Allocation Failure) 49M->49M(73M) 9.730ms
[0.501s][info][gc,cpu         ] GC(26) User=0.00s Sys=0.00s Real=0.01s
[0.511s][info][gc,start       ] GC(27) Pause Young (Allocation Failure)
[0.524s][info][gc,heap        ] GC(27) PSYoungGen: 19456K(20480K)->12256K(19456K) Eden: 9728K(9728K)->0K(7168K) From: 9728K(10752K)->12256K(12288K)
[0.524s][info][gc,heap        ] GC(27) ParOldGen: 41458K(54784K)->48746K(54784K)
[0.524s][info][gc,metaspace   ] GC(27) Metaspace: 6303K(6528K)->6303K(6528K) NonClass: 5769K(5888K)->5769K(5888K) Class: 533K(640K)->533K(640K)
[0.524s][info][gc             ] GC(27) Pause Young (Allocation Failure) 59M->59M(72M) 13.517ms
[0.524s][info][gc,cpu         ] GC(27) User=0.00s Sys=0.00s Real=0.01s
[0.524s][info][gc,start       ] GC(28) Pause Full (Ergonomics)
[0.524s][info][gc,phases,start] GC(28) Marking Phase
[0.549s][info][gc,phases      ] GC(28) Marking Phase 25.032ms
[0.550s][info][gc,phases,start] GC(28) Summary Phase
[0.550s][info][gc,phases      ] GC(28) Summary Phase 0.030ms
[0.550s][info][gc,phases,start] GC(28) Adjust Roots
[0.550s][info][gc,phases      ] GC(28) Adjust Roots 0.163ms
[0.550s][info][gc,phases,start] GC(28) Compaction Phase
[0.570s][info][gc,phases      ] GC(28) Compaction Phase 20.657ms
[0.571s][info][gc,phases,start] GC(28) Post Compact
[0.571s][info][gc,phases      ] GC(28) Post Compact 0.253ms
[0.571s][info][gc,heap        ] GC(28) PSYoungGen: 12256K(19456K)->5078K(19456K) Eden: 0K(7168K)->0K(7168K) From: 12256K(12288K)->5078K(12288K)
[0.571s][info][gc,heap        ] GC(28) ParOldGen: 48746K(54784K)->54721K(72192K)
[0.571s][info][gc,metaspace   ] GC(28) Metaspace: 6303K(6528K)->6303K(6528K) NonClass: 5769K(5888K)->5769K(5888K) Class: 533K(640K)->533K(640K)
[0.571s][info][gc             ] GC(28) Pause Full (Ergonomics) 59M->58M(89M) 46.558ms
[0.571s][info][gc,cpu         ] GC(28) User=0.03s Sys=0.00s Real=0.05s
[0.580s][info][gc,start       ] GC(29) Pause Young (Allocation Failure)
[0.593s][info][gc,heap        ] GC(29) PSYoungGen: 12246K(19456K)->7168K(24064K) Eden: 7168K(7168K)->0K(7168K) From: 5078K(12288K)->7168K(16896K)
[0.593s][info][gc,heap        ] GC(29) ParOldGen: 54721K(72192K)->59889K(72192K)
[0.593s][info][gc,metaspace   ] GC(29) Metaspace: 6303K(6528K)->6303K(6528K) NonClass: 5769K(5888K)->5769K(5888K) Class: 533K(640K)->533K(640K)
[0.593s][info][gc             ] GC(29) Pause Young (Allocation Failure) 65M->65M(94M) 12.562ms
[0.593s][info][gc,cpu         ] GC(29) User=0.00s Sys=0.00s Real=0.01s
[0.601s][info][gc,start       ] GC(30) Pause Young (Allocation Failure)
[0.611s][info][gc,heap        ] GC(30) PSYoungGen: 14336K(24064K)->14336K(23040K) Eden: 7168K(7168K)->0K(6656K) From: 7168K(16896K)->14336K(16384K)
[0.611s][info][gc,heap        ] GC(30) ParOldGen: 59889K(72192K)->59889K(72192K)
[0.611s][info][gc,metaspace   ] GC(30) Metaspace: 6303K(6528K)->6303K(6528K) NonClass: 5769K(5888K)->5769K(5888K) Class: 533K(640K)->533K(640K)
[0.611s][info][gc             ] GC(30) Pause Young (Allocation Failure) 72M->72M(93M) 9.936ms
[0.611s][info][gc,cpu         ] GC(30) User=0.00s Sys=0.00s Real=0.01s
[0.619s][info][gc,start       ] GC(31) Pause Young (Allocation Failure)
[0.631s][info][gc,heap        ] GC(31) PSYoungGen: 20992K(23040K)->18432K(25088K) Eden: 6656K(6656K)->0K(6656K) From: 14336K(16384K)->18432K(18432K)
[0.631s][info][gc,heap        ] GC(31) ParOldGen: 59889K(72192K)->62433K(72192K)
[0.631s][info][gc,metaspace   ] GC(31) Metaspace: 6303K(6528K)->6303K(6528K) NonClass: 5769K(5888K)->5769K(5888K) Class: 533K(640K)->533K(640K)
[0.631s][info][gc             ] GC(31) Pause Young (Allocation Failure) 78M->78M(95M) 12.302ms
[0.631s][info][gc,cpu         ] GC(31) User=0.00s Sys=0.00s Real=0.01s
[0.638s][info][gc,start       ] GC(32) Pause Young (Allocation Failure)
[0.655s][info][gc,heap        ] GC(32) PSYoungGen: 25088K(25088K)->12352K(30720K) Eden: 6656K(6656K)->0K(8192K) From: 18432K(18432K)->12352K(22528K)
[0.655s][info][gc,heap        ] GC(32) ParOldGen: 62433K(72192K)->75393K(75776K)
[0.655s][info][gc,metaspace   ] GC(32) Metaspace: 6303K(6528K)->6303K(6528K) NonClass: 5769K(5888K)->5769K(5888K) Class: 533K(640K)->533K(640K)
[0.655s][info][gc             ] GC(32) Pause Young (Allocation Failure) 85M->85M(104M) 16.552ms
[0.655s][info][gc,cpu         ] GC(32) User=0.02s Sys=0.02s Real=0.02s
[0.655s][info][gc,start       ] GC(33) Pause Full (Ergonomics)
[0.655s][info][gc,phases,start] GC(33) Marking Phase
[0.689s][info][gc,phases      ] GC(33) Marking Phase 34.239ms
[0.689s][info][gc,phases,start] GC(33) Summary Phase
[0.689s][info][gc,phases      ] GC(33) Summary Phase 0.019ms
[0.689s][info][gc,phases,start] GC(33) Adjust Roots
[0.689s][info][gc,phases      ] GC(33) Adjust Roots 0.159ms
[0.689s][info][gc,phases,start] GC(33) Compaction Phase
[0.715s][info][gc,phases      ] GC(33) Compaction Phase 25.508ms
[0.715s][info][gc,phases,start] GC(33) Post Compact
[0.715s][info][gc,phases      ] GC(33) Post Compact 0.483ms
[0.716s][info][gc,heap        ] GC(33) PSYoungGen: 12352K(30720K)->11758K(30720K) Eden: 0K(8192K)->0K(8192K) From: 12352K(22528K)->11758K(22528K)
[0.716s][info][gc,heap        ] GC(33) ParOldGen: 75393K(75776K)->75561K(97792K)
[0.716s][info][gc,metaspace   ] GC(33) Metaspace: 6303K(6528K)->6303K(6528K) NonClass: 5769K(5888K)->5769K(5888K) Class: 533K(640K)->533K(640K)
[0.716s][info][gc             ] GC(33) Pause Full (Ergonomics) 85M->85M(125M) 60.869ms
[0.716s][info][gc,cpu         ] GC(33) User=0.11s Sys=0.00s Real=0.06s
[0.733s][info][gc,start       ] GC(34) Pause Young (Allocation Failure)
[0.748s][info][gc,heap        ] GC(34) PSYoungGen: 19950K(30720K)->8224K(30720K) Eden: 8192K(8192K)->0K(8192K) From: 11758K(22528K)->8224K(22528K)
[0.748s][info][gc,heap        ] GC(34) ParOldGen: 75561K(97792K)->87513K(97792K)
[0.748s][info][gc,metaspace   ] GC(34) Metaspace: 6303K(6528K)->6303K(6528K) NonClass: 5769K(5888K)->5769K(5888K) Class: 533K(640K)->533K(640K)
[0.748s][info][gc             ] GC(34) Pause Young (Allocation Failure) 93M->93M(125M) 15.126ms
[0.749s][info][gc,cpu         ] GC(34) User=0.00s Sys=0.00s Real=0.01s
[0.749s][info][gc,start       ] GC(35) Pause Full (Ergonomics)
[0.749s][info][gc,phases,start] GC(35) Marking Phase
[0.776s][info][gc,phases      ] GC(35) Marking Phase 27.790ms
[0.776s][info][gc,phases,start] GC(35) Summary Phase
[0.776s][info][gc,phases      ] GC(35) Summary Phase 0.019ms
[0.776s][info][gc,phases,start] GC(35) Adjust Roots
[0.777s][info][gc,phases      ] GC(35) Adjust Roots 0.163ms
[0.777s][info][gc,phases,start] GC(35) Compaction Phase
[0.796s][info][gc,phases      ] GC(35) Compaction Phase 19.293ms
[0.796s][info][gc,phases,start] GC(35) Post Compact
[0.796s][info][gc,phases      ] GC(35) Post Compact 0.357ms
[0.797s][info][gc,heap        ] GC(35) PSYoungGen: 8224K(30720K)->0K(31232K) Eden: 0K(8192K)->0K(9728K) From: 8224K(22528K)->0K(21504K)
[0.797s][info][gc,heap        ] GC(35) ParOldGen: 87513K(97792K)->93448K(119296K)
[0.797s][info][gc,metaspace   ] GC(35) Metaspace: 6303K(6528K)->6303K(6528K) NonClass: 5769K(5888K)->5769K(5888K) Class: 533K(640K)->533K(640K)
[0.797s][info][gc             ] GC(35) Pause Full (Ergonomics) 93M->91M(147M) 47.994ms
[0.797s][info][gc,cpu         ] GC(35) User=0.05s Sys=0.00s Real=0.05s
[0.806s][info][gc,start       ] GC(36) Pause Young (Allocation Failure)
[0.812s][info][gc,heap        ] GC(36) PSYoungGen: 9728K(31232K)->9728K(31232K) Eden: 9728K(9728K)->0K(9728K) From: 0K(21504K)->9728K(21504K)
[0.812s][info][gc,heap        ] GC(36) ParOldGen: 93448K(119296K)->93448K(119296K)
[0.812s][info][gc,metaspace   ] GC(36) Metaspace: 6303K(6528K)->6303K(6528K) NonClass: 5769K(5888K)->5769K(5888K) Class: 533K(640K)->533K(640K)
[0.812s][info][gc             ] GC(36) Pause Young (Allocation Failure) 100M->100M(147M) 6.057ms
[0.812s][info][gc,cpu         ] GC(36) User=0.00s Sys=0.00s Real=0.01s
[0.822s][info][gc,start       ] GC(37) Pause Young (Allocation Failure)
[0.832s][info][gc,heap        ] GC(37) PSYoungGen: 19456K(31232K)->19488K(29184K) Eden: 9728K(9728K)->0K(8704K) From: 9728K(21504K)->19488K(20480K)
[0.832s][info][gc,heap        ] GC(37) ParOldGen: 93448K(119296K)->93448K(119296K)
[0.832s][info][gc,metaspace   ] GC(37) Metaspace: 6303K(6528K)->6303K(6528K) NonClass: 5769K(5888K)->5769K(5888K) Class: 533K(640K)->533K(640K)
[0.832s][info][gc             ] GC(37) Pause Young (Allocation Failure) 110M->110M(145M) 10.303ms
[0.832s][info][gc,cpu         ] GC(37) User=0.00s Sys=0.00s Real=0.01s
[0.840s][info][gc,start       ] GC(38) Pause Young (Allocation Failure)
[0.855s][info][gc,heap        ] GC(38) PSYoungGen: 28192K(29184K)->23040K(31744K) Eden: 8704K(8704K)->0K(8704K) From: 19488K(20480K)->23040K(23040K)
[0.855s][info][gc,heap        ] GC(38) ParOldGen: 93448K(119296K)->98608K(119296K)
[0.855s][info][gc,metaspace   ] GC(38) Metaspace: 6303K(6528K)->6303K(6528K) NonClass: 5769K(5888K)->5769K(5888K) Class: 533K(640K)->533K(640K)
[0.855s][info][gc             ] GC(38) Pause Young (Allocation Failure) 118M->118M(147M) 14.346ms
[0.855s][info][gc,cpu         ] GC(38) User=0.00s Sys=0.00s Real=0.01s
[0.864s][info][gc,start       ] GC(39) Pause Young (Allocation Failure)
[0.882s][info][gc,heap        ] GC(39) PSYoungGen: 31744K(31744K)->15200K(38912K) Eden: 8704K(8704K)->0K(10752K) From: 23040K(23040K)->15200K(28160K)
[0.882s][info][gc,heap        ] GC(39) ParOldGen: 98608K(119296K)->115456K(119296K)
[0.882s][info][gc,metaspace   ] GC(39) Metaspace: 6303K(6528K)->6303K(6528K) NonClass: 5769K(5888K)->5769K(5888K) Class: 533K(640K)->533K(640K)
[0.882s][info][gc             ] GC(39) Pause Young (Allocation Failure) 127M->127M(154M) 17.932ms
[0.882s][info][gc,cpu         ] GC(39) User=0.00s Sys=0.03s Real=0.02s
[0.882s][info][gc,start       ] GC(40) Pause Full (Ergonomics)
[0.882s][info][gc,phases,start] GC(40) Marking Phase
[0.920s][info][gc,phases      ] GC(40) Marking Phase 37.530ms
[0.920s][info][gc,phases,start] GC(40) Summary Phase
[0.920s][info][gc,phases      ] GC(40) Summary Phase 0.016ms
[0.920s][info][gc,phases,start] GC(40) Adjust Roots
[0.920s][info][gc,phases      ] GC(40) Adjust Roots 0.145ms
[0.920s][info][gc,phases,start] GC(40) Compaction Phase
[0.939s][info][gc,phases      ] GC(40) Compaction Phase 19.005ms
[0.939s][info][gc,phases,start] GC(40) Post Compact
[0.940s][info][gc,phases      ] GC(40) Post Compact 0.560ms
[0.940s][info][gc,heap        ] GC(40) PSYoungGen: 15200K(38912K)->11009K(38912K) Eden: 0K(10752K)->0K(10752K) From: 15200K(28160K)->11009K(28160K)
[0.940s][info][gc,heap        ] GC(40) ParOldGen: 115456K(119296K)->119175K(149504K)
[0.940s][info][gc,metaspace   ] GC(40) Metaspace: 6303K(6528K)->6303K(6528K) NonClass: 5769K(5888K)->5769K(5888K) Class: 533K(640K)->533K(640K)
[0.940s][info][gc             ] GC(40) Pause Full (Ergonomics) 127M->127M(184M) 57.663ms
[0.940s][info][gc,cpu         ] GC(40) User=0.12s Sys=0.00s Real=0.06s
[0.950s][info][gc,start       ] GC(41) Pause Young (Allocation Failure)
[0.967s][info][gc,heap        ] GC(41) PSYoungGen: 21761K(38912K)->17664K(38912K) Eden: 10752K(10752K)->0K(10752K) From: 11009K(28160K)->17664K(28160K)
[0.967s][info][gc,heap        ] GC(41) ParOldGen: 119175K(149504K)->123447K(149504K)
[0.967s][info][gc,metaspace   ] GC(41) Metaspace: 6303K(6528K)->6303K(6528K) NonClass: 5769K(5888K)->5769K(5888K) Class: 533K(640K)->533K(640K)
[0.967s][info][gc             ] GC(41) Pause Young (Allocation Failure) 137M->137M(184M) 16.942ms
[0.967s][info][gc,cpu         ] GC(41) User=0.02s Sys=0.00s Real=0.02s
[0.979s][info][gc,start       ] GC(42) Pause Young (Allocation Failure)
[0.994s][info][gc,heap        ] GC(42) PSYoungGen: 28416K(38912K)->21568K(39424K) Eden: 10752K(10752K)->0K(10752K) From: 17664K(28160K)->21568K(28672K)
[0.994s][info][gc,heap        ] GC(42) ParOldGen: 123447K(149504K)->130399K(149504K)
[0.994s][info][gc,metaspace   ] GC(42) Metaspace: 6303K(6528K)->6303K(6528K) NonClass: 5769K(5888K)->5769K(5888K) Class: 533K(640K)->533K(640K)
[0.994s][info][gc             ] GC(42) Pause Young (Allocation Failure) 148M->148M(184M) 15.634ms
[0.994s][info][gc,cpu         ] GC(42) User=0.02s Sys=0.00s Real=0.02s
[1.006s][info][gc,start       ] GC(43) Pause Young (Allocation Failure)
[1.022s][info][gc,heap        ] GC(43) PSYoungGen: 32320K(39424K)->21536K(41472K) Eden: 10752K(10752K)->0K(10752K) From: 21568K(28672K)->21536K(30720K)
[1.022s][info][gc,heap        ] GC(43) ParOldGen: 130399K(149504K)->141295K(149504K)
[1.022s][info][gc,metaspace   ] GC(43) Metaspace: 6303K(6528K)->6303K(6528K) NonClass: 5769K(5888K)->5769K(5888K) Class: 533K(640K)->533K(640K)
[1.022s][info][gc             ] GC(43) Pause Young (Allocation Failure) 158M->159M(186M) 16.781ms
[1.022s][info][gc,cpu         ] GC(43) User=0.02s Sys=0.00s Real=0.02s
[1.023s][info][gc,start       ] GC(44) Pause Full (Ergonomics)
[1.023s][info][gc,phases,start] GC(44) Marking Phase
[1.073s][info][gc,phases      ] GC(44) Marking Phase 50.676ms
[1.073s][info][gc,phases,start] GC(44) Summary Phase
[1.073s][info][gc,phases      ] GC(44) Summary Phase 0.024ms
[1.073s][info][gc,phases,start] GC(44) Adjust Roots
[1.073s][info][gc,phases      ] GC(44) Adjust Roots 0.152ms
[1.074s][info][gc,phases,start] GC(44) Compaction Phase
[1.095s][info][gc,phases      ] GC(44) Compaction Phase 21.727ms
[1.095s][info][gc,phases,start] GC(44) Post Compact
[1.096s][info][gc,phases      ] GC(44) Post Compact 0.742ms
[1.096s][info][gc,heap        ] GC(44) PSYoungGen: 21536K(41472K)->13267K(41472K) Eden: 0K(10752K)->0K(10752K) From: 21536K(30720K)->13267K(30720K)
[1.096s][info][gc,heap        ] GC(44) ParOldGen: 141295K(149504K)->149084K(180736K)
[1.096s][info][gc,metaspace   ] GC(44) Metaspace: 6303K(6528K)->6303K(6528K) NonClass: 5769K(5888K)->5769K(5888K) Class: 533K(640K)->533K(640K)
[1.096s][info][gc             ] GC(44) Pause Full (Ergonomics) 159M->158M(217M) 73.798ms
[1.096s][info][gc,cpu         ] GC(44) User=0.17s Sys=0.03s Real=0.07s
[1.107s][info][gc,start       ] GC(45) Pause Young (Allocation Failure)
[1.127s][info][gc,heap        ] GC(45) PSYoungGen: 24019K(41472K)->17440K(42496K) Eden: 10752K(10752K)->0K(12288K) From: 13267K(30720K)->17440K(30208K)
[1.127s][info][gc,heap        ] GC(45) ParOldGen: 149084K(180736K)->155868K(180736K)
[1.127s][info][gc,metaspace   ] GC(45) Metaspace: 6303K(6528K)->6303K(6528K) NonClass: 5769K(5888K)->5769K(5888K) Class: 533K(640K)->533K(640K)
[1.127s][info][gc             ] GC(45) Pause Young (Allocation Failure) 169M->169M(218M) 19.870ms
[1.127s][info][gc,cpu         ] GC(45) User=0.08s Sys=0.00s Real=0.02s
[1.160s][info][gc,start       ] GC(46) Pause Young (Allocation Failure)
[1.180s][info][gc,heap        ] GC(46) PSYoungGen: 29728K(42496K)->29760K(43520K) Eden: 12288K(12288K)->0K(12288K) From: 17440K(30208K)->29760K(31232K)
[1.180s][info][gc,heap        ] GC(46) ParOldGen: 155868K(180736K)->155868K(180736K)
[1.180s][info][gc,metaspace   ] GC(46) Metaspace: 6303K(6528K)->6303K(6528K) NonClass: 5769K(5888K)->5769K(5888K) Class: 533K(640K)->533K(640K)
[1.180s][info][gc             ] GC(46) Pause Young (Allocation Failure) 181M->181M(219M) 20.033ms
[1.180s][info][gc,cpu         ] GC(46) User=0.00s Sys=0.00s Real=0.02s
[1.192s][info][gc,start       ] GC(47) Pause Young (Allocation Failure)
[1.215s][info][gc,heap        ] GC(47) PSYoungGen: 42048K(43520K)->35296K(41472K) Eden: 12288K(12288K)->0K(6144K) From: 29760K(31232K)->35296K(35328K)
[1.215s][info][gc,heap        ] GC(47) ParOldGen: 155868K(180736K)->162612K(180736K)
[1.215s][info][gc,metaspace   ] GC(47) Metaspace: 6303K(6528K)->6303K(6528K) NonClass: 5769K(5888K)->5769K(5888K) Class: 533K(640K)->533K(640K)
[1.215s][info][gc             ] GC(47) Pause Young (Allocation Failure) 193M->193M(217M) 22.871ms
[1.215s][info][gc,cpu         ] GC(47) User=0.00s Sys=0.00s Real=0.02s
[1.221s][info][gc,start       ] GC(48) Pause Young (Allocation Failure)
[1.240s][info][gc,heap        ] GC(48) PSYoungGen: 41440K(41472K)->27904K(49152K) Eden: 6144K(6144K)->0K(6144K) From: 35296K(35328K)->27904K(43008K)
[1.240s][info][gc,heap        ] GC(48) ParOldGen: 162612K(180736K)->176364K(180736K)
[1.240s][info][gc,metaspace   ] GC(48) Metaspace: 6303K(6528K)->6303K(6528K) NonClass: 5769K(5888K)->5769K(5888K) Class: 533K(640K)->533K(640K)
[1.240s][info][gc             ] GC(48) Pause Young (Allocation Failure) 199M->199M(224M) 19.335ms
[1.240s][info][gc,cpu         ] GC(48) User=0.00s Sys=0.00s Real=0.02s
[1.240s][info][gc,start       ] GC(49) Pause Full (Ergonomics)
[1.240s][info][gc,phases,start] GC(49) Marking Phase
[1.289s][info][gc,phases      ] GC(49) Marking Phase 48.566ms
[1.289s][info][gc,phases,start] GC(49) Summary Phase
[1.289s][info][gc,phases      ] GC(49) Summary Phase 0.018ms
[1.289s][info][gc,phases,start] GC(49) Adjust Roots
[1.289s][info][gc,phases      ] GC(49) Adjust Roots 0.149ms
[1.289s][info][gc,phases,start] GC(49) Compaction Phase
[1.327s][info][gc,phases      ] GC(49) Compaction Phase 37.204ms
[1.327s][info][gc,phases,start] GC(49) Post Compact
[1.327s][info][gc,phases      ] GC(49) Post Compact 0.773ms
[1.328s][info][gc,heap        ] GC(49) PSYoungGen: 27904K(49152K)->21697K(49152K) Eden: 0K(6144K)->0K(6144K) From: 27904K(43008K)->21697K(43008K)
[1.328s][info][gc,heap        ] GC(49) ParOldGen: 176364K(180736K)->177922K(211968K)
[1.328s][info][gc,metaspace   ] GC(49) Metaspace: 6303K(6528K)->6303K(6528K) NonClass: 5769K(5888K)->5769K(5888K) Class: 533K(640K)->533K(640K)
[1.328s][info][gc             ] GC(49) Pause Full (Ergonomics) 199M->194M(255M) 87.151ms
[1.328s][info][gc,cpu         ] GC(49) User=0.31s Sys=0.00s Real=0.09s
[1.335s][info][gc,start       ] GC(50) Pause Young (Allocation Failure)
[1.361s][info][gc,heap        ] GC(50) PSYoungGen: 27841K(49152K)->10816K(49152K) Eden: 6144K(6144K)->0K(7168K) From: 21697K(43008K)->10816K(41984K)
[1.361s][info][gc,heap        ] GC(50) ParOldGen: 177922K(211968K)->195186K(211968K)
[1.361s][info][gc,metaspace   ] GC(50) Metaspace: 6303K(6528K)->6303K(6528K) NonClass: 5769K(5888K)->5769K(5888K) Class: 533K(640K)->533K(640K)
[1.361s][info][gc             ] GC(50) Pause Young (Allocation Failure) 200M->201M(255M) 25.913ms
[1.361s][info][gc,cpu         ] GC(50) User=0.00s Sys=0.02s Real=0.03s
[1.361s][info][gc,start       ] GC(51) Pause Full (Ergonomics)
[1.361s][info][gc,phases,start] GC(51) Marking Phase
[1.407s][info][gc,phases      ] GC(51) Marking Phase 46.072ms
[1.407s][info][gc,phases,start] GC(51) Summary Phase
[1.407s][info][gc,phases      ] GC(51) Summary Phase 0.019ms
[1.407s][info][gc,phases,start] GC(51) Adjust Roots
[1.407s][info][gc,phases      ] GC(51) Adjust Roots 0.145ms
[1.407s][info][gc,phases,start] GC(51) Compaction Phase
[1.431s][info][gc,phases      ] GC(51) Compaction Phase 24.034ms
[1.431s][info][gc,phases,start] GC(51) Post Compact
[1.432s][info][gc,phases      ] GC(51) Post Compact 0.906ms
[1.433s][info][gc,heap        ] GC(51) PSYoungGen: 10816K(49152K)->0K(50176K) Eden: 0K(7168K)->0K(7168K) From: 10816K(41984K)->0K(43008K)
[1.433s][info][gc,heap        ] GC(51) ParOldGen: 195186K(211968K)->205734K(244736K)
[1.433s][info][gc,metaspace   ] GC(51) Metaspace: 6303K(6528K)->6303K(6528K) NonClass: 5769K(5888K)->5769K(5888K) Class: 533K(640K)->533K(640K)
[1.433s][info][gc             ] GC(51) Pause Full (Ergonomics) 201M->200M(288M) 71.660ms
[1.433s][info][gc,cpu         ] GC(51) User=0.20s Sys=0.00s Real=0.07s
[1.441s][info][gc,start       ] GC(52) Pause Young (Allocation Failure)
[1.446s][info][gc,heap        ] GC(52) PSYoungGen: 7168K(50176K)->7264K(50176K) Eden: 7168K(7168K)->0K(8192K) From: 0K(43008K)->7264K(41984K)
[1.446s][info][gc,heap        ] GC(52) ParOldGen: 205734K(244736K)->205734K(244736K)
[1.446s][info][gc,metaspace   ] GC(52) Metaspace: 6303K(6528K)->6303K(6528K) NonClass: 5769K(5888K)->5769K(5888K) Class: 533K(640K)->533K(640K)
[1.446s][info][gc             ] GC(52) Pause Young (Allocation Failure) 207M->208M(288M) 5.408ms
[1.446s][info][gc,cpu         ] GC(52) User=0.00s Sys=0.00s Real=0.00s
[1.455s][info][gc,start       ] GC(53) Pause Young (Allocation Failure)
[1.463s][info][gc,heap        ] GC(53) PSYoungGen: 15456K(50176K)->15424K(24064K) Eden: 8192K(8192K)->0K(8192K) From: 7264K(41984K)->15424K(15872K)
[1.463s][info][gc,heap        ] GC(53) ParOldGen: 205734K(244736K)->205734K(244736K)
[1.463s][info][gc,metaspace   ] GC(53) Metaspace: 6303K(6528K)->6303K(6528K) NonClass: 5769K(5888K)->5769K(5888K) Class: 533K(640K)->533K(640K)
[1.463s][info][gc             ] GC(53) Pause Young (Allocation Failure) 216M->215M(262M) 8.413ms
[1.463s][info][gc,cpu         ] GC(53) User=0.02s Sys=0.00s Real=0.01s
[1.472s][info][gc,start       ] GC(54) Pause Young (Allocation Failure)
[1.483s][info][gc,heap        ] GC(54) PSYoungGen: 23616K(24064K)->23616K(49664K) Eden: 8192K(8192K)->0K(9216K) From: 15424K(15872K)->23616K(40448K)
[1.483s][info][gc,heap        ] GC(54) ParOldGen: 205734K(244736K)->205734K(244736K)
[1.483s][info][gc,metaspace   ] GC(54) Metaspace: 6303K(6528K)->6303K(6528K) NonClass: 5769K(5888K)->5769K(5888K) Class: 533K(640K)->533K(640K)
[1.483s][info][gc             ] GC(54) Pause Young (Allocation Failure) 223M->223M(287M) 11.213ms
[1.483s][info][gc,cpu         ] GC(54) User=0.00s Sys=0.00s Real=0.01s
[1.493s][info][gc,start       ] GC(55) Pause Young (Allocation Failure)
[1.508s][info][gc,heap        ] GC(55) PSYoungGen: 32832K(49664K)->32832K(49664K) Eden: 9216K(9216K)->0K(9216K) From: 23616K(40448K)->32832K(40448K)
[1.508s][info][gc,heap        ] GC(55) ParOldGen: 205734K(244736K)->205734K(244736K)
[1.508s][info][gc,metaspace   ] GC(55) Metaspace: 6303K(6528K)->6303K(6528K) NonClass: 5769K(5888K)->5769K(5888K) Class: 533K(640K)->533K(640K)
[1.508s][info][gc             ] GC(55) Pause Young (Allocation Failure) 232M->232M(287M) 14.909ms
[1.508s][info][gc,cpu         ] GC(55) User=0.00s Sys=0.00s Real=0.01s
[1.518s][info][gc,start       ] GC(56) Pause Young (Allocation Failure)
[1.538s][info][gc,heap        ] GC(56) PSYoungGen: 42048K(49664K)->42048K(47616K) Eden: 9216K(9216K)->0K(4096K) From: 32832K(40448K)->42048K(43520K)
[1.538s][info][gc,heap        ] GC(56) ParOldGen: 205734K(244736K)->205734K(244736K)
[1.538s][info][gc,metaspace   ] GC(56) Metaspace: 6303K(6528K)->6303K(6528K) NonClass: 5769K(5888K)->5769K(5888K) Class: 533K(640K)->533K(640K)
[1.538s][info][gc             ] GC(56) Pause Young (Allocation Failure) 241M->241M(285M) 20.165ms
[1.539s][info][gc,cpu         ] GC(56) User=0.05s Sys=0.05s Real=0.02s
[1.543s][info][gc,start       ] GC(57) Pause Young (Allocation Failure)
[1.563s][info][gc,heap        ] GC(57) PSYoungGen: 46144K(47616K)->38944K(53760K) Eden: 4096K(4096K)->0K(4096K) From: 42048K(43520K)->38944K(49664K)
[1.564s][info][gc,heap        ] GC(57) ParOldGen: 205734K(244736K)->213014K(244736K)
[1.564s][info][gc,metaspace   ] GC(57) Metaspace: 6303K(6528K)->6303K(6528K) NonClass: 5769K(5888K)->5769K(5888K) Class: 533K(640K)->533K(640K)
[1.564s][info][gc             ] GC(57) Pause Young (Allocation Failure) 245M->246M(291M) 20.829ms
[1.564s][info][gc,cpu         ] GC(57) User=0.08s Sys=0.00s Real=0.02s
[1.568s][info][gc,start       ] GC(58) Pause Young (Allocation Failure)
[1.588s][info][gc,heap        ] GC(58) PSYoungGen: 43040K(53760K)->26656K(55296K) Eden: 4096K(4096K)->0K(5120K) From: 38944K(49664K)->26656K(50176K)
[1.588s][info][gc,heap        ] GC(58) ParOldGen: 213014K(244736K)->229614K(244736K)
[1.588s][info][gc,metaspace   ] GC(58) Metaspace: 6303K(6528K)->6303K(6528K) NonClass: 5769K(5888K)->5769K(5888K) Class: 533K(640K)->533K(640K)
[1.589s][info][gc             ] GC(58) Pause Young (Allocation Failure) 250M->250M(293M) 20.518ms
[1.589s][info][gc,cpu         ] GC(58) User=0.11s Sys=0.00s Real=0.02s
[1.589s][info][gc,start       ] GC(59) Pause Full (Ergonomics)
[1.589s][info][gc,phases,start] GC(59) Marking Phase
[1.645s][info][gc,phases      ] GC(59) Marking Phase 56.509ms
[1.645s][info][gc,phases,start] GC(59) Summary Phase
[1.645s][info][gc,phases      ] GC(59) Summary Phase 0.018ms
[1.645s][info][gc,phases,start] GC(59) Adjust Roots
[1.645s][info][gc,phases      ] GC(59) Adjust Roots 0.148ms
[1.645s][info][gc,phases,start] GC(59) Compaction Phase
[1.674s][info][gc,phases      ] GC(59) Compaction Phase 29.107ms
[1.675s][info][gc,phases,start] GC(59) Post Compact
[1.676s][info][gc,phases      ] GC(59) Post Compact 1.232ms
[1.676s][info][gc,heap        ] GC(59) PSYoungGen: 26656K(55296K)->11165K(56320K) Eden: 0K(5120K)->0K(6144K) From: 26656K(50176K)->11165K(50176K)
[1.676s][info][gc,heap        ] GC(59) ParOldGen: 229614K(244736K)->244524K(285696K)
[1.676s][info][gc,metaspace   ] GC(59) Metaspace: 6303K(6528K)->6303K(6528K) NonClass: 5769K(5888K)->5769K(5888K) Class: 533K(640K)->533K(640K)
[1.676s][info][gc             ] GC(59) Pause Full (Ergonomics) 250M->249M(334M) 87.543ms
[1.676s][info][gc,cpu         ] GC(59) User=0.44s Sys=0.00s Real=0.09s
[1.683s][info][gc,start       ] GC(60) Pause Young (Allocation Failure)
[1.701s][info][gc,heap        ] GC(60) PSYoungGen: 17309K(56320K)->10720K(57856K) Eden: 6144K(6144K)->0K(6144K) From: 11165K(50176K)->10720K(51712K)
[1.701s][info][gc,heap        ] GC(60) ParOldGen: 244524K(285696K)->251332K(285696K)
[1.701s][info][gc,metaspace   ] GC(60) Metaspace: 6303K(6528K)->6303K(6528K) NonClass: 5769K(5888K)->5769K(5888K) Class: 533K(640K)->533K(640K)
[1.701s][info][gc             ] GC(60) Pause Young (Allocation Failure) 255M->255M(335M) 18.043ms
[1.701s][info][gc,cpu         ] GC(60) User=0.12s Sys=0.00s Real=0.02s
[1.708s][info][gc,start       ] GC(61) Pause Young (Allocation Failure)
[1.717s][info][gc,heap        ] GC(61) PSYoungGen: 16864K(57856K)->12416K(55296K) Eden: 6144K(6144K)->0K(7168K) From: 10720K(51712K)->12416K(48128K)
[1.717s][info][gc,heap        ] GC(61) ParOldGen: 251332K(285696K)->255876K(285696K)
[1.717s][info][gc,metaspace   ] GC(61) Metaspace: 6303K(6528K)->6303K(6528K) NonClass: 5769K(5888K)->5769K(5888K) Class: 533K(640K)->533K(640K)
[1.717s][info][gc             ] GC(61) Pause Young (Allocation Failure) 261M->262M(333M) 8.680ms
[1.717s][info][gc,cpu         ] GC(61) User=0.00s Sys=0.00s Real=0.01s
[1.725s][info][gc,start       ] GC(62) Pause Young (Allocation Failure)
[1.735s][info][gc,heap        ] GC(62) PSYoungGen: 19584K(55296K)->7264K(56832K) Eden: 7168K(7168K)->0K(7168K) From: 12416K(48128K)->7264K(49664K)
[1.735s][info][gc,heap        ] GC(62) ParOldGen: 255876K(285696K)->268308K(285696K)
[1.735s][info][gc,metaspace   ] GC(62) Metaspace: 6303K(6528K)->6303K(6528K) NonClass: 5769K(5888K)->5769K(5888K) Class: 533K(640K)->533K(640K)
[1.735s][info][gc             ] GC(62) Pause Young (Allocation Failure) 269M->269M(334M) 10.078ms
[1.735s][info][gc,cpu         ] GC(62) User=0.00s Sys=0.00s Real=0.01s
[1.735s][info][gc,start       ] GC(63) Pause Full (Ergonomics)
[1.735s][info][gc,phases,start] GC(63) Marking Phase
[1.789s][info][gc,phases      ] GC(63) Marking Phase 54.484ms
[1.789s][info][gc,phases,start] GC(63) Summary Phase
[1.789s][info][gc,phases      ] GC(63) Summary Phase 0.021ms
[1.789s][info][gc,phases,start] GC(63) Adjust Roots
[1.790s][info][gc,phases      ] GC(63) Adjust Roots 0.154ms
[1.790s][info][gc,phases,start] GC(63) Compaction Phase
[1.816s][info][gc,phases      ] GC(63) Compaction Phase 26.457ms
[1.816s][info][gc,phases,start] GC(63) Post Compact
[1.817s][info][gc,phases      ] GC(63) Post Compact 1.198ms
[1.818s][info][gc,heap        ] GC(63) PSYoungGen: 7264K(56832K)->0K(58368K) Eden: 0K(7168K)->0K(8704K) From: 7264K(49664K)->0K(49664K)
[1.818s][info][gc,heap        ] GC(63) ParOldGen: 268308K(285696K)->275051K(317952K)
[1.818s][info][gc,metaspace   ] GC(63) Metaspace: 6303K(6528K)->6303K(6528K) NonClass: 5769K(5888K)->5769K(5888K) Class: 533K(640K)->533K(640K)
[1.818s][info][gc             ] GC(63) Pause Full (Ergonomics) 269M->268M(367M) 82.764ms
[1.818s][info][gc,cpu         ] GC(63) User=0.52s Sys=0.00s Real=0.08s
[1.828s][info][gc,start       ] GC(64) Pause Young (Allocation Failure)
[1.833s][info][gc,heap        ] GC(64) PSYoungGen: 8704K(58368K)->8864K(58368K) Eden: 8704K(8704K)->0K(8704K) From: 0K(49664K)->8864K(49664K)
[1.833s][info][gc,heap        ] GC(64) ParOldGen: 275051K(317952K)->275051K(317952K)
[1.834s][info][gc,metaspace   ] GC(64) Metaspace: 6303K(6528K)->6303K(6528K) NonClass: 5769K(5888K)->5769K(5888K) Class: 533K(640K)->533K(640K)
[1.834s][info][gc             ] GC(64) Pause Young (Allocation Failure) 277M->277M(367M) 5.698ms
[1.834s][info][gc,cpu         ] GC(64) User=0.02s Sys=0.00s Real=0.01s
[1.844s][info][gc,start       ] GC(65) Pause Young (Allocation Failure)
[1.853s][info][gc,heap        ] GC(65) PSYoungGen: 17568K(58368K)->17536K(52224K) Eden: 8704K(8704K)->0K(9728K) From: 8864K(49664K)->17536K(42496K)
[1.853s][info][gc,heap        ] GC(65) ParOldGen: 275051K(317952K)->275051K(317952K)
[1.853s][info][gc,metaspace   ] GC(65) Metaspace: 6303K(6528K)->6303K(6528K) NonClass: 5769K(5888K)->5769K(5888K) Class: 533K(640K)->533K(640K)
[1.853s][info][gc             ] GC(65) Pause Young (Allocation Failure) 285M->285M(361M) 9.283ms
[1.853s][info][gc,cpu         ] GC(65) User=0.02s Sys=0.00s Real=0.01s
[1.864s][info][gc,start       ] GC(66) Pause Young (Allocation Failure)
[1.877s][info][gc,heap        ] GC(66) PSYoungGen: 27264K(52224K)->27264K(55296K) Eden: 9728K(9728K)->0K(9728K) From: 17536K(42496K)->27264K(45568K)
[1.877s][info][gc,heap        ] GC(66) ParOldGen: 275051K(317952K)->275051K(317952K)
[1.877s][info][gc,metaspace   ] GC(66) Metaspace: 6303K(6528K)->6303K(6528K) NonClass: 5769K(5888K)->5769K(5888K) Class: 533K(640K)->533K(640K)
[1.877s][info][gc             ] GC(66) Pause Young (Allocation Failure) 295M->295M(364M) 12.747ms
[1.877s][info][gc,cpu         ] GC(66) User=0.00s Sys=0.00s Real=0.01s
[1.888s][info][gc,start       ] GC(67) Pause Young (Allocation Failure)
[1.905s][info][gc,heap        ] GC(67) PSYoungGen: 36992K(55296K)->28224K(56320K) Eden: 9728K(9728K)->0K(10240K) From: 27264K(45568K)->28224K(46080K)
[1.905s][info][gc,heap        ] GC(67) ParOldGen: 275051K(317952K)->283875K(317952K)
[1.905s][info][gc,metaspace   ] GC(67) Metaspace: 6303K(6528K)->6303K(6528K) NonClass: 5769K(5888K)->5769K(5888K) Class: 533K(640K)->533K(640K)
[1.905s][info][gc             ] GC(67) Pause Young (Allocation Failure) 304M->304M(365M) 17.059ms
[1.905s][info][gc,cpu         ] GC(67) User=0.05s Sys=0.00s Real=0.02s
[1.917s][info][gc,start       ] GC(68) Pause Young (Allocation Failure)
[1.934s][info][gc,heap        ] GC(68) PSYoungGen: 38464K(56320K)->29792K(56832K) Eden: 10240K(10240K)->0K(10240K) From: 28224K(46080K)->29792K(46592K)
[1.934s][info][gc,heap        ] GC(68) ParOldGen: 283875K(317952K)->292715K(317952K)
[1.934s][info][gc,metaspace   ] GC(68) Metaspace: 6303K(6528K)->6303K(6528K) NonClass: 5769K(5888K)->5769K(5888K) Class: 533K(640K)->533K(640K)
[1.934s][info][gc             ] GC(68) Pause Young (Allocation Failure) 314M->314M(366M) 17.872ms
[1.935s][info][gc,cpu         ] GC(68) User=0.12s Sys=0.00s Real=0.02s
[1.946s][info][gc,start       ] GC(69) Pause Young (Allocation Failure)
[1.965s][info][gc,heap        ] GC(69) PSYoungGen: 40032K(56832K)->30304K(58880K) Eden: 10240K(10240K)->0K(11264K) From: 29792K(46592K)->30304K(47616K)
[1.965s][info][gc,heap        ] GC(69) ParOldGen: 292715K(317952K)->302587K(317952K)
[1.965s][info][gc,metaspace   ] GC(69) Metaspace: 6303K(6528K)->6303K(6528K) NonClass: 5769K(5888K)->5769K(5888K) Class: 533K(640K)->533K(640K)
[1.965s][info][gc             ] GC(69) Pause Young (Allocation Failure) 324M->325M(368M) 18.951ms
[1.965s][info][gc,cpu         ] GC(69) User=0.03s Sys=0.00s Real=0.02s
[1.965s][info][gc,start       ] GC(70) Pause Full (Ergonomics)
[1.965s][info][gc,phases,start] GC(70) Marking Phase
[2.038s][info][gc,phases      ] GC(70) Marking Phase 72.347ms
[2.038s][info][gc,phases,start] GC(70) Summary Phase
[2.038s][info][gc,phases      ] GC(70) Summary Phase 0.023ms
[2.038s][info][gc,phases,start] GC(70) Adjust Roots
[2.038s][info][gc,phases      ] GC(70) Adjust Roots 0.170ms
[2.038s][info][gc,phases,start] GC(70) Compaction Phase
[2.070s][info][gc,phases      ] GC(70) Compaction Phase 32.100ms
[2.070s][info][gc,phases,start] GC(70) Post Compact
[2.072s][info][gc,phases      ] GC(70) Post Compact 1.505ms
[2.072s][info][gc,heap        ] GC(70) PSYoungGen: 30304K(58880K)->14275K(58880K) Eden: 0K(11264K)->0K(11264K) From: 30304K(47616K)->14275K(47616K)
[2.072s][info][gc,heap        ] GC(70) ParOldGen: 302587K(317952K)->317935K(362496K)
[2.072s][info][gc,metaspace   ] GC(70) Metaspace: 6303K(6528K)->6303K(6528K) NonClass: 5769K(5888K)->5769K(5888K) Class: 533K(640K)->533K(640K)
[2.072s][info][gc             ] GC(70) Pause Full (Ergonomics) 325M->324M(411M) 106.673ms
[2.072s][info][gc,cpu         ] GC(70) User=0.66s Sys=0.00s Real=0.11s
[2.085s][info][gc,start       ] GC(71) Pause Young (Allocation Failure)
[2.111s][info][gc,heap        ] GC(71) PSYoungGen: 25539K(58880K)->21696K(33280K) Eden: 11264K(11264K)->0K(11264K) From: 14275K(47616K)->21696K(22016K)
[2.112s][info][gc,heap        ] GC(71) ParOldGen: 317935K(362496K)->322039K(362496K)
[2.112s][info][gc,metaspace   ] GC(71) Metaspace: 6303K(6528K)->6303K(6528K) NonClass: 5769K(5888K)->5769K(5888K) Class: 533K(640K)->533K(640K)
[2.112s][info][gc             ] GC(71) Pause Young (Allocation Failure) 335M->335M(386M) 26.525ms
[2.112s][info][gc,cpu         ] GC(71) User=0.11s Sys=0.02s Real=0.03s
[2.185s][info][gc,start       ] GC(72) Pause Young (Allocation Failure)
[2.208s][info][gc,heap        ] GC(72) PSYoungGen: 32960K(33280K)->27136K(56832K) Eden: 11264K(11264K)->0K(12800K) From: 21696K(22016K)->27136K(44032K)
[2.208s][info][gc,heap        ] GC(72) ParOldGen: 338423K(362496K)->344303K(362496K)
[2.208s][info][gc,metaspace   ] GC(72) Metaspace: 6303K(6528K)->6303K(6528K) NonClass: 5769K(5888K)->5769K(5888K) Class: 533K(640K)->533K(640K)
[2.208s][info][gc             ] GC(72) Pause Young (Allocation Failure) 362M->362M(409M) 23.025ms
[2.208s][info][gc,cpu         ] GC(72) User=0.06s Sys=0.00s Real=0.02s
[2.221s][info][gc,start       ] GC(73) Pause Young (Allocation Failure)
[2.239s][info][gc,heap        ] GC(73) PSYoungGen: 39936K(56832K)->39936K(57856K) Eden: 12800K(12800K)->0K(12800K) From: 27136K(44032K)->39936K(45056K)
[2.239s][info][gc,heap        ] GC(73) ParOldGen: 344303K(362496K)->344303K(362496K)
[2.239s][info][gc,metaspace   ] GC(73) Metaspace: 6303K(6528K)->6303K(6528K) NonClass: 5769K(5888K)->5769K(5888K) Class: 533K(640K)->533K(640K)
[2.239s][info][gc             ] GC(73) Pause Young (Allocation Failure) 375M->375M(410M) 18.793ms
[2.239s][info][gc,cpu         ] GC(73) User=0.14s Sys=0.00s Real=0.02s
[2.253s][info][gc,start       ] GC(74) Pause Young (Allocation Failure)
[2.277s][info][gc,heap        ] GC(74) PSYoungGen: 52736K(57856K)->48192K(57856K) Eden: 12800K(12800K)->0K(8192K) From: 39936K(45056K)->48192K(49664K)
[2.278s][info][gc,heap        ] GC(74) ParOldGen: 344303K(362496K)->348863K(362496K)
[2.278s][info][gc,metaspace   ] GC(74) Metaspace: 6303K(6528K)->6303K(6528K) NonClass: 5769K(5888K)->5769K(5888K) Class: 533K(640K)->533K(640K)
[2.278s][info][gc             ] GC(74) Pause Young (Allocation Failure) 387M->387M(410M) 24.681ms
[2.278s][info][gc,cpu         ] GC(74) User=0.12s Sys=0.00s Real=0.02s
[2.278s][info][gc,start       ] GC(75) Pause Full (Ergonomics)
[2.278s][info][gc,phases,start] GC(75) Marking Phase
[2.362s][info][gc,phases      ] GC(75) Marking Phase 83.956ms
[2.362s][info][gc,phases,start] GC(75) Summary Phase
[2.362s][info][gc,phases      ] GC(75) Summary Phase 0.024ms
[2.362s][info][gc,phases,start] GC(75) Adjust Roots
[2.362s][info][gc,phases      ] GC(75) Adjust Roots 0.175ms
[2.362s][info][gc,phases,start] GC(75) Compaction Phase
[2.429s][info][gc,phases      ] GC(75) Compaction Phase 66.727ms
[2.429s][info][gc,phases,start] GC(75) Post Compact
[2.431s][info][gc,phases      ] GC(75) Post Compact 2.030ms
[2.431s][info][gc,heap        ] GC(75) PSYoungGen: 48192K(57856K)->26035K(57856K) Eden: 0K(8192K)->0K(8192K) From: 48192K(49664K)->26035K(49664K)
[2.431s][info][gc,heap        ] GC(75) ParOldGen: 348863K(362496K)->362371K(406528K)
[2.431s][info][gc,metaspace   ] GC(75) Metaspace: 6303K(6528K)->6303K(6528K) NonClass: 5769K(5888K)->5769K(5888K) Class: 533K(640K)->533K(640K)
[2.431s][info][gc             ] GC(75) Pause Full (Ergonomics) 387M->379M(453M) 153.473ms
[2.431s][info][gc,cpu         ] GC(75) User=0.91s Sys=0.00s Real=0.15s
[2.441s][info][gc,start       ] GC(76) Pause Young (Allocation Failure)
[2.471s][info][gc,heap        ] GC(76) PSYoungGen: 34227K(57856K)->28768K(37376K) Eden: 8192K(8192K)->0K(8192K) From: 26035K(49664K)->28768K(29184K)
[2.471s][info][gc,heap        ] GC(76) ParOldGen: 362371K(406528K)->368043K(406528K)
[2.471s][info][gc,metaspace   ] GC(76) Metaspace: 6303K(6528K)->6303K(6528K) NonClass: 5769K(5888K)->5769K(5888K) Class: 533K(640K)->533K(640K)
[2.471s][info][gc             ] GC(76) Pause Young (Allocation Failure) 387M->387M(433M) 30.579ms
[2.471s][info][gc,cpu         ] GC(76) User=0.12s Sys=0.00s Real=0.03s
[2.481s][info][gc,start       ] GC(77) Pause Young (Allocation Failure)
[2.498s][info][gc,heap        ] GC(77) PSYoungGen: 36960K(37376K)->36992K(61952K) Eden: 8192K(8192K)->0K(8192K) From: 28768K(29184K)->36992K(53760K)
[2.498s][info][gc,heap        ] GC(77) ParOldGen: 368043K(406528K)->368043K(406528K)
[2.498s][info][gc,metaspace   ] GC(77) Metaspace: 6303K(6528K)->6303K(6528K) NonClass: 5769K(5888K)->5769K(5888K) Class: 533K(640K)->533K(640K)
[2.498s][info][gc             ] GC(77) Pause Young (Allocation Failure) 395M->395M(457M) 16.951ms
[2.498s][info][gc,cpu         ] GC(77) User=0.12s Sys=0.00s Real=0.02s
[2.507s][info][gc,start       ] GC(78) Pause Young (Allocation Failure)
[2.527s][info][gc,heap        ] GC(78) PSYoungGen: 45184K(61952K)->38848K(62976K) Eden: 8192K(8192K)->0K(8192K) From: 36992K(53760K)->38848K(54784K)
[2.527s][info][gc,heap        ] GC(78) ParOldGen: 368043K(406528K)->374491K(406528K)
[2.527s][info][gc,metaspace   ] GC(78) Metaspace: 6303K(6528K)->6303K(6528K) NonClass: 5769K(5888K)->5769K(5888K) Class: 533K(640K)->533K(640K)
[2.527s][info][gc             ] GC(78) Pause Young (Allocation Failure) 403M->403M(458M) 20.489ms
[2.527s][info][gc,cpu         ] GC(78) User=0.12s Sys=0.00s Real=0.02s
[2.535s][info][gc,start       ] GC(79) Pause Young (Allocation Failure)
[2.557s][info][gc,heap        ] GC(79) PSYoungGen: 47040K(62976K)->32832K(63488K) Eden: 8192K(8192K)->0K(9728K) From: 38848K(54784K)->32832K(53760K)
[2.557s][info][gc,heap        ] GC(79) ParOldGen: 374491K(406528K)->388811K(406528K)
[2.557s][info][gc,metaspace   ] GC(79) Metaspace: 6303K(6528K)->6303K(6528K) NonClass: 5769K(5888K)->5769K(5888K) Class: 533K(640K)->533K(640K)
[2.557s][info][gc             ] GC(79) Pause Young (Allocation Failure) 411M->411M(459M) 21.730ms
[2.557s][info][gc,cpu         ] GC(79) User=0.11s Sys=0.00s Real=0.02s
[2.567s][info][gc,start       ] GC(80) Pause Young (Allocation Failure)
[2.588s][info][gc,heap        ] GC(80) PSYoungGen: 42560K(63488K)->26208K(36352K) Eden: 9728K(9728K)->0K(9728K) From: 32832K(53760K)->26208K(26624K)
[2.588s][info][gc,heap        ] GC(80) ParOldGen: 388811K(406528K)->405379K(406528K)
[2.588s][info][gc,metaspace   ] GC(80) Metaspace: 6303K(6528K)->6303K(6528K) NonClass: 5769K(5888K)->5769K(5888K) Class: 533K(640K)->533K(640K)
[2.588s][info][gc             ] GC(80) Pause Young (Allocation Failure) 421M->421M(432M) 20.922ms
[2.588s][info][gc,cpu         ] GC(80) User=0.09s Sys=0.03s Real=0.02s
[2.588s][info][gc,start       ] GC(81) Pause Full (Ergonomics)
[2.588s][info][gc,phases,start] GC(81) Marking Phase
[2.680s][info][gc,phases      ] GC(81) Marking Phase 92.302ms
[2.680s][info][gc,phases,start] GC(81) Summary Phase
[2.680s][info][gc,phases      ] GC(81) Summary Phase 0.019ms
[2.680s][info][gc,phases,start] GC(81) Adjust Roots
[2.681s][info][gc,phases      ] GC(81) Adjust Roots 0.154ms
[2.681s][info][gc,phases,start] GC(81) Compaction Phase
[2.728s][info][gc,phases      ] GC(81) Compaction Phase 47.225ms
[2.728s][info][gc,phases,start] GC(81) Post Compact
[2.730s][info][gc,phases      ] GC(81) Post Compact 2.020ms
[2.730s][info][gc,heap        ] GC(81) PSYoungGen: 26208K(36352K)->24485K(36352K) Eden: 0K(9728K)->0K(9728K) From: 26208K(26624K)->24485K(26624K)
[2.730s][info][gc,heap        ] GC(81) ParOldGen: 405379K(406528K)->406259K(458240K)
[2.730s][info][gc,metaspace   ] GC(81) Metaspace: 6303K(6528K)->6303K(6528K) NonClass: 5769K(5888K)->5769K(5888K) Class: 533K(640K)->533K(640K)
[2.730s][info][gc             ] GC(81) Pause Full (Ergonomics) 421M->420M(483M) 142.235ms
[2.730s][info][gc,cpu         ] GC(81) User=0.84s Sys=0.00s Real=0.14s
[2.740s][info][gc,start       ] GC(82) Pause Young (Allocation Failure)
[2.771s][info][gc,heap        ] GC(82) PSYoungGen: 34213K(36352K)->18912K(62976K) Eden: 9728K(9728K)->0K(11264K) From: 24485K(26624K)->18912K(51712K)
[2.771s][info][gc,heap        ] GC(82) ParOldGen: 406259K(458240K)->421867K(458240K)
[2.771s][info][gc,metaspace   ] GC(82) Metaspace: 6303K(6528K)->6303K(6528K) NonClass: 5769K(5888K)->5769K(5888K) Class: 533K(640K)->533K(640K)
[2.771s][info][gc             ] GC(82) Pause Young (Allocation Failure) 430M->430M(509M) 30.952ms
[2.771s][info][gc,cpu         ] GC(82) User=0.14s Sys=0.00s Real=0.03s
[2.783s][info][gc,start       ] GC(83) Pause Young (Allocation Failure)
[2.798s][info][gc,heap        ] GC(83) PSYoungGen: 30176K(62976K)->21088K(63488K) Eden: 11264K(11264K)->0K(11264K) From: 18912K(51712K)->21088K(52224K)
[2.798s][info][gc,heap        ] GC(83) ParOldGen: 421867K(458240K)->431147K(458240K)
[2.799s][info][gc,metaspace   ] GC(83) Metaspace: 6303K(6528K)->6303K(6528K) NonClass: 5769K(5888K)->5769K(5888K) Class: 533K(640K)->533K(640K)
[2.799s][info][gc             ] GC(83) Pause Young (Allocation Failure) 441M->441M(509M) 15.765ms
[2.799s][info][gc,cpu         ] GC(83) User=0.02s Sys=0.00s Real=0.01s
[2.811s][info][gc,start       ] GC(84) Pause Young (Allocation Failure)
[2.827s][info][gc,heap        ] GC(84) PSYoungGen: 32352K(63488K)->22624K(60928K) Eden: 11264K(11264K)->0K(12800K) From: 21088K(52224K)->22624K(48128K)
[2.827s][info][gc,heap        ] GC(84) ParOldGen: 431147K(458240K)->441003K(458240K)
[2.827s][info][gc,metaspace   ] GC(84) Metaspace: 6303K(6528K)->6303K(6528K) NonClass: 5769K(5888K)->5769K(5888K) Class: 533K(640K)->533K(640K)
[2.827s][info][gc             ] GC(84) Pause Young (Allocation Failure) 452M->452M(507M) 16.566ms
[2.827s][info][gc,cpu         ] GC(84) User=0.02s Sys=0.00s Real=0.02s
[2.827s][info][gc,start       ] GC(85) Pause Full (Ergonomics)
[2.827s][info][gc,phases,start] GC(85) Marking Phase
[2.928s][info][gc,phases      ] GC(85) Marking Phase 101.194ms
[2.928s][info][gc,phases,start] GC(85) Summary Phase
[2.928s][info][gc,phases      ] GC(85) Summary Phase 0.020ms
[2.928s][info][gc,phases,start] GC(85) Adjust Roots
[2.929s][info][gc,phases      ] GC(85) Adjust Roots 0.212ms
[2.929s][info][gc,phases,start] GC(85) Compaction Phase
[2.974s][info][gc,phases      ] GC(85) Compaction Phase 44.891ms
[2.974s][info][gc,phases,start] GC(85) Post Compact
[2.976s][info][gc,phases      ] GC(85) Post Compact 2.232ms
[2.976s][info][gc,heap        ] GC(85) PSYoungGen: 22624K(60928K)->5088K(62464K) Eden: 0K(12800K)->0K(14336K) From: 22624K(48128K)->5088K(48128K)
[2.976s][info][gc,heap        ] GC(85) ParOldGen: 441003K(458240K)->457809K(514048K)
[2.976s][info][gc,metaspace   ] GC(85) Metaspace: 6303K(6528K)->6303K(6528K) NonClass: 5769K(5888K)->5769K(5888K) Class: 533K(640K)->533K(640K)
[2.977s][info][gc             ] GC(85) Pause Full (Ergonomics) 452M->452M(563M) 149.461ms
[2.977s][info][gc,cpu         ] GC(85) User=1.02s Sys=0.00s Real=0.15s
[2.992s][info][gc,start       ] GC(86) Pause Young (Allocation Failure)
[3.020s][info][gc,heap        ] GC(86) PSYoungGen: 19424K(62464K)->14464K(64000K) Eden: 14336K(14336K)->0K(14336K) From: 5088K(48128K)->14464K(49664K)
[3.020s][info][gc,heap        ] GC(86) ParOldGen: 457809K(514048K)->463009K(514048K)
[3.021s][info][gc,metaspace   ] GC(86) Metaspace: 6303K(6528K)->6303K(6528K) NonClass: 5769K(5888K)->5769K(5888K) Class: 533K(640K)->533K(640K)
[3.021s][info][gc             ] GC(86) Pause Young (Allocation Failure) 466M->466M(564M) 28.424ms
[3.021s][info][gc,cpu         ] GC(86) User=0.12s Sys=0.00s Real=0.03s
[3.037s][info][gc,start       ] GC(87) Pause Young (Allocation Failure)
[3.053s][info][gc,heap        ] GC(87) PSYoungGen: 28800K(64000K)->28800K(62976K) Eden: 14336K(14336K)->0K(15872K) From: 14464K(49664K)->28800K(47104K)
[3.053s][info][gc,heap        ] GC(87) ParOldGen: 463009K(514048K)->463009K(514048K)
[3.053s][info][gc,metaspace   ] GC(87) Metaspace: 6303K(6528K)->6303K(6528K) NonClass: 5769K(5888K)->5769K(5888K) Class: 533K(640K)->533K(640K)
[3.053s][info][gc             ] GC(87) Pause Young (Allocation Failure) 480M->480M(563M) 15.511ms
[3.053s][info][gc,cpu         ] GC(87) User=0.02s Sys=0.00s Real=0.02s
[3.069s][info][gc,start       ] GC(88) Pause Young (Allocation Failure)
[3.092s][info][gc,heap        ] GC(88) PSYoungGen: 44672K(62976K)->44672K(64000K) Eden: 15872K(15872K)->0K(15872K) From: 28800K(47104K)->44672K(48128K)
[3.092s][info][gc,heap        ] GC(88) ParOldGen: 463009K(514048K)->463009K(514048K)
[3.092s][info][gc,metaspace   ] GC(88) Metaspace: 6303K(6528K)->6303K(6528K) NonClass: 5769K(5888K)->5769K(5888K) Class: 533K(640K)->533K(640K)
[3.092s][info][gc             ] GC(88) Pause Young (Allocation Failure) 495M->495M(564M) 22.552ms
[3.092s][info][gc,cpu         ] GC(88) User=0.11s Sys=0.00s Real=0.02s
[3.109s][info][gc,start       ] GC(89) Pause Young (Allocation Failure)
[3.138s][info][gc,heap        ] GC(89) PSYoungGen: 60544K(64000K)->46240K(66048K) Eden: 15872K(15872K)->0K(13312K) From: 44672K(48128K)->46240K(52736K)
[3.138s][info][gc,heap        ] GC(89) ParOldGen: 463009K(514048K)->477529K(514048K)
[3.138s][info][gc,metaspace   ] GC(89) Metaspace: 6303K(6528K)->6303K(6528K) NonClass: 5769K(5888K)->5769K(5888K) Class: 533K(640K)->533K(640K)
[3.138s][info][gc             ] GC(89) Pause Young (Allocation Failure) 511M->511M(566M) 29.311ms
[3.139s][info][gc,cpu         ] GC(89) User=0.14s Sys=0.00s Real=0.03s
[3.153s][info][gc,start       ] GC(90) Pause Young (Allocation Failure)
[3.182s][info][gc,heap        ] GC(90) PSYoungGen: 59552K(66048K)->45152K(70656K) Eden: 13312K(13312K)->0K(13312K) From: 46240K(52736K)->45152K(57344K)
[3.182s][info][gc,heap        ] GC(90) ParOldGen: 477529K(514048K)->492065K(514048K)
[3.182s][info][gc,metaspace   ] GC(90) Metaspace: 6303K(6528K)->6303K(6528K) NonClass: 5769K(5888K)->5769K(5888K) Class: 533K(640K)->533K(640K)
[3.182s][info][gc             ] GC(90) Pause Young (Allocation Failure) 524M->524M(571M) 29.672ms
[3.182s][info][gc,cpu         ] GC(90) User=0.14s Sys=0.00s Real=0.03s
[3.197s][info][gc,start       ] GC(91) Pause Young (Allocation Failure)
[3.226s][info][gc,heap        ] GC(91) PSYoungGen: 58464K(70656K)->26752K(70656K) Eden: 13312K(13312K)->0K(15360K) From: 45152K(57344K)->26752K(55296K)
[3.226s][info][gc,heap        ] GC(91) ParOldGen: 492065K(514048K)->524225K(524288K)
[3.226s][info][gc,metaspace   ] GC(91) Metaspace: 6303K(6528K)->6303K(6528K) NonClass: 5769K(5888K)->5769K(5888K) Class: 533K(640K)->533K(640K)
[3.226s][info][gc             ] GC(91) Pause Young (Allocation Failure) 537M->538M(581M) 28.910ms
[3.226s][info][gc,cpu         ] GC(91) User=0.06s Sys=0.08s Real=0.03s
[3.226s][info][gc,start       ] GC(92) Pause Full (Ergonomics)
[3.226s][info][gc,phases,start] GC(92) Marking Phase
[3.343s][info][gc,phases      ] GC(92) Marking Phase 116.415ms
[3.343s][info][gc,phases,start] GC(92) Summary Phase
[3.343s][info][gc,phases      ] GC(92) Summary Phase 0.021ms
[3.343s][info][gc,phases,start] GC(92) Adjust Roots
[3.343s][info][gc,phases      ] GC(92) Adjust Roots 0.197ms
[3.343s][info][gc,phases,start] GC(92) Compaction Phase
[3.398s][info][gc,phases      ] GC(92) Compaction Phase 54.454ms
[3.398s][info][gc,phases,start] GC(92) Post Compact
[3.399s][info][gc,phases      ] GC(92) Post Compact 1.030ms
[3.399s][info][gc,heap        ] GC(92) PSYoungGen: 26752K(70656K)->25534K(72704K) Eden: 0K(15360K)->0K(17408K) From: 26752K(55296K)->25534K(55296K)
[3.399s][info][gc,heap        ] GC(92) ParOldGen: 524225K(524288K)->524207K(593408K)
[3.399s][info][gc,metaspace   ] GC(92) Metaspace: 6303K(6528K)->6303K(6528K) NonClass: 5769K(5888K)->5769K(5888K) Class: 533K(640K)->533K(640K)
[3.399s][info][gc             ] GC(92) Pause Full (Ergonomics) 538M->536M(650M) 172.865ms
[3.399s][info][gc,cpu         ] GC(92) User=1.19s Sys=0.00s Real=0.17s
[3.419s][info][gc,start       ] GC(93) Pause Young (Allocation Failure)
[3.459s][info][gc,heap        ] GC(93) PSYoungGen: 42942K(72704K)->17568K(75264K) Eden: 17408K(17408K)->0K(17408K) From: 25534K(55296K)->17568K(57856K)
[3.459s][info][gc,heap        ] GC(93) ParOldGen: 524207K(593408K)->550135K(593408K)
[3.459s][info][gc,metaspace   ] GC(93) Metaspace: 6303K(6528K)->6303K(6528K) NonClass: 5769K(5888K)->5769K(5888K) Class: 533K(640K)->533K(640K)
[3.459s][info][gc             ] GC(93) Pause Young (Allocation Failure) 553M->554M(653M) 40.465ms
[3.459s][info][gc,cpu         ] GC(93) User=0.27s Sys=0.00s Real=0.04s
[3.479s][info][gc,start       ] GC(94) Pause Young (Allocation Failure)
[3.499s][info][gc,heap        ] GC(94) PSYoungGen: 34976K(75264K)->17536K(75264K) Eden: 17408K(17408K)->0K(19456K) From: 17568K(57856K)->17536K(55808K)
[3.499s][info][gc,heap        ] GC(94) ParOldGen: 550135K(593408K)->567783K(593408K)
[3.499s][info][gc,metaspace   ] GC(94) Metaspace: 6303K(6528K)->6303K(6528K) NonClass: 5769K(5888K)->5769K(5888K) Class: 533K(640K)->533K(640K)
[3.499s][info][gc             ] GC(94) Pause Young (Allocation Failure) 571M->571M(653M) 19.790ms
[3.499s][info][gc,cpu         ] GC(94) User=0.12s Sys=0.00s Real=0.02s
[3.499s][info][gc,start       ] GC(95) Pause Full (Ergonomics)
[3.499s][info][gc,phases,start] GC(95) Marking Phase
[3.630s][info][gc,phases      ] GC(95) Marking Phase 131.442ms
[3.630s][info][gc,phases,start] GC(95) Summary Phase
[3.630s][info][gc,phases      ] GC(95) Summary Phase 0.032ms
[3.630s][info][gc,phases,start] GC(95) Adjust Roots
[3.631s][info][gc,phases      ] GC(95) Adjust Roots 0.177ms
[3.631s][info][gc,phases,start] GC(95) Compaction Phase
[3.681s][info][gc,phases      ] GC(95) Compaction Phase 50.462ms
[3.681s][info][gc,phases,start] GC(95) Post Compact
[3.682s][info][gc,phases      ] GC(95) Post Compact 0.943ms
[3.682s][info][gc,heap        ] GC(95) PSYoungGen: 17536K(75264K)->0K(76288K) Eden: 0K(19456K)->0K(19456K) From: 17536K(55808K)->0K(56832K)
[3.682s][info][gc,heap        ] GC(95) ParOldGen: 567783K(593408K)->584495K(662528K)
[3.682s][info][gc,metaspace   ] GC(95) Metaspace: 6303K(6528K)->6303K(6528K) NonClass: 5769K(5888K)->5769K(5888K) Class: 533K(640K)->533K(640K)
[3.682s][info][gc             ] GC(95) Pause Full (Ergonomics) 571M->570M(721M) 183.562ms
[3.682s][info][gc,cpu         ] GC(95) User=1.36s Sys=0.03s Real=0.18s
[3.704s][info][gc,start       ] GC(96) Pause Young (Allocation Failure)
[3.716s][info][gc,heap        ] GC(96) PSYoungGen: 19456K(76288K)->19584K(75264K) Eden: 19456K(19456K)->0K(21504K) From: 0K(56832K)->19584K(53760K)
[3.716s][info][gc,heap        ] GC(96) ParOldGen: 584495K(662528K)->584495K(662528K)
[3.716s][info][gc,metaspace   ] GC(96) Metaspace: 6303K(6528K)->6303K(6528K) NonClass: 5769K(5888K)->5769K(5888K) Class: 533K(640K)->533K(640K)
[3.716s][info][gc             ] GC(96) Pause Young (Allocation Failure) 589M->589M(720M) 12.288ms
[3.716s][info][gc,cpu         ] GC(96) User=0.02s Sys=0.00s Real=0.01s
[3.742s][info][gc,start       ] GC(97) Pause Young (Allocation Failure)
[3.763s][info][gc,heap        ] GC(97) PSYoungGen: 41088K(75264K)->41088K(76800K) Eden: 21504K(21504K)->0K(21504K) From: 19584K(53760K)->41088K(55296K)
[3.763s][info][gc,heap        ] GC(97) ParOldGen: 584495K(662528K)->584495K(662528K)
[3.763s][info][gc,metaspace   ] GC(97) Metaspace: 6303K(6528K)->6303K(6528K) NonClass: 5769K(5888K)->5769K(5888K) Class: 533K(640K)->533K(640K)
[3.763s][info][gc             ] GC(97) Pause Young (Allocation Failure) 610M->610M(722M) 21.879ms
[3.763s][info][gc,cpu         ] GC(97) User=0.12s Sys=0.00s Real=0.02s
[3.791s][info][gc,start       ] GC(98) Pause Young (Allocation Failure)
[3.824s][info][gc,heap        ] GC(98) PSYoungGen: 62592K(76800K)->57856K(71680K) Eden: 21504K(21504K)->0K(13824K) From: 41088K(55296K)->57856K(57856K)
[3.824s][info][gc,heap        ] GC(98) ParOldGen: 584495K(662528K)->589223K(662528K)
[3.824s][info][gc,metaspace   ] GC(98) Metaspace: 6303K(6528K)->6303K(6528K) NonClass: 5769K(5888K)->5769K(5888K) Class: 533K(640K)->533K(640K)
[3.824s][info][gc             ] GC(98) Pause Young (Allocation Failure) 631M->631M(717M) 32.838ms
[3.824s][info][gc,cpu         ] GC(98) User=0.16s Sys=0.02s Real=0.03s
[3.839s][info][gc,start       ] GC(99) Pause Young (Allocation Failure)
[3.873s][info][gc,heap        ] GC(99) PSYoungGen: 71680K(71680K)->33600K(47616K) Eden: 13824K(13824K)->0K(13824K) From: 57856K(57856K)->33600K(33792K)
[3.873s][info][gc,heap        ] GC(99) ParOldGen: 589223K(662528K)->627839K(662528K)
[3.873s][info][gc,metaspace   ] GC(99) Metaspace: 6303K(6528K)->6303K(6528K) NonClass: 5769K(5888K)->5769K(5888K) Class: 533K(640K)->533K(640K)
[3.874s][info][gc             ] GC(99) Pause Young (Allocation Failure) 645M->645M(693M) 34.201ms
[3.874s][info][gc,cpu         ] GC(99) User=0.19s Sys=0.06s Real=0.03s
[3.874s][info][gc,start       ] GC(100) Pause Full (Ergonomics)
[3.874s][info][gc,phases,start] GC(100) Marking Phase
[4.020s][info][gc,phases      ] GC(100) Marking Phase 146.483ms
[4.020s][info][gc,phases,start] GC(100) Summary Phase
[4.020s][info][gc,phases      ] GC(100) Summary Phase 0.030ms
[4.020s][info][gc,phases,start] GC(100) Adjust Roots
[4.020s][info][gc,phases      ] GC(100) Adjust Roots 0.158ms
[4.020s][info][gc,phases,start] GC(100) Compaction Phase
[4.075s][info][gc,phases      ] GC(100) Compaction Phase 54.160ms
[4.075s][info][gc,phases,start] GC(100) Post Compact
[4.076s][info][gc,phases      ] GC(100) Post Compact 1.036ms
[4.076s][info][gc,heap        ] GC(100) PSYoungGen: 33600K(47616K)->0K(79872K) Eden: 0K(13824K)->0K(15360K) From: 33600K(33792K)->0K(64512K)
[4.076s][info][gc,heap        ] GC(100) ParOldGen: 627839K(662528K)->660659K(749056K)
[4.076s][info][gc,metaspace   ] GC(100) Metaspace: 6303K(6528K)->6303K(6528K) NonClass: 5769K(5888K)->5769K(5888K) Class: 533K(640K)->533K(640K)
[4.076s][info][gc             ] GC(100) Pause Full (Ergonomics) 645M->645M(809M) 202.446ms
[4.076s][info][gc,cpu         ] GC(100) User=1.61s Sys=0.02s Real=0.20s
[4.095s][info][gc,start       ] GC(101) Pause Young (Allocation Failure)
[4.106s][info][gc,heap        ] GC(101) PSYoungGen: 15360K(79872K)->15488K(79872K) Eden: 15360K(15360K)->0K(15360K) From: 0K(64512K)->15488K(64512K)
[4.106s][info][gc,heap        ] GC(101) ParOldGen: 660659K(749056K)->660659K(749056K)
[4.106s][info][gc,metaspace   ] GC(101) Metaspace: 6303K(6528K)->6303K(6528K) NonClass: 5769K(5888K)->5769K(5888K) Class: 533K(640K)->533K(640K)
[4.106s][info][gc             ] GC(101) Pause Young (Allocation Failure) 660M->660M(809M) 10.936ms
[4.106s][info][gc,cpu         ] GC(101) User=0.02s Sys=0.00s Real=0.01s
[4.125s][info][gc,start       ] GC(102) Pause Young (Allocation Failure)
[4.142s][info][gc,heap        ] GC(102) PSYoungGen: 30848K(79872K)->30848K(74752K) Eden: 15360K(15360K)->0K(16896K) From: 15488K(64512K)->30848K(57856K)
[4.142s][info][gc,heap        ] GC(102) ParOldGen: 660659K(749056K)->660659K(749056K)
[4.142s][info][gc,metaspace   ] GC(102) Metaspace: 6303K(6528K)->6303K(6528K) NonClass: 5769K(5888K)->5769K(5888K) Class: 533K(640K)->533K(640K)
[4.142s][info][gc             ] GC(102) Pause Young (Allocation Failure) 675M->675M(804M) 17.257ms
[4.142s][info][gc,cpu         ] GC(102) User=0.03s Sys=0.00s Real=0.02s
[4.294s][info][gc,start       ] GC(103) Pause Young (Allocation Failure)
[4.331s][info][gc,heap        ] GC(103) PSYoungGen: 47744K(74752K)->47776K(77824K) Eden: 16896K(16896K)->0K(16896K) From: 30848K(57856K)->47776K(60928K)
[4.331s][info][gc,heap        ] GC(103) ParOldGen: 693427K(749056K)->693427K(749056K)
[4.331s][info][gc,metaspace   ] GC(103) Metaspace: 6303K(6528K)->6303K(6528K) NonClass: 5769K(5888K)->5769K(5888K) Class: 533K(640K)->533K(640K)
[4.331s][info][gc             ] GC(103) Pause Young (Allocation Failure) 723M->723M(807M) 37.128ms
[4.331s][info][gc,cpu         ] GC(103) User=0.27s Sys=0.00s Real=0.04s
[4.349s][info][gc,start       ] GC(104) Pause Young (Allocation Failure)
[4.380s][info][gc,heap        ] GC(104) PSYoungGen: 64672K(77824K)->64000K(73216K) Eden: 16896K(16896K)->0K(9216K) From: 47776K(60928K)->64000K(64000K)
[4.380s][info][gc,heap        ] GC(104) ParOldGen: 693427K(749056K)->694003K(749056K)
[4.380s][info][gc,metaspace   ] GC(104) Metaspace: 6303K(6528K)->6303K(6528K) NonClass: 5769K(5888K)->5769K(5888K) Class: 533K(640K)->533K(640K)
[4.380s][info][gc             ] GC(104) Pause Young (Allocation Failure) 740M->740M(803M) 30.659ms
[4.380s][info][gc,cpu         ] GC(104) User=0.14s Sys=0.00s Real=0.03s
[4.390s][info][gc,start       ] GC(105) Pause Young (Allocation Failure)
[4.423s][info][gc,heap        ] GC(105) PSYoungGen: 73216K(73216K)->57952K(82432K) Eden: 9216K(9216K)->0K(9216K) From: 64000K(64000K)->57952K(73216K)
[4.423s][info][gc,heap        ] GC(105) ParOldGen: 694003K(749056K)->709563K(749056K)
[4.423s][info][gc,metaspace   ] GC(105) Metaspace: 6303K(6528K)->6303K(6528K) NonClass: 5769K(5888K)->5769K(5888K) Class: 533K(640K)->533K(640K)
[4.423s][info][gc             ] GC(105) Pause Young (Allocation Failure) 749M->749M(812M) 33.488ms
[4.423s][info][gc,cpu         ] GC(105) User=0.22s Sys=0.03s Real=0.03s
[4.433s][info][gc,start       ] GC(106) Pause Young (Allocation Failure)
[4.464s][info][gc,heap        ] GC(106) PSYoungGen: 67168K(82432K)->51840K(86528K) Eden: 9216K(9216K)->0K(9216K) From: 57952K(73216K)->51840K(77312K)
[4.464s][info][gc,heap        ] GC(106) ParOldGen: 709563K(749056K)->725147K(749056K)
[4.464s][info][gc,metaspace   ] GC(106) Metaspace: 6303K(6528K)->6303K(6528K) NonClass: 5769K(5888K)->5769K(5888K) Class: 533K(640K)->533K(640K)
[4.464s][info][gc             ] GC(106) Pause Young (Allocation Failure) 758M->758M(816M) 31.124ms
[4.464s][info][gc,cpu         ] GC(106) User=0.14s Sys=0.00s Real=0.03s
[4.464s][info][gc,start       ] GC(107) Pause Full (Ergonomics)
[4.464s][info][gc,phases,start] GC(107) Marking Phase
[4.626s][info][gc,phases      ] GC(107) Marking Phase 161.933ms
[4.626s][info][gc,phases,start] GC(107) Summary Phase
[4.626s][info][gc,phases      ] GC(107) Summary Phase 0.030ms
[4.626s][info][gc,phases,start] GC(107) Adjust Roots
[4.626s][info][gc,phases      ] GC(107) Adjust Roots 0.152ms
[4.626s][info][gc,phases,start] GC(107) Compaction Phase
[4.752s][info][gc,phases      ] GC(107) Compaction Phase 125.952ms
[4.752s][info][gc,phases,start] GC(107) Post Compact
[4.754s][info][gc,phases      ] GC(107) Post Compact 1.611ms
[4.754s][info][gc,heap        ] GC(107) PSYoungGen: 51840K(86528K)->11206K(86528K) Eden: 0K(9216K)->0K(9216K) From: 51840K(77312K)->11206K(77312K)
[4.754s][info][gc,heap        ] GC(107) ParOldGen: 725147K(749056K)->748597K(837632K)
[4.754s][info][gc,metaspace   ] GC(107) Metaspace: 6303K(6528K)->6303K(6528K) NonClass: 5769K(5888K)->5769K(5888K) Class: 533K(640K)->533K(640K)
[4.754s][info][gc             ] GC(107) Pause Full (Ergonomics) 758M->741M(902M) 290.313ms
[4.754s][info][gc,cpu         ] GC(107) User=1.97s Sys=0.00s Real=0.29s
[4.766s][info][gc,start       ] GC(108) Pause Young (Allocation Failure)
[4.807s][info][gc,heap        ] GC(108) PSYoungGen: 20422K(86528K)->15168K(88064K) Eden: 9216K(9216K)->0K(9216K) From: 11206K(77312K)->15168K(78848K)
[4.807s][info][gc,heap        ] GC(108) ParOldGen: 748597K(837632K)->754117K(837632K)
[4.807s][info][gc,metaspace   ] GC(108) Metaspace: 6303K(6528K)->6303K(6528K) NonClass: 5769K(5888K)->5769K(5888K) Class: 533K(640K)->533K(640K)
[4.807s][info][gc             ] GC(108) Pause Young (Allocation Failure) 750M->751M(904M) 41.068ms
[4.807s][info][gc,cpu         ] GC(108) User=0.25s Sys=0.00s Real=0.04s
[4.817s][info][gc,start       ] GC(109) Pause Young (Allocation Failure)
[4.833s][info][gc,heap        ] GC(109) PSYoungGen: 24384K(88064K)->21344K(87040K) Eden: 9216K(9216K)->0K(10752K) From: 15168K(78848K)->21344K(76288K)
[4.833s][info][gc,heap        ] GC(109) ParOldGen: 754117K(837632K)->757189K(837632K)
[4.833s][info][gc,metaspace   ] GC(109) Metaspace: 6303K(6528K)->6303K(6528K) NonClass: 5769K(5888K)->5769K(5888K) Class: 533K(640K)->533K(640K)
[4.833s][info][gc             ] GC(109) Pause Young (Allocation Failure) 760M->760M(903M) 15.999ms
[4.833s][info][gc,cpu         ] GC(109) User=0.00s Sys=0.00s Real=0.02s
[4.844s][info][gc,start       ] GC(110) Pause Young (Allocation Failure)
[4.865s][info][gc,heap        ] GC(110) PSYoungGen: 32096K(87040K)->29248K(40448K) Eden: 10752K(10752K)->0K(10752K) From: 21344K(76288K)->29248K(29696K)
[4.865s][info][gc,heap        ] GC(110) ParOldGen: 757189K(837632K)->760085K(837632K)
[4.865s][info][gc,metaspace   ] GC(110) Metaspace: 6303K(6528K)->6303K(6528K) NonClass: 5769K(5888K)->5769K(5888K) Class: 533K(640K)->533K(640K)
[4.865s][info][gc             ] GC(110) Pause Young (Allocation Failure) 770M->770M(857M) 20.954ms
[4.865s][info][gc,cpu         ] GC(110) User=0.03s Sys=0.00s Real=0.02s
[4.876s][info][gc,start       ] GC(111) Pause Young (Allocation Failure)
[4.897s][info][gc,heap        ] GC(111) PSYoungGen: 40000K(40448K)->30848K(80384K) Eden: 10752K(10752K)->0K(12288K) From: 29248K(29696K)->30848K(68096K)
[4.897s][info][gc,heap        ] GC(111) ParOldGen: 760085K(837632K)->769429K(837632K)
[4.897s][info][gc,metaspace   ] GC(111) Metaspace: 6303K(6528K)->6303K(6528K) NonClass: 5769K(5888K)->5769K(5888K) Class: 533K(640K)->533K(640K)
[4.897s][info][gc             ] GC(111) Pause Young (Allocation Failure) 781M->781M(896M) 21.036ms
[4.897s][info][gc,cpu         ] GC(111) User=0.25s Sys=0.00s Real=0.02s
[4.909s][info][gc,start       ] GC(112) Pause Young (Allocation Failure)
[4.933s][info][gc,heap        ] GC(112) PSYoungGen: 43136K(80384K)->23136K(35840K) Eden: 12288K(12288K)->0K(12288K) From: 30848K(68096K)->23136K(23552K)
[4.933s][info][gc,heap        ] GC(112) ParOldGen: 769429K(837632K)->789637K(837632K)
[4.933s][info][gc,metaspace   ] GC(112) Metaspace: 6303K(6528K)->6303K(6528K) NonClass: 5769K(5888K)->5769K(5888K) Class: 533K(640K)->533K(640K)
[4.933s][info][gc             ] GC(112) Pause Young (Allocation Failure) 793M->793M(853M) 23.435ms
[4.933s][info][gc,cpu         ] GC(112) User=0.03s Sys=0.00s Real=0.02s
[4.946s][info][gc,start       ] GC(113) Pause Young (Allocation Failure)
[4.965s][info][gc,heap        ] GC(113) PSYoungGen: 35424K(35840K)->12416K(82944K) Eden: 12288K(12288K)->0K(13824K) From: 23136K(23552K)->12416K(69120K)
[4.965s][info][gc,heap        ] GC(113) ParOldGen: 789637K(837632K)->812949K(837632K)
[4.965s][info][gc,metaspace   ] GC(113) Metaspace: 6303K(6528K)->6303K(6528K) NonClass: 5769K(5888K)->5769K(5888K) Class: 533K(640K)->533K(640K)
[4.965s][info][gc             ] GC(113) Pause Young (Allocation Failure) 805M->806M(899M) 19.394ms
[4.965s][info][gc,cpu         ] GC(113) User=0.03s Sys=0.00s Real=0.02s
[4.965s][info][gc,start       ] GC(114) Pause Full (Ergonomics)
[4.965s][info][gc,phases,start] GC(114) Marking Phase
[5.144s][info][gc,phases      ] GC(114) Marking Phase 179.386ms
[5.145s][info][gc,phases,start] GC(114) Summary Phase
[5.145s][info][gc,phases      ] GC(114) Summary Phase 0.028ms
[5.145s][info][gc,phases,start] GC(114) Adjust Roots
[5.145s][info][gc,phases      ] GC(114) Adjust Roots 0.172ms
[5.145s][info][gc,phases,start] GC(114) Compaction Phase
[5.224s][info][gc,phases      ] GC(114) Compaction Phase 79.562ms
[5.224s][info][gc,phases,start] GC(114) Post Compact
[5.226s][info][gc,phases      ] GC(114) Post Compact 1.413ms
[5.226s][info][gc,heap        ] GC(114) PSYoungGen: 12416K(82944K)->0K(82944K) Eden: 0K(13824K)->0K(13824K) From: 12416K(69120K)->0K(69120K)
[5.226s][info][gc,heap        ] GC(114) ParOldGen: 812949K(837632K)->824122K(919040K)
[5.226s][info][gc,metaspace   ] GC(114) Metaspace: 6303K(6528K)->6303K(6528K) NonClass: 5769K(5888K)->5769K(5888K) Class: 533K(640K)->533K(640K)
[5.226s][info][gc             ] GC(114) Pause Full (Ergonomics) 806M->804M(978M) 261.156ms
[5.226s][info][gc,cpu         ] GC(114) User=1.77s Sys=0.00s Real=0.26s
[5.243s][info][gc,start       ] GC(115) Pause Young (Allocation Failure)
[5.256s][info][gc,heap        ] GC(115) PSYoungGen: 13824K(82944K)->13952K(81920K) Eden: 13824K(13824K)->0K(15360K) From: 0K(69120K)->13952K(66560K)
[5.256s][info][gc,heap        ] GC(115) ParOldGen: 824122K(919040K)->824122K(919040K)
[5.256s][info][gc,metaspace   ] GC(115) Metaspace: 6303K(6528K)->6303K(6528K) NonClass: 5769K(5888K)->5769K(5888K) Class: 533K(640K)->533K(640K)
[5.256s][info][gc             ] GC(115) Pause Young (Allocation Failure) 818M->818M(977M) 13.605ms
[5.256s][info][gc,cpu         ] GC(115) User=0.02s Sys=0.00s Real=0.01s
[5.274s][info][gc,start       ] GC(116) Pause Young (Allocation Failure)
[5.291s][info][gc,heap        ] GC(116) PSYoungGen: 29312K(81920K)->29312K(45056K) Eden: 15360K(15360K)->0K(15360K) From: 13952K(66560K)->29312K(29696K)
[5.291s][info][gc,heap        ] GC(116) ParOldGen: 824122K(919040K)->824122K(919040K)
[5.291s][info][gc,metaspace   ] GC(116) Metaspace: 6303K(6528K)->6303K(6528K) NonClass: 5769K(5888K)->5769K(5888K) Class: 533K(640K)->533K(640K)
[5.291s][info][gc             ] GC(116) Pause Young (Allocation Failure) 833M->833M(941M) 17.296ms
[5.291s][info][gc,cpu         ] GC(116) User=0.03s Sys=0.00s Real=0.02s
[5.307s][info][gc,start       ] GC(117) Pause Young (Allocation Failure)
[5.329s][info][gc,heap        ] GC(117) PSYoungGen: 44672K(45056K)->44640K(79360K) Eden: 15360K(15360K)->0K(14848K) From: 29312K(29696K)->44640K(64512K)
[5.329s][info][gc,heap        ] GC(117) ParOldGen: 824122K(919040K)->824122K(919040K)
[5.329s][info][gc,metaspace   ] GC(117) Metaspace: 6303K(6528K)->6303K(6528K) NonClass: 5769K(5888K)->5769K(5888K) Class: 533K(640K)->533K(640K)
[5.329s][info][gc             ] GC(117) Pause Young (Allocation Failure) 848M->848M(975M) 22.253ms
[5.329s][info][gc,cpu         ] GC(117) User=0.12s Sys=0.00s Real=0.02s
[5.345s][info][gc,start       ] GC(118) Pause Young (Allocation Failure)
[5.374s][info][gc,heap        ] GC(118) PSYoungGen: 59488K(79360K)->45728K(81408K) Eden: 14848K(14848K)->0K(14848K) From: 44640K(64512K)->45728K(66560K)
[5.374s][info][gc,heap        ] GC(118) ParOldGen: 824122K(919040K)->838130K(919040K)
[5.374s][info][gc,metaspace   ] GC(118) Metaspace: 6303K(6528K)->6303K(6528K) NonClass: 5769K(5888K)->5769K(5888K) Class: 533K(640K)->533K(640K)
[5.374s][info][gc             ] GC(118) Pause Young (Allocation Failure) 862M->863M(977M) 28.521ms
[5.374s][info][gc,cpu         ] GC(118) User=0.19s Sys=0.06s Real=0.03s
[5.389s][info][gc,start       ] GC(119) Pause Young (Allocation Failure)
[5.419s][info][gc,heap        ] GC(119) PSYoungGen: 60576K(81408K)->45216K(84480K) Eden: 14848K(14848K)->0K(15872K) From: 45728K(66560K)->45216K(68608K)
[5.419s][info][gc,heap        ] GC(119) ParOldGen: 838130K(919040K)->853698K(919040K)
[5.419s][info][gc,metaspace   ] GC(119) Metaspace: 6303K(6528K)->6303K(6528K) NonClass: 5769K(5888K)->5769K(5888K) Class: 533K(640K)->533K(640K)
[5.419s][info][gc             ] GC(119) Pause Young (Allocation Failure) 877M->877M(980M) 29.512ms
[5.419s][info][gc,cpu         ] GC(119) User=0.14s Sys=0.00s Real=0.03s
[5.436s][info][gc,start       ] GC(120) Pause Young (Allocation Failure)
[5.466s][info][gc,heap        ] GC(120) PSYoungGen: 61088K(84480K)->45696K(85504K) Eden: 15872K(15872K)->0K(15872K) From: 45216K(68608K)->45696K(69632K)
[5.466s][info][gc,heap        ] GC(120) ParOldGen: 853698K(919040K)->869274K(919040K)
[5.466s][info][gc,metaspace   ] GC(120) Metaspace: 6303K(6528K)->6303K(6528K) NonClass: 5769K(5888K)->5769K(5888K) Class: 533K(640K)->533K(640K)
[5.466s][info][gc             ] GC(120) Pause Young (Allocation Failure) 893M->893M(981M) 30.108ms
[5.466s][info][gc,cpu         ] GC(120) User=0.12s Sys=0.02s Real=0.03s
[5.485s][info][gc,start       ] GC(121) Pause Young (Allocation Failure)
[5.516s][info][gc,heap        ] GC(121) PSYoungGen: 61568K(85504K)->31872K(82944K) Eden: 15872K(15872K)->0K(18432K) From: 45696K(69632K)->31872K(64512K)
[5.516s][info][gc,heap        ] GC(121) ParOldGen: 869274K(919040K)->899330K(919040K)
[5.516s][info][gc,metaspace   ] GC(121) Metaspace: 6303K(6528K)->6303K(6528K) NonClass: 5769K(5888K)->5769K(5888K) Class: 533K(640K)->533K(640K)
[5.516s][info][gc             ] GC(121) Pause Young (Allocation Failure) 909M->909M(978M) 30.939ms
[5.516s][info][gc,cpu         ] GC(121) User=0.14s Sys=0.00s Real=0.03s
[5.516s][info][gc,start       ] GC(122) Pause Full (Ergonomics)
[5.516s][info][gc,phases,start] GC(122) Marking Phase
[5.722s][info][gc,phases      ] GC(122) Marking Phase 206.719ms
[5.723s][info][gc,phases,start] GC(122) Summary Phase
[5.723s][info][gc,phases      ] GC(122) Summary Phase 0.023ms
[5.723s][info][gc,phases,start] GC(122) Adjust Roots
[5.723s][info][gc,phases      ] GC(122) Adjust Roots 0.155ms
[5.723s][info][gc,phases,start] GC(122) Compaction Phase
[5.809s][info][gc,phases      ] GC(122) Compaction Phase 86.314ms
[5.809s][info][gc,phases,start] GC(122) Post Compact
[5.811s][info][gc,phases      ] GC(122) Post Compact 1.486ms
[5.811s][info][gc,heap        ] GC(122) PSYoungGen: 31872K(82944K)->11245K(85504K) Eden: 0K(18432K)->0K(20992K) From: 31872K(64512K)->11245K(64512K)
[5.811s][info][gc,heap        ] GC(122) ParOldGen: 899330K(919040K)->918635K(1023488K)
[5.811s][info][gc,metaspace   ] GC(122) Metaspace: 6303K(6528K)->6303K(6528K) NonClass: 5769K(5888K)->5769K(5888K) Class: 533K(640K)->533K(640K)
[5.811s][info][gc             ] GC(122) Pause Full (Ergonomics) 909M->908M(1083M) 295.363ms
[5.811s][info][gc,cpu         ] GC(122) User=2.06s Sys=0.02s Real=0.29s
[5.837s][info][gc,start       ] GC(123) Pause Young (Allocation Failure)
[5.890s][info][gc,heap        ] GC(123) PSYoungGen: 32237K(85504K)->21184K(88576K) Eden: 20992K(20992K)->0K(20992K) From: 11245K(64512K)->21184K(67584K)
[5.890s][info][gc,heap        ] GC(123) ParOldGen: 918635K(1023488K)->930059K(1023488K)
[5.890s][info][gc,metaspace   ] GC(123) Metaspace: 6303K(6528K)->6303K(6528K) NonClass: 5769K(5888K)->5769K(5888K) Class: 533K(640K)->533K(640K)
[5.890s][info][gc             ] GC(123) Pause Young (Allocation Failure) 928M->928M(1086M) 52.975ms
[5.890s][info][gc,cpu         ] GC(123) User=0.28s Sys=0.00s Real=0.05s
[5.913s][info][gc,start       ] GC(124) Pause Young (Allocation Failure)
[5.936s][info][gc,heap        ] GC(124) PSYoungGen: 42176K(88576K)->21152K(88064K) Eden: 20992K(20992K)->0K(23552K) From: 21184K(67584K)->21152K(64512K)
[5.936s][info][gc,heap        ] GC(124) ParOldGen: 930059K(1023488K)->951347K(1023488K)
[5.936s][info][gc,metaspace   ] GC(124) Metaspace: 6303K(6528K)->6303K(6528K) NonClass: 5769K(5888K)->5769K(5888K) Class: 533K(640K)->533K(640K)
[5.937s][info][gc             ] GC(124) Pause Young (Allocation Failure) 949M->949M(1085M) 23.942ms
[5.937s][info][gc,cpu         ] GC(124) User=0.09s Sys=0.03s Real=0.03s
[5.963s][info][gc,start       ] GC(125) Pause Young (Allocation Failure)
[5.989s][info][gc,heap        ] GC(125) PSYoungGen: 44704K(88064K)->23712K(89088K) Eden: 23552K(23552K)->0K(23552K) From: 21152K(64512K)->23712K(65536K)
[5.989s][info][gc,heap        ] GC(125) ParOldGen: 951347K(1023488K)->972627K(1023488K)
[5.989s][info][gc,metaspace   ] GC(125) Metaspace: 6303K(6528K)->6303K(6528K) NonClass: 5769K(5888K)->5769K(5888K) Class: 533K(640K)->533K(640K)
[5.989s][info][gc             ] GC(125) Pause Young (Allocation Failure) 972M->972M(1086M) 25.649ms
[5.989s][info][gc,cpu         ] GC(125) User=0.14s Sys=0.00s Real=0.03s
[6.018s][info][gc,start       ] GC(126) Pause Young (Allocation Failure)
[6.044s][info][gc,heap        ] GC(126) PSYoungGen: 47264K(89088K)->23680K(85504K) Eden: 23552K(23552K)->0K(26112K) From: 23712K(65536K)->23680K(59392K)
[6.044s][info][gc,heap        ] GC(126) ParOldGen: 972627K(1023488K)->996499K(1023488K)
[6.044s][info][gc,metaspace   ] GC(126) Metaspace: 6303K(6528K)->6303K(6528K) NonClass: 5769K(5888K)->5769K(5888K) Class: 533K(640K)->533K(640K)
[6.044s][info][gc             ] GC(126) Pause Young (Allocation Failure) 995M->996M(1083M) 26.211ms
[6.044s][info][gc,cpu         ] GC(126) User=0.09s Sys=0.03s Real=0.03s
[6.045s][info][gc,start       ] GC(127) Pause Full (Ergonomics)
[6.045s][info][gc,phases,start] GC(127) Marking Phase
[6.270s][info][gc,phases      ] GC(127) Marking Phase 225.466ms
[6.270s][info][gc,phases,start] GC(127) Summary Phase
[6.270s][info][gc,phases      ] GC(127) Summary Phase 0.032ms
[6.270s][info][gc,phases,start] GC(127) Adjust Roots
[6.270s][info][gc,phases      ] GC(127) Adjust Roots 0.159ms
[6.270s][info][gc,phases,start] GC(127) Compaction Phase
[6.357s][info][gc,phases      ] GC(127) Compaction Phase 86.192ms
[6.357s][info][gc,phases,start] GC(127) Post Compact
[6.358s][info][gc,phases      ] GC(127) Post Compact 1.643ms
[6.359s][info][gc,heap        ] GC(127) PSYoungGen: 23680K(85504K)->0K(87552K) Eden: 0K(26112K)->0K(26112K) From: 23680K(59392K)->0K(61440K)
[6.359s][info][gc,heap        ] GC(127) ParOldGen: 996499K(1023488K)->1018848K(1132544K)
[6.359s][info][gc,metaspace   ] GC(127) Metaspace: 6303K(6528K)->6303K(6528K) NonClass: 5769K(5888K)->5769K(5888K) Class: 533K(640K)->533K(640K)
[6.359s][info][gc             ] GC(127) Pause Full (Ergonomics) 996M->994M(1191M) 314.168ms
[6.359s][info][gc,cpu         ] GC(127) User=2.33s Sys=0.00s Real=0.31s
[6.391s][info][gc,start       ] GC(128) Pause Young (Allocation Failure)
[6.408s][info][gc,heap        ] GC(128) PSYoungGen: 26112K(87552K)->26272K(84480K) Eden: 26112K(26112K)->0K(28672K) From: 0K(61440K)->26272K(55808K)
[6.408s][info][gc,heap        ] GC(128) ParOldGen: 1018848K(1132544K)->1018848K(1132544K)
[6.408s][info][gc,metaspace   ] GC(128) Metaspace: 6303K(6528K)->6303K(6528K) NonClass: 5769K(5888K)->5769K(5888K) Class: 533K(640K)->533K(640K)
[6.408s][info][gc             ] GC(128) Pause Young (Allocation Failure) 1020M->1020M(1188M) 17.233ms
[6.408s][info][gc,cpu         ] GC(128) User=0.03s Sys=0.02s Real=0.02s
[6.441s][info][gc,start       ] GC(129) Pause Young (Allocation Failure)
[6.469s][info][gc,heap        ] GC(129) PSYoungGen: 54944K(84480K)->54976K(87552K) Eden: 28672K(28672K)->0K(28672K) From: 26272K(55808K)->54976K(58880K)
[6.470s][info][gc,heap        ] GC(129) ParOldGen: 1018848K(1132544K)->1018848K(1132544K)
[6.470s][info][gc,metaspace   ] GC(129) Metaspace: 6303K(6528K)->6303K(6528K) NonClass: 5769K(5888K)->5769K(5888K) Class: 533K(640K)->533K(640K)
[6.470s][info][gc             ] GC(129) Pause Young (Allocation Failure) 1048M->1048M(1191M) 28.989ms
[6.470s][info][gc,cpu         ] GC(129) User=0.12s Sys=0.00s Real=0.03s
[6.503s][info][gc,start       ] GC(130) Pause Young (Allocation Failure)
[6.545s][info][gc,heap        ] GC(130) PSYoungGen: 83648K(87552K)->65536K(81408K) Eden: 28672K(28672K)->0K(15872K) From: 54976K(58880K)->65536K(65536K)
[6.545s][info][gc,heap        ] GC(130) ParOldGen: 1018848K(1132544K)->1037080K(1132544K)
[6.545s][info][gc,metaspace   ] GC(130) Metaspace: 6303K(6528K)->6303K(6528K) NonClass: 5769K(5888K)->5769K(5888K) Class: 533K(640K)->533K(640K)
[6.545s][info][gc             ] GC(130) Pause Young (Allocation Failure) 1076M->1076M(1185M) 41.867ms
[6.545s][info][gc,cpu         ] GC(130) User=0.22s Sys=0.03s Real=0.04s
[6.563s][info][gc,start       ] GC(131) Pause Young (Allocation Failure)
[6.603s][info][gc,heap        ] GC(131) PSYoungGen: 81408K(81408K)->38240K(54272K) Eden: 15872K(15872K)->0K(15872K) From: 65536K(65536K)->38240K(38400K)
[6.603s][info][gc,heap        ] GC(131) ParOldGen: 1037080K(1132544K)->1080888K(1132544K)
[6.603s][info][gc,metaspace   ] GC(131) Metaspace: 6303K(6528K)->6303K(6528K) NonClass: 5769K(5888K)->5769K(5888K) Class: 533K(640K)->533K(640K)
[6.603s][info][gc             ] GC(131) Pause Young (Allocation Failure) 1092M->1092M(1159M) 40.841ms
[6.603s][info][gc,cpu         ] GC(131) User=0.25s Sys=0.00s Real=0.04s
[6.622s][info][gc,start       ] GC(132) Pause Young (Allocation Failure)
[6.651s][info][gc,heap        ] GC(132) PSYoungGen: 54112K(54272K)->31808K(89600K) Eden: 15872K(15872K)->0K(17920K) From: 38240K(38400K)->31808K(71680K)
[6.651s][info][gc,heap        ] GC(132) ParOldGen: 1080888K(1132544K)->1103480K(1132544K)
[6.651s][info][gc,metaspace   ] GC(132) Metaspace: 6303K(6528K)->6303K(6528K) NonClass: 5769K(5888K)->5769K(5888K) Class: 533K(640K)->533K(640K)
[6.651s][info][gc             ] GC(132) Pause Young (Allocation Failure) 1108M->1108M(1193M) 28.526ms
[6.651s][info][gc,cpu         ] GC(132) User=0.14s Sys=0.00s Real=0.03s
[6.651s][info][gc,start       ] GC(133) Pause Full (Ergonomics)
[6.651s][info][gc,phases,start] GC(133) Marking Phase
[6.903s][info][gc,phases      ] GC(133) Marking Phase 252.662ms
[6.903s][info][gc,phases,start] GC(133) Summary Phase
[6.903s][info][gc,phases      ] GC(133) Summary Phase 0.028ms
[6.903s][info][gc,phases,start] GC(133) Adjust Roots
[6.904s][info][gc,phases      ] GC(133) Adjust Roots 0.178ms
[6.904s][info][gc,phases,start] GC(133) Compaction Phase
[6.998s][info][gc,phases      ] GC(133) Compaction Phase 94.385ms
[6.998s][info][gc,phases,start] GC(133) Post Compact
[7.000s][info][gc,phases      ] GC(133) Post Compact 1.824ms
[7.000s][info][gc,heap        ] GC(133) PSYoungGen: 31808K(89600K)->1536K(91648K) Eden: 0K(17920K)->0K(19968K) From: 31808K(71680K)->1536K(71680K)
[7.001s][info][gc,heap        ] GC(133) ParOldGen: 1103480K(1132544K)->1132355K(1260544K)
[7.001s][info][gc,metaspace   ] GC(133) Metaspace: 6303K(6528K)->6303K(6528K) NonClass: 5769K(5888K)->5769K(5888K) Class: 533K(640K)->533K(640K)
[7.001s][info][gc             ] GC(133) Pause Full (Ergonomics) 1108M->1107M(1320M) 349.840ms
[7.001s][info][gc,cpu         ] GC(133) User=2.50s Sys=0.03s Real=0.35s
[7.023s][info][gc,start       ] GC(134) Pause Young (Allocation Failure)
[7.081s][info][gc,heap        ] GC(134) PSYoungGen: 21504K(91648K)->21408K(94208K) Eden: 19968K(19968K)->0K(19968K) From: 1536K(71680K)->21408K(74240K)
[7.082s][info][gc,heap        ] GC(134) ParOldGen: 1132355K(1260544K)->1132683K(1260544K)
[7.082s][info][gc,metaspace   ] GC(134) Metaspace: 6303K(6528K)->6303K(6528K) NonClass: 5769K(5888K)->5769K(5888K) Class: 533K(640K)->533K(640K)
[7.082s][info][gc             ] GC(134) Pause Young (Allocation Failure) 1126M->1127M(1323M) 58.767ms
[7.082s][info][gc,cpu         ] GC(134) User=0.38s Sys=0.00s Real=0.06s
[7.105s][info][gc,start       ] GC(135) Pause Young (Allocation Failure)
[7.129s][info][gc,heap        ] GC(135) PSYoungGen: 41376K(94208K)->41376K(92160K) Eden: 19968K(19968K)->0K(22016K) From: 21408K(74240K)->41376K(70144K)
[7.129s][info][gc,heap        ] GC(135) ParOldGen: 1132683K(1260544K)->1132683K(1260544K)
[7.129s][info][gc,metaspace   ] GC(135) Metaspace: 6303K(6528K)->6303K(6528K) NonClass: 5769K(5888K)->5769K(5888K) Class: 533K(640K)->533K(640K)
[7.129s][info][gc             ] GC(135) Pause Young (Allocation Failure) 1146M->1146M(1321M) 24.206ms
[7.129s][info][gc,cpu         ] GC(135) User=0.12s Sys=0.00s Real=0.03s
[7.154s][info][gc,start       ] GC(136) Pause Young (Allocation Failure)
[7.187s][info][gc,heap        ] GC(136) PSYoungGen: 63392K(92160K)->63392K(93696K) Eden: 22016K(22016K)->0K(22016K) From: 41376K(70144K)->63392K(71680K)
[7.187s][info][gc,heap        ] GC(136) ParOldGen: 1132683K(1260544K)->1132683K(1260544K)
[7.187s][info][gc,metaspace   ] GC(136) Metaspace: 6303K(6528K)->6303K(6528K) NonClass: 5769K(5888K)->5769K(5888K) Class: 533K(640K)->533K(640K)
[7.187s][info][gc             ] GC(136) Pause Young (Allocation Failure) 1168M->1168M(1322M) 32.882ms
[7.187s][info][gc,cpu         ] GC(136) User=0.16s Sys=0.00s Real=0.03s
[7.214s][info][gc,start       ] GC(137) Pause Young (Allocation Failure)
[7.257s][info][gc,heap        ] GC(137) PSYoungGen: 85408K(93696K)->78336K(89600K) Eden: 22016K(22016K)->0K(11264K) From: 63392K(71680K)->78336K(78336K)
[7.257s][info][gc,heap        ] GC(137) ParOldGen: 1132683K(1260544K)->1139755K(1260544K)
[7.257s][info][gc,metaspace   ] GC(137) Metaspace: 6303K(6528K)->6303K(6528K) NonClass: 5769K(5888K)->5769K(5888K) Class: 533K(640K)->533K(640K)
[7.257s][info][gc             ] GC(137) Pause Young (Allocation Failure) 1189M->1189M(1318M) 43.750ms
[7.257s][info][gc,cpu         ] GC(137) User=0.25s Sys=0.02s Real=0.04s
[7.271s][info][gc,start       ] GC(138) Pause Young (Allocation Failure)
[7.316s][info][gc,heap        ] GC(138) PSYoungGen: 89600K(89600K)->70592K(102912K) Eden: 11264K(11264K)->0K(11264K) From: 78336K(78336K)->70592K(91648K)
[7.316s][info][gc,heap        ] GC(138) ParOldGen: 1139755K(1260544K)->1159147K(1260544K)
[7.316s][info][gc,metaspace   ] GC(138) Metaspace: 6303K(6528K)->6303K(6528K) NonClass: 5769K(5888K)->5769K(5888K) Class: 533K(640K)->533K(640K)
[7.316s][info][gc             ] GC(138) Pause Young (Allocation Failure) 1200M->1200M(1331M) 45.382ms
[7.316s][info][gc,cpu         ] GC(138) User=0.27s Sys=0.00s Real=0.05s
[7.330s][info][gc,start       ] GC(139) Pause Young (Allocation Failure)
[7.370s][info][gc,heap        ] GC(139) PSYoungGen: 81856K(102912K)->63392K(108544K) Eden: 11264K(11264K)->0K(11776K) From: 70592K(91648K)->63392K(96768K)
[7.370s][info][gc,heap        ] GC(139) ParOldGen: 1159147K(1260544K)->1177819K(1260544K)
[7.370s][info][gc,metaspace   ] GC(139) Metaspace: 6303K(6528K)->6303K(6528K) NonClass: 5769K(5888K)->5769K(5888K) Class: 533K(640K)->533K(640K)
[7.370s][info][gc             ] GC(139) Pause Young (Allocation Failure) 1211M->1212M(1337M) 39.987ms
[7.370s][info][gc,cpu         ] GC(139) User=0.31s Sys=0.06s Real=0.04s
[7.383s][info][gc,start       ] GC(140) Pause Young (Allocation Failure)
[7.422s][info][gc,heap        ] GC(140) PSYoungGen: 75168K(108544K)->34432K(46592K) Eden: 11776K(11776K)->0K(11776K) From: 63392K(96768K)->34432K(34816K)
[7.422s][info][gc,heap        ] GC(140) ParOldGen: 1177819K(1260544K)->1219131K(1260544K)
[7.422s][info][gc,metaspace   ] GC(140) Metaspace: 6303K(6528K)->6303K(6528K) NonClass: 5769K(5888K)->5769K(5888K) Class: 533K(640K)->533K(640K)
[7.423s][info][gc             ] GC(140) Pause Young (Allocation Failure) 1223M->1224M(1276M) 39.009ms
[7.423s][info][gc,cpu         ] GC(140) User=0.23s Sys=0.00s Real=0.04s
[7.423s][info][gc,start       ] GC(141) Pause Full (Ergonomics)
[7.423s][info][gc,phases,start] GC(141) Marking Phase
[7.692s][info][gc,phases      ] GC(141) Marking Phase 269.203ms
[7.692s][info][gc,phases,start] GC(141) Summary Phase
[7.692s][info][gc,phases      ] GC(141) Summary Phase 0.054ms
[7.692s][info][gc,phases,start] GC(141) Adjust Roots
[7.692s][info][gc,phases      ] GC(141) Adjust Roots 0.261ms
[7.692s][info][gc,phases,start] GC(141) Compaction Phase
[7.798s][info][gc,phases      ] GC(141) Compaction Phase 105.877ms
[7.798s][info][gc,phases,start] GC(141) Post Compact
[7.800s][info][gc,phases      ] GC(141) Post Compact 2.089ms
[7.801s][info][gc,heap        ] GC(141) PSYoungGen: 34432K(46592K)->0K(109056K) Eden: 0K(11776K)->0K(13824K) From: 34432K(34816K)->0K(95232K)
[7.801s][info][gc,heap        ] GC(141) ParOldGen: 1219131K(1260544K)->1251947K(1391616K)
[7.801s][info][gc,metaspace   ] GC(141) Metaspace: 6303K(6528K)->6303K(6528K) NonClass: 5769K(5888K)->5769K(5888K) Class: 533K(640K)->533K(640K)
[7.801s][info][gc             ] GC(141) Pause Full (Ergonomics) 1224M->1222M(1465M) 378.343ms
[7.801s][info][gc,cpu         ] GC(141) User=2.75s Sys=0.03s Real=0.38s
[7.819s][info][gc,start       ] GC(142) Pause Young (Allocation Failure)
[7.832s][info][gc,heap        ] GC(142) PSYoungGen: 13824K(109056K)->13920K(109056K) Eden: 13824K(13824K)->0K(13824K) From: 0K(95232K)->13920K(95232K)
[7.832s][info][gc,heap        ] GC(142) ParOldGen: 1251947K(1391616K)->1251947K(1391616K)
[7.832s][info][gc,metaspace   ] GC(142) Metaspace: 6303K(6528K)->6303K(6528K) NonClass: 5769K(5888K)->5769K(5888K) Class: 533K(640K)->533K(640K)
[7.832s][info][gc             ] GC(142) Pause Young (Allocation Failure) 1236M->1236M(1465M) 12.991ms
[7.832s][info][gc,cpu         ] GC(142) User=0.02s Sys=0.00s Real=0.01s
[7.849s][info][gc,start       ] GC(143) Pause Young (Allocation Failure)
[7.867s][info][gc,heap        ] GC(143) PSYoungGen: 27744K(109056K)->27776K(106496K) Eden: 13824K(13824K)->0K(15360K) From: 13920K(95232K)->27776K(91136K)
[7.867s][info][gc,heap        ] GC(143) ParOldGen: 1251947K(1391616K)->1251947K(1391616K)
[7.867s][info][gc,metaspace   ] GC(143) Metaspace: 6303K(6528K)->6303K(6528K) NonClass: 5769K(5888K)->5769K(5888K) Class: 533K(640K)->533K(640K)
[7.867s][info][gc             ] GC(143) Pause Young (Allocation Failure) 1249M->1249M(1463M) 17.524ms
[7.867s][info][gc,cpu         ] GC(143) User=0.03s Sys=0.00s Real=0.02s
[7.885s][info][gc,start       ] GC(144) Pause Young (Allocation Failure)
[7.910s][info][gc,heap        ] GC(144) PSYoungGen: 43136K(106496K)->29344K(45056K) Eden: 15360K(15360K)->0K(15360K) From: 27776K(91136K)->29344K(29696K)
[7.910s][info][gc,heap        ] GC(144) ParOldGen: 1251947K(1391616K)->1265963K(1391616K)
[7.910s][info][gc,metaspace   ] GC(144) Metaspace: 6303K(6528K)->6303K(6528K) NonClass: 5769K(5888K)->5769K(5888K) Class: 533K(640K)->533K(640K)
[7.910s][info][gc             ] GC(144) Pause Young (Allocation Failure) 1264M->1264M(1403M) 24.899ms
[7.910s][info][gc,cpu         ] GC(144) User=0.12s Sys=0.00s Real=0.02s
[7.927s][info][gc,start       ] GC(145) Pause Young (Allocation Failure)
[7.951s][info][gc,heap        ] GC(145) PSYoungGen: 44704K(45056K)->26464K(102912K) Eden: 15360K(15360K)->0K(17408K) From: 29344K(29696K)->26464K(85504K)
[7.951s][info][gc,heap        ] GC(145) ParOldGen: 1265963K(1391616K)->1279987K(1391616K)
[7.951s][info][gc,metaspace   ] GC(145) Metaspace: 6303K(6528K)->6303K(6528K) NonClass: 5769K(5888K)->5769K(5888K) Class: 533K(640K)->533K(640K)
[7.951s][info][gc             ] GC(145) Pause Young (Allocation Failure) 1279M->1275M(1459M) 23.750ms
[7.951s][info][gc,cpu         ] GC(145) User=0.12s Sys=0.00s Real=0.02s
[7.964s][info][gc,start       ] GC(146) Pause Young (Allocation Failure)
[7.985s][info][gc,heap        ] GC(146) PSYoungGen: 43872K(102912K)->20128K(105472K) Eden: 17408K(17408K)->0K(17408K) From: 26464K(85504K)->20128K(88064K)
[7.985s][info][gc,heap        ] GC(146) ParOldGen: 1279987K(1391616K)->1295555K(1391616K)
[7.985s][info][gc,metaspace   ] GC(146) Metaspace: 6303K(6528K)->6303K(6528K) NonClass: 5769K(5888K)->5769K(5888K) Class: 533K(640K)->533K(640K)
[7.985s][info][gc             ] GC(146) Pause Young (Allocation Failure) 1292M->1284M(1462M) 21.067ms
[7.985s][info][gc,cpu         ] GC(146) User=0.12s Sys=0.00s Real=0.02s
[8.003s][info][gc,start       ] GC(147) Pause Young (Allocation Failure)
[8.022s][info][gc,heap        ] GC(147) PSYoungGen: 37536K(105472K)->20992K(101376K) Eden: 17408K(17408K)->0K(19456K) From: 20128K(88064K)->20992K(81920K)
[8.022s][info][gc,heap        ] GC(147) ParOldGen: 1295555K(1391616K)->1306715K(1391616K)
[8.022s][info][gc,metaspace   ] GC(147) Metaspace: 6303K(6528K)->6303K(6528K) NonClass: 5769K(5888K)->5769K(5888K) Class: 533K(640K)->533K(640K)
[8.022s][info][gc             ] GC(147) Pause Young (Allocation Failure) 1301M->1296M(1458M) 19.556ms
[8.022s][info][gc,cpu         ] GC(147) User=0.12s Sys=0.00s Real=0.02s
[8.049s][info][gc,start       ] GC(148) Pause Young (Allocation Failure)
[8.073s][info][gc,heap        ] GC(148) PSYoungGen: 40448K(101376K)->31424K(51200K) Eden: 19456K(19456K)->0K(19456K) From: 20992K(81920K)->31424K(31744K)
[8.073s][info][gc,heap        ] GC(148) ParOldGen: 1306715K(1391616K)->1315891K(1391616K)
[8.073s][info][gc,metaspace   ] GC(148) Metaspace: 6303K(6528K)->6303K(6528K) NonClass: 5769K(5888K)->5769K(5888K) Class: 533K(640K)->533K(640K)
[8.073s][info][gc             ] GC(148) Pause Young (Allocation Failure) 1315M->1315M(1409M) 24.368ms
[8.073s][info][gc,cpu         ] GC(148) User=0.12s Sys=0.00s Real=0.02s
[8.096s][info][gc,start       ] GC(149) Pause Young (Allocation Failure)
[8.125s][info][gc,heap        ] GC(149) PSYoungGen: 50880K(51200K)->39040K(95744K) Eden: 19456K(19456K)->0K(22016K) From: 31424K(31744K)->39040K(73728K)
[8.125s][info][gc,heap        ] GC(149) ParOldGen: 1315891K(1391616K)->1327891K(1391616K)
[8.125s][info][gc,metaspace   ] GC(149) Metaspace: 6303K(6528K)->6303K(6528K) NonClass: 5769K(5888K)->5769K(5888K) Class: 533K(640K)->533K(640K)
[8.125s][info][gc             ] GC(149) Pause Young (Allocation Failure) 1334M->1334M(1452M) 28.607ms
[8.125s][info][gc,cpu         ] GC(149) User=0.12s Sys=0.00s Real=0.03s
[8.153s][info][gc,start       ] GC(150) Pause Young (Allocation Failure)
[8.186s][info][gc,heap        ] GC(150) PSYoungGen: 61056K(95744K)->41600K(98816K) Eden: 22016K(22016K)->0K(22016K) From: 39040K(73728K)->41600K(76800K)
[8.186s][info][gc,heap        ] GC(150) ParOldGen: 1327891K(1391616K)->1347627K(1391616K)
[8.186s][info][gc,metaspace   ] GC(150) Metaspace: 6303K(6528K)->6303K(6528K) NonClass: 5769K(5888K)->5769K(5888K) Class: 533K(640K)->533K(640K)
[8.186s][info][gc             ] GC(150) Pause Young (Allocation Failure) 1356M->1356M(1455M) 33.177ms
[8.186s][info][gc,cpu         ] GC(150) User=0.16s Sys=0.00s Real=0.03s
[8.216s][info][gc,start       ] GC(151) Pause Young (Allocation Failure)
[8.251s][info][gc,heap        ] GC(151) PSYoungGen: 63616K(98816K)->44128K(97792K) Eden: 22016K(22016K)->0K(24576K) From: 41600K(76800K)->44128K(73216K)
[8.251s][info][gc,heap        ] GC(151) ParOldGen: 1347627K(1391616K)->1367363K(1391616K)
[8.251s][info][gc,metaspace   ] GC(151) Metaspace: 6303K(6528K)->6303K(6528K) NonClass: 5769K(5888K)->5769K(5888K) Class: 533K(640K)->533K(640K)
[8.251s][info][gc             ] GC(151) Pause Young (Allocation Failure) 1378M->1378M(1454M) 35.055ms
[8.251s][info][gc,cpu         ] GC(151) User=0.16s Sys=0.00s Real=0.04s
[8.251s][info][gc,start       ] GC(152) Pause Full (Ergonomics)
[8.251s][info][gc,phases,start] GC(152) Marking Phase
[8.576s][info][gc,phases      ] GC(152) Marking Phase 325.065ms
[8.576s][info][gc,phases,start] GC(152) Summary Phase
[8.576s][info][gc,phases      ] GC(152) Summary Phase 0.027ms
[8.576s][info][gc,phases,start] GC(152) Adjust Roots
[8.576s][info][gc,phases      ] GC(152) Adjust Roots 0.240ms
[8.576s][info][gc,phases,start] GC(152) Compaction Phase
[8.960s][info][gc,phases      ] GC(152) Compaction Phase 383.670ms
[8.960s][info][gc,phases,start] GC(152) Post Compact
[8.963s][info][gc,phases      ] GC(152) Post Compact 2.752ms
[8.963s][info][gc,heap        ] GC(152) PSYoungGen: 44128K(97792K)->17907K(98816K) Eden: 0K(24576K)->0K(25600K) From: 44128K(73216K)->17907K(73216K)
[8.963s][info][gc,heap        ] GC(152) ParOldGen: 1367363K(1391616K)->1391550K(1527808K)
[8.963s][info][gc,metaspace   ] GC(152) Metaspace: 6303K(6528K)->6303K(6528K) NonClass: 5769K(5888K)->5769K(5888K) Class: 533K(640K)->533K(640K)
[8.963s][info][gc             ] GC(152) Pause Full (Ergonomics) 1378M->1376M(1588M) 712.583ms
[8.964s][info][gc,cpu         ] GC(152) User=5.30s Sys=0.05s Real=0.71s
[9.229s][info][gc,start       ] GC(153) Pause Young (Allocation Failure)
[9.306s][info][gc,heap        ] GC(153) PSYoungGen: 43507K(98816K)->34432K(60416K) Eden: 25600K(25600K)->0K(25600K) From: 17907K(73216K)->34432K(34816K)
[9.306s][info][gc,heap        ] GC(153) ParOldGen: 1457086K(1527808K)->1466518K(1527808K)
[9.306s][info][gc,metaspace   ] GC(153) Metaspace: 6303K(6528K)->6303K(6528K) NonClass: 5769K(5888K)->5769K(5888K) Class: 533K(640K)->533K(640K)
[9.306s][info][gc             ] GC(153) Pause Young (Allocation Failure) 1465M->1465M(1551M) 77.388ms
[9.306s][info][gc,cpu         ] GC(153) User=0.42s Sys=0.00s Real=0.08s
[9.330s][info][gc,start       ] GC(154) Pause Young (Allocation Failure)
[9.364s][info][gc,heap        ] GC(154) PSYoungGen: 60032K(60416K)->60064K(93184K) Eden: 25600K(25600K)->0K(22528K) From: 34432K(34816K)->60064K(70656K)
[9.364s][info][gc,heap        ] GC(154) ParOldGen: 1466518K(1527808K)->1466518K(1527808K)
[9.364s][info][gc,metaspace   ] GC(154) Metaspace: 6303K(6528K)->6303K(6528K) NonClass: 5769K(5888K)->5769K(5888K) Class: 533K(640K)->533K(640K)
[9.364s][info][gc             ] GC(154) Pause Young (Allocation Failure) 1490M->1490M(1583M) 33.764ms
[9.364s][info][gc,cpu         ] GC(154) User=0.12s Sys=0.00s Real=0.03s
[9.385s][info][gc,start       ] GC(155) Pause Young (Allocation Failure)
[9.425s][info][gc,heap        ] GC(155) PSYoungGen: 82592K(93184K)->76288K(98816K) Eden: 22528K(22528K)->0K(22528K) From: 60064K(70656K)->76288K(76288K)
[9.426s][info][gc,heap        ] GC(155) ParOldGen: 1466518K(1527808K)->1472782K(1527808K)
[9.426s][info][gc,metaspace   ] GC(155) Metaspace: 6303K(6528K)->6303K(6528K) NonClass: 5769K(5888K)->5769K(5888K) Class: 533K(640K)->533K(640K)
[9.426s][info][gc             ] GC(155) Pause Young (Allocation Failure) 1512M->1512M(1588M) 40.804ms
[9.426s][info][gc,cpu         ] GC(155) User=0.27s Sys=0.00s Real=0.04s
[9.449s][info][gc,start       ] GC(156) Pause Young (Allocation Failure)
[9.498s][info][gc,heap        ] GC(156) PSYoungGen: 98816K(98816K)->70720K(108032K) Eden: 22528K(22528K)->0K(19456K) From: 76288K(76288K)->70720K(88576K)
[9.498s][info][gc,heap        ] GC(156) ParOldGen: 1472782K(1527808K)->1501406K(1527808K)
[9.498s][info][gc,metaspace   ] GC(156) Metaspace: 6303K(6528K)->6303K(6528K) NonClass: 5769K(5888K)->5769K(5888K) Class: 533K(640K)->533K(640K)
[9.498s][info][gc             ] GC(156) Pause Young (Allocation Failure) 1534M->1535M(1597M) 49.297ms
[9.498s][info][gc,cpu         ] GC(156) User=0.33s Sys=0.05s Real=0.05s
[9.498s][info][gc,start       ] GC(157) Pause Full (Ergonomics)
[9.498s][info][gc,phases,start] GC(157) Marking Phase
[9.839s][info][gc,phases      ] GC(157) Marking Phase 341.002ms
[9.839s][info][gc,phases,start] GC(157) Summary Phase
[9.839s][info][gc,phases      ] GC(157) Summary Phase 0.037ms
[9.839s][info][gc,phases,start] GC(157) Adjust Roots
[9.839s][info][gc,phases      ] GC(157) Adjust Roots 0.159ms
[9.839s][info][gc,phases,start] GC(157) Compaction Phase
[10.090s][info][gc,phases      ] GC(157) Compaction Phase 250.121ms
[10.090s][info][gc,phases,start] GC(157) Post Compact
[10.093s][info][gc,phases      ] GC(157) Post Compact 3.367ms
[10.094s][info][gc,heap        ] GC(157) PSYoungGen: 70720K(108032K)->10595K(108032K) Eden: 0K(19456K)->0K(19456K) From: 70720K(88576K)->10595K(88576K)
[10.094s][info][gc,heap        ] GC(157) ParOldGen: 1501406K(1527808K)->1527757K(1676288K)
[10.094s][info][gc,metaspace   ] GC(157) Metaspace: 6303K(6528K)->6303K(6528K) NonClass: 5769K(5888K)->5769K(5888K) Class: 533K(640K)->533K(640K)
[10.094s][info][gc             ] GC(157) Pause Full (Ergonomics) 1535M->1502M(1742M) 595.581ms
[10.094s][info][gc,cpu         ] GC(157) User=4.14s Sys=0.03s Real=0.60s
[10.114s][info][gc,start       ] GC(158) Pause Young (Allocation Failure)
[10.194s][info][gc,heap        ] GC(158) PSYoungGen: 30051K(108032K)->27232K(113664K) Eden: 19456K(19456K)->0K(19456K) From: 10595K(88576K)->27232K(94208K)
[10.194s][info][gc,heap        ] GC(158) ParOldGen: 1527757K(1676288K)->1530853K(1676288K)
[10.194s][info][gc,metaspace   ] GC(158) Metaspace: 6303K(6528K)->6303K(6528K) NonClass: 5769K(5888K)->5769K(5888K) Class: 533K(640K)->533K(640K)
[10.194s][info][gc             ] GC(158) Pause Young (Allocation Failure) 1521M->1521M(1748M) 79.846ms
[10.194s][info][gc,cpu         ] GC(158) User=0.42s Sys=0.00s Real=0.08s
[10.215s][info][gc,start       ] GC(159) Pause Young (Allocation Failure)
[10.248s][info][gc,heap        ] GC(159) PSYoungGen: 46688K(113664K)->46720K(105984K) Eden: 19456K(19456K)->0K(21504K) From: 27232K(94208K)->46720K(84480K)
[10.248s][info][gc,heap        ] GC(159) ParOldGen: 1530853K(1676288K)->1530853K(1676288K)
[10.248s][info][gc,metaspace   ] GC(159) Metaspace: 6303K(6528K)->6303K(6528K) NonClass: 5769K(5888K)->5769K(5888K) Class: 533K(640K)->533K(640K)
[10.248s][info][gc             ] GC(159) Pause Young (Allocation Failure) 1540M->1540M(1740M) 32.719ms
[10.248s][info][gc,cpu         ] GC(159) User=0.14s Sys=0.00s Real=0.03s
[10.272s][info][gc,start       ] GC(160) Pause Young (Allocation Failure)
[10.310s][info][gc,heap        ] GC(160) PSYoungGen: 68224K(105984K)->68160K(110080K) Eden: 21504K(21504K)->0K(21504K) From: 46720K(84480K)->68160K(88576K)
[10.310s][info][gc,heap        ] GC(160) ParOldGen: 1530853K(1676288K)->1530853K(1676288K)
[10.310s][info][gc,metaspace   ] GC(160) Metaspace: 6303K(6528K)->6303K(6528K) NonClass: 5769K(5888K)->5769K(5888K) Class: 533K(640K)->533K(640K)
[10.310s][info][gc             ] GC(160) Pause Young (Allocation Failure) 1561M->1561M(1744M) 37.827ms
[10.310s][info][gc,cpu         ] GC(160) User=0.09s Sys=0.00s Real=0.04s
[10.331s][info][gc,start       ] GC(161) Pause Young (Allocation Failure)
[10.375s][info][gc,heap        ] GC(161) PSYoungGen: 89664K(110080K)->86944K(107008K) Eden: 21504K(21504K)->0K(13824K) From: 68160K(88576K)->86944K(93184K)
[10.375s][info][gc,heap        ] GC(161) ParOldGen: 1530853K(1676288K)->1533701K(1676288K)
[10.375s][info][gc,metaspace   ] GC(161) Metaspace: 6303K(6528K)->6303K(6528K) NonClass: 5769K(5888K)->5769K(5888K) Class: 533K(640K)->533K(640K)
[10.375s][info][gc             ] GC(161) Pause Young (Allocation Failure) 1582M->1582M(1741M) 43.995ms
[10.375s][info][gc,cpu         ] GC(161) User=0.22s Sys=0.03s Real=0.04s
[10.389s][info][gc,start       ] GC(162) Pause Young (Allocation Failure)
[10.436s][info][gc,heap        ] GC(162) PSYoungGen: 100768K(107008K)->95936K(117248K) Eden: 13824K(13824K)->0K(13824K) From: 86944K(93184K)->95936K(103424K)
[10.436s][info][gc,heap        ] GC(162) ParOldGen: 1533701K(1676288K)->1538581K(1676288K)
[10.436s][info][gc,metaspace   ] GC(162) Metaspace: 6303K(6528K)->6303K(6528K) NonClass: 5769K(5888K)->5769K(5888K) Class: 533K(640K)->533K(640K)
[10.436s][info][gc             ] GC(162) Pause Young (Allocation Failure) 1596M->1596M(1751M) 47.001ms
[10.436s][info][gc,cpu         ] GC(162) User=0.27s Sys=0.00s Real=0.05s
[10.449s][info][gc,start       ] GC(163) Pause Young (Allocation Failure)
[10.502s][info][gc,heap        ] GC(163) PSYoungGen: 109760K(117248K)->70848K(130560K) Eden: 13824K(13824K)->0K(15872K) From: 95936K(103424K)->70848K(114688K)
[10.502s][info][gc,heap        ] GC(163) ParOldGen: 1538581K(1676288K)->1577981K(1676288K)
[10.502s][info][gc,metaspace   ] GC(163) Metaspace: 6303K(6528K)->6303K(6528K) NonClass: 5769K(5888K)->5769K(5888K) Class: 533K(640K)->533K(640K)
[10.502s][info][gc             ] GC(163) Pause Young (Allocation Failure) 1609M->1610M(1764M) 52.752ms
[10.502s][info][gc,cpu         ] GC(163) User=0.38s Sys=0.00s Real=0.05s
[10.518s][info][gc,start       ] GC(164) Pause Young (Allocation Failure)
[10.561s][info][gc,heap        ] GC(164) PSYoungGen: 86720K(130560K)->43616K(59904K) Eden: 15872K(15872K)->0K(15872K) From: 70848K(114688K)->43616K(44032K)
[10.561s][info][gc,heap        ] GC(164) ParOldGen: 1577981K(1676288K)->1621533K(1676288K)
[10.561s][info][gc,metaspace   ] GC(164) Metaspace: 6303K(6528K)->6303K(6528K) NonClass: 5769K(5888K)->5769K(5888K) Class: 533K(640K)->533K(640K)
[10.561s][info][gc             ] GC(164) Pause Young (Allocation Failure) 1625M->1626M(1695M) 43.480ms
[10.561s][info][gc,cpu         ] GC(164) User=0.23s Sys=0.02s Real=0.04s
[10.579s][info][gc,start       ] GC(165) Pause Young (Allocation Failure)
[10.613s][info][gc,heap        ] GC(165) PSYoungGen: 59488K(59904K)->31872K(126464K) Eden: 15872K(15872K)->0K(18432K) From: 43616K(44032K)->31872K(108032K)
[10.613s][info][gc,heap        ] GC(165) ParOldGen: 1621533K(1676288K)->1649533K(1676288K)
[10.613s][info][gc,metaspace   ] GC(165) Metaspace: 6303K(6528K)->6303K(6528K) NonClass: 5769K(5888K)->5769K(5888K) Class: 533K(640K)->533K(640K)
[10.613s][info][gc             ] GC(165) Pause Young (Allocation Failure) 1641M->1641M(1760M) 34.457ms
[10.613s][info][gc,cpu         ] GC(165) User=0.14s Sys=0.00s Real=0.03s
[10.613s][info][gc,start       ] GC(166) Pause Full (Ergonomics)
[10.613s][info][gc,phases,start] GC(166) Marking Phase
[10.976s][info][gc,phases      ] GC(166) Marking Phase 363.061ms
[10.976s][info][gc,phases,start] GC(166) Summary Phase
[10.976s][info][gc,phases      ] GC(166) Summary Phase 0.029ms
[10.976s][info][gc,phases,start] GC(166) Adjust Roots
[10.977s][info][gc,phases      ] GC(166) Adjust Roots 0.155ms
[10.977s][info][gc,phases,start] GC(166) Compaction Phase
[11.148s][info][gc,phases      ] GC(166) Compaction Phase 171.423ms
[11.148s][info][gc,phases,start] GC(166) Post Compact
[11.151s][info][gc,phases      ] GC(166) Post Compact 3.179ms
[11.152s][info][gc,heap        ] GC(166) PSYoungGen: 31872K(126464K)->3576K(128000K) Eden: 0K(18432K)->0K(19968K) From: 31872K(108032K)->3576K(108032K)
[11.152s][info][gc,heap        ] GC(166) ParOldGen: 1649533K(1676288K)->1675832K(1851392K)
[11.152s][info][gc,metaspace   ] GC(166) Metaspace: 6303K(6528K)->6303K(6528K) NonClass: 5769K(5888K)->5769K(5888K) Class: 533K(640K)->533K(640K)
[11.152s][info][gc             ] GC(166) Pause Full (Ergonomics) 1641M->1640M(1933M) 539.024ms
[11.152s][info][gc,cpu         ] GC(166) User=3.61s Sys=0.00s Real=0.54s
[11.175s][info][gc,start       ] GC(167) Pause Young (Allocation Failure)
[11.258s][info][gc,heap        ] GC(167) PSYoungGen: 23544K(128000K)->20128K(129536K) Eden: 19968K(19968K)->0K(19968K) From: 3576K(108032K)->20128K(109568K)
[11.258s][info][gc,heap        ] GC(167) ParOldGen: 1675832K(1851392K)->1679480K(1851392K)
[11.258s][info][gc,metaspace   ] GC(167) Metaspace: 6303K(6528K)->6303K(6528K) NonClass: 5769K(5888K)->5769K(5888K) Class: 533K(640K)->533K(640K)
[11.258s][info][gc             ] GC(167) Pause Young (Allocation Failure) 1659M->1659M(1934M) 83.071ms
[11.258s][info][gc,cpu         ] GC(167) User=0.53s Sys=0.00s Real=0.08s
[11.278s][info][gc,start       ] GC(168) Pause Young (Allocation Failure)
[11.308s][info][gc,heap        ] GC(168) PSYoungGen: 40096K(129536K)->20128K(130048K) Eden: 19968K(19968K)->0K(22528K) From: 20128K(109568K)->20128K(107520K)
[11.308s][info][gc,heap        ] GC(168) ParOldGen: 1679480K(1851392K)->1699720K(1851392K)
[11.308s][info][gc,metaspace   ] GC(168) Metaspace: 6303K(6528K)->6303K(6528K) NonClass: 5769K(5888K)->5769K(5888K) Class: 533K(640K)->533K(640K)
[11.308s][info][gc             ] GC(168) Pause Young (Allocation Failure) 1679M->1679M(1935M) 30.078ms
[11.308s][info][gc,cpu         ] GC(168) User=0.05s Sys=0.00s Real=0.03s
[11.334s][info][gc,start       ] GC(169) Pause Young (Allocation Failure)
[11.366s][info][gc,heap        ] GC(169) PSYoungGen: 42656K(130048K)->22688K(131072K) Eden: 22528K(22528K)->0K(22528K) From: 20128K(107520K)->22688K(108544K)
[11.366s][info][gc,heap        ] GC(169) ParOldGen: 1699720K(1851392K)->1719952K(1851392K)
[11.366s][info][gc,metaspace   ] GC(169) Metaspace: 6303K(6528K)->6303K(6528K) NonClass: 5769K(5888K)->5769K(5888K) Class: 533K(640K)->533K(640K)
[11.366s][info][gc             ] GC(169) Pause Young (Allocation Failure) 1701M->1701M(1936M) 31.670ms
[11.366s][info][gc,cpu         ] GC(169) User=0.03s Sys=0.00s Real=0.03s
[11.392s][info][gc,start       ] GC(170) Pause Young (Allocation Failure)
[11.425s][info][gc,heap        ] GC(170) PSYoungGen: 45216K(131072K)->22656K(127488K) Eden: 22528K(22528K)->0K(25088K) From: 22688K(108544K)->22656K(102400K)
[11.425s][info][gc,heap        ] GC(170) ParOldGen: 1719952K(1851392K)->1742800K(1851392K)
[11.425s][info][gc,metaspace   ] GC(170) Metaspace: 6303K(6528K)->6303K(6528K) NonClass: 5769K(5888K)->5769K(5888K) Class: 533K(640K)->533K(640K)
[11.425s][info][gc             ] GC(170) Pause Young (Allocation Failure) 1723M->1724M(1932M) 33.049ms
[11.425s][info][gc,cpu         ] GC(170) User=0.06s Sys=0.00s Real=0.03s
[11.454s][info][gc,start       ] GC(171) Pause Young (Allocation Failure)
[11.486s][info][gc,heap        ] GC(171) PSYoungGen: 47744K(127488K)->25216K(50688K) Eden: 25088K(25088K)->0K(25088K) From: 22656K(102400K)->25216K(25600K)
[11.487s][info][gc,heap        ] GC(171) ParOldGen: 1742800K(1851392K)->1765640K(1851392K)
[11.487s][info][gc,metaspace   ] GC(171) Metaspace: 6303K(6528K)->6303K(6528K) NonClass: 5769K(5888K)->5769K(5888K) Class: 533K(640K)->533K(640K)
[11.487s][info][gc             ] GC(171) Pause Young (Allocation Failure) 1748M->1748M(1857M) 33.045ms
[11.487s][info][gc,cpu         ] GC(171) User=0.14s Sys=0.03s Real=0.03s
[11.514s][info][gc,start       ] GC(172) Pause Young (Allocation Failure)
[11.547s][info][gc,heap        ] GC(172) PSYoungGen: 50304K(50688K)->25248K(122880K) Eden: 25088K(25088K)->0K(28160K) From: 25216K(25600K)->25248K(94720K)
[11.547s][info][gc,heap        ] GC(172) ParOldGen: 1765640K(1851392K)->1791056K(1851392K)
[11.547s][info][gc,metaspace   ] GC(172) Metaspace: 6303K(6528K)->6303K(6528K) NonClass: 5769K(5888K)->5769K(5888K) Class: 533K(640K)->533K(640K)
[11.547s][info][gc             ] GC(172) Pause Young (Allocation Failure) 1773M->1773M(1928M) 33.775ms
[11.547s][info][gc,cpu         ] GC(172) User=0.14s Sys=0.02s Real=0.03s
[11.577s][info][gc,start       ] GC(173) Pause Young (Allocation Failure)
[11.615s][info][gc,heap        ] GC(173) PSYoungGen: 53408K(122880K)->28288K(56832K) Eden: 28160K(28160K)->0K(28160K) From: 25248K(94720K)->28288K(28672K)
[11.615s][info][gc,heap        ] GC(173) ParOldGen: 1791056K(1851392K)->1816512K(1851392K)
[11.615s][info][gc,metaspace   ] GC(173) Metaspace: 6303K(6528K)->6303K(6528K) NonClass: 5769K(5888K)->5769K(5888K) Class: 533K(640K)->533K(640K)
[11.615s][info][gc             ] GC(173) Pause Young (Allocation Failure) 1801M->1801M(1863M) 38.602ms
[11.615s][info][gc,cpu         ] GC(173) User=0.17s Sys=0.00s Real=0.04s
[11.615s][info][gc,start       ] GC(174) Pause Full (Ergonomics)
[11.615s][info][gc,phases,start] GC(174) Marking Phase
[12.040s][info][gc,phases      ] GC(174) Marking Phase 424.705ms
[12.040s][info][gc,phases,start] GC(174) Summary Phase
[12.040s][info][gc,phases      ] GC(174) Summary Phase 0.047ms
[12.040s][info][gc,phases,start] GC(174) Adjust Roots
[12.040s][info][gc,phases      ] GC(174) Adjust Roots 0.245ms
[12.041s][info][gc,phases,start] GC(174) Compaction Phase
[12.208s][info][gc,phases      ] GC(174) Compaction Phase 167.245ms
[12.208s][info][gc,phases,start] GC(174) Post Compact
[12.211s][info][gc,phases      ] GC(174) Post Compact 3.401ms
[12.212s][info][gc,heap        ] GC(174) PSYoungGen: 28288K(56832K)->0K(125440K) Eden: 0K(28160K)->0K(31744K) From: 28288K(28672K)->0K(93696K)
[12.212s][info][gc,heap        ] GC(174) ParOldGen: 1816512K(1851392K)->1842513K(2027520K)
[12.212s][info][gc,metaspace   ] GC(174) Metaspace: 6303K(6528K)->6303K(6528K) NonClass: 5769K(5888K)->5769K(5888K) Class: 533K(640K)->533K(640K)
[12.212s][info][gc             ] GC(174) Pause Full (Ergonomics) 1801M->1799M(2102M) 596.600ms
[12.212s][info][gc,cpu         ] GC(174) User=4.33s Sys=0.03s Real=0.60s
[12.251s][info][gc,start       ] GC(175) Pause Young (Allocation Failure)
[12.279s][info][gc,heap        ] GC(175) PSYoungGen: 31744K(125440K)->31936K(64000K) Eden: 31744K(31744K)->0K(31744K) From: 0K(93696K)->31936K(32256K)
[12.279s][info][gc,heap        ] GC(175) ParOldGen: 1842513K(2027520K)->1842513K(2027520K)
[12.279s][info][gc,metaspace   ] GC(175) Metaspace: 6303K(6528K)->6303K(6528K) NonClass: 5769K(5888K)->5769K(5888K) Class: 533K(640K)->533K(640K)
[12.279s][info][gc             ] GC(175) Pause Young (Allocation Failure) 1830M->1830M(2042M) 28.448ms
[12.279s][info][gc,cpu         ] GC(175) User=0.03s Sys=0.00s Real=0.03s
[12.317s][info][gc,start       ] GC(176) Pause Young (Allocation Failure)
[12.355s][info][gc,heap        ] GC(176) PSYoungGen: 63680K(64000K)->63680K(119296K) Eden: 31744K(31744K)->0K(30208K) From: 31936K(32256K)->63680K(89088K)
[12.355s][info][gc,heap        ] GC(176) ParOldGen: 1842513K(2027520K)->1842513K(2027520K)
[12.355s][info][gc,metaspace   ] GC(176) Metaspace: 6303K(6528K)->6303K(6528K) NonClass: 5769K(5888K)->5769K(5888K) Class: 533K(640K)->533K(640K)
[12.355s][info][gc             ] GC(176) Pause Young (Allocation Failure) 1861M->1861M(2096M) 38.147ms
[12.355s][info][gc,cpu         ] GC(176) User=0.14s Sys=0.00s Real=0.04s
[12.387s][info][gc,start       ] GC(177) Pause Young (Allocation Failure)
[12.433s][info][gc,heap        ] GC(177) PSYoungGen: 93888K(119296K)->93696K(123904K) Eden: 30208K(30208K)->0K(30208K) From: 63680K(89088K)->93696K(93696K)
[12.433s][info][gc,heap        ] GC(177) ParOldGen: 1842513K(2027520K)->1842705K(2027520K)
[12.433s][info][gc,metaspace   ] GC(177) Metaspace: 6303K(6528K)->6303K(6528K) NonClass: 5769K(5888K)->5769K(5888K) Class: 533K(640K)->533K(640K)
[12.433s][info][gc             ] GC(177) Pause Young (Allocation Failure) 1891M->1891M(2101M) 45.676ms
[12.433s][info][gc,cpu         ] GC(177) User=0.27s Sys=0.00s Real=0.04s
[12.468s][info][gc,start       ] GC(178) Pause Young (Allocation Failure)
[12.529s][info][gc,heap        ] GC(178) PSYoungGen: 123904K(123904K)->60544K(141312K) Eden: 30208K(30208K)->0K(33792K) From: 93696K(93696K)->60544K(107520K)
[12.529s][info][gc,heap        ] GC(178) ParOldGen: 1842705K(2027520K)->1906937K(2027520K)
[12.529s][info][gc,metaspace   ] GC(178) Metaspace: 6303K(6528K)->6303K(6528K) NonClass: 5769K(5888K)->5769K(5888K) Class: 533K(640K)->533K(640K)
[12.529s][info][gc             ] GC(178) Pause Young (Allocation Failure) 1920M->1921M(2118M) 61.001ms
[12.529s][info][gc,cpu         ] GC(178) User=0.34s Sys=0.05s Real=0.06s
[12.569s][info][gc,start       ] GC(179) Pause Young (Allocation Failure)
[12.618s][info][gc,heap        ] GC(179) PSYoungGen: 94336K(141312K)->64224K(141312K) Eden: 33792K(33792K)->0K(33792K) From: 60544K(107520K)->64224K(107520K)
[12.618s][info][gc,heap        ] GC(179) ParOldGen: 1906937K(2027520K)->1937481K(2027520K)
[12.618s][info][gc,metaspace   ] GC(179) Metaspace: 6303K(6528K)->6303K(6528K) NonClass: 5769K(5888K)->5769K(5888K) Class: 533K(640K)->533K(640K)
[12.618s][info][gc             ] GC(179) Pause Young (Allocation Failure) 1954M->1954M(2118M) 48.906ms
[12.618s][info][gc,cpu         ] GC(179) User=0.28s Sys=0.00s Real=0.05s
[12.663s][info][gc,start       ] GC(180) Pause Young (Allocation Failure)
[12.716s][info][gc,heap        ] GC(180) PSYoungGen: 98016K(141312K)->67776K(144896K) Eden: 33792K(33792K)->0K(36864K) From: 64224K(107520K)->67776K(108032K)
[12.716s][info][gc,heap        ] GC(180) ParOldGen: 1937481K(2027520K)->1968097K(2027520K)
[12.716s][info][gc,metaspace   ] GC(180) Metaspace: 6303K(6528K)->6303K(6528K) NonClass: 5769K(5888K)->5769K(5888K) Class: 533K(640K)->533K(640K)
[12.716s][info][gc             ] GC(180) Pause Young (Allocation Failure) 1987M->1988M(2121M) 52.477ms
[12.716s][info][gc,cpu         ] GC(180) User=0.28s Sys=0.00s Real=0.05s
[12.755s][info][gc,start       ] GC(181) Pause Young (Allocation Failure)
[12.809s][info][gc,heap        ] GC(181) PSYoungGen: 104640K(144896K)->70880K(145920K) Eden: 36864K(36864K)->0K(36864K) From: 67776K(108032K)->70880K(109056K)
[12.809s][info][gc,heap        ] GC(181) ParOldGen: 1968097K(2027520K)->2002353K(2027520K)
[12.809s][info][gc,metaspace   ] GC(181) Metaspace: 6303K(6528K)->6303K(6528K) NonClass: 5769K(5888K)->5769K(5888K) Class: 533K(640K)->533K(640K)
[12.809s][info][gc             ] GC(181) Pause Young (Allocation Failure) 2024M->2024M(2122M) 54.401ms
[12.809s][info][gc,cpu         ] GC(181) User=0.38s Sys=0.00s Real=0.05s
[12.809s][info][gc,start       ] GC(182) Pause Full (Ergonomics)
[12.809s][info][gc,phases,start] GC(182) Marking Phase
[13.279s][info][gc,phases      ] GC(182) Marking Phase 470.261ms
[13.279s][info][gc,phases,start] GC(182) Summary Phase
[13.279s][info][gc,phases      ] GC(182) Summary Phase 0.046ms
[13.279s][info][gc,phases,start] GC(182) Adjust Roots
[13.280s][info][gc,phases      ] GC(182) Adjust Roots 0.221ms
[13.280s][info][gc,phases,start] GC(182) Compaction Phase
[13.470s][info][gc,phases      ] GC(182) Compaction Phase 189.884ms
[13.470s][info][gc,phases,start] GC(182) Post Compact
[13.474s][info][gc,phases      ] GC(182) Post Compact 3.898ms
[13.474s][info][gc,heap        ] GC(182) PSYoungGen: 70880K(145920K)->43507K(145920K) Eden: 0K(36864K)->0K(36864K) From: 70880K(109056K)->43507K(109056K)
[13.474s][info][gc,heap        ] GC(182) ParOldGen: 2002353K(2027520K)->2027139K(2242048K)
[13.474s][info][gc,metaspace   ] GC(182) Metaspace: 6303K(6528K)->6303K(6528K) NonClass: 5769K(5888K)->5769K(5888K) Class: 533K(640K)->533K(640K)
[13.474s][info][gc             ] GC(182) Pause Full (Ergonomics) 2024M->2022M(2332M) 665.394ms
[13.474s][info][gc,cpu         ] GC(182) User=5.05s Sys=0.02s Real=0.67s
[13.518s][info][gc,start       ] GC(183) Pause Young (Allocation Failure)
[13.647s][info][gc,heap        ] GC(183) PSYoungGen: 80371K(145920K)->60128K(144896K) Eden: 36864K(36864K)->0K(40448K) From: 43507K(109056K)->60128K(104448K)
[13.647s][info][gc,heap        ] GC(183) ParOldGen: 2027139K(2242048K)->2047939K(2242048K)
[13.647s][info][gc,metaspace   ] GC(183) Metaspace: 6303K(6528K)->6303K(6528K) NonClass: 5769K(5888K)->5769K(5888K) Class: 533K(640K)->533K(640K)
[13.647s][info][gc             ] GC(183) Pause Young (Allocation Failure) 2058M->2058M(2331M) 128.920ms
[13.647s][info][gc,cpu         ] GC(183) User=0.88s Sys=0.00s Real=0.13s
[13.691s][info][gc,start       ] GC(184) Pause Young (Allocation Failure)
[13.745s][info][gc,heap        ] GC(184) PSYoungGen: 100576K(144896K)->100640K(148480K) Eden: 40448K(40448K)->0K(40448K) From: 60128K(104448K)->100640K(108032K)
[13.745s][info][gc,heap        ] GC(184) ParOldGen: 2047939K(2242048K)->2047939K(2242048K)
[13.745s][info][gc,metaspace   ] GC(184) Metaspace: 6303K(6528K)->6303K(6528K) NonClass: 5769K(5888K)->5769K(5888K) Class: 533K(640K)->533K(640K)
[13.745s][info][gc             ] GC(184) Pause Young (Allocation Failure) 2098M->2098M(2334M) 53.752ms
[13.745s][info][gc,cpu         ] GC(184) User=0.38s Sys=0.00s Real=0.05s
[13.792s][info][gc,start       ] GC(185) Pause Young (Allocation Failure)
[13.869s][info][gc,heap        ] GC(185) PSYoungGen: 141088K(148480K)->119808K(139776K) Eden: 40448K(40448K)->0K(19968K) From: 100640K(108032K)->119808K(119808K)
[13.869s][info][gc,heap        ] GC(185) ParOldGen: 2047939K(2242048K)->2069379K(2242048K)
[13.869s][info][gc,metaspace   ] GC(185) Metaspace: 6303K(6528K)->6303K(6528K) NonClass: 5769K(5888K)->5769K(5888K) Class: 533K(640K)->533K(640K)
[13.869s][info][gc             ] GC(185) Pause Young (Allocation Failure) 2137M->2137M(2326M) 76.727ms
[13.869s][info][gc,cpu         ] GC(185) User=0.45s Sys=0.06s Real=0.08s
[13.893s][info][gc,start       ] GC(186) Pause Young (Allocation Failure)
[13.968s][info][gc,heap        ] GC(186) PSYoungGen: 139776K(139776K)->89408K(164352K) Eden: 19968K(19968K)->0K(19968K) From: 119808K(119808K)->89408K(144384K)
[13.968s][info][gc,heap        ] GC(186) ParOldGen: 2069379K(2242048K)->2120459K(2242048K)
[13.968s][info][gc,metaspace   ] GC(186) Metaspace: 6303K(6528K)->6303K(6528K) NonClass: 5769K(5888K)->5769K(5888K) Class: 533K(640K)->533K(640K)
[13.968s][info][gc             ] GC(186) Pause Young (Allocation Failure) 2157M->2158M(2350M) 74.738ms
[13.968s][info][gc,cpu         ] GC(186) User=0.48s Sys=0.02s Real=0.08s
[13.993s][info][gc,start       ] GC(187) Pause Young (Allocation Failure)
[14.051s][info][gc,heap        ] GC(187) PSYoungGen: 109376K(164352K)->74176K(156672K) Eden: 19968K(19968K)->0K(22528K) From: 89408K(144384K)->74176K(134144K)
[14.051s][info][gc,heap        ] GC(187) ParOldGen: 2120459K(2242048K)->2156091K(2242048K)
[14.051s][info][gc,metaspace   ] GC(187) Metaspace: 6303K(6528K)->6303K(6528K) NonClass: 5769K(5888K)->5769K(5888K) Class: 533K(640K)->533K(640K)
[14.051s][info][gc             ] GC(187) Pause Young (Allocation Failure) 2177M->2177M(2342M) 57.956ms
[14.051s][info][gc,cpu         ] GC(187) User=0.39s Sys=0.00s Real=0.06s
[14.080s][info][gc,start       ] GC(188) Pause Young (Allocation Failure)
[14.136s][info][gc,heap        ] GC(188) PSYoungGen: 96704K(156672K)->42688K(162304K) Eden: 22528K(22528K)->0K(22528K) From: 74176K(134144K)->42688K(139776K)
[14.136s][info][gc,heap        ] GC(188) ParOldGen: 2156091K(2242048K)->2210827K(2242048K)
[14.136s][info][gc,metaspace   ] GC(188) Metaspace: 6303K(6528K)->6303K(6528K) NonClass: 5769K(5888K)->5769K(5888K) Class: 533K(640K)->533K(640K)
[14.136s][info][gc             ] GC(188) Pause Young (Allocation Failure) 2199M->2200M(2348M) 56.250ms
[14.136s][info][gc,cpu         ] GC(188) User=0.44s Sys=0.02s Real=0.06s
[14.136s][info][gc,start       ] GC(189) Pause Full (Ergonomics)
[14.136s][info][gc,phases,start] GC(189) Marking Phase
[14.640s][info][gc,phases      ] GC(189) Marking Phase 504.481ms
[14.641s][info][gc,phases,start] GC(189) Summary Phase
[14.641s][info][gc,phases      ] GC(189) Summary Phase 0.035ms
[14.641s][info][gc,phases,start] GC(189) Adjust Roots
[14.641s][info][gc,phases      ] GC(189) Adjust Roots 0.160ms
[14.641s][info][gc,phases,start] GC(189) Compaction Phase
[14.836s][info][gc,phases      ] GC(189) Compaction Phase 195.648ms
[14.837s][info][gc,phases,start] GC(189) Post Compact
[14.841s][info][gc,phases      ] GC(189) Post Compact 4.376ms
[14.842s][info][gc,heap        ] GC(189) PSYoungGen: 42688K(162304K)->8712K(162304K) Eden: 0K(22528K)->0K(22528K) From: 42688K(139776K)->8712K(139776K)
[14.842s][info][gc,heap        ] GC(189) ParOldGen: 2210827K(2242048K)->2241973K(2482176K)
[14.842s][info][gc,metaspace   ] GC(189) Metaspace: 6303K(6528K)->6303K(6528K) NonClass: 5769K(5888K)->5769K(5888K) Class: 533K(640K)->533K(640K)
[14.842s][info][gc             ] GC(189) Pause Full (Ergonomics) 2200M->2197M(2582M) 706.282ms
[14.842s][info][gc,cpu         ] GC(189) User=5.41s Sys=0.00s Real=0.71s
[14.871s][info][gc,start       ] GC(190) Pause Young (Allocation Failure)
[14.983s][info][gc,heap        ] GC(190) PSYoungGen: 31240K(162304K)->22656K(162304K) Eden: 22528K(22528K)->0K(25088K) From: 8712K(139776K)->22656K(137216K)
[14.983s][info][gc,heap        ] GC(190) ParOldGen: 2241973K(2482176K)->2250837K(2482176K)
[14.983s][info][gc,metaspace   ] GC(190) Metaspace: 6303K(6528K)->6303K(6528K) NonClass: 5769K(5888K)->5769K(5888K) Class: 533K(640K)->533K(640K)
[14.983s][info][gc             ] GC(190) Pause Young (Allocation Failure) 2219M->2220M(2582M) 112.130ms
[14.983s][info][gc,cpu         ] GC(190) User=0.64s Sys=0.00s Real=0.11s
[15.012s][info][gc,start       ] GC(191) Pause Young (Allocation Failure)
[15.045s][info][gc,heap        ] GC(191) PSYoungGen: 47744K(162304K)->25216K(162816K) Eden: 25088K(25088K)->0K(25088K) From: 22656K(137216K)->25216K(137728K)
[15.045s][info][gc,heap        ] GC(191) ParOldGen: 2250837K(2482176K)->2273589K(2482176K)
[15.045s][info][gc,metaspace   ] GC(191) Metaspace: 6303K(6528K)->6303K(6528K) NonClass: 5769K(5888K)->5769K(5888K) Class: 533K(640K)->533K(640K)
[15.045s][info][gc             ] GC(191) Pause Young (Allocation Failure) 2244M->2244M(2583M) 33.066ms
[15.045s][info][gc,cpu         ] GC(191) User=0.16s Sys=0.00s Real=0.03s
[15.077s][info][gc,start       ] GC(192) Pause Young (Allocation Failure)
[15.117s][info][gc,heap        ] GC(192) PSYoungGen: 50304K(162816K)->25216K(160256K) Eden: 25088K(25088K)->0K(28160K) From: 25216K(137728K)->25216K(132096K)
[15.117s][info][gc,heap        ] GC(192) ParOldGen: 2273589K(2482176K)->2298901K(2482176K)
[15.117s][info][gc,metaspace   ] GC(192) Metaspace: 6303K(6528K)->6303K(6528K) NonClass: 5769K(5888K)->5769K(5888K) Class: 533K(640K)->533K(640K)
[15.117s][info][gc             ] GC(192) Pause Young (Allocation Failure) 2269M->2269M(2580M) 39.707ms
[15.117s][info][gc,cpu         ] GC(192) User=0.12s Sys=0.00s Real=0.04s
[15.150s][info][gc,start       ] GC(193) Pause Young (Allocation Failure)
[15.185s][info][gc,heap        ] GC(193) PSYoungGen: 53376K(160256K)->28352K(162304K) Eden: 28160K(28160K)->0K(28160K) From: 25216K(132096K)->28352K(134144K)
[15.185s][info][gc,heap        ] GC(193) ParOldGen: 2298901K(2482176K)->2324229K(2482176K)
[15.186s][info][gc,metaspace   ] GC(193) Metaspace: 6303K(6528K)->6303K(6528K) NonClass: 5769K(5888K)->5769K(5888K) Class: 533K(640K)->533K(640K)
[15.186s][info][gc             ] GC(193) Pause Young (Allocation Failure) 2297M->2297M(2582M) 35.758ms
[15.186s][info][gc,cpu         ] GC(193) User=0.12s Sys=0.03s Real=0.04s
[15.218s][info][gc,start       ] GC(194) Pause Young (Allocation Failure)
[15.255s][info][gc,heap        ] GC(194) PSYoungGen: 56512K(162304K)->28320K(154112K) Eden: 28160K(28160K)->0K(31232K) From: 28352K(134144K)->28320K(122880K)
[15.255s][info][gc,heap        ] GC(194) ParOldGen: 2324229K(2482176K)->2352653K(2482176K)
[15.255s][info][gc,metaspace   ] GC(194) Metaspace: 6303K(6528K)->6303K(6528K) NonClass: 5769K(5888K)->5769K(5888K) Class: 533K(640K)->533K(640K)
[15.255s][info][gc             ] GC(194) Pause Young (Allocation Failure) 2324M->2325M(2574M) 37.053ms
[15.255s][info][gc,cpu         ] GC(194) User=0.14s Sys=0.02s Real=0.04s
[15.292s][info][gc,start       ] GC(195) Pause Young (Allocation Failure)
[15.329s][info][gc,heap        ] GC(195) PSYoungGen: 59552K(154112K)->31392K(62976K) Eden: 31232K(31232K)->0K(31232K) From: 28320K(122880K)->31392K(31744K)
[15.329s][info][gc,heap        ] GC(195) ParOldGen: 2352653K(2482176K)->2381069K(2482176K)
[15.329s][info][gc,metaspace   ] GC(195) Metaspace: 6303K(6528K)->6303K(6528K) NonClass: 5769K(5888K)->5769K(5888K) Class: 533K(640K)->533K(640K)
[15.329s][info][gc             ] GC(195) Pause Young (Allocation Failure) 2355M->2355M(2485M) 37.818ms
[15.329s][info][gc,cpu         ] GC(195) User=0.23s Sys=0.00s Real=0.04s
[15.370s][info][gc,start       ] GC(196) Pause Young (Allocation Failure)
[15.410s][info][gc,heap        ] GC(196) PSYoungGen: 62624K(62976K)->31392K(148480K) Eden: 31232K(31232K)->0K(34816K) From: 31392K(31744K)->31392K(113664K)
[15.411s][info][gc,heap        ] GC(196) ParOldGen: 2381069K(2482176K)->2412589K(2482176K)
[15.411s][info][gc,metaspace   ] GC(196) Metaspace: 6303K(6528K)->6303K(6528K) NonClass: 5769K(5888K)->5769K(5888K) Class: 533K(640K)->533K(640K)
[15.411s][info][gc             ] GC(196) Pause Young (Allocation Failure) 2386M->2386M(2569M) 40.416ms
[15.411s][info][gc,cpu         ] GC(196) User=0.19s Sys=0.06s Real=0.04s
[15.455s][info][gc,start       ] GC(197) Pause Young (Allocation Failure)
[15.497s][info][gc,heap        ] GC(197) PSYoungGen: 66208K(148480K)->35008K(70144K) Eden: 34816K(34816K)->0K(34816K) From: 31392K(113664K)->35008K(35328K)
[15.497s][info][gc,heap        ] GC(197) ParOldGen: 2412589K(2482176K)->2444093K(2482176K)
[15.497s][info][gc,metaspace   ] GC(197) Metaspace: 6303K(6528K)->6303K(6528K) NonClass: 5769K(5888K)->5769K(5888K) Class: 533K(640K)->533K(640K)
[15.497s][info][gc             ] GC(197) Pause Young (Allocation Failure) 2420M->2420M(2492M) 41.425ms
[15.497s][info][gc,cpu         ] GC(197) User=0.25s Sys=0.00s Real=0.04s
[15.497s][info][gc,start       ] GC(198) Pause Full (Ergonomics)
[15.497s][info][gc,phases,start] GC(198) Marking Phase
[16.045s][info][gc,phases      ] GC(198) Marking Phase 548.249ms
[16.045s][info][gc,phases,start] GC(198) Summary Phase
[16.045s][info][gc,phases      ] GC(198) Summary Phase 0.054ms
[16.045s][info][gc,phases,start] GC(198) Adjust Roots
[16.045s][info][gc,phases      ] GC(198) Adjust Roots 0.160ms
[16.045s][info][gc,phases,start] GC(198) Compaction Phase
[16.256s][info][gc,phases      ] GC(198) Compaction Phase 210.195ms
[16.256s][info][gc,phases,start] GC(198) Post Compact
[16.260s][info][gc,phases      ] GC(198) Post Compact 4.575ms
[16.261s][info][gc,heap        ] GC(198) PSYoungGen: 35008K(70144K)->0K(151552K) Eden: 0K(34816K)->0K(38400K) From: 35008K(35328K)->0K(113152K)
[16.261s][info][gc,heap        ] GC(198) ParOldGen: 2444093K(2482176K)->2476742K(2719232K)
[16.261s][info][gc,metaspace   ] GC(198) Metaspace: 6303K(6528K)->6303K(6528K) NonClass: 5769K(5888K)->5769K(5888K) Class: 533K(640K)->533K(640K)
[16.261s][info][gc             ] GC(198) Pause Full (Ergonomics) 2420M->2418M(2803M) 764.335ms
[16.261s][info][gc,cpu         ] GC(198) User=5.92s Sys=0.03s Real=0.76s
[16.307s][info][gc,start       ] GC(199) Pause Young (Allocation Failure)
[16.338s][info][gc,heap        ] GC(199) PSYoungGen: 38400K(151552K)->38560K(77312K) Eden: 38400K(38400K)->0K(38400K) From: 0K(113152K)->38560K(38912K)
[16.338s][info][gc,heap        ] GC(199) ParOldGen: 2476742K(2719232K)->2476742K(2719232K)
[16.338s][info][gc,metaspace   ] GC(199) Metaspace: 6303K(6528K)->6303K(6528K) NonClass: 5769K(5888K)->5769K(5888K) Class: 533K(640K)->533K(640K)
[16.338s][info][gc             ] GC(199) Pause Young (Allocation Failure) 2456M->2456M(2731M) 31.661ms
[16.338s][info][gc,cpu         ] GC(199) User=0.14s Sys=0.00s Real=0.03s
[16.386s][info][gc,start       ] GC(200) Pause Young (Allocation Failure)
[16.429s][info][gc,heap        ] GC(200) PSYoungGen: 76960K(77312K)->77024K(143872K) Eden: 38400K(38400K)->0K(36352K) From: 38560K(38912K)->77024K(107520K)
[16.429s][info][gc,heap        ] GC(200) ParOldGen: 2476742K(2719232K)->2476742K(2719232K)
[16.429s][info][gc,metaspace   ] GC(200) Metaspace: 6303K(6528K)->6303K(6528K) NonClass: 5769K(5888K)->5769K(5888K) Class: 533K(640K)->533K(640K)
[16.429s][info][gc             ] GC(200) Pause Young (Allocation Failure) 2493M->2493M(2796M) 42.351ms
[16.429s][info][gc,cpu         ] GC(200) User=0.23s Sys=0.00s Real=0.04s
[16.473s][info][gc,start       ] GC(201) Pause Young (Allocation Failure)
[16.530s][info][gc,heap        ] GC(201) PSYoungGen: 113376K(143872K)->113152K(149504K) Eden: 36352K(36352K)->0K(36352K) From: 77024K(107520K)->113152K(113152K)
[16.530s][info][gc,heap        ] GC(201) ParOldGen: 2476742K(2719232K)->2476982K(2719232K)
[16.530s][info][gc,metaspace   ] GC(201) Metaspace: 6303K(6528K)->6303K(6528K) NonClass: 5769K(5888K)->5769K(5888K) Class: 533K(640K)->533K(640K)
[16.530s][info][gc             ] GC(201) Pause Young (Allocation Failure) 2529M->2529M(2801M) 57.361ms
[16.530s][info][gc,cpu         ] GC(201) User=0.38s Sys=0.00s Real=0.06s
[16.577s][info][gc,start       ] GC(202) Pause Young (Allocation Failure)
[16.658s][info][gc,heap        ] GC(202) PSYoungGen: 149504K(149504K)->72832K(169984K) Eden: 36352K(36352K)->0K(40448K) From: 113152K(113152K)->72832K(129536K)
[16.658s][info][gc,heap        ] GC(202) ParOldGen: 2476982K(2719232K)->2554318K(2719232K)
[16.658s][info][gc,metaspace   ] GC(202) Metaspace: 6303K(6528K)->6303K(6528K) NonClass: 5769K(5888K)->5769K(5888K) Class: 533K(640K)->533K(640K)
[16.658s][info][gc             ] GC(202) Pause Young (Allocation Failure) 2564M->2565M(2821M) 80.524ms
[16.658s][info][gc,cpu         ] GC(202) User=0.36s Sys=0.16s Real=0.08s
[16.710s][info][gc,start       ] GC(203) Pause Young (Allocation Failure)
[16.771s][info][gc,heap        ] GC(203) PSYoungGen: 113280K(169984K)->76992K(170496K) Eden: 40448K(40448K)->0K(40448K) From: 72832K(129536K)->76992K(130048K)
[16.771s][info][gc,heap        ] GC(203) ParOldGen: 2554318K(2719232K)->2590894K(2719232K)
[16.771s][info][gc,metaspace   ] GC(203) Metaspace: 6303K(6528K)->6303K(6528K) NonClass: 5769K(5888K)->5769K(5888K) Class: 533K(640K)->533K(640K)
[16.771s][info][gc             ] GC(203) Pause Young (Allocation Failure) 2605M->2605M(2822M) 60.668ms
[16.771s][info][gc,cpu         ] GC(203) User=0.39s Sys=0.00s Real=0.06s
[16.824s][info][gc,start       ] GC(204) Pause Young (Allocation Failure)
[16.885s][info][gc,heap        ] GC(204) PSYoungGen: 117440K(170496K)->81120K(174592K) Eden: 40448K(40448K)->0K(44032K) From: 76992K(130048K)->81120K(130560K)
[16.885s][info][gc,heap        ] GC(204) ParOldGen: 2590894K(2719232K)->2627566K(2719232K)
[16.885s][info][gc,metaspace   ] GC(204) Metaspace: 6303K(6528K)->6303K(6528K) NonClass: 5769K(5888K)->5769K(5888K) Class: 533K(640K)->533K(640K)
[16.885s][info][gc             ] GC(204) Pause Young (Allocation Failure) 2644M->2645M(2826M) 61.750ms
[16.885s][info][gc,cpu         ] GC(204) User=0.39s Sys=0.00s Real=0.06s
[16.936s][info][gc,start       ] GC(205) Pause Young (Allocation Failure)
[17.003s][info][gc,heap        ] GC(205) PSYoungGen: 125152K(174592K)->84768K(175616K) Eden: 44032K(44032K)->0K(44032K) From: 81120K(130560K)->84768K(131584K)
[17.003s][info][gc,heap        ] GC(205) ParOldGen: 2627566K(2719232K)->2668382K(2719232K)
[17.003s][info][gc,metaspace   ] GC(205) Metaspace: 6303K(6528K)->6303K(6528K) NonClass: 5769K(5888K)->5769K(5888K) Class: 533K(640K)->533K(640K)
[17.003s][info][gc             ] GC(205) Pause Young (Allocation Failure) 2688M->2688M(2827M) 67.200ms
[17.003s][info][gc,cpu         ] GC(205) User=0.36s Sys=0.03s Real=0.07s
[17.003s][info][gc,start       ] GC(206) Pause Full (Ergonomics)
[17.003s][info][gc,phases,start] GC(206) Marking Phase
[17.628s][info][gc,phases      ] GC(206) Marking Phase 625.524ms
[17.628s][info][gc,phases,start] GC(206) Summary Phase
[17.628s][info][gc,phases      ] GC(206) Summary Phase 0.045ms
[17.628s][info][gc,phases,start] GC(206) Adjust Roots
[17.629s][info][gc,phases      ] GC(206) Adjust Roots 0.186ms
[17.629s][info][gc,phases,start] GC(206) Compaction Phase
[17.863s][info][gc,phases      ] GC(206) Compaction Phase 234.381ms
[17.863s][info][gc,phases,start] GC(206) Post Compact
[17.869s][info][gc,phases      ] GC(206) Post Compact 5.559ms
[17.870s][info][gc,heap        ] GC(206) PSYoungGen: 84768K(175616K)->31783K(175616K) Eden: 0K(44032K)->0K(44032K) From: 84768K(131584K)->31783K(131584K)
[17.870s][info][gc,heap        ] GC(206) ParOldGen: 2668382K(2719232K)->2719167K(2998784K)
[17.870s][info][gc,metaspace   ] GC(206) Metaspace: 6303K(6528K)->6303K(6528K) NonClass: 5769K(5888K)->5769K(5888K) Class: 533K(640K)->533K(640K)
[17.870s][info][gc             ] GC(206) Pause Full (Ergonomics) 2688M->2686M(3100M) 867.178ms
[17.870s][info][gc,cpu         ] GC(206) User=6.44s Sys=0.02s Real=0.87s
[17.920s][info][gc,start       ] GC(207) Pause Young (Allocation Failure)
[18.080s][info][gc,heap        ] GC(207) PSYoungGen: 75815K(175616K)->61440K(167424K) Eden: 44032K(44032K)->0K(48640K) From: 31783K(131584K)->61440K(118784K)
[18.080s][info][gc,heap        ] GC(207) ParOldGen: 2719167K(2998784K)->2733951K(2998784K)
[18.080s][info][gc,metaspace   ] GC(207) Metaspace: 6303K(6528K)->6303K(6528K) NonClass: 5769K(5888K)->5769K(5888K) Class: 533K(640K)->533K(640K)
[18.080s][info][gc             ] GC(207) Pause Young (Allocation Failure) 2729M->2729M(3092M) 160.425ms
[18.080s][info][gc,cpu         ] GC(207) User=1.03s Sys=0.02s Real=0.16s
[18.720s][info][gc,start       ] GC(208) Pause Young (Allocation Failure)
[18.842s][info][gc,heap        ] GC(208) PSYoungGen: 110080K(167424K)->110176K(175104K) Eden: 48640K(48640K)->0K(48640K) From: 61440K(118784K)->110176K(126464K)
[18.842s][info][gc,heap        ] GC(208) ParOldGen: 2865023K(2998784K)->2865023K(2998784K)
[18.842s][info][gc,metaspace   ] GC(208) Metaspace: 6303K(6528K)->6303K(6528K) NonClass: 5769K(5888K)->5769K(5888K) Class: 533K(640K)->533K(640K)
[18.842s][info][gc             ] GC(208) Pause Young (Allocation Failure) 2905M->2905M(3099M) 121.657ms
[18.842s][info][gc,cpu         ] GC(208) User=0.75s Sys=0.00s Real=0.12s
[18.897s][info][gc,start       ] GC(209) Pause Young (Allocation Failure)
[18.978s][info][gc,heap        ] GC(209) PSYoungGen: 158816K(175104K)->137728K(163328K) Eden: 48640K(48640K)->0K(25600K) From: 110176K(126464K)->137728K(137728K)
[18.978s][info][gc,heap        ] GC(209) ParOldGen: 2865023K(2998784K)->2886215K(2998784K)
[18.978s][info][gc,metaspace   ] GC(209) Metaspace: 6303K(6528K)->6303K(6528K) NonClass: 5769K(5888K)->5769K(5888K) Class: 533K(640K)->533K(640K)
[18.978s][info][gc             ] GC(209) Pause Young (Allocation Failure) 2952M->2953M(3088M) 81.063ms
[18.978s][info][gc,cpu         ] GC(209) User=0.48s Sys=0.05s Real=0.08s
[19.006s][info][gc,start       ] GC(210) Pause Young (Allocation Failure)
[19.087s][info][gc,heap        ] GC(210) PSYoungGen: 163328K(163328K)->103712K(190464K) Eden: 25600K(25600K)->0K(25600K) From: 137728K(137728K)->103712K(164864K)
[19.087s][info][gc,heap        ] GC(210) ParOldGen: 2886215K(2998784K)->2946431K(2998784K)
[19.087s][info][gc,metaspace   ] GC(210) Metaspace: 6303K(6528K)->6303K(6528K) NonClass: 5769K(5888K)->5769K(5888K) Class: 533K(640K)->533K(640K)
[19.087s][info][gc             ] GC(210) Pause Young (Allocation Failure) 2978M->2978M(3114M) 81.687ms
[19.087s][info][gc,cpu         ] GC(210) User=0.42s Sys=0.11s Real=0.08s
[19.087s][info][gc,start       ] GC(211) Pause Full (Ergonomics)
[19.087s][info][gc,phases,start] GC(211) Marking Phase
[19.754s][info][gc,phases      ] GC(211) Marking Phase 666.827ms
[19.754s][info][gc,phases,start] GC(211) Summary Phase
[19.754s][info][gc,phases      ] GC(211) Summary Phase 0.071ms
[19.754s][info][gc,phases,start] GC(211) Adjust Roots
[19.755s][info][gc,phases      ] GC(211) Adjust Roots 0.164ms
[19.755s][info][gc,phases,start] GC(211) Compaction Phase
[20.211s][info][gc,phases      ] GC(211) Compaction Phase 456.390ms
[20.211s][info][gc,phases,start] GC(211) Post Compact
[20.217s][info][gc,phases      ] GC(211) Post Compact 6.108ms
[20.218s][info][gc,heap        ] GC(211) PSYoungGen: 103712K(190464K)->0K(194560K) Eden: 0K(25600K)->0K(28672K) From: 103712K(164864K)->0K(165888K)
[20.218s][info][gc,heap        ] GC(211) ParOldGen: 2946431K(2998784K)->2983278K(3287552K)
[20.218s][info][gc,metaspace   ] GC(211) Metaspace: 6303K(6528K)->6303K(6528K) NonClass: 5769K(5888K)->5769K(5888K) Class: 533K(640K)->533K(640K)
[20.218s][info][gc             ] GC(211) Pause Full (Ergonomics) 2978M->2913M(3400M) 1130.811ms
[20.218s][info][gc,cpu         ] GC(211) User=7.89s Sys=0.06s Real=1.13s
[20.251s][info][gc,start       ] GC(212) Pause Young (Allocation Failure)
[20.289s][info][gc,heap        ] GC(212) PSYoungGen: 28672K(194560K)->28864K(194560K) Eden: 28672K(28672K)->0K(28672K) From: 0K(165888K)->28864K(165888K)
[20.289s][info][gc,heap        ] GC(212) ParOldGen: 2983278K(3287552K)->2983278K(3287552K)
[20.289s][info][gc,metaspace   ] GC(212) Metaspace: 6303K(6528K)->6303K(6528K) NonClass: 5769K(5888K)->5769K(5888K) Class: 533K(640K)->533K(640K)
[20.289s][info][gc             ] GC(212) Pause Young (Allocation Failure) 2941M->2941M(3400M) 37.760ms
[20.289s][info][gc,cpu         ] GC(212) User=0.08s Sys=0.00s Real=0.04s
[20.318s][info][gc,start       ] GC(213) Pause Young (Allocation Failure)
[20.370s][info][gc,heap        ] GC(213) PSYoungGen: 57536K(194560K)->57536K(185344K) Eden: 28672K(28672K)->0K(31744K) From: 28864K(165888K)->57536K(153600K)
[20.370s][info][gc,heap        ] GC(213) ParOldGen: 2983278K(3287552K)->2983278K(3287552K)
[20.370s][info][gc,metaspace   ] GC(213) Metaspace: 6303K(6528K)->6303K(6528K) NonClass: 5769K(5888K)->5769K(5888K) Class: 533K(640K)->533K(640K)
[20.370s][info][gc             ] GC(213) Pause Young (Allocation Failure) 2969M->2969M(3391M) 51.988ms
[20.370s][info][gc,cpu         ] GC(213) User=0.08s Sys=0.00s Real=0.05s
[20.400s][info][gc,start       ] GC(214) Pause Young (Allocation Failure)
[20.457s][info][gc,heap        ] GC(214) PSYoungGen: 89280K(185344K)->89312K(191488K) Eden: 31744K(31744K)->0K(31744K) From: 57536K(153600K)->89312K(159744K)
[20.458s][info][gc,heap        ] GC(214) ParOldGen: 2983278K(3287552K)->2983278K(3287552K)
[20.458s][info][gc,metaspace   ] GC(214) Metaspace: 6303K(6528K)->6303K(6528K) NonClass: 5769K(5888K)->5769K(5888K) Class: 533K(640K)->533K(640K)
[20.458s][info][gc             ] GC(214) Pause Young (Allocation Failure) 3000M->3000M(3397M) 57.503ms
[20.458s][info][gc,cpu         ] GC(214) User=0.17s Sys=0.00s Real=0.06s
[20.490s][info][gc,start       ] GC(215) Pause Young (Allocation Failure)
[20.555s][info][gc,heap        ] GC(215) PSYoungGen: 121056K(191488K)->121152K(183808K) Eden: 31744K(31744K)->0K(26624K) From: 89312K(159744K)->121152K(157184K)
[20.555s][info][gc,heap        ] GC(215) ParOldGen: 2983278K(3287552K)->2983278K(3287552K)
[20.555s][info][gc,metaspace   ] GC(215) Metaspace: 6303K(6528K)->6303K(6528K) NonClass: 5769K(5888K)->5769K(5888K) Class: 533K(640K)->533K(640K)
[20.555s][info][gc             ] GC(215) Pause Young (Allocation Failure) 3031M->3031M(3390M) 65.470ms
[20.555s][info][gc,cpu         ] GC(215) User=0.19s Sys=0.00s Real=0.06s
[20.581s][info][gc,start       ] GC(216) Pause Young (Allocation Failure)
[20.653s][info][gc,heap        ] GC(216) PSYoungGen: 147776K(183808K)->147776K(192512K) Eden: 26624K(26624K)->0K(26624K) From: 121152K(157184K)->147776K(165888K)
[20.653s][info][gc,heap        ] GC(216) ParOldGen: 2983278K(3287552K)->2983278K(3287552K)
[20.653s][info][gc,metaspace   ] GC(216) Metaspace: 6303K(6528K)->6303K(6528K) NonClass: 5769K(5888K)->5769K(5888K) Class: 533K(640K)->533K(640K)
[20.653s][info][gc             ] GC(216) Pause Young (Allocation Failure) 3057M->3057M(3398M) 71.755ms
[20.653s][info][gc,cpu         ] GC(216) User=0.31s Sys=0.00s Real=0.07s
[20.681s][info][gc,start       ] GC(217) Pause Young (Allocation Failure)
[20.762s][info][gc,heap        ] GC(217) PSYoungGen: 174400K(192512K)->116960K(210944K) Eden: 26624K(26624K)->0K(28160K) From: 147776K(165888K)->116960K(182784K)
[20.762s][info][gc,heap        ] GC(217) ParOldGen: 2983278K(3287552K)->3041126K(3287552K)
[20.762s][info][gc,metaspace   ] GC(217) Metaspace: 6303K(6528K)->6303K(6528K) NonClass: 5769K(5888K)->5769K(5888K) Class: 533K(640K)->533K(640K)
[20.762s][info][gc             ] GC(217) Pause Young (Allocation Failure) 3083M->3084M(3416M) 80.723ms
[20.762s][info][gc,cpu         ] GC(217) User=0.47s Sys=0.06s Real=0.08s
[20.796s][info][gc,start       ] GC(218) Pause Young (Allocation Failure)
[20.868s][info][gc,heap        ] GC(218) PSYoungGen: 145120K(210944K)->81600K(110080K) Eden: 28160K(28160K)->0K(28160K) From: 116960K(182784K)->81600K(81920K)
[20.868s][info][gc,heap        ] GC(218) ParOldGen: 3041126K(3287552K)->3105158K(3287552K)
[20.868s][info][gc,metaspace   ] GC(218) Metaspace: 6303K(6528K)->6303K(6528K) NonClass: 5769K(5888K)->5769K(5888K) Class: 533K(640K)->533K(640K)
[20.868s][info][gc             ] GC(218) Pause Young (Allocation Failure) 3111M->3112M(3318M) 72.260ms
[20.868s][info][gc,cpu         ] GC(218) User=0.34s Sys=0.02s Real=0.07s
[20.900s][info][gc,start       ] GC(219) Pause Young (Allocation Failure)
[20.963s][info][gc,heap        ] GC(219) PSYoungGen: 109760K(110080K)->56512K(201728K) Eden: 28160K(28160K)->0K(32256K) From: 81600K(81920K)->56512K(169472K)
[20.963s][info][gc,heap        ] GC(219) ParOldGen: 3105158K(3287552K)->3158854K(3287552K)
[20.963s][info][gc,metaspace   ] GC(219) Metaspace: 6303K(6528K)->6303K(6528K) NonClass: 5769K(5888K)->5769K(5888K) Class: 533K(640K)->533K(640K)
[20.963s][info][gc             ] GC(219) Pause Young (Allocation Failure) 3139M->3140M(3407M) 62.366ms
[20.963s][info][gc,cpu         ] GC(219) User=0.28s Sys=0.02s Real=0.06s
[21.000s][info][gc,start       ] GC(220) Pause Young (Allocation Failure)
[21.057s][info][gc,heap        ] GC(220) PSYoungGen: 88768K(201728K)->32448K(205312K) Eden: 32256K(32256K)->0K(32256K) From: 56512K(169472K)->32448K(173056K)
[21.057s][info][gc,heap        ] GC(220) ParOldGen: 3158854K(3287552K)->3215646K(3287552K)
[21.057s][info][gc,metaspace   ] GC(220) Metaspace: 6303K(6528K)->6303K(6528K) NonClass: 5769K(5888K)->5769K(5888K) Class: 533K(640K)->533K(640K)
[21.057s][info][gc             ] GC(220) Pause Young (Allocation Failure) 3171M->3171M(3411M) 57.122ms
[21.057s][info][gc,cpu         ] GC(220) User=0.19s Sys=0.00s Real=0.06s
[21.057s][info][gc,start       ] GC(221) Pause Full (Ergonomics)
[21.057s][info][gc,phases,start] GC(221) Marking Phase
[21.796s][info][gc,phases      ] GC(221) Marking Phase 739.129ms
[21.796s][info][gc,phases,start] GC(221) Summary Phase
[21.797s][info][gc,phases      ] GC(221) Summary Phase 0.076ms
[21.797s][info][gc,phases,start] GC(221) Adjust Roots
[21.797s][info][gc,phases      ] GC(221) Adjust Roots 0.188ms
[21.797s][info][gc,phases,start] GC(221) Compaction Phase
[22.117s][info][gc,phases      ] GC(221) Compaction Phase 320.043ms
[22.117s][info][gc,phases,start] GC(221) Post Compact
[22.123s][info][gc,phases      ] GC(221) Post Compact 5.832ms
[22.124s][info][gc,heap        ] GC(221) PSYoungGen: 32448K(205312K)->0K(209920K) Eden: 0K(32256K)->0K(36864K) From: 32448K(173056K)->0K(173056K)
[22.124s][info][gc,heap        ] GC(221) ParOldGen: 3215646K(3287552K)->3245650K(3596288K)
[22.124s][info][gc,metaspace   ] GC(221) Metaspace: 6303K(6528K)->6303K(6528K) NonClass: 5769K(5888K)->5769K(5888K) Class: 533K(640K)->533K(640K)
[22.124s][info][gc             ] GC(221) Pause Full (Ergonomics) 3171M->3169M(3717M) 1066.982ms
[22.124s][info][gc,cpu         ] GC(221) User=7.70s Sys=0.05s Real=1.07s
[22.163s][info][gc,start       ] GC(222) Pause Young (Allocation Failure)
[22.204s][info][gc,heap        ] GC(222) PSYoungGen: 36864K(209920K)->37024K(209920K) Eden: 36864K(36864K)->0K(36864K) From: 0K(173056K)->37024K(173056K)
[22.204s][info][gc,heap        ] GC(222) ParOldGen: 3245650K(3596288K)->3245650K(3596288K)
[22.204s][info][gc,metaspace   ] GC(222) Metaspace: 6303K(6528K)->6303K(6528K) NonClass: 5769K(5888K)->5769K(5888K) Class: 533K(640K)->533K(640K)
[22.204s][info][gc             ] GC(222) Pause Young (Allocation Failure) 3205M->3205M(3717M) 40.413ms
[22.204s][info][gc,cpu         ] GC(222) User=0.05s Sys=0.00s Real=0.04s
[22.240s][info][gc,start       ] GC(223) Pause Young (Allocation Failure)
[22.291s][info][gc,heap        ] GC(223) PSYoungGen: 73888K(209920K)->37056K(205824K) Eden: 36864K(36864K)->0K(40960K) From: 37024K(173056K)->37056K(164864K)
[22.291s][info][gc,heap        ] GC(223) ParOldGen: 3245650K(3596288K)->3282850K(3596288K)
[22.291s][info][gc,metaspace   ] GC(223) Metaspace: 6303K(6528K)->6303K(6528K) NonClass: 5769K(5888K)->5769K(5888K) Class: 533K(640K)->533K(640K)
[22.291s][info][gc             ] GC(223) Pause Young (Allocation Failure) 3241M->3242M(3713M) 50.774ms
[22.291s][info][gc,cpu         ] GC(223) User=0.23s Sys=0.03s Real=0.05s
[22.336s][info][gc,start       ] GC(224) Pause Young (Allocation Failure)
[22.390s][info][gc,heap        ] GC(224) PSYoungGen: 78016K(205824K)->41120K(208896K) Eden: 40960K(40960K)->0K(40960K) From: 37056K(164864K)->41120K(167936K)
[22.390s][info][gc,heap        ] GC(224) ParOldGen: 3282850K(3596288K)->3320050K(3596288K)
[22.390s][info][gc,metaspace   ] GC(224) Metaspace: 6303K(6528K)->6303K(6528K) NonClass: 5769K(5888K)->5769K(5888K) Class: 533K(640K)->533K(640K)
[22.390s][info][gc             ] GC(224) Pause Young (Allocation Failure) 3282M->3282M(3716M) 54.605ms
[22.390s][info][gc,cpu         ] GC(224) User=0.17s Sys=0.00s Real=0.05s
[22.435s][info][gc,start       ] GC(225) Pause Young (Allocation Failure)
[22.502s][info][gc,heap        ] GC(225) PSYoungGen: 82080K(208896K)->41152K(199168K) Eden: 40960K(40960K)->0K(45568K) From: 41120K(167936K)->41152K(153600K)
[22.502s][info][gc,heap        ] GC(225) ParOldGen: 3320050K(3596288K)->3361378K(3596288K)
[22.502s][info][gc,metaspace   ] GC(225) Metaspace: 6303K(6528K)->6303K(6528K) NonClass: 5769K(5888K)->5769K(5888K) Class: 533K(640K)->533K(640K)
[22.502s][info][gc             ] GC(225) Pause Young (Allocation Failure) 3322M->3322M(3706M) 66.953ms
[22.502s][info][gc,cpu         ] GC(225) User=0.31s Sys=0.00s Real=0.07s
[22.551s][info][gc,start       ] GC(226) Pause Young (Allocation Failure)
[22.615s][info][gc,heap        ] GC(226) PSYoungGen: 86720K(199168K)->45728K(91648K) Eden: 45568K(45568K)->0K(45568K) From: 41152K(153600K)->45728K(46080K)
[22.615s][info][gc,heap        ] GC(226) ParOldGen: 3361378K(3596288K)->3402706K(3596288K)
[22.615s][info][gc,metaspace   ] GC(226) Metaspace: 6303K(6528K)->6303K(6528K) NonClass: 5769K(5888K)->5769K(5888K) Class: 533K(640K)->533K(640K)
[22.615s][info][gc             ] GC(226) Pause Young (Allocation Failure) 3367M->3367M(3601M) 63.729ms
[22.615s][info][gc,cpu         ] GC(226) User=0.17s Sys=0.02s Real=0.06s
[22.662s][info][gc,start       ] GC(227) Pause Young (Allocation Failure)
[22.724s][info][gc,heap        ] GC(227) PSYoungGen: 91296K(91648K)->45760K(192512K) Eden: 45568K(45568K)->0K(50688K) From: 45728K(46080K)->45760K(141824K)
[22.724s][info][gc,heap        ] GC(227) ParOldGen: 3402706K(3596288K)->3448682K(3596288K)
[22.724s][info][gc,metaspace   ] GC(227) Metaspace: 6303K(6528K)->6303K(6528K) NonClass: 5769K(5888K)->5769K(5888K) Class: 533K(640K)->533K(640K)
[22.724s][info][gc             ] GC(227) Pause Young (Allocation Failure) 3412M->3412M(3700M) 61.413ms
[22.724s][info][gc,cpu         ] GC(227) User=0.16s Sys=0.02s Real=0.06s
[22.774s][info][gc,start       ] GC(228) Pause Young (Allocation Failure)
[22.834s][info][gc,heap        ] GC(228) PSYoungGen: 96448K(192512K)->50880K(101888K) Eden: 50688K(50688K)->0K(50688K) From: 45760K(141824K)->50880K(51200K)
[22.834s][info][gc,heap        ] GC(228) ParOldGen: 3448682K(3596288K)->3494658K(3596288K)
[22.834s][info][gc,metaspace   ] GC(228) Metaspace: 6303K(6528K)->6303K(6528K) NonClass: 5769K(5888K)->5769K(5888K) Class: 533K(640K)->533K(640K)
[22.834s][info][gc             ] GC(228) Pause Young (Allocation Failure) 3462M->3462M(3611M) 60.364ms
[22.834s][info][gc,cpu         ] GC(228) User=0.25s Sys=0.03s Real=0.06s
[22.889s][info][gc,start       ] GC(229) Pause Young (Allocation Failure)
[22.952s][info][gc,heap        ] GC(229) PSYoungGen: 101568K(101888K)->50912K(184832K) Eden: 50688K(50688K)->0K(56320K) From: 50880K(51200K)->50912K(128512K)
[22.952s][info][gc,heap        ] GC(229) ParOldGen: 3494658K(3596288K)->3545818K(3596288K)
[22.952s][info][gc,metaspace   ] GC(229) Metaspace: 6303K(6528K)->6303K(6528K) NonClass: 5769K(5888K)->5769K(5888K) Class: 533K(640K)->533K(640K)
[22.952s][info][gc             ] GC(229) Pause Young (Allocation Failure) 3511M->3512M(3692M) 63.159ms
[22.952s][info][gc,cpu         ] GC(229) User=0.17s Sys=0.00s Real=0.06s
[22.952s][info][gc,start       ] GC(230) Pause Full (Ergonomics)
[22.952s][info][gc,phases,start] GC(230) Marking Phase
[23.770s][info][gc,phases      ] GC(230) Marking Phase 818.266ms
[23.770s][info][gc,phases,start] GC(230) Summary Phase
[23.770s][info][gc,phases      ] GC(230) Summary Phase 0.089ms
[23.770s][info][gc,phases,start] GC(230) Adjust Roots
[23.771s][info][gc,phases      ] GC(230) Adjust Roots 0.172ms
[23.771s][info][gc,phases,start] GC(230) Compaction Phase
[24.113s][info][gc,phases      ] GC(230) Compaction Phase 342.493ms
[24.113s][info][gc,phases,start] GC(230) Post Compact
[24.120s][info][gc,phases      ] GC(230) Post Compact 6.679ms
[24.121s][info][gc,heap        ] GC(230) PSYoungGen: 50912K(184832K)->0K(190976K) Eden: 0K(56320K)->0K(56320K) From: 50912K(128512K)->0K(134656K)
[24.121s][info][gc,heap        ] GC(230) ParOldGen: 3545818K(3596288K)->3593550K(3964928K)
[24.121s][info][gc,metaspace   ] GC(230) Metaspace: 6303K(6528K)->6303K(6528K) NonClass: 5769K(5888K)->5769K(5888K) Class: 533K(640K)->533K(640K)
[24.121s][info][gc             ] GC(230) Pause Full (Ergonomics) 3512M->3509M(4058M) 1169.219ms
[24.121s][info][gc,cpu         ] GC(230) User=8.53s Sys=0.03s Real=1.17s
[24.189s][info][gc,start       ] GC(231) Pause Young (Allocation Failure)
[24.237s][info][gc,heap        ] GC(231) PSYoungGen: 56320K(190976K)->56544K(180736K) Eden: 56320K(56320K)->0K(61440K) From: 0K(134656K)->56544K(119296K)
[24.237s][info][gc,heap        ] GC(231) ParOldGen: 3593550K(3964928K)->3593550K(3964928K)
[24.237s][info][gc,metaspace   ] GC(231) Metaspace: 6303K(6528K)->6303K(6528K) NonClass: 5769K(5888K)->5769K(5888K) Class: 533K(640K)->533K(640K)
[24.237s][info][gc             ] GC(231) Pause Young (Allocation Failure) 3564M->3564M(4048M) 48.454ms
[24.237s][info][gc,cpu         ] GC(231) User=0.27s Sys=0.02s Real=0.05s
[24.303s][info][gc,start       ] GC(232) Pause Young (Allocation Failure)
[24.371s][info][gc,heap        ] GC(232) PSYoungGen: 117984K(180736K)->118080K(188928K) Eden: 61440K(61440K)->0K(61440K) From: 56544K(119296K)->118080K(127488K)
[24.371s][info][gc,heap        ] GC(232) ParOldGen: 3593550K(3964928K)->3593550K(3964928K)
[24.371s][info][gc,metaspace   ] GC(232) Metaspace: 6303K(6528K)->6303K(6528K) NonClass: 5769K(5888K)->5769K(5888K) Class: 533K(640K)->533K(640K)
[24.371s][info][gc             ] GC(232) Pause Young (Allocation Failure) 3624M->3624M(4056M) 67.650ms
[24.371s][info][gc,cpu         ] GC(232) User=0.28s Sys=0.00s Real=0.07s
[24.430s][info][gc,start       ] GC(233) Pause Young (Allocation Failure)
[24.518s][info][gc,heap        ] GC(233) PSYoungGen: 179520K(188928K)->142336K(174592K) Eden: 61440K(61440K)->0K(32256K) From: 118080K(127488K)->142336K(142336K)
[24.518s][info][gc,heap        ] GC(233) ParOldGen: 3593550K(3964928K)->3630982K(3964928K)
[24.518s][info][gc,metaspace   ] GC(233) Metaspace: 6303K(6528K)->6303K(6528K) NonClass: 5769K(5888K)->5769K(5888K) Class: 533K(640K)->533K(640K)
[24.518s][info][gc             ] GC(233) Pause Young (Allocation Failure) 3684M->3684M(4042M) 88.431ms
[24.518s][info][gc,cpu         ] GC(233) User=0.56s Sys=0.06s Real=0.09s
[24.548s][info][gc,start       ] GC(234) Pause Young (Allocation Failure)
[24.634s][info][gc,heap        ] GC(234) PSYoungGen: 174592K(174592K)->77568K(110080K) Eden: 32256K(32256K)->0K(32256K) From: 142336K(142336K)->77568K(77824K)
[24.634s][info][gc,heap        ] GC(234) ParOldGen: 3630982K(3964928K)->3728902K(3964928K)
[24.634s][info][gc,metaspace   ] GC(234) Metaspace: 6303K(6528K)->6303K(6528K) NonClass: 5769K(5888K)->5769K(5888K) Class: 533K(640K)->533K(640K)
[24.635s][info][gc             ] GC(234) Pause Young (Allocation Failure) 3716M->3717M(3979M) 86.079ms
[24.635s][info][gc,cpu         ] GC(234) User=0.69s Sys=0.06s Real=0.09s
[24.666s][info][gc,start       ] GC(235) Pause Young (Allocation Failure)
[24.730s][info][gc,heap        ] GC(235) PSYoungGen: 109824K(110080K)->64736K(189440K) Eden: 32256K(32256K)->0K(36352K) From: 77568K(77824K)->64736K(153088K)
[24.730s][info][gc,heap        ] GC(235) ParOldGen: 3728902K(3964928K)->3774374K(3964928K)
[24.730s][info][gc,metaspace   ] GC(235) Metaspace: 6303K(6528K)->6303K(6528K) NonClass: 5769K(5888K)->5769K(5888K) Class: 533K(640K)->533K(640K)
[24.730s][info][gc             ] GC(235) Pause Young (Allocation Failure) 3748M->3749M(4057M) 63.878ms
[24.730s][info][gc,cpu         ] GC(235) User=0.22s Sys=0.06s Real=0.06s
[24.772s][info][gc,start       ] GC(236) Pause Young (Allocation Failure)
[24.834s][info][gc,heap        ] GC(236) PSYoungGen: 101088K(189440K)->68800K(105472K) Eden: 36352K(36352K)->0K(36352K) From: 64736K(153088K)->68800K(69120K)
[24.834s][info][gc,heap        ] GC(236) ParOldGen: 3774374K(3964928K)->3806918K(3964928K)
[24.834s][info][gc,metaspace   ] GC(236) Metaspace: 6303K(6528K)->6303K(6528K) NonClass: 5769K(5888K)->5769K(5888K) Class: 533K(640K)->533K(640K)
[24.834s][info][gc             ] GC(236) Pause Young (Allocation Failure) 3784M->3784M(3975M) 62.349ms
[24.834s][info][gc,cpu         ] GC(236) User=0.19s Sys=0.00s Real=0.06s
[24.876s][info][gc,start       ] GC(237) Pause Young (Allocation Failure)
[24.943s][info][gc,heap        ] GC(237) PSYoungGen: 105152K(105472K)->72896K(179712K) Eden: 36352K(36352K)->0K(40960K) From: 68800K(69120K)->72896K(138752K)
[24.943s][info][gc,heap        ] GC(237) ParOldGen: 3806918K(3964928K)->3839462K(3964928K)
[24.943s][info][gc,metaspace   ] GC(237) Metaspace: 6303K(6528K)->6303K(6528K) NonClass: 5769K(5888K)->5769K(5888K) Class: 533K(640K)->533K(640K)
[24.943s][info][gc             ] GC(237) Pause Young (Allocation Failure) 3820M->3820M(4047M) 66.543ms
[24.943s][info][gc,cpu         ] GC(237) User=0.38s Sys=0.05s Real=0.07s
[24.982s][info][gc,start       ] GC(238) Pause Young (Allocation Failure)
[25.049s][info][gc,heap        ] GC(238) PSYoungGen: 113856K(179712K)->77536K(118784K) Eden: 40960K(40960K)->0K(40960K) From: 72896K(138752K)->77536K(77824K)
[25.050s][info][gc,heap        ] GC(238) ParOldGen: 3839462K(3964928K)->3876150K(3964928K)
[25.050s][info][gc,metaspace   ] GC(238) Metaspace: 6303K(6528K)->6303K(6528K) NonClass: 5769K(5888K)->5769K(5888K) Class: 533K(640K)->533K(640K)
[25.050s][info][gc             ] GC(238) Pause Young (Allocation Failure) 3860M->3861M(3988M) 67.183ms
[25.050s][info][gc,cpu         ] GC(238) User=0.31s Sys=0.00s Real=0.07s
[25.092s][info][gc,start       ] GC(239) Pause Young (Allocation Failure)
[25.161s][info][gc,heap        ] GC(239) PSYoungGen: 118496K(118784K)->82176K(177664K) Eden: 40960K(40960K)->0K(46080K) From: 77536K(77824K)->82176K(131584K)
[25.161s][info][gc,heap        ] GC(239) ParOldGen: 3876150K(3964928K)->3912838K(3964928K)
[25.161s][info][gc,metaspace   ] GC(239) Metaspace: 6303K(6528K)->6303K(6528K) NonClass: 5769K(5888K)->5769K(5888K) Class: 533K(640K)->533K(640K)
[25.161s][info][gc             ] GC(239) Pause Young (Allocation Failure) 3901M->3901M(4045M) 68.394ms
[25.161s][info][gc,cpu         ] GC(239) User=0.28s Sys=0.05s Real=0.07s
[25.161s][info][gc,start       ] GC(240) Pause Full (Ergonomics)
[25.161s][info][gc,phases,start] GC(240) Marking Phase
[26.064s][info][gc,phases      ] GC(240) Marking Phase 902.846ms
[26.064s][info][gc,phases,start] GC(240) Summary Phase
[26.064s][info][gc,phases      ] GC(240) Summary Phase 0.057ms
[26.064s][info][gc,phases,start] GC(240) Adjust Roots
[26.064s][info][gc,phases      ] GC(240) Adjust Roots 0.162ms
[26.064s][info][gc,phases,start] GC(240) Compaction Phase
[26.946s][info][gc,phases      ] GC(240) Compaction Phase 882.385ms
[26.946s][info][gc,phases,start] GC(240) Post Compact
[26.954s][info][gc,phases      ] GC(240) Post Compact 7.668ms
[26.956s][info][gc,heap        ] GC(240) PSYoungGen: 82176K(177664K)->26695K(181760K) Eden: 0K(46080K)->0K(50176K) From: 82176K(131584K)->26695K(131584K)
[26.956s][info][gc,heap        ] GC(240) ParOldGen: 3912838K(3964928K)->3964896K(4361216K)
[26.956s][info][gc,metaspace   ] GC(240) Metaspace: 6303K(6528K)->6303K(6528K) NonClass: 5769K(5888K)->5769K(5888K) Class: 533K(640K)->533K(640K)
[26.956s][info][gc             ] GC(240) Pause Full (Ergonomics) 3901M->3898M(4436M) 1795.118ms
[26.956s][info][gc,cpu         ] GC(240) User=12.73s Sys=0.05s Real=1.79s
[27.010s][info][gc,start       ] GC(241) Pause Young (Allocation Failure)
[27.217s][info][gc,heap        ] GC(241) PSYoungGen: 76871K(181760K)->53312K(185856K) Eden: 50176K(50176K)->0K(50176K) From: 26695K(131584K)->53312K(135680K)
[27.217s][info][gc,heap        ] GC(241) ParOldGen: 3964896K(4361216K)->3988920K(4361216K)
[27.217s][info][gc,metaspace   ] GC(241) Metaspace: 6303K(6528K)->6303K(6528K) NonClass: 5769K(5888K)->5769K(5888K) Class: 533K(640K)->533K(640K)
[27.217s][info][gc             ] GC(241) Pause Young (Allocation Failure) 3947M->3947M(4440M) 207.249ms
[27.217s][info][gc,cpu         ] GC(241) User=1.34s Sys=0.03s Real=0.21s
[27.277s][info][gc,start       ] GC(242) Pause Young (Allocation Failure)
[27.343s][info][gc,heap        ] GC(242) PSYoungGen: 103488K(185856K)->103552K(183808K) Eden: 50176K(50176K)->0K(50176K) From: 53312K(135680K)->103552K(133632K)
[27.343s][info][gc,heap        ] GC(242) ParOldGen: 3988920K(4361216K)->3988920K(4361216K)
[27.343s][info][gc,metaspace   ] GC(242) Metaspace: 6303K(6528K)->6303K(6528K) NonClass: 5769K(5888K)->5769K(5888K) Class: 533K(640K)->533K(640K)
[27.343s][info][gc             ] GC(242) Pause Young (Allocation Failure) 3996M->3996M(4438M) 66.960ms
[27.344s][info][gc,cpu         ] GC(242) User=0.30s Sys=0.00s Real=0.07s
[27.406s][info][gc,start       ] GC(243) Pause Young (Allocation Failure)
[27.487s][info][gc,heap        ] GC(243) PSYoungGen: 153728K(183808K)->138752K(188928K) Eden: 50176K(50176K)->0K(50176K) From: 103552K(133632K)->138752K(138752K)
[27.488s][info][gc,heap        ] GC(243) ParOldGen: 3988920K(4361216K)->4003992K(4361216K)
[27.488s][info][gc,metaspace   ] GC(243) Metaspace: 6303K(6528K)->6303K(6528K) NonClass: 5769K(5888K)->5769K(5888K) Class: 533K(640K)->533K(640K)
[27.488s][info][gc             ] GC(243) Pause Young (Allocation Failure) 4045M->4045M(4443M) 81.337ms
[27.488s][info][gc,cpu         ] GC(243) User=0.52s Sys=0.00s Real=0.08s
[27.538s][info][gc,start       ] GC(244) Pause Young (Allocation Failure)
[27.635s][info][gc,heap        ] GC(244) PSYoungGen: 188928K(188928K)->140256K(204288K) Eden: 50176K(50176K)->0K(43008K) From: 138752K(138752K)->140256K(161280K)
[27.635s][info][gc,heap        ] GC(244) ParOldGen: 4003992K(4361216K)->4053208K(4361216K)
[27.635s][info][gc,metaspace   ] GC(244) Metaspace: 6303K(6528K)->6303K(6528K) NonClass: 5769K(5888K)->5769K(5888K) Class: 533K(640K)->533K(640K)
[27.635s][info][gc             ] GC(244) Pause Young (Allocation Failure) 4094M->4095M(4458M) 97.471ms
[27.635s][info][gc,cpu         ] GC(244) User=0.58s Sys=0.08s Real=0.10s
[27.678s][info][gc,start       ] GC(245) Pause Young (Allocation Failure)
[27.769s][info][gc,heap        ] GC(245) PSYoungGen: 183264K(204288K)->142656K(217088K) Eden: 43008K(43008K)->0K(43008K) From: 140256K(161280K)->142656K(174080K)
[27.769s][info][gc,heap        ] GC(245) ParOldGen: 4053208K(4361216K)->4094256K(4361216K)
[27.769s][info][gc,metaspace   ] GC(245) Metaspace: 6303K(6528K)->6303K(6528K) NonClass: 5769K(5888K)->5769K(5888K) Class: 533K(640K)->533K(640K)
[27.769s][info][gc             ] GC(245) Pause Young (Allocation Failure) 4137M->4137M(4471M) 91.027ms
[27.769s][info][gc,cpu         ] GC(245) User=0.59s Sys=0.05s Real=0.09s
[27.817s][info][gc,start       ] GC(246) Pause Young (Allocation Failure)
[27.910s][info][gc,heap        ] GC(246) PSYoungGen: 185664K(217088K)->136544K(227328K) Eden: 43008K(43008K)->0K(41984K) From: 142656K(174080K)->136544K(185344K)
[27.910s][info][gc,heap        ] GC(246) ParOldGen: 4094256K(4361216K)->4143792K(4361216K)
[27.910s][info][gc,metaspace   ] GC(246) Metaspace: 6303K(6528K)->6303K(6528K) NonClass: 5769K(5888K)->5769K(5888K) Class: 533K(640K)->533K(640K)
[27.910s][info][gc             ] GC(246) Pause Young (Allocation Failure) 4179M->4180M(4481M) 92.899ms
[27.910s][info][gc,cpu         ] GC(246) User=0.58s Sys=0.05s Real=0.09s
[27.960s][info][gc,start       ] GC(247) Pause Young (Allocation Failure)
[28.050s][info][gc,heap        ] GC(247) PSYoungGen: 178528K(227328K)->128320K(233472K) Eden: 41984K(41984K)->0K(41984K) From: 136544K(185344K)->128320K(191488K)
[28.050s][info][gc,heap        ] GC(247) ParOldGen: 4143792K(4361216K)->4194424K(4361216K)
[28.050s][info][gc,metaspace   ] GC(247) Metaspace: 6303K(6528K)->6303K(6528K) NonClass: 5769K(5888K)->5769K(5888K) Class: 533K(640K)->533K(640K)
[28.050s][info][gc             ] GC(247) Pause Young (Allocation Failure) 4221M->4221M(4487M) 90.691ms
[28.051s][info][gc,cpu         ] GC(247) User=0.62s Sys=0.00s Real=0.09s
[28.105s][info][gc,start       ] GC(248) Pause Young (Allocation Failure)
[28.195s][info][gc,heap        ] GC(248) PSYoungGen: 170304K(233472K)->127296K(240128K) Eden: 41984K(41984K)->0K(47104K) From: 128320K(191488K)->127296K(193024K)
[28.196s][info][gc,heap        ] GC(248) ParOldGen: 4194424K(4361216K)->4237816K(4361216K)
[28.196s][info][gc,metaspace   ] GC(248) Metaspace: 6303K(6528K)->6303K(6528K) NonClass: 5769K(5888K)->5769K(5888K) Class: 533K(640K)->533K(640K)
[28.196s][info][gc             ] GC(248) Pause Young (Allocation Failure) 4262M->4262M(4493M) 90.180ms
[28.196s][info][gc,cpu         ] GC(248) User=0.56s Sys=0.06s Real=0.09s
[28.246s][info][gc,start       ] GC(249) Pause Young (Allocation Failure)
[28.336s][info][gc,heap        ] GC(249) PSYoungGen: 174400K(240128K)->131392K(240640K) Eden: 47104K(47104K)->0K(47104K) From: 127296K(193024K)->131392K(193536K)
[28.336s][info][gc,heap        ] GC(249) ParOldGen: 4237816K(4361216K)->4281216K(4361216K)
[28.336s][info][gc,metaspace   ] GC(249) Metaspace: 6303K(6528K)->6303K(6528K) NonClass: 5769K(5888K)->5769K(5888K) Class: 533K(640K)->533K(640K)
[28.336s][info][gc             ] GC(249) Pause Young (Allocation Failure) 4308M->4309M(4494M) 90.671ms
[28.336s][info][gc,cpu         ] GC(249) User=0.59s Sys=0.03s Real=0.09s
[28.387s][info][gc,start       ] GC(250) Pause Young (Allocation Failure)
[28.482s][info][gc,heap        ] GC(250) PSYoungGen: 178496K(240640K)->136512K(245760K) Eden: 47104K(47104K)->0K(51200K) From: 131392K(193536K)->136512K(194560K)
[28.482s][info][gc,heap        ] GC(250) ParOldGen: 4281216K(4361216K)->4323576K(4361216K)
[28.482s][info][gc,metaspace   ] GC(250) Metaspace: 6303K(6528K)->6303K(6528K) NonClass: 5769K(5888K)->5769K(5888K) Class: 533K(640K)->533K(640K)
[28.482s][info][gc             ] GC(250) Pause Young (Allocation Failure) 4355M->4355M(4499M) 95.097ms
[28.482s][info][gc,cpu         ] GC(250) User=0.56s Sys=0.08s Real=0.10s
[28.482s][info][gc,start       ] GC(251) Pause Full (Ergonomics)
[28.482s][info][gc,phases,start] GC(251) Marking Phase
[29.484s][info][gc,phases      ] GC(251) Marking Phase 1002.181ms
[29.484s][info][gc,phases,start] GC(251) Summary Phase
[29.484s][info][gc,phases      ] GC(251) Summary Phase 0.060ms
[29.484s][info][gc,phases,start] GC(251) Adjust Roots
[29.484s][info][gc,phases      ] GC(251) Adjust Roots 0.162ms
[29.485s][info][gc,phases,start] GC(251) Compaction Phase
[29.901s][info][gc,phases      ] GC(251) Compaction Phase 416.955ms
[29.902s][info][gc,phases,start] GC(251) Post Compact
[29.908s][info][gc,phases      ] GC(251) Post Compact 6.744ms
[29.910s][info][gc,heap        ] GC(251) PSYoungGen: 136512K(245760K)->95203K(245760K) Eden: 0K(51200K)->0K(51200K) From: 136512K(194560K)->95203K(194560K)
[29.910s][info][gc,heap        ] GC(251) ParOldGen: 4323576K(4361216K)->4360963K(4789248K)
[29.910s][info][gc,metaspace   ] GC(251) Metaspace: 6303K(6528K)->6303K(6528K) NonClass: 5769K(5888K)->5769K(5888K) Class: 533K(640K)->533K(640K)
[29.910s][info][gc             ] GC(251) Pause Full (Ergonomics) 4355M->4351M(4917M) 1427.827ms
[29.910s][info][gc,cpu         ] GC(251) User=10.80s Sys=0.02s Real=1.43s
[29.967s][info][gc,start       ] GC(252) Pause Young (Allocation Failure)
[30.258s][info][gc,heap        ] GC(252) PSYoungGen: 146403K(245760K)->87424K(247808K) Eden: 51200K(51200K)->0K(51200K) From: 95203K(194560K)->87424K(196608K)
[30.258s][info][gc,heap        ] GC(252) ParOldGen: 4360963K(4789248K)->4420811K(4789248K)
[30.258s][info][gc,metaspace   ] GC(252) Metaspace: 6303K(6528K)->6303K(6528K) NonClass: 5769K(5888K)->5769K(5888K) Class: 533K(640K)->533K(640K)
[30.258s][info][gc             ] GC(252) Pause Young (Allocation Failure) 4401M->4402M(4919M) 291.003ms
[30.258s][info][gc,cpu         ] GC(252) User=1.95s Sys=0.03s Real=0.29s
[30.321s][info][gc,start       ] GC(253) Pause Young (Allocation Failure)
[30.401s][info][gc,heap        ] GC(253) PSYoungGen: 138624K(247808K)->102656K(233472K) Eden: 51200K(51200K)->0K(56832K) From: 87424K(196608K)->102656K(176640K)
[30.401s][info][gc,heap        ] GC(253) ParOldGen: 4420811K(4789248K)->4457123K(4789248K)
[30.401s][info][gc,metaspace   ] GC(253) Metaspace: 6303K(6528K)->6303K(6528K) NonClass: 5769K(5888K)->5769K(5888K) Class: 533K(640K)->533K(640K)
[30.401s][info][gc             ] GC(253) Pause Young (Allocation Failure) 4452M->4452M(4905M) 80.402ms
[30.401s][info][gc,cpu         ] GC(253) User=0.50s Sys=0.02s Real=0.08s
[30.470s][info][gc,start       ] GC(254) Pause Young (Allocation Failure)
[30.557s][info][gc,heap        ] GC(254) PSYoungGen: 159488K(233472K)->108320K(165376K) Eden: 56832K(56832K)->0K(56832K) From: 102656K(176640K)->108320K(108544K)
[30.557s][info][gc,heap        ] GC(254) ParOldGen: 4457123K(4789248K)->4508795K(4789248K)
[30.557s][info][gc,metaspace   ] GC(254) Metaspace: 6303K(6528K)->6303K(6528K) NonClass: 5769K(5888K)->5769K(5888K) Class: 533K(640K)->533K(640K)
[30.557s][info][gc             ] GC(254) Pause Young (Allocation Failure) 4508M->4508M(4838M) 87.156ms
[30.557s][info][gc,cpu         ] GC(254) User=0.64s Sys=0.00s Real=0.09s
[30.620s][info][gc,start       ] GC(255) Pause Young (Allocation Failure)
[30.710s][info][gc,heap        ] GC(255) PSYoungGen: 165152K(165376K)->113984K(231424K) Eden: 56832K(56832K)->0K(63488K) From: 108320K(108544K)->113984K(167936K)
[30.711s][info][gc,heap        ] GC(255) ParOldGen: 4508795K(4789248K)->4560459K(4789248K)
[30.711s][info][gc,metaspace   ] GC(255) Metaspace: 6303K(6528K)->6303K(6528K) NonClass: 5769K(5888K)->5769K(5888K) Class: 533K(640K)->533K(640K)
[30.711s][info][gc             ] GC(255) Pause Young (Allocation Failure) 4564M->4564M(4903M) 90.415ms
[30.711s][info][gc,cpu         ] GC(255) User=0.58s Sys=0.05s Real=0.09s
[30.781s][info][gc,start       ] GC(256) Pause Young (Allocation Failure)
[30.879s][info][gc,heap        ] GC(256) PSYoungGen: 177472K(231424K)->120608K(236032K) Eden: 63488K(63488K)->0K(63488K) From: 113984K(167936K)->120608K(172544K)
[30.879s][info][gc,heap        ] GC(256) ParOldGen: 4560459K(4789248K)->4617803K(4789248K)
[30.879s][info][gc,metaspace   ] GC(256) Metaspace: 6303K(6528K)->6303K(6528K) NonClass: 5769K(5888K)->5769K(5888K) Class: 533K(640K)->533K(640K)
[30.879s][info][gc             ] GC(256) Pause Young (Allocation Failure) 4626M->4627M(4907M) 97.321ms
[30.879s][info][gc,cpu         ] GC(256) User=0.70s Sys=0.02s Real=0.10s
[30.955s][info][gc,start       ] GC(257) Pause Young (Allocation Failure)
[31.053s][info][gc,heap        ] GC(257) PSYoungGen: 184096K(236032K)->127264K(240640K) Eden: 63488K(63488K)->0K(70144K) From: 120608K(172544K)->127264K(170496K)
[31.053s][info][gc,heap        ] GC(257) ParOldGen: 4617803K(4789248K)->4675155K(4789248K)
[31.053s][info][gc,metaspace   ] GC(257) Metaspace: 6303K(6528K)->6303K(6528K) NonClass: 5769K(5888K)->5769K(5888K) Class: 533K(640K)->533K(640K)
[31.053s][info][gc             ] GC(257) Pause Young (Allocation Failure) 4689M->4689M(4912M) 98.910ms
[31.053s][info][gc,cpu         ] GC(257) User=0.75s Sys=0.02s Real=0.10s
[31.128s][info][gc,start       ] GC(258) Pause Young (Allocation Failure)
[31.233s][info][gc,heap        ] GC(258) PSYoungGen: 197408K(240640K)->133952K(241152K) Eden: 70144K(70144K)->0K(70144K) From: 127264K(170496K)->133952K(171008K)
[31.233s][info][gc,heap        ] GC(258) ParOldGen: 4675155K(4789248K)->4739203K(4789248K)
[31.233s][info][gc,metaspace   ] GC(258) Metaspace: 6303K(6528K)->6303K(6528K) NonClass: 5769K(5888K)->5769K(5888K) Class: 533K(640K)->533K(640K)
[31.233s][info][gc             ] GC(258) Pause Young (Allocation Failure) 4758M->4758M(4912M) 104.692ms
[31.233s][info][gc,cpu         ] GC(258) User=0.66s Sys=0.08s Real=0.10s
[31.233s][info][gc,start       ] GC(259) Pause Full (Ergonomics)
[31.233s][info][gc,phases,start] GC(259) Marking Phase
[32.338s][info][gc,phases      ] GC(259) Marking Phase 1105.155ms
[32.338s][info][gc,phases,start] GC(259) Summary Phase
[32.338s][info][gc,phases      ] GC(259) Summary Phase 0.056ms
[32.338s][info][gc,phases,start] GC(259) Adjust Roots
[32.339s][info][gc,phases      ] GC(259) Adjust Roots 0.164ms
[32.339s][info][gc,phases,start] GC(259) Compaction Phase
[32.799s][info][gc,phases      ] GC(259) Compaction Phase 460.837ms
[32.799s][info][gc,phases,start] GC(259) Post Compact
[32.807s][info][gc,phases      ] GC(259) Post Compact 7.322ms
[32.808s][info][gc,heap        ] GC(259) PSYoungGen: 133952K(241152K)->79898K(241152K) Eden: 0K(70144K)->0K(70144K) From: 133952K(171008K)->79898K(171008K)
[32.808s][info][gc,heap        ] GC(259) ParOldGen: 4739203K(4789248K)->4789235K(5267968K)
[32.808s][info][gc,metaspace   ] GC(259) Metaspace: 6303K(6528K)->6303K(6528K) NonClass: 5769K(5888K)->5769K(5888K) Class: 533K(640K)->533K(640K)
[32.808s][info][gc             ] GC(259) Pause Full (Ergonomics) 4758M->4755M(5380M) 1575.422ms
[32.808s][info][gc,cpu         ] GC(259) User=11.62s Sys=0.00s Real=1.58s
[32.884s][info][gc,start       ] GC(260) Pause Young (Allocation Failure)
[33.193s][info][gc,heap        ] GC(260) PSYoungGen: 150042K(241152K)->114784K(237568K) Eden: 70144K(70144K)->0K(76800K) From: 79898K(171008K)->114784K(160768K)
[33.194s][info][gc,heap        ] GC(260) ParOldGen: 4789235K(5267968K)->4825211K(5267968K)
[33.194s][info][gc,metaspace   ] GC(260) Metaspace: 6303K(6528K)->6303K(6528K) NonClass: 5769K(5888K)->5769K(5888K) Class: 533K(640K)->533K(640K)
[33.194s][info][gc             ] GC(260) Pause Young (Allocation Failure) 4823M->4824M(5376M) 309.443ms
[33.194s][info][gc,cpu         ] GC(260) User=1.78s Sys=0.00s Real=0.31s
[33.283s][info][gc,start       ] GC(261) Pause Young (Allocation Failure)
[33.392s][info][gc,heap        ] GC(261) PSYoungGen: 191584K(237568K)->167936K(244736K) Eden: 76800K(76800K)->0K(76800K) From: 114784K(160768K)->167936K(167936K)
[33.392s][info][gc,heap        ] GC(261) ParOldGen: 4825211K(5267968K)->4849075K(5267968K)
[33.392s][info][gc,metaspace   ] GC(261) Metaspace: 6303K(6528K)->6303K(6528K) NonClass: 5769K(5888K)->5769K(5888K) Class: 533K(640K)->533K(640K)
[33.392s][info][gc             ] GC(261) Pause Young (Allocation Failure) 4899M->4899M(5383M) 109.247ms
[33.392s][info][gc,cpu         ] GC(261) User=0.86s Sys=0.02s Real=0.11s
[33.483s][info][gc,start       ] GC(262) Pause Young (Allocation Failure)
[33.628s][info][gc,heap        ] GC(262) PSYoungGen: 244736K(244736K)->142880K(274944K) Eden: 76800K(76800K)->0K(83456K) From: 167936K(167936K)->142880K(191488K)
[33.628s][info][gc,heap        ] GC(262) ParOldGen: 4849075K(5267968K)->4951899K(5267968K)
[33.628s][info][gc,metaspace   ] GC(262) Metaspace: 6303K(6528K)->6303K(6528K) NonClass: 5769K(5888K)->5769K(5888K) Class: 533K(640K)->533K(640K)
[33.628s][info][gc             ] GC(262) Pause Young (Allocation Failure) 4974M->4975M(5413M) 144.857ms
[33.628s][info][gc,cpu         ] GC(262) User=0.94s Sys=0.16s Real=0.14s
[33.721s][info][gc,start       ] GC(263) Pause Young (Allocation Failure)
[33.851s][info][gc,heap        ] GC(263) PSYoungGen: 226336K(274944K)->160640K(275968K) Eden: 83456K(83456K)->0K(83456K) From: 142880K(191488K)->160640K(192512K)
[33.851s][info][gc,heap        ] GC(263) ParOldGen: 4951899K(5267968K)->5018243K(5267968K)
[33.851s][info][gc,metaspace   ] GC(263) Metaspace: 6303K(6528K)->6303K(6528K) NonClass: 5769K(5888K)->5769K(5888K) Class: 533K(640K)->533K(640K)
[33.851s][info][gc             ] GC(263) Pause Young (Allocation Failure) 5056M->5057M(5414M) 129.537ms
[33.851s][info][gc,cpu         ] GC(263) User=0.80s Sys=0.05s Real=0.13s
[33.952s][info][gc,start       ] GC(264) Pause Young (Allocation Failure)
[34.094s][info][gc,heap        ] GC(264) PSYoungGen: 244096K(275968K)->167328K(284160K) Eden: 83456K(83456K)->0K(84992K) From: 160640K(192512K)->167328K(199168K)
[34.094s][info][gc,heap        ] GC(264) ParOldGen: 5018243K(5267968K)->5095739K(5267968K)
[34.094s][info][gc,metaspace   ] GC(264) Metaspace: 6303K(6528K)->6303K(6528K) NonClass: 5769K(5888K)->5769K(5888K) Class: 533K(640K)->533K(640K)
[34.094s][info][gc             ] GC(264) Pause Young (Allocation Failure) 5139M->5139M(5422M) 142.562ms
[34.094s][info][gc,cpu         ] GC(264) User=1.02s Sys=0.08s Real=0.14s
[34.195s][info][gc,start       ] GC(265) Pause Young (Allocation Failure)
[34.344s][info][gc,heap        ] GC(265) PSYoungGen: 252320K(284160K)->168928K(291840K) Eden: 84992K(84992K)->0K(84992K) From: 167328K(199168K)->168928K(206848K)
[34.344s][info][gc,heap        ] GC(265) ParOldGen: 5095739K(5267968K)->5179979K(5267968K)
[34.344s][info][gc,metaspace   ] GC(265) Metaspace: 6303K(6528K)->6303K(6528K) NonClass: 5769K(5888K)->5769K(5888K) Class: 533K(640K)->533K(640K)
[34.344s][info][gc             ] GC(265) Pause Young (Allocation Failure) 5222M->5223M(5429M) 148.297ms
[34.344s][info][gc,cpu         ] GC(265) User=0.94s Sys=0.06s Real=0.15s
[34.344s][info][gc,start       ] GC(266) Pause Full (Ergonomics)
[34.344s][info][gc,phases,start] GC(266) Marking Phase
[35.568s][info][gc,phases      ] GC(266) Marking Phase 1224.319ms
[35.568s][info][gc,phases,start] GC(266) Summary Phase
[35.568s][info][gc,phases      ] GC(266) Summary Phase 0.073ms
[35.568s][info][gc,phases,start] GC(266) Adjust Roots
[35.568s][info][gc,phases      ] GC(266) Adjust Roots 0.195ms
[35.568s][info][gc,phases,start] GC(266) Compaction Phase
[36.041s][info][gc,phases      ] GC(266) Compaction Phase 472.027ms
[36.041s][info][gc,phases,start] GC(266) Post Compact
[36.049s][info][gc,phases      ] GC(266) Post Compact 8.337ms
[36.051s][info][gc,heap        ] GC(266) PSYoungGen: 168928K(291840K)->76907K(291840K) Eden: 0K(84992K)->0K(84992K) From: 168928K(206848K)->76907K(206848K)
[36.051s][info][gc,heap        ] GC(266) ParOldGen: 5179979K(5267968K)->5267683K(5818368K)
[36.051s][info][gc,metaspace   ] GC(266) Metaspace: 6303K(6528K)->6303K(6528K) NonClass: 5769K(5888K)->5769K(5888K) Class: 533K(640K)->533K(640K)
[36.051s][info][gc             ] GC(266) Pause Full (Ergonomics) 5223M->5219M(5967M) 1707.030ms
[36.051s][info][gc,cpu         ] GC(266) User=12.89s Sys=0.03s Real=1.71s
[36.145s][info][gc,start       ] GC(267) Pause Young (Allocation Failure)
[36.481s][info][gc,heap        ] GC(267) PSYoungGen: 161899K(291840K)->127808K(291840K) Eden: 84992K(84992K)->0K(93184K) From: 76907K(206848K)->127808K(198656K)
[36.481s][info][gc,heap        ] GC(267) ParOldGen: 5267683K(5818368K)->5302523K(5818368K)
[36.481s][info][gc,metaspace   ] GC(267) Metaspace: 6303K(6528K)->6303K(6528K) NonClass: 5769K(5888K)->5769K(5888K) Class: 533K(640K)->533K(640K)
[36.481s][info][gc             ] GC(267) Pause Young (Allocation Failure) 5302M->5303M(5967M) 335.508ms
[36.481s][info][gc,cpu         ] GC(267) User=2.16s Sys=0.02s Real=0.34s
[36.597s][info][gc,start       ] GC(268) Pause Young (Allocation Failure)
[36.728s][info][gc,heap        ] GC(268) PSYoungGen: 220992K(291840K)->206848K(300032K) Eden: 93184K(93184K)->0K(93184K) From: 127808K(198656K)->206848K(206848K)
[36.728s][info][gc,heap        ] GC(268) ParOldGen: 5302523K(5818368K)->5316843K(5818368K)
[36.728s][info][gc,metaspace   ] GC(268) Metaspace: 6303K(6528K)->6303K(6528K) NonClass: 5769K(5888K)->5769K(5888K) Class: 533K(640K)->533K(640K)
[36.728s][info][gc             ] GC(268) Pause Young (Allocation Failure) 5394M->5394M(5975M) 131.766ms
[36.728s][info][gc,cpu         ] GC(268) User=0.89s Sys=0.00s Real=0.13s
[36.835s][info][gc,start       ] GC(269) Pause Young (Allocation Failure)
[37.017s][info][gc,heap        ] GC(269) PSYoungGen: 300032K(300032K)->182304K(328704K) Eden: 93184K(93184K)->0K(96768K) From: 206848K(206848K)->182304K(231936K)
[37.017s][info][gc,heap        ] GC(269) ParOldGen: 5316843K(5818368K)->5435731K(5818368K)
[37.017s][info][gc,metaspace   ] GC(269) Metaspace: 6303K(6528K)->6303K(6528K) NonClass: 5769K(5888K)->5769K(5888K) Class: 533K(640K)->533K(640K)
[37.017s][info][gc             ] GC(269) Pause Young (Allocation Failure) 5485M->5486M(6003M) 181.393ms
[37.017s][info][gc,cpu         ] GC(269) User=1.23s Sys=0.05s Real=0.18s
[37.145s][info][gc,start       ] GC(270) Pause Young (Allocation Failure)
[37.311s][info][gc,heap        ] GC(270) PSYoungGen: 279072K(328704K)->190464K(334336K) Eden: 96768K(96768K)->0K(96768K) From: 182304K(231936K)->190464K(237568K)
[37.311s][info][gc,heap        ] GC(270) ParOldGen: 5435731K(5818368K)->5525155K(5818368K)
[37.311s][info][gc,metaspace   ] GC(270) Metaspace: 6303K(6528K)->6303K(6528K) NonClass: 5769K(5888K)->5769K(5888K) Class: 533K(640K)->533K(640K)
[37.311s][info][gc             ] GC(270) Pause Young (Allocation Failure) 5580M->5581M(6008M) 166.632ms
[37.311s][info][gc,cpu         ] GC(270) User=0.94s Sys=0.14s Real=0.17s
[38.450s][info][gc,start       ] GC(271) Pause Full (Ergonomics)
[38.450s][info][gc,phases,start] GC(271) Marking Phase
[39.767s][info][gc,phases      ] GC(271) Marking Phase 1316.885ms
[39.767s][info][gc,phases,start] GC(271) Summary Phase
[39.767s][info][gc,phases      ] GC(271) Summary Phase 0.066ms
[39.767s][info][gc,phases,start] GC(271) Adjust Roots
[39.767s][info][gc,phases      ] GC(271) Adjust Roots 0.162ms
[39.767s][info][gc,phases,start] GC(271) Compaction Phase
[40.700s][info][gc,phases      ] GC(271) Compaction Phase 932.746ms
[40.700s][info][gc,phases,start] GC(271) Post Compact
[40.711s][info][gc,phases      ] GC(271) Post Compact 11.117ms
[40.713s][info][gc,heap        ] GC(271) PSYoungGen: 287232K(334336K)->122416K(334336K) Eden: 96768K(96768K)->0K(96768K) From: 190464K(237568K)->122416K(237568K)
[40.713s][info][gc,heap        ] GC(271) ParOldGen: 5787299K(5818368K)->5817981K(6438912K)
[40.713s][info][gc,metaspace   ] GC(271) Metaspace: 6303K(6528K)->6303K(6528K) NonClass: 5769K(5888K)->5769K(5888K) Class: 533K(640K)->533K(640K)
[40.713s][info][gc             ] GC(271) Pause Full (Ergonomics) 5932M->5801M(6614M) 2263.354ms
[40.713s][info][gc,cpu         ] GC(271) User=15.80s Sys=0.06s Real=2.26s
[40.817s][info][gc,start       ] GC(272) Pause Young (Allocation Failure)
[41.154s][info][gc,heap        ] GC(272) PSYoungGen: 219184K(334336K)->155584K(332288K) Eden: 96768K(96768K)->0K(105472K) From: 122416K(237568K)->155584K(226816K)
[41.154s][info][gc,heap        ] GC(272) ParOldGen: 5817981K(6438912K)->5882685K(6438912K)
[41.154s][info][gc,metaspace   ] GC(272) Metaspace: 6303K(6528K)->6303K(6528K) NonClass: 5769K(5888K)->5769K(5888K) Class: 533K(640K)->533K(640K)
[41.154s][info][gc             ] GC(272) Pause Young (Allocation Failure) 5895M->5896M(6612M) 337.359ms
[41.154s][info][gc,cpu         ] GC(272) User=2.14s Sys=0.02s Real=0.34s
[41.265s][info][gc,start       ] GC(273) Pause Young (Allocation Failure)
[41.407s][info][gc,heap        ] GC(273) PSYoungGen: 261056K(332288K)->236544K(342016K) Eden: 105472K(105472K)->0K(105472K) From: 155584K(226816K)->236544K(236544K)
[41.407s][info][gc,heap        ] GC(273) ParOldGen: 5882685K(6438912K)->5907413K(6438912K)
[41.407s][info][gc,metaspace   ] GC(273) Metaspace: 6303K(6528K)->6303K(6528K) NonClass: 5769K(5888K)->5769K(5888K) Class: 533K(640K)->533K(640K)
[41.407s][info][gc             ] GC(273) Pause Young (Allocation Failure) 5999M->5999M(6622M) 142.314ms
[41.407s][info][gc,cpu         ] GC(273) User=0.80s Sys=0.00s Real=0.14s
[41.523s][info][gc,start       ] GC(274) Pause Young (Allocation Failure)
[41.694s][info][gc,heap        ] GC(274) PSYoungGen: 342016K(342016K)->204768K(379392K) Eden: 105472K(105472K)->0K(110592K) From: 236544K(236544K)->204768K(268800K)
[41.694s][info][gc,heap        ] GC(274) ParOldGen: 5907413K(6438912K)->6045973K(6438912K)
[41.694s][info][gc,metaspace   ] GC(274) Metaspace: 6303K(6528K)->6303K(6528K) NonClass: 5769K(5888K)->5769K(5888K) Class: 533K(640K)->533K(640K)
[41.694s][info][gc             ] GC(274) Pause Young (Allocation Failure) 6102M->6104M(6658M) 171.251ms
[41.694s][info][gc,cpu         ] GC(274) User=1.11s Sys=0.14s Real=0.17s
[41.816s][info][gc,start       ] GC(275) Pause Young (Allocation Failure)
[41.978s][info][gc,heap        ] GC(275) PSYoungGen: 315360K(379392K)->216576K(384512K) Eden: 110592K(110592K)->0K(110592K) From: 204768K(268800K)->216576K(273920K)
[41.978s][info][gc,heap        ] GC(275) ParOldGen: 6045973K(6438912K)->6145637K(6438912K)
[41.978s][info][gc,metaspace   ] GC(275) Metaspace: 6303K(6528K)->6303K(6528K) NonClass: 5769K(5888K)->5769K(5888K) Class: 533K(640K)->533K(640K)
[41.978s][info][gc             ] GC(275) Pause Young (Allocation Failure) 6212M->6213M(6663M) 162.027ms
[41.978s][info][gc,cpu         ] GC(275) User=0.81s Sys=0.02s Real=0.16s
[42.095s][info][gc,start       ] GC(276) Pause Young (Allocation Failure)
[42.269s][info][gc,heap        ] GC(276) PSYoungGen: 327168K(384512K)->221728K(396288K) Eden: 110592K(110592K)->0K(114688K) From: 216576K(273920K)->221728K(281600K)
[42.269s][info][gc,heap        ] GC(276) ParOldGen: 6145637K(6438912K)->6252061K(6438912K)
[42.269s][info][gc,metaspace   ] GC(276) Metaspace: 6303K(6528K)->6303K(6528K) NonClass: 5769K(5888K)->5769K(5888K) Class: 533K(640K)->533K(640K)
[42.269s][info][gc             ] GC(276) Pause Young (Allocation Failure) 6321M->6322M(6675M) 174.039ms
[42.269s][info][gc,cpu         ] GC(276) User=0.94s Sys=0.06s Real=0.17s
[42.399s][info][gc,start       ] GC(277) Pause Young (Allocation Failure)
[42.570s][info][gc,heap        ] GC(277) PSYoungGen: 336416K(396288K)->225856K(403968K) Eden: 114688K(114688K)->0K(114688K) From: 221728K(281600K)->225856K(289280K)
[42.570s][info][gc,heap        ] GC(277) ParOldGen: 6252061K(6438912K)->6363661K(6438912K)
[42.570s][info][gc,metaspace   ] GC(277) Metaspace: 6303K(6528K)->6303K(6528K) NonClass: 5769K(5888K)->5769K(5888K) Class: 533K(640K)->533K(640K)
[42.570s][info][gc             ] GC(277) Pause Young (Allocation Failure) 6434M->6435M(6682M) 171.609ms
[42.570s][info][gc,cpu         ] GC(277) User=1.03s Sys=0.02s Real=0.17s
[42.570s][info][gc,start       ] GC(278) Pause Full (Ergonomics)
[42.570s][info][gc,phases,start] GC(278) Marking Phase
[44.051s][info][gc,phases      ] GC(278) Marking Phase 1480.653ms
[44.051s][info][gc,phases,start] GC(278) Summary Phase
[44.051s][info][gc,phases      ] GC(278) Summary Phase 0.082ms
[44.051s][info][gc,phases,start] GC(278) Adjust Roots
[44.051s][info][gc,phases      ] GC(278) Adjust Roots 0.201ms
[44.052s][info][gc,phases,start] GC(278) Compaction Phase
[44.761s][info][gc,phases      ] GC(278) Compaction Phase 709.804ms
[44.761s][info][gc,phases,start] GC(278) Post Compact
[44.771s][info][gc,phases      ] GC(278) Post Compact 10.006ms
[44.774s][info][gc,heap        ] GC(278) PSYoungGen: 225856K(403968K)->144966K(403968K) Eden: 0K(114688K)->0K(114688K) From: 225856K(289280K)->144966K(289280K)
[44.774s][info][gc,heap        ] GC(278) ParOldGen: 6363661K(6438912K)->6438821K(7142912K)
[44.774s][info][gc,metaspace   ] GC(278) Metaspace: 6303K(6528K)->6303K(6528K) NonClass: 5769K(5888K)->5769K(5888K) Class: 533K(640K)->533K(640K)
[44.774s][info][gc             ] GC(278) Pause Full (Ergonomics) 6435M->6429M(7370M) 2203.324ms
[44.774s][info][gc,cpu         ] GC(278) User=15.66s Sys=0.06s Real=2.20s
[44.905s][info][gc,start       ] GC(279) Pause Young (Allocation Failure)
[45.282s][info][gc,heap        ] GC(279) PSYoungGen: 259654K(403968K)->192416K(404992K) Eden: 114688K(114688K)->0K(125440K) From: 144966K(289280K)->192416K(279552K)
[45.282s][info][gc,heap        ] GC(279) ParOldGen: 6438821K(7142912K)->6507253K(7142912K)
[45.282s][info][gc,metaspace   ] GC(279) Metaspace: 6303K(6528K)->6303K(6528K) NonClass: 5769K(5888K)->5769K(5888K) Class: 533K(640K)->533K(640K)
[45.282s][info][gc             ] GC(279) Pause Young (Allocation Failure) 6541M->6542M(7371M) 376.386ms
[45.282s][info][gc,cpu         ] GC(279) User=2.50s Sys=0.02s Real=0.38s
[45.419s][info][gc,start       ] GC(280) Pause Young (Allocation Failure)
[45.586s][info][gc,heap        ] GC(280) PSYoungGen: 317856K(404992K)->288768K(414208K) Eden: 125440K(125440K)->0K(125440K) From: 192416K(279552K)->288768K(288768K)
[45.586s][info][gc,heap        ] GC(280) ParOldGen: 6507253K(7142912K)->6536661K(7142912K)
[45.586s][info][gc,metaspace   ] GC(280) Metaspace: 6303K(6528K)->6303K(6528K) NonClass: 5769K(5888K)->5769K(5888K) Class: 533K(640K)->533K(640K)
[45.587s][info][gc             ] GC(280) Pause Young (Allocation Failure) 6665M->6665M(7380M) 167.643ms
[45.587s][info][gc,cpu         ] GC(280) User=0.97s Sys=0.00s Real=0.17s
[45.731s][info][gc,start       ] GC(281) Pause Young (Allocation Failure)
[45.942s][info][gc,heap        ] GC(281) PSYoungGen: 414208K(414208K)->240224K(462336K) Eden: 125440K(125440K)->0K(134144K) From: 288768K(288768K)->240224K(328192K)
[45.942s][info][gc,heap        ] GC(281) ParOldGen: 6536661K(7142912K)->6712237K(7142912K)
[45.942s][info][gc,metaspace   ] GC(281) Metaspace: 6303K(6528K)->6303K(6528K) NonClass: 5769K(5888K)->5769K(5888K) Class: 533K(640K)->533K(640K)
[45.942s][info][gc             ] GC(281) Pause Young (Allocation Failure) 6787M->6789M(7427M) 211.071ms
[45.942s][info][gc,cpu         ] GC(281) User=1.33s Sys=0.20s Real=0.21s
[46.083s][info][gc,start       ] GC(282) Pause Young (Allocation Failure)
[46.284s][info][gc,heap        ] GC(282) PSYoungGen: 374368K(462336K)->260224K(465408K) Eden: 134144K(134144K)->0K(134144K) From: 240224K(328192K)->260224K(331264K)
[46.284s][info][gc,heap        ] GC(282) ParOldGen: 6712237K(7142912K)->6827501K(7142912K)
[46.284s][info][gc,metaspace   ] GC(282) Metaspace: 6303K(6528K)->6303K(6528K) NonClass: 5769K(5888K)->5769K(5888K) Class: 533K(640K)->533K(640K)
[46.284s][info][gc             ] GC(282) Pause Young (Allocation Failure) 6920M->6921M(7430M) 200.757ms
[46.284s][info][gc,cpu         ] GC(282) User=1.23s Sys=0.06s Real=0.20s
[46.430s][info][gc,start       ] GC(283) Pause Young (Allocation Failure)
[46.626s][info][gc,heap        ] GC(283) PSYoungGen: 394368K(465408K)->268896K(478720K) Eden: 134144K(134144K)->0K(138752K) From: 260224K(331264K)->268896K(339968K)
[46.626s][info][gc,heap        ] GC(283) ParOldGen: 6827501K(7142912K)->6954077K(7142912K)
[46.626s][info][gc,metaspace   ] GC(283) Metaspace: 6303K(6528K)->6303K(6528K) NonClass: 5769K(5888K)->5769K(5888K) Class: 533K(640K)->533K(640K)
[46.626s][info][gc             ] GC(283) Pause Young (Allocation Failure) 7052M->7053M(7443M) 195.606ms
[46.626s][info][gc,cpu         ] GC(283) User=1.34s Sys=0.06s Real=0.19s
[46.626s][info][gc,start       ] GC(284) Pause Full (Ergonomics)
[46.626s][info][gc,phases,start] GC(284) Marking Phase
[48.265s][info][gc,phases      ] GC(284) Marking Phase 1639.410ms
[48.265s][info][gc,phases,start] GC(284) Summary Phase
[48.266s][info][gc,phases      ] GC(284) Summary Phase 0.081ms
[48.266s][info][gc,phases,start] GC(284) Adjust Roots
[48.266s][info][gc,phases      ] GC(284) Adjust Roots 0.162ms
[48.266s][info][gc,phases,start] GC(284) Compaction Phase
[48.990s][info][gc,phases      ] GC(284) Compaction Phase 723.752ms
[48.990s][info][gc,phases,start] GC(284) Post Compact
[49.001s][info][gc,phases      ] GC(284) Post Compact 11.364ms
[49.001s][info][gc,heap        ] GC(284) PSYoungGen: 268896K(478720K)->74587K(478720K) Eden: 0K(138752K)->0K(138752K) From: 268896K(339968K)->74587K(339968K)
[49.001s][info][gc,heap        ] GC(284) ParOldGen: 6954077K(7142912K)->7142896K(7168000K)
[49.001s][info][gc,metaspace   ] GC(284) Metaspace: 6303K(6528K)->6303K(6528K) NonClass: 5769K(5888K)->5769K(5888K) Class: 533K(640K)->533K(640K)
[49.001s][info][gc             ] GC(284) Pause Full (Ergonomics) 7053M->7048M(7467M) 2375.243ms
[49.001s][info][gc,cpu         ] GC(284) User=17.23s Sys=0.09s Real=2.38s
[49.146s][info][gc,start       ] GC(285) Pause Full (Ergonomics)
[49.146s][info][gc,phases,start] GC(285) Marking Phase
[50.809s][info][gc,phases      ] GC(285) Marking Phase 1662.761ms
[50.809s][info][gc,phases,start] GC(285) Summary Phase
[50.809s][info][gc,phases      ] GC(285) Summary Phase 0.073ms
[50.809s][info][gc,phases,start] GC(285) Adjust Roots
[50.809s][info][gc,phases      ] GC(285) Adjust Roots 0.188ms
[50.809s][info][gc,phases,start] GC(285) Compaction Phase
[51.359s][info][gc,phases      ] GC(285) Compaction Phase 549.943ms
[51.359s][info][gc,phases,start] GC(285) Post Compact
[51.371s][info][gc,phases      ] GC(285) Post Compact 11.672ms
[51.371s][info][gc,heap        ] GC(285) PSYoungGen: 213339K(478720K)->188227K(478720K) Eden: 138752K(138752K)->138727K(138752K) From: 74587K(339968K)->49499K(339968K)
[51.371s][info][gc,heap        ] GC(285) ParOldGen: 7142896K(7168000K)->7167979K(7168000K)
[51.371s][info][gc,metaspace   ] GC(285) Metaspace: 6303K(6528K)->6303K(6528K) NonClass: 5769K(5888K)->5769K(5888K) Class: 533K(640K)->533K(640K)
[51.371s][info][gc             ] GC(285) Pause Full (Ergonomics) 7183M->7183M(7467M) 2225.029ms
[51.371s][info][gc,cpu         ] GC(285) User=16.69s Sys=0.00s Real=2.23s
[51.371s][info][gc,start       ] GC(286) Pause Full (Ergonomics)
[51.372s][info][gc,phases,start] GC(286) Marking Phase
[53.046s][info][gc,phases      ] GC(286) Marking Phase 1674.083ms
[53.046s][info][gc,phases,start] GC(286) Summary Phase
[53.046s][info][gc,phases      ] GC(286) Summary Phase 0.120ms
[53.046s][info][gc,phases,start] GC(286) Adjust Roots
[53.046s][info][gc,phases      ] GC(286) Adjust Roots 0.242ms
[53.046s][info][gc,phases,start] GC(286) Compaction Phase
[53.605s][info][gc,phases      ] GC(286) Compaction Phase 559.227ms
[53.605s][info][gc,phases,start] GC(286) Post Compact
[53.617s][info][gc,phases      ] GC(286) Post Compact 11.142ms
[53.617s][info][gc,heap        ] GC(286) PSYoungGen: 188251K(478720K)->188251K(478720K) Eden: 138752K(138752K)->138751K(138752K) From: 49499K(339968K)->49499K(339968K)
[53.617s][info][gc,heap        ] GC(286) ParOldGen: 7167979K(7168000K)->7167979K(7168000K)
[53.617s][info][gc,metaspace   ] GC(286) Metaspace: 6303K(6528K)->6303K(6528K) NonClass: 5769K(5888K)->5769K(5888K) Class: 533K(640K)->533K(640K)
[53.617s][info][gc             ] GC(286) Pause Full (Ergonomics) 7183M->7183M(7467M) 2245.203ms
[53.617s][info][gc,cpu         ] GC(286) User=16.72s Sys=0.00s Real=2.24s
[53.617s][info][gc,start       ] GC(287) Pause Full (Ergonomics)
[53.617s][info][gc,phases,start] GC(287) Marking Phase
[55.287s][info][gc,phases      ] GC(287) Marking Phase 1670.303ms
[55.287s][info][gc,phases,start] GC(287) Summary Phase
[55.287s][info][gc,phases      ] GC(287) Summary Phase 0.073ms
[55.287s][info][gc,phases,start] GC(287) Adjust Roots
[55.288s][info][gc,phases      ] GC(287) Adjust Roots 0.186ms
[55.288s][info][gc,phases,start] GC(287) Compaction Phase
[55.835s][info][gc,phases      ] GC(287) Compaction Phase 547.898ms
[55.836s][info][gc,phases,start] GC(287) Post Compact
[55.846s][info][gc,phases      ] GC(287) Post Compact 10.959ms
[55.847s][info][gc,heap        ] GC(287) PSYoungGen: 188251K(478720K)->188251K(478720K) Eden: 138751K(138752K)->138751K(138752K) From: 49499K(339968K)->49499K(339968K)
[55.847s][info][gc,heap        ] GC(287) ParOldGen: 7167979K(7168000K)->7167979K(7168000K)
[55.847s][info][gc,metaspace   ] GC(287) Metaspace: 6303K(6528K)->6303K(6528K) NonClass: 5769K(5888K)->5769K(5888K) Class: 533K(640K)->533K(640K)
[55.847s][info][gc             ] GC(287) Pause Full (Ergonomics) 7183M->7183M(7467M) 2229.748ms
[55.847s][info][gc,cpu         ] GC(287) User=16.81s Sys=0.00s Real=2.23s
[55.847s][info][gc,start       ] GC(288) Pause Full (Ergonomics)
[55.847s][info][gc,phases,start] GC(288) Marking Phase
[57.512s][info][gc,phases      ] GC(288) Marking Phase 1665.452ms
[57.512s][info][gc,phases,start] GC(288) Summary Phase
[57.512s][info][gc,phases      ] GC(288) Summary Phase 0.073ms
[57.512s][info][gc,phases,start] GC(288) Adjust Roots
[57.513s][info][gc,phases      ] GC(288) Adjust Roots 0.164ms
[57.513s][info][gc,phases,start] GC(288) Compaction Phase
[58.077s][info][gc,phases      ] GC(288) Compaction Phase 563.953ms
[58.077s][info][gc,phases,start] GC(288) Post Compact
[58.088s][info][gc,phases      ] GC(288) Post Compact 11.744ms
[58.088s][info][gc,heap        ] GC(288) PSYoungGen: 188251K(478720K)->188251K(478720K) Eden: 138751K(138752K)->138751K(138752K) From: 49499K(339968K)->49499K(339968K)
[58.089s][info][gc,heap        ] GC(288) ParOldGen: 7167984K(7168000K)->7167984K(7168000K)
[58.089s][info][gc,metaspace   ] GC(288) Metaspace: 6303K(6528K)->6303K(6528K) NonClass: 5769K(5888K)->5769K(5888K) Class: 533K(640K)->533K(640K)
[58.089s][info][gc             ] GC(288) Pause Full (Ergonomics) 7183M->7183M(7467M) 2241.731ms
[58.089s][info][gc,cpu         ] GC(288) User=16.75s Sys=0.00s Real=2.24s
[58.089s][info][gc,start       ] GC(289) Pause Full (Ergonomics)
[58.089s][info][gc,phases,start] GC(289) Marking Phase
[59.772s][info][gc,phases      ] GC(289) Marking Phase 1683.543ms
[59.772s][info][gc,phases,start] GC(289) Summary Phase
[59.772s][info][gc,phases      ] GC(289) Summary Phase 0.074ms
[59.773s][info][gc,phases,start] GC(289) Adjust Roots
[59.773s][info][gc,phases      ] GC(289) Adjust Roots 0.189ms
[59.773s][info][gc,phases,start] GC(289) Compaction Phase
[60.315s][info][gc,phases      ] GC(289) Compaction Phase 542.398ms
[60.315s][info][gc,phases,start] GC(289) Post Compact
[60.326s][info][gc,phases      ] GC(289) Post Compact 11.083ms
[60.326s][info][gc,heap        ] GC(289) PSYoungGen: 188251K(478720K)->188251K(478720K) Eden: 138751K(138752K)->138751K(138752K) From: 49499K(339968K)->49499K(339968K)
[60.326s][info][gc,heap        ] GC(289) ParOldGen: 7167989K(7168000K)->7167989K(7168000K)
[60.326s][info][gc,metaspace   ] GC(289) Metaspace: 6303K(6528K)->6303K(6528K) NonClass: 5769K(5888K)->5769K(5888K) Class: 533K(640K)->533K(640K)
[60.326s][info][gc             ] GC(289) Pause Full (Ergonomics) 7183M->7183M(7467M) 2237.648ms
[60.326s][info][gc,cpu         ] GC(289) User=16.98s Sys=0.00s Real=2.24s
[60.327s][info][gc,start       ] GC(290) Pause Full (Ergonomics)
[60.327s][info][gc,phases,start] GC(290) Marking Phase
[62.009s][info][gc,phases      ] GC(290) Marking Phase 1681.888ms
[62.009s][info][gc,phases,start] GC(290) Summary Phase
[62.009s][info][gc,phases      ] GC(290) Summary Phase 0.074ms
[62.009s][info][gc,phases,start] GC(290) Adjust Roots
[62.009s][info][gc,phases      ] GC(290) Adjust Roots 0.166ms
[62.009s][info][gc,phases,start] GC(290) Compaction Phase
[62.549s][info][gc,phases      ] GC(290) Compaction Phase 539.955ms
[62.549s][info][gc,phases,start] GC(290) Post Compact
[62.560s][info][gc,phases      ] GC(290) Post Compact 11.395ms
[62.560s][info][gc,heap        ] GC(290) PSYoungGen: 188251K(478720K)->188251K(478720K) Eden: 138751K(138752K)->138751K(138752K) From: 49499K(339968K)->49499K(339968K)
[62.561s][info][gc,heap        ] GC(290) ParOldGen: 7167994K(7168000K)->7167994K(7168000K)
[62.561s][info][gc,metaspace   ] GC(290) Metaspace: 6303K(6528K)->6303K(6528K) NonClass: 5769K(5888K)->5769K(5888K) Class: 533K(640K)->533K(640K)
[62.561s][info][gc             ] GC(290) Pause Full (Ergonomics) 7183M->7183M(7467M) 2233.882ms
[62.561s][info][gc,cpu         ] GC(290) User=16.92s Sys=0.00s Real=2.23s
[62.561s][info][gc,start       ] GC(291) Pause Full (Ergonomics)
[62.561s][info][gc,phases,start] GC(291) Marking Phase
[64.279s][info][gc,phases      ] GC(291) Marking Phase 1718.664ms
[64.280s][info][gc,phases,start] GC(291) Summary Phase
[64.280s][info][gc,phases      ] GC(291) Summary Phase 0.074ms
[64.280s][info][gc,phases,start] GC(291) Adjust Roots
[64.280s][info][gc,phases      ] GC(291) Adjust Roots 0.170ms
[64.280s][info][gc,phases,start] GC(291) Compaction Phase
[64.885s][info][gc,phases      ] GC(291) Compaction Phase 605.579ms
[64.885s][info][gc,phases,start] GC(291) Post Compact
[64.898s][info][gc,phases      ] GC(291) Post Compact 12.365ms
[64.898s][info][gc,heap        ] GC(291) PSYoungGen: 188251K(478720K)->188251K(478720K) Eden: 138751K(138752K)->138751K(138752K) From: 49499K(339968K)->49499K(339968K)
[64.898s][info][gc,heap        ] GC(291) ParOldGen: 7167999K(7168000K)->7167999K(7168000K)
[64.898s][info][gc,metaspace   ] GC(291) Metaspace: 6303K(6528K)->6303K(6528K) NonClass: 5769K(5888K)->5769K(5888K) Class: 533K(640K)->533K(640K)
[64.898s][info][gc             ] GC(291) Pause Full (Ergonomics) 7183M->7183M(7467M) 2337.210ms
[64.898s][info][gc,cpu         ] GC(291) User=17.36s Sys=0.03s Real=2.34s
[64.898s][info][gc,start       ] GC(292) Pause Full (Ergonomics)
[64.898s][info][gc,phases,start] GC(292) Marking Phase
[66.622s][info][gc,phases      ] GC(292) Marking Phase 1723.339ms
[66.622s][info][gc,phases,start] GC(292) Summary Phase
[66.622s][info][gc,phases      ] GC(292) Summary Phase 0.083ms
[66.622s][info][gc,phases,start] GC(292) Adjust Roots
[66.622s][info][gc,phases      ] GC(292) Adjust Roots 0.190ms
[66.622s][info][gc,phases,start] GC(292) Compaction Phase
[67.240s][info][gc,phases      ] GC(292) Compaction Phase 618.037ms
[67.240s][info][gc,phases,start] GC(292) Post Compact
[67.252s][info][gc,phases      ] GC(292) Post Compact 11.904ms
[67.252s][info][gc,heap        ] GC(292) PSYoungGen: 188251K(478720K)->188251K(478720K) Eden: 138751K(138752K)->138751K(138752K) From: 49499K(339968K)->49499K(339968K)
[67.252s][info][gc,heap        ] GC(292) ParOldGen: 7167999K(7168000K)->7167999K(7168000K)
[67.252s][info][gc,metaspace   ] GC(292) Metaspace: 6303K(6528K)->6303K(6528K) NonClass: 5769K(5888K)->5769K(5888K) Class: 533K(640K)->533K(640K)
[67.252s][info][gc             ] GC(292) Pause Full (Ergonomics) 7183M->7183M(7467M) 2353.911ms
[67.252s][info][gc,cpu         ] GC(292) User=17.39s Sys=0.06s Real=2.35s
[67.252s][info][gc,start       ] GC(293) Pause Full (Allocation Failure)
[67.252s][info][gc,phases,start] GC(293) Marking Phase
[68.961s][info][gc,phases      ] GC(293) Marking Phase 1708.685ms
[68.961s][info][gc,phases,start] GC(293) Summary Phase
[68.961s][info][gc,phases      ] GC(293) Summary Phase 0.106ms
[68.961s][info][gc,phases,start] GC(293) Adjust Roots
[68.962s][info][gc,phases      ] GC(293) Adjust Roots 0.449ms
[68.962s][info][gc,phases,start] GC(293) Compaction Phase
[70.827s][info][gc,phases      ] GC(293) Compaction Phase 1865.669ms
[70.827s][info][gc,phases,start] GC(293) Post Compact
[70.840s][info][gc,phases      ] GC(293) Post Compact 12.810ms
[70.840s][info][gc,heap        ] GC(293) PSYoungGen: 188251K(478720K)->188251K(478720K) Eden: 138751K(138752K)->138751K(138752K) From: 49499K(339968K)->49499K(339968K)
[70.840s][info][gc,heap        ] GC(293) ParOldGen: 7167999K(7168000K)->7167995K(7168000K)
[70.840s][info][gc,metaspace   ] GC(293) Metaspace: 6303K(6528K)->6301K(6528K) NonClass: 5769K(5888K)->5768K(5888K) Class: 533K(640K)->532K(640K)
[70.840s][info][gc             ] GC(293) Pause Full (Allocation Failure) 7183M->7183M(7467M) 3588.072ms
[70.840s][info][gc,cpu         ] GC(293) User=26.56s Sys=0.00s Real=3.59s
[70.841s][info][gc,start       ] GC(294) Pause Full (Ergonomics)
[70.841s][info][gc,phases,start] GC(294) Marking Phase
[72.554s][info][gc,phases      ] GC(294) Marking Phase 1713.110ms
[72.554s][info][gc,phases,start] GC(294) Summary Phase
[72.554s][info][gc,phases      ] GC(294) Summary Phase 0.081ms
[72.554s][info][gc,phases,start] GC(294) Adjust Roots
[72.554s][info][gc,phases      ] GC(294) Adjust Roots 0.239ms
[72.554s][info][gc,phases,start] GC(294) Compaction Phase
[73.154s][info][gc,phases      ] GC(294) Compaction Phase 599.856ms
[73.154s][info][gc,phases,start] GC(294) Post Compact
[73.167s][info][gc,phases      ] GC(294) Post Compact 12.961ms
[73.167s][info][gc,heap        ] GC(294) PSYoungGen: 188251K(478720K)->188251K(478720K) Eden: 138751K(138752K)->138751K(138752K) From: 49499K(339968K)->49499K(339968K)
[73.167s][info][gc,heap        ] GC(294) ParOldGen: 7167999K(7168000K)->7167999K(7168000K)
[73.167s][info][gc,metaspace   ] GC(294) Metaspace: 6301K(6528K)->6301K(6528K) NonClass: 5768K(5888K)->5768K(5888K) Class: 532K(640K)->532K(640K)
[73.167s][info][gc             ] GC(294) Pause Full (Ergonomics) 7183M->7183M(7467M) 2326.629ms
[73.167s][info][gc,cpu         ] GC(294) User=17.34s Sys=0.00s Real=2.33s
[73.168s][info][gc,start       ] GC(295) Pause Full (Ergonomics)
[73.168s][info][gc,phases,start] GC(295) Marking Phase
[74.886s][info][gc,phases      ] GC(295) Marking Phase 1717.835ms
[74.886s][info][gc,phases,start] GC(295) Summary Phase
[74.886s][info][gc,phases      ] GC(295) Summary Phase 0.079ms
[74.886s][info][gc,phases,start] GC(295) Adjust Roots
[74.886s][info][gc,phases      ] GC(295) Adjust Roots 0.234ms
[74.886s][info][gc,phases,start] GC(295) Compaction Phase
[75.514s][info][gc,phases      ] GC(295) Compaction Phase 627.927ms
[75.514s][info][gc,phases,start] GC(295) Post Compact
[75.527s][info][gc,phases      ] GC(295) Post Compact 13.129ms
[75.527s][info][gc,heap        ] GC(295) PSYoungGen: 188251K(478720K)->188251K(478720K) Eden: 138751K(138752K)->138751K(138752K) From: 49499K(339968K)->49499K(339968K)
[75.527s][info][gc,heap        ] GC(295) ParOldGen: 7167999K(7168000K)->7167999K(7168000K)
[75.527s][info][gc,metaspace   ] GC(295) Metaspace: 6301K(6528K)->6301K(6528K) NonClass: 5768K(5888K)->5768K(5888K) Class: 532K(640K)->532K(640K)
[75.527s][info][gc             ] GC(295) Pause Full (Ergonomics) 7183M->7183M(7467M) 2359.572ms
[75.527s][info][gc,cpu         ] GC(295) User=17.52s Sys=0.00s Real=2.36s
[75.527s][info][gc,start       ] GC(296) Pause Full (Allocation Failure)
[75.527s][info][gc,phases,start] GC(296) Marking Phase
[77.251s][info][gc,phases      ] GC(296) Marking Phase 1723.940ms
[77.251s][info][gc,phases,start] GC(296) Summary Phase
[77.252s][info][gc,phases      ] GC(296) Summary Phase 0.075ms
[77.252s][info][gc,phases,start] GC(296) Adjust Roots
[77.252s][info][gc,phases      ] GC(296) Adjust Roots 0.165ms
[77.252s][info][gc,phases,start] GC(296) Compaction Phase
[77.890s][info][gc,phases      ] GC(296) Compaction Phase 638.382ms
[77.890s][info][gc,phases,start] GC(296) Post Compact
[77.903s][info][gc,phases      ] GC(296) Post Compact 12.887ms
[77.903s][info][gc,heap        ] GC(296) PSYoungGen: 188251K(478720K)->188251K(478720K) Eden: 138751K(138752K)->138751K(138752K) From: 49499K(339968K)->49499K(339968K)
[77.903s][info][gc,heap        ] GC(296) ParOldGen: 7167999K(7168000K)->7167999K(7168000K)
[77.903s][info][gc,metaspace   ] GC(296) Metaspace: 6301K(6528K)->6301K(6528K) NonClass: 5768K(5888K)->5768K(5888K) Class: 532K(640K)->532K(640K)
[77.903s][info][gc             ] GC(296) Pause Full (Allocation Failure) 7183M->7183M(7467M) 2375.889ms
[77.903s][info][gc,cpu         ] GC(296) User=17.22s Sys=0.03s Real=2.38s
[77.904s][info][gc,start       ] GC(297) Pause Full (Ergonomics)
[77.904s][info][gc,phases,start] GC(297) Marking Phase
[79.627s][info][gc,phases      ] GC(297) Marking Phase 1723.534ms
[79.627s][info][gc,phases,start] GC(297) Summary Phase
[79.628s][info][gc,phases      ] GC(297) Summary Phase 0.080ms
[79.628s][info][gc,phases,start] GC(297) Adjust Roots
[79.628s][info][gc,phases      ] GC(297) Adjust Roots 0.292ms
[79.628s][info][gc,phases,start] GC(297) Compaction Phase
[81.520s][info][gc,phases      ] GC(297) Compaction Phase 1891.692ms
[81.520s][info][gc,phases,start] GC(297) Post Compact
[81.533s][info][gc,phases      ] GC(297) Post Compact 12.943ms
[81.533s][info][gc,heap        ] GC(297) PSYoungGen: 188251K(478720K)->188251K(478720K) Eden: 138752K(138752K)->138752K(138752K) From: 49499K(339968K)->49499K(339968K)
[81.533s][info][gc,heap        ] GC(297) ParOldGen: 7167999K(7168000K)->7167998K(7168000K)
[81.533s][info][gc,metaspace   ] GC(297) Metaspace: 6301K(6528K)->6301K(6528K) NonClass: 5768K(5888K)->5768K(5888K) Class: 532K(640K)->532K(640K)
[81.533s][info][gc             ] GC(297) Pause Full (Ergonomics) 7183M->7183M(7467M) 3628.948ms
[81.533s][info][gc,cpu         ] GC(297) User=26.88s Sys=0.02s Real=3.63s
[81.534s][info][gc,start       ] GC(298) Pause Full (Ergonomics)
[81.534s][info][gc,phases,start] GC(298) Marking Phase
[83.275s][info][gc,phases      ] GC(298) Marking Phase 1741.432ms
[83.275s][info][gc,phases,start] GC(298) Summary Phase
[83.275s][info][gc,phases      ] GC(298) Summary Phase 0.088ms
[83.275s][info][gc,phases,start] GC(298) Adjust Roots
[83.276s][info][gc,phases      ] GC(298) Adjust Roots 0.392ms
[83.276s][info][gc,phases,start] GC(298) Compaction Phase
[85.168s][info][gc,phases      ] GC(298) Compaction Phase 1892.555ms
[85.169s][info][gc,phases,start] GC(298) Post Compact
[85.182s][info][gc,phases      ] GC(298) Post Compact 12.995ms
[85.182s][info][gc,heap        ] GC(298) PSYoungGen: 188251K(478720K)->188251K(478720K) Eden: 138752K(138752K)->138752K(138752K) From: 49499K(339968K)->49499K(339968K)
[85.182s][info][gc,heap        ] GC(298) ParOldGen: 7167999K(7168000K)->7167997K(7168000K)
[85.182s][info][gc,metaspace   ] GC(298) Metaspace: 6303K(6528K)->6303K(6528K) NonClass: 5769K(5888K)->5769K(5888K) Class: 533K(640K)->533K(640K)
[85.182s][info][gc             ] GC(298) Pause Full (Ergonomics) 7183M->7183M(7467M) 3647.864ms
[85.182s][info][gc,cpu         ] GC(298) User=26.81s Sys=0.00s Real=3.65s
[85.182s][info][gc,heap,exit   ] Heap
[85.182s][info][gc,heap,exit   ]  PSYoungGen      total 478720K, used 188251K [0x0000000725400000, 0x0000000759580000, 0x0000000800000000)
[85.182s][info][gc,heap,exit   ]   eden space 138752K, 100% used [0x0000000725400000,0x000000072db80000,0x000000072db80000)
[85.182s][info][gc,heap,exit   ]   from space 339968K, 14% used [0x0000000743100000,0x0000000746156f98,0x0000000757d00000)
[85.182s][info][gc,heap,exit   ]   to   space 349696K, 0% used [0x000000072db80000,0x000000072db80000,0x0000000743100000)
[85.182s][info][gc,heap,exit   ]  ParOldGen       total 7168000K, used 7167997K [0x000000056fc00000, 0x0000000725400000, 0x0000000725400000)
[85.182s][info][gc,heap,exit   ]   object space 7168000K, 99% used [0x000000056fc00000,0x00000007253ff780,0x0000000725400000)
[85.182s][info][gc,heap,exit   ]  Metaspace       used 6306K, committed 6528K, reserved 1114112K
[85.182s][info][gc,heap,exit   ]   class space    used 534K, committed 640K, reserved 1048576K
