[0.011s][info][gc,init] CardTable entry size: 512
[0.011s][info][gc     ] Using Serial
[0.012s][info][gc,init] Version: 18.0.1+10 (release)
[0.012s][info][gc,init] CPUs: 8 total, 8 available
[0.012s][info][gc,init] Memory: 16063M
[0.012s][info][gc,init] Large Page Support: Disabled
[0.012s][info][gc,init] NUMA Support: Disabled
[0.012s][info][gc,init] Compressed Oops: Enabled (32-bit)
[0.012s][info][gc,init] Heap Min Capacity: 2M
[0.012s][info][gc,init] Heap Initial Capacity: 2M
[0.012s][info][gc,init] Heap Max Capacity: 300M
[0.012s][info][gc,init] Pre-touch: Disabled
[0.012s][info][gc,metaspace] CDS archive(s) not mapped
[0.012s][info][gc,metaspace] Compressed class space mapped at: 0x0000000100000000-0x0000000140000000, reserved size: 1073741824
[0.012s][info][gc,metaspace] Narrow klass base: 0x0000000000000000, Narrow klass shift: 3, Narrow klass range: 0x140000000
[0.174s][info][gc,start    ] GC(0) Pause Young (Allocation Failure)
[0.175s][info][gc,heap     ] GC(0) DefNew: 1023K(1152K)->127K(1152K) Eden: 1023K(1024K)->0K(1024K) From: 0K(128K)->127K(128K)
[0.175s][info][gc,heap     ] GC(0) Tenured: 0K(768K)->440K(768K)
[0.175s][info][gc,metaspace] GC(0) Metaspace: 5903K(6016K)->5903K(6016K) NonClass: 5404K(5504K)->5404K(5504K) Class: 499K(512K)->499K(512K)
[0.175s][info][gc          ] GC(0) Pause Young (Allocation Failure) 0M->0M(1M) 1.572ms
[0.175s][info][gc,cpu      ] GC(0) User=0.00s Sys=0.00s Real=0.00s
[0.194s][info][gc,start    ] GC(1) Pause Young (Allocation Failure)
[0.195s][info][gc          ] GC(1) Pause Young (Allocation Failure) 1M->0M(2M) 1.102ms
[0.196s][info][gc,cpu      ] GC(1) User=0.00s Sys=0.00s Real=0.00s
[0.196s][info][gc,start    ] GC(2) Pause Full (Allocation Failure)
[0.196s][info][gc,phases,start] GC(2) Phase 1: Mark live objects
[0.196s][info][gc,phases      ] GC(2) Phase 1: Mark live objects 0.853ms
[0.196s][info][gc,phases,start] GC(2) Phase 2: Compute new object addresses
[0.197s][info][gc,phases      ] GC(2) Phase 2: Compute new object addresses 0.210ms
[0.197s][info][gc,phases,start] GC(2) Phase 3: Adjust pointers
[0.197s][info][gc,phases      ] GC(2) Phase 3: Adjust pointers 0.462ms
[0.197s][info][gc,phases,start] GC(2) Phase 4: Move objects
[0.197s][info][gc,phases      ] GC(2) Phase 4: Move objects 0.071ms
[0.197s][info][gc,heap        ] GC(2) DefNew: 1151K(1152K)->40K(1152K) Eden: 1024K(1024K)->40K(1024K) From: 127K(128K)->0K(128K)
[0.197s][info][gc,heap        ] GC(2) Tenured: 440K(768K)->959K(1600K)
[0.197s][info][gc,metaspace   ] GC(2) Metaspace: 6301K(6528K)->6301K(6528K) NonClass: 5767K(5888K)->5767K(5888K) Class: 533K(640K)->533K(640K)
[0.197s][info][gc             ] GC(2) Pause Full (Allocation Failure) 0M->0M(2M) 1.844ms
[0.197s][info][gc,cpu         ] GC(2) User=0.00s Sys=0.00s Real=0.00s
[0.199s][info][gc,start       ] GC(3) Pause Young (Allocation Failure)
[0.200s][info][gc,heap        ] GC(3) DefNew: 1024K(1152K)->128K(1152K) Eden: 1024K(1024K)->0K(1024K) From: 0K(128K)->128K(128K)
[0.200s][info][gc,heap        ] GC(3) Tenured: 959K(1600K)->1375K(1600K)
[0.200s][info][gc,metaspace   ] GC(3) Metaspace: 6301K(6528K)->6301K(6528K) NonClass: 5767K(5888K)->5767K(5888K) Class: 533K(640K)->533K(640K)
[0.200s][info][gc             ] GC(3) Pause Young (Allocation Failure) 1M->1M(2M) 1.332ms
[0.200s][info][gc,cpu         ] GC(3) User=0.00s Sys=0.00s Real=0.00s
[0.201s][info][gc,start       ] GC(4) Pause Young (Allocation Failure)
[0.202s][info][gc             ] GC(4) Pause Young (Allocation Failure) 2M->1M(3M) 1.272ms
[0.203s][info][gc,cpu         ] GC(4) User=0.00s Sys=0.00s Real=0.00s
[0.203s][info][gc,start       ] GC(5) Pause Full (Allocation Failure)
[0.203s][info][gc,phases,start] GC(5) Phase 1: Mark live objects
[0.204s][info][gc,phases      ] GC(5) Phase 1: Mark live objects 1.634ms
[0.204s][info][gc,phases,start] GC(5) Phase 2: Compute new object addresses
[0.205s][info][gc,phases      ] GC(5) Phase 2: Compute new object addresses 0.462ms
[0.205s][info][gc,phases,start] GC(5) Phase 3: Adjust pointers
[0.206s][info][gc,phases      ] GC(5) Phase 3: Adjust pointers 0.843ms
[0.206s][info][gc,phases,start] GC(5) Phase 4: Move objects
[0.206s][info][gc,phases      ] GC(5) Phase 4: Move objects 0.091ms
[0.206s][info][gc,heap        ] GC(5) DefNew: 1152K(1152K)->35K(1536K) Eden: 1024K(1024K)->35K(1408K) From: 128K(128K)->0K(128K)
[0.206s][info][gc,heap        ] GC(5) Tenured: 1375K(1600K)->1983K(3308K)
[0.206s][info][gc,metaspace   ] GC(5) Metaspace: 6301K(6528K)->6301K(6528K) NonClass: 5767K(5888K)->5767K(5888K) Class: 533K(640K)->533K(640K)
[0.206s][info][gc             ] GC(5) Pause Full (Allocation Failure) 1M->1M(4M) 3.440ms
[0.206s][info][gc,cpu         ] GC(5) User=0.00s Sys=0.00s Real=0.00s
[0.208s][info][gc,start       ] GC(6) Pause Young (Allocation Failure)
[0.209s][info][gc,heap        ] GC(6) DefNew: 1408K(1536K)->128K(1536K) Eden: 1408K(1408K)->0K(1408K) From: 0K(128K)->128K(128K)
[0.209s][info][gc,heap        ] GC(6) Tenured: 1983K(3308K)->2617K(3308K)
[0.209s][info][gc,metaspace   ] GC(6) Metaspace: 6301K(6528K)->6301K(6528K) NonClass: 5767K(5888K)->5767K(5888K) Class: 533K(640K)->533K(640K)
[0.209s][info][gc             ] GC(6) Pause Young (Allocation Failure) 3M->2M(4M) 1.652ms
[0.209s][info][gc,cpu         ] GC(6) User=0.00s Sys=0.00s Real=0.00s
[0.211s][info][gc,start       ] GC(7) Pause Young (Allocation Failure)
[0.212s][info][gc             ] GC(7) Pause Young (Allocation Failure) 4M->3M(4M) 1.449ms
[0.212s][info][gc,cpu         ] GC(7) User=0.00s Sys=0.00s Real=0.00s
[0.212s][info][gc,start       ] GC(8) Pause Full (Allocation Failure)
[0.212s][info][gc,phases,start] GC(8) Phase 1: Mark live objects
[0.214s][info][gc,phases      ] GC(8) Phase 1: Mark live objects 2.142ms
[0.214s][info][gc,phases,start] GC(8) Phase 2: Compute new object addresses
[0.215s][info][gc,phases      ] GC(8) Phase 2: Compute new object addresses 0.568ms
[0.215s][info][gc,phases,start] GC(8) Phase 3: Adjust pointers
[0.216s][info][gc,phases      ] GC(8) Phase 3: Adjust pointers 0.806ms
[0.216s][info][gc,phases,start] GC(8) Phase 4: Move objects
[0.216s][info][gc,phases      ] GC(8) Phase 4: Move objects 0.074ms
[0.216s][info][gc,heap        ] GC(8) DefNew: 1536K(1536K)->0K(2688K) Eden: 1408K(1408K)->0K(2432K) From: 128K(128K)->0K(256K)
[0.216s][info][gc,heap        ] GC(8) Tenured: 2617K(3308K)->3460K(5768K)
[0.216s][info][gc,metaspace   ] GC(8) Metaspace: 6301K(6528K)->6301K(6528K) NonClass: 5767K(5888K)->5767K(5888K) Class: 533K(640K)->533K(640K)
[0.216s][info][gc             ] GC(8) Pause Full (Allocation Failure) 3M->3M(8M) 3.835ms
[0.216s][info][gc,cpu         ] GC(8) User=0.00s Sys=0.00s Real=0.00s
[0.219s][info][gc,start       ] GC(9) Pause Young (Allocation Failure)
[0.222s][info][gc,heap        ] GC(9) DefNew: 2431K(2688K)->255K(2688K) Eden: 2431K(2432K)->0K(2432K) From: 0K(256K)->255K(256K)
[0.222s][info][gc,heap        ] GC(9) Tenured: 3460K(5768K)->4512K(5768K)
[0.222s][info][gc,metaspace   ] GC(9) Metaspace: 6301K(6528K)->6301K(6528K) NonClass: 5767K(5888K)->5767K(5888K) Class: 533K(640K)->533K(640K)
[0.222s][info][gc             ] GC(9) Pause Young (Allocation Failure) 5M->4M(8M) 2.490ms
[0.222s][info][gc,cpu         ] GC(9) User=0.00s Sys=0.00s Real=0.00s
[0.224s][info][gc,start       ] GC(10) Pause Young (Allocation Failure)
[0.227s][info][gc,heap        ] GC(10) DefNew: 2687K(2688K)->255K(2688K) Eden: 2432K(2432K)->0K(2432K) From: 255K(256K)->255K(256K)
[0.227s][info][gc,heap        ] GC(10) Tenured: 4512K(5768K)->5755K(5768K)
[0.227s][info][gc,metaspace   ] GC(10) Metaspace: 6301K(6528K)->6301K(6528K) NonClass: 5767K(5888K)->5767K(5888K) Class: 533K(640K)->533K(640K)
[0.227s][info][gc             ] GC(10) Pause Young (Allocation Failure) 7M->5M(8M) 2.581ms
[0.227s][info][gc,cpu         ] GC(10) User=0.00s Sys=0.00s Real=0.00s
[0.229s][info][gc,start       ] GC(11) Pause Young (Allocation Failure)
[0.232s][info][gc             ] GC(11) Pause Young (Allocation Failure) 8M->7M(9M) 2.818ms
[0.232s][info][gc,cpu         ] GC(11) User=0.00s Sys=0.00s Real=0.00s
[0.232s][info][gc,start       ] GC(12) Pause Full (Allocation Failure)
[0.232s][info][gc,phases,start] GC(12) Phase 1: Mark live objects
[0.236s][info][gc,phases      ] GC(12) Phase 1: Mark live objects 4.048ms
[0.236s][info][gc,phases,start] GC(12) Phase 2: Compute new object addresses
[0.238s][info][gc,phases      ] GC(12) Phase 2: Compute new object addresses 1.116ms
[0.238s][info][gc,phases,start] GC(12) Phase 3: Adjust pointers
[0.239s][info][gc,phases      ] GC(12) Phase 3: Adjust pointers 1.603ms
[0.239s][info][gc,phases,start] GC(12) Phase 4: Move objects
[0.240s][info][gc,phases      ] GC(12) Phase 4: Move objects 1.196ms
[0.241s][info][gc,heap        ] GC(12) DefNew: 2687K(2688K)->0K(5376K) Eden: 2432K(2432K)->0K(4800K) From: 255K(256K)->0K(576K)
[0.241s][info][gc,heap        ] GC(12) Tenured: 5755K(5768K)->7132K(11888K)
[0.241s][info][gc,metaspace   ] GC(12) Metaspace: 6301K(6528K)->6301K(6528K) NonClass: 5767K(5888K)->5767K(5888K) Class: 533K(640K)->533K(640K)
[0.241s][info][gc             ] GC(12) Pause Full (Allocation Failure) 7M->6M(16M) 8.434ms
[0.241s][info][gc,cpu         ] GC(12) User=0.00s Sys=0.00s Real=0.01s
[0.245s][info][gc,start       ] GC(13) Pause Young (Allocation Failure)
[0.251s][info][gc,heap        ] GC(13) DefNew: 4800K(5376K)->575K(5376K) Eden: 4800K(4800K)->0K(4800K) From: 0K(576K)->575K(576K)
[0.251s][info][gc,heap        ] GC(13) Tenured: 7132K(11888K)->9027K(11888K)
[0.251s][info][gc,metaspace   ] GC(13) Metaspace: 6301K(6528K)->6301K(6528K) NonClass: 5767K(5888K)->5767K(5888K) Class: 533K(640K)->533K(640K)
[0.251s][info][gc             ] GC(13) Pause Young (Allocation Failure) 11M->9M(16M) 5.359ms
[0.251s][info][gc,cpu         ] GC(13) User=0.00s Sys=0.00s Real=0.01s
[0.256s][info][gc,start       ] GC(14) Pause Young (Allocation Failure)
[0.262s][info][gc,heap        ] GC(14) DefNew: 5375K(5376K)->576K(5376K) Eden: 4800K(4800K)->0K(4800K) From: 575K(576K)->576K(576K)
[0.262s][info][gc,heap        ] GC(14) Tenured: 9027K(11888K)->11747K(11888K)
[0.262s][info][gc,metaspace   ] GC(14) Metaspace: 6301K(6528K)->6301K(6528K) NonClass: 5767K(5888K)->5767K(5888K) Class: 533K(640K)->533K(640K)
[0.262s][info][gc             ] GC(14) Pause Young (Allocation Failure) 14M->12M(16M) 6.015ms
[0.262s][info][gc,cpu         ] GC(14) User=0.00s Sys=0.00s Real=0.01s
[0.266s][info][gc,start       ] GC(15) Pause Young (Allocation Failure)
[0.271s][info][gc             ] GC(15) Pause Young (Allocation Failure) 16M->14M(19M) 5.279ms
[0.271s][info][gc,cpu         ] GC(15) User=0.02s Sys=0.00s Real=0.01s
[0.271s][info][gc,start       ] GC(16) Pause Full (Allocation Failure)
[0.271s][info][gc,phases,start] GC(16) Phase 1: Mark live objects
[0.278s][info][gc,phases      ] GC(16) Phase 1: Mark live objects 7.192ms
[0.278s][info][gc,phases,start] GC(16) Phase 2: Compute new object addresses
[0.281s][info][gc,phases      ] GC(16) Phase 2: Compute new object addresses 2.372ms
[0.281s][info][gc,phases,start] GC(16) Phase 3: Adjust pointers
[0.283s][info][gc,phases      ] GC(16) Phase 3: Adjust pointers 2.856ms
[0.283s][info][gc,phases,start] GC(16) Phase 4: Move objects
[0.284s][info][gc,phases      ] GC(16) Phase 4: Move objects 0.181ms
[0.284s][info][gc,heap        ] GC(16) DefNew: 5376K(5376K)->387K(10880K) Eden: 4800K(4800K)->387K(9728K) From: 576K(576K)->0K(1152K)
[0.284s][info][gc,heap        ] GC(16) Tenured: 11747K(11888K)->14383K(23976K)
[0.284s][info][gc,metaspace   ] GC(16) Metaspace: 6303K(6528K)->6303K(6528K) NonClass: 5769K(5888K)->5769K(5888K) Class: 533K(640K)->533K(640K)
[0.284s][info][gc             ] GC(16) Pause Full (Allocation Failure) 14M->14M(34M) 12.967ms
[0.284s][info][gc,cpu         ] GC(16) User=0.02s Sys=0.00s Real=0.01s
[0.292s][info][gc,start       ] GC(17) Pause Young (Allocation Failure)
[0.306s][info][gc,heap        ] GC(17) DefNew: 9728K(10880K)->1152K(10880K) Eden: 9728K(9728K)->0K(9728K) From: 0K(1152K)->1152K(1152K)
[0.306s][info][gc,heap        ] GC(17) Tenured: 14383K(23976K)->18415K(23976K)
[0.306s][info][gc,metaspace   ] GC(17) Metaspace: 6303K(6528K)->6303K(6528K) NonClass: 5769K(5888K)->5769K(5888K) Class: 533K(640K)->533K(640K)
[0.306s][info][gc             ] GC(17) Pause Young (Allocation Failure) 23M->19M(34M) 13.422ms
[0.306s][info][gc,cpu         ] GC(17) User=0.00s Sys=0.00s Real=0.01s
[0.314s][info][gc,start       ] GC(18) Pause Young (Allocation Failure)
[0.326s][info][gc,heap        ] GC(18) DefNew: 10880K(10880K)->1151K(10880K) Eden: 9728K(9728K)->0K(9728K) From: 1152K(1152K)->1151K(1152K)
[0.326s][info][gc,heap        ] GC(18) Tenured: 18415K(23976K)->23936K(23976K)
[0.326s][info][gc,metaspace   ] GC(18) Metaspace: 6303K(6528K)->6303K(6528K) NonClass: 5769K(5888K)->5769K(5888K) Class: 533K(640K)->533K(640K)
[0.326s][info][gc             ] GC(18) Pause Young (Allocation Failure) 28M->24M(34M) 11.864ms
[0.326s][info][gc,cpu         ] GC(18) User=0.00s Sys=0.00s Real=0.01s
[0.331s][info][gc,start       ] GC(19) Pause Young (Allocation Failure)
[0.343s][info][gc             ] GC(19) Pause Young (Allocation Failure) 34M->29M(38M) 11.766ms
[0.343s][info][gc,cpu         ] GC(19) User=0.00s Sys=0.00s Real=0.01s
[0.343s][info][gc,start       ] GC(20) Pause Full (Allocation Failure)
[0.343s][info][gc,phases,start] GC(20) Phase 1: Mark live objects
[0.357s][info][gc,phases      ] GC(20) Phase 1: Mark live objects 13.859ms
[0.357s][info][gc,phases,start] GC(20) Phase 2: Compute new object addresses
[0.361s][info][gc,phases      ] GC(20) Phase 2: Compute new object addresses 4.548ms
[0.361s][info][gc,phases,start] GC(20) Phase 3: Adjust pointers
[0.367s][info][gc,phases      ] GC(20) Phase 3: Adjust pointers 5.260ms
[0.367s][info][gc,phases,start] GC(20) Phase 4: Move objects
[0.367s][info][gc,phases      ] GC(20) Phase 4: Move objects 0.175ms
[0.367s][info][gc,heap        ] GC(20) DefNew: 10879K(10880K)->1080K(21888K) Eden: 9728K(9728K)->1080K(19520K) From: 1151K(1152K)->0K(2368K)
[0.367s][info][gc,heap        ] GC(20) Tenured: 23936K(23976K)->29035K(48396K)
[0.367s][info][gc,metaspace   ] GC(20) Metaspace: 6303K(6528K)->6303K(6528K) NonClass: 5769K(5888K)->5769K(5888K) Class: 533K(640K)->533K(640K)
[0.367s][info][gc             ] GC(20) Pause Full (Allocation Failure) 29M->29M(68M) 24.241ms
[0.367s][info][gc,cpu         ] GC(20) User=0.05s Sys=0.00s Real=0.02s
[0.383s][info][gc,start       ] GC(21) Pause Young (Allocation Failure)
[0.411s][info][gc,heap        ] GC(21) DefNew: 19520K(21888K)->2367K(21888K) Eden: 19520K(19520K)->0K(19520K) From: 0K(2368K)->2367K(2368K)
[0.411s][info][gc,heap        ] GC(21) Tenured: 29035K(48396K)->39350K(48396K)
[0.411s][info][gc,metaspace   ] GC(21) Metaspace: 6303K(6528K)->6303K(6528K) NonClass: 5769K(5888K)->5769K(5888K) Class: 533K(640K)->533K(640K)
[0.411s][info][gc             ] GC(21) Pause Young (Allocation Failure) 47M->40M(68M) 28.256ms
[0.411s][info][gc,cpu         ] GC(21) User=0.02s Sys=0.00s Real=0.03s
[0.429s][info][gc,start       ] GC(22) Pause Young (Allocation Failure)
[0.464s][info][gc             ] GC(22) Pause Young (Allocation Failure) 59M->59M(78M) 34.866ms
[0.464s][info][gc,cpu         ] GC(22) User=0.03s Sys=0.00s Real=0.04s
[0.464s][info][gc,start       ] GC(23) Pause Full (Allocation Failure)
[0.464s][info][gc,phases,start] GC(23) Phase 1: Mark live objects
[0.489s][info][gc,phases      ] GC(23) Phase 1: Mark live objects 24.499ms
[0.489s][info][gc,phases,start] GC(23) Phase 2: Compute new object addresses
[0.499s][info][gc,phases      ] GC(23) Phase 2: Compute new object addresses 10.426ms
[0.499s][info][gc,phases,start] GC(23) Phase 3: Adjust pointers
[0.510s][info][gc,phases      ] GC(23) Phase 3: Adjust pointers 10.826ms
[0.510s][info][gc,phases,start] GC(23) Phase 4: Move objects
[0.511s][info][gc,phases      ] GC(23) Phase 4: Move objects 0.355ms
[0.511s][info][gc,heap        ] GC(23) DefNew: 21887K(21888K)->2251K(44288K) Eden: 19520K(19520K)->2251K(39424K) From: 2367K(2368K)->0K(4864K)
[0.511s][info][gc,heap        ] GC(23) Tenured: 39350K(48396K)->58955K(98260K)
[0.511s][info][gc,metaspace   ] GC(23) Metaspace: 6303K(6528K)->6303K(6528K) NonClass: 5769K(5888K)->5769K(5888K) Class: 533K(640K)->533K(640K)
[0.511s][info][gc             ] GC(23) Pause Full (Allocation Failure) 59M->59M(139M) 46.750ms
[0.511s][info][gc,cpu         ] GC(23) User=0.05s Sys=0.00s Real=0.05s
[0.550s][info][gc,start       ] GC(24) Pause Young (Allocation Failure)
[0.610s][info][gc,heap        ] GC(24) DefNew: 39424K(44288K)->4863K(44288K) Eden: 39424K(39424K)->0K(39424K) From: 0K(4864K)->4863K(4864K)
[0.610s][info][gc,heap        ] GC(24) Tenured: 58955K(98260K)->93487K(98260K)
[0.610s][info][gc,metaspace   ] GC(24) Metaspace: 6303K(6528K)->6303K(6528K) NonClass: 5769K(5888K)->5769K(5888K) Class: 533K(640K)->533K(640K)
[0.610s][info][gc             ] GC(24) Pause Young (Allocation Failure) 96M->96M(139M) 59.809ms
[0.610s][info][gc,cpu         ] GC(24) User=0.05s Sys=0.02s Real=0.06s
[0.642s][info][gc,start       ] GC(25) Pause Young (Allocation Failure)
[0.709s][info][gc             ] GC(25) Pause Young (Allocation Failure) 134M->134M(173M) 67.407ms
[0.709s][info][gc,cpu         ] GC(25) User=0.05s Sys=0.02s Real=0.07s
[0.709s][info][gc,start       ] GC(26) Pause Full (Allocation Failure)
[0.709s][info][gc,phases,start] GC(26) Phase 1: Mark live objects
[0.763s][info][gc,phases      ] GC(26) Phase 1: Mark live objects 53.459ms
[0.763s][info][gc,phases,start] GC(26) Phase 2: Compute new object addresses
[0.785s][info][gc,phases      ] GC(26) Phase 2: Compute new object addresses 22.281ms
[0.785s][info][gc,phases,start] GC(26) Phase 3: Adjust pointers
[0.813s][info][gc,phases      ] GC(26) Phase 3: Adjust pointers 27.971ms
[0.813s][info][gc,phases,start] GC(26) Phase 4: Move objects
[0.839s][info][gc,phases      ] GC(26) Phase 4: Move objects 25.729ms
[0.839s][info][gc,heap        ] GC(26) DefNew: 44287K(44288K)->889K(92160K) Eden: 39424K(39424K)->889K(81920K) From: 4863K(4864K)->0K(10240K)
[0.839s][info][gc,heap        ] GC(26) Tenured: 93487K(98260K)->133011K(204800K)
[0.839s][info][gc,metaspace   ] GC(26) Metaspace: 6303K(6528K)->6303K(6528K) NonClass: 5769K(5888K)->5769K(5888K) Class: 533K(640K)->533K(640K)
[0.839s][info][gc             ] GC(26) Pause Full (Allocation Failure) 134M->130M(290M) 130.238ms
[0.839s][info][gc,cpu         ] GC(26) User=0.14s Sys=0.00s Real=0.13s
[0.920s][info][gc,start       ] GC(27) Pause Young (Allocation Failure)
[1.056s][info][gc,heap        ] GC(27) DefNew: 81920K(92160K)->10239K(92160K) Eden: 81920K(81920K)->0K(81920K) From: 0K(10240K)->10239K(10240K)
[1.056s][info][gc,heap        ] GC(27) Tenured: 133011K(204800K)->204662K(204800K)
[1.056s][info][gc,metaspace   ] GC(27) Metaspace: 6303K(6528K)->6303K(6528K) NonClass: 5769K(5888K)->5769K(5888K) Class: 533K(640K)->533K(640K)
[1.056s][info][gc             ] GC(27) Pause Young (Allocation Failure) 209M->209M(290M) 136.085ms
[1.056s][info][gc,cpu         ] GC(27) User=0.12s Sys=0.00s Real=0.14s
[1.131s][info][gc,start       ] GC(28) Pause Young (Allocation Failure)
[1.131s][info][gc             ] GC(28) Pause Young (Allocation Failure) 289M->289M(290M) 0.113ms
[1.131s][info][gc,cpu         ] GC(28) User=0.00s Sys=0.00s Real=0.00s
[1.131s][info][gc,start       ] GC(29) Pause Full (Allocation Failure)
[1.131s][info][gc,phases,start] GC(29) Phase 1: Mark live objects
[1.260s][info][gc,phases      ] GC(29) Phase 1: Mark live objects 128.480ms
[1.260s][info][gc,phases,start] GC(29) Phase 2: Compute new object addresses
[1.303s][info][gc,phases      ] GC(29) Phase 2: Compute new object addresses 43.600ms
[1.304s][info][gc,phases,start] GC(29) Phase 3: Adjust pointers
[1.365s][info][gc,phases      ] GC(29) Phase 3: Adjust pointers 61.433ms
[1.365s][info][gc,phases,start] GC(29) Phase 4: Move objects
[1.379s][info][gc,phases      ] GC(29) Phase 4: Move objects 14.041ms
[1.379s][info][gc,heap        ] GC(29) DefNew: 92159K(92160K)->91991K(92160K) Eden: 81920K(81920K)->81752K(81920K) From: 10239K(10240K)->10238K(10240K)
[1.379s][info][gc,heap        ] GC(29) Tenured: 204662K(204800K)->204800K(204800K)
[1.379s][info][gc,metaspace   ] GC(29) Metaspace: 6303K(6528K)->6303K(6528K) NonClass: 5769K(5888K)->5769K(5888K) Class: 533K(640K)->533K(640K)
[1.379s][info][gc             ] GC(29) Pause Full (Allocation Failure) 289M->289M(290M) 248.056ms
[1.379s][info][gc,cpu         ] GC(29) User=0.23s Sys=0.00s Real=0.25s
[1.380s][info][gc,start       ] GC(30) Pause Full (Allocation Failure)
[1.380s][info][gc,phases,start] GC(30) Phase 1: Mark live objects
[1.506s][info][gc,phases      ] GC(30) Phase 1: Mark live objects 126.325ms
[1.506s][info][gc,phases,start] GC(30) Phase 2: Compute new object addresses
[1.553s][info][gc,phases      ] GC(30) Phase 2: Compute new object addresses 46.933ms
[1.553s][info][gc,phases,start] GC(30) Phase 3: Adjust pointers
[1.608s][info][gc,phases      ] GC(30) Phase 3: Adjust pointers 55.162ms
[1.608s][info][gc,phases,start] GC(30) Phase 4: Move objects
[1.608s][info][gc,phases      ] GC(30) Phase 4: Move objects 0.016ms
[1.608s][info][gc,heap        ] GC(30) DefNew: 92159K(92160K)->92159K(92160K) Eden: 81920K(81920K)->81919K(81920K) From: 10239K(10240K)->10239K(10240K)
[1.608s][info][gc,heap        ] GC(30) Tenured: 204800K(204800K)->204800K(204800K)
[1.608s][info][gc,metaspace   ] GC(30) Metaspace: 6303K(6528K)->6303K(6528K) NonClass: 5769K(5888K)->5769K(5888K) Class: 533K(640K)->533K(640K)
[1.608s][info][gc             ] GC(30) Pause Full (Allocation Failure) 289M->289M(290M) 228.806ms
[1.608s][info][gc,cpu         ] GC(30) User=0.22s Sys=0.00s Real=0.23s
[1.609s][info][gc,start       ] GC(31) Pause Full (Allocation Failure)
[1.609s][info][gc,phases,start] GC(31) Phase 1: Mark live objects
[1.734s][info][gc,phases      ] GC(31) Phase 1: Mark live objects 125.794ms
[1.734s][info][gc,phases,start] GC(31) Phase 2: Compute new object addresses
[1.778s][info][gc,phases      ] GC(31) Phase 2: Compute new object addresses 43.095ms
[1.778s][info][gc,phases,start] GC(31) Phase 3: Adjust pointers
[1.831s][info][gc,phases      ] GC(31) Phase 3: Adjust pointers 53.562ms
[1.831s][info][gc,phases,start] GC(31) Phase 4: Move objects
[1.831s][info][gc,phases      ] GC(31) Phase 4: Move objects 0.015ms
[1.831s][info][gc,heap        ] GC(31) DefNew: 92159K(92160K)->92159K(92160K) Eden: 81919K(81920K)->81919K(81920K) From: 10239K(10240K)->10239K(10240K)
[1.831s][info][gc,heap        ] GC(31) Tenured: 204800K(204800K)->204800K(204800K)
[1.831s][info][gc,metaspace   ] GC(31) Metaspace: 6303K(6528K)->6303K(6528K) NonClass: 5769K(5888K)->5769K(5888K) Class: 533K(640K)->533K(640K)
[1.831s][info][gc             ] GC(31) Pause Full (Allocation Failure) 289M->289M(290M) 222.808ms
[1.831s][info][gc,cpu         ] GC(31) User=0.22s Sys=0.00s Real=0.22s
[1.831s][info][gc,start       ] GC(32) Pause Full (Allocation Failure)
[1.831s][info][gc,phases,start] GC(32) Phase 1: Mark live objects
[1.960s][info][gc,phases      ] GC(32) Phase 1: Mark live objects 128.612ms
[1.960s][info][gc,phases,start] GC(32) Phase 2: Compute new object addresses
[2.004s][info][gc,phases      ] GC(32) Phase 2: Compute new object addresses 43.479ms
[2.004s][info][gc,phases,start] GC(32) Phase 3: Adjust pointers
[2.070s][info][gc,phases      ] GC(32) Phase 3: Adjust pointers 66.488ms
[2.070s][info][gc,phases,start] GC(32) Phase 4: Move objects
[2.120s][info][gc,phases      ] GC(32) Phase 4: Move objects 50.242ms
[2.121s][info][gc,heap        ] GC(32) DefNew: 92159K(92160K)->88059K(92160K) Eden: 81919K(81920K)->77819K(81920K) From: 10239K(10240K)->10239K(10240K)
[2.121s][info][gc,heap        ] GC(32) Tenured: 204800K(204800K)->204799K(204800K)
[2.121s][info][gc,metaspace   ] GC(32) Metaspace: 6303K(6528K)->6301K(6528K) NonClass: 5769K(5888K)->5768K(5888K) Class: 533K(640K)->532K(640K)
[2.121s][info][gc             ] GC(32) Pause Full (Allocation Failure) 289M->285M(290M) 289.275ms
[2.121s][info][gc,cpu         ] GC(32) User=0.28s Sys=0.00s Real=0.29s
[2.126s][info][gc,start       ] GC(33) Pause Full (Allocation Failure)
[2.126s][info][gc,phases,start] GC(33) Phase 1: Mark live objects
[2.257s][info][gc,phases      ] GC(33) Phase 1: Mark live objects 131.274ms
[2.257s][info][gc,phases,start] GC(33) Phase 2: Compute new object addresses
[2.302s][info][gc,phases      ] GC(33) Phase 2: Compute new object addresses 44.486ms
[2.302s][info][gc,phases,start] GC(33) Phase 3: Adjust pointers
[2.357s][info][gc,phases      ] GC(33) Phase 3: Adjust pointers 54.883ms
[2.357s][info][gc,phases,start] GC(33) Phase 4: Move objects
[2.357s][info][gc,phases      ] GC(33) Phase 4: Move objects 0.326ms
[2.357s][info][gc,heap        ] GC(33) DefNew: 92159K(92160K)->92157K(92160K) Eden: 81920K(81920K)->81917K(81920K) From: 10239K(10240K)->10239K(10240K)
[2.357s][info][gc,heap        ] GC(33) Tenured: 204799K(204800K)->204799K(204800K)
[2.357s][info][gc,metaspace   ] GC(33) Metaspace: 6301K(6528K)->6301K(6528K) NonClass: 5768K(5888K)->5768K(5888K) Class: 532K(640K)->532K(640K)
[2.357s][info][gc             ] GC(33) Pause Full (Allocation Failure) 289M->289M(290M) 231.363ms
[2.357s][info][gc,cpu         ] GC(33) User=0.23s Sys=0.00s Real=0.23s
[2.357s][info][gc,start       ] GC(34) Pause Full (Allocation Failure)
[2.357s][info][gc,phases,start] GC(34) Phase 1: Mark live objects
[2.488s][info][gc,phases      ] GC(34) Phase 1: Mark live objects 130.804ms
[2.488s][info][gc,phases,start] GC(34) Phase 2: Compute new object addresses
[2.532s][info][gc,phases      ] GC(34) Phase 2: Compute new object addresses 44.219ms
[2.532s][info][gc,phases,start] GC(34) Phase 3: Adjust pointers
[2.587s][info][gc,phases      ] GC(34) Phase 3: Adjust pointers 54.745ms
[2.587s][info][gc,phases,start] GC(34) Phase 4: Move objects
[2.587s][info][gc,phases      ] GC(34) Phase 4: Move objects 0.015ms
[2.587s][info][gc,heap        ] GC(34) DefNew: 92159K(92160K)->92159K(92160K) Eden: 81920K(81920K)->81919K(81920K) From: 10239K(10240K)->10239K(10240K)
[2.587s][info][gc,heap        ] GC(34) Tenured: 204799K(204800K)->204799K(204800K)
[2.587s][info][gc,metaspace   ] GC(34) Metaspace: 6301K(6528K)->6301K(6528K) NonClass: 5768K(5888K)->5768K(5888K) Class: 532K(640K)->532K(640K)
[2.587s][info][gc             ] GC(34) Pause Full (Allocation Failure) 289M->289M(290M) 230.150ms
[2.587s][info][gc,cpu         ] GC(34) User=0.22s Sys=0.00s Real=0.23s
[2.588s][info][gc,start       ] GC(35) Pause Full (Allocation Failure)
[2.588s][info][gc,phases,start] GC(35) Phase 1: Mark live objects
[2.719s][info][gc,phases      ] GC(35) Phase 1: Mark live objects 131.290ms
[2.719s][info][gc,phases,start] GC(35) Phase 2: Compute new object addresses
[2.763s][info][gc,phases      ] GC(35) Phase 2: Compute new object addresses 44.383ms
[2.763s][info][gc,phases,start] GC(35) Phase 3: Adjust pointers
[2.818s][info][gc,phases      ] GC(35) Phase 3: Adjust pointers 54.157ms
[2.818s][info][gc,phases,start] GC(35) Phase 4: Move objects
[2.818s][info][gc,phases      ] GC(35) Phase 4: Move objects 0.015ms
[2.818s][info][gc,heap        ] GC(35) DefNew: 92159K(92160K)->92159K(92160K) Eden: 81919K(81920K)->81919K(81920K) From: 10239K(10240K)->10239K(10240K)
[2.818s][info][gc,heap        ] GC(35) Tenured: 204799K(204800K)->204799K(204800K)
[2.818s][info][gc,metaspace   ] GC(35) Metaspace: 6301K(6528K)->6301K(6528K) NonClass: 5768K(5888K)->5768K(5888K) Class: 532K(640K)->532K(640K)
[2.818s][info][gc             ] GC(35) Pause Full (Allocation Failure) 289M->289M(290M) 230.201ms
[2.818s][info][gc,cpu         ] GC(35) User=0.22s Sys=0.00s Real=0.23s
[2.818s][info][gc,start       ] GC(36) Pause Full (Allocation Failure)
[2.818s][info][gc,phases,start] GC(36) Phase 1: Mark live objects
[2.951s][info][gc,phases      ] GC(36) Phase 1: Mark live objects 132.966ms
[2.951s][info][gc,phases,start] GC(36) Phase 2: Compute new object addresses
[3.000s][info][gc,phases      ] GC(36) Phase 2: Compute new object addresses 48.757ms
[3.000s][info][gc,phases,start] GC(36) Phase 3: Adjust pointers
[3.056s][info][gc,phases      ] GC(36) Phase 3: Adjust pointers 56.574ms
[3.056s][info][gc,phases,start] GC(36) Phase 4: Move objects
[3.056s][info][gc,phases      ] GC(36) Phase 4: Move objects 0.015ms
[3.056s][info][gc,heap        ] GC(36) DefNew: 92159K(92160K)->92159K(92160K) Eden: 81919K(81920K)->81919K(81920K) From: 10239K(10240K)->10239K(10240K)
[3.056s][info][gc,heap        ] GC(36) Tenured: 204799K(204800K)->204799K(204800K)
[3.056s][info][gc,metaspace   ] GC(36) Metaspace: 6301K(6528K)->6301K(6528K) NonClass: 5768K(5888K)->5768K(5888K) Class: 532K(640K)->532K(640K)
[3.056s][info][gc             ] GC(36) Pause Full (Allocation Failure) 289M->289M(290M) 238.681ms
[3.056s][info][gc,cpu         ] GC(36) User=0.25s Sys=0.00s Real=0.24s
[3.057s][info][gc,start       ] GC(37) Pause Full (Allocation Failure)
[3.057s][info][gc,phases,start] GC(37) Phase 1: Mark live objects
[3.190s][info][gc,phases      ] GC(37) Phase 1: Mark live objects 133.321ms
[3.190s][info][gc,phases,start] GC(37) Phase 2: Compute new object addresses
[3.235s][info][gc,phases      ] GC(37) Phase 2: Compute new object addresses 44.739ms
[3.235s][info][gc,phases,start] GC(37) Phase 3: Adjust pointers
[3.291s][info][gc,phases      ] GC(37) Phase 3: Adjust pointers 55.807ms
[3.291s][info][gc,phases,start] GC(37) Phase 4: Move objects
[3.291s][info][gc,phases      ] GC(37) Phase 4: Move objects 0.015ms
[3.291s][info][gc,heap        ] GC(37) DefNew: 92159K(92160K)->92159K(92160K) Eden: 81920K(81920K)->81920K(81920K) From: 10239K(10240K)->10239K(10240K)
[3.291s][info][gc,heap        ] GC(37) Tenured: 204800K(204800K)->204800K(204800K)
[3.291s][info][gc,metaspace   ] GC(37) Metaspace: 6301K(6528K)->6301K(6528K) NonClass: 5768K(5888K)->5768K(5888K) Class: 532K(640K)->532K(640K)
[3.291s][info][gc             ] GC(37) Pause Full (Allocation Failure) 289M->289M(290M) 234.260ms
[3.291s][info][gc,cpu         ] GC(37) User=0.22s Sys=0.00s Real=0.23s
[3.291s][info][gc,start       ] GC(38) Pause Full (Allocation Failure)
[3.291s][info][gc,phases,start] GC(38) Phase 1: Mark live objects
[3.430s][info][gc,phases      ] GC(38) Phase 1: Mark live objects 138.647ms
[3.430s][info][gc,phases,start] GC(38) Phase 2: Compute new object addresses
[3.478s][info][gc,phases      ] GC(38) Phase 2: Compute new object addresses 48.477ms
[3.478s][info][gc,phases,start] GC(38) Phase 3: Adjust pointers
[3.549s][info][gc,phases      ] GC(38) Phase 3: Adjust pointers 70.373ms
[3.549s][info][gc,phases,start] GC(38) Phase 4: Move objects
[3.598s][info][gc,phases      ] GC(38) Phase 4: Move objects 49.228ms
[3.598s][info][gc,heap        ] GC(38) DefNew: 92159K(92160K)->92158K(92160K) Eden: 81920K(81920K)->81918K(81920K) From: 10239K(10240K)->10239K(10240K)
[3.598s][info][gc,heap        ] GC(38) Tenured: 204800K(204800K)->204799K(204800K)
[3.598s][info][gc,metaspace   ] GC(38) Metaspace: 6301K(6528K)->6301K(6528K) NonClass: 5768K(5888K)->5768K(5888K) Class: 532K(640K)->532K(640K)
[3.598s][info][gc             ] GC(38) Pause Full (Allocation Failure) 289M->289M(290M) 307.183ms
[3.598s][info][gc,cpu         ] GC(38) User=0.30s Sys=0.00s Real=0.31s
[3.599s][info][gc,start       ] GC(39) Pause Full (Allocation Failure)
[3.599s][info][gc,phases,start] GC(39) Phase 1: Mark live objects
[3.736s][info][gc,phases      ] GC(39) Phase 1: Mark live objects 136.746ms
[3.736s][info][gc,phases,start] GC(39) Phase 2: Compute new object addresses
[3.781s][info][gc,phases      ] GC(39) Phase 2: Compute new object addresses 44.810ms
[3.781s][info][gc,phases,start] GC(39) Phase 3: Adjust pointers
[3.835s][info][gc,phases      ] GC(39) Phase 3: Adjust pointers 54.062ms
[3.835s][info][gc,phases,start] GC(39) Phase 4: Move objects
[3.835s][info][gc,phases      ] GC(39) Phase 4: Move objects 0.017ms
[3.835s][info][gc,heap        ] GC(39) DefNew: 92159K(92160K)->92159K(92160K) Eden: 81919K(81920K)->81919K(81920K) From: 10239K(10240K)->10239K(10240K)
[3.835s][info][gc,heap        ] GC(39) Tenured: 204799K(204800K)->204799K(204800K)
[3.835s][info][gc,metaspace   ] GC(39) Metaspace: 6303K(6528K)->6303K(6528K) NonClass: 5769K(5888K)->5769K(5888K) Class: 533K(640K)->533K(640K)
[3.835s][info][gc             ] GC(39) Pause Full (Allocation Failure) 289M->289M(290M) 236.028ms
[3.835s][info][gc,cpu         ] GC(39) User=0.20s Sys=0.00s Real=0.24s
[3.835s][info][gc,heap,exit   ] Heap
[3.835s][info][gc,heap,exit   ]  def new generation   total 92160K, used 92159K [0x00000000ed400000, 0x00000000f3800000, 0x00000000f3800000)
[3.835s][info][gc,heap,exit   ]   eden space 81920K,  99% used [0x00000000ed400000, 0x00000000f23fffa0, 0x00000000f2400000)
[3.836s][info][gc,heap,exit   ]   from space 10240K,  99% used [0x00000000f2e00000, 0x00000000f37ffff0, 0x00000000f3800000)
[3.836s][info][gc,heap,exit   ]   to   space 10240K,   0% used [0x00000000f2400000, 0x00000000f2400000, 0x00000000f2e00000)
[3.836s][info][gc,heap,exit   ]  tenured generation   total 204800K, used 204799K [0x00000000f3800000, 0x0000000100000000, 0x0000000100000000)
[3.836s][info][gc,heap,exit   ]    the space 204800K,  99% used [0x00000000f3800000, 0x00000000ffffffa0, 0x0000000100000000, 0x0000000100000000)
[3.836s][info][gc,heap,exit   ]  Metaspace       used 6306K, committed 6528K, reserved 1114112K
[3.836s][info][gc,heap,exit   ]   class space    used 534K, committed 640K, reserved 1048576K
