[0.013s][info][gc,init] CardTable entry size: 512
[0.013s][info][gc     ] Using Parallel
[0.015s][info][gc,init] Version: 18.0.1+10 (release)
[0.015s][info][gc,init] CPUs: 8 total, 8 available
[0.015s][info][gc,init] Memory: 16063M
[0.015s][info][gc,init] Large Page Support: Disabled
[0.015s][info][gc,init] NUMA Support: Disabled
[0.015s][info][gc,init] Compressed Oops: Enabled (Zero based)
[0.015s][info][gc,init] Alignments: Space 512K, Generation 512K, Heap 2M
[0.015s][info][gc,init] Heap Min Capacity: 2M
[0.015s][info][gc,init] Heap Initial Capacity: 2M
[0.015s][info][gc,init] Heap Max Capacity: 17000M
[0.015s][info][gc,init] Pre-touch: Disabled
[0.015s][info][gc,init] Parallel Workers: 8
[0.015s][info][gc,metaspace] CDS archive(s) not mapped
[0.015s][info][gc,metaspace] Compressed class space mapped at: 0x0000000800000000-0x0000000840000000, reserved size: 1073741824
[0.015s][info][gc,metaspace] Narrow klass base: 0x0000000800000000, Narrow klass shift: 0, Narrow klass range: 0x40000000
[0.121s][info][gc,start    ] GC(0) Pause Young (Allocation Failure)
[0.122s][info][gc,heap     ] GC(0) PSYoungGen: 512K(1024K)->480K(1024K) Eden: 512K(512K)->0K(512K) From: 0K(512K)->480K(512K)
[0.122s][info][gc,heap     ] GC(0) ParOldGen: 0K(512K)->8K(512K)
[0.122s][info][gc,metaspace] GC(0) Metaspace: 4228K(4352K)->4228K(4352K) NonClass: 3907K(3968K)->3907K(3968K) Class: 321K(384K)->321K(384K)
[0.122s][info][gc          ] GC(0) Pause Young (Allocation Failure) 0M->0M(1M) 1.393ms
[0.122s][info][gc,cpu      ] GC(0) User=0.00s Sys=0.00s Real=0.00s
[0.186s][info][gc,start    ] GC(1) Pause Young (Allocation Failure)
[0.187s][info][gc,heap     ] GC(1) PSYoungGen: 991K(1024K)->512K(1536K) Eden: 511K(512K)->0K(1024K) From: 480K(512K)->512K(512K)
[0.187s][info][gc,heap     ] GC(1) ParOldGen: 8K(512K)->88K(512K)
[0.187s][info][gc,metaspace] GC(1) Metaspace: 5881K(6016K)->5881K(6016K) NonClass: 5384K(5504K)->5384K(5504K) Class: 496K(512K)->496K(512K)
[0.187s][info][gc          ] GC(1) Pause Young (Allocation Failure) 0M->0M(2M) 0.933ms
[0.187s][info][gc,cpu      ] GC(1) User=0.00s Sys=0.00s Real=0.00s
[0.209s][info][gc,start    ] GC(2) Pause Young (Allocation Failure)
[0.210s][info][gc,heap     ] GC(2) PSYoungGen: 1536K(1536K)->512K(1536K) Eden: 1024K(1024K)->0K(1024K) From: 512K(512K)->512K(512K)
[0.210s][info][gc,heap     ] GC(2) ParOldGen: 88K(512K)->512K(1024K)
[0.210s][info][gc,metaspace] GC(2) Metaspace: 6300K(6464K)->6300K(6464K) NonClass: 5766K(5824K)->5766K(5824K) Class: 533K(640K)->533K(640K)
[0.210s][info][gc          ] GC(2) Pause Young (Allocation Failure) 1M->1M(2M) 1.537ms
[0.210s][info][gc,cpu      ] GC(2) User=0.00s Sys=0.00s Real=0.00s
[0.212s][info][gc,start    ] GC(3) Pause Young (Allocation Failure)
[0.213s][info][gc,heap     ] GC(3) PSYoungGen: 1536K(1536K)->480K(2560K) Eden: 1024K(1024K)->0K(2048K) From: 512K(512K)->480K(512K)
[0.213s][info][gc,heap     ] GC(3) ParOldGen: 512K(1024K)->1068K(1536K)
[0.213s][info][gc,metaspace] GC(3) Metaspace: 6300K(6464K)->6300K(6464K) NonClass: 5767K(5824K)->5767K(5824K) Class: 533K(640K)->533K(640K)
[0.213s][info][gc          ] GC(3) Pause Young (Allocation Failure) 2M->1M(4M) 1.359ms
[0.213s][info][gc,cpu      ] GC(3) User=0.00s Sys=0.00s Real=0.00s
[0.213s][info][gc,start    ] GC(4) Pause Full (Ergonomics)
[0.213s][info][gc,phases,start] GC(4) Marking Phase
[0.214s][info][gc,phases      ] GC(4) Marking Phase 1.193ms
[0.214s][info][gc,phases,start] GC(4) Summary Phase
[0.214s][info][gc,phases      ] GC(4) Summary Phase 0.016ms
[0.214s][info][gc,phases,start] GC(4) Adjust Roots
[0.215s][info][gc,phases      ] GC(4) Adjust Roots 0.476ms
[0.215s][info][gc,phases,start] GC(4) Compaction Phase
[0.218s][info][gc,phases      ] GC(4) Compaction Phase 2.832ms
[0.218s][info][gc,phases,start] GC(4) Post Compact
[0.218s][info][gc,phases      ] GC(4) Post Compact 0.081ms
[0.218s][info][gc,heap        ] GC(4) PSYoungGen: 480K(2560K)->0K(2560K) Eden: 0K(2048K)->0K(2048K) From: 480K(512K)->0K(512K)
[0.218s][info][gc,heap        ] GC(4) ParOldGen: 1068K(1536K)->1495K(3584K)
[0.218s][info][gc,metaspace   ] GC(4) Metaspace: 6300K(6464K)->6300K(6464K) NonClass: 5767K(5824K)->5767K(5824K) Class: 533K(640K)->533K(640K)
[0.218s][info][gc             ] GC(4) Pause Full (Ergonomics) 1M->1M(6M) 4.984ms
[0.218s][info][gc,cpu         ] GC(4) User=0.00s Sys=0.00s Real=0.01s
[0.221s][info][gc,start       ] GC(5) Pause Young (Allocation Failure)
[0.223s][info][gc,heap        ] GC(5) PSYoungGen: 2048K(2560K)->480K(3584K) Eden: 2048K(2048K)->0K(3072K) From: 0K(512K)->480K(512K)
[0.223s][info][gc,heap        ] GC(5) ParOldGen: 1495K(3584K)->2119K(3584K)
[0.223s][info][gc,metaspace   ] GC(5) Metaspace: 6300K(6464K)->6300K(6464K) NonClass: 5767K(5824K)->5767K(5824K) Class: 533K(640K)->533K(640K)
[0.223s][info][gc             ] GC(5) Pause Young (Allocation Failure) 3M->2M(7M) 1.658ms
[0.223s][info][gc,cpu         ] GC(5) User=0.00s Sys=0.00s Real=0.00s
[0.228s][info][gc,start       ] GC(6) Pause Young (Allocation Failure)
[0.230s][info][gc,heap        ] GC(6) PSYoungGen: 3552K(3584K)->1504K(4608K) Eden: 3072K(3072K)->0K(3072K) From: 480K(512K)->1504K(1536K)
[0.230s][info][gc,heap        ] GC(6) ParOldGen: 2119K(3584K)->2695K(3584K)
[0.230s][info][gc,metaspace   ] GC(6) Metaspace: 6300K(6464K)->6300K(6464K) NonClass: 5767K(5824K)->5767K(5824K) Class: 533K(640K)->533K(640K)
[0.230s][info][gc             ] GC(6) Pause Young (Allocation Failure) 5M->4M(8M) 2.330ms
[0.230s][info][gc,cpu         ] GC(6) User=0.00s Sys=0.00s Real=0.00s
[0.230s][info][gc,start       ] GC(7) Pause Full (Ergonomics)
[0.230s][info][gc,phases,start] GC(7) Marking Phase
[0.233s][info][gc,phases      ] GC(7) Marking Phase 2.499ms
[0.233s][info][gc,phases,start] GC(7) Summary Phase
[0.233s][info][gc,phases      ] GC(7) Summary Phase 0.016ms
[0.233s][info][gc,phases,start] GC(7) Adjust Roots
[0.233s][info][gc,phases      ] GC(7) Adjust Roots 0.413ms
[0.233s][info][gc,phases,start] GC(7) Compaction Phase
[0.236s][info][gc,phases      ] GC(7) Compaction Phase 3.171ms
[0.237s][info][gc,phases,start] GC(7) Post Compact
[0.237s][info][gc,phases      ] GC(7) Post Compact 0.043ms
[0.237s][info][gc,heap        ] GC(7) PSYoungGen: 1504K(4608K)->989K(4608K) Eden: 0K(3072K)->0K(3072K) From: 1504K(1536K)->989K(1536K)
[0.237s][info][gc,heap        ] GC(7) ParOldGen: 2695K(3584K)->3127K(6144K)
[0.237s][info][gc,metaspace   ] GC(7) Metaspace: 6300K(6464K)->6300K(6464K) NonClass: 5767K(5824K)->5767K(5824K) Class: 533K(640K)->533K(640K)
[0.237s][info][gc             ] GC(7) Pause Full (Ergonomics) 4M->4M(10M) 6.587ms
[0.237s][info][gc,cpu         ] GC(7) User=0.00s Sys=0.00s Real=0.01s
[0.242s][info][gc,start       ] GC(8) Pause Young (Allocation Failure)
[0.244s][info][gc,heap        ] GC(8) PSYoungGen: 4061K(4608K)->2048K(5632K) Eden: 3072K(3072K)->0K(3584K) From: 989K(1536K)->2048K(2048K)
[0.245s][info][gc,heap        ] GC(8) ParOldGen: 3127K(6144K)->3671K(6144K)
[0.245s][info][gc,metaspace   ] GC(8) Metaspace: 6300K(6464K)->6300K(6464K) NonClass: 5767K(5824K)->5767K(5824K) Class: 533K(640K)->533K(640K)
[0.245s][info][gc             ] GC(8) Pause Young (Allocation Failure) 7M->5M(11M) 3.019ms
[0.245s][info][gc,cpu         ] GC(8) User=0.00s Sys=0.00s Real=0.00s
[0.251s][info][gc,start       ] GC(9) Pause Young (Allocation Failure)
[0.255s][info][gc,heap        ] GC(9) PSYoungGen: 5632K(5632K)->3040K(6656K) Eden: 3584K(3584K)->0K(3584K) From: 2048K(2048K)->3040K(3072K)
[0.255s][info][gc,heap        ] GC(9) ParOldGen: 3671K(6144K)->4671K(6144K)
[0.255s][info][gc,metaspace   ] GC(9) Metaspace: 6300K(6464K)->6300K(6464K) NonClass: 5767K(5824K)->5767K(5824K) Class: 533K(640K)->533K(640K)
[0.255s][info][gc             ] GC(9) Pause Young (Allocation Failure) 9M->7M(12M) 4.609ms
[0.256s][info][gc,cpu         ] GC(9) User=0.00s Sys=0.00s Real=0.01s
[0.262s][info][gc,start       ] GC(10) Pause Young (Allocation Failure)
[0.266s][info][gc,heap        ] GC(10) PSYoungGen: 6624K(6656K)->4032K(9216K) Eden: 3584K(3584K)->0K(5120K) From: 3040K(3072K)->4032K(4096K)
[0.266s][info][gc,heap        ] GC(10) ParOldGen: 4671K(6144K)->5567K(6144K)
[0.266s][info][gc,metaspace   ] GC(10) Metaspace: 6300K(6464K)->6300K(6464K) NonClass: 5767K(5824K)->5767K(5824K) Class: 533K(640K)->533K(640K)
[0.266s][info][gc             ] GC(10) Pause Young (Allocation Failure) 11M->9M(15M) 4.419ms
[0.266s][info][gc,cpu         ] GC(10) User=0.00s Sys=0.00s Real=0.00s
[0.266s][info][gc,start       ] GC(11) Pause Full (Ergonomics)
[0.266s][info][gc,phases,start] GC(11) Marking Phase
[0.271s][info][gc,phases      ] GC(11) Marking Phase 5.119ms
[0.271s][info][gc,phases,start] GC(11) Summary Phase
[0.271s][info][gc,phases      ] GC(11) Summary Phase 0.017ms
[0.271s][info][gc,phases,start] GC(11) Adjust Roots
[0.271s][info][gc,phases      ] GC(11) Adjust Roots 0.237ms
[0.271s][info][gc,phases,start] GC(11) Compaction Phase
[0.276s][info][gc,phases      ] GC(11) Compaction Phase 4.954ms
[0.277s][info][gc,phases,start] GC(11) Post Compact
[0.277s][info][gc,phases      ] GC(11) Post Compact 0.058ms
[0.277s][info][gc,heap        ] GC(11) PSYoungGen: 4032K(9216K)->3488K(9216K) Eden: 0K(5120K)->0K(5120K) From: 4032K(4096K)->3488K(4096K)
[0.277s][info][gc,heap        ] GC(11) ParOldGen: 5567K(6144K)->5888K(10240K)
[0.277s][info][gc,metaspace   ] GC(11) Metaspace: 6300K(6464K)->6300K(6464K) NonClass: 5767K(5824K)->5767K(5824K) Class: 533K(640K)->533K(640K)
[0.277s][info][gc             ] GC(11) Pause Full (Ergonomics) 9M->9M(19M) 10.691ms
[0.277s][info][gc,cpu         ] GC(11) User=0.00s Sys=0.00s Real=0.01s
[0.285s][info][gc,start       ] GC(12) Pause Young (Allocation Failure)
[0.290s][info][gc,heap        ] GC(12) PSYoungGen: 8608K(9216K)->4576K(9728K) Eden: 5120K(5120K)->0K(5120K) From: 3488K(4096K)->4576K(4608K)
[0.290s][info][gc,heap        ] GC(12) ParOldGen: 5888K(10240K)->7728K(10240K)
[0.290s][info][gc,metaspace   ] GC(12) Metaspace: 6300K(6464K)->6300K(6464K) NonClass: 5767K(5824K)->5767K(5824K) Class: 533K(640K)->533K(640K)
[0.290s][info][gc             ] GC(12) Pause Young (Allocation Failure) 14M->12M(19M) 5.578ms
[0.290s][info][gc,cpu         ] GC(12) User=0.00s Sys=0.00s Real=0.01s
[0.295s][info][gc,start       ] GC(13) Pause Young (Allocation Failure)
[0.301s][info][gc,heap        ] GC(13) PSYoungGen: 9696K(9728K)->2624K(12288K) Eden: 5120K(5120K)->0K(7168K) From: 4576K(4608K)->2624K(5120K)
[0.301s][info][gc,heap        ] GC(13) ParOldGen: 7728K(10240K)->12368K(12800K)
[0.301s][info][gc,metaspace   ] GC(13) Metaspace: 6302K(6464K)->6302K(6464K) NonClass: 5769K(5824K)->5769K(5824K) Class: 533K(640K)->533K(640K)
[0.301s][info][gc             ] GC(13) Pause Young (Allocation Failure) 17M->14M(24M) 6.316ms
[0.301s][info][gc,cpu         ] GC(13) User=0.00s Sys=0.00s Real=0.01s
[0.301s][info][gc,start       ] GC(14) Pause Full (Ergonomics)
[0.302s][info][gc,phases,start] GC(14) Marking Phase
[0.309s][info][gc,phases      ] GC(14) Marking Phase 7.222ms
[0.309s][info][gc,phases,start] GC(14) Summary Phase
[0.309s][info][gc,phases      ] GC(14) Summary Phase 0.017ms
[0.309s][info][gc,phases,start] GC(14) Adjust Roots
[0.309s][info][gc,phases      ] GC(14) Adjust Roots 0.223ms
[0.309s][info][gc,phases,start] GC(14) Compaction Phase
[0.316s][info][gc,phases      ] GC(14) Compaction Phase 6.458ms
[0.316s][info][gc,phases,start] GC(14) Post Compact
[0.316s][info][gc,phases      ] GC(14) Post Compact 0.055ms
[0.316s][info][gc,heap        ] GC(14) PSYoungGen: 2624K(12288K)->2099K(12800K) Eden: 0K(7168K)->0K(7680K) From: 2624K(5120K)->2099K(5120K)
[0.316s][info][gc,heap        ] GC(14) ParOldGen: 12368K(12800K)->12517K(19968K)
[0.316s][info][gc,metaspace   ] GC(14) Metaspace: 6302K(6464K)->6302K(6464K) NonClass: 5769K(5824K)->5769K(5824K) Class: 533K(640K)->533K(640K)
[0.316s][info][gc             ] GC(14) Pause Full (Ergonomics) 14M->14M(32M) 14.293ms
[0.316s][info][gc,cpu         ] GC(14) User=0.00s Sys=0.00s Real=0.01s
[0.322s][info][gc,start       ] GC(15) Pause Young (Allocation Failure)
[0.328s][info][gc,heap        ] GC(15) PSYoungGen: 9779K(12800K)->3968K(13312K) Eden: 7680K(7680K)->0K(7680K) From: 2099K(5120K)->3968K(5632K)
[0.328s][info][gc,heap        ] GC(15) ParOldGen: 12517K(19968K)->14661K(19968K)
[0.328s][info][gc,metaspace   ] GC(15) Metaspace: 6302K(6464K)->6302K(6464K) NonClass: 5769K(5824K)->5769K(5824K) Class: 533K(640K)->533K(640K)
[0.328s][info][gc             ] GC(15) Pause Young (Allocation Failure) 21M->18M(32M) 6.151ms
[0.328s][info][gc,cpu         ] GC(15) User=0.02s Sys=0.00s Real=0.01s
[0.333s][info][gc,start       ] GC(16) Pause Young (Allocation Failure)
[0.339s][info][gc,heap        ] GC(16) PSYoungGen: 11648K(13312K)->4000K(16384K) Eden: 7680K(7680K)->0K(10240K) From: 3968K(5632K)->4000K(6144K)
[0.339s][info][gc,heap        ] GC(16) ParOldGen: 14661K(19968K)->18669K(19968K)
[0.339s][info][gc,metaspace   ] GC(16) Metaspace: 6302K(6464K)->6302K(6464K) NonClass: 5769K(5824K)->5769K(5824K) Class: 533K(640K)->533K(640K)
[0.340s][info][gc             ] GC(16) Pause Young (Allocation Failure) 25M->22M(35M) 6.876ms
[0.340s][info][gc,cpu         ] GC(16) User=0.00s Sys=0.00s Real=0.01s
[0.340s][info][gc,start       ] GC(17) Pause Full (Ergonomics)
[0.340s][info][gc,phases,start] GC(17) Marking Phase
[0.349s][info][gc,phases      ] GC(17) Marking Phase 9.904ms
[0.350s][info][gc,phases,start] GC(17) Summary Phase
[0.350s][info][gc,phases      ] GC(17) Summary Phase 0.018ms
[0.350s][info][gc,phases,start] GC(17) Adjust Roots
[0.350s][info][gc,phases      ] GC(17) Adjust Roots 0.229ms
[0.350s][info][gc,phases,start] GC(17) Compaction Phase
[0.356s][info][gc,phases      ] GC(17) Compaction Phase 6.230ms
[0.356s][info][gc,phases,start] GC(17) Post Compact
[0.356s][info][gc,phases      ] GC(17) Post Compact 0.152ms
[0.356s][info][gc,heap        ] GC(17) PSYoungGen: 4000K(16384K)->2943K(16384K) Eden: 0K(10240K)->0K(10240K) From: 4000K(6144K)->2943K(6144K)
[0.356s][info][gc,heap        ] GC(17) ParOldGen: 18669K(19968K)->19579K(29184K)
[0.356s][info][gc,metaspace   ] GC(17) Metaspace: 6302K(6464K)->6302K(6464K) NonClass: 5769K(5824K)->5769K(5824K) Class: 533K(640K)->533K(640K)
[0.356s][info][gc             ] GC(17) Pause Full (Ergonomics) 22M->21M(44M) 16.919ms
[0.357s][info][gc,cpu         ] GC(17) User=0.00s Sys=0.00s Real=0.02s
[0.365s][info][gc,start       ] GC(18) Pause Young (Allocation Failure)
[0.372s][info][gc,heap        ] GC(18) PSYoungGen: 13183K(16384K)->5824K(16384K) Eden: 10240K(10240K)->0K(10240K) From: 2943K(6144K)->5824K(6144K)
[0.372s][info][gc,heap        ] GC(18) ParOldGen: 19579K(29184K)->22579K(29184K)
[0.372s][info][gc,metaspace   ] GC(18) Metaspace: 6302K(6464K)->6302K(6464K) NonClass: 5769K(5824K)->5769K(5824K) Class: 533K(640K)->533K(640K)
[0.372s][info][gc             ] GC(18) Pause Young (Allocation Failure) 31M->27M(44M) 6.889ms
[0.372s][info][gc,cpu         ] GC(18) User=0.00s Sys=0.00s Real=0.01s
[0.378s][info][gc,start       ] GC(19) Pause Young (Allocation Failure)
[0.387s][info][gc,heap        ] GC(19) PSYoungGen: 16064K(16384K)->5344K(20480K) Eden: 10240K(10240K)->0K(13312K) From: 5824K(6144K)->5344K(7168K)
[0.387s][info][gc,heap        ] GC(19) ParOldGen: 22579K(29184K)->28451K(29184K)
[0.387s][info][gc,metaspace   ] GC(19) Metaspace: 6302K(6464K)->6302K(6464K) NonClass: 5769K(5824K)->5769K(5824K) Class: 533K(640K)->533K(640K)
[0.387s][info][gc             ] GC(19) Pause Young (Allocation Failure) 37M->33M(48M) 8.412ms
[0.387s][info][gc,cpu         ] GC(19) User=0.00s Sys=0.00s Real=0.01s
[0.387s][info][gc,start       ] GC(20) Pause Full (Ergonomics)
[0.387s][info][gc,phases,start] GC(20) Marking Phase
[0.400s][info][gc,phases      ] GC(20) Marking Phase 13.281ms
[0.400s][info][gc,phases,start] GC(20) Summary Phase
[0.400s][info][gc,phases      ] GC(20) Summary Phase 0.017ms
[0.400s][info][gc,phases,start] GC(20) Adjust Roots
[0.400s][info][gc,phases      ] GC(20) Adjust Roots 0.181ms
[0.400s][info][gc,phases,start] GC(20) Compaction Phase
[0.414s][info][gc,phases      ] GC(20) Compaction Phase 13.144ms
[0.414s][info][gc,phases,start] GC(20) Post Compact
[0.414s][info][gc,phases      ] GC(20) Post Compact 0.135ms
[0.414s][info][gc,heap        ] GC(20) PSYoungGen: 5344K(20480K)->4270K(20480K) Eden: 0K(13312K)->0K(13312K) From: 5344K(7168K)->4270K(7168K)
[0.414s][info][gc,heap        ] GC(20) ParOldGen: 28451K(29184K)->28820K(40960K)
[0.414s][info][gc,metaspace   ] GC(20) Metaspace: 6302K(6464K)->6302K(6464K) NonClass: 5769K(5824K)->5769K(5824K) Class: 533K(640K)->533K(640K)
[0.414s][info][gc             ] GC(20) Pause Full (Ergonomics) 33M->32M(60M) 27.252ms
[0.414s][info][gc,cpu         ] GC(20) User=0.00s Sys=0.00s Real=0.03s
[0.427s][info][gc,start       ] GC(21) Pause Young (Allocation Failure)
[0.440s][info][gc,heap        ] GC(21) PSYoungGen: 17582K(20480K)->7680K(20992K) Eden: 13312K(13312K)->0K(13312K) From: 4270K(7168K)->7680K(7680K)
[0.440s][info][gc,heap        ] GC(21) ParOldGen: 28820K(40960K)->37172K(40960K)
[0.440s][info][gc,metaspace   ] GC(21) Metaspace: 6302K(6464K)->6302K(6464K) NonClass: 5769K(5824K)->5769K(5824K) Class: 533K(640K)->533K(640K)
[0.440s][info][gc             ] GC(21) Pause Young (Allocation Failure) 45M->43M(60M) 13.805ms
[0.440s][info][gc,cpu         ] GC(21) User=0.00s Sys=0.00s Real=0.01s
[0.440s][info][gc,start       ] GC(22) Pause Full (Ergonomics)
[0.440s][info][gc,phases,start] GC(22) Marking Phase
[0.459s][info][gc,phases      ] GC(22) Marking Phase 18.169ms
[0.459s][info][gc,phases,start] GC(22) Summary Phase
[0.459s][info][gc,phases      ] GC(22) Summary Phase 0.015ms
[0.459s][info][gc,phases,start] GC(22) Adjust Roots
[0.459s][info][gc,phases      ] GC(22) Adjust Roots 0.156ms
[0.459s][info][gc,phases,start] GC(22) Compaction Phase
[0.470s][info][gc,phases      ] GC(22) Compaction Phase 11.596ms
[0.471s][info][gc,phases,start] GC(22) Post Compact
[0.471s][info][gc,phases      ] GC(22) Post Compact 0.243ms
[0.471s][info][gc,heap        ] GC(22) PSYoungGen: 7680K(20992K)->4088K(20992K) Eden: 0K(13312K)->0K(13312K) From: 7680K(7680K)->4088K(7680K)
[0.471s][info][gc,heap        ] GC(22) ParOldGen: 37172K(40960K)->40608K(56320K)
[0.471s][info][gc,metaspace   ] GC(22) Metaspace: 6302K(6464K)->6302K(6464K) NonClass: 5769K(5824K)->5769K(5824K) Class: 533K(640K)->533K(640K)
[0.471s][info][gc             ] GC(22) Pause Full (Ergonomics) 43M->43M(75M) 30.633ms
[0.471s][info][gc,cpu         ] GC(22) User=0.02s Sys=0.00s Real=0.03s
[0.487s][info][gc,start       ] GC(23) Pause Young (Allocation Failure)
[0.502s][info][gc,heap        ] GC(23) PSYoungGen: 17400K(20992K)->11744K(24064K) Eden: 13312K(13312K)->0K(12288K) From: 4088K(7680K)->11744K(11776K)
[0.502s][info][gc,heap        ] GC(23) ParOldGen: 40608K(56320K)->46352K(56320K)
[0.502s][info][gc,metaspace   ] GC(23) Metaspace: 6302K(6464K)->6302K(6464K) NonClass: 5769K(5824K)->5769K(5824K) Class: 533K(640K)->533K(640K)
[0.502s][info][gc             ] GC(23) Pause Young (Allocation Failure) 56M->56M(78M) 14.778ms
[0.502s][info][gc,cpu         ] GC(23) User=0.00s Sys=0.00s Real=0.01s
[0.514s][info][gc,start       ] GC(24) Pause Young (Allocation Failure)
[0.531s][info][gc,heap        ] GC(24) PSYoungGen: 24032K(24064K)->12320K(28160K) Eden: 12288K(12288K)->0K(12288K) From: 11744K(11776K)->12320K(15872K)
[0.531s][info][gc,heap        ] GC(24) ParOldGen: 46352K(56320K)->58232K(58368K)
[0.531s][info][gc,metaspace   ] GC(24) Metaspace: 6302K(6464K)->6302K(6464K) NonClass: 5769K(5824K)->5769K(5824K) Class: 533K(640K)->533K(640K)
[0.531s][info][gc             ] GC(24) Pause Young (Allocation Failure) 68M->68M(84M) 16.201ms
[0.531s][info][gc,cpu         ] GC(24) User=0.00s Sys=0.00s Real=0.02s
[0.531s][info][gc,start       ] GC(25) Pause Full (Ergonomics)
[0.531s][info][gc,phases,start] GC(25) Marking Phase
[0.557s][info][gc,phases      ] GC(25) Marking Phase 26.688ms
[0.558s][info][gc,phases,start] GC(25) Summary Phase
[0.558s][info][gc,phases      ] GC(25) Summary Phase 0.016ms
[0.558s][info][gc,phases,start] GC(25) Adjust Roots
[0.558s][info][gc,phases      ] GC(25) Adjust Roots 0.213ms
[0.558s][info][gc,phases,start] GC(25) Compaction Phase
[0.579s][info][gc,phases      ] GC(25) Compaction Phase 21.242ms
[0.579s][info][gc,phases,start] GC(25) Post Compact
[0.579s][info][gc,phases      ] GC(25) Post Compact 0.205ms
[0.579s][info][gc,heap        ] GC(25) PSYoungGen: 12320K(28160K)->11235K(28160K) Eden: 0K(12288K)->0K(12288K) From: 12320K(15872K)->11235K(15872K)
[0.579s][info][gc,heap        ] GC(25) ParOldGen: 58232K(58368K)->57975K(78336K)
[0.579s][info][gc,metaspace   ] GC(25) Metaspace: 6302K(6464K)->6302K(6464K) NonClass: 5769K(5824K)->5769K(5824K) Class: 533K(640K)->533K(640K)
[0.579s][info][gc             ] GC(25) Pause Full (Ergonomics) 68M->67M(104M) 48.704ms
[0.579s][info][gc,cpu         ] GC(25) User=0.06s Sys=0.00s Real=0.05s
[0.593s][info][gc,start       ] GC(26) Pause Young (Allocation Failure)
[0.613s][info][gc,heap        ] GC(26) PSYoungGen: 23523K(28160K)->12320K(31232K) Eden: 12288K(12288K)->0K(13824K) From: 11235K(15872K)->12320K(17408K)
[0.613s][info][gc,heap        ] GC(26) ParOldGen: 57975K(78336K)->69399K(78336K)
[0.613s][info][gc,metaspace   ] GC(26) Metaspace: 6302K(6464K)->6302K(6464K) NonClass: 5769K(5824K)->5769K(5824K) Class: 533K(640K)->533K(640K)
[0.613s][info][gc             ] GC(26) Pause Young (Allocation Failure) 79M->79M(107M) 20.614ms
[0.613s][info][gc,cpu         ] GC(26) User=0.03s Sys=0.00s Real=0.02s
[0.613s][info][gc,start       ] GC(27) Pause Full (Ergonomics)
[0.613s][info][gc,phases,start] GC(27) Marking Phase
[0.645s][info][gc,phases      ] GC(27) Marking Phase 31.812ms
[0.645s][info][gc,phases,start] GC(27) Summary Phase
[0.645s][info][gc,phases      ] GC(27) Summary Phase 0.016ms
[0.645s][info][gc,phases,start] GC(27) Adjust Roots
[0.645s][info][gc,phases      ] GC(27) Adjust Roots 0.169ms
[0.645s][info][gc,phases,start] GC(27) Compaction Phase
[0.663s][info][gc,phases      ] GC(27) Compaction Phase 18.128ms
[0.664s][info][gc,phases,start] GC(27) Post Compact
[0.664s][info][gc,phases      ] GC(27) Post Compact 0.342ms
[0.664s][info][gc,heap        ] GC(27) PSYoungGen: 12320K(31232K)->3570K(31232K) Eden: 0K(13824K)->0K(13824K) From: 12320K(17408K)->3570K(17408K)
[0.664s][info][gc,heap        ] GC(27) ParOldGen: 69399K(78336K)->77897K(101888K)
[0.664s][info][gc,metaspace   ] GC(27) Metaspace: 6302K(6464K)->6302K(6464K) NonClass: 5769K(5824K)->5769K(5824K) Class: 533K(640K)->533K(640K)
[0.664s][info][gc             ] GC(27) Pause Full (Ergonomics) 79M->79M(130M) 50.852ms
[0.664s][info][gc,cpu         ] GC(27) User=0.06s Sys=0.00s Real=0.05s
[0.689s][info][gc,start       ] GC(28) Pause Young (Allocation Failure)
[0.703s][info][gc,heap        ] GC(28) PSYoungGen: 17394K(31232K)->17440K(32256K) Eden: 13824K(13824K)->0K(13824K) From: 3570K(17408K)->17440K(18432K)
[0.703s][info][gc,heap        ] GC(28) ParOldGen: 77897K(101888K)->77897K(101888K)
[0.703s][info][gc,metaspace   ] GC(28) Metaspace: 6302K(6464K)->6302K(6464K) NonClass: 5769K(5824K)->5769K(5824K) Class: 533K(640K)->533K(640K)
[0.703s][info][gc             ] GC(28) Pause Young (Allocation Failure) 93M->93M(131M) 13.410ms
[0.703s][info][gc,cpu         ] GC(28) User=0.00s Sys=0.00s Real=0.01s
[0.714s][info][gc,start       ] GC(29) Pause Young (Allocation Failure)
[0.731s][info][gc,heap        ] GC(29) PSYoungGen: 31264K(32256K)->21472K(30720K) Eden: 13824K(13824K)->0K(9216K) From: 17440K(18432K)->21472K(21504K)
[0.731s][info][gc,heap        ] GC(29) ParOldGen: 77897K(101888K)->87793K(101888K)
[0.731s][info][gc,metaspace   ] GC(29) Metaspace: 6302K(6464K)->6302K(6464K) NonClass: 5769K(5824K)->5769K(5824K) Class: 533K(640K)->533K(640K)
[0.731s][info][gc             ] GC(29) Pause Young (Allocation Failure) 106M->106M(129M) 16.661ms
[0.731s][info][gc,cpu         ] GC(29) User=0.03s Sys=0.00s Real=0.02s
[0.739s][info][gc,start       ] GC(30) Pause Young (Allocation Failure)
[0.757s][info][gc,heap        ] GC(30) PSYoungGen: 30688K(30720K)->18496K(37888K) Eden: 9216K(9216K)->0K(9216K) From: 21472K(21504K)->18496K(28672K)
[0.757s][info][gc,heap        ] GC(30) ParOldGen: 87793K(101888K)->100137K(101888K)
[0.757s][info][gc,metaspace   ] GC(30) Metaspace: 6302K(6464K)->6302K(6464K) NonClass: 5769K(5824K)->5769K(5824K) Class: 533K(640K)->533K(640K)
[0.757s][info][gc             ] GC(30) Pause Young (Allocation Failure) 115M->115M(136M) 18.217ms
[0.757s][info][gc,cpu         ] GC(30) User=0.02s Sys=0.00s Real=0.02s
[0.757s][info][gc,start       ] GC(31) Pause Full (Ergonomics)
[0.757s][info][gc,phases,start] GC(31) Marking Phase
[0.793s][info][gc,phases      ] GC(31) Marking Phase 35.487ms
[0.793s][info][gc,phases,start] GC(31) Summary Phase
[0.793s][info][gc,phases      ] GC(31) Summary Phase 0.016ms
[0.793s][info][gc,phases,start] GC(31) Adjust Roots
[0.793s][info][gc,phases      ] GC(31) Adjust Roots 0.145ms
[0.793s][info][gc,phases,start] GC(31) Compaction Phase
[0.823s][info][gc,phases      ] GC(31) Compaction Phase 29.614ms
[0.823s][info][gc,phases,start] GC(31) Post Compact
[0.823s][info][gc,phases      ] GC(31) Post Compact 0.410ms
[0.823s][info][gc,heap        ] GC(31) PSYoungGen: 18496K(37888K)->14333K(37888K) Eden: 0K(9216K)->0K(9216K) From: 18496K(28672K)->14333K(28672K)
[0.823s][info][gc,heap        ] GC(31) ParOldGen: 100137K(101888K)->101861K(130048K)
[0.823s][info][gc,metaspace   ] GC(31) Metaspace: 6302K(6464K)->6302K(6464K) NonClass: 5769K(5824K)->5769K(5824K) Class: 533K(640K)->533K(640K)
[0.823s][info][gc             ] GC(31) Pause Full (Ergonomics) 115M->113M(164M) 66.050ms
[0.823s][info][gc,cpu         ] GC(31) User=0.14s Sys=0.00s Real=0.07s
[0.832s][info][gc,start       ] GC(32) Pause Young (Allocation Failure)
[0.849s][info][gc,heap        ] GC(32) PSYoungGen: 23549K(37888K)->17504K(40960K) Eden: 9216K(9216K)->0K(11264K) From: 14333K(28672K)->17504K(29696K)
[0.849s][info][gc,heap        ] GC(32) ParOldGen: 101861K(130048K)->108053K(130048K)
[0.849s][info][gc,metaspace   ] GC(32) Metaspace: 6302K(6464K)->6302K(6464K) NonClass: 5769K(5824K)->5769K(5824K) Class: 533K(640K)->533K(640K)
[0.849s][info][gc             ] GC(32) Pause Young (Allocation Failure) 122M->122M(167M) 16.865ms
[0.849s][info][gc,cpu         ] GC(32) User=0.05s Sys=0.00s Real=0.02s
[0.862s][info][gc,start       ] GC(33) Pause Young (Allocation Failure)
[0.875s][info][gc,heap        ] GC(33) PSYoungGen: 28768K(40960K)->28768K(41472K) Eden: 11264K(11264K)->0K(11264K) From: 17504K(29696K)->28768K(30208K)
[0.875s][info][gc,heap        ] GC(33) ParOldGen: 108053K(130048K)->108053K(130048K)
[0.875s][info][gc,metaspace   ] GC(33) Metaspace: 6302K(6464K)->6302K(6464K) NonClass: 5769K(5824K)->5769K(5824K) Class: 533K(640K)->533K(640K)
[0.875s][info][gc             ] GC(33) Pause Young (Allocation Failure) 133M->133M(167M) 13.707ms
[0.875s][info][gc,cpu         ] GC(33) User=0.02s Sys=0.00s Real=0.01s
[0.886s][info][gc,start       ] GC(34) Pause Young (Allocation Failure)
[0.905s][info][gc,heap        ] GC(34) PSYoungGen: 40032K(41472K)->31808K(44032K) Eden: 11264K(11264K)->0K(9216K) From: 28768K(30208K)->31808K(34816K)
[0.905s][info][gc,heap        ] GC(34) ParOldGen: 108053K(130048K)->116445K(130048K)
[0.905s][info][gc,metaspace   ] GC(34) Metaspace: 6302K(6464K)->6302K(6464K) NonClass: 5769K(5824K)->5769K(5824K) Class: 533K(640K)->533K(640K)
[0.905s][info][gc             ] GC(34) Pause Young (Allocation Failure) 144M->144M(170M) 19.410ms
[0.905s][info][gc,cpu         ] GC(34) User=0.08s Sys=0.00s Real=0.02s
[0.905s][info][gc,start       ] GC(35) Pause Full (Ergonomics)
[0.905s][info][gc,phases,start] GC(35) Marking Phase
[0.936s][info][gc,phases      ] GC(35) Marking Phase 30.512ms
[0.936s][info][gc,phases,start] GC(35) Summary Phase
[0.936s][info][gc,phases      ] GC(35) Summary Phase 0.017ms
[0.936s][info][gc,phases,start] GC(35) Adjust Roots
[0.936s][info][gc,phases      ] GC(35) Adjust Roots 0.140ms
[0.936s][info][gc,phases,start] GC(35) Compaction Phase
[0.958s][info][gc,phases      ] GC(35) Compaction Phase 22.319ms
[0.959s][info][gc,phases,start] GC(35) Post Compact
[0.959s][info][gc,phases      ] GC(35) Post Compact 0.641ms
[0.959s][info][gc,heap        ] GC(35) PSYoungGen: 31808K(44032K)->17856K(44032K) Eden: 0K(9216K)->0K(9216K) From: 31808K(34816K)->17856K(34816K)
[0.959s][info][gc,heap        ] GC(35) ParOldGen: 116445K(130048K)->129992K(158720K)
[0.959s][info][gc,metaspace   ] GC(35) Metaspace: 6302K(6464K)->6302K(6464K) NonClass: 5769K(5824K)->5769K(5824K) Class: 533K(640K)->533K(640K)
[0.959s][info][gc             ] GC(35) Pause Full (Ergonomics) 144M->144M(198M) 54.083ms
[0.959s][info][gc,cpu         ] GC(35) User=0.12s Sys=0.00s Real=0.05s
[0.969s][info][gc,start       ] GC(36) Pause Young (Allocation Failure)
[0.987s][info][gc,heap        ] GC(36) PSYoungGen: 27072K(44032K)->21568K(48640K) Eden: 9216K(9216K)->0K(9216K) From: 17856K(34816K)->21568K(39424K)
[0.987s][info][gc,heap        ] GC(36) ParOldGen: 129992K(158720K)->135688K(158720K)
[0.987s][info][gc,metaspace   ] GC(36) Metaspace: 6302K(6464K)->6302K(6464K) NonClass: 5769K(5824K)->5769K(5824K) Class: 533K(640K)->533K(640K)
[0.987s][info][gc             ] GC(36) Pause Young (Allocation Failure) 153M->153M(202M) 18.613ms
[0.987s][info][gc,cpu         ] GC(36) User=0.05s Sys=0.00s Real=0.02s
[0.996s][info][gc,start       ] GC(37) Pause Young (Allocation Failure)
[1.011s][info][gc,heap        ] GC(37) PSYoungGen: 30784K(48640K)->24992K(49152K) Eden: 9216K(9216K)->0K(9728K) From: 21568K(39424K)->24992K(39424K)
[1.011s][info][gc,heap        ] GC(37) ParOldGen: 135688K(158720K)->141544K(158720K)
[1.011s][info][gc,metaspace   ] GC(37) Metaspace: 6302K(6464K)->6302K(6464K) NonClass: 5769K(5824K)->5769K(5824K) Class: 533K(640K)->533K(640K)
[1.011s][info][gc             ] GC(37) Pause Young (Allocation Failure) 162M->162M(203M) 14.913ms
[1.011s][info][gc,cpu         ] GC(37) User=0.02s Sys=0.00s Real=0.01s
[1.022s][info][gc,start       ] GC(38) Pause Young (Allocation Failure)
[1.040s][info][gc,heap        ] GC(38) PSYoungGen: 34720K(49152K)->28224K(50176K) Eden: 9728K(9728K)->0K(9728K) From: 24992K(39424K)->28224K(40448K)
[1.040s][info][gc,heap        ] GC(38) ParOldGen: 141544K(158720K)->148168K(158720K)
[1.040s][info][gc,metaspace   ] GC(38) Metaspace: 6302K(6464K)->6302K(6464K) NonClass: 5769K(5824K)->5769K(5824K) Class: 533K(640K)->533K(640K)
[1.040s][info][gc             ] GC(38) Pause Young (Allocation Failure) 172M->172M(204M) 18.495ms
[1.040s][info][gc,cpu         ] GC(38) User=0.06s Sys=0.00s Real=0.02s
[1.041s][info][gc,start       ] GC(39) Pause Full (Ergonomics)
[1.041s][info][gc,phases,start] GC(39) Marking Phase
[1.098s][info][gc,phases      ] GC(39) Marking Phase 57.434ms
[1.098s][info][gc,phases,start] GC(39) Summary Phase
[1.098s][info][gc,phases      ] GC(39) Summary Phase 0.022ms
[1.098s][info][gc,phases,start] GC(39) Adjust Roots
[1.098s][info][gc,phases      ] GC(39) Adjust Roots 0.149ms
[1.098s][info][gc,phases,start] GC(39) Compaction Phase
[1.122s][info][gc,phases      ] GC(39) Compaction Phase 23.866ms
[1.122s][info][gc,phases,start] GC(39) Post Compact
[1.123s][info][gc,phases      ] GC(39) Post Compact 1.086ms
[1.124s][info][gc,heap        ] GC(39) PSYoungGen: 28224K(50176K)->17337K(50176K) Eden: 0K(9728K)->0K(9728K) From: 28224K(40448K)->17337K(40448K)
[1.124s][info][gc,heap        ] GC(39) ParOldGen: 148168K(158720K)->158579K(187392K)
[1.124s][info][gc,metaspace   ] GC(39) Metaspace: 6302K(6464K)->6302K(6464K) NonClass: 5769K(5824K)->5769K(5824K) Class: 533K(640K)->533K(640K)
[1.124s][info][gc             ] GC(39) Pause Full (Ergonomics) 172M->171M(232M) 83.177ms
[1.124s][info][gc,cpu         ] GC(39) User=0.27s Sys=0.00s Real=0.08s
[1.156s][info][gc,start       ] GC(40) Pause Young (Allocation Failure)
[1.185s][info][gc,heap        ] GC(40) PSYoungGen: 27065K(50176K)->15840K(49152K) Eden: 9728K(9728K)->0K(11264K) From: 17337K(40448K)->15840K(37888K)
[1.185s][info][gc,heap        ] GC(40) ParOldGen: 158579K(187392K)->170051K(187392K)
[1.185s][info][gc,metaspace   ] GC(40) Metaspace: 6302K(6464K)->6302K(6464K) NonClass: 5769K(5824K)->5769K(5824K) Class: 533K(640K)->533K(640K)
[1.185s][info][gc             ] GC(40) Pause Young (Allocation Failure) 181M->181M(231M) 29.397ms
[1.185s][info][gc,cpu         ] GC(40) User=0.02s Sys=0.00s Real=0.03s
[1.196s][info][gc,start       ] GC(41) Pause Young (Allocation Failure)
[1.217s][info][gc,heap        ] GC(41) PSYoungGen: 27104K(49152K)->21056K(51712K) Eden: 11264K(11264K)->0K(11264K) From: 15840K(37888K)->21056K(40448K)
[1.217s][info][gc,heap        ] GC(41) ParOldGen: 170051K(187392K)->176227K(187392K)
[1.217s][info][gc,metaspace   ] GC(41) Metaspace: 6302K(6464K)->6302K(6464K) NonClass: 5769K(5824K)->5769K(5824K) Class: 533K(640K)->533K(640K)
[1.217s][info][gc             ] GC(41) Pause Young (Allocation Failure) 192M->192M(233M) 20.983ms
[1.217s][info][gc,cpu         ] GC(41) User=0.05s Sys=0.00s Real=0.02s
[1.218s][info][gc,start       ] GC(42) Pause Full (Ergonomics)
[1.218s][info][gc,phases,start] GC(42) Marking Phase
[1.277s][info][gc,phases      ] GC(42) Marking Phase 58.943ms
[1.277s][info][gc,phases,start] GC(42) Summary Phase
[1.277s][info][gc,phases      ] GC(42) Summary Phase 0.019ms
[1.277s][info][gc,phases,start] GC(42) Adjust Roots
[1.277s][info][gc,phases      ] GC(42) Adjust Roots 0.167ms
[1.277s][info][gc,phases,start] GC(42) Compaction Phase
[1.319s][info][gc,phases      ] GC(42) Compaction Phase 41.969ms
[1.319s][info][gc,phases,start] GC(42) Post Compact
[1.320s][info][gc,phases      ] GC(42) Post Compact 1.202ms
[1.320s][info][gc,heap        ] GC(42) PSYoungGen: 21056K(51712K)->5612K(51712K) Eden: 0K(11264K)->0K(11264K) From: 21056K(40448K)->5612K(40448K)
[1.320s][info][gc,heap        ] GC(42) ParOldGen: 176227K(187392K)->187166K(218624K)
[1.320s][info][gc,metaspace   ] GC(42) Metaspace: 6302K(6464K)->6302K(6464K) NonClass: 5769K(5824K)->5769K(5824K) Class: 533K(640K)->533K(640K)
[1.320s][info][gc             ] GC(42) Pause Full (Ergonomics) 192M->188M(264M) 102.768ms
[1.321s][info][gc,cpu         ] GC(42) User=0.23s Sys=0.00s Real=0.10s
[1.332s][info][gc,start       ] GC(43) Pause Young (Allocation Failure)
[1.351s][info][gc,heap        ] GC(43) PSYoungGen: 16876K(51712K)->16000K(48640K) Eden: 11264K(11264K)->0K(13312K) From: 5612K(40448K)->16000K(35328K)
[1.351s][info][gc,heap        ] GC(43) ParOldGen: 187166K(218624K)->188158K(218624K)
[1.351s][info][gc,metaspace   ] GC(43) Metaspace: 6302K(6464K)->6302K(6464K) NonClass: 5769K(5824K)->5769K(5824K) Class: 533K(640K)->533K(640K)
[1.351s][info][gc             ] GC(43) Pause Young (Allocation Failure) 199M->199M(261M) 19.339ms
[1.351s][info][gc,cpu         ] GC(43) User=0.08s Sys=0.00s Real=0.02s
[1.366s][info][gc,start       ] GC(44) Pause Young (Allocation Failure)
[1.385s][info][gc,heap        ] GC(44) PSYoungGen: 29312K(48640K)->29312K(50688K) Eden: 13312K(13312K)->0K(13312K) From: 16000K(35328K)->29312K(37376K)
[1.385s][info][gc,heap        ] GC(44) ParOldGen: 188158K(218624K)->188158K(218624K)
[1.385s][info][gc,metaspace   ] GC(44) Metaspace: 6302K(6464K)->6302K(6464K) NonClass: 5769K(5824K)->5769K(5824K) Class: 533K(640K)->533K(640K)
[1.385s][info][gc             ] GC(44) Pause Young (Allocation Failure) 212M->212M(263M) 18.560ms
[1.385s][info][gc,cpu         ] GC(44) User=0.03s Sys=0.00s Real=0.02s
[1.400s][info][gc,start       ] GC(45) Pause Young (Allocation Failure)
[1.423s][info][gc,heap        ] GC(45) PSYoungGen: 42624K(50688K)->37984K(50688K) Eden: 13312K(13312K)->0K(10752K) From: 29312K(37376K)->37984K(39936K)
[1.423s][info][gc,heap        ] GC(45) ParOldGen: 188158K(218624K)->192886K(218624K)
[1.423s][info][gc,metaspace   ] GC(45) Metaspace: 6302K(6464K)->6302K(6464K) NonClass: 5769K(5824K)->5769K(5824K) Class: 533K(640K)->533K(640K)
[1.423s][info][gc             ] GC(45) Pause Young (Allocation Failure) 225M->225M(263M) 23.287ms
[1.423s][info][gc,cpu         ] GC(45) User=0.06s Sys=0.00s Real=0.02s
[1.435s][info][gc,start       ] GC(46) Pause Young (Allocation Failure)
[1.460s][info][gc,heap        ] GC(46) PSYoungGen: 48736K(50688K)->37472K(55296K) Eden: 10752K(10752K)->0K(10752K) From: 37984K(39936K)->37472K(44544K)
[1.460s][info][gc,heap        ] GC(46) ParOldGen: 192886K(218624K)->204318K(218624K)
[1.460s][info][gc,metaspace   ] GC(46) Metaspace: 6302K(6464K)->6302K(6464K) NonClass: 5769K(5824K)->5769K(5824K) Class: 533K(640K)->533K(640K)
[1.460s][info][gc             ] GC(46) Pause Young (Allocation Failure) 235M->236M(267M) 25.312ms
[1.460s][info][gc,cpu         ] GC(46) User=0.11s Sys=0.00s Real=0.03s
[1.472s][info][gc,start       ] GC(47) Pause Young (Allocation Failure)
[1.498s][info][gc,heap        ] GC(47) PSYoungGen: 48224K(55296K)->21600K(56320K) Eden: 10752K(10752K)->0K(12800K) From: 37472K(44544K)->21600K(43520K)
[1.498s][info][gc,heap        ] GC(47) ParOldGen: 204318K(218624K)->231294K(231424K)
[1.498s][info][gc,metaspace   ] GC(47) Metaspace: 6302K(6464K)->6302K(6464K) NonClass: 5769K(5824K)->5769K(5824K) Class: 533K(640K)->533K(640K)
[1.498s][info][gc             ] GC(47) Pause Young (Allocation Failure) 246M->246M(281M) 26.378ms
[1.498s][info][gc,cpu         ] GC(47) User=0.06s Sys=0.00s Real=0.03s
[1.498s][info][gc,start       ] GC(48) Pause Full (Ergonomics)
[1.498s][info][gc,phases,start] GC(48) Marking Phase
[1.572s][info][gc,phases      ] GC(48) Marking Phase 73.920ms
[1.572s][info][gc,phases,start] GC(48) Summary Phase
[1.572s][info][gc,phases      ] GC(48) Summary Phase 0.018ms
[1.572s][info][gc,phases,start] GC(48) Adjust Roots
[1.573s][info][gc,phases      ] GC(48) Adjust Roots 0.191ms
[1.573s][info][gc,phases,start] GC(48) Compaction Phase
[1.615s][info][gc,phases      ] GC(48) Compaction Phase 42.164ms
[1.615s][info][gc,phases,start] GC(48) Post Compact
[1.616s][info][gc,phases      ] GC(48) Post Compact 1.512ms
[1.617s][info][gc,heap        ] GC(48) PSYoungGen: 21600K(56320K)->20933K(58368K) Eden: 0K(12800K)->0K(14848K) From: 21600K(43520K)->20933K(43520K)
[1.617s][info][gc,heap        ] GC(48) ParOldGen: 231294K(231424K)->231085K(271872K)
[1.617s][info][gc,metaspace   ] GC(48) Metaspace: 6302K(6464K)->6302K(6464K) NonClass: 5769K(5824K)->5769K(5824K) Class: 533K(640K)->533K(640K)
[1.617s][info][gc             ] GC(48) Pause Full (Ergonomics) 246M->246M(322M) 118.375ms
[1.617s][info][gc,cpu         ] GC(48) User=0.45s Sys=0.00s Real=0.12s
[1.634s][info][gc,start       ] GC(49) Pause Young (Allocation Failure)
[1.664s][info][gc,heap        ] GC(49) PSYoungGen: 35781K(58368K)->14944K(60928K) Eden: 14848K(14848K)->0K(14848K) From: 20933K(43520K)->14944K(46080K)
[1.664s][info][gc,heap        ] GC(49) ParOldGen: 231085K(271872K)->252365K(271872K)
[1.664s][info][gc,metaspace   ] GC(49) Metaspace: 6302K(6464K)->6302K(6464K) NonClass: 5769K(5824K)->5769K(5824K) Class: 533K(640K)->533K(640K)
[1.664s][info][gc             ] GC(49) Pause Young (Allocation Failure) 260M->261M(325M) 30.248ms
[1.664s][info][gc,cpu         ] GC(49) User=0.09s Sys=0.02s Real=0.03s
[1.665s][info][gc,start       ] GC(50) Pause Full (Ergonomics)
[1.665s][info][gc,phases,start] GC(50) Marking Phase
[1.732s][info][gc,phases      ] GC(50) Marking Phase 67.753ms
[1.732s][info][gc,phases,start] GC(50) Summary Phase
[1.732s][info][gc,phases      ] GC(50) Summary Phase 0.030ms
[1.732s][info][gc,phases,start] GC(50) Adjust Roots
[1.733s][info][gc,phases      ] GC(50) Adjust Roots 0.185ms
[1.733s][info][gc,phases,start] GC(50) Compaction Phase
[1.759s][info][gc,phases      ] GC(50) Compaction Phase 26.613ms
[1.759s][info][gc,phases,start] GC(50) Post Compact
[1.761s][info][gc,phases      ] GC(50) Post Compact 1.419ms
[1.761s][info][gc,heap        ] GC(50) PSYoungGen: 14944K(60928K)->0K(61440K) Eden: 0K(14848K)->0K(16896K) From: 14944K(46080K)->0K(44544K)
[1.761s][info][gc,heap        ] GC(50) ParOldGen: 252365K(271872K)->266836K(313856K)
[1.761s][info][gc,metaspace   ] GC(50) Metaspace: 6302K(6464K)->6302K(6464K) NonClass: 5769K(5824K)->5769K(5824K) Class: 533K(640K)->533K(640K)
[1.761s][info][gc             ] GC(50) Pause Full (Ergonomics) 261M->260M(366M) 96.638ms
[1.761s][info][gc,cpu         ] GC(50) User=0.52s Sys=0.00s Real=0.10s
[1.780s][info][gc,start       ] GC(51) Pause Young (Allocation Failure)
[1.790s][info][gc,heap        ] GC(51) PSYoungGen: 16896K(61440K)->16992K(61952K) Eden: 16896K(16896K)->0K(16896K) From: 0K(44544K)->16992K(45056K)
[1.791s][info][gc,heap        ] GC(51) ParOldGen: 266836K(313856K)->266836K(313856K)
[1.791s][info][gc,metaspace   ] GC(51) Metaspace: 6302K(6464K)->6302K(6464K) NonClass: 5769K(5824K)->5769K(5824K) Class: 533K(640K)->533K(640K)
[1.791s][info][gc             ] GC(51) Pause Young (Allocation Failure) 277M->277M(367M) 10.537ms
[1.791s][info][gc,cpu         ] GC(51) User=0.00s Sys=0.00s Real=0.01s
[1.811s][info][gc,start       ] GC(52) Pause Young (Allocation Failure)
[1.829s][info][gc,heap        ] GC(52) PSYoungGen: 33888K(61952K)->33952K(59904K) Eden: 16896K(16896K)->0K(16384K) From: 16992K(45056K)->33952K(43520K)
[1.829s][info][gc,heap        ] GC(52) ParOldGen: 266836K(313856K)->266836K(313856K)
[1.829s][info][gc,metaspace   ] GC(52) Metaspace: 6302K(6464K)->6302K(6464K) NonClass: 5769K(5824K)->5769K(5824K) Class: 533K(640K)->533K(640K)
[1.829s][info][gc             ] GC(52) Pause Young (Allocation Failure) 293M->293M(365M) 17.879ms
[1.829s][info][gc,cpu         ] GC(52) User=0.08s Sys=0.02s Real=0.02s
[1.848s][info][gc,start       ] GC(53) Pause Young (Allocation Failure)
[1.873s][info][gc,heap        ] GC(53) PSYoungGen: 50336K(59904K)->46080K(62464K) Eden: 16384K(16384K)->0K(16384K) From: 33952K(43520K)->46080K(46080K)
[1.873s][info][gc,heap        ] GC(53) ParOldGen: 266836K(313856K)->271028K(313856K)
[1.873s][info][gc,metaspace   ] GC(53) Metaspace: 6302K(6464K)->6302K(6464K) NonClass: 5769K(5824K)->5769K(5824K) Class: 533K(640K)->533K(640K)
[1.873s][info][gc             ] GC(53) Pause Young (Allocation Failure) 309M->309M(367M) 24.272ms
[1.873s][info][gc,cpu         ] GC(53) User=0.09s Sys=0.00s Real=0.02s
[1.892s][info][gc,start       ] GC(54) Pause Young (Allocation Failure)
[1.921s][info][gc,heap        ] GC(54) PSYoungGen: 62464K(62464K)->31456K(71168K) Eden: 16384K(16384K)->0K(18432K) From: 46080K(46080K)->31456K(52736K)
[1.921s][info][gc,heap        ] GC(54) ParOldGen: 271028K(313856K)->302572K(313856K)
[1.921s][info][gc,metaspace   ] GC(54) Metaspace: 6302K(6464K)->6302K(6464K) NonClass: 5769K(5824K)->5769K(5824K) Class: 533K(640K)->533K(640K)
[1.921s][info][gc             ] GC(54) Pause Young (Allocation Failure) 325M->326M(376M) 29.484ms
[1.921s][info][gc,cpu         ] GC(54) User=0.12s Sys=0.00s Real=0.03s
[1.921s][info][gc,start       ] GC(55) Pause Full (Ergonomics)
[1.921s][info][gc,phases,start] GC(55) Marking Phase
[1.987s][info][gc,phases      ] GC(55) Marking Phase 65.875ms
[1.987s][info][gc,phases,start] GC(55) Summary Phase
[1.987s][info][gc,phases      ] GC(55) Summary Phase 0.019ms
[1.987s][info][gc,phases,start] GC(55) Adjust Roots
[1.987s][info][gc,phases      ] GC(55) Adjust Roots 0.146ms
[1.987s][info][gc,phases,start] GC(55) Compaction Phase
[2.021s][info][gc,phases      ] GC(55) Compaction Phase 34.101ms
[2.021s][info][gc,phases,start] GC(55) Post Compact
[2.023s][info][gc,phases      ] GC(55) Post Compact 1.796ms
[2.024s][info][gc,heap        ] GC(55) PSYoungGen: 31456K(71168K)->19511K(71680K) Eden: 0K(18432K)->0K(18944K) From: 31456K(52736K)->19511K(52736K)
[2.024s][info][gc,heap        ] GC(55) ParOldGen: 302572K(313856K)->313760K(368128K)
[2.024s][info][gc,metaspace   ] GC(55) Metaspace: 6302K(6464K)->6302K(6464K) NonClass: 5769K(5824K)->5769K(5824K) Class: 533K(640K)->533K(640K)
[2.024s][info][gc             ] GC(55) Pause Full (Ergonomics) 326M->325M(429M) 102.459ms
[2.024s][info][gc,cpu         ] GC(55) User=0.67s Sys=0.00s Real=0.10s
[2.045s][info][gc,start       ] GC(56) Pause Young (Allocation Failure)
[2.078s][info][gc,heap        ] GC(56) PSYoungGen: 38455K(71680K)->29856K(72192K) Eden: 18944K(18944K)->0K(18944K) From: 19511K(52736K)->29856K(53248K)
[2.078s][info][gc,heap        ] GC(56) ParOldGen: 313760K(368128K)->322672K(368128K)
[2.078s][info][gc,metaspace   ] GC(56) Metaspace: 6302K(6464K)->6302K(6464K) NonClass: 5769K(5824K)->5769K(5824K) Class: 533K(640K)->533K(640K)
[2.078s][info][gc             ] GC(56) Pause Young (Allocation Failure) 343M->344M(430M) 33.587ms
[2.078s][info][gc,cpu         ] GC(56) User=0.11s Sys=0.00s Real=0.03s
[2.141s][info][gc,start       ] GC(57) Pause Young (Allocation Failure)
[2.178s][info][gc,heap        ] GC(57) PSYoungGen: 48800K(72192K)->48736K(68096K) Eden: 18944K(18944K)->0K(15872K) From: 29856K(53248K)->48736K(52224K)
[2.178s][info][gc,heap        ] GC(57) ParOldGen: 322672K(368128K)->322672K(368128K)
[2.178s][info][gc,metaspace   ] GC(57) Metaspace: 6302K(6464K)->6302K(6464K) NonClass: 5769K(5824K)->5769K(5824K) Class: 533K(640K)->533K(640K)
[2.178s][info][gc             ] GC(57) Pause Young (Allocation Failure) 362M->362M(426M) 37.566ms
[2.178s][info][gc,cpu         ] GC(57) User=0.02s Sys=0.00s Real=0.04s
[2.193s][info][gc,start       ] GC(58) Pause Young (Allocation Failure)
[2.225s][info][gc,heap        ] GC(58) PSYoungGen: 64608K(68096K)->57824K(73728K) Eden: 15872K(15872K)->0K(15872K) From: 48736K(52224K)->57824K(57856K)
[2.225s][info][gc,heap        ] GC(58) ParOldGen: 322672K(368128K)->329512K(368128K)
[2.225s][info][gc,metaspace   ] GC(58) Metaspace: 6302K(6464K)->6302K(6464K) NonClass: 5769K(5824K)->5769K(5824K) Class: 533K(640K)->533K(640K)
[2.225s][info][gc             ] GC(58) Pause Young (Allocation Failure) 378M->378M(431M) 32.381ms
[2.225s][info][gc,cpu         ] GC(58) User=0.00s Sys=0.00s Real=0.03s
[2.243s][info][gc,start       ] GC(59) Pause Young (Allocation Failure)
[2.283s][info][gc,heap        ] GC(59) PSYoungGen: 73696K(73728K)->48320K(83456K) Eden: 15872K(15872K)->0K(15360K) From: 57824K(57856K)->48320K(68096K)
[2.283s][info][gc,heap        ] GC(59) ParOldGen: 329512K(368128K)->355376K(368128K)
[2.283s][info][gc,metaspace   ] GC(59) Metaspace: 6302K(6464K)->6302K(6464K) NonClass: 5769K(5824K)->5769K(5824K) Class: 533K(640K)->533K(640K)
[2.283s][info][gc             ] GC(59) Pause Young (Allocation Failure) 393M->394M(441M) 40.794ms
[2.283s][info][gc,cpu         ] GC(59) User=0.03s Sys=0.00s Real=0.04s
[2.283s][info][gc,start       ] GC(60) Pause Full (Ergonomics)
[2.283s][info][gc,phases,start] GC(60) Marking Phase
[2.373s][info][gc,phases      ] GC(60) Marking Phase 89.204ms
[2.373s][info][gc,phases,start] GC(60) Summary Phase
[2.373s][info][gc,phases      ] GC(60) Summary Phase 0.024ms
[2.373s][info][gc,phases,start] GC(60) Adjust Roots
[2.373s][info][gc,phases      ] GC(60) Adjust Roots 0.164ms
[2.373s][info][gc,phases,start] GC(60) Compaction Phase
[2.445s][info][gc,phases      ] GC(60) Compaction Phase 72.417ms
[2.445s][info][gc,phases,start] GC(60) Post Compact
[2.448s][info][gc,phases      ] GC(60) Post Compact 2.146ms
[2.448s][info][gc,heap        ] GC(60) PSYoungGen: 48320K(83456K)->38944K(83456K) Eden: 0K(15360K)->0K(15360K) From: 48320K(68096K)->38944K(68096K)
[2.448s][info][gc,heap        ] GC(60) ParOldGen: 355376K(368128K)->355670K(413184K)
[2.448s][info][gc,metaspace   ] GC(60) Metaspace: 6302K(6464K)->6302K(6464K) NonClass: 5769K(5824K)->5769K(5824K) Class: 533K(640K)->533K(640K)
[2.448s][info][gc             ] GC(60) Pause Full (Ergonomics) 394M->385M(485M) 164.488ms
[2.448s][info][gc,cpu         ] GC(60) User=0.84s Sys=0.00s Real=0.16s
[2.464s][info][gc,start       ] GC(61) Pause Young (Allocation Failure)
[2.511s][info][gc,heap        ] GC(61) PSYoungGen: 54304K(83456K)->26720K(42496K) Eden: 15360K(15360K)->0K(15360K) From: 38944K(68096K)->26720K(27136K)
[2.511s][info][gc,heap        ] GC(61) ParOldGen: 355670K(413184K)->400054K(413184K)
[2.511s][info][gc,metaspace   ] GC(61) Metaspace: 6302K(6464K)->6302K(6464K) NonClass: 5769K(5824K)->5769K(5824K) Class: 533K(640K)->533K(640K)
[2.511s][info][gc             ] GC(61) Pause Young (Allocation Failure) 400M->416M(445M) 46.615ms
[2.511s][info][gc,cpu         ] GC(61) User=0.16s Sys=0.00s Real=0.05s
[2.511s][info][gc,start       ] GC(62) Pause Full (Ergonomics)
[2.511s][info][gc,phases,start] GC(62) Marking Phase
[2.596s][info][gc,phases      ] GC(62) Marking Phase 85.322ms
[2.596s][info][gc,phases,start] GC(62) Summary Phase
[2.596s][info][gc,phases      ] GC(62) Summary Phase 0.022ms
[2.596s][info][gc,phases,start] GC(62) Adjust Roots
[2.597s][info][gc,phases      ] GC(62) Adjust Roots 0.151ms
[2.597s][info][gc,phases,start] GC(62) Compaction Phase
[2.640s][info][gc,phases      ] GC(62) Compaction Phase 43.370ms
[2.640s][info][gc,phases,start] GC(62) Post Compact
[2.642s][info][gc,phases      ] GC(62) Post Compact 2.203ms
[2.643s][info][gc,heap        ] GC(62) PSYoungGen: 26720K(42496K)->0K(85504K) Eden: 0K(15360K)->0K(17408K) From: 26720K(27136K)->0K(68096K)
[2.643s][info][gc,heap        ] GC(62) ParOldGen: 400054K(413184K)->409946K(481280K)
[2.643s][info][gc,metaspace   ] GC(62) Metaspace: 6302K(6464K)->6302K(6464K) NonClass: 5769K(5824K)->5769K(5824K) Class: 533K(640K)->533K(640K)
[2.643s][info][gc             ] GC(62) Pause Full (Ergonomics) 416M->400M(553M) 131.663ms
[2.643s][info][gc,cpu         ] GC(62) User=0.80s Sys=0.00s Real=0.13s
[2.662s][info][gc,start       ] GC(63) Pause Young (Allocation Failure)
[2.673s][info][gc,heap        ] GC(63) PSYoungGen: 17408K(85504K)->17568K(85504K) Eden: 17408K(17408K)->0K(17408K) From: 0K(68096K)->17568K(68096K)
[2.673s][info][gc,heap        ] GC(63) ParOldGen: 409946K(481280K)->409946K(481280K)
[2.673s][info][gc,metaspace   ] GC(63) Metaspace: 6302K(6464K)->6302K(6464K) NonClass: 5769K(5824K)->5769K(5824K) Class: 533K(640K)->533K(640K)
[2.673s][info][gc             ] GC(63) Pause Young (Allocation Failure) 417M->417M(553M) 10.953ms
[2.673s][info][gc,cpu         ] GC(63) User=0.02s Sys=0.00s Real=0.01s
[2.691s][info][gc,start       ] GC(64) Pause Young (Allocation Failure)
[2.708s][info][gc,heap        ] GC(64) PSYoungGen: 34976K(85504K)->34944K(81920K) Eden: 17408K(17408K)->0K(19456K) From: 17568K(68096K)->34944K(62464K)
[2.708s][info][gc,heap        ] GC(64) ParOldGen: 409946K(481280K)->409946K(481280K)
[2.708s][info][gc,metaspace   ] GC(64) Metaspace: 6302K(6464K)->6302K(6464K) NonClass: 5769K(5824K)->5769K(5824K) Class: 533K(640K)->533K(640K)
[2.708s][info][gc             ] GC(64) Pause Young (Allocation Failure) 434M->434M(550M) 17.082ms
[2.708s][info][gc,cpu         ] GC(64) User=0.12s Sys=0.00s Real=0.02s
[2.729s][info][gc,start       ] GC(65) Pause Young (Allocation Failure)
[2.754s][info][gc,heap        ] GC(65) PSYoungGen: 54400K(81920K)->54400K(84480K) Eden: 19456K(19456K)->0K(19456K) From: 34944K(62464K)->54400K(65024K)
[2.754s][info][gc,heap        ] GC(65) ParOldGen: 409946K(481280K)->409946K(481280K)
[2.754s][info][gc,metaspace   ] GC(65) Metaspace: 6302K(6464K)->6302K(6464K) NonClass: 5769K(5824K)->5769K(5824K) Class: 533K(640K)->533K(640K)
[2.754s][info][gc             ] GC(65) Pause Young (Allocation Failure) 453M->453M(552M) 24.958ms
[2.754s][info][gc,cpu         ] GC(65) User=0.14s Sys=0.00s Real=0.03s
[2.775s][info][gc,start       ] GC(66) Pause Young (Allocation Failure)
[2.808s][info][gc,heap        ] GC(66) PSYoungGen: 73856K(84480K)->70144K(80896K) Eden: 19456K(19456K)->0K(10752K) From: 54400K(65024K)->70144K(70144K)
[2.808s][info][gc,heap        ] GC(66) ParOldGen: 409946K(481280K)->413650K(481280K)
[2.808s][info][gc,metaspace   ] GC(66) Metaspace: 6302K(6464K)->6302K(6464K) NonClass: 5769K(5824K)->5769K(5824K) Class: 533K(640K)->533K(640K)
[2.808s][info][gc             ] GC(66) Pause Young (Allocation Failure) 472M->472M(549M) 33.090ms
[2.808s][info][gc,cpu         ] GC(66) User=0.23s Sys=0.02s Real=0.03s
[2.820s][info][gc,start       ] GC(67) Pause Young (Allocation Failure)
[2.855s][info][gc,heap        ] GC(67) PSYoungGen: 80896K(80896K)->64736K(92160K) Eden: 10752K(10752K)->0K(10752K) From: 70144K(70144K)->64736K(81408K)
[2.855s][info][gc,heap        ] GC(67) ParOldGen: 413650K(481280K)->430146K(481280K)
[2.855s][info][gc,metaspace   ] GC(67) Metaspace: 6302K(6464K)->6302K(6464K) NonClass: 5769K(5824K)->5769K(5824K) Class: 533K(640K)->533K(640K)
[2.855s][info][gc             ] GC(67) Pause Young (Allocation Failure) 482M->483M(560M) 34.839ms
[2.855s][info][gc,cpu         ] GC(67) User=0.22s Sys=0.03s Real=0.03s
[2.866s][info][gc,start       ] GC(68) Pause Young (Allocation Failure)
[2.899s][info][gc,heap        ] GC(68) PSYoungGen: 75488K(92160K)->58368K(97792K) Eden: 10752K(10752K)->0K(10752K) From: 64736K(81408K)->58368K(87040K)
[2.899s][info][gc,heap        ] GC(68) ParOldGen: 430146K(481280K)->447498K(481280K)
[2.899s][info][gc,metaspace   ] GC(68) Metaspace: 6302K(6464K)->6302K(6464K) NonClass: 5769K(5824K)->5769K(5824K) Class: 533K(640K)->533K(640K)
[2.899s][info][gc             ] GC(68) Pause Young (Allocation Failure) 493M->494M(565M) 32.770ms
[2.899s][info][gc,cpu         ] GC(68) User=0.17s Sys=0.00s Real=0.03s
[2.899s][info][gc,start       ] GC(69) Pause Full (Ergonomics)
[2.899s][info][gc,phases,start] GC(69) Marking Phase
[3.006s][info][gc,phases      ] GC(69) Marking Phase 107.352ms
[3.006s][info][gc,phases,start] GC(69) Summary Phase
[3.006s][info][gc,phases      ] GC(69) Summary Phase 0.033ms
[3.006s][info][gc,phases,start] GC(69) Adjust Roots
[3.007s][info][gc,phases      ] GC(69) Adjust Roots 0.195ms
[3.007s][info][gc,phases,start] GC(69) Compaction Phase
[3.084s][info][gc,phases      ] GC(69) Compaction Phase 77.554ms
[3.084s][info][gc,phases,start] GC(69) Post Compact
[3.087s][info][gc,phases      ] GC(69) Post Compact 2.554ms
[3.087s][info][gc,heap        ] GC(69) PSYoungGen: 58368K(97792K)->23883K(97792K) Eden: 0K(10752K)->0K(10752K) From: 58368K(87040K)->23883K(87040K)
[3.087s][info][gc,heap        ] GC(69) ParOldGen: 447498K(481280K)->481108K(550400K)
[3.087s][info][gc,metaspace   ] GC(69) Metaspace: 6302K(6464K)->6302K(6464K) NonClass: 5769K(5824K)->5769K(5824K) Class: 533K(640K)->533K(640K)
[3.087s][info][gc             ] GC(69) Pause Full (Ergonomics) 494M->493M(633M) 188.294ms
[3.087s][info][gc,cpu         ] GC(69) User=1.14s Sys=0.02s Real=0.19s
[3.101s][info][gc,start       ] GC(70) Pause Young (Allocation Failure)
[3.137s][info][gc,heap        ] GC(70) PSYoungGen: 34635K(97792K)->19136K(99328K) Eden: 10752K(10752K)->0K(10752K) From: 23883K(87040K)->19136K(88576K)
[3.137s][info][gc,heap        ] GC(70) ParOldGen: 481108K(550400K)->496948K(550400K)
[3.137s][info][gc,metaspace   ] GC(70) Metaspace: 6302K(6464K)->6302K(6464K) NonClass: 5769K(5824K)->5769K(5824K) Class: 533K(640K)->533K(640K)
[3.137s][info][gc             ] GC(70) Pause Young (Allocation Failure) 503M->503M(634M) 35.735ms
[3.137s][info][gc,cpu         ] GC(70) User=0.25s Sys=0.00s Real=0.04s
[3.148s][info][gc,start       ] GC(71) Pause Young (Allocation Failure)
[3.163s][info][gc,heap        ] GC(71) PSYoungGen: 29888K(99328K)->25760K(96256K) Eden: 10752K(10752K)->0K(12288K) From: 19136K(88576K)->25760K(83968K)
[3.163s][info][gc,heap        ] GC(71) ParOldGen: 496948K(550400K)->501148K(550400K)
[3.163s][info][gc,metaspace   ] GC(71) Metaspace: 6302K(6464K)->6302K(6464K) NonClass: 5769K(5824K)->5769K(5824K) Class: 533K(640K)->533K(640K)
[3.163s][info][gc             ] GC(71) Pause Young (Allocation Failure) 514M->514M(631M) 15.617ms
[3.164s][info][gc,cpu         ] GC(71) User=0.02s Sys=0.00s Real=0.02s
[3.177s][info][gc,start       ] GC(72) Pause Young (Allocation Failure)
[3.196s][info][gc,heap        ] GC(72) PSYoungGen: 38048K(96256K)->33920K(46592K) Eden: 12288K(12288K)->0K(12288K) From: 25760K(83968K)->33920K(34304K)
[3.196s][info][gc,heap        ] GC(72) ParOldGen: 501148K(550400K)->505396K(550400K)
[3.196s][info][gc,metaspace   ] GC(72) Metaspace: 6302K(6464K)->6302K(6464K) NonClass: 5769K(5824K)->5769K(5824K) Class: 533K(640K)->533K(640K)
[3.196s][info][gc             ] GC(72) Pause Young (Allocation Failure) 526M->526M(583M) 18.908ms
[3.196s][info][gc,cpu         ] GC(72) User=0.11s Sys=0.00s Real=0.02s
[3.209s][info][gc,start       ] GC(73) Pause Young (Allocation Failure)
[3.232s][info][gc,heap        ] GC(73) PSYoungGen: 46208K(46592K)->35456K(89088K) Eden: 12288K(12288K)->0K(14336K) From: 33920K(34304K)->35456K(74752K)
[3.232s][info][gc,heap        ] GC(73) ParOldGen: 505396K(550400K)->516308K(550400K)
[3.232s][info][gc,metaspace   ] GC(73) Metaspace: 6302K(6464K)->6302K(6464K) NonClass: 5769K(5824K)->5769K(5824K) Class: 533K(640K)->533K(640K)
[3.232s][info][gc             ] GC(73) Pause Young (Allocation Failure) 538M->538M(624M) 22.778ms
[3.232s][info][gc,cpu         ] GC(73) User=0.12s Sys=0.00s Real=0.02s
[3.248s][info][gc,start       ] GC(74) Pause Young (Allocation Failure)
[3.272s][info][gc,heap        ] GC(74) PSYoungGen: 49792K(89088K)->26752K(41472K) Eden: 14336K(14336K)->0K(14336K) From: 35456K(74752K)->26752K(27136K)
[3.273s][info][gc,heap        ] GC(74) ParOldGen: 516308K(550400K)->539652K(550400K)
[3.273s][info][gc,metaspace   ] GC(74) Metaspace: 6302K(6464K)->6302K(6464K) NonClass: 5769K(5824K)->5769K(5824K) Class: 533K(640K)->533K(640K)
[3.273s][info][gc             ] GC(74) Pause Young (Allocation Failure) 552M->553M(578M) 24.710ms
[3.273s][info][gc,cpu         ] GC(74) User=0.20s Sys=0.03s Real=0.03s
[3.273s][info][gc,start       ] GC(75) Pause Full (Ergonomics)
[3.273s][info][gc,phases,start] GC(75) Marking Phase
[3.397s][info][gc,phases      ] GC(75) Marking Phase 124.523ms
[3.397s][info][gc,phases,start] GC(75) Summary Phase
[3.397s][info][gc,phases      ] GC(75) Summary Phase 0.022ms
[3.397s][info][gc,phases,start] GC(75) Adjust Roots
[3.397s][info][gc,phases      ] GC(75) Adjust Roots 0.154ms
[3.397s][info][gc,phases,start] GC(75) Compaction Phase
[3.456s][info][gc,phases      ] GC(75) Compaction Phase 58.210ms
[3.456s][info][gc,phases,start] GC(75) Post Compact
[3.457s][info][gc,phases      ] GC(75) Post Compact 1.028ms
[3.457s][info][gc,heap        ] GC(75) PSYoungGen: 26752K(41472K)->15322K(41472K) Eden: 0K(14336K)->0K(14336K) From: 26752K(27136K)->15322K(27136K)
[3.457s][info][gc,heap        ] GC(75) ParOldGen: 539652K(550400K)->549940K(620544K)
[3.457s][info][gc,metaspace   ] GC(75) Metaspace: 6302K(6464K)->6302K(6464K) NonClass: 5769K(5824K)->5769K(5824K) Class: 533K(640K)->533K(640K)
[3.457s][info][gc             ] GC(75) Pause Full (Ergonomics) 553M->552M(646M) 184.551ms
[3.457s][info][gc,cpu         ] GC(75) User=1.16s Sys=0.02s Real=0.18s
[3.474s][info][gc,start       ] GC(76) Pause Young (Allocation Failure)
[3.516s][info][gc,heap        ] GC(76) PSYoungGen: 29658K(41472K)->14464K(91136K) Eden: 14336K(14336K)->0K(15872K) From: 15322K(27136K)->14464K(75264K)
[3.516s][info][gc,heap        ] GC(76) ParOldGen: 549940K(620544K)->565508K(620544K)
[3.516s][info][gc,metaspace   ] GC(76) Metaspace: 6302K(6464K)->6302K(6464K) NonClass: 5769K(5824K)->5769K(5824K) Class: 533K(640K)->533K(640K)
[3.516s][info][gc             ] GC(76) Pause Young (Allocation Failure) 566M->566M(695M) 42.844ms
[3.516s][info][gc,cpu         ] GC(76) User=0.12s Sys=0.00s Real=0.04s
[3.533s][info][gc,start       ] GC(77) Pause Young (Allocation Failure)
[3.551s][info][gc,heap        ] GC(77) PSYoungGen: 30336K(91136K)->16000K(91648K) Eden: 15872K(15872K)->0K(15872K) From: 14464K(75264K)->16000K(75776K)
[3.551s][info][gc,heap        ] GC(77) ParOldGen: 565508K(620544K)->580036K(620544K)
[3.551s][info][gc,metaspace   ] GC(77) Metaspace: 6302K(6464K)->6302K(6464K) NonClass: 5769K(5824K)->5769K(5824K) Class: 533K(640K)->533K(640K)
[3.551s][info][gc             ] GC(77) Pause Young (Allocation Failure) 581M->582M(695M) 17.394ms
[3.551s][info][gc,cpu         ] GC(77) User=0.05s Sys=0.00s Real=0.02s
[3.569s][info][gc,start       ] GC(78) Pause Young (Allocation Failure)
[3.587s][info][gc,heap        ] GC(78) PSYoungGen: 31872K(91648K)->16064K(90624K) Eden: 15872K(15872K)->0K(17920K) From: 16000K(75776K)->16064K(72704K)
[3.587s][info][gc,heap        ] GC(78) ParOldGen: 580036K(620544K)->596132K(620544K)
[3.587s][info][gc,metaspace   ] GC(78) Metaspace: 6302K(6464K)->6302K(6464K) NonClass: 5769K(5824K)->5769K(5824K) Class: 533K(640K)->533K(640K)
[3.587s][info][gc             ] GC(78) Pause Young (Allocation Failure) 597M->597M(694M) 18.131ms
[3.587s][info][gc,cpu         ] GC(78) User=0.05s Sys=0.00s Real=0.02s
[3.587s][info][gc,start       ] GC(79) Pause Full (Ergonomics)
[3.587s][info][gc,phases,start] GC(79) Marking Phase
[3.725s][info][gc,phases      ] GC(79) Marking Phase 137.718ms
[3.725s][info][gc,phases,start] GC(79) Summary Phase
[3.725s][info][gc,phases      ] GC(79) Summary Phase 0.025ms
[3.725s][info][gc,phases,start] GC(79) Adjust Roots
[3.725s][info][gc,phases      ] GC(79) Adjust Roots 0.168ms
[3.725s][info][gc,phases,start] GC(79) Compaction Phase
[3.782s][info][gc,phases      ] GC(79) Compaction Phase 56.279ms
[3.782s][info][gc,phases,start] GC(79) Post Compact
[3.783s][info][gc,phases      ] GC(79) Post Compact 1.080ms
[3.783s][info][gc,heap        ] GC(79) PSYoungGen: 16064K(90624K)->0K(91648K) Eden: 0K(17920K)->0K(17920K) From: 16064K(72704K)->0K(73728K)
[3.783s][info][gc,heap        ] GC(79) ParOldGen: 596132K(620544K)->611252K(684032K)
[3.783s][info][gc,metaspace   ] GC(79) Metaspace: 6302K(6464K)->6302K(6464K) NonClass: 5769K(5824K)->5769K(5824K) Class: 533K(640K)->533K(640K)
[3.783s][info][gc             ] GC(79) Pause Full (Ergonomics) 597M->596M(757M) 195.877ms
[3.783s][info][gc,cpu         ] GC(79) User=1.30s Sys=0.00s Real=0.20s
[3.806s][info][gc,start       ] GC(80) Pause Young (Allocation Failure)
[3.818s][info][gc,heap        ] GC(80) PSYoungGen: 17920K(91648K)->18048K(88576K) Eden: 17920K(17920K)->0K(19456K) From: 0K(73728K)->18048K(69120K)
[3.818s][info][gc,heap        ] GC(80) ParOldGen: 611252K(684032K)->611252K(684032K)
[3.818s][info][gc,metaspace   ] GC(80) Metaspace: 6302K(6464K)->6302K(6464K) NonClass: 5769K(5824K)->5769K(5824K) Class: 533K(640K)->533K(640K)
[3.818s][info][gc             ] GC(80) Pause Young (Allocation Failure) 614M->614M(754M) 12.290ms
[3.818s][info][gc,cpu         ] GC(80) User=0.00s Sys=0.00s Real=0.01s
[3.842s][info][gc,start       ] GC(81) Pause Young (Allocation Failure)
[3.865s][info][gc,heap        ] GC(81) PSYoungGen: 37504K(88576K)->37536K(91136K) Eden: 19456K(19456K)->0K(19456K) From: 18048K(69120K)->37536K(71680K)
[3.865s][info][gc,heap        ] GC(81) ParOldGen: 611252K(684032K)->611252K(684032K)
[3.865s][info][gc,metaspace   ] GC(81) Metaspace: 6302K(6464K)->6302K(6464K) NonClass: 5769K(5824K)->5769K(5824K) Class: 533K(640K)->533K(640K)
[3.865s][info][gc             ] GC(81) Pause Young (Allocation Failure) 633M->633M(757M) 22.712ms
[3.865s][info][gc,cpu         ] GC(81) User=0.12s Sys=0.00s Real=0.02s
[3.886s][info][gc,start       ] GC(82) Pause Young (Allocation Failure)
[3.918s][info][gc,heap        ] GC(82) PSYoungGen: 56992K(91136K)->57024K(85504K) Eden: 19456K(19456K)->0K(15360K) From: 37536K(71680K)->57024K(70144K)
[3.918s][info][gc,heap        ] GC(82) ParOldGen: 611252K(684032K)->611252K(684032K)
[3.918s][info][gc,metaspace   ] GC(82) Metaspace: 6302K(6464K)->6302K(6464K) NonClass: 5769K(5824K)->5769K(5824K) Class: 533K(640K)->533K(640K)
[3.918s][info][gc             ] GC(82) Pause Young (Allocation Failure) 652M->652M(751M) 32.001ms
[3.918s][info][gc,cpu         ] GC(82) User=0.08s Sys=0.00s Real=0.03s
[3.937s][info][gc,start       ] GC(83) Pause Young (Allocation Failure)
[3.973s][info][gc,heap        ] GC(83) PSYoungGen: 72384K(85504K)->72320K(91648K) Eden: 15360K(15360K)->0K(15360K) From: 57024K(70144K)->72320K(76288K)
[3.973s][info][gc,heap        ] GC(83) ParOldGen: 611252K(684032K)->611252K(684032K)
[3.973s][info][gc,metaspace   ] GC(83) Metaspace: 6302K(6464K)->6302K(6464K) NonClass: 5769K(5824K)->5769K(5824K) Class: 533K(640K)->533K(640K)
[3.973s][info][gc             ] GC(83) Pause Young (Allocation Failure) 667M->667M(757M) 36.481ms
[3.973s][info][gc,cpu         ] GC(83) User=0.20s Sys=0.00s Real=0.04s
[3.993s][info][gc,start       ] GC(84) Pause Young (Allocation Failure)
[4.040s][info][gc,heap        ] GC(84) PSYoungGen: 87680K(91648K)->69760K(96256K) Eden: 15360K(15360K)->0K(9728K) From: 72320K(76288K)->69760K(86528K)
[4.040s][info][gc,heap        ] GC(84) ParOldGen: 611252K(684032K)->629420K(684032K)
[4.040s][info][gc,metaspace   ] GC(84) Metaspace: 6302K(6464K)->6302K(6464K) NonClass: 5769K(5824K)->5769K(5824K) Class: 533K(640K)->533K(640K)
[4.040s][info][gc             ] GC(84) Pause Young (Allocation Failure) 682M->682M(762M) 46.818ms
[4.040s][info][gc,cpu         ] GC(84) User=0.23s Sys=0.00s Real=0.05s
[4.209s][info][gc,start       ] GC(85) Pause Full (Ergonomics)
[4.209s][info][gc,phases,start] GC(85) Marking Phase
[4.373s][info][gc,phases      ] GC(85) Marking Phase 164.166ms
[4.373s][info][gc,phases,start] GC(85) Summary Phase
[4.373s][info][gc,phases      ] GC(85) Summary Phase 0.036ms
[4.373s][info][gc,phases,start] GC(85) Adjust Roots
[4.374s][info][gc,phases      ] GC(85) Adjust Roots 0.151ms
[4.374s][info][gc,phases,start] GC(85) Compaction Phase
[4.514s][info][gc,phases      ] GC(85) Compaction Phase 139.930ms
[4.514s][info][gc,phases,start] GC(85) Post Compact
[4.515s][info][gc,phases      ] GC(85) Post Compact 1.842ms
[4.516s][info][gc,heap        ] GC(85) PSYoungGen: 79488K(96256K)->40886K(96256K) Eden: 9728K(9728K)->0K(9728K) From: 69760K(86528K)->40886K(86528K)
[4.516s][info][gc,heap        ] GC(85) ParOldGen: 662188K(684032K)->683840K(757760K)
[4.516s][info][gc,metaspace   ] GC(85) Metaspace: 6302K(6464K)->6302K(6464K) NonClass: 5769K(5824K)->5769K(5824K) Class: 533K(640K)->533K(640K)
[4.516s][info][gc             ] GC(85) Pause Full (Ergonomics) 724M->707M(834M) 307.071ms
[4.516s][info][gc,cpu         ] GC(85) User=1.78s Sys=0.00s Real=0.31s
[4.529s][info][gc,start       ] GC(86) Pause Young (Allocation Failure)
[4.601s][info][gc,heap        ] GC(86) PSYoungGen: 50614K(96256K)->39776K(49664K) Eden: 9728K(9728K)->0K(9728K) From: 40886K(86528K)->39776K(39936K)
[4.601s][info][gc,heap        ] GC(86) ParOldGen: 683840K(757760K)->695080K(757760K)
[4.601s][info][gc,metaspace   ] GC(86) Metaspace: 6302K(6464K)->6302K(6464K) NonClass: 5769K(5824K)->5769K(5824K) Class: 533K(640K)->533K(640K)
[4.601s][info][gc             ] GC(86) Pause Young (Allocation Failure) 717M->717M(788M) 72.023ms
[4.601s][info][gc,cpu         ] GC(86) User=0.44s Sys=0.00s Real=0.07s
[4.614s][info][gc,start       ] GC(87) Pause Young (Allocation Failure)
[4.645s][info][gc,heap        ] GC(87) PSYoungGen: 49504K(49664K)->49504K(97280K) Eden: 9728K(9728K)->0K(11264K) From: 39776K(39936K)->49504K(86016K)
[4.645s][info][gc,heap        ] GC(87) ParOldGen: 695080K(757760K)->695080K(757760K)
[4.645s][info][gc,metaspace   ] GC(87) Metaspace: 6302K(6464K)->6302K(6464K) NonClass: 5769K(5824K)->5769K(5824K) Class: 533K(640K)->533K(640K)
[4.645s][info][gc             ] GC(87) Pause Young (Allocation Failure) 727M->727M(835M) 31.014ms
[4.645s][info][gc,cpu         ] GC(87) User=0.09s Sys=0.00s Real=0.03s
[4.658s][info][gc,start       ] GC(88) Pause Young (Allocation Failure)
[4.694s][info][gc,heap        ] GC(88) PSYoungGen: 60768K(97280K)->48192K(59904K) Eden: 11264K(11264K)->0K(11264K) From: 49504K(86016K)->48192K(48640K)
[4.694s][info][gc,heap        ] GC(88) ParOldGen: 695080K(757760K)->707792K(757760K)
[4.694s][info][gc,metaspace   ] GC(88) Metaspace: 6302K(6464K)->6302K(6464K) NonClass: 5769K(5824K)->5769K(5824K) Class: 533K(640K)->533K(640K)
[4.694s][info][gc             ] GC(88) Pause Young (Allocation Failure) 738M->738M(798M) 36.372ms
[4.694s][info][gc,cpu         ] GC(88) User=0.20s Sys=0.00s Real=0.04s
[4.707s][info][gc,start       ] GC(89) Pause Young (Allocation Failure)
[4.739s][info][gc,heap        ] GC(89) PSYoungGen: 59456K(59904K)->42048K(90624K) Eden: 11264K(11264K)->0K(13312K) From: 48192K(48640K)->42048K(77312K)
[4.740s][info][gc,heap        ] GC(89) ParOldGen: 707792K(757760K)->725400K(757760K)
[4.740s][info][gc,metaspace   ] GC(89) Metaspace: 6302K(6464K)->6302K(6464K) NonClass: 5769K(5824K)->5769K(5824K) Class: 533K(640K)->533K(640K)
[4.740s][info][gc             ] GC(89) Pause Young (Allocation Failure) 749M->749M(828M) 32.526ms
[4.740s][info][gc,cpu         ] GC(89) User=0.16s Sys=0.00s Real=0.03s
[4.754s][info][gc,start       ] GC(90) Pause Young (Allocation Failure)
[4.784s][info][gc,heap        ] GC(90) PSYoungGen: 55360K(90624K)->35936K(49664K) Eden: 13312K(13312K)->0K(13312K) From: 42048K(77312K)->35936K(36352K)
[4.784s][info][gc,heap        ] GC(90) ParOldGen: 725400K(757760K)->745096K(757760K)
[4.784s][info][gc,metaspace   ] GC(90) Metaspace: 6302K(6464K)->6302K(6464K) NonClass: 5769K(5824K)->5769K(5824K) Class: 533K(640K)->533K(640K)
[4.784s][info][gc             ] GC(90) Pause Young (Allocation Failure) 762M->762M(788M) 30.056ms
[4.784s][info][gc,cpu         ] GC(90) User=0.09s Sys=0.00s Real=0.03s
[4.784s][info][gc,start       ] GC(91) Pause Full (Ergonomics)
[4.784s][info][gc,phases,start] GC(91) Marking Phase
[4.960s][info][gc,phases      ] GC(91) Marking Phase 175.178ms
[4.960s][info][gc,phases,start] GC(91) Summary Phase
[4.960s][info][gc,phases      ] GC(91) Summary Phase 0.024ms
[4.960s][info][gc,phases,start] GC(91) Adjust Roots
[4.960s][info][gc,phases      ] GC(91) Adjust Roots 0.210ms
[4.960s][info][gc,phases,start] GC(91) Compaction Phase
[5.048s][info][gc,phases      ] GC(91) Compaction Phase 88.180ms
[5.048s][info][gc,phases,start] GC(91) Post Compact
[5.050s][info][gc,phases      ] GC(91) Post Compact 1.441ms
[5.050s][info][gc,heap        ] GC(91) PSYoungGen: 35936K(49664K)->22455K(49664K) Eden: 0K(13312K)->0K(13312K) From: 35936K(36352K)->22455K(36352K)
[5.050s][info][gc,heap        ] GC(91) ParOldGen: 745096K(757760K)->757405K(837120K)
[5.050s][info][gc,metaspace   ] GC(91) Metaspace: 6302K(6464K)->6302K(6464K) NonClass: 5769K(5824K)->5769K(5824K) Class: 533K(640K)->533K(640K)
[5.050s][info][gc             ] GC(91) Pause Full (Ergonomics) 762M->761M(866M) 265.658ms
[5.050s][info][gc,cpu         ] GC(91) User=1.66s Sys=0.02s Real=0.27s
[5.064s][info][gc,start       ] GC(92) Pause Young (Allocation Failure)
[5.113s][info][gc,heap        ] GC(92) PSYoungGen: 35767K(49664K)->21504K(93184K) Eden: 13312K(13312K)->0K(15360K) From: 22455K(36352K)->21504K(77824K)
[5.113s][info][gc,heap        ] GC(92) ParOldGen: 757405K(837120K)->772029K(837120K)
[5.113s][info][gc,metaspace   ] GC(92) Metaspace: 6302K(6464K)->6302K(6464K) NonClass: 5769K(5824K)->5769K(5824K) Class: 533K(640K)->533K(640K)
[5.113s][info][gc             ] GC(92) Pause Young (Allocation Failure) 774M->774M(908M) 48.525ms
[5.113s][info][gc,cpu         ] GC(92) User=0.27s Sys=0.00s Real=0.05s
[5.128s][info][gc,start       ] GC(93) Pause Young (Allocation Failure)
[5.149s][info][gc,heap        ] GC(93) PSYoungGen: 36864K(93184K)->28832K(93184K) Eden: 15360K(15360K)->0K(15360K) From: 21504K(77824K)->28832K(77824K)
[5.149s][info][gc,heap        ] GC(93) ParOldGen: 772029K(837120K)->780213K(837120K)
[5.149s][info][gc,metaspace   ] GC(93) Metaspace: 6302K(6464K)->6302K(6464K) NonClass: 5769K(5824K)->5769K(5824K) Class: 533K(640K)->533K(640K)
[5.149s][info][gc             ] GC(93) Pause Young (Allocation Failure) 789M->790M(908M) 20.711ms
[5.149s][info][gc,cpu         ] GC(93) User=0.05s Sys=0.00s Real=0.02s
[5.165s][info][gc,start       ] GC(94) Pause Young (Allocation Failure)
[5.189s][info][gc,heap        ] GC(94) PSYoungGen: 44192K(93184K)->30816K(88064K) Eden: 15360K(15360K)->0K(17408K) From: 28832K(77824K)->30816K(70656K)
[5.189s][info][gc,heap        ] GC(94) ParOldGen: 780213K(837120K)->793709K(837120K)
[5.189s][info][gc,metaspace   ] GC(94) Metaspace: 6302K(6464K)->6302K(6464K) NonClass: 5769K(5824K)->5769K(5824K) Class: 533K(640K)->533K(640K)
[5.189s][info][gc             ] GC(94) Pause Young (Allocation Failure) 805M->805M(903M) 24.116ms
[5.189s][info][gc,cpu         ] GC(94) User=0.14s Sys=0.00s Real=0.02s
[5.207s][info][gc,start       ] GC(95) Pause Young (Allocation Failure)
[5.233s][info][gc,heap        ] GC(95) PSYoungGen: 48224K(88064K)->32928K(50688K) Eden: 17408K(17408K)->0K(17408K) From: 30816K(70656K)->32928K(33280K)
[5.233s][info][gc,heap        ] GC(95) ParOldGen: 793709K(837120K)->809277K(837120K)
[5.233s][info][gc,metaspace   ] GC(95) Metaspace: 6302K(6464K)->6302K(6464K) NonClass: 5769K(5824K)->5769K(5824K) Class: 533K(640K)->533K(640K)
[5.233s][info][gc             ] GC(95) Pause Young (Allocation Failure) 822M->822M(867M) 25.932ms
[5.233s][info][gc,cpu         ] GC(95) User=0.14s Sys=0.00s Real=0.03s
[5.253s][info][gc,start       ] GC(96) Pause Young (Allocation Failure)
[5.281s][info][gc,heap        ] GC(96) PSYoungGen: 50336K(50688K)->17504K(90112K) Eden: 17408K(17408K)->0K(19456K) From: 32928K(33280K)->17504K(70656K)
[5.281s][info][gc,heap        ] GC(96) ParOldGen: 809277K(837120K)->842437K(842752K)
[5.281s][info][gc,metaspace   ] GC(96) Metaspace: 6302K(6464K)->6302K(6464K) NonClass: 5769K(5824K)->5769K(5824K) Class: 533K(640K)->533K(640K)
[5.281s][info][gc             ] GC(96) Pause Young (Allocation Failure) 839M->839M(911M) 28.405ms
[5.281s][info][gc,cpu         ] GC(96) User=0.09s Sys=0.03s Real=0.03s
[5.281s][info][gc,start       ] GC(97) Pause Full (Ergonomics)
[5.281s][info][gc,phases,start] GC(97) Marking Phase
[5.477s][info][gc,phases      ] GC(97) Marking Phase 196.341ms
[5.477s][info][gc,phases,start] GC(97) Summary Phase
[5.477s][info][gc,phases      ] GC(97) Summary Phase 0.022ms
[5.477s][info][gc,phases,start] GC(97) Adjust Roots
[5.478s][info][gc,phases      ] GC(97) Adjust Roots 0.152ms
[5.478s][info][gc,phases,start] GC(97) Compaction Phase
[5.568s][info][gc,phases      ] GC(97) Compaction Phase 90.428ms
[5.568s][info][gc,phases,start] GC(97) Post Compact
[5.570s][info][gc,phases      ] GC(97) Post Compact 1.573ms
[5.570s][info][gc,heap        ] GC(97) PSYoungGen: 17504K(90112K)->15840K(90112K) Eden: 0K(19456K)->0K(19456K) From: 17504K(70656K)->15840K(70656K)
[5.570s][info][gc,heap        ] GC(97) ParOldGen: 842437K(842752K)->842711K(931840K)
[5.570s][info][gc,metaspace   ] GC(97) Metaspace: 6302K(6464K)->6302K(6464K) NonClass: 5769K(5824K)->5769K(5824K) Class: 533K(640K)->533K(640K)
[5.570s][info][gc             ] GC(97) Pause Full (Ergonomics) 839M->838M(998M) 289.125ms
[5.570s][info][gc,cpu         ] GC(97) User=1.95s Sys=0.00s Real=0.29s
[5.593s][info][gc,start       ] GC(98) Pause Young (Allocation Failure)
[5.643s][info][gc,heap        ] GC(98) PSYoungGen: 35296K(90112K)->19616K(90112K) Eden: 19456K(19456K)->0K(19456K) From: 15840K(70656K)->19616K(70656K)
[5.643s][info][gc,heap        ] GC(98) ParOldGen: 842711K(931840K)->858791K(931840K)
[5.643s][info][gc,metaspace   ] GC(98) Metaspace: 6302K(6464K)->6302K(6464K) NonClass: 5769K(5824K)->5769K(5824K) Class: 533K(640K)->533K(640K)
[5.643s][info][gc             ] GC(98) Pause Young (Allocation Failure) 857M->857M(998M) 50.718ms
[5.644s][info][gc,cpu         ] GC(98) User=0.23s Sys=0.03s Real=0.05s
[5.664s][info][gc,start       ] GC(99) Pause Young (Allocation Failure)
[5.685s][info][gc,heap        ] GC(99) PSYoungGen: 39072K(90112K)->39040K(88064K) Eden: 19456K(19456K)->0K(21504K) From: 19616K(70656K)->39040K(66560K)
[5.686s][info][gc,heap        ] GC(99) ParOldGen: 858791K(931840K)->858791K(931840K)
[5.686s][info][gc,metaspace   ] GC(99) Metaspace: 6302K(6464K)->6302K(6464K) NonClass: 5769K(5824K)->5769K(5824K) Class: 533K(640K)->533K(640K)
[5.686s][info][gc             ] GC(99) Pause Young (Allocation Failure) 876M->876M(996M) 21.705ms
[5.686s][info][gc,cpu         ] GC(99) User=0.12s Sys=0.00s Real=0.02s
[5.709s][info][gc,start       ] GC(100) Pause Young (Allocation Failure)
[5.741s][info][gc,heap        ] GC(100) PSYoungGen: 60544K(88064K)->41120K(89600K) Eden: 21504K(21504K)->0K(21504K) From: 39040K(66560K)->41120K(68096K)
[5.741s][info][gc,heap        ] GC(100) ParOldGen: 858791K(931840K)->878503K(931840K)
[5.741s][info][gc,metaspace   ] GC(100) Metaspace: 6302K(6464K)->6302K(6464K) NonClass: 5769K(5824K)->5769K(5824K) Class: 533K(640K)->533K(640K)
[5.741s][info][gc             ] GC(100) Pause Young (Allocation Failure) 897M->898M(997M) 31.738ms
[5.741s][info][gc,cpu         ] GC(100) User=0.14s Sys=0.00s Real=0.03s
[5.764s][info][gc,start       ] GC(101) Pause Young (Allocation Failure)
[5.796s][info][gc,heap        ] GC(101) PSYoungGen: 62624K(89600K)->43136K(91136K) Eden: 21504K(21504K)->0K(24064K) From: 41120K(68096K)->43136K(67072K)
[5.796s][info][gc,heap        ] GC(101) ParOldGen: 878503K(931840K)->898231K(931840K)
[5.796s][info][gc,metaspace   ] GC(101) Metaspace: 6302K(6464K)->6302K(6464K) NonClass: 5769K(5824K)->5769K(5824K) Class: 533K(640K)->533K(640K)
[5.796s][info][gc             ] GC(101) Pause Young (Allocation Failure) 919M->919M(999M) 32.100ms
[5.796s][info][gc,cpu         ] GC(101) User=0.14s Sys=0.00s Real=0.03s
[5.824s][info][gc,start       ] GC(102) Pause Young (Allocation Failure)
[5.859s][info][gc,heap        ] GC(102) PSYoungGen: 67200K(91136K)->45728K(91136K) Eden: 24064K(24064K)->0K(24064K) From: 43136K(67072K)->45728K(67072K)
[5.859s][info][gc,heap        ] GC(102) ParOldGen: 898231K(931840K)->920023K(931840K)
[5.859s][info][gc,metaspace   ] GC(102) Metaspace: 6302K(6464K)->6302K(6464K) NonClass: 5769K(5824K)->5769K(5824K) Class: 533K(640K)->533K(640K)
[5.859s][info][gc             ] GC(102) Pause Young (Allocation Failure) 942M->943M(999M) 34.346ms
[5.859s][info][gc,cpu         ] GC(102) User=0.14s Sys=0.02s Real=0.03s
[5.859s][info][gc,start       ] GC(103) Pause Full (Ergonomics)
[5.859s][info][gc,phases,start] GC(103) Marking Phase
[6.073s][info][gc,phases      ] GC(103) Marking Phase 213.831ms
[6.073s][info][gc,phases,start] GC(103) Summary Phase
[6.073s][info][gc,phases      ] GC(103) Summary Phase 0.032ms
[6.073s][info][gc,phases,start] GC(103) Adjust Roots
[6.073s][info][gc,phases      ] GC(103) Adjust Roots 0.196ms
[6.073s][info][gc,phases,start] GC(103) Compaction Phase
[6.168s][info][gc,phases      ] GC(103) Compaction Phase 95.153ms
[6.168s][info][gc,phases,start] GC(103) Post Compact
[6.170s][info][gc,phases      ] GC(103) Post Compact 1.712ms
[6.170s][info][gc,heap        ] GC(103) PSYoungGen: 45728K(91136K)->32732K(91136K) Eden: 0K(24064K)->0K(24064K) From: 45728K(67072K)->32732K(67072K)
[6.170s][info][gc,heap        ] GC(103) ParOldGen: 920023K(931840K)->931653K(1027072K)
[6.170s][info][gc,metaspace   ] GC(103) Metaspace: 6302K(6464K)->6302K(6464K) NonClass: 5769K(5824K)->5769K(5824K) Class: 533K(640K)->533K(640K)
[6.170s][info][gc             ] GC(103) Pause Full (Ergonomics) 943M->941M(1092M) 311.596ms
[6.170s][info][gc,cpu         ] GC(103) User=2.12s Sys=0.05s Real=0.31s
[6.198s][info][gc,start       ] GC(104) Pause Young (Allocation Failure)
[6.263s][info][gc,heap        ] GC(104) PSYoungGen: 56796K(91136K)->41408K(91648K) Eden: 24064K(24064K)->0K(26624K) From: 32732K(67072K)->41408K(65024K)
[6.263s][info][gc,heap        ] GC(104) ParOldGen: 931653K(1027072K)->947501K(1027072K)
[6.263s][info][gc,metaspace   ] GC(104) Metaspace: 6302K(6464K)->6302K(6464K) NonClass: 5769K(5824K)->5769K(5824K) Class: 533K(640K)->533K(640K)
[6.263s][info][gc             ] GC(104) Pause Young (Allocation Failure) 965M->965M(1092M) 64.954ms
[6.263s][info][gc,cpu         ] GC(104) User=0.39s Sys=0.00s Real=0.07s
[6.296s][info][gc,start       ] GC(105) Pause Young (Allocation Failure)
[6.330s][info][gc,heap        ] GC(105) PSYoungGen: 68032K(91648K)->66560K(93184K) Eden: 26624K(26624K)->0K(26624K) From: 41408K(65024K)->66560K(66560K)
[6.330s][info][gc,heap        ] GC(105) ParOldGen: 947501K(1027072K)->948933K(1027072K)
[6.330s][info][gc,metaspace   ] GC(105) Metaspace: 6302K(6464K)->6302K(6464K) NonClass: 5769K(5824K)->5769K(5824K) Class: 533K(640K)->533K(640K)
[6.330s][info][gc             ] GC(105) Pause Young (Allocation Failure) 991M->991M(1094M) 34.233ms
[6.330s][info][gc,cpu         ] GC(105) User=0.14s Sys=0.00s Real=0.03s
[6.361s][info][gc,start       ] GC(106) Pause Young (Allocation Failure)
[6.411s][info][gc,heap        ] GC(106) PSYoungGen: 93184K(93184K)->52864K(102912K) Eden: 26624K(26624K)->0K(28160K) From: 66560K(66560K)->52864K(74752K)
[6.411s][info][gc,heap        ] GC(106) ParOldGen: 948933K(1027072K)->989773K(1027072K)
[6.411s][info][gc,metaspace   ] GC(106) Metaspace: 6302K(6464K)->6302K(6464K) NonClass: 5769K(5824K)->5769K(5824K) Class: 533K(640K)->533K(640K)
[6.411s][info][gc             ] GC(106) Pause Young (Allocation Failure) 1017M->1018M(1103M) 49.717ms
[6.411s][info][gc,cpu         ] GC(106) User=0.27s Sys=0.02s Real=0.05s
[6.411s][info][gc,start       ] GC(107) Pause Full (Ergonomics)
[6.411s][info][gc,phases,start] GC(107) Marking Phase
[6.638s][info][gc,phases      ] GC(107) Marking Phase 226.923ms
[6.638s][info][gc,phases,start] GC(107) Summary Phase
[6.638s][info][gc,phases      ] GC(107) Summary Phase 0.037ms
[6.638s][info][gc,phases,start] GC(107) Adjust Roots
[6.638s][info][gc,phases      ] GC(107) Adjust Roots 0.157ms
[6.638s][info][gc,phases,start] GC(107) Compaction Phase
[6.734s][info][gc,phases      ] GC(107) Compaction Phase 96.276ms
[6.734s][info][gc,phases,start] GC(107) Post Compact
[6.736s][info][gc,phases      ] GC(107) Post Compact 1.904ms
[6.737s][info][gc,heap        ] GC(107) PSYoungGen: 52864K(102912K)->14852K(102912K) Eden: 0K(28160K)->0K(28160K) From: 52864K(74752K)->14852K(74752K)
[6.737s][info][gc,heap        ] GC(107) ParOldGen: 989773K(1027072K)->1026754K(1136128K)
[6.737s][info][gc,metaspace   ] GC(107) Metaspace: 6302K(6464K)->6302K(6464K) NonClass: 5769K(5824K)->5769K(5824K) Class: 533K(640K)->533K(640K)
[6.737s][info][gc             ] GC(107) Pause Full (Ergonomics) 1018M->1017M(1210M) 326.122ms
[6.737s][info][gc,cpu         ] GC(107) User=2.36s Sys=0.02s Real=0.33s
[6.770s][info][gc,start       ] GC(108) Pause Young (Allocation Failure)
[6.834s][info][gc,heap        ] GC(108) PSYoungGen: 43012K(102912K)->36416K(104448K) Eden: 28160K(28160K)->0K(28160K) From: 14852K(74752K)->36416K(76288K)
[6.834s][info][gc,heap        ] GC(108) ParOldGen: 1026754K(1136128K)->1033658K(1136128K)
[6.834s][info][gc,metaspace   ] GC(108) Metaspace: 6302K(6464K)->6302K(6464K) NonClass: 5769K(5824K)->5769K(5824K) Class: 533K(640K)->533K(640K)
[6.834s][info][gc             ] GC(108) Pause Young (Allocation Failure) 1044M->1044M(1211M) 64.415ms
[6.834s][info][gc,cpu         ] GC(108) User=0.39s Sys=0.00s Real=0.06s
[6.866s][info][gc,start       ] GC(109) Pause Young (Allocation Failure)
[6.901s][info][gc,heap        ] GC(109) PSYoungGen: 64576K(104448K)->64544K(99328K) Eden: 28160K(28160K)->0K(25600K) From: 36416K(76288K)->64544K(73728K)
[6.901s][info][gc,heap        ] GC(109) ParOldGen: 1033658K(1136128K)->1033658K(1136128K)
[6.901s][info][gc,metaspace   ] GC(109) Metaspace: 6302K(6464K)->6302K(6464K) NonClass: 5769K(5824K)->5769K(5824K) Class: 533K(640K)->533K(640K)
[6.901s][info][gc             ] GC(109) Pause Young (Allocation Failure) 1072M->1072M(1206M) 35.030ms
[6.901s][info][gc,cpu         ] GC(109) User=0.16s Sys=0.00s Real=0.03s
[6.930s][info][gc,start       ] GC(110) Pause Young (Allocation Failure)
[6.974s][info][gc,heap        ] GC(110) PSYoungGen: 90144K(99328K)->78848K(104448K) Eden: 25600K(25600K)->0K(25600K) From: 64544K(73728K)->78848K(78848K)
[6.974s][info][gc,heap        ] GC(110) ParOldGen: 1033658K(1136128K)->1045034K(1136128K)
[6.974s][info][gc,metaspace   ] GC(110) Metaspace: 6302K(6464K)->6302K(6464K) NonClass: 5769K(5824K)->5769K(5824K) Class: 533K(640K)->533K(640K)
[6.975s][info][gc             ] GC(110) Pause Young (Allocation Failure) 1097M->1097M(1211M) 44.892ms
[6.975s][info][gc,cpu         ] GC(110) User=0.23s Sys=0.00s Real=0.04s
[7.004s][info][gc,start       ] GC(111) Pause Young (Allocation Failure)
[7.060s][info][gc,heap        ] GC(111) PSYoungGen: 104448K(104448K)->73568K(115712K) Eden: 25600K(25600K)->0K(23040K) From: 78848K(78848K)->73568K(92672K)
[7.061s][info][gc,heap        ] GC(111) ParOldGen: 1045034K(1136128K)->1076466K(1136128K)
[7.061s][info][gc,metaspace   ] GC(111) Metaspace: 6302K(6464K)->6302K(6464K) NonClass: 5769K(5824K)->5769K(5824K) Class: 533K(640K)->533K(640K)
[7.061s][info][gc             ] GC(111) Pause Young (Allocation Failure) 1122M->1123M(1222M) 56.912ms
[7.061s][info][gc,cpu         ] GC(111) User=0.34s Sys=0.03s Real=0.06s
[7.088s][info][gc,start       ] GC(112) Pause Young (Allocation Failure)
[7.140s][info][gc,heap        ] GC(112) PSYoungGen: 96608K(115712K)->72832K(120832K) Eden: 23040K(23040K)->0K(23040K) From: 73568K(92672K)->72832K(97792K)
[7.140s][info][gc,heap        ] GC(112) ParOldGen: 1076466K(1136128K)->1100618K(1136128K)
[7.140s][info][gc,metaspace   ] GC(112) Metaspace: 6302K(6464K)->6302K(6464K) NonClass: 5769K(5824K)->5769K(5824K) Class: 533K(640K)->533K(640K)
[7.140s][info][gc             ] GC(112) Pause Young (Allocation Failure) 1145M->1145M(1227M) 52.042ms
[7.140s][info][gc,cpu         ] GC(112) User=0.36s Sys=0.03s Real=0.05s
[7.140s][info][gc,start       ] GC(113) Pause Full (Ergonomics)
[7.140s][info][gc,phases,start] GC(113) Marking Phase
[7.408s][info][gc,phases      ] GC(113) Marking Phase 268.284ms
[7.408s][info][gc,phases,start] GC(113) Summary Phase
[7.408s][info][gc,phases      ] GC(113) Summary Phase 0.030ms
[7.408s][info][gc,phases,start] GC(113) Adjust Roots
[7.408s][info][gc,phases      ] GC(113) Adjust Roots 0.150ms
[7.408s][info][gc,phases,start] GC(113) Compaction Phase
[7.514s][info][gc,phases      ] GC(113) Compaction Phase 105.908ms
[7.514s][info][gc,phases,start] GC(113) Post Compact
[7.516s][info][gc,phases      ] GC(113) Post Compact 2.118ms
[7.517s][info][gc,heap        ] GC(113) PSYoungGen: 72832K(120832K)->36204K(120832K) Eden: 0K(23040K)->0K(23040K) From: 72832K(97792K)->36204K(97792K)
[7.517s][info][gc,heap        ] GC(113) ParOldGen: 1100618K(1136128K)->1135802K(1252864K)
[7.517s][info][gc,metaspace   ] GC(113) Metaspace: 6302K(6464K)->6302K(6464K) NonClass: 5769K(5824K)->5769K(5824K) Class: 533K(640K)->533K(640K)
[7.517s][info][gc             ] GC(113) Pause Full (Ergonomics) 1145M->1144M(1341M) 377.237ms
[7.517s][info][gc,cpu         ] GC(113) User=2.56s Sys=0.00s Real=0.38s
[7.545s][info][gc,start       ] GC(114) Pause Young (Allocation Failure)
[7.626s][info][gc,heap        ] GC(114) PSYoungGen: 59244K(120832K)->47616K(118272K) Eden: 23040K(23040K)->0K(25600K) From: 36204K(97792K)->47616K(92672K)
[7.627s][info][gc,heap        ] GC(114) ParOldGen: 1135802K(1252864K)->1147810K(1252864K)
[7.627s][info][gc,metaspace   ] GC(114) Metaspace: 6302K(6464K)->6302K(6464K) NonClass: 5769K(5824K)->5769K(5824K) Class: 533K(640K)->533K(640K)
[7.627s][info][gc             ] GC(114) Pause Young (Allocation Failure) 1167M->1167M(1339M) 81.211ms
[7.627s][info][gc,cpu         ] GC(114) User=0.50s Sys=0.00s Real=0.08s
[7.657s][info][gc,start       ] GC(115) Pause Young (Allocation Failure)
[7.695s][info][gc,heap        ] GC(115) PSYoungGen: 73216K(118272K)->73216K(122880K) Eden: 25600K(25600K)->0K(25600K) From: 47616K(92672K)->73216K(97280K)
[7.695s][info][gc,heap        ] GC(115) ParOldGen: 1147810K(1252864K)->1147810K(1252864K)
[7.695s][info][gc,metaspace   ] GC(115) Metaspace: 6302K(6464K)->6302K(6464K) NonClass: 5769K(5824K)->5769K(5824K) Class: 533K(640K)->533K(640K)
[7.695s][info][gc             ] GC(115) Pause Young (Allocation Failure) 1192M->1192M(1343M) 38.305ms
[7.695s][info][gc,cpu         ] GC(115) User=0.25s Sys=0.00s Real=0.04s
[7.727s][info][gc,start       ] GC(116) Pause Young (Allocation Failure)
[7.781s][info][gc,heap        ] GC(116) PSYoungGen: 98816K(122880K)->85760K(122368K) Eden: 25600K(25600K)->0K(21504K) From: 73216K(97280K)->85760K(100864K)
[7.782s][info][gc,heap        ] GC(116) ParOldGen: 1147810K(1252864K)->1161074K(1252864K)
[7.782s][info][gc,metaspace   ] GC(116) Metaspace: 6302K(6464K)->6302K(6464K) NonClass: 5769K(5824K)->5769K(5824K) Class: 533K(640K)->533K(640K)
[7.782s][info][gc             ] GC(116) Pause Young (Allocation Failure) 1217M->1217M(1343M) 54.567ms
[7.782s][info][gc,cpu         ] GC(116) User=0.38s Sys=0.00s Real=0.06s
[7.807s][info][gc,start       ] GC(117) Pause Young (Allocation Failure)
[7.866s][info][gc,heap        ] GC(117) PSYoungGen: 107264K(122368K)->95968K(129024K) Eden: 21504K(21504K)->0K(21504K) From: 85760K(100864K)->95968K(107520K)
[7.866s][info][gc,heap        ] GC(117) ParOldGen: 1161074K(1252864K)->1172538K(1252864K)
[7.866s][info][gc,metaspace   ] GC(117) Metaspace: 6302K(6464K)->6302K(6464K) NonClass: 5769K(5824K)->5769K(5824K) Class: 533K(640K)->533K(640K)
[7.866s][info][gc             ] GC(117) Pause Young (Allocation Failure) 1238M->1238M(1349M) 59.017ms
[7.866s][info][gc,cpu         ] GC(117) User=0.39s Sys=0.00s Real=0.06s
[7.892s][info][gc,start       ] GC(118) Pause Young (Allocation Failure)
[7.954s][info][gc,heap        ] GC(118) PSYoungGen: 117472K(129024K)->94368K(134656K) Eden: 21504K(21504K)->0K(17920K) From: 95968K(107520K)->94368K(116736K)
[7.954s][info][gc,heap        ] GC(118) ParOldGen: 1172538K(1252864K)->1195890K(1252864K)
[7.954s][info][gc,metaspace   ] GC(118) Metaspace: 6302K(6464K)->6302K(6464K) NonClass: 5769K(5824K)->5769K(5824K) Class: 533K(640K)->533K(640K)
[7.954s][info][gc             ] GC(118) Pause Young (Allocation Failure) 1259M->1260M(1355M) 61.496ms
[7.954s][info][gc,cpu         ] GC(118) User=0.36s Sys=0.02s Real=0.06s
[7.976s][info][gc,start       ] GC(119) Pause Young (Allocation Failure)
[8.037s][info][gc,heap        ] GC(119) PSYoungGen: 112288K(134656K)->58272K(76288K) Eden: 17920K(17920K)->0K(17920K) From: 94368K(116736K)->58272K(58368K)
[8.037s][info][gc,heap        ] GC(119) ParOldGen: 1195890K(1252864K)->1247786K(1252864K)
[8.037s][info][gc,metaspace   ] GC(119) Metaspace: 6302K(6464K)->6302K(6464K) NonClass: 5769K(5824K)->5769K(5824K) Class: 533K(640K)->533K(640K)
[8.037s][info][gc             ] GC(119) Pause Young (Allocation Failure) 1277M->1275M(1298M) 61.695ms
[8.037s][info][gc,cpu         ] GC(119) User=0.39s Sys=0.02s Real=0.06s
[8.037s][info][gc,start       ] GC(120) Pause Full (Ergonomics)
[8.037s][info][gc,phases,start] GC(120) Marking Phase
[8.343s][info][gc,phases      ] GC(120) Marking Phase 305.291ms
[8.343s][info][gc,phases,start] GC(120) Summary Phase
[8.343s][info][gc,phases      ] GC(120) Summary Phase 0.027ms
[8.343s][info][gc,phases,start] GC(120) Adjust Roots
[8.343s][info][gc,phases      ] GC(120) Adjust Roots 0.236ms
[8.343s][info][gc,phases,start] GC(120) Compaction Phase
[8.700s][info][gc,phases      ] GC(120) Compaction Phase 356.744ms
[8.700s][info][gc,phases,start] GC(120) Post Compact
[8.703s][info][gc,phases      ] GC(120) Post Compact 2.589ms
[8.703s][info][gc,heap        ] GC(120) PSYoungGen: 58272K(76288K)->51377K(76288K) Eden: 0K(17920K)->0K(17920K) From: 58272K(58368K)->51377K(58368K)
[8.703s][info][gc,heap        ] GC(120) ParOldGen: 1247786K(1252864K)->1252801K(1383936K)
[8.703s][info][gc,metaspace   ] GC(120) Metaspace: 6302K(6464K)->6302K(6464K) NonClass: 5769K(5824K)->5769K(5824K) Class: 533K(640K)->533K(640K)
[8.703s][info][gc             ] GC(120) Pause Full (Ergonomics) 1275M->1273M(1426M) 665.690ms
[8.703s][info][gc,cpu         ] GC(120) User=4.67s Sys=0.03s Real=0.67s
[8.719s][info][gc,start       ] GC(121) Pause Young (Allocation Failure)
[8.800s][info][gc,heap        ] GC(121) PSYoungGen: 69297K(76288K)->22208K(137728K) Eden: 17920K(17920K)->0K(18944K) From: 51377K(58368K)->22208K(118784K)
[8.800s][info][gc,heap        ] GC(121) ParOldGen: 1252801K(1383936K)->1291977K(1383936K)
[8.800s][info][gc,metaspace   ] GC(121) Metaspace: 6302K(6464K)->6302K(6464K) NonClass: 5769K(5824K)->5769K(5824K) Class: 533K(640K)->533K(640K)
[8.800s][info][gc             ] GC(121) Pause Young (Allocation Failure) 1291M->1283M(1486M) 81.187ms
[8.800s][info][gc,cpu         ] GC(121) User=0.52s Sys=0.00s Real=0.08s
[8.817s][info][gc,start       ] GC(122) Pause Young (Allocation Failure)
[8.839s][info][gc,heap        ] GC(122) PSYoungGen: 41152K(137728K)->21472K(139264K) Eden: 18944K(18944K)->0K(18944K) From: 22208K(118784K)->21472K(120320K)
[8.839s][info][gc,heap        ] GC(122) ParOldGen: 1291977K(1383936K)->1304993K(1383936K)
[8.839s][info][gc,metaspace   ] GC(122) Metaspace: 6302K(6464K)->6302K(6464K) NonClass: 5769K(5824K)->5769K(5824K) Class: 533K(640K)->533K(640K)
[8.839s][info][gc             ] GC(122) Pause Young (Allocation Failure) 1301M->1295M(1487M) 22.246ms
[8.839s][info][gc,cpu         ] GC(122) User=0.11s Sys=0.02s Real=0.02s
[8.863s][info][gc,start       ] GC(123) Pause Young (Allocation Failure)
[8.888s][info][gc,heap        ] GC(123) PSYoungGen: 40416K(139264K)->31168K(138240K) Eden: 18944K(18944K)->0K(21504K) From: 21472K(120320K)->31168K(116736K)
[8.888s][info][gc,heap        ] GC(123) ParOldGen: 1304993K(1383936K)->1314433K(1383936K)
[8.888s][info][gc,metaspace   ] GC(123) Metaspace: 6302K(6464K)->6302K(6464K) NonClass: 5769K(5824K)->5769K(5824K) Class: 533K(640K)->533K(640K)
[8.888s][info][gc             ] GC(123) Pause Young (Allocation Failure) 1313M->1314M(1486M) 24.820ms
[8.888s][info][gc,cpu         ] GC(123) User=0.12s Sys=0.00s Real=0.02s
[8.913s][info][gc,start       ] GC(124) Pause Young (Allocation Failure)
[8.944s][info][gc,heap        ] GC(124) PSYoungGen: 52672K(138240K)->40608K(62464K) Eden: 21504K(21504K)->0K(21504K) From: 31168K(116736K)->40608K(40960K)
[8.944s][info][gc,heap        ] GC(124) ParOldGen: 1314433K(1383936K)->1326673K(1383936K)
[8.944s][info][gc,metaspace   ] GC(124) Metaspace: 6302K(6464K)->6302K(6464K) NonClass: 5769K(5824K)->5769K(5824K) Class: 533K(640K)->533K(640K)
[8.944s][info][gc             ] GC(124) Pause Young (Allocation Failure) 1335M->1335M(1412M) 30.727ms
[8.944s][info][gc,cpu         ] GC(124) User=0.14s Sys=0.00s Real=0.03s
[8.970s][info][gc,start       ] GC(125) Pause Young (Allocation Failure)
[9.006s][info][gc,heap        ] GC(125) PSYoungGen: 62112K(62464K)->43200K(129024K) Eden: 21504K(21504K)->0K(24064K) From: 40608K(40960K)->43200K(104960K)
[9.006s][info][gc,heap        ] GC(125) ParOldGen: 1326673K(1383936K)->1345889K(1383936K)
[9.006s][info][gc,metaspace   ] GC(125) Metaspace: 6302K(6464K)->6302K(6464K) NonClass: 5769K(5824K)->5769K(5824K) Class: 533K(640K)->533K(640K)
[9.006s][info][gc             ] GC(125) Pause Young (Allocation Failure) 1356M->1356M(1477M) 35.659ms
[9.006s][info][gc,cpu         ] GC(125) User=0.16s Sys=0.00s Real=0.04s
[9.006s][info][gc,start       ] GC(126) Pause Full (Ergonomics)
[9.006s][info][gc,phases,start] GC(126) Marking Phase
[9.317s][info][gc,phases      ] GC(126) Marking Phase 311.198ms
[9.317s][info][gc,phases,start] GC(126) Summary Phase
[9.317s][info][gc,phases      ] GC(126) Summary Phase 0.034ms
[9.317s][info][gc,phases,start] GC(126) Adjust Roots
[9.318s][info][gc,phases      ] GC(126) Adjust Roots 0.163ms
[9.318s][info][gc,phases,start] GC(126) Compaction Phase
[9.426s][info][gc,phases      ] GC(126) Compaction Phase 108.264ms
[9.426s][info][gc,phases,start] GC(126) Post Compact
[9.428s][info][gc,phases      ] GC(126) Post Compact 2.360ms
[9.429s][info][gc,heap        ] GC(126) PSYoungGen: 43200K(129024K)->3606K(132096K) Eden: 0K(24064K)->0K(27136K) From: 43200K(104960K)->3606K(104960K)
[9.429s][info][gc,heap        ] GC(126) ParOldGen: 1345889K(1383936K)->1383744K(1521152K)
[9.429s][info][gc,metaspace   ] GC(126) Metaspace: 6302K(6464K)->6302K(6464K) NonClass: 5769K(5824K)->5769K(5824K) Class: 533K(640K)->533K(640K)
[9.429s][info][gc             ] GC(126) Pause Full (Ergonomics) 1356M->1354M(1614M) 422.812ms
[9.429s][info][gc,cpu         ] GC(126) User=3.09s Sys=0.05s Real=0.42s
[9.700s][info][gc,start       ] GC(127) Pause Young (Allocation Failure)
[9.774s][info][gc,heap        ] GC(127) PSYoungGen: 30742K(132096K)->28576K(136704K) Eden: 27136K(27136K)->0K(27136K) From: 3606K(104960K)->28576K(109568K)
[9.774s][info][gc,heap        ] GC(127) ParOldGen: 1449280K(1521152K)->1451680K(1521152K)
[9.774s][info][gc,metaspace   ] GC(127) Metaspace: 6302K(6464K)->6302K(6464K) NonClass: 5769K(5824K)->5769K(5824K) Class: 533K(640K)->533K(640K)
[9.774s][info][gc             ] GC(127) Pause Young (Allocation Failure) 1445M->1445M(1619M) 73.661ms
[9.774s][info][gc,cpu         ] GC(127) User=0.53s Sys=0.00s Real=0.07s
[9.800s][info][gc,start       ] GC(128) Pause Young (Allocation Failure)
[9.832s][info][gc,heap        ] GC(128) PSYoungGen: 55712K(136704K)->55712K(131584K) Eden: 27136K(27136K)->0K(30208K) From: 28576K(109568K)->55712K(101376K)
[9.832s][info][gc,heap        ] GC(128) ParOldGen: 1451680K(1521152K)->1451680K(1521152K)
[9.832s][info][gc,metaspace   ] GC(128) Metaspace: 6302K(6464K)->6302K(6464K) NonClass: 5769K(5824K)->5769K(5824K) Class: 533K(640K)->533K(640K)
[9.832s][info][gc             ] GC(128) Pause Young (Allocation Failure) 1472M->1472M(1614M) 32.396ms
[9.832s][info][gc,cpu         ] GC(128) User=0.16s Sys=0.00s Real=0.03s
[9.860s][info][gc,start       ] GC(129) Pause Young (Allocation Failure)
[9.903s][info][gc,heap        ] GC(129) PSYoungGen: 85920K(131584K)->85984K(134656K) Eden: 30208K(30208K)->0K(30208K) From: 55712K(101376K)->85984K(104448K)
[9.903s][info][gc,heap        ] GC(129) ParOldGen: 1451680K(1521152K)->1451680K(1521152K)
[9.903s][info][gc,metaspace   ] GC(129) Metaspace: 6302K(6464K)->6302K(6464K) NonClass: 5769K(5824K)->5769K(5824K) Class: 533K(640K)->533K(640K)
[9.903s][info][gc             ] GC(129) Pause Young (Allocation Failure) 1501M->1501M(1617M) 42.556ms
[9.903s][info][gc,cpu         ] GC(129) User=0.25s Sys=0.00s Real=0.04s
[9.931s][info][gc,start       ] GC(130) Pause Young (Allocation Failure)
[9.986s][info][gc,heap        ] GC(130) PSYoungGen: 116192K(134656K)->112640K(129024K) Eden: 30208K(30208K)->0K(16384K) From: 85984K(104448K)->112640K(112640K)
[9.986s][info][gc,heap        ] GC(130) ParOldGen: 1451680K(1521152K)->1455184K(1521152K)
[9.986s][info][gc,metaspace   ] GC(130) Metaspace: 6302K(6464K)->6302K(6464K) NonClass: 5769K(5824K)->5769K(5824K) Class: 533K(640K)->533K(640K)
[9.986s][info][gc             ] GC(130) Pause Young (Allocation Failure) 1531M->1531M(1611M) 55.229ms
[9.986s][info][gc,cpu         ] GC(130) User=0.38s Sys=0.02s Real=0.06s
[10.004s][info][gc,start       ] GC(131) Pause Young (Allocation Failure)
[10.064s][info][gc,heap        ] GC(131) PSYoungGen: 129024K(129024K)->102336K(145920K) Eden: 16384K(16384K)->0K(16384K) From: 112640K(112640K)->102336K(129536K)
[10.064s][info][gc,heap        ] GC(131) ParOldGen: 1455184K(1521152K)->1482312K(1521152K)
[10.064s][info][gc,metaspace   ] GC(131) Metaspace: 6302K(6464K)->6302K(6464K) NonClass: 5769K(5824K)->5769K(5824K) Class: 533K(640K)->533K(640K)
[10.064s][info][gc             ] GC(131) Pause Young (Allocation Failure) 1547M->1547M(1628M) 60.339ms
[10.064s][info][gc,cpu         ] GC(131) User=0.33s Sys=0.05s Real=0.06s
[10.064s][info][gc,start       ] GC(132) Pause Full (Ergonomics)
[10.064s][info][gc,phases,start] GC(132) Marking Phase
[10.407s][info][gc,phases      ] GC(132) Marking Phase 342.990ms
[10.407s][info][gc,phases,start] GC(132) Summary Phase
[10.407s][info][gc,phases      ] GC(132) Summary Phase 0.033ms
[10.407s][info][gc,phases,start] GC(132) Adjust Roots
[10.408s][info][gc,phases      ] GC(132) Adjust Roots 0.163ms
[10.408s][info][gc,phases,start] GC(132) Compaction Phase
[10.664s][info][gc,phases      ] GC(132) Compaction Phase 256.828ms
[10.664s][info][gc,phases,start] GC(132) Post Compact
[10.668s][info][gc,phases      ] GC(132) Post Compact 3.230ms
[10.668s][info][gc,heap        ] GC(132) PSYoungGen: 102336K(145920K)->29956K(145920K) Eden: 0K(16384K)->0K(16384K) From: 102336K(129536K)->29956K(129536K)
[10.668s][info][gc,heap        ] GC(132) ParOldGen: 1482312K(1521152K)->1521073K(1667072K)
[10.668s][info][gc,metaspace   ] GC(132) Metaspace: 6302K(6464K)->6302K(6464K) NonClass: 5769K(5824K)->5769K(5824K) Class: 533K(640K)->533K(640K)
[10.668s][info][gc             ] GC(132) Pause Full (Ergonomics) 1547M->1514M(1770M) 604.059ms
[10.668s][info][gc,cpu         ] GC(132) User=4.00s Sys=0.03s Real=0.60s
[10.687s][info][gc,start       ] GC(133) Pause Young (Allocation Failure)
[10.770s][info][gc,heap        ] GC(133) PSYoungGen: 46340K(145920K)->37024K(150528K) Eden: 16384K(16384K)->0K(18432K) From: 29956K(129536K)->37024K(132096K)
[10.770s][info][gc,heap        ] GC(133) ParOldGen: 1521073K(1667072K)->1530753K(1667072K)
[10.770s][info][gc,metaspace   ] GC(133) Metaspace: 6302K(6464K)->6302K(6464K) NonClass: 5769K(5824K)->5769K(5824K) Class: 533K(640K)->533K(640K)
[10.770s][info][gc             ] GC(133) Pause Young (Allocation Failure) 1530M->1531M(1775M) 83.685ms
[10.770s][info][gc,cpu         ] GC(133) User=0.44s Sys=0.00s Real=0.08s
[10.790s][info][gc,start       ] GC(134) Pause Young (Allocation Failure)
[10.823s][info][gc,heap        ] GC(134) PSYoungGen: 55456K(150528K)->55424K(74240K) Eden: 18432K(18432K)->0K(18432K) From: 37024K(132096K)->55424K(55808K)
[10.823s][info][gc,heap        ] GC(134) ParOldGen: 1530753K(1667072K)->1530753K(1667072K)
[10.823s][info][gc,metaspace   ] GC(134) Metaspace: 6302K(6464K)->6302K(6464K) NonClass: 5769K(5824K)->5769K(5824K) Class: 533K(640K)->533K(640K)
[10.823s][info][gc             ] GC(134) Pause Young (Allocation Failure) 1549M->1549M(1700M) 33.061ms
[10.823s][info][gc,cpu         ] GC(134) User=0.06s Sys=0.00s Real=0.03s
[10.841s][info][gc,start       ] GC(135) Pause Young (Allocation Failure)
[10.880s][info][gc,heap        ] GC(135) PSYoungGen: 73856K(74240K)->68576K(142848K) Eden: 18432K(18432K)->0K(20992K) From: 55424K(55808K)->68576K(121856K)
[10.880s][info][gc,heap        ] GC(135) ParOldGen: 1530753K(1667072K)->1536105K(1667072K)
[10.880s][info][gc,metaspace   ] GC(135) Metaspace: 6302K(6464K)->6302K(6464K) NonClass: 5769K(5824K)->5769K(5824K) Class: 533K(640K)->533K(640K)
[10.880s][info][gc             ] GC(135) Pause Young (Allocation Failure) 1567M->1567M(1767M) 38.651ms
[10.880s][info][gc,cpu         ] GC(135) User=0.19s Sys=0.00s Real=0.04s
[10.900s][info][gc,start       ] GC(136) Pause Young (Allocation Failure)
[10.944s][info][gc,heap        ] GC(136) PSYoungGen: 89568K(142848K)->80672K(146432K) Eden: 20992K(20992K)->0K(20992K) From: 68576K(121856K)->80672K(125440K)
[10.944s][info][gc,heap        ] GC(136) ParOldGen: 1536105K(1667072K)->1545161K(1667072K)
[10.944s][info][gc,metaspace   ] GC(136) Metaspace: 6302K(6464K)->6302K(6464K) NonClass: 5769K(5824K)->5769K(5824K) Class: 533K(640K)->533K(640K)
[10.944s][info][gc             ] GC(136) Pause Young (Allocation Failure) 1587M->1587M(1771M) 44.048ms
[10.944s][info][gc,cpu         ] GC(136) User=0.19s Sys=0.00s Real=0.04s
[10.965s][info][gc,start       ] GC(137) Pause Young (Allocation Failure)
[11.014s][info][gc,heap        ] GC(137) PSYoungGen: 101664K(146432K)->79040K(148992K) Eden: 20992K(20992K)->0K(24064K) From: 80672K(125440K)->79040K(124928K)
[11.014s][info][gc,heap        ] GC(137) ParOldGen: 1545161K(1667072K)->1568113K(1667072K)
[11.014s][info][gc,metaspace   ] GC(137) Metaspace: 6302K(6464K)->6302K(6464K) NonClass: 5769K(5824K)->5769K(5824K) Class: 533K(640K)->533K(640K)
[11.014s][info][gc             ] GC(137) Pause Young (Allocation Failure) 1608M->1608M(1773M) 49.270ms
[11.014s][info][gc,cpu         ] GC(137) User=0.28s Sys=0.00s Real=0.05s
[11.038s][info][gc,start       ] GC(138) Pause Young (Allocation Failure)
[11.088s][info][gc,heap        ] GC(138) PSYoungGen: 103104K(148992K)->66208K(90624K) Eden: 24064K(24064K)->0K(24064K) From: 79040K(124928K)->66208K(66560K)
[11.089s][info][gc,heap        ] GC(138) ParOldGen: 1568113K(1667072K)->1605441K(1667072K)
[11.089s][info][gc,metaspace   ] GC(138) Metaspace: 6302K(6464K)->6302K(6464K) NonClass: 5769K(5824K)->5769K(5824K) Class: 533K(640K)->533K(640K)
[11.089s][info][gc             ] GC(138) Pause Young (Allocation Failure) 1632M->1632M(1716M) 50.642ms
[11.089s][info][gc,cpu         ] GC(138) User=0.33s Sys=0.05s Real=0.05s
[11.113s][info][gc,start       ] GC(139) Pause Young (Allocation Failure)
[11.158s][info][gc,heap        ] GC(139) PSYoungGen: 90272K(90624K)->48320K(141824K) Eden: 24064K(24064K)->0K(27648K) From: 66208K(66560K)->48320K(114176K)
[11.158s][info][gc,heap        ] GC(139) ParOldGen: 1605441K(1667072K)->1647945K(1667072K)
[11.158s][info][gc,metaspace   ] GC(139) Metaspace: 6302K(6464K)->6302K(6464K) NonClass: 5769K(5824K)->5769K(5824K) Class: 533K(640K)->533K(640K)
[11.158s][info][gc             ] GC(139) Pause Young (Allocation Failure) 1655M->1656M(1766M) 45.759ms
[11.158s][info][gc,cpu         ] GC(139) User=0.25s Sys=0.02s Real=0.05s
[11.158s][info][gc,start       ] GC(140) Pause Full (Ergonomics)
[11.158s][info][gc,phases,start] GC(140) Marking Phase
[11.535s][info][gc,phases      ] GC(140) Marking Phase 376.156ms
[11.535s][info][gc,phases,start] GC(140) Summary Phase
[11.535s][info][gc,phases      ] GC(140) Summary Phase 0.031ms
[11.535s][info][gc,phases,start] GC(140) Adjust Roots
[11.535s][info][gc,phases      ] GC(140) Adjust Roots 0.195ms
[11.535s][info][gc,phases,start] GC(140) Compaction Phase
[11.714s][info][gc,phases      ] GC(140) Compaction Phase 178.735ms
[11.714s][info][gc,phases,start] GC(140) Post Compact
[11.717s][info][gc,phases      ] GC(140) Post Compact 3.001ms
[11.717s][info][gc,heap        ] GC(140) PSYoungGen: 48320K(141824K)->27118K(144896K) Eden: 0K(27648K)->0K(30720K) From: 48320K(114176K)->27118K(114176K)
[11.717s][info][gc,heap        ] GC(140) ParOldGen: 1647945K(1667072K)->1667058K(1832960K)
[11.717s][info][gc,metaspace   ] GC(140) Metaspace: 6302K(6464K)->6302K(6464K) NonClass: 5769K(5824K)->5769K(5824K) Class: 533K(640K)->533K(640K)
[11.717s][info][gc             ] GC(140) Pause Full (Ergonomics) 1656M->1654M(1931M) 559.002ms
[11.717s][info][gc,cpu         ] GC(140) User=3.92s Sys=0.00s Real=0.56s
[11.749s][info][gc,start       ] GC(141) Pause Young (Allocation Failure)
[11.843s][info][gc,heap        ] GC(141) PSYoungGen: 57838K(144896K)->30880K(147968K) Eden: 30720K(30720K)->0K(30720K) From: 27118K(114176K)->30880K(117248K)
[11.843s][info][gc,heap        ] GC(141) ParOldGen: 1667058K(1832960K)->1694546K(1832960K)
[11.843s][info][gc,metaspace   ] GC(141) Metaspace: 6302K(6464K)->6302K(6464K) NonClass: 5769K(5824K)->5769K(5824K) Class: 533K(640K)->533K(640K)
[11.843s][info][gc             ] GC(141) Pause Young (Allocation Failure) 1684M->1684M(1934M) 93.429ms
[11.843s][info][gc,cpu         ] GC(141) User=0.59s Sys=0.02s Real=0.09s
[11.879s][info][gc,start       ] GC(142) Pause Young (Allocation Failure)
[11.916s][info][gc,heap        ] GC(142) PSYoungGen: 61600K(147968K)->30880K(150016K) Eden: 30720K(30720K)->0K(34304K) From: 30880K(117248K)->30880K(115712K)
[11.916s][info][gc,heap        ] GC(142) ParOldGen: 1694546K(1832960K)->1725674K(1832960K)
[11.916s][info][gc,metaspace   ] GC(142) Metaspace: 6302K(6464K)->6302K(6464K) NonClass: 5769K(5824K)->5769K(5824K) Class: 533K(640K)->533K(640K)
[11.916s][info][gc             ] GC(142) Pause Young (Allocation Failure) 1714M->1715M(1936M) 37.025ms
[11.916s][info][gc,cpu         ] GC(142) User=0.14s Sys=0.02s Real=0.04s
[11.952s][info][gc,start       ] GC(143) Pause Young (Allocation Failure)
[11.991s][info][gc,heap        ] GC(143) PSYoungGen: 65184K(150016K)->34464K(151040K) Eden: 34304K(34304K)->0K(34304K) From: 30880K(115712K)->34464K(116736K)
[11.991s][info][gc,heap        ] GC(143) ParOldGen: 1725674K(1832960K)->1756818K(1832960K)
[11.991s][info][gc,metaspace   ] GC(143) Metaspace: 6302K(6464K)->6302K(6464K) NonClass: 5769K(5824K)->5769K(5824K) Class: 533K(640K)->533K(640K)
[11.991s][info][gc             ] GC(143) Pause Young (Allocation Failure) 1748M->1749M(1937M) 38.729ms
[11.991s][info][gc,cpu         ] GC(143) User=0.16s Sys=0.00s Real=0.04s
[12.029s][info][gc,start       ] GC(144) Pause Young (Allocation Failure)
[12.068s][info][gc,heap        ] GC(144) PSYoungGen: 68768K(151040K)->34464K(147968K) Eden: 34304K(34304K)->0K(38400K) From: 34464K(116736K)->34464K(109568K)
[12.068s][info][gc,heap        ] GC(144) ParOldGen: 1756818K(1832960K)->1791594K(1832960K)
[12.068s][info][gc,metaspace   ] GC(144) Metaspace: 6302K(6464K)->6302K(6464K) NonClass: 5769K(5824K)->5769K(5824K) Class: 533K(640K)->533K(640K)
[12.068s][info][gc             ] GC(144) Pause Young (Allocation Failure) 1782M->1783M(1934M) 39.636ms
[12.068s][info][gc,cpu         ] GC(144) User=0.23s Sys=0.03s Real=0.04s
[12.068s][info][gc,start       ] GC(145) Pause Full (Ergonomics)
[12.068s][info][gc,phases,start] GC(145) Marking Phase
[12.464s][info][gc,phases      ] GC(145) Marking Phase 395.649ms
[12.464s][info][gc,phases,start] GC(145) Summary Phase
[12.464s][info][gc,phases      ] GC(145) Summary Phase 0.039ms
[12.464s][info][gc,phases,start] GC(145) Adjust Roots
[12.464s][info][gc,phases      ] GC(145) Adjust Roots 0.193ms
[12.464s][info][gc,phases,start] GC(145) Compaction Phase
[12.639s][info][gc,phases      ] GC(145) Compaction Phase 174.303ms
[12.639s][info][gc,phases,start] GC(145) Post Compact
[12.642s][info][gc,phases      ] GC(145) Post Compact 3.316ms
[12.643s][info][gc,heap        ] GC(145) PSYoungGen: 34464K(147968K)->0K(150528K) Eden: 0K(38400K)->0K(38400K) From: 34464K(109568K)->0K(112128K)
[12.643s][info][gc,heap        ] GC(145) ParOldGen: 1791594K(1832960K)->1824102K(2007040K)
[12.643s][info][gc,metaspace   ] GC(145) Metaspace: 6302K(6464K)->6302K(6464K) NonClass: 5769K(5824K)->5769K(5824K) Class: 533K(640K)->533K(640K)
[12.643s][info][gc             ] GC(145) Pause Full (Ergonomics) 1783M->1781M(2107M) 574.440ms
[12.643s][info][gc,cpu         ] GC(145) User=4.17s Sys=0.08s Real=0.57s
[12.684s][info][gc,start       ] GC(146) Pause Young (Allocation Failure)
[12.712s][info][gc,heap        ] GC(146) PSYoungGen: 38400K(150528K)->38560K(147456K) Eden: 38400K(38400K)->0K(41984K) From: 0K(112128K)->38560K(105472K)
[12.712s][info][gc,heap        ] GC(146) ParOldGen: 1824102K(2007040K)->1824102K(2007040K)
[12.712s][info][gc,metaspace   ] GC(146) Metaspace: 6302K(6464K)->6302K(6464K) NonClass: 5769K(5824K)->5769K(5824K) Class: 533K(640K)->533K(640K)
[12.712s][info][gc             ] GC(146) Pause Young (Allocation Failure) 1818M->1819M(2104M) 27.898ms
[12.712s][info][gc,cpu         ] GC(146) User=0.05s Sys=0.00s Real=0.03s
[12.762s][info][gc,start       ] GC(147) Pause Young (Allocation Failure)
[12.805s][info][gc,heap        ] GC(147) PSYoungGen: 80544K(147456K)->80608K(151040K) Eden: 41984K(41984K)->0K(41984K) From: 38560K(105472K)->80608K(109056K)
[12.805s][info][gc,heap        ] GC(147) ParOldGen: 1824102K(2007040K)->1824102K(2007040K)
[12.805s][info][gc,metaspace   ] GC(147) Metaspace: 6302K(6464K)->6302K(6464K) NonClass: 5769K(5824K)->5769K(5824K) Class: 533K(640K)->533K(640K)
[12.805s][info][gc             ] GC(147) Pause Young (Allocation Failure) 1860M->1860M(2107M) 43.106ms
[12.805s][info][gc,cpu         ] GC(147) User=0.17s Sys=0.00s Real=0.04s
[12.850s][info][gc,start       ] GC(148) Pause Young (Allocation Failure)
[12.909s][info][gc,heap        ] GC(148) PSYoungGen: 122592K(151040K)->113664K(140288K) Eden: 41984K(41984K)->0K(26624K) From: 80608K(109056K)->113664K(113664K)
[12.909s][info][gc,heap        ] GC(148) ParOldGen: 1824102K(2007040K)->1833086K(2007040K)
[12.909s][info][gc,metaspace   ] GC(148) Metaspace: 6302K(6464K)->6302K(6464K) NonClass: 5769K(5824K)->5769K(5824K) Class: 533K(640K)->533K(640K)
[12.909s][info][gc             ] GC(148) Pause Young (Allocation Failure) 1901M->1901M(2097M) 58.438ms
[12.909s][info][gc,cpu         ] GC(148) User=0.36s Sys=0.03s Real=0.06s
[12.941s][info][gc,start       ] GC(149) Pause Young (Allocation Failure)
[13.009s][info][gc,heap        ] GC(149) PSYoungGen: 140288K(140288K)->64544K(91648K) Eden: 26624K(26624K)->0K(26624K) From: 113664K(113664K)->64544K(65024K)
[13.009s][info][gc,heap        ] GC(149) ParOldGen: 1833086K(2007040K)->1909878K(2007040K)
[13.009s][info][gc,metaspace   ] GC(149) Metaspace: 6302K(6464K)->6302K(6464K) NonClass: 5769K(5824K)->5769K(5824K) Class: 533K(640K)->533K(640K)
[13.009s][info][gc             ] GC(149) Pause Young (Allocation Failure) 1927M->1928M(2049M) 68.294ms
[13.009s][info][gc,cpu         ] GC(149) User=0.44s Sys=0.06s Real=0.07s
[13.040s][info][gc,start       ] GC(150) Pause Young (Allocation Failure)
[13.087s][info][gc,heap        ] GC(150) PSYoungGen: 91168K(91648K)->53440K(146944K) Eden: 26624K(26624K)->0K(29696K) From: 64544K(65024K)->53440K(117248K)
[13.087s][info][gc,heap        ] GC(150) ParOldGen: 1909878K(2007040K)->1948110K(2007040K)
[13.087s][info][gc,metaspace   ] GC(150) Metaspace: 6302K(6464K)->6302K(6464K) NonClass: 5769K(5824K)->5769K(5824K) Class: 533K(640K)->533K(640K)
[13.087s][info][gc             ] GC(150) Pause Young (Allocation Failure) 1954M->1954M(2103M) 47.110ms
[13.087s][info][gc,cpu         ] GC(150) User=0.23s Sys=0.03s Real=0.05s
[13.087s][info][gc,start       ] GC(151) Pause Full (Ergonomics)
[13.087s][info][gc,phases,start] GC(151) Marking Phase
[13.533s][info][gc,phases      ] GC(151) Marking Phase 445.854ms
[13.533s][info][gc,phases,start] GC(151) Summary Phase
[13.533s][info][gc,phases      ] GC(151) Summary Phase 0.069ms
[13.533s][info][gc,phases,start] GC(151) Adjust Roots
[13.533s][info][gc,phases      ] GC(151) Adjust Roots 0.215ms
[13.533s][info][gc,phases,start] GC(151) Compaction Phase
[13.732s][info][gc,phases      ] GC(151) Compaction Phase 198.435ms
[13.732s][info][gc,phases,start] GC(151) Post Compact
[13.735s][info][gc,phases      ] GC(151) Post Compact 3.732ms
[13.736s][info][gc,heap        ] GC(151) PSYoungGen: 53440K(146944K)->0K(152064K) Eden: 0K(29696K)->0K(29696K) From: 53440K(117248K)->0K(122368K)
[13.736s][info][gc,heap        ] GC(151) ParOldGen: 1948110K(2007040K)->1999561K(2211328K)
[13.736s][info][gc,metaspace   ] GC(151) Metaspace: 6302K(6464K)->6302K(6464K) NonClass: 5769K(5824K)->5769K(5824K) Class: 533K(640K)->533K(640K)
[13.736s][info][gc             ] GC(151) Pause Full (Ergonomics) 1954M->1952M(2308M) 649.523ms
[13.736s][info][gc,cpu         ] GC(151) User=4.59s Sys=0.03s Real=0.65s
[13.778s][info][gc,start       ] GC(152) Pause Young (Allocation Failure)
[13.803s][info][gc,heap        ] GC(152) PSYoungGen: 29696K(152064K)->29856K(152576K) Eden: 29696K(29696K)->0K(32768K) From: 0K(122368K)->29856K(119808K)
[13.803s][info][gc,heap        ] GC(152) ParOldGen: 1999561K(2211328K)->1999561K(2211328K)
[13.803s][info][gc,metaspace   ] GC(152) Metaspace: 6302K(6464K)->6302K(6464K) NonClass: 5769K(5824K)->5769K(5824K) Class: 533K(640K)->533K(640K)
[13.803s][info][gc             ] GC(152) Pause Young (Allocation Failure) 1981M->1981M(2308M) 25.060ms
[13.803s][info][gc,cpu         ] GC(152) User=0.05s Sys=0.00s Real=0.03s
[13.837s][info][gc,start       ] GC(153) Pause Young (Allocation Failure)
[13.874s][info][gc,heap        ] GC(153) PSYoungGen: 62624K(152576K)->62656K(95744K) Eden: 32768K(32768K)->0K(32768K) From: 29856K(119808K)->62656K(62976K)
[13.874s][info][gc,heap        ] GC(153) ParOldGen: 1999561K(2211328K)->1999561K(2211328K)
[13.874s][info][gc,metaspace   ] GC(153) Metaspace: 6302K(6464K)->6302K(6464K) NonClass: 5769K(5824K)->5769K(5824K) Class: 533K(640K)->533K(640K)
[13.874s][info][gc             ] GC(153) Pause Young (Allocation Failure) 2013M->2013M(2253M) 36.688ms
[13.874s][info][gc,cpu         ] GC(153) User=0.16s Sys=0.00s Real=0.04s
[13.909s][info][gc,start       ] GC(154) Pause Young (Allocation Failure)
[13.958s][info][gc,heap        ] GC(154) PSYoungGen: 95424K(95744K)->95488K(144384K) Eden: 32768K(32768K)->0K(27648K) From: 62656K(62976K)->95488K(116736K)
[13.958s][info][gc,heap        ] GC(154) ParOldGen: 1999561K(2211328K)->1999561K(2211328K)
[13.958s][info][gc,metaspace   ] GC(154) Metaspace: 6302K(6464K)->6302K(6464K) NonClass: 5769K(5824K)->5769K(5824K) Class: 533K(640K)->533K(640K)
[13.958s][info][gc             ] GC(154) Pause Young (Allocation Failure) 2045M->2045M(2300M) 48.789ms
[13.958s][info][gc,cpu         ] GC(154) User=0.28s Sys=0.00s Real=0.05s
[13.987s][info][gc,start       ] GC(155) Pause Young (Allocation Failure)
[14.046s][info][gc,heap        ] GC(155) PSYoungGen: 123136K(144384K)->123168K(152576K) Eden: 27648K(27648K)->0K(27648K) From: 95488K(116736K)->123168K(124928K)
[14.046s][info][gc,heap        ] GC(155) ParOldGen: 1999561K(2211328K)->1999561K(2211328K)
[14.046s][info][gc,metaspace   ] GC(155) Metaspace: 6302K(6464K)->6302K(6464K) NonClass: 5769K(5824K)->5769K(5824K) Class: 533K(640K)->533K(640K)
[14.046s][info][gc             ] GC(155) Pause Young (Allocation Failure) 2072M->2072M(2308M) 58.822ms
[14.046s][info][gc,cpu         ] GC(155) User=0.36s Sys=0.00s Real=0.06s
[14.074s][info][gc,start       ] GC(156) Pause Young (Allocation Failure)
[14.151s][info][gc,heap        ] GC(156) PSYoungGen: 150816K(152576K)->141312K(148992K) Eden: 27648K(27648K)->0K(7680K) From: 123168K(124928K)->141312K(141312K)
[14.151s][info][gc,heap        ] GC(156) ParOldGen: 1999561K(2211328K)->2009073K(2211328K)
[14.151s][info][gc,metaspace   ] GC(156) Metaspace: 6302K(6464K)->6302K(6464K) NonClass: 5769K(5824K)->5769K(5824K) Class: 533K(640K)->533K(640K)
[14.151s][info][gc             ] GC(156) Pause Young (Allocation Failure) 2099M->2099M(2305M) 76.691ms
[14.151s][info][gc,cpu         ] GC(156) User=0.52s Sys=0.05s Real=0.08s
[14.159s][info][gc,start       ] GC(157) Pause Young (Allocation Failure)
[14.234s][info][gc,heap        ] GC(157) PSYoungGen: 148991K(148992K)->90624K(98304K) Eden: 7679K(7680K)->0K(7680K) From: 141312K(141312K)->90624K(90624K)
[14.234s][info][gc,heap        ] GC(157) ParOldGen: 2009073K(2211328K)->2068273K(2211328K)
[14.234s][info][gc,metaspace   ] GC(157) Metaspace: 6302K(6464K)->6302K(6464K) NonClass: 5769K(5824K)->5769K(5824K) Class: 533K(640K)->533K(640K)
[14.234s][info][gc             ] GC(157) Pause Young (Allocation Failure) 2107M->2108M(2255M) 75.589ms
[14.234s][info][gc,cpu         ] GC(157) User=0.52s Sys=0.00s Real=0.08s
[14.243s][info][gc,start       ] GC(158) Pause Young (Allocation Failure)
[14.292s][info][gc,heap        ] GC(158) PSYoungGen: 98304K(98304K)->41568K(165888K) Eden: 7680K(7680K)->0K(9216K) From: 90624K(90624K)->41568K(156672K)
[14.292s][info][gc,heap        ] GC(158) ParOldGen: 2068273K(2211328K)->2125633K(2211328K)
[14.292s][info][gc,metaspace   ] GC(158) Metaspace: 6302K(6464K)->6302K(6464K) NonClass: 5769K(5824K)->5769K(5824K) Class: 533K(640K)->533K(640K)
[14.292s][info][gc             ] GC(158) Pause Young (Allocation Failure) 2115M->2116M(2321M) 49.783ms
[14.292s][info][gc,cpu         ] GC(158) User=0.34s Sys=0.03s Real=0.05s
[14.302s][info][gc,start       ] GC(159) Pause Young (Allocation Failure)
[14.333s][info][gc,heap        ] GC(159) PSYoungGen: 50784K(165888K)->17024K(167936K) Eden: 9216K(9216K)->0K(9216K) From: 41568K(156672K)->17024K(158720K)
[14.333s][info][gc,heap        ] GC(159) ParOldGen: 2125633K(2211328K)->2159793K(2211328K)
[14.333s][info][gc,metaspace   ] GC(159) Metaspace: 6302K(6464K)->6302K(6464K) NonClass: 5769K(5824K)->5769K(5824K) Class: 533K(640K)->533K(640K)
[14.333s][info][gc             ] GC(159) Pause Young (Allocation Failure) 2125M->2125M(2323M) 31.186ms
[14.333s][info][gc,cpu         ] GC(159) User=0.14s Sys=0.00s Real=0.03s
[14.333s][info][gc,start       ] GC(160) Pause Full (Ergonomics)
[14.333s][info][gc,phases,start] GC(160) Marking Phase
[14.838s][info][gc,phases      ] GC(160) Marking Phase 504.456ms
[14.838s][info][gc,phases,start] GC(160) Summary Phase
[14.838s][info][gc,phases      ] GC(160) Summary Phase 0.049ms
[14.838s][info][gc,phases,start] GC(160) Adjust Roots
[14.838s][info][gc,phases      ] GC(160) Adjust Roots 0.198ms
[14.838s][info][gc,phases,start] GC(160) Compaction Phase
[15.022s][info][gc,phases      ] GC(160) Compaction Phase 183.757ms
[15.022s][info][gc,phases,start] GC(160) Post Compact
[15.026s][info][gc,phases      ] GC(160) Post Compact 4.097ms
[15.027s][info][gc,heap        ] GC(160) PSYoungGen: 17024K(167936K)->0K(171008K) Eden: 0K(9216K)->0K(10752K) From: 17024K(158720K)->0K(160256K)
[15.027s][info][gc,heap        ] GC(160) ParOldGen: 2159793K(2211328K)->2174408K(2409984K)
[15.027s][info][gc,metaspace   ] GC(160) Metaspace: 6302K(6464K)->6302K(6464K) NonClass: 5769K(5824K)->5769K(5824K) Class: 533K(640K)->533K(640K)
[15.027s][info][gc             ] GC(160) Pause Full (Ergonomics) 2125M->2123M(2520M) 693.789ms
[15.027s][info][gc,cpu         ] GC(160) User=5.25s Sys=0.00s Real=0.69s
[15.042s][info][gc,start       ] GC(161) Pause Young (Allocation Failure)
[15.065s][info][gc,heap        ] GC(161) PSYoungGen: 10752K(171008K)->10848K(171008K) Eden: 10752K(10752K)->0K(10752K) From: 0K(160256K)->10848K(160256K)
[15.065s][info][gc,heap        ] GC(161) ParOldGen: 2174408K(2409984K)->2174408K(2409984K)
[15.065s][info][gc,metaspace   ] GC(161) Metaspace: 6302K(6464K)->6302K(6464K) NonClass: 5769K(5824K)->5769K(5824K) Class: 533K(640K)->533K(640K)
[15.065s][info][gc             ] GC(161) Pause Young (Allocation Failure) 2133M->2134M(2520M) 23.196ms
[15.065s][info][gc,cpu         ] GC(161) User=0.03s Sys=0.00s Real=0.02s
[15.079s][info][gc,start       ] GC(162) Pause Young (Allocation Failure)
[15.103s][info][gc,heap        ] GC(162) PSYoungGen: 21600K(171008K)->10848K(171008K) Eden: 10752K(10752K)->0K(12288K) From: 10848K(160256K)->10848K(158720K)
[15.103s][info][gc,heap        ] GC(162) ParOldGen: 2174408K(2409984K)->2185312K(2409984K)
[15.103s][info][gc,metaspace   ] GC(162) Metaspace: 6302K(6464K)->6302K(6464K) NonClass: 5769K(5824K)->5769K(5824K) Class: 533K(640K)->533K(640K)
[15.103s][info][gc             ] GC(162) Pause Young (Allocation Failure) 2144M->2144M(2520M) 24.194ms
[15.103s][info][gc,cpu         ] GC(162) User=0.02s Sys=0.00s Real=0.02s
[15.118s][info][gc,start       ] GC(163) Pause Young (Allocation Failure)
[15.141s][info][gc,heap        ] GC(163) PSYoungGen: 23136K(171008K)->12416K(25088K) Eden: 12288K(12288K)->0K(12288K) From: 10848K(158720K)->12416K(12800K)
[15.141s][info][gc,heap        ] GC(163) ParOldGen: 2185312K(2409984K)->2196208K(2409984K)
[15.141s][info][gc,metaspace   ] GC(163) Metaspace: 6302K(6464K)->6302K(6464K) NonClass: 5769K(5824K)->5769K(5824K) Class: 533K(640K)->533K(640K)
[15.141s][info][gc             ] GC(163) Pause Young (Allocation Failure) 2156M->2156M(2378M) 23.420ms
[15.141s][info][gc,cpu         ] GC(163) User=0.03s Sys=0.00s Real=0.02s
[15.156s][info][gc,start       ] GC(164) Pause Young (Allocation Failure)
[15.182s][info][gc,heap        ] GC(164) PSYoungGen: 24704K(25088K)->12384K(163840K) Eden: 12288K(12288K)->0K(13824K) From: 12416K(12800K)->12384K(150016K)
[15.182s][info][gc,heap        ] GC(164) ParOldGen: 2196208K(2409984K)->2208664K(2409984K)
[15.182s][info][gc,metaspace   ] GC(164) Metaspace: 6302K(6464K)->6302K(6464K) NonClass: 5769K(5824K)->5769K(5824K) Class: 533K(640K)->533K(640K)
[15.182s][info][gc             ] GC(164) Pause Young (Allocation Failure) 2168M->2168M(2513M) 25.671ms
[15.182s][info][gc,cpu         ] GC(164) User=0.02s Sys=0.00s Real=0.03s
[15.200s][info][gc,start       ] GC(165) Pause Young (Allocation Failure)
[15.226s][info][gc,heap        ] GC(165) PSYoungGen: 26208K(163840K)->13952K(28160K) Eden: 13824K(13824K)->0K(13824K) From: 12384K(150016K)->13952K(14336K)
[15.226s][info][gc,heap        ] GC(165) ParOldGen: 2208664K(2409984K)->2221128K(2409984K)
[15.226s][info][gc,metaspace   ] GC(165) Metaspace: 6302K(6464K)->6302K(6464K) NonClass: 5769K(5824K)->5769K(5824K) Class: 533K(640K)->533K(640K)
[15.226s][info][gc             ] GC(165) Pause Young (Allocation Failure) 2182M->2182M(2381M) 26.176ms
[15.226s][info][gc,cpu         ] GC(165) User=0.05s Sys=0.00s Real=0.03s
[15.245s][info][gc,start       ] GC(166) Pause Young (Allocation Failure)
[15.270s][info][gc,heap        ] GC(166) PSYoungGen: 27776K(28160K)->13920K(155648K) Eden: 13824K(13824K)->0K(15872K) From: 13952K(14336K)->13920K(139776K)
[15.270s][info][gc,heap        ] GC(166) ParOldGen: 2221128K(2409984K)->2235144K(2409984K)
[15.270s][info][gc,metaspace   ] GC(166) Metaspace: 6302K(6464K)->6302K(6464K) NonClass: 5769K(5824K)->5769K(5824K) Class: 533K(640K)->533K(640K)
[15.270s][info][gc             ] GC(166) Pause Young (Allocation Failure) 2196M->2196M(2505M) 25.363ms
[15.270s][info][gc,cpu         ] GC(166) User=0.03s Sys=0.00s Real=0.03s
[15.290s][info][gc,start       ] GC(167) Pause Young (Allocation Failure)
[15.318s][info][gc,heap        ] GC(167) PSYoungGen: 29792K(155648K)->16032K(32256K) Eden: 15872K(15872K)->0K(15872K) From: 13920K(139776K)->16032K(16384K)
[15.318s][info][gc,heap        ] GC(167) ParOldGen: 2235144K(2409984K)->2249168K(2409984K)
[15.318s][info][gc,metaspace   ] GC(167) Metaspace: 6302K(6464K)->6302K(6464K) NonClass: 5769K(5824K)->5769K(5824K) Class: 533K(640K)->533K(640K)
[15.318s][info][gc             ] GC(167) Pause Young (Allocation Failure) 2211M->2212M(2385M) 27.947ms
[15.318s][info][gc,cpu         ] GC(167) User=0.05s Sys=0.00s Real=0.03s
[15.335s][info][gc,start       ] GC(168) Pause Young (Allocation Failure)
[15.362s][info][gc,heap        ] GC(168) PSYoungGen: 31904K(32256K)->15968K(145408K) Eden: 15872K(15872K)->0K(18432K) From: 16032K(16384K)->15968K(126976K)
[15.362s][info][gc,heap        ] GC(168) ParOldGen: 2249168K(2409984K)->2265216K(2409984K)
[15.362s][info][gc,metaspace   ] GC(168) Metaspace: 6302K(6464K)->6302K(6464K) NonClass: 5769K(5824K)->5769K(5824K) Class: 533K(640K)->533K(640K)
[15.362s][info][gc             ] GC(168) Pause Young (Allocation Failure) 2227M->2227M(2495M) 26.311ms
[15.362s][info][gc,cpu         ] GC(168) User=0.05s Sys=0.00s Real=0.03s
[15.382s][info][gc,start       ] GC(169) Pause Young (Allocation Failure)
[15.409s][info][gc,heap        ] GC(169) PSYoungGen: 34400K(145408K)->18592K(37376K) Eden: 18432K(18432K)->0K(18432K) From: 15968K(126976K)->18592K(18944K)
[15.409s][info][gc,heap        ] GC(169) ParOldGen: 2265216K(2409984K)->2281240K(2409984K)
[15.409s][info][gc,metaspace   ] GC(169) Metaspace: 6302K(6464K)->6302K(6464K) NonClass: 5769K(5824K)->5769K(5824K) Class: 533K(640K)->533K(640K)
[15.409s][info][gc             ] GC(169) Pause Young (Allocation Failure) 2245M->2245M(2390M) 26.914ms
[15.409s][info][gc,cpu         ] GC(169) User=0.03s Sys=0.00s Real=0.03s
[15.432s][info][gc,start       ] GC(170) Pause Young (Allocation Failure)
[15.460s][info][gc,heap        ] GC(170) PSYoungGen: 37024K(37376K)->18528K(135168K) Eden: 18432K(18432K)->0K(20992K) From: 18592K(18944K)->18528K(114176K)
[15.460s][info][gc,heap        ] GC(170) ParOldGen: 2281240K(2409984K)->2299848K(2409984K)
[15.460s][info][gc,metaspace   ] GC(170) Metaspace: 6302K(6464K)->6302K(6464K) NonClass: 5769K(5824K)->5769K(5824K) Class: 533K(640K)->533K(640K)
[15.460s][info][gc             ] GC(170) Pause Young (Allocation Failure) 2263M->2264M(2485M) 28.614ms
[15.460s][info][gc,cpu         ] GC(170) User=0.05s Sys=0.00s Real=0.03s
[15.483s][info][gc,start       ] GC(171) Pause Young (Allocation Failure)
[15.516s][info][gc,heap        ] GC(171) PSYoungGen: 39520K(135168K)->21120K(42496K) Eden: 20992K(20992K)->0K(20992K) From: 18528K(114176K)->21120K(21504K)
[15.516s][info][gc,heap        ] GC(171) ParOldGen: 2299848K(2409984K)->2318448K(2409984K)
[15.516s][info][gc,metaspace   ] GC(171) Metaspace: 6302K(6464K)->6302K(6464K) NonClass: 5769K(5824K)->5769K(5824K) Class: 533K(640K)->533K(640K)
[15.516s][info][gc             ] GC(171) Pause Young (Allocation Failure) 2284M->2284M(2395M) 33.530ms
[15.516s][info][gc,cpu         ] GC(171) User=0.06s Sys=0.00s Real=0.03s
[15.539s][info][gc,start       ] GC(172) Pause Young (Allocation Failure)
[15.569s][info][gc,heap        ] GC(172) PSYoungGen: 42112K(42496K)->21152K(125440K) Eden: 20992K(20992K)->0K(24064K) From: 21120K(21504K)->21152K(101376K)
[15.569s][info][gc,heap        ] GC(172) ParOldGen: 2318448K(2409984K)->2339640K(2409984K)
[15.569s][info][gc,metaspace   ] GC(172) Metaspace: 6302K(6464K)->6302K(6464K) NonClass: 5769K(5824K)->5769K(5824K) Class: 533K(640K)->533K(640K)
[15.569s][info][gc             ] GC(172) Pause Young (Allocation Failure) 2305M->2305M(2476M) 29.788ms
[15.569s][info][gc,cpu         ] GC(172) User=0.06s Sys=0.06s Real=0.03s
[15.598s][info][gc,start       ] GC(173) Pause Young (Allocation Failure)
[15.630s][info][gc,heap        ] GC(173) PSYoungGen: 45216K(125440K)->24224K(48640K) Eden: 24064K(24064K)->0K(24064K) From: 21152K(101376K)->24224K(24576K)
[15.630s][info][gc,heap        ] GC(173) ParOldGen: 2339640K(2409984K)->2360832K(2409984K)
[15.630s][info][gc,metaspace   ] GC(173) Metaspace: 6302K(6464K)->6302K(6464K) NonClass: 5769K(5824K)->5769K(5824K) Class: 533K(640K)->533K(640K)
[15.630s][info][gc             ] GC(173) Pause Young (Allocation Failure) 2328M->2329M(2401M) 31.766ms
[15.630s][info][gc,cpu         ] GC(173) User=0.08s Sys=0.06s Real=0.03s
[15.657s][info][gc,start       ] GC(174) Pause Young (Allocation Failure)
[15.690s][info][gc,heap        ] GC(174) PSYoungGen: 48288K(48640K)->24224K(116736K) Eden: 24064K(24064K)->0K(27136K) From: 24224K(24576K)->24224K(89600K)
[15.690s][info][gc,heap        ] GC(174) ParOldGen: 2360832K(2409984K)->2385128K(2409984K)
[15.690s][info][gc,metaspace   ] GC(174) Metaspace: 6302K(6464K)->6302K(6464K) NonClass: 5769K(5824K)->5769K(5824K) Class: 533K(640K)->533K(640K)
[15.690s][info][gc             ] GC(174) Pause Young (Allocation Failure) 2352M->2352M(2467M) 33.034ms
[15.690s][info][gc,cpu         ] GC(174) User=0.12s Sys=0.00s Real=0.03s
[15.690s][info][gc,start       ] GC(175) Pause Full (Ergonomics)
[15.690s][info][gc,phases,start] GC(175) Marking Phase
[16.245s][info][gc,phases      ] GC(175) Marking Phase 554.797ms
[16.245s][info][gc,phases,start] GC(175) Summary Phase
[16.245s][info][gc,phases      ] GC(175) Summary Phase 0.053ms
[16.245s][info][gc,phases,start] GC(175) Adjust Roots
[16.245s][info][gc,phases      ] GC(175) Adjust Roots 0.183ms
[16.245s][info][gc,phases,start] GC(175) Compaction Phase
[16.462s][info][gc,phases      ] GC(175) Compaction Phase 217.092ms
[16.462s][info][gc,phases,start] GC(175) Post Compact
[16.467s][info][gc,phases      ] GC(175) Post Compact 4.380ms
[16.467s][info][gc,heap        ] GC(175) PSYoungGen: 24224K(116736K)->0K(122368K) Eden: 0K(27136K)->0K(27136K) From: 24224K(89600K)->0K(95232K)
[16.467s][info][gc,heap        ] GC(175) ParOldGen: 2385128K(2409984K)->2406421K(2623488K)
[16.467s][info][gc,metaspace   ] GC(175) Metaspace: 6302K(6464K)->6302K(6464K) NonClass: 5769K(5824K)->5769K(5824K) Class: 533K(640K)->533K(640K)
[16.467s][info][gc             ] GC(175) Pause Full (Ergonomics) 2352M->2350M(2681M) 777.571ms
[16.468s][info][gc,cpu         ] GC(175) User=5.83s Sys=0.08s Real=0.78s
[16.506s][info][gc,start       ] GC(176) Pause Young (Allocation Failure)
[16.532s][info][gc,heap        ] GC(176) PSYoungGen: 27136K(122368K)->27296K(112128K) Eden: 27136K(27136K)->0K(29696K) From: 0K(95232K)->27296K(82432K)
[16.532s][info][gc,heap        ] GC(176) ParOldGen: 2406421K(2623488K)->2406421K(2623488K)
[16.532s][info][gc,metaspace   ] GC(176) Metaspace: 6302K(6464K)->6302K(6464K) NonClass: 5769K(5824K)->5769K(5824K) Class: 533K(640K)->533K(640K)
[16.532s][info][gc             ] GC(176) Pause Young (Allocation Failure) 2376M->2376M(2671M) 25.702ms
[16.532s][info][gc,cpu         ] GC(176) User=0.05s Sys=0.00s Real=0.03s
[16.567s][info][gc,start       ] GC(177) Pause Young (Allocation Failure)
[16.601s][info][gc,heap        ] GC(177) PSYoungGen: 56992K(112128K)->57024K(118784K) Eden: 29696K(29696K)->0K(29696K) From: 27296K(82432K)->57024K(89088K)
[16.601s][info][gc,heap        ] GC(177) ParOldGen: 2406421K(2623488K)->2406421K(2623488K)
[16.601s][info][gc,metaspace   ] GC(177) Metaspace: 6302K(6464K)->6302K(6464K) NonClass: 5769K(5824K)->5769K(5824K) Class: 533K(640K)->533K(640K)
[16.601s][info][gc             ] GC(177) Pause Young (Allocation Failure) 2405M->2405M(2678M) 34.209ms
[16.601s][info][gc,cpu         ] GC(177) User=0.16s Sys=0.00s Real=0.03s
[16.638s][info][gc,start       ] GC(178) Pause Young (Allocation Failure)
[16.683s][info][gc,heap        ] GC(178) PSYoungGen: 86720K(118784K)->86720K(111616K) Eden: 29696K(29696K)->0K(18432K) From: 57024K(89088K)->86720K(93184K)
[16.683s][info][gc,heap        ] GC(178) ParOldGen: 2406421K(2623488K)->2406421K(2623488K)
[16.683s][info][gc,metaspace   ] GC(178) Metaspace: 6302K(6464K)->6302K(6464K) NonClass: 5769K(5824K)->5769K(5824K) Class: 533K(640K)->533K(640K)
[16.683s][info][gc             ] GC(178) Pause Young (Allocation Failure) 2434M->2434M(2671M) 45.351ms
[16.683s][info][gc,cpu         ] GC(178) User=0.36s Sys=0.00s Real=0.05s
[16.705s][info][gc,start       ] GC(179) Pause Young (Allocation Failure)
[16.756s][info][gc,heap        ] GC(179) PSYoungGen: 105152K(111616K)->105152K(125952K) Eden: 18432K(18432K)->0K(18432K) From: 86720K(93184K)->105152K(107520K)
[16.757s][info][gc,heap        ] GC(179) ParOldGen: 2406421K(2623488K)->2406421K(2623488K)
[16.757s][info][gc,metaspace   ] GC(179) Metaspace: 6302K(6464K)->6302K(6464K) NonClass: 5769K(5824K)->5769K(5824K) Class: 533K(640K)->533K(640K)
[16.757s][info][gc             ] GC(179) Pause Young (Allocation Failure) 2452M->2452M(2685M) 51.287ms
[16.757s][info][gc,cpu         ] GC(179) User=0.28s Sys=0.00s Real=0.05s
[16.778s][info][gc,start       ] GC(180) Pause Young (Allocation Failure)
[16.840s][info][gc,heap        ] GC(180) PSYoungGen: 123584K(125952K)->96448K(135680K) Eden: 18432K(18432K)->0K(10240K) From: 105152K(107520K)->96448K(125440K)
[16.840s][info][gc,heap        ] GC(180) ParOldGen: 2406421K(2623488K)->2433797K(2623488K)
[16.840s][info][gc,metaspace   ] GC(180) Metaspace: 6302K(6464K)->6302K(6464K) NonClass: 5769K(5824K)->5769K(5824K) Class: 533K(640K)->533K(640K)
[16.840s][info][gc             ] GC(180) Pause Young (Allocation Failure) 2470M->2470M(2694M) 62.043ms
[16.840s][info][gc,cpu         ] GC(180) User=0.39s Sys=0.00s Real=0.06s
[16.852s][info][gc,start       ] GC(181) Pause Young (Allocation Failure)
[16.904s][info][gc,heap        ] GC(181) PSYoungGen: 106688K(135680K)->76960K(146432K) Eden: 10240K(10240K)->0K(10240K) From: 96448K(125440K)->76960K(136192K)
[16.904s][info][gc,heap        ] GC(181) ParOldGen: 2433797K(2623488K)->2463773K(2623488K)
[16.904s][info][gc,metaspace   ] GC(181) Metaspace: 6302K(6464K)->6302K(6464K) NonClass: 5769K(5824K)->5769K(5824K) Class: 533K(640K)->533K(640K)
[16.904s][info][gc             ] GC(181) Pause Young (Allocation Failure) 2480M->2481M(2705M) 52.782ms
[16.904s][info][gc,cpu         ] GC(181) User=0.27s Sys=0.02s Real=0.05s
[16.916s][info][gc,start       ] GC(182) Pause Young (Allocation Failure)
[16.962s][info][gc,heap        ] GC(182) PSYoungGen: 87200K(146432K)->39008K(137216K) Eden: 10240K(10240K)->0K(11776K) From: 76960K(136192K)->39008K(125440K)
[16.962s][info][gc,heap        ] GC(182) ParOldGen: 2463773K(2623488K)->2512301K(2623488K)
[16.962s][info][gc,metaspace   ] GC(182) Metaspace: 6302K(6464K)->6302K(6464K) NonClass: 5769K(5824K)->5769K(5824K) Class: 533K(640K)->533K(640K)
[16.962s][info][gc             ] GC(182) Pause Young (Allocation Failure) 2491M->2491M(2696M) 46.549ms
[16.962s][info][gc,cpu         ] GC(182) User=0.27s Sys=0.00s Real=0.05s
[16.976s][info][gc,start       ] GC(183) Pause Young (Allocation Failure)
[17.009s][info][gc,heap        ] GC(183) PSYoungGen: 50784K(137216K)->22144K(34304K) Eden: 11776K(11776K)->0K(11776K) From: 39008K(125440K)->22144K(22528K)
[17.009s][info][gc,heap        ] GC(183) ParOldGen: 2512301K(2623488K)->2541197K(2623488K)
[17.009s][info][gc,metaspace   ] GC(183) Metaspace: 6302K(6464K)->6302K(6464K) NonClass: 5769K(5824K)->5769K(5824K) Class: 533K(640K)->533K(640K)
[17.009s][info][gc             ] GC(183) Pause Young (Allocation Failure) 2503M->2503M(2595M) 32.713ms
[17.009s][info][gc,cpu         ] GC(183) User=0.14s Sys=0.02s Real=0.03s
[17.022s][info][gc,start       ] GC(184) Pause Young (Allocation Failure)
[17.050s][info][gc,heap        ] GC(184) PSYoungGen: 33920K(34304K)->11904K(139264K) Eden: 11776K(11776K)->0K(13824K) From: 22144K(22528K)->11904K(125440K)
[17.050s][info][gc,heap        ] GC(184) ParOldGen: 2541197K(2623488K)->2563389K(2623488K)
[17.050s][info][gc,metaspace   ] GC(184) Metaspace: 6302K(6464K)->6302K(6464K) NonClass: 5769K(5824K)->5769K(5824K) Class: 533K(640K)->533K(640K)
[17.050s][info][gc             ] GC(184) Pause Young (Allocation Failure) 2514M->2514M(2698M) 27.892ms
[17.050s][info][gc,cpu         ] GC(184) User=0.03s Sys=0.00s Real=0.03s
[17.067s][info][gc,start       ] GC(185) Pause Young (Allocation Failure)
[17.093s][info][gc,heap        ] GC(185) PSYoungGen: 25728K(139264K)->13920K(28160K) Eden: 13824K(13824K)->0K(13824K) From: 11904K(125440K)->13920K(14336K)
[17.094s][info][gc,heap        ] GC(185) ParOldGen: 2563389K(2623488K)->2575269K(2623488K)
[17.094s][info][gc,metaspace   ] GC(185) Metaspace: 6302K(6464K)->6302K(6464K) NonClass: 5769K(5824K)->5769K(5824K) Class: 533K(640K)->533K(640K)
[17.094s][info][gc             ] GC(185) Pause Young (Allocation Failure) 2528M->2528M(2589M) 26.895ms
[17.094s][info][gc,cpu         ] GC(185) User=0.03s Sys=0.00s Real=0.03s
[17.111s][info][gc,start       ] GC(186) Pause Young (Allocation Failure)
[17.135s][info][gc,heap        ] GC(186) PSYoungGen: 27744K(28160K)->13952K(132608K) Eden: 13824K(13824K)->0K(15872K) From: 13920K(14336K)->13952K(116736K)
[17.135s][info][gc,heap        ] GC(186) ParOldGen: 2575269K(2623488K)->2589229K(2623488K)
[17.135s][info][gc,metaspace   ] GC(186) Metaspace: 6302K(6464K)->6302K(6464K) NonClass: 5769K(5824K)->5769K(5824K) Class: 533K(640K)->533K(640K)
[17.135s][info][gc             ] GC(186) Pause Young (Allocation Failure) 2542M->2542M(2691M) 24.649ms
[17.135s][info][gc,cpu         ] GC(186) User=0.05s Sys=0.00s Real=0.02s
[17.135s][info][gc,start       ] GC(187) Pause Full (Ergonomics)
[17.135s][info][gc,phases,start] GC(187) Marking Phase
[17.723s][info][gc,phases      ] GC(187) Marking Phase 588.086ms
[17.723s][info][gc,phases,start] GC(187) Summary Phase
[17.723s][info][gc,phases      ] GC(187) Summary Phase 0.070ms
[17.724s][info][gc,phases,start] GC(187) Adjust Roots
[17.724s][info][gc,phases      ] GC(187) Adjust Roots 0.226ms
[17.724s][info][gc,phases,start] GC(187) Compaction Phase
[17.921s][info][gc,phases      ] GC(187) Compaction Phase 197.137ms
[17.921s][info][gc,phases,start] GC(187) Post Compact
[17.925s][info][gc,phases      ] GC(187) Post Compact 4.221ms
[17.926s][info][gc,heap        ] GC(187) PSYoungGen: 13952K(132608K)->0K(136192K) Eden: 0K(15872K)->0K(15872K) From: 13952K(116736K)->0K(120320K)
[17.926s][info][gc,heap        ] GC(187) ParOldGen: 2589229K(2623488K)->2601139K(2842624K)
[17.926s][info][gc,metaspace   ] GC(187) Metaspace: 6302K(6464K)->6302K(6464K) NonClass: 5769K(5824K)->5769K(5824K) Class: 533K(640K)->533K(640K)
[17.926s][info][gc             ] GC(187) Pause Full (Ergonomics) 2542M->2540M(2909M) 790.852ms
[17.926s][info][gc,cpu         ] GC(187) User=5.98s Sys=0.02s Real=0.79s
[17.947s][info][gc,start       ] GC(188) Pause Young (Allocation Failure)
[17.974s][info][gc,heap        ] GC(188) PSYoungGen: 15872K(136192K)->16032K(129536K) Eden: 15872K(15872K)->0K(17920K) From: 0K(120320K)->16032K(111616K)
[17.974s][info][gc,heap        ] GC(188) ParOldGen: 2601139K(2842624K)->2601139K(2842624K)
[17.974s][info][gc,metaspace   ] GC(188) Metaspace: 6302K(6464K)->6302K(6464K) NonClass: 5769K(5824K)->5769K(5824K) Class: 533K(640K)->533K(640K)
[17.974s][info][gc             ] GC(188) Pause Young (Allocation Failure) 2555M->2555M(2902M) 27.175ms
[17.974s][info][gc,cpu         ] GC(188) User=0.03s Sys=0.00s Real=0.03s
[18.000s][info][gc,start       ] GC(189) Pause Young (Allocation Failure)
[18.027s][info][gc,heap        ] GC(189) PSYoungGen: 33952K(129536K)->33952K(52224K) Eden: 17920K(17920K)->0K(17920K) From: 16032K(111616K)->33952K(34304K)
[18.027s][info][gc,heap        ] GC(189) ParOldGen: 2601139K(2842624K)->2601139K(2842624K)
[18.027s][info][gc,metaspace   ] GC(189) Metaspace: 6302K(6464K)->6302K(6464K) NonClass: 5769K(5824K)->5769K(5824K) Class: 533K(640K)->533K(640K)
[18.027s][info][gc             ] GC(189) Pause Young (Allocation Failure) 2573M->2573M(2827M) 27.052ms
[18.027s][info][gc,cpu         ] GC(189) User=0.03s Sys=0.00s Real=0.03s
[18.048s][info][gc,start       ] GC(190) Pause Young (Allocation Failure)
[18.081s][info][gc,heap        ] GC(190) PSYoungGen: 51872K(52224K)->51872K(125440K) Eden: 17920K(17920K)->0K(19968K) From: 33952K(34304K)->51872K(105472K)
[18.082s][info][gc,heap        ] GC(190) ParOldGen: 2601139K(2842624K)->2601139K(2842624K)
[18.082s][info][gc,metaspace   ] GC(190) Metaspace: 6302K(6464K)->6302K(6464K) NonClass: 5769K(5824K)->5769K(5824K) Class: 533K(640K)->533K(640K)
[18.082s][info][gc             ] GC(190) Pause Young (Allocation Failure) 2590M->2590M(2898M) 33.459ms
[18.082s][info][gc,cpu         ] GC(190) User=0.16s Sys=0.00s Real=0.03s
[18.106s][info][gc,start       ] GC(191) Pause Young (Allocation Failure)
[18.146s][info][gc,heap        ] GC(191) PSYoungGen: 71840K(125440K)->55936K(126976K) Eden: 19968K(19968K)->0K(19968K) From: 51872K(105472K)->55936K(107008K)
[18.146s][info][gc,heap        ] GC(191) ParOldGen: 2601139K(2842624K)->2617155K(2842624K)
[18.146s][info][gc,metaspace   ] GC(191) Metaspace: 6302K(6464K)->6302K(6464K) NonClass: 5769K(5824K)->5769K(5824K) Class: 533K(640K)->533K(640K)
[18.146s][info][gc             ] GC(191) Pause Young (Allocation Failure) 2610M->2610M(2900M) 40.130ms
[18.146s][info][gc,cpu         ] GC(191) User=0.16s Sys=0.02s Real=0.04s
[18.170s][info][gc,start       ] GC(192) Pause Young (Allocation Failure)
[18.213s][info][gc,heap        ] GC(192) PSYoungGen: 75904K(126976K)->58016K(129536K) Eden: 19968K(19968K)->0K(22528K) From: 55936K(107008K)->58016K(107008K)
[18.213s][info][gc,heap        ] GC(192) ParOldGen: 2617155K(2842624K)->2635227K(2842624K)
[18.213s][info][gc,metaspace   ] GC(192) Metaspace: 6302K(6464K)->6302K(6464K) NonClass: 5769K(5824K)->5769K(5824K) Class: 533K(640K)->533K(640K)
[18.213s][info][gc             ] GC(192) Pause Young (Allocation Failure) 2629M->2630M(2902M) 42.630ms
[18.213s][info][gc,cpu         ] GC(192) User=0.20s Sys=0.05s Real=0.04s
[18.240s][info][gc,start       ] GC(193) Pause Young (Allocation Failure)
[18.285s][info][gc,heap        ] GC(193) PSYoungGen: 80544K(129536K)->62624K(129536K) Eden: 22528K(22528K)->0K(22528K) From: 58016K(107008K)->62624K(107008K)
[18.285s][info][gc,heap        ] GC(193) ParOldGen: 2635227K(2842624K)->2653307K(2842624K)
[18.285s][info][gc,metaspace   ] GC(193) Metaspace: 6302K(6464K)->6302K(6464K) NonClass: 5769K(5824K)->5769K(5824K) Class: 533K(640K)->533K(640K)
[18.285s][info][gc             ] GC(193) Pause Young (Allocation Failure) 2652M->2652M(2902M) 44.302ms
[18.285s][info][gc,cpu         ] GC(193) User=0.27s Sys=0.00s Real=0.04s
[18.309s][info][gc,start       ] GC(194) Pause Young (Allocation Failure)
[18.356s][info][gc,heap        ] GC(194) PSYoungGen: 85152K(129536K)->65184K(132608K) Eden: 22528K(22528K)->0K(24064K) From: 62624K(107008K)->65184K(108544K)
[18.356s][info][gc,heap        ] GC(194) ParOldGen: 2653307K(2842624K)->2673443K(2842624K)
[18.356s][info][gc,metaspace   ] GC(194) Metaspace: 6302K(6464K)->6302K(6464K) NonClass: 5769K(5824K)->5769K(5824K) Class: 533K(640K)->533K(640K)
[18.356s][info][gc             ] GC(194) Pause Young (Allocation Failure) 2674M->2674M(2905M) 47.039ms
[18.356s][info][gc,cpu         ] GC(194) User=0.27s Sys=0.00s Real=0.05s
[18.383s][info][gc,start       ] GC(195) Pause Young (Allocation Failure)
[18.431s][info][gc,heap        ] GC(195) PSYoungGen: 89248K(132608K)->69344K(134144K) Eden: 24064K(24064K)->0K(24064K) From: 65184K(108544K)->69344K(110080K)
[18.431s][info][gc,heap        ] GC(195) ParOldGen: 2673443K(2842624K)->2693595K(2842624K)
[18.431s][info][gc,metaspace   ] GC(195) Metaspace: 6302K(6464K)->6302K(6464K) NonClass: 5769K(5824K)->5769K(5824K) Class: 533K(640K)->533K(640K)
[18.431s][info][gc             ] GC(195) Pause Young (Allocation Failure) 2697M->2698M(2907M) 48.051ms
[18.431s][info][gc,cpu         ] GC(195) User=0.27s Sys=0.00s Real=0.05s
[18.458s][info][gc,start       ] GC(196) Pause Young (Allocation Failure)
[18.510s][info][gc,heap        ] GC(196) PSYoungGen: 93408K(134144K)->48288K(127488K) Eden: 24064K(24064K)->0K(27648K) From: 69344K(110080K)->48288K(99840K)
[18.511s][info][gc,heap        ] GC(196) ParOldGen: 2693595K(2842624K)->2739003K(2842624K)
[18.511s][info][gc,metaspace   ] GC(196) Metaspace: 6302K(6464K)->6302K(6464K) NonClass: 5769K(5824K)->5769K(5824K) Class: 533K(640K)->533K(640K)
[18.511s][info][gc             ] GC(196) Pause Young (Allocation Failure) 2721M->2721M(2900M) 52.424ms
[18.511s][info][gc,cpu         ] GC(196) User=0.23s Sys=0.02s Real=0.05s
[18.542s][info][gc,start       ] GC(197) Pause Young (Allocation Failure)
[18.587s][info][gc,heap        ] GC(197) PSYoungGen: 75936K(127488K)->27776K(133632K) Eden: 27648K(27648K)->0K(27648K) From: 48288K(99840K)->27776K(105984K)
[18.587s][info][gc,heap        ] GC(197) ParOldGen: 2739003K(2842624K)->2787539K(2842624K)
[18.587s][info][gc,metaspace   ] GC(197) Metaspace: 6302K(6464K)->6302K(6464K) NonClass: 5769K(5824K)->5769K(5824K) Class: 533K(640K)->533K(640K)
[18.587s][info][gc             ] GC(197) Pause Young (Allocation Failure) 2748M->2749M(2906M) 44.677ms
[18.587s][info][gc,cpu         ] GC(197) User=0.23s Sys=0.03s Real=0.04s
[19.229s][info][gc,start       ] GC(198) Pause Young (Allocation Failure)
[19.333s][info][gc,heap        ] GC(198) PSYoungGen: 55424K(133632K)->27840K(128512K) Eden: 27648K(27648K)->0K(30720K) From: 27776K(105984K)->27840K(97792K)
[19.334s][info][gc,heap        ] GC(198) ParOldGen: 2918611K(2974208K)->2946523K(2974208K)
[19.334s][info][gc,metaspace   ] GC(198) Metaspace: 6302K(6464K)->6302K(6464K) NonClass: 5769K(5824K)->5769K(5824K) Class: 533K(640K)->533K(640K)
[19.334s][info][gc             ] GC(198) Pause Young (Allocation Failure) 2904M->2904M(3030M) 104.298ms
[19.334s][info][gc,cpu         ] GC(198) User=0.58s Sys=0.00s Real=0.11s
[19.334s][info][gc,start       ] GC(199) Pause Full (Ergonomics)
[19.334s][info][gc,phases,start] GC(199) Marking Phase
[19.988s][info][gc,phases      ] GC(199) Marking Phase 654.016ms
[19.988s][info][gc,phases,start] GC(199) Summary Phase
[19.988s][info][gc,phases      ] GC(199) Summary Phase 0.057ms
[19.988s][info][gc,phases,start] GC(199) Adjust Roots
[19.988s][info][gc,phases      ] GC(199) Adjust Roots 0.159ms
[19.988s][info][gc,phases,start] GC(199) Compaction Phase
[20.442s][info][gc,phases      ] GC(199) Compaction Phase 453.551ms
[20.442s][info][gc,phases,start] GC(199) Post Compact
[20.447s][info][gc,phases      ] GC(199) Post Compact 5.762ms
[20.448s][info][gc,heap        ] GC(199) PSYoungGen: 27840K(128512K)->0K(131584K) Eden: 0K(30720K)->0K(30720K) From: 27840K(97792K)->0K(100864K)
[20.448s][info][gc,heap        ] GC(199) ParOldGen: 2946523K(2974208K)->2906439K(3175936K)
[20.448s][info][gc,metaspace   ] GC(199) Metaspace: 6302K(6464K)->6302K(6464K) NonClass: 5769K(5824K)->5769K(5824K) Class: 533K(640K)->533K(640K)
[20.448s][info][gc             ] GC(199) Pause Full (Ergonomics) 2904M->2838M(3230M) 1114.564ms
[20.448s][info][gc,cpu         ] GC(199) User=7.64s Sys=0.00s Real=1.11s
[20.485s][info][gc,start       ] GC(200) Pause Young (Allocation Failure)
[20.528s][info][gc,heap        ] GC(200) PSYoungGen: 30720K(131584K)->30880K(128512K) Eden: 30720K(30720K)->0K(33792K) From: 0K(100864K)->30880K(94720K)
[20.528s][info][gc,heap        ] GC(200) ParOldGen: 2906439K(3175936K)->2906439K(3175936K)
[20.528s][info][gc,metaspace   ] GC(200) Metaspace: 6302K(6464K)->6302K(6464K) NonClass: 5769K(5824K)->5769K(5824K) Class: 533K(640K)->533K(640K)
[20.528s][info][gc             ] GC(200) Pause Young (Allocation Failure) 2868M->2868M(3227M) 43.132ms
[20.528s][info][gc,cpu         ] GC(200) User=0.05s Sys=0.00s Real=0.04s
[20.564s][info][gc,start       ] GC(201) Pause Young (Allocation Failure)
[20.612s][info][gc,heap        ] GC(201) PSYoungGen: 64672K(128512K)->64704K(131584K) Eden: 33792K(33792K)->0K(33792K) From: 30880K(94720K)->64704K(97792K)
[20.613s][info][gc,heap        ] GC(201) ParOldGen: 2906439K(3175936K)->2906439K(3175936K)
[20.613s][info][gc,metaspace   ] GC(201) Metaspace: 6302K(6464K)->6302K(6464K) NonClass: 5769K(5824K)->5769K(5824K) Class: 533K(640K)->533K(640K)
[20.613s][info][gc             ] GC(201) Pause Young (Allocation Failure) 2901M->2901M(3230M) 48.479ms
[20.613s][info][gc,cpu         ] GC(201) User=0.19s Sys=0.00s Real=0.05s
[20.649s][info][gc,start       ] GC(202) Pause Young (Allocation Failure)
[20.710s][info][gc,heap        ] GC(202) PSYoungGen: 98496K(131584K)->98528K(123392K) Eden: 33792K(33792K)->0K(23040K) From: 64704K(97792K)->98528K(100352K)
[20.710s][info][gc,heap        ] GC(202) ParOldGen: 2906439K(3175936K)->2906439K(3175936K)
[20.710s][info][gc,metaspace   ] GC(202) Metaspace: 6302K(6464K)->6302K(6464K) NonClass: 5769K(5824K)->5769K(5824K) Class: 533K(640K)->533K(640K)
[20.710s][info][gc             ] GC(202) Pause Young (Allocation Failure) 2934M->2934M(3222M) 61.489ms
[20.710s][info][gc,cpu         ] GC(202) User=0.17s Sys=0.00s Real=0.06s
[20.732s][info][gc,start       ] GC(203) Pause Young (Allocation Failure)
[20.800s][info][gc,heap        ] GC(203) PSYoungGen: 121568K(123392K)->114688K(137728K) Eden: 23040K(23040K)->0K(23040K) From: 98528K(100352K)->114688K(114688K)
[20.800s][info][gc,heap        ] GC(203) ParOldGen: 2906439K(3175936K)->2913319K(3175936K)
[20.800s][info][gc,metaspace   ] GC(203) Metaspace: 6302K(6464K)->6302K(6464K) NonClass: 5769K(5824K)->5769K(5824K) Class: 533K(640K)->533K(640K)
[20.800s][info][gc             ] GC(203) Pause Young (Allocation Failure) 2957M->2957M(3236M) 67.927ms
[20.800s][info][gc,cpu         ] GC(203) User=0.19s Sys=0.00s Real=0.07s
[20.824s][info][gc,start       ] GC(204) Pause Young (Allocation Failure)
[20.895s][info][gc,heap        ] GC(204) PSYoungGen: 137728K(137728K)->74720K(158208K) Eden: 23040K(23040K)->0K(26112K) From: 114688K(114688K)->74720K(132096K)
[20.895s][info][gc,heap        ] GC(204) ParOldGen: 2913319K(3175936K)->2976911K(3175936K)
[20.895s][info][gc,metaspace   ] GC(204) Metaspace: 6302K(6464K)->6302K(6464K) NonClass: 5769K(5824K)->5769K(5824K) Class: 533K(640K)->533K(640K)
[20.895s][info][gc             ] GC(204) Pause Young (Allocation Failure) 2979M->2980M(3256M) 71.530ms
[20.895s][info][gc,cpu         ] GC(204) User=0.17s Sys=0.00s Real=0.07s
[20.920s][info][gc,start       ] GC(205) Pause Young (Allocation Failure)
[20.983s][info][gc,heap        ] GC(205) PSYoungGen: 100832K(158208K)->49376K(75776K) Eden: 26112K(26112K)->0K(26112K) From: 74720K(132096K)->49376K(49664K)
[20.983s][info][gc,heap        ] GC(205) ParOldGen: 2976911K(3175936K)->3028839K(3175936K)
[20.983s][info][gc,metaspace   ] GC(205) Metaspace: 6302K(6464K)->6302K(6464K) NonClass: 5769K(5824K)->5769K(5824K) Class: 533K(640K)->533K(640K)
[20.983s][info][gc             ] GC(205) Pause Young (Allocation Failure) 3005M->3006M(3175M) 63.421ms
[20.983s][info][gc,cpu         ] GC(205) User=0.27s Sys=0.03s Real=0.06s
[21.009s][info][gc,start       ] GC(206) Pause Young (Allocation Failure)
[21.066s][info][gc,heap        ] GC(206) PSYoungGen: 75488K(75776K)->26304K(155136K) Eden: 26112K(26112K)->0K(30208K) From: 49376K(49664K)->26304K(124928K)
[21.066s][info][gc,heap        ] GC(206) ParOldGen: 3028839K(3175936K)->3078407K(3175936K)
[21.066s][info][gc,metaspace   ] GC(206) Metaspace: 6302K(6464K)->6302K(6464K) NonClass: 5769K(5824K)->5769K(5824K) Class: 533K(640K)->533K(640K)
[21.066s][info][gc             ] GC(206) Pause Young (Allocation Failure) 3031M->3031M(3253M) 56.490ms
[21.066s][info][gc,cpu         ] GC(206) User=0.12s Sys=0.06s Real=0.06s
[21.093s][info][gc,start       ] GC(207) Pause Young (Allocation Failure)
[21.139s][info][gc,heap        ] GC(207) PSYoungGen: 56512K(155136K)->30368K(156160K) Eden: 30208K(30208K)->0K(30208K) From: 26304K(124928K)->30368K(125952K)
[21.139s][info][gc,heap        ] GC(207) ParOldGen: 3078407K(3175936K)->3104751K(3175936K)
[21.139s][info][gc,metaspace   ] GC(207) Metaspace: 6302K(6464K)->6302K(6464K) NonClass: 5769K(5824K)->5769K(5824K) Class: 533K(640K)->533K(640K)
[21.139s][info][gc             ] GC(207) Pause Young (Allocation Failure) 3061M->3061M(3254M) 45.263ms
[21.139s][info][gc,cpu         ] GC(207) User=0.05s Sys=0.02s Real=0.05s
[21.171s][info][gc,start       ] GC(208) Pause Young (Allocation Failure)
[21.218s][info][gc,heap        ] GC(208) PSYoungGen: 60576K(156160K)->30368K(151040K) Eden: 30208K(30208K)->0K(34304K) From: 30368K(125952K)->30368K(116736K)
[21.218s][info][gc,heap        ] GC(208) ParOldGen: 3104751K(3175936K)->3135239K(3175936K)
[21.218s][info][gc,metaspace   ] GC(208) Metaspace: 6302K(6464K)->6302K(6464K) NonClass: 5769K(5824K)->5769K(5824K) Class: 533K(640K)->533K(640K)
[21.218s][info][gc             ] GC(208) Pause Young (Allocation Failure) 3091M->3091M(3249M) 47.861ms
[21.218s][info][gc,cpu         ] GC(208) User=0.06s Sys=0.00s Real=0.05s
[21.218s][info][gc,start       ] GC(209) Pause Full (Ergonomics)
[21.218s][info][gc,phases,start] GC(209) Marking Phase
[21.914s][info][gc,phases      ] GC(209) Marking Phase 695.459ms
[21.914s][info][gc,phases,start] GC(209) Summary Phase
[21.914s][info][gc,phases      ] GC(209) Summary Phase 0.077ms
[21.914s][info][gc,phases,start] GC(209) Adjust Roots
[21.914s][info][gc,phases      ] GC(209) Adjust Roots 0.219ms
[21.914s][info][gc,phases,start] GC(209) Compaction Phase
[22.211s][info][gc,phases      ] GC(209) Compaction Phase 296.279ms
[22.211s][info][gc,phases,start] GC(209) Post Compact
[22.217s][info][gc,phases      ] GC(209) Post Compact 6.384ms
[22.218s][info][gc,heap        ] GC(209) PSYoungGen: 30368K(151040K)->0K(154112K) Eden: 0K(34304K)->0K(34304K) From: 30368K(116736K)->0K(119808K)
[22.218s][info][gc,heap        ] GC(209) ParOldGen: 3135239K(3175936K)->3163171K(3469312K)
[22.218s][info][gc,metaspace   ] GC(209) Metaspace: 6302K(6464K)->6302K(6464K) NonClass: 5769K(5824K)->5769K(5824K) Class: 533K(640K)->533K(640K)
[22.218s][info][gc             ] GC(209) Pause Full (Ergonomics) 3091M->3089M(3538M) 999.730ms
[22.218s][info][gc,cpu         ] GC(209) User=7.28s Sys=0.00s Real=1.00s
[22.257s][info][gc,start       ] GC(210) Pause Young (Allocation Failure)
[22.300s][info][gc,heap        ] GC(210) PSYoungGen: 34304K(154112K)->34464K(148480K) Eden: 34304K(34304K)->0K(37888K) From: 0K(119808K)->34464K(110592K)
[22.301s][info][gc,heap        ] GC(210) ParOldGen: 3163171K(3469312K)->3163171K(3469312K)
[22.301s][info][gc,metaspace   ] GC(210) Metaspace: 6302K(6464K)->6302K(6464K) NonClass: 5769K(5824K)->5769K(5824K) Class: 533K(640K)->533K(640K)
[22.301s][info][gc             ] GC(210) Pause Young (Allocation Failure) 3122M->3122M(3533M) 43.819ms
[22.301s][info][gc,cpu         ] GC(210) User=0.08s Sys=0.00s Real=0.04s
[22.340s][info][gc,start       ] GC(211) Pause Young (Allocation Failure)
[22.392s][info][gc,heap        ] GC(211) PSYoungGen: 72352K(148480K)->72416K(153600K) Eden: 37888K(37888K)->0K(37888K) From: 34464K(110592K)->72416K(115712K)
[22.392s][info][gc,heap        ] GC(211) ParOldGen: 3163171K(3469312K)->3163171K(3469312K)
[22.392s][info][gc,metaspace   ] GC(211) Metaspace: 6302K(6464K)->6302K(6464K) NonClass: 5769K(5824K)->5769K(5824K) Class: 533K(640K)->533K(640K)
[22.392s][info][gc             ] GC(211) Pause Young (Allocation Failure) 3159M->3159M(3538M) 52.056ms
[22.392s][info][gc,cpu         ] GC(211) User=0.17s Sys=0.00s Real=0.05s
[22.430s][info][gc,start       ] GC(212) Pause Young (Allocation Failure)
[22.495s][info][gc,heap        ] GC(212) PSYoungGen: 110304K(153600K)->75968K(157184K) Eden: 37888K(37888K)->0K(39424K) From: 72416K(115712K)->75968K(117760K)
[22.495s][info][gc,heap        ] GC(212) ParOldGen: 3163171K(3469312K)->3197779K(3469312K)
[22.495s][info][gc,metaspace   ] GC(212) Metaspace: 6302K(6464K)->6302K(6464K) NonClass: 5769K(5824K)->5769K(5824K) Class: 533K(640K)->533K(640K)
[22.495s][info][gc             ] GC(212) Pause Young (Allocation Failure) 3196M->3197M(3541M) 65.514ms
[22.495s][info][gc,cpu         ] GC(212) User=0.17s Sys=0.00s Real=0.07s
[22.536s][info][gc,start       ] GC(213) Pause Young (Allocation Failure)
[22.602s][info][gc,heap        ] GC(213) PSYoungGen: 115392K(157184K)->77536K(159744K) Eden: 39424K(39424K)->0K(39424K) From: 75968K(117760K)->77536K(120320K)
[22.602s][info][gc,heap        ] GC(213) ParOldGen: 3197779K(3469312K)->3236011K(3469312K)
[22.602s][info][gc,metaspace   ] GC(213) Metaspace: 6302K(6464K)->6302K(6464K) NonClass: 5769K(5824K)->5769K(5824K) Class: 533K(640K)->533K(640K)
[22.602s][info][gc             ] GC(213) Pause Young (Allocation Failure) 3235M->3235M(3544M) 66.097ms
[22.602s][info][gc,cpu         ] GC(213) User=0.27s Sys=0.02s Real=0.07s
[22.645s][info][gc,start       ] GC(214) Pause Young (Allocation Failure)
[22.709s][info][gc,heap        ] GC(214) PSYoungGen: 116960K(159744K)->79104K(164352K) Eden: 39424K(39424K)->0K(41984K) From: 77536K(120320K)->79104K(122368K)
[22.709s][info][gc,heap        ] GC(214) ParOldGen: 3236011K(3469312K)->3274243K(3469312K)
[22.709s][info][gc,metaspace   ] GC(214) Metaspace: 6302K(6464K)->6302K(6464K) NonClass: 5769K(5824K)->5769K(5824K) Class: 533K(640K)->533K(640K)
[22.709s][info][gc             ] GC(214) Pause Young (Allocation Failure) 3274M->3274M(3548M) 64.044ms
[22.709s][info][gc,cpu         ] GC(214) User=0.27s Sys=0.03s Real=0.06s
[22.755s][info][gc,start       ] GC(215) Pause Young (Allocation Failure)
[22.823s][info][gc,heap        ] GC(215) PSYoungGen: 121088K(164352K)->81664K(166400K) Eden: 41984K(41984K)->0K(41984K) From: 79104K(122368K)->81664K(124416K)
[22.823s][info][gc,heap        ] GC(215) ParOldGen: 3274243K(3469312K)->3314019K(3469312K)
[22.823s][info][gc,metaspace   ] GC(215) Metaspace: 6302K(6464K)->6302K(6464K) NonClass: 5769K(5824K)->5769K(5824K) Class: 533K(640K)->533K(640K)
[22.823s][info][gc             ] GC(215) Pause Young (Allocation Failure) 3315M->3316M(3550M) 68.413ms
[22.823s][info][gc,cpu         ] GC(215) User=0.30s Sys=0.00s Real=0.07s
[22.869s][info][gc,start       ] GC(216) Pause Young (Allocation Failure)
[22.937s][info][gc,heap        ] GC(216) PSYoungGen: 123648K(166400K)->84224K(171520K) Eden: 41984K(41984K)->0K(45056K) From: 81664K(124416K)->84224K(126464K)
[22.937s][info][gc,heap        ] GC(216) ParOldGen: 3314019K(3469312K)->3353795K(3469312K)
[22.937s][info][gc,metaspace   ] GC(216) Metaspace: 6302K(6464K)->6302K(6464K) NonClass: 5769K(5824K)->5769K(5824K) Class: 533K(640K)->533K(640K)
[22.937s][info][gc             ] GC(216) Pause Young (Allocation Failure) 3357M->3357M(3555M) 68.276ms
[22.937s][info][gc,cpu         ] GC(216) User=0.30s Sys=0.00s Real=0.07s
[22.982s][info][gc,start       ] GC(217) Pause Young (Allocation Failure)
[23.054s][info][gc,heap        ] GC(217) PSYoungGen: 129280K(171520K)->87296K(173568K) Eden: 45056K(45056K)->0K(45056K) From: 84224K(126464K)->87296K(128512K)
[23.054s][info][gc,heap        ] GC(217) ParOldGen: 3353795K(3469312K)->3396163K(3469312K)
[23.054s][info][gc,metaspace   ] GC(217) Metaspace: 6302K(6464K)->6302K(6464K) NonClass: 5769K(5824K)->5769K(5824K) Class: 533K(640K)->533K(640K)
[23.054s][info][gc             ] GC(217) Pause Young (Allocation Failure) 3401M->3401M(3557M) 72.062ms
[23.054s][info][gc,cpu         ] GC(217) User=0.44s Sys=0.00s Real=0.07s
[23.095s][info][gc,start       ] GC(218) Pause Young (Allocation Failure)
[23.166s][info][gc,heap        ] GC(218) PSYoungGen: 132352K(173568K)->45184K(175616K) Eden: 45056K(45056K)->0K(50688K) From: 87296K(128512K)->45184K(124928K)
[23.166s][info][gc,heap        ] GC(218) ParOldGen: 3396163K(3469312K)->3483947K(3484160K)
[23.166s][info][gc,metaspace   ] GC(218) Metaspace: 6302K(6464K)->6302K(6464K) NonClass: 5769K(5824K)->5769K(5824K) Class: 533K(640K)->533K(640K)
[23.166s][info][gc             ] GC(218) Pause Young (Allocation Failure) 3445M->3446M(3574M) 70.845ms
[23.166s][info][gc,cpu         ] GC(218) User=0.28s Sys=0.03s Real=0.07s
[23.166s][info][gc,start       ] GC(219) Pause Full (Ergonomics)
[23.166s][info][gc,phases,start] GC(219) Marking Phase
[23.973s][info][gc,phases      ] GC(219) Marking Phase 807.103ms
[23.973s][info][gc,phases,start] GC(219) Summary Phase
[23.973s][info][gc,phases      ] GC(219) Summary Phase 0.044ms
[23.973s][info][gc,phases,start] GC(219) Adjust Roots
[23.974s][info][gc,phases      ] GC(219) Adjust Roots 0.159ms
[23.974s][info][gc,phases,start] GC(219) Compaction Phase
[24.725s][info][gc,phases      ] GC(219) Compaction Phase 751.869ms
[24.725s][info][gc,phases,start] GC(219) Post Compact
[24.732s][info][gc,phases      ] GC(219) Post Compact 6.444ms
[24.733s][info][gc,heap        ] GC(219) PSYoungGen: 45184K(175616K)->41954K(178688K) Eden: 0K(50688K)->0K(53760K) From: 45184K(124928K)->41954K(124928K)
[24.733s][info][gc,heap        ] GC(219) ParOldGen: 3483947K(3484160K)->3483931K(3837440K)
[24.733s][info][gc,metaspace   ] GC(219) Metaspace: 6302K(6464K)->6302K(6464K) NonClass: 5769K(5824K)->5769K(5824K) Class: 533K(640K)->533K(640K)
[24.733s][info][gc             ] GC(219) Pause Full (Ergonomics) 3446M->3443M(3922M) 1567.118ms
[24.733s][info][gc,cpu         ] GC(219) User=11.16s Sys=0.00s Real=1.57s
[24.794s][info][gc,start       ] GC(220) Pause Young (Allocation Failure)
[24.981s][info][gc,heap        ] GC(220) PSYoungGen: 95714K(178688K)->53920K(181760K) Eden: 53760K(53760K)->0K(53760K) From: 41954K(124928K)->53920K(128000K)
[24.981s][info][gc,heap        ] GC(220) ParOldGen: 3483931K(3837440K)->3526283K(3837440K)
[24.981s][info][gc,metaspace   ] GC(220) Metaspace: 6302K(6464K)->6302K(6464K) NonClass: 5769K(5824K)->5769K(5824K) Class: 533K(640K)->533K(640K)
[24.981s][info][gc             ] GC(220) Pause Young (Allocation Failure) 3495M->3496M(3925M) 187.471ms
[24.981s][info][gc,cpu         ] GC(220) User=1.36s Sys=0.02s Real=0.19s
[25.037s][info][gc,start       ] GC(221) Pause Young (Allocation Failure)
[25.103s][info][gc,heap        ] GC(221) PSYoungGen: 107680K(181760K)->107808K(171520K) Eden: 53760K(53760K)->0K(48128K) From: 53920K(128000K)->107808K(123392K)
[25.103s][info][gc,heap        ] GC(221) ParOldGen: 3526283K(3837440K)->3526283K(3837440K)
[25.103s][info][gc,metaspace   ] GC(221) Metaspace: 6302K(6464K)->6302K(6464K) NonClass: 5769K(5824K)->5769K(5824K) Class: 533K(640K)->533K(640K)
[25.103s][info][gc             ] GC(221) Pause Young (Allocation Failure) 3548M->3548M(3915M) 66.482ms
[25.103s][info][gc,cpu         ] GC(221) User=0.30s Sys=0.00s Real=0.07s
[25.157s][info][gc,start       ] GC(222) Pause Young (Allocation Failure)
[25.238s][info][gc,heap        ] GC(222) PSYoungGen: 155936K(171520K)->134144K(182272K) Eden: 48128K(48128K)->0K(48128K) From: 107808K(123392K)->134144K(134144K)
[25.238s][info][gc,heap        ] GC(222) ParOldGen: 3526283K(3837440K)->3548203K(3837440K)
[25.238s][info][gc,metaspace   ] GC(222) Metaspace: 6302K(6464K)->6302K(6464K) NonClass: 5769K(5824K)->5769K(5824K) Class: 533K(640K)->533K(640K)
[25.238s][info][gc             ] GC(222) Pause Young (Allocation Failure) 3595M->3596M(3925M) 81.118ms
[25.238s][info][gc,cpu         ] GC(222) User=0.42s Sys=0.00s Real=0.08s
[25.286s][info][gc,start       ] GC(223) Pause Young (Allocation Failure)
[25.380s][info][gc,heap        ] GC(223) PSYoungGen: 182272K(182272K)->91584K(209408K) Eden: 48128K(48128K)->0K(53760K) From: 134144K(134144K)->91584K(155648K)
[25.380s][info][gc,heap        ] GC(223) ParOldGen: 3548203K(3837440K)->3639755K(3837440K)
[25.380s][info][gc,metaspace   ] GC(223) Metaspace: 6302K(6464K)->6302K(6464K) NonClass: 5769K(5824K)->5769K(5824K) Class: 533K(640K)->533K(640K)
[25.380s][info][gc             ] GC(223) Pause Young (Allocation Failure) 3643M->3643M(3952M) 94.548ms
[25.380s][info][gc,cpu         ] GC(223) User=0.59s Sys=0.05s Real=0.09s
[25.436s][info][gc,start       ] GC(224) Pause Young (Allocation Failure)
[25.514s][info][gc,heap        ] GC(224) PSYoungGen: 145344K(209408K)->102176K(211456K) Eden: 53760K(53760K)->0K(53760K) From: 91584K(155648K)->102176K(157696K)
[25.514s][info][gc,heap        ] GC(224) ParOldGen: 3639755K(3837440K)->3683347K(3837440K)
[25.514s][info][gc,metaspace   ] GC(224) Metaspace: 6302K(6464K)->6302K(6464K) NonClass: 5769K(5824K)->5769K(5824K) Class: 533K(640K)->533K(640K)
[25.514s][info][gc             ] GC(224) Pause Young (Allocation Failure) 3696M->3696M(3954M) 78.159ms
[25.514s][info][gc,cpu         ] GC(224) User=0.42s Sys=0.00s Real=0.08s
[25.567s][info][gc,start       ] GC(225) Pause Young (Allocation Failure)
[25.648s][info][gc,heap        ] GC(225) PSYoungGen: 155936K(211456K)->107808K(216064K) Eden: 53760K(53760K)->0K(57344K) From: 102176K(157696K)->107808K(158720K)
[25.648s][info][gc,heap        ] GC(225) ParOldGen: 3683347K(3837440K)->3731899K(3837440K)
[25.648s][info][gc,metaspace   ] GC(225) Metaspace: 6302K(6464K)->6302K(6464K) NonClass: 5769K(5824K)->5769K(5824K) Class: 533K(640K)->533K(640K)
[25.648s][info][gc             ] GC(225) Pause Young (Allocation Failure) 3749M->3749M(3958M) 80.376ms
[25.648s][info][gc,cpu         ] GC(225) User=0.50s Sys=0.03s Real=0.08s
[25.712s][info][gc,start       ] GC(226) Pause Young (Allocation Failure)
[25.797s][info][gc,heap        ] GC(226) PSYoungGen: 165152K(216064K)->111424K(218624K) Eden: 57344K(57344K)->0K(57344K) From: 107808K(158720K)->111424K(161280K)
[25.797s][info][gc,heap        ] GC(226) ParOldGen: 3731899K(3837440K)->3786147K(3837440K)
[25.797s][info][gc,metaspace   ] GC(226) Metaspace: 6302K(6464K)->6302K(6464K) NonClass: 5769K(5824K)->5769K(5824K) Class: 533K(640K)->533K(640K)
[25.797s][info][gc             ] GC(226) Pause Young (Allocation Failure) 3805M->3806M(3961M) 85.933ms
[25.797s][info][gc,cpu         ] GC(226) User=0.61s Sys=0.03s Real=0.09s
[25.798s][info][gc,start       ] GC(227) Pause Full (Ergonomics)
[25.798s][info][gc,phases,start] GC(227) Marking Phase
[26.689s][info][gc,phases      ] GC(227) Marking Phase 891.048ms
[26.689s][info][gc,phases,start] GC(227) Summary Phase
[26.689s][info][gc,phases      ] GC(227) Summary Phase 0.052ms
[26.689s][info][gc,phases,start] GC(227) Adjust Roots
[26.689s][info][gc,phases      ] GC(227) Adjust Roots 0.180ms
[26.689s][info][gc,phases,start] GC(227) Compaction Phase
[27.051s][info][gc,phases      ] GC(227) Compaction Phase 362.164ms
[27.051s][info][gc,phases,start] GC(227) Post Compact
[27.058s][info][gc,phases      ] GC(227) Post Compact 7.310ms
[27.060s][info][gc,heap        ] GC(227) PSYoungGen: 111424K(218624K)->56871K(218624K) Eden: 0K(57344K)->0K(57344K) From: 111424K(161280K)->56871K(161280K)
[27.060s][info][gc,heap        ] GC(227) ParOldGen: 3786147K(3837440K)->3837436K(4225024K)
[27.060s][info][gc,metaspace   ] GC(227) Metaspace: 6302K(6464K)->6302K(6464K) NonClass: 5769K(5824K)->5769K(5824K) Class: 533K(640K)->533K(640K)
[27.060s][info][gc             ] GC(227) Pause Full (Ergonomics) 3806M->3803M(4339M) 1262.376ms
[27.060s][info][gc,cpu         ] GC(227) User=9.17s Sys=0.05s Real=1.26s
[27.117s][info][gc,start       ] GC(228) Pause Young (Allocation Failure)
[27.336s][info][gc,heap        ] GC(228) PSYoungGen: 114215K(218624K)->77184K(212992K) Eden: 57344K(57344K)->0K(62976K) From: 56871K(161280K)->77184K(150016K)
[27.336s][info][gc,heap        ] GC(228) ParOldGen: 3837436K(4225024K)->3875084K(4225024K)
[27.336s][info][gc,metaspace   ] GC(228) Metaspace: 6302K(6464K)->6302K(6464K) NonClass: 5769K(5824K)->5769K(5824K) Class: 533K(640K)->533K(640K)
[27.336s][info][gc             ] GC(228) Pause Young (Allocation Failure) 3859M->3859M(4334M) 219.122ms
[27.336s][info][gc,cpu         ] GC(228) User=1.45s Sys=0.03s Real=0.22s
[27.402s][info][gc,start       ] GC(229) Pause Young (Allocation Failure)
[27.477s][info][gc,heap        ] GC(229) PSYoungGen: 140160K(212992K)->140288K(220672K) Eden: 62976K(62976K)->0K(62976K) From: 77184K(150016K)->140288K(157696K)
[27.477s][info][gc,heap        ] GC(229) ParOldGen: 3875084K(4225024K)->3875084K(4225024K)
[27.477s][info][gc,metaspace   ] GC(229) Metaspace: 6302K(6464K)->6302K(6464K) NonClass: 5769K(5824K)->5769K(5824K) Class: 533K(640K)->533K(640K)
[27.477s][info][gc             ] GC(229) Pause Young (Allocation Failure) 3921M->3921M(4341M) 75.413ms
[27.477s][info][gc,cpu         ] GC(229) User=0.52s Sys=0.00s Real=0.08s
[27.545s][info][gc,start       ] GC(230) Pause Young (Allocation Failure)
[27.647s][info][gc,heap        ] GC(230) PSYoungGen: 203264K(220672K)->171008K(206848K) Eden: 62976K(62976K)->0K(35840K) From: 140288K(157696K)->171008K(171008K)
[27.647s][info][gc,heap        ] GC(230) ParOldGen: 3875084K(4225024K)->3907572K(4225024K)
[27.647s][info][gc,metaspace   ] GC(230) Metaspace: 6302K(6464K)->6302K(6464K) NonClass: 5769K(5824K)->5769K(5824K) Class: 533K(640K)->533K(640K)
[27.647s][info][gc             ] GC(230) Pause Young (Allocation Failure) 3982M->3982M(4328M) 102.690ms
[27.647s][info][gc,cpu         ] GC(230) User=0.80s Sys=0.08s Real=0.10s
[27.691s][info][gc,start       ] GC(231) Pause Young (Allocation Failure)
[27.794s][info][gc,heap        ] GC(231) PSYoungGen: 206848K(206848K)->146144K(240640K) Eden: 35840K(35840K)->0K(35840K) From: 171008K(171008K)->146144K(204800K)
[27.794s][info][gc,heap        ] GC(231) ParOldGen: 3907572K(4225024K)->3968892K(4225024K)
[27.794s][info][gc,metaspace   ] GC(231) Metaspace: 6302K(6464K)->6302K(6464K) NonClass: 5769K(5824K)->5769K(5824K) Class: 533K(640K)->533K(640K)
[27.794s][info][gc             ] GC(231) Pause Young (Allocation Failure) 4017M->4018M(4361M) 103.247ms
[27.794s][info][gc,cpu         ] GC(231) User=0.73s Sys=0.02s Real=0.10s
[27.832s][info][gc,start       ] GC(232) Pause Young (Allocation Failure)
[27.925s][info][gc,heap        ] GC(232) PSYoungGen: 181984K(240640K)->119744K(240640K) Eden: 35840K(35840K)->0K(40448K) From: 146144K(204800K)->119744K(200192K)
[27.925s][info][gc,heap        ] GC(232) ParOldGen: 3968892K(4225024K)->4031676K(4225024K)
[27.925s][info][gc,metaspace   ] GC(232) Metaspace: 6302K(6464K)->6302K(6464K) NonClass: 5769K(5824K)->5769K(5824K) Class: 533K(640K)->533K(640K)
[27.925s][info][gc             ] GC(232) Pause Young (Allocation Failure) 4053M->4054M(4361M) 93.269ms
[27.925s][info][gc,cpu         ] GC(232) User=0.62s Sys=0.02s Real=0.09s
[27.968s][info][gc,start       ] GC(233) Pause Young (Allocation Failure)
[28.051s][info][gc,heap        ] GC(233) PSYoungGen: 160192K(240640K)->112384K(153088K) Eden: 40448K(40448K)->0K(40448K) From: 119744K(200192K)->112384K(112640K)
[28.051s][info][gc,heap        ] GC(233) ParOldGen: 4031676K(4225024K)->4079844K(4225024K)
[28.051s][info][gc,metaspace   ] GC(233) Metaspace: 6302K(6464K)->6302K(6464K) NonClass: 5769K(5824K)->5769K(5824K) Class: 533K(640K)->533K(640K)
[28.051s][info][gc             ] GC(233) Pause Young (Allocation Failure) 4093M->4093M(4275M) 83.371ms
[28.051s][info][gc,cpu         ] GC(233) User=0.53s Sys=0.00s Real=0.08s
[28.091s][info][gc,start       ] GC(234) Pause Young (Allocation Failure)
[28.171s][info][gc,heap        ] GC(234) PSYoungGen: 152832K(153088K)->81120K(235008K) Eden: 40448K(40448K)->0K(46080K) From: 112384K(112640K)->81120K(188928K)
[28.171s][info][gc,heap        ] GC(234) ParOldGen: 4079844K(4225024K)->4152132K(4225024K)
[28.171s][info][gc,metaspace   ] GC(234) Metaspace: 6302K(6464K)->6302K(6464K) NonClass: 5769K(5824K)->5769K(5824K) Class: 533K(640K)->533K(640K)
[28.171s][info][gc             ] GC(234) Pause Young (Allocation Failure) 4133M->4134M(4355M) 80.513ms
[28.171s][info][gc,cpu         ] GC(234) User=0.61s Sys=0.02s Real=0.08s
[28.171s][info][gc,start       ] GC(235) Pause Full (Ergonomics)
[28.171s][info][gc,phases,start] GC(235) Marking Phase
[29.124s][info][gc,phases      ] GC(235) Marking Phase 952.991ms
[29.124s][info][gc,phases,start] GC(235) Summary Phase
[29.124s][info][gc,phases      ] GC(235) Summary Phase 0.071ms
[29.124s][info][gc,phases,start] GC(235) Adjust Roots
[29.125s][info][gc,phases      ] GC(235) Adjust Roots 0.222ms
[29.125s][info][gc,phases,start] GC(235) Compaction Phase
[29.516s][info][gc,phases      ] GC(235) Compaction Phase 391.682ms
[29.516s][info][gc,phases,start] GC(235) Post Compact
[29.523s][info][gc,phases      ] GC(235) Post Compact 6.571ms
[29.524s][info][gc,heap        ] GC(235) PSYoungGen: 81120K(235008K)->5224K(239104K) Eden: 0K(46080K)->0K(50176K) From: 81120K(188928K)->5224K(188928K)
[29.524s][info][gc,heap        ] GC(235) ParOldGen: 4152132K(4225024K)->4224731K(4647424K)
[29.524s][info][gc,metaspace   ] GC(235) Metaspace: 6302K(6464K)->6302K(6464K) NonClass: 5769K(5824K)->5769K(5824K) Class: 533K(640K)->533K(640K)
[29.524s][info][gc             ] GC(235) Pause Full (Ergonomics) 4134M->4130M(4772M) 1353.299ms
[29.524s][info][gc,cpu         ] GC(235) User=9.83s Sys=0.06s Real=1.35s
[29.582s][info][gc,start       ] GC(236) Pause Young (Allocation Failure)
[29.790s][info][gc,heap        ] GC(236) PSYoungGen: 55400K(239104K)->50368K(243200K) Eden: 50176K(50176K)->0K(50176K) From: 5224K(188928K)->50368K(193024K)
[29.791s][info][gc,heap        ] GC(236) ParOldGen: 4224731K(4647424K)->4230035K(4647424K)
[29.791s][info][gc,metaspace   ] GC(236) Metaspace: 6302K(6464K)->6302K(6464K) NonClass: 5769K(5824K)->5769K(5824K) Class: 533K(640K)->533K(640K)
[29.791s][info][gc             ] GC(236) Pause Young (Allocation Failure) 4179M->4180M(4776M) 208.646ms
[29.791s][info][gc,cpu         ] GC(236) User=1.41s Sys=0.00s Real=0.21s
[29.854s][info][gc,start       ] GC(237) Pause Young (Allocation Failure)
[29.921s][info][gc,heap        ] GC(237) PSYoungGen: 100544K(243200K)->50368K(248320K) Eden: 50176K(50176K)->0K(55808K) From: 50368K(193024K)->50368K(192512K)
[29.921s][info][gc,heap        ] GC(237) ParOldGen: 4230035K(4647424K)->4280659K(4647424K)
[29.921s][info][gc,metaspace   ] GC(237) Metaspace: 6302K(6464K)->6302K(6464K) NonClass: 5769K(5824K)->5769K(5824K) Class: 533K(640K)->533K(640K)
[29.921s][info][gc             ] GC(237) Pause Young (Allocation Failure) 4229M->4229M(4781M) 67.239ms
[29.921s][info][gc,cpu         ] GC(237) User=0.38s Sys=0.03s Real=0.07s
[29.984s][info][gc,start       ] GC(238) Pause Young (Allocation Failure)
[30.053s][info][gc,heap        ] GC(238) PSYoungGen: 106176K(248320K)->55968K(248832K) Eden: 55808K(55808K)->0K(55808K) From: 50368K(192512K)->55968K(193024K)
[30.053s][info][gc,heap        ] GC(238) ParOldGen: 4280659K(4647424K)->4331275K(4647424K)
[30.053s][info][gc,metaspace   ] GC(238) Metaspace: 6302K(6464K)->6302K(6464K) NonClass: 5769K(5824K)->5769K(5824K) Class: 533K(640K)->533K(640K)
[30.053s][info][gc             ] GC(238) Pause Young (Allocation Failure) 4284M->4284M(4781M) 69.261ms
[30.053s][info][gc,cpu         ] GC(238) User=0.39s Sys=0.02s Real=0.07s
[30.113s][info][gc,start       ] GC(239) Pause Young (Allocation Failure)
[30.184s][info][gc,heap        ] GC(239) PSYoungGen: 111776K(248832K)->56032K(244224K) Eden: 55808K(55808K)->0K(61952K) From: 55968K(193024K)->56032K(182272K)
[30.184s][info][gc,heap        ] GC(239) ParOldGen: 4331275K(4647424K)->4387571K(4647424K)
[30.184s][info][gc,metaspace   ] GC(239) Metaspace: 6302K(6464K)->6302K(6464K) NonClass: 5769K(5824K)->5769K(5824K) Class: 533K(640K)->533K(640K)
[30.184s][info][gc             ] GC(239) Pause Young (Allocation Failure) 4338M->4339M(4777M) 70.911ms
[30.184s][info][gc,cpu         ] GC(239) User=0.30s Sys=0.00s Real=0.07s
[30.245s][info][gc,start       ] GC(240) Pause Young (Allocation Failure)
[30.316s][info][gc,heap        ] GC(240) PSYoungGen: 117984K(244224K)->62176K(247808K) Eden: 61952K(61952K)->0K(61952K) From: 56032K(182272K)->62176K(185856K)
[30.316s][info][gc,heap        ] GC(240) ParOldGen: 4387571K(4647424K)->4443883K(4647424K)
[30.316s][info][gc,metaspace   ] GC(240) Metaspace: 6302K(6464K)->6302K(6464K) NonClass: 5769K(5824K)->5769K(5824K) Class: 533K(640K)->533K(640K)
[30.316s][info][gc             ] GC(240) Pause Young (Allocation Failure) 4399M->4400M(4780M) 70.834ms
[30.316s][info][gc,cpu         ] GC(240) User=0.38s Sys=0.02s Real=0.07s
[30.390s][info][gc,start       ] GC(241) Pause Young (Allocation Failure)
[30.465s][info][gc,heap        ] GC(241) PSYoungGen: 124128K(247808K)->62144K(237056K) Eden: 61952K(61952K)->0K(68608K) From: 62176K(185856K)->62144K(168448K)
[30.465s][info][gc,heap        ] GC(241) ParOldGen: 4443883K(4647424K)->4506395K(4647424K)
[30.465s][info][gc,metaspace   ] GC(241) Metaspace: 6302K(6464K)->6302K(6464K) NonClass: 5769K(5824K)->5769K(5824K) Class: 533K(640K)->533K(640K)
[30.465s][info][gc             ] GC(241) Pause Young (Allocation Failure) 4460M->4461M(4770M) 74.387ms
[30.465s][info][gc,cpu         ] GC(241) User=0.34s Sys=0.06s Real=0.07s
[30.544s][info][gc,start       ] GC(242) Pause Young (Allocation Failure)
[30.623s][info][gc,heap        ] GC(242) PSYoungGen: 130752K(237056K)->68864K(243200K) Eden: 68608K(68608K)->0K(68608K) From: 62144K(168448K)->68864K(174592K)
[30.623s][info][gc,heap        ] GC(242) ParOldGen: 4506395K(4647424K)->4568899K(4647424K)
[30.623s][info][gc,metaspace   ] GC(242) Metaspace: 6302K(6464K)->6302K(6464K) NonClass: 5769K(5824K)->5769K(5824K) Class: 533K(640K)->533K(640K)
[30.623s][info][gc             ] GC(242) Pause Young (Allocation Failure) 4528M->4529M(4776M) 78.291ms
[30.623s][info][gc,cpu         ] GC(242) User=0.58s Sys=0.05s Real=0.08s
[30.623s][info][gc,start       ] GC(243) Pause Full (Ergonomics)
[30.623s][info][gc,phases,start] GC(243) Marking Phase
[31.654s][info][gc,phases      ] GC(243) Marking Phase 1030.945ms
[31.654s][info][gc,phases,start] GC(243) Summary Phase
[31.654s][info][gc,phases      ] GC(243) Summary Phase 0.080ms
[31.654s][info][gc,phases,start] GC(243) Adjust Roots
[31.654s][info][gc,phases      ] GC(243) Adjust Roots 0.164ms
[31.654s][info][gc,phases,start] GC(243) Compaction Phase
[32.044s][info][gc,phases      ] GC(243) Compaction Phase 390.041ms
[32.044s][info][gc,phases,start] GC(243) Post Compact
[32.051s][info][gc,phases      ] GC(243) Post Compact 6.899ms
[32.053s][info][gc,heap        ] GC(243) PSYoungGen: 68864K(243200K)->0K(243712K) Eden: 0K(68608K)->0K(75776K) From: 68864K(174592K)->0K(167936K)
[32.053s][info][gc,heap        ] GC(243) ParOldGen: 4568899K(4647424K)->4634207K(5094912K)
[32.053s][info][gc,metaspace   ] GC(243) Metaspace: 6302K(6464K)->6302K(6464K) NonClass: 5769K(5824K)->5769K(5824K) Class: 533K(640K)->533K(640K)
[32.053s][info][gc             ] GC(243) Pause Full (Ergonomics) 4529M->4525M(5213M) 1429.738ms
[32.053s][info][gc,cpu         ] GC(243) User=10.78s Sys=0.06s Real=1.43s
[32.132s][info][gc,start       ] GC(244) Pause Young (Allocation Failure)
[32.193s][info][gc,heap        ] GC(244) PSYoungGen: 75776K(243712K)->76000K(152064K) Eden: 75776K(75776K)->0K(75776K) From: 0K(167936K)->76000K(76288K)
[32.193s][info][gc,heap        ] GC(244) ParOldGen: 4634207K(5094912K)->4634207K(5094912K)
[32.193s][info][gc,metaspace   ] GC(244) Metaspace: 6302K(6464K)->6302K(6464K) NonClass: 5769K(5824K)->5769K(5824K) Class: 533K(640K)->533K(640K)
[32.193s][info][gc             ] GC(244) Pause Young (Allocation Failure) 4599M->4599M(5124M) 60.977ms
[32.193s][info][gc,cpu         ] GC(244) User=0.27s Sys=0.00s Real=0.06s
[32.281s][info][gc,start       ] GC(245) Pause Young (Allocation Failure)
[32.363s][info][gc,heap        ] GC(245) PSYoungGen: 151776K(152064K)->152000K(224256K) Eden: 75776K(75776K)->0K(64000K) From: 76000K(76288K)->152000K(160256K)
[32.363s][info][gc,heap        ] GC(245) ParOldGen: 4634207K(5094912K)->4634207K(5094912K)
[32.363s][info][gc,metaspace   ] GC(245) Metaspace: 6302K(6464K)->6302K(6464K) NonClass: 5769K(5824K)->5769K(5824K) Class: 533K(640K)->533K(640K)
[32.363s][info][gc             ] GC(245) Pause Young (Allocation Failure) 4673M->4674M(5194M) 81.541ms
[32.363s][info][gc,cpu         ] GC(245) User=0.52s Sys=0.00s Real=0.08s
[32.436s][info][gc,start       ] GC(246) Pause Young (Allocation Failure)
[32.550s][info][gc,heap        ] GC(246) PSYoungGen: 216000K(224256K)->178688K(242688K) Eden: 64000K(64000K)->0K(64000K) From: 152000K(160256K)->178688K(178688K)
[32.550s][info][gc,heap        ] GC(246) ParOldGen: 4634207K(5094912K)->4671735K(5094912K)
[32.550s][info][gc,metaspace   ] GC(246) Metaspace: 6302K(6464K)->6302K(6464K) NonClass: 5769K(5824K)->5769K(5824K) Class: 533K(640K)->533K(640K)
[32.550s][info][gc             ] GC(246) Pause Young (Allocation Failure) 4736M->4736M(5212M) 114.976ms
[32.551s][info][gc,cpu         ] GC(246) User=0.83s Sys=0.03s Real=0.12s
[32.616s][info][gc,start       ] GC(247) Pause Young (Allocation Failure)
[32.746s][info][gc,heap        ] GC(247) PSYoungGen: 242688K(242688K)->115232K(275968K) Eden: 64000K(64000K)->0K(70656K) From: 178688K(178688K)->115232K(205312K)
[32.746s][info][gc,heap        ] GC(247) ParOldGen: 4671735K(5094912K)->4800383K(5094912K)
[32.746s][info][gc,metaspace   ] GC(247) Metaspace: 6302K(6464K)->6302K(6464K) NonClass: 5769K(5824K)->5769K(5824K) Class: 533K(640K)->533K(640K)
[32.746s][info][gc             ] GC(247) Pause Young (Allocation Failure) 4799M->4800M(5245M) 130.582ms
[32.746s][info][gc,cpu         ] GC(247) User=0.88s Sys=0.03s Real=0.13s
[32.819s][info][gc,start       ] GC(248) Pause Young (Allocation Failure)
[32.918s][info][gc,heap        ] GC(248) PSYoungGen: 185888K(275968K)->135040K(281600K) Eden: 70656K(70656K)->0K(70656K) From: 115232K(205312K)->135040K(210944K)
[32.918s][info][gc,heap        ] GC(248) ParOldGen: 4800383K(5094912K)->4851743K(5094912K)
[32.918s][info][gc,metaspace   ] GC(248) Metaspace: 6302K(6464K)->6302K(6464K) NonClass: 5769K(5824K)->5769K(5824K) Class: 533K(640K)->533K(640K)
[32.918s][info][gc             ] GC(248) Pause Young (Allocation Failure) 4869M->4869M(5250M) 99.464ms
[32.918s][info][gc,cpu         ] GC(248) User=0.66s Sys=0.00s Real=0.10s
[33.001s][info][gc,start       ] GC(249) Pause Young (Allocation Failure)
[33.110s][info][gc,heap        ] GC(249) PSYoungGen: 205696K(281600K)->141664K(287232K) Eden: 70656K(70656K)->0K(75264K) From: 135040K(210944K)->141664K(211968K)
[33.110s][info][gc,heap        ] GC(249) ParOldGen: 4851743K(5094912K)->4916327K(5094912K)
[33.110s][info][gc,metaspace   ] GC(249) Metaspace: 6302K(6464K)->6302K(6464K) NonClass: 5769K(5824K)->5769K(5824K) Class: 533K(640K)->533K(640K)
[33.110s][info][gc             ] GC(249) Pause Young (Allocation Failure) 4938M->4939M(5256M) 109.296ms
[33.110s][info][gc,cpu         ] GC(249) User=0.67s Sys=0.09s Real=0.11s
[33.191s][info][gc,start       ] GC(250) Pause Young (Allocation Failure)
[33.312s][info][gc,heap        ] GC(250) PSYoungGen: 216928K(287232K)->146304K(290304K) Eden: 75264K(75264K)->0K(75264K) From: 141664K(211968K)->146304K(215040K)
[33.312s][info][gc,heap        ] GC(250) ParOldGen: 4916327K(5094912K)->4987607K(5094912K)
[33.312s][info][gc,metaspace   ] GC(250) Metaspace: 6302K(6464K)->6302K(6464K) NonClass: 5769K(5824K)->5769K(5824K) Class: 533K(640K)->533K(640K)
[33.312s][info][gc             ] GC(250) Pause Young (Allocation Failure) 5012M->5013M(5259M) 120.974ms
[33.312s][info][gc,cpu         ] GC(250) User=0.75s Sys=0.08s Real=0.12s
[33.393s][info][gc,start       ] GC(251) Pause Young (Allocation Failure)
[33.513s][info][gc,heap        ] GC(251) PSYoungGen: 221568K(290304K)->150912K(298496K) Eden: 75264K(75264K)->0K(80384K) From: 146304K(215040K)->150912K(218112K)
[33.513s][info][gc,heap        ] GC(251) ParOldGen: 4987607K(5094912K)->5058903K(5094912K)
[33.513s][info][gc,metaspace   ] GC(251) Metaspace: 6302K(6464K)->6302K(6464K) NonClass: 5769K(5824K)->5769K(5824K) Class: 533K(640K)->533K(640K)
[33.513s][info][gc             ] GC(251) Pause Young (Allocation Failure) 5087M->5087M(5267M) 120.637ms
[33.513s][info][gc,cpu         ] GC(251) User=0.69s Sys=0.03s Real=0.12s
[33.513s][info][gc,start       ] GC(252) Pause Full (Ergonomics)
[33.513s][info][gc,phases,start] GC(252) Marking Phase
[34.709s][info][gc,phases      ] GC(252) Marking Phase 1195.874ms
[34.709s][info][gc,phases,start] GC(252) Summary Phase
[34.709s][info][gc,phases      ] GC(252) Summary Phase 0.061ms
[34.709s][info][gc,phases,start] GC(252) Adjust Roots
[34.710s][info][gc,phases      ] GC(252) Adjust Roots 0.163ms
[34.710s][info][gc,phases,start] GC(252) Compaction Phase
[35.165s][info][gc,phases      ] GC(252) Compaction Phase 455.598ms
[35.165s][info][gc,phases,start] GC(252) Post Compact
[35.173s][info][gc,phases      ] GC(252) Post Compact 7.831ms
[35.175s][info][gc,heap        ] GC(252) PSYoungGen: 150912K(298496K)->110598K(298496K) Eden: 0K(80384K)->0K(80384K) From: 150912K(218112K)->110598K(218112K)
[35.175s][info][gc,heap        ] GC(252) ParOldGen: 5058903K(5094912K)->5094746K(5611520K)
[35.175s][info][gc,metaspace   ] GC(252) Metaspace: 6302K(6464K)->6302K(6464K) NonClass: 5769K(5824K)->5769K(5824K) Class: 533K(640K)->533K(640K)
[35.175s][info][gc             ] GC(252) Pause Full (Ergonomics) 5087M->5083M(5771M) 1661.596ms
[35.175s][info][gc,cpu         ] GC(252) User=12.56s Sys=0.03s Real=1.66s
[35.266s][info][gc,start       ] GC(253) Pause Young (Allocation Failure)
[35.601s][info][gc,heap        ] GC(253) PSYoungGen: 190982K(298496K)->134752K(302080K) Eden: 80384K(80384K)->0K(80384K) From: 110598K(218112K)->134752K(221696K)
[35.601s][info][gc,heap        ] GC(253) ParOldGen: 5094746K(5611520K)->5151874K(5611520K)
[35.601s][info][gc,metaspace   ] GC(253) Metaspace: 6302K(6464K)->6302K(6464K) NonClass: 5769K(5824K)->5769K(5824K) Class: 533K(640K)->533K(640K)
[35.601s][info][gc             ] GC(253) Pause Young (Allocation Failure) 5161M->5162M(5775M) 334.963ms
[35.601s][info][gc,cpu         ] GC(253) User=2.17s Sys=0.02s Real=0.34s
[35.691s][info][gc,start       ] GC(254) Pause Young (Allocation Failure)
[35.820s][info][gc,heap        ] GC(254) PSYoungGen: 215136K(302080K)->215296K(280576K) Eden: 80384K(80384K)->0K(62464K) From: 134752K(221696K)->215296K(218112K)
[35.820s][info][gc,heap        ] GC(254) ParOldGen: 5151874K(5611520K)->5151874K(5611520K)
[35.820s][info][gc,metaspace   ] GC(254) Metaspace: 6302K(6464K)->6302K(6464K) NonClass: 5769K(5824K)->5769K(5824K) Class: 533K(640K)->533K(640K)
[35.821s][info][gc             ] GC(254) Pause Young (Allocation Failure) 5241M->5241M(5754M) 129.702ms
[35.821s][info][gc,cpu         ] GC(254) User=0.84s Sys=0.03s Real=0.13s
[35.894s][info][gc,start       ] GC(255) Pause Young (Allocation Failure)
[36.046s][info][gc,heap        ] GC(255) PSYoungGen: 277760K(280576K)->243712K(306176K) Eden: 62464K(62464K)->0K(62464K) From: 215296K(218112K)->243712K(243712K)
[36.047s][info][gc,heap        ] GC(255) ParOldGen: 5151874K(5611520K)->5186218K(5611520K)
[36.047s][info][gc,metaspace   ] GC(255) Metaspace: 6302K(6464K)->6302K(6464K) NonClass: 5769K(5824K)->5769K(5824K) Class: 533K(640K)->533K(640K)
[36.047s][info][gc             ] GC(255) Pause Young (Allocation Failure) 5302M->5302M(5779M) 153.048ms
[36.047s][info][gc,cpu         ] GC(255) User=1.03s Sys=0.00s Real=0.15s
[36.121s][info][gc,start       ] GC(256) Pause Young (Allocation Failure)
[36.295s][info][gc,heap        ] GC(256) PSYoungGen: 306176K(306176K)->188320K(355328K) Eden: 62464K(62464K)->0K(67584K) From: 243712K(243712K)->188320K(287744K)
[36.296s][info][gc,heap        ] GC(256) ParOldGen: 5186218K(5611520K)->5305098K(5611520K)
[36.296s][info][gc,metaspace   ] GC(256) Metaspace: 6302K(6464K)->6302K(6464K) NonClass: 5769K(5824K)->5769K(5824K) Class: 533K(640K)->533K(640K)
[36.296s][info][gc             ] GC(256) Pause Young (Allocation Failure) 5363M->5364M(5827M) 174.695ms
[36.296s][info][gc,cpu         ] GC(256) User=1.33s Sys=0.06s Real=0.17s
[36.372s][info][gc,start       ] GC(257) Pause Young (Allocation Failure)
[36.515s][info][gc,heap        ] GC(257) PSYoungGen: 255904K(355328K)->183392K(357376K) Eden: 67584K(67584K)->0K(67584K) From: 188320K(287744K)->183392K(289792K)
[36.515s][info][gc,heap        ] GC(257) ParOldGen: 5305098K(5611520K)->5378290K(5611520K)
[36.515s][info][gc,metaspace   ] GC(257) Metaspace: 6302K(6464K)->6302K(6464K) NonClass: 5769K(5824K)->5769K(5824K) Class: 533K(640K)->533K(640K)
[36.515s][info][gc             ] GC(257) Pause Young (Allocation Failure) 5430M->5431M(5829M) 142.854ms
[36.515s][info][gc,cpu         ] GC(257) User=1.05s Sys=0.05s Real=0.14s
[36.586s][info][gc,start       ] GC(258) Pause Young (Allocation Failure)
[36.730s][info][gc,heap        ] GC(258) PSYoungGen: 250976K(357376K)->198048K(361984K) Eden: 67584K(67584K)->0K(72704K) From: 183392K(289792K)->198048K(289280K)
[36.730s][info][gc,heap        ] GC(258) ParOldGen: 5378290K(5611520K)->5431682K(5611520K)
[36.730s][info][gc,metaspace   ] GC(258) Metaspace: 6302K(6464K)->6302K(6464K) NonClass: 5769K(5824K)->5769K(5824K) Class: 533K(640K)->533K(640K)
[36.730s][info][gc             ] GC(258) Pause Young (Allocation Failure) 5497M->5497M(5833M) 144.659ms
[36.730s][info][gc,cpu         ] GC(258) User=0.97s Sys=0.05s Real=0.14s
[36.821s][info][gc,start       ] GC(259) Pause Young (Allocation Failure)
[36.984s][info][gc,heap        ] GC(259) PSYoungGen: 270752K(361984K)->140640K(213504K) Eden: 72704K(72704K)->0K(72704K) From: 198048K(289280K)->140640K(140800K)
[36.984s][info][gc,heap        ] GC(259) ParOldGen: 5431682K(5611520K)->5562850K(5611520K)
[36.984s][info][gc,metaspace   ] GC(259) Metaspace: 6302K(6464K)->6302K(6464K) NonClass: 5769K(5824K)->5769K(5824K) Class: 533K(640K)->533K(640K)
[36.984s][info][gc             ] GC(259) Pause Young (Allocation Failure) 5568M->5569M(5688M) 162.371ms
[36.984s][info][gc,cpu         ] GC(259) User=1.05s Sys=0.08s Real=0.16s
[36.984s][info][gc,start       ] GC(260) Pause Full (Ergonomics)
[36.984s][info][gc,phases,start] GC(260) Marking Phase
[38.270s][info][gc,phases      ] GC(260) Marking Phase 1285.797ms
[38.270s][info][gc,phases,start] GC(260) Summary Phase
[38.270s][info][gc,phases      ] GC(260) Summary Phase 0.102ms
[38.270s][info][gc,phases,start] GC(260) Adjust Roots
[38.270s][info][gc,phases      ] GC(260) Adjust Roots 0.185ms
[38.270s][info][gc,phases,start] GC(260) Compaction Phase
[38.739s][info][gc,phases      ] GC(260) Compaction Phase 468.755ms
[38.739s][info][gc,phases,start] GC(260) Post Compact
[38.747s][info][gc,phases      ] GC(260) Post Compact 7.894ms
[38.749s][info][gc,heap        ] GC(260) PSYoungGen: 140640K(213504K)->87577K(213504K) Eden: 0K(72704K)->0K(72704K) From: 140640K(140800K)->87577K(140800K)
[38.749s][info][gc,heap        ] GC(260) ParOldGen: 5562850K(5611520K)->5611114K(6197760K)
[38.749s][info][gc,metaspace   ] GC(260) Metaspace: 6302K(6464K)->6302K(6464K) NonClass: 5769K(5824K)->5769K(5824K) Class: 533K(640K)->533K(640K)
[38.749s][info][gc             ] GC(260) Pause Full (Ergonomics) 5569M->5565M(6261M) 1764.944ms
[38.749s][info][gc,cpu         ] GC(260) User=13.67s Sys=0.05s Real=1.77s
[39.894s][info][gc,start       ] GC(261) Pause Young (Allocation Failure)
[40.201s][info][gc,heap        ] GC(261) PSYoungGen: 160281K(213504K)->72928K(361984K) Eden: 72704K(72704K)->0K(80384K) From: 87577K(140800K)->72928K(281600K)
[40.201s][info][gc,heap        ] GC(261) ParOldGen: 5873258K(6197760K)->5961666K(6197760K)
[40.201s][info][gc,metaspace   ] GC(261) Metaspace: 6302K(6464K)->6302K(6464K) NonClass: 5769K(5824K)->5769K(5824K) Class: 533K(640K)->533K(640K)
[40.202s][info][gc             ] GC(261) Pause Young (Allocation Failure) 5892M->5893M(6406M) 307.115ms
[40.202s][info][gc,cpu         ] GC(261) User=1.95s Sys=0.03s Real=0.31s
[40.280s][info][gc,start       ] GC(262) Pause Young (Allocation Failure)
[40.388s][info][gc,heap        ] GC(262) PSYoungGen: 153312K(361984K)->80672K(363008K) Eden: 80384K(80384K)->0K(80384K) From: 72928K(281600K)->80672K(282624K)
[40.389s][info][gc,heap        ] GC(262) ParOldGen: 5961666K(6197760K)->6035018K(6197760K)
[40.389s][info][gc,metaspace   ] GC(262) Metaspace: 6302K(6464K)->6302K(6464K) NonClass: 5769K(5824K)->5769K(5824K) Class: 533K(640K)->533K(640K)
[40.389s][info][gc             ] GC(262) Pause Young (Allocation Failure) 5971M->5972M(6407M) 108.205ms
[40.389s][info][gc,cpu         ] GC(262) User=0.38s Sys=0.00s Real=0.11s
[40.477s][info][gc,start       ] GC(263) Pause Young (Allocation Failure)
[40.597s][info][gc,heap        ] GC(263) PSYoungGen: 161056K(363008K)->80576K(361984K) Eden: 80384K(80384K)->0K(89088K) From: 80672K(282624K)->80576K(272896K)
[40.597s][info][gc,heap        ] GC(263) ParOldGen: 6035018K(6197760K)->6116122K(6197760K)
[40.597s][info][gc,metaspace   ] GC(263) Metaspace: 6302K(6464K)->6302K(6464K) NonClass: 5769K(5824K)->5769K(5824K) Class: 533K(640K)->533K(640K)
[40.597s][info][gc             ] GC(263) Pause Young (Allocation Failure) 6050M->6051M(6406M) 119.931ms
[40.597s][info][gc,cpu         ] GC(263) User=0.36s Sys=0.02s Real=0.12s
[40.597s][info][gc,start       ] GC(264) Pause Full (Ergonomics)
[40.597s][info][gc,phases,start] GC(264) Marking Phase
[41.950s][info][gc,phases      ] GC(264) Marking Phase 1353.107ms
[41.951s][info][gc,phases,start] GC(264) Summary Phase
[41.951s][info][gc,phases      ] GC(264) Summary Phase 0.102ms
[41.951s][info][gc,phases,start] GC(264) Adjust Roots
[41.951s][info][gc,phases      ] GC(264) Adjust Roots 0.186ms
[41.951s][info][gc,phases,start] GC(264) Compaction Phase
[42.859s][info][gc,phases      ] GC(264) Compaction Phase 908.551ms
[42.859s][info][gc,phases,start] GC(264) Post Compact
[42.869s][info][gc,phases      ] GC(264) Post Compact 9.849ms
[42.871s][info][gc,heap        ] GC(264) PSYoungGen: 80576K(361984K)->0K(365568K) Eden: 0K(89088K)->0K(89088K) From: 80576K(272896K)->0K(276480K)
[42.871s][info][gc,heap        ] GC(264) ParOldGen: 6116122K(6197760K)->6063143K(6695424K)
[42.871s][info][gc,metaspace   ] GC(264) Metaspace: 6302K(6464K)->6302K(6464K) NonClass: 5769K(5824K)->5769K(5824K) Class: 533K(640K)->533K(640K)
[42.871s][info][gc             ] GC(264) Pause Full (Ergonomics) 6051M->5921M(6895M) 2273.630ms
[42.871s][info][gc,cpu         ] GC(264) User=16.23s Sys=0.02s Real=2.27s
[42.961s][info][gc,start       ] GC(265) Pause Young (Allocation Failure)
[43.049s][info][gc,heap        ] GC(265) PSYoungGen: 89088K(365568K)->89376K(358912K) Eden: 89088K(89088K)->0K(97280K) From: 0K(276480K)->89376K(261632K)
[43.049s][info][gc,heap        ] GC(265) ParOldGen: 6063143K(6695424K)->6063143K(6695424K)
[43.049s][info][gc,metaspace   ] GC(265) Metaspace: 6302K(6464K)->6302K(6464K) NonClass: 5769K(5824K)->5769K(5824K) Class: 533K(640K)->533K(640K)
[43.049s][info][gc             ] GC(265) Pause Young (Allocation Failure) 6008M->6008M(6889M) 88.644ms
[43.049s][info][gc,cpu         ] GC(265) User=0.22s Sys=0.00s Real=0.09s
[43.153s][info][gc,start       ] GC(266) Pause Young (Allocation Failure)
[43.270s][info][gc,heap        ] GC(266) PSYoungGen: 186656K(358912K)->186848K(367104K) Eden: 97280K(97280K)->0K(97280K) From: 89376K(261632K)->186848K(269824K)
[43.270s][info][gc,heap        ] GC(266) ParOldGen: 6063143K(6695424K)->6063143K(6695424K)
[43.270s][info][gc,metaspace   ] GC(266) Metaspace: 6302K(6464K)->6302K(6464K) NonClass: 5769K(5824K)->5769K(5824K) Class: 533K(640K)->533K(640K)
[43.271s][info][gc             ] GC(266) Pause Young (Allocation Failure) 6103M->6103M(6897M) 117.445ms
[43.271s][info][gc,cpu         ] GC(266) User=0.34s Sys=0.00s Real=0.12s
[43.372s][info][gc,start       ] GC(267) Pause Young (Allocation Failure)
[43.518s][info][gc,heap        ] GC(267) PSYoungGen: 284128K(367104K)->276992K(342016K) Eden: 97280K(97280K)->0K(65024K) From: 186848K(269824K)->276992K(276992K)
[43.518s][info][gc,heap        ] GC(267) ParOldGen: 6063143K(6695424K)->6070407K(6695424K)
[43.518s][info][gc,metaspace   ] GC(267) Metaspace: 6302K(6464K)->6302K(6464K) NonClass: 5769K(5824K)->5769K(5824K) Class: 533K(640K)->533K(640K)
[43.518s][info][gc             ] GC(267) Pause Young (Allocation Failure) 6198M->6198M(6872M) 146.567ms
[43.518s][info][gc,cpu         ] GC(267) User=0.56s Sys=0.05s Real=0.15s
[43.586s][info][gc,start       ] GC(268) Pause Young (Allocation Failure)
[43.748s][info][gc,heap        ] GC(268) PSYoungGen: 342016K(342016K)->159584K(224768K) Eden: 65024K(65024K)->0K(65024K) From: 276992K(276992K)->159584K(159744K)
[43.748s][info][gc,heap        ] GC(268) ParOldGen: 6070407K(6695424K)->6254327K(6695424K)
[43.748s][info][gc,metaspace   ] GC(268) Metaspace: 6302K(6464K)->6302K(6464K) NonClass: 5769K(5824K)->5769K(5824K) Class: 533K(640K)->533K(640K)
[43.748s][info][gc             ] GC(268) Pause Young (Allocation Failure) 6262M->6263M(6758M) 162.082ms
[43.748s][info][gc,cpu         ] GC(268) User=0.95s Sys=0.11s Real=0.16s
[43.817s][info][gc,start       ] GC(269) Pause Young (Allocation Failure)
[43.944s][info][gc,heap        ] GC(269) PSYoungGen: 224608K(224768K)->130400K(354304K) Eden: 65024K(65024K)->0K(72704K) From: 159584K(159744K)->130400K(281600K)
[43.944s][info][gc,heap        ] GC(269) ParOldGen: 6254327K(6695424K)->6349319K(6695424K)
[43.944s][info][gc,metaspace   ] GC(269) Metaspace: 6302K(6464K)->6302K(6464K) NonClass: 5769K(5824K)->5769K(5824K) Class: 533K(640K)->533K(640K)
[43.944s][info][gc             ] GC(269) Pause Young (Allocation Failure) 6327M->6327M(6884M) 127.126ms
[43.944s][info][gc,cpu         ] GC(269) User=0.45s Sys=0.05s Real=0.13s
[44.029s][info][gc,start       ] GC(270) Pause Young (Allocation Failure)
[44.148s][info][gc,heap        ] GC(270) PSYoungGen: 203104K(354304K)->138080K(210944K) Eden: 72704K(72704K)->0K(72704K) From: 130400K(281600K)->138080K(138240K)
[44.148s][info][gc,heap        ] GC(270) ParOldGen: 6349319K(6695424K)->6414919K(6695424K)
[44.148s][info][gc,metaspace   ] GC(270) Metaspace: 6302K(6464K)->6302K(6464K) NonClass: 5769K(5824K)->5769K(5824K) Class: 533K(640K)->533K(640K)
[44.148s][info][gc             ] GC(270) Pause Young (Allocation Failure) 6398M->6399M(6744M) 119.207ms
[44.148s][info][gc,cpu         ] GC(270) User=0.56s Sys=0.06s Real=0.12s
[44.223s][info][gc,start       ] GC(271) Pause Young (Allocation Failure)
[44.352s][info][gc,heap        ] GC(271) PSYoungGen: 210784K(210944K)->145728K(335872K) Eden: 72704K(72704K)->0K(81408K) From: 138080K(138240K)->145728K(254464K)
[44.352s][info][gc,heap        ] GC(271) ParOldGen: 6414919K(6695424K)->6480519K(6695424K)
[44.352s][info][gc,metaspace   ] GC(271) Metaspace: 6302K(6464K)->6302K(6464K) NonClass: 5769K(5824K)->5769K(5824K) Class: 533K(640K)->533K(640K)
[44.352s][info][gc             ] GC(271) Pause Young (Allocation Failure) 6470M->6470M(6866M) 128.914ms
[44.352s][info][gc,cpu         ] GC(271) User=0.45s Sys=0.05s Real=0.13s
[44.442s][info][gc,start       ] GC(272) Pause Young (Allocation Failure)
[44.575s][info][gc,heap        ] GC(272) PSYoungGen: 227136K(335872K)->154528K(348672K) Eden: 81408K(81408K)->0K(81408K) From: 145728K(254464K)->154528K(267264K)
[44.575s][info][gc,heap        ] GC(272) ParOldGen: 6480519K(6695424K)->6553855K(6695424K)
[44.575s][info][gc,metaspace   ] GC(272) Metaspace: 6302K(6464K)->6302K(6464K) NonClass: 5769K(5824K)->5769K(5824K) Class: 533K(640K)->533K(640K)
[44.575s][info][gc             ] GC(272) Pause Young (Allocation Failure) 6550M->6551M(6879M) 133.448ms
[44.575s][info][gc,cpu         ] GC(272) User=0.48s Sys=0.00s Real=0.13s
[44.665s][info][gc,start       ] GC(273) Pause Young (Allocation Failure)
[44.797s][info][gc,heap        ] GC(273) PSYoungGen: 235936K(348672K)->163168K(337920K) Eden: 81408K(81408K)->0K(91136K) From: 154528K(267264K)->163168K(246784K)
[44.797s][info][gc,heap        ] GC(273) ParOldGen: 6553855K(6695424K)->6627215K(6695424K)
[44.797s][info][gc,metaspace   ] GC(273) Metaspace: 6302K(6464K)->6302K(6464K) NonClass: 5769K(5824K)->5769K(5824K) Class: 533K(640K)->533K(640K)
[44.797s][info][gc             ] GC(273) Pause Young (Allocation Failure) 6630M->6631M(6868M) 132.236ms
[44.797s][info][gc,cpu         ] GC(273) User=0.61s Sys=0.00s Real=0.13s
[44.797s][info][gc,start       ] GC(274) Pause Full (Ergonomics)
[44.797s][info][gc,phases,start] GC(274) Marking Phase
[46.315s][info][gc,phases      ] GC(274) Marking Phase 1517.524ms
[46.315s][info][gc,phases,start] GC(274) Summary Phase
[46.315s][info][gc,phases      ] GC(274) Summary Phase 0.081ms
[46.315s][info][gc,phases,start] GC(274) Adjust Roots
[46.315s][info][gc,phases      ] GC(274) Adjust Roots 0.193ms
[46.315s][info][gc,phases,start] GC(274) Compaction Phase
[46.987s][info][gc,phases      ] GC(274) Compaction Phase 671.914ms
[46.987s][info][gc,phases,start] GC(274) Post Compact
[46.997s][info][gc,phases      ] GC(274) Post Compact 10.046ms
[46.999s][info][gc,heap        ] GC(274) PSYoungGen: 163168K(337920K)->89657K(343552K) Eden: 0K(91136K)->0K(96768K) From: 163168K(246784K)->89657K(246784K)
[46.999s][info][gc,heap        ] GC(274) ParOldGen: 6627215K(6695424K)->6695116K(7386112K)
[46.999s][info][gc,metaspace   ] GC(274) Metaspace: 6302K(6464K)->6302K(6464K) NonClass: 5769K(5824K)->5769K(5824K) Class: 533K(640K)->533K(640K)
[46.999s][info][gc             ] GC(274) Pause Full (Ergonomics) 6631M->6625M(7548M) 2202.250ms
[46.999s][info][gc,cpu         ] GC(274) User=15.84s Sys=0.09s Real=2.20s
[47.105s][info][gc,start       ] GC(275) Pause Young (Allocation Failure)
[47.467s][info][gc,heap        ] GC(275) PSYoungGen: 186425K(343552K)->141952K(349184K) Eden: 96768K(96768K)->0K(96768K) From: 89657K(246784K)->141952K(252416K)
[47.467s][info][gc,heap        ] GC(275) ParOldGen: 6695116K(7386112K)->6740452K(7386112K)
[47.467s][info][gc,metaspace   ] GC(275) Metaspace: 6302K(6464K)->6302K(6464K) NonClass: 5769K(5824K)->5769K(5824K) Class: 533K(640K)->533K(640K)
[47.467s][info][gc             ] GC(275) Pause Young (Allocation Failure) 6720M->6721M(7554M) 361.570ms
[47.467s][info][gc,cpu         ] GC(275) User=2.48s Sys=0.06s Real=0.36s
[47.578s][info][gc,start       ] GC(276) Pause Young (Allocation Failure)
[47.718s][info][gc,heap        ] GC(276) PSYoungGen: 238720K(349184K)->238848K(326144K) Eden: 96768K(96768K)->0K(82432K) From: 141952K(252416K)->238848K(243712K)
[47.718s][info][gc,heap        ] GC(276) ParOldGen: 6740452K(7386112K)->6740452K(7386112K)
[47.718s][info][gc,metaspace   ] GC(276) Metaspace: 6302K(6464K)->6302K(6464K) NonClass: 5769K(5824K)->5769K(5824K) Class: 533K(640K)->533K(640K)
[47.718s][info][gc             ] GC(276) Pause Young (Allocation Failure) 6815M->6815M(7531M) 139.377ms
[47.718s][info][gc,cpu         ] GC(276) User=0.47s Sys=0.00s Real=0.14s
[47.795s][info][gc,start       ] GC(277) Pause Young (Allocation Failure)
[47.953s][info][gc,heap        ] GC(277) PSYoungGen: 321280K(326144K)->267264K(349696K) Eden: 82432K(82432K)->0K(82432K) From: 238848K(243712K)->267264K(267264K)
[47.954s][info][gc,heap        ] GC(277) ParOldGen: 6740452K(7386112K)->6794908K(7386112K)
[47.954s][info][gc,metaspace   ] GC(277) Metaspace: 6302K(6464K)->6302K(6464K) NonClass: 5769K(5824K)->5769K(5824K) Class: 533K(640K)->533K(640K)
[47.954s][info][gc             ] GC(277) Pause Young (Allocation Failure) 6896M->6896M(7554M) 158.272ms
[47.954s][info][gc,cpu         ] GC(277) User=0.94s Sys=0.02s Real=0.16s
[48.035s][info][gc,start       ] GC(278) Pause Young (Allocation Failure)
[48.205s][info][gc,heap        ] GC(278) PSYoungGen: 349696K(349696K)->161984K(386048K) Eden: 82432K(82432K)->0K(92160K) From: 267264K(267264K)->161984K(293888K)
[48.205s][info][gc,heap        ] GC(278) ParOldGen: 6794908K(7386112K)->6984188K(7386112K)
[48.205s][info][gc,metaspace   ] GC(278) Metaspace: 6302K(6464K)->6302K(6464K) NonClass: 5769K(5824K)->5769K(5824K) Class: 533K(640K)->533K(640K)
[48.205s][info][gc             ] GC(278) Pause Young (Allocation Failure) 6977M->6978M(7590M) 170.099ms
[48.205s][info][gc,cpu         ] GC(278) User=1.17s Sys=0.09s Real=0.17s
[48.299s][info][gc,start       ] GC(279) Pause Young (Allocation Failure)
[48.439s][info][gc,heap        ] GC(279) PSYoungGen: 254144K(386048K)->175040K(267264K) Eden: 92160K(92160K)->0K(92160K) From: 161984K(293888K)->175040K(175104K)
[48.440s][info][gc,heap        ] GC(279) ParOldGen: 6984188K(7386112K)->7064068K(7386112K)
[48.440s][info][gc,metaspace   ] GC(279) Metaspace: 6302K(6464K)->6302K(6464K) NonClass: 5769K(5824K)->5769K(5824K) Class: 533K(640K)->533K(640K)
[48.440s][info][gc             ] GC(279) Pause Young (Allocation Failure) 7068M->7069M(7474M) 140.563ms
[48.440s][info][gc,cpu         ] GC(279) User=0.67s Sys=0.03s Real=0.14s
[48.529s][info][gc,start       ] GC(280) Pause Young (Allocation Failure)
[48.684s][info][gc,heap        ] GC(280) PSYoungGen: 267200K(267264K)->184800K(380928K) Eden: 92160K(92160K)->0K(103424K) From: 175040K(175104K)->184800K(277504K)
[48.684s][info][gc,heap        ] GC(280) ParOldGen: 7064068K(7386112K)->7147252K(7386112K)
[48.684s][info][gc,metaspace   ] GC(280) Metaspace: 6302K(6464K)->6302K(6464K) NonClass: 5769K(5824K)->5769K(5824K) Class: 533K(640K)->533K(640K)
[48.684s][info][gc             ] GC(280) Pause Young (Allocation Failure) 7159M->7160M(7585M) 155.415ms
[48.684s][info][gc,cpu         ] GC(280) User=0.72s Sys=0.02s Real=0.16s
[48.799s][info][gc,start       ] GC(281) Pause Young (Allocation Failure)
[48.954s][info][gc,heap        ] GC(281) PSYoungGen: 288224K(380928K)->103776K(388096K) Eden: 103424K(103424K)->0K(103424K) From: 184800K(277504K)->103776K(284672K)
[48.954s][info][gc,heap        ] GC(281) ParOldGen: 7147252K(7386112K)->7333196K(7386112K)
[48.954s][info][gc,metaspace   ] GC(281) Metaspace: 6302K(6464K)->6302K(6464K) NonClass: 5769K(5824K)->5769K(5824K) Class: 533K(640K)->533K(640K)
[48.954s][info][gc             ] GC(281) Pause Young (Allocation Failure) 7261M->7262M(7592M) 154.933ms
[48.954s][info][gc,cpu         ] GC(281) User=0.72s Sys=0.14s Real=0.15s
[48.954s][info][gc,start       ] GC(282) Pause Full (Ergonomics)
[48.954s][info][gc,phases,start] GC(282) Marking Phase
[50.616s][info][gc,phases      ] GC(282) Marking Phase 1662.033ms
[50.616s][info][gc,phases,start] GC(282) Summary Phase
[50.616s][info][gc,phases      ] GC(282) Summary Phase 0.079ms
[50.616s][info][gc,phases,start] GC(282) Adjust Roots
[50.616s][info][gc,phases      ] GC(282) Adjust Roots 0.162ms
[50.616s][info][gc,phases,start] GC(282) Compaction Phase
[51.294s][info][gc,phases      ] GC(282) Compaction Phase 677.737ms
[51.294s][info][gc,phases,start] GC(282) Post Compact
[51.305s][info][gc,phases      ] GC(282) Post Compact 10.664ms
[51.307s][info][gc,heap        ] GC(282) PSYoungGen: 103776K(388096K)->44623K(388096K) Eden: 0K(103424K)->0K(103424K) From: 103776K(284672K)->44623K(284672K)
[51.307s][info][gc,heap        ] GC(282) ParOldGen: 7333196K(7386112K)->7386079K(8187392K)
[51.307s][info][gc,metaspace   ] GC(282) Metaspace: 6302K(6464K)->6302K(6464K) NonClass: 5769K(5824K)->5769K(5824K) Class: 533K(640K)->533K(640K)
[51.307s][info][gc             ] GC(282) Pause Full (Ergonomics) 7262M->7256M(8374M) 2353.500ms
[51.307s][info][gc,cpu         ] GC(282) User=17.31s Sys=0.02s Real=2.35s
[51.411s][info][gc,start       ] GC(283) Pause Young (Allocation Failure)
[51.801s][info][gc,heap        ] GC(283) PSYoungGen: 148047K(388096K)->103744K(394752K) Eden: 103424K(103424K)->0K(113664K) From: 44623K(284672K)->103744K(281088K)
[51.801s][info][gc,heap        ] GC(283) ParOldGen: 7386079K(8187392K)->7431135K(8187392K)
[51.801s][info][gc,metaspace   ] GC(283) Metaspace: 6302K(6464K)->6302K(6464K) NonClass: 5769K(5824K)->5769K(5824K) Class: 533K(640K)->533K(640K)
[51.801s][info][gc             ] GC(283) Pause Young (Allocation Failure) 7357M->7358M(8381M) 390.757ms
[51.801s][info][gc,cpu         ] GC(283) User=2.59s Sys=0.02s Real=0.39s
[51.922s][info][gc,start       ] GC(284) Pause Young (Allocation Failure)
[52.056s][info][gc,heap        ] GC(284) PSYoungGen: 217408K(394752K)->217664K(398336K) Eden: 113664K(113664K)->0K(113664K) From: 103744K(281088K)->217664K(284672K)
[52.056s][info][gc,heap        ] GC(284) ParOldGen: 7431135K(8187392K)->7431135K(8187392K)
[52.056s][info][gc,metaspace   ] GC(284) Metaspace: 6302K(6464K)->6302K(6464K) NonClass: 5769K(5824K)->5769K(5824K) Class: 533K(640K)->533K(640K)
[52.056s][info][gc             ] GC(284) Pause Young (Allocation Failure) 7469M->7469M(8384M) 133.972ms
[52.056s][info][gc,cpu         ] GC(284) User=0.61s Sys=0.00s Real=0.13s
[52.179s][info][gc,start       ] GC(285) Pause Young (Allocation Failure)
[52.345s][info][gc,heap        ] GC(285) PSYoungGen: 331328K(398336K)->293376K(369664K) Eden: 113664K(113664K)->0K(76288K) From: 217664K(284672K)->293376K(293376K)
[52.345s][info][gc,heap        ] GC(285) ParOldGen: 7431135K(8187392K)->7469423K(8187392K)
[52.345s][info][gc,metaspace   ] GC(285) Metaspace: 6302K(6464K)->6302K(6464K) NonClass: 5769K(5824K)->5769K(5824K) Class: 533K(640K)->533K(640K)
[52.345s][info][gc             ] GC(285) Pause Young (Allocation Failure) 7580M->7580M(8356M) 165.659ms
[52.345s][info][gc,cpu         ] GC(285) User=1.11s Sys=0.05s Real=0.17s
[52.430s][info][gc,start       ] GC(286) Pause Young (Allocation Failure)
[52.622s][info][gc,heap        ] GC(286) PSYoungGen: 369664K(369664K)->174400K(250880K) Eden: 76288K(76288K)->0K(76288K) From: 293376K(293376K)->174400K(174592K)
[52.622s][info][gc,heap        ] GC(286) ParOldGen: 7469423K(8187392K)->7666311K(8187392K)
[52.622s][info][gc,metaspace   ] GC(286) Metaspace: 6302K(6464K)->6302K(6464K) NonClass: 5769K(5824K)->5769K(5824K) Class: 533K(640K)->533K(640K)
[52.622s][info][gc             ] GC(286) Pause Young (Allocation Failure) 7655M->7656M(8240M) 191.150ms
[52.622s][info][gc,cpu         ] GC(286) User=1.05s Sys=0.16s Real=0.19s
[52.708s][info][gc,start       ] GC(287) Pause Young (Allocation Failure)
[52.854s][info][gc,heap        ] GC(287) PSYoungGen: 250688K(250880K)->152992K(394240K) Eden: 76288K(76288K)->0K(85504K) From: 174400K(174592K)->152992K(308736K)
[52.854s][info][gc,heap        ] GC(287) ParOldGen: 7666311K(8187392K)->7764879K(8187392K)
[52.854s][info][gc,metaspace   ] GC(287) Metaspace: 6302K(6464K)->6302K(6464K) NonClass: 5769K(5824K)->5769K(5824K) Class: 533K(640K)->533K(640K)
[52.854s][info][gc             ] GC(287) Pause Young (Allocation Failure) 7731M->7732M(8380M) 146.212ms
[52.854s][info][gc,cpu         ] GC(287) User=0.66s Sys=0.06s Real=0.15s
[52.943s][info][gc,start       ] GC(288) Pause Young (Allocation Failure)
[53.083s][info][gc,heap        ] GC(288) PSYoungGen: 238496K(394240K)->162208K(247808K) Eden: 85504K(85504K)->0K(85504K) From: 152992K(308736K)->162208K(162304K)
[53.084s][info][gc,heap        ] GC(288) ParOldGen: 7764879K(8187392K)->7841855K(8187392K)
[53.084s][info][gc,metaspace   ] GC(288) Metaspace: 6302K(6464K)->6302K(6464K) NonClass: 5769K(5824K)->5769K(5824K) Class: 533K(640K)->533K(640K)
[53.084s][info][gc             ] GC(288) Pause Young (Allocation Failure) 7815M->7816M(8237M) 140.689ms
[53.084s][info][gc,cpu         ] GC(288) User=0.80s Sys=0.00s Real=0.14s
[53.177s][info][gc,start       ] GC(289) Pause Young (Allocation Failure)
[53.319s][info][gc,heap        ] GC(289) PSYoungGen: 247712K(247808K)->171456K(379392K) Eden: 85504K(85504K)->0K(95744K) From: 162208K(162304K)->171456K(283648K)
[53.320s][info][gc,heap        ] GC(289) ParOldGen: 7841855K(8187392K)->7918823K(8187392K)
[53.320s][info][gc,metaspace   ] GC(289) Metaspace: 6302K(6464K)->6302K(6464K) NonClass: 5769K(5824K)->5769K(5824K) Class: 533K(640K)->533K(640K)
[53.320s][info][gc             ] GC(289) Pause Young (Allocation Failure) 7899M->7900M(8366M) 142.835ms
[53.320s][info][gc,cpu         ] GC(289) User=0.67s Sys=0.03s Real=0.14s
[53.423s][info][gc,start       ] GC(290) Pause Young (Allocation Failure)
[53.575s][info][gc,heap        ] GC(290) PSYoungGen: 267200K(379392K)->181696K(391168K) Eden: 95744K(95744K)->0K(95744K) From: 171456K(283648K)->181696K(295424K)
[53.575s][info][gc,heap        ] GC(290) ParOldGen: 7918823K(8187392K)->8005095K(8187392K)
[53.575s][info][gc,metaspace   ] GC(290) Metaspace: 6302K(6464K)->6302K(6464K) NonClass: 5769K(5824K)->5769K(5824K) Class: 533K(640K)->533K(640K)
[53.575s][info][gc             ] GC(290) Pause Young (Allocation Failure) 7994M->7994M(8377M) 151.989ms
[53.575s][info][gc,cpu         ] GC(290) User=0.84s Sys=0.00s Real=0.15s
[53.681s][info][gc,start       ] GC(291) Pause Young (Allocation Failure)
[53.836s][info][gc,heap        ] GC(291) PSYoungGen: 277440K(391168K)->192000K(381440K) Eden: 95744K(95744K)->0K(107520K) From: 181696K(295424K)->192000K(273920K)
[53.836s][info][gc,heap        ] GC(291) ParOldGen: 8005095K(8187392K)->8091375K(8187392K)
[53.836s][info][gc,metaspace   ] GC(291) Metaspace: 6302K(6464K)->6302K(6464K) NonClass: 5769K(5824K)->5769K(5824K) Class: 533K(640K)->533K(640K)
[53.836s][info][gc             ] GC(291) Pause Young (Allocation Failure) 8088M->8089M(8368M) 155.315ms
[53.836s][info][gc,cpu         ] GC(291) User=0.88s Sys=0.05s Real=0.15s
[53.836s][info][gc,start       ] GC(292) Pause Full (Ergonomics)
[53.836s][info][gc,phases,start] GC(292) Marking Phase
[55.725s][info][gc,phases      ] GC(292) Marking Phase 1888.809ms
[55.725s][info][gc,phases,start] GC(292) Summary Phase
[55.725s][info][gc,phases      ] GC(292) Summary Phase 0.117ms
[55.725s][info][gc,phases,start] GC(292) Adjust Roots
[55.725s][info][gc,phases      ] GC(292) Adjust Roots 0.235ms
[55.725s][info][gc,phases,start] GC(292) Compaction Phase
[56.536s][info][gc,phases      ] GC(292) Compaction Phase 810.339ms
[56.536s][info][gc,phases,start] GC(292) Post Compact
[56.550s][info][gc,phases      ] GC(292) Post Compact 13.904ms
[56.552s][info][gc,heap        ] GC(292) PSYoungGen: 192000K(381440K)->89222K(387072K) Eden: 0K(107520K)->0K(113152K) From: 192000K(273920K)->89222K(273920K)
[56.552s][info][gc,heap        ] GC(292) ParOldGen: 8091375K(8187392K)->8187023K(9033216K)
[56.552s][info][gc,metaspace   ] GC(292) Metaspace: 6302K(6464K)->6302K(6464K) NonClass: 5769K(5824K)->5769K(5824K) Class: 533K(640K)->533K(640K)
[56.552s][info][gc             ] GC(292) Pause Full (Ergonomics) 8089M->8082M(9199M) 2716.515ms
[56.552s][info][gc,cpu         ] GC(292) User=19.66s Sys=0.02s Real=2.72s
[56.669s][info][gc,start       ] GC(293) Pause Young (Allocation Failure)
[57.144s][info][gc,heap        ] GC(293) PSYoungGen: 202374K(387072K)->149184K(392704K) Eden: 113152K(113152K)->0K(113152K) From: 89222K(273920K)->149184K(279552K)
[57.144s][info][gc,heap        ] GC(293) ParOldGen: 8187023K(9033216K)->8241183K(9033216K)
[57.144s][info][gc,metaspace   ] GC(293) Metaspace: 6302K(6464K)->6302K(6464K) NonClass: 5769K(5824K)->5769K(5824K) Class: 533K(640K)->533K(640K)
[57.144s][info][gc             ] GC(293) Pause Young (Allocation Failure) 8192M->8193M(9205M) 474.873ms
[57.144s][info][gc,cpu         ] GC(293) User=3.38s Sys=0.02s Real=0.47s
[57.256s][info][gc,start       ] GC(294) Pause Young (Allocation Failure)
[57.403s][info][gc,heap        ] GC(294) PSYoungGen: 262336K(392704K)->262496K(377344K) Eden: 113152K(113152K)->0K(102400K) From: 149184K(279552K)->262496K(274944K)
[57.403s][info][gc,heap        ] GC(294) ParOldGen: 8241183K(9033216K)->8241183K(9033216K)
[57.403s][info][gc,metaspace   ] GC(294) Metaspace: 6302K(6464K)->6302K(6464K) NonClass: 5769K(5824K)->5769K(5824K) Class: 533K(640K)->533K(640K)
[57.403s][info][gc             ] GC(294) Pause Young (Allocation Failure) 8304M->8304M(9190M) 146.793ms
[57.403s][info][gc,cpu         ] GC(294) User=0.81s Sys=0.00s Real=0.15s
[57.519s][info][gc,start       ] GC(295) Pause Young (Allocation Failure)
[57.706s][info][gc,heap        ] GC(295) PSYoungGen: 364896K(377344K)->296960K(399360K) Eden: 102400K(102400K)->0K(102400K) From: 262496K(274944K)->296960K(296960K)
[57.706s][info][gc,heap        ] GC(295) ParOldGen: 8241183K(9033216K)->8309735K(9033216K)
[57.706s][info][gc,metaspace   ] GC(295) Metaspace: 6302K(6464K)->6302K(6464K) NonClass: 5769K(5824K)->5769K(5824K) Class: 533K(640K)->533K(640K)
[57.706s][info][gc             ] GC(295) Pause Young (Allocation Failure) 8404M->8404M(9211M) 187.745ms
[57.706s][info][gc,cpu         ] GC(295) User=1.30s Sys=0.03s Real=0.19s
[57.811s][info][gc,start       ] GC(296) Pause Young (Allocation Failure)
[58.034s][info][gc,heap        ] GC(296) PSYoungGen: 399360K(399360K)->194368K(439808K) Eden: 102400K(102400K)->0K(114176K) From: 296960K(296960K)->194368K(325632K)
[58.034s][info][gc,heap        ] GC(296) ParOldGen: 8309735K(9033216K)->8516527K(9033216K)
[58.034s][info][gc,metaspace   ] GC(296) Metaspace: 6302K(6464K)->6302K(6464K) NonClass: 5769K(5824K)->5769K(5824K) Class: 533K(640K)->533K(640K)
[58.034s][info][gc             ] GC(296) Pause Young (Allocation Failure) 8504M->8506M(9251M) 223.286ms
[58.034s][info][gc,cpu         ] GC(296) User=1.47s Sys=0.14s Real=0.22s
[58.163s][info][gc,start       ] GC(297) Pause Young (Allocation Failure)
[58.344s][info][gc,heap        ] GC(297) PSYoungGen: 308544K(439808K)->217088K(453120K) Eden: 114176K(114176K)->0K(114176K) From: 194368K(325632K)->217088K(338944K)
[58.344s][info][gc,heap        ] GC(297) ParOldGen: 8516527K(9033216K)->8608839K(9033216K)
[58.344s][info][gc,metaspace   ] GC(297) Metaspace: 6302K(6464K)->6302K(6464K) NonClass: 5769K(5824K)->5769K(5824K) Class: 533K(640K)->533K(640K)
[58.344s][info][gc             ] GC(297) Pause Young (Allocation Failure) 8618M->8619M(9264M) 181.205ms
[58.344s][info][gc,cpu         ] GC(297) User=0.98s Sys=0.08s Real=0.18s
[58.468s][info][gc,start       ] GC(298) Pause Young (Allocation Failure)
[58.655s][info][gc,heap        ] GC(298) PSYoungGen: 331264K(453120K)->228896K(452608K) Eden: 114176K(114176K)->0K(128000K) From: 217088K(338944K)->228896K(324608K)
[58.655s][info][gc,heap        ] GC(298) ParOldGen: 8608839K(9033216K)->8712167K(9033216K)
[58.655s][info][gc,metaspace   ] GC(298) Metaspace: 6302K(6464K)->6302K(6464K) NonClass: 5769K(5824K)->5769K(5824K) Class: 533K(640K)->533K(640K)
[58.655s][info][gc             ] GC(298) Pause Young (Allocation Failure) 8730M->8731M(9263M) 187.181ms
[58.655s][info][gc,cpu         ] GC(298) User=1.08s Sys=0.03s Real=0.19s
[58.795s][info][gc,start       ] GC(299) Pause Young (Allocation Failure)
[59.000s][info][gc,heap        ] GC(299) PSYoungGen: 356896K(452608K)->242752K(455680K) Eden: 128000K(128000K)->0K(128000K) From: 228896K(324608K)->242752K(327680K)
[59.000s][info][gc,heap        ] GC(299) ParOldGen: 8712167K(9033216K)->8827383K(9033216K)
[59.000s][info][gc,metaspace   ] GC(299) Metaspace: 6302K(6464K)->6302K(6464K) NonClass: 5769K(5824K)->5769K(5824K) Class: 533K(640K)->533K(640K)
[59.000s][info][gc             ] GC(299) Pause Young (Allocation Failure) 8856M->8857M(9266M) 205.038ms
[59.000s][info][gc,cpu         ] GC(299) User=1.34s Sys=0.06s Real=0.21s
[59.149s][info][gc,start       ] GC(300) Pause Young (Allocation Failure)
[59.359s][info][gc,heap        ] GC(300) PSYoungGen: 370752K(455680K)->256608K(466944K) Eden: 128000K(128000K)->0K(137728K) From: 242752K(327680K)->256608K(329216K)
[59.359s][info][gc,heap        ] GC(300) ParOldGen: 8827383K(9033216K)->8942615K(9033216K)
[59.359s][info][gc,metaspace   ] GC(300) Metaspace: 6302K(6464K)->6302K(6464K) NonClass: 5769K(5824K)->5769K(5824K) Class: 533K(640K)->533K(640K)
[59.359s][info][gc             ] GC(300) Pause Young (Allocation Failure) 8982M->8983M(9277M) 209.630ms
[59.359s][info][gc,cpu         ] GC(300) User=1.31s Sys=0.14s Real=0.21s
[59.359s][info][gc,start       ] GC(301) Pause Full (Ergonomics)
[59.359s][info][gc,phases,start] GC(301) Marking Phase
[61.485s][info][gc,phases      ] GC(301) Marking Phase 2125.984ms
[61.485s][info][gc,phases,start] GC(301) Summary Phase
[61.485s][info][gc,phases      ] GC(301) Summary Phase 0.103ms
[61.485s][info][gc,phases,start] GC(301) Adjust Roots
[61.485s][info][gc,phases      ] GC(301) Adjust Roots 0.191ms
[61.486s][info][gc,phases,start] GC(301) Compaction Phase
[62.342s][info][gc,phases      ] GC(301) Compaction Phase 856.201ms
[62.342s][info][gc,phases,start] GC(301) Post Compact
[62.356s][info][gc,phases      ] GC(301) Post Compact 14.462ms
[62.359s][info][gc,heap        ] GC(301) PSYoungGen: 256608K(466944K)->158308K(466944K) Eden: 0K(137728K)->0K(137728K) From: 256608K(329216K)->158308K(329216K)
[62.359s][info][gc,heap        ] GC(301) ParOldGen: 8942615K(9033216K)->9033136K(9966592K)
[62.359s][info][gc,metaspace   ] GC(301) Metaspace: 6302K(6464K)->6302K(6464K) NonClass: 5769K(5824K)->5769K(5824K) Class: 533K(640K)->533K(640K)
[62.359s][info][gc             ] GC(301) Pause Full (Ergonomics) 8983M->8976M(10189M) 3000.204ms
[62.359s][info][gc,cpu         ] GC(301) User=21.83s Sys=0.16s Real=3.00s
[62.514s][info][gc,start       ] GC(302) Pause Young (Allocation Failure)
[63.103s][info][gc,heap        ] GC(302) PSYoungGen: 296036K(466944K)->217312K(472576K) Eden: 137728K(137728K)->0K(137728K) From: 158308K(329216K)->217312K(334848K)
[63.103s][info][gc,heap        ] GC(302) ParOldGen: 9033136K(9966592K)->9113200K(9966592K)
[63.103s][info][gc,metaspace   ] GC(302) Metaspace: 6302K(6464K)->6302K(6464K) NonClass: 5769K(5824K)->5769K(5824K) Class: 533K(640K)->533K(640K)
[63.103s][info][gc             ] GC(302) Pause Young (Allocation Failure) 9110M->9111M(10194M) 588.142ms
[63.103s][info][gc,cpu         ] GC(302) User=3.84s Sys=0.05s Real=0.59s
[63.252s][info][gc,start       ] GC(303) Pause Young (Allocation Failure)
[63.458s][info][gc,heap        ] GC(303) PSYoungGen: 355040K(472576K)->323584K(433152K) Eden: 137728K(137728K)->0K(109568K) From: 217312K(334848K)->323584K(323584K)
[63.458s][info][gc,heap        ] GC(303) ParOldGen: 9113200K(9966592K)->9145072K(9966592K)
[63.458s][info][gc,metaspace   ] GC(303) Metaspace: 6302K(6464K)->6302K(6464K) NonClass: 5769K(5824K)->5769K(5824K) Class: 533K(640K)->533K(640K)
[63.458s][info][gc             ] GC(303) Pause Young (Allocation Failure) 9246M->9246M(10156M) 206.631ms
[63.458s][info][gc,cpu         ] GC(303) User=1.36s Sys=0.03s Real=0.21s
[63.579s][info][gc,start       ] GC(304) Pause Young (Allocation Failure)
[63.838s][info][gc,heap        ] GC(304) PSYoungGen: 433152K(433152K)->237728K(474624K) Eden: 109568K(109568K)->0K(109568K) From: 323584K(323584K)->237728K(365056K)
[63.838s][info][gc,heap        ] GC(304) ParOldGen: 9145072K(9966592K)->9342272K(9966592K)
[63.838s][info][gc,metaspace   ] GC(304) Metaspace: 6302K(6464K)->6302K(6464K) NonClass: 5769K(5824K)->5769K(5824K) Class: 533K(640K)->533K(640K)
[63.838s][info][gc             ] GC(304) Pause Young (Allocation Failure) 9353M->9355M(10196M) 258.899ms
[63.838s][info][gc,cpu         ] GC(304) User=1.78s Sys=0.09s Real=0.26s
[63.958s][info][gc,start       ] GC(305) Pause Young (Allocation Failure)
[64.154s][info][gc,heap        ] GC(305) PSYoungGen: 347296K(474624K)->219680K(456192K) Eden: 109568K(109568K)->0K(122368K) From: 237728K(365056K)->219680K(333824K)
[64.154s][info][gc,heap        ] GC(305) ParOldGen: 9342272K(9966592K)->9470968K(9966592K)
[64.154s][info][gc,metaspace   ] GC(305) Metaspace: 6302K(6464K)->6302K(6464K) NonClass: 5769K(5824K)->5769K(5824K) Class: 533K(640K)->533K(640K)
[64.154s][info][gc             ] GC(305) Pause Young (Allocation Failure) 9462M->9463M(10178M) 196.284ms
[64.154s][info][gc,cpu         ] GC(305) User=1.36s Sys=0.05s Real=0.20s
[64.277s][info][gc,start       ] GC(306) Pause Young (Allocation Failure)
[64.470s][info][gc,heap        ] GC(306) PSYoungGen: 342048K(456192K)->232576K(466432K) Eden: 122368K(122368K)->0K(122368K) From: 219680K(333824K)->232576K(344064K)
[64.470s][info][gc,heap        ] GC(306) ParOldGen: 9470968K(9966592K)->9581536K(9966592K)
[64.470s][info][gc,metaspace   ] GC(306) Metaspace: 6302K(6464K)->6302K(6464K) NonClass: 5769K(5824K)->5769K(5824K) Class: 533K(640K)->533K(640K)
[64.470s][info][gc             ] GC(306) Pause Young (Allocation Failure) 9583M->9584M(10188M) 192.446ms
[64.470s][info][gc,cpu         ] GC(306) User=1.42s Sys=0.09s Real=0.19s
[64.602s][info][gc,start       ] GC(307) Pause Young (Allocation Failure)
[64.816s][info][gc,heap        ] GC(307) PSYoungGen: 354944K(466432K)->245280K(462336K) Eden: 122368K(122368K)->0K(137216K) From: 232576K(344064K)->245280K(325120K)
[64.816s][info][gc,heap        ] GC(307) ParOldGen: 9581536K(9966592K)->9692088K(9966592K)
[64.816s][info][gc,metaspace   ] GC(307) Metaspace: 6302K(6464K)->6302K(6464K) NonClass: 5769K(5824K)->5769K(5824K) Class: 533K(640K)->533K(640K)
[64.816s][info][gc             ] GC(307) Pause Young (Allocation Failure) 9703M->9704M(10184M) 213.919ms
[64.816s][info][gc,cpu         ] GC(307) User=1.27s Sys=0.03s Real=0.21s
[64.965s][info][gc,start       ] GC(308) Pause Young (Allocation Failure)
[65.197s][info][gc,heap        ] GC(308) PSYoungGen: 382496K(462336K)->137600K(466432K) Eden: 137216K(137216K)->0K(137216K) From: 245280K(325120K)->137600K(329216K)
[65.197s][info][gc,heap        ] GC(308) ParOldGen: 9692088K(9966592K)->9939048K(9966592K)
[65.197s][info][gc,metaspace   ] GC(308) Metaspace: 6302K(6464K)->6302K(6464K) NonClass: 5769K(5824K)->5769K(5824K) Class: 533K(640K)->533K(640K)
[65.197s][info][gc             ] GC(308) Pause Young (Allocation Failure) 9838M->9840M(10188M) 232.183ms
[65.197s][info][gc,cpu         ] GC(308) User=1.72s Sys=0.06s Real=0.23s
[65.197s][info][gc,start       ] GC(309) Pause Full (Ergonomics)
[65.197s][info][gc,phases,start] GC(309) Marking Phase
[67.599s][info][gc,phases      ] GC(309) Marking Phase 2401.866ms
[67.599s][info][gc,phases,start] GC(309) Summary Phase
[67.599s][info][gc,phases      ] GC(309) Summary Phase 0.106ms
[67.599s][info][gc,phases,start] GC(309) Adjust Roots
[67.600s][info][gc,phases      ] GC(309) Adjust Roots 0.194ms
[67.600s][info][gc,phases,start] GC(309) Compaction Phase
[68.552s][info][gc,phases      ] GC(309) Compaction Phase 952.876ms
[68.553s][info][gc,phases,start] GC(309) Post Compact
[68.570s][info][gc,phases      ] GC(309) Post Compact 17.006ms
[68.573s][info][gc,heap        ] GC(309) PSYoungGen: 137600K(466432K)->101406K(466432K) Eden: 0K(137216K)->0K(137216K) From: 137600K(329216K)->101406K(329216K)
[68.573s][info][gc,heap        ] GC(309) ParOldGen: 9939048K(9966592K)->9966374K(11040256K)
[68.573s][info][gc,metaspace   ] GC(309) Metaspace: 6302K(6464K)->6302K(6464K) NonClass: 5769K(5824K)->5769K(5824K) Class: 533K(640K)->533K(640K)
[68.573s][info][gc             ] GC(309) Pause Full (Ergonomics) 9840M->9831M(11237M) 3375.970ms
[68.573s][info][gc,cpu         ] GC(309) User=24.31s Sys=0.14s Real=3.38s
[68.725s][info][gc,start       ] GC(310) Pause Young (Allocation Failure)
[69.317s][info][gc,heap        ] GC(310) PSYoungGen: 238622K(466432K)->137536K(485888K) Eden: 137216K(137216K)->0K(150528K) From: 101406K(329216K)->137536K(335360K)
[69.317s][info][gc,heap        ] GC(310) ParOldGen: 9966374K(11040256K)->10068742K(11040256K)
[69.317s][info][gc,metaspace   ] GC(310) Metaspace: 6302K(6464K)->6302K(6464K) NonClass: 5769K(5824K)->5769K(5824K) Class: 533K(640K)->533K(640K)
[69.317s][info][gc             ] GC(310) Pause Young (Allocation Failure) 9965M->9967M(11256M) 592.226ms
[69.317s][info][gc,cpu         ] GC(310) User=3.88s Sys=0.16s Real=0.59s
[69.477s][info][gc,start       ] GC(311) Pause Young (Allocation Failure)
[69.664s][info][gc,heap        ] GC(311) PSYoungGen: 288064K(485888K)->288448K(488960K) Eden: 150528K(150528K)->0K(150528K) From: 137536K(335360K)->288448K(338432K)
[69.664s][info][gc,heap        ] GC(311) ParOldGen: 10068742K(11040256K)->10068742K(11040256K)
[69.664s][info][gc,metaspace   ] GC(311) Metaspace: 6302K(6464K)->6302K(6464K) NonClass: 5769K(5824K)->5769K(5824K) Class: 533K(640K)->533K(640K)
[69.664s][info][gc             ] GC(311) Pause Young (Allocation Failure) 10114M->10114M(11259M) 186.720ms
[69.664s][info][gc,cpu         ] GC(311) User=1.11s Sys=0.00s Real=0.19s
[69.827s][info][gc,start       ] GC(312) Pause Young (Allocation Failure)
[70.089s][info][gc,heap        ] GC(312) PSYoungGen: 438976K(488960K)->301792K(502784K) Eden: 150528K(150528K)->0K(148992K) From: 288448K(338432K)->301792K(353792K)
[70.089s][info][gc,heap        ] GC(312) ParOldGen: 10068742K(11040256K)->10207190K(11040256K)
[70.089s][info][gc,metaspace   ] GC(312) Metaspace: 6302K(6464K)->6302K(6464K) NonClass: 5769K(5824K)->5769K(5824K) Class: 533K(640K)->533K(640K)
[70.089s][info][gc             ] GC(312) Pause Young (Allocation Failure) 10261M->10262M(11272M) 262.186ms
[70.089s][info][gc,cpu         ] GC(312) User=1.81s Sys=0.08s Real=0.26s
[70.259s][info][gc,start       ] GC(313) Pause Young (Allocation Failure)
[70.535s][info][gc,heap        ] GC(313) PSYoungGen: 450784K(502784K)->300288K(519680K) Eden: 148992K(148992K)->0K(148992K) From: 301792K(353792K)->300288K(370688K)
[70.535s][info][gc,heap        ] GC(313) ParOldGen: 10207190K(11040256K)->10359078K(11040256K)
[70.535s][info][gc,metaspace   ] GC(313) Metaspace: 6302K(6464K)->6302K(6464K) NonClass: 5769K(5824K)->5769K(5824K) Class: 533K(640K)->533K(640K)
[70.535s][info][gc             ] GC(313) Pause Young (Allocation Failure) 10408M->10409M(11289M) 275.983ms
[70.535s][info][gc,cpu         ] GC(313) User=1.89s Sys=0.08s Real=0.27s
[70.708s][info][gc,start       ] GC(314) Pause Young (Allocation Failure)
[70.979s][info][gc,heap        ] GC(314) PSYoungGen: 449280K(519680K)->298688K(540672K) Eden: 148992K(148992K)->0K(157696K) From: 300288K(370688K)->298688K(382976K)
[70.979s][info][gc,heap        ] GC(314) ParOldGen: 10359078K(11040256K)->10510974K(11040256K)
[70.979s][info][gc,metaspace   ] GC(314) Metaspace: 6302K(6464K)->6302K(6464K) NonClass: 5769K(5824K)->5769K(5824K) Class: 533K(640K)->533K(640K)
[70.979s][info][gc             ] GC(314) Pause Young (Allocation Failure) 10555M->10556M(11309M) 271.053ms
[70.979s][info][gc,cpu         ] GC(314) User=1.78s Sys=0.08s Real=0.27s
[71.157s][info][gc,start       ] GC(315) Pause Young (Allocation Failure)
[71.440s][info][gc,heap        ] GC(315) PSYoungGen: 456384K(540672K)->307392K(548864K) Eden: 157696K(157696K)->0K(157696K) From: 298688K(382976K)->307392K(391168K)
[71.440s][info][gc,heap        ] GC(315) ParOldGen: 10510974K(11040256K)->10661318K(11040256K)
[71.440s][info][gc,metaspace   ] GC(315) Metaspace: 6302K(6464K)->6302K(6464K) NonClass: 5769K(5824K)->5769K(5824K) Class: 533K(640K)->533K(640K)
[71.440s][info][gc             ] GC(315) Pause Young (Allocation Failure) 10710M->10711M(11317M) 283.454ms
[71.440s][info][gc,cpu         ] GC(315) User=1.92s Sys=0.09s Real=0.28s
[71.619s][info][gc,start       ] GC(316) Pause Young (Allocation Failure)
[71.926s][info][gc,heap        ] GC(316) PSYoungGen: 465088K(548864K)->316128K(567296K) Eden: 157696K(157696K)->0K(166400K) From: 307392K(391168K)->316128K(400896K)
[71.926s][info][gc,heap        ] GC(316) ParOldGen: 10661318K(11040256K)->10811638K(11040256K)
[71.926s][info][gc,metaspace   ] GC(316) Metaspace: 6302K(6464K)->6302K(6464K) NonClass: 5769K(5824K)->5769K(5824K) Class: 533K(640K)->533K(640K)
[71.926s][info][gc             ] GC(316) Pause Young (Allocation Failure) 10865M->10866M(11335M) 307.183ms
[71.926s][info][gc,cpu         ] GC(316) User=1.86s Sys=0.12s Real=0.31s
[71.926s][info][gc,start       ] GC(317) Pause Full (Ergonomics)
[71.926s][info][gc,phases,start] GC(317) Marking Phase
[74.574s][info][gc,phases      ] GC(317) Marking Phase 2647.352ms
[74.574s][info][gc,phases,start] GC(317) Summary Phase
[74.574s][info][gc,phases      ] GC(317) Summary Phase 0.118ms
[74.574s][info][gc,phases,start] GC(317) Adjust Roots
[74.574s][info][gc,phases      ] GC(317) Adjust Roots 0.200ms
[74.574s][info][gc,phases,start] GC(317) Compaction Phase
[75.571s][info][gc,phases      ] GC(317) Compaction Phase 996.939ms
[75.571s][info][gc,phases,start] GC(317) Post Compact
[75.590s][info][gc,phases      ] GC(317) Post Compact 18.484ms
[75.592s][info][gc,heap        ] GC(317) PSYoungGen: 316128K(567296K)->79253K(567296K) Eden: 0K(166400K)->0K(166400K) From: 316128K(400896K)->79253K(400896K)
[75.592s][info][gc,heap        ] GC(317) ParOldGen: 10811638K(11040256K)->11039961K(11605504K)
[75.592s][info][gc,metaspace   ] GC(317) Metaspace: 6302K(6464K)->6302K(6464K) NonClass: 5769K(5824K)->5769K(5824K) Class: 533K(640K)->533K(640K)
[75.592s][info][gc             ] GC(317) Pause Full (Ergonomics) 10866M->10858M(11887M) 3665.545ms
[75.592s][info][gc,cpu         ] GC(317) User=26.94s Sys=0.17s Real=3.66s
[75.795s][info][gc,start       ] GC(318) Pause Young (Allocation Failure)
[76.466s][info][gc,heap        ] GC(318) PSYoungGen: 245653K(567296K)->166848K(577024K) Eden: 166400K(166400K)->0K(166400K) From: 79253K(400896K)->166848K(410624K)
[76.466s][info][gc,heap        ] GC(318) ParOldGen: 11039961K(11605504K)->11120041K(11605504K)
[76.466s][info][gc,metaspace   ] GC(318) Metaspace: 6302K(6464K)->6302K(6464K) NonClass: 5769K(5824K)->5769K(5824K) Class: 533K(640K)->533K(640K)
[76.466s][info][gc             ] GC(318) Pause Young (Allocation Failure) 11021M->11022M(11897M) 670.913ms
[76.466s][info][gc,cpu         ] GC(318) User=4.14s Sys=0.06s Real=0.67s
[76.652s][info][gc,start       ] GC(319) Pause Young (Allocation Failure)
[76.875s][info][gc,heap        ] GC(319) PSYoungGen: 333248K(577024K)->333536K(577024K) Eden: 166400K(166400K)->0K(166912K) From: 166848K(410624K)->333536K(410112K)
[76.875s][info][gc,heap        ] GC(319) ParOldGen: 11120041K(11605504K)->11120041K(11605504K)
[76.875s][info][gc,metaspace   ] GC(319) Metaspace: 6302K(6464K)->6302K(6464K) NonClass: 5769K(5824K)->5769K(5824K) Class: 533K(640K)->533K(640K)
[76.875s][info][gc             ] GC(319) Pause Young (Allocation Failure) 11184M->11185M(11897M) 222.572ms
[76.875s][info][gc,cpu         ] GC(319) User=1.17s Sys=0.02s Real=0.22s
[77.034s][info][gc,start       ] GC(320) Pause Young (Allocation Failure)
[77.331s][info][gc,heap        ] GC(320) PSYoungGen: 470383K(577024K)->303168K(592896K) Eden: 136847K(166912K)->0K(166912K) From: 333536K(410112K)->303168K(425984K)
[77.331s][info][gc,heap        ] GC(320) ParOldGen: 11120041K(11605504K)->11287937K(11605504K)
[77.331s][info][gc,metaspace   ] GC(320) Metaspace: 6302K(6464K)->6302K(6464K) NonClass: 5769K(5824K)->5769K(5824K) Class: 533K(640K)->533K(640K)
[77.331s][info][gc             ] GC(320) Pause Young (Allocation Failure) 11318M->11319M(11912M) 296.468ms
[77.331s][info][gc,cpu         ] GC(320) User=1.89s Sys=0.12s Real=0.30s
[77.331s][info][gc,start       ] GC(321) Pause Young (Allocation Failure)
[77.513s][info][gc,heap        ] GC(321) PSYoungGen: 303168K(592896K)->136416K(607232K) Eden: 0K(166912K)->0K(180736K) From: 303168K(425984K)->136416K(426496K)
[77.514s][info][gc,heap        ] GC(321) ParOldGen: 11287937K(11605504K)->11455841K(11605504K)
[77.514s][info][gc,metaspace   ] GC(321) Metaspace: 6302K(6464K)->6302K(6464K) NonClass: 5769K(5824K)->5769K(5824K) Class: 533K(640K)->533K(640K)
[77.514s][info][gc             ] GC(321) Pause Young (Allocation Failure) 11319M->11320M(11926M) 182.735ms
[77.514s][info][gc,cpu         ] GC(321) User=1.06s Sys=0.11s Real=0.18s
[77.514s][info][gc,start       ] GC(322) Pause Full (Allocation Failure)
[77.514s][info][gc,phases,start] GC(322) Marking Phase
[80.418s][info][gc,phases      ] GC(322) Marking Phase 2904.147ms
[80.418s][info][gc,phases,start] GC(322) Summary Phase
[80.418s][info][gc,phases      ] GC(322) Summary Phase 0.171ms
[80.418s][info][gc,phases,start] GC(322) Adjust Roots
[80.418s][info][gc,phases      ] GC(322) Adjust Roots 0.236ms
[80.418s][info][gc,phases,start] GC(322) Compaction Phase
[81.428s][info][gc,phases      ] GC(322) Compaction Phase 1009.607ms
[81.428s][info][gc,phases,start] GC(322) Post Compact
[81.446s][info][gc,phases      ] GC(322) Post Compact 17.673ms
[81.446s][info][gc,heap        ] GC(322) PSYoungGen: 136416K(607232K)->0K(611840K) Eden: 0K(180736K)->0K(180736K) From: 136416K(426496K)->0K(431104K)
[81.446s][info][gc,heap        ] GC(322) ParOldGen: 11455841K(11605504K)->11587947K(11605504K)
[81.446s][info][gc,metaspace   ] GC(322) Metaspace: 6302K(6464K)->6302K(6464K) NonClass: 5769K(5824K)->5769K(5824K) Class: 533K(640K)->533K(640K)
[81.446s][info][gc             ] GC(322) Pause Full (Allocation Failure) 11320M->11316M(11931M) 3932.226ms
[81.446s][info][gc,cpu         ] GC(322) User=27.41s Sys=0.00s Real=3.93s
[81.446s][info][gc,start       ] GC(323) Pause Young (Allocation Failure)
[81.461s][info][gc,heap        ] GC(323) PSYoungGen: 0K(611840K)->0K(612352K) Eden: 0K(180736K)->0K(181248K) From: 0K(431104K)->0K(431104K)
[81.461s][info][gc,heap        ] GC(323) ParOldGen: 11587947K(11605504K)->11587947K(11605504K)
[81.461s][info][gc,metaspace   ] GC(323) Metaspace: 6302K(6464K)->6302K(6464K) NonClass: 5769K(5824K)->5769K(5824K) Class: 533K(640K)->533K(640K)
[81.461s][info][gc             ] GC(323) Pause Young (Allocation Failure) 11316M->11316M(11931M) 15.028ms
[81.461s][info][gc,cpu         ] GC(323) User=0.02s Sys=0.00s Real=0.02s
[81.461s][info][gc,start       ] GC(324) Pause Full (Allocation Failure)
[81.461s][info][gc,phases,start] GC(324) Marking Phase
[84.295s][info][gc,phases      ] GC(324) Marking Phase 2834.160ms
[84.295s][info][gc,phases,start] GC(324) Summary Phase
[84.295s][info][gc,phases      ] GC(324) Summary Phase 0.108ms
[84.295s][info][gc,phases,start] GC(324) Adjust Roots
[84.296s][info][gc,phases      ] GC(324) Adjust Roots 0.408ms
[84.296s][info][gc,phases,start] GC(324) Compaction Phase
[87.116s][info][gc,phases      ] GC(324) Compaction Phase 2820.049ms
[87.116s][info][gc,phases,start] GC(324) Post Compact
[87.133s][info][gc,phases      ] GC(324) Post Compact 17.290ms
[87.133s][info][gc,heap        ] GC(324) PSYoungGen: 0K(612352K)->0K(635904K) Eden: 0K(181248K)->0K(181248K) From: 0K(431104K)->0K(454656K)
[87.133s][info][gc,heap        ] GC(324) ParOldGen: 11587947K(11605504K)->11587942K(11605504K)
[87.133s][info][gc,metaspace   ] GC(324) Metaspace: 6302K(6464K)->6300K(6464K) NonClass: 5769K(5824K)->5767K(5824K) Class: 533K(640K)->532K(640K)
[87.133s][info][gc             ] GC(324) Pause Full (Allocation Failure) 11316M->11316M(11954M) 5672.315ms
[87.133s][info][gc,cpu         ] GC(324) User=40.48s Sys=0.02s Real=5.67s
[87.135s][info][gc,heap,exit   ] Heap
[87.135s][info][gc,heap,exit   ]  PSYoungGen      total 635904K, used 7218K [0x000000069dd80000, 0x00000006e1800000, 0x0000000800000000)
[87.135s][info][gc,heap,exit   ]   eden space 181248K, 3% used [0x000000069dd80000,0x000000069e48ca78,0x00000006a8e80000)
[87.135s][info][gc,heap,exit   ]   from space 454656K, 0% used [0x00000006a8e80000,0x00000006a8e80000,0x00000006c4a80000)
[87.135s][info][gc,heap,exit   ]   to   space 454656K, 0% used [0x00000006c5c00000,0x00000006c5c00000,0x00000006e1800000)
[87.135s][info][gc,heap,exit   ]  ParOldGen       total 11605504K, used 11587942K [0x00000003d9800000, 0x000000069dd80000, 0x000000069dd80000)
[87.135s][info][gc,heap,exit   ]   object space 11605504K, 99% used [0x00000003d9800000,0x000000069cc59b88,0x000000069dd80000)
[87.135s][info][gc,heap,exit   ]  Metaspace       used 6305K, committed 6528K, reserved 1114112K
[87.135s][info][gc,heap,exit   ]   class space    used 534K, committed 640K, reserved 1048576K
