[0.012s][info][gc,init] CardTable entry size: 512
[0.013s][info][gc     ] Using Serial
[0.013s][info][gc,init] Version: 18.0.1+10 (release)
[0.013s][info][gc,init] CPUs: 8 total, 8 available
[0.013s][info][gc,init] Memory: 16063M
[0.013s][info][gc,init] Large Page Support: Disabled
[0.013s][info][gc,init] NUMA Support: Disabled
[0.013s][info][gc,init] Compressed Oops: Enabled (32-bit)
[0.013s][info][gc,init] Heap Min Capacity: 2M
[0.013s][info][gc,init] Heap Initial Capacity: 2M
[0.013s][info][gc,init] Heap Max Capacity: 900M
[0.013s][info][gc,init] Pre-touch: Disabled
[0.013s][info][gc,metaspace] CDS archive(s) not mapped
[0.013s][info][gc,metaspace] Compressed class space mapped at: 0x0000000100000000-0x0000000140000000, reserved size: 1073741824
[0.013s][info][gc,metaspace] Narrow klass base: 0x0000000000000000, Narrow klass shift: 3, Narrow klass range: 0x140000000
[0.177s][info][gc,start    ] GC(0) Pause Young (Allocation Failure)
[0.179s][info][gc,heap     ] GC(0) DefNew: 1023K(1152K)->127K(1152K) Eden: 1023K(1024K)->0K(1024K) From: 0K(128K)->127K(128K)
[0.179s][info][gc,heap     ] GC(0) Tenured: 0K(768K)->440K(768K)
[0.179s][info][gc,metaspace] GC(0) Metaspace: 5903K(6016K)->5903K(6016K) NonClass: 5404K(5504K)->5404K(5504K) Class: 499K(512K)->499K(512K)
[0.179s][info][gc          ] GC(0) Pause Young (Allocation Failure) 0M->0M(1M) 1.870ms
[0.179s][info][gc,cpu      ] GC(0) User=0.00s Sys=0.00s Real=0.00s
[0.197s][info][gc,start    ] GC(1) Pause Young (Allocation Failure)
[0.198s][info][gc          ] GC(1) Pause Young (Allocation Failure) 1M->0M(2M) 1.214ms
[0.198s][info][gc,cpu      ] GC(1) User=0.00s Sys=0.00s Real=0.00s
[0.198s][info][gc,start    ] GC(2) Pause Full (Allocation Failure)
[0.199s][info][gc,phases,start] GC(2) Phase 1: Mark live objects
[0.200s][info][gc,phases      ] GC(2) Phase 1: Mark live objects 0.970ms
[0.200s][info][gc,phases,start] GC(2) Phase 2: Compute new object addresses
[0.200s][info][gc,phases      ] GC(2) Phase 2: Compute new object addresses 0.228ms
[0.200s][info][gc,phases,start] GC(2) Phase 3: Adjust pointers
[0.200s][info][gc,phases      ] GC(2) Phase 3: Adjust pointers 0.525ms
[0.200s][info][gc,phases,start] GC(2) Phase 4: Move objects
[0.200s][info][gc,phases      ] GC(2) Phase 4: Move objects 0.058ms
[0.201s][info][gc,heap        ] GC(2) DefNew: 1151K(1152K)->40K(1152K) Eden: 1024K(1024K)->40K(1024K) From: 127K(128K)->0K(128K)
[0.201s][info][gc,heap        ] GC(2) Tenured: 440K(768K)->959K(1600K)
[0.201s][info][gc,metaspace   ] GC(2) Metaspace: 6301K(6528K)->6301K(6528K) NonClass: 5767K(5888K)->5767K(5888K) Class: 533K(640K)->533K(640K)
[0.201s][info][gc             ] GC(2) Pause Full (Allocation Failure) 0M->0M(2M) 2.057ms
[0.201s][info][gc,cpu         ] GC(2) User=0.00s Sys=0.00s Real=0.00s
[0.202s][info][gc,start       ] GC(3) Pause Young (Allocation Failure)
[0.203s][info][gc,heap        ] GC(3) DefNew: 1024K(1152K)->128K(1152K) Eden: 1024K(1024K)->0K(1024K) From: 0K(128K)->128K(128K)
[0.203s][info][gc,heap        ] GC(3) Tenured: 959K(1600K)->1374K(1600K)
[0.203s][info][gc,metaspace   ] GC(3) Metaspace: 6301K(6528K)->6301K(6528K) NonClass: 5767K(5888K)->5767K(5888K) Class: 533K(640K)->533K(640K)
[0.203s][info][gc             ] GC(3) Pause Young (Allocation Failure) 1M->1M(2M) 1.254ms
[0.203s][info][gc,cpu         ] GC(3) User=0.00s Sys=0.00s Real=0.00s
[0.205s][info][gc,start       ] GC(4) Pause Young (Allocation Failure)
[0.206s][info][gc             ] GC(4) Pause Young (Allocation Failure) 2M->1M(3M) 1.321ms
[0.206s][info][gc,cpu         ] GC(4) User=0.00s Sys=0.00s Real=0.00s
[0.206s][info][gc,start       ] GC(5) Pause Full (Allocation Failure)
[0.206s][info][gc,phases,start] GC(5) Phase 1: Mark live objects
[0.208s][info][gc,phases      ] GC(5) Phase 1: Mark live objects 1.625ms
[0.208s][info][gc,phases,start] GC(5) Phase 2: Compute new object addresses
[0.208s][info][gc,phases      ] GC(5) Phase 2: Compute new object addresses 0.420ms
[0.208s][info][gc,phases,start] GC(5) Phase 3: Adjust pointers
[0.209s][info][gc,phases      ] GC(5) Phase 3: Adjust pointers 0.707ms
[0.209s][info][gc,phases,start] GC(5) Phase 4: Move objects
[0.209s][info][gc,phases      ] GC(5) Phase 4: Move objects 0.083ms
[0.209s][info][gc,heap        ] GC(5) DefNew: 1152K(1152K)->34K(1536K) Eden: 1024K(1024K)->34K(1408K) From: 128K(128K)->0K(128K)
[0.209s][info][gc,heap        ] GC(5) Tenured: 1374K(1600K)->1983K(3308K)
[0.209s][info][gc,metaspace   ] GC(5) Metaspace: 6301K(6528K)->6301K(6528K) NonClass: 5767K(5888K)->5767K(5888K) Class: 533K(640K)->533K(640K)
[0.209s][info][gc             ] GC(5) Pause Full (Allocation Failure) 1M->1M(4M) 3.183ms
[0.209s][info][gc,cpu         ] GC(5) User=0.00s Sys=0.02s Real=0.00s
[0.211s][info][gc,start       ] GC(6) Pause Young (Allocation Failure)
[0.213s][info][gc,heap        ] GC(6) DefNew: 1408K(1536K)->127K(1536K) Eden: 1408K(1408K)->0K(1408K) From: 0K(128K)->127K(128K)
[0.213s][info][gc,heap        ] GC(6) Tenured: 1983K(3308K)->2617K(3308K)
[0.213s][info][gc,metaspace   ] GC(6) Metaspace: 6301K(6528K)->6301K(6528K) NonClass: 5767K(5888K)->5767K(5888K) Class: 533K(640K)->533K(640K)
[0.213s][info][gc             ] GC(6) Pause Young (Allocation Failure) 3M->2M(4M) 1.905ms
[0.213s][info][gc,cpu         ] GC(6) User=0.00s Sys=0.00s Real=0.00s
[0.215s][info][gc,start       ] GC(7) Pause Young (Allocation Failure)
[0.217s][info][gc             ] GC(7) Pause Young (Allocation Failure) 4M->3M(4M) 1.744ms
[0.217s][info][gc,cpu         ] GC(7) User=0.00s Sys=0.00s Real=0.00s
[0.217s][info][gc,start       ] GC(8) Pause Full (Allocation Failure)
[0.217s][info][gc,phases,start] GC(8) Phase 1: Mark live objects
[0.219s][info][gc,phases      ] GC(8) Phase 1: Mark live objects 2.152ms
[0.219s][info][gc,phases,start] GC(8) Phase 2: Compute new object addresses
[0.220s][info][gc,phases      ] GC(8) Phase 2: Compute new object addresses 0.670ms
[0.220s][info][gc,phases,start] GC(8) Phase 3: Adjust pointers
[0.221s][info][gc,phases      ] GC(8) Phase 3: Adjust pointers 1.160ms
[0.221s][info][gc,phases,start] GC(8) Phase 4: Move objects
[0.221s][info][gc,phases      ] GC(8) Phase 4: Move objects 0.086ms
[0.221s][info][gc,heap        ] GC(8) DefNew: 1535K(1536K)->0K(2688K) Eden: 1408K(1408K)->0K(2432K) From: 127K(128K)->0K(256K)
[0.221s][info][gc,heap        ] GC(8) Tenured: 2617K(3308K)->3460K(5768K)
[0.221s][info][gc,metaspace   ] GC(8) Metaspace: 6301K(6528K)->6301K(6528K) NonClass: 5767K(5888K)->5767K(5888K) Class: 533K(640K)->533K(640K)
[0.221s][info][gc             ] GC(8) Pause Full (Allocation Failure) 3M->3M(8M) 4.396ms
[0.221s][info][gc,cpu         ] GC(8) User=0.00s Sys=0.00s Real=0.00s
[0.224s][info][gc,start       ] GC(9) Pause Young (Allocation Failure)
[0.226s][info][gc,heap        ] GC(9) DefNew: 2432K(2688K)->256K(2688K) Eden: 2432K(2432K)->0K(2432K) From: 0K(256K)->256K(256K)
[0.226s][info][gc,heap        ] GC(9) Tenured: 3460K(5768K)->4512K(5768K)
[0.226s][info][gc,metaspace   ] GC(9) Metaspace: 6301K(6528K)->6301K(6528K) NonClass: 5767K(5888K)->5767K(5888K) Class: 533K(640K)->533K(640K)
[0.226s][info][gc             ] GC(9) Pause Young (Allocation Failure) 5M->4M(8M) 2.354ms
[0.227s][info][gc,cpu         ] GC(9) User=0.02s Sys=0.00s Real=0.00s
[0.229s][info][gc,start       ] GC(10) Pause Young (Allocation Failure)
[0.232s][info][gc,heap        ] GC(10) DefNew: 2688K(2688K)->256K(2688K) Eden: 2432K(2432K)->0K(2432K) From: 256K(256K)->256K(256K)
[0.232s][info][gc,heap        ] GC(10) Tenured: 4512K(5768K)->5755K(5768K)
[0.232s][info][gc,metaspace   ] GC(10) Metaspace: 6301K(6528K)->6301K(6528K) NonClass: 5767K(5888K)->5767K(5888K) Class: 533K(640K)->533K(640K)
[0.232s][info][gc             ] GC(10) Pause Young (Allocation Failure) 7M->5M(8M) 2.834ms
[0.232s][info][gc,cpu         ] GC(10) User=0.00s Sys=0.00s Real=0.00s
[0.235s][info][gc,start       ] GC(11) Pause Young (Allocation Failure)
[0.238s][info][gc             ] GC(11) Pause Young (Allocation Failure) 8M->7M(9M) 3.132ms
[0.238s][info][gc,cpu         ] GC(11) User=0.00s Sys=0.00s Real=0.00s
[0.238s][info][gc,start       ] GC(12) Pause Full (Allocation Failure)
[0.238s][info][gc,phases,start] GC(12) Phase 1: Mark live objects
[0.242s][info][gc,phases      ] GC(12) Phase 1: Mark live objects 3.822ms
[0.242s][info][gc,phases,start] GC(12) Phase 2: Compute new object addresses
[0.243s][info][gc,phases      ] GC(12) Phase 2: Compute new object addresses 1.163ms
[0.243s][info][gc,phases,start] GC(12) Phase 3: Adjust pointers
[0.245s][info][gc,phases      ] GC(12) Phase 3: Adjust pointers 1.575ms
[0.245s][info][gc,phases,start] GC(12) Phase 4: Move objects
[0.246s][info][gc,phases      ] GC(12) Phase 4: Move objects 1.145ms
[0.246s][info][gc,heap        ] GC(12) DefNew: 2688K(2688K)->0K(5376K) Eden: 2432K(2432K)->0K(4800K) From: 256K(256K)->0K(576K)
[0.246s][info][gc,heap        ] GC(12) Tenured: 5755K(5768K)->7132K(11888K)
[0.246s][info][gc,metaspace   ] GC(12) Metaspace: 6301K(6528K)->6301K(6528K) NonClass: 5767K(5888K)->5767K(5888K) Class: 533K(640K)->533K(640K)
[0.246s][info][gc             ] GC(12) Pause Full (Allocation Failure) 7M->6M(16M) 8.189ms
[0.246s][info][gc,cpu         ] GC(12) User=0.00s Sys=0.00s Real=0.01s
[0.252s][info][gc,start       ] GC(13) Pause Young (Allocation Failure)
[0.258s][info][gc,heap        ] GC(13) DefNew: 4800K(5376K)->575K(5376K) Eden: 4800K(4800K)->0K(4800K) From: 0K(576K)->575K(576K)
[0.258s][info][gc,heap        ] GC(13) Tenured: 7132K(11888K)->9027K(11888K)
[0.258s][info][gc,metaspace   ] GC(13) Metaspace: 6301K(6528K)->6301K(6528K) NonClass: 5767K(5888K)->5767K(5888K) Class: 533K(640K)->533K(640K)
[0.258s][info][gc             ] GC(13) Pause Young (Allocation Failure) 11M->9M(16M) 5.624ms
[0.258s][info][gc,cpu         ] GC(13) User=0.00s Sys=0.00s Real=0.00s
[0.262s][info][gc,start       ] GC(14) Pause Young (Allocation Failure)
[0.270s][info][gc,heap        ] GC(14) DefNew: 5375K(5376K)->576K(5376K) Eden: 4800K(4800K)->0K(4800K) From: 575K(576K)->576K(576K)
[0.270s][info][gc,heap        ] GC(14) Tenured: 9027K(11888K)->11746K(11888K)
[0.270s][info][gc,metaspace   ] GC(14) Metaspace: 6301K(6528K)->6301K(6528K) NonClass: 5767K(5888K)->5767K(5888K) Class: 533K(640K)->533K(640K)
[0.270s][info][gc             ] GC(14) Pause Young (Allocation Failure) 14M->12M(16M) 7.505ms
[0.270s][info][gc,cpu         ] GC(14) User=0.00s Sys=0.00s Real=0.01s
[0.273s][info][gc,start       ] GC(15) Pause Young (Allocation Failure)
[0.279s][info][gc             ] GC(15) Pause Young (Allocation Failure) 16M->14M(19M) 6.050ms
[0.279s][info][gc,cpu         ] GC(15) User=0.00s Sys=0.00s Real=0.01s
[0.279s][info][gc,start       ] GC(16) Pause Full (Allocation Failure)
[0.279s][info][gc,phases,start] GC(16) Phase 1: Mark live objects
[0.287s][info][gc,phases      ] GC(16) Phase 1: Mark live objects 7.229ms
[0.287s][info][gc,phases,start] GC(16) Phase 2: Compute new object addresses
[0.289s][info][gc,phases      ] GC(16) Phase 2: Compute new object addresses 2.242ms
[0.289s][info][gc,phases,start] GC(16) Phase 3: Adjust pointers
[0.292s][info][gc,phases      ] GC(16) Phase 3: Adjust pointers 2.760ms
[0.292s][info][gc,phases,start] GC(16) Phase 4: Move objects
[0.292s][info][gc,phases      ] GC(16) Phase 4: Move objects 0.131ms
[0.292s][info][gc,heap        ] GC(16) DefNew: 5376K(5376K)->461K(10816K) Eden: 4800K(4800K)->461K(9664K) From: 576K(576K)->0K(1152K)
[0.292s][info][gc,heap        ] GC(16) Tenured: 11746K(11888K)->14324K(23876K)
[0.292s][info][gc,metaspace   ] GC(16) Metaspace: 6303K(6528K)->6303K(6528K) NonClass: 5769K(5888K)->5769K(5888K) Class: 533K(640K)->533K(640K)
[0.292s][info][gc             ] GC(16) Pause Full (Allocation Failure) 14M->14M(33M) 12.713ms
[0.292s][info][gc,cpu         ] GC(16) User=0.02s Sys=0.00s Real=0.01s
[0.302s][info][gc,start       ] GC(17) Pause Young (Allocation Failure)
[0.313s][info][gc,heap        ] GC(17) DefNew: 9664K(10816K)->1151K(10816K) Eden: 9664K(9664K)->0K(9664K) From: 0K(1152K)->1151K(1152K)
[0.313s][info][gc,heap        ] GC(17) Tenured: 14324K(23876K)->18341K(23876K)
[0.313s][info][gc,metaspace   ] GC(17) Metaspace: 6303K(6528K)->6303K(6528K) NonClass: 5769K(5888K)->5769K(5888K) Class: 533K(640K)->533K(640K)
[0.313s][info][gc             ] GC(17) Pause Young (Allocation Failure) 23M->19M(33M) 11.874ms
[0.313s][info][gc,cpu         ] GC(17) User=0.02s Sys=0.00s Real=0.01s
[0.321s][info][gc,start       ] GC(18) Pause Young (Allocation Failure)
[0.334s][info][gc,heap        ] GC(18) DefNew: 10815K(10816K)->1152K(10816K) Eden: 9664K(9664K)->0K(9664K) From: 1151K(1152K)->1152K(1152K)
[0.334s][info][gc,heap        ] GC(18) Tenured: 18341K(23876K)->23830K(23876K)
[0.334s][info][gc,metaspace   ] GC(18) Metaspace: 6303K(6528K)->6303K(6528K) NonClass: 5769K(5888K)->5769K(5888K) Class: 533K(640K)->533K(640K)
[0.334s][info][gc             ] GC(18) Pause Young (Allocation Failure) 28M->24M(33M) 12.626ms
[0.334s][info][gc,cpu         ] GC(18) User=0.00s Sys=0.00s Real=0.01s
[0.341s][info][gc,start       ] GC(19) Pause Young (Allocation Failure)
[0.352s][info][gc             ] GC(19) Pause Young (Allocation Failure) 33M->29M(38M) 11.043ms
[0.352s][info][gc,cpu         ] GC(19) User=0.00s Sys=0.00s Real=0.01s
[0.352s][info][gc,start       ] GC(20) Pause Full (Allocation Failure)
[0.352s][info][gc,phases,start] GC(20) Phase 1: Mark live objects
[0.365s][info][gc,phases      ] GC(20) Phase 1: Mark live objects 13.518ms
[0.366s][info][gc,phases,start] GC(20) Phase 2: Compute new object addresses
[0.370s][info][gc,phases      ] GC(20) Phase 2: Compute new object addresses 4.588ms
[0.370s][info][gc,phases,start] GC(20) Phase 3: Adjust pointers
[0.375s][info][gc,phases      ] GC(20) Phase 3: Adjust pointers 5.252ms
[0.376s][info][gc,phases,start] GC(20) Phase 4: Move objects
[0.376s][info][gc,phases      ] GC(20) Phase 4: Move objects 0.182ms
[0.376s][info][gc,heap        ] GC(20) DefNew: 10816K(10816K)->1041K(21760K) Eden: 9664K(9664K)->1041K(19392K) From: 1152K(1152K)->0K(2368K)
[0.376s][info][gc,heap        ] GC(20) Tenured: 23830K(23876K)->28935K(48228K)
[0.376s][info][gc,metaspace   ] GC(20) Metaspace: 6303K(6528K)->6303K(6528K) NonClass: 5769K(5888K)->5769K(5888K) Class: 533K(640K)->533K(640K)
[0.376s][info][gc             ] GC(20) Pause Full (Allocation Failure) 29M->29M(68M) 23.971ms
[0.376s][info][gc,cpu         ] GC(20) User=0.03s Sys=0.00s Real=0.02s
[0.391s][info][gc,start       ] GC(21) Pause Young (Allocation Failure)
[0.419s][info][gc,heap        ] GC(21) DefNew: 19392K(21760K)->2367K(21760K) Eden: 19392K(19392K)->0K(19392K) From: 0K(2368K)->2367K(2368K)
[0.419s][info][gc,heap        ] GC(21) Tenured: 28935K(48228K)->38988K(48228K)
[0.419s][info][gc,metaspace   ] GC(21) Metaspace: 6303K(6528K)->6303K(6528K) NonClass: 5769K(5888K)->5769K(5888K) Class: 533K(640K)->533K(640K)
[0.419s][info][gc             ] GC(21) Pause Young (Allocation Failure) 47M->40M(68M) 27.307ms
[0.419s][info][gc,cpu         ] GC(21) User=0.02s Sys=0.00s Real=0.03s
[0.437s][info][gc,start       ] GC(22) Pause Young (Allocation Failure)
[0.471s][info][gc             ] GC(22) Pause Young (Allocation Failure) 59M->59M(78M) 34.374ms
[0.471s][info][gc,cpu         ] GC(22) User=0.03s Sys=0.00s Real=0.03s
[0.471s][info][gc,start       ] GC(23) Pause Full (Allocation Failure)
[0.471s][info][gc,phases,start] GC(23) Phase 1: Mark live objects
[0.495s][info][gc,phases      ] GC(23) Phase 1: Mark live objects 23.908ms
[0.495s][info][gc,phases,start] GC(23) Phase 2: Compute new object addresses
[0.504s][info][gc,phases      ] GC(23) Phase 2: Compute new object addresses 9.066ms
[0.504s][info][gc,phases,start] GC(23) Phase 3: Adjust pointers
[0.515s][info][gc,phases      ] GC(23) Phase 3: Adjust pointers 10.391ms
[0.515s][info][gc,phases,start] GC(23) Phase 4: Move objects
[0.515s][info][gc,phases      ] GC(23) Phase 4: Move objects 0.333ms
[0.515s][info][gc,heap        ] GC(23) DefNew: 21759K(21760K)->2316K(43840K) Eden: 19392K(19392K)->2316K(38976K) From: 2367K(2368K)->0K(4864K)
[0.515s][info][gc,heap        ] GC(23) Tenured: 38988K(48228K)->58403K(97340K)
[0.515s][info][gc,metaspace   ] GC(23) Metaspace: 6303K(6528K)->6303K(6528K) NonClass: 5769K(5888K)->5769K(5888K) Class: 533K(640K)->533K(640K)
[0.515s][info][gc             ] GC(23) Pause Full (Allocation Failure) 59M->59M(137M) 44.320ms
[0.515s][info][gc,cpu         ] GC(23) User=0.03s Sys=0.00s Real=0.04s
[0.554s][info][gc,start       ] GC(24) Pause Young (Allocation Failure)
[0.615s][info][gc,heap        ] GC(24) DefNew: 38976K(43840K)->4863K(43840K) Eden: 38976K(38976K)->0K(38976K) From: 0K(4864K)->4863K(4864K)
[0.615s][info][gc,heap        ] GC(24) Tenured: 58403K(97340K)->92483K(97340K)
[0.615s][info][gc,metaspace   ] GC(24) Metaspace: 6303K(6528K)->6303K(6528K) NonClass: 5769K(5888K)->5769K(5888K) Class: 533K(640K)->533K(640K)
[0.615s][info][gc             ] GC(24) Pause Young (Allocation Failure) 95M->95M(137M) 60.462ms
[0.615s][info][gc,cpu         ] GC(24) User=0.05s Sys=0.00s Real=0.06s
[0.645s][info][gc,start       ] GC(25) Pause Young (Allocation Failure)
[0.713s][info][gc             ] GC(25) Pause Young (Allocation Failure) 133M->133M(171M) 67.582ms
[0.713s][info][gc,cpu         ] GC(25) User=0.02s Sys=0.06s Real=0.07s
[0.713s][info][gc,start       ] GC(26) Pause Full (Allocation Failure)
[0.713s][info][gc,phases,start] GC(26) Phase 1: Mark live objects
[0.766s][info][gc,phases      ] GC(26) Phase 1: Mark live objects 52.816ms
[0.766s][info][gc,phases,start] GC(26) Phase 2: Compute new object addresses
[0.787s][info][gc,phases      ] GC(26) Phase 2: Compute new object addresses 20.918ms
[0.787s][info][gc,phases,start] GC(26) Phase 3: Adjust pointers
[0.813s][info][gc,phases      ] GC(26) Phase 3: Adjust pointers 26.039ms
[0.813s][info][gc,phases,start] GC(26) Phase 4: Move objects
[0.838s][info][gc,phases      ] GC(26) Phase 4: Move objects 24.823ms
[0.838s][info][gc,heap        ] GC(26) DefNew: 43839K(43840K)->931K(98688K) Eden: 38976K(38976K)->931K(87744K) From: 4863K(4864K)->0K(10944K)
[0.838s][info][gc,heap        ] GC(26) Tenured: 92483K(97340K)->131515K(219196K)
[0.838s][info][gc,metaspace   ] GC(26) Metaspace: 6303K(6528K)->6303K(6528K) NonClass: 5769K(5888K)->5769K(5888K) Class: 533K(640K)->533K(640K)
[0.838s][info][gc             ] GC(26) Pause Full (Allocation Failure) 133M->129M(310M) 125.381ms
[0.838s][info][gc,cpu         ] GC(26) User=0.12s Sys=0.00s Real=0.12s
[0.928s][info][gc,start       ] GC(27) Pause Young (Allocation Failure)
[1.074s][info][gc,heap        ] GC(27) DefNew: 87744K(98688K)->10944K(98688K) Eden: 87744K(87744K)->0K(87744K) From: 0K(10944K)->10944K(10944K)
[1.074s][info][gc,heap        ] GC(27) Tenured: 131515K(219196K)->208284K(219196K)
[1.074s][info][gc,metaspace   ] GC(27) Metaspace: 6303K(6528K)->6303K(6528K) NonClass: 5769K(5888K)->5769K(5888K) Class: 533K(640K)->533K(640K)
[1.074s][info][gc             ] GC(27) Pause Young (Allocation Failure) 214M->214M(310M) 146.012ms
[1.074s][info][gc,cpu         ] GC(27) User=0.11s Sys=0.03s Real=0.15s
[1.155s][info][gc,start       ] GC(28) Pause Young (Allocation Failure)
[1.314s][info][gc             ] GC(28) Pause Young (Allocation Failure) 299M->299M(385M) 159.755ms
[1.314s][info][gc,cpu         ] GC(28) User=0.12s Sys=0.02s Real=0.16s
[1.314s][info][gc,start       ] GC(29) Pause Full (Allocation Failure)
[1.314s][info][gc,phases,start] GC(29) Phase 1: Mark live objects
[1.444s][info][gc,phases      ] GC(29) Phase 1: Mark live objects 129.577ms
[1.444s][info][gc,phases,start] GC(29) Phase 2: Compute new object addresses
[1.490s][info][gc,phases      ] GC(29) Phase 2: Compute new object addresses 46.003ms
[1.490s][info][gc,phases,start] GC(29) Phase 3: Adjust pointers
[1.547s][info][gc,phases      ] GC(29) Phase 3: Adjust pointers 56.462ms
[1.547s][info][gc,phases,start] GC(29) Phase 4: Move objects
[1.549s][info][gc,phases      ] GC(29) Phase 4: Move objects 2.599ms
[1.550s][info][gc,heap        ] GC(29) DefNew: 98688K(98688K)->10808K(222144K) Eden: 87744K(87744K)->10808K(197504K) From: 10944K(10944K)->0K(24640K)
[1.550s][info][gc,heap        ] GC(29) Tenured: 208284K(219196K)->296127K(493548K)
[1.550s][info][gc,metaspace   ] GC(29) Metaspace: 6303K(6528K)->6303K(6528K) NonClass: 5769K(5888K)->5769K(5888K) Class: 533K(640K)->533K(640K)
[1.550s][info][gc             ] GC(29) Pause Full (Allocation Failure) 299M->299M(698M) 236.026ms
[1.550s][info][gc,cpu         ] GC(29) User=0.25s Sys=0.00s Real=0.24s
[1.752s][info][gc,start       ] GC(30) Pause Young (Allocation Failure)
[2.068s][info][gc,heap        ] GC(30) DefNew: 197504K(222144K)->24640K(222144K) Eden: 197504K(197504K)->0K(197504K) From: 0K(24640K)->24640K(24640K)
[2.068s][info][gc,heap        ] GC(30) Tenured: 296127K(493548K)->468967K(493548K)
[2.068s][info][gc,metaspace   ] GC(30) Metaspace: 6303K(6528K)->6303K(6528K) NonClass: 5769K(5888K)->5769K(5888K) Class: 533K(640K)->533K(640K)
[2.068s][info][gc             ] GC(30) Pause Young (Allocation Failure) 482M->482M(698M) 315.622ms
[2.068s][info][gc,cpu         ] GC(30) User=0.27s Sys=0.05s Real=0.31s
[2.249s][info][gc,start       ] GC(31) Pause Young (Allocation Failure)
[2.634s][info][gc,promotion   ] GC(31) Promotion failed
[2.634s][info][gc             ] GC(31) Pause Young (Allocation Failure) 674M->816M(816M) 385.379ms
[2.634s][info][gc,cpu         ] GC(31) User=0.30s Sys=0.05s Real=0.39s
[2.634s][info][gc,start       ] GC(32) Pause Full (Allocation Failure)
[2.634s][info][gc,phases,start] GC(32) Phase 1: Mark live objects
[2.951s][info][gc,phases      ] GC(32) Phase 1: Mark live objects 317.272ms
[2.951s][info][gc,phases,start] GC(32) Phase 2: Compute new object addresses
[3.070s][info][gc,phases      ] GC(32) Phase 2: Compute new object addresses 118.202ms
[3.070s][info][gc,phases,start] GC(32) Phase 3: Adjust pointers
[3.203s][info][gc,phases      ] GC(32) Phase 3: Adjust pointers 133.483ms
[3.203s][info][gc,phases,start] GC(32) Phase 4: Move objects
[3.226s][info][gc,phases      ] GC(32) Phase 4: Move objects 23.053ms
[3.227s][info][gc,heap        ] GC(32) DefNew: 222144K(222144K)->76674K(276480K) Eden: 197504K(197504K)->76674K(245760K) From: 24640K(24640K)->0K(30720K)
[3.227s][info][gc,heap        ] GC(32) Tenured: 468967K(493548K)->614399K(614400K)
[3.227s][info][gc,metaspace   ] GC(32) Metaspace: 6303K(6528K)->6303K(6528K) NonClass: 5769K(5888K)->5769K(5888K) Class: 533K(640K)->533K(640K)
[3.227s][info][gc             ] GC(32) Pause Full (Allocation Failure) 816M->674M(870M) 592.686ms
[3.227s][info][gc,cpu         ] GC(32) User=0.58s Sys=0.00s Real=0.59s
[3.482s][info][gc,start       ] GC(33) Pause Full (Allocation Failure)
[3.482s][info][gc,phases,start] GC(33) Phase 1: Mark live objects
[3.877s][info][gc,phases      ] GC(33) Phase 1: Mark live objects 394.840ms
[3.877s][info][gc,phases,start] GC(33) Phase 2: Compute new object addresses
[4.003s][info][gc,phases      ] GC(33) Phase 2: Compute new object addresses 126.100ms
[4.003s][info][gc,phases,start] GC(33) Phase 3: Adjust pointers
[4.177s][info][gc,phases      ] GC(33) Phase 3: Adjust pointers 174.475ms
[4.177s][info][gc,phases,start] GC(33) Phase 4: Move objects
[4.205s][info][gc,phases      ] GC(33) Phase 4: Move objects 27.787ms
[4.206s][info][gc,heap        ] GC(33) DefNew: 276479K(276480K)->276461K(276480K) Eden: 245760K(245760K)->245759K(245760K) From: 30719K(30720K)->30701K(30720K)
[4.206s][info][gc,heap        ] GC(33) Tenured: 614399K(614400K)->614399K(614400K)
[4.206s][info][gc,metaspace   ] GC(33) Metaspace: 6303K(6528K)->6303K(6528K) NonClass: 5769K(5888K)->5769K(5888K) Class: 533K(640K)->533K(640K)
[4.206s][info][gc             ] GC(33) Pause Full (Allocation Failure) 869M->869M(870M) 723.917ms
[4.206s][info][gc,cpu         ] GC(33) User=0.72s Sys=0.00s Real=0.72s
[4.206s][info][gc,start       ] GC(34) Pause Full (Allocation Failure)
[4.206s][info][gc,phases,start] GC(34) Phase 1: Mark live objects
[4.611s][info][gc,phases      ] GC(34) Phase 1: Mark live objects 405.093ms
[4.611s][info][gc,phases,start] GC(34) Phase 2: Compute new object addresses
[4.737s][info][gc,phases      ] GC(34) Phase 2: Compute new object addresses 126.083ms
[4.737s][info][gc,phases,start] GC(34) Phase 3: Adjust pointers
[4.928s][info][gc,phases      ] GC(34) Phase 3: Adjust pointers 190.840ms
[4.928s][info][gc,phases,start] GC(34) Phase 4: Move objects
[5.062s][info][gc,phases      ] GC(34) Phase 4: Move objects 134.324ms
[5.063s][info][gc,heap        ] GC(34) DefNew: 276479K(276480K)->247807K(276480K) Eden: 245759K(245760K)->245759K(245760K) From: 30719K(30720K)->2047K(30720K)
[5.063s][info][gc,heap        ] GC(34) Tenured: 614399K(614400K)->614400K(614400K)
[5.063s][info][gc,metaspace   ] GC(34) Metaspace: 6303K(6528K)->6303K(6528K) NonClass: 5769K(5888K)->5769K(5888K) Class: 533K(640K)->533K(640K)
[5.063s][info][gc             ] GC(34) Pause Full (Allocation Failure) 869M->841M(870M) 856.891ms
[5.063s][info][gc,cpu         ] GC(34) User=0.86s Sys=0.00s Real=0.86s
[5.143s][info][gc,start       ] GC(35) Pause Full (Allocation Failure)
[5.143s][info][gc,phases,start] GC(35) Phase 1: Mark live objects
[5.556s][info][gc,phases      ] GC(35) Phase 1: Mark live objects 413.411ms
[5.556s][info][gc,phases,start] GC(35) Phase 2: Compute new object addresses
[5.684s][info][gc,phases      ] GC(35) Phase 2: Compute new object addresses 127.369ms
[5.684s][info][gc,phases,start] GC(35) Phase 3: Adjust pointers
[5.848s][info][gc,phases      ] GC(35) Phase 3: Adjust pointers 164.487ms
[5.848s][info][gc,phases,start] GC(35) Phase 4: Move objects
[5.848s][info][gc,phases      ] GC(35) Phase 4: Move objects 0.015ms
[5.849s][info][gc,heap        ] GC(35) DefNew: 276479K(276480K)->276479K(276480K) Eden: 245759K(245760K)->245759K(245760K) From: 30719K(30720K)->30719K(30720K)
[5.849s][info][gc,heap        ] GC(35) Tenured: 614400K(614400K)->614400K(614400K)
[5.849s][info][gc,metaspace   ] GC(35) Metaspace: 6303K(6528K)->6303K(6528K) NonClass: 5769K(5888K)->5769K(5888K) Class: 533K(640K)->533K(640K)
[5.849s][info][gc             ] GC(35) Pause Full (Allocation Failure) 869M->869M(870M) 705.804ms
[5.849s][info][gc,cpu         ] GC(35) User=0.69s Sys=0.00s Real=0.71s
[5.849s][info][gc,start       ] GC(36) Pause Full (Allocation Failure)
[5.849s][info][gc,phases,start] GC(36) Phase 1: Mark live objects
[6.256s][info][gc,phases      ] GC(36) Phase 1: Mark live objects 407.394ms
[6.256s][info][gc,phases,start] GC(36) Phase 2: Compute new object addresses
[6.385s][info][gc,phases      ] GC(36) Phase 2: Compute new object addresses 128.891ms
[6.385s][info][gc,phases,start] GC(36) Phase 3: Adjust pointers
[6.586s][info][gc,phases      ] GC(36) Phase 3: Adjust pointers 201.008ms
[6.586s][info][gc,phases,start] GC(36) Phase 4: Move objects
[6.728s][info][gc,phases      ] GC(36) Phase 4: Move objects 142.185ms
[6.729s][info][gc,heap        ] GC(36) DefNew: 276479K(276480K)->276475K(276480K) Eden: 245759K(245760K)->245759K(245760K) From: 30719K(30720K)->30715K(30720K)
[6.729s][info][gc,heap        ] GC(36) Tenured: 614400K(614400K)->614399K(614400K)
[6.729s][info][gc,metaspace   ] GC(36) Metaspace: 6303K(6528K)->6301K(6528K) NonClass: 5769K(5888K)->5768K(5888K) Class: 533K(640K)->532K(640K)
[6.729s][info][gc             ] GC(36) Pause Full (Allocation Failure) 869M->869M(870M) 880.070ms
[6.729s][info][gc,cpu         ] GC(36) User=0.89s Sys=0.00s Real=0.88s
[6.729s][info][gc,start       ] GC(37) Pause Full (Allocation Failure)
[6.729s][info][gc,phases,start] GC(37) Phase 1: Mark live objects
[7.136s][info][gc,phases      ] GC(37) Phase 1: Mark live objects 406.363ms
[7.136s][info][gc,phases,start] GC(37) Phase 2: Compute new object addresses
[7.264s][info][gc,phases      ] GC(37) Phase 2: Compute new object addresses 127.917ms
[7.264s][info][gc,phases,start] GC(37) Phase 3: Adjust pointers
[7.445s][info][gc,phases      ] GC(37) Phase 3: Adjust pointers 180.946ms
[7.445s][info][gc,phases,start] GC(37) Phase 4: Move objects
[7.445s][info][gc,phases      ] GC(37) Phase 4: Move objects 0.017ms
[7.445s][info][gc,heap        ] GC(37) DefNew: 276479K(276480K)->276479K(276480K) Eden: 245759K(245760K)->245759K(245760K) From: 30719K(30720K)->30719K(30720K)
[7.445s][info][gc,heap        ] GC(37) Tenured: 614399K(614400K)->614399K(614400K)
[7.445s][info][gc,metaspace   ] GC(37) Metaspace: 6301K(6528K)->6301K(6528K) NonClass: 5768K(5888K)->5768K(5888K) Class: 532K(640K)->532K(640K)
[7.445s][info][gc             ] GC(37) Pause Full (Allocation Failure) 869M->869M(870M) 715.757ms
[7.445s][info][gc,cpu         ] GC(37) User=0.69s Sys=0.00s Real=0.71s
[7.445s][info][gc,start       ] GC(38) Pause Full (Allocation Failure)
[7.445s][info][gc,phases,start] GC(38) Phase 1: Mark live objects
[7.856s][info][gc,phases      ] GC(38) Phase 1: Mark live objects 411.505ms
[7.856s][info][gc,phases,start] GC(38) Phase 2: Compute new object addresses
[7.984s][info][gc,phases      ] GC(38) Phase 2: Compute new object addresses 127.016ms
[7.984s][info][gc,phases,start] GC(38) Phase 3: Adjust pointers
[8.150s][info][gc,phases      ] GC(38) Phase 3: Adjust pointers 166.764ms
[8.150s][info][gc,phases,start] GC(38) Phase 4: Move objects
[8.150s][info][gc,phases      ] GC(38) Phase 4: Move objects 0.018ms
[8.151s][info][gc,heap        ] GC(38) DefNew: 276479K(276480K)->276479K(276480K) Eden: 245759K(245760K)->245759K(245760K) From: 30719K(30720K)->30719K(30720K)
[8.151s][info][gc,heap        ] GC(38) Tenured: 614399K(614400K)->614399K(614400K)
[8.151s][info][gc,metaspace   ] GC(38) Metaspace: 6301K(6528K)->6301K(6528K) NonClass: 5768K(5888K)->5768K(5888K) Class: 532K(640K)->532K(640K)
[8.151s][info][gc             ] GC(38) Pause Full (Allocation Failure) 869M->869M(870M) 705.705ms
[8.151s][info][gc,cpu         ] GC(38) User=0.69s Sys=0.00s Real=0.71s
[8.151s][info][gc,start       ] GC(39) Pause Full (Allocation Failure)
[8.151s][info][gc,phases,start] GC(39) Phase 1: Mark live objects
[8.558s][info][gc,phases      ] GC(39) Phase 1: Mark live objects 407.339ms
[8.558s][info][gc,phases,start] GC(39) Phase 2: Compute new object addresses
[8.686s][info][gc,phases      ] GC(39) Phase 2: Compute new object addresses 127.601ms
[8.686s][info][gc,phases,start] GC(39) Phase 3: Adjust pointers
[8.853s][info][gc,phases      ] GC(39) Phase 3: Adjust pointers 167.277ms
[8.853s][info][gc,phases,start] GC(39) Phase 4: Move objects
[8.853s][info][gc,phases      ] GC(39) Phase 4: Move objects 0.015ms
[8.853s][info][gc,heap        ] GC(39) DefNew: 276479K(276480K)->276479K(276480K) Eden: 245759K(245760K)->245759K(245760K) From: 30719K(30720K)->30719K(30720K)
[8.853s][info][gc,heap        ] GC(39) Tenured: 614399K(614400K)->614399K(614400K)
[8.854s][info][gc,metaspace   ] GC(39) Metaspace: 6301K(6528K)->6301K(6528K) NonClass: 5768K(5888K)->5768K(5888K) Class: 532K(640K)->532K(640K)
[8.854s][info][gc             ] GC(39) Pause Full (Allocation Failure) 869M->869M(870M) 702.625ms
[8.854s][info][gc,cpu         ] GC(39) User=0.69s Sys=0.00s Real=0.70s
[8.854s][info][gc,start       ] GC(40) Pause Full (Allocation Failure)
[8.854s][info][gc,phases,start] GC(40) Phase 1: Mark live objects
[9.259s][info][gc,phases      ] GC(40) Phase 1: Mark live objects 405.500ms
[9.259s][info][gc,phases,start] GC(40) Phase 2: Compute new object addresses
[9.387s][info][gc,phases      ] GC(40) Phase 2: Compute new object addresses 127.976ms
[9.387s][info][gc,phases,start] GC(40) Phase 3: Adjust pointers
[9.600s][info][gc,phases      ] GC(40) Phase 3: Adjust pointers 212.281ms
[9.600s][info][gc,phases,start] GC(40) Phase 4: Move objects
[9.741s][info][gc,phases      ] GC(40) Phase 4: Move objects 141.032ms
[9.741s][info][gc,heap        ] GC(40) DefNew: 276479K(276480K)->276478K(276480K) Eden: 245759K(245760K)->245759K(245760K) From: 30719K(30720K)->30718K(30720K)
[9.741s][info][gc,heap        ] GC(40) Tenured: 614399K(614400K)->614399K(614400K)
[9.741s][info][gc,metaspace   ] GC(40) Metaspace: 6301K(6528K)->6301K(6528K) NonClass: 5768K(5888K)->5768K(5888K) Class: 532K(640K)->532K(640K)
[9.741s][info][gc             ] GC(40) Pause Full (Allocation Failure) 869M->869M(870M) 887.385ms
[9.741s][info][gc,cpu         ] GC(40) User=0.89s Sys=0.00s Real=0.89s
[9.742s][info][gc,start       ] GC(41) Pause Full (Allocation Failure)
[9.742s][info][gc,phases,start] GC(41) Phase 1: Mark live objects
[10.150s][info][gc,phases      ] GC(41) Phase 1: Mark live objects 407.609ms
[10.150s][info][gc,phases,start] GC(41) Phase 2: Compute new object addresses
[10.278s][info][gc,phases      ] GC(41) Phase 2: Compute new object addresses 128.038ms
[10.278s][info][gc,phases,start] GC(41) Phase 3: Adjust pointers
[10.445s][info][gc,phases      ] GC(41) Phase 3: Adjust pointers 166.784ms
[10.445s][info][gc,phases,start] GC(41) Phase 4: Move objects
[10.445s][info][gc,phases      ] GC(41) Phase 4: Move objects 0.016ms
[10.445s][info][gc,heap        ] GC(41) DefNew: 276479K(276480K)->276479K(276480K) Eden: 245759K(245760K)->245759K(245760K) From: 30719K(30720K)->30719K(30720K)
[10.445s][info][gc,heap        ] GC(41) Tenured: 614399K(614400K)->614399K(614400K)
[10.445s][info][gc,metaspace   ] GC(41) Metaspace: 6303K(6528K)->6303K(6528K) NonClass: 5769K(5888K)->5769K(5888K) Class: 533K(640K)->533K(640K)
[10.445s][info][gc             ] GC(41) Pause Full (Allocation Failure) 869M->869M(870M) 702.976ms
[10.445s][info][gc,cpu         ] GC(41) User=0.69s Sys=0.00s Real=0.70s
[10.445s][info][gc,heap,exit   ] Heap
[10.445s][info][gc,heap,exit   ]  def new generation   total 276480K, used 276479K [0x00000000c7c00000, 0x00000000da800000, 0x00000000da800000)
[10.446s][info][gc,heap,exit   ]   eden space 245760K,  99% used [0x00000000c7c00000, 0x00000000d6bffff8, 0x00000000d6c00000)
[10.446s][info][gc,heap,exit   ]   from space 30720K,  99% used [0x00000000d6c00000, 0x00000000d89ffff8, 0x00000000d8a00000)
[10.446s][info][gc,heap,exit   ]   to   space 30720K,   0% used [0x00000000d8a00000, 0x00000000d8a00000, 0x00000000da800000)
[10.446s][info][gc,heap,exit   ]  tenured generation   total 614400K, used 614399K [0x00000000da800000, 0x0000000100000000, 0x0000000100000000)
[10.446s][info][gc,heap,exit   ]    the space 614400K,  99% used [0x00000000da800000, 0x00000000ffffffa8, 0x0000000100000000, 0x0000000100000000)
[10.446s][info][gc,heap,exit   ]  Metaspace       used 6306K, committed 6528K, reserved 1114112K
[10.446s][info][gc,heap,exit   ]   class space    used 534K, committed 640K, reserved 1048576K
