[0.011s][info][gc,init] CardTable entry size: 512
[0.012s][info][gc     ] Using Parallel
[0.012s][info][gc,init] Version: 18.0.1+10 (release)
[0.013s][info][gc,init] CPUs: 8 total, 8 available
[0.013s][info][gc,init] Memory: 16063M
[0.013s][info][gc,init] Large Page Support: Disabled
[0.013s][info][gc,init] NUMA Support: Disabled
[0.013s][info][gc,init] Compressed Oops: Enabled (Zero based)
[0.013s][info][gc,init] Alignments: Space 512K, Generation 512K, Heap 2M
[0.013s][info][gc,init] Heap Min Capacity: 2M
[0.013s][info][gc,init] Heap Initial Capacity: 2M
[0.013s][info][gc,init] Heap Max Capacity: 12100M
[0.013s][info][gc,init] Pre-touch: Disabled
[0.013s][info][gc,init] Parallel Workers: 8
[0.013s][info][gc,metaspace] CDS archive(s) not mapped
[0.013s][info][gc,metaspace] Compressed class space mapped at: 0x0000000800000000-0x0000000840000000, reserved size: 1073741824
[0.013s][info][gc,metaspace] Narrow klass base: 0x0000000800000000, Narrow klass shift: 0, Narrow klass range: 0x40000000
[0.106s][info][gc,start    ] GC(0) Pause Young (Allocation Failure)
[0.107s][info][gc,heap     ] GC(0) PSYoungGen: 512K(1024K)->480K(1024K) Eden: 512K(512K)->0K(512K) From: 0K(512K)->480K(512K)
[0.107s][info][gc,heap     ] GC(0) ParOldGen: 0K(512K)->8K(512K)
[0.107s][info][gc,metaspace] GC(0) Metaspace: 4229K(4352K)->4229K(4352K) NonClass: 3908K(3968K)->3908K(3968K) Class: 321K(384K)->321K(384K)
[0.107s][info][gc          ] GC(0) Pause Young (Allocation Failure) 0M->0M(1M) 1.474ms
[0.107s][info][gc,cpu      ] GC(0) User=0.00s Sys=0.00s Real=0.00s
[0.171s][info][gc,start    ] GC(1) Pause Young (Allocation Failure)
[0.173s][info][gc,heap     ] GC(1) PSYoungGen: 991K(1024K)->512K(1536K) Eden: 511K(512K)->0K(1024K) From: 480K(512K)->512K(512K)
[0.173s][info][gc,heap     ] GC(1) ParOldGen: 8K(512K)->88K(512K)
[0.173s][info][gc,metaspace] GC(1) Metaspace: 5877K(5952K)->5877K(5952K) NonClass: 5380K(5440K)->5380K(5440K) Class: 496K(512K)->496K(512K)
[0.173s][info][gc          ] GC(1) Pause Young (Allocation Failure) 0M->0M(2M) 1.146ms
[0.173s][info][gc,cpu      ] GC(1) User=0.00s Sys=0.00s Real=0.00s
[0.195s][info][gc,start    ] GC(2) Pause Young (Allocation Failure)
[0.196s][info][gc,heap     ] GC(2) PSYoungGen: 1536K(1536K)->512K(1536K) Eden: 1024K(1024K)->0K(1024K) From: 512K(512K)->512K(512K)
[0.196s][info][gc,heap     ] GC(2) ParOldGen: 88K(512K)->512K(1024K)
[0.196s][info][gc,metaspace] GC(2) Metaspace: 6296K(6464K)->6296K(6464K) NonClass: 5763K(5824K)->5763K(5824K) Class: 533K(640K)->533K(640K)
[0.196s][info][gc          ] GC(2) Pause Young (Allocation Failure) 1M->1M(2M) 1.269ms
[0.196s][info][gc,cpu      ] GC(2) User=0.00s Sys=0.00s Real=0.00s
[0.198s][info][gc,start    ] GC(3) Pause Young (Allocation Failure)
[0.199s][info][gc,heap     ] GC(3) PSYoungGen: 1536K(1536K)->480K(2560K) Eden: 1024K(1024K)->0K(2048K) From: 512K(512K)->480K(512K)
[0.199s][info][gc,heap     ] GC(3) ParOldGen: 512K(1024K)->1072K(1536K)
[0.199s][info][gc,metaspace] GC(3) Metaspace: 6296K(6464K)->6296K(6464K) NonClass: 5763K(5824K)->5763K(5824K) Class: 533K(640K)->533K(640K)
[0.199s][info][gc          ] GC(3) Pause Young (Allocation Failure) 2M->1M(4M) 1.671ms
[0.199s][info][gc,cpu      ] GC(3) User=0.00s Sys=0.00s Real=0.00s
[0.199s][info][gc,start    ] GC(4) Pause Full (Ergonomics)
[0.199s][info][gc,phases,start] GC(4) Marking Phase
[0.201s][info][gc,phases      ] GC(4) Marking Phase 1.271ms
[0.201s][info][gc,phases,start] GC(4) Summary Phase
[0.201s][info][gc,phases      ] GC(4) Summary Phase 0.018ms
[0.201s][info][gc,phases,start] GC(4) Adjust Roots
[0.201s][info][gc,phases      ] GC(4) Adjust Roots 0.415ms
[0.201s][info][gc,phases,start] GC(4) Compaction Phase
[0.204s][info][gc,phases      ] GC(4) Compaction Phase 2.401ms
[0.204s][info][gc,phases,start] GC(4) Post Compact
[0.204s][info][gc,phases      ] GC(4) Post Compact 0.076ms
[0.204s][info][gc,heap        ] GC(4) PSYoungGen: 480K(2560K)->0K(2560K) Eden: 0K(2048K)->0K(2048K) From: 480K(512K)->0K(512K)
[0.204s][info][gc,heap        ] GC(4) ParOldGen: 1072K(1536K)->1496K(3584K)
[0.204s][info][gc,metaspace   ] GC(4) Metaspace: 6296K(6464K)->6296K(6464K) NonClass: 5763K(5824K)->5763K(5824K) Class: 533K(640K)->533K(640K)
[0.204s][info][gc             ] GC(4) Pause Full (Ergonomics) 1M->1M(6M) 4.555ms
[0.204s][info][gc,cpu         ] GC(4) User=0.00s Sys=0.00s Real=0.00s
[0.207s][info][gc,start       ] GC(5) Pause Young (Allocation Failure)
[0.209s][info][gc,heap        ] GC(5) PSYoungGen: 2048K(2560K)->480K(3584K) Eden: 2048K(2048K)->0K(3072K) From: 0K(512K)->480K(512K)
[0.209s][info][gc,heap        ] GC(5) ParOldGen: 1496K(3584K)->2112K(3584K)
[0.209s][info][gc,metaspace   ] GC(5) Metaspace: 6296K(6464K)->6296K(6464K) NonClass: 5763K(5824K)->5763K(5824K) Class: 533K(640K)->533K(640K)
[0.209s][info][gc             ] GC(5) Pause Young (Allocation Failure) 3M->2M(7M) 1.448ms
[0.209s][info][gc,cpu         ] GC(5) User=0.00s Sys=0.00s Real=0.00s
[0.213s][info][gc,start       ] GC(6) Pause Young (Allocation Failure)
[0.215s][info][gc,heap        ] GC(6) PSYoungGen: 3552K(3584K)->1504K(4608K) Eden: 3072K(3072K)->0K(3072K) From: 480K(512K)->1504K(1536K)
[0.215s][info][gc,heap        ] GC(6) ParOldGen: 2112K(3584K)->2680K(3584K)
[0.216s][info][gc,metaspace   ] GC(6) Metaspace: 6296K(6464K)->6296K(6464K) NonClass: 5763K(5824K)->5763K(5824K) Class: 533K(640K)->533K(640K)
[0.216s][info][gc             ] GC(6) Pause Young (Allocation Failure) 5M->4M(8M) 2.349ms
[0.216s][info][gc,cpu         ] GC(6) User=0.00s Sys=0.00s Real=0.00s
[0.221s][info][gc,start       ] GC(7) Pause Young (Allocation Failure)
[0.224s][info][gc,heap        ] GC(7) PSYoungGen: 4576K(4608K)->2016K(7168K) Eden: 3072K(3072K)->0K(5120K) From: 1504K(1536K)->2016K(2048K)
[0.224s][info][gc,heap        ] GC(7) ParOldGen: 2680K(3584K)->3776K(4096K)
[0.224s][info][gc,metaspace   ] GC(7) Metaspace: 6296K(6464K)->6296K(6464K) NonClass: 5763K(5824K)->5763K(5824K) Class: 533K(640K)->533K(640K)
[0.224s][info][gc             ] GC(7) Pause Young (Allocation Failure) 7M->5M(11M) 3.143ms
[0.224s][info][gc,cpu         ] GC(7) User=0.00s Sys=0.00s Real=0.00s
[0.224s][info][gc,start       ] GC(8) Pause Full (Ergonomics)
[0.224s][info][gc,phases,start] GC(8) Marking Phase
[0.227s][info][gc,phases      ] GC(8) Marking Phase 2.813ms
[0.227s][info][gc,phases,start] GC(8) Summary Phase
[0.227s][info][gc,phases      ] GC(8) Summary Phase 0.019ms
[0.227s][info][gc,phases,start] GC(8) Adjust Roots
[0.227s][info][gc,phases      ] GC(8) Adjust Roots 0.358ms
[0.227s][info][gc,phases,start] GC(8) Compaction Phase
[0.232s][info][gc,phases      ] GC(8) Compaction Phase 4.798ms
[0.232s][info][gc,phases,start] GC(8) Post Compact
[0.232s][info][gc,phases      ] GC(8) Post Compact 0.048ms
[0.232s][info][gc,heap        ] GC(8) PSYoungGen: 2016K(7168K)->2012K(7168K) Eden: 0K(5120K)->0K(5120K) From: 2016K(2048K)->2012K(2048K)
[0.232s][info][gc,heap        ] GC(8) ParOldGen: 3776K(4096K)->3683K(6656K)
[0.232s][info][gc,metaspace   ] GC(8) Metaspace: 6296K(6464K)->6296K(6464K) NonClass: 5763K(5824K)->5763K(5824K) Class: 533K(640K)->533K(640K)
[0.232s][info][gc             ] GC(8) Pause Full (Ergonomics) 5M->5M(13M) 8.397ms
[0.232s][info][gc,cpu         ] GC(8) User=0.00s Sys=0.00s Real=0.01s
[0.240s][info][gc,start       ] GC(9) Pause Young (Allocation Failure)
[0.245s][info][gc,heap        ] GC(9) PSYoungGen: 7132K(7168K)->3040K(8192K) Eden: 5120K(5120K)->0K(5120K) From: 2012K(2048K)->3040K(3072K)
[0.245s][info][gc,heap        ] GC(9) ParOldGen: 3683K(6656K)->5587K(6656K)
[0.245s][info][gc,metaspace   ] GC(9) Metaspace: 6296K(6464K)->6296K(6464K) NonClass: 5763K(5824K)->5763K(5824K) Class: 533K(640K)->533K(640K)
[0.245s][info][gc             ] GC(9) Pause Young (Allocation Failure) 10M->8M(14M) 5.317ms
[0.245s][info][gc,cpu         ] GC(9) User=0.00s Sys=0.00s Real=0.01s
[0.246s][info][gc,start       ] GC(10) Pause Full (Ergonomics)
[0.246s][info][gc,phases,start] GC(10) Marking Phase
[0.250s][info][gc,phases      ] GC(10) Marking Phase 4.271ms
[0.250s][info][gc,phases,start] GC(10) Summary Phase
[0.250s][info][gc,phases      ] GC(10) Summary Phase 0.016ms
[0.250s][info][gc,phases,start] GC(10) Adjust Roots
[0.250s][info][gc,phases      ] GC(10) Adjust Roots 0.224ms
[0.250s][info][gc,phases,start] GC(10) Compaction Phase
[0.254s][info][gc,phases      ] GC(10) Compaction Phase 3.559ms
[0.254s][info][gc,phases,start] GC(10) Post Compact
[0.254s][info][gc,phases      ] GC(10) Post Compact 0.072ms
[0.254s][info][gc,heap        ] GC(10) PSYoungGen: 3040K(8192K)->1757K(8192K) Eden: 0K(5120K)->0K(5120K) From: 3040K(3072K)->1757K(3072K)
[0.254s][info][gc,heap        ] GC(10) ParOldGen: 5587K(6656K)->6573K(11264K)
[0.254s][info][gc,metaspace   ] GC(10) Metaspace: 6296K(6464K)->6296K(6464K) NonClass: 5763K(5824K)->5763K(5824K) Class: 533K(640K)->533K(640K)
[0.254s][info][gc             ] GC(10) Pause Full (Ergonomics) 8M->8M(19M) 8.654ms
[0.254s][info][gc,cpu         ] GC(10) User=0.00s Sys=0.00s Real=0.01s
[0.261s][info][gc,start       ] GC(11) Pause Young (Allocation Failure)
[0.266s][info][gc,heap        ] GC(11) PSYoungGen: 6877K(8192K)->4128K(10752K) Eden: 5120K(5120K)->0K(6144K) From: 1757K(3072K)->4128K(4608K)
[0.266s][info][gc,heap        ] GC(11) ParOldGen: 6573K(11264K)->6909K(11264K)
[0.266s][info][gc,metaspace   ] GC(11) Metaspace: 6296K(6464K)->6296K(6464K) NonClass: 5763K(5824K)->5763K(5824K) Class: 533K(640K)->533K(640K)
[0.266s][info][gc             ] GC(11) Pause Young (Allocation Failure) 13M->10M(21M) 5.179ms
[0.266s][info][gc,cpu         ] GC(11) User=0.00s Sys=0.00s Real=0.00s
[0.274s][info][gc,start       ] GC(12) Pause Young (Allocation Failure)
[0.279s][info][gc,heap        ] GC(12) PSYoungGen: 10272K(10752K)->5088K(11264K) Eden: 6144K(6144K)->0K(6144K) From: 4128K(4608K)->5088K(5120K)
[0.279s][info][gc,heap        ] GC(12) ParOldGen: 6909K(11264K)->9109K(11264K)
[0.279s][info][gc,metaspace   ] GC(12) Metaspace: 6296K(6464K)->6296K(6464K) NonClass: 5763K(5824K)->5763K(5824K) Class: 533K(640K)->533K(640K)
[0.279s][info][gc             ] GC(12) Pause Young (Allocation Failure) 16M->13M(22M) 5.886ms
[0.279s][info][gc,cpu         ] GC(12) User=0.00s Sys=0.00s Real=0.01s
[0.285s][info][gc,start       ] GC(13) Pause Young (Allocation Failure)
[0.291s][info][gc,heap        ] GC(13) PSYoungGen: 11232K(11264K)->5568K(14336K) Eden: 6144K(6144K)->0K(7680K) From: 5088K(5120K)->5568K(6656K)
[0.291s][info][gc,heap        ] GC(13) ParOldGen: 9109K(11264K)->11821K(12288K)
[0.291s][info][gc,metaspace   ] GC(13) Metaspace: 6298K(6464K)->6298K(6464K) NonClass: 5765K(5824K)->5765K(5824K) Class: 533K(640K)->533K(640K)
[0.291s][info][gc             ] GC(13) Pause Young (Allocation Failure) 19M->16M(26M) 6.589ms
[0.291s][info][gc,cpu         ] GC(13) User=0.00s Sys=0.00s Real=0.01s
[0.291s][info][gc,start       ] GC(14) Pause Full (Ergonomics)
[0.291s][info][gc,phases,start] GC(14) Marking Phase
[0.299s][info][gc,phases      ] GC(14) Marking Phase 7.663ms
[0.299s][info][gc,phases,start] GC(14) Summary Phase
[0.299s][info][gc,phases      ] GC(14) Summary Phase 0.018ms
[0.299s][info][gc,phases,start] GC(14) Adjust Roots
[0.299s][info][gc,phases      ] GC(14) Adjust Roots 0.216ms
[0.299s][info][gc,phases,start] GC(14) Compaction Phase
[0.308s][info][gc,phases      ] GC(14) Compaction Phase 8.737ms
[0.308s][info][gc,phases,start] GC(14) Post Compact
[0.308s][info][gc,phases      ] GC(14) Post Compact 0.089ms
[0.308s][info][gc,heap        ] GC(14) PSYoungGen: 5568K(14336K)->5042K(14336K) Eden: 0K(7680K)->0K(7680K) From: 5568K(6656K)->5042K(6656K)
[0.308s][info][gc,heap        ] GC(14) ParOldGen: 11821K(12288K)->12225K(18944K)
[0.308s][info][gc,metaspace   ] GC(14) Metaspace: 6298K(6464K)->6298K(6464K) NonClass: 5765K(5824K)->5765K(5824K) Class: 533K(640K)->533K(640K)
[0.308s][info][gc             ] GC(14) Pause Full (Ergonomics) 16M->16M(32M) 17.055ms
[0.308s][info][gc,cpu         ] GC(14) User=0.00s Sys=0.00s Real=0.02s
[0.314s][info][gc,start       ] GC(15) Pause Young (Allocation Failure)
[0.321s][info][gc,heap        ] GC(15) PSYoungGen: 12722K(14336K)->4000K(15360K) Eden: 7680K(7680K)->0K(7680K) From: 5042K(6656K)->4000K(7680K)
[0.321s][info][gc,heap        ] GC(15) ParOldGen: 12225K(18944K)->17345K(18944K)
[0.321s][info][gc,metaspace   ] GC(15) Metaspace: 6298K(6464K)->6298K(6464K) NonClass: 5765K(5824K)->5765K(5824K) Class: 533K(640K)->533K(640K)
[0.321s][info][gc             ] GC(15) Pause Young (Allocation Failure) 24M->20M(33M) 6.961ms
[0.321s][info][gc,cpu         ] GC(15) User=0.02s Sys=0.00s Real=0.01s
[0.321s][info][gc,start       ] GC(16) Pause Full (Ergonomics)
[0.321s][info][gc,phases,start] GC(16) Marking Phase
[0.330s][info][gc,phases      ] GC(16) Marking Phase 9.521ms
[0.330s][info][gc,phases,start] GC(16) Summary Phase
[0.330s][info][gc,phases      ] GC(16) Summary Phase 0.015ms
[0.330s][info][gc,phases,start] GC(16) Adjust Roots
[0.331s][info][gc,phases      ] GC(16) Adjust Roots 0.169ms
[0.331s][info][gc,phases,start] GC(16) Compaction Phase
[0.337s][info][gc,phases      ] GC(16) Compaction Phase 6.617ms
[0.337s][info][gc,phases,start] GC(16) Post Compact
[0.337s][info][gc,phases      ] GC(16) Post Compact 0.071ms
[0.337s][info][gc,heap        ] GC(16) PSYoungGen: 4000K(15360K)->2433K(15360K) Eden: 0K(7680K)->0K(7680K) From: 4000K(7680K)->2433K(7680K)
[0.337s][info][gc,heap        ] GC(16) ParOldGen: 17345K(18944K)->18800K(27648K)
[0.337s][info][gc,metaspace   ] GC(16) Metaspace: 6298K(6464K)->6298K(6464K) NonClass: 5765K(5824K)->5765K(5824K) Class: 533K(640K)->533K(640K)
[0.337s][info][gc             ] GC(16) Pause Full (Ergonomics) 20M->20M(42M) 16.730ms
[0.338s][info][gc,cpu         ] GC(16) User=0.00s Sys=0.00s Real=0.02s
[0.346s][info][gc,start       ] GC(17) Pause Young (Allocation Failure)
[0.352s][info][gc,heap        ] GC(17) PSYoungGen: 10113K(15360K)->4480K(17920K) Eden: 7680K(7680K)->0K(10240K) From: 2433K(7680K)->4480K(7680K)
[0.352s][info][gc,heap        ] GC(17) ParOldGen: 18800K(27648K)->21280K(27648K)
[0.352s][info][gc,metaspace   ] GC(17) Metaspace: 6298K(6464K)->6298K(6464K) NonClass: 5765K(5824K)->5765K(5824K) Class: 533K(640K)->533K(640K)
[0.352s][info][gc             ] GC(17) Pause Young (Allocation Failure) 28M->25M(44M) 6.171ms
[0.352s][info][gc,cpu         ] GC(17) User=0.02s Sys=0.00s Real=0.01s
[0.358s][info][gc,start       ] GC(18) Pause Young (Allocation Failure)
[0.365s][info][gc,heap        ] GC(18) PSYoungGen: 14720K(17920K)->7648K(17920K) Eden: 10240K(10240K)->0K(10240K) From: 4480K(7680K)->7648K(7680K)
[0.365s][info][gc,heap        ] GC(18) ParOldGen: 21280K(27648K)->23440K(27648K)
[0.365s][info][gc,metaspace   ] GC(18) Metaspace: 6298K(6464K)->6298K(6464K) NonClass: 5765K(5824K)->5765K(5824K) Class: 533K(640K)->533K(640K)
[0.365s][info][gc             ] GC(18) Pause Young (Allocation Failure) 35M->30M(44M) 6.893ms
[0.365s][info][gc,cpu         ] GC(18) User=0.02s Sys=0.00s Real=0.01s
[0.374s][info][gc,start       ] GC(19) Pause Young (Allocation Failure)
[0.388s][info][gc,heap        ] GC(19) PSYoungGen: 17888K(17920K)->9504K(22016K) Eden: 10240K(10240K)->0K(12288K) From: 7648K(7680K)->9504K(9728K)
[0.388s][info][gc,heap        ] GC(19) ParOldGen: 23440K(27648K)->31192K(31232K)
[0.389s][info][gc,metaspace   ] GC(19) Metaspace: 6298K(6464K)->6298K(6464K) NonClass: 5765K(5824K)->5765K(5824K) Class: 533K(640K)->533K(640K)
[0.389s][info][gc             ] GC(19) Pause Young (Allocation Failure) 40M->39M(52M) 14.492ms
[0.389s][info][gc,cpu         ] GC(19) User=0.02s Sys=0.00s Real=0.02s
[0.389s][info][gc,start       ] GC(20) Pause Full (Ergonomics)
[0.389s][info][gc,phases,start] GC(20) Marking Phase
[0.405s][info][gc,phases      ] GC(20) Marking Phase 16.569ms
[0.405s][info][gc,phases,start] GC(20) Summary Phase
[0.405s][info][gc,phases      ] GC(20) Summary Phase 0.015ms
[0.405s][info][gc,phases,start] GC(20) Adjust Roots
[0.405s][info][gc,phases      ] GC(20) Adjust Roots 0.155ms
[0.405s][info][gc,phases,start] GC(20) Compaction Phase
[0.423s][info][gc,phases      ] GC(20) Compaction Phase 17.397ms
[0.423s][info][gc,phases,start] GC(20) Post Compact
[0.423s][info][gc,phases      ] GC(20) Post Compact 0.114ms
[0.423s][info][gc,heap        ] GC(20) PSYoungGen: 9504K(22016K)->8933K(22016K) Eden: 0K(12288K)->0K(12288K) From: 9504K(9728K)->8933K(9728K)
[0.423s][info][gc,heap        ] GC(20) ParOldGen: 31192K(31232K)->30987K(43008K)
[0.423s][info][gc,metaspace   ] GC(20) Metaspace: 6298K(6464K)->6298K(6464K) NonClass: 5765K(5824K)->5765K(5824K) Class: 533K(640K)->533K(640K)
[0.423s][info][gc             ] GC(20) Pause Full (Ergonomics) 39M->38M(63M) 34.622ms
[0.423s][info][gc,cpu         ] GC(20) User=0.03s Sys=0.00s Real=0.03s
[0.439s][info][gc,start       ] GC(21) Pause Young (Allocation Failure)
[0.454s][info][gc,heap        ] GC(21) PSYoungGen: 21221K(22016K)->11232K(23552K) Eden: 12288K(12288K)->0K(12288K) From: 8933K(9728K)->11232K(11264K)
[0.454s][info][gc,heap        ] GC(21) ParOldGen: 30987K(43008K)->41131K(43008K)
[0.454s][info][gc,metaspace   ] GC(21) Metaspace: 6298K(6464K)->6298K(6464K) NonClass: 5765K(5824K)->5765K(5824K) Class: 533K(640K)->533K(640K)
[0.454s][info][gc             ] GC(21) Pause Young (Allocation Failure) 50M->51M(65M) 15.512ms
[0.454s][info][gc,cpu         ] GC(21) User=0.02s Sys=0.00s Real=0.02s
[0.454s][info][gc,start       ] GC(22) Pause Full (Ergonomics)
[0.454s][info][gc,phases,start] GC(22) Marking Phase
[0.474s][info][gc,phases      ] GC(22) Marking Phase 19.760ms
[0.474s][info][gc,phases,start] GC(22) Summary Phase
[0.474s][info][gc,phases      ] GC(22) Summary Phase 0.020ms
[0.474s][info][gc,phases,start] GC(22) Adjust Roots
[0.474s][info][gc,phases      ] GC(22) Adjust Roots 0.157ms
[0.474s][info][gc,phases,start] GC(22) Compaction Phase
[0.490s][info][gc,phases      ] GC(22) Compaction Phase 16.179ms
[0.491s][info][gc,phases,start] GC(22) Post Compact
[0.491s][info][gc,phases      ] GC(22) Post Compact 0.199ms
[0.491s][info][gc,heap        ] GC(22) PSYoungGen: 11232K(23552K)->9681K(23552K) Eden: 0K(12288K)->0K(12288K) From: 11232K(11264K)->9681K(11264K)
[0.491s][info][gc,heap        ] GC(22) ParOldGen: 41131K(43008K)->41477K(57856K)
[0.491s][info][gc,metaspace   ] GC(22) Metaspace: 6298K(6464K)->6298K(6464K) NonClass: 5765K(5824K)->5765K(5824K) Class: 533K(640K)->533K(640K)
[0.491s][info][gc             ] GC(22) Pause Full (Ergonomics) 51M->49M(79M) 36.754ms
[0.491s][info][gc,cpu         ] GC(22) User=0.03s Sys=0.00s Real=0.04s
[0.503s][info][gc,start       ] GC(23) Pause Young (Allocation Failure)
[0.521s][info][gc,heap        ] GC(23) PSYoungGen: 21969K(23552K)->12288K(30720K) Eden: 12288K(12288K)->0K(13824K) From: 9681K(11264K)->12288K(16896K)
[0.521s][info][gc,heap        ] GC(23) ParOldGen: 41477K(57856K)->51293K(57856K)
[0.521s][info][gc,metaspace   ] GC(23) Metaspace: 6298K(6464K)->6298K(6464K) NonClass: 5765K(5824K)->5765K(5824K) Class: 533K(640K)->533K(640K)
[0.521s][info][gc             ] GC(23) Pause Young (Allocation Failure) 61M->62M(86M) 18.320ms
[0.521s][info][gc,cpu         ] GC(23) User=0.02s Sys=0.02s Real=0.02s
[0.521s][info][gc,start       ] GC(24) Pause Full (Ergonomics)
[0.521s][info][gc,phases,start] GC(24) Marking Phase
[0.548s][info][gc,phases      ] GC(24) Marking Phase 26.334ms
[0.548s][info][gc,phases,start] GC(24) Summary Phase
[0.548s][info][gc,phases      ] GC(24) Summary Phase 0.019ms
[0.548s][info][gc,phases,start] GC(24) Adjust Roots
[0.548s][info][gc,phases      ] GC(24) Adjust Roots 0.163ms
[0.548s][info][gc,phases,start] GC(24) Compaction Phase
[0.566s][info][gc,phases      ] GC(24) Compaction Phase 18.290ms
[0.566s][info][gc,phases,start] GC(24) Post Compact
[0.567s][info][gc,phases      ] GC(24) Post Compact 0.180ms
[0.567s][info][gc,heap        ] GC(24) PSYoungGen: 12288K(30720K)->5612K(30720K) Eden: 0K(13824K)->0K(13824K) From: 12288K(16896K)->5612K(16896K)
[0.567s][info][gc,heap        ] GC(24) ParOldGen: 51293K(57856K)->57801K(77312K)
[0.567s][info][gc,metaspace   ] GC(24) Metaspace: 6298K(6464K)->6298K(6464K) NonClass: 5765K(5824K)->5765K(5824K) Class: 533K(640K)->533K(640K)
[0.567s][info][gc             ] GC(24) Pause Full (Ergonomics) 62M->61M(105M) 45.341ms
[0.567s][info][gc,cpu         ] GC(24) User=0.05s Sys=0.00s Real=0.05s
[0.580s][info][gc,start       ] GC(25) Pause Young (Allocation Failure)
[0.597s][info][gc,heap        ] GC(25) PSYoungGen: 19436K(30720K)->17920K(31744K) Eden: 13824K(13824K)->0K(13824K) From: 5612K(16896K)->17920K(17920K)
[0.597s][info][gc,heap        ] GC(25) ParOldGen: 57801K(77312K)->59361K(77312K)
[0.597s][info][gc,metaspace   ] GC(25) Metaspace: 6298K(6464K)->6298K(6464K) NonClass: 5765K(5824K)->5765K(5824K) Class: 533K(640K)->533K(640K)
[0.598s][info][gc             ] GC(25) Pause Young (Allocation Failure) 75M->75M(106M) 17.535ms
[0.598s][info][gc,cpu         ] GC(25) User=0.03s Sys=0.00s Real=0.02s
[0.610s][info][gc,start       ] GC(26) Pause Young (Allocation Failure)
[0.632s][info][gc,heap        ] GC(26) PSYoungGen: 29504K(31744K)->11552K(38400K) Eden: 11584K(13824K)->0K(16896K) From: 17920K(17920K)->11552K(21504K)
[0.632s][info][gc,heap        ] GC(26) ParOldGen: 59361K(77312K)->77537K(77824K)
[0.632s][info][gc,metaspace   ] GC(26) Metaspace: 6298K(6464K)->6298K(6464K) NonClass: 5765K(5824K)->5765K(5824K) Class: 533K(640K)->533K(640K)
[0.632s][info][gc             ] GC(26) Pause Young (Allocation Failure) 86M->87M(113M) 22.186ms
[0.632s][info][gc,cpu         ] GC(26) User=0.03s Sys=0.00s Real=0.02s
[0.632s][info][gc,start       ] GC(27) Pause Full (Ergonomics)
[0.632s][info][gc,phases,start] GC(27) Marking Phase
[0.667s][info][gc,phases      ] GC(27) Marking Phase 34.605ms
[0.667s][info][gc,phases,start] GC(27) Summary Phase
[0.667s][info][gc,phases      ] GC(27) Summary Phase 0.015ms
[0.667s][info][gc,phases,start] GC(27) Adjust Roots
[0.667s][info][gc,phases      ] GC(27) Adjust Roots 0.176ms
[0.667s][info][gc,phases,start] GC(27) Compaction Phase
[0.692s][info][gc,phases      ] GC(27) Compaction Phase 24.687ms
[0.692s][info][gc,phases,start] GC(27) Post Compact
[0.692s][info][gc,phases      ] GC(27) Post Compact 0.335ms
[0.693s][info][gc,heap        ] GC(27) PSYoungGen: 11552K(38400K)->11008K(38400K) Eden: 0K(16896K)->0K(16896K) From: 11552K(21504K)->11008K(21504K)
[0.693s][info][gc,heap        ] GC(27) ParOldGen: 77537K(77824K)->77719K(103424K)
[0.693s][info][gc,metaspace   ] GC(27) Metaspace: 6298K(6464K)->6298K(6464K) NonClass: 5765K(5824K)->5765K(5824K) Class: 533K(640K)->533K(640K)
[0.693s][info][gc             ] GC(27) Pause Full (Ergonomics) 87M->86M(138M) 60.232ms
[0.693s][info][gc,cpu         ] GC(27) User=0.08s Sys=0.00s Real=0.06s
[0.718s][info][gc,start       ] GC(28) Pause Young (Allocation Failure)
[0.736s][info][gc,heap        ] GC(28) PSYoungGen: 27904K(38400K)->21472K(38400K) Eden: 16896K(16896K)->0K(16896K) From: 11008K(21504K)->21472K(21504K)
[0.736s][info][gc,heap        ] GC(28) ParOldGen: 77719K(103424K)->84279K(103424K)
[0.736s][info][gc,metaspace   ] GC(28) Metaspace: 6298K(6464K)->6298K(6464K) NonClass: 5765K(5824K)->5765K(5824K) Class: 533K(640K)->533K(640K)
[0.736s][info][gc             ] GC(28) Pause Young (Allocation Failure) 103M->103M(138M) 17.862ms
[0.736s][info][gc,cpu         ] GC(28) User=0.02s Sys=0.00s Real=0.02s
[0.751s][info][gc,start       ] GC(29) Pause Young (Allocation Failure)
[0.774s][info][gc,heap        ] GC(29) PSYoungGen: 38368K(38400K)->16960K(46592K) Eden: 16896K(16896K)->0K(18944K) From: 21472K(21504K)->16960K(27648K)
[0.775s][info][gc,heap        ] GC(29) ParOldGen: 84279K(103424K)->106007K(106496K)
[0.775s][info][gc,metaspace   ] GC(29) Metaspace: 6298K(6464K)->6298K(6464K) NonClass: 5765K(5824K)->5765K(5824K) Class: 533K(640K)->533K(640K)
[0.775s][info][gc             ] GC(29) Pause Young (Allocation Failure) 119M->120M(149M) 23.810ms
[0.775s][info][gc,cpu         ] GC(29) User=0.05s Sys=0.00s Real=0.02s
[0.775s][info][gc,start       ] GC(30) Pause Full (Ergonomics)
[0.775s][info][gc,phases,start] GC(30) Marking Phase
[0.809s][info][gc,phases      ] GC(30) Marking Phase 34.421ms
[0.809s][info][gc,phases,start] GC(30) Summary Phase
[0.809s][info][gc,phases      ] GC(30) Summary Phase 0.017ms
[0.809s][info][gc,phases,start] GC(30) Adjust Roots
[0.809s][info][gc,phases      ] GC(30) Adjust Roots 0.145ms
[0.809s][info][gc,phases,start] GC(30) Compaction Phase
[0.838s][info][gc,phases      ] GC(30) Compaction Phase 28.536ms
[0.838s][info][gc,phases,start] GC(30) Post Compact
[0.838s][info][gc,phases      ] GC(30) Post Compact 0.490ms
[0.839s][info][gc,heap        ] GC(30) PSYoungGen: 16960K(46592K)->14310K(46592K) Eden: 0K(18944K)->0K(18944K) From: 16960K(27648K)->14310K(27648K)
[0.839s][info][gc,heap        ] GC(30) ParOldGen: 106007K(106496K)->106108K(138240K)
[0.839s][info][gc,metaspace   ] GC(30) Metaspace: 6298K(6464K)->6298K(6464K) NonClass: 5765K(5824K)->5765K(5824K) Class: 533K(640K)->533K(640K)
[0.839s][info][gc             ] GC(30) Pause Full (Ergonomics) 120M->117M(180M) 64.058ms
[0.839s][info][gc,cpu         ] GC(30) User=0.11s Sys=0.00s Real=0.06s
[0.857s][info][gc,start       ] GC(31) Pause Young (Allocation Failure)
[0.881s][info][gc,heap        ] GC(31) PSYoungGen: 33254K(46592K)->28672K(47616K) Eden: 18944K(18944K)->0K(18944K) From: 14310K(27648K)->28672K(28672K)
[0.881s][info][gc,heap        ] GC(31) ParOldGen: 106108K(138240K)->110804K(138240K)
[0.881s][info][gc,metaspace   ] GC(31) Metaspace: 6298K(6464K)->6298K(6464K) NonClass: 5765K(5824K)->5765K(5824K) Class: 533K(640K)->533K(640K)
[0.881s][info][gc             ] GC(31) Pause Young (Allocation Failure) 136M->136M(181M) 24.237ms
[0.881s][info][gc,cpu         ] GC(31) User=0.06s Sys=0.00s Real=0.02s
[0.901s][info][gc,start       ] GC(32) Pause Young (Allocation Failure)
[0.930s][info][gc,heap        ] GC(32) PSYoungGen: 47616K(47616K)->19040K(57344K) Eden: 18944K(18944K)->0K(22528K) From: 28672K(28672K)->19040K(34816K)
[0.931s][info][gc,heap        ] GC(32) ParOldGen: 110804K(138240K)->139860K(140288K)
[0.931s][info][gc,metaspace   ] GC(32) Metaspace: 6298K(6464K)->6298K(6464K) NonClass: 5765K(5824K)->5765K(5824K) Class: 533K(640K)->533K(640K)
[0.931s][info][gc             ] GC(32) Pause Young (Allocation Failure) 154M->155M(193M) 29.965ms
[0.931s][info][gc,cpu         ] GC(32) User=0.06s Sys=0.00s Real=0.03s
[0.931s][info][gc,start       ] GC(33) Pause Full (Ergonomics)
[0.931s][info][gc,phases,start] GC(33) Marking Phase
[0.978s][info][gc,phases      ] GC(33) Marking Phase 47.199ms
[0.978s][info][gc,phases,start] GC(33) Summary Phase
[0.978s][info][gc,phases      ] GC(33) Summary Phase 0.018ms
[0.978s][info][gc,phases,start] GC(33) Adjust Roots
[0.978s][info][gc,phases      ] GC(33) Adjust Roots 0.138ms
[0.978s][info][gc,phases,start] GC(33) Compaction Phase
[1.011s][info][gc,phases      ] GC(33) Compaction Phase 32.939ms
[1.011s][info][gc,phases,start] GC(33) Post Compact
[1.012s][info][gc,phases      ] GC(33) Post Compact 0.726ms
[1.012s][info][gc,heap        ] GC(33) PSYoungGen: 19040K(57344K)->18403K(57344K) Eden: 0K(22528K)->0K(22528K) From: 19040K(34816K)->18403K(34816K)
[1.012s][info][gc,heap        ] GC(33) ParOldGen: 139860K(140288K)->139840K(179712K)
[1.012s][info][gc,metaspace   ] GC(33) Metaspace: 6298K(6464K)->6298K(6464K) NonClass: 5765K(5824K)->5765K(5824K) Class: 533K(640K)->533K(640K)
[1.012s][info][gc             ] GC(33) Pause Full (Ergonomics) 155M->154M(231M) 81.530ms
[1.012s][info][gc,cpu         ] GC(33) User=0.20s Sys=0.00s Real=0.08s
[1.032s][info][gc,start       ] GC(34) Pause Young (Allocation Failure)
[1.057s][info][gc,heap        ] GC(34) PSYoungGen: 37271K(57344K)->18688K(57344K) Eden: 18867K(22528K)->0K(22528K) From: 18403K(34816K)->18688K(34816K)
[1.057s][info][gc,heap        ] GC(34) ParOldGen: 139840K(179712K)->158544K(179712K)
[1.057s][info][gc,metaspace   ] GC(34) Metaspace: 6298K(6464K)->6298K(6464K) NonClass: 5765K(5824K)->5765K(5824K) Class: 533K(640K)->533K(640K)
[1.057s][info][gc             ] GC(34) Pause Young (Allocation Failure) 172M->173M(231M) 25.427ms
[1.057s][info][gc,cpu         ] GC(34) User=0.06s Sys=0.02s Real=0.03s
[1.058s][info][gc,start       ] GC(35) Pause Full (Ergonomics)
[1.058s][info][gc,phases,start] GC(35) Marking Phase
[1.102s][info][gc,phases      ] GC(35) Marking Phase 44.746ms
[1.102s][info][gc,phases,start] GC(35) Summary Phase
[1.102s][info][gc,phases      ] GC(35) Summary Phase 0.027ms
[1.102s][info][gc,phases,start] GC(35) Adjust Roots
[1.103s][info][gc,phases      ] GC(35) Adjust Roots 0.147ms
[1.103s][info][gc,phases,start] GC(35) Compaction Phase
[1.124s][info][gc,phases      ] GC(35) Compaction Phase 21.527ms
[1.124s][info][gc,phases,start] GC(35) Post Compact
[1.125s][info][gc,phases      ] GC(35) Post Compact 1.254ms
[1.126s][info][gc,heap        ] GC(35) PSYoungGen: 18688K(57344K)->0K(58880K) Eden: 0K(22528K)->0K(25600K) From: 18688K(34816K)->0K(33280K)
[1.126s][info][gc,heap        ] GC(35) ParOldGen: 158544K(179712K)->176792K(220672K)
[1.126s][info][gc,metaspace   ] GC(35) Metaspace: 6298K(6464K)->6298K(6464K) NonClass: 5765K(5824K)->5765K(5824K) Class: 533K(640K)->533K(640K)
[1.126s][info][gc             ] GC(35) Pause Full (Ergonomics) 173M->172M(273M) 68.676ms
[1.126s][info][gc,cpu         ] GC(35) User=0.22s Sys=0.00s Real=0.07s
[1.173s][info][gc,start       ] GC(36) Pause Young (Allocation Failure)
[1.192s][info][gc,heap        ] GC(36) PSYoungGen: 25600K(58880K)->25696K(60416K) Eden: 25600K(25600K)->0K(25600K) From: 0K(33280K)->25696K(34816K)
[1.192s][info][gc,heap        ] GC(36) ParOldGen: 176792K(220672K)->176792K(220672K)
[1.192s][info][gc,metaspace   ] GC(36) Metaspace: 6298K(6464K)->6298K(6464K) NonClass: 5765K(5824K)->5765K(5824K) Class: 533K(640K)->533K(640K)
[1.192s][info][gc             ] GC(36) Pause Young (Allocation Failure) 197M->197M(274M) 19.255ms
[1.192s][info][gc,cpu         ] GC(36) User=0.00s Sys=0.00s Real=0.02s
[1.218s][info][gc,start       ] GC(37) Pause Young (Allocation Failure)
[1.250s][info][gc,heap        ] GC(37) PSYoungGen: 51296K(60416K)->36832K(51200K) Eden: 25600K(25600K)->0K(14336K) From: 25696K(34816K)->36832K(36864K)
[1.250s][info][gc,heap        ] GC(37) ParOldGen: 176792K(220672K)->199720K(220672K)
[1.250s][info][gc,metaspace   ] GC(37) Metaspace: 6298K(6464K)->6298K(6464K) NonClass: 5765K(5824K)->5765K(5824K) Class: 533K(640K)->533K(640K)
[1.250s][info][gc             ] GC(37) Pause Young (Allocation Failure) 222M->231M(265M) 31.906ms
[1.250s][info][gc,cpu         ] GC(37) User=0.02s Sys=0.00s Real=0.03s
[1.250s][info][gc,start       ] GC(38) Pause Full (Ergonomics)
[1.250s][info][gc,phases,start] GC(38) Marking Phase
[1.308s][info][gc,phases      ] GC(38) Marking Phase 57.349ms
[1.308s][info][gc,phases,start] GC(38) Summary Phase
[1.308s][info][gc,phases      ] GC(38) Summary Phase 0.021ms
[1.308s][info][gc,phases,start] GC(38) Adjust Roots
[1.308s][info][gc,phases      ] GC(38) Adjust Roots 0.170ms
[1.308s][info][gc,phases,start] GC(38) Compaction Phase
[1.353s][info][gc,phases      ] GC(38) Compaction Phase 44.893ms
[1.353s][info][gc,phases,start] GC(38) Post Compact
[1.354s][info][gc,phases      ] GC(38) Post Compact 1.443ms
[1.355s][info][gc,heap        ] GC(38) PSYoungGen: 36832K(51200K)->3544K(51200K) Eden: 0K(14336K)->0K(14336K) From: 36832K(36864K)->3544K(36864K)
[1.355s][info][gc,heap        ] GC(38) ParOldGen: 199720K(220672K)->220297K(268800K)
[1.355s][info][gc,metaspace   ] GC(38) Metaspace: 6298K(6464K)->6298K(6464K) NonClass: 5765K(5824K)->5765K(5824K) Class: 533K(640K)->533K(640K)
[1.355s][info][gc             ] GC(38) Pause Full (Ergonomics) 231M->218M(312M) 104.467ms
[1.355s][info][gc,cpu         ] GC(38) User=0.39s Sys=0.00s Real=0.10s
[1.373s][info][gc,start       ] GC(39) Pause Young (Allocation Failure)
[1.393s][info][gc,heap        ] GC(39) PSYoungGen: 17880K(51200K)->16960K(31744K) Eden: 14336K(14336K)->0K(14336K) From: 3544K(36864K)->16960K(17408K)
[1.394s][info][gc,heap        ] GC(39) ParOldGen: 220297K(268800K)->221425K(268800K)
[1.394s][info][gc,metaspace   ] GC(39) Metaspace: 6298K(6464K)->6298K(6464K) NonClass: 5765K(5824K)->5765K(5824K) Class: 533K(640K)->533K(640K)
[1.394s][info][gc             ] GC(39) Pause Young (Allocation Failure) 232M->232M(293M) 20.924ms
[1.394s][info][gc,cpu         ] GC(39) User=0.03s Sys=0.00s Real=0.02s
[1.410s][info][gc,start       ] GC(40) Pause Young (Allocation Failure)
[1.427s][info][gc,heap        ] GC(40) PSYoungGen: 31296K(31744K)->31264K(63488K) Eden: 14336K(14336K)->0K(14848K) From: 16960K(17408K)->31264K(48640K)
[1.427s][info][gc,heap        ] GC(40) ParOldGen: 221425K(268800K)->221425K(268800K)
[1.427s][info][gc,metaspace   ] GC(40) Metaspace: 6298K(6464K)->6298K(6464K) NonClass: 5765K(5824K)->5765K(5824K) Class: 533K(640K)->533K(640K)
[1.427s][info][gc             ] GC(40) Pause Young (Allocation Failure) 246M->246M(324M) 16.952ms
[1.427s][info][gc,cpu         ] GC(40) User=0.06s Sys=0.00s Real=0.02s
[1.444s][info][gc,start       ] GC(41) Pause Young (Allocation Failure)
[1.467s][info][gc,heap        ] GC(41) PSYoungGen: 46112K(63488K)->46080K(65024K) Eden: 14848K(14848K)->0K(14848K) From: 31264K(48640K)->46080K(50176K)
[1.467s][info][gc,heap        ] GC(41) ParOldGen: 221425K(268800K)->221425K(268800K)
[1.467s][info][gc,metaspace   ] GC(41) Metaspace: 6298K(6464K)->6298K(6464K) NonClass: 5765K(5824K)->5765K(5824K) Class: 533K(640K)->533K(640K)
[1.467s][info][gc             ] GC(41) Pause Young (Allocation Failure) 261M->261M(326M) 23.039ms
[1.467s][info][gc,cpu         ] GC(41) User=0.09s Sys=0.00s Real=0.02s
[1.484s][info][gc,start       ] GC(42) Pause Young (Allocation Failure)
[1.514s][info][gc,heap        ] GC(42) PSYoungGen: 60928K(65024K)->56320K(62976K) Eden: 14848K(14848K)->0K(6656K) From: 46080K(50176K)->56320K(56320K)
[1.514s][info][gc,heap        ] GC(42) ParOldGen: 221425K(268800K)->226017K(268800K)
[1.514s][info][gc,metaspace   ] GC(42) Metaspace: 6298K(6464K)->6298K(6464K) NonClass: 5765K(5824K)->5765K(5824K) Class: 533K(640K)->533K(640K)
[1.514s][info][gc             ] GC(42) Pause Young (Allocation Failure) 275M->275M(324M) 29.969ms
[1.514s][info][gc,cpu         ] GC(42) User=0.08s Sys=0.02s Real=0.03s
[1.522s][info][gc,start       ] GC(43) Pause Young (Allocation Failure)
[1.557s][info][gc,heap        ] GC(43) PSYoungGen: 62976K(62976K)->48224K(73728K) Eden: 6656K(6656K)->0K(6656K) From: 56320K(56320K)->48224K(67072K)
[1.557s][info][gc,heap        ] GC(43) ParOldGen: 226017K(268800K)->241073K(268800K)
[1.557s][info][gc,metaspace   ] GC(43) Metaspace: 6298K(6464K)->6298K(6464K) NonClass: 5765K(5824K)->5765K(5824K) Class: 533K(640K)->533K(640K)
[1.557s][info][gc             ] GC(43) Pause Young (Allocation Failure) 282M->282M(334M) 34.903ms
[1.557s][info][gc,cpu         ] GC(43) User=0.14s Sys=0.00s Real=0.04s
[1.566s][info][gc,start       ] GC(44) Pause Young (Allocation Failure)
[1.601s][info][gc,heap        ] GC(44) PSYoungGen: 54880K(73728K)->27456K(71168K) Eden: 6656K(6656K)->0K(8192K) From: 48224K(67072K)->27456K(62976K)
[1.601s][info][gc,heap        ] GC(44) ParOldGen: 241073K(268800K)->268857K(269312K)
[1.601s][info][gc,metaspace   ] GC(44) Metaspace: 6298K(6464K)->6298K(6464K) NonClass: 5765K(5824K)->5765K(5824K) Class: 533K(640K)->533K(640K)
[1.601s][info][gc             ] GC(44) Pause Young (Allocation Failure) 289M->289M(332M) 35.142ms
[1.601s][info][gc,cpu         ] GC(44) User=0.16s Sys=0.00s Real=0.03s
[1.601s][info][gc,start       ] GC(45) Pause Full (Ergonomics)
[1.601s][info][gc,phases,start] GC(45) Marking Phase
[1.680s][info][gc,phases      ] GC(45) Marking Phase 78.396ms
[1.680s][info][gc,phases,start] GC(45) Summary Phase
[1.680s][info][gc,phases      ] GC(45) Summary Phase 0.025ms
[1.680s][info][gc,phases,start] GC(45) Adjust Roots
[1.680s][info][gc,phases      ] GC(45) Adjust Roots 0.199ms
[1.680s][info][gc,phases,start] GC(45) Compaction Phase
[1.721s][info][gc,phases      ] GC(45) Compaction Phase 41.286ms
[1.721s][info][gc,phases,start] GC(45) Post Compact
[1.723s][info][gc,phases      ] GC(45) Post Compact 1.657ms
[1.723s][info][gc,heap        ] GC(45) PSYoungGen: 27456K(71168K)->26276K(72704K) Eden: 0K(8192K)->0K(9728K) From: 27456K(62976K)->26276K(62976K)
[1.723s][info][gc,heap        ] GC(45) ParOldGen: 268857K(269312K)->269063K(322048K)
[1.723s][info][gc,metaspace   ] GC(45) Metaspace: 6298K(6464K)->6298K(6464K) NonClass: 5765K(5824K)->5765K(5824K) Class: 533K(640K)->533K(640K)
[1.723s][info][gc             ] GC(45) Pause Full (Ergonomics) 289M->288M(385M) 122.164ms
[1.724s][info][gc,cpu         ] GC(45) User=0.55s Sys=0.00s Real=0.12s
[1.735s][info][gc,start       ] GC(46) Pause Young (Allocation Failure)
[1.766s][info][gc,heap        ] GC(46) PSYoungGen: 36004K(72704K)->16160K(76800K) Eden: 9728K(9728K)->0K(9728K) From: 26276K(62976K)->16160K(67072K)
[1.766s][info][gc,heap        ] GC(46) ParOldGen: 269063K(322048K)->289319K(322048K)
[1.766s][info][gc,metaspace   ] GC(46) Metaspace: 6298K(6464K)->6298K(6464K) NonClass: 5765K(5824K)->5765K(5824K) Class: 533K(640K)->533K(640K)
[1.766s][info][gc             ] GC(46) Pause Young (Allocation Failure) 297M->298M(389M) 30.847ms
[1.766s][info][gc,cpu         ] GC(46) User=0.11s Sys=0.00s Real=0.03s
[1.766s][info][gc,start       ] GC(47) Pause Full (Ergonomics)
[1.766s][info][gc,phases,start] GC(47) Marking Phase
[1.843s][info][gc,phases      ] GC(47) Marking Phase 77.160ms
[1.843s][info][gc,phases,start] GC(47) Summary Phase
[1.843s][info][gc,phases      ] GC(47) Summary Phase 0.021ms
[1.843s][info][gc,phases,start] GC(47) Adjust Roots
[1.843s][info][gc,phases      ] GC(47) Adjust Roots 0.147ms
[1.843s][info][gc,phases,start] GC(47) Compaction Phase
[1.880s][info][gc,phases      ] GC(47) Compaction Phase 36.907ms
[1.880s][info][gc,phases,start] GC(47) Post Compact
[1.882s][info][gc,phases      ] GC(47) Post Compact 1.401ms
[1.882s][info][gc,heap        ] GC(47) PSYoungGen: 16160K(76800K)->0K(76800K) Eden: 0K(9728K)->0K(11264K) From: 16160K(67072K)->0K(65536K)
[1.882s][info][gc,heap        ] GC(47) ParOldGen: 289319K(322048K)->305036K(361984K)
[1.882s][info][gc,metaspace   ] GC(47) Metaspace: 6298K(6464K)->6298K(6464K) NonClass: 5765K(5824K)->5765K(5824K) Class: 533K(640K)->533K(640K)
[1.882s][info][gc             ] GC(47) Pause Full (Ergonomics) 298M->297M(428M) 116.147ms
[1.882s][info][gc,cpu         ] GC(47) User=0.55s Sys=0.00s Real=0.12s
[1.897s][info][gc,start       ] GC(48) Pause Young (Allocation Failure)
[1.904s][info][gc,heap        ] GC(48) PSYoungGen: 11264K(76800K)->11392K(76800K) Eden: 11264K(11264K)->0K(11264K) From: 0K(65536K)->11392K(65536K)
[1.904s][info][gc,heap        ] GC(48) ParOldGen: 305036K(361984K)->305036K(361984K)
[1.904s][info][gc,metaspace   ] GC(48) Metaspace: 6298K(6464K)->6298K(6464K) NonClass: 5765K(5824K)->5765K(5824K) Class: 533K(640K)->533K(640K)
[1.904s][info][gc             ] GC(48) Pause Young (Allocation Failure) 308M->309M(428M) 7.358ms
[1.904s][info][gc,cpu         ] GC(48) User=0.00s Sys=0.00s Real=0.01s
[1.917s][info][gc,start       ] GC(49) Pause Young (Allocation Failure)
[1.930s][info][gc,heap        ] GC(49) PSYoungGen: 22656K(76800K)->22656K(71168K) Eden: 11264K(11264K)->0K(12800K) From: 11392K(65536K)->22656K(58368K)
[1.930s][info][gc,heap        ] GC(49) ParOldGen: 305036K(361984K)->305036K(361984K)
[1.930s][info][gc,metaspace   ] GC(49) Metaspace: 6298K(6464K)->6298K(6464K) NonClass: 5765K(5824K)->5765K(5824K) Class: 533K(640K)->533K(640K)
[1.930s][info][gc             ] GC(49) Pause Young (Allocation Failure) 320M->320M(423M) 12.711ms
[1.930s][info][gc,cpu         ] GC(49) User=0.00s Sys=0.00s Real=0.01s
[1.945s][info][gc,start       ] GC(50) Pause Young (Allocation Failure)
[1.963s][info][gc,heap        ] GC(50) PSYoungGen: 35456K(71168K)->35456K(74240K) Eden: 12800K(12800K)->0K(12800K) From: 22656K(58368K)->35456K(61440K)
[1.963s][info][gc,heap        ] GC(50) ParOldGen: 305036K(361984K)->305036K(361984K)
[1.963s][info][gc,metaspace   ] GC(50) Metaspace: 6298K(6464K)->6298K(6464K) NonClass: 5765K(5824K)->5765K(5824K) Class: 533K(640K)->533K(640K)
[1.963s][info][gc             ] GC(50) Pause Young (Allocation Failure) 332M->332M(426M) 18.270ms
[1.963s][info][gc,cpu         ] GC(50) User=0.12s Sys=0.00s Real=0.02s
[2.048s][info][gc,start       ] GC(51) Pause Young (Allocation Failure)
[2.078s][info][gc,heap        ] GC(51) PSYoungGen: 48256K(74240K)->48256K(71680K) Eden: 12800K(12800K)->0K(10240K) From: 35456K(61440K)->48256K(61440K)
[2.078s][info][gc,heap        ] GC(51) ParOldGen: 321420K(361984K)->321420K(361984K)
[2.078s][info][gc,metaspace   ] GC(51) Metaspace: 6298K(6464K)->6298K(6464K) NonClass: 5765K(5824K)->5765K(5824K) Class: 533K(640K)->533K(640K)
[2.078s][info][gc             ] GC(51) Pause Young (Allocation Failure) 361M->361M(423M) 29.618ms
[2.078s][info][gc,cpu         ] GC(51) User=0.14s Sys=0.00s Real=0.03s
[2.089s][info][gc,start       ] GC(52) Pause Young (Allocation Failure)
[2.114s][info][gc,heap        ] GC(52) PSYoungGen: 58496K(71680K)->58464K(76288K) Eden: 10240K(10240K)->0K(10240K) From: 48256K(61440K)->58464K(66048K)
[2.114s][info][gc,heap        ] GC(52) ParOldGen: 321420K(361984K)->321420K(361984K)
[2.114s][info][gc,metaspace   ] GC(52) Metaspace: 6298K(6464K)->6298K(6464K) NonClass: 5765K(5824K)->5765K(5824K) Class: 533K(640K)->533K(640K)
[2.114s][info][gc             ] GC(52) Pause Young (Allocation Failure) 371M->370M(428M) 25.952ms
[2.115s][info][gc,cpu         ] GC(52) User=0.09s Sys=0.00s Real=0.03s
[2.124s][info][gc,start       ] GC(53) Pause Young (Allocation Failure)
[2.154s][info][gc,heap        ] GC(53) PSYoungGen: 68704K(76288K)->57408K(79872K) Eden: 10240K(10240K)->0K(6656K) From: 58464K(66048K)->57408K(73216K)
[2.154s][info][gc,heap        ] GC(53) ParOldGen: 321420K(361984K)->332836K(361984K)
[2.154s][info][gc,metaspace   ] GC(53) Metaspace: 6298K(6464K)->6298K(6464K) NonClass: 5765K(5824K)->5765K(5824K) Class: 533K(640K)->533K(640K)
[2.154s][info][gc             ] GC(53) Pause Young (Allocation Failure) 380M->381M(431M) 30.237ms
[2.154s][info][gc,cpu         ] GC(53) User=0.12s Sys=0.00s Real=0.03s
[2.154s][info][gc,start       ] GC(54) Pause Full (Ergonomics)
[2.154s][info][gc,phases,start] GC(54) Marking Phase
[2.238s][info][gc,phases      ] GC(54) Marking Phase 83.200ms
[2.238s][info][gc,phases,start] GC(54) Summary Phase
[2.238s][info][gc,phases      ] GC(54) Summary Phase 0.020ms
[2.238s][info][gc,phases,start] GC(54) Adjust Roots
[2.238s][info][gc,phases      ] GC(54) Adjust Roots 0.176ms
[2.238s][info][gc,phases,start] GC(54) Compaction Phase
[2.301s][info][gc,phases      ] GC(54) Compaction Phase 62.951ms
[2.301s][info][gc,phases,start] GC(54) Post Compact
[2.303s][info][gc,phases      ] GC(54) Post Compact 2.079ms
[2.303s][info][gc,heap        ] GC(54) PSYoungGen: 57408K(79872K)->19890K(79872K) Eden: 0K(6656K)->0K(6656K) From: 57408K(73216K)->19890K(73216K)
[2.303s][info][gc,heap        ] GC(54) ParOldGen: 332836K(361984K)->361754K(416256K)
[2.303s][info][gc,metaspace   ] GC(54) Metaspace: 6298K(6464K)->6298K(6464K) NonClass: 5765K(5824K)->5765K(5824K) Class: 533K(640K)->533K(640K)
[2.303s][info][gc             ] GC(54) Pause Full (Ergonomics) 381M->372M(484M) 148.994ms
[2.303s][info][gc,cpu         ] GC(54) User=0.89s Sys=0.02s Real=0.15s
[2.313s][info][gc,start       ] GC(55) Pause Young (Allocation Failure)
[2.340s][info][gc,heap        ] GC(55) PSYoungGen: 26546K(79872K)->23712K(30720K) Eden: 6656K(6656K)->0K(6656K) From: 19890K(73216K)->23712K(24064K)
[2.340s][info][gc,heap        ] GC(55) ParOldGen: 361754K(416256K)->364818K(416256K)
[2.340s][info][gc,metaspace   ] GC(55) Metaspace: 6298K(6464K)->6298K(6464K) NonClass: 5765K(5824K)->5765K(5824K) Class: 533K(640K)->533K(640K)
[2.340s][info][gc             ] GC(55) Pause Young (Allocation Failure) 379M->379M(436M) 27.179ms
[2.340s][info][gc,cpu         ] GC(55) User=0.06s Sys=0.00s Real=0.03s
[2.346s][info][gc,start       ] GC(56) Pause Young (Allocation Failure)
[2.361s][info][gc,heap        ] GC(56) PSYoungGen: 30368K(30720K)->27072K(77312K) Eden: 6656K(6656K)->0K(7680K) From: 23712K(24064K)->27072K(69632K)
[2.361s][info][gc,heap        ] GC(56) ParOldGen: 364818K(416256K)->368138K(416256K)
[2.361s][info][gc,metaspace   ] GC(56) Metaspace: 6298K(6464K)->6298K(6464K) NonClass: 5765K(5824K)->5765K(5824K) Class: 533K(640K)->533K(640K)
[2.361s][info][gc             ] GC(56) Pause Young (Allocation Failure) 385M->385M(482M) 14.693ms
[2.361s][info][gc,cpu         ] GC(56) User=0.02s Sys=0.00s Real=0.01s
[2.368s][info][gc,start       ] GC(57) Pause Young (Allocation Failure)
[2.385s][info][gc,heap        ] GC(57) PSYoungGen: 34752K(77312K)->30176K(37888K) Eden: 7680K(7680K)->0K(7680K) From: 27072K(69632K)->30176K(30208K)
[2.385s][info][gc,heap        ] GC(57) ParOldGen: 368138K(416256K)->372874K(416256K)
[2.385s][info][gc,metaspace   ] GC(57) Metaspace: 6298K(6464K)->6298K(6464K) NonClass: 5765K(5824K)->5765K(5824K) Class: 533K(640K)->533K(640K)
[2.385s][info][gc             ] GC(57) Pause Young (Allocation Failure) 393M->393M(443M) 16.374ms
[2.385s][info][gc,cpu         ] GC(57) User=0.00s Sys=0.02s Real=0.02s
[2.393s][info][gc,start       ] GC(58) Pause Young (Allocation Failure)
[2.411s][info][gc,heap        ] GC(58) PSYoungGen: 37856K(37888K)->28768K(72192K) Eden: 7680K(7680K)->0K(9216K) From: 30176K(30208K)->28768K(62976K)
[2.411s][info][gc,heap        ] GC(58) ParOldGen: 372874K(416256K)->382018K(416256K)
[2.411s][info][gc,metaspace   ] GC(58) Metaspace: 6298K(6464K)->6298K(6464K) NonClass: 5765K(5824K)->5765K(5824K) Class: 533K(640K)->533K(640K)
[2.411s][info][gc             ] GC(58) Pause Young (Allocation Failure) 401M->401M(477M) 17.951ms
[2.411s][info][gc,cpu         ] GC(58) User=0.25s Sys=0.00s Real=0.02s
[2.420s][info][gc,start       ] GC(59) Pause Young (Allocation Failure)
[2.439s][info][gc,heap        ] GC(59) PSYoungGen: 37984K(72192K)->24576K(33792K) Eden: 9216K(9216K)->0K(9216K) From: 28768K(62976K)->24576K(24576K)
[2.439s][info][gc,heap        ] GC(59) ParOldGen: 382018K(416256K)->395466K(416256K)
[2.439s][info][gc,metaspace   ] GC(59) Metaspace: 6298K(6464K)->6298K(6464K) NonClass: 5765K(5824K)->5765K(5824K) Class: 533K(640K)->533K(640K)
[2.439s][info][gc             ] GC(59) Pause Young (Allocation Failure) 410M->410M(439M) 18.599ms
[2.439s][info][gc,cpu         ] GC(59) User=0.12s Sys=0.00s Real=0.02s
[2.439s][info][gc,start       ] GC(60) Pause Full (Ergonomics)
[2.439s][info][gc,phases,start] GC(60) Marking Phase
[2.524s][info][gc,phases      ] GC(60) Marking Phase 85.124ms
[2.524s][info][gc,phases,start] GC(60) Summary Phase
[2.524s][info][gc,phases      ] GC(60) Summary Phase 0.034ms
[2.524s][info][gc,phases,start] GC(60) Adjust Roots
[2.525s][info][gc,phases      ] GC(60) Adjust Roots 0.162ms
[2.525s][info][gc,phases,start] GC(60) Compaction Phase
[2.571s][info][gc,phases      ] GC(60) Compaction Phase 46.517ms
[2.571s][info][gc,phases,start] GC(60) Post Compact
[2.573s][info][gc,phases      ] GC(60) Post Compact 1.995ms
[2.573s][info][gc,heap        ] GC(60) PSYoungGen: 24576K(33792K)->3535K(33792K) Eden: 0K(9216K)->0K(9216K) From: 24576K(24576K)->3535K(24576K)
[2.573s][info][gc,heap        ] GC(60) ParOldGen: 395466K(416256K)->415843K(468480K)
[2.573s][info][gc,metaspace   ] GC(60) Metaspace: 6298K(6464K)->6298K(6464K) NonClass: 5765K(5824K)->5765K(5824K) Class: 533K(640K)->533K(640K)
[2.573s][info][gc             ] GC(60) Pause Full (Ergonomics) 410M->409M(490M) 134.370ms
[2.574s][info][gc,cpu         ] GC(60) User=0.98s Sys=0.00s Real=0.13s
[2.584s][info][gc,start       ] GC(61) Pause Young (Allocation Failure)
[2.608s][info][gc,heap        ] GC(61) PSYoungGen: 12751K(33792K)->11328K(74752K) Eden: 9216K(9216K)->0K(10752K) From: 3535K(24576K)->11328K(64000K)
[2.608s][info][gc,heap        ] GC(61) ParOldGen: 415843K(468480K)->417451K(468480K)
[2.608s][info][gc,metaspace   ] GC(61) Metaspace: 6298K(6464K)->6298K(6464K) NonClass: 5765K(5824K)->5765K(5824K) Class: 533K(640K)->533K(640K)
[2.608s][info][gc             ] GC(61) Pause Young (Allocation Failure) 418M->418M(530M) 24.192ms
[2.608s][info][gc,cpu         ] GC(61) User=0.12s Sys=0.00s Real=0.02s
[2.619s][info][gc,start       ] GC(62) Pause Young (Allocation Failure)
[2.631s][info][gc,heap        ] GC(62) PSYoungGen: 22080K(74752K)->20064K(74752K) Eden: 10752K(10752K)->0K(10752K) From: 11328K(64000K)->20064K(64000K)
[2.631s][info][gc,heap        ] GC(62) ParOldGen: 417451K(468480K)->419499K(468480K)
[2.631s][info][gc,metaspace   ] GC(62) Metaspace: 6298K(6464K)->6298K(6464K) NonClass: 5765K(5824K)->5765K(5824K) Class: 533K(640K)->533K(640K)
[2.631s][info][gc             ] GC(62) Pause Young (Allocation Failure) 429M->429M(530M) 12.335ms
[2.631s][info][gc,cpu         ] GC(62) User=0.02s Sys=0.00s Real=0.01s
[2.642s][info][gc,start       ] GC(63) Pause Young (Allocation Failure)
[2.658s][info][gc,heap        ] GC(63) PSYoungGen: 30816K(74752K)->21600K(69632K) Eden: 10752K(10752K)->0K(12288K) From: 20064K(64000K)->21600K(57344K)
[2.658s][info][gc,heap        ] GC(63) ParOldGen: 419499K(468480K)->428827K(468480K)
[2.658s][info][gc,metaspace   ] GC(63) Metaspace: 6298K(6464K)->6298K(6464K) NonClass: 5765K(5824K)->5765K(5824K) Class: 533K(640K)->533K(640K)
[2.658s][info][gc             ] GC(63) Pause Young (Allocation Failure) 439M->439M(525M) 16.283ms
[2.658s][info][gc,cpu         ] GC(63) User=0.02s Sys=0.00s Real=0.02s
[2.671s][info][gc,start       ] GC(64) Pause Young (Allocation Failure)
[2.689s][info][gc,heap        ] GC(64) PSYoungGen: 33888K(69632K)->23168K(72192K) Eden: 12288K(12288K)->0K(12288K) From: 21600K(57344K)->23168K(59904K)
[2.689s][info][gc,heap        ] GC(64) ParOldGen: 428827K(468480K)->439723K(468480K)
[2.689s][info][gc,metaspace   ] GC(64) Metaspace: 6298K(6464K)->6298K(6464K) NonClass: 5765K(5824K)->5765K(5824K) Class: 533K(640K)->533K(640K)
[2.689s][info][gc             ] GC(64) Pause Young (Allocation Failure) 451M->452M(528M) 17.571ms
[2.689s][info][gc,cpu         ] GC(64) User=0.06s Sys=0.00s Real=0.02s
[2.702s][info][gc,start       ] GC(65) Pause Young (Allocation Failure)
[2.720s][info][gc,heap        ] GC(65) PSYoungGen: 35456K(72192K)->24672K(67072K) Eden: 12288K(12288K)->0K(14336K) From: 23168K(59904K)->24672K(52736K)
[2.720s][info][gc,heap        ] GC(65) ParOldGen: 439723K(468480K)->450635K(468480K)
[2.720s][info][gc,metaspace   ] GC(65) Metaspace: 6298K(6464K)->6298K(6464K) NonClass: 5765K(5824K)->5765K(5824K) Class: 533K(640K)->533K(640K)
[2.720s][info][gc             ] GC(65) Pause Young (Allocation Failure) 464M->464M(523M) 18.346ms
[2.720s][info][gc,cpu         ] GC(65) User=0.12s Sys=0.00s Real=0.02s
[2.720s][info][gc,start       ] GC(66) Pause Full (Ergonomics)
[2.720s][info][gc,phases,start] GC(66) Marking Phase
[2.818s][info][gc,phases      ] GC(66) Marking Phase 97.975ms
[2.818s][info][gc,phases,start] GC(66) Summary Phase
[2.818s][info][gc,phases      ] GC(66) Summary Phase 0.020ms
[2.818s][info][gc,phases,start] GC(66) Adjust Roots
[2.818s][info][gc,phases      ] GC(66) Adjust Roots 0.148ms
[2.818s][info][gc,phases,start] GC(66) Compaction Phase
[2.866s][info][gc,phases      ] GC(66) Compaction Phase 47.855ms
[2.866s][info][gc,phases,start] GC(66) Post Compact
[2.869s][info][gc,phases      ] GC(66) Post Compact 2.254ms
[2.869s][info][gc,heap        ] GC(66) PSYoungGen: 24672K(67072K)->6121K(69120K) Eden: 0K(14336K)->0K(16384K) From: 24672K(52736K)->6121K(52736K)
[2.869s][info][gc,heap        ] GC(66) ParOldGen: 450635K(468480K)->468393K(521728K)
[2.869s][info][gc,metaspace   ] GC(66) Metaspace: 6298K(6464K)->6298K(6464K) NonClass: 5765K(5824K)->5765K(5824K) Class: 533K(640K)->533K(640K)
[2.869s][info][gc             ] GC(66) Pause Full (Ergonomics) 464M->463M(577M) 148.820ms
[2.869s][info][gc,cpu         ] GC(66) User=1.11s Sys=0.00s Real=0.15s
[2.888s][info][gc,start       ] GC(67) Pause Young (Allocation Failure)
[2.921s][info][gc,heap        ] GC(67) PSYoungGen: 22505K(69120K)->16512K(71680K) Eden: 16384K(16384K)->0K(16384K) From: 6121K(52736K)->16512K(55296K)
[2.921s][info][gc,heap        ] GC(67) ParOldGen: 468393K(521728K)->474633K(521728K)
[2.921s][info][gc,metaspace   ] GC(67) Metaspace: 6298K(6464K)->6298K(6464K) NonClass: 5765K(5824K)->5765K(5824K) Class: 533K(640K)->533K(640K)
[2.921s][info][gc             ] GC(67) Pause Young (Allocation Failure) 479M->479M(579M) 32.735ms
[2.921s][info][gc,cpu         ] GC(67) User=0.12s Sys=0.00s Real=0.03s
[2.938s][info][gc,start       ] GC(68) Pause Young (Allocation Failure)
[2.958s][info][gc,heap        ] GC(68) PSYoungGen: 32896K(71680K)->16480K(69632K) Eden: 16384K(16384K)->0K(18432K) From: 16512K(55296K)->16480K(51200K)
[2.958s][info][gc,heap        ] GC(68) ParOldGen: 474633K(521728K)->491257K(521728K)
[2.958s][info][gc,metaspace   ] GC(68) Metaspace: 6298K(6464K)->6298K(6464K) NonClass: 5765K(5824K)->5765K(5824K) Class: 533K(640K)->533K(640K)
[2.958s][info][gc             ] GC(68) Pause Young (Allocation Failure) 495M->495M(577M) 20.019ms
[2.958s][info][gc,cpu         ] GC(68) User=0.08s Sys=0.00s Real=0.02s
[2.978s][info][gc,start       ] GC(69) Pause Young (Allocation Failure)
[2.998s][info][gc,heap        ] GC(69) PSYoungGen: 34912K(69632K)->18560K(71168K) Eden: 18432K(18432K)->0K(18432K) From: 16480K(51200K)->18560K(52736K)
[2.998s][info][gc,heap        ] GC(69) ParOldGen: 491257K(521728K)->507897K(521728K)
[2.998s][info][gc,metaspace   ] GC(69) Metaspace: 6298K(6464K)->6298K(6464K) NonClass: 5765K(5824K)->5765K(5824K) Class: 533K(640K)->533K(640K)
[2.998s][info][gc             ] GC(69) Pause Young (Allocation Failure) 513M->514M(579M) 20.457ms
[2.998s][info][gc,cpu         ] GC(69) User=0.08s Sys=0.02s Real=0.02s
[2.998s][info][gc,start       ] GC(70) Pause Full (Ergonomics)
[2.998s][info][gc,phases,start] GC(70) Marking Phase
[3.128s][info][gc,phases      ] GC(70) Marking Phase 130.014ms
[3.128s][info][gc,phases,start] GC(70) Summary Phase
[3.128s][info][gc,phases      ] GC(70) Summary Phase 0.026ms
[3.128s][info][gc,phases,start] GC(70) Adjust Roots
[3.129s][info][gc,phases      ] GC(70) Adjust Roots 0.164ms
[3.129s][info][gc,phases,start] GC(70) Compaction Phase
[3.179s][info][gc,phases      ] GC(70) Compaction Phase 50.265ms
[3.179s][info][gc,phases,start] GC(70) Post Compact
[3.182s][info][gc,phases      ] GC(70) Post Compact 2.782ms
[3.182s][info][gc,heap        ] GC(70) PSYoungGen: 18560K(71168K)->4091K(71168K) Eden: 0K(18432K)->0K(18432K) From: 18560K(52736K)->4091K(52736K)
[3.182s][info][gc,heap        ] GC(70) ParOldGen: 507897K(521728K)->521527K(581120K)
[3.182s][info][gc,metaspace   ] GC(70) Metaspace: 6298K(6464K)->6298K(6464K) NonClass: 5765K(5824K)->5765K(5824K) Class: 533K(640K)->533K(640K)
[3.182s][info][gc             ] GC(70) Pause Full (Ergonomics) 514M->513M(637M) 183.866ms
[3.182s][info][gc,cpu         ] GC(70) User=1.14s Sys=0.03s Real=0.18s
[3.202s][info][gc,start       ] GC(71) Pause Young (Allocation Failure)
[3.236s][info][gc,heap        ] GC(71) PSYoungGen: 22523K(71168K)->18560K(68608K) Eden: 18432K(18432K)->0K(20480K) From: 4091K(52736K)->18560K(48128K)
[3.236s][info][gc,heap        ] GC(71) ParOldGen: 521527K(581120K)->525703K(581120K)
[3.236s][info][gc,metaspace   ] GC(71) Metaspace: 6298K(6464K)->6298K(6464K) NonClass: 5765K(5824K)->5765K(5824K) Class: 533K(640K)->533K(640K)
[3.236s][info][gc             ] GC(71) Pause Young (Allocation Failure) 531M->531M(634M) 33.635ms
[3.236s][info][gc,cpu         ] GC(71) User=0.16s Sys=0.00s Real=0.03s
[3.258s][info][gc,start       ] GC(72) Pause Young (Allocation Failure)
[3.279s][info][gc,heap        ] GC(72) PSYoungGen: 39040K(68608K)->39104K(70144K) Eden: 20480K(20480K)->0K(20480K) From: 18560K(48128K)->39104K(49664K)
[3.279s][info][gc,heap        ] GC(72) ParOldGen: 525703K(581120K)->525703K(581120K)
[3.279s][info][gc,metaspace   ] GC(72) Metaspace: 6298K(6464K)->6298K(6464K) NonClass: 5765K(5824K)->5765K(5824K) Class: 533K(640K)->533K(640K)
[3.279s][info][gc             ] GC(72) Pause Young (Allocation Failure) 551M->551M(636M) 21.009ms
[3.279s][info][gc,cpu         ] GC(72) User=0.12s Sys=0.00s Real=0.02s
[3.303s][info][gc,start       ] GC(73) Pause Young (Allocation Failure)
[3.332s][info][gc,heap        ] GC(73) PSYoungGen: 59584K(70144K)->52736K(66048K) Eden: 20480K(20480K)->0K(13312K) From: 39104K(49664K)->52736K(52736K)
[3.332s][info][gc,heap        ] GC(73) ParOldGen: 525703K(581120K)->532495K(581120K)
[3.332s][info][gc,metaspace   ] GC(73) Metaspace: 6298K(6464K)->6298K(6464K) NonClass: 5765K(5824K)->5765K(5824K) Class: 533K(640K)->533K(640K)
[3.332s][info][gc             ] GC(73) Pause Young (Allocation Failure) 571M->571M(632M) 29.705ms
[3.332s][info][gc,cpu         ] GC(73) User=0.12s Sys=0.00s Real=0.03s
[3.347s][info][gc,start       ] GC(74) Pause Young (Allocation Failure)
[3.378s][info][gc,heap        ] GC(74) PSYoungGen: 66048K(66048K)->32160K(75776K) Eden: 13312K(13312K)->0K(13312K) From: 52736K(52736K)->32160K(62464K)
[3.378s][info][gc,heap        ] GC(74) ParOldGen: 532495K(581120K)->566927K(581120K)
[3.378s][info][gc,metaspace   ] GC(74) Metaspace: 6298K(6464K)->6298K(6464K) NonClass: 5765K(5824K)->5765K(5824K) Class: 533K(640K)->533K(640K)
[3.378s][info][gc             ] GC(74) Pause Young (Allocation Failure) 584M->585M(641M) 31.369ms
[3.378s][info][gc,cpu         ] GC(74) User=0.25s Sys=0.00s Real=0.03s
[3.378s][info][gc,start       ] GC(75) Pause Full (Ergonomics)
[3.378s][info][gc,phases,start] GC(75) Marking Phase
[3.511s][info][gc,phases      ] GC(75) Marking Phase 133.156ms
[3.511s][info][gc,phases,start] GC(75) Summary Phase
[3.511s][info][gc,phases      ] GC(75) Summary Phase 0.027ms
[3.511s][info][gc,phases,start] GC(75) Adjust Roots
[3.511s][info][gc,phases      ] GC(75) Adjust Roots 0.165ms
[3.511s][info][gc,phases,start] GC(75) Compaction Phase
[3.565s][info][gc,phases      ] GC(75) Compaction Phase 53.210ms
[3.565s][info][gc,phases,start] GC(75) Post Compact
[3.566s][info][gc,phases      ] GC(75) Post Compact 1.024ms
[3.566s][info][gc,heap        ] GC(75) PSYoungGen: 32160K(75776K)->17154K(75776K) Eden: 0K(13312K)->0K(13312K) From: 32160K(62464K)->17154K(62464K)
[3.566s][info][gc,heap        ] GC(75) ParOldGen: 566927K(581120K)->581046K(650240K)
[3.566s][info][gc,metaspace   ] GC(75) Metaspace: 6298K(6464K)->6298K(6464K) NonClass: 5765K(5824K)->5765K(5824K) Class: 533K(640K)->533K(640K)
[3.566s][info][gc             ] GC(75) Pause Full (Ergonomics) 585M->584M(709M) 188.100ms
[3.566s][info][gc,cpu         ] GC(75) User=1.36s Sys=0.03s Real=0.19s
[3.584s][info][gc,start       ] GC(76) Pause Young (Allocation Failure)
[3.623s][info][gc,heap        ] GC(76) PSYoungGen: 30466K(75776K)->22112K(70656K) Eden: 13312K(13312K)->0K(14848K) From: 17154K(62464K)->22112K(55808K)
[3.623s][info][gc,heap        ] GC(76) ParOldGen: 581046K(650240K)->589694K(650240K)
[3.623s][info][gc,metaspace   ] GC(76) Metaspace: 6298K(6464K)->6298K(6464K) NonClass: 5765K(5824K)->5765K(5824K) Class: 533K(640K)->533K(640K)
[3.623s][info][gc             ] GC(76) Pause Young (Allocation Failure) 597M->597M(704M) 39.568ms
[3.623s][info][gc,cpu         ] GC(76) User=0.23s Sys=0.02s Real=0.04s
[3.641s][info][gc,start       ] GC(77) Pause Young (Allocation Failure)
[3.661s][info][gc,heap        ] GC(77) PSYoungGen: 36960K(70656K)->36960K(73216K) Eden: 14848K(14848K)->0K(14848K) From: 22112K(55808K)->36960K(58368K)
[3.661s][info][gc,heap        ] GC(77) ParOldGen: 589694K(650240K)->589694K(650240K)
[3.661s][info][gc,metaspace   ] GC(77) Metaspace: 6298K(6464K)->6298K(6464K) NonClass: 5765K(5824K)->5765K(5824K) Class: 533K(640K)->533K(640K)
[3.661s][info][gc             ] GC(77) Pause Young (Allocation Failure) 611M->611M(706M) 20.538ms
[3.661s][info][gc,cpu         ] GC(77) User=0.12s Sys=0.00s Real=0.02s
[3.679s][info][gc,start       ] GC(78) Pause Young (Allocation Failure)
[3.704s][info][gc,heap        ] GC(78) PSYoungGen: 51808K(73216K)->51808K(70144K) Eden: 14848K(14848K)->0K(11264K) From: 36960K(58368K)->51808K(58880K)
[3.705s][info][gc,heap        ] GC(78) ParOldGen: 589694K(650240K)->589694K(650240K)
[3.705s][info][gc,metaspace   ] GC(78) Metaspace: 6298K(6464K)->6298K(6464K) NonClass: 5765K(5824K)->5765K(5824K) Class: 533K(640K)->533K(640K)
[3.705s][info][gc             ] GC(78) Pause Young (Allocation Failure) 626M->626M(703M) 25.819ms
[3.705s][info][gc,cpu         ] GC(78) User=0.12s Sys=0.00s Real=0.03s
[3.718s][info][gc,start       ] GC(79) Pause Young (Allocation Failure)
[3.749s][info][gc,heap        ] GC(79) PSYoungGen: 63072K(70144K)->54400K(75264K) Eden: 11264K(11264K)->0K(11264K) From: 51808K(58880K)->54400K(64000K)
[3.749s][info][gc,heap        ] GC(79) ParOldGen: 589694K(650240K)->598486K(650240K)
[3.749s][info][gc,metaspace   ] GC(79) Metaspace: 6298K(6464K)->6298K(6464K) NonClass: 5765K(5824K)->5765K(5824K) Class: 533K(640K)->533K(640K)
[3.749s][info][gc             ] GC(79) Pause Young (Allocation Failure) 637M->637M(708M) 30.728ms
[3.749s][info][gc,cpu         ] GC(79) User=0.12s Sys=0.00s Real=0.03s
[3.761s][info][gc,start       ] GC(80) Pause Young (Allocation Failure)
[3.793s][info][gc,heap        ] GC(80) PSYoungGen: 65664K(75264K)->52352K(79360K) Eden: 11264K(11264K)->0K(9728K) From: 54400K(64000K)->52352K(69632K)
[3.793s][info][gc,heap        ] GC(80) ParOldGen: 598486K(650240K)->611990K(650240K)
[3.793s][info][gc,metaspace   ] GC(80) Metaspace: 6298K(6464K)->6298K(6464K) NonClass: 5765K(5824K)->5765K(5824K) Class: 533K(640K)->533K(640K)
[3.793s][info][gc             ] GC(80) Pause Young (Allocation Failure) 648M->648M(712M) 31.800ms
[3.793s][info][gc,cpu         ] GC(80) User=0.14s Sys=0.00s Real=0.03s
[3.805s][info][gc,start       ] GC(81) Pause Young (Allocation Failure)
[3.836s][info][gc,heap        ] GC(81) PSYoungGen: 62080K(79360K)->32320K(42496K) Eden: 9728K(9728K)->0K(9728K) From: 52352K(69632K)->32320K(32768K)
[3.836s][info][gc,heap        ] GC(81) ParOldGen: 611990K(650240K)->642078K(650240K)
[3.836s][info][gc,metaspace   ] GC(81) Metaspace: 6298K(6464K)->6298K(6464K) NonClass: 5765K(5824K)->5765K(5824K) Class: 533K(640K)->533K(640K)
[3.836s][info][gc             ] GC(81) Pause Young (Allocation Failure) 658M->658M(676M) 31.622ms
[3.837s][info][gc,cpu         ] GC(81) User=0.14s Sys=0.00s Real=0.03s
[3.837s][info][gc,start       ] GC(82) Pause Full (Ergonomics)
[3.837s][info][gc,phases,start] GC(82) Marking Phase
[3.978s][info][gc,phases      ] GC(82) Marking Phase 141.737ms
[3.978s][info][gc,phases,start] GC(82) Summary Phase
[3.978s][info][gc,phases      ] GC(82) Summary Phase 0.023ms
[3.978s][info][gc,phases,start] GC(82) Adjust Roots
[3.979s][info][gc,phases      ] GC(82) Adjust Roots 0.153ms
[3.979s][info][gc,phases,start] GC(82) Compaction Phase
[4.038s][info][gc,phases      ] GC(82) Compaction Phase 59.614ms
[4.038s][info][gc,phases,start] GC(82) Post Compact
[4.039s][info][gc,phases      ] GC(82) Post Compact 0.992ms
[4.040s][info][gc,heap        ] GC(82) PSYoungGen: 32320K(42496K)->23475K(42496K) Eden: 0K(9728K)->0K(9728K) From: 32320K(32768K)->23475K(32768K)
[4.040s][info][gc,heap        ] GC(82) ParOldGen: 642078K(650240K)->649805K(723968K)
[4.040s][info][gc,metaspace   ] GC(82) Metaspace: 6298K(6464K)->6298K(6464K) NonClass: 5765K(5824K)->5765K(5824K) Class: 533K(640K)->533K(640K)
[4.040s][info][gc             ] GC(82) Pause Full (Ergonomics) 658M->657M(748M) 203.139ms
[4.040s][info][gc,cpu         ] GC(82) User=1.39s Sys=0.02s Real=0.20s
[4.053s][info][gc,start       ] GC(83) Pause Young (Allocation Failure)
[4.096s][info][gc,heap        ] GC(83) PSYoungGen: 33203K(42496K)->16544K(80896K) Eden: 9728K(9728K)->0K(11264K) From: 23475K(32768K)->16544K(69632K)
[4.096s][info][gc,heap        ] GC(83) ParOldGen: 649805K(723968K)->666861K(723968K)
[4.096s][info][gc,metaspace   ] GC(83) Metaspace: 6298K(6464K)->6298K(6464K) NonClass: 5765K(5824K)->5765K(5824K) Class: 533K(640K)->533K(640K)
[4.096s][info][gc             ] GC(83) Pause Young (Allocation Failure) 667M->667M(786M) 43.296ms
[4.096s][info][gc,cpu         ] GC(83) User=0.20s Sys=0.03s Real=0.04s
[4.111s][info][gc,start       ] GC(84) Pause Young (Allocation Failure)
[4.127s][info][gc,heap        ] GC(84) PSYoungGen: 27808K(80896K)->21120K(80896K) Eden: 11264K(11264K)->0K(11264K) From: 16544K(69632K)->21120K(69632K)
[4.127s][info][gc,heap        ] GC(84) ParOldGen: 666861K(723968K)->673685K(723968K)
[4.127s][info][gc,metaspace   ] GC(84) Metaspace: 6298K(6464K)->6298K(6464K) NonClass: 5765K(5824K)->5765K(5824K) Class: 533K(640K)->533K(640K)
[4.127s][info][gc             ] GC(84) Pause Young (Allocation Failure) 678M->678M(786M) 16.807ms
[4.127s][info][gc,cpu         ] GC(84) User=0.03s Sys=0.00s Real=0.02s
[4.281s][info][gc,start       ] GC(85) Pause Full (Ergonomics)
[4.281s][info][gc,phases,start] GC(85) Marking Phase
[4.446s][info][gc,phases      ] GC(85) Marking Phase 164.902ms
[4.446s][info][gc,phases,start] GC(85) Summary Phase
[4.446s][info][gc,phases      ] GC(85) Summary Phase 0.040ms
[4.446s][info][gc,phases,start] GC(85) Adjust Roots
[4.446s][info][gc,phases      ] GC(85) Adjust Roots 0.199ms
[4.446s][info][gc,phases,start] GC(85) Compaction Phase
[4.575s][info][gc,phases      ] GC(85) Compaction Phase 128.784ms
[4.575s][info][gc,phases,start] GC(85) Post Compact
[4.577s][info][gc,phases      ] GC(85) Post Compact 1.775ms
[4.577s][info][gc,heap        ] GC(85) PSYoungGen: 32384K(80896K)->0K(80896K) Eden: 11264K(11264K)->0K(12800K) From: 21120K(69632K)->0K(68096K)
[4.577s][info][gc,heap        ] GC(85) ParOldGen: 706453K(723968K)->721831K(799744K)
[4.577s][info][gc,metaspace   ] GC(85) Metaspace: 6298K(6464K)->6298K(6464K) NonClass: 5765K(5824K)->5765K(5824K) Class: 533K(640K)->533K(640K)
[4.577s][info][gc             ] GC(85) Pause Full (Ergonomics) 721M->704M(860M) 296.463ms
[4.577s][info][gc,cpu         ] GC(85) User=1.86s Sys=0.02s Real=0.30s
[4.593s][info][gc,start       ] GC(86) Pause Young (Allocation Failure)
[4.605s][info][gc,heap        ] GC(86) PSYoungGen: 12800K(80896K)->12928K(80896K) Eden: 12800K(12800K)->0K(12800K) From: 0K(68096K)->12928K(68096K)
[4.605s][info][gc,heap        ] GC(86) ParOldGen: 721831K(799744K)->721831K(799744K)
[4.605s][info][gc,metaspace   ] GC(86) Metaspace: 6298K(6464K)->6298K(6464K) NonClass: 5765K(5824K)->5765K(5824K) Class: 533K(640K)->533K(640K)
[4.605s][info][gc             ] GC(86) Pause Young (Allocation Failure) 717M->717M(860M) 12.421ms
[4.605s][info][gc,cpu         ] GC(86) User=0.02s Sys=0.00s Real=0.01s
[4.619s][info][gc,start       ] GC(87) Pause Young (Allocation Failure)
[4.637s][info][gc,heap        ] GC(87) PSYoungGen: 25728K(80896K)->25728K(75776K) Eden: 12800K(12800K)->0K(14336K) From: 12928K(68096K)->25728K(61440K)
[4.637s][info][gc,heap        ] GC(87) ParOldGen: 721831K(799744K)->721831K(799744K)
[4.637s][info][gc,metaspace   ] GC(87) Metaspace: 6298K(6464K)->6298K(6464K) NonClass: 5765K(5824K)->5765K(5824K) Class: 533K(640K)->533K(640K)
[4.637s][info][gc             ] GC(87) Pause Young (Allocation Failure) 730M->730M(855M) 17.848ms
[4.637s][info][gc,cpu         ] GC(87) User=0.02s Sys=0.00s Real=0.02s
[4.651s][info][gc,start       ] GC(88) Pause Young (Allocation Failure)
[4.673s][info][gc,heap        ] GC(88) PSYoungGen: 40064K(75776K)->40064K(78848K) Eden: 14336K(14336K)->0K(14336K) From: 25728K(61440K)->40064K(64512K)
[4.673s][info][gc,heap        ] GC(88) ParOldGen: 721831K(799744K)->721831K(799744K)
[4.673s][info][gc,metaspace   ] GC(88) Metaspace: 6298K(6464K)->6298K(6464K) NonClass: 5765K(5824K)->5765K(5824K) Class: 533K(640K)->533K(640K)
[4.673s][info][gc             ] GC(88) Pause Young (Allocation Failure) 744M->744M(858M) 21.377ms
[4.673s][info][gc,cpu         ] GC(88) User=0.03s Sys=0.00s Real=0.02s
[4.688s][info][gc,start       ] GC(89) Pause Young (Allocation Failure)
[4.714s][info][gc,heap        ] GC(89) PSYoungGen: 54400K(78848K)->54400K(75776K) Eden: 14336K(14336K)->0K(10752K) From: 40064K(64512K)->54400K(65024K)
[4.714s][info][gc,heap        ] GC(89) ParOldGen: 721831K(799744K)->721831K(799744K)
[4.714s][info][gc,metaspace   ] GC(89) Metaspace: 6298K(6464K)->6298K(6464K) NonClass: 5765K(5824K)->5765K(5824K) Class: 533K(640K)->533K(640K)
[4.714s][info][gc             ] GC(89) Pause Young (Allocation Failure) 758M->758M(855M) 25.733ms
[4.714s][info][gc,cpu         ] GC(89) User=0.05s Sys=0.00s Real=0.02s
[4.725s][info][gc,start       ] GC(90) Pause Young (Allocation Failure)
[4.755s][info][gc,heap        ] GC(90) PSYoungGen: 65152K(75776K)->52384K(80896K) Eden: 10752K(10752K)->0K(10752K) From: 54400K(65024K)->52384K(70144K)
[4.755s][info][gc,heap        ] GC(90) ParOldGen: 721831K(799744K)->734799K(799744K)
[4.755s][info][gc,metaspace   ] GC(90) Metaspace: 6298K(6464K)->6298K(6464K) NonClass: 5765K(5824K)->5765K(5824K) Class: 533K(640K)->533K(640K)
[4.755s][info][gc             ] GC(90) Pause Young (Allocation Failure) 768M->768M(860M) 29.878ms
[4.755s][info][gc,cpu         ] GC(90) User=0.14s Sys=0.00s Real=0.03s
[4.766s][info][gc,start       ] GC(91) Pause Young (Allocation Failure)
[4.798s][info][gc,heap        ] GC(91) PSYoungGen: 63136K(80896K)->35936K(79872K) Eden: 10752K(10752K)->0K(12800K) From: 52384K(70144K)->35936K(67072K)
[4.799s][info][gc,heap        ] GC(91) ParOldGen: 734799K(799744K)->762279K(799744K)
[4.799s][info][gc,metaspace   ] GC(91) Metaspace: 6298K(6464K)->6298K(6464K) NonClass: 5765K(5824K)->5765K(5824K) Class: 533K(640K)->533K(640K)
[4.799s][info][gc             ] GC(91) Pause Young (Allocation Failure) 779M->779M(859M) 32.799ms
[4.799s][info][gc,cpu         ] GC(91) User=0.09s Sys=0.00s Real=0.03s
[4.811s][info][gc,start       ] GC(92) Pause Young (Allocation Failure)
[4.837s][info][gc,heap        ] GC(92) PSYoungGen: 48736K(79872K)->23648K(82944K) Eden: 12800K(12800K)->0K(12800K) From: 35936K(67072K)->23648K(70144K)
[4.837s][info][gc,heap        ] GC(92) ParOldGen: 762279K(799744K)->787663K(799744K)
[4.837s][info][gc,metaspace   ] GC(92) Metaspace: 6298K(6464K)->6298K(6464K) NonClass: 5765K(5824K)->5765K(5824K) Class: 533K(640K)->533K(640K)
[4.837s][info][gc             ] GC(92) Pause Young (Allocation Failure) 792M->792M(862M) 25.952ms
[4.837s][info][gc,cpu         ] GC(92) User=0.14s Sys=0.00s Real=0.03s
[4.837s][info][gc,start       ] GC(93) Pause Full (Ergonomics)
[4.837s][info][gc,phases,start] GC(93) Marking Phase
[5.023s][info][gc,phases      ] GC(93) Marking Phase 186.083ms
[5.023s][info][gc,phases,start] GC(93) Summary Phase
[5.023s][info][gc,phases      ] GC(93) Summary Phase 0.023ms
[5.024s][info][gc,phases,start] GC(93) Adjust Roots
[5.024s][info][gc,phases      ] GC(93) Adjust Roots 0.151ms
[5.024s][info][gc,phases,start] GC(93) Compaction Phase
[5.109s][info][gc,phases      ] GC(93) Compaction Phase 85.022ms
[5.109s][info][gc,phases,start] GC(93) Post Compact
[5.111s][info][gc,phases      ] GC(93) Post Compact 1.745ms
[5.111s][info][gc,heap        ] GC(93) PSYoungGen: 23648K(82944K)->10713K(82944K) Eden: 0K(12800K)->0K(12800K) From: 23648K(70144K)->10713K(70144K)
[5.111s][info][gc,heap        ] GC(93) ParOldGen: 787663K(799744K)->799477K(887808K)
[5.111s][info][gc,metaspace   ] GC(93) Metaspace: 6298K(6464K)->6298K(6464K) NonClass: 5765K(5824K)->5765K(5824K) Class: 533K(640K)->533K(640K)
[5.111s][info][gc             ] GC(93) Pause Full (Ergonomics) 792M->791M(948M) 273.860ms
[5.111s][info][gc,cpu         ] GC(93) User=1.78s Sys=0.03s Real=0.27s
[5.124s][info][gc,start       ] GC(94) Pause Young (Allocation Failure)
[5.170s][info][gc,heap        ] GC(94) PSYoungGen: 23513K(82944K)->12928K(82944K) Eden: 12800K(12800K)->0K(14336K) From: 10713K(70144K)->12928K(68608K)
[5.170s][info][gc,heap        ] GC(94) ParOldGen: 799477K(887808K)->810357K(887808K)
[5.170s][info][gc,metaspace   ] GC(94) Metaspace: 6298K(6464K)->6298K(6464K) NonClass: 5765K(5824K)->5765K(5824K) Class: 533K(640K)->533K(640K)
[5.170s][info][gc             ] GC(94) Pause Young (Allocation Failure) 803M->803M(948M) 45.272ms
[5.170s][info][gc,cpu         ] GC(94) User=0.25s Sys=0.00s Real=0.05s
[5.185s][info][gc,start       ] GC(95) Pause Young (Allocation Failure)
[5.202s][info][gc,heap        ] GC(95) PSYoungGen: 27264K(82944K)->14464K(83456K) Eden: 14336K(14336K)->0K(14336K) From: 12928K(68608K)->14464K(69120K)
[5.202s][info][gc,heap        ] GC(95) ParOldGen: 810357K(887808K)->823341K(887808K)
[5.202s][info][gc,metaspace   ] GC(95) Metaspace: 6298K(6464K)->6298K(6464K) NonClass: 5765K(5824K)->5765K(5824K) Class: 533K(640K)->533K(640K)
[5.202s][info][gc             ] GC(95) Pause Young (Allocation Failure) 817M->818M(948M) 17.211ms
[5.202s][info][gc,cpu         ] GC(95) User=0.05s Sys=0.00s Real=0.02s
[5.217s][info][gc,start       ] GC(96) Pause Young (Allocation Failure)
[5.240s][info][gc,heap        ] GC(96) PSYoungGen: 28800K(83456K)->14432K(82432K) Eden: 14336K(14336K)->0K(16384K) From: 14464K(69120K)->14432K(66048K)
[5.240s][info][gc,heap        ] GC(96) ParOldGen: 823341K(887808K)->837893K(887808K)
[5.240s][info][gc,metaspace   ] GC(96) Metaspace: 6298K(6464K)->6298K(6464K) NonClass: 5765K(5824K)->5765K(5824K) Class: 533K(640K)->533K(640K)
[5.241s][info][gc             ] GC(96) Pause Young (Allocation Failure) 832M->832M(947M) 23.245ms
[5.241s][info][gc,cpu         ] GC(96) User=0.00s Sys=0.00s Real=0.02s
[5.259s][info][gc,start       ] GC(97) Pause Young (Allocation Failure)
[5.281s][info][gc,heap        ] GC(97) PSYoungGen: 30816K(82432K)->16512K(83456K) Eden: 16384K(16384K)->0K(16384K) From: 14432K(66048K)->16512K(67072K)
[5.281s][info][gc,heap        ] GC(97) ParOldGen: 837893K(887808K)->852429K(887808K)
[5.281s][info][gc,metaspace   ] GC(97) Metaspace: 6298K(6464K)->6298K(6464K) NonClass: 5765K(5824K)->5765K(5824K) Class: 533K(640K)->533K(640K)
[5.281s][info][gc             ] GC(97) Pause Young (Allocation Failure) 848M->848M(948M) 21.421ms
[5.281s][info][gc,cpu         ] GC(97) User=0.08s Sys=0.05s Real=0.02s
[5.301s][info][gc,start       ] GC(98) Pause Young (Allocation Failure)
[5.323s][info][gc,heap        ] GC(98) PSYoungGen: 32896K(83456K)->16512K(79872K) Eden: 16384K(16384K)->0K(18432K) From: 16512K(67072K)->16512K(61440K)
[5.323s][info][gc,heap        ] GC(98) ParOldGen: 852429K(887808K)->869053K(887808K)
[5.323s][info][gc,metaspace   ] GC(98) Metaspace: 6298K(6464K)->6298K(6464K) NonClass: 5765K(5824K)->5765K(5824K) Class: 533K(640K)->533K(640K)
[5.323s][info][gc             ] GC(98) Pause Young (Allocation Failure) 864M->864M(945M) 22.161ms
[5.323s][info][gc,cpu         ] GC(98) User=0.12s Sys=0.00s Real=0.02s
[5.323s][info][gc,start       ] GC(99) Pause Full (Ergonomics)
[5.323s][info][gc,phases,start] GC(99) Marking Phase
[5.540s][info][gc,phases      ] GC(99) Marking Phase 216.252ms
[5.540s][info][gc,phases,start] GC(99) Summary Phase
[5.540s][info][gc,phases      ] GC(99) Summary Phase 0.053ms
[5.540s][info][gc,phases,start] GC(99) Adjust Roots
[5.540s][info][gc,phases      ] GC(99) Adjust Roots 0.246ms
[5.540s][info][gc,phases,start] GC(99) Compaction Phase
[5.639s][info][gc,phases      ] GC(99) Compaction Phase 99.046ms
[5.639s][info][gc,phases,start] GC(99) Post Compact
[5.641s][info][gc,phases      ] GC(99) Post Compact 1.807ms
[5.641s][info][gc,heap        ] GC(99) PSYoungGen: 16512K(79872K)->0K(81920K) Eden: 0K(18432K)->0K(18432K) From: 16512K(61440K)->0K(63488K)
[5.641s][info][gc,heap        ] GC(99) ParOldGen: 869053K(887808K)->884267K(972800K)
[5.641s][info][gc,metaspace   ] GC(99) Metaspace: 6298K(6464K)->6298K(6464K) NonClass: 5765K(5824K)->5765K(5824K) Class: 533K(640K)->533K(640K)
[5.641s][info][gc             ] GC(99) Pause Full (Ergonomics) 864M->863M(1030M) 318.133ms
[5.641s][info][gc,cpu         ] GC(99) User=1.92s Sys=0.03s Real=0.32s
[5.662s][info][gc,start       ] GC(100) Pause Young (Allocation Failure)
[5.677s][info][gc,heap        ] GC(100) PSYoungGen: 18432K(81920K)->18528K(78336K) Eden: 18432K(18432K)->0K(20480K) From: 0K(63488K)->18528K(57856K)
[5.677s][info][gc,heap        ] GC(100) ParOldGen: 884267K(972800K)->884267K(972800K)
[5.677s][info][gc,metaspace   ] GC(100) Metaspace: 6298K(6464K)->6298K(6464K) NonClass: 5765K(5824K)->5765K(5824K) Class: 533K(640K)->533K(640K)
[5.677s][info][gc             ] GC(100) Pause Young (Allocation Failure) 881M->881M(1026M) 15.090ms
[5.677s][info][gc,cpu         ] GC(100) User=0.02s Sys=0.00s Real=0.01s
[5.701s][info][gc,start       ] GC(101) Pause Young (Allocation Failure)
[5.724s][info][gc,heap        ] GC(101) PSYoungGen: 39008K(78336K)->39040K(81408K) Eden: 20480K(20480K)->0K(20480K) From: 18528K(57856K)->39040K(60928K)
[5.724s][info][gc,heap        ] GC(101) ParOldGen: 884267K(972800K)->884267K(972800K)
[5.724s][info][gc,metaspace   ] GC(101) Metaspace: 6298K(6464K)->6298K(6464K) NonClass: 5765K(5824K)->5765K(5824K) Class: 533K(640K)->533K(640K)
[5.724s][info][gc             ] GC(101) Pause Young (Allocation Failure) 901M->901M(1029M) 22.980ms
[5.724s][info][gc,cpu         ] GC(101) User=0.11s Sys=0.00s Real=0.02s
[5.747s][info][gc,start       ] GC(102) Pause Young (Allocation Failure)
[5.782s][info][gc,heap        ] GC(102) PSYoungGen: 59520K(81408K)->59584K(76288K) Eden: 20480K(20480K)->0K(13824K) From: 39040K(60928K)->59584K(62464K)
[5.782s][info][gc,heap        ] GC(102) ParOldGen: 884267K(972800K)->884267K(972800K)
[5.782s][info][gc,metaspace   ] GC(102) Metaspace: 6298K(6464K)->6298K(6464K) NonClass: 5765K(5824K)->5765K(5824K) Class: 533K(640K)->533K(640K)
[5.782s][info][gc             ] GC(102) Pause Young (Allocation Failure) 921M->921M(1024M) 35.190ms
[5.782s][info][gc,cpu         ] GC(102) User=0.17s Sys=0.02s Real=0.03s
[5.798s][info][gc,start       ] GC(103) Pause Young (Allocation Failure)
[5.838s][info][gc,heap        ] GC(103) PSYoungGen: 73408K(76288K)->71168K(84992K) Eden: 13824K(13824K)->0K(13824K) From: 59584K(62464K)->71168K(71168K)
[5.838s][info][gc,heap        ] GC(103) ParOldGen: 884267K(972800K)->886427K(972800K)
[5.838s][info][gc,metaspace   ] GC(103) Metaspace: 6298K(6464K)->6298K(6464K) NonClass: 5765K(5824K)->5765K(5824K) Class: 533K(640K)->533K(640K)
[5.838s][info][gc             ] GC(103) Pause Young (Allocation Failure) 935M->935M(1033M) 39.472ms
[5.838s][info][gc,cpu         ] GC(103) User=0.14s Sys=0.00s Real=0.04s
[5.853s][info][gc,start       ] GC(104) Pause Young (Allocation Failure)
[5.896s][info][gc,heap        ] GC(104) PSYoungGen: 84992K(84992K)->47040K(98816K) Eden: 13824K(13824K)->0K(15872K) From: 71168K(71168K)->47040K(82944K)
[5.896s][info][gc,heap        ] GC(104) ParOldGen: 886427K(972800K)->924947K(972800K)
[5.896s][info][gc,metaspace   ] GC(104) Metaspace: 6298K(6464K)->6298K(6464K) NonClass: 5765K(5824K)->5765K(5824K) Class: 533K(640K)->533K(640K)
[5.896s][info][gc             ] GC(104) Pause Young (Allocation Failure) 948M->949M(1046M) 42.773ms
[5.896s][info][gc,cpu         ] GC(104) User=0.27s Sys=0.00s Real=0.04s
[5.913s][info][gc,start       ] GC(105) Pause Young (Allocation Failure)
[5.945s][info][gc,heap        ] GC(105) PSYoungGen: 62912K(98816K)->43360K(98816K) Eden: 15872K(15872K)->0K(15872K) From: 47040K(82944K)->43360K(82944K)
[5.945s][info][gc,heap        ] GC(105) ParOldGen: 924947K(972800K)->944811K(972800K)
[5.945s][info][gc,metaspace   ] GC(105) Metaspace: 6298K(6464K)->6298K(6464K) NonClass: 5765K(5824K)->5765K(5824K) Class: 533K(640K)->533K(640K)
[5.945s][info][gc             ] GC(105) Pause Young (Allocation Failure) 964M->965M(1046M) 31.720ms
[5.945s][info][gc,cpu         ] GC(105) User=0.14s Sys=0.00s Real=0.03s
[5.945s][info][gc,start       ] GC(106) Pause Full (Ergonomics)
[5.945s][info][gc,phases,start] GC(106) Marking Phase
[6.169s][info][gc,phases      ] GC(106) Marking Phase 223.685ms
[6.169s][info][gc,phases,start] GC(106) Summary Phase
[6.169s][info][gc,phases      ] GC(106) Summary Phase 0.042ms
[6.169s][info][gc,phases,start] GC(106) Adjust Roots
[6.169s][info][gc,phases      ] GC(106) Adjust Roots 0.190ms
[6.169s][info][gc,phases,start] GC(106) Compaction Phase
[6.262s][info][gc,phases      ] GC(106) Compaction Phase 92.332ms
[6.262s][info][gc,phases,start] GC(106) Post Compact
[6.263s][info][gc,phases      ] GC(106) Post Compact 1.697ms
[6.264s][info][gc,heap        ] GC(106) PSYoungGen: 43360K(98816K)->14506K(98816K) Eden: 0K(15872K)->0K(15872K) From: 43360K(82944K)->14506K(82944K)
[6.264s][info][gc,heap        ] GC(106) ParOldGen: 944811K(972800K)->972488K(1073664K)
[6.264s][info][gc,metaspace   ] GC(106) Metaspace: 6298K(6464K)->6298K(6464K) NonClass: 5765K(5824K)->5765K(5824K) Class: 533K(640K)->533K(640K)
[6.264s][info][gc             ] GC(106) Pause Full (Ergonomics) 965M->963M(1145M) 318.633ms
[6.264s][info][gc,cpu         ] GC(106) User=2.08s Sys=0.03s Real=0.32s
[6.283s][info][gc,start       ] GC(107) Pause Young (Allocation Failure)
[6.339s][info][gc,heap        ] GC(107) PSYoungGen: 30378K(98816K)->21248K(95232K) Eden: 15872K(15872K)->0K(17920K) From: 14506K(82944K)->21248K(77312K)
[6.339s][info][gc,heap        ] GC(107) ParOldGen: 972488K(1073664K)->981904K(1073664K)
[6.340s][info][gc,metaspace   ] GC(107) Metaspace: 6298K(6464K)->6298K(6464K) NonClass: 5765K(5824K)->5765K(5824K) Class: 533K(640K)->533K(640K)
[6.340s][info][gc             ] GC(107) Pause Young (Allocation Failure) 979M->979M(1141M) 56.529ms
[6.340s][info][gc,cpu         ] GC(107) User=0.50s Sys=0.00s Real=0.06s
[6.362s][info][gc,start       ] GC(108) Pause Young (Allocation Failure)
[6.385s][info][gc,heap        ] GC(108) PSYoungGen: 39168K(95232K)->33952K(52224K) Eden: 17920K(17920K)->0K(17920K) From: 21248K(77312K)->33952K(34304K)
[6.385s][info][gc,heap        ] GC(108) ParOldGen: 981904K(1073664K)->987232K(1073664K)
[6.385s][info][gc,metaspace   ] GC(108) Metaspace: 6298K(6464K)->6298K(6464K) NonClass: 5765K(5824K)->5765K(5824K) Class: 533K(640K)->533K(640K)
[6.385s][info][gc             ] GC(108) Pause Young (Allocation Failure) 997M->997M(1099M) 22.853ms
[6.385s][info][gc,cpu         ] GC(108) User=0.14s Sys=0.00s Real=0.02s
[6.407s][info][gc,start       ] GC(109) Pause Young (Allocation Failure)
[6.434s][info][gc,heap        ] GC(109) PSYoungGen: 51872K(52224K)->35968K(87552K) Eden: 17920K(17920K)->0K(19968K) From: 33952K(34304K)->35968K(67584K)
[6.434s][info][gc,heap        ] GC(109) ParOldGen: 987232K(1073664K)->1003312K(1073664K)
[6.434s][info][gc,metaspace   ] GC(109) Metaspace: 6298K(6464K)->6298K(6464K) NonClass: 5765K(5824K)->5765K(5824K) Class: 533K(640K)->533K(640K)
[6.434s][info][gc             ] GC(109) Pause Young (Allocation Failure) 1014M->1014M(1134M) 27.794ms
[6.434s][info][gc,cpu         ] GC(109) User=0.14s Sys=0.00s Real=0.03s
[6.457s][info][gc,start       ] GC(110) Pause Young (Allocation Failure)
[6.487s][info][gc,heap        ] GC(110) PSYoungGen: 55936K(87552K)->38016K(91136K) Eden: 19968K(19968K)->0K(19968K) From: 35968K(67584K)->38016K(71168K)
[6.487s][info][gc,heap        ] GC(110) ParOldGen: 1003312K(1073664K)->1021472K(1073664K)
[6.487s][info][gc,metaspace   ] GC(110) Metaspace: 6298K(6464K)->6298K(6464K) NonClass: 5765K(5824K)->5765K(5824K) Class: 533K(640K)->533K(640K)
[6.487s][info][gc             ] GC(110) Pause Young (Allocation Failure) 1034M->1034M(1137M) 30.394ms
[6.487s][info][gc,cpu         ] GC(110) User=0.12s Sys=0.00s Real=0.03s
[6.511s][info][gc,start       ] GC(111) Pause Young (Allocation Failure)
[6.543s][info][gc,heap        ] GC(111) PSYoungGen: 57984K(91136K)->40128K(88064K) Eden: 19968K(19968K)->0K(22528K) From: 38016K(71168K)->40128K(65536K)
[6.543s][info][gc,heap        ] GC(111) ParOldGen: 1021472K(1073664K)->1039632K(1073664K)
[6.543s][info][gc,metaspace   ] GC(111) Metaspace: 6298K(6464K)->6298K(6464K) NonClass: 5765K(5824K)->5765K(5824K) Class: 533K(640K)->533K(640K)
[6.543s][info][gc             ] GC(111) Pause Young (Allocation Failure) 1054M->1054M(1134M) 31.760ms
[6.543s][info][gc,cpu         ] GC(111) User=0.14s Sys=0.00s Real=0.03s
[6.569s][info][gc,start       ] GC(112) Pause Young (Allocation Failure)
[6.603s][info][gc,heap        ] GC(112) PSYoungGen: 62656K(88064K)->42624K(89600K) Eden: 22528K(22528K)->0K(22528K) From: 40128K(65536K)->42624K(67072K)
[6.603s][info][gc,heap        ] GC(112) ParOldGen: 1039632K(1073664K)->1059880K(1073664K)
[6.603s][info][gc,metaspace   ] GC(112) Metaspace: 6298K(6464K)->6298K(6464K) NonClass: 5765K(5824K)->5765K(5824K) Class: 533K(640K)->533K(640K)
[6.603s][info][gc             ] GC(112) Pause Young (Allocation Failure) 1076M->1076M(1136M) 33.815ms
[6.603s][info][gc,cpu         ] GC(112) User=0.12s Sys=0.03s Real=0.03s
[6.603s][info][gc,start       ] GC(113) Pause Full (Ergonomics)
[6.603s][info][gc,phases,start] GC(113) Marking Phase
[6.853s][info][gc,phases      ] GC(113) Marking Phase 250.173ms
[6.853s][info][gc,phases,start] GC(113) Summary Phase
[6.853s][info][gc,phases      ] GC(113) Summary Phase 0.025ms
[6.853s][info][gc,phases,start] GC(113) Adjust Roots
[6.853s][info][gc,phases      ] GC(113) Adjust Roots 0.148ms
[6.853s][info][gc,phases,start] GC(113) Compaction Phase
[6.957s][info][gc,phases      ] GC(113) Compaction Phase 104.149ms
[6.957s][info][gc,phases,start] GC(113) Post Compact
[6.959s][info][gc,phases      ] GC(113) Post Compact 1.846ms
[6.960s][info][gc,heap        ] GC(113) PSYoungGen: 42624K(89600K)->27611K(89600K) Eden: 0K(22528K)->0K(22528K) From: 42624K(67072K)->27611K(67072K)
[6.960s][info][gc,heap        ] GC(113) ParOldGen: 1059880K(1073664K)->1073365K(1179648K)
[6.960s][info][gc,metaspace   ] GC(113) Metaspace: 6298K(6464K)->6298K(6464K) NonClass: 5765K(5824K)->5765K(5824K) Class: 533K(640K)->533K(640K)
[6.960s][info][gc             ] GC(113) Pause Full (Ergonomics) 1076M->1075M(1239M) 357.016ms
[6.960s][info][gc,cpu         ] GC(113) User=2.41s Sys=0.02s Real=0.36s
[6.989s][info][gc,start       ] GC(114) Pause Young (Allocation Failure)
[7.062s][info][gc,heap        ] GC(114) PSYoungGen: 50139K(89600K)->37344K(86528K) Eden: 22528K(22528K)->0K(25088K) From: 27611K(67072K)->37344K(61440K)
[7.062s][info][gc,heap        ] GC(114) ParOldGen: 1073365K(1179648K)->1086581K(1179648K)
[7.062s][info][gc,metaspace   ] GC(114) Metaspace: 6298K(6464K)->6298K(6464K) NonClass: 5765K(5824K)->5765K(5824K) Class: 533K(640K)->533K(640K)
[7.062s][info][gc             ] GC(114) Pause Young (Allocation Failure) 1097M->1097M(1236M) 72.650ms
[7.062s][info][gc,cpu         ] GC(114) User=0.38s Sys=0.02s Real=0.07s
[7.091s][info][gc,start       ] GC(115) Pause Young (Allocation Failure)
[7.123s][info][gc,heap        ] GC(115) PSYoungGen: 62432K(86528K)->62432K(89088K) Eden: 25088K(25088K)->0K(25088K) From: 37344K(61440K)->62432K(64000K)
[7.124s][info][gc,heap        ] GC(115) ParOldGen: 1086581K(1179648K)->1086581K(1179648K)
[7.124s][info][gc,metaspace   ] GC(115) Metaspace: 6298K(6464K)->6298K(6464K) NonClass: 5765K(5824K)->5765K(5824K) Class: 533K(640K)->533K(640K)
[7.124s][info][gc             ] GC(115) Pause Young (Allocation Failure) 1122M->1122M(1239M) 32.777ms
[7.124s][info][gc,cpu         ] GC(115) User=0.16s Sys=0.00s Real=0.03s
[7.153s][info][gc,start       ] GC(116) Pause Young (Allocation Failure)
[7.198s][info][gc,heap        ] GC(116) PSYoungGen: 87520K(89088K)->70656K(83456K) Eden: 25088K(25088K)->0K(12800K) From: 62432K(64000K)->70656K(70656K)
[7.198s][info][gc,heap        ] GC(116) ParOldGen: 1086581K(1179648K)->1103541K(1179648K)
[7.198s][info][gc,metaspace   ] GC(116) Metaspace: 6298K(6464K)->6298K(6464K) NonClass: 5765K(5824K)->5765K(5824K) Class: 533K(640K)->533K(640K)
[7.198s][info][gc             ] GC(116) Pause Young (Allocation Failure) 1146M->1146M(1233M) 45.118ms
[7.198s][info][gc,cpu         ] GC(116) User=0.19s Sys=0.08s Real=0.05s
[7.214s][info][gc,start       ] GC(117) Pause Young (Allocation Failure)
[7.257s][info][gc,heap        ] GC(117) PSYoungGen: 83456K(83456K)->54208K(98304K) Eden: 12800K(12800K)->0K(12800K) From: 70656K(70656K)->54208K(85504K)
[7.257s][info][gc,heap        ] GC(117) ParOldGen: 1103541K(1179648K)->1133285K(1179648K)
[7.257s][info][gc,metaspace   ] GC(117) Metaspace: 6298K(6464K)->6298K(6464K) NonClass: 5765K(5824K)->5765K(5824K) Class: 533K(640K)->533K(640K)
[7.257s][info][gc             ] GC(117) Pause Young (Allocation Failure) 1159M->1159M(1248M) 43.612ms
[7.257s][info][gc,cpu         ] GC(117) User=0.27s Sys=0.00s Real=0.04s
[7.272s][info][gc,start       ] GC(118) Pause Young (Allocation Failure)
[7.307s][info][gc,heap        ] GC(118) PSYoungGen: 67008K(98304K)->46176K(92672K) Eden: 12800K(12800K)->0K(14336K) From: 54208K(85504K)->46176K(78336K)
[7.307s][info][gc,heap        ] GC(118) ParOldGen: 1133285K(1179648K)->1154381K(1179648K)
[7.307s][info][gc,metaspace   ] GC(118) Metaspace: 6298K(6464K)->6298K(6464K) NonClass: 5765K(5824K)->5765K(5824K) Class: 533K(640K)->533K(640K)
[7.307s][info][gc             ] GC(118) Pause Young (Allocation Failure) 1172M->1172M(1242M) 34.840ms
[7.307s][info][gc,cpu         ] GC(118) User=0.16s Sys=0.00s Real=0.04s
[7.307s][info][gc,start       ] GC(119) Pause Full (Ergonomics)
[7.307s][info][gc,phases,start] GC(119) Marking Phase
[7.577s][info][gc,phases      ] GC(119) Marking Phase 269.651ms
[7.577s][info][gc,phases,start] GC(119) Summary Phase
[7.577s][info][gc,phases      ] GC(119) Summary Phase 0.026ms
[7.577s][info][gc,phases,start] GC(119) Adjust Roots
[7.577s][info][gc,phases      ] GC(119) Adjust Roots 0.182ms
[7.577s][info][gc,phases,start] GC(119) Compaction Phase
[7.687s][info][gc,phases      ] GC(119) Compaction Phase 110.007ms
[7.687s][info][gc,phases,start] GC(119) Post Compact
[7.689s][info][gc,phases      ] GC(119) Post Compact 2.123ms
[7.690s][info][gc,heap        ] GC(119) PSYoungGen: 46176K(92672K)->19882K(94720K) Eden: 0K(14336K)->0K(16384K) From: 46176K(78336K)->19882K(78336K)
[7.690s][info][gc,heap        ] GC(119) ParOldGen: 1154381K(1179648K)->1179235K(1295360K)
[7.690s][info][gc,metaspace   ] GC(119) Metaspace: 6298K(6464K)->6298K(6464K) NonClass: 5765K(5824K)->5765K(5824K) Class: 533K(640K)->533K(640K)
[7.690s][info][gc             ] GC(119) Pause Full (Ergonomics) 1172M->1171M(1357M) 382.715ms
[7.690s][info][gc,cpu         ] GC(119) User=2.61s Sys=0.00s Real=0.38s
[7.711s][info][gc,start       ] GC(120) Pause Young (Allocation Failure)
[7.779s][info][gc,heap        ] GC(120) PSYoungGen: 36266K(94720K)->23456K(98304K) Eden: 16384K(16384K)->0K(16384K) From: 19882K(78336K)->23456K(81920K)
[7.779s][info][gc,heap        ] GC(120) ParOldGen: 1179235K(1295360K)->1192403K(1295360K)
[7.779s][info][gc,metaspace   ] GC(120) Metaspace: 6298K(6464K)->6298K(6464K) NonClass: 5765K(5824K)->5765K(5824K) Class: 533K(640K)->533K(640K)
[7.779s][info][gc             ] GC(120) Pause Young (Allocation Failure) 1187M->1187M(1361M) 67.946ms
[7.779s][info][gc,cpu         ] GC(120) User=0.39s Sys=0.00s Real=0.07s
[7.800s][info][gc,start       ] GC(121) Pause Young (Allocation Failure)
[7.824s][info][gc,heap        ] GC(121) PSYoungGen: 39840K(98304K)->32928K(96256K) Eden: 16384K(16384K)->0K(18432K) From: 23456K(81920K)->32928K(77824K)
[7.824s][info][gc,heap        ] GC(121) ParOldGen: 1192403K(1295360K)->1199419K(1295360K)
[7.824s][info][gc,metaspace   ] GC(121) Metaspace: 6298K(6464K)->6298K(6464K) NonClass: 5765K(5824K)->5765K(5824K) Class: 533K(640K)->533K(640K)
[7.824s][info][gc             ] GC(121) Pause Young (Allocation Failure) 1203M->1203M(1359M) 23.587ms
[7.824s][info][gc,cpu         ] GC(121) User=0.12s Sys=0.00s Real=0.02s
[7.845s][info][gc,start       ] GC(122) Pause Young (Allocation Failure)
[7.874s][info][gc,heap        ] GC(122) PSYoungGen: 51360K(96256K)->34976K(98304K) Eden: 18432K(18432K)->0K(18432K) From: 32928K(77824K)->34976K(79872K)
[7.874s][info][gc,heap        ] GC(122) ParOldGen: 1199419K(1295360K)->1216043K(1295360K)
[7.874s][info][gc,metaspace   ] GC(122) Metaspace: 6298K(6464K)->6298K(6464K) NonClass: 5765K(5824K)->5765K(5824K) Class: 533K(640K)->533K(640K)
[7.874s][info][gc             ] GC(122) Pause Young (Allocation Failure) 1221M->1221M(1361M) 28.378ms
[7.874s][info][gc,cpu         ] GC(122) User=0.14s Sys=0.00s Real=0.03s
[7.897s][info][gc,start       ] GC(123) Pause Young (Allocation Failure)
[7.926s][info][gc,heap        ] GC(123) PSYoungGen: 53408K(98304K)->37024K(92160K) Eden: 18432K(18432K)->0K(20992K) From: 34976K(79872K)->37024K(71168K)
[7.926s][info][gc,heap        ] GC(123) ParOldGen: 1216043K(1295360K)->1232659K(1295360K)
[7.926s][info][gc,metaspace   ] GC(123) Metaspace: 6298K(6464K)->6298K(6464K) NonClass: 5765K(5824K)->5765K(5824K) Class: 533K(640K)->533K(640K)
[7.927s][info][gc             ] GC(123) Pause Young (Allocation Failure) 1239M->1239M(1355M) 29.312ms
[7.927s][info][gc,cpu         ] GC(123) User=0.14s Sys=0.00s Real=0.03s
[7.952s][info][gc,start       ] GC(124) Pause Young (Allocation Failure)
[7.983s][info][gc,heap        ] GC(124) PSYoungGen: 58016K(92160K)->39520K(60928K) Eden: 20992K(20992K)->0K(20992K) From: 37024K(71168K)->39520K(39936K)
[7.983s][info][gc,heap        ] GC(124) ParOldGen: 1232659K(1295360K)->1251347K(1295360K)
[7.983s][info][gc,metaspace   ] GC(124) Metaspace: 6298K(6464K)->6298K(6464K) NonClass: 5765K(5824K)->5765K(5824K) Class: 533K(640K)->533K(640K)
[7.983s][info][gc             ] GC(124) Pause Young (Allocation Failure) 1260M->1260M(1324M) 31.758ms
[7.983s][info][gc,cpu         ] GC(124) User=0.14s Sys=0.00s Real=0.03s
[8.009s][info][gc,start       ] GC(125) Pause Young (Allocation Failure)
[8.041s][info][gc,heap        ] GC(125) PSYoungGen: 60512K(60928K)->37568K(89600K) Eden: 20992K(20992K)->0K(23552K) From: 39520K(39936K)->37568K(66048K)
[8.041s][info][gc,heap        ] GC(125) ParOldGen: 1251347K(1295360K)->1270059K(1295360K)
[8.041s][info][gc,metaspace   ] GC(125) Metaspace: 6298K(6464K)->6298K(6464K) NonClass: 5765K(5824K)->5765K(5824K) Class: 533K(640K)->533K(640K)
[8.041s][info][gc             ] GC(125) Pause Young (Allocation Failure) 1281M->1276M(1352M) 32.309ms
[8.041s][info][gc,cpu         ] GC(125) User=0.17s Sys=0.00s Real=0.03s
[8.041s][info][gc,start       ] GC(126) Pause Full (Ergonomics)
[8.041s][info][gc,phases,start] GC(126) Marking Phase
[8.333s][info][gc,phases      ] GC(126) Marking Phase 292.491ms
[8.334s][info][gc,phases,start] GC(126) Summary Phase
[8.334s][info][gc,phases      ] GC(126) Summary Phase 0.033ms
[8.334s][info][gc,phases,start] GC(126) Adjust Roots
[8.334s][info][gc,phases      ] GC(126) Adjust Roots 0.247ms
[8.334s][info][gc,phases,start] GC(126) Compaction Phase
[8.688s][info][gc,phases      ] GC(126) Compaction Phase 354.344ms
[8.688s][info][gc,phases,start] GC(126) Post Compact
[8.691s][info][gc,phases      ] GC(126) Post Compact 2.673ms
[8.691s][info][gc,heap        ] GC(126) PSYoungGen: 37568K(89600K)->10827K(92160K) Eden: 0K(23552K)->0K(26112K) From: 37568K(66048K)->10827K(66048K)
[8.692s][info][gc,heap        ] GC(126) ParOldGen: 1270059K(1295360K)->1295195K(1415680K)
[8.692s][info][gc,metaspace   ] GC(126) Metaspace: 6298K(6464K)->6298K(6464K) NonClass: 5765K(5824K)->5765K(5824K) Class: 533K(640K)->533K(640K)
[8.692s][info][gc             ] GC(126) Pause Full (Ergonomics) 1276M->1275M(1472M) 650.583ms
[8.692s][info][gc,cpu         ] GC(126) User=4.62s Sys=0.00s Real=0.65s
[8.715s][info][gc,start       ] GC(127) Pause Young (Allocation Failure)
[8.785s][info][gc,heap        ] GC(127) PSYoungGen: 36939K(92160K)->20480K(94720K) Eden: 26112K(26112K)->0K(26112K) From: 10827K(66048K)->20480K(68608K)
[8.785s][info][gc,heap        ] GC(127) ParOldGen: 1295195K(1415680K)->1299771K(1415680K)
[8.785s][info][gc,metaspace   ] GC(127) Metaspace: 6298K(6464K)->6298K(6464K) NonClass: 5765K(5824K)->5765K(5824K) Class: 533K(640K)->533K(640K)
[8.785s][info][gc             ] GC(127) Pause Young (Allocation Failure) 1300M->1289M(1475M) 70.830ms
[8.785s][info][gc,cpu         ] GC(127) User=0.41s Sys=0.00s Real=0.07s
[8.819s][info][gc,start       ] GC(128) Pause Young (Allocation Failure)
[8.847s][info][gc,heap        ] GC(128) PSYoungGen: 46592K(94720K)->46624K(97792K) Eden: 26112K(26112K)->0K(28672K) From: 20480K(68608K)->46624K(69120K)
[8.847s][info][gc,heap        ] GC(128) ParOldGen: 1299771K(1415680K)->1299771K(1415680K)
[8.847s][info][gc,metaspace   ] GC(128) Metaspace: 6298K(6464K)->6298K(6464K) NonClass: 5765K(5824K)->5765K(5824K) Class: 533K(640K)->533K(640K)
[8.847s][info][gc             ] GC(128) Pause Young (Allocation Failure) 1314M->1314M(1478M) 28.296ms
[8.847s][info][gc,cpu         ] GC(128) User=0.12s Sys=0.00s Real=0.03s
[8.885s][info][gc,start       ] GC(129) Pause Young (Allocation Failure)
[8.925s][info][gc,heap        ] GC(129) PSYoungGen: 75296K(97792K)->69120K(97792K) Eden: 28672K(28672K)->0K(28672K) From: 46624K(69120K)->69120K(69120K)
[8.925s][info][gc,heap        ] GC(129) ParOldGen: 1299771K(1415680K)->1305931K(1415680K)
[8.925s][info][gc,metaspace   ] GC(129) Metaspace: 6298K(6464K)->6298K(6464K) NonClass: 5765K(5824K)->5765K(5824K) Class: 533K(640K)->533K(640K)
[8.925s][info][gc             ] GC(129) Pause Young (Allocation Failure) 1342M->1342M(1478M) 40.277ms
[8.925s][info][gc,cpu         ] GC(129) User=0.25s Sys=0.00s Real=0.04s
[8.962s][info][gc,start       ] GC(130) Pause Young (Allocation Failure)
[9.015s][info][gc,heap        ] GC(130) PSYoungGen: 97792K(97792K)->79360K(94208K) Eden: 28672K(28672K)->0K(14848K) From: 69120K(69120K)->79360K(79360K)
[9.015s][info][gc,heap        ] GC(130) ParOldGen: 1305931K(1415680K)->1324667K(1415680K)
[9.015s][info][gc,metaspace   ] GC(130) Metaspace: 6298K(6464K)->6298K(6464K) NonClass: 5765K(5824K)->5765K(5824K) Class: 533K(640K)->533K(640K)
[9.015s][info][gc             ] GC(130) Pause Young (Allocation Failure) 1370M->1371M(1474M) 53.449ms
[9.015s][info][gc,cpu         ] GC(130) User=0.34s Sys=0.03s Real=0.05s
[9.300s][info][gc,start       ] GC(131) Pause Full (Ergonomics)
[9.300s][info][gc,phases,start] GC(131) Marking Phase
[9.620s][info][gc,phases      ] GC(131) Marking Phase 319.611ms
[9.620s][info][gc,phases,start] GC(131) Summary Phase
[9.620s][info][gc,phases      ] GC(131) Summary Phase 0.042ms
[9.620s][info][gc,phases,start] GC(131) Adjust Roots
[9.620s][info][gc,phases      ] GC(131) Adjust Roots 0.235ms
[9.620s][info][gc,phases,start] GC(131) Compaction Phase
[9.860s][info][gc,phases      ] GC(131) Compaction Phase 239.737ms
[9.860s][info][gc,phases,start] GC(131) Post Compact
[9.863s][info][gc,phases      ] GC(131) Post Compact 2.977ms
[9.864s][info][gc,heap        ] GC(131) PSYoungGen: 94208K(94208K)->35724K(94208K) Eden: 14848K(14848K)->0K(14848K) From: 79360K(79360K)->35724K(79360K)
[9.864s][info][gc,heap        ] GC(131) ParOldGen: 1390203K(1415680K)->1415217K(1544704K)
[9.864s][info][gc,metaspace   ] GC(131) Metaspace: 6298K(6464K)->6298K(6464K) NonClass: 5765K(5824K)->5765K(5824K) Class: 533K(640K)->533K(640K)
[9.864s][info][gc             ] GC(131) Pause Full (Ergonomics) 1449M->1416M(1600M) 563.536ms
[9.864s][info][gc,cpu         ] GC(131) User=3.56s Sys=0.05s Real=0.56s
[9.879s][info][gc,start       ] GC(132) Pause Young (Allocation Failure)
[9.959s][info][gc,heap        ] GC(132) PSYoungGen: 50572K(94208K)->27072K(111104K) Eden: 14848K(14848K)->0K(14848K) From: 35724K(79360K)->27072K(96256K)
[9.959s][info][gc,heap        ] GC(132) ParOldGen: 1415217K(1544704K)->1439169K(1544704K)
[9.959s][info][gc,metaspace   ] GC(132) Metaspace: 6298K(6464K)->6298K(6464K) NonClass: 5765K(5824K)->5765K(5824K) Class: 533K(640K)->533K(640K)
[9.959s][info][gc             ] GC(132) Pause Young (Allocation Failure) 1431M->1431M(1617M) 79.874ms
[9.959s][info][gc,cpu         ] GC(132) User=0.42s Sys=0.00s Real=0.08s
[9.974s][info][gc,start       ] GC(133) Pause Young (Allocation Failure)
[10.002s][info][gc,heap        ] GC(133) PSYoungGen: 41920K(111104K)->41952K(103424K) Eden: 14848K(14848K)->0K(16384K) From: 27072K(96256K)->41952K(87040K)
[10.002s][info][gc,heap        ] GC(133) ParOldGen: 1439169K(1544704K)->1439169K(1544704K)
[10.002s][info][gc,metaspace   ] GC(133) Metaspace: 6298K(6464K)->6298K(6464K) NonClass: 5765K(5824K)->5765K(5824K) Class: 533K(640K)->533K(640K)
[10.002s][info][gc             ] GC(133) Pause Young (Allocation Failure) 1446M->1446M(1609M) 28.090ms
[10.002s][info][gc,cpu         ] GC(133) User=0.03s Sys=0.00s Real=0.03s
[10.017s][info][gc,start       ] GC(134) Pause Young (Allocation Failure)
[10.048s][info][gc,heap        ] GC(134) PSYoungGen: 58336K(103424K)->58368K(107520K) Eden: 16384K(16384K)->0K(16384K) From: 41952K(87040K)->58368K(91136K)
[10.049s][info][gc,heap        ] GC(134) ParOldGen: 1439169K(1544704K)->1439169K(1544704K)
[10.049s][info][gc,metaspace   ] GC(134) Metaspace: 6298K(6464K)->6298K(6464K) NonClass: 5765K(5824K)->5765K(5824K) Class: 533K(640K)->533K(640K)
[10.049s][info][gc             ] GC(134) Pause Young (Allocation Failure) 1462M->1462M(1613M) 31.819ms
[10.049s][info][gc,cpu         ] GC(134) User=0.05s Sys=0.00s Real=0.03s
[10.064s][info][gc,start       ] GC(135) Pause Young (Allocation Failure)
[10.101s][info][gc,heap        ] GC(135) PSYoungGen: 74752K(107520K)->62656K(108032K) Eden: 16384K(16384K)->0K(16896K) From: 58368K(91136K)->62656K(91136K)
[10.101s][info][gc,heap        ] GC(135) ParOldGen: 1439169K(1544704K)->1451457K(1544704K)
[10.101s][info][gc,metaspace   ] GC(135) Metaspace: 6298K(6464K)->6298K(6464K) NonClass: 5765K(5824K)->5765K(5824K) Class: 533K(640K)->533K(640K)
[10.101s][info][gc             ] GC(135) Pause Young (Allocation Failure) 1478M->1478M(1614M) 37.034ms
[10.101s][info][gc,cpu         ] GC(135) User=0.27s Sys=0.00s Real=0.04s
[10.116s][info][gc,start       ] GC(136) Pause Young (Allocation Failure)
[10.155s][info][gc,heap        ] GC(136) PSYoungGen: 79552K(108032K)->64640K(109568K) Eden: 16896K(16896K)->0K(16896K) From: 62656K(91136K)->64640K(92672K)
[10.155s][info][gc,heap        ] GC(136) ParOldGen: 1451457K(1544704K)->1466489K(1544704K)
[10.155s][info][gc,metaspace   ] GC(136) Metaspace: 6298K(6464K)->6298K(6464K) NonClass: 5765K(5824K)->5765K(5824K) Class: 533K(640K)->533K(640K)
[10.155s][info][gc             ] GC(136) Pause Young (Allocation Failure) 1495M->1495M(1615M) 38.971ms
[10.155s][info][gc,cpu         ] GC(136) User=0.14s Sys=0.00s Real=0.04s
[10.173s][info][gc,start       ] GC(137) Pause Young (Allocation Failure)
[10.214s][info][gc,heap        ] GC(137) PSYoungGen: 81536K(109568K)->50336K(104448K) Eden: 16896K(16896K)->0K(19456K) From: 64640K(92672K)->50336K(84992K)
[10.214s][info][gc,heap        ] GC(137) ParOldGen: 1466489K(1544704K)->1498105K(1544704K)
[10.214s][info][gc,metaspace   ] GC(137) Metaspace: 6298K(6464K)->6298K(6464K) NonClass: 5765K(5824K)->5765K(5824K) Class: 533K(640K)->533K(640K)
[10.214s][info][gc             ] GC(137) Pause Young (Allocation Failure) 1511M->1512M(1610M) 41.085ms
[10.214s][info][gc,cpu         ] GC(137) User=0.27s Sys=0.00s Real=0.04s
[10.235s][info][gc,start       ] GC(138) Pause Young (Allocation Failure)
[10.272s][info][gc,heap        ] GC(138) PSYoungGen: 69792K(104448K)->36512K(109056K) Eden: 19456K(19456K)->0K(19456K) From: 50336K(84992K)->36512K(89600K)
[10.272s][info][gc,heap        ] GC(138) ParOldGen: 1498105K(1544704K)->1531801K(1544704K)
[10.272s][info][gc,metaspace   ] GC(138) Metaspace: 6298K(6464K)->6298K(6464K) NonClass: 5765K(5824K)->5765K(5824K) Class: 533K(640K)->533K(640K)
[10.272s][info][gc             ] GC(138) Pause Young (Allocation Failure) 1531M->1531M(1615M) 36.905ms
[10.272s][info][gc,cpu         ] GC(138) User=0.25s Sys=0.02s Real=0.04s
[10.272s][info][gc,start       ] GC(139) Pause Full (Ergonomics)
[10.272s][info][gc,phases,start] GC(139) Marking Phase
[10.624s][info][gc,phases      ] GC(139) Marking Phase 352.512ms
[10.624s][info][gc,phases,start] GC(139) Summary Phase
[10.624s][info][gc,phases      ] GC(139) Summary Phase 0.030ms
[10.624s][info][gc,phases,start] GC(139) Adjust Roots
[10.625s][info][gc,phases      ] GC(139) Adjust Roots 0.185ms
[10.625s][info][gc,phases,start] GC(139) Compaction Phase
[10.782s][info][gc,phases      ] GC(139) Compaction Phase 157.683ms
[10.782s][info][gc,phases,start] GC(139) Post Compact
[10.785s][info][gc,phases      ] GC(139) Post Compact 2.871ms
[10.786s][info][gc,heap        ] GC(139) PSYoungGen: 36512K(109056K)->22004K(109056K) Eden: 0K(19456K)->0K(19456K) From: 36512K(89600K)->22004K(89600K)
[10.786s][info][gc,heap        ] GC(139) ParOldGen: 1531801K(1544704K)->1544439K(1694208K)
[10.786s][info][gc,metaspace   ] GC(139) Metaspace: 6298K(6464K)->6298K(6464K) NonClass: 5765K(5824K)->5765K(5824K) Class: 533K(640K)->533K(640K)
[10.786s][info][gc             ] GC(139) Pause Full (Ergonomics) 1531M->1529M(1761M) 514.104ms
[10.786s][info][gc,cpu         ] GC(139) User=3.64s Sys=0.02s Real=0.51s
[10.806s][info][gc,start       ] GC(140) Pause Young (Allocation Failure)
[10.887s][info][gc,heap        ] GC(140) PSYoungGen: 41460K(109056K)->19616K(109056K) Eden: 19456K(19456K)->0K(20992K) From: 22004K(89600K)->19616K(88064K)
[10.887s][info][gc,heap        ] GC(140) ParOldGen: 1544439K(1694208K)->1566751K(1694208K)
[10.887s][info][gc,metaspace   ] GC(140) Metaspace: 6298K(6464K)->6298K(6464K) NonClass: 5765K(5824K)->5765K(5824K) Class: 533K(640K)->533K(640K)
[10.887s][info][gc             ] GC(140) Pause Young (Allocation Failure) 1548M->1549M(1761M) 81.281ms
[10.887s][info][gc,cpu         ] GC(140) User=0.42s Sys=0.03s Real=0.08s
[10.908s][info][gc,start       ] GC(141) Pause Young (Allocation Failure)
[10.937s][info][gc,heap        ] GC(141) PSYoungGen: 40608K(109056K)->21152K(110080K) Eden: 20992K(20992K)->0K(20992K) From: 19616K(88064K)->21152K(89088K)
[10.937s][info][gc,heap        ] GC(141) ParOldGen: 1566751K(1694208K)->1586479K(1694208K)
[10.937s][info][gc,metaspace   ] GC(141) Metaspace: 6298K(6464K)->6298K(6464K) NonClass: 5765K(5824K)->5765K(5824K) Class: 533K(640K)->533K(640K)
[10.937s][info][gc             ] GC(141) Pause Young (Allocation Failure) 1569M->1569M(1762M) 29.473ms
[10.937s][info][gc,cpu         ] GC(141) User=0.03s Sys=0.00s Real=0.03s
[10.958s][info][gc,start       ] GC(142) Pause Young (Allocation Failure)
[10.986s][info][gc,heap        ] GC(142) PSYoungGen: 42144K(110080K)->21120K(111616K) Eden: 20992K(20992K)->0K(23552K) From: 21152K(89088K)->21120K(88064K)
[10.986s][info][gc,heap        ] GC(142) ParOldGen: 1586479K(1694208K)->1607743K(1694208K)
[10.986s][info][gc,metaspace   ] GC(142) Metaspace: 6298K(6464K)->6298K(6464K) NonClass: 5765K(5824K)->5765K(5824K) Class: 533K(640K)->533K(640K)
[10.986s][info][gc             ] GC(142) Pause Young (Allocation Failure) 1590M->1590M(1763M) 28.328ms
[10.986s][info][gc,cpu         ] GC(142) User=0.05s Sys=0.00s Real=0.03s
[11.011s][info][gc,start       ] GC(143) Pause Young (Allocation Failure)
[11.041s][info][gc,heap        ] GC(143) PSYoungGen: 44672K(111616K)->23712K(112128K) Eden: 23552K(23552K)->0K(23552K) From: 21120K(88064K)->23712K(88576K)
[11.041s][info][gc,heap        ] GC(143) ParOldGen: 1607743K(1694208K)->1629007K(1694208K)
[11.041s][info][gc,metaspace   ] GC(143) Metaspace: 6298K(6464K)->6298K(6464K) NonClass: 5765K(5824K)->5765K(5824K) Class: 533K(640K)->533K(640K)
[11.041s][info][gc             ] GC(143) Pause Young (Allocation Failure) 1613M->1613M(1764M) 30.014ms
[11.041s][info][gc,cpu         ] GC(143) User=0.03s Sys=0.02s Real=0.03s
[11.067s][info][gc,start       ] GC(144) Pause Young (Allocation Failure)
[11.099s][info][gc,heap        ] GC(144) PSYoungGen: 47264K(112128K)->23712K(109056K) Eden: 23552K(23552K)->0K(26624K) From: 23712K(88576K)->23712K(82432K)
[11.099s][info][gc,heap        ] GC(144) ParOldGen: 1629007K(1694208K)->1652871K(1694208K)
[11.099s][info][gc,metaspace   ] GC(144) Metaspace: 6298K(6464K)->6298K(6464K) NonClass: 5765K(5824K)->5765K(5824K) Class: 533K(640K)->533K(640K)
[11.099s][info][gc             ] GC(144) Pause Young (Allocation Failure) 1636M->1637M(1761M) 32.314ms
[11.099s][info][gc,cpu         ] GC(144) User=0.05s Sys=0.00s Real=0.03s
[11.126s][info][gc,start       ] GC(145) Pause Young (Allocation Failure)
[11.159s][info][gc,heap        ] GC(145) PSYoungGen: 50336K(109056K)->26816K(111104K) Eden: 26624K(26624K)->0K(26624K) From: 23712K(82432K)->26816K(84480K)
[11.159s][info][gc,heap        ] GC(145) ParOldGen: 1652871K(1694208K)->1676735K(1694208K)
[11.159s][info][gc,metaspace   ] GC(145) Metaspace: 6298K(6464K)->6298K(6464K) NonClass: 5765K(5824K)->5765K(5824K) Class: 533K(640K)->533K(640K)
[11.159s][info][gc             ] GC(145) Pause Young (Allocation Failure) 1663M->1663M(1763M) 32.481ms
[11.159s][info][gc,cpu         ] GC(145) User=0.12s Sys=0.02s Real=0.03s
[11.159s][info][gc,start       ] GC(146) Pause Full (Ergonomics)
[11.159s][info][gc,phases,start] GC(146) Marking Phase
[11.527s][info][gc,phases      ] GC(146) Marking Phase 368.734ms
[11.528s][info][gc,phases,start] GC(146) Summary Phase
[11.528s][info][gc,phases      ] GC(146) Summary Phase 0.036ms
[11.528s][info][gc,phases,start] GC(146) Adjust Roots
[11.528s][info][gc,phases      ] GC(146) Adjust Roots 0.160ms
[11.528s][info][gc,phases,start] GC(146) Compaction Phase
[11.698s][info][gc,phases      ] GC(146) Compaction Phase 170.643ms
[11.698s][info][gc,phases,start] GC(146) Post Compact
[11.702s][info][gc,phases      ] GC(146) Post Compact 3.171ms
[11.702s][info][gc,heap        ] GC(146) PSYoungGen: 26816K(111104K)->7690K(111104K) Eden: 0K(26624K)->0K(26624K) From: 26816K(84480K)->7690K(84480K)
[11.702s][info][gc,heap        ] GC(146) ParOldGen: 1676735K(1694208K)->1693736K(1854976K)
[11.702s][info][gc,metaspace   ] GC(146) Metaspace: 6298K(6464K)->6298K(6464K) NonClass: 5765K(5824K)->5765K(5824K) Class: 533K(640K)->533K(640K)
[11.703s][info][gc             ] GC(146) Pause Full (Ergonomics) 1663M->1661M(1920M) 543.777ms
[11.703s][info][gc,cpu         ] GC(146) User=3.80s Sys=0.02s Real=0.54s
[11.732s][info][gc,start       ] GC(147) Pause Young (Allocation Failure)
[11.818s][info][gc,heap        ] GC(147) PSYoungGen: 34314K(111104K)->26752K(105472K) Eden: 26624K(26624K)->0K(29184K) From: 7690K(84480K)->26752K(76288K)
[11.818s][info][gc,heap        ] GC(147) ParOldGen: 1693736K(1854976K)->1701544K(1854976K)
[11.818s][info][gc,metaspace   ] GC(147) Metaspace: 6298K(6464K)->6298K(6464K) NonClass: 5765K(5824K)->5765K(5824K) Class: 533K(640K)->533K(640K)
[11.818s][info][gc             ] GC(147) Pause Young (Allocation Failure) 1687M->1687M(1914M) 86.303ms
[11.818s][info][gc,cpu         ] GC(147) User=0.52s Sys=0.00s Real=0.09s
[11.851s][info][gc,start       ] GC(148) Pause Young (Allocation Failure)
[11.887s][info][gc,heap        ] GC(148) PSYoungGen: 55936K(105472K)->56000K(108544K) Eden: 29184K(29184K)->0K(29184K) From: 26752K(76288K)->56000K(79360K)
[11.887s][info][gc,heap        ] GC(148) ParOldGen: 1701544K(1854976K)->1701544K(1854976K)
[11.887s][info][gc,metaspace   ] GC(148) Metaspace: 6298K(6464K)->6298K(6464K) NonClass: 5765K(5824K)->5765K(5824K) Class: 533K(640K)->533K(640K)
[11.887s][info][gc             ] GC(148) Pause Young (Allocation Failure) 1716M->1716M(1917M) 35.767ms
[11.887s][info][gc,cpu         ] GC(148) User=0.16s Sys=0.00s Real=0.04s
[11.920s][info][gc,start       ] GC(149) Pause Young (Allocation Failure)
[11.964s][info][gc,heap        ] GC(149) PSYoungGen: 85184K(108544K)->82432K(101888K) Eden: 29184K(29184K)->0K(19456K) From: 56000K(79360K)->82432K(82432K)
[11.964s][info][gc,heap        ] GC(149) ParOldGen: 1701544K(1854976K)->1704240K(1854976K)
[11.964s][info][gc,metaspace   ] GC(149) Metaspace: 6298K(6464K)->6298K(6464K) NonClass: 5765K(5824K)->5765K(5824K) Class: 533K(640K)->533K(640K)
[11.964s][info][gc             ] GC(149) Pause Young (Allocation Failure) 1744M->1744M(1911M) 43.178ms
[11.964s][info][gc,cpu         ] GC(149) User=0.27s Sys=0.00s Real=0.04s
[11.984s][info][gc,start       ] GC(150) Pause Young (Allocation Failure)
[12.035s][info][gc,heap        ] GC(150) PSYoungGen: 101888K(101888K)->48480K(68096K) Eden: 19456K(19456K)->0K(19456K) From: 82432K(82432K)->48480K(48640K)
[12.035s][info][gc,heap        ] GC(150) ParOldGen: 1704240K(1854976K)->1758376K(1854976K)
[12.035s][info][gc,metaspace   ] GC(150) Metaspace: 6298K(6464K)->6298K(6464K) NonClass: 5765K(5824K)->5765K(5824K) Class: 533K(640K)->533K(640K)
[12.035s][info][gc             ] GC(150) Pause Young (Allocation Failure) 1763M->1764M(1878M) 50.936ms
[12.035s][info][gc,cpu         ] GC(150) User=0.34s Sys=0.03s Real=0.05s
[12.056s][info][gc,start       ] GC(151) Pause Young (Allocation Failure)
[12.097s][info][gc,heap        ] GC(151) PSYoungGen: 67936K(68096K)->39104K(105984K) Eden: 19456K(19456K)->0K(22016K) From: 48480K(48640K)->39104K(83968K)
[12.097s][info][gc,heap        ] GC(151) ParOldGen: 1758376K(1854976K)->1787648K(1854976K)
[12.097s][info][gc,metaspace   ] GC(151) Metaspace: 6298K(6464K)->6298K(6464K) NonClass: 5765K(5824K)->5765K(5824K) Class: 533K(640K)->533K(640K)
[12.097s][info][gc             ] GC(151) Pause Young (Allocation Failure) 1783M->1783M(1915M) 41.102ms
[12.097s][info][gc,cpu         ] GC(151) User=0.17s Sys=0.00s Real=0.04s
[12.120s][info][gc,start       ] GC(152) Pause Young (Allocation Failure)
[12.156s][info][gc,heap        ] GC(152) PSYoungGen: 61120K(105984K)->41632K(64000K) Eden: 22016K(22016K)->0K(22016K) From: 39104K(83968K)->41632K(41984K)
[12.156s][info][gc,heap        ] GC(152) ParOldGen: 1787648K(1854976K)->1807352K(1854976K)
[12.156s][info][gc,metaspace   ] GC(152) Metaspace: 6298K(6464K)->6298K(6464K) NonClass: 5765K(5824K)->5765K(5824K) Class: 533K(640K)->533K(640K)
[12.156s][info][gc             ] GC(152) Pause Young (Allocation Failure) 1805M->1805M(1874M) 36.302ms
[12.156s][info][gc,cpu         ] GC(152) User=0.16s Sys=0.00s Real=0.04s
[12.182s][info][gc,start       ] GC(153) Pause Young (Allocation Failure)
[12.219s][info][gc,heap        ] GC(153) PSYoungGen: 63648K(64000K)->44224K(101888K) Eden: 22016K(22016K)->0K(25088K) From: 41632K(41984K)->44224K(76800K)
[12.219s][info][gc,heap        ] GC(153) ParOldGen: 1807352K(1854976K)->1827056K(1854976K)
[12.219s][info][gc,metaspace   ] GC(153) Metaspace: 6298K(6464K)->6298K(6464K) NonClass: 5765K(5824K)->5765K(5824K) Class: 533K(640K)->533K(640K)
[12.219s][info][gc             ] GC(153) Pause Young (Allocation Failure) 1827M->1827M(1911M) 37.227ms
[12.219s][info][gc,cpu         ] GC(153) User=0.25s Sys=0.00s Real=0.04s
[12.219s][info][gc,start       ] GC(154) Pause Full (Ergonomics)
[12.219s][info][gc,phases,start] GC(154) Marking Phase
[12.638s][info][gc,phases      ] GC(154) Marking Phase 419.223ms
[12.638s][info][gc,phases,start] GC(154) Summary Phase
[12.638s][info][gc,phases      ] GC(154) Summary Phase 0.038ms
[12.638s][info][gc,phases,start] GC(154) Adjust Roots
[12.638s][info][gc,phases      ] GC(154) Adjust Roots 0.163ms
[12.638s][info][gc,phases,start] GC(154) Compaction Phase
[12.820s][info][gc,phases      ] GC(154) Compaction Phase 181.832ms
[12.820s][info][gc,phases,start] GC(154) Post Compact
[12.824s][info][gc,phases      ] GC(154) Post Compact 3.460ms
[12.825s][info][gc,heap        ] GC(154) PSYoungGen: 44224K(101888K)->14336K(104960K) Eden: 0K(25088K)->0K(28160K) From: 44224K(76800K)->14336K(76800K)
[12.825s][info][gc,heap        ] GC(154) ParOldGen: 1827056K(1854976K)->1854811K(2036224K)
[12.825s][info][gc,metaspace   ] GC(154) Metaspace: 6298K(6464K)->6298K(6464K) NonClass: 5765K(5824K)->5765K(5824K) Class: 533K(640K)->533K(640K)
[12.825s][info][gc             ] GC(154) Pause Full (Ergonomics) 1827M->1825M(2091M) 605.823ms
[12.825s][info][gc,cpu         ] GC(154) User=4.45s Sys=0.00s Real=0.61s
[12.862s][info][gc,start       ] GC(155) Pause Young (Allocation Failure)
[12.964s][info][gc,heap        ] GC(155) PSYoungGen: 42496K(104960K)->33824K(108544K) Eden: 28160K(28160K)->0K(28160K) From: 14336K(76800K)->33824K(80384K)
[12.964s][info][gc,heap        ] GC(155) ParOldGen: 1854811K(2036224K)->1863803K(2036224K)
[12.964s][info][gc,metaspace   ] GC(155) Metaspace: 6298K(6464K)->6298K(6464K) NonClass: 5765K(5824K)->5765K(5824K) Class: 533K(640K)->533K(640K)
[12.964s][info][gc             ] GC(155) Pause Young (Allocation Failure) 1852M->1853M(2094M) 102.895ms
[12.965s][info][gc,cpu         ] GC(155) User=0.72s Sys=0.02s Real=0.10s
[12.996s][info][gc,start       ] GC(156) Pause Young (Allocation Failure)
[13.034s][info][gc,heap        ] GC(156) PSYoungGen: 61984K(108544K)->61952K(105984K) Eden: 28160K(28160K)->0K(27648K) From: 33824K(80384K)->61952K(78336K)
[13.034s][info][gc,heap        ] GC(156) ParOldGen: 1863803K(2036224K)->1863803K(2036224K)
[13.034s][info][gc,metaspace   ] GC(156) Metaspace: 6298K(6464K)->6298K(6464K) NonClass: 5765K(5824K)->5765K(5824K) Class: 533K(640K)->533K(640K)
[13.034s][info][gc             ] GC(156) Pause Young (Allocation Failure) 1880M->1880M(2092M) 37.588ms
[13.034s][info][gc,cpu         ] GC(156) User=0.16s Sys=0.00s Real=0.04s
[13.064s][info][gc,start       ] GC(157) Pause Young (Allocation Failure)
[13.110s][info][gc,heap        ] GC(157) PSYoungGen: 89600K(105984K)->81920K(109568K) Eden: 27648K(27648K)->0K(27648K) From: 61952K(78336K)->81920K(81920K)
[13.110s][info][gc,heap        ] GC(157) ParOldGen: 1863803K(2036224K)->1871563K(2036224K)
[13.110s][info][gc,metaspace   ] GC(157) Metaspace: 6298K(6464K)->6298K(6464K) NonClass: 5765K(5824K)->5765K(5824K) Class: 533K(640K)->533K(640K)
[13.110s][info][gc             ] GC(157) Pause Young (Allocation Failure) 1907M->1907M(2095M) 46.560ms
[13.110s][info][gc,cpu         ] GC(157) User=0.33s Sys=0.00s Real=0.05s
[13.145s][info][gc,start       ] GC(158) Pause Young (Allocation Failure)
[13.201s][info][gc,heap        ] GC(158) PSYoungGen: 109568K(109568K)->79200K(119296K) Eden: 27648K(27648K)->0K(24064K) From: 81920K(81920K)->79200K(95232K)
[13.201s][info][gc,heap        ] GC(158) ParOldGen: 1871563K(2036224K)->1902467K(2036224K)
[13.201s][info][gc,metaspace   ] GC(158) Metaspace: 6298K(6464K)->6298K(6464K) NonClass: 5765K(5824K)->5765K(5824K) Class: 533K(640K)->533K(640K)
[13.201s][info][gc             ] GC(158) Pause Young (Allocation Failure) 1934M->1935M(2105M) 55.641ms
[13.201s][info][gc,cpu         ] GC(158) User=0.34s Sys=0.03s Real=0.05s
[13.230s][info][gc,start       ] GC(159) Pause Young (Allocation Failure)
[13.283s][info][gc,heap        ] GC(159) PSYoungGen: 103264K(119296K)->76192K(125952K) Eden: 24064K(24064K)->0K(24064K) From: 79200K(95232K)->76192K(101888K)
[13.283s][info][gc,heap        ] GC(159) ParOldGen: 1902467K(2036224K)->1929899K(2036224K)
[13.284s][info][gc,metaspace   ] GC(159) Metaspace: 6298K(6464K)->6298K(6464K) NonClass: 5765K(5824K)->5765K(5824K) Class: 533K(640K)->533K(640K)
[13.284s][info][gc             ] GC(159) Pause Young (Allocation Failure) 1958M->1959M(2111M) 53.663ms
[13.284s][info][gc,cpu         ] GC(159) User=0.36s Sys=0.02s Real=0.05s
[13.316s][info][gc,start       ] GC(160) Pause Young (Allocation Failure)
[13.368s][info][gc,heap        ] GC(160) PSYoungGen: 100256K(125952K)->75968K(130048K) Eden: 24064K(24064K)->0K(24064K) From: 76192K(101888K)->75968K(105984K)
[13.369s][info][gc,heap        ] GC(160) ParOldGen: 1929899K(2036224K)->1954507K(2036224K)
[13.369s][info][gc,metaspace   ] GC(160) Metaspace: 6298K(6464K)->6298K(6464K) NonClass: 5765K(5824K)->5765K(5824K) Class: 533K(640K)->533K(640K)
[13.369s][info][gc             ] GC(160) Pause Young (Allocation Failure) 1982M->1982M(2115M) 52.800ms
[13.369s][info][gc,cpu         ] GC(160) User=0.31s Sys=0.05s Real=0.05s
[13.395s][info][gc,start       ] GC(161) Pause Young (Allocation Failure)
[13.449s][info][gc,heap        ] GC(161) PSYoungGen: 100032K(130048K)->72384K(133120K) Eden: 24064K(24064K)->0K(24064K) From: 75968K(105984K)->72384K(109056K)
[13.449s][info][gc,heap        ] GC(161) ParOldGen: 1954507K(2036224K)->1982539K(2036224K)
[13.449s][info][gc,metaspace   ] GC(161) Metaspace: 6298K(6464K)->6298K(6464K) NonClass: 5765K(5824K)->5765K(5824K) Class: 533K(640K)->533K(640K)
[13.449s][info][gc             ] GC(161) Pause Young (Allocation Failure) 2006M->2006M(2118M) 53.668ms
[13.449s][info][gc,cpu         ] GC(161) User=0.38s Sys=0.00s Real=0.05s
[13.474s][info][gc,start       ] GC(162) Pause Young (Allocation Failure)
[13.524s][info][gc,heap        ] GC(162) PSYoungGen: 96448K(133120K)->72416K(136704K) Eden: 24064K(24064K)->0K(27136K) From: 72384K(109056K)->72416K(109568K)
[13.524s][info][gc,heap        ] GC(162) ParOldGen: 1982539K(2036224K)->2006955K(2036224K)
[13.524s][info][gc,metaspace   ] GC(162) Metaspace: 6298K(6464K)->6298K(6464K) NonClass: 5765K(5824K)->5765K(5824K) Class: 533K(640K)->533K(640K)
[13.524s][info][gc             ] GC(162) Pause Young (Allocation Failure) 2030M->2030M(2122M) 50.630ms
[13.524s][info][gc,cpu         ] GC(162) User=0.28s Sys=0.00s Real=0.05s
[13.525s][info][gc,start       ] GC(163) Pause Full (Ergonomics)
[13.525s][info][gc,phases,start] GC(163) Marking Phase
[13.991s][info][gc,phases      ] GC(163) Marking Phase 466.434ms
[13.991s][info][gc,phases,start] GC(163) Summary Phase
[13.991s][info][gc,phases      ] GC(163) Summary Phase 0.038ms
[13.991s][info][gc,phases,start] GC(163) Adjust Roots
[13.991s][info][gc,phases      ] GC(163) Adjust Roots 0.192ms
[13.991s][info][gc,phases,start] GC(163) Compaction Phase
[14.197s][info][gc,phases      ] GC(163) Compaction Phase 205.915ms
[14.197s][info][gc,phases,start] GC(163) Post Compact
[14.201s][info][gc,phases      ] GC(163) Post Compact 3.959ms
[14.202s][info][gc,heap        ] GC(163) PSYoungGen: 72416K(136704K)->40925K(136704K) Eden: 0K(27136K)->0K(27136K) From: 72416K(109568K)->40925K(109568K)
[14.202s][info][gc,heap        ] GC(163) ParOldGen: 2006955K(2036224K)->2035846K(2232320K)
[14.202s][info][gc,metaspace   ] GC(163) Metaspace: 6298K(6464K)->6298K(6464K) NonClass: 5765K(5824K)->5765K(5824K) Class: 533K(640K)->533K(640K)
[14.202s][info][gc             ] GC(163) Pause Full (Ergonomics) 2030M->2028M(2313M) 677.563ms
[14.202s][info][gc,cpu         ] GC(163) User=4.94s Sys=0.03s Real=0.68s
[14.234s][info][gc,start       ] GC(164) Pause Young (Allocation Failure)
[14.359s][info][gc,heap        ] GC(164) PSYoungGen: 68061K(136704K)->42208K(137216K) Eden: 27136K(27136K)->0K(27136K) From: 40925K(109568K)->42208K(110080K)
[14.359s][info][gc,heap        ] GC(164) ParOldGen: 2035846K(2232320K)->2062262K(2232320K)
[14.359s][info][gc,metaspace   ] GC(164) Metaspace: 6298K(6464K)->6298K(6464K) NonClass: 5765K(5824K)->5765K(5824K) Class: 533K(640K)->533K(640K)
[14.359s][info][gc             ] GC(164) Pause Young (Allocation Failure) 2054M->2055M(2314M) 124.412ms
[14.359s][info][gc,cpu         ] GC(164) User=0.80s Sys=0.00s Real=0.12s
[14.387s][info][gc,start       ] GC(165) Pause Young (Allocation Failure)
[14.427s][info][gc,heap        ] GC(165) PSYoungGen: 69344K(137216K)->54432K(129536K) Eden: 27136K(27136K)->0K(30208K) From: 42208K(110080K)->54432K(99328K)
[14.427s][info][gc,heap        ] GC(165) ParOldGen: 2062262K(2232320K)->2077326K(2232320K)
[14.427s][info][gc,metaspace   ] GC(165) Metaspace: 6298K(6464K)->6298K(6464K) NonClass: 5765K(5824K)->5765K(5824K) Class: 533K(640K)->533K(640K)
[14.427s][info][gc             ] GC(165) Pause Young (Allocation Failure) 2081M->2081M(2306M) 39.857ms
[14.427s][info][gc,cpu         ] GC(165) User=0.16s Sys=0.02s Real=0.04s
[14.459s][info][gc,start       ] GC(166) Pause Young (Allocation Failure)
[14.505s][info][gc,heap        ] GC(166) PSYoungGen: 84640K(129536K)->57568K(88064K) Eden: 30208K(30208K)->0K(30208K) From: 54432K(99328K)->57568K(57856K)
[14.505s][info][gc,heap        ] GC(166) ParOldGen: 2077326K(2232320K)->2104822K(2232320K)
[14.505s][info][gc,metaspace   ] GC(166) Metaspace: 6298K(6464K)->6298K(6464K) NonClass: 5765K(5824K)->5765K(5824K) Class: 533K(640K)->533K(640K)
[14.505s][info][gc             ] GC(166) Pause Young (Allocation Failure) 2111M->2111M(2266M) 46.041ms
[14.505s][info][gc,cpu         ] GC(166) User=0.25s Sys=0.02s Real=0.05s
[14.538s][info][gc,start       ] GC(167) Pause Young (Allocation Failure)
[14.586s][info][gc,heap        ] GC(167) PSYoungGen: 87776K(88064K)->60576K(126464K) Eden: 30208K(30208K)->0K(33792K) From: 57568K(57856K)->60576K(92672K)
[14.586s][info][gc,heap        ] GC(167) ParOldGen: 2104822K(2232320K)->2132342K(2232320K)
[14.586s][info][gc,metaspace   ] GC(167) Metaspace: 6298K(6464K)->6298K(6464K) NonClass: 5765K(5824K)->5765K(5824K) Class: 533K(640K)->533K(640K)
[14.586s][info][gc             ] GC(167) Pause Young (Allocation Failure) 2141M->2141M(2303M) 48.145ms
[14.586s][info][gc,cpu         ] GC(167) User=0.25s Sys=0.02s Real=0.05s
[14.628s][info][gc,start       ] GC(168) Pause Young (Allocation Failure)
[14.680s][info][gc,heap        ] GC(168) PSYoungGen: 94368K(126464K)->64192K(129536K) Eden: 33792K(33792K)->0K(33792K) From: 60576K(92672K)->64192K(95744K)
[14.680s][info][gc,heap        ] GC(168) ParOldGen: 2132342K(2232320K)->2162966K(2232320K)
[14.680s][info][gc,metaspace   ] GC(168) Metaspace: 6298K(6464K)->6298K(6464K) NonClass: 5765K(5824K)->5765K(5824K) Class: 533K(640K)->533K(640K)
[14.680s][info][gc             ] GC(168) Pause Young (Allocation Failure) 2174M->2174M(2306M) 51.569ms
[14.680s][info][gc,cpu         ] GC(168) User=0.25s Sys=0.05s Real=0.05s
[14.724s][info][gc,start       ] GC(169) Pause Young (Allocation Failure)
[14.778s][info][gc,heap        ] GC(169) PSYoungGen: 97984K(129536K)->67776K(131584K) Eden: 33792K(33792K)->0K(37888K) From: 64192K(95744K)->67776K(93696K)
[14.778s][info][gc,heap        ] GC(169) ParOldGen: 2162966K(2232320K)->2193566K(2232320K)
[14.778s][info][gc,metaspace   ] GC(169) Metaspace: 6298K(6464K)->6298K(6464K) NonClass: 5765K(5824K)->5765K(5824K) Class: 533K(640K)->533K(640K)
[14.778s][info][gc             ] GC(169) Pause Young (Allocation Failure) 2207M->2208M(2308M) 53.883ms
[14.778s][info][gc,cpu         ] GC(169) User=0.38s Sys=0.00s Real=0.05s
[14.778s][info][gc,start       ] GC(170) Pause Full (Ergonomics)
[14.778s][info][gc,phases,start] GC(170) Marking Phase
[15.266s][info][gc,phases      ] GC(170) Marking Phase 488.374ms
[15.266s][info][gc,phases,start] GC(170) Summary Phase
[15.266s][info][gc,phases      ] GC(170) Summary Phase 0.041ms
[15.266s][info][gc,phases,start] GC(170) Adjust Roots
[15.266s][info][gc,phases      ] GC(170) Adjust Roots 0.158ms
[15.267s][info][gc,phases,start] GC(170) Compaction Phase
[15.464s][info][gc,phases      ] GC(170) Compaction Phase 197.392ms
[15.464s][info][gc,phases,start] GC(170) Post Compact
[15.468s][info][gc,phases      ] GC(170) Post Compact 4.235ms
[15.469s][info][gc,heap        ] GC(170) PSYoungGen: 67776K(131584K)->26638K(132096K) Eden: 0K(37888K)->0K(38400K) From: 67776K(93696K)->26638K(93696K)
[15.469s][info][gc,heap        ] GC(170) ParOldGen: 2193566K(2232320K)->2232219K(2446848K)
[15.469s][info][gc,metaspace   ] GC(170) Metaspace: 6298K(6464K)->6298K(6464K) NonClass: 5765K(5824K)->5765K(5824K) Class: 533K(640K)->533K(640K)
[15.469s][info][gc             ] GC(170) Pause Full (Ergonomics) 2208M->2205M(2518M) 691.251ms
[15.469s][info][gc,cpu         ] GC(170) User=5.27s Sys=0.03s Real=0.69s
[15.516s][info][gc,start       ] GC(171) Pause Young (Allocation Failure)
[15.645s][info][gc,heap        ] GC(171) PSYoungGen: 65038K(132096K)->51328K(132608K) Eden: 38400K(38400K)->0K(38400K) From: 26638K(93696K)->51328K(94208K)
[15.645s][info][gc,heap        ] GC(171) ParOldGen: 2232219K(2446848K)->2246363K(2446848K)
[15.645s][info][gc,metaspace   ] GC(171) Metaspace: 6298K(6464K)->6298K(6464K) NonClass: 5765K(5824K)->5765K(5824K) Class: 533K(640K)->533K(640K)
[15.645s][info][gc             ] GC(171) Pause Young (Allocation Failure) 2243M->2243M(2519M) 129.300ms
[15.645s][info][gc,cpu         ] GC(171) User=0.78s Sys=0.02s Real=0.13s
[15.689s][info][gc,start       ] GC(172) Pause Young (Allocation Failure)
[15.739s][info][gc,heap        ] GC(172) PSYoungGen: 89728K(132608K)->89760K(125952K) Eden: 38400K(38400K)->0K(33792K) From: 51328K(94208K)->89760K(92160K)
[15.739s][info][gc,heap        ] GC(172) ParOldGen: 2246363K(2446848K)->2246363K(2446848K)
[15.739s][info][gc,metaspace   ] GC(172) Metaspace: 6298K(6464K)->6298K(6464K) NonClass: 5765K(5824K)->5765K(5824K) Class: 533K(640K)->533K(640K)
[15.739s][info][gc             ] GC(172) Pause Young (Allocation Failure) 2281M->2281M(2512M) 49.923ms
[15.739s][info][gc,cpu         ] GC(172) User=0.30s Sys=0.00s Real=0.05s
[15.780s][info][gc,start       ] GC(173) Pause Young (Allocation Failure)
[15.842s][info][gc,heap        ] GC(173) PSYoungGen: 123552K(125952K)->100352K(134144K) Eden: 33792K(33792K)->0K(33792K) From: 89760K(92160K)->100352K(100352K)
[15.842s][info][gc,heap        ] GC(173) ParOldGen: 2246363K(2446848K)->2269683K(2446848K)
[15.842s][info][gc,metaspace   ] GC(173) Metaspace: 6298K(6464K)->6298K(6464K) NonClass: 5765K(5824K)->5765K(5824K) Class: 533K(640K)->533K(640K)
[15.842s][info][gc             ] GC(173) Pause Young (Allocation Failure) 2314M->2314M(2520M) 61.933ms
[15.842s][info][gc,cpu         ] GC(173) User=0.33s Sys=0.06s Real=0.06s
[15.880s][info][gc,start       ] GC(174) Pause Young (Allocation Failure)
[15.953s][info][gc,heap        ] GC(174) PSYoungGen: 134144K(134144K)->94496K(153088K) Eden: 33792K(33792K)->0K(33280K) From: 100352K(100352K)->94496K(119808K)
[15.953s][info][gc,heap        ] GC(174) ParOldGen: 2269683K(2446848K)->2309835K(2446848K)
[15.953s][info][gc,metaspace   ] GC(174) Metaspace: 6298K(6464K)->6298K(6464K) NonClass: 5765K(5824K)->5765K(5824K) Class: 533K(640K)->533K(640K)
[15.953s][info][gc             ] GC(174) Pause Young (Allocation Failure) 2347M->2347M(2539M) 72.371ms
[15.953s][info][gc,cpu         ] GC(174) User=0.47s Sys=0.03s Real=0.07s
[15.995s][info][gc,start       ] GC(175) Pause Young (Allocation Failure)
[16.065s][info][gc,heap        ] GC(175) PSYoungGen: 127776K(153088K)->97504K(157696K) Eden: 33280K(33280K)->0K(33280K) From: 94496K(119808K)->97504K(124416K)
[16.065s][info][gc,heap        ] GC(175) ParOldGen: 2309835K(2446848K)->2340403K(2446848K)
[16.065s][info][gc,metaspace   ] GC(175) Metaspace: 6298K(6464K)->6298K(6464K) NonClass: 5765K(5824K)->5765K(5824K) Class: 533K(640K)->533K(640K)
[16.065s][info][gc             ] GC(175) Pause Young (Allocation Failure) 2380M->2380M(2543M) 69.577ms
[16.065s][info][gc,cpu         ] GC(175) User=0.39s Sys=0.00s Real=0.07s
[16.103s][info][gc,start       ] GC(176) Pause Young (Allocation Failure)
[16.171s][info][gc,heap        ] GC(176) PSYoungGen: 130784K(157696K)->100608K(161792K) Eden: 33280K(33280K)->0K(32768K) From: 97504K(124416K)->100608K(129024K)
[16.171s][info][gc,heap        ] GC(176) ParOldGen: 2340403K(2446848K)->2370851K(2446848K)
[16.171s][info][gc,metaspace   ] GC(176) Metaspace: 6298K(6464K)->6298K(6464K) NonClass: 5765K(5824K)->5765K(5824K) Class: 533K(640K)->533K(640K)
[16.171s][info][gc             ] GC(176) Pause Young (Allocation Failure) 2413M->2413M(2547M) 68.001ms
[16.171s][info][gc,cpu         ] GC(176) User=0.38s Sys=0.02s Real=0.07s
[16.212s][info][gc,start       ] GC(177) Pause Young (Allocation Failure)
[16.281s][info][gc,heap        ] GC(177) PSYoungGen: 133376K(161792K)->99584K(166400K) Eden: 32768K(32768K)->0K(32768K) From: 100608K(129024K)->99584K(133632K)
[16.282s][info][gc,heap        ] GC(177) ParOldGen: 2370851K(2446848K)->2404947K(2446848K)
[16.282s][info][gc,metaspace   ] GC(177) Metaspace: 6298K(6464K)->6298K(6464K) NonClass: 5765K(5824K)->5765K(5824K) Class: 533K(640K)->533K(640K)
[16.282s][info][gc             ] GC(177) Pause Young (Allocation Failure) 2445M->2445M(2552M) 69.939ms
[16.282s][info][gc,cpu         ] GC(177) User=0.38s Sys=0.03s Real=0.07s
[16.282s][info][gc,start       ] GC(178) Pause Full (Ergonomics)
[16.282s][info][gc,phases,start] GC(178) Marking Phase
[16.835s][info][gc,phases      ] GC(178) Marking Phase 553.067ms
[16.835s][info][gc,phases,start] GC(178) Summary Phase
[16.835s][info][gc,phases      ] GC(178) Summary Phase 0.047ms
[16.835s][info][gc,phases,start] GC(178) Adjust Roots
[16.835s][info][gc,phases      ] GC(178) Adjust Roots 0.154ms
[16.835s][info][gc,phases,start] GC(178) Compaction Phase
[17.060s][info][gc,phases      ] GC(178) Compaction Phase 225.347ms
[17.060s][info][gc,phases,start] GC(178) Post Compact
[17.066s][info][gc,phases      ] GC(178) Post Compact 5.377ms
[17.067s][info][gc,heap        ] GC(178) PSYoungGen: 99584K(166400K)->55788K(166400K) Eden: 0K(32768K)->0K(32768K) From: 99584K(133632K)->55788K(133632K)
[17.067s][info][gc,heap        ] GC(178) ParOldGen: 2404947K(2446848K)->2446554K(2682368K)
[17.067s][info][gc,metaspace   ] GC(178) Metaspace: 6298K(6464K)->6298K(6464K) NonClass: 5765K(5824K)->5765K(5824K) Class: 533K(640K)->533K(640K)
[17.067s][info][gc             ] GC(178) Pause Full (Ergonomics) 2445M->2443M(2782M) 785.554ms
[17.067s][info][gc,cpu         ] GC(178) User=5.83s Sys=0.08s Real=0.79s
[17.108s][info][gc,start       ] GC(179) Pause Young (Allocation Failure)
[17.270s][info][gc,heap        ] GC(179) PSYoungGen: 88556K(166400K)->51616K(169472K) Eden: 32768K(32768K)->0K(36352K) From: 55788K(133632K)->51616K(133120K)
[17.270s][info][gc,heap        ] GC(179) ParOldGen: 2446554K(2682368K)->2484066K(2682368K)
[17.270s][info][gc,metaspace   ] GC(179) Metaspace: 6298K(6464K)->6298K(6464K) NonClass: 5765K(5824K)->5765K(5824K) Class: 533K(640K)->533K(640K)
[17.270s][info][gc             ] GC(179) Pause Young (Allocation Failure) 2475M->2476M(2785M) 162.303ms
[17.270s][info][gc,cpu         ] GC(179) User=1.06s Sys=0.02s Real=0.16s
[17.312s][info][gc,start       ] GC(180) Pause Young (Allocation Failure)
[17.362s][info][gc,heap        ] GC(180) PSYoungGen: 87968K(169472K)->69312K(105984K) Eden: 36352K(36352K)->0K(36352K) From: 51616K(133120K)->69312K(69632K)
[17.362s][info][gc,heap        ] GC(180) ParOldGen: 2484066K(2682368K)->2502914K(2682368K)
[17.362s][info][gc,metaspace   ] GC(180) Metaspace: 6298K(6464K)->6298K(6464K) NonClass: 5765K(5824K)->5765K(5824K) Class: 533K(640K)->533K(640K)
[17.362s][info][gc             ] GC(180) Pause Young (Allocation Failure) 2511M->2511M(2723M) 50.688ms
[17.362s][info][gc,cpu         ] GC(180) User=0.27s Sys=0.02s Real=0.05s
[17.409s][info][gc,start       ] GC(181) Pause Young (Allocation Failure)
[17.466s][info][gc,heap        ] GC(181) PSYoungGen: 105664K(105984K)->72960K(160768K) Eden: 36352K(36352K)->0K(40448K) From: 69312K(69632K)->72960K(120320K)
[17.466s][info][gc,heap        ] GC(181) ParOldGen: 2502914K(2682368K)->2535986K(2682368K)
[17.466s][info][gc,metaspace   ] GC(181) Metaspace: 6298K(6464K)->6298K(6464K) NonClass: 5765K(5824K)->5765K(5824K) Class: 533K(640K)->533K(640K)
[17.466s][info][gc             ] GC(181) Pause Young (Allocation Failure) 2547M->2547M(2776M) 57.116ms
[17.466s][info][gc,cpu         ] GC(181) User=0.42s Sys=0.08s Real=0.06s
[17.517s][info][gc,start       ] GC(182) Pause Young (Allocation Failure)
[17.578s][info][gc,heap        ] GC(182) PSYoungGen: 113408K(160768K)->77024K(165888K) Eden: 40448K(40448K)->0K(40448K) From: 72960K(120320K)->77024K(125440K)
[17.578s][info][gc,heap        ] GC(182) ParOldGen: 2535986K(2682368K)->2572666K(2682368K)
[17.578s][info][gc,metaspace   ] GC(182) Metaspace: 6298K(6464K)->6298K(6464K) NonClass: 5765K(5824K)->5765K(5824K) Class: 533K(640K)->533K(640K)
[17.578s][info][gc             ] GC(182) Pause Young (Allocation Failure) 2587M->2587M(2781M) 60.823ms
[17.578s][info][gc,cpu         ] GC(182) User=0.33s Sys=0.06s Real=0.06s
[17.630s][info][gc,start       ] GC(183) Pause Young (Allocation Failure)
[17.694s][info][gc,heap        ] GC(183) PSYoungGen: 117472K(165888K)->81120K(161280K) Eden: 40448K(40448K)->0K(45056K) From: 77024K(125440K)->81120K(116224K)
[17.694s][info][gc,heap        ] GC(183) ParOldGen: 2572666K(2682368K)->2609354K(2682368K)
[17.694s][info][gc,metaspace   ] GC(183) Metaspace: 6298K(6464K)->6298K(6464K) NonClass: 5765K(5824K)->5765K(5824K) Class: 533K(640K)->533K(640K)
[17.694s][info][gc             ] GC(183) Pause Young (Allocation Failure) 2627M->2627M(2777M) 63.793ms
[17.694s][info][gc,cpu         ] GC(183) User=0.34s Sys=0.03s Real=0.06s
[17.749s][info][gc,start       ] GC(184) Pause Young (Allocation Failure)
[17.819s][info][gc,heap        ] GC(184) PSYoungGen: 126176K(161280K)->85728K(163840K) Eden: 45056K(45056K)->0K(45056K) From: 81120K(116224K)->85728K(118784K)
[17.819s][info][gc,heap        ] GC(184) ParOldGen: 2609354K(2682368K)->2650162K(2682368K)
[17.819s][info][gc,metaspace   ] GC(184) Metaspace: 6298K(6464K)->6298K(6464K) NonClass: 5765K(5824K)->5765K(5824K) Class: 533K(640K)->533K(640K)
[17.819s][info][gc             ] GC(184) Pause Young (Allocation Failure) 2671M->2671M(2779M) 70.002ms
[17.819s][info][gc,cpu         ] GC(184) User=0.38s Sys=0.03s Real=0.07s
[17.819s][info][gc,start       ] GC(185) Pause Full (Ergonomics)
[17.820s][info][gc,phases,start] GC(185) Marking Phase
[18.452s][info][gc,phases      ] GC(185) Marking Phase 632.110ms
[18.452s][info][gc,phases,start] GC(185) Summary Phase
[18.452s][info][gc,phases      ] GC(185) Summary Phase 0.050ms
[18.452s][info][gc,phases,start] GC(185) Adjust Roots
[18.452s][info][gc,phases      ] GC(185) Adjust Roots 0.157ms
[18.452s][info][gc,phases,start] GC(185) Compaction Phase
[18.728s][info][gc,phases      ] GC(185) Compaction Phase 275.624ms
[18.728s][info][gc,phases,start] GC(185) Post Compact
[18.733s][info][gc,phases      ] GC(185) Post Compact 5.583ms
[18.734s][info][gc,heap        ] GC(185) PSYoungGen: 85728K(163840K)->51708K(163840K) Eden: 0K(45056K)->0K(45056K) From: 85728K(118784K)->51708K(118784K)
[18.734s][info][gc,heap        ] GC(185) ParOldGen: 2650162K(2682368K)->2681867K(2944000K)
[18.734s][info][gc,metaspace   ] GC(185) Metaspace: 6298K(6464K)->6298K(6464K) NonClass: 5765K(5824K)->5765K(5824K) Class: 533K(640K)->533K(640K)
[18.734s][info][gc             ] GC(185) Pause Full (Ergonomics) 2671M->2669M(3035M) 914.914ms
[18.734s][info][gc,cpu         ] GC(185) User=6.70s Sys=0.03s Real=0.91s
[18.788s][info][gc,start       ] GC(186) Pause Young (Allocation Failure)
[18.959s][info][gc,heap        ] GC(186) PSYoungGen: 96764K(163840K)->74784K(159232K) Eden: 45056K(45056K)->0K(49664K) From: 51708K(118784K)->74784K(109568K)
[18.959s][info][gc,heap        ] GC(186) ParOldGen: 2681867K(2944000K)->2704339K(2944000K)
[18.959s][info][gc,metaspace   ] GC(186) Metaspace: 6298K(6464K)->6298K(6464K) NonClass: 5765K(5824K)->5765K(5824K) Class: 533K(640K)->533K(640K)
[18.959s][info][gc             ] GC(186) Pause Young (Allocation Failure) 2713M->2713M(3030M) 171.126ms
[18.959s][info][gc,cpu         ] GC(186) User=1.03s Sys=0.00s Real=0.17s
[19.020s][info][gc,start       ] GC(187) Pause Young (Allocation Failure)
[19.093s][info][gc,heap        ] GC(187) PSYoungGen: 124448K(159232K)->114176K(163840K) Eden: 49664K(49664K)->0K(49664K) From: 74784K(109568K)->114176K(114176K)
[19.094s][info][gc,heap        ] GC(187) ParOldGen: 2704339K(2944000K)->2714683K(2944000K)
[19.094s][info][gc,metaspace   ] GC(187) Metaspace: 6298K(6464K)->6298K(6464K) NonClass: 5765K(5824K)->5765K(5824K) Class: 533K(640K)->533K(640K)
[19.094s][info][gc             ] GC(187) Pause Young (Allocation Failure) 2762M->2762M(3035M) 73.697ms
[19.094s][info][gc,cpu         ] GC(187) User=0.38s Sys=0.02s Real=0.07s
[19.739s][info][gc,start       ] GC(188) Pause Young (Allocation Failure)
[19.883s][info][gc,heap        ] GC(188) PSYoungGen: 163840K(163840K)->95584K(182784K) Eden: 49664K(49664K)->0K(54272K) From: 114176K(114176K)->95584K(128512K)
[19.884s][info][gc,heap        ] GC(188) ParOldGen: 2845755K(2944000K)->2914699K(2944000K)
[19.884s][info][gc,metaspace   ] GC(188) Metaspace: 6298K(6464K)->6298K(6464K) NonClass: 5765K(5824K)->5765K(5824K) Class: 533K(640K)->533K(640K)
[19.884s][info][gc             ] GC(188) Pause Young (Allocation Failure) 2939M->2939M(3053M) 144.766ms
[19.884s][info][gc,cpu         ] GC(188) User=0.89s Sys=0.05s Real=0.14s
[19.884s][info][gc,start       ] GC(189) Pause Full (Ergonomics)
[19.884s][info][gc,phases,start] GC(189) Marking Phase
[20.559s][info][gc,phases      ] GC(189) Marking Phase 675.211ms
[20.559s][info][gc,phases,start] GC(189) Summary Phase
[20.559s][info][gc,phases      ] GC(189) Summary Phase 0.068ms
[20.559s][info][gc,phases,start] GC(189) Adjust Roots
[20.559s][info][gc,phases      ] GC(189) Adjust Roots 0.168ms
[20.559s][info][gc,phases,start] GC(189) Compaction Phase
[21.022s][info][gc,phases      ] GC(189) Compaction Phase 462.429ms
[21.022s][info][gc,phases,start] GC(189) Post Compact
[21.028s][info][gc,phases      ] GC(189) Post Compact 5.969ms
[21.029s][info][gc,heap        ] GC(189) PSYoungGen: 95584K(182784K)->0K(183296K) Eden: 0K(54272K)->0K(54272K) From: 95584K(128512K)->0K(129024K)
[21.029s][info][gc,heap        ] GC(189) ParOldGen: 2914699K(2944000K)->2943399K(3241472K)
[21.029s][info][gc,metaspace   ] GC(189) Metaspace: 6298K(6464K)->6298K(6464K) NonClass: 5765K(5824K)->5765K(5824K) Class: 533K(640K)->533K(640K)
[21.029s][info][gc             ] GC(189) Pause Full (Ergonomics) 2939M->2874M(3344M) 1145.252ms
[21.029s][info][gc,cpu         ] GC(189) User=8.05s Sys=0.05s Real=1.15s
[21.092s][info][gc,start       ] GC(190) Pause Young (Allocation Failure)
[21.140s][info][gc,heap        ] GC(190) PSYoungGen: 54272K(183296K)->54464K(187392K) Eden: 54272K(54272K)->0K(58880K) From: 0K(129024K)->54464K(128512K)
[21.140s][info][gc,heap        ] GC(190) ParOldGen: 2943399K(3241472K)->2943399K(3241472K)
[21.140s][info][gc,metaspace   ] GC(190) Metaspace: 6298K(6464K)->6298K(6464K) NonClass: 5765K(5824K)->5765K(5824K) Class: 533K(640K)->533K(640K)
[21.140s][info][gc             ] GC(190) Pause Young (Allocation Failure) 2927M->2927M(3348M) 47.639ms
[21.140s][info][gc,cpu         ] GC(190) User=0.16s Sys=0.00s Real=0.05s
[21.201s][info][gc,start       ] GC(191) Pause Young (Allocation Failure)
[21.267s][info][gc,heap        ] GC(191) PSYoungGen: 113344K(187392K)->113472K(187904K) Eden: 58880K(58880K)->0K(58880K) From: 54464K(128512K)->113472K(129024K)
[21.267s][info][gc,heap        ] GC(191) ParOldGen: 2943399K(3241472K)->2943399K(3241472K)
[21.267s][info][gc,metaspace   ] GC(191) Metaspace: 6298K(6464K)->6298K(6464K) NonClass: 5765K(5824K)->5765K(5824K) Class: 533K(640K)->533K(640K)
[21.268s][info][gc             ] GC(191) Pause Young (Allocation Failure) 2985M->2985M(3349M) 66.382ms
[21.268s][info][gc,cpu         ] GC(191) User=0.19s Sys=0.00s Real=0.07s
[21.325s][info][gc,start       ] GC(192) Pause Young (Allocation Failure)
[21.412s][info][gc,heap        ] GC(192) PSYoungGen: 172352K(187904K)->136704K(173056K) Eden: 58880K(58880K)->0K(36352K) From: 113472K(129024K)->136704K(136704K)
[21.412s][info][gc,heap        ] GC(192) ParOldGen: 2943399K(3241472K)->2979279K(3241472K)
[21.412s][info][gc,metaspace   ] GC(192) Metaspace: 6298K(6464K)->6298K(6464K) NonClass: 5765K(5824K)->5765K(5824K) Class: 533K(640K)->533K(640K)
[21.412s][info][gc             ] GC(192) Pause Young (Allocation Failure) 3042M->3042M(3334M) 86.496ms
[21.412s][info][gc,cpu         ] GC(192) User=0.48s Sys=0.05s Real=0.09s
[21.449s][info][gc,start       ] GC(193) Pause Young (Allocation Failure)
[21.533s][info][gc,heap        ] GC(193) PSYoungGen: 173056K(173056K)->164352K(200704K) Eden: 36352K(36352K)->0K(36352K) From: 136704K(136704K)->164352K(164352K)
[21.533s][info][gc,heap        ] GC(193) ParOldGen: 2979279K(3241472K)->2988143K(3241472K)
[21.533s][info][gc,metaspace   ] GC(193) Metaspace: 6298K(6464K)->6298K(6464K) NonClass: 5765K(5824K)->5765K(5824K) Class: 533K(640K)->533K(640K)
[21.533s][info][gc             ] GC(193) Pause Young (Allocation Failure) 3078M->3078M(3361M) 83.270ms
[21.533s][info][gc,cpu         ] GC(193) User=0.55s Sys=0.00s Real=0.08s
[21.574s][info][gc,start       ] GC(194) Pause Young (Allocation Failure)
[21.668s][info][gc,heap        ] GC(194) PSYoungGen: 200704K(200704K)->117696K(223744K) Eden: 36352K(36352K)->0K(40960K) From: 164352K(164352K)->117696K(182784K)
[21.668s][info][gc,heap        ] GC(194) ParOldGen: 2988143K(3241472K)->3071967K(3241472K)
[21.668s][info][gc,metaspace   ] GC(194) Metaspace: 6298K(6464K)->6298K(6464K) NonClass: 5765K(5824K)->5765K(5824K) Class: 533K(640K)->533K(640K)
[21.668s][info][gc             ] GC(194) Pause Young (Allocation Failure) 3114M->3114M(3384M) 94.302ms
[21.669s][info][gc,cpu         ] GC(194) User=0.62s Sys=0.02s Real=0.09s
[21.716s][info][gc,start       ] GC(195) Pause Young (Allocation Failure)
[21.796s][info][gc,heap        ] GC(195) PSYoungGen: 158656K(223744K)->113216K(225792K) Eden: 40960K(40960K)->0K(40960K) From: 117696K(182784K)->113216K(184832K)
[21.796s][info][gc,heap        ] GC(195) ParOldGen: 3071967K(3241472K)->3117743K(3241472K)
[21.796s][info][gc,metaspace   ] GC(195) Metaspace: 6298K(6464K)->6298K(6464K) NonClass: 5765K(5824K)->5765K(5824K) Class: 533K(640K)->533K(640K)
[21.796s][info][gc             ] GC(195) Pause Young (Allocation Failure) 3154M->3155M(3386M) 80.846ms
[21.796s][info][gc,cpu         ] GC(195) User=0.36s Sys=0.05s Real=0.08s
[21.841s][info][gc,start       ] GC(196) Pause Young (Allocation Failure)
[21.918s][info][gc,heap        ] GC(196) PSYoungGen: 154176K(225792K)->118528K(223232K) Eden: 40960K(40960K)->0K(46080K) From: 113216K(184832K)->118528K(177152K)
[21.918s][info][gc,heap        ] GC(196) ParOldGen: 3117743K(3241472K)->3153743K(3241472K)
[21.918s][info][gc,metaspace   ] GC(196) Metaspace: 6298K(6464K)->6298K(6464K) NonClass: 5765K(5824K)->5765K(5824K) Class: 533K(640K)->533K(640K)
[21.918s][info][gc             ] GC(196) Pause Young (Allocation Failure) 3195M->3195M(3383M) 77.028ms
[21.918s][info][gc,cpu         ] GC(196) User=0.41s Sys=0.00s Real=0.08s
[21.966s][info][gc,start       ] GC(197) Pause Young (Allocation Failure)
[22.047s][info][gc,heap        ] GC(197) PSYoungGen: 164608K(223232K)->87328K(224768K) Eden: 46080K(46080K)->0K(46080K) From: 118528K(177152K)->87328K(178688K)
[22.047s][info][gc,heap        ] GC(197) ParOldGen: 3153743K(3241472K)->3231711K(3241472K)
[22.047s][info][gc,metaspace   ] GC(197) Metaspace: 6298K(6464K)->6298K(6464K) NonClass: 5765K(5824K)->5765K(5824K) Class: 533K(640K)->533K(640K)
[22.047s][info][gc             ] GC(197) Pause Young (Allocation Failure) 3240M->3241M(3385M) 81.514ms
[22.048s][info][gc,cpu         ] GC(197) User=0.48s Sys=0.06s Real=0.08s
[22.048s][info][gc,start       ] GC(198) Pause Full (Ergonomics)
[22.048s][info][gc,phases,start] GC(198) Marking Phase
[22.819s][info][gc,phases      ] GC(198) Marking Phase 771.044ms
[22.819s][info][gc,phases,start] GC(198) Summary Phase
[22.819s][info][gc,phases      ] GC(198) Summary Phase 0.044ms
[22.819s][info][gc,phases,start] GC(198) Adjust Roots
[22.819s][info][gc,phases      ] GC(198) Adjust Roots 0.173ms
[22.819s][info][gc,phases,start] GC(198) Compaction Phase
[23.515s][info][gc,phases      ] GC(198) Compaction Phase 695.987ms
[23.515s][info][gc,phases,start] GC(198) Post Compact
[23.521s][info][gc,phases      ] GC(198) Post Compact 6.271ms
[23.523s][info][gc,heap        ] GC(198) PSYoungGen: 87328K(224768K)->74710K(224768K) Eden: 0K(46080K)->0K(46080K) From: 87328K(178688K)->74710K(178688K)
[23.523s][info][gc,heap        ] GC(198) ParOldGen: 3231711K(3241472K)->3241169K(3587072K)
[23.523s][info][gc,metaspace   ] GC(198) Metaspace: 6298K(6464K)->6298K(6464K) NonClass: 5765K(5824K)->5765K(5824K) Class: 533K(640K)->533K(640K)
[23.523s][info][gc             ] GC(198) Pause Full (Ergonomics) 3241M->3238M(3722M) 1475.096ms
[23.523s][info][gc,cpu         ] GC(198) User=10.45s Sys=0.03s Real=1.47s
[23.576s][info][gc,start       ] GC(199) Pause Young (Allocation Failure)
[23.762s][info][gc,heap        ] GC(199) PSYoungGen: 120790K(224768K)->46304K(223744K) Eden: 46080K(46080K)->0K(49152K) From: 74710K(178688K)->46304K(174592K)
[23.763s][info][gc,heap        ] GC(199) ParOldGen: 3241169K(3587072K)->3316585K(3587072K)
[23.763s][info][gc,metaspace   ] GC(199) Metaspace: 6298K(6464K)->6298K(6464K) NonClass: 5765K(5824K)->5765K(5824K) Class: 533K(640K)->533K(640K)
[23.763s][info][gc             ] GC(199) Pause Young (Allocation Failure) 3283M->3284M(3721M) 186.887ms
[23.763s][info][gc,cpu         ] GC(199) User=1.27s Sys=0.11s Real=0.19s
[23.818s][info][gc,start       ] GC(200) Pause Young (Allocation Failure)
[23.881s][info][gc,heap        ] GC(200) PSYoungGen: 95456K(223744K)->95488K(144896K) Eden: 49152K(49152K)->0K(49152K) From: 46304K(174592K)->95488K(95744K)
[23.882s][info][gc,heap        ] GC(200) ParOldGen: 3316585K(3587072K)->3316585K(3587072K)
[23.882s][info][gc,metaspace   ] GC(200) Metaspace: 6298K(6464K)->6298K(6464K) NonClass: 5765K(5824K)->5765K(5824K) Class: 533K(640K)->533K(640K)
[23.882s][info][gc             ] GC(200) Pause Young (Allocation Failure) 3332M->3332M(3644M) 63.701ms
[23.882s][info][gc,cpu         ] GC(200) User=0.20s Sys=0.00s Real=0.06s
[23.936s][info][gc,start       ] GC(201) Pause Young (Allocation Failure)
[24.013s][info][gc,heap        ] GC(201) PSYoungGen: 144640K(144896K)->144736K(213504K) Eden: 49152K(49152K)->0K(44032K) From: 95488K(95744K)->144736K(169472K)
[24.013s][info][gc,heap        ] GC(201) ParOldGen: 3316585K(3587072K)->3316585K(3587072K)
[24.013s][info][gc,metaspace   ] GC(201) Metaspace: 6298K(6464K)->6298K(6464K) NonClass: 5765K(5824K)->5765K(5824K) Class: 533K(640K)->533K(640K)
[24.013s][info][gc             ] GC(201) Pause Young (Allocation Failure) 3380M->3380M(3711M) 77.653ms
[24.013s][info][gc,cpu         ] GC(201) User=0.33s Sys=0.00s Real=0.08s
[24.054s][info][gc,start       ] GC(202) Pause Young (Allocation Failure)
[24.149s][info][gc,heap        ] GC(202) PSYoungGen: 188768K(213504K)->142688K(223744K) Eden: 44032K(44032K)->0K(44032K) From: 144736K(169472K)->142688K(179712K)
[24.149s][info][gc,heap        ] GC(202) ParOldGen: 3316585K(3587072K)->3363089K(3587072K)
[24.149s][info][gc,metaspace   ] GC(202) Metaspace: 6298K(6464K)->6298K(6464K) NonClass: 5765K(5824K)->5765K(5824K) Class: 533K(640K)->533K(640K)
[24.149s][info][gc             ] GC(202) Pause Young (Allocation Failure) 3423M->3423M(3721M) 94.839ms
[24.149s][info][gc,cpu         ] GC(202) User=0.52s Sys=0.00s Real=0.10s
[24.193s][info][gc,start       ] GC(203) Pause Young (Allocation Failure)
[24.285s][info][gc,heap        ] GC(203) PSYoungGen: 186720K(223744K)->137568K(232960K) Eden: 44032K(44032K)->0K(46080K) From: 142688K(179712K)->137568K(186880K)
[24.285s][info][gc,heap        ] GC(203) ParOldGen: 3363089K(3587072K)->3412681K(3587072K)
[24.285s][info][gc,metaspace   ] GC(203) Metaspace: 6298K(6464K)->6298K(6464K) NonClass: 5765K(5824K)->5765K(5824K) Class: 533K(640K)->533K(640K)
[24.285s][info][gc             ] GC(203) Pause Young (Allocation Failure) 3466M->3467M(3730M) 91.310ms
[24.285s][info][gc,cpu         ] GC(203) User=0.64s Sys=0.00s Real=0.09s
[24.332s][info][gc,start       ] GC(204) Pause Young (Allocation Failure)
[24.422s][info][gc,heap        ] GC(204) PSYoungGen: 183648K(232960K)->134464K(236544K) Eden: 46080K(46080K)->0K(46080K) From: 137568K(186880K)->134464K(190464K)
[24.422s][info][gc,heap        ] GC(204) ParOldGen: 3412681K(3587072K)->3462265K(3587072K)
[24.422s][info][gc,metaspace   ] GC(204) Metaspace: 6298K(6464K)->6298K(6464K) NonClass: 5765K(5824K)->5765K(5824K) Class: 533K(640K)->533K(640K)
[24.422s][info][gc             ] GC(204) Pause Young (Allocation Failure) 3512M->3512M(3734M) 90.151ms
[24.422s][info][gc,cpu         ] GC(204) User=0.58s Sys=0.05s Real=0.09s
[24.475s][info][gc,start       ] GC(205) Pause Young (Allocation Failure)
[24.566s][info][gc,heap        ] GC(205) PSYoungGen: 180544K(236544K)->92448K(234496K) Eden: 46080K(46080K)->0K(51712K) From: 134464K(190464K)->92448K(182784K)
[24.566s][info][gc,heap        ] GC(205) ParOldGen: 3462265K(3587072K)->3551089K(3587072K)
[24.566s][info][gc,metaspace   ] GC(205) Metaspace: 6298K(6464K)->6298K(6464K) NonClass: 5765K(5824K)->5765K(5824K) Class: 533K(640K)->533K(640K)
[24.566s][info][gc             ] GC(205) Pause Young (Allocation Failure) 3557M->3558M(3732M) 91.399ms
[24.566s][info][gc,cpu         ] GC(205) User=0.62s Sys=0.02s Real=0.09s
[24.566s][info][gc,start       ] GC(206) Pause Full (Ergonomics)
[24.566s][info][gc,phases,start] GC(206) Marking Phase
[25.389s][info][gc,phases      ] GC(206) Marking Phase 822.588ms
[25.389s][info][gc,phases,start] GC(206) Summary Phase
[25.389s][info][gc,phases      ] GC(206) Summary Phase 0.055ms
[25.389s][info][gc,phases,start] GC(206) Adjust Roots
[25.389s][info][gc,phases      ] GC(206) Adjust Roots 0.182ms
[25.389s][info][gc,phases,start] GC(206) Compaction Phase
[25.760s][info][gc,phases      ] GC(206) Compaction Phase 370.392ms
[25.760s][info][gc,phases,start] GC(206) Post Compact
[25.767s][info][gc,phases      ] GC(206) Post Compact 6.705ms
[25.768s][info][gc,heap        ] GC(206) PSYoungGen: 92448K(234496K)->53251K(239104K) Eden: 0K(51712K)->0K(56320K) From: 92448K(182784K)->53251K(182784K)
[25.768s][info][gc,heap        ] GC(206) ParOldGen: 3551089K(3587072K)->3587022K(3975168K)
[25.768s][info][gc,metaspace   ] GC(206) Metaspace: 6298K(6464K)->6298K(6464K) NonClass: 5765K(5824K)->5765K(5824K) Class: 533K(640K)->533K(640K)
[25.768s][info][gc             ] GC(206) Pause Full (Ergonomics) 3558M->3554M(4115M) 1201.551ms
[25.768s][info][gc,cpu         ] GC(206) User=8.84s Sys=0.02s Real=1.20s
[25.832s][info][gc,start       ] GC(207) Pause Young (Allocation Failure)
[26.035s][info][gc,heap        ] GC(207) PSYoungGen: 109571K(239104K)->56512K(243712K) Eden: 56320K(56320K)->0K(56320K) From: 53251K(182784K)->56512K(187392K)
[26.035s][info][gc,heap        ] GC(207) ParOldGen: 3587022K(3975168K)->3640798K(3975168K)
[26.035s][info][gc,metaspace   ] GC(207) Metaspace: 6298K(6464K)->6298K(6464K) NonClass: 5765K(5824K)->5765K(5824K) Class: 533K(640K)->533K(640K)
[26.035s][info][gc             ] GC(207) Pause Young (Allocation Failure) 3609M->3610M(4120M) 203.446ms
[26.035s][info][gc,cpu         ] GC(207) User=1.34s Sys=0.03s Real=0.20s
[26.098s][info][gc,start       ] GC(208) Pause Young (Allocation Failure)
[26.168s][info][gc,heap        ] GC(208) PSYoungGen: 112832K(243712K)->56544K(250368K) Eden: 56320K(56320K)->0K(61952K) From: 56512K(187392K)->56544K(188416K)
[26.168s][info][gc,heap        ] GC(208) ParOldGen: 3640798K(3975168K)->3697622K(3975168K)
[26.168s][info][gc,metaspace   ] GC(208) Metaspace: 6298K(6464K)->6298K(6464K) NonClass: 5765K(5824K)->5765K(5824K) Class: 533K(640K)->533K(640K)
[26.168s][info][gc             ] GC(208) Pause Young (Allocation Failure) 3665M->3666M(4126M) 70.631ms
[26.168s][info][gc,cpu         ] GC(208) User=0.31s Sys=0.08s Real=0.07s
[26.229s][info][gc,start       ] GC(209) Pause Young (Allocation Failure)
[26.298s][info][gc,heap        ] GC(209) PSYoungGen: 118496K(250368K)->62208K(250368K) Eden: 61952K(61952K)->0K(61952K) From: 56544K(188416K)->62208K(188416K)
[26.298s][info][gc,heap        ] GC(209) ParOldGen: 3697622K(3975168K)->3754446K(3975168K)
[26.298s][info][gc,metaspace   ] GC(209) Metaspace: 6298K(6464K)->6298K(6464K) NonClass: 5765K(5824K)->5765K(5824K) Class: 533K(640K)->533K(640K)
[26.298s][info][gc             ] GC(209) Pause Young (Allocation Failure) 3726M->3727M(4126M) 68.174ms
[26.298s][info][gc,cpu         ] GC(209) User=0.28s Sys=0.03s Real=0.07s
[26.366s][info][gc,start       ] GC(210) Pause Young (Allocation Failure)
[26.438s][info][gc,heap        ] GC(210) PSYoungGen: 124160K(250368K)->62208K(248320K) Eden: 61952K(61952K)->0K(68608K) From: 62208K(188416K)->62208K(179712K)
[26.438s][info][gc,heap        ] GC(210) ParOldGen: 3754446K(3975168K)->3816966K(3975168K)
[26.438s][info][gc,metaspace   ] GC(210) Metaspace: 6298K(6464K)->6298K(6464K) NonClass: 5765K(5824K)->5765K(5824K) Class: 533K(640K)->533K(640K)
[26.438s][info][gc             ] GC(210) Pause Young (Allocation Failure) 3787M->3788M(4124M) 72.600ms
[26.438s][info][gc,cpu         ] GC(210) User=0.30s Sys=0.00s Real=0.07s
[26.509s][info][gc,start       ] GC(211) Pause Young (Allocation Failure)
[26.583s][info][gc,heap        ] GC(211) PSYoungGen: 130816K(248320K)->68864K(251392K) Eden: 68608K(68608K)->0K(68608K) From: 62208K(179712K)->68864K(182784K)
[26.584s][info][gc,heap        ] GC(211) ParOldGen: 3816966K(3975168K)->3879478K(3975168K)
[26.584s][info][gc,metaspace   ] GC(211) Metaspace: 6298K(6464K)->6298K(6464K) NonClass: 5765K(5824K)->5765K(5824K) Class: 533K(640K)->533K(640K)
[26.584s][info][gc             ] GC(211) Pause Young (Allocation Failure) 3855M->3855M(4127M) 74.737ms
[26.584s][info][gc,cpu         ] GC(211) User=0.47s Sys=0.03s Real=0.08s
[26.584s][info][gc,start       ] GC(212) Pause Full (Ergonomics)
[26.584s][info][gc,phases,start] GC(212) Marking Phase
[27.496s][info][gc,phases      ] GC(212) Marking Phase 912.157ms
[27.496s][info][gc,phases,start] GC(212) Summary Phase
[27.496s][info][gc,phases      ] GC(212) Summary Phase 0.069ms
[27.496s][info][gc,phases,start] GC(212) Adjust Roots
[27.496s][info][gc,phases      ] GC(212) Adjust Roots 0.184ms
[27.496s][info][gc,phases,start] GC(212) Compaction Phase
[27.915s][info][gc,phases      ] GC(212) Compaction Phase 418.469ms
[27.915s][info][gc,phases,start] GC(212) Post Compact
[27.922s][info][gc,phases      ] GC(212) Post Compact 7.313ms
[27.923s][info][gc,heap        ] GC(212) PSYoungGen: 68864K(251392K)->0K(253440K) Eden: 0K(68608K)->0K(75776K) From: 68864K(182784K)->0K(177664K)
[27.923s][info][gc,heap        ] GC(212) ParOldGen: 3879478K(3975168K)->3945269K(4362752K)
[27.923s][info][gc,metaspace   ] GC(212) Metaspace: 6298K(6464K)->6298K(6464K) NonClass: 5765K(5824K)->5765K(5824K) Class: 533K(640K)->533K(640K)
[27.923s][info][gc             ] GC(212) Pause Full (Ergonomics) 3855M->3852M(4508M) 1339.746ms
[27.923s][info][gc,cpu         ] GC(212) User=9.48s Sys=0.03s Real=1.34s
[28.007s][info][gc,start       ] GC(213) Pause Young (Allocation Failure)
[28.062s][info][gc,heap        ] GC(213) PSYoungGen: 75776K(253440K)->76064K(253440K) Eden: 75776K(75776K)->0K(75776K) From: 0K(177664K)->76064K(177664K)
[28.062s][info][gc,heap        ] GC(213) ParOldGen: 3945269K(4362752K)->3945269K(4362752K)
[28.062s][info][gc,metaspace   ] GC(213) Metaspace: 6298K(6464K)->6298K(6464K) NonClass: 5765K(5824K)->5765K(5824K) Class: 533K(640K)->533K(640K)
[28.062s][info][gc             ] GC(213) Pause Young (Allocation Failure) 3926M->3927M(4508M) 55.089ms
[28.062s][info][gc,cpu         ] GC(213) User=0.16s Sys=0.00s Real=0.06s
[28.144s][info][gc,start       ] GC(214) Pause Young (Allocation Failure)
[28.228s][info][gc,heap        ] GC(214) PSYoungGen: 151840K(253440K)->151936K(238080K) Eden: 75776K(75776K)->0K(67072K) From: 76064K(177664K)->151936K(171008K)
[28.228s][info][gc,heap        ] GC(214) ParOldGen: 3945269K(4362752K)->3945269K(4362752K)
[28.228s][info][gc,metaspace   ] GC(214) Metaspace: 6298K(6464K)->6298K(6464K) NonClass: 5765K(5824K)->5765K(5824K) Class: 533K(640K)->533K(640K)
[28.228s][info][gc             ] GC(214) Pause Young (Allocation Failure) 4001M->4001M(4493M) 83.903ms
[28.228s][info][gc,cpu         ] GC(214) User=0.42s Sys=0.00s Real=0.08s
[28.304s][info][gc,start       ] GC(215) Pause Young (Allocation Failure)
[28.411s][info][gc,heap        ] GC(215) PSYoungGen: 219008K(238080K)->186368K(253440K) Eden: 67072K(67072K)->0K(67072K) From: 151936K(171008K)->186368K(186368K)
[28.411s][info][gc,heap        ] GC(215) ParOldGen: 3945269K(4362752K)->3978149K(4362752K)
[28.411s][info][gc,metaspace   ] GC(215) Metaspace: 6298K(6464K)->6298K(6464K) NonClass: 5765K(5824K)->5765K(5824K) Class: 533K(640K)->533K(640K)
[28.411s][info][gc             ] GC(215) Pause Young (Allocation Failure) 4066M->4066M(4508M) 107.317ms
[28.411s][info][gc,cpu         ] GC(215) User=0.77s Sys=0.00s Real=0.11s
[28.479s][info][gc,start       ] GC(216) Pause Young (Allocation Failure)
[28.609s][info][gc,heap        ] GC(216) PSYoungGen: 253440K(253440K)->128160K(289792K) Eden: 67072K(67072K)->0K(74240K) From: 186368K(186368K)->128160K(215552K)
[28.609s][info][gc,heap        ] GC(216) ParOldGen: 3978149K(4362752K)->4104613K(4362752K)
[28.609s][info][gc,metaspace   ] GC(216) Metaspace: 6298K(6464K)->6298K(6464K) NonClass: 5765K(5824K)->5765K(5824K) Class: 533K(640K)->533K(640K)
[28.609s][info][gc             ] GC(216) Pause Young (Allocation Failure) 4132M->4133M(4543M) 130.244ms
[28.609s][info][gc,cpu         ] GC(216) User=0.84s Sys=0.05s Real=0.13s
[28.695s][info][gc,start       ] GC(217) Pause Young (Allocation Failure)
[28.797s][info][gc,heap        ] GC(217) PSYoungGen: 202400K(289792K)->141664K(293376K) Eden: 74240K(74240K)->0K(74240K) From: 128160K(215552K)->141664K(219136K)
[28.798s][info][gc,heap        ] GC(217) ParOldGen: 4104613K(4362752K)->4165861K(4362752K)
[28.798s][info][gc,metaspace   ] GC(217) Metaspace: 6298K(6464K)->6298K(6464K) NonClass: 5765K(5824K)->5765K(5824K) Class: 533K(640K)->533K(640K)
[28.798s][info][gc             ] GC(217) Pause Young (Allocation Failure) 4206M->4206M(4547M) 102.884ms
[28.798s][info][gc,cpu         ] GC(217) User=0.72s Sys=0.03s Real=0.10s
[28.887s][info][gc,start       ] GC(218) Pause Young (Allocation Failure)
[28.996s][info][gc,heap        ] GC(218) PSYoungGen: 215904K(293376K)->148864K(300032K) Eden: 74240K(74240K)->0K(79872K) From: 141664K(219136K)->148864K(220160K)
[28.996s][info][gc,heap        ] GC(218) ParOldGen: 4165861K(4362752K)->4233541K(4362752K)
[28.996s][info][gc,metaspace   ] GC(218) Metaspace: 6298K(6464K)->6298K(6464K) NonClass: 5765K(5824K)->5765K(5824K) Class: 533K(640K)->533K(640K)
[28.996s][info][gc             ] GC(218) Pause Young (Allocation Failure) 4279M->4279M(4553M) 109.361ms
[28.996s][info][gc,cpu         ] GC(218) User=0.73s Sys=0.03s Real=0.11s
[29.083s][info][gc,start       ] GC(219) Pause Young (Allocation Failure)
[29.213s][info][gc,heap        ] GC(219) PSYoungGen: 228736K(300032K)->154528K(302592K) Eden: 79872K(79872K)->0K(79872K) From: 148864K(220160K)->154528K(222720K)
[29.213s][info][gc,heap        ] GC(219) ParOldGen: 4233541K(4362752K)->4308453K(4362752K)
[29.213s][info][gc,metaspace   ] GC(219) Metaspace: 6298K(6464K)->6298K(6464K) NonClass: 5765K(5824K)->5765K(5824K) Class: 533K(640K)->533K(640K)
[29.213s][info][gc             ] GC(219) Pause Young (Allocation Failure) 4357M->4358M(4556M) 129.853ms
[29.213s][info][gc,cpu         ] GC(219) User=0.86s Sys=0.02s Real=0.13s
[29.213s][info][gc,start       ] GC(220) Pause Full (Ergonomics)
[29.213s][info][gc,phases,start] GC(220) Marking Phase
[30.241s][info][gc,phases      ] GC(220) Marking Phase 1028.142ms
[30.241s][info][gc,phases,start] GC(220) Summary Phase
[30.241s][info][gc,phases      ] GC(220) Summary Phase 0.056ms
[30.241s][info][gc,phases,start] GC(220) Adjust Roots
[30.242s][info][gc,phases      ] GC(220) Adjust Roots 0.168ms
[30.242s][info][gc,phases,start] GC(220) Compaction Phase
[30.685s][info][gc,phases      ] GC(220) Compaction Phase 443.592ms
[30.685s][info][gc,phases,start] GC(220) Post Compact
[30.692s][info][gc,phases      ] GC(220) Post Compact 6.900ms
[30.694s][info][gc,heap        ] GC(220) PSYoungGen: 154528K(302592K)->96806K(302592K) Eden: 0K(79872K)->0K(79872K) From: 154528K(222720K)->96806K(222720K)
[30.694s][info][gc,heap        ] GC(220) ParOldGen: 4308453K(4362752K)->4362295K(4830720K)
[30.694s][info][gc,metaspace   ] GC(220) Metaspace: 6298K(6464K)->6298K(6464K) NonClass: 5765K(5824K)->5765K(5824K) Class: 533K(640K)->533K(640K)
[30.694s][info][gc             ] GC(220) Pause Full (Ergonomics) 4358M->4354M(5013M) 1480.862ms
[30.694s][info][gc,cpu         ] GC(220) User=10.94s Sys=0.12s Real=1.48s
[30.785s][info][gc,start       ] GC(221) Pause Young (Allocation Failure)
[31.094s][info][gc,heap        ] GC(221) PSYoungGen: 176678K(302592K)->136448K(303104K) Eden: 79872K(79872K)->0K(87552K) From: 96806K(222720K)->136448K(215552K)
[31.094s][info][gc,heap        ] GC(221) ParOldGen: 4362295K(4830720K)->4403343K(4830720K)
[31.094s][info][gc,metaspace   ] GC(221) Metaspace: 6298K(6464K)->6298K(6464K) NonClass: 5765K(5824K)->5765K(5824K) Class: 533K(640K)->533K(640K)
[31.094s][info][gc             ] GC(221) Pause Young (Allocation Failure) 4432M->4433M(5013M) 308.287ms
[31.094s][info][gc,cpu         ] GC(221) User=2.02s Sys=0.02s Real=0.31s
[31.198s][info][gc,start       ] GC(222) Pause Young (Allocation Failure)
[31.332s][info][gc,heap        ] GC(222) PSYoungGen: 224000K(303104K)->221696K(309248K) Eden: 87552K(87552K)->0K(87552K) From: 136448K(215552K)->221696K(221696K)
[31.332s][info][gc,heap        ] GC(222) ParOldGen: 4403343K(4830720K)->4405727K(4830720K)
[31.332s][info][gc,metaspace   ] GC(222) Metaspace: 6298K(6464K)->6298K(6464K) NonClass: 5765K(5824K)->5765K(5824K) Class: 533K(640K)->533K(640K)
[31.332s][info][gc             ] GC(222) Pause Young (Allocation Failure) 4518M->4518M(5019M) 134.398ms
[31.332s][info][gc,cpu         ] GC(222) User=0.91s Sys=0.00s Real=0.13s
[31.422s][info][gc,start       ] GC(223) Pause Young (Allocation Failure)
[31.607s][info][gc,heap        ] GC(223) PSYoungGen: 309248K(309248K)->174272K(342528K) Eden: 87552K(87552K)->0K(92672K) From: 221696K(221696K)->174272K(249856K)
[31.607s][info][gc,heap        ] GC(223) ParOldGen: 4405727K(4830720K)->4541983K(4830720K)
[31.607s][info][gc,metaspace   ] GC(223) Metaspace: 6298K(6464K)->6298K(6464K) NonClass: 5765K(5824K)->5765K(5824K) Class: 533K(640K)->533K(640K)
[31.607s][info][gc             ] GC(223) Pause Young (Allocation Failure) 4604M->4605M(5052M) 184.803ms
[31.607s][info][gc,cpu         ] GC(223) User=1.28s Sys=0.12s Real=0.18s
[31.721s][info][gc,start       ] GC(224) Pause Young (Allocation Failure)
[31.875s][info][gc,heap        ] GC(224) PSYoungGen: 266944K(342528K)->180640K(346112K) Eden: 92672K(92672K)->0K(92672K) From: 174272K(249856K)->180640K(253440K)
[31.875s][info][gc,heap        ] GC(224) ParOldGen: 4541983K(4830720K)->4629015K(4830720K)
[31.875s][info][gc,metaspace   ] GC(224) Metaspace: 6298K(6464K)->6298K(6464K) NonClass: 5765K(5824K)->5765K(5824K) Class: 533K(640K)->533K(640K)
[31.875s][info][gc             ] GC(224) Pause Young (Allocation Failure) 4696M->4696M(5055M) 154.534ms
[31.875s][info][gc,cpu         ] GC(224) User=1.19s Sys=0.06s Real=0.16s
[31.979s][info][gc,start       ] GC(225) Pause Young (Allocation Failure)
[32.136s][info][gc,heap        ] GC(225) PSYoungGen: 273312K(346112K)->185856K(355840K) Eden: 92672K(92672K)->0K(97792K) From: 180640K(253440K)->185856K(258048K)
[32.136s][info][gc,heap        ] GC(225) ParOldGen: 4629015K(4830720K)->4717367K(4830720K)
[32.136s][info][gc,metaspace   ] GC(225) Metaspace: 6298K(6464K)->6298K(6464K) NonClass: 5765K(5824K)->5765K(5824K) Class: 533K(640K)->533K(640K)
[32.136s][info][gc             ] GC(225) Pause Young (Allocation Failure) 4787M->4788M(5065M) 157.496ms
[32.136s][info][gc,cpu         ] GC(225) User=0.89s Sys=0.05s Real=0.16s
[32.136s][info][gc,start       ] GC(226) Pause Full (Ergonomics)
[32.136s][info][gc,phases,start] GC(226) Marking Phase
[33.256s][info][gc,phases      ] GC(226) Marking Phase 1119.928ms
[33.256s][info][gc,phases,start] GC(226) Summary Phase
[33.256s][info][gc,phases      ] GC(226) Summary Phase 0.064ms
[33.256s][info][gc,phases,start] GC(226) Adjust Roots
[33.256s][info][gc,phases      ] GC(226) Adjust Roots 0.162ms
[33.256s][info][gc,phases,start] GC(226) Compaction Phase
[33.719s][info][gc,phases      ] GC(226) Compaction Phase 462.216ms
[33.719s][info][gc,phases,start] GC(226) Post Compact
[33.727s][info][gc,phases      ] GC(226) Post Compact 8.557ms
[33.729s][info][gc,heap        ] GC(226) PSYoungGen: 185856K(355840K)->68778K(355840K) Eden: 0K(97792K)->0K(97792K) From: 185856K(258048K)->68778K(258048K)
[33.729s][info][gc,heap        ] GC(226) ParOldGen: 4717367K(4830720K)->4830493K(5367808K)
[33.729s][info][gc,metaspace   ] GC(226) Metaspace: 6298K(6464K)->6298K(6464K) NonClass: 5765K(5824K)->5765K(5824K) Class: 533K(640K)->533K(640K)
[33.729s][info][gc             ] GC(226) Pause Full (Ergonomics) 4788M->4784M(5589M) 1593.238ms
[33.729s][info][gc,cpu         ] GC(226) User=12.09s Sys=0.05s Real=1.59s
[33.833s][info][gc,start       ] GC(227) Pause Young (Allocation Failure)
[34.164s][info][gc,heap        ] GC(227) PSYoungGen: 166570K(355840K)->137024K(235008K) Eden: 97792K(97792K)->0K(97792K) From: 68778K(258048K)->137024K(137216K)
[34.164s][info][gc,heap        ] GC(227) ParOldGen: 4830493K(5367808K)->4860757K(5367808K)
[34.164s][info][gc,metaspace   ] GC(227) Metaspace: 6298K(6464K)->6298K(6464K) NonClass: 5765K(5824K)->5765K(5824K) Class: 533K(640K)->533K(640K)
[34.164s][info][gc             ] GC(227) Pause Young (Allocation Failure) 4879M->4880M(5471M) 330.875ms
[34.164s][info][gc,cpu         ] GC(227) User=2.08s Sys=0.02s Real=0.33s
[34.280s][info][gc,start       ] GC(228) Pause Young (Allocation Failure)
[34.417s][info][gc,heap        ] GC(228) PSYoungGen: 234816K(235008K)->235040K(337408K) Eden: 97792K(97792K)->0K(84480K) From: 137024K(137216K)->235040K(252928K)
[34.417s][info][gc,heap        ] GC(228) ParOldGen: 4860757K(5367808K)->4860757K(5367808K)
[34.417s][info][gc,metaspace   ] GC(228) Metaspace: 6298K(6464K)->6298K(6464K) NonClass: 5765K(5824K)->5765K(5824K) Class: 533K(640K)->533K(640K)
[34.417s][info][gc             ] GC(228) Pause Young (Allocation Failure) 4976M->4976M(5571M) 136.530ms
[34.417s][info][gc,cpu         ] GC(228) User=0.88s Sys=0.02s Real=0.14s
[34.519s][info][gc,start       ] GC(229) Pause Young (Allocation Failure)
[34.699s][info][gc,heap        ] GC(229) PSYoungGen: 319520K(337408K)->275456K(359936K) Eden: 84480K(84480K)->0K(84480K) From: 235040K(252928K)->275456K(275456K)
[34.699s][info][gc,heap        ] GC(229) ParOldGen: 4860757K(5367808K)->4905173K(5367808K)
[34.699s][info][gc,metaspace   ] GC(229) Metaspace: 6298K(6464K)->6298K(6464K) NonClass: 5765K(5824K)->5765K(5824K) Class: 533K(640K)->533K(640K)
[34.699s][info][gc             ] GC(229) Pause Young (Allocation Failure) 5058M->5059M(5593M) 180.405ms
[34.699s][info][gc,cpu         ] GC(229) User=1.23s Sys=0.03s Real=0.18s
[34.794s][info][gc,start       ] GC(230) Pause Young (Allocation Failure)
[34.999s][info][gc,heap        ] GC(230) PSYoungGen: 359936K(359936K)->246752K(406016K) Eden: 84480K(84480K)->0K(80896K) From: 275456K(275456K)->246752K(325120K)
[34.999s][info][gc,heap        ] GC(230) ParOldGen: 4905173K(5367808K)->5019453K(5367808K)
[34.999s][info][gc,metaspace   ] GC(230) Metaspace: 6298K(6464K)->6298K(6464K) NonClass: 5765K(5824K)->5765K(5824K) Class: 533K(640K)->533K(640K)
[34.999s][info][gc             ] GC(230) Pause Young (Allocation Failure) 5141M->5142M(5638M) 205.390ms
[34.999s][info][gc,cpu         ] GC(230) User=1.25s Sys=0.14s Real=0.20s
[35.096s][info][gc,start       ] GC(231) Pause Young (Allocation Failure)
[35.289s][info][gc,heap        ] GC(231) PSYoungGen: 327648K(406016K)->241728K(418816K) Eden: 80896K(80896K)->0K(80896K) From: 246752K(325120K)->241728K(337920K)
[35.289s][info][gc,heap        ] GC(231) ParOldGen: 5019453K(5367808K)->5106141K(5367808K)
[35.289s][info][gc,metaspace   ] GC(231) Metaspace: 6298K(6464K)->6298K(6464K) NonClass: 5765K(5824K)->5765K(5824K) Class: 533K(640K)->533K(640K)
[35.289s][info][gc             ] GC(231) Pause Young (Allocation Failure) 5221M->5222M(5651M) 193.570ms
[35.289s][info][gc,cpu         ] GC(231) User=1.45s Sys=0.03s Real=0.19s
[35.376s][info][gc,start       ] GC(232) Pause Young (Allocation Failure)
[35.567s][info][gc,heap        ] GC(232) PSYoungGen: 322624K(418816K)->246816K(429056K) Eden: 80896K(80896K)->0K(83456K) From: 241728K(337920K)->246816K(345600K)
[35.567s][info][gc,heap        ] GC(232) ParOldGen: 5106141K(5367808K)->5182621K(5367808K)
[35.567s][info][gc,metaspace   ] GC(232) Metaspace: 6298K(6464K)->6298K(6464K) NonClass: 5765K(5824K)->5765K(5824K) Class: 533K(640K)->533K(640K)
[35.567s][info][gc             ] GC(232) Pause Young (Allocation Failure) 5301M->5302M(5661M) 191.390ms
[35.567s][info][gc,cpu         ] GC(232) User=1.38s Sys=0.12s Real=0.19s
[35.665s][info][gc,start       ] GC(233) Pause Young (Allocation Failure)
[35.868s][info][gc,heap        ] GC(233) PSYoungGen: 330272K(429056K)->164768K(248320K) Eden: 83456K(83456K)->0K(83456K) From: 246816K(345600K)->164768K(164864K)
[35.868s][info][gc,heap        ] GC(233) ParOldGen: 5182621K(5367808K)->5349485K(5367808K)
[35.868s][info][gc,metaspace   ] GC(233) Metaspace: 6298K(6464K)->6298K(6464K) NonClass: 5765K(5824K)->5765K(5824K) Class: 533K(640K)->533K(640K)
[35.868s][info][gc             ] GC(233) Pause Young (Allocation Failure) 5383M->5385M(5484M) 202.893ms
[35.868s][info][gc,cpu         ] GC(233) User=1.16s Sys=0.19s Real=0.20s
[35.868s][info][gc,start       ] GC(234) Pause Full (Ergonomics)
[35.868s][info][gc,phases,start] GC(234) Marking Phase
[37.162s][info][gc,phases      ] GC(234) Marking Phase 1294.026ms
[37.162s][info][gc,phases,start] GC(234) Summary Phase
[37.162s][info][gc,phases      ] GC(234) Summary Phase 0.075ms
[37.163s][info][gc,phases,start] GC(234) Adjust Roots
[37.163s][info][gc,phases      ] GC(234) Adjust Roots 0.224ms
[37.163s][info][gc,phases,start] GC(234) Compaction Phase
[37.690s][info][gc,phases      ] GC(234) Compaction Phase 527.433ms
[37.690s][info][gc,phases,start] GC(234) Post Compact
[37.700s][info][gc,phases      ] GC(234) Post Compact 9.474ms
[37.702s][info][gc,heap        ] GC(234) PSYoungGen: 164768K(248320K)->141292K(248320K) Eden: 0K(83456K)->0K(83456K) From: 164768K(164864K)->141292K(164864K)
[37.702s][info][gc,heap        ] GC(234) ParOldGen: 5349485K(5367808K)->5367559K(5975040K)
[37.702s][info][gc,metaspace   ] GC(234) Metaspace: 6298K(6464K)->6298K(6464K) NonClass: 5765K(5824K)->5765K(5824K) Class: 533K(640K)->533K(640K)
[37.702s][info][gc             ] GC(234) Pause Full (Ergonomics) 5385M->5379M(6077M) 1833.846ms
[37.702s][info][gc,cpu         ] GC(234) User=13.80s Sys=0.02s Real=1.83s
[37.794s][info][gc,start       ] GC(235) Pause Young (Allocation Failure)
[38.172s][info][gc,heap        ] GC(235) PSYoungGen: 224748K(248320K)->83744K(433152K) Eden: 83456K(83456K)->0K(92160K) From: 141292K(164864K)->83744K(340992K)
[38.172s][info][gc,heap        ] GC(235) ParOldGen: 5367559K(5975040K)->5510207K(5975040K)
[38.172s][info][gc,metaspace   ] GC(235) Metaspace: 6298K(6464K)->6298K(6464K) NonClass: 5765K(5824K)->5765K(5824K) Class: 533K(640K)->533K(640K)
[38.172s][info][gc             ] GC(235) Pause Young (Allocation Failure) 5461M->5462M(6258M) 377.725ms
[38.172s][info][gc,cpu         ] GC(235) User=2.34s Sys=0.08s Real=0.38s
[38.278s][info][gc,start       ] GC(236) Pause Young (Allocation Failure)
[38.389s][info][gc,heap        ] GC(236) PSYoungGen: 175904K(433152K)->92448K(435200K) Eden: 92160K(92160K)->0K(92160K) From: 83744K(340992K)->92448K(343040K)
[38.389s][info][gc,heap        ] GC(236) ParOldGen: 5510207K(5975040K)->5594431K(5975040K)
[38.389s][info][gc,metaspace   ] GC(236) Metaspace: 6298K(6464K)->6298K(6464K) NonClass: 5765K(5824K)->5765K(5824K) Class: 533K(640K)->533K(640K)
[38.389s][info][gc             ] GC(236) Pause Young (Allocation Failure) 5552M->5553M(6260M) 110.450ms
[38.389s][info][gc,cpu         ] GC(236) User=0.73s Sys=0.00s Real=0.11s
[39.577s][info][gc,start       ] GC(237) Pause Full (Ergonomics)
[39.577s][info][gc,phases,start] GC(237) Marking Phase
[40.909s][info][gc,phases      ] GC(237) Marking Phase 1332.178ms
[40.910s][info][gc,phases,start] GC(237) Summary Phase
[40.910s][info][gc,phases      ] GC(237) Summary Phase 0.142ms
[40.910s][info][gc,phases,start] GC(237) Adjust Roots
[40.910s][info][gc,phases      ] GC(237) Adjust Roots 0.221ms
[40.910s][info][gc,phases,start] GC(237) Compaction Phase
[41.847s][info][gc,phases      ] GC(237) Compaction Phase 937.442ms
[41.847s][info][gc,phases,start] GC(237) Post Compact
[41.857s][info][gc,phases      ] GC(237) Post Compact 9.975ms
[41.859s][info][gc,heap        ] GC(237) PSYoungGen: 184608K(435200K)->0K(442880K) Eden: 92160K(92160K)->0K(101888K) From: 92448K(343040K)->0K(340992K)
[41.860s][info][gc,heap        ] GC(237) ParOldGen: 5856575K(5975040K)->5907610K(6567424K)
[41.860s][info][gc,metaspace   ] GC(237) Metaspace: 6298K(6464K)->6298K(6464K) NonClass: 5765K(5824K)->5765K(5824K) Class: 533K(640K)->533K(640K)
[41.860s][info][gc             ] GC(237) Pause Full (Ergonomics) 5899M->5769M(6846M) 2282.293ms
[41.860s][info][gc,cpu         ] GC(237) User=15.91s Sys=0.12s Real=2.28s
[41.969s][info][gc,start       ] GC(238) Pause Young (Allocation Failure)
[42.064s][info][gc,heap        ] GC(238) PSYoungGen: 101888K(442880K)->102240K(442880K) Eden: 101888K(101888K)->0K(101888K) From: 0K(340992K)->102240K(340992K)
[42.064s][info][gc,heap        ] GC(238) ParOldGen: 5907610K(6567424K)->5907610K(6567424K)
[42.064s][info][gc,metaspace   ] GC(238) Metaspace: 6298K(6464K)->6298K(6464K) NonClass: 5765K(5824K)->5765K(5824K) Class: 533K(640K)->533K(640K)
[42.064s][info][gc             ] GC(238) Pause Young (Allocation Failure) 5868M->5868M(6846M) 94.393ms
[42.064s][info][gc,cpu         ] GC(238) User=0.23s Sys=0.00s Real=0.09s
[42.178s][info][gc,start       ] GC(239) Pause Young (Allocation Failure)
[42.304s][info][gc,heap        ] GC(239) PSYoungGen: 204128K(442880K)->204320K(442880K) Eden: 101888K(101888K)->0K(111104K) From: 102240K(340992K)->204320K(331776K)
[42.304s][info][gc,heap        ] GC(239) ParOldGen: 5907610K(6567424K)->5907610K(6567424K)
[42.304s][info][gc,metaspace   ] GC(239) Metaspace: 6298K(6464K)->6298K(6464K) NonClass: 5765K(5824K)->5765K(5824K) Class: 533K(640K)->533K(640K)
[42.304s][info][gc             ] GC(239) Pause Young (Allocation Failure) 5968M->5968M(6846M) 126.191ms
[42.304s][info][gc,cpu         ] GC(239) User=0.36s Sys=0.00s Real=0.13s
[42.425s][info][gc,start       ] GC(240) Pause Young (Allocation Failure)
[42.584s][info][gc,heap        ] GC(240) PSYoungGen: 315424K(442880K)->315552K(444416K) Eden: 111104K(111104K)->0K(111104K) From: 204320K(331776K)->315552K(333312K)
[42.584s][info][gc,heap        ] GC(240) ParOldGen: 5907610K(6567424K)->5907610K(6567424K)
[42.584s][info][gc,metaspace   ] GC(240) Metaspace: 6298K(6464K)->6298K(6464K) NonClass: 5765K(5824K)->5765K(5824K) Class: 533K(640K)->533K(640K)
[42.584s][info][gc             ] GC(240) Pause Young (Allocation Failure) 6077M->6077M(6847M) 158.549ms
[42.584s][info][gc,cpu         ] GC(240) User=0.72s Sys=0.00s Real=0.16s
[42.705s][info][gc,start       ] GC(241) Pause Young (Allocation Failure)
[42.910s][info][gc,heap        ] GC(241) PSYoungGen: 426656K(444416K)->372224K(422400K) Eden: 111104K(111104K)->0K(50176K) From: 315552K(333312K)->372224K(372224K)
[42.910s][info][gc,heap        ] GC(241) ParOldGen: 5907610K(6567424K)->5962562K(6567424K)
[42.910s][info][gc,metaspace   ] GC(241) Metaspace: 6298K(6464K)->6298K(6464K) NonClass: 5765K(5824K)->5765K(5824K) Class: 533K(640K)->533K(640K)
[42.910s][info][gc             ] GC(241) Pause Young (Allocation Failure) 6185M->6186M(6826M) 204.637ms
[42.910s][info][gc,cpu         ] GC(241) User=1.50s Sys=0.12s Real=0.20s
[42.968s][info][gc,start       ] GC(242) Pause Young (Allocation Failure)
[43.174s][info][gc,heap        ] GC(242) PSYoungGen: 422400K(422400K)->239776K(290304K) Eden: 50176K(50176K)->0K(50176K) From: 372224K(372224K)->239776K(240128K)
[43.174s][info][gc,heap        ] GC(242) ParOldGen: 5962562K(6567424K)->6146674K(6567424K)
[43.174s][info][gc,metaspace   ] GC(242) Metaspace: 6298K(6464K)->6298K(6464K) NonClass: 5765K(5824K)->5765K(5824K) Class: 533K(640K)->533K(640K)
[43.174s][info][gc             ] GC(242) Pause Young (Allocation Failure) 6235M->6236M(6697M) 205.950ms
[43.174s][info][gc,cpu         ] GC(242) User=1.31s Sys=0.16s Real=0.20s
[43.228s][info][gc,start       ] GC(243) Pause Young (Allocation Failure)
[43.381s][info][gc,heap        ] GC(243) PSYoungGen: 289952K(290304K)->199104K(449024K) Eden: 50176K(50176K)->0K(56832K) From: 239776K(240128K)->199104K(392192K)
[43.381s][info][gc,heap        ] GC(243) ParOldGen: 6146674K(6567424K)->6238218K(6567424K)
[43.382s][info][gc,metaspace   ] GC(243) Metaspace: 6298K(6464K)->6298K(6464K) NonClass: 5765K(5824K)->5765K(5824K) Class: 533K(640K)->533K(640K)
[43.382s][info][gc             ] GC(243) Pause Young (Allocation Failure) 6285M->6286M(6852M) 153.754ms
[43.382s][info][gc,cpu         ] GC(243) User=0.77s Sys=0.03s Real=0.15s
[43.449s][info][gc,start       ] GC(244) Pause Young (Allocation Failure)
[43.593s][info][gc,heap        ] GC(244) PSYoungGen: 255936K(449024K)->107328K(468992K) Eden: 56832K(56832K)->0K(56832K) From: 199104K(392192K)->107328K(412160K)
[43.593s][info][gc,heap        ] GC(244) ParOldGen: 6238218K(6567424K)->6388034K(6567424K)
[43.593s][info][gc,metaspace   ] GC(244) Metaspace: 6298K(6464K)->6298K(6464K) NonClass: 5765K(5824K)->5765K(5824K) Class: 533K(640K)->533K(640K)
[43.593s][info][gc             ] GC(244) Pause Young (Allocation Failure) 6341M->6343M(6871M) 144.110ms
[43.593s][info][gc,cpu         ] GC(244) User=0.59s Sys=0.03s Real=0.14s
[43.593s][info][gc,start       ] GC(245) Pause Full (Ergonomics)
[43.593s][info][gc,phases,start] GC(245) Marking Phase
[45.092s][info][gc,phases      ] GC(245) Marking Phase 1498.383ms
[45.092s][info][gc,phases,start] GC(245) Summary Phase
[45.092s][info][gc,phases      ] GC(245) Summary Phase 0.115ms
[45.092s][info][gc,phases,start] GC(245) Adjust Roots
[45.092s][info][gc,phases      ] GC(245) Adjust Roots 0.257ms
[45.092s][info][gc,phases,start] GC(245) Compaction Phase
[45.805s][info][gc,phases      ] GC(245) Compaction Phase 713.125ms
[45.805s][info][gc,phases,start] GC(245) Post Compact
[45.815s][info][gc,phases      ] GC(245) Post Compact 9.640ms
[45.817s][info][gc,heap        ] GC(245) PSYoungGen: 107328K(468992K)->0K(473600K) Eden: 0K(56832K)->0K(64512K) From: 107328K(412160K)->0K(409088K)
[45.817s][info][gc,heap        ] GC(245) ParOldGen: 6388034K(6567424K)->6490558K(7221760K)
[45.817s][info][gc,metaspace   ] GC(245) Metaspace: 6298K(6464K)->6298K(6464K) NonClass: 5765K(5824K)->5765K(5824K) Class: 533K(640K)->533K(640K)
[45.817s][info][gc             ] GC(245) Pause Full (Ergonomics) 6343M->6338M(7515M) 2223.919ms
[45.817s][info][gc,cpu         ] GC(245) User=15.84s Sys=0.11s Real=2.22s
[45.891s][info][gc,start       ] GC(246) Pause Young (Allocation Failure)
[45.974s][info][gc,heap        ] GC(246) PSYoungGen: 64512K(473600K)->64768K(473600K) Eden: 64512K(64512K)->0K(64512K) From: 0K(409088K)->64768K(409088K)
[45.975s][info][gc,heap        ] GC(246) ParOldGen: 6490558K(7221760K)->6490558K(7221760K)
[45.975s][info][gc,metaspace   ] GC(246) Metaspace: 6298K(6464K)->6298K(6464K) NonClass: 5765K(5824K)->5765K(5824K) Class: 533K(640K)->533K(640K)
[45.975s][info][gc             ] GC(246) Pause Young (Allocation Failure) 6401M->6401M(7515M) 83.922ms
[45.975s][info][gc,cpu         ] GC(246) User=0.20s Sys=0.00s Real=0.08s
[46.041s][info][gc,start       ] GC(247) Pause Young (Allocation Failure)
[46.154s][info][gc,heap        ] GC(247) PSYoungGen: 129280K(473600K)->129376K(456192K) Eden: 64512K(64512K)->0K(71680K) From: 64768K(409088K)->129376K(384512K)
[46.154s][info][gc,heap        ] GC(247) ParOldGen: 6490558K(7221760K)->6490558K(7221760K)
[46.154s][info][gc,metaspace   ] GC(247) Metaspace: 6298K(6464K)->6298K(6464K) NonClass: 5765K(5824K)->5765K(5824K) Class: 533K(640K)->533K(640K)
[46.154s][info][gc             ] GC(247) Pause Young (Allocation Failure) 6464M->6464M(7498M) 112.660ms
[46.154s][info][gc,cpu         ] GC(247) User=0.30s Sys=0.00s Real=0.11s
[46.239s][info][gc,start       ] GC(248) Pause Young (Allocation Failure)
[46.368s][info][gc,heap        ] GC(248) PSYoungGen: 201056K(456192K)->136512K(208384K) Eden: 71680K(71680K)->0K(71680K) From: 129376K(384512K)->136512K(136704K)
[46.368s][info][gc,heap        ] GC(248) ParOldGen: 6490558K(7221760K)->6555646K(7221760K)
[46.369s][info][gc,metaspace   ] GC(248) Metaspace: 6298K(6464K)->6298K(6464K) NonClass: 5765K(5824K)->5765K(5824K) Class: 533K(640K)->533K(640K)
[46.369s][info][gc             ] GC(248) Pause Young (Allocation Failure) 6534M->6535M(7256M) 129.742ms
[46.369s][info][gc,cpu         ] GC(248) User=0.45s Sys=0.05s Real=0.13s
[46.454s][info][gc,start       ] GC(249) Pause Young (Allocation Failure)
[46.583s][info][gc,heap        ] GC(249) PSYoungGen: 208192K(208384K)->143712K(432128K) Eden: 71680K(71680K)->0K(79872K) From: 136512K(136704K)->143712K(352256K)
[46.584s][info][gc,heap        ] GC(249) ParOldGen: 6555646K(7221760K)->6620742K(7221760K)
[46.584s][info][gc,metaspace   ] GC(249) Metaspace: 6298K(6464K)->6298K(6464K) NonClass: 5765K(5824K)->5765K(5824K) Class: 533K(640K)->533K(640K)
[46.584s][info][gc             ] GC(249) Pause Young (Allocation Failure) 6605M->6605M(7474M) 129.775ms
[46.584s][info][gc,cpu         ] GC(249) User=0.45s Sys=0.06s Real=0.13s
[46.667s][info][gc,start       ] GC(250) Pause Young (Allocation Failure)
[46.804s][info][gc,heap        ] GC(250) PSYoungGen: 223584K(432128K)->151968K(231936K) Eden: 79872K(79872K)->0K(79872K) From: 143712K(352256K)->151968K(152064K)
[46.804s][info][gc,heap        ] GC(250) ParOldGen: 6620742K(7221760K)->6693062K(7221760K)
[46.804s][info][gc,metaspace   ] GC(250) Metaspace: 6298K(6464K)->6298K(6464K) NonClass: 5765K(5824K)->5765K(5824K) Class: 533K(640K)->533K(640K)
[46.804s][info][gc             ] GC(250) Pause Young (Allocation Failure) 6683M->6684M(7279M) 136.813ms
[46.804s][info][gc,cpu         ] GC(250) User=0.53s Sys=0.05s Real=0.14s
[46.897s][info][gc,start       ] GC(251) Pause Young (Allocation Failure)
[47.032s][info][gc,heap        ] GC(251) PSYoungGen: 231840K(231936K)->160192K(408064K) Eden: 79872K(79872K)->0K(89600K) From: 151968K(152064K)->160192K(318464K)
[47.032s][info][gc,heap        ] GC(251) ParOldGen: 6693062K(7221760K)->6765382K(7221760K)
[47.032s][info][gc,metaspace   ] GC(251) Metaspace: 6298K(6464K)->6298K(6464K) NonClass: 5765K(5824K)->5765K(5824K) Class: 533K(640K)->533K(640K)
[47.032s][info][gc             ] GC(251) Pause Young (Allocation Failure) 6762M->6763M(7451M) 135.238ms
[47.032s][info][gc,cpu         ] GC(251) User=0.58s Sys=0.02s Real=0.14s
[47.130s][info][gc,start       ] GC(252) Pause Young (Allocation Failure)
[47.272s][info][gc,heap        ] GC(252) PSYoungGen: 249792K(408064K)->169888K(259584K) Eden: 89600K(89600K)->0K(89600K) From: 160192K(318464K)->169888K(169984K)
[47.272s][info][gc,heap        ] GC(252) ParOldGen: 6765382K(7221760K)->6845966K(7221760K)
[47.272s][info][gc,metaspace   ] GC(252) Metaspace: 6298K(6464K)->6298K(6464K) NonClass: 5765K(5824K)->5765K(5824K) Class: 533K(640K)->533K(640K)
[47.272s][info][gc             ] GC(252) Pause Young (Allocation Failure) 6850M->6851M(7306M) 142.113ms
[47.272s][info][gc,cpu         ] GC(252) User=0.55s Sys=0.05s Real=0.14s
[47.365s][info][gc,start       ] GC(253) Pause Young (Allocation Failure)
[47.515s][info][gc,heap        ] GC(253) PSYoungGen: 259488K(259584K)->179680K(397312K) Eden: 89600K(89600K)->0K(100352K) From: 169888K(169984K)->179680K(296960K)
[47.515s][info][gc,heap        ] GC(253) ParOldGen: 6845966K(7221760K)->6926550K(7221760K)
[47.515s][info][gc,metaspace   ] GC(253) Metaspace: 6298K(6464K)->6298K(6464K) NonClass: 5765K(5824K)->5765K(5824K) Class: 533K(640K)->533K(640K)
[47.515s][info][gc             ] GC(253) Pause Young (Allocation Failure) 6938M->6939M(7440M) 150.513ms
[47.515s][info][gc,cpu         ] GC(253) User=0.69s Sys=0.00s Real=0.15s
[47.626s][info][gc,start       ] GC(254) Pause Young (Allocation Failure)
[47.772s][info][gc,heap        ] GC(254) PSYoungGen: 280032K(397312K)->190464K(408064K) Eden: 100352K(100352K)->0K(100352K) From: 179680K(296960K)->190464K(307712K)
[47.772s][info][gc,heap        ] GC(254) ParOldGen: 6926550K(7221760K)->7016966K(7221760K)
[47.772s][info][gc,metaspace   ] GC(254) Metaspace: 6298K(6464K)->6298K(6464K) NonClass: 5765K(5824K)->5765K(5824K) Class: 533K(640K)->533K(640K)
[47.772s][info][gc             ] GC(254) Pause Young (Allocation Failure) 7037M->7038M(7451M) 146.054ms
[47.772s][info][gc,cpu         ] GC(254) User=0.83s Sys=0.11s Real=0.15s
[47.872s][info][gc,start       ] GC(255) Pause Young (Allocation Failure)
[48.024s][info][gc,heap        ] GC(255) PSYoungGen: 290816K(408064K)->201216K(410112K) Eden: 100352K(100352K)->0K(112640K) From: 190464K(307712K)->201216K(297472K)
[48.024s][info][gc,heap        ] GC(255) ParOldGen: 7016966K(7221760K)->7107374K(7221760K)
[48.024s][info][gc,metaspace   ] GC(255) Metaspace: 6298K(6464K)->6298K(6464K) NonClass: 5765K(5824K)->5765K(5824K) Class: 533K(640K)->533K(640K)
[48.025s][info][gc             ] GC(255) Pause Young (Allocation Failure) 7136M->7137M(7453M) 152.991ms
[48.025s][info][gc,cpu         ] GC(255) User=0.78s Sys=0.03s Real=0.15s
[48.025s][info][gc,start       ] GC(256) Pause Full (Ergonomics)
[48.025s][info][gc,phases,start] GC(256) Marking Phase
[49.713s][info][gc,phases      ] GC(256) Marking Phase 1688.086ms
[49.713s][info][gc,phases,start] GC(256) Summary Phase
[49.713s][info][gc,phases      ] GC(256) Summary Phase 0.088ms
[49.713s][info][gc,phases,start] GC(256) Adjust Roots
[49.713s][info][gc,phases      ] GC(256) Adjust Roots 0.232ms
[49.713s][info][gc,phases,start] GC(256) Compaction Phase
[50.541s][info][gc,phases      ] GC(256) Compaction Phase 827.471ms
[50.541s][info][gc,phases,start] GC(256) Post Compact
[50.552s][info][gc,phases      ] GC(256) Post Compact 11.630ms
[50.555s][info][gc,heap        ] GC(256) PSYoungGen: 201216K(410112K)->80563K(412160K) Eden: 0K(112640K)->0K(114688K) From: 201216K(297472K)->80563K(297472K)
[50.555s][info][gc,heap        ] GC(256) ParOldGen: 7107374K(7221760K)->7221715K(7952384K)
[50.555s][info][gc,metaspace   ] GC(256) Metaspace: 6298K(6464K)->6298K(6464K) NonClass: 5765K(5824K)->5765K(5824K) Class: 533K(640K)->533K(640K)
[50.555s][info][gc             ] GC(256) Pause Full (Ergonomics) 7137M->7131M(8168M) 2530.229ms
[50.555s][info][gc,cpu         ] GC(256) User=17.98s Sys=0.06s Real=2.53s
[50.687s][info][gc,start       ] GC(257) Pause Young (Allocation Failure)
[51.091s][info][gc,heap        ] GC(257) PSYoungGen: 195251K(412160K)->160384K(414208K) Eden: 114688K(114688K)->0K(114688K) From: 80563K(297472K)->160384K(299520K)
[51.091s][info][gc,heap        ] GC(257) ParOldGen: 7221715K(7952384K)->7257435K(7952384K)
[51.091s][info][gc,metaspace   ] GC(257) Metaspace: 6298K(6464K)->6298K(6464K) NonClass: 5765K(5824K)->5765K(5824K) Class: 533K(640K)->533K(640K)
[51.091s][info][gc             ] GC(257) Pause Young (Allocation Failure) 7243M->7243M(8170M) 403.592ms
[51.091s][info][gc,cpu         ] GC(257) User=2.78s Sys=0.05s Real=0.40s
[51.214s][info][gc,start       ] GC(258) Pause Young (Allocation Failure)
[51.366s][info][gc,heap        ] GC(258) PSYoungGen: 275072K(414208K)->275232K(389120K) Eden: 114688K(114688K)->0K(99840K) From: 160384K(299520K)->275232K(289280K)
[51.366s][info][gc,heap        ] GC(258) ParOldGen: 7257435K(7952384K)->7257435K(7952384K)
[51.366s][info][gc,metaspace   ] GC(258) Metaspace: 6298K(6464K)->6298K(6464K) NonClass: 5765K(5824K)->5765K(5824K) Class: 533K(640K)->533K(640K)
[51.366s][info][gc             ] GC(258) Pause Young (Allocation Failure) 7355M->7356M(8146M) 152.473ms
[51.366s][info][gc,cpu         ] GC(258) User=0.80s Sys=0.00s Real=0.15s
[51.480s][info][gc,start       ] GC(259) Pause Young (Allocation Failure)
[51.663s][info][gc,heap        ] GC(259) PSYoungGen: 375072K(389120K)->315392K(415232K) Eden: 99840K(99840K)->0K(99840K) From: 275232K(289280K)->315392K(315392K)
[51.663s][info][gc,heap        ] GC(259) ParOldGen: 7257435K(7952384K)->7317651K(7952384K)
[51.663s][info][gc,metaspace   ] GC(259) Metaspace: 6298K(6464K)->6298K(6464K) NonClass: 5765K(5824K)->5765K(5824K) Class: 533K(640K)->533K(640K)
[51.663s][info][gc             ] GC(259) Pause Young (Allocation Failure) 7453M->7454M(8171M) 183.618ms
[51.663s][info][gc,cpu         ] GC(259) User=1.27s Sys=0.00s Real=0.18s
[51.778s][info][gc,start       ] GC(260) Pause Young (Allocation Failure)
[51.999s][info][gc,heap        ] GC(260) PSYoungGen: 415232K(415232K)->194336K(454144K) Eden: 99840K(99840K)->0K(111104K) From: 315392K(315392K)->194336K(343040K)
[51.999s][info][gc,heap        ] GC(260) ParOldGen: 7317651K(7952384K)->7540395K(7952384K)
[51.999s][info][gc,metaspace   ] GC(260) Metaspace: 6298K(6464K)->6298K(6464K) NonClass: 5765K(5824K)->5765K(5824K) Class: 533K(640K)->533K(640K)
[51.999s][info][gc             ] GC(260) Pause Young (Allocation Failure) 7551M->7553M(8209M) 220.996ms
[51.999s][info][gc,cpu         ] GC(260) User=1.50s Sys=0.14s Real=0.22s
[52.132s][info][gc,start       ] GC(261) Pause Young (Allocation Failure)
[52.297s][info][gc,heap        ] GC(261) PSYoungGen: 305440K(454144K)->211456K(468992K) Eden: 111104K(111104K)->0K(111104K) From: 194336K(343040K)->211456K(357888K)
[52.297s][info][gc,heap        ] GC(261) ParOldGen: 7540395K(7952384K)->7635275K(7952384K)
[52.297s][info][gc,metaspace   ] GC(261) Metaspace: 6298K(6464K)->6298K(6464K) NonClass: 5765K(5824K)->5765K(5824K) Class: 533K(640K)->533K(640K)
[52.297s][info][gc             ] GC(261) Pause Young (Allocation Failure) 7661M->7662M(8224M) 165.455ms
[52.297s][info][gc,cpu         ] GC(261) User=1.09s Sys=0.05s Real=0.16s
[52.423s][info][gc,start       ] GC(262) Pause Young (Allocation Failure)
[52.598s][info][gc,heap        ] GC(262) PSYoungGen: 322560K(468992K)->222752K(456192K) Eden: 111104K(111104K)->0K(123904K) From: 211456K(357888K)->222752K(332288K)
[52.598s][info][gc,heap        ] GC(262) ParOldGen: 7635275K(7952384K)->7736011K(7952384K)
[52.598s][info][gc,metaspace   ] GC(262) Metaspace: 6298K(6464K)->6298K(6464K) NonClass: 5765K(5824K)->5765K(5824K) Class: 533K(640K)->533K(640K)
[52.598s][info][gc             ] GC(262) Pause Young (Allocation Failure) 7771M->7772M(8211M) 174.859ms
[52.598s][info][gc,cpu         ] GC(262) User=1.16s Sys=0.05s Real=0.17s
[52.734s][info][gc,start       ] GC(263) Pause Young (Allocation Failure)
[52.920s][info][gc,heap        ] GC(263) PSYoungGen: 346656K(456192K)->235552K(462848K) Eden: 123904K(123904K)->0K(123904K) From: 222752K(332288K)->235552K(338944K)
[52.921s][info][gc,heap        ] GC(263) ParOldGen: 7736011K(7952384K)->7848115K(7952384K)
[52.921s][info][gc,metaspace   ] GC(263) Metaspace: 6298K(6464K)->6298K(6464K) NonClass: 5765K(5824K)->5765K(5824K) Class: 533K(640K)->533K(640K)
[52.921s][info][gc             ] GC(263) Pause Young (Allocation Failure) 7893M->7894M(8218M) 186.318ms
[52.921s][info][gc,cpu         ] GC(263) User=1.31s Sys=0.09s Real=0.19s
[52.921s][info][gc,start       ] GC(264) Pause Full (Ergonomics)
[52.921s][info][gc,phases,start] GC(264) Marking Phase
[54.839s][info][gc,phases      ] GC(264) Marking Phase 1918.154ms
[54.839s][info][gc,phases,start] GC(264) Summary Phase
[54.839s][info][gc,phases      ] GC(264) Summary Phase 0.114ms
[54.839s][info][gc,phases,start] GC(264) Adjust Roots
[54.839s][info][gc,phases      ] GC(264) Adjust Roots 0.249ms
[54.839s][info][gc,phases,start] GC(264) Compaction Phase
[55.745s][info][gc,phases      ] GC(264) Compaction Phase 905.965ms
[55.745s][info][gc,phases,start] GC(264) Post Compact
[55.758s][info][gc,phases      ] GC(264) Post Compact 12.249ms
[55.759s][info][gc,heap        ] GC(264) PSYoungGen: 235552K(462848K)->125063K(462848K) Eden: 0K(123904K)->0K(123904K) From: 235552K(338944K)->125063K(338944K)
[55.759s][info][gc,heap        ] GC(264) ParOldGen: 7848115K(7952384K)->7952170K(8260608K)
[55.759s][info][gc,metaspace   ] GC(264) Metaspace: 6298K(6464K)->6298K(6464K) NonClass: 5765K(5824K)->5765K(5824K) Class: 533K(640K)->533K(640K)
[55.759s][info][gc             ] GC(264) Pause Full (Ergonomics) 7894M->7887M(8519M) 2838.305ms
[55.759s][info][gc,cpu         ] GC(264) User=20.19s Sys=0.08s Real=2.84s
[55.893s][info][gc,start       ] GC(265) Pause Young (Allocation Failure)
[56.388s][info][gc,heap        ] GC(265) PSYoungGen: 248967K(462848K)->190720K(449536K) Eden: 123904K(123904K)->0K(135680K) From: 125063K(338944K)->190720K(313856K)
[56.388s][info][gc,heap        ] GC(265) ParOldGen: 7952170K(8260608K)->8011514K(8260608K)
[56.388s][info][gc,metaspace   ] GC(265) Metaspace: 6298K(6464K)->6298K(6464K) NonClass: 5765K(5824K)->5765K(5824K) Class: 533K(640K)->533K(640K)
[56.388s][info][gc             ] GC(265) Pause Young (Allocation Failure) 8008M->8009M(8506M) 494.147ms
[56.388s][info][gc,cpu         ] GC(265) User=3.34s Sys=0.03s Real=0.49s
[56.540s][info][gc,start       ] GC(266) Pause Young (Allocation Failure)
[56.713s][info][gc,heap        ] GC(266) PSYoungGen: 326400K(449536K)->326656K(462336K) Eden: 135680K(135680K)->0K(135680K) From: 190720K(313856K)->326656K(326656K)
[56.713s][info][gc,heap        ] GC(266) ParOldGen: 8011514K(8260608K)->8011546K(8260608K)
[56.713s][info][gc,metaspace   ] GC(266) Metaspace: 6298K(6464K)->6298K(6464K) NonClass: 5765K(5824K)->5765K(5824K) Class: 533K(640K)->533K(640K)
[56.713s][info][gc             ] GC(266) Pause Young (Allocation Failure) 8142M->8142M(8518M) 172.724ms
[56.713s][info][gc,cpu         ] GC(266) User=1.22s Sys=0.00s Real=0.17s
[56.854s][info][gc,start       ] GC(267) Pause Young (Allocation Failure)
[57.103s][info][gc,heap        ] GC(267) PSYoungGen: 462336K(462336K)->272000K(502784K) Eden: 135680K(135680K)->0K(143360K) From: 326656K(326656K)->272000K(359424K)
[57.103s][info][gc,heap        ] GC(267) ParOldGen: 8011546K(8260608K)->8203442K(8260608K)
[57.103s][info][gc,metaspace   ] GC(267) Metaspace: 6298K(6464K)->6298K(6464K) NonClass: 5765K(5824K)->5765K(5824K) Class: 533K(640K)->533K(640K)
[57.103s][info][gc             ] GC(267) Pause Young (Allocation Failure) 8275M->8276M(8558M) 248.820ms
[57.103s][info][gc,cpu         ] GC(267) User=1.41s Sys=0.27s Real=0.25s
[57.103s][info][gc,start       ] GC(268) Pause Full (Ergonomics)
[57.103s][info][gc,phases,start] GC(268) Marking Phase
[59.097s][info][gc,phases      ] GC(268) Marking Phase 1994.269ms
[59.097s][info][gc,phases,start] GC(268) Summary Phase
[59.097s][info][gc,phases      ] GC(268) Summary Phase 0.083ms
[59.097s][info][gc,phases,start] GC(268) Adjust Roots
[59.098s][info][gc,phases      ] GC(268) Adjust Roots 0.212ms
[59.098s][info][gc,phases,start] GC(268) Compaction Phase
[59.888s][info][gc,phases      ] GC(268) Compaction Phase 790.518ms
[59.888s][info][gc,phases,start] GC(268) Post Compact
[59.902s][info][gc,phases      ] GC(268) Post Compact 13.486ms
[59.902s][info][gc,heap        ] GC(268) PSYoungGen: 272000K(502784K)->211997K(502784K) Eden: 0K(143360K)->0K(143360K) From: 272000K(359424K)->211997K(359424K)
[59.902s][info][gc,heap        ] GC(268) ParOldGen: 8203442K(8260608K)->8260403K(8260608K)
[59.902s][info][gc,metaspace   ] GC(268) Metaspace: 6298K(6464K)->6298K(6464K) NonClass: 5765K(5824K)->5765K(5824K) Class: 533K(640K)->533K(640K)
[59.902s][info][gc             ] GC(268) Pause Full (Ergonomics) 8276M->8273M(8558M) 2798.973ms
[59.902s][info][gc,cpu         ] GC(268) User=20.73s Sys=0.03s Real=2.80s
[60.057s][info][gc,start       ] GC(269) Pause Full (Ergonomics)
[60.057s][info][gc,phases,start] GC(269) Marking Phase
[62.031s][info][gc,phases      ] GC(269) Marking Phase 1973.836ms
[62.031s][info][gc,phases,start] GC(269) Summary Phase
[62.031s][info][gc,phases      ] GC(269) Summary Phase 0.153ms
[62.031s][info][gc,phases,start] GC(269) Adjust Roots
[62.032s][info][gc,phases      ] GC(269) Adjust Roots 0.334ms
[62.032s][info][gc,phases,start] GC(269) Compaction Phase
[62.717s][info][gc,phases      ] GC(269) Compaction Phase 684.979ms
[62.717s][info][gc,phases,start] GC(269) Post Compact
[62.730s][info][gc,phases      ] GC(269) Post Compact 13.568ms
[62.730s][info][gc,heap        ] GC(269) PSYoungGen: 355357K(502784K)->355325K(502784K) Eden: 143360K(143360K)->143328K(143360K) From: 211997K(359424K)->211997K(359424K)
[62.730s][info][gc,heap        ] GC(269) ParOldGen: 8260403K(8260608K)->8260403K(8260608K)
[62.730s][info][gc,metaspace   ] GC(269) Metaspace: 6298K(6464K)->6298K(6464K) NonClass: 5765K(5824K)->5765K(5824K) Class: 533K(640K)->533K(640K)
[62.730s][info][gc             ] GC(269) Pause Full (Ergonomics) 8413M->8413M(8558M) 2673.488ms
[62.730s][info][gc,cpu         ] GC(269) User=20.02s Sys=0.02s Real=2.67s
[62.731s][info][gc,start       ] GC(270) Pause Full (Ergonomics)
[62.731s][info][gc,phases,start] GC(270) Marking Phase
[64.739s][info][gc,phases      ] GC(270) Marking Phase 2008.694ms
[64.739s][info][gc,phases,start] GC(270) Summary Phase
[64.740s][info][gc,phases      ] GC(270) Summary Phase 0.121ms
[64.740s][info][gc,phases,start] GC(270) Adjust Roots
[64.740s][info][gc,phases      ] GC(270) Adjust Roots 0.253ms
[64.740s][info][gc,phases,start] GC(270) Compaction Phase
[65.417s][info][gc,phases      ] GC(270) Compaction Phase 677.354ms
[65.417s][info][gc,phases,start] GC(270) Post Compact
[65.431s][info][gc,phases      ] GC(270) Post Compact 13.424ms
[65.431s][info][gc,heap        ] GC(270) PSYoungGen: 355357K(502784K)->355356K(502784K) Eden: 143360K(143360K)->143359K(143360K) From: 211997K(359424K)->211997K(359424K)
[65.431s][info][gc,heap        ] GC(270) ParOldGen: 8260403K(8260608K)->8260403K(8260608K)
[65.431s][info][gc,metaspace   ] GC(270) Metaspace: 6298K(6464K)->6298K(6464K) NonClass: 5765K(5824K)->5765K(5824K) Class: 533K(640K)->533K(640K)
[65.431s][info][gc             ] GC(270) Pause Full (Ergonomics) 8413M->8413M(8558M) 2700.218ms
[65.431s][info][gc,cpu         ] GC(270) User=20.20s Sys=0.05s Real=2.70s
[65.431s][info][gc,start       ] GC(271) Pause Full (Ergonomics)
[65.431s][info][gc,phases,start] GC(271) Marking Phase
[67.423s][info][gc,phases      ] GC(271) Marking Phase 1992.066ms
[67.423s][info][gc,phases,start] GC(271) Summary Phase
[67.423s][info][gc,phases      ] GC(271) Summary Phase 0.124ms
[67.423s][info][gc,phases,start] GC(271) Adjust Roots
[67.424s][info][gc,phases      ] GC(271) Adjust Roots 0.261ms
[67.424s][info][gc,phases,start] GC(271) Compaction Phase
[68.093s][info][gc,phases      ] GC(271) Compaction Phase 669.542ms
[68.093s][info][gc,phases,start] GC(271) Post Compact
[68.107s][info][gc,phases      ] GC(271) Post Compact 13.250ms
[68.107s][info][gc,heap        ] GC(271) PSYoungGen: 355357K(502784K)->355357K(502784K) Eden: 143359K(143360K)->143359K(143360K) From: 211997K(359424K)->211997K(359424K)
[68.107s][info][gc,heap        ] GC(271) ParOldGen: 8260403K(8260608K)->8260403K(8260608K)
[68.107s][info][gc,metaspace   ] GC(271) Metaspace: 6298K(6464K)->6298K(6464K) NonClass: 5765K(5824K)->5765K(5824K) Class: 533K(640K)->533K(640K)
[68.107s][info][gc             ] GC(271) Pause Full (Ergonomics) 8413M->8413M(8558M) 2675.607ms
[68.107s][info][gc,cpu         ] GC(271) User=20.09s Sys=0.00s Real=2.67s
[68.107s][info][gc,start       ] GC(272) Pause Full (Ergonomics)
[68.107s][info][gc,phases,start] GC(272) Marking Phase
[70.096s][info][gc,phases      ] GC(272) Marking Phase 1988.615ms
[70.096s][info][gc,phases,start] GC(272) Summary Phase
[70.096s][info][gc,phases      ] GC(272) Summary Phase 0.093ms
[70.096s][info][gc,phases,start] GC(272) Adjust Roots
[70.096s][info][gc,phases      ] GC(272) Adjust Roots 0.196ms
[70.096s][info][gc,phases,start] GC(272) Compaction Phase
[70.776s][info][gc,phases      ] GC(272) Compaction Phase 679.821ms
[70.776s][info][gc,phases,start] GC(272) Post Compact
[70.790s][info][gc,phases      ] GC(272) Post Compact 13.730ms
[70.790s][info][gc,heap        ] GC(272) PSYoungGen: 355357K(502784K)->355357K(502784K) Eden: 143359K(143360K)->143359K(143360K) From: 211997K(359424K)->211997K(359424K)
[70.790s][info][gc,heap        ] GC(272) ParOldGen: 8260408K(8260608K)->8260408K(8260608K)
[70.790s][info][gc,metaspace   ] GC(272) Metaspace: 6298K(6464K)->6298K(6464K) NonClass: 5765K(5824K)->5765K(5824K) Class: 533K(640K)->533K(640K)
[70.790s][info][gc             ] GC(272) Pause Full (Ergonomics) 8413M->8413M(8558M) 2682.977ms
[70.790s][info][gc,cpu         ] GC(272) User=20.02s Sys=0.00s Real=2.68s
[70.790s][info][gc,start       ] GC(273) Pause Full (Ergonomics)
[70.790s][info][gc,phases,start] GC(273) Marking Phase
[72.793s][info][gc,phases      ] GC(273) Marking Phase 2002.945ms
[72.793s][info][gc,phases,start] GC(273) Summary Phase
[72.793s][info][gc,phases      ] GC(273) Summary Phase 0.083ms
[72.793s][info][gc,phases,start] GC(273) Adjust Roots
[72.793s][info][gc,phases      ] GC(273) Adjust Roots 0.168ms
[72.793s][info][gc,phases,start] GC(273) Compaction Phase
[73.458s][info][gc,phases      ] GC(273) Compaction Phase 664.593ms
[73.458s][info][gc,phases,start] GC(273) Post Compact
[73.472s][info][gc,phases      ] GC(273) Post Compact 13.430ms
[73.472s][info][gc,heap        ] GC(273) PSYoungGen: 355357K(502784K)->355357K(502784K) Eden: 143359K(143360K)->143359K(143360K) From: 211997K(359424K)->211997K(359424K)
[73.472s][info][gc,heap        ] GC(273) ParOldGen: 8260413K(8260608K)->8260413K(8260608K)
[73.472s][info][gc,metaspace   ] GC(273) Metaspace: 6298K(6464K)->6298K(6464K) NonClass: 5765K(5824K)->5765K(5824K) Class: 533K(640K)->533K(640K)
[73.472s][info][gc             ] GC(273) Pause Full (Ergonomics) 8413M->8413M(8558M) 2681.554ms
[73.472s][info][gc,cpu         ] GC(273) User=20.19s Sys=0.00s Real=2.68s
[73.472s][info][gc,start       ] GC(274) Pause Full (Ergonomics)
[73.472s][info][gc,phases,start] GC(274) Marking Phase
[75.474s][info][gc,phases      ] GC(274) Marking Phase 2002.404ms
[75.474s][info][gc,phases,start] GC(274) Summary Phase
[75.474s][info][gc,phases      ] GC(274) Summary Phase 0.089ms
[75.474s][info][gc,phases,start] GC(274) Adjust Roots
[75.475s][info][gc,phases      ] GC(274) Adjust Roots 0.191ms
[75.475s][info][gc,phases,start] GC(274) Compaction Phase
[76.127s][info][gc,phases      ] GC(274) Compaction Phase 651.859ms
[76.127s][info][gc,phases,start] GC(274) Post Compact
[76.140s][info][gc,phases      ] GC(274) Post Compact 13.394ms
[76.140s][info][gc,heap        ] GC(274) PSYoungGen: 355357K(502784K)->355357K(502784K) Eden: 143359K(143360K)->143359K(143360K) From: 211997K(359424K)->211997K(359424K)
[76.140s][info][gc,heap        ] GC(274) ParOldGen: 8260418K(8260608K)->8260418K(8260608K)
[76.140s][info][gc,metaspace   ] GC(274) Metaspace: 6298K(6464K)->6298K(6464K) NonClass: 5765K(5824K)->5765K(5824K) Class: 533K(640K)->533K(640K)
[76.140s][info][gc             ] GC(274) Pause Full (Ergonomics) 8413M->8413M(8558M) 2668.290ms
[76.140s][info][gc,cpu         ] GC(274) User=20.06s Sys=0.00s Real=2.67s
[76.140s][info][gc,start       ] GC(275) Pause Full (Ergonomics)
[76.140s][info][gc,phases,start] GC(275) Marking Phase
[78.124s][info][gc,phases      ] GC(275) Marking Phase 1983.510ms
[78.124s][info][gc,phases,start] GC(275) Summary Phase
[78.124s][info][gc,phases      ] GC(275) Summary Phase 0.095ms
[78.124s][info][gc,phases,start] GC(275) Adjust Roots
[78.124s][info][gc,phases      ] GC(275) Adjust Roots 0.256ms
[78.124s][info][gc,phases,start] GC(275) Compaction Phase
[78.810s][info][gc,phases      ] GC(275) Compaction Phase 685.833ms
[78.810s][info][gc,phases,start] GC(275) Post Compact
[78.824s][info][gc,phases      ] GC(275) Post Compact 13.271ms
[78.824s][info][gc,heap        ] GC(275) PSYoungGen: 355357K(502784K)->355357K(502784K) Eden: 143359K(143360K)->143359K(143360K) From: 211997K(359424K)->211997K(359424K)
[78.824s][info][gc,heap        ] GC(275) ParOldGen: 8260423K(8260608K)->8260423K(8260608K)
[78.824s][info][gc,metaspace   ] GC(275) Metaspace: 6298K(6464K)->6298K(6464K) NonClass: 5765K(5824K)->5765K(5824K) Class: 533K(640K)->533K(640K)
[78.824s][info][gc             ] GC(275) Pause Full (Ergonomics) 8413M->8413M(8558M) 2683.464ms
[78.824s][info][gc,cpu         ] GC(275) User=20.09s Sys=0.00s Real=2.68s
[78.824s][info][gc,start       ] GC(276) Pause Full (Ergonomics)
[78.824s][info][gc,phases,start] GC(276) Marking Phase
[80.828s][info][gc,phases      ] GC(276) Marking Phase 2004.109ms
[80.828s][info][gc,phases,start] GC(276) Summary Phase
[80.828s][info][gc,phases      ] GC(276) Summary Phase 0.094ms
[80.828s][info][gc,phases,start] GC(276) Adjust Roots
[80.829s][info][gc,phases      ] GC(276) Adjust Roots 0.165ms
[80.829s][info][gc,phases,start] GC(276) Compaction Phase
[81.513s][info][gc,phases      ] GC(276) Compaction Phase 684.353ms
[81.513s][info][gc,phases,start] GC(276) Post Compact
[81.526s][info][gc,phases      ] GC(276) Post Compact 13.211ms
[81.526s][info][gc,heap        ] GC(276) PSYoungGen: 355357K(502784K)->355357K(502784K) Eden: 143359K(143360K)->143359K(143360K) From: 211997K(359424K)->211997K(359424K)
[81.526s][info][gc,heap        ] GC(276) ParOldGen: 8260428K(8260608K)->8260428K(8260608K)
[81.526s][info][gc,metaspace   ] GC(276) Metaspace: 6298K(6464K)->6298K(6464K) NonClass: 5765K(5824K)->5765K(5824K) Class: 533K(640K)->533K(640K)
[81.526s][info][gc             ] GC(276) Pause Full (Ergonomics) 8413M->8413M(8558M) 2702.286ms
[81.526s][info][gc,cpu         ] GC(276) User=20.33s Sys=0.00s Real=2.70s
[81.527s][info][gc,start       ] GC(277) Pause Full (Ergonomics)
[81.527s][info][gc,phases,start] GC(277) Marking Phase
[83.503s][info][gc,phases      ] GC(277) Marking Phase 1975.924ms
[83.503s][info][gc,phases,start] GC(277) Summary Phase
[83.503s][info][gc,phases      ] GC(277) Summary Phase 0.101ms
[83.503s][info][gc,phases,start] GC(277) Adjust Roots
[83.503s][info][gc,phases      ] GC(277) Adjust Roots 0.201ms
[83.503s][info][gc,phases,start] GC(277) Compaction Phase
[84.159s][info][gc,phases      ] GC(277) Compaction Phase 655.632ms
[84.159s][info][gc,phases,start] GC(277) Post Compact
[84.172s][info][gc,phases      ] GC(277) Post Compact 13.438ms
[84.172s][info][gc,heap        ] GC(277) PSYoungGen: 355357K(502784K)->355357K(502784K) Eden: 143359K(143360K)->143359K(143360K) From: 211997K(359424K)->211997K(359424K)
[84.172s][info][gc,heap        ] GC(277) ParOldGen: 8260432K(8260608K)->8260432K(8260608K)
[84.172s][info][gc,metaspace   ] GC(277) Metaspace: 6298K(6464K)->6298K(6464K) NonClass: 5765K(5824K)->5765K(5824K) Class: 533K(640K)->533K(640K)
[84.172s][info][gc             ] GC(277) Pause Full (Ergonomics) 8413M->8413M(8558M) 2645.682ms
[84.172s][info][gc,cpu         ] GC(277) User=19.92s Sys=0.02s Real=2.65s
[84.173s][info][gc,start       ] GC(278) Pause Full (Ergonomics)
[84.173s][info][gc,phases,start] GC(278) Marking Phase
[86.133s][info][gc,phases      ] GC(278) Marking Phase 1960.007ms
[86.133s][info][gc,phases,start] GC(278) Summary Phase
[86.133s][info][gc,phases      ] GC(278) Summary Phase 0.082ms
[86.133s][info][gc,phases,start] GC(278) Adjust Roots
[86.133s][info][gc,phases      ] GC(278) Adjust Roots 0.190ms
[86.133s][info][gc,phases,start] GC(278) Compaction Phase
[86.788s][info][gc,phases      ] GC(278) Compaction Phase 655.207ms
[86.788s][info][gc,phases,start] GC(278) Post Compact
[86.802s][info][gc,phases      ] GC(278) Post Compact 13.461ms
[86.802s][info][gc,heap        ] GC(278) PSYoungGen: 355357K(502784K)->355357K(502784K) Eden: 143359K(143360K)->143359K(143360K) From: 211997K(359424K)->211997K(359424K)
[86.802s][info][gc,heap        ] GC(278) ParOldGen: 8260437K(8260608K)->8260437K(8260608K)
[86.802s][info][gc,metaspace   ] GC(278) Metaspace: 6298K(6464K)->6298K(6464K) NonClass: 5765K(5824K)->5765K(5824K) Class: 533K(640K)->533K(640K)
[86.802s][info][gc             ] GC(278) Pause Full (Ergonomics) 8413M->8413M(8558M) 2629.292ms
[86.802s][info][gc,cpu         ] GC(278) User=20.02s Sys=0.00s Real=2.63s
[86.802s][info][gc,start       ] GC(279) Pause Full (Ergonomics)
[86.802s][info][gc,phases,start] GC(279) Marking Phase
[88.749s][info][gc,phases      ] GC(279) Marking Phase 1946.960ms
[88.749s][info][gc,phases,start] GC(279) Summary Phase
[88.749s][info][gc,phases      ] GC(279) Summary Phase 0.084ms
[88.749s][info][gc,phases,start] GC(279) Adjust Roots
[88.749s][info][gc,phases      ] GC(279) Adjust Roots 0.223ms
[88.749s][info][gc,phases,start] GC(279) Compaction Phase
[89.399s][info][gc,phases      ] GC(279) Compaction Phase 649.812ms
[89.399s][info][gc,phases,start] GC(279) Post Compact
[89.413s][info][gc,phases      ] GC(279) Post Compact 13.372ms
[89.413s][info][gc,heap        ] GC(279) PSYoungGen: 355357K(502784K)->355357K(502784K) Eden: 143359K(143360K)->143359K(143360K) From: 211997K(359424K)->211997K(359424K)
[89.413s][info][gc,heap        ] GC(279) ParOldGen: 8260442K(8260608K)->8260442K(8260608K)
[89.413s][info][gc,metaspace   ] GC(279) Metaspace: 6298K(6464K)->6298K(6464K) NonClass: 5765K(5824K)->5765K(5824K) Class: 533K(640K)->533K(640K)
[89.413s][info][gc             ] GC(279) Pause Full (Ergonomics) 8413M->8413M(8558M) 2610.866ms
[89.413s][info][gc,cpu         ] GC(279) User=19.81s Sys=0.00s Real=2.61s
[89.413s][info][gc,start       ] GC(280) Pause Full (Ergonomics)
[89.413s][info][gc,phases,start] GC(280) Marking Phase
[91.401s][info][gc,phases      ] GC(280) Marking Phase 1988.035ms
[91.401s][info][gc,phases,start] GC(280) Summary Phase
[91.401s][info][gc,phases      ] GC(280) Summary Phase 0.083ms
[91.401s][info][gc,phases,start] GC(280) Adjust Roots
[91.401s][info][gc,phases      ] GC(280) Adjust Roots 0.170ms
[91.402s][info][gc,phases,start] GC(280) Compaction Phase
[92.050s][info][gc,phases      ] GC(280) Compaction Phase 648.679ms
[92.050s][info][gc,phases,start] GC(280) Post Compact
[92.064s][info][gc,phases      ] GC(280) Post Compact 14.114ms
[92.064s][info][gc,heap        ] GC(280) PSYoungGen: 355357K(502784K)->355357K(502784K) Eden: 143359K(143360K)->143359K(143360K) From: 211997K(359424K)->211997K(359424K)
[92.064s][info][gc,heap        ] GC(280) ParOldGen: 8260447K(8260608K)->8260447K(8260608K)
[92.065s][info][gc,metaspace   ] GC(280) Metaspace: 6298K(6464K)->6298K(6464K) NonClass: 5765K(5824K)->5765K(5824K) Class: 533K(640K)->533K(640K)
[92.065s][info][gc             ] GC(280) Pause Full (Ergonomics) 8413M->8413M(8558M) 2651.438ms
[92.065s][info][gc,cpu         ] GC(280) User=19.91s Sys=0.00s Real=2.65s
[92.065s][info][gc,start       ] GC(281) Pause Full (Ergonomics)
[92.065s][info][gc,phases,start] GC(281) Marking Phase
[94.041s][info][gc,phases      ] GC(281) Marking Phase 1975.923ms
[94.041s][info][gc,phases,start] GC(281) Summary Phase
[94.041s][info][gc,phases      ] GC(281) Summary Phase 0.083ms
[94.041s][info][gc,phases,start] GC(281) Adjust Roots
[94.041s][info][gc,phases      ] GC(281) Adjust Roots 0.189ms
[94.041s][info][gc,phases,start] GC(281) Compaction Phase
[94.689s][info][gc,phases      ] GC(281) Compaction Phase 647.524ms
[94.689s][info][gc,phases,start] GC(281) Post Compact
[94.702s][info][gc,phases      ] GC(281) Post Compact 13.353ms
[94.702s][info][gc,heap        ] GC(281) PSYoungGen: 355357K(502784K)->355357K(502784K) Eden: 143359K(143360K)->143359K(143360K) From: 211997K(359424K)->211997K(359424K)
[94.702s][info][gc,heap        ] GC(281) ParOldGen: 8260452K(8260608K)->8260452K(8260608K)
[94.702s][info][gc,metaspace   ] GC(281) Metaspace: 6298K(6464K)->6298K(6464K) NonClass: 5765K(5824K)->5765K(5824K) Class: 533K(640K)->533K(640K)
[94.702s][info][gc             ] GC(281) Pause Full (Ergonomics) 8413M->8413M(8558M) 2637.417ms
[94.702s][info][gc,cpu         ] GC(281) User=20.19s Sys=0.00s Real=2.64s
[94.702s][info][gc,start       ] GC(282) Pause Full (Ergonomics)
[94.702s][info][gc,phases,start] GC(282) Marking Phase
[96.684s][info][gc,phases      ] GC(282) Marking Phase 1981.351ms
[96.684s][info][gc,phases,start] GC(282) Summary Phase
[96.684s][info][gc,phases      ] GC(282) Summary Phase 0.097ms
[96.684s][info][gc,phases,start] GC(282) Adjust Roots
[96.684s][info][gc,phases      ] GC(282) Adjust Roots 0.245ms
[96.684s][info][gc,phases,start] GC(282) Compaction Phase
[97.305s][info][gc,phases      ] GC(282) Compaction Phase 620.296ms
[97.305s][info][gc,phases,start] GC(282) Post Compact
[97.318s][info][gc,phases      ] GC(282) Post Compact 13.162ms
[97.318s][info][gc,heap        ] GC(282) PSYoungGen: 355357K(502784K)->355357K(502784K) Eden: 143359K(143360K)->143359K(143360K) From: 211997K(359424K)->211997K(359424K)
[97.318s][info][gc,heap        ] GC(282) ParOldGen: 8260457K(8260608K)->8260457K(8260608K)
[97.318s][info][gc,metaspace   ] GC(282) Metaspace: 6298K(6464K)->6298K(6464K) NonClass: 5765K(5824K)->5765K(5824K) Class: 533K(640K)->533K(640K)
[97.318s][info][gc             ] GC(282) Pause Full (Ergonomics) 8413M->8413M(8558M) 2615.517ms
[97.318s][info][gc,cpu         ] GC(282) User=20.02s Sys=0.00s Real=2.62s
[97.318s][info][gc,start       ] GC(283) Pause Full (Ergonomics)
[97.318s][info][gc,phases,start] GC(283) Marking Phase
[99.268s][info][gc,phases      ] GC(283) Marking Phase 1949.495ms
[99.268s][info][gc,phases,start] GC(283) Summary Phase
[99.268s][info][gc,phases      ] GC(283) Summary Phase 0.118ms
[99.268s][info][gc,phases,start] GC(283) Adjust Roots
[99.268s][info][gc,phases      ] GC(283) Adjust Roots 0.280ms
[99.268s][info][gc,phases,start] GC(283) Compaction Phase
[99.900s][info][gc,phases      ] GC(283) Compaction Phase 631.288ms
[99.900s][info][gc,phases,start] GC(283) Post Compact
[99.913s][info][gc,phases      ] GC(283) Post Compact 13.416ms
[99.913s][info][gc,heap        ] GC(283) PSYoungGen: 355357K(502784K)->355357K(502784K) Eden: 143359K(143360K)->143359K(143360K) From: 211997K(359424K)->211997K(359424K)
[99.913s][info][gc,heap        ] GC(283) ParOldGen: 8260461K(8260608K)->8260461K(8260608K)
[99.913s][info][gc,metaspace   ] GC(283) Metaspace: 6298K(6464K)->6298K(6464K) NonClass: 5765K(5824K)->5765K(5824K) Class: 533K(640K)->533K(640K)
[99.913s][info][gc             ] GC(283) Pause Full (Ergonomics) 8413M->8413M(8558M) 2595.012ms
[99.913s][info][gc,cpu         ] GC(283) User=19.59s Sys=0.00s Real=2.60s
[99.913s][info][gc,start       ] GC(284) Pause Full (Ergonomics)
[99.913s][info][gc,phases,start] GC(284) Marking Phase
[101.844s][info][gc,phases      ] GC(284) Marking Phase 1930.224ms
[101.844s][info][gc,phases,start] GC(284) Summary Phase
[101.844s][info][gc,phases      ] GC(284) Summary Phase 0.083ms
[101.844s][info][gc,phases,start] GC(284) Adjust Roots
[101.844s][info][gc,phases      ] GC(284) Adjust Roots 0.206ms
[101.844s][info][gc,phases,start] GC(284) Compaction Phase
[102.462s][info][gc,phases      ] GC(284) Compaction Phase 617.598ms
[102.462s][info][gc,phases,start] GC(284) Post Compact
[102.475s][info][gc,phases      ] GC(284) Post Compact 13.667ms
[102.475s][info][gc,heap        ] GC(284) PSYoungGen: 355357K(502784K)->355357K(502784K) Eden: 143359K(143360K)->143359K(143360K) From: 211997K(359424K)->211997K(359424K)
[102.475s][info][gc,heap        ] GC(284) ParOldGen: 8260466K(8260608K)->8260466K(8260608K)
[102.475s][info][gc,metaspace   ] GC(284) Metaspace: 6298K(6464K)->6298K(6464K) NonClass: 5765K(5824K)->5765K(5824K) Class: 533K(640K)->533K(640K)
[102.475s][info][gc             ] GC(284) Pause Full (Ergonomics) 8413M->8413M(8558M) 2562.112ms
[102.475s][info][gc,cpu         ] GC(284) User=19.52s Sys=0.00s Real=2.56s
[102.476s][info][gc,start       ] GC(285) Pause Full (Ergonomics)
[102.476s][info][gc,phases,start] GC(285) Marking Phase
[104.451s][info][gc,phases      ] GC(285) Marking Phase 1975.156ms
[104.451s][info][gc,phases,start] GC(285) Summary Phase
[104.451s][info][gc,phases      ] GC(285) Summary Phase 0.094ms
[104.451s][info][gc,phases,start] GC(285) Adjust Roots
[104.451s][info][gc,phases      ] GC(285) Adjust Roots 0.200ms
[104.451s][info][gc,phases,start] GC(285) Compaction Phase
[105.078s][info][gc,phases      ] GC(285) Compaction Phase 626.569ms
[105.078s][info][gc,phases,start] GC(285) Post Compact
[105.091s][info][gc,phases      ] GC(285) Post Compact 13.411ms
[105.091s][info][gc,heap        ] GC(285) PSYoungGen: 355357K(502784K)->355357K(502784K) Eden: 143359K(143360K)->143359K(143360K) From: 211997K(359424K)->211997K(359424K)
[105.091s][info][gc,heap        ] GC(285) ParOldGen: 8260471K(8260608K)->8260471K(8260608K)
[105.092s][info][gc,metaspace   ] GC(285) Metaspace: 6298K(6464K)->6298K(6464K) NonClass: 5765K(5824K)->5765K(5824K) Class: 533K(640K)->533K(640K)
[105.092s][info][gc             ] GC(285) Pause Full (Ergonomics) 8413M->8413M(8558M) 2615.869ms
[105.092s][info][gc,cpu         ] GC(285) User=19.97s Sys=0.00s Real=2.62s
[105.092s][info][gc,start       ] GC(286) Pause Full (Ergonomics)
[105.092s][info][gc,phases,start] GC(286) Marking Phase
[107.042s][info][gc,phases      ] GC(286) Marking Phase 1950.707ms
[107.043s][info][gc,phases,start] GC(286) Summary Phase
[107.043s][info][gc,phases      ] GC(286) Summary Phase 0.083ms
[107.043s][info][gc,phases,start] GC(286) Adjust Roots
[107.043s][info][gc,phases      ] GC(286) Adjust Roots 0.186ms
[107.043s][info][gc,phases,start] GC(286) Compaction Phase
[107.655s][info][gc,phases      ] GC(286) Compaction Phase 612.331ms
[107.655s][info][gc,phases,start] GC(286) Post Compact
[107.669s][info][gc,phases      ] GC(286) Post Compact 13.405ms
[107.669s][info][gc,heap        ] GC(286) PSYoungGen: 355357K(502784K)->355357K(502784K) Eden: 143359K(143360K)->143359K(143360K) From: 211997K(359424K)->211997K(359424K)
[107.669s][info][gc,heap        ] GC(286) ParOldGen: 8260476K(8260608K)->8260476K(8260608K)
[107.669s][info][gc,metaspace   ] GC(286) Metaspace: 6298K(6464K)->6298K(6464K) NonClass: 5765K(5824K)->5765K(5824K) Class: 533K(640K)->533K(640K)
[107.669s][info][gc             ] GC(286) Pause Full (Ergonomics) 8413M->8413M(8558M) 2577.048ms
[107.669s][info][gc,cpu         ] GC(286) User=19.61s Sys=0.00s Real=2.58s
[107.669s][info][gc,start       ] GC(287) Pause Full (Ergonomics)
[107.669s][info][gc,phases,start] GC(287) Marking Phase
[109.620s][info][gc,phases      ] GC(287) Marking Phase 1950.564ms
[109.620s][info][gc,phases,start] GC(287) Summary Phase
[109.620s][info][gc,phases      ] GC(287) Summary Phase 0.098ms
[109.620s][info][gc,phases,start] GC(287) Adjust Roots
[109.620s][info][gc,phases      ] GC(287) Adjust Roots 0.187ms
[109.620s][info][gc,phases,start] GC(287) Compaction Phase
[110.242s][info][gc,phases      ] GC(287) Compaction Phase 622.157ms
[110.242s][info][gc,phases,start] GC(287) Post Compact
[110.256s][info][gc,phases      ] GC(287) Post Compact 13.458ms
[110.256s][info][gc,heap        ] GC(287) PSYoungGen: 355357K(502784K)->355357K(502784K) Eden: 143359K(143360K)->143359K(143360K) From: 211997K(359424K)->211997K(359424K)
[110.256s][info][gc,heap        ] GC(287) ParOldGen: 8260481K(8260608K)->8260481K(8260608K)
[110.256s][info][gc,metaspace   ] GC(287) Metaspace: 6298K(6464K)->6298K(6464K) NonClass: 5765K(5824K)->5765K(5824K) Class: 533K(640K)->533K(640K)
[110.256s][info][gc             ] GC(287) Pause Full (Ergonomics) 8413M->8413M(8558M) 2586.834ms
[110.256s][info][gc,cpu         ] GC(287) User=19.66s Sys=0.02s Real=2.59s
[110.256s][info][gc,start       ] GC(288) Pause Full (Ergonomics)
[110.256s][info][gc,phases,start] GC(288) Marking Phase
[112.216s][info][gc,phases      ] GC(288) Marking Phase 1959.513ms
[112.216s][info][gc,phases,start] GC(288) Summary Phase
[112.216s][info][gc,phases      ] GC(288) Summary Phase 0.086ms
[112.216s][info][gc,phases,start] GC(288) Adjust Roots
[112.216s][info][gc,phases      ] GC(288) Adjust Roots 0.173ms
[112.216s][info][gc,phases,start] GC(288) Compaction Phase
[112.853s][info][gc,phases      ] GC(288) Compaction Phase 636.942ms
[112.853s][info][gc,phases,start] GC(288) Post Compact
[112.866s][info][gc,phases      ] GC(288) Post Compact 13.327ms
[112.866s][info][gc,heap        ] GC(288) PSYoungGen: 355357K(502784K)->355357K(502784K) Eden: 143359K(143360K)->143359K(143360K) From: 211997K(359424K)->211997K(359424K)
[112.866s][info][gc,heap        ] GC(288) ParOldGen: 8260486K(8260608K)->8260486K(8260608K)
[112.866s][info][gc,metaspace   ] GC(288) Metaspace: 6298K(6464K)->6298K(6464K) NonClass: 5765K(5824K)->5765K(5824K) Class: 533K(640K)->533K(640K)
[112.866s][info][gc             ] GC(288) Pause Full (Ergonomics) 8413M->8413M(8558M) 2610.383ms
[112.866s][info][gc,cpu         ] GC(288) User=19.61s Sys=0.00s Real=2.61s
[112.867s][info][gc,start       ] GC(289) Pause Full (Ergonomics)
[112.867s][info][gc,phases,start] GC(289) Marking Phase
[114.839s][info][gc,phases      ] GC(289) Marking Phase 1972.115ms
[114.839s][info][gc,phases,start] GC(289) Summary Phase
[114.839s][info][gc,phases      ] GC(289) Summary Phase 0.095ms
[114.839s][info][gc,phases,start] GC(289) Adjust Roots
[114.839s][info][gc,phases      ] GC(289) Adjust Roots 0.257ms
[114.839s][info][gc,phases,start] GC(289) Compaction Phase
[115.465s][info][gc,phases      ] GC(289) Compaction Phase 625.587ms
[115.465s][info][gc,phases,start] GC(289) Post Compact
[115.481s][info][gc,phases      ] GC(289) Post Compact 15.755ms
[115.481s][info][gc,heap        ] GC(289) PSYoungGen: 355357K(502784K)->355357K(502784K) Eden: 143359K(143360K)->143359K(143360K) From: 211997K(359424K)->211997K(359424K)
[115.481s][info][gc,heap        ] GC(289) ParOldGen: 8260490K(8260608K)->8260490K(8260608K)
[115.481s][info][gc,metaspace   ] GC(289) Metaspace: 6298K(6464K)->6298K(6464K) NonClass: 5765K(5824K)->5765K(5824K) Class: 533K(640K)->533K(640K)
[115.481s][info][gc             ] GC(289) Pause Full (Ergonomics) 8413M->8413M(8558M) 2614.152ms
[115.481s][info][gc,cpu         ] GC(289) User=19.83s Sys=0.03s Real=2.61s
[115.481s][info][gc,start       ] GC(290) Pause Full (Ergonomics)
[115.481s][info][gc,phases,start] GC(290) Marking Phase
[117.429s][info][gc,phases      ] GC(290) Marking Phase 1948.274ms
[117.429s][info][gc,phases,start] GC(290) Summary Phase
[117.430s][info][gc,phases      ] GC(290) Summary Phase 0.133ms
[117.430s][info][gc,phases,start] GC(290) Adjust Roots
[117.430s][info][gc,phases      ] GC(290) Adjust Roots 0.221ms
[117.430s][info][gc,phases,start] GC(290) Compaction Phase
[118.061s][info][gc,phases      ] GC(290) Compaction Phase 630.923ms
[118.061s][info][gc,phases,start] GC(290) Post Compact
[118.076s][info][gc,phases      ] GC(290) Post Compact 15.256ms
[118.076s][info][gc,heap        ] GC(290) PSYoungGen: 355357K(502784K)->355357K(502784K) Eden: 143359K(143360K)->143359K(143360K) From: 211997K(359424K)->211997K(359424K)
[118.076s][info][gc,heap        ] GC(290) ParOldGen: 8260495K(8260608K)->8260495K(8260608K)
[118.076s][info][gc,metaspace   ] GC(290) Metaspace: 6298K(6464K)->6298K(6464K) NonClass: 5765K(5824K)->5765K(5824K) Class: 533K(640K)->533K(640K)
[118.076s][info][gc             ] GC(290) Pause Full (Ergonomics) 8413M->8413M(8558M) 2595.187ms
[118.076s][info][gc,cpu         ] GC(290) User=19.59s Sys=0.02s Real=2.60s
[118.076s][info][gc,start       ] GC(291) Pause Full (Ergonomics)
[118.076s][info][gc,phases,start] GC(291) Marking Phase
[120.028s][info][gc,phases      ] GC(291) Marking Phase 1951.467ms
[120.028s][info][gc,phases,start] GC(291) Summary Phase
[120.028s][info][gc,phases      ] GC(291) Summary Phase 0.155ms
[120.028s][info][gc,phases,start] GC(291) Adjust Roots
[120.028s][info][gc,phases      ] GC(291) Adjust Roots 0.223ms
[120.028s][info][gc,phases,start] GC(291) Compaction Phase
[120.674s][info][gc,phases      ] GC(291) Compaction Phase 645.968ms
[120.674s][info][gc,phases,start] GC(291) Post Compact
[120.688s][info][gc,phases      ] GC(291) Post Compact 13.606ms
[120.688s][info][gc,heap        ] GC(291) PSYoungGen: 355357K(502784K)->355357K(502784K) Eden: 143359K(143360K)->143359K(143360K) From: 211997K(359424K)->211997K(359424K)
[120.688s][info][gc,heap        ] GC(291) ParOldGen: 8260500K(8260608K)->8260500K(8260608K)
[120.688s][info][gc,metaspace   ] GC(291) Metaspace: 6298K(6464K)->6298K(6464K) NonClass: 5765K(5824K)->5765K(5824K) Class: 533K(640K)->533K(640K)
[120.688s][info][gc             ] GC(291) Pause Full (Ergonomics) 8413M->8413M(8558M) 2611.790ms
[120.688s][info][gc,cpu         ] GC(291) User=19.67s Sys=0.00s Real=2.61s
[120.688s][info][gc,start       ] GC(292) Pause Full (Ergonomics)
[120.689s][info][gc,phases,start] GC(292) Marking Phase
[122.622s][info][gc,phases      ] GC(292) Marking Phase 1933.529ms
[122.622s][info][gc,phases,start] GC(292) Summary Phase
[122.622s][info][gc,phases      ] GC(292) Summary Phase 0.151ms
[122.622s][info][gc,phases,start] GC(292) Adjust Roots
[122.623s][info][gc,phases      ] GC(292) Adjust Roots 0.244ms
[122.623s][info][gc,phases,start] GC(292) Compaction Phase
[123.244s][info][gc,phases      ] GC(292) Compaction Phase 621.006ms
[123.244s][info][gc,phases,start] GC(292) Post Compact
[123.257s][info][gc,phases      ] GC(292) Post Compact 13.425ms
[123.257s][info][gc,heap        ] GC(292) PSYoungGen: 355357K(502784K)->355357K(502784K) Eden: 143359K(143360K)->143359K(143360K) From: 211997K(359424K)->211997K(359424K)
[123.257s][info][gc,heap        ] GC(292) ParOldGen: 8260505K(8260608K)->8260505K(8260608K)
[123.257s][info][gc,metaspace   ] GC(292) Metaspace: 6298K(6464K)->6298K(6464K) NonClass: 5765K(5824K)->5765K(5824K) Class: 533K(640K)->533K(640K)
[123.257s][info][gc             ] GC(292) Pause Full (Ergonomics) 8413M->8413M(8558M) 2568.768ms
[123.257s][info][gc,cpu         ] GC(292) User=19.33s Sys=0.00s Real=2.57s
[123.257s][info][gc,start       ] GC(293) Pause Full (Ergonomics)
[123.258s][info][gc,phases,start] GC(293) Marking Phase
[125.214s][info][gc,phases      ] GC(293) Marking Phase 1956.970ms
[125.215s][info][gc,phases,start] GC(293) Summary Phase
[125.215s][info][gc,phases      ] GC(293) Summary Phase 0.143ms
[125.215s][info][gc,phases,start] GC(293) Adjust Roots
[125.215s][info][gc,phases      ] GC(293) Adjust Roots 0.350ms
[125.215s][info][gc,phases,start] GC(293) Compaction Phase
[125.819s][info][gc,phases      ] GC(293) Compaction Phase 603.842ms
[125.819s][info][gc,phases,start] GC(293) Post Compact
[125.833s][info][gc,phases      ] GC(293) Post Compact 13.437ms
[125.833s][info][gc,heap        ] GC(293) PSYoungGen: 355357K(502784K)->355357K(502784K) Eden: 143359K(143360K)->143359K(143360K) From: 211997K(359424K)->211997K(359424K)
[125.833s][info][gc,heap        ] GC(293) ParOldGen: 8260510K(8260608K)->8260510K(8260608K)
[125.833s][info][gc,metaspace   ] GC(293) Metaspace: 6298K(6464K)->6298K(6464K) NonClass: 5765K(5824K)->5765K(5824K) Class: 533K(640K)->533K(640K)
[125.833s][info][gc             ] GC(293) Pause Full (Ergonomics) 8413M->8413M(8558M) 2575.204ms
[125.833s][info][gc,cpu         ] GC(293) User=19.62s Sys=0.02s Real=2.58s
[125.833s][info][gc,start       ] GC(294) Pause Full (Ergonomics)
[125.833s][info][gc,phases,start] GC(294) Marking Phase
[127.806s][info][gc,phases      ] GC(294) Marking Phase 1972.791ms
[127.806s][info][gc,phases,start] GC(294) Summary Phase
[127.806s][info][gc,phases      ] GC(294) Summary Phase 0.100ms
[127.806s][info][gc,phases,start] GC(294) Adjust Roots
[127.806s][info][gc,phases      ] GC(294) Adjust Roots 0.221ms
[127.806s][info][gc,phases,start] GC(294) Compaction Phase
[128.389s][info][gc,phases      ] GC(294) Compaction Phase 582.559ms
[128.389s][info][gc,phases,start] GC(294) Post Compact
[128.403s][info][gc,phases      ] GC(294) Post Compact 13.821ms
[128.403s][info][gc,heap        ] GC(294) PSYoungGen: 355357K(502784K)->355357K(502784K) Eden: 143359K(143360K)->143359K(143360K) From: 211997K(359424K)->211997K(359424K)
[128.403s][info][gc,heap        ] GC(294) ParOldGen: 8260515K(8260608K)->8260515K(8260608K)
[128.403s][info][gc,metaspace   ] GC(294) Metaspace: 6298K(6464K)->6298K(6464K) NonClass: 5765K(5824K)->5765K(5824K) Class: 533K(640K)->533K(640K)
[128.403s][info][gc             ] GC(294) Pause Full (Ergonomics) 8413M->8413M(8558M) 2569.830ms
[128.403s][info][gc,cpu         ] GC(294) User=19.58s Sys=0.00s Real=2.57s
[128.403s][info][gc,start       ] GC(295) Pause Full (Ergonomics)
[128.403s][info][gc,phases,start] GC(295) Marking Phase
[130.352s][info][gc,phases      ] GC(295) Marking Phase 1948.606ms
[130.352s][info][gc,phases,start] GC(295) Summary Phase
[130.352s][info][gc,phases      ] GC(295) Summary Phase 0.138ms
[130.352s][info][gc,phases,start] GC(295) Adjust Roots
[130.352s][info][gc,phases      ] GC(295) Adjust Roots 0.236ms
[130.352s][info][gc,phases,start] GC(295) Compaction Phase
[130.945s][info][gc,phases      ] GC(295) Compaction Phase 592.543ms
[130.945s][info][gc,phases,start] GC(295) Post Compact
[130.959s][info][gc,phases      ] GC(295) Post Compact 14.108ms
[130.959s][info][gc,heap        ] GC(295) PSYoungGen: 355357K(502784K)->355357K(502784K) Eden: 143359K(143360K)->143359K(143360K) From: 211997K(359424K)->211997K(359424K)
[130.959s][info][gc,heap        ] GC(295) ParOldGen: 8260519K(8260608K)->8260519K(8260608K)
[130.959s][info][gc,metaspace   ] GC(295) Metaspace: 6298K(6464K)->6298K(6464K) NonClass: 5765K(5824K)->5765K(5824K) Class: 533K(640K)->533K(640K)
[130.959s][info][gc             ] GC(295) Pause Full (Ergonomics) 8413M->8413M(8558M) 2555.996ms
[130.959s][info][gc,cpu         ] GC(295) User=19.45s Sys=0.06s Real=2.56s
[130.959s][info][gc,start       ] GC(296) Pause Full (Ergonomics)
[130.959s][info][gc,phases,start] GC(296) Marking Phase
[132.926s][info][gc,phases      ] GC(296) Marking Phase 1966.734ms
[132.926s][info][gc,phases,start] GC(296) Summary Phase
[132.926s][info][gc,phases      ] GC(296) Summary Phase 0.159ms
[132.926s][info][gc,phases,start] GC(296) Adjust Roots
[132.927s][info][gc,phases      ] GC(296) Adjust Roots 0.318ms
[132.927s][info][gc,phases,start] GC(296) Compaction Phase
[133.536s][info][gc,phases      ] GC(296) Compaction Phase 609.767ms
[133.536s][info][gc,phases,start] GC(296) Post Compact
[133.551s][info][gc,phases      ] GC(296) Post Compact 14.171ms
[133.551s][info][gc,heap        ] GC(296) PSYoungGen: 355357K(502784K)->355357K(502784K) Eden: 143359K(143360K)->143359K(143360K) From: 211997K(359424K)->211997K(359424K)
[133.551s][info][gc,heap        ] GC(296) ParOldGen: 8260524K(8260608K)->8260524K(8260608K)
[133.551s][info][gc,metaspace   ] GC(296) Metaspace: 6298K(6464K)->6298K(6464K) NonClass: 5765K(5824K)->5765K(5824K) Class: 533K(640K)->533K(640K)
[133.551s][info][gc             ] GC(296) Pause Full (Ergonomics) 8413M->8413M(8558M) 2591.560ms
[133.551s][info][gc,cpu         ] GC(296) User=19.70s Sys=0.00s Real=2.59s
[133.551s][info][gc,start       ] GC(297) Pause Full (Ergonomics)
[133.551s][info][gc,phases,start] GC(297) Marking Phase
[135.506s][info][gc,phases      ] GC(297) Marking Phase 1954.914ms
[135.506s][info][gc,phases,start] GC(297) Summary Phase
[135.506s][info][gc,phases      ] GC(297) Summary Phase 0.088ms
[135.506s][info][gc,phases,start] GC(297) Adjust Roots
[135.506s][info][gc,phases      ] GC(297) Adjust Roots 0.171ms
[135.506s][info][gc,phases,start] GC(297) Compaction Phase
[136.097s][info][gc,phases      ] GC(297) Compaction Phase 590.650ms
[136.097s][info][gc,phases,start] GC(297) Post Compact
[136.111s][info][gc,phases      ] GC(297) Post Compact 13.899ms
[136.111s][info][gc,heap        ] GC(297) PSYoungGen: 355357K(502784K)->355357K(502784K) Eden: 143359K(143360K)->143359K(143360K) From: 211997K(359424K)->211997K(359424K)
[136.111s][info][gc,heap        ] GC(297) ParOldGen: 8260529K(8260608K)->8260529K(8260608K)
[136.111s][info][gc,metaspace   ] GC(297) Metaspace: 6298K(6464K)->6298K(6464K) NonClass: 5765K(5824K)->5765K(5824K) Class: 533K(640K)->533K(640K)
[136.111s][info][gc             ] GC(297) Pause Full (Ergonomics) 8413M->8413M(8558M) 2560.067ms
[136.111s][info][gc,cpu         ] GC(297) User=19.52s Sys=0.00s Real=2.56s
[136.111s][info][gc,start       ] GC(298) Pause Full (Ergonomics)
[136.111s][info][gc,phases,start] GC(298) Marking Phase
[138.078s][info][gc,phases      ] GC(298) Marking Phase 1966.836ms
[138.078s][info][gc,phases,start] GC(298) Summary Phase
[138.078s][info][gc,phases      ] GC(298) Summary Phase 0.095ms
[138.078s][info][gc,phases,start] GC(298) Adjust Roots
[138.078s][info][gc,phases      ] GC(298) Adjust Roots 0.167ms
[138.078s][info][gc,phases,start] GC(298) Compaction Phase
[138.662s][info][gc,phases      ] GC(298) Compaction Phase 583.035ms
[138.662s][info][gc,phases,start] GC(298) Post Compact
[138.676s][info][gc,phases      ] GC(298) Post Compact 13.983ms
[138.676s][info][gc,heap        ] GC(298) PSYoungGen: 355357K(502784K)->355357K(502784K) Eden: 143359K(143360K)->143359K(143360K) From: 211997K(359424K)->211997K(359424K)
[138.676s][info][gc,heap        ] GC(298) ParOldGen: 8260534K(8260608K)->8260534K(8260608K)
[138.676s][info][gc,metaspace   ] GC(298) Metaspace: 6298K(6464K)->6298K(6464K) NonClass: 5765K(5824K)->5765K(5824K) Class: 533K(640K)->533K(640K)
[138.676s][info][gc             ] GC(298) Pause Full (Ergonomics) 8413M->8413M(8558M) 2564.443ms
[138.676s][info][gc,cpu         ] GC(298) User=19.72s Sys=0.00s Real=2.56s
[138.676s][info][gc,start       ] GC(299) Pause Full (Ergonomics)
[138.676s][info][gc,phases,start] GC(299) Marking Phase
[140.670s][info][gc,phases      ] GC(299) Marking Phase 1994.417ms
[140.670s][info][gc,phases,start] GC(299) Summary Phase
[140.670s][info][gc,phases      ] GC(299) Summary Phase 0.089ms
[140.670s][info][gc,phases,start] GC(299) Adjust Roots
[140.671s][info][gc,phases      ] GC(299) Adjust Roots 0.201ms
[140.671s][info][gc,phases,start] GC(299) Compaction Phase
[141.281s][info][gc,phases      ] GC(299) Compaction Phase 610.298ms
[141.281s][info][gc,phases,start] GC(299) Post Compact
[141.295s][info][gc,phases      ] GC(299) Post Compact 13.924ms
[141.295s][info][gc,heap        ] GC(299) PSYoungGen: 355357K(502784K)->355357K(502784K) Eden: 143359K(143360K)->143359K(143360K) From: 211997K(359424K)->211997K(359424K)
[141.295s][info][gc,heap        ] GC(299) ParOldGen: 8260539K(8260608K)->8260539K(8260608K)
[141.295s][info][gc,metaspace   ] GC(299) Metaspace: 6298K(6464K)->6298K(6464K) NonClass: 5765K(5824K)->5765K(5824K) Class: 533K(640K)->533K(640K)
[141.295s][info][gc             ] GC(299) Pause Full (Ergonomics) 8413M->8413M(8558M) 2619.219ms
[141.295s][info][gc,cpu         ] GC(299) User=19.80s Sys=0.00s Real=2.62s
[141.295s][info][gc,start       ] GC(300) Pause Full (Ergonomics)
[141.295s][info][gc,phases,start] GC(300) Marking Phase
[143.254s][info][gc,phases      ] GC(300) Marking Phase 1958.647ms
[143.254s][info][gc,phases,start] GC(300) Summary Phase
[143.254s][info][gc,phases      ] GC(300) Summary Phase 0.096ms
[143.254s][info][gc,phases,start] GC(300) Adjust Roots
[143.254s][info][gc,phases      ] GC(300) Adjust Roots 0.176ms
[143.254s][info][gc,phases,start] GC(300) Compaction Phase
[143.869s][info][gc,phases      ] GC(300) Compaction Phase 614.566ms
[143.869s][info][gc,phases,start] GC(300) Post Compact
[143.883s][info][gc,phases      ] GC(300) Post Compact 14.078ms
[143.883s][info][gc,heap        ] GC(300) PSYoungGen: 355357K(502784K)->355357K(502784K) Eden: 143359K(143360K)->143359K(143360K) From: 211997K(359424K)->211997K(359424K)
[143.883s][info][gc,heap        ] GC(300) ParOldGen: 8260544K(8260608K)->8260544K(8260608K)
[143.883s][info][gc,metaspace   ] GC(300) Metaspace: 6298K(6464K)->6298K(6464K) NonClass: 5765K(5824K)->5765K(5824K) Class: 533K(640K)->533K(640K)
[143.883s][info][gc             ] GC(300) Pause Full (Ergonomics) 8413M->8413M(8558M) 2587.911ms
[143.883s][info][gc,cpu         ] GC(300) User=19.52s Sys=0.00s Real=2.59s
[143.883s][info][gc,start       ] GC(301) Pause Full (Ergonomics)
[143.883s][info][gc,phases,start] GC(301) Marking Phase
[145.820s][info][gc,phases      ] GC(301) Marking Phase 1936.719ms
[145.820s][info][gc,phases,start] GC(301) Summary Phase
[145.820s][info][gc,phases      ] GC(301) Summary Phase 0.124ms
[145.820s][info][gc,phases,start] GC(301) Adjust Roots
[145.821s][info][gc,phases      ] GC(301) Adjust Roots 0.229ms
[145.821s][info][gc,phases,start] GC(301) Compaction Phase
[146.417s][info][gc,phases      ] GC(301) Compaction Phase 595.900ms
[146.417s][info][gc,phases,start] GC(301) Post Compact
[146.430s][info][gc,phases      ] GC(301) Post Compact 13.470ms
[146.430s][info][gc,heap        ] GC(301) PSYoungGen: 355357K(502784K)->355357K(502784K) Eden: 143359K(143360K)->143359K(143360K) From: 211997K(359424K)->211997K(359424K)
[146.430s][info][gc,heap        ] GC(301) ParOldGen: 8260548K(8260608K)->8260548K(8260608K)
[146.430s][info][gc,metaspace   ] GC(301) Metaspace: 6298K(6464K)->6298K(6464K) NonClass: 5765K(5824K)->5765K(5824K) Class: 533K(640K)->533K(640K)
[146.430s][info][gc             ] GC(301) Pause Full (Ergonomics) 8413M->8413M(8558M) 2546.776ms
[146.430s][info][gc,cpu         ] GC(301) User=19.19s Sys=0.03s Real=2.55s
[146.430s][info][gc,start       ] GC(302) Pause Full (Ergonomics)
[146.430s][info][gc,phases,start] GC(302) Marking Phase
[148.374s][info][gc,phases      ] GC(302) Marking Phase 1943.545ms
[148.374s][info][gc,phases,start] GC(302) Summary Phase
[148.374s][info][gc,phases      ] GC(302) Summary Phase 0.089ms
[148.374s][info][gc,phases,start] GC(302) Adjust Roots
[148.374s][info][gc,phases      ] GC(302) Adjust Roots 0.200ms
[148.374s][info][gc,phases,start] GC(302) Compaction Phase
[148.967s][info][gc,phases      ] GC(302) Compaction Phase 592.583ms
[148.967s][info][gc,phases,start] GC(302) Post Compact
[148.981s][info][gc,phases      ] GC(302) Post Compact 13.604ms
[148.981s][info][gc,heap        ] GC(302) PSYoungGen: 355357K(502784K)->355357K(502784K) Eden: 143359K(143360K)->143359K(143360K) From: 211997K(359424K)->211997K(359424K)
[148.981s][info][gc,heap        ] GC(302) ParOldGen: 8260553K(8260608K)->8260553K(8260608K)
[148.981s][info][gc,metaspace   ] GC(302) Metaspace: 6298K(6464K)->6298K(6464K) NonClass: 5765K(5824K)->5765K(5824K) Class: 533K(640K)->533K(640K)
[148.981s][info][gc             ] GC(302) Pause Full (Ergonomics) 8413M->8413M(8558M) 2550.331ms
[148.981s][info][gc,cpu         ] GC(302) User=19.50s Sys=0.00s Real=2.55s
[148.981s][info][gc,start       ] GC(303) Pause Full (Ergonomics)
[148.981s][info][gc,phases,start] GC(303) Marking Phase
[150.916s][info][gc,phases      ] GC(303) Marking Phase 1934.701ms
[150.916s][info][gc,phases,start] GC(303) Summary Phase
[150.916s][info][gc,phases      ] GC(303) Summary Phase 0.084ms
[150.916s][info][gc,phases,start] GC(303) Adjust Roots
[150.916s][info][gc,phases      ] GC(303) Adjust Roots 0.170ms
[150.916s][info][gc,phases,start] GC(303) Compaction Phase
[151.505s][info][gc,phases      ] GC(303) Compaction Phase 588.693ms
[151.505s][info][gc,phases,start] GC(303) Post Compact
[151.519s][info][gc,phases      ] GC(303) Post Compact 13.709ms
[151.519s][info][gc,heap        ] GC(303) PSYoungGen: 355357K(502784K)->355357K(502784K) Eden: 143359K(143360K)->143359K(143360K) From: 211997K(359424K)->211997K(359424K)
[151.519s][info][gc,heap        ] GC(303) ParOldGen: 8260558K(8260608K)->8260558K(8260608K)
[151.519s][info][gc,metaspace   ] GC(303) Metaspace: 6298K(6464K)->6298K(6464K) NonClass: 5765K(5824K)->5765K(5824K) Class: 533K(640K)->533K(640K)
[151.519s][info][gc             ] GC(303) Pause Full (Ergonomics) 8413M->8413M(8558M) 2537.683ms
[151.519s][info][gc,cpu         ] GC(303) User=19.34s Sys=0.00s Real=2.54s
[151.519s][info][gc,start       ] GC(304) Pause Full (Ergonomics)
[151.519s][info][gc,phases,start] GC(304) Marking Phase
[153.461s][info][gc,phases      ] GC(304) Marking Phase 1941.728ms
[153.461s][info][gc,phases,start] GC(304) Summary Phase
[153.461s][info][gc,phases      ] GC(304) Summary Phase 0.107ms
[153.461s][info][gc,phases,start] GC(304) Adjust Roots
[153.461s][info][gc,phases      ] GC(304) Adjust Roots 0.166ms
[153.461s][info][gc,phases,start] GC(304) Compaction Phase
[154.085s][info][gc,phases      ] GC(304) Compaction Phase 623.662ms
[154.085s][info][gc,phases,start] GC(304) Post Compact
[154.099s][info][gc,phases      ] GC(304) Post Compact 14.135ms
[154.099s][info][gc,heap        ] GC(304) PSYoungGen: 355357K(502784K)->355357K(502784K) Eden: 143359K(143360K)->143359K(143360K) From: 211997K(359424K)->211997K(359424K)
[154.099s][info][gc,heap        ] GC(304) ParOldGen: 8260563K(8260608K)->8260563K(8260608K)
[154.099s][info][gc,metaspace   ] GC(304) Metaspace: 6298K(6464K)->6298K(6464K) NonClass: 5765K(5824K)->5765K(5824K) Class: 533K(640K)->533K(640K)
[154.099s][info][gc             ] GC(304) Pause Full (Ergonomics) 8413M->8413M(8558M) 2580.109ms
[154.099s][info][gc,cpu         ] GC(304) User=19.44s Sys=0.00s Real=2.58s
[154.099s][info][gc,start       ] GC(305) Pause Full (Ergonomics)
[154.099s][info][gc,phases,start] GC(305) Marking Phase
[156.066s][info][gc,phases      ] GC(305) Marking Phase 1966.492ms
[156.066s][info][gc,phases,start] GC(305) Summary Phase
[156.066s][info][gc,phases      ] GC(305) Summary Phase 0.083ms
[156.066s][info][gc,phases,start] GC(305) Adjust Roots
[156.066s][info][gc,phases      ] GC(305) Adjust Roots 0.161ms
[156.066s][info][gc,phases,start] GC(305) Compaction Phase
[156.657s][info][gc,phases      ] GC(305) Compaction Phase 590.923ms
[156.657s][info][gc,phases,start] GC(305) Post Compact
[156.671s][info][gc,phases      ] GC(305) Post Compact 13.690ms
[156.671s][info][gc,heap        ] GC(305) PSYoungGen: 355357K(502784K)->355357K(502784K) Eden: 143359K(143360K)->143359K(143360K) From: 211997K(359424K)->211997K(359424K)
[156.671s][info][gc,heap        ] GC(305) ParOldGen: 8260568K(8260608K)->8260568K(8260608K)
[156.671s][info][gc,metaspace   ] GC(305) Metaspace: 6298K(6464K)->6298K(6464K) NonClass: 5765K(5824K)->5765K(5824K) Class: 533K(640K)->533K(640K)
[156.671s][info][gc             ] GC(305) Pause Full (Ergonomics) 8413M->8413M(8558M) 2571.656ms
[156.671s][info][gc,cpu         ] GC(305) User=19.52s Sys=0.00s Real=2.57s
[156.671s][info][gc,start       ] GC(306) Pause Full (Ergonomics)
[156.671s][info][gc,phases,start] GC(306) Marking Phase
[158.592s][info][gc,phases      ] GC(306) Marking Phase 1920.821ms
[158.592s][info][gc,phases,start] GC(306) Summary Phase
[158.592s][info][gc,phases      ] GC(306) Summary Phase 0.113ms
[158.592s][info][gc,phases,start] GC(306) Adjust Roots
[158.592s][info][gc,phases      ] GC(306) Adjust Roots 0.228ms
[158.592s][info][gc,phases,start] GC(306) Compaction Phase
[159.177s][info][gc,phases      ] GC(306) Compaction Phase 584.547ms
[159.177s][info][gc,phases,start] GC(306) Post Compact
[159.191s][info][gc,phases      ] GC(306) Post Compact 13.533ms
[159.191s][info][gc,heap        ] GC(306) PSYoungGen: 355357K(502784K)->355357K(502784K) Eden: 143359K(143360K)->143359K(143360K) From: 211997K(359424K)->211997K(359424K)
[159.191s][info][gc,heap        ] GC(306) ParOldGen: 8260573K(8260608K)->8260573K(8260608K)
[159.191s][info][gc,metaspace   ] GC(306) Metaspace: 6298K(6464K)->6298K(6464K) NonClass: 5765K(5824K)->5765K(5824K) Class: 533K(640K)->533K(640K)
[159.191s][info][gc             ] GC(306) Pause Full (Ergonomics) 8413M->8413M(8558M) 2519.602ms
[159.191s][info][gc,cpu         ] GC(306) User=19.30s Sys=0.00s Real=2.52s
[159.191s][info][gc,start       ] GC(307) Pause Full (Ergonomics)
[159.191s][info][gc,phases,start] GC(307) Marking Phase
[161.139s][info][gc,phases      ] GC(307) Marking Phase 1948.257ms
[161.139s][info][gc,phases,start] GC(307) Summary Phase
[161.139s][info][gc,phases      ] GC(307) Summary Phase 0.097ms
[161.139s][info][gc,phases,start] GC(307) Adjust Roots
[161.140s][info][gc,phases      ] GC(307) Adjust Roots 0.179ms
[161.140s][info][gc,phases,start] GC(307) Compaction Phase
[161.768s][info][gc,phases      ] GC(307) Compaction Phase 628.615ms
[161.768s][info][gc,phases,start] GC(307) Post Compact
[161.782s][info][gc,phases      ] GC(307) Post Compact 13.300ms
[161.782s][info][gc,heap        ] GC(307) PSYoungGen: 355357K(502784K)->355357K(502784K) Eden: 143359K(143360K)->143359K(143360K) From: 211997K(359424K)->211997K(359424K)
[161.782s][info][gc,heap        ] GC(307) ParOldGen: 8260577K(8260608K)->8260577K(8260608K)
[161.782s][info][gc,metaspace   ] GC(307) Metaspace: 6298K(6464K)->6298K(6464K) NonClass: 5765K(5824K)->5765K(5824K) Class: 533K(640K)->533K(640K)
[161.782s][info][gc             ] GC(307) Pause Full (Ergonomics) 8413M->8413M(8558M) 2590.774ms
[161.782s][info][gc,cpu         ] GC(307) User=19.58s Sys=0.00s Real=2.59s
[161.782s][info][gc,start       ] GC(308) Pause Full (Ergonomics)
[161.782s][info][gc,phases,start] GC(308) Marking Phase
[163.740s][info][gc,phases      ] GC(308) Marking Phase 1957.897ms
[163.740s][info][gc,phases,start] GC(308) Summary Phase
[163.740s][info][gc,phases      ] GC(308) Summary Phase 0.102ms
[163.740s][info][gc,phases,start] GC(308) Adjust Roots
[163.740s][info][gc,phases      ] GC(308) Adjust Roots 0.199ms
[163.740s][info][gc,phases,start] GC(308) Compaction Phase
[164.330s][info][gc,phases      ] GC(308) Compaction Phase 589.977ms
[164.330s][info][gc,phases,start] GC(308) Post Compact
[164.344s][info][gc,phases      ] GC(308) Post Compact 13.224ms
[164.344s][info][gc,heap        ] GC(308) PSYoungGen: 355357K(502784K)->355357K(502784K) Eden: 143359K(143360K)->143359K(143360K) From: 211997K(359424K)->211997K(359424K)
[164.344s][info][gc,heap        ] GC(308) ParOldGen: 8260582K(8260608K)->8260582K(8260608K)
[164.344s][info][gc,metaspace   ] GC(308) Metaspace: 6298K(6464K)->6298K(6464K) NonClass: 5765K(5824K)->5765K(5824K) Class: 533K(640K)->533K(640K)
[164.344s][info][gc             ] GC(308) Pause Full (Ergonomics) 8414M->8414M(8558M) 2561.786ms
[164.344s][info][gc,cpu         ] GC(308) User=19.70s Sys=0.00s Real=2.56s
[164.344s][info][gc,start       ] GC(309) Pause Full (Ergonomics)
[164.344s][info][gc,phases,start] GC(309) Marking Phase
[166.304s][info][gc,phases      ] GC(309) Marking Phase 1959.844ms
[166.304s][info][gc,phases,start] GC(309) Summary Phase
[166.304s][info][gc,phases      ] GC(309) Summary Phase 0.083ms
[166.304s][info][gc,phases,start] GC(309) Adjust Roots
[166.304s][info][gc,phases      ] GC(309) Adjust Roots 0.171ms
[166.304s][info][gc,phases,start] GC(309) Compaction Phase
[166.897s][info][gc,phases      ] GC(309) Compaction Phase 593.151ms
[166.897s][info][gc,phases,start] GC(309) Post Compact
[166.912s][info][gc,phases      ] GC(309) Post Compact 14.804ms
[166.912s][info][gc,heap        ] GC(309) PSYoungGen: 355357K(502784K)->355357K(502784K) Eden: 143359K(143360K)->143359K(143360K) From: 211997K(359424K)->211997K(359424K)
[166.912s][info][gc,heap        ] GC(309) ParOldGen: 8260587K(8260608K)->8260587K(8260608K)
[166.912s][info][gc,metaspace   ] GC(309) Metaspace: 6298K(6464K)->6298K(6464K) NonClass: 5765K(5824K)->5765K(5824K) Class: 533K(640K)->533K(640K)
[166.912s][info][gc             ] GC(309) Pause Full (Ergonomics) 8414M->8414M(8558M) 2568.393ms
[166.912s][info][gc,cpu         ] GC(309) User=19.70s Sys=0.00s Real=2.57s
[166.913s][info][gc,start       ] GC(310) Pause Full (Ergonomics)
[166.913s][info][gc,phases,start] GC(310) Marking Phase
[168.896s][info][gc,phases      ] GC(310) Marking Phase 1983.605ms
[168.896s][info][gc,phases,start] GC(310) Summary Phase
[168.896s][info][gc,phases      ] GC(310) Summary Phase 0.107ms
[168.896s][info][gc,phases,start] GC(310) Adjust Roots
[168.897s][info][gc,phases      ] GC(310) Adjust Roots 0.233ms
[168.897s][info][gc,phases,start] GC(310) Compaction Phase
[169.493s][info][gc,phases      ] GC(310) Compaction Phase 596.079ms
[169.493s][info][gc,phases,start] GC(310) Post Compact
[169.506s][info][gc,phases      ] GC(310) Post Compact 13.537ms
[169.506s][info][gc,heap        ] GC(310) PSYoungGen: 355357K(502784K)->355357K(502784K) Eden: 143359K(143360K)->143359K(143360K) From: 211997K(359424K)->211997K(359424K)
[169.506s][info][gc,heap        ] GC(310) ParOldGen: 8260592K(8260608K)->8260592K(8260608K)
[169.506s][info][gc,metaspace   ] GC(310) Metaspace: 6298K(6464K)->6298K(6464K) NonClass: 5765K(5824K)->5765K(5824K) Class: 533K(640K)->533K(640K)
[169.506s][info][gc             ] GC(310) Pause Full (Ergonomics) 8414M->8414M(8558M) 2593.937ms
[169.507s][info][gc,cpu         ] GC(310) User=19.56s Sys=0.03s Real=2.59s
[169.507s][info][gc,start       ] GC(311) Pause Full (Ergonomics)
[169.507s][info][gc,phases,start] GC(311) Marking Phase
[171.457s][info][gc,phases      ] GC(311) Marking Phase 1949.975ms
[171.457s][info][gc,phases,start] GC(311) Summary Phase
[171.457s][info][gc,phases      ] GC(311) Summary Phase 0.085ms
[171.457s][info][gc,phases,start] GC(311) Adjust Roots
[171.457s][info][gc,phases      ] GC(311) Adjust Roots 0.259ms
[171.457s][info][gc,phases,start] GC(311) Compaction Phase
[172.071s][info][gc,phases      ] GC(311) Compaction Phase 613.309ms
[172.071s][info][gc,phases,start] GC(311) Post Compact
[172.084s][info][gc,phases      ] GC(311) Post Compact 13.205ms
[172.084s][info][gc,heap        ] GC(311) PSYoungGen: 355357K(502784K)->355357K(502784K) Eden: 143359K(143360K)->143359K(143360K) From: 211997K(359424K)->211997K(359424K)
[172.084s][info][gc,heap        ] GC(311) ParOldGen: 8260597K(8260608K)->8260597K(8260608K)
[172.084s][info][gc,metaspace   ] GC(311) Metaspace: 6298K(6464K)->6298K(6464K) NonClass: 5765K(5824K)->5765K(5824K) Class: 533K(640K)->533K(640K)
[172.084s][info][gc             ] GC(311) Pause Full (Ergonomics) 8414M->8414M(8558M) 2577.184ms
[172.084s][info][gc,cpu         ] GC(311) User=19.38s Sys=0.00s Real=2.58s
[172.084s][info][gc,start       ] GC(312) Pause Full (Ergonomics)
[172.084s][info][gc,phases,start] GC(312) Marking Phase
[174.014s][info][gc,phases      ] GC(312) Marking Phase 1929.909ms
[174.014s][info][gc,phases,start] GC(312) Summary Phase
[174.014s][info][gc,phases      ] GC(312) Summary Phase 0.099ms
[174.014s][info][gc,phases,start] GC(312) Adjust Roots
[174.015s][info][gc,phases      ] GC(312) Adjust Roots 0.222ms
[174.015s][info][gc,phases,start] GC(312) Compaction Phase
[174.620s][info][gc,phases      ] GC(312) Compaction Phase 605.624ms
[174.620s][info][gc,phases,start] GC(312) Post Compact
[174.634s][info][gc,phases      ] GC(312) Post Compact 13.801ms
[174.634s][info][gc,heap        ] GC(312) PSYoungGen: 355357K(502784K)->355357K(502784K) Eden: 143359K(143360K)->143359K(143360K) From: 211997K(359424K)->211997K(359424K)
[174.634s][info][gc,heap        ] GC(312) ParOldGen: 8260602K(8260608K)->8260602K(8260608K)
[174.634s][info][gc,metaspace   ] GC(312) Metaspace: 6298K(6464K)->6298K(6464K) NonClass: 5765K(5824K)->5765K(5824K) Class: 533K(640K)->533K(640K)
[174.634s][info][gc             ] GC(312) Pause Full (Ergonomics) 8414M->8414M(8558M) 2550.038ms
[174.634s][info][gc,cpu         ] GC(312) User=19.38s Sys=0.00s Real=2.55s
[174.634s][info][gc,start       ] GC(313) Pause Full (Ergonomics)
[174.635s][info][gc,phases,start] GC(313) Marking Phase
[176.587s][info][gc,phases      ] GC(313) Marking Phase 1952.083ms
[176.587s][info][gc,phases,start] GC(313) Summary Phase
[176.587s][info][gc,phases      ] GC(313) Summary Phase 0.088ms
[176.587s][info][gc,phases,start] GC(313) Adjust Roots
[176.587s][info][gc,phases      ] GC(313) Adjust Roots 0.186ms
[176.587s][info][gc,phases,start] GC(313) Compaction Phase
[177.184s][info][gc,phases      ] GC(313) Compaction Phase 596.594ms
[177.184s][info][gc,phases,start] GC(313) Post Compact
[177.197s][info][gc,phases      ] GC(313) Post Compact 13.413ms
[177.197s][info][gc,heap        ] GC(313) PSYoungGen: 355357K(502784K)->355357K(502784K) Eden: 143359K(143360K)->143359K(143360K) From: 211997K(359424K)->211997K(359424K)
[177.197s][info][gc,heap        ] GC(313) ParOldGen: 8260606K(8260608K)->8260606K(8260608K)
[177.197s][info][gc,metaspace   ] GC(313) Metaspace: 6298K(6464K)->6298K(6464K) NonClass: 5765K(5824K)->5765K(5824K) Class: 533K(640K)->533K(640K)
[177.197s][info][gc             ] GC(313) Pause Full (Ergonomics) 8414M->8414M(8558M) 2562.717ms
[177.197s][info][gc,cpu         ] GC(313) User=19.47s Sys=0.00s Real=2.56s
[177.197s][info][gc,start       ] GC(314) Pause Full (Ergonomics)
[177.197s][info][gc,phases,start] GC(314) Marking Phase
[179.157s][info][gc,phases      ] GC(314) Marking Phase 1959.995ms
[179.157s][info][gc,phases,start] GC(314) Summary Phase
[179.158s][info][gc,phases      ] GC(314) Summary Phase 0.089ms
[179.158s][info][gc,phases,start] GC(314) Adjust Roots
[179.158s][info][gc,phases      ] GC(314) Adjust Roots 0.192ms
[179.158s][info][gc,phases,start] GC(314) Compaction Phase
[179.761s][info][gc,phases      ] GC(314) Compaction Phase 603.258ms
[179.761s][info][gc,phases,start] GC(314) Post Compact
[179.775s][info][gc,phases      ] GC(314) Post Compact 13.443ms
[179.775s][info][gc,heap        ] GC(314) PSYoungGen: 355357K(502784K)->355357K(502784K) Eden: 143359K(143360K)->143359K(143360K) From: 211997K(359424K)->211997K(359424K)
[179.775s][info][gc,heap        ] GC(314) ParOldGen: 8260608K(8260608K)->8260608K(8260608K)
[179.775s][info][gc,metaspace   ] GC(314) Metaspace: 6298K(6464K)->6298K(6464K) NonClass: 5765K(5824K)->5765K(5824K) Class: 533K(640K)->533K(640K)
[179.775s][info][gc             ] GC(314) Pause Full (Ergonomics) 8414M->8414M(8558M) 2577.311ms
[179.775s][info][gc,cpu         ] GC(314) User=19.52s Sys=0.00s Real=2.58s
[179.775s][info][gc,start       ] GC(315) Pause Full (Allocation Failure)
[179.775s][info][gc,phases,start] GC(315) Marking Phase
[181.718s][info][gc,phases      ] GC(315) Marking Phase 1943.318ms
[181.718s][info][gc,phases,start] GC(315) Summary Phase
[181.718s][info][gc,phases      ] GC(315) Summary Phase 0.084ms
[181.718s][info][gc,phases,start] GC(315) Adjust Roots
[181.719s][info][gc,phases      ] GC(315) Adjust Roots 0.385ms
[181.719s][info][gc,phases,start] GC(315) Compaction Phase
[183.847s][info][gc,phases      ] GC(315) Compaction Phase 2128.754ms
[183.848s][info][gc,phases,start] GC(315) Post Compact
[183.861s][info][gc,phases      ] GC(315) Post Compact 13.628ms
[183.861s][info][gc,heap        ] GC(315) PSYoungGen: 355357K(502784K)->355357K(502784K) Eden: 143359K(143360K)->143359K(143360K) From: 211997K(359424K)->211997K(359424K)
[183.861s][info][gc,heap        ] GC(315) ParOldGen: 8260608K(8260608K)->8260603K(8260608K)
[183.861s][info][gc,metaspace   ] GC(315) Metaspace: 6298K(6464K)->6296K(6464K) NonClass: 5765K(5824K)->5764K(5824K) Class: 533K(640K)->532K(640K)
[183.861s][info][gc             ] GC(315) Pause Full (Allocation Failure) 8414M->8414M(8558M) 4086.528ms
[183.861s][info][gc,cpu         ] GC(315) User=30.55s Sys=0.03s Real=4.09s
[183.862s][info][gc,start       ] GC(316) Pause Full (Ergonomics)
[183.862s][info][gc,phases,start] GC(316) Marking Phase
[185.815s][info][gc,phases      ] GC(316) Marking Phase 1952.731ms
[185.815s][info][gc,phases,start] GC(316) Summary Phase
[185.815s][info][gc,phases      ] GC(316) Summary Phase 0.152ms
[185.815s][info][gc,phases,start] GC(316) Adjust Roots
[185.815s][info][gc,phases      ] GC(316) Adjust Roots 0.250ms
[185.815s][info][gc,phases,start] GC(316) Compaction Phase
[186.397s][info][gc,phases      ] GC(316) Compaction Phase 582.296ms
[186.397s][info][gc,phases,start] GC(316) Post Compact
[186.411s][info][gc,phases      ] GC(316) Post Compact 13.389ms
[186.411s][info][gc,heap        ] GC(316) PSYoungGen: 355357K(502784K)->355357K(502784K) Eden: 143359K(143360K)->143359K(143360K) From: 211997K(359424K)->211997K(359424K)
[186.411s][info][gc,heap        ] GC(316) ParOldGen: 8260607K(8260608K)->8260607K(8260608K)
[186.411s][info][gc,metaspace   ] GC(316) Metaspace: 6296K(6464K)->6296K(6464K) NonClass: 5764K(5824K)->5764K(5824K) Class: 532K(640K)->532K(640K)
[186.411s][info][gc             ] GC(316) Pause Full (Ergonomics) 8414M->8414M(8558M) 2549.171ms
[186.411s][info][gc,cpu         ] GC(316) User=19.42s Sys=0.00s Real=2.55s
[186.411s][info][gc,start       ] GC(317) Pause Full (Ergonomics)
[186.411s][info][gc,phases,start] GC(317) Marking Phase
[188.362s][info][gc,phases      ] GC(317) Marking Phase 1950.915ms
[188.362s][info][gc,phases,start] GC(317) Summary Phase
[188.362s][info][gc,phases      ] GC(317) Summary Phase 0.098ms
[188.362s][info][gc,phases,start] GC(317) Adjust Roots
[188.363s][info][gc,phases      ] GC(317) Adjust Roots 0.223ms
[188.363s][info][gc,phases,start] GC(317) Compaction Phase
[188.973s][info][gc,phases      ] GC(317) Compaction Phase 610.066ms
[188.973s][info][gc,phases,start] GC(317) Post Compact
[188.987s][info][gc,phases      ] GC(317) Post Compact 13.819ms
[188.987s][info][gc,heap        ] GC(317) PSYoungGen: 355357K(502784K)->355357K(502784K) Eden: 143359K(143360K)->143359K(143360K) From: 211997K(359424K)->211997K(359424K)
[188.987s][info][gc,heap        ] GC(317) ParOldGen: 8260607K(8260608K)->8260607K(8260608K)
[188.987s][info][gc,metaspace   ] GC(317) Metaspace: 6296K(6464K)->6296K(6464K) NonClass: 5764K(5824K)->5764K(5824K) Class: 532K(640K)->532K(640K)
[188.987s][info][gc             ] GC(317) Pause Full (Ergonomics) 8414M->8414M(8558M) 2575.583ms
[188.987s][info][gc,cpu         ] GC(317) User=19.38s Sys=0.00s Real=2.57s
[188.987s][info][gc,start       ] GC(318) Pause Full (Allocation Failure)
[188.987s][info][gc,phases,start] GC(318) Marking Phase
[190.935s][info][gc,phases      ] GC(318) Marking Phase 1948.034ms
[190.935s][info][gc,phases,start] GC(318) Summary Phase
[190.935s][info][gc,phases      ] GC(318) Summary Phase 0.100ms
[190.935s][info][gc,phases,start] GC(318) Adjust Roots
[190.935s][info][gc,phases      ] GC(318) Adjust Roots 0.258ms
[190.936s][info][gc,phases,start] GC(318) Compaction Phase
[191.506s][info][gc,phases      ] GC(318) Compaction Phase 570.650ms
[191.506s][info][gc,phases,start] GC(318) Post Compact
[191.520s][info][gc,phases      ] GC(318) Post Compact 13.600ms
[191.520s][info][gc,heap        ] GC(318) PSYoungGen: 355357K(502784K)->355357K(502784K) Eden: 143359K(143360K)->143359K(143360K) From: 211997K(359424K)->211997K(359424K)
[191.520s][info][gc,heap        ] GC(318) ParOldGen: 8260607K(8260608K)->8260607K(8260608K)
[191.520s][info][gc,metaspace   ] GC(318) Metaspace: 6296K(6464K)->6296K(6464K) NonClass: 5764K(5824K)->5764K(5824K) Class: 532K(640K)->532K(640K)
[191.520s][info][gc             ] GC(318) Pause Full (Allocation Failure) 8414M->8414M(8558M) 2532.990ms
[191.520s][info][gc,cpu         ] GC(318) User=19.58s Sys=0.05s Real=2.53s
[191.520s][info][gc,start       ] GC(319) Pause Full (Ergonomics)
[191.520s][info][gc,phases,start] GC(319) Marking Phase
[193.466s][info][gc,phases      ] GC(319) Marking Phase 1945.312ms
[193.466s][info][gc,phases,start] GC(319) Summary Phase
[193.466s][info][gc,phases      ] GC(319) Summary Phase 0.136ms
[193.466s][info][gc,phases,start] GC(319) Adjust Roots
[193.466s][info][gc,phases      ] GC(319) Adjust Roots 0.371ms
[193.466s][info][gc,phases,start] GC(319) Compaction Phase
[195.588s][info][gc,phases      ] GC(319) Compaction Phase 2121.316ms
[195.588s][info][gc,phases,start] GC(319) Post Compact
[195.602s][info][gc,phases      ] GC(319) Post Compact 13.699ms
[195.602s][info][gc,heap        ] GC(319) PSYoungGen: 355357K(502784K)->355357K(502784K) Eden: 143359K(143360K)->143359K(143360K) From: 211997K(359424K)->211997K(359424K)
[195.602s][info][gc,heap        ] GC(319) ParOldGen: 8260607K(8260608K)->8260606K(8260608K)
[195.602s][info][gc,metaspace   ] GC(319) Metaspace: 6296K(6464K)->6296K(6464K) NonClass: 5764K(5824K)->5764K(5824K) Class: 532K(640K)->532K(640K)
[195.602s][info][gc             ] GC(319) Pause Full (Ergonomics) 8414M->8414M(8558M) 4081.288ms
[195.602s][info][gc,cpu         ] GC(319) User=30.11s Sys=0.03s Real=4.08s
[195.603s][info][gc,start       ] GC(320) Pause Full (Ergonomics)
[195.603s][info][gc,phases,start] GC(320) Marking Phase
[197.571s][info][gc,phases      ] GC(320) Marking Phase 1967.567ms
[197.571s][info][gc,phases,start] GC(320) Summary Phase
[197.571s][info][gc,phases      ] GC(320) Summary Phase 0.092ms
[197.571s][info][gc,phases,start] GC(320) Adjust Roots
[197.571s][info][gc,phases      ] GC(320) Adjust Roots 0.301ms
[197.571s][info][gc,phases,start] GC(320) Compaction Phase
[199.730s][info][gc,phases      ] GC(320) Compaction Phase 2158.444ms
[199.730s][info][gc,phases,start] GC(320) Post Compact
[199.743s][info][gc,phases      ] GC(320) Post Compact 13.587ms
[199.743s][info][gc,heap        ] GC(320) PSYoungGen: 355357K(502784K)->355357K(502784K) Eden: 143359K(143360K)->143359K(143360K) From: 211997K(359424K)->211997K(359424K)
[199.743s][info][gc,heap        ] GC(320) ParOldGen: 8260607K(8260608K)->8260604K(8260608K)
[199.743s][info][gc,metaspace   ] GC(320) Metaspace: 6298K(6464K)->6298K(6464K) NonClass: 5764K(5824K)->5764K(5824K) Class: 533K(640K)->533K(640K)
[199.743s][info][gc             ] GC(320) Pause Full (Ergonomics) 8414M->8414M(8558M) 4140.386ms
[199.743s][info][gc,cpu         ] GC(320) User=30.73s Sys=0.03s Real=4.14s
[199.744s][info][gc,heap,exit   ] Heap
[199.744s][info][gc,heap,exit   ]  PSYoungGen      total 502784K, used 355357K [0x0000000703f00000, 0x000000073a280000, 0x0000000800000000)
[199.744s][info][gc,heap,exit   ]   eden space 143360K, 99% used [0x0000000703f00000,0x000000070caffff8,0x000000070cb00000)
[199.744s][info][gc,heap,exit   ]   from space 359424K, 58% used [0x0000000722f80000,0x000000072fe87630,0x0000000738e80000)
[199.744s][info][gc,heap,exit   ]   to   space 365056K, 0% used [0x000000070cb00000,0x000000070cb00000,0x0000000722f80000)
[199.744s][info][gc,heap,exit   ]  ParOldGen       total 8260608K, used 8260605K [0x000000050bc00000, 0x0000000703f00000, 0x0000000703f00000)
[199.744s][info][gc,heap,exit   ]   object space 8260608K, 99% used [0x000000050bc00000,0x0000000703eff750,0x0000000703f00000)
[199.744s][info][gc,heap,exit   ]  Metaspace       used 6301K, committed 6464K, reserved 1114112K
[199.744s][info][gc,heap,exit   ]   class space    used 534K, committed 640K, reserved 1048576K
