[0.011s][info][gc,init] CardTable entry size: 512
[0.012s][info][gc     ] Using Serial
[0.012s][info][gc,init] Version: 18.0.1+10 (release)
[0.012s][info][gc,init] CPUs: 8 total, 8 available
[0.012s][info][gc,init] Memory: 16063M
[0.012s][info][gc,init] Large Page Support: Disabled
[0.012s][info][gc,init] NUMA Support: Disabled
[0.012s][info][gc,init] Compressed Oops: Enabled (Zero based)
[0.012s][info][gc,init] Heap Min Capacity: 2M
[0.012s][info][gc,init] Heap Initial Capacity: 2M
[0.012s][info][gc,init] Heap Max Capacity: 5200M
[0.012s][info][gc,init] Pre-touch: Disabled
[0.013s][info][gc,metaspace] CDS archive(s) not mapped
[0.013s][info][gc,metaspace] Compressed class space mapped at: 0x0000000800000000-0x0000000840000000, reserved size: 1073741824
[0.013s][info][gc,metaspace] Narrow klass base: 0x0000000800000000, Narrow klass shift: 0, Narrow klass range: 0x40000000
[0.183s][info][gc,start    ] GC(0) Pause Young (Allocation Failure)
[0.185s][info][gc,heap     ] GC(0) DefNew: 1023K(1152K)->127K(1152K) Eden: 1023K(1024K)->0K(1024K) From: 0K(128K)->127K(128K)
[0.185s][info][gc,heap     ] GC(0) Tenured: 0K(768K)->439K(768K)
[0.185s][info][gc,metaspace] GC(0) Metaspace: 5902K(6016K)->5902K(6016K) NonClass: 5403K(5504K)->5403K(5504K) Class: 499K(512K)->499K(512K)
[0.185s][info][gc          ] GC(0) Pause Young (Allocation Failure) 0M->0M(1M) 1.856ms
[0.185s][info][gc,cpu      ] GC(0) User=0.00s Sys=0.00s Real=0.00s
[0.207s][info][gc,start    ] GC(1) Pause Young (Allocation Failure)
[0.208s][info][gc          ] GC(1) Pause Young (Allocation Failure) 1M->0M(2M) 1.212ms
[0.208s][info][gc,cpu      ] GC(1) User=0.00s Sys=0.00s Real=0.00s
[0.208s][info][gc,start    ] GC(2) Pause Full (Allocation Failure)
[0.208s][info][gc,phases,start] GC(2) Phase 1: Mark live objects
[0.209s][info][gc,phases      ] GC(2) Phase 1: Mark live objects 0.980ms
[0.209s][info][gc,phases,start] GC(2) Phase 2: Compute new object addresses
[0.209s][info][gc,phases      ] GC(2) Phase 2: Compute new object addresses 0.221ms
[0.209s][info][gc,phases,start] GC(2) Phase 3: Adjust pointers
[0.210s][info][gc,phases      ] GC(2) Phase 3: Adjust pointers 0.478ms
[0.210s][info][gc,phases,start] GC(2) Phase 4: Move objects
[0.210s][info][gc,phases      ] GC(2) Phase 4: Move objects 0.063ms
[0.210s][info][gc,heap        ] GC(2) DefNew: 1151K(1152K)->40K(1152K) Eden: 1024K(1024K)->40K(1024K) From: 127K(128K)->0K(128K)
[0.210s][info][gc,heap        ] GC(2) Tenured: 439K(768K)->960K(1600K)
[0.210s][info][gc,metaspace   ] GC(2) Metaspace: 6301K(6528K)->6301K(6528K) NonClass: 5767K(5888K)->5767K(5888K) Class: 533K(640K)->533K(640K)
[0.210s][info][gc             ] GC(2) Pause Full (Allocation Failure) 0M->0M(2M) 2.022ms
[0.210s][info][gc,cpu         ] GC(2) User=0.00s Sys=0.00s Real=0.00s
[0.211s][info][gc,start       ] GC(3) Pause Young (Allocation Failure)
[0.213s][info][gc,heap        ] GC(3) DefNew: 1024K(1152K)->128K(1152K) Eden: 1024K(1024K)->0K(1024K) From: 0K(128K)->128K(128K)
[0.213s][info][gc,heap        ] GC(3) Tenured: 960K(1600K)->1375K(1600K)
[0.213s][info][gc,metaspace   ] GC(3) Metaspace: 6301K(6528K)->6301K(6528K) NonClass: 5767K(5888K)->5767K(5888K) Class: 533K(640K)->533K(640K)
[0.213s][info][gc             ] GC(3) Pause Young (Allocation Failure) 1M->1M(2M) 1.552ms
[0.213s][info][gc,cpu         ] GC(3) User=0.00s Sys=0.00s Real=0.00s
[0.214s][info][gc,start       ] GC(4) Pause Young (Allocation Failure)
[0.216s][info][gc             ] GC(4) Pause Young (Allocation Failure) 2M->1M(3M) 1.266ms
[0.216s][info][gc,cpu         ] GC(4) User=0.00s Sys=0.00s Real=0.00s
[0.216s][info][gc,start       ] GC(5) Pause Full (Allocation Failure)
[0.216s][info][gc,phases,start] GC(5) Phase 1: Mark live objects
[0.217s][info][gc,phases      ] GC(5) Phase 1: Mark live objects 1.503ms
[0.217s][info][gc,phases,start] GC(5) Phase 2: Compute new object addresses
[0.218s][info][gc,phases      ] GC(5) Phase 2: Compute new object addresses 0.366ms
[0.218s][info][gc,phases,start] GC(5) Phase 3: Adjust pointers
[0.218s][info][gc,phases      ] GC(5) Phase 3: Adjust pointers 0.697ms
[0.219s][info][gc,phases,start] GC(5) Phase 4: Move objects
[0.219s][info][gc,phases      ] GC(5) Phase 4: Move objects 0.073ms
[0.219s][info][gc,heap        ] GC(5) DefNew: 1152K(1152K)->35K(1536K) Eden: 1024K(1024K)->35K(1408K) From: 128K(128K)->0K(128K)
[0.219s][info][gc,heap        ] GC(5) Tenured: 1375K(1600K)->1983K(3308K)
[0.219s][info][gc,metaspace   ] GC(5) Metaspace: 6301K(6528K)->6301K(6528K) NonClass: 5767K(5888K)->5767K(5888K) Class: 533K(640K)->533K(640K)
[0.219s][info][gc             ] GC(5) Pause Full (Allocation Failure) 1M->1M(4M) 2.998ms
[0.219s][info][gc,cpu         ] GC(5) User=0.00s Sys=0.00s Real=0.00s
[0.221s][info][gc,start       ] GC(6) Pause Young (Allocation Failure)
[0.222s][info][gc,heap        ] GC(6) DefNew: 1407K(1536K)->127K(1536K) Eden: 1407K(1408K)->0K(1408K) From: 0K(128K)->127K(128K)
[0.222s][info][gc,heap        ] GC(6) Tenured: 1983K(3308K)->2617K(3308K)
[0.222s][info][gc,metaspace   ] GC(6) Metaspace: 6301K(6528K)->6301K(6528K) NonClass: 5767K(5888K)->5767K(5888K) Class: 533K(640K)->533K(640K)
[0.222s][info][gc             ] GC(6) Pause Young (Allocation Failure) 3M->2M(4M) 1.948ms
[0.222s][info][gc,cpu         ] GC(6) User=0.00s Sys=0.00s Real=0.00s
[0.224s][info][gc,start       ] GC(7) Pause Young (Allocation Failure)
[0.226s][info][gc             ] GC(7) Pause Young (Allocation Failure) 4M->3M(4M) 1.542ms
[0.226s][info][gc,cpu         ] GC(7) User=0.00s Sys=0.00s Real=0.00s
[0.226s][info][gc,start       ] GC(8) Pause Full (Allocation Failure)
[0.226s][info][gc,phases,start] GC(8) Phase 1: Mark live objects
[0.228s][info][gc,phases      ] GC(8) Phase 1: Mark live objects 2.033ms
[0.228s][info][gc,phases,start] GC(8) Phase 2: Compute new object addresses
[0.228s][info][gc,phases      ] GC(8) Phase 2: Compute new object addresses 0.661ms
[0.228s][info][gc,phases,start] GC(8) Phase 3: Adjust pointers
[0.230s][info][gc,phases      ] GC(8) Phase 3: Adjust pointers 1.008ms
[0.230s][info][gc,phases,start] GC(8) Phase 4: Move objects
[0.230s][info][gc,phases      ] GC(8) Phase 4: Move objects 0.075ms
[0.230s][info][gc,heap        ] GC(8) DefNew: 1535K(1536K)->0K(2688K) Eden: 1408K(1408K)->0K(2432K) From: 127K(128K)->0K(256K)
[0.230s][info][gc,heap        ] GC(8) Tenured: 2617K(3308K)->3460K(5768K)
[0.230s][info][gc,metaspace   ] GC(8) Metaspace: 6301K(6528K)->6301K(6528K) NonClass: 5767K(5888K)->5767K(5888K) Class: 533K(640K)->533K(640K)
[0.230s][info][gc             ] GC(8) Pause Full (Allocation Failure) 3M->3M(8M) 4.106ms
[0.230s][info][gc,cpu         ] GC(8) User=0.00s Sys=0.00s Real=0.00s
[0.235s][info][gc,start       ] GC(9) Pause Young (Allocation Failure)
[0.238s][info][gc,heap        ] GC(9) DefNew: 2431K(2688K)->256K(2688K) Eden: 2431K(2432K)->0K(2432K) From: 0K(256K)->256K(256K)
[0.238s][info][gc,heap        ] GC(9) Tenured: 3460K(5768K)->4512K(5768K)
[0.238s][info][gc,metaspace   ] GC(9) Metaspace: 6301K(6528K)->6301K(6528K) NonClass: 5767K(5888K)->5767K(5888K) Class: 533K(640K)->533K(640K)
[0.238s][info][gc             ] GC(9) Pause Young (Allocation Failure) 5M->4M(8M) 3.645ms
[0.238s][info][gc,cpu         ] GC(9) User=0.00s Sys=0.00s Real=0.00s
[0.241s][info][gc,start       ] GC(10) Pause Young (Allocation Failure)
[0.245s][info][gc,heap        ] GC(10) DefNew: 2688K(2688K)->255K(2688K) Eden: 2432K(2432K)->0K(2432K) From: 256K(256K)->255K(256K)
[0.245s][info][gc,heap        ] GC(10) Tenured: 4512K(5768K)->5755K(5768K)
[0.245s][info][gc,metaspace   ] GC(10) Metaspace: 6301K(6528K)->6301K(6528K) NonClass: 5767K(5888K)->5767K(5888K) Class: 533K(640K)->533K(640K)
[0.245s][info][gc             ] GC(10) Pause Young (Allocation Failure) 7M->5M(8M) 3.667ms
[0.245s][info][gc,cpu         ] GC(10) User=0.00s Sys=0.00s Real=0.00s
[0.248s][info][gc,start       ] GC(11) Pause Young (Allocation Failure)
[0.251s][info][gc             ] GC(11) Pause Young (Allocation Failure) 8M->7M(9M) 3.079ms
[0.251s][info][gc,cpu         ] GC(11) User=0.00s Sys=0.00s Real=0.00s
[0.251s][info][gc,start       ] GC(12) Pause Full (Allocation Failure)
[0.252s][info][gc,phases,start] GC(12) Phase 1: Mark live objects
[0.255s][info][gc,phases      ] GC(12) Phase 1: Mark live objects 3.981ms
[0.256s][info][gc,phases,start] GC(12) Phase 2: Compute new object addresses
[0.257s][info][gc,phases      ] GC(12) Phase 2: Compute new object addresses 1.263ms
[0.257s][info][gc,phases,start] GC(12) Phase 3: Adjust pointers
[0.259s][info][gc,phases      ] GC(12) Phase 3: Adjust pointers 1.778ms
[0.259s][info][gc,phases,start] GC(12) Phase 4: Move objects
[0.260s][info][gc,phases      ] GC(12) Phase 4: Move objects 1.351ms
[0.260s][info][gc,heap        ] GC(12) DefNew: 2687K(2688K)->0K(5376K) Eden: 2432K(2432K)->0K(4800K) From: 255K(256K)->0K(576K)
[0.260s][info][gc,heap        ] GC(12) Tenured: 5755K(5768K)->7132K(11888K)
[0.260s][info][gc,metaspace   ] GC(12) Metaspace: 6301K(6528K)->6301K(6528K) NonClass: 5767K(5888K)->5767K(5888K) Class: 533K(640K)->533K(640K)
[0.260s][info][gc             ] GC(12) Pause Full (Allocation Failure) 7M->6M(16M) 9.090ms
[0.261s][info][gc,cpu         ] GC(12) User=0.02s Sys=0.00s Real=0.01s
[0.267s][info][gc,start       ] GC(13) Pause Young (Allocation Failure)
[0.272s][info][gc,heap        ] GC(13) DefNew: 4800K(5376K)->575K(5376K) Eden: 4800K(4800K)->0K(4800K) From: 0K(576K)->575K(576K)
[0.272s][info][gc,heap        ] GC(13) Tenured: 7132K(11888K)->9027K(11888K)
[0.272s][info][gc,metaspace   ] GC(13) Metaspace: 6301K(6528K)->6301K(6528K) NonClass: 5767K(5888K)->5767K(5888K) Class: 533K(640K)->533K(640K)
[0.272s][info][gc             ] GC(13) Pause Young (Allocation Failure) 11M->9M(16M) 5.564ms
[0.272s][info][gc,cpu         ] GC(13) User=0.02s Sys=0.00s Real=0.01s
[0.278s][info][gc,start       ] GC(14) Pause Young (Allocation Failure)
[0.285s][info][gc,heap        ] GC(14) DefNew: 5375K(5376K)->576K(5376K) Eden: 4800K(4800K)->0K(4800K) From: 575K(576K)->576K(576K)
[0.285s][info][gc,heap        ] GC(14) Tenured: 9027K(11888K)->11746K(11888K)
[0.285s][info][gc,metaspace   ] GC(14) Metaspace: 6301K(6528K)->6301K(6528K) NonClass: 5767K(5888K)->5767K(5888K) Class: 533K(640K)->533K(640K)
[0.285s][info][gc             ] GC(14) Pause Young (Allocation Failure) 14M->12M(16M) 6.589ms
[0.285s][info][gc,cpu         ] GC(14) User=0.00s Sys=0.00s Real=0.01s
[0.288s][info][gc,start       ] GC(15) Pause Young (Allocation Failure)
[0.295s][info][gc             ] GC(15) Pause Young (Allocation Failure) 16M->14M(19M) 6.025ms
[0.295s][info][gc,cpu         ] GC(15) User=0.00s Sys=0.00s Real=0.01s
[0.295s][info][gc,start       ] GC(16) Pause Full (Allocation Failure)
[0.295s][info][gc,phases,start] GC(16) Phase 1: Mark live objects
[0.303s][info][gc,phases      ] GC(16) Phase 1: Mark live objects 7.896ms
[0.303s][info][gc,phases,start] GC(16) Phase 2: Compute new object addresses
[0.305s][info][gc,phases      ] GC(16) Phase 2: Compute new object addresses 2.495ms
[0.305s][info][gc,phases,start] GC(16) Phase 3: Adjust pointers
[0.309s][info][gc,phases      ] GC(16) Phase 3: Adjust pointers 3.413ms
[0.309s][info][gc,phases,start] GC(16) Phase 4: Move objects
[0.309s][info][gc,phases      ] GC(16) Phase 4: Move objects 0.217ms
[0.309s][info][gc,heap        ] GC(16) DefNew: 5376K(5376K)->411K(10880K) Eden: 4800K(4800K)->411K(9728K) From: 576K(576K)->0K(1152K)
[0.309s][info][gc,heap        ] GC(16) Tenured: 11746K(11888K)->14383K(23976K)
[0.309s][info][gc,metaspace   ] GC(16) Metaspace: 6303K(6528K)->6303K(6528K) NonClass: 5769K(5888K)->5769K(5888K) Class: 533K(640K)->533K(640K)
[0.309s][info][gc             ] GC(16) Pause Full (Allocation Failure) 14M->14M(34M) 14.419ms
[0.309s][info][gc,cpu         ] GC(16) User=0.02s Sys=0.00s Real=0.02s
[0.316s][info][gc,start       ] GC(17) Pause Young (Allocation Failure)
[0.329s][info][gc,heap        ] GC(17) DefNew: 9728K(10880K)->1152K(10880K) Eden: 9728K(9728K)->0K(9728K) From: 0K(1152K)->1152K(1152K)
[0.329s][info][gc,heap        ] GC(17) Tenured: 14383K(23976K)->18409K(23976K)
[0.329s][info][gc,metaspace   ] GC(17) Metaspace: 6303K(6528K)->6303K(6528K) NonClass: 5769K(5888K)->5769K(5888K) Class: 533K(640K)->533K(640K)
[0.329s][info][gc             ] GC(17) Pause Young (Allocation Failure) 23M->19M(34M) 12.775ms
[0.329s][info][gc,cpu         ] GC(17) User=0.00s Sys=0.00s Real=0.01s
[0.336s][info][gc,start       ] GC(18) Pause Young (Allocation Failure)
[0.348s][info][gc,heap        ] GC(18) DefNew: 10880K(10880K)->1151K(10880K) Eden: 9728K(9728K)->0K(9728K) From: 1152K(1152K)->1151K(1152K)
[0.348s][info][gc,heap        ] GC(18) Tenured: 18409K(23976K)->23929K(23976K)
[0.348s][info][gc,metaspace   ] GC(18) Metaspace: 6303K(6528K)->6303K(6528K) NonClass: 5769K(5888K)->5769K(5888K) Class: 533K(640K)->533K(640K)
[0.348s][info][gc             ] GC(18) Pause Young (Allocation Failure) 28M->24M(34M) 12.058ms
[0.348s][info][gc,cpu         ] GC(18) User=0.00s Sys=0.00s Real=0.01s
[0.354s][info][gc,start       ] GC(19) Pause Young (Allocation Failure)
[0.365s][info][gc             ] GC(19) Pause Young (Allocation Failure) 33M->29M(38M) 11.396ms
[0.365s][info][gc,cpu         ] GC(19) User=0.00s Sys=0.00s Real=0.01s
[0.365s][info][gc,start       ] GC(20) Pause Full (Allocation Failure)
[0.365s][info][gc,phases,start] GC(20) Phase 1: Mark live objects
[0.379s][info][gc,phases      ] GC(20) Phase 1: Mark live objects 14.106ms
[0.379s][info][gc,phases,start] GC(20) Phase 2: Compute new object addresses
[0.384s][info][gc,phases      ] GC(20) Phase 2: Compute new object addresses 4.676ms
[0.384s][info][gc,phases,start] GC(20) Phase 3: Adjust pointers
[0.389s][info][gc,phases      ] GC(20) Phase 3: Adjust pointers 5.249ms
[0.389s][info][gc,phases,start] GC(20) Phase 4: Move objects
[0.390s][info][gc,phases      ] GC(20) Phase 4: Move objects 0.184ms
[0.390s][info][gc,heap        ] GC(20) DefNew: 10879K(10880K)->1073K(21888K) Eden: 9728K(9728K)->1073K(19520K) From: 1151K(1152K)->0K(2368K)
[0.390s][info][gc,heap        ] GC(20) Tenured: 23929K(23976K)->29035K(48396K)
[0.390s][info][gc,metaspace   ] GC(20) Metaspace: 6303K(6528K)->6303K(6528K) NonClass: 5769K(5888K)->5769K(5888K) Class: 533K(640K)->533K(640K)
[0.390s][info][gc             ] GC(20) Pause Full (Allocation Failure) 29M->29M(68M) 24.645ms
[0.390s][info][gc,cpu         ] GC(20) User=0.03s Sys=0.00s Real=0.03s
[0.406s][info][gc,start       ] GC(21) Pause Young (Allocation Failure)
[0.435s][info][gc,heap        ] GC(21) DefNew: 19520K(21888K)->2367K(21888K) Eden: 19520K(19520K)->0K(19520K) From: 0K(2368K)->2367K(2368K)
[0.435s][info][gc,heap        ] GC(21) Tenured: 29035K(48396K)->39320K(48396K)
[0.435s][info][gc,metaspace   ] GC(21) Metaspace: 6303K(6528K)->6303K(6528K) NonClass: 5769K(5888K)->5769K(5888K) Class: 533K(640K)->533K(640K)
[0.435s][info][gc             ] GC(21) Pause Young (Allocation Failure) 47M->40M(68M) 28.953ms
[0.435s][info][gc,cpu         ] GC(21) User=0.02s Sys=0.00s Real=0.03s
[0.453s][info][gc,start       ] GC(22) Pause Young (Allocation Failure)
[0.488s][info][gc             ] GC(22) Pause Young (Allocation Failure) 59M->59M(78M) 35.121ms
[0.489s][info][gc,cpu         ] GC(22) User=0.03s Sys=0.02s Real=0.03s
[0.489s][info][gc,start       ] GC(23) Pause Full (Allocation Failure)
[0.489s][info][gc,phases,start] GC(23) Phase 1: Mark live objects
[0.514s][info][gc,phases      ] GC(23) Phase 1: Mark live objects 25.923ms
[0.515s][info][gc,phases,start] GC(23) Phase 2: Compute new object addresses
[0.525s][info][gc,phases      ] GC(23) Phase 2: Compute new object addresses 10.266ms
[0.525s][info][gc,phases,start] GC(23) Phase 3: Adjust pointers
[0.537s][info][gc,phases      ] GC(23) Phase 3: Adjust pointers 11.784ms
[0.537s][info][gc,phases,start] GC(23) Phase 4: Move objects
[0.537s][info][gc,phases      ] GC(23) Phase 4: Move objects 0.359ms
[0.537s][info][gc,heap        ] GC(23) DefNew: 21887K(21888K)->2225K(44288K) Eden: 19520K(19520K)->2225K(39424K) From: 2367K(2368K)->0K(4864K)
[0.537s][info][gc,heap        ] GC(23) Tenured: 39320K(48396K)->58955K(98260K)
[0.537s][info][gc,metaspace   ] GC(23) Metaspace: 6303K(6528K)->6303K(6528K) NonClass: 5769K(5888K)->5769K(5888K) Class: 533K(640K)->533K(640K)
[0.538s][info][gc             ] GC(23) Pause Full (Allocation Failure) 59M->59M(139M) 49.003ms
[0.538s][info][gc,cpu         ] GC(23) User=0.02s Sys=0.00s Real=0.05s
[0.579s][info][gc,start       ] GC(24) Pause Young (Allocation Failure)
[0.643s][info][gc,heap        ] GC(24) DefNew: 39424K(44288K)->4863K(44288K) Eden: 39424K(39424K)->0K(39424K) From: 0K(4864K)->4863K(4864K)
[0.643s][info][gc,heap        ] GC(24) Tenured: 58955K(98260K)->93491K(98260K)
[0.643s][info][gc,metaspace   ] GC(24) Metaspace: 6303K(6528K)->6303K(6528K) NonClass: 5769K(5888K)->5769K(5888K) Class: 533K(640K)->533K(640K)
[0.643s][info][gc             ] GC(24) Pause Young (Allocation Failure) 96M->96M(139M) 63.581ms
[0.643s][info][gc,cpu         ] GC(24) User=0.05s Sys=0.02s Real=0.06s
[0.675s][info][gc,start       ] GC(25) Pause Young (Allocation Failure)
[0.752s][info][gc             ] GC(25) Pause Young (Allocation Failure) 134M->134M(173M) 77.291ms
[0.752s][info][gc,cpu         ] GC(25) User=0.06s Sys=0.00s Real=0.08s
[0.752s][info][gc,start       ] GC(26) Pause Full (Allocation Failure)
[0.752s][info][gc,phases,start] GC(26) Phase 1: Mark live objects
[0.810s][info][gc,phases      ] GC(26) Phase 1: Mark live objects 57.535ms
[0.810s][info][gc,phases,start] GC(26) Phase 2: Compute new object addresses
[0.832s][info][gc,phases      ] GC(26) Phase 2: Compute new object addresses 21.835ms
[0.832s][info][gc,phases,start] GC(26) Phase 3: Adjust pointers
[0.859s][info][gc,phases      ] GC(26) Phase 3: Adjust pointers 26.927ms
[0.859s][info][gc,phases,start] GC(26) Phase 4: Move objects
[0.883s][info][gc,phases      ] GC(26) Phase 4: Move objects 23.690ms
[0.883s][info][gc,heap        ] GC(26) DefNew: 44287K(44288K)->1020K(99712K) Eden: 39424K(39424K)->1020K(88640K) From: 4863K(4864K)->0K(11072K)
[0.883s][info][gc,heap        ] GC(26) Tenured: 93491K(98260K)->132887K(221480K)
[0.883s][info][gc,metaspace   ] GC(26) Metaspace: 6303K(6528K)->6303K(6528K) NonClass: 5769K(5888K)->5769K(5888K) Class: 533K(640K)->533K(640K)
[0.883s][info][gc             ] GC(26) Pause Full (Allocation Failure) 134M->130M(313M) 130.896ms
[0.883s][info][gc,cpu         ] GC(26) User=0.14s Sys=0.00s Real=0.13s
[0.982s][info][gc,start       ] GC(27) Pause Young (Allocation Failure)
[1.135s][info][gc,heap        ] GC(27) DefNew: 88640K(99712K)->11071K(99712K) Eden: 88640K(88640K)->0K(88640K) From: 0K(11072K)->11071K(11072K)
[1.135s][info][gc,heap        ] GC(27) Tenured: 132887K(221480K)->210429K(221480K)
[1.135s][info][gc,metaspace   ] GC(27) Metaspace: 6303K(6528K)->6303K(6528K) NonClass: 5769K(5888K)->5769K(5888K) Class: 533K(640K)->533K(640K)
[1.135s][info][gc             ] GC(27) Pause Young (Allocation Failure) 216M->216M(313M) 153.086ms
[1.135s][info][gc,cpu         ] GC(27) User=0.12s Sys=0.02s Real=0.15s
[1.218s][info][gc,start       ] GC(28) Pause Young (Allocation Failure)
[1.398s][info][gc             ] GC(28) Pause Young (Allocation Failure) 302M->302M(389M) 180.679ms
[1.398s][info][gc,cpu         ] GC(28) User=0.14s Sys=0.03s Real=0.18s
[1.398s][info][gc,start       ] GC(29) Pause Full (Allocation Failure)
[1.398s][info][gc,phases,start] GC(29) Phase 1: Mark live objects
[1.543s][info][gc,phases      ] GC(29) Phase 1: Mark live objects 144.144ms
[1.543s][info][gc,phases,start] GC(29) Phase 2: Compute new object addresses
[1.595s][info][gc,phases      ] GC(29) Phase 2: Compute new object addresses 52.627ms
[1.595s][info][gc,phases,start] GC(29) Phase 3: Adjust pointers
[1.651s][info][gc,phases      ] GC(29) Phase 3: Adjust pointers 56.064ms
[1.652s][info][gc,phases,start] GC(29) Phase 4: Move objects
[1.654s][info][gc,phases      ] GC(29) Phase 4: Move objects 2.434ms
[1.655s][info][gc,heap        ] GC(29) DefNew: 99711K(99712K)->10928K(224448K) Eden: 88640K(88640K)->10928K(199552K) From: 11071K(11072K)->0K(24896K)
[1.655s][info][gc,heap        ] GC(29) Tenured: 210429K(221480K)->299179K(498636K)
[1.655s][info][gc,metaspace   ] GC(29) Metaspace: 6303K(6528K)->6303K(6528K) NonClass: 5769K(5888K)->5769K(5888K) Class: 533K(640K)->533K(640K)
[1.655s][info][gc             ] GC(29) Pause Full (Allocation Failure) 302M->302M(706M) 256.497ms
[1.655s][info][gc,cpu         ] GC(29) User=0.27s Sys=0.00s Real=0.26s
[1.876s][info][gc,start       ] GC(30) Pause Young (Allocation Failure)
[2.215s][info][gc,heap        ] GC(30) DefNew: 199552K(224448K)->24895K(224448K) Eden: 199552K(199552K)->0K(199552K) From: 0K(24896K)->24895K(24896K)
[2.215s][info][gc,heap        ] GC(30) Tenured: 299179K(498636K)->473807K(498636K)
[2.215s][info][gc,metaspace   ] GC(30) Metaspace: 6303K(6528K)->6303K(6528K) NonClass: 5769K(5888K)->5769K(5888K) Class: 533K(640K)->533K(640K)
[2.215s][info][gc             ] GC(30) Pause Young (Allocation Failure) 487M->487M(706M) 339.240ms
[2.215s][info][gc,cpu         ] GC(30) User=0.31s Sys=0.02s Real=0.34s
[2.401s][info][gc,start       ] GC(31) Pause Young (Allocation Failure)
[2.777s][info][gc             ] GC(31) Pause Young (Allocation Failure) 681M->681M(876M) 375.636ms
[2.777s][info][gc,cpu         ] GC(31) User=0.33s Sys=0.05s Real=0.38s
[2.777s][info][gc,start       ] GC(32) Pause Full (Allocation Failure)
[2.777s][info][gc,phases,start] GC(32) Phase 1: Mark live objects
[3.090s][info][gc,phases      ] GC(32) Phase 1: Mark live objects 312.758ms
[3.090s][info][gc,phases,start] GC(32) Phase 2: Compute new object addresses
[3.197s][info][gc,phases      ] GC(32) Phase 2: Compute new object addresses 106.562ms
[3.197s][info][gc,phases,start] GC(32) Phase 3: Adjust pointers
[3.310s][info][gc,phases      ] GC(32) Phase 3: Adjust pointers 112.966ms
[3.310s][info][gc,phases,start] GC(32) Phase 4: Move objects
[3.315s][info][gc,phases      ] GC(32) Phase 4: Move objects 4.993ms
[3.317s][info][gc,heap        ] GC(32) DefNew: 224447K(224448K)->24801K(505152K) Eden: 199552K(199552K)->24801K(449088K) From: 24895K(24896K)->0K(56064K)
[3.317s][info][gc,heap        ] GC(32) Tenured: 473807K(498636K)->673423K(1122376K)
[3.317s][info][gc,metaspace   ] GC(32) Metaspace: 6303K(6528K)->6303K(6528K) NonClass: 5769K(5888K)->5769K(5888K) Class: 533K(640K)->533K(640K)
[3.317s][info][gc             ] GC(32) Pause Full (Allocation Failure) 681M->681M(1589M) 539.461ms
[3.317s][info][gc,cpu         ] GC(32) User=0.53s Sys=0.00s Real=0.54s
[3.772s][info][gc,start       ] GC(33) Pause Young (Allocation Failure)
[4.543s][info][gc,heap        ] GC(33) DefNew: 449088K(505152K)->56064K(505152K) Eden: 449088K(449088K)->0K(449088K) From: 0K(56064K)->56064K(56064K)
[4.543s][info][gc,heap        ] GC(33) Tenured: 673423K(1122376K)->1066417K(1122376K)
[4.543s][info][gc,metaspace   ] GC(33) Metaspace: 6303K(6528K)->6303K(6528K) NonClass: 5769K(5888K)->5769K(5888K) Class: 533K(640K)->533K(640K)
[4.544s][info][gc             ] GC(33) Pause Young (Allocation Failure) 1096M->1096M(1589M) 771.835ms
[4.544s][info][gc,cpu         ] GC(33) User=0.61s Sys=0.11s Real=0.77s
[5.006s][info][gc,start       ] GC(34) Pause Young (Allocation Failure)
[5.718s][info][gc             ] GC(34) Pause Young (Allocation Failure) 1534M->1483M(1921M) 712.423ms
[5.718s][info][gc,cpu         ] GC(34) User=0.58s Sys=0.12s Real=0.71s
[5.718s][info][gc,start       ] GC(35) Pause Full (Allocation Failure)
[5.718s][info][gc,phases,start] GC(35) Phase 1: Mark live objects
[6.369s][info][gc,phases      ] GC(35) Phase 1: Mark live objects 650.521ms
[6.369s][info][gc,phases,start] GC(35) Phase 2: Compute new object addresses
[6.594s][info][gc,phases      ] GC(35) Phase 2: Compute new object addresses 224.622ms
[6.594s][info][gc,phases,start] GC(35) Phase 3: Adjust pointers
[6.894s][info][gc,phases      ] GC(35) Phase 3: Adjust pointers 300.134ms
[6.894s][info][gc,phases,start] GC(35) Phase 4: Move objects
[6.906s][info][gc,phases      ] GC(35) Phase 4: Move objects 11.865ms
[6.910s][info][gc,heap        ] GC(35) DefNew: 505152K(505152K)->55942K(1097216K) Eden: 449088K(449088K)->55942K(975360K) From: 56064K(56064K)->0K(121856K)
[6.910s][info][gc,heap        ] GC(35) Tenured: 1066417K(1122376K)->1462860K(2438100K)
[6.910s][info][gc,metaspace   ] GC(35) Metaspace: 6303K(6528K)->6303K(6528K) NonClass: 5769K(5888K)->5769K(5888K) Class: 533K(640K)->533K(640K)
[6.910s][info][gc             ] GC(35) Pause Full (Allocation Failure) 1483M->1483M(3452M) 1191.851ms
[6.910s][info][gc,cpu         ] GC(35) User=1.16s Sys=0.02s Real=1.19s
[7.883s][info][gc,start       ] GC(36) Pause Young (Allocation Failure)
[9.562s][info][gc,heap        ] GC(36) DefNew: 975360K(1097216K)->121856K(1097216K) Eden: 975360K(975360K)->0K(975360K) From: 0K(121856K)->121856K(121856K)
[9.562s][info][gc,heap        ] GC(36) Tenured: 1462860K(2438100K)->2316333K(2438100K)
[9.562s][info][gc,metaspace   ] GC(36) Metaspace: 6303K(6528K)->6303K(6528K) NonClass: 5769K(5888K)->5769K(5888K) Class: 533K(640K)->533K(640K)
[9.562s][info][gc             ] GC(36) Pause Young (Allocation Failure) 2381M->2381M(3452M) 1679.002ms
[9.562s][info][gc,cpu         ] GC(36) User=1.52s Sys=0.12s Real=1.68s
[10.518s][info][gc,start       ] GC(37) Pause Young (Allocation Failure)
[12.163s][info][gc             ] GC(37) Pause Young (Allocation Failure) 3333M->3333M(4286M) 1644.792ms
[12.163s][info][gc,cpu         ] GC(37) User=1.39s Sys=0.25s Real=1.64s
[12.163s][info][gc,start       ] GC(38) Pause Full (Allocation Failure)
[12.163s][info][gc,phases,start] GC(38) Phase 1: Mark live objects
[13.630s][info][gc,phases      ] GC(38) Phase 1: Mark live objects 1467.365ms
[13.630s][info][gc,phases,start] GC(38) Phase 2: Compute new object addresses
[14.104s][info][gc,phases      ] GC(38) Phase 2: Compute new object addresses 473.743ms
[14.104s][info][gc,phases,start] GC(38) Phase 3: Adjust pointers
[14.753s][info][gc,phases      ] GC(38) Phase 3: Adjust pointers 648.824ms
[14.753s][info][gc,phases,start] GC(38) Phase 4: Move objects
[15.356s][info][gc,phases      ] GC(38) Phase 4: Move objects 603.121ms
[15.359s][info][gc,heap        ] GC(38) DefNew: 1097216K(1097216K)->27641K(1597440K) Eden: 975360K(975360K)->27641K(1419968K) From: 121856K(121856K)->0K(177472K)
[15.359s][info][gc,heap        ] GC(38) Tenured: 2316333K(2438100K)->3291671K(3549888K)
[15.359s][info][gc,metaspace   ] GC(38) Metaspace: 6303K(6528K)->6303K(6528K) NonClass: 5769K(5888K)->5769K(5888K) Class: 533K(640K)->533K(640K)
[15.359s][info][gc             ] GC(38) Pause Full (Allocation Failure) 3333M->3241M(5026M) 3196.023ms
[15.359s][info][gc,cpu         ] GC(38) User=3.16s Sys=0.02s Real=3.20s
[16.616s][info][gc,start       ] GC(39) Pause Young (Allocation Failure)
[16.616s][info][gc             ] GC(39) Pause Young (Allocation Failure) 4601M->4601M(5026M) 0.119ms
[16.616s][info][gc,cpu         ] GC(39) User=0.00s Sys=0.00s Real=0.00s
[16.616s][info][gc,start       ] GC(40) Pause Full (Allocation Failure)
[16.616s][info][gc,phases,start] GC(40) Phase 1: Mark live objects
[18.720s][info][gc,phases      ] GC(40) Phase 1: Mark live objects 2104.057ms
[18.720s][info][gc,phases,start] GC(40) Phase 2: Compute new object addresses
[19.365s][info][gc,phases      ] GC(40) Phase 2: Compute new object addresses 645.393ms
[19.365s][info][gc,phases,start] GC(40) Phase 3: Adjust pointers
[20.332s][info][gc,phases      ] GC(40) Phase 3: Adjust pointers 966.158ms
[20.332s][info][gc,phases,start] GC(40) Phase 4: Move objects
[20.648s][info][gc,phases      ] GC(40) Phase 4: Move objects 316.007ms
[20.649s][info][gc,heap        ] GC(40) DefNew: 1419968K(1597440K)->1161722K(1597440K) Eden: 1419968K(1419968K)->1161722K(1419968K) From: 0K(177472K)->0K(177472K)
[20.649s][info][gc,heap        ] GC(40) Tenured: 3291671K(3549888K)->3549887K(3549888K)
[20.649s][info][gc,metaspace   ] GC(40) Metaspace: 6303K(6528K)->6303K(6528K) NonClass: 5769K(5888K)->5769K(5888K) Class: 533K(640K)->533K(640K)
[20.649s][info][gc             ] GC(40) Pause Full (Allocation Failure) 4601M->4601M(5026M) 4032.895ms
[20.649s][info][gc,cpu         ] GC(40) User=3.95s Sys=0.03s Real=4.03s
[21.397s][info][gc,start       ] GC(41) Pause Full (Allocation Failure)
[21.397s][info][gc,phases,start] GC(41) Phase 1: Mark live objects
[23.714s][info][gc,phases      ] GC(41) Phase 1: Mark live objects 2316.591ms
[23.714s][info][gc,phases,start] GC(41) Phase 2: Compute new object addresses
[24.416s][info][gc,phases      ] GC(41) Phase 2: Compute new object addresses 702.494ms
[24.416s][info][gc,phases,start] GC(41) Phase 3: Adjust pointers
[25.407s][info][gc,phases      ] GC(41) Phase 3: Adjust pointers 990.335ms
[25.407s][info][gc,phases,start] GC(41) Phase 4: Move objects
[25.469s][info][gc,phases      ] GC(41) Phase 4: Move objects 62.272ms
[25.470s][info][gc,heap        ] GC(41) DefNew: 1597439K(1597440K)->1597433K(1597440K) Eden: 1419968K(1419968K)->1419967K(1419968K) From: 177471K(177472K)->177465K(177472K)
[25.470s][info][gc,heap        ] GC(41) Tenured: 3549887K(3549888K)->3549887K(3549888K)
[25.470s][info][gc,metaspace   ] GC(41) Metaspace: 6303K(6528K)->6303K(6528K) NonClass: 5769K(5888K)->5769K(5888K) Class: 533K(640K)->533K(640K)
[25.470s][info][gc             ] GC(41) Pause Full (Allocation Failure) 5026M->5026M(5026M) 4073.163ms
[25.470s][info][gc,cpu         ] GC(41) User=4.06s Sys=0.00s Real=4.07s
[25.470s][info][gc,start       ] GC(42) Pause Full (Allocation Failure)
[25.470s][info][gc,phases,start] GC(42) Phase 1: Mark live objects
[27.773s][info][gc,phases      ] GC(42) Phase 1: Mark live objects 2302.380ms
[27.773s][info][gc,phases,start] GC(42) Phase 2: Compute new object addresses
[28.467s][info][gc,phases      ] GC(42) Phase 2: Compute new object addresses 694.077ms
[28.467s][info][gc,phases,start] GC(42) Phase 3: Adjust pointers
[29.434s][info][gc,phases      ] GC(42) Phase 3: Adjust pointers 967.000ms
[29.434s][info][gc,phases,start] GC(42) Phase 4: Move objects
[29.434s][info][gc,phases      ] GC(42) Phase 4: Move objects 0.017ms
[29.435s][info][gc,heap        ] GC(42) DefNew: 1597439K(1597440K)->1597439K(1597440K) Eden: 1419968K(1419968K)->1419968K(1419968K) From: 177471K(177472K)->177471K(177472K)
[29.435s][info][gc,heap        ] GC(42) Tenured: 3549887K(3549888K)->3549887K(3549888K)
[29.435s][info][gc,metaspace   ] GC(42) Metaspace: 6303K(6528K)->6303K(6528K) NonClass: 5769K(5888K)->5769K(5888K) Class: 533K(640K)->533K(640K)
[29.435s][info][gc             ] GC(42) Pause Full (Allocation Failure) 5026M->5026M(5026M) 3964.495ms
[29.435s][info][gc,cpu         ] GC(42) User=3.95s Sys=0.00s Real=3.96s
[29.435s][info][gc,start       ] GC(43) Pause Full (Allocation Failure)
[29.435s][info][gc,phases,start] GC(43) Phase 1: Mark live objects
[31.760s][info][gc,phases      ] GC(43) Phase 1: Mark live objects 2324.899ms
[31.760s][info][gc,phases,start] GC(43) Phase 2: Compute new object addresses
[32.460s][info][gc,phases      ] GC(43) Phase 2: Compute new object addresses 699.592ms
[32.460s][info][gc,phases,start] GC(43) Phase 3: Adjust pointers
[33.618s][info][gc,phases      ] GC(43) Phase 3: Adjust pointers 1158.464ms
[33.618s][info][gc,phases,start] GC(43) Phase 4: Move objects
[34.448s][info][gc,phases      ] GC(43) Phase 4: Move objects 830.034ms
[34.449s][info][gc,heap        ] GC(43) DefNew: 1597439K(1597440K)->1597435K(1597440K) Eden: 1419968K(1419968K)->1419968K(1419968K) From: 177471K(177472K)->177467K(177472K)
[34.449s][info][gc,heap        ] GC(43) Tenured: 3549887K(3549888K)->3549887K(3549888K)
[34.449s][info][gc,metaspace   ] GC(43) Metaspace: 6303K(6528K)->6301K(6528K) NonClass: 5769K(5888K)->5768K(5888K) Class: 533K(640K)->532K(640K)
[34.449s][info][gc             ] GC(43) Pause Full (Allocation Failure) 5026M->5026M(5026M) 5014.533ms
[34.450s][info][gc,cpu         ] GC(43) User=5.02s Sys=0.00s Real=5.01s
[34.450s][info][gc,start       ] GC(44) Pause Full (Allocation Failure)
[34.450s][info][gc,phases,start] GC(44) Phase 1: Mark live objects
[36.772s][info][gc,phases      ] GC(44) Phase 1: Mark live objects 2322.494ms
[36.772s][info][gc,phases,start] GC(44) Phase 2: Compute new object addresses
[37.476s][info][gc,phases      ] GC(44) Phase 2: Compute new object addresses 703.149ms
[37.476s][info][gc,phases,start] GC(44) Phase 3: Adjust pointers
[38.434s][info][gc,phases      ] GC(44) Phase 3: Adjust pointers 958.370ms
[38.434s][info][gc,phases,start] GC(44) Phase 4: Move objects
[38.434s][info][gc,phases      ] GC(44) Phase 4: Move objects 0.027ms
[38.435s][info][gc,heap        ] GC(44) DefNew: 1597439K(1597440K)->1597439K(1597440K) Eden: 1419968K(1419968K)->1419968K(1419968K) From: 177471K(177472K)->177471K(177472K)
[38.435s][info][gc,heap        ] GC(44) Tenured: 3549887K(3549888K)->3549887K(3549888K)
[38.435s][info][gc,metaspace   ] GC(44) Metaspace: 6301K(6528K)->6301K(6528K) NonClass: 5768K(5888K)->5768K(5888K) Class: 532K(640K)->532K(640K)
[38.435s][info][gc             ] GC(44) Pause Full (Allocation Failure) 5026M->5026M(5026M) 3985.227ms
[38.435s][info][gc,cpu         ] GC(44) User=3.97s Sys=0.00s Real=3.98s
[38.435s][info][gc,start       ] GC(45) Pause Full (Allocation Failure)
[38.435s][info][gc,phases,start] GC(45) Phase 1: Mark live objects
[40.756s][info][gc,phases      ] GC(45) Phase 1: Mark live objects 2321.304ms
[40.756s][info][gc,phases,start] GC(45) Phase 2: Compute new object addresses
[41.460s][info][gc,phases      ] GC(45) Phase 2: Compute new object addresses 703.860ms
[41.460s][info][gc,phases,start] GC(45) Phase 3: Adjust pointers
[42.416s][info][gc,phases      ] GC(45) Phase 3: Adjust pointers 955.961ms
[42.416s][info][gc,phases,start] GC(45) Phase 4: Move objects
[42.416s][info][gc,phases      ] GC(45) Phase 4: Move objects 0.017ms
[42.417s][info][gc,heap        ] GC(45) DefNew: 1597439K(1597440K)->1597439K(1597440K) Eden: 1419968K(1419968K)->1419968K(1419968K) From: 177471K(177472K)->177471K(177472K)
[42.417s][info][gc,heap        ] GC(45) Tenured: 3549887K(3549888K)->3549887K(3549888K)
[42.417s][info][gc,metaspace   ] GC(45) Metaspace: 6301K(6528K)->6301K(6528K) NonClass: 5768K(5888K)->5768K(5888K) Class: 532K(640K)->532K(640K)
[42.417s][info][gc             ] GC(45) Pause Full (Allocation Failure) 5026M->5026M(5026M) 3982.112ms
[42.417s][info][gc,cpu         ] GC(45) User=3.94s Sys=0.02s Real=3.98s
[42.418s][info][gc,start       ] GC(46) Pause Full (Allocation Failure)
[42.418s][info][gc,phases,start] GC(46) Phase 1: Mark live objects
[44.757s][info][gc,phases      ] GC(46) Phase 1: Mark live objects 2339.214ms
[44.757s][info][gc,phases,start] GC(46) Phase 2: Compute new object addresses
[45.459s][info][gc,phases      ] GC(46) Phase 2: Compute new object addresses 702.223ms
[45.460s][info][gc,phases,start] GC(46) Phase 3: Adjust pointers
[46.417s][info][gc,phases      ] GC(46) Phase 3: Adjust pointers 957.785ms
[46.417s][info][gc,phases,start] GC(46) Phase 4: Move objects
[46.417s][info][gc,phases      ] GC(46) Phase 4: Move objects 0.017ms
[46.418s][info][gc,heap        ] GC(46) DefNew: 1597439K(1597440K)->1597439K(1597440K) Eden: 1419968K(1419968K)->1419968K(1419968K) From: 177471K(177472K)->177471K(177472K)
[46.418s][info][gc,heap        ] GC(46) Tenured: 3549887K(3549888K)->3549887K(3549888K)
[46.418s][info][gc,metaspace   ] GC(46) Metaspace: 6301K(6528K)->6301K(6528K) NonClass: 5768K(5888K)->5768K(5888K) Class: 532K(640K)->532K(640K)
[46.418s][info][gc             ] GC(46) Pause Full (Allocation Failure) 5026M->5026M(5026M) 4000.278ms
[46.418s][info][gc,cpu         ] GC(46) User=3.94s Sys=0.00s Real=4.00s
[46.418s][info][gc,start       ] GC(47) Pause Full (Allocation Failure)
[46.418s][info][gc,phases,start] GC(47) Phase 1: Mark live objects
[48.741s][info][gc,phases      ] GC(47) Phase 1: Mark live objects 2322.331ms
[48.741s][info][gc,phases,start] GC(47) Phase 2: Compute new object addresses
[49.448s][info][gc,phases      ] GC(47) Phase 2: Compute new object addresses 707.250ms
[49.448s][info][gc,phases,start] GC(47) Phase 3: Adjust pointers
[50.603s][info][gc,phases      ] GC(47) Phase 3: Adjust pointers 1155.341ms
[50.603s][info][gc,phases,start] GC(47) Phase 4: Move objects
[51.426s][info][gc,phases      ] GC(47) Phase 4: Move objects 822.351ms
[51.427s][info][gc,heap        ] GC(47) DefNew: 1597439K(1597440K)->1597438K(1597440K) Eden: 1419968K(1419968K)->1419968K(1419968K) From: 177471K(177472K)->177470K(177472K)
[51.427s][info][gc,heap        ] GC(47) Tenured: 3549887K(3549888K)->3549887K(3549888K)
[51.427s][info][gc,metaspace   ] GC(47) Metaspace: 6301K(6528K)->6301K(6528K) NonClass: 5768K(5888K)->5768K(5888K) Class: 532K(640K)->532K(640K)
[51.427s][info][gc             ] GC(47) Pause Full (Allocation Failure) 5026M->5026M(5026M) 5008.708ms
[51.427s][info][gc,cpu         ] GC(47) User=5.00s Sys=0.00s Real=5.01s
[51.428s][info][gc,start       ] GC(48) Pause Full (Allocation Failure)
[51.428s][info][gc,phases,start] GC(48) Phase 1: Mark live objects
[53.745s][info][gc,phases      ] GC(48) Phase 1: Mark live objects 2317.205ms
[53.745s][info][gc,phases,start] GC(48) Phase 2: Compute new object addresses
[54.475s][info][gc,phases      ] GC(48) Phase 2: Compute new object addresses 729.309ms
[54.475s][info][gc,phases,start] GC(48) Phase 3: Adjust pointers
[55.449s][info][gc,phases      ] GC(48) Phase 3: Adjust pointers 974.322ms
[55.449s][info][gc,phases,start] GC(48) Phase 4: Move objects
[55.449s][info][gc,phases      ] GC(48) Phase 4: Move objects 0.017ms
[55.450s][info][gc,heap        ] GC(48) DefNew: 1597439K(1597440K)->1597438K(1597440K) Eden: 1419968K(1419968K)->1419968K(1419968K) From: 177471K(177472K)->177470K(177472K)
[55.450s][info][gc,heap        ] GC(48) Tenured: 3549887K(3549888K)->3549887K(3549888K)
[55.450s][info][gc,metaspace   ] GC(48) Metaspace: 6303K(6528K)->6303K(6528K) NonClass: 5769K(5888K)->5769K(5888K) Class: 533K(640K)->533K(640K)
[55.450s][info][gc             ] GC(48) Pause Full (Allocation Failure) 5026M->5026M(5026M) 4022.013ms
[55.450s][info][gc,cpu         ] GC(48) User=3.88s Sys=0.00s Real=4.02s
[55.451s][info][gc,heap,exit   ] Heap
[55.451s][info][gc,heap,exit   ]  def new generation   total 1597440K, used 1597439K [0x00000006bb000000, 0x0000000727550000, 0x0000000727550000)
[55.451s][info][gc,heap,exit   ]   eden space 1419968K, 100% used [0x00000006bb000000, 0x0000000711ab0000, 0x0000000711ab0000)
[55.451s][info][gc,heap,exit   ]   from space 177472K,  99% used [0x0000000711ab0000, 0x000000071c7fff50, 0x000000071c800000)
[55.451s][info][gc,heap,exit   ]   to   space 177472K,   0% used [0x000000071c800000, 0x000000071c800000, 0x0000000727550000)
[55.451s][info][gc,heap,exit   ]  tenured generation   total 3549888K, used 3549887K [0x0000000727550000, 0x0000000800000000, 0x0000000800000000)
[55.451s][info][gc,heap,exit   ]    the space 3549888K,  99% used [0x0000000727550000, 0x00000007ffffff78, 0x0000000800000000, 0x0000000800000000)
[55.451s][info][gc,heap,exit   ]  Metaspace       used 6306K, committed 6528K, reserved 1114112K
[55.451s][info][gc,heap,exit   ]   class space    used 534K, committed 640K, reserved 1048576K
