[0.012s][info][gc,init] CardTable entry size: 512
[0.012s][info][gc     ] Using Serial
[0.012s][info][gc,init] Version: 18.0.1+10 (release)
[0.013s][info][gc,init] CPUs: 8 total, 8 available
[0.013s][info][gc,init] Memory: 16063M
[0.013s][info][gc,init] Large Page Support: Disabled
[0.013s][info][gc,init] NUMA Support: Disabled
[0.013s][info][gc,init] Compressed Oops: Enabled (Zero based)
[0.013s][info][gc,init] Heap Min Capacity: 2M
[0.013s][info][gc,init] Heap Initial Capacity: 2M
[0.013s][info][gc,init] Heap Max Capacity: 4800M
[0.013s][info][gc,init] Pre-touch: Disabled
[0.013s][info][gc,metaspace] CDS archive(s) not mapped
[0.013s][info][gc,metaspace] Compressed class space mapped at: 0x0000000800000000-0x0000000840000000, reserved size: 1073741824
[0.013s][info][gc,metaspace] Narrow klass base: 0x0000000800000000, Narrow klass shift: 0, Narrow klass range: 0x40000000
[0.192s][info][gc,start    ] GC(0) Pause Young (Allocation Failure)
[0.194s][info][gc,heap     ] GC(0) DefNew: 1023K(1152K)->127K(1152K) Eden: 1023K(1024K)->0K(1024K) From: 0K(128K)->127K(128K)
[0.194s][info][gc,heap     ] GC(0) Tenured: 0K(768K)->440K(768K)
[0.194s][info][gc,metaspace] GC(0) Metaspace: 5902K(6016K)->5902K(6016K) NonClass: 5403K(5504K)->5403K(5504K) Class: 499K(512K)->499K(512K)
[0.194s][info][gc          ] GC(0) Pause Young (Allocation Failure) 0M->0M(1M) 1.799ms
[0.194s][info][gc,cpu      ] GC(0) User=0.00s Sys=0.00s Real=0.00s
[0.214s][info][gc,start    ] GC(1) Pause Young (Allocation Failure)
[0.215s][info][gc          ] GC(1) Pause Young (Allocation Failure) 1M->0M(2M) 1.434ms
[0.215s][info][gc,cpu      ] GC(1) User=0.00s Sys=0.00s Real=0.00s
[0.215s][info][gc,start    ] GC(2) Pause Full (Allocation Failure)
[0.215s][info][gc,phases,start] GC(2) Phase 1: Mark live objects
[0.216s][info][gc,phases      ] GC(2) Phase 1: Mark live objects 1.020ms
[0.216s][info][gc,phases,start] GC(2) Phase 2: Compute new object addresses
[0.216s][info][gc,phases      ] GC(2) Phase 2: Compute new object addresses 0.227ms
[0.216s][info][gc,phases,start] GC(2) Phase 3: Adjust pointers
[0.217s][info][gc,phases      ] GC(2) Phase 3: Adjust pointers 0.508ms
[0.217s][info][gc,phases,start] GC(2) Phase 4: Move objects
[0.217s][info][gc,phases      ] GC(2) Phase 4: Move objects 0.067ms
[0.217s][info][gc,heap        ] GC(2) DefNew: 1151K(1152K)->40K(1152K) Eden: 1024K(1024K)->40K(1024K) From: 127K(128K)->0K(128K)
[0.217s][info][gc,heap        ] GC(2) Tenured: 440K(768K)->959K(1600K)
[0.217s][info][gc,metaspace   ] GC(2) Metaspace: 6300K(6464K)->6300K(6464K) NonClass: 5767K(5824K)->5767K(5824K) Class: 533K(640K)->533K(640K)
[0.217s][info][gc             ] GC(2) Pause Full (Allocation Failure) 0M->0M(2M) 2.129ms
[0.217s][info][gc,cpu         ] GC(2) User=0.00s Sys=0.00s Real=0.00s
[0.218s][info][gc,start       ] GC(3) Pause Young (Allocation Failure)
[0.220s][info][gc,heap        ] GC(3) DefNew: 1024K(1152K)->127K(1152K) Eden: 1024K(1024K)->0K(1024K) From: 0K(128K)->127K(128K)
[0.220s][info][gc,heap        ] GC(3) Tenured: 959K(1600K)->1375K(1600K)
[0.220s][info][gc,metaspace   ] GC(3) Metaspace: 6300K(6464K)->6300K(6464K) NonClass: 5767K(5824K)->5767K(5824K) Class: 533K(640K)->533K(640K)
[0.220s][info][gc             ] GC(3) Pause Young (Allocation Failure) 1M->1M(2M) 1.448ms
[0.220s][info][gc,cpu         ] GC(3) User=0.00s Sys=0.00s Real=0.00s
[0.221s][info][gc,start       ] GC(4) Pause Young (Allocation Failure)
[0.223s][info][gc             ] GC(4) Pause Young (Allocation Failure) 2M->1M(3M) 1.492ms
[0.223s][info][gc,cpu         ] GC(4) User=0.00s Sys=0.00s Real=0.00s
[0.223s][info][gc,start       ] GC(5) Pause Full (Allocation Failure)
[0.223s][info][gc,phases,start] GC(5) Phase 1: Mark live objects
[0.225s][info][gc,phases      ] GC(5) Phase 1: Mark live objects 1.703ms
[0.225s][info][gc,phases,start] GC(5) Phase 2: Compute new object addresses
[0.225s][info][gc,phases      ] GC(5) Phase 2: Compute new object addresses 0.449ms
[0.225s][info][gc,phases,start] GC(5) Phase 3: Adjust pointers
[0.226s][info][gc,phases      ] GC(5) Phase 3: Adjust pointers 0.802ms
[0.226s][info][gc,phases,start] GC(5) Phase 4: Move objects
[0.226s][info][gc,phases      ] GC(5) Phase 4: Move objects 0.086ms
[0.226s][info][gc,heap        ] GC(5) DefNew: 1151K(1152K)->34K(1536K) Eden: 1024K(1024K)->34K(1408K) From: 127K(128K)->0K(128K)
[0.226s][info][gc,heap        ] GC(5) Tenured: 1375K(1600K)->1983K(3308K)
[0.226s][info][gc,metaspace   ] GC(5) Metaspace: 6300K(6464K)->6300K(6464K) NonClass: 5767K(5824K)->5767K(5824K) Class: 533K(640K)->533K(640K)
[0.226s][info][gc             ] GC(5) Pause Full (Allocation Failure) 1M->1M(4M) 3.427ms
[0.226s][info][gc,cpu         ] GC(5) User=0.00s Sys=0.00s Real=0.00s
[0.228s][info][gc,start       ] GC(6) Pause Young (Allocation Failure)
[0.230s][info][gc,heap        ] GC(6) DefNew: 1408K(1536K)->128K(1536K) Eden: 1408K(1408K)->0K(1408K) From: 0K(128K)->128K(128K)
[0.230s][info][gc,heap        ] GC(6) Tenured: 1983K(3308K)->2617K(3308K)
[0.230s][info][gc,metaspace   ] GC(6) Metaspace: 6300K(6464K)->6300K(6464K) NonClass: 5767K(5824K)->5767K(5824K) Class: 533K(640K)->533K(640K)
[0.230s][info][gc             ] GC(6) Pause Young (Allocation Failure) 3M->2M(4M) 2.255ms
[0.230s][info][gc,cpu         ] GC(6) User=0.02s Sys=0.00s Real=0.00s
[0.232s][info][gc,start       ] GC(7) Pause Young (Allocation Failure)
[0.234s][info][gc             ] GC(7) Pause Young (Allocation Failure) 4M->3M(4M) 1.590ms
[0.234s][info][gc,cpu         ] GC(7) User=0.00s Sys=0.00s Real=0.00s
[0.234s][info][gc,start       ] GC(8) Pause Full (Allocation Failure)
[0.234s][info][gc,phases,start] GC(8) Phase 1: Mark live objects
[0.236s][info][gc,phases      ] GC(8) Phase 1: Mark live objects 2.222ms
[0.236s][info][gc,phases,start] GC(8) Phase 2: Compute new object addresses
[0.237s][info][gc,phases      ] GC(8) Phase 2: Compute new object addresses 0.672ms
[0.237s][info][gc,phases,start] GC(8) Phase 3: Adjust pointers
[0.238s][info][gc,phases      ] GC(8) Phase 3: Adjust pointers 0.956ms
[0.238s][info][gc,phases,start] GC(8) Phase 4: Move objects
[0.238s][info][gc,phases      ] GC(8) Phase 4: Move objects 0.078ms
[0.238s][info][gc,heap        ] GC(8) DefNew: 1536K(1536K)->0K(2688K) Eden: 1408K(1408K)->0K(2432K) From: 128K(128K)->0K(256K)
[0.238s][info][gc,heap        ] GC(8) Tenured: 2617K(3308K)->3460K(5768K)
[0.238s][info][gc,metaspace   ] GC(8) Metaspace: 6300K(6464K)->6300K(6464K) NonClass: 5767K(5824K)->5767K(5824K) Class: 533K(640K)->533K(640K)
[0.238s][info][gc             ] GC(8) Pause Full (Allocation Failure) 3M->3M(8M) 4.277ms
[0.238s][info][gc,cpu         ] GC(8) User=0.00s Sys=0.00s Real=0.00s
[0.242s][info][gc,start       ] GC(9) Pause Young (Allocation Failure)
[0.245s][info][gc,heap        ] GC(9) DefNew: 2431K(2688K)->255K(2688K) Eden: 2431K(2432K)->0K(2432K) From: 0K(256K)->255K(256K)
[0.245s][info][gc,heap        ] GC(9) Tenured: 3460K(5768K)->4512K(5768K)
[0.245s][info][gc,metaspace   ] GC(9) Metaspace: 6300K(6464K)->6300K(6464K) NonClass: 5767K(5824K)->5767K(5824K) Class: 533K(640K)->533K(640K)
[0.245s][info][gc             ] GC(9) Pause Young (Allocation Failure) 5M->4M(8M) 3.201ms
[0.245s][info][gc,cpu         ] GC(9) User=0.00s Sys=0.00s Real=0.00s
[0.249s][info][gc,start       ] GC(10) Pause Young (Allocation Failure)
[0.252s][info][gc,heap        ] GC(10) DefNew: 2687K(2688K)->256K(2688K) Eden: 2432K(2432K)->0K(2432K) From: 255K(256K)->256K(256K)
[0.252s][info][gc,heap        ] GC(10) Tenured: 4512K(5768K)->5755K(5768K)
[0.252s][info][gc,metaspace   ] GC(10) Metaspace: 6300K(6464K)->6300K(6464K) NonClass: 5767K(5824K)->5767K(5824K) Class: 533K(640K)->533K(640K)
[0.252s][info][gc             ] GC(10) Pause Young (Allocation Failure) 7M->5M(8M) 3.457ms
[0.252s][info][gc,cpu         ] GC(10) User=0.00s Sys=0.00s Real=0.00s
[0.256s][info][gc,start       ] GC(11) Pause Young (Allocation Failure)
[0.259s][info][gc             ] GC(11) Pause Young (Allocation Failure) 8M->7M(9M) 3.367ms
[0.259s][info][gc,cpu         ] GC(11) User=0.00s Sys=0.00s Real=0.00s
[0.259s][info][gc,start       ] GC(12) Pause Full (Allocation Failure)
[0.260s][info][gc,phases,start] GC(12) Phase 1: Mark live objects
[0.264s][info][gc,phases      ] GC(12) Phase 1: Mark live objects 4.407ms
[0.264s][info][gc,phases,start] GC(12) Phase 2: Compute new object addresses
[0.266s][info][gc,phases      ] GC(12) Phase 2: Compute new object addresses 1.578ms
[0.266s][info][gc,phases,start] GC(12) Phase 3: Adjust pointers
[0.268s][info][gc,phases      ] GC(12) Phase 3: Adjust pointers 1.883ms
[0.268s][info][gc,phases,start] GC(12) Phase 4: Move objects
[0.269s][info][gc,phases      ] GC(12) Phase 4: Move objects 1.444ms
[0.269s][info][gc,heap        ] GC(12) DefNew: 2688K(2688K)->0K(5376K) Eden: 2432K(2432K)->0K(4800K) From: 256K(256K)->0K(576K)
[0.269s][info][gc,heap        ] GC(12) Tenured: 5755K(5768K)->7132K(11888K)
[0.269s][info][gc,metaspace   ] GC(12) Metaspace: 6300K(6464K)->6300K(6464K) NonClass: 5767K(5824K)->5767K(5824K) Class: 533K(640K)->533K(640K)
[0.269s][info][gc             ] GC(12) Pause Full (Allocation Failure) 7M->6M(16M) 9.849ms
[0.269s][info][gc,cpu         ] GC(12) User=0.02s Sys=0.00s Real=0.01s
[0.275s][info][gc,start       ] GC(13) Pause Young (Allocation Failure)
[0.280s][info][gc,heap        ] GC(13) DefNew: 4800K(5376K)->575K(5376K) Eden: 4800K(4800K)->0K(4800K) From: 0K(576K)->575K(576K)
[0.280s][info][gc,heap        ] GC(13) Tenured: 7132K(11888K)->9027K(11888K)
[0.280s][info][gc,metaspace   ] GC(13) Metaspace: 6300K(6464K)->6300K(6464K) NonClass: 5767K(5824K)->5767K(5824K) Class: 533K(640K)->533K(640K)
[0.280s][info][gc             ] GC(13) Pause Young (Allocation Failure) 11M->9M(16M) 5.226ms
[0.280s][info][gc,cpu         ] GC(13) User=0.00s Sys=0.00s Real=0.00s
[0.285s][info][gc,start       ] GC(14) Pause Young (Allocation Failure)
[0.291s][info][gc,heap        ] GC(14) DefNew: 5375K(5376K)->576K(5376K) Eden: 4800K(4800K)->0K(4800K) From: 575K(576K)->576K(576K)
[0.291s][info][gc,heap        ] GC(14) Tenured: 9027K(11888K)->11747K(11888K)
[0.291s][info][gc,metaspace   ] GC(14) Metaspace: 6300K(6464K)->6300K(6464K) NonClass: 5767K(5824K)->5767K(5824K) Class: 533K(640K)->533K(640K)
[0.291s][info][gc             ] GC(14) Pause Young (Allocation Failure) 14M->12M(16M) 5.715ms
[0.291s][info][gc,cpu         ] GC(14) User=0.00s Sys=0.00s Real=0.01s
[0.295s][info][gc,start       ] GC(15) Pause Young (Allocation Failure)
[0.301s][info][gc             ] GC(15) Pause Young (Allocation Failure) 16M->14M(19M) 6.546ms
[0.301s][info][gc,cpu         ] GC(15) User=0.00s Sys=0.00s Real=0.01s
[0.301s][info][gc,start       ] GC(16) Pause Full (Allocation Failure)
[0.302s][info][gc,phases,start] GC(16) Phase 1: Mark live objects
[0.309s][info][gc,phases      ] GC(16) Phase 1: Mark live objects 7.394ms
[0.309s][info][gc,phases,start] GC(16) Phase 2: Compute new object addresses
[0.311s][info][gc,phases      ] GC(16) Phase 2: Compute new object addresses 2.250ms
[0.311s][info][gc,phases,start] GC(16) Phase 3: Adjust pointers
[0.314s][info][gc,phases      ] GC(16) Phase 3: Adjust pointers 3.074ms
[0.314s][info][gc,phases,start] GC(16) Phase 4: Move objects
[0.315s][info][gc,phases      ] GC(16) Phase 4: Move objects 0.176ms
[0.315s][info][gc,heap        ] GC(16) DefNew: 5376K(5376K)->411K(10880K) Eden: 4800K(4800K)->411K(9728K) From: 576K(576K)->0K(1152K)
[0.315s][info][gc,heap        ] GC(16) Tenured: 11747K(11888K)->14383K(23976K)
[0.315s][info][gc,metaspace   ] GC(16) Metaspace: 6302K(6464K)->6302K(6464K) NonClass: 5769K(5824K)->5769K(5824K) Class: 533K(640K)->533K(640K)
[0.315s][info][gc             ] GC(16) Pause Full (Allocation Failure) 14M->14M(34M) 13.297ms
[0.315s][info][gc,cpu         ] GC(16) User=0.02s Sys=0.00s Real=0.01s
[0.323s][info][gc,start       ] GC(17) Pause Young (Allocation Failure)
[0.336s][info][gc,heap        ] GC(17) DefNew: 9728K(10880K)->1152K(10880K) Eden: 9728K(9728K)->0K(9728K) From: 0K(1152K)->1152K(1152K)
[0.336s][info][gc,heap        ] GC(17) Tenured: 14383K(23976K)->18409K(23976K)
[0.336s][info][gc,metaspace   ] GC(17) Metaspace: 6302K(6464K)->6302K(6464K) NonClass: 5769K(5824K)->5769K(5824K) Class: 533K(640K)->533K(640K)
[0.336s][info][gc             ] GC(17) Pause Young (Allocation Failure) 23M->19M(34M) 13.497ms
[0.336s][info][gc,cpu         ] GC(17) User=0.02s Sys=0.00s Real=0.01s
[0.345s][info][gc,start       ] GC(18) Pause Young (Allocation Failure)
[0.356s][info][gc,heap        ] GC(18) DefNew: 10880K(10880K)->1151K(10880K) Eden: 9728K(9728K)->0K(9728K) From: 1152K(1152K)->1151K(1152K)
[0.356s][info][gc,heap        ] GC(18) Tenured: 18409K(23976K)->23929K(23976K)
[0.356s][info][gc,metaspace   ] GC(18) Metaspace: 6302K(6464K)->6302K(6464K) NonClass: 5769K(5824K)->5769K(5824K) Class: 533K(640K)->533K(640K)
[0.356s][info][gc             ] GC(18) Pause Young (Allocation Failure) 28M->24M(34M) 11.564ms
[0.356s][info][gc,cpu         ] GC(18) User=0.02s Sys=0.00s Real=0.01s
[0.364s][info][gc,start       ] GC(19) Pause Young (Allocation Failure)
[0.375s][info][gc             ] GC(19) Pause Young (Allocation Failure) 33M->29M(38M) 10.905ms
[0.375s][info][gc,cpu         ] GC(19) User=0.02s Sys=0.00s Real=0.01s
[0.375s][info][gc,start       ] GC(20) Pause Full (Allocation Failure)
[0.375s][info][gc,phases,start] GC(20) Phase 1: Mark live objects
[0.388s][info][gc,phases      ] GC(20) Phase 1: Mark live objects 13.752ms
[0.388s][info][gc,phases,start] GC(20) Phase 2: Compute new object addresses
[0.393s][info][gc,phases      ] GC(20) Phase 2: Compute new object addresses 4.694ms
[0.393s][info][gc,phases,start] GC(20) Phase 3: Adjust pointers
[0.399s][info][gc,phases      ] GC(20) Phase 3: Adjust pointers 5.359ms
[0.399s][info][gc,phases,start] GC(20) Phase 4: Move objects
[0.399s][info][gc,phases      ] GC(20) Phase 4: Move objects 0.182ms
[0.399s][info][gc,heap        ] GC(20) DefNew: 10879K(10880K)->1073K(21888K) Eden: 9728K(9728K)->1073K(19520K) From: 1151K(1152K)->0K(2368K)
[0.399s][info][gc,heap        ] GC(20) Tenured: 23929K(23976K)->29035K(48396K)
[0.399s][info][gc,metaspace   ] GC(20) Metaspace: 6302K(6464K)->6302K(6464K) NonClass: 5769K(5824K)->5769K(5824K) Class: 533K(640K)->533K(640K)
[0.399s][info][gc             ] GC(20) Pause Full (Allocation Failure) 29M->29M(68M) 24.416ms
[0.399s][info][gc,cpu         ] GC(20) User=0.02s Sys=0.00s Real=0.02s
[0.416s][info][gc,start       ] GC(21) Pause Young (Allocation Failure)
[0.449s][info][gc,heap        ] GC(21) DefNew: 18420K(21888K)->2368K(21888K) Eden: 18420K(19520K)->0K(19520K) From: 0K(2368K)->2368K(2368K)
[0.450s][info][gc,heap        ] GC(21) Tenured: 29035K(48396K)->43096K(48396K)
[0.450s][info][gc,metaspace   ] GC(21) Metaspace: 6302K(6464K)->6302K(6464K) NonClass: 5769K(5824K)->5769K(5824K) Class: 533K(640K)->533K(640K)
[0.450s][info][gc             ] GC(21) Pause Young (Allocation Failure) 46M->44M(68M) 33.866ms
[0.450s][info][gc,cpu         ] GC(21) User=0.03s Sys=0.00s Real=0.03s
[0.469s][info][gc,start       ] GC(22) Pause Young (Allocation Failure)
[0.504s][info][gc             ] GC(22) Pause Young (Allocation Failure) 63M->63M(82M) 35.798ms
[0.505s][info][gc,cpu         ] GC(22) User=0.03s Sys=0.00s Real=0.04s
[0.505s][info][gc,start       ] GC(23) Pause Full (Allocation Failure)
[0.505s][info][gc,phases,start] GC(23) Phase 1: Mark live objects
[0.533s][info][gc,phases      ] GC(23) Phase 1: Mark live objects 28.820ms
[0.533s][info][gc,phases,start] GC(23) Phase 2: Compute new object addresses
[0.544s][info][gc,phases      ] GC(23) Phase 2: Compute new object addresses 10.643ms
[0.544s][info][gc,phases,start] GC(23) Phase 3: Adjust pointers
[0.556s][info][gc,phases      ] GC(23) Phase 3: Adjust pointers 11.983ms
[0.556s][info][gc,phases,start] GC(23) Phase 4: Move objects
[0.557s][info][gc,phases      ] GC(23) Phase 4: Move objects 0.358ms
[0.557s][info][gc,heap        ] GC(23) DefNew: 21888K(21888K)->2348K(47040K) Eden: 19520K(19520K)->2348K(41856K) From: 2368K(2368K)->0K(5184K)
[0.557s][info][gc,heap        ] GC(23) Tenured: 43096K(48396K)->62603K(104340K)
[0.557s][info][gc,metaspace   ] GC(23) Metaspace: 6302K(6464K)->6302K(6464K) NonClass: 5769K(5824K)->5769K(5824K) Class: 533K(640K)->533K(640K)
[0.557s][info][gc             ] GC(23) Pause Full (Allocation Failure) 63M->63M(147M) 52.551ms
[0.557s][info][gc,cpu         ] GC(23) User=0.05s Sys=0.00s Real=0.05s
[0.605s][info][gc,start       ] GC(24) Pause Young (Allocation Failure)
[0.676s][info][gc,heap        ] GC(24) DefNew: 41856K(47040K)->5183K(47040K) Eden: 41856K(41856K)->0K(41856K) From: 0K(5184K)->5183K(5184K)
[0.676s][info][gc,heap        ] GC(24) Tenured: 62603K(104340K)->99250K(104340K)
[0.676s][info][gc,metaspace   ] GC(24) Metaspace: 6302K(6464K)->6302K(6464K) NonClass: 5769K(5824K)->5769K(5824K) Class: 533K(640K)->533K(640K)
[0.676s][info][gc             ] GC(24) Pause Young (Allocation Failure) 102M->101M(147M) 71.596ms
[0.676s][info][gc,cpu         ] GC(24) User=0.08s Sys=0.00s Real=0.07s
[0.710s][info][gc,start       ] GC(25) Pause Young (Allocation Failure)
[0.788s][info][gc             ] GC(25) Pause Young (Allocation Failure) 142M->142M(183M) 77.532ms
[0.788s][info][gc,cpu         ] GC(25) User=0.03s Sys=0.03s Real=0.08s
[0.788s][info][gc,start       ] GC(26) Pause Full (Allocation Failure)
[0.788s][info][gc,phases,start] GC(26) Phase 1: Mark live objects
[0.848s][info][gc,phases      ] GC(26) Phase 1: Mark live objects 60.420ms
[0.848s][info][gc,phases,start] GC(26) Phase 2: Compute new object addresses
[0.871s][info][gc,phases      ] GC(26) Phase 2: Compute new object addresses 22.475ms
[0.871s][info][gc,phases,start] GC(26) Phase 3: Adjust pointers
[0.901s][info][gc,phases      ] GC(26) Phase 3: Adjust pointers 29.616ms
[0.901s][info][gc,phases,start] GC(26) Phase 4: Move objects
[0.927s][info][gc,phases      ] GC(26) Phase 4: Move objects 26.370ms
[0.927s][info][gc,heap        ] GC(26) DefNew: 47039K(47040K)->1339K(105920K) Eden: 41856K(41856K)->1339K(94208K) From: 5183K(5184K)->0K(11712K)
[0.927s][info][gc,heap        ] GC(26) Tenured: 99250K(104340K)->141079K(235136K)
[0.927s][info][gc,metaspace   ] GC(26) Metaspace: 6302K(6464K)->6302K(6464K) NonClass: 5769K(5824K)->5769K(5824K) Class: 533K(640K)->533K(640K)
[0.927s][info][gc             ] GC(26) Pause Full (Allocation Failure) 142M->139M(333M) 139.696ms
[0.928s][info][gc,cpu         ] GC(26) User=0.16s Sys=0.00s Real=0.14s
[1.028s][info][gc,start       ] GC(27) Pause Young (Allocation Failure)
[1.189s][info][gc,heap        ] GC(27) DefNew: 94208K(105920K)->11711K(105920K) Eden: 94208K(94208K)->0K(94208K) From: 0K(11712K)->11711K(11712K)
[1.189s][info][gc,heap        ] GC(27) Tenured: 141079K(235136K)->223549K(235136K)
[1.189s][info][gc,metaspace   ] GC(27) Metaspace: 6302K(6464K)->6302K(6464K) NonClass: 5769K(5824K)->5769K(5824K) Class: 533K(640K)->533K(640K)
[1.189s][info][gc             ] GC(27) Pause Young (Allocation Failure) 229M->229M(333M) 160.506ms
[1.189s][info][gc,cpu         ] GC(27) User=0.14s Sys=0.02s Real=0.16s
[1.274s][info][gc,start       ] GC(28) Pause Young (Allocation Failure)
[1.488s][info][gc             ] GC(28) Pause Young (Allocation Failure) 321M->321M(413M) 214.002ms
[1.488s][info][gc,cpu         ] GC(28) User=0.14s Sys=0.05s Real=0.21s
[1.488s][info][gc,start       ] GC(29) Pause Full (Allocation Failure)
[1.488s][info][gc,phases,start] GC(29) Phase 1: Mark live objects
[1.646s][info][gc,phases      ] GC(29) Phase 1: Mark live objects 158.098ms
[1.646s][info][gc,phases,start] GC(29) Phase 2: Compute new object addresses
[1.705s][info][gc,phases      ] GC(29) Phase 2: Compute new object addresses 58.615ms
[1.705s][info][gc,phases,start] GC(29) Phase 3: Adjust pointers
[1.763s][info][gc,phases      ] GC(29) Phase 3: Adjust pointers 58.330ms
[1.763s][info][gc,phases,start] GC(29) Phase 4: Move objects
[1.766s][info][gc,phases      ] GC(29) Phase 4: Move objects 2.510ms
[1.767s][info][gc,heap        ] GC(29) DefNew: 105919K(105920K)->11551K(238464K) Eden: 94208K(94208K)->11551K(211968K) From: 11711K(11712K)->0K(26496K)
[1.767s][info][gc,heap        ] GC(29) Tenured: 223549K(235136K)->317887K(529816K)
[1.767s][info][gc,metaspace   ] GC(29) Metaspace: 6302K(6464K)->6302K(6464K) NonClass: 5769K(5824K)->5769K(5824K) Class: 533K(640K)->533K(640K)
[1.767s][info][gc             ] GC(29) Pause Full (Allocation Failure) 321M->321M(750M) 278.889ms
[1.767s][info][gc,cpu         ] GC(29) User=0.27s Sys=0.00s Real=0.28s
[2.003s][info][gc,start       ] GC(30) Pause Young (Allocation Failure)
[2.362s][info][gc,heap        ] GC(30) DefNew: 211968K(238464K)->26495K(238464K) Eden: 211968K(211968K)->0K(211968K) From: 0K(26496K)->26495K(26496K)
[2.362s][info][gc,heap        ] GC(30) Tenured: 317887K(529816K)->503334K(529816K)
[2.362s][info][gc,metaspace   ] GC(30) Metaspace: 6302K(6464K)->6302K(6464K) NonClass: 5769K(5824K)->5769K(5824K) Class: 533K(640K)->533K(640K)
[2.362s][info][gc             ] GC(30) Pause Young (Allocation Failure) 517M->517M(750M) 359.470ms
[2.363s][info][gc,cpu         ] GC(30) User=0.30s Sys=0.05s Real=0.36s
[2.536s][info][gc,start       ] GC(31) Pause Young (Allocation Failure)
[2.894s][info][gc             ] GC(31) Pause Young (Allocation Failure) 702M->700M(907M) 358.090ms
[2.894s][info][gc,cpu         ] GC(31) User=0.33s Sys=0.03s Real=0.36s
[2.894s][info][gc,start       ] GC(32) Pause Full (Allocation Failure)
[2.894s][info][gc,phases,start] GC(32) Phase 1: Mark live objects
[3.222s][info][gc,phases      ] GC(32) Phase 1: Mark live objects 328.567ms
[3.222s][info][gc,phases,start] GC(32) Phase 2: Compute new object addresses
[3.339s][info][gc,phases      ] GC(32) Phase 2: Compute new object addresses 116.760ms
[3.339s][info][gc,phases,start] GC(32) Phase 3: Adjust pointers
[3.459s][info][gc,phases      ] GC(32) Phase 3: Adjust pointers 120.012ms
[3.459s][info][gc,phases,start] GC(32) Phase 4: Move objects
[3.465s][info][gc,phases      ] GC(32) Phase 4: Move objects 5.592ms
[3.467s][info][gc,heap        ] GC(32) DefNew: 216111K(238464K)->26368K(518400K) Eden: 189615K(211968K)->26368K(460864K) From: 26495K(26496K)->0K(57536K)
[3.467s][info][gc,heap        ] GC(32) Tenured: 503334K(529816K)->691095K(1151828K)
[3.467s][info][gc,metaspace   ] GC(32) Metaspace: 6302K(6464K)->6302K(6464K) NonClass: 5769K(5824K)->5769K(5824K) Class: 533K(640K)->533K(640K)
[3.467s][info][gc             ] GC(32) Pause Full (Allocation Failure) 700M->700M(1631M) 573.218ms
[3.467s][info][gc,cpu         ] GC(32) User=0.58s Sys=0.00s Real=0.57s
[3.945s][info][gc,start       ] GC(33) Pause Young (Allocation Failure)
[4.789s][info][gc,heap        ] GC(33) DefNew: 460864K(518400K)->57535K(518400K) Eden: 460864K(460864K)->0K(460864K) From: 0K(57536K)->57535K(57536K)
[4.789s][info][gc,heap        ] GC(33) Tenured: 691095K(1151828K)->1094397K(1151828K)
[4.789s][info][gc,metaspace   ] GC(33) Metaspace: 6302K(6464K)->6302K(6464K) NonClass: 5769K(5824K)->5769K(5824K) Class: 533K(640K)->533K(640K)
[4.789s][info][gc             ] GC(33) Pause Young (Allocation Failure) 1124M->1124M(1631M) 844.451ms
[4.789s][info][gc,cpu         ] GC(33) User=0.64s Sys=0.14s Real=0.84s
[5.268s][info][gc,start       ] GC(34) Pause Young (Allocation Failure)
[6.000s][info][gc             ] GC(34) Pause Young (Allocation Failure) 1574M->1521M(1972M) 731.521ms
[6.000s][info][gc,cpu         ] GC(34) User=0.58s Sys=0.12s Real=0.73s
[6.000s][info][gc,start       ] GC(35) Pause Full (Allocation Failure)
[6.000s][info][gc,phases,start] GC(35) Phase 1: Mark live objects
[6.673s][info][gc,phases      ] GC(35) Phase 1: Mark live objects 672.558ms
[6.673s][info][gc,phases,start] GC(35) Phase 2: Compute new object addresses
[6.892s][info][gc,phases      ] GC(35) Phase 2: Compute new object addresses 219.160ms
[6.892s][info][gc,phases,start] GC(35) Phase 3: Adjust pointers
[7.157s][info][gc,phases      ] GC(35) Phase 3: Adjust pointers 265.142ms
[7.157s][info][gc,phases,start] GC(35) Phase 4: Move objects
[7.168s][info][gc,phases      ] GC(35) Phase 4: Move objects 11.253ms
[7.172s][info][gc,heap        ] GC(35) DefNew: 518399K(518400K)->57419K(1125760K) Eden: 460864K(460864K)->57419K(1000704K) From: 57535K(57536K)->0K(125056K)
[7.172s][info][gc,heap        ] GC(35) Tenured: 1094397K(1151828K)->1500952K(2501588K)
[7.172s][info][gc,metaspace   ] GC(35) Metaspace: 6302K(6464K)->6302K(6464K) NonClass: 5769K(5824K)->5769K(5824K) Class: 533K(640K)->533K(640K)
[7.172s][info][gc             ] GC(35) Pause Full (Allocation Failure) 1521M->1521M(3542M) 1172.469ms
[7.172s][info][gc,cpu         ] GC(35) User=1.16s Sys=0.00s Real=1.17s
[8.147s][info][gc,start       ] GC(36) Pause Young (Allocation Failure)
[9.892s][info][gc,heap        ] GC(36) DefNew: 1000704K(1125760K)->125055K(1125760K) Eden: 1000704K(1000704K)->0K(1000704K) From: 0K(125056K)->125055K(125056K)
[9.892s][info][gc,heap        ] GC(36) Tenured: 1500952K(2501588K)->2376571K(2501588K)
[9.892s][info][gc,metaspace   ] GC(36) Metaspace: 6302K(6464K)->6302K(6464K) NonClass: 5769K(5824K)->5769K(5824K) Class: 533K(640K)->533K(640K)
[9.892s][info][gc             ] GC(36) Pause Young (Allocation Failure) 2443M->2442M(3542M) 1745.614ms
[9.892s][info][gc,cpu         ] GC(36) User=1.39s Sys=0.34s Real=1.74s
[10.880s][info][gc,start       ] GC(37) Pause Young (Allocation Failure)
[12.692s][info][gc,promotion   ] GC(37) Promotion failed
[12.692s][info][gc             ] GC(37) Pause Young (Allocation Failure) 3420M->4299M(4299M) 1811.919ms
[12.692s][info][gc,cpu         ] GC(37) User=1.58s Sys=0.23s Real=1.81s
[12.692s][info][gc,start       ] GC(38) Pause Full (Allocation Failure)
[12.692s][info][gc,phases,start] GC(38) Phase 1: Mark live objects
[14.257s][info][gc,phases      ] GC(38) Phase 1: Mark live objects 1564.910ms
[14.257s][info][gc,phases,start] GC(38) Phase 2: Compute new object addresses
[14.825s][info][gc,phases      ] GC(38) Phase 2: Compute new object addresses 567.993ms
[14.825s][info][gc,phases,start] GC(38) Phase 3: Adjust pointers
[15.544s][info][gc,phases      ] GC(38) Phase 3: Adjust pointers 718.789ms
[15.544s][info][gc,phases,start] GC(38) Phase 4: Move objects
[16.186s][info][gc,phases      ] GC(38) Phase 4: Move objects 642.187ms
[16.187s][info][gc,heap        ] GC(38) DefNew: 1125759K(1125760K)->131294K(1474560K) Eden: 1000704K(1000704K)->131294K(1310720K) From: 125055K(125056K)->0K(163840K)
[16.188s][info][gc,heap        ] GC(38) Tenured: 2376571K(2501588K)->3276799K(3276800K)
[16.188s][info][gc,metaspace   ] GC(38) Metaspace: 6302K(6464K)->6302K(6464K) NonClass: 5769K(5824K)->5769K(5824K) Class: 533K(640K)->533K(640K)
[16.188s][info][gc             ] GC(38) Pause Full (Allocation Failure) 4299M->3328M(4640M) 3495.917ms
[16.188s][info][gc,cpu         ] GC(38) User=3.47s Sys=0.00s Real=3.50s
[17.701s][info][gc,start       ] GC(39) Pause Full (Allocation Failure)
[17.701s][info][gc,phases,start] GC(39) Phase 1: Mark live objects
[19.866s][info][gc,phases      ] GC(39) Phase 1: Mark live objects 2164.688ms
[19.866s][info][gc,phases,start] GC(39) Phase 2: Compute new object addresses
[20.512s][info][gc,phases      ] GC(39) Phase 2: Compute new object addresses 646.615ms
[20.512s][info][gc,phases,start] GC(39) Phase 3: Adjust pointers
[21.473s][info][gc,phases      ] GC(39) Phase 3: Adjust pointers 960.300ms
[21.473s][info][gc,phases,start] GC(39) Phase 4: Move objects
[21.675s][info][gc,phases      ] GC(39) Phase 4: Move objects 201.647ms
[21.675s][info][gc,heap        ] GC(39) DefNew: 1474560K(1474560K)->1474530K(1474560K) Eden: 1310720K(1310720K)->1310720K(1310720K) From: 163840K(163840K)->163810K(163840K)
[21.675s][info][gc,heap        ] GC(39) Tenured: 3276799K(3276800K)->3276799K(3276800K)
[21.676s][info][gc,metaspace   ] GC(39) Metaspace: 6302K(6464K)->6302K(6464K) NonClass: 5769K(5824K)->5769K(5824K) Class: 533K(640K)->533K(640K)
[21.676s][info][gc             ] GC(39) Pause Full (Allocation Failure) 4639M->4639M(4640M) 3974.620ms
[21.676s][info][gc,cpu         ] GC(39) User=3.95s Sys=0.00s Real=3.97s
[21.676s][info][gc,start       ] GC(40) Pause Full (Allocation Failure)
[21.676s][info][gc,phases,start] GC(40) Phase 1: Mark live objects
[23.821s][info][gc,phases      ] GC(40) Phase 1: Mark live objects 2144.830ms
[23.821s][info][gc,phases,start] GC(40) Phase 2: Compute new object addresses
[24.468s][info][gc,phases      ] GC(40) Phase 2: Compute new object addresses 647.262ms
[24.468s][info][gc,phases,start] GC(40) Phase 3: Adjust pointers
[25.350s][info][gc,phases      ] GC(40) Phase 3: Adjust pointers 882.070ms
[25.350s][info][gc,phases,start] GC(40) Phase 4: Move objects
[25.350s][info][gc,phases      ] GC(40) Phase 4: Move objects 0.016ms
[25.351s][info][gc,heap        ] GC(40) DefNew: 1474560K(1474560K)->1474560K(1474560K) Eden: 1310720K(1310720K)->1310720K(1310720K) From: 163840K(163840K)->163840K(163840K)
[25.351s][info][gc,heap        ] GC(40) Tenured: 3276799K(3276800K)->3276799K(3276800K)
[25.351s][info][gc,metaspace   ] GC(40) Metaspace: 6302K(6464K)->6302K(6464K) NonClass: 5769K(5824K)->5769K(5824K) Class: 533K(640K)->533K(640K)
[25.351s][info][gc             ] GC(40) Pause Full (Allocation Failure) 4639M->4639M(4640M) 3675.103ms
[25.351s][info][gc,cpu         ] GC(40) User=3.66s Sys=0.00s Real=3.67s
[25.351s][info][gc,start       ] GC(41) Pause Full (Allocation Failure)
[25.351s][info][gc,phases,start] GC(41) Phase 1: Mark live objects
[27.524s][info][gc,phases      ] GC(41) Phase 1: Mark live objects 2172.808ms
[27.524s][info][gc,phases,start] GC(41) Phase 2: Compute new object addresses
[28.181s][info][gc,phases      ] GC(41) Phase 2: Compute new object addresses 656.872ms
[28.181s][info][gc,phases,start] GC(41) Phase 3: Adjust pointers
[29.279s][info][gc,phases      ] GC(41) Phase 3: Adjust pointers 1098.056ms
[29.279s][info][gc,phases,start] GC(41) Phase 4: Move objects
[30.107s][info][gc,phases      ] GC(41) Phase 4: Move objects 827.538ms
[30.108s][info][gc,heap        ] GC(41) DefNew: 1474560K(1474560K)->1474555K(1474560K) Eden: 1310720K(1310720K)->1310719K(1310720K) From: 163840K(163840K)->163835K(163840K)
[30.108s][info][gc,heap        ] GC(41) Tenured: 3276799K(3276800K)->3276799K(3276800K)
[30.108s][info][gc,metaspace   ] GC(41) Metaspace: 6302K(6464K)->6300K(6464K) NonClass: 5769K(5824K)->5767K(5824K) Class: 533K(640K)->532K(640K)
[30.108s][info][gc             ] GC(41) Pause Full (Allocation Failure) 4639M->4639M(4640M) 4756.687ms
[30.108s][info][gc,cpu         ] GC(41) User=4.61s Sys=0.00s Real=4.76s
[30.108s][info][gc,start       ] GC(42) Pause Full (Allocation Failure)
[30.108s][info][gc,phases,start] GC(42) Phase 1: Mark live objects
[32.328s][info][gc,phases      ] GC(42) Phase 1: Mark live objects 2219.376ms
[32.328s][info][gc,phases,start] GC(42) Phase 2: Compute new object addresses
[32.985s][info][gc,phases      ] GC(42) Phase 2: Compute new object addresses 657.456ms
[32.985s][info][gc,phases,start] GC(42) Phase 3: Adjust pointers
[33.868s][info][gc,phases      ] GC(42) Phase 3: Adjust pointers 882.443ms
[33.868s][info][gc,phases,start] GC(42) Phase 4: Move objects
[33.868s][info][gc,phases      ] GC(42) Phase 4: Move objects 0.016ms
[33.868s][info][gc,heap        ] GC(42) DefNew: 1474559K(1474560K)->1474559K(1474560K) Eden: 1310719K(1310720K)->1310719K(1310720K) From: 163839K(163840K)->163839K(163840K)
[33.868s][info][gc,heap        ] GC(42) Tenured: 3276799K(3276800K)->3276799K(3276800K)
[33.868s][info][gc,metaspace   ] GC(42) Metaspace: 6300K(6464K)->6300K(6464K) NonClass: 5767K(5824K)->5767K(5824K) Class: 532K(640K)->532K(640K)
[33.869s][info][gc             ] GC(42) Pause Full (Allocation Failure) 4639M->4639M(4640M) 3760.245ms
[33.869s][info][gc,cpu         ] GC(42) User=3.67s Sys=0.00s Real=3.76s
[33.869s][info][gc,start       ] GC(43) Pause Full (Allocation Failure)
[33.869s][info][gc,phases,start] GC(43) Phase 1: Mark live objects
[36.036s][info][gc,phases      ] GC(43) Phase 1: Mark live objects 2167.423ms
[36.036s][info][gc,phases,start] GC(43) Phase 2: Compute new object addresses
[36.679s][info][gc,phases      ] GC(43) Phase 2: Compute new object addresses 643.192ms
[36.679s][info][gc,phases,start] GC(43) Phase 3: Adjust pointers
[37.555s][info][gc,phases      ] GC(43) Phase 3: Adjust pointers 875.783ms
[37.555s][info][gc,phases,start] GC(43) Phase 4: Move objects
[37.555s][info][gc,phases      ] GC(43) Phase 4: Move objects 0.016ms
[37.556s][info][gc,heap        ] GC(43) DefNew: 1474559K(1474560K)->1474559K(1474560K) Eden: 1310719K(1310720K)->1310719K(1310720K) From: 163839K(163840K)->163839K(163840K)
[37.556s][info][gc,heap        ] GC(43) Tenured: 3276799K(3276800K)->3276799K(3276800K)
[37.556s][info][gc,metaspace   ] GC(43) Metaspace: 6300K(6464K)->6300K(6464K) NonClass: 5767K(5824K)->5767K(5824K) Class: 532K(640K)->532K(640K)
[37.556s][info][gc             ] GC(43) Pause Full (Allocation Failure) 4639M->4639M(4640M) 3687.320ms
[37.556s][info][gc,cpu         ] GC(43) User=3.67s Sys=0.00s Real=3.69s
[37.556s][info][gc,start       ] GC(44) Pause Full (Allocation Failure)
[37.556s][info][gc,phases,start] GC(44) Phase 1: Mark live objects
[39.750s][info][gc,phases      ] GC(44) Phase 1: Mark live objects 2193.885ms
[39.750s][info][gc,phases,start] GC(44) Phase 2: Compute new object addresses
[40.479s][info][gc,phases      ] GC(44) Phase 2: Compute new object addresses 728.339ms
[40.479s][info][gc,phases,start] GC(44) Phase 3: Adjust pointers
[41.404s][info][gc,phases      ] GC(44) Phase 3: Adjust pointers 925.072ms
[41.404s][info][gc,phases,start] GC(44) Phase 4: Move objects
[41.404s][info][gc,phases      ] GC(44) Phase 4: Move objects 0.017ms
[41.404s][info][gc,heap        ] GC(44) DefNew: 1474559K(1474560K)->1474559K(1474560K) Eden: 1310719K(1310720K)->1310719K(1310720K) From: 163840K(163840K)->163839K(163840K)
[41.404s][info][gc,heap        ] GC(44) Tenured: 3276799K(3276800K)->3276799K(3276800K)
[41.404s][info][gc,metaspace   ] GC(44) Metaspace: 6300K(6464K)->6300K(6464K) NonClass: 5767K(5824K)->5767K(5824K) Class: 532K(640K)->532K(640K)
[41.404s][info][gc             ] GC(44) Pause Full (Allocation Failure) 4639M->4639M(4640M) 3848.238ms
[41.405s][info][gc,cpu         ] GC(44) User=3.66s Sys=0.00s Real=3.85s
[41.405s][info][gc,start       ] GC(45) Pause Full (Allocation Failure)
[41.405s][info][gc,phases,start] GC(45) Phase 1: Mark live objects
[43.597s][info][gc,phases      ] GC(45) Phase 1: Mark live objects 2191.988ms
[43.597s][info][gc,phases,start] GC(45) Phase 2: Compute new object addresses
[44.250s][info][gc,phases      ] GC(45) Phase 2: Compute new object addresses 653.478ms
[44.250s][info][gc,phases,start] GC(45) Phase 3: Adjust pointers
[45.307s][info][gc,phases      ] GC(45) Phase 3: Adjust pointers 1056.574ms
[45.307s][info][gc,phases,start] GC(45) Phase 4: Move objects
[46.071s][info][gc,phases      ] GC(45) Phase 4: Move objects 764.480ms
[46.072s][info][gc,heap        ] GC(45) DefNew: 1474559K(1474560K)->1474558K(1474560K) Eden: 1310719K(1310720K)->1310720K(1310720K) From: 163839K(163840K)->163838K(163840K)
[46.072s][info][gc,heap        ] GC(45) Tenured: 3276799K(3276800K)->3276799K(3276800K)
[46.072s][info][gc,metaspace   ] GC(45) Metaspace: 6300K(6464K)->6300K(6464K) NonClass: 5767K(5824K)->5767K(5824K) Class: 532K(640K)->532K(640K)
[46.072s][info][gc             ] GC(45) Pause Full (Allocation Failure) 4639M->4639M(4640M) 4667.824ms
[46.072s][info][gc,cpu         ] GC(45) User=4.62s Sys=0.00s Real=4.67s
[46.073s][info][gc,start       ] GC(46) Pause Full (Allocation Failure)
[46.073s][info][gc,phases,start] GC(46) Phase 1: Mark live objects
[48.271s][info][gc,phases      ] GC(46) Phase 1: Mark live objects 2197.580ms
[48.271s][info][gc,phases,start] GC(46) Phase 2: Compute new object addresses
[48.953s][info][gc,phases      ] GC(46) Phase 2: Compute new object addresses 682.096ms
[48.953s][info][gc,phases,start] GC(46) Phase 3: Adjust pointers
[50.024s][info][gc,phases      ] GC(46) Phase 3: Adjust pointers 1070.918ms
[50.024s][info][gc,phases,start] GC(46) Phase 4: Move objects
[50.886s][info][gc,phases      ] GC(46) Phase 4: Move objects 861.924ms
[50.887s][info][gc,heap        ] GC(46) DefNew: 1474559K(1474560K)->1474557K(1474560K) Eden: 1310720K(1310720K)->1310719K(1310720K) From: 163839K(163840K)->163837K(163840K)
[50.887s][info][gc,heap        ] GC(46) Tenured: 3276799K(3276800K)->3276799K(3276800K)
[50.887s][info][gc,metaspace   ] GC(46) Metaspace: 6302K(6528K)->6302K(6528K) NonClass: 5768K(5888K)->5768K(5888K) Class: 533K(640K)->533K(640K)
[50.887s][info][gc             ] GC(46) Pause Full (Allocation Failure) 4639M->4639M(4640M) 4813.933ms
[50.887s][info][gc,cpu         ] GC(46) User=4.72s Sys=0.00s Real=4.81s
[50.888s][info][gc,heap,exit   ] Heap
[50.888s][info][gc,heap,exit   ]  def new generation   total 1474560K, used 1474557K [0x00000006d4000000, 0x0000000738000000, 0x0000000738000000)
[50.888s][info][gc,heap,exit   ]   eden space 1310720K,  99% used [0x00000006d4000000, 0x0000000723fffff8, 0x0000000724000000)
[50.888s][info][gc,heap,exit   ]   from space 163840K,  99% used [0x0000000724000000, 0x000000072dfff7b8, 0x000000072e000000)
[50.888s][info][gc,heap,exit   ]   to   space 163840K,   0% used [0x000000072e000000, 0x000000072e000000, 0x0000000738000000)
[50.888s][info][gc,heap,exit   ]  tenured generation   total 3276800K, used 3276799K [0x0000000738000000, 0x0000000800000000, 0x0000000800000000)
[50.888s][info][gc,heap,exit   ]    the space 3276800K,  99% used [0x0000000738000000, 0x00000007ffffff88, 0x0000000800000000, 0x0000000800000000)
[50.888s][info][gc,heap,exit   ]  Metaspace       used 6305K, committed 6528K, reserved 1114112K
[50.888s][info][gc,heap,exit   ]   class space    used 534K, committed 640K, reserved 1048576K
