[0.012s][info][gc,init] CardTable entry size: 512
[0.012s][info][gc     ] Using Serial
[0.012s][info][gc,init] Version: 18.0.1+10 (release)
[0.012s][info][gc,init] CPUs: 8 total, 8 available
[0.012s][info][gc,init] Memory: 16063M
[0.012s][info][gc,init] Large Page Support: Disabled
[0.012s][info][gc,init] NUMA Support: Disabled
[0.012s][info][gc,init] Compressed Oops: Enabled (Zero based)
[0.012s][info][gc,init] Heap Min Capacity: 2M
[0.012s][info][gc,init] Heap Initial Capacity: 2M
[0.012s][info][gc,init] Heap Max Capacity: 9000M
[0.012s][info][gc,init] Pre-touch: Disabled
[0.013s][info][gc,metaspace] CDS archive(s) not mapped
[0.013s][info][gc,metaspace] Compressed class space mapped at: 0x0000000800000000-0x0000000840000000, reserved size: 1073741824
[0.013s][info][gc,metaspace] Narrow klass base: 0x0000000800000000, Narrow klass shift: 0, Narrow klass range: 0x40000000
[0.194s][info][gc,start    ] GC(0) Pause Young (Allocation Failure)
[0.196s][info][gc,heap     ] GC(0) DefNew: 1023K(1152K)->127K(1152K) Eden: 1023K(1024K)->0K(1024K) From: 0K(128K)->127K(128K)
[0.196s][info][gc,heap     ] GC(0) Tenured: 0K(768K)->439K(768K)
[0.196s][info][gc,metaspace] GC(0) Metaspace: 5898K(6016K)->5898K(6016K) NonClass: 5399K(5504K)->5399K(5504K) Class: 499K(512K)->499K(512K)
[0.196s][info][gc          ] GC(0) Pause Young (Allocation Failure) 0M->0M(1M) 1.606ms
[0.196s][info][gc,cpu      ] GC(0) User=0.00s Sys=0.00s Real=0.00s
[0.216s][info][gc,start    ] GC(1) Pause Young (Allocation Failure)
[0.217s][info][gc          ] GC(1) Pause Young (Allocation Failure) 1M->0M(2M) 1.313ms
[0.217s][info][gc,cpu      ] GC(1) User=0.00s Sys=0.00s Real=0.00s
[0.217s][info][gc,start    ] GC(2) Pause Full (Allocation Failure)
[0.217s][info][gc,phases,start] GC(2) Phase 1: Mark live objects
[0.218s][info][gc,phases      ] GC(2) Phase 1: Mark live objects 1.092ms
[0.219s][info][gc,phases,start] GC(2) Phase 2: Compute new object addresses
[0.219s][info][gc,phases      ] GC(2) Phase 2: Compute new object addresses 0.229ms
[0.219s][info][gc,phases,start] GC(2) Phase 3: Adjust pointers
[0.219s][info][gc,phases      ] GC(2) Phase 3: Adjust pointers 0.479ms
[0.219s][info][gc,phases,start] GC(2) Phase 4: Move objects
[0.219s][info][gc,phases      ] GC(2) Phase 4: Move objects 0.066ms
[0.219s][info][gc,heap        ] GC(2) DefNew: 1151K(1152K)->40K(1152K) Eden: 1024K(1024K)->40K(1024K) From: 127K(128K)->0K(128K)
[0.219s][info][gc,heap        ] GC(2) Tenured: 439K(768K)->959K(1600K)
[0.219s][info][gc,metaspace   ] GC(2) Metaspace: 6296K(6464K)->6296K(6464K) NonClass: 5763K(5824K)->5763K(5824K) Class: 533K(640K)->533K(640K)
[0.219s][info][gc             ] GC(2) Pause Full (Allocation Failure) 0M->0M(2M) 2.133ms
[0.219s][info][gc,cpu         ] GC(2) User=0.00s Sys=0.00s Real=0.00s
[0.221s][info][gc,start       ] GC(3) Pause Young (Allocation Failure)
[0.222s][info][gc,heap        ] GC(3) DefNew: 1024K(1152K)->128K(1152K) Eden: 1024K(1024K)->0K(1024K) From: 0K(128K)->128K(128K)
[0.222s][info][gc,heap        ] GC(3) Tenured: 959K(1600K)->1374K(1600K)
[0.222s][info][gc,metaspace   ] GC(3) Metaspace: 6296K(6464K)->6296K(6464K) NonClass: 5763K(5824K)->5763K(5824K) Class: 533K(640K)->533K(640K)
[0.223s][info][gc             ] GC(3) Pause Young (Allocation Failure) 1M->1M(2M) 1.536ms
[0.223s][info][gc,cpu         ] GC(3) User=0.00s Sys=0.00s Real=0.00s
[0.224s][info][gc,start       ] GC(4) Pause Young (Allocation Failure)
[0.225s][info][gc             ] GC(4) Pause Young (Allocation Failure) 2M->1M(3M) 1.229ms
[0.225s][info][gc,cpu         ] GC(4) User=0.00s Sys=0.00s Real=0.00s
[0.225s][info][gc,start       ] GC(5) Pause Full (Allocation Failure)
[0.225s][info][gc,phases,start] GC(5) Phase 1: Mark live objects
[0.227s][info][gc,phases      ] GC(5) Phase 1: Mark live objects 1.437ms
[0.227s][info][gc,phases,start] GC(5) Phase 2: Compute new object addresses
[0.227s][info][gc,phases      ] GC(5) Phase 2: Compute new object addresses 0.404ms
[0.227s][info][gc,phases,start] GC(5) Phase 3: Adjust pointers
[0.228s][info][gc,phases      ] GC(5) Phase 3: Adjust pointers 0.768ms
[0.228s][info][gc,phases,start] GC(5) Phase 4: Move objects
[0.228s][info][gc,phases      ] GC(5) Phase 4: Move objects 0.076ms
[0.228s][info][gc,heap        ] GC(5) DefNew: 1152K(1152K)->34K(1536K) Eden: 1024K(1024K)->34K(1408K) From: 128K(128K)->0K(128K)
[0.228s][info][gc,heap        ] GC(5) Tenured: 1374K(1600K)->1983K(3308K)
[0.228s][info][gc,metaspace   ] GC(5) Metaspace: 6296K(6464K)->6296K(6464K) NonClass: 5763K(5824K)->5763K(5824K) Class: 533K(640K)->533K(640K)
[0.228s][info][gc             ] GC(5) Pause Full (Allocation Failure) 1M->1M(4M) 3.040ms
[0.228s][info][gc,cpu         ] GC(5) User=0.00s Sys=0.00s Real=0.00s
[0.230s][info][gc,start       ] GC(6) Pause Young (Allocation Failure)
[0.232s][info][gc,heap        ] GC(6) DefNew: 1408K(1536K)->127K(1536K) Eden: 1408K(1408K)->0K(1408K) From: 0K(128K)->127K(128K)
[0.232s][info][gc,heap        ] GC(6) Tenured: 1983K(3308K)->2617K(3308K)
[0.232s][info][gc,metaspace   ] GC(6) Metaspace: 6296K(6464K)->6296K(6464K) NonClass: 5763K(5824K)->5763K(5824K) Class: 533K(640K)->533K(640K)
[0.232s][info][gc             ] GC(6) Pause Young (Allocation Failure) 3M->2M(4M) 1.873ms
[0.232s][info][gc,cpu         ] GC(6) User=0.00s Sys=0.00s Real=0.00s
[0.233s][info][gc,start       ] GC(7) Pause Young (Allocation Failure)
[0.235s][info][gc             ] GC(7) Pause Young (Allocation Failure) 4M->3M(4M) 1.811ms
[0.235s][info][gc,cpu         ] GC(7) User=0.00s Sys=0.00s Real=0.00s
[0.235s][info][gc,start       ] GC(8) Pause Full (Allocation Failure)
[0.235s][info][gc,phases,start] GC(8) Phase 1: Mark live objects
[0.237s][info][gc,phases      ] GC(8) Phase 1: Mark live objects 2.103ms
[0.237s][info][gc,phases,start] GC(8) Phase 2: Compute new object addresses
[0.238s][info][gc,phases      ] GC(8) Phase 2: Compute new object addresses 0.681ms
[0.238s][info][gc,phases,start] GC(8) Phase 3: Adjust pointers
[0.239s][info][gc,phases      ] GC(8) Phase 3: Adjust pointers 0.998ms
[0.239s][info][gc,phases,start] GC(8) Phase 4: Move objects
[0.239s][info][gc,phases      ] GC(8) Phase 4: Move objects 0.081ms
[0.239s][info][gc,heap        ] GC(8) DefNew: 1535K(1536K)->0K(2688K) Eden: 1408K(1408K)->0K(2432K) From: 127K(128K)->0K(256K)
[0.239s][info][gc,heap        ] GC(8) Tenured: 2617K(3308K)->3459K(5768K)
[0.239s][info][gc,metaspace   ] GC(8) Metaspace: 6296K(6464K)->6296K(6464K) NonClass: 5763K(5824K)->5763K(5824K) Class: 533K(640K)->533K(640K)
[0.239s][info][gc             ] GC(8) Pause Full (Allocation Failure) 3M->3M(8M) 4.193ms
[0.239s][info][gc,cpu         ] GC(8) User=0.00s Sys=0.00s Real=0.00s
[0.243s][info][gc,start       ] GC(9) Pause Young (Allocation Failure)
[0.246s][info][gc,heap        ] GC(9) DefNew: 2432K(2688K)->255K(2688K) Eden: 2432K(2432K)->0K(2432K) From: 0K(256K)->255K(256K)
[0.246s][info][gc,heap        ] GC(9) Tenured: 3459K(5768K)->4512K(5768K)
[0.246s][info][gc,metaspace   ] GC(9) Metaspace: 6296K(6464K)->6296K(6464K) NonClass: 5763K(5824K)->5763K(5824K) Class: 533K(640K)->533K(640K)
[0.246s][info][gc             ] GC(9) Pause Young (Allocation Failure) 5M->4M(8M) 3.159ms
[0.246s][info][gc,cpu         ] GC(9) User=0.00s Sys=0.00s Real=0.00s
[0.249s][info][gc,start       ] GC(10) Pause Young (Allocation Failure)
[0.252s][info][gc,heap        ] GC(10) DefNew: 2687K(2688K)->256K(2688K) Eden: 2432K(2432K)->0K(2432K) From: 255K(256K)->256K(256K)
[0.252s][info][gc,heap        ] GC(10) Tenured: 4512K(5768K)->5754K(5768K)
[0.252s][info][gc,metaspace   ] GC(10) Metaspace: 6296K(6464K)->6296K(6464K) NonClass: 5763K(5824K)->5763K(5824K) Class: 533K(640K)->533K(640K)
[0.252s][info][gc             ] GC(10) Pause Young (Allocation Failure) 7M->5M(8M) 3.639ms
[0.253s][info][gc,cpu         ] GC(10) User=0.00s Sys=0.00s Real=0.00s
[0.256s][info][gc,start       ] GC(11) Pause Young (Allocation Failure)
[0.259s][info][gc             ] GC(11) Pause Young (Allocation Failure) 8M->7M(9M) 3.318ms
[0.259s][info][gc,cpu         ] GC(11) User=0.00s Sys=0.00s Real=0.00s
[0.259s][info][gc,start       ] GC(12) Pause Full (Allocation Failure)
[0.260s][info][gc,phases,start] GC(12) Phase 1: Mark live objects
[0.264s][info][gc,phases      ] GC(12) Phase 1: Mark live objects 3.955ms
[0.264s][info][gc,phases,start] GC(12) Phase 2: Compute new object addresses
[0.265s][info][gc,phases      ] GC(12) Phase 2: Compute new object addresses 1.222ms
[0.265s][info][gc,phases,start] GC(12) Phase 3: Adjust pointers
[0.266s][info][gc,phases      ] GC(12) Phase 3: Adjust pointers 1.599ms
[0.267s][info][gc,phases,start] GC(12) Phase 4: Move objects
[0.268s][info][gc,phases      ] GC(12) Phase 4: Move objects 1.165ms
[0.268s][info][gc,heap        ] GC(12) DefNew: 2688K(2688K)->0K(5376K) Eden: 2432K(2432K)->0K(4800K) From: 256K(256K)->0K(576K)
[0.268s][info][gc,heap        ] GC(12) Tenured: 5754K(5768K)->7132K(11888K)
[0.268s][info][gc,metaspace   ] GC(12) Metaspace: 6296K(6464K)->6296K(6464K) NonClass: 5763K(5824K)->5763K(5824K) Class: 533K(640K)->533K(640K)
[0.268s][info][gc             ] GC(12) Pause Full (Allocation Failure) 7M->6M(16M) 8.398ms
[0.268s][info][gc,cpu         ] GC(12) User=0.00s Sys=0.00s Real=0.01s
[0.273s][info][gc,start       ] GC(13) Pause Young (Allocation Failure)
[0.278s][info][gc,heap        ] GC(13) DefNew: 4800K(5376K)->576K(5376K) Eden: 4800K(4800K)->0K(4800K) From: 0K(576K)->576K(576K)
[0.278s][info][gc,heap        ] GC(13) Tenured: 7132K(11888K)->9027K(11888K)
[0.278s][info][gc,metaspace   ] GC(13) Metaspace: 6296K(6464K)->6296K(6464K) NonClass: 5763K(5824K)->5763K(5824K) Class: 533K(640K)->533K(640K)
[0.278s][info][gc             ] GC(13) Pause Young (Allocation Failure) 11M->9M(16M) 5.429ms
[0.278s][info][gc,cpu         ] GC(13) User=0.00s Sys=0.00s Real=0.00s
[0.283s][info][gc,start       ] GC(14) Pause Young (Allocation Failure)
[0.290s][info][gc,heap        ] GC(14) DefNew: 5376K(5376K)->576K(5376K) Eden: 4800K(4800K)->0K(4800K) From: 576K(576K)->576K(576K)
[0.290s][info][gc,heap        ] GC(14) Tenured: 9027K(11888K)->11746K(11888K)
[0.290s][info][gc,metaspace   ] GC(14) Metaspace: 6296K(6464K)->6296K(6464K) NonClass: 5763K(5824K)->5763K(5824K) Class: 533K(640K)->533K(640K)
[0.290s][info][gc             ] GC(14) Pause Young (Allocation Failure) 14M->12M(16M) 7.144ms
[0.290s][info][gc,cpu         ] GC(14) User=0.00s Sys=0.00s Real=0.01s
[0.296s][info][gc,start       ] GC(15) Pause Young (Allocation Failure)
[0.302s][info][gc             ] GC(15) Pause Young (Allocation Failure) 16M->14M(19M) 6.021ms
[0.302s][info][gc,cpu         ] GC(15) User=0.00s Sys=0.00s Real=0.01s
[0.302s][info][gc,start       ] GC(16) Pause Full (Allocation Failure)
[0.302s][info][gc,phases,start] GC(16) Phase 1: Mark live objects
[0.310s][info][gc,phases      ] GC(16) Phase 1: Mark live objects 7.955ms
[0.310s][info][gc,phases,start] GC(16) Phase 2: Compute new object addresses
[0.312s][info][gc,phases      ] GC(16) Phase 2: Compute new object addresses 2.552ms
[0.312s][info][gc,phases,start] GC(16) Phase 3: Adjust pointers
[0.316s][info][gc,phases      ] GC(16) Phase 3: Adjust pointers 3.413ms
[0.316s][info][gc,phases,start] GC(16) Phase 4: Move objects
[0.316s][info][gc,phases      ] GC(16) Phase 4: Move objects 0.175ms
[0.316s][info][gc,heap        ] GC(16) DefNew: 5376K(5376K)->386K(10880K) Eden: 4800K(4800K)->386K(9728K) From: 576K(576K)->0K(1152K)
[0.316s][info][gc,heap        ] GC(16) Tenured: 11746K(11888K)->14384K(23976K)
[0.316s][info][gc,metaspace   ] GC(16) Metaspace: 6298K(6464K)->6298K(6464K) NonClass: 5765K(5824K)->5765K(5824K) Class: 533K(640K)->533K(640K)
[0.316s][info][gc             ] GC(16) Pause Full (Allocation Failure) 14M->14M(34M) 14.562ms
[0.316s][info][gc,cpu         ] GC(16) User=0.02s Sys=0.00s Real=0.01s
[0.324s][info][gc,start       ] GC(17) Pause Young (Allocation Failure)
[0.337s][info][gc,heap        ] GC(17) DefNew: 9728K(10880K)->1151K(10880K) Eden: 9728K(9728K)->0K(9728K) From: 0K(1152K)->1151K(1152K)
[0.337s][info][gc,heap        ] GC(17) Tenured: 14384K(23976K)->18415K(23976K)
[0.338s][info][gc,metaspace   ] GC(17) Metaspace: 6298K(6464K)->6298K(6464K) NonClass: 5765K(5824K)->5765K(5824K) Class: 533K(640K)->533K(640K)
[0.338s][info][gc             ] GC(17) Pause Young (Allocation Failure) 23M->19M(34M) 13.749ms
[0.338s][info][gc,cpu         ] GC(17) User=0.00s Sys=0.00s Real=0.01s
[0.345s][info][gc,start       ] GC(18) Pause Young (Allocation Failure)
[0.358s][info][gc,heap        ] GC(18) DefNew: 10879K(10880K)->1151K(10880K) Eden: 9728K(9728K)->0K(9728K) From: 1151K(1152K)->1151K(1152K)
[0.358s][info][gc,heap        ] GC(18) Tenured: 18415K(23976K)->23936K(23976K)
[0.358s][info][gc,metaspace   ] GC(18) Metaspace: 6298K(6464K)->6298K(6464K) NonClass: 5765K(5824K)->5765K(5824K) Class: 533K(640K)->533K(640K)
[0.358s][info][gc             ] GC(18) Pause Young (Allocation Failure) 28M->24M(34M) 13.172ms
[0.358s][info][gc,cpu         ] GC(18) User=0.00s Sys=0.00s Real=0.01s
[0.364s][info][gc,start       ] GC(19) Pause Young (Allocation Failure)
[0.375s][info][gc             ] GC(19) Pause Young (Allocation Failure) 34M->29M(38M) 11.487ms
[0.375s][info][gc,cpu         ] GC(19) User=0.02s Sys=0.00s Real=0.01s
[0.375s][info][gc,start       ] GC(20) Pause Full (Allocation Failure)
[0.375s][info][gc,phases,start] GC(20) Phase 1: Mark live objects
[0.389s][info][gc,phases      ] GC(20) Phase 1: Mark live objects 14.145ms
[0.389s][info][gc,phases,start] GC(20) Phase 2: Compute new object addresses
[0.394s][info][gc,phases      ] GC(20) Phase 2: Compute new object addresses 4.870ms
[0.394s][info][gc,phases,start] GC(20) Phase 3: Adjust pointers
[0.400s][info][gc,phases      ] GC(20) Phase 3: Adjust pointers 5.569ms
[0.400s][info][gc,phases,start] GC(20) Phase 4: Move objects
[0.400s][info][gc,phases      ] GC(20) Phase 4: Move objects 0.177ms
[0.400s][info][gc,heap        ] GC(20) DefNew: 10879K(10880K)->1079K(21888K) Eden: 9728K(9728K)->1079K(19520K) From: 1151K(1152K)->0K(2368K)
[0.400s][info][gc,heap        ] GC(20) Tenured: 23936K(23976K)->29035K(48396K)
[0.400s][info][gc,metaspace   ] GC(20) Metaspace: 6298K(6464K)->6298K(6464K) NonClass: 5765K(5824K)->5765K(5824K) Class: 533K(640K)->533K(640K)
[0.400s][info][gc             ] GC(20) Pause Full (Allocation Failure) 29M->29M(68M) 25.202ms
[0.400s][info][gc,cpu         ] GC(20) User=0.03s Sys=0.00s Real=0.02s
[0.416s][info][gc,start       ] GC(21) Pause Young (Allocation Failure)
[0.446s][info][gc,heap        ] GC(21) DefNew: 19520K(21888K)->2367K(21888K) Eden: 19520K(19520K)->0K(19520K) From: 0K(2368K)->2367K(2368K)
[0.446s][info][gc,heap        ] GC(21) Tenured: 29035K(48396K)->41019K(48396K)
[0.446s][info][gc,metaspace   ] GC(21) Metaspace: 6298K(6464K)->6298K(6464K) NonClass: 5765K(5824K)->5765K(5824K) Class: 533K(640K)->533K(640K)
[0.446s][info][gc             ] GC(21) Pause Young (Allocation Failure) 47M->42M(68M) 30.423ms
[0.446s][info][gc,cpu         ] GC(21) User=0.02s Sys=0.00s Real=0.03s
[0.463s][info][gc,start       ] GC(22) Pause Young (Allocation Failure)
[0.498s][info][gc             ] GC(22) Pause Young (Allocation Failure) 61M->61M(80M) 35.033ms
[0.498s][info][gc,cpu         ] GC(22) User=0.03s Sys=0.00s Real=0.04s
[0.498s][info][gc,start       ] GC(23) Pause Full (Allocation Failure)
[0.498s][info][gc,phases,start] GC(23) Phase 1: Mark live objects
[0.523s][info][gc,phases      ] GC(23) Phase 1: Mark live objects 25.279ms
[0.524s][info][gc,phases,start] GC(23) Phase 2: Compute new object addresses
[0.534s][info][gc,phases      ] GC(23) Phase 2: Compute new object addresses 9.955ms
[0.534s][info][gc,phases,start] GC(23) Phase 3: Adjust pointers
[0.545s][info][gc,phases      ] GC(23) Phase 3: Adjust pointers 10.946ms
[0.545s][info][gc,phases,start] GC(23) Phase 4: Move objects
[0.545s][info][gc,phases      ] GC(23) Phase 4: Move objects 0.439ms
[0.545s][info][gc,heap        ] GC(23) DefNew: 21887K(21888K)->2192K(45568K) Eden: 19520K(19520K)->2192K(40512K) From: 2367K(2368K)->0K(5056K)
[0.545s][info][gc,heap        ] GC(23) Tenured: 41019K(48396K)->60683K(101140K)
[0.545s][info][gc,metaspace   ] GC(23) Metaspace: 6298K(6464K)->6298K(6464K) NonClass: 5765K(5824K)->5765K(5824K) Class: 533K(640K)->533K(640K)
[0.545s][info][gc             ] GC(23) Pause Full (Allocation Failure) 61M->61M(143M) 47.200ms
[0.545s][info][gc,cpu         ] GC(23) User=0.05s Sys=0.00s Real=0.05s
[0.587s][info][gc,start       ] GC(24) Pause Young (Allocation Failure)
[0.653s][info][gc,heap        ] GC(24) DefNew: 40512K(45568K)->5056K(45568K) Eden: 40512K(40512K)->0K(40512K) From: 0K(5056K)->5056K(5056K)
[0.653s][info][gc,heap        ] GC(24) Tenured: 60683K(101140K)->96114K(101140K)
[0.653s][info][gc,metaspace   ] GC(24) Metaspace: 6298K(6464K)->6298K(6464K) NonClass: 5765K(5824K)->5765K(5824K) Class: 533K(640K)->533K(640K)
[0.653s][info][gc             ] GC(24) Pause Young (Allocation Failure) 98M->98M(143M) 65.180ms
[0.653s][info][gc,cpu         ] GC(24) User=0.06s Sys=0.00s Real=0.07s
[0.686s][info][gc,start       ] GC(25) Pause Young (Allocation Failure)
[0.758s][info][gc             ] GC(25) Pause Young (Allocation Failure) 138M->138M(177M) 72.546ms
[0.758s][info][gc,cpu         ] GC(25) User=0.06s Sys=0.00s Real=0.07s
[0.758s][info][gc,start       ] GC(26) Pause Full (Allocation Failure)
[0.758s][info][gc,phases,start] GC(26) Phase 1: Mark live objects
[0.815s][info][gc,phases      ] GC(26) Phase 1: Mark live objects 56.393ms
[0.815s][info][gc,phases,start] GC(26) Phase 2: Compute new object addresses
[0.837s][info][gc,phases      ] GC(26) Phase 2: Compute new object addresses 22.139ms
[0.837s][info][gc,phases,start] GC(26) Phase 3: Adjust pointers
[0.864s][info][gc,phases      ] GC(26) Phase 3: Adjust pointers 26.942ms
[0.864s][info][gc,phases,start] GC(26) Phase 4: Move objects
[0.888s][info][gc,phases      ] GC(26) Phase 4: Move objects 24.221ms
[0.889s][info][gc,heap        ] GC(26) DefNew: 45568K(45568K)->1146K(102528K) Eden: 40512K(40512K)->1146K(91136K) From: 5056K(5056K)->0K(11392K)
[0.889s][info][gc,heap        ] GC(26) Tenured: 96114K(101140K)->136659K(227768K)
[0.889s][info][gc,metaspace   ] GC(26) Metaspace: 6298K(6464K)->6298K(6464K) NonClass: 5765K(5824K)->5765K(5824K) Class: 533K(640K)->533K(640K)
[0.889s][info][gc             ] GC(26) Pause Full (Allocation Failure) 138M->134M(322M) 130.511ms
[0.889s][info][gc,cpu         ] GC(26) User=0.11s Sys=0.00s Real=0.13s
[0.987s][info][gc,start       ] GC(27) Pause Young (Allocation Failure)
[1.160s][info][gc,heap        ] GC(27) DefNew: 91136K(102528K)->11391K(102528K) Eden: 91136K(91136K)->0K(91136K) From: 0K(11392K)->11391K(11392K)
[1.160s][info][gc,heap        ] GC(27) Tenured: 136659K(227768K)->216371K(227768K)
[1.160s][info][gc,metaspace   ] GC(27) Metaspace: 6298K(6464K)->6298K(6464K) NonClass: 5765K(5824K)->5765K(5824K) Class: 533K(640K)->533K(640K)
[1.160s][info][gc             ] GC(27) Pause Young (Allocation Failure) 222M->222M(322M) 172.405ms
[1.160s][info][gc,cpu         ] GC(27) User=0.09s Sys=0.02s Real=0.17s
[1.244s][info][gc,start       ] GC(28) Pause Young (Allocation Failure)
[1.433s][info][gc             ] GC(28) Pause Young (Allocation Failure) 311M->311M(400M) 189.215ms
[1.433s][info][gc,cpu         ] GC(28) User=0.14s Sys=0.00s Real=0.19s
[1.433s][info][gc,start       ] GC(29) Pause Full (Allocation Failure)
[1.433s][info][gc,phases,start] GC(29) Phase 1: Mark live objects
[1.585s][info][gc,phases      ] GC(29) Phase 1: Mark live objects 151.712ms
[1.585s][info][gc,phases,start] GC(29) Phase 2: Compute new object addresses
[1.635s][info][gc,phases      ] GC(29) Phase 2: Compute new object addresses 49.980ms
[1.635s][info][gc,phases,start] GC(29) Phase 3: Adjust pointers
[1.689s][info][gc,phases      ] GC(29) Phase 3: Adjust pointers 53.879ms
[1.689s][info][gc,phases,start] GC(29) Phase 4: Move objects
[1.691s][info][gc,phases      ] GC(29) Phase 4: Move objects 2.428ms
[1.692s][info][gc,heap        ] GC(29) DefNew: 102527K(102528K)->11225K(230784K) Eden: 91136K(91136K)->11225K(205184K) From: 11391K(11392K)->0K(25600K)
[1.692s][info][gc,heap        ] GC(29) Tenured: 216371K(227768K)->307639K(512736K)
[1.692s][info][gc,metaspace   ] GC(29) Metaspace: 6298K(6464K)->6298K(6464K) NonClass: 5765K(5824K)->5765K(5824K) Class: 533K(640K)->533K(640K)
[1.692s][info][gc             ] GC(29) Pause Full (Allocation Failure) 311M->311M(726M) 259.296ms
[1.692s][info][gc,cpu         ] GC(29) User=0.20s Sys=0.00s Real=0.26s
[1.906s][info][gc,start       ] GC(30) Pause Young (Allocation Failure)
[2.261s][info][gc,heap        ] GC(30) DefNew: 205184K(230784K)->25599K(230784K) Eden: 205184K(205184K)->0K(205184K) From: 0K(25600K)->25599K(25600K)
[2.261s][info][gc,heap        ] GC(30) Tenured: 307639K(512736K)->487198K(512736K)
[2.261s][info][gc,metaspace   ] GC(30) Metaspace: 6298K(6464K)->6298K(6464K) NonClass: 5765K(5824K)->5765K(5824K) Class: 533K(640K)->533K(640K)
[2.261s][info][gc             ] GC(30) Pause Young (Allocation Failure) 500M->500M(726M) 354.424ms
[2.261s][info][gc,cpu         ] GC(30) User=0.27s Sys=0.03s Real=0.35s
[2.451s][info][gc,start       ] GC(31) Pause Young (Allocation Failure)
[2.840s][info][gc             ] GC(31) Pause Young (Allocation Failure) 701M->700M(901M) 389.115ms
[2.840s][info][gc,cpu         ] GC(31) User=0.31s Sys=0.06s Real=0.39s
[2.840s][info][gc,start       ] GC(32) Pause Full (Allocation Failure)
[2.840s][info][gc,phases,start] GC(32) Phase 1: Mark live objects
[3.163s][info][gc,phases      ] GC(32) Phase 1: Mark live objects 323.038ms
[3.163s][info][gc,phases,start] GC(32) Phase 2: Compute new object addresses
[3.278s][info][gc,phases      ] GC(32) Phase 2: Compute new object addresses 114.856ms
[3.278s][info][gc,phases,start] GC(32) Phase 3: Adjust pointers
[3.400s][info][gc,phases      ] GC(32) Phase 3: Adjust pointers 121.731ms
[3.400s][info][gc,phases,start] GC(32) Phase 4: Move objects
[3.406s][info][gc,phases      ] GC(32) Phase 4: Move objects 5.312ms
[3.407s][info][gc,heap        ] GC(32) DefNew: 230783K(230784K)->25592K(518976K) Eden: 205184K(205184K)->25592K(461376K) From: 25599K(25600K)->0K(57600K)
[3.407s][info][gc,heap        ] GC(32) Tenured: 487198K(512736K)->691871K(1153120K)
[3.407s][info][gc,metaspace   ] GC(32) Metaspace: 6298K(6464K)->6298K(6464K) NonClass: 5765K(5824K)->5765K(5824K) Class: 533K(640K)->533K(640K)
[3.407s][info][gc             ] GC(32) Pause Full (Allocation Failure) 700M->700M(1632M) 567.146ms
[3.408s][info][gc,cpu         ] GC(32) User=0.56s Sys=0.00s Real=0.57s
[3.883s][info][gc,start       ] GC(33) Pause Young (Allocation Failure)
[4.690s][info][gc,heap        ] GC(33) DefNew: 461376K(518976K)->57600K(518976K) Eden: 461376K(461376K)->0K(461376K) From: 0K(57600K)->57600K(57600K)
[4.690s][info][gc,heap        ] GC(33) Tenured: 691871K(1153120K)->1095618K(1153120K)
[4.690s][info][gc,metaspace   ] GC(33) Metaspace: 6298K(6464K)->6298K(6464K) NonClass: 5765K(5824K)->5765K(5824K) Class: 533K(640K)->533K(640K)
[4.690s][info][gc             ] GC(33) Pause Young (Allocation Failure) 1126M->1126M(1632M) 806.663ms
[4.690s][info][gc,cpu         ] GC(33) User=0.69s Sys=0.11s Real=0.81s
[5.163s][info][gc,start       ] GC(34) Pause Young (Allocation Failure)
[5.961s][info][gc             ] GC(34) Pause Young (Allocation Failure) 1576M->1526M(1977M) 797.809ms
[5.961s][info][gc,cpu         ] GC(34) User=0.62s Sys=0.17s Real=0.80s
[5.961s][info][gc,start       ] GC(35) Pause Full (Allocation Failure)
[5.961s][info][gc,phases,start] GC(35) Phase 1: Mark live objects
[6.640s][info][gc,phases      ] GC(35) Phase 1: Mark live objects 678.292ms
[6.640s][info][gc,phases,start] GC(35) Phase 2: Compute new object addresses
[6.865s][info][gc,phases      ] GC(35) Phase 2: Compute new object addresses 224.897ms
[6.865s][info][gc,phases,start] GC(35) Phase 3: Adjust pointers
[7.140s][info][gc,phases      ] GC(35) Phase 3: Adjust pointers 275.538ms
[7.140s][info][gc,phases,start] GC(35) Phase 4: Move objects
[7.151s][info][gc,phases      ] GC(35) Phase 4: Move objects 10.933ms
[7.155s][info][gc,heap        ] GC(35) DefNew: 518976K(518976K)->57408K(1129600K) Eden: 461376K(461376K)->57408K(1004096K) From: 57600K(57600K)->0K(125504K)
[7.155s][info][gc,heap        ] GC(35) Tenured: 1095618K(1153120K)->1506083K(2510140K)
[7.155s][info][gc,metaspace   ] GC(35) Metaspace: 6298K(6464K)->6298K(6464K) NonClass: 5765K(5824K)->5765K(5824K) Class: 533K(640K)->533K(640K)
[7.155s][info][gc             ] GC(35) Pause Full (Allocation Failure) 1526M->1526M(3554M) 1194.126ms
[7.155s][info][gc,cpu         ] GC(35) User=1.19s Sys=0.02s Real=1.19s
[8.139s][info][gc,start       ] GC(36) Pause Young (Allocation Failure)
[9.935s][info][gc,heap        ] GC(36) DefNew: 1004096K(1129600K)->125503K(1129600K) Eden: 1004096K(1004096K)->0K(1004096K) From: 0K(125504K)->125503K(125504K)
[9.935s][info][gc,heap        ] GC(36) Tenured: 1506083K(2510140K)->2384647K(2510140K)
[9.935s][info][gc,metaspace   ] GC(36) Metaspace: 6298K(6464K)->6298K(6464K) NonClass: 5765K(5824K)->5765K(5824K) Class: 533K(640K)->533K(640K)
[9.935s][info][gc             ] GC(36) Pause Young (Allocation Failure) 2451M->2451M(3554M) 1796.223ms
[9.935s][info][gc,cpu         ] GC(36) User=1.55s Sys=0.25s Real=1.80s
[10.939s][info][gc,start       ] GC(37) Pause Young (Allocation Failure)
[12.686s][info][gc             ] GC(37) Pause Young (Allocation Failure) 3431M->3431M(4412M) 1747.135ms
[12.686s][info][gc,cpu         ] GC(37) User=1.47s Sys=0.25s Real=1.75s
[12.686s][info][gc,start       ] GC(38) Pause Full (Allocation Failure)
[12.686s][info][gc,phases,start] GC(38) Phase 1: Mark live objects
[14.272s][info][gc,phases      ] GC(38) Phase 1: Mark live objects 1585.603ms
[14.272s][info][gc,phases,start] GC(38) Phase 2: Compute new object addresses
[14.796s][info][gc,phases      ] GC(38) Phase 2: Compute new object addresses 524.129ms
[14.796s][info][gc,phases,start] GC(38) Phase 3: Adjust pointers
[15.485s][info][gc,phases      ] GC(38) Phase 3: Adjust pointers 688.896ms
[15.485s][info][gc,phases,start] GC(38) Phase 4: Move objects
[16.127s][info][gc,phases      ] GC(38) Phase 4: Move objects 642.139ms
[16.136s][info][gc,heap        ] GC(38) DefNew: 1129599K(1129600K)->31143K(2541696K) Eden: 1004096K(1004096K)->31143K(2259328K) From: 125503K(125504K)->0K(282368K)
[16.136s][info][gc,heap        ] GC(38) Tenured: 2384647K(2510140K)->3388863K(5648108K)
[16.136s][info][gc,metaspace   ] GC(38) Metaspace: 6298K(6464K)->6298K(6464K) NonClass: 5765K(5824K)->5765K(5824K) Class: 533K(640K)->533K(640K)
[16.137s][info][gc             ] GC(38) Pause Full (Allocation Failure) 3431M->3339M(7997M) 3450.587ms
[16.137s][info][gc,cpu         ] GC(38) User=3.42s Sys=0.02s Real=3.45s
[18.434s][info][gc,start       ] GC(39) Pause Young (Allocation Failure)
[22.378s][info][gc,heap        ] GC(39) DefNew: 2259328K(2541696K)->282367K(2541696K) Eden: 2259328K(2259328K)->0K(2259328K) From: 0K(282368K)->282367K(282368K)
[22.378s][info][gc,heap        ] GC(39) Tenured: 3388863K(5648108K)->5365794K(5648108K)
[22.378s][info][gc,metaspace   ] GC(39) Metaspace: 6298K(6464K)->6298K(6464K) NonClass: 5765K(5824K)->5765K(5824K) Class: 533K(640K)->533K(640K)
[22.378s][info][gc             ] GC(39) Pause Young (Allocation Failure) 5515M->5515M(7997M) 3943.892ms
[22.378s][info][gc,cpu         ] GC(39) User=3.34s Sys=0.53s Real=3.94s
[24.518s][info][gc,start       ] GC(40) Pause Young (Allocation Failure)
[24.518s][info][gc             ] GC(40) Pause Young (Allocation Failure) 7722M->7722M(7997M) 0.131ms
[24.518s][info][gc,cpu         ] GC(40) User=0.00s Sys=0.00s Real=0.00s
[24.518s][info][gc,start       ] GC(41) Pause Full (Allocation Failure)
[24.518s][info][gc,phases,start] GC(41) Phase 1: Mark live objects
[28.189s][info][gc,phases      ] GC(41) Phase 1: Mark live objects 3670.680ms
[28.189s][info][gc,phases,start] GC(41) Phase 2: Compute new object addresses
[29.294s][info][gc,phases      ] GC(41) Phase 2: Compute new object addresses 1104.868ms
[29.294s][info][gc,phases,start] GC(41) Phase 3: Adjust pointers
[30.852s][info][gc,phases      ] GC(41) Phase 3: Adjust pointers 1558.733ms
[30.852s][info][gc,phases,start] GC(41) Phase 4: Move objects
[31.329s][info][gc,phases      ] GC(41) Phase 4: Move objects 476.457ms
[31.331s][info][gc,heap        ] GC(41) DefNew: 2541695K(2541696K)->2408681K(2541696K) Eden: 2259328K(2259328K)->2259327K(2259328K) From: 282367K(282368K)->149353K(282368K)
[31.331s][info][gc,heap        ] GC(41) Tenured: 5365794K(5648108K)->5498781K(6144000K)
[31.331s][info][gc,metaspace   ] GC(41) Metaspace: 6298K(6464K)->6298K(6464K) NonClass: 5765K(5824K)->5765K(5824K) Class: 533K(640K)->533K(640K)
[31.331s][info][gc             ] GC(41) Pause Full (Allocation Failure) 7722M->7722M(8482M) 6812.640ms
[31.331s][info][gc,cpu         ] GC(41) User=6.77s Sys=0.00s Real=6.81s
[33.871s][info][gc,start       ] GC(42) Pause Full (Allocation Failure)
[33.871s][info][gc,phases,start] GC(42) Phase 1: Mark live objects
[37.778s][info][gc,phases      ] GC(42) Phase 1: Mark live objects 3907.326ms
[37.778s][info][gc,phases,start] GC(42) Phase 2: Compute new object addresses
[38.987s][info][gc,phases      ] GC(42) Phase 2: Compute new object addresses 1208.489ms
[38.987s][info][gc,phases,start] GC(42) Phase 3: Adjust pointers
[40.596s][info][gc,phases      ] GC(42) Phase 3: Adjust pointers 1609.610ms
[40.596s][info][gc,phases,start] GC(42) Phase 4: Move objects
[40.596s][info][gc,phases      ] GC(42) Phase 4: Move objects 0.018ms
[40.597s][info][gc,heap        ] GC(42) DefNew: 2541696K(2541696K)->2541696K(2541696K) Eden: 2259328K(2259328K)->2259328K(2259328K) From: 282368K(282368K)->282368K(282368K)
[40.597s][info][gc,heap        ] GC(42) Tenured: 6143999K(6144000K)->6143999K(6144000K)
[40.597s][info][gc,metaspace   ] GC(42) Metaspace: 6298K(6464K)->6298K(6464K) NonClass: 5765K(5824K)->5765K(5824K) Class: 533K(640K)->533K(640K)
[40.597s][info][gc             ] GC(42) Pause Full (Allocation Failure) 8482M->8482M(8482M) 6726.605ms
[40.597s][info][gc,cpu         ] GC(42) User=6.64s Sys=0.00s Real=6.73s
[40.597s][info][gc,start       ] GC(43) Pause Full (Allocation Failure)
[40.597s][info][gc,phases,start] GC(43) Phase 1: Mark live objects
[44.397s][info][gc,phases      ] GC(43) Phase 1: Mark live objects 3799.574ms
[44.397s][info][gc,phases,start] GC(43) Phase 2: Compute new object addresses
[45.566s][info][gc,phases      ] GC(43) Phase 2: Compute new object addresses 1168.822ms
[45.566s][info][gc,phases,start] GC(43) Phase 3: Adjust pointers
[47.419s][info][gc,phases      ] GC(43) Phase 3: Adjust pointers 1853.507ms
[47.419s][info][gc,phases,start] GC(43) Phase 4: Move objects
[48.550s][info][gc,phases      ] GC(43) Phase 4: Move objects 1130.136ms
[48.550s][info][gc,heap        ] GC(43) DefNew: 2541696K(2541696K)->2541696K(2541696K) Eden: 2259328K(2259328K)->2259328K(2259328K) From: 282368K(282368K)->282368K(282368K)
[48.550s][info][gc,heap        ] GC(43) Tenured: 6143999K(6144000K)->6012923K(6144000K)
[48.550s][info][gc,metaspace   ] GC(43) Metaspace: 6298K(6464K)->6296K(6464K) NonClass: 5765K(5824K)->5763K(5824K) Class: 533K(640K)->532K(640K)
[48.550s][info][gc             ] GC(43) Pause Full (Allocation Failure) 8482M->8354M(8482M) 7952.951ms
[48.550s][info][gc,cpu         ] GC(43) User=7.95s Sys=0.00s Real=7.95s
[48.953s][info][gc,start       ] GC(44) Pause Full (Allocation Failure)
[48.953s][info][gc,phases,start] GC(44) Phase 1: Mark live objects
[52.809s][info][gc,phases      ] GC(44) Phase 1: Mark live objects 3855.417ms
[52.809s][info][gc,phases,start] GC(44) Phase 2: Compute new object addresses
[53.995s][info][gc,phases      ] GC(44) Phase 2: Compute new object addresses 1185.785ms
[53.995s][info][gc,phases,start] GC(44) Phase 3: Adjust pointers
[55.602s][info][gc,phases      ] GC(44) Phase 3: Adjust pointers 1607.542ms
[55.602s][info][gc,phases,start] GC(44) Phase 4: Move objects
[55.602s][info][gc,phases      ] GC(44) Phase 4: Move objects 0.018ms
[55.603s][info][gc,heap        ] GC(44) DefNew: 2541696K(2541696K)->2541696K(2541696K) Eden: 2259328K(2259328K)->2259328K(2259328K) From: 282368K(282368K)->282368K(282368K)
[55.603s][info][gc,heap        ] GC(44) Tenured: 6144000K(6144000K)->6144000K(6144000K)
[55.603s][info][gc,metaspace   ] GC(44) Metaspace: 6296K(6464K)->6296K(6464K) NonClass: 5763K(5824K)->5763K(5824K) Class: 532K(640K)->532K(640K)
[55.603s][info][gc             ] GC(44) Pause Full (Allocation Failure) 8482M->8482M(8482M) 6649.775ms
[55.603s][info][gc,cpu         ] GC(44) User=6.62s Sys=0.00s Real=6.65s
[55.603s][info][gc,start       ] GC(45) Pause Full (Allocation Failure)
[55.603s][info][gc,phases,start] GC(45) Phase 1: Mark live objects
[59.515s][info][gc,phases      ] GC(45) Phase 1: Mark live objects 3912.479ms
[59.516s][info][gc,phases,start] GC(45) Phase 2: Compute new object addresses
[60.701s][info][gc,phases      ] GC(45) Phase 2: Compute new object addresses 1185.906ms
[60.702s][info][gc,phases,start] GC(45) Phase 3: Adjust pointers
[62.309s][info][gc,phases      ] GC(45) Phase 3: Adjust pointers 1607.229ms
[62.309s][info][gc,phases,start] GC(45) Phase 4: Move objects
[62.309s][info][gc,phases      ] GC(45) Phase 4: Move objects 0.018ms
[62.309s][info][gc,heap        ] GC(45) DefNew: 2541696K(2541696K)->2541696K(2541696K) Eden: 2259328K(2259328K)->2259328K(2259328K) From: 282368K(282368K)->282368K(282368K)
[62.309s][info][gc,heap        ] GC(45) Tenured: 6144000K(6144000K)->6144000K(6144000K)
[62.309s][info][gc,metaspace   ] GC(45) Metaspace: 6296K(6464K)->6296K(6464K) NonClass: 5763K(5824K)->5763K(5824K) Class: 532K(640K)->532K(640K)
[62.309s][info][gc             ] GC(45) Pause Full (Allocation Failure) 8482M->8482M(8482M) 6706.466ms
[62.309s][info][gc,cpu         ] GC(45) User=6.67s Sys=0.00s Real=6.71s
[62.310s][info][gc,start       ] GC(46) Pause Full (Allocation Failure)
[62.310s][info][gc,phases,start] GC(46) Phase 1: Mark live objects
[66.207s][info][gc,phases      ] GC(46) Phase 1: Mark live objects 3897.345ms
[66.207s][info][gc,phases,start] GC(46) Phase 2: Compute new object addresses
[67.399s][info][gc,phases      ] GC(46) Phase 2: Compute new object addresses 1191.697ms
[67.399s][info][gc,phases,start] GC(46) Phase 3: Adjust pointers
[69.030s][info][gc,phases      ] GC(46) Phase 3: Adjust pointers 1630.988ms
[69.030s][info][gc,phases,start] GC(46) Phase 4: Move objects
[69.030s][info][gc,phases      ] GC(46) Phase 4: Move objects 0.018ms
[69.031s][info][gc,heap        ] GC(46) DefNew: 2541696K(2541696K)->2541696K(2541696K) Eden: 2259328K(2259328K)->2259328K(2259328K) From: 282368K(282368K)->282368K(282368K)
[69.031s][info][gc,heap        ] GC(46) Tenured: 6144000K(6144000K)->6144000K(6144000K)
[69.031s][info][gc,metaspace   ] GC(46) Metaspace: 6296K(6464K)->6296K(6464K) NonClass: 5763K(5824K)->5763K(5824K) Class: 532K(640K)->532K(640K)
[69.031s][info][gc             ] GC(46) Pause Full (Allocation Failure) 8482M->8482M(8482M) 6720.907ms
[69.031s][info][gc,cpu         ] GC(46) User=6.66s Sys=0.00s Real=6.72s
[69.031s][info][gc,start       ] GC(47) Pause Full (Allocation Failure)
[69.031s][info][gc,phases,start] GC(47) Phase 1: Mark live objects
[72.944s][info][gc,phases      ] GC(47) Phase 1: Mark live objects 3913.385ms
[72.944s][info][gc,phases,start] GC(47) Phase 2: Compute new object addresses
[74.123s][info][gc,phases      ] GC(47) Phase 2: Compute new object addresses 1178.673ms
[74.123s][info][gc,phases,start] GC(47) Phase 3: Adjust pointers
[76.006s][info][gc,phases      ] GC(47) Phase 3: Adjust pointers 1882.976ms
[76.006s][info][gc,phases,start] GC(47) Phase 4: Move objects
[77.025s][info][gc,phases      ] GC(47) Phase 4: Move objects 1019.176ms
[77.026s][info][gc,heap        ] GC(47) DefNew: 2541696K(2541696K)->2541696K(2541696K) Eden: 2259328K(2259328K)->2259328K(2259328K) From: 282368K(282368K)->282368K(282368K)
[77.026s][info][gc,heap        ] GC(47) Tenured: 6144000K(6144000K)->6143998K(6144000K)
[77.026s][info][gc,metaspace   ] GC(47) Metaspace: 6296K(6464K)->6296K(6464K) NonClass: 5763K(5824K)->5763K(5824K) Class: 532K(640K)->532K(640K)
[77.026s][info][gc             ] GC(47) Pause Full (Allocation Failure) 8482M->8482M(8482M) 7995.060ms
[77.026s][info][gc,cpu         ] GC(47) User=7.94s Sys=0.00s Real=7.99s
[77.027s][info][gc,start       ] GC(48) Pause Full (Allocation Failure)
[77.027s][info][gc,phases,start] GC(48) Phase 1: Mark live objects
[80.972s][info][gc,phases      ] GC(48) Phase 1: Mark live objects 3944.930ms
[80.972s][info][gc,phases,start] GC(48) Phase 2: Compute new object addresses
[82.251s][info][gc,phases      ] GC(48) Phase 2: Compute new object addresses 1279.193ms
[82.251s][info][gc,phases,start] GC(48) Phase 3: Adjust pointers
[84.190s][info][gc,phases      ] GC(48) Phase 3: Adjust pointers 1939.106ms
[84.191s][info][gc,phases,start] GC(48) Phase 4: Move objects
[85.294s][info][gc,phases      ] GC(48) Phase 4: Move objects 1103.200ms
[85.294s][info][gc,heap        ] GC(48) DefNew: 2541696K(2541696K)->2541696K(2541696K) Eden: 2259328K(2259328K)->2259328K(2259328K) From: 282368K(282368K)->282368K(282368K)
[85.294s][info][gc,heap        ] GC(48) Tenured: 6143999K(6144000K)->6143996K(6144000K)
[85.294s][info][gc,metaspace   ] GC(48) Metaspace: 6298K(6464K)->6298K(6464K) NonClass: 5764K(5824K)->5764K(5824K) Class: 533K(640K)->533K(640K)
[85.294s][info][gc             ] GC(48) Pause Full (Allocation Failure) 8482M->8482M(8482M) 8267.383ms
[85.294s][info][gc,cpu         ] GC(48) User=8.00s Sys=0.00s Real=8.27s
[85.295s][info][gc,heap,exit   ] Heap
[85.295s][info][gc,heap,exit   ]  def new generation   total 2541696K, used 2541696K [0x00000005cd800000, 0x0000000679de0000, 0x0000000689000000)
[85.295s][info][gc,heap,exit   ]   eden space 2259328K, 100% used [0x00000005cd800000, 0x0000000657660000, 0x0000000657660000)
[85.295s][info][gc,heap,exit   ]   from space 282368K, 100% used [0x0000000668a20000, 0x0000000679de0000, 0x0000000679de0000)
[85.295s][info][gc,heap,exit   ]   to   space 282368K,   0% used [0x0000000657660000, 0x0000000657660000, 0x0000000668a20000)
[85.295s][info][gc,heap,exit   ]  tenured generation   total 6144000K, used 6143997K [0x0000000689000000, 0x0000000800000000, 0x0000000800000000)
[85.295s][info][gc,heap,exit   ]    the space 6144000K,  99% used [0x0000000689000000, 0x00000007fffff5c8, 0x00000007fffff600, 0x0000000800000000)
[85.295s][info][gc,heap,exit   ]  Metaspace       used 6301K, committed 6464K, reserved 1114112K
[85.295s][info][gc,heap,exit   ]   class space    used 534K, committed 640K, reserved 1048576K
