[0.012s][info][gc,init] CardTable entry size: 512
[0.012s][info][gc     ] Using Parallel
[0.012s][info][gc,init] Version: 18.0.1+10 (release)
[0.013s][info][gc,init] CPUs: 8 total, 8 available
[0.013s][info][gc,init] Memory: 16063M
[0.013s][info][gc,init] Large Page Support: Disabled
[0.013s][info][gc,init] NUMA Support: Disabled
[0.013s][info][gc,init] Compressed Oops: Enabled (Zero based)
[0.013s][info][gc,init] Alignments: Space 512K, Generation 512K, Heap 2M
[0.013s][info][gc,init] Heap Min Capacity: 2M
[0.013s][info][gc,init] Heap Initial Capacity: 2M
[0.013s][info][gc,init] Heap Max Capacity: 4200M
[0.013s][info][gc,init] Pre-touch: Disabled
[0.013s][info][gc,init] Parallel Workers: 8
[0.013s][info][gc,metaspace] CDS archive(s) not mapped
[0.013s][info][gc,metaspace] Compressed class space mapped at: 0x0000000800000000-0x0000000840000000, reserved size: 1073741824
[0.013s][info][gc,metaspace] Narrow klass base: 0x0000000800000000, Narrow klass shift: 0, Narrow klass range: 0x40000000
[0.113s][info][gc,start    ] GC(0) Pause Young (Allocation Failure)
[0.114s][info][gc,heap     ] GC(0) PSYoungGen: 512K(1024K)->480K(1024K) Eden: 512K(512K)->0K(512K) From: 0K(512K)->480K(512K)
[0.114s][info][gc,heap     ] GC(0) ParOldGen: 0K(512K)->8K(512K)
[0.114s][info][gc,metaspace] GC(0) Metaspace: 4230K(4352K)->4230K(4352K) NonClass: 3909K(3968K)->3909K(3968K) Class: 321K(384K)->321K(384K)
[0.114s][info][gc          ] GC(0) Pause Young (Allocation Failure) 0M->0M(1M) 1.315ms
[0.114s][info][gc,cpu      ] GC(0) User=0.00s Sys=0.00s Real=0.00s
[0.172s][info][gc,start    ] GC(1) Pause Young (Allocation Failure)
[0.173s][info][gc,heap     ] GC(1) PSYoungGen: 991K(1024K)->512K(1536K) Eden: 511K(512K)->0K(1024K) From: 480K(512K)->512K(512K)
[0.173s][info][gc,heap     ] GC(1) ParOldGen: 8K(512K)->88K(512K)
[0.173s][info][gc,metaspace] GC(1) Metaspace: 5882K(6016K)->5882K(6016K) NonClass: 5385K(5504K)->5385K(5504K) Class: 496K(512K)->496K(512K)
[0.173s][info][gc          ] GC(1) Pause Young (Allocation Failure) 0M->0M(2M) 0.962ms
[0.173s][info][gc,cpu      ] GC(1) User=0.00s Sys=0.00s Real=0.00s
[0.195s][info][gc,start    ] GC(2) Pause Young (Allocation Failure)
[0.196s][info][gc,heap     ] GC(2) PSYoungGen: 1536K(1536K)->512K(1536K) Eden: 1024K(1024K)->0K(1024K) From: 512K(512K)->512K(512K)
[0.196s][info][gc,heap     ] GC(2) ParOldGen: 88K(512K)->496K(512K)
[0.196s][info][gc,metaspace] GC(2) Metaspace: 6300K(6464K)->6300K(6464K) NonClass: 5766K(5824K)->5766K(5824K) Class: 533K(640K)->533K(640K)
[0.196s][info][gc          ] GC(2) Pause Young (Allocation Failure) 1M->0M(2M) 1.181ms
[0.196s][info][gc,cpu      ] GC(2) User=0.00s Sys=0.00s Real=0.00s
[0.196s][info][gc,start    ] GC(3) Pause Full (Ergonomics)
[0.196s][info][gc,phases,start] GC(3) Marking Phase
[0.197s][info][gc,phases      ] GC(3) Marking Phase 1.004ms
[0.197s][info][gc,phases,start] GC(3) Summary Phase
[0.197s][info][gc,phases      ] GC(3) Summary Phase 0.015ms
[0.197s][info][gc,phases,start] GC(3) Adjust Roots
[0.198s][info][gc,phases      ] GC(3) Adjust Roots 0.408ms
[0.198s][info][gc,phases,start] GC(3) Compaction Phase
[0.200s][info][gc,phases      ] GC(3) Compaction Phase 1.760ms
[0.200s][info][gc,phases,start] GC(3) Post Compact
[0.200s][info][gc,phases      ] GC(3) Post Compact 0.067ms
[0.200s][info][gc,heap        ] GC(3) PSYoungGen: 512K(1536K)->511K(1536K) Eden: 0K(1024K)->0K(1024K) From: 512K(512K)->511K(512K)
[0.200s][info][gc,heap        ] GC(3) ParOldGen: 496K(512K)->469K(2048K)
[0.200s][info][gc,metaspace   ] GC(3) Metaspace: 6300K(6464K)->6300K(6464K) NonClass: 5766K(5824K)->5766K(5824K) Class: 533K(640K)->533K(640K)
[0.200s][info][gc             ] GC(3) Pause Full (Ergonomics) 0M->0M(3M) 3.482ms
[0.200s][info][gc,cpu         ] GC(3) User=0.00s Sys=0.00s Real=0.00s
[0.201s][info][gc,start       ] GC(4) Pause Young (Allocation Failure)
[0.203s][info][gc,heap        ] GC(4) PSYoungGen: 1535K(1536K)->480K(2560K) Eden: 1024K(1024K)->0K(2048K) From: 511K(512K)->480K(512K)
[0.203s][info][gc,heap        ] GC(4) ParOldGen: 469K(2048K)->1029K(2048K)
[0.203s][info][gc,metaspace   ] GC(4) Metaspace: 6300K(6464K)->6300K(6464K) NonClass: 5766K(5824K)->5766K(5824K) Class: 533K(640K)->533K(640K)
[0.203s][info][gc             ] GC(4) Pause Young (Allocation Failure) 1M->1M(4M) 1.438ms
[0.203s][info][gc,cpu         ] GC(4) User=0.00s Sys=0.00s Real=0.00s
[0.206s][info][gc,start       ] GC(5) Pause Young (Allocation Failure)
[0.208s][info][gc,heap        ] GC(5) PSYoungGen: 2528K(2560K)->480K(2560K) Eden: 2048K(2048K)->0K(2048K) From: 480K(512K)->480K(512K)
[0.208s][info][gc,heap        ] GC(5) ParOldGen: 1029K(2048K)->2101K(2560K)
[0.208s][info][gc,metaspace   ] GC(5) Metaspace: 6300K(6464K)->6300K(6464K) NonClass: 5766K(5824K)->5766K(5824K) Class: 533K(640K)->533K(640K)
[0.208s][info][gc             ] GC(5) Pause Young (Allocation Failure) 3M->2M(5M) 1.708ms
[0.208s][info][gc,cpu         ] GC(5) User=0.00s Sys=0.00s Real=0.00s
[0.208s][info][gc,start       ] GC(6) Pause Full (Ergonomics)
[0.208s][info][gc,phases,start] GC(6) Marking Phase
[0.209s][info][gc,phases      ] GC(6) Marking Phase 1.670ms
[0.209s][info][gc,phases,start] GC(6) Summary Phase
[0.209s][info][gc,phases      ] GC(6) Summary Phase 0.016ms
[0.209s][info][gc,phases,start] GC(6) Adjust Roots
[0.210s][info][gc,phases      ] GC(6) Adjust Roots 0.365ms
[0.210s][info][gc,phases,start] GC(6) Compaction Phase
[0.212s][info][gc,phases      ] GC(6) Compaction Phase 2.048ms
[0.212s][info][gc,phases,start] GC(6) Post Compact
[0.212s][info][gc,phases      ] GC(6) Post Compact 0.042ms
[0.212s][info][gc,heap        ] GC(6) PSYoungGen: 480K(2560K)->0K(4096K) Eden: 0K(2048K)->0K(3072K) From: 480K(512K)->0K(1024K)
[0.212s][info][gc,heap        ] GC(6) ParOldGen: 2101K(2560K)->2543K(6144K)
[0.212s][info][gc,metaspace   ] GC(6) Metaspace: 6300K(6464K)->6300K(6464K) NonClass: 5766K(5824K)->5766K(5824K) Class: 533K(640K)->533K(640K)
[0.212s][info][gc             ] GC(6) Pause Full (Ergonomics) 2M->2M(10M) 4.531ms
[0.212s][info][gc,cpu         ] GC(6) User=0.00s Sys=0.00s Real=0.01s
[0.216s][info][gc,start       ] GC(7) Pause Young (Allocation Failure)
[0.218s][info][gc,heap        ] GC(7) PSYoungGen: 3072K(4096K)->1696K(5120K) Eden: 3072K(3072K)->0K(3072K) From: 0K(1024K)->1696K(2048K)
[0.218s][info][gc,heap        ] GC(7) ParOldGen: 2543K(6144K)->2543K(6144K)
[0.218s][info][gc,metaspace   ] GC(7) Metaspace: 6300K(6464K)->6300K(6464K) NonClass: 5766K(5824K)->5766K(5824K) Class: 533K(640K)->533K(640K)
[0.218s][info][gc             ] GC(7) Pause Young (Allocation Failure) 5M->4M(11M) 2.043ms
[0.218s][info][gc,cpu         ] GC(7) User=0.00s Sys=0.00s Real=0.00s
[0.223s][info][gc,start       ] GC(8) Pause Young (Allocation Failure)
[0.227s][info][gc,heap        ] GC(8) PSYoungGen: 4768K(5120K)->2016K(5632K) Eden: 3072K(3072K)->0K(3584K) From: 1696K(2048K)->2016K(2048K)
[0.227s][info][gc,heap        ] GC(8) ParOldGen: 2543K(6144K)->3775K(6144K)
[0.227s][info][gc,metaspace   ] GC(8) Metaspace: 6300K(6464K)->6300K(6464K) NonClass: 5766K(5824K)->5766K(5824K) Class: 533K(640K)->533K(640K)
[0.227s][info][gc             ] GC(8) Pause Young (Allocation Failure) 7M->5M(11M) 3.657ms
[0.227s][info][gc,cpu         ] GC(8) User=0.00s Sys=0.00s Real=0.00s
[0.234s][info][gc,start       ] GC(9) Pause Young (Allocation Failure)
[0.238s][info][gc,heap        ] GC(9) PSYoungGen: 5600K(5632K)->3040K(6656K) Eden: 3584K(3584K)->0K(3584K) From: 2016K(2048K)->3040K(3072K)
[0.238s][info][gc,heap        ] GC(9) ParOldGen: 3775K(6144K)->4615K(6144K)
[0.238s][info][gc,metaspace   ] GC(9) Metaspace: 6300K(6464K)->6300K(6464K) NonClass: 5766K(5824K)->5766K(5824K) Class: 533K(640K)->533K(640K)
[0.238s][info][gc             ] GC(9) Pause Young (Allocation Failure) 9M->7M(12M) 4.059ms
[0.238s][info][gc,cpu         ] GC(9) User=0.00s Sys=0.00s Real=0.00s
[0.242s][info][gc,start       ] GC(10) Pause Young (Allocation Failure)
[0.246s][info][gc,heap        ] GC(10) PSYoungGen: 6624K(6656K)->4064K(8704K) Eden: 3584K(3584K)->0K(4608K) From: 3040K(3072K)->4064K(4096K)
[0.246s][info][gc,heap        ] GC(10) ParOldGen: 4615K(6144K)->5455K(6144K)
[0.246s][info][gc,metaspace   ] GC(10) Metaspace: 6300K(6464K)->6300K(6464K) NonClass: 5766K(5824K)->5766K(5824K) Class: 533K(640K)->533K(640K)
[0.246s][info][gc             ] GC(10) Pause Young (Allocation Failure) 10M->9M(14M) 3.627ms
[0.246s][info][gc,cpu         ] GC(10) User=0.00s Sys=0.00s Real=0.00s
[0.246s][info][gc,start       ] GC(11) Pause Full (Ergonomics)
[0.246s][info][gc,phases,start] GC(11) Marking Phase
[0.251s][info][gc,phases      ] GC(11) Marking Phase 4.896ms
[0.251s][info][gc,phases,start] GC(11) Summary Phase
[0.251s][info][gc,phases      ] GC(11) Summary Phase 0.018ms
[0.251s][info][gc,phases,start] GC(11) Adjust Roots
[0.251s][info][gc,phases      ] GC(11) Adjust Roots 0.415ms
[0.251s][info][gc,phases,start] GC(11) Compaction Phase
[0.258s][info][gc,phases      ] GC(11) Compaction Phase 6.280ms
[0.258s][info][gc,phases,start] GC(11) Post Compact
[0.258s][info][gc,phases      ] GC(11) Post Compact 0.044ms
[0.258s][info][gc,heap        ] GC(11) PSYoungGen: 4064K(8704K)->3545K(8704K) Eden: 0K(4608K)->0K(4608K) From: 4064K(4096K)->3545K(4096K)
[0.258s][info][gc,heap        ] GC(11) ParOldGen: 5455K(6144K)->5831K(10752K)
[0.258s][info][gc,metaspace   ] GC(11) Metaspace: 6300K(6464K)->6300K(6464K) NonClass: 5766K(5824K)->5766K(5824K) Class: 533K(640K)->533K(640K)
[0.258s][info][gc             ] GC(11) Pause Full (Ergonomics) 9M->9M(19M) 11.982ms
[0.258s][info][gc,cpu         ] GC(11) User=0.00s Sys=0.00s Real=0.01s
[0.263s][info][gc,start       ] GC(12) Pause Young (Allocation Failure)
[0.266s][info][gc,heap        ] GC(12) PSYoungGen: 8013K(8704K)->5088K(9728K) Eden: 4468K(4608K)->0K(4608K) From: 3545K(4096K)->5088K(5120K)
[0.266s][info][gc,heap        ] GC(12) ParOldGen: 5831K(10752K)->6615K(10752K)
[0.266s][info][gc,metaspace   ] GC(12) Metaspace: 6300K(6464K)->6300K(6464K) NonClass: 5766K(5824K)->5766K(5824K) Class: 533K(640K)->533K(640K)
[0.266s][info][gc             ] GC(12) Pause Young (Allocation Failure) 13M->11M(20M) 3.686ms
[0.266s][info][gc,cpu         ] GC(12) User=0.00s Sys=0.00s Real=0.00s
[0.273s][info][gc,start       ] GC(13) Pause Young (Allocation Failure)
[0.278s][info][gc,heap        ] GC(13) PSYoungGen: 9696K(9728K)->6112K(11264K) Eden: 4608K(4608K)->0K(5120K) From: 5088K(5120K)->6112K(6144K)
[0.278s][info][gc,heap        ] GC(13) ParOldGen: 6615K(10752K)->7991K(10752K)
[0.278s][info][gc,metaspace   ] GC(13) Metaspace: 6300K(6464K)->6300K(6464K) NonClass: 5766K(5824K)->5766K(5824K) Class: 533K(640K)->533K(640K)
[0.278s][info][gc             ] GC(13) Pause Young (Allocation Failure) 15M->13M(21M) 5.601ms
[0.278s][info][gc,cpu         ] GC(13) User=0.00s Sys=0.00s Real=0.01s
[0.283s][info][gc,start       ] GC(14) Pause Young (Allocation Failure)
[0.288s][info][gc,heap        ] GC(14) PSYoungGen: 11232K(11264K)->5248K(12800K) Eden: 5120K(5120K)->0K(5120K) From: 6112K(6144K)->5248K(7680K)
[0.288s][info][gc,heap        ] GC(14) ParOldGen: 7991K(10752K)->11575K(11776K)
[0.288s][info][gc,metaspace   ] GC(14) Metaspace: 6302K(6464K)->6302K(6464K) NonClass: 5768K(5824K)->5768K(5824K) Class: 533K(640K)->533K(640K)
[0.288s][info][gc             ] GC(14) Pause Young (Allocation Failure) 18M->16M(24M) 5.660ms
[0.288s][info][gc,cpu         ] GC(14) User=0.00s Sys=0.00s Real=0.01s
[0.289s][info][gc,start       ] GC(15) Pause Full (Ergonomics)
[0.289s][info][gc,phases,start] GC(15) Marking Phase
[0.296s][info][gc,phases      ] GC(15) Marking Phase 7.526ms
[0.296s][info][gc,phases,start] GC(15) Summary Phase
[0.296s][info][gc,phases      ] GC(15) Summary Phase 0.017ms
[0.296s][info][gc,phases,start] GC(15) Adjust Roots
[0.296s][info][gc,phases      ] GC(15) Adjust Roots 0.241ms
[0.296s][info][gc,phases,start] GC(15) Compaction Phase
[0.303s][info][gc,phases      ] GC(15) Compaction Phase 6.769ms
[0.303s][info][gc,phases,start] GC(15) Post Compact
[0.303s][info][gc,phases      ] GC(15) Post Compact 0.120ms
[0.304s][info][gc,heap        ] GC(15) PSYoungGen: 5248K(12800K)->5193K(12800K) Eden: 0K(5120K)->0K(5120K) From: 5248K(7680K)->5193K(7680K)
[0.304s][info][gc,heap        ] GC(15) ParOldGen: 11575K(11776K)->11457K(18432K)
[0.304s][info][gc,metaspace   ] GC(15) Metaspace: 6302K(6464K)->6302K(6464K) NonClass: 5768K(5824K)->5768K(5824K) Class: 533K(640K)->533K(640K)
[0.304s][info][gc             ] GC(15) Pause Full (Ergonomics) 16M->16M(30M) 15.096ms
[0.304s][info][gc,cpu         ] GC(15) User=0.00s Sys=0.00s Real=0.01s
[0.307s][info][gc,start       ] GC(16) Pause Young (Allocation Failure)
[0.312s][info][gc,heap        ] GC(16) PSYoungGen: 10313K(12800K)->2688K(14336K) Eden: 5120K(5120K)->0K(7168K) From: 5193K(7680K)->2688K(7168K)
[0.313s][info][gc,heap        ] GC(16) ParOldGen: 11457K(18432K)->16729K(18432K)
[0.313s][info][gc,metaspace   ] GC(16) Metaspace: 6302K(6464K)->6302K(6464K) NonClass: 5768K(5824K)->5768K(5824K) Class: 533K(640K)->533K(640K)
[0.313s][info][gc             ] GC(16) Pause Young (Allocation Failure) 21M->18M(32M) 5.740ms
[0.313s][info][gc,cpu         ] GC(16) User=0.00s Sys=0.00s Real=0.01s
[0.313s][info][gc,start       ] GC(17) Pause Full (Ergonomics)
[0.313s][info][gc,phases,start] GC(17) Marking Phase
[0.321s][info][gc,phases      ] GC(17) Marking Phase 8.029ms
[0.321s][info][gc,phases,start] GC(17) Summary Phase
[0.321s][info][gc,phases      ] GC(17) Summary Phase 0.019ms
[0.321s][info][gc,phases,start] GC(17) Adjust Roots
[0.321s][info][gc,phases      ] GC(17) Adjust Roots 0.214ms
[0.321s][info][gc,phases,start] GC(17) Compaction Phase
[0.328s][info][gc,phases      ] GC(17) Compaction Phase 7.031ms
[0.328s][info][gc,phases,start] GC(17) Post Compact
[0.328s][info][gc,phases      ] GC(17) Post Compact 0.092ms
[0.328s][info][gc,heap        ] GC(17) PSYoungGen: 2688K(14336K)->1105K(14848K) Eden: 0K(7168K)->0K(7680K) From: 2688K(7168K)->1105K(7168K)
[0.328s][info][gc,heap        ] GC(17) ParOldGen: 16729K(18432K)->18183K(28160K)
[0.328s][info][gc,metaspace   ] GC(17) Metaspace: 6302K(6464K)->6302K(6464K) NonClass: 5768K(5824K)->5768K(5824K) Class: 533K(640K)->533K(640K)
[0.328s][info][gc             ] GC(17) Pause Full (Ergonomics) 18M->18M(42M) 15.719ms
[0.328s][info][gc,cpu         ] GC(17) User=0.00s Sys=0.00s Real=0.02s
[0.333s][info][gc,start       ] GC(18) Pause Young (Allocation Failure)
[0.338s][info][gc,heap        ] GC(18) PSYoungGen: 7799K(14848K)->3424K(15360K) Eden: 6694K(7680K)->0K(7680K) From: 1105K(7168K)->3424K(7680K)
[0.338s][info][gc,heap        ] GC(18) ParOldGen: 18183K(28160K)->19319K(28160K)
[0.338s][info][gc,metaspace   ] GC(18) Metaspace: 6302K(6464K)->6302K(6464K) NonClass: 5768K(5824K)->5768K(5824K) Class: 533K(640K)->533K(640K)
[0.338s][info][gc             ] GC(18) Pause Young (Allocation Failure) 25M->22M(42M) 5.047ms
[0.338s][info][gc,cpu         ] GC(18) User=0.00s Sys=0.00s Real=0.01s
[0.346s][info][gc,start       ] GC(19) Pause Young (Allocation Failure)
[0.352s][info][gc,heap        ] GC(19) PSYoungGen: 11103K(15360K)->7648K(16896K) Eden: 7679K(7680K)->0K(9216K) From: 3424K(7680K)->7648K(7680K)
[0.352s][info][gc,heap        ] GC(19) ParOldGen: 19319K(28160K)->19551K(28160K)
[0.352s][info][gc,metaspace   ] GC(19) Metaspace: 6302K(6464K)->6302K(6464K) NonClass: 5768K(5824K)->5768K(5824K) Class: 533K(640K)->533K(640K)
[0.352s][info][gc             ] GC(19) Pause Young (Allocation Failure) 29M->26M(44M) 6.737ms
[0.352s][info][gc,cpu         ] GC(19) User=0.00s Sys=0.00s Real=0.01s
[0.358s][info][gc,start       ] GC(20) Pause Young (Allocation Failure)
[0.366s][info][gc,heap        ] GC(20) PSYoungGen: 16864K(16896K)->4800K(17920K) Eden: 9216K(9216K)->0K(9216K) From: 7648K(7680K)->4800K(8704K)
[0.366s][info][gc,heap        ] GC(20) ParOldGen: 19551K(28160K)->27295K(28160K)
[0.366s][info][gc,metaspace   ] GC(20) Metaspace: 6302K(6464K)->6302K(6464K) NonClass: 5768K(5824K)->5768K(5824K) Class: 533K(640K)->533K(640K)
[0.366s][info][gc             ] GC(20) Pause Young (Allocation Failure) 35M->31M(45M) 8.490ms
[0.366s][info][gc,cpu         ] GC(20) User=0.00s Sys=0.00s Real=0.01s
[0.366s][info][gc,start       ] GC(21) Pause Full (Ergonomics)
[0.367s][info][gc,phases,start] GC(21) Marking Phase
[0.380s][info][gc,phases      ] GC(21) Marking Phase 13.915ms
[0.380s][info][gc,phases,start] GC(21) Summary Phase
[0.381s][info][gc,phases      ] GC(21) Summary Phase 0.019ms
[0.381s][info][gc,phases,start] GC(21) Adjust Roots
[0.381s][info][gc,phases      ] GC(21) Adjust Roots 0.205ms
[0.381s][info][gc,phases,start] GC(21) Compaction Phase
[0.392s][info][gc,phases      ] GC(21) Compaction Phase 11.193ms
[0.392s][info][gc,phases,start] GC(21) Post Compact
[0.392s][info][gc,phases      ] GC(21) Post Compact 0.133ms
[0.392s][info][gc,heap        ] GC(21) PSYoungGen: 4800K(17920K)->3738K(17920K) Eden: 0K(9216K)->0K(9216K) From: 4800K(8704K)->3738K(8704K)
[0.392s][info][gc,heap        ] GC(21) ParOldGen: 27295K(28160K)->27651K(40960K)
[0.392s][info][gc,metaspace   ] GC(21) Metaspace: 6302K(6464K)->6302K(6464K) NonClass: 5768K(5824K)->5768K(5824K) Class: 533K(640K)->533K(640K)
[0.392s][info][gc             ] GC(21) Pause Full (Ergonomics) 31M->30M(57M) 25.980ms
[0.392s][info][gc,cpu         ] GC(21) User=0.00s Sys=0.00s Real=0.03s
[0.398s][info][gc,start       ] GC(22) Pause Young (Allocation Failure)
[0.406s][info][gc,heap        ] GC(22) PSYoungGen: 12954K(17920K)->4800K(19456K) Eden: 9216K(9216K)->0K(11264K) From: 3738K(8704K)->4800K(8192K)
[0.406s][info][gc,heap        ] GC(22) ParOldGen: 27651K(40960K)->31459K(40960K)
[0.406s][info][gc,metaspace   ] GC(22) Metaspace: 6302K(6464K)->6302K(6464K) NonClass: 5768K(5824K)->5768K(5824K) Class: 533K(640K)->533K(640K)
[0.406s][info][gc             ] GC(22) Pause Young (Allocation Failure) 39M->35M(59M) 8.296ms
[0.406s][info][gc,cpu         ] GC(22) User=0.00s Sys=0.00s Real=0.01s
[0.415s][info][gc,start       ] GC(23) Pause Young (Allocation Failure)
[0.425s][info][gc,heap        ] GC(23) PSYoungGen: 15550K(19456K)->8608K(19968K) Eden: 10750K(11264K)->0K(11264K) From: 4800K(8192K)->8608K(8704K)
[0.425s][info][gc,heap        ] GC(23) ParOldGen: 31459K(40960K)->36307K(40960K)
[0.425s][info][gc,metaspace   ] GC(23) Metaspace: 6302K(6464K)->6302K(6464K) NonClass: 5768K(5824K)->5768K(5824K) Class: 533K(640K)->533K(640K)
[0.426s][info][gc             ] GC(23) Pause Young (Allocation Failure) 45M->43M(59M) 10.310ms
[0.426s][info][gc,cpu         ] GC(23) User=0.00s Sys=0.00s Real=0.01s
[0.426s][info][gc,start       ] GC(24) Pause Full (Ergonomics)
[0.426s][info][gc,phases,start] GC(24) Marking Phase
[0.444s][info][gc,phases      ] GC(24) Marking Phase 18.593ms
[0.444s][info][gc,phases,start] GC(24) Summary Phase
[0.444s][info][gc,phases      ] GC(24) Summary Phase 0.015ms
[0.444s][info][gc,phases,start] GC(24) Adjust Roots
[0.444s][info][gc,phases      ] GC(24) Adjust Roots 0.171ms
[0.444s][info][gc,phases,start] GC(24) Compaction Phase
[0.456s][info][gc,phases      ] GC(24) Compaction Phase 11.777ms
[0.456s][info][gc,phases,start] GC(24) Post Compact
[0.457s][info][gc,phases      ] GC(24) Post Compact 0.228ms
[0.457s][info][gc,heap        ] GC(24) PSYoungGen: 8608K(19968K)->3944K(19968K) Eden: 0K(11264K)->0K(11264K) From: 8608K(8704K)->3944K(8704K)
[0.457s][info][gc,heap        ] GC(24) ParOldGen: 36307K(40960K)->40751K(56320K)
[0.457s][info][gc,metaspace   ] GC(24) Metaspace: 6302K(6464K)->6302K(6464K) NonClass: 5768K(5824K)->5768K(5824K) Class: 533K(640K)->533K(640K)
[0.457s][info][gc             ] GC(24) Pause Full (Ergonomics) 43M->43M(74M) 31.129ms
[0.457s][info][gc,cpu         ] GC(24) User=0.03s Sys=0.00s Real=0.03s
[0.472s][info][gc,start       ] GC(25) Pause Young (Allocation Failure)
[0.485s][info][gc,heap        ] GC(25) PSYoungGen: 15208K(19968K)->10208K(20992K) Eden: 11264K(11264K)->0K(10752K) From: 3944K(8704K)->10208K(10240K)
[0.485s][info][gc,heap        ] GC(25) ParOldGen: 40751K(56320K)->45831K(56320K)
[0.485s][info][gc,metaspace   ] GC(25) Metaspace: 6302K(6464K)->6302K(6464K) NonClass: 5768K(5824K)->5768K(5824K) Class: 533K(640K)->533K(640K)
[0.485s][info][gc             ] GC(25) Pause Young (Allocation Failure) 54M->54M(75M) 13.330ms
[0.485s][info][gc,cpu         ] GC(25) User=0.00s Sys=0.00s Real=0.01s
[0.496s][info][gc,start       ] GC(26) Pause Young (Allocation Failure)
[0.510s][info][gc,heap        ] GC(26) PSYoungGen: 20960K(20992K)->10752K(24064K) Eden: 10752K(10752K)->0K(10752K) From: 10208K(10240K)->10752K(13312K)
[0.510s][info][gc,heap        ] GC(26) ParOldGen: 45831K(56320K)->56160K(56320K)
[0.510s][info][gc,metaspace   ] GC(26) Metaspace: 6302K(6464K)->6302K(6464K) NonClass: 5768K(5824K)->5768K(5824K) Class: 533K(640K)->533K(640K)
[0.510s][info][gc             ] GC(26) Pause Young (Allocation Failure) 65M->65M(78M) 13.408ms
[0.510s][info][gc,cpu         ] GC(26) User=0.00s Sys=0.00s Real=0.01s
[0.510s][info][gc,start       ] GC(27) Pause Full (Ergonomics)
[0.510s][info][gc,phases,start] GC(27) Marking Phase
[0.535s][info][gc,phases      ] GC(27) Marking Phase 25.725ms
[0.535s][info][gc,phases,start] GC(27) Summary Phase
[0.535s][info][gc,phases      ] GC(27) Summary Phase 0.015ms
[0.536s][info][gc,phases,start] GC(27) Adjust Roots
[0.536s][info][gc,phases      ] GC(27) Adjust Roots 0.210ms
[0.536s][info][gc,phases,start] GC(27) Compaction Phase
[0.558s][info][gc,phases      ] GC(27) Compaction Phase 22.080ms
[0.558s][info][gc,phases,start] GC(27) Post Compact
[0.558s][info][gc,phases      ] GC(27) Post Compact 0.246ms
[0.558s][info][gc,heap        ] GC(27) PSYoungGen: 10752K(24064K)->9696K(24064K) Eden: 0K(10752K)->0K(10752K) From: 10752K(13312K)->9696K(13312K)
[0.558s][info][gc,heap        ] GC(27) ParOldGen: 56160K(56320K)->55933K(76800K)
[0.558s][info][gc,metaspace   ] GC(27) Metaspace: 6302K(6464K)->6302K(6464K) NonClass: 5768K(5824K)->5768K(5824K) Class: 533K(640K)->533K(640K)
[0.558s][info][gc             ] GC(27) Pause Full (Ergonomics) 65M->64M(98M) 48.642ms
[0.558s][info][gc,cpu         ] GC(27) User=0.06s Sys=0.00s Real=0.05s
[0.569s][info][gc,start       ] GC(28) Pause Young (Allocation Failure)
[0.587s][info][gc,heap        ] GC(28) PSYoungGen: 20448K(24064K)->10752K(27136K) Eden: 10752K(10752K)->0K(12288K) From: 9696K(13312K)->10752K(14848K)
[0.587s][info][gc,heap        ] GC(28) ParOldGen: 55933K(76800K)->65789K(76800K)
[0.587s][info][gc,metaspace   ] GC(28) Metaspace: 6302K(6464K)->6302K(6464K) NonClass: 5768K(5824K)->5768K(5824K) Class: 533K(640K)->533K(640K)
[0.587s][info][gc             ] GC(28) Pause Young (Allocation Failure) 74M->74M(101M) 17.885ms
[0.587s][info][gc,cpu         ] GC(28) User=0.02s Sys=0.02s Real=0.02s
[0.587s][info][gc,start       ] GC(29) Pause Full (Ergonomics)
[0.587s][info][gc,phases,start] GC(29) Marking Phase
[0.617s][info][gc,phases      ] GC(29) Marking Phase 30.246ms
[0.617s][info][gc,phases,start] GC(29) Summary Phase
[0.617s][info][gc,phases      ] GC(29) Summary Phase 0.022ms
[0.617s][info][gc,phases,start] GC(29) Adjust Roots
[0.618s][info][gc,phases      ] GC(29) Adjust Roots 0.175ms
[0.618s][info][gc,phases,start] GC(29) Compaction Phase
[0.635s][info][gc,phases      ] GC(29) Compaction Phase 17.012ms
[0.635s][info][gc,phases,start] GC(29) Post Compact
[0.635s][info][gc,phases      ] GC(29) Post Compact 0.335ms
[0.635s][info][gc,heap        ] GC(29) PSYoungGen: 10752K(27136K)->0K(28160K) Eden: 0K(12288K)->0K(12288K) From: 10752K(14848K)->0K(15872K)
[0.635s][info][gc,heap        ] GC(29) ParOldGen: 65789K(76800K)->76347K(100864K)
[0.635s][info][gc,metaspace   ] GC(29) Metaspace: 6302K(6464K)->6302K(6464K) NonClass: 5768K(5824K)->5768K(5824K) Class: 533K(640K)->533K(640K)
[0.635s][info][gc             ] GC(29) Pause Full (Ergonomics) 74M->74M(126M) 48.397ms
[0.636s][info][gc,cpu         ] GC(29) User=0.06s Sys=0.00s Real=0.05s
[0.648s][info][gc,start       ] GC(30) Pause Young (Allocation Failure)
[0.656s][info][gc,heap        ] GC(30) PSYoungGen: 12288K(28160K)->12320K(29696K) Eden: 12288K(12288K)->0K(13824K) From: 0K(15872K)->12320K(15872K)
[0.656s][info][gc,heap        ] GC(30) ParOldGen: 76347K(100864K)->76347K(100864K)
[0.656s][info][gc,metaspace   ] GC(30) Metaspace: 6302K(6464K)->6302K(6464K) NonClass: 5768K(5824K)->5768K(5824K) Class: 533K(640K)->533K(640K)
[0.656s][info][gc             ] GC(30) Pause Young (Allocation Failure) 86M->86M(127M) 7.924ms
[0.656s][info][gc,cpu         ] GC(30) User=0.00s Sys=0.00s Real=0.01s
[0.677s][info][gc,start       ] GC(31) Pause Young (Allocation Failure)
[0.691s][info][gc,heap        ] GC(31) PSYoungGen: 26144K(29696K)->16864K(30720K) Eden: 13824K(13824K)->0K(13824K) From: 12320K(15872K)->16864K(16896K)
[0.692s][info][gc,heap        ] GC(31) ParOldGen: 76347K(100864K)->85723K(100864K)
[0.692s][info][gc,metaspace   ] GC(31) Metaspace: 6302K(6464K)->6302K(6464K) NonClass: 5768K(5824K)->5768K(5824K) Class: 533K(640K)->533K(640K)
[0.692s][info][gc             ] GC(31) Pause Young (Allocation Failure) 100M->100M(128M) 14.408ms
[0.692s][info][gc,cpu         ] GC(31) User=0.00s Sys=0.00s Real=0.01s
[0.704s][info][gc,start       ] GC(32) Pause Young (Allocation Failure)
[0.721s][info][gc,heap        ] GC(32) PSYoungGen: 30688K(30720K)->22048K(35840K) Eden: 13824K(13824K)->0K(12800K) From: 16864K(16896K)->22048K(23040K)
[0.721s][info][gc,heap        ] GC(32) ParOldGen: 85723K(100864K)->94539K(100864K)
[0.721s][info][gc,metaspace   ] GC(32) Metaspace: 6302K(6464K)->6302K(6464K) NonClass: 5768K(5824K)->5768K(5824K) Class: 533K(640K)->533K(640K)
[0.721s][info][gc             ] GC(32) Pause Young (Allocation Failure) 113M->113M(133M) 16.931ms
[0.721s][info][gc,cpu         ] GC(32) User=0.05s Sys=0.00s Real=0.02s
[0.721s][info][gc,start       ] GC(33) Pause Full (Ergonomics)
[0.721s][info][gc,phases,start] GC(33) Marking Phase
[0.756s][info][gc,phases      ] GC(33) Marking Phase 35.372ms
[0.756s][info][gc,phases,start] GC(33) Summary Phase
[0.756s][info][gc,phases      ] GC(33) Summary Phase 0.020ms
[0.756s][info][gc,phases,start] GC(33) Adjust Roots
[0.757s][info][gc,phases      ] GC(33) Adjust Roots 0.169ms
[0.757s][info][gc,phases,start] GC(33) Compaction Phase
[0.782s][info][gc,phases      ] GC(33) Compaction Phase 25.754ms
[0.782s][info][gc,phases,start] GC(33) Post Compact
[0.783s][info][gc,phases      ] GC(33) Post Compact 0.442ms
[0.783s][info][gc,heap        ] GC(33) PSYoungGen: 22048K(35840K)->13775K(35840K) Eden: 0K(12800K)->0K(12800K) From: 22048K(23040K)->13775K(23040K)
[0.783s][info][gc,heap        ] GC(33) ParOldGen: 94539K(100864K)->100368K(129024K)
[0.783s][info][gc,metaspace   ] GC(33) Metaspace: 6302K(6464K)->6302K(6464K) NonClass: 5768K(5824K)->5768K(5824K) Class: 533K(640K)->533K(640K)
[0.783s][info][gc             ] GC(33) Pause Full (Ergonomics) 113M->111M(161M) 62.186ms
[0.783s][info][gc,cpu         ] GC(33) User=0.12s Sys=0.00s Real=0.06s
[0.796s][info][gc,start       ] GC(34) Pause Young (Allocation Failure)
[0.814s][info][gc,heap        ] GC(34) PSYoungGen: 26575K(35840K)->26624K(39424K) Eden: 12800K(12800K)->0K(12800K) From: 13775K(23040K)->26624K(26624K)
[0.814s][info][gc,heap        ] GC(34) ParOldGen: 100368K(129024K)->100376K(129024K)
[0.815s][info][gc,metaspace   ] GC(34) Metaspace: 6302K(6464K)->6302K(6464K) NonClass: 5768K(5824K)->5768K(5824K) Class: 533K(640K)->533K(640K)
[0.815s][info][gc             ] GC(34) Pause Young (Allocation Failure) 123M->124M(164M) 18.683ms
[0.815s][info][gc,cpu         ] GC(34) User=0.02s Sys=0.00s Real=0.02s
[0.826s][info][gc,start       ] GC(35) Pause Young (Allocation Failure)
[0.848s][info][gc,heap        ] GC(35) PSYoungGen: 39424K(39424K)->25632K(43008K) Eden: 12800K(12800K)->0K(11776K) From: 26624K(26624K)->25632K(31232K)
[0.848s][info][gc,heap        ] GC(35) ParOldGen: 100376K(129024K)->114376K(129024K)
[0.848s][info][gc,metaspace   ] GC(35) Metaspace: 6302K(6464K)->6302K(6464K) NonClass: 5768K(5824K)->5768K(5824K) Class: 533K(640K)->533K(640K)
[0.848s][info][gc             ] GC(35) Pause Young (Allocation Failure) 136M->136M(168M) 21.596ms
[0.848s][info][gc,cpu         ] GC(35) User=0.03s Sys=0.02s Real=0.02s
[0.848s][info][gc,start       ] GC(36) Pause Full (Ergonomics)
[0.848s][info][gc,phases,start] GC(36) Marking Phase
[0.879s][info][gc,phases      ] GC(36) Marking Phase 31.071ms
[0.879s][info][gc,phases,start] GC(36) Summary Phase
[0.879s][info][gc,phases      ] GC(36) Summary Phase 0.029ms
[0.879s][info][gc,phases,start] GC(36) Adjust Roots
[0.880s][info][gc,phases      ] GC(36) Adjust Roots 0.210ms
[0.880s][info][gc,phases,start] GC(36) Compaction Phase
[0.899s][info][gc,phases      ] GC(36) Compaction Phase 19.313ms
[0.899s][info][gc,phases,start] GC(36) Post Compact
[0.900s][info][gc,phases      ] GC(36) Post Compact 0.626ms
[0.900s][info][gc,heap        ] GC(36) PSYoungGen: 25632K(43008K)->10718K(43008K) Eden: 0K(11776K)->0K(11776K) From: 25632K(31232K)->10718K(31232K)
[0.900s][info][gc,heap        ] GC(36) ParOldGen: 114376K(129024K)->128965K(162304K)
[0.900s][info][gc,metaspace   ] GC(36) Metaspace: 6302K(6464K)->6302K(6464K) NonClass: 5768K(5824K)->5768K(5824K) Class: 533K(640K)->533K(640K)
[0.900s][info][gc             ] GC(36) Pause Full (Ergonomics) 136M->136M(200M) 51.716ms
[0.900s][info][gc,cpu         ] GC(36) User=0.11s Sys=0.00s Real=0.05s
[0.911s][info][gc,start       ] GC(37) Pause Young (Allocation Failure)
[0.928s][info][gc,heap        ] GC(37) PSYoungGen: 22494K(43008K)->16288K(46080K) Eden: 11776K(11776K)->0K(11776K) From: 10718K(31232K)->16288K(34304K)
[0.928s][info][gc,heap        ] GC(37) ParOldGen: 128965K(162304K)->135381K(162304K)
[0.928s][info][gc,metaspace   ] GC(37) Metaspace: 6302K(6464K)->6302K(6464K) NonClass: 5768K(5824K)->5768K(5824K) Class: 533K(640K)->533K(640K)
[0.928s][info][gc             ] GC(37) Pause Young (Allocation Failure) 147M->148M(203M) 16.924ms
[0.928s][info][gc,cpu         ] GC(37) User=0.02s Sys=0.00s Real=0.02s
[0.939s][info][gc,start       ] GC(38) Pause Young (Allocation Failure)
[0.953s][info][gc,heap        ] GC(38) PSYoungGen: 28064K(46080K)->28032K(43520K) Eden: 11776K(11776K)->0K(10240K) From: 16288K(34304K)->28032K(33280K)
[0.953s][info][gc,heap        ] GC(38) ParOldGen: 135381K(162304K)->135381K(162304K)
[0.953s][info][gc,metaspace   ] GC(38) Metaspace: 6302K(6464K)->6302K(6464K) NonClass: 5768K(5824K)->5768K(5824K) Class: 533K(640K)->533K(640K)
[0.953s][info][gc             ] GC(38) Pause Young (Allocation Failure) 159M->159M(201M) 13.481ms
[0.953s][info][gc,cpu         ] GC(38) User=0.00s Sys=0.00s Real=0.01s
[0.963s][info][gc,start       ] GC(39) Pause Young (Allocation Failure)
[0.980s][info][gc,heap        ] GC(39) PSYoungGen: 38272K(43520K)->36864K(47104K) Eden: 10240K(10240K)->0K(10240K) From: 28032K(33280K)->36864K(36864K)
[0.980s][info][gc,heap        ] GC(39) ParOldGen: 135381K(162304K)->136757K(162304K)
[0.981s][info][gc,metaspace   ] GC(39) Metaspace: 6302K(6464K)->6302K(6464K) NonClass: 5768K(5824K)->5768K(5824K) Class: 533K(640K)->533K(640K)
[0.981s][info][gc             ] GC(39) Pause Young (Allocation Failure) 169M->169M(204M) 17.460ms
[0.981s][info][gc,cpu         ] GC(39) User=0.05s Sys=0.02s Real=0.02s
[1.023s][info][gc,start       ] GC(40) Pause Young (Allocation Failure)
[1.050s][info][gc,heap        ] GC(40) PSYoungGen: 47104K(47104K)->31584K(52224K) Eden: 10240K(10240K)->0K(9216K) From: 36864K(36864K)->31584K(43008K)
[1.051s][info][gc,heap        ] GC(40) ParOldGen: 144949K(162304K)->160741K(162304K)
[1.051s][info][gc,metaspace   ] GC(40) Metaspace: 6302K(6464K)->6302K(6464K) NonClass: 5768K(5824K)->5768K(5824K) Class: 533K(640K)->533K(640K)
[1.051s][info][gc             ] GC(40) Pause Young (Allocation Failure) 187M->187M(209M) 27.807ms
[1.051s][info][gc,cpu         ] GC(40) User=0.05s Sys=0.02s Real=0.03s
[1.051s][info][gc,start       ] GC(41) Pause Full (Ergonomics)
[1.051s][info][gc,phases,start] GC(41) Marking Phase
[1.096s][info][gc,phases      ] GC(41) Marking Phase 44.897ms
[1.096s][info][gc,phases,start] GC(41) Summary Phase
[1.096s][info][gc,phases      ] GC(41) Summary Phase 0.017ms
[1.096s][info][gc,phases,start] GC(41) Adjust Roots
[1.096s][info][gc,phases      ] GC(41) Adjust Roots 0.176ms
[1.096s][info][gc,phases,start] GC(41) Compaction Phase
[1.131s][info][gc,phases      ] GC(41) Compaction Phase 35.118ms
[1.131s][info][gc,phases,start] GC(41) Post Compact
[1.132s][info][gc,phases      ] GC(41) Post Compact 0.797ms
[1.132s][info][gc,heap        ] GC(41) PSYoungGen: 31584K(52224K)->25837K(52224K) Eden: 0K(9216K)->0K(9216K) From: 31584K(43008K)->25837K(43008K)
[1.132s][info][gc,heap        ] GC(41) ParOldGen: 160741K(162304K)->161855K(198656K)
[1.132s][info][gc,metaspace   ] GC(41) Metaspace: 6302K(6464K)->6302K(6464K) NonClass: 5768K(5824K)->5768K(5824K) Class: 533K(640K)->533K(640K)
[1.132s][info][gc             ] GC(41) Pause Full (Ergonomics) 187M->183M(245M) 81.487ms
[1.132s][info][gc,cpu         ] GC(41) User=0.22s Sys=0.00s Real=0.08s
[1.143s][info][gc,start       ] GC(42) Pause Young (Allocation Failure)
[1.167s][info][gc,heap        ] GC(42) PSYoungGen: 35053K(52224K)->26080K(55296K) Eden: 9216K(9216K)->0K(9216K) From: 25837K(43008K)->26080K(46080K)
[1.167s][info][gc,heap        ] GC(42) ParOldGen: 161855K(198656K)->171071K(198656K)
[1.167s][info][gc,metaspace   ] GC(42) Metaspace: 6302K(6464K)->6302K(6464K) NonClass: 5768K(5824K)->5768K(5824K) Class: 533K(640K)->533K(640K)
[1.167s][info][gc             ] GC(42) Pause Young (Allocation Failure) 192M->192M(248M) 24.000ms
[1.167s][info][gc,cpu         ] GC(42) User=0.08s Sys=0.00s Real=0.02s
[1.175s][info][gc,start       ] GC(43) Pause Young (Allocation Failure)
[1.193s][info][gc,heap        ] GC(43) PSYoungGen: 35296K(55296K)->35296K(53760K) Eden: 9216K(9216K)->0K(7680K) From: 26080K(46080K)->35296K(46080K)
[1.193s][info][gc,heap        ] GC(43) ParOldGen: 171071K(198656K)->171071K(198656K)
[1.193s][info][gc,metaspace   ] GC(43) Metaspace: 6302K(6464K)->6302K(6464K) NonClass: 5768K(5824K)->5768K(5824K) Class: 533K(640K)->533K(640K)
[1.193s][info][gc             ] GC(43) Pause Young (Allocation Failure) 201M->201M(246M) 17.430ms
[1.193s][info][gc,cpu         ] GC(43) User=0.06s Sys=0.02s Real=0.02s
[1.201s][info][gc,start       ] GC(44) Pause Young (Allocation Failure)
[1.220s][info][gc,heap        ] GC(44) PSYoungGen: 42976K(53760K)->34720K(56832K) Eden: 7680K(7680K)->0K(7680K) From: 35296K(46080K)->34720K(49152K)
[1.220s][info][gc,heap        ] GC(44) ParOldGen: 171071K(198656K)->179415K(198656K)
[1.220s][info][gc,metaspace   ] GC(44) Metaspace: 6302K(6464K)->6302K(6464K) NonClass: 5768K(5824K)->5768K(5824K) Class: 533K(640K)->533K(640K)
[1.220s][info][gc             ] GC(44) Pause Young (Allocation Failure) 209M->209M(249M) 19.702ms
[1.220s][info][gc,cpu         ] GC(44) User=0.16s Sys=0.00s Real=0.02s
[1.228s][info][gc,start       ] GC(45) Pause Young (Allocation Failure)
[1.248s][info][gc,heap        ] GC(45) PSYoungGen: 42400K(56832K)->24576K(56320K) Eden: 7680K(7680K)->0K(9216K) From: 34720K(49152K)->24576K(47104K)
[1.248s][info][gc,heap        ] GC(45) ParOldGen: 179415K(198656K)->197447K(198656K)
[1.248s][info][gc,metaspace   ] GC(45) Metaspace: 6302K(6464K)->6302K(6464K) NonClass: 5768K(5824K)->5768K(5824K) Class: 533K(640K)->533K(640K)
[1.248s][info][gc             ] GC(45) Pause Young (Allocation Failure) 216M->216M(249M) 20.269ms
[1.248s][info][gc,cpu         ] GC(45) User=0.02s Sys=0.03s Real=0.02s
[1.248s][info][gc,start       ] GC(46) Pause Full (Ergonomics)
[1.248s][info][gc,phases,start] GC(46) Marking Phase
[1.303s][info][gc,phases      ] GC(46) Marking Phase 55.037ms
[1.304s][info][gc,phases,start] GC(46) Summary Phase
[1.304s][info][gc,phases      ] GC(46) Summary Phase 0.017ms
[1.304s][info][gc,phases,start] GC(46) Adjust Roots
[1.304s][info][gc,phases      ] GC(46) Adjust Roots 0.153ms
[1.304s][info][gc,phases,start] GC(46) Compaction Phase
[1.334s][info][gc,phases      ] GC(46) Compaction Phase 30.019ms
[1.334s][info][gc,phases,start] GC(46) Post Compact
[1.335s][info][gc,phases      ] GC(46) Post Compact 0.990ms
[1.335s][info][gc,heap        ] GC(46) PSYoungGen: 24576K(56320K)->22950K(57856K) Eden: 0K(9216K)->0K(10752K) From: 24576K(47104K)->22950K(47104K)
[1.335s][info][gc,heap        ] GC(46) ParOldGen: 197447K(198656K)->198410K(240128K)
[1.335s][info][gc,metaspace   ] GC(46) Metaspace: 6302K(6464K)->6302K(6464K) NonClass: 5768K(5824K)->5768K(5824K) Class: 533K(640K)->533K(640K)
[1.335s][info][gc             ] GC(46) Pause Full (Ergonomics) 216M->216M(291M) 86.793ms
[1.335s][info][gc,cpu         ] GC(46) User=0.27s Sys=0.00s Real=0.09s
[1.347s][info][gc,start       ] GC(47) Pause Young (Allocation Failure)
[1.370s][info][gc,heap        ] GC(47) PSYoungGen: 33702K(57856K)->18016K(59904K) Eden: 10752K(10752K)->0K(10752K) From: 22950K(47104K)->18016K(49152K)
[1.370s][info][gc,heap        ] GC(47) ParOldGen: 198410K(240128K)->214466K(240128K)
[1.370s][info][gc,metaspace   ] GC(47) Metaspace: 6302K(6464K)->6302K(6464K) NonClass: 5768K(5824K)->5768K(5824K) Class: 533K(640K)->533K(640K)
[1.370s][info][gc             ] GC(47) Pause Young (Allocation Failure) 226M->227M(293M) 22.916ms
[1.370s][info][gc,cpu         ] GC(47) User=0.09s Sys=0.00s Real=0.02s
[1.382s][info][gc,start       ] GC(48) Pause Young (Allocation Failure)
[1.397s][info][gc,heap        ] GC(48) PSYoungGen: 28768K(59904K)->10816K(59392K) Eden: 10752K(10752K)->0K(12800K) From: 18016K(49152K)->10816K(46592K)
[1.397s][info][gc,heap        ] GC(48) ParOldGen: 214466K(240128K)->232610K(240128K)
[1.397s][info][gc,metaspace   ] GC(48) Metaspace: 6302K(6464K)->6302K(6464K) NonClass: 5768K(5824K)->5768K(5824K) Class: 533K(640K)->533K(640K)
[1.397s][info][gc             ] GC(48) Pause Young (Allocation Failure) 237M->237M(292M) 14.944ms
[1.397s][info][gc,cpu         ] GC(48) User=0.00s Sys=0.00s Real=0.02s
[1.397s][info][gc,start       ] GC(49) Pause Full (Ergonomics)
[1.397s][info][gc,phases,start] GC(49) Marking Phase
[1.450s][info][gc,phases      ] GC(49) Marking Phase 52.807ms
[1.450s][info][gc,phases,start] GC(49) Summary Phase
[1.450s][info][gc,phases      ] GC(49) Summary Phase 0.018ms
[1.450s][info][gc,phases,start] GC(49) Adjust Roots
[1.450s][info][gc,phases      ] GC(49) Adjust Roots 0.154ms
[1.450s][info][gc,phases,start] GC(49) Compaction Phase
[1.476s][info][gc,phases      ] GC(49) Compaction Phase 25.554ms
[1.476s][info][gc,phases,start] GC(49) Post Compact
[1.477s][info][gc,phases      ] GC(49) Post Compact 1.081ms
[1.477s][info][gc,heap        ] GC(49) PSYoungGen: 10816K(59392K)->3058K(59904K) Eden: 0K(12800K)->0K(13312K) From: 10816K(46592K)->3058K(46592K)
[1.477s][info][gc,heap        ] GC(49) ParOldGen: 232610K(240128K)->239747K(288256K)
[1.477s][info][gc,metaspace   ] GC(49) Metaspace: 6302K(6464K)->6302K(6464K) NonClass: 5768K(5824K)->5768K(5824K) Class: 533K(640K)->533K(640K)
[1.477s][info][gc             ] GC(49) Pause Full (Ergonomics) 237M->237M(340M) 80.112ms
[1.477s][info][gc,cpu         ] GC(49) User=0.42s Sys=0.00s Real=0.08s
[1.492s][info][gc,start       ] GC(50) Pause Young (Allocation Failure)
[1.510s][info][gc,heap        ] GC(50) PSYoungGen: 16370K(59904K)->13440K(60416K) Eden: 13312K(13312K)->0K(13312K) From: 3058K(46592K)->13440K(47104K)
[1.510s][info][gc,heap        ] GC(50) ParOldGen: 239747K(288256K)->242883K(288256K)
[1.510s][info][gc,metaspace   ] GC(50) Metaspace: 6302K(6464K)->6302K(6464K) NonClass: 5768K(5824K)->5768K(5824K) Class: 533K(640K)->533K(640K)
[1.510s][info][gc             ] GC(50) Pause Young (Allocation Failure) 250M->250M(340M) 18.366ms
[1.510s][info][gc,cpu         ] GC(50) User=0.03s Sys=0.00s Real=0.02s
[1.525s][info][gc,start       ] GC(51) Pause Young (Allocation Failure)
[1.539s][info][gc,heap        ] GC(51) PSYoungGen: 26752K(60416K)->26752K(60928K) Eden: 13312K(13312K)->0K(15360K) From: 13440K(47104K)->26752K(45568K)
[1.539s][info][gc,heap        ] GC(51) ParOldGen: 242883K(288256K)->242883K(288256K)
[1.539s][info][gc,metaspace   ] GC(51) Metaspace: 6302K(6464K)->6302K(6464K) NonClass: 5768K(5824K)->5768K(5824K) Class: 533K(640K)->533K(640K)
[1.539s][info][gc             ] GC(51) Pause Young (Allocation Failure) 263M->263M(341M) 13.650ms
[1.539s][info][gc,cpu         ] GC(51) User=0.02s Sys=0.00s Real=0.01s
[1.555s][info][gc,start       ] GC(52) Pause Young (Allocation Failure)
[1.576s][info][gc,heap        ] GC(52) PSYoungGen: 42112K(60928K)->28864K(60928K) Eden: 15360K(15360K)->0K(15360K) From: 26752K(45568K)->28864K(45568K)
[1.576s][info][gc,heap        ] GC(52) ParOldGen: 242883K(288256K)->256371K(288256K)
[1.576s][info][gc,metaspace   ] GC(52) Metaspace: 6302K(6464K)->6302K(6464K) NonClass: 5768K(5824K)->5768K(5824K) Class: 533K(640K)->533K(640K)
[1.576s][info][gc             ] GC(52) Pause Young (Allocation Failure) 278M->278M(341M) 20.750ms
[1.576s][info][gc,cpu         ] GC(52) User=0.09s Sys=0.03s Real=0.02s
[1.593s][info][gc,start       ] GC(53) Pause Young (Allocation Failure)
[1.615s][info][gc,heap        ] GC(53) PSYoungGen: 44224K(60928K)->30848K(62464K) Eden: 15360K(15360K)->0K(16384K) From: 28864K(45568K)->30848K(46080K)
[1.615s][info][gc,heap        ] GC(53) ParOldGen: 256371K(288256K)->269883K(288256K)
[1.615s][info][gc,metaspace   ] GC(53) Metaspace: 6302K(6464K)->6302K(6464K) NonClass: 5768K(5824K)->5768K(5824K) Class: 533K(640K)->533K(640K)
[1.615s][info][gc             ] GC(53) Pause Young (Allocation Failure) 293M->293M(342M) 21.679ms
[1.615s][info][gc,cpu         ] GC(53) User=0.11s Sys=0.00s Real=0.02s
[1.615s][info][gc,start       ] GC(54) Pause Full (Ergonomics)
[1.615s][info][gc,phases,start] GC(54) Marking Phase
[1.682s][info][gc,phases      ] GC(54) Marking Phase 66.794ms
[1.682s][info][gc,phases,start] GC(54) Summary Phase
[1.682s][info][gc,phases      ] GC(54) Summary Phase 0.018ms
[1.682s][info][gc,phases,start] GC(54) Adjust Roots
[1.682s][info][gc,phases      ] GC(54) Adjust Roots 0.154ms
[1.682s][info][gc,phases,start] GC(54) Compaction Phase
[1.713s][info][gc,phases      ] GC(54) Compaction Phase 30.551ms
[1.713s][info][gc,phases,start] GC(54) Post Compact
[1.714s][info][gc,phases      ] GC(54) Post Compact 1.587ms
[1.715s][info][gc,heap        ] GC(54) PSYoungGen: 30848K(62464K)->12264K(62464K) Eden: 0K(16384K)->0K(16384K) From: 30848K(46080K)->12264K(46080K)
[1.715s][info][gc,heap        ] GC(54) ParOldGen: 269883K(288256K)->287761K(338432K)
[1.715s][info][gc,metaspace   ] GC(54) Metaspace: 6302K(6464K)->6302K(6464K) NonClass: 5768K(5824K)->5768K(5824K) Class: 533K(640K)->533K(640K)
[1.715s][info][gc             ] GC(54) Pause Full (Ergonomics) 293M->292M(391M) 99.601ms
[1.715s][info][gc,cpu         ] GC(54) User=0.61s Sys=0.03s Real=0.10s
[1.735s][info][gc,start       ] GC(55) Pause Young (Allocation Failure)
[1.760s][info][gc,heap        ] GC(55) PSYoungGen: 28648K(62464K)->23360K(63488K) Eden: 16384K(16384K)->0K(16384K) From: 12264K(46080K)->23360K(47104K)
[1.760s][info][gc,heap        ] GC(55) ParOldGen: 287761K(338432K)->293265K(338432K)
[1.760s][info][gc,metaspace   ] GC(55) Metaspace: 6302K(6464K)->6302K(6464K) NonClass: 5768K(5824K)->5768K(5824K) Class: 533K(640K)->533K(640K)
[1.760s][info][gc             ] GC(55) Pause Young (Allocation Failure) 308M->309M(392M) 25.425ms
[1.760s][info][gc,cpu         ] GC(55) User=0.11s Sys=0.02s Real=0.02s
[1.779s][info][gc,start       ] GC(56) Pause Young (Allocation Failure)
[1.799s][info][gc,heap        ] GC(56) PSYoungGen: 39744K(63488K)->39776K(59392K) Eden: 16384K(16384K)->0K(14336K) From: 23360K(47104K)->39776K(45056K)
[1.799s][info][gc,heap        ] GC(56) ParOldGen: 293265K(338432K)->293265K(338432K)
[1.799s][info][gc,metaspace   ] GC(56) Metaspace: 6302K(6464K)->6302K(6464K) NonClass: 5768K(5824K)->5768K(5824K) Class: 533K(640K)->533K(640K)
[1.800s][info][gc             ] GC(56) Pause Young (Allocation Failure) 325M->325M(388M) 20.657ms
[1.800s][info][gc,cpu         ] GC(56) User=0.19s Sys=0.06s Real=0.02s
[1.815s][info][gc,start       ] GC(57) Pause Young (Allocation Failure)
[1.840s][info][gc,heap        ] GC(57) PSYoungGen: 54112K(59392K)->47232K(63488K) Eden: 14336K(14336K)->0K(14336K) From: 39776K(45056K)->47232K(49152K)
[1.840s][info][gc,heap        ] GC(57) ParOldGen: 293265K(338432K)->300233K(338432K)
[1.840s][info][gc,metaspace   ] GC(57) Metaspace: 6302K(6464K)->6302K(6464K) NonClass: 5768K(5824K)->5768K(5824K) Class: 533K(640K)->533K(640K)
[1.840s][info][gc             ] GC(57) Pause Young (Allocation Failure) 339M->339M(392M) 24.723ms
[1.840s][info][gc,cpu         ] GC(57) User=0.11s Sys=0.02s Real=0.02s
[1.918s][info][gc,start       ] GC(58) Pause Young (Allocation Failure)
[1.954s][info][gc,heap        ] GC(58) PSYoungGen: 61568K(63488K)->45216K(67072K) Eden: 14336K(14336K)->0K(12288K) From: 47232K(49152K)->45216K(54784K)
[1.954s][info][gc,heap        ] GC(58) ParOldGen: 316617K(338432K)->333217K(338432K)
[1.954s][info][gc,metaspace   ] GC(58) Metaspace: 6302K(6464K)->6302K(6464K) NonClass: 5768K(5824K)->5768K(5824K) Class: 533K(640K)->533K(640K)
[1.954s][info][gc             ] GC(58) Pause Young (Allocation Failure) 369M->369M(396M) 35.643ms
[1.954s][info][gc,cpu         ] GC(58) User=0.23s Sys=0.03s Real=0.04s
[1.954s][info][gc,start       ] GC(59) Pause Full (Ergonomics)
[1.954s][info][gc,phases,start] GC(59) Marking Phase
[2.035s][info][gc,phases      ] GC(59) Marking Phase 81.448ms
[2.035s][info][gc,phases,start] GC(59) Summary Phase
[2.035s][info][gc,phases      ] GC(59) Summary Phase 0.021ms
[2.035s][info][gc,phases,start] GC(59) Adjust Roots
[2.036s][info][gc,phases      ] GC(59) Adjust Roots 0.161ms
[2.036s][info][gc,phases,start] GC(59) Compaction Phase
[2.108s][info][gc,phases      ] GC(59) Compaction Phase 72.523ms
[2.108s][info][gc,phases,start] GC(59) Post Compact
[2.110s][info][gc,phases      ] GC(59) Post Compact 1.994ms
[2.111s][info][gc,heap        ] GC(59) PSYoungGen: 45216K(67072K)->31166K(67072K) Eden: 0K(12288K)->0K(12288K) From: 45216K(54784K)->31166K(54784K)
[2.111s][info][gc,heap        ] GC(59) ParOldGen: 333217K(338432K)->338371K(391168K)
[2.111s][info][gc,metaspace   ] GC(59) Metaspace: 6302K(6464K)->6302K(6464K) NonClass: 5768K(5824K)->5768K(5824K) Class: 533K(640K)->533K(640K)
[2.111s][info][gc             ] GC(59) Pause Full (Ergonomics) 369M->360M(447M) 156.719ms
[2.111s][info][gc,cpu         ] GC(59) User=0.94s Sys=0.00s Real=0.16s
[2.125s][info][gc,start       ] GC(60) Pause Young (Allocation Failure)
[2.157s][info][gc,heap        ] GC(60) PSYoungGen: 43454K(67072K)->32448K(71168K) Eden: 12288K(12288K)->0K(12288K) From: 31166K(54784K)->32448K(58880K)
[2.157s][info][gc,heap        ] GC(60) ParOldGen: 338371K(391168K)->349683K(391168K)
[2.157s][info][gc,metaspace   ] GC(60) Metaspace: 6302K(6464K)->6302K(6464K) NonClass: 5768K(5824K)->5768K(5824K) Class: 533K(640K)->533K(640K)
[2.157s][info][gc             ] GC(60) Pause Young (Allocation Failure) 372M->373M(451M) 32.742ms
[2.157s][info][gc,cpu         ] GC(60) User=0.16s Sys=0.00s Real=0.03s
[2.170s][info][gc,start       ] GC(61) Pause Young (Allocation Failure)
[2.191s][info][gc,heap        ] GC(61) PSYoungGen: 44736K(71168K)->44800K(68096K) Eden: 12288K(12288K)->0K(10752K) From: 32448K(58880K)->44800K(57344K)
[2.191s][info][gc,heap        ] GC(61) ParOldGen: 349683K(391168K)->349683K(391168K)
[2.191s][info][gc,metaspace   ] GC(61) Metaspace: 6302K(6464K)->6302K(6464K) NonClass: 5768K(5824K)->5768K(5824K) Class: 533K(640K)->533K(640K)
[2.191s][info][gc             ] GC(61) Pause Young (Allocation Failure) 385M->385M(448M) 20.915ms
[2.191s][info][gc,cpu         ] GC(61) User=0.12s Sys=0.00s Real=0.02s
[2.201s][info][gc,start       ] GC(62) Pause Young (Allocation Failure)
[2.226s][info][gc,heap        ] GC(62) PSYoungGen: 55552K(68096K)->45472K(71168K) Eden: 10752K(10752K)->0K(10752K) From: 44800K(57344K)->45472K(60416K)
[2.226s][info][gc,heap        ] GC(62) ParOldGen: 349683K(391168K)->359827K(391168K)
[2.226s][info][gc,metaspace   ] GC(62) Metaspace: 6302K(6464K)->6302K(6464K) NonClass: 5768K(5824K)->5768K(5824K) Class: 533K(640K)->533K(640K)
[2.226s][info][gc             ] GC(62) Pause Young (Allocation Failure) 395M->395M(451M) 25.009ms
[2.226s][info][gc,cpu         ] GC(62) User=0.12s Sys=0.00s Real=0.03s
[2.238s][info][gc,start       ] GC(63) Pause Young (Allocation Failure)
[2.264s][info][gc,heap        ] GC(63) PSYoungGen: 56224K(71168K)->33920K(71168K) Eden: 10752K(10752K)->0K(12288K) From: 45472K(60416K)->33920K(58880K)
[2.264s][info][gc,heap        ] GC(63) ParOldGen: 359827K(391168K)->382427K(391168K)
[2.264s][info][gc,metaspace   ] GC(63) Metaspace: 6302K(6464K)->6302K(6464K) NonClass: 5768K(5824K)->5768K(5824K) Class: 533K(640K)->533K(640K)
[2.264s][info][gc             ] GC(63) Pause Young (Allocation Failure) 406M->406M(451M) 25.787ms
[2.264s][info][gc,cpu         ] GC(63) User=0.12s Sys=0.02s Real=0.03s
[2.264s][info][gc,start       ] GC(64) Pause Full (Ergonomics)
[2.264s][info][gc,phases,start] GC(64) Marking Phase
[2.354s][info][gc,phases      ] GC(64) Marking Phase 90.608ms
[2.354s][info][gc,phases,start] GC(64) Summary Phase
[2.354s][info][gc,phases      ] GC(64) Summary Phase 0.020ms
[2.354s][info][gc,phases,start] GC(64) Adjust Roots
[2.355s][info][gc,phases      ] GC(64) Adjust Roots 0.153ms
[2.355s][info][gc,phases,start] GC(64) Compaction Phase
[2.402s][info][gc,phases      ] GC(64) Compaction Phase 47.295ms
[2.402s][info][gc,phases,start] GC(64) Post Compact
[2.404s][info][gc,phases      ] GC(64) Post Compact 2.030ms
[2.404s][info][gc,heap        ] GC(64) PSYoungGen: 33920K(71168K)->24498K(73216K) Eden: 0K(12288K)->0K(14336K) From: 33920K(58880K)->24498K(58880K)
[2.404s][info][gc,heap        ] GC(64) ParOldGen: 382427K(391168K)->390994K(449024K)
[2.404s][info][gc,metaspace   ] GC(64) Metaspace: 6302K(6464K)->6302K(6464K) NonClass: 5768K(5824K)->5768K(5824K) Class: 533K(640K)->533K(640K)
[2.404s][info][gc             ] GC(64) Pause Full (Ergonomics) 406M->405M(510M) 140.752ms
[2.404s][info][gc,cpu         ] GC(64) User=0.89s Sys=0.00s Real=0.14s
[2.420s][info][gc,start       ] GC(65) Pause Young (Allocation Failure)
[2.453s][info][gc,heap        ] GC(65) PSYoungGen: 38834K(73216K)->22560K(75264K) Eden: 14336K(14336K)->0K(14336K) From: 24498K(58880K)->22560K(60928K)
[2.453s][info][gc,heap        ] GC(65) ParOldGen: 390994K(449024K)->407666K(449024K)
[2.453s][info][gc,metaspace   ] GC(65) Metaspace: 6302K(6464K)->6302K(6464K) NonClass: 5768K(5824K)->5768K(5824K) Class: 533K(640K)->533K(640K)
[2.453s][info][gc             ] GC(65) Pause Young (Allocation Failure) 419M->420M(512M) 33.066ms
[2.453s][info][gc,cpu         ] GC(65) User=0.14s Sys=0.02s Real=0.03s
[2.468s][info][gc,start       ] GC(66) Pause Young (Allocation Failure)
[2.486s][info][gc,heap        ] GC(66) PSYoungGen: 36896K(75264K)->28832K(71680K) Eden: 14336K(14336K)->0K(16384K) From: 22560K(60928K)->28832K(55296K)
[2.486s][info][gc,heap        ] GC(66) ParOldGen: 407666K(449024K)->415866K(449024K)
[2.486s][info][gc,metaspace   ] GC(66) Metaspace: 6302K(6464K)->6302K(6464K) NonClass: 5768K(5824K)->5768K(5824K) Class: 533K(640K)->533K(640K)
[2.486s][info][gc             ] GC(66) Pause Young (Allocation Failure) 434M->434M(508M) 18.760ms
[2.487s][info][gc,cpu         ] GC(66) User=0.09s Sys=0.03s Real=0.02s
[2.504s][info][gc,start       ] GC(67) Pause Young (Allocation Failure)
[2.527s][info][gc,heap        ] GC(67) PSYoungGen: 45216K(71680K)->30848K(47616K) Eden: 16384K(16384K)->0K(16384K) From: 28832K(55296K)->30848K(31232K)
[2.527s][info][gc,heap        ] GC(67) ParOldGen: 415866K(449024K)->430402K(449024K)
[2.527s][info][gc,metaspace   ] GC(67) Metaspace: 6302K(6464K)->6302K(6464K) NonClass: 5768K(5824K)->5768K(5824K) Class: 533K(640K)->533K(640K)
[2.527s][info][gc             ] GC(67) Pause Young (Allocation Failure) 450M->450M(485M) 22.475ms
[2.527s][info][gc,cpu         ] GC(67) User=0.12s Sys=0.00s Real=0.02s
[2.527s][info][gc,start       ] GC(68) Pause Full (Ergonomics)
[2.527s][info][gc,phases,start] GC(68) Marking Phase
[2.627s][info][gc,phases      ] GC(68) Marking Phase 99.957ms
[2.627s][info][gc,phases,start] GC(68) Summary Phase
[2.627s][info][gc,phases      ] GC(68) Summary Phase 0.020ms
[2.627s][info][gc,phases,start] GC(68) Adjust Roots
[2.627s][info][gc,phases      ] GC(68) Adjust Roots 0.166ms
[2.627s][info][gc,phases,start] GC(68) Compaction Phase
[2.677s][info][gc,phases      ] GC(68) Compaction Phase 49.821ms
[2.677s][info][gc,phases,start] GC(68) Post Compact
[2.679s][info][gc,phases      ] GC(68) Post Compact 2.259ms
[2.679s][info][gc,heap        ] GC(68) PSYoungGen: 30848K(47616K)->11748K(47616K) Eden: 0K(16384K)->0K(16384K) From: 30848K(31232K)->11748K(31232K)
[2.679s][info][gc,heap        ] GC(68) ParOldGen: 430402K(449024K)->448696K(509952K)
[2.679s][info][gc,metaspace   ] GC(68) Metaspace: 6302K(6464K)->6302K(6464K) NonClass: 5768K(5824K)->5768K(5824K) Class: 533K(640K)->533K(640K)
[2.679s][info][gc             ] GC(68) Pause Full (Ergonomics) 450M->449M(544M) 152.782ms
[2.680s][info][gc,cpu         ] GC(68) User=1.14s Sys=0.00s Real=0.15s
[2.699s][info][gc,start       ] GC(69) Pause Young (Allocation Failure)
[2.731s][info][gc,heap        ] GC(69) PSYoungGen: 28132K(47616K)->16480K(73216K) Eden: 16384K(16384K)->0K(18432K) From: 11748K(31232K)->16480K(54784K)
[2.731s][info][gc,heap        ] GC(69) ParOldGen: 448696K(509952K)->460616K(509952K)
[2.731s][info][gc,metaspace   ] GC(69) Metaspace: 6302K(6464K)->6302K(6464K) NonClass: 5768K(5824K)->5768K(5824K) Class: 533K(640K)->533K(640K)
[2.731s][info][gc             ] GC(69) Pause Young (Allocation Failure) 465M->465M(569M) 32.108ms
[2.731s][info][gc,cpu         ] GC(69) User=0.14s Sys=0.00s Real=0.03s
[2.752s][info][gc,start       ] GC(70) Pause Young (Allocation Failure)
[2.770s][info][gc,heap        ] GC(70) PSYoungGen: 34912K(73216K)->35008K(73216K) Eden: 18432K(18432K)->0K(18432K) From: 16480K(54784K)->35008K(54784K)
[2.770s][info][gc,heap        ] GC(70) ParOldGen: 460616K(509952K)->460616K(509952K)
[2.770s][info][gc,metaspace   ] GC(70) Metaspace: 6302K(6464K)->6302K(6464K) NonClass: 5768K(5824K)->5768K(5824K) Class: 533K(640K)->533K(640K)
[2.770s][info][gc             ] GC(70) Pause Young (Allocation Failure) 483M->484M(569M) 18.582ms
[2.770s][info][gc,cpu         ] GC(70) User=0.12s Sys=0.00s Real=0.02s
[2.790s][info][gc,start       ] GC(71) Pause Young (Allocation Failure)
[2.816s][info][gc,heap        ] GC(71) PSYoungGen: 53440K(73216K)->53376K(68608K) Eden: 18432K(18432K)->0K(14336K) From: 35008K(54784K)->53376K(54272K)
[2.816s][info][gc,heap        ] GC(71) ParOldGen: 460616K(509952K)->460616K(509952K)
[2.816s][info][gc,metaspace   ] GC(71) Metaspace: 6302K(6464K)->6302K(6464K) NonClass: 5768K(5824K)->5768K(5824K) Class: 533K(640K)->533K(640K)
[2.816s][info][gc             ] GC(71) Pause Young (Allocation Failure) 502M->501M(565M) 25.739ms
[2.816s][info][gc,cpu         ] GC(71) User=0.14s Sys=0.00s Real=0.03s
[2.831s][info][gc,start       ] GC(72) Pause Young (Allocation Failure)
[2.863s][info][gc,heap        ] GC(72) PSYoungGen: 67712K(68608K)->51328K(74752K) Eden: 14336K(14336K)->0K(14336K) From: 53376K(54272K)->51328K(60416K)
[2.863s][info][gc,heap        ] GC(72) ParOldGen: 460616K(509952K)->477216K(509952K)
[2.863s][info][gc,metaspace   ] GC(72) Metaspace: 6302K(6464K)->6302K(6464K) NonClass: 5768K(5824K)->5768K(5824K) Class: 533K(640K)->533K(640K)
[2.863s][info][gc             ] GC(72) Pause Young (Allocation Failure) 515M->516M(571M) 32.128ms
[2.863s][info][gc,cpu         ] GC(72) User=0.14s Sys=0.00s Real=0.03s
[2.879s][info][gc,start       ] GC(73) Pause Young (Allocation Failure)
[2.910s][info][gc,heap        ] GC(73) PSYoungGen: 65664K(74752K)->47296K(78848K) Eden: 14336K(14336K)->0K(14336K) From: 51328K(60416K)->47296K(64512K)
[2.910s][info][gc,heap        ] GC(73) ParOldGen: 477216K(509952K)->495904K(509952K)
[2.910s][info][gc,metaspace   ] GC(73) Metaspace: 6302K(6464K)->6302K(6464K) NonClass: 5768K(5824K)->5768K(5824K) Class: 533K(640K)->533K(640K)
[2.910s][info][gc             ] GC(73) Pause Young (Allocation Failure) 530M->530M(575M) 31.278ms
[2.910s][info][gc,cpu         ] GC(73) User=0.14s Sys=0.00s Real=0.03s
[2.910s][info][gc,start       ] GC(74) Pause Full (Ergonomics)
[2.910s][info][gc,phases,start] GC(74) Marking Phase
[3.034s][info][gc,phases      ] GC(74) Marking Phase 123.874ms
[3.034s][info][gc,phases,start] GC(74) Summary Phase
[3.034s][info][gc,phases      ] GC(74) Summary Phase 0.021ms
[3.034s][info][gc,phases,start] GC(74) Adjust Roots
[3.034s][info][gc,phases      ] GC(74) Adjust Roots 0.150ms
[3.034s][info][gc,phases,start] GC(74) Compaction Phase
[3.087s][info][gc,phases      ] GC(74) Compaction Phase 52.677ms
[3.087s][info][gc,phases,start] GC(74) Post Compact
[3.090s][info][gc,phases      ] GC(74) Post Compact 2.654ms
[3.090s][info][gc,heap        ] GC(74) PSYoungGen: 47296K(78848K)->32700K(78848K) Eden: 0K(14336K)->0K(14336K) From: 47296K(64512K)->32700K(64512K)
[3.090s][info][gc,heap        ] GC(74) ParOldGen: 495904K(509952K)->509510K(574976K)
[3.090s][info][gc,metaspace   ] GC(74) Metaspace: 6302K(6464K)->6302K(6464K) NonClass: 5768K(5824K)->5768K(5824K) Class: 533K(640K)->533K(640K)
[3.090s][info][gc             ] GC(74) Pause Full (Ergonomics) 530M->529M(638M) 179.938ms
[3.090s][info][gc,cpu         ] GC(74) User=1.17s Sys=0.00s Real=0.18s
[3.107s][info][gc,start       ] GC(75) Pause Young (Allocation Failure)
[3.149s][info][gc,heap        ] GC(75) PSYoungGen: 47036K(78848K)->24032K(80896K) Eden: 14336K(14336K)->0K(14336K) From: 32700K(64512K)->24032K(66560K)
[3.149s][info][gc,heap        ] GC(75) ParOldGen: 509510K(574976K)->532974K(574976K)
[3.149s][info][gc,metaspace   ] GC(75) Metaspace: 6302K(6464K)->6302K(6464K) NonClass: 5768K(5824K)->5768K(5824K) Class: 533K(640K)->533K(640K)
[3.149s][info][gc             ] GC(75) Pause Young (Allocation Failure) 543M->543M(640M) 42.535ms
[3.150s][info][gc,cpu         ] GC(75) User=0.25s Sys=0.00s Real=0.04s
[3.166s][info][gc,start       ] GC(76) Pause Young (Allocation Failure)
[3.186s][info][gc,heap        ] GC(76) PSYoungGen: 38368K(80896K)->28800K(78336K) Eden: 14336K(14336K)->0K(16384K) From: 24032K(66560K)->28800K(61952K)
[3.186s][info][gc,heap        ] GC(76) ParOldGen: 532974K(574976K)->542678K(574976K)
[3.186s][info][gc,metaspace   ] GC(76) Metaspace: 6302K(6464K)->6302K(6464K) NonClass: 5768K(5824K)->5768K(5824K) Class: 533K(640K)->533K(640K)
[3.186s][info][gc             ] GC(76) Pause Young (Allocation Failure) 557M->558M(638M) 20.671ms
[3.187s][info][gc,cpu         ] GC(76) User=0.11s Sys=0.02s Real=0.02s
[3.205s][info][gc,start       ] GC(77) Pause Young (Allocation Failure)
[3.229s][info][gc,heap        ] GC(77) PSYoungGen: 45184K(78336K)->30848K(47616K) Eden: 16384K(16384K)->0K(16384K) From: 28800K(61952K)->30848K(31232K)
[3.229s][info][gc,heap        ] GC(77) ParOldGen: 542678K(574976K)->557214K(574976K)
[3.229s][info][gc,metaspace   ] GC(77) Metaspace: 6302K(6464K)->6302K(6464K) NonClass: 5768K(5824K)->5768K(5824K) Class: 533K(640K)->533K(640K)
[3.229s][info][gc             ] GC(77) Pause Young (Allocation Failure) 574M->574M(608M) 23.500ms
[3.229s][info][gc,cpu         ] GC(77) User=0.12s Sys=0.00s Real=0.02s
[3.229s][info][gc,start       ] GC(78) Pause Full (Ergonomics)
[3.229s][info][gc,phases,start] GC(78) Marking Phase
[3.357s][info][gc,phases      ] GC(78) Marking Phase 128.067ms
[3.357s][info][gc,phases,start] GC(78) Summary Phase
[3.357s][info][gc,phases      ] GC(78) Summary Phase 0.021ms
[3.357s][info][gc,phases,start] GC(78) Adjust Roots
[3.357s][info][gc,phases      ] GC(78) Adjust Roots 0.156ms
[3.357s][info][gc,phases,start] GC(78) Compaction Phase
[3.408s][info][gc,phases      ] GC(78) Compaction Phase 51.043ms
[3.408s][info][gc,phases,start] GC(78) Post Compact
[3.409s][info][gc,phases      ] GC(78) Post Compact 0.925ms
[3.410s][info][gc,heap        ] GC(78) PSYoungGen: 30848K(47616K)->12264K(47616K) Eden: 0K(16384K)->0K(16384K) From: 30848K(31232K)->12264K(31232K)
[3.410s][info][gc,heap        ] GC(78) ParOldGen: 557214K(574976K)->574910K(646144K)
[3.410s][info][gc,metaspace   ] GC(78) Metaspace: 6302K(6464K)->6302K(6464K) NonClass: 5768K(5824K)->5768K(5824K) Class: 533K(640K)->533K(640K)
[3.410s][info][gc             ] GC(78) Pause Full (Ergonomics) 574M->573M(677M) 180.733ms
[3.410s][info][gc,cpu         ] GC(78) User=1.17s Sys=0.02s Real=0.18s
[3.428s][info][gc,start       ] GC(79) Pause Young (Allocation Failure)
[3.466s][info][gc,heap        ] GC(79) PSYoungGen: 28648K(47616K)->22720K(77312K) Eden: 16384K(16384K)->0K(18432K) From: 12264K(31232K)->22720K(58880K)
[3.466s][info][gc,heap        ] GC(79) ParOldGen: 574910K(646144K)->581102K(646144K)
[3.466s][info][gc,metaspace   ] GC(79) Metaspace: 6302K(6464K)->6302K(6464K) NonClass: 5768K(5824K)->5768K(5824K) Class: 533K(640K)->533K(640K)
[3.466s][info][gc             ] GC(79) Pause Young (Allocation Failure) 589M->589M(706M) 38.076ms
[3.466s][info][gc,cpu         ] GC(79) User=0.17s Sys=0.00s Real=0.04s
[3.487s][info][gc,start       ] GC(80) Pause Young (Allocation Failure)
[3.510s][info][gc,heap        ] GC(80) PSYoungGen: 41152K(77312K)->41184K(78336K) Eden: 18432K(18432K)->0K(18432K) From: 22720K(58880K)->41184K(59904K)
[3.510s][info][gc,heap        ] GC(80) ParOldGen: 581102K(646144K)->581102K(646144K)
[3.510s][info][gc,metaspace   ] GC(80) Metaspace: 6302K(6464K)->6302K(6464K) NonClass: 5768K(5824K)->5768K(5824K) Class: 533K(640K)->533K(640K)
[3.510s][info][gc             ] GC(80) Pause Young (Allocation Failure) 607M->607M(707M) 22.166ms
[3.510s][info][gc,cpu         ] GC(80) User=0.12s Sys=0.00s Real=0.02s
[3.532s][info][gc,start       ] GC(81) Pause Young (Allocation Failure)
[3.563s][info][gc,heap        ] GC(81) PSYoungGen: 59616K(78336K)->59616K(73728K) Eden: 18432K(18432K)->0K(13312K) From: 41184K(59904K)->59616K(60416K)
[3.563s][info][gc,heap        ] GC(81) ParOldGen: 581102K(646144K)->581102K(646144K)
[3.563s][info][gc,metaspace   ] GC(81) Metaspace: 6302K(6464K)->6302K(6464K) NonClass: 5768K(5824K)->5768K(5824K) Class: 533K(640K)->533K(640K)
[3.563s][info][gc             ] GC(81) Pause Young (Allocation Failure) 625M->625M(703M) 31.461ms
[3.563s][info][gc,cpu         ] GC(81) User=0.12s Sys=0.00s Real=0.03s
[3.579s][info][gc,start       ] GC(82) Pause Young (Allocation Failure)
[3.615s][info][gc,heap        ] GC(82) PSYoungGen: 72928K(73728K)->66688K(80896K) Eden: 13312K(13312K)->0K(13312K) From: 59616K(60416K)->66688K(67584K)
[3.615s][info][gc,heap        ] GC(82) ParOldGen: 581102K(646144K)->587374K(646144K)
[3.615s][info][gc,metaspace   ] GC(82) Metaspace: 6302K(6464K)->6302K(6464K) NonClass: 5768K(5824K)->5768K(5824K) Class: 533K(640K)->533K(640K)
[3.615s][info][gc             ] GC(82) Pause Young (Allocation Failure) 638M->638M(710M) 36.066ms
[3.615s][info][gc,cpu         ] GC(82) User=0.19s Sys=0.03s Real=0.04s
[3.630s][info][gc,start       ] GC(83) Pause Young (Allocation Failure)
[3.671s][info][gc,heap        ] GC(83) PSYoungGen: 80000K(80896K)->63648K(85504K) Eden: 13312K(13312K)->0K(9728K) From: 66688K(67584K)->63648K(75776K)
[3.671s][info][gc,heap        ] GC(83) ParOldGen: 587374K(646144K)->603974K(646144K)
[3.671s][info][gc,metaspace   ] GC(83) Metaspace: 6302K(6464K)->6302K(6464K) NonClass: 5768K(5824K)->5768K(5824K) Class: 533K(640K)->533K(640K)
[3.671s][info][gc             ] GC(83) Pause Young (Allocation Failure) 651M->651M(714M) 40.986ms
[3.671s][info][gc,cpu         ] GC(83) User=0.22s Sys=0.02s Real=0.04s
[3.684s][info][gc,start       ] GC(84) Pause Young (Allocation Failure)
[3.720s][info][gc,heap        ] GC(84) PSYoungGen: 73376K(85504K)->36448K(46592K) Eden: 9728K(9728K)->0K(9728K) From: 63648K(75776K)->36448K(36864K)
[3.720s][info][gc,heap        ] GC(84) ParOldGen: 603974K(646144K)->641318K(646144K)
[3.720s][info][gc,metaspace   ] GC(84) Metaspace: 6302K(6464K)->6302K(6464K) NonClass: 5768K(5824K)->5768K(5824K) Class: 533K(640K)->533K(640K)
[3.720s][info][gc             ] GC(84) Pause Young (Allocation Failure) 661M->661M(676M) 36.226ms
[3.720s][info][gc,cpu         ] GC(84) User=0.17s Sys=0.08s Real=0.04s
[3.720s][info][gc,start       ] GC(85) Pause Full (Ergonomics)
[3.720s][info][gc,phases,start] GC(85) Marking Phase
[3.863s][info][gc,phases      ] GC(85) Marking Phase 143.405ms
[3.863s][info][gc,phases,start] GC(85) Summary Phase
[3.863s][info][gc,phases      ] GC(85) Summary Phase 0.022ms
[3.863s][info][gc,phases,start] GC(85) Adjust Roots
[3.864s][info][gc,phases      ] GC(85) Adjust Roots 0.187ms
[3.864s][info][gc,phases,start] GC(85) Compaction Phase
[3.924s][info][gc,phases      ] GC(85) Compaction Phase 60.601ms
[3.924s][info][gc,phases,start] GC(85) Post Compact
[3.925s][info][gc,phases      ] GC(85) Post Compact 1.056ms
[3.926s][info][gc,heap        ] GC(85) PSYoungGen: 36448K(46592K)->30642K(46592K) Eden: 0K(9728K)->0K(9728K) From: 36448K(36864K)->30642K(36864K)
[3.926s][info][gc,heap        ] GC(85) ParOldGen: 641318K(646144K)->645953K(727552K)
[3.926s][info][gc,metaspace   ] GC(85) Metaspace: 6302K(6464K)->6302K(6464K) NonClass: 5768K(5824K)->5768K(5824K) Class: 533K(640K)->533K(640K)
[3.926s][info][gc             ] GC(85) Pause Full (Ergonomics) 661M->660M(756M) 205.919ms
[3.926s][info][gc,cpu         ] GC(85) User=1.39s Sys=0.02s Real=0.21s
[3.938s][info][gc,start       ] GC(86) Pause Young (Allocation Failure)
[3.983s][info][gc,heap        ] GC(86) PSYoungGen: 40370K(46592K)->17792K(89600K) Eden: 9728K(9728K)->0K(11264K) From: 30642K(36864K)->17792K(78336K)
[3.983s][info][gc,heap        ] GC(86) ParOldGen: 645953K(727552K)->668993K(727552K)
[3.983s][info][gc,metaspace   ] GC(86) Metaspace: 6302K(6464K)->6302K(6464K) NonClass: 5768K(5824K)->5768K(5824K) Class: 533K(640K)->533K(640K)
[3.983s][info][gc             ] GC(86) Pause Young (Allocation Failure) 670M->670M(798M) 45.183ms
[3.983s][info][gc,cpu         ] GC(86) User=0.25s Sys=0.02s Real=0.05s
[3.997s][info][gc,start       ] GC(87) Pause Young (Allocation Failure)
[4.014s][info][gc,heap        ] GC(87) PSYoungGen: 29056K(89600K)->21088K(89600K) Eden: 11264K(11264K)->0K(11264K) From: 17792K(78336K)->21088K(78336K)
[4.014s][info][gc,heap        ] GC(87) ParOldGen: 668993K(727552K)->677081K(727552K)
[4.014s][info][gc,metaspace   ] GC(87) Metaspace: 6302K(6464K)->6302K(6464K) NonClass: 5768K(5824K)->5768K(5824K) Class: 533K(640K)->533K(640K)
[4.014s][info][gc             ] GC(87) Pause Young (Allocation Failure) 681M->681M(798M) 17.102ms
[4.014s][info][gc,cpu         ] GC(87) User=0.05s Sys=0.00s Real=0.02s
[4.131s][info][gc,start       ] GC(88) Pause Full (Ergonomics)
[4.131s][info][gc,phases,start] GC(88) Marking Phase
[4.292s][info][gc,phases      ] GC(88) Marking Phase 160.261ms
[4.292s][info][gc,phases,start] GC(88) Summary Phase
[4.292s][info][gc,phases      ] GC(88) Summary Phase 0.030ms
[4.292s][info][gc,phases,start] GC(88) Adjust Roots
[4.292s][info][gc,phases      ] GC(88) Adjust Roots 0.147ms
[4.292s][info][gc,phases,start] GC(88) Compaction Phase
[4.412s][info][gc,phases      ] GC(88) Compaction Phase 119.525ms
[4.412s][info][gc,phases,start] GC(88) Post Compact
[4.413s][info][gc,phases      ] GC(88) Post Compact 1.481ms
[4.413s][info][gc,heap        ] GC(88) PSYoungGen: 32352K(89600K)->0K(90112K) Eden: 11264K(11264K)->0K(12800K) From: 21088K(78336K)->0K(77312K)
[4.413s][info][gc,heap        ] GC(88) ParOldGen: 709849K(727552K)->725140K(812544K)
[4.413s][info][gc,metaspace   ] GC(88) Metaspace: 6302K(6464K)->6302K(6464K) NonClass: 5768K(5824K)->5768K(5824K) Class: 533K(640K)->533K(640K)
[4.413s][info][gc             ] GC(88) Pause Full (Ergonomics) 724M->708M(881M) 282.110ms
[4.414s][info][gc,cpu         ] GC(88) User=1.69s Sys=0.02s Real=0.28s
[4.429s][info][gc,start       ] GC(89) Pause Young (Allocation Failure)
[4.440s][info][gc,heap        ] GC(89) PSYoungGen: 12800K(90112K)->12992K(90112K) Eden: 12800K(12800K)->0K(12800K) From: 0K(77312K)->12992K(77312K)
[4.440s][info][gc,heap        ] GC(89) ParOldGen: 725140K(812544K)->725140K(812544K)
[4.440s][info][gc,metaspace   ] GC(89) Metaspace: 6302K(6464K)->6302K(6464K) NonClass: 5768K(5824K)->5768K(5824K) Class: 533K(640K)->533K(640K)
[4.440s][info][gc             ] GC(89) Pause Young (Allocation Failure) 720M->720M(881M) 11.604ms
[4.440s][info][gc,cpu         ] GC(89) User=0.02s Sys=0.00s Real=0.01s
[4.454s][info][gc,start       ] GC(90) Pause Young (Allocation Failure)
[4.470s][info][gc,heap        ] GC(90) PSYoungGen: 25792K(90112K)->25760K(86528K) Eden: 12800K(12800K)->0K(14336K) From: 12992K(77312K)->25760K(72192K)
[4.470s][info][gc,heap        ] GC(90) ParOldGen: 725140K(812544K)->725140K(812544K)
[4.470s][info][gc,metaspace   ] GC(90) Metaspace: 6302K(6464K)->6302K(6464K) NonClass: 5768K(5824K)->5768K(5824K) Class: 533K(640K)->533K(640K)
[4.470s][info][gc             ] GC(90) Pause Young (Allocation Failure) 733M->733M(878M) 16.255ms
[4.470s][info][gc,cpu         ] GC(90) User=0.00s Sys=0.00s Real=0.02s
[4.486s][info][gc,start       ] GC(91) Pause Young (Allocation Failure)
[4.507s][info][gc,heap        ] GC(91) PSYoungGen: 40096K(86528K)->40064K(89088K) Eden: 14336K(14336K)->0K(14336K) From: 25760K(72192K)->40064K(74752K)
[4.507s][info][gc,heap        ] GC(91) ParOldGen: 725140K(812544K)->725140K(812544K)
[4.507s][info][gc,metaspace   ] GC(91) Metaspace: 6302K(6464K)->6302K(6464K) NonClass: 5768K(5824K)->5768K(5824K) Class: 533K(640K)->533K(640K)
[4.507s][info][gc             ] GC(91) Pause Young (Allocation Failure) 747M->747M(880M) 21.073ms
[4.507s][info][gc,cpu         ] GC(91) User=0.03s Sys=0.00s Real=0.02s
[4.522s][info][gc,start       ] GC(92) Pause Young (Allocation Failure)
[4.548s][info][gc,heap        ] GC(92) PSYoungGen: 54400K(89088K)->41600K(87040K) Eden: 14336K(14336K)->0K(16384K) From: 40064K(74752K)->41600K(70656K)
[4.548s][info][gc,heap        ] GC(92) ParOldGen: 725140K(812544K)->738116K(812544K)
[4.548s][info][gc,metaspace   ] GC(92) Metaspace: 6302K(6464K)->6302K(6464K) NonClass: 5768K(5824K)->5768K(5824K) Class: 533K(640K)->533K(640K)
[4.548s][info][gc             ] GC(92) Pause Young (Allocation Failure) 761M->761M(878M) 26.255ms
[4.548s][info][gc,cpu         ] GC(92) User=0.09s Sys=0.00s Real=0.03s
[4.565s][info][gc,start       ] GC(93) Pause Young (Allocation Failure)
[4.593s][info][gc,heap        ] GC(93) PSYoungGen: 57984K(87040K)->45216K(88064K) Eden: 16384K(16384K)->0K(16384K) From: 41600K(70656K)->45216K(71680K)
[4.593s][info][gc,heap        ] GC(93) ParOldGen: 738116K(812544K)->751092K(812544K)
[4.593s][info][gc,metaspace   ] GC(93) Metaspace: 6302K(6464K)->6302K(6464K) NonClass: 5768K(5824K)->5768K(5824K) Class: 533K(640K)->533K(640K)
[4.593s][info][gc             ] GC(93) Pause Young (Allocation Failure) 777M->777M(879M) 27.973ms
[4.593s][info][gc,cpu         ] GC(93) User=0.14s Sys=0.00s Real=0.03s
[4.610s][info][gc,start       ] GC(94) Pause Young (Allocation Failure)
[4.639s][info][gc,heap        ] GC(94) PSYoungGen: 61600K(88064K)->47264K(90112K) Eden: 16384K(16384K)->0K(17920K) From: 45216K(71680K)->47264K(72192K)
[4.639s][info][gc,heap        ] GC(94) ParOldGen: 751092K(812544K)->765636K(812544K)
[4.639s][info][gc,metaspace   ] GC(94) Metaspace: 6302K(6464K)->6302K(6464K) NonClass: 5768K(5824K)->5768K(5824K) Class: 533K(640K)->533K(640K)
[4.639s][info][gc             ] GC(94) Pause Young (Allocation Failure) 793M->793M(881M) 29.221ms
[4.639s][info][gc,cpu         ] GC(94) User=0.12s Sys=0.00s Real=0.03s
[4.657s][info][gc,start       ] GC(95) Pause Young (Allocation Failure)
[4.688s][info][gc,heap        ] GC(95) PSYoungGen: 65184K(90112K)->34464K(52736K) Eden: 17920K(17920K)->0K(17920K) From: 47264K(72192K)->34464K(34816K)
[4.688s][info][gc,heap        ] GC(95) ParOldGen: 765636K(812544K)->796756K(812544K)
[4.688s][info][gc,metaspace   ] GC(95) Metaspace: 6302K(6464K)->6302K(6464K) NonClass: 5768K(5824K)->5768K(5824K) Class: 533K(640K)->533K(640K)
[4.688s][info][gc             ] GC(95) Pause Young (Allocation Failure) 811M->811M(845M) 31.588ms
[4.688s][info][gc,cpu         ] GC(95) User=0.14s Sys=0.00s Real=0.03s
[4.688s][info][gc,start       ] GC(96) Pause Full (Ergonomics)
[4.688s][info][gc,phases,start] GC(96) Marking Phase
[4.874s][info][gc,phases      ] GC(96) Marking Phase 185.981ms
[4.875s][info][gc,phases,start] GC(96) Summary Phase
[4.875s][info][gc,phases      ] GC(96) Summary Phase 0.024ms
[4.875s][info][gc,phases,start] GC(96) Adjust Roots
[4.875s][info][gc,phases      ] GC(96) Adjust Roots 0.183ms
[4.875s][info][gc,phases,start] GC(96) Compaction Phase
[4.961s][info][gc,phases      ] GC(96) Compaction Phase 86.599ms
[4.961s][info][gc,phases,start] GC(96) Post Compact
[4.963s][info][gc,phases      ] GC(96) Post Compact 1.589ms
[4.964s][info][gc,heap        ] GC(96) PSYoungGen: 34464K(52736K)->17380K(52736K) Eden: 0K(17920K)->0K(17920K) From: 34464K(34816K)->17380K(34816K)
[4.964s][info][gc,heap        ] GC(96) ParOldGen: 796756K(812544K)->812505K(905728K)
[4.964s][info][gc,metaspace   ] GC(96) Metaspace: 6302K(6464K)->6302K(6464K) NonClass: 5768K(5824K)->5768K(5824K) Class: 533K(640K)->533K(640K)
[4.964s][info][gc             ] GC(96) Pause Full (Ergonomics) 811M->810M(936M) 275.154ms
[4.964s][info][gc,cpu         ] GC(96) User=1.67s Sys=0.05s Real=0.27s
[4.984s][info][gc,start       ] GC(97) Pause Young (Allocation Failure)
[5.033s][info][gc,heap        ] GC(97) PSYoungGen: 35300K(52736K)->18016K(89088K) Eden: 17920K(17920K)->0K(19968K) From: 17380K(34816K)->18016K(69120K)
[5.033s][info][gc,heap        ] GC(97) ParOldGen: 812505K(905728K)->830137K(905728K)
[5.033s][info][gc,metaspace   ] GC(97) Metaspace: 6302K(6464K)->6302K(6464K) NonClass: 5768K(5824K)->5768K(5824K) Class: 533K(640K)->533K(640K)
[5.033s][info][gc             ] GC(97) Pause Young (Allocation Failure) 827M->828M(971M) 48.689ms
[5.033s][info][gc,cpu         ] GC(97) User=0.27s Sys=0.00s Real=0.05s
[5.056s][info][gc,start       ] GC(98) Pause Young (Allocation Failure)
[5.078s][info][gc,heap        ] GC(98) PSYoungGen: 37984K(89088K)->20128K(89600K) Eden: 19968K(19968K)->0K(19968K) From: 18016K(69120K)->20128K(69632K)
[5.078s][info][gc,heap        ] GC(98) ParOldGen: 830137K(905728K)->848305K(905728K)
[5.078s][info][gc,metaspace   ] GC(98) Metaspace: 6302K(6464K)->6302K(6464K) NonClass: 5768K(5824K)->5768K(5824K) Class: 533K(640K)->533K(640K)
[5.078s][info][gc             ] GC(98) Pause Young (Allocation Failure) 847M->848M(972M) 21.767ms
[5.078s][info][gc,cpu         ] GC(98) User=0.05s Sys=0.00s Real=0.02s
[5.099s][info][gc,start       ] GC(99) Pause Young (Allocation Failure)
[5.121s][info][gc,heap        ] GC(99) PSYoungGen: 40096K(89600K)->20064K(88576K) Eden: 19968K(19968K)->0K(22016K) From: 20128K(69632K)->20064K(66560K)
[5.121s][info][gc,heap        ] GC(99) ParOldGen: 848305K(905728K)->868553K(905728K)
[5.121s][info][gc,metaspace   ] GC(99) Metaspace: 6302K(6464K)->6302K(6464K) NonClass: 5768K(5824K)->5768K(5824K) Class: 533K(640K)->533K(640K)
[5.122s][info][gc             ] GC(99) Pause Young (Allocation Failure) 867M->867M(971M) 22.439ms
[5.122s][info][gc,cpu         ] GC(99) User=0.12s Sys=0.00s Real=0.02s
[5.144s][info][gc,start       ] GC(100) Pause Young (Allocation Failure)
[5.168s][info][gc,heap        ] GC(100) PSYoungGen: 42080K(88576K)->22144K(89600K) Eden: 22016K(22016K)->0K(22016K) From: 20064K(66560K)->22144K(67584K)
[5.168s][info][gc,heap        ] GC(100) ParOldGen: 868553K(905728K)->888801K(905728K)
[5.168s][info][gc,metaspace   ] GC(100) Metaspace: 6302K(6464K)->6302K(6464K) NonClass: 5768K(5824K)->5768K(5824K) Class: 533K(640K)->533K(640K)
[5.168s][info][gc             ] GC(100) Pause Young (Allocation Failure) 889M->889M(972M) 23.471ms
[5.168s][info][gc,cpu         ] GC(100) User=0.12s Sys=0.00s Real=0.02s
[5.168s][info][gc,start       ] GC(101) Pause Full (Ergonomics)
[5.168s][info][gc,phases,start] GC(101) Marking Phase
[5.369s][info][gc,phases      ] GC(101) Marking Phase 200.619ms
[5.369s][info][gc,phases,start] GC(101) Summary Phase
[5.369s][info][gc,phases      ] GC(101) Summary Phase 0.028ms
[5.369s][info][gc,phases,start] GC(101) Adjust Roots
[5.369s][info][gc,phases      ] GC(101) Adjust Roots 0.150ms
[5.369s][info][gc,phases,start] GC(101) Compaction Phase
[5.455s][info][gc,phases      ] GC(101) Compaction Phase 86.402ms
[5.455s][info][gc,phases,start] GC(101) Post Compact
[5.457s][info][gc,phases      ] GC(101) Post Compact 1.587ms
[5.457s][info][gc,heap        ] GC(101) PSYoungGen: 22144K(89600K)->4099K(89600K) Eden: 0K(22016K)->0K(22016K) From: 22144K(67584K)->4099K(67584K)
[5.457s][info][gc,heap        ] GC(101) ParOldGen: 888801K(905728K)->905524K(1005056K)
[5.457s][info][gc,metaspace   ] GC(101) Metaspace: 6302K(6464K)->6302K(6464K) NonClass: 5768K(5824K)->5768K(5824K) Class: 533K(640K)->533K(640K)
[5.457s][info][gc             ] GC(101) Pause Full (Ergonomics) 889M->888M(1069M) 289.424ms
[5.457s][info][gc,cpu         ] GC(101) User=2.08s Sys=0.00s Real=0.29s
[5.486s][info][gc,start       ] GC(102) Pause Young (Allocation Failure)
[5.535s][info][gc,heap        ] GC(102) PSYoungGen: 26115K(89600K)->22144K(84992K) Eden: 22016K(22016K)->0K(24064K) From: 4099K(67584K)->22144K(60928K)
[5.535s][info][gc,heap        ] GC(102) ParOldGen: 905524K(1005056K)->909716K(1005056K)
[5.535s][info][gc,metaspace   ] GC(102) Metaspace: 6302K(6464K)->6302K(6464K) NonClass: 5768K(5824K)->5768K(5824K) Class: 533K(640K)->533K(640K)
[5.535s][info][gc             ] GC(102) Pause Young (Allocation Failure) 909M->910M(1064M) 49.425ms
[5.535s][info][gc,cpu         ] GC(102) User=0.27s Sys=0.02s Real=0.05s
[5.564s][info][gc,start       ] GC(103) Pause Young (Allocation Failure)
[5.589s][info][gc,heap        ] GC(103) PSYoungGen: 46208K(84992K)->46272K(87552K) Eden: 24064K(24064K)->0K(24064K) From: 22144K(60928K)->46272K(63488K)
[5.589s][info][gc,heap        ] GC(103) ParOldGen: 909716K(1005056K)->909716K(1005056K)
[5.589s][info][gc,metaspace   ] GC(103) Metaspace: 6302K(6464K)->6302K(6464K) NonClass: 5768K(5824K)->5768K(5824K) Class: 533K(640K)->533K(640K)
[5.589s][info][gc             ] GC(103) Pause Young (Allocation Failure) 933M->933M(1067M) 24.949ms
[5.589s][info][gc,cpu         ] GC(103) User=0.12s Sys=0.00s Real=0.03s
[5.615s][info][gc,start       ] GC(104) Pause Young (Allocation Failure)
[5.649s][info][gc,heap        ] GC(104) PSYoungGen: 70336K(87552K)->66560K(82432K) Eden: 24064K(24064K)->0K(15872K) From: 46272K(63488K)->66560K(66560K)
[5.649s][info][gc,heap        ] GC(104) ParOldGen: 909716K(1005056K)->913436K(1005056K)
[5.649s][info][gc,metaspace   ] GC(104) Metaspace: 6302K(6464K)->6302K(6464K) NonClass: 5768K(5824K)->5768K(5824K) Class: 533K(640K)->533K(640K)
[5.649s][info][gc             ] GC(104) Pause Young (Allocation Failure) 957M->957M(1062M) 34.700ms
[5.650s][info][gc,cpu         ] GC(104) User=0.25s Sys=0.00s Real=0.04s
[5.667s][info][gc,start       ] GC(105) Pause Young (Allocation Failure)
[5.705s][info][gc,heap        ] GC(105) PSYoungGen: 82432K(82432K)->39328K(55296K) Eden: 15872K(15872K)->0K(15872K) From: 66560K(66560K)->39328K(39424K)
[5.705s][info][gc,heap        ] GC(105) ParOldGen: 913436K(1005056K)->957236K(1005056K)
[5.705s][info][gc,metaspace   ] GC(105) Metaspace: 6302K(6464K)->6302K(6464K) NonClass: 5768K(5824K)->5768K(5824K) Class: 533K(640K)->533K(640K)
[5.705s][info][gc             ] GC(105) Pause Young (Allocation Failure) 972M->973M(1035M) 38.957ms
[5.705s][info][gc,cpu         ] GC(105) User=0.20s Sys=0.05s Real=0.04s
[5.724s][info][gc,start       ] GC(106) Pause Young (Allocation Failure)
[5.752s][info][gc,heap        ] GC(106) PSYoungGen: 55200K(55296K)->31872K(86016K) Eden: 15872K(15872K)->0K(17920K) From: 39328K(39424K)->31872K(68096K)
[5.752s][info][gc,heap        ] GC(106) ParOldGen: 957236K(1005056K)->980844K(1005056K)
[5.752s][info][gc,metaspace   ] GC(106) Metaspace: 6302K(6464K)->6302K(6464K) NonClass: 5768K(5824K)->5768K(5824K) Class: 533K(640K)->533K(640K)
[5.752s][info][gc             ] GC(106) Pause Young (Allocation Failure) 988M->988M(1065M) 28.520ms
[5.752s][info][gc,cpu         ] GC(106) User=0.14s Sys=0.00s Real=0.03s
[5.752s][info][gc,start       ] GC(107) Pause Full (Ergonomics)
[5.752s][info][gc,phases,start] GC(107) Marking Phase
[5.969s][info][gc,phases      ] GC(107) Marking Phase 217.161ms
[5.970s][info][gc,phases,start] GC(107) Summary Phase
[5.970s][info][gc,phases      ] GC(107) Summary Phase 0.039ms
[5.970s][info][gc,phases,start] GC(107) Adjust Roots
[5.970s][info][gc,phases      ] GC(107) Adjust Roots 0.182ms
[5.970s][info][gc,phases,start] GC(107) Compaction Phase
[6.055s][info][gc,phases      ] GC(107) Compaction Phase 85.406ms
[6.055s][info][gc,phases,start] GC(107) Post Compact
[6.057s][info][gc,phases      ] GC(107) Post Compact 1.867ms
[6.058s][info][gc,heap        ] GC(107) PSYoungGen: 31872K(86016K)->6646K(88064K) Eden: 0K(17920K)->0K(19968K) From: 31872K(68096K)->6646K(68096K)
[6.058s][info][gc,heap        ] GC(107) ParOldGen: 980844K(1005056K)->1004713K(1119744K)
[6.058s][info][gc,metaspace   ] GC(107) Metaspace: 6302K(6464K)->6302K(6464K) NonClass: 5768K(5824K)->5768K(5824K) Class: 533K(640K)->533K(640K)
[6.058s][info][gc             ] GC(107) Pause Full (Ergonomics) 988M->987M(1179M) 305.429ms
[6.058s][info][gc,cpu         ] GC(107) User=2.17s Sys=0.00s Real=0.30s
[6.081s][info][gc,start       ] GC(108) Pause Young (Allocation Failure)
[6.135s][info][gc,heap        ] GC(108) PSYoungGen: 26614K(88064K)->23456K(91136K) Eden: 19968K(19968K)->0K(19968K) From: 6646K(68096K)->23456K(71168K)
[6.135s][info][gc,heap        ] GC(108) ParOldGen: 1004713K(1119744K)->1008049K(1119744K)
[6.135s][info][gc,metaspace   ] GC(108) Metaspace: 6302K(6464K)->6302K(6464K) NonClass: 5768K(5824K)->5768K(5824K) Class: 533K(640K)->533K(640K)
[6.135s][info][gc             ] GC(108) Pause Young (Allocation Failure) 1007M->1007M(1182M) 53.980ms
[6.135s][info][gc,cpu         ] GC(108) User=0.27s Sys=0.00s Real=0.05s
[6.157s][info][gc,start       ] GC(109) Pause Young (Allocation Failure)
[6.181s][info][gc,heap        ] GC(109) PSYoungGen: 43424K(91136K)->43456K(91648K) Eden: 19968K(19968K)->0K(22016K) From: 23456K(71168K)->43456K(69632K)
[6.181s][info][gc,heap        ] GC(109) ParOldGen: 1008049K(1119744K)->1008049K(1119744K)
[6.181s][info][gc,metaspace   ] GC(109) Metaspace: 6302K(6464K)->6302K(6464K) NonClass: 5768K(5824K)->5768K(5824K) Class: 533K(640K)->533K(640K)
[6.181s][info][gc             ] GC(109) Pause Young (Allocation Failure) 1026M->1026M(1183M) 24.082ms
[6.181s][info][gc,cpu         ] GC(109) User=0.12s Sys=0.00s Real=0.02s
[6.205s][info][gc,start       ] GC(110) Pause Young (Allocation Failure)
[6.238s][info][gc,heap        ] GC(110) PSYoungGen: 65472K(91648K)->65504K(91648K) Eden: 22016K(22016K)->0K(22016K) From: 43456K(69632K)->65504K(69632K)
[6.238s][info][gc,heap        ] GC(110) ParOldGen: 1008049K(1119744K)->1008049K(1119744K)
[6.238s][info][gc,metaspace   ] GC(110) Metaspace: 6302K(6464K)->6302K(6464K) NonClass: 5768K(5824K)->5768K(5824K) Class: 533K(640K)->533K(640K)
[6.238s][info][gc             ] GC(110) Pause Young (Allocation Failure) 1048M->1048M(1183M) 33.099ms
[6.238s][info][gc,cpu         ] GC(110) User=0.16s Sys=0.00s Real=0.03s
[6.265s][info][gc,start       ] GC(111) Pause Young (Allocation Failure)
[6.308s][info][gc,heap        ] GC(111) PSYoungGen: 87520K(91648K)->77312K(87552K) Eden: 22016K(22016K)->0K(10240K) From: 65504K(69632K)->77312K(77312K)
[6.308s][info][gc,heap        ] GC(111) ParOldGen: 1008049K(1119744K)->1018297K(1119744K)
[6.308s][info][gc,metaspace   ] GC(111) Metaspace: 6302K(6464K)->6302K(6464K) NonClass: 5768K(5824K)->5768K(5824K) Class: 533K(640K)->533K(640K)
[6.308s][info][gc             ] GC(111) Pause Young (Allocation Failure) 1069M->1069M(1179M) 43.384ms
[6.308s][info][gc,cpu         ] GC(111) User=0.23s Sys=0.02s Real=0.04s
[6.320s][info][gc,start       ] GC(112) Pause Young (Allocation Failure)
[6.362s][info][gc,heap        ] GC(112) PSYoungGen: 87552K(87552K)->51776K(101888K) Eden: 10240K(10240K)->0K(10240K) From: 77312K(77312K)->51776K(91648K)
[6.362s][info][gc,heap        ] GC(112) ParOldGen: 1018297K(1119744K)->1054657K(1119744K)
[6.362s][info][gc,metaspace   ] GC(112) Metaspace: 6302K(6464K)->6302K(6464K) NonClass: 5768K(5824K)->5768K(5824K) Class: 533K(640K)->533K(640K)
[6.362s][info][gc             ] GC(112) Pause Young (Allocation Failure) 1079M->1080M(1193M) 41.877ms
[6.362s][info][gc,cpu         ] GC(112) User=0.27s Sys=0.00s Real=0.04s
[6.373s][info][gc,start       ] GC(113) Pause Young (Allocation Failure)
[6.407s][info][gc,heap        ] GC(113) PSYoungGen: 62016K(101888K)->20576K(100864K) Eden: 10240K(10240K)->0K(11776K) From: 51776K(91648K)->20576K(89088K)
[6.407s][info][gc,heap        ] GC(113) ParOldGen: 1054657K(1119744K)->1096601K(1119744K)
[6.407s][info][gc,metaspace   ] GC(113) Metaspace: 6302K(6464K)->6302K(6464K) NonClass: 5768K(5824K)->5768K(5824K) Class: 533K(640K)->533K(640K)
[6.407s][info][gc             ] GC(113) Pause Young (Allocation Failure) 1090M->1090M(1192M) 34.257ms
[6.407s][info][gc,cpu         ] GC(113) User=0.31s Sys=0.02s Real=0.04s
[6.407s][info][gc,start       ] GC(114) Pause Full (Ergonomics)
[6.407s][info][gc,phases,start] GC(114) Marking Phase
[6.694s][info][gc,phases      ] GC(114) Marking Phase 286.665ms
[6.694s][info][gc,phases,start] GC(114) Summary Phase
[6.694s][info][gc,phases      ] GC(114) Summary Phase 0.046ms
[6.694s][info][gc,phases,start] GC(114) Adjust Roots
[6.694s][info][gc,phases      ] GC(114) Adjust Roots 0.181ms
[6.694s][info][gc,phases,start] GC(114) Compaction Phase
[6.809s][info][gc,phases      ] GC(114) Compaction Phase 114.718ms
[6.809s][info][gc,phases,start] GC(114) Post Compact
[6.811s][info][gc,phases      ] GC(114) Post Compact 2.015ms
[6.811s][info][gc,heap        ] GC(114) PSYoungGen: 20576K(100864K)->0K(101376K) Eden: 0K(11776K)->0K(11776K) From: 20576K(89088K)->0K(89600K)
[6.811s][info][gc,heap        ] GC(114) ParOldGen: 1096601K(1119744K)->1115626K(1246208K)
[6.811s][info][gc,metaspace   ] GC(114) Metaspace: 6302K(6464K)->6302K(6464K) NonClass: 5768K(5824K)->5768K(5824K) Class: 533K(640K)->533K(640K)
[6.811s][info][gc             ] GC(114) Pause Full (Ergonomics) 1090M->1089M(1316M) 404.393ms
[6.811s][info][gc,cpu         ] GC(114) User=2.47s Sys=0.02s Real=0.40s
[6.827s][info][gc,start       ] GC(115) Pause Young (Allocation Failure)
[6.840s][info][gc,heap        ] GC(115) PSYoungGen: 11776K(101376K)->11968K(102400K) Eden: 11776K(11776K)->0K(13312K) From: 0K(89600K)->11968K(89088K)
[6.840s][info][gc,heap        ] GC(115) ParOldGen: 1115626K(1246208K)->1115626K(1246208K)
[6.840s][info][gc,metaspace   ] GC(115) Metaspace: 6302K(6464K)->6302K(6464K) NonClass: 5768K(5824K)->5768K(5824K) Class: 533K(640K)->533K(640K)
[6.840s][info][gc             ] GC(115) Pause Young (Allocation Failure) 1100M->1101M(1317M) 12.724ms
[6.840s][info][gc,cpu         ] GC(115) User=0.00s Sys=0.00s Real=0.01s
[6.855s][info][gc,start       ] GC(116) Pause Young (Allocation Failure)
[6.870s][info][gc,heap        ] GC(116) PSYoungGen: 25280K(102400K)->13440K(102912K) Eden: 13312K(13312K)->0K(13312K) From: 11968K(89088K)->13440K(89600K)
[6.870s][info][gc,heap        ] GC(116) ParOldGen: 1115626K(1246208K)->1127562K(1246208K)
[6.870s][info][gc,metaspace   ] GC(116) Metaspace: 6302K(6464K)->6302K(6464K) NonClass: 5768K(5824K)->5768K(5824K) Class: 533K(640K)->533K(640K)
[6.870s][info][gc             ] GC(116) Pause Young (Allocation Failure) 1114M->1114M(1317M) 15.469ms
[6.870s][info][gc,cpu         ] GC(116) User=0.02s Sys=0.00s Real=0.01s
[6.884s][info][gc,start       ] GC(117) Pause Young (Allocation Failure)
[6.901s][info][gc,heap        ] GC(117) PSYoungGen: 26752K(102912K)->13472K(100864K) Eden: 13312K(13312K)->0K(14848K) From: 13440K(89600K)->13472K(86016K)
[6.901s][info][gc,heap        ] GC(117) ParOldGen: 1127562K(1246208K)->1141058K(1246208K)
[6.901s][info][gc,metaspace   ] GC(117) Metaspace: 6302K(6464K)->6302K(6464K) NonClass: 5768K(5824K)->5768K(5824K) Class: 533K(640K)->533K(640K)
[6.901s][info][gc             ] GC(117) Pause Young (Allocation Failure) 1127M->1127M(1315M) 16.900ms
[6.901s][info][gc,cpu         ] GC(117) User=0.03s Sys=0.00s Real=0.02s
[6.919s][info][gc,start       ] GC(118) Pause Young (Allocation Failure)
[6.936s][info][gc,heap        ] GC(118) PSYoungGen: 28320K(100864K)->14944K(30208K) Eden: 14848K(14848K)->0K(14848K) From: 13472K(86016K)->14944K(15360K)
[6.936s][info][gc,heap        ] GC(118) ParOldGen: 1141058K(1246208K)->1154530K(1246208K)
[6.936s][info][gc,metaspace   ] GC(118) Metaspace: 6302K(6464K)->6302K(6464K) NonClass: 5768K(5824K)->5768K(5824K) Class: 533K(640K)->533K(640K)
[6.936s][info][gc             ] GC(118) Pause Young (Allocation Failure) 1141M->1142M(1246M) 17.420ms
[6.936s][info][gc,cpu         ] GC(118) User=0.05s Sys=0.00s Real=0.02s
[6.954s][info][gc,start       ] GC(119) Pause Young (Allocation Failure)
[6.971s][info][gc,heap        ] GC(119) PSYoungGen: 29792K(30208K)->14976K(96768K) Eden: 14848K(14848K)->0K(16384K) From: 14944K(15360K)->14976K(80384K)
[6.971s][info][gc,heap        ] GC(119) ParOldGen: 1154530K(1246208K)->1169570K(1246208K)
[6.972s][info][gc,metaspace   ] GC(119) Metaspace: 6302K(6464K)->6302K(6464K) NonClass: 5768K(5824K)->5768K(5824K) Class: 533K(640K)->533K(640K)
[6.972s][info][gc             ] GC(119) Pause Young (Allocation Failure) 1156M->1156M(1311M) 17.644ms
[6.972s][info][gc,cpu         ] GC(119) User=0.03s Sys=0.00s Real=0.02s
[6.991s][info][gc,start       ] GC(120) Pause Young (Allocation Failure)
[7.009s][info][gc,heap        ] GC(120) PSYoungGen: 31360K(96768K)->16480K(33280K) Eden: 16384K(16384K)->0K(16384K) From: 14976K(80384K)->16480K(16896K)
[7.010s][info][gc,heap        ] GC(120) ParOldGen: 1169570K(1246208K)->1184618K(1246208K)
[7.010s][info][gc,metaspace   ] GC(120) Metaspace: 6302K(6464K)->6302K(6464K) NonClass: 5768K(5824K)->5768K(5824K) Class: 533K(640K)->533K(640K)
[7.010s][info][gc             ] GC(120) Pause Young (Allocation Failure) 1172M->1172M(1249M) 18.660ms
[7.010s][info][gc,cpu         ] GC(120) User=0.12s Sys=0.00s Real=0.02s
[7.030s][info][gc,start       ] GC(121) Pause Young (Allocation Failure)
[7.050s][info][gc,heap        ] GC(121) PSYoungGen: 32864K(33280K)->16512K(92672K) Eden: 16384K(16384K)->0K(18432K) From: 16480K(16896K)->16512K(74240K)
[7.050s][info][gc,heap        ] GC(121) ParOldGen: 1184618K(1246208K)->1201226K(1246208K)
[7.050s][info][gc,metaspace   ] GC(121) Metaspace: 6302K(6464K)->6302K(6464K) NonClass: 5768K(5824K)->5768K(5824K) Class: 533K(640K)->533K(640K)
[7.050s][info][gc             ] GC(121) Pause Young (Allocation Failure) 1188M->1189M(1307M) 20.128ms
[7.050s][info][gc,cpu         ] GC(121) User=0.11s Sys=0.02s Real=0.02s
[7.072s][info][gc,start       ] GC(122) Pause Young (Allocation Failure)
[7.093s][info][gc,heap        ] GC(122) PSYoungGen: 34944K(92672K)->18592K(37376K) Eden: 18432K(18432K)->0K(18432K) From: 16512K(74240K)->18592K(18944K)
[7.093s][info][gc,heap        ] GC(122) ParOldGen: 1201226K(1246208K)->1217850K(1246208K)
[7.093s][info][gc,metaspace   ] GC(122) Metaspace: 6302K(6464K)->6302K(6464K) NonClass: 5768K(5824K)->5768K(5824K) Class: 533K(640K)->533K(640K)
[7.093s][info][gc             ] GC(122) Pause Young (Allocation Failure) 1207M->1207M(1253M) 21.093ms
[7.093s][info][gc,cpu         ] GC(122) User=0.12s Sys=0.02s Real=0.02s
[7.093s][info][gc,start       ] GC(123) Pause Full (Ergonomics)
[7.093s][info][gc,phases,start] GC(123) Marking Phase
[7.373s][info][gc,phases      ] GC(123) Marking Phase 280.003ms
[7.374s][info][gc,phases,start] GC(123) Summary Phase
[7.374s][info][gc,phases      ] GC(123) Summary Phase 0.032ms
[7.374s][info][gc,phases,start] GC(123) Adjust Roots
[7.374s][info][gc,phases      ] GC(123) Adjust Roots 0.150ms
[7.374s][info][gc,phases,start] GC(123) Compaction Phase
[7.483s][info][gc,phases      ] GC(123) Compaction Phase 109.135ms
[7.483s][info][gc,phases,start] GC(123) Post Compact
[7.485s][info][gc,phases      ] GC(123) Post Compact 2.194ms
[7.486s][info][gc,heap        ] GC(123) PSYoungGen: 18592K(37376K)->0K(94208K) Eden: 0K(18432K)->0K(20480K) From: 18592K(18944K)->0K(73728K)
[7.486s][info][gc,heap        ] GC(123) ParOldGen: 1217850K(1246208K)->1234666K(1356288K)
[7.486s][info][gc,metaspace   ] GC(123) Metaspace: 6302K(6464K)->6302K(6464K) NonClass: 5768K(5824K)->5768K(5824K) Class: 533K(640K)->533K(640K)
[7.486s][info][gc             ] GC(123) Pause Full (Ergonomics) 1207M->1205M(1416M) 392.407ms
[7.486s][info][gc,cpu         ] GC(123) User=2.72s Sys=0.05s Real=0.39s
[7.510s][info][gc,start       ] GC(124) Pause Young (Allocation Failure)
[7.526s][info][gc,heap        ] GC(124) PSYoungGen: 20480K(94208K)->20640K(41472K) Eden: 20480K(20480K)->0K(20480K) From: 0K(73728K)->20640K(20992K)
[7.526s][info][gc,heap        ] GC(124) ParOldGen: 1234666K(1356288K)->1234666K(1356288K)
[7.526s][info][gc,metaspace   ] GC(124) Metaspace: 6302K(6464K)->6302K(6464K) NonClass: 5768K(5824K)->5768K(5824K) Class: 533K(640K)->533K(640K)
[7.526s][info][gc             ] GC(124) Pause Young (Allocation Failure) 1225M->1225M(1365M) 16.214ms
[7.526s][info][gc,cpu         ] GC(124) User=0.02s Sys=0.00s Real=0.02s
[7.551s][info][gc,start       ] GC(125) Pause Young (Allocation Failure)
[7.574s][info][gc,heap        ] GC(125) PSYoungGen: 41120K(41472K)->41088K(91648K) Eden: 20480K(20480K)->0K(21504K) From: 20640K(20992K)->41088K(70144K)
[7.574s][info][gc,heap        ] GC(125) ParOldGen: 1234666K(1356288K)->1234666K(1356288K)
[7.574s][info][gc,metaspace   ] GC(125) Metaspace: 6302K(6464K)->6302K(6464K) NonClass: 5768K(5824K)->5768K(5824K) Class: 533K(640K)->533K(640K)
[7.574s][info][gc             ] GC(125) Pause Young (Allocation Failure) 1245M->1245M(1414M) 23.267ms
[7.574s][info][gc,cpu         ] GC(125) User=0.12s Sys=0.00s Real=0.02s
[7.601s][info][gc,start       ] GC(126) Pause Young (Allocation Failure)
[7.633s][info][gc,heap        ] GC(126) PSYoungGen: 62592K(91648K)->62592K(92672K) Eden: 21504K(21504K)->0K(21504K) From: 41088K(70144K)->62592K(71168K)
[7.633s][info][gc,heap        ] GC(126) ParOldGen: 1234666K(1356288K)->1234666K(1356288K)
[7.633s][info][gc,metaspace   ] GC(126) Metaspace: 6302K(6464K)->6302K(6464K) NonClass: 5768K(5824K)->5768K(5824K) Class: 533K(640K)->533K(640K)
[7.633s][info][gc             ] GC(126) Pause Young (Allocation Failure) 1266M->1266M(1415M) 32.306ms
[7.633s][info][gc,cpu         ] GC(126) User=0.12s Sys=0.00s Real=0.03s
[7.653s][info][gc,start       ] GC(127) Pause Young (Allocation Failure)
[7.690s][info][gc,heap        ] GC(127) PSYoungGen: 84096K(92672K)->75744K(92160K) Eden: 21504K(21504K)->0K(12288K) From: 62592K(71168K)->75744K(79872K)
[7.690s][info][gc,heap        ] GC(127) ParOldGen: 1234666K(1356288K)->1234666K(1356288K)
[7.690s][info][gc,metaspace   ] GC(127) Metaspace: 6302K(6464K)->6302K(6464K) NonClass: 5768K(5824K)->5768K(5824K) Class: 533K(640K)->533K(640K)
[7.690s][info][gc             ] GC(127) Pause Young (Allocation Failure) 1287M->1279M(1414M) 37.926ms
[7.691s][info][gc,cpu         ] GC(127) User=0.17s Sys=0.09s Real=0.04s
[7.700s][info][gc,start       ] GC(128) Pause Young (Allocation Failure)
[7.741s][info][gc,heap        ] GC(128) PSYoungGen: 88032K(92160K)->61632K(103936K) Eden: 12288K(12288K)->0K(12288K) From: 75744K(79872K)->61632K(91648K)
[7.741s][info][gc,heap        ] GC(128) ParOldGen: 1234666K(1356288K)->1255434K(1356288K)
[7.741s][info][gc,metaspace   ] GC(128) Metaspace: 6302K(6464K)->6302K(6464K) NonClass: 5768K(5824K)->5768K(5824K) Class: 533K(640K)->533K(640K)
[7.741s][info][gc             ] GC(128) Pause Young (Allocation Failure) 1291M->1286M(1426M) 40.881ms
[7.741s][info][gc,cpu         ] GC(128) User=0.33s Sys=0.03s Real=0.04s
[7.756s][info][gc,start       ] GC(129) Pause Young (Allocation Failure)
[7.794s][info][gc,heap        ] GC(129) PSYoungGen: 73920K(103936K)->52704K(109568K) Eden: 12288K(12288K)->0K(14336K) From: 61632K(91648K)->52704K(95232K)
[7.794s][info][gc,heap        ] GC(129) ParOldGen: 1255434K(1356288K)->1276210K(1356288K)
[7.794s][info][gc,metaspace   ] GC(129) Metaspace: 6302K(6464K)->6302K(6464K) NonClass: 5768K(5824K)->5768K(5824K) Class: 533K(640K)->533K(640K)
[7.794s][info][gc             ] GC(129) Pause Young (Allocation Failure) 1298M->1297M(1431M) 37.925ms
[7.794s][info][gc,cpu         ] GC(129) User=0.25s Sys=0.00s Real=0.04s
[7.813s][info][gc,start       ] GC(130) Pause Young (Allocation Failure)
[7.848s][info][gc,heap        ] GC(130) PSYoungGen: 67040K(109568K)->32384K(47104K) Eden: 14336K(14336K)->0K(14336K) From: 52704K(95232K)->32384K(32768K)
[7.849s][info][gc,heap        ] GC(130) ParOldGen: 1276210K(1356288K)->1311314K(1356288K)
[7.849s][info][gc,metaspace   ] GC(130) Metaspace: 6302K(6464K)->6302K(6464K) NonClass: 5768K(5824K)->5768K(5824K) Class: 533K(640K)->533K(640K)
[7.849s][info][gc             ] GC(130) Pause Young (Allocation Failure) 1311M->1312M(1370M) 35.822ms
[7.849s][info][gc,cpu         ] GC(130) User=0.16s Sys=0.00s Real=0.04s
[7.867s][info][gc,start       ] GC(131) Pause Young (Allocation Failure)
[7.893s][info][gc,heap        ] GC(131) PSYoungGen: 46720K(47104K)->28800K(100352K) Eden: 14336K(14336K)->0K(16384K) From: 32384K(32768K)->28800K(83968K)
[7.893s][info][gc,heap        ] GC(131) ParOldGen: 1311314K(1356288K)->1329498K(1356288K)
[7.893s][info][gc,metaspace   ] GC(131) Metaspace: 6302K(6464K)->6302K(6464K) NonClass: 5768K(5824K)->5768K(5824K) Class: 533K(640K)->533K(640K)
[7.893s][info][gc             ] GC(131) Pause Young (Allocation Failure) 1326M->1326M(1422M) 26.641ms
[7.893s][info][gc,cpu         ] GC(131) User=0.11s Sys=0.03s Real=0.03s
[7.893s][info][gc,start       ] GC(132) Pause Full (Ergonomics)
[7.893s][info][gc,phases,start] GC(132) Marking Phase
[8.194s][info][gc,phases      ] GC(132) Marking Phase 300.783ms
[8.194s][info][gc,phases,start] GC(132) Summary Phase
[8.194s][info][gc,phases      ] GC(132) Summary Phase 0.026ms
[8.194s][info][gc,phases,start] GC(132) Adjust Roots
[8.194s][info][gc,phases      ] GC(132) Adjust Roots 0.264ms
[8.194s][info][gc,phases,start] GC(132) Compaction Phase
[8.557s][info][gc,phases      ] GC(132) Compaction Phase 362.830ms
[8.557s][info][gc,phases,start] GC(132) Post Compact
[8.560s][info][gc,phases      ] GC(132) Post Compact 2.577ms
[8.560s][info][gc,heap        ] GC(132) PSYoungGen: 28800K(100352K)->514K(102912K) Eden: 0K(16384K)->0K(18944K) From: 28800K(83968K)->514K(83968K)
[8.561s][info][gc,heap        ] GC(132) ParOldGen: 1329498K(1356288K)->1356143K(1492480K)
[8.561s][info][gc,metaspace   ] GC(132) Metaspace: 6302K(6464K)->6302K(6464K) NonClass: 5768K(5824K)->5768K(5824K) Class: 533K(640K)->533K(640K)
[8.561s][info][gc             ] GC(132) Pause Full (Ergonomics) 1326M->1324M(1558M) 667.283ms
[8.561s][info][gc,cpu         ] GC(132) User=4.83s Sys=0.02s Real=0.67s
[8.585s][info][gc,start       ] GC(133) Pause Young (Allocation Failure)
[8.655s][info][gc,heap        ] GC(133) PSYoungGen: 19458K(102912K)->19104K(106496K) Eden: 18944K(18944K)->0K(18944K) From: 514K(83968K)->19104K(87552K)
[8.655s][info][gc,heap        ] GC(133) ParOldGen: 1356143K(1492480K)->1356695K(1492480K)
[8.655s][info][gc,metaspace   ] GC(133) Metaspace: 6302K(6464K)->6302K(6464K) NonClass: 5768K(5824K)->5768K(5824K) Class: 533K(640K)->533K(640K)
[8.656s][info][gc             ] GC(133) Pause Young (Allocation Failure) 1343M->1343M(1561M) 70.465ms
[8.656s][info][gc,cpu         ] GC(133) User=0.39s Sys=0.00s Real=0.07s
[8.679s][info][gc,start       ] GC(134) Pause Young (Allocation Failure)
[8.703s][info][gc,heap        ] GC(134) PSYoungGen: 38048K(106496K)->38016K(97792K) Eden: 18944K(18944K)->0K(20992K) From: 19104K(87552K)->38016K(76800K)
[8.703s][info][gc,heap        ] GC(134) ParOldGen: 1356695K(1492480K)->1356695K(1492480K)
[8.703s][info][gc,metaspace   ] GC(134) Metaspace: 6302K(6464K)->6302K(6464K) NonClass: 5768K(5824K)->5768K(5824K) Class: 533K(640K)->533K(640K)
[8.703s][info][gc             ] GC(134) Pause Young (Allocation Failure) 1362M->1362M(1553M) 23.738ms
[8.703s][info][gc,cpu         ] GC(134) User=0.14s Sys=0.00s Real=0.02s
[8.993s][info][gc,start       ] GC(135) Pause Young (Allocation Failure)
[9.055s][info][gc,heap        ] GC(135) PSYoungGen: 59008K(97792K)->59040K(102400K) Eden: 20992K(20992K)->0K(20992K) From: 38016K(76800K)->59040K(81408K)
[9.055s][info][gc,heap        ] GC(135) ParOldGen: 1422231K(1492480K)->1422231K(1492480K)
[9.055s][info][gc,metaspace   ] GC(135) Metaspace: 6302K(6464K)->6302K(6464K) NonClass: 5768K(5824K)->5768K(5824K) Class: 533K(640K)->533K(640K)
[9.055s][info][gc             ] GC(135) Pause Young (Allocation Failure) 1446M->1446M(1557M) 62.139ms
[9.055s][info][gc,cpu         ] GC(135) User=0.28s Sys=0.00s Real=0.06s
[9.075s][info][gc,start       ] GC(136) Pause Young (Allocation Failure)
[9.114s][info][gc,heap        ] GC(136) PSYoungGen: 80032K(102400K)->80032K(97792K) Eden: 20992K(20992K)->0K(12288K) From: 59040K(81408K)->80032K(85504K)
[9.114s][info][gc,heap        ] GC(136) ParOldGen: 1422231K(1492480K)->1422231K(1492480K)
[9.114s][info][gc,metaspace   ] GC(136) Metaspace: 6302K(6464K)->6302K(6464K) NonClass: 5768K(5824K)->5768K(5824K) Class: 533K(640K)->533K(640K)
[9.114s][info][gc             ] GC(136) Pause Young (Allocation Failure) 1467M->1467M(1553M) 39.184ms
[9.115s][info][gc,cpu         ] GC(136) User=0.20s Sys=0.00s Real=0.04s
[9.127s][info][gc,start       ] GC(137) Pause Young (Allocation Failure)
[9.169s][info][gc,heap        ] GC(137) PSYoungGen: 92320K(97792K)->92320K(108544K) Eden: 12288K(12288K)->0K(12288K) From: 80032K(85504K)->92320K(96256K)
[9.169s][info][gc,heap        ] GC(137) ParOldGen: 1422231K(1492480K)->1422231K(1492480K)
[9.169s][info][gc,metaspace   ] GC(137) Metaspace: 6302K(6464K)->6302K(6464K) NonClass: 5768K(5824K)->5768K(5824K) Class: 533K(640K)->533K(640K)
[9.169s][info][gc             ] GC(137) Pause Young (Allocation Failure) 1479M->1479M(1563M) 42.810ms
[9.169s][info][gc,cpu         ] GC(137) User=0.17s Sys=0.00s Real=0.04s
[9.181s][info][gc,start       ] GC(138) Pause Young (Allocation Failure)
[9.230s][info][gc,heap        ] GC(138) PSYoungGen: 104608K(108544K)->85664K(114688K) Eden: 12288K(12288K)->0K(5632K) From: 92320K(96256K)->85664K(109056K)
[9.230s][info][gc,heap        ] GC(138) ParOldGen: 1422231K(1492480K)->1441415K(1492480K)
[9.230s][info][gc,metaspace   ] GC(138) Metaspace: 6302K(6464K)->6302K(6464K) NonClass: 5768K(5824K)->5768K(5824K) Class: 533K(640K)->533K(640K)
[9.230s][info][gc             ] GC(138) Pause Young (Allocation Failure) 1491M->1491M(1569M) 49.108ms
[9.230s][info][gc,cpu         ] GC(138) User=0.38s Sys=0.00s Real=0.05s
[9.235s][info][gc,start       ] GC(139) Pause Young (Allocation Failure)
[9.278s][info][gc,heap        ] GC(139) PSYoungGen: 91296K(114688K)->72352K(122880K) Eden: 5632K(5632K)->0K(5632K) From: 85664K(109056K)->72352K(117248K)
[9.278s][info][gc,heap        ] GC(139) ParOldGen: 1441415K(1492480K)->1460599K(1492480K)
[9.278s][info][gc,metaspace   ] GC(139) Metaspace: 6302K(6464K)->6302K(6464K) NonClass: 5768K(5824K)->5768K(5824K) Class: 533K(640K)->533K(640K)
[9.278s][info][gc             ] GC(139) Pause Young (Allocation Failure) 1496M->1497M(1577M) 42.624ms
[9.278s][info][gc,cpu         ] GC(139) User=0.23s Sys=0.02s Real=0.04s
[9.278s][info][gc,start       ] GC(140) Pause Full (Ergonomics)
[9.278s][info][gc,phases,start] GC(140) Marking Phase
[9.616s][info][gc,phases      ] GC(140) Marking Phase 337.817ms
[9.616s][info][gc,phases,start] GC(140) Summary Phase
[9.616s][info][gc,phases      ] GC(140) Summary Phase 0.036ms
[9.616s][info][gc,phases,start] GC(140) Adjust Roots
[9.616s][info][gc,phases      ] GC(140) Adjust Roots 0.161ms
[9.616s][info][gc,phases,start] GC(140) Compaction Phase
[9.853s][info][gc,phases      ] GC(140) Compaction Phase 236.887ms
[9.853s][info][gc,phases,start] GC(140) Post Compact
[9.856s][info][gc,phases      ] GC(140) Post Compact 3.116ms
[9.857s][info][gc,heap        ] GC(140) PSYoungGen: 72352K(122880K)->7160K(122880K) Eden: 0K(5632K)->0K(5632K) From: 72352K(117248K)->7160K(117248K)
[9.857s][info][gc,heap        ] GC(140) ParOldGen: 1460599K(1492480K)->1492121K(1636864K)
[9.857s][info][gc,metaspace   ] GC(140) Metaspace: 6302K(6464K)->6302K(6464K) NonClass: 5768K(5824K)->5768K(5824K) Class: 533K(640K)->533K(640K)
[9.857s][info][gc             ] GC(140) Pause Full (Ergonomics) 1497M->1464M(1718M) 578.848ms
[9.857s][info][gc,cpu         ] GC(140) User=3.97s Sys=0.02s Real=0.58s
[9.864s][info][gc,start       ] GC(141) Pause Young (Allocation Failure)
[9.936s][info][gc,heap        ] GC(141) PSYoungGen: 12792K(122880K)->6112K(123904K) Eden: 5632K(5632K)->0K(5632K) From: 7160K(117248K)->6112K(118272K)
[9.936s][info][gc,heap        ] GC(141) ParOldGen: 1492121K(1636864K)->1499049K(1636864K)
[9.936s][info][gc,metaspace   ] GC(141) Metaspace: 6302K(6464K)->6302K(6464K) NonClass: 5768K(5824K)->5768K(5824K) Class: 533K(640K)->533K(640K)
[9.936s][info][gc             ] GC(141) Pause Young (Allocation Failure) 1469M->1469M(1719M) 72.654ms
[9.936s][info][gc,cpu         ] GC(141) User=0.39s Sys=0.00s Real=0.07s
[9.941s][info][gc,start       ] GC(142) Pause Young (Allocation Failure)
[9.960s][info][gc,heap        ] GC(142) PSYoungGen: 11744K(123904K)->11712K(125440K) Eden: 5632K(5632K)->0K(5632K) From: 6112K(118272K)->11712K(119808K)
[9.960s][info][gc,heap        ] GC(142) ParOldGen: 1499049K(1636864K)->1499049K(1636864K)
[9.960s][info][gc,metaspace   ] GC(142) Metaspace: 6302K(6464K)->6302K(6464K) NonClass: 5768K(5824K)->5768K(5824K) Class: 533K(640K)->533K(640K)
[9.960s][info][gc             ] GC(142) Pause Young (Allocation Failure) 1475M->1475M(1721M) 18.988ms
[9.960s][info][gc,cpu         ] GC(142) User=0.03s Sys=0.00s Real=0.02s
[9.966s][info][gc,start       ] GC(143) Pause Young (Allocation Failure)
[9.986s][info][gc,heap        ] GC(143) PSYoungGen: 17344K(125440K)->16960K(120832K) Eden: 5632K(5632K)->0K(6656K) From: 11712K(119808K)->16960K(114176K)
[9.986s][info][gc,heap        ] GC(143) ParOldGen: 1499049K(1636864K)->1499441K(1636864K)
[9.986s][info][gc,metaspace   ] GC(143) Metaspace: 6302K(6464K)->6302K(6464K) NonClass: 5768K(5824K)->5768K(5824K) Class: 533K(640K)->533K(640K)
[9.986s][info][gc             ] GC(143) Pause Young (Allocation Failure) 1480M->1480M(1716M) 19.989ms
[9.986s][info][gc,cpu         ] GC(143) User=0.06s Sys=0.00s Real=0.02s
[9.993s][info][gc,start       ] GC(144) Pause Young (Allocation Failure)
[10.014s][info][gc,heap        ] GC(144) PSYoungGen: 23616K(120832K)->12352K(19456K) Eden: 6656K(6656K)->0K(6656K) From: 16960K(114176K)->12352K(12800K)
[10.014s][info][gc,heap        ] GC(144) ParOldGen: 1499441K(1636864K)->1510833K(1636864K)
[10.014s][info][gc,metaspace   ] GC(144) Metaspace: 6302K(6464K)->6302K(6464K) NonClass: 5768K(5824K)->5768K(5824K) Class: 533K(640K)->533K(640K)
[10.015s][info][gc             ] GC(144) Pause Young (Allocation Failure) 1487M->1487M(1617M) 21.934ms
[10.015s][info][gc,cpu         ] GC(144) User=0.05s Sys=0.00s Real=0.02s
[10.021s][info][gc,start       ] GC(145) Pause Young (Allocation Failure)
[10.043s][info][gc,heap        ] GC(145) PSYoungGen: 19008K(19456K)->6752K(118272K) Eden: 6656K(6656K)->0K(8192K) From: 12352K(12800K)->6752K(110080K)
[10.043s][info][gc,heap        ] GC(145) ParOldGen: 1510833K(1636864K)->1523241K(1636864K)
[10.043s][info][gc,metaspace   ] GC(145) Metaspace: 6302K(6464K)->6302K(6464K) NonClass: 5768K(5824K)->5768K(5824K) Class: 533K(640K)->533K(640K)
[10.043s][info][gc             ] GC(145) Pause Young (Allocation Failure) 1493M->1494M(1714M) 22.357ms
[10.043s][info][gc,cpu         ] GC(145) User=0.02s Sys=0.00s Real=0.02s
[10.051s][info][gc,start       ] GC(146) Pause Young (Allocation Failure)
[10.071s][info][gc,heap        ] GC(146) PSYoungGen: 14944K(118272K)->8320K(16896K) Eden: 8192K(8192K)->0K(8192K) From: 6752K(110080K)->8320K(8704K)
[10.071s][info][gc,heap        ] GC(146) ParOldGen: 1523241K(1636864K)->1529977K(1636864K)
[10.071s][info][gc,metaspace   ] GC(146) Metaspace: 6302K(6464K)->6302K(6464K) NonClass: 5768K(5824K)->5768K(5824K) Class: 533K(640K)->533K(640K)
[10.071s][info][gc             ] GC(146) Pause Young (Allocation Failure) 1502M->1502M(1615M) 20.145ms
[10.071s][info][gc,cpu         ] GC(146) User=0.02s Sys=0.00s Real=0.02s
[10.080s][info][gc,start       ] GC(147) Pause Young (Allocation Failure)
[10.101s][info][gc,heap        ] GC(147) PSYoungGen: 16512K(16896K)->8288K(112128K) Eden: 8192K(8192K)->0K(9728K) From: 8320K(8704K)->8288K(102400K)
[10.101s][info][gc,heap        ] GC(147) ParOldGen: 1529977K(1636864K)->1538273K(1636864K)
[10.101s][info][gc,metaspace   ] GC(147) Metaspace: 6302K(6464K)->6302K(6464K) NonClass: 5768K(5824K)->5768K(5824K) Class: 533K(640K)->533K(640K)
[10.101s][info][gc             ] GC(147) Pause Young (Allocation Failure) 1510M->1510M(1708M) 21.181ms
[10.101s][info][gc,cpu         ] GC(147) User=0.02s Sys=0.00s Real=0.02s
[10.111s][info][gc,start       ] GC(148) Pause Young (Allocation Failure)
[10.136s][info][gc,heap        ] GC(148) PSYoungGen: 18016K(112128K)->9888K(19968K) Eden: 9728K(9728K)->0K(9728K) From: 8288K(102400K)->9888K(10240K)
[10.136s][info][gc,heap        ] GC(148) ParOldGen: 1538273K(1636864K)->1546577K(1636864K)
[10.136s][info][gc,metaspace   ] GC(148) Metaspace: 6302K(6464K)->6302K(6464K) NonClass: 5768K(5824K)->5768K(5824K) Class: 533K(640K)->533K(640K)
[10.136s][info][gc             ] GC(148) Pause Young (Allocation Failure) 1519M->1519M(1618M) 25.263ms
[10.136s][info][gc,cpu         ] GC(148) User=0.02s Sys=0.00s Real=0.02s
[10.146s][info][gc,start       ] GC(149) Pause Young (Allocation Failure)
[10.167s][info][gc,heap        ] GC(149) PSYoungGen: 19616K(19968K)->9824K(104960K) Eden: 9728K(9728K)->0K(11264K) From: 9888K(10240K)->9824K(93696K)
[10.167s][info][gc,heap        ] GC(149) ParOldGen: 1546577K(1636864K)->1556441K(1636864K)
[10.167s][info][gc,metaspace   ] GC(149) Metaspace: 6302K(6464K)->6302K(6464K) NonClass: 5768K(5824K)->5768K(5824K) Class: 533K(640K)->533K(640K)
[10.167s][info][gc             ] GC(149) Pause Young (Allocation Failure) 1529M->1529M(1701M) 20.805ms
[10.167s][info][gc,cpu         ] GC(149) User=0.03s Sys=0.00s Real=0.02s
[10.179s][info][gc,start       ] GC(150) Pause Young (Allocation Failure)
[10.202s][info][gc,heap        ] GC(150) PSYoungGen: 21088K(104960K)->11360K(23040K) Eden: 11264K(11264K)->0K(11264K) From: 9824K(93696K)->11360K(11776K)
[10.202s][info][gc,heap        ] GC(150) ParOldGen: 1556441K(1636864K)->1566305K(1636864K)
[10.202s][info][gc,metaspace   ] GC(150) Metaspace: 6302K(6464K)->6302K(6464K) NonClass: 5768K(5824K)->5768K(5824K) Class: 533K(640K)->533K(640K)
[10.202s][info][gc             ] GC(150) Pause Young (Allocation Failure) 1540M->1540M(1621M) 23.792ms
[10.202s][info][gc,cpu         ] GC(150) User=0.02s Sys=0.00s Real=0.02s
[10.214s][info][gc,start       ] GC(151) Pause Young (Allocation Failure)
[10.236s][info][gc,heap        ] GC(151) PSYoungGen: 22624K(23040K)->11360K(97792K) Eden: 11264K(11264K)->0K(13312K) From: 11360K(11776K)->11360K(84480K)
[10.236s][info][gc,heap        ] GC(151) ParOldGen: 1566305K(1636864K)->1577713K(1636864K)
[10.236s][info][gc,metaspace   ] GC(151) Metaspace: 6302K(6464K)->6302K(6464K) NonClass: 5768K(5824K)->5768K(5824K) Class: 533K(640K)->533K(640K)
[10.236s][info][gc             ] GC(151) Pause Young (Allocation Failure) 1551M->1551M(1694M) 21.870ms
[10.236s][info][gc,cpu         ] GC(151) User=0.03s Sys=0.00s Real=0.02s
[10.249s][info][gc,start       ] GC(152) Pause Young (Allocation Failure)
[10.275s][info][gc,heap        ] GC(152) PSYoungGen: 24672K(97792K)->13472K(27136K) Eden: 13312K(13312K)->0K(13312K) From: 11360K(84480K)->13472K(13824K)
[10.275s][info][gc,heap        ] GC(152) ParOldGen: 1577713K(1636864K)->1589121K(1636864K)
[10.275s][info][gc,metaspace   ] GC(152) Metaspace: 6302K(6464K)->6302K(6464K) NonClass: 5768K(5824K)->5768K(5824K) Class: 533K(640K)->533K(640K)
[10.275s][info][gc             ] GC(152) Pause Young (Allocation Failure) 1564M->1565M(1625M) 25.629ms
[10.275s][info][gc,cpu         ] GC(152) User=0.03s Sys=0.00s Real=0.03s
[10.288s][info][gc,start       ] GC(153) Pause Young (Allocation Failure)
[10.314s][info][gc,heap        ] GC(153) PSYoungGen: 26784K(27136K)->13440K(90112K) Eden: 13312K(13312K)->0K(15360K) From: 13472K(13824K)->13440K(74752K)
[10.314s][info][gc,heap        ] GC(153) ParOldGen: 1589121K(1636864K)->1602617K(1636864K)
[10.314s][info][gc,metaspace   ] GC(153) Metaspace: 6302K(6464K)->6302K(6464K) NonClass: 5768K(5824K)->5768K(5824K) Class: 533K(640K)->533K(640K)
[10.314s][info][gc             ] GC(153) Pause Young (Allocation Failure) 1578M->1578M(1686M) 25.705ms
[10.314s][info][gc,cpu         ] GC(153) User=0.05s Sys=0.00s Real=0.02s
[10.328s][info][gc,start       ] GC(154) Pause Young (Allocation Failure)
[10.353s][info][gc,heap        ] GC(154) PSYoungGen: 28800K(90112K)->15456K(31232K) Eden: 15360K(15360K)->0K(15360K) From: 13440K(74752K)->15456K(15872K)
[10.353s][info][gc,heap        ] GC(154) ParOldGen: 1602617K(1636864K)->1616113K(1636864K)
[10.353s][info][gc,metaspace   ] GC(154) Metaspace: 6302K(6464K)->6302K(6464K) NonClass: 5768K(5824K)->5768K(5824K) Class: 533K(640K)->533K(640K)
[10.353s][info][gc             ] GC(154) Pause Young (Allocation Failure) 1593M->1593M(1629M) 24.594ms
[10.353s][info][gc,cpu         ] GC(154) User=0.02s Sys=0.00s Real=0.02s
[10.353s][info][gc,start       ] GC(155) Pause Full (Ergonomics)
[10.353s][info][gc,phases,start] GC(155) Marking Phase
[10.708s][info][gc,phases      ] GC(155) Marking Phase 354.769ms
[10.708s][info][gc,phases,start] GC(155) Summary Phase
[10.708s][info][gc,phases      ] GC(155) Summary Phase 0.048ms
[10.708s][info][gc,phases,start] GC(155) Adjust Roots
[10.708s][info][gc,phases      ] GC(155) Adjust Roots 0.216ms
[10.708s][info][gc,phases,start] GC(155) Compaction Phase
[10.869s][info][gc,phases      ] GC(155) Compaction Phase 160.442ms
[10.869s][info][gc,phases,start] GC(155) Post Compact
[10.872s][info][gc,phases      ] GC(155) Post Compact 3.070ms
[10.873s][info][gc,heap        ] GC(155) PSYoungGen: 15456K(31232K)->0K(92672K) Eden: 0K(15360K)->0K(17408K) From: 15456K(15872K)->0K(75264K)
[10.873s][info][gc,heap        ] GC(155) ParOldGen: 1616113K(1636864K)->1629397K(1772544K)
[10.873s][info][gc,metaspace   ] GC(155) Metaspace: 6302K(6464K)->6302K(6464K) NonClass: 5768K(5824K)->5768K(5824K) Class: 533K(640K)->533K(640K)
[10.873s][info][gc             ] GC(155) Pause Full (Ergonomics) 1593M->1591M(1821M) 519.507ms
[10.873s][info][gc,cpu         ] GC(155) User=3.58s Sys=0.05s Real=0.52s
[10.892s][info][gc,start       ] GC(156) Pause Young (Allocation Failure)
[10.912s][info][gc,heap        ] GC(156) PSYoungGen: 17408K(92672K)->17536K(35328K) Eden: 17408K(17408K)->0K(17408K) From: 0K(75264K)->17536K(17920K)
[10.912s][info][gc,heap        ] GC(156) ParOldGen: 1629397K(1772544K)->1629397K(1772544K)
[10.912s][info][gc,metaspace   ] GC(156) Metaspace: 6302K(6464K)->6302K(6464K) NonClass: 5768K(5824K)->5768K(5824K) Class: 533K(640K)->533K(640K)
[10.912s][info][gc             ] GC(156) Pause Young (Allocation Failure) 1608M->1608M(1765M) 20.264ms
[10.912s][info][gc,cpu         ] GC(156) User=0.02s Sys=0.00s Real=0.02s
[10.929s][info][gc,start       ] GC(157) Pause Young (Allocation Failure)
[10.954s][info][gc,heap        ] GC(157) PSYoungGen: 34944K(35328K)->17536K(80896K) Eden: 17408K(17408K)->0K(19456K) From: 17536K(17920K)->17536K(61440K)
[10.954s][info][gc,heap        ] GC(157) ParOldGen: 1629397K(1772544K)->1647045K(1772544K)
[10.954s][info][gc,metaspace   ] GC(157) Metaspace: 6302K(6464K)->6302K(6464K) NonClass: 5768K(5824K)->5768K(5824K) Class: 533K(640K)->533K(640K)
[10.954s][info][gc             ] GC(157) Pause Young (Allocation Failure) 1625M->1625M(1810M) 24.803ms
[10.954s][info][gc,cpu         ] GC(157) User=0.06s Sys=0.00s Real=0.03s
[10.973s][info][gc,start       ] GC(158) Pause Young (Allocation Failure)
[11.001s][info][gc,heap        ] GC(158) PSYoungGen: 36992K(80896K)->19584K(39424K) Eden: 19456K(19456K)->0K(19456K) From: 17536K(61440K)->19584K(19968K)
[11.001s][info][gc,heap        ] GC(158) ParOldGen: 1647045K(1772544K)->1664701K(1772544K)
[11.001s][info][gc,metaspace   ] GC(158) Metaspace: 6302K(6464K)->6302K(6464K) NonClass: 5768K(5824K)->5768K(5824K) Class: 533K(640K)->533K(640K)
[11.001s][info][gc             ] GC(158) Pause Young (Allocation Failure) 1644M->1644M(1769M) 27.795ms
[11.001s][info][gc,cpu         ] GC(158) User=0.06s Sys=0.00s Real=0.03s
[11.021s][info][gc,start       ] GC(159) Pause Young (Allocation Failure)
[11.049s][info][gc,heap        ] GC(159) PSYoungGen: 39040K(39424K)->19552K(76288K) Eden: 19456K(19456K)->0K(22016K) From: 19584K(19968K)->19552K(54272K)
[11.049s][info][gc,heap        ] GC(159) ParOldGen: 1664701K(1772544K)->1684421K(1772544K)
[11.049s][info][gc,metaspace   ] GC(159) Metaspace: 6302K(6464K)->6302K(6464K) NonClass: 5768K(5824K)->5768K(5824K) Class: 533K(640K)->533K(640K)
[11.049s][info][gc             ] GC(159) Pause Young (Allocation Failure) 1663M->1664M(1805M) 28.255ms
[11.049s][info][gc,cpu         ] GC(159) User=0.05s Sys=0.00s Real=0.03s
[11.072s][info][gc,start       ] GC(160) Pause Young (Allocation Failure)
[11.101s][info][gc,heap        ] GC(160) PSYoungGen: 41568K(76288K)->22144K(44544K) Eden: 22016K(22016K)->0K(22016K) From: 19552K(54272K)->22144K(22528K)
[11.101s][info][gc,heap        ] GC(160) ParOldGen: 1684421K(1772544K)->1704133K(1772544K)
[11.101s][info][gc,metaspace   ] GC(160) Metaspace: 6302K(6464K)->6302K(6464K) NonClass: 5768K(5824K)->5768K(5824K) Class: 533K(640K)->533K(640K)
[11.101s][info][gc             ] GC(160) Pause Young (Allocation Failure) 1685M->1685M(1774M) 28.454ms
[11.101s][info][gc,cpu         ] GC(160) User=0.05s Sys=0.00s Real=0.03s
[11.125s][info][gc,start       ] GC(161) Pause Young (Allocation Failure)
[11.155s][info][gc,heap        ] GC(161) PSYoungGen: 44160K(44544K)->22176K(73216K) Eden: 22016K(22016K)->0K(24576K) From: 22144K(22528K)->22176K(48640K)
[11.155s][info][gc,heap        ] GC(161) ParOldGen: 1704133K(1772544K)->1726445K(1772544K)
[11.155s][info][gc,metaspace   ] GC(161) Metaspace: 6302K(6464K)->6302K(6464K) NonClass: 5768K(5824K)->5768K(5824K) Class: 533K(640K)->533K(640K)
[11.155s][info][gc             ] GC(161) Pause Young (Allocation Failure) 1707M->1707M(1802M) 29.829ms
[11.155s][info][gc,cpu         ] GC(161) User=0.03s Sys=0.00s Real=0.03s
[11.181s][info][gc,start       ] GC(162) Pause Young (Allocation Failure)
[11.215s][info][gc,heap        ] GC(162) PSYoungGen: 46752K(73216K)->24704K(76288K) Eden: 24576K(24576K)->0K(24576K) From: 22176K(48640K)->24704K(51712K)
[11.215s][info][gc,heap        ] GC(162) ParOldGen: 1726445K(1772544K)->1748789K(1772544K)
[11.215s][info][gc,metaspace   ] GC(162) Metaspace: 6302K(6464K)->6302K(6464K) NonClass: 5768K(5824K)->5768K(5824K) Class: 533K(640K)->533K(640K)
[11.215s][info][gc             ] GC(162) Pause Young (Allocation Failure) 1731M->1731M(1805M) 33.150ms
[11.215s][info][gc,cpu         ] GC(162) User=0.03s Sys=0.02s Real=0.03s
[11.215s][info][gc,start       ] GC(163) Pause Full (Ergonomics)
[11.215s][info][gc,phases,start] GC(163) Marking Phase
[11.583s][info][gc,phases      ] GC(163) Marking Phase 368.696ms
[11.583s][info][gc,phases,start] GC(163) Summary Phase
[11.584s][info][gc,phases      ] GC(163) Summary Phase 0.043ms
[11.584s][info][gc,phases,start] GC(163) Adjust Roots
[11.584s][info][gc,phases      ] GC(163) Adjust Roots 0.180ms
[11.584s][info][gc,phases,start] GC(163) Compaction Phase
[11.742s][info][gc,phases      ] GC(163) Compaction Phase 158.357ms
[11.742s][info][gc,phases,start] GC(163) Post Compact
[11.746s][info][gc,phases      ] GC(163) Post Compact 3.334ms
[11.746s][info][gc,heap        ] GC(163) PSYoungGen: 24704K(76288K)->0K(77824K) Eden: 0K(24576K)->0K(27648K) From: 24704K(51712K)->0K(50176K)
[11.746s][info][gc,heap        ] GC(163) ParOldGen: 1748789K(1772544K)->1771505K(1937920K)
[11.746s][info][gc,metaspace   ] GC(163) Metaspace: 6302K(6464K)->6302K(6464K) NonClass: 5768K(5824K)->5768K(5824K) Class: 533K(640K)->533K(640K)
[11.746s][info][gc             ] GC(163) Pause Full (Ergonomics) 1731M->1729M(1968M) 531.619ms
[11.746s][info][gc,cpu         ] GC(163) User=3.89s Sys=0.02s Real=0.53s
[11.779s][info][gc,start       ] GC(164) Pause Young (Allocation Failure)
[11.803s][info][gc,heap        ] GC(164) PSYoungGen: 27648K(77824K)->27776K(77824K) Eden: 27648K(27648K)->0K(27648K) From: 0K(50176K)->27776K(50176K)
[11.803s][info][gc,heap        ] GC(164) ParOldGen: 1771505K(1937920K)->1771505K(1937920K)
[11.803s][info][gc,metaspace   ] GC(164) Metaspace: 6302K(6464K)->6302K(6464K) NonClass: 5768K(5824K)->5768K(5824K) Class: 533K(640K)->533K(640K)
[11.803s][info][gc             ] GC(164) Pause Young (Allocation Failure) 1756M->1757M(1968M) 24.095ms
[11.803s][info][gc,cpu         ] GC(164) User=0.02s Sys=0.00s Real=0.02s
[11.834s][info][gc,start       ] GC(165) Pause Young (Allocation Failure)
[11.867s][info][gc,heap        ] GC(165) PSYoungGen: 55424K(77824K)->49664K(70144K) Eden: 27648K(27648K)->0K(20480K) From: 27776K(50176K)->49664K(49664K)
[11.867s][info][gc,heap        ] GC(165) ParOldGen: 1771505K(1937920K)->1777281K(1937920K)
[11.867s][info][gc,metaspace   ] GC(165) Metaspace: 6302K(6464K)->6302K(6464K) NonClass: 5768K(5824K)->5768K(5824K) Class: 533K(640K)->533K(640K)
[11.867s][info][gc             ] GC(165) Pause Young (Allocation Failure) 1784M->1784M(1961M) 32.718ms
[11.867s][info][gc,cpu         ] GC(165) User=0.16s Sys=0.00s Real=0.03s
[11.886s][info][gc,start       ] GC(166) Pause Young (Allocation Failure)
[11.924s][info][gc,heap        ] GC(166) PSYoungGen: 70144K(70144K)->20608K(41472K) Eden: 20480K(20480K)->0K(20480K) From: 49664K(49664K)->20608K(20992K)
[11.924s][info][gc,heap        ] GC(166) ParOldGen: 1777281K(1937920K)->1827553K(1937920K)
[11.924s][info][gc,metaspace   ] GC(166) Metaspace: 6302K(6464K)->6302K(6464K) NonClass: 5768K(5824K)->5768K(5824K) Class: 533K(640K)->533K(640K)
[11.924s][info][gc             ] GC(166) Pause Young (Allocation Failure) 1804M->1804M(1933M) 37.388ms
[11.924s][info][gc,cpu         ] GC(166) User=0.23s Sys=0.03s Real=0.04s
[11.948s][info][gc,start       ] GC(167) Pause Young (Allocation Failure)
[11.977s][info][gc,heap        ] GC(167) PSYoungGen: 41088K(41472K)->41120K(76288K) Eden: 20480K(20480K)->0K(19456K) From: 20608K(20992K)->41120K(56832K)
[11.977s][info][gc,heap        ] GC(167) ParOldGen: 1827553K(1937920K)->1827553K(1937920K)
[11.977s][info][gc,metaspace   ] GC(167) Metaspace: 6302K(6464K)->6302K(6464K) NonClass: 5768K(5824K)->5768K(5824K) Class: 533K(640K)->533K(640K)
[11.977s][info][gc             ] GC(167) Pause Young (Allocation Failure) 1824M->1824M(1967M) 28.981ms
[11.977s][info][gc,cpu         ] GC(167) User=0.03s Sys=0.00s Real=0.03s
[12.000s][info][gc,start       ] GC(168) Pause Young (Allocation Failure)
[12.033s][info][gc,heap        ] GC(168) PSYoungGen: 60576K(76288K)->40064K(79360K) Eden: 19456K(19456K)->0K(19456K) From: 41120K(56832K)->40064K(59904K)
[12.033s][info][gc,heap        ] GC(168) ParOldGen: 1827553K(1937920K)->1848321K(1937920K)
[12.033s][info][gc,metaspace   ] GC(168) Metaspace: 6302K(6464K)->6302K(6464K) NonClass: 5768K(5824K)->5768K(5824K) Class: 533K(640K)->533K(640K)
[12.033s][info][gc             ] GC(168) Pause Young (Allocation Failure) 1843M->1844M(1970M) 33.397ms
[12.033s][info][gc,cpu         ] GC(168) User=0.16s Sys=0.00s Real=0.03s
[12.058s][info][gc,start       ] GC(169) Pause Young (Allocation Failure)
[12.095s][info][gc,heap        ] GC(169) PSYoungGen: 59520K(79360K)->39008K(82432K) Eden: 19456K(19456K)->0K(20992K) From: 40064K(59904K)->39008K(61440K)
[12.095s][info][gc,heap        ] GC(169) ParOldGen: 1848321K(1937920K)->1869105K(1937920K)
[12.095s][info][gc,metaspace   ] GC(169) Metaspace: 6302K(6464K)->6302K(6464K) NonClass: 5768K(5824K)->5768K(5824K) Class: 533K(640K)->533K(640K)
[12.095s][info][gc             ] GC(169) Pause Young (Allocation Failure) 1863M->1863M(1973M) 36.955ms
[12.095s][info][gc,cpu         ] GC(169) User=0.17s Sys=0.00s Real=0.04s
[12.117s][info][gc,start       ] GC(170) Pause Young (Allocation Failure)
[12.153s][info][gc,heap        ] GC(170) PSYoungGen: 60000K(82432K)->40544K(83456K) Eden: 20992K(20992K)->0K(20992K) From: 39008K(61440K)->40544K(62464K)
[12.153s][info][gc,heap        ] GC(170) ParOldGen: 1869105K(1937920K)->1888849K(1937920K)
[12.153s][info][gc,metaspace   ] GC(170) Metaspace: 6302K(6464K)->6302K(6464K) NonClass: 5768K(5824K)->5768K(5824K) Class: 533K(640K)->533K(640K)
[12.153s][info][gc             ] GC(170) Pause Young (Allocation Failure) 1883M->1884M(1974M) 35.705ms
[12.153s][info][gc,cpu         ] GC(170) User=0.14s Sys=0.00s Real=0.04s
[12.177s][info][gc,start       ] GC(171) Pause Young (Allocation Failure)
[12.211s][info][gc,heap        ] GC(171) PSYoungGen: 61536K(83456K)->42144K(86528K) Eden: 20992K(20992K)->0K(23040K) From: 40544K(62464K)->42144K(63488K)
[12.211s][info][gc,heap        ] GC(171) ParOldGen: 1888849K(1937920K)->1908593K(1937920K)
[12.211s][info][gc,metaspace   ] GC(171) Metaspace: 6302K(6464K)->6302K(6464K) NonClass: 5768K(5824K)->5768K(5824K) Class: 533K(640K)->533K(640K)
[12.211s][info][gc             ] GC(171) Pause Young (Allocation Failure) 1904M->1905M(1977M) 34.889ms
[12.212s][info][gc,cpu         ] GC(171) User=0.14s Sys=0.00s Real=0.04s
[12.212s][info][gc,start       ] GC(172) Pause Full (Ergonomics)
[12.212s][info][gc,phases,start] GC(172) Marking Phase
[12.654s][info][gc,phases      ] GC(172) Marking Phase 441.930ms
[12.654s][info][gc,phases,start] GC(172) Summary Phase
[12.654s][info][gc,phases      ] GC(172) Summary Phase 0.038ms
[12.654s][info][gc,phases,start] GC(172) Adjust Roots
[12.654s][info][gc,phases      ] GC(172) Adjust Roots 0.163ms
[12.654s][info][gc,phases,start] GC(172) Compaction Phase
[12.844s][info][gc,phases      ] GC(172) Compaction Phase 190.536ms
[12.844s][info][gc,phases,start] GC(172) Post Compact
[12.848s][info][gc,phases      ] GC(172) Post Compact 3.728ms
[12.849s][info][gc,heap        ] GC(172) PSYoungGen: 42144K(86528K)->10750K(86528K) Eden: 0K(23040K)->0K(23040K) From: 42144K(63488K)->10750K(63488K)
[12.849s][info][gc,heap        ] GC(172) ParOldGen: 1908593K(1937920K)->1937651K(2125824K)
[12.849s][info][gc,metaspace   ] GC(172) Metaspace: 6302K(6464K)->6302K(6464K) NonClass: 5768K(5824K)->5768K(5824K) Class: 533K(640K)->533K(640K)
[12.849s][info][gc             ] GC(172) Pause Full (Ergonomics) 1905M->1902M(2160M) 637.418ms
[12.849s][info][gc,cpu         ] GC(172) User=4.50s Sys=0.02s Real=0.64s
[12.877s][info][gc,start       ] GC(173) Pause Young (Allocation Failure)
[12.976s][info][gc,heap        ] GC(173) PSYoungGen: 33790K(86528K)->28768K(52224K) Eden: 23040K(23040K)->0K(23040K) From: 10750K(63488K)->28768K(29184K)
[12.976s][info][gc,heap        ] GC(173) ParOldGen: 1937651K(2125824K)->1942907K(2125824K)
[12.976s][info][gc,metaspace   ] GC(173) Metaspace: 6302K(6464K)->6302K(6464K) NonClass: 5768K(5824K)->5768K(5824K) Class: 533K(640K)->533K(640K)
[12.976s][info][gc             ] GC(173) Pause Young (Allocation Failure) 1925M->1925M(2127M) 98.689ms
[12.976s][info][gc,cpu         ] GC(173) User=0.62s Sys=0.02s Real=0.10s
[13.004s][info][gc,start       ] GC(174) Pause Young (Allocation Failure)
[13.038s][info][gc,heap        ] GC(174) PSYoungGen: 51808K(52224K)->51808K(81920K) Eden: 23040K(23040K)->0K(20480K) From: 28768K(29184K)->51808K(61440K)
[13.038s][info][gc,heap        ] GC(174) ParOldGen: 1942907K(2125824K)->1942907K(2125824K)
[13.038s][info][gc,metaspace   ] GC(174) Metaspace: 6302K(6464K)->6302K(6464K) NonClass: 5768K(5824K)->5768K(5824K) Class: 533K(640K)->533K(640K)
[13.038s][info][gc             ] GC(174) Pause Young (Allocation Failure) 1947M->1947M(2156M) 33.848ms
[13.038s][info][gc,cpu         ] GC(174) User=0.06s Sys=0.00s Real=0.03s
[13.064s][info][gc,start       ] GC(175) Pause Young (Allocation Failure)
[13.105s][info][gc,heap        ] GC(175) PSYoungGen: 72288K(81920K)->66560K(87040K) Eden: 20480K(20480K)->0K(20480K) From: 51808K(61440K)->66560K(66560K)
[13.105s][info][gc,heap        ] GC(175) ParOldGen: 1942907K(2125824K)->1948659K(2125824K)
[13.105s][info][gc,metaspace   ] GC(175) Metaspace: 6302K(6464K)->6302K(6464K) NonClass: 5768K(5824K)->5768K(5824K) Class: 533K(640K)->533K(640K)
[13.105s][info][gc             ] GC(175) Pause Young (Allocation Failure) 1967M->1967M(2161M) 41.373ms
[13.105s][info][gc,cpu         ] GC(175) User=0.16s Sys=0.00s Real=0.04s
[13.132s][info][gc,start       ] GC(176) Pause Young (Allocation Failure)
[13.180s][info][gc,heap        ] GC(176) PSYoungGen: 87040K(87040K)->61536K(95232K) Eden: 20480K(20480K)->0K(17920K) From: 66560K(66560K)->61536K(77312K)
[13.180s][info][gc,heap        ] GC(176) ParOldGen: 1948659K(2125824K)->1974635K(2125824K)
[13.180s][info][gc,metaspace   ] GC(176) Metaspace: 6302K(6464K)->6302K(6464K) NonClass: 5768K(5824K)->5768K(5824K) Class: 533K(640K)->533K(640K)
[13.180s][info][gc             ] GC(176) Pause Young (Allocation Failure) 1987M->1988M(2169M) 47.294ms
[13.180s][info][gc,cpu         ] GC(176) User=0.22s Sys=0.05s Real=0.05s
[13.198s][info][gc,start       ] GC(177) Pause Young (Allocation Failure)
[13.241s][info][gc,heap        ] GC(177) PSYoungGen: 79456K(95232K)->58304K(100352K) Eden: 17920K(17920K)->0K(17920K) From: 61536K(77312K)->58304K(82432K)
[13.241s][info][gc,heap        ] GC(177) ParOldGen: 1974635K(2125824K)->1996043K(2125824K)
[13.241s][info][gc,metaspace   ] GC(177) Metaspace: 6302K(6464K)->6302K(6464K) NonClass: 5768K(5824K)->5768K(5824K) Class: 533K(640K)->533K(640K)
[13.241s][info][gc             ] GC(177) Pause Young (Allocation Failure) 2005M->2006M(2174M) 43.408ms
[13.241s][info][gc,cpu         ] GC(177) User=0.27s Sys=0.00s Real=0.04s
[13.260s][info][gc,start       ] GC(178) Pause Young (Allocation Failure)
[13.301s][info][gc,heap        ] GC(178) PSYoungGen: 76224K(100352K)->56512K(104960K) Eden: 17920K(17920K)->0K(19456K) From: 58304K(82432K)->56512K(85504K)
[13.302s][info][gc,heap        ] GC(178) ParOldGen: 1996043K(2125824K)->2016091K(2125824K)
[13.302s][info][gc,metaspace   ] GC(178) Metaspace: 6302K(6464K)->6302K(6464K) NonClass: 5768K(5824K)->5768K(5824K) Class: 533K(640K)->533K(640K)
[13.302s][info][gc             ] GC(178) Pause Young (Allocation Failure) 2023M->2024M(2178M) 41.272ms
[13.302s][info][gc,cpu         ] GC(178) User=0.25s Sys=0.02s Real=0.04s
[13.322s][info][gc,start       ] GC(179) Pause Young (Allocation Failure)
[13.363s][info][gc,heap        ] GC(179) PSYoungGen: 75968K(104960K)->55456K(105984K) Eden: 19456K(19456K)->0K(19456K) From: 56512K(85504K)->55456K(86528K)
[13.363s][info][gc,heap        ] GC(179) ParOldGen: 2016091K(2125824K)->2036859K(2125824K)
[13.363s][info][gc,metaspace   ] GC(179) Metaspace: 6302K(6464K)->6302K(6464K) NonClass: 5768K(5824K)->5768K(5824K) Class: 533K(640K)->533K(640K)
[13.363s][info][gc             ] GC(179) Pause Young (Allocation Failure) 2043M->2043M(2179M) 41.483ms
[13.363s][info][gc,cpu         ] GC(179) User=0.27s Sys=0.00s Real=0.04s
[13.384s][info][gc,start       ] GC(180) Pause Young (Allocation Failure)
[13.425s][info][gc,heap        ] GC(180) PSYoungGen: 74912K(105984K)->39040K(102912K) Eden: 19456K(19456K)->0K(22528K) From: 55456K(86528K)->39040K(80384K)
[13.425s][info][gc,heap        ] GC(180) ParOldGen: 2036859K(2125824K)->2073139K(2125824K)
[13.425s][info][gc,metaspace   ] GC(180) Metaspace: 6302K(6464K)->6302K(6464K) NonClass: 5768K(5824K)->5768K(5824K) Class: 533K(640K)->533K(640K)
[13.425s][info][gc             ] GC(180) Pause Young (Allocation Failure) 2062M->2062M(2176M) 41.009ms
[13.425s][info][gc,cpu         ] GC(180) User=0.25s Sys=0.02s Real=0.04s
[13.448s][info][gc,start       ] GC(181) Pause Young (Allocation Failure)
[13.484s][info][gc,heap        ] GC(181) PSYoungGen: 61568K(102912K)->22688K(105984K) Eden: 22528K(22528K)->0K(22528K) From: 39040K(80384K)->22688K(83456K)
[13.484s][info][gc,heap        ] GC(181) ParOldGen: 2073139K(2125824K)->2112547K(2125824K)
[13.484s][info][gc,metaspace   ] GC(181) Metaspace: 6302K(6464K)->6302K(6464K) NonClass: 5768K(5824K)->5768K(5824K) Class: 533K(640K)->533K(640K)
[13.484s][info][gc             ] GC(181) Pause Young (Allocation Failure) 2084M->2085M(2179M) 36.370ms
[13.484s][info][gc,cpu         ] GC(181) User=0.20s Sys=0.00s Real=0.04s
[13.485s][info][gc,start       ] GC(182) Pause Full (Ergonomics)
[13.485s][info][gc,phases,start] GC(182) Marking Phase
[13.948s][info][gc,phases      ] GC(182) Marking Phase 463.078ms
[13.948s][info][gc,phases,start] GC(182) Summary Phase
[13.948s][info][gc,phases      ] GC(182) Summary Phase 0.032ms
[13.948s][info][gc,phases,start] GC(182) Adjust Roots
[13.948s][info][gc,phases      ] GC(182) Adjust Roots 0.163ms
[13.948s][info][gc,phases,start] GC(182) Compaction Phase
[14.141s][info][gc,phases      ] GC(182) Compaction Phase 192.804ms
[14.141s][info][gc,phases,start] GC(182) Post Compact
[14.145s][info][gc,phases      ] GC(182) Post Compact 3.965ms
[14.146s][info][gc,heap        ] GC(182) PSYoungGen: 22688K(105984K)->6672K(105984K) Eden: 0K(22528K)->0K(22528K) From: 22688K(83456K)->6672K(83456K)
[14.146s][info][gc,heap        ] GC(182) ParOldGen: 2112547K(2125824K)->2125767K(2340864K)
[14.146s][info][gc,metaspace   ] GC(182) Metaspace: 6302K(6464K)->6302K(6464K) NonClass: 5768K(5824K)->5768K(5824K) Class: 533K(640K)->533K(640K)
[14.146s][info][gc             ] GC(182) Pause Full (Ergonomics) 2085M->2082M(2389M) 661.201ms
[14.146s][info][gc,cpu         ] GC(182) User=4.73s Sys=0.03s Real=0.66s
[14.171s][info][gc,start       ] GC(183) Pause Young (Allocation Failure)
[14.276s][info][gc,heap        ] GC(183) PSYoungGen: 29200K(105984K)->22688K(105472K) Eden: 22528K(22528K)->0K(25088K) From: 6672K(83456K)->22688K(80384K)
[14.276s][info][gc,heap        ] GC(183) ParOldGen: 2125767K(2340864K)->2132551K(2340864K)
[14.276s][info][gc,metaspace   ] GC(183) Metaspace: 6302K(6464K)->6302K(6464K) NonClass: 5768K(5824K)->5768K(5824K) Class: 533K(640K)->533K(640K)
[14.276s][info][gc             ] GC(183) Pause Young (Allocation Failure) 2104M->2104M(2389M) 105.084ms
[14.276s][info][gc,cpu         ] GC(183) User=0.62s Sys=0.02s Real=0.11s
[14.305s][info][gc,start       ] GC(184) Pause Young (Allocation Failure)
[14.338s][info][gc,heap        ] GC(184) PSYoungGen: 47776K(105472K)->25280K(107008K) Eden: 25088K(25088K)->0K(25088K) From: 22688K(80384K)->25280K(81920K)
[14.338s][info][gc,heap        ] GC(184) ParOldGen: 2132551K(2340864K)->2155383K(2340864K)
[14.338s][info][gc,metaspace   ] GC(184) Metaspace: 6302K(6464K)->6302K(6464K) NonClass: 5768K(5824K)->5768K(5824K) Class: 533K(640K)->533K(640K)
[14.338s][info][gc             ] GC(184) Pause Young (Allocation Failure) 2129M->2129M(2390M) 33.217ms
[14.338s][info][gc,cpu         ] GC(184) User=0.14s Sys=0.02s Real=0.03s
[14.369s][info][gc,start       ] GC(185) Pause Young (Allocation Failure)
[14.403s][info][gc,heap        ] GC(185) PSYoungGen: 50368K(107008K)->25216K(104448K) Eden: 25088K(25088K)->0K(28160K) From: 25280K(81920K)->25216K(76288K)
[14.403s][info][gc,heap        ] GC(185) ParOldGen: 2155383K(2340864K)->2180807K(2340864K)
[14.403s][info][gc,metaspace   ] GC(185) Metaspace: 6302K(6464K)->6302K(6464K) NonClass: 5768K(5824K)->5768K(5824K) Class: 533K(640K)->533K(640K)
[14.403s][info][gc             ] GC(185) Pause Young (Allocation Failure) 2154M->2154M(2388M) 34.441ms
[14.403s][info][gc,cpu         ] GC(185) User=0.16s Sys=0.00s Real=0.04s
[14.442s][info][gc,start       ] GC(186) Pause Young (Allocation Failure)
[14.478s][info][gc,heap        ] GC(186) PSYoungGen: 53376K(104448K)->28256K(106496K) Eden: 28160K(28160K)->0K(28160K) From: 25216K(76288K)->28256K(78336K)
[14.478s][info][gc,heap        ] GC(186) ParOldGen: 2180807K(2340864K)->2206247K(2340864K)
[14.478s][info][gc,metaspace   ] GC(186) Metaspace: 6302K(6464K)->6302K(6464K) NonClass: 5768K(5824K)->5768K(5824K) Class: 533K(640K)->533K(640K)
[14.478s][info][gc             ] GC(186) Pause Young (Allocation Failure) 2181M->2182M(2390M) 36.031ms
[14.478s][info][gc,cpu         ] GC(186) User=0.16s Sys=0.00s Real=0.04s
[14.512s][info][gc,start       ] GC(187) Pause Young (Allocation Failure)
[14.550s][info][gc,heap        ] GC(187) PSYoungGen: 56416K(106496K)->28320K(101888K) Eden: 28160K(28160K)->0K(31232K) From: 28256K(78336K)->28320K(70656K)
[14.550s][info][gc,heap        ] GC(187) ParOldGen: 2206247K(2340864K)->2234815K(2340864K)
[14.550s][info][gc,metaspace   ] GC(187) Metaspace: 6302K(6464K)->6302K(6464K) NonClass: 5768K(5824K)->5768K(5824K) Class: 533K(640K)->533K(640K)
[14.550s][info][gc             ] GC(187) Pause Young (Allocation Failure) 2209M->2210M(2385M) 37.931ms
[14.550s][info][gc,cpu         ] GC(187) User=0.12s Sys=0.03s Real=0.04s
[14.585s][info][gc,start       ] GC(188) Pause Young (Allocation Failure)
[14.625s][info][gc,heap        ] GC(188) PSYoungGen: 59552K(101888K)->31424K(104448K) Eden: 31232K(31232K)->0K(31232K) From: 28320K(70656K)->31424K(73216K)
[14.625s][info][gc,heap        ] GC(188) ParOldGen: 2234815K(2340864K)->2263335K(2340864K)
[14.625s][info][gc,metaspace   ] GC(188) Metaspace: 6302K(6464K)->6302K(6464K) NonClass: 5768K(5824K)->5768K(5824K) Class: 533K(640K)->533K(640K)
[14.625s][info][gc             ] GC(188) Pause Young (Allocation Failure) 2240M->2240M(2388M) 40.388ms
[14.625s][info][gc,cpu         ] GC(188) User=0.17s Sys=0.00s Real=0.04s
[14.662s][info][gc,start       ] GC(189) Pause Young (Allocation Failure)
[14.700s][info][gc,heap        ] GC(189) PSYoungGen: 62656K(104448K)->31392K(98816K) Eden: 31232K(31232K)->0K(34816K) From: 31424K(73216K)->31392K(64000K)
[14.700s][info][gc,heap        ] GC(189) ParOldGen: 2263335K(2340864K)->2294855K(2340864K)
[14.700s][info][gc,metaspace   ] GC(189) Metaspace: 6302K(6464K)->6302K(6464K) NonClass: 5768K(5824K)->5768K(5824K) Class: 533K(640K)->533K(640K)
[14.700s][info][gc             ] GC(189) Pause Young (Allocation Failure) 2271M->2271M(2382M) 37.696ms
[14.700s][info][gc,cpu         ] GC(189) User=0.20s Sys=0.03s Real=0.04s
[14.700s][info][gc,start       ] GC(190) Pause Full (Ergonomics)
[14.700s][info][gc,phases,start] GC(190) Marking Phase
[15.214s][info][gc,phases      ] GC(190) Marking Phase 514.624ms
[15.215s][info][gc,phases,start] GC(190) Summary Phase
[15.215s][info][gc,phases      ] GC(190) Summary Phase 0.051ms
[15.215s][info][gc,phases,start] GC(190) Adjust Roots
[15.215s][info][gc,phases      ] GC(190) Adjust Roots 0.170ms
[15.215s][info][gc,phases,start] GC(190) Compaction Phase
[15.420s][info][gc,phases      ] GC(190) Compaction Phase 204.789ms
[15.420s][info][gc,phases,start] GC(190) Post Compact
[15.424s][info][gc,phases      ] GC(190) Post Compact 4.449ms
[15.425s][info][gc,heap        ] GC(190) PSYoungGen: 31392K(98816K)->0K(101888K) Eden: 0K(34816K)->0K(34816K) From: 31392K(64000K)->0K(67072K)
[15.425s][info][gc,heap        ] GC(190) ParOldGen: 2294855K(2340864K)->2323703K(2555904K)
[15.425s][info][gc,metaspace   ] GC(190) Metaspace: 6302K(6464K)->6302K(6464K) NonClass: 5768K(5824K)->5768K(5824K) Class: 533K(640K)->533K(640K)
[15.425s][info][gc             ] GC(190) Pause Full (Ergonomics) 2271M->2269M(2595M) 725.416ms
[15.425s][info][gc,cpu         ] GC(190) User=5.50s Sys=0.00s Real=0.73s
[15.467s][info][gc,start       ] GC(191) Pause Young (Allocation Failure)
[15.495s][info][gc,heap        ] GC(191) PSYoungGen: 34816K(101888K)->35008K(97792K) Eden: 34816K(34816K)->0K(37888K) From: 0K(67072K)->35008K(59904K)
[15.495s][info][gc,heap        ] GC(191) ParOldGen: 2323703K(2555904K)->2323703K(2555904K)
[15.495s][info][gc,metaspace   ] GC(191) Metaspace: 6302K(6464K)->6302K(6464K) NonClass: 5768K(5824K)->5768K(5824K) Class: 533K(640K)->533K(640K)
[15.495s][info][gc             ] GC(191) Pause Young (Allocation Failure) 2303M->2303M(2591M) 28.790ms
[15.495s][info][gc,cpu         ] GC(191) User=0.02s Sys=0.00s Real=0.03s
[15.541s][info][gc,start       ] GC(192) Pause Young (Allocation Failure)
[15.581s][info][gc,heap        ] GC(192) PSYoungGen: 72896K(97792K)->64000K(101888K) Eden: 37888K(37888K)->0K(37888K) From: 35008K(59904K)->64000K(64000K)
[15.581s][info][gc,heap        ] GC(192) ParOldGen: 2323703K(2555904K)->2332575K(2555904K)
[15.581s][info][gc,metaspace   ] GC(192) Metaspace: 6302K(6464K)->6302K(6464K) NonClass: 5768K(5824K)->5768K(5824K) Class: 533K(640K)->533K(640K)
[15.581s][info][gc             ] GC(192) Pause Young (Allocation Failure) 2340M->2340M(2595M) 40.072ms
[15.581s][info][gc,cpu         ] GC(192) User=0.27s Sys=0.00s Real=0.04s
[15.630s][info][gc,start       ] GC(193) Pause Young (Allocation Failure)
[15.685s][info][gc,heap        ] GC(193) PSYoungGen: 101888K(101888K)->38048K(109568K) Eden: 37888K(37888K)->0K(41472K) From: 64000K(64000K)->38048K(68096K)
[15.685s][info][gc,heap        ] GC(193) ParOldGen: 2332575K(2555904K)->2397063K(2555904K)
[15.685s][info][gc,metaspace   ] GC(193) Metaspace: 6302K(6464K)->6302K(6464K) NonClass: 5768K(5824K)->5768K(5824K) Class: 533K(640K)->533K(640K)
[15.685s][info][gc             ] GC(193) Pause Young (Allocation Failure) 2377M->2378M(2603M) 54.322ms
[15.685s][info][gc,cpu         ] GC(193) User=0.30s Sys=0.08s Real=0.05s
[15.737s][info][gc,start       ] GC(194) Pause Young (Allocation Failure)
[15.780s][info][gc,heap        ] GC(194) PSYoungGen: 79520K(109568K)->71680K(113152K) Eden: 41472K(41472K)->0K(41472K) From: 38048K(68096K)->71680K(71680K)
[15.780s][info][gc,heap        ] GC(194) ParOldGen: 2397063K(2555904K)->2404935K(2555904K)
[15.780s][info][gc,metaspace   ] GC(194) Metaspace: 6302K(6464K)->6302K(6464K) NonClass: 5768K(5824K)->5768K(5824K) Class: 533K(640K)->533K(640K)
[15.780s][info][gc             ] GC(194) Pause Young (Allocation Failure) 2418M->2418M(2606M) 43.637ms
[15.780s][info][gc,cpu         ] GC(194) User=0.27s Sys=0.00s Real=0.04s
[15.832s][info][gc,start       ] GC(195) Pause Young (Allocation Failure)
[15.892s][info][gc,heap        ] GC(195) PSYoungGen: 113152K(113152K)->41632K(121856K) Eden: 41472K(41472K)->0K(45568K) From: 71680K(71680K)->41632K(76288K)
[15.892s][info][gc,heap        ] GC(195) ParOldGen: 2404935K(2555904K)->2477151K(2555904K)
[15.892s][info][gc,metaspace   ] GC(195) Metaspace: 6302K(6464K)->6302K(6464K) NonClass: 5768K(5824K)->5768K(5824K) Class: 533K(640K)->533K(640K)
[15.892s][info][gc             ] GC(195) Pause Young (Allocation Failure) 2459M->2459M(2615M) 59.661ms
[15.892s][info][gc,cpu         ] GC(195) User=0.31s Sys=0.08s Real=0.06s
[15.949s][info][gc,start       ] GC(196) Pause Young (Allocation Failure)
[15.996s][info][gc,heap        ] GC(196) PSYoungGen: 87200K(121856K)->79872K(125440K) Eden: 45568K(45568K)->0K(45568K) From: 41632K(76288K)->79872K(79872K)
[15.996s][info][gc,heap        ] GC(196) ParOldGen: 2477151K(2555904K)->2484527K(2555904K)
[15.996s][info][gc,metaspace   ] GC(196) Metaspace: 6302K(6464K)->6302K(6464K) NonClass: 5768K(5824K)->5768K(5824K) Class: 533K(640K)->533K(640K)
[15.996s][info][gc             ] GC(196) Pause Young (Allocation Failure) 2504M->2504M(2618M) 47.379ms
[15.996s][info][gc,cpu         ] GC(196) User=0.27s Sys=0.00s Real=0.05s
[15.996s][info][gc,start       ] GC(197) Pause Full (Ergonomics)
[15.996s][info][gc,phases,start] GC(197) Marking Phase
[16.566s][info][gc,phases      ] GC(197) Marking Phase 569.662ms
[16.566s][info][gc,phases,start] GC(197) Summary Phase
[16.566s][info][gc,phases      ] GC(197) Summary Phase 0.043ms
[16.566s][info][gc,phases,start] GC(197) Adjust Roots
[16.566s][info][gc,phases      ] GC(197) Adjust Roots 0.161ms
[16.566s][info][gc,phases,start] GC(197) Compaction Phase
[16.796s][info][gc,phases      ] GC(197) Compaction Phase 230.387ms
[16.796s][info][gc,phases,start] GC(197) Post Compact
[16.801s][info][gc,phases      ] GC(197) Post Compact 4.850ms
[16.802s][info][gc,heap        ] GC(197) PSYoungGen: 79872K(125440K)->7150K(125440K) Eden: 0K(45568K)->0K(45568K) From: 79872K(79872K)->7150K(79872K)
[16.802s][info][gc,heap        ] GC(197) ParOldGen: 2484527K(2555904K)->2555462K(2833408K)
[16.802s][info][gc,metaspace   ] GC(197) Metaspace: 6302K(6464K)->6302K(6464K) NonClass: 5768K(5824K)->5768K(5824K) Class: 533K(640K)->533K(640K)
[16.802s][info][gc             ] GC(197) Pause Full (Ergonomics) 2504M->2502M(2889M) 806.374ms
[16.802s][info][gc,cpu         ] GC(197) User=5.98s Sys=0.02s Real=0.81s
[16.862s][info][gc,start       ] GC(198) Pause Young (Allocation Failure)
[17.001s][info][gc,heap        ] GC(198) PSYoungGen: 52718K(125440K)->45792K(132608K) Eden: 45568K(45568K)->0K(49664K) From: 7150K(79872K)->45792K(82944K)
[17.001s][info][gc,heap        ] GC(198) ParOldGen: 2555462K(2833408K)->2562710K(2833408K)
[17.001s][info][gc,metaspace   ] GC(198) Metaspace: 6302K(6464K)->6302K(6464K) NonClass: 5768K(5824K)->5768K(5824K) Class: 533K(640K)->533K(640K)
[17.001s][info][gc             ] GC(198) Pause Young (Allocation Failure) 2547M->2547M(2896M) 138.812ms
[17.001s][info][gc,cpu         ] GC(198) User=0.83s Sys=0.03s Real=0.14s
[17.066s][info][gc,start       ] GC(199) Pause Young (Allocation Failure)
[17.120s][info][gc,heap        ] GC(199) PSYoungGen: 95456K(132608K)->88064K(137728K) Eden: 49664K(49664K)->0K(49664K) From: 45792K(82944K)->88064K(88064K)
[17.120s][info][gc,heap        ] GC(199) ParOldGen: 2562710K(2833408K)->2570094K(2833408K)
[17.120s][info][gc,metaspace   ] GC(199) Metaspace: 6302K(6464K)->6302K(6464K) NonClass: 5768K(5824K)->5768K(5824K) Class: 533K(640K)->533K(640K)
[17.120s][info][gc             ] GC(199) Pause Young (Allocation Failure) 2595M->2595M(2901M) 54.119ms
[17.120s][info][gc,cpu         ] GC(199) User=0.33s Sys=0.00s Real=0.05s
[17.183s][info][gc,start       ] GC(200) Pause Young (Allocation Failure)
[17.263s][info][gc,heap        ] GC(200) PSYoungGen: 137728K(137728K)->49856K(146944K) Eden: 49664K(49664K)->0K(54272K) From: 88064K(88064K)->49856K(92672K)
[17.263s][info][gc,heap        ] GC(200) ParOldGen: 2570094K(2833408K)->2658822K(2833408K)
[17.263s][info][gc,metaspace   ] GC(200) Metaspace: 6302K(6464K)->6302K(6464K) NonClass: 5768K(5824K)->5768K(5824K) Class: 533K(640K)->533K(640K)
[17.263s][info][gc             ] GC(200) Pause Young (Allocation Failure) 2644M->2645M(2910M) 79.670ms
[17.263s][info][gc,cpu         ] GC(200) User=0.47s Sys=0.05s Real=0.08s
[17.328s][info][gc,start       ] GC(201) Pause Young (Allocation Failure)
[17.387s][info][gc,heap        ] GC(201) PSYoungGen: 104128K(146944K)->97280K(151552K) Eden: 54272K(54272K)->0K(54272K) From: 49856K(92672K)->97280K(97280K)
[17.387s][info][gc,heap        ] GC(201) ParOldGen: 2658822K(2833408K)->2665710K(2833408K)
[17.387s][info][gc,metaspace   ] GC(201) Metaspace: 6302K(6464K)->6302K(6464K) NonClass: 5768K(5824K)->5768K(5824K) Class: 533K(640K)->533K(640K)
[17.387s][info][gc             ] GC(201) Pause Young (Allocation Failure) 2698M->2698M(2915M) 58.470ms
[17.387s][info][gc,cpu         ] GC(201) User=0.38s Sys=0.00s Real=0.06s
[17.453s][info][gc,start       ] GC(202) Pause Young (Allocation Failure)
[17.543s][info][gc,heap        ] GC(202) PSYoungGen: 151552K(151552K)->54496K(162304K) Eden: 54272K(54272K)->0K(59904K) From: 97280K(97280K)->54496K(102400K)
[17.543s][info][gc,heap        ] GC(202) ParOldGen: 2665710K(2833408K)->2763694K(2833408K)
[17.543s][info][gc,metaspace   ] GC(202) Metaspace: 6302K(6464K)->6302K(6464K) NonClass: 5768K(5824K)->5768K(5824K) Class: 533K(640K)->533K(640K)
[17.543s][info][gc             ] GC(202) Pause Young (Allocation Failure) 2751M->2752M(2925M) 90.943ms
[17.544s][info][gc,cpu         ] GC(202) User=0.56s Sys=0.06s Real=0.09s
[17.544s][info][gc,start       ] GC(203) Pause Full (Ergonomics)
[17.544s][info][gc,phases,start] GC(203) Marking Phase
[18.179s][info][gc,phases      ] GC(203) Marking Phase 634.949ms
[18.179s][info][gc,phases,start] GC(203) Summary Phase
[18.179s][info][gc,phases      ] GC(203) Summary Phase 0.058ms
[18.179s][info][gc,phases,start] GC(203) Adjust Roots
[18.179s][info][gc,phases      ] GC(203) Adjust Roots 0.163ms
[18.179s][info][gc,phases,start] GC(203) Compaction Phase
[18.400s][info][gc,phases      ] GC(203) Compaction Phase 221.313ms
[18.400s][info][gc,phases,start] GC(203) Post Compact
[18.405s][info][gc,phases      ] GC(203) Post Compact 4.578ms
[18.405s][info][gc,heap        ] GC(203) PSYoungGen: 54496K(162304K)->0K(166912K) Eden: 0K(59904K)->0K(59904K) From: 54496K(102400K)->0K(107008K)
[18.405s][info][gc,heap        ] GC(203) ParOldGen: 2763694K(2833408K)->2815896K(2867200K)
[18.405s][info][gc,metaspace   ] GC(203) Metaspace: 6302K(6464K)->6302K(6464K) NonClass: 5768K(5824K)->5768K(5824K) Class: 533K(640K)->533K(640K)
[18.405s][info][gc             ] GC(203) Pause Full (Ergonomics) 2752M->2749M(2963M) 861.539ms
[18.405s][info][gc,cpu         ] GC(203) User=6.58s Sys=0.06s Real=0.86s
[18.435s][info][gc,start       ] GC(204) Pause Young (Allocation Failure)
[18.460s][info][gc,heap        ] GC(204) PSYoungGen: 23950K(166912K)->23168K(172032K) Eden: 23950K(59904K)->0K(65024K) From: 0K(107008K)->23168K(107008K)
[18.460s][info][gc,heap        ] GC(204) ParOldGen: 2815896K(2867200K)->2815896K(2867200K)
[18.460s][info][gc,metaspace   ] GC(204) Metaspace: 6302K(6464K)->6302K(6464K) NonClass: 5768K(5824K)->5768K(5824K) Class: 533K(640K)->533K(640K)
[18.460s][info][gc             ] GC(204) Pause Young (Allocation Failure) 2773M->2772M(2968M) 25.066ms
[18.460s][info][gc,cpu         ] GC(204) User=0.06s Sys=0.00s Real=0.03s
[18.460s][info][gc,start       ] GC(205) Pause Full (Ergonomics)
[18.460s][info][gc,phases,start] GC(205) Marking Phase
[19.096s][info][gc,phases      ] GC(205) Marking Phase 635.507ms
[19.096s][info][gc,phases,start] GC(205) Summary Phase
[19.096s][info][gc,phases      ] GC(205) Summary Phase 0.053ms
[19.096s][info][gc,phases,start] GC(205) Adjust Roots
[19.096s][info][gc,phases      ] GC(205) Adjust Roots 0.161ms
[19.096s][info][gc,phases,start] GC(205) Compaction Phase
[19.282s][info][gc,phases      ] GC(205) Compaction Phase 185.811ms
[19.282s][info][gc,phases,start] GC(205) Post Compact
[19.287s][info][gc,phases      ] GC(205) Post Compact 5.427ms
[19.287s][info][gc,heap        ] GC(205) PSYoungGen: 23168K(172032K)->0K(173056K) Eden: 0K(65024K)->0K(65024K) From: 23168K(107008K)->0K(108032K)
[19.287s][info][gc,heap        ] GC(205) ParOldGen: 2815896K(2867200K)->2838891K(2867200K)
[19.287s][info][gc,metaspace   ] GC(205) Metaspace: 6302K(6464K)->6302K(6464K) NonClass: 5768K(5824K)->5768K(5824K) Class: 533K(640K)->533K(640K)
[19.287s][info][gc             ] GC(205) Pause Full (Ergonomics) 2772M->2772M(2969M) 827.353ms
[19.287s][info][gc,cpu         ] GC(205) User=6.17s Sys=0.00s Real=0.83s
[19.287s][info][gc,start       ] GC(206) Pause Young (Allocation Failure)
[19.292s][info][gc,heap        ] GC(206) PSYoungGen: 0K(173056K)->0K(174592K) Eden: 0K(65024K)->0K(66560K) From: 0K(108032K)->0K(108032K)
[19.292s][info][gc,heap        ] GC(206) ParOldGen: 2838891K(2867200K)->2838891K(2867200K)
[19.292s][info][gc,metaspace   ] GC(206) Metaspace: 6302K(6464K)->6302K(6464K) NonClass: 5768K(5824K)->5768K(5824K) Class: 533K(640K)->533K(640K)
[19.292s][info][gc             ] GC(206) Pause Young (Allocation Failure) 2772M->2772M(2970M) 4.260ms
[19.292s][info][gc,cpu         ] GC(206) User=0.00s Sys=0.00s Real=0.00s
[19.292s][info][gc,start       ] GC(207) Pause Full (Allocation Failure)
[19.292s][info][gc,phases,start] GC(207) Marking Phase
[19.942s][info][gc,phases      ] GC(207) Marking Phase 650.501ms
[19.942s][info][gc,phases,start] GC(207) Summary Phase
[19.942s][info][gc,phases      ] GC(207) Summary Phase 0.038ms
[19.942s][info][gc,phases,start] GC(207) Adjust Roots
[19.943s][info][gc,phases      ] GC(207) Adjust Roots 0.361ms
[19.943s][info][gc,phases,start] GC(207) Compaction Phase
[20.650s][info][gc,phases      ] GC(207) Compaction Phase 707.001ms
[20.650s][info][gc,phases,start] GC(207) Post Compact
[20.655s][info][gc,phases      ] GC(207) Post Compact 5.248ms
[20.655s][info][gc,heap        ] GC(207) PSYoungGen: 0K(174592K)->0K(178176K) Eden: 0K(66560K)->0K(66560K) From: 0K(108032K)->0K(111616K)
[20.655s][info][gc,heap        ] GC(207) ParOldGen: 2838891K(2867200K)->2838887K(2867200K)
[20.655s][info][gc,metaspace   ] GC(207) Metaspace: 6302K(6464K)->6300K(6464K) NonClass: 5768K(5824K)->5767K(5824K) Class: 533K(640K)->532K(640K)
[20.655s][info][gc             ] GC(207) Pause Full (Allocation Failure) 2772M->2772M(2974M) 1363.538ms
[20.655s][info][gc,cpu         ] GC(207) User=10.25s Sys=0.00s Real=1.36s
[20.657s][info][gc,heap,exit   ] Heap
[20.657s][info][gc,heap,exit   ]  PSYoungGen      total 178176K, used 2661K [0x00000007a8800000, 0x00000007ba700000, 0x0000000800000000)
[20.657s][info][gc,heap,exit   ]   eden space 66560K, 3% used [0x00000007a8800000,0x00000007a8a997d8,0x00000007ac900000)
[20.657s][info][gc,heap,exit   ]   from space 111616K, 0% used [0x00000007ac900000,0x00000007ac900000,0x00000007b3600000)
[20.657s][info][gc,heap,exit   ]   to   space 111616K, 0% used [0x00000007b3a00000,0x00000007b3a00000,0x00000007ba700000)
[20.657s][info][gc,heap,exit   ]  ParOldGen       total 2867200K, used 2838887K [0x00000006f9800000, 0x00000007a8800000, 0x00000007a8800000)
[20.657s][info][gc,heap,exit   ]   object space 2867200K, 99% used [0x00000006f9800000,0x00000007a6c59d80,0x00000007a8800000)
[20.657s][info][gc,heap,exit   ]  Metaspace       used 6305K, committed 6528K, reserved 1114112K
[20.657s][info][gc,heap,exit   ]   class space    used 534K, committed 640K, reserved 1048576K
