[0.011s][info][gc,init] CardTable entry size: 512
[0.011s][info][gc     ] Using Parallel
[0.012s][info][gc,init] Version: 18.0.1+10 (release)
[0.012s][info][gc,init] CPUs: 8 total, 8 available
[0.013s][info][gc,init] Memory: 16063M
[0.013s][info][gc,init] Large Page Support: Disabled
[0.013s][info][gc,init] NUMA Support: Disabled
[0.013s][info][gc,init] Compressed Oops: Enabled (Zero based)
[0.013s][info][gc,init] Alignments: Space 512K, Generation 512K, Heap 2M
[0.013s][info][gc,init] Heap Min Capacity: 2M
[0.013s][info][gc,init] Heap Initial Capacity: 2M
[0.013s][info][gc,init] Heap Max Capacity: 12300M
[0.013s][info][gc,init] Pre-touch: Disabled
[0.013s][info][gc,init] Parallel Workers: 8
[0.013s][info][gc,metaspace] CDS archive(s) not mapped
[0.013s][info][gc,metaspace] Compressed class space mapped at: 0x0000000800000000-0x0000000840000000, reserved size: 1073741824
[0.013s][info][gc,metaspace] Narrow klass base: 0x0000000800000000, Narrow klass shift: 0, Narrow klass range: 0x40000000
[0.117s][info][gc,start    ] GC(0) Pause Young (Allocation Failure)
[0.118s][info][gc,heap     ] GC(0) PSYoungGen: 512K(1024K)->480K(1024K) Eden: 512K(512K)->0K(512K) From: 0K(512K)->480K(512K)
[0.118s][info][gc,heap     ] GC(0) ParOldGen: 0K(512K)->8K(512K)
[0.118s][info][gc,metaspace] GC(0) Metaspace: 4229K(4352K)->4229K(4352K) NonClass: 3908K(3968K)->3908K(3968K) Class: 321K(384K)->321K(384K)
[0.118s][info][gc          ] GC(0) Pause Young (Allocation Failure) 0M->0M(1M) 1.288ms
[0.118s][info][gc,cpu      ] GC(0) User=0.00s Sys=0.00s Real=0.00s
[0.181s][info][gc,start    ] GC(1) Pause Young (Allocation Failure)
[0.182s][info][gc,heap     ] GC(1) PSYoungGen: 991K(1024K)->512K(1536K) Eden: 511K(512K)->0K(1024K) From: 480K(512K)->512K(512K)
[0.182s][info][gc,heap     ] GC(1) ParOldGen: 8K(512K)->88K(512K)
[0.182s][info][gc,metaspace] GC(1) Metaspace: 5877K(6016K)->5877K(6016K) NonClass: 5381K(5504K)->5381K(5504K) Class: 496K(512K)->496K(512K)
[0.182s][info][gc          ] GC(1) Pause Young (Allocation Failure) 0M->0M(2M) 0.986ms
[0.182s][info][gc,cpu      ] GC(1) User=0.00s Sys=0.00s Real=0.00s
[0.205s][info][gc,start    ] GC(2) Pause Young (Allocation Failure)
[0.206s][info][gc,heap     ] GC(2) PSYoungGen: 1536K(1536K)->512K(1536K) Eden: 1024K(1024K)->0K(1024K) From: 512K(512K)->512K(512K)
[0.206s][info][gc,heap     ] GC(2) ParOldGen: 88K(512K)->504K(512K)
[0.206s][info][gc,metaspace] GC(2) Metaspace: 6296K(6464K)->6296K(6464K) NonClass: 5763K(5824K)->5763K(5824K) Class: 533K(640K)->533K(640K)
[0.206s][info][gc          ] GC(2) Pause Young (Allocation Failure) 1M->0M(2M) 1.246ms
[0.206s][info][gc,cpu      ] GC(2) User=0.00s Sys=0.00s Real=0.00s
[0.206s][info][gc,start    ] GC(3) Pause Full (Ergonomics)
[0.206s][info][gc,phases,start] GC(3) Marking Phase
[0.207s][info][gc,phases      ] GC(3) Marking Phase 1.035ms
[0.208s][info][gc,phases,start] GC(3) Summary Phase
[0.208s][info][gc,phases      ] GC(3) Summary Phase 0.017ms
[0.208s][info][gc,phases,start] GC(3) Adjust Roots
[0.208s][info][gc,phases      ] GC(3) Adjust Roots 0.382ms
[0.208s][info][gc,phases,start] GC(3) Compaction Phase
[0.209s][info][gc,phases      ] GC(3) Compaction Phase 1.504ms
[0.210s][info][gc,phases,start] GC(3) Post Compact
[0.210s][info][gc,phases      ] GC(3) Post Compact 0.079ms
[0.210s][info][gc,heap        ] GC(3) PSYoungGen: 512K(1536K)->504K(1536K) Eden: 0K(1024K)->0K(1024K) From: 512K(512K)->504K(512K)
[0.210s][info][gc,heap        ] GC(3) ParOldGen: 504K(512K)->476K(2048K)
[0.210s][info][gc,metaspace   ] GC(3) Metaspace: 6296K(6464K)->6296K(6464K) NonClass: 5763K(5824K)->5763K(5824K) Class: 533K(640K)->533K(640K)
[0.210s][info][gc             ] GC(3) Pause Full (Ergonomics) 0M->0M(3M) 3.304ms
[0.210s][info][gc,cpu         ] GC(3) User=0.00s Sys=0.00s Real=0.00s
[0.211s][info][gc,start       ] GC(4) Pause Young (Allocation Failure)
[0.213s][info][gc,heap        ] GC(4) PSYoungGen: 1528K(1536K)->480K(2560K) Eden: 1024K(1024K)->0K(2048K) From: 504K(512K)->480K(512K)
[0.213s][info][gc,heap        ] GC(4) ParOldGen: 476K(2048K)->1024K(2048K)
[0.213s][info][gc,metaspace   ] GC(4) Metaspace: 6296K(6464K)->6296K(6464K) NonClass: 5763K(5824K)->5763K(5824K) Class: 533K(640K)->533K(640K)
[0.213s][info][gc             ] GC(4) Pause Young (Allocation Failure) 1M->1M(4M) 1.559ms
[0.213s][info][gc,cpu         ] GC(4) User=0.00s Sys=0.00s Real=0.00s
[0.217s][info][gc,start       ] GC(5) Pause Young (Allocation Failure)
[0.219s][info][gc,heap        ] GC(5) PSYoungGen: 2528K(2560K)->480K(2560K) Eden: 2048K(2048K)->0K(2048K) From: 480K(512K)->480K(512K)
[0.219s][info][gc,heap        ] GC(5) ParOldGen: 1024K(2048K)->2088K(2560K)
[0.219s][info][gc,metaspace   ] GC(5) Metaspace: 6296K(6464K)->6296K(6464K) NonClass: 5763K(5824K)->5763K(5824K) Class: 533K(640K)->533K(640K)
[0.219s][info][gc             ] GC(5) Pause Young (Allocation Failure) 3M->2M(5M) 1.829ms
[0.219s][info][gc,cpu         ] GC(5) User=0.00s Sys=0.00s Real=0.00s
[0.219s][info][gc,start       ] GC(6) Pause Full (Ergonomics)
[0.219s][info][gc,phases,start] GC(6) Marking Phase
[0.220s][info][gc,phases      ] GC(6) Marking Phase 1.391ms
[0.220s][info][gc,phases,start] GC(6) Summary Phase
[0.220s][info][gc,phases      ] GC(6) Summary Phase 0.020ms
[0.220s][info][gc,phases,start] GC(6) Adjust Roots
[0.221s][info][gc,phases      ] GC(6) Adjust Roots 0.302ms
[0.221s][info][gc,phases,start] GC(6) Compaction Phase
[0.224s][info][gc,phases      ] GC(6) Compaction Phase 3.120ms
[0.224s][info][gc,phases,start] GC(6) Post Compact
[0.224s][info][gc,phases      ] GC(6) Post Compact 0.034ms
[0.224s][info][gc,heap        ] GC(6) PSYoungGen: 480K(2560K)->0K(4096K) Eden: 0K(2048K)->0K(3072K) From: 480K(512K)->0K(1024K)
[0.224s][info][gc,heap        ] GC(6) ParOldGen: 2088K(2560K)->2542K(6144K)
[0.224s][info][gc,metaspace   ] GC(6) Metaspace: 6296K(6464K)->6296K(6464K) NonClass: 5763K(5824K)->5763K(5824K) Class: 533K(640K)->533K(640K)
[0.224s][info][gc             ] GC(6) Pause Full (Ergonomics) 2M->2M(10M) 5.287ms
[0.224s][info][gc,cpu         ] GC(6) User=0.00s Sys=0.00s Real=0.00s
[0.230s][info][gc,start       ] GC(7) Pause Young (Allocation Failure)
[0.232s][info][gc,heap        ] GC(7) PSYoungGen: 3072K(4096K)->1664K(5120K) Eden: 3072K(3072K)->0K(3072K) From: 0K(1024K)->1664K(2048K)
[0.232s][info][gc,heap        ] GC(7) ParOldGen: 2542K(6144K)->2542K(6144K)
[0.232s][info][gc,metaspace   ] GC(7) Metaspace: 6296K(6464K)->6296K(6464K) NonClass: 5763K(5824K)->5763K(5824K) Class: 533K(640K)->533K(640K)
[0.232s][info][gc             ] GC(7) Pause Young (Allocation Failure) 5M->4M(11M) 2.282ms
[0.232s][info][gc,cpu         ] GC(7) User=0.00s Sys=0.00s Real=0.00s
[0.237s][info][gc,start       ] GC(8) Pause Young (Allocation Failure)
[0.240s][info][gc,heap        ] GC(8) PSYoungGen: 4736K(5120K)->2016K(5632K) Eden: 3072K(3072K)->0K(3584K) From: 1664K(2048K)->2016K(2048K)
[0.240s][info][gc,heap        ] GC(8) ParOldGen: 2542K(6144K)->3774K(6144K)
[0.240s][info][gc,metaspace   ] GC(8) Metaspace: 6296K(6464K)->6296K(6464K) NonClass: 5763K(5824K)->5763K(5824K) Class: 533K(640K)->533K(640K)
[0.240s][info][gc             ] GC(8) Pause Young (Allocation Failure) 7M->5M(11M) 3.475ms
[0.240s][info][gc,cpu         ] GC(8) User=0.00s Sys=0.00s Real=0.00s
[0.246s][info][gc,start       ] GC(9) Pause Young (Allocation Failure)
[0.250s][info][gc,heap        ] GC(9) PSYoungGen: 5600K(5632K)->3040K(6656K) Eden: 3584K(3584K)->0K(3584K) From: 2016K(2048K)->3040K(3072K)
[0.250s][info][gc,heap        ] GC(9) ParOldGen: 3774K(6144K)->4614K(6144K)
[0.250s][info][gc,metaspace   ] GC(9) Metaspace: 6296K(6464K)->6296K(6464K) NonClass: 5763K(5824K)->5763K(5824K) Class: 533K(640K)->533K(640K)
[0.250s][info][gc             ] GC(9) Pause Young (Allocation Failure) 9M->7M(12M) 3.883ms
[0.250s][info][gc,cpu         ] GC(9) User=0.00s Sys=0.00s Real=0.00s
[0.254s][info][gc,start       ] GC(10) Pause Young (Allocation Failure)
[0.259s][info][gc,heap        ] GC(10) PSYoungGen: 6624K(6656K)->4064K(8704K) Eden: 3584K(3584K)->0K(4608K) From: 3040K(3072K)->4064K(4096K)
[0.259s][info][gc,heap        ] GC(10) ParOldGen: 4614K(6144K)->5454K(6144K)
[0.259s][info][gc,metaspace   ] GC(10) Metaspace: 6296K(6464K)->6296K(6464K) NonClass: 5763K(5824K)->5763K(5824K) Class: 533K(640K)->533K(640K)
[0.259s][info][gc             ] GC(10) Pause Young (Allocation Failure) 10M->9M(14M) 4.615ms
[0.259s][info][gc,cpu         ] GC(10) User=0.00s Sys=0.00s Real=0.00s
[0.259s][info][gc,start       ] GC(11) Pause Full (Ergonomics)
[0.259s][info][gc,phases,start] GC(11) Marking Phase
[0.263s][info][gc,phases      ] GC(11) Marking Phase 4.209ms
[0.263s][info][gc,phases,start] GC(11) Summary Phase
[0.263s][info][gc,phases      ] GC(11) Summary Phase 0.014ms
[0.263s][info][gc,phases,start] GC(11) Adjust Roots
[0.264s][info][gc,phases      ] GC(11) Adjust Roots 0.445ms
[0.264s][info][gc,phases,start] GC(11) Compaction Phase
[0.271s][info][gc,phases      ] GC(11) Compaction Phase 6.803ms
[0.271s][info][gc,phases,start] GC(11) Post Compact
[0.271s][info][gc,phases      ] GC(11) Post Compact 0.056ms
[0.271s][info][gc,heap        ] GC(11) PSYoungGen: 4064K(8704K)->3545K(8704K) Eden: 0K(4608K)->0K(4608K) From: 4064K(4096K)->3545K(4096K)
[0.271s][info][gc,heap        ] GC(11) ParOldGen: 5454K(6144K)->5831K(10752K)
[0.271s][info][gc,metaspace   ] GC(11) Metaspace: 6296K(6464K)->6296K(6464K) NonClass: 5763K(5824K)->5763K(5824K) Class: 533K(640K)->533K(640K)
[0.271s][info][gc             ] GC(11) Pause Full (Ergonomics) 9M->9M(19M) 11.890ms
[0.271s][info][gc,cpu         ] GC(11) User=0.00s Sys=0.00s Real=0.01s
[0.276s][info][gc,start       ] GC(12) Pause Young (Allocation Failure)
[0.279s][info][gc,heap        ] GC(12) PSYoungGen: 8013K(8704K)->5088K(9728K) Eden: 4468K(4608K)->0K(4608K) From: 3545K(4096K)->5088K(5120K)
[0.280s][info][gc,heap        ] GC(12) ParOldGen: 5831K(10752K)->6607K(10752K)
[0.280s][info][gc,metaspace   ] GC(12) Metaspace: 6296K(6464K)->6296K(6464K) NonClass: 5763K(5824K)->5763K(5824K) Class: 533K(640K)->533K(640K)
[0.280s][info][gc             ] GC(12) Pause Young (Allocation Failure) 13M->11M(20M) 4.044ms
[0.280s][info][gc,cpu         ] GC(12) User=0.00s Sys=0.00s Real=0.00s
[0.286s][info][gc,start       ] GC(13) Pause Young (Allocation Failure)
[0.292s][info][gc,heap        ] GC(13) PSYoungGen: 9696K(9728K)->6112K(11264K) Eden: 4608K(4608K)->0K(5120K) From: 5088K(5120K)->6112K(6144K)
[0.292s][info][gc,heap        ] GC(13) ParOldGen: 6607K(10752K)->7975K(10752K)
[0.292s][info][gc,metaspace   ] GC(13) Metaspace: 6296K(6464K)->6296K(6464K) NonClass: 5763K(5824K)->5763K(5824K) Class: 533K(640K)->533K(640K)
[0.292s][info][gc             ] GC(13) Pause Young (Allocation Failure) 15M->13M(21M) 6.004ms
[0.292s][info][gc,cpu         ] GC(13) User=0.02s Sys=0.00s Real=0.01s
[0.296s][info][gc,start       ] GC(14) Pause Young (Allocation Failure)
[0.301s][info][gc,heap        ] GC(14) PSYoungGen: 11232K(11264K)->5216K(12800K) Eden: 5120K(5120K)->0K(5120K) From: 6112K(6144K)->5216K(7680K)
[0.301s][info][gc,heap        ] GC(14) ParOldGen: 7975K(10752K)->11559K(11776K)
[0.301s][info][gc,metaspace   ] GC(14) Metaspace: 6298K(6464K)->6298K(6464K) NonClass: 5765K(5824K)->5765K(5824K) Class: 533K(640K)->533K(640K)
[0.301s][info][gc             ] GC(14) Pause Young (Allocation Failure) 18M->16M(24M) 5.516ms
[0.301s][info][gc,cpu         ] GC(14) User=0.00s Sys=0.00s Real=0.01s
[0.302s][info][gc,start       ] GC(15) Pause Full (Ergonomics)
[0.302s][info][gc,phases,start] GC(15) Marking Phase
[0.309s][info][gc,phases      ] GC(15) Marking Phase 7.363ms
[0.309s][info][gc,phases,start] GC(15) Summary Phase
[0.309s][info][gc,phases      ] GC(15) Summary Phase 0.020ms
[0.309s][info][gc,phases,start] GC(15) Adjust Roots
[0.309s][info][gc,phases      ] GC(15) Adjust Roots 0.237ms
[0.309s][info][gc,phases,start] GC(15) Compaction Phase
[0.316s][info][gc,phases      ] GC(15) Compaction Phase 7.073ms
[0.316s][info][gc,phases,start] GC(15) Post Compact
[0.316s][info][gc,phases      ] GC(15) Post Compact 0.071ms
[0.317s][info][gc,heap        ] GC(15) PSYoungGen: 5216K(12800K)->5196K(12800K) Eden: 0K(5120K)->0K(5120K) From: 5216K(7680K)->5196K(7680K)
[0.317s][info][gc,heap        ] GC(15) ParOldGen: 11559K(11776K)->11454K(18432K)
[0.317s][info][gc,metaspace   ] GC(15) Metaspace: 6298K(6464K)->6298K(6464K) NonClass: 5765K(5824K)->5765K(5824K) Class: 533K(640K)->533K(640K)
[0.317s][info][gc             ] GC(15) Pause Full (Ergonomics) 16M->16M(30M) 15.105ms
[0.317s][info][gc,cpu         ] GC(15) User=0.00s Sys=0.00s Real=0.01s
[0.320s][info][gc,start       ] GC(16) Pause Young (Allocation Failure)
[0.328s][info][gc,heap        ] GC(16) PSYoungGen: 10316K(12800K)->2656K(14336K) Eden: 5120K(5120K)->0K(7168K) From: 5196K(7680K)->2656K(7168K)
[0.328s][info][gc,heap        ] GC(16) ParOldGen: 11454K(18432K)->16734K(18432K)
[0.328s][info][gc,metaspace   ] GC(16) Metaspace: 6298K(6464K)->6298K(6464K) NonClass: 5765K(5824K)->5765K(5824K) Class: 533K(640K)->533K(640K)
[0.328s][info][gc             ] GC(16) Pause Young (Allocation Failure) 21M->18M(32M) 8.092ms
[0.328s][info][gc,cpu         ] GC(16) User=0.00s Sys=0.00s Real=0.01s
[0.328s][info][gc,start       ] GC(17) Pause Full (Ergonomics)
[0.328s][info][gc,phases,start] GC(17) Marking Phase
[0.337s][info][gc,phases      ] GC(17) Marking Phase 8.460ms
[0.337s][info][gc,phases,start] GC(17) Summary Phase
[0.337s][info][gc,phases      ] GC(17) Summary Phase 0.014ms
[0.337s][info][gc,phases,start] GC(17) Adjust Roots
[0.337s][info][gc,phases      ] GC(17) Adjust Roots 0.229ms
[0.337s][info][gc,phases,start] GC(17) Compaction Phase
[0.344s][info][gc,phases      ] GC(17) Compaction Phase 6.549ms
[0.344s][info][gc,phases,start] GC(17) Post Compact
[0.344s][info][gc,phases      ] GC(17) Post Compact 0.098ms
[0.344s][info][gc,heap        ] GC(17) PSYoungGen: 2656K(14336K)->1105K(14848K) Eden: 0K(7168K)->0K(7680K) From: 2656K(7168K)->1105K(7168K)
[0.344s][info][gc,heap        ] GC(17) ParOldGen: 16734K(18432K)->18183K(27648K)
[0.344s][info][gc,metaspace   ] GC(17) Metaspace: 6298K(6464K)->6298K(6464K) NonClass: 5765K(5824K)->5765K(5824K) Class: 533K(640K)->533K(640K)
[0.344s][info][gc             ] GC(17) Pause Full (Ergonomics) 18M->18M(41M) 15.717ms
[0.344s][info][gc,cpu         ] GC(17) User=0.00s Sys=0.00s Real=0.02s
[0.349s][info][gc,start       ] GC(18) Pause Young (Allocation Failure)
[0.354s][info][gc,heap        ] GC(18) PSYoungGen: 7799K(14848K)->3424K(15360K) Eden: 6694K(7680K)->0K(7680K) From: 1105K(7168K)->3424K(7680K)
[0.354s][info][gc,heap        ] GC(18) ParOldGen: 18183K(27648K)->19311K(27648K)
[0.354s][info][gc,metaspace   ] GC(18) Metaspace: 6298K(6464K)->6298K(6464K) NonClass: 5765K(5824K)->5765K(5824K) Class: 533K(640K)->533K(640K)
[0.354s][info][gc             ] GC(18) Pause Young (Allocation Failure) 25M->22M(42M) 5.453ms
[0.354s][info][gc,cpu         ] GC(18) User=0.00s Sys=0.00s Real=0.01s
[0.364s][info][gc,start       ] GC(19) Pause Young (Allocation Failure)
[0.371s][info][gc,heap        ] GC(19) PSYoungGen: 11103K(15360K)->4480K(17920K) Eden: 7679K(7680K)->0K(10240K) From: 3424K(7680K)->4480K(7680K)
[0.371s][info][gc,heap        ] GC(19) ParOldGen: 19311K(27648K)->22759K(27648K)
[0.371s][info][gc,metaspace   ] GC(19) Metaspace: 6298K(6464K)->6298K(6464K) NonClass: 5765K(5824K)->5765K(5824K) Class: 533K(640K)->533K(640K)
[0.371s][info][gc             ] GC(19) Pause Young (Allocation Failure) 29M->26M(44M) 7.164ms
[0.371s][info][gc,cpu         ] GC(19) User=0.02s Sys=0.00s Real=0.01s
[0.378s][info][gc,start       ] GC(20) Pause Young (Allocation Failure)
[0.385s][info][gc,heap        ] GC(20) PSYoungGen: 14720K(17920K)->5344K(17920K) Eden: 10240K(10240K)->0K(10240K) From: 4480K(7680K)->5344K(7680K)
[0.385s][info][gc,heap        ] GC(20) ParOldGen: 22759K(27648K)->27287K(27648K)
[0.385s][info][gc,metaspace   ] GC(20) Metaspace: 6298K(6464K)->6298K(6464K) NonClass: 5765K(5824K)->5765K(5824K) Class: 533K(640K)->533K(640K)
[0.385s][info][gc             ] GC(20) Pause Young (Allocation Failure) 36M->31M(44M) 7.300ms
[0.385s][info][gc,cpu         ] GC(20) User=0.00s Sys=0.00s Real=0.01s
[0.385s][info][gc,start       ] GC(21) Pause Full (Ergonomics)
[0.386s][info][gc,phases,start] GC(21) Marking Phase
[0.399s][info][gc,phases      ] GC(21) Marking Phase 13.502ms
[0.399s][info][gc,phases,start] GC(21) Summary Phase
[0.399s][info][gc,phases      ] GC(21) Summary Phase 0.019ms
[0.399s][info][gc,phases,start] GC(21) Adjust Roots
[0.399s][info][gc,phases      ] GC(21) Adjust Roots 0.203ms
[0.399s][info][gc,phases,start] GC(21) Compaction Phase
[0.412s][info][gc,phases      ] GC(21) Compaction Phase 12.927ms
[0.412s][info][gc,phases,start] GC(21) Post Compact
[0.412s][info][gc,phases      ] GC(21) Post Compact 0.111ms
[0.413s][info][gc,heap        ] GC(21) PSYoungGen: 5344K(17920K)->4779K(17920K) Eden: 0K(10240K)->0K(10240K) From: 5344K(7680K)->4779K(7680K)
[0.413s][info][gc,heap        ] GC(21) ParOldGen: 27287K(27648K)->27139K(38912K)
[0.413s][info][gc,metaspace   ] GC(21) Metaspace: 6298K(6464K)->6298K(6464K) NonClass: 5765K(5824K)->5765K(5824K) Class: 533K(640K)->533K(640K)
[0.413s][info][gc             ] GC(21) Pause Full (Ergonomics) 31M->31M(55M) 27.252ms
[0.413s][info][gc,cpu         ] GC(21) User=0.00s Sys=0.00s Real=0.03s
[0.422s][info][gc,start       ] GC(22) Pause Young (Allocation Failure)
[0.435s][info][gc,heap        ] GC(22) PSYoungGen: 15019K(17920K)->8192K(17920K) Eden: 10240K(10240K)->0K(9728K) From: 4779K(7680K)->8192K(8192K)
[0.435s][info][gc,heap        ] GC(22) ParOldGen: 27139K(38912K)->32955K(38912K)
[0.435s][info][gc,metaspace   ] GC(22) Metaspace: 6298K(6464K)->6298K(6464K) NonClass: 5765K(5824K)->5765K(5824K) Class: 533K(640K)->533K(640K)
[0.435s][info][gc             ] GC(22) Pause Young (Allocation Failure) 41M->40M(55M) 12.165ms
[0.435s][info][gc,cpu         ] GC(22) User=0.00s Sys=0.00s Real=0.01s
[0.435s][info][gc,start       ] GC(23) Pause Full (Ergonomics)
[0.435s][info][gc,phases,start] GC(23) Marking Phase
[0.454s][info][gc,phases      ] GC(23) Marking Phase 19.687ms
[0.454s][info][gc,phases,start] GC(23) Summary Phase
[0.454s][info][gc,phases      ] GC(23) Summary Phase 0.019ms
[0.454s][info][gc,phases,start] GC(23) Adjust Roots
[0.455s][info][gc,phases      ] GC(23) Adjust Roots 0.224ms
[0.455s][info][gc,phases,start] GC(23) Compaction Phase
[0.466s][info][gc,phases      ] GC(23) Compaction Phase 11.132ms
[0.466s][info][gc,phases,start] GC(23) Post Compact
[0.466s][info][gc,phases      ] GC(23) Post Compact 0.160ms
[0.466s][info][gc,heap        ] GC(23) PSYoungGen: 8192K(17920K)->2555K(17920K) Eden: 0K(9728K)->0K(9728K) From: 8192K(8192K)->2555K(8192K)
[0.466s][info][gc,heap        ] GC(23) ParOldGen: 32955K(38912K)->38478K(52736K)
[0.466s][info][gc,metaspace   ] GC(23) Metaspace: 6298K(6464K)->6298K(6464K) NonClass: 5765K(5824K)->5765K(5824K) Class: 533K(640K)->533K(640K)
[0.466s][info][gc             ] GC(23) Pause Full (Ergonomics) 40M->40M(69M) 31.567ms
[0.466s][info][gc,cpu         ] GC(23) User=0.02s Sys=0.00s Real=0.03s
[0.481s][info][gc,start       ] GC(24) Pause Young (Allocation Failure)
[0.491s][info][gc,heap        ] GC(24) PSYoungGen: 12283K(17920K)->9760K(20992K) Eden: 9728K(9728K)->0K(9728K) From: 2555K(8192K)->9760K(11264K)
[0.491s][info][gc,heap        ] GC(24) ParOldGen: 38478K(52736K)->41078K(52736K)
[0.491s][info][gc,metaspace   ] GC(24) Metaspace: 6298K(6464K)->6298K(6464K) NonClass: 5765K(5824K)->5765K(5824K) Class: 533K(640K)->533K(640K)
[0.491s][info][gc             ] GC(24) Pause Young (Allocation Failure) 49M->49M(72M) 10.135ms
[0.491s][info][gc,cpu         ] GC(24) User=0.00s Sys=0.00s Real=0.01s
[0.500s][info][gc,start       ] GC(25) Pause Young (Allocation Failure)
[0.513s][info][gc,heap        ] GC(25) PSYoungGen: 19488K(20992K)->12768K(19968K) Eden: 9728K(9728K)->0K(7168K) From: 9760K(11264K)->12768K(12800K)
[0.514s][info][gc,heap        ] GC(25) ParOldGen: 41078K(52736K)->47846K(52736K)
[0.514s][info][gc,metaspace   ] GC(25) Metaspace: 6298K(6464K)->6298K(6464K) NonClass: 5765K(5824K)->5765K(5824K) Class: 533K(640K)->533K(640K)
[0.514s][info][gc             ] GC(25) Pause Young (Allocation Failure) 59M->59M(71M) 13.865ms
[0.514s][info][gc,cpu         ] GC(25) User=0.00s Sys=0.00s Real=0.01s
[0.514s][info][gc,start       ] GC(26) Pause Full (Ergonomics)
[0.514s][info][gc,phases,start] GC(26) Marking Phase
[0.541s][info][gc,phases      ] GC(26) Marking Phase 27.002ms
[0.541s][info][gc,phases,start] GC(26) Summary Phase
[0.541s][info][gc,phases      ] GC(26) Summary Phase 0.015ms
[0.541s][info][gc,phases,start] GC(26) Adjust Roots
[0.541s][info][gc,phases      ] GC(26) Adjust Roots 0.155ms
[0.541s][info][gc,phases,start] GC(26) Compaction Phase
[0.560s][info][gc,phases      ] GC(26) Compaction Phase 18.692ms
[0.560s][info][gc,phases,start] GC(26) Post Compact
[0.560s][info][gc,phases      ] GC(26) Post Compact 0.182ms
[0.560s][info][gc,heap        ] GC(26) PSYoungGen: 12768K(19968K)->7122K(19968K) Eden: 0K(7168K)->0K(7168K) From: 12768K(12800K)->7122K(12800K)
[0.560s][info][gc,heap        ] GC(26) ParOldGen: 47846K(52736K)->52288K(69120K)
[0.560s][info][gc,metaspace   ] GC(26) Metaspace: 6298K(6464K)->6298K(6464K) NonClass: 5765K(5824K)->5765K(5824K) Class: 533K(640K)->533K(640K)
[0.560s][info][gc             ] GC(26) Pause Full (Ergonomics) 59M->58M(87M) 46.382ms
[0.560s][info][gc,cpu         ] GC(26) User=0.03s Sys=0.00s Real=0.05s
[0.569s][info][gc,start       ] GC(27) Pause Young (Allocation Failure)
[0.582s][info][gc,heap        ] GC(27) PSYoungGen: 14290K(19968K)->7200K(24576K) Eden: 7168K(7168K)->0K(7168K) From: 7122K(12800K)->7200K(17408K)
[0.582s][info][gc,heap        ] GC(27) ParOldGen: 52288K(69120K)->59528K(69120K)
[0.582s][info][gc,metaspace   ] GC(27) Metaspace: 6298K(6464K)->6298K(6464K) NonClass: 5765K(5824K)->5765K(5824K) Class: 533K(640K)->533K(640K)
[0.582s][info][gc             ] GC(27) Pause Young (Allocation Failure) 65M->65M(91M) 13.470ms
[0.582s][info][gc,cpu         ] GC(27) User=0.00s Sys=0.00s Real=0.01s
[0.590s][info][gc,start       ] GC(28) Pause Young (Allocation Failure)
[0.601s][info][gc,heap        ] GC(28) PSYoungGen: 14368K(24576K)->14336K(23040K) Eden: 7168K(7168K)->0K(6656K) From: 7200K(17408K)->14336K(16384K)
[0.601s][info][gc,heap        ] GC(28) ParOldGen: 59528K(69120K)->59528K(69120K)
[0.601s][info][gc,metaspace   ] GC(28) Metaspace: 6298K(6464K)->6298K(6464K) NonClass: 5765K(5824K)->5765K(5824K) Class: 533K(640K)->533K(640K)
[0.601s][info][gc             ] GC(28) Pause Young (Allocation Failure) 72M->72M(90M) 10.747ms
[0.601s][info][gc,cpu         ] GC(28) User=0.00s Sys=0.00s Real=0.01s
[0.609s][info][gc,start       ] GC(29) Pause Young (Allocation Failure)
[0.622s][info][gc,heap        ] GC(29) PSYoungGen: 20992K(23040K)->13824K(25088K) Eden: 6656K(6656K)->0K(6656K) From: 14336K(16384K)->13824K(18432K)
[0.622s][info][gc,heap        ] GC(29) ParOldGen: 59528K(69120K)->66784K(69120K)
[0.622s][info][gc,metaspace   ] GC(29) Metaspace: 6298K(6464K)->6298K(6464K) NonClass: 5765K(5824K)->5765K(5824K) Class: 533K(640K)->533K(640K)
[0.622s][info][gc             ] GC(29) Pause Young (Allocation Failure) 78M->78M(92M) 13.492ms
[0.622s][info][gc,cpu         ] GC(29) User=0.00s Sys=0.00s Real=0.01s
[0.622s][info][gc,start       ] GC(30) Pause Full (Ergonomics)
[0.622s][info][gc,phases,start] GC(30) Marking Phase
[0.652s][info][gc,phases      ] GC(30) Marking Phase 29.662ms
[0.652s][info][gc,phases,start] GC(30) Summary Phase
[0.652s][info][gc,phases      ] GC(30) Summary Phase 0.017ms
[0.652s][info][gc,phases,start] GC(30) Adjust Roots
[0.652s][info][gc,phases      ] GC(30) Adjust Roots 0.154ms
[0.652s][info][gc,phases,start] GC(30) Compaction Phase
[0.671s][info][gc,phases      ] GC(30) Compaction Phase 18.373ms
[0.671s][info][gc,phases,start] GC(30) Post Compact
[0.671s][info][gc,phases      ] GC(30) Post Compact 0.330ms
[0.671s][info][gc,heap        ] GC(30) PSYoungGen: 13824K(25088K)->11209K(25088K) Eden: 0K(6656K)->0K(6656K) From: 13824K(18432K)->11209K(18432K)
[0.671s][info][gc,heap        ] GC(30) ParOldGen: 66784K(69120K)->69104K(89600K)
[0.671s][info][gc,metaspace   ] GC(30) Metaspace: 6298K(6464K)->6298K(6464K) NonClass: 5765K(5824K)->5765K(5824K) Class: 533K(640K)->533K(640K)
[0.671s][info][gc             ] GC(30) Pause Full (Ergonomics) 78M->78M(112M) 48.922ms
[0.671s][info][gc,cpu         ] GC(30) User=0.06s Sys=0.00s Real=0.05s
[0.678s][info][gc,start       ] GC(31) Pause Young (Allocation Failure)
[0.695s][info][gc,heap        ] GC(31) PSYoungGen: 17865K(25088K)->11936K(27648K) Eden: 6656K(6656K)->0K(8192K) From: 11209K(18432K)->11936K(19456K)
[0.695s][info][gc,heap        ] GC(31) ParOldGen: 69104K(89600K)->75136K(89600K)
[0.695s][info][gc,metaspace   ] GC(31) Metaspace: 6298K(6464K)->6298K(6464K) NonClass: 5765K(5824K)->5765K(5824K) Class: 533K(640K)->533K(640K)
[0.695s][info][gc             ] GC(31) Pause Young (Allocation Failure) 84M->85M(114M) 16.631ms
[0.695s][info][gc,cpu         ] GC(31) User=0.03s Sys=0.00s Real=0.02s
[0.711s][info][gc,start       ] GC(32) Pause Young (Allocation Failure)
[0.725s][info][gc,heap        ] GC(32) PSYoungGen: 20128K(27648K)->14880K(28160K) Eden: 8192K(8192K)->0K(8192K) From: 11936K(19456K)->14880K(19968K)
[0.725s][info][gc,heap        ] GC(32) ParOldGen: 75136K(89600K)->80496K(89600K)
[0.725s][info][gc,metaspace   ] GC(32) Metaspace: 6298K(6464K)->6298K(6464K) NonClass: 5765K(5824K)->5765K(5824K) Class: 533K(640K)->533K(640K)
[0.725s][info][gc             ] GC(32) Pause Young (Allocation Failure) 93M->93M(115M) 14.650ms
[0.725s][info][gc,cpu         ] GC(32) User=0.00s Sys=0.00s Real=0.02s
[0.726s][info][gc,start       ] GC(33) Pause Full (Ergonomics)
[0.726s][info][gc,phases,start] GC(33) Marking Phase
[0.763s][info][gc,phases      ] GC(33) Marking Phase 37.535ms
[0.763s][info][gc,phases,start] GC(33) Summary Phase
[0.763s][info][gc,phases      ] GC(33) Summary Phase 0.017ms
[0.763s][info][gc,phases,start] GC(33) Adjust Roots
[0.763s][info][gc,phases      ] GC(33) Adjust Roots 0.201ms
[0.763s][info][gc,phases,start] GC(33) Compaction Phase
[0.790s][info][gc,phases      ] GC(33) Compaction Phase 26.472ms
[0.790s][info][gc,phases,start] GC(33) Post Compact
[0.790s][info][gc,phases      ] GC(33) Post Compact 0.335ms
[0.790s][info][gc,heap        ] GC(33) PSYoungGen: 14880K(28160K)->3551K(28160K) Eden: 0K(8192K)->0K(8192K) From: 14880K(19968K)->3551K(19968K)
[0.790s][info][gc,heap        ] GC(33) ParOldGen: 80496K(89600K)->89515K(112128K)
[0.790s][info][gc,metaspace   ] GC(33) Metaspace: 6298K(6464K)->6298K(6464K) NonClass: 5765K(5824K)->5765K(5824K) Class: 533K(640K)->533K(640K)
[0.791s][info][gc             ] GC(33) Pause Full (Ergonomics) 93M->90M(137M) 64.986ms
[0.791s][info][gc,cpu         ] GC(33) User=0.12s Sys=0.00s Real=0.06s
[0.799s][info][gc,start       ] GC(34) Pause Young (Allocation Failure)
[0.812s][info][gc,heap        ] GC(34) PSYoungGen: 11743K(28160K)->10176K(29184K) Eden: 8192K(8192K)->0K(9728K) From: 3551K(19968K)->10176K(19456K)
[0.812s][info][gc,heap        ] GC(34) ParOldGen: 89515K(112128K)->91163K(112128K)
[0.812s][info][gc,metaspace   ] GC(34) Metaspace: 6298K(6464K)->6298K(6464K) NonClass: 5765K(5824K)->5765K(5824K) Class: 533K(640K)->533K(640K)
[0.812s][info][gc             ] GC(34) Pause Young (Allocation Failure) 98M->98M(138M) 13.330ms
[0.812s][info][gc,cpu         ] GC(34) User=0.00s Sys=0.00s Real=0.01s
[0.822s][info][gc,start       ] GC(35) Pause Young (Allocation Failure)
[0.833s][info][gc,heap        ] GC(35) PSYoungGen: 19904K(29184K)->19904K(30208K) Eden: 9728K(9728K)->0K(9728K) From: 10176K(19456K)->19904K(20480K)
[0.833s][info][gc,heap        ] GC(35) ParOldGen: 91163K(112128K)->91163K(112128K)
[0.833s][info][gc,metaspace   ] GC(35) Metaspace: 6298K(6464K)->6298K(6464K) NonClass: 5765K(5824K)->5765K(5824K) Class: 533K(640K)->533K(640K)
[0.833s][info][gc             ] GC(35) Pause Young (Allocation Failure) 108M->108M(139M) 10.464ms
[0.833s][info][gc,cpu         ] GC(35) User=0.00s Sys=0.00s Real=0.01s
[0.843s][info][gc,start       ] GC(36) Pause Young (Allocation Failure)
[0.863s][info][gc,heap        ] GC(36) PSYoungGen: 29632K(30208K)->23552K(29184K) Eden: 9728K(9728K)->0K(5632K) From: 19904K(20480K)->23552K(23552K)
[0.863s][info][gc,heap        ] GC(36) ParOldGen: 91163K(112128K)->97259K(112128K)
[0.863s][info][gc,metaspace   ] GC(36) Metaspace: 6298K(6464K)->6298K(6464K) NonClass: 5765K(5824K)->5765K(5824K) Class: 533K(640K)->533K(640K)
[0.863s][info][gc             ] GC(36) Pause Young (Allocation Failure) 117M->117M(138M) 20.084ms
[0.863s][info][gc,cpu         ] GC(36) User=0.05s Sys=0.00s Real=0.02s
[0.870s][info][gc,start       ] GC(37) Pause Young (Allocation Failure)
[0.885s][info][gc,heap        ] GC(37) PSYoungGen: 29184K(29184K)->19616K(34816K) Eden: 5632K(5632K)->0K(5632K) From: 23552K(23552K)->19616K(29184K)
[0.885s][info][gc,heap        ] GC(37) ParOldGen: 97259K(112128K)->106971K(112128K)
[0.885s][info][gc,metaspace   ] GC(37) Metaspace: 6298K(6464K)->6298K(6464K) NonClass: 5765K(5824K)->5765K(5824K) Class: 533K(640K)->533K(640K)
[0.885s][info][gc             ] GC(37) Pause Young (Allocation Failure) 123M->123M(143M) 15.838ms
[0.885s][info][gc,cpu         ] GC(37) User=0.00s Sys=0.00s Real=0.02s
[0.885s][info][gc,start       ] GC(38) Pause Full (Ergonomics)
[0.885s][info][gc,phases,start] GC(38) Marking Phase
[0.923s][info][gc,phases      ] GC(38) Marking Phase 37.054ms
[0.923s][info][gc,phases,start] GC(38) Summary Phase
[0.923s][info][gc,phases      ] GC(38) Summary Phase 0.027ms
[0.923s][info][gc,phases,start] GC(38) Adjust Roots
[0.923s][info][gc,phases      ] GC(38) Adjust Roots 0.183ms
[0.923s][info][gc,phases,start] GC(38) Compaction Phase
[0.946s][info][gc,phases      ] GC(38) Compaction Phase 23.500ms
[0.946s][info][gc,phases,start] GC(38) Post Compact
[0.947s][info][gc,phases      ] GC(38) Post Compact 0.597ms
[0.947s][info][gc,heap        ] GC(38) PSYoungGen: 19616K(34816K)->14442K(34816K) Eden: 0K(5632K)->0K(5632K) From: 19616K(29184K)->14442K(29184K)
[0.947s][info][gc,heap        ] GC(38) ParOldGen: 106971K(112128K)->111775K(137728K)
[0.947s][info][gc,metaspace   ] GC(38) Metaspace: 6298K(6464K)->6298K(6464K) NonClass: 5765K(5824K)->5765K(5824K) Class: 533K(640K)->533K(640K)
[0.947s][info][gc             ] GC(38) Pause Full (Ergonomics) 123M->123M(168M) 61.824ms
[0.947s][info][gc,cpu         ] GC(38) User=0.14s Sys=0.00s Real=0.06s
[0.952s][info][gc,start       ] GC(39) Pause Young (Allocation Failure)
[0.969s][info][gc,heap        ] GC(39) PSYoungGen: 20074K(34816K)->10176K(34304K) Eden: 5632K(5632K)->0K(6656K) From: 14442K(29184K)->10176K(27648K)
[0.969s][info][gc,heap        ] GC(39) ParOldGen: 111775K(137728K)->121911K(137728K)
[0.969s][info][gc,metaspace   ] GC(39) Metaspace: 6298K(6464K)->6298K(6464K) NonClass: 5765K(5824K)->5765K(5824K) Class: 533K(640K)->533K(640K)
[0.969s][info][gc             ] GC(39) Pause Young (Allocation Failure) 128M->128M(168M) 17.076ms
[0.969s][info][gc,cpu         ] GC(39) User=0.02s Sys=0.00s Real=0.02s
[0.976s][info][gc,start       ] GC(40) Pause Young (Allocation Failure)
[0.985s][info][gc,heap        ] GC(40) PSYoungGen: 16832K(34304K)->12288K(35840K) Eden: 6656K(6656K)->0K(6656K) From: 10176K(27648K)->12288K(29184K)
[0.985s][info][gc,heap        ] GC(40) ParOldGen: 121911K(137728K)->126463K(137728K)
[0.985s][info][gc,metaspace   ] GC(40) Metaspace: 6298K(6464K)->6298K(6464K) NonClass: 5765K(5824K)->5765K(5824K) Class: 533K(640K)->533K(640K)
[0.985s][info][gc             ] GC(40) Pause Young (Allocation Failure) 135M->135M(169M) 8.796ms
[0.985s][info][gc,cpu         ] GC(40) User=0.00s Sys=0.00s Real=0.01s
[0.985s][info][gc,start       ] GC(41) Pause Full (Ergonomics)
[0.985s][info][gc,phases,start] GC(41) Marking Phase
[1.024s][info][gc,phases      ] GC(41) Marking Phase 39.200ms
[1.025s][info][gc,phases,start] GC(41) Summary Phase
[1.025s][info][gc,phases      ] GC(41) Summary Phase 0.017ms
[1.025s][info][gc,phases,start] GC(41) Adjust Roots
[1.025s][info][gc,phases      ] GC(41) Adjust Roots 0.169ms
[1.025s][info][gc,phases,start] GC(41) Compaction Phase
[1.041s][info][gc,phases      ] GC(41) Compaction Phase 16.379ms
[1.041s][info][gc,phases,start] GC(41) Post Compact
[1.042s][info][gc,phases      ] GC(41) Post Compact 0.792ms
[1.042s][info][gc,heap        ] GC(41) PSYoungGen: 12288K(35840K)->987K(7680K) Eden: 0K(6656K)->0K(6656K) From: 12288K(29184K)->987K(1024K)
[1.042s][info][gc,heap        ] GC(41) ParOldGen: 126463K(137728K)->137458K(166400K)
[1.042s][info][gc,metaspace   ] GC(41) Metaspace: 6298K(6464K)->6298K(6464K) NonClass: 5765K(5824K)->5765K(5824K) Class: 533K(640K)->533K(640K)
[1.042s][info][gc             ] GC(41) Pause Full (Ergonomics) 135M->135M(170M) 57.096ms
[1.042s][info][gc,cpu         ] GC(41) User=0.16s Sys=0.00s Real=0.06s
[1.050s][info][gc,start       ] GC(42) Pause Young (Allocation Failure)
[1.062s][info][gc,heap        ] GC(42) PSYoungGen: 7643K(7680K)->7520K(34304K) Eden: 6656K(6656K)->0K(7680K) From: 987K(1024K)->7520K(26624K)
[1.062s][info][gc,heap        ] GC(42) ParOldGen: 137458K(166400K)->137682K(166400K)
[1.062s][info][gc,metaspace   ] GC(42) Metaspace: 6298K(6464K)->6298K(6464K) NonClass: 5765K(5824K)->5765K(5824K) Class: 533K(640K)->533K(640K)
[1.062s][info][gc             ] GC(42) Pause Young (Allocation Failure) 141M->141M(196M) 12.006ms
[1.062s][info][gc,cpu         ] GC(42) User=0.00s Sys=0.00s Real=0.01s
[1.070s][info][gc,start       ] GC(43) Pause Young (Allocation Failure)
[1.078s][info][gc,heap        ] GC(43) PSYoungGen: 15200K(34304K)->15168K(34816K) Eden: 7680K(7680K)->0K(7680K) From: 7520K(26624K)->15168K(27136K)
[1.078s][info][gc,heap        ] GC(43) ParOldGen: 137682K(166400K)->137682K(166400K)
[1.078s][info][gc,metaspace   ] GC(43) Metaspace: 6298K(6464K)->6298K(6464K) NonClass: 5765K(5824K)->5765K(5824K) Class: 533K(640K)->533K(640K)
[1.078s][info][gc             ] GC(43) Pause Young (Allocation Failure) 149M->149M(196M) 8.006ms
[1.078s][info][gc,cpu         ] GC(43) User=0.00s Sys=0.00s Real=0.01s
[1.087s][info][gc,start       ] GC(44) Pause Young (Allocation Failure)
[1.097s][info][gc,heap        ] GC(44) PSYoungGen: 22848K(34816K)->22816K(33280K) Eden: 7680K(7680K)->0K(6656K) From: 15168K(27136K)->22816K(26624K)
[1.097s][info][gc,heap        ] GC(44) ParOldGen: 137682K(166400K)->137682K(166400K)
[1.097s][info][gc,metaspace   ] GC(44) Metaspace: 6298K(6464K)->6298K(6464K) NonClass: 5765K(5824K)->5765K(5824K) Class: 533K(640K)->533K(640K)
[1.097s][info][gc             ] GC(44) Pause Young (Allocation Failure) 156M->156M(195M) 10.668ms
[1.097s][info][gc,cpu         ] GC(44) User=0.00s Sys=0.00s Real=0.01s
[1.105s][info][gc,start       ] GC(45) Pause Young (Allocation Failure)
[1.117s][info][gc,heap        ] GC(45) PSYoungGen: 29472K(33280K)->28672K(35840K) Eden: 6656K(6656K)->0K(6656K) From: 22816K(26624K)->28672K(29184K)
[1.118s][info][gc,heap        ] GC(45) ParOldGen: 137682K(166400K)->138498K(166400K)
[1.118s][info][gc,metaspace   ] GC(45) Metaspace: 6298K(6464K)->6298K(6464K) NonClass: 5765K(5824K)->5765K(5824K) Class: 533K(640K)->533K(640K)
[1.118s][info][gc             ] GC(45) Pause Young (Allocation Failure) 163M->163M(197M) 13.006ms
[1.118s][info][gc,cpu         ] GC(45) User=0.00s Sys=0.00s Real=0.01s
[1.125s][info][gc,start       ] GC(46) Pause Young (Allocation Failure)
[1.142s][info][gc,heap        ] GC(46) PSYoungGen: 35328K(35840K)->28672K(38400K) Eden: 6656K(6656K)->0K(5120K) From: 28672K(29184K)->28672K(33280K)
[1.142s][info][gc,heap        ] GC(46) ParOldGen: 138498K(166400K)->145250K(166400K)
[1.142s][info][gc,metaspace   ] GC(46) Metaspace: 6298K(6464K)->6298K(6464K) NonClass: 5765K(5824K)->5765K(5824K) Class: 533K(640K)->533K(640K)
[1.142s][info][gc             ] GC(46) Pause Young (Allocation Failure) 169M->169M(200M) 16.445ms
[1.142s][info][gc,cpu         ] GC(46) User=0.02s Sys=0.00s Real=0.02s
[1.173s][info][gc,start       ] GC(47) Pause Young (Allocation Failure)
[1.193s][info][gc,heap        ] GC(47) PSYoungGen: 33792K(38400K)->18432K(41472K) Eden: 5120K(5120K)->0K(5120K) From: 28672K(33280K)->18432K(36352K)
[1.193s][info][gc,heap        ] GC(47) ParOldGen: 153442K(166400K)->168986K(169472K)
[1.193s][info][gc,metaspace   ] GC(47) Metaspace: 6298K(6464K)->6298K(6464K) NonClass: 5765K(5824K)->5765K(5824K) Class: 533K(640K)->533K(640K)
[1.193s][info][gc             ] GC(47) Pause Young (Allocation Failure) 182M->183M(206M) 19.805ms
[1.193s][info][gc,cpu         ] GC(47) User=0.06s Sys=0.00s Real=0.02s
[1.193s][info][gc,start       ] GC(48) Pause Full (Ergonomics)
[1.193s][info][gc,phases,start] GC(48) Marking Phase
[1.236s][info][gc,phases      ] GC(48) Marking Phase 43.099ms
[1.236s][info][gc,phases,start] GC(48) Summary Phase
[1.236s][info][gc,phases      ] GC(48) Summary Phase 0.019ms
[1.236s][info][gc,phases,start] GC(48) Adjust Roots
[1.236s][info][gc,phases      ] GC(48) Adjust Roots 0.151ms
[1.236s][info][gc,phases,start] GC(48) Compaction Phase
[1.271s][info][gc,phases      ] GC(48) Compaction Phase 35.066ms
[1.271s][info][gc,phases,start] GC(48) Post Compact
[1.272s][info][gc,phases      ] GC(48) Post Compact 0.799ms
[1.273s][info][gc,heap        ] GC(48) PSYoungGen: 18432K(41472K)->13742K(41472K) Eden: 0K(5120K)->0K(5120K) From: 18432K(36352K)->13742K(36352K)
[1.273s][info][gc,heap        ] GC(48) ParOldGen: 168986K(169472K)->169064K(202752K)
[1.273s][info][gc,metaspace   ] GC(48) Metaspace: 6298K(6464K)->6298K(6464K) NonClass: 5765K(5824K)->5765K(5824K) Class: 533K(640K)->533K(640K)
[1.273s][info][gc             ] GC(48) Pause Full (Ergonomics) 183M->178M(238M) 79.661ms
[1.273s][info][gc,cpu         ] GC(48) User=0.17s Sys=0.00s Real=0.08s
[1.279s][info][gc,start       ] GC(49) Pause Young (Allocation Failure)
[1.297s][info][gc,heap        ] GC(49) PSYoungGen: 18862K(41472K)->13664K(38400K) Eden: 5120K(5120K)->0K(6144K) From: 13742K(36352K)->13664K(32256K)
[1.297s][info][gc,heap        ] GC(49) ParOldGen: 169064K(202752K)->174440K(202752K)
[1.297s][info][gc,metaspace   ] GC(49) Metaspace: 6298K(6464K)->6298K(6464K) NonClass: 5765K(5824K)->5765K(5824K) Class: 533K(640K)->533K(640K)
[1.297s][info][gc             ] GC(49) Pause Young (Allocation Failure) 183M->183M(235M) 18.356ms
[1.297s][info][gc,cpu         ] GC(49) User=0.03s Sys=0.00s Real=0.02s
[1.304s][info][gc,start       ] GC(50) Pause Young (Allocation Failure)
[1.314s][info][gc,heap        ] GC(50) PSYoungGen: 19808K(38400K)->14880K(21504K) Eden: 6144K(6144K)->0K(6144K) From: 13664K(32256K)->14880K(15360K)
[1.314s][info][gc,heap        ] GC(50) ParOldGen: 174440K(202752K)->179464K(202752K)
[1.314s][info][gc,metaspace   ] GC(50) Metaspace: 6298K(6464K)->6298K(6464K) NonClass: 5765K(5824K)->5765K(5824K) Class: 533K(640K)->533K(640K)
[1.314s][info][gc             ] GC(50) Pause Young (Allocation Failure) 189M->189M(219M) 10.091ms
[1.314s][info][gc,cpu         ] GC(50) User=0.00s Sys=0.00s Real=0.01s
[1.321s][info][gc,start       ] GC(51) Pause Young (Allocation Failure)
[1.331s][info][gc,heap        ] GC(51) PSYoungGen: 21024K(21504K)->17440K(37376K) Eden: 6144K(6144K)->0K(7168K) From: 14880K(15360K)->17440K(30208K)
[1.331s][info][gc,heap        ] GC(51) ParOldGen: 179464K(202752K)->183064K(202752K)
[1.332s][info][gc,metaspace   ] GC(51) Metaspace: 6298K(6464K)->6298K(6464K) NonClass: 5765K(5824K)->5765K(5824K) Class: 533K(640K)->533K(640K)
[1.332s][info][gc             ] GC(51) Pause Young (Allocation Failure) 195M->195M(234M) 10.341ms
[1.332s][info][gc,cpu         ] GC(51) User=0.00s Sys=0.00s Real=0.01s
[1.339s][info][gc,start       ] GC(52) Pause Young (Allocation Failure)
[1.352s][info][gc,heap        ] GC(52) PSYoungGen: 24608K(37376K)->13376K(38400K) Eden: 7168K(7168K)->0K(7168K) From: 17440K(30208K)->13376K(31232K)
[1.352s][info][gc,heap        ] GC(52) ParOldGen: 183064K(202752K)->194448K(202752K)
[1.352s][info][gc,metaspace   ] GC(52) Metaspace: 6298K(6464K)->6298K(6464K) NonClass: 5765K(5824K)->5765K(5824K) Class: 533K(640K)->533K(640K)
[1.352s][info][gc             ] GC(52) Pause Young (Allocation Failure) 202M->202M(235M) 12.458ms
[1.352s][info][gc,cpu         ] GC(52) User=0.02s Sys=0.00s Real=0.01s
[1.352s][info][gc,start       ] GC(53) Pause Full (Ergonomics)
[1.352s][info][gc,phases,start] GC(53) Marking Phase
[1.402s][info][gc,phases      ] GC(53) Marking Phase 49.997ms
[1.402s][info][gc,phases,start] GC(53) Summary Phase
[1.402s][info][gc,phases      ] GC(53) Summary Phase 0.020ms
[1.402s][info][gc,phases,start] GC(53) Adjust Roots
[1.402s][info][gc,phases      ] GC(53) Adjust Roots 0.184ms
[1.402s][info][gc,phases,start] GC(53) Compaction Phase
[1.427s][info][gc,phases      ] GC(53) Compaction Phase 24.283ms
[1.427s][info][gc,phases,start] GC(53) Post Compact
[1.428s][info][gc,phases      ] GC(53) Post Compact 0.899ms
[1.428s][info][gc,heap        ] GC(53) PSYoungGen: 13376K(38400K)->4556K(38400K) Eden: 0K(7168K)->0K(7168K) From: 13376K(31232K)->4556K(31232K)
[1.428s][info][gc,heap        ] GC(53) ParOldGen: 194448K(202752K)->202698K(238080K)
[1.428s][info][gc,metaspace   ] GC(53) Metaspace: 6298K(6464K)->6298K(6464K) NonClass: 5765K(5824K)->5765K(5824K) Class: 533K(640K)->533K(640K)
[1.428s][info][gc             ] GC(53) Pause Full (Ergonomics) 202M->202M(270M) 75.944ms
[1.428s][info][gc,cpu         ] GC(53) User=0.23s Sys=0.00s Real=0.08s
[1.436s][info][gc,start       ] GC(54) Pause Young (Allocation Failure)
[1.452s][info][gc,heap        ] GC(54) PSYoungGen: 11724K(38400K)->7232K(37888K) Eden: 7168K(7168K)->0K(8192K) From: 4556K(31232K)->7232K(29696K)
[1.452s][info][gc,heap        ] GC(54) ParOldGen: 202698K(238080K)->207346K(238080K)
[1.452s][info][gc,metaspace   ] GC(54) Metaspace: 6298K(6464K)->6298K(6464K) NonClass: 5765K(5824K)->5765K(5824K) Class: 533K(640K)->533K(640K)
[1.452s][info][gc             ] GC(54) Pause Young (Allocation Failure) 209M->209M(269M) 15.895ms
[1.452s][info][gc,cpu         ] GC(54) User=0.00s Sys=0.00s Real=0.02s
[1.461s][info][gc,start       ] GC(55) Pause Young (Allocation Failure)
[1.470s][info][gc,heap        ] GC(55) PSYoungGen: 15424K(37888K)->8320K(38400K) Eden: 8192K(8192K)->0K(8192K) From: 7232K(29696K)->8320K(30208K)
[1.470s][info][gc,heap        ] GC(55) ParOldGen: 207346K(238080K)->214610K(238080K)
[1.470s][info][gc,metaspace   ] GC(55) Metaspace: 6298K(6464K)->6298K(6464K) NonClass: 5765K(5824K)->5765K(5824K) Class: 533K(640K)->533K(640K)
[1.470s][info][gc             ] GC(55) Pause Young (Allocation Failure) 217M->217M(270M) 8.885ms
[1.470s][info][gc,cpu         ] GC(55) User=0.00s Sys=0.00s Real=0.01s
[1.480s][info][gc,start       ] GC(56) Pause Young (Allocation Failure)
[1.489s][info][gc,heap        ] GC(56) PSYoungGen: 16512K(38400K)->8256K(38400K) Eden: 8192K(8192K)->0K(9216K) From: 8320K(30208K)->8256K(29184K)
[1.489s][info][gc,heap        ] GC(56) ParOldGen: 214610K(238080K)->222922K(238080K)
[1.489s][info][gc,metaspace   ] GC(56) Metaspace: 6298K(6464K)->6298K(6464K) NonClass: 5765K(5824K)->5765K(5824K) Class: 533K(640K)->533K(640K)
[1.489s][info][gc             ] GC(56) Pause Young (Allocation Failure) 225M->225M(270M) 9.073ms
[1.489s][info][gc,cpu         ] GC(56) User=0.00s Sys=0.00s Real=0.01s
[1.501s][info][gc,start       ] GC(57) Pause Young (Allocation Failure)
[1.511s][info][gc,heap        ] GC(57) PSYoungGen: 17472K(38400K)->9280K(38912K) Eden: 9216K(9216K)->0K(9216K) From: 8256K(29184K)->9280K(29696K)
[1.511s][info][gc,heap        ] GC(57) ParOldGen: 222922K(238080K)->231234K(238080K)
[1.511s][info][gc,metaspace   ] GC(57) Metaspace: 6298K(6464K)->6298K(6464K) NonClass: 5765K(5824K)->5765K(5824K) Class: 533K(640K)->533K(640K)
[1.511s][info][gc             ] GC(57) Pause Young (Allocation Failure) 234M->234M(270M) 10.599ms
[1.511s][info][gc,cpu         ] GC(57) User=0.02s Sys=0.00s Real=0.01s
[1.511s][info][gc,start       ] GC(58) Pause Full (Ergonomics)
[1.511s][info][gc,phases,start] GC(58) Marking Phase
[1.569s][info][gc,phases      ] GC(58) Marking Phase 57.357ms
[1.569s][info][gc,phases,start] GC(58) Summary Phase
[1.569s][info][gc,phases      ] GC(58) Summary Phase 0.017ms
[1.569s][info][gc,phases,start] GC(58) Adjust Roots
[1.569s][info][gc,phases      ] GC(58) Adjust Roots 0.166ms
[1.569s][info][gc,phases,start] GC(58) Compaction Phase
[1.591s][info][gc,phases      ] GC(58) Compaction Phase 22.376ms
[1.591s][info][gc,phases,start] GC(58) Post Compact
[1.593s][info][gc,phases      ] GC(58) Post Compact 1.187ms
[1.593s][info][gc,heap        ] GC(58) PSYoungGen: 9280K(38912K)->2053K(38912K) Eden: 0K(9216K)->0K(9216K) From: 9280K(29696K)->2053K(29696K)
[1.593s][info][gc,heap        ] GC(58) ParOldGen: 231234K(238080K)->237845K(274944K)
[1.593s][info][gc,metaspace   ] GC(58) Metaspace: 6298K(6464K)->6298K(6464K) NonClass: 5765K(5824K)->5765K(5824K) Class: 533K(640K)->533K(640K)
[1.593s][info][gc             ] GC(58) Pause Full (Ergonomics) 234M->234M(306M) 81.659ms
[1.593s][info][gc,cpu         ] GC(58) User=0.36s Sys=0.00s Real=0.08s
[1.603s][info][gc,start       ] GC(59) Pause Young (Allocation Failure)
[1.621s][info][gc,heap        ] GC(59) PSYoungGen: 11269K(38912K)->9344K(37888K) Eden: 9216K(9216K)->0K(10240K) From: 2053K(29696K)->9344K(27648K)
[1.621s][info][gc,heap        ] GC(59) ParOldGen: 237845K(274944K)->239949K(274944K)
[1.621s][info][gc,metaspace   ] GC(59) Metaspace: 6298K(6464K)->6298K(6464K) NonClass: 5765K(5824K)->5765K(5824K) Class: 533K(640K)->533K(640K)
[1.622s][info][gc             ] GC(59) Pause Young (Allocation Failure) 243M->243M(305M) 18.410ms
[1.622s][info][gc,cpu         ] GC(59) User=0.03s Sys=0.00s Real=0.02s
[1.634s][info][gc,start       ] GC(60) Pause Young (Allocation Failure)
[1.644s][info][gc,heap        ] GC(60) PSYoungGen: 19584K(37888K)->19520K(38400K) Eden: 10240K(10240K)->0K(10240K) From: 9344K(27648K)->19520K(28160K)
[1.644s][info][gc,heap        ] GC(60) ParOldGen: 239949K(274944K)->239949K(274944K)
[1.644s][info][gc,metaspace   ] GC(60) Metaspace: 6298K(6464K)->6298K(6464K) NonClass: 5765K(5824K)->5765K(5824K) Class: 533K(640K)->533K(640K)
[1.644s][info][gc             ] GC(60) Pause Young (Allocation Failure) 253M->253M(306M) 10.552ms
[1.644s][info][gc,cpu         ] GC(60) User=0.00s Sys=0.00s Real=0.01s
[1.658s][info][gc,start       ] GC(61) Pause Young (Allocation Failure)
[1.673s][info][gc,heap        ] GC(61) PSYoungGen: 29760K(38400K)->28672K(35840K) Eden: 10240K(10240K)->0K(7168K) From: 19520K(28160K)->28672K(28672K)
[1.673s][info][gc,heap        ] GC(61) ParOldGen: 239949K(274944K)->241013K(274944K)
[1.673s][info][gc,metaspace   ] GC(61) Metaspace: 6298K(6464K)->6298K(6464K) NonClass: 5765K(5824K)->5765K(5824K) Class: 533K(640K)->533K(640K)
[1.673s][info][gc             ] GC(61) Pause Young (Allocation Failure) 263M->263M(303M) 14.927ms
[1.673s][info][gc,cpu         ] GC(61) User=0.02s Sys=0.00s Real=0.02s
[1.682s][info][gc,start       ] GC(62) Pause Young (Allocation Failure)
[1.699s][info][gc,heap        ] GC(62) PSYoungGen: 35840K(35840K)->17056K(40448K) Eden: 7168K(7168K)->0K(7168K) From: 28672K(28672K)->17056K(33280K)
[1.699s][info][gc,heap        ] GC(62) ParOldGen: 241013K(274944K)->260101K(274944K)
[1.699s][info][gc,metaspace   ] GC(62) Metaspace: 6298K(6464K)->6298K(6464K) NonClass: 5765K(5824K)->5765K(5824K) Class: 533K(640K)->533K(640K)
[1.699s][info][gc             ] GC(62) Pause Young (Allocation Failure) 270M->270M(308M) 17.205ms
[1.699s][info][gc,cpu         ] GC(62) User=0.08s Sys=0.02s Real=0.02s
[1.699s][info][gc,start       ] GC(63) Pause Full (Ergonomics)
[1.699s][info][gc,phases,start] GC(63) Marking Phase
[1.762s][info][gc,phases      ] GC(63) Marking Phase 63.151ms
[1.762s][info][gc,phases,start] GC(63) Summary Phase
[1.762s][info][gc,phases      ] GC(63) Summary Phase 0.028ms
[1.762s][info][gc,phases,start] GC(63) Adjust Roots
[1.762s][info][gc,phases      ] GC(63) Adjust Roots 0.150ms
[1.762s][info][gc,phases,start] GC(63) Compaction Phase
[1.789s][info][gc,phases      ] GC(63) Compaction Phase 26.080ms
[1.789s][info][gc,phases,start] GC(63) Post Compact
[1.790s][info][gc,phases      ] GC(63) Post Compact 1.289ms
[1.790s][info][gc,heap        ] GC(63) PSYoungGen: 17056K(40448K)->2102K(40448K) Eden: 0K(7168K)->0K(7168K) From: 17056K(33280K)->2102K(33280K)
[1.790s][info][gc,heap        ] GC(63) ParOldGen: 260101K(274944K)->274533K(317952K)
[1.790s][info][gc,metaspace   ] GC(63) Metaspace: 6298K(6464K)->6298K(6464K) NonClass: 5765K(5824K)->5765K(5824K) Class: 533K(640K)->533K(640K)
[1.790s][info][gc             ] GC(63) Pause Full (Ergonomics) 270M->270M(350M) 91.288ms
[1.791s][info][gc,cpu         ] GC(63) User=0.45s Sys=0.00s Real=0.09s
[1.799s][info][gc,start       ] GC(64) Pause Young (Allocation Failure)
[1.816s][info][gc,heap        ] GC(64) PSYoungGen: 9270K(40448K)->8064K(39424K) Eden: 7168K(7168K)->0K(8192K) From: 2102K(33280K)->8064K(31232K)
[1.816s][info][gc,heap        ] GC(64) ParOldGen: 274533K(317952K)->275925K(317952K)
[1.816s][info][gc,metaspace   ] GC(64) Metaspace: 6298K(6464K)->6298K(6464K) NonClass: 5765K(5824K)->5765K(5824K) Class: 533K(640K)->533K(640K)
[1.816s][info][gc             ] GC(64) Pause Young (Allocation Failure) 277M->277M(349M) 17.415ms
[1.816s][info][gc,cpu         ] GC(64) User=0.03s Sys=0.00s Real=0.02s
[1.826s][info][gc,start       ] GC(65) Pause Young (Allocation Failure)
[1.835s][info][gc,heap        ] GC(65) PSYoungGen: 16256K(39424K)->16256K(39936K) Eden: 8192K(8192K)->0K(8192K) From: 8064K(31232K)->16256K(31744K)
[1.835s][info][gc,heap        ] GC(65) ParOldGen: 275925K(317952K)->275925K(317952K)
[1.835s][info][gc,metaspace   ] GC(65) Metaspace: 6298K(6464K)->6298K(6464K) NonClass: 5765K(5824K)->5765K(5824K) Class: 533K(640K)->533K(640K)
[1.835s][info][gc             ] GC(65) Pause Young (Allocation Failure) 285M->285M(349M) 9.084ms
[1.835s][info][gc,cpu         ] GC(65) User=0.00s Sys=0.00s Real=0.01s
[1.845s][info][gc,start       ] GC(66) Pause Young (Allocation Failure)
[1.857s][info][gc,heap        ] GC(66) PSYoungGen: 24448K(39936K)->24384K(37888K) Eden: 8192K(8192K)->0K(7168K) From: 16256K(31744K)->24384K(30720K)
[1.857s][info][gc,heap        ] GC(66) ParOldGen: 275925K(317952K)->275925K(317952K)
[1.857s][info][gc,metaspace   ] GC(66) Metaspace: 6298K(6464K)->6298K(6464K) NonClass: 5765K(5824K)->5765K(5824K) Class: 533K(640K)->533K(640K)
[1.857s][info][gc             ] GC(66) Pause Young (Allocation Failure) 293M->293M(347M) 12.040ms
[1.857s][info][gc,cpu         ] GC(66) User=0.02s Sys=0.00s Real=0.01s
[1.866s][info][gc,start       ] GC(67) Pause Young (Allocation Failure)
[1.880s][info][gc,heap        ] GC(67) PSYoungGen: 31552K(37888K)->30784K(39936K) Eden: 7168K(7168K)->0K(7168K) From: 24384K(30720K)->30784K(32768K)
[1.881s][info][gc,heap        ] GC(67) ParOldGen: 275925K(317952K)->276741K(317952K)
[1.881s][info][gc,metaspace   ] GC(67) Metaspace: 6298K(6464K)->6298K(6464K) NonClass: 5765K(5824K)->5765K(5824K) Class: 533K(640K)->533K(640K)
[1.881s][info][gc             ] GC(67) Pause Young (Allocation Failure) 300M->300M(349M) 14.671ms
[1.881s][info][gc,cpu         ] GC(67) User=0.02s Sys=0.00s Real=0.02s
[1.890s][info][gc,start       ] GC(68) Pause Young (Allocation Failure)
[1.908s][info][gc,heap        ] GC(68) PSYoungGen: 37952K(39936K)->30784K(41472K) Eden: 7168K(7168K)->0K(5120K) From: 30784K(32768K)->30784K(36352K)
[1.908s][info][gc,heap        ] GC(68) ParOldGen: 276741K(317952K)->284021K(317952K)
[1.908s][info][gc,metaspace   ] GC(68) Metaspace: 6298K(6464K)->6298K(6464K) NonClass: 5765K(5824K)->5765K(5824K) Class: 533K(640K)->533K(640K)
[1.908s][info][gc             ] GC(68) Pause Young (Allocation Failure) 307M->307M(351M) 17.964ms
[1.908s][info][gc,cpu         ] GC(68) User=0.11s Sys=0.02s Real=0.02s
[1.915s][info][gc,start       ] GC(69) Pause Young (Allocation Failure)
[1.932s][info][gc,heap        ] GC(69) PSYoungGen: 35904K(41472K)->19520K(25088K) Eden: 5120K(5120K)->0K(5120K) From: 30784K(36352K)->19520K(19968K)
[1.932s][info][gc,heap        ] GC(69) ParOldGen: 284021K(317952K)->300597K(317952K)
[1.932s][info][gc,metaspace   ] GC(69) Metaspace: 6298K(6464K)->6298K(6464K) NonClass: 5765K(5824K)->5765K(5824K) Class: 533K(640K)->533K(640K)
[1.932s][info][gc             ] GC(69) Pause Young (Allocation Failure) 312M->312M(335M) 17.090ms
[1.932s][info][gc,cpu         ] GC(69) User=0.02s Sys=0.00s Real=0.02s
[1.932s][info][gc,start       ] GC(70) Pause Full (Ergonomics)
[1.932s][info][gc,phases,start] GC(70) Marking Phase
[1.997s][info][gc,phases      ] GC(70) Marking Phase 65.604ms
[1.997s][info][gc,phases,start] GC(70) Summary Phase
[1.997s][info][gc,phases      ] GC(70) Summary Phase 0.031ms
[1.998s][info][gc,phases,start] GC(70) Adjust Roots
[1.998s][info][gc,phases      ] GC(70) Adjust Roots 0.180ms
[1.998s][info][gc,phases,start] GC(70) Compaction Phase
[2.027s][info][gc,phases      ] GC(70) Compaction Phase 28.778ms
[2.027s][info][gc,phases,start] GC(70) Post Compact
[2.028s][info][gc,phases      ] GC(70) Post Compact 1.601ms
[2.028s][info][gc,heap        ] GC(70) PSYoungGen: 19520K(25088K)->1992K(25088K) Eden: 0K(5120K)->0K(5120K) From: 19520K(19968K)->1992K(19968K)
[2.028s][info][gc,heap        ] GC(70) ParOldGen: 300597K(317952K)->317467K(365056K)
[2.028s][info][gc,metaspace   ] GC(70) Metaspace: 6298K(6464K)->6298K(6464K) NonClass: 5765K(5824K)->5765K(5824K) Class: 533K(640K)->533K(640K)
[2.028s][info][gc             ] GC(70) Pause Full (Ergonomics) 312M->311M(381M) 96.795ms
[2.029s][info][gc,cpu         ] GC(70) User=0.58s Sys=0.00s Real=0.10s
[2.035s][info][gc,start       ] GC(71) Pause Young (Allocation Failure)
[2.054s][info][gc,heap        ] GC(71) PSYoungGen: 7112K(25088K)->5760K(43520K) Eden: 5120K(5120K)->0K(5632K) From: 1992K(19968K)->5760K(37888K)
[2.054s][info][gc,heap        ] GC(71) ParOldGen: 317467K(365056K)->318947K(365056K)
[2.054s][info][gc,metaspace   ] GC(71) Metaspace: 6298K(6464K)->6298K(6464K) NonClass: 5765K(5824K)->5765K(5824K) Class: 533K(640K)->533K(640K)
[2.054s][info][gc             ] GC(71) Pause Young (Allocation Failure) 316M->317M(399M) 19.064ms
[2.054s][info][gc,cpu         ] GC(71) User=0.03s Sys=0.00s Real=0.02s
[2.061s][info][gc,start       ] GC(72) Pause Young (Allocation Failure)
[2.068s][info][gc,heap        ] GC(72) PSYoungGen: 11392K(43520K)->10816K(44032K) Eden: 5632K(5632K)->0K(5632K) From: 5760K(37888K)->10816K(38400K)
[2.068s][info][gc,heap        ] GC(72) ParOldGen: 318947K(365056K)->319555K(365056K)
[2.068s][info][gc,metaspace   ] GC(72) Metaspace: 6298K(6464K)->6298K(6464K) NonClass: 5765K(5824K)->5765K(5824K) Class: 533K(640K)->533K(640K)
[2.068s][info][gc             ] GC(72) Pause Young (Allocation Failure) 322M->322M(399M) 6.892ms
[2.068s][info][gc,cpu         ] GC(72) User=0.00s Sys=0.00s Real=0.01s
[2.075s][info][gc,start       ] GC(73) Pause Young (Allocation Failure)
[2.084s][info][gc,heap        ] GC(73) PSYoungGen: 16448K(44032K)->11360K(41984K) Eden: 5632K(5632K)->0K(6656K) From: 10816K(38400K)->11360K(35328K)
[2.084s][info][gc,heap        ] GC(73) ParOldGen: 319555K(365056K)->324747K(365056K)
[2.084s][info][gc,metaspace   ] GC(73) Metaspace: 6298K(6464K)->6298K(6464K) NonClass: 5765K(5824K)->5765K(5824K) Class: 533K(640K)->533K(640K)
[2.084s][info][gc             ] GC(73) Pause Young (Allocation Failure) 328M->328M(397M) 9.214ms
[2.084s][info][gc,cpu         ] GC(73) User=0.00s Sys=0.00s Real=0.01s
[2.093s][info][gc,start       ] GC(74) Pause Young (Allocation Failure)
[2.102s][info][gc,heap        ] GC(74) PSYoungGen: 18016K(41984K)->12416K(19456K) Eden: 6656K(6656K)->0K(6656K) From: 11360K(35328K)->12416K(12800K)
[2.102s][info][gc,heap        ] GC(74) ParOldGen: 324747K(365056K)->330459K(365056K)
[2.102s][info][gc,metaspace   ] GC(74) Metaspace: 6298K(6464K)->6298K(6464K) NonClass: 5765K(5824K)->5765K(5824K) Class: 533K(640K)->533K(640K)
[2.102s][info][gc             ] GC(74) Pause Young (Allocation Failure) 334M->334M(375M) 9.833ms
[2.102s][info][gc,cpu         ] GC(74) User=0.00s Sys=0.02s Real=0.01s
[2.110s][info][gc,start       ] GC(75) Pause Young (Allocation Failure)
[2.121s][info][gc,heap        ] GC(75) PSYoungGen: 19072K(19456K)->6752K(41472K) Eden: 6656K(6656K)->0K(7680K) From: 12416K(12800K)->6752K(33792K)
[2.121s][info][gc,heap        ] GC(75) ParOldGen: 330459K(365056K)->342891K(365056K)
[2.121s][info][gc,metaspace   ] GC(75) Metaspace: 6298K(6464K)->6298K(6464K) NonClass: 5765K(5824K)->5765K(5824K) Class: 533K(640K)->533K(640K)
[2.121s][info][gc             ] GC(75) Pause Young (Allocation Failure) 341M->341M(397M) 10.408ms
[2.121s][info][gc,cpu         ] GC(75) User=0.02s Sys=0.00s Real=0.01s
[2.183s][info][gc,start       ] GC(76) Pause Full (Ergonomics)
[2.183s][info][gc,phases,start] GC(76) Marking Phase
[2.263s][info][gc,phases      ] GC(76) Marking Phase 79.650ms
[2.263s][info][gc,phases,start] GC(76) Summary Phase
[2.263s][info][gc,phases      ] GC(76) Summary Phase 0.022ms
[2.263s][info][gc,phases,start] GC(76) Adjust Roots
[2.263s][info][gc,phases      ] GC(76) Adjust Roots 0.172ms
[2.263s][info][gc,phases,start] GC(76) Compaction Phase
[2.326s][info][gc,phases      ] GC(76) Compaction Phase 63.304ms
[2.326s][info][gc,phases,start] GC(76) Post Compact
[2.328s][info][gc,phases      ] GC(76) Post Compact 1.858ms
[2.328s][info][gc,heap        ] GC(76) PSYoungGen: 14432K(41472K)->0K(41984K) Eden: 7680K(7680K)->0K(7680K) From: 6752K(33792K)->0K(34304K)
[2.328s][info][gc,heap        ] GC(76) ParOldGen: 359275K(365056K)->364837K(413696K)
[2.328s][info][gc,metaspace   ] GC(76) Metaspace: 6298K(6464K)->6298K(6464K) NonClass: 5765K(5824K)->5765K(5824K) Class: 533K(640K)->533K(640K)
[2.328s][info][gc             ] GC(76) Pause Full (Ergonomics) 364M->356M(445M) 145.752ms
[2.328s][info][gc,cpu         ] GC(76) User=0.80s Sys=0.00s Real=0.15s
[2.338s][info][gc,start       ] GC(77) Pause Young (Allocation Failure)
[2.345s][info][gc,heap        ] GC(77) PSYoungGen: 7680K(41984K)->7776K(41984K) Eden: 7680K(7680K)->0K(8704K) From: 0K(34304K)->7776K(33280K)
[2.345s][info][gc,heap        ] GC(77) ParOldGen: 364837K(413696K)->364837K(413696K)
[2.345s][info][gc,metaspace   ] GC(77) Metaspace: 6298K(6464K)->6298K(6464K) NonClass: 5765K(5824K)->5765K(5824K) Class: 533K(640K)->533K(640K)
[2.345s][info][gc             ] GC(77) Pause Young (Allocation Failure) 363M->363M(445M) 6.949ms
[2.345s][info][gc,cpu         ] GC(77) User=0.00s Sys=0.00s Real=0.01s
[2.354s][info][gc,start       ] GC(78) Pause Young (Allocation Failure)
[2.364s][info][gc,heap        ] GC(78) PSYoungGen: 16480K(41984K)->16512K(42496K) Eden: 8704K(8704K)->0K(8704K) From: 7776K(33280K)->16512K(33792K)
[2.364s][info][gc,heap        ] GC(78) ParOldGen: 364837K(413696K)->364837K(413696K)
[2.364s][info][gc,metaspace   ] GC(78) Metaspace: 6298K(6464K)->6298K(6464K) NonClass: 5765K(5824K)->5765K(5824K) Class: 533K(640K)->533K(640K)
[2.364s][info][gc             ] GC(78) Pause Young (Allocation Failure) 372M->372M(445M) 10.239ms
[2.364s][info][gc,cpu         ] GC(78) User=0.00s Sys=0.00s Real=0.01s
[2.375s][info][gc,start       ] GC(79) Pause Young (Allocation Failure)
[2.387s][info][gc,heap        ] GC(79) PSYoungGen: 25216K(42496K)->17472K(41472K) Eden: 8704K(8704K)->0K(9728K) From: 16512K(33792K)->17472K(31744K)
[2.387s][info][gc,heap        ] GC(79) ParOldGen: 364837K(413696K)->372629K(413696K)
[2.387s][info][gc,metaspace   ] GC(79) Metaspace: 6298K(6464K)->6298K(6464K) NonClass: 5765K(5824K)->5765K(5824K) Class: 533K(640K)->533K(640K)
[2.387s][info][gc             ] GC(79) Pause Young (Allocation Failure) 380M->380M(444M) 12.856ms
[2.387s][info][gc,cpu         ] GC(79) User=0.02s Sys=0.00s Real=0.01s
[2.397s][info][gc,start       ] GC(80) Pause Young (Allocation Failure)
[2.411s][info][gc,heap        ] GC(80) PSYoungGen: 27200K(41472K)->18560K(41984K) Eden: 9728K(9728K)->0K(9728K) From: 17472K(31744K)->18560K(32256K)
[2.411s][info][gc,heap        ] GC(80) ParOldGen: 372629K(413696K)->381461K(413696K)
[2.411s][info][gc,metaspace   ] GC(80) Metaspace: 6298K(6464K)->6298K(6464K) NonClass: 5765K(5824K)->5765K(5824K) Class: 533K(640K)->533K(640K)
[2.411s][info][gc             ] GC(80) Pause Young (Allocation Failure) 390M->390M(445M) 13.393ms
[2.411s][info][gc,cpu         ] GC(80) User=0.02s Sys=0.00s Real=0.01s
[2.422s][info][gc,start       ] GC(81) Pause Young (Allocation Failure)
[2.436s][info][gc,heap        ] GC(81) PSYoungGen: 28288K(41984K)->19584K(43008K) Eden: 9728K(9728K)->0K(11264K) From: 18560K(32256K)->19584K(31744K)
[2.436s][info][gc,heap        ] GC(81) ParOldGen: 381461K(413696K)->390285K(413696K)
[2.436s][info][gc,metaspace   ] GC(81) Metaspace: 6298K(6464K)->6298K(6464K) NonClass: 5765K(5824K)->5765K(5824K) Class: 533K(640K)->533K(640K)
[2.436s][info][gc             ] GC(81) Pause Young (Allocation Failure) 400M->400M(446M) 14.033ms
[2.436s][info][gc,cpu         ] GC(81) User=0.02s Sys=0.00s Real=0.01s
[2.448s][info][gc,start       ] GC(82) Pause Young (Allocation Failure)
[2.462s][info][gc,heap        ] GC(82) PSYoungGen: 30848K(43008K)->21056K(43008K) Eden: 11264K(11264K)->0K(11264K) From: 19584K(31744K)->21056K(31744K)
[2.463s][info][gc,heap        ] GC(82) ParOldGen: 390285K(413696K)->400133K(413696K)
[2.463s][info][gc,metaspace   ] GC(82) Metaspace: 6298K(6464K)->6298K(6464K) NonClass: 5765K(5824K)->5765K(5824K) Class: 533K(640K)->533K(640K)
[2.463s][info][gc             ] GC(82) Pause Young (Allocation Failure) 411M->411M(446M) 14.969ms
[2.463s][info][gc,cpu         ] GC(82) User=0.02s Sys=0.00s Real=0.02s
[2.463s][info][gc,start       ] GC(83) Pause Full (Ergonomics)
[2.463s][info][gc,phases,start] GC(83) Marking Phase
[2.550s][info][gc,phases      ] GC(83) Marking Phase 87.202ms
[2.550s][info][gc,phases,start] GC(83) Summary Phase
[2.550s][info][gc,phases      ] GC(83) Summary Phase 0.019ms
[2.550s][info][gc,phases,start] GC(83) Adjust Roots
[2.550s][info][gc,phases      ] GC(83) Adjust Roots 0.157ms
[2.550s][info][gc,phases,start] GC(83) Compaction Phase
[2.595s][info][gc,phases      ] GC(83) Compaction Phase 45.191ms
[2.595s][info][gc,phases,start] GC(83) Post Compact
[2.597s][info][gc,phases      ] GC(83) Post Compact 2.013ms
[2.598s][info][gc,heap        ] GC(83) PSYoungGen: 21056K(43008K)->7129K(43008K) Eden: 0K(11264K)->0K(11264K) From: 21056K(31744K)->7129K(31744K)
[2.598s][info][gc,heap        ] GC(83) ParOldGen: 400133K(413696K)->413324K(465920K)
[2.598s][info][gc,metaspace   ] GC(83) Metaspace: 6298K(6464K)->6298K(6464K) NonClass: 5765K(5824K)->5765K(5824K) Class: 533K(640K)->533K(640K)
[2.598s][info][gc             ] GC(83) Pause Full (Ergonomics) 411M->410M(497M) 135.107ms
[2.598s][info][gc,cpu         ] GC(83) User=0.88s Sys=0.02s Real=0.13s
[2.610s][info][gc,start       ] GC(84) Pause Young (Allocation Failure)
[2.637s][info][gc,heap        ] GC(84) PSYoungGen: 18393K(43008K)->11392K(43008K) Eden: 11264K(11264K)->0K(12800K) From: 7129K(31744K)->11392K(30208K)
[2.637s][info][gc,heap        ] GC(84) ParOldGen: 413324K(465920K)->420572K(465920K)
[2.637s][info][gc,metaspace   ] GC(84) Metaspace: 6298K(6464K)->6298K(6464K) NonClass: 5765K(5824K)->5765K(5824K) Class: 533K(640K)->533K(640K)
[2.637s][info][gc             ] GC(84) Pause Young (Allocation Failure) 421M->421M(497M) 26.552ms
[2.637s][info][gc,cpu         ] GC(84) User=0.14s Sys=0.00s Real=0.03s
[2.651s][info][gc,start       ] GC(85) Pause Young (Allocation Failure)
[2.663s][info][gc,heap        ] GC(85) PSYoungGen: 24192K(43008K)->24160K(44032K) Eden: 12800K(12800K)->0K(12800K) From: 11392K(30208K)->24160K(31232K)
[2.663s][info][gc,heap        ] GC(85) ParOldGen: 420572K(465920K)->420572K(465920K)
[2.663s][info][gc,metaspace   ] GC(85) Metaspace: 6298K(6464K)->6298K(6464K) NonClass: 5765K(5824K)->5765K(5824K) Class: 533K(640K)->533K(640K)
[2.664s][info][gc             ] GC(85) Pause Young (Allocation Failure) 434M->434M(498M) 12.788ms
[2.664s][info][gc,cpu         ] GC(85) User=0.00s Sys=0.00s Real=0.01s
[2.678s][info][gc,start       ] GC(86) Pause Young (Allocation Failure)
[2.696s][info][gc,heap        ] GC(86) PSYoungGen: 36960K(44032K)->25760K(45056K) Eden: 12800K(12800K)->0K(12288K) From: 24160K(31232K)->25760K(32768K)
[2.696s][info][gc,heap        ] GC(86) ParOldGen: 420572K(465920K)->431980K(465920K)
[2.696s][info][gc,metaspace   ] GC(86) Metaspace: 6298K(6464K)->6298K(6464K) NonClass: 5765K(5824K)->5765K(5824K) Class: 533K(640K)->533K(640K)
[2.696s][info][gc             ] GC(86) Pause Young (Allocation Failure) 446M->447M(499M) 18.456ms
[2.696s][info][gc,cpu         ] GC(86) User=0.14s Sys=0.00s Real=0.02s
[2.710s][info][gc,start       ] GC(87) Pause Young (Allocation Failure)
[2.729s][info][gc,heap        ] GC(87) PSYoungGen: 38048K(45056K)->25184K(47104K) Eden: 12288K(12288K)->0K(12288K) From: 25760K(32768K)->25184K(34816K)
[2.729s][info][gc,heap        ] GC(87) ParOldGen: 431980K(465920K)->444956K(465920K)
[2.729s][info][gc,metaspace   ] GC(87) Metaspace: 6298K(6464K)->6298K(6464K) NonClass: 5765K(5824K)->5765K(5824K) Class: 533K(640K)->533K(640K)
[2.729s][info][gc             ] GC(87) Pause Young (Allocation Failure) 459M->459M(501M) 18.897ms
[2.729s][info][gc,cpu         ] GC(87) User=0.16s Sys=0.05s Real=0.02s
[2.743s][info][gc,start       ] GC(88) Pause Young (Allocation Failure)
[2.762s][info][gc,heap        ] GC(88) PSYoungGen: 37472K(47104K)->24672K(48640K) Eden: 12288K(12288K)->0K(12800K) From: 25184K(34816K)->24672K(35840K)
[2.762s][info][gc,heap        ] GC(88) ParOldGen: 444956K(465920K)->457932K(465920K)
[2.762s][info][gc,metaspace   ] GC(88) Metaspace: 6298K(6464K)->6298K(6464K) NonClass: 5765K(5824K)->5765K(5824K) Class: 533K(640K)->533K(640K)
[2.762s][info][gc             ] GC(88) Pause Young (Allocation Failure) 471M->471M(502M) 18.777ms
[2.762s][info][gc,cpu         ] GC(88) User=0.08s Sys=0.05s Real=0.02s
[2.762s][info][gc,start       ] GC(89) Pause Full (Ergonomics)
[2.762s][info][gc,phases,start] GC(89) Marking Phase
[2.868s][info][gc,phases      ] GC(89) Marking Phase 106.095ms
[2.868s][info][gc,phases,start] GC(89) Summary Phase
[2.868s][info][gc,phases      ] GC(89) Summary Phase 0.020ms
[2.868s][info][gc,phases,start] GC(89) Adjust Roots
[2.868s][info][gc,phases      ] GC(89) Adjust Roots 0.154ms
[2.868s][info][gc,phases,start] GC(89) Compaction Phase
[2.918s][info][gc,phases      ] GC(89) Compaction Phase 49.270ms
[2.918s][info][gc,phases,start] GC(89) Post Compact
[2.920s][info][gc,phases      ] GC(89) Post Compact 2.260ms
[2.920s][info][gc,heap        ] GC(89) PSYoungGen: 24672K(48640K)->15820K(48640K) Eden: 0K(12800K)->0K(12800K) From: 24672K(35840K)->15820K(35840K)
[2.920s][info][gc,heap        ] GC(89) ParOldGen: 457932K(465920K)->465904K(524288K)
[2.920s][info][gc,metaspace   ] GC(89) Metaspace: 6298K(6464K)->6298K(6464K) NonClass: 5765K(5824K)->5765K(5824K) Class: 533K(640K)->533K(640K)
[2.920s][info][gc             ] GC(89) Pause Full (Ergonomics) 471M->470M(559M) 158.328ms
[2.920s][info][gc,cpu         ] GC(89) User=1.02s Sys=0.00s Real=0.16s
[2.936s][info][gc,start       ] GC(90) Pause Young (Allocation Failure)
[2.971s][info][gc,heap        ] GC(90) PSYoungGen: 28620K(48640K)->20768K(49664K) Eden: 12800K(12800K)->0K(12800K) From: 15820K(35840K)->20768K(36864K)
[2.971s][info][gc,heap        ] GC(90) ParOldGen: 465904K(524288K)->474016K(524288K)
[2.971s][info][gc,metaspace   ] GC(90) Metaspace: 6298K(6464K)->6298K(6464K) NonClass: 5765K(5824K)->5765K(5824K) Class: 533K(640K)->533K(640K)
[2.971s][info][gc             ] GC(90) Pause Young (Allocation Failure) 482M->483M(560M) 35.122ms
[2.971s][info][gc,cpu         ] GC(90) User=0.14s Sys=0.00s Real=0.04s
[2.984s][info][gc,start       ] GC(91) Pause Young (Allocation Failure)
[3.001s][info][gc,heap        ] GC(91) PSYoungGen: 33568K(49664K)->33568K(45568K) Eden: 12800K(12800K)->0K(10240K) From: 20768K(36864K)->33568K(35328K)
[3.001s][info][gc,heap        ] GC(91) ParOldGen: 474016K(524288K)->474016K(524288K)
[3.001s][info][gc,metaspace   ] GC(91) Metaspace: 6298K(6464K)->6298K(6464K) NonClass: 5765K(5824K)->5765K(5824K) Class: 533K(640K)->533K(640K)
[3.001s][info][gc             ] GC(91) Pause Young (Allocation Failure) 495M->495M(556M) 17.542ms
[3.002s][info][gc,cpu         ] GC(91) User=0.09s Sys=0.03s Real=0.02s
[3.014s][info][gc,start       ] GC(92) Pause Young (Allocation Failure)
[3.035s][info][gc,heap        ] GC(92) PSYoungGen: 43808K(45568K)->36000K(49664K) Eden: 10240K(10240K)->0K(10240K) From: 33568K(35328K)->36000K(39424K)
[3.035s][info][gc,heap        ] GC(92) ParOldGen: 474016K(524288K)->481992K(524288K)
[3.035s][info][gc,metaspace   ] GC(92) Metaspace: 6298K(6464K)->6298K(6464K) NonClass: 5765K(5824K)->5765K(5824K) Class: 533K(640K)->533K(640K)
[3.035s][info][gc             ] GC(92) Pause Young (Allocation Failure) 505M->505M(560M) 21.722ms
[3.035s][info][gc,cpu         ] GC(92) User=0.12s Sys=0.00s Real=0.02s
[3.047s][info][gc,start       ] GC(93) Pause Young (Allocation Failure)
[3.070s][info][gc,heap        ] GC(93) PSYoungGen: 46240K(49664K)->33376K(52736K) Eden: 10240K(10240K)->0K(9728K) From: 36000K(39424K)->33376K(43008K)
[3.070s][info][gc,heap        ] GC(93) ParOldGen: 481992K(524288K)->494968K(524288K)
[3.070s][info][gc,metaspace   ] GC(93) Metaspace: 6298K(6464K)->6298K(6464K) NonClass: 5765K(5824K)->5765K(5824K) Class: 533K(640K)->533K(640K)
[3.070s][info][gc             ] GC(93) Pause Young (Allocation Failure) 515M->515M(563M) 22.932ms
[3.070s][info][gc,cpu         ] GC(93) User=0.12s Sys=0.00s Real=0.02s
[3.081s][info][gc,start       ] GC(94) Pause Young (Allocation Failure)
[3.103s][info][gc,heap        ] GC(94) PSYoungGen: 43104K(52736K)->20096K(54784K) Eden: 9728K(9728K)->0K(9728K) From: 33376K(43008K)->20096K(45056K)
[3.103s][info][gc,heap        ] GC(94) ParOldGen: 494968K(524288K)->518296K(524288K)
[3.103s][info][gc,metaspace   ] GC(94) Metaspace: 6298K(6464K)->6298K(6464K) NonClass: 5765K(5824K)->5765K(5824K) Class: 533K(640K)->533K(640K)
[3.103s][info][gc             ] GC(94) Pause Young (Allocation Failure) 525M->525M(565M) 21.589ms
[3.103s][info][gc,cpu         ] GC(94) User=0.09s Sys=0.05s Real=0.02s
[3.103s][info][gc,start       ] GC(95) Pause Full (Ergonomics)
[3.103s][info][gc,phases,start] GC(95) Marking Phase
[3.217s][info][gc,phases      ] GC(95) Marking Phase 114.352ms
[3.217s][info][gc,phases,start] GC(95) Summary Phase
[3.218s][info][gc,phases      ] GC(95) Summary Phase 0.021ms
[3.218s][info][gc,phases,start] GC(95) Adjust Roots
[3.218s][info][gc,phases      ] GC(95) Adjust Roots 0.161ms
[3.218s][info][gc,phases,start] GC(95) Compaction Phase
[3.267s][info][gc,phases      ] GC(95) Compaction Phase 49.757ms
[3.268s][info][gc,phases,start] GC(95) Post Compact
[3.268s][info][gc,phases      ] GC(95) Post Compact 0.845ms
[3.269s][info][gc,heap        ] GC(95) PSYoungGen: 20096K(54784K)->13265K(54784K) Eden: 0K(9728K)->0K(9728K) From: 20096K(45056K)->13265K(45056K)
[3.269s][info][gc,heap        ] GC(95) ParOldGen: 518296K(524288K)->524115K(590336K)
[3.269s][info][gc,metaspace   ] GC(95) Metaspace: 6298K(6464K)->6298K(6464K) NonClass: 5765K(5824K)->5765K(5824K) Class: 533K(640K)->533K(640K)
[3.269s][info][gc             ] GC(95) Pause Full (Ergonomics) 525M->524M(630M) 165.616ms
[3.269s][info][gc,cpu         ] GC(95) User=1.05s Sys=0.05s Real=0.17s
[3.280s][info][gc,start       ] GC(96) Pause Young (Allocation Failure)
[3.314s][info][gc,heap        ] GC(96) PSYoungGen: 22993K(54784K)->9856K(54272K) Eden: 9728K(9728K)->0K(10752K) From: 13265K(45056K)->9856K(43520K)
[3.314s][info][gc,heap        ] GC(96) ParOldGen: 524115K(590336K)->537579K(590336K)
[3.314s][info][gc,metaspace   ] GC(96) Metaspace: 6298K(6464K)->6298K(6464K) NonClass: 5765K(5824K)->5765K(5824K) Class: 533K(640K)->533K(640K)
[3.314s][info][gc             ] GC(96) Pause Young (Allocation Failure) 534M->534M(629M) 34.148ms
[3.314s][info][gc,cpu         ] GC(96) User=0.16s Sys=0.00s Real=0.03s
[3.327s][info][gc,start       ] GC(97) Pause Young (Allocation Failure)
[3.340s][info][gc,heap        ] GC(97) PSYoungGen: 20608K(54272K)->10880K(54784K) Eden: 10752K(10752K)->0K(10752K) From: 9856K(43520K)->10880K(44032K)
[3.340s][info][gc,heap        ] GC(97) ParOldGen: 537579K(590336K)->547451K(590336K)
[3.340s][info][gc,metaspace   ] GC(97) Metaspace: 6298K(6464K)->6298K(6464K) NonClass: 5765K(5824K)->5765K(5824K) Class: 533K(640K)->533K(640K)
[3.340s][info][gc             ] GC(97) Pause Young (Allocation Failure) 545M->545M(630M) 12.731ms
[3.340s][info][gc,cpu         ] GC(97) User=0.02s Sys=0.00s Real=0.01s
[3.352s][info][gc,start       ] GC(98) Pause Young (Allocation Failure)
[3.364s][info][gc,heap        ] GC(98) PSYoungGen: 21632K(54784K)->10848K(54784K) Eden: 10752K(10752K)->0K(12288K) From: 10880K(44032K)->10848K(42496K)
[3.364s][info][gc,heap        ] GC(98) ParOldGen: 547451K(590336K)->558363K(590336K)
[3.364s][info][gc,metaspace   ] GC(98) Metaspace: 6298K(6464K)->6298K(6464K) NonClass: 5765K(5824K)->5765K(5824K) Class: 533K(640K)->533K(640K)
[3.364s][info][gc             ] GC(98) Pause Young (Allocation Failure) 555M->555M(630M) 12.885ms
[3.364s][info][gc,cpu         ] GC(98) User=0.00s Sys=0.00s Real=0.01s
[3.379s][info][gc,start       ] GC(99) Pause Young (Allocation Failure)
[3.393s][info][gc,heap        ] GC(99) PSYoungGen: 23136K(54784K)->12416K(55296K) Eden: 12288K(12288K)->0K(12288K) From: 10848K(42496K)->12416K(43008K)
[3.393s][info][gc,heap        ] GC(99) ParOldGen: 558363K(590336K)->569259K(590336K)
[3.393s][info][gc,metaspace   ] GC(99) Metaspace: 6298K(6464K)->6298K(6464K) NonClass: 5765K(5824K)->5765K(5824K) Class: 533K(640K)->533K(640K)
[3.393s][info][gc             ] GC(99) Pause Young (Allocation Failure) 567M->568M(630M) 14.155ms
[3.393s][info][gc,cpu         ] GC(99) User=0.02s Sys=0.00s Real=0.01s
[3.407s][info][gc,start       ] GC(100) Pause Young (Allocation Failure)
[3.422s][info][gc,heap        ] GC(100) PSYoungGen: 24704K(55296K)->12416K(53248K) Eden: 12288K(12288K)->0K(13824K) From: 12416K(43008K)->12416K(39424K)
[3.422s][info][gc,heap        ] GC(100) ParOldGen: 569259K(590336K)->581723K(590336K)
[3.422s][info][gc,metaspace   ] GC(100) Metaspace: 6298K(6464K)->6298K(6464K) NonClass: 5765K(5824K)->5765K(5824K) Class: 533K(640K)->533K(640K)
[3.422s][info][gc             ] GC(100) Pause Young (Allocation Failure) 580M->580M(628M) 14.424ms
[3.422s][info][gc,cpu         ] GC(100) User=0.02s Sys=0.00s Real=0.01s
[3.422s][info][gc,start       ] GC(101) Pause Full (Ergonomics)
[3.422s][info][gc,phases,start] GC(101) Marking Phase
[3.545s][info][gc,phases      ] GC(101) Marking Phase 123.749ms
[3.546s][info][gc,phases,start] GC(101) Summary Phase
[3.546s][info][gc,phases      ] GC(101) Summary Phase 0.033ms
[3.546s][info][gc,phases,start] GC(101) Adjust Roots
[3.546s][info][gc,phases      ] GC(101) Adjust Roots 0.214ms
[3.546s][info][gc,phases,start] GC(101) Compaction Phase
[3.596s][info][gc,phases      ] GC(101) Compaction Phase 49.697ms
[3.596s][info][gc,phases,start] GC(101) Post Compact
[3.597s][info][gc,phases      ] GC(101) Post Compact 0.863ms
[3.597s][info][gc,heap        ] GC(101) PSYoungGen: 12416K(53248K)->3058K(54272K) Eden: 0K(13824K)->0K(14848K) From: 12416K(39424K)->3058K(39424K)
[3.597s][info][gc,heap        ] GC(101) ParOldGen: 581723K(590336K)->589971K(657920K)
[3.597s][info][gc,metaspace   ] GC(101) Metaspace: 6298K(6464K)->6298K(6464K) NonClass: 5765K(5824K)->5765K(5824K) Class: 533K(640K)->533K(640K)
[3.597s][info][gc             ] GC(101) Pause Full (Ergonomics) 580M->579M(695M) 175.086ms
[3.597s][info][gc,cpu         ] GC(101) User=1.17s Sys=0.00s Real=0.18s
[3.614s][info][gc,start       ] GC(102) Pause Young (Allocation Failure)
[3.649s][info][gc,heap        ] GC(102) PSYoungGen: 17906K(54272K)->15008K(55296K) Eden: 14848K(14848K)->0K(14848K) From: 3058K(39424K)->15008K(40448K)
[3.649s][info][gc,heap        ] GC(102) ParOldGen: 589971K(657920K)->593107K(657920K)
[3.649s][info][gc,metaspace   ] GC(102) Metaspace: 6298K(6464K)->6298K(6464K) NonClass: 5765K(5824K)->5765K(5824K) Class: 533K(640K)->533K(640K)
[3.649s][info][gc             ] GC(102) Pause Young (Allocation Failure) 593M->593M(696M) 35.495ms
[3.649s][info][gc,cpu         ] GC(102) User=0.14s Sys=0.00s Real=0.04s
[3.667s][info][gc,start       ] GC(103) Pause Young (Allocation Failure)
[3.684s][info][gc,heap        ] GC(103) PSYoungGen: 29856K(55296K)->29824K(53248K) Eden: 14848K(14848K)->0K(14336K) From: 15008K(40448K)->29824K(38912K)
[3.684s][info][gc,heap        ] GC(103) ParOldGen: 593107K(657920K)->593107K(657920K)
[3.684s][info][gc,metaspace   ] GC(103) Metaspace: 6298K(6464K)->6298K(6464K) NonClass: 5765K(5824K)->5765K(5824K) Class: 533K(640K)->533K(640K)
[3.684s][info][gc             ] GC(103) Pause Young (Allocation Failure) 608M->608M(694M) 16.813ms
[3.684s][info][gc,cpu         ] GC(103) User=0.03s Sys=0.00s Real=0.02s
[3.702s][info][gc,start       ] GC(104) Pause Young (Allocation Failure)
[3.725s][info][gc,heap        ] GC(104) PSYoungGen: 44160K(53248K)->40960K(55296K) Eden: 14336K(14336K)->0K(14336K) From: 29824K(38912K)->40960K(40960K)
[3.725s][info][gc,heap        ] GC(104) ParOldGen: 593107K(657920K)->596251K(657920K)
[3.725s][info][gc,metaspace   ] GC(104) Metaspace: 6298K(6464K)->6298K(6464K) NonClass: 5765K(5824K)->5765K(5824K) Class: 533K(640K)->533K(640K)
[3.725s][info][gc             ] GC(104) Pause Young (Allocation Failure) 622M->622M(696M) 23.008ms
[3.725s][info][gc,cpu         ] GC(104) User=0.12s Sys=0.00s Real=0.02s
[3.743s][info][gc,start       ] GC(105) Pause Young (Allocation Failure)
[3.771s][info][gc,heap        ] GC(105) PSYoungGen: 55296K(55296K)->27872K(64000K) Eden: 14336K(14336K)->0K(15872K) From: 40960K(40960K)->27872K(48128K)
[3.771s][info][gc,heap        ] GC(105) ParOldGen: 596251K(657920K)->624155K(657920K)
[3.771s][info][gc,metaspace   ] GC(105) Metaspace: 6298K(6464K)->6298K(6464K) NonClass: 5765K(5824K)->5765K(5824K) Class: 533K(640K)->533K(640K)
[3.771s][info][gc             ] GC(105) Pause Young (Allocation Failure) 636M->636M(705M) 27.589ms
[3.771s][info][gc,cpu         ] GC(105) User=0.11s Sys=0.02s Real=0.03s
[3.789s][info][gc,start       ] GC(106) Pause Young (Allocation Failure)
[3.812s][info][gc,heap        ] GC(106) PSYoungGen: 43744K(64000K)->30304K(64000K) Eden: 15872K(15872K)->0K(15872K) From: 27872K(48128K)->30304K(48128K)
[3.812s][info][gc,heap        ] GC(106) ParOldGen: 624155K(657920K)->637755K(657920K)
[3.812s][info][gc,metaspace   ] GC(106) Metaspace: 6298K(6464K)->6298K(6464K) NonClass: 5765K(5824K)->5765K(5824K) Class: 533K(640K)->533K(640K)
[3.812s][info][gc             ] GC(106) Pause Young (Allocation Failure) 652M->652M(705M) 22.756ms
[3.812s][info][gc,cpu         ] GC(106) User=0.12s Sys=0.00s Real=0.02s
[3.812s][info][gc,start       ] GC(107) Pause Full (Ergonomics)
[3.812s][info][gc,phases,start] GC(107) Marking Phase
[3.958s][info][gc,phases      ] GC(107) Marking Phase 145.690ms
[3.958s][info][gc,phases,start] GC(107) Summary Phase
[3.958s][info][gc,phases      ] GC(107) Summary Phase 0.026ms
[3.958s][info][gc,phases,start] GC(107) Adjust Roots
[3.958s][info][gc,phases      ] GC(107) Adjust Roots 0.200ms
[3.958s][info][gc,phases,start] GC(107) Compaction Phase
[4.015s][info][gc,phases      ] GC(107) Compaction Phase 56.482ms
[4.015s][info][gc,phases,start] GC(107) Post Compact
[4.016s][info][gc,phases      ] GC(107) Post Compact 1.171ms
[4.016s][info][gc,heap        ] GC(107) PSYoungGen: 30304K(64000K)->9709K(64000K) Eden: 0K(15872K)->0K(15872K) From: 30304K(48128K)->9709K(48128K)
[4.016s][info][gc,heap        ] GC(107) ParOldGen: 637755K(657920K)->657409K(735232K)
[4.016s][info][gc,metaspace   ] GC(107) Metaspace: 6298K(6464K)->6298K(6464K) NonClass: 5765K(5824K)->5765K(5824K) Class: 533K(640K)->533K(640K)
[4.016s][info][gc             ] GC(107) Pause Full (Ergonomics) 652M->651M(780M) 204.113ms
[4.016s][info][gc,cpu         ] GC(107) User=1.47s Sys=0.02s Real=0.20s
[4.035s][info][gc,start       ] GC(108) Pause Young (Allocation Failure)
[4.077s][info][gc,heap        ] GC(108) PSYoungGen: 25581K(64000K)->21760K(61440K) Eden: 15872K(15872K)->0K(17920K) From: 9709K(48128K)->21760K(43520K)
[4.077s][info][gc,heap        ] GC(108) ParOldGen: 657409K(735232K)->661449K(735232K)
[4.077s][info][gc,metaspace   ] GC(108) Metaspace: 6298K(6464K)->6298K(6464K) NonClass: 5765K(5824K)->5765K(5824K) Class: 533K(640K)->533K(640K)
[4.077s][info][gc             ] GC(108) Pause Young (Allocation Failure) 666M->667M(778M) 41.469ms
[4.077s][info][gc,cpu         ] GC(108) User=0.25s Sys=0.00s Real=0.04s
[4.100s][info][gc,start       ] GC(109) Pause Young (Allocation Failure)
[4.122s][info][gc,heap        ] GC(109) PSYoungGen: 39680K(61440K)->39744K(64000K) Eden: 17920K(17920K)->0K(17920K) From: 21760K(43520K)->39744K(46080K)
[4.122s][info][gc,heap        ] GC(109) ParOldGen: 661449K(735232K)->661449K(735232K)
[4.122s][info][gc,metaspace   ] GC(109) Metaspace: 6298K(6464K)->6298K(6464K) NonClass: 5765K(5824K)->5765K(5824K) Class: 533K(640K)->533K(640K)
[4.122s][info][gc             ] GC(109) Pause Young (Allocation Failure) 684M->684M(780M) 21.951ms
[4.122s][info][gc,cpu         ] GC(109) User=0.14s Sys=0.00s Real=0.02s
[4.266s][info][gc,start       ] GC(110) Pause Young (Allocation Failure)
[4.309s][info][gc,heap        ] GC(110) PSYoungGen: 57664K(64000K)->50176K(60416K) Eden: 17920K(17920K)->0K(10240K) From: 39744K(46080K)->50176K(50176K)
[4.309s][info][gc,heap        ] GC(110) ParOldGen: 694217K(735232K)->701657K(735232K)
[4.309s][info][gc,metaspace   ] GC(110) Metaspace: 6298K(6464K)->6298K(6464K) NonClass: 5765K(5824K)->5765K(5824K) Class: 533K(640K)->533K(640K)
[4.309s][info][gc             ] GC(110) Pause Young (Allocation Failure) 734M->734M(777M) 42.664ms
[4.309s][info][gc,cpu         ] GC(110) User=0.27s Sys=0.00s Real=0.04s
[4.321s][info][gc,start       ] GC(111) Pause Young (Allocation Failure)
[4.350s][info][gc,heap        ] GC(111) PSYoungGen: 60416K(60416K)->42368K(70144K) Eden: 10240K(10240K)->0K(10240K) From: 50176K(50176K)->42368K(59904K)
[4.350s][info][gc,heap        ] GC(111) ParOldGen: 701657K(735232K)->720041K(735232K)
[4.350s][info][gc,metaspace   ] GC(111) Metaspace: 6298K(6464K)->6298K(6464K) NonClass: 5765K(5824K)->5765K(5824K) Class: 533K(640K)->533K(640K)
[4.350s][info][gc             ] GC(111) Pause Young (Allocation Failure) 744M->744M(786M) 29.311ms
[4.350s][info][gc,cpu         ] GC(111) User=0.06s Sys=0.00s Real=0.03s
[4.350s][info][gc,start       ] GC(112) Pause Full (Ergonomics)
[4.350s][info][gc,phases,start] GC(112) Marking Phase
[4.517s][info][gc,phases      ] GC(112) Marking Phase 167.177ms
[4.517s][info][gc,phases,start] GC(112) Summary Phase
[4.517s][info][gc,phases      ] GC(112) Summary Phase 0.030ms
[4.517s][info][gc,phases,start] GC(112) Adjust Roots
[4.517s][info][gc,phases      ] GC(112) Adjust Roots 0.196ms
[4.518s][info][gc,phases,start] GC(112) Compaction Phase
[4.636s][info][gc,phases      ] GC(112) Compaction Phase 118.903ms
[4.637s][info][gc,phases,start] GC(112) Post Compact
[4.638s][info][gc,phases      ] GC(112) Post Compact 1.515ms
[4.638s][info][gc,heap        ] GC(112) PSYoungGen: 42368K(70144K)->10483K(70144K) Eden: 0K(10240K)->0K(10240K) From: 42368K(59904K)->10483K(59904K)
[4.638s][info][gc,heap        ] GC(112) ParOldGen: 720041K(735232K)->734845K(818176K)
[4.638s][info][gc,metaspace   ] GC(112) Metaspace: 6298K(6464K)->6298K(6464K) NonClass: 5765K(5824K)->5765K(5824K) Class: 533K(640K)->533K(640K)
[4.638s][info][gc             ] GC(112) Pause Full (Ergonomics) 744M->727M(867M) 288.441ms
[4.638s][info][gc,cpu         ] GC(112) User=2.03s Sys=0.00s Real=0.29s
[4.651s][info][gc,start       ] GC(113) Pause Young (Allocation Failure)
[4.692s][info][gc,heap        ] GC(113) PSYoungGen: 20723K(70144K)->19360K(70144K) Eden: 10240K(10240K)->0K(11264K) From: 10483K(59904K)->19360K(58880K)
[4.692s][info][gc,heap        ] GC(113) ParOldGen: 734845K(818176K)->736373K(818176K)
[4.692s][info][gc,metaspace   ] GC(113) Metaspace: 6298K(6464K)->6298K(6464K) NonClass: 5765K(5824K)->5765K(5824K) Class: 533K(640K)->533K(640K)
[4.692s][info][gc             ] GC(113) Pause Young (Allocation Failure) 737M->738M(867M) 40.640ms
[4.692s][info][gc,cpu         ] GC(113) User=0.25s Sys=0.00s Real=0.04s
[4.704s][info][gc,start       ] GC(114) Pause Young (Allocation Failure)
[4.723s][info][gc,heap        ] GC(114) PSYoungGen: 30624K(70144K)->30656K(41984K) Eden: 11264K(11264K)->0K(11264K) From: 19360K(58880K)->30656K(30720K)
[4.723s][info][gc,heap        ] GC(114) ParOldGen: 736373K(818176K)->736373K(818176K)
[4.723s][info][gc,metaspace   ] GC(114) Metaspace: 6298K(6464K)->6298K(6464K) NonClass: 5765K(5824K)->5765K(5824K) Class: 533K(640K)->533K(640K)
[4.723s][info][gc             ] GC(114) Pause Young (Allocation Failure) 749M->749M(840M) 18.471ms
[4.723s][info][gc,cpu         ] GC(114) User=0.03s Sys=0.00s Real=0.02s
[4.736s][info][gc,start       ] GC(115) Pause Young (Allocation Failure)
[4.756s][info][gc,heap        ] GC(115) PSYoungGen: 41920K(41984K)->41888K(68608K) Eden: 11264K(11264K)->0K(10752K) From: 30656K(30720K)->41888K(57856K)
[4.756s][info][gc,heap        ] GC(115) ParOldGen: 736373K(818176K)->736373K(818176K)
[4.756s][info][gc,metaspace   ] GC(115) Metaspace: 6298K(6464K)->6298K(6464K) NonClass: 5765K(5824K)->5765K(5824K) Class: 533K(640K)->533K(640K)
[4.757s][info][gc             ] GC(115) Pause Young (Allocation Failure) 760M->760M(866M) 20.770ms
[4.757s][info][gc,cpu         ] GC(115) User=0.03s Sys=0.00s Real=0.02s
[4.768s][info][gc,start       ] GC(116) Pause Young (Allocation Failure)
[4.792s][info][gc,heap        ] GC(116) PSYoungGen: 52640K(68608K)->49184K(70656K) Eden: 10752K(10752K)->0K(10752K) From: 41888K(57856K)->49184K(59904K)
[4.793s][info][gc,heap        ] GC(116) ParOldGen: 736373K(818176K)->739957K(818176K)
[4.793s][info][gc,metaspace   ] GC(116) Metaspace: 6298K(6464K)->6298K(6464K) NonClass: 5765K(5824K)->5765K(5824K) Class: 533K(640K)->533K(640K)
[4.793s][info][gc             ] GC(116) Pause Young (Allocation Failure) 770M->770M(868M) 24.969ms
[4.793s][info][gc,cpu         ] GC(116) User=0.14s Sys=0.00s Real=0.02s
[4.804s][info][gc,start       ] GC(117) Pause Young (Allocation Failure)
[4.833s][info][gc,heap        ] GC(117) PSYoungGen: 59936K(70656K)->54368K(71168K) Eden: 10752K(10752K)->0K(7168K) From: 49184K(59904K)->54368K(64000K)
[4.833s][info][gc,heap        ] GC(117) ParOldGen: 739957K(818176K)->745533K(818176K)
[4.833s][info][gc,metaspace   ] GC(117) Metaspace: 6298K(6464K)->6298K(6464K) NonClass: 5765K(5824K)->5765K(5824K) Class: 533K(640K)->533K(640K)
[4.833s][info][gc             ] GC(117) Pause Young (Allocation Failure) 781M->781M(868M) 28.532ms
[4.833s][info][gc,cpu         ] GC(117) User=0.12s Sys=0.00s Real=0.03s
[4.841s][info][gc,start       ] GC(118) Pause Young (Allocation Failure)
[4.870s][info][gc,heap        ] GC(118) PSYoungGen: 61536K(71168K)->40000K(76288K) Eden: 7168K(7168K)->0K(7168K) From: 54368K(64000K)->40000K(69120K)
[4.870s][info][gc,heap        ] GC(118) ParOldGen: 745533K(818176K)->767293K(818176K)
[4.870s][info][gc,metaspace   ] GC(118) Metaspace: 6298K(6464K)->6298K(6464K) NonClass: 5765K(5824K)->5765K(5824K) Class: 533K(640K)->533K(640K)
[4.870s][info][gc             ] GC(118) Pause Young (Allocation Failure) 788M->788M(873M) 29.284ms
[4.870s][info][gc,cpu         ] GC(118) User=0.05s Sys=0.09s Real=0.03s
[4.879s][info][gc,start       ] GC(119) Pause Young (Allocation Failure)
[4.904s][info][gc,heap        ] GC(119) PSYoungGen: 47168K(76288K)->25216K(73216K) Eden: 7168K(7168K)->0K(8192K) From: 40000K(69120K)->25216K(65024K)
[4.904s][info][gc,heap        ] GC(119) ParOldGen: 767293K(818176K)->789573K(818176K)
[4.904s][info][gc,metaspace   ] GC(119) Metaspace: 6298K(6464K)->6298K(6464K) NonClass: 5765K(5824K)->5765K(5824K) Class: 533K(640K)->533K(640K)
[4.904s][info][gc             ] GC(119) Pause Young (Allocation Failure) 795M->795M(870M) 24.720ms
[4.904s][info][gc,cpu         ] GC(119) User=0.02s Sys=0.02s Real=0.03s
[4.913s][info][gc,start       ] GC(120) Pause Young (Allocation Failure)
[4.932s][info][gc,heap        ] GC(120) PSYoungGen: 33408K(73216K)->15456K(74752K) Eden: 8192K(8192K)->0K(8192K) From: 25216K(65024K)->15456K(66560K)
[4.932s][info][gc,heap        ] GC(120) ParOldGen: 789573K(818176K)->807693K(818176K)
[4.932s][info][gc,metaspace   ] GC(120) Metaspace: 6298K(6464K)->6298K(6464K) NonClass: 5765K(5824K)->5765K(5824K) Class: 533K(640K)->533K(640K)
[4.932s][info][gc             ] GC(120) Pause Young (Allocation Failure) 803M->803M(872M) 18.889ms
[4.932s][info][gc,cpu         ] GC(120) User=0.06s Sys=0.00s Real=0.02s
[4.932s][info][gc,start       ] GC(121) Pause Full (Ergonomics)
[4.932s][info][gc,phases,start] GC(121) Marking Phase
[5.118s][info][gc,phases      ] GC(121) Marking Phase 185.941ms
[5.118s][info][gc,phases,start] GC(121) Summary Phase
[5.118s][info][gc,phases      ] GC(121) Summary Phase 0.023ms
[5.118s][info][gc,phases,start] GC(121) Adjust Roots
[5.118s][info][gc,phases      ] GC(121) Adjust Roots 0.154ms
[5.118s][info][gc,phases,start] GC(121) Compaction Phase
[5.200s][info][gc,phases      ] GC(121) Compaction Phase 81.900ms
[5.200s][info][gc,phases,start] GC(121) Post Compact
[5.202s][info][gc,phases      ] GC(121) Post Compact 1.387ms
[5.202s][info][gc,heap        ] GC(121) PSYoungGen: 15456K(74752K)->4063K(74752K) Eden: 0K(8192K)->0K(8192K) From: 15456K(66560K)->4063K(66560K)
[5.202s][info][gc,heap        ] GC(121) ParOldGen: 807693K(818176K)->817805K(911872K)
[5.202s][info][gc,metaspace   ] GC(121) Metaspace: 6298K(6464K)->6298K(6464K) NonClass: 5765K(5824K)->5765K(5824K) Class: 533K(640K)->533K(640K)
[5.202s][info][gc             ] GC(121) Pause Full (Ergonomics) 803M->802M(963M) 270.014ms
[5.202s][info][gc,cpu         ] GC(121) User=1.75s Sys=0.00s Real=0.27s
[5.212s][info][gc,start       ] GC(122) Pause Young (Allocation Failure)
[5.255s][info][gc,heap        ] GC(122) PSYoungGen: 12255K(74752K)->8320K(74752K) Eden: 8192K(8192K)->0K(8704K) From: 4063K(66560K)->8320K(66048K)
[5.255s][info][gc,heap        ] GC(122) ParOldGen: 817805K(911872K)->821949K(911872K)
[5.255s][info][gc,metaspace   ] GC(122) Metaspace: 6298K(6464K)->6298K(6464K) NonClass: 5765K(5824K)->5765K(5824K) Class: 533K(640K)->533K(640K)
[5.255s][info][gc             ] GC(122) Pause Young (Allocation Failure) 810M->810M(963M) 43.155ms
[5.255s][info][gc,cpu         ] GC(122) User=0.23s Sys=0.00s Real=0.04s
[5.265s][info][gc,start       ] GC(123) Pause Young (Allocation Failure)
[5.280s][info][gc,heap        ] GC(123) PSYoungGen: 17024K(74752K)->8768K(75776K) Eden: 8704K(8704K)->0K(8704K) From: 8320K(66048K)->8768K(67072K)
[5.280s][info][gc,heap        ] GC(123) ParOldGen: 821949K(911872K)->830245K(911872K)
[5.280s][info][gc,metaspace   ] GC(123) Metaspace: 6298K(6464K)->6298K(6464K) NonClass: 5765K(5824K)->5765K(5824K) Class: 533K(640K)->533K(640K)
[5.280s][info][gc             ] GC(123) Pause Young (Allocation Failure) 819M->819M(964M) 15.095ms
[5.280s][info][gc,cpu         ] GC(123) User=0.02s Sys=0.00s Real=0.02s
[5.290s][info][gc,start       ] GC(124) Pause Young (Allocation Failure)
[5.305s][info][gc,heap        ] GC(124) PSYoungGen: 17472K(75776K)->8800K(75776K) Eden: 8704K(8704K)->0K(10240K) From: 8768K(67072K)->8800K(65536K)
[5.305s][info][gc,heap        ] GC(124) ParOldGen: 830245K(911872K)->839069K(911872K)
[5.306s][info][gc,metaspace   ] GC(124) Metaspace: 6298K(6464K)->6298K(6464K) NonClass: 5765K(5824K)->5765K(5824K) Class: 533K(640K)->533K(640K)
[5.306s][info][gc             ] GC(124) Pause Young (Allocation Failure) 827M->827M(964M) 15.066ms
[5.306s][info][gc,cpu         ] GC(124) User=0.00s Sys=0.00s Real=0.01s
[5.317s][info][gc,start       ] GC(125) Pause Young (Allocation Failure)
[5.333s][info][gc,heap        ] GC(125) PSYoungGen: 19040K(75776K)->10368K(76288K) Eden: 10240K(10240K)->0K(10240K) From: 8800K(65536K)->10368K(66048K)
[5.333s][info][gc,heap        ] GC(125) ParOldGen: 839069K(911872K)->847893K(911872K)
[5.333s][info][gc,metaspace   ] GC(125) Metaspace: 6298K(6464K)->6298K(6464K) NonClass: 5765K(5824K)->5765K(5824K) Class: 533K(640K)->533K(640K)
[5.333s][info][gc             ] GC(125) Pause Young (Allocation Failure) 837M->838M(965M) 15.499ms
[5.333s][info][gc,cpu         ] GC(125) User=0.02s Sys=0.00s Real=0.02s
[5.345s][info][gc,start       ] GC(126) Pause Young (Allocation Failure)
[5.362s][info][gc,heap        ] GC(126) PSYoungGen: 20608K(76288K)->10368K(73216K) Eden: 10240K(10240K)->0K(11776K) From: 10368K(66048K)->10368K(61440K)
[5.362s][info][gc,heap        ] GC(126) ParOldGen: 847893K(911872K)->858285K(911872K)
[5.362s][info][gc,metaspace   ] GC(126) Metaspace: 6298K(6464K)->6298K(6464K) NonClass: 5765K(5824K)->5765K(5824K) Class: 533K(640K)->533K(640K)
[5.362s][info][gc             ] GC(126) Pause Young (Allocation Failure) 848M->848M(962M) 17.493ms
[5.362s][info][gc,cpu         ] GC(126) User=0.03s Sys=0.00s Real=0.02s
[5.376s][info][gc,start       ] GC(127) Pause Young (Allocation Failure)
[5.391s][info][gc,heap        ] GC(127) PSYoungGen: 22144K(73216K)->11872K(24064K) Eden: 11776K(11776K)->0K(11776K) From: 10368K(61440K)->11872K(12288K)
[5.391s][info][gc,heap        ] GC(127) ParOldGen: 858285K(911872K)->868661K(911872K)
[5.391s][info][gc,metaspace   ] GC(127) Metaspace: 6298K(6464K)->6298K(6464K) NonClass: 5765K(5824K)->5765K(5824K) Class: 533K(640K)->533K(640K)
[5.391s][info][gc             ] GC(127) Pause Young (Allocation Failure) 859M->859M(914M) 15.451ms
[5.391s][info][gc,cpu         ] GC(127) User=0.02s Sys=0.00s Real=0.02s
[5.405s][info][gc,start       ] GC(128) Pause Young (Allocation Failure)
[5.421s][info][gc,heap        ] GC(128) PSYoungGen: 23648K(24064K)->11872K(69120K) Eden: 11776K(11776K)->0K(13312K) From: 11872K(12288K)->11872K(55808K)
[5.421s][info][gc,heap        ] GC(128) ParOldGen: 868661K(911872K)->880613K(911872K)
[5.421s][info][gc,metaspace   ] GC(128) Metaspace: 6298K(6464K)->6298K(6464K) NonClass: 5765K(5824K)->5765K(5824K) Class: 533K(640K)->533K(640K)
[5.421s][info][gc             ] GC(128) Pause Young (Allocation Failure) 871M->871M(958M) 16.546ms
[5.421s][info][gc,cpu         ] GC(128) User=0.02s Sys=0.00s Real=0.02s
[5.436s][info][gc,start       ] GC(129) Pause Young (Allocation Failure)
[5.453s][info][gc,heap        ] GC(129) PSYoungGen: 25184K(69120K)->13408K(27136K) Eden: 13312K(13312K)->0K(13312K) From: 11872K(55808K)->13408K(13824K)
[5.453s][info][gc,heap        ] GC(129) ParOldGen: 880613K(911872K)->892541K(911872K)
[5.453s][info][gc,metaspace   ] GC(129) Metaspace: 6298K(6464K)->6298K(6464K) NonClass: 5765K(5824K)->5765K(5824K) Class: 533K(640K)->533K(640K)
[5.453s][info][gc             ] GC(129) Pause Young (Allocation Failure) 884M->884M(917M) 17.060ms
[5.453s][info][gc,cpu         ] GC(129) User=0.03s Sys=0.00s Real=0.02s
[5.453s][info][gc,start       ] GC(130) Pause Full (Ergonomics)
[5.453s][info][gc,phases,start] GC(130) Marking Phase
[5.643s][info][gc,phases      ] GC(130) Marking Phase 189.741ms
[5.643s][info][gc,phases,start] GC(130) Summary Phase
[5.643s][info][gc,phases      ] GC(130) Summary Phase 0.028ms
[5.643s][info][gc,phases,start] GC(130) Adjust Roots
[5.643s][info][gc,phases      ] GC(130) Adjust Roots 0.172ms
[5.643s][info][gc,phases,start] GC(130) Compaction Phase
[5.730s][info][gc,phases      ] GC(130) Compaction Phase 86.982ms
[5.730s][info][gc,phases,start] GC(130) Post Compact
[5.732s][info][gc,phases      ] GC(130) Post Compact 1.530ms
[5.732s][info][gc,heap        ] GC(130) PSYoungGen: 13408K(27136K)->0K(71168K) Eden: 0K(13312K)->0K(15360K) From: 13408K(13824K)->0K(55808K)
[5.732s][info][gc,heap        ] GC(130) ParOldGen: 892541K(911872K)->904560K(996864K)
[5.732s][info][gc,metaspace   ] GC(130) Metaspace: 6298K(6464K)->6298K(6464K) NonClass: 5765K(5824K)->5765K(5824K) Class: 533K(640K)->533K(640K)
[5.732s][info][gc             ] GC(130) Pause Full (Ergonomics) 884M->883M(1043M) 279.015ms
[5.732s][info][gc,cpu         ] GC(130) User=1.89s Sys=0.03s Real=0.28s
[5.752s][info][gc,start       ] GC(131) Pause Young (Allocation Failure)
[5.766s][info][gc,heap        ] GC(131) PSYoungGen: 15360K(71168K)->15456K(31232K) Eden: 15360K(15360K)->0K(15360K) From: 0K(55808K)->15456K(15872K)
[5.767s][info][gc,heap        ] GC(131) ParOldGen: 904560K(996864K)->904560K(996864K)
[5.767s][info][gc,metaspace   ] GC(131) Metaspace: 6298K(6464K)->6298K(6464K) NonClass: 5765K(5824K)->5765K(5824K) Class: 533K(640K)->533K(640K)
[5.767s][info][gc             ] GC(131) Pause Young (Allocation Failure) 898M->898M(1004M) 15.062ms
[5.767s][info][gc,cpu         ] GC(131) User=0.00s Sys=0.00s Real=0.01s
[5.784s][info][gc,start       ] GC(132) Pause Young (Allocation Failure)
[5.803s][info][gc,heap        ] GC(132) PSYoungGen: 30816K(31232K)->30816K(69632K) Eden: 15360K(15360K)->0K(16384K) From: 15456K(15872K)->30816K(53248K)
[5.803s][info][gc,heap        ] GC(132) ParOldGen: 904560K(996864K)->904560K(996864K)
[5.803s][info][gc,metaspace   ] GC(132) Metaspace: 6298K(6464K)->6298K(6464K) NonClass: 5765K(5824K)->5765K(5824K) Class: 533K(640K)->533K(640K)
[5.803s][info][gc             ] GC(132) Pause Young (Allocation Failure) 913M->913M(1041M) 18.605ms
[5.803s][info][gc,cpu         ] GC(132) User=0.03s Sys=0.00s Real=0.02s
[5.822s][info][gc,start       ] GC(133) Pause Young (Allocation Failure)
[5.846s][info][gc,heap        ] GC(133) PSYoungGen: 47200K(69632K)->47232K(70144K) Eden: 16384K(16384K)->0K(16384K) From: 30816K(53248K)->47232K(53760K)
[5.846s][info][gc,heap        ] GC(133) ParOldGen: 904560K(996864K)->904560K(996864K)
[5.846s][info][gc,metaspace   ] GC(133) Metaspace: 6298K(6464K)->6298K(6464K) NonClass: 5765K(5824K)->5765K(5824K) Class: 533K(640K)->533K(640K)
[5.847s][info][gc             ] GC(133) Pause Young (Allocation Failure) 929M->929M(1042M) 24.476ms
[5.847s][info][gc,cpu         ] GC(133) User=0.12s Sys=0.00s Real=0.03s
[5.865s][info][gc,start       ] GC(134) Pause Young (Allocation Failure)
[5.896s][info][gc,heap        ] GC(134) PSYoungGen: 63616K(70144K)->48224K(73216K) Eden: 16384K(16384K)->0K(12800K) From: 47232K(53760K)->48224K(60416K)
[5.896s][info][gc,heap        ] GC(134) ParOldGen: 904560K(996864K)->920128K(996864K)
[5.896s][info][gc,metaspace   ] GC(134) Metaspace: 6298K(6464K)->6298K(6464K) NonClass: 5765K(5824K)->5765K(5824K) Class: 533K(640K)->533K(640K)
[5.896s][info][gc             ] GC(134) Pause Young (Allocation Failure) 945M->945M(1045M) 31.628ms
[5.897s][info][gc,cpu         ] GC(134) User=0.12s Sys=0.02s Real=0.03s
[5.912s][info][gc,start       ] GC(135) Pause Young (Allocation Failure)
[5.942s][info][gc,heap        ] GC(135) PSYoungGen: 61024K(73216K)->45664K(78848K) Eden: 12800K(12800K)->0K(12800K) From: 48224K(60416K)->45664K(66048K)
[5.942s][info][gc,heap        ] GC(135) ParOldGen: 920128K(996864K)->935704K(996864K)
[5.942s][info][gc,metaspace   ] GC(135) Metaspace: 6298K(6464K)->6298K(6464K) NonClass: 5765K(5824K)->5765K(5824K) Class: 533K(640K)->533K(640K)
[5.942s][info][gc             ] GC(135) Pause Young (Allocation Failure) 958M->958M(1050M) 30.222ms
[5.942s][info][gc,cpu         ] GC(135) User=0.14s Sys=0.00s Real=0.03s
[5.958s][info][gc,start       ] GC(136) Pause Young (Allocation Failure)
[5.988s][info][gc,heap        ] GC(136) PSYoungGen: 58464K(78848K)->25728K(75776K) Eden: 12800K(12800K)->0K(14336K) From: 45664K(66048K)->25728K(61440K)
[5.988s][info][gc,heap        ] GC(136) ParOldGen: 935704K(996864K)->968872K(996864K)
[5.988s][info][gc,metaspace   ] GC(136) Metaspace: 6298K(6464K)->6298K(6464K) NonClass: 5765K(5824K)->5765K(5824K) Class: 533K(640K)->533K(640K)
[5.988s][info][gc             ] GC(136) Pause Young (Allocation Failure) 970M->971M(1047M) 30.332ms
[5.988s][info][gc,cpu         ] GC(136) User=0.14s Sys=0.00s Real=0.03s
[5.989s][info][gc,start       ] GC(137) Pause Full (Ergonomics)
[5.989s][info][gc,phases,start] GC(137) Marking Phase
[6.220s][info][gc,phases      ] GC(137) Marking Phase 231.554ms
[6.220s][info][gc,phases,start] GC(137) Summary Phase
[6.220s][info][gc,phases      ] GC(137) Summary Phase 0.035ms
[6.220s][info][gc,phases,start] GC(137) Adjust Roots
[6.220s][info][gc,phases      ] GC(137) Adjust Roots 0.179ms
[6.220s][info][gc,phases,start] GC(137) Compaction Phase
[6.309s][info][gc,phases      ] GC(137) Compaction Phase 88.854ms
[6.309s][info][gc,phases,start] GC(137) Post Compact
[6.311s][info][gc,phases      ] GC(137) Post Compact 1.857ms
[6.312s][info][gc,heap        ] GC(137) PSYoungGen: 25728K(75776K)->0K(79872K) Eden: 0K(14336K)->0K(14336K) From: 25728K(61440K)->0K(65536K)
[6.312s][info][gc,heap        ] GC(137) ParOldGen: 968872K(996864K)->993461K(1101824K)
[6.312s][info][gc,metaspace   ] GC(137) Metaspace: 6298K(6464K)->6298K(6464K) NonClass: 5765K(5824K)->5765K(5824K) Class: 533K(640K)->533K(640K)
[6.312s][info][gc             ] GC(137) Pause Full (Ergonomics) 971M->970M(1154M) 323.311ms
[6.312s][info][gc,cpu         ] GC(137) User=2.38s Sys=0.03s Real=0.32s
[6.328s][info][gc,start       ] GC(138) Pause Young (Allocation Failure)
[6.342s][info][gc,heap        ] GC(138) PSYoungGen: 14336K(79872K)->14464K(77824K) Eden: 14336K(14336K)->0K(15872K) From: 0K(65536K)->14464K(61952K)
[6.342s][info][gc,heap        ] GC(138) ParOldGen: 993461K(1101824K)->993461K(1101824K)
[6.342s][info][gc,metaspace   ] GC(138) Metaspace: 6298K(6464K)->6298K(6464K) NonClass: 5765K(5824K)->5765K(5824K) Class: 533K(640K)->533K(640K)
[6.342s][info][gc             ] GC(138) Pause Young (Allocation Failure) 984M->984M(1152M) 14.075ms
[6.342s][info][gc,cpu         ] GC(138) User=0.00s Sys=0.00s Real=0.01s
[6.360s][info][gc,start       ] GC(139) Pause Young (Allocation Failure)
[6.379s][info][gc,heap        ] GC(139) PSYoungGen: 30336K(77824K)->30336K(79872K) Eden: 15872K(15872K)->0K(15872K) From: 14464K(61952K)->30336K(64000K)
[6.379s][info][gc,heap        ] GC(139) ParOldGen: 993461K(1101824K)->993461K(1101824K)
[6.379s][info][gc,metaspace   ] GC(139) Metaspace: 6298K(6464K)->6298K(6464K) NonClass: 5765K(5824K)->5765K(5824K) Class: 533K(640K)->533K(640K)
[6.379s][info][gc             ] GC(139) Pause Young (Allocation Failure) 999M->999M(1154M) 18.417ms
[6.379s][info][gc,cpu         ] GC(139) User=0.03s Sys=0.00s Real=0.02s
[6.396s][info][gc,start       ] GC(140) Pause Young (Allocation Failure)
[6.420s][info][gc,heap        ] GC(140) PSYoungGen: 46208K(79872K)->46176K(76288K) Eden: 15872K(15872K)->0K(14336K) From: 30336K(64000K)->46176K(61952K)
[6.420s][info][gc,heap        ] GC(140) ParOldGen: 993461K(1101824K)->993461K(1101824K)
[6.420s][info][gc,metaspace   ] GC(140) Metaspace: 6298K(6464K)->6298K(6464K) NonClass: 5765K(5824K)->5765K(5824K) Class: 533K(640K)->533K(640K)
[6.420s][info][gc             ] GC(140) Pause Young (Allocation Failure) 1015M->1015M(1150M) 23.540ms
[6.420s][info][gc,cpu         ] GC(140) User=0.14s Sys=0.00s Real=0.02s
[6.436s][info][gc,start       ] GC(141) Pause Young (Allocation Failure)
[6.466s][info][gc,heap        ] GC(141) PSYoungGen: 60512K(76288K)->46240K(79872K) Eden: 14336K(14336K)->0K(14336K) From: 46176K(61952K)->46240K(65536K)
[6.466s][info][gc,heap        ] GC(141) ParOldGen: 993461K(1101824K)->1008005K(1101824K)
[6.466s][info][gc,metaspace   ] GC(141) Metaspace: 6298K(6464K)->6298K(6464K) NonClass: 5765K(5824K)->5765K(5824K) Class: 533K(640K)->533K(640K)
[6.466s][info][gc             ] GC(141) Pause Young (Allocation Failure) 1029M->1029M(1154M) 30.213ms
[6.466s][info][gc,cpu         ] GC(141) User=0.12s Sys=0.02s Real=0.03s
[6.483s][info][gc,start       ] GC(142) Pause Young (Allocation Failure)
[6.514s][info][gc,heap        ] GC(142) PSYoungGen: 60576K(79872K)->44640K(83456K) Eden: 14336K(14336K)->0K(14848K) From: 46240K(65536K)->44640K(68608K)
[6.514s][info][gc,heap        ] GC(142) ParOldGen: 1008005K(1101824K)->1024109K(1101824K)
[6.514s][info][gc,metaspace   ] GC(142) Metaspace: 6298K(6464K)->6298K(6464K) NonClass: 5765K(5824K)->5765K(5824K) Class: 533K(640K)->533K(640K)
[6.514s][info][gc             ] GC(142) Pause Young (Allocation Failure) 1043M->1043M(1157M) 30.970ms
[6.514s][info][gc,cpu         ] GC(142) User=0.14s Sys=0.00s Real=0.03s
[6.531s][info][gc,start       ] GC(143) Pause Young (Allocation Failure)
[6.562s][info][gc,heap        ] GC(143) PSYoungGen: 59488K(83456K)->43648K(84992K) Eden: 14848K(14848K)->0K(14848K) From: 44640K(68608K)->43648K(70144K)
[6.562s][info][gc,heap        ] GC(143) ParOldGen: 1024109K(1101824K)->1040197K(1101824K)
[6.562s][info][gc,metaspace   ] GC(143) Metaspace: 6298K(6464K)->6298K(6464K) NonClass: 5765K(5824K)->5765K(5824K) Class: 533K(640K)->533K(640K)
[6.562s][info][gc             ] GC(143) Pause Young (Allocation Failure) 1058M->1058M(1159M) 30.253ms
[6.562s][info][gc,cpu         ] GC(143) User=0.14s Sys=0.00s Real=0.03s
[6.578s][info][gc,start       ] GC(144) Pause Young (Allocation Failure)
[6.609s][info][gc,heap        ] GC(144) PSYoungGen: 58496K(84992K)->29824K(80384K) Eden: 14848K(14848K)->0K(16896K) From: 43648K(70144K)->29824K(63488K)
[6.609s][info][gc,heap        ] GC(144) ParOldGen: 1040197K(1101824K)->1069229K(1101824K)
[6.609s][info][gc,metaspace   ] GC(144) Metaspace: 6298K(6464K)->6298K(6464K) NonClass: 5765K(5824K)->5765K(5824K) Class: 533K(640K)->533K(640K)
[6.609s][info][gc             ] GC(144) Pause Young (Allocation Failure) 1072M->1073M(1154M) 31.061ms
[6.609s][info][gc,cpu         ] GC(144) User=0.14s Sys=0.00s Real=0.03s
[6.609s][info][gc,start       ] GC(145) Pause Full (Ergonomics)
[6.609s][info][gc,phases,start] GC(145) Marking Phase
[6.852s][info][gc,phases      ] GC(145) Marking Phase 242.792ms
[6.852s][info][gc,phases,start] GC(145) Summary Phase
[6.852s][info][gc,phases      ] GC(145) Summary Phase 0.038ms
[6.852s][info][gc,phases,start] GC(145) Adjust Roots
[6.852s][info][gc,phases      ] GC(145) Adjust Roots 0.182ms
[6.852s][info][gc,phases,start] GC(145) Compaction Phase
[6.949s][info][gc,phases      ] GC(145) Compaction Phase 96.651ms
[6.949s][info][gc,phases,start] GC(145) Post Compact
[6.951s][info][gc,phases      ] GC(145) Post Compact 1.957ms
[6.952s][info][gc,heap        ] GC(145) PSYoungGen: 29824K(80384K)->0K(83968K) Eden: 0K(16896K)->0K(16896K) From: 29824K(63488K)->0K(67072K)
[6.952s][info][gc,heap        ] GC(145) ParOldGen: 1069229K(1101824K)->1097696K(1218048K)
[6.952s][info][gc,metaspace   ] GC(145) Metaspace: 6298K(6464K)->6298K(6464K) NonClass: 5765K(5824K)->5765K(5824K) Class: 533K(640K)->533K(640K)
[6.952s][info][gc             ] GC(145) Pause Full (Ergonomics) 1073M->1071M(1271M) 342.401ms
[6.952s][info][gc,cpu         ] GC(145) User=2.44s Sys=0.03s Real=0.34s
[6.972s][info][gc,start       ] GC(146) Pause Young (Allocation Failure)
[6.986s][info][gc,heap        ] GC(146) PSYoungGen: 16896K(83968K)->17056K(84480K) Eden: 16896K(16896K)->0K(18944K) From: 0K(67072K)->17056K(65536K)
[6.986s][info][gc,heap        ] GC(146) ParOldGen: 1097696K(1218048K)->1097696K(1218048K)
[6.986s][info][gc,metaspace   ] GC(146) Metaspace: 6298K(6464K)->6298K(6464K) NonClass: 5765K(5824K)->5765K(5824K) Class: 533K(640K)->533K(640K)
[6.986s][info][gc             ] GC(146) Pause Young (Allocation Failure) 1088M->1088M(1272M) 13.988ms
[6.986s][info][gc,cpu         ] GC(146) User=0.02s Sys=0.00s Real=0.01s
[7.007s][info][gc,start       ] GC(147) Pause Young (Allocation Failure)
[7.027s][info][gc,heap        ] GC(147) PSYoungGen: 36000K(84480K)->36000K(85504K) Eden: 18944K(18944K)->0K(18944K) From: 17056K(65536K)->36000K(66560K)
[7.027s][info][gc,heap        ] GC(147) ParOldGen: 1097696K(1218048K)->1097696K(1218048K)
[7.027s][info][gc,metaspace   ] GC(147) Metaspace: 6298K(6464K)->6298K(6464K) NonClass: 5765K(5824K)->5765K(5824K) Class: 533K(640K)->533K(640K)
[7.027s][info][gc             ] GC(147) Pause Young (Allocation Failure) 1107M->1107M(1273M) 20.045ms
[7.027s][info][gc,cpu         ] GC(147) User=0.25s Sys=0.00s Real=0.02s
[7.048s][info][gc,start       ] GC(148) Pause Young (Allocation Failure)
[7.077s][info][gc,heap        ] GC(148) PSYoungGen: 54944K(85504K)->54976K(80896K) Eden: 18944K(18944K)->0K(15872K) From: 36000K(66560K)->54976K(65024K)
[7.077s][info][gc,heap        ] GC(148) ParOldGen: 1097696K(1218048K)->1097696K(1218048K)
[7.077s][info][gc,metaspace   ] GC(148) Metaspace: 6298K(6464K)->6298K(6464K) NonClass: 5765K(5824K)->5765K(5824K) Class: 533K(640K)->533K(640K)
[7.077s][info][gc             ] GC(148) Pause Young (Allocation Failure) 1125M->1125M(1268M) 28.812ms
[7.077s][info][gc,cpu         ] GC(148) User=0.12s Sys=0.02s Real=0.03s
[7.096s][info][gc,start       ] GC(149) Pause Young (Allocation Failure)
[7.130s][info][gc,heap        ] GC(149) PSYoungGen: 70848K(80896K)->53952K(86016K) Eden: 15872K(15872K)->0K(15872K) From: 54976K(65024K)->53952K(70144K)
[7.130s][info][gc,heap        ] GC(149) ParOldGen: 1097696K(1218048K)->1114816K(1218048K)
[7.130s][info][gc,metaspace   ] GC(149) Metaspace: 6298K(6464K)->6298K(6464K) NonClass: 5765K(5824K)->5765K(5824K) Class: 533K(640K)->533K(640K)
[7.130s][info][gc             ] GC(149) Pause Young (Allocation Failure) 1141M->1141M(1273M) 34.875ms
[7.130s][info][gc,cpu         ] GC(149) User=0.23s Sys=0.00s Real=0.04s
[7.149s][info][gc,start       ] GC(150) Pause Young (Allocation Failure)
[7.184s][info][gc,heap        ] GC(150) PSYoungGen: 69824K(86016K)->50848K(90624K) Eden: 15872K(15872K)->0K(16384K) From: 53952K(70144K)->50848K(74240K)
[7.184s][info][gc,heap        ] GC(150) ParOldGen: 1114816K(1218048K)->1134032K(1218048K)
[7.184s][info][gc,metaspace   ] GC(150) Metaspace: 6298K(6464K)->6298K(6464K) NonClass: 5765K(5824K)->5765K(5824K) Class: 533K(640K)->533K(640K)
[7.184s][info][gc             ] GC(150) Pause Young (Allocation Failure) 1156M->1157M(1278M) 34.919ms
[7.184s][info][gc,cpu         ] GC(150) User=0.14s Sys=0.02s Real=0.04s
[7.204s][info][gc,start       ] GC(151) Pause Young (Allocation Failure)
[7.238s][info][gc,heap        ] GC(151) PSYoungGen: 67232K(90624K)->48288K(92160K) Eden: 16384K(16384K)->0K(16384K) From: 50848K(74240K)->48288K(75776K)
[7.238s][info][gc,heap        ] GC(151) ParOldGen: 1134032K(1218048K)->1153240K(1218048K)
[7.238s][info][gc,metaspace   ] GC(151) Metaspace: 6298K(6464K)->6298K(6464K) NonClass: 5765K(5824K)->5765K(5824K) Class: 533K(640K)->533K(640K)
[7.238s][info][gc             ] GC(151) Pause Young (Allocation Failure) 1173M->1173M(1279M) 33.808ms
[7.238s][info][gc,cpu         ] GC(151) User=0.16s Sys=0.00s Real=0.03s
[7.258s][info][gc,start       ] GC(152) Pause Young (Allocation Failure)
[7.292s][info][gc,heap        ] GC(152) PSYoungGen: 64672K(92160K)->32928K(89600K) Eden: 16384K(16384K)->0K(18944K) From: 48288K(75776K)->32928K(70656K)
[7.292s][info][gc,heap        ] GC(152) ParOldGen: 1153240K(1218048K)->1185408K(1218048K)
[7.292s][info][gc,metaspace   ] GC(152) Metaspace: 6298K(6464K)->6298K(6464K) NonClass: 5765K(5824K)->5765K(5824K) Class: 533K(640K)->533K(640K)
[7.292s][info][gc             ] GC(152) Pause Young (Allocation Failure) 1189M->1189M(1277M) 34.255ms
[7.292s][info][gc,cpu         ] GC(152) User=0.16s Sys=0.00s Real=0.03s
[7.292s][info][gc,start       ] GC(153) Pause Full (Ergonomics)
[7.292s][info][gc,phases,start] GC(153) Marking Phase
[7.579s][info][gc,phases      ] GC(153) Marking Phase 286.747ms
[7.579s][info][gc,phases,start] GC(153) Summary Phase
[7.579s][info][gc,phases      ] GC(153) Summary Phase 0.044ms
[7.579s][info][gc,phases,start] GC(153) Adjust Roots
[7.579s][info][gc,phases      ] GC(153) Adjust Roots 0.149ms
[7.579s][info][gc,phases,start] GC(153) Compaction Phase
[7.678s][info][gc,phases      ] GC(153) Compaction Phase 98.525ms
[7.678s][info][gc,phases,start] GC(153) Post Compact
[7.680s][info][gc,phases      ] GC(153) Post Compact 2.145ms
[7.681s][info][gc,heap        ] GC(153) PSYoungGen: 32928K(89600K)->0K(92160K) Eden: 0K(18944K)->0K(18944K) From: 32928K(70656K)->0K(73216K)
[7.681s][info][gc,heap        ] GC(153) ParOldGen: 1185408K(1218048K)->1216780K(1351680K)
[7.681s][info][gc,metaspace   ] GC(153) Metaspace: 6298K(6464K)->6298K(6464K) NonClass: 5765K(5824K)->5765K(5824K) Class: 533K(640K)->533K(640K)
[7.681s][info][gc             ] GC(153) Pause Full (Ergonomics) 1189M->1188M(1410M) 388.373ms
[7.681s][info][gc,cpu         ] GC(153) User=2.66s Sys=0.02s Real=0.39s
[7.703s][info][gc,start       ] GC(154) Pause Young (Allocation Failure)
[7.719s][info][gc,heap        ] GC(154) PSYoungGen: 18944K(92160K)->19072K(92672K) Eden: 18944K(18944K)->0K(20992K) From: 0K(73216K)->19072K(71680K)
[7.719s][info][gc,heap        ] GC(154) ParOldGen: 1216780K(1351680K)->1216780K(1351680K)
[7.719s][info][gc,metaspace   ] GC(154) Metaspace: 6298K(6464K)->6298K(6464K) NonClass: 5765K(5824K)->5765K(5824K) Class: 533K(640K)->533K(640K)
[7.719s][info][gc             ] GC(154) Pause Young (Allocation Failure) 1206M->1206M(1410M) 15.691ms
[7.719s][info][gc,cpu         ] GC(154) User=0.02s Sys=0.00s Real=0.02s
[7.746s][info][gc,start       ] GC(155) Pause Young (Allocation Failure)
[7.768s][info][gc,heap        ] GC(155) PSYoungGen: 40064K(92672K)->40096K(93696K) Eden: 20992K(20992K)->0K(20992K) From: 19072K(71680K)->40096K(72704K)
[7.768s][info][gc,heap        ] GC(155) ParOldGen: 1216780K(1351680K)->1216780K(1351680K)
[7.768s][info][gc,metaspace   ] GC(155) Metaspace: 6298K(6464K)->6298K(6464K) NonClass: 5765K(5824K)->5765K(5824K) Class: 533K(640K)->533K(640K)
[7.768s][info][gc             ] GC(155) Pause Young (Allocation Failure) 1227M->1227M(1411M) 22.036ms
[7.768s][info][gc,cpu         ] GC(155) User=0.12s Sys=0.00s Real=0.02s
[7.793s][info][gc,start       ] GC(156) Pause Young (Allocation Failure)
[7.824s][info][gc,heap        ] GC(156) PSYoungGen: 61088K(93696K)->61024K(88576K) Eden: 20992K(20992K)->0K(17920K) From: 40096K(72704K)->61024K(70656K)
[7.824s][info][gc,heap        ] GC(156) ParOldGen: 1216780K(1351680K)->1216780K(1351680K)
[7.824s][info][gc,metaspace   ] GC(156) Metaspace: 6298K(6464K)->6298K(6464K) NonClass: 5765K(5824K)->5765K(5824K) Class: 533K(640K)->533K(640K)
[7.824s][info][gc             ] GC(156) Pause Young (Allocation Failure) 1247M->1247M(1406M) 31.463ms
[7.824s][info][gc,cpu         ] GC(156) User=0.14s Sys=0.00s Real=0.03s
[7.847s][info][gc,start       ] GC(157) Pause Young (Allocation Failure)
[7.887s][info][gc,heap        ] GC(157) PSYoungGen: 78944K(88576K)->60064K(94208K) Eden: 17920K(17920K)->0K(17920K) From: 61024K(70656K)->60064K(76288K)
[7.887s][info][gc,heap        ] GC(157) ParOldGen: 1216780K(1351680K)->1236004K(1351680K)
[7.887s][info][gc,metaspace   ] GC(157) Metaspace: 6298K(6464K)->6298K(6464K) NonClass: 5765K(5824K)->5765K(5824K) Class: 533K(640K)->533K(640K)
[7.887s][info][gc             ] GC(157) Pause Young (Allocation Failure) 1265M->1265M(1412M) 40.067ms
[7.887s][info][gc,cpu         ] GC(157) User=0.27s Sys=0.00s Real=0.04s
[7.907s][info][gc,start       ] GC(158) Pause Young (Allocation Failure)
[7.944s][info][gc,heap        ] GC(158) PSYoungGen: 77984K(94208K)->51104K(100352K) Eden: 17920K(17920K)->0K(19968K) From: 60064K(76288K)->51104K(80384K)
[7.944s][info][gc,heap        ] GC(158) ParOldGen: 1236004K(1351680K)->1257300K(1351680K)
[7.944s][info][gc,metaspace   ] GC(158) Metaspace: 6298K(6464K)->6298K(6464K) NonClass: 5765K(5824K)->5765K(5824K) Class: 533K(640K)->533K(640K)
[7.944s][info][gc             ] GC(158) Pause Young (Allocation Failure) 1283M->1277M(1418M) 37.658ms
[7.944s][info][gc,cpu         ] GC(158) User=0.20s Sys=0.05s Real=0.04s
[7.962s][info][gc,start       ] GC(159) Pause Young (Allocation Failure)
[7.996s][info][gc,heap        ] GC(159) PSYoungGen: 71072K(100352K)->40448K(60416K) Eden: 19968K(19968K)->0K(19968K) From: 51104K(80384K)->40448K(40448K)
[7.996s][info][gc,heap        ] GC(159) ParOldGen: 1257300K(1351680K)->1278580K(1351680K)
[7.996s][info][gc,metaspace   ] GC(159) Metaspace: 6298K(6464K)->6298K(6464K) NonClass: 5765K(5824K)->5765K(5824K) Class: 533K(640K)->533K(640K)
[7.996s][info][gc             ] GC(159) Pause Young (Allocation Failure) 1297M->1288M(1379M) 33.215ms
[7.996s][info][gc,cpu         ] GC(159) User=0.16s Sys=0.02s Real=0.03s
[8.022s][info][gc,start       ] GC(160) Pause Young (Allocation Failure)
[8.056s][info][gc,heap        ] GC(160) PSYoungGen: 60416K(60416K)->29344K(96256K) Eden: 19968K(19968K)->0K(22528K) From: 40448K(40448K)->29344K(73728K)
[8.056s][info][gc,heap        ] GC(160) ParOldGen: 1278580K(1351680K)->1308916K(1351680K)
[8.056s][info][gc,metaspace   ] GC(160) Metaspace: 6298K(6464K)->6298K(6464K) NonClass: 5765K(5824K)->5765K(5824K) Class: 533K(640K)->533K(640K)
[8.056s][info][gc             ] GC(160) Pause Young (Allocation Failure) 1307M->1306M(1414M) 33.649ms
[8.056s][info][gc,cpu         ] GC(160) User=0.19s Sys=0.00s Real=0.03s
[8.085s][info][gc,start       ] GC(161) Pause Young (Allocation Failure)
[8.115s][info][gc,heap        ] GC(161) PSYoungGen: 51872K(96256K)->41504K(64512K) Eden: 22528K(22528K)->0K(22528K) From: 29344K(73728K)->41504K(41984K)
[8.115s][info][gc,heap        ] GC(161) ParOldGen: 1308916K(1351680K)->1319444K(1351680K)
[8.115s][info][gc,metaspace   ] GC(161) Metaspace: 6298K(6464K)->6298K(6464K) NonClass: 5765K(5824K)->5765K(5824K) Class: 533K(640K)->533K(640K)
[8.115s][info][gc             ] GC(161) Pause Young (Allocation Failure) 1328M->1329M(1383M) 30.516ms
[8.115s][info][gc,cpu         ] GC(161) User=0.25s Sys=0.00s Real=0.03s
[8.115s][info][gc,start       ] GC(162) Pause Full (Ergonomics)
[8.116s][info][gc,phases,start] GC(162) Marking Phase
[8.429s][info][gc,phases      ] GC(162) Marking Phase 313.015ms
[8.429s][info][gc,phases,start] GC(162) Summary Phase
[8.429s][info][gc,phases      ] GC(162) Summary Phase 0.034ms
[8.429s][info][gc,phases,start] GC(162) Adjust Roots
[8.429s][info][gc,phases      ] GC(162) Adjust Roots 0.265ms
[8.429s][info][gc,phases,start] GC(162) Compaction Phase
[8.803s][info][gc,phases      ] GC(162) Compaction Phase 374.201ms
[8.803s][info][gc,phases,start] GC(162) Post Compact
[8.806s][info][gc,phases      ] GC(162) Post Compact 2.656ms
[8.806s][info][gc,heap        ] GC(162) PSYoungGen: 41504K(64512K)->7564K(64512K) Eden: 0K(22528K)->0K(22528K) From: 41504K(41984K)->7564K(41984K)
[8.806s][info][gc,heap        ] GC(162) ParOldGen: 1319444K(1351680K)->1351559K(1498624K)
[8.806s][info][gc,metaspace   ] GC(162) Metaspace: 6298K(6464K)->6298K(6464K) NonClass: 5765K(5824K)->5765K(5824K) Class: 533K(640K)->533K(640K)
[8.806s][info][gc             ] GC(162) Pause Full (Ergonomics) 1329M->1327M(1526M) 690.997ms
[8.807s][info][gc,cpu         ] GC(162) User=5.00s Sys=0.02s Real=0.69s
[8.837s][info][gc,start       ] GC(163) Pause Young (Allocation Failure)
[8.914s][info][gc,heap        ] GC(163) PSYoungGen: 30092K(64512K)->27776K(95232K) Eden: 22528K(22528K)->0K(25088K) From: 7564K(41984K)->27776K(70144K)
[8.914s][info][gc,heap        ] GC(163) ParOldGen: 1351559K(1498624K)->1354087K(1498624K)
[8.914s][info][gc,metaspace   ] GC(163) Metaspace: 6298K(6464K)->6298K(6464K) NonClass: 5765K(5824K)->5765K(5824K) Class: 533K(640K)->533K(640K)
[8.914s][info][gc             ] GC(163) Pause Young (Allocation Failure) 1349M->1349M(1556M) 76.865ms
[8.914s][info][gc,cpu         ] GC(163) User=0.39s Sys=0.00s Real=0.08s
[8.947s][info][gc,start       ] GC(164) Pause Young (Allocation Failure)
[8.981s][info][gc,heap        ] GC(164) PSYoungGen: 52864K(95232K)->52896K(96256K) Eden: 25088K(25088K)->0K(25088K) From: 27776K(70144K)->52896K(71168K)
[8.981s][info][gc,heap        ] GC(164) ParOldGen: 1354087K(1498624K)->1354087K(1498624K)
[8.981s][info][gc,metaspace   ] GC(164) Metaspace: 6298K(6464K)->6298K(6464K) NonClass: 5765K(5824K)->5765K(5824K) Class: 533K(640K)->533K(640K)
[8.981s][info][gc             ] GC(164) Pause Young (Allocation Failure) 1373M->1374M(1557M) 33.712ms
[8.981s][info][gc,cpu         ] GC(164) User=0.14s Sys=0.00s Real=0.03s
[9.253s][info][gc,start       ] GC(165) Pause Young (Allocation Failure)
[9.332s][info][gc,heap        ] GC(165) PSYoungGen: 77984K(96256K)->73216K(90112K) Eden: 25088K(25088K)->0K(16896K) From: 52896K(71168K)->73216K(73216K)
[9.332s][info][gc,heap        ] GC(165) ParOldGen: 1419623K(1498624K)->1424391K(1498624K)
[9.332s][info][gc,metaspace   ] GC(165) Metaspace: 6298K(6464K)->6298K(6464K) NonClass: 5765K(5824K)->5765K(5824K) Class: 533K(640K)->533K(640K)
[9.332s][info][gc             ] GC(165) Pause Young (Allocation Failure) 1462M->1462M(1551M) 79.129ms
[9.332s][info][gc,cpu         ] GC(165) User=0.33s Sys=0.00s Real=0.08s
[9.351s][info][gc,start       ] GC(166) Pause Young (Allocation Failure)
[9.400s][info][gc,heap        ] GC(166) PSYoungGen: 90112K(90112K)->64416K(100864K) Eden: 16896K(16896K)->0K(16896K) From: 73216K(73216K)->64416K(83968K)
[9.400s][info][gc,heap        ] GC(166) ParOldGen: 1424391K(1498624K)->1450479K(1498624K)
[9.400s][info][gc,metaspace   ] GC(166) Metaspace: 6298K(6464K)->6298K(6464K) NonClass: 5765K(5824K)->5765K(5824K) Class: 533K(640K)->533K(640K)
[9.400s][info][gc             ] GC(166) Pause Young (Allocation Failure) 1479M->1479M(1562M) 49.708ms
[9.400s][info][gc,cpu         ] GC(166) User=0.19s Sys=0.02s Real=0.05s
[9.417s][info][gc,start       ] GC(167) Pause Young (Allocation Failure)
[9.465s][info][gc,heap        ] GC(167) PSYoungGen: 81312K(100864K)->81344K(96768K) Eden: 16896K(16896K)->0K(9728K) From: 64416K(83968K)->81344K(87040K)
[9.465s][info][gc,heap        ] GC(167) ParOldGen: 1450479K(1498624K)->1450479K(1498624K)
[9.465s][info][gc,metaspace   ] GC(167) Metaspace: 6298K(6464K)->6298K(6464K) NonClass: 5765K(5824K)->5765K(5824K) Class: 533K(640K)->533K(640K)
[9.465s][info][gc             ] GC(167) Pause Young (Allocation Failure) 1495M->1495M(1558M) 47.662ms
[9.465s][info][gc,cpu         ] GC(167) User=0.06s Sys=0.00s Real=0.05s
[9.475s][info][gc,start       ] GC(168) Pause Young (Allocation Failure)
[9.523s][info][gc,heap        ] GC(168) PSYoungGen: 91072K(96768K)->67008K(105984K) Eden: 9728K(9728K)->0K(9728K) From: 81344K(87040K)->67008K(96256K)
[9.523s][info][gc,heap        ] GC(168) ParOldGen: 1450479K(1498624K)->1474839K(1498624K)
[9.523s][info][gc,metaspace   ] GC(168) Metaspace: 6298K(6464K)->6298K(6464K) NonClass: 5765K(5824K)->5765K(5824K) Class: 533K(640K)->533K(640K)
[9.523s][info][gc             ] GC(168) Pause Young (Allocation Failure) 1505M->1505M(1567M) 48.509ms
[9.523s][info][gc,cpu         ] GC(168) User=0.16s Sys=0.02s Real=0.05s
[9.523s][info][gc,start       ] GC(169) Pause Full (Ergonomics)
[9.523s][info][gc,phases,start] GC(169) Marking Phase
[9.864s][info][gc,phases      ] GC(169) Marking Phase 340.836ms
[9.864s][info][gc,phases,start] GC(169) Summary Phase
[9.864s][info][gc,phases      ] GC(169) Summary Phase 0.028ms
[9.864s][info][gc,phases,start] GC(169) Adjust Roots
[9.864s][info][gc,phases      ] GC(169) Adjust Roots 0.189ms
[9.864s][info][gc,phases,start] GC(169) Compaction Phase
[10.109s][info][gc,phases      ] GC(169) Compaction Phase 244.869ms
[10.109s][info][gc,phases,start] GC(169) Post Compact
[10.113s][info][gc,phases      ] GC(169) Post Compact 3.126ms
[10.113s][info][gc,heap        ] GC(169) PSYoungGen: 67008K(105984K)->9473K(105984K) Eden: 0K(9728K)->0K(9728K) From: 67008K(96256K)->9473K(96256K)
[10.113s][info][gc,heap        ] GC(169) ParOldGen: 1474839K(1498624K)->1498445K(1657344K)
[10.113s][info][gc,metaspace   ] GC(169) Metaspace: 6298K(6464K)->6298K(6464K) NonClass: 5765K(5824K)->5765K(5824K) Class: 533K(640K)->533K(640K)
[10.113s][info][gc             ] GC(169) Pause Full (Ergonomics) 1505M->1472M(1722M) 589.895ms
[10.113s][info][gc,cpu         ] GC(169) User=4.00s Sys=0.05s Real=0.59s
[10.124s][info][gc,start       ] GC(170) Pause Young (Allocation Failure)
[10.198s][info][gc,heap        ] GC(170) PSYoungGen: 19201K(105984K)->13248K(107008K) Eden: 9728K(9728K)->0K(9216K) From: 9473K(96256K)->13248K(97792K)
[10.198s][info][gc,heap        ] GC(170) ParOldGen: 1498445K(1657344K)->1504677K(1657344K)
[10.198s][info][gc,metaspace   ] GC(170) Metaspace: 6298K(6464K)->6298K(6464K) NonClass: 5765K(5824K)->5765K(5824K) Class: 533K(640K)->533K(640K)
[10.198s][info][gc             ] GC(170) Pause Young (Allocation Failure) 1482M->1482M(1723M) 74.405ms
[10.198s][info][gc,cpu         ] GC(170) User=0.42s Sys=0.00s Real=0.07s
[10.207s][info][gc,start       ] GC(171) Pause Young (Allocation Failure)
[10.229s][info][gc,heap        ] GC(171) PSYoungGen: 22464K(107008K)->19072K(109056K) Eden: 9216K(9216K)->0K(9216K) From: 13248K(97792K)->19072K(99840K)
[10.229s][info][gc,heap        ] GC(171) ParOldGen: 1504677K(1657344K)->1508069K(1657344K)
[10.229s][info][gc,metaspace   ] GC(171) Metaspace: 6298K(6464K)->6298K(6464K) NonClass: 5765K(5824K)->5765K(5824K) Class: 533K(640K)->533K(640K)
[10.229s][info][gc             ] GC(171) Pause Young (Allocation Failure) 1491M->1491M(1725M) 21.711ms
[10.229s][info][gc,cpu         ] GC(171) User=0.05s Sys=0.00s Real=0.02s
[10.238s][info][gc,start       ] GC(172) Pause Young (Allocation Failure)
[10.264s][info][gc,heap        ] GC(172) PSYoungGen: 28288K(109056K)->28256K(104960K) Eden: 9216K(9216K)->0K(10752K) From: 19072K(99840K)->28256K(94208K)
[10.264s][info][gc,heap        ] GC(172) ParOldGen: 1508069K(1657344K)->1508125K(1657344K)
[10.264s][info][gc,metaspace   ] GC(172) Metaspace: 6298K(6464K)->6298K(6464K) NonClass: 5765K(5824K)->5765K(5824K) Class: 533K(640K)->533K(640K)
[10.264s][info][gc             ] GC(172) Pause Young (Allocation Failure) 1500M->1500M(1721M) 26.279ms
[10.265s][info][gc,cpu         ] GC(172) User=0.05s Sys=0.00s Real=0.03s
[10.276s][info][gc,start       ] GC(173) Pause Young (Allocation Failure)
[10.303s][info][gc,heap        ] GC(173) PSYoungGen: 39008K(104960K)->20096K(107520K) Eden: 10752K(10752K)->0K(10752K) From: 28256K(94208K)->20096K(96768K)
[10.303s][info][gc,heap        ] GC(173) ParOldGen: 1508125K(1657344K)->1527293K(1657344K)
[10.303s][info][gc,metaspace   ] GC(173) Metaspace: 6298K(6464K)->6298K(6464K) NonClass: 5765K(5824K)->5765K(5824K) Class: 533K(640K)->533K(640K)
[10.303s][info][gc             ] GC(173) Pause Young (Allocation Failure) 1510M->1511M(1723M) 27.382ms
[10.303s][info][gc,cpu         ] GC(173) User=0.02s Sys=0.00s Real=0.03s
[10.316s][info][gc,start       ] GC(174) Pause Young (Allocation Failure)
[10.344s][info][gc,heap        ] GC(174) PSYoungGen: 30848K(107520K)->10880K(108032K) Eden: 10752K(10752K)->0K(12800K) From: 20096K(96768K)->10880K(95232K)
[10.345s][info][gc,heap        ] GC(174) ParOldGen: 1527293K(1657344K)->1547485K(1657344K)
[10.345s][info][gc,metaspace   ] GC(174) Metaspace: 6298K(6464K)->6298K(6464K) NonClass: 5765K(5824K)->5765K(5824K) Class: 533K(640K)->533K(640K)
[10.345s][info][gc             ] GC(174) Pause Young (Allocation Failure) 1521M->1521M(1724M) 28.633ms
[10.345s][info][gc,cpu         ] GC(174) User=0.03s Sys=0.00s Real=0.03s
[10.358s][info][gc,start       ] GC(175) Pause Young (Allocation Failure)
[10.386s][info][gc,heap        ] GC(175) PSYoungGen: 23680K(108032K)->12896K(108032K) Eden: 12800K(12800K)->0K(12800K) From: 10880K(95232K)->12896K(95232K)
[10.386s][info][gc,heap        ] GC(175) ParOldGen: 1547485K(1657344K)->1558381K(1657344K)
[10.386s][info][gc,metaspace   ] GC(175) Metaspace: 6298K(6464K)->6298K(6464K) NonClass: 5765K(5824K)->5765K(5824K) Class: 533K(640K)->533K(640K)
[10.386s][info][gc             ] GC(175) Pause Young (Allocation Failure) 1534M->1534M(1724M) 27.384ms
[10.386s][info][gc,cpu         ] GC(175) User=0.02s Sys=0.00s Real=0.03s
[10.400s][info][gc,start       ] GC(176) Pause Young (Allocation Failure)
[10.423s][info][gc,heap        ] GC(176) PSYoungGen: 25696K(108032K)->12960K(104448K) Eden: 12800K(12800K)->0K(14848K) From: 12896K(95232K)->12960K(89600K)
[10.423s][info][gc,heap        ] GC(176) ParOldGen: 1558381K(1657344K)->1571357K(1657344K)
[10.423s][info][gc,metaspace   ] GC(176) Metaspace: 6298K(6464K)->6298K(6464K) NonClass: 5765K(5824K)->5765K(5824K) Class: 533K(640K)->533K(640K)
[10.424s][info][gc             ] GC(176) Pause Young (Allocation Failure) 1546M->1547M(1720M) 23.960ms
[10.424s][info][gc,cpu         ] GC(176) User=0.02s Sys=0.00s Real=0.03s
[10.441s][info][gc,start       ] GC(177) Pause Young (Allocation Failure)
[10.467s][info][gc,heap        ] GC(177) PSYoungGen: 27808K(104448K)->15008K(30208K) Eden: 14848K(14848K)->0K(14848K) From: 12960K(89600K)->15008K(15360K)
[10.467s][info][gc,heap        ] GC(177) ParOldGen: 1571357K(1657344K)->1584333K(1657344K)
[10.467s][info][gc,metaspace   ] GC(177) Metaspace: 6298K(6464K)->6298K(6464K) NonClass: 5765K(5824K)->5765K(5824K) Class: 533K(640K)->533K(640K)
[10.467s][info][gc             ] GC(177) Pause Young (Allocation Failure) 1561M->1561M(1648M) 26.436ms
[10.467s][info][gc,cpu         ] GC(177) User=0.03s Sys=0.00s Real=0.03s
[10.483s][info][gc,start       ] GC(178) Pause Young (Allocation Failure)
[10.511s][info][gc,heap        ] GC(178) PSYoungGen: 29856K(30208K)->14944K(99840K) Eden: 14848K(14848K)->0K(16896K) From: 15008K(15360K)->14944K(82944K)
[10.511s][info][gc,heap        ] GC(178) ParOldGen: 1584333K(1657344K)->1599381K(1657344K)
[10.511s][info][gc,metaspace   ] GC(178) Metaspace: 6298K(6464K)->6298K(6464K) NonClass: 5765K(5824K)->5765K(5824K) Class: 533K(640K)->533K(640K)
[10.511s][info][gc             ] GC(178) Pause Young (Allocation Failure) 1576M->1576M(1716M) 28.165ms
[10.511s][info][gc,cpu         ] GC(178) User=0.03s Sys=0.00s Real=0.03s
[10.527s][info][gc,start       ] GC(179) Pause Young (Allocation Failure)
[10.553s][info][gc,heap        ] GC(179) PSYoungGen: 31840K(99840K)->17024K(34304K) Eden: 16896K(16896K)->0K(16896K) From: 14944K(82944K)->17024K(17408K)
[10.553s][info][gc,heap        ] GC(179) ParOldGen: 1599381K(1657344K)->1614421K(1657344K)
[10.553s][info][gc,metaspace   ] GC(179) Metaspace: 6298K(6464K)->6298K(6464K) NonClass: 5765K(5824K)->5765K(5824K) Class: 533K(640K)->533K(640K)
[10.553s][info][gc             ] GC(179) Pause Young (Allocation Failure) 1592M->1593M(1652M) 26.681ms
[10.553s][info][gc,cpu         ] GC(179) User=0.02s Sys=0.00s Real=0.03s
[10.570s][info][gc,start       ] GC(180) Pause Young (Allocation Failure)
[10.597s][info][gc,heap        ] GC(180) PSYoungGen: 33920K(34304K)->17024K(95744K) Eden: 16896K(16896K)->0K(19456K) From: 17024K(17408K)->17024K(76288K)
[10.597s][info][gc,heap        ] GC(180) ParOldGen: 1614421K(1657344K)->1631541K(1657344K)
[10.597s][info][gc,metaspace   ] GC(180) Metaspace: 6298K(6464K)->6298K(6464K) NonClass: 5765K(5824K)->5765K(5824K) Class: 533K(640K)->533K(640K)
[10.597s][info][gc             ] GC(180) Pause Young (Allocation Failure) 1609M->1609M(1712M) 26.623ms
[10.597s][info][gc,cpu         ] GC(180) User=0.02s Sys=0.00s Real=0.03s
[10.597s][info][gc,start       ] GC(181) Pause Full (Ergonomics)
[10.597s][info][gc,phases,start] GC(181) Marking Phase
[10.967s][info][gc,phases      ] GC(181) Marking Phase 370.676ms
[10.967s][info][gc,phases,start] GC(181) Summary Phase
[10.968s][info][gc,phases      ] GC(181) Summary Phase 0.038ms
[10.968s][info][gc,phases,start] GC(181) Adjust Roots
[10.968s][info][gc,phases      ] GC(181) Adjust Roots 0.170ms
[10.968s][info][gc,phases,start] GC(181) Compaction Phase
[11.124s][info][gc,phases      ] GC(181) Compaction Phase 155.748ms
[11.124s][info][gc,phases,start] GC(181) Post Compact
[11.126s][info][gc,phases      ] GC(181) Post Compact 2.868ms
[11.127s][info][gc,heap        ] GC(181) PSYoungGen: 17024K(95744K)->0K(98816K) Eden: 0K(19456K)->0K(19456K) From: 17024K(76288K)->0K(79360K)
[11.127s][info][gc,heap        ] GC(181) ParOldGen: 1631541K(1657344K)->1646323K(1806848K)
[11.127s][info][gc,metaspace   ] GC(181) Metaspace: 6298K(6464K)->6298K(6464K) NonClass: 5765K(5824K)->5765K(5824K) Class: 533K(640K)->533K(640K)
[11.127s][info][gc             ] GC(181) Pause Full (Ergonomics) 1609M->1607M(1861M) 530.350ms
[11.127s][info][gc,cpu         ] GC(181) User=3.80s Sys=0.02s Real=0.53s
[11.149s][info][gc,start       ] GC(182) Pause Young (Allocation Failure)
[11.171s][info][gc,heap        ] GC(182) PSYoungGen: 19456K(98816K)->19616K(92160K) Eden: 19456K(19456K)->0K(21504K) From: 0K(79360K)->19616K(70656K)
[11.171s][info][gc,heap        ] GC(182) ParOldGen: 1646323K(1806848K)->1646323K(1806848K)
[11.171s][info][gc,metaspace   ] GC(182) Metaspace: 6298K(6464K)->6298K(6464K) NonClass: 5765K(5824K)->5765K(5824K) Class: 533K(640K)->533K(640K)
[11.171s][info][gc             ] GC(182) Pause Young (Allocation Failure) 1626M->1626M(1854M) 21.643ms
[11.171s][info][gc,cpu         ] GC(182) User=0.03s Sys=0.00s Real=0.02s
[11.193s][info][gc,start       ] GC(183) Pause Young (Allocation Failure)
[11.222s][info][gc,heap        ] GC(183) PSYoungGen: 41120K(92160K)->21664K(43520K) Eden: 21504K(21504K)->0K(21504K) From: 19616K(70656K)->21664K(22016K)
[11.222s][info][gc,heap        ] GC(183) ParOldGen: 1646323K(1806848K)->1666043K(1806848K)
[11.222s][info][gc,metaspace   ] GC(183) Metaspace: 6298K(6464K)->6298K(6464K) NonClass: 5765K(5824K)->5765K(5824K) Class: 533K(640K)->533K(640K)
[11.222s][info][gc             ] GC(183) Pause Young (Allocation Failure) 1647M->1648M(1807M) 29.099ms
[11.222s][info][gc,cpu         ] GC(183) User=0.05s Sys=0.00s Real=0.03s
[11.244s][info][gc,start       ] GC(184) Pause Young (Allocation Failure)
[11.276s][info][gc,heap        ] GC(184) PSYoungGen: 43168K(43520K)->21632K(88064K) Eden: 21504K(21504K)->0K(24064K) From: 21664K(22016K)->21632K(64000K)
[11.276s][info][gc,heap        ] GC(184) ParOldGen: 1666043K(1806848K)->1687827K(1806848K)
[11.276s][info][gc,metaspace   ] GC(184) Metaspace: 6298K(6464K)->6298K(6464K) NonClass: 5765K(5824K)->5765K(5824K) Class: 533K(640K)->533K(640K)
[11.276s][info][gc             ] GC(184) Pause Young (Allocation Failure) 1669M->1669M(1850M) 31.908ms
[11.276s][info][gc,cpu         ] GC(184) User=0.05s Sys=0.00s Real=0.03s
[11.301s][info][gc,start       ] GC(185) Pause Young (Allocation Failure)
[11.331s][info][gc,heap        ] GC(185) PSYoungGen: 45696K(88064K)->24192K(48640K) Eden: 24064K(24064K)->0K(24064K) From: 21632K(64000K)->24192K(24576K)
[11.331s][info][gc,heap        ] GC(185) ParOldGen: 1687827K(1806848K)->1709627K(1806848K)
[11.331s][info][gc,metaspace   ] GC(185) Metaspace: 6298K(6464K)->6298K(6464K) NonClass: 5765K(5824K)->5765K(5824K) Class: 533K(640K)->533K(640K)
[11.331s][info][gc             ] GC(185) Pause Young (Allocation Failure) 1692M->1693M(1812M) 29.852ms
[11.331s][info][gc,cpu         ] GC(185) User=0.06s Sys=0.00s Real=0.03s
[11.360s][info][gc,start       ] GC(186) Pause Young (Allocation Failure)
[11.391s][info][gc,heap        ] GC(186) PSYoungGen: 48256K(48640K)->24224K(83456K) Eden: 24064K(24064K)->0K(27136K) From: 24192K(24576K)->24224K(56320K)
[11.392s][info][gc,heap        ] GC(186) ParOldGen: 1709627K(1806848K)->1734027K(1806848K)
[11.392s][info][gc,metaspace   ] GC(186) Metaspace: 6298K(6464K)->6298K(6464K) NonClass: 5765K(5824K)->5765K(5824K) Class: 533K(640K)->533K(640K)
[11.392s][info][gc             ] GC(186) Pause Young (Allocation Failure) 1716M->1717M(1846M) 31.721ms
[11.392s][info][gc,cpu         ] GC(186) User=0.09s Sys=0.03s Real=0.03s
[11.421s][info][gc,start       ] GC(187) Pause Young (Allocation Failure)
[11.453s][info][gc,heap        ] GC(187) PSYoungGen: 51360K(83456K)->27296K(87040K) Eden: 27136K(27136K)->0K(27136K) From: 24224K(56320K)->27296K(59904K)
[11.453s][info][gc,heap        ] GC(187) ParOldGen: 1734027K(1806848K)->1758443K(1806848K)
[11.453s][info][gc,metaspace   ] GC(187) Metaspace: 6298K(6464K)->6298K(6464K) NonClass: 5765K(5824K)->5765K(5824K) Class: 533K(640K)->533K(640K)
[11.453s][info][gc             ] GC(187) Pause Young (Allocation Failure) 1743M->1743M(1849M) 32.210ms
[11.453s][info][gc,cpu         ] GC(187) User=0.14s Sys=0.00s Real=0.03s
[11.485s][info][gc,start       ] GC(188) Pause Young (Allocation Failure)
[11.521s][info][gc,heap        ] GC(188) PSYoungGen: 54432K(87040K)->27296K(82432K) Eden: 27136K(27136K)->0K(30208K) From: 27296K(59904K)->27296K(52224K)
[11.521s][info][gc,heap        ] GC(188) ParOldGen: 1758443K(1806848K)->1785955K(1806848K)
[11.521s][info][gc,metaspace   ] GC(188) Metaspace: 6298K(6464K)->6298K(6464K) NonClass: 5765K(5824K)->5765K(5824K) Class: 533K(640K)->533K(640K)
[11.521s][info][gc             ] GC(188) Pause Young (Allocation Failure) 1770M->1770M(1845M) 35.686ms
[11.521s][info][gc,cpu         ] GC(188) User=0.14s Sys=0.00s Real=0.04s
[11.521s][info][gc,start       ] GC(189) Pause Full (Ergonomics)
[11.521s][info][gc,phases,start] GC(189) Marking Phase
[11.951s][info][gc,phases      ] GC(189) Marking Phase 430.088ms
[11.951s][info][gc,phases,start] GC(189) Summary Phase
[11.951s][info][gc,phases      ] GC(189) Summary Phase 0.045ms
[11.951s][info][gc,phases,start] GC(189) Adjust Roots
[11.951s][info][gc,phases      ] GC(189) Adjust Roots 0.289ms
[11.951s][info][gc,phases,start] GC(189) Compaction Phase
[12.127s][info][gc,phases      ] GC(189) Compaction Phase 175.452ms
[12.127s][info][gc,phases,start] GC(189) Post Compact
[12.130s][info][gc,phases      ] GC(189) Post Compact 3.430ms
[12.131s][info][gc,heap        ] GC(189) PSYoungGen: 27296K(82432K)->4626K(84992K) Eden: 0K(30208K)->0K(32768K) From: 27296K(52224K)->4626K(52224K)
[12.131s][info][gc,heap        ] GC(189) ParOldGen: 1785955K(1806848K)->1806349K(1989632K)
[12.131s][info][gc,metaspace   ] GC(189) Metaspace: 6298K(6464K)->6298K(6464K) NonClass: 5765K(5824K)->5765K(5824K) Class: 533K(640K)->533K(640K)
[12.131s][info][gc             ] GC(189) Pause Full (Ergonomics) 1770M->1768M(2026M) 610.500ms
[12.131s][info][gc,cpu         ] GC(189) User=4.39s Sys=0.00s Real=0.61s
[12.164s][info][gc,start       ] GC(190) Pause Young (Allocation Failure)
[12.258s][info][gc,heap        ] GC(190) PSYoungGen: 37394K(84992K)->32960K(87552K) Eden: 32768K(32768K)->0K(32768K) From: 4626K(52224K)->32960K(54784K)
[12.258s][info][gc,heap        ] GC(190) ParOldGen: 1806349K(1989632K)->1811061K(1989632K)
[12.258s][info][gc,metaspace   ] GC(190) Metaspace: 6298K(6464K)->6298K(6464K) NonClass: 5765K(5824K)->5765K(5824K) Class: 533K(640K)->533K(640K)
[12.258s][info][gc             ] GC(190) Pause Young (Allocation Failure) 1800M->1800M(2028M) 93.461ms
[12.258s][info][gc,cpu         ] GC(190) User=0.62s Sys=0.00s Real=0.09s
[12.296s][info][gc,start       ] GC(191) Pause Young (Allocation Failure)
[12.335s][info][gc,heap        ] GC(191) PSYoungGen: 65728K(87552K)->54784K(78848K) Eden: 32768K(32768K)->0K(24064K) From: 32960K(54784K)->54784K(54784K)
[12.335s][info][gc,heap        ] GC(191) ParOldGen: 1811061K(1989632K)->1822013K(1989632K)
[12.335s][info][gc,metaspace   ] GC(191) Metaspace: 6298K(6464K)->6298K(6464K) NonClass: 5765K(5824K)->5765K(5824K) Class: 533K(640K)->533K(640K)
[12.335s][info][gc             ] GC(191) Pause Young (Allocation Failure) 1832M->1832M(2020M) 38.572ms
[12.335s][info][gc,cpu         ] GC(191) User=0.17s Sys=0.00s Real=0.04s
[12.364s][info][gc,start       ] GC(192) Pause Young (Allocation Failure)
[12.409s][info][gc,heap        ] GC(192) PSYoungGen: 78848K(78848K)->24224K(90624K) Eden: 24064K(24064K)->0K(24064K) From: 54784K(54784K)->24224K(66560K)
[12.409s][info][gc,heap        ] GC(192) ParOldGen: 1822013K(1989632K)->1877469K(1989632K)
[12.409s][info][gc,metaspace   ] GC(192) Metaspace: 6298K(6464K)->6298K(6464K) NonClass: 5765K(5824K)->5765K(5824K) Class: 533K(640K)->533K(640K)
[12.409s][info][gc             ] GC(192) Pause Young (Allocation Failure) 1856M->1857M(2031M) 45.034ms
[12.409s][info][gc,cpu         ] GC(192) User=0.27s Sys=0.00s Real=0.05s
[12.437s][info][gc,start       ] GC(193) Pause Young (Allocation Failure)
[12.469s][info][gc,heap        ] GC(193) PSYoungGen: 48288K(90624K)->48288K(87552K) Eden: 24064K(24064K)->0K(23552K) From: 24224K(66560K)->48288K(64000K)
[12.469s][info][gc,heap        ] GC(193) ParOldGen: 1877469K(1989632K)->1877469K(1989632K)
[12.469s][info][gc,metaspace   ] GC(193) Metaspace: 6298K(6464K)->6298K(6464K) NonClass: 5765K(5824K)->5765K(5824K) Class: 533K(640K)->533K(640K)
[12.469s][info][gc             ] GC(193) Pause Young (Allocation Failure) 1880M->1880M(2028M) 32.663ms
[12.469s][info][gc,cpu         ] GC(193) User=0.16s Sys=0.00s Real=0.03s
[12.495s][info][gc,start       ] GC(194) Pause Young (Allocation Failure)
[12.534s][info][gc,heap        ] GC(194) PSYoungGen: 71840K(87552K)->47808K(90624K) Eden: 23552K(23552K)->0K(23552K) From: 48288K(64000K)->47808K(67072K)
[12.534s][info][gc,heap        ] GC(194) ParOldGen: 1877469K(1989632K)->1901861K(1989632K)
[12.534s][info][gc,metaspace   ] GC(194) Metaspace: 6298K(6464K)->6298K(6464K) NonClass: 5765K(5824K)->5765K(5824K) Class: 533K(640K)->533K(640K)
[12.534s][info][gc             ] GC(194) Pause Young (Allocation Failure) 1903M->1903M(2031M) 38.911ms
[12.534s][info][gc,cpu         ] GC(194) User=0.23s Sys=0.02s Real=0.04s
[12.562s][info][gc,start       ] GC(195) Pause Young (Allocation Failure)
[12.605s][info][gc,heap        ] GC(195) PSYoungGen: 71360K(90624K)->47264K(94720K) Eden: 23552K(23552K)->0K(25088K) From: 47808K(67072K)->47264K(69632K)
[12.605s][info][gc,heap        ] GC(195) ParOldGen: 1901861K(1989632K)->1926261K(1989632K)
[12.605s][info][gc,metaspace   ] GC(195) Metaspace: 6298K(6464K)->6298K(6464K) NonClass: 5765K(5824K)->5765K(5824K) Class: 533K(640K)->533K(640K)
[12.605s][info][gc             ] GC(195) Pause Young (Allocation Failure) 1926M->1927M(2035M) 43.178ms
[12.605s][info][gc,cpu         ] GC(195) User=0.27s Sys=0.00s Real=0.04s
[12.635s][info][gc,start       ] GC(196) Pause Young (Allocation Failure)
[12.679s][info][gc,heap        ] GC(196) PSYoungGen: 72352K(94720K)->48800K(96256K) Eden: 25088K(25088K)->0K(25088K) From: 47264K(69632K)->48800K(71168K)
[12.679s][info][gc,heap        ] GC(196) ParOldGen: 1926261K(1989632K)->1950133K(1989632K)
[12.679s][info][gc,metaspace   ] GC(196) Metaspace: 6298K(6464K)->6298K(6464K) NonClass: 5765K(5824K)->5765K(5824K) Class: 533K(640K)->533K(640K)
[12.679s][info][gc             ] GC(196) Pause Young (Allocation Failure) 1951M->1952M(2037M) 44.290ms
[12.679s][info][gc,cpu         ] GC(196) User=0.16s Sys=0.00s Real=0.04s
[12.679s][info][gc,start       ] GC(197) Pause Full (Ergonomics)
[12.679s][info][gc,phases,start] GC(197) Marking Phase
[13.149s][info][gc,phases      ] GC(197) Marking Phase 469.691ms
[13.149s][info][gc,phases,start] GC(197) Summary Phase
[13.149s][info][gc,phases      ] GC(197) Summary Phase 0.037ms
[13.149s][info][gc,phases,start] GC(197) Adjust Roots
[13.149s][info][gc,phases      ] GC(197) Adjust Roots 0.200ms
[13.149s][info][gc,phases,start] GC(197) Compaction Phase
[13.322s][info][gc,phases      ] GC(197) Compaction Phase 172.385ms
[13.322s][info][gc,phases,start] GC(197) Post Compact
[13.326s][info][gc,phases      ] GC(197) Post Compact 3.773ms
[13.326s][info][gc,heap        ] GC(197) PSYoungGen: 48800K(96256K)->7196K(96256K) Eden: 0K(25088K)->0K(25088K) From: 48800K(71168K)->7196K(71168K)
[13.326s][info][gc,heap        ] GC(197) ParOldGen: 1950133K(1989632K)->1989418K(2195456K)
[13.326s][info][gc,metaspace   ] GC(197) Metaspace: 6298K(6464K)->6298K(6464K) NonClass: 5765K(5824K)->5765K(5824K) Class: 533K(640K)->533K(640K)
[13.326s][info][gc             ] GC(197) Pause Full (Ergonomics) 1952M->1949M(2238M) 647.131ms
[13.327s][info][gc,cpu         ] GC(197) User=4.66s Sys=0.02s Real=0.65s
[13.361s][info][gc,start       ] GC(198) Pause Young (Allocation Failure)
[13.462s][info][gc,heap        ] GC(198) PSYoungGen: 32284K(96256K)->28480K(95744K) Eden: 25088K(25088K)->0K(27648K) From: 7196K(71168K)->28480K(68096K)
[13.462s][info][gc,heap        ] GC(198) ParOldGen: 1989418K(2195456K)->1993466K(2195456K)
[13.462s][info][gc,metaspace   ] GC(198) Metaspace: 6298K(6464K)->6298K(6464K) NonClass: 5765K(5824K)->5765K(5824K) Class: 533K(640K)->533K(640K)
[13.462s][info][gc             ] GC(198) Pause Young (Allocation Failure) 1974M->1974M(2237M) 101.289ms
[13.462s][info][gc,cpu         ] GC(198) User=0.66s Sys=0.00s Real=0.10s
[13.495s][info][gc,start       ] GC(199) Pause Young (Allocation Failure)
[13.531s][info][gc,heap        ] GC(199) PSYoungGen: 56128K(95744K)->56160K(98304K) Eden: 27648K(27648K)->0K(27648K) From: 28480K(68096K)->56160K(70656K)
[13.531s][info][gc,heap        ] GC(199) ParOldGen: 1993466K(2195456K)->1993466K(2195456K)
[13.531s][info][gc,metaspace   ] GC(199) Metaspace: 6298K(6464K)->6298K(6464K) NonClass: 5765K(5824K)->5765K(5824K) Class: 533K(640K)->533K(640K)
[13.531s][info][gc             ] GC(199) Pause Young (Allocation Failure) 2001M->2001M(2240M) 35.986ms
[13.531s][info][gc,cpu         ] GC(199) User=0.14s Sys=0.02s Real=0.04s
[13.560s][info][gc,start       ] GC(200) Pause Young (Allocation Failure)
[13.607s][info][gc,heap        ] GC(200) PSYoungGen: 83808K(98304K)->74752K(92160K) Eden: 27648K(27648K)->0K(17408K) From: 56160K(70656K)->74752K(74752K)
[13.607s][info][gc,heap        ] GC(200) ParOldGen: 1993466K(2195456K)->2002562K(2195456K)
[13.607s][info][gc,metaspace   ] GC(200) Metaspace: 6298K(6464K)->6298K(6464K) NonClass: 5765K(5824K)->5765K(5824K) Class: 533K(640K)->533K(640K)
[13.607s][info][gc             ] GC(200) Pause Young (Allocation Failure) 2028M->2028M(2234M) 46.636ms
[13.607s][info][gc,cpu         ] GC(200) User=0.27s Sys=0.00s Real=0.05s
[13.625s][info][gc,start       ] GC(201) Pause Young (Allocation Failure)
[13.673s][info][gc,heap        ] GC(201) PSYoungGen: 92160K(92160K)->67552K(105472K) Eden: 17408K(17408K)->0K(17408K) From: 74752K(74752K)->67552K(88064K)
[13.673s][info][gc,heap        ] GC(201) ParOldGen: 2002562K(2195456K)->2027658K(2195456K)
[13.673s][info][gc,metaspace   ] GC(201) Metaspace: 6298K(6464K)->6298K(6464K) NonClass: 5765K(5824K)->5765K(5824K) Class: 533K(640K)->533K(640K)
[13.673s][info][gc             ] GC(201) Pause Young (Allocation Failure) 2045M->2046M(2247M) 47.803ms
[13.673s][info][gc,cpu         ] GC(201) User=0.27s Sys=0.00s Real=0.05s
[13.692s][info][gc,start       ] GC(202) Pause Young (Allocation Failure)
[13.738s][info][gc,heap        ] GC(202) PSYoungGen: 84960K(105472K)->59552K(112128K) Eden: 17408K(17408K)->0K(18944K) From: 67552K(88064K)->59552K(93184K)
[13.738s][info][gc,heap        ] GC(202) ParOldGen: 2027658K(2195456K)->2053338K(2195456K)
[13.738s][info][gc,metaspace   ] GC(202) Metaspace: 6298K(6464K)->6298K(6464K) NonClass: 5765K(5824K)->5765K(5824K) Class: 533K(640K)->533K(640K)
[13.738s][info][gc             ] GC(202) Pause Young (Allocation Failure) 2063M->2063M(2253M) 45.755ms
[13.738s][info][gc,cpu         ] GC(202) User=0.27s Sys=0.00s Real=0.04s
[13.758s][info][gc,start       ] GC(203) Pause Young (Allocation Failure)
[13.800s][info][gc,heap        ] GC(203) PSYoungGen: 78496K(112128K)->53888K(112640K) Eden: 18944K(18944K)->0K(18944K) From: 59552K(93184K)->53888K(93696K)
[13.800s][info][gc,heap        ] GC(203) ParOldGen: 2053338K(2195456K)->2078306K(2195456K)
[13.800s][info][gc,metaspace   ] GC(203) Metaspace: 6298K(6464K)->6298K(6464K) NonClass: 5765K(5824K)->5765K(5824K) Class: 533K(640K)->533K(640K)
[13.800s][info][gc             ] GC(203) Pause Young (Allocation Failure) 2081M->2082M(2254M) 41.858ms
[13.800s][info][gc,cpu         ] GC(203) User=0.25s Sys=0.00s Real=0.04s
[13.821s][info][gc,start       ] GC(204) Pause Young (Allocation Failure)
[13.862s][info][gc,heap        ] GC(204) PSYoungGen: 72832K(112640K)->38048K(108544K) Eden: 18944K(18944K)->0K(22016K) From: 53888K(93696K)->38048K(86528K)
[13.863s][info][gc,heap        ] GC(204) ParOldGen: 2078306K(2195456K)->2113578K(2195456K)
[13.863s][info][gc,metaspace   ] GC(204) Metaspace: 6298K(6464K)->6298K(6464K) NonClass: 5765K(5824K)->5765K(5824K) Class: 533K(640K)->533K(640K)
[13.863s][info][gc             ] GC(204) Pause Young (Allocation Failure) 2100M->2101M(2250M) 41.768ms
[13.863s][info][gc,cpu         ] GC(204) User=0.23s Sys=0.02s Real=0.04s
[13.886s][info][gc,start       ] GC(205) Pause Young (Allocation Failure)
[13.924s][info][gc,heap        ] GC(205) PSYoungGen: 60064K(108544K)->22176K(111104K) Eden: 22016K(22016K)->0K(22016K) From: 38048K(86528K)->22176K(89088K)
[13.924s][info][gc,heap        ] GC(205) ParOldGen: 2113578K(2195456K)->2151946K(2195456K)
[13.924s][info][gc,metaspace   ] GC(205) Metaspace: 6298K(6464K)->6298K(6464K) NonClass: 5765K(5824K)->5765K(5824K) Class: 533K(640K)->533K(640K)
[13.924s][info][gc             ] GC(205) Pause Young (Allocation Failure) 2122M->2123M(2252M) 37.983ms
[13.924s][info][gc,cpu         ] GC(205) User=0.14s Sys=0.02s Real=0.04s
[13.924s][info][gc,start       ] GC(206) Pause Full (Ergonomics)
[13.924s][info][gc,phases,start] GC(206) Marking Phase
[14.443s][info][gc,phases      ] GC(206) Marking Phase 519.617ms
[14.443s][info][gc,phases,start] GC(206) Summary Phase
[14.443s][info][gc,phases      ] GC(206) Summary Phase 0.046ms
[14.443s][info][gc,phases,start] GC(206) Adjust Roots
[14.444s][info][gc,phases      ] GC(206) Adjust Roots 0.225ms
[14.444s][info][gc,phases,start] GC(206) Compaction Phase
[14.620s][info][gc,phases      ] GC(206) Compaction Phase 176.446ms
[14.620s][info][gc,phases,start] GC(206) Post Compact
[14.624s][info][gc,phases      ] GC(206) Post Compact 4.163ms
[14.625s][info][gc,heap        ] GC(206) PSYoungGen: 22176K(111104K)->0K(113664K) Eden: 0K(22016K)->0K(25088K) From: 22176K(89088K)->0K(88576K)
[14.625s][info][gc,heap        ] GC(206) ParOldGen: 2151946K(2195456K)->2171468K(2401792K)
[14.625s][info][gc,metaspace   ] GC(206) Metaspace: 6298K(6464K)->6298K(6464K) NonClass: 5765K(5824K)->5765K(5824K) Class: 533K(640K)->533K(640K)
[14.625s][info][gc             ] GC(206) Pause Full (Ergonomics) 2123M->2120M(2456M) 701.659ms
[14.625s][info][gc,cpu         ] GC(206) User=5.28s Sys=0.05s Real=0.70s
[14.656s][info][gc,start       ] GC(207) Pause Young (Allocation Failure)
[14.679s][info][gc,heap        ] GC(207) PSYoungGen: 25088K(113664K)->25216K(113664K) Eden: 25088K(25088K)->0K(25088K) From: 0K(88576K)->25216K(88576K)
[14.679s][info][gc,heap        ] GC(207) ParOldGen: 2171468K(2401792K)->2171468K(2401792K)
[14.679s][info][gc,metaspace   ] GC(207) Metaspace: 6298K(6464K)->6298K(6464K) NonClass: 5765K(5824K)->5765K(5824K) Class: 533K(640K)->533K(640K)
[14.679s][info][gc             ] GC(207) Pause Young (Allocation Failure) 2145M->2145M(2456M) 22.729ms
[14.679s][info][gc,cpu         ] GC(207) User=0.02s Sys=0.00s Real=0.02s
[14.710s][info][gc,start       ] GC(208) Pause Young (Allocation Failure)
[14.744s][info][gc,heap        ] GC(208) PSYoungGen: 50304K(113664K)->50368K(112128K) Eden: 25088K(25088K)->0K(27648K) From: 25216K(88576K)->50368K(84480K)
[14.744s][info][gc,heap        ] GC(208) ParOldGen: 2171468K(2401792K)->2171468K(2401792K)
[14.744s][info][gc,metaspace   ] GC(208) Metaspace: 6298K(6464K)->6298K(6464K) NonClass: 5765K(5824K)->5765K(5824K) Class: 533K(640K)->533K(640K)
[14.744s][info][gc             ] GC(208) Pause Young (Allocation Failure) 2169M->2169M(2455M) 33.891ms
[14.744s][info][gc,cpu         ] GC(208) User=0.17s Sys=0.00s Real=0.03s
[14.781s][info][gc,start       ] GC(209) Pause Young (Allocation Failure)
[14.826s][info][gc,heap        ] GC(209) PSYoungGen: 78016K(112128K)->78080K(113664K) Eden: 27648K(27648K)->0K(27648K) From: 50368K(84480K)->78080K(86016K)
[14.826s][info][gc,heap        ] GC(209) ParOldGen: 2171468K(2401792K)->2171468K(2401792K)
[14.826s][info][gc,metaspace   ] GC(209) Metaspace: 6298K(6464K)->6298K(6464K) NonClass: 5765K(5824K)->5765K(5824K) Class: 533K(640K)->533K(640K)
[14.826s][info][gc             ] GC(209) Pause Young (Allocation Failure) 2196M->2196M(2456M) 45.231ms
[14.826s][info][gc,cpu         ] GC(209) User=0.17s Sys=0.00s Real=0.04s
[14.858s][info][gc,start       ] GC(210) Pause Young (Allocation Failure)
[14.914s][info][gc,heap        ] GC(210) PSYoungGen: 105728K(113664K)->80576K(117248K) Eden: 27648K(27648K)->0K(22528K) From: 78080K(86016K)->80576K(94720K)
[14.914s][info][gc,heap        ] GC(210) ParOldGen: 2171468K(2401792K)->2196892K(2401792K)
[14.914s][info][gc,metaspace   ] GC(210) Metaspace: 6298K(6464K)->6298K(6464K) NonClass: 5765K(5824K)->5765K(5824K) Class: 533K(640K)->533K(640K)
[14.914s][info][gc             ] GC(210) Pause Young (Allocation Failure) 2223M->2224M(2460M) 56.096ms
[14.914s][info][gc,cpu         ] GC(210) User=0.34s Sys=0.02s Real=0.06s
[14.942s][info][gc,start       ] GC(211) Pause Young (Allocation Failure)
[14.998s][info][gc,heap        ] GC(211) PSYoungGen: 103104K(117248K)->78048K(125440K) Eden: 22528K(22528K)->0K(22528K) From: 80576K(94720K)->78048K(102912K)
[14.998s][info][gc,heap        ] GC(211) ParOldGen: 2196892K(2401792K)->2222348K(2401792K)
[14.998s][info][gc,metaspace   ] GC(211) Metaspace: 6298K(6464K)->6298K(6464K) NonClass: 5765K(5824K)->5765K(5824K) Class: 533K(640K)->533K(640K)
[14.998s][info][gc             ] GC(211) Pause Young (Allocation Failure) 2246M->2246M(2468M) 56.264ms
[14.998s][info][gc,cpu         ] GC(211) User=0.33s Sys=0.03s Real=0.06s
[15.026s][info][gc,start       ] GC(212) Pause Young (Allocation Failure)
[15.078s][info][gc,heap        ] GC(212) PSYoungGen: 100576K(125440K)->72864K(131584K) Eden: 22528K(22528K)->0K(23552K) From: 78048K(102912K)->72864K(108032K)
[15.078s][info][gc,heap        ] GC(212) ParOldGen: 2222348K(2401792K)->2250388K(2401792K)
[15.078s][info][gc,metaspace   ] GC(212) Metaspace: 6298K(6464K)->6298K(6464K) NonClass: 5765K(5824K)->5765K(5824K) Class: 533K(640K)->533K(640K)
[15.078s][info][gc             ] GC(212) Pause Young (Allocation Failure) 2268M->2268M(2474M) 52.566ms
[15.078s][info][gc,cpu         ] GC(212) User=0.36s Sys=0.02s Real=0.05s
[15.105s][info][gc,start       ] GC(213) Pause Young (Allocation Failure)
[15.155s][info][gc,heap        ] GC(213) PSYoungGen: 96416K(131584K)->68768K(133632K) Eden: 23552K(23552K)->0K(23552K) From: 72864K(108032K)->68768K(110080K)
[15.155s][info][gc,heap        ] GC(213) ParOldGen: 2250388K(2401792K)->2278316K(2401792K)
[15.155s][info][gc,metaspace   ] GC(213) Metaspace: 6298K(6464K)->6298K(6464K) NonClass: 5765K(5824K)->5765K(5824K) Class: 533K(640K)->533K(640K)
[15.155s][info][gc             ] GC(213) Pause Young (Allocation Failure) 2291M->2292M(2476M) 49.781ms
[15.155s][info][gc,cpu         ] GC(213) User=0.25s Sys=0.03s Real=0.05s
[15.185s][info][gc,start       ] GC(214) Pause Young (Allocation Failure)
[15.234s][info][gc,heap        ] GC(214) PSYoungGen: 92320K(133632K)->47232K(129536K) Eden: 23552K(23552K)->0K(27136K) From: 68768K(110080K)->47232K(102400K)
[15.234s][info][gc,heap        ] GC(214) ParOldGen: 2278316K(2401792K)->2323740K(2401792K)
[15.234s][info][gc,metaspace   ] GC(214) Metaspace: 6298K(6464K)->6298K(6464K) NonClass: 5765K(5824K)->5765K(5824K) Class: 533K(640K)->533K(640K)
[15.234s][info][gc             ] GC(214) Pause Young (Allocation Failure) 2315M->2315M(2472M) 49.206ms
[15.234s][info][gc,cpu         ] GC(214) User=0.27s Sys=0.00s Real=0.05s
[15.265s][info][gc,start       ] GC(215) Pause Young (Allocation Failure)
[15.308s][info][gc,heap        ] GC(215) PSYoungGen: 74368K(129536K)->27232K(133120K) Eden: 27136K(27136K)->0K(27136K) From: 47232K(102400K)->27232K(105984K)
[15.308s][info][gc,heap        ] GC(215) ParOldGen: 2323740K(2401792K)->2371236K(2401792K)
[15.308s][info][gc,metaspace   ] GC(215) Metaspace: 6298K(6464K)->6298K(6464K) NonClass: 5765K(5824K)->5765K(5824K) Class: 533K(640K)->533K(640K)
[15.308s][info][gc             ] GC(215) Pause Young (Allocation Failure) 2341M->2342M(2475M) 42.807ms
[15.308s][info][gc,cpu         ] GC(215) User=0.23s Sys=0.02s Real=0.04s
[15.308s][info][gc,start       ] GC(216) Pause Full (Ergonomics)
[15.308s][info][gc,phases,start] GC(216) Marking Phase
[15.860s][info][gc,phases      ] GC(216) Marking Phase 551.769ms
[15.860s][info][gc,phases,start] GC(216) Summary Phase
[15.860s][info][gc,phases      ] GC(216) Summary Phase 0.046ms
[15.860s][info][gc,phases,start] GC(216) Adjust Roots
[15.860s][info][gc,phases      ] GC(216) Adjust Roots 0.211ms
[15.860s][info][gc,phases,start] GC(216) Compaction Phase
[16.063s][info][gc,phases      ] GC(216) Compaction Phase 202.926ms
[16.063s][info][gc,phases,start] GC(216) Post Compact
[16.068s][info][gc,phases      ] GC(216) Post Compact 4.558ms
[16.069s][info][gc,heap        ] GC(216) PSYoungGen: 27232K(133120K)->0K(136192K) Eden: 0K(27136K)->0K(30720K) From: 27232K(105984K)->0K(105472K)
[16.069s][info][gc,heap        ] GC(216) ParOldGen: 2371236K(2401792K)->2395936K(2654720K)
[16.069s][info][gc,metaspace   ] GC(216) Metaspace: 6298K(6464K)->6298K(6464K) NonClass: 5765K(5824K)->5765K(5824K) Class: 533K(640K)->533K(640K)
[16.069s][info][gc             ] GC(216) Pause Full (Ergonomics) 2342M->2339M(2725M) 760.737ms
[16.069s][info][gc,cpu         ] GC(216) User=5.67s Sys=0.02s Real=0.76s
[16.107s][info][gc,start       ] GC(217) Pause Young (Allocation Failure)
[16.134s][info][gc,heap        ] GC(217) PSYoungGen: 30720K(136192K)->30912K(136192K) Eden: 30720K(30720K)->0K(30720K) From: 0K(105472K)->30912K(105472K)
[16.134s][info][gc,heap        ] GC(217) ParOldGen: 2395936K(2654720K)->2395936K(2654720K)
[16.134s][info][gc,metaspace   ] GC(217) Metaspace: 6298K(6464K)->6298K(6464K) NonClass: 5765K(5824K)->5765K(5824K) Class: 533K(640K)->533K(640K)
[16.134s][info][gc             ] GC(217) Pause Young (Allocation Failure) 2369M->2369M(2725M) 27.062ms
[16.134s][info][gc,cpu         ] GC(217) User=0.03s Sys=0.00s Real=0.03s
[16.172s][info][gc,start       ] GC(218) Pause Young (Allocation Failure)
[16.211s][info][gc,heap        ] GC(218) PSYoungGen: 61632K(136192K)->61600K(135680K) Eden: 30720K(30720K)->0K(33792K) From: 30912K(105472K)->61600K(101888K)
[16.211s][info][gc,heap        ] GC(218) ParOldGen: 2395936K(2654720K)->2395936K(2654720K)
[16.211s][info][gc,metaspace   ] GC(218) Metaspace: 6298K(6464K)->6298K(6464K) NonClass: 5765K(5824K)->5765K(5824K) Class: 533K(640K)->533K(640K)
[16.211s][info][gc             ] GC(218) Pause Young (Allocation Failure) 2399M->2399M(2725M) 39.683ms
[16.211s][info][gc,cpu         ] GC(218) User=0.16s Sys=0.00s Real=0.04s
[16.254s][info][gc,start       ] GC(219) Pause Young (Allocation Failure)
[16.304s][info][gc,heap        ] GC(219) PSYoungGen: 95392K(135680K)->95456K(136704K) Eden: 33792K(33792K)->0K(33792K) From: 61600K(101888K)->95456K(102912K)
[16.304s][info][gc,heap        ] GC(219) ParOldGen: 2395936K(2654720K)->2395936K(2654720K)
[16.304s][info][gc,metaspace   ] GC(219) Metaspace: 6298K(6464K)->6298K(6464K) NonClass: 5765K(5824K)->5765K(5824K) Class: 533K(640K)->533K(640K)
[16.304s][info][gc             ] GC(219) Pause Young (Allocation Failure) 2432M->2433M(2726M) 50.103ms
[16.304s][info][gc,cpu         ] GC(219) User=0.27s Sys=0.00s Real=0.05s
[16.342s][info][gc,start       ] GC(220) Pause Young (Allocation Failure)
[16.409s][info][gc,heap        ] GC(220) PSYoungGen: 129248K(136704K)->114176K(130560K) Eden: 33792K(33792K)->0K(16384K) From: 95456K(102912K)->114176K(114176K)
[16.409s][info][gc,heap        ] GC(220) ParOldGen: 2395936K(2654720K)->2411056K(2654720K)
[16.409s][info][gc,metaspace   ] GC(220) Metaspace: 6298K(6464K)->6298K(6464K) NonClass: 5765K(5824K)->5765K(5824K) Class: 533K(640K)->533K(640K)
[16.409s][info][gc             ] GC(220) Pause Young (Allocation Failure) 2466M->2466M(2720M) 67.655ms
[16.409s][info][gc,cpu         ] GC(220) User=0.36s Sys=0.03s Real=0.07s
[16.431s][info][gc,start       ] GC(221) Pause Young (Allocation Failure)
[16.498s][info][gc,heap        ] GC(221) PSYoungGen: 130560K(130560K)->75680K(151552K) Eden: 16384K(16384K)->0K(16384K) From: 114176K(114176K)->75680K(135168K)
[16.498s][info][gc,heap        ] GC(221) ParOldGen: 2411056K(2654720K)->2466544K(2654720K)
[16.498s][info][gc,metaspace   ] GC(221) Metaspace: 6298K(6464K)->6298K(6464K) NonClass: 5765K(5824K)->5765K(5824K) Class: 533K(640K)->533K(640K)
[16.498s][info][gc             ] GC(221) Pause Young (Allocation Failure) 2482M->2482M(2740M) 67.414ms
[16.498s][info][gc,cpu         ] GC(221) User=0.42s Sys=0.08s Real=0.07s
[16.518s][info][gc,start       ] GC(222) Pause Young (Allocation Failure)
[16.565s][info][gc,heap        ] GC(222) PSYoungGen: 92064K(151552K)->62688K(138752K) Eden: 16384K(16384K)->0K(18944K) From: 75680K(135168K)->62688K(119808K)
[16.566s][info][gc,heap        ] GC(222) ParOldGen: 2466544K(2654720K)->2496160K(2654720K)
[16.566s][info][gc,metaspace   ] GC(222) Metaspace: 6298K(6464K)->6298K(6464K) NonClass: 5765K(5824K)->5765K(5824K) Class: 533K(640K)->533K(640K)
[16.566s][info][gc             ] GC(222) Pause Young (Allocation Failure) 2498M->2498M(2728M) 47.699ms
[16.566s][info][gc,cpu         ] GC(222) User=0.22s Sys=0.05s Real=0.05s
[16.587s][info][gc,start       ] GC(223) Pause Young (Allocation Failure)
[16.632s][info][gc,heap        ] GC(223) PSYoungGen: 81632K(138752K)->35488K(145408K) Eden: 18944K(18944K)->0K(18944K) From: 62688K(119808K)->35488K(126464K)
[16.632s][info][gc,heap        ] GC(223) ParOldGen: 2496160K(2654720K)->2542640K(2654720K)
[16.632s][info][gc,metaspace   ] GC(223) Metaspace: 6298K(6464K)->6298K(6464K) NonClass: 5765K(5824K)->5765K(5824K) Class: 533K(640K)->533K(640K)
[16.632s][info][gc             ] GC(223) Pause Young (Allocation Failure) 2517M->2517M(2734M) 44.501ms
[16.632s][info][gc,cpu         ] GC(223) User=0.25s Sys=0.00s Real=0.04s
[16.655s][info][gc,start       ] GC(224) Pause Young (Allocation Failure)
[16.694s][info][gc,heap        ] GC(224) PSYoungGen: 54432K(145408K)->19104K(145920K) Eden: 18944K(18944K)->0K(20992K) From: 35488K(126464K)->19104K(124928K)
[16.694s][info][gc,heap        ] GC(224) ParOldGen: 2542640K(2654720K)->2578272K(2654720K)
[16.694s][info][gc,metaspace   ] GC(224) Metaspace: 6298K(6464K)->6298K(6464K) NonClass: 5765K(5824K)->5765K(5824K) Class: 533K(640K)->533K(640K)
[16.694s][info][gc             ] GC(224) Pause Young (Allocation Failure) 2536M->2536M(2735M) 38.621ms
[16.694s][info][gc,cpu         ] GC(224) User=0.14s Sys=0.02s Real=0.04s
[16.719s][info][gc,start       ] GC(225) Pause Young (Allocation Failure)
[16.749s][info][gc,heap        ] GC(225) PSYoungGen: 40096K(145920K)->21088K(146944K) Eden: 20992K(20992K)->0K(20992K) From: 19104K(124928K)->21088K(125952K)
[16.749s][info][gc,heap        ] GC(225) ParOldGen: 2578272K(2654720K)->2597400K(2654720K)
[16.749s][info][gc,metaspace   ] GC(225) Metaspace: 6298K(6464K)->6298K(6464K) NonClass: 5765K(5824K)->5765K(5824K) Class: 533K(640K)->533K(640K)
[16.749s][info][gc             ] GC(225) Pause Young (Allocation Failure) 2557M->2557M(2736M) 30.443ms
[16.749s][info][gc,cpu         ] GC(225) User=0.11s Sys=0.02s Real=0.03s
[16.749s][info][gc,start       ] GC(226) Pause Full (Ergonomics)
[16.749s][info][gc,phases,start] GC(226) Marking Phase
[17.370s][info][gc,phases      ] GC(226) Marking Phase 620.113ms
[17.370s][info][gc,phases,start] GC(226) Summary Phase
[17.370s][info][gc,phases      ] GC(226) Summary Phase 0.059ms
[17.370s][info][gc,phases,start] GC(226) Adjust Roots
[17.370s][info][gc,phases      ] GC(226) Adjust Roots 0.241ms
[17.370s][info][gc,phases,start] GC(226) Compaction Phase
[17.579s][info][gc,phases      ] GC(226) Compaction Phase 208.564ms
[17.579s][info][gc,phases,start] GC(226) Post Compact
[17.584s][info][gc,phases      ] GC(226) Post Compact 4.925ms
[17.584s][info][gc,heap        ] GC(226) PSYoungGen: 21088K(146944K)->0K(148992K) Eden: 0K(20992K)->0K(24064K) From: 21088K(125952K)->0K(124928K)
[17.584s][info][gc,heap        ] GC(226) ParOldGen: 2597400K(2654720K)->2616322K(2899456K)
[17.584s][info][gc,metaspace   ] GC(226) Metaspace: 6298K(6464K)->6298K(6464K) NonClass: 5765K(5824K)->5765K(5824K) Class: 533K(640K)->533K(640K)
[17.585s][info][gc             ] GC(226) Pause Full (Ergonomics) 2557M->2555M(2977M) 835.093ms
[17.585s][info][gc,cpu         ] GC(226) User=6.22s Sys=0.03s Real=0.84s
[17.617s][info][gc,start       ] GC(227) Pause Young (Allocation Failure)
[17.644s][info][gc,heap        ] GC(227) PSYoungGen: 24064K(148992K)->24224K(148992K) Eden: 24064K(24064K)->0K(24064K) From: 0K(124928K)->24224K(124928K)
[17.644s][info][gc,heap        ] GC(227) ParOldGen: 2616322K(2899456K)->2616322K(2899456K)
[17.644s][info][gc,metaspace   ] GC(227) Metaspace: 6298K(6464K)->6298K(6464K) NonClass: 5765K(5824K)->5765K(5824K) Class: 533K(640K)->533K(640K)
[17.644s][info][gc             ] GC(227) Pause Young (Allocation Failure) 2578M->2578M(2977M) 26.495ms
[17.644s][info][gc,cpu         ] GC(227) User=0.02s Sys=0.00s Real=0.03s
[17.673s][info][gc,start       ] GC(228) Pause Young (Allocation Failure)
[17.709s][info][gc,heap        ] GC(228) PSYoungGen: 48288K(148992K)->48320K(136192K) Eden: 24064K(24064K)->0K(26624K) From: 24224K(124928K)->48320K(109568K)
[17.709s][info][gc,heap        ] GC(228) ParOldGen: 2616322K(2899456K)->2616322K(2899456K)
[17.709s][info][gc,metaspace   ] GC(228) Metaspace: 6298K(6464K)->6298K(6464K) NonClass: 5765K(5824K)->5765K(5824K) Class: 533K(640K)->533K(640K)
[17.709s][info][gc             ] GC(228) Pause Young (Allocation Failure) 2602M->2602M(2964M) 36.136ms
[17.709s][info][gc,cpu         ] GC(228) User=0.12s Sys=0.00s Real=0.04s
[17.743s][info][gc,start       ] GC(229) Pause Young (Allocation Failure)
[17.784s][info][gc,heap        ] GC(229) PSYoungGen: 74944K(136192K)->74912K(142848K) Eden: 26624K(26624K)->0K(26624K) From: 48320K(109568K)->74912K(116224K)
[17.784s][info][gc,heap        ] GC(229) ParOldGen: 2616322K(2899456K)->2616322K(2899456K)
[17.784s][info][gc,metaspace   ] GC(229) Metaspace: 6298K(6464K)->6298K(6464K) NonClass: 5765K(5824K)->5765K(5824K) Class: 533K(640K)->533K(640K)
[17.784s][info][gc             ] GC(229) Pause Young (Allocation Failure) 2628M->2628M(2971M) 41.626ms
[17.784s][info][gc,cpu         ] GC(229) User=0.25s Sys=0.00s Real=0.04s
[17.820s][info][gc,start       ] GC(230) Pause Young (Allocation Failure)
[17.875s][info][gc,heap        ] GC(230) PSYoungGen: 101536K(142848K)->77504K(145920K) Eden: 26624K(26624K)->0K(27136K) From: 74912K(116224K)->77504K(118784K)
[17.875s][info][gc,heap        ] GC(230) ParOldGen: 2616322K(2899456K)->2640610K(2899456K)
[17.875s][info][gc,metaspace   ] GC(230) Metaspace: 6298K(6464K)->6298K(6464K) NonClass: 5765K(5824K)->5765K(5824K) Class: 533K(640K)->533K(640K)
[17.875s][info][gc             ] GC(230) Pause Young (Allocation Failure) 2654M->2654M(2974M) 55.227ms
[17.875s][info][gc,cpu         ] GC(230) User=0.50s Sys=0.00s Real=0.06s
[17.905s][info][gc,start       ] GC(231) Pause Young (Allocation Failure)
[17.962s][info][gc,heap        ] GC(231) PSYoungGen: 104640K(145920K)->80608K(148480K) Eden: 27136K(27136K)->0K(27136K) From: 77504K(118784K)->80608K(121344K)
[17.962s][info][gc,heap        ] GC(231) ParOldGen: 2640610K(2899456K)->2664882K(2899456K)
[17.962s][info][gc,metaspace   ] GC(231) Metaspace: 6298K(6464K)->6298K(6464K) NonClass: 5765K(5824K)->5765K(5824K) Class: 533K(640K)->533K(640K)
[17.962s][info][gc             ] GC(231) Pause Young (Allocation Failure) 2680M->2681M(2976M) 57.140ms
[17.962s][info][gc,cpu         ] GC(231) User=0.33s Sys=0.02s Real=0.06s
[17.996s][info][gc,start       ] GC(232) Pause Young (Allocation Failure)
[18.054s][info][gc,heap        ] GC(232) PSYoungGen: 107744K(148480K)->81056K(152576K) Eden: 27136K(27136K)->0K(28672K) From: 80608K(121344K)->81056K(123904K)
[18.054s][info][gc,heap        ] GC(232) ParOldGen: 2664882K(2899456K)->2691746K(2899456K)
[18.054s][info][gc,metaspace   ] GC(232) Metaspace: 6298K(6464K)->6298K(6464K) NonClass: 5765K(5824K)->5765K(5824K) Class: 533K(640K)->533K(640K)
[18.054s][info][gc             ] GC(232) Pause Young (Allocation Failure) 2707M->2707M(2980M) 58.302ms
[18.054s][info][gc,cpu         ] GC(232) User=0.33s Sys=0.05s Real=0.06s
[18.087s][info][gc,start       ] GC(233) Pause Young (Allocation Failure)
[18.145s][info][gc,heap        ] GC(233) PSYoungGen: 109728K(152576K)->83136K(154624K) Eden: 28672K(28672K)->0K(28672K) From: 81056K(123904K)->83136K(125952K)
[18.145s][info][gc,heap        ] GC(233) ParOldGen: 2691746K(2899456K)->2718618K(2899456K)
[18.145s][info][gc,metaspace   ] GC(233) Metaspace: 6298K(6464K)->6298K(6464K) NonClass: 5765K(5824K)->5765K(5824K) Class: 533K(640K)->533K(640K)
[18.145s][info][gc             ] GC(233) Pause Young (Allocation Failure) 2735M->2736M(2982M) 57.979ms
[18.145s][info][gc,cpu         ] GC(233) User=0.38s Sys=0.00s Real=0.06s
[18.182s][info][gc,start       ] GC(234) Pause Young (Allocation Failure)
[18.239s][info][gc,heap        ] GC(234) PSYoungGen: 111808K(154624K)->84704K(159232K) Eden: 28672K(28672K)->0K(31232K) From: 83136K(125952K)->84704K(128000K)
[18.239s][info][gc,heap        ] GC(234) ParOldGen: 2718618K(2899456K)->2746002K(2899456K)
[18.239s][info][gc,metaspace   ] GC(234) Metaspace: 6298K(6464K)->6298K(6464K) NonClass: 5765K(5824K)->5765K(5824K) Class: 533K(640K)->533K(640K)
[18.239s][info][gc             ] GC(234) Pause Young (Allocation Failure) 2764M->2764M(2987M) 57.560ms
[18.239s][info][gc,cpu         ] GC(234) User=0.33s Sys=0.03s Real=0.06s
[18.807s][info][gc,start       ] GC(235) Pause Full (Ergonomics)
[18.807s][info][gc,phases,start] GC(235) Marking Phase
[19.512s][info][gc,phases      ] GC(235) Marking Phase 704.865ms
[19.512s][info][gc,phases,start] GC(235) Summary Phase
[19.512s][info][gc,phases      ] GC(235) Summary Phase 0.062ms
[19.512s][info][gc,phases,start] GC(235) Adjust Roots
[19.512s][info][gc,phases      ] GC(235) Adjust Roots 0.198ms
[19.512s][info][gc,phases,start] GC(235) Compaction Phase
[19.998s][info][gc,phases      ] GC(235) Compaction Phase 485.799ms
[19.998s][info][gc,phases,start] GC(235) Post Compact
[20.004s][info][gc,phases      ] GC(235) Post Compact 6.341ms
[20.005s][info][gc,heap        ] GC(235) PSYoungGen: 115936K(159232K)->26637K(159232K) Eden: 31232K(31232K)->0K(31232K) From: 84704K(128000K)->26637K(128000K)
[20.006s][info][gc,heap        ] GC(235) ParOldGen: 2877074K(2899456K)->2899154K(3193344K)
[20.006s][info][gc,metaspace   ] GC(235) Metaspace: 6298K(6464K)->6298K(6464K) NonClass: 5765K(5824K)->5765K(5824K) Class: 533K(640K)->533K(640K)
[20.006s][info][gc             ] GC(235) Pause Full (Ergonomics) 2922M->2857M(3274M) 1198.840ms
[20.006s][info][gc,cpu         ] GC(235) User=8.14s Sys=0.02s Real=1.20s
[20.044s][info][gc,start       ] GC(236) Pause Young (Allocation Failure)
[20.207s][info][gc,heap        ] GC(236) PSYoungGen: 57869K(159232K)->40576K(160768K) Eden: 31232K(31232K)->0K(31232K) From: 26637K(128000K)->40576K(129536K)
[20.207s][info][gc,heap        ] GC(236) ParOldGen: 2899154K(3193344K)->2916850K(3193344K)
[20.207s][info][gc,metaspace   ] GC(236) Metaspace: 6298K(6464K)->6298K(6464K) NonClass: 5765K(5824K)->5765K(5824K) Class: 533K(640K)->533K(640K)
[20.207s][info][gc             ] GC(236) Pause Young (Allocation Failure) 2887M->2888M(3275M) 162.506ms
[20.207s][info][gc,cpu         ] GC(236) User=0.95s Sys=0.00s Real=0.16s
[20.247s][info][gc,start       ] GC(237) Pause Young (Allocation Failure)
[20.309s][info][gc,heap        ] GC(237) PSYoungGen: 71808K(160768K)->71840K(156160K) Eden: 31232K(31232K)->0K(34816K) From: 40576K(129536K)->71840K(121344K)
[20.309s][info][gc,heap        ] GC(237) ParOldGen: 2916850K(3193344K)->2916850K(3193344K)
[20.309s][info][gc,metaspace   ] GC(237) Metaspace: 6298K(6464K)->6298K(6464K) NonClass: 5765K(5824K)->5765K(5824K) Class: 533K(640K)->533K(640K)
[20.309s][info][gc             ] GC(237) Pause Young (Allocation Failure) 2918M->2918M(3271M) 62.312ms
[20.309s][info][gc,cpu         ] GC(237) User=0.17s Sys=0.00s Real=0.06s
[20.348s][info][gc,start       ] GC(238) Pause Young (Allocation Failure)
[20.413s][info][gc,heap        ] GC(238) PSYoungGen: 106656K(156160K)->97504K(159232K) Eden: 34816K(34816K)->0K(34816K) From: 71840K(121344K)->97504K(124416K)
[20.413s][info][gc,heap        ] GC(238) ParOldGen: 2916850K(3193344K)->2926090K(3193344K)
[20.413s][info][gc,metaspace   ] GC(238) Metaspace: 6298K(6464K)->6298K(6464K) NonClass: 5765K(5824K)->5765K(5824K) Class: 533K(640K)->533K(640K)
[20.413s][info][gc             ] GC(238) Pause Young (Allocation Failure) 2952M->2952M(3274M) 65.322ms
[20.413s][info][gc,cpu         ] GC(238) User=0.20s Sys=0.00s Real=0.07s
[20.449s][info][gc,start       ] GC(239) Pause Young (Allocation Failure)
[20.526s][info][gc,heap        ] GC(239) PSYoungGen: 132320K(159232K)->101120K(163840K) Eden: 34816K(34816K)->0K(32768K) From: 97504K(124416K)->101120K(131072K)
[20.526s][info][gc,heap        ] GC(239) ParOldGen: 2926090K(3193344K)->2957610K(3193344K)
[20.526s][info][gc,metaspace   ] GC(239) Metaspace: 6298K(6464K)->6298K(6464K) NonClass: 5765K(5824K)->5765K(5824K) Class: 533K(640K)->533K(640K)
[20.526s][info][gc             ] GC(239) Pause Young (Allocation Failure) 2986M->2987M(3278M) 76.885ms
[20.526s][info][gc,cpu         ] GC(239) User=0.22s Sys=0.00s Real=0.08s
[20.560s][info][gc,start       ] GC(240) Pause Young (Allocation Failure)
[20.637s][info][gc,heap        ] GC(240) PSYoungGen: 133888K(163840K)->102656K(169984K) Eden: 32768K(32768K)->0K(32768K) From: 101120K(131072K)->102656K(137216K)
[20.637s][info][gc,heap        ] GC(240) ParOldGen: 2957610K(3193344K)->2989122K(3193344K)
[20.637s][info][gc,metaspace   ] GC(240) Metaspace: 6298K(6464K)->6298K(6464K) NonClass: 5765K(5824K)->5765K(5824K) Class: 533K(640K)->533K(640K)
[20.637s][info][gc             ] GC(240) Pause Young (Allocation Failure) 3019M->3019M(3284M) 77.082ms
[20.637s][info][gc,cpu         ] GC(240) User=0.23s Sys=0.00s Real=0.08s
[20.669s][info][gc,start       ] GC(241) Pause Young (Allocation Failure)
[20.745s][info][gc,heap        ] GC(241) PSYoungGen: 135424K(169984K)->65696K(169472K) Eden: 32768K(32768K)->0K(37376K) From: 102656K(137216K)->65696K(132096K)
[20.745s][info][gc,heap        ] GC(241) ParOldGen: 2989122K(3193344K)->3059346K(3193344K)
[20.745s][info][gc,metaspace   ] GC(241) Metaspace: 6298K(6464K)->6298K(6464K) NonClass: 5765K(5824K)->5765K(5824K) Class: 533K(640K)->533K(640K)
[20.746s][info][gc             ] GC(241) Pause Young (Allocation Failure) 3051M->3051M(3284M) 76.125ms
[20.746s][info][gc,cpu         ] GC(241) User=0.20s Sys=0.05s Real=0.08s
[20.784s][info][gc,start       ] GC(242) Pause Young (Allocation Failure)
[20.847s][info][gc,heap        ] GC(242) PSYoungGen: 103072K(169472K)->37568K(174592K) Eden: 37376K(37376K)->0K(37376K) From: 65696K(132096K)->37568K(137216K)
[20.847s][info][gc,heap        ] GC(242) ParOldGen: 3059346K(3193344K)->3125458K(3193344K)
[20.847s][info][gc,metaspace   ] GC(242) Metaspace: 6298K(6464K)->6298K(6464K) NonClass: 5765K(5824K)->5765K(5824K) Class: 533K(640K)->533K(640K)
[20.847s][info][gc             ] GC(242) Pause Young (Allocation Failure) 3088M->3088M(3289M) 62.392ms
[20.847s][info][gc,cpu         ] GC(242) User=0.28s Sys=0.02s Real=0.06s
[20.847s][info][gc,start       ] GC(243) Pause Full (Ergonomics)
[20.847s][info][gc,phases,start] GC(243) Marking Phase
[21.595s][info][gc,phases      ] GC(243) Marking Phase 747.701ms
[21.595s][info][gc,phases,start] GC(243) Summary Phase
[21.595s][info][gc,phases      ] GC(243) Summary Phase 0.067ms
[21.595s][info][gc,phases,start] GC(243) Adjust Roots
[21.595s][info][gc,phases      ] GC(243) Adjust Roots 0.208ms
[21.595s][info][gc,phases,start] GC(243) Compaction Phase
[21.897s][info][gc,phases      ] GC(243) Compaction Phase 302.517ms
[21.897s][info][gc,phases,start] GC(243) Post Compact
[21.903s][info][gc,phases      ] GC(243) Post Compact 5.801ms
[21.904s][info][gc,heap        ] GC(243) PSYoungGen: 37568K(174592K)->0K(179200K) Eden: 0K(37376K)->0K(42496K) From: 37568K(137216K)->0K(136704K)
[21.905s][info][gc,heap        ] GC(243) ParOldGen: 3125458K(3193344K)->3160578K(3506176K)
[21.905s][info][gc,metaspace   ] GC(243) Metaspace: 6298K(6464K)->6298K(6464K) NonClass: 5765K(5824K)->5765K(5824K) Class: 533K(640K)->533K(640K)
[21.905s][info][gc             ] GC(243) Pause Full (Ergonomics) 3088M->3086M(3599M) 1057.759ms
[21.905s][info][gc,cpu         ] GC(243) User=7.44s Sys=0.02s Real=1.06s
[21.959s][info][gc,start       ] GC(244) Pause Young (Allocation Failure)
[22.004s][info][gc,heap        ] GC(244) PSYoungGen: 42496K(179200K)->42656K(179200K) Eden: 42496K(42496K)->0K(42496K) From: 0K(136704K)->42656K(136704K)
[22.005s][info][gc,heap        ] GC(244) ParOldGen: 3160578K(3506176K)->3160578K(3506176K)
[22.005s][info][gc,metaspace   ] GC(244) Metaspace: 6298K(6464K)->6298K(6464K) NonClass: 5765K(5824K)->5765K(5824K) Class: 533K(640K)->533K(640K)
[22.005s][info][gc             ] GC(244) Pause Young (Allocation Failure) 3128M->3128M(3599M) 45.120ms
[22.005s][info][gc,cpu         ] GC(244) User=0.19s Sys=0.00s Real=0.05s
[22.049s][info][gc,start       ] GC(245) Pause Young (Allocation Failure)
[22.107s][info][gc,heap        ] GC(245) PSYoungGen: 85152K(179200K)->85248K(180736K) Eden: 42496K(42496K)->0K(46592K) From: 42656K(136704K)->85248K(134144K)
[22.107s][info][gc,heap        ] GC(245) ParOldGen: 3160578K(3506176K)->3160578K(3506176K)
[22.107s][info][gc,metaspace   ] GC(245) Metaspace: 6298K(6464K)->6298K(6464K) NonClass: 5765K(5824K)->5765K(5824K) Class: 533K(640K)->533K(640K)
[22.107s][info][gc             ] GC(245) Pause Young (Allocation Failure) 3169M->3169M(3600M) 57.940ms
[22.107s][info][gc,cpu         ] GC(245) User=0.22s Sys=0.00s Real=0.06s
[22.156s][info][gc,start       ] GC(246) Pause Young (Allocation Failure)
[22.231s][info][gc,heap        ] GC(246) PSYoungGen: 131840K(180736K)->89376K(181248K) Eden: 46592K(46592K)->0K(46592K) From: 85248K(134144K)->89376K(134656K)
[22.232s][info][gc,heap        ] GC(246) ParOldGen: 3160578K(3506176K)->3203442K(3506176K)
[22.232s][info][gc,metaspace   ] GC(246) Metaspace: 6298K(6464K)->6298K(6464K) NonClass: 5765K(5824K)->5765K(5824K) Class: 533K(640K)->533K(640K)
[22.232s][info][gc             ] GC(246) Pause Young (Allocation Failure) 3215M->3215M(3601M) 75.370ms
[22.232s][info][gc,cpu         ] GC(246) User=0.33s Sys=0.00s Real=0.08s
[22.281s][info][gc,start       ] GC(247) Pause Young (Allocation Failure)
[22.361s][info][gc,heap        ] GC(247) PSYoungGen: 135968K(181248K)->93472K(185344K) Eden: 46592K(46592K)->0K(49664K) From: 89376K(134656K)->93472K(135680K)
[22.361s][info][gc,heap        ] GC(247) ParOldGen: 3203442K(3506176K)->3246306K(3506176K)
[22.361s][info][gc,metaspace   ] GC(247) Metaspace: 6298K(6464K)->6298K(6464K) NonClass: 5765K(5824K)->5765K(5824K) Class: 533K(640K)->533K(640K)
[22.361s][info][gc             ] GC(247) Pause Young (Allocation Failure) 3261M->3261M(3605M) 79.943ms
[22.361s][info][gc,cpu         ] GC(247) User=0.30s Sys=0.00s Real=0.08s
[22.418s][info][gc,start       ] GC(248) Pause Young (Allocation Failure)
[22.494s][info][gc,heap        ] GC(248) PSYoungGen: 143136K(185344K)->96512K(187392K) Eden: 49664K(49664K)->0K(49664K) From: 93472K(135680K)->96512K(137728K)
[22.494s][info][gc,heap        ] GC(248) ParOldGen: 3246306K(3506176K)->3293314K(3506176K)
[22.494s][info][gc,metaspace   ] GC(248) Metaspace: 6298K(6464K)->6298K(6464K) NonClass: 5765K(5824K)->5765K(5824K) Class: 533K(640K)->533K(640K)
[22.494s][info][gc             ] GC(248) Pause Young (Allocation Failure) 3310M->3310M(3607M) 75.548ms
[22.494s][info][gc,cpu         ] GC(248) User=0.36s Sys=0.06s Real=0.08s
[22.548s][info][gc,start       ] GC(249) Pause Young (Allocation Failure)
[22.629s][info][gc,heap        ] GC(249) PSYoungGen: 146176K(187392K)->99552K(193536K) Eden: 49664K(49664K)->0K(53248K) From: 96512K(137728K)->99552K(140288K)
[22.629s][info][gc,heap        ] GC(249) ParOldGen: 3293314K(3506176K)->3340330K(3506176K)
[22.629s][info][gc,metaspace   ] GC(249) Metaspace: 6298K(6464K)->6298K(6464K) NonClass: 5765K(5824K)->5765K(5824K) Class: 533K(640K)->533K(640K)
[22.629s][info][gc             ] GC(249) Pause Young (Allocation Failure) 3358M->3359M(3613M) 80.639ms
[22.629s][info][gc,cpu         ] GC(249) User=0.27s Sys=0.05s Real=0.08s
[22.684s][info][gc,start       ] GC(250) Pause Young (Allocation Failure)
[22.765s][info][gc,heap        ] GC(250) PSYoungGen: 152800K(193536K)->103200K(196096K) Eden: 53248K(53248K)->0K(53248K) From: 99552K(140288K)->103200K(142848K)
[22.765s][info][gc,heap        ] GC(250) ParOldGen: 3340330K(3506176K)->3390442K(3506176K)
[22.765s][info][gc,metaspace   ] GC(250) Metaspace: 6298K(6464K)->6298K(6464K) NonClass: 5765K(5824K)->5765K(5824K) Class: 533K(640K)->533K(640K)
[22.765s][info][gc             ] GC(250) Pause Young (Allocation Failure) 3411M->3411M(3615M) 81.112ms
[22.765s][info][gc,cpu         ] GC(250) User=0.44s Sys=0.02s Real=0.08s
[22.818s][info][gc,start       ] GC(251) Pause Young (Allocation Failure)
[22.900s][info][gc,heap        ] GC(251) PSYoungGen: 156448K(196096K)->106784K(202240K) Eden: 53248K(53248K)->0K(56320K) From: 103200K(142848K)->106784K(145920K)
[22.900s][info][gc,heap        ] GC(251) ParOldGen: 3390442K(3506176K)->3440554K(3506176K)
[22.900s][info][gc,metaspace   ] GC(251) Metaspace: 6298K(6464K)->6298K(6464K) NonClass: 5765K(5824K)->5765K(5824K) Class: 533K(640K)->533K(640K)
[22.900s][info][gc             ] GC(251) Pause Young (Allocation Failure) 3463M->3464M(3621M) 81.232ms
[22.900s][info][gc,cpu         ] GC(251) User=0.62s Sys=0.02s Real=0.08s
[22.900s][info][gc,start       ] GC(252) Pause Full (Ergonomics)
[22.900s][info][gc,phases,start] GC(252) Marking Phase
[23.730s][info][gc,phases      ] GC(252) Marking Phase 830.729ms
[23.731s][info][gc,phases,start] GC(252) Summary Phase
[23.731s][info][gc,phases      ] GC(252) Summary Phase 0.076ms
[23.731s][info][gc,phases,start] GC(252) Adjust Roots
[23.731s][info][gc,phases      ] GC(252) Adjust Roots 0.282ms
[23.731s][info][gc,phases,start] GC(252) Compaction Phase
[24.078s][info][gc,phases      ] GC(252) Compaction Phase 347.173ms
[24.078s][info][gc,phases,start] GC(252) Post Compact
[24.085s][info][gc,phases      ] GC(252) Post Compact 6.709ms
[24.086s][info][gc,heap        ] GC(252) PSYoungGen: 106784K(202240K)->38472K(202240K) Eden: 0K(56320K)->0K(56320K) From: 106784K(145920K)->38472K(145920K)
[24.086s][info][gc,heap        ] GC(252) ParOldGen: 3440554K(3506176K)->3505847K(3887616K)
[24.086s][info][gc,metaspace   ] GC(252) Metaspace: 6298K(6464K)->6298K(6464K) NonClass: 5765K(5824K)->5765K(5824K) Class: 533K(640K)->533K(640K)
[24.086s][info][gc             ] GC(252) Pause Full (Ergonomics) 3464M->3461M(3994M) 1186.610ms
[24.086s][info][gc,cpu         ] GC(252) User=8.31s Sys=0.08s Real=1.19s
[24.148s][info][gc,start       ] GC(253) Pause Young (Allocation Failure)
[24.336s][info][gc,heap        ] GC(253) PSYoungGen: 94792K(202240K)->70048K(205312K) Eden: 56320K(56320K)->0K(56320K) From: 38472K(145920K)->70048K(148992K)
[24.336s][info][gc,heap        ] GC(253) ParOldGen: 3505847K(3887616K)->3531111K(3887616K)
[24.336s][info][gc,metaspace   ] GC(253) Metaspace: 6298K(6464K)->6298K(6464K) NonClass: 5765K(5824K)->5765K(5824K) Class: 533K(640K)->533K(640K)
[24.336s][info][gc             ] GC(253) Pause Young (Allocation Failure) 3516M->3516M(3997M) 188.296ms
[24.336s][info][gc,cpu         ] GC(253) User=1.41s Sys=0.00s Real=0.19s
[24.399s][info][gc,start       ] GC(254) Pause Young (Allocation Failure)
[24.474s][info][gc,heap        ] GC(254) PSYoungGen: 126368K(205312K)->126464K(195584K) Eden: 56320K(56320K)->0K(51200K) From: 70048K(148992K)->126464K(144384K)
[24.474s][info][gc,heap        ] GC(254) ParOldGen: 3531111K(3887616K)->3531111K(3887616K)
[24.474s][info][gc,metaspace   ] GC(254) Metaspace: 6298K(6464K)->6298K(6464K) NonClass: 5765K(5824K)->5765K(5824K) Class: 533K(640K)->533K(640K)
[24.474s][info][gc             ] GC(254) Pause Young (Allocation Failure) 3571M->3571M(3987M) 75.660ms
[24.474s][info][gc,cpu         ] GC(254) User=0.31s Sys=0.00s Real=0.08s
[24.529s][info][gc,start       ] GC(255) Pause Young (Allocation Failure)
[24.623s][info][gc,heap        ] GC(255) PSYoungGen: 177664K(195584K)->155136K(206336K) Eden: 51200K(51200K)->0K(51200K) From: 126464K(144384K)->155136K(155136K)
[24.623s][info][gc,heap        ] GC(255) ParOldGen: 3531111K(3887616K)->3553759K(3887616K)
[24.623s][info][gc,metaspace   ] GC(255) Metaspace: 6298K(6464K)->6298K(6464K) NonClass: 5765K(5824K)->5765K(5824K) Class: 533K(640K)->533K(640K)
[24.623s][info][gc             ] GC(255) Pause Young (Allocation Failure) 3621M->3621M(3998M) 94.034ms
[24.623s][info][gc,cpu         ] GC(255) User=0.45s Sys=0.02s Real=0.09s
[24.676s][info][gc,start       ] GC(256) Pause Young (Allocation Failure)
[24.782s][info][gc,heap        ] GC(256) PSYoungGen: 206336K(206336K)->147136K(228864K) Eden: 51200K(51200K)->0K(46592K) From: 155136K(155136K)->147136K(182272K)
[24.782s][info][gc,heap        ] GC(256) ParOldGen: 3553759K(3887616K)->3613607K(3887616K)
[24.782s][info][gc,metaspace   ] GC(256) Metaspace: 6298K(6464K)->6298K(6464K) NonClass: 5765K(5824K)->5765K(5824K) Class: 533K(640K)->533K(640K)
[24.782s][info][gc             ] GC(256) Pause Young (Allocation Failure) 3671M->3672M(4020M) 105.614ms
[24.782s][info][gc,cpu         ] GC(256) User=0.70s Sys=0.17s Real=0.11s
[24.830s][info][gc,start       ] GC(257) Pause Young (Allocation Failure)
[24.928s][info][gc,heap        ] GC(257) PSYoungGen: 193728K(228864K)->148992K(239104K) Eden: 46592K(46592K)->0K(46592K) From: 147136K(182272K)->148992K(192512K)
[24.929s][info][gc,heap        ] GC(257) ParOldGen: 3613607K(3887616K)->3658823K(3887616K)
[24.929s][info][gc,metaspace   ] GC(257) Metaspace: 6298K(6464K)->6298K(6464K) NonClass: 5765K(5824K)->5765K(5824K) Class: 533K(640K)->533K(640K)
[24.929s][info][gc             ] GC(257) Pause Young (Allocation Failure) 3718M->3718M(4030M) 98.277ms
[24.929s][info][gc,cpu         ] GC(257) User=0.61s Sys=0.05s Real=0.10s
[24.979s][info][gc,start       ] GC(258) Pause Young (Allocation Failure)
[25.074s][info][gc,heap        ] GC(258) PSYoungGen: 195584K(239104K)->144736K(248832K) Eden: 46592K(46592K)->0K(47616K) From: 148992K(192512K)->144736K(201216K)
[25.074s][info][gc,heap        ] GC(258) ParOldGen: 3658823K(3887616K)->3710079K(3887616K)
[25.074s][info][gc,metaspace   ] GC(258) Metaspace: 6298K(6464K)->6298K(6464K) NonClass: 5765K(5824K)->5765K(5824K) Class: 533K(640K)->533K(640K)
[25.074s][info][gc             ] GC(258) Pause Young (Allocation Failure) 3764M->3764M(4039M) 94.722ms
[25.074s][info][gc,cpu         ] GC(258) User=0.59s Sys=0.03s Real=0.10s
[25.125s][info][gc,start       ] GC(259) Pause Young (Allocation Failure)
[25.226s][info][gc,heap        ] GC(259) PSYoungGen: 192352K(248832K)->94464K(142336K) Eden: 47616K(47616K)->0K(47616K) From: 144736K(201216K)->94464K(94720K)
[25.226s][info][gc,heap        ] GC(259) ParOldGen: 3710079K(3887616K)->3808735K(3887616K)
[25.226s][info][gc,metaspace   ] GC(259) Metaspace: 6298K(6464K)->6298K(6464K) NonClass: 5765K(5824K)->5765K(5824K) Class: 533K(640K)->533K(640K)
[25.226s][info][gc             ] GC(259) Pause Young (Allocation Failure) 3810M->3811M(3935M) 100.787ms
[25.226s][info][gc,cpu         ] GC(259) User=0.73s Sys=0.02s Real=0.10s
[25.226s][info][gc,start       ] GC(260) Pause Full (Ergonomics)
[25.226s][info][gc,phases,start] GC(260) Marking Phase
[26.143s][info][gc,phases      ] GC(260) Marking Phase 917.105ms
[26.143s][info][gc,phases,start] GC(260) Summary Phase
[26.143s][info][gc,phases      ] GC(260) Summary Phase 0.054ms
[26.143s][info][gc,phases,start] GC(260) Adjust Roots
[26.143s][info][gc,phases      ] GC(260) Adjust Roots 0.190ms
[26.143s][info][gc,phases,start] GC(260) Compaction Phase
[26.521s][info][gc,phases      ] GC(260) Compaction Phase 378.204ms
[26.522s][info][gc,phases,start] GC(260) Post Compact
[26.529s][info][gc,phases      ] GC(260) Post Compact 7.278ms
[26.530s][info][gc,heap        ] GC(260) PSYoungGen: 94464K(142336K)->12404K(142336K) Eden: 0K(47616K)->0K(47616K) From: 94464K(94720K)->12404K(94720K)
[26.530s][info][gc,heap        ] GC(260) ParOldGen: 3808735K(3887616K)->3887541K(4319232K)
[26.530s][info][gc,metaspace   ] GC(260) Metaspace: 6298K(6464K)->6298K(6464K) NonClass: 5765K(5824K)->5765K(5824K) Class: 533K(640K)->533K(640K)
[26.530s][info][gc             ] GC(260) Pause Full (Ergonomics) 3811M->3808M(4357M) 1304.533ms
[26.530s][info][gc,cpu         ] GC(260) User=9.61s Sys=0.02s Real=1.30s
[26.583s][info][gc,start       ] GC(261) Pause Young (Allocation Failure)
[26.780s][info][gc,heap        ] GC(261) PSYoungGen: 60020K(142336K)->47808K(251904K) Eden: 47616K(47616K)->0K(52736K) From: 12404K(94720K)->47808K(199168K)
[26.781s][info][gc,heap        ] GC(261) ParOldGen: 3887541K(4319232K)->3900093K(4319232K)
[26.781s][info][gc,metaspace   ] GC(261) Metaspace: 6298K(6464K)->6298K(6464K) NonClass: 5765K(5824K)->5765K(5824K) Class: 533K(640K)->533K(640K)
[26.781s][info][gc             ] GC(261) Pause Young (Allocation Failure) 3855M->3855M(4464M) 197.725ms
[26.781s][info][gc,cpu         ] GC(261) User=1.41s Sys=0.00s Real=0.20s
[26.837s][info][gc,start       ] GC(262) Pause Young (Allocation Failure)
[26.902s][info][gc,heap        ] GC(262) PSYoungGen: 100544K(251904K)->52992K(252928K) Eden: 52736K(52736K)->0K(52736K) From: 47808K(199168K)->52992K(200192K)
[26.903s][info][gc,heap        ] GC(262) ParOldGen: 3900093K(4319232K)->3948125K(4319232K)
[26.903s][info][gc,metaspace   ] GC(262) Metaspace: 6298K(6464K)->6298K(6464K) NonClass: 5765K(5824K)->5765K(5824K) Class: 533K(640K)->533K(640K)
[26.903s][info][gc             ] GC(262) Pause Young (Allocation Failure) 3906M->3907M(4465M) 65.870ms
[26.903s][info][gc,cpu         ] GC(262) User=0.19s Sys=0.00s Real=0.07s
[26.959s][info][gc,start       ] GC(263) Pause Young (Allocation Failure)
[27.027s][info][gc,heap        ] GC(263) PSYoungGen: 105728K(252928K)->52960K(251904K) Eden: 52736K(52736K)->0K(58368K) From: 52992K(200192K)->52960K(193536K)
[27.027s][info][gc,heap        ] GC(263) ParOldGen: 3948125K(4319232K)->4001349K(4319232K)
[27.027s][info][gc,metaspace   ] GC(263) Metaspace: 6298K(6464K)->6298K(6464K) NonClass: 5765K(5824K)->5765K(5824K) Class: 533K(640K)->533K(640K)
[27.027s][info][gc             ] GC(263) Pause Young (Allocation Failure) 3958M->3959M(4464M) 68.144ms
[27.027s][info][gc,cpu         ] GC(263) User=0.30s Sys=0.06s Real=0.07s
[27.097s][info][gc,start       ] GC(264) Pause Young (Allocation Failure)
[27.172s][info][gc,heap        ] GC(264) PSYoungGen: 111328K(251904K)->58560K(254464K) Eden: 58368K(58368K)->0K(58368K) From: 52960K(193536K)->58560K(196096K)
[27.172s][info][gc,heap        ] GC(264) ParOldGen: 4001349K(4319232K)->4054557K(4319232K)
[27.172s][info][gc,metaspace   ] GC(264) Metaspace: 6298K(6464K)->6298K(6464K) NonClass: 5765K(5824K)->5765K(5824K) Class: 533K(640K)->533K(640K)
[27.172s][info][gc             ] GC(264) Pause Young (Allocation Failure) 4016M->4016M(4466M) 74.712ms
[27.172s][info][gc,cpu         ] GC(264) User=0.28s Sys=0.02s Real=0.07s
[27.236s][info][gc,start       ] GC(265) Pause Young (Allocation Failure)
[27.313s][info][gc,heap        ] GC(265) PSYoungGen: 116928K(254464K)->58624K(245760K) Eden: 58368K(58368K)->0K(64512K) From: 58560K(196096K)->58624K(181248K)
[27.313s][info][gc,heap        ] GC(265) ParOldGen: 4054557K(4319232K)->4113445K(4319232K)
[27.313s][info][gc,metaspace   ] GC(265) Metaspace: 6298K(6464K)->6298K(6464K) NonClass: 5765K(5824K)->5765K(5824K) Class: 533K(640K)->533K(640K)
[27.313s][info][gc             ] GC(265) Pause Young (Allocation Failure) 4073M->4074M(4458M) 77.051ms
[27.313s][info][gc,cpu         ] GC(265) User=0.41s Sys=0.00s Real=0.08s
[27.383s][info][gc,start       ] GC(266) Pause Young (Allocation Failure)
[27.455s][info][gc,heap        ] GC(266) PSYoungGen: 123136K(245760K)->64736K(250880K) Eden: 64512K(64512K)->0K(64512K) From: 58624K(181248K)->64736K(186368K)
[27.455s][info][gc,heap        ] GC(266) ParOldGen: 4113445K(4319232K)->4172341K(4319232K)
[27.455s][info][gc,metaspace   ] GC(266) Metaspace: 6298K(6464K)->6298K(6464K) NonClass: 5765K(5824K)->5765K(5824K) Class: 533K(640K)->533K(640K)
[27.455s][info][gc             ] GC(266) Pause Young (Allocation Failure) 4137M->4137M(4463M) 72.000ms
[27.455s][info][gc,cpu         ] GC(266) User=0.36s Sys=0.03s Real=0.07s
[27.527s][info][gc,start       ] GC(267) Pause Young (Allocation Failure)
[27.607s][info][gc,heap        ] GC(267) PSYoungGen: 129248K(250880K)->64704K(238592K) Eden: 64512K(64512K)->0K(71680K) From: 64736K(186368K)->64704K(166912K)
[27.607s][info][gc,heap        ] GC(267) ParOldGen: 4172341K(4319232K)->4237437K(4319232K)
[27.607s][info][gc,metaspace   ] GC(267) Metaspace: 6298K(6464K)->6298K(6464K) NonClass: 5765K(5824K)->5765K(5824K) Class: 533K(640K)->533K(640K)
[27.607s][info][gc             ] GC(267) Pause Young (Allocation Failure) 4200M->4201M(4451M) 79.958ms
[27.607s][info][gc,cpu         ] GC(267) User=0.33s Sys=0.02s Real=0.08s
[27.607s][info][gc,start       ] GC(268) Pause Full (Ergonomics)
[27.607s][info][gc,phases,start] GC(268) Marking Phase
[28.652s][info][gc,phases      ] GC(268) Marking Phase 1044.553ms
[28.652s][info][gc,phases,start] GC(268) Summary Phase
[28.652s][info][gc,phases      ] GC(268) Summary Phase 0.091ms
[28.652s][info][gc,phases,start] GC(268) Adjust Roots
[28.652s][info][gc,phases      ] GC(268) Adjust Roots 0.254ms
[28.652s][info][gc,phases,start] GC(268) Compaction Phase
[29.022s][info][gc,phases      ] GC(268) Compaction Phase 369.990ms
[29.022s][info][gc,phases,start] GC(268) Post Compact
[29.029s][info][gc,phases      ] GC(268) Post Compact 6.473ms
[29.030s][info][gc,heap        ] GC(268) PSYoungGen: 64704K(238592K)->0K(245248K) Eden: 0K(71680K)->0K(71680K) From: 64704K(166912K)->0K(173568K)
[29.030s][info][gc,heap        ] GC(268) ParOldGen: 4237437K(4319232K)->4298586K(4764672K)
[29.030s][info][gc,metaspace   ] GC(268) Metaspace: 6298K(6464K)->6298K(6464K) NonClass: 5765K(5824K)->5765K(5824K) Class: 533K(640K)->533K(640K)
[29.030s][info][gc             ] GC(268) Pause Full (Ergonomics) 4201M->4197M(4892M) 1423.099ms
[29.030s][info][gc,cpu         ] GC(268) User=10.58s Sys=0.03s Real=1.42s
[29.124s][info][gc,start       ] GC(269) Pause Young (Allocation Failure)
[29.187s][info][gc,heap        ] GC(269) PSYoungGen: 71680K(245248K)->71872K(235520K) Eden: 71680K(71680K)->0K(77824K) From: 0K(173568K)->71872K(157696K)
[29.187s][info][gc,heap        ] GC(269) ParOldGen: 4298586K(4764672K)->4298586K(4764672K)
[29.187s][info][gc,metaspace   ] GC(269) Metaspace: 6298K(6464K)->6298K(6464K) NonClass: 5765K(5824K)->5765K(5824K) Class: 533K(640K)->533K(640K)
[29.187s][info][gc             ] GC(269) Pause Young (Allocation Failure) 4267M->4268M(4883M) 62.541ms
[29.187s][info][gc,cpu         ] GC(269) User=0.28s Sys=0.00s Real=0.06s
[29.273s][info][gc,start       ] GC(270) Pause Young (Allocation Failure)
[29.352s][info][gc,heap        ] GC(270) PSYoungGen: 149696K(235520K)->149888K(244224K) Eden: 77824K(77824K)->0K(77824K) From: 71872K(157696K)->149888K(166400K)
[29.352s][info][gc,heap        ] GC(270) ParOldGen: 4298586K(4764672K)->4298586K(4764672K)
[29.352s][info][gc,metaspace   ] GC(270) Metaspace: 6298K(6464K)->6298K(6464K) NonClass: 5765K(5824K)->5765K(5824K) Class: 533K(640K)->533K(640K)
[29.352s][info][gc             ] GC(270) Pause Young (Allocation Failure) 4344M->4344M(4891M) 78.986ms
[29.352s][info][gc,cpu         ] GC(270) User=0.62s Sys=0.00s Real=0.08s
[29.436s][info][gc,start       ] GC(271) Pause Young (Allocation Failure)
[29.559s][info][gc,heap        ] GC(271) PSYoungGen: 227712K(244224K)->183296K(225792K) Eden: 77824K(77824K)->0K(42496K) From: 149888K(166400K)->183296K(183296K)
[29.559s][info][gc,heap        ] GC(271) ParOldGen: 4298586K(4764672K)->4343370K(4764672K)
[29.559s][info][gc,metaspace   ] GC(271) Metaspace: 6298K(6464K)->6298K(6464K) NonClass: 5765K(5824K)->5765K(5824K) Class: 533K(640K)->533K(640K)
[29.559s][info][gc             ] GC(271) Pause Young (Allocation Failure) 4420M->4420M(4873M) 123.249ms
[29.559s][info][gc,cpu         ] GC(271) User=0.84s Sys=0.05s Real=0.12s
[29.613s][info][gc,start       ] GC(272) Pause Young (Allocation Failure)
[29.731s][info][gc,heap        ] GC(272) PSYoungGen: 225792K(225792K)->101824K(144384K) Eden: 42496K(42496K)->0K(42496K) From: 183296K(183296K)->101824K(101888K)
[29.731s][info][gc,heap        ] GC(272) ParOldGen: 4343370K(4764672K)->4468386K(4764672K)
[29.731s][info][gc,metaspace   ] GC(272) Metaspace: 6298K(6464K)->6298K(6464K) NonClass: 5765K(5824K)->5765K(5824K) Class: 533K(640K)->533K(640K)
[29.731s][info][gc             ] GC(272) Pause Young (Allocation Failure) 4462M->4463M(4794M) 118.341ms
[29.731s][info][gc,cpu         ] GC(272) User=0.78s Sys=0.11s Real=0.12s
[29.783s][info][gc,start       ] GC(273) Pause Young (Allocation Failure)
[29.861s][info][gc,heap        ] GC(273) PSYoungGen: 144320K(144384K)->85216K(244224K) Eden: 42496K(42496K)->0K(47616K) From: 101824K(101888K)->85216K(196608K)
[29.861s][info][gc,heap        ] GC(273) ParOldGen: 4468386K(4764672K)->4527978K(4764672K)
[29.862s][info][gc,metaspace   ] GC(273) Metaspace: 6298K(6464K)->6298K(6464K) NonClass: 5765K(5824K)->5765K(5824K) Class: 533K(640K)->533K(640K)
[29.862s][info][gc             ] GC(273) Pause Young (Allocation Failure) 4504M->4505M(4891M) 78.384ms
[29.862s][info][gc,cpu         ] GC(273) User=0.45s Sys=0.06s Real=0.08s
[29.914s][info][gc,start       ] GC(274) Pause Young (Allocation Failure)
[29.991s][info][gc,heap        ] GC(274) PSYoungGen: 132832K(244224K)->90400K(138240K) Eden: 47616K(47616K)->0K(47616K) From: 85216K(196608K)->90400K(90624K)
[29.991s][info][gc,heap        ] GC(274) ParOldGen: 4527978K(4764672K)->4570858K(4764672K)
[29.991s][info][gc,metaspace   ] GC(274) Metaspace: 6298K(6464K)->6298K(6464K) NonClass: 5765K(5824K)->5765K(5824K) Class: 533K(640K)->533K(640K)
[29.991s][info][gc             ] GC(274) Pause Young (Allocation Failure) 4551M->4552M(4788M) 77.643ms
[29.991s][info][gc,cpu         ] GC(274) User=0.41s Sys=0.05s Real=0.08s
[30.039s][info][gc,start       ] GC(275) Pause Young (Allocation Failure)
[30.117s][info][gc,heap        ] GC(275) PSYoungGen: 138016K(138240K)->95488K(231936K) Eden: 47616K(47616K)->0K(53248K) From: 90400K(90624K)->95488K(178688K)
[30.118s][info][gc,heap        ] GC(275) ParOldGen: 4570858K(4764672K)->4613738K(4764672K)
[30.118s][info][gc,metaspace   ] GC(275) Metaspace: 6298K(6464K)->6298K(6464K) NonClass: 5765K(5824K)->5765K(5824K) Class: 533K(640K)->533K(640K)
[30.118s][info][gc             ] GC(275) Pause Young (Allocation Failure) 4598M->4598M(4879M) 78.458ms
[30.118s][info][gc,cpu         ] GC(275) User=0.42s Sys=0.06s Real=0.08s
[30.179s][info][gc,start       ] GC(276) Pause Young (Allocation Failure)
[30.264s][info][gc,heap        ] GC(276) PSYoungGen: 148736K(231936K)->101152K(154624K) Eden: 53248K(53248K)->0K(53248K) From: 95488K(178688K)->101152K(101376K)
[30.264s][info][gc,heap        ] GC(276) ParOldGen: 4613738K(4764672K)->4661794K(4764672K)
[30.264s][info][gc,metaspace   ] GC(276) Metaspace: 6298K(6464K)->6298K(6464K) NonClass: 5765K(5824K)->5765K(5824K) Class: 533K(640K)->533K(640K)
[30.264s][info][gc             ] GC(276) Pause Young (Allocation Failure) 4650M->4651M(4804M) 85.148ms
[30.264s][info][gc,cpu         ] GC(276) User=0.41s Sys=0.11s Real=0.09s
[30.329s][info][gc,start       ] GC(277) Pause Young (Allocation Failure)
[30.415s][info][gc,heap        ] GC(277) PSYoungGen: 154400K(154624K)->106720K(228352K) Eden: 53248K(53248K)->0K(59392K) From: 101152K(101376K)->106720K(168960K)
[30.415s][info][gc,heap        ] GC(277) ParOldGen: 4661794K(4764672K)->4709834K(4764672K)
[30.415s][info][gc,metaspace   ] GC(277) Metaspace: 6298K(6464K)->6298K(6464K) NonClass: 5765K(5824K)->5765K(5824K) Class: 533K(640K)->533K(640K)
[30.415s][info][gc             ] GC(277) Pause Young (Allocation Failure) 4703M->4703M(4876M) 86.268ms
[30.415s][info][gc,cpu         ] GC(277) User=0.50s Sys=0.03s Real=0.09s
[30.415s][info][gc,start       ] GC(278) Pause Full (Ergonomics)
[30.415s][info][gc,phases,start] GC(278) Marking Phase
[31.601s][info][gc,phases      ] GC(278) Marking Phase 1186.364ms
[31.601s][info][gc,phases,start] GC(278) Summary Phase
[31.601s][info][gc,phases      ] GC(278) Summary Phase 0.073ms
[31.602s][info][gc,phases,start] GC(278) Adjust Roots
[31.602s][info][gc,phases      ] GC(278) Adjust Roots 0.224ms
[31.602s][info][gc,phases,start] GC(278) Compaction Phase
[32.047s][info][gc,phases      ] GC(278) Compaction Phase 445.259ms
[32.047s][info][gc,phases,start] GC(278) Post Compact
[32.055s][info][gc,phases      ] GC(278) Post Compact 7.918ms
[32.057s][info][gc,heap        ] GC(278) PSYoungGen: 106720K(228352K)->48175K(233472K) Eden: 0K(59392K)->0K(64512K) From: 106720K(168960K)->48175K(168960K)
[32.057s][info][gc,heap        ] GC(278) ParOldGen: 4709834K(4764672K)->4764191K(5263872K)
[32.057s][info][gc,metaspace   ] GC(278) Metaspace: 6298K(6464K)->6298K(6464K) NonClass: 5765K(5824K)->5765K(5824K) Class: 533K(640K)->533K(640K)
[32.057s][info][gc             ] GC(278) Pause Full (Ergonomics) 4703M->4699M(5368M) 1641.807ms
[32.057s][info][gc,cpu         ] GC(278) User=12.11s Sys=0.03s Real=1.64s
[32.127s][info][gc,start       ] GC(279) Pause Young (Allocation Failure)
[32.410s][info][gc,heap        ] GC(279) PSYoungGen: 112687K(233472K)->83776K(238592K) Eden: 64512K(64512K)->0K(64512K) From: 48175K(168960K)->83776K(174080K)
[32.410s][info][gc,heap        ] GC(279) ParOldGen: 4764191K(5263872K)->4793735K(5263872K)
[32.410s][info][gc,metaspace   ] GC(279) Metaspace: 6298K(6464K)->6298K(6464K) NonClass: 5765K(5824K)->5765K(5824K) Class: 533K(640K)->533K(640K)
[32.410s][info][gc             ] GC(279) Pause Young (Allocation Failure) 4762M->4763M(5373M) 283.353ms
[32.410s][info][gc,cpu         ] GC(279) User=1.86s Sys=0.00s Real=0.28s
[32.481s][info][gc,start       ] GC(280) Pause Young (Allocation Failure)
[32.565s][info][gc,heap        ] GC(280) PSYoungGen: 148288K(238592K)->148384K(228864K) Eden: 64512K(64512K)->0K(59392K) From: 83776K(174080K)->148384K(169472K)
[32.565s][info][gc,heap        ] GC(280) ParOldGen: 4793735K(5263872K)->4793735K(5263872K)
[32.565s][info][gc,metaspace   ] GC(280) Metaspace: 6298K(6464K)->6298K(6464K) NonClass: 5765K(5824K)->5765K(5824K) Class: 533K(640K)->533K(640K)
[32.565s][info][gc             ] GC(280) Pause Young (Allocation Failure) 4826M->4826M(5364M) 83.765ms
[32.565s][info][gc,cpu         ] GC(280) User=0.53s Sys=0.00s Real=0.08s
[32.629s][info][gc,start       ] GC(281) Pause Young (Allocation Failure)
[32.746s][info][gc,heap        ] GC(281) PSYoungGen: 207776K(228864K)->180736K(240128K) Eden: 59392K(59392K)->0K(59392K) From: 148384K(169472K)->180736K(180736K)
[32.746s][info][gc,heap        ] GC(281) ParOldGen: 4793735K(5263872K)->4820951K(5263872K)
[32.746s][info][gc,metaspace   ] GC(281) Metaspace: 6298K(6464K)->6298K(6464K) NonClass: 5765K(5824K)->5765K(5824K) Class: 533K(640K)->533K(640K)
[32.746s][info][gc             ] GC(281) Pause Young (Allocation Failure) 4884M->4884M(5375M) 117.677ms
[32.746s][info][gc,cpu         ] GC(281) User=0.78s Sys=0.00s Real=0.12s
[32.823s][info][gc,start       ] GC(282) Pause Young (Allocation Failure)
[32.953s][info][gc,heap        ] GC(282) PSYoungGen: 240128K(240128K)->166496K(268288K) Eden: 59392K(59392K)->0K(56320K) From: 180736K(180736K)->166496K(211968K)
[32.953s][info][gc,heap        ] GC(282) ParOldGen: 4820951K(5263872K)->4895343K(5263872K)
[32.953s][info][gc,metaspace   ] GC(282) Metaspace: 6298K(6464K)->6298K(6464K) NonClass: 5765K(5824K)->5765K(5824K) Class: 533K(640K)->533K(640K)
[32.953s][info][gc             ] GC(282) Pause Young (Allocation Failure) 4942M->4943M(5402M) 130.835ms
[32.953s][info][gc,cpu         ] GC(282) User=0.83s Sys=0.06s Real=0.13s
[33.014s][info][gc,start       ] GC(283) Pause Young (Allocation Failure)
[33.138s][info][gc,heap        ] GC(283) PSYoungGen: 222816K(268288K)->168064K(278016K) Eden: 56320K(56320K)->0K(56320K) From: 166496K(211968K)->168064K(221696K)
[33.138s][info][gc,heap        ] GC(283) ParOldGen: 4895343K(5263872K)->4950575K(5263872K)
[33.138s][info][gc,metaspace   ] GC(283) Metaspace: 6298K(6464K)->6298K(6464K) NonClass: 5765K(5824K)->5765K(5824K) Class: 533K(640K)->533K(640K)
[33.138s][info][gc             ] GC(283) Pause Young (Allocation Failure) 4998M->4998M(5412M) 123.339ms
[33.138s][info][gc,cpu         ] GC(283) User=0.84s Sys=0.03s Real=0.12s
[33.197s][info][gc,start       ] GC(284) Pause Young (Allocation Failure)
[33.319s][info][gc,heap        ] GC(284) PSYoungGen: 224384K(278016K)->172416K(284672K) Eden: 56320K(56320K)->0K(55296K) From: 168064K(221696K)->172416K(229376K)
[33.319s][info][gc,heap        ] GC(284) ParOldGen: 4950575K(5263872K)->5003023K(5263872K)
[33.319s][info][gc,metaspace   ] GC(284) Metaspace: 6298K(6464K)->6298K(6464K) NonClass: 5765K(5824K)->5765K(5824K) Class: 533K(640K)->533K(640K)
[33.319s][info][gc             ] GC(284) Pause Young (Allocation Failure) 5053M->5054M(5418M) 121.693ms
[33.319s][info][gc,cpu         ] GC(284) User=0.81s Sys=0.06s Real=0.12s
[33.384s][info][gc,start       ] GC(285) Pause Young (Allocation Failure)
[33.516s][info][gc,heap        ] GC(285) PSYoungGen: 227712K(284672K)->111904K(167424K) Eden: 55296K(55296K)->0K(55296K) From: 172416K(229376K)->111904K(112128K)
[33.516s][info][gc,heap        ] GC(285) ParOldGen: 5003023K(5263872K)->5119759K(5263872K)
[33.516s][info][gc,metaspace   ] GC(285) Metaspace: 6298K(6464K)->6298K(6464K) NonClass: 5765K(5824K)->5765K(5824K) Class: 533K(640K)->533K(640K)
[33.516s][info][gc             ] GC(285) Pause Young (Allocation Failure) 5108M->5109M(5304M) 132.405ms
[33.516s][info][gc,cpu         ] GC(285) User=0.86s Sys=0.03s Real=0.13s
[33.579s][info][gc,start       ] GC(286) Pause Young (Allocation Failure)
[33.676s][info][gc,heap        ] GC(286) PSYoungGen: 167200K(167424K)->55520K(289280K) Eden: 55296K(55296K)->0K(60416K) From: 111904K(112128K)->55520K(228864K)
[33.676s][info][gc,heap        ] GC(286) ParOldGen: 5119759K(5263872K)->5232359K(5263872K)
[33.676s][info][gc,metaspace   ] GC(286) Metaspace: 6298K(6464K)->6298K(6464K) NonClass: 5765K(5824K)->5765K(5824K) Class: 533K(640K)->533K(640K)
[33.676s][info][gc             ] GC(286) Pause Young (Allocation Failure) 5163M->5163M(5423M) 97.022ms
[33.676s][info][gc,cpu         ] GC(286) User=0.52s Sys=0.12s Real=0.10s
[33.676s][info][gc,start       ] GC(287) Pause Full (Ergonomics)
[33.676s][info][gc,phases,start] GC(287) Marking Phase
[34.894s][info][gc,phases      ] GC(287) Marking Phase 1218.171ms
[34.894s][info][gc,phases,start] GC(287) Summary Phase
[34.894s][info][gc,phases      ] GC(287) Summary Phase 0.072ms
[34.894s][info][gc,phases,start] GC(287) Adjust Roots
[34.894s][info][gc,phases      ] GC(287) Adjust Roots 0.233ms
[34.894s][info][gc,phases,start] GC(287) Compaction Phase
[35.321s][info][gc,phases      ] GC(287) Compaction Phase 426.620ms
[35.321s][info][gc,phases,start] GC(287) Post Compact
[35.329s][info][gc,phases      ] GC(287) Post Compact 7.958ms
[35.331s][info][gc,heap        ] GC(287) PSYoungGen: 55520K(289280K)->19494K(289280K) Eden: 0K(60416K)->0K(60416K) From: 55520K(228864K)->19494K(228864K)
[35.331s][info][gc,heap        ] GC(287) ParOldGen: 5232359K(5263872K)->5263664K(5843968K)
[35.331s][info][gc,metaspace   ] GC(287) Metaspace: 6298K(6464K)->6298K(6464K) NonClass: 5765K(5824K)->5765K(5824K) Class: 533K(640K)->533K(640K)
[35.331s][info][gc             ] GC(287) Pause Full (Ergonomics) 5163M->5159M(5989M) 1655.293ms
[35.331s][info][gc,cpu         ] GC(287) User=12.53s Sys=0.03s Real=1.65s
[35.404s][info][gc,start       ] GC(288) Pause Young (Allocation Failure)
[35.680s][info][gc,heap        ] GC(288) PSYoungGen: 79910K(289280K)->60608K(291328K) Eden: 60416K(60416K)->0K(60416K) From: 19494K(228864K)->60608K(230912K)
[35.680s][info][gc,heap        ] GC(288) ParOldGen: 5263664K(5843968K)->5283368K(5843968K)
[35.680s][info][gc,metaspace   ] GC(288) Metaspace: 6298K(6464K)->6298K(6464K) NonClass: 5765K(5824K)->5765K(5824K) Class: 533K(640K)->533K(640K)
[35.680s][info][gc             ] GC(288) Pause Young (Allocation Failure) 5218M->5218M(5991M) 276.239ms
[35.680s][info][gc,cpu         ] GC(288) User=1.75s Sys=0.00s Real=0.28s
[35.746s][info][gc,start       ] GC(289) Pause Young (Allocation Failure)
[35.823s][info][gc,heap        ] GC(289) PSYoungGen: 121024K(291328K)->60608K(292352K) Eden: 60416K(60416K)->0K(67072K) From: 60608K(230912K)->60608K(225280K)
[35.823s][info][gc,heap        ] GC(289) ParOldGen: 5283368K(5843968K)->5344312K(5843968K)
[35.823s][info][gc,metaspace   ] GC(289) Metaspace: 6298K(6464K)->6298K(6464K) NonClass: 5765K(5824K)->5765K(5824K) Class: 533K(640K)->533K(640K)
[35.823s][info][gc             ] GC(289) Pause Young (Allocation Failure) 5277M->5278M(5992M) 76.755ms
[35.823s][info][gc,cpu         ] GC(289) User=0.50s Sys=0.00s Real=0.08s
[35.900s][info][gc,start       ] GC(290) Pause Young (Allocation Failure)
[35.983s][info][gc,heap        ] GC(290) PSYoungGen: 127680K(292352K)->67328K(294400K) Eden: 67072K(67072K)->0K(67072K) From: 60608K(225280K)->67328K(227328K)
[35.983s][info][gc,heap        ] GC(290) ParOldGen: 5344312K(5843968K)->5405256K(5843968K)
[35.983s][info][gc,metaspace   ] GC(290) Metaspace: 6298K(6464K)->6298K(6464K) NonClass: 5765K(5824K)->5765K(5824K) Class: 533K(640K)->533K(640K)
[35.983s][info][gc             ] GC(290) Pause Young (Allocation Failure) 5343M->5344M(5994M) 83.192ms
[35.983s][info][gc,cpu         ] GC(290) User=0.44s Sys=0.02s Real=0.08s
[36.064s][info][gc,start       ] GC(291) Pause Young (Allocation Failure)
[36.149s][info][gc,heap        ] GC(291) PSYoungGen: 134400K(294400K)->67296K(285696K) Eden: 67072K(67072K)->0K(74240K) From: 67328K(227328K)->67296K(211456K)
[36.149s][info][gc,heap        ] GC(291) ParOldGen: 5405256K(5843968K)->5472928K(5843968K)
[36.149s][info][gc,metaspace   ] GC(291) Metaspace: 6298K(6464K)->6298K(6464K) NonClass: 5765K(5824K)->5765K(5824K) Class: 533K(640K)->533K(640K)
[36.149s][info][gc             ] GC(291) Pause Young (Allocation Failure) 5409M->5410M(5986M) 84.490ms
[36.149s][info][gc,cpu         ] GC(291) User=0.50s Sys=0.02s Real=0.08s
[36.233s][info][gc,start       ] GC(292) Pause Young (Allocation Failure)
[36.321s][info][gc,heap        ] GC(292) PSYoungGen: 141536K(285696K)->74528K(291328K) Eden: 74240K(74240K)->0K(74240K) From: 67296K(211456K)->74528K(217088K)
[36.321s][info][gc,heap        ] GC(292) ParOldGen: 5472928K(5843968K)->5540608K(5843968K)
[36.321s][info][gc,metaspace   ] GC(292) Metaspace: 6298K(6464K)->6298K(6464K) NonClass: 5765K(5824K)->5765K(5824K) Class: 533K(640K)->533K(640K)
[36.321s][info][gc             ] GC(292) Pause Young (Allocation Failure) 5482M->5483M(5991M) 88.038ms
[36.321s][info][gc,cpu         ] GC(292) User=0.53s Sys=0.02s Real=0.09s
[36.410s][info][gc,start       ] GC(293) Pause Young (Allocation Failure)
[36.500s][info][gc,heap        ] GC(293) PSYoungGen: 148768K(291328K)->74528K(277504K) Eden: 74240K(74240K)->0K(81920K) From: 74528K(217088K)->74528K(195584K)
[36.501s][info][gc,heap        ] GC(293) ParOldGen: 5540608K(5843968K)->5615512K(5843968K)
[36.501s][info][gc,metaspace   ] GC(293) Metaspace: 6298K(6464K)->6298K(6464K) NonClass: 5765K(5824K)->5765K(5824K) Class: 533K(640K)->533K(640K)
[36.501s][info][gc             ] GC(293) Pause Young (Allocation Failure) 5556M->5556M(5978M) 90.638ms
[36.501s][info][gc,cpu         ] GC(293) User=0.52s Sys=0.09s Real=0.09s
[37.656s][info][gc,start       ] GC(294) Pause Young (Allocation Failure)
[37.886s][info][gc,heap        ] GC(294) PSYoungGen: 156448K(277504K)->82176K(164352K) Eden: 81920K(81920K)->0K(81920K) From: 74528K(195584K)->82176K(82432K)
[37.886s][info][gc,heap        ] GC(294) ParOldGen: 5877656K(6106624K)->5952568K(6106624K)
[37.886s][info][gc,metaspace   ] GC(294) Metaspace: 6298K(6464K)->6298K(6464K) NonClass: 5765K(5824K)->5765K(5824K) Class: 533K(640K)->533K(640K)
[37.886s][info][gc             ] GC(294) Pause Young (Allocation Failure) 5892M->5893M(6124M) 230.279ms
[37.886s][info][gc,cpu         ] GC(294) User=1.27s Sys=0.02s Real=0.23s
[37.973s][info][gc,start       ] GC(295) Pause Young (Allocation Failure)
[38.078s][info][gc,heap        ] GC(295) PSYoungGen: 164096K(164352K)->164288K(268288K) Eden: 81920K(81920K)->0K(73728K) From: 82176K(82432K)->164288K(194560K)
[38.079s][info][gc,heap        ] GC(295) ParOldGen: 5952568K(6106624K)->5952568K(6106624K)
[38.079s][info][gc,metaspace   ] GC(295) Metaspace: 6298K(6464K)->6298K(6464K) NonClass: 5765K(5824K)->5765K(5824K) Class: 533K(640K)->533K(640K)
[38.079s][info][gc             ] GC(295) Pause Young (Allocation Failure) 5973M->5973M(6225M) 105.784ms
[38.079s][info][gc,cpu         ] GC(295) User=0.42s Sys=0.00s Real=0.11s
[38.159s][info][gc,start       ] GC(296) Pause Young (Allocation Failure)
[38.292s][info][gc,heap        ] GC(296) PSYoungGen: 238016K(268288K)->210432K(284160K) Eden: 73728K(73728K)->0K(73728K) From: 164288K(194560K)->210432K(210432K)
[38.292s][info][gc,heap        ] GC(296) ParOldGen: 5952568K(6106624K)->5980344K(6106624K)
[38.292s][info][gc,metaspace   ] GC(296) Metaspace: 6298K(6464K)->6298K(6464K) NonClass: 5765K(5824K)->5765K(5824K) Class: 533K(640K)->533K(640K)
[38.292s][info][gc             ] GC(296) Pause Young (Allocation Failure) 6045M->6045M(6241M) 133.574ms
[38.292s][info][gc,cpu         ] GC(296) User=0.59s Sys=0.02s Real=0.13s
[38.365s][info][gc,start       ] GC(297) Pause Young (Allocation Failure)
[38.517s][info][gc,heap        ] GC(297) PSYoungGen: 284160K(284160K)->137696K(322560K) Eden: 73728K(73728K)->0K(81920K) From: 210432K(210432K)->137696K(240640K)
[38.518s][info][gc,heap        ] GC(297) ParOldGen: 5980344K(6106624K)->6128112K(6128128K)
[38.518s][info][gc,metaspace   ] GC(297) Metaspace: 6298K(6464K)->6298K(6464K) NonClass: 5765K(5824K)->5765K(5824K) Class: 533K(640K)->533K(640K)
[38.518s][info][gc             ] GC(297) Pause Young (Allocation Failure) 6117M->6118M(6299M) 152.792ms
[38.518s][info][gc,cpu         ] GC(297) User=0.84s Sys=0.03s Real=0.15s
[38.518s][info][gc,start       ] GC(298) Pause Full (Ergonomics)
[38.518s][info][gc,phases,start] GC(298) Marking Phase
[39.870s][info][gc,phases      ] GC(298) Marking Phase 1352.409ms
[39.870s][info][gc,phases,start] GC(298) Summary Phase
[39.870s][info][gc,phases      ] GC(298) Summary Phase 0.086ms
[39.870s][info][gc,phases,start] GC(298) Adjust Roots
[39.870s][info][gc,phases      ] GC(298) Adjust Roots 0.208ms
[39.870s][info][gc,phases,start] GC(298) Compaction Phase
[40.873s][info][gc,phases      ] GC(298) Compaction Phase 1002.933ms
[40.874s][info][gc,phases,start] GC(298) Post Compact
[40.885s][info][gc,phases      ] GC(298) Post Compact 11.392ms
[40.887s][info][gc,heap        ] GC(298) PSYoungGen: 137696K(322560K)->861K(327168K) Eden: 0K(81920K)->0K(86528K) From: 137696K(240640K)->861K(240640K)
[40.887s][info][gc,heap        ] GC(298) ParOldGen: 6128112K(6128128K)->6127812K(6764032K)
[40.887s][info][gc,metaspace   ] GC(298) Metaspace: 6298K(6464K)->6298K(6464K) NonClass: 5765K(5824K)->5765K(5824K) Class: 533K(640K)->533K(640K)
[40.887s][info][gc             ] GC(298) Pause Full (Ergonomics) 6118M->5985M(6925M) 2369.413ms
[40.887s][info][gc,cpu         ] GC(298) User=16.22s Sys=0.03s Real=2.37s
[40.979s][info][gc,start       ] GC(299) Pause Young (Allocation Failure)
[41.291s][info][gc,heap        ] GC(299) PSYoungGen: 87389K(327168K)->87648K(331776K) Eden: 86528K(86528K)->0K(86528K) From: 861K(240640K)->87648K(245248K)
[41.291s][info][gc,heap        ] GC(299) ParOldGen: 6127812K(6764032K)->6127812K(6764032K)
[41.291s][info][gc,metaspace   ] GC(299) Metaspace: 6298K(6464K)->6298K(6464K) NonClass: 5765K(5824K)->5765K(5824K) Class: 533K(640K)->533K(640K)
[41.291s][info][gc             ] GC(299) Pause Young (Allocation Failure) 6069M->6069M(6929M) 311.412ms
[41.291s][info][gc,cpu         ] GC(299) User=1.84s Sys=0.02s Real=0.31s
[41.383s][info][gc,start       ] GC(300) Pause Young (Allocation Failure)
[41.501s][info][gc,heap        ] GC(300) PSYoungGen: 174176K(331776K)->174336K(322560K) Eden: 86528K(86528K)->0K(84992K) From: 87648K(245248K)->174336K(237568K)
[41.501s][info][gc,heap        ] GC(300) ParOldGen: 6127812K(6764032K)->6127812K(6764032K)
[41.501s][info][gc,metaspace   ] GC(300) Metaspace: 6298K(6464K)->6298K(6464K) NonClass: 5765K(5824K)->5765K(5824K) Class: 533K(640K)->533K(640K)
[41.501s][info][gc             ] GC(300) Pause Young (Allocation Failure) 6154M->6154M(6920M) 118.096ms
[41.501s][info][gc,cpu         ] GC(300) User=0.45s Sys=0.00s Real=0.12s
[41.595s][info][gc,start       ] GC(301) Pause Young (Allocation Failure)
[41.738s][info][gc,heap        ] GC(301) PSYoungGen: 259328K(322560K)->247296K(332288K) Eden: 84992K(84992K)->0K(84992K) From: 174336K(237568K)->247296K(247296K)
[41.738s][info][gc,heap        ] GC(301) ParOldGen: 6127812K(6764032K)->6140004K(6764032K)
[41.738s][info][gc,metaspace   ] GC(301) Metaspace: 6298K(6464K)->6298K(6464K) NonClass: 5765K(5824K)->5765K(5824K) Class: 533K(640K)->533K(640K)
[41.738s][info][gc             ] GC(301) Pause Young (Allocation Failure) 6237M->6237M(6930M) 142.364ms
[41.738s][info][gc,cpu         ] GC(301) User=0.50s Sys=0.00s Real=0.14s
[41.828s][info][gc,start       ] GC(302) Pause Young (Allocation Failure)
[41.996s][info][gc,heap        ] GC(302) PSYoungGen: 332288K(332288K)->170368K(377856K) Eden: 84992K(84992K)->0K(94720K) From: 247296K(247296K)->170368K(283136K)
[41.996s][info][gc,heap        ] GC(302) ParOldGen: 6140004K(6764032K)->6303356K(6764032K)
[41.996s][info][gc,metaspace   ] GC(302) Metaspace: 6298K(6464K)->6298K(6464K) NonClass: 5765K(5824K)->5765K(5824K) Class: 533K(640K)->533K(640K)
[41.996s][info][gc             ] GC(302) Pause Young (Allocation Failure) 6320M->6321M(6974M) 168.204ms
[41.996s][info][gc,cpu         ] GC(302) User=1.14s Sys=0.08s Real=0.17s
[42.105s][info][gc,start       ] GC(303) Pause Young (Allocation Failure)
[42.250s][info][gc,heap        ] GC(303) PSYoungGen: 265088K(377856K)->180128K(378880K) Eden: 94720K(94720K)->0K(94720K) From: 170368K(283136K)->180128K(284160K)
[42.251s][info][gc,heap        ] GC(303) ParOldGen: 6303356K(6764032K)->6389004K(6764032K)
[42.251s][info][gc,metaspace   ] GC(303) Metaspace: 6298K(6464K)->6298K(6464K) NonClass: 5765K(5824K)->5765K(5824K) Class: 533K(640K)->533K(640K)
[42.251s][info][gc             ] GC(303) Pause Young (Allocation Failure) 6414M->6415M(6975M) 145.472ms
[42.251s][info][gc,cpu         ] GC(303) User=0.64s Sys=0.05s Real=0.15s
[42.355s][info][gc,start       ] GC(304) Pause Young (Allocation Failure)
[42.503s][info][gc,heap        ] GC(304) PSYoungGen: 274848K(378880K)->189856K(387072K) Eden: 94720K(94720K)->0K(101888K) From: 180128K(284160K)->189856K(285184K)
[42.503s][info][gc,heap        ] GC(304) ParOldGen: 6389004K(6764032K)->6474748K(6764032K)
[42.503s][info][gc,metaspace   ] GC(304) Metaspace: 6298K(6464K)->6298K(6464K) NonClass: 5765K(5824K)->5765K(5824K) Class: 533K(640K)->533K(640K)
[42.503s][info][gc             ] GC(304) Pause Young (Allocation Failure) 6507M->6508M(6983M) 147.538ms
[42.503s][info][gc,cpu         ] GC(304) User=0.78s Sys=0.00s Real=0.15s
[42.621s][info][gc,start       ] GC(305) Pause Young (Allocation Failure)
[42.784s][info][gc,heap        ] GC(305) PSYoungGen: 291744K(387072K)->197088K(390656K) Eden: 101888K(101888K)->0K(101888K) From: 189856K(285184K)->197088K(288768K)
[42.784s][info][gc,heap        ] GC(305) ParOldGen: 6474748K(6764032K)->6570300K(6764032K)
[42.784s][info][gc,metaspace   ] GC(305) Metaspace: 6298K(6464K)->6298K(6464K) NonClass: 5765K(5824K)->5765K(5824K) Class: 533K(640K)->533K(640K)
[42.784s][info][gc             ] GC(305) Pause Young (Allocation Failure) 6607M->6608M(6987M) 162.504ms
[42.784s][info][gc,cpu         ] GC(305) User=0.77s Sys=0.05s Real=0.16s
[42.893s][info][gc,start       ] GC(306) Pause Young (Allocation Failure)
[43.071s][info][gc,heap        ] GC(306) PSYoungGen: 298976K(390656K)->102176K(396288K) Eden: 101888K(101888K)->0K(114176K) From: 197088K(288768K)->102176K(282112K)
[43.071s][info][gc,heap        ] GC(306) ParOldGen: 6570300K(6764032K)->6768620K(6768640K)
[43.071s][info][gc,metaspace   ] GC(306) Metaspace: 6298K(6464K)->6298K(6464K) NonClass: 5765K(5824K)->5765K(5824K) Class: 533K(640K)->533K(640K)
[43.071s][info][gc             ] GC(306) Pause Young (Allocation Failure) 6708M->6709M(6997M) 178.071ms
[43.071s][info][gc,cpu         ] GC(306) User=0.62s Sys=0.19s Real=0.18s
[43.071s][info][gc,start       ] GC(307) Pause Full (Ergonomics)
[43.071s][info][gc,phases,start] GC(307) Marking Phase
[44.598s][info][gc,phases      ] GC(307) Marking Phase 1527.119ms
[44.598s][info][gc,phases,start] GC(307) Summary Phase
[44.598s][info][gc,phases      ] GC(307) Summary Phase 0.122ms
[44.598s][info][gc,phases,start] GC(307) Adjust Roots
[44.598s][info][gc,phases      ] GC(307) Adjust Roots 0.170ms
[44.598s][info][gc,phases,start] GC(307) Compaction Phase
[45.239s][info][gc,phases      ] GC(307) Compaction Phase 640.160ms
[45.239s][info][gc,phases,start] GC(307) Post Compact
[45.249s][info][gc,phases      ] GC(307) Post Compact 10.063ms
[45.254s][info][gc,heap        ] GC(307) PSYoungGen: 102176K(396288K)->96230K(401408K) Eden: 0K(114176K)->0K(119296K) From: 102176K(282112K)->96230K(282112K)
[45.254s][info][gc,heap        ] GC(307) ParOldGen: 6768620K(6768640K)->6768449K(7518720K)
[45.254s][info][gc,metaspace   ] GC(307) Metaspace: 6298K(6464K)->6298K(6464K) NonClass: 5765K(5824K)->5765K(5824K) Class: 533K(640K)->533K(640K)
[45.254s][info][gc             ] GC(307) Pause Full (Ergonomics) 6709M->6703M(7734M) 2183.500ms
[45.254s][info][gc,cpu         ] GC(307) User=15.61s Sys=0.06s Real=2.18s
[45.395s][info][gc,start       ] GC(308) Pause Young (Allocation Failure)
[45.798s][info][gc,heap        ] GC(308) PSYoungGen: 215526K(401408K)->119680K(406528K) Eden: 119296K(119296K)->0K(119296K) From: 96230K(282112K)->119680K(287232K)
[45.798s][info][gc,heap        ] GC(308) ParOldGen: 6768449K(7518720K)->6865569K(7518720K)
[45.798s][info][gc,metaspace   ] GC(308) Metaspace: 6298K(6464K)->6298K(6464K) NonClass: 5765K(5824K)->5765K(5824K) Class: 533K(640K)->533K(640K)
[45.798s][info][gc             ] GC(308) Pause Young (Allocation Failure) 6820M->6821M(7739M) 403.057ms
[45.798s][info][gc,cpu         ] GC(308) User=2.64s Sys=0.38s Real=0.40s
[45.922s][info][gc,start       ] GC(309) Pause Young (Allocation Failure)
[46.100s][info][gc,heap        ] GC(309) PSYoungGen: 238976K(406528K)->119648K(391680K) Eden: 119296K(119296K)->0K(131584K) From: 119680K(287232K)->119648K(260096K)
[46.100s][info][gc,heap        ] GC(309) ParOldGen: 6865569K(7518720K)->6985937K(7518720K)
[46.100s][info][gc,metaspace   ] GC(309) Metaspace: 6298K(6464K)->6298K(6464K) NonClass: 5765K(5824K)->5765K(5824K) Class: 533K(640K)->533K(640K)
[46.100s][info][gc             ] GC(309) Pause Young (Allocation Failure) 6938M->6939M(7725M) 177.501ms
[46.100s][info][gc,cpu         ] GC(309) User=0.80s Sys=0.36s Real=0.18s
[46.246s][info][gc,start       ] GC(310) Pause Young (Allocation Failure)
[46.418s][info][gc,heap        ] GC(310) PSYoungGen: 251232K(391680K)->131968K(400384K) Eden: 131584K(131584K)->0K(131584K) From: 119648K(260096K)->131968K(268800K)
[46.418s][info][gc,heap        ] GC(310) ParOldGen: 6985937K(7518720K)->7106313K(7518720K)
[46.418s][info][gc,metaspace   ] GC(310) Metaspace: 6298K(6464K)->6298K(6464K) NonClass: 5765K(5824K)->5765K(5824K) Class: 533K(640K)->533K(640K)
[46.418s][info][gc             ] GC(310) Pause Young (Allocation Failure) 7067M->7068M(7733M) 171.696ms
[46.418s][info][gc,cpu         ] GC(310) User=0.83s Sys=0.42s Real=0.17s
[46.553s][info][gc,start       ] GC(311) Pause Young (Allocation Failure)
[46.741s][info][gc,heap        ] GC(311) PSYoungGen: 263552K(400384K)->131968K(384000K) Eden: 131584K(131584K)->0K(145920K) From: 131968K(268800K)->131968K(238080K)
[46.741s][info][gc,heap        ] GC(311) ParOldGen: 7106313K(7518720K)->7239073K(7518720K)
[46.741s][info][gc,metaspace   ] GC(311) Metaspace: 6298K(6464K)->6298K(6464K) NonClass: 5765K(5824K)->5765K(5824K) Class: 533K(640K)->533K(640K)
[46.741s][info][gc             ] GC(311) Pause Young (Allocation Failure) 7197M->7198M(7717M) 187.940ms
[46.741s][info][gc,cpu         ] GC(311) User=0.73s Sys=0.77s Real=0.19s
[46.907s][info][gc,start       ] GC(312) Pause Young (Allocation Failure)
[47.113s][info][gc,heap        ] GC(312) PSYoungGen: 277888K(384000K)->146336K(393728K) Eden: 145920K(145920K)->0K(145920K) From: 131968K(238080K)->146336K(247808K)
[47.113s][info][gc,heap        ] GC(312) ParOldGen: 7239073K(7518720K)->7371841K(7518720K)
[47.113s][info][gc,metaspace   ] GC(312) Metaspace: 6298K(6464K)->6298K(6464K) NonClass: 5765K(5824K)->5765K(5824K) Class: 533K(640K)->533K(640K)
[47.113s][info][gc             ] GC(312) Pause Young (Allocation Failure) 7340M->7341M(7727M) 205.846ms
[47.113s][info][gc,cpu         ] GC(312) User=0.94s Sys=0.42s Real=0.20s
[47.113s][info][gc,start       ] GC(313) Pause Full (Ergonomics)
[47.113s][info][gc,phases,start] GC(313) Marking Phase
[48.812s][info][gc,phases      ] GC(313) Marking Phase 1698.699ms
[48.812s][info][gc,phases,start] GC(313) Summary Phase
[48.812s][info][gc,phases      ] GC(313) Summary Phase 0.131ms
[48.812s][info][gc,phases,start] GC(313) Adjust Roots
[48.812s][info][gc,phases      ] GC(313) Adjust Roots 0.212ms
[48.812s][info][gc,phases,start] GC(313) Compaction Phase
[49.554s][info][gc,phases      ] GC(313) Compaction Phase 741.461ms
[49.554s][info][gc,phases,start] GC(313) Post Compact
[49.566s][info][gc,phases      ] GC(313) Post Compact 11.864ms
[49.572s][info][gc,heap        ] GC(313) PSYoungGen: 146336K(393728K)->0K(400896K) Eden: 0K(145920K)->0K(161792K) From: 146336K(247808K)->0K(239104K)
[49.572s][info][gc,heap        ] GC(313) ParOldGen: 7371841K(7518720K)->7512211K(8327168K)
[49.572s][info][gc,metaspace   ] GC(313) Metaspace: 6298K(6464K)->6298K(6464K) NonClass: 5765K(5824K)->5765K(5824K) Class: 533K(640K)->533K(640K)
[49.572s][info][gc             ] GC(313) Pause Full (Ergonomics) 7341M->7336M(8523M) 2459.140ms
[49.572s][info][gc,cpu         ] GC(313) User=17.50s Sys=0.31s Real=2.46s
[49.749s][info][gc,start       ] GC(314) Pause Young (Allocation Failure)
[49.864s][info][gc,heap        ] GC(314) PSYoungGen: 161792K(400896K)->162240K(400896K) Eden: 161792K(161792K)->0K(161792K) From: 0K(239104K)->162240K(239104K)
[49.864s][info][gc,heap        ] GC(314) ParOldGen: 7512211K(8327168K)->7512211K(8327168K)
[49.864s][info][gc,metaspace   ] GC(314) Metaspace: 6298K(6464K)->6298K(6464K) NonClass: 5765K(5824K)->5765K(5824K) Class: 533K(640K)->533K(640K)
[49.864s][info][gc             ] GC(314) Pause Young (Allocation Failure) 7494M->7494M(8523M) 114.386ms
[49.864s][info][gc,cpu         ] GC(314) User=0.48s Sys=0.00s Real=0.12s
[50.038s][info][gc,start       ] GC(315) Pause Young (Allocation Failure)
[50.248s][info][gc,heap        ] GC(315) PSYoungGen: 324032K(400896K)->237568K(356352K) Eden: 161792K(161792K)->0K(118784K) From: 162240K(239104K)->237568K(237568K)
[50.248s][info][gc,heap        ] GC(315) ParOldGen: 7512211K(8327168K)->7599443K(8327168K)
[50.248s][info][gc,metaspace   ] GC(315) Metaspace: 6298K(6464K)->6298K(6464K) NonClass: 5765K(5824K)->5765K(5824K) Class: 533K(640K)->533K(640K)
[50.248s][info][gc             ] GC(315) Pause Young (Allocation Failure) 7652M->7653M(8480M) 210.421ms
[50.248s][info][gc,cpu         ] GC(315) User=1.09s Sys=0.55s Real=0.21s
[50.379s][info][gc,start       ] GC(316) Pause Young (Allocation Failure)
[50.654s][info][gc,heap        ] GC(316) PSYoungGen: 356352K(356352K)->119168K(414208K) Eden: 118784K(118784K)->0K(118784K) From: 237568K(237568K)->119168K(295424K)
[50.654s][info][gc,heap        ] GC(316) ParOldGen: 7599443K(8327168K)->7838739K(8327168K)
[50.654s][info][gc,metaspace   ] GC(316) Metaspace: 6298K(6464K)->6298K(6464K) NonClass: 5765K(5824K)->5765K(5824K) Class: 533K(640K)->533K(640K)
[50.654s][info][gc             ] GC(316) Pause Young (Allocation Failure) 7769M->7771M(8536M) 274.933ms
[50.654s][info][gc,cpu         ] GC(316) User=1.11s Sys=0.59s Real=0.28s
[50.782s][info][gc,start       ] GC(317) Pause Young (Allocation Failure)
[50.946s][info][gc,heap        ] GC(317) PSYoungGen: 237952K(414208K)->119168K(407040K) Eden: 118784K(118784K)->0K(131584K) From: 119168K(295424K)->119168K(275456K)
[50.946s][info][gc,heap        ] GC(317) ParOldGen: 7838739K(8327168K)->7958595K(8327168K)
[50.946s][info][gc,metaspace   ] GC(317) Metaspace: 6298K(6464K)->6298K(6464K) NonClass: 5765K(5824K)->5765K(5824K) Class: 533K(640K)->533K(640K)
[50.946s][info][gc             ] GC(317) Pause Young (Allocation Failure) 7887M->7888M(8529M) 164.403ms
[50.946s][info][gc,cpu         ] GC(317) User=0.75s Sys=0.39s Real=0.16s
[51.093s][info][gc,start       ] GC(318) Pause Young (Allocation Failure)
[51.269s][info][gc,heap        ] GC(318) PSYoungGen: 250752K(407040K)->131968K(413696K) Eden: 131584K(131584K)->0K(131584K) From: 119168K(275456K)->131968K(282112K)
[51.269s][info][gc,heap        ] GC(318) ParOldGen: 7958595K(8327168K)->8078435K(8327168K)
[51.269s][info][gc,metaspace   ] GC(318) Metaspace: 6298K(6464K)->6298K(6464K) NonClass: 5765K(5824K)->5765K(5824K) Class: 533K(640K)->533K(640K)
[51.269s][info][gc             ] GC(318) Pause Young (Allocation Failure) 8016M->8017M(8536M) 175.477ms
[51.269s][info][gc,cpu         ] GC(318) User=0.83s Sys=0.42s Real=0.17s
[51.417s][info][gc,start       ] GC(319) Pause Young (Allocation Failure)
[51.610s][info][gc,heap        ] GC(319) PSYoungGen: 263552K(413696K)->131968K(401408K) Eden: 131584K(131584K)->0K(145920K) From: 131968K(282112K)->131968K(255488K)
[51.610s][info][gc,heap        ] GC(319) ParOldGen: 8078435K(8327168K)->8211203K(8327168K)
[51.610s][info][gc,metaspace   ] GC(319) Metaspace: 6298K(6464K)->6298K(6464K) NonClass: 5765K(5824K)->5765K(5824K) Class: 533K(640K)->533K(640K)
[51.610s][info][gc             ] GC(319) Pause Young (Allocation Failure) 8146M->8147M(8524M) 193.143ms
[51.610s][info][gc,cpu         ] GC(319) User=0.91s Sys=0.47s Real=0.19s
[51.610s][info][gc,start       ] GC(320) Pause Full (Ergonomics)
[51.610s][info][gc,phases,start] GC(320) Marking Phase
[53.518s][info][gc,phases      ] GC(320) Marking Phase 1907.812ms
[53.518s][info][gc,phases,start] GC(320) Summary Phase
[53.518s][info][gc,phases      ] GC(320) Summary Phase 0.098ms
[53.518s][info][gc,phases,start] GC(320) Adjust Roots
[53.519s][info][gc,phases      ] GC(320) Adjust Roots 0.194ms
[53.519s][info][gc,phases,start] GC(320) Compaction Phase
[54.232s][info][gc,phases      ] GC(320) Compaction Phase 713.254ms
[54.232s][info][gc,phases,start] GC(320) Post Compact
[54.245s][info][gc,phases      ] GC(320) Post Compact 13.074ms
[54.245s][info][gc,heap        ] GC(320) PSYoungGen: 131968K(401408K)->9437K(410112K) Eden: 0K(145920K)->0K(154624K) From: 131968K(255488K)->9437K(255488K)
[54.245s][info][gc,heap        ] GC(320) ParOldGen: 8211203K(8327168K)->8326910K(8396800K)
[54.245s][info][gc,metaspace   ] GC(320) Metaspace: 6298K(6464K)->6298K(6464K) NonClass: 5765K(5824K)->5765K(5824K) Class: 533K(640K)->533K(640K)
[54.245s][info][gc             ] GC(320) Pause Full (Ergonomics) 8147M->8140M(8600M) 2635.089ms
[54.245s][info][gc,cpu         ] GC(320) User=19.23s Sys=0.14s Real=2.63s
[54.405s][info][gc,start       ] GC(321) Pause Full (Ergonomics)
[54.405s][info][gc,phases,start] GC(321) Marking Phase
[56.310s][info][gc,phases      ] GC(321) Marking Phase 1904.795ms
[56.310s][info][gc,phases,start] GC(321) Summary Phase
[56.310s][info][gc,phases      ] GC(321) Summary Phase 0.097ms
[56.310s][info][gc,phases,start] GC(321) Adjust Roots
[56.310s][info][gc,phases      ] GC(321) Adjust Roots 0.174ms
[56.310s][info][gc,phases,start] GC(321) Compaction Phase
[56.866s][info][gc,phases      ] GC(321) Compaction Phase 556.194ms
[56.866s][info][gc,phases,start] GC(321) Post Compact
[56.879s][info][gc,phases      ] GC(321) Post Compact 12.659ms
[56.879s][info][gc,heap        ] GC(321) PSYoungGen: 164061K(410112K)->94408K(418816K) Eden: 154624K(154624K)->94408K(154624K) From: 9437K(255488K)->0K(264192K)
[56.879s][info][gc,heap        ] GC(321) ParOldGen: 8326910K(8396800K)->8396526K(8396800K)
[56.879s][info][gc,metaspace   ] GC(321) Metaspace: 6298K(6464K)->6298K(6464K) NonClass: 5765K(5824K)->5765K(5824K) Class: 533K(640K)->533K(640K)
[56.879s][info][gc             ] GC(321) Pause Full (Ergonomics) 8291M->8291M(8609M) 2474.351ms
[56.879s][info][gc,cpu         ] GC(321) User=18.58s Sys=0.05s Real=2.47s
[56.953s][info][gc,start       ] GC(322) Pause Full (Ergonomics)
[56.953s][info][gc,phases,start] GC(322) Marking Phase
[58.861s][info][gc,phases      ] GC(322) Marking Phase 1908.159ms
[58.861s][info][gc,phases,start] GC(322) Summary Phase
[58.861s][info][gc,phases      ] GC(322) Summary Phase 0.087ms
[58.861s][info][gc,phases,start] GC(322) Adjust Roots
[58.861s][info][gc,phases      ] GC(322) Adjust Roots 0.163ms
[58.861s][info][gc,phases,start] GC(322) Compaction Phase
[59.461s][info][gc,phases      ] GC(322) Compaction Phase 599.723ms
[59.461s][info][gc,phases,start] GC(322) Post Compact
[59.473s][info][gc,phases      ] GC(322) Post Compact 12.620ms
[59.474s][info][gc,heap        ] GC(322) PSYoungGen: 154624K(418816K)->154609K(410112K) Eden: 154624K(154624K)->154609K(154624K) From: 0K(264192K)->0K(255488K)
[59.474s][info][gc,heap        ] GC(322) ParOldGen: 8396526K(8396800K)->8396526K(8396800K)
[59.474s][info][gc,metaspace   ] GC(322) Metaspace: 6298K(6464K)->6298K(6464K) NonClass: 5765K(5824K)->5765K(5824K) Class: 533K(640K)->533K(640K)
[59.474s][info][gc             ] GC(322) Pause Full (Ergonomics) 8350M->8350M(8600M) 2521.109ms
[59.474s][info][gc,cpu         ] GC(322) User=18.70s Sys=0.03s Real=2.52s
[59.474s][info][gc,start       ] GC(323) Pause Full (Ergonomics)
[59.474s][info][gc,phases,start] GC(323) Marking Phase
[61.398s][info][gc,phases      ] GC(323) Marking Phase 1924.208ms
[61.398s][info][gc,phases,start] GC(323) Summary Phase
[61.398s][info][gc,phases      ] GC(323) Summary Phase 0.087ms
[61.398s][info][gc,phases,start] GC(323) Adjust Roots
[61.398s][info][gc,phases      ] GC(323) Adjust Roots 0.167ms
[61.398s][info][gc,phases,start] GC(323) Compaction Phase
[62.004s][info][gc,phases      ] GC(323) Compaction Phase 605.901ms
[62.004s][info][gc,phases,start] GC(323) Post Compact
[62.017s][info][gc,phases      ] GC(323) Post Compact 12.775ms
[62.017s][info][gc,heap        ] GC(323) PSYoungGen: 154624K(410112K)->154623K(418816K) Eden: 154624K(154624K)->154623K(154624K) From: 0K(255488K)->0K(264192K)
[62.017s][info][gc,heap        ] GC(323) ParOldGen: 8396526K(8396800K)->8396526K(8396800K)
[62.017s][info][gc,metaspace   ] GC(323) Metaspace: 6298K(6464K)->6298K(6464K) NonClass: 5765K(5824K)->5765K(5824K) Class: 533K(640K)->533K(640K)
[62.017s][info][gc             ] GC(323) Pause Full (Ergonomics) 8350M->8350M(8609M) 2543.481ms
[62.017s][info][gc,cpu         ] GC(323) User=18.69s Sys=0.02s Real=2.54s
[62.018s][info][gc,start       ] GC(324) Pause Full (Ergonomics)
[62.018s][info][gc,phases,start] GC(324) Marking Phase
[63.908s][info][gc,phases      ] GC(324) Marking Phase 1890.146ms
[63.908s][info][gc,phases,start] GC(324) Summary Phase
[63.908s][info][gc,phases      ] GC(324) Summary Phase 0.114ms
[63.908s][info][gc,phases,start] GC(324) Adjust Roots
[63.908s][info][gc,phases      ] GC(324) Adjust Roots 0.241ms
[63.908s][info][gc,phases,start] GC(324) Compaction Phase
[64.516s][info][gc,phases      ] GC(324) Compaction Phase 607.594ms
[64.516s][info][gc,phases,start] GC(324) Post Compact
[64.528s][info][gc,phases      ] GC(324) Post Compact 12.620ms
[64.529s][info][gc,heap        ] GC(324) PSYoungGen: 154623K(418816K)->154623K(410112K) Eden: 154623K(154624K)->154623K(154624K) From: 0K(264192K)->0K(255488K)
[64.529s][info][gc,heap        ] GC(324) ParOldGen: 8396526K(8396800K)->8396526K(8396800K)
[64.529s][info][gc,metaspace   ] GC(324) Metaspace: 6298K(6464K)->6298K(6464K) NonClass: 5765K(5824K)->5765K(5824K) Class: 533K(640K)->533K(640K)
[64.529s][info][gc             ] GC(324) Pause Full (Ergonomics) 8350M->8350M(8600M) 2511.080ms
[64.529s][info][gc,cpu         ] GC(324) User=18.62s Sys=0.00s Real=2.51s
[64.529s][info][gc,start       ] GC(325) Pause Full (Ergonomics)
[64.529s][info][gc,phases,start] GC(325) Marking Phase
[66.434s][info][gc,phases      ] GC(325) Marking Phase 1905.335ms
[66.434s][info][gc,phases,start] GC(325) Summary Phase
[66.434s][info][gc,phases      ] GC(325) Summary Phase 0.081ms
[66.434s][info][gc,phases,start] GC(325) Adjust Roots
[66.435s][info][gc,phases      ] GC(325) Adjust Roots 0.167ms
[66.435s][info][gc,phases,start] GC(325) Compaction Phase
[66.996s][info][gc,phases      ] GC(325) Compaction Phase 561.912ms
[66.997s][info][gc,phases,start] GC(325) Post Compact
[67.009s][info][gc,phases      ] GC(325) Post Compact 12.521ms
[67.009s][info][gc,heap        ] GC(325) PSYoungGen: 154624K(410112K)->154624K(418816K) Eden: 154624K(154624K)->154624K(154624K) From: 0K(255488K)->0K(264192K)
[67.009s][info][gc,heap        ] GC(325) ParOldGen: 8396531K(8396800K)->8396531K(8396800K)
[67.009s][info][gc,metaspace   ] GC(325) Metaspace: 6298K(6464K)->6298K(6464K) NonClass: 5765K(5824K)->5765K(5824K) Class: 533K(640K)->533K(640K)
[67.009s][info][gc             ] GC(325) Pause Full (Ergonomics) 8350M->8350M(8609M) 2480.368ms
[67.009s][info][gc,cpu         ] GC(325) User=18.73s Sys=0.00s Real=2.48s
[67.009s][info][gc,start       ] GC(326) Pause Full (Ergonomics)
[67.009s][info][gc,phases,start] GC(326) Marking Phase
[68.895s][info][gc,phases      ] GC(326) Marking Phase 1885.585ms
[68.895s][info][gc,phases,start] GC(326) Summary Phase
[68.895s][info][gc,phases      ] GC(326) Summary Phase 0.080ms
[68.895s][info][gc,phases,start] GC(326) Adjust Roots
[68.895s][info][gc,phases      ] GC(326) Adjust Roots 0.163ms
[68.895s][info][gc,phases,start] GC(326) Compaction Phase
[69.465s][info][gc,phases      ] GC(326) Compaction Phase 569.244ms
[69.465s][info][gc,phases,start] GC(326) Post Compact
[69.477s][info][gc,phases      ] GC(326) Post Compact 12.661ms
[69.477s][info][gc,heap        ] GC(326) PSYoungGen: 154624K(418816K)->154624K(410112K) Eden: 154624K(154624K)->154624K(154624K) From: 0K(264192K)->0K(255488K)
[69.477s][info][gc,heap        ] GC(326) ParOldGen: 8396536K(8396800K)->8396536K(8396800K)
[69.477s][info][gc,metaspace   ] GC(326) Metaspace: 6298K(6464K)->6298K(6464K) NonClass: 5765K(5824K)->5765K(5824K) Class: 533K(640K)->533K(640K)
[69.477s][info][gc             ] GC(326) Pause Full (Ergonomics) 8350M->8350M(8600M) 2468.068ms
[69.477s][info][gc,cpu         ] GC(326) User=18.72s Sys=0.02s Real=2.47s
[69.478s][info][gc,start       ] GC(327) Pause Full (Ergonomics)
[69.478s][info][gc,phases,start] GC(327) Marking Phase
[71.362s][info][gc,phases      ] GC(327) Marking Phase 1883.902ms
[71.362s][info][gc,phases,start] GC(327) Summary Phase
[71.362s][info][gc,phases      ] GC(327) Summary Phase 0.098ms
[71.362s][info][gc,phases,start] GC(327) Adjust Roots
[71.362s][info][gc,phases      ] GC(327) Adjust Roots 0.185ms
[71.362s][info][gc,phases,start] GC(327) Compaction Phase
[71.939s][info][gc,phases      ] GC(327) Compaction Phase 576.987ms
[71.939s][info][gc,phases,start] GC(327) Post Compact
[71.953s][info][gc,phases      ] GC(327) Post Compact 13.897ms
[71.953s][info][gc,heap        ] GC(327) PSYoungGen: 154624K(410112K)->154624K(418816K) Eden: 154624K(154624K)->154624K(154624K) From: 0K(255488K)->0K(264192K)
[71.953s][info][gc,heap        ] GC(327) ParOldGen: 8396541K(8396800K)->8396541K(8396800K)
[71.953s][info][gc,metaspace   ] GC(327) Metaspace: 6298K(6464K)->6298K(6464K) NonClass: 5765K(5824K)->5765K(5824K) Class: 533K(640K)->533K(640K)
[71.953s][info][gc             ] GC(327) Pause Full (Ergonomics) 8350M->8350M(8609M) 2475.464ms
[71.953s][info][gc,cpu         ] GC(327) User=18.70s Sys=0.00s Real=2.48s
[71.953s][info][gc,start       ] GC(328) Pause Full (Ergonomics)
[71.953s][info][gc,phases,start] GC(328) Marking Phase
[73.854s][info][gc,phases      ] GC(328) Marking Phase 1900.171ms
[73.854s][info][gc,phases,start] GC(328) Summary Phase
[73.854s][info][gc,phases      ] GC(328) Summary Phase 0.081ms
[73.854s][info][gc,phases,start] GC(328) Adjust Roots
[73.854s][info][gc,phases      ] GC(328) Adjust Roots 0.168ms
[73.854s][info][gc,phases,start] GC(328) Compaction Phase
[74.433s][info][gc,phases      ] GC(328) Compaction Phase 579.333ms
[74.433s][info][gc,phases,start] GC(328) Post Compact
[74.446s][info][gc,phases      ] GC(328) Post Compact 12.776ms
[74.446s][info][gc,heap        ] GC(328) PSYoungGen: 154624K(418816K)->154624K(410112K) Eden: 154624K(154624K)->154624K(154624K) From: 0K(264192K)->0K(255488K)
[74.446s][info][gc,heap        ] GC(328) ParOldGen: 8396545K(8396800K)->8396545K(8396800K)
[74.446s][info][gc,metaspace   ] GC(328) Metaspace: 6298K(6464K)->6298K(6464K) NonClass: 5765K(5824K)->5765K(5824K) Class: 533K(640K)->533K(640K)
[74.446s][info][gc             ] GC(328) Pause Full (Ergonomics) 8350M->8350M(8600M) 2492.874ms
[74.446s][info][gc,cpu         ] GC(328) User=18.77s Sys=0.00s Real=2.49s
[74.446s][info][gc,start       ] GC(329) Pause Full (Ergonomics)
[74.447s][info][gc,phases,start] GC(329) Marking Phase
[76.332s][info][gc,phases      ] GC(329) Marking Phase 1885.727ms
[76.332s][info][gc,phases,start] GC(329) Summary Phase
[76.332s][info][gc,phases      ] GC(329) Summary Phase 0.098ms
[76.332s][info][gc,phases,start] GC(329) Adjust Roots
[76.333s][info][gc,phases      ] GC(329) Adjust Roots 0.223ms
[76.333s][info][gc,phases,start] GC(329) Compaction Phase
[76.925s][info][gc,phases      ] GC(329) Compaction Phase 592.167ms
[76.925s][info][gc,phases,start] GC(329) Post Compact
[76.938s][info][gc,phases      ] GC(329) Post Compact 12.776ms
[76.938s][info][gc,heap        ] GC(329) PSYoungGen: 154624K(410112K)->154624K(418816K) Eden: 154624K(154624K)->154624K(154624K) From: 0K(255488K)->0K(264192K)
[76.938s][info][gc,heap        ] GC(329) ParOldGen: 8396550K(8396800K)->8396550K(8396800K)
[76.938s][info][gc,metaspace   ] GC(329) Metaspace: 6298K(6464K)->6298K(6464K) NonClass: 5765K(5824K)->5765K(5824K) Class: 533K(640K)->533K(640K)
[76.938s][info][gc             ] GC(329) Pause Full (Ergonomics) 8350M->8350M(8609M) 2491.345ms
[76.938s][info][gc,cpu         ] GC(329) User=18.59s Sys=0.02s Real=2.49s
[76.938s][info][gc,start       ] GC(330) Pause Full (Ergonomics)
[76.938s][info][gc,phases,start] GC(330) Marking Phase
[78.862s][info][gc,phases      ] GC(330) Marking Phase 1923.982ms
[78.862s][info][gc,phases,start] GC(330) Summary Phase
[78.862s][info][gc,phases      ] GC(330) Summary Phase 0.101ms
[78.862s][info][gc,phases,start] GC(330) Adjust Roots
[78.862s][info][gc,phases      ] GC(330) Adjust Roots 0.203ms
[78.862s][info][gc,phases,start] GC(330) Compaction Phase
[79.475s][info][gc,phases      ] GC(330) Compaction Phase 612.592ms
[79.475s][info][gc,phases,start] GC(330) Post Compact
[79.488s][info][gc,phases      ] GC(330) Post Compact 12.544ms
[79.488s][info][gc,heap        ] GC(330) PSYoungGen: 154624K(418816K)->154624K(410112K) Eden: 154624K(154624K)->154624K(154624K) From: 0K(264192K)->0K(255488K)
[79.488s][info][gc,heap        ] GC(330) ParOldGen: 8396555K(8396800K)->8396555K(8396800K)
[79.488s][info][gc,metaspace   ] GC(330) Metaspace: 6298K(6464K)->6298K(6464K) NonClass: 5765K(5824K)->5765K(5824K) Class: 533K(640K)->533K(640K)
[79.488s][info][gc             ] GC(330) Pause Full (Ergonomics) 8350M->8350M(8600M) 2549.781ms
[79.488s][info][gc,cpu         ] GC(330) User=19.09s Sys=0.00s Real=2.55s
[79.488s][info][gc,start       ] GC(331) Pause Full (Ergonomics)
[79.488s][info][gc,phases,start] GC(331) Marking Phase
[81.416s][info][gc,phases      ] GC(331) Marking Phase 1927.579ms
[81.416s][info][gc,phases,start] GC(331) Summary Phase
[81.416s][info][gc,phases      ] GC(331) Summary Phase 0.153ms
[81.416s][info][gc,phases,start] GC(331) Adjust Roots
[81.416s][info][gc,phases      ] GC(331) Adjust Roots 0.334ms
[81.416s][info][gc,phases,start] GC(331) Compaction Phase
[82.080s][info][gc,phases      ] GC(331) Compaction Phase 663.808ms
[82.080s][info][gc,phases,start] GC(331) Post Compact
[82.093s][info][gc,phases      ] GC(331) Post Compact 12.764ms
[82.093s][info][gc,heap        ] GC(331) PSYoungGen: 154624K(410112K)->154624K(418816K) Eden: 154624K(154624K)->154624K(154624K) From: 0K(255488K)->0K(264192K)
[82.093s][info][gc,heap        ] GC(331) ParOldGen: 8396560K(8396800K)->8396560K(8396800K)
[82.093s][info][gc,metaspace   ] GC(331) Metaspace: 6298K(6464K)->6298K(6464K) NonClass: 5765K(5824K)->5765K(5824K) Class: 533K(640K)->533K(640K)
[82.093s][info][gc             ] GC(331) Pause Full (Ergonomics) 8350M->8350M(8609M) 2605.051ms
[82.093s][info][gc,cpu         ] GC(331) User=19.27s Sys=0.02s Real=2.61s
[82.093s][info][gc,start       ] GC(332) Pause Full (Ergonomics)
[82.093s][info][gc,phases,start] GC(332) Marking Phase
[84.027s][info][gc,phases      ] GC(332) Marking Phase 1933.154ms
[84.027s][info][gc,phases,start] GC(332) Summary Phase
[84.027s][info][gc,phases      ] GC(332) Summary Phase 0.098ms
[84.027s][info][gc,phases,start] GC(332) Adjust Roots
[84.027s][info][gc,phases      ] GC(332) Adjust Roots 0.207ms
[84.027s][info][gc,phases,start] GC(332) Compaction Phase
[84.675s][info][gc,phases      ] GC(332) Compaction Phase 647.833ms
[84.675s][info][gc,phases,start] GC(332) Post Compact
[84.688s][info][gc,phases      ] GC(332) Post Compact 12.790ms
[84.688s][info][gc,heap        ] GC(332) PSYoungGen: 154624K(418816K)->154624K(410112K) Eden: 154624K(154624K)->154624K(154624K) From: 0K(264192K)->0K(255488K)
[84.688s][info][gc,heap        ] GC(332) ParOldGen: 8396565K(8396800K)->8396565K(8396800K)
[84.688s][info][gc,metaspace   ] GC(332) Metaspace: 6298K(6464K)->6298K(6464K) NonClass: 5765K(5824K)->5765K(5824K) Class: 533K(640K)->533K(640K)
[84.688s][info][gc             ] GC(332) Pause Full (Ergonomics) 8350M->8350M(8600M) 2594.433ms
[84.688s][info][gc,cpu         ] GC(332) User=19.14s Sys=0.00s Real=2.59s
[84.688s][info][gc,start       ] GC(333) Pause Full (Ergonomics)
[84.688s][info][gc,phases,start] GC(333) Marking Phase
[86.605s][info][gc,phases      ] GC(333) Marking Phase 1916.912ms
[86.605s][info][gc,phases,start] GC(333) Summary Phase
[86.605s][info][gc,phases      ] GC(333) Summary Phase 0.091ms
[86.605s][info][gc,phases,start] GC(333) Adjust Roots
[86.605s][info][gc,phases      ] GC(333) Adjust Roots 0.209ms
[86.605s][info][gc,phases,start] GC(333) Compaction Phase
[87.262s][info][gc,phases      ] GC(333) Compaction Phase 656.391ms
[87.262s][info][gc,phases,start] GC(333) Post Compact
[87.275s][info][gc,phases      ] GC(333) Post Compact 12.735ms
[87.275s][info][gc,heap        ] GC(333) PSYoungGen: 154624K(410112K)->154624K(418816K) Eden: 154624K(154624K)->154624K(154624K) From: 0K(255488K)->0K(264192K)
[87.275s][info][gc,heap        ] GC(333) ParOldGen: 8396570K(8396800K)->8396570K(8396800K)
[87.275s][info][gc,metaspace   ] GC(333) Metaspace: 6298K(6464K)->6298K(6464K) NonClass: 5765K(5824K)->5765K(5824K) Class: 533K(640K)->533K(640K)
[87.275s][info][gc             ] GC(333) Pause Full (Ergonomics) 8350M->8350M(8609M) 2586.721ms
[87.275s][info][gc,cpu         ] GC(333) User=19.16s Sys=0.03s Real=2.59s
[87.275s][info][gc,start       ] GC(334) Pause Full (Ergonomics)
[87.275s][info][gc,phases,start] GC(334) Marking Phase
[89.193s][info][gc,phases      ] GC(334) Marking Phase 1918.404ms
[89.193s][info][gc,phases,start] GC(334) Summary Phase
[89.193s][info][gc,phases      ] GC(334) Summary Phase 0.081ms
[89.193s][info][gc,phases,start] GC(334) Adjust Roots
[89.194s][info][gc,phases      ] GC(334) Adjust Roots 0.163ms
[89.194s][info][gc,phases,start] GC(334) Compaction Phase
[89.860s][info][gc,phases      ] GC(334) Compaction Phase 666.654ms
[89.860s][info][gc,phases,start] GC(334) Post Compact
[89.873s][info][gc,phases      ] GC(334) Post Compact 12.602ms
[89.873s][info][gc,heap        ] GC(334) PSYoungGen: 154624K(418816K)->154624K(410112K) Eden: 154624K(154624K)->154624K(154624K) From: 0K(264192K)->0K(255488K)
[89.873s][info][gc,heap        ] GC(334) ParOldGen: 8396574K(8396800K)->8396574K(8396800K)
[89.873s][info][gc,metaspace   ] GC(334) Metaspace: 6298K(6464K)->6298K(6464K) NonClass: 5765K(5824K)->5765K(5824K) Class: 533K(640K)->533K(640K)
[89.873s][info][gc             ] GC(334) Pause Full (Ergonomics) 8350M->8350M(8600M) 2598.231ms
[89.873s][info][gc,cpu         ] GC(334) User=19.06s Sys=0.00s Real=2.60s
[89.873s][info][gc,start       ] GC(335) Pause Full (Ergonomics)
[89.873s][info][gc,phases,start] GC(335) Marking Phase
[91.813s][info][gc,phases      ] GC(335) Marking Phase 1939.642ms
[91.813s][info][gc,phases,start] GC(335) Summary Phase
[91.813s][info][gc,phases      ] GC(335) Summary Phase 0.094ms
[91.813s][info][gc,phases,start] GC(335) Adjust Roots
[91.813s][info][gc,phases      ] GC(335) Adjust Roots 0.167ms
[91.813s][info][gc,phases,start] GC(335) Compaction Phase
[92.472s][info][gc,phases      ] GC(335) Compaction Phase 658.992ms
[92.472s][info][gc,phases,start] GC(335) Post Compact
[92.485s][info][gc,phases      ] GC(335) Post Compact 12.674ms
[92.485s][info][gc,heap        ] GC(335) PSYoungGen: 154624K(410112K)->154624K(418816K) Eden: 154624K(154624K)->154624K(154624K) From: 0K(255488K)->0K(264192K)
[92.485s][info][gc,heap        ] GC(335) ParOldGen: 8396579K(8396800K)->8396579K(8396800K)
[92.485s][info][gc,metaspace   ] GC(335) Metaspace: 6298K(6464K)->6298K(6464K) NonClass: 5765K(5824K)->5765K(5824K) Class: 533K(640K)->533K(640K)
[92.485s][info][gc             ] GC(335) Pause Full (Ergonomics) 8350M->8350M(8609M) 2611.914ms
[92.485s][info][gc,cpu         ] GC(335) User=19.38s Sys=0.00s Real=2.61s
[92.485s][info][gc,start       ] GC(336) Pause Full (Ergonomics)
[92.485s][info][gc,phases,start] GC(336) Marking Phase
[94.385s][info][gc,phases      ] GC(336) Marking Phase 1899.739ms
[94.385s][info][gc,phases,start] GC(336) Summary Phase
[94.385s][info][gc,phases      ] GC(336) Summary Phase 0.081ms
[94.385s][info][gc,phases,start] GC(336) Adjust Roots
[94.386s][info][gc,phases      ] GC(336) Adjust Roots 0.188ms
[94.386s][info][gc,phases,start] GC(336) Compaction Phase
[95.027s][info][gc,phases      ] GC(336) Compaction Phase 641.770ms
[95.027s][info][gc,phases,start] GC(336) Post Compact
[95.040s][info][gc,phases      ] GC(336) Post Compact 12.585ms
[95.040s][info][gc,heap        ] GC(336) PSYoungGen: 154624K(418816K)->154624K(410112K) Eden: 154624K(154624K)->154624K(154624K) From: 0K(264192K)->0K(255488K)
[95.040s][info][gc,heap        ] GC(336) ParOldGen: 8396584K(8396800K)->8396584K(8396800K)
[95.040s][info][gc,metaspace   ] GC(336) Metaspace: 6298K(6464K)->6298K(6464K) NonClass: 5765K(5824K)->5765K(5824K) Class: 533K(640K)->533K(640K)
[95.040s][info][gc             ] GC(336) Pause Full (Ergonomics) 8350M->8350M(8600M) 2554.674ms
[95.040s][info][gc,cpu         ] GC(336) User=19.05s Sys=0.00s Real=2.55s
[95.040s][info][gc,start       ] GC(337) Pause Full (Ergonomics)
[95.040s][info][gc,phases,start] GC(337) Marking Phase
[96.996s][info][gc,phases      ] GC(337) Marking Phase 1955.443ms
[96.996s][info][gc,phases,start] GC(337) Summary Phase
[96.996s][info][gc,phases      ] GC(337) Summary Phase 0.081ms
[96.996s][info][gc,phases,start] GC(337) Adjust Roots
[96.996s][info][gc,phases      ] GC(337) Adjust Roots 0.216ms
[96.996s][info][gc,phases,start] GC(337) Compaction Phase
[97.670s][info][gc,phases      ] GC(337) Compaction Phase 673.844ms
[97.670s][info][gc,phases,start] GC(337) Post Compact
[97.683s][info][gc,phases      ] GC(337) Post Compact 12.829ms
[97.683s][info][gc,heap        ] GC(337) PSYoungGen: 154624K(410112K)->154624K(418816K) Eden: 154624K(154624K)->154624K(154624K) From: 0K(255488K)->0K(264192K)
[97.683s][info][gc,heap        ] GC(337) ParOldGen: 8396589K(8396800K)->8396589K(8396800K)
[97.683s][info][gc,metaspace   ] GC(337) Metaspace: 6298K(6464K)->6298K(6464K) NonClass: 5765K(5824K)->5765K(5824K) Class: 533K(640K)->533K(640K)
[97.683s][info][gc             ] GC(337) Pause Full (Ergonomics) 8350M->8350M(8609M) 2642.786ms
[97.683s][info][gc,cpu         ] GC(337) User=19.62s Sys=0.02s Real=2.64s
[97.683s][info][gc,start       ] GC(338) Pause Full (Ergonomics)
[97.683s][info][gc,phases,start] GC(338) Marking Phase
[99.624s][info][gc,phases      ] GC(338) Marking Phase 1940.197ms
[99.624s][info][gc,phases,start] GC(338) Summary Phase
[99.624s][info][gc,phases      ] GC(338) Summary Phase 0.081ms
[99.624s][info][gc,phases,start] GC(338) Adjust Roots
[99.624s][info][gc,phases      ] GC(338) Adjust Roots 0.161ms
[99.624s][info][gc,phases,start] GC(338) Compaction Phase
[100.279s][info][gc,phases      ] GC(338) Compaction Phase 655.102ms
[100.279s][info][gc,phases,start] GC(338) Post Compact
[100.292s][info][gc,phases      ] GC(338) Post Compact 12.668ms
[100.292s][info][gc,heap        ] GC(338) PSYoungGen: 154624K(418816K)->154624K(410112K) Eden: 154624K(154624K)->154624K(154624K) From: 0K(264192K)->0K(255488K)
[100.292s][info][gc,heap        ] GC(338) ParOldGen: 8396594K(8396800K)->8396594K(8396800K)
[100.292s][info][gc,metaspace   ] GC(338) Metaspace: 6298K(6464K)->6298K(6464K) NonClass: 5765K(5824K)->5765K(5824K) Class: 533K(640K)->533K(640K)
[100.292s][info][gc             ] GC(338) Pause Full (Ergonomics) 8350M->8350M(8600M) 2608.541ms
[100.292s][info][gc,cpu         ] GC(338) User=19.53s Sys=0.00s Real=2.61s
[100.292s][info][gc,start       ] GC(339) Pause Full (Ergonomics)
[100.292s][info][gc,phases,start] GC(339) Marking Phase
[102.251s][info][gc,phases      ] GC(339) Marking Phase 1959.059ms
[102.251s][info][gc,phases,start] GC(339) Summary Phase
[102.251s][info][gc,phases      ] GC(339) Summary Phase 0.081ms
[102.251s][info][gc,phases,start] GC(339) Adjust Roots
[102.252s][info][gc,phases      ] GC(339) Adjust Roots 0.172ms
[102.252s][info][gc,phases,start] GC(339) Compaction Phase
[102.938s][info][gc,phases      ] GC(339) Compaction Phase 686.598ms
[102.938s][info][gc,phases,start] GC(339) Post Compact
[102.952s][info][gc,phases      ] GC(339) Post Compact 13.341ms
[102.952s][info][gc,heap        ] GC(339) PSYoungGen: 154624K(410112K)->154624K(418816K) Eden: 154624K(154624K)->154624K(154624K) From: 0K(255488K)->0K(264192K)
[102.952s][info][gc,heap        ] GC(339) ParOldGen: 8396599K(8396800K)->8396599K(8396800K)
[102.952s][info][gc,metaspace   ] GC(339) Metaspace: 6298K(6464K)->6298K(6464K) NonClass: 5765K(5824K)->5765K(5824K) Class: 533K(640K)->533K(640K)
[102.952s][info][gc             ] GC(339) Pause Full (Ergonomics) 8350M->8350M(8609M) 2659.625ms
[102.952s][info][gc,cpu         ] GC(339) User=19.75s Sys=0.00s Real=2.66s
[102.952s][info][gc,start       ] GC(340) Pause Full (Ergonomics)
[102.952s][info][gc,phases,start] GC(340) Marking Phase
[104.923s][info][gc,phases      ] GC(340) Marking Phase 1971.191ms
[104.923s][info][gc,phases,start] GC(340) Summary Phase
[104.923s][info][gc,phases      ] GC(340) Summary Phase 0.090ms
[104.923s][info][gc,phases,start] GC(340) Adjust Roots
[104.924s][info][gc,phases      ] GC(340) Adjust Roots 0.222ms
[104.924s][info][gc,phases,start] GC(340) Compaction Phase
[105.644s][info][gc,phases      ] GC(340) Compaction Phase 720.660ms
[105.644s][info][gc,phases,start] GC(340) Post Compact
[105.657s][info][gc,phases      ] GC(340) Post Compact 12.709ms
[105.657s][info][gc,heap        ] GC(340) PSYoungGen: 154624K(418816K)->154624K(410112K) Eden: 154624K(154624K)->154624K(154624K) From: 0K(264192K)->0K(255488K)
[105.657s][info][gc,heap        ] GC(340) ParOldGen: 8396603K(8396800K)->8396603K(8396800K)
[105.657s][info][gc,metaspace   ] GC(340) Metaspace: 6298K(6464K)->6298K(6464K) NonClass: 5765K(5824K)->5765K(5824K) Class: 533K(640K)->533K(640K)
[105.657s][info][gc             ] GC(340) Pause Full (Ergonomics) 8350M->8350M(8600M) 2705.233ms
[105.657s][info][gc,cpu         ] GC(340) User=19.83s Sys=0.02s Real=2.70s
[105.657s][info][gc,start       ] GC(341) Pause Full (Ergonomics)
[105.657s][info][gc,phases,start] GC(341) Marking Phase
[107.624s][info][gc,phases      ] GC(341) Marking Phase 1966.211ms
[107.624s][info][gc,phases,start] GC(341) Summary Phase
[107.624s][info][gc,phases      ] GC(341) Summary Phase 0.080ms
[107.624s][info][gc,phases,start] GC(341) Adjust Roots
[107.624s][info][gc,phases      ] GC(341) Adjust Roots 0.161ms
[107.624s][info][gc,phases,start] GC(341) Compaction Phase
[108.337s][info][gc,phases      ] GC(341) Compaction Phase 712.711ms
[108.337s][info][gc,phases,start] GC(341) Post Compact
[108.350s][info][gc,phases      ] GC(341) Post Compact 12.714ms
[108.350s][info][gc,heap        ] GC(341) PSYoungGen: 154624K(410112K)->154624K(418816K) Eden: 154624K(154624K)->154624K(154624K) From: 0K(255488K)->0K(264192K)
[108.350s][info][gc,heap        ] GC(341) ParOldGen: 8396608K(8396800K)->8396608K(8396800K)
[108.350s][info][gc,metaspace   ] GC(341) Metaspace: 6298K(6464K)->6298K(6464K) NonClass: 5765K(5824K)->5765K(5824K) Class: 533K(640K)->533K(640K)
[108.350s][info][gc             ] GC(341) Pause Full (Ergonomics) 8350M->8350M(8609M) 2692.233ms
[108.350s][info][gc,cpu         ] GC(341) User=19.78s Sys=0.02s Real=2.69s
[108.350s][info][gc,start       ] GC(342) Pause Full (Ergonomics)
[108.350s][info][gc,phases,start] GC(342) Marking Phase
[110.345s][info][gc,phases      ] GC(342) Marking Phase 1994.657ms
[110.345s][info][gc,phases,start] GC(342) Summary Phase
[110.345s][info][gc,phases      ] GC(342) Summary Phase 0.081ms
[110.345s][info][gc,phases,start] GC(342) Adjust Roots
[110.345s][info][gc,phases      ] GC(342) Adjust Roots 0.179ms
[110.345s][info][gc,phases,start] GC(342) Compaction Phase
[111.041s][info][gc,phases      ] GC(342) Compaction Phase 696.287ms
[111.041s][info][gc,phases,start] GC(342) Post Compact
[111.054s][info][gc,phases      ] GC(342) Post Compact 12.569ms
[111.054s][info][gc,heap        ] GC(342) PSYoungGen: 154624K(418816K)->154624K(410112K) Eden: 154624K(154624K)->154624K(154624K) From: 0K(264192K)->0K(255488K)
[111.054s][info][gc,heap        ] GC(342) ParOldGen: 8396613K(8396800K)->8396613K(8396800K)
[111.054s][info][gc,metaspace   ] GC(342) Metaspace: 6298K(6464K)->6298K(6464K) NonClass: 5765K(5824K)->5765K(5824K) Class: 533K(640K)->533K(640K)
[111.054s][info][gc             ] GC(342) Pause Full (Ergonomics) 8350M->8350M(8600M) 2704.110ms
[111.054s][info][gc,cpu         ] GC(342) User=20.28s Sys=0.02s Real=2.70s
[111.054s][info][gc,start       ] GC(343) Pause Full (Ergonomics)
[111.054s][info][gc,phases,start] GC(343) Marking Phase
[113.027s][info][gc,phases      ] GC(343) Marking Phase 1972.394ms
[113.027s][info][gc,phases,start] GC(343) Summary Phase
[113.027s][info][gc,phases      ] GC(343) Summary Phase 0.082ms
[113.027s][info][gc,phases,start] GC(343) Adjust Roots
[113.027s][info][gc,phases      ] GC(343) Adjust Roots 0.185ms
[113.027s][info][gc,phases,start] GC(343) Compaction Phase
[113.774s][info][gc,phases      ] GC(343) Compaction Phase 747.066ms
[113.774s][info][gc,phases,start] GC(343) Post Compact
[113.787s][info][gc,phases      ] GC(343) Post Compact 12.617ms
[113.787s][info][gc,heap        ] GC(343) PSYoungGen: 154624K(410112K)->154624K(418816K) Eden: 154624K(154624K)->154624K(154624K) From: 0K(255488K)->0K(264192K)
[113.787s][info][gc,heap        ] GC(343) ParOldGen: 8396618K(8396800K)->8396618K(8396800K)
[113.787s][info][gc,metaspace   ] GC(343) Metaspace: 6298K(6464K)->6298K(6464K) NonClass: 5765K(5824K)->5765K(5824K) Class: 533K(640K)->533K(640K)
[113.787s][info][gc             ] GC(343) Pause Full (Ergonomics) 8350M->8350M(8609M) 2732.681ms
[113.787s][info][gc,cpu         ] GC(343) User=19.92s Sys=0.00s Real=2.73s
[113.787s][info][gc,start       ] GC(344) Pause Full (Ergonomics)
[113.787s][info][gc,phases,start] GC(344) Marking Phase
[115.783s][info][gc,phases      ] GC(344) Marking Phase 1995.736ms
[115.783s][info][gc,phases,start] GC(344) Summary Phase
[115.783s][info][gc,phases      ] GC(344) Summary Phase 0.190ms
[115.783s][info][gc,phases,start] GC(344) Adjust Roots
[115.783s][info][gc,phases      ] GC(344) Adjust Roots 0.185ms
[115.783s][info][gc,phases,start] GC(344) Compaction Phase
[116.536s][info][gc,phases      ] GC(344) Compaction Phase 752.641ms
[116.536s][info][gc,phases,start] GC(344) Post Compact
[116.549s][info][gc,phases      ] GC(344) Post Compact 13.137ms
[116.549s][info][gc,heap        ] GC(344) PSYoungGen: 154624K(418816K)->154624K(410112K) Eden: 154624K(154624K)->154624K(154624K) From: 0K(264192K)->0K(255488K)
[116.549s][info][gc,heap        ] GC(344) ParOldGen: 8396623K(8396800K)->8396623K(8396800K)
[116.549s][info][gc,metaspace   ] GC(344) Metaspace: 6298K(6464K)->6298K(6464K) NonClass: 5765K(5824K)->5765K(5824K) Class: 533K(640K)->533K(640K)
[116.549s][info][gc             ] GC(344) Pause Full (Ergonomics) 8350M->8350M(8600M) 2762.229ms
[116.549s][info][gc,cpu         ] GC(344) User=20.31s Sys=0.00s Real=2.76s
[116.550s][info][gc,start       ] GC(345) Pause Full (Ergonomics)
[116.550s][info][gc,phases,start] GC(345) Marking Phase
[118.540s][info][gc,phases      ] GC(345) Marking Phase 1990.371ms
[118.540s][info][gc,phases,start] GC(345) Summary Phase
[118.540s][info][gc,phases      ] GC(345) Summary Phase 0.130ms
[118.540s][info][gc,phases,start] GC(345) Adjust Roots
[118.540s][info][gc,phases      ] GC(345) Adjust Roots 0.176ms
[118.540s][info][gc,phases,start] GC(345) Compaction Phase
[119.291s][info][gc,phases      ] GC(345) Compaction Phase 750.322ms
[119.291s][info][gc,phases,start] GC(345) Post Compact
[119.304s][info][gc,phases      ] GC(345) Post Compact 12.700ms
[119.304s][info][gc,heap        ] GC(345) PSYoungGen: 154624K(410112K)->154624K(418816K) Eden: 154624K(154624K)->154624K(154624K) From: 0K(255488K)->0K(264192K)
[119.304s][info][gc,heap        ] GC(345) ParOldGen: 8396628K(8396800K)->8396628K(8396800K)
[119.304s][info][gc,metaspace   ] GC(345) Metaspace: 6298K(6464K)->6298K(6464K) NonClass: 5765K(5824K)->5765K(5824K) Class: 533K(640K)->533K(640K)
[119.304s][info][gc             ] GC(345) Pause Full (Ergonomics) 8350M->8350M(8609M) 2754.094ms
[119.304s][info][gc,cpu         ] GC(345) User=20.14s Sys=0.02s Real=2.75s
[119.304s][info][gc,start       ] GC(346) Pause Full (Ergonomics)
[119.304s][info][gc,phases,start] GC(346) Marking Phase
[121.317s][info][gc,phases      ] GC(346) Marking Phase 2012.954ms
[121.317s][info][gc,phases,start] GC(346) Summary Phase
[121.317s][info][gc,phases      ] GC(346) Summary Phase 0.084ms
[121.317s][info][gc,phases,start] GC(346) Adjust Roots
[121.317s][info][gc,phases      ] GC(346) Adjust Roots 0.199ms
[121.317s][info][gc,phases,start] GC(346) Compaction Phase
[122.055s][info][gc,phases      ] GC(346) Compaction Phase 737.754ms
[122.055s][info][gc,phases,start] GC(346) Post Compact
[122.068s][info][gc,phases      ] GC(346) Post Compact 12.797ms
[122.068s][info][gc,heap        ] GC(346) PSYoungGen: 154624K(418816K)->154624K(410112K) Eden: 154624K(154624K)->154624K(154624K) From: 0K(264192K)->0K(255488K)
[122.068s][info][gc,heap        ] GC(346) ParOldGen: 8396632K(8396800K)->8396632K(8396800K)
[122.068s][info][gc,metaspace   ] GC(346) Metaspace: 6298K(6464K)->6298K(6464K) NonClass: 5765K(5824K)->5765K(5824K) Class: 533K(640K)->533K(640K)
[122.068s][info][gc             ] GC(346) Pause Full (Ergonomics) 8350M->8350M(8600M) 2764.128ms
[122.068s][info][gc,cpu         ] GC(346) User=20.45s Sys=0.00s Real=2.76s
[122.068s][info][gc,start       ] GC(347) Pause Full (Ergonomics)
[122.068s][info][gc,phases,start] GC(347) Marking Phase
[124.078s][info][gc,phases      ] GC(347) Marking Phase 2009.551ms
[124.078s][info][gc,phases,start] GC(347) Summary Phase
[124.078s][info][gc,phases      ] GC(347) Summary Phase 0.082ms
[124.078s][info][gc,phases,start] GC(347) Adjust Roots
[124.078s][info][gc,phases      ] GC(347) Adjust Roots 0.188ms
[124.078s][info][gc,phases,start] GC(347) Compaction Phase
[124.822s][info][gc,phases      ] GC(347) Compaction Phase 744.081ms
[124.822s][info][gc,phases,start] GC(347) Post Compact
[124.835s][info][gc,phases      ] GC(347) Post Compact 12.591ms
[124.835s][info][gc,heap        ] GC(347) PSYoungGen: 154624K(410112K)->154624K(418816K) Eden: 154624K(154624K)->154624K(154624K) From: 0K(255488K)->0K(264192K)
[124.835s][info][gc,heap        ] GC(347) ParOldGen: 8396637K(8396800K)->8396637K(8396800K)
[124.835s][info][gc,metaspace   ] GC(347) Metaspace: 6298K(6464K)->6298K(6464K) NonClass: 5765K(5824K)->5765K(5824K) Class: 533K(640K)->533K(640K)
[124.835s][info][gc             ] GC(347) Pause Full (Ergonomics) 8350M->8350M(8609M) 2766.830ms
[124.835s][info][gc,cpu         ] GC(347) User=20.41s Sys=0.00s Real=2.77s
[124.835s][info][gc,start       ] GC(348) Pause Full (Ergonomics)
[124.835s][info][gc,phases,start] GC(348) Marking Phase
[126.821s][info][gc,phases      ] GC(348) Marking Phase 1986.015ms
[126.821s][info][gc,phases,start] GC(348) Summary Phase
[126.821s][info][gc,phases      ] GC(348) Summary Phase 0.081ms
[126.821s][info][gc,phases,start] GC(348) Adjust Roots
[126.822s][info][gc,phases      ] GC(348) Adjust Roots 0.204ms
[126.822s][info][gc,phases,start] GC(348) Compaction Phase
[127.552s][info][gc,phases      ] GC(348) Compaction Phase 730.050ms
[127.552s][info][gc,phases,start] GC(348) Post Compact
[127.564s][info][gc,phases      ] GC(348) Post Compact 12.594ms
[127.565s][info][gc,heap        ] GC(348) PSYoungGen: 154624K(418816K)->154624K(410112K) Eden: 154624K(154624K)->154624K(154624K) From: 0K(264192K)->0K(255488K)
[127.565s][info][gc,heap        ] GC(348) ParOldGen: 8396642K(8396800K)->8396642K(8396800K)
[127.565s][info][gc,metaspace   ] GC(348) Metaspace: 6298K(6464K)->6298K(6464K) NonClass: 5765K(5824K)->5765K(5824K) Class: 533K(640K)->533K(640K)
[127.565s][info][gc             ] GC(348) Pause Full (Ergonomics) 8350M->8350M(8600M) 2729.287ms
[127.565s][info][gc,cpu         ] GC(348) User=20.22s Sys=0.00s Real=2.73s
[127.565s][info][gc,start       ] GC(349) Pause Full (Ergonomics)
[127.565s][info][gc,phases,start] GC(349) Marking Phase
[129.609s][info][gc,phases      ] GC(349) Marking Phase 2044.425ms
[129.609s][info][gc,phases,start] GC(349) Summary Phase
[129.609s][info][gc,phases      ] GC(349) Summary Phase 0.083ms
[129.609s][info][gc,phases,start] GC(349) Adjust Roots
[129.610s][info][gc,phases      ] GC(349) Adjust Roots 0.190ms
[129.610s][info][gc,phases,start] GC(349) Compaction Phase
[130.367s][info][gc,phases      ] GC(349) Compaction Phase 757.812ms
[130.367s][info][gc,phases,start] GC(349) Post Compact
[130.380s][info][gc,phases      ] GC(349) Post Compact 12.699ms
[130.380s][info][gc,heap        ] GC(349) PSYoungGen: 154624K(410112K)->154624K(418816K) Eden: 154624K(154624K)->154624K(154624K) From: 0K(255488K)->0K(264192K)
[130.380s][info][gc,heap        ] GC(349) ParOldGen: 8396647K(8396800K)->8396647K(8396800K)
[130.380s][info][gc,metaspace   ] GC(349) Metaspace: 6298K(6464K)->6298K(6464K) NonClass: 5765K(5824K)->5765K(5824K) Class: 533K(640K)->533K(640K)
[130.380s][info][gc             ] GC(349) Pause Full (Ergonomics) 8350M->8350M(8609M) 2815.535ms
[130.380s][info][gc,cpu         ] GC(349) User=20.59s Sys=0.02s Real=2.82s
[130.381s][info][gc,start       ] GC(350) Pause Full (Ergonomics)
[130.381s][info][gc,phases,start] GC(350) Marking Phase
[132.409s][info][gc,phases      ] GC(350) Marking Phase 2028.440ms
[132.409s][info][gc,phases,start] GC(350) Summary Phase
[132.409s][info][gc,phases      ] GC(350) Summary Phase 0.080ms
[132.409s][info][gc,phases,start] GC(350) Adjust Roots
[132.409s][info][gc,phases      ] GC(350) Adjust Roots 0.166ms
[132.409s][info][gc,phases,start] GC(350) Compaction Phase
[133.146s][info][gc,phases      ] GC(350) Compaction Phase 736.186ms
[133.146s][info][gc,phases,start] GC(350) Post Compact
[133.158s][info][gc,phases      ] GC(350) Post Compact 12.726ms
[133.158s][info][gc,heap        ] GC(350) PSYoungGen: 154624K(418816K)->154624K(410112K) Eden: 154624K(154624K)->154624K(154624K) From: 0K(264192K)->0K(255488K)
[133.158s][info][gc,heap        ] GC(350) ParOldGen: 8396652K(8396800K)->8396652K(8396800K)
[133.158s][info][gc,metaspace   ] GC(350) Metaspace: 6298K(6464K)->6298K(6464K) NonClass: 5765K(5824K)->5765K(5824K) Class: 533K(640K)->533K(640K)
[133.158s][info][gc             ] GC(350) Pause Full (Ergonomics) 8350M->8350M(8600M) 2777.946ms
[133.158s][info][gc,cpu         ] GC(350) User=20.62s Sys=0.00s Real=2.78s
[133.159s][info][gc,start       ] GC(351) Pause Full (Ergonomics)
[133.159s][info][gc,phases,start] GC(351) Marking Phase
[135.201s][info][gc,phases      ] GC(351) Marking Phase 2042.429ms
[135.201s][info][gc,phases,start] GC(351) Summary Phase
[135.201s][info][gc,phases      ] GC(351) Summary Phase 0.146ms
[135.201s][info][gc,phases,start] GC(351) Adjust Roots
[135.202s][info][gc,phases      ] GC(351) Adjust Roots 0.324ms
[135.202s][info][gc,phases,start] GC(351) Compaction Phase
[135.955s][info][gc,phases      ] GC(351) Compaction Phase 752.889ms
[135.955s][info][gc,phases,start] GC(351) Post Compact
[135.968s][info][gc,phases      ] GC(351) Post Compact 13.046ms
[135.968s][info][gc,heap        ] GC(351) PSYoungGen: 154624K(410112K)->154624K(418816K) Eden: 154624K(154624K)->154624K(154624K) From: 0K(255488K)->0K(264192K)
[135.968s][info][gc,heap        ] GC(351) ParOldGen: 8396657K(8396800K)->8396657K(8396800K)
[135.968s][info][gc,metaspace   ] GC(351) Metaspace: 6298K(6464K)->6298K(6464K) NonClass: 5765K(5824K)->5765K(5824K) Class: 533K(640K)->533K(640K)
[135.968s][info][gc             ] GC(351) Pause Full (Ergonomics) 8350M->8350M(8609M) 2809.313ms
[135.968s][info][gc,cpu         ] GC(351) User=20.70s Sys=0.00s Real=2.81s
[135.968s][info][gc,start       ] GC(352) Pause Full (Ergonomics)
[135.968s][info][gc,phases,start] GC(352) Marking Phase
[137.970s][info][gc,phases      ] GC(352) Marking Phase 2001.767ms
[137.970s][info][gc,phases,start] GC(352) Summary Phase
[137.970s][info][gc,phases      ] GC(352) Summary Phase 0.088ms
[137.970s][info][gc,phases,start] GC(352) Adjust Roots
[137.970s][info][gc,phases      ] GC(352) Adjust Roots 0.226ms
[137.970s][info][gc,phases,start] GC(352) Compaction Phase
[138.707s][info][gc,phases      ] GC(352) Compaction Phase 736.707ms
[138.707s][info][gc,phases,start] GC(352) Post Compact
[138.720s][info][gc,phases      ] GC(352) Post Compact 12.664ms
[138.720s][info][gc,heap        ] GC(352) PSYoungGen: 154624K(418816K)->154624K(410112K) Eden: 154624K(154624K)->154624K(154624K) From: 0K(264192K)->0K(255488K)
[138.720s][info][gc,heap        ] GC(352) ParOldGen: 8396661K(8396800K)->8396661K(8396800K)
[138.720s][info][gc,metaspace   ] GC(352) Metaspace: 6298K(6464K)->6298K(6464K) NonClass: 5765K(5824K)->5765K(5824K) Class: 533K(640K)->533K(640K)
[138.720s][info][gc             ] GC(352) Pause Full (Ergonomics) 8350M->8350M(8600M) 2751.785ms
[138.720s][info][gc,cpu         ] GC(352) User=20.28s Sys=0.00s Real=2.75s
[138.720s][info][gc,start       ] GC(353) Pause Full (Ergonomics)
[138.720s][info][gc,phases,start] GC(353) Marking Phase
[140.746s][info][gc,phases      ] GC(353) Marking Phase 2025.800ms
[140.746s][info][gc,phases,start] GC(353) Summary Phase
[140.746s][info][gc,phases      ] GC(353) Summary Phase 0.116ms
[140.746s][info][gc,phases,start] GC(353) Adjust Roots
[140.746s][info][gc,phases      ] GC(353) Adjust Roots 0.177ms
[140.746s][info][gc,phases,start] GC(353) Compaction Phase
[141.479s][info][gc,phases      ] GC(353) Compaction Phase 732.577ms
[141.479s][info][gc,phases,start] GC(353) Post Compact
[141.492s][info][gc,phases      ] GC(353) Post Compact 12.723ms
[141.492s][info][gc,heap        ] GC(353) PSYoungGen: 154624K(410112K)->154624K(418816K) Eden: 154624K(154624K)->154624K(154624K) From: 0K(255488K)->0K(264192K)
[141.492s][info][gc,heap        ] GC(353) ParOldGen: 8396666K(8396800K)->8396666K(8396800K)
[141.492s][info][gc,metaspace   ] GC(353) Metaspace: 6298K(6464K)->6298K(6464K) NonClass: 5765K(5824K)->5765K(5824K) Class: 533K(640K)->533K(640K)
[141.492s][info][gc             ] GC(353) Pause Full (Ergonomics) 8350M->8350M(8609M) 2771.768ms
[141.492s][info][gc,cpu         ] GC(353) User=20.41s Sys=0.00s Real=2.77s
[141.492s][info][gc,start       ] GC(354) Pause Full (Ergonomics)
[141.492s][info][gc,phases,start] GC(354) Marking Phase
[143.540s][info][gc,phases      ] GC(354) Marking Phase 2048.094ms
[143.540s][info][gc,phases,start] GC(354) Summary Phase
[143.541s][info][gc,phases      ] GC(354) Summary Phase 0.122ms
[143.541s][info][gc,phases,start] GC(354) Adjust Roots
[143.541s][info][gc,phases      ] GC(354) Adjust Roots 0.234ms
[143.541s][info][gc,phases,start] GC(354) Compaction Phase
[144.294s][info][gc,phases      ] GC(354) Compaction Phase 753.066ms
[144.294s][info][gc,phases,start] GC(354) Post Compact
[144.307s][info][gc,phases      ] GC(354) Post Compact 12.831ms
[144.307s][info][gc,heap        ] GC(354) PSYoungGen: 154624K(418816K)->154624K(410112K) Eden: 154624K(154624K)->154624K(154624K) From: 0K(264192K)->0K(255488K)
[144.307s][info][gc,heap        ] GC(354) ParOldGen: 8396671K(8396800K)->8396671K(8396800K)
[144.307s][info][gc,metaspace   ] GC(354) Metaspace: 6298K(6464K)->6298K(6464K) NonClass: 5765K(5824K)->5765K(5824K) Class: 533K(640K)->533K(640K)
[144.307s][info][gc             ] GC(354) Pause Full (Ergonomics) 8350M->8350M(8600M) 2814.720ms
[144.307s][info][gc,cpu         ] GC(354) User=20.52s Sys=0.02s Real=2.81s
[144.307s][info][gc,start       ] GC(355) Pause Full (Ergonomics)
[144.307s][info][gc,phases,start] GC(355) Marking Phase
[146.346s][info][gc,phases      ] GC(355) Marking Phase 2038.907ms
[146.346s][info][gc,phases,start] GC(355) Summary Phase
[146.346s][info][gc,phases      ] GC(355) Summary Phase 0.129ms
[146.346s][info][gc,phases,start] GC(355) Adjust Roots
[146.347s][info][gc,phases      ] GC(355) Adjust Roots 0.205ms
[146.347s][info][gc,phases,start] GC(355) Compaction Phase
[147.066s][info][gc,phases      ] GC(355) Compaction Phase 719.243ms
[147.066s][info][gc,phases,start] GC(355) Post Compact
[147.079s][info][gc,phases      ] GC(355) Post Compact 12.983ms
[147.079s][info][gc,heap        ] GC(355) PSYoungGen: 154624K(410112K)->154624K(418816K) Eden: 154624K(154624K)->154624K(154624K) From: 0K(255488K)->0K(264192K)
[147.079s][info][gc,heap        ] GC(355) ParOldGen: 8396676K(8396800K)->8396676K(8396800K)
[147.079s][info][gc,metaspace   ] GC(355) Metaspace: 6298K(6464K)->6298K(6464K) NonClass: 5765K(5824K)->5765K(5824K) Class: 533K(640K)->533K(640K)
[147.079s][info][gc             ] GC(355) Pause Full (Ergonomics) 8350M->8350M(8609M) 2771.851ms
[147.079s][info][gc,cpu         ] GC(355) User=20.39s Sys=0.03s Real=2.77s
[147.079s][info][gc,start       ] GC(356) Pause Full (Ergonomics)
[147.079s][info][gc,phases,start] GC(356) Marking Phase
[149.095s][info][gc,phases      ] GC(356) Marking Phase 2015.548ms
[149.095s][info][gc,phases,start] GC(356) Summary Phase
[149.095s][info][gc,phases      ] GC(356) Summary Phase 0.088ms
[149.095s][info][gc,phases,start] GC(356) Adjust Roots
[149.095s][info][gc,phases      ] GC(356) Adjust Roots 0.186ms
[149.095s][info][gc,phases,start] GC(356) Compaction Phase
[149.836s][info][gc,phases      ] GC(356) Compaction Phase 741.185ms
[149.836s][info][gc,phases,start] GC(356) Post Compact
[149.849s][info][gc,phases      ] GC(356) Post Compact 12.759ms
[149.849s][info][gc,heap        ] GC(356) PSYoungGen: 154624K(418816K)->154624K(410112K) Eden: 154624K(154624K)->154624K(154624K) From: 0K(264192K)->0K(255488K)
[149.849s][info][gc,heap        ] GC(356) ParOldGen: 8396681K(8396800K)->8396681K(8396800K)
[149.849s][info][gc,metaspace   ] GC(356) Metaspace: 6298K(6464K)->6298K(6464K) NonClass: 5765K(5824K)->5765K(5824K) Class: 533K(640K)->533K(640K)
[149.849s][info][gc             ] GC(356) Pause Full (Ergonomics) 8350M->8350M(8600M) 2770.143ms
[149.849s][info][gc,cpu         ] GC(356) User=20.25s Sys=0.05s Real=2.77s
[149.850s][info][gc,start       ] GC(357) Pause Full (Ergonomics)
[149.850s][info][gc,phases,start] GC(357) Marking Phase
[151.877s][info][gc,phases      ] GC(357) Marking Phase 2027.430ms
[151.877s][info][gc,phases,start] GC(357) Summary Phase
[151.877s][info][gc,phases      ] GC(357) Summary Phase 0.130ms
[151.877s][info][gc,phases,start] GC(357) Adjust Roots
[151.878s][info][gc,phases      ] GC(357) Adjust Roots 0.207ms
[151.878s][info][gc,phases,start] GC(357) Compaction Phase
[152.615s][info][gc,phases      ] GC(357) Compaction Phase 737.669ms
[152.615s][info][gc,phases,start] GC(357) Post Compact
[152.631s][info][gc,phases      ] GC(357) Post Compact 15.657ms
[152.631s][info][gc,heap        ] GC(357) PSYoungGen: 154624K(410112K)->154624K(418816K) Eden: 154624K(154624K)->154624K(154624K) From: 0K(255488K)->0K(264192K)
[152.631s][info][gc,heap        ] GC(357) ParOldGen: 8396686K(8396800K)->8396686K(8396800K)
[152.631s][info][gc,metaspace   ] GC(357) Metaspace: 6298K(6464K)->6298K(6464K) NonClass: 5765K(5824K)->5765K(5824K) Class: 533K(640K)->533K(640K)
[152.631s][info][gc             ] GC(357) Pause Full (Ergonomics) 8350M->8350M(8609M) 2781.451ms
[152.631s][info][gc,cpu         ] GC(357) User=20.67s Sys=0.00s Real=2.78s
[152.631s][info][gc,start       ] GC(358) Pause Full (Ergonomics)
[152.631s][info][gc,phases,start] GC(358) Marking Phase
[154.649s][info][gc,phases      ] GC(358) Marking Phase 2017.644ms
[154.649s][info][gc,phases,start] GC(358) Summary Phase
[154.649s][info][gc,phases      ] GC(358) Summary Phase 0.128ms
[154.649s][info][gc,phases,start] GC(358) Adjust Roots
[154.649s][info][gc,phases      ] GC(358) Adjust Roots 0.268ms
[154.649s][info][gc,phases,start] GC(358) Compaction Phase
[155.380s][info][gc,phases      ] GC(358) Compaction Phase 730.756ms
[155.380s][info][gc,phases,start] GC(358) Post Compact
[155.393s][info][gc,phases      ] GC(358) Post Compact 12.489ms
[155.393s][info][gc,heap        ] GC(358) PSYoungGen: 154624K(418816K)->154624K(410112K) Eden: 154624K(154624K)->154624K(154624K) From: 0K(264192K)->0K(255488K)
[155.393s][info][gc,heap        ] GC(358) ParOldGen: 8396690K(8396800K)->8396690K(8396800K)
[155.393s][info][gc,metaspace   ] GC(358) Metaspace: 6298K(6464K)->6298K(6464K) NonClass: 5765K(5824K)->5765K(5824K) Class: 533K(640K)->533K(640K)
[155.393s][info][gc             ] GC(358) Pause Full (Ergonomics) 8350M->8350M(8600M) 2761.616ms
[155.393s][info][gc,cpu         ] GC(358) User=20.27s Sys=0.00s Real=2.76s
[155.393s][info][gc,start       ] GC(359) Pause Full (Ergonomics)
[155.393s][info][gc,phases,start] GC(359) Marking Phase
[157.367s][info][gc,phases      ] GC(359) Marking Phase 1973.789ms
[157.367s][info][gc,phases,start] GC(359) Summary Phase
[157.367s][info][gc,phases      ] GC(359) Summary Phase 0.117ms
[157.367s][info][gc,phases,start] GC(359) Adjust Roots
[157.367s][info][gc,phases      ] GC(359) Adjust Roots 0.170ms
[157.367s][info][gc,phases,start] GC(359) Compaction Phase
[158.089s][info][gc,phases      ] GC(359) Compaction Phase 721.404ms
[158.089s][info][gc,phases,start] GC(359) Post Compact
[158.101s][info][gc,phases      ] GC(359) Post Compact 12.505ms
[158.101s][info][gc,heap        ] GC(359) PSYoungGen: 154624K(410112K)->154624K(418816K) Eden: 154624K(154624K)->154624K(154624K) From: 0K(255488K)->0K(264192K)
[158.101s][info][gc,heap        ] GC(359) ParOldGen: 8396695K(8396800K)->8396695K(8396800K)
[158.101s][info][gc,metaspace   ] GC(359) Metaspace: 6298K(6464K)->6298K(6464K) NonClass: 5765K(5824K)->5765K(5824K) Class: 533K(640K)->533K(640K)
[158.101s][info][gc             ] GC(359) Pause Full (Ergonomics) 8350M->8350M(8609M) 2708.345ms
[158.101s][info][gc,cpu         ] GC(359) User=20.03s Sys=0.00s Real=2.71s
[158.102s][info][gc,start       ] GC(360) Pause Full (Ergonomics)
[158.102s][info][gc,phases,start] GC(360) Marking Phase
[160.112s][info][gc,phases      ] GC(360) Marking Phase 2010.397ms
[160.112s][info][gc,phases,start] GC(360) Summary Phase
[160.112s][info][gc,phases      ] GC(360) Summary Phase 0.148ms
[160.112s][info][gc,phases,start] GC(360) Adjust Roots
[160.113s][info][gc,phases      ] GC(360) Adjust Roots 0.435ms
[160.113s][info][gc,phases,start] GC(360) Compaction Phase
[160.874s][info][gc,phases      ] GC(360) Compaction Phase 760.937ms
[160.874s][info][gc,phases,start] GC(360) Post Compact
[160.887s][info][gc,phases      ] GC(360) Post Compact 12.719ms
[160.887s][info][gc,heap        ] GC(360) PSYoungGen: 154624K(418816K)->154624K(410112K) Eden: 154624K(154624K)->154624K(154624K) From: 0K(264192K)->0K(255488K)
[160.887s][info][gc,heap        ] GC(360) ParOldGen: 8396700K(8396800K)->8396700K(8396800K)
[160.887s][info][gc,metaspace   ] GC(360) Metaspace: 6298K(6464K)->6298K(6464K) NonClass: 5765K(5824K)->5765K(5824K) Class: 533K(640K)->533K(640K)
[160.887s][info][gc             ] GC(360) Pause Full (Ergonomics) 8350M->8350M(8600M) 2785.083ms
[160.887s][info][gc,cpu         ] GC(360) User=20.14s Sys=0.02s Real=2.79s
[160.887s][info][gc,start       ] GC(361) Pause Full (Ergonomics)
[160.887s][info][gc,phases,start] GC(361) Marking Phase
[162.935s][info][gc,phases      ] GC(361) Marking Phase 2047.824ms
[162.935s][info][gc,phases,start] GC(361) Summary Phase
[162.935s][info][gc,phases      ] GC(361) Summary Phase 0.089ms
[162.935s][info][gc,phases,start] GC(361) Adjust Roots
[162.935s][info][gc,phases      ] GC(361) Adjust Roots 0.218ms
[162.935s][info][gc,phases,start] GC(361) Compaction Phase
[163.679s][info][gc,phases      ] GC(361) Compaction Phase 744.102ms
[163.679s][info][gc,phases,start] GC(361) Post Compact
[163.693s][info][gc,phases      ] GC(361) Post Compact 13.670ms
[163.693s][info][gc,heap        ] GC(361) PSYoungGen: 154624K(410112K)->154624K(418816K) Eden: 154624K(154624K)->154624K(154624K) From: 0K(255488K)->0K(264192K)
[163.693s][info][gc,heap        ] GC(361) ParOldGen: 8396705K(8396800K)->8396705K(8396800K)
[163.693s][info][gc,metaspace   ] GC(361) Metaspace: 6298K(6464K)->6298K(6464K) NonClass: 5765K(5824K)->5765K(5824K) Class: 533K(640K)->533K(640K)
[163.693s][info][gc             ] GC(361) Pause Full (Ergonomics) 8350M->8350M(8609M) 2806.293ms
[163.693s][info][gc,cpu         ] GC(361) User=20.08s Sys=0.00s Real=2.81s
[163.693s][info][gc,start       ] GC(362) Pause Full (Ergonomics)
[163.694s][info][gc,phases,start] GC(362) Marking Phase
[165.690s][info][gc,phases      ] GC(362) Marking Phase 1996.211ms
[165.690s][info][gc,phases,start] GC(362) Summary Phase
[165.690s][info][gc,phases      ] GC(362) Summary Phase 0.101ms
[165.690s][info][gc,phases,start] GC(362) Adjust Roots
[165.690s][info][gc,phases      ] GC(362) Adjust Roots 0.278ms
[165.690s][info][gc,phases,start] GC(362) Compaction Phase
[166.435s][info][gc,phases      ] GC(362) Compaction Phase 744.304ms
[166.435s][info][gc,phases,start] GC(362) Post Compact
[166.448s][info][gc,phases      ] GC(362) Post Compact 13.839ms
[166.449s][info][gc,heap        ] GC(362) PSYoungGen: 154624K(418816K)->154624K(410112K) Eden: 154624K(154624K)->154624K(154624K) From: 0K(264192K)->0K(255488K)
[166.449s][info][gc,heap        ] GC(362) ParOldGen: 8396710K(8396800K)->8396710K(8396800K)
[166.449s][info][gc,metaspace   ] GC(362) Metaspace: 6298K(6464K)->6298K(6464K) NonClass: 5765K(5824K)->5765K(5824K) Class: 533K(640K)->533K(640K)
[166.449s][info][gc             ] GC(362) Pause Full (Ergonomics) 8350M->8350M(8600M) 2755.119ms
[166.449s][info][gc,cpu         ] GC(362) User=20.33s Sys=0.00s Real=2.76s
[166.449s][info][gc,start       ] GC(363) Pause Full (Ergonomics)
[166.449s][info][gc,phases,start] GC(363) Marking Phase
[168.456s][info][gc,phases      ] GC(363) Marking Phase 2007.462ms
[168.456s][info][gc,phases,start] GC(363) Summary Phase
[168.457s][info][gc,phases      ] GC(363) Summary Phase 0.157ms
[168.457s][info][gc,phases,start] GC(363) Adjust Roots
[168.457s][info][gc,phases      ] GC(363) Adjust Roots 0.245ms
[168.457s][info][gc,phases,start] GC(363) Compaction Phase
[169.195s][info][gc,phases      ] GC(363) Compaction Phase 738.489ms
[169.195s][info][gc,phases,start] GC(363) Post Compact
[169.211s][info][gc,phases      ] GC(363) Post Compact 15.188ms
[169.211s][info][gc,heap        ] GC(363) PSYoungGen: 154624K(410112K)->154624K(418816K) Eden: 154624K(154624K)->154624K(154624K) From: 0K(255488K)->0K(264192K)
[169.211s][info][gc,heap        ] GC(363) ParOldGen: 8396715K(8396800K)->8396715K(8396800K)
[169.211s][info][gc,metaspace   ] GC(363) Metaspace: 6298K(6464K)->6298K(6464K) NonClass: 5765K(5824K)->5765K(5824K) Class: 533K(640K)->533K(640K)
[169.211s][info][gc             ] GC(363) Pause Full (Ergonomics) 8350M->8350M(8609M) 2761.961ms
[169.211s][info][gc,cpu         ] GC(363) User=20.25s Sys=0.00s Real=2.76s
[169.211s][info][gc,start       ] GC(364) Pause Full (Ergonomics)
[169.211s][info][gc,phases,start] GC(364) Marking Phase
[171.204s][info][gc,phases      ] GC(364) Marking Phase 1992.526ms
[171.204s][info][gc,phases,start] GC(364) Summary Phase
[171.204s][info][gc,phases      ] GC(364) Summary Phase 0.184ms
[171.204s][info][gc,phases,start] GC(364) Adjust Roots
[171.204s][info][gc,phases      ] GC(364) Adjust Roots 0.249ms
[171.204s][info][gc,phases,start] GC(364) Compaction Phase
[171.927s][info][gc,phases      ] GC(364) Compaction Phase 722.426ms
[171.927s][info][gc,phases,start] GC(364) Post Compact
[171.943s][info][gc,phases      ] GC(364) Post Compact 16.571ms
[171.943s][info][gc,heap        ] GC(364) PSYoungGen: 154624K(418816K)->154624K(410112K) Eden: 154624K(154624K)->154624K(154624K) From: 0K(264192K)->0K(255488K)
[171.943s][info][gc,heap        ] GC(364) ParOldGen: 8396719K(8396800K)->8396719K(8396800K)
[171.943s][info][gc,metaspace   ] GC(364) Metaspace: 6298K(6464K)->6298K(6464K) NonClass: 5765K(5824K)->5765K(5824K) Class: 533K(640K)->533K(640K)
[171.943s][info][gc             ] GC(364) Pause Full (Ergonomics) 8350M->8350M(8600M) 2732.357ms
[171.943s][info][gc,cpu         ] GC(364) User=20.23s Sys=0.02s Real=2.73s
[171.944s][info][gc,start       ] GC(365) Pause Full (Ergonomics)
[171.944s][info][gc,phases,start] GC(365) Marking Phase
[173.932s][info][gc,phases      ] GC(365) Marking Phase 1988.311ms
[173.932s][info][gc,phases,start] GC(365) Summary Phase
[173.932s][info][gc,phases      ] GC(365) Summary Phase 0.115ms
[173.932s][info][gc,phases,start] GC(365) Adjust Roots
[173.933s][info][gc,phases      ] GC(365) Adjust Roots 0.381ms
[173.933s][info][gc,phases,start] GC(365) Compaction Phase
[174.657s][info][gc,phases      ] GC(365) Compaction Phase 724.795ms
[174.657s][info][gc,phases,start] GC(365) Post Compact
[174.673s][info][gc,phases      ] GC(365) Post Compact 15.133ms
[174.673s][info][gc,heap        ] GC(365) PSYoungGen: 154624K(410112K)->154624K(418816K) Eden: 154624K(154624K)->154624K(154624K) From: 0K(255488K)->0K(264192K)
[174.673s][info][gc,heap        ] GC(365) ParOldGen: 8396724K(8396800K)->8396724K(8396800K)
[174.673s][info][gc,metaspace   ] GC(365) Metaspace: 6298K(6464K)->6298K(6464K) NonClass: 5765K(5824K)->5765K(5824K) Class: 533K(640K)->533K(640K)
[174.673s][info][gc             ] GC(365) Pause Full (Ergonomics) 8350M->8350M(8609M) 2729.142ms
[174.673s][info][gc,cpu         ] GC(365) User=20.12s Sys=0.00s Real=2.73s
[174.673s][info][gc,start       ] GC(366) Pause Full (Ergonomics)
[174.673s][info][gc,phases,start] GC(366) Marking Phase
[176.662s][info][gc,phases      ] GC(366) Marking Phase 1989.175ms
[176.662s][info][gc,phases,start] GC(366) Summary Phase
[176.662s][info][gc,phases      ] GC(366) Summary Phase 0.114ms
[176.662s][info][gc,phases,start] GC(366) Adjust Roots
[176.663s][info][gc,phases      ] GC(366) Adjust Roots 0.295ms
[176.663s][info][gc,phases,start] GC(366) Compaction Phase
[177.359s][info][gc,phases      ] GC(366) Compaction Phase 696.172ms
[177.359s][info][gc,phases,start] GC(366) Post Compact
[177.374s][info][gc,phases      ] GC(366) Post Compact 14.651ms
[177.374s][info][gc,heap        ] GC(366) PSYoungGen: 154624K(418816K)->154624K(410112K) Eden: 154624K(154624K)->154624K(154624K) From: 0K(264192K)->0K(255488K)
[177.374s][info][gc,heap        ] GC(366) ParOldGen: 8396729K(8396800K)->8396729K(8396800K)
[177.374s][info][gc,metaspace   ] GC(366) Metaspace: 6298K(6464K)->6298K(6464K) NonClass: 5765K(5824K)->5765K(5824K) Class: 533K(640K)->533K(640K)
[177.374s][info][gc             ] GC(366) Pause Full (Ergonomics) 8350M->8350M(8600M) 2700.823ms
[177.374s][info][gc,cpu         ] GC(366) User=20.17s Sys=0.00s Real=2.70s
[177.374s][info][gc,start       ] GC(367) Pause Full (Ergonomics)
[177.374s][info][gc,phases,start] GC(367) Marking Phase
[179.391s][info][gc,phases      ] GC(367) Marking Phase 2017.392ms
[179.391s][info][gc,phases,start] GC(367) Summary Phase
[179.392s][info][gc,phases      ] GC(367) Summary Phase 0.103ms
[179.392s][info][gc,phases,start] GC(367) Adjust Roots
[179.392s][info][gc,phases      ] GC(367) Adjust Roots 0.204ms
[179.392s][info][gc,phases,start] GC(367) Compaction Phase
[180.089s][info][gc,phases      ] GC(367) Compaction Phase 696.874ms
[180.089s][info][gc,phases,start] GC(367) Post Compact
[180.102s][info][gc,phases      ] GC(367) Post Compact 12.898ms
[180.102s][info][gc,heap        ] GC(367) PSYoungGen: 154624K(410112K)->154624K(418816K) Eden: 154624K(154624K)->154624K(154624K) From: 0K(255488K)->0K(264192K)
[180.102s][info][gc,heap        ] GC(367) ParOldGen: 8396734K(8396800K)->8396734K(8396800K)
[180.102s][info][gc,metaspace   ] GC(367) Metaspace: 6298K(6464K)->6298K(6464K) NonClass: 5765K(5824K)->5765K(5824K) Class: 533K(640K)->533K(640K)
[180.102s][info][gc             ] GC(367) Pause Full (Ergonomics) 8350M->8350M(8609M) 2727.820ms
[180.102s][info][gc,cpu         ] GC(367) User=20.02s Sys=0.00s Real=2.73s
[180.102s][info][gc,start       ] GC(368) Pause Full (Ergonomics)
[180.102s][info][gc,phases,start] GC(368) Marking Phase
[182.072s][info][gc,phases      ] GC(368) Marking Phase 1969.721ms
[182.072s][info][gc,phases,start] GC(368) Summary Phase
[182.072s][info][gc,phases      ] GC(368) Summary Phase 0.120ms
[182.072s][info][gc,phases,start] GC(368) Adjust Roots
[182.072s][info][gc,phases      ] GC(368) Adjust Roots 0.253ms
[182.072s][info][gc,phases,start] GC(368) Compaction Phase
[182.755s][info][gc,phases      ] GC(368) Compaction Phase 682.318ms
[182.755s][info][gc,phases,start] GC(368) Post Compact
[182.767s][info][gc,phases      ] GC(368) Post Compact 12.579ms
[182.767s][info][gc,heap        ] GC(368) PSYoungGen: 154624K(418816K)->154624K(410112K) Eden: 154624K(154624K)->154624K(154624K) From: 0K(264192K)->0K(255488K)
[182.767s][info][gc,heap        ] GC(368) ParOldGen: 8396739K(8396800K)->8396739K(8396800K)
[182.767s][info][gc,metaspace   ] GC(368) Metaspace: 6298K(6464K)->6298K(6464K) NonClass: 5765K(5824K)->5765K(5824K) Class: 533K(640K)->533K(640K)
[182.767s][info][gc             ] GC(368) Pause Full (Ergonomics) 8350M->8350M(8600M) 2665.360ms
[182.767s][info][gc,cpu         ] GC(368) User=19.69s Sys=0.00s Real=2.67s
[182.768s][info][gc,start       ] GC(369) Pause Full (Ergonomics)
[182.768s][info][gc,phases,start] GC(369) Marking Phase
[184.736s][info][gc,phases      ] GC(369) Marking Phase 1967.870ms
[184.736s][info][gc,phases,start] GC(369) Summary Phase
[184.736s][info][gc,phases      ] GC(369) Summary Phase 0.102ms
[184.736s][info][gc,phases,start] GC(369) Adjust Roots
[184.736s][info][gc,phases      ] GC(369) Adjust Roots 0.249ms
[184.736s][info][gc,phases,start] GC(369) Compaction Phase
[185.445s][info][gc,phases      ] GC(369) Compaction Phase 709.422ms
[185.445s][info][gc,phases,start] GC(369) Post Compact
[185.458s][info][gc,phases      ] GC(369) Post Compact 12.426ms
[185.458s][info][gc,heap        ] GC(369) PSYoungGen: 154624K(410112K)->154624K(418816K) Eden: 154624K(154624K)->154624K(154624K) From: 0K(255488K)->0K(264192K)
[185.458s][info][gc,heap        ] GC(369) ParOldGen: 8396744K(8396800K)->8396744K(8396800K)
[185.458s][info][gc,metaspace   ] GC(369) Metaspace: 6298K(6464K)->6298K(6464K) NonClass: 5765K(5824K)->5765K(5824K) Class: 533K(640K)->533K(640K)
[185.458s][info][gc             ] GC(369) Pause Full (Ergonomics) 8350M->8350M(8609M) 2690.391ms
[185.458s][info][gc,cpu         ] GC(369) User=19.72s Sys=0.00s Real=2.69s
[185.458s][info][gc,start       ] GC(370) Pause Full (Ergonomics)
[185.458s][info][gc,phases,start] GC(370) Marking Phase
[187.429s][info][gc,phases      ] GC(370) Marking Phase 1970.161ms
[187.429s][info][gc,phases,start] GC(370) Summary Phase
[187.429s][info][gc,phases      ] GC(370) Summary Phase 0.085ms
[187.429s][info][gc,phases,start] GC(370) Adjust Roots
[187.429s][info][gc,phases      ] GC(370) Adjust Roots 0.169ms
[187.429s][info][gc,phases,start] GC(370) Compaction Phase
[188.114s][info][gc,phases      ] GC(370) Compaction Phase 685.201ms
[188.114s][info][gc,phases,start] GC(370) Post Compact
[188.127s][info][gc,phases      ] GC(370) Post Compact 12.762ms
[188.127s][info][gc,heap        ] GC(370) PSYoungGen: 154624K(418816K)->154624K(410112K) Eden: 154624K(154624K)->154624K(154624K) From: 0K(264192K)->0K(255488K)
[188.127s][info][gc,heap        ] GC(370) ParOldGen: 8396748K(8396800K)->8396748K(8396800K)
[188.127s][info][gc,metaspace   ] GC(370) Metaspace: 6298K(6464K)->6298K(6464K) NonClass: 5765K(5824K)->5765K(5824K) Class: 533K(640K)->533K(640K)
[188.127s][info][gc             ] GC(370) Pause Full (Ergonomics) 8350M->8350M(8600M) 2668.739ms
[188.127s][info][gc,cpu         ] GC(370) User=19.80s Sys=0.00s Real=2.67s
[188.127s][info][gc,start       ] GC(371) Pause Full (Ergonomics)
[188.127s][info][gc,phases,start] GC(371) Marking Phase
[190.081s][info][gc,phases      ] GC(371) Marking Phase 1953.297ms
[190.081s][info][gc,phases,start] GC(371) Summary Phase
[190.081s][info][gc,phases      ] GC(371) Summary Phase 0.104ms
[190.081s][info][gc,phases,start] GC(371) Adjust Roots
[190.081s][info][gc,phases      ] GC(371) Adjust Roots 0.310ms
[190.081s][info][gc,phases,start] GC(371) Compaction Phase
[190.804s][info][gc,phases      ] GC(371) Compaction Phase 722.723ms
[190.804s][info][gc,phases,start] GC(371) Post Compact
[190.817s][info][gc,phases      ] GC(371) Post Compact 12.574ms
[190.817s][info][gc,heap        ] GC(371) PSYoungGen: 154624K(410112K)->154624K(418816K) Eden: 154624K(154624K)->154624K(154624K) From: 0K(255488K)->0K(264192K)
[190.817s][info][gc,heap        ] GC(371) ParOldGen: 8396753K(8396800K)->8396753K(8396800K)
[190.817s][info][gc,metaspace   ] GC(371) Metaspace: 6298K(6464K)->6298K(6464K) NonClass: 5765K(5824K)->5765K(5824K) Class: 533K(640K)->533K(640K)
[190.817s][info][gc             ] GC(371) Pause Full (Ergonomics) 8350M->8350M(8609M) 2689.410ms
[190.817s][info][gc,cpu         ] GC(371) User=19.64s Sys=0.02s Real=2.69s
[190.817s][info][gc,start       ] GC(372) Pause Full (Ergonomics)
[190.817s][info][gc,phases,start] GC(372) Marking Phase
[192.784s][info][gc,phases      ] GC(372) Marking Phase 1966.839ms
[192.784s][info][gc,phases,start] GC(372) Summary Phase
[192.784s][info][gc,phases      ] GC(372) Summary Phase 0.081ms
[192.784s][info][gc,phases,start] GC(372) Adjust Roots
[192.784s][info][gc,phases      ] GC(372) Adjust Roots 0.169ms
[192.784s][info][gc,phases,start] GC(372) Compaction Phase
[193.444s][info][gc,phases      ] GC(372) Compaction Phase 659.974ms
[193.444s][info][gc,phases,start] GC(372) Post Compact
[193.457s][info][gc,phases      ] GC(372) Post Compact 12.702ms
[193.457s][info][gc,heap        ] GC(372) PSYoungGen: 154624K(418816K)->154624K(410112K) Eden: 154624K(154624K)->154624K(154624K) From: 0K(264192K)->0K(255488K)
[193.457s][info][gc,heap        ] GC(372) ParOldGen: 8396758K(8396800K)->8396758K(8396800K)
[193.457s][info][gc,metaspace   ] GC(372) Metaspace: 6298K(6464K)->6298K(6464K) NonClass: 5765K(5824K)->5765K(5824K) Class: 533K(640K)->533K(640K)
[193.457s][info][gc             ] GC(372) Pause Full (Ergonomics) 8350M->8350M(8600M) 2640.097ms
[193.457s][info][gc,cpu         ] GC(372) User=19.58s Sys=0.02s Real=2.64s
[193.457s][info][gc,start       ] GC(373) Pause Full (Ergonomics)
[193.457s][info][gc,phases,start] GC(373) Marking Phase
[195.401s][info][gc,phases      ] GC(373) Marking Phase 1943.502ms
[195.401s][info][gc,phases,start] GC(373) Summary Phase
[195.401s][info][gc,phases      ] GC(373) Summary Phase 0.097ms
[195.401s][info][gc,phases,start] GC(373) Adjust Roots
[195.401s][info][gc,phases      ] GC(373) Adjust Roots 0.248ms
[195.401s][info][gc,phases,start] GC(373) Compaction Phase
[196.068s][info][gc,phases      ] GC(373) Compaction Phase 666.290ms
[196.068s][info][gc,phases,start] GC(373) Post Compact
[196.080s][info][gc,phases      ] GC(373) Post Compact 12.434ms
[196.080s][info][gc,heap        ] GC(373) PSYoungGen: 154624K(410112K)->154624K(418816K) Eden: 154624K(154624K)->154624K(154624K) From: 0K(255488K)->0K(264192K)
[196.080s][info][gc,heap        ] GC(373) ParOldGen: 8396763K(8396800K)->8396763K(8396800K)
[196.080s][info][gc,metaspace   ] GC(373) Metaspace: 6298K(6464K)->6298K(6464K) NonClass: 5765K(5824K)->5765K(5824K) Class: 533K(640K)->533K(640K)
[196.080s][info][gc             ] GC(373) Pause Full (Ergonomics) 8350M->8350M(8609M) 2622.908ms
[196.080s][info][gc,cpu         ] GC(373) User=19.53s Sys=0.03s Real=2.62s
[196.080s][info][gc,start       ] GC(374) Pause Full (Ergonomics)
[196.080s][info][gc,phases,start] GC(374) Marking Phase
[198.036s][info][gc,phases      ] GC(374) Marking Phase 1955.954ms
[198.036s][info][gc,phases,start] GC(374) Summary Phase
[198.037s][info][gc,phases      ] GC(374) Summary Phase 0.081ms
[198.037s][info][gc,phases,start] GC(374) Adjust Roots
[198.037s][info][gc,phases      ] GC(374) Adjust Roots 0.169ms
[198.037s][info][gc,phases,start] GC(374) Compaction Phase
[198.731s][info][gc,phases      ] GC(374) Compaction Phase 694.080ms
[198.731s][info][gc,phases,start] GC(374) Post Compact
[198.744s][info][gc,phases      ] GC(374) Post Compact 12.724ms
[198.744s][info][gc,heap        ] GC(374) PSYoungGen: 154624K(418816K)->154624K(410112K) Eden: 154624K(154624K)->154624K(154624K) From: 0K(264192K)->0K(255488K)
[198.744s][info][gc,heap        ] GC(374) ParOldGen: 8396768K(8396800K)->8396768K(8396800K)
[198.744s][info][gc,metaspace   ] GC(374) Metaspace: 6298K(6464K)->6298K(6464K) NonClass: 5765K(5824K)->5765K(5824K) Class: 533K(640K)->533K(640K)
[198.744s][info][gc             ] GC(374) Pause Full (Ergonomics) 8350M->8350M(8600M) 2663.352ms
[198.744s][info][gc,cpu         ] GC(374) User=19.58s Sys=0.00s Real=2.66s
[198.744s][info][gc,start       ] GC(375) Pause Full (Ergonomics)
[198.744s][info][gc,phases,start] GC(375) Marking Phase
[200.669s][info][gc,phases      ] GC(375) Marking Phase 1924.796ms
[200.669s][info][gc,phases,start] GC(375) Summary Phase
[200.669s][info][gc,phases      ] GC(375) Summary Phase 0.082ms
[200.669s][info][gc,phases,start] GC(375) Adjust Roots
[200.669s][info][gc,phases      ] GC(375) Adjust Roots 0.186ms
[200.669s][info][gc,phases,start] GC(375) Compaction Phase
[201.301s][info][gc,phases      ] GC(375) Compaction Phase 631.948ms
[201.301s][info][gc,phases,start] GC(375) Post Compact
[201.314s][info][gc,phases      ] GC(375) Post Compact 12.767ms
[201.314s][info][gc,heap        ] GC(375) PSYoungGen: 154624K(410112K)->154624K(418816K) Eden: 154624K(154624K)->154624K(154624K) From: 0K(255488K)->0K(264192K)
[201.314s][info][gc,heap        ] GC(375) ParOldGen: 8396773K(8396800K)->8396773K(8396800K)
[201.314s][info][gc,metaspace   ] GC(375) Metaspace: 6298K(6464K)->6298K(6464K) NonClass: 5765K(5824K)->5765K(5824K) Class: 533K(640K)->533K(640K)
[201.314s][info][gc             ] GC(375) Pause Full (Ergonomics) 8350M->8350M(8609M) 2570.138ms
[201.314s][info][gc,cpu         ] GC(375) User=19.39s Sys=0.00s Real=2.57s
[201.314s][info][gc,start       ] GC(376) Pause Full (Ergonomics)
[201.314s][info][gc,phases,start] GC(376) Marking Phase
[203.268s][info][gc,phases      ] GC(376) Marking Phase 1953.726ms
[203.268s][info][gc,phases,start] GC(376) Summary Phase
[203.268s][info][gc,phases      ] GC(376) Summary Phase 0.089ms
[203.268s][info][gc,phases,start] GC(376) Adjust Roots
[203.268s][info][gc,phases      ] GC(376) Adjust Roots 0.170ms
[203.268s][info][gc,phases,start] GC(376) Compaction Phase
[203.942s][info][gc,phases      ] GC(376) Compaction Phase 673.168ms
[203.942s][info][gc,phases,start] GC(376) Post Compact
[203.955s][info][gc,phases      ] GC(376) Post Compact 13.655ms
[203.955s][info][gc,heap        ] GC(376) PSYoungGen: 154624K(418816K)->154624K(410112K) Eden: 154624K(154624K)->154624K(154624K) From: 0K(264192K)->0K(255488K)
[203.955s][info][gc,heap        ] GC(376) ParOldGen: 8396777K(8396800K)->8396777K(8396800K)
[203.955s][info][gc,metaspace   ] GC(376) Metaspace: 6298K(6464K)->6298K(6464K) NonClass: 5765K(5824K)->5765K(5824K) Class: 533K(640K)->533K(640K)
[203.955s][info][gc             ] GC(376) Pause Full (Ergonomics) 8350M->8350M(8600M) 2641.161ms
[203.956s][info][gc,cpu         ] GC(376) User=19.44s Sys=0.00s Real=2.64s
[203.956s][info][gc,start       ] GC(377) Pause Full (Ergonomics)
[203.956s][info][gc,phases,start] GC(377) Marking Phase
[205.895s][info][gc,phases      ] GC(377) Marking Phase 1939.379ms
[205.895s][info][gc,phases,start] GC(377) Summary Phase
[205.895s][info][gc,phases      ] GC(377) Summary Phase 0.082ms
[205.895s][info][gc,phases,start] GC(377) Adjust Roots
[205.895s][info][gc,phases      ] GC(377) Adjust Roots 0.170ms
[205.895s][info][gc,phases,start] GC(377) Compaction Phase
[206.583s][info][gc,phases      ] GC(377) Compaction Phase 687.284ms
[206.583s][info][gc,phases,start] GC(377) Post Compact
[206.595s][info][gc,phases      ] GC(377) Post Compact 12.614ms
[206.596s][info][gc,heap        ] GC(377) PSYoungGen: 154624K(410112K)->154624K(418816K) Eden: 154624K(154624K)->154624K(154624K) From: 0K(255488K)->0K(264192K)
[206.596s][info][gc,heap        ] GC(377) ParOldGen: 8396782K(8396800K)->8396782K(8396800K)
[206.596s][info][gc,metaspace   ] GC(377) Metaspace: 6298K(6464K)->6298K(6464K) NonClass: 5765K(5824K)->5765K(5824K) Class: 533K(640K)->533K(640K)
[206.596s][info][gc             ] GC(377) Pause Full (Ergonomics) 8350M->8350M(8609M) 2639.889ms
[206.596s][info][gc,cpu         ] GC(377) User=19.42s Sys=0.00s Real=2.64s
[206.596s][info][gc,start       ] GC(378) Pause Full (Ergonomics)
[206.596s][info][gc,phases,start] GC(378) Marking Phase
[208.522s][info][gc,phases      ] GC(378) Marking Phase 1926.251ms
[208.522s][info][gc,phases,start] GC(378) Summary Phase
[208.522s][info][gc,phases      ] GC(378) Summary Phase 0.087ms
[208.522s][info][gc,phases,start] GC(378) Adjust Roots
[208.522s][info][gc,phases      ] GC(378) Adjust Roots 0.180ms
[208.522s][info][gc,phases,start] GC(378) Compaction Phase
[209.168s][info][gc,phases      ] GC(378) Compaction Phase 645.441ms
[209.168s][info][gc,phases,start] GC(378) Post Compact
[209.181s][info][gc,phases      ] GC(378) Post Compact 12.712ms
[209.181s][info][gc,heap        ] GC(378) PSYoungGen: 154624K(418816K)->154624K(410112K) Eden: 154624K(154624K)->154624K(154624K) From: 0K(264192K)->0K(255488K)
[209.181s][info][gc,heap        ] GC(378) ParOldGen: 8396787K(8396800K)->8396787K(8396800K)
[209.181s][info][gc,metaspace   ] GC(378) Metaspace: 6298K(6464K)->6298K(6464K) NonClass: 5765K(5824K)->5765K(5824K) Class: 533K(640K)->533K(640K)
[209.181s][info][gc             ] GC(378) Pause Full (Ergonomics) 8350M->8350M(8600M) 2585.025ms
[209.181s][info][gc,cpu         ] GC(378) User=19.22s Sys=0.00s Real=2.59s
[209.181s][info][gc,start       ] GC(379) Pause Full (Ergonomics)
[209.181s][info][gc,phases,start] GC(379) Marking Phase
[211.099s][info][gc,phases      ] GC(379) Marking Phase 1918.147ms
[211.099s][info][gc,phases,start] GC(379) Summary Phase
[211.099s][info][gc,phases      ] GC(379) Summary Phase 0.081ms
[211.099s][info][gc,phases,start] GC(379) Adjust Roots
[211.100s][info][gc,phases      ] GC(379) Adjust Roots 0.179ms
[211.100s][info][gc,phases,start] GC(379) Compaction Phase
[211.744s][info][gc,phases      ] GC(379) Compaction Phase 644.597ms
[211.744s][info][gc,phases,start] GC(379) Post Compact
[211.757s][info][gc,phases      ] GC(379) Post Compact 12.486ms
[211.757s][info][gc,heap        ] GC(379) PSYoungGen: 154624K(410112K)->154624K(418816K) Eden: 154624K(154624K)->154624K(154624K) From: 0K(255488K)->0K(264192K)
[211.757s][info][gc,heap        ] GC(379) ParOldGen: 8396792K(8396800K)->8396792K(8396800K)
[211.757s][info][gc,metaspace   ] GC(379) Metaspace: 6298K(6464K)->6298K(6464K) NonClass: 5765K(5824K)->5765K(5824K) Class: 533K(640K)->533K(640K)
[211.757s][info][gc             ] GC(379) Pause Full (Ergonomics) 8350M->8350M(8609M) 2575.840ms
[211.757s][info][gc,cpu         ] GC(379) User=19.27s Sys=0.02s Real=2.58s
[211.757s][info][gc,start       ] GC(380) Pause Full (Ergonomics)
[211.757s][info][gc,phases,start] GC(380) Marking Phase
[213.670s][info][gc,phases      ] GC(380) Marking Phase 1912.995ms
[213.670s][info][gc,phases,start] GC(380) Summary Phase
[213.670s][info][gc,phases      ] GC(380) Summary Phase 0.081ms
[213.670s][info][gc,phases,start] GC(380) Adjust Roots
[213.671s][info][gc,phases      ] GC(380) Adjust Roots 0.164ms
[213.671s][info][gc,phases,start] GC(380) Compaction Phase
[214.334s][info][gc,phases      ] GC(380) Compaction Phase 663.432ms
[214.334s][info][gc,phases,start] GC(380) Post Compact
[214.347s][info][gc,phases      ] GC(380) Post Compact 12.526ms
[214.347s][info][gc,heap        ] GC(380) PSYoungGen: 154624K(418816K)->154624K(410112K) Eden: 154624K(154624K)->154624K(154624K) From: 0K(264192K)->0K(255488K)
[214.347s][info][gc,heap        ] GC(380) ParOldGen: 8396797K(8396800K)->8396797K(8396800K)
[214.347s][info][gc,metaspace   ] GC(380) Metaspace: 6298K(6464K)->6298K(6464K) NonClass: 5765K(5824K)->5765K(5824K) Class: 533K(640K)->533K(640K)
[214.347s][info][gc             ] GC(380) Pause Full (Ergonomics) 8350M->8350M(8600M) 2589.534ms
[214.347s][info][gc,cpu         ] GC(380) User=19.28s Sys=0.00s Real=2.59s
[214.347s][info][gc,start       ] GC(381) Pause Full (Ergonomics)
[214.347s][info][gc,phases,start] GC(381) Marking Phase
[216.258s][info][gc,phases      ] GC(381) Marking Phase 1911.009ms
[216.258s][info][gc,phases,start] GC(381) Summary Phase
[216.258s][info][gc,phases      ] GC(381) Summary Phase 0.081ms
[216.258s][info][gc,phases,start] GC(381) Adjust Roots
[216.258s][info][gc,phases      ] GC(381) Adjust Roots 0.167ms
[216.258s][info][gc,phases,start] GC(381) Compaction Phase
[216.880s][info][gc,phases      ] GC(381) Compaction Phase 621.267ms
[216.880s][info][gc,phases,start] GC(381) Post Compact
[216.892s][info][gc,phases      ] GC(381) Post Compact 12.513ms
[216.892s][info][gc,heap        ] GC(381) PSYoungGen: 154624K(410112K)->154624K(418816K) Eden: 154624K(154624K)->154624K(154624K) From: 0K(255488K)->0K(264192K)
[216.892s][info][gc,heap        ] GC(381) ParOldGen: 8396799K(8396800K)->8396799K(8396800K)
[216.892s][info][gc,metaspace   ] GC(381) Metaspace: 6298K(6464K)->6298K(6464K) NonClass: 5765K(5824K)->5765K(5824K) Class: 533K(640K)->533K(640K)
[216.892s][info][gc             ] GC(381) Pause Full (Ergonomics) 8350M->8350M(8609M) 2545.387ms
[216.892s][info][gc,cpu         ] GC(381) User=19.16s Sys=0.00s Real=2.55s
[216.892s][info][gc,start       ] GC(382) Pause Full (Allocation Failure)
[216.892s][info][gc,phases,start] GC(382) Marking Phase
[218.841s][info][gc,phases      ] GC(382) Marking Phase 1948.421ms
[218.841s][info][gc,phases,start] GC(382) Summary Phase
[218.841s][info][gc,phases      ] GC(382) Summary Phase 0.104ms
[218.841s][info][gc,phases,start] GC(382) Adjust Roots
[218.841s][info][gc,phases      ] GC(382) Adjust Roots 0.444ms
[218.841s][info][gc,phases,start] GC(382) Compaction Phase
[220.999s][info][gc,phases      ] GC(382) Compaction Phase 2157.529ms
[220.999s][info][gc,phases,start] GC(382) Post Compact
[221.012s][info][gc,phases      ] GC(382) Post Compact 12.804ms
[221.012s][info][gc,heap        ] GC(382) PSYoungGen: 154624K(418816K)->154624K(410112K) Eden: 154624K(154624K)->154624K(154624K) From: 0K(264192K)->0K(255488K)
[221.012s][info][gc,heap        ] GC(382) ParOldGen: 8396799K(8396800K)->8396795K(8396800K)
[221.012s][info][gc,metaspace   ] GC(382) Metaspace: 6298K(6464K)->6297K(6464K) NonClass: 5765K(5824K)->5764K(5824K) Class: 533K(640K)->532K(640K)
[221.012s][info][gc             ] GC(382) Pause Full (Allocation Failure) 8350M->8350M(8600M) 4119.661ms
[221.012s][info][gc,cpu         ] GC(382) User=30.77s Sys=0.03s Real=4.12s
[221.012s][info][gc,start       ] GC(383) Pause Full (Ergonomics)
[221.013s][info][gc,phases,start] GC(383) Marking Phase
[222.957s][info][gc,phases      ] GC(383) Marking Phase 1944.054ms
[222.957s][info][gc,phases,start] GC(383) Summary Phase
[222.957s][info][gc,phases      ] GC(383) Summary Phase 0.085ms
[222.957s][info][gc,phases,start] GC(383) Adjust Roots
[222.957s][info][gc,phases      ] GC(383) Adjust Roots 0.176ms
[222.957s][info][gc,phases,start] GC(383) Compaction Phase
[223.596s][info][gc,phases      ] GC(383) Compaction Phase 638.546ms
[223.596s][info][gc,phases,start] GC(383) Post Compact
[223.608s][info][gc,phases      ] GC(383) Post Compact 12.645ms
[223.608s][info][gc,heap        ] GC(383) PSYoungGen: 154624K(410112K)->154624K(418816K) Eden: 154624K(154624K)->154624K(154624K) From: 0K(255488K)->0K(264192K)
[223.608s][info][gc,heap        ] GC(383) ParOldGen: 8396797K(8396800K)->8396797K(8396800K)
[223.608s][info][gc,metaspace   ] GC(383) Metaspace: 6297K(6464K)->6297K(6464K) NonClass: 5764K(5824K)->5764K(5824K) Class: 532K(640K)->532K(640K)
[223.608s][info][gc             ] GC(383) Pause Full (Ergonomics) 8350M->8350M(8609M) 2595.857ms
[223.608s][info][gc,cpu         ] GC(383) User=19.38s Sys=0.02s Real=2.60s
[223.609s][info][gc,start       ] GC(384) Pause Full (Ergonomics)
[223.609s][info][gc,phases,start] GC(384) Marking Phase
[225.533s][info][gc,phases      ] GC(384) Marking Phase 1923.823ms
[225.533s][info][gc,phases,start] GC(384) Summary Phase
[225.533s][info][gc,phases      ] GC(384) Summary Phase 0.095ms
[225.533s][info][gc,phases,start] GC(384) Adjust Roots
[225.533s][info][gc,phases      ] GC(384) Adjust Roots 0.238ms
[225.533s][info][gc,phases,start] GC(384) Compaction Phase
[226.188s][info][gc,phases      ] GC(384) Compaction Phase 654.966ms
[226.188s][info][gc,phases,start] GC(384) Post Compact
[226.201s][info][gc,phases      ] GC(384) Post Compact 12.901ms
[226.201s][info][gc,heap        ] GC(384) PSYoungGen: 154624K(418816K)->154624K(410112K) Eden: 154624K(154624K)->154624K(154624K) From: 0K(264192K)->0K(255488K)
[226.201s][info][gc,heap        ] GC(384) ParOldGen: 8396799K(8396800K)->8396799K(8396800K)
[226.201s][info][gc,metaspace   ] GC(384) Metaspace: 6297K(6464K)->6297K(6464K) NonClass: 5764K(5824K)->5764K(5824K) Class: 532K(640K)->532K(640K)
[226.201s][info][gc             ] GC(384) Pause Full (Ergonomics) 8350M->8350M(8600M) 2592.383ms
[226.201s][info][gc,cpu         ] GC(384) User=19.22s Sys=0.00s Real=2.59s
[226.201s][info][gc,start       ] GC(385) Pause Full (Allocation Failure)
[226.201s][info][gc,phases,start] GC(385) Marking Phase
[228.116s][info][gc,phases      ] GC(385) Marking Phase 1914.343ms
[228.116s][info][gc,phases,start] GC(385) Summary Phase
[228.116s][info][gc,phases      ] GC(385) Summary Phase 0.084ms
[228.116s][info][gc,phases,start] GC(385) Adjust Roots
[228.116s][info][gc,phases      ] GC(385) Adjust Roots 0.218ms
[228.116s][info][gc,phases,start] GC(385) Compaction Phase
[228.726s][info][gc,phases      ] GC(385) Compaction Phase 610.111ms
[228.726s][info][gc,phases,start] GC(385) Post Compact
[228.739s][info][gc,phases      ] GC(385) Post Compact 12.843ms
[228.739s][info][gc,heap        ] GC(385) PSYoungGen: 154624K(410112K)->154624K(418816K) Eden: 154624K(154624K)->154624K(154624K) From: 0K(255488K)->0K(264192K)
[228.739s][info][gc,heap        ] GC(385) ParOldGen: 8396799K(8396800K)->8396799K(8396800K)
[228.739s][info][gc,metaspace   ] GC(385) Metaspace: 6297K(6464K)->6297K(6464K) NonClass: 5764K(5824K)->5764K(5824K) Class: 532K(640K)->532K(640K)
[228.739s][info][gc             ] GC(385) Pause Full (Allocation Failure) 8350M->8350M(8609M) 2537.932ms
[228.739s][info][gc,cpu         ] GC(385) User=19.17s Sys=0.00s Real=2.54s
[228.740s][info][gc,start       ] GC(386) Pause Full (Ergonomics)
[228.740s][info][gc,phases,start] GC(386) Marking Phase
[230.638s][info][gc,phases      ] GC(386) Marking Phase 1898.490ms
[230.638s][info][gc,phases,start] GC(386) Summary Phase
[230.638s][info][gc,phases      ] GC(386) Summary Phase 0.091ms
[230.638s][info][gc,phases,start] GC(386) Adjust Roots
[230.638s][info][gc,phases      ] GC(386) Adjust Roots 0.284ms
[230.639s][info][gc,phases,start] GC(386) Compaction Phase
[232.823s][info][gc,phases      ] GC(386) Compaction Phase 2184.618ms
[232.823s][info][gc,phases,start] GC(386) Post Compact
[232.836s][info][gc,phases      ] GC(386) Post Compact 12.907ms
[232.836s][info][gc,heap        ] GC(386) PSYoungGen: 154624K(418816K)->154624K(410112K) Eden: 154624K(154624K)->154624K(154624K) From: 0K(264192K)->0K(255488K)
[232.836s][info][gc,heap        ] GC(386) ParOldGen: 8396799K(8396800K)->8396798K(8396800K)
[232.836s][info][gc,metaspace   ] GC(386) Metaspace: 6297K(6464K)->6297K(6464K) NonClass: 5764K(5824K)->5764K(5824K) Class: 532K(640K)->532K(640K)
[232.836s][info][gc             ] GC(386) Pause Full (Ergonomics) 8350M->8350M(8600M) 4096.748ms
[232.836s][info][gc,cpu         ] GC(386) User=30.47s Sys=0.03s Real=4.10s
[232.838s][info][gc,start       ] GC(387) Pause Full (Ergonomics)
[232.838s][info][gc,phases,start] GC(387) Marking Phase
[234.746s][info][gc,phases      ] GC(387) Marking Phase 1908.121ms
[234.746s][info][gc,phases,start] GC(387) Summary Phase
[234.746s][info][gc,phases      ] GC(387) Summary Phase 0.083ms
[234.746s][info][gc,phases,start] GC(387) Adjust Roots
[234.746s][info][gc,phases      ] GC(387) Adjust Roots 0.316ms
[234.746s][info][gc,phases,start] GC(387) Compaction Phase
[236.899s][info][gc,phases      ] GC(387) Compaction Phase 2152.796ms
[236.899s][info][gc,phases,start] GC(387) Post Compact
[236.912s][info][gc,phases      ] GC(387) Post Compact 12.811ms
[236.912s][info][gc,heap        ] GC(387) PSYoungGen: 154624K(410112K)->154624K(418816K) Eden: 154624K(154624K)->154624K(154624K) From: 0K(255488K)->0K(264192K)
[236.912s][info][gc,heap        ] GC(387) ParOldGen: 8396799K(8396800K)->8396797K(8396800K)
[236.912s][info][gc,metaspace   ] GC(387) Metaspace: 6298K(6464K)->6298K(6464K) NonClass: 5764K(5824K)->5764K(5824K) Class: 533K(640K)->533K(640K)
[236.912s][info][gc             ] GC(387) Pause Full (Ergonomics) 8350M->8350M(8609M) 4074.545ms
[236.912s][info][gc,cpu         ] GC(387) User=30.47s Sys=0.03s Real=4.07s
[236.912s][info][gc,start       ] GC(388) Pause Full (Ergonomics)
[236.912s][info][gc,phases,start] GC(388) Marking Phase
[238.823s][info][gc,phases      ] GC(388) Marking Phase 1910.594ms
[238.823s][info][gc,phases,start] GC(388) Summary Phase
[238.823s][info][gc,phases      ] GC(388) Summary Phase 0.093ms
[238.823s][info][gc,phases,start] GC(388) Adjust Roots
[238.823s][info][gc,phases      ] GC(388) Adjust Roots 0.291ms
[238.823s][info][gc,phases,start] GC(388) Compaction Phase
[240.973s][info][gc,phases      ] GC(388) Compaction Phase 2149.795ms
[240.973s][info][gc,phases,start] GC(388) Post Compact
[240.986s][info][gc,phases      ] GC(388) Post Compact 13.076ms
[240.987s][info][gc,heap        ] GC(388) PSYoungGen: 154624K(418816K)->154624K(410112K) Eden: 154624K(154624K)->154624K(154624K) From: 0K(264192K)->0K(255488K)
[240.987s][info][gc,heap        ] GC(388) ParOldGen: 8396797K(8396800K)->8396797K(8396800K)
[240.987s][info][gc,metaspace   ] GC(388) Metaspace: 6298K(6464K)->6298K(6464K) NonClass: 5764K(5824K)->5764K(5824K) Class: 533K(640K)->533K(640K)
[240.987s][info][gc             ] GC(388) Pause Full (Ergonomics) 8350M->8350M(8600M) 4074.240ms
[240.987s][info][gc,cpu         ] GC(388) User=30.50s Sys=0.00s Real=4.07s
[240.987s][info][gc,heap,exit   ] Heap
[240.987s][info][gc,heap,exit   ]  PSYoungGen      total 410112K, used 154624K [0x00000006ffc00000, 0x000000072a780000, 0x0000000800000000)
[240.987s][info][gc,heap,exit   ]   eden space 154624K, 100% used [0x00000006ffc00000,0x0000000709300000,0x0000000709300000)
[240.987s][info][gc,heap,exit   ]   from space 255488K, 0% used [0x0000000719500000,0x0000000719500000,0x0000000728e80000)
[240.987s][info][gc,heap,exit   ]   to   space 264192K, 0% used [0x0000000709300000,0x0000000709300000,0x0000000719500000)
[240.987s][info][gc,heap,exit   ]  ParOldGen       total 8396800K, used 8396797K [0x00000004ff400000, 0x00000006ffc00000, 0x00000006ffc00000)
[240.987s][info][gc,heap,exit   ]   object space 8396800K, 99% used [0x00000004ff400000,0x00000006ffbff648,0x00000006ffc00000)
[240.987s][info][gc,heap,exit   ]  Metaspace       used 6301K, committed 6464K, reserved 1114112K
[240.987s][info][gc,heap,exit   ]   class space    used 534K, committed 640K, reserved 1048576K
