[0.011s][info][gc,init] CardTable entry size: 512
[0.011s][info][gc     ] Using Serial
[0.011s][info][gc,init] Version: 18.0.1+10 (release)
[0.011s][info][gc,init] CPUs: 8 total, 8 available
[0.011s][info][gc,init] Memory: 16063M
[0.011s][info][gc,init] Large Page Support: Disabled
[0.011s][info][gc,init] NUMA Support: Disabled
[0.011s][info][gc,init] Compressed Oops: Enabled (Zero based)
[0.011s][info][gc,init] Heap Min Capacity: 2M
[0.012s][info][gc,init] Heap Initial Capacity: 2M
[0.012s][info][gc,init] Heap Max Capacity: 5400M
[0.012s][info][gc,init] Pre-touch: Disabled
[0.012s][info][gc,metaspace] CDS archive(s) not mapped
[0.012s][info][gc,metaspace] Compressed class space mapped at: 0x0000000800000000-0x0000000840000000, reserved size: 1073741824
[0.012s][info][gc,metaspace] Narrow klass base: 0x0000000800000000, Narrow klass shift: 0, Narrow klass range: 0x40000000
[0.157s][info][gc,start    ] GC(0) Pause Young (Allocation Failure)
[0.159s][info][gc,heap     ] GC(0) DefNew: 1023K(1152K)->127K(1152K) Eden: 1023K(1024K)->0K(1024K) From: 0K(128K)->127K(128K)
[0.159s][info][gc,heap     ] GC(0) Tenured: 0K(768K)->439K(768K)
[0.159s][info][gc,metaspace] GC(0) Metaspace: 5898K(6016K)->5898K(6016K) NonClass: 5399K(5504K)->5399K(5504K) Class: 499K(512K)->499K(512K)
[0.159s][info][gc          ] GC(0) Pause Young (Allocation Failure) 0M->0M(1M) 1.670ms
[0.159s][info][gc,cpu      ] GC(0) User=0.00s Sys=0.00s Real=0.00s
[0.176s][info][gc,start    ] GC(1) Pause Young (Allocation Failure)
[0.177s][info][gc          ] GC(1) Pause Young (Allocation Failure) 1M->0M(2M) 1.212ms
[0.177s][info][gc,cpu      ] GC(1) User=0.00s Sys=0.00s Real=0.00s
[0.177s][info][gc,start    ] GC(2) Pause Full (Allocation Failure)
[0.177s][info][gc,phases,start] GC(2) Phase 1: Mark live objects
[0.178s][info][gc,phases      ] GC(2) Phase 1: Mark live objects 0.974ms
[0.179s][info][gc,phases,start] GC(2) Phase 2: Compute new object addresses
[0.179s][info][gc,phases      ] GC(2) Phase 2: Compute new object addresses 0.238ms
[0.179s][info][gc,phases,start] GC(2) Phase 3: Adjust pointers
[0.179s][info][gc,phases      ] GC(2) Phase 3: Adjust pointers 0.458ms
[0.179s][info][gc,phases,start] GC(2) Phase 4: Move objects
[0.179s][info][gc,phases      ] GC(2) Phase 4: Move objects 0.074ms
[0.179s][info][gc,heap        ] GC(2) DefNew: 1151K(1152K)->40K(1152K) Eden: 1024K(1024K)->40K(1024K) From: 127K(128K)->0K(128K)
[0.179s][info][gc,heap        ] GC(2) Tenured: 439K(768K)->959K(1600K)
[0.179s][info][gc,metaspace   ] GC(2) Metaspace: 6295K(6464K)->6295K(6464K) NonClass: 5762K(5824K)->5762K(5824K) Class: 533K(640K)->533K(640K)
[0.179s][info][gc             ] GC(2) Pause Full (Allocation Failure) 0M->0M(2M) 2.050ms
[0.180s][info][gc,cpu         ] GC(2) User=0.00s Sys=0.00s Real=0.00s
[0.181s][info][gc,start       ] GC(3) Pause Young (Allocation Failure)
[0.182s][info][gc,heap        ] GC(3) DefNew: 1024K(1152K)->128K(1152K) Eden: 1024K(1024K)->0K(1024K) From: 0K(128K)->128K(128K)
[0.182s][info][gc,heap        ] GC(3) Tenured: 959K(1600K)->1375K(1600K)
[0.182s][info][gc,metaspace   ] GC(3) Metaspace: 6295K(6464K)->6295K(6464K) NonClass: 5762K(5824K)->5762K(5824K) Class: 533K(640K)->533K(640K)
[0.182s][info][gc             ] GC(3) Pause Young (Allocation Failure) 1M->1M(2M) 1.499ms
[0.182s][info][gc,cpu         ] GC(3) User=0.00s Sys=0.00s Real=0.00s
[0.184s][info][gc,start       ] GC(4) Pause Young (Allocation Failure)
[0.185s][info][gc             ] GC(4) Pause Young (Allocation Failure) 2M->1M(3M) 1.219ms
[0.185s][info][gc,cpu         ] GC(4) User=0.00s Sys=0.00s Real=0.00s
[0.185s][info][gc,start       ] GC(5) Pause Full (Allocation Failure)
[0.185s][info][gc,phases,start] GC(5) Phase 1: Mark live objects
[0.186s][info][gc,phases      ] GC(5) Phase 1: Mark live objects 1.319ms
[0.186s][info][gc,phases,start] GC(5) Phase 2: Compute new object addresses
[0.187s][info][gc,phases      ] GC(5) Phase 2: Compute new object addresses 0.336ms
[0.187s][info][gc,phases,start] GC(5) Phase 3: Adjust pointers
[0.187s][info][gc,phases      ] GC(5) Phase 3: Adjust pointers 0.585ms
[0.187s][info][gc,phases,start] GC(5) Phase 4: Move objects
[0.187s][info][gc,phases      ] GC(5) Phase 4: Move objects 0.088ms
[0.187s][info][gc,heap        ] GC(5) DefNew: 1152K(1152K)->35K(1536K) Eden: 1024K(1024K)->35K(1408K) From: 128K(128K)->0K(128K)
[0.188s][info][gc,heap        ] GC(5) Tenured: 1375K(1600K)->1983K(3308K)
[0.188s][info][gc,metaspace   ] GC(5) Metaspace: 6295K(6464K)->6295K(6464K) NonClass: 5762K(5824K)->5762K(5824K) Class: 533K(640K)->533K(640K)
[0.188s][info][gc             ] GC(5) Pause Full (Allocation Failure) 1M->1M(4M) 2.631ms
[0.188s][info][gc,cpu         ] GC(5) User=0.00s Sys=0.00s Real=0.00s
[0.189s][info][gc,start       ] GC(6) Pause Young (Allocation Failure)
[0.191s][info][gc,heap        ] GC(6) DefNew: 1408K(1536K)->127K(1536K) Eden: 1408K(1408K)->0K(1408K) From: 0K(128K)->127K(128K)
[0.191s][info][gc,heap        ] GC(6) Tenured: 1983K(3308K)->2617K(3308K)
[0.191s][info][gc,metaspace   ] GC(6) Metaspace: 6295K(6464K)->6295K(6464K) NonClass: 5762K(5824K)->5762K(5824K) Class: 533K(640K)->533K(640K)
[0.191s][info][gc             ] GC(6) Pause Young (Allocation Failure) 3M->2M(4M) 1.641ms
[0.191s][info][gc,cpu         ] GC(6) User=0.00s Sys=0.00s Real=0.00s
[0.193s][info][gc,start       ] GC(7) Pause Young (Allocation Failure)
[0.194s][info][gc             ] GC(7) Pause Young (Allocation Failure) 4M->3M(4M) 1.464ms
[0.194s][info][gc,cpu         ] GC(7) User=0.00s Sys=0.00s Real=0.00s
[0.194s][info][gc,start       ] GC(8) Pause Full (Allocation Failure)
[0.194s][info][gc,phases,start] GC(8) Phase 1: Mark live objects
[0.196s][info][gc,phases      ] GC(8) Phase 1: Mark live objects 1.809ms
[0.196s][info][gc,phases,start] GC(8) Phase 2: Compute new object addresses
[0.197s][info][gc,phases      ] GC(8) Phase 2: Compute new object addresses 0.504ms
[0.197s][info][gc,phases,start] GC(8) Phase 3: Adjust pointers
[0.197s][info][gc,phases      ] GC(8) Phase 3: Adjust pointers 0.732ms
[0.197s][info][gc,phases,start] GC(8) Phase 4: Move objects
[0.197s][info][gc,phases      ] GC(8) Phase 4: Move objects 0.071ms
[0.197s][info][gc,heap        ] GC(8) DefNew: 1535K(1536K)->0K(2688K) Eden: 1408K(1408K)->0K(2432K) From: 127K(128K)->0K(256K)
[0.197s][info][gc,heap        ] GC(8) Tenured: 2617K(3308K)->3460K(5768K)
[0.197s][info][gc,metaspace   ] GC(8) Metaspace: 6295K(6464K)->6295K(6464K) NonClass: 5762K(5824K)->5762K(5824K) Class: 533K(640K)->533K(640K)
[0.197s][info][gc             ] GC(8) Pause Full (Allocation Failure) 3M->3M(8M) 3.338ms
[0.197s][info][gc,cpu         ] GC(8) User=0.00s Sys=0.00s Real=0.00s
[0.201s][info][gc,start       ] GC(9) Pause Young (Allocation Failure)
[0.203s][info][gc,heap        ] GC(9) DefNew: 2431K(2688K)->256K(2688K) Eden: 2431K(2432K)->0K(2432K) From: 0K(256K)->256K(256K)
[0.203s][info][gc,heap        ] GC(9) Tenured: 3460K(5768K)->4512K(5768K)
[0.203s][info][gc,metaspace   ] GC(9) Metaspace: 6295K(6464K)->6295K(6464K) NonClass: 5762K(5824K)->5762K(5824K) Class: 533K(640K)->533K(640K)
[0.204s][info][gc             ] GC(9) Pause Young (Allocation Failure) 5M->4M(8M) 2.253ms
[0.204s][info][gc,cpu         ] GC(9) User=0.00s Sys=0.00s Real=0.00s
[0.206s][info][gc,start       ] GC(10) Pause Young (Allocation Failure)
[0.209s][info][gc,heap        ] GC(10) DefNew: 2688K(2688K)->256K(2688K) Eden: 2432K(2432K)->0K(2432K) From: 256K(256K)->256K(256K)
[0.209s][info][gc,heap        ] GC(10) Tenured: 4512K(5768K)->5755K(5768K)
[0.209s][info][gc,metaspace   ] GC(10) Metaspace: 6295K(6464K)->6295K(6464K) NonClass: 5762K(5824K)->5762K(5824K) Class: 533K(640K)->533K(640K)
[0.209s][info][gc             ] GC(10) Pause Young (Allocation Failure) 7M->5M(8M) 3.120ms
[0.209s][info][gc,cpu         ] GC(10) User=0.00s Sys=0.00s Real=0.00s
[0.212s][info][gc,start       ] GC(11) Pause Young (Allocation Failure)
[0.215s][info][gc             ] GC(11) Pause Young (Allocation Failure) 8M->7M(9M) 2.885ms
[0.215s][info][gc,cpu         ] GC(11) User=0.00s Sys=0.00s Real=0.00s
[0.215s][info][gc,start       ] GC(12) Pause Full (Allocation Failure)
[0.215s][info][gc,phases,start] GC(12) Phase 1: Mark live objects
[0.219s][info][gc,phases      ] GC(12) Phase 1: Mark live objects 3.720ms
[0.219s][info][gc,phases,start] GC(12) Phase 2: Compute new object addresses
[0.220s][info][gc,phases      ] GC(12) Phase 2: Compute new object addresses 1.138ms
[0.220s][info][gc,phases,start] GC(12) Phase 3: Adjust pointers
[0.221s][info][gc,phases      ] GC(12) Phase 3: Adjust pointers 1.607ms
[0.221s][info][gc,phases,start] GC(12) Phase 4: Move objects
[0.223s][info][gc,phases      ] GC(12) Phase 4: Move objects 1.156ms
[0.223s][info][gc,heap        ] GC(12) DefNew: 2688K(2688K)->0K(5376K) Eden: 2432K(2432K)->0K(4800K) From: 256K(256K)->0K(576K)
[0.223s][info][gc,heap        ] GC(12) Tenured: 5755K(5768K)->7132K(11888K)
[0.223s][info][gc,metaspace   ] GC(12) Metaspace: 6295K(6464K)->6295K(6464K) NonClass: 5762K(5824K)->5762K(5824K) Class: 533K(640K)->533K(640K)
[0.223s][info][gc             ] GC(12) Pause Full (Allocation Failure) 7M->6M(16M) 8.121ms
[0.223s][info][gc,cpu         ] GC(12) User=0.00s Sys=0.00s Real=0.01s
[0.228s][info][gc,start       ] GC(13) Pause Young (Allocation Failure)
[0.233s][info][gc,heap        ] GC(13) DefNew: 4800K(5376K)->575K(5376K) Eden: 4800K(4800K)->0K(4800K) From: 0K(576K)->575K(576K)
[0.233s][info][gc,heap        ] GC(13) Tenured: 7132K(11888K)->9027K(11888K)
[0.233s][info][gc,metaspace   ] GC(13) Metaspace: 6295K(6464K)->6295K(6464K) NonClass: 5762K(5824K)->5762K(5824K) Class: 533K(640K)->533K(640K)
[0.233s][info][gc             ] GC(13) Pause Young (Allocation Failure) 11M->9M(16M) 4.599ms
[0.233s][info][gc,cpu         ] GC(13) User=0.00s Sys=0.00s Real=0.00s
[0.237s][info][gc,start       ] GC(14) Pause Young (Allocation Failure)
[0.243s][info][gc,heap        ] GC(14) DefNew: 5375K(5376K)->576K(5376K) Eden: 4800K(4800K)->0K(4800K) From: 575K(576K)->576K(576K)
[0.243s][info][gc,heap        ] GC(14) Tenured: 9027K(11888K)->11746K(11888K)
[0.243s][info][gc,metaspace   ] GC(14) Metaspace: 6295K(6464K)->6295K(6464K) NonClass: 5762K(5824K)->5762K(5824K) Class: 533K(640K)->533K(640K)
[0.243s][info][gc             ] GC(14) Pause Young (Allocation Failure) 14M->12M(16M) 6.144ms
[0.243s][info][gc,cpu         ] GC(14) User=0.00s Sys=0.00s Real=0.01s
[0.247s][info][gc,start       ] GC(15) Pause Young (Allocation Failure)
[0.252s][info][gc             ] GC(15) Pause Young (Allocation Failure) 16M->14M(19M) 5.258ms
[0.252s][info][gc,cpu         ] GC(15) User=0.00s Sys=0.00s Real=0.01s
[0.252s][info][gc,start       ] GC(16) Pause Full (Allocation Failure)
[0.252s][info][gc,phases,start] GC(16) Phase 1: Mark live objects
[0.260s][info][gc,phases      ] GC(16) Phase 1: Mark live objects 7.607ms
[0.260s][info][gc,phases,start] GC(16) Phase 2: Compute new object addresses
[0.262s][info][gc,phases      ] GC(16) Phase 2: Compute new object addresses 2.256ms
[0.262s][info][gc,phases,start] GC(16) Phase 3: Adjust pointers
[0.265s][info][gc,phases      ] GC(16) Phase 3: Adjust pointers 2.862ms
[0.265s][info][gc,phases,start] GC(16) Phase 4: Move objects
[0.265s][info][gc,phases      ] GC(16) Phase 4: Move objects 0.171ms
[0.265s][info][gc,heap        ] GC(16) DefNew: 5376K(5376K)->401K(10880K) Eden: 4800K(4800K)->401K(9728K) From: 576K(576K)->0K(1152K)
[0.265s][info][gc,heap        ] GC(16) Tenured: 11746K(11888K)->14383K(23976K)
[0.265s][info][gc,metaspace   ] GC(16) Metaspace: 6297K(6464K)->6297K(6464K) NonClass: 5764K(5824K)->5764K(5824K) Class: 533K(640K)->533K(640K)
[0.265s][info][gc             ] GC(16) Pause Full (Allocation Failure) 14M->14M(34M) 13.241ms
[0.265s][info][gc,cpu         ] GC(16) User=0.02s Sys=0.00s Real=0.01s
[0.273s][info][gc,start       ] GC(17) Pause Young (Allocation Failure)
[0.285s][info][gc,heap        ] GC(17) DefNew: 9728K(10880K)->1152K(10880K) Eden: 9728K(9728K)->0K(9728K) From: 0K(1152K)->1152K(1152K)
[0.285s][info][gc,heap        ] GC(17) Tenured: 14383K(23976K)->18403K(23976K)
[0.285s][info][gc,metaspace   ] GC(17) Metaspace: 6297K(6464K)->6297K(6464K) NonClass: 5764K(5824K)->5764K(5824K) Class: 533K(640K)->533K(640K)
[0.285s][info][gc             ] GC(17) Pause Young (Allocation Failure) 23M->19M(34M) 12.031ms
[0.285s][info][gc,cpu         ] GC(17) User=0.00s Sys=0.00s Real=0.01s
[0.293s][info][gc,start       ] GC(18) Pause Young (Allocation Failure)
[0.305s][info][gc,heap        ] GC(18) DefNew: 10880K(10880K)->1151K(10880K) Eden: 9728K(9728K)->0K(9728K) From: 1152K(1152K)->1151K(1152K)
[0.305s][info][gc,heap        ] GC(18) Tenured: 18403K(23976K)->23923K(23976K)
[0.305s][info][gc,metaspace   ] GC(18) Metaspace: 6297K(6464K)->6297K(6464K) NonClass: 5764K(5824K)->5764K(5824K) Class: 533K(640K)->533K(640K)
[0.305s][info][gc             ] GC(18) Pause Young (Allocation Failure) 28M->24M(34M) 12.928ms
[0.306s][info][gc,cpu         ] GC(18) User=0.00s Sys=0.00s Real=0.01s
[0.311s][info][gc,start       ] GC(19) Pause Young (Allocation Failure)
[0.322s][info][gc             ] GC(19) Pause Young (Allocation Failure) 33M->29M(38M) 11.123ms
[0.322s][info][gc,cpu         ] GC(19) User=0.00s Sys=0.00s Real=0.01s
[0.322s][info][gc,start       ] GC(20) Pause Full (Allocation Failure)
[0.322s][info][gc,phases,start] GC(20) Phase 1: Mark live objects
[0.336s][info][gc,phases      ] GC(20) Phase 1: Mark live objects 13.760ms
[0.336s][info][gc,phases,start] GC(20) Phase 2: Compute new object addresses
[0.340s][info][gc,phases      ] GC(20) Phase 2: Compute new object addresses 4.594ms
[0.341s][info][gc,phases,start] GC(20) Phase 3: Adjust pointers
[0.346s][info][gc,phases      ] GC(20) Phase 3: Adjust pointers 5.369ms
[0.346s][info][gc,phases,start] GC(20) Phase 4: Move objects
[0.346s][info][gc,phases      ] GC(20) Phase 4: Move objects 0.238ms
[0.346s][info][gc,heap        ] GC(20) DefNew: 10879K(10880K)->1067K(21888K) Eden: 9728K(9728K)->1067K(19520K) From: 1151K(1152K)->0K(2368K)
[0.346s][info][gc,heap        ] GC(20) Tenured: 23923K(23976K)->29035K(48396K)
[0.346s][info][gc,metaspace   ] GC(20) Metaspace: 6297K(6464K)->6297K(6464K) NonClass: 5764K(5824K)->5764K(5824K) Class: 533K(640K)->533K(640K)
[0.346s][info][gc             ] GC(20) Pause Full (Allocation Failure) 29M->29M(68M) 24.408ms
[0.346s][info][gc,cpu         ] GC(20) User=0.03s Sys=0.00s Real=0.02s
[0.363s][info][gc,start       ] GC(21) Pause Young (Allocation Failure)
[0.392s][info][gc,heap        ] GC(21) DefNew: 19520K(21888K)->2368K(21888K) Eden: 19520K(19520K)->0K(19520K) From: 0K(2368K)->2368K(2368K)
[0.392s][info][gc,heap        ] GC(21) Tenured: 29035K(48396K)->39331K(48396K)
[0.392s][info][gc,metaspace   ] GC(21) Metaspace: 6297K(6464K)->6297K(6464K) NonClass: 5764K(5824K)->5764K(5824K) Class: 533K(640K)->533K(640K)
[0.392s][info][gc             ] GC(21) Pause Young (Allocation Failure) 47M->40M(68M) 29.227ms
[0.392s][info][gc,cpu         ] GC(21) User=0.02s Sys=0.00s Real=0.03s
[0.411s][info][gc,start       ] GC(22) Pause Young (Allocation Failure)
[0.446s][info][gc             ] GC(22) Pause Young (Allocation Failure) 59M->59M(78M) 35.389ms
[0.446s][info][gc,cpu         ] GC(22) User=0.02s Sys=0.00s Real=0.04s
[0.446s][info][gc,start       ] GC(23) Pause Full (Allocation Failure)
[0.446s][info][gc,phases,start] GC(23) Phase 1: Mark live objects
[0.470s][info][gc,phases      ] GC(23) Phase 1: Mark live objects 24.133ms
[0.470s][info][gc,phases,start] GC(23) Phase 2: Compute new object addresses
[0.480s][info][gc,phases      ] GC(23) Phase 2: Compute new object addresses 9.394ms
[0.480s][info][gc,phases,start] GC(23) Phase 3: Adjust pointers
[0.491s][info][gc,phases      ] GC(23) Phase 3: Adjust pointers 10.697ms
[0.491s][info][gc,phases,start] GC(23) Phase 4: Move objects
[0.491s][info][gc,phases      ] GC(23) Phase 4: Move objects 0.381ms
[0.491s][info][gc,heap        ] GC(23) DefNew: 21888K(21888K)->2233K(44288K) Eden: 19520K(19520K)->2233K(39424K) From: 2368K(2368K)->0K(4864K)
[0.491s][info][gc,heap        ] GC(23) Tenured: 39331K(48396K)->58955K(98260K)
[0.491s][info][gc,metaspace   ] GC(23) Metaspace: 6297K(6464K)->6297K(6464K) NonClass: 5764K(5824K)->5764K(5824K) Class: 533K(640K)->533K(640K)
[0.491s][info][gc             ] GC(23) Pause Full (Allocation Failure) 59M->59M(139M) 45.230ms
[0.491s][info][gc,cpu         ] GC(23) User=0.05s Sys=0.00s Real=0.05s
[0.534s][info][gc,start       ] GC(24) Pause Young (Allocation Failure)
[0.597s][info][gc,heap        ] GC(24) DefNew: 39424K(44288K)->4864K(44288K) Eden: 39424K(39424K)->0K(39424K) From: 0K(4864K)->4864K(4864K)
[0.597s][info][gc,heap        ] GC(24) Tenured: 58955K(98260K)->93488K(98260K)
[0.597s][info][gc,metaspace   ] GC(24) Metaspace: 6297K(6464K)->6297K(6464K) NonClass: 5764K(5824K)->5764K(5824K) Class: 533K(640K)->533K(640K)
[0.597s][info][gc             ] GC(24) Pause Young (Allocation Failure) 96M->96M(139M) 63.172ms
[0.597s][info][gc,cpu         ] GC(24) User=0.05s Sys=0.00s Real=0.06s
[0.629s][info][gc,start       ] GC(25) Pause Young (Allocation Failure)
[0.701s][info][gc             ] GC(25) Pause Young (Allocation Failure) 134M->134M(173M) 71.259ms
[0.701s][info][gc,cpu         ] GC(25) User=0.06s Sys=0.00s Real=0.07s
[0.701s][info][gc,start       ] GC(26) Pause Full (Allocation Failure)
[0.701s][info][gc,phases,start] GC(26) Phase 1: Mark live objects
[0.758s][info][gc,phases      ] GC(26) Phase 1: Mark live objects 57.206ms
[0.758s][info][gc,phases,start] GC(26) Phase 2: Compute new object addresses
[0.779s][info][gc,phases      ] GC(26) Phase 2: Compute new object addresses 21.490ms
[0.780s][info][gc,phases,start] GC(26) Phase 3: Adjust pointers
[0.807s][info][gc,phases      ] GC(26) Phase 3: Adjust pointers 27.762ms
[0.807s][info][gc,phases,start] GC(26) Phase 4: Move objects
[0.834s][info][gc,phases      ] GC(26) Phase 4: Move objects 26.334ms
[0.834s][info][gc,heap        ] GC(26) DefNew: 44288K(44288K)->1017K(99712K) Eden: 39424K(39424K)->1017K(88640K) From: 4864K(4864K)->0K(11072K)
[0.834s][info][gc,heap        ] GC(26) Tenured: 93488K(98260K)->132887K(221480K)
[0.834s][info][gc,metaspace   ] GC(26) Metaspace: 6297K(6464K)->6297K(6464K) NonClass: 5764K(5824K)->5764K(5824K) Class: 533K(640K)->533K(640K)
[0.834s][info][gc             ] GC(26) Pause Full (Allocation Failure) 134M->130M(313M) 133.585ms
[0.834s][info][gc,cpu         ] GC(26) User=0.14s Sys=0.00s Real=0.13s
[0.926s][info][gc,start       ] GC(27) Pause Young (Allocation Failure)
[1.079s][info][gc,heap        ] GC(27) DefNew: 88640K(99712K)->11071K(99712K) Eden: 88640K(88640K)->0K(88640K) From: 0K(11072K)->11071K(11072K)
[1.079s][info][gc,heap        ] GC(27) Tenured: 132887K(221480K)->210430K(221480K)
[1.079s][info][gc,metaspace   ] GC(27) Metaspace: 6297K(6464K)->6297K(6464K) NonClass: 5764K(5824K)->5764K(5824K) Class: 533K(640K)->533K(640K)
[1.079s][info][gc             ] GC(27) Pause Young (Allocation Failure) 216M->216M(313M) 152.863ms
[1.079s][info][gc,cpu         ] GC(27) User=0.14s Sys=0.00s Real=0.15s
[1.156s][info][gc,start       ] GC(28) Pause Young (Allocation Failure)
[1.325s][info][gc             ] GC(28) Pause Young (Allocation Failure) 302M->302M(389M) 168.832ms
[1.325s][info][gc,cpu         ] GC(28) User=0.11s Sys=0.05s Real=0.17s
[1.325s][info][gc,start       ] GC(29) Pause Full (Allocation Failure)
[1.325s][info][gc,phases,start] GC(29) Phase 1: Mark live objects
[1.458s][info][gc,phases      ] GC(29) Phase 1: Mark live objects 133.431ms
[1.458s][info][gc,phases,start] GC(29) Phase 2: Compute new object addresses
[1.506s][info][gc,phases      ] GC(29) Phase 2: Compute new object addresses 47.685ms
[1.506s][info][gc,phases,start] GC(29) Phase 3: Adjust pointers
[1.566s][info][gc,phases      ] GC(29) Phase 3: Adjust pointers 59.728ms
[1.566s][info][gc,phases,start] GC(29) Phase 4: Move objects
[1.568s][info][gc,phases      ] GC(29) Phase 4: Move objects 2.174ms
[1.569s][info][gc,heap        ] GC(29) DefNew: 99711K(99712K)->10932K(224448K) Eden: 88640K(88640K)->10932K(199552K) From: 11071K(11072K)->0K(24896K)
[1.569s][info][gc,heap        ] GC(29) Tenured: 210430K(221480K)->299179K(498636K)
[1.569s][info][gc,metaspace   ] GC(29) Metaspace: 6297K(6464K)->6297K(6464K) NonClass: 5764K(5824K)->5764K(5824K) Class: 533K(640K)->533K(640K)
[1.569s][info][gc             ] GC(29) Pause Full (Allocation Failure) 302M->302M(706M) 244.318ms
[1.569s][info][gc,cpu         ] GC(29) User=0.25s Sys=0.00s Real=0.24s
[1.780s][info][gc,start       ] GC(30) Pause Young (Allocation Failure)
[2.181s][info][gc,heap        ] GC(30) DefNew: 199552K(224448K)->24895K(224448K) Eden: 199552K(199552K)->0K(199552K) From: 0K(24896K)->24895K(24896K)
[2.181s][info][gc,heap        ] GC(30) Tenured: 299179K(498636K)->473805K(498636K)
[2.181s][info][gc,metaspace   ] GC(30) Metaspace: 6297K(6464K)->6297K(6464K) NonClass: 5764K(5824K)->5764K(5824K) Class: 533K(640K)->533K(640K)
[2.181s][info][gc             ] GC(30) Pause Young (Allocation Failure) 487M->487M(706M) 400.877ms
[2.181s][info][gc,cpu         ] GC(30) User=0.31s Sys=0.05s Real=0.40s
[2.374s][info][gc,start       ] GC(31) Pause Young (Allocation Failure)
[2.746s][info][gc             ] GC(31) Pause Young (Allocation Failure) 681M->681M(876M) 371.567ms
[2.746s][info][gc,cpu         ] GC(31) User=0.27s Sys=0.06s Real=0.37s
[2.746s][info][gc,start       ] GC(32) Pause Full (Allocation Failure)
[2.746s][info][gc,phases,start] GC(32) Phase 1: Mark live objects
[3.060s][info][gc,phases      ] GC(32) Phase 1: Mark live objects 313.889ms
[3.060s][info][gc,phases,start] GC(32) Phase 2: Compute new object addresses
[3.166s][info][gc,phases      ] GC(32) Phase 2: Compute new object addresses 106.121ms
[3.166s][info][gc,phases,start] GC(32) Phase 3: Adjust pointers
[3.282s][info][gc,phases      ] GC(32) Phase 3: Adjust pointers 115.600ms
[3.282s][info][gc,phases,start] GC(32) Phase 4: Move objects
[3.287s][info][gc,phases      ] GC(32) Phase 4: Move objects 5.021ms
[3.289s][info][gc,heap        ] GC(32) DefNew: 224447K(224448K)->24798K(505152K) Eden: 199552K(199552K)->24798K(449088K) From: 24895K(24896K)->0K(56064K)
[3.289s][info][gc,heap        ] GC(32) Tenured: 473805K(498636K)->673423K(1122376K)
[3.289s][info][gc,metaspace   ] GC(32) Metaspace: 6297K(6464K)->6297K(6464K) NonClass: 5764K(5824K)->5764K(5824K) Class: 533K(640K)->533K(640K)
[3.289s][info][gc             ] GC(32) Pause Full (Allocation Failure) 681M->681M(1589M) 543.026ms
[3.289s][info][gc,cpu         ] GC(32) User=0.53s Sys=0.00s Real=0.54s
[3.753s][info][gc,start       ] GC(33) Pause Young (Allocation Failure)
[4.514s][info][gc,heap        ] GC(33) DefNew: 449088K(505152K)->56064K(505152K) Eden: 449088K(449088K)->0K(449088K) From: 0K(56064K)->56064K(56064K)
[4.514s][info][gc,heap        ] GC(33) Tenured: 673423K(1122376K)->1066417K(1122376K)
[4.514s][info][gc,metaspace   ] GC(33) Metaspace: 6297K(6464K)->6297K(6464K) NonClass: 5764K(5824K)->5764K(5824K) Class: 533K(640K)->533K(640K)
[4.514s][info][gc             ] GC(33) Pause Young (Allocation Failure) 1096M->1096M(1589M) 760.802ms
[4.514s][info][gc,cpu         ] GC(33) User=0.67s Sys=0.09s Real=0.76s
[5.003s][info][gc,start       ] GC(34) Pause Young (Allocation Failure)
[5.704s][info][gc             ] GC(34) Pause Young (Allocation Failure) 1534M->1484M(1923M) 700.757ms
[5.704s][info][gc,cpu         ] GC(34) User=0.59s Sys=0.09s Real=0.70s
[5.704s][info][gc,start       ] GC(35) Pause Full (Allocation Failure)
[5.704s][info][gc,phases,start] GC(35) Phase 1: Mark live objects
[6.362s][info][gc,phases      ] GC(35) Phase 1: Mark live objects 658.534ms
[6.363s][info][gc,phases,start] GC(35) Phase 2: Compute new object addresses
[6.591s][info][gc,phases      ] GC(35) Phase 2: Compute new object addresses 228.902ms
[6.592s][info][gc,phases,start] GC(35) Phase 3: Adjust pointers
[6.865s][info][gc,phases      ] GC(35) Phase 3: Adjust pointers 273.277ms
[6.865s][info][gc,phases,start] GC(35) Phase 4: Move objects
[6.876s][info][gc,phases      ] GC(35) Phase 4: Move objects 11.097ms
[6.880s][info][gc,heap        ] GC(35) DefNew: 505152K(505152K)->55883K(1098496K) Eden: 449088K(449088K)->55883K(976448K) From: 56064K(56064K)->0K(122048K)
[6.880s][info][gc,heap        ] GC(35) Tenured: 1066417K(1122376K)->1464587K(2440980K)
[6.880s][info][gc,metaspace   ] GC(35) Metaspace: 6297K(6464K)->6297K(6464K) NonClass: 5764K(5824K)->5764K(5824K) Class: 533K(640K)->533K(640K)
[6.880s][info][gc             ] GC(35) Pause Full (Allocation Failure) 1484M->1484M(3456M) 1176.136ms
[6.880s][info][gc,cpu         ] GC(35) User=1.19s Sys=0.00s Real=1.18s
[7.863s][info][gc,start       ] GC(36) Pause Young (Allocation Failure)
[9.581s][info][gc,heap        ] GC(36) DefNew: 976448K(1098496K)->122048K(1098496K) Eden: 976448K(976448K)->0K(976448K) From: 0K(122048K)->122048K(122048K)
[9.581s][info][gc,heap        ] GC(36) Tenured: 1464587K(2440980K)->2318958K(2440980K)
[9.581s][info][gc,metaspace   ] GC(36) Metaspace: 6297K(6464K)->6297K(6464K) NonClass: 5764K(5824K)->5764K(5824K) Class: 533K(640K)->533K(640K)
[9.581s][info][gc             ] GC(36) Pause Young (Allocation Failure) 2383M->2383M(3456M) 1717.741ms
[9.581s][info][gc,cpu         ] GC(36) User=1.45s Sys=0.27s Real=1.72s
[10.560s][info][gc,start       ] GC(37) Pause Young (Allocation Failure)
[12.291s][info][gc             ] GC(37) Pause Young (Allocation Failure) 3337M->3337M(4291M) 1731.505ms
[12.291s][info][gc,cpu         ] GC(37) User=1.42s Sys=0.25s Real=1.73s
[12.291s][info][gc,start       ] GC(38) Pause Full (Allocation Failure)
[12.291s][info][gc,phases,start] GC(38) Phase 1: Mark live objects
[13.778s][info][gc,phases      ] GC(38) Phase 1: Mark live objects 1486.661ms
[13.778s][info][gc,phases,start] GC(38) Phase 2: Compute new object addresses
[14.261s][info][gc,phases      ] GC(38) Phase 2: Compute new object addresses 482.865ms
[14.261s][info][gc,phases,start] GC(38) Phase 3: Adjust pointers
[14.916s][info][gc,phases      ] GC(38) Phase 3: Adjust pointers 654.910ms
[14.916s][info][gc,phases,start] GC(38) Phase 4: Move objects
[15.522s][info][gc,phases      ] GC(38) Phase 4: Move objects 606.035ms
[15.525s][info][gc,heap        ] GC(38) DefNew: 1098496K(1098496K)->27701K(1658880K) Eden: 976448K(976448K)->27701K(1474560K) From: 122048K(122048K)->0K(184320K)
[15.525s][info][gc,heap        ] GC(38) Tenured: 2318958K(2440980K)->3295511K(3686400K)
[15.525s][info][gc,metaspace   ] GC(38) Metaspace: 6297K(6464K)->6297K(6464K) NonClass: 5764K(5824K)->5764K(5824K) Class: 533K(640K)->533K(640K)
[15.525s][info][gc             ] GC(38) Pause Full (Allocation Failure) 3337M->3245M(5220M) 3234.058ms
[15.525s][info][gc,cpu         ] GC(38) User=3.17s Sys=0.00s Real=3.23s
[16.882s][info][gc,start       ] GC(39) Pause Young (Allocation Failure)
[16.882s][info][gc             ] GC(39) Pause Young (Allocation Failure) 4658M->4658M(5220M) 0.121ms
[16.882s][info][gc,cpu         ] GC(39) User=0.00s Sys=0.00s Real=0.00s
[16.882s][info][gc,start       ] GC(40) Pause Full (Allocation Failure)
[16.882s][info][gc,phases,start] GC(40) Phase 1: Mark live objects
[19.041s][info][gc,phases      ] GC(40) Phase 1: Mark live objects 2159.541ms
[19.041s][info][gc,phases,start] GC(40) Phase 2: Compute new object addresses
[19.700s][info][gc,phases      ] GC(40) Phase 2: Compute new object addresses 658.603ms
[19.700s][info][gc,phases,start] GC(40) Phase 3: Adjust pointers
[20.677s][info][gc,phases      ] GC(40) Phase 3: Adjust pointers 977.002ms
[20.677s][info][gc,phases,start] GC(40) Phase 4: Move objects
[21.031s][info][gc,phases      ] GC(40) Phase 4: Move objects 354.080ms
[21.032s][info][gc,heap        ] GC(40) DefNew: 1474560K(1658880K)->1083642K(1658880K) Eden: 1474560K(1474560K)->1083642K(1474560K) From: 0K(184320K)->0K(184320K)
[21.032s][info][gc,heap        ] GC(40) Tenured: 3295511K(3686400K)->3686399K(3686400K)
[21.032s][info][gc,metaspace   ] GC(40) Metaspace: 6297K(6464K)->6297K(6464K) NonClass: 5764K(5824K)->5764K(5824K) Class: 533K(640K)->533K(640K)
[21.032s][info][gc             ] GC(40) Pause Full (Allocation Failure) 4658M->4658M(5220M) 4150.502ms
[21.032s][info][gc,cpu         ] GC(40) User=4.03s Sys=0.09s Real=4.15s
[21.948s][info][gc,start       ] GC(41) Pause Full (Allocation Failure)
[21.948s][info][gc,phases,start] GC(41) Phase 1: Mark live objects
[24.356s][info][gc,phases      ] GC(41) Phase 1: Mark live objects 2407.182ms
[24.356s][info][gc,phases,start] GC(41) Phase 2: Compute new object addresses
[25.086s][info][gc,phases      ] GC(41) Phase 2: Compute new object addresses 730.124ms
[25.086s][info][gc,phases,start] GC(41) Phase 3: Adjust pointers
[26.131s][info][gc,phases      ] GC(41) Phase 3: Adjust pointers 1045.547ms
[26.132s][info][gc,phases,start] GC(41) Phase 4: Move objects
[26.215s][info][gc,phases      ] GC(41) Phase 4: Move objects 83.662ms
[26.216s][info][gc,heap        ] GC(41) DefNew: 1658879K(1658880K)->1658871K(1658880K) Eden: 1474560K(1474560K)->1474560K(1474560K) From: 184319K(184320K)->184311K(184320K)
[26.216s][info][gc,heap        ] GC(41) Tenured: 3686399K(3686400K)->3686399K(3686400K)
[26.216s][info][gc,metaspace   ] GC(41) Metaspace: 6297K(6464K)->6297K(6464K) NonClass: 5764K(5824K)->5764K(5824K) Class: 533K(640K)->533K(640K)
[26.216s][info][gc             ] GC(41) Pause Full (Allocation Failure) 5219M->5219M(5220M) 4268.023ms
[26.216s][info][gc,cpu         ] GC(41) User=4.25s Sys=0.00s Real=4.27s
[26.217s][info][gc,start       ] GC(42) Pause Full (Allocation Failure)
[26.217s][info][gc,phases,start] GC(42) Phase 1: Mark live objects
[28.622s][info][gc,phases      ] GC(42) Phase 1: Mark live objects 2405.130ms
[28.622s][info][gc,phases,start] GC(42) Phase 2: Compute new object addresses
[29.349s][info][gc,phases      ] GC(42) Phase 2: Compute new object addresses 726.721ms
[29.349s][info][gc,phases,start] GC(42) Phase 3: Adjust pointers
[30.358s][info][gc,phases      ] GC(42) Phase 3: Adjust pointers 1009.436ms
[30.358s][info][gc,phases,start] GC(42) Phase 4: Move objects
[30.358s][info][gc,phases      ] GC(42) Phase 4: Move objects 0.017ms
[30.359s][info][gc,heap        ] GC(42) DefNew: 1658879K(1658880K)->1658879K(1658880K) Eden: 1474560K(1474560K)->1474560K(1474560K) From: 184319K(184320K)->184319K(184320K)
[30.359s][info][gc,heap        ] GC(42) Tenured: 3686399K(3686400K)->3686399K(3686400K)
[30.359s][info][gc,metaspace   ] GC(42) Metaspace: 6297K(6464K)->6297K(6464K) NonClass: 5764K(5824K)->5764K(5824K) Class: 533K(640K)->533K(640K)
[30.359s][info][gc             ] GC(42) Pause Full (Allocation Failure) 5219M->5219M(5220M) 4142.345ms
[30.359s][info][gc,cpu         ] GC(42) User=4.14s Sys=0.00s Real=4.14s
[30.359s][info][gc,start       ] GC(43) Pause Full (Allocation Failure)
[30.359s][info][gc,phases,start] GC(43) Phase 1: Mark live objects
[32.771s][info][gc,phases      ] GC(43) Phase 1: Mark live objects 2411.782ms
[32.771s][info][gc,phases,start] GC(43) Phase 2: Compute new object addresses
[33.506s][info][gc,phases      ] GC(43) Phase 2: Compute new object addresses 734.794ms
[33.506s][info][gc,phases,start] GC(43) Phase 3: Adjust pointers
[34.726s][info][gc,phases      ] GC(43) Phase 3: Adjust pointers 1220.386ms
[34.726s][info][gc,phases,start] GC(43) Phase 4: Move objects
[35.588s][info][gc,phases      ] GC(43) Phase 4: Move objects 861.832ms
[35.589s][info][gc,heap        ] GC(43) DefNew: 1658879K(1658880K)->1658875K(1658880K) Eden: 1474560K(1474560K)->1474560K(1474560K) From: 184319K(184320K)->184315K(184320K)
[35.589s][info][gc,heap        ] GC(43) Tenured: 3686399K(3686400K)->3686399K(3686400K)
[35.589s][info][gc,metaspace   ] GC(43) Metaspace: 6297K(6464K)->6295K(6464K) NonClass: 5764K(5824K)->5763K(5824K) Class: 533K(640K)->532K(640K)
[35.589s][info][gc             ] GC(43) Pause Full (Allocation Failure) 5219M->5219M(5220M) 5230.345ms
[35.589s][info][gc,cpu         ] GC(43) User=5.19s Sys=0.00s Real=5.23s
[35.590s][info][gc,start       ] GC(44) Pause Full (Allocation Failure)
[35.590s][info][gc,phases,start] GC(44) Phase 1: Mark live objects
[38.005s][info][gc,phases      ] GC(44) Phase 1: Mark live objects 2415.599ms
[38.005s][info][gc,phases,start] GC(44) Phase 2: Compute new object addresses
[38.734s][info][gc,phases      ] GC(44) Phase 2: Compute new object addresses 728.132ms
[38.734s][info][gc,phases,start] GC(44) Phase 3: Adjust pointers
[39.736s][info][gc,phases      ] GC(44) Phase 3: Adjust pointers 1002.428ms
[39.736s][info][gc,phases,start] GC(44) Phase 4: Move objects
[39.736s][info][gc,phases      ] GC(44) Phase 4: Move objects 0.023ms
[39.737s][info][gc,heap        ] GC(44) DefNew: 1658879K(1658880K)->1658879K(1658880K) Eden: 1474560K(1474560K)->1474560K(1474560K) From: 184319K(184320K)->184319K(184320K)
[39.737s][info][gc,heap        ] GC(44) Tenured: 3686399K(3686400K)->3686399K(3686400K)
[39.737s][info][gc,metaspace   ] GC(44) Metaspace: 6295K(6464K)->6295K(6464K) NonClass: 5763K(5824K)->5763K(5824K) Class: 532K(640K)->532K(640K)
[39.737s][info][gc             ] GC(44) Pause Full (Allocation Failure) 5219M->5219M(5220M) 4147.289ms
[39.737s][info][gc,cpu         ] GC(44) User=4.12s Sys=0.00s Real=4.15s
[39.737s][info][gc,start       ] GC(45) Pause Full (Allocation Failure)
[39.737s][info][gc,phases,start] GC(45) Phase 1: Mark live objects
[42.158s][info][gc,phases      ] GC(45) Phase 1: Mark live objects 2420.438ms
[42.158s][info][gc,phases,start] GC(45) Phase 2: Compute new object addresses
[42.895s][info][gc,phases      ] GC(45) Phase 2: Compute new object addresses 737.374ms
[42.895s][info][gc,phases,start] GC(45) Phase 3: Adjust pointers
[43.897s][info][gc,phases      ] GC(45) Phase 3: Adjust pointers 1001.926ms
[43.897s][info][gc,phases,start] GC(45) Phase 4: Move objects
[43.897s][info][gc,phases      ] GC(45) Phase 4: Move objects 0.017ms
[43.898s][info][gc,heap        ] GC(45) DefNew: 1658879K(1658880K)->1658879K(1658880K) Eden: 1474560K(1474560K)->1474560K(1474560K) From: 184319K(184320K)->184319K(184320K)
[43.898s][info][gc,heap        ] GC(45) Tenured: 3686399K(3686400K)->3686399K(3686400K)
[43.898s][info][gc,metaspace   ] GC(45) Metaspace: 6295K(6464K)->6295K(6464K) NonClass: 5763K(5824K)->5763K(5824K) Class: 532K(640K)->532K(640K)
[43.898s][info][gc             ] GC(45) Pause Full (Allocation Failure) 5219M->5219M(5220M) 4160.777ms
[43.898s][info][gc,cpu         ] GC(45) User=4.16s Sys=0.00s Real=4.16s
[43.899s][info][gc,start       ] GC(46) Pause Full (Allocation Failure)
[43.899s][info][gc,phases,start] GC(46) Phase 1: Mark live objects
[46.311s][info][gc,phases      ] GC(46) Phase 1: Mark live objects 2411.827ms
[46.311s][info][gc,phases,start] GC(46) Phase 2: Compute new object addresses
[47.038s][info][gc,phases      ] GC(46) Phase 2: Compute new object addresses 727.623ms
[47.038s][info][gc,phases,start] GC(46) Phase 3: Adjust pointers
[48.041s][info][gc,phases      ] GC(46) Phase 3: Adjust pointers 1002.604ms
[48.041s][info][gc,phases,start] GC(46) Phase 4: Move objects
[48.041s][info][gc,phases      ] GC(46) Phase 4: Move objects 0.016ms
[48.042s][info][gc,heap        ] GC(46) DefNew: 1658880K(1658880K)->1658880K(1658880K) Eden: 1474560K(1474560K)->1474560K(1474560K) From: 184320K(184320K)->184320K(184320K)
[48.042s][info][gc,heap        ] GC(46) Tenured: 3686400K(3686400K)->3686400K(3686400K)
[48.042s][info][gc,metaspace   ] GC(46) Metaspace: 6295K(6464K)->6295K(6464K) NonClass: 5763K(5824K)->5763K(5824K) Class: 532K(640K)->532K(640K)
[48.042s][info][gc             ] GC(46) Pause Full (Allocation Failure) 5220M->5220M(5220M) 4143.086ms
[48.042s][info][gc,cpu         ] GC(46) User=4.12s Sys=0.02s Real=4.14s
[48.042s][info][gc,start       ] GC(47) Pause Full (Allocation Failure)
[48.042s][info][gc,phases,start] GC(47) Phase 1: Mark live objects
[50.453s][info][gc,phases      ] GC(47) Phase 1: Mark live objects 2410.675ms
[50.453s][info][gc,phases,start] GC(47) Phase 2: Compute new object addresses
[51.183s][info][gc,phases      ] GC(47) Phase 2: Compute new object addresses 730.560ms
[51.183s][info][gc,phases,start] GC(47) Phase 3: Adjust pointers
[52.401s][info][gc,phases      ] GC(47) Phase 3: Adjust pointers 1218.103ms
[52.401s][info][gc,phases,start] GC(47) Phase 4: Move objects
[53.260s][info][gc,phases      ] GC(47) Phase 4: Move objects 858.606ms
[53.261s][info][gc,heap        ] GC(47) DefNew: 1658880K(1658880K)->1658878K(1658880K) Eden: 1474560K(1474560K)->1474560K(1474560K) From: 184320K(184320K)->184318K(184320K)
[53.261s][info][gc,heap        ] GC(47) Tenured: 3686400K(3686400K)->3686399K(3686400K)
[53.261s][info][gc,metaspace   ] GC(47) Metaspace: 6295K(6464K)->6295K(6464K) NonClass: 5763K(5824K)->5763K(5824K) Class: 532K(640K)->532K(640K)
[53.261s][info][gc             ] GC(47) Pause Full (Allocation Failure) 5220M->5219M(5220M) 5219.518ms
[53.261s][info][gc,cpu         ] GC(47) User=5.22s Sys=0.00s Real=5.22s
[53.263s][info][gc,start       ] GC(48) Pause Full (Allocation Failure)
[53.263s][info][gc,phases,start] GC(48) Phase 1: Mark live objects
[55.667s][info][gc,phases      ] GC(48) Phase 1: Mark live objects 2404.041ms
[55.667s][info][gc,phases,start] GC(48) Phase 2: Compute new object addresses
[56.393s][info][gc,phases      ] GC(48) Phase 2: Compute new object addresses 726.535ms
[56.393s][info][gc,phases,start] GC(48) Phase 3: Adjust pointers
[57.401s][info][gc,phases      ] GC(48) Phase 3: Adjust pointers 1008.090ms
[57.402s][info][gc,phases,start] GC(48) Phase 4: Move objects
[57.402s][info][gc,phases      ] GC(48) Phase 4: Move objects 0.017ms
[57.402s][info][gc,heap        ] GC(48) DefNew: 1658879K(1658880K)->1658879K(1658880K) Eden: 1474560K(1474560K)->1474560K(1474560K) From: 184319K(184320K)->184319K(184320K)
[57.402s][info][gc,heap        ] GC(48) Tenured: 3686399K(3686400K)->3686399K(3686400K)
[57.402s][info][gc,metaspace   ] GC(48) Metaspace: 6297K(6464K)->6297K(6464K) NonClass: 5763K(5824K)->5763K(5824K) Class: 533K(640K)->533K(640K)
[57.402s][info][gc             ] GC(48) Pause Full (Allocation Failure) 5219M->5219M(5220M) 4139.785ms
[57.402s][info][gc,cpu         ] GC(48) User=4.14s Sys=0.00s Real=4.14s
[57.403s][info][gc,heap,exit   ] Heap
[57.403s][info][gc,heap,exit   ]  def new generation   total 1658880K, used 1658879K [0x00000006ae800000, 0x000000071f000000, 0x000000071f000000)
[57.403s][info][gc,heap,exit   ]   eden space 1474560K, 100% used [0x00000006ae800000, 0x0000000708800000, 0x0000000708800000)
[57.403s][info][gc,heap,exit   ]   from space 184320K,  99% used [0x0000000708800000, 0x0000000713bfff70, 0x0000000713c00000)
[57.403s][info][gc,heap,exit   ]   to   space 184320K,   0% used [0x0000000713c00000, 0x0000000713c00000, 0x000000071f000000)
[57.403s][info][gc,heap,exit   ]  tenured generation   total 3686400K, used 3686399K [0x000000071f000000, 0x0000000800000000, 0x0000000800000000)
[57.403s][info][gc,heap,exit   ]    the space 3686400K,  99% used [0x000000071f000000, 0x00000007ffffffd0, 0x0000000800000000, 0x0000000800000000)
[57.403s][info][gc,heap,exit   ]  Metaspace       used 6300K, committed 6464K, reserved 1114112K
[57.403s][info][gc,heap,exit   ]   class space    used 534K, committed 640K, reserved 1048576K
