[0.013s][info][gc,init] CardTable entry size: 512
[0.014s][info][gc     ] Using Parallel
[0.015s][info][gc,init] Version: 18.0.1+10 (release)
[0.015s][info][gc,init] CPUs: 8 total, 8 available
[0.015s][info][gc,init] Memory: 16063M
[0.015s][info][gc,init] Large Page Support: Disabled
[0.015s][info][gc,init] NUMA Support: Disabled
[0.015s][info][gc,init] Compressed Oops: Enabled (Zero based)
[0.015s][info][gc,init] Alignments: Space 512K, Generation 512K, Heap 2M
[0.015s][info][gc,init] Heap Min Capacity: 2M
[0.015s][info][gc,init] Heap Initial Capacity: 2M
[0.015s][info][gc,init] Heap Max Capacity: 9800M
[0.015s][info][gc,init] Pre-touch: Disabled
[0.015s][info][gc,init] Parallel Workers: 8
[0.015s][info][gc,metaspace] CDS archive(s) not mapped
[0.015s][info][gc,metaspace] Compressed class space mapped at: 0x0000000800000000-0x0000000840000000, reserved size: 1073741824
[0.016s][info][gc,metaspace] Narrow klass base: 0x0000000800000000, Narrow klass shift: 0, Narrow klass range: 0x40000000
[0.121s][info][gc,start    ] GC(0) Pause Young (Allocation Failure)
[0.122s][info][gc,heap     ] GC(0) PSYoungGen: 512K(1024K)->480K(1024K) Eden: 512K(512K)->0K(512K) From: 0K(512K)->480K(512K)
[0.122s][info][gc,heap     ] GC(0) ParOldGen: 0K(512K)->8K(512K)
[0.122s][info][gc,metaspace] GC(0) Metaspace: 4229K(4352K)->4229K(4352K) NonClass: 3908K(3968K)->3908K(3968K) Class: 321K(384K)->321K(384K)
[0.122s][info][gc          ] GC(0) Pause Young (Allocation Failure) 0M->0M(1M) 1.555ms
[0.122s][info][gc,cpu      ] GC(0) User=0.00s Sys=0.00s Real=0.00s
[0.188s][info][gc,start    ] GC(1) Pause Young (Allocation Failure)
[0.189s][info][gc,heap     ] GC(1) PSYoungGen: 991K(1024K)->512K(1536K) Eden: 511K(512K)->0K(1024K) From: 480K(512K)->512K(512K)
[0.189s][info][gc,heap     ] GC(1) ParOldGen: 8K(512K)->88K(512K)
[0.189s][info][gc,metaspace] GC(1) Metaspace: 5881K(6016K)->5881K(6016K) NonClass: 5384K(5504K)->5384K(5504K) Class: 496K(512K)->496K(512K)
[0.189s][info][gc          ] GC(1) Pause Young (Allocation Failure) 0M->0M(2M) 0.967ms
[0.189s][info][gc,cpu      ] GC(1) User=0.00s Sys=0.02s Real=0.00s
[0.212s][info][gc,start    ] GC(2) Pause Young (Allocation Failure)
[0.213s][info][gc,heap     ] GC(2) PSYoungGen: 1536K(1536K)->512K(1536K) Eden: 1024K(1024K)->0K(1024K) From: 512K(512K)->512K(512K)
[0.213s][info][gc,heap     ] GC(2) ParOldGen: 88K(512K)->500K(512K)
[0.213s][info][gc,metaspace] GC(2) Metaspace: 6300K(6464K)->6300K(6464K) NonClass: 5767K(5824K)->5767K(5824K) Class: 533K(640K)->533K(640K)
[0.213s][info][gc          ] GC(2) Pause Young (Allocation Failure) 1M->0M(2M) 1.260ms
[0.213s][info][gc,cpu      ] GC(2) User=0.00s Sys=0.00s Real=0.00s
[0.213s][info][gc,start    ] GC(3) Pause Full (Ergonomics)
[0.213s][info][gc,phases,start] GC(3) Marking Phase
[0.214s][info][gc,phases      ] GC(3) Marking Phase 1.313ms
[0.214s][info][gc,phases,start] GC(3) Summary Phase
[0.214s][info][gc,phases      ] GC(3) Summary Phase 0.015ms
[0.214s][info][gc,phases,start] GC(3) Adjust Roots
[0.215s][info][gc,phases      ] GC(3) Adjust Roots 0.459ms
[0.215s][info][gc,phases,start] GC(3) Compaction Phase
[0.217s][info][gc,phases      ] GC(3) Compaction Phase 1.642ms
[0.217s][info][gc,phases,start] GC(3) Post Compact
[0.217s][info][gc,phases      ] GC(3) Post Compact 0.072ms
[0.217s][info][gc,heap        ] GC(3) PSYoungGen: 512K(1536K)->511K(1536K) Eden: 0K(1024K)->0K(1024K) From: 512K(512K)->511K(512K)
[0.217s][info][gc,heap        ] GC(3) ParOldGen: 500K(512K)->469K(2048K)
[0.217s][info][gc,metaspace   ] GC(3) Metaspace: 6300K(6464K)->6300K(6464K) NonClass: 5767K(5824K)->5767K(5824K) Class: 533K(640K)->533K(640K)
[0.217s][info][gc             ] GC(3) Pause Full (Ergonomics) 0M->0M(3M) 3.759ms
[0.217s][info][gc,cpu         ] GC(3) User=0.00s Sys=0.00s Real=0.00s
[0.218s][info][gc,start       ] GC(4) Pause Young (Allocation Failure)
[0.219s][info][gc,heap        ] GC(4) PSYoungGen: 1535K(1536K)->480K(2560K) Eden: 1024K(1024K)->0K(2048K) From: 511K(512K)->480K(512K)
[0.220s][info][gc,heap        ] GC(4) ParOldGen: 469K(2048K)->1037K(2048K)
[0.220s][info][gc,metaspace   ] GC(4) Metaspace: 6300K(6464K)->6300K(6464K) NonClass: 5767K(5824K)->5767K(5824K) Class: 533K(640K)->533K(640K)
[0.220s][info][gc             ] GC(4) Pause Young (Allocation Failure) 1M->1M(4M) 1.485ms
[0.220s][info][gc,cpu         ] GC(4) User=0.00s Sys=0.00s Real=0.00s
[0.223s][info][gc,start       ] GC(5) Pause Young (Allocation Failure)
[0.225s][info][gc,heap        ] GC(5) PSYoungGen: 2528K(2560K)->480K(2560K) Eden: 2048K(2048K)->0K(2048K) From: 480K(512K)->480K(512K)
[0.225s][info][gc,heap        ] GC(5) ParOldGen: 1037K(2048K)->2109K(2560K)
[0.225s][info][gc,metaspace   ] GC(5) Metaspace: 6300K(6464K)->6300K(6464K) NonClass: 5767K(5824K)->5767K(5824K) Class: 533K(640K)->533K(640K)
[0.225s][info][gc             ] GC(5) Pause Young (Allocation Failure) 3M->2M(5M) 1.989ms
[0.225s][info][gc,cpu         ] GC(5) User=0.00s Sys=0.00s Real=0.00s
[0.225s][info][gc,start       ] GC(6) Pause Full (Ergonomics)
[0.225s][info][gc,phases,start] GC(6) Marking Phase
[0.227s][info][gc,phases      ] GC(6) Marking Phase 1.853ms
[0.227s][info][gc,phases,start] GC(6) Summary Phase
[0.227s][info][gc,phases      ] GC(6) Summary Phase 0.019ms
[0.227s][info][gc,phases,start] GC(6) Adjust Roots
[0.228s][info][gc,phases      ] GC(6) Adjust Roots 0.473ms
[0.228s][info][gc,phases,start] GC(6) Compaction Phase
[0.231s][info][gc,phases      ] GC(6) Compaction Phase 3.377ms
[0.231s][info][gc,phases,start] GC(6) Post Compact
[0.231s][info][gc,phases      ] GC(6) Post Compact 0.035ms
[0.232s][info][gc,heap        ] GC(6) PSYoungGen: 480K(2560K)->0K(4096K) Eden: 0K(2048K)->0K(3072K) From: 480K(512K)->0K(1024K)
[0.232s][info][gc,heap        ] GC(6) ParOldGen: 2109K(2560K)->2542K(6144K)
[0.232s][info][gc,metaspace   ] GC(6) Metaspace: 6300K(6464K)->6300K(6464K) NonClass: 5767K(5824K)->5767K(5824K) Class: 533K(640K)->533K(640K)
[0.232s][info][gc             ] GC(6) Pause Full (Ergonomics) 2M->2M(10M) 6.143ms
[0.232s][info][gc,cpu         ] GC(6) User=0.00s Sys=0.00s Real=0.01s
[0.238s][info][gc,start       ] GC(7) Pause Young (Allocation Failure)
[0.240s][info][gc,heap        ] GC(7) PSYoungGen: 3072K(4096K)->1664K(5120K) Eden: 3072K(3072K)->0K(3072K) From: 0K(1024K)->1664K(2048K)
[0.240s][info][gc,heap        ] GC(7) ParOldGen: 2542K(6144K)->2542K(6144K)
[0.240s][info][gc,metaspace   ] GC(7) Metaspace: 6300K(6464K)->6300K(6464K) NonClass: 5767K(5824K)->5767K(5824K) Class: 533K(640K)->533K(640K)
[0.240s][info][gc             ] GC(7) Pause Young (Allocation Failure) 5M->4M(11M) 2.123ms
[0.240s][info][gc,cpu         ] GC(7) User=0.00s Sys=0.00s Real=0.00s
[0.245s][info][gc,start       ] GC(8) Pause Young (Allocation Failure)
[0.248s][info][gc,heap        ] GC(8) PSYoungGen: 4736K(5120K)->2016K(5632K) Eden: 3072K(3072K)->0K(3584K) From: 1664K(2048K)->2016K(2048K)
[0.248s][info][gc,heap        ] GC(8) ParOldGen: 2542K(6144K)->3766K(6144K)
[0.248s][info][gc,metaspace   ] GC(8) Metaspace: 6300K(6464K)->6300K(6464K) NonClass: 5767K(5824K)->5767K(5824K) Class: 533K(640K)->533K(640K)
[0.248s][info][gc             ] GC(8) Pause Young (Allocation Failure) 7M->5M(11M) 3.168ms
[0.248s][info][gc,cpu         ] GC(8) User=0.00s Sys=0.00s Real=0.00s
[0.255s][info][gc,start       ] GC(9) Pause Young (Allocation Failure)
[0.259s][info][gc,heap        ] GC(9) PSYoungGen: 5600K(5632K)->3040K(6656K) Eden: 3584K(3584K)->0K(3584K) From: 2016K(2048K)->3040K(3072K)
[0.259s][info][gc,heap        ] GC(9) ParOldGen: 3766K(6144K)->4606K(6144K)
[0.259s][info][gc,metaspace   ] GC(9) Metaspace: 6300K(6464K)->6300K(6464K) NonClass: 5767K(5824K)->5767K(5824K) Class: 533K(640K)->533K(640K)
[0.259s][info][gc             ] GC(9) Pause Young (Allocation Failure) 9M->7M(12M) 3.815ms
[0.259s][info][gc,cpu         ] GC(9) User=0.00s Sys=0.00s Real=0.00s
[0.264s][info][gc,start       ] GC(10) Pause Young (Allocation Failure)
[0.269s][info][gc,heap        ] GC(10) PSYoungGen: 6624K(6656K)->4064K(8704K) Eden: 3584K(3584K)->0K(4608K) From: 3040K(3072K)->4064K(4096K)
[0.269s][info][gc,heap        ] GC(10) ParOldGen: 4606K(6144K)->5446K(6144K)
[0.269s][info][gc,metaspace   ] GC(10) Metaspace: 6300K(6464K)->6300K(6464K) NonClass: 5767K(5824K)->5767K(5824K) Class: 533K(640K)->533K(640K)
[0.269s][info][gc             ] GC(10) Pause Young (Allocation Failure) 10M->9M(14M) 5.112ms
[0.269s][info][gc,cpu         ] GC(10) User=0.00s Sys=0.00s Real=0.01s
[0.269s][info][gc,start       ] GC(11) Pause Full (Ergonomics)
[0.269s][info][gc,phases,start] GC(11) Marking Phase
[0.273s][info][gc,phases      ] GC(11) Marking Phase 4.649ms
[0.273s][info][gc,phases,start] GC(11) Summary Phase
[0.274s][info][gc,phases      ] GC(11) Summary Phase 0.015ms
[0.274s][info][gc,phases,start] GC(11) Adjust Roots
[0.274s][info][gc,phases      ] GC(11) Adjust Roots 0.359ms
[0.274s][info][gc,phases,start] GC(11) Compaction Phase
[0.283s][info][gc,phases      ] GC(11) Compaction Phase 8.644ms
[0.283s][info][gc,phases,start] GC(11) Post Compact
[0.283s][info][gc,phases      ] GC(11) Post Compact 0.082ms
[0.283s][info][gc,heap        ] GC(11) PSYoungGen: 4064K(8704K)->3545K(8704K) Eden: 0K(4608K)->0K(4608K) From: 4064K(4096K)->3545K(4096K)
[0.283s][info][gc,heap        ] GC(11) ParOldGen: 5446K(6144K)->5820K(10752K)
[0.283s][info][gc,metaspace   ] GC(11) Metaspace: 6300K(6464K)->6300K(6464K) NonClass: 5767K(5824K)->5767K(5824K) Class: 533K(640K)->533K(640K)
[0.283s][info][gc             ] GC(11) Pause Full (Ergonomics) 9M->9M(19M) 14.065ms
[0.283s][info][gc,cpu         ] GC(11) User=0.00s Sys=0.00s Real=0.01s
[0.287s][info][gc,start       ] GC(12) Pause Young (Allocation Failure)
[0.292s][info][gc,heap        ] GC(12) PSYoungGen: 8099K(8704K)->5088K(9728K) Eden: 4553K(4608K)->0K(4608K) From: 3545K(4096K)->5088K(5120K)
[0.292s][info][gc,heap        ] GC(12) ParOldGen: 5820K(10752K)->6612K(10752K)
[0.292s][info][gc,metaspace   ] GC(12) Metaspace: 6300K(6464K)->6300K(6464K) NonClass: 5767K(5824K)->5767K(5824K) Class: 533K(640K)->533K(640K)
[0.292s][info][gc             ] GC(12) Pause Young (Allocation Failure) 13M->11M(20M) 4.558ms
[0.292s][info][gc,cpu         ] GC(12) User=0.00s Sys=0.00s Real=0.01s
[0.299s][info][gc,start       ] GC(13) Pause Young (Allocation Failure)
[0.307s][info][gc,heap        ] GC(13) PSYoungGen: 9696K(9728K)->6112K(11264K) Eden: 4608K(4608K)->0K(5120K) From: 5088K(5120K)->6112K(6144K)
[0.307s][info][gc,heap        ] GC(13) ParOldGen: 6612K(10752K)->7988K(10752K)
[0.307s][info][gc,metaspace   ] GC(13) Metaspace: 6300K(6464K)->6300K(6464K) NonClass: 5767K(5824K)->5767K(5824K) Class: 533K(640K)->533K(640K)
[0.307s][info][gc             ] GC(13) Pause Young (Allocation Failure) 15M->13M(21M) 8.180ms
[0.307s][info][gc,cpu         ] GC(13) User=0.00s Sys=0.00s Real=0.01s
[0.312s][info][gc,start       ] GC(14) Pause Young (Allocation Failure)
[0.318s][info][gc,heap        ] GC(14) PSYoungGen: 11232K(11264K)->5248K(12800K) Eden: 5120K(5120K)->0K(5120K) From: 6112K(6144K)->5248K(7680K)
[0.318s][info][gc,heap        ] GC(14) ParOldGen: 7988K(10752K)->11572K(11776K)
[0.318s][info][gc,metaspace   ] GC(14) Metaspace: 6302K(6464K)->6302K(6464K) NonClass: 5769K(5824K)->5769K(5824K) Class: 533K(640K)->533K(640K)
[0.318s][info][gc             ] GC(14) Pause Young (Allocation Failure) 18M->16M(24M) 6.715ms
[0.319s][info][gc,cpu         ] GC(14) User=0.00s Sys=0.00s Real=0.01s
[0.319s][info][gc,start       ] GC(15) Pause Full (Ergonomics)
[0.319s][info][gc,phases,start] GC(15) Marking Phase
[0.327s][info][gc,phases      ] GC(15) Marking Phase 8.335ms
[0.327s][info][gc,phases,start] GC(15) Summary Phase
[0.327s][info][gc,phases      ] GC(15) Summary Phase 0.018ms
[0.327s][info][gc,phases,start] GC(15) Adjust Roots
[0.327s][info][gc,phases      ] GC(15) Adjust Roots 0.275ms
[0.327s][info][gc,phases,start] GC(15) Compaction Phase
[0.335s][info][gc,phases      ] GC(15) Compaction Phase 8.138ms
[0.336s][info][gc,phases,start] GC(15) Post Compact
[0.336s][info][gc,phases      ] GC(15) Post Compact 0.071ms
[0.336s][info][gc,heap        ] GC(15) PSYoungGen: 5248K(12800K)->5195K(12800K) Eden: 0K(5120K)->0K(5120K) From: 5248K(7680K)->5195K(7680K)
[0.336s][info][gc,heap        ] GC(15) ParOldGen: 11572K(11776K)->11454K(18432K)
[0.336s][info][gc,metaspace   ] GC(15) Metaspace: 6302K(6464K)->6302K(6464K) NonClass: 5769K(5824K)->5769K(5824K) Class: 533K(640K)->533K(640K)
[0.336s][info][gc             ] GC(15) Pause Full (Ergonomics) 16M->16M(30M) 17.191ms
[0.336s][info][gc,cpu         ] GC(15) User=0.00s Sys=0.00s Real=0.02s
[0.340s][info][gc,start       ] GC(16) Pause Young (Allocation Failure)
[0.347s][info][gc,heap        ] GC(16) PSYoungGen: 10315K(12800K)->2688K(14336K) Eden: 5120K(5120K)->0K(7168K) From: 5195K(7680K)->2688K(7168K)
[0.347s][info][gc,heap        ] GC(16) ParOldGen: 11454K(18432K)->16734K(18432K)
[0.347s][info][gc,metaspace   ] GC(16) Metaspace: 6302K(6464K)->6302K(6464K) NonClass: 5769K(5824K)->5769K(5824K) Class: 533K(640K)->533K(640K)
[0.347s][info][gc             ] GC(16) Pause Young (Allocation Failure) 21M->18M(32M) 7.395ms
[0.347s][info][gc,cpu         ] GC(16) User=0.02s Sys=0.00s Real=0.01s
[0.347s][info][gc,start       ] GC(17) Pause Full (Ergonomics)
[0.347s][info][gc,phases,start] GC(17) Marking Phase
[0.356s][info][gc,phases      ] GC(17) Marking Phase 8.614ms
[0.356s][info][gc,phases,start] GC(17) Summary Phase
[0.356s][info][gc,phases      ] GC(17) Summary Phase 0.014ms
[0.356s][info][gc,phases,start] GC(17) Adjust Roots
[0.356s][info][gc,phases      ] GC(17) Adjust Roots 0.225ms
[0.356s][info][gc,phases,start] GC(17) Compaction Phase
[0.362s][info][gc,phases      ] GC(17) Compaction Phase 5.850ms
[0.362s][info][gc,phases,start] GC(17) Post Compact
[0.362s][info][gc,phases      ] GC(17) Post Compact 0.081ms
[0.362s][info][gc,heap        ] GC(17) PSYoungGen: 2688K(14336K)->1106K(14848K) Eden: 0K(7168K)->0K(7680K) From: 2688K(7168K)->1106K(7168K)
[0.362s][info][gc,heap        ] GC(17) ParOldGen: 16734K(18432K)->18182K(27648K)
[0.362s][info][gc,metaspace   ] GC(17) Metaspace: 6302K(6464K)->6302K(6464K) NonClass: 5769K(5824K)->5769K(5824K) Class: 533K(640K)->533K(640K)
[0.362s][info][gc             ] GC(17) Pause Full (Ergonomics) 18M->18M(41M) 15.185ms
[0.362s][info][gc,cpu         ] GC(17) User=0.00s Sys=0.00s Real=0.01s
[0.366s][info][gc,start       ] GC(18) Pause Young (Allocation Failure)
[0.372s][info][gc,heap        ] GC(18) PSYoungGen: 7796K(14848K)->3424K(15360K) Eden: 6689K(7680K)->0K(7680K) From: 1106K(7168K)->3424K(7680K)
[0.372s][info][gc,heap        ] GC(18) ParOldGen: 18182K(27648K)->19310K(27648K)
[0.372s][info][gc,metaspace   ] GC(18) Metaspace: 6302K(6464K)->6302K(6464K) NonClass: 5769K(5824K)->5769K(5824K) Class: 533K(640K)->533K(640K)
[0.372s][info][gc             ] GC(18) Pause Young (Allocation Failure) 25M->22M(42M) 5.253ms
[0.372s][info][gc,cpu         ] GC(18) User=0.00s Sys=0.00s Real=0.01s
[0.380s][info][gc,start       ] GC(19) Pause Young (Allocation Failure)
[0.387s][info][gc,heap        ] GC(19) PSYoungGen: 11104K(15360K)->4480K(17920K) Eden: 7680K(7680K)->0K(10240K) From: 3424K(7680K)->4480K(7680K)
[0.387s][info][gc,heap        ] GC(19) ParOldGen: 19310K(27648K)->22758K(27648K)
[0.387s][info][gc,metaspace   ] GC(19) Metaspace: 6302K(6464K)->6302K(6464K) NonClass: 5769K(5824K)->5769K(5824K) Class: 533K(640K)->533K(640K)
[0.387s][info][gc             ] GC(19) Pause Young (Allocation Failure) 29M->26M(44M) 7.123ms
[0.387s][info][gc,cpu         ] GC(19) User=0.00s Sys=0.00s Real=0.01s
[0.393s][info][gc,start       ] GC(20) Pause Young (Allocation Failure)
[0.400s][info][gc,heap        ] GC(20) PSYoungGen: 14720K(17920K)->5312K(17920K) Eden: 10240K(10240K)->0K(10240K) From: 4480K(7680K)->5312K(7680K)
[0.400s][info][gc,heap        ] GC(20) ParOldGen: 22758K(27648K)->27286K(27648K)
[0.400s][info][gc,metaspace   ] GC(20) Metaspace: 6302K(6464K)->6302K(6464K) NonClass: 5769K(5824K)->5769K(5824K) Class: 533K(640K)->533K(640K)
[0.400s][info][gc             ] GC(20) Pause Young (Allocation Failure) 36M->31M(44M) 7.236ms
[0.400s][info][gc,cpu         ] GC(20) User=0.00s Sys=0.00s Real=0.01s
[0.400s][info][gc,start       ] GC(21) Pause Full (Ergonomics)
[0.400s][info][gc,phases,start] GC(21) Marking Phase
[0.413s][info][gc,phases      ] GC(21) Marking Phase 12.540ms
[0.413s][info][gc,phases,start] GC(21) Summary Phase
[0.413s][info][gc,phases      ] GC(21) Summary Phase 0.014ms
[0.413s][info][gc,phases,start] GC(21) Adjust Roots
[0.413s][info][gc,phases      ] GC(21) Adjust Roots 0.267ms
[0.413s][info][gc,phases,start] GC(21) Compaction Phase
[0.430s][info][gc,phases      ] GC(21) Compaction Phase 17.345ms
[0.430s][info][gc,phases,start] GC(21) Post Compact
[0.431s][info][gc,phases      ] GC(21) Post Compact 0.109ms
[0.431s][info][gc,heap        ] GC(21) PSYoungGen: 5312K(17920K)->4780K(17920K) Eden: 0K(10240K)->0K(10240K) From: 5312K(7680K)->4780K(7680K)
[0.431s][info][gc,heap        ] GC(21) ParOldGen: 27286K(27648K)->27140K(38912K)
[0.431s][info][gc,metaspace   ] GC(21) Metaspace: 6302K(6464K)->6302K(6464K) NonClass: 5769K(5824K)->5769K(5824K) Class: 533K(640K)->533K(640K)
[0.431s][info][gc             ] GC(21) Pause Full (Ergonomics) 31M->31M(55M) 30.841ms
[0.431s][info][gc,cpu         ] GC(21) User=0.00s Sys=0.00s Real=0.03s
[0.440s][info][gc,start       ] GC(22) Pause Young (Allocation Failure)
[0.452s][info][gc,heap        ] GC(22) PSYoungGen: 15020K(17920K)->8192K(17920K) Eden: 10240K(10240K)->0K(9728K) From: 4780K(7680K)->8192K(8192K)
[0.452s][info][gc,heap        ] GC(22) ParOldGen: 27140K(38912K)->32964K(38912K)
[0.452s][info][gc,metaspace   ] GC(22) Metaspace: 6302K(6464K)->6302K(6464K) NonClass: 5769K(5824K)->5769K(5824K) Class: 533K(640K)->533K(640K)
[0.452s][info][gc             ] GC(22) Pause Young (Allocation Failure) 41M->40M(55M) 12.542ms
[0.452s][info][gc,cpu         ] GC(22) User=0.00s Sys=0.00s Real=0.01s
[0.452s][info][gc,start       ] GC(23) Pause Full (Ergonomics)
[0.452s][info][gc,phases,start] GC(23) Marking Phase
[0.469s][info][gc,phases      ] GC(23) Marking Phase 17.044ms
[0.470s][info][gc,phases,start] GC(23) Summary Phase
[0.470s][info][gc,phases      ] GC(23) Summary Phase 0.019ms
[0.470s][info][gc,phases,start] GC(23) Adjust Roots
[0.470s][info][gc,phases      ] GC(23) Adjust Roots 0.162ms
[0.470s][info][gc,phases,start] GC(23) Compaction Phase
[0.481s][info][gc,phases      ] GC(23) Compaction Phase 11.456ms
[0.481s][info][gc,phases,start] GC(23) Post Compact
[0.482s][info][gc,phases      ] GC(23) Post Compact 0.245ms
[0.482s][info][gc,heap        ] GC(23) PSYoungGen: 8192K(17920K)->2555K(17920K) Eden: 0K(9728K)->0K(9728K) From: 8192K(8192K)->2555K(8192K)
[0.482s][info][gc,heap        ] GC(23) ParOldGen: 32964K(38912K)->38489K(52736K)
[0.482s][info][gc,metaspace   ] GC(23) Metaspace: 6302K(6464K)->6302K(6464K) NonClass: 5769K(5824K)->5769K(5824K) Class: 533K(640K)->533K(640K)
[0.482s][info][gc             ] GC(23) Pause Full (Ergonomics) 40M->40M(69M) 29.347ms
[0.482s][info][gc,cpu         ] GC(23) User=0.03s Sys=0.00s Real=0.03s
[0.497s][info][gc,start       ] GC(24) Pause Young (Allocation Failure)
[0.507s][info][gc,heap        ] GC(24) PSYoungGen: 12283K(17920K)->9760K(20992K) Eden: 9728K(9728K)->0K(9728K) From: 2555K(8192K)->9760K(11264K)
[0.507s][info][gc,heap        ] GC(24) ParOldGen: 38489K(52736K)->41097K(52736K)
[0.507s][info][gc,metaspace   ] GC(24) Metaspace: 6302K(6464K)->6302K(6464K) NonClass: 5769K(5824K)->5769K(5824K) Class: 533K(640K)->533K(640K)
[0.507s][info][gc             ] GC(24) Pause Young (Allocation Failure) 49M->49M(72M) 10.146ms
[0.507s][info][gc,cpu         ] GC(24) User=0.02s Sys=0.00s Real=0.01s
[0.516s][info][gc,start       ] GC(25) Pause Young (Allocation Failure)
[0.529s][info][gc,heap        ] GC(25) PSYoungGen: 19488K(20992K)->12768K(19968K) Eden: 9728K(9728K)->0K(7168K) From: 9760K(11264K)->12768K(12800K)
[0.529s][info][gc,heap        ] GC(25) ParOldGen: 41097K(52736K)->47873K(52736K)
[0.529s][info][gc,metaspace   ] GC(25) Metaspace: 6302K(6464K)->6302K(6464K) NonClass: 5769K(5824K)->5769K(5824K) Class: 533K(640K)->533K(640K)
[0.529s][info][gc             ] GC(25) Pause Young (Allocation Failure) 59M->59M(71M) 13.031ms
[0.529s][info][gc,cpu         ] GC(25) User=0.00s Sys=0.00s Real=0.01s
[0.529s][info][gc,start       ] GC(26) Pause Full (Ergonomics)
[0.529s][info][gc,phases,start] GC(26) Marking Phase
[0.553s][info][gc,phases      ] GC(26) Marking Phase 23.441ms
[0.553s][info][gc,phases,start] GC(26) Summary Phase
[0.553s][info][gc,phases      ] GC(26) Summary Phase 0.017ms
[0.553s][info][gc,phases,start] GC(26) Adjust Roots
[0.553s][info][gc,phases      ] GC(26) Adjust Roots 0.165ms
[0.553s][info][gc,phases,start] GC(26) Compaction Phase
[0.571s][info][gc,phases      ] GC(26) Compaction Phase 17.908ms
[0.571s][info][gc,phases,start] GC(26) Post Compact
[0.571s][info][gc,phases      ] GC(26) Post Compact 0.226ms
[0.571s][info][gc,heap        ] GC(26) PSYoungGen: 12768K(19968K)->7122K(19968K) Eden: 0K(7168K)->0K(7168K) From: 12768K(12800K)->7122K(12800K)
[0.571s][info][gc,heap        ] GC(26) ParOldGen: 47873K(52736K)->52302K(69120K)
[0.571s][info][gc,metaspace   ] GC(26) Metaspace: 6302K(6464K)->6302K(6464K) NonClass: 5769K(5824K)->5769K(5824K) Class: 533K(640K)->533K(640K)
[0.571s][info][gc             ] GC(26) Pause Full (Ergonomics) 59M->58M(87M) 42.149ms
[0.571s][info][gc,cpu         ] GC(26) User=0.06s Sys=0.00s Real=0.04s
[0.579s][info][gc,start       ] GC(27) Pause Young (Allocation Failure)
[0.592s][info][gc,heap        ] GC(27) PSYoungGen: 14290K(19968K)->7200K(24576K) Eden: 7168K(7168K)->0K(7168K) From: 7122K(12800K)->7200K(17408K)
[0.592s][info][gc,heap        ] GC(27) ParOldGen: 52302K(69120K)->59550K(69120K)
[0.592s][info][gc,metaspace   ] GC(27) Metaspace: 6302K(6464K)->6302K(6464K) NonClass: 5769K(5824K)->5769K(5824K) Class: 533K(640K)->533K(640K)
[0.592s][info][gc             ] GC(27) Pause Young (Allocation Failure) 65M->65M(91M) 13.135ms
[0.592s][info][gc,cpu         ] GC(27) User=0.00s Sys=0.00s Real=0.01s
[0.598s][info][gc,start       ] GC(28) Pause Young (Allocation Failure)
[0.608s][info][gc,heap        ] GC(28) PSYoungGen: 14368K(24576K)->14336K(23040K) Eden: 7168K(7168K)->0K(6656K) From: 7200K(17408K)->14336K(16384K)
[0.608s][info][gc,heap        ] GC(28) ParOldGen: 59550K(69120K)->59550K(69120K)
[0.608s][info][gc,metaspace   ] GC(28) Metaspace: 6302K(6464K)->6302K(6464K) NonClass: 5769K(5824K)->5769K(5824K) Class: 533K(640K)->533K(640K)
[0.608s][info][gc             ] GC(28) Pause Young (Allocation Failure) 72M->72M(90M) 9.633ms
[0.608s][info][gc,cpu         ] GC(28) User=0.00s Sys=0.00s Real=0.01s
[0.615s][info][gc,start       ] GC(29) Pause Young (Allocation Failure)
[0.628s][info][gc,heap        ] GC(29) PSYoungGen: 20992K(23040K)->13824K(25088K) Eden: 6656K(6656K)->0K(6656K) From: 14336K(16384K)->13824K(18432K)
[0.628s][info][gc,heap        ] GC(29) ParOldGen: 59550K(69120K)->66814K(69120K)
[0.628s][info][gc,metaspace   ] GC(29) Metaspace: 6302K(6464K)->6302K(6464K) NonClass: 5769K(5824K)->5769K(5824K) Class: 533K(640K)->533K(640K)
[0.628s][info][gc             ] GC(29) Pause Young (Allocation Failure) 78M->78M(92M) 13.729ms
[0.628s][info][gc,cpu         ] GC(29) User=0.00s Sys=0.00s Real=0.01s
[0.628s][info][gc,start       ] GC(30) Pause Full (Ergonomics)
[0.628s][info][gc,phases,start] GC(30) Marking Phase
[0.658s][info][gc,phases      ] GC(30) Marking Phase 30.058ms
[0.658s][info][gc,phases,start] GC(30) Summary Phase
[0.658s][info][gc,phases      ] GC(30) Summary Phase 0.019ms
[0.658s][info][gc,phases,start] GC(30) Adjust Roots
[0.659s][info][gc,phases      ] GC(30) Adjust Roots 0.175ms
[0.659s][info][gc,phases,start] GC(30) Compaction Phase
[0.677s][info][gc,phases      ] GC(30) Compaction Phase 18.072ms
[0.677s][info][gc,phases,start] GC(30) Post Compact
[0.677s][info][gc,phases      ] GC(30) Post Compact 0.444ms
[0.677s][info][gc,heap        ] GC(30) PSYoungGen: 13824K(25088K)->11209K(25088K) Eden: 0K(6656K)->0K(6656K) From: 13824K(18432K)->11209K(18432K)
[0.678s][info][gc,heap        ] GC(30) ParOldGen: 66814K(69120K)->69118K(89600K)
[0.678s][info][gc,metaspace   ] GC(30) Metaspace: 6302K(6464K)->6302K(6464K) NonClass: 5769K(5824K)->5769K(5824K) Class: 533K(640K)->533K(640K)
[0.678s][info][gc             ] GC(30) Pause Full (Ergonomics) 78M->78M(112M) 49.248ms
[0.678s][info][gc,cpu         ] GC(30) User=0.06s Sys=0.00s Real=0.05s
[0.685s][info][gc,start       ] GC(31) Pause Young (Allocation Failure)
[0.704s][info][gc,heap        ] GC(31) PSYoungGen: 17865K(25088K)->11968K(27648K) Eden: 6656K(6656K)->0K(8192K) From: 11209K(18432K)->11968K(19456K)
[0.704s][info][gc,heap        ] GC(31) ParOldGen: 69118K(89600K)->75166K(89600K)
[0.704s][info][gc,metaspace   ] GC(31) Metaspace: 6302K(6464K)->6302K(6464K) NonClass: 5769K(5824K)->5769K(5824K) Class: 533K(640K)->533K(640K)
[0.705s][info][gc             ] GC(31) Pause Young (Allocation Failure) 84M->85M(114M) 19.996ms
[0.705s][info][gc,cpu         ] GC(31) User=0.05s Sys=0.00s Real=0.02s
[0.721s][info][gc,start       ] GC(32) Pause Young (Allocation Failure)
[0.735s][info][gc,heap        ] GC(32) PSYoungGen: 20160K(27648K)->14848K(28160K) Eden: 8192K(8192K)->0K(8192K) From: 11968K(19456K)->14848K(19968K)
[0.735s][info][gc,heap        ] GC(32) ParOldGen: 75166K(89600K)->80518K(89600K)
[0.735s][info][gc,metaspace   ] GC(32) Metaspace: 6302K(6464K)->6302K(6464K) NonClass: 5769K(5824K)->5769K(5824K) Class: 533K(640K)->533K(640K)
[0.735s][info][gc             ] GC(32) Pause Young (Allocation Failure) 93M->93M(115M) 13.961ms
[0.735s][info][gc,cpu         ] GC(32) User=0.00s Sys=0.00s Real=0.01s
[0.735s][info][gc,start       ] GC(33) Pause Full (Ergonomics)
[0.735s][info][gc,phases,start] GC(33) Marking Phase
[0.773s][info][gc,phases      ] GC(33) Marking Phase 38.037ms
[0.773s][info][gc,phases,start] GC(33) Summary Phase
[0.773s][info][gc,phases      ] GC(33) Summary Phase 0.015ms
[0.773s][info][gc,phases,start] GC(33) Adjust Roots
[0.773s][info][gc,phases      ] GC(33) Adjust Roots 0.256ms
[0.773s][info][gc,phases,start] GC(33) Compaction Phase
[0.799s][info][gc,phases      ] GC(33) Compaction Phase 25.445ms
[0.799s][info][gc,phases,start] GC(33) Post Compact
[0.799s][info][gc,phases      ] GC(33) Post Compact 0.316ms
[0.799s][info][gc,heap        ] GC(33) PSYoungGen: 14848K(28160K)->3553K(28160K) Eden: 0K(8192K)->0K(8192K) From: 14848K(19968K)->3553K(19968K)
[0.799s][info][gc,heap        ] GC(33) ParOldGen: 80518K(89600K)->89529K(112128K)
[0.799s][info][gc,metaspace   ] GC(33) Metaspace: 6302K(6464K)->6302K(6464K) NonClass: 5769K(5824K)->5769K(5824K) Class: 533K(640K)->533K(640K)
[0.799s][info][gc             ] GC(33) Pause Full (Ergonomics) 93M->90M(137M) 64.428ms
[0.799s][info][gc,cpu         ] GC(33) User=0.06s Sys=0.00s Real=0.06s
[0.807s][info][gc,start       ] GC(34) Pause Young (Allocation Failure)
[0.819s][info][gc,heap        ] GC(34) PSYoungGen: 11745K(28160K)->10144K(29184K) Eden: 8192K(8192K)->0K(9728K) From: 3553K(19968K)->10144K(19456K)
[0.819s][info][gc,heap        ] GC(34) ParOldGen: 89529K(112128K)->91193K(112128K)
[0.819s][info][gc,metaspace   ] GC(34) Metaspace: 6302K(6464K)->6302K(6464K) NonClass: 5769K(5824K)->5769K(5824K) Class: 533K(640K)->533K(640K)
[0.819s][info][gc             ] GC(34) Pause Young (Allocation Failure) 98M->98M(138M) 12.180ms
[0.819s][info][gc,cpu         ] GC(34) User=0.02s Sys=0.00s Real=0.01s
[0.827s][info][gc,start       ] GC(35) Pause Young (Allocation Failure)
[0.837s][info][gc,heap        ] GC(35) PSYoungGen: 19872K(29184K)->19872K(30208K) Eden: 9728K(9728K)->0K(9728K) From: 10144K(19456K)->19872K(20480K)
[0.837s][info][gc,heap        ] GC(35) ParOldGen: 91193K(112128K)->91193K(112128K)
[0.837s][info][gc,metaspace   ] GC(35) Metaspace: 6302K(6464K)->6302K(6464K) NonClass: 5769K(5824K)->5769K(5824K) Class: 533K(640K)->533K(640K)
[0.837s][info][gc             ] GC(35) Pause Young (Allocation Failure) 108M->108M(139M) 10.197ms
[0.837s][info][gc,cpu         ] GC(35) User=0.02s Sys=0.00s Real=0.01s
[0.847s][info][gc,start       ] GC(36) Pause Young (Allocation Failure)
[0.863s][info][gc,heap        ] GC(36) PSYoungGen: 29600K(30208K)->23552K(29184K) Eden: 9728K(9728K)->0K(5632K) From: 19872K(20480K)->23552K(23552K)
[0.863s][info][gc,heap        ] GC(36) ParOldGen: 91193K(112128K)->97265K(112128K)
[0.863s][info][gc,metaspace   ] GC(36) Metaspace: 6302K(6464K)->6302K(6464K) NonClass: 5769K(5824K)->5769K(5824K) Class: 533K(640K)->533K(640K)
[0.863s][info][gc             ] GC(36) Pause Young (Allocation Failure) 117M->117M(138M) 15.893ms
[0.863s][info][gc,cpu         ] GC(36) User=0.02s Sys=0.00s Real=0.02s
[0.868s][info][gc,start       ] GC(37) Pause Young (Allocation Failure)
[0.882s][info][gc,heap        ] GC(37) PSYoungGen: 29184K(29184K)->19680K(34816K) Eden: 5632K(5632K)->0K(5632K) From: 23552K(23552K)->19680K(29184K)
[0.882s][info][gc,heap        ] GC(37) ParOldGen: 97265K(112128K)->106953K(112128K)
[0.882s][info][gc,metaspace   ] GC(37) Metaspace: 6302K(6464K)->6302K(6464K) NonClass: 5769K(5824K)->5769K(5824K) Class: 533K(640K)->533K(640K)
[0.882s][info][gc             ] GC(37) Pause Young (Allocation Failure) 123M->123M(143M) 13.996ms
[0.882s][info][gc,cpu         ] GC(37) User=0.02s Sys=0.00s Real=0.01s
[0.882s][info][gc,start       ] GC(38) Pause Full (Ergonomics)
[0.882s][info][gc,phases,start] GC(38) Marking Phase
[0.915s][info][gc,phases      ] GC(38) Marking Phase 32.898ms
[0.915s][info][gc,phases,start] GC(38) Summary Phase
[0.915s][info][gc,phases      ] GC(38) Summary Phase 0.020ms
[0.915s][info][gc,phases,start] GC(38) Adjust Roots
[0.916s][info][gc,phases      ] GC(38) Adjust Roots 0.161ms
[0.916s][info][gc,phases,start] GC(38) Compaction Phase
[0.935s][info][gc,phases      ] GC(38) Compaction Phase 19.172ms
[0.935s][info][gc,phases,start] GC(38) Post Compact
[0.935s][info][gc,phases      ] GC(38) Post Compact 0.581ms
[0.936s][info][gc,heap        ] GC(38) PSYoungGen: 19680K(34816K)->14470K(34816K) Eden: 0K(5632K)->0K(5632K) From: 19680K(29184K)->14470K(29184K)
[0.936s][info][gc,heap        ] GC(38) ParOldGen: 106953K(112128K)->111761K(137728K)
[0.936s][info][gc,metaspace   ] GC(38) Metaspace: 6302K(6464K)->6302K(6464K) NonClass: 5769K(5824K)->5769K(5824K) Class: 533K(640K)->533K(640K)
[0.936s][info][gc             ] GC(38) Pause Full (Ergonomics) 123M->123M(168M) 53.281ms
[0.936s][info][gc,cpu         ] GC(38) User=0.12s Sys=0.00s Real=0.05s
[0.941s][info][gc,start       ] GC(39) Pause Young (Allocation Failure)
[0.956s][info][gc,heap        ] GC(39) PSYoungGen: 20102K(34816K)->10144K(34304K) Eden: 5632K(5632K)->0K(6656K) From: 14470K(29184K)->10144K(27648K)
[0.956s][info][gc,heap        ] GC(39) ParOldGen: 111761K(137728K)->121937K(137728K)
[0.956s][info][gc,metaspace   ] GC(39) Metaspace: 6302K(6464K)->6302K(6464K) NonClass: 5769K(5824K)->5769K(5824K) Class: 533K(640K)->533K(640K)
[0.956s][info][gc             ] GC(39) Pause Young (Allocation Failure) 128M->128M(168M) 15.279ms
[0.956s][info][gc,cpu         ] GC(39) User=0.00s Sys=0.00s Real=0.02s
[0.963s][info][gc,start       ] GC(40) Pause Young (Allocation Failure)
[0.971s][info][gc,heap        ] GC(40) PSYoungGen: 16800K(34304K)->12320K(35840K) Eden: 6656K(6656K)->0K(6656K) From: 10144K(27648K)->12320K(29184K)
[0.971s][info][gc,heap        ] GC(40) ParOldGen: 121937K(137728K)->126465K(137728K)
[0.971s][info][gc,metaspace   ] GC(40) Metaspace: 6302K(6464K)->6302K(6464K) NonClass: 5769K(5824K)->5769K(5824K) Class: 533K(640K)->533K(640K)
[0.971s][info][gc             ] GC(40) Pause Young (Allocation Failure) 135M->135M(169M) 8.477ms
[0.971s][info][gc,cpu         ] GC(40) User=0.02s Sys=0.00s Real=0.01s
[0.971s][info][gc,start       ] GC(41) Pause Full (Ergonomics)
[0.971s][info][gc,phases,start] GC(41) Marking Phase
[1.011s][info][gc,phases      ] GC(41) Marking Phase 39.755ms
[1.011s][info][gc,phases,start] GC(41) Summary Phase
[1.011s][info][gc,phases      ] GC(41) Summary Phase 0.017ms
[1.011s][info][gc,phases,start] GC(41) Adjust Roots
[1.011s][info][gc,phases      ] GC(41) Adjust Roots 0.141ms
[1.011s][info][gc,phases,start] GC(41) Compaction Phase
[1.030s][info][gc,phases      ] GC(41) Compaction Phase 18.359ms
[1.030s][info][gc,phases,start] GC(41) Post Compact
[1.030s][info][gc,phases      ] GC(41) Post Compact 0.465ms
[1.030s][info][gc,heap        ] GC(41) PSYoungGen: 12320K(35840K)->987K(7680K) Eden: 0K(6656K)->0K(6656K) From: 12320K(29184K)->987K(1024K)
[1.030s][info][gc,heap        ] GC(41) ParOldGen: 126465K(137728K)->137472K(166400K)
[1.030s][info][gc,metaspace   ] GC(41) Metaspace: 6302K(6464K)->6302K(6464K) NonClass: 5769K(5824K)->5769K(5824K) Class: 533K(640K)->533K(640K)
[1.031s][info][gc             ] GC(41) Pause Full (Ergonomics) 135M->135M(170M) 59.302ms
[1.031s][info][gc,cpu         ] GC(41) User=0.19s Sys=0.00s Real=0.06s
[1.037s][info][gc,start       ] GC(42) Pause Young (Allocation Failure)
[1.049s][info][gc,heap        ] GC(42) PSYoungGen: 7643K(7680K)->7456K(34304K) Eden: 6656K(6656K)->0K(7680K) From: 987K(1024K)->7456K(26624K)
[1.049s][info][gc,heap        ] GC(42) ParOldGen: 137472K(166400K)->137728K(166400K)
[1.049s][info][gc,metaspace   ] GC(42) Metaspace: 6302K(6464K)->6302K(6464K) NonClass: 5769K(5824K)->5769K(5824K) Class: 533K(640K)->533K(640K)
[1.049s][info][gc             ] GC(42) Pause Young (Allocation Failure) 141M->141M(196M) 11.488ms
[1.049s][info][gc,cpu         ] GC(42) User=0.02s Sys=0.00s Real=0.01s
[1.057s][info][gc,start       ] GC(43) Pause Young (Allocation Failure)
[1.065s][info][gc,heap        ] GC(43) PSYoungGen: 15136K(34304K)->15136K(34816K) Eden: 7680K(7680K)->0K(7680K) From: 7456K(26624K)->15136K(27136K)
[1.065s][info][gc,heap        ] GC(43) ParOldGen: 137728K(166400K)->137728K(166400K)
[1.065s][info][gc,metaspace   ] GC(43) Metaspace: 6302K(6464K)->6302K(6464K) NonClass: 5769K(5824K)->5769K(5824K) Class: 533K(640K)->533K(640K)
[1.065s][info][gc             ] GC(43) Pause Young (Allocation Failure) 149M->149M(196M) 8.502ms
[1.065s][info][gc,cpu         ] GC(43) User=0.02s Sys=0.00s Real=0.01s
[1.073s][info][gc,start       ] GC(44) Pause Young (Allocation Failure)
[1.085s][info][gc,heap        ] GC(44) PSYoungGen: 22816K(34816K)->22816K(33280K) Eden: 7680K(7680K)->0K(6656K) From: 15136K(27136K)->22816K(26624K)
[1.085s][info][gc,heap        ] GC(44) ParOldGen: 137728K(166400K)->137728K(166400K)
[1.085s][info][gc,metaspace   ] GC(44) Metaspace: 6302K(6464K)->6302K(6464K) NonClass: 5769K(5824K)->5769K(5824K) Class: 533K(640K)->533K(640K)
[1.085s][info][gc             ] GC(44) Pause Young (Allocation Failure) 156M->156M(195M) 12.173ms
[1.085s][info][gc,cpu         ] GC(44) User=0.02s Sys=0.00s Real=0.01s
[1.092s][info][gc,start       ] GC(45) Pause Young (Allocation Failure)
[1.106s][info][gc,heap        ] GC(45) PSYoungGen: 29472K(33280K)->28672K(35840K) Eden: 6656K(6656K)->0K(6656K) From: 22816K(26624K)->28672K(29184K)
[1.106s][info][gc,heap        ] GC(45) ParOldGen: 137728K(166400K)->138504K(166400K)
[1.106s][info][gc,metaspace   ] GC(45) Metaspace: 6302K(6464K)->6302K(6464K) NonClass: 5769K(5824K)->5769K(5824K) Class: 533K(640K)->533K(640K)
[1.106s][info][gc             ] GC(45) Pause Young (Allocation Failure) 163M->163M(197M) 14.622ms
[1.106s][info][gc,cpu         ] GC(45) User=0.02s Sys=0.00s Real=0.01s
[1.113s][info][gc,start       ] GC(46) Pause Young (Allocation Failure)
[1.130s][info][gc,heap        ] GC(46) PSYoungGen: 35328K(35840K)->28672K(38400K) Eden: 6656K(6656K)->0K(5120K) From: 28672K(29184K)->28672K(33280K)
[1.131s][info][gc,heap        ] GC(46) ParOldGen: 138504K(166400K)->145256K(166400K)
[1.131s][info][gc,metaspace   ] GC(46) Metaspace: 6302K(6464K)->6302K(6464K) NonClass: 5769K(5824K)->5769K(5824K) Class: 533K(640K)->533K(640K)
[1.131s][info][gc             ] GC(46) Pause Young (Allocation Failure) 169M->169M(200M) 17.594ms
[1.131s][info][gc,cpu         ] GC(46) User=0.02s Sys=0.02s Real=0.02s
[1.171s][info][gc,start       ] GC(47) Pause Young (Allocation Failure)
[1.193s][info][gc,heap        ] GC(47) PSYoungGen: 33792K(38400K)->18496K(41472K) Eden: 5120K(5120K)->0K(5120K) From: 28672K(33280K)->18496K(36352K)
[1.193s][info][gc,heap        ] GC(47) ParOldGen: 153448K(166400K)->168992K(169472K)
[1.193s][info][gc,metaspace   ] GC(47) Metaspace: 6302K(6464K)->6302K(6464K) NonClass: 5769K(5824K)->5769K(5824K) Class: 533K(640K)->533K(640K)
[1.193s][info][gc             ] GC(47) Pause Young (Allocation Failure) 182M->183M(206M) 22.544ms
[1.193s][info][gc,cpu         ] GC(47) User=0.02s Sys=0.00s Real=0.02s
[1.194s][info][gc,start       ] GC(48) Pause Full (Ergonomics)
[1.194s][info][gc,phases,start] GC(48) Marking Phase
[1.244s][info][gc,phases      ] GC(48) Marking Phase 50.952ms
[1.245s][info][gc,phases,start] GC(48) Summary Phase
[1.245s][info][gc,phases      ] GC(48) Summary Phase 0.017ms
[1.245s][info][gc,phases,start] GC(48) Adjust Roots
[1.245s][info][gc,phases      ] GC(48) Adjust Roots 0.146ms
[1.245s][info][gc,phases,start] GC(48) Compaction Phase
[1.280s][info][gc,phases      ] GC(48) Compaction Phase 35.073ms
[1.280s][info][gc,phases,start] GC(48) Post Compact
[1.281s][info][gc,phases      ] GC(48) Post Compact 0.741ms
[1.281s][info][gc,heap        ] GC(48) PSYoungGen: 18496K(41472K)->13742K(41472K) Eden: 0K(5120K)->0K(5120K) From: 18496K(36352K)->13742K(36352K)
[1.281s][info][gc,heap        ] GC(48) ParOldGen: 168992K(169472K)->169079K(202752K)
[1.281s][info][gc,metaspace   ] GC(48) Metaspace: 6302K(6464K)->6302K(6464K) NonClass: 5769K(5824K)->5769K(5824K) Class: 533K(640K)->533K(640K)
[1.281s][info][gc             ] GC(48) Pause Full (Ergonomics) 183M->178M(238M) 87.400ms
[1.281s][info][gc,cpu         ] GC(48) User=0.23s Sys=0.00s Real=0.09s
[1.287s][info][gc,start       ] GC(49) Pause Young (Allocation Failure)
[1.304s][info][gc,heap        ] GC(49) PSYoungGen: 18862K(41472K)->13728K(38400K) Eden: 5120K(5120K)->0K(6144K) From: 13742K(36352K)->13728K(32256K)
[1.304s][info][gc,heap        ] GC(49) ParOldGen: 169079K(202752K)->174391K(202752K)
[1.304s][info][gc,metaspace   ] GC(49) Metaspace: 6302K(6464K)->6302K(6464K) NonClass: 5769K(5824K)->5769K(5824K) Class: 533K(640K)->533K(640K)
[1.304s][info][gc             ] GC(49) Pause Young (Allocation Failure) 183M->183M(235M) 17.123ms
[1.304s][info][gc,cpu         ] GC(49) User=0.03s Sys=0.00s Real=0.02s
[1.310s][info][gc,start       ] GC(50) Pause Young (Allocation Failure)
[1.321s][info][gc,heap        ] GC(50) PSYoungGen: 19872K(38400K)->14912K(21504K) Eden: 6144K(6144K)->0K(6144K) From: 13728K(32256K)->14912K(15360K)
[1.321s][info][gc,heap        ] GC(50) ParOldGen: 174391K(202752K)->179415K(202752K)
[1.321s][info][gc,metaspace   ] GC(50) Metaspace: 6302K(6464K)->6302K(6464K) NonClass: 5769K(5824K)->5769K(5824K) Class: 533K(640K)->533K(640K)
[1.321s][info][gc             ] GC(50) Pause Young (Allocation Failure) 189M->189M(219M) 10.802ms
[1.321s][info][gc,cpu         ] GC(50) User=0.02s Sys=0.00s Real=0.01s
[1.327s][info][gc,start       ] GC(51) Pause Young (Allocation Failure)
[1.338s][info][gc,heap        ] GC(51) PSYoungGen: 21056K(21504K)->17440K(37376K) Eden: 6144K(6144K)->0K(7168K) From: 14912K(15360K)->17440K(30208K)
[1.338s][info][gc,heap        ] GC(51) ParOldGen: 179415K(202752K)->183071K(202752K)
[1.338s][info][gc,metaspace   ] GC(51) Metaspace: 6302K(6464K)->6302K(6464K) NonClass: 5769K(5824K)->5769K(5824K) Class: 533K(640K)->533K(640K)
[1.338s][info][gc             ] GC(51) Pause Young (Allocation Failure) 195M->195M(234M) 10.927ms
[1.338s][info][gc,cpu         ] GC(51) User=0.00s Sys=0.00s Real=0.01s
[1.345s][info][gc,start       ] GC(52) Pause Young (Allocation Failure)
[1.358s][info][gc,heap        ] GC(52) PSYoungGen: 24608K(37376K)->13376K(38400K) Eden: 7168K(7168K)->0K(7168K) From: 17440K(30208K)->13376K(31232K)
[1.358s][info][gc,heap        ] GC(52) ParOldGen: 183071K(202752K)->194455K(202752K)
[1.358s][info][gc,metaspace   ] GC(52) Metaspace: 6302K(6464K)->6302K(6464K) NonClass: 5769K(5824K)->5769K(5824K) Class: 533K(640K)->533K(640K)
[1.358s][info][gc             ] GC(52) Pause Young (Allocation Failure) 202M->202M(235M) 12.881ms
[1.358s][info][gc,cpu         ] GC(52) User=0.00s Sys=0.00s Real=0.01s
[1.358s][info][gc,start       ] GC(53) Pause Full (Ergonomics)
[1.358s][info][gc,phases,start] GC(53) Marking Phase
[1.414s][info][gc,phases      ] GC(53) Marking Phase 55.751ms
[1.414s][info][gc,phases,start] GC(53) Summary Phase
[1.414s][info][gc,phases      ] GC(53) Summary Phase 0.017ms
[1.414s][info][gc,phases,start] GC(53) Adjust Roots
[1.414s][info][gc,phases      ] GC(53) Adjust Roots 0.152ms
[1.414s][info][gc,phases,start] GC(53) Compaction Phase
[1.436s][info][gc,phases      ] GC(53) Compaction Phase 21.790ms
[1.436s][info][gc,phases,start] GC(53) Post Compact
[1.437s][info][gc,phases      ] GC(53) Post Compact 0.993ms
[1.437s][info][gc,heap        ] GC(53) PSYoungGen: 13376K(38400K)->4557K(38400K) Eden: 0K(7168K)->0K(7168K) From: 13376K(31232K)->4557K(31232K)
[1.437s][info][gc,heap        ] GC(53) ParOldGen: 194455K(202752K)->202712K(238080K)
[1.437s][info][gc,metaspace   ] GC(53) Metaspace: 6302K(6464K)->6302K(6464K) NonClass: 5769K(5824K)->5769K(5824K) Class: 533K(640K)->533K(640K)
[1.437s][info][gc             ] GC(53) Pause Full (Ergonomics) 202M->202M(270M) 79.145ms
[1.437s][info][gc,cpu         ] GC(53) User=0.34s Sys=0.00s Real=0.08s
[1.444s][info][gc,start       ] GC(54) Pause Young (Allocation Failure)
[1.460s][info][gc,heap        ] GC(54) PSYoungGen: 11725K(38400K)->7264K(37888K) Eden: 7168K(7168K)->0K(8192K) From: 4557K(31232K)->7264K(29696K)
[1.460s][info][gc,heap        ] GC(54) ParOldGen: 202712K(238080K)->207360K(238080K)
[1.460s][info][gc,metaspace   ] GC(54) Metaspace: 6302K(6464K)->6302K(6464K) NonClass: 5769K(5824K)->5769K(5824K) Class: 533K(640K)->533K(640K)
[1.460s][info][gc             ] GC(54) Pause Young (Allocation Failure) 209M->209M(269M) 15.872ms
[1.460s][info][gc,cpu         ] GC(54) User=0.00s Sys=0.00s Real=0.02s
[1.469s][info][gc,start       ] GC(55) Pause Young (Allocation Failure)
[1.478s][info][gc,heap        ] GC(55) PSYoungGen: 15456K(37888K)->8288K(38400K) Eden: 8192K(8192K)->0K(8192K) From: 7264K(29696K)->8288K(30208K)
[1.478s][info][gc,heap        ] GC(55) ParOldGen: 207360K(238080K)->214632K(238080K)
[1.478s][info][gc,metaspace   ] GC(55) Metaspace: 6302K(6464K)->6302K(6464K) NonClass: 5769K(5824K)->5769K(5824K) Class: 533K(640K)->533K(640K)
[1.478s][info][gc             ] GC(55) Pause Young (Allocation Failure) 217M->217M(270M) 8.883ms
[1.478s][info][gc,cpu         ] GC(55) User=0.00s Sys=0.00s Real=0.01s
[1.487s][info][gc,start       ] GC(56) Pause Young (Allocation Failure)
[1.496s][info][gc,heap        ] GC(56) PSYoungGen: 16480K(38400K)->8288K(39424K) Eden: 8192K(8192K)->0K(9728K) From: 8288K(30208K)->8288K(29696K)
[1.496s][info][gc,heap        ] GC(56) ParOldGen: 214632K(238080K)->222944K(238080K)
[1.496s][info][gc,metaspace   ] GC(56) Metaspace: 6302K(6464K)->6302K(6464K) NonClass: 5769K(5824K)->5769K(5824K) Class: 533K(640K)->533K(640K)
[1.496s][info][gc             ] GC(56) Pause Young (Allocation Failure) 225M->225M(271M) 9.494ms
[1.496s][info][gc,cpu         ] GC(56) User=0.00s Sys=0.00s Real=0.01s
[1.507s][info][gc,start       ] GC(57) Pause Young (Allocation Failure)
[1.517s][info][gc,heap        ] GC(57) PSYoungGen: 18016K(39424K)->9792K(39424K) Eden: 9728K(9728K)->0K(9728K) From: 8288K(29696K)->9792K(29696K)
[1.517s][info][gc,heap        ] GC(57) ParOldGen: 222944K(238080K)->231248K(238080K)
[1.517s][info][gc,metaspace   ] GC(57) Metaspace: 6302K(6464K)->6302K(6464K) NonClass: 5769K(5824K)->5769K(5824K) Class: 533K(640K)->533K(640K)
[1.517s][info][gc             ] GC(57) Pause Young (Allocation Failure) 235M->235M(271M) 10.568ms
[1.517s][info][gc,cpu         ] GC(57) User=0.02s Sys=0.00s Real=0.01s
[1.517s][info][gc,start       ] GC(58) Pause Full (Ergonomics)
[1.517s][info][gc,phases,start] GC(58) Marking Phase
[1.576s][info][gc,phases      ] GC(58) Marking Phase 58.543ms
[1.576s][info][gc,phases,start] GC(58) Summary Phase
[1.576s][info][gc,phases      ] GC(58) Summary Phase 0.016ms
[1.576s][info][gc,phases,start] GC(58) Adjust Roots
[1.576s][info][gc,phases      ] GC(58) Adjust Roots 0.155ms
[1.576s][info][gc,phases,start] GC(58) Compaction Phase
[1.602s][info][gc,phases      ] GC(58) Compaction Phase 26.138ms
[1.602s][info][gc,phases,start] GC(58) Post Compact
[1.604s][info][gc,phases      ] GC(58) Post Compact 1.085ms
[1.604s][info][gc,heap        ] GC(58) PSYoungGen: 9792K(39424K)->2544K(39424K) Eden: 0K(9728K)->0K(9728K) From: 9792K(29696K)->2544K(29696K)
[1.604s][info][gc,heap        ] GC(58) ParOldGen: 231248K(238080K)->237883K(274944K)
[1.604s][info][gc,metaspace   ] GC(58) Metaspace: 6302K(6464K)->6302K(6464K) NonClass: 5769K(5824K)->5769K(5824K) Class: 533K(640K)->533K(640K)
[1.604s][info][gc             ] GC(58) Pause Full (Ergonomics) 235M->234M(307M) 86.422ms
[1.604s][info][gc,cpu         ] GC(58) User=0.27s Sys=0.00s Real=0.09s
[1.616s][info][gc,start       ] GC(59) Pause Young (Allocation Failure)
[1.633s][info][gc,heap        ] GC(59) PSYoungGen: 12272K(39424K)->9792K(37888K) Eden: 9728K(9728K)->0K(11264K) From: 2544K(29696K)->9792K(26624K)
[1.633s][info][gc,heap        ] GC(59) ParOldGen: 237883K(274944K)->240491K(274944K)
[1.633s][info][gc,metaspace   ] GC(59) Metaspace: 6302K(6464K)->6302K(6464K) NonClass: 5769K(5824K)->5769K(5824K) Class: 533K(640K)->533K(640K)
[1.633s][info][gc             ] GC(59) Pause Young (Allocation Failure) 244M->244M(305M) 17.380ms
[1.633s][info][gc,cpu         ] GC(59) User=0.02s Sys=0.00s Real=0.02s
[1.646s][info][gc,start       ] GC(60) Pause Young (Allocation Failure)
[1.657s][info][gc,heap        ] GC(60) PSYoungGen: 21056K(37888K)->21088K(38912K) Eden: 11264K(11264K)->0K(11264K) From: 9792K(26624K)->21088K(27648K)
[1.658s][info][gc,heap        ] GC(60) ParOldGen: 240491K(274944K)->240491K(274944K)
[1.658s][info][gc,metaspace   ] GC(60) Metaspace: 6302K(6464K)->6302K(6464K) NonClass: 5769K(5824K)->5769K(5824K) Class: 533K(640K)->533K(640K)
[1.658s][info][gc             ] GC(60) Pause Young (Allocation Failure) 255M->255M(306M) 11.407ms
[1.658s][info][gc,cpu         ] GC(60) User=0.02s Sys=0.00s Real=0.01s
[1.670s][info][gc,start       ] GC(61) Pause Young (Allocation Failure)
[1.686s][info][gc,heap        ] GC(61) PSYoungGen: 32352K(38912K)->29184K(36352K) Eden: 11264K(11264K)->0K(7168K) From: 21088K(27648K)->29184K(29184K)
[1.686s][info][gc,heap        ] GC(61) ParOldGen: 240491K(274944K)->243587K(274944K)
[1.686s][info][gc,metaspace   ] GC(61) Metaspace: 6302K(6464K)->6302K(6464K) NonClass: 5769K(5824K)->5769K(5824K) Class: 533K(640K)->533K(640K)
[1.686s][info][gc             ] GC(61) Pause Young (Allocation Failure) 266M->266M(304M) 16.528ms
[1.686s][info][gc,cpu         ] GC(61) User=0.03s Sys=0.00s Real=0.02s
[1.695s][info][gc,start       ] GC(62) Pause Young (Allocation Failure)
[1.712s][info][gc,heap        ] GC(62) PSYoungGen: 36352K(36352K)->17920K(41984K) Eden: 7168K(7168K)->0K(7168K) From: 29184K(29184K)->17920K(34816K)
[1.712s][info][gc,heap        ] GC(62) ParOldGen: 243587K(274944K)->262355K(274944K)
[1.712s][info][gc,metaspace   ] GC(62) Metaspace: 6302K(6464K)->6302K(6464K) NonClass: 5769K(5824K)->5769K(5824K) Class: 533K(640K)->533K(640K)
[1.712s][info][gc             ] GC(62) Pause Young (Allocation Failure) 273M->273M(309M) 17.848ms
[1.713s][info][gc,cpu         ] GC(62) User=0.08s Sys=0.00s Real=0.02s
[1.713s][info][gc,start       ] GC(63) Pause Full (Ergonomics)
[1.713s][info][gc,phases,start] GC(63) Marking Phase
[1.776s][info][gc,phases      ] GC(63) Marking Phase 63.021ms
[1.776s][info][gc,phases,start] GC(63) Summary Phase
[1.776s][info][gc,phases      ] GC(63) Summary Phase 0.017ms
[1.776s][info][gc,phases,start] GC(63) Adjust Roots
[1.776s][info][gc,phases      ] GC(63) Adjust Roots 0.146ms
[1.776s][info][gc,phases,start] GC(63) Compaction Phase
[1.802s][info][gc,phases      ] GC(63) Compaction Phase 25.665ms
[1.802s][info][gc,phases,start] GC(63) Post Compact
[1.803s][info][gc,phases      ] GC(63) Post Compact 1.500ms
[1.804s][info][gc,heap        ] GC(63) PSYoungGen: 17920K(41984K)->5013K(41984K) Eden: 0K(7168K)->0K(7168K) From: 17920K(34816K)->5013K(34816K)
[1.804s][info][gc,heap        ] GC(63) ParOldGen: 262355K(274944K)->274705K(317440K)
[1.804s][info][gc,metaspace   ] GC(63) Metaspace: 6302K(6464K)->6302K(6464K) NonClass: 5769K(5824K)->5769K(5824K) Class: 533K(640K)->533K(640K)
[1.804s][info][gc             ] GC(63) Pause Full (Ergonomics) 273M->273M(351M) 91.024ms
[1.804s][info][gc,cpu         ] GC(63) User=0.41s Sys=0.02s Real=0.09s
[1.813s][info][gc,start       ] GC(64) Pause Young (Allocation Failure)
[1.832s][info][gc,heap        ] GC(64) PSYoungGen: 12181K(41984K)->9568K(39936K) Eden: 7168K(7168K)->0K(8192K) From: 5013K(34816K)->9568K(31744K)
[1.832s][info][gc,heap        ] GC(64) ParOldGen: 274705K(317440K)->277489K(317440K)
[1.832s][info][gc,metaspace   ] GC(64) Metaspace: 6302K(6464K)->6302K(6464K) NonClass: 5769K(5824K)->5769K(5824K) Class: 533K(640K)->533K(640K)
[1.832s][info][gc             ] GC(64) Pause Young (Allocation Failure) 280M->280M(349M) 18.986ms
[1.832s][info][gc,cpu         ] GC(64) User=0.06s Sys=0.00s Real=0.02s
[1.842s][info][gc,start       ] GC(65) Pause Young (Allocation Failure)
[1.852s][info][gc,heap        ] GC(65) PSYoungGen: 17760K(39936K)->17760K(40960K) Eden: 8192K(8192K)->0K(8192K) From: 9568K(31744K)->17760K(32768K)
[1.852s][info][gc,heap        ] GC(65) ParOldGen: 277489K(317440K)->277489K(317440K)
[1.852s][info][gc,metaspace   ] GC(65) Metaspace: 6302K(6464K)->6302K(6464K) NonClass: 5769K(5824K)->5769K(5824K) Class: 533K(640K)->533K(640K)
[1.852s][info][gc             ] GC(65) Pause Young (Allocation Failure) 288M->288M(350M) 9.972ms
[1.852s][info][gc,cpu         ] GC(65) User=0.02s Sys=0.00s Real=0.01s
[1.861s][info][gc,start       ] GC(66) Pause Young (Allocation Failure)
[1.874s][info][gc,heap        ] GC(66) PSYoungGen: 25952K(40960K)->23616K(40448K) Eden: 8192K(8192K)->0K(8192K) From: 17760K(32768K)->23616K(32256K)
[1.874s][info][gc,heap        ] GC(66) ParOldGen: 277489K(317440K)->279849K(317440K)
[1.874s][info][gc,metaspace   ] GC(66) Metaspace: 6302K(6464K)->6302K(6464K) NonClass: 5769K(5824K)->5769K(5824K) Class: 533K(640K)->533K(640K)
[1.874s][info][gc             ] GC(66) Pause Young (Allocation Failure) 296M->296M(349M) 13.056ms
[1.874s][info][gc,cpu         ] GC(66) User=0.00s Sys=0.00s Real=0.01s
[1.884s][info][gc,start       ] GC(67) Pause Young (Allocation Failure)
[1.900s][info][gc,heap        ] GC(67) PSYoungGen: 31808K(40448K)->24704K(41472K) Eden: 8192K(8192K)->0K(8192K) From: 23616K(32256K)->24704K(33280K)
[1.900s][info][gc,heap        ] GC(67) ParOldGen: 279849K(317440K)->287129K(317440K)
[1.900s][info][gc,metaspace   ] GC(67) Metaspace: 6302K(6464K)->6302K(6464K) NonClass: 5769K(5824K)->5769K(5824K) Class: 533K(640K)->533K(640K)
[1.900s][info][gc             ] GC(67) Pause Young (Allocation Failure) 304M->304M(350M) 16.026ms
[1.900s][info][gc,cpu         ] GC(67) User=0.02s Sys=0.00s Real=0.02s
[1.909s][info][gc,start       ] GC(68) Pause Young (Allocation Failure)
[1.925s][info][gc,heap        ] GC(68) PSYoungGen: 32896K(41472K)->24672K(43520K) Eden: 8192K(8192K)->0K(8704K) From: 24704K(33280K)->24672K(34816K)
[1.925s][info][gc,heap        ] GC(68) ParOldGen: 287129K(317440K)->295441K(317440K)
[1.925s][info][gc,metaspace   ] GC(68) Metaspace: 6302K(6464K)->6302K(6464K) NonClass: 5769K(5824K)->5769K(5824K) Class: 533K(640K)->533K(640K)
[1.925s][info][gc             ] GC(68) Pause Young (Allocation Failure) 312M->312M(352M) 15.922ms
[1.925s][info][gc,cpu         ] GC(68) User=0.00s Sys=0.00s Real=0.02s
[1.935s][info][gc,start       ] GC(69) Pause Young (Allocation Failure)
[1.952s][info][gc,heap        ] GC(69) PSYoungGen: 33376K(43520K)->16960K(44544K) Eden: 8704K(8704K)->0K(8704K) From: 24672K(34816K)->16960K(35840K)
[1.952s][info][gc,heap        ] GC(69) ParOldGen: 295441K(317440K)->312025K(317440K)
[1.952s][info][gc,metaspace   ] GC(69) Metaspace: 6302K(6464K)->6302K(6464K) NonClass: 5769K(5824K)->5769K(5824K) Class: 533K(640K)->533K(640K)
[1.952s][info][gc             ] GC(69) Pause Young (Allocation Failure) 321M->321M(353M) 16.986ms
[1.952s][info][gc,cpu         ] GC(69) User=0.03s Sys=0.00s Real=0.02s
[1.952s][info][gc,start       ] GC(70) Pause Full (Ergonomics)
[1.952s][info][gc,phases,start] GC(70) Marking Phase
[2.020s][info][gc,phases      ] GC(70) Marking Phase 67.825ms
[2.020s][info][gc,phases,start] GC(70) Summary Phase
[2.020s][info][gc,phases      ] GC(70) Summary Phase 0.022ms
[2.020s][info][gc,phases,start] GC(70) Adjust Roots
[2.020s][info][gc,phases      ] GC(70) Adjust Roots 0.181ms
[2.020s][info][gc,phases,start] GC(70) Compaction Phase
[2.051s][info][gc,phases      ] GC(70) Compaction Phase 30.891ms
[2.051s][info][gc,phases,start] GC(70) Post Compact
[2.053s][info][gc,phases      ] GC(70) Post Compact 1.812ms
[2.053s][info][gc,heap        ] GC(70) PSYoungGen: 16960K(44544K)->11213K(44544K) Eden: 0K(8704K)->0K(8704K) From: 16960K(35840K)->11213K(35840K)
[2.054s][info][gc,heap        ] GC(70) ParOldGen: 312025K(317440K)->316960K(364032K)
[2.054s][info][gc,metaspace   ] GC(70) Metaspace: 6302K(6464K)->6302K(6464K) NonClass: 5769K(5824K)->5769K(5824K) Class: 533K(640K)->533K(640K)
[2.054s][info][gc             ] GC(70) Pause Full (Ergonomics) 321M->320M(399M) 101.237ms
[2.054s][info][gc,cpu         ] GC(70) User=0.72s Sys=0.00s Real=0.10s
[2.064s][info][gc,start       ] GC(71) Pause Young (Allocation Failure)
[2.088s][info][gc,heap        ] GC(71) PSYoungGen: 19917K(44544K)->8800K(44544K) Eden: 8704K(8704K)->0K(10240K) From: 11213K(35840K)->8800K(34304K)
[2.088s][info][gc,heap        ] GC(71) ParOldGen: 316960K(364032K)->328352K(364032K)
[2.088s][info][gc,metaspace   ] GC(71) Metaspace: 6302K(6464K)->6302K(6464K) NonClass: 5769K(5824K)->5769K(5824K) Class: 533K(640K)->533K(640K)
[2.088s][info][gc             ] GC(71) Pause Young (Allocation Failure) 328M->329M(399M) 23.423ms
[2.088s][info][gc,cpu         ] GC(71) User=0.11s Sys=0.00s Real=0.02s
[2.099s][info][gc,start       ] GC(72) Pause Young (Allocation Failure)
[2.110s][info][gc,heap        ] GC(72) PSYoungGen: 19040K(44544K)->10400K(44544K) Eden: 10240K(10240K)->0K(10240K) From: 8800K(34304K)->10400K(34304K)
[2.110s][info][gc,heap        ] GC(72) ParOldGen: 328352K(364032K)->337176K(364032K)
[2.110s][info][gc,metaspace   ] GC(72) Metaspace: 6302K(6464K)->6302K(6464K) NonClass: 5769K(5824K)->5769K(5824K) Class: 533K(640K)->533K(640K)
[2.110s][info][gc             ] GC(72) Pause Young (Allocation Failure) 339M->339M(399M) 11.074ms
[2.110s][info][gc,cpu         ] GC(72) User=0.00s Sys=0.00s Real=0.01s
[2.172s][info][gc,start       ] GC(73) Pause Full (Ergonomics)
[2.172s][info][gc,phases,start] GC(73) Marking Phase
[2.253s][info][gc,phases      ] GC(73) Marking Phase 80.168ms
[2.253s][info][gc,phases,start] GC(73) Summary Phase
[2.253s][info][gc,phases      ] GC(73) Summary Phase 0.019ms
[2.253s][info][gc,phases,start] GC(73) Adjust Roots
[2.253s][info][gc,phases      ] GC(73) Adjust Roots 0.158ms
[2.253s][info][gc,phases,start] GC(73) Compaction Phase
[2.317s][info][gc,phases      ] GC(73) Compaction Phase 64.470ms
[2.317s][info][gc,phases,start] GC(73) Post Compact
[2.319s][info][gc,phases      ] GC(73) Post Compact 1.816ms
[2.320s][info][gc,heap        ] GC(73) PSYoungGen: 20640K(44544K)->1524K(44544K) Eden: 10240K(10240K)->0K(10240K) From: 10400K(34304K)->1524K(34304K)
[2.320s][info][gc,heap        ] GC(73) ParOldGen: 353560K(364032K)->363935K(413696K)
[2.320s][info][gc,metaspace   ] GC(73) Metaspace: 6302K(6464K)->6302K(6464K) NonClass: 5769K(5824K)->5769K(5824K) Class: 533K(640K)->533K(640K)
[2.320s][info][gc             ] GC(73) Pause Full (Ergonomics) 365M->356M(447M) 147.309ms
[2.320s][info][gc,cpu         ] GC(73) User=0.75s Sys=0.02s Real=0.15s
[2.332s][info][gc,start       ] GC(74) Pause Young (Allocation Failure)
[2.354s][info][gc,heap        ] GC(74) PSYoungGen: 11764K(44544K)->10336K(43008K) Eden: 10240K(10240K)->0K(11264K) From: 1524K(34304K)->10336K(31744K)
[2.354s][info][gc,heap        ] GC(74) ParOldGen: 363935K(413696K)->365511K(413696K)
[2.354s][info][gc,metaspace   ] GC(74) Metaspace: 6302K(6464K)->6302K(6464K) NonClass: 5769K(5824K)->5769K(5824K) Class: 533K(640K)->533K(640K)
[2.354s][info][gc             ] GC(74) Pause Young (Allocation Failure) 366M->367M(446M) 22.107ms
[2.354s][info][gc,cpu         ] GC(74) User=0.12s Sys=0.00s Real=0.02s
[2.365s][info][gc,start       ] GC(75) Pause Young (Allocation Failure)
[2.377s][info][gc,heap        ] GC(75) PSYoungGen: 21600K(43008K)->21600K(44032K) Eden: 11264K(11264K)->0K(11264K) From: 10336K(31744K)->21600K(32768K)
[2.377s][info][gc,heap        ] GC(75) ParOldGen: 365511K(413696K)->365511K(413696K)
[2.377s][info][gc,metaspace   ] GC(75) Metaspace: 6302K(6464K)->6302K(6464K) NonClass: 5769K(5824K)->5769K(5824K) Class: 533K(640K)->533K(640K)
[2.377s][info][gc             ] GC(75) Pause Young (Allocation Failure) 378M->378M(447M) 11.389ms
[2.377s][info][gc,cpu         ] GC(75) User=0.02s Sys=0.00s Real=0.01s
[2.388s][info][gc,start       ] GC(76) Pause Young (Allocation Failure)
[2.404s][info][gc,heap        ] GC(76) PSYoungGen: 32864K(44032K)->32896K(41472K) Eden: 11264K(11264K)->0K(8192K) From: 21600K(32768K)->32896K(33280K)
[2.404s][info][gc,heap        ] GC(76) ParOldGen: 365511K(413696K)->365511K(413696K)
[2.404s][info][gc,metaspace   ] GC(76) Metaspace: 6302K(6464K)->6302K(6464K) NonClass: 5769K(5824K)->5769K(5824K) Class: 533K(640K)->533K(640K)
[2.404s][info][gc             ] GC(76) Pause Young (Allocation Failure) 389M->389M(444M) 16.253ms
[2.404s][info][gc,cpu         ] GC(76) User=0.02s Sys=0.00s Real=0.02s
[2.413s][info][gc,start       ] GC(77) Pause Young (Allocation Failure)
[2.432s][info][gc,heap        ] GC(77) PSYoungGen: 41088K(41472K)->30848K(46080K) Eden: 8192K(8192K)->0K(8192K) From: 32896K(33280K)->30848K(37888K)
[2.432s][info][gc,heap        ] GC(77) ParOldGen: 365511K(413696K)->375879K(413696K)
[2.432s][info][gc,metaspace   ] GC(77) Metaspace: 6302K(6464K)->6302K(6464K) NonClass: 5769K(5824K)->5769K(5824K) Class: 533K(640K)->533K(640K)
[2.432s][info][gc             ] GC(77) Pause Young (Allocation Failure) 397M->397M(449M) 19.150ms
[2.432s][info][gc,cpu         ] GC(77) User=0.12s Sys=0.00s Real=0.02s
[2.441s][info][gc,start       ] GC(78) Pause Young (Allocation Failure)
[2.460s][info][gc,heap        ] GC(78) PSYoungGen: 39040K(46080K)->27808K(48640K) Eden: 8192K(8192K)->0K(8192K) From: 30848K(37888K)->27808K(40448K)
[2.460s][info][gc,heap        ] GC(78) ParOldGen: 375879K(413696K)->387311K(413696K)
[2.460s][info][gc,metaspace   ] GC(78) Metaspace: 6302K(6464K)->6302K(6464K) NonClass: 5769K(5824K)->5769K(5824K) Class: 533K(640K)->533K(640K)
[2.460s][info][gc             ] GC(78) Pause Young (Allocation Failure) 405M->405M(451M) 18.468ms
[2.460s][info][gc,cpu         ] GC(78) User=0.12s Sys=0.00s Real=0.02s
[2.468s][info][gc,start       ] GC(79) Pause Young (Allocation Failure)
[2.486s][info][gc,heap        ] GC(79) PSYoungGen: 36000K(48640K)->16448K(50176K) Eden: 8192K(8192K)->0K(8192K) From: 27808K(40448K)->16448K(41984K)
[2.486s][info][gc,heap        ] GC(79) ParOldGen: 387311K(413696K)->406991K(413696K)
[2.486s][info][gc,metaspace   ] GC(79) Metaspace: 6302K(6464K)->6302K(6464K) NonClass: 5769K(5824K)->5769K(5824K) Class: 533K(640K)->533K(640K)
[2.486s][info][gc             ] GC(79) Pause Young (Allocation Failure) 413M->413M(453M) 18.249ms
[2.486s][info][gc,cpu         ] GC(79) User=0.12s Sys=0.02s Real=0.02s
[2.486s][info][gc,start       ] GC(80) Pause Full (Ergonomics)
[2.486s][info][gc,phases,start] GC(80) Marking Phase
[2.578s][info][gc,phases      ] GC(80) Marking Phase 91.580ms
[2.578s][info][gc,phases,start] GC(80) Summary Phase
[2.578s][info][gc,phases      ] GC(80) Summary Phase 0.018ms
[2.578s][info][gc,phases,start] GC(80) Adjust Roots
[2.578s][info][gc,phases      ] GC(80) Adjust Roots 0.150ms
[2.578s][info][gc,phases,start] GC(80) Compaction Phase
[2.623s][info][gc,phases      ] GC(80) Compaction Phase 45.495ms
[2.624s][info][gc,phases,start] GC(80) Post Compact
[2.626s][info][gc,phases      ] GC(80) Post Compact 2.389ms
[2.626s][info][gc,heap        ] GC(80) PSYoungGen: 16448K(50176K)->9170K(50176K) Eden: 0K(8192K)->0K(8192K) From: 16448K(41984K)->9170K(41984K)
[2.626s][info][gc,heap        ] GC(80) ParOldGen: 406991K(413696K)->413446K(470528K)
[2.626s][info][gc,metaspace   ] GC(80) Metaspace: 6302K(6464K)->6302K(6464K) NonClass: 5769K(5824K)->5769K(5824K) Class: 533K(640K)->533K(640K)
[2.626s][info][gc             ] GC(80) Pause Full (Ergonomics) 413M->412M(508M) 140.211ms
[2.626s][info][gc,cpu         ] GC(80) User=0.92s Sys=0.00s Real=0.14s
[2.635s][info][gc,start       ] GC(81) Pause Young (Allocation Failure)
[2.662s][info][gc,heap        ] GC(81) PSYoungGen: 17362K(50176K)->8320K(48128K) Eden: 8192K(8192K)->0K(9216K) From: 9170K(41984K)->8320K(38912K)
[2.662s][info][gc,heap        ] GC(81) ParOldGen: 413446K(470528K)->422758K(470528K)
[2.662s][info][gc,metaspace   ] GC(81) Metaspace: 6302K(6464K)->6302K(6464K) NonClass: 5769K(5824K)->5769K(5824K) Class: 533K(640K)->533K(640K)
[2.662s][info][gc             ] GC(81) Pause Young (Allocation Failure) 420M->420M(506M) 26.849ms
[2.662s][info][gc,cpu         ] GC(81) User=0.11s Sys=0.02s Real=0.03s
[2.672s][info][gc,start       ] GC(82) Pause Young (Allocation Failure)
[2.684s][info][gc,heap        ] GC(82) PSYoungGen: 17536K(48128K)->9344K(49152K) Eden: 9216K(9216K)->0K(9216K) From: 8320K(38912K)->9344K(39936K)
[2.684s][info][gc,heap        ] GC(82) ParOldGen: 422758K(470528K)->431062K(470528K)
[2.684s][info][gc,metaspace   ] GC(82) Metaspace: 6302K(6464K)->6302K(6464K) NonClass: 5769K(5824K)->5769K(5824K) Class: 533K(640K)->533K(640K)
[2.684s][info][gc             ] GC(82) Pause Young (Allocation Failure) 429M->430M(507M) 11.980ms
[2.684s][info][gc,cpu         ] GC(82) User=0.02s Sys=0.00s Real=0.01s
[2.694s][info][gc,start       ] GC(83) Pause Young (Allocation Failure)
[2.704s][info][gc,heap        ] GC(83) PSYoungGen: 18560K(49152K)->9344K(49152K) Eden: 9216K(9216K)->0K(10752K) From: 9344K(39936K)->9344K(38400K)
[2.704s][info][gc,heap        ] GC(83) ParOldGen: 431062K(470528K)->440406K(470528K)
[2.704s][info][gc,metaspace   ] GC(83) Metaspace: 6302K(6464K)->6302K(6464K) NonClass: 5769K(5824K)->5769K(5824K) Class: 533K(640K)->533K(640K)
[2.704s][info][gc             ] GC(83) Pause Young (Allocation Failure) 439M->439M(507M) 10.660ms
[2.704s][info][gc,cpu         ] GC(83) User=0.00s Sys=0.00s Real=0.01s
[2.716s][info][gc,start       ] GC(84) Pause Young (Allocation Failure)
[2.728s][info][gc,heap        ] GC(84) PSYoungGen: 20096K(49152K)->10880K(49664K) Eden: 10752K(10752K)->0K(10752K) From: 9344K(38400K)->10880K(38912K)
[2.729s][info][gc,heap        ] GC(84) ParOldGen: 440406K(470528K)->449750K(470528K)
[2.729s][info][gc,metaspace   ] GC(84) Metaspace: 6302K(6464K)->6302K(6464K) NonClass: 5769K(5824K)->5769K(5824K) Class: 533K(640K)->533K(640K)
[2.729s][info][gc             ] GC(84) Pause Young (Allocation Failure) 449M->449M(508M) 12.543ms
[2.729s][info][gc,cpu         ] GC(84) User=0.02s Sys=0.00s Real=0.01s
[2.740s][info][gc,start       ] GC(85) Pause Young (Allocation Failure)
[2.753s][info][gc,heap        ] GC(85) PSYoungGen: 21632K(49664K)->10880K(47104K) Eden: 10752K(10752K)->0K(12288K) From: 10880K(38912K)->10880K(34816K)
[2.753s][info][gc,heap        ] GC(85) ParOldGen: 449750K(470528K)->460646K(470528K)
[2.753s][info][gc,metaspace   ] GC(85) Metaspace: 6302K(6464K)->6302K(6464K) NonClass: 5769K(5824K)->5769K(5824K) Class: 533K(640K)->533K(640K)
[2.753s][info][gc             ] GC(85) Pause Young (Allocation Failure) 460M->460M(505M) 12.676ms
[2.753s][info][gc,cpu         ] GC(85) User=0.02s Sys=0.00s Real=0.01s
[2.753s][info][gc,start       ] GC(86) Pause Full (Ergonomics)
[2.753s][info][gc,phases,start] GC(86) Marking Phase
[2.858s][info][gc,phases      ] GC(86) Marking Phase 105.553ms
[2.858s][info][gc,phases,start] GC(86) Summary Phase
[2.858s][info][gc,phases      ] GC(86) Summary Phase 0.021ms
[2.858s][info][gc,phases,start] GC(86) Adjust Roots
[2.859s][info][gc,phases      ] GC(86) Adjust Roots 0.176ms
[2.859s][info][gc,phases,start] GC(86) Compaction Phase
[2.907s][info][gc,phases      ] GC(86) Compaction Phase 48.510ms
[2.907s][info][gc,phases,start] GC(86) Post Compact
[2.910s][info][gc,phases      ] GC(86) Post Compact 2.364ms
[2.910s][info][gc,heap        ] GC(86) PSYoungGen: 10880K(47104K)->92K(48640K) Eden: 0K(12288K)->0K(13824K) From: 10880K(34816K)->92K(34816K)
[2.910s][info][gc,heap        ] GC(86) ParOldGen: 460646K(470528K)->470499K(527872K)
[2.910s][info][gc,metaspace   ] GC(86) Metaspace: 6302K(6464K)->6302K(6464K) NonClass: 5769K(5824K)->5769K(5824K) Class: 533K(640K)->533K(640K)
[2.910s][info][gc             ] GC(86) Pause Full (Ergonomics) 460M->459M(563M) 157.377ms
[2.910s][info][gc,cpu         ] GC(86) User=1.00s Sys=0.00s Real=0.16s
[2.927s][info][gc,start       ] GC(87) Pause Young (Allocation Failure)
[2.954s][info][gc,heap        ] GC(87) PSYoungGen: 13916K(48640K)->13920K(50176K) Eden: 13824K(13824K)->0K(13824K) From: 92K(34816K)->13920K(36352K)
[2.954s][info][gc,heap        ] GC(87) ParOldGen: 470499K(527872K)->470627K(527872K)
[2.954s][info][gc,metaspace   ] GC(87) Metaspace: 6302K(6464K)->6302K(6464K) NonClass: 5769K(5824K)->5769K(5824K) Class: 533K(640K)->533K(640K)
[2.954s][info][gc             ] GC(87) Pause Young (Allocation Failure) 473M->473M(564M) 27.220ms
[2.954s][info][gc,cpu         ] GC(87) User=0.14s Sys=0.00s Real=0.03s
[2.969s][info][gc,start       ] GC(88) Pause Young (Allocation Failure)
[2.984s][info][gc,heap        ] GC(88) PSYoungGen: 27744K(50176K)->27776K(47616K) Eden: 13824K(13824K)->0K(12800K) From: 13920K(36352K)->27776K(34816K)
[2.984s][info][gc,heap        ] GC(88) ParOldGen: 470627K(527872K)->470627K(527872K)
[2.984s][info][gc,metaspace   ] GC(88) Metaspace: 6302K(6464K)->6302K(6464K) NonClass: 5769K(5824K)->5769K(5824K) Class: 533K(640K)->533K(640K)
[2.984s][info][gc             ] GC(88) Pause Young (Allocation Failure) 486M->486M(562M) 14.939ms
[2.984s][info][gc,cpu         ] GC(88) User=0.00s Sys=0.00s Real=0.02s
[2.998s][info][gc,start       ] GC(89) Pause Young (Allocation Failure)
[3.018s][info][gc,heap        ] GC(89) PSYoungGen: 40576K(47616K)->37376K(50176K) Eden: 12800K(12800K)->0K(12800K) From: 27776K(34816K)->37376K(37376K)
[3.018s][info][gc,heap        ] GC(89) ParOldGen: 470627K(527872K)->473763K(527872K)
[3.018s][info][gc,metaspace   ] GC(89) Metaspace: 6302K(6464K)->6302K(6464K) NonClass: 5769K(5824K)->5769K(5824K) Class: 533K(640K)->533K(640K)
[3.018s][info][gc             ] GC(89) Pause Young (Allocation Failure) 499M->499M(564M) 19.974ms
[3.018s][info][gc,cpu         ] GC(89) User=0.14s Sys=0.00s Real=0.02s
[3.032s][info][gc,start       ] GC(90) Pause Young (Allocation Failure)
[3.056s][info][gc,heap        ] GC(90) PSYoungGen: 50176K(50176K)->24416K(57344K) Eden: 12800K(12800K)->0K(14336K) From: 37376K(37376K)->24416K(43008K)
[3.057s][info][gc,heap        ] GC(90) ParOldGen: 473763K(527872K)->499963K(527872K)
[3.057s][info][gc,metaspace   ] GC(90) Metaspace: 6302K(6464K)->6302K(6464K) NonClass: 5769K(5824K)->5769K(5824K) Class: 533K(640K)->533K(640K)
[3.057s][info][gc             ] GC(90) Pause Young (Allocation Failure) 511M->512M(571M) 25.001ms
[3.057s][info][gc,cpu         ] GC(90) User=0.14s Sys=0.00s Real=0.03s
[3.072s][info][gc,start       ] GC(91) Pause Young (Allocation Failure)
[3.091s][info][gc,heap        ] GC(91) PSYoungGen: 38752K(57344K)->27296K(57856K) Eden: 14336K(14336K)->0K(14336K) From: 24416K(43008K)->27296K(43520K)
[3.091s][info][gc,heap        ] GC(91) ParOldGen: 499963K(527872K)->511651K(527872K)
[3.091s][info][gc,metaspace   ] GC(91) Metaspace: 6302K(6464K)->6302K(6464K) NonClass: 5769K(5824K)->5769K(5824K) Class: 533K(640K)->533K(640K)
[3.091s][info][gc             ] GC(91) Pause Young (Allocation Failure) 526M->526M(572M) 19.445ms
[3.092s][info][gc,cpu         ] GC(91) User=0.08s Sys=0.05s Real=0.02s
[3.092s][info][gc,start       ] GC(92) Pause Full (Ergonomics)
[3.092s][info][gc,phases,start] GC(92) Marking Phase
[3.213s][info][gc,phases      ] GC(92) Marking Phase 121.131ms
[3.213s][info][gc,phases,start] GC(92) Summary Phase
[3.213s][info][gc,phases      ] GC(92) Summary Phase 0.026ms
[3.213s][info][gc,phases,start] GC(92) Adjust Roots
[3.213s][info][gc,phases      ] GC(92) Adjust Roots 0.155ms
[3.213s][info][gc,phases,start] GC(92) Compaction Phase
[3.263s][info][gc,phases      ] GC(92) Compaction Phase 49.983ms
[3.263s][info][gc,phases,start] GC(92) Post Compact
[3.264s][info][gc,phases      ] GC(92) Post Compact 0.889ms
[3.264s][info][gc,heap        ] GC(92) PSYoungGen: 27296K(57856K)->10207K(57856K) Eden: 0K(14336K)->0K(14336K) From: 27296K(43520K)->10207K(43520K)
[3.264s][info][gc,heap        ] GC(92) ParOldGen: 511651K(527872K)->527802K(593920K)
[3.264s][info][gc,metaspace   ] GC(92) Metaspace: 6302K(6464K)->6302K(6464K) NonClass: 5769K(5824K)->5769K(5824K) Class: 533K(640K)->533K(640K)
[3.264s][info][gc             ] GC(92) Pause Full (Ergonomics) 526M->525M(636M) 172.736ms
[3.264s][info][gc,cpu         ] GC(92) User=1.25s Sys=0.00s Real=0.17s
[3.280s][info][gc,start       ] GC(93) Pause Young (Allocation Failure)
[3.315s][info][gc,heap        ] GC(93) PSYoungGen: 24543K(57856K)->20832K(55296K) Eden: 14336K(14336K)->0K(15872K) From: 10207K(43520K)->20832K(39424K)
[3.315s][info][gc,heap        ] GC(93) ParOldGen: 527802K(593920K)->531754K(593920K)
[3.315s][info][gc,metaspace   ] GC(93) Metaspace: 6302K(6464K)->6302K(6464K) NonClass: 5769K(5824K)->5769K(5824K) Class: 533K(640K)->533K(640K)
[3.315s][info][gc             ] GC(93) Pause Young (Allocation Failure) 539M->539M(634M) 34.108ms
[3.315s][info][gc,cpu         ] GC(93) User=0.14s Sys=0.00s Real=0.03s
[3.332s][info][gc,start       ] GC(94) Pause Young (Allocation Failure)
[3.351s][info][gc,heap        ] GC(94) PSYoungGen: 36704K(55296K)->36672K(57856K) Eden: 15872K(15872K)->0K(15872K) From: 20832K(39424K)->36672K(41984K)
[3.351s][info][gc,heap        ] GC(94) ParOldGen: 531754K(593920K)->531754K(593920K)
[3.351s][info][gc,metaspace   ] GC(94) Metaspace: 6302K(6464K)->6302K(6464K) NonClass: 5769K(5824K)->5769K(5824K) Class: 533K(640K)->533K(640K)
[3.352s][info][gc             ] GC(94) Pause Young (Allocation Failure) 555M->555M(636M) 19.414ms
[3.352s][info][gc,cpu         ] GC(94) User=0.11s Sys=0.00s Real=0.02s
[3.369s][info][gc,start       ] GC(95) Pause Young (Allocation Failure)
[3.396s][info][gc,heap        ] GC(95) PSYoungGen: 52544K(57856K)->45568K(54272K) Eden: 15872K(15872K)->0K(8704K) From: 36672K(41984K)->45568K(45568K)
[3.396s][info][gc,heap        ] GC(95) ParOldGen: 531754K(593920K)->538858K(593920K)
[3.396s][info][gc,metaspace   ] GC(95) Metaspace: 6302K(6464K)->6302K(6464K) NonClass: 5769K(5824K)->5769K(5824K) Class: 533K(640K)->533K(640K)
[3.396s][info][gc             ] GC(95) Pause Young (Allocation Failure) 570M->570M(633M) 26.831ms
[3.396s][info][gc,cpu         ] GC(95) User=0.09s Sys=0.05s Real=0.03s
[3.405s][info][gc,start       ] GC(96) Pause Young (Allocation Failure)
[3.438s][info][gc,heap        ] GC(96) PSYoungGen: 54272K(54272K)->24416K(33280K) Eden: 8704K(8704K)->0K(8704K) From: 45568K(45568K)->24416K(24576K)
[3.438s][info][gc,heap        ] GC(96) ParOldGen: 538858K(593920K)->569098K(593920K)
[3.438s][info][gc,metaspace   ] GC(96) Metaspace: 6302K(6464K)->6302K(6464K) NonClass: 5769K(5824K)->5769K(5824K) Class: 533K(640K)->533K(640K)
[3.438s][info][gc             ] GC(96) Pause Young (Allocation Failure) 579M->579M(612M) 33.113ms
[3.438s][info][gc,cpu         ] GC(96) User=0.12s Sys=0.05s Real=0.03s
[3.438s][info][gc,start       ] GC(97) Pause Full (Ergonomics)
[3.438s][info][gc,phases,start] GC(97) Marking Phase
[3.559s][info][gc,phases      ] GC(97) Marking Phase 121.074ms
[3.560s][info][gc,phases,start] GC(97) Summary Phase
[3.560s][info][gc,phases      ] GC(97) Summary Phase 0.036ms
[3.560s][info][gc,phases,start] GC(97) Adjust Roots
[3.560s][info][gc,phases      ] GC(97) Adjust Roots 0.155ms
[3.560s][info][gc,phases,start] GC(97) Compaction Phase
[3.613s][info][gc,phases      ] GC(97) Compaction Phase 53.259ms
[3.613s][info][gc,phases,start] GC(97) Post Compact
[3.614s][info][gc,phases      ] GC(97) Post Compact 1.039ms
[3.615s][info][gc,heap        ] GC(97) PSYoungGen: 24416K(33280K)->0K(61952K) Eden: 0K(8704K)->0K(10240K) From: 24416K(24576K)->0K(51712K)
[3.615s][info][gc,heap        ] GC(97) ParOldGen: 569098K(593920K)->592669K(667648K)
[3.615s][info][gc,metaspace   ] GC(97) Metaspace: 6302K(6464K)->6302K(6464K) NonClass: 5769K(5824K)->5769K(5824K) Class: 533K(640K)->533K(640K)
[3.615s][info][gc             ] GC(97) Pause Full (Ergonomics) 579M->578M(712M) 176.497ms
[3.615s][info][gc,cpu         ] GC(97) User=1.22s Sys=0.05s Real=0.18s
[3.627s][info][gc,start       ] GC(98) Pause Young (Allocation Failure)
[3.636s][info][gc,heap        ] GC(98) PSYoungGen: 10240K(61952K)->10304K(61952K) Eden: 10240K(10240K)->0K(10240K) From: 0K(51712K)->10304K(51712K)
[3.636s][info][gc,heap        ] GC(98) ParOldGen: 592669K(667648K)->592669K(667648K)
[3.636s][info][gc,metaspace   ] GC(98) Metaspace: 6302K(6464K)->6302K(6464K) NonClass: 5769K(5824K)->5769K(5824K) Class: 533K(640K)->533K(640K)
[3.636s][info][gc             ] GC(98) Pause Young (Allocation Failure) 588M->588M(712M) 8.839ms
[3.636s][info][gc,cpu         ] GC(98) User=0.00s Sys=0.00s Real=0.01s
[3.648s][info][gc,start       ] GC(99) Pause Young (Allocation Failure)
[3.660s][info][gc,heap        ] GC(99) PSYoungGen: 20544K(61952K)->20576K(58880K) Eden: 10240K(10240K)->0K(11264K) From: 10304K(51712K)->20576K(47616K)
[3.660s][info][gc,heap        ] GC(99) ParOldGen: 592669K(667648K)->592669K(667648K)
[3.660s][info][gc,metaspace   ] GC(99) Metaspace: 6302K(6464K)->6302K(6464K) NonClass: 5769K(5824K)->5769K(5824K) Class: 533K(640K)->533K(640K)
[3.660s][info][gc             ] GC(99) Pause Young (Allocation Failure) 598M->598M(709M) 11.965ms
[3.660s][info][gc,cpu         ] GC(99) User=0.02s Sys=0.00s Real=0.01s
[3.673s][info][gc,start       ] GC(100) Pause Young (Allocation Failure)
[3.690s][info][gc,heap        ] GC(100) PSYoungGen: 31840K(58880K)->31840K(60928K) Eden: 11264K(11264K)->0K(11264K) From: 20576K(47616K)->31840K(49664K)
[3.690s][info][gc,heap        ] GC(100) ParOldGen: 592669K(667648K)->592669K(667648K)
[3.690s][info][gc,metaspace   ] GC(100) Metaspace: 6302K(6464K)->6302K(6464K) NonClass: 5769K(5824K)->5769K(5824K) Class: 533K(640K)->533K(640K)
[3.690s][info][gc             ] GC(100) Pause Young (Allocation Failure) 609M->609M(711M) 16.858ms
[3.690s][info][gc,cpu         ] GC(100) User=0.03s Sys=0.00s Real=0.02s
[3.704s][info][gc,start       ] GC(101) Pause Young (Allocation Failure)
[3.728s][info][gc,heap        ] GC(101) PSYoungGen: 43104K(60928K)->32864K(62464K) Eden: 11264K(11264K)->0K(12288K) From: 31840K(49664K)->32864K(50176K)
[3.728s][info][gc,heap        ] GC(101) ParOldGen: 592669K(667648K)->603061K(667648K)
[3.728s][info][gc,metaspace   ] GC(101) Metaspace: 6302K(6464K)->6302K(6464K) NonClass: 5769K(5824K)->5769K(5824K) Class: 533K(640K)->533K(640K)
[3.728s][info][gc             ] GC(101) Pause Young (Allocation Failure) 620M->621M(713M) 24.385ms
[3.728s][info][gc,cpu         ] GC(101) User=0.12s Sys=0.00s Real=0.03s
[3.744s][info][gc,start       ] GC(102) Pause Young (Allocation Failure)
[3.769s][info][gc,heap        ] GC(102) PSYoungGen: 45152K(62464K)->34912K(62976K) Eden: 12288K(12288K)->0K(12288K) From: 32864K(50176K)->34912K(50688K)
[3.769s][info][gc,heap        ] GC(102) ParOldGen: 603061K(667648K)->613461K(667648K)
[3.769s][info][gc,metaspace   ] GC(102) Metaspace: 6302K(6464K)->6302K(6464K) NonClass: 5769K(5824K)->5769K(5824K) Class: 533K(640K)->533K(640K)
[3.769s][info][gc             ] GC(102) Pause Young (Allocation Failure) 633M->633M(713M) 25.893ms
[3.769s][info][gc,cpu         ] GC(102) User=0.09s Sys=0.02s Real=0.03s
[3.783s][info][gc,start       ] GC(103) Pause Young (Allocation Failure)
[3.809s][info][gc,heap        ] GC(103) PSYoungGen: 47200K(62976K)->35936K(64512K) Eden: 12288K(12288K)->0K(12800K) From: 34912K(50688K)->35936K(51712K)
[3.809s][info][gc,heap        ] GC(103) ParOldGen: 613461K(667648K)->624893K(667648K)
[3.809s][info][gc,metaspace   ] GC(103) Metaspace: 6302K(6464K)->6302K(6464K) NonClass: 5769K(5824K)->5769K(5824K) Class: 533K(640K)->533K(640K)
[3.809s][info][gc             ] GC(103) Pause Young (Allocation Failure) 645M->645M(715M) 25.973ms
[3.809s][info][gc,cpu         ] GC(103) User=0.11s Sys=0.02s Real=0.03s
[3.824s][info][gc,start       ] GC(104) Pause Young (Allocation Failure)
[3.855s][info][gc,heap        ] GC(104) PSYoungGen: 48736K(64512K)->25184K(38400K) Eden: 12800K(12800K)->0K(12800K) From: 35936K(51712K)->25184K(25600K)
[3.855s][info][gc,heap        ] GC(104) ParOldGen: 624893K(667648K)->648773K(667648K)
[3.855s][info][gc,metaspace   ] GC(104) Metaspace: 6302K(6464K)->6302K(6464K) NonClass: 5769K(5824K)->5769K(5824K) Class: 533K(640K)->533K(640K)
[3.855s][info][gc             ] GC(104) Pause Young (Allocation Failure) 657M->658M(689M) 30.853ms
[3.855s][info][gc,cpu         ] GC(104) User=0.08s Sys=0.06s Real=0.03s
[3.855s][info][gc,start       ] GC(105) Pause Full (Ergonomics)
[3.855s][info][gc,phases,start] GC(105) Marking Phase
[4.000s][info][gc,phases      ] GC(105) Marking Phase 144.459ms
[4.000s][info][gc,phases,start] GC(105) Summary Phase
[4.000s][info][gc,phases      ] GC(105) Summary Phase 0.021ms
[4.000s][info][gc,phases,start] GC(105) Adjust Roots
[4.000s][info][gc,phases      ] GC(105) Adjust Roots 0.151ms
[4.000s][info][gc,phases,start] GC(105) Compaction Phase
[4.062s][info][gc,phases      ] GC(105) Compaction Phase 61.956ms
[4.062s][info][gc,phases,start] GC(105) Post Compact
[4.063s][info][gc,phases      ] GC(105) Post Compact 1.129ms
[4.064s][info][gc,heap        ] GC(105) PSYoungGen: 25184K(38400K)->5606K(38400K) Eden: 0K(12800K)->0K(12800K) From: 25184K(25600K)->5606K(25600K)
[4.064s][info][gc,heap        ] GC(105) ParOldGen: 648773K(667648K)->667226K(747520K)
[4.064s][info][gc,metaspace   ] GC(105) Metaspace: 6302K(6464K)->6302K(6464K) NonClass: 5769K(5824K)->5769K(5824K) Class: 533K(640K)->533K(640K)
[4.064s][info][gc             ] GC(105) Pause Full (Ergonomics) 658M->657M(767M) 208.627ms
[4.064s][info][gc,cpu         ] GC(105) User=1.45s Sys=0.05s Real=0.21s
[4.081s][info][gc,start       ] GC(106) Pause Young (Allocation Failure)
[4.120s][info][gc,heap        ] GC(106) PSYoungGen: 18406K(38400K)->12928K(65024K) Eden: 12800K(12800K)->0K(14336K) From: 5606K(25600K)->12928K(50688K)
[4.120s][info][gc,heap        ] GC(106) ParOldGen: 667226K(747520K)->672954K(747520K)
[4.120s][info][gc,metaspace   ] GC(106) Metaspace: 6302K(6464K)->6302K(6464K) NonClass: 5769K(5824K)->5769K(5824K) Class: 533K(640K)->533K(640K)
[4.120s][info][gc             ] GC(106) Pause Young (Allocation Failure) 669M->669M(793M) 39.593ms
[4.120s][info][gc,cpu         ] GC(106) User=0.16s Sys=0.08s Real=0.04s
[4.138s][info][gc,start       ] GC(107) Pause Young (Allocation Failure)
[4.158s][info][gc,heap        ] GC(107) PSYoungGen: 27264K(65024K)->14464K(65024K) Eden: 14336K(14336K)->0K(14336K) From: 12928K(50688K)->14464K(50688K)
[4.158s][info][gc,heap        ] GC(107) ParOldGen: 672954K(747520K)->685946K(747520K)
[4.158s][info][gc,metaspace   ] GC(107) Metaspace: 6302K(6464K)->6302K(6464K) NonClass: 5769K(5824K)->5769K(5824K) Class: 533K(640K)->533K(640K)
[4.158s][info][gc             ] GC(107) Pause Young (Allocation Failure) 683M->683M(793M) 20.057ms
[4.158s][info][gc,cpu         ] GC(107) User=0.12s Sys=0.00s Real=0.02s
[4.323s][info][gc,start       ] GC(108) Pause Young (Allocation Failure)
[4.358s][info][gc,heap        ] GC(108) PSYoungGen: 28800K(65024K)->14496K(63488K) Eden: 14336K(14336K)->0K(15872K) From: 14464K(50688K)->14496K(47616K)
[4.358s][info][gc,heap        ] GC(108) ParOldGen: 718714K(747520K)->733250K(747520K)
[4.359s][info][gc,metaspace   ] GC(108) Metaspace: 6302K(6464K)->6302K(6464K) NonClass: 5769K(5824K)->5769K(5824K) Class: 533K(640K)->533K(640K)
[4.359s][info][gc             ] GC(108) Pause Young (Allocation Failure) 729M->730M(792M) 35.059ms
[4.359s][info][gc,cpu         ] GC(108) User=0.22s Sys=0.02s Real=0.03s
[4.359s][info][gc,start       ] GC(109) Pause Full (Ergonomics)
[4.359s][info][gc,phases,start] GC(109) Marking Phase
[4.512s][info][gc,phases      ] GC(109) Marking Phase 153.528ms
[4.512s][info][gc,phases,start] GC(109) Summary Phase
[4.512s][info][gc,phases      ] GC(109) Summary Phase 0.029ms
[4.512s][info][gc,phases,start] GC(109) Adjust Roots
[4.512s][info][gc,phases      ] GC(109) Adjust Roots 0.151ms
[4.512s][info][gc,phases,start] GC(109) Compaction Phase
[4.625s][info][gc,phases      ] GC(109) Compaction Phase 112.405ms
[4.625s][info][gc,phases,start] GC(109) Post Compact
[4.626s][info][gc,phases      ] GC(109) Post Compact 1.548ms
[4.627s][info][gc,heap        ] GC(109) PSYoungGen: 14496K(63488K)->0K(65024K) Eden: 0K(15872K)->0K(15872K) From: 14496K(47616K)->0K(49152K)
[4.627s][info][gc,heap        ] GC(109) ParOldGen: 733250K(747520K)->730587K(815616K)
[4.627s][info][gc,metaspace   ] GC(109) Metaspace: 6302K(6464K)->6302K(6464K) NonClass: 5769K(5824K)->5769K(5824K) Class: 533K(640K)->533K(640K)
[4.627s][info][gc             ] GC(109) Pause Full (Ergonomics) 730M->713M(860M) 268.559ms
[4.627s][info][gc,cpu         ] GC(109) User=1.83s Sys=0.00s Real=0.27s
[4.646s][info][gc,start       ] GC(110) Pause Young (Allocation Failure)
[4.659s][info][gc,heap        ] GC(110) PSYoungGen: 15872K(65024K)->16032K(62976K) Eden: 15872K(15872K)->0K(17408K) From: 0K(49152K)->16032K(45568K)
[4.659s][info][gc,heap        ] GC(110) ParOldGen: 730587K(815616K)->730587K(815616K)
[4.659s][info][gc,metaspace   ] GC(110) Metaspace: 6302K(6464K)->6302K(6464K) NonClass: 5769K(5824K)->5769K(5824K) Class: 533K(640K)->533K(640K)
[4.659s][info][gc             ] GC(110) Pause Young (Allocation Failure) 728M->729M(858M) 13.207ms
[4.659s][info][gc,cpu         ] GC(110) User=0.02s Sys=0.00s Real=0.01s
[4.677s][info][gc,start       ] GC(111) Pause Young (Allocation Failure)
[4.696s][info][gc,heap        ] GC(111) PSYoungGen: 33440K(62976K)->33376K(65024K) Eden: 17408K(17408K)->0K(17408K) From: 16032K(45568K)->33376K(47616K)
[4.696s][info][gc,heap        ] GC(111) ParOldGen: 730587K(815616K)->730587K(815616K)
[4.696s][info][gc,metaspace   ] GC(111) Metaspace: 6302K(6464K)->6302K(6464K) NonClass: 5769K(5824K)->5769K(5824K) Class: 533K(640K)->533K(640K)
[4.696s][info][gc             ] GC(111) Pause Young (Allocation Failure) 746M->746M(860M) 18.854ms
[4.696s][info][gc,cpu         ] GC(111) User=0.02s Sys=0.00s Real=0.02s
[4.715s][info][gc,start       ] GC(112) Pause Young (Allocation Failure)
[4.741s][info][gc,heap        ] GC(112) PSYoungGen: 50784K(65024K)->49152K(60928K) Eden: 17408K(17408K)->0K(11776K) From: 33376K(47616K)->49152K(49152K)
[4.741s][info][gc,heap        ] GC(112) ParOldGen: 730587K(815616K)->732187K(815616K)
[4.741s][info][gc,metaspace   ] GC(112) Metaspace: 6302K(6464K)->6302K(6464K) NonClass: 5769K(5824K)->5769K(5824K) Class: 533K(640K)->533K(640K)
[4.741s][info][gc             ] GC(112) Pause Young (Allocation Failure) 763M->763M(856M) 26.416ms
[4.741s][info][gc,cpu         ] GC(112) User=0.12s Sys=0.00s Real=0.03s
[4.754s][info][gc,start       ] GC(113) Pause Young (Allocation Failure)
[4.785s][info][gc,heap        ] GC(113) PSYoungGen: 60928K(60928K)->46592K(68608K) Eden: 11776K(11776K)->0K(11776K) From: 49152K(49152K)->46592K(56832K)
[4.785s][info][gc,heap        ] GC(113) ParOldGen: 732187K(815616K)->746875K(815616K)
[4.785s][info][gc,metaspace   ] GC(113) Metaspace: 6302K(6464K)->6302K(6464K) NonClass: 5769K(5824K)->5769K(5824K) Class: 533K(640K)->533K(640K)
[4.785s][info][gc             ] GC(113) Pause Young (Allocation Failure) 774M->774M(863M) 31.822ms
[4.785s][info][gc,cpu         ] GC(113) User=0.05s Sys=0.02s Real=0.03s
[4.798s][info][gc,start       ] GC(114) Pause Young (Allocation Failure)
[4.830s][info][gc,heap        ] GC(114) PSYoungGen: 58368K(68608K)->41056K(73728K) Eden: 11776K(11776K)->0K(12288K) From: 46592K(56832K)->41056K(61440K)
[4.830s][info][gc,heap        ] GC(114) ParOldGen: 746875K(815616K)->764475K(815616K)
[4.830s][info][gc,metaspace   ] GC(114) Metaspace: 6302K(6464K)->6302K(6464K) NonClass: 5769K(5824K)->5769K(5824K) Class: 533K(640K)->533K(640K)
[4.830s][info][gc             ] GC(114) Pause Young (Allocation Failure) 786M->786M(868M) 32.237ms
[4.830s][info][gc,cpu         ] GC(114) User=0.08s Sys=0.06s Real=0.03s
[4.843s][info][gc,start       ] GC(115) Pause Young (Allocation Failure)
[4.877s][info][gc,heap        ] GC(115) PSYoungGen: 53344K(73728K)->24224K(36864K) Eden: 12288K(12288K)->0K(12288K) From: 41056K(61440K)->24224K(24576K)
[4.877s][info][gc,heap        ] GC(115) ParOldGen: 764475K(815616K)->794051K(815616K)
[4.877s][info][gc,metaspace   ] GC(115) Metaspace: 6302K(6464K)->6302K(6464K) NonClass: 5769K(5824K)->5769K(5824K) Class: 533K(640K)->533K(640K)
[4.877s][info][gc             ] GC(115) Pause Young (Allocation Failure) 798M->799M(832M) 34.099ms
[4.877s][info][gc,cpu         ] GC(115) User=0.14s Sys=0.11s Real=0.03s
[4.877s][info][gc,start       ] GC(116) Pause Full (Ergonomics)
[4.877s][info][gc,phases,start] GC(116) Marking Phase
[5.057s][info][gc,phases      ] GC(116) Marking Phase 180.227ms
[5.057s][info][gc,phases,start] GC(116) Summary Phase
[5.057s][info][gc,phases      ] GC(116) Summary Phase 0.023ms
[5.057s][info][gc,phases,start] GC(116) Adjust Roots
[5.057s][info][gc,phases      ] GC(116) Adjust Roots 0.163ms
[5.057s][info][gc,phases,start] GC(116) Compaction Phase
[5.148s][info][gc,phases      ] GC(116) Compaction Phase 90.561ms
[5.148s][info][gc,phases,start] GC(116) Post Compact
[5.149s][info][gc,phases      ] GC(116) Post Compact 1.580ms
[5.150s][info][gc,heap        ] GC(116) PSYoungGen: 24224K(36864K)->1545K(36864K) Eden: 0K(12288K)->0K(12288K) From: 24224K(24576K)->1545K(24576K)
[5.150s][info][gc,heap        ] GC(116) ParOldGen: 794051K(815616K)->815388K(912896K)
[5.150s][info][gc,metaspace   ] GC(116) Metaspace: 6302K(6464K)->6302K(6464K) NonClass: 5769K(5824K)->5769K(5824K) Class: 533K(640K)->533K(640K)
[5.151s][info][gc             ] GC(116) Pause Full (Ergonomics) 799M->797M(927M) 273.765ms
[5.151s][info][gc,cpu         ] GC(116) User=1.77s Sys=0.06s Real=0.27s
[5.164s][info][gc,start       ] GC(117) Pause Young (Allocation Failure)
[5.205s][info][gc,heap        ] GC(117) PSYoungGen: 13833K(36864K)->12384K(73216K) Eden: 12288K(12288K)->0K(13824K) From: 1545K(24576K)->12384K(59392K)
[5.206s][info][gc,heap        ] GC(117) ParOldGen: 815388K(912896K)->816988K(912896K)
[5.206s][info][gc,metaspace   ] GC(117) Metaspace: 6302K(6464K)->6302K(6464K) NonClass: 5769K(5824K)->5769K(5824K) Class: 533K(640K)->533K(640K)
[5.206s][info][gc             ] GC(117) Pause Young (Allocation Failure) 809M->809M(963M) 41.699ms
[5.206s][info][gc,cpu         ] GC(117) User=0.25s Sys=0.02s Real=0.04s
[5.221s][info][gc,start       ] GC(118) Pause Young (Allocation Failure)
[5.239s][info][gc,heap        ] GC(118) PSYoungGen: 26208K(73216K)->13920K(73728K) Eden: 13824K(13824K)->0K(13824K) From: 12384K(59392K)->13920K(59904K)
[5.239s][info][gc,heap        ] GC(118) ParOldGen: 816988K(912896K)->829476K(912896K)
[5.239s][info][gc,metaspace   ] GC(118) Metaspace: 6302K(6464K)->6302K(6464K) NonClass: 5769K(5824K)->5769K(5824K) Class: 533K(640K)->533K(640K)
[5.239s][info][gc             ] GC(118) Pause Young (Allocation Failure) 823M->823M(963M) 18.587ms
[5.239s][info][gc,cpu         ] GC(118) User=0.09s Sys=0.02s Real=0.02s
[5.255s][info][gc,start       ] GC(119) Pause Young (Allocation Failure)
[5.275s][info][gc,heap        ] GC(119) PSYoungGen: 27744K(73728K)->13952K(72192K) Eden: 13824K(13824K)->0K(15872K) From: 13920K(59904K)->13952K(56320K)
[5.275s][info][gc,heap        ] GC(119) ParOldGen: 829476K(912896K)->843516K(912896K)
[5.275s][info][gc,metaspace   ] GC(119) Metaspace: 6302K(6464K)->6302K(6464K) NonClass: 5769K(5824K)->5769K(5824K) Class: 533K(640K)->533K(640K)
[5.275s][info][gc             ] GC(119) Pause Young (Allocation Failure) 837M->837M(962M) 19.948ms
[5.275s][info][gc,cpu         ] GC(119) User=0.02s Sys=0.02s Real=0.02s
[5.291s][info][gc,start       ] GC(120) Pause Young (Allocation Failure)
[5.312s][info][gc,heap        ] GC(120) PSYoungGen: 29824K(72192K)->16064K(73728K) Eden: 15872K(15872K)->0K(15872K) From: 13952K(56320K)->16064K(57856K)
[5.312s][info][gc,heap        ] GC(120) ParOldGen: 843516K(912896K)->857564K(912896K)
[5.312s][info][gc,metaspace   ] GC(120) Metaspace: 6302K(6464K)->6302K(6464K) NonClass: 5769K(5824K)->5769K(5824K) Class: 533K(640K)->533K(640K)
[5.312s][info][gc             ] GC(120) Pause Young (Allocation Failure) 852M->853M(963M) 20.750ms
[5.312s][info][gc,cpu         ] GC(120) User=0.03s Sys=0.09s Real=0.02s
[5.329s][info][gc,start       ] GC(121) Pause Young (Allocation Failure)
[5.351s][info][gc,heap        ] GC(121) PSYoungGen: 31936K(73728K)->16032K(70144K) Eden: 15872K(15872K)->0K(17920K) From: 16064K(57856K)->16032K(52224K)
[5.351s][info][gc,heap        ] GC(121) ParOldGen: 857564K(912896K)->873684K(912896K)
[5.351s][info][gc,metaspace   ] GC(121) Metaspace: 6302K(6464K)->6302K(6464K) NonClass: 5769K(5824K)->5769K(5824K) Class: 533K(640K)->533K(640K)
[5.351s][info][gc             ] GC(121) Pause Young (Allocation Failure) 868M->868M(960M) 22.550ms
[5.351s][info][gc,cpu         ] GC(121) User=0.11s Sys=0.02s Real=0.02s
[5.371s][info][gc,start       ] GC(122) Pause Young (Allocation Failure)
[5.394s][info][gc,heap        ] GC(122) PSYoungGen: 33952K(70144K)->18048K(72192K) Eden: 17920K(17920K)->0K(17920K) From: 16032K(52224K)->18048K(54272K)
[5.394s][info][gc,heap        ] GC(122) ParOldGen: 873684K(912896K)->889796K(912896K)
[5.394s][info][gc,metaspace   ] GC(122) Metaspace: 6302K(6464K)->6302K(6464K) NonClass: 5769K(5824K)->5769K(5824K) Class: 533K(640K)->533K(640K)
[5.394s][info][gc             ] GC(122) Pause Young (Allocation Failure) 886M->886M(962M) 23.380ms
[5.394s][info][gc,cpu         ] GC(122) User=0.14s Sys=0.00s Real=0.02s
[5.394s][info][gc,start       ] GC(123) Pause Full (Ergonomics)
[5.394s][info][gc,phases,start] GC(123) Marking Phase
[5.599s][info][gc,phases      ] GC(123) Marking Phase 204.823ms
[5.599s][info][gc,phases,start] GC(123) Summary Phase
[5.599s][info][gc,phases      ] GC(123) Summary Phase 0.042ms
[5.599s][info][gc,phases,start] GC(123) Adjust Roots
[5.599s][info][gc,phases      ] GC(123) Adjust Roots 0.184ms
[5.599s][info][gc,phases,start] GC(123) Compaction Phase
[5.689s][info][gc,phases      ] GC(123) Compaction Phase 90.182ms
[5.689s][info][gc,phases,start] GC(123) Post Compact
[5.691s][info][gc,phases      ] GC(123) Post Compact 1.641ms
[5.692s][info][gc,heap        ] GC(123) PSYoungGen: 18048K(72192K)->0K(72192K) Eden: 0K(17920K)->0K(19968K) From: 18048K(54272K)->0K(52224K)
[5.692s][info][gc,heap        ] GC(123) ParOldGen: 889796K(912896K)->906352K(1007616K)
[5.692s][info][gc,metaspace   ] GC(123) Metaspace: 6302K(6464K)->6302K(6464K) NonClass: 5769K(5824K)->5769K(5824K) Class: 533K(640K)->533K(640K)
[5.692s][info][gc             ] GC(123) Pause Full (Ergonomics) 886M->885M(1054M) 298.230ms
[5.692s][info][gc,cpu         ] GC(123) User=2.00s Sys=0.03s Real=0.30s
[5.715s][info][gc,start       ] GC(124) Pause Young (Allocation Failure)
[5.730s][info][gc,heap        ] GC(124) PSYoungGen: 19968K(72192K)->20064K(40448K) Eden: 19968K(19968K)->0K(19968K) From: 0K(52224K)->20064K(20480K)
[5.730s][info][gc,heap        ] GC(124) ParOldGen: 906352K(1007616K)->906352K(1007616K)
[5.730s][info][gc,metaspace   ] GC(124) Metaspace: 6302K(6464K)->6302K(6464K) NonClass: 5769K(5824K)->5769K(5824K) Class: 533K(640K)->533K(640K)
[5.730s][info][gc             ] GC(124) Pause Young (Allocation Failure) 904M->904M(1023M) 14.990ms
[5.730s][info][gc,cpu         ] GC(124) User=0.02s Sys=0.00s Real=0.02s
[5.753s][info][gc,start       ] GC(125) Pause Young (Allocation Failure)
[5.775s][info][gc,heap        ] GC(125) PSYoungGen: 40032K(40448K)->40064K(68096K) Eden: 19968K(19968K)->0K(18432K) From: 20064K(20480K)->40064K(49664K)
[5.775s][info][gc,heap        ] GC(125) ParOldGen: 906352K(1007616K)->906352K(1007616K)
[5.775s][info][gc,metaspace   ] GC(125) Metaspace: 6302K(6464K)->6302K(6464K) NonClass: 5769K(5824K)->5769K(5824K) Class: 533K(640K)->533K(640K)
[5.775s][info][gc             ] GC(125) Pause Young (Allocation Failure) 924M->924M(1050M) 21.335ms
[5.775s][info][gc,cpu         ] GC(125) User=0.12s Sys=0.00s Real=0.02s
[5.797s][info][gc,start       ] GC(126) Pause Young (Allocation Failure)
[5.827s][info][gc,heap        ] GC(126) PSYoungGen: 58496K(68096K)->53248K(71680K) Eden: 18432K(18432K)->0K(18432K) From: 40064K(49664K)->53248K(53248K)
[5.827s][info][gc,heap        ] GC(126) ParOldGen: 906352K(1007616K)->911592K(1007616K)
[5.827s][info][gc,metaspace   ] GC(126) Metaspace: 6302K(6464K)->6302K(6464K) NonClass: 5769K(5824K)->5769K(5824K) Class: 533K(640K)->533K(640K)
[5.827s][info][gc             ] GC(126) Pause Young (Allocation Failure) 942M->942M(1054M) 30.359ms
[5.827s][info][gc,cpu         ] GC(126) User=0.25s Sys=0.00s Real=0.03s
[5.848s][info][gc,start       ] GC(127) Pause Young (Allocation Failure)
[5.893s][info][gc,heap        ] GC(127) PSYoungGen: 71680K(71680K)->36704K(83968K) Eden: 18432K(18432K)->0K(20992K) From: 53248K(53248K)->36704K(62976K)
[5.893s][info][gc,heap        ] GC(127) ParOldGen: 911592K(1007616K)->947216K(1007616K)
[5.893s][info][gc,metaspace   ] GC(127) Metaspace: 6302K(6464K)->6302K(6464K) NonClass: 5769K(5824K)->5769K(5824K) Class: 533K(640K)->533K(640K)
[5.893s][info][gc             ] GC(127) Pause Young (Allocation Failure) 960M->960M(1066M) 44.538ms
[5.893s][info][gc,cpu         ] GC(127) User=0.16s Sys=0.11s Real=0.04s
[5.916s][info][gc,start       ] GC(128) Pause Young (Allocation Failure)
[5.949s][info][gc,heap        ] GC(128) PSYoungGen: 57696K(83968K)->39552K(83968K) Eden: 20992K(20992K)->0K(20992K) From: 36704K(62976K)->39552K(62976K)
[5.949s][info][gc,heap        ] GC(128) ParOldGen: 947216K(1007616K)->965616K(1007616K)
[5.949s][info][gc,metaspace   ] GC(128) Metaspace: 6302K(6464K)->6302K(6464K) NonClass: 5769K(5824K)->5769K(5824K) Class: 533K(640K)->533K(640K)
[5.949s][info][gc             ] GC(128) Pause Young (Allocation Failure) 981M->981M(1066M) 33.082ms
[5.949s][info][gc,cpu         ] GC(128) User=0.14s Sys=0.02s Real=0.03s
[5.972s][info][gc,start       ] GC(129) Pause Young (Allocation Failure)
[6.011s][info][gc,heap        ] GC(129) PSYoungGen: 60544K(83968K)->42144K(85504K) Eden: 20992K(20992K)->0K(22016K) From: 39552K(62976K)->42144K(63488K)
[6.011s][info][gc,heap        ] GC(129) ParOldGen: 965616K(1007616K)->984336K(1007616K)
[6.011s][info][gc,metaspace   ] GC(129) Metaspace: 6302K(6464K)->6302K(6464K) NonClass: 5769K(5824K)->5769K(5824K) Class: 533K(640K)->533K(640K)
[6.011s][info][gc             ] GC(129) Pause Young (Allocation Failure) 1002M->1002M(1067M) 38.321ms
[6.011s][info][gc,cpu         ] GC(129) User=0.17s Sys=0.08s Real=0.04s
[6.011s][info][gc,start       ] GC(130) Pause Full (Ergonomics)
[6.011s][info][gc,phases,start] GC(130) Marking Phase
[6.238s][info][gc,phases      ] GC(130) Marking Phase 227.113ms
[6.238s][info][gc,phases,start] GC(130) Summary Phase
[6.238s][info][gc,phases      ] GC(130) Summary Phase 0.036ms
[6.238s][info][gc,phases,start] GC(130) Adjust Roots
[6.238s][info][gc,phases      ] GC(130) Adjust Roots 0.148ms
[6.238s][info][gc,phases,start] GC(130) Compaction Phase
[6.341s][info][gc,phases      ] GC(130) Compaction Phase 102.838ms
[6.341s][info][gc,phases,start] GC(130) Post Compact
[6.343s][info][gc,phases      ] GC(130) Post Compact 1.855ms
[6.344s][info][gc,heap        ] GC(130) PSYoungGen: 42144K(85504K)->17398K(85504K) Eden: 0K(22016K)->0K(22016K) From: 42144K(63488K)->17398K(63488K)
[6.344s][info][gc,heap        ] GC(130) ParOldGen: 984336K(1007616K)->1007545K(1121280K)
[6.344s][info][gc,metaspace   ] GC(130) Metaspace: 6302K(6464K)->6302K(6464K) NonClass: 5769K(5824K)->5769K(5824K) Class: 533K(640K)->533K(640K)
[6.344s][info][gc             ] GC(130) Pause Full (Ergonomics) 1002M->1000M(1178M) 333.407ms
[6.344s][info][gc,cpu         ] GC(130) User=2.11s Sys=0.09s Real=0.33s
[6.372s][info][gc,start       ] GC(131) Pause Young (Allocation Failure)
[6.434s][info][gc,heap        ] GC(131) PSYoungGen: 39414K(85504K)->33152K(87040K) Eden: 22016K(22016K)->0K(22016K) From: 17398K(63488K)->33152K(65024K)
[6.434s][info][gc,heap        ] GC(131) ParOldGen: 1007545K(1121280K)->1014081K(1121280K)
[6.434s][info][gc,metaspace   ] GC(131) Metaspace: 6302K(6464K)->6302K(6464K) NonClass: 5769K(5824K)->5769K(5824K) Class: 533K(640K)->533K(640K)
[6.434s][info][gc             ] GC(131) Pause Young (Allocation Failure) 1022M->1022M(1180M) 62.622ms
[6.434s][info][gc,cpu         ] GC(131) User=0.33s Sys=0.05s Real=0.06s
[6.458s][info][gc,start       ] GC(132) Pause Young (Allocation Failure)
[6.492s][info][gc,heap        ] GC(132) PSYoungGen: 55168K(87040K)->55200K(81408K) Eden: 22016K(22016K)->0K(18944K) From: 33152K(65024K)->55200K(62464K)
[6.492s][info][gc,heap        ] GC(132) ParOldGen: 1014081K(1121280K)->1014081K(1121280K)
[6.492s][info][gc,metaspace   ] GC(132) Metaspace: 6302K(6464K)->6302K(6464K) NonClass: 5769K(5824K)->5769K(5824K) Class: 533K(640K)->533K(640K)
[6.492s][info][gc             ] GC(132) Pause Young (Allocation Failure) 1044M->1044M(1174M) 34.012ms
[6.492s][info][gc,cpu         ] GC(132) User=0.16s Sys=0.00s Real=0.03s
[6.513s][info][gc,start       ] GC(133) Pause Young (Allocation Failure)
[6.553s][info][gc,heap        ] GC(133) PSYoungGen: 74144K(81408K)->63168K(87040K) Eden: 18944K(18944K)->0K(18944K) From: 55200K(62464K)->63168K(68096K)
[6.553s][info][gc,heap        ] GC(133) ParOldGen: 1014081K(1121280K)->1025273K(1121280K)
[6.553s][info][gc,metaspace   ] GC(133) Metaspace: 6302K(6464K)->6302K(6464K) NonClass: 5769K(5824K)->5769K(5824K) Class: 533K(640K)->533K(640K)
[6.553s][info][gc             ] GC(133) Pause Young (Allocation Failure) 1062M->1062M(1180M) 39.956ms
[6.553s][info][gc,cpu         ] GC(133) User=0.20s Sys=0.06s Real=0.04s
[6.575s][info][gc,start       ] GC(134) Pause Young (Allocation Failure)
[6.627s][info][gc,heap        ] GC(134) PSYoungGen: 82112K(87040K)->60064K(92672K) Eden: 18944K(18944K)->0K(16896K) From: 63168K(68096K)->60064K(75776K)
[6.627s][info][gc,heap        ] GC(134) ParOldGen: 1025273K(1121280K)->1047633K(1121280K)
[6.627s][info][gc,metaspace   ] GC(134) Metaspace: 6302K(6464K)->6302K(6464K) NonClass: 5769K(5824K)->5769K(5824K) Class: 533K(640K)->533K(640K)
[6.627s][info][gc             ] GC(134) Pause Young (Allocation Failure) 1081M->1081M(1185M) 51.992ms
[6.627s][info][gc,cpu         ] GC(134) User=0.19s Sys=0.11s Real=0.05s
[6.646s][info][gc,start       ] GC(135) Pause Young (Allocation Failure)
[6.697s][info][gc,heap        ] GC(135) PSYoungGen: 76960K(92672K)->36000K(53248K) Eden: 16896K(16896K)->0K(16896K) From: 60064K(75776K)->36000K(36352K)
[6.697s][info][gc,heap        ] GC(135) ParOldGen: 1047633K(1121280K)->1089193K(1121280K)
[6.697s][info][gc,metaspace   ] GC(135) Metaspace: 6302K(6464K)->6302K(6464K) NonClass: 5769K(5824K)->5769K(5824K) Class: 533K(640K)->533K(640K)
[6.697s][info][gc             ] GC(135) Pause Young (Allocation Failure) 1098M->1098M(1147M) 51.016ms
[6.697s][info][gc,cpu         ] GC(135) User=0.16s Sys=0.12s Real=0.05s
[6.697s][info][gc,start       ] GC(136) Pause Full (Ergonomics)
[6.697s][info][gc,phases,start] GC(136) Marking Phase
[6.945s][info][gc,phases      ] GC(136) Marking Phase 247.830ms
[6.945s][info][gc,phases,start] GC(136) Summary Phase
[6.945s][info][gc,phases      ] GC(136) Summary Phase 0.057ms
[6.945s][info][gc,phases,start] GC(136) Adjust Roots
[6.945s][info][gc,phases      ] GC(136) Adjust Roots 0.252ms
[6.945s][info][gc,phases,start] GC(136) Compaction Phase
[7.052s][info][gc,phases      ] GC(136) Compaction Phase 107.106ms
[7.052s][info][gc,phases,start] GC(136) Post Compact
[7.054s][info][gc,phases      ] GC(136) Post Compact 1.835ms
[7.055s][info][gc,heap        ] GC(136) PSYoungGen: 36000K(53248K)->2573K(53248K) Eden: 0K(16896K)->0K(16896K) From: 36000K(36352K)->2573K(36352K)
[7.055s][info][gc,heap        ] GC(136) ParOldGen: 1089193K(1121280K)->1121041K(1249792K)
[7.055s][info][gc,metaspace   ] GC(136) Metaspace: 6302K(6464K)->6302K(6464K) NonClass: 5769K(5824K)->5769K(5824K) Class: 533K(640K)->533K(640K)
[7.055s][info][gc             ] GC(136) Pause Full (Ergonomics) 1098M->1097M(1272M) 357.895ms
[7.055s][info][gc,cpu         ] GC(136) User=2.33s Sys=0.08s Real=0.36s
[7.074s][info][gc,start       ] GC(137) Pause Young (Allocation Failure)
[7.133s][info][gc,heap        ] GC(137) PSYoungGen: 19469K(53248K)->17056K(95232K) Eden: 16896K(16896K)->0K(18944K) From: 2573K(36352K)->17056K(76288K)
[7.133s][info][gc,heap        ] GC(137) ParOldGen: 1121041K(1249792K)->1123665K(1249792K)
[7.133s][info][gc,metaspace   ] GC(137) Metaspace: 6302K(6464K)->6302K(6464K) NonClass: 5769K(5824K)->5769K(5824K) Class: 533K(640K)->533K(640K)
[7.133s][info][gc             ] GC(137) Pause Young (Allocation Failure) 1113M->1113M(1313M) 58.757ms
[7.133s][info][gc,cpu         ] GC(137) User=0.39s Sys=0.00s Real=0.06s
[7.155s][info][gc,start       ] GC(138) Pause Young (Allocation Failure)
[7.181s][info][gc,heap        ] GC(138) PSYoungGen: 36000K(95232K)->19104K(95744K) Eden: 18944K(18944K)->0K(18944K) From: 17056K(76288K)->19104K(76800K)
[7.181s][info][gc,heap        ] GC(138) ParOldGen: 1123665K(1249792K)->1140817K(1249792K)
[7.181s][info][gc,metaspace   ] GC(138) Metaspace: 6302K(6464K)->6302K(6464K) NonClass: 5769K(5824K)->5769K(5824K) Class: 533K(640K)->533K(640K)
[7.181s][info][gc             ] GC(138) Pause Young (Allocation Failure) 1132M->1132M(1314M) 26.897ms
[7.181s][info][gc,cpu         ] GC(138) User=0.08s Sys=0.05s Real=0.03s
[7.203s][info][gc,start       ] GC(139) Pause Young (Allocation Failure)
[7.231s][info][gc,heap        ] GC(139) PSYoungGen: 38048K(95744K)->19104K(94208K) Eden: 18944K(18944K)->0K(21504K) From: 19104K(76800K)->19104K(72704K)
[7.231s][info][gc,heap        ] GC(139) ParOldGen: 1140817K(1249792K)->1160057K(1249792K)
[7.231s][info][gc,metaspace   ] GC(139) Metaspace: 6302K(6464K)->6302K(6464K) NonClass: 5769K(5824K)->5769K(5824K) Class: 533K(640K)->533K(640K)
[7.231s][info][gc             ] GC(139) Pause Young (Allocation Failure) 1151M->1151M(1312M) 27.634ms
[7.231s][info][gc,cpu         ] GC(139) User=0.08s Sys=0.16s Real=0.03s
[7.256s][info][gc,start       ] GC(140) Pause Young (Allocation Failure)
[7.284s][info][gc,heap        ] GC(140) PSYoungGen: 40608K(94208K)->21696K(95744K) Eden: 21504K(21504K)->0K(21504K) From: 19104K(72704K)->21696K(74240K)
[7.284s][info][gc,heap        ] GC(140) ParOldGen: 1160057K(1249792K)->1179289K(1249792K)
[7.284s][info][gc,metaspace   ] GC(140) Metaspace: 6302K(6464K)->6302K(6464K) NonClass: 5769K(5824K)->5769K(5824K) Class: 533K(640K)->533K(640K)
[7.284s][info][gc             ] GC(140) Pause Young (Allocation Failure) 1172M->1172M(1314M) 28.236ms
[7.284s][info][gc,cpu         ] GC(140) User=0.06s Sys=0.06s Real=0.03s
[7.310s][info][gc,start       ] GC(141) Pause Young (Allocation Failure)
[7.342s][info][gc,heap        ] GC(141) PSYoungGen: 43200K(95744K)->21664K(91136K) Eden: 21504K(21504K)->0K(24064K) From: 21696K(74240K)->21664K(67072K)
[7.342s][info][gc,heap        ] GC(141) ParOldGen: 1179289K(1249792K)->1201137K(1249792K)
[7.342s][info][gc,metaspace   ] GC(141) Metaspace: 6302K(6464K)->6302K(6464K) NonClass: 5769K(5824K)->5769K(5824K) Class: 533K(640K)->533K(640K)
[7.342s][info][gc             ] GC(141) Pause Young (Allocation Failure) 1193M->1194M(1309M) 31.663ms
[7.342s][info][gc,cpu         ] GC(141) User=0.11s Sys=0.02s Real=0.03s
[7.371s][info][gc,start       ] GC(142) Pause Young (Allocation Failure)
[7.402s][info][gc,heap        ] GC(142) PSYoungGen: 45728K(91136K)->24160K(93696K) Eden: 24064K(24064K)->0K(24064K) From: 21664K(67072K)->24160K(69632K)
[7.402s][info][gc,heap        ] GC(142) ParOldGen: 1201137K(1249792K)->1222977K(1249792K)
[7.402s][info][gc,metaspace   ] GC(142) Metaspace: 6302K(6464K)->6302K(6464K) NonClass: 5769K(5824K)->5769K(5824K) Class: 533K(640K)->533K(640K)
[7.402s][info][gc             ] GC(142) Pause Young (Allocation Failure) 1217M->1217M(1312M) 31.553ms
[7.402s][info][gc,cpu         ] GC(142) User=0.09s Sys=0.05s Real=0.03s
[7.402s][info][gc,start       ] GC(143) Pause Full (Ergonomics)
[7.402s][info][gc,phases,start] GC(143) Marking Phase
[7.680s][info][gc,phases      ] GC(143) Marking Phase 277.508ms
[7.680s][info][gc,phases,start] GC(143) Summary Phase
[7.680s][info][gc,phases      ] GC(143) Summary Phase 0.033ms
[7.680s][info][gc,phases,start] GC(143) Adjust Roots
[7.680s][info][gc,phases      ] GC(143) Adjust Roots 0.152ms
[7.680s][info][gc,phases,start] GC(143) Compaction Phase
[7.788s][info][gc,phases      ] GC(143) Compaction Phase 108.263ms
[7.788s][info][gc,phases,start] GC(143) Post Compact
[7.790s][info][gc,phases      ] GC(143) Post Compact 1.926ms
[7.791s][info][gc,heap        ] GC(143) PSYoungGen: 24160K(93696K)->0K(94208K) Eden: 0K(24064K)->0K(27136K) From: 24160K(69632K)->0K(67072K)
[7.791s][info][gc,heap        ] GC(143) ParOldGen: 1222977K(1249792K)->1245283K(1380352K)
[7.791s][info][gc,metaspace   ] GC(143) Metaspace: 6302K(6464K)->6302K(6464K) NonClass: 5769K(5824K)->5769K(5824K) Class: 533K(640K)->533K(640K)
[7.791s][info][gc             ] GC(143) Pause Full (Ergonomics) 1217M->1216M(1440M) 389.120ms
[7.791s][info][gc,cpu         ] GC(143) User=2.88s Sys=0.06s Real=0.39s
[7.826s][info][gc,start       ] GC(144) Pause Young (Allocation Failure)
[7.845s][info][gc,heap        ] GC(144) PSYoungGen: 27136K(94208K)->27296K(54784K) Eden: 27136K(27136K)->0K(27136K) From: 0K(67072K)->27296K(27648K)
[7.845s][info][gc,heap        ] GC(144) ParOldGen: 1245283K(1380352K)->1245283K(1380352K)
[7.845s][info][gc,metaspace   ] GC(144) Metaspace: 6302K(6464K)->6302K(6464K) NonClass: 5769K(5824K)->5769K(5824K) Class: 533K(640K)->533K(640K)
[7.845s][info][gc             ] GC(144) Pause Young (Allocation Failure) 1242M->1242M(1401M) 18.829ms
[7.845s][info][gc,cpu         ] GC(144) User=0.03s Sys=0.00s Real=0.02s
[7.881s][info][gc,start       ] GC(145) Pause Young (Allocation Failure)
[7.912s][info][gc,heap        ] GC(145) PSYoungGen: 54432K(54784K)->54464K(88064K) Eden: 27136K(27136K)->0K(24064K) From: 27296K(27648K)->54464K(64000K)
[7.912s][info][gc,heap        ] GC(145) ParOldGen: 1245283K(1380352K)->1245283K(1380352K)
[7.912s][info][gc,metaspace   ] GC(145) Metaspace: 6302K(6464K)->6302K(6464K) NonClass: 5769K(5824K)->5769K(5824K) Class: 533K(640K)->533K(640K)
[7.912s][info][gc             ] GC(145) Pause Young (Allocation Failure) 1269M->1269M(1434M) 31.616ms
[7.912s][info][gc,cpu         ] GC(145) User=0.14s Sys=0.00s Real=0.03s
[7.932s][info][gc,start       ] GC(146) Pause Young (Allocation Failure)
[7.966s][info][gc,heap        ] GC(146) PSYoungGen: 78528K(88064K)->67744K(93696K) Eden: 24064K(24064K)->0K(24064K) From: 54464K(64000K)->67744K(69632K)
[7.966s][info][gc,heap        ] GC(146) ParOldGen: 1245283K(1380352K)->1245283K(1380352K)
[7.966s][info][gc,metaspace   ] GC(146) Metaspace: 6302K(6464K)->6302K(6464K) NonClass: 5769K(5824K)->5769K(5824K) Class: 533K(640K)->533K(640K)
[7.966s][info][gc             ] GC(146) Pause Young (Allocation Failure) 1292M->1282M(1439M) 34.285ms
[7.966s][info][gc,cpu         ] GC(146) User=0.14s Sys=0.00s Real=0.04s
[7.989s][info][gc,start       ] GC(147) Pause Young (Allocation Failure)
[8.040s][info][gc,heap        ] GC(147) PSYoungGen: 91808K(93696K)->57120K(101888K) Eden: 24064K(24064K)->0K(23040K) From: 67744K(69632K)->57120K(78848K)
[8.040s][info][gc,heap        ] GC(147) ParOldGen: 1245283K(1380352K)->1272819K(1380352K)
[8.040s][info][gc,metaspace   ] GC(147) Metaspace: 6302K(6464K)->6302K(6464K) NonClass: 5769K(5824K)->5769K(5824K) Class: 533K(640K)->533K(640K)
[8.040s][info][gc             ] GC(147) Pause Young (Allocation Failure) 1305M->1298M(1447M) 51.267ms
[8.040s][info][gc,cpu         ] GC(147) User=0.23s Sys=0.03s Real=0.05s
[8.071s][info][gc,start       ] GC(148) Pause Young (Allocation Failure)
[8.120s][info][gc,heap        ] GC(148) PSYoungGen: 80160K(101888K)->52992K(105472K) Eden: 23040K(23040K)->0K(23040K) From: 57120K(78848K)->52992K(82432K)
[8.120s][info][gc,heap        ] GC(148) ParOldGen: 1272819K(1380352K)->1300355K(1380352K)
[8.120s][info][gc,metaspace   ] GC(148) Metaspace: 6302K(6464K)->6302K(6464K) NonClass: 5769K(5824K)->5769K(5824K) Class: 533K(640K)->533K(640K)
[8.120s][info][gc             ] GC(148) Pause Young (Allocation Failure) 1321M->1321M(1451M) 49.198ms
[8.120s][info][gc,cpu         ] GC(148) User=0.22s Sys=0.05s Real=0.05s
[8.149s][info][gc,start       ] GC(149) Pause Young (Allocation Failure)
[8.196s][info][gc,heap        ] GC(149) PSYoungGen: 76032K(105472K)->62784K(104448K) Eden: 23040K(23040K)->0K(20992K) From: 52992K(82432K)->62784K(83456K)
[8.196s][info][gc,heap        ] GC(149) ParOldGen: 1300355K(1380352K)->1313867K(1380352K)
[8.196s][info][gc,metaspace   ] GC(149) Metaspace: 6302K(6464K)->6302K(6464K) NonClass: 5769K(5824K)->5769K(5824K) Class: 533K(640K)->533K(640K)
[8.196s][info][gc             ] GC(149) Pause Young (Allocation Failure) 1344M->1344M(1450M) 47.090ms
[8.196s][info][gc,cpu         ] GC(149) User=0.20s Sys=0.06s Real=0.05s
[8.224s][info][gc,start       ] GC(150) Pause Young (Allocation Failure)
[8.283s][info][gc,heap        ] GC(150) PSYoungGen: 83776K(104448K)->44192K(65536K) Eden: 20992K(20992K)->0K(20992K) From: 62784K(83456K)->44192K(44544K)
[8.283s][info][gc,heap        ] GC(150) ParOldGen: 1313867K(1380352K)->1354019K(1380352K)
[8.283s][info][gc,metaspace   ] GC(150) Metaspace: 6302K(6464K)->6302K(6464K) NonClass: 5769K(5824K)->5769K(5824K) Class: 533K(640K)->533K(640K)
[8.283s][info][gc             ] GC(150) Pause Young (Allocation Failure) 1364M->1365M(1412M) 59.027ms
[8.283s][info][gc,cpu         ] GC(150) User=0.31s Sys=0.05s Real=0.06s
[8.283s][info][gc,start       ] GC(151) Pause Full (Ergonomics)
[8.283s][info][gc,phases,start] GC(151) Marking Phase
[8.600s][info][gc,phases      ] GC(151) Marking Phase 316.775ms
[8.600s][info][gc,phases,start] GC(151) Summary Phase
[8.600s][info][gc,phases      ] GC(151) Summary Phase 0.049ms
[8.600s][info][gc,phases,start] GC(151) Adjust Roots
[8.600s][info][gc,phases      ] GC(151) Adjust Roots 0.215ms
[8.600s][info][gc,phases,start] GC(151) Compaction Phase
[8.982s][info][gc,phases      ] GC(151) Compaction Phase 381.982ms
[8.982s][info][gc,phases,start] GC(151) Post Compact
[8.985s][info][gc,phases      ] GC(151) Post Compact 2.757ms
[8.986s][info][gc,heap        ] GC(151) PSYoungGen: 44192K(65536K)->16380K(65536K) Eden: 0K(20992K)->0K(20992K) From: 44192K(44544K)->16380K(44544K)
[8.986s][info][gc,heap        ] GC(151) ParOldGen: 1354019K(1380352K)->1379858K(1532416K)
[8.986s][info][gc,metaspace   ] GC(151) Metaspace: 6302K(6464K)->6302K(6464K) NonClass: 5769K(5824K)->5769K(5824K) Class: 533K(640K)->533K(640K)
[8.986s][info][gc             ] GC(151) Pause Full (Ergonomics) 1365M->1363M(1560M) 703.620ms
[8.986s][info][gc,cpu         ] GC(151) User=4.80s Sys=0.08s Real=0.70s
[9.332s][info][gc,start       ] GC(152) Pause Young (Allocation Failure)
[9.422s][info][gc,heap        ] GC(152) PSYoungGen: 37372K(65536K)->21152K(105984K) Eden: 20992K(20992K)->0K(23552K) From: 16380K(44544K)->21152K(82432K)
[9.422s][info][gc,heap        ] GC(152) ParOldGen: 1445394K(1532416K)->1462066K(1532416K)
[9.422s][info][gc,metaspace   ] GC(152) Metaspace: 6302K(6464K)->6302K(6464K) NonClass: 5769K(5824K)->5769K(5824K) Class: 533K(640K)->533K(640K)
[9.422s][info][gc             ] GC(152) Pause Young (Allocation Failure) 1448M->1448M(1600M) 90.147ms
[9.422s][info][gc,cpu         ] GC(152) User=0.41s Sys=0.00s Real=0.09s
[9.447s][info][gc,start       ] GC(153) Pause Young (Allocation Failure)
[9.483s][info][gc,heap        ] GC(153) PSYoungGen: 44704K(105984K)->44704K(107008K) Eden: 23552K(23552K)->0K(23552K) From: 21152K(82432K)->44704K(83456K)
[9.483s][info][gc,heap        ] GC(153) ParOldGen: 1462066K(1532416K)->1462066K(1532416K)
[9.483s][info][gc,metaspace   ] GC(153) Metaspace: 6302K(6464K)->6302K(6464K) NonClass: 5769K(5824K)->5769K(5824K) Class: 533K(640K)->533K(640K)
[9.483s][info][gc             ] GC(153) Pause Young (Allocation Failure) 1471M->1471M(1601M) 36.563ms
[9.483s][info][gc,cpu         ] GC(153) User=0.05s Sys=0.00s Real=0.04s
[9.507s][info][gc,start       ] GC(154) Pause Young (Allocation Failure)
[9.556s][info][gc,heap        ] GC(154) PSYoungGen: 68256K(107008K)->47264K(104960K) Eden: 23552K(23552K)->0K(26624K) From: 44704K(83456K)->47264K(78336K)
[9.556s][info][gc,heap        ] GC(154) ParOldGen: 1462066K(1532416K)->1483386K(1532416K)
[9.556s][info][gc,metaspace   ] GC(154) Metaspace: 6302K(6464K)->6302K(6464K) NonClass: 5769K(5824K)->5769K(5824K) Class: 533K(640K)->533K(640K)
[9.556s][info][gc             ] GC(154) Pause Young (Allocation Failure) 1494M->1494M(1599M) 48.945ms
[9.556s][info][gc,cpu         ] GC(154) User=0.08s Sys=0.08s Real=0.05s
[9.582s][info][gc,start       ] GC(155) Pause Young (Allocation Failure)
[9.634s][info][gc,heap        ] GC(155) PSYoungGen: 73888K(104960K)->50368K(105984K) Eden: 26624K(26624K)->0K(26624K) From: 47264K(78336K)->50368K(79360K)
[9.634s][info][gc,heap        ] GC(155) ParOldGen: 1483386K(1532416K)->1507306K(1532416K)
[9.634s][info][gc,metaspace   ] GC(155) Metaspace: 6302K(6464K)->6302K(6464K) NonClass: 5769K(5824K)->5769K(5824K) Class: 533K(640K)->533K(640K)
[9.634s][info][gc             ] GC(155) Pause Young (Allocation Failure) 1520M->1521M(1600M) 51.655ms
[9.634s][info][gc,cpu         ] GC(155) User=0.17s Sys=0.11s Real=0.05s
[9.634s][info][gc,start       ] GC(156) Pause Full (Ergonomics)
[9.634s][info][gc,phases,start] GC(156) Marking Phase
[9.972s][info][gc,phases      ] GC(156) Marking Phase 338.376ms
[9.972s][info][gc,phases,start] GC(156) Summary Phase
[9.972s][info][gc,phases      ] GC(156) Summary Phase 0.051ms
[9.972s][info][gc,phases,start] GC(156) Adjust Roots
[9.973s][info][gc,phases      ] GC(156) Adjust Roots 0.168ms
[9.973s][info][gc,phases,start] GC(156) Compaction Phase
[10.218s][info][gc,phases      ] GC(156) Compaction Phase 245.743ms
[10.218s][info][gc,phases,start] GC(156) Post Compact
[10.222s][info][gc,phases      ] GC(156) Post Compact 3.487ms
[10.224s][info][gc,heap        ] GC(156) PSYoungGen: 50368K(105984K)->0K(109056K) Eden: 0K(26624K)->0K(30208K) From: 50368K(79360K)->0K(78848K)
[10.224s][info][gc,heap        ] GC(156) ParOldGen: 1507306K(1532416K)->1523599K(1682944K)
[10.224s][info][gc,metaspace   ] GC(156) Metaspace: 6302K(6464K)->6302K(6464K) NonClass: 5769K(5824K)->5769K(5824K) Class: 533K(640K)->533K(640K)
[10.224s][info][gc             ] GC(156) Pause Full (Ergonomics) 1521M->1487M(1750M) 590.044ms
[10.224s][info][gc,cpu         ] GC(156) User=4.00s Sys=0.03s Real=0.59s
[10.257s][info][gc,start       ] GC(157) Pause Young (Allocation Failure)
[10.281s][info][gc,heap        ] GC(157) PSYoungGen: 30208K(109056K)->30304K(109056K) Eden: 30208K(30208K)->0K(30208K) From: 0K(78848K)->30304K(78848K)
[10.281s][info][gc,heap        ] GC(157) ParOldGen: 1523599K(1682944K)->1523599K(1682944K)
[10.281s][info][gc,metaspace   ] GC(157) Metaspace: 6302K(6464K)->6302K(6464K) NonClass: 5769K(5824K)->5769K(5824K) Class: 533K(640K)->533K(640K)
[10.281s][info][gc             ] GC(157) Pause Young (Allocation Failure) 1517M->1517M(1750M) 23.821ms
[10.281s][info][gc,cpu         ] GC(157) User=0.03s Sys=0.00s Real=0.02s
[10.311s][info][gc,start       ] GC(158) Pause Young (Allocation Failure)
[10.346s][info][gc,heap        ] GC(158) PSYoungGen: 60512K(109056K)->60608K(107008K) Eden: 30208K(30208K)->0K(29696K) From: 30304K(78848K)->60608K(77312K)
[10.346s][info][gc,heap        ] GC(158) ParOldGen: 1523599K(1682944K)->1523599K(1682944K)
[10.346s][info][gc,metaspace   ] GC(158) Metaspace: 6302K(6464K)->6302K(6464K) NonClass: 5769K(5824K)->5769K(5824K) Class: 533K(640K)->533K(640K)
[10.346s][info][gc             ] GC(158) Pause Young (Allocation Failure) 1546M->1547M(1748M) 34.874ms
[10.346s][info][gc,cpu         ] GC(158) User=0.17s Sys=0.00s Real=0.03s
[10.377s][info][gc,start       ] GC(159) Pause Young (Allocation Failure)
[10.427s][info][gc,heap        ] GC(159) PSYoungGen: 90304K(107008K)->80896K(110592K) Eden: 29696K(29696K)->0K(29696K) From: 60608K(77312K)->80896K(80896K)
[10.427s][info][gc,heap        ] GC(159) ParOldGen: 1523599K(1682944K)->1533079K(1682944K)
[10.427s][info][gc,metaspace   ] GC(159) Metaspace: 6302K(6464K)->6302K(6464K) NonClass: 5769K(5824K)->5769K(5824K) Class: 533K(640K)->533K(640K)
[10.427s][info][gc             ] GC(159) Pause Young (Allocation Failure) 1576M->1576M(1751M) 49.585ms
[10.427s][info][gc,cpu         ] GC(159) User=0.28s Sys=0.00s Real=0.05s
[10.455s][info][gc,start       ] GC(160) Pause Young (Allocation Failure)
[10.538s][info][gc,heap        ] GC(160) PSYoungGen: 110592K(110592K)->84512K(118272K) Eden: 29696K(29696K)->0K(23552K) From: 80896K(80896K)->84512K(94720K)
[10.538s][info][gc,heap        ] GC(160) ParOldGen: 1533079K(1682944K)->1559703K(1682944K)
[10.538s][info][gc,metaspace   ] GC(160) Metaspace: 6302K(6464K)->6302K(6464K) NonClass: 5769K(5824K)->5769K(5824K) Class: 533K(640K)->533K(640K)
[10.538s][info][gc             ] GC(160) Pause Young (Allocation Failure) 1605M->1605M(1759M) 82.874ms
[10.538s][info][gc,cpu         ] GC(160) User=0.30s Sys=0.31s Real=0.08s
[10.561s][info][gc,start       ] GC(161) Pause Young (Allocation Failure)
[10.623s][info][gc,heap        ] GC(161) PSYoungGen: 108064K(118272K)->82912K(127488K) Eden: 23552K(23552K)->0K(23552K) From: 84512K(94720K)->82912K(103936K)
[10.623s][info][gc,heap        ] GC(161) ParOldGen: 1559703K(1682944K)->1585239K(1682944K)
[10.623s][info][gc,metaspace   ] GC(161) Metaspace: 6302K(6464K)->6302K(6464K) NonClass: 5769K(5824K)->5769K(5824K) Class: 533K(640K)->533K(640K)
[10.623s][info][gc             ] GC(161) Pause Young (Allocation Failure) 1628M->1629M(1768M) 62.237ms
[10.623s][info][gc,cpu         ] GC(161) User=0.23s Sys=0.16s Real=0.06s
[10.647s][info][gc,start       ] GC(162) Pause Young (Allocation Failure)
[10.731s][info][gc,heap        ] GC(162) PSYoungGen: 106464K(127488K)->47328K(129024K) Eden: 23552K(23552K)->0K(27136K) From: 82912K(103936K)->47328K(101888K)
[10.731s][info][gc,heap        ] GC(162) ParOldGen: 1585239K(1682944K)->1645239K(1682944K)
[10.731s][info][gc,metaspace   ] GC(162) Metaspace: 6302K(6464K)->6302K(6464K) NonClass: 5769K(5824K)->5769K(5824K) Class: 533K(640K)->533K(640K)
[10.731s][info][gc             ] GC(162) Pause Young (Allocation Failure) 1652M->1652M(1769M) 84.457ms
[10.732s][info][gc,cpu         ] GC(162) User=0.34s Sys=0.27s Real=0.09s
[10.732s][info][gc,start       ] GC(163) Pause Full (Ergonomics)
[10.732s][info][gc,phases,start] GC(163) Marking Phase
[11.113s][info][gc,phases      ] GC(163) Marking Phase 380.979ms
[11.113s][info][gc,phases,start] GC(163) Summary Phase
[11.113s][info][gc,phases      ] GC(163) Summary Phase 0.041ms
[11.113s][info][gc,phases,start] GC(163) Adjust Roots
[11.113s][info][gc,phases      ] GC(163) Adjust Roots 0.157ms
[11.113s][info][gc,phases,start] GC(163) Compaction Phase
[11.292s][info][gc,phases      ] GC(163) Compaction Phase 178.951ms
[11.292s][info][gc,phases,start] GC(163) Post Compact
[11.295s][info][gc,phases      ] GC(163) Post Compact 3.344ms
[11.297s][info][gc,heap        ] GC(163) PSYoungGen: 47328K(129024K)->7707K(133120K) Eden: 0K(27136K)->0K(31232K) From: 47328K(101888K)->7707K(101888K)
[11.297s][info][gc,heap        ] GC(163) ParOldGen: 1645239K(1682944K)->1682622K(1868288K)
[11.297s][info][gc,metaspace   ] GC(163) Metaspace: 6302K(6464K)->6302K(6464K) NonClass: 5769K(5824K)->5769K(5824K) Class: 533K(640K)->533K(640K)
[11.297s][info][gc             ] GC(163) Pause Full (Ergonomics) 1652M->1650M(1954M) 565.555ms
[11.297s][info][gc,cpu         ] GC(163) User=3.86s Sys=0.09s Real=0.56s
[11.330s][info][gc,start       ] GC(164) Pause Young (Allocation Failure)
[11.423s][info][gc,heap        ] GC(164) PSYoungGen: 38939K(133120K)->31360K(137216K) Eden: 31232K(31232K)->0K(31232K) From: 7707K(101888K)->31360K(105984K)
[11.423s][info][gc,heap        ] GC(164) ParOldGen: 1682622K(1868288K)->1690486K(1868288K)
[11.423s][info][gc,metaspace   ] GC(164) Metaspace: 6302K(6464K)->6302K(6464K) NonClass: 5769K(5824K)->5769K(5824K) Class: 533K(640K)->533K(640K)
[11.423s][info][gc             ] GC(164) Pause Young (Allocation Failure) 1681M->1681M(1958M) 92.942ms
[11.423s][info][gc,cpu         ] GC(164) User=0.53s Sys=0.00s Real=0.09s
[11.456s][info][gc,start       ] GC(165) Pause Young (Allocation Failure)
[11.507s][info][gc,heap        ] GC(165) PSYoungGen: 62592K(137216K)->31392K(137216K) Eden: 31232K(31232K)->0K(35328K) From: 31360K(105984K)->31392K(101888K)
[11.507s][info][gc,heap        ] GC(165) ParOldGen: 1690486K(1868288K)->1722214K(1868288K)
[11.507s][info][gc,metaspace   ] GC(165) Metaspace: 6302K(6464K)->6302K(6464K) NonClass: 5769K(5824K)->5769K(5824K) Class: 533K(640K)->533K(640K)
[11.507s][info][gc             ] GC(165) Pause Young (Allocation Failure) 1711M->1712M(1958M) 51.070ms
[11.507s][info][gc,cpu         ] GC(165) User=0.16s Sys=0.22s Real=0.05s
[11.548s][info][gc,start       ] GC(166) Pause Young (Allocation Failure)
[11.601s][info][gc,heap        ] GC(166) PSYoungGen: 66720K(137216K)->35456K(138240K) Eden: 35328K(35328K)->0K(35328K) From: 31392K(101888K)->35456K(102912K)
[11.601s][info][gc,heap        ] GC(166) ParOldGen: 1722214K(1868288K)->1753926K(1868288K)
[11.601s][info][gc,metaspace   ] GC(166) Metaspace: 6302K(6464K)->6302K(6464K) NonClass: 5769K(5824K)->5769K(5824K) Class: 533K(640K)->533K(640K)
[11.601s][info][gc             ] GC(166) Pause Young (Allocation Failure) 1747M->1747M(1959M) 52.930ms
[11.601s][info][gc,cpu         ] GC(166) User=0.23s Sys=0.14s Real=0.05s
[11.639s][info][gc,start       ] GC(167) Pause Young (Allocation Failure)
[11.695s][info][gc,heap        ] GC(167) PSYoungGen: 70784K(138240K)->35520K(133120K) Eden: 35328K(35328K)->0K(39424K) From: 35456K(102912K)->35520K(93696K)
[11.695s][info][gc,heap        ] GC(167) ParOldGen: 1753926K(1868288K)->1789790K(1868288K)
[11.695s][info][gc,metaspace   ] GC(167) Metaspace: 6302K(6464K)->6302K(6464K) NonClass: 5769K(5824K)->5769K(5824K) Class: 533K(640K)->533K(640K)
[11.695s][info][gc             ] GC(167) Pause Young (Allocation Failure) 1781M->1782M(1954M) 56.388ms
[11.695s][info][gc,cpu         ] GC(167) User=0.14s Sys=0.25s Real=0.06s
[11.738s][info][gc,start       ] GC(168) Pause Young (Allocation Failure)
[11.797s][info][gc,heap        ] GC(168) PSYoungGen: 74944K(133120K)->39552K(136192K) Eden: 39424K(39424K)->0K(39424K) From: 35520K(93696K)->39552K(96768K)
[11.797s][info][gc,heap        ] GC(168) ParOldGen: 1789790K(1868288K)->1825670K(1868288K)
[11.797s][info][gc,metaspace   ] GC(168) Metaspace: 6302K(6464K)->6302K(6464K) NonClass: 5769K(5824K)->5769K(5824K) Class: 533K(640K)->533K(640K)
[11.797s][info][gc             ] GC(168) Pause Young (Allocation Failure) 1821M->1821M(1957M) 59.502ms
[11.797s][info][gc,cpu         ] GC(168) User=0.20s Sys=0.16s Real=0.06s
[11.797s][info][gc,start       ] GC(169) Pause Full (Ergonomics)
[11.797s][info][gc,phases,start] GC(169) Marking Phase
[12.204s][info][gc,phases      ] GC(169) Marking Phase 406.300ms
[12.204s][info][gc,phases,start] GC(169) Summary Phase
[12.204s][info][gc,phases      ] GC(169) Summary Phase 0.080ms
[12.204s][info][gc,phases,start] GC(169) Adjust Roots
[12.204s][info][gc,phases      ] GC(169) Adjust Roots 0.208ms
[12.204s][info][gc,phases,start] GC(169) Compaction Phase
[12.394s][info][gc,phases      ] GC(169) Compaction Phase 189.753ms
[12.394s][info][gc,phases,start] GC(169) Post Compact
[12.398s][info][gc,phases      ] GC(169) Post Compact 3.687ms
[12.400s][info][gc,heap        ] GC(169) PSYoungGen: 39552K(136192K)->0K(137728K) Eden: 0K(39424K)->0K(44544K) From: 39552K(96768K)->0K(93184K)
[12.400s][info][gc,heap        ] GC(169) ParOldGen: 1825670K(1868288K)->1862713K(2067456K)
[12.400s][info][gc,metaspace   ] GC(169) Metaspace: 6302K(6464K)->6302K(6464K) NonClass: 5769K(5824K)->5769K(5824K) Class: 533K(640K)->533K(640K)
[12.400s][info][gc             ] GC(169) Pause Full (Ergonomics) 1821M->1819M(2153M) 602.739ms
[12.400s][info][gc,cpu         ] GC(169) User=4.28s Sys=0.06s Real=0.60s
[12.451s][info][gc,start       ] GC(170) Pause Young (Allocation Failure)
[12.482s][info][gc,heap        ] GC(170) PSYoungGen: 44544K(137728K)->44736K(137728K) Eden: 44544K(44544K)->0K(44544K) From: 0K(93184K)->44736K(93184K)
[12.482s][info][gc,heap        ] GC(170) ParOldGen: 1862713K(2067456K)->1862713K(2067456K)
[12.482s][info][gc,metaspace   ] GC(170) Metaspace: 6302K(6464K)->6302K(6464K) NonClass: 5769K(5824K)->5769K(5824K) Class: 533K(640K)->533K(640K)
[12.482s][info][gc             ] GC(170) Pause Young (Allocation Failure) 1862M->1862M(2153M) 31.576ms
[12.482s][info][gc,cpu         ] GC(170) User=0.12s Sys=0.00s Real=0.03s
[12.529s][info][gc,start       ] GC(171) Pause Young (Allocation Failure)
[12.579s][info][gc,heap        ] GC(171) PSYoungGen: 89280K(137728K)->88576K(125952K) Eden: 44544K(44544K)->0K(37376K) From: 44736K(93184K)->88576K(88576K)
[12.579s][info][gc,heap        ] GC(171) ParOldGen: 1862713K(2067456K)->1863417K(2067456K)
[12.579s][info][gc,metaspace   ] GC(171) Metaspace: 6302K(6464K)->6302K(6464K) NonClass: 5769K(5824K)->5769K(5824K) Class: 533K(640K)->533K(640K)
[12.579s][info][gc             ] GC(171) Pause Young (Allocation Failure) 1906M->1906M(2142M) 50.489ms
[12.579s][info][gc,cpu         ] GC(171) User=0.28s Sys=0.02s Real=0.05s
[12.627s][info][gc,start       ] GC(172) Pause Young (Allocation Failure)
[12.743s][info][gc,heap        ] GC(172) PSYoungGen: 125952K(125952K)->37568K(137728K) Eden: 37376K(37376K)->0K(37376K) From: 88576K(88576K)->37568K(100352K)
[12.744s][info][gc,heap        ] GC(172) ParOldGen: 1863417K(2067456K)->1953153K(2067456K)
[12.744s][info][gc,metaspace   ] GC(172) Metaspace: 6302K(6464K)->6302K(6464K) NonClass: 5769K(5824K)->5769K(5824K) Class: 533K(640K)->533K(640K)
[12.744s][info][gc             ] GC(172) Pause Young (Allocation Failure) 1942M->1944M(2153M) 116.665ms
[12.744s][info][gc,cpu         ] GC(172) User=0.33s Sys=0.53s Real=0.12s
[12.790s][info][gc,start       ] GC(173) Pause Young (Allocation Failure)
[12.849s][info][gc,heap        ] GC(173) PSYoungGen: 74944K(137728K)->37536K(133120K) Eden: 37376K(37376K)->0K(41472K) From: 37568K(100352K)->37536K(91648K)
[12.849s][info][gc,heap        ] GC(173) ParOldGen: 1953153K(2067456K)->1991105K(2067456K)
[12.849s][info][gc,metaspace   ] GC(173) Metaspace: 6302K(6464K)->6302K(6464K) NonClass: 5769K(5824K)->5769K(5824K) Class: 533K(640K)->533K(640K)
[12.849s][info][gc             ] GC(173) Pause Young (Allocation Failure) 1980M->1981M(2149M) 59.049ms
[12.849s][info][gc,cpu         ] GC(173) User=0.22s Sys=0.17s Real=0.06s
[12.849s][info][gc,start       ] GC(174) Pause Full (Ergonomics)
[12.849s][info][gc,phases,start] GC(174) Marking Phase
[13.310s][info][gc,phases      ] GC(174) Marking Phase 460.402ms
[13.310s][info][gc,phases,start] GC(174) Summary Phase
[13.310s][info][gc,phases      ] GC(174) Summary Phase 0.063ms
[13.310s][info][gc,phases,start] GC(174) Adjust Roots
[13.310s][info][gc,phases      ] GC(174) Adjust Roots 0.159ms
[13.310s][info][gc,phases,start] GC(174) Compaction Phase
[13.487s][info][gc,phases      ] GC(174) Compaction Phase 176.551ms
[13.487s][info][gc,phases,start] GC(174) Post Compact
[13.490s][info][gc,phases      ] GC(174) Post Compact 3.517ms
[13.492s][info][gc,heap        ] GC(174) PSYoungGen: 37536K(133120K)->0K(136192K) Eden: 0K(41472K)->0K(41472K) From: 37536K(91648K)->0K(94720K)
[13.492s][info][gc,heap        ] GC(174) ParOldGen: 1991105K(2067456K)->2026431K(2266112K)
[13.492s][info][gc,metaspace   ] GC(174) Metaspace: 6302K(6464K)->6302K(6464K) NonClass: 5769K(5824K)->5769K(5824K) Class: 533K(640K)->533K(640K)
[13.492s][info][gc             ] GC(174) Pause Full (Ergonomics) 1981M->1978M(2346M) 642.773ms
[13.492s][info][gc,cpu         ] GC(174) User=4.81s Sys=0.00s Real=0.64s
[13.540s][info][gc,start       ] GC(175) Pause Young (Allocation Failure)
[13.570s][info][gc,heap        ] GC(175) PSYoungGen: 41472K(136192K)->41664K(132608K) Eden: 41472K(41472K)->0K(45568K) From: 0K(94720K)->41664K(87040K)
[13.570s][info][gc,heap        ] GC(175) ParOldGen: 2026431K(2266112K)->2026431K(2266112K)
[13.570s][info][gc,metaspace   ] GC(175) Metaspace: 6302K(6464K)->6302K(6464K) NonClass: 5769K(5824K)->5769K(5824K) Class: 533K(640K)->533K(640K)
[13.570s][info][gc             ] GC(175) Pause Young (Allocation Failure) 2019M->2019M(2342M) 29.833ms
[13.570s][info][gc,cpu         ] GC(175) User=0.14s Sys=0.00s Real=0.03s
[13.618s][info][gc,start       ] GC(176) Pause Young (Allocation Failure)
[13.663s][info][gc,heap        ] GC(176) PSYoungGen: 87232K(132608K)->87328K(136704K) Eden: 45568K(45568K)->0K(45568K) From: 41664K(87040K)->87328K(91136K)
[13.663s][info][gc,heap        ] GC(176) ParOldGen: 2026431K(2266112K)->2026431K(2266112K)
[13.663s][info][gc,metaspace   ] GC(176) Metaspace: 6302K(6464K)->6302K(6464K) NonClass: 5769K(5824K)->5769K(5824K) Class: 533K(640K)->533K(640K)
[13.663s][info][gc             ] GC(176) Pause Young (Allocation Failure) 2064M->2064M(2346M) 45.965ms
[13.663s][info][gc,cpu         ] GC(176) User=0.27s Sys=0.00s Real=0.05s
[13.712s][info][gc,start       ] GC(177) Pause Young (Allocation Failure)
[13.811s][info][gc,heap        ] GC(177) PSYoungGen: 132896K(136704K)->101376K(125440K) Eden: 45568K(45568K)->0K(24064K) From: 87328K(91136K)->101376K(101376K)
[13.811s][info][gc,heap        ] GC(177) ParOldGen: 2026431K(2266112K)->2058255K(2266112K)
[13.811s][info][gc,metaspace   ] GC(177) Metaspace: 6302K(6464K)->6302K(6464K) NonClass: 5769K(5824K)->5769K(5824K) Class: 533K(640K)->533K(640K)
[13.811s][info][gc             ] GC(177) Pause Young (Allocation Failure) 2108M->2109M(2335M) 99.012ms
[13.811s][info][gc,cpu         ] GC(177) User=0.39s Sys=0.25s Real=0.10s
[13.837s][info][gc,start       ] GC(178) Pause Young (Allocation Failure)
[13.940s][info][gc,heap        ] GC(178) PSYoungGen: 125440K(125440K)->55648K(79872K) Eden: 24064K(24064K)->0K(24064K) From: 101376K(101376K)->55648K(55808K)
[13.940s][info][gc,heap        ] GC(178) ParOldGen: 2058255K(2266112K)->2129111K(2266112K)
[13.940s][info][gc,metaspace   ] GC(178) Metaspace: 6302K(6464K)->6302K(6464K) NonClass: 5769K(5824K)->5769K(5824K) Class: 533K(640K)->533K(640K)
[13.940s][info][gc             ] GC(178) Pause Young (Allocation Failure) 2132M->2133M(2291M) 103.135ms
[13.940s][info][gc,cpu         ] GC(178) User=0.61s Sys=0.14s Real=0.10s
[13.967s][info][gc,start       ] GC(179) Pause Young (Allocation Failure)
[14.026s][info][gc,heap        ] GC(179) PSYoungGen: 79712K(79872K)->48320K(139776K) Eden: 24064K(24064K)->0K(27136K) From: 55648K(55808K)->48320K(112640K)
[14.026s][info][gc,heap        ] GC(179) ParOldGen: 2129111K(2266112K)->2161007K(2266112K)
[14.026s][info][gc,metaspace   ] GC(179) Metaspace: 6302K(6464K)->6302K(6464K) NonClass: 5769K(5824K)->5769K(5824K) Class: 533K(640K)->533K(640K)
[14.026s][info][gc             ] GC(179) Pause Young (Allocation Failure) 2157M->2157M(2349M) 59.115ms
[14.026s][info][gc,cpu         ] GC(179) User=0.30s Sys=0.09s Real=0.06s
[14.060s][info][gc,start       ] GC(180) Pause Young (Allocation Failure)
[14.112s][info][gc,heap        ] GC(180) PSYoungGen: 75456K(139776K)->51360K(78848K) Eden: 27136K(27136K)->0K(27136K) From: 48320K(112640K)->51360K(51712K)
[14.112s][info][gc,heap        ] GC(180) ParOldGen: 2161007K(2266112K)->2185439K(2266112K)
[14.112s][info][gc,metaspace   ] GC(180) Metaspace: 6302K(6464K)->6302K(6464K) NonClass: 5769K(5824K)->5769K(5824K) Class: 533K(640K)->533K(640K)
[14.112s][info][gc             ] GC(180) Pause Young (Allocation Failure) 2184M->2184M(2290M) 51.704ms
[14.112s][info][gc,cpu         ] GC(180) User=0.22s Sys=0.09s Real=0.05s
[14.146s][info][gc,start       ] GC(181) Pause Young (Allocation Failure)
[14.219s][info][gc,heap        ] GC(181) PSYoungGen: 78496K(78848K)->27296K(142336K) Eden: 27136K(27136K)->0K(30720K) From: 51360K(51712K)->27296K(111616K)
[14.219s][info][gc,heap        ] GC(181) ParOldGen: 2185439K(2266112K)->2237399K(2266112K)
[14.219s][info][gc,metaspace   ] GC(181) Metaspace: 6302K(6464K)->6302K(6464K) NonClass: 5769K(5824K)->5769K(5824K) Class: 533K(640K)->533K(640K)
[14.219s][info][gc             ] GC(181) Pause Young (Allocation Failure) 2210M->2211M(2352M) 73.255ms
[14.219s][info][gc,cpu         ] GC(181) User=0.27s Sys=0.23s Real=0.07s
[14.219s][info][gc,start       ] GC(182) Pause Full (Ergonomics)
[14.219s][info][gc,phases,start] GC(182) Marking Phase
[14.733s][info][gc,phases      ] GC(182) Marking Phase 513.328ms
[14.733s][info][gc,phases,start] GC(182) Summary Phase
[14.733s][info][gc,phases      ] GC(182) Summary Phase 0.059ms
[14.733s][info][gc,phases,start] GC(182) Adjust Roots
[14.733s][info][gc,phases      ] GC(182) Adjust Roots 0.164ms
[14.733s][info][gc,phases,start] GC(182) Compaction Phase
[14.961s][info][gc,phases      ] GC(182) Compaction Phase 228.130ms
[14.961s][info][gc,phases,start] GC(182) Post Compact
[14.966s][info][gc,phases      ] GC(182) Post Compact 4.540ms
[14.969s][info][gc,heap        ] GC(182) PSYoungGen: 27296K(142336K)->0K(142336K) Eden: 0K(30720K)->0K(30720K) From: 27296K(111616K)->0K(111616K)
[14.969s][info][gc,heap        ] GC(182) ParOldGen: 2237399K(2266112K)->2261218K(2520064K)
[14.969s][info][gc,metaspace   ] GC(182) Metaspace: 6302K(6464K)->6302K(6464K) NonClass: 5769K(5824K)->5769K(5824K) Class: 533K(640K)->533K(640K)
[14.969s][info][gc             ] GC(182) Pause Full (Ergonomics) 2211M->2208M(2600M) 749.439ms
[14.969s][info][gc,cpu         ] GC(182) User=5.39s Sys=0.06s Real=0.75s
[15.002s][info][gc,start       ] GC(183) Pause Young (Allocation Failure)
[15.029s][info][gc,heap        ] GC(183) PSYoungGen: 30720K(142336K)->30880K(140288K) Eden: 30720K(30720K)->0K(33792K) From: 0K(111616K)->30880K(106496K)
[15.029s][info][gc,heap        ] GC(183) ParOldGen: 2261218K(2520064K)->2261218K(2520064K)
[15.029s][info][gc,metaspace   ] GC(183) Metaspace: 6302K(6464K)->6302K(6464K) NonClass: 5769K(5824K)->5769K(5824K) Class: 533K(640K)->533K(640K)
[15.030s][info][gc             ] GC(183) Pause Young (Allocation Failure) 2238M->2238M(2598M) 27.030ms
[15.030s][info][gc,cpu         ] GC(183) User=0.03s Sys=0.00s Real=0.03s
[15.068s][info][gc,start       ] GC(184) Pause Young (Allocation Failure)
[15.105s][info][gc,heap        ] GC(184) PSYoungGen: 64672K(140288K)->64736K(143360K) Eden: 33792K(33792K)->0K(33792K) From: 30880K(106496K)->64736K(109568K)
[15.105s][info][gc,heap        ] GC(184) ParOldGen: 2261218K(2520064K)->2261218K(2520064K)
[15.105s][info][gc,metaspace   ] GC(184) Metaspace: 6302K(6464K)->6302K(6464K) NonClass: 5769K(5824K)->5769K(5824K) Class: 533K(640K)->533K(640K)
[15.105s][info][gc             ] GC(184) Pause Young (Allocation Failure) 2271M->2271M(2601M) 37.518ms
[15.105s][info][gc,cpu         ] GC(184) User=0.17s Sys=0.00s Real=0.04s
[15.142s][info][gc,start       ] GC(185) Pause Young (Allocation Failure)
[15.191s][info][gc,heap        ] GC(185) PSYoungGen: 98528K(143360K)->98528K(134656K) Eden: 33792K(33792K)->0K(26112K) From: 64736K(109568K)->98528K(108544K)
[15.191s][info][gc,heap        ] GC(185) ParOldGen: 2261218K(2520064K)->2261218K(2520064K)
[15.191s][info][gc,metaspace   ] GC(185) Metaspace: 6302K(6464K)->6302K(6464K) NonClass: 5769K(5824K)->5769K(5824K) Class: 533K(640K)->533K(640K)
[15.191s][info][gc             ] GC(185) Pause Young (Allocation Failure) 2304M->2304M(2592M) 49.526ms
[15.191s][info][gc,cpu         ] GC(185) User=0.25s Sys=0.00s Real=0.05s
[15.222s][info][gc,start       ] GC(186) Pause Young (Allocation Failure)
[15.296s][info][gc,heap        ] GC(186) PSYoungGen: 124640K(134656K)->93920K(145920K) Eden: 26112K(26112K)->0K(26112K) From: 98528K(108544K)->93920K(119808K)
[15.296s][info][gc,heap        ] GC(186) ParOldGen: 2261218K(2520064K)->2292234K(2520064K)
[15.296s][info][gc,metaspace   ] GC(186) Metaspace: 6302K(6464K)->6302K(6464K) NonClass: 5769K(5824K)->5769K(5824K) Class: 533K(640K)->533K(640K)
[15.296s][info][gc             ] GC(186) Pause Young (Allocation Failure) 2329M->2330M(2603M) 73.489ms
[15.296s][info][gc,cpu         ] GC(186) User=0.34s Sys=0.16s Real=0.07s
[15.328s][info][gc,start       ] GC(187) Pause Young (Allocation Failure)
[15.403s][info][gc,heap        ] GC(187) PSYoungGen: 120032K(145920K)->86240K(154112K) Eden: 26112K(26112K)->0K(27136K) From: 93920K(119808K)->86240K(126976K)
[15.403s][info][gc,heap        ] GC(187) ParOldGen: 2292234K(2520064K)->2326338K(2520064K)
[15.403s][info][gc,metaspace   ] GC(187) Metaspace: 6302K(6464K)->6302K(6464K) NonClass: 5769K(5824K)->5769K(5824K) Class: 533K(640K)->533K(640K)
[15.403s][info][gc             ] GC(187) Pause Young (Allocation Failure) 2355M->2356M(2611M) 75.567ms
[15.403s][info][gc,cpu         ] GC(187) User=0.48s Sys=0.11s Real=0.08s
[15.439s][info][gc,start       ] GC(188) Pause Young (Allocation Failure)
[15.528s][info][gc,heap        ] GC(188) PSYoungGen: 113376K(154112K)->53408K(80896K) Eden: 27136K(27136K)->0K(27136K) From: 86240K(126976K)->53408K(53760K)
[15.528s][info][gc,heap        ] GC(188) ParOldGen: 2326338K(2520064K)->2386762K(2520064K)
[15.528s][info][gc,metaspace   ] GC(188) Metaspace: 6302K(6464K)->6302K(6464K) NonClass: 5769K(5824K)->5769K(5824K) Class: 533K(640K)->533K(640K)
[15.528s][info][gc             ] GC(188) Pause Young (Allocation Failure) 2382M->2382M(2540M) 89.831ms
[15.528s][info][gc,cpu         ] GC(188) User=0.39s Sys=0.20s Real=0.09s
[15.562s][info][gc,start       ] GC(189) Pause Young (Allocation Failure)
[15.633s][info][gc,heap        ] GC(189) PSYoungGen: 80544K(80896K)->27296K(155648K) Eden: 27136K(27136K)->0K(30720K) From: 53408K(53760K)->27296K(124928K)
[15.633s][info][gc,heap        ] GC(189) ParOldGen: 2386762K(2520064K)->2440450K(2520064K)
[15.633s][info][gc,metaspace   ] GC(189) Metaspace: 6302K(6464K)->6302K(6464K) NonClass: 5769K(5824K)->5769K(5824K) Class: 533K(640K)->533K(640K)
[15.633s][info][gc             ] GC(189) Pause Young (Allocation Failure) 2409M->2409M(2613M) 71.836ms
[15.633s][info][gc,cpu         ] GC(189) User=0.30s Sys=0.31s Real=0.07s
[15.633s][info][gc,start       ] GC(190) Pause Full (Ergonomics)
[15.633s][info][gc,phases,start] GC(190) Marking Phase
[16.176s][info][gc,phases      ] GC(190) Marking Phase 543.012ms
[16.177s][info][gc,phases,start] GC(190) Summary Phase
[16.177s][info][gc,phases      ] GC(190) Summary Phase 0.114ms
[16.177s][info][gc,phases,start] GC(190) Adjust Roots
[16.177s][info][gc,phases      ] GC(190) Adjust Roots 0.224ms
[16.177s][info][gc,phases,start] GC(190) Compaction Phase
[16.386s][info][gc,phases      ] GC(190) Compaction Phase 209.267ms
[16.386s][info][gc,phases,start] GC(190) Post Compact
[16.391s][info][gc,phases      ] GC(190) Post Compact 4.437ms
[16.392s][info][gc,heap        ] GC(190) PSYoungGen: 27296K(155648K)->0K(155648K) Eden: 0K(30720K)->0K(30720K) From: 27296K(124928K)->0K(124928K)
[16.392s][info][gc,heap        ] GC(190) ParOldGen: 2440450K(2520064K)->2465808K(2747392K)
[16.393s][info][gc,metaspace   ] GC(190) Metaspace: 6302K(6464K)->6302K(6464K) NonClass: 5769K(5824K)->5769K(5824K) Class: 533K(640K)->533K(640K)
[16.393s][info][gc             ] GC(190) Pause Full (Ergonomics) 2409M->2408M(2835M) 759.117ms
[16.393s][info][gc,cpu         ] GC(190) User=5.64s Sys=0.09s Real=0.76s
[16.432s][info][gc,start       ] GC(191) Pause Young (Allocation Failure)
[16.458s][info][gc,heap        ] GC(191) PSYoungGen: 30720K(155648K)->30880K(154624K) Eden: 30720K(30720K)->0K(33792K) From: 0K(124928K)->30880K(120832K)
[16.458s][info][gc,heap        ] GC(191) ParOldGen: 2465808K(2747392K)->2465808K(2747392K)
[16.458s][info][gc,metaspace   ] GC(191) Metaspace: 6302K(6464K)->6302K(6464K) NonClass: 5769K(5824K)->5769K(5824K) Class: 533K(640K)->533K(640K)
[16.458s][info][gc             ] GC(191) Pause Young (Allocation Failure) 2438M->2438M(2834M) 26.453ms
[16.458s][info][gc,cpu         ] GC(191) User=0.05s Sys=0.00s Real=0.03s
[16.497s][info][gc,start       ] GC(192) Pause Young (Allocation Failure)
[16.549s][info][gc,heap        ] GC(192) PSYoungGen: 64672K(154624K)->33920K(157184K) Eden: 33792K(33792K)->0K(33792K) From: 30880K(120832K)->33920K(123392K)
[16.549s][info][gc,heap        ] GC(192) ParOldGen: 2465808K(2747392K)->2496792K(2747392K)
[16.549s][info][gc,metaspace   ] GC(192) Metaspace: 6302K(6464K)->6302K(6464K) NonClass: 5769K(5824K)->5769K(5824K) Class: 533K(640K)->533K(640K)
[16.549s][info][gc             ] GC(192) Pause Young (Allocation Failure) 2471M->2471M(2836M) 51.689ms
[16.549s][info][gc,cpu         ] GC(192) User=0.16s Sys=0.12s Real=0.05s
[16.589s][info][gc,start       ] GC(193) Pause Young (Allocation Failure)
[16.645s][info][gc,heap        ] GC(193) PSYoungGen: 67712K(157184K)->33984K(152064K) Eden: 33792K(33792K)->0K(37888K) From: 33920K(123392K)->33984K(114176K)
[16.645s][info][gc,heap        ] GC(193) ParOldGen: 2496792K(2747392K)->2530880K(2747392K)
[16.645s][info][gc,metaspace   ] GC(193) Metaspace: 6302K(6464K)->6302K(6464K) NonClass: 5769K(5824K)->5769K(5824K) Class: 533K(640K)->533K(640K)
[16.645s][info][gc             ] GC(193) Pause Young (Allocation Failure) 2504M->2504M(2831M) 56.309ms
[16.645s][info][gc,cpu         ] GC(193) User=0.14s Sys=0.25s Real=0.06s
[16.693s][info][gc,start       ] GC(194) Pause Young (Allocation Failure)
[16.750s][info][gc,heap        ] GC(194) PSYoungGen: 71872K(152064K)->38048K(155136K) Eden: 37888K(37888K)->0K(37888K) From: 33984K(114176K)->38048K(117248K)
[16.750s][info][gc,heap        ] GC(194) ParOldGen: 2530880K(2747392K)->2564976K(2747392K)
[16.750s][info][gc,metaspace   ] GC(194) Metaspace: 6302K(6464K)->6302K(6464K) NonClass: 5769K(5824K)->5769K(5824K) Class: 533K(640K)->533K(640K)
[16.750s][info][gc             ] GC(194) Pause Young (Allocation Failure) 2541M->2542M(2834M) 56.571ms
[16.750s][info][gc,cpu         ] GC(194) User=0.20s Sys=0.12s Real=0.06s
[16.797s][info][gc,start       ] GC(195) Pause Young (Allocation Failure)
[16.859s][info][gc,heap        ] GC(195) PSYoungGen: 75936K(155136K)->38016K(147968K) Eden: 37888K(37888K)->0K(42496K) From: 38048K(117248K)->38016K(105472K)
[16.859s][info][gc,heap        ] GC(195) ParOldGen: 2564976K(2747392K)->2603200K(2747392K)
[16.859s][info][gc,metaspace   ] GC(195) Metaspace: 6302K(6464K)->6302K(6464K) NonClass: 5769K(5824K)->5769K(5824K) Class: 533K(640K)->533K(640K)
[16.859s][info][gc             ] GC(195) Pause Young (Allocation Failure) 2579M->2579M(2827M) 61.661ms
[16.859s][info][gc,cpu         ] GC(195) User=0.19s Sys=0.31s Real=0.06s
[16.912s][info][gc,start       ] GC(196) Pause Young (Allocation Failure)
[16.976s][info][gc,heap        ] GC(196) PSYoungGen: 80512K(147968K)->42656K(151552K) Eden: 42496K(42496K)->0K(42496K) From: 38016K(105472K)->42656K(109056K)
[16.976s][info][gc,heap        ] GC(196) ParOldGen: 2603200K(2747392K)->2641424K(2747392K)
[16.976s][info][gc,metaspace   ] GC(196) Metaspace: 6302K(6464K)->6302K(6464K) NonClass: 5769K(5824K)->5769K(5824K) Class: 533K(640K)->533K(640K)
[16.976s][info][gc             ] GC(196) Pause Young (Allocation Failure) 2620M->2621M(2831M) 64.389ms
[16.976s][info][gc,cpu         ] GC(196) User=0.17s Sys=0.23s Real=0.07s
[17.026s][info][gc,start       ] GC(197) Pause Young (Allocation Failure)
[17.097s][info][gc,heap        ] GC(197) PSYoungGen: 85152K(151552K)->42688K(142848K) Eden: 42496K(42496K)->0K(47616K) From: 42656K(109056K)->42688K(95232K)
[17.097s][info][gc,heap        ] GC(197) ParOldGen: 2641424K(2747392K)->2684312K(2747392K)
[17.097s][info][gc,metaspace   ] GC(197) Metaspace: 6302K(6464K)->6302K(6464K) NonClass: 5769K(5824K)->5769K(5824K) Class: 533K(640K)->533K(640K)
[17.097s][info][gc             ] GC(197) Pause Young (Allocation Failure) 2662M->2663M(2822M) 70.659ms
[17.097s][info][gc,cpu         ] GC(197) User=0.28s Sys=0.09s Real=0.07s
[17.097s][info][gc,start       ] GC(198) Pause Full (Ergonomics)
[17.097s][info][gc,phases,start] GC(198) Marking Phase
[17.710s][info][gc,phases      ] GC(198) Marking Phase 612.897ms
[17.710s][info][gc,phases,start] GC(198) Summary Phase
[17.710s][info][gc,phases      ] GC(198) Summary Phase 0.081ms
[17.710s][info][gc,phases,start] GC(198) Adjust Roots
[17.710s][info][gc,phases      ] GC(198) Adjust Roots 0.274ms
[17.710s][info][gc,phases,start] GC(198) Compaction Phase
[17.950s][info][gc,phases      ] GC(198) Compaction Phase 239.098ms
[17.950s][info][gc,phases,start] GC(198) Post Compact
[17.955s][info][gc,phases      ] GC(198) Post Compact 5.750ms
[17.956s][info][gc,heap        ] GC(198) PSYoungGen: 42688K(142848K)->0K(147456K) Eden: 0K(47616K)->0K(47616K) From: 42688K(95232K)->0K(99840K)
[17.956s][info][gc,heap        ] GC(198) ParOldGen: 2684312K(2747392K)->2724654K(3015168K)
[17.956s][info][gc,metaspace   ] GC(198) Metaspace: 6302K(6464K)->6302K(6464K) NonClass: 5769K(5824K)->5769K(5824K) Class: 533K(640K)->533K(640K)
[17.956s][info][gc             ] GC(198) Pause Full (Ergonomics) 2663M->2660M(3088M) 859.460ms
[17.956s][info][gc,cpu         ] GC(198) User=6.44s Sys=0.09s Real=0.86s
[18.014s][info][gc,start       ] GC(199) Pause Young (Allocation Failure)
[18.046s][info][gc,heap        ] GC(199) PSYoungGen: 47616K(147456K)->47840K(140800K) Eden: 47616K(47616K)->0K(52224K) From: 0K(99840K)->47840K(88576K)
[18.046s][info][gc,heap        ] GC(199) ParOldGen: 2724654K(3015168K)->2724654K(3015168K)
[18.046s][info][gc,metaspace   ] GC(199) Metaspace: 6302K(6464K)->6302K(6464K) NonClass: 5769K(5824K)->5769K(5824K) Class: 533K(640K)->533K(640K)
[18.046s][info][gc             ] GC(199) Pause Young (Allocation Failure) 2707M->2707M(3082M) 32.571ms
[18.046s][info][gc,cpu         ] GC(199) User=0.16s Sys=0.00s Real=0.03s
[18.105s][info][gc,start       ] GC(200) Pause Young (Allocation Failure)
[18.158s][info][gc,heap        ] GC(200) PSYoungGen: 100064K(140800K)->94720K(146944K) Eden: 52224K(52224K)->0K(52224K) From: 47840K(88576K)->94720K(94720K)
[18.158s][info][gc,heap        ] GC(200) ParOldGen: 2724654K(3015168K)->2729998K(3015168K)
[18.158s][info][gc,metaspace   ] GC(200) Metaspace: 6302K(6464K)->6302K(6464K) NonClass: 5769K(5824K)->5769K(5824K) Class: 533K(640K)->533K(640K)
[18.158s][info][gc             ] GC(200) Pause Young (Allocation Failure) 2758M->2758M(3088M) 52.696ms
[18.158s][info][gc,cpu         ] GC(200) User=0.28s Sys=0.00s Real=0.05s
[18.957s][info][gc,start       ] GC(201) Pause Young (Allocation Failure)
[19.143s][info][gc,heap        ] GC(201) PSYoungGen: 146944K(146944K)->52480K(155136K) Eden: 52224K(52224K)->0K(56832K) From: 94720K(94720K)->52480K(98304K)
[19.143s][info][gc,heap        ] GC(201) ParOldGen: 2861070K(3015168K)->2956486K(3015168K)
[19.143s][info][gc,metaspace   ] GC(201) Metaspace: 6302K(6464K)->6302K(6464K) NonClass: 5769K(5824K)->5769K(5824K) Class: 533K(640K)->533K(640K)
[19.143s][info][gc             ] GC(201) Pause Young (Allocation Failure) 2937M->2938M(3096M) 185.862ms
[19.143s][info][gc,cpu         ] GC(201) User=0.88s Sys=0.39s Real=0.19s
[19.143s][info][gc,start       ] GC(202) Pause Full (Ergonomics)
[19.143s][info][gc,phases,start] GC(202) Marking Phase
[19.802s][info][gc,phases      ] GC(202) Marking Phase 659.462ms
[19.802s][info][gc,phases,start] GC(202) Summary Phase
[19.802s][info][gc,phases      ] GC(202) Summary Phase 0.071ms
[19.802s][info][gc,phases,start] GC(202) Adjust Roots
[19.803s][info][gc,phases      ] GC(202) Adjust Roots 0.195ms
[19.803s][info][gc,phases,start] GC(202) Compaction Phase
[20.255s][info][gc,phases      ] GC(202) Compaction Phase 451.965ms
[20.255s][info][gc,phases,start] GC(202) Post Compact
[20.263s][info][gc,phases      ] GC(202) Post Compact 8.101ms
[20.265s][info][gc,heap        ] GC(202) PSYoungGen: 52480K(155136K)->0K(160768K) Eden: 0K(56832K)->0K(56832K) From: 52480K(98304K)->0K(103936K)
[20.265s][info][gc,heap        ] GC(202) ParOldGen: 2956486K(3015168K)->2942164K(3277312K)
[20.265s][info][gc,metaspace   ] GC(202) Metaspace: 6302K(6464K)->6302K(6464K) NonClass: 5769K(5824K)->5769K(5824K) Class: 533K(640K)->533K(640K)
[20.266s][info][gc             ] GC(202) Pause Full (Ergonomics) 2938M->2873M(3357M) 1122.662ms
[20.266s][info][gc,cpu         ] GC(202) User=7.83s Sys=0.03s Real=1.12s
[20.325s][info][gc,start       ] GC(203) Pause Young (Allocation Failure)
[20.374s][info][gc,heap        ] GC(203) PSYoungGen: 56832K(160768K)->57024K(157696K) Eden: 56832K(56832K)->0K(61440K) From: 0K(103936K)->57024K(96256K)
[20.374s][info][gc,heap        ] GC(203) ParOldGen: 2942164K(3277312K)->2942164K(3277312K)
[20.374s][info][gc,metaspace   ] GC(203) Metaspace: 6302K(6464K)->6302K(6464K) NonClass: 5769K(5824K)->5769K(5824K) Class: 533K(640K)->533K(640K)
[20.374s][info][gc             ] GC(203) Pause Young (Allocation Failure) 2928M->2928M(3354M) 49.176ms
[20.374s][info][gc,cpu         ] GC(203) User=0.20s Sys=0.00s Real=0.05s
[20.431s][info][gc,start       ] GC(204) Pause Young (Allocation Failure)
[20.502s][info][gc,heap        ] GC(204) PSYoungGen: 118464K(157696K)->100352K(161792K) Eden: 61440K(61440K)->0K(61440K) From: 57024K(96256K)->100352K(100352K)
[20.502s][info][gc,heap        ] GC(204) ParOldGen: 2942164K(3277312K)->2960436K(3277312K)
[20.502s][info][gc,metaspace   ] GC(204) Metaspace: 6302K(6464K)->6302K(6464K) NonClass: 5769K(5824K)->5769K(5824K) Class: 533K(640K)->533K(640K)
[20.502s][info][gc             ] GC(204) Pause Young (Allocation Failure) 2988M->2989M(3358M) 70.358ms
[20.502s][info][gc,cpu         ] GC(204) User=0.23s Sys=0.00s Real=0.07s
[20.559s][info][gc,start       ] GC(205) Pause Young (Allocation Failure)
[20.695s][info][gc,heap        ] GC(205) PSYoungGen: 161792K(161792K)->105632K(175616K) Eden: 61440K(61440K)->0K(55808K) From: 100352K(100352K)->105632K(119808K)
[20.695s][info][gc,heap        ] GC(205) ParOldGen: 2960436K(3277312K)->3017228K(3277312K)
[20.695s][info][gc,metaspace   ] GC(205) Metaspace: 6302K(6464K)->6302K(6464K) NonClass: 5769K(5824K)->5769K(5824K) Class: 533K(640K)->533K(640K)
[20.695s][info][gc             ] GC(205) Pause Young (Allocation Failure) 3049M->3049M(3372M) 135.866ms
[20.695s][info][gc,cpu         ] GC(205) User=0.47s Sys=0.50s Real=0.14s
[20.758s][info][gc,start       ] GC(206) Pause Young (Allocation Failure)
[20.855s][info][gc,heap        ] GC(206) PSYoungGen: 161440K(175616K)->130560K(186368K) Eden: 55808K(55808K)->0K(55808K) From: 105632K(119808K)->130560K(130560K)
[20.855s][info][gc,heap        ] GC(206) ParOldGen: 3017228K(3277312K)->3048340K(3277312K)
[20.855s][info][gc,metaspace   ] GC(206) Metaspace: 6302K(6464K)->6302K(6464K) NonClass: 5769K(5824K)->5769K(5824K) Class: 533K(640K)->533K(640K)
[20.855s][info][gc             ] GC(206) Pause Young (Allocation Failure) 3104M->3104M(3382M) 97.340ms
[20.855s][info][gc,cpu         ] GC(206) User=0.44s Sys=0.09s Real=0.10s
[20.918s][info][gc,start       ] GC(207) Pause Young (Allocation Failure)
[21.063s][info][gc,heap        ] GC(207) PSYoungGen: 186368K(186368K)->104928K(218112K) Eden: 55808K(55808K)->0K(58368K) From: 130560K(130560K)->104928K(159744K)
[21.063s][info][gc,heap        ] GC(207) ParOldGen: 3048340K(3277312K)->3130572K(3277312K)
[21.063s][info][gc,metaspace   ] GC(207) Metaspace: 6302K(6464K)->6302K(6464K) NonClass: 5769K(5824K)->5769K(5824K) Class: 533K(640K)->533K(640K)
[21.063s][info][gc             ] GC(207) Pause Young (Allocation Failure) 3158M->3159M(3413M) 144.897ms
[21.063s][info][gc,cpu         ] GC(207) User=0.53s Sys=0.48s Real=0.14s
[21.119s][info][gc,start       ] GC(208) Pause Young (Allocation Failure)
[21.228s][info][gc,heap        ] GC(208) PSYoungGen: 163296K(218112K)->114496K(221184K) Eden: 58368K(58368K)->0K(58368K) From: 104928K(159744K)->114496K(162816K)
[21.228s][info][gc,heap        ] GC(208) ParOldGen: 3130572K(3277312K)->3179868K(3277312K)
[21.228s][info][gc,metaspace   ] GC(208) Metaspace: 6302K(6464K)->6302K(6464K) NonClass: 5769K(5824K)->5769K(5824K) Class: 533K(640K)->533K(640K)
[21.228s][info][gc             ] GC(208) Pause Young (Allocation Failure) 3216M->3217M(3416M) 109.031ms
[21.228s][info][gc,cpu         ] GC(208) User=0.52s Sys=0.25s Real=0.11s
[21.287s][info][gc,start       ] GC(209) Pause Young (Allocation Failure)
[21.410s][info][gc,heap        ] GC(209) PSYoungGen: 172864K(221184K)->117024K(228864K) Eden: 58368K(58368K)->0K(60928K) From: 114496K(162816K)->117024K(167936K)
[21.410s][info][gc,heap        ] GC(209) ParOldGen: 3179868K(3277312K)->3236180K(3277312K)
[21.410s][info][gc,metaspace   ] GC(209) Metaspace: 6302K(6464K)->6302K(6464K) NonClass: 5769K(5824K)->5769K(5824K) Class: 533K(640K)->533K(640K)
[21.411s][info][gc             ] GC(209) Pause Young (Allocation Failure) 3274M->3274M(3424M) 123.124ms
[21.411s][info][gc,cpu         ] GC(209) User=0.48s Sys=0.39s Real=0.12s
[21.411s][info][gc,start       ] GC(210) Pause Full (Ergonomics)
[21.411s][info][gc,phases,start] GC(210) Marking Phase
[22.164s][info][gc,phases      ] GC(210) Marking Phase 752.999ms
[22.164s][info][gc,phases,start] GC(210) Summary Phase
[22.164s][info][gc,phases      ] GC(210) Summary Phase 0.056ms
[22.164s][info][gc,phases,start] GC(210) Adjust Roots
[22.164s][info][gc,phases      ] GC(210) Adjust Roots 0.167ms
[22.164s][info][gc,phases,start] GC(210) Compaction Phase
[22.872s][info][gc,phases      ] GC(210) Compaction Phase 708.201ms
[22.872s][info][gc,phases,start] GC(210) Post Compact
[22.879s][info][gc,phases      ] GC(210) Post Compact 6.937ms
[22.883s][info][gc,heap        ] GC(210) PSYoungGen: 117024K(228864K)->72722K(228864K) Eden: 0K(60928K)->0K(60928K) From: 117024K(167936K)->72722K(167936K)
[22.883s][info][gc,heap        ] GC(210) ParOldGen: 3236180K(3277312K)->3277289K(3645952K)
[22.883s][info][gc,metaspace   ] GC(210) Metaspace: 6302K(6464K)->6302K(6464K) NonClass: 5769K(5824K)->5769K(5824K) Class: 533K(640K)->533K(640K)
[22.883s][info][gc             ] GC(210) Pause Full (Ergonomics) 3274M->3271M(3784M) 1472.430ms
[22.883s][info][gc,cpu         ] GC(210) User=10.00s Sys=0.22s Real=1.47s
[22.950s][info][gc,start       ] GC(211) Pause Young (Allocation Failure)
[23.200s][info][gc,heap        ] GC(211) PSYoungGen: 133650K(228864K)->61216K(233472K) Eden: 60928K(60928K)->0K(60928K) From: 72722K(167936K)->61216K(172544K)
[23.200s][info][gc,heap        ] GC(211) ParOldGen: 3277289K(3645952K)->3350689K(3645952K)
[23.200s][info][gc,metaspace   ] GC(211) Metaspace: 6302K(6464K)->6302K(6464K) NonClass: 5769K(5824K)->5769K(5824K) Class: 533K(640K)->533K(640K)
[23.200s][info][gc             ] GC(211) Pause Young (Allocation Failure) 3330M->3331M(3788M) 250.146ms
[23.200s][info][gc,cpu         ] GC(211) User=1.38s Sys=0.50s Real=0.25s
[23.262s][info][gc,start       ] GC(212) Pause Young (Allocation Failure)
[23.338s][info][gc,heap        ] GC(212) PSYoungGen: 122144K(233472K)->122176K(228864K) Eden: 60928K(60928K)->0K(60928K) From: 61216K(172544K)->122176K(167936K)
[23.338s][info][gc,heap        ] GC(212) ParOldGen: 3350689K(3645952K)->3350689K(3645952K)
[23.338s][info][gc,metaspace   ] GC(212) Metaspace: 6302K(6464K)->6302K(6464K) NonClass: 5769K(5824K)->5769K(5824K) Class: 533K(640K)->533K(640K)
[23.338s][info][gc             ] GC(212) Pause Young (Allocation Failure) 3391M->3391M(3784M) 76.030ms
[23.338s][info][gc,cpu         ] GC(212) User=0.28s Sys=0.00s Real=0.08s
[23.396s][info][gc,start       ] GC(213) Pause Young (Allocation Failure)
[23.523s][info][gc,heap        ] GC(213) PSYoungGen: 183104K(228864K)->122176K(235008K) Eden: 60928K(60928K)->0K(60928K) From: 122176K(167936K)->122176K(174080K)
[23.523s][info][gc,heap        ] GC(213) ParOldGen: 3350689K(3645952K)->3412153K(3645952K)
[23.523s][info][gc,metaspace   ] GC(213) Metaspace: 6302K(6464K)->6302K(6464K) NonClass: 5769K(5824K)->5769K(5824K) Class: 533K(640K)->533K(640K)
[23.523s][info][gc             ] GC(213) Pause Young (Allocation Failure) 3450M->3451M(3790M) 126.447ms
[23.523s][info][gc,cpu         ] GC(213) User=0.53s Sys=0.33s Real=0.13s
[23.583s][info][gc,start       ] GC(214) Pause Young (Allocation Failure)
[23.715s][info][gc,heap        ] GC(214) PSYoungGen: 183104K(235008K)->122208K(243712K) Eden: 60928K(60928K)->0K(65024K) From: 122176K(174080K)->122208K(178688K)
[23.715s][info][gc,heap        ] GC(214) ParOldGen: 3412153K(3645952K)->3473617K(3645952K)
[23.715s][info][gc,metaspace   ] GC(214) Metaspace: 6302K(6464K)->6302K(6464K) NonClass: 5769K(5824K)->5769K(5824K) Class: 533K(640K)->533K(640K)
[23.715s][info][gc             ] GC(214) Pause Young (Allocation Failure) 3510M->3511M(3798M) 131.279ms
[23.715s][info][gc,cpu         ] GC(214) User=0.66s Sys=0.22s Real=0.13s
[23.787s][info][gc,start       ] GC(215) Pause Young (Allocation Failure)
[23.915s][info][gc,heap        ] GC(215) PSYoungGen: 187232K(243712K)->126272K(246784K) Eden: 65024K(65024K)->0K(65024K) From: 122208K(178688K)->126272K(181760K)
[23.915s][info][gc,heap        ] GC(215) ParOldGen: 3473617K(3645952K)->3535081K(3645952K)
[23.915s][info][gc,metaspace   ] GC(215) Metaspace: 6302K(6464K)->6302K(6464K) NonClass: 5769K(5824K)->5769K(5824K) Class: 533K(640K)->533K(640K)
[23.915s][info][gc             ] GC(215) Pause Young (Allocation Failure) 3575M->3575M(3801M) 127.850ms
[23.915s][info][gc,cpu         ] GC(215) User=0.61s Sys=0.28s Real=0.13s
[23.981s][info][gc,start       ] GC(216) Pause Young (Allocation Failure)
[24.160s][info][gc,heap        ] GC(216) PSYoungGen: 191296K(246784K)->65248K(251904K) Eden: 65024K(65024K)->0K(73728K) From: 126272K(181760K)->65248K(178176K)
[24.160s][info][gc,heap        ] GC(216) ParOldGen: 3535081K(3645952K)->3662121K(3662336K)
[24.160s][info][gc,metaspace   ] GC(216) Metaspace: 6302K(6464K)->6302K(6464K) NonClass: 5769K(5824K)->5769K(5824K) Class: 533K(640K)->533K(640K)
[24.160s][info][gc             ] GC(216) Pause Young (Allocation Failure) 3639M->3640M(3822M) 178.921ms
[24.160s][info][gc,cpu         ] GC(216) User=0.64s Sys=0.67s Real=0.18s
[24.160s][info][gc,start       ] GC(217) Pause Full (Ergonomics)
[24.160s][info][gc,phases,start] GC(217) Marking Phase
[25.005s][info][gc,phases      ] GC(217) Marking Phase 844.456ms
[25.005s][info][gc,phases,start] GC(217) Summary Phase
[25.005s][info][gc,phases      ] GC(217) Summary Phase 0.081ms
[25.005s][info][gc,phases,start] GC(217) Adjust Roots
[25.005s][info][gc,phases      ] GC(217) Adjust Roots 0.193ms
[25.005s][info][gc,phases,start] GC(217) Compaction Phase
[25.378s][info][gc,phases      ] GC(217) Compaction Phase 372.941ms
[25.378s][info][gc,phases,start] GC(217) Post Compact
[25.385s][info][gc,phases      ] GC(217) Post Compact 6.860ms
[25.389s][info][gc,heap        ] GC(217) PSYoungGen: 65248K(251904K)->61412K(254976K) Eden: 0K(73728K)->0K(76800K) From: 65248K(178176K)->61412K(178176K)
[25.389s][info][gc,heap        ] GC(217) ParOldGen: 3662121K(3662336K)->3662173K(4091904K)
[25.389s][info][gc,metaspace   ] GC(217) Metaspace: 6302K(6464K)->6302K(6464K) NonClass: 5769K(5824K)->5769K(5824K) Class: 533K(640K)->533K(640K)
[25.389s][info][gc             ] GC(217) Pause Full (Ergonomics) 3640M->3636M(4245M) 1228.603ms
[25.389s][info][gc,cpu         ] GC(217) User=8.89s Sys=0.03s Real=1.23s
[25.463s][info][gc,start       ] GC(218) Pause Young (Allocation Failure)
[25.719s][info][gc,heap        ] GC(218) PSYoungGen: 138212K(254976K)->77088K(258048K) Eden: 76800K(76800K)->0K(76800K) From: 61412K(178176K)->77088K(181248K)
[25.719s][info][gc,heap        ] GC(218) ParOldGen: 3662173K(4091904K)->3724181K(4091904K)
[25.719s][info][gc,metaspace   ] GC(218) Metaspace: 6302K(6464K)->6302K(6464K) NonClass: 5769K(5824K)->5769K(5824K) Class: 533K(640K)->533K(640K)
[25.719s][info][gc             ] GC(218) Pause Young (Allocation Failure) 3711M->3712M(4248M) 256.132ms
[25.719s][info][gc,cpu         ] GC(218) User=1.53s Sys=0.20s Real=0.26s
[25.799s][info][gc,start       ] GC(219) Pause Young (Allocation Failure)
[25.925s][info][gc,heap        ] GC(219) PSYoungGen: 153888K(258048K)->76992K(249344K) Eden: 76800K(76800K)->0K(85504K) From: 77088K(181248K)->76992K(163840K)
[25.925s][info][gc,heap        ] GC(219) ParOldGen: 3724181K(4091904K)->3801661K(4091904K)
[25.925s][info][gc,metaspace   ] GC(219) Metaspace: 6302K(6464K)->6302K(6464K) NonClass: 5769K(5824K)->5769K(5824K) Class: 533K(640K)->533K(640K)
[25.925s][info][gc             ] GC(219) Pause Young (Allocation Failure) 3787M->3787M(4239M) 125.829ms
[25.925s][info][gc,cpu         ] GC(219) User=0.48s Sys=0.36s Real=0.13s
[26.015s][info][gc,start       ] GC(220) Pause Young (Allocation Failure)
[26.150s][info][gc,heap        ] GC(220) PSYoungGen: 162496K(249344K)->85792K(254976K) Eden: 85504K(85504K)->0K(85504K) From: 76992K(163840K)->85792K(169472K)
[26.150s][info][gc,heap        ] GC(220) ParOldGen: 3801661K(4091904K)->3879149K(4091904K)
[26.150s][info][gc,metaspace   ] GC(220) Metaspace: 6302K(6464K)->6302K(6464K) NonClass: 5769K(5824K)->5769K(5824K) Class: 533K(640K)->533K(640K)
[26.150s][info][gc             ] GC(220) Pause Young (Allocation Failure) 3871M->3872M(4245M) 134.943ms
[26.150s][info][gc,cpu         ] GC(220) User=0.56s Sys=0.50s Real=0.13s
[26.237s][info][gc,start       ] GC(221) Pause Young (Allocation Failure)
[26.381s][info][gc,heap        ] GC(221) PSYoungGen: 171296K(254976K)->85760K(246272K) Eden: 85504K(85504K)->0K(95744K) From: 85792K(169472K)->85760K(150528K)
[26.381s][info][gc,heap        ] GC(221) ParOldGen: 3879149K(4091904K)->3965405K(4091904K)
[26.381s][info][gc,metaspace   ] GC(221) Metaspace: 6302K(6464K)->6302K(6464K) NonClass: 5769K(5824K)->5769K(5824K) Class: 533K(640K)->533K(640K)
[26.381s][info][gc             ] GC(221) Pause Young (Allocation Failure) 3955M->3956M(4236M) 144.203ms
[26.381s][info][gc,cpu         ] GC(221) User=0.52s Sys=0.42s Real=0.14s
[26.381s][info][gc,start       ] GC(222) Pause Full (Ergonomics)
[26.381s][info][gc,phases,start] GC(222) Marking Phase
[27.276s][info][gc,phases      ] GC(222) Marking Phase 895.236ms
[27.276s][info][gc,phases,start] GC(222) Summary Phase
[27.276s][info][gc,phases      ] GC(222) Summary Phase 0.153ms
[27.276s][info][gc,phases,start] GC(222) Adjust Roots
[27.277s][info][gc,phases      ] GC(222) Adjust Roots 0.271ms
[27.277s][info][gc,phases,start] GC(222) Compaction Phase
[27.684s][info][gc,phases      ] GC(222) Compaction Phase 407.247ms
[27.684s][info][gc,phases,start] GC(222) Post Compact
[27.691s][info][gc,phases      ] GC(222) Post Compact 7.036ms
[27.694s][info][gc,heap        ] GC(222) PSYoungGen: 85760K(246272K)->0K(251904K) Eden: 0K(95744K)->0K(95744K) From: 85760K(150528K)->0K(156160K)
[27.694s][info][gc,heap        ] GC(222) ParOldGen: 3965405K(4091904K)->4048060K(4512256K)
[27.694s][info][gc,metaspace   ] GC(222) Metaspace: 6302K(6464K)->6302K(6464K) NonClass: 5769K(5824K)->5769K(5824K) Class: 533K(640K)->533K(640K)
[27.694s][info][gc             ] GC(222) Pause Full (Ergonomics) 3956M->3953M(4652M) 1313.523ms
[27.694s][info][gc,cpu         ] GC(222) User=9.45s Sys=0.16s Real=1.31s
[27.805s][info][gc,start       ] GC(223) Pause Young (Allocation Failure)
[27.871s][info][gc,heap        ] GC(223) PSYoungGen: 95744K(251904K)->96032K(249856K) Eden: 95744K(95744K)->0K(104960K) From: 0K(156160K)->96032K(144896K)
[27.871s][info][gc,heap        ] GC(223) ParOldGen: 4048060K(4512256K)->4048060K(4512256K)
[27.871s][info][gc,metaspace   ] GC(223) Metaspace: 6302K(6464K)->6302K(6464K) NonClass: 5769K(5824K)->5769K(5824K) Class: 533K(640K)->533K(640K)
[27.871s][info][gc             ] GC(223) Pause Young (Allocation Failure) 4046M->4046M(4650M) 66.361ms
[27.871s][info][gc,cpu         ] GC(223) User=0.27s Sys=0.00s Real=0.07s
[27.977s][info][gc,start       ] GC(224) Pause Young (Allocation Failure)
[28.108s][info][gc,heap        ] GC(224) PSYoungGen: 200992K(249856K)->151552K(256512K) Eden: 104960K(104960K)->0K(104960K) From: 96032K(144896K)->151552K(151552K)
[28.108s][info][gc,heap        ] GC(224) ParOldGen: 4048060K(4512256K)->4097940K(4512256K)
[28.108s][info][gc,metaspace   ] GC(224) Metaspace: 6302K(6464K)->6302K(6464K) NonClass: 5769K(5824K)->5769K(5824K) Class: 533K(640K)->533K(640K)
[28.108s][info][gc             ] GC(224) Pause Young (Allocation Failure) 4149M->4149M(4657M) 131.033ms
[28.108s][info][gc,cpu         ] GC(224) User=0.59s Sys=0.28s Real=0.13s
[28.232s][info][gc,start       ] GC(225) Pause Young (Allocation Failure)
[28.465s][info][gc,heap        ] GC(225) PSYoungGen: 256512K(256512K)->105280K(289792K) Eden: 104960K(104960K)->0K(116224K) From: 151552K(151552K)->105280K(173568K)
[28.465s][info][gc,heap        ] GC(225) ParOldGen: 4097940K(4512256K)->4250564K(4512256K)
[28.465s][info][gc,metaspace   ] GC(225) Metaspace: 6302K(6464K)->6302K(6464K) NonClass: 5769K(5824K)->5769K(5824K) Class: 533K(640K)->533K(640K)
[28.465s][info][gc             ] GC(225) Pause Young (Allocation Failure) 4252M->4253M(4689M) 232.683ms
[28.465s][info][gc,cpu         ] GC(225) User=1.00s Sys=0.88s Real=0.23s
[28.579s][info][gc,start       ] GC(226) Pause Young (Allocation Failure)
[28.743s][info][gc,heap        ] GC(226) PSYoungGen: 221504K(289792K)->116608K(295936K) Eden: 116224K(116224K)->0K(116224K) From: 105280K(173568K)->116608K(179712K)
[28.743s][info][gc,heap        ] GC(226) ParOldGen: 4250564K(4512256K)->4356468K(4512256K)
[28.743s][info][gc,metaspace   ] GC(226) Metaspace: 6302K(6464K)->6302K(6464K) NonClass: 5769K(5824K)->5769K(5824K) Class: 533K(640K)->533K(640K)
[28.743s][info][gc             ] GC(226) Pause Young (Allocation Failure) 4367M->4368M(4695M) 164.021ms
[28.743s][info][gc,cpu         ] GC(226) User=0.94s Sys=0.20s Real=0.16s
[28.879s][info][gc,start       ] GC(227) Pause Young (Allocation Failure)
[29.052s][info][gc,heap        ] GC(227) PSYoungGen: 232832K(295936K)->116576K(301568K) Eden: 116224K(116224K)->0K(129024K) From: 116608K(179712K)->116576K(172544K)
[29.052s][info][gc,heap        ] GC(227) ParOldGen: 4356468K(4512256K)->4473740K(4512256K)
[29.052s][info][gc,metaspace   ] GC(227) Metaspace: 6302K(6464K)->6302K(6464K) NonClass: 5769K(5824K)->5769K(5824K) Class: 533K(640K)->533K(640K)
[29.052s][info][gc             ] GC(227) Pause Young (Allocation Failure) 4481M->4482M(4701M) 172.921ms
[29.052s][info][gc,cpu         ] GC(227) User=0.59s Sys=0.64s Real=0.17s
[29.052s][info][gc,start       ] GC(228) Pause Full (Ergonomics)
[29.052s][info][gc,phases,start] GC(228) Marking Phase
[30.091s][info][gc,phases      ] GC(228) Marking Phase 1039.330ms
[30.091s][info][gc,phases,start] GC(228) Summary Phase
[30.091s][info][gc,phases      ] GC(228) Summary Phase 0.108ms
[30.091s][info][gc,phases,start] GC(228) Adjust Roots
[30.092s][info][gc,phases      ] GC(228) Adjust Roots 0.219ms
[30.092s][info][gc,phases,start] GC(228) Compaction Phase
[30.535s][info][gc,phases      ] GC(228) Compaction Phase 443.613ms
[30.535s][info][gc,phases,start] GC(228) Post Compact
[30.542s][info][gc,phases      ] GC(228) Post Compact 7.228ms
[30.552s][info][gc,heap        ] GC(228) PSYoungGen: 116576K(301568K)->73771K(304128K) Eden: 0K(129024K)->0K(131584K) From: 116576K(172544K)->73771K(172544K)
[30.552s][info][gc,heap        ] GC(228) ParOldGen: 4473740K(4512256K)->4512242K(5046272K)
[30.552s][info][gc,metaspace   ] GC(228) Metaspace: 6302K(6464K)->6302K(6464K) NonClass: 5769K(5824K)->5769K(5824K) Class: 533K(640K)->533K(640K)
[30.552s][info][gc             ] GC(228) Pause Full (Ergonomics) 4482M->4478M(5225M) 1500.014ms
[30.552s][info][gc,cpu         ] GC(228) User=11.12s Sys=0.08s Real=1.50s
[30.691s][info][gc,start       ] GC(229) Pause Young (Allocation Failure)
[31.034s][info][gc,heap        ] GC(229) PSYoungGen: 205355K(304128K)->131936K(306688K) Eden: 131584K(131584K)->0K(131584K) From: 73771K(172544K)->131936K(175104K)
[31.034s][info][gc,heap        ] GC(229) ParOldGen: 4512242K(5046272K)->4586714K(5046272K)
[31.034s][info][gc,metaspace   ] GC(229) Metaspace: 6302K(6464K)->6302K(6464K) NonClass: 5769K(5824K)->5769K(5824K) Class: 533K(640K)->533K(640K)
[31.034s][info][gc             ] GC(229) Pause Young (Allocation Failure) 4607M->4608M(5227M) 343.071ms
[31.034s][info][gc,cpu         ] GC(229) User=2.05s Sys=0.20s Real=0.34s
[31.179s][info][gc,start       ] GC(230) Pause Young (Allocation Failure)
[31.399s][info][gc,heap        ] GC(230) PSYoungGen: 263520K(306688K)->178176K(270848K) Eden: 131584K(131584K)->0K(92672K) From: 131936K(175104K)->178176K(178176K)
[31.399s][info][gc,heap        ] GC(230) ParOldGen: 4586714K(5046272K)->4672818K(5046272K)
[31.399s][info][gc,metaspace   ] GC(230) Metaspace: 6302K(6464K)->6302K(6464K) NonClass: 5769K(5824K)->5769K(5824K) Class: 533K(640K)->533K(640K)
[31.399s][info][gc             ] GC(230) Pause Young (Allocation Failure) 4736M->4737M(5192M) 219.510ms
[31.399s][info][gc,cpu         ] GC(230) User=0.94s Sys=0.52s Real=0.22s
[31.491s][info][gc,start       ] GC(231) Pause Young (Allocation Failure)
[31.755s][info][gc,heap        ] GC(231) PSYoungGen: 270848K(270848K)->92992K(322048K) Eden: 92672K(92672K)->0K(92672K) From: 178176K(178176K)->92992K(229376K)
[31.755s][info][gc,heap        ] GC(231) ParOldGen: 4672818K(5046272K)->4852314K(5046272K)
[31.755s][info][gc,metaspace   ] GC(231) Metaspace: 6302K(6464K)->6302K(6464K) NonClass: 5769K(5824K)->5769K(5824K) Class: 533K(640K)->533K(640K)
[31.755s][info][gc             ] GC(231) Pause Young (Allocation Failure) 4827M->4829M(5242M) 263.983ms
[31.755s][info][gc,cpu         ] GC(231) User=0.94s Sys=1.05s Real=0.26s
[31.859s][info][gc,start       ] GC(232) Pause Young (Allocation Failure)
[32.018s][info][gc,heap        ] GC(232) PSYoungGen: 185664K(322048K)->92992K(315904K) Eden: 92672K(92672K)->0K(103424K) From: 92992K(229376K)->92992K(212480K)
[32.018s][info][gc,heap        ] GC(232) ParOldGen: 4852314K(5046272K)->4945858K(5046272K)
[32.018s][info][gc,metaspace   ] GC(232) Metaspace: 6302K(6464K)->6302K(6464K) NonClass: 5769K(5824K)->5769K(5824K) Class: 533K(640K)->533K(640K)
[32.018s][info][gc             ] GC(232) Pause Young (Allocation Failure) 4919M->4920M(5236M) 159.367ms
[32.018s][info][gc,cpu         ] GC(232) User=0.81s Sys=0.44s Real=0.16s
[32.018s][info][gc,start       ] GC(233) Pause Full (Ergonomics)
[32.018s][info][gc,phases,start] GC(233) Marking Phase
[33.152s][info][gc,phases      ] GC(233) Marking Phase 1134.336ms
[33.152s][info][gc,phases,start] GC(233) Summary Phase
[33.153s][info][gc,phases      ] GC(233) Summary Phase 0.097ms
[33.153s][info][gc,phases,start] GC(233) Adjust Roots
[33.153s][info][gc,phases      ] GC(233) Adjust Roots 0.189ms
[33.153s][info][gc,phases,start] GC(233) Compaction Phase
[33.624s][info][gc,phases      ] GC(233) Compaction Phase 470.804ms
[33.624s][info][gc,phases,start] GC(233) Post Compact
[33.631s][info][gc,phases      ] GC(233) Post Compact 7.342ms
[33.636s][info][gc,heap        ] GC(233) PSYoungGen: 92992K(315904K)->0K(321536K) Eden: 0K(103424K)->0K(103424K) From: 92992K(212480K)->0K(218112K)
[33.636s][info][gc,heap        ] GC(233) ParOldGen: 4945858K(5046272K)->5034404K(5620224K)
[33.636s][info][gc,metaspace   ] GC(233) Metaspace: 6302K(6464K)->6302K(6464K) NonClass: 5769K(5824K)->5769K(5824K) Class: 533K(640K)->533K(640K)
[33.636s][info][gc             ] GC(233) Pause Full (Ergonomics) 4920M->4916M(5802M) 1617.663ms
[33.636s][info][gc,cpu         ] GC(233) User=12.05s Sys=0.25s Real=1.62s
[33.749s][info][gc,start       ] GC(234) Pause Young (Allocation Failure)
[33.818s][info][gc,heap        ] GC(234) PSYoungGen: 103424K(321536K)->103712K(313344K) Eden: 103424K(103424K)->0K(113152K) From: 0K(218112K)->103712K(200192K)
[33.818s][info][gc,heap        ] GC(234) ParOldGen: 5034404K(5620224K)->5034404K(5620224K)
[33.818s][info][gc,metaspace   ] GC(234) Metaspace: 6302K(6464K)->6302K(6464K) NonClass: 5769K(5824K)->5769K(5824K) Class: 533K(640K)->533K(640K)
[33.818s][info][gc             ] GC(234) Pause Young (Allocation Failure) 5017M->5017M(5794M) 69.741ms
[33.819s][info][gc,cpu         ] GC(234) User=0.41s Sys=0.00s Real=0.07s
[33.949s][info][gc,start       ] GC(235) Pause Young (Allocation Failure)
[34.068s][info][gc,heap        ] GC(235) PSYoungGen: 216864K(313344K)->210432K(323584K) Eden: 113152K(113152K)->0K(113152K) From: 103712K(200192K)->210432K(210432K)
[34.068s][info][gc,heap        ] GC(235) ParOldGen: 5034404K(5620224K)->5041052K(5620224K)
[34.068s][info][gc,metaspace   ] GC(235) Metaspace: 6302K(6464K)->6302K(6464K) NonClass: 5769K(5824K)->5769K(5824K) Class: 533K(640K)->533K(640K)
[34.068s][info][gc             ] GC(235) Pause Young (Allocation Failure) 5128M->5128M(5804M) 119.280ms
[34.068s][info][gc,cpu         ] GC(235) User=0.77s Sys=0.02s Real=0.12s
[34.194s][info][gc,start       ] GC(236) Pause Young (Allocation Failure)
[34.500s][info][gc,heap        ] GC(236) PSYoungGen: 323584K(323584K)->113504K(346624K) Eden: 113152K(113152K)->0K(124928K) From: 210432K(210432K)->113504K(221696K)
[34.500s][info][gc,heap        ] GC(236) ParOldGen: 5041052K(5620224K)->5252964K(5620224K)
[34.500s][info][gc,metaspace   ] GC(236) Metaspace: 6302K(6464K)->6302K(6464K) NonClass: 5769K(5824K)->5769K(5824K) Class: 533K(640K)->533K(640K)
[34.500s][info][gc             ] GC(236) Pause Young (Allocation Failure) 5238M->5240M(5827M) 306.779ms
[34.500s][info][gc,cpu         ] GC(236) User=1.25s Sys=0.88s Real=0.31s
[34.644s][info][gc,start       ] GC(237) Pause Young (Allocation Failure)
[34.837s][info][gc,heap        ] GC(237) PSYoungGen: 238432K(346624K)->125248K(354304K) Eden: 124928K(124928K)->0K(124928K) From: 113504K(221696K)->125248K(229376K)
[34.837s][info][gc,heap        ] GC(237) ParOldGen: 5252964K(5620224K)->5367148K(5620224K)
[34.837s][info][gc,metaspace   ] GC(237) Metaspace: 6302K(6464K)->6302K(6464K) NonClass: 5769K(5824K)->5769K(5824K) Class: 533K(640K)->533K(640K)
[34.837s][info][gc             ] GC(237) Pause Young (Allocation Failure) 5362M->5363M(5834M) 193.078ms
[34.837s][info][gc,cpu         ] GC(237) User=0.89s Sys=0.41s Real=0.19s
[34.979s][info][gc,start       ] GC(238) Pause Young (Allocation Failure)
[35.196s][info][gc,heap        ] GC(238) PSYoungGen: 250176K(354304K)->125280K(339968K) Eden: 124928K(124928K)->0K(138752K) From: 125248K(229376K)->125280K(201216K)
[35.196s][info][gc,heap        ] GC(238) ParOldGen: 5367148K(5620224K)->5493204K(5620224K)
[35.196s][info][gc,metaspace   ] GC(238) Metaspace: 6302K(6464K)->6302K(6464K) NonClass: 5769K(5824K)->5769K(5824K) Class: 533K(640K)->533K(640K)
[35.196s][info][gc             ] GC(238) Pause Young (Allocation Failure) 5485M->5486M(5820M) 217.624ms
[35.196s][info][gc,cpu         ] GC(238) User=1.00s Sys=0.55s Real=0.22s
[35.196s][info][gc,start       ] GC(239) Pause Full (Ergonomics)
[35.196s][info][gc,phases,start] GC(239) Marking Phase
[36.463s][info][gc,phases      ] GC(239) Marking Phase 1266.334ms
[36.463s][info][gc,phases,start] GC(239) Summary Phase
[36.463s][info][gc,phases      ] GC(239) Summary Phase 0.159ms
[36.463s][info][gc,phases,start] GC(239) Adjust Roots
[36.463s][info][gc,phases      ] GC(239) Adjust Roots 0.252ms
[36.463s][info][gc,phases,start] GC(239) Compaction Phase
[36.993s][info][gc,phases      ] GC(239) Compaction Phase 529.770ms
[36.993s][info][gc,phases,start] GC(239) Post Compact
[37.005s][info][gc,phases      ] GC(239) Post Compact 11.904ms
[37.010s][info][gc,heap        ] GC(239) PSYoungGen: 125280K(339968K)->0K(348672K) Eden: 0K(138752K)->0K(138752K) From: 125280K(201216K)->0K(209920K)
[37.010s][info][gc,heap        ] GC(239) ParOldGen: 5493204K(5620224K)->5613830K(6280192K)
[37.010s][info][gc,metaspace   ] GC(239) Metaspace: 6302K(6464K)->6302K(6464K) NonClass: 5769K(5824K)->5769K(5824K) Class: 533K(640K)->533K(640K)
[37.010s][info][gc             ] GC(239) Pause Full (Ergonomics) 5486M->5482M(6473M) 1813.812ms
[37.010s][info][gc,cpu         ] GC(239) User=13.81s Sys=0.23s Real=1.81s
[37.179s][info][gc,start       ] GC(240) Pause Young (Allocation Failure)
[37.266s][info][gc,heap        ] GC(240) PSYoungGen: 138752K(348672K)->139136K(351744K) Eden: 138752K(138752K)->0K(151552K) From: 0K(209920K)->139136K(200192K)
[37.266s][info][gc,heap        ] GC(240) ParOldGen: 5613830K(6280192K)->5613830K(6280192K)
[37.266s][info][gc,metaspace   ] GC(240) Metaspace: 6302K(6464K)->6302K(6464K) NonClass: 5769K(5824K)->5769K(5824K) Class: 533K(640K)->533K(640K)
[37.266s][info][gc             ] GC(240) Pause Young (Allocation Failure) 5617M->5618M(6476M) 87.773ms
[37.266s][info][gc,cpu         ] GC(240) User=0.52s Sys=0.00s Real=0.09s
[38.743s][info][gc,start       ] GC(241) Pause Young (Allocation Failure)
[39.039s][info][gc,heap        ] GC(241) PSYoungGen: 290688K(351744K)->206336K(357888K) Eden: 151552K(151552K)->0K(151552K) From: 139136K(200192K)->206336K(206336K)
[39.039s][info][gc,heap        ] GC(241) ParOldGen: 5875974K(6280192K)->5961110K(6280192K)
[39.039s][info][gc,metaspace   ] GC(241) Metaspace: 6302K(6464K)->6302K(6464K) NonClass: 5769K(5824K)->5769K(5824K) Class: 533K(640K)->533K(640K)
[39.039s][info][gc             ] GC(241) Pause Young (Allocation Failure) 6022M->6022M(6482M) 296.074ms
[39.039s][info][gc,cpu         ] GC(241) User=1.69s Sys=0.45s Real=0.30s
[39.195s][info][gc,start       ] GC(242) Pause Young (Allocation Failure)
[39.538s][info][gc,heap        ] GC(242) PSYoungGen: 357888K(357888K)->151968K(410624K) Eden: 151552K(151552K)->0K(165888K) From: 206336K(206336K)->151968K(244736K)
[39.538s][info][gc,heap        ] GC(242) ParOldGen: 5961110K(6280192K)->6168918K(6280192K)
[39.538s][info][gc,metaspace   ] GC(242) Metaspace: 6302K(6464K)->6302K(6464K) NonClass: 5769K(5824K)->5769K(5824K) Class: 533K(640K)->533K(640K)
[39.538s][info][gc             ] GC(242) Pause Young (Allocation Failure) 6170M->6172M(6534M) 342.417ms
[39.538s][info][gc,cpu         ] GC(242) User=1.09s Sys=1.48s Real=0.34s
[39.538s][info][gc,start       ] GC(243) Pause Full (Ergonomics)
[39.538s][info][gc,phases,start] GC(243) Marking Phase
[40.916s][info][gc,phases      ] GC(243) Marking Phase 1378.688ms
[40.917s][info][gc,phases,start] GC(243) Summary Phase
[40.917s][info][gc,phases      ] GC(243) Summary Phase 0.158ms
[40.917s][info][gc,phases,start] GC(243) Adjust Roots
[40.917s][info][gc,phases      ] GC(243) Adjust Roots 0.191ms
[40.917s][info][gc,phases,start] GC(243) Compaction Phase
[41.895s][info][gc,phases      ] GC(243) Compaction Phase 977.827ms
[41.895s][info][gc,phases,start] GC(243) Post Compact
[41.907s][info][gc,phases      ] GC(243) Post Compact 12.020ms
[41.911s][info][gc,heap        ] GC(243) PSYoungGen: 151968K(410624K)->0K(417280K) Eden: 0K(165888K)->0K(165888K) From: 151968K(244736K)->0K(251392K)
[41.911s][info][gc,heap        ] GC(243) ParOldGen: 6168918K(6280192K)->6186660K(6690304K)
[41.911s][info][gc,metaspace   ] GC(243) Metaspace: 6302K(6464K)->6302K(6464K) NonClass: 5769K(5824K)->5769K(5824K) Class: 533K(640K)->533K(640K)
[41.911s][info][gc             ] GC(243) Pause Full (Ergonomics) 6172M->6041M(6941M) 2373.111ms
[41.911s][info][gc,cpu         ] GC(243) User=16.66s Sys=0.08s Real=2.37s
[42.090s][info][gc,start       ] GC(244) Pause Young (Allocation Failure)
[42.213s][info][gc,heap        ] GC(244) PSYoungGen: 165888K(417280K)->166368K(423424K) Eden: 165888K(165888K)->0K(179200K) From: 0K(251392K)->166368K(244224K)
[42.213s][info][gc,heap        ] GC(244) ParOldGen: 6186660K(6690304K)->6186660K(6690304K)
[42.213s][info][gc,metaspace   ] GC(244) Metaspace: 6302K(6464K)->6302K(6464K) NonClass: 5769K(5824K)->5769K(5824K) Class: 533K(640K)->533K(640K)
[42.213s][info][gc             ] GC(244) Pause Young (Allocation Failure) 6203M->6204M(6947M) 123.185ms
[42.213s][info][gc,cpu         ] GC(244) User=0.42s Sys=0.06s Real=0.12s
[42.399s][info][gc,start       ] GC(245) Pause Young (Allocation Failure)
[42.632s][info][gc,heap        ] GC(245) PSYoungGen: 345568K(423424K)->248832K(428032K) Eden: 179200K(179200K)->0K(179200K) From: 166368K(244224K)->248832K(248832K)
[42.632s][info][gc,heap        ] GC(245) ParOldGen: 6186660K(6690304K)->6284244K(6690304K)
[42.632s][info][gc,metaspace   ] GC(245) Metaspace: 6302K(6464K)->6302K(6464K) NonClass: 5769K(5824K)->5769K(5824K) Class: 533K(640K)->533K(640K)
[42.632s][info][gc             ] GC(245) Pause Young (Allocation Failure) 6379M->6379M(6951M) 233.275ms
[42.632s][info][gc,cpu         ] GC(245) User=1.08s Sys=0.56s Real=0.23s
[42.821s][info][gc,start       ] GC(246) Pause Young (Allocation Failure)
[43.199s][info][gc,heap        ] GC(246) PSYoungGen: 428032K(428032K)->310432K(468992K) Eden: 179200K(179200K)->0K(156160K) From: 248832K(248832K)->310432K(312832K)
[43.199s][info][gc,heap        ] GC(246) ParOldGen: 6284244K(6690304K)->6403076K(6690304K)
[43.199s][info][gc,metaspace   ] GC(246) Metaspace: 6302K(6464K)->6302K(6464K) NonClass: 5769K(5824K)->5769K(5824K) Class: 533K(640K)->533K(640K)
[43.199s][info][gc             ] GC(246) Pause Young (Allocation Failure) 6554M->6556M(6991M) 378.492ms
[43.199s][info][gc,cpu         ] GC(246) User=1.48s Sys=1.39s Real=0.38s
[43.361s][info][gc,start       ] GC(247) Pause Young (Allocation Failure)
[43.587s][info][gc,heap        ] GC(247) PSYoungGen: 466592K(468992K)->351744K(507904K) Eden: 156160K(156160K)->0K(156160K) From: 310432K(312832K)->351744K(351744K)
[43.587s][info][gc,heap        ] GC(247) ParOldGen: 6403076K(6690304K)->6518996K(6690304K)
[43.587s][info][gc,metaspace   ] GC(247) Metaspace: 6302K(6464K)->6302K(6464K) NonClass: 5769K(5824K)->5769K(5824K) Class: 533K(640K)->533K(640K)
[43.587s][info][gc             ] GC(247) Pause Young (Allocation Failure) 6708M->6709M(7029M) 226.752ms
[43.587s][info][gc,cpu         ] GC(247) User=1.45s Sys=0.11s Real=0.23s
[43.587s][info][gc,start       ] GC(248) Pause Full (Ergonomics)
[43.587s][info][gc,phases,start] GC(248) Marking Phase
[45.147s][info][gc,phases      ] GC(248) Marking Phase 1559.091ms
[45.147s][info][gc,phases,start] GC(248) Summary Phase
[45.147s][info][gc,phases      ] GC(248) Summary Phase 0.084ms
[45.147s][info][gc,phases,start] GC(248) Adjust Roots
[45.147s][info][gc,phases      ] GC(248) Adjust Roots 0.193ms
[45.147s][info][gc,phases,start] GC(248) Compaction Phase
[45.914s][info][gc,phases      ] GC(248) Compaction Phase 767.457ms
[45.914s][info][gc,phases,start] GC(248) Post Compact
[45.926s][info][gc,phases      ] GC(248) Post Compact 11.173ms
[45.926s][info][gc,heap        ] GC(248) PSYoungGen: 351744K(507904K)->176751K(507904K) Eden: 0K(156160K)->0K(156160K) From: 351744K(351744K)->176751K(351744K)
[45.926s][info][gc,heap        ] GC(248) ParOldGen: 6518996K(6690304K)->6690229K(6690304K)
[45.926s][info][gc,metaspace   ] GC(248) Metaspace: 6302K(6464K)->6302K(6464K) NonClass: 5769K(5824K)->5769K(5824K) Class: 533K(640K)->533K(640K)
[45.926s][info][gc             ] GC(248) Pause Full (Ergonomics) 6709M->6706M(7029M) 2338.337ms
[45.926s][info][gc,cpu         ] GC(248) User=16.69s Sys=0.17s Real=2.34s
[46.092s][info][gc,start       ] GC(249) Pause Full (Ergonomics)
[46.092s][info][gc,phases,start] GC(249) Marking Phase
[47.701s][info][gc,phases      ] GC(249) Marking Phase 1608.883ms
[47.701s][info][gc,phases,start] GC(249) Summary Phase
[47.701s][info][gc,phases      ] GC(249) Summary Phase 0.088ms
[47.701s][info][gc,phases,start] GC(249) Adjust Roots
[47.701s][info][gc,phases      ] GC(249) Adjust Roots 0.188ms
[47.701s][info][gc,phases,start] GC(249) Compaction Phase
[48.321s][info][gc,phases      ] GC(249) Compaction Phase 619.291ms
[48.321s][info][gc,phases,start] GC(249) Post Compact
[48.334s][info][gc,phases      ] GC(249) Post Compact 13.101ms
[48.334s][info][gc,heap        ] GC(249) PSYoungGen: 332911K(507904K)->332882K(507904K) Eden: 156160K(156160K)->156130K(156160K) From: 176751K(351744K)->176751K(351744K)
[48.334s][info][gc,heap        ] GC(249) ParOldGen: 6690229K(6690304K)->6690229K(6690304K)
[48.334s][info][gc,metaspace   ] GC(249) Metaspace: 6302K(6464K)->6302K(6464K) NonClass: 5769K(5824K)->5769K(5824K) Class: 533K(640K)->533K(640K)
[48.334s][info][gc             ] GC(249) Pause Full (Ergonomics) 6858M->6858M(7029M) 2241.939ms
[48.334s][info][gc,cpu         ] GC(249) User=16.42s Sys=0.00s Real=2.24s
[48.334s][info][gc,start       ] GC(250) Pause Full (Ergonomics)
[48.334s][info][gc,phases,start] GC(250) Marking Phase
[49.972s][info][gc,phases      ] GC(250) Marking Phase 1637.733ms
[49.972s][info][gc,phases,start] GC(250) Summary Phase
[49.972s][info][gc,phases      ] GC(250) Summary Phase 0.101ms
[49.972s][info][gc,phases,start] GC(250) Adjust Roots
[49.972s][info][gc,phases      ] GC(250) Adjust Roots 0.238ms
[49.972s][info][gc,phases,start] GC(250) Compaction Phase
[50.576s][info][gc,phases      ] GC(250) Compaction Phase 604.158ms
[50.577s][info][gc,phases,start] GC(250) Post Compact
[50.588s][info][gc,phases      ] GC(250) Post Compact 11.441ms
[50.588s][info][gc,heap        ] GC(250) PSYoungGen: 332911K(507904K)->332910K(507904K) Eden: 156160K(156160K)->156159K(156160K) From: 176751K(351744K)->176751K(351744K)
[50.588s][info][gc,heap        ] GC(250) ParOldGen: 6690229K(6690304K)->6690229K(6690304K)
[50.588s][info][gc,metaspace   ] GC(250) Metaspace: 6302K(6464K)->6302K(6464K) NonClass: 5769K(5824K)->5769K(5824K) Class: 533K(640K)->533K(640K)
[50.588s][info][gc             ] GC(250) Pause Full (Ergonomics) 6858M->6858M(7029M) 2254.057ms
[50.588s][info][gc,cpu         ] GC(250) User=16.50s Sys=0.00s Real=2.25s
[50.588s][info][gc,start       ] GC(251) Pause Full (Ergonomics)
[50.588s][info][gc,phases,start] GC(251) Marking Phase
[52.231s][info][gc,phases      ] GC(251) Marking Phase 1642.902ms
[52.231s][info][gc,phases,start] GC(251) Summary Phase
[52.231s][info][gc,phases      ] GC(251) Summary Phase 0.103ms
[52.231s][info][gc,phases,start] GC(251) Adjust Roots
[52.232s][info][gc,phases      ] GC(251) Adjust Roots 0.233ms
[52.232s][info][gc,phases,start] GC(251) Compaction Phase
[52.816s][info][gc,phases      ] GC(251) Compaction Phase 584.180ms
[52.816s][info][gc,phases,start] GC(251) Post Compact
[52.827s][info][gc,phases      ] GC(251) Post Compact 10.998ms
[52.827s][info][gc,heap        ] GC(251) PSYoungGen: 332911K(507904K)->332911K(507904K) Eden: 156159K(156160K)->156159K(156160K) From: 176751K(351744K)->176751K(351744K)
[52.827s][info][gc,heap        ] GC(251) ParOldGen: 6690229K(6690304K)->6690229K(6690304K)
[52.827s][info][gc,metaspace   ] GC(251) Metaspace: 6302K(6464K)->6302K(6464K) NonClass: 5769K(5824K)->5769K(5824K) Class: 533K(640K)->533K(640K)
[52.827s][info][gc             ] GC(251) Pause Full (Ergonomics) 6858M->6858M(7029M) 2238.826ms
[52.827s][info][gc,cpu         ] GC(251) User=16.69s Sys=0.00s Real=2.24s
[52.827s][info][gc,start       ] GC(252) Pause Full (Ergonomics)
[52.827s][info][gc,phases,start] GC(252) Marking Phase
[54.457s][info][gc,phases      ] GC(252) Marking Phase 1629.803ms
[54.457s][info][gc,phases,start] GC(252) Summary Phase
[54.457s][info][gc,phases      ] GC(252) Summary Phase 0.071ms
[54.457s][info][gc,phases,start] GC(252) Adjust Roots
[54.457s][info][gc,phases      ] GC(252) Adjust Roots 0.160ms
[54.458s][info][gc,phases,start] GC(252) Compaction Phase
[55.029s][info][gc,phases      ] GC(252) Compaction Phase 571.673ms
[55.029s][info][gc,phases,start] GC(252) Post Compact
[55.041s][info][gc,phases      ] GC(252) Post Compact 11.502ms
[55.041s][info][gc,heap        ] GC(252) PSYoungGen: 332911K(507904K)->332911K(507904K) Eden: 156159K(156160K)->156159K(156160K) From: 176751K(351744K)->176751K(351744K)
[55.041s][info][gc,heap        ] GC(252) ParOldGen: 6690234K(6690304K)->6690234K(6690304K)
[55.041s][info][gc,metaspace   ] GC(252) Metaspace: 6302K(6464K)->6302K(6464K) NonClass: 5769K(5824K)->5769K(5824K) Class: 533K(640K)->533K(640K)
[55.041s][info][gc             ] GC(252) Pause Full (Ergonomics) 6858M->6858M(7029M) 2213.581ms
[55.041s][info][gc,cpu         ] GC(252) User=16.62s Sys=0.02s Real=2.21s
[55.041s][info][gc,start       ] GC(253) Pause Full (Ergonomics)
[55.041s][info][gc,phases,start] GC(253) Marking Phase
[56.687s][info][gc,phases      ] GC(253) Marking Phase 1645.702ms
[56.687s][info][gc,phases,start] GC(253) Summary Phase
[56.687s][info][gc,phases      ] GC(253) Summary Phase 0.070ms
[56.687s][info][gc,phases,start] GC(253) Adjust Roots
[56.687s][info][gc,phases      ] GC(253) Adjust Roots 0.167ms
[56.687s][info][gc,phases,start] GC(253) Compaction Phase
[57.267s][info][gc,phases      ] GC(253) Compaction Phase 579.855ms
[57.267s][info][gc,phases,start] GC(253) Post Compact
[57.278s][info][gc,phases      ] GC(253) Post Compact 11.289ms
[57.279s][info][gc,heap        ] GC(253) PSYoungGen: 332911K(507904K)->332911K(507904K) Eden: 156159K(156160K)->156159K(156160K) From: 176751K(351744K)->176751K(351744K)
[57.279s][info][gc,heap        ] GC(253) ParOldGen: 6690239K(6690304K)->6690239K(6690304K)
[57.279s][info][gc,metaspace   ] GC(253) Metaspace: 6302K(6464K)->6302K(6464K) NonClass: 5769K(5824K)->5769K(5824K) Class: 533K(640K)->533K(640K)
[57.279s][info][gc             ] GC(253) Pause Full (Ergonomics) 6858M->6858M(7029M) 2237.525ms
[57.279s][info][gc,cpu         ] GC(253) User=16.72s Sys=0.02s Real=2.24s
[57.279s][info][gc,start       ] GC(254) Pause Full (Ergonomics)
[57.279s][info][gc,phases,start] GC(254) Marking Phase
[58.934s][info][gc,phases      ] GC(254) Marking Phase 1655.378ms
[58.934s][info][gc,phases,start] GC(254) Summary Phase
[58.934s][info][gc,phases      ] GC(254) Summary Phase 0.072ms
[58.934s][info][gc,phases,start] GC(254) Adjust Roots
[58.935s][info][gc,phases      ] GC(254) Adjust Roots 0.188ms
[58.935s][info][gc,phases,start] GC(254) Compaction Phase
[59.514s][info][gc,phases      ] GC(254) Compaction Phase 578.865ms
[59.514s][info][gc,phases,start] GC(254) Post Compact
[59.525s][info][gc,phases      ] GC(254) Post Compact 11.331ms
[59.525s][info][gc,heap        ] GC(254) PSYoungGen: 332911K(507904K)->332911K(507904K) Eden: 156159K(156160K)->156159K(156160K) From: 176751K(351744K)->176751K(351744K)
[59.525s][info][gc,heap        ] GC(254) ParOldGen: 6690244K(6690304K)->6690244K(6690304K)
[59.525s][info][gc,metaspace   ] GC(254) Metaspace: 6302K(6464K)->6302K(6464K) NonClass: 5769K(5824K)->5769K(5824K) Class: 533K(640K)->533K(640K)
[59.525s][info][gc             ] GC(254) Pause Full (Ergonomics) 6858M->6858M(7029M) 2246.177ms
[59.525s][info][gc,cpu         ] GC(254) User=16.80s Sys=0.03s Real=2.25s
[59.525s][info][gc,start       ] GC(255) Pause Full (Ergonomics)
[59.525s][info][gc,phases,start] GC(255) Marking Phase
[61.184s][info][gc,phases      ] GC(255) Marking Phase 1658.725ms
[61.184s][info][gc,phases,start] GC(255) Summary Phase
[61.184s][info][gc,phases      ] GC(255) Summary Phase 0.070ms
[61.184s][info][gc,phases,start] GC(255) Adjust Roots
[61.184s][info][gc,phases      ] GC(255) Adjust Roots 0.158ms
[61.184s][info][gc,phases,start] GC(255) Compaction Phase
[61.815s][info][gc,phases      ] GC(255) Compaction Phase 630.223ms
[61.815s][info][gc,phases,start] GC(255) Post Compact
[61.826s][info][gc,phases      ] GC(255) Post Compact 11.162ms
[61.826s][info][gc,heap        ] GC(255) PSYoungGen: 332911K(507904K)->332911K(507904K) Eden: 156159K(156160K)->156159K(156160K) From: 176751K(351744K)->176751K(351744K)
[61.826s][info][gc,heap        ] GC(255) ParOldGen: 6690249K(6690304K)->6690249K(6690304K)
[61.826s][info][gc,metaspace   ] GC(255) Metaspace: 6302K(6464K)->6302K(6464K) NonClass: 5769K(5824K)->5769K(5824K) Class: 533K(640K)->533K(640K)
[61.826s][info][gc             ] GC(255) Pause Full (Ergonomics) 6858M->6858M(7029M) 2300.664ms
[61.826s][info][gc,cpu         ] GC(255) User=16.84s Sys=0.00s Real=2.30s
[61.826s][info][gc,start       ] GC(256) Pause Full (Ergonomics)
[61.826s][info][gc,phases,start] GC(256) Marking Phase
[63.468s][info][gc,phases      ] GC(256) Marking Phase 1641.916ms
[63.468s][info][gc,phases,start] GC(256) Summary Phase
[63.468s][info][gc,phases      ] GC(256) Summary Phase 0.071ms
[63.468s][info][gc,phases,start] GC(256) Adjust Roots
[63.469s][info][gc,phases      ] GC(256) Adjust Roots 0.164ms
[63.469s][info][gc,phases,start] GC(256) Compaction Phase
[64.050s][info][gc,phases      ] GC(256) Compaction Phase 580.990ms
[64.050s][info][gc,phases,start] GC(256) Post Compact
[64.061s][info][gc,phases      ] GC(256) Post Compact 11.169ms
[64.061s][info][gc,heap        ] GC(256) PSYoungGen: 332911K(507904K)->332911K(507904K) Eden: 156159K(156160K)->156159K(156160K) From: 176751K(351744K)->176751K(351744K)
[64.061s][info][gc,heap        ] GC(256) ParOldGen: 6690254K(6690304K)->6690254K(6690304K)
[64.061s][info][gc,metaspace   ] GC(256) Metaspace: 6302K(6464K)->6302K(6464K) NonClass: 5769K(5824K)->5769K(5824K) Class: 533K(640K)->533K(640K)
[64.061s][info][gc             ] GC(256) Pause Full (Ergonomics) 6858M->6858M(7029M) 2234.647ms
[64.061s][info][gc,cpu         ] GC(256) User=16.61s Sys=0.00s Real=2.23s
[64.061s][info][gc,start       ] GC(257) Pause Full (Ergonomics)
[64.061s][info][gc,phases,start] GC(257) Marking Phase
[65.715s][info][gc,phases      ] GC(257) Marking Phase 1653.980ms
[65.715s][info][gc,phases,start] GC(257) Summary Phase
[65.715s][info][gc,phases      ] GC(257) Summary Phase 0.095ms
[65.715s][info][gc,phases,start] GC(257) Adjust Roots
[65.716s][info][gc,phases      ] GC(257) Adjust Roots 0.252ms
[65.716s][info][gc,phases,start] GC(257) Compaction Phase
[66.295s][info][gc,phases      ] GC(257) Compaction Phase 579.464ms
[66.295s][info][gc,phases,start] GC(257) Post Compact
[66.307s][info][gc,phases      ] GC(257) Post Compact 11.552ms
[66.307s][info][gc,heap        ] GC(257) PSYoungGen: 332911K(507904K)->332911K(507904K) Eden: 156159K(156160K)->156159K(156160K) From: 176751K(351744K)->176751K(351744K)
[66.307s][info][gc,heap        ] GC(257) ParOldGen: 6690258K(6690304K)->6690258K(6690304K)
[66.307s][info][gc,metaspace   ] GC(257) Metaspace: 6302K(6464K)->6302K(6464K) NonClass: 5769K(5824K)->5769K(5824K) Class: 533K(640K)->533K(640K)
[66.307s][info][gc             ] GC(257) Pause Full (Ergonomics) 6858M->6858M(7029M) 2245.711ms
[66.307s][info][gc,cpu         ] GC(257) User=16.89s Sys=0.00s Real=2.25s
[66.307s][info][gc,start       ] GC(258) Pause Full (Ergonomics)
[66.307s][info][gc,phases,start] GC(258) Marking Phase
[67.954s][info][gc,phases      ] GC(258) Marking Phase 1646.945ms
[67.954s][info][gc,phases,start] GC(258) Summary Phase
[67.954s][info][gc,phases      ] GC(258) Summary Phase 0.070ms
[67.954s][info][gc,phases,start] GC(258) Adjust Roots
[67.954s][info][gc,phases      ] GC(258) Adjust Roots 0.167ms
[67.954s][info][gc,phases,start] GC(258) Compaction Phase
[68.548s][info][gc,phases      ] GC(258) Compaction Phase 593.570ms
[68.548s][info][gc,phases,start] GC(258) Post Compact
[68.560s][info][gc,phases      ] GC(258) Post Compact 12.094ms
[68.560s][info][gc,heap        ] GC(258) PSYoungGen: 332911K(507904K)->332911K(507904K) Eden: 156159K(156160K)->156159K(156160K) From: 176751K(351744K)->176751K(351744K)
[68.560s][info][gc,heap        ] GC(258) ParOldGen: 6690263K(6690304K)->6690263K(6690304K)
[68.560s][info][gc,metaspace   ] GC(258) Metaspace: 6302K(6464K)->6302K(6464K) NonClass: 5769K(5824K)->5769K(5824K) Class: 533K(640K)->533K(640K)
[68.560s][info][gc             ] GC(258) Pause Full (Ergonomics) 6858M->6858M(7029M) 2253.205ms
[68.560s][info][gc,cpu         ] GC(258) User=16.61s Sys=0.02s Real=2.25s
[68.561s][info][gc,start       ] GC(259) Pause Full (Ergonomics)
[68.561s][info][gc,phases,start] GC(259) Marking Phase
[70.203s][info][gc,phases      ] GC(259) Marking Phase 1642.779ms
[70.203s][info][gc,phases,start] GC(259) Summary Phase
[70.204s][info][gc,phases      ] GC(259) Summary Phase 0.071ms
[70.204s][info][gc,phases,start] GC(259) Adjust Roots
[70.204s][info][gc,phases      ] GC(259) Adjust Roots 0.170ms
[70.204s][info][gc,phases,start] GC(259) Compaction Phase
[70.811s][info][gc,phases      ] GC(259) Compaction Phase 607.109ms
[70.811s][info][gc,phases,start] GC(259) Post Compact
[70.822s][info][gc,phases      ] GC(259) Post Compact 11.364ms
[70.822s][info][gc,heap        ] GC(259) PSYoungGen: 332911K(507904K)->332911K(507904K) Eden: 156159K(156160K)->156159K(156160K) From: 176751K(351744K)->176751K(351744K)
[70.822s][info][gc,heap        ] GC(259) ParOldGen: 6690268K(6690304K)->6690268K(6690304K)
[70.822s][info][gc,metaspace   ] GC(259) Metaspace: 6302K(6464K)->6302K(6464K) NonClass: 5769K(5824K)->5769K(5824K) Class: 533K(640K)->533K(640K)
[70.822s][info][gc             ] GC(259) Pause Full (Ergonomics) 6858M->6858M(7029M) 2261.847ms
[70.822s][info][gc,cpu         ] GC(259) User=16.69s Sys=0.02s Real=2.26s
[70.823s][info][gc,start       ] GC(260) Pause Full (Ergonomics)
[70.823s][info][gc,phases,start] GC(260) Marking Phase
[72.440s][info][gc,phases      ] GC(260) Marking Phase 1617.724ms
[72.440s][info][gc,phases,start] GC(260) Summary Phase
[72.441s][info][gc,phases      ] GC(260) Summary Phase 0.076ms
[72.441s][info][gc,phases,start] GC(260) Adjust Roots
[72.441s][info][gc,phases      ] GC(260) Adjust Roots 0.191ms
[72.441s][info][gc,phases,start] GC(260) Compaction Phase
[73.036s][info][gc,phases      ] GC(260) Compaction Phase 594.802ms
[73.036s][info][gc,phases,start] GC(260) Post Compact
[73.047s][info][gc,phases      ] GC(260) Post Compact 11.042ms
[73.047s][info][gc,heap        ] GC(260) PSYoungGen: 332911K(507904K)->332911K(507904K) Eden: 156159K(156160K)->156159K(156160K) From: 176751K(351744K)->176751K(351744K)
[73.047s][info][gc,heap        ] GC(260) ParOldGen: 6690273K(6690304K)->6690273K(6690304K)
[73.047s][info][gc,metaspace   ] GC(260) Metaspace: 6302K(6464K)->6302K(6464K) NonClass: 5769K(5824K)->5769K(5824K) Class: 533K(640K)->533K(640K)
[73.047s][info][gc             ] GC(260) Pause Full (Ergonomics) 6858M->6858M(7029M) 2224.186ms
[73.047s][info][gc,cpu         ] GC(260) User=16.42s Sys=0.00s Real=2.22s
[73.047s][info][gc,start       ] GC(261) Pause Full (Ergonomics)
[73.047s][info][gc,phases,start] GC(261) Marking Phase
[74.655s][info][gc,phases      ] GC(261) Marking Phase 1607.362ms
[74.655s][info][gc,phases,start] GC(261) Summary Phase
[74.655s][info][gc,phases      ] GC(261) Summary Phase 0.076ms
[74.655s][info][gc,phases,start] GC(261) Adjust Roots
[74.655s][info][gc,phases      ] GC(261) Adjust Roots 0.170ms
[74.655s][info][gc,phases,start] GC(261) Compaction Phase
[75.248s][info][gc,phases      ] GC(261) Compaction Phase 593.242ms
[75.248s][info][gc,phases,start] GC(261) Post Compact
[75.259s][info][gc,phases      ] GC(261) Post Compact 11.225ms
[75.260s][info][gc,heap        ] GC(261) PSYoungGen: 332911K(507904K)->332911K(507904K) Eden: 156159K(156160K)->156159K(156160K) From: 176751K(351744K)->176751K(351744K)
[75.260s][info][gc,heap        ] GC(261) ParOldGen: 6690278K(6690304K)->6690278K(6690304K)
[75.260s][info][gc,metaspace   ] GC(261) Metaspace: 6302K(6464K)->6302K(6464K) NonClass: 5769K(5824K)->5769K(5824K) Class: 533K(640K)->533K(640K)
[75.260s][info][gc             ] GC(261) Pause Full (Ergonomics) 6858M->6858M(7029M) 2212.438ms
[75.260s][info][gc,cpu         ] GC(261) User=16.56s Sys=0.02s Real=2.21s
[75.260s][info][gc,start       ] GC(262) Pause Full (Ergonomics)
[75.260s][info][gc,phases,start] GC(262) Marking Phase
[76.905s][info][gc,phases      ] GC(262) Marking Phase 1645.183ms
[76.905s][info][gc,phases,start] GC(262) Summary Phase
[76.905s][info][gc,phases      ] GC(262) Summary Phase 0.074ms
[76.905s][info][gc,phases,start] GC(262) Adjust Roots
[76.905s][info][gc,phases      ] GC(262) Adjust Roots 0.165ms
[76.905s][info][gc,phases,start] GC(262) Compaction Phase
[77.524s][info][gc,phases      ] GC(262) Compaction Phase 618.684ms
[77.524s][info][gc,phases,start] GC(262) Post Compact
[77.535s][info][gc,phases      ] GC(262) Post Compact 11.123ms
[77.535s][info][gc,heap        ] GC(262) PSYoungGen: 332911K(507904K)->332911K(507904K) Eden: 156159K(156160K)->156159K(156160K) From: 176751K(351744K)->176751K(351744K)
[77.535s][info][gc,heap        ] GC(262) ParOldGen: 6690283K(6690304K)->6690283K(6690304K)
[77.535s][info][gc,metaspace   ] GC(262) Metaspace: 6302K(6464K)->6302K(6464K) NonClass: 5769K(5824K)->5769K(5824K) Class: 533K(640K)->533K(640K)
[77.535s][info][gc             ] GC(262) Pause Full (Ergonomics) 6858M->6858M(7029M) 2275.583ms
[77.535s][info][gc,cpu         ] GC(262) User=16.67s Sys=0.00s Real=2.28s
[77.536s][info][gc,start       ] GC(263) Pause Full (Ergonomics)
[77.536s][info][gc,phases,start] GC(263) Marking Phase
[79.179s][info][gc,phases      ] GC(263) Marking Phase 1643.097ms
[79.179s][info][gc,phases,start] GC(263) Summary Phase
[79.179s][info][gc,phases      ] GC(263) Summary Phase 0.072ms
[79.179s][info][gc,phases,start] GC(263) Adjust Roots
[79.179s][info][gc,phases      ] GC(263) Adjust Roots 0.169ms
[79.179s][info][gc,phases,start] GC(263) Compaction Phase
[79.789s][info][gc,phases      ] GC(263) Compaction Phase 609.501ms
[79.789s][info][gc,phases,start] GC(263) Post Compact
[79.800s][info][gc,phases      ] GC(263) Post Compact 11.534ms
[79.800s][info][gc,heap        ] GC(263) PSYoungGen: 332911K(507904K)->332911K(507904K) Eden: 156159K(156160K)->156159K(156160K) From: 176751K(351744K)->176751K(351744K)
[79.800s][info][gc,heap        ] GC(263) ParOldGen: 6690287K(6690304K)->6690287K(6690304K)
[79.800s][info][gc,metaspace   ] GC(263) Metaspace: 6302K(6464K)->6302K(6464K) NonClass: 5769K(5824K)->5769K(5824K) Class: 533K(640K)->533K(640K)
[79.800s][info][gc             ] GC(263) Pause Full (Ergonomics) 6858M->6858M(7029M) 2264.724ms
[79.800s][info][gc,cpu         ] GC(263) User=16.61s Sys=0.02s Real=2.27s
[79.801s][info][gc,start       ] GC(264) Pause Full (Ergonomics)
[79.801s][info][gc,phases,start] GC(264) Marking Phase
[81.443s][info][gc,phases      ] GC(264) Marking Phase 1642.698ms
[81.443s][info][gc,phases,start] GC(264) Summary Phase
[81.443s][info][gc,phases      ] GC(264) Summary Phase 0.076ms
[81.443s][info][gc,phases,start] GC(264) Adjust Roots
[81.444s][info][gc,phases      ] GC(264) Adjust Roots 0.231ms
[81.444s][info][gc,phases,start] GC(264) Compaction Phase
[82.039s][info][gc,phases      ] GC(264) Compaction Phase 595.712ms
[82.039s][info][gc,phases,start] GC(264) Post Compact
[82.051s][info][gc,phases      ] GC(264) Post Compact 11.145ms
[82.051s][info][gc,heap        ] GC(264) PSYoungGen: 332911K(507904K)->332911K(507904K) Eden: 156159K(156160K)->156159K(156160K) From: 176751K(351744K)->176751K(351744K)
[82.051s][info][gc,heap        ] GC(264) ParOldGen: 6690292K(6690304K)->6690292K(6690304K)
[82.051s][info][gc,metaspace   ] GC(264) Metaspace: 6302K(6464K)->6302K(6464K) NonClass: 5769K(5824K)->5769K(5824K) Class: 533K(640K)->533K(640K)
[82.051s][info][gc             ] GC(264) Pause Full (Ergonomics) 6858M->6858M(7029M) 2250.216ms
[82.051s][info][gc,cpu         ] GC(264) User=16.69s Sys=0.00s Real=2.25s
[82.051s][info][gc,start       ] GC(265) Pause Full (Ergonomics)
[82.051s][info][gc,phases,start] GC(265) Marking Phase
[83.711s][info][gc,phases      ] GC(265) Marking Phase 1660.438ms
[83.712s][info][gc,phases,start] GC(265) Summary Phase
[83.712s][info][gc,phases      ] GC(265) Summary Phase 0.074ms
[83.712s][info][gc,phases,start] GC(265) Adjust Roots
[83.712s][info][gc,phases      ] GC(265) Adjust Roots 0.171ms
[83.712s][info][gc,phases,start] GC(265) Compaction Phase
[84.322s][info][gc,phases      ] GC(265) Compaction Phase 610.264ms
[84.322s][info][gc,phases,start] GC(265) Post Compact
[84.333s][info][gc,phases      ] GC(265) Post Compact 11.081ms
[84.333s][info][gc,heap        ] GC(265) PSYoungGen: 332911K(507904K)->332911K(507904K) Eden: 156159K(156160K)->156159K(156160K) From: 176751K(351744K)->176751K(351744K)
[84.333s][info][gc,heap        ] GC(265) ParOldGen: 6690297K(6690304K)->6690297K(6690304K)
[84.333s][info][gc,metaspace   ] GC(265) Metaspace: 6302K(6464K)->6302K(6464K) NonClass: 5769K(5824K)->5769K(5824K) Class: 533K(640K)->533K(640K)
[84.333s][info][gc             ] GC(265) Pause Full (Ergonomics) 6858M->6858M(7029M) 2282.354ms
[84.333s][info][gc,cpu         ] GC(265) User=16.81s Sys=0.00s Real=2.28s
[84.334s][info][gc,start       ] GC(266) Pause Full (Ergonomics)
[84.334s][info][gc,phases,start] GC(266) Marking Phase
[86.008s][info][gc,phases      ] GC(266) Marking Phase 1674.448ms
[86.008s][info][gc,phases,start] GC(266) Summary Phase
[86.008s][info][gc,phases      ] GC(266) Summary Phase 0.072ms
[86.008s][info][gc,phases,start] GC(266) Adjust Roots
[86.008s][info][gc,phases      ] GC(266) Adjust Roots 0.172ms
[86.008s][info][gc,phases,start] GC(266) Compaction Phase
[86.591s][info][gc,phases      ] GC(266) Compaction Phase 582.370ms
[86.591s][info][gc,phases,start] GC(266) Post Compact
[86.602s][info][gc,phases      ] GC(266) Post Compact 11.127ms
[86.602s][info][gc,heap        ] GC(266) PSYoungGen: 332911K(507904K)->332911K(507904K) Eden: 156159K(156160K)->156159K(156160K) From: 176751K(351744K)->176751K(351744K)
[86.602s][info][gc,heap        ] GC(266) ParOldGen: 6690302K(6690304K)->6690302K(6690304K)
[86.602s][info][gc,metaspace   ] GC(266) Metaspace: 6302K(6464K)->6302K(6464K) NonClass: 5769K(5824K)->5769K(5824K) Class: 533K(640K)->533K(640K)
[86.602s][info][gc             ] GC(266) Pause Full (Ergonomics) 6858M->6858M(7029M) 2268.512ms
[86.602s][info][gc,cpu         ] GC(266) User=16.92s Sys=0.02s Real=2.27s
[86.602s][info][gc,start       ] GC(267) Pause Full (Ergonomics)
[86.602s][info][gc,phases,start] GC(267) Marking Phase
[88.224s][info][gc,phases      ] GC(267) Marking Phase 1621.523ms
[88.224s][info][gc,phases,start] GC(267) Summary Phase
[88.224s][info][gc,phases      ] GC(267) Summary Phase 0.074ms
[88.224s][info][gc,phases,start] GC(267) Adjust Roots
[88.224s][info][gc,phases      ] GC(267) Adjust Roots 0.191ms
[88.224s][info][gc,phases,start] GC(267) Compaction Phase
[88.825s][info][gc,phases      ] GC(267) Compaction Phase 600.316ms
[88.825s][info][gc,phases,start] GC(267) Post Compact
[88.836s][info][gc,phases      ] GC(267) Post Compact 11.101ms
[88.836s][info][gc,heap        ] GC(267) PSYoungGen: 332911K(507904K)->332911K(507904K) Eden: 156159K(156160K)->156159K(156160K) From: 176751K(351744K)->176751K(351744K)
[88.836s][info][gc,heap        ] GC(267) ParOldGen: 6690303K(6690304K)->6690303K(6690304K)
[88.836s][info][gc,metaspace   ] GC(267) Metaspace: 6302K(6464K)->6302K(6464K) NonClass: 5769K(5824K)->5769K(5824K) Class: 533K(640K)->533K(640K)
[88.836s][info][gc             ] GC(267) Pause Full (Ergonomics) 6858M->6858M(7029M) 2233.549ms
[88.836s][info][gc,cpu         ] GC(267) User=16.62s Sys=0.00s Real=2.23s
[88.836s][info][gc,start       ] GC(268) Pause Full (Allocation Failure)
[88.836s][info][gc,phases,start] GC(268) Marking Phase
[90.472s][info][gc,phases      ] GC(268) Marking Phase 1636.484ms
[90.472s][info][gc,phases,start] GC(268) Summary Phase
[90.473s][info][gc,phases      ] GC(268) Summary Phase 0.072ms
[90.473s][info][gc,phases,start] GC(268) Adjust Roots
[90.473s][info][gc,phases      ] GC(268) Adjust Roots 0.386ms
[90.473s][info][gc,phases,start] GC(268) Compaction Phase
[92.219s][info][gc,phases      ] GC(268) Compaction Phase 1745.630ms
[92.219s][info][gc,phases,start] GC(268) Post Compact
[92.230s][info][gc,phases      ] GC(268) Post Compact 11.314ms
[92.230s][info][gc,heap        ] GC(268) PSYoungGen: 332911K(507904K)->332911K(507904K) Eden: 156159K(156160K)->156159K(156160K) From: 176751K(351744K)->176751K(351744K)
[92.230s][info][gc,heap        ] GC(268) ParOldGen: 6690303K(6690304K)->6690299K(6690304K)
[92.230s][info][gc,metaspace   ] GC(268) Metaspace: 6302K(6464K)->6300K(6464K) NonClass: 5769K(5824K)->5767K(5824K) Class: 533K(640K)->532K(640K)
[92.230s][info][gc             ] GC(268) Pause Full (Allocation Failure) 6858M->6858M(7029M) 3394.231ms
[92.230s][info][gc,cpu         ] GC(268) User=24.36s Sys=0.00s Real=3.39s
[92.231s][info][gc,start       ] GC(269) Pause Full (Ergonomics)
[92.231s][info][gc,phases,start] GC(269) Marking Phase
[93.876s][info][gc,phases      ] GC(269) Marking Phase 1645.614ms
[93.876s][info][gc,phases,start] GC(269) Summary Phase
[93.876s][info][gc,phases      ] GC(269) Summary Phase 0.070ms
[93.876s][info][gc,phases,start] GC(269) Adjust Roots
[93.877s][info][gc,phases      ] GC(269) Adjust Roots 0.170ms
[93.877s][info][gc,phases,start] GC(269) Compaction Phase
[94.453s][info][gc,phases      ] GC(269) Compaction Phase 576.283ms
[94.453s][info][gc,phases,start] GC(269) Post Compact
[94.464s][info][gc,phases      ] GC(269) Post Compact 11.043ms
[94.464s][info][gc,heap        ] GC(269) PSYoungGen: 332911K(507904K)->332911K(507904K) Eden: 156159K(156160K)->156159K(156160K) From: 176751K(351744K)->176751K(351744K)
[94.464s][info][gc,heap        ] GC(269) ParOldGen: 6690302K(6690304K)->6690302K(6690304K)
[94.464s][info][gc,metaspace   ] GC(269) Metaspace: 6300K(6464K)->6300K(6464K) NonClass: 5767K(5824K)->5767K(5824K) Class: 532K(640K)->532K(640K)
[94.464s][info][gc             ] GC(269) Pause Full (Ergonomics) 6858M->6858M(7029M) 2233.546ms
[94.464s][info][gc,cpu         ] GC(269) User=16.61s Sys=0.00s Real=2.23s
[94.465s][info][gc,start       ] GC(270) Pause Full (Ergonomics)
[94.465s][info][gc,phases,start] GC(270) Marking Phase
[96.109s][info][gc,phases      ] GC(270) Marking Phase 1644.334ms
[96.109s][info][gc,phases,start] GC(270) Summary Phase
[96.109s][info][gc,phases      ] GC(270) Summary Phase 0.069ms
[96.109s][info][gc,phases,start] GC(270) Adjust Roots
[96.109s][info][gc,phases      ] GC(270) Adjust Roots 0.240ms
[96.109s][info][gc,phases,start] GC(270) Compaction Phase
[96.697s][info][gc,phases      ] GC(270) Compaction Phase 587.324ms
[96.697s][info][gc,phases,start] GC(270) Post Compact
[96.708s][info][gc,phases      ] GC(270) Post Compact 11.455ms
[96.708s][info][gc,heap        ] GC(270) PSYoungGen: 332911K(507904K)->332911K(507904K) Eden: 156159K(156160K)->156159K(156160K) From: 176751K(351744K)->176751K(351744K)
[96.708s][info][gc,heap        ] GC(270) ParOldGen: 6690304K(6690304K)->6690304K(6690304K)
[96.708s][info][gc,metaspace   ] GC(270) Metaspace: 6300K(6464K)->6300K(6464K) NonClass: 5767K(5824K)->5767K(5824K) Class: 532K(640K)->532K(640K)
[96.708s][info][gc             ] GC(270) Pause Full (Ergonomics) 6858M->6858M(7029M) 2243.763ms
[96.708s][info][gc,cpu         ] GC(270) User=16.58s Sys=0.02s Real=2.24s
[96.708s][info][gc,start       ] GC(271) Pause Full (Allocation Failure)
[96.709s][info][gc,phases,start] GC(271) Marking Phase
[98.354s][info][gc,phases      ] GC(271) Marking Phase 1645.255ms
[98.354s][info][gc,phases,start] GC(271) Summary Phase
[98.354s][info][gc,phases      ] GC(271) Summary Phase 0.078ms
[98.354s][info][gc,phases,start] GC(271) Adjust Roots
[98.354s][info][gc,phases      ] GC(271) Adjust Roots 0.177ms
[98.354s][info][gc,phases,start] GC(271) Compaction Phase
[98.929s][info][gc,phases      ] GC(271) Compaction Phase 574.653ms
[98.929s][info][gc,phases,start] GC(271) Post Compact
[98.940s][info][gc,phases      ] GC(271) Post Compact 11.303ms
[98.940s][info][gc,heap        ] GC(271) PSYoungGen: 332911K(507904K)->332911K(507904K) Eden: 156159K(156160K)->156159K(156160K) From: 176751K(351744K)->176751K(351744K)
[98.940s][info][gc,heap        ] GC(271) ParOldGen: 6690304K(6690304K)->6690304K(6690304K)
[98.940s][info][gc,metaspace   ] GC(271) Metaspace: 6300K(6464K)->6300K(6464K) NonClass: 5767K(5824K)->5767K(5824K) Class: 532K(640K)->532K(640K)
[98.940s][info][gc             ] GC(271) Pause Full (Allocation Failure) 6858M->6858M(7029M) 2231.832ms
[98.940s][info][gc,cpu         ] GC(271) User=16.48s Sys=0.00s Real=2.23s
[98.941s][info][gc,start       ] GC(272) Pause Full (Ergonomics)
[98.941s][info][gc,phases,start] GC(272) Marking Phase
[100.597s][info][gc,phases      ] GC(272) Marking Phase 1656.538ms
[100.597s][info][gc,phases,start] GC(272) Summary Phase
[100.597s][info][gc,phases      ] GC(272) Summary Phase 0.105ms
[100.598s][info][gc,phases,start] GC(272) Adjust Roots
[100.598s][info][gc,phases      ] GC(272) Adjust Roots 0.309ms
[100.598s][info][gc,phases,start] GC(272) Compaction Phase
[102.332s][info][gc,phases      ] GC(272) Compaction Phase 1734.497ms
[102.332s][info][gc,phases,start] GC(272) Post Compact
[102.344s][info][gc,phases      ] GC(272) Post Compact 11.538ms
[102.344s][info][gc,heap        ] GC(272) PSYoungGen: 332911K(507904K)->332911K(507904K) Eden: 156159K(156160K)->156159K(156160K) From: 176751K(351744K)->176751K(351744K)
[102.344s][info][gc,heap        ] GC(272) ParOldGen: 6690304K(6690304K)->6690302K(6690304K)
[102.344s][info][gc,metaspace   ] GC(272) Metaspace: 6300K(6464K)->6300K(6464K) NonClass: 5767K(5824K)->5767K(5824K) Class: 532K(640K)->532K(640K)
[102.344s][info][gc             ] GC(272) Pause Full (Ergonomics) 6858M->6858M(7029M) 3403.404ms
[102.344s][info][gc,cpu         ] GC(272) User=23.97s Sys=0.00s Real=3.40s
[102.345s][info][gc,start       ] GC(273) Pause Full (Ergonomics)
[102.345s][info][gc,phases,start] GC(273) Marking Phase
[103.978s][info][gc,phases      ] GC(273) Marking Phase 1632.656ms
[103.978s][info][gc,phases,start] GC(273) Summary Phase
[103.978s][info][gc,phases      ] GC(273) Summary Phase 0.104ms
[103.978s][info][gc,phases,start] GC(273) Adjust Roots
[103.979s][info][gc,phases      ] GC(273) Adjust Roots 0.354ms
[103.979s][info][gc,phases,start] GC(273) Compaction Phase
[105.713s][info][gc,phases      ] GC(273) Compaction Phase 1734.518ms
[105.713s][info][gc,phases,start] GC(273) Post Compact
[105.724s][info][gc,phases      ] GC(273) Post Compact 11.214ms
[105.725s][info][gc,heap        ] GC(273) PSYoungGen: 332911K(507904K)->332911K(507904K) Eden: 156160K(156160K)->156160K(156160K) From: 176751K(351744K)->176751K(351744K)
[105.725s][info][gc,heap        ] GC(273) ParOldGen: 6690303K(6690304K)->6690301K(6690304K)
[105.725s][info][gc,metaspace   ] GC(273) Metaspace: 6302K(6528K)->6302K(6528K) NonClass: 5768K(5888K)->5768K(5888K) Class: 533K(640K)->533K(640K)
[105.725s][info][gc             ] GC(273) Pause Full (Ergonomics) 6858M->6858M(7029M) 3379.264ms
[105.725s][info][gc,cpu         ] GC(273) User=24.41s Sys=0.02s Real=3.38s
[105.725s][info][gc,heap,exit   ] Heap
[105.725s][info][gc,heap,exit   ]  PSYoungGen      total 507904K, used 332911K [0x0000000733d80000, 0x0000000774280000, 0x0000000800000000)
[105.725s][info][gc,heap,exit   ]   eden space 156160K, 100% used [0x0000000733d80000,0x000000073d600000,0x000000073d600000)
[105.725s][info][gc,heap,exit   ]   from space 351744K, 50% used [0x000000073d600000,0x000000074829be48,0x0000000752d80000)
[105.725s][info][gc,heap,exit   ]   to   space 440832K, 0% used [0x0000000759400000,0x0000000759400000,0x0000000774280000)
[105.725s][info][gc,heap,exit   ]  ParOldGen       total 6690304K, used 6690302K [0x000000059b800000, 0x0000000733d80000, 0x0000000733d80000)
[105.725s][info][gc,heap,exit   ]   object space 6690304K, 99% used [0x000000059b800000,0x0000000733d7f818,0x0000000733d80000)
[105.725s][info][gc,heap,exit   ]  Metaspace       used 6305K, committed 6528K, reserved 1114112K
[105.725s][info][gc,heap,exit   ]   class space    used 534K, committed 640K, reserved 1048576K
