[0.013s][info][gc,init] CardTable entry size: 512
[0.013s][info][gc     ] Using Parallel
[0.014s][info][gc,init] Version: 18.0.1+10 (release)
[0.014s][info][gc,init] CPUs: 8 total, 8 available
[0.014s][info][gc,init] Memory: 16063M
[0.015s][info][gc,init] Large Page Support: Disabled
[0.015s][info][gc,init] NUMA Support: Disabled
[0.015s][info][gc,init] Compressed Oops: Enabled (Zero based)
[0.015s][info][gc,init] Alignments: Space 512K, Generation 512K, Heap 2M
[0.015s][info][gc,init] Heap Min Capacity: 2M
[0.015s][info][gc,init] Heap Initial Capacity: 2M
[0.015s][info][gc,init] Heap Max Capacity: 16400M
[0.015s][info][gc,init] Pre-touch: Disabled
[0.015s][info][gc,init] Parallel Workers: 8
[0.015s][info][gc,metaspace] CDS archive(s) not mapped
[0.015s][info][gc,metaspace] Compressed class space mapped at: 0x0000000800000000-0x0000000840000000, reserved size: 1073741824
[0.015s][info][gc,metaspace] Narrow klass base: 0x0000000800000000, Narrow klass shift: 0, Narrow klass range: 0x40000000
[0.128s][info][gc,start    ] GC(0) Pause Young (Allocation Failure)
[0.129s][info][gc,heap     ] GC(0) PSYoungGen: 512K(1024K)->480K(1024K) Eden: 512K(512K)->0K(512K) From: 0K(512K)->480K(512K)
[0.129s][info][gc,heap     ] GC(0) ParOldGen: 0K(512K)->8K(512K)
[0.129s][info][gc,metaspace] GC(0) Metaspace: 4230K(4352K)->4230K(4352K) NonClass: 3909K(3968K)->3909K(3968K) Class: 321K(384K)->321K(384K)
[0.129s][info][gc          ] GC(0) Pause Young (Allocation Failure) 0M->0M(1M) 1.416ms
[0.129s][info][gc,cpu      ] GC(0) User=0.00s Sys=0.00s Real=0.00s
[0.207s][info][gc,start    ] GC(1) Pause Young (Allocation Failure)
[0.208s][info][gc,heap     ] GC(1) PSYoungGen: 991K(1024K)->512K(1536K) Eden: 511K(512K)->0K(1024K) From: 480K(512K)->512K(512K)
[0.208s][info][gc,heap     ] GC(1) ParOldGen: 8K(512K)->96K(512K)
[0.208s][info][gc,metaspace] GC(1) Metaspace: 5882K(6016K)->5882K(6016K) NonClass: 5385K(5504K)->5385K(5504K) Class: 496K(512K)->496K(512K)
[0.208s][info][gc          ] GC(1) Pause Young (Allocation Failure) 0M->0M(2M) 1.245ms
[0.208s][info][gc,cpu      ] GC(1) User=0.00s Sys=0.00s Real=0.00s
[0.233s][info][gc,start    ] GC(2) Pause Young (Allocation Failure)
[0.234s][info][gc,heap     ] GC(2) PSYoungGen: 1536K(1536K)->512K(1536K) Eden: 1024K(1024K)->0K(1024K) From: 512K(512K)->512K(512K)
[0.234s][info][gc,heap     ] GC(2) ParOldGen: 96K(512K)->504K(512K)
[0.234s][info][gc,metaspace] GC(2) Metaspace: 6300K(6464K)->6300K(6464K) NonClass: 5767K(5824K)->5767K(5824K) Class: 533K(640K)->533K(640K)
[0.234s][info][gc          ] GC(2) Pause Young (Allocation Failure) 1M->0M(2M) 1.847ms
[0.234s][info][gc,cpu      ] GC(2) User=0.00s Sys=0.00s Real=0.00s
[0.234s][info][gc,start    ] GC(3) Pause Full (Ergonomics)
[0.235s][info][gc,phases,start] GC(3) Marking Phase
[0.236s][info][gc,phases      ] GC(3) Marking Phase 1.387ms
[0.236s][info][gc,phases,start] GC(3) Summary Phase
[0.236s][info][gc,phases      ] GC(3) Summary Phase 0.019ms
[0.236s][info][gc,phases,start] GC(3) Adjust Roots
[0.236s][info][gc,phases      ] GC(3) Adjust Roots 0.427ms
[0.236s][info][gc,phases,start] GC(3) Compaction Phase
[0.239s][info][gc,phases      ] GC(3) Compaction Phase 2.059ms
[0.239s][info][gc,phases,start] GC(3) Post Compact
[0.239s][info][gc,phases      ] GC(3) Post Compact 0.087ms
[0.239s][info][gc,heap        ] GC(3) PSYoungGen: 512K(1536K)->511K(1536K) Eden: 0K(1024K)->0K(1024K) From: 512K(512K)->511K(512K)
[0.239s][info][gc,heap        ] GC(3) ParOldGen: 504K(512K)->469K(2048K)
[0.239s][info][gc,metaspace   ] GC(3) Metaspace: 6300K(6464K)->6300K(6464K) NonClass: 5767K(5824K)->5767K(5824K) Class: 533K(640K)->533K(640K)
[0.239s][info][gc             ] GC(3) Pause Full (Ergonomics) 0M->0M(3M) 4.284ms
[0.239s][info][gc,cpu         ] GC(3) User=0.00s Sys=0.00s Real=0.00s
[0.240s][info][gc,start       ] GC(4) Pause Young (Allocation Failure)
[0.241s][info][gc,heap        ] GC(4) PSYoungGen: 1535K(1536K)->480K(2560K) Eden: 1024K(1024K)->0K(2048K) From: 511K(512K)->480K(512K)
[0.241s][info][gc,heap        ] GC(4) ParOldGen: 469K(2048K)->1026K(2048K)
[0.242s][info][gc,metaspace   ] GC(4) Metaspace: 6300K(6464K)->6300K(6464K) NonClass: 5767K(5824K)->5767K(5824K) Class: 533K(640K)->533K(640K)
[0.242s][info][gc             ] GC(4) Pause Young (Allocation Failure) 1M->1M(4M) 1.530ms
[0.242s][info][gc,cpu         ] GC(4) User=0.00s Sys=0.00s Real=0.00s
[0.245s][info][gc,start       ] GC(5) Pause Young (Allocation Failure)
[0.247s][info][gc,heap        ] GC(5) PSYoungGen: 2528K(2560K)->480K(2560K) Eden: 2048K(2048K)->0K(2048K) From: 480K(512K)->480K(512K)
[0.247s][info][gc,heap        ] GC(5) ParOldGen: 1026K(2048K)->2106K(2560K)
[0.247s][info][gc,metaspace   ] GC(5) Metaspace: 6300K(6464K)->6300K(6464K) NonClass: 5767K(5824K)->5767K(5824K) Class: 533K(640K)->533K(640K)
[0.247s][info][gc             ] GC(5) Pause Young (Allocation Failure) 3M->2M(5M) 1.830ms
[0.247s][info][gc,cpu         ] GC(5) User=0.00s Sys=0.00s Real=0.00s
[0.247s][info][gc,start       ] GC(6) Pause Full (Ergonomics)
[0.247s][info][gc,phases,start] GC(6) Marking Phase
[0.249s][info][gc,phases      ] GC(6) Marking Phase 1.724ms
[0.249s][info][gc,phases,start] GC(6) Summary Phase
[0.249s][info][gc,phases      ] GC(6) Summary Phase 0.027ms
[0.249s][info][gc,phases,start] GC(6) Adjust Roots
[0.249s][info][gc,phases      ] GC(6) Adjust Roots 0.344ms
[0.249s][info][gc,phases,start] GC(6) Compaction Phase
[0.252s][info][gc,phases      ] GC(6) Compaction Phase 2.665ms
[0.252s][info][gc,phases,start] GC(6) Post Compact
[0.252s][info][gc,phases      ] GC(6) Post Compact 0.035ms
[0.252s][info][gc,heap        ] GC(6) PSYoungGen: 480K(2560K)->0K(4096K) Eden: 0K(2048K)->0K(3072K) From: 480K(512K)->0K(1024K)
[0.252s][info][gc,heap        ] GC(6) ParOldGen: 2106K(2560K)->2542K(6144K)
[0.252s][info][gc,metaspace   ] GC(6) Metaspace: 6300K(6464K)->6300K(6464K) NonClass: 5767K(5824K)->5767K(5824K) Class: 533K(640K)->533K(640K)
[0.252s][info][gc             ] GC(6) Pause Full (Ergonomics) 2M->2M(10M) 5.191ms
[0.252s][info][gc,cpu         ] GC(6) User=0.00s Sys=0.00s Real=0.01s
[0.257s][info][gc,start       ] GC(7) Pause Young (Allocation Failure)
[0.259s][info][gc,heap        ] GC(7) PSYoungGen: 3072K(4096K)->1664K(5120K) Eden: 3072K(3072K)->0K(3072K) From: 0K(1024K)->1664K(2048K)
[0.259s][info][gc,heap        ] GC(7) ParOldGen: 2542K(6144K)->2542K(6144K)
[0.259s][info][gc,metaspace   ] GC(7) Metaspace: 6300K(6464K)->6300K(6464K) NonClass: 5767K(5824K)->5767K(5824K) Class: 533K(640K)->533K(640K)
[0.259s][info][gc             ] GC(7) Pause Young (Allocation Failure) 5M->4M(11M) 1.851ms
[0.259s][info][gc,cpu         ] GC(7) User=0.00s Sys=0.00s Real=0.00s
[0.263s][info][gc,start       ] GC(8) Pause Young (Allocation Failure)
[0.266s][info][gc,heap        ] GC(8) PSYoungGen: 4736K(5120K)->2016K(5632K) Eden: 3072K(3072K)->0K(3584K) From: 1664K(2048K)->2016K(2048K)
[0.266s][info][gc,heap        ] GC(8) ParOldGen: 2542K(6144K)->3774K(6144K)
[0.266s][info][gc,metaspace   ] GC(8) Metaspace: 6300K(6464K)->6300K(6464K) NonClass: 5767K(5824K)->5767K(5824K) Class: 533K(640K)->533K(640K)
[0.266s][info][gc             ] GC(8) Pause Young (Allocation Failure) 7M->5M(11M) 2.769ms
[0.266s][info][gc,cpu         ] GC(8) User=0.00s Sys=0.00s Real=0.00s
[0.272s][info][gc,start       ] GC(9) Pause Young (Allocation Failure)
[0.275s][info][gc,heap        ] GC(9) PSYoungGen: 5600K(5632K)->3040K(6656K) Eden: 3584K(3584K)->0K(3584K) From: 2016K(2048K)->3040K(3072K)
[0.275s][info][gc,heap        ] GC(9) ParOldGen: 3774K(6144K)->4614K(6144K)
[0.275s][info][gc,metaspace   ] GC(9) Metaspace: 6300K(6464K)->6300K(6464K) NonClass: 5767K(5824K)->5767K(5824K) Class: 533K(640K)->533K(640K)
[0.275s][info][gc             ] GC(9) Pause Young (Allocation Failure) 9M->7M(12M) 3.144ms
[0.275s][info][gc,cpu         ] GC(9) User=0.02s Sys=0.00s Real=0.00s
[0.280s][info][gc,start       ] GC(10) Pause Young (Allocation Failure)
[0.284s][info][gc,heap        ] GC(10) PSYoungGen: 6624K(6656K)->4064K(8704K) Eden: 3584K(3584K)->0K(4608K) From: 3040K(3072K)->4064K(4096K)
[0.284s][info][gc,heap        ] GC(10) ParOldGen: 4614K(6144K)->5462K(6144K)
[0.284s][info][gc,metaspace   ] GC(10) Metaspace: 6300K(6464K)->6300K(6464K) NonClass: 5767K(5824K)->5767K(5824K) Class: 533K(640K)->533K(640K)
[0.284s][info][gc             ] GC(10) Pause Young (Allocation Failure) 10M->9M(14M) 4.151ms
[0.284s][info][gc,cpu         ] GC(10) User=0.00s Sys=0.00s Real=0.00s
[0.284s][info][gc,start       ] GC(11) Pause Full (Ergonomics)
[0.284s][info][gc,phases,start] GC(11) Marking Phase
[0.289s][info][gc,phases      ] GC(11) Marking Phase 4.745ms
[0.289s][info][gc,phases,start] GC(11) Summary Phase
[0.289s][info][gc,phases      ] GC(11) Summary Phase 0.016ms
[0.289s][info][gc,phases,start] GC(11) Adjust Roots
[0.289s][info][gc,phases      ] GC(11) Adjust Roots 0.341ms
[0.289s][info][gc,phases,start] GC(11) Compaction Phase
[0.295s][info][gc,phases      ] GC(11) Compaction Phase 5.942ms
[0.295s][info][gc,phases,start] GC(11) Post Compact
[0.295s][info][gc,phases      ] GC(11) Post Compact 0.056ms
[0.295s][info][gc,heap        ] GC(11) PSYoungGen: 4064K(8704K)->3545K(8704K) Eden: 0K(4608K)->0K(4608K) From: 4064K(4096K)->3545K(4096K)
[0.295s][info][gc,heap        ] GC(11) ParOldGen: 5462K(6144K)->5831K(10752K)
[0.295s][info][gc,metaspace   ] GC(11) Metaspace: 6300K(6464K)->6300K(6464K) NonClass: 5767K(5824K)->5767K(5824K) Class: 533K(640K)->533K(640K)
[0.295s][info][gc             ] GC(11) Pause Full (Ergonomics) 9M->9M(19M) 11.409ms
[0.295s][info][gc,cpu         ] GC(11) User=0.00s Sys=0.00s Real=0.01s
[0.300s][info][gc,start       ] GC(12) Pause Young (Allocation Failure)
[0.303s][info][gc,heap        ] GC(12) PSYoungGen: 8013K(8704K)->5088K(9728K) Eden: 4468K(4608K)->0K(4608K) From: 3545K(4096K)->5088K(5120K)
[0.303s][info][gc,heap        ] GC(12) ParOldGen: 5831K(10752K)->6615K(10752K)
[0.303s][info][gc,metaspace   ] GC(12) Metaspace: 6300K(6464K)->6300K(6464K) NonClass: 5767K(5824K)->5767K(5824K) Class: 533K(640K)->533K(640K)
[0.303s][info][gc             ] GC(12) Pause Young (Allocation Failure) 13M->11M(20M) 3.536ms
[0.303s][info][gc,cpu         ] GC(12) User=0.00s Sys=0.00s Real=0.00s
[0.310s][info][gc,start       ] GC(13) Pause Young (Allocation Failure)
[0.315s][info][gc,heap        ] GC(13) PSYoungGen: 9696K(9728K)->6112K(11264K) Eden: 4608K(4608K)->0K(5120K) From: 5088K(5120K)->6112K(6144K)
[0.315s][info][gc,heap        ] GC(13) ParOldGen: 6615K(10752K)->7991K(10752K)
[0.315s][info][gc,metaspace   ] GC(13) Metaspace: 6300K(6464K)->6300K(6464K) NonClass: 5767K(5824K)->5767K(5824K) Class: 533K(640K)->533K(640K)
[0.315s][info][gc             ] GC(13) Pause Young (Allocation Failure) 15M->13M(21M) 5.666ms
[0.315s][info][gc,cpu         ] GC(13) User=0.00s Sys=0.00s Real=0.01s
[0.319s][info][gc,start       ] GC(14) Pause Young (Allocation Failure)
[0.325s][info][gc,heap        ] GC(14) PSYoungGen: 11232K(11264K)->5216K(12800K) Eden: 5120K(5120K)->0K(5120K) From: 6112K(6144K)->5216K(7680K)
[0.325s][info][gc,heap        ] GC(14) ParOldGen: 7991K(10752K)->11575K(11776K)
[0.325s][info][gc,metaspace   ] GC(14) Metaspace: 6302K(6464K)->6302K(6464K) NonClass: 5769K(5824K)->5769K(5824K) Class: 533K(640K)->533K(640K)
[0.325s][info][gc             ] GC(14) Pause Young (Allocation Failure) 18M->16M(24M) 5.273ms
[0.325s][info][gc,cpu         ] GC(14) User=0.02s Sys=0.00s Real=0.01s
[0.325s][info][gc,start       ] GC(15) Pause Full (Ergonomics)
[0.325s][info][gc,phases,start] GC(15) Marking Phase
[0.332s][info][gc,phases      ] GC(15) Marking Phase 7.341ms
[0.332s][info][gc,phases,start] GC(15) Summary Phase
[0.332s][info][gc,phases      ] GC(15) Summary Phase 0.018ms
[0.332s][info][gc,phases,start] GC(15) Adjust Roots
[0.332s][info][gc,phases      ] GC(15) Adjust Roots 0.216ms
[0.333s][info][gc,phases,start] GC(15) Compaction Phase
[0.340s][info][gc,phases      ] GC(15) Compaction Phase 7.317ms
[0.340s][info][gc,phases,start] GC(15) Post Compact
[0.340s][info][gc,phases      ] GC(15) Post Compact 0.100ms
[0.340s][info][gc,heap        ] GC(15) PSYoungGen: 5216K(12800K)->5196K(12800K) Eden: 0K(5120K)->0K(5120K) From: 5216K(7680K)->5196K(7680K)
[0.340s][info][gc,heap        ] GC(15) ParOldGen: 11575K(11776K)->11454K(18432K)
[0.340s][info][gc,metaspace   ] GC(15) Metaspace: 6302K(6464K)->6302K(6464K) NonClass: 5769K(5824K)->5769K(5824K) Class: 533K(640K)->533K(640K)
[0.340s][info][gc             ] GC(15) Pause Full (Ergonomics) 16M->16M(30M) 15.371ms
[0.340s][info][gc,cpu         ] GC(15) User=0.00s Sys=0.00s Real=0.01s
[0.344s][info][gc,start       ] GC(16) Pause Young (Allocation Failure)
[0.350s][info][gc,heap        ] GC(16) PSYoungGen: 10316K(12800K)->2688K(14336K) Eden: 5120K(5120K)->0K(7168K) From: 5196K(7680K)->2688K(7168K)
[0.350s][info][gc,heap        ] GC(16) ParOldGen: 11454K(18432K)->16726K(18432K)
[0.351s][info][gc,metaspace   ] GC(16) Metaspace: 6302K(6464K)->6302K(6464K) NonClass: 5769K(5824K)->5769K(5824K) Class: 533K(640K)->533K(640K)
[0.351s][info][gc             ] GC(16) Pause Young (Allocation Failure) 21M->18M(32M) 6.423ms
[0.351s][info][gc,cpu         ] GC(16) User=0.00s Sys=0.00s Real=0.01s
[0.351s][info][gc,start       ] GC(17) Pause Full (Ergonomics)
[0.351s][info][gc,phases,start] GC(17) Marking Phase
[0.359s][info][gc,phases      ] GC(17) Marking Phase 8.774ms
[0.359s][info][gc,phases,start] GC(17) Summary Phase
[0.359s][info][gc,phases      ] GC(17) Summary Phase 0.017ms
[0.359s][info][gc,phases,start] GC(17) Adjust Roots
[0.360s][info][gc,phases      ] GC(17) Adjust Roots 0.211ms
[0.360s][info][gc,phases,start] GC(17) Compaction Phase
[0.365s][info][gc,phases      ] GC(17) Compaction Phase 5.648ms
[0.365s][info][gc,phases,start] GC(17) Post Compact
[0.365s][info][gc,phases      ] GC(17) Post Compact 0.071ms
[0.366s][info][gc,heap        ] GC(17) PSYoungGen: 2688K(14336K)->1105K(14848K) Eden: 0K(7168K)->0K(7680K) From: 2688K(7168K)->1105K(7168K)
[0.366s][info][gc,heap        ] GC(17) ParOldGen: 16726K(18432K)->18183K(28160K)
[0.366s][info][gc,metaspace   ] GC(17) Metaspace: 6302K(6464K)->6302K(6464K) NonClass: 5769K(5824K)->5769K(5824K) Class: 533K(640K)->533K(640K)
[0.366s][info][gc             ] GC(17) Pause Full (Ergonomics) 18M->18M(42M) 15.027ms
[0.366s][info][gc,cpu         ] GC(17) User=0.00s Sys=0.00s Real=0.01s
[0.370s][info][gc,start       ] GC(18) Pause Young (Allocation Failure)
[0.375s][info][gc,heap        ] GC(18) PSYoungGen: 7799K(14848K)->3424K(15360K) Eden: 6694K(7680K)->0K(7680K) From: 1105K(7168K)->3424K(7680K)
[0.375s][info][gc,heap        ] GC(18) ParOldGen: 18183K(28160K)->19319K(28160K)
[0.375s][info][gc,metaspace   ] GC(18) Metaspace: 6302K(6464K)->6302K(6464K) NonClass: 5769K(5824K)->5769K(5824K) Class: 533K(640K)->533K(640K)
[0.375s][info][gc             ] GC(18) Pause Young (Allocation Failure) 25M->22M(42M) 5.016ms
[0.375s][info][gc,cpu         ] GC(18) User=0.00s Sys=0.00s Real=0.01s
[0.382s][info][gc,start       ] GC(19) Pause Young (Allocation Failure)
[0.388s][info][gc,heap        ] GC(19) PSYoungGen: 11103K(15360K)->7648K(16896K) Eden: 7679K(7680K)->0K(9216K) From: 3424K(7680K)->7648K(7680K)
[0.389s][info][gc,heap        ] GC(19) ParOldGen: 19319K(28160K)->19543K(28160K)
[0.389s][info][gc,metaspace   ] GC(19) Metaspace: 6302K(6464K)->6302K(6464K) NonClass: 5769K(5824K)->5769K(5824K) Class: 533K(640K)->533K(640K)
[0.389s][info][gc             ] GC(19) Pause Young (Allocation Failure) 29M->26M(44M) 6.822ms
[0.389s][info][gc,cpu         ] GC(19) User=0.00s Sys=0.00s Real=0.01s
[0.394s][info][gc,start       ] GC(20) Pause Young (Allocation Failure)
[0.403s][info][gc,heap        ] GC(20) PSYoungGen: 16864K(16896K)->4800K(17920K) Eden: 9216K(9216K)->0K(9216K) From: 7648K(7680K)->4800K(8704K)
[0.403s][info][gc,heap        ] GC(20) ParOldGen: 19543K(28160K)->27295K(28160K)
[0.403s][info][gc,metaspace   ] GC(20) Metaspace: 6302K(6464K)->6302K(6464K) NonClass: 5769K(5824K)->5769K(5824K) Class: 533K(640K)->533K(640K)
[0.403s][info][gc             ] GC(20) Pause Young (Allocation Failure) 35M->31M(45M) 8.896ms
[0.403s][info][gc,cpu         ] GC(20) User=0.02s Sys=0.00s Real=0.01s
[0.403s][info][gc,start       ] GC(21) Pause Full (Ergonomics)
[0.403s][info][gc,phases,start] GC(21) Marking Phase
[0.416s][info][gc,phases      ] GC(21) Marking Phase 12.653ms
[0.416s][info][gc,phases,start] GC(21) Summary Phase
[0.416s][info][gc,phases      ] GC(21) Summary Phase 0.015ms
[0.416s][info][gc,phases,start] GC(21) Adjust Roots
[0.416s][info][gc,phases      ] GC(21) Adjust Roots 0.193ms
[0.416s][info][gc,phases,start] GC(21) Compaction Phase
[0.428s][info][gc,phases      ] GC(21) Compaction Phase 11.454ms
[0.428s][info][gc,phases,start] GC(21) Post Compact
[0.428s][info][gc,phases      ] GC(21) Post Compact 0.088ms
[0.428s][info][gc,heap        ] GC(21) PSYoungGen: 4800K(17920K)->3738K(17920K) Eden: 0K(9216K)->0K(9216K) From: 4800K(8704K)->3738K(8704K)
[0.428s][info][gc,heap        ] GC(21) ParOldGen: 27295K(28160K)->27651K(40960K)
[0.428s][info][gc,metaspace   ] GC(21) Metaspace: 6302K(6464K)->6302K(6464K) NonClass: 5769K(5824K)->5769K(5824K) Class: 533K(640K)->533K(640K)
[0.428s][info][gc             ] GC(21) Pause Full (Ergonomics) 31M->30M(57M) 24.939ms
[0.428s][info][gc,cpu         ] GC(21) User=0.00s Sys=0.00s Real=0.03s
[0.436s][info][gc,start       ] GC(22) Pause Young (Allocation Failure)
[0.446s][info][gc,heap        ] GC(22) PSYoungGen: 12954K(17920K)->7680K(19456K) Eden: 9216K(9216K)->0K(10752K) From: 3738K(8704K)->7680K(8704K)
[0.446s][info][gc,heap        ] GC(22) ParOldGen: 27651K(40960K)->31451K(40960K)
[0.446s][info][gc,metaspace   ] GC(22) Metaspace: 6302K(6464K)->6302K(6464K) NonClass: 5769K(5824K)->5769K(5824K) Class: 533K(640K)->533K(640K)
[0.446s][info][gc             ] GC(22) Pause Young (Allocation Failure) 39M->38M(59M) 10.071ms
[0.446s][info][gc,cpu         ] GC(22) User=0.00s Sys=0.00s Real=0.01s
[0.460s][info][gc,start       ] GC(23) Pause Young (Allocation Failure)
[0.473s][info][gc,heap        ] GC(23) PSYoungGen: 18432K(19456K)->9696K(20480K) Eden: 10752K(10752K)->0K(10752K) From: 7680K(8704K)->9696K(9728K)
[0.473s][info][gc,heap        ] GC(23) ParOldGen: 31451K(40960K)->40251K(40960K)
[0.473s][info][gc,metaspace   ] GC(23) Metaspace: 6302K(6464K)->6302K(6464K) NonClass: 5769K(5824K)->5769K(5824K) Class: 533K(640K)->533K(640K)
[0.473s][info][gc             ] GC(23) Pause Young (Allocation Failure) 48M->48M(60M) 12.978ms
[0.473s][info][gc,cpu         ] GC(23) User=0.02s Sys=0.00s Real=0.01s
[0.473s][info][gc,start       ] GC(24) Pause Full (Ergonomics)
[0.473s][info][gc,phases,start] GC(24) Marking Phase
[0.491s][info][gc,phases      ] GC(24) Marking Phase 18.556ms
[0.491s][info][gc,phases,start] GC(24) Summary Phase
[0.491s][info][gc,phases      ] GC(24) Summary Phase 0.015ms
[0.491s][info][gc,phases,start] GC(24) Adjust Roots
[0.491s][info][gc,phases      ] GC(24) Adjust Roots 0.150ms
[0.491s][info][gc,phases,start] GC(24) Compaction Phase
[0.506s][info][gc,phases      ] GC(24) Compaction Phase 14.711ms
[0.506s][info][gc,phases,start] GC(24) Post Compact
[0.506s][info][gc,phases      ] GC(24) Post Compact 0.155ms
[0.507s][info][gc,heap        ] GC(24) PSYoungGen: 9696K(20480K)->9681K(20480K) Eden: 0K(10752K)->0K(10752K) From: 9696K(9728K)->9681K(9728K)
[0.507s][info][gc,heap        ] GC(24) ParOldGen: 40251K(40960K)->39020K(56320K)
[0.507s][info][gc,metaspace   ] GC(24) Metaspace: 6302K(6464K)->6302K(6464K) NonClass: 5769K(5824K)->5769K(5824K) Class: 533K(640K)->533K(640K)
[0.507s][info][gc             ] GC(24) Pause Full (Ergonomics) 48M->47M(75M) 33.901ms
[0.507s][info][gc,cpu         ] GC(24) User=0.05s Sys=0.00s Real=0.03s
[0.517s][info][gc,start       ] GC(25) Pause Young (Allocation Failure)
[0.533s][info][gc,heap        ] GC(25) PSYoungGen: 20433K(20480K)->10784K(26624K) Eden: 10752K(10752K)->0K(12288K) From: 9681K(9728K)->10784K(14336K)
[0.533s][info][gc,heap        ] GC(25) ParOldGen: 39020K(56320K)->48836K(56320K)
[0.533s][info][gc,metaspace   ] GC(25) Metaspace: 6302K(6464K)->6302K(6464K) NonClass: 5769K(5824K)->5769K(5824K) Class: 533K(640K)->533K(640K)
[0.533s][info][gc             ] GC(25) Pause Young (Allocation Failure) 58M->58M(81M) 15.836ms
[0.533s][info][gc,cpu         ] GC(25) User=0.02s Sys=0.00s Real=0.02s
[0.533s][info][gc,start       ] GC(26) Pause Full (Ergonomics)
[0.533s][info][gc,phases,start] GC(26) Marking Phase
[0.555s][info][gc,phases      ] GC(26) Marking Phase 22.136ms
[0.555s][info][gc,phases,start] GC(26) Summary Phase
[0.555s][info][gc,phases      ] GC(26) Summary Phase 0.019ms
[0.555s][info][gc,phases,start] GC(26) Adjust Roots
[0.555s][info][gc,phases      ] GC(26) Adjust Roots 0.155ms
[0.555s][info][gc,phases,start] GC(26) Compaction Phase
[0.571s][info][gc,phases      ] GC(26) Compaction Phase 15.745ms
[0.571s][info][gc,phases,start] GC(26) Post Compact
[0.571s][info][gc,phases      ] GC(26) Post Compact 0.168ms
[0.571s][info][gc,heap        ] GC(26) PSYoungGen: 10784K(26624K)->3565K(26624K) Eden: 0K(12288K)->0K(12288K) From: 10784K(14336K)->3565K(14336K)
[0.571s][info][gc,heap        ] GC(26) ParOldGen: 48836K(56320K)->55855K(77312K)
[0.571s][info][gc,metaspace   ] GC(26) Metaspace: 6302K(6464K)->6302K(6464K) NonClass: 5769K(5824K)->5769K(5824K) Class: 533K(640K)->533K(640K)
[0.571s][info][gc             ] GC(26) Pause Full (Ergonomics) 58M->58M(101M) 38.545ms
[0.571s][info][gc,cpu         ] GC(26) User=0.02s Sys=0.00s Real=0.04s
[0.584s][info][gc,start       ] GC(27) Pause Young (Allocation Failure)
[0.598s][info][gc,heap        ] GC(27) PSYoungGen: 15853K(26624K)->12288K(27648K) Eden: 12288K(12288K)->0K(12288K) From: 3565K(14336K)->12288K(15360K)
[0.598s][info][gc,heap        ] GC(27) ParOldGen: 55855K(77312K)->59487K(77312K)
[0.598s][info][gc,metaspace   ] GC(27) Metaspace: 6302K(6464K)->6302K(6464K) NonClass: 5769K(5824K)->5769K(5824K) Class: 533K(640K)->533K(640K)
[0.598s][info][gc             ] GC(27) Pause Young (Allocation Failure) 70M->70M(102M) 14.180ms
[0.598s][info][gc,cpu         ] GC(27) User=0.02s Sys=0.00s Real=0.01s
[0.610s][info][gc,start       ] GC(28) Pause Young (Allocation Failure)
[0.630s][info][gc,heap        ] GC(28) PSYoungGen: 24576K(27648K)->16896K(26112K) Eden: 12288K(12288K)->0K(9216K) From: 12288K(15360K)->16896K(16896K)
[0.630s][info][gc,heap        ] GC(28) ParOldGen: 59487K(77312K)->67263K(77312K)
[0.630s][info][gc,metaspace   ] GC(28) Metaspace: 6302K(6464K)->6302K(6464K) NonClass: 5769K(5824K)->5769K(5824K) Class: 533K(640K)->533K(640K)
[0.630s][info][gc             ] GC(28) Pause Young (Allocation Failure) 82M->82M(101M) 19.772ms
[0.630s][info][gc,cpu         ] GC(28) User=0.02s Sys=0.02s Real=0.02s
[0.630s][info][gc,start       ] GC(29) Pause Full (Ergonomics)
[0.630s][info][gc,phases,start] GC(29) Marking Phase
[0.665s][info][gc,phases      ] GC(29) Marking Phase 35.093ms
[0.665s][info][gc,phases,start] GC(29) Summary Phase
[0.665s][info][gc,phases      ] GC(29) Summary Phase 0.015ms
[0.665s][info][gc,phases,start] GC(29) Adjust Roots
[0.665s][info][gc,phases      ] GC(29) Adjust Roots 0.178ms
[0.665s][info][gc,phases,start] GC(29) Compaction Phase
[0.685s][info][gc,phases      ] GC(29) Compaction Phase 20.157ms
[0.686s][info][gc,phases,start] GC(29) Post Compact
[0.686s][info][gc,phases      ] GC(29) Post Compact 0.341ms
[0.686s][info][gc,heap        ] GC(29) PSYoungGen: 16896K(26112K)->6642K(26112K) Eden: 0K(9216K)->0K(9216K) From: 16896K(16896K)->6642K(16896K)
[0.686s][info][gc,heap        ] GC(29) ParOldGen: 67263K(77312K)->77290K(100864K)
[0.686s][info][gc,metaspace   ] GC(29) Metaspace: 6302K(6464K)->6302K(6464K) NonClass: 5769K(5824K)->5769K(5824K) Class: 533K(640K)->533K(640K)
[0.686s][info][gc             ] GC(29) Pause Full (Ergonomics) 82M->81M(124M) 56.194ms
[0.686s][info][gc,cpu         ] GC(29) User=0.06s Sys=0.00s Real=0.06s
[0.702s][info][gc,start       ] GC(30) Pause Young (Allocation Failure)
[0.715s][info][gc,heap        ] GC(30) PSYoungGen: 15858K(26112K)->9248K(31744K) Eden: 9216K(9216K)->0K(9216K) From: 6642K(16896K)->9248K(22528K)
[0.715s][info][gc,heap        ] GC(30) ParOldGen: 77290K(100864K)->84050K(100864K)
[0.715s][info][gc,metaspace   ] GC(30) Metaspace: 6302K(6464K)->6302K(6464K) NonClass: 5769K(5824K)->5769K(5824K) Class: 533K(640K)->533K(640K)
[0.715s][info][gc             ] GC(30) Pause Young (Allocation Failure) 90M->91M(129M) 13.619ms
[0.715s][info][gc,cpu         ] GC(30) User=0.02s Sys=0.00s Real=0.01s
[0.723s][info][gc,start       ] GC(31) Pause Young (Allocation Failure)
[0.732s][info][gc,heap        ] GC(31) PSYoungGen: 18464K(31744K)->18432K(30208K) Eden: 9216K(9216K)->0K(8704K) From: 9248K(22528K)->18432K(21504K)
[0.732s][info][gc,heap        ] GC(31) ParOldGen: 84050K(100864K)->84050K(100864K)
[0.732s][info][gc,metaspace   ] GC(31) Metaspace: 6302K(6464K)->6302K(6464K) NonClass: 5769K(5824K)->5769K(5824K) Class: 533K(640K)->533K(640K)
[0.732s][info][gc             ] GC(31) Pause Young (Allocation Failure) 100M->100M(128M) 9.428ms
[0.732s][info][gc,cpu         ] GC(31) User=0.02s Sys=0.00s Real=0.01s
[0.740s][info][gc,start       ] GC(32) Pause Young (Allocation Failure)
[0.752s][info][gc,heap        ] GC(32) PSYoungGen: 27136K(30208K)->24032K(32768K) Eden: 8704K(8704K)->0K(8704K) From: 18432K(21504K)->24032K(24064K)
[0.752s][info][gc,heap        ] GC(32) ParOldGen: 84050K(100864K)->87170K(100864K)
[0.752s][info][gc,metaspace   ] GC(32) Metaspace: 6302K(6464K)->6302K(6464K) NonClass: 5769K(5824K)->5769K(5824K) Class: 533K(640K)->533K(640K)
[0.752s][info][gc             ] GC(32) Pause Young (Allocation Failure) 108M->108M(130M) 12.123ms
[0.752s][info][gc,cpu         ] GC(32) User=0.02s Sys=0.00s Real=0.01s
[0.762s][info][gc,start       ] GC(33) Pause Young (Allocation Failure)
[0.778s][info][gc,heap        ] GC(33) PSYoungGen: 32736K(32768K)->16736K(39936K) Eden: 8704K(8704K)->0K(10752K) From: 24032K(24064K)->16736K(29184K)
[0.778s][info][gc,heap        ] GC(33) ParOldGen: 87170K(100864K)->103378K(103424K)
[0.778s][info][gc,metaspace   ] GC(33) Metaspace: 6302K(6464K)->6302K(6464K) NonClass: 5769K(5824K)->5769K(5824K) Class: 533K(640K)->533K(640K)
[0.778s][info][gc             ] GC(33) Pause Young (Allocation Failure) 117M->117M(140M) 16.307ms
[0.778s][info][gc,cpu         ] GC(33) User=0.00s Sys=0.02s Real=0.02s
[0.778s][info][gc,start       ] GC(34) Pause Full (Ergonomics)
[0.778s][info][gc,phases,start] GC(34) Marking Phase
[0.811s][info][gc,phases      ] GC(34) Marking Phase 32.656ms
[0.811s][info][gc,phases,start] GC(34) Summary Phase
[0.811s][info][gc,phases      ] GC(34) Summary Phase 0.015ms
[0.811s][info][gc,phases,start] GC(34) Adjust Roots
[0.811s][info][gc,phases      ] GC(34) Adjust Roots 0.150ms
[0.811s][info][gc,phases,start] GC(34) Compaction Phase
[0.838s][info][gc,phases      ] GC(34) Compaction Phase 26.364ms
[0.838s][info][gc,phases,start] GC(34) Post Compact
[0.838s][info][gc,phases      ] GC(34) Post Compact 0.416ms
[0.838s][info][gc,heap        ] GC(34) PSYoungGen: 16736K(39936K)->14603K(39936K) Eden: 0K(10752K)->0K(10752K) From: 16736K(29184K)->14603K(29184K)
[0.838s][info][gc,heap        ] GC(34) ParOldGen: 103378K(103424K)->103006K(132096K)
[0.838s][info][gc,metaspace   ] GC(34) Metaspace: 6302K(6464K)->6302K(6464K) NonClass: 5769K(5824K)->5769K(5824K) Class: 533K(640K)->533K(640K)
[0.838s][info][gc             ] GC(34) Pause Full (Ergonomics) 117M->114M(168M) 60.062ms
[0.838s][info][gc,cpu         ] GC(34) User=0.06s Sys=0.00s Real=0.06s
[0.849s][info][gc,start       ] GC(35) Pause Young (Allocation Failure)
[0.870s][info][gc,heap        ] GC(35) PSYoungGen: 25355K(39936K)->10816K(39936K) Eden: 10752K(10752K)->0K(10752K) From: 14603K(29184K)->10816K(29184K)
[0.870s][info][gc,heap        ] GC(35) ParOldGen: 103006K(132096K)->117846K(132096K)
[0.870s][info][gc,metaspace   ] GC(35) Metaspace: 6302K(6464K)->6302K(6464K) NonClass: 5769K(5824K)->5769K(5824K) Class: 533K(640K)->533K(640K)
[0.870s][info][gc             ] GC(35) Pause Young (Allocation Failure) 125M->125M(168M) 21.185ms
[0.870s][info][gc,cpu         ] GC(35) User=0.05s Sys=0.00s Real=0.02s
[0.870s][info][gc,start       ] GC(36) Pause Full (Ergonomics)
[0.870s][info][gc,phases,start] GC(36) Marking Phase
[0.910s][info][gc,phases      ] GC(36) Marking Phase 40.416ms
[0.910s][info][gc,phases,start] GC(36) Summary Phase
[0.910s][info][gc,phases      ] GC(36) Summary Phase 0.033ms
[0.910s][info][gc,phases,start] GC(36) Adjust Roots
[0.911s][info][gc,phases      ] GC(36) Adjust Roots 0.221ms
[0.911s][info][gc,phases,start] GC(36) Compaction Phase
[0.931s][info][gc,phases      ] GC(36) Compaction Phase 19.989ms
[0.931s][info][gc,phases,start] GC(36) Post Compact
[0.931s][info][gc,phases      ] GC(36) Post Compact 0.566ms
[0.931s][info][gc,heap        ] GC(36) PSYoungGen: 10816K(39936K)->0K(40448K) Eden: 0K(10752K)->0K(12800K) From: 10816K(29184K)->0K(27648K)
[0.931s][info][gc,heap        ] GC(36) ParOldGen: 117846K(132096K)->128332K(162304K)
[0.932s][info][gc,metaspace   ] GC(36) Metaspace: 6302K(6464K)->6302K(6464K) NonClass: 5769K(5824K)->5769K(5824K) Class: 533K(640K)->533K(640K)
[0.932s][info][gc             ] GC(36) Pause Full (Ergonomics) 125M->125M(198M) 61.684ms
[0.932s][info][gc,cpu         ] GC(36) User=0.14s Sys=0.00s Real=0.06s
[0.946s][info][gc,start       ] GC(37) Pause Young (Allocation Failure)
[0.954s][info][gc,heap        ] GC(37) PSYoungGen: 12800K(40448K)->12864K(40448K) Eden: 12800K(12800K)->0K(12800K) From: 0K(27648K)->12864K(27648K)
[0.954s][info][gc,heap        ] GC(37) ParOldGen: 128332K(162304K)->128332K(162304K)
[0.954s][info][gc,metaspace   ] GC(37) Metaspace: 6302K(6464K)->6302K(6464K) NonClass: 5769K(5824K)->5769K(5824K) Class: 533K(640K)->533K(640K)
[0.954s][info][gc             ] GC(37) Pause Young (Allocation Failure) 137M->137M(198M) 7.738ms
[0.954s][info][gc,cpu         ] GC(37) User=0.00s Sys=0.00s Real=0.01s
[0.968s][info][gc,start       ] GC(38) Pause Young (Allocation Failure)
[0.985s][info][gc,heap        ] GC(38) PSYoungGen: 25664K(40448K)->25632K(37888K) Eden: 12800K(12800K)->0K(11264K) From: 12864K(27648K)->25632K(26624K)
[0.985s][info][gc,heap        ] GC(38) ParOldGen: 128332K(162304K)->128332K(162304K)
[0.985s][info][gc,metaspace   ] GC(38) Metaspace: 6302K(6464K)->6302K(6464K) NonClass: 5769K(5824K)->5769K(5824K) Class: 533K(640K)->533K(640K)
[0.985s][info][gc             ] GC(38) Pause Young (Allocation Failure) 150M->150M(195M) 16.271ms
[0.985s][info][gc,cpu         ] GC(38) User=0.00s Sys=0.00s Real=0.02s
[0.997s][info][gc,start       ] GC(39) Pause Young (Allocation Failure)
[1.016s][info][gc,heap        ] GC(39) PSYoungGen: 36896K(37888K)->30208K(41472K) Eden: 11264K(11264K)->0K(11264K) From: 25632K(26624K)->30208K(30208K)
[1.016s][info][gc,heap        ] GC(39) ParOldGen: 128332K(162304K)->135076K(162304K)
[1.017s][info][gc,metaspace   ] GC(39) Metaspace: 6302K(6464K)->6302K(6464K) NonClass: 5769K(5824K)->5769K(5824K) Class: 533K(640K)->533K(640K)
[1.017s][info][gc             ] GC(39) Pause Young (Allocation Failure) 161M->161M(199M) 19.804ms
[1.017s][info][gc,cpu         ] GC(39) User=0.05s Sys=0.00s Real=0.02s
[1.028s][info][gc,start       ] GC(40) Pause Young (Allocation Failure)
[1.051s][info][gc,heap        ] GC(40) PSYoungGen: 41472K(41472K)->21568K(50688K) Eden: 11264K(11264K)->0K(13312K) From: 30208K(30208K)->21568K(37376K)
[1.051s][info][gc,heap        ] GC(40) ParOldGen: 135076K(162304K)->155324K(162304K)
[1.052s][info][gc,metaspace   ] GC(40) Metaspace: 6302K(6464K)->6302K(6464K) NonClass: 5769K(5824K)->5769K(5824K) Class: 533K(640K)->533K(640K)
[1.052s][info][gc             ] GC(40) Pause Young (Allocation Failure) 172M->172M(208M) 23.389ms
[1.052s][info][gc,cpu         ] GC(40) User=0.03s Sys=0.00s Real=0.02s
[1.052s][info][gc,start       ] GC(41) Pause Full (Ergonomics)
[1.052s][info][gc,phases,start] GC(41) Marking Phase
[1.100s][info][gc,phases      ] GC(41) Marking Phase 48.584ms
[1.100s][info][gc,phases,start] GC(41) Summary Phase
[1.100s][info][gc,phases      ] GC(41) Summary Phase 0.026ms
[1.100s][info][gc,phases,start] GC(41) Adjust Roots
[1.101s][info][gc,phases      ] GC(41) Adjust Roots 0.171ms
[1.101s][info][gc,phases,start] GC(41) Compaction Phase
[1.123s][info][gc,phases      ] GC(41) Compaction Phase 22.707ms
[1.123s][info][gc,phases,start] GC(41) Post Compact
[1.124s][info][gc,phases      ] GC(41) Post Compact 0.999ms
[1.125s][info][gc,heap        ] GC(41) PSYoungGen: 21568K(50688K)->14298K(50688K) Eden: 0K(13312K)->0K(13312K) From: 21568K(37376K)->14298K(37376K)
[1.125s][info][gc,heap        ] GC(41) ParOldGen: 155324K(162304K)->162035K(201216K)
[1.125s][info][gc,metaspace   ] GC(41) Metaspace: 6302K(6464K)->6302K(6464K) NonClass: 5769K(5824K)->5769K(5824K) Class: 533K(640K)->533K(640K)
[1.125s][info][gc             ] GC(41) Pause Full (Ergonomics) 172M->172M(246M) 73.145ms
[1.125s][info][gc,cpu         ] GC(41) User=0.25s Sys=0.00s Real=0.07s
[1.157s][info][gc,start       ] GC(42) Pause Young (Allocation Failure)
[1.182s][info][gc,heap        ] GC(42) PSYoungGen: 27610K(50688K)->29312K(50688K) Eden: 13312K(13312K)->0K(13312K) From: 14298K(37376K)->29312K(37376K)
[1.182s][info][gc,heap        ] GC(42) ParOldGen: 162035K(201216K)->168771K(201216K)
[1.182s][info][gc,metaspace   ] GC(42) Metaspace: 6302K(6464K)->6302K(6464K) NonClass: 5769K(5824K)->5769K(5824K) Class: 533K(640K)->533K(640K)
[1.182s][info][gc             ] GC(42) Pause Young (Allocation Failure) 185M->193M(246M) 24.845ms
[1.182s][info][gc,cpu         ] GC(42) User=0.05s Sys=0.00s Real=0.02s
[1.195s][info][gc,start       ] GC(43) Pause Young (Allocation Failure)
[1.217s][info][gc,heap        ] GC(43) PSYoungGen: 42624K(50688K)->34880K(50688K) Eden: 13312K(13312K)->0K(10752K) From: 29312K(37376K)->34880K(39936K)
[1.217s][info][gc,heap        ] GC(43) ParOldGen: 168771K(201216K)->176611K(201216K)
[1.217s][info][gc,metaspace   ] GC(43) Metaspace: 6302K(6464K)->6302K(6464K) NonClass: 5769K(5824K)->5769K(5824K) Class: 533K(640K)->533K(640K)
[1.217s][info][gc             ] GC(43) Pause Young (Allocation Failure) 206M->206M(246M) 22.071ms
[1.217s][info][gc,cpu         ] GC(43) User=0.02s Sys=0.00s Real=0.02s
[1.227s][info][gc,start       ] GC(44) Pause Young (Allocation Failure)
[1.249s][info][gc,heap        ] GC(44) PSYoungGen: 45632K(50688K)->24128K(55296K) Eden: 10752K(10752K)->0K(10752K) From: 34880K(39936K)->24128K(44544K)
[1.249s][info][gc,heap        ] GC(44) ParOldGen: 176611K(201216K)->190011K(201216K)
[1.249s][info][gc,metaspace   ] GC(44) Metaspace: 6302K(6464K)->6302K(6464K) NonClass: 5769K(5824K)->5769K(5824K) Class: 533K(640K)->533K(640K)
[1.250s][info][gc             ] GC(44) Pause Young (Allocation Failure) 217M->209M(250M) 22.074ms
[1.250s][info][gc,cpu         ] GC(44) User=0.02s Sys=0.00s Real=0.02s
[1.250s][info][gc,start       ] GC(45) Pause Full (Ergonomics)
[1.250s][info][gc,phases,start] GC(45) Marking Phase
[1.307s][info][gc,phases      ] GC(45) Marking Phase 57.705ms
[1.307s][info][gc,phases,start] GC(45) Summary Phase
[1.308s][info][gc,phases      ] GC(45) Summary Phase 0.020ms
[1.308s][info][gc,phases,start] GC(45) Adjust Roots
[1.308s][info][gc,phases      ] GC(45) Adjust Roots 0.169ms
[1.308s][info][gc,phases,start] GC(45) Compaction Phase
[1.352s][info][gc,phases      ] GC(45) Compaction Phase 43.801ms
[1.352s][info][gc,phases,start] GC(45) Post Compact
[1.353s][info][gc,phases      ] GC(45) Post Compact 0.928ms
[1.353s][info][gc,heap        ] GC(45) PSYoungGen: 24128K(55296K)->8668K(55296K) Eden: 0K(10752K)->0K(10752K) From: 24128K(44544K)->8668K(44544K)
[1.353s][info][gc,heap        ] GC(45) ParOldGen: 190011K(201216K)->200867K(241152K)
[1.353s][info][gc,metaspace   ] GC(45) Metaspace: 6302K(6464K)->6302K(6464K) NonClass: 5769K(5824K)->5769K(5824K) Class: 533K(640K)->533K(640K)
[1.353s][info][gc             ] GC(45) Pause Full (Ergonomics) 209M->204M(289M) 103.106ms
[1.353s][info][gc,cpu         ] GC(45) User=0.28s Sys=0.00s Real=0.10s
[1.365s][info][gc,start       ] GC(46) Pause Young (Allocation Failure)
[1.385s][info][gc,heap        ] GC(46) PSYoungGen: 19420K(55296K)->10848K(54272K) Eden: 10752K(10752K)->0K(12288K) From: 8668K(44544K)->10848K(41984K)
[1.385s][info][gc,heap        ] GC(46) ParOldGen: 200867K(241152K)->209675K(241152K)
[1.385s][info][gc,metaspace   ] GC(46) Metaspace: 6302K(6464K)->6302K(6464K) NonClass: 5769K(5824K)->5769K(5824K) Class: 533K(640K)->533K(640K)
[1.385s][info][gc             ] GC(46) Pause Young (Allocation Failure) 215M->215M(288M) 20.402ms
[1.385s][info][gc,cpu         ] GC(46) User=0.06s Sys=0.00s Real=0.02s
[1.399s][info][gc,start       ] GC(47) Pause Young (Allocation Failure)
[1.411s][info][gc,heap        ] GC(47) PSYoungGen: 23136K(54272K)->12384K(55296K) Eden: 12288K(12288K)->0K(12288K) From: 10848K(41984K)->12384K(43008K)
[1.411s][info][gc,heap        ] GC(47) ParOldGen: 209675K(241152K)->220587K(241152K)
[1.411s][info][gc,metaspace   ] GC(47) Metaspace: 6302K(6464K)->6302K(6464K) NonClass: 5769K(5824K)->5769K(5824K) Class: 533K(640K)->533K(640K)
[1.411s][info][gc             ] GC(47) Pause Young (Allocation Failure) 227M->227M(289M) 12.699ms
[1.411s][info][gc,cpu         ] GC(47) User=0.02s Sys=0.00s Real=0.01s
[1.425s][info][gc,start       ] GC(48) Pause Young (Allocation Failure)
[1.438s][info][gc,heap        ] GC(48) PSYoungGen: 24672K(55296K)->12384K(53248K) Eden: 12288K(12288K)->0K(13824K) From: 12384K(43008K)->12384K(39424K)
[1.438s][info][gc,heap        ] GC(48) ParOldGen: 220587K(241152K)->233059K(241152K)
[1.438s][info][gc,metaspace   ] GC(48) Metaspace: 6302K(6464K)->6302K(6464K) NonClass: 5769K(5824K)->5769K(5824K) Class: 533K(640K)->533K(640K)
[1.438s][info][gc             ] GC(48) Pause Young (Allocation Failure) 239M->239M(287M) 13.383ms
[1.438s][info][gc,cpu         ] GC(48) User=0.02s Sys=0.00s Real=0.01s
[1.438s][info][gc,start       ] GC(49) Pause Full (Ergonomics)
[1.438s][info][gc,phases,start] GC(49) Marking Phase
[1.496s][info][gc,phases      ] GC(49) Marking Phase 57.896ms
[1.496s][info][gc,phases,start] GC(49) Summary Phase
[1.496s][info][gc,phases      ] GC(49) Summary Phase 0.018ms
[1.496s][info][gc,phases,start] GC(49) Adjust Roots
[1.496s][info][gc,phases      ] GC(49) Adjust Roots 0.147ms
[1.496s][info][gc,phases,start] GC(49) Compaction Phase
[1.531s][info][gc,phases      ] GC(49) Compaction Phase 34.114ms
[1.531s][info][gc,phases,start] GC(49) Post Compact
[1.532s][info][gc,phases      ] GC(49) Post Compact 1.378ms
[1.532s][info][gc,heap        ] GC(49) PSYoungGen: 12384K(53248K)->4083K(54272K) Eden: 0K(13824K)->0K(14848K) From: 12384K(39424K)->4083K(39424K)
[1.532s][info][gc,heap        ] GC(49) ParOldGen: 233059K(241152K)->240693K(283648K)
[1.532s][info][gc,metaspace   ] GC(49) Metaspace: 6302K(6464K)->6302K(6464K) NonClass: 5769K(5824K)->5769K(5824K) Class: 533K(640K)->533K(640K)
[1.532s][info][gc             ] GC(49) Pause Full (Ergonomics) 239M->239M(330M) 94.131ms
[1.532s][info][gc,cpu         ] GC(49) User=0.36s Sys=0.02s Real=0.09s
[1.552s][info][gc,start       ] GC(50) Pause Young (Allocation Failure)
[1.575s][info][gc,heap        ] GC(50) PSYoungGen: 18931K(54272K)->14912K(55296K) Eden: 14848K(14848K)->0K(14848K) From: 4083K(39424K)->14912K(40448K)
[1.575s][info][gc,heap        ] GC(50) ParOldGen: 240693K(283648K)->244861K(283648K)
[1.575s][info][gc,metaspace   ] GC(50) Metaspace: 6302K(6464K)->6302K(6464K) NonClass: 5769K(5824K)->5769K(5824K) Class: 533K(640K)->533K(640K)
[1.575s][info][gc             ] GC(50) Pause Young (Allocation Failure) 253M->253M(331M) 22.562ms
[1.575s][info][gc,cpu         ] GC(50) User=0.12s Sys=0.00s Real=0.02s
[1.592s][info][gc,start       ] GC(51) Pause Young (Allocation Failure)
[1.608s][info][gc,heap        ] GC(51) PSYoungGen: 29760K(55296K)->29728K(52736K) Eden: 14848K(14848K)->0K(14336K) From: 14912K(40448K)->29728K(38400K)
[1.608s][info][gc,heap        ] GC(51) ParOldGen: 244861K(283648K)->244861K(283648K)
[1.608s][info][gc,metaspace   ] GC(51) Metaspace: 6302K(6464K)->6302K(6464K) NonClass: 5769K(5824K)->5769K(5824K) Class: 533K(640K)->533K(640K)
[1.608s][info][gc             ] GC(51) Pause Young (Allocation Failure) 268M->268M(328M) 16.583ms
[1.608s][info][gc,cpu         ] GC(51) User=0.03s Sys=0.00s Real=0.02s
[1.626s][info][gc,start       ] GC(52) Pause Young (Allocation Failure)
[1.650s][info][gc,heap        ] GC(52) PSYoungGen: 44064K(52736K)->40960K(55296K) Eden: 14336K(14336K)->0K(14336K) From: 29728K(38400K)->40960K(40960K)
[1.650s][info][gc,heap        ] GC(52) ParOldGen: 244861K(283648K)->248005K(283648K)
[1.650s][info][gc,metaspace   ] GC(52) Metaspace: 6302K(6464K)->6302K(6464K) NonClass: 5769K(5824K)->5769K(5824K) Class: 533K(640K)->533K(640K)
[1.650s][info][gc             ] GC(52) Pause Young (Allocation Failure) 282M->282M(331M) 23.952ms
[1.650s][info][gc,cpu         ] GC(52) User=0.11s Sys=0.00s Real=0.02s
[1.669s][info][gc,start       ] GC(53) Pause Young (Allocation Failure)
[1.699s][info][gc,heap        ] GC(53) PSYoungGen: 55296K(55296K)->27808K(64512K) Eden: 14336K(14336K)->0K(16384K) From: 40960K(40960K)->27808K(48128K)
[1.699s][info][gc,heap        ] GC(53) ParOldGen: 248005K(283648K)->275965K(283648K)
[1.699s][info][gc,metaspace   ] GC(53) Metaspace: 6302K(6464K)->6302K(6464K) NonClass: 5769K(5824K)->5769K(5824K) Class: 533K(640K)->533K(640K)
[1.699s][info][gc             ] GC(53) Pause Young (Allocation Failure) 296M->296M(340M) 29.608ms
[1.699s][info][gc,cpu         ] GC(53) User=0.14s Sys=0.00s Real=0.03s
[1.699s][info][gc,start       ] GC(54) Pause Full (Ergonomics)
[1.699s][info][gc,phases,start] GC(54) Marking Phase
[1.768s][info][gc,phases      ] GC(54) Marking Phase 68.821ms
[1.768s][info][gc,phases,start] GC(54) Summary Phase
[1.768s][info][gc,phases      ] GC(54) Summary Phase 0.019ms
[1.768s][info][gc,phases,start] GC(54) Adjust Roots
[1.768s][info][gc,phases      ] GC(54) Adjust Roots 0.189ms
[1.768s][info][gc,phases,start] GC(54) Compaction Phase
[1.804s][info][gc,phases      ] GC(54) Compaction Phase 35.595ms
[1.804s][info][gc,phases,start] GC(54) Post Compact
[1.806s][info][gc,phases      ] GC(54) Post Compact 1.889ms
[1.806s][info][gc,heap        ] GC(54) PSYoungGen: 27808K(64512K)->19480K(64512K) Eden: 0K(16384K)->0K(16384K) From: 27808K(48128K)->19480K(48128K)
[1.806s][info][gc,heap        ] GC(54) ParOldGen: 275965K(283648K)->283538K(334336K)
[1.806s][info][gc,metaspace   ] GC(54) Metaspace: 6302K(6464K)->6302K(6464K) NonClass: 5769K(5824K)->5769K(5824K) Class: 533K(640K)->533K(640K)
[1.806s][info][gc             ] GC(54) Pause Full (Ergonomics) 296M->295M(389M) 107.120ms
[1.806s][info][gc,cpu         ] GC(54) User=0.66s Sys=0.02s Real=0.11s
[1.826s][info][gc,start       ] GC(55) Pause Young (Allocation Failure)
[1.857s][info][gc,heap        ] GC(55) PSYoungGen: 35864K(64512K)->27328K(64512K) Eden: 16384K(16384K)->0K(16384K) From: 19480K(48128K)->27328K(48128K)
[1.857s][info][gc,heap        ] GC(55) ParOldGen: 283538K(334336K)->292386K(334336K)
[1.857s][info][gc,metaspace   ] GC(55) Metaspace: 6302K(6464K)->6302K(6464K) NonClass: 5769K(5824K)->5769K(5824K) Class: 533K(640K)->533K(640K)
[1.857s][info][gc             ] GC(55) Pause Young (Allocation Failure) 311M->312M(389M) 30.818ms
[1.857s][info][gc,cpu         ] GC(55) User=0.14s Sys=0.02s Real=0.03s
[1.878s][info][gc,start       ] GC(56) Pause Young (Allocation Failure)
[1.904s][info][gc,heap        ] GC(56) PSYoungGen: 43712K(64512K)->32896K(65024K) Eden: 16384K(16384K)->0K(17408K) From: 27328K(48128K)->32896K(47616K)
[1.904s][info][gc,heap        ] GC(56) ParOldGen: 292386K(334336K)->303378K(334336K)
[1.904s][info][gc,metaspace   ] GC(56) Metaspace: 6302K(6464K)->6302K(6464K) NonClass: 5769K(5824K)->5769K(5824K) Class: 533K(640K)->533K(640K)
[1.904s][info][gc             ] GC(56) Pause Young (Allocation Failure) 328M->328M(390M) 26.636ms
[1.904s][info][gc,cpu         ] GC(56) User=0.09s Sys=0.02s Real=0.03s
[1.996s][info][gc,start       ] GC(57) Pause Full (Ergonomics)
[1.997s][info][gc,phases,start] GC(57) Marking Phase
[2.076s][info][gc,phases      ] GC(57) Marking Phase 79.644ms
[2.076s][info][gc,phases,start] GC(57) Summary Phase
[2.076s][info][gc,phases      ] GC(57) Summary Phase 0.020ms
[2.076s][info][gc,phases,start] GC(57) Adjust Roots
[2.076s][info][gc,phases      ] GC(57) Adjust Roots 0.152ms
[2.076s][info][gc,phases,start] GC(57) Compaction Phase
[2.145s][info][gc,phases      ] GC(57) Compaction Phase 68.420ms
[2.145s][info][gc,phases,start] GC(57) Post Compact
[2.147s][info][gc,phases      ] GC(57) Post Compact 1.945ms
[2.147s][info][gc,heap        ] GC(57) PSYoungGen: 50304K(65024K)->27087K(65024K) Eden: 17408K(17408K)->0K(17408K) From: 32896K(47616K)->27087K(47616K)
[2.147s][info][gc,heap        ] GC(57) ParOldGen: 319762K(334336K)->334204K(386048K)
[2.147s][info][gc,metaspace   ] GC(57) Metaspace: 6302K(6464K)->6302K(6464K) NonClass: 5769K(5824K)->5769K(5824K) Class: 533K(640K)->533K(640K)
[2.147s][info][gc             ] GC(57) Pause Full (Ergonomics) 361M->352M(440M) 150.892ms
[2.147s][info][gc,cpu         ] GC(57) User=0.72s Sys=0.00s Real=0.15s
[2.165s][info][gc,start       ] GC(58) Pause Young (Allocation Failure)
[2.200s][info][gc,heap        ] GC(58) PSYoungGen: 44495K(65024K)->31168K(66048K) Eden: 17408K(17408K)->0K(17408K) From: 27087K(47616K)->31168K(48640K)
[2.200s][info][gc,heap        ] GC(58) ParOldGen: 334204K(386048K)->347892K(386048K)
[2.200s][info][gc,metaspace   ] GC(58) Metaspace: 6302K(6464K)->6302K(6464K) NonClass: 5769K(5824K)->5769K(5824K) Class: 533K(640K)->533K(640K)
[2.200s][info][gc             ] GC(58) Pause Young (Allocation Failure) 369M->370M(441M) 34.327ms
[2.200s][info][gc,cpu         ] GC(58) User=0.22s Sys=0.03s Real=0.03s
[2.218s][info][gc,start       ] GC(59) Pause Young (Allocation Failure)
[2.242s][info][gc,heap        ] GC(59) PSYoungGen: 48576K(66048K)->48608K(61952K) Eden: 17408K(17408K)->0K(12800K) From: 31168K(48640K)->48608K(49152K)
[2.242s][info][gc,heap        ] GC(59) ParOldGen: 347892K(386048K)->347892K(386048K)
[2.242s][info][gc,metaspace   ] GC(59) Metaspace: 6302K(6464K)->6302K(6464K) NonClass: 5769K(5824K)->5769K(5824K) Class: 533K(640K)->533K(640K)
[2.242s][info][gc             ] GC(59) Pause Young (Allocation Failure) 387M->387M(437M) 23.827ms
[2.242s][info][gc,cpu         ] GC(59) User=0.05s Sys=0.02s Real=0.02s
[2.255s][info][gc,start       ] GC(60) Pause Young (Allocation Failure)
[2.284s][info][gc,heap        ] GC(60) PSYoungGen: 61408K(61952K)->47776K(68608K) Eden: 12800K(12800K)->0K(12800K) From: 48608K(49152K)->47776K(55808K)
[2.284s][info][gc,heap        ] GC(60) ParOldGen: 347892K(386048K)->361732K(386048K)
[2.284s][info][gc,metaspace   ] GC(60) Metaspace: 6302K(6464K)->6302K(6464K) NonClass: 5769K(5824K)->5769K(5824K) Class: 533K(640K)->533K(640K)
[2.285s][info][gc             ] GC(60) Pause Young (Allocation Failure) 399M->399M(444M) 29.680ms
[2.285s][info][gc,cpu         ] GC(60) User=0.12s Sys=0.00s Real=0.03s
[2.297s][info][gc,start       ] GC(61) Pause Young (Allocation Failure)
[2.326s][info][gc,heap        ] GC(61) PSYoungGen: 60576K(68608K)->43104K(73728K) Eden: 12800K(12800K)->0K(12800K) From: 47776K(55808K)->43104K(60928K)
[2.326s][info][gc,heap        ] GC(61) ParOldGen: 361732K(386048K)->379372K(386048K)
[2.326s][info][gc,metaspace   ] GC(61) Metaspace: 6302K(6464K)->6302K(6464K) NonClass: 5769K(5824K)->5769K(5824K) Class: 533K(640K)->533K(640K)
[2.326s][info][gc             ] GC(61) Pause Young (Allocation Failure) 412M->412M(449M) 29.052ms
[2.327s][info][gc,cpu         ] GC(61) User=0.12s Sys=0.02s Real=0.03s
[2.327s][info][gc,start       ] GC(62) Pause Full (Ergonomics)
[2.327s][info][gc,phases,start] GC(62) Marking Phase
[2.418s][info][gc,phases      ] GC(62) Marking Phase 91.151ms
[2.418s][info][gc,phases,start] GC(62) Summary Phase
[2.418s][info][gc,phases      ] GC(62) Summary Phase 0.019ms
[2.418s][info][gc,phases,start] GC(62) Adjust Roots
[2.418s][info][gc,phases      ] GC(62) Adjust Roots 0.147ms
[2.418s][info][gc,phases,start] GC(62) Compaction Phase
[2.473s][info][gc,phases      ] GC(62) Compaction Phase 55.466ms
[2.474s][info][gc,phases,start] GC(62) Post Compact
[2.476s][info][gc,phases      ] GC(62) Post Compact 2.031ms
[2.476s][info][gc,heap        ] GC(62) PSYoungGen: 43104K(73728K)->35754K(73728K) Eden: 0K(12800K)->0K(12800K) From: 43104K(60928K)->35754K(60928K)
[2.476s][info][gc,heap        ] GC(62) ParOldGen: 379372K(386048K)->385824K(442368K)
[2.476s][info][gc,metaspace   ] GC(62) Metaspace: 6302K(6464K)->6302K(6464K) NonClass: 5769K(5824K)->5769K(5824K) Class: 533K(640K)->533K(640K)
[2.476s][info][gc             ] GC(62) Pause Full (Ergonomics) 412M->411M(504M) 149.487ms
[2.476s][info][gc,cpu         ] GC(62) User=0.78s Sys=0.00s Real=0.15s
[2.489s][info][gc,start       ] GC(63) Pause Young (Allocation Failure)
[2.526s][info][gc,heap        ] GC(63) PSYoungGen: 48554K(73728K)->24192K(37376K) Eden: 12800K(12800K)->0K(12800K) From: 35754K(60928K)->24192K(24576K)
[2.526s][info][gc,heap        ] GC(63) ParOldGen: 385824K(442368K)->410704K(442368K)
[2.526s][info][gc,metaspace   ] GC(63) Metaspace: 6302K(6464K)->6302K(6464K) NonClass: 5769K(5824K)->5769K(5824K) Class: 533K(640K)->533K(640K)
[2.526s][info][gc             ] GC(63) Pause Young (Allocation Failure) 424M->424M(468M) 36.990ms
[2.526s][info][gc,cpu         ] GC(63) User=0.25s Sys=0.02s Real=0.04s
[2.539s][info][gc,start       ] GC(64) Pause Young (Allocation Failure)
[2.557s][info][gc,heap        ] GC(64) PSYoungGen: 36992K(37376K)->25696K(71680K) Eden: 12800K(12800K)->0K(14848K) From: 24192K(24576K)->25696K(56832K)
[2.557s][info][gc,heap        ] GC(64) ParOldGen: 410704K(442368K)->422128K(442368K)
[2.557s][info][gc,metaspace   ] GC(64) Metaspace: 6302K(6464K)->6302K(6464K) NonClass: 5769K(5824K)->5769K(5824K) Class: 533K(640K)->533K(640K)
[2.558s][info][gc             ] GC(64) Pause Young (Allocation Failure) 437M->437M(502M) 18.656ms
[2.558s][info][gc,cpu         ] GC(64) User=0.25s Sys=0.00s Real=0.02s
[2.558s][info][gc,start       ] GC(65) Pause Full (Ergonomics)
[2.558s][info][gc,phases,start] GC(65) Marking Phase
[2.652s][info][gc,phases      ] GC(65) Marking Phase 94.574ms
[2.652s][info][gc,phases,start] GC(65) Summary Phase
[2.652s][info][gc,phases      ] GC(65) Summary Phase 0.021ms
[2.652s][info][gc,phases,start] GC(65) Adjust Roots
[2.652s][info][gc,phases      ] GC(65) Adjust Roots 0.164ms
[2.652s][info][gc,phases,start] GC(65) Compaction Phase
[2.700s][info][gc,phases      ] GC(65) Compaction Phase 47.280ms
[2.700s][info][gc,phases,start] GC(65) Post Compact
[2.702s][info][gc,phases      ] GC(65) Post Compact 2.140ms
[2.702s][info][gc,heap        ] GC(65) PSYoungGen: 25696K(71680K)->5103K(73216K) Eden: 0K(14848K)->0K(16384K) From: 25696K(56832K)->5103K(56832K)
[2.702s][info][gc,heap        ] GC(65) ParOldGen: 422128K(442368K)->442015K(504832K)
[2.702s][info][gc,metaspace   ] GC(65) Metaspace: 6302K(6464K)->6302K(6464K) NonClass: 5769K(5824K)->5769K(5824K) Class: 533K(640K)->533K(640K)
[2.702s][info][gc             ] GC(65) Pause Full (Ergonomics) 437M->436M(564M) 144.787ms
[2.702s][info][gc,cpu         ] GC(65) User=0.86s Sys=0.00s Real=0.14s
[2.720s][info][gc,start       ] GC(66) Pause Young (Allocation Failure)
[2.749s][info][gc,heap        ] GC(66) PSYoungGen: 21487K(73216K)->19040K(74752K) Eden: 16384K(16384K)->0K(16384K) From: 5103K(56832K)->19040K(58368K)
[2.749s][info][gc,heap        ] GC(66) ParOldGen: 442015K(504832K)->444663K(504832K)
[2.749s][info][gc,metaspace   ] GC(66) Metaspace: 6302K(6464K)->6302K(6464K) NonClass: 5769K(5824K)->5769K(5824K) Class: 533K(640K)->533K(640K)
[2.749s][info][gc             ] GC(66) Pause Young (Allocation Failure) 452M->452M(566M) 29.315ms
[2.749s][info][gc,cpu         ] GC(66) User=0.14s Sys=0.00s Real=0.03s
[2.767s][info][gc,start       ] GC(67) Pause Young (Allocation Failure)
[2.785s][info][gc,heap        ] GC(67) PSYoungGen: 35424K(74752K)->35424K(75264K) Eden: 16384K(16384K)->0K(18432K) From: 19040K(58368K)->35424K(56832K)
[2.785s][info][gc,heap        ] GC(67) ParOldGen: 444663K(504832K)->444663K(504832K)
[2.785s][info][gc,metaspace   ] GC(67) Metaspace: 6302K(6464K)->6302K(6464K) NonClass: 5769K(5824K)->5769K(5824K) Class: 533K(640K)->533K(640K)
[2.785s][info][gc             ] GC(67) Pause Young (Allocation Failure) 468M->468M(566M) 17.925ms
[2.785s][info][gc,cpu         ] GC(67) User=0.12s Sys=0.00s Real=0.02s
[2.804s][info][gc,start       ] GC(68) Pause Young (Allocation Failure)
[2.830s][info][gc,heap        ] GC(68) PSYoungGen: 53856K(75264K)->53920K(75264K) Eden: 18432K(18432K)->0K(18432K) From: 35424K(56832K)->53920K(56832K)
[2.830s][info][gc,heap        ] GC(68) ParOldGen: 444663K(504832K)->444663K(504832K)
[2.830s][info][gc,metaspace   ] GC(68) Metaspace: 6302K(6464K)->6302K(6464K) NonClass: 5769K(5824K)->5769K(5824K) Class: 533K(640K)->533K(640K)
[2.830s][info][gc             ] GC(68) Pause Young (Allocation Failure) 486M->486M(566M) 25.435ms
[2.830s][info][gc,cpu         ] GC(68) User=0.12s Sys=0.00s Real=0.03s
[2.849s][info][gc,start       ] GC(69) Pause Young (Allocation Failure)
[2.883s][info][gc,heap        ] GC(69) PSYoungGen: 72352K(75264K)->63488K(72192K) Eden: 18432K(18432K)->0K(8704K) From: 53920K(56832K)->63488K(63488K)
[2.883s][info][gc,heap        ] GC(69) ParOldGen: 444663K(504832K)->453479K(504832K)
[2.883s][info][gc,metaspace   ] GC(69) Metaspace: 6302K(6464K)->6302K(6464K) NonClass: 5769K(5824K)->5769K(5824K) Class: 533K(640K)->533K(640K)
[2.883s][info][gc             ] GC(69) Pause Young (Allocation Failure) 504M->504M(563M) 34.478ms
[2.883s][info][gc,cpu         ] GC(69) User=0.27s Sys=0.00s Real=0.03s
[2.893s][info][gc,start       ] GC(70) Pause Young (Allocation Failure)
[2.926s][info][gc,heap        ] GC(70) PSYoungGen: 72192K(72192K)->42144K(83968K) Eden: 8704K(8704K)->0K(8704K) From: 63488K(63488K)->42144K(75264K)
[2.926s][info][gc,heap        ] GC(70) ParOldGen: 453479K(504832K)->483967K(504832K)
[2.926s][info][gc,metaspace   ] GC(70) Metaspace: 6302K(6464K)->6302K(6464K) NonClass: 5769K(5824K)->5769K(5824K) Class: 533K(640K)->533K(640K)
[2.926s][info][gc             ] GC(70) Pause Young (Allocation Failure) 513M->513M(575M) 33.803ms
[2.926s][info][gc,cpu         ] GC(70) User=0.25s Sys=0.00s Real=0.03s
[2.926s][info][gc,start       ] GC(71) Pause Full (Ergonomics)
[2.926s][info][gc,phases,start] GC(71) Marking Phase
[3.047s][info][gc,phases      ] GC(71) Marking Phase 121.002ms
[3.047s][info][gc,phases,start] GC(71) Summary Phase
[3.048s][info][gc,phases      ] GC(71) Summary Phase 0.021ms
[3.048s][info][gc,phases,start] GC(71) Adjust Roots
[3.048s][info][gc,phases      ] GC(71) Adjust Roots 0.172ms
[3.048s][info][gc,phases,start] GC(71) Compaction Phase
[3.099s][info][gc,phases      ] GC(71) Compaction Phase 51.624ms
[3.099s][info][gc,phases,start] GC(71) Post Compact
[3.102s][info][gc,phases      ] GC(71) Post Compact 2.589ms
[3.102s][info][gc,heap        ] GC(71) PSYoungGen: 42144K(83968K)->20506K(83968K) Eden: 0K(8704K)->0K(8704K) From: 42144K(75264K)->20506K(75264K)
[3.102s][info][gc,heap        ] GC(71) ParOldGen: 483967K(504832K)->504794K(574464K)
[3.102s][info][gc,metaspace   ] GC(71) Metaspace: 6302K(6464K)->6302K(6464K) NonClass: 5769K(5824K)->5769K(5824K) Class: 533K(640K)->533K(640K)
[3.102s][info][gc             ] GC(71) Pause Full (Ergonomics) 513M->512M(643M) 175.973ms
[3.102s][info][gc,cpu         ] GC(71) User=1.23s Sys=0.02s Real=0.18s
[3.112s][info][gc,start       ] GC(72) Pause Young (Allocation Failure)
[3.148s][info][gc,heap        ] GC(72) PSYoungGen: 29210K(83968K)->13568K(82944K) Eden: 8704K(8704K)->0K(9728K) From: 20506K(75264K)->13568K(73216K)
[3.148s][info][gc,heap        ] GC(72) ParOldGen: 504794K(574464K)->520770K(574464K)
[3.148s][info][gc,metaspace   ] GC(72) Metaspace: 6302K(6464K)->6302K(6464K) NonClass: 5769K(5824K)->5769K(5824K) Class: 533K(640K)->533K(640K)
[3.148s][info][gc             ] GC(72) Pause Young (Allocation Failure) 521M->521M(642M) 36.102ms
[3.148s][info][gc,cpu         ] GC(72) User=0.16s Sys=0.00s Real=0.04s
[3.158s][info][gc,start       ] GC(73) Pause Young (Allocation Failure)
[3.172s][info][gc,heap        ] GC(73) PSYoungGen: 23296K(82944K)->18560K(83456K) Eden: 9728K(9728K)->0K(9728K) From: 13568K(73216K)->18560K(73728K)
[3.172s][info][gc,heap        ] GC(73) ParOldGen: 520770K(574464K)->525594K(574464K)
[3.172s][info][gc,metaspace   ] GC(73) Metaspace: 6302K(6464K)->6302K(6464K) NonClass: 5769K(5824K)->5769K(5824K) Class: 533K(640K)->533K(640K)
[3.172s][info][gc             ] GC(73) Pause Young (Allocation Failure) 531M->531M(642M) 13.566ms
[3.172s][info][gc,cpu         ] GC(73) User=0.02s Sys=0.00s Real=0.01s
[3.183s][info][gc,start       ] GC(74) Pause Young (Allocation Failure)
[3.198s][info][gc,heap        ] GC(74) PSYoungGen: 28288K(83456K)->19552K(79872K) Eden: 9728K(9728K)->0K(11264K) From: 18560K(73728K)->19552K(68608K)
[3.198s][info][gc,heap        ] GC(74) ParOldGen: 525594K(574464K)->534410K(574464K)
[3.198s][info][gc,metaspace   ] GC(74) Metaspace: 6302K(6464K)->6302K(6464K) NonClass: 5769K(5824K)->5769K(5824K) Class: 533K(640K)->533K(640K)
[3.198s][info][gc             ] GC(74) Pause Young (Allocation Failure) 540M->540M(639M) 15.834ms
[3.198s][info][gc,cpu         ] GC(74) User=0.02s Sys=0.00s Real=0.02s
[3.211s][info][gc,start       ] GC(75) Pause Young (Allocation Failure)
[3.227s][info][gc,heap        ] GC(75) PSYoungGen: 30816K(79872K)->21120K(32768K) Eden: 11264K(11264K)->0K(11264K) From: 19552K(68608K)->21120K(21504K)
[3.227s][info][gc,heap        ] GC(75) ParOldGen: 534410K(574464K)->544274K(574464K)
[3.227s][info][gc,metaspace   ] GC(75) Metaspace: 6302K(6464K)->6302K(6464K) NonClass: 5769K(5824K)->5769K(5824K) Class: 533K(640K)->533K(640K)
[3.227s][info][gc             ] GC(75) Pause Young (Allocation Failure) 551M->552M(593M) 16.499ms
[3.227s][info][gc,cpu         ] GC(75) User=0.02s Sys=0.00s Real=0.02s
[3.240s][info][gc,start       ] GC(76) Pause Young (Allocation Failure)
[3.258s][info][gc,heap        ] GC(76) PSYoungGen: 32384K(32768K)->22624K(76288K) Eden: 11264K(11264K)->0K(12800K) From: 21120K(21504K)->22624K(63488K)
[3.258s][info][gc,heap        ] GC(76) ParOldGen: 544274K(574464K)->554138K(574464K)
[3.258s][info][gc,metaspace   ] GC(76) Metaspace: 6302K(6464K)->6302K(6464K) NonClass: 5769K(5824K)->5769K(5824K) Class: 533K(640K)->533K(640K)
[3.258s][info][gc             ] GC(76) Pause Young (Allocation Failure) 563M->563M(635M) 17.710ms
[3.258s][info][gc,cpu         ] GC(76) User=0.05s Sys=0.00s Real=0.02s
[3.258s][info][gc,start       ] GC(77) Pause Full (Ergonomics)
[3.258s][info][gc,phases,start] GC(77) Marking Phase
[3.383s][info][gc,phases      ] GC(77) Marking Phase 124.350ms
[3.383s][info][gc,phases,start] GC(77) Summary Phase
[3.383s][info][gc,phases      ] GC(77) Summary Phase 0.021ms
[3.383s][info][gc,phases,start] GC(77) Adjust Roots
[3.383s][info][gc,phases      ] GC(77) Adjust Roots 0.148ms
[3.383s][info][gc,phases,start] GC(77) Compaction Phase
[3.439s][info][gc,phases      ] GC(77) Compaction Phase 55.888ms
[3.439s][info][gc,phases,start] GC(77) Post Compact
[3.440s][info][gc,phases      ] GC(77) Post Compact 1.022ms
[3.440s][info][gc,heap        ] GC(77) PSYoungGen: 22624K(76288K)->1522K(77824K) Eden: 0K(12800K)->0K(14336K) From: 22624K(63488K)->1522K(63488K)
[3.440s][info][gc,heap        ] GC(77) ParOldGen: 554138K(574464K)->574320K(642560K)
[3.440s][info][gc,metaspace   ] GC(77) Metaspace: 6302K(6464K)->6302K(6464K) NonClass: 5769K(5824K)->5769K(5824K) Class: 533K(640K)->533K(640K)
[3.440s][info][gc             ] GC(77) Pause Full (Ergonomics) 563M->562M(703M) 181.980ms
[3.440s][info][gc,cpu         ] GC(77) User=1.11s Sys=0.05s Real=0.18s
[3.457s][info][gc,start       ] GC(78) Pause Young (Allocation Failure)
[3.493s][info][gc,heap        ] GC(78) PSYoungGen: 15858K(77824K)->14496K(80384K) Eden: 14336K(14336K)->0K(14336K) From: 1522K(63488K)->14496K(66048K)
[3.493s][info][gc,heap        ] GC(78) ParOldGen: 574320K(642560K)->575912K(642560K)
[3.494s][info][gc,metaspace   ] GC(78) Metaspace: 6302K(6464K)->6302K(6464K) NonClass: 5769K(5824K)->5769K(5824K) Class: 533K(640K)->533K(640K)
[3.494s][info][gc             ] GC(78) Pause Young (Allocation Failure) 576M->576M(706M) 36.944ms
[3.494s][info][gc,cpu         ] GC(78) User=0.14s Sys=0.00s Real=0.04s
[3.510s][info][gc,start       ] GC(79) Pause Young (Allocation Failure)
[3.527s][info][gc,heap        ] GC(79) PSYoungGen: 28832K(80384K)->28768K(73728K) Eden: 14336K(14336K)->0K(15872K) From: 14496K(66048K)->28768K(57856K)
[3.527s][info][gc,heap        ] GC(79) ParOldGen: 575912K(642560K)->575912K(642560K)
[3.527s][info][gc,metaspace   ] GC(79) Metaspace: 6302K(6464K)->6302K(6464K) NonClass: 5769K(5824K)->5769K(5824K) Class: 533K(640K)->533K(640K)
[3.527s][info][gc             ] GC(79) Pause Young (Allocation Failure) 590M->590M(699M) 17.715ms
[3.527s][info][gc,cpu         ] GC(79) User=0.03s Sys=0.00s Real=0.02s
[3.546s][info][gc,start       ] GC(80) Pause Young (Allocation Failure)
[3.571s][info][gc,heap        ] GC(80) PSYoungGen: 44640K(73728K)->30304K(46592K) Eden: 15872K(15872K)->0K(15872K) From: 28768K(57856K)->30304K(30720K)
[3.571s][info][gc,heap        ] GC(80) ParOldGen: 575912K(642560K)->590440K(642560K)
[3.571s][info][gc,metaspace   ] GC(80) Metaspace: 6302K(6464K)->6302K(6464K) NonClass: 5769K(5824K)->5769K(5824K) Class: 533K(640K)->533K(640K)
[3.571s][info][gc             ] GC(80) Pause Young (Allocation Failure) 606M->606M(673M) 25.666ms
[3.571s][info][gc,cpu         ] GC(80) User=0.11s Sys=0.02s Real=0.03s
[3.591s][info][gc,start       ] GC(81) Pause Young (Allocation Failure)
[3.616s][info][gc,heap        ] GC(81) PSYoungGen: 46176K(46592K)->31840K(73728K) Eden: 15872K(15872K)->0K(17920K) From: 30304K(30720K)->31840K(55808K)
[3.616s][info][gc,heap        ] GC(81) ParOldGen: 590440K(642560K)->604992K(642560K)
[3.616s][info][gc,metaspace   ] GC(81) Metaspace: 6302K(6464K)->6302K(6464K) NonClass: 5769K(5824K)->5769K(5824K) Class: 533K(640K)->533K(640K)
[3.616s][info][gc             ] GC(81) Pause Young (Allocation Failure) 621M->621M(699M) 25.133ms
[3.616s][info][gc,cpu         ] GC(81) User=0.08s Sys=0.00s Real=0.02s
[3.637s][info][gc,start       ] GC(82) Pause Young (Allocation Failure)
[3.664s][info][gc,heap        ] GC(82) PSYoungGen: 49760K(73728K)->33920K(75264K) Eden: 17920K(17920K)->0K(17920K) From: 31840K(55808K)->33920K(57344K)
[3.664s][info][gc,heap        ] GC(82) ParOldGen: 604992K(642560K)->621080K(642560K)
[3.664s][info][gc,metaspace   ] GC(82) Metaspace: 6302K(6464K)->6302K(6464K) NonClass: 5769K(5824K)->5769K(5824K) Class: 533K(640K)->533K(640K)
[3.664s][info][gc             ] GC(82) Pause Young (Allocation Failure) 639M->639M(701M) 26.760ms
[3.664s][info][gc,cpu         ] GC(82) User=0.11s Sys=0.03s Real=0.03s
[3.664s][info][gc,start       ] GC(83) Pause Full (Ergonomics)
[3.664s][info][gc,phases,start] GC(83) Marking Phase
[3.811s][info][gc,phases      ] GC(83) Marking Phase 146.694ms
[3.811s][info][gc,phases,start] GC(83) Summary Phase
[3.811s][info][gc,phases      ] GC(83) Summary Phase 0.028ms
[3.811s][info][gc,phases,start] GC(83) Adjust Roots
[3.811s][info][gc,phases      ] GC(83) Adjust Roots 0.149ms
[3.811s][info][gc,phases,start] GC(83) Compaction Phase
[3.865s][info][gc,phases      ] GC(83) Compaction Phase 54.183ms
[3.865s][info][gc,phases,start] GC(83) Post Compact
[3.866s][info][gc,phases      ] GC(83) Post Compact 0.994ms
[3.866s][info][gc,heap        ] GC(83) PSYoungGen: 33920K(75264K)->11760K(75264K) Eden: 0K(17920K)->0K(17920K) From: 33920K(57344K)->11760K(57344K)
[3.866s][info][gc,heap        ] GC(83) ParOldGen: 621080K(642560K)->642256K(716288K)
[3.866s][info][gc,metaspace   ] GC(83) Metaspace: 6302K(6464K)->6302K(6464K) NonClass: 5769K(5824K)->5769K(5824K) Class: 533K(640K)->533K(640K)
[3.866s][info][gc             ] GC(83) Pause Full (Ergonomics) 639M->638M(773M) 202.562ms
[3.866s][info][gc,cpu         ] GC(83) User=1.47s Sys=0.02s Real=0.20s
[3.887s][info][gc,start       ] GC(84) Pause Young (Allocation Failure)
[3.929s][info][gc,heap        ] GC(84) PSYoungGen: 29680K(75264K)->24096K(73216K) Eden: 17920K(17920K)->0K(19968K) From: 11760K(57344K)->24096K(53248K)
[3.929s][info][gc,heap        ] GC(84) ParOldGen: 642256K(716288K)->648096K(716288K)
[3.929s][info][gc,metaspace   ] GC(84) Metaspace: 6302K(6464K)->6302K(6464K) NonClass: 5769K(5824K)->5769K(5824K) Class: 533K(640K)->533K(640K)
[3.929s][info][gc             ] GC(84) Pause Young (Allocation Failure) 656M->656M(771M) 42.161ms
[3.929s][info][gc,cpu         ] GC(84) User=0.25s Sys=0.00s Real=0.04s
[3.955s][info][gc,start       ] GC(85) Pause Young (Allocation Failure)
[3.979s][info][gc,heap        ] GC(85) PSYoungGen: 44064K(73216K)->44064K(74752K) Eden: 19968K(19968K)->0K(19968K) From: 24096K(53248K)->44064K(54784K)
[3.979s][info][gc,heap        ] GC(85) ParOldGen: 648096K(716288K)->648096K(716288K)
[3.979s][info][gc,metaspace   ] GC(85) Metaspace: 6302K(6464K)->6302K(6464K) NonClass: 5769K(5824K)->5769K(5824K) Class: 533K(640K)->533K(640K)
[3.979s][info][gc             ] GC(85) Pause Young (Allocation Failure) 675M->675M(772M) 23.782ms
[3.979s][info][gc,cpu         ] GC(85) User=0.12s Sys=0.00s Real=0.02s
[4.141s][info][gc,start       ] GC(86) Pause Young (Allocation Failure)
[4.191s][info][gc,heap        ] GC(86) PSYoungGen: 64032K(74752K)->57856K(70144K) Eden: 19968K(19968K)->0K(12288K) From: 44064K(54784K)->57856K(57856K)
[4.191s][info][gc,heap        ] GC(86) ParOldGen: 680864K(716288K)->687024K(716288K)
[4.191s][info][gc,metaspace   ] GC(86) Metaspace: 6302K(6464K)->6302K(6464K) NonClass: 5769K(5824K)->5769K(5824K) Class: 533K(640K)->533K(640K)
[4.191s][info][gc             ] GC(86) Pause Young (Allocation Failure) 727M->727M(768M) 49.637ms
[4.191s][info][gc,cpu         ] GC(86) User=0.22s Sys=0.03s Real=0.05s
[4.205s][info][gc,start       ] GC(87) Pause Young (Allocation Failure)
[4.240s][info][gc,heap        ] GC(87) PSYoungGen: 70144K(70144K)->50752K(79872K) Eden: 12288K(12288K)->0K(12288K) From: 57856K(57856K)->50752K(67584K)
[4.241s][info][gc,heap        ] GC(87) ParOldGen: 687024K(716288K)->706760K(716288K)
[4.241s][info][gc,metaspace   ] GC(87) Metaspace: 6302K(6464K)->6302K(6464K) NonClass: 5769K(5824K)->5769K(5824K) Class: 533K(640K)->533K(640K)
[4.241s][info][gc             ] GC(87) Pause Young (Allocation Failure) 739M->739M(777M) 35.217ms
[4.241s][info][gc,cpu         ] GC(87) User=0.20s Sys=0.00s Real=0.04s
[4.241s][info][gc,start       ] GC(88) Pause Full (Ergonomics)
[4.241s][info][gc,phases,start] GC(88) Marking Phase
[4.403s][info][gc,phases      ] GC(88) Marking Phase 162.579ms
[4.403s][info][gc,phases,start] GC(88) Summary Phase
[4.403s][info][gc,phases      ] GC(88) Summary Phase 0.038ms
[4.403s][info][gc,phases,start] GC(88) Adjust Roots
[4.404s][info][gc,phases      ] GC(88) Adjust Roots 0.329ms
[4.404s][info][gc,phases,start] GC(88) Compaction Phase
[4.530s][info][gc,phases      ] GC(88) Compaction Phase 126.596ms
[4.530s][info][gc,phases,start] GC(88) Post Compact
[4.532s][info][gc,phases      ] GC(88) Post Compact 1.743ms
[4.532s][info][gc,heap        ] GC(88) PSYoungGen: 50752K(79872K)->24466K(79872K) Eden: 0K(12288K)->0K(12288K) From: 50752K(67584K)->24466K(67584K)
[4.533s][info][gc,heap        ] GC(88) ParOldGen: 706760K(716288K)->715948K(795136K)
[4.533s][info][gc,metaspace   ] GC(88) Metaspace: 6302K(6464K)->6302K(6464K) NonClass: 5769K(5824K)->5769K(5824K) Class: 533K(640K)->533K(640K)
[4.533s][info][gc             ] GC(88) Pause Full (Ergonomics) 739M->723M(854M) 291.940ms
[4.533s][info][gc,cpu         ] GC(88) User=2.05s Sys=0.00s Real=0.29s
[4.546s][info][gc,start       ] GC(89) Pause Young (Allocation Failure)
[4.590s][info][gc,heap        ] GC(89) PSYoungGen: 36754K(79872K)->28512K(79360K) Eden: 12288K(12288K)->0K(13824K) From: 24466K(67584K)->28512K(65536K)
[4.590s][info][gc,heap        ] GC(89) ParOldGen: 715948K(795136K)->724468K(795136K)
[4.590s][info][gc,metaspace   ] GC(89) Metaspace: 6302K(6464K)->6302K(6464K) NonClass: 5769K(5824K)->5769K(5824K) Class: 533K(640K)->533K(640K)
[4.590s][info][gc             ] GC(89) Pause Young (Allocation Failure) 735M->735M(854M) 44.426ms
[4.590s][info][gc,cpu         ] GC(89) User=0.27s Sys=0.00s Real=0.04s
[4.608s][info][gc,start       ] GC(90) Pause Young (Allocation Failure)
[4.630s][info][gc,heap        ] GC(90) PSYoungGen: 42336K(79360K)->42400K(81920K) Eden: 13824K(13824K)->0K(13824K) From: 28512K(65536K)->42400K(68096K)
[4.630s][info][gc,heap        ] GC(90) ParOldGen: 724468K(795136K)->724468K(795136K)
[4.630s][info][gc,metaspace   ] GC(90) Metaspace: 6302K(6464K)->6302K(6464K) NonClass: 5769K(5824K)->5769K(5824K) Class: 533K(640K)->533K(640K)
[4.630s][info][gc             ] GC(90) Pause Young (Allocation Failure) 748M->748M(856M) 22.751ms
[4.630s][info][gc,cpu         ] GC(90) User=0.12s Sys=0.00s Real=0.02s
[4.645s][info][gc,start       ] GC(91) Pause Young (Allocation Failure)
[4.672s][info][gc,heap        ] GC(91) PSYoungGen: 56224K(81920K)->56224K(78336K) Eden: 13824K(13824K)->0K(10752K) From: 42400K(68096K)->56224K(67584K)
[4.672s][info][gc,heap        ] GC(91) ParOldGen: 724468K(795136K)->724468K(795136K)
[4.672s][info][gc,metaspace   ] GC(91) Metaspace: 6302K(6464K)->6302K(6464K) NonClass: 5769K(5824K)->5769K(5824K) Class: 533K(640K)->533K(640K)
[4.672s][info][gc             ] GC(91) Pause Young (Allocation Failure) 762M->762M(853M) 26.871ms
[4.672s][info][gc,cpu         ] GC(91) User=0.14s Sys=0.00s Real=0.03s
[4.683s][info][gc,start       ] GC(92) Pause Young (Allocation Failure)
[4.714s][info][gc,heap        ] GC(92) PSYoungGen: 66976K(78336K)->58304K(82944K) Eden: 10752K(10752K)->0K(10752K) From: 56224K(67584K)->58304K(72192K)
[4.714s][info][gc,heap        ] GC(92) ParOldGen: 724468K(795136K)->733156K(795136K)
[4.714s][info][gc,metaspace   ] GC(92) Metaspace: 6302K(6464K)->6302K(6464K) NonClass: 5769K(5824K)->5769K(5824K) Class: 533K(640K)->533K(640K)
[4.714s][info][gc             ] GC(92) Pause Young (Allocation Failure) 772M->772M(857M) 30.559ms
[4.714s][info][gc,cpu         ] GC(92) User=0.14s Sys=0.00s Real=0.03s
[4.725s][info][gc,start       ] GC(93) Pause Young (Allocation Failure)
[4.757s][info][gc,heap        ] GC(93) PSYoungGen: 69056K(82944K)->49216K(88576K) Eden: 10752K(10752K)->0K(12288K) From: 58304K(72192K)->49216K(76288K)
[4.757s][info][gc,heap        ] GC(93) ParOldGen: 733156K(795136K)->753252K(795136K)
[4.757s][info][gc,metaspace   ] GC(93) Metaspace: 6302K(6464K)->6302K(6464K) NonClass: 5769K(5824K)->5769K(5824K) Class: 533K(640K)->533K(640K)
[4.757s][info][gc             ] GC(93) Pause Young (Allocation Failure) 783M->783M(863M) 32.308ms
[4.757s][info][gc,cpu         ] GC(93) User=0.14s Sys=0.02s Real=0.03s
[4.770s][info][gc,start       ] GC(94) Pause Young (Allocation Failure)
[4.799s][info][gc,heap        ] GC(94) PSYoungGen: 61504K(88576K)->33952K(46592K) Eden: 12288K(12288K)->0K(12288K) From: 49216K(76288K)->33952K(34304K)
[4.799s][info][gc,heap        ] GC(94) ParOldGen: 753252K(795136K)->781236K(795136K)
[4.799s][info][gc,metaspace   ] GC(94) Metaspace: 6302K(6464K)->6302K(6464K) NonClass: 5769K(5824K)->5769K(5824K) Class: 533K(640K)->533K(640K)
[4.799s][info][gc             ] GC(94) Pause Young (Allocation Failure) 795M->796M(822M) 29.827ms
[4.799s][info][gc,cpu         ] GC(94) User=0.11s Sys=0.03s Real=0.03s
[4.799s][info][gc,start       ] GC(95) Pause Full (Ergonomics)
[4.799s][info][gc,phases,start] GC(95) Marking Phase
[4.977s][info][gc,phases      ] GC(95) Marking Phase 177.600ms
[4.977s][info][gc,phases,start] GC(95) Summary Phase
[4.977s][info][gc,phases      ] GC(95) Summary Phase 0.028ms
[4.977s][info][gc,phases,start] GC(95) Adjust Roots
[4.977s][info][gc,phases      ] GC(95) Adjust Roots 0.202ms
[4.977s][info][gc,phases,start] GC(95) Compaction Phase
[5.061s][info][gc,phases      ] GC(95) Compaction Phase 83.819ms
[5.061s][info][gc,phases,start] GC(95) Post Compact
[5.063s][info][gc,phases      ] GC(95) Post Compact 1.554ms
[5.063s][info][gc,heap        ] GC(95) PSYoungGen: 33952K(46592K)->18885K(46592K) Eden: 0K(12288K)->0K(12288K) From: 33952K(34304K)->18885K(34304K)
[5.063s][info][gc,heap        ] GC(95) ParOldGen: 781236K(795136K)->795077K(884224K)
[5.063s][info][gc,metaspace   ] GC(95) Metaspace: 6302K(6464K)->6302K(6464K) NonClass: 5769K(5824K)->5769K(5824K) Class: 533K(640K)->533K(640K)
[5.063s][info][gc             ] GC(95) Pause Full (Ergonomics) 796M->794M(909M) 263.831ms
[5.063s][info][gc,cpu         ] GC(95) User=1.83s Sys=0.02s Real=0.26s
[5.077s][info][gc,start       ] GC(96) Pause Young (Allocation Failure)
[5.123s][info][gc,heap        ] GC(96) PSYoungGen: 31173K(46592K)->18912K(87552K) Eden: 12288K(12288K)->0K(13824K) From: 18885K(34304K)->18912K(73728K)
[5.123s][info][gc,heap        ] GC(96) ParOldGen: 795077K(884224K)->807637K(884224K)
[5.123s][info][gc,metaspace   ] GC(96) Metaspace: 6302K(6464K)->6302K(6464K) NonClass: 5769K(5824K)->5769K(5824K) Class: 533K(640K)->533K(640K)
[5.123s][info][gc             ] GC(96) Pause Young (Allocation Failure) 806M->807M(949M) 46.457ms
[5.123s][info][gc,cpu         ] GC(96) User=0.27s Sys=0.00s Real=0.05s
[5.138s][info][gc,start       ] GC(97) Pause Young (Allocation Failure)
[5.156s][info][gc,heap        ] GC(97) PSYoungGen: 32736K(87552K)->26240K(88064K) Eden: 13824K(13824K)->0K(13824K) From: 18912K(73728K)->26240K(74240K)
[5.156s][info][gc,heap        ] GC(97) ParOldGen: 807637K(884224K)->814261K(884224K)
[5.156s][info][gc,metaspace   ] GC(97) Metaspace: 6302K(6464K)->6302K(6464K) NonClass: 5769K(5824K)->5769K(5824K) Class: 533K(640K)->533K(640K)
[5.156s][info][gc             ] GC(97) Pause Young (Allocation Failure) 820M->820M(949M) 18.324ms
[5.156s][info][gc,cpu         ] GC(97) User=0.03s Sys=0.00s Real=0.02s
[5.171s][info][gc,start       ] GC(98) Pause Young (Allocation Failure)
[5.193s][info][gc,heap        ] GC(98) PSYoungGen: 40064K(88064K)->27840K(84480K) Eden: 13824K(13824K)->0K(15872K) From: 26240K(74240K)->27840K(68608K)
[5.193s][info][gc,heap        ] GC(98) ParOldGen: 814261K(884224K)->826717K(884224K)
[5.193s][info][gc,metaspace   ] GC(98) Metaspace: 6302K(6464K)->6302K(6464K) NonClass: 5769K(5824K)->5769K(5824K) Class: 533K(640K)->533K(640K)
[5.193s][info][gc             ] GC(98) Pause Young (Allocation Failure) 834M->834M(946M) 21.738ms
[5.193s][info][gc,cpu         ] GC(98) User=0.11s Sys=0.02s Real=0.02s
[5.210s][info][gc,start       ] GC(99) Pause Young (Allocation Failure)
[5.233s][info][gc,heap        ] GC(99) PSYoungGen: 43712K(84480K)->15968K(86528K) Eden: 15872K(15872K)->0K(15872K) From: 27840K(68608K)->15968K(70656K)
[5.233s][info][gc,heap        ] GC(99) ParOldGen: 826717K(884224K)->854717K(884224K)
[5.233s][info][gc,metaspace   ] GC(99) Metaspace: 6302K(6464K)->6302K(6464K) NonClass: 5769K(5824K)->5769K(5824K) Class: 533K(640K)->533K(640K)
[5.233s][info][gc             ] GC(99) Pause Young (Allocation Failure) 850M->850M(948M) 23.530ms
[5.233s][info][gc,cpu         ] GC(99) User=0.12s Sys=0.02s Real=0.02s
[5.233s][info][gc,start       ] GC(100) Pause Full (Ergonomics)
[5.233s][info][gc,phases,start] GC(100) Marking Phase
[5.423s][info][gc,phases      ] GC(100) Marking Phase 189.442ms
[5.423s][info][gc,phases,start] GC(100) Summary Phase
[5.423s][info][gc,phases      ] GC(100) Summary Phase 0.029ms
[5.423s][info][gc,phases,start] GC(100) Adjust Roots
[5.423s][info][gc,phases      ] GC(100) Adjust Roots 0.167ms
[5.423s][info][gc,phases,start] GC(100) Compaction Phase
[5.503s][info][gc,phases      ] GC(100) Compaction Phase 79.659ms
[5.503s][info][gc,phases,start] GC(100) Post Compact
[5.504s][info][gc,phases      ] GC(100) Post Compact 1.498ms
[5.504s][info][gc,heap        ] GC(100) PSYoungGen: 15968K(86528K)->0K(88064K) Eden: 0K(15872K)->0K(17920K) From: 15968K(70656K)->0K(70144K)
[5.504s][info][gc,heap        ] GC(100) ParOldGen: 854717K(884224K)->869653K(966144K)
[5.504s][info][gc,metaspace   ] GC(100) Metaspace: 6302K(6464K)->6302K(6464K) NonClass: 5769K(5824K)->5769K(5824K) Class: 533K(640K)->533K(640K)
[5.504s][info][gc             ] GC(100) Pause Full (Ergonomics) 850M->849M(1029M) 271.372ms
[5.505s][info][gc,cpu         ] GC(100) User=1.78s Sys=0.02s Real=0.27s
[5.527s][info][gc,start       ] GC(101) Pause Young (Allocation Failure)
[5.543s][info][gc,heap        ] GC(101) PSYoungGen: 17920K(88064K)->18048K(88064K) Eden: 17920K(17920K)->0K(17920K) From: 0K(70144K)->18048K(70144K)
[5.543s][info][gc,heap        ] GC(101) ParOldGen: 869653K(966144K)->869653K(966144K)
[5.543s][info][gc,metaspace   ] GC(101) Metaspace: 6302K(6464K)->6302K(6464K) NonClass: 5769K(5824K)->5769K(5824K) Class: 533K(640K)->533K(640K)
[5.543s][info][gc             ] GC(101) Pause Young (Allocation Failure) 866M->866M(1029M) 15.283ms
[5.543s][info][gc,cpu         ] GC(101) User=0.02s Sys=0.00s Real=0.02s
[5.562s][info][gc,start       ] GC(102) Pause Young (Allocation Failure)
[5.582s][info][gc,heap        ] GC(102) PSYoungGen: 35968K(88064K)->36000K(84992K) Eden: 17920K(17920K)->0K(19968K) From: 18048K(70144K)->36000K(65024K)
[5.582s][info][gc,heap        ] GC(102) ParOldGen: 869653K(966144K)->869653K(966144K)
[5.582s][info][gc,metaspace   ] GC(102) Metaspace: 6302K(6464K)->6302K(6464K) NonClass: 5769K(5824K)->5769K(5824K) Class: 533K(640K)->533K(640K)
[5.582s][info][gc             ] GC(102) Pause Young (Allocation Failure) 884M->884M(1026M) 20.066ms
[5.582s][info][gc,cpu         ] GC(102) User=0.12s Sys=0.00s Real=0.02s
[5.604s][info][gc,start       ] GC(103) Pause Young (Allocation Failure)
[5.632s][info][gc,heap        ] GC(103) PSYoungGen: 55968K(84992K)->55936K(87040K) Eden: 19968K(19968K)->0K(19968K) From: 36000K(65024K)->55936K(67072K)
[5.632s][info][gc,heap        ] GC(103) ParOldGen: 869653K(966144K)->869653K(966144K)
[5.632s][info][gc,metaspace   ] GC(103) Metaspace: 6302K(6464K)->6302K(6464K) NonClass: 5769K(5824K)->5769K(5824K) Class: 533K(640K)->533K(640K)
[5.632s][info][gc             ] GC(103) Pause Young (Allocation Failure) 903M->903M(1028M) 27.732ms
[5.632s][info][gc,cpu         ] GC(103) User=0.12s Sys=0.00s Real=0.03s
[5.655s][info][gc,start       ] GC(104) Pause Young (Allocation Failure)
[5.692s][info][gc,heap        ] GC(104) PSYoungGen: 75904K(87040K)->72192K(82432K) Eden: 19968K(19968K)->0K(10240K) From: 55936K(67072K)->72192K(72192K)
[5.693s][info][gc,heap        ] GC(104) ParOldGen: 869653K(966144K)->873349K(966144K)
[5.693s][info][gc,metaspace   ] GC(104) Metaspace: 6302K(6464K)->6302K(6464K) NonClass: 5769K(5824K)->5769K(5824K) Class: 533K(640K)->533K(640K)
[5.693s][info][gc             ] GC(104) Pause Young (Allocation Failure) 923M->923M(1024M) 37.940ms
[5.693s][info][gc,cpu         ] GC(104) User=0.23s Sys=0.00s Real=0.04s
[5.704s][info][gc,start       ] GC(105) Pause Young (Allocation Failure)
[5.742s][info][gc,heap        ] GC(105) PSYoungGen: 82432K(82432K)->47968K(94208K) Eden: 10240K(10240K)->0K(10240K) From: 72192K(72192K)->47968K(83968K)
[5.742s][info][gc,heap        ] GC(105) ParOldGen: 873349K(966144K)->908349K(966144K)
[5.742s][info][gc,metaspace   ] GC(105) Metaspace: 6302K(6464K)->6302K(6464K) NonClass: 5769K(5824K)->5769K(5824K) Class: 533K(640K)->533K(640K)
[5.742s][info][gc             ] GC(105) Pause Young (Allocation Failure) 933M->933M(1035M) 38.335ms
[5.742s][info][gc,cpu         ] GC(105) User=0.20s Sys=0.06s Real=0.04s
[5.754s][info][gc,start       ] GC(106) Pause Young (Allocation Failure)
[5.783s][info][gc,heap        ] GC(106) PSYoungGen: 58208K(94208K)->20608K(92160K) Eden: 10240K(10240K)->0K(11776K) From: 47968K(83968K)->20608K(80384K)
[5.783s][info][gc,heap        ] GC(106) ParOldGen: 908349K(966144K)->946429K(966144K)
[5.783s][info][gc,metaspace   ] GC(106) Metaspace: 6302K(6464K)->6302K(6464K) NonClass: 5769K(5824K)->5769K(5824K) Class: 533K(640K)->533K(640K)
[5.783s][info][gc             ] GC(106) Pause Young (Allocation Failure) 943M->944M(1033M) 29.165ms
[5.783s][info][gc,cpu         ] GC(106) User=0.14s Sys=0.00s Real=0.03s
[5.783s][info][gc,start       ] GC(107) Pause Full (Ergonomics)
[5.783s][info][gc,phases,start] GC(107) Marking Phase
[5.984s][info][gc,phases      ] GC(107) Marking Phase 200.866ms
[5.984s][info][gc,phases,start] GC(107) Summary Phase
[5.984s][info][gc,phases      ] GC(107) Summary Phase 0.029ms
[5.984s][info][gc,phases,start] GC(107) Adjust Roots
[5.984s][info][gc,phases      ] GC(107) Adjust Roots 0.149ms
[5.984s][info][gc,phases,start] GC(107) Compaction Phase
[6.070s][info][gc,phases      ] GC(107) Compaction Phase 85.673ms
[6.070s][info][gc,phases,start] GC(107) Post Compact
[6.071s][info][gc,phases      ] GC(107) Post Compact 1.468ms
[6.072s][info][gc,heap        ] GC(107) PSYoungGen: 20608K(92160K)->0K(93184K) Eden: 0K(11776K)->0K(11776K) From: 20608K(80384K)->0K(81408K)
[6.072s][info][gc,heap        ] GC(107) ParOldGen: 946429K(966144K)->965717K(1080832K)
[6.072s][info][gc,metaspace   ] GC(107) Metaspace: 6302K(6464K)->6302K(6464K) NonClass: 5769K(5824K)->5769K(5824K) Class: 533K(640K)->533K(640K)
[6.072s][info][gc             ] GC(107) Pause Full (Ergonomics) 944M->943M(1146M) 288.883ms
[6.072s][info][gc,cpu         ] GC(107) User=2.02s Sys=0.03s Real=0.29s
[6.086s][info][gc,start       ] GC(108) Pause Young (Allocation Failure)
[6.100s][info][gc,heap        ] GC(108) PSYoungGen: 11776K(93184K)->11936K(94720K) Eden: 11776K(11776K)->0K(13312K) From: 0K(81408K)->11936K(81408K)
[6.100s][info][gc,heap        ] GC(108) ParOldGen: 965717K(1080832K)->965717K(1080832K)
[6.100s][info][gc,metaspace   ] GC(108) Metaspace: 6302K(6464K)->6302K(6464K) NonClass: 5769K(5824K)->5769K(5824K) Class: 533K(640K)->533K(640K)
[6.100s][info][gc             ] GC(108) Pause Young (Allocation Failure) 954M->954M(1148M) 13.109ms
[6.100s][info][gc,cpu         ] GC(108) User=0.00s Sys=0.00s Real=0.01s
[6.114s][info][gc,start       ] GC(109) Pause Young (Allocation Failure)
[6.132s][info][gc,heap        ] GC(109) PSYoungGen: 25248K(94720K)->25248K(38912K) Eden: 13312K(13312K)->0K(13312K) From: 11936K(81408K)->25248K(25600K)
[6.132s][info][gc,heap        ] GC(109) ParOldGen: 965717K(1080832K)->965717K(1080832K)
[6.132s][info][gc,metaspace   ] GC(109) Metaspace: 6302K(6464K)->6302K(6464K) NonClass: 5769K(5824K)->5769K(5824K) Class: 533K(640K)->533K(640K)
[6.132s][info][gc             ] GC(109) Pause Young (Allocation Failure) 967M->967M(1093M) 17.775ms
[6.132s][info][gc,cpu         ] GC(109) User=0.03s Sys=0.00s Real=0.02s
[6.147s][info][gc,start       ] GC(110) Pause Young (Allocation Failure)
[6.168s][info][gc,heap        ] GC(110) PSYoungGen: 38560K(38912K)->26720K(88576K) Eden: 13312K(13312K)->0K(15360K) From: 25248K(25600K)->26720K(73216K)
[6.168s][info][gc,heap        ] GC(110) ParOldGen: 965717K(1080832K)->977645K(1080832K)
[6.168s][info][gc,metaspace   ] GC(110) Metaspace: 6302K(6464K)->6302K(6464K) NonClass: 5769K(5824K)->5769K(5824K) Class: 533K(640K)->533K(640K)
[6.168s][info][gc             ] GC(110) Pause Young (Allocation Failure) 980M->980M(1142M) 20.710ms
[6.168s][info][gc,cpu         ] GC(110) User=0.09s Sys=0.05s Real=0.02s
[6.184s][info][gc,start       ] GC(111) Pause Young (Allocation Failure)
[6.207s][info][gc,heap        ] GC(111) PSYoungGen: 42080K(88576K)->28768K(44544K) Eden: 15360K(15360K)->0K(15360K) From: 26720K(73216K)->28768K(29184K)
[6.207s][info][gc,heap        ] GC(111) ParOldGen: 977645K(1080832K)->991141K(1080832K)
[6.207s][info][gc,metaspace   ] GC(111) Metaspace: 6302K(6464K)->6302K(6464K) NonClass: 5769K(5824K)->5769K(5824K) Class: 533K(640K)->533K(640K)
[6.207s][info][gc             ] GC(111) Pause Young (Allocation Failure) 995M->996M(1099M) 22.735ms
[6.207s][info][gc,cpu         ] GC(111) User=0.12s Sys=0.00s Real=0.02s
[6.224s][info][gc,start       ] GC(112) Pause Young (Allocation Failure)
[6.248s][info][gc,heap        ] GC(112) PSYoungGen: 44128K(44544K)->30880K(82432K) Eden: 15360K(15360K)->0K(17408K) From: 28768K(29184K)->30880K(65024K)
[6.248s][info][gc,heap        ] GC(112) ParOldGen: 991141K(1080832K)->1004637K(1080832K)
[6.248s][info][gc,metaspace   ] GC(112) Metaspace: 6302K(6464K)->6302K(6464K) NonClass: 5769K(5824K)->5769K(5824K) Class: 533K(640K)->533K(640K)
[6.248s][info][gc             ] GC(112) Pause Young (Allocation Failure) 1011M->1011M(1136M) 23.772ms
[6.248s][info][gc,cpu         ] GC(112) User=0.14s Sys=0.00s Real=0.02s
[6.268s][info][gc,start       ] GC(113) Pause Young (Allocation Failure)
[6.294s][info][gc,heap        ] GC(113) PSYoungGen: 48288K(82432K)->32896K(50688K) Eden: 17408K(17408K)->0K(17408K) From: 30880K(65024K)->32896K(33280K)
[6.294s][info][gc,heap        ] GC(113) ParOldGen: 1004637K(1080832K)->1020213K(1080832K)
[6.294s][info][gc,metaspace   ] GC(113) Metaspace: 6302K(6464K)->6302K(6464K) NonClass: 5769K(5824K)->5769K(5824K) Class: 533K(640K)->533K(640K)
[6.294s][info][gc             ] GC(113) Pause Young (Allocation Failure) 1028M->1028M(1105M) 26.028ms
[6.294s][info][gc,cpu         ] GC(113) User=0.14s Sys=0.00s Real=0.03s
[6.312s][info][gc,start       ] GC(114) Pause Young (Allocation Failure)
[6.340s][info][gc,heap        ] GC(114) PSYoungGen: 50304K(50688K)->34944K(80384K) Eden: 17408K(17408K)->0K(19456K) From: 32896K(33280K)->34944K(60928K)
[6.340s][info][gc,heap        ] GC(114) ParOldGen: 1020213K(1080832K)->1035781K(1080832K)
[6.340s][info][gc,metaspace   ] GC(114) Metaspace: 6302K(6464K)->6302K(6464K) NonClass: 5769K(5824K)->5769K(5824K) Class: 533K(640K)->533K(640K)
[6.340s][info][gc             ] GC(114) Pause Young (Allocation Failure) 1045M->1045M(1134M) 27.254ms
[6.340s][info][gc,cpu         ] GC(114) User=0.14s Sys=0.00s Real=0.03s
[6.363s][info][gc,start       ] GC(115) Pause Young (Allocation Failure)
[6.392s][info][gc,heap        ] GC(115) PSYoungGen: 54400K(80384K)->36992K(82432K) Eden: 19456K(19456K)->0K(19456K) From: 34944K(60928K)->36992K(62976K)
[6.392s][info][gc,heap        ] GC(115) ParOldGen: 1035781K(1080832K)->1053429K(1080832K)
[6.392s][info][gc,metaspace   ] GC(115) Metaspace: 6302K(6464K)->6302K(6464K) NonClass: 5769K(5824K)->5769K(5824K) Class: 533K(640K)->533K(640K)
[6.392s][info][gc             ] GC(115) Pause Young (Allocation Failure) 1064M->1064M(1136M) 29.051ms
[6.392s][info][gc,cpu         ] GC(115) User=0.14s Sys=0.00s Real=0.03s
[6.392s][info][gc,start       ] GC(116) Pause Full (Ergonomics)
[6.392s][info][gc,phases,start] GC(116) Marking Phase
[6.630s][info][gc,phases      ] GC(116) Marking Phase 237.452ms
[6.630s][info][gc,phases,start] GC(116) Summary Phase
[6.630s][info][gc,phases      ] GC(116) Summary Phase 0.024ms
[6.630s][info][gc,phases,start] GC(116) Adjust Roots
[6.630s][info][gc,phases      ] GC(116) Adjust Roots 0.150ms
[6.630s][info][gc,phases,start] GC(116) Compaction Phase
[6.724s][info][gc,phases      ] GC(116) Compaction Phase 93.761ms
[6.724s][info][gc,phases,start] GC(116) Post Compact
[6.726s][info][gc,phases      ] GC(116) Post Compact 1.992ms
[6.726s][info][gc,heap        ] GC(116) PSYoungGen: 36992K(82432K)->8186K(82432K) Eden: 0K(19456K)->0K(19456K) From: 36992K(62976K)->8186K(62976K)
[6.726s][info][gc,heap        ] GC(116) ParOldGen: 1053429K(1080832K)->1080670K(1192960K)
[6.727s][info][gc,metaspace   ] GC(116) Metaspace: 6302K(6464K)->6302K(6464K) NonClass: 5769K(5824K)->5769K(5824K) Class: 533K(640K)->533K(640K)
[6.727s][info][gc             ] GC(116) Pause Full (Ergonomics) 1064M->1063M(1245M) 334.163ms
[6.727s][info][gc,cpu         ] GC(116) User=2.47s Sys=0.02s Real=0.34s
[6.751s][info][gc,start       ] GC(117) Pause Young (Allocation Failure)
[6.810s][info][gc,heap        ] GC(117) PSYoungGen: 27642K(82432K)->24768K(79360K) Eden: 19456K(19456K)->0K(21504K) From: 8186K(62976K)->24768K(57856K)
[6.810s][info][gc,heap        ] GC(117) ParOldGen: 1080670K(1192960K)->1083734K(1192960K)
[6.810s][info][gc,metaspace   ] GC(117) Metaspace: 6302K(6464K)->6302K(6464K) NonClass: 5769K(5824K)->5769K(5824K) Class: 533K(640K)->533K(640K)
[6.810s][info][gc             ] GC(117) Pause Young (Allocation Failure) 1082M->1082M(1242M) 59.494ms
[6.810s][info][gc,cpu         ] GC(117) User=0.39s Sys=0.00s Real=0.06s
[6.833s][info][gc,start       ] GC(118) Pause Young (Allocation Failure)
[6.859s][info][gc,heap        ] GC(118) PSYoungGen: 46272K(79360K)->46336K(81408K) Eden: 21504K(21504K)->0K(21504K) From: 24768K(57856K)->46336K(59904K)
[6.859s][info][gc,heap        ] GC(118) ParOldGen: 1083734K(1192960K)->1083734K(1192960K)
[6.859s][info][gc,metaspace   ] GC(118) Metaspace: 6302K(6464K)->6302K(6464K) NonClass: 5769K(5824K)->5769K(5824K) Class: 533K(640K)->533K(640K)
[6.859s][info][gc             ] GC(118) Pause Young (Allocation Failure) 1103M->1103M(1244M) 26.236ms
[6.860s][info][gc,cpu         ] GC(118) User=0.14s Sys=0.00s Real=0.03s
[6.883s][info][gc,start       ] GC(119) Pause Young (Allocation Failure)
[6.917s][info][gc,heap        ] GC(119) PSYoungGen: 67840K(81408K)->62464K(76800K) Eden: 21504K(21504K)->0K(14336K) From: 46336K(59904K)->62464K(62464K)
[6.917s][info][gc,heap        ] GC(119) ParOldGen: 1083734K(1192960K)->1089078K(1192960K)
[6.917s][info][gc,metaspace   ] GC(119) Metaspace: 6302K(6464K)->6302K(6464K) NonClass: 5769K(5824K)->5769K(5824K) Class: 533K(640K)->533K(640K)
[6.917s][info][gc             ] GC(119) Pause Young (Allocation Failure) 1124M->1124M(1240M) 34.741ms
[6.917s][info][gc,cpu         ] GC(119) User=0.14s Sys=0.02s Real=0.03s
[6.935s][info][gc,start       ] GC(120) Pause Young (Allocation Failure)
[6.972s][info][gc,heap        ] GC(120) PSYoungGen: 76800K(76800K)->55488K(86528K) Eden: 14336K(14336K)->0K(14336K) From: 62464K(62464K)->55488K(72192K)
[6.972s][info][gc,heap        ] GC(120) ParOldGen: 1089078K(1192960K)->1110790K(1192960K)
[6.973s][info][gc,metaspace   ] GC(120) Metaspace: 6302K(6464K)->6302K(6464K) NonClass: 5769K(5824K)->5769K(5824K) Class: 533K(640K)->533K(640K)
[6.973s][info][gc             ] GC(120) Pause Young (Allocation Failure) 1138M->1138M(1249M) 37.881ms
[6.973s][info][gc,cpu         ] GC(120) User=0.25s Sys=0.00s Real=0.04s
[6.989s][info][gc,start       ] GC(121) Pause Young (Allocation Failure)
[7.023s][info][gc,heap        ] GC(121) PSYoungGen: 69824K(86528K)->48992K(91648K) Eden: 14336K(14336K)->0K(16384K) From: 55488K(72192K)->48992K(75264K)
[7.023s][info][gc,heap        ] GC(121) ParOldGen: 1110790K(1192960K)->1131918K(1192960K)
[7.023s][info][gc,metaspace   ] GC(121) Metaspace: 6302K(6464K)->6302K(6464K) NonClass: 5769K(5824K)->5769K(5824K) Class: 533K(640K)->533K(640K)
[7.023s][info][gc             ] GC(121) Pause Young (Allocation Failure) 1152M->1153M(1254M) 34.592ms
[7.023s][info][gc,cpu         ] GC(121) User=0.20s Sys=0.05s Real=0.04s
[7.042s][info][gc,start       ] GC(122) Pause Young (Allocation Failure)
[7.077s][info][gc,heap        ] GC(122) PSYoungGen: 65376K(91648K)->30816K(91648K) Eden: 16384K(16384K)->0K(16384K) From: 48992K(75264K)->30816K(75264K)
[7.077s][info][gc,heap        ] GC(122) ParOldGen: 1131918K(1192960K)->1166902K(1192960K)
[7.077s][info][gc,metaspace   ] GC(122) Metaspace: 6302K(6464K)->6302K(6464K) NonClass: 5769K(5824K)->5769K(5824K) Class: 533K(640K)->533K(640K)
[7.077s][info][gc             ] GC(122) Pause Young (Allocation Failure) 1169M->1169M(1254M) 34.871ms
[7.077s][info][gc,cpu         ] GC(122) User=0.12s Sys=0.03s Real=0.03s
[7.077s][info][gc,start       ] GC(123) Pause Full (Ergonomics)
[7.077s][info][gc,phases,start] GC(123) Marking Phase
[7.338s][info][gc,phases      ] GC(123) Marking Phase 261.095ms
[7.338s][info][gc,phases,start] GC(123) Summary Phase
[7.338s][info][gc,phases      ] GC(123) Summary Phase 0.026ms
[7.339s][info][gc,phases,start] GC(123) Adjust Roots
[7.339s][info][gc,phases      ] GC(123) Adjust Roots 0.151ms
[7.339s][info][gc,phases,start] GC(123) Compaction Phase
[7.441s][info][gc,phases      ] GC(123) Compaction Phase 102.317ms
[7.441s][info][gc,phases,start] GC(123) Post Compact
[7.443s][info][gc,phases      ] GC(123) Post Compact 1.923ms
[7.443s][info][gc,heap        ] GC(123) PSYoungGen: 30816K(91648K)->3582K(91648K) Eden: 0K(16384K)->0K(16384K) From: 30816K(75264K)->3582K(75264K)
[7.444s][info][gc,heap        ] GC(123) ParOldGen: 1166902K(1192960K)->1192616K(1320960K)
[7.444s][info][gc,metaspace   ] GC(123) Metaspace: 6302K(6464K)->6302K(6464K) NonClass: 5769K(5824K)->5769K(5824K) Class: 533K(640K)->533K(640K)
[7.444s][info][gc             ] GC(123) Pause Full (Ergonomics) 1169M->1168M(1379M) 366.243ms
[7.444s][info][gc,cpu         ] GC(123) User=2.59s Sys=0.05s Real=0.37s
[7.465s][info][gc,start       ] GC(124) Pause Young (Allocation Failure)
[7.526s][info][gc,heap        ] GC(124) PSYoungGen: 19966K(91648K)->16512K(91648K) Eden: 16384K(16384K)->0K(18432K) From: 3582K(75264K)->16512K(73216K)
[7.526s][info][gc,heap        ] GC(124) ParOldGen: 1192616K(1320960K)->1196272K(1320960K)
[7.526s][info][gc,metaspace   ] GC(124) Metaspace: 6302K(6464K)->6302K(6464K) NonClass: 5769K(5824K)->5769K(5824K) Class: 533K(640K)->533K(640K)
[7.526s][info][gc             ] GC(124) Pause Young (Allocation Failure) 1184M->1184M(1379M) 61.592ms
[7.526s][info][gc,cpu         ] GC(124) User=0.39s Sys=0.00s Real=0.06s
[7.548s][info][gc,start       ] GC(125) Pause Young (Allocation Failure)
[7.570s][info][gc,heap        ] GC(125) PSYoungGen: 34944K(91648K)->18528K(92160K) Eden: 18432K(18432K)->0K(18432K) From: 16512K(73216K)->18528K(73728K)
[7.570s][info][gc,heap        ] GC(125) ParOldGen: 1196272K(1320960K)->1212888K(1320960K)
[7.570s][info][gc,metaspace   ] GC(125) Metaspace: 6302K(6464K)->6302K(6464K) NonClass: 5769K(5824K)->5769K(5824K) Class: 533K(640K)->533K(640K)
[7.570s][info][gc             ] GC(125) Pause Young (Allocation Failure) 1202M->1202M(1380M) 22.171ms
[7.571s][info][gc,cpu         ] GC(125) User=0.12s Sys=0.00s Real=0.02s
[7.592s][info][gc,start       ] GC(126) Pause Young (Allocation Failure)
[7.616s][info][gc,heap        ] GC(126) PSYoungGen: 36960K(92160K)->18528K(91648K) Eden: 18432K(18432K)->0K(20480K) From: 18528K(73728K)->18528K(71168K)
[7.616s][info][gc,heap        ] GC(126) ParOldGen: 1212888K(1320960K)->1231576K(1320960K)
[7.616s][info][gc,metaspace   ] GC(126) Metaspace: 6302K(6464K)->6302K(6464K) NonClass: 5769K(5824K)->5769K(5824K) Class: 533K(640K)->533K(640K)
[7.616s][info][gc             ] GC(126) Pause Young (Allocation Failure) 1220M->1220M(1379M) 23.335ms
[7.616s][info][gc,cpu         ] GC(126) User=0.12s Sys=0.00s Real=0.02s
[7.641s][info][gc,start       ] GC(127) Pause Young (Allocation Failure)
[7.665s][info][gc,heap        ] GC(127) PSYoungGen: 39008K(91648K)->20640K(92672K) Eden: 20480K(20480K)->0K(20480K) From: 18528K(71168K)->20640K(72192K)
[7.665s][info][gc,heap        ] GC(127) ParOldGen: 1231576K(1320960K)->1250264K(1320960K)
[7.665s][info][gc,metaspace   ] GC(127) Metaspace: 6302K(6464K)->6302K(6464K) NonClass: 5769K(5824K)->5769K(5824K) Class: 533K(640K)->533K(640K)
[7.665s][info][gc             ] GC(127) Pause Young (Allocation Failure) 1240M->1241M(1380M) 24.026ms
[7.665s][info][gc,cpu         ] GC(127) User=0.11s Sys=0.02s Real=0.02s
[7.689s][info][gc,start       ] GC(128) Pause Young (Allocation Failure)
[7.714s][info][gc,heap        ] GC(128) PSYoungGen: 41120K(92672K)->20608K(89088K) Eden: 20480K(20480K)->0K(22528K) From: 20640K(72192K)->20608K(66560K)
[7.714s][info][gc,heap        ] GC(128) ParOldGen: 1250264K(1320960K)->1271032K(1320960K)
[7.714s][info][gc,metaspace   ] GC(128) Metaspace: 6302K(6464K)->6302K(6464K) NonClass: 5769K(5824K)->5769K(5824K) Class: 533K(640K)->533K(640K)
[7.714s][info][gc             ] GC(128) Pause Young (Allocation Failure) 1261M->1261M(1377M) 25.124ms
[7.714s][info][gc,cpu         ] GC(128) User=0.12s Sys=0.00s Real=0.03s
[7.739s][info][gc,start       ] GC(129) Pause Young (Allocation Failure)
[7.763s][info][gc,heap        ] GC(129) PSYoungGen: 43136K(89088K)->17088K(91136K) Eden: 22528K(22528K)->0K(22528K) From: 20608K(66560K)->17088K(68608K)
[7.763s][info][gc,heap        ] GC(129) ParOldGen: 1271032K(1320960K)->1291800K(1320960K)
[7.763s][info][gc,metaspace   ] GC(129) Metaspace: 6302K(6464K)->6302K(6464K) NonClass: 5769K(5824K)->5769K(5824K) Class: 533K(640K)->533K(640K)
[7.763s][info][gc             ] GC(129) Pause Young (Allocation Failure) 1283M->1278M(1379M) 24.453ms
[7.763s][info][gc,cpu         ] GC(129) User=0.14s Sys=0.00s Real=0.03s
[7.763s][info][gc,start       ] GC(130) Pause Full (Ergonomics)
[7.763s][info][gc,phases,start] GC(130) Marking Phase
[8.051s][info][gc,phases      ] GC(130) Marking Phase 287.966ms
[8.051s][info][gc,phases,start] GC(130) Summary Phase
[8.051s][info][gc,phases      ] GC(130) Summary Phase 0.045ms
[8.051s][info][gc,phases,start] GC(130) Adjust Roots
[8.052s][info][gc,phases      ] GC(130) Adjust Roots 0.167ms
[8.052s][info][gc,phases,start] GC(130) Compaction Phase
[8.155s][info][gc,phases      ] GC(130) Compaction Phase 103.159ms
[8.155s][info][gc,phases,start] GC(130) Post Compact
[8.157s][info][gc,phases      ] GC(130) Post Compact 2.066ms
[8.157s][info][gc,heap        ] GC(130) PSYoungGen: 17088K(91136K)->0K(92672K) Eden: 0K(22528K)->0K(25088K) From: 17088K(68608K)->0K(67584K)
[8.157s][info][gc,heap        ] GC(130) ParOldGen: 1291800K(1320960K)->1307159K(1442304K)
[8.157s][info][gc,metaspace   ] GC(130) Metaspace: 6302K(6464K)->6302K(6464K) NonClass: 5769K(5824K)->5769K(5824K) Class: 533K(640K)->533K(640K)
[8.157s][info][gc             ] GC(130) Pause Full (Ergonomics) 1278M->1276M(1499M) 394.122ms
[8.157s][info][gc,cpu         ] GC(130) User=2.89s Sys=0.00s Real=0.39s
[8.177s][info][gc,start       ] GC(131) Pause Young (Allocation Failure)
[8.190s][info][gc,heap        ] GC(131) PSYoungGen: 25088K(92672K)->13152K(92672K) Eden: 25088K(25088K)->0K(25088K) From: 0K(67584K)->13152K(67584K)
[8.190s][info][gc,heap        ] GC(131) ParOldGen: 1307159K(1442304K)->1307159K(1442304K)
[8.191s][info][gc,metaspace   ] GC(131) Metaspace: 6302K(6464K)->6302K(6464K) NonClass: 5769K(5824K)->5769K(5824K) Class: 533K(640K)->533K(640K)
[8.191s][info][gc             ] GC(131) Pause Young (Allocation Failure) 1301M->1289M(1499M) 13.804ms
[8.191s][info][gc,cpu         ] GC(131) User=0.02s Sys=0.00s Real=0.01s
[8.222s][info][gc,start       ] GC(132) Pause Young (Allocation Failure)
[8.245s][info][gc,heap        ] GC(132) PSYoungGen: 38240K(92672K)->37600K(93184K) Eden: 25088K(25088K)->0K(27648K) From: 13152K(67584K)->37600K(65536K)
[8.245s][info][gc,heap        ] GC(132) ParOldGen: 1307159K(1442304K)->1307159K(1442304K)
[8.245s][info][gc,metaspace   ] GC(132) Metaspace: 6302K(6464K)->6302K(6464K) NonClass: 5769K(5824K)->5769K(5824K) Class: 533K(640K)->533K(640K)
[8.245s][info][gc             ] GC(132) Pause Young (Allocation Failure) 1313M->1313M(1499M) 22.858ms
[8.245s][info][gc,cpu         ] GC(132) User=0.14s Sys=0.00s Real=0.02s
[8.281s][info][gc,start       ] GC(133) Pause Young (Allocation Failure)
[8.315s][info][gc,heap        ] GC(133) PSYoungGen: 65248K(93184K)->65280K(93696K) Eden: 27648K(27648K)->0K(27648K) From: 37600K(65536K)->65280K(66048K)
[8.315s][info][gc,heap        ] GC(133) ParOldGen: 1307159K(1442304K)->1307159K(1442304K)
[8.315s][info][gc,metaspace   ] GC(133) Metaspace: 6302K(6464K)->6302K(6464K) NonClass: 5769K(5824K)->5769K(5824K) Class: 533K(640K)->533K(640K)
[8.315s][info][gc             ] GC(133) Pause Young (Allocation Failure) 1340M->1340M(1500M) 34.805ms
[8.315s][info][gc,cpu         ] GC(133) User=0.16s Sys=0.00s Real=0.03s
[8.352s][info][gc,start       ] GC(134) Pause Young (Allocation Failure)
[8.402s][info][gc,heap        ] GC(134) PSYoungGen: 92928K(93696K)->75776K(87552K) Eden: 27648K(27648K)->0K(11776K) From: 65280K(66048K)->75776K(75776K)
[8.402s][info][gc,heap        ] GC(134) ParOldGen: 1307159K(1442304K)->1324391K(1442304K)
[8.402s][info][gc,metaspace   ] GC(134) Metaspace: 6302K(6464K)->6302K(6464K) NonClass: 5769K(5824K)->5769K(5824K) Class: 533K(640K)->533K(640K)
[8.402s][info][gc             ] GC(134) Pause Young (Allocation Failure) 1367M->1367M(1494M) 50.218ms
[8.402s][info][gc,cpu         ] GC(134) User=0.25s Sys=0.00s Real=0.05s
[8.677s][info][gc,start       ] GC(135) Pause Young (Allocation Failure)
[8.755s][info][gc,heap        ] GC(135) PSYoungGen: 87552K(87552K)->57088K(105984K) Eden: 11776K(11776K)->0K(11776K) From: 75776K(75776K)->57088K(94208K)
[8.755s][info][gc,heap        ] GC(135) ParOldGen: 1389927K(1442304K)->1420943K(1442304K)
[8.755s][info][gc,metaspace   ] GC(135) Metaspace: 6302K(6464K)->6302K(6464K) NonClass: 5769K(5824K)->5769K(5824K) Class: 533K(640K)->533K(640K)
[8.755s][info][gc             ] GC(135) Pause Young (Allocation Failure) 1442M->1443M(1512M) 77.764ms
[8.755s][info][gc,cpu         ] GC(135) User=0.41s Sys=0.05s Real=0.08s
[8.755s][info][gc,start       ] GC(136) Pause Full (Ergonomics)
[8.755s][info][gc,phases,start] GC(136) Marking Phase
[9.085s][info][gc,phases      ] GC(136) Marking Phase 330.015ms
[9.085s][info][gc,phases,start] GC(136) Summary Phase
[9.085s][info][gc,phases      ] GC(136) Summary Phase 0.042ms
[9.086s][info][gc,phases,start] GC(136) Adjust Roots
[9.086s][info][gc,phases      ] GC(136) Adjust Roots 0.336ms
[9.086s][info][gc,phases,start] GC(136) Compaction Phase
[9.416s][info][gc,phases      ] GC(136) Compaction Phase 330.495ms
[9.416s][info][gc,phases,start] GC(136) Post Compact
[9.420s][info][gc,phases      ] GC(136) Post Compact 3.062ms
[9.420s][info][gc,heap        ] GC(136) PSYoungGen: 57088K(105984K)->2148K(105984K) Eden: 0K(11776K)->0K(11776K) From: 57088K(94208K)->2148K(94208K)
[9.420s][info][gc,heap        ] GC(136) ParOldGen: 1420943K(1442304K)->1442138K(1589760K)
[9.420s][info][gc,metaspace   ] GC(136) Metaspace: 6302K(6464K)->6302K(6464K) NonClass: 5769K(5824K)->5769K(5824K) Class: 533K(640K)->533K(640K)
[9.420s][info][gc             ] GC(136) Pause Full (Ergonomics) 1443M->1410M(1656M) 664.857ms
[9.420s][info][gc,cpu         ] GC(136) User=4.56s Sys=0.02s Real=0.67s
[9.435s][info][gc,start       ] GC(137) Pause Young (Allocation Failure)
[9.507s][info][gc,heap        ] GC(137) PSYoungGen: 13924K(105984K)->14080K(105472K) Eden: 11776K(11776K)->0K(12800K) From: 2148K(94208K)->14080K(92672K)
[9.507s][info][gc,heap        ] GC(137) ParOldGen: 1442138K(1589760K)->1442138K(1589760K)
[9.507s][info][gc,metaspace   ] GC(137) Metaspace: 6302K(6464K)->6302K(6464K) NonClass: 5769K(5824K)->5769K(5824K) Class: 533K(640K)->533K(640K)
[9.507s][info][gc             ] GC(137) Pause Young (Allocation Failure) 1421M->1422M(1655M) 72.018ms
[9.507s][info][gc,cpu         ] GC(137) User=0.39s Sys=0.00s Real=0.07s
[9.520s][info][gc,start       ] GC(138) Pause Young (Allocation Failure)
[9.545s][info][gc,heap        ] GC(138) PSYoungGen: 26880K(105472K)->26848K(39936K) Eden: 12800K(12800K)->0K(12800K) From: 14080K(92672K)->26848K(27136K)
[9.545s][info][gc,heap        ] GC(138) ParOldGen: 1442138K(1589760K)->1442138K(1589760K)
[9.545s][info][gc,metaspace   ] GC(138) Metaspace: 6302K(6464K)->6302K(6464K) NonClass: 5769K(5824K)->5769K(5824K) Class: 533K(640K)->533K(640K)
[9.545s][info][gc             ] GC(138) Pause Young (Allocation Failure) 1434M->1434M(1591M) 25.295ms
[9.546s][info][gc,cpu         ] GC(138) User=0.03s Sys=0.00s Real=0.03s
[9.558s][info][gc,start       ] GC(139) Pause Young (Allocation Failure)
[9.585s][info][gc,heap        ] GC(139) PSYoungGen: 39648K(39936K)->39616K(96768K) Eden: 12800K(12800K)->0K(14336K) From: 26848K(27136K)->39616K(82432K)
[9.585s][info][gc,heap        ] GC(139) ParOldGen: 1442138K(1589760K)->1442138K(1589760K)
[9.585s][info][gc,metaspace   ] GC(139) Metaspace: 6302K(6464K)->6302K(6464K) NonClass: 5769K(5824K)->5769K(5824K) Class: 533K(640K)->533K(640K)
[9.585s][info][gc             ] GC(139) Pause Young (Allocation Failure) 1447M->1447M(1647M) 26.942ms
[9.585s][info][gc,cpu         ] GC(139) User=0.02s Sys=0.00s Real=0.03s
[9.598s][info][gc,start       ] GC(140) Pause Young (Allocation Failure)
[9.630s][info][gc,heap        ] GC(140) PSYoungGen: 53952K(96768K)->53984K(100864K) Eden: 14336K(14336K)->0K(14336K) From: 39616K(82432K)->53984K(86528K)
[9.630s][info][gc,heap        ] GC(140) ParOldGen: 1442138K(1589760K)->1442138K(1589760K)
[9.630s][info][gc,metaspace   ] GC(140) Metaspace: 6302K(6464K)->6302K(6464K) NonClass: 5769K(5824K)->5769K(5824K) Class: 533K(640K)->533K(640K)
[9.630s][info][gc             ] GC(140) Pause Young (Allocation Failure) 1461M->1461M(1651M) 32.046ms
[9.630s][info][gc,cpu         ] GC(140) User=0.05s Sys=0.00s Real=0.03s
[9.643s][info][gc,start       ] GC(141) Pause Young (Allocation Failure)
[9.679s][info][gc,heap        ] GC(141) PSYoungGen: 68320K(100864K)->67200K(98304K) Eden: 14336K(14336K)->0K(10752K) From: 53984K(86528K)->67200K(87552K)
[9.679s][info][gc,heap        ] GC(141) ParOldGen: 1442138K(1589760K)->1443282K(1589760K)
[9.679s][info][gc,metaspace   ] GC(141) Metaspace: 6302K(6464K)->6302K(6464K) NonClass: 5769K(5824K)->5769K(5824K) Class: 533K(640K)->533K(640K)
[9.679s][info][gc             ] GC(141) Pause Young (Allocation Failure) 1475M->1475M(1648M) 35.770ms
[9.679s][info][gc,cpu         ] GC(141) User=0.08s Sys=0.00s Real=0.04s
[9.689s][info][gc,start       ] GC(142) Pause Young (Allocation Failure)
[9.728s][info][gc,heap        ] GC(142) PSYoungGen: 77952K(98304K)->76896K(103936K) Eden: 10752K(10752K)->0K(10752K) From: 67200K(87552K)->76896K(93184K)
[9.728s][info][gc,heap        ] GC(142) ParOldGen: 1443282K(1589760K)->1444378K(1589760K)
[9.728s][info][gc,metaspace   ] GC(142) Metaspace: 6302K(6464K)->6302K(6464K) NonClass: 5769K(5824K)->5769K(5824K) Class: 533K(640K)->533K(640K)
[9.728s][info][gc             ] GC(142) Pause Young (Allocation Failure) 1485M->1485M(1654M) 38.608ms
[9.728s][info][gc,cpu         ] GC(142) User=0.06s Sys=0.00s Real=0.04s
[9.738s][info][gc,start       ] GC(143) Pause Young (Allocation Failure)
[9.780s][info][gc,heap        ] GC(143) PSYoungGen: 87648K(103936K)->63136K(113152K) Eden: 10752K(10752K)->0K(11776K) From: 76896K(93184K)->63136K(101376K)
[9.780s][info][gc,heap        ] GC(143) ParOldGen: 1444378K(1589760K)->1469242K(1589760K)
[9.780s][info][gc,metaspace   ] GC(143) Metaspace: 6302K(6464K)->6302K(6464K) NonClass: 5769K(5824K)->5769K(5824K) Class: 533K(640K)->533K(640K)
[9.780s][info][gc             ] GC(143) Pause Young (Allocation Failure) 1496M->1496M(1663M) 41.766ms
[9.780s][info][gc,cpu         ] GC(143) User=0.27s Sys=0.00s Real=0.04s
[9.792s][info][gc,start       ] GC(144) Pause Young (Allocation Failure)
[9.829s][info][gc,heap        ] GC(144) PSYoungGen: 74912K(113152K)->47744K(59904K) Eden: 11776K(11776K)->0K(11776K) From: 63136K(101376K)->47744K(48128K)
[9.829s][info][gc,heap        ] GC(144) ParOldGen: 1469242K(1589760K)->1496698K(1589760K)
[9.829s][info][gc,metaspace   ] GC(144) Metaspace: 6302K(6464K)->6302K(6464K) NonClass: 5769K(5824K)->5769K(5824K) Class: 533K(640K)->533K(640K)
[9.829s][info][gc             ] GC(144) Pause Young (Allocation Failure) 1507M->1508M(1611M) 37.494ms
[9.829s][info][gc,cpu         ] GC(144) User=0.17s Sys=0.02s Real=0.04s
[9.842s][info][gc,start       ] GC(145) Pause Young (Allocation Failure)
[9.875s][info][gc,heap        ] GC(145) PSYoungGen: 59520K(59904K)->34400K(104960K) Eden: 11776K(11776K)->0K(13824K) From: 47744K(48128K)->34400K(91136K)
[9.875s][info][gc,heap        ] GC(145) ParOldGen: 1496698K(1589760K)->1522082K(1589760K)
[9.876s][info][gc,metaspace   ] GC(145) Metaspace: 6302K(6464K)->6302K(6464K) NonClass: 5769K(5824K)->5769K(5824K) Class: 533K(640K)->533K(640K)
[9.876s][info][gc             ] GC(145) Pause Young (Allocation Failure) 1519M->1520M(1655M) 33.908ms
[9.876s][info][gc,cpu         ] GC(145) User=0.03s Sys=0.00s Real=0.03s
[9.890s][info][gc,start       ] GC(146) Pause Young (Allocation Failure)
[9.920s][info][gc,heap        ] GC(146) PSYoungGen: 48224K(104960K)->25728K(108032K) Eden: 13824K(13824K)->0K(13824K) From: 34400K(91136K)->25728K(94208K)
[9.920s][info][gc,heap        ] GC(146) ParOldGen: 1522082K(1589760K)->1544874K(1589760K)
[9.920s][info][gc,metaspace   ] GC(146) Metaspace: 6302K(6464K)->6302K(6464K) NonClass: 5769K(5824K)->5769K(5824K) Class: 533K(640K)->533K(640K)
[9.920s][info][gc             ] GC(146) Pause Young (Allocation Failure) 1533M->1533M(1658M) 30.670ms
[9.920s][info][gc,cpu         ] GC(146) User=0.14s Sys=0.00s Real=0.03s
[9.935s][info][gc,start       ] GC(147) Pause Young (Allocation Failure)
[9.962s][info][gc,heap        ] GC(147) PSYoungGen: 39552K(108032K)->13920K(108544K) Eden: 13824K(13824K)->0K(15872K) From: 25728K(94208K)->13920K(92672K)
[9.962s][info][gc,heap        ] GC(147) ParOldGen: 1544874K(1589760K)->1570810K(1589760K)
[9.962s][info][gc,metaspace   ] GC(147) Metaspace: 6302K(6464K)->6302K(6464K) NonClass: 5769K(5824K)->5769K(5824K) Class: 533K(640K)->533K(640K)
[9.962s][info][gc             ] GC(147) Pause Young (Allocation Failure) 1547M->1547M(1658M) 27.229ms
[9.962s][info][gc,cpu         ] GC(147) User=0.03s Sys=0.00s Real=0.03s
[9.962s][info][gc,start       ] GC(148) Pause Full (Ergonomics)
[9.962s][info][gc,phases,start] GC(148) Marking Phase
[10.322s][info][gc,phases      ] GC(148) Marking Phase 359.339ms
[10.322s][info][gc,phases,start] GC(148) Summary Phase
[10.322s][info][gc,phases      ] GC(148) Summary Phase 0.051ms
[10.322s][info][gc,phases,start] GC(148) Adjust Roots
[10.322s][info][gc,phases      ] GC(148) Adjust Roots 0.209ms
[10.322s][info][gc,phases,start] GC(148) Compaction Phase
[10.505s][info][gc,phases      ] GC(148) Compaction Phase 183.446ms
[10.505s][info][gc,phases,start] GC(148) Post Compact
[10.509s][info][gc,phases      ] GC(148) Post Compact 3.396ms
[10.509s][info][gc,heap        ] GC(148) PSYoungGen: 13920K(108544K)->0K(109056K) Eden: 0K(15872K)->0K(15872K) From: 13920K(92672K)->0K(93184K)
[10.509s][info][gc,heap        ] GC(148) ParOldGen: 1570810K(1589760K)->1582706K(1748480K)
[10.509s][info][gc,metaspace   ] GC(148) Metaspace: 6302K(6464K)->6302K(6464K) NonClass: 5769K(5824K)->5769K(5824K) Class: 533K(640K)->533K(640K)
[10.510s][info][gc             ] GC(148) Pause Full (Ergonomics) 1547M->1545M(1814M) 547.316ms
[10.510s][info][gc,cpu         ] GC(148) User=3.20s Sys=0.02s Real=0.55s
[10.526s][info][gc,start       ] GC(149) Pause Young (Allocation Failure)
[10.549s][info][gc,heap        ] GC(149) PSYoungGen: 15872K(109056K)->15968K(108544K) Eden: 15872K(15872K)->0K(17920K) From: 0K(93184K)->15968K(90624K)
[10.549s][info][gc,heap        ] GC(149) ParOldGen: 1582706K(1748480K)->1582706K(1748480K)
[10.549s][info][gc,metaspace   ] GC(149) Metaspace: 6302K(6464K)->6302K(6464K) NonClass: 5769K(5824K)->5769K(5824K) Class: 533K(640K)->533K(640K)
[10.549s][info][gc             ] GC(149) Pause Young (Allocation Failure) 1561M->1561M(1813M) 23.751ms
[10.549s][info][gc,cpu         ] GC(149) User=0.02s Sys=0.00s Real=0.02s
[10.568s][info][gc,start       ] GC(150) Pause Young (Allocation Failure)
[10.596s][info][gc,heap        ] GC(150) PSYoungGen: 33888K(108544K)->18048K(110080K) Eden: 17920K(17920K)->0K(17920K) From: 15968K(90624K)->18048K(92160K)
[10.596s][info][gc,heap        ] GC(150) ParOldGen: 1582706K(1748480K)->1598826K(1748480K)
[10.596s][info][gc,metaspace   ] GC(150) Metaspace: 6302K(6464K)->6302K(6464K) NonClass: 5769K(5824K)->5769K(5824K) Class: 533K(640K)->533K(640K)
[10.596s][info][gc             ] GC(150) Pause Young (Allocation Failure) 1578M->1578M(1815M) 27.692ms
[10.596s][info][gc,cpu         ] GC(150) User=0.06s Sys=0.00s Real=0.03s
[10.613s][info][gc,start       ] GC(151) Pause Young (Allocation Failure)
[10.640s][info][gc,heap        ] GC(151) PSYoungGen: 35968K(110080K)->18048K(105984K) Eden: 17920K(17920K)->0K(19968K) From: 18048K(92160K)->18048K(86016K)
[10.640s][info][gc,heap        ] GC(151) ParOldGen: 1598826K(1748480K)->1616986K(1748480K)
[10.640s][info][gc,metaspace   ] GC(151) Metaspace: 6302K(6464K)->6302K(6464K) NonClass: 5769K(5824K)->5769K(5824K) Class: 533K(640K)->533K(640K)
[10.640s][info][gc             ] GC(151) Pause Young (Allocation Failure) 1596M->1596M(1811M) 27.502ms
[10.640s][info][gc,cpu         ] GC(151) User=0.05s Sys=0.00s Real=0.03s
[10.659s][info][gc,start       ] GC(152) Pause Young (Allocation Failure)
[10.689s][info][gc,heap        ] GC(152) PSYoungGen: 38016K(105984K)->20096K(40448K) Eden: 19968K(19968K)->0K(19968K) From: 18048K(86016K)->20096K(20480K)
[10.689s][info][gc,heap        ] GC(152) ParOldGen: 1616986K(1748480K)->1635170K(1748480K)
[10.689s][info][gc,metaspace   ] GC(152) Metaspace: 6302K(6464K)->6302K(6464K) NonClass: 5769K(5824K)->5769K(5824K) Class: 533K(640K)->533K(640K)
[10.689s][info][gc             ] GC(152) Pause Young (Allocation Failure) 1616M->1616M(1747M) 30.100ms
[10.689s][info][gc,cpu         ] GC(152) User=0.03s Sys=0.05s Real=0.03s
[10.711s][info][gc,start       ] GC(153) Pause Young (Allocation Failure)
[10.740s][info][gc,heap        ] GC(153) PSYoungGen: 40064K(40448K)->20128K(101376K) Eden: 19968K(19968K)->0K(22528K) From: 20096K(20480K)->20128K(78848K)
[10.740s][info][gc,heap        ] GC(153) ParOldGen: 1635170K(1748480K)->1655418K(1748480K)
[10.740s][info][gc,metaspace   ] GC(153) Metaspace: 6302K(6464K)->6302K(6464K) NonClass: 5769K(5824K)->5769K(5824K) Class: 533K(640K)->533K(640K)
[10.740s][info][gc             ] GC(153) Pause Young (Allocation Failure) 1635M->1636M(1806M) 29.291ms
[10.740s][info][gc,cpu         ] GC(153) User=0.03s Sys=0.00s Real=0.03s
[10.764s][info][gc,start       ] GC(154) Pause Young (Allocation Failure)
[10.794s][info][gc,heap        ] GC(154) PSYoungGen: 42656K(101376K)->22656K(45568K) Eden: 22528K(22528K)->0K(22528K) From: 20128K(78848K)->22656K(23040K)
[10.794s][info][gc,heap        ] GC(154) ParOldGen: 1655418K(1748480K)->1675674K(1748480K)
[10.794s][info][gc,metaspace   ] GC(154) Metaspace: 6302K(6464K)->6302K(6464K) NonClass: 5769K(5824K)->5769K(5824K) Class: 533K(640K)->533K(640K)
[10.794s][info][gc             ] GC(154) Pause Young (Allocation Failure) 1658M->1658M(1752M) 30.772ms
[10.794s][info][gc,cpu         ] GC(154) User=0.11s Sys=0.00s Real=0.03s
[10.817s][info][gc,start       ] GC(155) Pause Young (Allocation Failure)
[10.848s][info][gc,heap        ] GC(155) PSYoungGen: 45184K(45568K)->22688K(97792K) Eden: 22528K(22528K)->0K(25600K) From: 22656K(23040K)->22688K(72192K)
[10.848s][info][gc,heap        ] GC(155) ParOldGen: 1675674K(1748480K)->1698514K(1748480K)
[10.848s][info][gc,metaspace   ] GC(155) Metaspace: 6302K(6464K)->6302K(6464K) NonClass: 5769K(5824K)->5769K(5824K) Class: 533K(640K)->533K(640K)
[10.848s][info][gc             ] GC(155) Pause Young (Allocation Failure) 1680M->1680M(1803M) 31.556ms
[10.848s][info][gc,cpu         ] GC(155) User=0.05s Sys=0.00s Real=0.03s
[10.877s][info][gc,start       ] GC(156) Pause Young (Allocation Failure)
[10.909s][info][gc,heap        ] GC(156) PSYoungGen: 48288K(97792K)->25760K(51712K) Eden: 25600K(25600K)->0K(25600K) From: 22688K(72192K)->25760K(26112K)
[10.909s][info][gc,heap        ] GC(156) ParOldGen: 1698514K(1748480K)->1721354K(1748480K)
[10.909s][info][gc,metaspace   ] GC(156) Metaspace: 6302K(6464K)->6302K(6464K) NonClass: 5769K(5824K)->5769K(5824K) Class: 533K(640K)->533K(640K)
[10.909s][info][gc             ] GC(156) Pause Young (Allocation Failure) 1705M->1706M(1758M) 32.687ms
[10.909s][info][gc,cpu         ] GC(156) User=0.05s Sys=0.00s Real=0.03s
[10.909s][info][gc,start       ] GC(157) Pause Full (Ergonomics)
[10.909s][info][gc,phases,start] GC(157) Marking Phase
[11.335s][info][gc,phases      ] GC(157) Marking Phase 425.394ms
[11.335s][info][gc,phases,start] GC(157) Summary Phase
[11.335s][info][gc,phases      ] GC(157) Summary Phase 0.112ms
[11.335s][info][gc,phases,start] GC(157) Adjust Roots
[11.336s][info][gc,phases      ] GC(157) Adjust Roots 0.275ms
[11.336s][info][gc,phases,start] GC(157) Compaction Phase
[11.511s][info][gc,phases      ] GC(157) Compaction Phase 175.774ms
[11.511s][info][gc,phases,start] GC(157) Post Compact
[11.515s][info][gc,phases      ] GC(157) Post Compact 3.588ms
[11.516s][info][gc,heap        ] GC(157) PSYoungGen: 25760K(51712K)->0K(99840K) Eden: 0K(25600K)->0K(28672K) From: 25760K(26112K)->0K(71168K)
[11.516s][info][gc,heap        ] GC(157) ParOldGen: 1721354K(1748480K)->1744759K(1918464K)
[11.516s][info][gc,metaspace   ] GC(157) Metaspace: 6302K(6464K)->6302K(6464K) NonClass: 5769K(5824K)->5769K(5824K) Class: 533K(640K)->533K(640K)
[11.516s][info][gc             ] GC(157) Pause Full (Ergonomics) 1706M->1703M(1971M) 606.341ms
[11.516s][info][gc,cpu         ] GC(157) User=3.86s Sys=0.03s Real=0.61s
[11.549s][info][gc,start       ] GC(158) Pause Young (Allocation Failure)
[11.575s][info][gc,heap        ] GC(158) PSYoungGen: 28672K(99840K)->28864K(57856K) Eden: 28672K(28672K)->0K(28672K) From: 0K(71168K)->28864K(29184K)
[11.575s][info][gc,heap        ] GC(158) ParOldGen: 1744759K(1918464K)->1744759K(1918464K)
[11.575s][info][gc,metaspace   ] GC(158) Metaspace: 6302K(6464K)->6302K(6464K) NonClass: 5769K(5824K)->5769K(5824K) Class: 533K(640K)->533K(640K)
[11.575s][info][gc             ] GC(158) Pause Young (Allocation Failure) 1731M->1732M(1930M) 26.656ms
[11.575s][info][gc,cpu         ] GC(158) User=0.05s Sys=0.00s Real=0.03s
[11.607s][info][gc,start       ] GC(159) Pause Young (Allocation Failure)
[11.645s][info][gc,heap        ] GC(159) PSYoungGen: 57536K(57856K)->57536K(93184K) Eden: 28672K(28672K)->0K(25600K) From: 28864K(29184K)->57536K(67584K)
[11.645s][info][gc,heap        ] GC(159) ParOldGen: 1744759K(1918464K)->1744759K(1918464K)
[11.645s][info][gc,metaspace   ] GC(159) Metaspace: 6302K(6464K)->6302K(6464K) NonClass: 5769K(5824K)->5769K(5824K) Class: 533K(640K)->533K(640K)
[11.645s][info][gc             ] GC(159) Pause Young (Allocation Failure) 1760M->1760M(1964M) 38.250ms
[11.646s][info][gc,cpu         ] GC(159) User=0.11s Sys=0.00s Real=0.04s
[11.672s][info][gc,start       ] GC(160) Pause Young (Allocation Failure)
[11.717s][info][gc,heap        ] GC(160) PSYoungGen: 83136K(93184K)->73728K(99328K) Eden: 25600K(25600K)->0K(25600K) From: 57536K(67584K)->73728K(73728K)
[11.717s][info][gc,heap        ] GC(160) ParOldGen: 1744759K(1918464K)->1754191K(1918464K)
[11.717s][info][gc,metaspace   ] GC(160) Metaspace: 6302K(6464K)->6302K(6464K) NonClass: 5769K(5824K)->5769K(5824K) Class: 533K(640K)->533K(640K)
[11.717s][info][gc             ] GC(160) Pause Young (Allocation Failure) 1785M->1785M(1970M) 44.207ms
[11.717s][info][gc,cpu         ] GC(160) User=0.25s Sys=0.02s Real=0.04s
[11.743s][info][gc,start       ] GC(161) Pause Young (Allocation Failure)
[11.795s][info][gc,heap        ] GC(161) PSYoungGen: 99328K(99328K)->49248K(116736K) Eden: 25600K(25600K)->0K(28672K) From: 73728K(73728K)->49248K(88064K)
[11.795s][info][gc,heap        ] GC(161) ParOldGen: 1754191K(1918464K)->1805039K(1918464K)
[11.795s][info][gc,metaspace   ] GC(161) Metaspace: 6302K(6464K)->6302K(6464K) NonClass: 5769K(5824K)->5769K(5824K) Class: 533K(640K)->533K(640K)
[11.795s][info][gc             ] GC(161) Pause Young (Allocation Failure) 1810M->1810M(1987M) 52.332ms
[11.795s][info][gc,cpu         ] GC(161) User=0.34s Sys=0.02s Real=0.05s
[11.827s][info][gc,start       ] GC(162) Pause Young (Allocation Failure)
[11.870s][info][gc,heap        ] GC(162) PSYoungGen: 77920K(116736K)->54464K(116736K) Eden: 28672K(28672K)->0K(28672K) From: 49248K(88064K)->54464K(88064K)
[11.870s][info][gc,heap        ] GC(162) ParOldGen: 1805039K(1918464K)->1828855K(1918464K)
[11.870s][info][gc,metaspace   ] GC(162) Metaspace: 6302K(6464K)->6302K(6464K) NonClass: 5769K(5824K)->5769K(5824K) Class: 533K(640K)->533K(640K)
[11.870s][info][gc             ] GC(162) Pause Young (Allocation Failure) 1838M->1839M(1987M) 42.355ms
[11.870s][info][gc,cpu         ] GC(162) User=0.22s Sys=0.03s Real=0.04s
[11.904s][info][gc,start       ] GC(163) Pause Young (Allocation Failure)
[11.948s][info][gc,heap        ] GC(163) PSYoungGen: 83136K(116736K)->57536K(119808K) Eden: 28672K(28672K)->0K(30720K) From: 54464K(88064K)->57536K(89088K)
[11.948s][info][gc,heap        ] GC(163) ParOldGen: 1828855K(1918464K)->1854799K(1918464K)
[11.948s][info][gc,metaspace   ] GC(163) Metaspace: 6302K(6464K)->6302K(6464K) NonClass: 5769K(5824K)->5769K(5824K) Class: 533K(640K)->533K(640K)
[11.948s][info][gc             ] GC(163) Pause Young (Allocation Failure) 1867M->1867M(1990M) 43.818ms
[11.948s][info][gc,cpu         ] GC(163) User=0.22s Sys=0.05s Real=0.04s
[11.984s][info][gc,start       ] GC(164) Pause Young (Allocation Failure)
[12.029s][info][gc,heap        ] GC(164) PSYoungGen: 88256K(119808K)->59584K(121344K) Eden: 30720K(30720K)->0K(30720K) From: 57536K(89088K)->59584K(90624K)
[12.029s][info][gc,heap        ] GC(164) ParOldGen: 1854799K(1918464K)->1883863K(1918464K)
[12.029s][info][gc,metaspace   ] GC(164) Metaspace: 6302K(6464K)->6302K(6464K) NonClass: 5769K(5824K)->5769K(5824K) Class: 533K(640K)->533K(640K)
[12.029s][info][gc             ] GC(164) Pause Young (Allocation Failure) 1897M->1897M(1992M) 45.573ms
[12.029s][info][gc,cpu         ] GC(164) User=0.27s Sys=0.00s Real=0.04s
[12.029s][info][gc,start       ] GC(165) Pause Full (Ergonomics)
[12.029s][info][gc,phases,start] GC(165) Marking Phase
[12.460s][info][gc,phases      ] GC(165) Marking Phase 431.311ms
[12.461s][info][gc,phases,start] GC(165) Summary Phase
[12.461s][info][gc,phases      ] GC(165) Summary Phase 0.037ms
[12.461s][info][gc,phases,start] GC(165) Adjust Roots
[12.461s][info][gc,phases      ] GC(165) Adjust Roots 0.157ms
[12.461s][info][gc,phases,start] GC(165) Compaction Phase
[12.647s][info][gc,phases      ] GC(165) Compaction Phase 185.905ms
[12.647s][info][gc,phases,start] GC(165) Post Compact
[12.651s][info][gc,phases      ] GC(165) Post Compact 3.769ms
[12.652s][info][gc,heap        ] GC(165) PSYoungGen: 59584K(121344K)->23045K(121344K) Eden: 0K(30720K)->0K(30720K) From: 59584K(90624K)->23045K(90624K)
[12.652s][info][gc,heap        ] GC(165) ParOldGen: 1883863K(1918464K)->1918099K(2115072K)
[12.652s][info][gc,metaspace   ] GC(165) Metaspace: 6302K(6464K)->6302K(6464K) NonClass: 5769K(5824K)->5769K(5824K) Class: 533K(640K)->533K(640K)
[12.652s][info][gc             ] GC(165) Pause Full (Ergonomics) 1897M->1895M(2184M) 622.559ms
[12.652s][info][gc,cpu         ] GC(165) User=4.38s Sys=0.00s Real=0.62s
[12.686s][info][gc,start       ] GC(166) Pause Young (Allocation Failure)
[12.792s][info][gc,heap        ] GC(166) PSYoungGen: 53765K(121344K)->43104K(116224K) Eden: 30720K(30720K)->0K(33792K) From: 23045K(90624K)->43104K(82432K)
[12.792s][info][gc,heap        ] GC(166) ParOldGen: 1918099K(2115072K)->1929131K(2115072K)
[12.792s][info][gc,metaspace   ] GC(166) Metaspace: 6302K(6464K)->6302K(6464K) NonClass: 5769K(5824K)->5769K(5824K) Class: 533K(640K)->533K(640K)
[12.792s][info][gc             ] GC(166) Pause Young (Allocation Failure) 1925M->1926M(2179M) 105.809ms
[12.792s][info][gc,cpu         ] GC(166) User=0.62s Sys=0.03s Real=0.11s
[12.832s][info][gc,start       ] GC(167) Pause Young (Allocation Failure)
[12.875s][info][gc,heap        ] GC(167) PSYoungGen: 76896K(116224K)->76896K(121344K) Eden: 33792K(33792K)->0K(33792K) From: 43104K(82432K)->76896K(87552K)
[12.875s][info][gc,heap        ] GC(167) ParOldGen: 1929131K(2115072K)->1929131K(2115072K)
[12.875s][info][gc,metaspace   ] GC(167) Metaspace: 6302K(6464K)->6302K(6464K) NonClass: 5769K(5824K)->5769K(5824K) Class: 533K(640K)->533K(640K)
[12.875s][info][gc             ] GC(167) Pause Young (Allocation Failure) 1959M->1959M(2184M) 43.068ms
[12.875s][info][gc,cpu         ] GC(167) User=0.27s Sys=0.00s Real=0.04s
[12.917s][info][gc,start       ] GC(168) Pause Young (Allocation Failure)
[12.977s][info][gc,heap        ] GC(168) PSYoungGen: 110688K(121344K)->95232K(113664K) Eden: 33792K(33792K)->0K(18432K) From: 76896K(87552K)->95232K(95232K)
[12.977s][info][gc,heap        ] GC(168) ParOldGen: 1929131K(2115072K)->1944715K(2115072K)
[12.977s][info][gc,metaspace   ] GC(168) Metaspace: 6302K(6464K)->6302K(6464K) NonClass: 5769K(5824K)->5769K(5824K) Class: 533K(640K)->533K(640K)
[12.977s][info][gc             ] GC(168) Pause Young (Allocation Failure) 1992M->1992M(2176M) 59.852ms
[12.977s][info][gc,cpu         ] GC(168) User=0.31s Sys=0.06s Real=0.06s
[12.996s][info][gc,start       ] GC(169) Pause Young (Allocation Failure)
[13.054s][info][gc,heap        ] GC(169) PSYoungGen: 113664K(113664K)->79488K(132608K) Eden: 18432K(18432K)->0K(18432K) From: 95232K(95232K)->79488K(114176K)
[13.054s][info][gc,heap        ] GC(169) ParOldGen: 1944715K(2115072K)->1979467K(2115072K)
[13.054s][info][gc,metaspace   ] GC(169) Metaspace: 6302K(6464K)->6302K(6464K) NonClass: 5769K(5824K)->5769K(5824K) Class: 533K(640K)->533K(640K)
[13.054s][info][gc             ] GC(169) Pause Young (Allocation Failure) 2010M->2010M(2195M) 58.390ms
[13.054s][info][gc,cpu         ] GC(169) User=0.38s Sys=0.00s Real=0.06s
[13.073s][info][gc,start       ] GC(170) Pause Young (Allocation Failure)
[13.124s][info][gc,heap        ] GC(170) PSYoungGen: 97920K(132608K)->66720K(134656K) Eden: 18432K(18432K)->0K(20992K) From: 79488K(114176K)->66720K(113664K)
[13.124s][info][gc,heap        ] GC(170) ParOldGen: 1979467K(2115072K)->2011067K(2115072K)
[13.124s][info][gc,metaspace   ] GC(170) Metaspace: 6302K(6464K)->6302K(6464K) NonClass: 5769K(5824K)->5769K(5824K) Class: 533K(640K)->533K(640K)
[13.124s][info][gc             ] GC(170) Pause Young (Allocation Failure) 2028M->2029M(2197M) 50.779ms
[13.124s][info][gc,cpu         ] GC(170) User=0.28s Sys=0.02s Real=0.05s
[13.146s][info][gc,start       ] GC(171) Pause Young (Allocation Failure)
[13.193s][info][gc,heap        ] GC(171) PSYoungGen: 87712K(134656K)->39584K(136704K) Eden: 20992K(20992K)->0K(20992K) From: 66720K(113664K)->39584K(115712K)
[13.193s][info][gc,heap        ] GC(171) ParOldGen: 2011067K(2115072K)->2059835K(2115072K)
[13.193s][info][gc,metaspace   ] GC(171) Metaspace: 6302K(6464K)->6302K(6464K) NonClass: 5769K(5824K)->5769K(5824K) Class: 533K(640K)->533K(640K)
[13.193s][info][gc             ] GC(171) Pause Young (Allocation Failure) 2049M->2050M(2199M) 47.244ms
[13.193s][info][gc,cpu         ] GC(171) User=0.25s Sys=0.02s Real=0.05s
[13.193s][info][gc,start       ] GC(172) Pause Full (Ergonomics)
[13.193s][info][gc,phases,start] GC(172) Marking Phase
[13.652s][info][gc,phases      ] GC(172) Marking Phase 458.766ms
[13.652s][info][gc,phases,start] GC(172) Summary Phase
[13.652s][info][gc,phases      ] GC(172) Summary Phase 0.045ms
[13.652s][info][gc,phases,start] GC(172) Adjust Roots
[13.652s][info][gc,phases      ] GC(172) Adjust Roots 0.158ms
[13.652s][info][gc,phases,start] GC(172) Compaction Phase
[13.827s][info][gc,phases      ] GC(172) Compaction Phase 174.730ms
[13.827s][info][gc,phases,start] GC(172) Post Compact
[13.831s][info][gc,phases      ] GC(172) Post Compact 3.833ms
[13.832s][info][gc,heap        ] GC(172) PSYoungGen: 39584K(136704K)->0K(136704K) Eden: 0K(20992K)->0K(24064K) From: 39584K(115712K)->0K(112640K)
[13.832s][info][gc,heap        ] GC(172) ParOldGen: 2059835K(2115072K)->2097105K(2319360K)
[13.832s][info][gc,metaspace   ] GC(172) Metaspace: 6302K(6464K)->6302K(6464K) NonClass: 5769K(5824K)->5769K(5824K) Class: 533K(640K)->533K(640K)
[13.832s][info][gc             ] GC(172) Pause Full (Ergonomics) 2050M->2047M(2398M) 638.551ms
[13.832s][info][gc,cpu         ] GC(172) User=4.75s Sys=0.02s Real=0.64s
[13.858s][info][gc,start       ] GC(173) Pause Young (Allocation Failure)
[13.882s][info][gc,heap        ] GC(173) PSYoungGen: 24064K(136704K)->24192K(136704K) Eden: 24064K(24064K)->0K(24064K) From: 0K(112640K)->24192K(112640K)
[13.882s][info][gc,heap        ] GC(173) ParOldGen: 2097105K(2319360K)->2097105K(2319360K)
[13.882s][info][gc,metaspace   ] GC(173) Metaspace: 6302K(6464K)->6302K(6464K) NonClass: 5769K(5824K)->5769K(5824K) Class: 533K(640K)->533K(640K)
[13.882s][info][gc             ] GC(173) Pause Young (Allocation Failure) 2071M->2071M(2398M) 24.552ms
[13.883s][info][gc,cpu         ] GC(173) User=0.02s Sys=0.00s Real=0.02s
[13.907s][info][gc,start       ] GC(174) Pause Young (Allocation Failure)
[13.939s][info][gc,heap        ] GC(174) PSYoungGen: 48256K(136704K)->48288K(128512K) Eden: 24064K(24064K)->0K(26624K) From: 24192K(112640K)->48288K(101888K)
[13.940s][info][gc,heap        ] GC(174) ParOldGen: 2097105K(2319360K)->2097105K(2319360K)
[13.940s][info][gc,metaspace   ] GC(174) Metaspace: 6302K(6464K)->6302K(6464K) NonClass: 5769K(5824K)->5769K(5824K) Class: 533K(640K)->533K(640K)
[13.940s][info][gc             ] GC(174) Pause Young (Allocation Failure) 2095M->2095M(2390M) 32.691ms
[13.940s][info][gc,cpu         ] GC(174) User=0.14s Sys=0.00s Real=0.03s
[13.967s][info][gc,start       ] GC(175) Pause Young (Allocation Failure)
[14.007s][info][gc,heap        ] GC(175) PSYoungGen: 74912K(128512K)->50880K(77824K) Eden: 26624K(26624K)->0K(26624K) From: 48288K(101888K)->50880K(51200K)
[14.007s][info][gc,heap        ] GC(175) ParOldGen: 2097105K(2319360K)->2121505K(2319360K)
[14.007s][info][gc,metaspace   ] GC(175) Metaspace: 6302K(6464K)->6302K(6464K) NonClass: 5769K(5824K)->5769K(5824K) Class: 533K(640K)->533K(640K)
[14.007s][info][gc             ] GC(175) Pause Young (Allocation Failure) 2121M->2121M(2341M) 39.936ms
[14.007s][info][gc,cpu         ] GC(175) User=0.22s Sys=0.03s Real=0.04s
[14.038s][info][gc,start       ] GC(176) Pause Young (Allocation Failure)
[14.080s][info][gc,heap        ] GC(176) PSYoungGen: 77504K(77824K)->53472K(122368K) Eden: 26624K(26624K)->0K(29696K) From: 50880K(51200K)->53472K(92672K)
[14.080s][info][gc,heap        ] GC(176) ParOldGen: 2121505K(2319360K)->2145905K(2319360K)
[14.080s][info][gc,metaspace   ] GC(176) Metaspace: 6302K(6464K)->6302K(6464K) NonClass: 5769K(5824K)->5769K(5824K) Class: 533K(640K)->533K(640K)
[14.080s][info][gc             ] GC(176) Pause Young (Allocation Failure) 2147M->2147M(2384M) 41.907ms
[14.080s][info][gc,cpu         ] GC(176) User=0.31s Sys=0.00s Real=0.04s
[14.117s][info][gc,start       ] GC(177) Pause Young (Allocation Failure)
[14.162s][info][gc,heap        ] GC(177) PSYoungGen: 83168K(122368K)->56512K(126976K) Eden: 29696K(29696K)->0K(29696K) From: 53472K(92672K)->56512K(97280K)
[14.162s][info][gc,heap        ] GC(177) ParOldGen: 2145905K(2319360K)->2172905K(2319360K)
[14.162s][info][gc,metaspace   ] GC(177) Metaspace: 6302K(6464K)->6302K(6464K) NonClass: 5769K(5824K)->5769K(5824K) Class: 533K(640K)->533K(640K)
[14.162s][info][gc             ] GC(177) Pause Young (Allocation Failure) 2176M->2177M(2389M) 45.247ms
[14.162s][info][gc,cpu         ] GC(177) User=0.25s Sys=0.00s Real=0.04s
[14.199s][info][gc,start       ] GC(178) Pause Young (Allocation Failure)
[14.246s][info][gc,heap        ] GC(178) PSYoungGen: 86208K(126976K)->59520K(124928K) Eden: 29696K(29696K)->0K(33280K) From: 56512K(97280K)->59520K(91648K)
[14.246s][info][gc,heap        ] GC(178) ParOldGen: 2172905K(2319360K)->2199897K(2319360K)
[14.246s][info][gc,metaspace   ] GC(178) Metaspace: 6302K(6464K)->6302K(6464K) NonClass: 5769K(5824K)->5769K(5824K) Class: 533K(640K)->533K(640K)
[14.246s][info][gc             ] GC(178) Pause Young (Allocation Failure) 2206M->2206M(2387M) 47.020ms
[14.246s][info][gc,cpu         ] GC(178) User=0.23s Sys=0.03s Real=0.05s
[14.285s][info][gc,start       ] GC(179) Pause Young (Allocation Failure)
[14.334s][info][gc,heap        ] GC(179) PSYoungGen: 92800K(124928K)->63168K(126464K) Eden: 33280K(33280K)->0K(33280K) From: 59520K(91648K)->63168K(93184K)
[14.334s][info][gc,heap        ] GC(179) ParOldGen: 2199897K(2319360K)->2230025K(2319360K)
[14.334s][info][gc,metaspace   ] GC(179) Metaspace: 6302K(6464K)->6302K(6464K) NonClass: 5769K(5824K)->5769K(5824K) Class: 533K(640K)->533K(640K)
[14.334s][info][gc             ] GC(179) Pause Young (Allocation Failure) 2238M->2239M(2388M) 49.033ms
[14.334s][info][gc,cpu         ] GC(179) User=0.28s Sys=0.00s Real=0.05s
[14.373s][info][gc,start       ] GC(180) Pause Young (Allocation Failure)
[14.423s][info][gc,heap        ] GC(180) PSYoungGen: 96448K(126464K)->66752K(129024K) Eden: 33280K(33280K)->0K(36352K) From: 63168K(93184K)->66752K(92672K)
[14.423s][info][gc,heap        ] GC(180) ParOldGen: 2230025K(2319360K)->2260121K(2319360K)
[14.423s][info][gc,metaspace   ] GC(180) Metaspace: 6302K(6464K)->6302K(6464K) NonClass: 5769K(5824K)->5769K(5824K) Class: 533K(640K)->533K(640K)
[14.423s][info][gc             ] GC(180) Pause Young (Allocation Failure) 2271M->2272M(2391M) 50.035ms
[14.423s][info][gc,cpu         ] GC(180) User=0.25s Sys=0.03s Real=0.05s
[14.463s][info][gc,start       ] GC(181) Pause Young (Allocation Failure)
[14.517s][info][gc,heap        ] GC(181) PSYoungGen: 103104K(129024K)->69856K(130048K) Eden: 36352K(36352K)->0K(36352K) From: 66752K(92672K)->69856K(93696K)
[14.517s][info][gc,heap        ] GC(181) ParOldGen: 2260121K(2319360K)->2293705K(2319360K)
[14.517s][info][gc,metaspace   ] GC(181) Metaspace: 6302K(6464K)->6302K(6464K) NonClass: 5769K(5824K)->5769K(5824K) Class: 533K(640K)->533K(640K)
[14.517s][info][gc             ] GC(181) Pause Young (Allocation Failure) 2307M->2308M(2392M) 54.204ms
[14.517s][info][gc,cpu         ] GC(181) User=0.34s Sys=0.03s Real=0.06s
[14.517s][info][gc,start       ] GC(182) Pause Full (Ergonomics)
[14.517s][info][gc,phases,start] GC(182) Marking Phase
[15.035s][info][gc,phases      ] GC(182) Marking Phase 517.153ms
[15.035s][info][gc,phases,start] GC(182) Summary Phase
[15.035s][info][gc,phases      ] GC(182) Summary Phase 0.056ms
[15.035s][info][gc,phases,start] GC(182) Adjust Roots
[15.035s][info][gc,phases      ] GC(182) Adjust Roots 0.247ms
[15.035s][info][gc,phases,start] GC(182) Compaction Phase
[15.243s][info][gc,phases      ] GC(182) Compaction Phase 208.053ms
[15.243s][info][gc,phases,start] GC(182) Post Compact
[15.248s][info][gc,phases      ] GC(182) Post Compact 4.508ms
[15.249s][info][gc,heap        ] GC(182) PSYoungGen: 69856K(130048K)->41460K(130048K) Eden: 0K(36352K)->0K(36352K) From: 69856K(93696K)->41460K(93696K)
[15.249s][info][gc,heap        ] GC(182) ParOldGen: 2293705K(2319360K)->2319055K(2554368K)
[15.249s][info][gc,metaspace   ] GC(182) Metaspace: 6302K(6464K)->6302K(6464K) NonClass: 5769K(5824K)->5769K(5824K) Class: 533K(640K)->533K(640K)
[15.249s][info][gc             ] GC(182) Pause Full (Ergonomics) 2308M->2305M(2621M) 731.193ms
[15.249s][info][gc,cpu         ] GC(182) User=5.52s Sys=0.06s Real=0.73s
[15.290s][info][gc,start       ] GC(183) Pause Young (Allocation Failure)
[15.430s][info][gc,heap        ] GC(183) PSYoungGen: 77812K(130048K)->57728K(126976K) Eden: 36352K(36352K)->0K(39936K) From: 41460K(93696K)->57728K(87040K)
[15.431s][info][gc,heap        ] GC(183) ParOldGen: 2319055K(2554368K)->2339575K(2554368K)
[15.431s][info][gc,metaspace   ] GC(183) Metaspace: 6302K(6464K)->6302K(6464K) NonClass: 5769K(5824K)->5769K(5824K) Class: 533K(640K)->533K(640K)
[15.431s][info][gc             ] GC(183) Pause Young (Allocation Failure) 2340M->2341M(2618M) 140.725ms
[15.431s][info][gc,cpu         ] GC(183) User=0.81s Sys=0.08s Real=0.14s
[15.479s][info][gc,start       ] GC(184) Pause Young (Allocation Failure)
[15.534s][info][gc,heap        ] GC(184) PSYoungGen: 97664K(126976K)->91648K(131584K) Eden: 39936K(39936K)->0K(39936K) From: 57728K(87040K)->91648K(91648K)
[15.534s][info][gc,heap        ] GC(184) ParOldGen: 2339575K(2554368K)->2345599K(2554368K)
[15.534s][info][gc,metaspace   ] GC(184) Metaspace: 6302K(6464K)->6302K(6464K) NonClass: 5769K(5824K)->5769K(5824K) Class: 533K(640K)->533K(640K)
[15.534s][info][gc             ] GC(184) Pause Young (Allocation Failure) 2380M->2380M(2623M) 54.615ms
[15.534s][info][gc,cpu         ] GC(184) User=0.28s Sys=0.00s Real=0.05s
[15.581s][info][gc,start       ] GC(185) Pause Young (Allocation Failure)
[15.654s][info][gc,heap        ] GC(185) PSYoungGen: 131584K(131584K)->78624K(145408K) Eden: 39936K(39936K)->0K(41984K) From: 91648K(91648K)->78624K(103424K)
[15.654s][info][gc,heap        ] GC(185) ParOldGen: 2345599K(2554368K)->2399167K(2554368K)
[15.654s][info][gc,metaspace   ] GC(185) Metaspace: 6302K(6464K)->6302K(6464K) NonClass: 5769K(5824K)->5769K(5824K) Class: 533K(640K)->533K(640K)
[15.654s][info][gc             ] GC(185) Pause Young (Allocation Failure) 2419M->2419M(2636M) 72.993ms
[15.654s][info][gc,cpu         ] GC(185) User=0.52s Sys=0.00s Real=0.07s
[15.703s][info][gc,start       ] GC(186) Pause Young (Allocation Failure)
[15.769s][info][gc,heap        ] GC(186) PSYoungGen: 120608K(145408K)->82176K(147456K) Eden: 41984K(41984K)->0K(41984K) From: 78624K(103424K)->82176K(105472K)
[15.769s][info][gc,heap        ] GC(186) ParOldGen: 2399167K(2554368K)->2437959K(2554368K)
[15.769s][info][gc,metaspace   ] GC(186) Metaspace: 6302K(6464K)->6302K(6464K) NonClass: 5769K(5824K)->5769K(5824K) Class: 533K(640K)->533K(640K)
[15.769s][info][gc             ] GC(186) Pause Young (Allocation Failure) 2460M->2461M(2638M) 65.616ms
[15.769s][info][gc,cpu         ] GC(186) User=0.39s Sys=0.02s Real=0.07s
[15.819s][info][gc,start       ] GC(187) Pause Young (Allocation Failure)
[15.889s][info][gc,heap        ] GC(187) PSYoungGen: 124160K(147456K)->84224K(152064K) Eden: 41984K(41984K)->0K(43520K) From: 82176K(105472K)->84224K(108544K)
[15.889s][info][gc,heap        ] GC(187) ParOldGen: 2437959K(2554368K)->2478247K(2554368K)
[15.889s][info][gc,metaspace   ] GC(187) Metaspace: 6302K(6464K)->6302K(6464K) NonClass: 5769K(5824K)->5769K(5824K) Class: 533K(640K)->533K(640K)
[15.889s][info][gc             ] GC(187) Pause Young (Allocation Failure) 2502M->2502M(2643M) 69.386ms
[15.889s][info][gc,cpu         ] GC(187) User=0.50s Sys=0.02s Real=0.07s
[15.942s][info][gc,start       ] GC(188) Pause Young (Allocation Failure)
[16.012s][info][gc,heap        ] GC(188) PSYoungGen: 127744K(152064K)->85728K(155136K) Eden: 43520K(43520K)->0K(43520K) From: 84224K(108544K)->85728K(111616K)
[16.012s][info][gc,heap        ] GC(188) ParOldGen: 2478247K(2554368K)->2520615K(2554368K)
[16.012s][info][gc,metaspace   ] GC(188) Metaspace: 6302K(6464K)->6302K(6464K) NonClass: 5769K(5824K)->5769K(5824K) Class: 533K(640K)->533K(640K)
[16.012s][info][gc             ] GC(188) Pause Young (Allocation Failure) 2544M->2545M(2646M) 70.204ms
[16.012s][info][gc,cpu         ] GC(188) User=0.39s Sys=0.02s Real=0.07s
[16.012s][info][gc,start       ] GC(189) Pause Full (Ergonomics)
[16.012s][info][gc,phases,start] GC(189) Marking Phase
[16.601s][info][gc,phases      ] GC(189) Marking Phase 588.881ms
[16.601s][info][gc,phases,start] GC(189) Summary Phase
[16.601s][info][gc,phases      ] GC(189) Summary Phase 0.037ms
[16.601s][info][gc,phases,start] GC(189) Adjust Roots
[16.601s][info][gc,phases      ] GC(189) Adjust Roots 0.169ms
[16.601s][info][gc,phases,start] GC(189) Compaction Phase
[16.834s][info][gc,phases      ] GC(189) Compaction Phase 232.346ms
[16.834s][info][gc,phases,start] GC(189) Post Compact
[16.839s][info][gc,phases      ] GC(189) Post Compact 4.953ms
[16.840s][info][gc,heap        ] GC(189) PSYoungGen: 85728K(155136K)->50173K(155136K) Eden: 0K(43520K)->0K(43520K) From: 85728K(111616K)->50173K(111616K)
[16.840s][info][gc,heap        ] GC(189) ParOldGen: 2520615K(2554368K)->2553860K(2822144K)
[16.840s][info][gc,metaspace   ] GC(189) Metaspace: 6302K(6464K)->6302K(6464K) NonClass: 5769K(5824K)->5769K(5824K) Class: 533K(640K)->533K(640K)
[16.840s][info][gc             ] GC(189) Pause Full (Ergonomics) 2545M->2543M(2907M) 827.631ms
[16.840s][info][gc,cpu         ] GC(189) User=6.05s Sys=0.03s Real=0.83s
[16.894s][info][gc,start       ] GC(190) Pause Young (Allocation Failure)
[17.053s][info][gc,heap        ] GC(190) PSYoungGen: 93693K(155136K)->68000K(151552K) Eden: 43520K(43520K)->0K(47616K) From: 50173K(111616K)->68000K(103936K)
[17.053s][info][gc,heap        ] GC(190) ParOldGen: 2553860K(2822144K)->2580028K(2822144K)
[17.053s][info][gc,metaspace   ] GC(190) Metaspace: 6302K(6464K)->6302K(6464K) NonClass: 5769K(5824K)->5769K(5824K) Class: 533K(640K)->533K(640K)
[17.053s][info][gc             ] GC(190) Pause Young (Allocation Failure) 2585M->2585M(2904M) 159.462ms
[17.053s][info][gc,cpu         ] GC(190) User=0.98s Sys=0.03s Real=0.16s
[17.115s][info][gc,start       ] GC(191) Pause Young (Allocation Failure)
[17.179s][info][gc,heap        ] GC(191) PSYoungGen: 115616K(151552K)->109568K(157184K) Eden: 47616K(47616K)->0K(47616K) From: 68000K(103936K)->109568K(109568K)
[17.179s][info][gc,heap        ] GC(191) ParOldGen: 2580028K(2822144K)->2586140K(2822144K)
[17.179s][info][gc,metaspace   ] GC(191) Metaspace: 6302K(6464K)->6302K(6464K) NonClass: 5769K(5824K)->5769K(5824K) Class: 533K(640K)->533K(640K)
[17.179s][info][gc             ] GC(191) Pause Young (Allocation Failure) 2632M->2632M(2909M) 63.899ms
[17.179s][info][gc,cpu         ] GC(191) User=0.39s Sys=0.00s Real=0.06s
[17.236s][info][gc,start       ] GC(192) Pause Young (Allocation Failure)
[17.327s][info][gc,heap        ] GC(192) PSYoungGen: 157184K(157184K)->93024K(172544K) Eden: 47616K(47616K)->0K(49664K) From: 109568K(109568K)->93024K(122880K)
[17.327s][info][gc,heap        ] GC(192) ParOldGen: 2586140K(2822144K)->2651004K(2822144K)
[17.327s][info][gc,metaspace   ] GC(192) Metaspace: 6302K(6464K)->6302K(6464K) NonClass: 5769K(5824K)->5769K(5824K) Class: 533K(640K)->533K(640K)
[17.327s][info][gc             ] GC(192) Pause Young (Allocation Failure) 2679M->2679M(2924M) 90.530ms
[17.327s][info][gc,cpu         ] GC(192) User=0.64s Sys=0.00s Real=0.09s
[17.382s][info][gc,start       ] GC(193) Pause Young (Allocation Failure)
[17.464s][info][gc,heap        ] GC(193) PSYoungGen: 142688K(172544K)->97536K(175104K) Eden: 49664K(49664K)->0K(49664K) From: 93024K(122880K)->97536K(125440K)
[17.464s][info][gc,heap        ] GC(193) ParOldGen: 2651004K(2822144K)->2696556K(2822144K)
[17.464s][info][gc,metaspace   ] GC(193) Metaspace: 6302K(6464K)->6302K(6464K) NonClass: 5769K(5824K)->5769K(5824K) Class: 533K(640K)->533K(640K)
[17.464s][info][gc             ] GC(193) Pause Young (Allocation Failure) 2728M->2728M(2927M) 82.619ms
[17.464s][info][gc,cpu         ] GC(193) User=0.62s Sys=0.02s Real=0.08s
[18.073s][info][gc,start       ] GC(194) Pause Young (Allocation Failure)
[18.204s][info][gc,heap        ] GC(194) PSYoungGen: 147200K(175104K)->99584K(180736K) Eden: 49664K(49664K)->0K(52224K) From: 97536K(125440K)->99584K(128512K)
[18.204s][info][gc,heap        ] GC(194) ParOldGen: 2827628K(2953728K)->2875668K(2953728K)
[18.204s][info][gc,metaspace   ] GC(194) Metaspace: 6302K(6464K)->6302K(6464K) NonClass: 5769K(5824K)->5769K(5824K) Class: 533K(640K)->533K(640K)
[18.204s][info][gc             ] GC(194) Pause Young (Allocation Failure) 2905M->2905M(3061M) 131.415ms
[18.204s][info][gc,cpu         ] GC(194) User=0.86s Sys=0.05s Real=0.13s
[18.265s][info][gc,start       ] GC(195) Pause Young (Allocation Failure)
[18.344s][info][gc,heap        ] GC(195) PSYoungGen: 151808K(180736K)->131584K(183808K) Eden: 52224K(52224K)->0K(52224K) From: 99584K(128512K)->131584K(131584K)
[18.345s][info][gc,heap        ] GC(195) ParOldGen: 2875668K(2953728K)->2896044K(2953728K)
[18.345s][info][gc,metaspace   ] GC(195) Metaspace: 6302K(6464K)->6302K(6464K) NonClass: 5769K(5824K)->5769K(5824K) Class: 533K(640K)->533K(640K)
[18.345s][info][gc             ] GC(195) Pause Young (Allocation Failure) 2956M->2956M(3064M) 79.571ms
[18.345s][info][gc,cpu         ] GC(195) User=0.28s Sys=0.00s Real=0.08s
[18.345s][info][gc,start       ] GC(196) Pause Full (Ergonomics)
[18.345s][info][gc,phases,start] GC(196) Marking Phase
[19.015s][info][gc,phases      ] GC(196) Marking Phase 670.832ms
[19.016s][info][gc,phases,start] GC(196) Summary Phase
[19.016s][info][gc,phases      ] GC(196) Summary Phase 0.063ms
[19.016s][info][gc,phases,start] GC(196) Adjust Roots
[19.016s][info][gc,phases      ] GC(196) Adjust Roots 0.202ms
[19.016s][info][gc,phases,start] GC(196) Compaction Phase
[19.498s][info][gc,phases      ] GC(196) Compaction Phase 482.584ms
[19.499s][info][gc,phases,start] GC(196) Post Compact
[19.505s][info][gc,phases      ] GC(196) Post Compact 6.075ms
[19.506s][info][gc,heap        ] GC(196) PSYoungGen: 131584K(183808K)->6128K(183808K) Eden: 0K(52224K)->0K(52224K) From: 131584K(131584K)->6128K(131584K)
[19.506s][info][gc,heap        ] GC(196) ParOldGen: 2896044K(2953728K)->2953549K(3253248K)
[19.506s][info][gc,metaspace   ] GC(196) Metaspace: 6302K(6464K)->6302K(6464K) NonClass: 5769K(5824K)->5769K(5824K) Class: 533K(640K)->533K(640K)
[19.506s][info][gc             ] GC(196) Pause Full (Ergonomics) 2956M->2890M(3356M) 1161.080ms
[19.506s][info][gc,cpu         ] GC(196) User=7.91s Sys=0.11s Real=1.16s
[19.567s][info][gc,start       ] GC(197) Pause Young (Allocation Failure)
[19.721s][info][gc,heap        ] GC(197) PSYoungGen: 58352K(183808K)->56064K(206336K) Eden: 52224K(52224K)->0K(56832K) From: 6128K(131584K)->56064K(149504K)
[19.721s][info][gc,heap        ] GC(197) ParOldGen: 2953549K(3253248K)->2956109K(3253248K)
[19.721s][info][gc,metaspace   ] GC(197) Metaspace: 6302K(6464K)->6302K(6464K) NonClass: 5769K(5824K)->5769K(5824K) Class: 533K(640K)->533K(640K)
[19.721s][info][gc             ] GC(197) Pause Young (Allocation Failure) 2941M->2941M(3378M) 153.528ms
[19.721s][info][gc,cpu         ] GC(197) User=1.02s Sys=0.00s Real=0.15s
[19.777s][info][gc,start       ] GC(198) Pause Young (Allocation Failure)
[19.843s][info][gc,heap        ] GC(198) PSYoungGen: 112896K(206336K)->113024K(208896K) Eden: 56832K(56832K)->0K(56832K) From: 56064K(149504K)->113024K(152064K)
[19.843s][info][gc,heap        ] GC(198) ParOldGen: 2956109K(3253248K)->2956109K(3253248K)
[19.843s][info][gc,metaspace   ] GC(198) Metaspace: 6302K(6464K)->6302K(6464K) NonClass: 5769K(5824K)->5769K(5824K) Class: 533K(640K)->533K(640K)
[19.843s][info][gc             ] GC(198) Pause Young (Allocation Failure) 2997M->2997M(3381M) 65.380ms
[19.843s][info][gc,cpu         ] GC(198) User=0.27s Sys=0.00s Real=0.07s
[19.897s][info][gc,start       ] GC(199) Pause Young (Allocation Failure)
[19.982s][info][gc,heap        ] GC(199) PSYoungGen: 169856K(208896K)->156160K(195072K) Eden: 56832K(56832K)->0K(38912K) From: 113024K(152064K)->156160K(156160K)
[19.982s][info][gc,heap        ] GC(199) ParOldGen: 2956109K(3253248K)->2969877K(3253248K)
[19.982s][info][gc,metaspace   ] GC(199) Metaspace: 6302K(6464K)->6302K(6464K) NonClass: 5769K(5824K)->5769K(5824K) Class: 533K(640K)->533K(640K)
[19.982s][info][gc             ] GC(199) Pause Young (Allocation Failure) 3052M->3052M(3367M) 84.855ms
[19.982s][info][gc,cpu         ] GC(199) User=0.67s Sys=0.08s Real=0.08s
[20.022s][info][gc,start       ] GC(200) Pause Young (Allocation Failure)
[20.114s][info][gc,heap        ] GC(200) PSYoungGen: 195072K(195072K)->145952K(218624K) Eden: 38912K(38912K)->0K(38912K) From: 156160K(156160K)->145952K(179712K)
[20.114s][info][gc,heap        ] GC(200) ParOldGen: 2969877K(3253248K)->3019549K(3253248K)
[20.114s][info][gc,metaspace   ] GC(200) Metaspace: 6302K(6464K)->6302K(6464K) NonClass: 5769K(5824K)->5769K(5824K) Class: 533K(640K)->533K(640K)
[20.114s][info][gc             ] GC(200) Pause Young (Allocation Failure) 3090M->3091M(3390M) 91.680ms
[20.114s][info][gc,cpu         ] GC(200) User=0.70s Sys=0.05s Real=0.09s
[20.159s][info][gc,start       ] GC(201) Pause Young (Allocation Failure)
[20.246s][info][gc,heap        ] GC(201) PSYoungGen: 184864K(218624K)->134944K(230400K) Eden: 38912K(38912K)->0K(39936K) From: 145952K(179712K)->134944K(190464K)
[20.246s][info][gc,heap        ] GC(201) ParOldGen: 3019549K(3253248K)->3069885K(3253248K)
[20.246s][info][gc,metaspace   ] GC(201) Metaspace: 6302K(6464K)->6302K(6464K) NonClass: 5769K(5824K)->5769K(5824K) Class: 533K(640K)->533K(640K)
[20.246s][info][gc             ] GC(201) Pause Young (Allocation Failure) 3129M->3129M(3402M) 87.386ms
[20.246s][info][gc,cpu         ] GC(201) User=0.52s Sys=0.05s Real=0.09s
[20.288s][info][gc,start       ] GC(202) Pause Young (Allocation Failure)
[20.373s][info][gc,heap        ] GC(202) PSYoungGen: 174880K(230400K)->118080K(233984K) Eden: 39936K(39936K)->0K(39936K) From: 134944K(190464K)->118080K(194048K)
[20.373s][info][gc,heap        ] GC(202) ParOldGen: 3069885K(3253248K)->3127245K(3253248K)
[20.373s][info][gc,metaspace   ] GC(202) Metaspace: 6302K(6464K)->6302K(6464K) NonClass: 5769K(5824K)->5769K(5824K) Class: 533K(640K)->533K(640K)
[20.373s][info][gc             ] GC(202) Pause Young (Allocation Failure) 3168M->3169M(3405M) 85.685ms
[20.373s][info][gc,cpu         ] GC(202) User=0.70s Sys=0.05s Real=0.09s
[20.413s][info][gc,start       ] GC(203) Pause Young (Allocation Failure)
[20.493s][info][gc,heap        ] GC(203) PSYoungGen: 158016K(233984K)->80128K(227328K) Eden: 39936K(39936K)->0K(45056K) From: 118080K(194048K)->80128K(182272K)
[20.493s][info][gc,heap        ] GC(203) ParOldGen: 3127245K(3253248K)->3205741K(3253248K)
[20.493s][info][gc,metaspace   ] GC(203) Metaspace: 6302K(6464K)->6302K(6464K) NonClass: 5769K(5824K)->5769K(5824K) Class: 533K(640K)->533K(640K)
[20.493s][info][gc             ] GC(203) Pause Young (Allocation Failure) 3208M->3208M(3399M) 80.392ms
[20.493s][info][gc,cpu         ] GC(203) User=0.55s Sys=0.08s Real=0.08s
[20.493s][info][gc,start       ] GC(204) Pause Full (Ergonomics)
[20.493s][info][gc,phases,start] GC(204) Marking Phase
[21.244s][info][gc,phases      ] GC(204) Marking Phase 750.994ms
[21.244s][info][gc,phases,start] GC(204) Summary Phase
[21.244s][info][gc,phases      ] GC(204) Summary Phase 0.064ms
[21.244s][info][gc,phases,start] GC(204) Adjust Roots
[21.244s][info][gc,phases      ] GC(204) Adjust Roots 0.166ms
[21.244s][info][gc,phases,start] GC(204) Compaction Phase
[21.570s][info][gc,phases      ] GC(204) Compaction Phase 325.487ms
[21.570s][info][gc,phases,start] GC(204) Post Compact
[21.576s][info][gc,phases      ] GC(204) Post Compact 6.182ms
[21.577s][info][gc,heap        ] GC(204) PSYoungGen: 80128K(227328K)->30248K(231424K) Eden: 0K(45056K)->0K(49152K) From: 80128K(182272K)->30248K(182272K)
[21.577s][info][gc,heap        ] GC(204) ParOldGen: 3205741K(3253248K)->3252794K(3597312K)
[21.578s][info][gc,metaspace   ] GC(204) Metaspace: 6302K(6464K)->6302K(6464K) NonClass: 5769K(5824K)->5769K(5824K) Class: 533K(640K)->533K(640K)
[21.578s][info][gc             ] GC(204) Pause Full (Ergonomics) 3208M->3206M(3739M) 1084.397ms
[21.578s][info][gc,cpu         ] GC(204) User=7.55s Sys=0.08s Real=1.08s
[21.628s][info][gc,start       ] GC(205) Pause Young (Allocation Failure)
[21.798s][info][gc,heap        ] GC(205) PSYoungGen: 79400K(231424K)->49344K(235520K) Eden: 49152K(49152K)->0K(49152K) From: 30248K(182272K)->49344K(186368K)
[21.798s][info][gc,heap        ] GC(205) ParOldGen: 3252794K(3597312K)->3283354K(3597312K)
[21.798s][info][gc,metaspace   ] GC(205) Metaspace: 6302K(6464K)->6302K(6464K) NonClass: 5769K(5824K)->5769K(5824K) Class: 533K(640K)->533K(640K)
[21.798s][info][gc             ] GC(205) Pause Young (Allocation Failure) 3254M->3254M(3743M) 169.983ms
[21.798s][info][gc,cpu         ] GC(205) User=1.12s Sys=0.00s Real=0.17s
[21.853s][info][gc,start       ] GC(206) Pause Young (Allocation Failure)
[21.916s][info][gc,heap        ] GC(206) PSYoungGen: 98496K(235520K)->49376K(239104K) Eden: 49152K(49152K)->0K(54272K) From: 49344K(186368K)->49376K(184832K)
[21.916s][info][gc,heap        ] GC(206) ParOldGen: 3283354K(3597312K)->3332946K(3597312K)
[21.916s][info][gc,metaspace   ] GC(206) Metaspace: 6302K(6464K)->6302K(6464K) NonClass: 5769K(5824K)->5769K(5824K) Class: 533K(640K)->533K(640K)
[21.916s][info][gc             ] GC(206) Pause Young (Allocation Failure) 3302M->3303M(3746M) 63.080ms
[21.916s][info][gc,cpu         ] GC(206) User=0.30s Sys=0.00s Real=0.06s
[21.973s][info][gc,start       ] GC(207) Pause Young (Allocation Failure)
[22.035s][info][gc,heap        ] GC(207) PSYoungGen: 103648K(239104K)->54464K(240128K) Eden: 54272K(54272K)->0K(54272K) From: 49376K(184832K)->54464K(185856K)
[22.035s][info][gc,heap        ] GC(207) ParOldGen: 3332946K(3597312K)->3382546K(3597312K)
[22.035s][info][gc,metaspace   ] GC(207) Metaspace: 6302K(6464K)->6302K(6464K) NonClass: 5769K(5824K)->5769K(5824K) Class: 533K(640K)->533K(640K)
[22.036s][info][gc             ] GC(207) Pause Young (Allocation Failure) 3356M->3356M(3747M) 62.695ms
[22.036s][info][gc,cpu         ] GC(207) User=0.28s Sys=0.02s Real=0.06s
[22.090s][info][gc,start       ] GC(208) Pause Young (Allocation Failure)
[22.156s][info][gc,heap        ] GC(208) PSYoungGen: 108736K(240128K)->54464K(236544K) Eden: 54272K(54272K)->0K(60416K) From: 54464K(185856K)->54464K(176128K)
[22.156s][info][gc,heap        ] GC(208) ParOldGen: 3382546K(3597312K)->3437306K(3597312K)
[22.156s][info][gc,metaspace   ] GC(208) Metaspace: 6302K(6464K)->6302K(6464K) NonClass: 5769K(5824K)->5769K(5824K) Class: 533K(640K)->533K(640K)
[22.156s][info][gc             ] GC(208) Pause Young (Allocation Failure) 3409M->3409M(3744M) 65.772ms
[22.156s][info][gc,cpu         ] GC(208) User=0.25s Sys=0.02s Real=0.07s
[22.215s][info][gc,start       ] GC(209) Pause Young (Allocation Failure)
[22.281s][info][gc,heap        ] GC(209) PSYoungGen: 114880K(236544K)->60640K(240128K) Eden: 60416K(60416K)->0K(60416K) From: 54464K(176128K)->60640K(179712K)
[22.281s][info][gc,heap        ] GC(209) ParOldGen: 3437306K(3597312K)->3492066K(3597312K)
[22.281s][info][gc,metaspace   ] GC(209) Metaspace: 6302K(6464K)->6302K(6464K) NonClass: 5769K(5824K)->5769K(5824K) Class: 533K(640K)->533K(640K)
[22.281s][info][gc             ] GC(209) Pause Young (Allocation Failure) 3468M->3469M(3747M) 65.551ms
[22.281s][info][gc,cpu         ] GC(209) User=0.31s Sys=0.00s Real=0.07s
[22.342s][info][gc,start       ] GC(210) Pause Young (Allocation Failure)
[22.411s][info][gc,heap        ] GC(210) PSYoungGen: 121056K(240128K)->60672K(230400K) Eden: 60416K(60416K)->0K(67072K) From: 60640K(179712K)->60672K(163328K)
[22.411s][info][gc,heap        ] GC(210) ParOldGen: 3492066K(3597312K)->3553034K(3597312K)
[22.411s][info][gc,metaspace   ] GC(210) Metaspace: 6302K(6464K)->6302K(6464K) NonClass: 5769K(5824K)->5769K(5824K) Class: 533K(640K)->533K(640K)
[22.411s][info][gc             ] GC(210) Pause Young (Allocation Failure) 3528M->3529M(3738M) 68.691ms
[22.411s][info][gc,cpu         ] GC(210) User=0.39s Sys=0.02s Real=0.07s
[22.411s][info][gc,start       ] GC(211) Pause Full (Ergonomics)
[22.411s][info][gc,phases,start] GC(211) Marking Phase
[23.229s][info][gc,phases      ] GC(211) Marking Phase 817.457ms
[23.229s][info][gc,phases,start] GC(211) Summary Phase
[23.229s][info][gc,phases      ] GC(211) Summary Phase 0.052ms
[23.229s][info][gc,phases,start] GC(211) Adjust Roots
[23.229s][info][gc,phases      ] GC(211) Adjust Roots 0.159ms
[23.229s][info][gc,phases,start] GC(211) Compaction Phase
[23.579s][info][gc,phases      ] GC(211) Compaction Phase 350.560ms
[23.579s][info][gc,phases,start] GC(211) Post Compact
[23.586s][info][gc,phases      ] GC(211) Post Compact 6.552ms
[23.587s][info][gc,heap        ] GC(211) PSYoungGen: 60672K(230400K)->13378K(236032K) Eden: 0K(67072K)->0K(72704K) From: 60672K(163328K)->13378K(163328K)
[23.587s][info][gc,heap        ] GC(211) ParOldGen: 3553034K(3597312K)->3597156K(3965440K)
[23.587s][info][gc,metaspace   ] GC(211) Metaspace: 6302K(6464K)->6302K(6464K) NonClass: 5769K(5824K)->5769K(5824K) Class: 533K(640K)->533K(640K)
[23.587s][info][gc             ] GC(211) Pause Full (Ergonomics) 3529M->3525M(4103M) 1176.348ms
[23.587s][info][gc,cpu         ] GC(211) User=8.45s Sys=0.00s Real=1.18s
[23.669s][info][gc,start       ] GC(212) Pause Young (Allocation Failure)
[23.872s][info][gc,heap        ] GC(212) PSYoungGen: 86082K(236032K)->72928K(145920K) Eden: 72704K(72704K)->0K(72704K) From: 13378K(163328K)->72928K(73216K)
[23.872s][info][gc,heap        ] GC(212) ParOldGen: 3597156K(3965440K)->3610692K(3965440K)
[23.872s][info][gc,metaspace   ] GC(212) Metaspace: 6302K(6464K)->6302K(6464K) NonClass: 5769K(5824K)->5769K(5824K) Class: 533K(640K)->533K(640K)
[23.872s][info][gc             ] GC(212) Pause Young (Allocation Failure) 3596M->3597M(4015M) 202.967ms
[23.872s][info][gc,cpu         ] GC(212) User=1.17s Sys=0.00s Real=0.20s
[23.944s][info][gc,start       ] GC(213) Pause Young (Allocation Failure)
[24.024s][info][gc,heap        ] GC(213) PSYoungGen: 145632K(145920K)->145760K(224256K) Eden: 72704K(72704K)->0K(62976K) From: 72928K(73216K)->145760K(161280K)
[24.025s][info][gc,heap        ] GC(213) ParOldGen: 3610692K(3965440K)->3610692K(3965440K)
[24.025s][info][gc,metaspace   ] GC(213) Metaspace: 6302K(6464K)->6302K(6464K) NonClass: 5769K(5824K)->5769K(5824K) Class: 533K(640K)->533K(640K)
[24.025s][info][gc             ] GC(213) Pause Young (Allocation Failure) 3668M->3668M(4091M) 81.054ms
[24.025s][info][gc,cpu         ] GC(213) User=0.42s Sys=0.00s Real=0.08s
[24.084s][info][gc,start       ] GC(214) Pause Young (Allocation Failure)
[24.185s][info][gc,heap        ] GC(214) PSYoungGen: 208736K(224256K)->177664K(240640K) Eden: 62976K(62976K)->0K(62976K) From: 145760K(161280K)->177664K(177664K)
[24.185s][info][gc,heap        ] GC(214) ParOldGen: 3610692K(3965440K)->3642012K(3965440K)
[24.185s][info][gc,metaspace   ] GC(214) Metaspace: 6302K(6464K)->6302K(6464K) NonClass: 5769K(5824K)->5769K(5824K) Class: 533K(640K)->533K(640K)
[24.185s][info][gc             ] GC(214) Pause Young (Allocation Failure) 3729M->3730M(4107M) 100.269ms
[24.185s][info][gc,cpu         ] GC(214) User=0.80s Sys=0.00s Real=0.10s
[24.255s][info][gc,start       ] GC(215) Pause Young (Allocation Failure)
[24.387s][info][gc,heap        ] GC(215) PSYoungGen: 240640K(240640K)->113760K(272384K) Eden: 62976K(62976K)->0K(70144K) From: 177664K(177664K)->113760K(202240K)
[24.387s][info][gc,heap        ] GC(215) ParOldGen: 3642012K(3965440K)->3770060K(3965440K)
[24.387s][info][gc,metaspace   ] GC(215) Metaspace: 6302K(6464K)->6302K(6464K) NonClass: 5769K(5824K)->5769K(5824K) Class: 533K(640K)->533K(640K)
[24.387s][info][gc             ] GC(215) Pause Young (Allocation Failure) 3791M->3792M(4138M) 131.975ms
[24.387s][info][gc,cpu         ] GC(215) User=0.95s Sys=0.17s Real=0.13s
[24.462s][info][gc,start       ] GC(216) Pause Young (Allocation Failure)
[24.559s][info][gc,heap        ] GC(216) PSYoungGen: 183904K(272384K)->133440K(278016K) Eden: 70144K(70144K)->0K(70144K) From: 113760K(202240K)->133440K(207872K)
[24.559s][info][gc,heap        ] GC(216) ParOldGen: 3770060K(3965440K)->3820972K(3965440K)
[24.559s][info][gc,metaspace   ] GC(216) Metaspace: 6302K(6464K)->6302K(6464K) NonClass: 5769K(5824K)->5769K(5824K) Class: 533K(640K)->533K(640K)
[24.559s][info][gc             ] GC(216) Pause Young (Allocation Failure) 3861M->3861M(4144M) 97.224ms
[24.559s][info][gc,cpu         ] GC(216) User=0.59s Sys=0.00s Real=0.10s
[24.632s][info][gc,start       ] GC(217) Pause Young (Allocation Failure)
[24.746s][info][gc,heap        ] GC(217) PSYoungGen: 203584K(278016K)->140640K(284160K) Eden: 70144K(70144K)->0K(74752K) From: 133440K(207872K)->140640K(209408K)
[24.746s][info][gc,heap        ] GC(217) ParOldGen: 3820972K(3965440K)->3884516K(3965440K)
[24.746s][info][gc,metaspace   ] GC(217) Metaspace: 6302K(6464K)->6302K(6464K) NonClass: 5769K(5824K)->5769K(5824K) Class: 533K(640K)->533K(640K)
[24.746s][info][gc             ] GC(217) Pause Young (Allocation Failure) 3930M->3930M(4150M) 114.303ms
[24.746s][info][gc,cpu         ] GC(217) User=0.80s Sys=0.03s Real=0.11s
[24.746s][info][gc,start       ] GC(218) Pause Full (Ergonomics)
[24.746s][info][gc,phases,start] GC(218) Marking Phase
[25.644s][info][gc,phases      ] GC(218) Marking Phase 897.964ms
[25.644s][info][gc,phases,start] GC(218) Summary Phase
[25.644s][info][gc,phases      ] GC(218) Summary Phase 0.055ms
[25.644s][info][gc,phases,start] GC(218) Adjust Roots
[25.644s][info][gc,phases      ] GC(218) Adjust Roots 0.159ms
[25.645s][info][gc,phases,start] GC(218) Compaction Phase
[26.007s][info][gc,phases      ] GC(218) Compaction Phase 362.179ms
[26.007s][info][gc,phases,start] GC(218) Post Compact
[26.014s][info][gc,phases      ] GC(218) Post Compact 7.682ms
[26.016s][info][gc,heap        ] GC(218) PSYoungGen: 140640K(284160K)->56932K(284160K) Eden: 0K(74752K)->0K(74752K) From: 140640K(209408K)->56932K(209408K)
[26.016s][info][gc,heap        ] GC(218) ParOldGen: 3884516K(3965440K)->3965062K(4379136K)
[26.016s][info][gc,metaspace   ] GC(218) Metaspace: 6302K(6464K)->6302K(6464K) NonClass: 5769K(5824K)->5769K(5824K) Class: 533K(640K)->533K(640K)
[26.016s][info][gc             ] GC(218) Pause Full (Ergonomics) 3930M->3927M(4554M) 1269.714ms
[26.016s][info][gc,cpu         ] GC(218) User=9.38s Sys=0.14s Real=1.27s
[26.101s][info][gc,start       ] GC(219) Pause Young (Allocation Failure)
[26.338s][info][gc,heap        ] GC(219) PSYoungGen: 131684K(284160K)->95808K(171008K) Eden: 74752K(74752K)->0K(74752K) From: 56932K(209408K)->95808K(96256K)
[26.338s][info][gc,heap        ] GC(219) ParOldGen: 3965062K(4379136K)->4001646K(4379136K)
[26.338s][info][gc,metaspace   ] GC(219) Metaspace: 6302K(6464K)->6302K(6464K) NonClass: 5769K(5824K)->5769K(5824K) Class: 533K(640K)->533K(640K)
[26.338s][info][gc             ] GC(219) Pause Young (Allocation Failure) 4000M->4001M(4443M) 237.714ms
[26.338s][info][gc,cpu         ] GC(219) User=1.77s Sys=0.02s Real=0.24s
[26.418s][info][gc,start       ] GC(220) Pause Young (Allocation Failure)
[26.508s][info][gc,heap        ] GC(220) PSYoungGen: 170560K(171008K)->170688K(272384K) Eden: 74752K(74752K)->0K(68096K) From: 95808K(96256K)->170688K(204288K)
[26.508s][info][gc,heap        ] GC(220) ParOldGen: 4001646K(4379136K)->4001646K(4379136K)
[26.508s][info][gc,metaspace   ] GC(220) Metaspace: 6302K(6464K)->6302K(6464K) NonClass: 5769K(5824K)->5769K(5824K) Class: 533K(640K)->533K(640K)
[26.508s][info][gc             ] GC(220) Pause Young (Allocation Failure) 4074M->4074M(4542M) 90.215ms
[26.508s][info][gc,cpu         ] GC(220) User=0.64s Sys=0.00s Real=0.09s
[26.575s][info][gc,start       ] GC(221) Pause Young (Allocation Failure)
[26.692s][info][gc,heap        ] GC(221) PSYoungGen: 238784K(272384K)->218112K(286208K) Eden: 68096K(68096K)->0K(68096K) From: 170688K(204288K)->218112K(218112K)
[26.692s][info][gc,heap        ] GC(221) ParOldGen: 4001646K(4379136K)->4022470K(4379136K)
[26.692s][info][gc,metaspace   ] GC(221) Metaspace: 6302K(6464K)->6302K(6464K) NonClass: 5769K(5824K)->5769K(5824K) Class: 533K(640K)->533K(640K)
[26.692s][info][gc             ] GC(221) Pause Young (Allocation Failure) 4141M->4141M(4556M) 117.605ms
[26.692s][info][gc,cpu         ] GC(221) User=0.75s Sys=0.00s Real=0.12s
[26.771s][info][gc,start       ] GC(222) Pause Young (Allocation Failure)
[26.926s][info][gc,heap        ] GC(222) PSYoungGen: 286208K(286208K)->200224K(314880K) Eden: 68096K(68096K)->0K(60416K) From: 218112K(218112K)->200224K(254464K)
[26.927s][info][gc,heap        ] GC(222) ParOldGen: 4022470K(4379136K)->4109326K(4379136K)
[26.927s][info][gc,metaspace   ] GC(222) Metaspace: 6302K(6464K)->6302K(6464K) NonClass: 5769K(5824K)->5769K(5824K) Class: 533K(640K)->533K(640K)
[26.927s][info][gc             ] GC(222) Pause Young (Allocation Failure) 4207M->4208M(4584M) 155.428ms
[26.927s][info][gc,cpu         ] GC(222) User=1.12s Sys=0.09s Real=0.16s
[26.999s][info][gc,start       ] GC(223) Pause Young (Allocation Failure)
[27.139s][info][gc,heap        ] GC(223) PSYoungGen: 260640K(314880K)->190112K(329728K) Eden: 60416K(60416K)->0K(60416K) From: 200224K(254464K)->190112K(269312K)
[27.139s][info][gc,heap        ] GC(223) ParOldGen: 4109326K(4379136K)->4180446K(4379136K)
[27.139s][info][gc,metaspace   ] GC(223) Metaspace: 6302K(6464K)->6302K(6464K) NonClass: 5769K(5824K)->5769K(5824K) Class: 533K(640K)->533K(640K)
[27.139s][info][gc             ] GC(223) Pause Young (Allocation Failure) 4267M->4268M(4598M) 139.469ms
[27.139s][info][gc,cpu         ] GC(223) User=0.95s Sys=0.05s Real=0.14s
[27.202s][info][gc,start       ] GC(224) Pause Young (Allocation Failure)
[27.337s][info][gc,heap        ] GC(224) PSYoungGen: 250528K(329728K)->189376K(339456K) Eden: 60416K(60416K)->0K(62464K) From: 190112K(269312K)->189376K(276992K)
[27.337s][info][gc,heap        ] GC(224) ParOldGen: 4180446K(4379136K)->4242206K(4379136K)
[27.337s][info][gc,metaspace   ] GC(224) Metaspace: 6302K(6464K)->6302K(6464K) NonClass: 5769K(5824K)->5769K(5824K) Class: 533K(640K)->533K(640K)
[27.337s][info][gc             ] GC(224) Pause Young (Allocation Failure) 4327M->4327M(4608M) 135.059ms
[27.337s][info][gc,cpu         ] GC(224) User=0.89s Sys=0.05s Real=0.14s
[27.398s][info][gc,start       ] GC(225) Pause Young (Allocation Failure)
[27.543s][info][gc,heap        ] GC(225) PSYoungGen: 251840K(339456K)->123264K(185856K) Eden: 62464K(62464K)->0K(62464K) From: 189376K(276992K)->123264K(123392K)
[27.543s][info][gc,heap        ] GC(225) ParOldGen: 4242206K(4379136K)->4371854K(4379136K)
[27.543s][info][gc,metaspace   ] GC(225) Metaspace: 6302K(6464K)->6302K(6464K) NonClass: 5769K(5824K)->5769K(5824K) Class: 533K(640K)->533K(640K)
[27.543s][info][gc             ] GC(225) Pause Young (Allocation Failure) 4388M->4389M(4458M) 145.570ms
[27.543s][info][gc,cpu         ] GC(225) User=0.95s Sys=0.19s Real=0.15s
[27.543s][info][gc,start       ] GC(226) Pause Full (Ergonomics)
[27.543s][info][gc,phases,start] GC(226) Marking Phase
[28.562s][info][gc,phases      ] GC(226) Marking Phase 1018.866ms
[28.562s][info][gc,phases,start] GC(226) Summary Phase
[28.562s][info][gc,phases      ] GC(226) Summary Phase 0.057ms
[28.562s][info][gc,phases,start] GC(226) Adjust Roots
[28.562s][info][gc,phases      ] GC(226) Adjust Roots 0.167ms
[28.562s][info][gc,phases,start] GC(226) Compaction Phase
[29.003s][info][gc,phases      ] GC(226) Compaction Phase 440.634ms
[29.003s][info][gc,phases,start] GC(226) Post Compact
[29.010s][info][gc,phases      ] GC(226) Post Compact 6.741ms
[29.012s][info][gc,heap        ] GC(226) PSYoungGen: 123264K(185856K)->112086K(185856K) Eden: 0K(62464K)->0K(62464K) From: 123264K(123392K)->112086K(123392K)
[29.012s][info][gc,heap        ] GC(226) ParOldGen: 4371854K(4379136K)->4378689K(4851712K)
[29.012s][info][gc,metaspace   ] GC(226) Metaspace: 6302K(6464K)->6302K(6464K) NonClass: 5769K(5824K)->5769K(5824K) Class: 533K(640K)->533K(640K)
[29.012s][info][gc             ] GC(226) Pause Full (Ergonomics) 4389M->4385M(4919M) 1468.454ms
[29.012s][info][gc,cpu         ] GC(226) User=10.59s Sys=0.02s Real=1.47s
[29.085s][info][gc,start       ] GC(227) Pause Young (Allocation Failure)
[29.374s][info][gc,heap        ] GC(227) PSYoungGen: 174550K(185856K)->62656K(339456K) Eden: 62464K(62464K)->0K(69120K) From: 112086K(123392K)->62656K(270336K)
[29.374s][info][gc,heap        ] GC(227) ParOldGen: 4378689K(4851712K)->4491833K(4851712K)
[29.374s][info][gc,metaspace   ] GC(227) Metaspace: 6302K(6464K)->6302K(6464K) NonClass: 5769K(5824K)->5769K(5824K) Class: 533K(640K)->533K(640K)
[29.374s][info][gc             ] GC(227) Pause Young (Allocation Failure) 4446M->4447M(5069M) 289.240ms
[29.374s][info][gc,cpu         ] GC(227) User=1.98s Sys=0.06s Real=0.29s
[29.453s][info][gc,start       ] GC(228) Pause Young (Allocation Failure)
[29.534s][info][gc,heap        ] GC(228) PSYoungGen: 131776K(339456K)->69312K(340992K) Eden: 69120K(69120K)->0K(69120K) From: 62656K(270336K)->69312K(271872K)
[29.534s][info][gc,heap        ] GC(228) ParOldGen: 4491833K(4851712K)->4554873K(4851712K)
[29.534s][info][gc,metaspace   ] GC(228) Metaspace: 6302K(6464K)->6302K(6464K) NonClass: 5769K(5824K)->5769K(5824K) Class: 533K(640K)->533K(640K)
[29.534s][info][gc             ] GC(228) Pause Young (Allocation Failure) 4515M->4515M(5071M) 81.470ms
[29.534s][info][gc,cpu         ] GC(228) User=0.52s Sys=0.00s Real=0.08s
[29.607s][info][gc,start       ] GC(229) Pause Young (Allocation Failure)
[29.692s][info][gc,heap        ] GC(229) PSYoungGen: 138432K(340992K)->69376K(336384K) Eden: 69120K(69120K)->0K(76288K) From: 69312K(271872K)->69376K(260096K)
[29.692s][info][gc,heap        ] GC(229) ParOldGen: 4554873K(4851712K)->4624617K(4851712K)
[29.692s][info][gc,metaspace   ] GC(229) Metaspace: 6302K(6464K)->6302K(6464K) NonClass: 5769K(5824K)->5769K(5824K) Class: 533K(640K)->533K(640K)
[29.692s][info][gc             ] GC(229) Pause Young (Allocation Failure) 4583M->4583M(5066M) 84.629ms
[29.692s][info][gc,cpu         ] GC(229) User=0.44s Sys=0.06s Real=0.09s
[29.778s][info][gc,start       ] GC(230) Pause Young (Allocation Failure)
[29.863s][info][gc,heap        ] GC(230) PSYoungGen: 145664K(336384K)->76544K(340992K) Eden: 76288K(76288K)->0K(76288K) From: 69376K(260096K)->76544K(264704K)
[29.863s][info][gc,heap        ] GC(230) ParOldGen: 4624617K(4851712K)->4694385K(4851712K)
[29.863s][info][gc,metaspace   ] GC(230) Metaspace: 6302K(6464K)->6302K(6464K) NonClass: 5769K(5824K)->5769K(5824K) Class: 533K(640K)->533K(640K)
[29.863s][info][gc             ] GC(230) Pause Young (Allocation Failure) 4658M->4659M(5071M) 85.052ms
[29.863s][info][gc,cpu         ] GC(230) User=0.53s Sys=0.00s Real=0.08s
[29.948s][info][gc,start       ] GC(231) Pause Young (Allocation Failure)
[30.037s][info][gc,heap        ] GC(231) PSYoungGen: 152832K(340992K)->76544K(328192K) Eden: 76288K(76288K)->0K(84480K) From: 76544K(264704K)->76544K(243712K)
[30.037s][info][gc,heap        ] GC(231) ParOldGen: 4694385K(4851712K)->4771353K(4851712K)
[30.037s][info][gc,metaspace   ] GC(231) Metaspace: 6302K(6464K)->6302K(6464K) NonClass: 5769K(5824K)->5769K(5824K) Class: 533K(640K)->533K(640K)
[30.037s][info][gc             ] GC(231) Pause Young (Allocation Failure) 4733M->4734M(5058M) 89.240ms
[30.037s][info][gc,cpu         ] GC(231) User=0.59s Sys=0.03s Real=0.09s
[30.037s][info][gc,start       ] GC(232) Pause Full (Ergonomics)
[30.037s][info][gc,phases,start] GC(232) Marking Phase
[31.139s][info][gc,phases      ] GC(232) Marking Phase 1101.734ms
[31.139s][info][gc,phases,start] GC(232) Summary Phase
[31.139s][info][gc,phases      ] GC(232) Summary Phase 0.111ms
[31.139s][info][gc,phases,start] GC(232) Adjust Roots
[31.139s][info][gc,phases      ] GC(232) Adjust Roots 0.215ms
[31.139s][info][gc,phases,start] GC(232) Compaction Phase
[31.530s][info][gc,phases      ] GC(232) Compaction Phase 391.011ms
[31.530s][info][gc,phases,start] GC(232) Post Compact
[31.537s][info][gc,phases      ] GC(232) Post Compact 7.079ms
[31.539s][info][gc,heap        ] GC(232) PSYoungGen: 76544K(328192K)->0K(335360K) Eden: 0K(84480K)->0K(84480K) From: 76544K(243712K)->0K(250880K)
[31.539s][info][gc,heap        ] GC(232) ParOldGen: 4771353K(4851712K)->4843910K(5346304K)
[31.539s][info][gc,metaspace   ] GC(232) Metaspace: 6302K(6464K)->6302K(6464K) NonClass: 5769K(5824K)->5769K(5824K) Class: 533K(640K)->533K(640K)
[31.539s][info][gc             ] GC(232) Pause Full (Ergonomics) 4734M->4730M(5548M) 1502.072ms
[31.539s][info][gc,cpu         ] GC(232) User=11.47s Sys=0.17s Real=1.50s
[31.627s][info][gc,start       ] GC(233) Pause Young (Allocation Failure)
[31.686s][info][gc,heap        ] GC(233) PSYoungGen: 84480K(335360K)->84768K(322560K) Eden: 84480K(84480K)->0K(91648K) From: 0K(250880K)->84768K(230912K)
[31.686s][info][gc,heap        ] GC(233) ParOldGen: 4843910K(5346304K)->4843910K(5346304K)
[31.687s][info][gc,metaspace   ] GC(233) Metaspace: 6302K(6464K)->6302K(6464K) NonClass: 5769K(5824K)->5769K(5824K) Class: 533K(640K)->533K(640K)
[31.687s][info][gc             ] GC(233) Pause Young (Allocation Failure) 4812M->4813M(5536M) 59.679ms
[31.687s][info][gc,cpu         ] GC(233) User=0.19s Sys=0.00s Real=0.06s
[31.790s][info][gc,start       ] GC(234) Pause Young (Allocation Failure)
[31.882s][info][gc,heap        ] GC(234) PSYoungGen: 176416K(322560K)->176576K(333312K) Eden: 91648K(91648K)->0K(91648K) From: 84768K(230912K)->176576K(241664K)
[31.882s][info][gc,heap        ] GC(234) ParOldGen: 4843910K(5346304K)->4843910K(5346304K)
[31.882s][info][gc,metaspace   ] GC(234) Metaspace: 6302K(6464K)->6302K(6464K) NonClass: 5769K(5824K)->5769K(5824K) Class: 533K(640K)->533K(640K)
[31.882s][info][gc             ] GC(234) Pause Young (Allocation Failure) 4902M->4902M(5546M) 91.789ms
[31.882s][info][gc,cpu         ] GC(234) User=0.58s Sys=0.00s Real=0.09s
[31.984s][info][gc,start       ] GC(235) Pause Young (Allocation Failure)
[32.125s][info][gc,heap        ] GC(235) PSYoungGen: 268224K(333312K)->253440K(310784K) Eden: 91648K(91648K)->0K(57344K) From: 176576K(241664K)->253440K(253440K)
[32.125s][info][gc,heap        ] GC(235) ParOldGen: 4843910K(5346304K)->4858854K(5346304K)
[32.125s][info][gc,metaspace   ] GC(235) Metaspace: 6302K(6464K)->6302K(6464K) NonClass: 5769K(5824K)->5769K(5824K) Class: 533K(640K)->533K(640K)
[32.125s][info][gc             ] GC(235) Pause Young (Allocation Failure) 4992M->4992M(5524M) 141.447ms
[32.125s][info][gc,cpu         ] GC(235) User=0.98s Sys=0.03s Real=0.14s
[32.187s][info][gc,start       ] GC(236) Pause Young (Allocation Failure)
[32.359s][info][gc,heap        ] GC(236) PSYoungGen: 310784K(310784K)->142784K(200192K) Eden: 57344K(57344K)->0K(57344K) From: 253440K(253440K)->142784K(142848K)
[32.359s][info][gc,heap        ] GC(236) ParOldGen: 4858854K(5346304K)->5028222K(5346304K)
[32.359s][info][gc,metaspace   ] GC(236) Metaspace: 6302K(6464K)->6302K(6464K) NonClass: 5769K(5824K)->5769K(5824K) Class: 533K(640K)->533K(640K)
[32.359s][info][gc             ] GC(236) Pause Young (Allocation Failure) 5048M->5049M(5416M) 172.061ms
[32.359s][info][gc,cpu         ] GC(236) User=1.16s Sys=0.06s Real=0.17s
[32.421s][info][gc,start       ] GC(237) Pause Young (Allocation Failure)
[32.533s][info][gc,heap        ] GC(237) PSYoungGen: 200128K(200192K)->114976K(323072K) Eden: 57344K(57344K)->0K(64000K) From: 142784K(142848K)->114976K(259072K)
[32.533s][info][gc,heap        ] GC(237) ParOldGen: 5028222K(5346304K)->5114118K(5346304K)
[32.533s][info][gc,metaspace   ] GC(237) Metaspace: 6302K(6464K)->6302K(6464K) NonClass: 5769K(5824K)->5769K(5824K) Class: 533K(640K)->533K(640K)
[32.533s][info][gc             ] GC(237) Pause Young (Allocation Failure) 5105M->5106M(5536M) 111.516ms
[32.533s][info][gc,cpu         ] GC(237) User=0.73s Sys=0.03s Real=0.11s
[32.606s][info][gc,start       ] GC(238) Pause Young (Allocation Failure)
[32.707s][info][gc,heap        ] GC(238) PSYoungGen: 178976K(323072K)->121664K(185856K) Eden: 64000K(64000K)->0K(64000K) From: 114976K(259072K)->121664K(121856K)
[32.707s][info][gc,heap        ] GC(238) ParOldGen: 5114118K(5346304K)->5171990K(5346304K)
[32.707s][info][gc,metaspace   ] GC(238) Metaspace: 6302K(6464K)->6302K(6464K) NonClass: 5769K(5824K)->5769K(5824K) Class: 533K(640K)->533K(640K)
[32.707s][info][gc             ] GC(238) Pause Young (Allocation Failure) 5169M->5169M(5402M) 100.714ms
[32.707s][info][gc,cpu         ] GC(238) User=0.58s Sys=0.03s Real=0.10s
[32.780s][info][gc,start       ] GC(239) Pause Young (Allocation Failure)
[32.880s][info][gc,heap        ] GC(239) PSYoungGen: 185664K(185856K)->128320K(306688K) Eden: 64000K(64000K)->0K(71680K) From: 121664K(121856K)->128320K(235008K)
[32.880s][info][gc,heap        ] GC(239) ParOldGen: 5171990K(5346304K)->5229846K(5346304K)
[32.880s][info][gc,metaspace   ] GC(239) Metaspace: 6302K(6464K)->6302K(6464K) NonClass: 5769K(5824K)->5769K(5824K) Class: 533K(640K)->533K(640K)
[32.880s][info][gc             ] GC(239) Pause Young (Allocation Failure) 5232M->5232M(5520M) 99.693ms
[32.880s][info][gc,cpu         ] GC(239) User=0.53s Sys=0.11s Real=0.10s
[32.880s][info][gc,start       ] GC(240) Pause Full (Ergonomics)
[32.880s][info][gc,phases,start] GC(240) Marking Phase
[34.114s][info][gc,phases      ] GC(240) Marking Phase 1234.242ms
[34.114s][info][gc,phases,start] GC(240) Summary Phase
[34.114s][info][gc,phases      ] GC(240) Summary Phase 0.071ms
[34.114s][info][gc,phases,start] GC(240) Adjust Roots
[34.115s][info][gc,phases      ] GC(240) Adjust Roots 0.189ms
[34.115s][info][gc,phases,start] GC(240) Compaction Phase
[34.547s][info][gc,phases      ] GC(240) Compaction Phase 432.692ms
[34.547s][info][gc,phases,start] GC(240) Post Compact
[34.555s][info][gc,phases      ] GC(240) Post Compact 7.669ms
[34.557s][info][gc,heap        ] GC(240) PSYoungGen: 128320K(306688K)->7867K(314880K) Eden: 0K(71680K)->0K(79872K) From: 128320K(235008K)->7867K(235008K)
[34.557s][info][gc,heap        ] GC(240) ParOldGen: 5229846K(5346304K)->5346283K(5899776K)
[34.557s][info][gc,metaspace   ] GC(240) Metaspace: 6302K(6464K)->6302K(6464K) NonClass: 5769K(5824K)->5769K(5824K) Class: 533K(640K)->533K(640K)
[34.557s][info][gc             ] GC(240) Pause Full (Ergonomics) 5232M->5228M(6069M) 1676.972ms
[34.557s][info][gc,cpu         ] GC(240) User=12.81s Sys=0.12s Real=1.68s
[34.647s][info][gc,start       ] GC(241) Pause Young (Allocation Failure)
[34.928s][info][gc,heap        ] GC(241) PSYoungGen: 87739K(314880K)->83808K(326656K) Eden: 79872K(79872K)->0K(79872K) From: 7867K(235008K)->83808K(246784K)
[34.928s][info][gc,heap        ] GC(241) ParOldGen: 5346283K(5899776K)->5350491K(5899776K)
[34.928s][info][gc,metaspace   ] GC(241) Metaspace: 6302K(6464K)->6302K(6464K) NonClass: 5769K(5824K)->5769K(5824K) Class: 533K(640K)->533K(640K)
[34.928s][info][gc             ] GC(241) Pause Young (Allocation Failure) 5306M->5306M(6080M) 281.541ms
[34.928s][info][gc,cpu         ] GC(241) User=1.83s Sys=0.00s Real=0.28s
[35.021s][info][gc,start       ] GC(242) Pause Young (Allocation Failure)
[35.122s][info][gc,heap        ] GC(242) PSYoungGen: 163680K(326656K)->163872K(327680K) Eden: 79872K(79872K)->0K(84992K) From: 83808K(246784K)->163872K(242688K)
[35.123s][info][gc,heap        ] GC(242) ParOldGen: 5350491K(5899776K)->5350491K(5899776K)
[35.123s][info][gc,metaspace   ] GC(242) Metaspace: 6302K(6464K)->6302K(6464K) NonClass: 5769K(5824K)->5769K(5824K) Class: 533K(640K)->533K(640K)
[35.123s][info][gc             ] GC(242) Pause Young (Allocation Failure) 5384M->5385M(6081M) 101.210ms
[35.123s][info][gc,cpu         ] GC(242) User=0.73s Sys=0.00s Real=0.10s
[35.217s][info][gc,start       ] GC(243) Pause Young (Allocation Failure)
[35.362s][info][gc,heap        ] GC(243) PSYoungGen: 248864K(327680K)->245248K(330240K) Eden: 84992K(84992K)->0K(84992K) From: 163872K(242688K)->245248K(245248K)
[35.362s][info][gc,heap        ] GC(243) ParOldGen: 5350491K(5899776K)->5354219K(5899776K)
[35.362s][info][gc,metaspace   ] GC(243) Metaspace: 6302K(6464K)->6302K(6464K) NonClass: 5769K(5824K)->5769K(5824K) Class: 533K(640K)->533K(640K)
[35.362s][info][gc             ] GC(243) Pause Young (Allocation Failure) 5468M->5468M(6084M) 145.030ms
[35.362s][info][gc,cpu         ] GC(243) User=1.00s Sys=0.00s Real=0.14s
[35.460s][info][gc,start       ] GC(244) Pause Young (Allocation Failure)
[35.654s][info][gc,heap        ] GC(244) PSYoungGen: 330240K(330240K)->248416K(346112K) Eden: 84992K(84992K)->0K(68096K) From: 245248K(245248K)->248416K(278016K)
[35.654s][info][gc,heap        ] GC(244) ParOldGen: 5354219K(5899776K)->5436939K(5899776K)
[35.654s][info][gc,metaspace   ] GC(244) Metaspace: 6302K(6464K)->6302K(6464K) NonClass: 5769K(5824K)->5769K(5824K) Class: 533K(640K)->533K(640K)
[35.654s][info][gc             ] GC(244) Pause Young (Allocation Failure) 5551M->5552M(6099M) 193.265ms
[35.654s][info][gc,cpu         ] GC(244) User=1.38s Sys=0.05s Real=0.19s
[35.734s][info][gc,start       ] GC(245) Pause Young (Allocation Failure)
[35.923s][info][gc,heap        ] GC(245) PSYoungGen: 316512K(346112K)->237760K(372224K) Eden: 68096K(68096K)->0K(68096K) From: 248416K(278016K)->237760K(304128K)
[35.924s][info][gc,heap        ] GC(245) ParOldGen: 5436939K(5899776K)->5516323K(5899776K)
[35.924s][info][gc,metaspace   ] GC(245) Metaspace: 6302K(6464K)->6302K(6464K) NonClass: 5769K(5824K)->5769K(5824K) Class: 533K(640K)->533K(640K)
[35.924s][info][gc             ] GC(245) Pause Young (Allocation Failure) 5618M->5619M(6125M) 189.093ms
[35.924s][info][gc,cpu         ] GC(245) User=1.17s Sys=0.09s Real=0.19s
[37.048s][info][gc,start       ] GC(246) Pause Full (Ergonomics)
[37.048s][info][gc,phases,start] GC(246) Marking Phase
[38.376s][info][gc,phases      ] GC(246) Marking Phase 1328.439ms
[38.376s][info][gc,phases,start] GC(246) Summary Phase
[38.376s][info][gc,phases      ] GC(246) Summary Phase 0.098ms
[38.376s][info][gc,phases,start] GC(246) Adjust Roots
[38.376s][info][gc,phases      ] GC(246) Adjust Roots 0.198ms
[38.377s][info][gc,phases,start] GC(246) Compaction Phase
[39.297s][info][gc,phases      ] GC(246) Compaction Phase 920.372ms
[39.297s][info][gc,phases,start] GC(246) Post Compact
[39.308s][info][gc,phases      ] GC(246) Post Compact 10.845ms
[39.310s][info][gc,heap        ] GC(246) PSYoungGen: 305856K(372224K)->51671K(372224K) Eden: 68096K(68096K)->0K(68096K) From: 237760K(304128K)->51671K(304128K)
[39.310s][info][gc,heap        ] GC(246) ParOldGen: 5778467K(5899776K)->5899286K(6499328K)
[39.310s][info][gc,metaspace   ] GC(246) Metaspace: 6302K(6464K)->6302K(6464K) NonClass: 5769K(5824K)->5769K(5824K) Class: 533K(640K)->533K(640K)
[39.310s][info][gc             ] GC(246) Pause Full (Ergonomics) 5941M->5811M(6710M) 2262.413ms
[39.310s][info][gc,cpu         ] GC(246) User=15.75s Sys=0.11s Real=2.26s
[39.384s][info][gc,start       ] GC(247) Pause Young (Allocation Failure)
[39.687s][info][gc,heap        ] GC(247) PSYoungGen: 119767K(372224K)->106880K(380416K) Eden: 68096K(68096K)->0K(74752K) From: 51671K(304128K)->106880K(305664K)
[39.687s][info][gc,heap        ] GC(247) ParOldGen: 5899286K(6499328K)->5912662K(6499328K)
[39.687s][info][gc,metaspace   ] GC(247) Metaspace: 6302K(6464K)->6302K(6464K) NonClass: 5769K(5824K)->5769K(5824K) Class: 533K(640K)->533K(640K)
[39.687s][info][gc             ] GC(247) Pause Young (Allocation Failure) 5877M->5878M(6718M) 303.477ms
[39.687s][info][gc,cpu         ] GC(247) User=1.95s Sys=0.00s Real=0.30s
[39.764s][info][gc,start       ] GC(248) Pause Young (Allocation Failure)
[39.884s][info][gc,heap        ] GC(248) PSYoungGen: 181632K(380416K)->181728K(388608K) Eden: 74752K(74752K)->0K(74752K) From: 106880K(305664K)->181728K(313856K)
[39.884s][info][gc,heap        ] GC(248) ParOldGen: 5912662K(6499328K)->5912662K(6499328K)
[39.884s][info][gc,metaspace   ] GC(248) Metaspace: 6302K(6464K)->6302K(6464K) NonClass: 5769K(5824K)->5769K(5824K) Class: 533K(640K)->533K(640K)
[39.884s][info][gc             ] GC(248) Pause Young (Allocation Failure) 5951M->5951M(6726M) 119.186ms
[39.884s][info][gc,cpu         ] GC(248) User=0.47s Sys=0.00s Real=0.12s
[39.957s][info][gc,start       ] GC(249) Pause Young (Allocation Failure)
[40.093s][info][gc,heap        ] GC(249) PSYoungGen: 256480K(388608K)->228800K(378880K) Eden: 74752K(74752K)->0K(71168K) From: 181728K(313856K)->228800K(307712K)
[40.093s][info][gc,heap        ] GC(249) ParOldGen: 5912662K(6499328K)->5940766K(6499328K)
[40.093s][info][gc,metaspace   ] GC(249) Metaspace: 6302K(6464K)->6302K(6464K) NonClass: 5769K(5824K)->5769K(5824K) Class: 533K(640K)->533K(640K)
[40.093s][info][gc             ] GC(249) Pause Young (Allocation Failure) 6024M->6024M(6717M) 135.927ms
[40.093s][info][gc,cpu         ] GC(249) User=0.61s Sys=0.00s Real=0.14s
[40.169s][info][gc,start       ] GC(250) Pause Young (Allocation Failure)
[40.320s][info][gc,heap        ] GC(250) PSYoungGen: 299968K(378880K)->289376K(390144K) Eden: 71168K(71168K)->0K(71168K) From: 228800K(307712K)->289376K(318976K)
[40.320s][info][gc,heap        ] GC(250) ParOldGen: 5940766K(6499328K)->5951526K(6499328K)
[40.320s][info][gc,metaspace   ] GC(250) Metaspace: 6302K(6464K)->6302K(6464K) NonClass: 5769K(5824K)->5769K(5824K) Class: 533K(640K)->533K(640K)
[40.320s][info][gc             ] GC(250) Pause Young (Allocation Failure) 6094M->6094M(6728M) 150.689ms
[40.320s][info][gc,cpu         ] GC(250) User=0.73s Sys=0.00s Real=0.15s
[40.393s][info][gc,start       ] GC(251) Pause Young (Allocation Failure)
[40.561s][info][gc,heap        ] GC(251) PSYoungGen: 360544K(390144K)->292448K(403456K) Eden: 71168K(71168K)->0K(53760K) From: 289376K(318976K)->292448K(349696K)
[40.561s][info][gc,heap        ] GC(251) ParOldGen: 5951526K(6499328K)->6020246K(6499328K)
[40.561s][info][gc,metaspace   ] GC(251) Metaspace: 6302K(6464K)->6302K(6464K) NonClass: 5769K(5824K)->5769K(5824K) Class: 533K(640K)->533K(640K)
[40.561s][info][gc             ] GC(251) Pause Young (Allocation Failure) 6164M->6164M(6741M) 167.800ms
[40.561s][info][gc,cpu         ] GC(251) User=1.17s Sys=0.09s Real=0.17s
[40.618s][info][gc,start       ] GC(252) Pause Young (Allocation Failure)
[40.785s][info][gc,heap        ] GC(252) PSYoungGen: 346208K(403456K)->196512K(250368K) Eden: 53760K(53760K)->0K(53760K) From: 292448K(349696K)->196512K(196608K)
[40.785s][info][gc,heap        ] GC(252) ParOldGen: 6020246K(6499328K)->6171070K(6499328K)
[40.785s][info][gc,metaspace   ] GC(252) Metaspace: 6302K(6464K)->6302K(6464K) NonClass: 5769K(5824K)->5769K(5824K) Class: 533K(640K)->533K(640K)
[40.785s][info][gc             ] GC(252) Pause Young (Allocation Failure) 6217M->6218M(6591M) 167.426ms
[40.785s][info][gc,cpu         ] GC(252) User=0.84s Sys=0.09s Real=0.17s
[40.841s][info][gc,start       ] GC(253) Pause Young (Allocation Failure)
[40.978s][info][gc,heap        ] GC(253) PSYoungGen: 250272K(250368K)->107840K(414208K) Eden: 53760K(53760K)->0K(60928K) From: 196512K(196608K)->107840K(353280K)
[40.978s][info][gc,heap        ] GC(253) ParOldGen: 6171070K(6499328K)->6314662K(6499328K)
[40.978s][info][gc,metaspace   ] GC(253) Metaspace: 6302K(6464K)->6302K(6464K) NonClass: 5769K(5824K)->5769K(5824K) Class: 533K(640K)->533K(640K)
[40.978s][info][gc             ] GC(253) Pause Young (Allocation Failure) 6270M->6271M(6751M) 136.197ms
[40.978s][info][gc,cpu         ] GC(253) User=0.67s Sys=0.08s Real=0.14s
[41.045s][info][gc,start       ] GC(254) Pause Young (Allocation Failure)
[41.160s][info][gc,heap        ] GC(254) PSYoungGen: 168768K(414208K)->61120K(417280K) Eden: 60928K(60928K)->0K(60928K) From: 107840K(353280K)->61120K(356352K)
[41.160s][info][gc,heap        ] GC(254) ParOldGen: 6314662K(6499328K)->6423126K(6499328K)
[41.160s][info][gc,metaspace   ] GC(254) Metaspace: 6302K(6464K)->6302K(6464K) NonClass: 5769K(5824K)->5769K(5824K) Class: 533K(640K)->533K(640K)
[41.160s][info][gc             ] GC(254) Pause Young (Allocation Failure) 6331M->6332M(6754M) 115.253ms
[41.161s][info][gc,cpu         ] GC(254) User=0.33s Sys=0.06s Real=0.12s
[41.161s][info][gc,start       ] GC(255) Pause Full (Ergonomics)
[41.161s][info][gc,phases,start] GC(255) Marking Phase
[42.618s][info][gc,phases      ] GC(255) Marking Phase 1457.864ms
[42.618s][info][gc,phases,start] GC(255) Summary Phase
[42.619s][info][gc,phases      ] GC(255) Summary Phase 0.106ms
[42.619s][info][gc,phases,start] GC(255) Adjust Roots
[42.619s][info][gc,phases      ] GC(255) Adjust Roots 0.162ms
[42.619s][info][gc,phases,start] GC(255) Compaction Phase
[43.239s][info][gc,phases      ] GC(255) Compaction Phase 619.786ms
[43.239s][info][gc,phases,start] GC(255) Post Compact
[43.248s][info][gc,phases      ] GC(255) Post Compact 9.270ms
[43.250s][info][gc,heap        ] GC(255) PSYoungGen: 61120K(417280K)->0K(428544K) Eden: 0K(60928K)->0K(69120K) From: 61120K(356352K)->0K(359424K)
[43.250s][info][gc,heap        ] GC(255) ParOldGen: 6423126K(6499328K)->6479101K(7173632K)
[43.250s][info][gc,metaspace   ] GC(255) Metaspace: 6302K(6464K)->6302K(6464K) NonClass: 5769K(5824K)->5769K(5824K) Class: 533K(640K)->533K(640K)
[43.250s][info][gc             ] GC(255) Pause Full (Ergonomics) 6332M->6327M(7424M) 2089.492ms
[43.250s][info][gc,cpu         ] GC(255) User=15.19s Sys=0.06s Real=2.09s
[43.327s][info][gc,start       ] GC(256) Pause Young (Allocation Failure)
[43.405s][info][gc,heap        ] GC(256) PSYoungGen: 69120K(428544K)->69376K(428544K) Eden: 69120K(69120K)->0K(69120K) From: 0K(359424K)->69376K(359424K)
[43.405s][info][gc,heap        ] GC(256) ParOldGen: 6479101K(7173632K)->6479101K(7173632K)
[43.405s][info][gc,metaspace   ] GC(256) Metaspace: 6302K(6464K)->6302K(6464K) NonClass: 5769K(5824K)->5769K(5824K) Class: 533K(640K)->533K(640K)
[43.405s][info][gc             ] GC(256) Pause Young (Allocation Failure) 6394M->6394M(7424M) 77.687ms
[43.405s][info][gc,cpu         ] GC(256) User=0.20s Sys=0.00s Real=0.08s
[43.476s][info][gc,start       ] GC(257) Pause Young (Allocation Failure)
[43.582s][info][gc,heap        ] GC(257) PSYoungGen: 138496K(428544K)->69408K(425472K) Eden: 69120K(69120K)->0K(76800K) From: 69376K(359424K)->69408K(348672K)
[43.582s][info][gc,heap        ] GC(257) ParOldGen: 6479101K(7173632K)->6548861K(7173632K)
[43.582s][info][gc,metaspace   ] GC(257) Metaspace: 6302K(6464K)->6302K(6464K) NonClass: 5769K(5824K)->5769K(5824K) Class: 533K(640K)->533K(640K)
[43.582s][info][gc             ] GC(257) Pause Young (Allocation Failure) 6462M->6463M(7421M) 105.559ms
[43.582s][info][gc,cpu         ] GC(257) User=0.33s Sys=0.00s Real=0.11s
[43.668s][info][gc,start       ] GC(258) Pause Young (Allocation Failure)
[43.777s][info][gc,heap        ] GC(258) PSYoungGen: 146208K(425472K)->77024K(429568K) Eden: 76800K(76800K)->0K(76800K) From: 69408K(348672K)->77024K(352768K)
[43.777s][info][gc,heap        ] GC(258) ParOldGen: 6548861K(7173632K)->6618597K(7173632K)
[43.777s][info][gc,metaspace   ] GC(258) Metaspace: 6302K(6464K)->6302K(6464K) NonClass: 5769K(5824K)->5769K(5824K) Class: 533K(640K)->533K(640K)
[43.777s][info][gc             ] GC(258) Pause Young (Allocation Failure) 6538M->6538M(7425M) 108.901ms
[43.777s][info][gc,cpu         ] GC(258) User=0.31s Sys=0.03s Real=0.11s
[43.865s][info][gc,start       ] GC(259) Pause Young (Allocation Failure)
[43.976s][info][gc,heap        ] GC(259) PSYoungGen: 153824K(429568K)->77056K(413696K) Eden: 76800K(76800K)->0K(85504K) From: 77024K(352768K)->77056K(328192K)
[43.976s][info][gc,heap        ] GC(259) ParOldGen: 6618597K(7173632K)->6696101K(7173632K)
[43.976s][info][gc,metaspace   ] GC(259) Metaspace: 6302K(6464K)->6302K(6464K) NonClass: 5769K(5824K)->5769K(5824K) Class: 533K(640K)->533K(640K)
[43.976s][info][gc             ] GC(259) Pause Young (Allocation Failure) 6613M->6614M(7409M) 110.870ms
[43.976s][info][gc,cpu         ] GC(259) User=0.41s Sys=0.02s Real=0.11s
[44.066s][info][gc,start       ] GC(260) Pause Young (Allocation Failure)
[44.179s][info][gc,heap        ] GC(260) PSYoungGen: 162560K(413696K)->85792K(171520K) Eden: 85504K(85504K)->0K(85504K) From: 77056K(328192K)->85792K(86016K)
[44.179s][info][gc,heap        ] GC(260) ParOldGen: 6696101K(7173632K)->6773589K(7173632K)
[44.179s][info][gc,metaspace   ] GC(260) Metaspace: 6302K(6464K)->6302K(6464K) NonClass: 5769K(5824K)->5769K(5824K) Class: 533K(640K)->533K(640K)
[44.179s][info][gc             ] GC(260) Pause Young (Allocation Failure) 6697M->6698M(7173M) 113.765ms
[44.179s][info][gc,cpu         ] GC(260) User=0.44s Sys=0.00s Real=0.11s
[44.276s][info][gc,start       ] GC(261) Pause Young (Allocation Failure)
[44.392s][info][gc,heap        ] GC(261) PSYoungGen: 171296K(171520K)->85792K(397312K) Eden: 85504K(85504K)->0K(95232K) From: 85792K(86016K)->85792K(302080K)
[44.392s][info][gc,heap        ] GC(261) ParOldGen: 6773589K(7173632K)->6859869K(7173632K)
[44.392s][info][gc,metaspace   ] GC(261) Metaspace: 6302K(6464K)->6302K(6464K) NonClass: 5769K(5824K)->5769K(5824K) Class: 533K(640K)->533K(640K)
[44.392s][info][gc             ] GC(261) Pause Young (Allocation Failure) 6782M->6782M(7393M) 115.611ms
[44.392s][info][gc,cpu         ] GC(261) User=0.39s Sys=0.00s Real=0.12s
[44.493s][info][gc,start       ] GC(262) Pause Young (Allocation Failure)
[44.615s][info][gc,heap        ] GC(262) PSYoungGen: 181024K(397312K)->95520K(190976K) Eden: 95232K(95232K)->0K(95232K) From: 85792K(302080K)->95520K(95744K)
[44.615s][info][gc,heap        ] GC(262) ParOldGen: 6859869K(7173632K)->6946141K(7173632K)
[44.615s][info][gc,metaspace   ] GC(262) Metaspace: 6302K(6464K)->6302K(6464K) NonClass: 5769K(5824K)->5769K(5824K) Class: 533K(640K)->533K(640K)
[44.615s][info][gc             ] GC(262) Pause Young (Allocation Failure) 6875M->6876M(7192M) 121.969ms
[44.615s][info][gc,cpu         ] GC(262) User=0.41s Sys=0.03s Real=0.12s
[44.705s][info][gc,start       ] GC(263) Pause Young (Allocation Failure)
[44.838s][info][gc,heap        ] GC(263) PSYoungGen: 190752K(190976K)->95520K(381440K) Eden: 95232K(95232K)->0K(106496K) From: 95520K(95744K)->95520K(274944K)
[44.839s][info][gc,heap        ] GC(263) ParOldGen: 6946141K(7173632K)->7042237K(7173632K)
[44.839s][info][gc,metaspace   ] GC(263) Metaspace: 6302K(6464K)->6302K(6464K) NonClass: 5769K(5824K)->5769K(5824K) Class: 533K(640K)->533K(640K)
[44.839s][info][gc             ] GC(263) Pause Young (Allocation Failure) 6969M->6970M(7378M) 133.677ms
[44.839s][info][gc,cpu         ] GC(263) User=0.44s Sys=0.03s Real=0.13s
[44.839s][info][gc,start       ] GC(264) Pause Full (Ergonomics)
[44.839s][info][gc,phases,start] GC(264) Marking Phase
[46.431s][info][gc,phases      ] GC(264) Marking Phase 1592.300ms
[46.431s][info][gc,phases,start] GC(264) Summary Phase
[46.431s][info][gc,phases      ] GC(264) Summary Phase 0.193ms
[46.431s][info][gc,phases,start] GC(264) Adjust Roots
[46.431s][info][gc,phases      ] GC(264) Adjust Roots 0.217ms
[46.431s][info][gc,phases,start] GC(264) Compaction Phase
[47.142s][info][gc,phases      ] GC(264) Compaction Phase 710.053ms
[47.142s][info][gc,phases,start] GC(264) Post Compact
[47.152s][info][gc,phases      ] GC(264) Post Compact 10.316ms
[47.154s][info][gc,heap        ] GC(264) PSYoungGen: 95520K(381440K)->0K(393728K) Eden: 0K(106496K)->0K(106496K) From: 95520K(274944K)->0K(287232K)
[47.154s][info][gc,heap        ] GC(264) ParOldGen: 7042237K(7173632K)->7132173K(7849984K)
[47.154s][info][gc,metaspace   ] GC(264) Metaspace: 6302K(6464K)->6302K(6464K) NonClass: 5769K(5824K)->5769K(5824K) Class: 533K(640K)->533K(640K)
[47.154s][info][gc             ] GC(264) Pause Full (Ergonomics) 6970M->6965M(8050M) 2315.769ms
[47.154s][info][gc,cpu         ] GC(264) User=16.62s Sys=0.06s Real=2.32s
[47.265s][info][gc,start       ] GC(265) Pause Young (Allocation Failure)
[47.374s][info][gc,heap        ] GC(265) PSYoungGen: 106496K(393728K)->106784K(372224K) Eden: 106496K(106496K)->0K(116224K) From: 0K(287232K)->106784K(256000K)
[47.374s][info][gc,heap        ] GC(265) ParOldGen: 7132173K(7849984K)->7132173K(7849984K)
[47.374s][info][gc,metaspace   ] GC(265) Metaspace: 6302K(6464K)->6302K(6464K) NonClass: 5769K(5824K)->5769K(5824K) Class: 533K(640K)->533K(640K)
[47.374s][info][gc             ] GC(265) Pause Young (Allocation Failure) 7069M->7069M(8029M) 108.696ms
[47.374s][info][gc,cpu         ] GC(265) User=0.34s Sys=0.00s Real=0.11s
[47.492s][info][gc,start       ] GC(266) Pause Young (Allocation Failure)
[47.632s][info][gc,heap        ] GC(266) PSYoungGen: 223008K(372224K)->223264K(389120K) Eden: 116224K(116224K)->0K(116224K) From: 106784K(256000K)->223264K(272896K)
[47.632s][info][gc,heap        ] GC(266) ParOldGen: 7132173K(7849984K)->7132173K(7849984K)
[47.632s][info][gc,metaspace   ] GC(266) Metaspace: 6302K(6464K)->6302K(6464K) NonClass: 5769K(5824K)->5769K(5824K) Class: 533K(640K)->533K(640K)
[47.632s][info][gc             ] GC(266) Pause Young (Allocation Failure) 7182M->7183M(8046M) 139.319ms
[47.632s][info][gc,cpu         ] GC(266) User=0.52s Sys=0.00s Real=0.14s
[47.757s][info][gc,start       ] GC(267) Pause Young (Allocation Failure)
[47.924s][info][gc,heap        ] GC(267) PSYoungGen: 339488K(389120K)->295936K(361472K) Eden: 116224K(116224K)->0K(65536K) From: 223264K(272896K)->295936K(295936K)
[47.924s][info][gc,heap        ] GC(267) ParOldGen: 7132173K(7849984K)->7176157K(7849984K)
[47.924s][info][gc,metaspace   ] GC(267) Metaspace: 6302K(6464K)->6302K(6464K) NonClass: 5769K(5824K)->5769K(5824K) Class: 533K(640K)->533K(640K)
[47.924s][info][gc             ] GC(267) Pause Young (Allocation Failure) 7296M->7296M(8019M) 166.262ms
[47.924s][info][gc,cpu         ] GC(267) User=1.12s Sys=0.05s Real=0.17s
[47.990s][info][gc,start       ] GC(268) Pause Young (Allocation Failure)
[48.175s][info][gc,heap        ] GC(268) PSYoungGen: 361472K(361472K)->164576K(230400K) Eden: 65536K(65536K)->0K(65536K) From: 295936K(295936K)->164576K(164864K)
[48.175s][info][gc,heap        ] GC(268) ParOldGen: 7176157K(7849984K)->7374629K(7849984K)
[48.175s][info][gc,metaspace   ] GC(268) Metaspace: 6302K(6464K)->6302K(6464K) NonClass: 5769K(5824K)->5769K(5824K) Class: 533K(640K)->533K(640K)
[48.175s][info][gc             ] GC(268) Pause Young (Allocation Failure) 7360M->7362M(7891M) 185.301ms
[48.175s][info][gc,cpu         ] GC(268) User=1.20s Sys=0.09s Real=0.18s
[48.245s][info][gc,start       ] GC(269) Pause Young (Allocation Failure)
[48.382s][info][gc,heap        ] GC(269) PSYoungGen: 230112K(230400K)->131392K(384000K) Eden: 65536K(65536K)->0K(73216K) From: 164576K(164864K)->131392K(310784K)
[48.382s][info][gc,heap        ] GC(269) ParOldGen: 7374629K(7849984K)->7474197K(7849984K)
[48.382s][info][gc,metaspace   ] GC(269) Metaspace: 6302K(6464K)->6302K(6464K) NonClass: 5769K(5824K)->5769K(5824K) Class: 533K(640K)->533K(640K)
[48.382s][info][gc             ] GC(269) Pause Young (Allocation Failure) 7426M->7427M(8041M) 137.421ms
[48.382s][info][gc,cpu         ] GC(269) User=0.64s Sys=0.06s Real=0.14s
[48.465s][info][gc,start       ] GC(270) Pause Young (Allocation Failure)
[48.592s][info][gc,heap        ] GC(270) PSYoungGen: 204608K(384000K)->139104K(212480K) Eden: 73216K(73216K)->0K(73216K) From: 131392K(310784K)->139104K(139264K)
[48.593s][info][gc,heap        ] GC(270) ParOldGen: 7474197K(7849984K)->7540333K(7849984K)
[48.593s][info][gc,metaspace   ] GC(270) Metaspace: 6302K(6464K)->6302K(6464K) NonClass: 5769K(5824K)->5769K(5824K) Class: 533K(640K)->533K(640K)
[48.593s][info][gc             ] GC(270) Pause Young (Allocation Failure) 7498M->7499M(7873M) 127.531ms
[48.593s][info][gc,cpu         ] GC(270) User=0.53s Sys=0.05s Real=0.13s
[48.669s][info][gc,start       ] GC(271) Pause Young (Allocation Failure)
[48.810s][info][gc,heap        ] GC(271) PSYoungGen: 212320K(212480K)->146816K(361984K) Eden: 73216K(73216K)->0K(82432K) From: 139104K(139264K)->146816K(279552K)
[48.810s][info][gc,heap        ] GC(271) ParOldGen: 7540333K(7849984K)->7606461K(7849984K)
[48.810s][info][gc,metaspace   ] GC(271) Metaspace: 6302K(6464K)->6302K(6464K) NonClass: 5769K(5824K)->5769K(5824K) Class: 533K(640K)->533K(640K)
[48.810s][info][gc             ] GC(271) Pause Young (Allocation Failure) 7570M->7571M(8019M) 140.463ms
[48.810s][info][gc,cpu         ] GC(271) User=0.55s Sys=0.02s Real=0.14s
[48.903s][info][gc,start       ] GC(272) Pause Young (Allocation Failure)
[49.036s][info][gc,heap        ] GC(272) PSYoungGen: 229248K(361984K)->156000K(238592K) Eden: 82432K(82432K)->0K(82432K) From: 146816K(279552K)->156000K(156160K)
[49.036s][info][gc,heap        ] GC(272) ParOldGen: 7606461K(7849984K)->7680341K(7849984K)
[49.036s][info][gc,metaspace   ] GC(272) Metaspace: 6302K(6464K)->6302K(6464K) NonClass: 5769K(5824K)->5769K(5824K) Class: 533K(640K)->533K(640K)
[49.036s][info][gc             ] GC(272) Pause Young (Allocation Failure) 7652M->7652M(7899M) 133.084ms
[49.036s][info][gc,cpu         ] GC(272) User=0.67s Sys=0.00s Real=0.13s
[49.131s][info][gc,start       ] GC(273) Pause Young (Allocation Failure)
[49.269s][info][gc,heap        ] GC(273) PSYoungGen: 238432K(238592K)->165248K(360448K) Eden: 82432K(82432K)->0K(92672K) From: 156000K(156160K)->165248K(267776K)
[49.269s][info][gc,heap        ] GC(273) ParOldGen: 7680341K(7849984K)->7754229K(7849984K)
[49.269s][info][gc,metaspace   ] GC(273) Metaspace: 6302K(6464K)->6302K(6464K) NonClass: 5769K(5824K)->5769K(5824K) Class: 533K(640K)->533K(640K)
[49.269s][info][gc             ] GC(273) Pause Young (Allocation Failure) 7733M->7733M(8018M) 137.737ms
[49.269s][info][gc,cpu         ] GC(273) User=0.70s Sys=0.00s Real=0.14s
[49.269s][info][gc,start       ] GC(274) Pause Full (Ergonomics)
[49.269s][info][gc,phases,start] GC(274) Marking Phase
[51.055s][info][gc,phases      ] GC(274) Marking Phase 1785.676ms
[51.055s][info][gc,phases,start] GC(274) Summary Phase
[51.055s][info][gc,phases      ] GC(274) Summary Phase 0.128ms
[51.055s][info][gc,phases,start] GC(274) Adjust Roots
[51.055s][info][gc,phases      ] GC(274) Adjust Roots 0.240ms
[51.055s][info][gc,phases,start] GC(274) Compaction Phase
[51.798s][info][gc,phases      ] GC(274) Compaction Phase 742.441ms
[51.798s][info][gc,phases,start] GC(274) Post Compact
[51.810s][info][gc,phases      ] GC(274) Post Compact 12.089ms
[51.812s][info][gc,heap        ] GC(274) PSYoungGen: 165248K(360448K)->63618K(368128K) Eden: 0K(92672K)->0K(100352K) From: 165248K(267776K)->63618K(267776K)
[51.812s][info][gc,heap        ] GC(274) ParOldGen: 7754229K(7849984K)->7849596K(8620032K)
[51.812s][info][gc,metaspace   ] GC(274) Metaspace: 6302K(6464K)->6302K(6464K) NonClass: 5769K(5824K)->5769K(5824K) Class: 533K(640K)->533K(640K)
[51.812s][info][gc             ] GC(274) Pause Full (Ergonomics) 7733M->7727M(8777M) 2543.358ms
[51.812s][info][gc,cpu         ] GC(274) User=18.75s Sys=0.05s Real=2.54s
[51.918s][info][gc,start       ] GC(275) Pause Young (Allocation Failure)
[52.348s][info][gc,heap        ] GC(275) PSYoungGen: 163970K(368128K)->141568K(242176K) Eden: 100352K(100352K)->0K(100352K) From: 63618K(267776K)->141568K(141824K)
[52.348s][info][gc,heap        ] GC(275) ParOldGen: 7849596K(8620032K)->7872596K(8620032K)
[52.348s][info][gc,metaspace   ] GC(275) Metaspace: 6302K(6464K)->6302K(6464K) NonClass: 5769K(5824K)->5769K(5824K) Class: 533K(640K)->533K(640K)
[52.348s][info][gc             ] GC(275) Pause Young (Allocation Failure) 7825M->7826M(8654M) 430.376ms
[52.349s][info][gc,cpu         ] GC(275) User=2.92s Sys=0.00s Real=0.43s
[52.452s][info][gc,start       ] GC(276) Pause Young (Allocation Failure)
[52.592s][info][gc,heap        ] GC(276) PSYoungGen: 241920K(242176K)->242176K(352768K) Eden: 100352K(100352K)->0K(88064K) From: 141568K(141824K)->242176K(264704K)
[52.592s][info][gc,heap        ] GC(276) ParOldGen: 7872596K(8620032K)->7872596K(8620032K)
[52.592s][info][gc,metaspace   ] GC(276) Metaspace: 6302K(6464K)->6302K(6464K) NonClass: 5769K(5824K)->5769K(5824K) Class: 533K(640K)->533K(640K)
[52.592s][info][gc             ] GC(276) Pause Young (Allocation Failure) 7924M->7924M(8762M) 140.190ms
[52.592s][info][gc,cpu         ] GC(276) User=0.61s Sys=0.00s Real=0.14s
[52.685s][info][gc,start       ] GC(277) Pause Young (Allocation Failure)
[52.860s][info][gc,heap        ] GC(277) PSYoungGen: 330240K(352768K)->287232K(375296K) Eden: 88064K(88064K)->0K(88064K) From: 242176K(264704K)->287232K(287232K)
[52.860s][info][gc,heap        ] GC(277) ParOldGen: 7872596K(8620032K)->7915932K(8620032K)
[52.860s][info][gc,metaspace   ] GC(277) Metaspace: 6302K(6464K)->6302K(6464K) NonClass: 5769K(5824K)->5769K(5824K) Class: 533K(640K)->533K(640K)
[52.860s][info][gc             ] GC(277) Pause Young (Allocation Failure) 8010M->8010M(8784M) 175.478ms
[52.860s][info][gc,cpu         ] GC(277) User=1.19s Sys=0.02s Real=0.17s
[52.951s][info][gc,start       ] GC(278) Pause Young (Allocation Failure)
[53.152s][info][gc,heap        ] GC(278) PSYoungGen: 375296K(375296K)->175680K(406016K) Eden: 88064K(88064K)->0K(98816K) From: 287232K(287232K)->175680K(307200K)
[53.152s][info][gc,heap        ] GC(278) ParOldGen: 7915932K(8620032K)->8117276K(8620032K)
[53.152s][info][gc,metaspace   ] GC(278) Metaspace: 6302K(6464K)->6302K(6464K) NonClass: 5769K(5824K)->5769K(5824K) Class: 533K(640K)->533K(640K)
[53.152s][info][gc             ] GC(278) Pause Young (Allocation Failure) 8096M->8098M(8814M) 200.753ms
[53.152s][info][gc,cpu         ] GC(278) User=1.34s Sys=0.06s Real=0.20s
[53.258s][info][gc,start       ] GC(279) Pause Young (Allocation Failure)
[53.407s][info][gc,heap        ] GC(279) PSYoungGen: 274496K(406016K)->187360K(420864K) Eden: 98816K(98816K)->0K(98816K) From: 175680K(307200K)->187360K(322048K)
[53.407s][info][gc,heap        ] GC(279) ParOldGen: 8117276K(8620032K)->8205196K(8620032K)
[53.407s][info][gc,metaspace   ] GC(279) Metaspace: 6302K(6464K)->6302K(6464K) NonClass: 5769K(5824K)->5769K(5824K) Class: 533K(640K)->533K(640K)
[53.407s][info][gc             ] GC(279) Pause Young (Allocation Failure) 8195M->8195M(8829M) 149.794ms
[53.407s][info][gc,cpu         ] GC(279) User=0.78s Sys=0.03s Real=0.15s
[53.506s][info][gc,start       ] GC(280) Pause Young (Allocation Failure)
[53.659s][info][gc,heap        ] GC(280) PSYoungGen: 286176K(420864K)->198144K(410624K) Eden: 98816K(98816K)->0K(110592K) From: 187360K(322048K)->198144K(300032K)
[53.659s][info][gc,heap        ] GC(280) ParOldGen: 8205196K(8620032K)->8294060K(8620032K)
[53.659s][info][gc,metaspace   ] GC(280) Metaspace: 6302K(6464K)->6302K(6464K) NonClass: 5769K(5824K)->5769K(5824K) Class: 533K(640K)->533K(640K)
[53.659s][info][gc             ] GC(280) Pause Young (Allocation Failure) 8292M->8293M(8819M) 153.079ms
[53.659s][info][gc,cpu         ] GC(280) User=1.03s Sys=0.08s Real=0.15s
[53.783s][info][gc,start       ] GC(281) Pause Young (Allocation Failure)
[53.955s][info][gc,heap        ] GC(281) PSYoungGen: 308736K(410624K)->209952K(416256K) Eden: 110592K(110592K)->0K(110592K) From: 198144K(300032K)->209952K(305664K)
[53.955s][info][gc,heap        ] GC(281) ParOldGen: 8294060K(8620032K)->8393756K(8620032K)
[53.955s][info][gc,metaspace   ] GC(281) Metaspace: 6302K(6464K)->6302K(6464K) NonClass: 5769K(5824K)->5769K(5824K) Class: 533K(640K)->533K(640K)
[53.955s][info][gc             ] GC(281) Pause Young (Allocation Failure) 8401M->8402M(8824M) 171.311ms
[53.955s][info][gc,cpu         ] GC(281) User=0.91s Sys=0.03s Real=0.17s
[54.066s][info][gc,start       ] GC(282) Pause Young (Allocation Failure)
[54.251s][info][gc,heap        ] GC(282) PSYoungGen: 320544K(416256K)->221664K(425472K) Eden: 110592K(110592K)->0K(121344K) From: 209952K(305664K)->221664K(304128K)
[54.251s][info][gc,heap        ] GC(282) ParOldGen: 8393756K(8620032K)->8493460K(8620032K)
[54.251s][info][gc,metaspace   ] GC(282) Metaspace: 6302K(6464K)->6302K(6464K) NonClass: 5769K(5824K)->5769K(5824K) Class: 533K(640K)->533K(640K)
[54.251s][info][gc             ] GC(282) Pause Young (Allocation Failure) 8510M->8510M(8833M) 184.786ms
[54.251s][info][gc,cpu         ] GC(282) User=1.16s Sys=0.00s Real=0.19s
[54.251s][info][gc,start       ] GC(283) Pause Full (Ergonomics)
[54.251s][info][gc,phases,start] GC(283) Marking Phase
[56.275s][info][gc,phases      ] GC(283) Marking Phase 2024.211ms
[56.275s][info][gc,phases,start] GC(283) Summary Phase
[56.275s][info][gc,phases      ] GC(283) Summary Phase 0.169ms
[56.276s][info][gc,phases,start] GC(283) Adjust Roots
[56.276s][info][gc,phases      ] GC(283) Adjust Roots 0.394ms
[56.276s][info][gc,phases,start] GC(283) Compaction Phase
[57.087s][info][gc,phases      ] GC(283) Compaction Phase 811.293ms
[57.087s][info][gc,phases,start] GC(283) Post Compact
[57.102s][info][gc,phases      ] GC(283) Post Compact 14.875ms
[57.105s][info][gc,heap        ] GC(283) PSYoungGen: 221664K(425472K)->88771K(425472K) Eden: 0K(121344K)->0K(121344K) From: 221664K(304128K)->88771K(304128K)
[57.105s][info][gc,heap        ] GC(283) ParOldGen: 8493460K(8620032K)->8619833K(9480704K)
[57.105s][info][gc,metaspace   ] GC(283) Metaspace: 6302K(6464K)->6302K(6464K) NonClass: 5769K(5824K)->5769K(5824K) Class: 533K(640K)->533K(640K)
[57.105s][info][gc             ] GC(283) Pause Full (Ergonomics) 8510M->8504M(9674M) 2854.181ms
[57.105s][info][gc,cpu         ] GC(283) User=21.17s Sys=0.02s Real=2.85s
[57.237s][info][gc,start       ] GC(284) Pause Young (Allocation Failure)
[57.750s][info][gc,heap        ] GC(284) PSYoungGen: 210115K(425472K)->173792K(428032K) Eden: 121344K(121344K)->0K(121344K) From: 88771K(304128K)->173792K(306688K)
[57.750s][info][gc,heap        ] GC(284) ParOldGen: 8619833K(9480704K)->8656977K(9480704K)
[57.750s][info][gc,metaspace   ] GC(284) Metaspace: 6302K(6464K)->6302K(6464K) NonClass: 5769K(5824K)->5769K(5824K) Class: 533K(640K)->533K(640K)
[57.750s][info][gc             ] GC(284) Pause Young (Allocation Failure) 8622M->8623M(9676M) 513.082ms
[57.750s][info][gc,cpu         ] GC(284) User=3.47s Sys=0.03s Real=0.51s
[57.883s][info][gc,start       ] GC(285) Pause Young (Allocation Failure)
[58.058s][info][gc,heap        ] GC(285) PSYoungGen: 295136K(428032K)->295392K(400896K) Eden: 121344K(121344K)->0K(103936K) From: 173792K(306688K)->295392K(296960K)
[58.058s][info][gc,heap        ] GC(285) ParOldGen: 8656977K(9480704K)->8656977K(9480704K)
[58.058s][info][gc,metaspace   ] GC(285) Metaspace: 6302K(6464K)->6302K(6464K) NonClass: 5769K(5824K)->5769K(5824K) Class: 533K(640K)->533K(640K)
[58.058s][info][gc             ] GC(285) Pause Young (Allocation Failure) 8742M->8742M(9650M) 174.972ms
[58.058s][info][gc,cpu         ] GC(285) User=1.16s Sys=0.02s Real=0.18s
[58.173s][info][gc,start       ] GC(286) Pause Young (Allocation Failure)
[58.395s][info][gc,heap        ] GC(286) PSYoungGen: 399328K(400896K)->326656K(430592K) Eden: 103936K(103936K)->0K(103936K) From: 295392K(296960K)->326656K(326656K)
[58.395s][info][gc,heap        ] GC(286) ParOldGen: 8656977K(9480704K)->8730281K(9480704K)
[58.395s][info][gc,metaspace   ] GC(286) Metaspace: 6302K(6464K)->6302K(6464K) NonClass: 5769K(5824K)->5769K(5824K) Class: 533K(640K)->533K(640K)
[58.395s][info][gc             ] GC(286) Pause Young (Allocation Failure) 8844M->8844M(9679M) 221.651ms
[58.395s][info][gc,cpu         ] GC(286) User=1.47s Sys=0.06s Real=0.22s
[58.508s][info][gc,start       ] GC(287) Pause Young (Allocation Failure)
[58.762s][info][gc,heap        ] GC(287) PSYoungGen: 430592K(430592K)->201568K(476672K) Eden: 103936K(103936K)->0K(116224K) From: 326656K(326656K)->201568K(360448K)
[58.762s][info][gc,heap        ] GC(287) ParOldGen: 8730281K(9480704K)->8961249K(9480704K)
[58.762s][info][gc,metaspace   ] GC(287) Metaspace: 6302K(6464K)->6302K(6464K) NonClass: 5769K(5824K)->5769K(5824K) Class: 533K(640K)->533K(640K)
[58.762s][info][gc             ] GC(287) Pause Young (Allocation Failure) 8946M->8948M(9724M) 253.544ms
[58.762s][info][gc,cpu         ] GC(287) User=1.69s Sys=0.08s Real=0.25s
[58.907s][info][gc,start       ] GC(288) Pause Young (Allocation Failure)
[59.087s][info][gc,heap        ] GC(288) PSYoungGen: 317792K(476672K)->220672K(490496K) Eden: 116224K(116224K)->0K(116224K) From: 201568K(360448K)->220672K(374272K)
[59.087s][info][gc,heap        ] GC(288) ParOldGen: 8961249K(9480704K)->9059233K(9480704K)
[59.087s][info][gc,metaspace   ] GC(288) Metaspace: 6302K(6464K)->6302K(6464K) NonClass: 5769K(5824K)->5769K(5824K) Class: 533K(640K)->533K(640K)
[59.087s][info][gc             ] GC(288) Pause Young (Allocation Failure) 9061M->9062M(9737M) 180.238ms
[59.087s][info][gc,cpu         ] GC(288) User=1.20s Sys=0.06s Real=0.18s
[59.208s][info][gc,start       ] GC(289) Pause Young (Allocation Failure)
[59.397s][info][gc,heap        ] GC(289) PSYoungGen: 336896K(490496K)->232992K(474112K) Eden: 116224K(116224K)->0K(130048K) From: 220672K(374272K)->232992K(344064K)
[59.397s][info][gc,heap        ] GC(289) ParOldGen: 9059233K(9480704K)->9164097K(9480704K)
[59.397s][info][gc,metaspace   ] GC(289) Metaspace: 6302K(6464K)->6302K(6464K) NonClass: 5769K(5824K)->5769K(5824K) Class: 533K(640K)->533K(640K)
[59.397s][info][gc             ] GC(289) Pause Young (Allocation Failure) 9175M->9176M(9721M) 189.586ms
[59.397s][info][gc,cpu         ] GC(289) User=1.31s Sys=0.08s Real=0.19s
[59.540s][info][gc,start       ] GC(290) Pause Young (Allocation Failure)
[59.752s][info][gc,heap        ] GC(290) PSYoungGen: 363040K(474112K)->246880K(482304K) Eden: 130048K(130048K)->0K(130048K) From: 232992K(344064K)->246880K(352256K)
[59.752s][info][gc,heap        ] GC(290) ParOldGen: 9164097K(9480704K)->9281353K(9480704K)
[59.752s][info][gc,metaspace   ] GC(290) Metaspace: 6302K(6464K)->6302K(6464K) NonClass: 5769K(5824K)->5769K(5824K) Class: 533K(640K)->533K(640K)
[59.752s][info][gc             ] GC(290) Pause Young (Allocation Failure) 9303M->9304M(9729M) 212.108ms
[59.752s][info][gc,cpu         ] GC(290) User=1.42s Sys=0.02s Real=0.21s
[59.896s][info][gc,start       ] GC(291) Pause Young (Allocation Failure)
[60.108s][info][gc,heap        ] GC(291) PSYoungGen: 376928K(482304K)->260736K(493056K) Eden: 130048K(130048K)->0K(143360K) From: 246880K(352256K)->260736K(349696K)
[60.108s][info][gc,heap        ] GC(291) ParOldGen: 9281353K(9480704K)->9398625K(9480704K)
[60.108s][info][gc,metaspace   ] GC(291) Metaspace: 6302K(6464K)->6302K(6464K) NonClass: 5769K(5824K)->5769K(5824K) Class: 533K(640K)->533K(640K)
[60.108s][info][gc             ] GC(291) Pause Young (Allocation Failure) 9431M->9432M(9740M) 212.298ms
[60.108s][info][gc,cpu         ] GC(291) User=1.58s Sys=0.06s Real=0.21s
[60.108s][info][gc,start       ] GC(292) Pause Full (Ergonomics)
[60.108s][info][gc,phases,start] GC(292) Marking Phase
[62.353s][info][gc,phases      ] GC(292) Marking Phase 2244.234ms
[62.353s][info][gc,phases,start] GC(292) Summary Phase
[62.353s][info][gc,phases      ] GC(292) Summary Phase 0.108ms
[62.353s][info][gc,phases,start] GC(292) Adjust Roots
[62.353s][info][gc,phases      ] GC(292) Adjust Roots 0.239ms
[62.353s][info][gc,phases,start] GC(292) Compaction Phase
[63.286s][info][gc,phases      ] GC(292) Compaction Phase 933.444ms
[63.287s][info][gc,phases,start] GC(292) Post Compact
[63.305s][info][gc,phases      ] GC(292) Post Compact 18.822ms
[63.308s][info][gc,heap        ] GC(292) PSYoungGen: 260736K(493056K)->171095K(493056K) Eden: 0K(143360K)->0K(143360K) From: 260736K(349696K)->171095K(349696K)
[63.308s][info][gc,heap        ] GC(292) ParOldGen: 9398625K(9480704K)->9480368K(10440192K)
[63.308s][info][gc,metaspace   ] GC(292) Metaspace: 6302K(6464K)->6302K(6464K) NonClass: 5769K(5824K)->5769K(5824K) Class: 533K(640K)->533K(640K)
[63.308s][info][gc             ] GC(292) Pause Full (Ergonomics) 9432M->9425M(10677M) 3200.174ms
[63.308s][info][gc,cpu         ] GC(292) User=23.44s Sys=0.05s Real=3.20s
[63.462s][info][gc,start       ] GC(293) Pause Young (Allocation Failure)
[64.097s][info][gc,heap        ] GC(293) PSYoungGen: 314455K(493056K)->228608K(495104K) Eden: 143360K(143360K)->0K(143360K) From: 171095K(349696K)->228608K(351744K)
[64.097s][info][gc,heap        ] GC(293) ParOldGen: 9480368K(10440192K)->9567704K(10440192K)
[64.097s][info][gc,metaspace   ] GC(293) Metaspace: 6302K(6464K)->6302K(6464K) NonClass: 5769K(5824K)->5769K(5824K) Class: 533K(640K)->533K(640K)
[64.097s][info][gc             ] GC(293) Pause Young (Allocation Failure) 9565M->9566M(10679M) 635.029ms
[64.097s][info][gc,cpu         ] GC(293) User=4.11s Sys=0.08s Real=0.63s
[64.247s][info][gc,start       ] GC(294) Pause Young (Allocation Failure)
[64.471s][info][gc,heap        ] GC(294) PSYoungGen: 371968K(495104K)->340480K(454656K) Eden: 143360K(143360K)->0K(114176K) From: 228608K(351744K)->340480K(340480K)
[64.471s][info][gc,heap        ] GC(294) ParOldGen: 9567704K(10440192K)->9599560K(10440192K)
[64.471s][info][gc,metaspace   ] GC(294) Metaspace: 6302K(6464K)->6302K(6464K) NonClass: 5769K(5824K)->5769K(5824K) Class: 533K(640K)->533K(640K)
[64.471s][info][gc             ] GC(294) Pause Young (Allocation Failure) 9706M->9707M(10639M) 223.718ms
[64.471s][info][gc,cpu         ] GC(294) User=1.47s Sys=0.03s Real=0.22s
[64.598s][info][gc,start       ] GC(295) Pause Young (Allocation Failure)
[64.877s][info][gc,heap        ] GC(295) PSYoungGen: 454656K(454656K)->247296K(497664K) Eden: 114176K(114176K)->0K(114176K) From: 340480K(340480K)->247296K(383488K)
[64.877s][info][gc,heap        ] GC(295) ParOldGen: 9599560K(10440192K)->9808712K(10440192K)
[64.877s][info][gc,metaspace   ] GC(295) Metaspace: 6302K(6464K)->6302K(6464K) NonClass: 5769K(5824K)->5769K(5824K) Class: 533K(640K)->533K(640K)
[64.877s][info][gc             ] GC(295) Pause Young (Allocation Failure) 9818M->9820M(10681M) 278.454ms
[64.877s][info][gc,cpu         ] GC(295) User=1.88s Sys=0.05s Real=0.28s
[65.009s][info][gc,start       ] GC(296) Pause Young (Allocation Failure)
[65.232s][info][gc,heap        ] GC(296) PSYoungGen: 361472K(497664K)->228896K(477696K) Eden: 114176K(114176K)->0K(127488K) From: 247296K(383488K)->228896K(350208K)
[65.232s][info][gc,heap        ] GC(296) ParOldGen: 9808712K(10440192K)->9942448K(10440192K)
[65.232s][info][gc,metaspace   ] GC(296) Metaspace: 6302K(6464K)->6302K(6464K) NonClass: 5769K(5824K)->5769K(5824K) Class: 533K(640K)->533K(640K)
[65.232s][info][gc             ] GC(296) Pause Young (Allocation Failure) 9931M->9932M(10662M) 222.906ms
[65.232s][info][gc,cpu         ] GC(296) User=1.48s Sys=0.03s Real=0.22s
[65.365s][info][gc,start       ] GC(297) Pause Young (Allocation Failure)
[65.574s][info][gc,heap        ] GC(297) PSYoungGen: 356384K(477696K)->242272K(488448K) Eden: 127488K(127488K)->0K(127488K) From: 228896K(350208K)->242272K(360960K)
[65.574s][info][gc,heap        ] GC(297) ParOldGen: 9942448K(10440192K)->10057680K(10440192K)
[65.574s][info][gc,metaspace   ] GC(297) Metaspace: 6302K(6464K)->6302K(6464K) NonClass: 5769K(5824K)->5769K(5824K) Class: 533K(640K)->533K(640K)
[65.574s][info][gc             ] GC(297) Pause Young (Allocation Failure) 10057M->10058M(10672M) 209.135ms
[65.574s][info][gc,cpu         ] GC(297) User=1.52s Sys=0.03s Real=0.21s
[65.726s][info][gc,start       ] GC(298) Pause Young (Allocation Failure)
[65.956s][info][gc,heap        ] GC(298) PSYoungGen: 369760K(488448K)->255552K(483328K) Eden: 127488K(127488K)->0K(142848K) From: 242272K(360960K)->255552K(340480K)
[65.956s][info][gc,heap        ] GC(298) ParOldGen: 10057680K(10440192K)->10172904K(10440192K)
[65.956s][info][gc,metaspace   ] GC(298) Metaspace: 6302K(6464K)->6302K(6464K) NonClass: 5769K(5824K)->5769K(5824K) Class: 533K(640K)->533K(640K)
[65.956s][info][gc             ] GC(298) Pause Young (Allocation Failure) 10183M->10184M(10667M) 229.741ms
[65.956s][info][gc,cpu         ] GC(298) User=1.39s Sys=0.05s Real=0.23s
[66.117s][info][gc,start       ] GC(299) Pause Young (Allocation Failure)
[66.357s][info][gc,heap        ] GC(299) PSYoungGen: 398400K(483328K)->270976K(487936K) Eden: 142848K(142848K)->0K(142848K) From: 255552K(340480K)->270976K(345088K)
[66.357s][info][gc,heap        ] GC(299) ParOldGen: 10172904K(10440192K)->10301560K(10440192K)
[66.357s][info][gc,metaspace   ] GC(299) Metaspace: 6302K(6464K)->6302K(6464K) NonClass: 5769K(5824K)->5769K(5824K) Class: 533K(640K)->533K(640K)
[66.357s][info][gc             ] GC(299) Pause Young (Allocation Failure) 10323M->10324M(10672M) 239.948ms
[66.357s][info][gc,cpu         ] GC(299) User=1.48s Sys=0.05s Real=0.24s
[66.357s][info][gc,start       ] GC(300) Pause Full (Ergonomics)
[66.357s][info][gc,phases,start] GC(300) Marking Phase
[68.888s][info][gc,phases      ] GC(300) Marking Phase 2530.885ms
[68.888s][info][gc,phases,start] GC(300) Summary Phase
[68.888s][info][gc,phases      ] GC(300) Summary Phase 0.111ms
[68.888s][info][gc,phases,start] GC(300) Adjust Roots
[68.888s][info][gc,phases      ] GC(300) Adjust Roots 0.220ms
[68.888s][info][gc,phases,start] GC(300) Compaction Phase
[69.905s][info][gc,phases      ] GC(300) Compaction Phase 1016.396ms
[69.905s][info][gc,phases,start] GC(300) Post Compact
[69.921s][info][gc,phases      ] GC(300) Post Compact 16.523ms
[69.924s][info][gc,heap        ] GC(300) PSYoungGen: 270976K(487936K)->124113K(487936K) Eden: 0K(142848K)->0K(142848K) From: 270976K(345088K)->124113K(345088K)
[69.924s][info][gc,heap        ] GC(300) ParOldGen: 10301560K(10440192K)->10440026K(11195904K)
[69.924s][info][gc,metaspace   ] GC(300) Metaspace: 6302K(6464K)->6302K(6464K) NonClass: 5769K(5824K)->5769K(5824K) Class: 533K(640K)->533K(640K)
[69.924s][info][gc             ] GC(300) Pause Full (Ergonomics) 10324M->10316M(11410M) 3566.834ms
[69.924s][info][gc,cpu         ] GC(300) User=25.92s Sys=0.05s Real=3.57s
[70.083s][info][gc,start       ] GC(301) Pause Young (Allocation Failure)
[70.749s][info][gc,heap        ] GC(301) PSYoungGen: 266961K(487936K)->143264K(498176K) Eden: 142848K(142848K)->0K(152576K) From: 124113K(345088K)->143264K(345600K)
[70.749s][info][gc,heap        ] GC(301) ParOldGen: 10440026K(11195904K)->10565298K(11195904K)
[70.749s][info][gc,metaspace   ] GC(301) Metaspace: 6302K(6464K)->6302K(6464K) NonClass: 5769K(5824K)->5769K(5824K) Class: 533K(640K)->533K(640K)
[70.749s][info][gc             ] GC(301) Pause Young (Allocation Failure) 10456M->10457M(11420M) 665.567ms
[70.749s][info][gc,cpu         ] GC(301) User=4.48s Sys=0.03s Real=0.67s
[70.927s][info][gc,start       ] GC(302) Pause Young (Allocation Failure)
[71.126s][info][gc,heap        ] GC(302) PSYoungGen: 295840K(498176K)->296096K(505344K) Eden: 152576K(152576K)->0K(152576K) From: 143264K(345600K)->296096K(352768K)
[71.126s][info][gc,heap        ] GC(302) ParOldGen: 10565298K(11195904K)->10565298K(11195904K)
[71.126s][info][gc,metaspace   ] GC(302) Metaspace: 6302K(6464K)->6302K(6464K) NonClass: 5769K(5824K)->5769K(5824K) Class: 533K(640K)->533K(640K)
[71.126s][info][gc             ] GC(302) Pause Young (Allocation Failure) 10606M->10606M(11427M) 198.417ms
[71.126s][info][gc,cpu         ] GC(302) User=1.38s Sys=0.00s Real=0.20s
[71.296s][info][gc,start       ] GC(303) Pause Young (Allocation Failure)
[71.575s][info][gc,heap        ] GC(303) PSYoungGen: 448672K(505344K)->305888K(519168K) Eden: 152576K(152576K)->0K(155648K) From: 296096K(352768K)->305888K(363520K)
[71.575s][info][gc,heap        ] GC(303) ParOldGen: 10565298K(11195904K)->10709426K(11195904K)
[71.575s][info][gc,metaspace   ] GC(303) Metaspace: 6302K(6464K)->6302K(6464K) NonClass: 5769K(5824K)->5769K(5824K) Class: 533K(640K)->533K(640K)
[71.576s][info][gc             ] GC(303) Pause Young (Allocation Failure) 10755M->10757M(11440M) 279.737ms
[71.576s][info][gc,cpu         ] GC(303) User=1.89s Sys=0.03s Real=0.28s
[71.752s][info][gc,start       ] GC(304) Pause Young (Allocation Failure)
[72.038s][info][gc,heap        ] GC(304) PSYoungGen: 461536K(519168K)->308928K(531456K) Eden: 155648K(155648K)->0K(155648K) From: 305888K(363520K)->308928K(375808K)
[72.038s][info][gc,heap        ] GC(304) ParOldGen: 10709426K(11195904K)->10863378K(11195904K)
[72.038s][info][gc,metaspace   ] GC(304) Metaspace: 6302K(6464K)->6302K(6464K) NonClass: 5769K(5824K)->5769K(5824K) Class: 533K(640K)->533K(640K)
[72.038s][info][gc             ] GC(304) Pause Young (Allocation Failure) 10909M->10910M(11452M) 286.246ms
[72.038s][info][gc,cpu         ] GC(304) User=1.67s Sys=0.06s Real=0.29s
[72.224s][info][gc,start       ] GC(305) Pause Young (Allocation Failure)
[72.514s][info][gc,heap        ] GC(305) PSYoungGen: 464576K(531456K)->312032K(550912K) Eden: 155648K(155648K)->0K(164864K) From: 308928K(375808K)->312032K(386048K)
[72.514s][info][gc,heap        ] GC(305) ParOldGen: 10863378K(11195904K)->11017330K(11195904K)
[72.514s][info][gc,metaspace   ] GC(305) Metaspace: 6302K(6464K)->6302K(6464K) NonClass: 5769K(5824K)->5769K(5824K) Class: 533K(640K)->533K(640K)
[72.515s][info][gc             ] GC(305) Pause Young (Allocation Failure) 11062M->11063M(11471M) 290.811ms
[72.515s][info][gc,cpu         ] GC(305) User=2.09s Sys=0.06s Real=0.29s
[72.515s][info][gc,start       ] GC(306) Pause Full (Ergonomics)
[72.515s][info][gc,phases,start] GC(306) Marking Phase
[75.263s][info][gc,phases      ] GC(306) Marking Phase 2748.103ms
[75.263s][info][gc,phases,start] GC(306) Summary Phase
[75.263s][info][gc,phases      ] GC(306) Summary Phase 0.132ms
[75.263s][info][gc,phases,start] GC(306) Adjust Roots
[75.263s][info][gc,phases      ] GC(306) Adjust Roots 0.191ms
[75.263s][info][gc,phases,start] GC(306) Compaction Phase
[76.280s][info][gc,phases      ] GC(306) Compaction Phase 1016.995ms
[76.280s][info][gc,phases,start] GC(306) Post Compact
[76.298s][info][gc,phases      ] GC(306) Post Compact 17.757ms
[76.298s][info][gc,heap        ] GC(306) PSYoungGen: 312032K(550912K)->127767K(550912K) Eden: 0K(164864K)->0K(164864K) From: 312032K(386048K)->127767K(386048K)
[76.298s][info][gc,heap        ] GC(306) ParOldGen: 11017330K(11195904K)->11195511K(11195904K)
[76.298s][info][gc,metaspace   ] GC(306) Metaspace: 6302K(6464K)->6302K(6464K) NonClass: 5769K(5824K)->5769K(5824K) Class: 533K(640K)->533K(640K)
[76.298s][info][gc             ] GC(306) Pause Full (Ergonomics) 11063M->11057M(11471M) 3783.595ms
[76.298s][info][gc,cpu         ] GC(306) User=27.69s Sys=0.11s Real=3.78s
[76.485s][info][gc,start       ] GC(307) Pause Full (Ergonomics)
[76.485s][info][gc,phases,start] GC(307) Marking Phase
[79.216s][info][gc,phases      ] GC(307) Marking Phase 2730.890ms
[79.216s][info][gc,phases,start] GC(307) Summary Phase
[79.216s][info][gc,phases      ] GC(307) Summary Phase 0.114ms
[79.216s][info][gc,phases,start] GC(307) Adjust Roots
[79.216s][info][gc,phases      ] GC(307) Adjust Roots 0.193ms
[79.216s][info][gc,phases,start] GC(307) Compaction Phase
[80.073s][info][gc,phases      ] GC(307) Compaction Phase 856.804ms
[80.073s][info][gc,phases,start] GC(307) Post Compact
[80.089s][info][gc,phases      ] GC(307) Post Compact 16.314ms
[80.089s][info][gc,heap        ] GC(307) PSYoungGen: 292631K(550912K)->292602K(550912K) Eden: 164864K(164864K)->164834K(164864K) From: 127767K(386048K)->127767K(386048K)
[80.089s][info][gc,heap        ] GC(307) ParOldGen: 11195511K(11195904K)->11195511K(11195904K)
[80.089s][info][gc,metaspace   ] GC(307) Metaspace: 6302K(6464K)->6302K(6464K) NonClass: 5769K(5824K)->5769K(5824K) Class: 533K(640K)->533K(640K)
[80.089s][info][gc             ] GC(307) Pause Full (Ergonomics) 11218M->11218M(11471M) 3604.719ms
[80.089s][info][gc,cpu         ] GC(307) User=26.81s Sys=0.02s Real=3.61s
[80.090s][info][gc,start       ] GC(308) Pause Full (Ergonomics)
[80.090s][info][gc,phases,start] GC(308) Marking Phase
[82.709s][info][gc,phases      ] GC(308) Marking Phase 2619.422ms
[82.709s][info][gc,phases,start] GC(308) Summary Phase
[82.709s][info][gc,phases      ] GC(308) Summary Phase 0.109ms
[82.709s][info][gc,phases,start] GC(308) Adjust Roots
[82.709s][info][gc,phases      ] GC(308) Adjust Roots 0.171ms
[82.709s][info][gc,phases,start] GC(308) Compaction Phase
[83.506s][info][gc,phases      ] GC(308) Compaction Phase 797.009ms
[83.507s][info][gc,phases,start] GC(308) Post Compact
[83.522s][info][gc,phases      ] GC(308) Post Compact 15.830ms
[83.522s][info][gc,heap        ] GC(308) PSYoungGen: 292631K(550912K)->292631K(550912K) Eden: 164864K(164864K)->164863K(164864K) From: 127767K(386048K)->127767K(386048K)
[83.522s][info][gc,heap        ] GC(308) ParOldGen: 11195511K(11195904K)->11195511K(11195904K)
[83.522s][info][gc,metaspace   ] GC(308) Metaspace: 6302K(6464K)->6302K(6464K) NonClass: 5769K(5824K)->5769K(5824K) Class: 533K(640K)->533K(640K)
[83.522s][info][gc             ] GC(308) Pause Full (Ergonomics) 11218M->11218M(11471M) 3432.879ms
[83.522s][info][gc,cpu         ] GC(308) User=26.50s Sys=0.00s Real=3.43s
[83.523s][info][gc,start       ] GC(309) Pause Full (Ergonomics)
[83.523s][info][gc,phases,start] GC(309) Marking Phase
[86.134s][info][gc,phases      ] GC(309) Marking Phase 2611.656ms
[86.134s][info][gc,phases,start] GC(309) Summary Phase
[86.135s][info][gc,phases      ] GC(309) Summary Phase 0.103ms
[86.135s][info][gc,phases,start] GC(309) Adjust Roots
[86.135s][info][gc,phases      ] GC(309) Adjust Roots 0.193ms
[86.135s][info][gc,phases,start] GC(309) Compaction Phase
[86.938s][info][gc,phases      ] GC(309) Compaction Phase 803.710ms
[86.939s][info][gc,phases,start] GC(309) Post Compact
[86.956s][info][gc,phases      ] GC(309) Post Compact 17.065ms
[86.956s][info][gc,heap        ] GC(309) PSYoungGen: 292631K(550912K)->292631K(550912K) Eden: 164863K(164864K)->164863K(164864K) From: 127767K(386048K)->127767K(386048K)
[86.956s][info][gc,heap        ] GC(309) ParOldGen: 11195511K(11195904K)->11195511K(11195904K)
[86.956s][info][gc,metaspace   ] GC(309) Metaspace: 6302K(6464K)->6302K(6464K) NonClass: 5769K(5824K)->5769K(5824K) Class: 533K(640K)->533K(640K)
[86.956s][info][gc             ] GC(309) Pause Full (Ergonomics) 11218M->11218M(11471M) 3433.105ms
[86.956s][info][gc,cpu         ] GC(309) User=26.67s Sys=0.00s Real=3.43s
[86.956s][info][gc,start       ] GC(310) Pause Full (Ergonomics)
[86.956s][info][gc,phases,start] GC(310) Marking Phase
[89.550s][info][gc,phases      ] GC(310) Marking Phase 2593.732ms
[89.550s][info][gc,phases,start] GC(310) Summary Phase
[89.550s][info][gc,phases      ] GC(310) Summary Phase 0.125ms
[89.550s][info][gc,phases,start] GC(310) Adjust Roots
[89.550s][info][gc,phases      ] GC(310) Adjust Roots 0.182ms
[89.550s][info][gc,phases,start] GC(310) Compaction Phase
[90.345s][info][gc,phases      ] GC(310) Compaction Phase 794.934ms
[90.345s][info][gc,phases,start] GC(310) Post Compact
[90.361s][info][gc,phases      ] GC(310) Post Compact 15.331ms
[90.361s][info][gc,heap        ] GC(310) PSYoungGen: 292631K(550912K)->292631K(550912K) Eden: 164864K(164864K)->164864K(164864K) From: 127767K(386048K)->127767K(386048K)
[90.361s][info][gc,heap        ] GC(310) ParOldGen: 11195516K(11195904K)->11195516K(11195904K)
[90.361s][info][gc,metaspace   ] GC(310) Metaspace: 6302K(6464K)->6302K(6464K) NonClass: 5769K(5824K)->5769K(5824K) Class: 533K(640K)->533K(640K)
[90.361s][info][gc             ] GC(310) Pause Full (Ergonomics) 11218M->11218M(11471M) 3404.646ms
[90.361s][info][gc,cpu         ] GC(310) User=26.31s Sys=0.00s Real=3.40s
[90.361s][info][gc,start       ] GC(311) Pause Full (Ergonomics)
[90.361s][info][gc,phases,start] GC(311) Marking Phase
[92.937s][info][gc,phases      ] GC(311) Marking Phase 2576.331ms
[92.937s][info][gc,phases,start] GC(311) Summary Phase
[92.937s][info][gc,phases      ] GC(311) Summary Phase 0.105ms
[92.937s][info][gc,phases,start] GC(311) Adjust Roots
[92.938s][info][gc,phases      ] GC(311) Adjust Roots 0.164ms
[92.938s][info][gc,phases,start] GC(311) Compaction Phase
[93.778s][info][gc,phases      ] GC(311) Compaction Phase 840.786ms
[93.778s][info][gc,phases,start] GC(311) Post Compact
[93.796s][info][gc,phases      ] GC(311) Post Compact 17.397ms
[93.796s][info][gc,heap        ] GC(311) PSYoungGen: 292631K(550912K)->292631K(550912K) Eden: 164864K(164864K)->164864K(164864K) From: 127767K(386048K)->127767K(386048K)
[93.796s][info][gc,heap        ] GC(311) ParOldGen: 11195521K(11195904K)->11195521K(11195904K)
[93.796s][info][gc,metaspace   ] GC(311) Metaspace: 6302K(6464K)->6302K(6464K) NonClass: 5769K(5824K)->5769K(5824K) Class: 533K(640K)->533K(640K)
[93.796s][info][gc             ] GC(311) Pause Full (Ergonomics) 11218M->11218M(11471M) 3435.140ms
[93.796s][info][gc,cpu         ] GC(311) User=26.34s Sys=0.00s Real=3.44s
[93.796s][info][gc,start       ] GC(312) Pause Full (Ergonomics)
[93.796s][info][gc,phases,start] GC(312) Marking Phase
[96.379s][info][gc,phases      ] GC(312) Marking Phase 2583.108ms
[96.379s][info][gc,phases,start] GC(312) Summary Phase
[96.380s][info][gc,phases      ] GC(312) Summary Phase 0.188ms
[96.380s][info][gc,phases,start] GC(312) Adjust Roots
[96.380s][info][gc,phases      ] GC(312) Adjust Roots 0.205ms
[96.380s][info][gc,phases,start] GC(312) Compaction Phase
[97.170s][info][gc,phases      ] GC(312) Compaction Phase 790.192ms
[97.170s][info][gc,phases,start] GC(312) Post Compact
[97.188s][info][gc,phases      ] GC(312) Post Compact 17.402ms
[97.188s][info][gc,heap        ] GC(312) PSYoungGen: 292631K(550912K)->292631K(550912K) Eden: 164864K(164864K)->164864K(164864K) From: 127767K(386048K)->127767K(386048K)
[97.188s][info][gc,heap        ] GC(312) ParOldGen: 11195526K(11195904K)->11195526K(11195904K)
[97.188s][info][gc,metaspace   ] GC(312) Metaspace: 6302K(6464K)->6302K(6464K) NonClass: 5769K(5824K)->5769K(5824K) Class: 533K(640K)->533K(640K)
[97.188s][info][gc             ] GC(312) Pause Full (Ergonomics) 11218M->11218M(11471M) 3391.520ms
[97.188s][info][gc,cpu         ] GC(312) User=26.39s Sys=0.02s Real=3.39s
[97.188s][info][gc,start       ] GC(313) Pause Full (Ergonomics)
[97.188s][info][gc,phases,start] GC(313) Marking Phase
[99.832s][info][gc,phases      ] GC(313) Marking Phase 2643.781ms
[99.832s][info][gc,phases,start] GC(313) Summary Phase
[99.832s][info][gc,phases      ] GC(313) Summary Phase 0.134ms
[99.832s][info][gc,phases,start] GC(313) Adjust Roots
[99.832s][info][gc,phases      ] GC(313) Adjust Roots 0.251ms
[99.832s][info][gc,phases,start] GC(313) Compaction Phase
[100.654s][info][gc,phases      ] GC(313) Compaction Phase 822.244ms
[100.655s][info][gc,phases,start] GC(313) Post Compact
[100.672s][info][gc,phases      ] GC(313) Post Compact 16.973ms
[100.672s][info][gc,heap        ] GC(313) PSYoungGen: 292631K(550912K)->292631K(550912K) Eden: 164864K(164864K)->164864K(164864K) From: 127767K(386048K)->127767K(386048K)
[100.672s][info][gc,heap        ] GC(313) ParOldGen: 11195531K(11195904K)->11195531K(11195904K)
[100.672s][info][gc,metaspace   ] GC(313) Metaspace: 6302K(6464K)->6302K(6464K) NonClass: 5769K(5824K)->5769K(5824K) Class: 533K(640K)->533K(640K)
[100.672s][info][gc             ] GC(313) Pause Full (Ergonomics) 11218M->11218M(11471M) 3483.735ms
[100.672s][info][gc,cpu         ] GC(313) User=26.84s Sys=0.00s Real=3.48s
[100.672s][info][gc,start       ] GC(314) Pause Full (Ergonomics)
[100.672s][info][gc,phases,start] GC(314) Marking Phase
[103.313s][info][gc,phases      ] GC(314) Marking Phase 2641.512ms
[103.313s][info][gc,phases,start] GC(314) Summary Phase
[103.314s][info][gc,phases      ] GC(314) Summary Phase 0.141ms
[103.314s][info][gc,phases,start] GC(314) Adjust Roots
[103.314s][info][gc,phases      ] GC(314) Adjust Roots 0.297ms
[103.314s][info][gc,phases,start] GC(314) Compaction Phase
[104.103s][info][gc,phases      ] GC(314) Compaction Phase 788.637ms
[104.103s][info][gc,phases,start] GC(314) Post Compact
[104.118s][info][gc,phases      ] GC(314) Post Compact 15.724ms
[104.118s][info][gc,heap        ] GC(314) PSYoungGen: 292631K(550912K)->292631K(550912K) Eden: 164864K(164864K)->164864K(164864K) From: 127767K(386048K)->127767K(386048K)
[104.118s][info][gc,heap        ] GC(314) ParOldGen: 11195536K(11195904K)->11195536K(11195904K)
[104.119s][info][gc,metaspace   ] GC(314) Metaspace: 6302K(6464K)->6302K(6464K) NonClass: 5769K(5824K)->5769K(5824K) Class: 533K(640K)->533K(640K)
[104.119s][info][gc             ] GC(314) Pause Full (Ergonomics) 11218M->11218M(11471M) 3446.671ms
[104.119s][info][gc,cpu         ] GC(314) User=26.86s Sys=0.00s Real=3.45s
[104.119s][info][gc,start       ] GC(315) Pause Full (Ergonomics)
[104.119s][info][gc,phases,start] GC(315) Marking Phase
[106.744s][info][gc,phases      ] GC(315) Marking Phase 2625.645ms
[106.744s][info][gc,phases,start] GC(315) Summary Phase
[106.745s][info][gc,phases      ] GC(315) Summary Phase 0.106ms
[106.745s][info][gc,phases,start] GC(315) Adjust Roots
[106.745s][info][gc,phases      ] GC(315) Adjust Roots 0.170ms
[106.745s][info][gc,phases,start] GC(315) Compaction Phase
[107.535s][info][gc,phases      ] GC(315) Compaction Phase 790.641ms
[107.536s][info][gc,phases,start] GC(315) Post Compact
[107.551s][info][gc,phases      ] GC(315) Post Compact 15.782ms
[107.551s][info][gc,heap        ] GC(315) PSYoungGen: 292631K(550912K)->292631K(550912K) Eden: 164864K(164864K)->164864K(164864K) From: 127767K(386048K)->127767K(386048K)
[107.551s][info][gc,heap        ] GC(315) ParOldGen: 11195540K(11195904K)->11195540K(11195904K)
[107.551s][info][gc,metaspace   ] GC(315) Metaspace: 6302K(6464K)->6302K(6464K) NonClass: 5769K(5824K)->5769K(5824K) Class: 533K(640K)->533K(640K)
[107.551s][info][gc             ] GC(315) Pause Full (Ergonomics) 11218M->11218M(11471M) 3432.691ms
[107.551s][info][gc,cpu         ] GC(315) User=26.59s Sys=0.00s Real=3.43s
[107.552s][info][gc,start       ] GC(316) Pause Full (Ergonomics)
[107.552s][info][gc,phases,start] GC(316) Marking Phase
[110.159s][info][gc,phases      ] GC(316) Marking Phase 2606.837ms
[110.159s][info][gc,phases,start] GC(316) Summary Phase
[110.159s][info][gc,phases      ] GC(316) Summary Phase 0.156ms
[110.159s][info][gc,phases,start] GC(316) Adjust Roots
[110.159s][info][gc,phases      ] GC(316) Adjust Roots 0.331ms
[110.159s][info][gc,phases,start] GC(316) Compaction Phase
[110.964s][info][gc,phases      ] GC(316) Compaction Phase 804.957ms
[110.964s][info][gc,phases,start] GC(316) Post Compact
[110.981s][info][gc,phases      ] GC(316) Post Compact 17.167ms
[110.981s][info][gc,heap        ] GC(316) PSYoungGen: 292631K(550912K)->292631K(550912K) Eden: 164864K(164864K)->164864K(164864K) From: 127767K(386048K)->127767K(386048K)
[110.981s][info][gc,heap        ] GC(316) ParOldGen: 11195545K(11195904K)->11195545K(11195904K)
[110.981s][info][gc,metaspace   ] GC(316) Metaspace: 6302K(6464K)->6302K(6464K) NonClass: 5769K(5824K)->5769K(5824K) Class: 533K(640K)->533K(640K)
[110.982s][info][gc             ] GC(316) Pause Full (Ergonomics) 11218M->11218M(11471M) 3429.851ms
[110.982s][info][gc,cpu         ] GC(316) User=26.41s Sys=0.00s Real=3.43s
[110.982s][info][gc,start       ] GC(317) Pause Full (Ergonomics)
[110.982s][info][gc,phases,start] GC(317) Marking Phase
[113.612s][info][gc,phases      ] GC(317) Marking Phase 2630.616ms
[113.612s][info][gc,phases,start] GC(317) Summary Phase
[113.613s][info][gc,phases      ] GC(317) Summary Phase 0.142ms
[113.613s][info][gc,phases,start] GC(317) Adjust Roots
[113.613s][info][gc,phases      ] GC(317) Adjust Roots 0.201ms
[113.613s][info][gc,phases,start] GC(317) Compaction Phase
[114.390s][info][gc,phases      ] GC(317) Compaction Phase 777.376ms
[114.390s][info][gc,phases,start] GC(317) Post Compact
[114.407s][info][gc,phases      ] GC(317) Post Compact 16.544ms
[114.407s][info][gc,heap        ] GC(317) PSYoungGen: 292631K(550912K)->292631K(550912K) Eden: 164864K(164864K)->164864K(164864K) From: 127767K(386048K)->127767K(386048K)
[114.407s][info][gc,heap        ] GC(317) ParOldGen: 11195550K(11195904K)->11195550K(11195904K)
[114.407s][info][gc,metaspace   ] GC(317) Metaspace: 6302K(6464K)->6302K(6464K) NonClass: 5769K(5824K)->5769K(5824K) Class: 533K(640K)->533K(640K)
[114.407s][info][gc             ] GC(317) Pause Full (Ergonomics) 11218M->11218M(11471M) 3425.258ms
[114.407s][info][gc,cpu         ] GC(317) User=26.66s Sys=0.02s Real=3.43s
[114.407s][info][gc,start       ] GC(318) Pause Full (Ergonomics)
[114.407s][info][gc,phases,start] GC(318) Marking Phase
[117.041s][info][gc,phases      ] GC(318) Marking Phase 2633.828ms
[117.041s][info][gc,phases,start] GC(318) Summary Phase
[117.041s][info][gc,phases      ] GC(318) Summary Phase 0.139ms
[117.041s][info][gc,phases,start] GC(318) Adjust Roots
[117.042s][info][gc,phases      ] GC(318) Adjust Roots 0.185ms
[117.042s][info][gc,phases,start] GC(318) Compaction Phase
[117.830s][info][gc,phases      ] GC(318) Compaction Phase 788.571ms
[117.830s][info][gc,phases,start] GC(318) Post Compact
[117.847s][info][gc,phases      ] GC(318) Post Compact 16.657ms
[117.847s][info][gc,heap        ] GC(318) PSYoungGen: 292631K(550912K)->292631K(550912K) Eden: 164864K(164864K)->164864K(164864K) From: 127767K(386048K)->127767K(386048K)
[117.847s][info][gc,heap        ] GC(318) ParOldGen: 11195555K(11195904K)->11195555K(11195904K)
[117.847s][info][gc,metaspace   ] GC(318) Metaspace: 6302K(6464K)->6302K(6464K) NonClass: 5769K(5824K)->5769K(5824K) Class: 533K(640K)->533K(640K)
[117.847s][info][gc             ] GC(318) Pause Full (Ergonomics) 11218M->11218M(11471M) 3439.761ms
[117.847s][info][gc,cpu         ] GC(318) User=26.61s Sys=0.02s Real=3.44s
[117.847s][info][gc,start       ] GC(319) Pause Full (Ergonomics)
[117.847s][info][gc,phases,start] GC(319) Marking Phase
[120.458s][info][gc,phases      ] GC(319) Marking Phase 2610.682ms
[120.458s][info][gc,phases,start] GC(319) Summary Phase
[120.458s][info][gc,phases      ] GC(319) Summary Phase 0.117ms
[120.458s][info][gc,phases,start] GC(319) Adjust Roots
[120.458s][info][gc,phases      ] GC(319) Adjust Roots 0.219ms
[120.458s][info][gc,phases,start] GC(319) Compaction Phase
[121.262s][info][gc,phases      ] GC(319) Compaction Phase 803.609ms
[121.262s][info][gc,phases,start] GC(319) Post Compact
[121.279s][info][gc,phases      ] GC(319) Post Compact 17.419ms
[121.280s][info][gc,heap        ] GC(319) PSYoungGen: 292631K(550912K)->292631K(550912K) Eden: 164864K(164864K)->164864K(164864K) From: 127767K(386048K)->127767K(386048K)
[121.280s][info][gc,heap        ] GC(319) ParOldGen: 11195560K(11195904K)->11195560K(11195904K)
[121.280s][info][gc,metaspace   ] GC(319) Metaspace: 6302K(6464K)->6302K(6464K) NonClass: 5769K(5824K)->5769K(5824K) Class: 533K(640K)->533K(640K)
[121.280s][info][gc             ] GC(319) Pause Full (Ergonomics) 11218M->11218M(11471M) 3432.384ms
[121.280s][info][gc,cpu         ] GC(319) User=26.58s Sys=0.00s Real=3.43s
[121.280s][info][gc,start       ] GC(320) Pause Full (Ergonomics)
[121.280s][info][gc,phases,start] GC(320) Marking Phase
[123.873s][info][gc,phases      ] GC(320) Marking Phase 2593.115ms
[123.873s][info][gc,phases,start] GC(320) Summary Phase
[123.873s][info][gc,phases      ] GC(320) Summary Phase 0.121ms
[123.873s][info][gc,phases,start] GC(320) Adjust Roots
[123.873s][info][gc,phases      ] GC(320) Adjust Roots 0.179ms
[123.873s][info][gc,phases,start] GC(320) Compaction Phase
[124.657s][info][gc,phases      ] GC(320) Compaction Phase 784.092ms
[124.657s][info][gc,phases,start] GC(320) Post Compact
[124.674s][info][gc,phases      ] GC(320) Post Compact 16.925ms
[124.675s][info][gc,heap        ] GC(320) PSYoungGen: 292631K(550912K)->292631K(550912K) Eden: 164864K(164864K)->164864K(164864K) From: 127767K(386048K)->127767K(386048K)
[124.675s][info][gc,heap        ] GC(320) ParOldGen: 11195565K(11195904K)->11195565K(11195904K)
[124.675s][info][gc,metaspace   ] GC(320) Metaspace: 6302K(6464K)->6302K(6464K) NonClass: 5769K(5824K)->5769K(5824K) Class: 533K(640K)->533K(640K)
[124.675s][info][gc             ] GC(320) Pause Full (Ergonomics) 11218M->11218M(11471M) 3394.789ms
[124.675s][info][gc,cpu         ] GC(320) User=26.28s Sys=0.02s Real=3.39s
[124.675s][info][gc,start       ] GC(321) Pause Full (Ergonomics)
[124.675s][info][gc,phases,start] GC(321) Marking Phase
[127.279s][info][gc,phases      ] GC(321) Marking Phase 2603.999ms
[127.279s][info][gc,phases,start] GC(321) Summary Phase
[127.279s][info][gc,phases      ] GC(321) Summary Phase 0.107ms
[127.279s][info][gc,phases,start] GC(321) Adjust Roots
[127.279s][info][gc,phases      ] GC(321) Adjust Roots 0.171ms
[127.279s][info][gc,phases,start] GC(321) Compaction Phase
[128.073s][info][gc,phases      ] GC(321) Compaction Phase 794.215ms
[128.073s][info][gc,phases,start] GC(321) Post Compact
[128.090s][info][gc,phases      ] GC(321) Post Compact 16.928ms
[128.091s][info][gc,heap        ] GC(321) PSYoungGen: 292631K(550912K)->292631K(550912K) Eden: 164864K(164864K)->164864K(164864K) From: 127767K(386048K)->127767K(386048K)
[128.091s][info][gc,heap        ] GC(321) ParOldGen: 11195569K(11195904K)->11195569K(11195904K)
[128.091s][info][gc,metaspace   ] GC(321) Metaspace: 6302K(6464K)->6302K(6464K) NonClass: 5769K(5824K)->5769K(5824K) Class: 533K(640K)->533K(640K)
[128.091s][info][gc             ] GC(321) Pause Full (Ergonomics) 11218M->11218M(11471M) 3415.780ms
[128.091s][info][gc,cpu         ] GC(321) User=26.31s Sys=0.00s Real=3.42s
[128.091s][info][gc,start       ] GC(322) Pause Full (Ergonomics)
[128.091s][info][gc,phases,start] GC(322) Marking Phase
[130.665s][info][gc,phases      ] GC(322) Marking Phase 2574.630ms
[130.665s][info][gc,phases,start] GC(322) Summary Phase
[130.666s][info][gc,phases      ] GC(322) Summary Phase 0.108ms
[130.666s][info][gc,phases,start] GC(322) Adjust Roots
[130.666s][info][gc,phases      ] GC(322) Adjust Roots 0.171ms
[130.666s][info][gc,phases,start] GC(322) Compaction Phase
[131.425s][info][gc,phases      ] GC(322) Compaction Phase 759.575ms
[131.425s][info][gc,phases,start] GC(322) Post Compact
[131.440s][info][gc,phases      ] GC(322) Post Compact 14.446ms
[131.440s][info][gc,heap        ] GC(322) PSYoungGen: 292631K(550912K)->292631K(550912K) Eden: 164864K(164864K)->164864K(164864K) From: 127767K(386048K)->127767K(386048K)
[131.440s][info][gc,heap        ] GC(322) ParOldGen: 11195574K(11195904K)->11195574K(11195904K)
[131.440s][info][gc,metaspace   ] GC(322) Metaspace: 6302K(6464K)->6302K(6464K) NonClass: 5769K(5824K)->5769K(5824K) Class: 533K(640K)->533K(640K)
[131.440s][info][gc             ] GC(322) Pause Full (Ergonomics) 11218M->11218M(11471M) 3349.270ms
[131.440s][info][gc,cpu         ] GC(322) User=26.14s Sys=0.00s Real=3.35s
[131.440s][info][gc,start       ] GC(323) Pause Full (Ergonomics)
[131.440s][info][gc,phases,start] GC(323) Marking Phase
[134.038s][info][gc,phases      ] GC(323) Marking Phase 2597.957ms
[134.038s][info][gc,phases,start] GC(323) Summary Phase
[134.038s][info][gc,phases      ] GC(323) Summary Phase 0.140ms
[134.038s][info][gc,phases,start] GC(323) Adjust Roots
[134.039s][info][gc,phases      ] GC(323) Adjust Roots 0.165ms
[134.039s][info][gc,phases,start] GC(323) Compaction Phase
[134.798s][info][gc,phases      ] GC(323) Compaction Phase 759.569ms
[134.798s][info][gc,phases,start] GC(323) Post Compact
[134.813s][info][gc,phases      ] GC(323) Post Compact 14.590ms
[134.813s][info][gc,heap        ] GC(323) PSYoungGen: 292631K(550912K)->292631K(550912K) Eden: 164864K(164864K)->164864K(164864K) From: 127767K(386048K)->127767K(386048K)
[134.813s][info][gc,heap        ] GC(323) ParOldGen: 11195579K(11195904K)->11195579K(11195904K)
[134.813s][info][gc,metaspace   ] GC(323) Metaspace: 6302K(6464K)->6302K(6464K) NonClass: 5769K(5824K)->5769K(5824K) Class: 533K(640K)->533K(640K)
[134.813s][info][gc             ] GC(323) Pause Full (Ergonomics) 11218M->11218M(11471M) 3372.745ms
[134.813s][info][gc,cpu         ] GC(323) User=26.34s Sys=0.00s Real=3.37s
[134.813s][info][gc,start       ] GC(324) Pause Full (Ergonomics)
[134.813s][info][gc,phases,start] GC(324) Marking Phase
[137.423s][info][gc,phases      ] GC(324) Marking Phase 2609.665ms
[137.423s][info][gc,phases,start] GC(324) Summary Phase
[137.423s][info][gc,phases      ] GC(324) Summary Phase 0.105ms
[137.423s][info][gc,phases,start] GC(324) Adjust Roots
[137.423s][info][gc,phases      ] GC(324) Adjust Roots 0.168ms
[137.423s][info][gc,phases,start] GC(324) Compaction Phase
[138.173s][info][gc,phases      ] GC(324) Compaction Phase 749.480ms
[138.173s][info][gc,phases,start] GC(324) Post Compact
[138.188s][info][gc,phases      ] GC(324) Post Compact 15.444ms
[138.188s][info][gc,heap        ] GC(324) PSYoungGen: 292631K(550912K)->292631K(550912K) Eden: 164864K(164864K)->164864K(164864K) From: 127767K(386048K)->127767K(386048K)
[138.188s][info][gc,heap        ] GC(324) ParOldGen: 11195584K(11195904K)->11195584K(11195904K)
[138.188s][info][gc,metaspace   ] GC(324) Metaspace: 6302K(6464K)->6302K(6464K) NonClass: 5769K(5824K)->5769K(5824K) Class: 533K(640K)->533K(640K)
[138.188s][info][gc             ] GC(324) Pause Full (Ergonomics) 11218M->11218M(11471M) 3375.211ms
[138.188s][info][gc,cpu         ] GC(324) User=26.30s Sys=0.02s Real=3.38s
[138.189s][info][gc,start       ] GC(325) Pause Full (Ergonomics)
[138.189s][info][gc,phases,start] GC(325) Marking Phase
[140.796s][info][gc,phases      ] GC(325) Marking Phase 2607.051ms
[140.796s][info][gc,phases,start] GC(325) Summary Phase
[140.796s][info][gc,phases      ] GC(325) Summary Phase 0.113ms
[140.796s][info][gc,phases,start] GC(325) Adjust Roots
[140.796s][info][gc,phases      ] GC(325) Adjust Roots 0.164ms
[140.796s][info][gc,phases,start] GC(325) Compaction Phase
[141.560s][info][gc,phases      ] GC(325) Compaction Phase 763.794ms
[141.560s][info][gc,phases,start] GC(325) Post Compact
[141.577s][info][gc,phases      ] GC(325) Post Compact 16.581ms
[141.577s][info][gc,heap        ] GC(325) PSYoungGen: 292631K(550912K)->292631K(550912K) Eden: 164864K(164864K)->164864K(164864K) From: 127767K(386048K)->127767K(386048K)
[141.577s][info][gc,heap        ] GC(325) ParOldGen: 11195589K(11195904K)->11195589K(11195904K)
[141.577s][info][gc,metaspace   ] GC(325) Metaspace: 6302K(6464K)->6302K(6464K) NonClass: 5769K(5824K)->5769K(5824K) Class: 533K(640K)->533K(640K)
[141.577s][info][gc             ] GC(325) Pause Full (Ergonomics) 11218M->11218M(11471M) 3388.053ms
[141.577s][info][gc,cpu         ] GC(325) User=26.05s Sys=0.00s Real=3.39s
[141.577s][info][gc,start       ] GC(326) Pause Full (Ergonomics)
[141.577s][info][gc,phases,start] GC(326) Marking Phase
[144.195s][info][gc,phases      ] GC(326) Marking Phase 2617.614ms
[144.195s][info][gc,phases,start] GC(326) Summary Phase
[144.195s][info][gc,phases      ] GC(326) Summary Phase 0.104ms
[144.195s][info][gc,phases,start] GC(326) Adjust Roots
[144.195s][info][gc,phases      ] GC(326) Adjust Roots 0.164ms
[144.195s][info][gc,phases,start] GC(326) Compaction Phase
[144.930s][info][gc,phases      ] GC(326) Compaction Phase 735.311ms
[144.930s][info][gc,phases,start] GC(326) Post Compact
[144.945s][info][gc,phases      ] GC(326) Post Compact 14.239ms
[144.945s][info][gc,heap        ] GC(326) PSYoungGen: 292631K(550912K)->292631K(550912K) Eden: 164864K(164864K)->164864K(164864K) From: 127767K(386048K)->127767K(386048K)
[144.945s][info][gc,heap        ] GC(326) ParOldGen: 11195594K(11195904K)->11195594K(11195904K)
[144.945s][info][gc,metaspace   ] GC(326) Metaspace: 6302K(6464K)->6302K(6464K) NonClass: 5769K(5824K)->5769K(5824K) Class: 533K(640K)->533K(640K)
[144.945s][info][gc             ] GC(326) Pause Full (Ergonomics) 11218M->11218M(11471M) 3367.777ms
[144.945s][info][gc,cpu         ] GC(326) User=26.14s Sys=0.00s Real=3.37s
[144.945s][info][gc,start       ] GC(327) Pause Full (Ergonomics)
[144.945s][info][gc,phases,start] GC(327) Marking Phase
[147.552s][info][gc,phases      ] GC(327) Marking Phase 2606.998ms
[147.552s][info][gc,phases,start] GC(327) Summary Phase
[147.552s][info][gc,phases      ] GC(327) Summary Phase 0.105ms
[147.552s][info][gc,phases,start] GC(327) Adjust Roots
[147.552s][info][gc,phases      ] GC(327) Adjust Roots 0.166ms
[147.552s][info][gc,phases,start] GC(327) Compaction Phase
[148.298s][info][gc,phases      ] GC(327) Compaction Phase 745.800ms
[148.298s][info][gc,phases,start] GC(327) Post Compact
[148.314s][info][gc,phases      ] GC(327) Post Compact 15.715ms
[148.314s][info][gc,heap        ] GC(327) PSYoungGen: 292631K(550912K)->292631K(550912K) Eden: 164864K(164864K)->164864K(164864K) From: 127767K(386048K)->127767K(386048K)
[148.314s][info][gc,heap        ] GC(327) ParOldGen: 11195598K(11195904K)->11195598K(11195904K)
[148.314s][info][gc,metaspace   ] GC(327) Metaspace: 6302K(6464K)->6302K(6464K) NonClass: 5769K(5824K)->5769K(5824K) Class: 533K(640K)->533K(640K)
[148.314s][info][gc             ] GC(327) Pause Full (Ergonomics) 11218M->11218M(11471M) 3369.154ms
[148.314s][info][gc,cpu         ] GC(327) User=26.25s Sys=0.00s Real=3.37s
[148.314s][info][gc,start       ] GC(328) Pause Full (Ergonomics)
[148.314s][info][gc,phases,start] GC(328) Marking Phase
[150.899s][info][gc,phases      ] GC(328) Marking Phase 2585.095ms
[150.899s][info][gc,phases,start] GC(328) Summary Phase
[150.900s][info][gc,phases      ] GC(328) Summary Phase 0.108ms
[150.900s][info][gc,phases,start] GC(328) Adjust Roots
[150.900s][info][gc,phases      ] GC(328) Adjust Roots 0.166ms
[150.900s][info][gc,phases,start] GC(328) Compaction Phase
[151.631s][info][gc,phases      ] GC(328) Compaction Phase 731.030ms
[151.631s][info][gc,phases,start] GC(328) Post Compact
[151.646s][info][gc,phases      ] GC(328) Post Compact 14.836ms
[151.646s][info][gc,heap        ] GC(328) PSYoungGen: 292631K(550912K)->292631K(550912K) Eden: 164864K(164864K)->164864K(164864K) From: 127767K(386048K)->127767K(386048K)
[151.646s][info][gc,heap        ] GC(328) ParOldGen: 11195603K(11195904K)->11195603K(11195904K)
[151.646s][info][gc,metaspace   ] GC(328) Metaspace: 6302K(6464K)->6302K(6464K) NonClass: 5769K(5824K)->5769K(5824K) Class: 533K(640K)->533K(640K)
[151.646s][info][gc             ] GC(328) Pause Full (Ergonomics) 11218M->11218M(11471M) 3331.601ms
[151.646s][info][gc,cpu         ] GC(328) User=25.97s Sys=0.03s Real=3.33s
[151.646s][info][gc,start       ] GC(329) Pause Full (Ergonomics)
[151.646s][info][gc,phases,start] GC(329) Marking Phase
[154.285s][info][gc,phases      ] GC(329) Marking Phase 2638.565ms
[154.285s][info][gc,phases,start] GC(329) Summary Phase
[154.285s][info][gc,phases      ] GC(329) Summary Phase 0.104ms
[154.285s][info][gc,phases,start] GC(329) Adjust Roots
[154.285s][info][gc,phases      ] GC(329) Adjust Roots 0.163ms
[154.285s][info][gc,phases,start] GC(329) Compaction Phase
[155.057s][info][gc,phases      ] GC(329) Compaction Phase 772.116ms
[155.057s][info][gc,phases,start] GC(329) Post Compact
[155.074s][info][gc,phases      ] GC(329) Post Compact 16.931ms
[155.074s][info][gc,heap        ] GC(329) PSYoungGen: 292631K(550912K)->292631K(550912K) Eden: 164864K(164864K)->164864K(164864K) From: 127767K(386048K)->127767K(386048K)
[155.074s][info][gc,heap        ] GC(329) ParOldGen: 11195608K(11195904K)->11195608K(11195904K)
[155.074s][info][gc,metaspace   ] GC(329) Metaspace: 6302K(6464K)->6302K(6464K) NonClass: 5769K(5824K)->5769K(5824K) Class: 533K(640K)->533K(640K)
[155.074s][info][gc             ] GC(329) Pause Full (Ergonomics) 11218M->11218M(11471M) 3428.225ms
[155.074s][info][gc,cpu         ] GC(329) User=26.48s Sys=0.03s Real=3.43s
[155.075s][info][gc,start       ] GC(330) Pause Full (Ergonomics)
[155.075s][info][gc,phases,start] GC(330) Marking Phase
[157.690s][info][gc,phases      ] GC(330) Marking Phase 2615.884ms
[157.690s][info][gc,phases,start] GC(330) Summary Phase
[157.691s][info][gc,phases      ] GC(330) Summary Phase 0.105ms
[157.691s][info][gc,phases,start] GC(330) Adjust Roots
[157.691s][info][gc,phases      ] GC(330) Adjust Roots 0.164ms
[157.691s][info][gc,phases,start] GC(330) Compaction Phase
[158.422s][info][gc,phases      ] GC(330) Compaction Phase 731.002ms
[158.422s][info][gc,phases,start] GC(330) Post Compact
[158.437s][info][gc,phases      ] GC(330) Post Compact 15.245ms
[158.437s][info][gc,heap        ] GC(330) PSYoungGen: 292631K(550912K)->292631K(550912K) Eden: 164864K(164864K)->164864K(164864K) From: 127767K(386048K)->127767K(386048K)
[158.437s][info][gc,heap        ] GC(330) ParOldGen: 11195613K(11195904K)->11195613K(11195904K)
[158.437s][info][gc,metaspace   ] GC(330) Metaspace: 6302K(6464K)->6302K(6464K) NonClass: 5769K(5824K)->5769K(5824K) Class: 533K(640K)->533K(640K)
[158.437s][info][gc             ] GC(330) Pause Full (Ergonomics) 11218M->11218M(11471M) 3362.762ms
[158.437s][info][gc,cpu         ] GC(330) User=26.36s Sys=0.00s Real=3.36s
[158.437s][info][gc,start       ] GC(331) Pause Full (Ergonomics)
[158.438s][info][gc,phases,start] GC(331) Marking Phase
[161.071s][info][gc,phases      ] GC(331) Marking Phase 2633.609ms
[161.071s][info][gc,phases,start] GC(331) Summary Phase
[161.071s][info][gc,phases      ] GC(331) Summary Phase 0.114ms
[161.071s][info][gc,phases,start] GC(331) Adjust Roots
[161.072s][info][gc,phases      ] GC(331) Adjust Roots 0.216ms
[161.072s][info][gc,phases,start] GC(331) Compaction Phase
[161.813s][info][gc,phases      ] GC(331) Compaction Phase 741.130ms
[161.813s][info][gc,phases,start] GC(331) Post Compact
[161.828s][info][gc,phases      ] GC(331) Post Compact 15.178ms
[161.828s][info][gc,heap        ] GC(331) PSYoungGen: 292631K(550912K)->292631K(550912K) Eden: 164864K(164864K)->164864K(164864K) From: 127767K(386048K)->127767K(386048K)
[161.828s][info][gc,heap        ] GC(331) ParOldGen: 11195618K(11195904K)->11195618K(11195904K)
[161.828s][info][gc,metaspace   ] GC(331) Metaspace: 6302K(6464K)->6302K(6464K) NonClass: 5769K(5824K)->5769K(5824K) Class: 533K(640K)->533K(640K)
[161.828s][info][gc             ] GC(331) Pause Full (Ergonomics) 11218M->11218M(11471M) 3390.596ms
[161.828s][info][gc,cpu         ] GC(331) User=26.36s Sys=0.00s Real=3.39s
[161.828s][info][gc,start       ] GC(332) Pause Full (Ergonomics)
[161.828s][info][gc,phases,start] GC(332) Marking Phase
[164.473s][info][gc,phases      ] GC(332) Marking Phase 2644.277ms
[164.473s][info][gc,phases,start] GC(332) Summary Phase
[164.473s][info][gc,phases      ] GC(332) Summary Phase 0.105ms
[164.473s][info][gc,phases,start] GC(332) Adjust Roots
[164.473s][info][gc,phases      ] GC(332) Adjust Roots 0.170ms
[164.473s][info][gc,phases,start] GC(332) Compaction Phase
[165.206s][info][gc,phases      ] GC(332) Compaction Phase 732.751ms
[165.206s][info][gc,phases,start] GC(332) Post Compact
[165.220s][info][gc,phases      ] GC(332) Post Compact 14.255ms
[165.220s][info][gc,heap        ] GC(332) PSYoungGen: 292631K(550912K)->292631K(550912K) Eden: 164864K(164864K)->164864K(164864K) From: 127767K(386048K)->127767K(386048K)
[165.220s][info][gc,heap        ] GC(332) ParOldGen: 11195623K(11195904K)->11195623K(11195904K)
[165.220s][info][gc,metaspace   ] GC(332) Metaspace: 6302K(6464K)->6302K(6464K) NonClass: 5769K(5824K)->5769K(5824K) Class: 533K(640K)->533K(640K)
[165.220s][info][gc             ] GC(332) Pause Full (Ergonomics) 11218M->11218M(11471M) 3391.893ms
[165.220s][info][gc,cpu         ] GC(332) User=26.47s Sys=0.00s Real=3.39s
[165.220s][info][gc,start       ] GC(333) Pause Full (Ergonomics)
[165.220s][info][gc,phases,start] GC(333) Marking Phase
[167.839s][info][gc,phases      ] GC(333) Marking Phase 2618.872ms
[167.839s][info][gc,phases,start] GC(333) Summary Phase
[167.839s][info][gc,phases      ] GC(333) Summary Phase 0.105ms
[167.840s][info][gc,phases,start] GC(333) Adjust Roots
[167.840s][info][gc,phases      ] GC(333) Adjust Roots 0.166ms
[167.840s][info][gc,phases,start] GC(333) Compaction Phase
[168.567s][info][gc,phases      ] GC(333) Compaction Phase 727.622ms
[168.567s][info][gc,phases,start] GC(333) Post Compact
[168.582s][info][gc,phases      ] GC(333) Post Compact 14.514ms
[168.582s][info][gc,heap        ] GC(333) PSYoungGen: 292631K(550912K)->292631K(550912K) Eden: 164864K(164864K)->164864K(164864K) From: 127767K(386048K)->127767K(386048K)
[168.582s][info][gc,heap        ] GC(333) ParOldGen: 11195627K(11195904K)->11195627K(11195904K)
[168.582s][info][gc,metaspace   ] GC(333) Metaspace: 6302K(6464K)->6302K(6464K) NonClass: 5769K(5824K)->5769K(5824K) Class: 533K(640K)->533K(640K)
[168.582s][info][gc             ] GC(333) Pause Full (Ergonomics) 11219M->11219M(11471M) 3361.634ms
[168.582s][info][gc,cpu         ] GC(333) User=26.20s Sys=0.02s Real=3.36s
[168.582s][info][gc,start       ] GC(334) Pause Full (Ergonomics)
[168.582s][info][gc,phases,start] GC(334) Marking Phase
[171.198s][info][gc,phases      ] GC(334) Marking Phase 2615.302ms
[171.198s][info][gc,phases,start] GC(334) Summary Phase
[171.198s][info][gc,phases      ] GC(334) Summary Phase 0.105ms
[171.198s][info][gc,phases,start] GC(334) Adjust Roots
[171.198s][info][gc,phases      ] GC(334) Adjust Roots 0.172ms
[171.198s][info][gc,phases,start] GC(334) Compaction Phase
[171.964s][info][gc,phases      ] GC(334) Compaction Phase 765.551ms
[171.964s][info][gc,phases,start] GC(334) Post Compact
[171.981s][info][gc,phases      ] GC(334) Post Compact 17.026ms
[171.981s][info][gc,heap        ] GC(334) PSYoungGen: 292631K(550912K)->292631K(550912K) Eden: 164864K(164864K)->164864K(164864K) From: 127767K(386048K)->127767K(386048K)
[171.981s][info][gc,heap        ] GC(334) ParOldGen: 11195632K(11195904K)->11195632K(11195904K)
[171.981s][info][gc,metaspace   ] GC(334) Metaspace: 6302K(6464K)->6302K(6464K) NonClass: 5769K(5824K)->5769K(5824K) Class: 533K(640K)->533K(640K)
[171.981s][info][gc             ] GC(334) Pause Full (Ergonomics) 11219M->11219M(11471M) 3398.613ms
[171.981s][info][gc,cpu         ] GC(334) User=26.31s Sys=0.00s Real=3.40s
[171.981s][info][gc,start       ] GC(335) Pause Full (Ergonomics)
[171.981s][info][gc,phases,start] GC(335) Marking Phase
[174.606s][info][gc,phases      ] GC(335) Marking Phase 2624.469ms
[174.606s][info][gc,phases,start] GC(335) Summary Phase
[174.606s][info][gc,phases      ] GC(335) Summary Phase 0.105ms
[174.606s][info][gc,phases,start] GC(335) Adjust Roots
[174.606s][info][gc,phases      ] GC(335) Adjust Roots 0.164ms
[174.606s][info][gc,phases,start] GC(335) Compaction Phase
[175.340s][info][gc,phases      ] GC(335) Compaction Phase 734.143ms
[175.340s][info][gc,phases,start] GC(335) Post Compact
[175.356s][info][gc,phases      ] GC(335) Post Compact 15.697ms
[175.356s][info][gc,heap        ] GC(335) PSYoungGen: 292631K(550912K)->292631K(550912K) Eden: 164864K(164864K)->164864K(164864K) From: 127767K(386048K)->127767K(386048K)
[175.356s][info][gc,heap        ] GC(335) ParOldGen: 11195637K(11195904K)->11195637K(11195904K)
[175.356s][info][gc,metaspace   ] GC(335) Metaspace: 6302K(6464K)->6302K(6464K) NonClass: 5769K(5824K)->5769K(5824K) Class: 533K(640K)->533K(640K)
[175.356s][info][gc             ] GC(335) Pause Full (Ergonomics) 11219M->11219M(11471M) 3374.929ms
[175.356s][info][gc,cpu         ] GC(335) User=26.33s Sys=0.00s Real=3.38s
[175.356s][info][gc,start       ] GC(336) Pause Full (Ergonomics)
[175.356s][info][gc,phases,start] GC(336) Marking Phase
[177.912s][info][gc,phases      ] GC(336) Marking Phase 2556.001ms
[177.912s][info][gc,phases,start] GC(336) Summary Phase
[177.912s][info][gc,phases      ] GC(336) Summary Phase 0.105ms
[177.912s][info][gc,phases,start] GC(336) Adjust Roots
[177.913s][info][gc,phases      ] GC(336) Adjust Roots 0.168ms
[177.913s][info][gc,phases,start] GC(336) Compaction Phase
[178.654s][info][gc,phases      ] GC(336) Compaction Phase 740.935ms
[178.654s][info][gc,phases,start] GC(336) Post Compact
[178.669s][info][gc,phases      ] GC(336) Post Compact 15.526ms
[178.669s][info][gc,heap        ] GC(336) PSYoungGen: 292631K(550912K)->292631K(550912K) Eden: 164864K(164864K)->164864K(164864K) From: 127767K(386048K)->127767K(386048K)
[178.669s][info][gc,heap        ] GC(336) ParOldGen: 11195642K(11195904K)->11195642K(11195904K)
[178.669s][info][gc,metaspace   ] GC(336) Metaspace: 6302K(6464K)->6302K(6464K) NonClass: 5769K(5824K)->5769K(5824K) Class: 533K(640K)->533K(640K)
[178.669s][info][gc             ] GC(336) Pause Full (Ergonomics) 11219M->11219M(11471M) 3313.104ms
[178.669s][info][gc,cpu         ] GC(336) User=25.78s Sys=0.00s Real=3.31s
[178.670s][info][gc,start       ] GC(337) Pause Full (Ergonomics)
[178.670s][info][gc,phases,start] GC(337) Marking Phase
[181.263s][info][gc,phases      ] GC(337) Marking Phase 2593.657ms
[181.263s][info][gc,phases,start] GC(337) Summary Phase
[181.263s][info][gc,phases      ] GC(337) Summary Phase 0.145ms
[181.263s][info][gc,phases,start] GC(337) Adjust Roots
[181.264s][info][gc,phases      ] GC(337) Adjust Roots 0.290ms
[181.264s][info][gc,phases,start] GC(337) Compaction Phase
[182.008s][info][gc,phases      ] GC(337) Compaction Phase 744.616ms
[182.008s][info][gc,phases,start] GC(337) Post Compact
[182.024s][info][gc,phases      ] GC(337) Post Compact 15.605ms
[182.024s][info][gc,heap        ] GC(337) PSYoungGen: 292631K(550912K)->292631K(550912K) Eden: 164864K(164864K)->164864K(164864K) From: 127767K(386048K)->127767K(386048K)
[182.024s][info][gc,heap        ] GC(337) ParOldGen: 11195647K(11195904K)->11195647K(11195904K)
[182.024s][info][gc,metaspace   ] GC(337) Metaspace: 6302K(6464K)->6302K(6464K) NonClass: 5769K(5824K)->5769K(5824K) Class: 533K(640K)->533K(640K)
[182.024s][info][gc             ] GC(337) Pause Full (Ergonomics) 11219M->11219M(11471M) 3354.703ms
[182.024s][info][gc,cpu         ] GC(337) User=26.05s Sys=0.00s Real=3.36s
[182.024s][info][gc,start       ] GC(338) Pause Full (Ergonomics)
[182.024s][info][gc,phases,start] GC(338) Marking Phase
[184.647s][info][gc,phases      ] GC(338) Marking Phase 2622.218ms
[184.647s][info][gc,phases,start] GC(338) Summary Phase
[184.647s][info][gc,phases      ] GC(338) Summary Phase 0.167ms
[184.647s][info][gc,phases,start] GC(338) Adjust Roots
[184.647s][info][gc,phases      ] GC(338) Adjust Roots 0.248ms
[184.647s][info][gc,phases,start] GC(338) Compaction Phase
[185.419s][info][gc,phases      ] GC(338) Compaction Phase 771.833ms
[185.419s][info][gc,phases,start] GC(338) Post Compact
[185.436s][info][gc,phases      ] GC(338) Post Compact 16.777ms
[185.436s][info][gc,heap        ] GC(338) PSYoungGen: 292631K(550912K)->292631K(550912K) Eden: 164864K(164864K)->164864K(164864K) From: 127767K(386048K)->127767K(386048K)
[185.436s][info][gc,heap        ] GC(338) ParOldGen: 11195652K(11195904K)->11195652K(11195904K)
[185.436s][info][gc,metaspace   ] GC(338) Metaspace: 6302K(6464K)->6302K(6464K) NonClass: 5769K(5824K)->5769K(5824K) Class: 533K(640K)->533K(640K)
[185.436s][info][gc             ] GC(338) Pause Full (Ergonomics) 11219M->11219M(11471M) 3411.624ms
[185.436s][info][gc,cpu         ] GC(338) User=26.36s Sys=0.00s Real=3.41s
[185.436s][info][gc,start       ] GC(339) Pause Full (Ergonomics)
[185.436s][info][gc,phases,start] GC(339) Marking Phase
[188.066s][info][gc,phases      ] GC(339) Marking Phase 2629.664ms
[188.066s][info][gc,phases,start] GC(339) Summary Phase
[188.066s][info][gc,phases      ] GC(339) Summary Phase 0.105ms
[188.066s][info][gc,phases,start] GC(339) Adjust Roots
[188.066s][info][gc,phases      ] GC(339) Adjust Roots 0.165ms
[188.066s][info][gc,phases,start] GC(339) Compaction Phase
[188.811s][info][gc,phases      ] GC(339) Compaction Phase 744.780ms
[188.811s][info][gc,phases,start] GC(339) Post Compact
[188.827s][info][gc,phases      ] GC(339) Post Compact 15.277ms
[188.827s][info][gc,heap        ] GC(339) PSYoungGen: 292631K(550912K)->292631K(550912K) Eden: 164864K(164864K)->164864K(164864K) From: 127767K(386048K)->127767K(386048K)
[188.827s][info][gc,heap        ] GC(339) ParOldGen: 11195656K(11195904K)->11195656K(11195904K)
[188.827s][info][gc,metaspace   ] GC(339) Metaspace: 6302K(6464K)->6302K(6464K) NonClass: 5769K(5824K)->5769K(5824K) Class: 533K(640K)->533K(640K)
[188.827s][info][gc             ] GC(339) Pause Full (Ergonomics) 11219M->11219M(11471M) 3390.337ms
[188.827s][info][gc,cpu         ] GC(339) User=26.41s Sys=0.00s Real=3.39s
[188.827s][info][gc,start       ] GC(340) Pause Full (Ergonomics)
[188.827s][info][gc,phases,start] GC(340) Marking Phase
[191.476s][info][gc,phases      ] GC(340) Marking Phase 2648.773ms
[191.476s][info][gc,phases,start] GC(340) Summary Phase
[191.476s][info][gc,phases      ] GC(340) Summary Phase 0.182ms
[191.476s][info][gc,phases,start] GC(340) Adjust Roots
[191.476s][info][gc,phases      ] GC(340) Adjust Roots 0.345ms
[191.476s][info][gc,phases,start] GC(340) Compaction Phase
[192.233s][info][gc,phases      ] GC(340) Compaction Phase 756.915ms
[192.233s][info][gc,phases,start] GC(340) Post Compact
[192.249s][info][gc,phases      ] GC(340) Post Compact 15.610ms
[192.249s][info][gc,heap        ] GC(340) PSYoungGen: 292631K(550912K)->292631K(550912K) Eden: 164864K(164864K)->164864K(164864K) From: 127767K(386048K)->127767K(386048K)
[192.249s][info][gc,heap        ] GC(340) ParOldGen: 11195661K(11195904K)->11195661K(11195904K)
[192.249s][info][gc,metaspace   ] GC(340) Metaspace: 6302K(6464K)->6302K(6464K) NonClass: 5769K(5824K)->5769K(5824K) Class: 533K(640K)->533K(640K)
[192.249s][info][gc             ] GC(340) Pause Full (Ergonomics) 11219M->11219M(11471M) 3422.300ms
[192.249s][info][gc,cpu         ] GC(340) User=26.48s Sys=0.00s Real=3.42s
[192.249s][info][gc,start       ] GC(341) Pause Full (Ergonomics)
[192.249s][info][gc,phases,start] GC(341) Marking Phase
[194.885s][info][gc,phases      ] GC(341) Marking Phase 2635.546ms
[194.885s][info][gc,phases,start] GC(341) Summary Phase
[194.885s][info][gc,phases      ] GC(341) Summary Phase 0.110ms
[194.885s][info][gc,phases,start] GC(341) Adjust Roots
[194.885s][info][gc,phases      ] GC(341) Adjust Roots 0.176ms
[194.885s][info][gc,phases,start] GC(341) Compaction Phase
[195.613s][info][gc,phases      ] GC(341) Compaction Phase 727.589ms
[195.613s][info][gc,phases,start] GC(341) Post Compact
[195.630s][info][gc,phases      ] GC(341) Post Compact 17.415ms
[195.631s][info][gc,heap        ] GC(341) PSYoungGen: 292631K(550912K)->292631K(550912K) Eden: 164864K(164864K)->164864K(164864K) From: 127767K(386048K)->127767K(386048K)
[195.631s][info][gc,heap        ] GC(341) ParOldGen: 11195666K(11195904K)->11195666K(11195904K)
[195.631s][info][gc,metaspace   ] GC(341) Metaspace: 6302K(6464K)->6302K(6464K) NonClass: 5769K(5824K)->5769K(5824K) Class: 533K(640K)->533K(640K)
[195.631s][info][gc             ] GC(341) Pause Full (Ergonomics) 11219M->11219M(11471M) 3381.246ms
[195.631s][info][gc,cpu         ] GC(341) User=26.38s Sys=0.00s Real=3.38s
[195.631s][info][gc,start       ] GC(342) Pause Full (Ergonomics)
[195.631s][info][gc,phases,start] GC(342) Marking Phase
[198.205s][info][gc,phases      ] GC(342) Marking Phase 2574.272ms
[198.205s][info][gc,phases,start] GC(342) Summary Phase
[198.205s][info][gc,phases      ] GC(342) Summary Phase 0.148ms
[198.205s][info][gc,phases,start] GC(342) Adjust Roots
[198.206s][info][gc,phases      ] GC(342) Adjust Roots 0.222ms
[198.206s][info][gc,phases,start] GC(342) Compaction Phase
[198.919s][info][gc,phases      ] GC(342) Compaction Phase 712.972ms
[198.919s][info][gc,phases,start] GC(342) Post Compact
[198.934s][info][gc,phases      ] GC(342) Post Compact 15.343ms
[198.934s][info][gc,heap        ] GC(342) PSYoungGen: 292631K(550912K)->292631K(550912K) Eden: 164864K(164864K)->164864K(164864K) From: 127767K(386048K)->127767K(386048K)
[198.934s][info][gc,heap        ] GC(342) ParOldGen: 11195671K(11195904K)->11195671K(11195904K)
[198.934s][info][gc,metaspace   ] GC(342) Metaspace: 6302K(6464K)->6302K(6464K) NonClass: 5769K(5824K)->5769K(5824K) Class: 533K(640K)->533K(640K)
[198.934s][info][gc             ] GC(342) Pause Full (Ergonomics) 11219M->11219M(11471M) 3303.304ms
[198.934s][info][gc,cpu         ] GC(342) User=25.86s Sys=0.00s Real=3.30s
[198.934s][info][gc,start       ] GC(343) Pause Full (Ergonomics)
[198.934s][info][gc,phases,start] GC(343) Marking Phase
[201.552s][info][gc,phases      ] GC(343) Marking Phase 2617.376ms
[201.552s][info][gc,phases,start] GC(343) Summary Phase
[201.552s][info][gc,phases      ] GC(343) Summary Phase 0.108ms
[201.552s][info][gc,phases,start] GC(343) Adjust Roots
[201.552s][info][gc,phases      ] GC(343) Adjust Roots 0.160ms
[201.552s][info][gc,phases,start] GC(343) Compaction Phase
[202.255s][info][gc,phases      ] GC(343) Compaction Phase 703.251ms
[202.255s][info][gc,phases,start] GC(343) Post Compact
[202.270s][info][gc,phases      ] GC(343) Post Compact 14.689ms
[202.270s][info][gc,heap        ] GC(343) PSYoungGen: 292631K(550912K)->292631K(550912K) Eden: 164864K(164864K)->164864K(164864K) From: 127767K(386048K)->127767K(386048K)
[202.270s][info][gc,heap        ] GC(343) ParOldGen: 11195676K(11195904K)->11195676K(11195904K)
[202.270s][info][gc,metaspace   ] GC(343) Metaspace: 6302K(6464K)->6302K(6464K) NonClass: 5769K(5824K)->5769K(5824K) Class: 533K(640K)->533K(640K)
[202.270s][info][gc             ] GC(343) Pause Full (Ergonomics) 11219M->11219M(11471M) 3335.942ms
[202.270s][info][gc,cpu         ] GC(343) User=26.08s Sys=0.02s Real=3.34s
[202.270s][info][gc,start       ] GC(344) Pause Full (Ergonomics)
[202.271s][info][gc,phases,start] GC(344) Marking Phase
[204.871s][info][gc,phases      ] GC(344) Marking Phase 2600.904ms
[204.871s][info][gc,phases,start] GC(344) Summary Phase
[204.872s][info][gc,phases      ] GC(344) Summary Phase 0.104ms
[204.872s][info][gc,phases,start] GC(344) Adjust Roots
[204.872s][info][gc,phases      ] GC(344) Adjust Roots 0.165ms
[204.872s][info][gc,phases,start] GC(344) Compaction Phase
[205.568s][info][gc,phases      ] GC(344) Compaction Phase 696.439ms
[205.568s][info][gc,phases,start] GC(344) Post Compact
[205.583s][info][gc,phases      ] GC(344) Post Compact 15.109ms
[205.583s][info][gc,heap        ] GC(344) PSYoungGen: 292631K(550912K)->292631K(550912K) Eden: 164864K(164864K)->164864K(164864K) From: 127767K(386048K)->127767K(386048K)
[205.584s][info][gc,heap        ] GC(344) ParOldGen: 11195681K(11195904K)->11195681K(11195904K)
[205.584s][info][gc,metaspace   ] GC(344) Metaspace: 6302K(6464K)->6302K(6464K) NonClass: 5769K(5824K)->5769K(5824K) Class: 533K(640K)->533K(640K)
[205.584s][info][gc             ] GC(344) Pause Full (Ergonomics) 11219M->11219M(11471M) 3313.066ms
[205.584s][info][gc,cpu         ] GC(344) User=25.88s Sys=0.00s Real=3.31s
[205.584s][info][gc,start       ] GC(345) Pause Full (Ergonomics)
[205.584s][info][gc,phases,start] GC(345) Marking Phase
[208.201s][info][gc,phases      ] GC(345) Marking Phase 2616.760ms
[208.201s][info][gc,phases,start] GC(345) Summary Phase
[208.201s][info][gc,phases      ] GC(345) Summary Phase 0.105ms
[208.201s][info][gc,phases,start] GC(345) Adjust Roots
[208.201s][info][gc,phases      ] GC(345) Adjust Roots 0.168ms
[208.201s][info][gc,phases,start] GC(345) Compaction Phase
[208.892s][info][gc,phases      ] GC(345) Compaction Phase 691.194ms
[208.892s][info][gc,phases,start] GC(345) Post Compact
[208.907s][info][gc,phases      ] GC(345) Post Compact 14.979ms
[208.907s][info][gc,heap        ] GC(345) PSYoungGen: 292631K(550912K)->292631K(550912K) Eden: 164864K(164864K)->164864K(164864K) From: 127767K(386048K)->127767K(386048K)
[208.907s][info][gc,heap        ] GC(345) ParOldGen: 11195685K(11195904K)->11195685K(11195904K)
[208.907s][info][gc,metaspace   ] GC(345) Metaspace: 6302K(6464K)->6302K(6464K) NonClass: 5769K(5824K)->5769K(5824K) Class: 533K(640K)->533K(640K)
[208.907s][info][gc             ] GC(345) Pause Full (Ergonomics) 11219M->11219M(11471M) 3323.553ms
[208.907s][info][gc,cpu         ] GC(345) User=26.06s Sys=0.00s Real=3.32s
[208.908s][info][gc,start       ] GC(346) Pause Full (Ergonomics)
[208.908s][info][gc,phases,start] GC(346) Marking Phase
[211.555s][info][gc,phases      ] GC(346) Marking Phase 2647.149ms
[211.555s][info][gc,phases,start] GC(346) Summary Phase
[211.555s][info][gc,phases      ] GC(346) Summary Phase 0.105ms
[211.555s][info][gc,phases,start] GC(346) Adjust Roots
[211.555s][info][gc,phases      ] GC(346) Adjust Roots 0.161ms
[211.555s][info][gc,phases,start] GC(346) Compaction Phase
[212.247s][info][gc,phases      ] GC(346) Compaction Phase 691.760ms
[212.247s][info][gc,phases,start] GC(346) Post Compact
[212.261s][info][gc,phases      ] GC(346) Post Compact 14.535ms
[212.262s][info][gc,heap        ] GC(346) PSYoungGen: 292631K(550912K)->292631K(550912K) Eden: 164864K(164864K)->164864K(164864K) From: 127767K(386048K)->127767K(386048K)
[212.262s][info][gc,heap        ] GC(346) ParOldGen: 11195690K(11195904K)->11195690K(11195904K)
[212.262s][info][gc,metaspace   ] GC(346) Metaspace: 6302K(6464K)->6302K(6464K) NonClass: 5769K(5824K)->5769K(5824K) Class: 533K(640K)->533K(640K)
[212.262s][info][gc             ] GC(346) Pause Full (Ergonomics) 11219M->11219M(11471M) 3354.072ms
[212.262s][info][gc,cpu         ] GC(346) User=26.16s Sys=0.02s Real=3.36s
[212.262s][info][gc,start       ] GC(347) Pause Full (Ergonomics)
[212.262s][info][gc,phases,start] GC(347) Marking Phase
[214.888s][info][gc,phases      ] GC(347) Marking Phase 2626.300ms
[214.888s][info][gc,phases,start] GC(347) Summary Phase
[214.888s][info][gc,phases      ] GC(347) Summary Phase 0.106ms
[214.888s][info][gc,phases,start] GC(347) Adjust Roots
[214.889s][info][gc,phases      ] GC(347) Adjust Roots 0.181ms
[214.889s][info][gc,phases,start] GC(347) Compaction Phase
[215.589s][info][gc,phases      ] GC(347) Compaction Phase 700.136ms
[215.589s][info][gc,phases,start] GC(347) Post Compact
[215.605s][info][gc,phases      ] GC(347) Post Compact 16.602ms
[215.605s][info][gc,heap        ] GC(347) PSYoungGen: 292631K(550912K)->292631K(550912K) Eden: 164864K(164864K)->164864K(164864K) From: 127767K(386048K)->127767K(386048K)
[215.605s][info][gc,heap        ] GC(347) ParOldGen: 11195695K(11195904K)->11195695K(11195904K)
[215.605s][info][gc,metaspace   ] GC(347) Metaspace: 6302K(6464K)->6302K(6464K) NonClass: 5769K(5824K)->5769K(5824K) Class: 533K(640K)->533K(640K)
[215.605s][info][gc             ] GC(347) Pause Full (Ergonomics) 11219M->11219M(11471M) 3343.666ms
[215.606s][info][gc,cpu         ] GC(347) User=25.88s Sys=0.00s Real=3.34s
[215.606s][info][gc,start       ] GC(348) Pause Full (Ergonomics)
[215.606s][info][gc,phases,start] GC(348) Marking Phase
[218.227s][info][gc,phases      ] GC(348) Marking Phase 2621.334ms
[218.227s][info][gc,phases,start] GC(348) Summary Phase
[218.227s][info][gc,phases      ] GC(348) Summary Phase 0.108ms
[218.227s][info][gc,phases,start] GC(348) Adjust Roots
[218.227s][info][gc,phases      ] GC(348) Adjust Roots 0.219ms
[218.227s][info][gc,phases,start] GC(348) Compaction Phase
[218.923s][info][gc,phases      ] GC(348) Compaction Phase 695.487ms
[218.923s][info][gc,phases,start] GC(348) Post Compact
[218.937s][info][gc,phases      ] GC(348) Post Compact 14.356ms
[218.937s][info][gc,heap        ] GC(348) PSYoungGen: 292631K(550912K)->292631K(550912K) Eden: 164864K(164864K)->164864K(164864K) From: 127767K(386048K)->127767K(386048K)
[218.938s][info][gc,heap        ] GC(348) ParOldGen: 11195700K(11195904K)->11195700K(11195904K)
[218.938s][info][gc,metaspace   ] GC(348) Metaspace: 6302K(6464K)->6302K(6464K) NonClass: 5769K(5824K)->5769K(5824K) Class: 533K(640K)->533K(640K)
[218.938s][info][gc             ] GC(348) Pause Full (Ergonomics) 11219M->11219M(11471M) 3331.877ms
[218.938s][info][gc,cpu         ] GC(348) User=25.86s Sys=0.00s Real=3.33s
[218.938s][info][gc,start       ] GC(349) Pause Full (Ergonomics)
[218.938s][info][gc,phases,start] GC(349) Marking Phase
[221.563s][info][gc,phases      ] GC(349) Marking Phase 2625.335ms
[221.563s][info][gc,phases,start] GC(349) Summary Phase
[221.563s][info][gc,phases      ] GC(349) Summary Phase 0.233ms
[221.564s][info][gc,phases,start] GC(349) Adjust Roots
[221.564s][info][gc,phases      ] GC(349) Adjust Roots 0.329ms
[221.564s][info][gc,phases,start] GC(349) Compaction Phase
[222.246s][info][gc,phases      ] GC(349) Compaction Phase 682.500ms
[222.246s][info][gc,phases,start] GC(349) Post Compact
[222.261s][info][gc,phases      ] GC(349) Post Compact 14.175ms
[222.261s][info][gc,heap        ] GC(349) PSYoungGen: 292631K(550912K)->292631K(550912K) Eden: 164864K(164864K)->164864K(164864K) From: 127767K(386048K)->127767K(386048K)
[222.261s][info][gc,heap        ] GC(349) ParOldGen: 11195705K(11195904K)->11195705K(11195904K)
[222.261s][info][gc,metaspace   ] GC(349) Metaspace: 6302K(6464K)->6302K(6464K) NonClass: 5769K(5824K)->5769K(5824K) Class: 533K(640K)->533K(640K)
[222.261s][info][gc             ] GC(349) Pause Full (Ergonomics) 11219M->11219M(11471M) 3323.016ms
[222.261s][info][gc,cpu         ] GC(349) User=25.86s Sys=0.00s Real=3.32s
[222.261s][info][gc,start       ] GC(350) Pause Full (Ergonomics)
[222.261s][info][gc,phases,start] GC(350) Marking Phase
[224.871s][info][gc,phases      ] GC(350) Marking Phase 2610.028ms
[224.871s][info][gc,phases,start] GC(350) Summary Phase
[224.871s][info][gc,phases      ] GC(350) Summary Phase 0.117ms
[224.871s][info][gc,phases,start] GC(350) Adjust Roots
[224.872s][info][gc,phases      ] GC(350) Adjust Roots 0.202ms
[224.872s][info][gc,phases,start] GC(350) Compaction Phase
[225.558s][info][gc,phases      ] GC(350) Compaction Phase 686.777ms
[225.558s][info][gc,phases,start] GC(350) Post Compact
[225.573s][info][gc,phases      ] GC(350) Post Compact 14.594ms
[225.573s][info][gc,heap        ] GC(350) PSYoungGen: 292631K(550912K)->292631K(550912K) Eden: 164864K(164864K)->164864K(164864K) From: 127767K(386048K)->127767K(386048K)
[225.573s][info][gc,heap        ] GC(350) ParOldGen: 11195710K(11195904K)->11195710K(11195904K)
[225.573s][info][gc,metaspace   ] GC(350) Metaspace: 6302K(6464K)->6302K(6464K) NonClass: 5769K(5824K)->5769K(5824K) Class: 533K(640K)->533K(640K)
[225.573s][info][gc             ] GC(350) Pause Full (Ergonomics) 11219M->11219M(11471M) 3312.094ms
[225.573s][info][gc,cpu         ] GC(350) User=25.70s Sys=0.00s Real=3.31s
[225.573s][info][gc,start       ] GC(351) Pause Full (Ergonomics)
[225.573s][info][gc,phases,start] GC(351) Marking Phase
[228.177s][info][gc,phases      ] GC(351) Marking Phase 2603.579ms
[228.177s][info][gc,phases,start] GC(351) Summary Phase
[228.177s][info][gc,phases      ] GC(351) Summary Phase 0.141ms
[228.177s][info][gc,phases,start] GC(351) Adjust Roots
[228.177s][info][gc,phases      ] GC(351) Adjust Roots 0.230ms
[228.177s][info][gc,phases,start] GC(351) Compaction Phase
[228.859s][info][gc,phases      ] GC(351) Compaction Phase 681.418ms
[228.859s][info][gc,phases,start] GC(351) Post Compact
[228.873s][info][gc,phases      ] GC(351) Post Compact 14.348ms
[228.873s][info][gc,heap        ] GC(351) PSYoungGen: 292631K(550912K)->292631K(550912K) Eden: 164864K(164864K)->164864K(164864K) From: 127767K(386048K)->127767K(386048K)
[228.873s][info][gc,heap        ] GC(351) ParOldGen: 11195714K(11195904K)->11195714K(11195904K)
[228.873s][info][gc,metaspace   ] GC(351) Metaspace: 6302K(6464K)->6302K(6464K) NonClass: 5769K(5824K)->5769K(5824K) Class: 533K(640K)->533K(640K)
[228.873s][info][gc             ] GC(351) Pause Full (Ergonomics) 11219M->11219M(11471M) 3300.081ms
[228.873s][info][gc,cpu         ] GC(351) User=25.69s Sys=0.00s Real=3.30s
[228.874s][info][gc,start       ] GC(352) Pause Full (Ergonomics)
[228.874s][info][gc,phases,start] GC(352) Marking Phase
[231.507s][info][gc,phases      ] GC(352) Marking Phase 2633.278ms
[231.507s][info][gc,phases,start] GC(352) Summary Phase
[231.507s][info][gc,phases      ] GC(352) Summary Phase 0.139ms
[231.507s][info][gc,phases,start] GC(352) Adjust Roots
[231.507s][info][gc,phases      ] GC(352) Adjust Roots 0.179ms
[231.507s][info][gc,phases,start] GC(352) Compaction Phase
[232.209s][info][gc,phases      ] GC(352) Compaction Phase 701.986ms
[232.209s][info][gc,phases,start] GC(352) Post Compact
[232.224s][info][gc,phases      ] GC(352) Post Compact 14.963ms
[232.224s][info][gc,heap        ] GC(352) PSYoungGen: 292631K(550912K)->292631K(550912K) Eden: 164864K(164864K)->164864K(164864K) From: 127767K(386048K)->127767K(386048K)
[232.225s][info][gc,heap        ] GC(352) ParOldGen: 11195719K(11195904K)->11195719K(11195904K)
[232.225s][info][gc,metaspace   ] GC(352) Metaspace: 6302K(6464K)->6302K(6464K) NonClass: 5769K(5824K)->5769K(5824K) Class: 533K(640K)->533K(640K)
[232.225s][info][gc             ] GC(352) Pause Full (Ergonomics) 11219M->11219M(11471M) 3350.919ms
[232.225s][info][gc,cpu         ] GC(352) User=25.98s Sys=0.00s Real=3.35s
[232.225s][info][gc,start       ] GC(353) Pause Full (Ergonomics)
[232.225s][info][gc,phases,start] GC(353) Marking Phase
[234.869s][info][gc,phases      ] GC(353) Marking Phase 2643.829ms
[234.869s][info][gc,phases,start] GC(353) Summary Phase
[234.869s][info][gc,phases      ] GC(353) Summary Phase 0.110ms
[234.869s][info][gc,phases,start] GC(353) Adjust Roots
[234.869s][info][gc,phases      ] GC(353) Adjust Roots 0.164ms
[234.869s][info][gc,phases,start] GC(353) Compaction Phase
[235.551s][info][gc,phases      ] GC(353) Compaction Phase 682.477ms
[235.552s][info][gc,phases,start] GC(353) Post Compact
[235.566s][info][gc,phases      ] GC(353) Post Compact 14.418ms
[235.566s][info][gc,heap        ] GC(353) PSYoungGen: 292631K(550912K)->292631K(550912K) Eden: 164864K(164864K)->164864K(164864K) From: 127767K(386048K)->127767K(386048K)
[235.566s][info][gc,heap        ] GC(353) ParOldGen: 11195724K(11195904K)->11195724K(11195904K)
[235.566s][info][gc,metaspace   ] GC(353) Metaspace: 6302K(6464K)->6302K(6464K) NonClass: 5769K(5824K)->5769K(5824K) Class: 533K(640K)->533K(640K)
[235.566s][info][gc             ] GC(353) Pause Full (Ergonomics) 11219M->11219M(11471M) 3341.337ms
[235.566s][info][gc,cpu         ] GC(353) User=26.14s Sys=0.00s Real=3.34s
[235.566s][info][gc,start       ] GC(354) Pause Full (Ergonomics)
[235.566s][info][gc,phases,start] GC(354) Marking Phase
[238.139s][info][gc,phases      ] GC(354) Marking Phase 2572.669ms
[238.139s][info][gc,phases,start] GC(354) Summary Phase
[238.139s][info][gc,phases      ] GC(354) Summary Phase 0.111ms
[238.139s][info][gc,phases,start] GC(354) Adjust Roots
[238.139s][info][gc,phases      ] GC(354) Adjust Roots 0.167ms
[238.139s][info][gc,phases,start] GC(354) Compaction Phase
[238.833s][info][gc,phases      ] GC(354) Compaction Phase 693.266ms
[238.833s][info][gc,phases,start] GC(354) Post Compact
[238.848s][info][gc,phases      ] GC(354) Post Compact 15.548ms
[238.848s][info][gc,heap        ] GC(354) PSYoungGen: 292631K(550912K)->292631K(550912K) Eden: 164864K(164864K)->164864K(164864K) From: 127767K(386048K)->127767K(386048K)
[238.848s][info][gc,heap        ] GC(354) ParOldGen: 11195729K(11195904K)->11195729K(11195904K)
[238.848s][info][gc,metaspace   ] GC(354) Metaspace: 6302K(6464K)->6302K(6464K) NonClass: 5769K(5824K)->5769K(5824K) Class: 533K(640K)->533K(640K)
[238.848s][info][gc             ] GC(354) Pause Full (Ergonomics) 11219M->11219M(11471M) 3282.104ms
[238.848s][info][gc,cpu         ] GC(354) User=25.55s Sys=0.00s Real=3.28s
[238.849s][info][gc,start       ] GC(355) Pause Full (Ergonomics)
[238.849s][info][gc,phases,start] GC(355) Marking Phase
[241.483s][info][gc,phases      ] GC(355) Marking Phase 2634.480ms
[241.483s][info][gc,phases,start] GC(355) Summary Phase
[241.483s][info][gc,phases      ] GC(355) Summary Phase 0.136ms
[241.483s][info][gc,phases,start] GC(355) Adjust Roots
[241.484s][info][gc,phases      ] GC(355) Adjust Roots 0.241ms
[241.484s][info][gc,phases,start] GC(355) Compaction Phase
[242.163s][info][gc,phases      ] GC(355) Compaction Phase 678.952ms
[242.163s][info][gc,phases,start] GC(355) Post Compact
[242.185s][info][gc,phases      ] GC(355) Post Compact 22.110ms
[242.185s][info][gc,heap        ] GC(355) PSYoungGen: 292631K(550912K)->292631K(550912K) Eden: 164864K(164864K)->164864K(164864K) From: 127767K(386048K)->127767K(386048K)
[242.185s][info][gc,heap        ] GC(355) ParOldGen: 11195734K(11195904K)->11195734K(11195904K)
[242.185s][info][gc,metaspace   ] GC(355) Metaspace: 6302K(6464K)->6302K(6464K) NonClass: 5769K(5824K)->5769K(5824K) Class: 533K(640K)->533K(640K)
[242.185s][info][gc             ] GC(355) Pause Full (Ergonomics) 11219M->11219M(11471M) 3336.367ms
[242.185s][info][gc,cpu         ] GC(355) User=26.02s Sys=0.00s Real=3.34s
[242.185s][info][gc,start       ] GC(356) Pause Full (Ergonomics)
[242.185s][info][gc,phases,start] GC(356) Marking Phase
[244.796s][info][gc,phases      ] GC(356) Marking Phase 2610.468ms
[244.796s][info][gc,phases,start] GC(356) Summary Phase
[244.796s][info][gc,phases      ] GC(356) Summary Phase 0.198ms
[244.796s][info][gc,phases,start] GC(356) Adjust Roots
[244.796s][info][gc,phases      ] GC(356) Adjust Roots 0.414ms
[244.797s][info][gc,phases,start] GC(356) Compaction Phase
[245.515s][info][gc,phases      ] GC(356) Compaction Phase 718.950ms
[245.516s][info][gc,phases,start] GC(356) Post Compact
[245.533s][info][gc,phases      ] GC(356) Post Compact 17.180ms
[245.533s][info][gc,heap        ] GC(356) PSYoungGen: 292631K(550912K)->292631K(550912K) Eden: 164864K(164864K)->164864K(164864K) From: 127767K(386048K)->127767K(386048K)
[245.533s][info][gc,heap        ] GC(356) ParOldGen: 11195739K(11195904K)->11195739K(11195904K)
[245.533s][info][gc,metaspace   ] GC(356) Metaspace: 6302K(6464K)->6302K(6464K) NonClass: 5769K(5824K)->5769K(5824K) Class: 533K(640K)->533K(640K)
[245.533s][info][gc             ] GC(356) Pause Full (Ergonomics) 11219M->11219M(11471M) 3347.640ms
[245.533s][info][gc,cpu         ] GC(356) User=25.83s Sys=0.00s Real=3.35s
[245.533s][info][gc,start       ] GC(357) Pause Full (Ergonomics)
[245.533s][info][gc,phases,start] GC(357) Marking Phase
[248.113s][info][gc,phases      ] GC(357) Marking Phase 2580.028ms
[248.113s][info][gc,phases,start] GC(357) Summary Phase
[248.113s][info][gc,phases      ] GC(357) Summary Phase 0.190ms
[248.113s][info][gc,phases,start] GC(357) Adjust Roots
[248.114s][info][gc,phases      ] GC(357) Adjust Roots 0.397ms
[248.114s][info][gc,phases,start] GC(357) Compaction Phase
[248.832s][info][gc,phases      ] GC(357) Compaction Phase 718.369ms
[248.832s][info][gc,phases,start] GC(357) Post Compact
[248.850s][info][gc,phases      ] GC(357) Post Compact 17.604ms
[248.850s][info][gc,heap        ] GC(357) PSYoungGen: 292631K(550912K)->292631K(550912K) Eden: 164864K(164864K)->164864K(164864K) From: 127767K(386048K)->127767K(386048K)
[248.850s][info][gc,heap        ] GC(357) ParOldGen: 11195743K(11195904K)->11195743K(11195904K)
[248.850s][info][gc,metaspace   ] GC(357) Metaspace: 6302K(6464K)->6302K(6464K) NonClass: 5769K(5824K)->5769K(5824K) Class: 533K(640K)->533K(640K)
[248.850s][info][gc             ] GC(357) Pause Full (Ergonomics) 11219M->11219M(11471M) 3317.021ms
[248.850s][info][gc,cpu         ] GC(357) User=25.30s Sys=0.00s Real=3.32s
[248.850s][info][gc,start       ] GC(358) Pause Full (Ergonomics)
[248.850s][info][gc,phases,start] GC(358) Marking Phase
[251.473s][info][gc,phases      ] GC(358) Marking Phase 2622.851ms
[251.473s][info][gc,phases,start] GC(358) Summary Phase
[251.473s][info][gc,phases      ] GC(358) Summary Phase 0.231ms
[251.474s][info][gc,phases,start] GC(358) Adjust Roots
[251.474s][info][gc,phases      ] GC(358) Adjust Roots 0.347ms
[251.474s][info][gc,phases,start] GC(358) Compaction Phase
[252.187s][info][gc,phases      ] GC(358) Compaction Phase 712.666ms
[252.187s][info][gc,phases,start] GC(358) Post Compact
[252.205s][info][gc,phases      ] GC(358) Post Compact 18.624ms
[252.205s][info][gc,heap        ] GC(358) PSYoungGen: 292631K(550912K)->292631K(550912K) Eden: 164864K(164864K)->164864K(164864K) From: 127767K(386048K)->127767K(386048K)
[252.205s][info][gc,heap        ] GC(358) ParOldGen: 11195748K(11195904K)->11195748K(11195904K)
[252.205s][info][gc,metaspace   ] GC(358) Metaspace: 6302K(6464K)->6302K(6464K) NonClass: 5769K(5824K)->5769K(5824K) Class: 533K(640K)->533K(640K)
[252.205s][info][gc             ] GC(358) Pause Full (Ergonomics) 11219M->11219M(11471M) 3355.210ms
[252.206s][info][gc,cpu         ] GC(358) User=25.83s Sys=0.00s Real=3.36s
[252.206s][info][gc,start       ] GC(359) Pause Full (Ergonomics)
[252.206s][info][gc,phases,start] GC(359) Marking Phase
[254.818s][info][gc,phases      ] GC(359) Marking Phase 2612.305ms
[254.818s][info][gc,phases,start] GC(359) Summary Phase
[254.818s][info][gc,phases      ] GC(359) Summary Phase 0.182ms
[254.818s][info][gc,phases,start] GC(359) Adjust Roots
[254.819s][info][gc,phases      ] GC(359) Adjust Roots 0.272ms
[254.819s][info][gc,phases,start] GC(359) Compaction Phase
[255.539s][info][gc,phases      ] GC(359) Compaction Phase 719.954ms
[255.539s][info][gc,phases,start] GC(359) Post Compact
[255.555s][info][gc,phases      ] GC(359) Post Compact 16.712ms
[255.556s][info][gc,heap        ] GC(359) PSYoungGen: 292631K(550912K)->292631K(550912K) Eden: 164864K(164864K)->164864K(164864K) From: 127767K(386048K)->127767K(386048K)
[255.556s][info][gc,heap        ] GC(359) ParOldGen: 11195753K(11195904K)->11195753K(11195904K)
[255.556s][info][gc,metaspace   ] GC(359) Metaspace: 6302K(6464K)->6302K(6464K) NonClass: 5769K(5824K)->5769K(5824K) Class: 533K(640K)->533K(640K)
[255.556s][info][gc             ] GC(359) Pause Full (Ergonomics) 11219M->11219M(11471M) 3349.915ms
[255.556s][info][gc,cpu         ] GC(359) User=25.62s Sys=0.00s Real=3.35s
[255.556s][info][gc,start       ] GC(360) Pause Full (Ergonomics)
[255.556s][info][gc,phases,start] GC(360) Marking Phase
[258.151s][info][gc,phases      ] GC(360) Marking Phase 2595.276ms
[258.151s][info][gc,phases,start] GC(360) Summary Phase
[258.151s][info][gc,phases      ] GC(360) Summary Phase 0.229ms
[258.151s][info][gc,phases,start] GC(360) Adjust Roots
[258.152s][info][gc,phases      ] GC(360) Adjust Roots 0.312ms
[258.152s][info][gc,phases,start] GC(360) Compaction Phase
[258.868s][info][gc,phases      ] GC(360) Compaction Phase 715.737ms
[258.868s][info][gc,phases,start] GC(360) Post Compact
[258.884s][info][gc,phases      ] GC(360) Post Compact 16.757ms
[258.884s][info][gc,heap        ] GC(360) PSYoungGen: 292631K(550912K)->292631K(550912K) Eden: 164864K(164864K)->164864K(164864K) From: 127767K(386048K)->127767K(386048K)
[258.884s][info][gc,heap        ] GC(360) ParOldGen: 11195758K(11195904K)->11195758K(11195904K)
[258.884s][info][gc,metaspace   ] GC(360) Metaspace: 6302K(6464K)->6302K(6464K) NonClass: 5769K(5824K)->5769K(5824K) Class: 533K(640K)->533K(640K)
[258.885s][info][gc             ] GC(360) Pause Full (Ergonomics) 11219M->11219M(11471M) 3328.718ms
[258.885s][info][gc,cpu         ] GC(360) User=25.41s Sys=0.00s Real=3.33s
[258.885s][info][gc,start       ] GC(361) Pause Full (Ergonomics)
[258.885s][info][gc,phases,start] GC(361) Marking Phase
[261.488s][info][gc,phases      ] GC(361) Marking Phase 2603.177ms
[261.488s][info][gc,phases,start] GC(361) Summary Phase
[261.488s][info][gc,phases      ] GC(361) Summary Phase 0.113ms
[261.488s][info][gc,phases,start] GC(361) Adjust Roots
[261.488s][info][gc,phases      ] GC(361) Adjust Roots 0.175ms
[261.488s][info][gc,phases,start] GC(361) Compaction Phase
[262.192s][info][gc,phases      ] GC(361) Compaction Phase 703.888ms
[262.192s][info][gc,phases,start] GC(361) Post Compact
[262.209s][info][gc,phases      ] GC(361) Post Compact 17.097ms
[262.209s][info][gc,heap        ] GC(361) PSYoungGen: 292631K(550912K)->292631K(550912K) Eden: 164864K(164864K)->164864K(164864K) From: 127767K(386048K)->127767K(386048K)
[262.210s][info][gc,heap        ] GC(361) ParOldGen: 11195763K(11195904K)->11195763K(11195904K)
[262.210s][info][gc,metaspace   ] GC(361) Metaspace: 6302K(6464K)->6302K(6464K) NonClass: 5769K(5824K)->5769K(5824K) Class: 533K(640K)->533K(640K)
[262.210s][info][gc             ] GC(361) Pause Full (Ergonomics) 11219M->11219M(11471M) 3324.828ms
[262.210s][info][gc,cpu         ] GC(361) User=25.67s Sys=0.00s Real=3.32s
[262.210s][info][gc,start       ] GC(362) Pause Full (Ergonomics)
[262.210s][info][gc,phases,start] GC(362) Marking Phase
[264.841s][info][gc,phases      ] GC(362) Marking Phase 2630.699ms
[264.841s][info][gc,phases,start] GC(362) Summary Phase
[264.841s][info][gc,phases      ] GC(362) Summary Phase 0.189ms
[264.841s][info][gc,phases,start] GC(362) Adjust Roots
[264.841s][info][gc,phases      ] GC(362) Adjust Roots 0.331ms
[264.841s][info][gc,phases,start] GC(362) Compaction Phase
[265.550s][info][gc,phases      ] GC(362) Compaction Phase 708.469ms
[265.550s][info][gc,phases,start] GC(362) Post Compact
[265.566s][info][gc,phases      ] GC(362) Post Compact 16.477ms
[265.566s][info][gc,heap        ] GC(362) PSYoungGen: 292631K(550912K)->292631K(550912K) Eden: 164864K(164864K)->164864K(164864K) From: 127767K(386048K)->127767K(386048K)
[265.566s][info][gc,heap        ] GC(362) ParOldGen: 11195768K(11195904K)->11195768K(11195904K)
[265.566s][info][gc,metaspace   ] GC(362) Metaspace: 6302K(6464K)->6302K(6464K) NonClass: 5769K(5824K)->5769K(5824K) Class: 533K(640K)->533K(640K)
[265.566s][info][gc             ] GC(362) Pause Full (Ergonomics) 11219M->11219M(11471M) 3356.594ms
[265.566s][info][gc,cpu         ] GC(362) User=25.88s Sys=0.00s Real=3.36s
[265.567s][info][gc,start       ] GC(363) Pause Full (Ergonomics)
[265.567s][info][gc,phases,start] GC(363) Marking Phase
[268.215s][info][gc,phases      ] GC(363) Marking Phase 2648.156ms
[268.215s][info][gc,phases,start] GC(363) Summary Phase
[268.215s][info][gc,phases      ] GC(363) Summary Phase 0.157ms
[268.215s][info][gc,phases,start] GC(363) Adjust Roots
[268.215s][info][gc,phases      ] GC(363) Adjust Roots 0.341ms
[268.215s][info][gc,phases,start] GC(363) Compaction Phase
[268.932s][info][gc,phases      ] GC(363) Compaction Phase 716.392ms
[268.932s][info][gc,phases,start] GC(363) Post Compact
[268.949s][info][gc,phases      ] GC(363) Post Compact 16.785ms
[268.949s][info][gc,heap        ] GC(363) PSYoungGen: 292631K(550912K)->292631K(550912K) Eden: 164864K(164864K)->164864K(164864K) From: 127767K(386048K)->127767K(386048K)
[268.949s][info][gc,heap        ] GC(363) ParOldGen: 11195772K(11195904K)->11195772K(11195904K)
[268.949s][info][gc,metaspace   ] GC(363) Metaspace: 6302K(6464K)->6302K(6464K) NonClass: 5769K(5824K)->5769K(5824K) Class: 533K(640K)->533K(640K)
[268.949s][info][gc             ] GC(363) Pause Full (Ergonomics) 11219M->11219M(11471M) 3382.267ms
[268.949s][info][gc,cpu         ] GC(363) User=25.94s Sys=0.00s Real=3.38s
[268.949s][info][gc,start       ] GC(364) Pause Full (Ergonomics)
[268.949s][info][gc,phases,start] GC(364) Marking Phase
[271.537s][info][gc,phases      ] GC(364) Marking Phase 2588.252ms
[271.538s][info][gc,phases,start] GC(364) Summary Phase
[271.538s][info][gc,phases      ] GC(364) Summary Phase 0.195ms
[271.538s][info][gc,phases,start] GC(364) Adjust Roots
[271.538s][info][gc,phases      ] GC(364) Adjust Roots 0.336ms
[271.538s][info][gc,phases,start] GC(364) Compaction Phase
[272.244s][info][gc,phases      ] GC(364) Compaction Phase 706.007ms
[272.244s][info][gc,phases,start] GC(364) Post Compact
[272.262s][info][gc,phases      ] GC(364) Post Compact 17.325ms
[272.262s][info][gc,heap        ] GC(364) PSYoungGen: 292631K(550912K)->292631K(550912K) Eden: 164864K(164864K)->164864K(164864K) From: 127767K(386048K)->127767K(386048K)
[272.262s][info][gc,heap        ] GC(364) ParOldGen: 11195777K(11195904K)->11195777K(11195904K)
[272.262s][info][gc,metaspace   ] GC(364) Metaspace: 6302K(6464K)->6302K(6464K) NonClass: 5769K(5824K)->5769K(5824K) Class: 533K(640K)->533K(640K)
[272.262s][info][gc             ] GC(364) Pause Full (Ergonomics) 11219M->11219M(11471M) 3312.564ms
[272.262s][info][gc,cpu         ] GC(364) User=25.48s Sys=0.00s Real=3.31s
[272.262s][info][gc,start       ] GC(365) Pause Full (Ergonomics)
[272.262s][info][gc,phases,start] GC(365) Marking Phase
[274.863s][info][gc,phases      ] GC(365) Marking Phase 2600.845ms
[274.863s][info][gc,phases,start] GC(365) Summary Phase
[274.863s][info][gc,phases      ] GC(365) Summary Phase 0.142ms
[274.863s][info][gc,phases,start] GC(365) Adjust Roots
[274.863s][info][gc,phases      ] GC(365) Adjust Roots 0.274ms
[274.863s][info][gc,phases,start] GC(365) Compaction Phase
[275.580s][info][gc,phases      ] GC(365) Compaction Phase 716.614ms
[275.580s][info][gc,phases,start] GC(365) Post Compact
[275.598s][info][gc,phases      ] GC(365) Post Compact 17.437ms
[275.598s][info][gc,heap        ] GC(365) PSYoungGen: 292631K(550912K)->292631K(550912K) Eden: 164864K(164864K)->164864K(164864K) From: 127767K(386048K)->127767K(386048K)
[275.598s][info][gc,heap        ] GC(365) ParOldGen: 11195782K(11195904K)->11195782K(11195904K)
[275.598s][info][gc,metaspace   ] GC(365) Metaspace: 6302K(6464K)->6302K(6464K) NonClass: 5769K(5824K)->5769K(5824K) Class: 533K(640K)->533K(640K)
[275.598s][info][gc             ] GC(365) Pause Full (Ergonomics) 11219M->11219M(11471M) 3335.715ms
[275.598s][info][gc,cpu         ] GC(365) User=25.69s Sys=0.00s Real=3.33s
[275.598s][info][gc,start       ] GC(366) Pause Full (Ergonomics)
[275.598s][info][gc,phases,start] GC(366) Marking Phase
[278.187s][info][gc,phases      ] GC(366) Marking Phase 2589.305ms
[278.187s][info][gc,phases,start] GC(366) Summary Phase
[278.187s][info][gc,phases      ] GC(366) Summary Phase 0.136ms
[278.187s][info][gc,phases,start] GC(366) Adjust Roots
[278.188s][info][gc,phases      ] GC(366) Adjust Roots 0.255ms
[278.188s][info][gc,phases,start] GC(366) Compaction Phase
[278.892s][info][gc,phases      ] GC(366) Compaction Phase 704.335ms
[278.892s][info][gc,phases,start] GC(366) Post Compact
[278.909s][info][gc,phases      ] GC(366) Post Compact 17.275ms
[278.909s][info][gc,heap        ] GC(366) PSYoungGen: 292631K(550912K)->292631K(550912K) Eden: 164864K(164864K)->164864K(164864K) From: 127767K(386048K)->127767K(386048K)
[278.910s][info][gc,heap        ] GC(366) ParOldGen: 11195787K(11195904K)->11195787K(11195904K)
[278.910s][info][gc,metaspace   ] GC(366) Metaspace: 6302K(6464K)->6302K(6464K) NonClass: 5769K(5824K)->5769K(5824K) Class: 533K(640K)->533K(640K)
[278.910s][info][gc             ] GC(366) Pause Full (Ergonomics) 11219M->11219M(11471M) 3311.701ms
[278.910s][info][gc,cpu         ] GC(366) User=25.58s Sys=0.00s Real=3.31s
[278.910s][info][gc,start       ] GC(367) Pause Full (Ergonomics)
[278.910s][info][gc,phases,start] GC(367) Marking Phase
[281.508s][info][gc,phases      ] GC(367) Marking Phase 2598.656ms
[281.509s][info][gc,phases,start] GC(367) Summary Phase
[281.509s][info][gc,phases      ] GC(367) Summary Phase 0.144ms
[281.509s][info][gc,phases,start] GC(367) Adjust Roots
[281.509s][info][gc,phases      ] GC(367) Adjust Roots 0.241ms
[281.509s][info][gc,phases,start] GC(367) Compaction Phase
[282.213s][info][gc,phases      ] GC(367) Compaction Phase 703.755ms
[282.213s][info][gc,phases,start] GC(367) Post Compact
[282.230s][info][gc,phases      ] GC(367) Post Compact 17.073ms
[282.230s][info][gc,heap        ] GC(367) PSYoungGen: 292631K(550912K)->292631K(550912K) Eden: 164864K(164864K)->164864K(164864K) From: 127767K(386048K)->127767K(386048K)
[282.230s][info][gc,heap        ] GC(367) ParOldGen: 11195792K(11195904K)->11195792K(11195904K)
[282.230s][info][gc,metaspace   ] GC(367) Metaspace: 6302K(6464K)->6302K(6464K) NonClass: 5769K(5824K)->5769K(5824K) Class: 533K(640K)->533K(640K)
[282.230s][info][gc             ] GC(367) Pause Full (Ergonomics) 11219M->11219M(11471M) 3320.258ms
[282.230s][info][gc,cpu         ] GC(367) User=25.61s Sys=0.00s Real=3.32s
[282.230s][info][gc,start       ] GC(368) Pause Full (Ergonomics)
[282.230s][info][gc,phases,start] GC(368) Marking Phase
[284.848s][info][gc,phases      ] GC(368) Marking Phase 2618.218ms
[284.849s][info][gc,phases,start] GC(368) Summary Phase
[284.849s][info][gc,phases      ] GC(368) Summary Phase 0.126ms
[284.849s][info][gc,phases,start] GC(368) Adjust Roots
[284.849s][info][gc,phases      ] GC(368) Adjust Roots 0.232ms
[284.849s][info][gc,phases,start] GC(368) Compaction Phase
[285.562s][info][gc,phases      ] GC(368) Compaction Phase 712.881ms
[285.562s][info][gc,phases,start] GC(368) Post Compact
[285.579s][info][gc,phases      ] GC(368) Post Compact 17.062ms
[285.579s][info][gc,heap        ] GC(368) PSYoungGen: 292631K(550912K)->292631K(550912K) Eden: 164864K(164864K)->164864K(164864K) From: 127767K(386048K)->127767K(386048K)
[285.579s][info][gc,heap        ] GC(368) ParOldGen: 11195797K(11195904K)->11195797K(11195904K)
[285.579s][info][gc,metaspace   ] GC(368) Metaspace: 6302K(6464K)->6302K(6464K) NonClass: 5769K(5824K)->5769K(5824K) Class: 533K(640K)->533K(640K)
[285.579s][info][gc             ] GC(368) Pause Full (Ergonomics) 11219M->11219M(11471M) 3348.924ms
[285.579s][info][gc,cpu         ] GC(368) User=25.70s Sys=0.02s Real=3.35s
[285.579s][info][gc,start       ] GC(369) Pause Full (Ergonomics)
[285.579s][info][gc,phases,start] GC(369) Marking Phase
[288.159s][info][gc,phases      ] GC(369) Marking Phase 2579.469ms
[288.159s][info][gc,phases,start] GC(369) Summary Phase
[288.159s][info][gc,phases      ] GC(369) Summary Phase 0.189ms
[288.159s][info][gc,phases,start] GC(369) Adjust Roots
[288.159s][info][gc,phases      ] GC(369) Adjust Roots 0.302ms
[288.159s][info][gc,phases,start] GC(369) Compaction Phase
[288.875s][info][gc,phases      ] GC(369) Compaction Phase 715.541ms
[288.875s][info][gc,phases,start] GC(369) Post Compact
[288.893s][info][gc,phases      ] GC(369) Post Compact 17.750ms
[288.893s][info][gc,heap        ] GC(369) PSYoungGen: 292631K(550912K)->292631K(550912K) Eden: 164864K(164864K)->164864K(164864K) From: 127767K(386048K)->127767K(386048K)
[288.893s][info][gc,heap        ] GC(369) ParOldGen: 11195801K(11195904K)->11195801K(11195904K)
[288.893s][info][gc,metaspace   ] GC(369) Metaspace: 6302K(6464K)->6302K(6464K) NonClass: 5769K(5824K)->5769K(5824K) Class: 533K(640K)->533K(640K)
[288.893s][info][gc             ] GC(369) Pause Full (Ergonomics) 11219M->11219M(11471M) 3313.631ms
[288.893s][info][gc,cpu         ] GC(369) User=25.48s Sys=0.00s Real=3.31s
[288.893s][info][gc,start       ] GC(370) Pause Full (Ergonomics)
[288.893s][info][gc,phases,start] GC(370) Marking Phase
[291.506s][info][gc,phases      ] GC(370) Marking Phase 2612.275ms
[291.506s][info][gc,phases,start] GC(370) Summary Phase
[291.506s][info][gc,phases      ] GC(370) Summary Phase 0.160ms
[291.506s][info][gc,phases,start] GC(370) Adjust Roots
[291.506s][info][gc,phases      ] GC(370) Adjust Roots 0.233ms
[291.506s][info][gc,phases,start] GC(370) Compaction Phase
[292.211s][info][gc,phases      ] GC(370) Compaction Phase 705.371ms
[292.212s][info][gc,phases,start] GC(370) Post Compact
[292.226s][info][gc,phases      ] GC(370) Post Compact 14.255ms
[292.226s][info][gc,heap        ] GC(370) PSYoungGen: 292631K(550912K)->292631K(550912K) Eden: 164864K(164864K)->164864K(164864K) From: 127767K(386048K)->127767K(386048K)
[292.226s][info][gc,heap        ] GC(370) ParOldGen: 11195806K(11195904K)->11195806K(11195904K)
[292.226s][info][gc,metaspace   ] GC(370) Metaspace: 6302K(6464K)->6302K(6464K) NonClass: 5769K(5824K)->5769K(5824K) Class: 533K(640K)->533K(640K)
[292.226s][info][gc             ] GC(370) Pause Full (Ergonomics) 11219M->11219M(11471M) 3332.711ms
[292.226s][info][gc,cpu         ] GC(370) User=25.50s Sys=0.00s Real=3.33s
[292.226s][info][gc,start       ] GC(371) Pause Full (Ergonomics)
[292.226s][info][gc,phases,start] GC(371) Marking Phase
[294.844s][info][gc,phases      ] GC(371) Marking Phase 2617.291ms
[294.844s][info][gc,phases,start] GC(371) Summary Phase
[294.844s][info][gc,phases      ] GC(371) Summary Phase 0.105ms
[294.844s][info][gc,phases,start] GC(371) Adjust Roots
[294.844s][info][gc,phases      ] GC(371) Adjust Roots 0.168ms
[294.844s][info][gc,phases,start] GC(371) Compaction Phase
[295.557s][info][gc,phases      ] GC(371) Compaction Phase 713.528ms
[295.557s][info][gc,phases,start] GC(371) Post Compact
[295.572s][info][gc,phases      ] GC(371) Post Compact 14.645ms
[295.572s][info][gc,heap        ] GC(371) PSYoungGen: 292631K(550912K)->292631K(550912K) Eden: 164864K(164864K)->164864K(164864K) From: 127767K(386048K)->127767K(386048K)
[295.572s][info][gc,heap        ] GC(371) ParOldGen: 11195811K(11195904K)->11195811K(11195904K)
[295.572s][info][gc,metaspace   ] GC(371) Metaspace: 6302K(6464K)->6302K(6464K) NonClass: 5769K(5824K)->5769K(5824K) Class: 533K(640K)->533K(640K)
[295.572s][info][gc             ] GC(371) Pause Full (Ergonomics) 11219M->11219M(11471M) 3346.093ms
[295.572s][info][gc,cpu         ] GC(371) User=25.89s Sys=0.03s Real=3.35s
[295.572s][info][gc,start       ] GC(372) Pause Full (Ergonomics)
[295.573s][info][gc,phases,start] GC(372) Marking Phase
[298.172s][info][gc,phases      ] GC(372) Marking Phase 2598.983ms
[298.172s][info][gc,phases,start] GC(372) Summary Phase
[298.172s][info][gc,phases      ] GC(372) Summary Phase 0.109ms
[298.172s][info][gc,phases,start] GC(372) Adjust Roots
[298.172s][info][gc,phases      ] GC(372) Adjust Roots 0.235ms
[298.172s][info][gc,phases,start] GC(372) Compaction Phase
[298.903s][info][gc,phases      ] GC(372) Compaction Phase 730.761ms
[298.903s][info][gc,phases,start] GC(372) Post Compact
[298.918s][info][gc,phases      ] GC(372) Post Compact 14.908ms
[298.918s][info][gc,heap        ] GC(372) PSYoungGen: 292631K(550912K)->292631K(550912K) Eden: 164864K(164864K)->164864K(164864K) From: 127767K(386048K)->127767K(386048K)
[298.918s][info][gc,heap        ] GC(372) ParOldGen: 11195816K(11195904K)->11195816K(11195904K)
[298.918s][info][gc,metaspace   ] GC(372) Metaspace: 6302K(6464K)->6302K(6464K) NonClass: 5769K(5824K)->5769K(5824K) Class: 533K(640K)->533K(640K)
[298.918s][info][gc             ] GC(372) Pause Full (Ergonomics) 11219M->11219M(11471M) 3345.357ms
[298.918s][info][gc,cpu         ] GC(372) User=25.67s Sys=0.02s Real=3.35s
[298.918s][info][gc,start       ] GC(373) Pause Full (Ergonomics)
[298.918s][info][gc,phases,start] GC(373) Marking Phase
[301.512s][info][gc,phases      ] GC(373) Marking Phase 2594.193ms
[301.512s][info][gc,phases,start] GC(373) Summary Phase
[301.513s][info][gc,phases      ] GC(373) Summary Phase 0.194ms
[301.513s][info][gc,phases,start] GC(373) Adjust Roots
[301.513s][info][gc,phases      ] GC(373) Adjust Roots 0.410ms
[301.513s][info][gc,phases,start] GC(373) Compaction Phase
[302.224s][info][gc,phases      ] GC(373) Compaction Phase 710.507ms
[302.224s][info][gc,phases,start] GC(373) Post Compact
[302.243s][info][gc,phases      ] GC(373) Post Compact 19.136ms
[302.243s][info][gc,heap        ] GC(373) PSYoungGen: 292631K(550912K)->292631K(550912K) Eden: 164864K(164864K)->164864K(164864K) From: 127767K(386048K)->127767K(386048K)
[302.243s][info][gc,heap        ] GC(373) ParOldGen: 11195821K(11195904K)->11195821K(11195904K)
[302.243s][info][gc,metaspace   ] GC(373) Metaspace: 6302K(6464K)->6302K(6464K) NonClass: 5769K(5824K)->5769K(5824K) Class: 533K(640K)->533K(640K)
[302.243s][info][gc             ] GC(373) Pause Full (Ergonomics) 11219M->11219M(11471M) 3324.881ms
[302.243s][info][gc,cpu         ] GC(373) User=25.61s Sys=0.03s Real=3.33s
[302.243s][info][gc,start       ] GC(374) Pause Full (Ergonomics)
[302.243s][info][gc,phases,start] GC(374) Marking Phase
[304.853s][info][gc,phases      ] GC(374) Marking Phase 2609.377ms
[304.853s][info][gc,phases,start] GC(374) Summary Phase
[304.853s][info][gc,phases      ] GC(374) Summary Phase 0.132ms
[304.853s][info][gc,phases,start] GC(374) Adjust Roots
[304.853s][info][gc,phases      ] GC(374) Adjust Roots 0.230ms
[304.853s][info][gc,phases,start] GC(374) Compaction Phase
[305.567s][info][gc,phases      ] GC(374) Compaction Phase 713.660ms
[305.567s][info][gc,phases,start] GC(374) Post Compact
[305.583s][info][gc,phases      ] GC(374) Post Compact 16.375ms
[305.583s][info][gc,heap        ] GC(374) PSYoungGen: 292631K(550912K)->292631K(550912K) Eden: 164864K(164864K)->164864K(164864K) From: 127767K(386048K)->127767K(386048K)
[305.583s][info][gc,heap        ] GC(374) ParOldGen: 11195826K(11195904K)->11195826K(11195904K)
[305.583s][info][gc,metaspace   ] GC(374) Metaspace: 6302K(6464K)->6302K(6464K) NonClass: 5769K(5824K)->5769K(5824K) Class: 533K(640K)->533K(640K)
[305.583s][info][gc             ] GC(374) Pause Full (Ergonomics) 11219M->11219M(11471M) 3340.137ms
[305.583s][info][gc,cpu         ] GC(374) User=25.47s Sys=0.00s Real=3.34s
[305.583s][info][gc,start       ] GC(375) Pause Full (Ergonomics)
[305.584s][info][gc,phases,start] GC(375) Marking Phase
[308.175s][info][gc,phases      ] GC(375) Marking Phase 2591.602ms
[308.175s][info][gc,phases,start] GC(375) Summary Phase
[308.175s][info][gc,phases      ] GC(375) Summary Phase 0.279ms
[308.176s][info][gc,phases,start] GC(375) Adjust Roots
[308.176s][info][gc,phases      ] GC(375) Adjust Roots 0.341ms
[308.176s][info][gc,phases,start] GC(375) Compaction Phase
[308.886s][info][gc,phases      ] GC(375) Compaction Phase 710.150ms
[308.886s][info][gc,phases,start] GC(375) Post Compact
[308.904s][info][gc,phases      ] GC(375) Post Compact 17.916ms
[308.904s][info][gc,heap        ] GC(375) PSYoungGen: 292631K(550912K)->292631K(550912K) Eden: 164864K(164864K)->164864K(164864K) From: 127767K(386048K)->127767K(386048K)
[308.904s][info][gc,heap        ] GC(375) ParOldGen: 11195830K(11195904K)->11195830K(11195904K)
[308.904s][info][gc,metaspace   ] GC(375) Metaspace: 6302K(6464K)->6302K(6464K) NonClass: 5769K(5824K)->5769K(5824K) Class: 533K(640K)->533K(640K)
[308.904s][info][gc             ] GC(375) Pause Full (Ergonomics) 11219M->11219M(11471M) 3320.681ms
[308.904s][info][gc,cpu         ] GC(375) User=25.55s Sys=0.02s Real=3.32s
[308.904s][info][gc,start       ] GC(376) Pause Full (Ergonomics)
[308.904s][info][gc,phases,start] GC(376) Marking Phase
[311.529s][info][gc,phases      ] GC(376) Marking Phase 2624.728ms
[311.529s][info][gc,phases,start] GC(376) Summary Phase
[311.529s][info][gc,phases      ] GC(376) Summary Phase 0.155ms
[311.529s][info][gc,phases,start] GC(376) Adjust Roots
[311.530s][info][gc,phases      ] GC(376) Adjust Roots 0.233ms
[311.530s][info][gc,phases,start] GC(376) Compaction Phase
[312.253s][info][gc,phases      ] GC(376) Compaction Phase 722.992ms
[312.253s][info][gc,phases,start] GC(376) Post Compact
[312.268s][info][gc,phases      ] GC(376) Post Compact 14.774ms
[312.268s][info][gc,heap        ] GC(376) PSYoungGen: 292631K(550912K)->292631K(550912K) Eden: 164864K(164864K)->164864K(164864K) From: 127767K(386048K)->127767K(386048K)
[312.268s][info][gc,heap        ] GC(376) ParOldGen: 11195835K(11195904K)->11195835K(11195904K)
[312.268s][info][gc,metaspace   ] GC(376) Metaspace: 6302K(6464K)->6302K(6464K) NonClass: 5769K(5824K)->5769K(5824K) Class: 533K(640K)->533K(640K)
[312.268s][info][gc             ] GC(376) Pause Full (Ergonomics) 11219M->11219M(11471M) 3363.284ms
[312.268s][info][gc,cpu         ] GC(376) User=25.61s Sys=0.00s Real=3.36s
[312.268s][info][gc,start       ] GC(377) Pause Full (Ergonomics)
[312.268s][info][gc,phases,start] GC(377) Marking Phase
[314.912s][info][gc,phases      ] GC(377) Marking Phase 2643.941ms
[314.912s][info][gc,phases,start] GC(377) Summary Phase
[314.912s][info][gc,phases      ] GC(377) Summary Phase 0.296ms
[314.912s][info][gc,phases,start] GC(377) Adjust Roots
[314.913s][info][gc,phases      ] GC(377) Adjust Roots 0.330ms
[314.913s][info][gc,phases,start] GC(377) Compaction Phase
[315.600s][info][gc,phases      ] GC(377) Compaction Phase 686.797ms
[315.600s][info][gc,phases,start] GC(377) Post Compact
[315.614s][info][gc,phases      ] GC(377) Post Compact 14.229ms
[315.614s][info][gc,heap        ] GC(377) PSYoungGen: 292631K(550912K)->292631K(550912K) Eden: 164864K(164864K)->164864K(164864K) From: 127767K(386048K)->127767K(386048K)
[315.614s][info][gc,heap        ] GC(377) ParOldGen: 11195840K(11195904K)->11195840K(11195904K)
[315.614s][info][gc,metaspace   ] GC(377) Metaspace: 6302K(6464K)->6302K(6464K) NonClass: 5769K(5824K)->5769K(5824K) Class: 533K(640K)->533K(640K)
[315.614s][info][gc             ] GC(377) Pause Full (Ergonomics) 11219M->11219M(11471M) 3346.041ms
[315.614s][info][gc,cpu         ] GC(377) User=25.89s Sys=0.00s Real=3.35s
[315.614s][info][gc,start       ] GC(378) Pause Full (Ergonomics)
[315.614s][info][gc,phases,start] GC(378) Marking Phase
[318.245s][info][gc,phases      ] GC(378) Marking Phase 2630.306ms
[318.245s][info][gc,phases,start] GC(378) Summary Phase
[318.245s][info][gc,phases      ] GC(378) Summary Phase 0.114ms
[318.245s][info][gc,phases,start] GC(378) Adjust Roots
[318.245s][info][gc,phases      ] GC(378) Adjust Roots 0.217ms
[318.245s][info][gc,phases,start] GC(378) Compaction Phase
[318.939s][info][gc,phases      ] GC(378) Compaction Phase 693.849ms
[318.939s][info][gc,phases,start] GC(378) Post Compact
[318.953s][info][gc,phases      ] GC(378) Post Compact 14.346ms
[318.953s][info][gc,heap        ] GC(378) PSYoungGen: 292631K(550912K)->292631K(550912K) Eden: 164864K(164864K)->164864K(164864K) From: 127767K(386048K)->127767K(386048K)
[318.953s][info][gc,heap        ] GC(378) ParOldGen: 11195845K(11195904K)->11195845K(11195904K)
[318.953s][info][gc,metaspace   ] GC(378) Metaspace: 6302K(6464K)->6302K(6464K) NonClass: 5769K(5824K)->5769K(5824K) Class: 533K(640K)->533K(640K)
[318.953s][info][gc             ] GC(378) Pause Full (Ergonomics) 11219M->11219M(11471M) 3339.171ms
[318.953s][info][gc,cpu         ] GC(378) User=26.05s Sys=0.00s Real=3.34s
[318.954s][info][gc,start       ] GC(379) Pause Full (Ergonomics)
[318.954s][info][gc,phases,start] GC(379) Marking Phase
[321.576s][info][gc,phases      ] GC(379) Marking Phase 2622.071ms
[321.576s][info][gc,phases,start] GC(379) Summary Phase
[321.576s][info][gc,phases      ] GC(379) Summary Phase 0.128ms
[321.576s][info][gc,phases,start] GC(379) Adjust Roots
[321.576s][info][gc,phases      ] GC(379) Adjust Roots 0.233ms
[321.576s][info][gc,phases,start] GC(379) Compaction Phase
[322.284s][info][gc,phases      ] GC(379) Compaction Phase 708.090ms
[322.284s][info][gc,phases,start] GC(379) Post Compact
[322.299s][info][gc,phases      ] GC(379) Post Compact 14.559ms
[322.299s][info][gc,heap        ] GC(379) PSYoungGen: 292631K(550912K)->292631K(550912K) Eden: 164864K(164864K)->164864K(164864K) From: 127767K(386048K)->127767K(386048K)
[322.299s][info][gc,heap        ] GC(379) ParOldGen: 11195850K(11195904K)->11195850K(11195904K)
[322.299s][info][gc,metaspace   ] GC(379) Metaspace: 6302K(6464K)->6302K(6464K) NonClass: 5769K(5824K)->5769K(5824K) Class: 533K(640K)->533K(640K)
[322.299s][info][gc             ] GC(379) Pause Full (Ergonomics) 11219M->11219M(11471M) 3345.446ms
[322.299s][info][gc,cpu         ] GC(379) User=25.81s Sys=0.00s Real=3.35s
[322.299s][info][gc,start       ] GC(380) Pause Full (Ergonomics)
[322.299s][info][gc,phases,start] GC(380) Marking Phase
[324.904s][info][gc,phases      ] GC(380) Marking Phase 2604.825ms
[324.904s][info][gc,phases,start] GC(380) Summary Phase
[324.904s][info][gc,phases      ] GC(380) Summary Phase 0.114ms
[324.904s][info][gc,phases,start] GC(380) Adjust Roots
[324.904s][info][gc,phases      ] GC(380) Adjust Roots 0.175ms
[324.904s][info][gc,phases,start] GC(380) Compaction Phase
[325.622s][info][gc,phases      ] GC(380) Compaction Phase 717.222ms
[325.622s][info][gc,phases,start] GC(380) Post Compact
[325.636s][info][gc,phases      ] GC(380) Post Compact 14.534ms
[325.636s][info][gc,heap        ] GC(380) PSYoungGen: 292631K(550912K)->292631K(550912K) Eden: 164864K(164864K)->164864K(164864K) From: 127767K(386048K)->127767K(386048K)
[325.636s][info][gc,heap        ] GC(380) ParOldGen: 11195855K(11195904K)->11195855K(11195904K)
[325.636s][info][gc,metaspace   ] GC(380) Metaspace: 6302K(6464K)->6302K(6464K) NonClass: 5769K(5824K)->5769K(5824K) Class: 533K(640K)->533K(640K)
[325.636s][info][gc             ] GC(380) Pause Full (Ergonomics) 11219M->11219M(11471M) 3337.223ms
[325.636s][info][gc,cpu         ] GC(380) User=25.83s Sys=0.00s Real=3.34s
[325.637s][info][gc,start       ] GC(381) Pause Full (Ergonomics)
[325.637s][info][gc,phases,start] GC(381) Marking Phase
[328.257s][info][gc,phases      ] GC(381) Marking Phase 2620.374ms
[328.257s][info][gc,phases,start] GC(381) Summary Phase
[328.257s][info][gc,phases      ] GC(381) Summary Phase 0.110ms
[328.257s][info][gc,phases,start] GC(381) Adjust Roots
[328.257s][info][gc,phases      ] GC(381) Adjust Roots 0.178ms
[328.257s][info][gc,phases,start] GC(381) Compaction Phase
[328.965s][info][gc,phases      ] GC(381) Compaction Phase 707.765ms
[328.965s][info][gc,phases,start] GC(381) Post Compact
[328.980s][info][gc,phases      ] GC(381) Post Compact 14.357ms
[328.980s][info][gc,heap        ] GC(381) PSYoungGen: 292631K(550912K)->292631K(550912K) Eden: 164864K(164864K)->164864K(164864K) From: 127767K(386048K)->127767K(386048K)
[328.980s][info][gc,heap        ] GC(381) ParOldGen: 11195859K(11195904K)->11195859K(11195904K)
[328.980s][info][gc,metaspace   ] GC(381) Metaspace: 6302K(6464K)->6302K(6464K) NonClass: 5769K(5824K)->5769K(5824K) Class: 533K(640K)->533K(640K)
[328.980s][info][gc             ] GC(381) Pause Full (Ergonomics) 11219M->11219M(11471M) 3343.118ms
[328.980s][info][gc,cpu         ] GC(381) User=25.89s Sys=0.02s Real=3.34s
[328.980s][info][gc,start       ] GC(382) Pause Full (Ergonomics)
[328.980s][info][gc,phases,start] GC(382) Marking Phase
[331.578s][info][gc,phases      ] GC(382) Marking Phase 2598.472ms
[331.579s][info][gc,phases,start] GC(382) Summary Phase
[331.579s][info][gc,phases      ] GC(382) Summary Phase 0.144ms
[331.579s][info][gc,phases,start] GC(382) Adjust Roots
[331.579s][info][gc,phases      ] GC(382) Adjust Roots 0.217ms
[331.579s][info][gc,phases,start] GC(382) Compaction Phase
[332.276s][info][gc,phases      ] GC(382) Compaction Phase 697.001ms
[332.276s][info][gc,phases,start] GC(382) Post Compact
[332.290s][info][gc,phases      ] GC(382) Post Compact 14.336ms
[332.290s][info][gc,heap        ] GC(382) PSYoungGen: 292631K(550912K)->292631K(550912K) Eden: 164864K(164864K)->164864K(164864K) From: 127767K(386048K)->127767K(386048K)
[332.290s][info][gc,heap        ] GC(382) ParOldGen: 11195864K(11195904K)->11195864K(11195904K)
[332.290s][info][gc,metaspace   ] GC(382) Metaspace: 6302K(6464K)->6302K(6464K) NonClass: 5769K(5824K)->5769K(5824K) Class: 533K(640K)->533K(640K)
[332.290s][info][gc             ] GC(382) Pause Full (Ergonomics) 11219M->11219M(11471M) 3310.546ms
[332.291s][info][gc,cpu         ] GC(382) User=25.53s Sys=0.05s Real=3.31s
[332.291s][info][gc,start       ] GC(383) Pause Full (Ergonomics)
[332.291s][info][gc,phases,start] GC(383) Marking Phase
[334.886s][info][gc,phases      ] GC(383) Marking Phase 2594.772ms
[334.886s][info][gc,phases,start] GC(383) Summary Phase
[334.886s][info][gc,phases      ] GC(383) Summary Phase 0.111ms
[334.886s][info][gc,phases,start] GC(383) Adjust Roots
[334.886s][info][gc,phases      ] GC(383) Adjust Roots 0.178ms
[334.886s][info][gc,phases,start] GC(383) Compaction Phase
[335.625s][info][gc,phases      ] GC(383) Compaction Phase 739.481ms
[335.625s][info][gc,phases,start] GC(383) Post Compact
[335.642s][info][gc,phases      ] GC(383) Post Compact 16.561ms
[335.642s][info][gc,heap        ] GC(383) PSYoungGen: 292631K(550912K)->292631K(550912K) Eden: 164864K(164864K)->164864K(164864K) From: 127767K(386048K)->127767K(386048K)
[335.642s][info][gc,heap        ] GC(383) ParOldGen: 11195869K(11195904K)->11195869K(11195904K)
[335.642s][info][gc,metaspace   ] GC(383) Metaspace: 6302K(6464K)->6302K(6464K) NonClass: 5769K(5824K)->5769K(5824K) Class: 533K(640K)->533K(640K)
[335.642s][info][gc             ] GC(383) Pause Full (Ergonomics) 11219M->11219M(11471M) 3351.468ms
[335.642s][info][gc,cpu         ] GC(383) User=25.62s Sys=0.00s Real=3.35s
[335.642s][info][gc,start       ] GC(384) Pause Full (Ergonomics)
[335.642s][info][gc,phases,start] GC(384) Marking Phase
[338.262s][info][gc,phases      ] GC(384) Marking Phase 2619.622ms
[338.262s][info][gc,phases,start] GC(384) Summary Phase
[338.262s][info][gc,phases      ] GC(384) Summary Phase 0.117ms
[338.262s][info][gc,phases,start] GC(384) Adjust Roots
[338.263s][info][gc,phases      ] GC(384) Adjust Roots 0.287ms
[338.263s][info][gc,phases,start] GC(384) Compaction Phase
[338.990s][info][gc,phases      ] GC(384) Compaction Phase 727.262ms
[338.990s][info][gc,phases,start] GC(384) Post Compact
[339.007s][info][gc,phases      ] GC(384) Post Compact 16.710ms
[339.007s][info][gc,heap        ] GC(384) PSYoungGen: 292631K(550912K)->292631K(550912K) Eden: 164864K(164864K)->164864K(164864K) From: 127767K(386048K)->127767K(386048K)
[339.007s][info][gc,heap        ] GC(384) ParOldGen: 11195874K(11195904K)->11195874K(11195904K)
[339.007s][info][gc,metaspace   ] GC(384) Metaspace: 6302K(6464K)->6302K(6464K) NonClass: 5769K(5824K)->5769K(5824K) Class: 533K(640K)->533K(640K)
[339.007s][info][gc             ] GC(384) Pause Full (Ergonomics) 11219M->11219M(11471M) 3364.363ms
[339.007s][info][gc,cpu         ] GC(384) User=25.48s Sys=0.02s Real=3.37s
[339.007s][info][gc,start       ] GC(385) Pause Full (Ergonomics)
[339.007s][info][gc,phases,start] GC(385) Marking Phase
[341.628s][info][gc,phases      ] GC(385) Marking Phase 2620.784ms
[341.628s][info][gc,phases,start] GC(385) Summary Phase
[341.628s][info][gc,phases      ] GC(385) Summary Phase 0.117ms
[341.628s][info][gc,phases,start] GC(385) Adjust Roots
[341.628s][info][gc,phases      ] GC(385) Adjust Roots 0.308ms
[341.628s][info][gc,phases,start] GC(385) Compaction Phase
[342.495s][info][gc,phases      ] GC(385) Compaction Phase 866.176ms
[342.495s][info][gc,phases,start] GC(385) Post Compact
[342.512s][info][gc,phases      ] GC(385) Post Compact 17.285ms
[342.512s][info][gc,heap        ] GC(385) PSYoungGen: 292631K(550912K)->292631K(550912K) Eden: 164864K(164864K)->164864K(164864K) From: 127767K(386048K)->127767K(386048K)
[342.512s][info][gc,heap        ] GC(385) ParOldGen: 11195879K(11195904K)->11195879K(11195904K)
[342.512s][info][gc,metaspace   ] GC(385) Metaspace: 6302K(6464K)->6302K(6464K) NonClass: 5769K(5824K)->5769K(5824K) Class: 533K(640K)->533K(640K)
[342.512s][info][gc             ] GC(385) Pause Full (Ergonomics) 11219M->11219M(11471M) 3505.065ms
[342.512s][info][gc,cpu         ] GC(385) User=26.42s Sys=0.00s Real=3.51s
[342.512s][info][gc,start       ] GC(386) Pause Full (Ergonomics)
[342.512s][info][gc,phases,start] GC(386) Marking Phase
[345.099s][info][gc,phases      ] GC(386) Marking Phase 2586.778ms
[345.099s][info][gc,phases,start] GC(386) Summary Phase
[345.099s][info][gc,phases      ] GC(386) Summary Phase 0.140ms
[345.099s][info][gc,phases,start] GC(386) Adjust Roots
[345.100s][info][gc,phases      ] GC(386) Adjust Roots 0.271ms
[345.100s][info][gc,phases,start] GC(386) Compaction Phase
[345.824s][info][gc,phases      ] GC(386) Compaction Phase 724.275ms
[345.824s][info][gc,phases,start] GC(386) Post Compact
[345.841s][info][gc,phases      ] GC(386) Post Compact 16.660ms
[345.841s][info][gc,heap        ] GC(386) PSYoungGen: 292631K(550912K)->292631K(550912K) Eden: 164864K(164864K)->164864K(164864K) From: 127767K(386048K)->127767K(386048K)
[345.841s][info][gc,heap        ] GC(386) ParOldGen: 11195884K(11195904K)->11195884K(11195904K)
[345.841s][info][gc,metaspace   ] GC(386) Metaspace: 6302K(6464K)->6302K(6464K) NonClass: 5769K(5824K)->5769K(5824K) Class: 533K(640K)->533K(640K)
[345.841s][info][gc             ] GC(386) Pause Full (Ergonomics) 11219M->11219M(11471M) 3328.597ms
[345.841s][info][gc,cpu         ] GC(386) User=25.61s Sys=0.00s Real=3.33s
[345.841s][info][gc,start       ] GC(387) Pause Full (Ergonomics)
[345.841s][info][gc,phases,start] GC(387) Marking Phase
[348.450s][info][gc,phases      ] GC(387) Marking Phase 2608.763ms
[348.450s][info][gc,phases,start] GC(387) Summary Phase
[348.450s][info][gc,phases      ] GC(387) Summary Phase 0.113ms
[348.450s][info][gc,phases,start] GC(387) Adjust Roots
[348.450s][info][gc,phases      ] GC(387) Adjust Roots 0.185ms
[348.450s][info][gc,phases,start] GC(387) Compaction Phase
[349.266s][info][gc,phases      ] GC(387) Compaction Phase 815.499ms
[349.266s][info][gc,phases,start] GC(387) Post Compact
[349.283s][info][gc,phases      ] GC(387) Post Compact 16.632ms
[349.283s][info][gc,heap        ] GC(387) PSYoungGen: 292631K(550912K)->292631K(550912K) Eden: 164864K(164864K)->164864K(164864K) From: 127767K(386048K)->127767K(386048K)
[349.283s][info][gc,heap        ] GC(387) ParOldGen: 11195888K(11195904K)->11195888K(11195904K)
[349.283s][info][gc,metaspace   ] GC(387) Metaspace: 6302K(6464K)->6302K(6464K) NonClass: 5769K(5824K)->5769K(5824K) Class: 533K(640K)->533K(640K)
[349.283s][info][gc             ] GC(387) Pause Full (Ergonomics) 11219M->11219M(11471M) 3441.569ms
[349.283s][info][gc,cpu         ] GC(387) User=25.97s Sys=0.00s Real=3.44s
[349.283s][info][gc,start       ] GC(388) Pause Full (Ergonomics)
[349.283s][info][gc,phases,start] GC(388) Marking Phase
[351.999s][info][gc,phases      ] GC(388) Marking Phase 2716.205ms
[351.999s][info][gc,phases,start] GC(388) Summary Phase
[351.999s][info][gc,phases      ] GC(388) Summary Phase 0.181ms
[351.999s][info][gc,phases,start] GC(388) Adjust Roots
[352.000s][info][gc,phases      ] GC(388) Adjust Roots 0.346ms
[352.000s][info][gc,phases,start] GC(388) Compaction Phase
[352.718s][info][gc,phases      ] GC(388) Compaction Phase 718.274ms
[352.718s][info][gc,phases,start] GC(388) Post Compact
[352.735s][info][gc,phases      ] GC(388) Post Compact 16.784ms
[352.735s][info][gc,heap        ] GC(388) PSYoungGen: 292631K(550912K)->292631K(550912K) Eden: 164864K(164864K)->164864K(164864K) From: 127767K(386048K)->127767K(386048K)
[352.735s][info][gc,heap        ] GC(388) ParOldGen: 11195893K(11195904K)->11195893K(11195904K)
[352.735s][info][gc,metaspace   ] GC(388) Metaspace: 6302K(6464K)->6302K(6464K) NonClass: 5769K(5824K)->5769K(5824K) Class: 533K(640K)->533K(640K)
[352.735s][info][gc             ] GC(388) Pause Full (Ergonomics) 11219M->11219M(11471M) 3452.186ms
[352.735s][info][gc,cpu         ] GC(388) User=25.36s Sys=0.03s Real=3.45s
[352.735s][info][gc,start       ] GC(389) Pause Full (Ergonomics)
[352.735s][info][gc,phases,start] GC(389) Marking Phase
[355.344s][info][gc,phases      ] GC(389) Marking Phase 2608.796ms
[355.344s][info][gc,phases,start] GC(389) Summary Phase
[355.344s][info][gc,phases      ] GC(389) Summary Phase 0.200ms
[355.344s][info][gc,phases,start] GC(389) Adjust Roots
[355.345s][info][gc,phases      ] GC(389) Adjust Roots 0.440ms
[355.345s][info][gc,phases,start] GC(389) Compaction Phase
[356.042s][info][gc,phases      ] GC(389) Compaction Phase 697.097ms
[356.042s][info][gc,phases,start] GC(389) Post Compact
[356.059s][info][gc,phases      ] GC(389) Post Compact 16.551ms
[356.059s][info][gc,heap        ] GC(389) PSYoungGen: 292631K(550912K)->292631K(550912K) Eden: 164864K(164864K)->164864K(164864K) From: 127767K(386048K)->127767K(386048K)
[356.059s][info][gc,heap        ] GC(389) ParOldGen: 11195898K(11195904K)->11195898K(11195904K)
[356.059s][info][gc,metaspace   ] GC(389) Metaspace: 6302K(6464K)->6302K(6464K) NonClass: 5769K(5824K)->5769K(5824K) Class: 533K(640K)->533K(640K)
[356.059s][info][gc             ] GC(389) Pause Full (Ergonomics) 11219M->11219M(11471M) 3323.521ms
[356.059s][info][gc,cpu         ] GC(389) User=25.64s Sys=0.00s Real=3.32s
[356.059s][info][gc,start       ] GC(390) Pause Full (Ergonomics)
[356.059s][info][gc,phases,start] GC(390) Marking Phase
[358.645s][info][gc,phases      ] GC(390) Marking Phase 2585.880ms
[358.645s][info][gc,phases,start] GC(390) Summary Phase
[358.645s][info][gc,phases      ] GC(390) Summary Phase 0.119ms
[358.645s][info][gc,phases,start] GC(390) Adjust Roots
[358.645s][info][gc,phases      ] GC(390) Adjust Roots 0.182ms
[358.645s][info][gc,phases,start] GC(390) Compaction Phase
[359.464s][info][gc,phases      ] GC(390) Compaction Phase 818.944ms
[359.464s][info][gc,phases,start] GC(390) Post Compact
[359.481s][info][gc,phases      ] GC(390) Post Compact 16.720ms
[359.481s][info][gc,heap        ] GC(390) PSYoungGen: 292631K(550912K)->292631K(550912K) Eden: 164864K(164864K)->164864K(164864K) From: 127767K(386048K)->127767K(386048K)
[359.481s][info][gc,heap        ] GC(390) ParOldGen: 11195903K(11195904K)->11195903K(11195904K)
[359.481s][info][gc,metaspace   ] GC(390) Metaspace: 6302K(6464K)->6302K(6464K) NonClass: 5769K(5824K)->5769K(5824K) Class: 533K(640K)->533K(640K)
[359.481s][info][gc             ] GC(390) Pause Full (Ergonomics) 11219M->11219M(11471M) 3422.213ms
[359.481s][info][gc,cpu         ] GC(390) User=25.95s Sys=0.02s Real=3.42s
[359.481s][info][gc,start       ] GC(391) Pause Full (Ergonomics)
[359.481s][info][gc,phases,start] GC(391) Marking Phase
[362.288s][info][gc,phases      ] GC(391) Marking Phase 2806.319ms
[362.288s][info][gc,phases,start] GC(391) Summary Phase
[362.288s][info][gc,phases      ] GC(391) Summary Phase 0.106ms
[362.288s][info][gc,phases,start] GC(391) Adjust Roots
[362.288s][info][gc,phases      ] GC(391) Adjust Roots 0.207ms
[362.288s][info][gc,phases,start] GC(391) Compaction Phase
[362.996s][info][gc,phases      ] GC(391) Compaction Phase 707.721ms
[362.996s][info][gc,phases,start] GC(391) Post Compact
[363.012s][info][gc,phases      ] GC(391) Post Compact 15.814ms
[363.012s][info][gc,heap        ] GC(391) PSYoungGen: 292631K(550912K)->292631K(550912K) Eden: 164864K(164864K)->164864K(164864K) From: 127767K(386048K)->127767K(386048K)
[363.012s][info][gc,heap        ] GC(391) ParOldGen: 11195903K(11195904K)->11195903K(11195904K)
[363.012s][info][gc,metaspace   ] GC(391) Metaspace: 6302K(6464K)->6302K(6464K) NonClass: 5769K(5824K)->5769K(5824K) Class: 533K(640K)->533K(640K)
[363.012s][info][gc             ] GC(391) Pause Full (Ergonomics) 11219M->11219M(11471M) 3530.519ms
[363.012s][info][gc,cpu         ] GC(391) User=24.88s Sys=0.02s Real=3.53s
[363.012s][info][gc,start       ] GC(392) Pause Full (Allocation Failure)
[363.012s][info][gc,phases,start] GC(392) Marking Phase
[365.639s][info][gc,phases      ] GC(392) Marking Phase 2626.614ms
[365.639s][info][gc,phases,start] GC(392) Summary Phase
[365.639s][info][gc,phases      ] GC(392) Summary Phase 0.214ms
[365.639s][info][gc,phases,start] GC(392) Adjust Roots
[365.640s][info][gc,phases      ] GC(392) Adjust Roots 0.491ms
[365.640s][info][gc,phases,start] GC(392) Compaction Phase
[368.465s][info][gc,phases      ] GC(392) Compaction Phase 2825.663ms
[368.465s][info][gc,phases,start] GC(392) Post Compact
[368.484s][info][gc,phases      ] GC(392) Post Compact 18.710ms
[368.484s][info][gc,heap        ] GC(392) PSYoungGen: 292631K(550912K)->292631K(550912K) Eden: 164864K(164864K)->164864K(164864K) From: 127767K(386048K)->127767K(386048K)
[368.484s][info][gc,heap        ] GC(392) ParOldGen: 11195903K(11195904K)->11195899K(11195904K)
[368.484s][info][gc,metaspace   ] GC(392) Metaspace: 6302K(6464K)->6300K(6464K) NonClass: 5769K(5824K)->5767K(5824K) Class: 533K(640K)->532K(640K)
[368.484s][info][gc             ] GC(392) Pause Full (Allocation Failure) 11219M->11219M(11471M) 5472.142ms
[368.484s][info][gc,cpu         ] GC(392) User=40.98s Sys=0.03s Real=5.47s
[368.485s][info][gc,start       ] GC(393) Pause Full (Ergonomics)
[368.485s][info][gc,phases,start] GC(393) Marking Phase
[371.065s][info][gc,phases      ] GC(393) Marking Phase 2579.615ms
[371.065s][info][gc,phases,start] GC(393) Summary Phase
[371.065s][info][gc,phases      ] GC(393) Summary Phase 0.121ms
[371.065s][info][gc,phases,start] GC(393) Adjust Roots
[371.065s][info][gc,phases      ] GC(393) Adjust Roots 0.204ms
[371.065s][info][gc,phases,start] GC(393) Compaction Phase
[371.766s][info][gc,phases      ] GC(393) Compaction Phase 700.168ms
[371.766s][info][gc,phases,start] GC(393) Post Compact
[371.781s][info][gc,phases      ] GC(393) Post Compact 15.878ms
[371.782s][info][gc,heap        ] GC(393) PSYoungGen: 292631K(550912K)->292631K(550912K) Eden: 164864K(164864K)->164864K(164864K) From: 127767K(386048K)->127767K(386048K)
[371.782s][info][gc,heap        ] GC(393) ParOldGen: 11195903K(11195904K)->11195903K(11195904K)
[371.782s][info][gc,metaspace   ] GC(393) Metaspace: 6300K(6464K)->6300K(6464K) NonClass: 5767K(5824K)->5767K(5824K) Class: 532K(640K)->532K(640K)
[371.782s][info][gc             ] GC(393) Pause Full (Ergonomics) 11219M->11219M(11471M) 3296.371ms
[371.782s][info][gc,cpu         ] GC(393) User=25.52s Sys=0.00s Real=3.30s
[371.782s][info][gc,start       ] GC(394) Pause Full (Allocation Failure)
[371.782s][info][gc,phases,start] GC(394) Marking Phase
[374.405s][info][gc,phases      ] GC(394) Marking Phase 2623.318ms
[374.405s][info][gc,phases,start] GC(394) Summary Phase
[374.405s][info][gc,phases      ] GC(394) Summary Phase 0.126ms
[374.405s][info][gc,phases,start] GC(394) Adjust Roots
[374.406s][info][gc,phases      ] GC(394) Adjust Roots 0.191ms
[374.406s][info][gc,phases,start] GC(394) Compaction Phase
[375.131s][info][gc,phases      ] GC(394) Compaction Phase 725.807ms
[375.131s][info][gc,phases,start] GC(394) Post Compact
[375.148s][info][gc,phases      ] GC(394) Post Compact 16.890ms
[375.148s][info][gc,heap        ] GC(394) PSYoungGen: 292631K(550912K)->292631K(550912K) Eden: 164864K(164864K)->164864K(164864K) From: 127767K(386048K)->127767K(386048K)
[375.148s][info][gc,heap        ] GC(394) ParOldGen: 11195903K(11195904K)->11195903K(11195904K)
[375.148s][info][gc,metaspace   ] GC(394) Metaspace: 6300K(6464K)->6300K(6464K) NonClass: 5767K(5824K)->5767K(5824K) Class: 532K(640K)->532K(640K)
[375.148s][info][gc             ] GC(394) Pause Full (Allocation Failure) 11219M->11219M(11471M) 3366.715ms
[375.148s][info][gc,cpu         ] GC(394) User=25.98s Sys=0.00s Real=3.37s
[375.149s][info][gc,start       ] GC(395) Pause Full (Ergonomics)
[375.149s][info][gc,phases,start] GC(395) Marking Phase
[377.723s][info][gc,phases      ] GC(395) Marking Phase 2573.749ms
[377.723s][info][gc,phases,start] GC(395) Summary Phase
[377.723s][info][gc,phases      ] GC(395) Summary Phase 0.174ms
[377.723s][info][gc,phases,start] GC(395) Adjust Roots
[377.723s][info][gc,phases      ] GC(395) Adjust Roots 0.282ms
[377.723s][info][gc,phases,start] GC(395) Compaction Phase
[380.570s][info][gc,phases      ] GC(395) Compaction Phase 2846.990ms
[380.570s][info][gc,phases,start] GC(395) Post Compact
[380.589s][info][gc,phases      ] GC(395) Post Compact 18.648ms
[380.589s][info][gc,heap        ] GC(395) PSYoungGen: 292631K(550912K)->292631K(550912K) Eden: 164864K(164864K)->164864K(164864K) From: 127767K(386048K)->127767K(386048K)
[380.589s][info][gc,heap        ] GC(395) ParOldGen: 11195903K(11195904K)->11195902K(11195904K)
[380.589s][info][gc,metaspace   ] GC(395) Metaspace: 6300K(6464K)->6300K(6464K) NonClass: 5767K(5824K)->5767K(5824K) Class: 532K(640K)->532K(640K)
[380.589s][info][gc             ] GC(395) Pause Full (Ergonomics) 11219M->11219M(11471M) 5440.227ms
[380.589s][info][gc,cpu         ] GC(395) User=41.17s Sys=0.00s Real=5.44s
[380.591s][info][gc,start       ] GC(396) Pause Full (Ergonomics)
[380.591s][info][gc,phases,start] GC(396) Marking Phase
[383.203s][info][gc,phases      ] GC(396) Marking Phase 2612.032ms
[383.203s][info][gc,phases,start] GC(396) Summary Phase
[383.203s][info][gc,phases      ] GC(396) Summary Phase 0.117ms
[383.203s][info][gc,phases,start] GC(396) Adjust Roots
[383.203s][info][gc,phases      ] GC(396) Adjust Roots 0.386ms
[383.203s][info][gc,phases,start] GC(396) Compaction Phase
[386.062s][info][gc,phases      ] GC(396) Compaction Phase 2858.108ms
[386.062s][info][gc,phases,start] GC(396) Post Compact
[386.081s][info][gc,phases      ] GC(396) Post Compact 19.092ms
[386.081s][info][gc,heap        ] GC(396) PSYoungGen: 292631K(550912K)->292631K(550912K) Eden: 164864K(164864K)->164864K(164864K) From: 127767K(386048K)->127767K(386048K)
[386.081s][info][gc,heap        ] GC(396) ParOldGen: 11195903K(11195904K)->11195901K(11195904K)
[386.081s][info][gc,metaspace   ] GC(396) Metaspace: 6302K(6528K)->6302K(6528K) NonClass: 5768K(5888K)->5768K(5888K) Class: 533K(640K)->533K(640K)
[386.081s][info][gc             ] GC(396) Pause Full (Ergonomics) 11219M->11219M(11471M) 5490.158ms
[386.081s][info][gc,cpu         ] GC(396) User=40.98s Sys=0.05s Real=5.49s
[386.081s][info][gc,heap,exit   ] Heap
[386.082s][info][gc,heap,exit   ]  PSYoungGen      total 550912K, used 292631K [0x00000006aa580000, 0x00000006e5b00000, 0x0000000800000000)
[386.082s][info][gc,heap,exit   ]   eden space 164864K, 100% used [0x00000006aa580000,0x00000006b4680000,0x00000006b4680000)
[386.082s][info][gc,heap,exit   ]   from space 386048K, 33% used [0x00000006cc780000,0x00000006d4445f30,0x00000006e4080000)
[386.082s][info][gc,heap,exit   ]   to   space 394240K, 0% used [0x00000006b4680000,0x00000006b4680000,0x00000006cc780000)
[386.082s][info][gc,heap,exit   ]  ParOldGen       total 11195904K, used 11195901K [0x00000003ff000000, 0x00000006aa580000, 0x00000006aa580000)
[386.082s][info][gc,heap,exit   ]   object space 11195904K, 99% used [0x00000003ff000000,0x00000006aa57f788,0x00000006aa580000)
[386.082s][info][gc,heap,exit   ]  Metaspace       used 6305K, committed 6528K, reserved 1114112K
[386.082s][info][gc,heap,exit   ]   class space    used 534K, committed 640K, reserved 1048576K
