[0.012s][info][gc,init] CardTable entry size: 512
[0.012s][info][gc     ] Using Parallel
[0.013s][info][gc,init] Version: 18.0.1+10 (release)
[0.013s][info][gc,init] CPUs: 8 total, 8 available
[0.013s][info][gc,init] Memory: 16063M
[0.013s][info][gc,init] Large Page Support: Disabled
[0.013s][info][gc,init] NUMA Support: Disabled
[0.013s][info][gc,init] Compressed Oops: Enabled (Zero based)
[0.013s][info][gc,init] Alignments: Space 512K, Generation 512K, Heap 2M
[0.013s][info][gc,init] Heap Min Capacity: 2M
[0.013s][info][gc,init] Heap Initial Capacity: 2M
[0.013s][info][gc,init] Heap Max Capacity: 11800M
[0.013s][info][gc,init] Pre-touch: Disabled
[0.013s][info][gc,init] Parallel Workers: 8
[0.014s][info][gc,metaspace] CDS archive(s) not mapped
[0.014s][info][gc,metaspace] Compressed class space mapped at: 0x0000000800000000-0x0000000840000000, reserved size: 1073741824
[0.014s][info][gc,metaspace] Narrow klass base: 0x0000000800000000, Narrow klass shift: 0, Narrow klass range: 0x40000000
[0.102s][info][gc,start    ] GC(0) Pause Young (Allocation Failure)
[0.104s][info][gc,heap     ] GC(0) PSYoungGen: 512K(1024K)->480K(1024K) Eden: 512K(512K)->0K(512K) From: 0K(512K)->480K(512K)
[0.104s][info][gc,heap     ] GC(0) ParOldGen: 0K(512K)->8K(512K)
[0.104s][info][gc,metaspace] GC(0) Metaspace: 4229K(4352K)->4229K(4352K) NonClass: 3908K(3968K)->3908K(3968K) Class: 321K(384K)->321K(384K)
[0.104s][info][gc          ] GC(0) Pause Young (Allocation Failure) 0M->0M(1M) 1.594ms
[0.104s][info][gc,cpu      ] GC(0) User=0.00s Sys=0.00s Real=0.00s
[0.172s][info][gc,start    ] GC(1) Pause Young (Allocation Failure)
[0.173s][info][gc,heap     ] GC(1) PSYoungGen: 991K(1024K)->512K(1536K) Eden: 511K(512K)->0K(1024K) From: 480K(512K)->512K(512K)
[0.173s][info][gc,heap     ] GC(1) ParOldGen: 8K(512K)->80K(512K)
[0.173s][info][gc,metaspace] GC(1) Metaspace: 5882K(6016K)->5882K(6016K) NonClass: 5385K(5504K)->5385K(5504K) Class: 496K(512K)->496K(512K)
[0.173s][info][gc          ] GC(1) Pause Young (Allocation Failure) 0M->0M(2M) 0.924ms
[0.173s][info][gc,cpu      ] GC(1) User=0.00s Sys=0.00s Real=0.00s
[0.194s][info][gc,start    ] GC(2) Pause Young (Allocation Failure)
[0.195s][info][gc,heap     ] GC(2) PSYoungGen: 1536K(1536K)->512K(1536K) Eden: 1024K(1024K)->0K(1024K) From: 512K(512K)->512K(512K)
[0.195s][info][gc,heap     ] GC(2) ParOldGen: 80K(512K)->496K(512K)
[0.195s][info][gc,metaspace] GC(2) Metaspace: 6301K(6528K)->6301K(6528K) NonClass: 5767K(5888K)->5767K(5888K) Class: 533K(640K)->533K(640K)
[0.195s][info][gc          ] GC(2) Pause Young (Allocation Failure) 1M->0M(2M) 1.288ms
[0.196s][info][gc,cpu      ] GC(2) User=0.00s Sys=0.00s Real=0.00s
[0.196s][info][gc,start    ] GC(3) Pause Full (Ergonomics)
[0.196s][info][gc,phases,start] GC(3) Marking Phase
[0.197s][info][gc,phases      ] GC(3) Marking Phase 1.055ms
[0.197s][info][gc,phases,start] GC(3) Summary Phase
[0.197s][info][gc,phases      ] GC(3) Summary Phase 0.017ms
[0.197s][info][gc,phases,start] GC(3) Adjust Roots
[0.197s][info][gc,phases      ] GC(3) Adjust Roots 0.391ms
[0.197s][info][gc,phases,start] GC(3) Compaction Phase
[0.199s][info][gc,phases      ] GC(3) Compaction Phase 1.822ms
[0.199s][info][gc,phases,start] GC(3) Post Compact
[0.199s][info][gc,phases      ] GC(3) Post Compact 0.069ms
[0.199s][info][gc,heap        ] GC(3) PSYoungGen: 512K(1536K)->511K(1536K) Eden: 0K(1024K)->0K(1024K) From: 512K(512K)->511K(512K)
[0.199s][info][gc,heap        ] GC(3) ParOldGen: 496K(512K)->469K(2048K)
[0.199s][info][gc,metaspace   ] GC(3) Metaspace: 6301K(6528K)->6301K(6528K) NonClass: 5767K(5888K)->5767K(5888K) Class: 533K(640K)->533K(640K)
[0.199s][info][gc             ] GC(3) Pause Full (Ergonomics) 0M->0M(3M) 3.611ms
[0.199s][info][gc,cpu         ] GC(3) User=0.00s Sys=0.00s Real=0.00s
[0.201s][info][gc,start       ] GC(4) Pause Young (Allocation Failure)
[0.202s][info][gc,heap        ] GC(4) PSYoungGen: 1535K(1536K)->480K(2560K) Eden: 1024K(1024K)->0K(2048K) From: 511K(512K)->480K(512K)
[0.202s][info][gc,heap        ] GC(4) ParOldGen: 469K(2048K)->1029K(2048K)
[0.202s][info][gc,metaspace   ] GC(4) Metaspace: 6301K(6528K)->6301K(6528K) NonClass: 5767K(5888K)->5767K(5888K) Class: 533K(640K)->533K(640K)
[0.202s][info][gc             ] GC(4) Pause Young (Allocation Failure) 1M->1M(4M) 1.640ms
[0.202s][info][gc,cpu         ] GC(4) User=0.00s Sys=0.00s Real=0.00s
[0.205s][info][gc,start       ] GC(5) Pause Young (Allocation Failure)
[0.207s][info][gc,heap        ] GC(5) PSYoungGen: 2528K(2560K)->480K(2560K) Eden: 2048K(2048K)->0K(2048K) From: 480K(512K)->480K(512K)
[0.207s][info][gc,heap        ] GC(5) ParOldGen: 1029K(2048K)->2101K(2560K)
[0.207s][info][gc,metaspace   ] GC(5) Metaspace: 6301K(6528K)->6301K(6528K) NonClass: 5767K(5888K)->5767K(5888K) Class: 533K(640K)->533K(640K)
[0.207s][info][gc             ] GC(5) Pause Young (Allocation Failure) 3M->2M(5M) 1.768ms
[0.207s][info][gc,cpu         ] GC(5) User=0.00s Sys=0.00s Real=0.00s
[0.207s][info][gc,start       ] GC(6) Pause Full (Ergonomics)
[0.207s][info][gc,phases,start] GC(6) Marking Phase
[0.209s][info][gc,phases      ] GC(6) Marking Phase 1.889ms
[0.209s][info][gc,phases,start] GC(6) Summary Phase
[0.209s][info][gc,phases      ] GC(6) Summary Phase 0.017ms
[0.209s][info][gc,phases,start] GC(6) Adjust Roots
[0.210s][info][gc,phases      ] GC(6) Adjust Roots 0.380ms
[0.210s][info][gc,phases,start] GC(6) Compaction Phase
[0.212s][info][gc,phases      ] GC(6) Compaction Phase 2.536ms
[0.212s][info][gc,phases,start] GC(6) Post Compact
[0.212s][info][gc,phases      ] GC(6) Post Compact 0.030ms
[0.212s][info][gc,heap        ] GC(6) PSYoungGen: 480K(2560K)->0K(4096K) Eden: 0K(2048K)->0K(3072K) From: 480K(512K)->0K(1024K)
[0.212s][info][gc,heap        ] GC(6) ParOldGen: 2101K(2560K)->2542K(6144K)
[0.213s][info][gc,metaspace   ] GC(6) Metaspace: 6301K(6528K)->6301K(6528K) NonClass: 5767K(5888K)->5767K(5888K) Class: 533K(640K)->533K(640K)
[0.213s][info][gc             ] GC(6) Pause Full (Ergonomics) 2M->2M(10M) 5.223ms
[0.213s][info][gc,cpu         ] GC(6) User=0.00s Sys=0.00s Real=0.01s
[0.218s][info][gc,start       ] GC(7) Pause Young (Allocation Failure)
[0.219s][info][gc,heap        ] GC(7) PSYoungGen: 3072K(4096K)->1664K(5120K) Eden: 3072K(3072K)->0K(3072K) From: 0K(1024K)->1664K(2048K)
[0.219s][info][gc,heap        ] GC(7) ParOldGen: 2542K(6144K)->2542K(6144K)
[0.219s][info][gc,metaspace   ] GC(7) Metaspace: 6301K(6528K)->6301K(6528K) NonClass: 5767K(5888K)->5767K(5888K) Class: 533K(640K)->533K(640K)
[0.219s][info][gc             ] GC(7) Pause Young (Allocation Failure) 5M->4M(11M) 1.791ms
[0.219s][info][gc,cpu         ] GC(7) User=0.00s Sys=0.00s Real=0.00s
[0.224s][info][gc,start       ] GC(8) Pause Young (Allocation Failure)
[0.228s][info][gc,heap        ] GC(8) PSYoungGen: 4736K(5120K)->2016K(5632K) Eden: 3072K(3072K)->0K(3584K) From: 1664K(2048K)->2016K(2048K)
[0.228s][info][gc,heap        ] GC(8) ParOldGen: 2542K(6144K)->3774K(6144K)
[0.228s][info][gc,metaspace   ] GC(8) Metaspace: 6301K(6528K)->6301K(6528K) NonClass: 5767K(5888K)->5767K(5888K) Class: 533K(640K)->533K(640K)
[0.228s][info][gc             ] GC(8) Pause Young (Allocation Failure) 7M->5M(11M) 3.818ms
[0.228s][info][gc,cpu         ] GC(8) User=0.00s Sys=0.00s Real=0.00s
[0.234s][info][gc,start       ] GC(9) Pause Young (Allocation Failure)
[0.237s][info][gc,heap        ] GC(9) PSYoungGen: 5600K(5632K)->3040K(6656K) Eden: 3584K(3584K)->0K(3584K) From: 2016K(2048K)->3040K(3072K)
[0.237s][info][gc,heap        ] GC(9) ParOldGen: 3774K(6144K)->4614K(6144K)
[0.237s][info][gc,metaspace   ] GC(9) Metaspace: 6301K(6528K)->6301K(6528K) NonClass: 5767K(5888K)->5767K(5888K) Class: 533K(640K)->533K(640K)
[0.237s][info][gc             ] GC(9) Pause Young (Allocation Failure) 9M->7M(12M) 3.449ms
[0.237s][info][gc,cpu         ] GC(9) User=0.00s Sys=0.00s Real=0.00s
[0.242s][info][gc,start       ] GC(10) Pause Young (Allocation Failure)
[0.246s][info][gc,heap        ] GC(10) PSYoungGen: 6624K(6656K)->4064K(8704K) Eden: 3584K(3584K)->0K(4608K) From: 3040K(3072K)->4064K(4096K)
[0.246s][info][gc,heap        ] GC(10) ParOldGen: 4614K(6144K)->5454K(6144K)
[0.246s][info][gc,metaspace   ] GC(10) Metaspace: 6301K(6528K)->6301K(6528K) NonClass: 5767K(5888K)->5767K(5888K) Class: 533K(640K)->533K(640K)
[0.246s][info][gc             ] GC(10) Pause Young (Allocation Failure) 10M->9M(14M) 4.469ms
[0.246s][info][gc,cpu         ] GC(10) User=0.00s Sys=0.00s Real=0.01s
[0.247s][info][gc,start       ] GC(11) Pause Full (Ergonomics)
[0.247s][info][gc,phases,start] GC(11) Marking Phase
[0.251s][info][gc,phases      ] GC(11) Marking Phase 4.797ms
[0.251s][info][gc,phases,start] GC(11) Summary Phase
[0.251s][info][gc,phases      ] GC(11) Summary Phase 0.014ms
[0.251s][info][gc,phases,start] GC(11) Adjust Roots
[0.252s][info][gc,phases      ] GC(11) Adjust Roots 0.390ms
[0.252s][info][gc,phases,start] GC(11) Compaction Phase
[0.258s][info][gc,phases      ] GC(11) Compaction Phase 6.415ms
[0.258s][info][gc,phases,start] GC(11) Post Compact
[0.258s][info][gc,phases      ] GC(11) Post Compact 0.054ms
[0.259s][info][gc,heap        ] GC(11) PSYoungGen: 4064K(8704K)->3545K(8704K) Eden: 0K(4608K)->0K(4608K) From: 4064K(4096K)->3545K(4096K)
[0.259s][info][gc,heap        ] GC(11) ParOldGen: 5454K(6144K)->5831K(10752K)
[0.259s][info][gc,metaspace   ] GC(11) Metaspace: 6301K(6528K)->6301K(6528K) NonClass: 5767K(5888K)->5767K(5888K) Class: 533K(640K)->533K(640K)
[0.259s][info][gc             ] GC(11) Pause Full (Ergonomics) 9M->9M(19M) 12.020ms
[0.259s][info][gc,cpu         ] GC(11) User=0.00s Sys=0.00s Real=0.01s
[0.263s][info][gc,start       ] GC(12) Pause Young (Allocation Failure)
[0.267s][info][gc,heap        ] GC(12) PSYoungGen: 8013K(8704K)->5088K(9728K) Eden: 4468K(4608K)->0K(4608K) From: 3545K(4096K)->5088K(5120K)
[0.267s][info][gc,heap        ] GC(12) ParOldGen: 5831K(10752K)->6615K(10752K)
[0.267s][info][gc,metaspace   ] GC(12) Metaspace: 6301K(6528K)->6301K(6528K) NonClass: 5767K(5888K)->5767K(5888K) Class: 533K(640K)->533K(640K)
[0.267s][info][gc             ] GC(12) Pause Young (Allocation Failure) 13M->11M(20M) 3.667ms
[0.267s][info][gc,cpu         ] GC(12) User=0.00s Sys=0.00s Real=0.00s
[0.272s][info][gc,start       ] GC(13) Pause Young (Allocation Failure)
[0.278s][info][gc,heap        ] GC(13) PSYoungGen: 9696K(9728K)->6112K(11264K) Eden: 4608K(4608K)->0K(5120K) From: 5088K(5120K)->6112K(6144K)
[0.278s][info][gc,heap        ] GC(13) ParOldGen: 6615K(10752K)->7991K(10752K)
[0.278s][info][gc,metaspace   ] GC(13) Metaspace: 6301K(6528K)->6301K(6528K) NonClass: 5767K(5888K)->5767K(5888K) Class: 533K(640K)->533K(640K)
[0.278s][info][gc             ] GC(13) Pause Young (Allocation Failure) 15M->13M(21M) 5.329ms
[0.278s][info][gc,cpu         ] GC(13) User=0.00s Sys=0.00s Real=0.01s
[0.282s][info][gc,start       ] GC(14) Pause Young (Allocation Failure)
[0.287s][info][gc,heap        ] GC(14) PSYoungGen: 11232K(11264K)->5216K(12800K) Eden: 5120K(5120K)->0K(5120K) From: 6112K(6144K)->5216K(7680K)
[0.287s][info][gc,heap        ] GC(14) ParOldGen: 7991K(10752K)->11599K(11776K)
[0.287s][info][gc,metaspace   ] GC(14) Metaspace: 6302K(6528K)->6302K(6528K) NonClass: 5769K(5888K)->5769K(5888K) Class: 533K(640K)->533K(640K)
[0.287s][info][gc             ] GC(14) Pause Young (Allocation Failure) 18M->16M(24M) 5.348ms
[0.287s][info][gc,cpu         ] GC(14) User=0.00s Sys=0.00s Real=0.01s
[0.287s][info][gc,start       ] GC(15) Pause Full (Ergonomics)
[0.287s][info][gc,phases,start] GC(15) Marking Phase
[0.295s][info][gc,phases      ] GC(15) Marking Phase 7.659ms
[0.295s][info][gc,phases,start] GC(15) Summary Phase
[0.295s][info][gc,phases      ] GC(15) Summary Phase 0.020ms
[0.295s][info][gc,phases,start] GC(15) Adjust Roots
[0.295s][info][gc,phases      ] GC(15) Adjust Roots 0.227ms
[0.295s][info][gc,phases,start] GC(15) Compaction Phase
[0.304s][info][gc,phases      ] GC(15) Compaction Phase 8.251ms
[0.304s][info][gc,phases,start] GC(15) Post Compact
[0.304s][info][gc,phases      ] GC(15) Post Compact 0.088ms
[0.304s][info][gc,heap        ] GC(15) PSYoungGen: 5216K(12800K)->5175K(12800K) Eden: 0K(5120K)->0K(5120K) From: 5216K(7680K)->5175K(7680K)
[0.304s][info][gc,heap        ] GC(15) ParOldGen: 11599K(11776K)->11475K(18432K)
[0.304s][info][gc,metaspace   ] GC(15) Metaspace: 6302K(6528K)->6302K(6528K) NonClass: 5769K(5888K)->5769K(5888K) Class: 533K(640K)->533K(640K)
[0.304s][info][gc             ] GC(15) Pause Full (Ergonomics) 16M->16M(30M) 16.593ms
[0.304s][info][gc,cpu         ] GC(15) User=0.02s Sys=0.00s Real=0.02s
[0.307s][info][gc,start       ] GC(16) Pause Young (Allocation Failure)
[0.313s][info][gc,heap        ] GC(16) PSYoungGen: 10295K(12800K)->2688K(14336K) Eden: 5120K(5120K)->0K(7168K) From: 5175K(7680K)->2688K(7168K)
[0.313s][info][gc,heap        ] GC(16) ParOldGen: 11475K(18432K)->16731K(18432K)
[0.313s][info][gc,metaspace   ] GC(16) Metaspace: 6302K(6528K)->6302K(6528K) NonClass: 5769K(5888K)->5769K(5888K) Class: 533K(640K)->533K(640K)
[0.313s][info][gc             ] GC(16) Pause Young (Allocation Failure) 21M->18M(32M) 6.160ms
[0.313s][info][gc,cpu         ] GC(16) User=0.02s Sys=0.00s Real=0.01s
[0.313s][info][gc,start       ] GC(17) Pause Full (Ergonomics)
[0.313s][info][gc,phases,start] GC(17) Marking Phase
[0.322s][info][gc,phases      ] GC(17) Marking Phase 8.054ms
[0.322s][info][gc,phases,start] GC(17) Summary Phase
[0.322s][info][gc,phases      ] GC(17) Summary Phase 0.019ms
[0.322s][info][gc,phases,start] GC(17) Adjust Roots
[0.322s][info][gc,phases      ] GC(17) Adjust Roots 0.215ms
[0.322s][info][gc,phases,start] GC(17) Compaction Phase
[0.328s][info][gc,phases      ] GC(17) Compaction Phase 6.545ms
[0.328s][info][gc,phases,start] GC(17) Post Compact
[0.329s][info][gc,phases      ] GC(17) Post Compact 0.096ms
[0.329s][info][gc,heap        ] GC(17) PSYoungGen: 2688K(14336K)->1105K(14848K) Eden: 0K(7168K)->0K(7680K) From: 2688K(7168K)->1105K(7168K)
[0.329s][info][gc,heap        ] GC(17) ParOldGen: 16731K(18432K)->18183K(28160K)
[0.329s][info][gc,metaspace   ] GC(17) Metaspace: 6302K(6528K)->6302K(6528K) NonClass: 5769K(5888K)->5769K(5888K) Class: 533K(640K)->533K(640K)
[0.329s][info][gc             ] GC(17) Pause Full (Ergonomics) 18M->18M(42M) 15.319ms
[0.329s][info][gc,cpu         ] GC(17) User=0.02s Sys=0.00s Real=0.02s
[0.333s][info][gc,start       ] GC(18) Pause Young (Allocation Failure)
[0.338s][info][gc,heap        ] GC(18) PSYoungGen: 7799K(14848K)->3456K(15360K) Eden: 6694K(7680K)->0K(7680K) From: 1105K(7168K)->3456K(7680K)
[0.338s][info][gc,heap        ] GC(18) ParOldGen: 18183K(28160K)->19311K(28160K)
[0.338s][info][gc,metaspace   ] GC(18) Metaspace: 6302K(6528K)->6302K(6528K) NonClass: 5769K(5888K)->5769K(5888K) Class: 533K(640K)->533K(640K)
[0.338s][info][gc             ] GC(18) Pause Young (Allocation Failure) 25M->22M(42M) 4.773ms
[0.338s][info][gc,cpu         ] GC(18) User=0.00s Sys=0.00s Real=0.00s
[0.346s][info][gc,start       ] GC(19) Pause Young (Allocation Failure)
[0.353s][info][gc,heap        ] GC(19) PSYoungGen: 11135K(15360K)->7648K(16896K) Eden: 7679K(7680K)->0K(9216K) From: 3456K(7680K)->7648K(7680K)
[0.353s][info][gc,heap        ] GC(19) ParOldGen: 19311K(28160K)->19535K(28160K)
[0.353s][info][gc,metaspace   ] GC(19) Metaspace: 6302K(6528K)->6302K(6528K) NonClass: 5769K(5888K)->5769K(5888K) Class: 533K(640K)->533K(640K)
[0.353s][info][gc             ] GC(19) Pause Young (Allocation Failure) 29M->26M(44M) 6.975ms
[0.353s][info][gc,cpu         ] GC(19) User=0.00s Sys=0.00s Real=0.01s
[0.358s][info][gc,start       ] GC(20) Pause Young (Allocation Failure)
[0.367s][info][gc,heap        ] GC(20) PSYoungGen: 16864K(16896K)->4800K(17920K) Eden: 9216K(9216K)->0K(9216K) From: 7648K(7680K)->4800K(8704K)
[0.367s][info][gc,heap        ] GC(20) ParOldGen: 19535K(28160K)->27279K(28160K)
[0.367s][info][gc,metaspace   ] GC(20) Metaspace: 6302K(6528K)->6302K(6528K) NonClass: 5769K(5888K)->5769K(5888K) Class: 533K(640K)->533K(640K)
[0.367s][info][gc             ] GC(20) Pause Young (Allocation Failure) 35M->31M(45M) 8.887ms
[0.367s][info][gc,cpu         ] GC(20) User=0.00s Sys=0.00s Real=0.01s
[0.367s][info][gc,start       ] GC(21) Pause Full (Ergonomics)
[0.367s][info][gc,phases,start] GC(21) Marking Phase
[0.380s][info][gc,phases      ] GC(21) Marking Phase 12.881ms
[0.380s][info][gc,phases,start] GC(21) Summary Phase
[0.380s][info][gc,phases      ] GC(21) Summary Phase 0.018ms
[0.380s][info][gc,phases,start] GC(21) Adjust Roots
[0.380s][info][gc,phases      ] GC(21) Adjust Roots 0.202ms
[0.380s][info][gc,phases,start] GC(21) Compaction Phase
[0.391s][info][gc,phases      ] GC(21) Compaction Phase 10.878ms
[0.391s][info][gc,phases,start] GC(21) Post Compact
[0.391s][info][gc,phases      ] GC(21) Post Compact 0.165ms
[0.392s][info][gc,heap        ] GC(21) PSYoungGen: 4800K(17920K)->3738K(17920K) Eden: 0K(9216K)->0K(9216K) From: 4800K(8704K)->3738K(8704K)
[0.392s][info][gc,heap        ] GC(21) ParOldGen: 27279K(28160K)->27651K(40960K)
[0.392s][info][gc,metaspace   ] GC(21) Metaspace: 6302K(6528K)->6302K(6528K) NonClass: 5769K(5888K)->5769K(5888K) Class: 533K(640K)->533K(640K)
[0.392s][info][gc             ] GC(21) Pause Full (Ergonomics) 31M->30M(57M) 24.622ms
[0.392s][info][gc,cpu         ] GC(21) User=0.02s Sys=0.00s Real=0.02s
[0.400s][info][gc,start       ] GC(22) Pause Young (Allocation Failure)
[0.410s][info][gc,heap        ] GC(22) PSYoungGen: 12954K(17920K)->7680K(19456K) Eden: 9216K(9216K)->0K(10752K) From: 3738K(8704K)->7680K(8704K)
[0.410s][info][gc,heap        ] GC(22) ParOldGen: 27651K(40960K)->31459K(40960K)
[0.410s][info][gc,metaspace   ] GC(22) Metaspace: 6302K(6528K)->6302K(6528K) NonClass: 5769K(5888K)->5769K(5888K) Class: 533K(640K)->533K(640K)
[0.410s][info][gc             ] GC(22) Pause Young (Allocation Failure) 39M->38M(59M) 10.576ms
[0.411s][info][gc,cpu         ] GC(22) User=0.02s Sys=0.00s Real=0.01s
[0.426s][info][gc,start       ] GC(23) Pause Young (Allocation Failure)
[0.439s][info][gc,heap        ] GC(23) PSYoungGen: 18432K(19456K)->9696K(20480K) Eden: 10752K(10752K)->0K(10752K) From: 7680K(8704K)->9696K(9728K)
[0.439s][info][gc,heap        ] GC(23) ParOldGen: 31459K(40960K)->40267K(40960K)
[0.439s][info][gc,metaspace   ] GC(23) Metaspace: 6302K(6528K)->6302K(6528K) NonClass: 5769K(5888K)->5769K(5888K) Class: 533K(640K)->533K(640K)
[0.440s][info][gc             ] GC(23) Pause Young (Allocation Failure) 48M->48M(60M) 13.066ms
[0.440s][info][gc,cpu         ] GC(23) User=0.00s Sys=0.00s Real=0.01s
[0.440s][info][gc,start       ] GC(24) Pause Full (Ergonomics)
[0.440s][info][gc,phases,start] GC(24) Marking Phase
[0.459s][info][gc,phases      ] GC(24) Marking Phase 19.381ms
[0.459s][info][gc,phases,start] GC(24) Summary Phase
[0.459s][info][gc,phases      ] GC(24) Summary Phase 0.020ms
[0.459s][info][gc,phases,start] GC(24) Adjust Roots
[0.459s][info][gc,phases      ] GC(24) Adjust Roots 0.161ms
[0.459s][info][gc,phases,start] GC(24) Compaction Phase
[0.476s][info][gc,phases      ] GC(24) Compaction Phase 16.906ms
[0.476s][info][gc,phases,start] GC(24) Post Compact
[0.476s][info][gc,phases      ] GC(24) Post Compact 0.163ms
[0.477s][info][gc,heap        ] GC(24) PSYoungGen: 9696K(20480K)->9681K(20480K) Eden: 0K(10752K)->0K(10752K) From: 9696K(9728K)->9681K(9728K)
[0.477s][info][gc,heap        ] GC(24) ParOldGen: 40267K(40960K)->39026K(56320K)
[0.477s][info][gc,metaspace   ] GC(24) Metaspace: 6302K(6528K)->6302K(6528K) NonClass: 5769K(5888K)->5769K(5888K) Class: 533K(640K)->533K(640K)
[0.477s][info][gc             ] GC(24) Pause Full (Ergonomics) 48M->47M(75M) 37.004ms
[0.477s][info][gc,cpu         ] GC(24) User=0.03s Sys=0.00s Real=0.04s
[0.488s][info][gc,start       ] GC(25) Pause Young (Allocation Failure)
[0.503s][info][gc,heap        ] GC(25) PSYoungGen: 20433K(20480K)->10752K(26624K) Eden: 10752K(10752K)->0K(12288K) From: 9681K(9728K)->10752K(14336K)
[0.503s][info][gc,heap        ] GC(25) ParOldGen: 39026K(56320K)->48834K(56320K)
[0.503s][info][gc,metaspace   ] GC(25) Metaspace: 6302K(6528K)->6302K(6528K) NonClass: 5769K(5888K)->5769K(5888K) Class: 533K(640K)->533K(640K)
[0.503s][info][gc             ] GC(25) Pause Young (Allocation Failure) 58M->58M(81M) 15.598ms
[0.503s][info][gc,cpu         ] GC(25) User=0.00s Sys=0.00s Real=0.02s
[0.503s][info][gc,start       ] GC(26) Pause Full (Ergonomics)
[0.503s][info][gc,phases,start] GC(26) Marking Phase
[0.526s][info][gc,phases      ] GC(26) Marking Phase 22.314ms
[0.526s][info][gc,phases,start] GC(26) Summary Phase
[0.526s][info][gc,phases      ] GC(26) Summary Phase 0.028ms
[0.526s][info][gc,phases,start] GC(26) Adjust Roots
[0.526s][info][gc,phases      ] GC(26) Adjust Roots 0.159ms
[0.526s][info][gc,phases,start] GC(26) Compaction Phase
[0.545s][info][gc,phases      ] GC(26) Compaction Phase 18.680ms
[0.545s][info][gc,phases,start] GC(26) Post Compact
[0.545s][info][gc,phases      ] GC(26) Post Compact 0.220ms
[0.545s][info][gc,heap        ] GC(26) PSYoungGen: 10752K(26624K)->3565K(26624K) Eden: 0K(12288K)->0K(12288K) From: 10752K(14336K)->3565K(14336K)
[0.545s][info][gc,heap        ] GC(26) ParOldGen: 48834K(56320K)->55861K(77312K)
[0.545s][info][gc,metaspace   ] GC(26) Metaspace: 6302K(6528K)->6302K(6528K) NonClass: 5769K(5888K)->5769K(5888K) Class: 533K(640K)->533K(640K)
[0.545s][info][gc             ] GC(26) Pause Full (Ergonomics) 58M->58M(101M) 41.821ms
[0.545s][info][gc,cpu         ] GC(26) User=0.05s Sys=0.00s Real=0.04s
[0.559s][info][gc,start       ] GC(27) Pause Young (Allocation Failure)
[0.574s][info][gc,heap        ] GC(27) PSYoungGen: 15853K(26624K)->12320K(27648K) Eden: 12288K(12288K)->0K(12288K) From: 3565K(14336K)->12320K(15360K)
[0.574s][info][gc,heap        ] GC(27) ParOldGen: 55861K(77312K)->59493K(77312K)
[0.574s][info][gc,metaspace   ] GC(27) Metaspace: 6302K(6528K)->6302K(6528K) NonClass: 5769K(5888K)->5769K(5888K) Class: 533K(640K)->533K(640K)
[0.574s][info][gc             ] GC(27) Pause Young (Allocation Failure) 70M->70M(102M) 15.148ms
[0.574s][info][gc,cpu         ] GC(27) User=0.02s Sys=0.00s Real=0.02s
[0.587s][info][gc,start       ] GC(28) Pause Young (Allocation Failure)
[0.606s][info][gc,heap        ] GC(28) PSYoungGen: 24608K(27648K)->16896K(26112K) Eden: 12288K(12288K)->0K(9216K) From: 12320K(15360K)->16896K(16896K)
[0.606s][info][gc,heap        ] GC(28) ParOldGen: 59493K(77312K)->67261K(77312K)
[0.606s][info][gc,metaspace   ] GC(28) Metaspace: 6302K(6528K)->6302K(6528K) NonClass: 5769K(5888K)->5769K(5888K) Class: 533K(640K)->533K(640K)
[0.606s][info][gc             ] GC(28) Pause Young (Allocation Failure) 82M->82M(101M) 18.400ms
[0.606s][info][gc,cpu         ] GC(28) User=0.02s Sys=0.00s Real=0.02s
[0.606s][info][gc,start       ] GC(29) Pause Full (Ergonomics)
[0.606s][info][gc,phases,start] GC(29) Marking Phase
[0.639s][info][gc,phases      ] GC(29) Marking Phase 33.273ms
[0.639s][info][gc,phases,start] GC(29) Summary Phase
[0.639s][info][gc,phases      ] GC(29) Summary Phase 0.019ms
[0.639s][info][gc,phases,start] GC(29) Adjust Roots
[0.640s][info][gc,phases      ] GC(29) Adjust Roots 0.183ms
[0.640s][info][gc,phases,start] GC(29) Compaction Phase
[0.659s][info][gc,phases      ] GC(29) Compaction Phase 19.780ms
[0.659s][info][gc,phases,start] GC(29) Post Compact
[0.660s][info][gc,phases      ] GC(29) Post Compact 0.356ms
[0.660s][info][gc,heap        ] GC(29) PSYoungGen: 16896K(26112K)->6642K(26112K) Eden: 0K(9216K)->0K(9216K) From: 16896K(16896K)->6642K(16896K)
[0.660s][info][gc,heap        ] GC(29) ParOldGen: 67261K(77312K)->77296K(100864K)
[0.660s][info][gc,metaspace   ] GC(29) Metaspace: 6302K(6528K)->6302K(6528K) NonClass: 5769K(5888K)->5769K(5888K) Class: 533K(640K)->533K(640K)
[0.660s][info][gc             ] GC(29) Pause Full (Ergonomics) 82M->81M(124M) 54.020ms
[0.660s][info][gc,cpu         ] GC(29) User=0.08s Sys=0.00s Real=0.05s
[0.677s][info][gc,start       ] GC(30) Pause Young (Allocation Failure)
[0.691s][info][gc,heap        ] GC(30) PSYoungGen: 15858K(26112K)->9248K(31744K) Eden: 9216K(9216K)->0K(9216K) From: 6642K(16896K)->9248K(22528K)
[0.692s][info][gc,heap        ] GC(30) ParOldGen: 77296K(100864K)->84056K(100864K)
[0.692s][info][gc,metaspace   ] GC(30) Metaspace: 6302K(6528K)->6302K(6528K) NonClass: 5769K(5888K)->5769K(5888K) Class: 533K(640K)->533K(640K)
[0.692s][info][gc             ] GC(30) Pause Young (Allocation Failure) 90M->91M(129M) 14.513ms
[0.692s][info][gc,cpu         ] GC(30) User=0.02s Sys=0.00s Real=0.01s
[0.701s][info][gc,start       ] GC(31) Pause Young (Allocation Failure)
[0.709s][info][gc,heap        ] GC(31) PSYoungGen: 18464K(31744K)->18464K(30208K) Eden: 9216K(9216K)->0K(8704K) From: 9248K(22528K)->18464K(21504K)
[0.709s][info][gc,heap        ] GC(31) ParOldGen: 84056K(100864K)->84056K(100864K)
[0.709s][info][gc,metaspace   ] GC(31) Metaspace: 6302K(6528K)->6302K(6528K) NonClass: 5769K(5888K)->5769K(5888K) Class: 533K(640K)->533K(640K)
[0.709s][info][gc             ] GC(31) Pause Young (Allocation Failure) 100M->100M(128M) 8.409ms
[0.709s][info][gc,cpu         ] GC(31) User=0.02s Sys=0.00s Real=0.01s
[0.717s][info][gc,start       ] GC(32) Pause Young (Allocation Failure)
[0.728s][info][gc,heap        ] GC(32) PSYoungGen: 27168K(30208K)->24032K(32768K) Eden: 8704K(8704K)->0K(8704K) From: 18464K(21504K)->24032K(24064K)
[0.728s][info][gc,heap        ] GC(32) ParOldGen: 84056K(100864K)->87184K(100864K)
[0.728s][info][gc,metaspace   ] GC(32) Metaspace: 6302K(6528K)->6302K(6528K) NonClass: 5769K(5888K)->5769K(5888K) Class: 533K(640K)->533K(640K)
[0.728s][info][gc             ] GC(32) Pause Young (Allocation Failure) 108M->108M(130M) 11.481ms
[0.728s][info][gc,cpu         ] GC(32) User=0.02s Sys=0.00s Real=0.01s
[0.736s][info][gc,start       ] GC(33) Pause Young (Allocation Failure)
[0.752s][info][gc,heap        ] GC(33) PSYoungGen: 32736K(32768K)->16736K(39936K) Eden: 8704K(8704K)->0K(10752K) From: 24032K(24064K)->16736K(29184K)
[0.752s][info][gc,heap        ] GC(33) ParOldGen: 87184K(100864K)->103392K(103424K)
[0.752s][info][gc,metaspace   ] GC(33) Metaspace: 6302K(6528K)->6302K(6528K) NonClass: 5769K(5888K)->5769K(5888K) Class: 533K(640K)->533K(640K)
[0.752s][info][gc             ] GC(33) Pause Young (Allocation Failure) 117M->117M(140M) 16.003ms
[0.752s][info][gc,cpu         ] GC(33) User=0.02s Sys=0.00s Real=0.02s
[0.752s][info][gc,start       ] GC(34) Pause Full (Ergonomics)
[0.752s][info][gc,phases,start] GC(34) Marking Phase
[0.784s][info][gc,phases      ] GC(34) Marking Phase 31.810ms
[0.784s][info][gc,phases,start] GC(34) Summary Phase
[0.784s][info][gc,phases      ] GC(34) Summary Phase 0.020ms
[0.784s][info][gc,phases,start] GC(34) Adjust Roots
[0.784s][info][gc,phases      ] GC(34) Adjust Roots 0.159ms
[0.784s][info][gc,phases,start] GC(34) Compaction Phase
[0.812s][info][gc,phases      ] GC(34) Compaction Phase 28.078ms
[0.813s][info][gc,phases,start] GC(34) Post Compact
[0.813s][info][gc,phases      ] GC(34) Post Compact 0.469ms
[0.813s][info][gc,heap        ] GC(34) PSYoungGen: 16736K(39936K)->14603K(39936K) Eden: 0K(10752K)->0K(10752K) From: 16736K(29184K)->14603K(29184K)
[0.813s][info][gc,heap        ] GC(34) ParOldGen: 103392K(103424K)->103012K(132096K)
[0.813s][info][gc,metaspace   ] GC(34) Metaspace: 6302K(6528K)->6302K(6528K) NonClass: 5769K(5888K)->5769K(5888K) Class: 533K(640K)->533K(640K)
[0.813s][info][gc             ] GC(34) Pause Full (Ergonomics) 117M->114M(168M) 60.957ms
[0.813s][info][gc,cpu         ] GC(34) User=0.09s Sys=0.00s Real=0.06s
[0.825s][info][gc,start       ] GC(35) Pause Young (Allocation Failure)
[0.843s][info][gc,heap        ] GC(35) PSYoungGen: 25355K(39936K)->18784K(39936K) Eden: 10752K(10752K)->0K(10752K) From: 14603K(29184K)->18784K(29184K)
[0.843s][info][gc,heap        ] GC(35) ParOldGen: 103012K(132096K)->109756K(132096K)
[0.843s][info][gc,metaspace   ] GC(35) Metaspace: 6302K(6528K)->6302K(6528K) NonClass: 5769K(5888K)->5769K(5888K) Class: 533K(640K)->533K(640K)
[0.843s][info][gc             ] GC(35) Pause Young (Allocation Failure) 125M->125M(168M) 18.601ms
[0.843s][info][gc,cpu         ] GC(35) User=0.03s Sys=0.03s Real=0.02s
[0.854s][info][gc,start       ] GC(36) Pause Young (Allocation Failure)
[0.870s][info][gc,heap        ] GC(36) PSYoungGen: 29536K(39936K)->21568K(41472K) Eden: 10752K(10752K)->0K(11264K) From: 18784K(29184K)->21568K(30208K)
[0.870s][info][gc,heap        ] GC(36) ParOldGen: 109756K(132096K)->117876K(132096K)
[0.870s][info][gc,metaspace   ] GC(36) Metaspace: 6302K(6528K)->6302K(6528K) NonClass: 5769K(5888K)->5769K(5888K) Class: 533K(640K)->533K(640K)
[0.870s][info][gc             ] GC(36) Pause Young (Allocation Failure) 136M->136M(169M) 16.334ms
[0.870s][info][gc,cpu         ] GC(36) User=0.00s Sys=0.02s Real=0.02s
[0.881s][info][gc,start       ] GC(37) Pause Young (Allocation Failure)
[0.898s][info][gc,heap        ] GC(37) PSYoungGen: 32832K(41472K)->22048K(43008K) Eden: 11264K(11264K)->0K(11264K) From: 21568K(30208K)->22048K(31744K)
[0.898s][info][gc,heap        ] GC(37) ParOldGen: 117876K(132096K)->128780K(132096K)
[0.898s][info][gc,metaspace   ] GC(37) Metaspace: 6302K(6528K)->6302K(6528K) NonClass: 5769K(5888K)->5769K(5888K) Class: 533K(640K)->533K(640K)
[0.898s][info][gc             ] GC(37) Pause Young (Allocation Failure) 147M->147M(171M) 16.472ms
[0.898s][info][gc,cpu         ] GC(37) User=0.02s Sys=0.00s Real=0.02s
[0.898s][info][gc,start       ] GC(38) Pause Full (Ergonomics)
[0.898s][info][gc,phases,start] GC(38) Marking Phase
[0.938s][info][gc,phases      ] GC(38) Marking Phase 39.593ms
[0.938s][info][gc,phases,start] GC(38) Summary Phase
[0.938s][info][gc,phases      ] GC(38) Summary Phase 0.016ms
[0.938s][info][gc,phases,start] GC(38) Adjust Roots
[0.938s][info][gc,phases      ] GC(38) Adjust Roots 0.139ms
[0.938s][info][gc,phases,start] GC(38) Compaction Phase
[0.961s][info][gc,phases      ] GC(38) Compaction Phase 22.936ms
[0.961s][info][gc,phases,start] GC(38) Post Compact
[0.961s][info][gc,phases      ] GC(38) Post Compact 0.599ms
[0.962s][info][gc,heap        ] GC(38) PSYoungGen: 22048K(43008K)->18379K(43008K) Eden: 0K(11264K)->0K(11264K) From: 22048K(31744K)->18379K(31744K)
[0.962s][info][gc,heap        ] GC(38) ParOldGen: 128780K(132096K)->131916K(164352K)
[0.962s][info][gc,metaspace   ] GC(38) Metaspace: 6302K(6528K)->6302K(6528K) NonClass: 5769K(5888K)->5769K(5888K) Class: 533K(640K)->533K(640K)
[0.962s][info][gc             ] GC(38) Pause Full (Ergonomics) 147M->146M(202M) 63.690ms
[0.962s][info][gc,cpu         ] GC(38) User=0.20s Sys=0.00s Real=0.06s
[0.973s][info][gc,start       ] GC(39) Pause Young (Allocation Failure)
[0.994s][info][gc,heap        ] GC(39) PSYoungGen: 29643K(43008K)->11328K(43520K) Eden: 11264K(11264K)->0K(13312K) From: 18379K(31744K)->11328K(30208K)
[0.994s][info][gc,heap        ] GC(39) ParOldGen: 131916K(164352K)->150596K(164352K)
[0.994s][info][gc,metaspace   ] GC(39) Metaspace: 6302K(6528K)->6302K(6528K) NonClass: 5769K(5888K)->5769K(5888K) Class: 533K(640K)->533K(640K)
[0.994s][info][gc             ] GC(39) Pause Young (Allocation Failure) 157M->158M(203M) 21.475ms
[0.994s][info][gc,cpu         ] GC(39) User=0.06s Sys=0.00s Real=0.02s
[0.994s][info][gc,start       ] GC(40) Pause Full (Ergonomics)
[0.994s][info][gc,phases,start] GC(40) Marking Phase
[1.036s][info][gc,phases      ] GC(40) Marking Phase 41.479ms
[1.036s][info][gc,phases,start] GC(40) Summary Phase
[1.036s][info][gc,phases      ] GC(40) Summary Phase 0.027ms
[1.036s][info][gc,phases,start] GC(40) Adjust Roots
[1.036s][info][gc,phases      ] GC(40) Adjust Roots 0.146ms
[1.036s][info][gc,phases,start] GC(40) Compaction Phase
[1.056s][info][gc,phases      ] GC(40) Compaction Phase 20.364ms
[1.056s][info][gc,phases,start] GC(40) Post Compact
[1.057s][info][gc,phases      ] GC(40) Post Compact 0.634ms
[1.057s][info][gc,heap        ] GC(40) PSYoungGen: 11328K(43520K)->0K(45056K) Eden: 0K(13312K)->0K(13312K) From: 11328K(30208K)->0K(31744K)
[1.057s][info][gc,heap        ] GC(40) ParOldGen: 150596K(164352K)->161530K(200192K)
[1.057s][info][gc,metaspace   ] GC(40) Metaspace: 6302K(6528K)->6302K(6528K) NonClass: 5769K(5888K)->5769K(5888K) Class: 533K(640K)->533K(640K)
[1.057s][info][gc             ] GC(40) Pause Full (Ergonomics) 158M->157M(239M) 63.102ms
[1.057s][info][gc,cpu         ] GC(40) User=0.20s Sys=0.00s Real=0.06s
[1.071s][info][gc,start       ] GC(41) Pause Young (Allocation Failure)
[1.079s][info][gc,heap        ] GC(41) PSYoungGen: 13312K(45056K)->13408K(44032K) Eden: 13312K(13312K)->0K(15360K) From: 0K(31744K)->13408K(28672K)
[1.079s][info][gc,heap        ] GC(41) ParOldGen: 161530K(200192K)->161530K(200192K)
[1.079s][info][gc,metaspace   ] GC(41) Metaspace: 6302K(6528K)->6302K(6528K) NonClass: 5769K(5888K)->5769K(5888K) Class: 533K(640K)->533K(640K)
[1.079s][info][gc             ] GC(41) Pause Young (Allocation Failure) 170M->170M(238M) 8.420ms
[1.079s][info][gc,cpu         ] GC(41) User=0.02s Sys=0.00s Real=0.01s
[1.110s][info][gc,start       ] GC(42) Pause Young (Allocation Failure)
[1.128s][info][gc,heap        ] GC(42) PSYoungGen: 28768K(44032K)->28736K(45568K) Eden: 15360K(15360K)->0K(15360K) From: 13408K(28672K)->28736K(30208K)
[1.129s][info][gc,heap        ] GC(42) ParOldGen: 161530K(200192K)->161530K(200192K)
[1.129s][info][gc,metaspace   ] GC(42) Metaspace: 6302K(6528K)->6302K(6528K) NonClass: 5769K(5888K)->5769K(5888K) Class: 533K(640K)->533K(640K)
[1.129s][info][gc             ] GC(42) Pause Young (Allocation Failure) 185M->185M(240M) 18.530ms
[1.129s][info][gc,cpu         ] GC(42) User=0.00s Sys=0.00s Real=0.02s
[1.144s][info][gc,start       ] GC(43) Pause Young (Allocation Failure)
[1.168s][info][gc,heap        ] GC(43) PSYoungGen: 44096K(45568K)->33760K(41984K) Eden: 15360K(15360K)->0K(8192K) From: 28736K(30208K)->33760K(33792K)
[1.168s][info][gc,heap        ] GC(43) ParOldGen: 161530K(200192K)->171962K(200192K)
[1.168s][info][gc,metaspace   ] GC(43) Metaspace: 6302K(6528K)->6302K(6528K) NonClass: 5769K(5888K)->5769K(5888K) Class: 533K(640K)->533K(640K)
[1.168s][info][gc             ] GC(43) Pause Young (Allocation Failure) 200M->200M(236M) 23.897ms
[1.168s][info][gc,cpu         ] GC(43) User=0.02s Sys=0.00s Real=0.02s
[1.176s][info][gc,start       ] GC(44) Pause Young (Allocation Failure)
[1.198s][info][gc,heap        ] GC(44) PSYoungGen: 41952K(41984K)->19616K(28160K) Eden: 8192K(8192K)->0K(8192K) From: 33760K(33792K)->19616K(19968K)
[1.198s][info][gc,heap        ] GC(44) ParOldGen: 171962K(200192K)->194546K(200192K)
[1.198s][info][gc,metaspace   ] GC(44) Metaspace: 6302K(6528K)->6302K(6528K) NonClass: 5769K(5888K)->5769K(5888K) Class: 533K(640K)->533K(640K)
[1.198s][info][gc             ] GC(44) Pause Young (Allocation Failure) 208M->209M(223M) 22.128ms
[1.198s][info][gc,cpu         ] GC(44) User=0.00s Sys=0.00s Real=0.02s
[1.198s][info][gc,start       ] GC(45) Pause Full (Ergonomics)
[1.198s][info][gc,phases,start] GC(45) Marking Phase
[1.250s][info][gc,phases      ] GC(45) Marking Phase 52.078ms
[1.250s][info][gc,phases,start] GC(45) Summary Phase
[1.250s][info][gc,phases      ] GC(45) Summary Phase 0.017ms
[1.250s][info][gc,phases,start] GC(45) Adjust Roots
[1.250s][info][gc,phases      ] GC(45) Adjust Roots 0.148ms
[1.250s][info][gc,phases,start] GC(45) Compaction Phase
[1.291s][info][gc,phases      ] GC(45) Compaction Phase 40.676ms
[1.291s][info][gc,phases,start] GC(45) Post Compact
[1.292s][info][gc,phases      ] GC(45) Post Compact 0.958ms
[1.292s][info][gc,heap        ] GC(45) PSYoungGen: 19616K(28160K)->9825K(28160K) Eden: 0K(8192K)->0K(8192K) From: 19616K(19968K)->9825K(19968K)
[1.292s][info][gc,heap        ] GC(45) ParOldGen: 194546K(200192K)->199719K(244224K)
[1.292s][info][gc,metaspace   ] GC(45) Metaspace: 6302K(6528K)->6302K(6528K) NonClass: 5769K(5888K)->5769K(5888K) Class: 533K(640K)->533K(640K)
[1.292s][info][gc             ] GC(45) Pause Full (Ergonomics) 209M->204M(266M) 94.381ms
[1.292s][info][gc,cpu         ] GC(45) User=0.28s Sys=0.00s Real=0.09s
[1.302s][info][gc,start       ] GC(46) Pause Young (Allocation Failure)
[1.320s][info][gc,heap        ] GC(46) PSYoungGen: 18017K(28160K)->12864K(46592K) Eden: 8192K(8192K)->0K(9216K) From: 9825K(19968K)->12864K(37376K)
[1.320s][info][gc,heap        ] GC(46) ParOldGen: 199719K(244224K)->205079K(244224K)
[1.320s][info][gc,metaspace   ] GC(46) Metaspace: 6302K(6528K)->6302K(6528K) NonClass: 5769K(5888K)->5769K(5888K) Class: 533K(640K)->533K(640K)
[1.320s][info][gc             ] GC(46) Pause Young (Allocation Failure) 212M->212M(284M) 18.070ms
[1.320s][info][gc,cpu         ] GC(46) User=0.05s Sys=0.00s Real=0.02s
[1.330s][info][gc,start       ] GC(47) Pause Young (Allocation Failure)
[1.341s][info][gc,heap        ] GC(47) PSYoungGen: 22080K(46592K)->22080K(48640K) Eden: 9216K(9216K)->0K(9216K) From: 12864K(37376K)->22080K(39424K)
[1.341s][info][gc,heap        ] GC(47) ParOldGen: 205079K(244224K)->205079K(244224K)
[1.341s][info][gc,metaspace   ] GC(47) Metaspace: 6302K(6528K)->6302K(6528K) NonClass: 5769K(5888K)->5769K(5888K) Class: 533K(640K)->533K(640K)
[1.341s][info][gc             ] GC(47) Pause Young (Allocation Failure) 221M->221M(286M) 11.252ms
[1.341s][info][gc,cpu         ] GC(47) User=0.00s Sys=0.00s Real=0.01s
[1.351s][info][gc,start       ] GC(48) Pause Young (Allocation Failure)
[1.366s][info][gc,heap        ] GC(48) PSYoungGen: 31296K(48640K)->26656K(48640K) Eden: 9216K(9216K)->0K(9728K) From: 22080K(39424K)->26656K(38912K)
[1.366s][info][gc,heap        ] GC(48) ParOldGen: 205079K(244224K)->209727K(244224K)
[1.366s][info][gc,metaspace   ] GC(48) Metaspace: 6302K(6528K)->6302K(6528K) NonClass: 5769K(5888K)->5769K(5888K) Class: 533K(640K)->533K(640K)
[1.366s][info][gc             ] GC(48) Pause Young (Allocation Failure) 230M->230M(286M) 15.137ms
[1.366s][info][gc,cpu         ] GC(48) User=0.02s Sys=0.00s Real=0.02s
[1.377s][info][gc,start       ] GC(49) Pause Young (Allocation Failure)
[1.394s][info][gc,heap        ] GC(49) PSYoungGen: 36384K(48640K)->28224K(49664K) Eden: 9728K(9728K)->0K(9728K) From: 26656K(38912K)->28224K(39936K)
[1.394s][info][gc,heap        ] GC(49) ParOldGen: 209727K(244224K)->218047K(244224K)
[1.394s][info][gc,metaspace   ] GC(49) Metaspace: 6302K(6528K)->6302K(6528K) NonClass: 5769K(5888K)->5769K(5888K) Class: 533K(640K)->533K(640K)
[1.394s][info][gc             ] GC(49) Pause Young (Allocation Failure) 240M->240M(287M) 17.381ms
[1.394s][info][gc,cpu         ] GC(49) User=0.03s Sys=0.00s Real=0.02s
[1.405s][info][gc,start       ] GC(50) Pause Young (Allocation Failure)
[1.423s][info][gc,heap        ] GC(50) PSYoungGen: 37952K(49664K)->28704K(51712K) Eden: 9728K(9728K)->0K(10240K) From: 28224K(39936K)->28704K(41472K)
[1.423s][info][gc,heap        ] GC(50) ParOldGen: 218047K(244224K)->227391K(244224K)
[1.423s][info][gc,metaspace   ] GC(50) Metaspace: 6302K(6528K)->6302K(6528K) NonClass: 5769K(5888K)->5769K(5888K) Class: 533K(640K)->533K(640K)
[1.423s][info][gc             ] GC(50) Pause Young (Allocation Failure) 249M->250M(289M) 18.058ms
[1.423s][info][gc,cpu         ] GC(50) User=0.06s Sys=0.00s Real=0.02s
[1.423s][info][gc,start       ] GC(51) Pause Full (Ergonomics)
[1.423s][info][gc,phases,start] GC(51) Marking Phase
[1.482s][info][gc,phases      ] GC(51) Marking Phase 58.431ms
[1.482s][info][gc,phases,start] GC(51) Summary Phase
[1.482s][info][gc,phases      ] GC(51) Summary Phase 0.018ms
[1.482s][info][gc,phases,start] GC(51) Adjust Roots
[1.482s][info][gc,phases      ] GC(51) Adjust Roots 0.146ms
[1.482s][info][gc,phases,start] GC(51) Compaction Phase
[1.509s][info][gc,phases      ] GC(51) Compaction Phase 27.215ms
[1.509s][info][gc,phases,start] GC(51) Post Compact
[1.510s][info][gc,phases      ] GC(51) Post Compact 1.219ms
[1.511s][info][gc,heap        ] GC(51) PSYoungGen: 28704K(51712K)->11720K(51712K) Eden: 0K(10240K)->0K(10240K) From: 28704K(41472K)->11720K(41472K)
[1.511s][info][gc,heap        ] GC(51) ParOldGen: 227391K(244224K)->243755K(287232K)
[1.511s][info][gc,metaspace   ] GC(51) Metaspace: 6302K(6528K)->6302K(6528K) NonClass: 5769K(5888K)->5769K(5888K) Class: 533K(640K)->533K(640K)
[1.511s][info][gc             ] GC(51) Pause Full (Ergonomics) 250M->249M(331M) 87.510ms
[1.511s][info][gc,cpu         ] GC(51) User=0.25s Sys=0.00s Real=0.09s
[1.523s][info][gc,start       ] GC(52) Pause Young (Allocation Failure)
[1.545s][info][gc,heap        ] GC(52) PSYoungGen: 21960K(51712K)->14880K(52736K) Eden: 10240K(10240K)->0K(10240K) From: 11720K(41472K)->14880K(42496K)
[1.545s][info][gc,heap        ] GC(52) ParOldGen: 243755K(287232K)->251067K(287232K)
[1.545s][info][gc,metaspace   ] GC(52) Metaspace: 6302K(6528K)->6302K(6528K) NonClass: 5769K(5888K)->5769K(5888K) Class: 533K(640K)->533K(640K)
[1.545s][info][gc             ] GC(52) Pause Young (Allocation Failure) 259M->259M(332M) 21.954ms
[1.545s][info][gc,cpu         ] GC(52) User=0.11s Sys=0.00s Real=0.02s
[1.557s][info][gc,start       ] GC(53) Pause Young (Allocation Failure)
[1.571s][info][gc,heap        ] GC(53) PSYoungGen: 25120K(52736K)->20544K(49152K) Eden: 10240K(10240K)->0K(11776K) From: 14880K(42496K)->20544K(37376K)
[1.571s][info][gc,heap        ] GC(53) ParOldGen: 251067K(287232K)->255691K(287232K)
[1.571s][info][gc,metaspace   ] GC(53) Metaspace: 6302K(6528K)->6302K(6528K) NonClass: 5769K(5888K)->5769K(5888K) Class: 533K(640K)->533K(640K)
[1.571s][info][gc             ] GC(53) Pause Young (Allocation Failure) 269M->269M(328M) 14.057ms
[1.571s][info][gc,cpu         ] GC(53) User=0.00s Sys=0.00s Real=0.01s
[1.585s][info][gc,start       ] GC(54) Pause Young (Allocation Failure)
[1.602s][info][gc,heap        ] GC(54) PSYoungGen: 32320K(49152K)->22112K(51200K) Eden: 11776K(11776K)->0K(11776K) From: 20544K(37376K)->22112K(39424K)
[1.602s][info][gc,heap        ] GC(54) ParOldGen: 255691K(287232K)->266075K(287232K)
[1.602s][info][gc,metaspace   ] GC(54) Metaspace: 6302K(6528K)->6302K(6528K) NonClass: 5769K(5888K)->5769K(5888K) Class: 533K(640K)->533K(640K)
[1.602s][info][gc             ] GC(54) Pause Young (Allocation Failure) 281M->281M(330M) 17.150ms
[1.602s][info][gc,cpu         ] GC(54) User=0.05s Sys=0.02s Real=0.02s
[1.615s][info][gc,start       ] GC(55) Pause Young (Allocation Failure)
[1.632s][info][gc,heap        ] GC(55) PSYoungGen: 33888K(51200K)->23616K(50688K) Eden: 11776K(11776K)->0K(13824K) From: 22112K(39424K)->23616K(36864K)
[1.632s][info][gc,heap        ] GC(55) ParOldGen: 266075K(287232K)->276459K(287232K)
[1.632s][info][gc,metaspace   ] GC(55) Metaspace: 6302K(6528K)->6302K(6528K) NonClass: 5769K(5888K)->5769K(5888K) Class: 533K(640K)->533K(640K)
[1.632s][info][gc             ] GC(55) Pause Young (Allocation Failure) 292M->293M(330M) 17.117ms
[1.632s][info][gc,cpu         ] GC(55) User=0.03s Sys=0.00s Real=0.02s
[1.632s][info][gc,start       ] GC(56) Pause Full (Ergonomics)
[1.632s][info][gc,phases,start] GC(56) Marking Phase
[1.702s][info][gc,phases      ] GC(56) Marking Phase 69.918ms
[1.702s][info][gc,phases,start] GC(56) Summary Phase
[1.702s][info][gc,phases      ] GC(56) Summary Phase 0.018ms
[1.702s][info][gc,phases,start] GC(56) Adjust Roots
[1.703s][info][gc,phases      ] GC(56) Adjust Roots 0.147ms
[1.703s][info][gc,phases,start] GC(56) Compaction Phase
[1.735s][info][gc,phases      ] GC(56) Compaction Phase 32.654ms
[1.735s][info][gc,phases,start] GC(56) Post Compact
[1.737s][info][gc,phases      ] GC(56) Post Compact 1.327ms
[1.737s][info][gc,heap        ] GC(56) PSYoungGen: 23616K(50688K)->12242K(51200K) Eden: 0K(13824K)->0K(14336K) From: 23616K(36864K)->12242K(36864K)
[1.737s][info][gc,heap        ] GC(56) ParOldGen: 276459K(287232K)->287130K(331776K)
[1.737s][info][gc,metaspace   ] GC(56) Metaspace: 6302K(6528K)->6302K(6528K) NonClass: 5769K(5888K)->5769K(5888K) Class: 533K(640K)->533K(640K)
[1.737s][info][gc             ] GC(56) Pause Full (Ergonomics) 293M->292M(374M) 104.651ms
[1.737s][info][gc,cpu         ] GC(56) User=0.50s Sys=0.02s Real=0.10s
[1.755s][info][gc,start       ] GC(57) Pause Young (Allocation Failure)
[1.779s][info][gc,heap        ] GC(57) PSYoungGen: 26578K(51200K)->14432K(51712K) Eden: 14336K(14336K)->0K(14336K) From: 12242K(36864K)->14432K(37376K)
[1.779s][info][gc,heap        ] GC(57) ParOldGen: 287130K(331776K)->299570K(331776K)
[1.779s][info][gc,metaspace   ] GC(57) Metaspace: 6302K(6528K)->6302K(6528K) NonClass: 5769K(5888K)->5769K(5888K) Class: 533K(640K)->533K(640K)
[1.779s][info][gc             ] GC(57) Pause Young (Allocation Failure) 306M->306M(374M) 24.534ms
[1.779s][info][gc,cpu         ] GC(57) User=0.11s Sys=0.02s Real=0.02s
[1.796s][info][gc,start       ] GC(58) Pause Young (Allocation Failure)
[1.812s][info][gc,heap        ] GC(58) PSYoungGen: 28768K(51712K)->14496K(52224K) Eden: 14336K(14336K)->0K(16384K) From: 14432K(37376K)->14496K(35840K)
[1.813s][info][gc,heap        ] GC(58) ParOldGen: 299570K(331776K)->314114K(331776K)
[1.813s][info][gc,metaspace   ] GC(58) Metaspace: 6302K(6528K)->6302K(6528K) NonClass: 5769K(5888K)->5769K(5888K) Class: 533K(640K)->533K(640K)
[1.813s][info][gc             ] GC(58) Pause Young (Allocation Failure) 320M->320M(375M) 16.551ms
[1.813s][info][gc,cpu         ] GC(58) User=0.03s Sys=0.00s Real=0.02s
[1.813s][info][gc,start       ] GC(59) Pause Full (Ergonomics)
[1.813s][info][gc,phases,start] GC(59) Marking Phase
[1.883s][info][gc,phases      ] GC(59) Marking Phase 70.652ms
[1.883s][info][gc,phases,start] GC(59) Summary Phase
[1.883s][info][gc,phases      ] GC(59) Summary Phase 0.028ms
[1.883s][info][gc,phases,start] GC(59) Adjust Roots
[1.884s][info][gc,phases      ] GC(59) Adjust Roots 0.147ms
[1.884s][info][gc,phases,start] GC(59) Compaction Phase
[1.914s][info][gc,phases      ] GC(59) Compaction Phase 30.658ms
[1.914s][info][gc,phases,start] GC(59) Post Compact
[1.916s][info][gc,phases      ] GC(59) Post Compact 1.523ms
[1.916s][info][gc,heap        ] GC(59) PSYoungGen: 14496K(52224K)->0K(52736K) Eden: 0K(16384K)->0K(16384K) From: 14496K(35840K)->0K(36352K)
[1.916s][info][gc,heap        ] GC(59) ParOldGen: 314114K(331776K)->327982K(377856K)
[1.916s][info][gc,metaspace   ] GC(59) Metaspace: 6302K(6528K)->6302K(6528K) NonClass: 5769K(5888K)->5769K(5888K) Class: 533K(640K)->533K(640K)
[1.916s][info][gc             ] GC(59) Pause Full (Ergonomics) 320M->320M(420M) 103.509ms
[1.916s][info][gc,cpu         ] GC(59) User=0.59s Sys=0.02s Real=0.10s
[1.936s][info][gc,start       ] GC(60) Pause Young (Allocation Failure)
[1.946s][info][gc,heap        ] GC(60) PSYoungGen: 16384K(52736K)->16544K(52736K) Eden: 16384K(16384K)->0K(18432K) From: 0K(36352K)->16544K(34304K)
[1.946s][info][gc,heap        ] GC(60) ParOldGen: 327982K(377856K)->327982K(377856K)
[1.946s][info][gc,metaspace   ] GC(60) Metaspace: 6302K(6528K)->6302K(6528K) NonClass: 5769K(5888K)->5769K(5888K) Class: 533K(640K)->533K(640K)
[1.946s][info][gc             ] GC(60) Pause Young (Allocation Failure) 336M->336M(420M) 10.009ms
[1.946s][info][gc,cpu         ] GC(60) User=0.02s Sys=0.00s Real=0.01s
[2.030s][info][gc,start       ] GC(61) Pause Young (Allocation Failure)
[2.055s][info][gc,heap        ] GC(61) PSYoungGen: 34976K(52736K)->34912K(53760K) Eden: 18432K(18432K)->0K(18432K) From: 16544K(34304K)->34912K(35328K)
[2.055s][info][gc,heap        ] GC(61) ParOldGen: 344366K(377856K)->344366K(377856K)
[2.055s][info][gc,metaspace   ] GC(61) Metaspace: 6302K(6528K)->6302K(6528K) NonClass: 5769K(5888K)->5769K(5888K) Class: 533K(640K)->533K(640K)
[2.055s][info][gc             ] GC(61) Pause Young (Allocation Failure) 370M->370M(421M) 24.493ms
[2.055s][info][gc,cpu         ] GC(61) User=0.12s Sys=0.00s Real=0.02s
[2.073s][info][gc,start       ] GC(62) Pause Young (Allocation Failure)
[2.098s][info][gc,heap        ] GC(62) PSYoungGen: 53344K(53760K)->39424K(49664K) Eden: 18432K(18432K)->0K(10240K) From: 34912K(35328K)->39424K(39424K)
[2.099s][info][gc,heap        ] GC(62) ParOldGen: 344366K(377856K)->358382K(377856K)
[2.099s][info][gc,metaspace   ] GC(62) Metaspace: 6302K(6528K)->6302K(6528K) NonClass: 5769K(5888K)->5769K(5888K) Class: 533K(640K)->533K(640K)
[2.099s][info][gc             ] GC(62) Pause Young (Allocation Failure) 388M->388M(417M) 25.561ms
[2.099s][info][gc,cpu         ] GC(62) User=0.09s Sys=0.05s Real=0.03s
[2.099s][info][gc,start       ] GC(63) Pause Full (Ergonomics)
[2.099s][info][gc,phases,start] GC(63) Marking Phase
[2.178s][info][gc,phases      ] GC(63) Marking Phase 78.873ms
[2.178s][info][gc,phases,start] GC(63) Summary Phase
[2.178s][info][gc,phases      ] GC(63) Summary Phase 0.027ms
[2.178s][info][gc,phases,start] GC(63) Adjust Roots
[2.178s][info][gc,phases      ] GC(63) Adjust Roots 0.149ms
[2.178s][info][gc,phases,start] GC(63) Compaction Phase
[2.243s][info][gc,phases      ] GC(63) Compaction Phase 65.528ms
[2.243s][info][gc,phases,start] GC(63) Post Compact
[2.245s][info][gc,phases      ] GC(63) Post Compact 2.063ms
[2.246s][info][gc,heap        ] GC(63) PSYoungGen: 39424K(49664K)->11749K(49664K) Eden: 0K(10240K)->0K(10240K) From: 39424K(39424K)->11749K(39424K)
[2.246s][info][gc,heap        ] GC(63) ParOldGen: 358382K(377856K)->377578K(430592K)
[2.246s][info][gc,metaspace   ] GC(63) Metaspace: 6302K(6528K)->6302K(6528K) NonClass: 5769K(5888K)->5769K(5888K) Class: 533K(640K)->533K(640K)
[2.246s][info][gc             ] GC(63) Pause Full (Ergonomics) 388M->380M(469M) 147.454ms
[2.246s][info][gc,cpu         ] GC(63) User=0.75s Sys=0.05s Real=0.15s
[2.258s][info][gc,start       ] GC(64) Pause Young (Allocation Failure)
[2.284s][info][gc,heap        ] GC(64) PSYoungGen: 21989K(49664K)->15296K(59904K) Eden: 10240K(10240K)->0K(10240K) From: 11749K(39424K)->15296K(49664K)
[2.284s][info][gc,heap        ] GC(64) ParOldGen: 377578K(430592K)->384514K(430592K)
[2.284s][info][gc,metaspace   ] GC(64) Metaspace: 6302K(6528K)->6302K(6528K) NonClass: 5769K(5888K)->5769K(5888K) Class: 533K(640K)->533K(640K)
[2.284s][info][gc             ] GC(64) Pause Young (Allocation Failure) 390M->390M(479M) 26.037ms
[2.284s][info][gc,cpu         ] GC(64) User=0.14s Sys=0.00s Real=0.03s
[2.296s][info][gc,start       ] GC(65) Pause Young (Allocation Failure)
[2.309s][info][gc,heap        ] GC(65) PSYoungGen: 25536K(59904K)->25536K(57344K) Eden: 10240K(10240K)->0K(11776K) From: 15296K(49664K)->25536K(45568K)
[2.309s][info][gc,heap        ] GC(65) ParOldGen: 384514K(430592K)->384514K(430592K)
[2.309s][info][gc,metaspace   ] GC(65) Metaspace: 6302K(6528K)->6302K(6528K) NonClass: 5769K(5888K)->5769K(5888K) Class: 533K(640K)->533K(640K)
[2.309s][info][gc             ] GC(65) Pause Young (Allocation Failure) 400M->400M(476M) 12.833ms
[2.309s][info][gc,cpu         ] GC(65) User=0.02s Sys=0.00s Real=0.01s
[2.321s][info][gc,start       ] GC(66) Pause Young (Allocation Failure)
[2.339s][info][gc,heap        ] GC(66) PSYoungGen: 37312K(57344K)->37312K(58880K) Eden: 11776K(11776K)->0K(11776K) From: 25536K(45568K)->37312K(47104K)
[2.339s][info][gc,heap        ] GC(66) ParOldGen: 384514K(430592K)->384514K(430592K)
[2.339s][info][gc,metaspace   ] GC(66) Metaspace: 6302K(6528K)->6302K(6528K) NonClass: 5769K(5888K)->5769K(5888K) Class: 533K(640K)->533K(640K)
[2.339s][info][gc             ] GC(66) Pause Young (Allocation Failure) 411M->411M(478M) 17.983ms
[2.339s][info][gc,cpu         ] GC(66) User=0.12s Sys=0.00s Real=0.02s
[2.351s][info][gc,start       ] GC(67) Pause Young (Allocation Failure)
[2.374s][info][gc,heap        ] GC(67) PSYoungGen: 49088K(58880K)->49120K(56320K) Eden: 11776K(11776K)->0K(6656K) From: 37312K(47104K)->49120K(49664K)
[2.374s][info][gc,heap        ] GC(67) ParOldGen: 384514K(430592K)->384514K(430592K)
[2.374s][info][gc,metaspace   ] GC(67) Metaspace: 6302K(6528K)->6302K(6528K) NonClass: 5769K(5888K)->5769K(5888K) Class: 533K(640K)->533K(640K)
[2.374s][info][gc             ] GC(67) Pause Young (Allocation Failure) 423M->423M(475M) 23.156ms
[2.374s][info][gc,cpu         ] GC(67) User=0.12s Sys=0.00s Real=0.02s
[2.381s][info][gc,start       ] GC(68) Pause Young (Allocation Failure)
[2.405s][info][gc,heap        ] GC(68) PSYoungGen: 55776K(56320K)->50752K(62976K) Eden: 6656K(6656K)->0K(6656K) From: 49120K(49664K)->50752K(56320K)
[2.405s][info][gc,heap        ] GC(68) ParOldGen: 384514K(430592K)->389546K(430592K)
[2.405s][info][gc,metaspace   ] GC(68) Metaspace: 6302K(6528K)->6302K(6528K) NonClass: 5769K(5888K)->5769K(5888K) Class: 533K(640K)->533K(640K)
[2.405s][info][gc             ] GC(68) Pause Young (Allocation Failure) 429M->429M(482M) 24.596ms
[2.405s][info][gc,cpu         ] GC(68) User=0.12s Sys=0.00s Real=0.02s
[2.412s][info][gc,start       ] GC(69) Pause Young (Allocation Failure)
[2.438s][info][gc,heap        ] GC(69) PSYoungGen: 57408K(62976K)->36992K(68608K) Eden: 6656K(6656K)->0K(7680K) From: 50752K(56320K)->36992K(60928K)
[2.438s][info][gc,heap        ] GC(69) ParOldGen: 389546K(430592K)->410274K(430592K)
[2.439s][info][gc,metaspace   ] GC(69) Metaspace: 6302K(6528K)->6302K(6528K) NonClass: 5769K(5888K)->5769K(5888K) Class: 533K(640K)->533K(640K)
[2.439s][info][gc             ] GC(69) Pause Young (Allocation Failure) 436M->436M(487M) 26.326ms
[2.439s][info][gc,cpu         ] GC(69) User=0.14s Sys=0.00s Real=0.03s
[2.447s][info][gc,start       ] GC(70) Pause Young (Allocation Failure)
[2.468s][info][gc,heap        ] GC(70) PSYoungGen: 44672K(68608K)->21120K(69120K) Eden: 7680K(7680K)->0K(7680K) From: 36992K(60928K)->21120K(61440K)
[2.468s][info][gc,heap        ] GC(70) ParOldGen: 410274K(430592K)->434106K(434176K)
[2.468s][info][gc,metaspace   ] GC(70) Metaspace: 6302K(6528K)->6302K(6528K) NonClass: 5769K(5888K)->5769K(5888K) Class: 533K(640K)->533K(640K)
[2.468s][info][gc             ] GC(70) Pause Young (Allocation Failure) 444M->444M(491M) 21.507ms
[2.468s][info][gc,cpu         ] GC(70) User=0.11s Sys=0.02s Real=0.02s
[2.468s][info][gc,start       ] GC(71) Pause Full (Ergonomics)
[2.468s][info][gc,phases,start] GC(71) Marking Phase
[2.568s][info][gc,phases      ] GC(71) Marking Phase 100.066ms
[2.568s][info][gc,phases,start] GC(71) Summary Phase
[2.568s][info][gc,phases      ] GC(71) Summary Phase 0.020ms
[2.568s][info][gc,phases,start] GC(71) Adjust Roots
[2.569s][info][gc,phases      ] GC(71) Adjust Roots 0.148ms
[2.569s][info][gc,phases,start] GC(71) Compaction Phase
[2.617s][info][gc,phases      ] GC(71) Compaction Phase 48.259ms
[2.617s][info][gc,phases,start] GC(71) Post Compact
[2.619s][info][gc,phases      ] GC(71) Post Compact 2.322ms
[2.620s][info][gc,heap        ] GC(71) PSYoungGen: 21120K(69120K)->20391K(69120K) Eden: 0K(7680K)->0K(7680K) From: 21120K(61440K)->20391K(61440K)
[2.620s][info][gc,heap        ] GC(71) ParOldGen: 434106K(434176K)->433746K(495616K)
[2.620s][info][gc,metaspace   ] GC(71) Metaspace: 6302K(6528K)->6302K(6528K) NonClass: 5769K(5888K)->5769K(5888K) Class: 533K(640K)->533K(640K)
[2.620s][info][gc             ] GC(71) Pause Full (Ergonomics) 444M->443M(551M) 151.410ms
[2.620s][info][gc,cpu         ] GC(71) User=1.00s Sys=0.02s Real=0.15s
[2.628s][info][gc,start       ] GC(72) Pause Young (Allocation Failure)
[2.658s][info][gc,heap        ] GC(72) PSYoungGen: 28071K(69120K)->15328K(68096K) Eden: 7680K(7680K)->0K(9216K) From: 20391K(61440K)->15328K(58880K)
[2.658s][info][gc,heap        ] GC(72) ParOldGen: 433746K(495616K)->446850K(495616K)
[2.658s][info][gc,metaspace   ] GC(72) Metaspace: 6302K(6528K)->6302K(6528K) NonClass: 5769K(5888K)->5769K(5888K) Class: 533K(640K)->533K(640K)
[2.658s][info][gc             ] GC(72) Pause Young (Allocation Failure) 450M->451M(550M) 29.932ms
[2.658s][info][gc,cpu         ] GC(72) User=0.14s Sys=0.00s Real=0.03s
[2.668s][info][gc,start       ] GC(73) Pause Young (Allocation Failure)
[2.682s][info][gc,heap        ] GC(73) PSYoungGen: 24544K(68096K)->9376K(68608K) Eden: 9216K(9216K)->0K(9216K) From: 15328K(58880K)->9376K(59392K)
[2.682s][info][gc,heap        ] GC(73) ParOldGen: 446850K(495616K)->462250K(495616K)
[2.682s][info][gc,metaspace   ] GC(73) Metaspace: 6302K(6528K)->6302K(6528K) NonClass: 5769K(5888K)->5769K(5888K) Class: 533K(640K)->533K(640K)
[2.682s][info][gc             ] GC(73) Pause Young (Allocation Failure) 460M->460M(551M) 13.827ms
[2.682s][info][gc,cpu         ] GC(73) User=0.02s Sys=0.00s Real=0.01s
[2.693s][info][gc,start       ] GC(74) Pause Young (Allocation Failure)
[2.703s][info][gc,heap        ] GC(74) PSYoungGen: 18592K(68608K)->9344K(69120K) Eden: 9216K(9216K)->0K(10752K) From: 9376K(59392K)->9344K(58368K)
[2.703s][info][gc,heap        ] GC(74) ParOldGen: 462250K(495616K)->471602K(495616K)
[2.703s][info][gc,metaspace   ] GC(74) Metaspace: 6302K(6528K)->6302K(6528K) NonClass: 5769K(5888K)->5769K(5888K) Class: 533K(640K)->533K(640K)
[2.703s][info][gc             ] GC(74) Pause Young (Allocation Failure) 469M->469M(551M) 10.613ms
[2.703s][info][gc,cpu         ] GC(74) User=0.00s Sys=0.02s Real=0.01s
[2.703s][info][gc,start       ] GC(75) Pause Full (Ergonomics)
[2.703s][info][gc,phases,start] GC(75) Marking Phase
[2.812s][info][gc,phases      ] GC(75) Marking Phase 108.805ms
[2.812s][info][gc,phases,start] GC(75) Summary Phase
[2.812s][info][gc,phases      ] GC(75) Summary Phase 0.023ms
[2.812s][info][gc,phases,start] GC(75) Adjust Roots
[2.812s][info][gc,phases      ] GC(75) Adjust Roots 0.156ms
[2.812s][info][gc,phases,start] GC(75) Compaction Phase
[2.855s][info][gc,phases      ] GC(75) Compaction Phase 42.732ms
[2.855s][info][gc,phases,start] GC(75) Post Compact
[2.858s][info][gc,phases      ] GC(75) Post Compact 2.465ms
[2.858s][info][gc,heap        ] GC(75) PSYoungGen: 9344K(69120K)->0K(69632K) Eden: 0K(10752K)->0K(10752K) From: 9344K(58368K)->0K(58880K)
[2.858s][info][gc,heap        ] GC(75) ParOldGen: 471602K(495616K)->480162K(545280K)
[2.858s][info][gc,metaspace   ] GC(75) Metaspace: 6302K(6528K)->6302K(6528K) NonClass: 5769K(5888K)->5769K(5888K) Class: 533K(640K)->533K(640K)
[2.858s][info][gc             ] GC(75) Pause Full (Ergonomics) 469M->468M(600M) 154.778ms
[2.858s][info][gc,cpu         ] GC(75) User=0.95s Sys=0.00s Real=0.15s
[2.870s][info][gc,start       ] GC(76) Pause Young (Allocation Failure)
[2.879s][info][gc,heap        ] GC(76) PSYoungGen: 10752K(69632K)->10880K(69120K) Eden: 10752K(10752K)->0K(12288K) From: 0K(58880K)->10880K(56832K)
[2.879s][info][gc,heap        ] GC(76) ParOldGen: 480162K(545280K)->480162K(545280K)
[2.879s][info][gc,metaspace   ] GC(76) Metaspace: 6302K(6528K)->6302K(6528K) NonClass: 5769K(5888K)->5769K(5888K) Class: 533K(640K)->533K(640K)
[2.879s][info][gc             ] GC(76) Pause Young (Allocation Failure) 479M->479M(600M) 8.844ms
[2.879s][info][gc,cpu         ] GC(76) User=0.02s Sys=0.00s Real=0.01s
[2.892s][info][gc,start       ] GC(77) Pause Young (Allocation Failure)
[2.905s][info][gc,heap        ] GC(77) PSYoungGen: 23168K(69120K)->23168K(35840K) Eden: 12288K(12288K)->0K(12288K) From: 10880K(56832K)->23168K(23552K)
[2.905s][info][gc,heap        ] GC(77) ParOldGen: 480162K(545280K)->480162K(545280K)
[2.905s][info][gc,metaspace   ] GC(77) Metaspace: 6302K(6528K)->6302K(6528K) NonClass: 5769K(5888K)->5769K(5888K) Class: 533K(640K)->533K(640K)
[2.905s][info][gc             ] GC(77) Pause Young (Allocation Failure) 491M->491M(567M) 13.140ms
[2.905s][info][gc,cpu         ] GC(77) User=0.00s Sys=0.00s Real=0.01s
[2.919s][info][gc,start       ] GC(78) Pause Young (Allocation Failure)
[2.937s][info][gc,heap        ] GC(78) PSYoungGen: 35456K(35840K)->35424K(66560K) Eden: 12288K(12288K)->0K(12288K) From: 23168K(23552K)->35424K(54272K)
[2.937s][info][gc,heap        ] GC(78) ParOldGen: 480162K(545280K)->480162K(545280K)
[2.937s][info][gc,metaspace   ] GC(78) Metaspace: 6302K(6528K)->6302K(6528K) NonClass: 5769K(5888K)->5769K(5888K) Class: 533K(640K)->533K(640K)
[2.937s][info][gc             ] GC(78) Pause Young (Allocation Failure) 503M->503M(597M) 17.506ms
[2.937s][info][gc,cpu         ] GC(78) User=0.12s Sys=0.00s Real=0.02s
[2.950s][info][gc,start       ] GC(79) Pause Young (Allocation Failure)
[2.973s][info][gc,heap        ] GC(79) PSYoungGen: 47712K(66560K)->47648K(68096K) Eden: 12288K(12288K)->0K(12288K) From: 35424K(54272K)->47648K(55808K)
[2.973s][info][gc,heap        ] GC(79) ParOldGen: 480162K(545280K)->480162K(545280K)
[2.973s][info][gc,metaspace   ] GC(79) Metaspace: 6302K(6528K)->6302K(6528K) NonClass: 5769K(5888K)->5769K(5888K) Class: 533K(640K)->533K(640K)
[2.973s][info][gc             ] GC(79) Pause Young (Allocation Failure) 515M->515M(599M) 22.867ms
[2.973s][info][gc,cpu         ] GC(79) User=0.14s Sys=0.00s Real=0.02s
[2.987s][info][gc,start       ] GC(80) Pause Young (Allocation Failure)
[3.016s][info][gc,heap        ] GC(80) PSYoungGen: 59936K(68096K)->49280K(70144K) Eden: 12288K(12288K)->0K(8704K) From: 47648K(55808K)->49280K(61440K)
[3.016s][info][gc,heap        ] GC(80) ParOldGen: 480162K(545280K)->491066K(545280K)
[3.016s][info][gc,metaspace   ] GC(80) Metaspace: 6302K(6528K)->6302K(6528K) NonClass: 5769K(5888K)->5769K(5888K) Class: 533K(640K)->533K(640K)
[3.016s][info][gc             ] GC(80) Pause Young (Allocation Failure) 527M->527M(601M) 29.111ms
[3.016s][info][gc,cpu         ] GC(80) User=0.12s Sys=0.00s Real=0.03s
[3.025s][info][gc,start       ] GC(81) Pause Young (Allocation Failure)
[3.052s][info][gc,heap        ] GC(81) PSYoungGen: 57984K(70144K)->45632K(75264K) Eden: 8704K(8704K)->0K(8704K) From: 49280K(61440K)->45632K(66560K)
[3.052s][info][gc,heap        ] GC(81) ParOldGen: 491066K(545280K)->503530K(545280K)
[3.052s][info][gc,metaspace   ] GC(81) Metaspace: 6302K(6528K)->6302K(6528K) NonClass: 5769K(5888K)->5769K(5888K) Class: 533K(640K)->533K(640K)
[3.052s][info][gc             ] GC(81) Pause Young (Allocation Failure) 536M->536M(606M) 26.755ms
[3.052s][info][gc,cpu         ] GC(81) User=0.14s Sys=0.00s Real=0.03s
[3.062s][info][gc,start       ] GC(82) Pause Young (Allocation Failure)
[3.088s][info][gc,heap        ] GC(82) PSYoungGen: 54336K(75264K)->29760K(71680K) Eden: 8704K(8704K)->0K(10240K) From: 45632K(66560K)->29760K(61440K)
[3.088s][info][gc,heap        ] GC(82) ParOldGen: 503530K(545280K)->528394K(545280K)
[3.088s][info][gc,metaspace   ] GC(82) Metaspace: 6302K(6528K)->6302K(6528K) NonClass: 5769K(5888K)->5769K(5888K) Class: 533K(640K)->533K(640K)
[3.088s][info][gc             ] GC(82) Pause Young (Allocation Failure) 544M->545M(602M) 26.170ms
[3.088s][info][gc,cpu         ] GC(82) User=0.12s Sys=0.00s Real=0.03s
[3.088s][info][gc,start       ] GC(83) Pause Full (Ergonomics)
[3.088s][info][gc,phases,start] GC(83) Marking Phase
[3.212s][info][gc,phases      ] GC(83) Marking Phase 123.785ms
[3.212s][info][gc,phases,start] GC(83) Summary Phase
[3.212s][info][gc,phases      ] GC(83) Summary Phase 0.020ms
[3.212s][info][gc,phases,start] GC(83) Adjust Roots
[3.212s][info][gc,phases      ] GC(83) Adjust Roots 0.160ms
[3.212s][info][gc,phases,start] GC(83) Compaction Phase
[3.264s][info][gc,phases      ] GC(83) Compaction Phase 51.921ms
[3.264s][info][gc,phases,start] GC(83) Post Compact
[3.265s][info][gc,phases      ] GC(83) Post Compact 0.887ms
[3.265s][info][gc,heap        ] GC(83) PSYoungGen: 29760K(71680K)->12224K(73216K) Eden: 0K(10240K)->0K(11776K) From: 29760K(61440K)->12224K(61440K)
[3.265s][info][gc,heap        ] GC(83) ParOldGen: 528394K(545280K)->545026K(616448K)
[3.265s][info][gc,metaspace   ] GC(83) Metaspace: 6302K(6528K)->6302K(6528K) NonClass: 5769K(5888K)->5769K(5888K) Class: 533K(640K)->533K(640K)
[3.265s][info][gc             ] GC(83) Pause Full (Ergonomics) 545M->544M(673M) 177.278ms
[3.265s][info][gc,cpu         ] GC(83) User=1.14s Sys=0.02s Real=0.18s
[3.279s][info][gc,start       ] GC(84) Pause Young (Allocation Failure)
[3.313s][info][gc,heap        ] GC(84) PSYoungGen: 24000K(73216K)->15584K(76800K) Eden: 11776K(11776K)->0K(11776K) From: 12224K(61440K)->15584K(65024K)
[3.313s][info][gc,heap        ] GC(84) ParOldGen: 545026K(616448K)->553730K(616448K)
[3.313s][info][gc,metaspace   ] GC(84) Metaspace: 6302K(6528K)->6302K(6528K) NonClass: 5769K(5888K)->5769K(5888K) Class: 533K(640K)->533K(640K)
[3.313s][info][gc             ] GC(84) Pause Young (Allocation Failure) 555M->555M(677M) 34.594ms
[3.313s][info][gc,cpu         ] GC(84) User=0.12s Sys=0.00s Real=0.03s
[3.328s][info][gc,start       ] GC(85) Pause Young (Allocation Failure)
[3.343s][info][gc,heap        ] GC(85) PSYoungGen: 27360K(76800K)->23680K(72192K) Eden: 11776K(11776K)->0K(13312K) From: 15584K(65024K)->23680K(58880K)
[3.343s][info][gc,heap        ] GC(85) ParOldGen: 553730K(616448K)->557482K(616448K)
[3.343s][info][gc,metaspace   ] GC(85) Metaspace: 6302K(6528K)->6302K(6528K) NonClass: 5769K(5888K)->5769K(5888K) Class: 533K(640K)->533K(640K)
[3.343s][info][gc             ] GC(85) Pause Young (Allocation Failure) 567M->567M(672M) 15.384ms
[3.343s][info][gc,cpu         ] GC(85) User=0.00s Sys=0.00s Real=0.02s
[3.358s][info][gc,start       ] GC(86) Pause Young (Allocation Failure)
[3.377s][info][gc,heap        ] GC(86) PSYoungGen: 36992K(72192K)->25216K(38912K) Eden: 13312K(13312K)->0K(13312K) From: 23680K(58880K)->25216K(25600K)
[3.377s][info][gc,heap        ] GC(86) ParOldGen: 557482K(616448K)->569418K(616448K)
[3.377s][info][gc,metaspace   ] GC(86) Metaspace: 6302K(6528K)->6302K(6528K) NonClass: 5769K(5888K)->5769K(5888K) Class: 533K(640K)->533K(640K)
[3.377s][info][gc             ] GC(86) Pause Young (Allocation Failure) 580M->580M(640M) 19.620ms
[3.377s][info][gc,cpu         ] GC(86) User=0.25s Sys=0.00s Real=0.02s
[3.393s][info][gc,start       ] GC(87) Pause Young (Allocation Failure)
[3.413s][info][gc,heap        ] GC(87) PSYoungGen: 38528K(38912K)->26752K(69120K) Eden: 13312K(13312K)->0K(15360K) From: 25216K(25600K)->26752K(53760K)
[3.413s][info][gc,heap        ] GC(87) ParOldGen: 569418K(616448K)->581370K(616448K)
[3.413s][info][gc,metaspace   ] GC(87) Metaspace: 6302K(6528K)->6302K(6528K) NonClass: 5769K(5888K)->5769K(5888K) Class: 533K(640K)->533K(640K)
[3.413s][info][gc             ] GC(87) Pause Young (Allocation Failure) 593M->593M(669M) 20.218ms
[3.413s][info][gc,cpu         ] GC(87) User=0.12s Sys=0.00s Real=0.02s
[3.431s][info][gc,start       ] GC(88) Pause Young (Allocation Failure)
[3.454s][info][gc,heap        ] GC(88) PSYoungGen: 42112K(69120K)->28800K(44544K) Eden: 15360K(15360K)->0K(15360K) From: 26752K(53760K)->28800K(29184K)
[3.454s][info][gc,heap        ] GC(88) ParOldGen: 581370K(616448K)->594866K(616448K)
[3.454s][info][gc,metaspace   ] GC(88) Metaspace: 6302K(6528K)->6302K(6528K) NonClass: 5769K(5888K)->5769K(5888K) Class: 533K(640K)->533K(640K)
[3.454s][info][gc             ] GC(88) Pause Young (Allocation Failure) 608M->609M(645M) 23.715ms
[3.454s][info][gc,cpu         ] GC(88) User=0.09s Sys=0.02s Real=0.02s
[3.454s][info][gc,start       ] GC(89) Pause Full (Ergonomics)
[3.454s][info][gc,phases,start] GC(89) Marking Phase
[3.590s][info][gc,phases      ] GC(89) Marking Phase 135.638ms
[3.590s][info][gc,phases,start] GC(89) Summary Phase
[3.590s][info][gc,phases      ] GC(89) Summary Phase 0.022ms
[3.590s][info][gc,phases,start] GC(89) Adjust Roots
[3.590s][info][gc,phases      ] GC(89) Adjust Roots 0.152ms
[3.590s][info][gc,phases,start] GC(89) Compaction Phase
[3.647s][info][gc,phases      ] GC(89) Compaction Phase 56.239ms
[3.647s][info][gc,phases,start] GC(89) Post Compact
[3.648s][info][gc,phases      ] GC(89) Post Compact 1.184ms
[3.648s][info][gc,heap        ] GC(89) PSYoungGen: 28800K(44544K)->6644K(44544K) Eden: 0K(15360K)->0K(15360K) From: 28800K(29184K)->6644K(29184K)
[3.648s][info][gc,heap        ] GC(89) ParOldGen: 594866K(616448K)->615984K(689152K)
[3.648s][info][gc,metaspace   ] GC(89) Metaspace: 6302K(6528K)->6302K(6528K) NonClass: 5769K(5888K)->5769K(5888K) Class: 533K(640K)->533K(640K)
[3.648s][info][gc             ] GC(89) Pause Full (Ergonomics) 609M->608M(716M) 193.840ms
[3.648s][info][gc,cpu         ] GC(89) User=1.33s Sys=0.02s Real=0.19s
[3.668s][info][gc,start       ] GC(90) Pause Young (Allocation Failure)
[3.706s][info][gc,heap        ] GC(90) PSYoungGen: 22004K(44544K)->15488K(69120K) Eden: 15360K(15360K)->0K(16896K) From: 6644K(29184K)->15488K(52224K)
[3.706s][info][gc,heap        ] GC(90) ParOldGen: 615984K(689152K)->622752K(689152K)
[3.706s][info][gc,metaspace   ] GC(90) Metaspace: 6302K(6528K)->6302K(6528K) NonClass: 5769K(5888K)->5769K(5888K) Class: 533K(640K)->533K(640K)
[3.706s][info][gc             ] GC(90) Pause Young (Allocation Failure) 623M->623M(740M) 37.719ms
[3.706s][info][gc,cpu         ] GC(90) User=0.14s Sys=0.00s Real=0.04s
[3.726s][info][gc,start       ] GC(91) Pause Young (Allocation Failure)
[3.745s][info][gc,heap        ] GC(91) PSYoungGen: 32384K(69120K)->32384K(70144K) Eden: 16896K(16896K)->0K(16896K) From: 15488K(52224K)->32384K(53248K)
[3.745s][info][gc,heap        ] GC(91) ParOldGen: 622752K(689152K)->622752K(689152K)
[3.745s][info][gc,metaspace   ] GC(91) Metaspace: 6302K(6528K)->6302K(6528K) NonClass: 5769K(5888K)->5769K(5888K) Class: 533K(640K)->533K(640K)
[3.745s][info][gc             ] GC(91) Pause Young (Allocation Failure) 639M->639M(741M) 18.974ms
[3.745s][info][gc,cpu         ] GC(91) User=0.12s Sys=0.00s Real=0.02s
[3.765s][info][gc,start       ] GC(92) Pause Young (Allocation Failure)
[3.791s][info][gc,heap        ] GC(92) PSYoungGen: 49280K(70144K)->33888K(71680K) Eden: 16896K(16896K)->0K(18944K) From: 32384K(53248K)->33888K(52736K)
[3.791s][info][gc,heap        ] GC(92) ParOldGen: 622752K(689152K)->638320K(689152K)
[3.791s][info][gc,metaspace   ] GC(92) Metaspace: 6302K(6528K)->6302K(6528K) NonClass: 5769K(5888K)->5769K(5888K) Class: 533K(640K)->533K(640K)
[3.791s][info][gc             ] GC(92) Pause Young (Allocation Failure) 656M->656M(743M) 25.735ms
[3.791s][info][gc,cpu         ] GC(92) User=0.11s Sys=0.00s Real=0.03s
[3.814s][info][gc,start       ] GC(93) Pause Young (Allocation Failure)
[3.841s][info][gc,heap        ] GC(93) PSYoungGen: 52832K(71680K)->35968K(71680K) Eden: 18944K(18944K)->0K(18944K) From: 33888K(52736K)->35968K(52736K)
[3.841s][info][gc,heap        ] GC(93) ParOldGen: 638320K(689152K)->655456K(689152K)
[3.841s][info][gc,metaspace   ] GC(93) Metaspace: 6302K(6528K)->6302K(6528K) NonClass: 5769K(5888K)->5769K(5888K) Class: 533K(640K)->533K(640K)
[3.841s][info][gc             ] GC(93) Pause Young (Allocation Failure) 674M->675M(743M) 26.940ms
[3.841s][info][gc,cpu         ] GC(93) User=0.12s Sys=0.00s Real=0.03s
[3.977s][info][gc,start       ] GC(94) Pause Full (Ergonomics)
[3.977s][info][gc,phases,start] GC(94) Marking Phase
[4.129s][info][gc,phases      ] GC(94) Marking Phase 152.027ms
[4.129s][info][gc,phases,start] GC(94) Summary Phase
[4.129s][info][gc,phases      ] GC(94) Summary Phase 0.024ms
[4.129s][info][gc,phases,start] GC(94) Adjust Roots
[4.129s][info][gc,phases      ] GC(94) Adjust Roots 0.163ms
[4.129s][info][gc,phases,start] GC(94) Compaction Phase
[4.251s][info][gc,phases      ] GC(94) Compaction Phase 122.302ms
[4.252s][info][gc,phases,start] GC(94) Post Compact
[4.253s][info][gc,phases      ] GC(94) Post Compact 1.494ms
[4.253s][info][gc,heap        ] GC(94) PSYoungGen: 54912K(71680K)->36792K(71680K) Eden: 18944K(18944K)->18907K(18944K) From: 35968K(52736K)->17885K(52736K)
[4.253s][info][gc,heap        ] GC(94) ParOldGen: 688224K(689152K)->689097K(768512K)
[4.253s][info][gc,metaspace   ] GC(94) Metaspace: 6302K(6528K)->6302K(6528K) NonClass: 5769K(5888K)->5769K(5888K) Class: 533K(640K)->533K(640K)
[4.253s][info][gc             ] GC(94) Pause Full (Ergonomics) 725M->708M(820M) 276.648ms
[4.253s][info][gc,cpu         ] GC(94) User=1.78s Sys=0.00s Real=0.28s
[4.254s][info][gc,start       ] GC(95) Pause Young (Allocation Failure)
[4.296s][info][gc,heap        ] GC(95) PSYoungGen: 36829K(71680K)->20128K(72192K) Eden: 18944K(18944K)->0K(20992K) From: 17885K(52736K)->20128K(51200K)
[4.296s][info][gc,heap        ] GC(95) ParOldGen: 689097K(768512K)->706209K(768512K)
[4.296s][info][gc,metaspace   ] GC(95) Metaspace: 6302K(6528K)->6302K(6528K) NonClass: 5769K(5888K)->5769K(5888K) Class: 533K(640K)->533K(640K)
[4.296s][info][gc             ] GC(95) Pause Young (Allocation Failure) 708M->709M(821M) 42.769ms
[4.296s][info][gc,cpu         ] GC(95) User=0.20s Sys=0.05s Real=0.04s
[4.319s][info][gc,start       ] GC(96) Pause Young (Allocation Failure)
[4.341s][info][gc,heap        ] GC(96) PSYoungGen: 41120K(72192K)->41184K(73216K) Eden: 20992K(20992K)->0K(20992K) From: 20128K(51200K)->41184K(52224K)
[4.342s][info][gc,heap        ] GC(96) ParOldGen: 706209K(768512K)->706209K(768512K)
[4.342s][info][gc,metaspace   ] GC(96) Metaspace: 6302K(6528K)->6302K(6528K) NonClass: 5769K(5888K)->5769K(5888K) Class: 533K(640K)->533K(640K)
[4.342s][info][gc             ] GC(96) Pause Young (Allocation Failure) 729M->729M(822M) 22.469ms
[4.342s][info][gc,cpu         ] GC(96) User=0.03s Sys=0.00s Real=0.02s
[4.363s][info][gc,start       ] GC(97) Pause Young (Allocation Failure)
[4.393s][info][gc,heap        ] GC(97) PSYoungGen: 62176K(73216K)->54784K(68608K) Eden: 20992K(20992K)->0K(13824K) From: 41184K(52224K)->54784K(54784K)
[4.393s][info][gc,heap        ] GC(97) ParOldGen: 706209K(768512K)->713529K(768512K)
[4.393s][info][gc,metaspace   ] GC(97) Metaspace: 6302K(6528K)->6302K(6528K) NonClass: 5769K(5888K)->5769K(5888K) Class: 533K(640K)->533K(640K)
[4.393s][info][gc             ] GC(97) Pause Young (Allocation Failure) 750M->750M(817M) 29.684ms
[4.393s][info][gc,cpu         ] GC(97) User=0.14s Sys=0.00s Real=0.03s
[4.408s][info][gc,start       ] GC(98) Pause Young (Allocation Failure)
[4.440s][info][gc,heap        ] GC(98) PSYoungGen: 68608K(68608K)->51168K(78336K) Eden: 13824K(13824K)->0K(13824K) From: 54784K(54784K)->51168K(64512K)
[4.440s][info][gc,heap        ] GC(98) ParOldGen: 713529K(768512K)->731337K(768512K)
[4.440s][info][gc,metaspace   ] GC(98) Metaspace: 6302K(6528K)->6302K(6528K) NonClass: 5769K(5888K)->5769K(5888K) Class: 533K(640K)->533K(640K)
[4.440s][info][gc             ] GC(98) Pause Young (Allocation Failure) 763M->764M(827M) 32.153ms
[4.440s][info][gc,cpu         ] GC(98) User=0.14s Sys=0.00s Real=0.03s
[4.454s][info][gc,start       ] GC(99) Pause Young (Allocation Failure)
[4.485s][info][gc,heap        ] GC(99) PSYoungGen: 64992K(78336K)->47104K(82944K) Eden: 13824K(13824K)->0K(14848K) From: 51168K(64512K)->47104K(68096K)
[4.485s][info][gc,heap        ] GC(99) ParOldGen: 731337K(768512K)->749449K(768512K)
[4.485s][info][gc,metaspace   ] GC(99) Metaspace: 6302K(6528K)->6302K(6528K) NonClass: 5769K(5888K)->5769K(5888K) Class: 533K(640K)->533K(640K)
[4.485s][info][gc             ] GC(99) Pause Young (Allocation Failure) 777M->777M(831M) 30.572ms
[4.485s][info][gc,cpu         ] GC(99) User=0.14s Sys=0.00s Real=0.03s
[4.485s][info][gc,start       ] GC(100) Pause Full (Ergonomics)
[4.485s][info][gc,phases,start] GC(100) Marking Phase
[4.657s][info][gc,phases      ] GC(100) Marking Phase 171.844ms
[4.657s][info][gc,phases,start] GC(100) Summary Phase
[4.657s][info][gc,phases      ] GC(100) Summary Phase 0.023ms
[4.657s][info][gc,phases,start] GC(100) Adjust Roots
[4.657s][info][gc,phases      ] GC(100) Adjust Roots 0.151ms
[4.657s][info][gc,phases,start] GC(100) Compaction Phase
[4.747s][info][gc,phases      ] GC(100) Compaction Phase 90.331ms
[4.747s][info][gc,phases,start] GC(100) Post Compact
[4.749s][info][gc,phases      ] GC(100) Post Compact 1.511ms
[4.749s][info][gc,heap        ] GC(100) PSYoungGen: 47104K(82944K)->26927K(82944K) Eden: 0K(14848K)->0K(14848K) From: 47104K(68096K)->26927K(68096K)
[4.749s][info][gc,heap        ] GC(100) ParOldGen: 749449K(768512K)->768474K(855552K)
[4.750s][info][gc,metaspace   ] GC(100) Metaspace: 6302K(6528K)->6302K(6528K) NonClass: 5769K(5888K)->5769K(5888K) Class: 533K(640K)->533K(640K)
[4.750s][info][gc             ] GC(100) Pause Full (Ergonomics) 777M->776M(916M) 264.647ms
[4.750s][info][gc,cpu         ] GC(100) User=1.64s Sys=0.00s Real=0.27s
[4.766s][info][gc,start       ] GC(101) Pause Young (Allocation Failure)
[4.816s][info][gc,heap        ] GC(101) PSYoungGen: 41775K(82944K)->23424K(83968K) Eden: 14848K(14848K)->0K(14848K) From: 26927K(68096K)->23424K(69120K)
[4.816s][info][gc,heap        ] GC(101) ParOldGen: 768474K(855552K)->787194K(855552K)
[4.816s][info][gc,metaspace   ] GC(101) Metaspace: 6302K(6528K)->6302K(6528K) NonClass: 5769K(5888K)->5769K(5888K) Class: 533K(640K)->533K(640K)
[4.816s][info][gc             ] GC(101) Pause Young (Allocation Failure) 791M->791M(917M) 49.953ms
[4.816s][info][gc,cpu         ] GC(101) User=0.28s Sys=0.00s Real=0.05s
[4.833s][info][gc,start       ] GC(102) Pause Young (Allocation Failure)
[4.853s][info][gc,heap        ] GC(102) PSYoungGen: 38272K(83968K)->29856K(79360K) Eden: 14848K(14848K)->0K(16384K) From: 23424K(69120K)->29856K(62976K)
[4.853s][info][gc,heap        ] GC(102) ParOldGen: 787194K(855552K)->795778K(855552K)
[4.853s][info][gc,metaspace   ] GC(102) Metaspace: 6302K(6528K)->6302K(6528K) NonClass: 5769K(5888K)->5769K(5888K) Class: 533K(640K)->533K(640K)
[4.853s][info][gc             ] GC(102) Pause Young (Allocation Failure) 806M->806M(913M) 20.236ms
[4.853s][info][gc,cpu         ] GC(102) User=0.03s Sys=0.00s Real=0.02s
[4.871s][info][gc,start       ] GC(103) Pause Young (Allocation Failure)
[4.894s][info][gc,heap        ] GC(103) PSYoungGen: 46240K(79360K)->31392K(48128K) Eden: 16384K(16384K)->0K(16384K) From: 29856K(62976K)->31392K(31744K)
[4.894s][info][gc,heap        ] GC(103) ParOldGen: 795778K(855552K)->810826K(855552K)
[4.894s][info][gc,metaspace   ] GC(103) Metaspace: 6302K(6528K)->6302K(6528K) NonClass: 5769K(5888K)->5769K(5888K) Class: 533K(640K)->533K(640K)
[4.894s][info][gc             ] GC(103) Pause Young (Allocation Failure) 822M->822M(882M) 23.694ms
[4.894s][info][gc,cpu         ] GC(103) User=0.14s Sys=0.00s Real=0.02s
[4.912s][info][gc,start       ] GC(104) Pause Young (Allocation Failure)
[4.937s][info][gc,heap        ] GC(104) PSYoungGen: 47776K(48128K)->32928K(75264K) Eden: 16384K(16384K)->0K(18432K) From: 31392K(31744K)->32928K(56832K)
[4.937s][info][gc,heap        ] GC(104) ParOldGen: 810826K(855552K)->825874K(855552K)
[4.937s][info][gc,metaspace   ] GC(104) Metaspace: 6302K(6528K)->6302K(6528K) NonClass: 5769K(5888K)->5769K(5888K) Class: 533K(640K)->533K(640K)
[4.937s][info][gc             ] GC(104) Pause Young (Allocation Failure) 838M->838M(909M) 24.625ms
[4.937s][info][gc,cpu         ] GC(104) User=0.14s Sys=0.00s Real=0.02s
[4.956s][info][gc,start       ] GC(105) Pause Young (Allocation Failure)
[4.983s][info][gc,heap        ] GC(105) PSYoungGen: 51360K(75264K)->34976K(78336K) Eden: 18432K(18432K)->0K(18432K) From: 32928K(56832K)->34976K(59904K)
[4.983s][info][gc,heap        ] GC(105) ParOldGen: 825874K(855552K)->842466K(855552K)
[4.983s][info][gc,metaspace   ] GC(105) Metaspace: 6302K(6528K)->6302K(6528K) NonClass: 5769K(5888K)->5769K(5888K) Class: 533K(640K)->533K(640K)
[4.983s][info][gc             ] GC(105) Pause Young (Allocation Failure) 856M->856M(912M) 26.509ms
[4.983s][info][gc,cpu         ] GC(105) User=0.11s Sys=0.02s Real=0.03s
[4.983s][info][gc,start       ] GC(106) Pause Full (Ergonomics)
[4.983s][info][gc,phases,start] GC(106) Marking Phase
[5.171s][info][gc,phases      ] GC(106) Marking Phase 188.475ms
[5.171s][info][gc,phases,start] GC(106) Summary Phase
[5.171s][info][gc,phases      ] GC(106) Summary Phase 0.036ms
[5.171s][info][gc,phases,start] GC(106) Adjust Roots
[5.171s][info][gc,phases      ] GC(106) Adjust Roots 0.177ms
[5.171s][info][gc,phases,start] GC(106) Compaction Phase
[5.255s][info][gc,phases      ] GC(106) Compaction Phase 83.053ms
[5.255s][info][gc,phases,start] GC(106) Post Compact
[5.256s][info][gc,phases      ] GC(106) Post Compact 1.604ms
[5.257s][info][gc,heap        ] GC(106) PSYoungGen: 34976K(78336K)->20956K(78336K) Eden: 0K(18432K)->0K(18432K) From: 34976K(59904K)->20956K(59904K)
[5.257s][info][gc,heap        ] GC(106) ParOldGen: 842466K(855552K)->855182K(948736K)
[5.257s][info][gc,metaspace   ] GC(106) Metaspace: 6302K(6528K)->6302K(6528K) NonClass: 5769K(5888K)->5769K(5888K) Class: 533K(640K)->533K(640K)
[5.257s][info][gc             ] GC(106) Pause Full (Ergonomics) 856M->855M(1003M) 273.988ms
[5.257s][info][gc,cpu         ] GC(106) User=1.97s Sys=0.00s Real=0.27s
[5.277s][info][gc,start       ] GC(107) Pause Young (Allocation Failure)
[5.330s][info][gc,heap        ] GC(107) PSYoungGen: 39388K(78336K)->30208K(74752K) Eden: 18432K(18432K)->0K(20480K) From: 20956K(59904K)->30208K(54272K)
[5.330s][info][gc,heap        ] GC(107) ParOldGen: 855182K(948736K)->864726K(948736K)
[5.330s][info][gc,metaspace   ] GC(107) Metaspace: 6302K(6528K)->6302K(6528K) NonClass: 5769K(5888K)->5769K(5888K) Class: 533K(640K)->533K(640K)
[5.330s][info][gc             ] GC(107) Pause Young (Allocation Failure) 873M->873M(999M) 52.943ms
[5.330s][info][gc,cpu         ] GC(107) User=0.30s Sys=0.09s Real=0.05s
[5.353s][info][gc,start       ] GC(108) Pause Young (Allocation Failure)
[5.379s][info][gc,heap        ] GC(108) PSYoungGen: 50688K(74752K)->50688K(76800K) Eden: 20480K(20480K)->0K(20480K) From: 30208K(54272K)->50688K(56320K)
[5.379s][info][gc,heap        ] GC(108) ParOldGen: 864726K(948736K)->864726K(948736K)
[5.379s][info][gc,metaspace   ] GC(108) Metaspace: 6302K(6528K)->6302K(6528K) NonClass: 5769K(5888K)->5769K(5888K) Class: 533K(640K)->533K(640K)
[5.379s][info][gc             ] GC(108) Pause Young (Allocation Failure) 893M->893M(1001M) 26.467ms
[5.379s][info][gc,cpu         ] GC(108) User=0.14s Sys=0.00s Real=0.03s
[5.402s][info][gc,start       ] GC(109) Pause Young (Allocation Failure)
[5.437s][info][gc,heap        ] GC(109) PSYoungGen: 71168K(76800K)->59584K(76288K) Eden: 20480K(20480K)->0K(15872K) From: 50688K(56320K)->59584K(60416K)
[5.437s][info][gc,heap        ] GC(109) ParOldGen: 864726K(948736K)->876470K(948736K)
[5.437s][info][gc,metaspace   ] GC(109) Metaspace: 6302K(6528K)->6302K(6528K) NonClass: 5769K(5888K)->5769K(5888K) Class: 533K(640K)->533K(640K)
[5.437s][info][gc             ] GC(109) Pause Young (Allocation Failure) 913M->914M(1001M) 35.389ms
[5.437s][info][gc,cpu         ] GC(109) User=0.22s Sys=0.03s Real=0.04s
[5.455s][info][gc,start       ] GC(110) Pause Young (Allocation Failure)
[5.491s][info][gc,heap        ] GC(110) PSYoungGen: 75456K(76288K)->56992K(82944K) Eden: 15872K(15872K)->0K(15872K) From: 59584K(60416K)->56992K(67072K)
[5.491s][info][gc,heap        ] GC(110) ParOldGen: 876470K(948736K)->895150K(948736K)
[5.491s][info][gc,metaspace   ] GC(110) Metaspace: 6302K(6528K)->6302K(6528K) NonClass: 5769K(5888K)->5769K(5888K) Class: 533K(640K)->533K(640K)
[5.491s][info][gc             ] GC(110) Pause Young (Allocation Failure) 929M->929M(1007M) 36.425ms
[5.491s][info][gc,cpu         ] GC(110) User=0.25s Sys=0.00s Real=0.04s
[5.509s][info][gc,start       ] GC(111) Pause Young (Allocation Failure)
[5.546s][info][gc,heap        ] GC(111) PSYoungGen: 72864K(82944K)->52352K(87552K) Eden: 15872K(15872K)->0K(16384K) From: 56992K(67072K)->52352K(71168K)
[5.546s][info][gc,heap        ] GC(111) ParOldGen: 895150K(948736K)->915910K(948736K)
[5.546s][info][gc,metaspace   ] GC(111) Metaspace: 6302K(6528K)->6302K(6528K) NonClass: 5769K(5888K)->5769K(5888K) Class: 533K(640K)->533K(640K)
[5.546s][info][gc             ] GC(111) Pause Young (Allocation Failure) 945M->945M(1012M) 36.804ms
[5.546s][info][gc,cpu         ] GC(111) User=0.22s Sys=0.00s Real=0.04s
[5.564s][info][gc,start       ] GC(112) Pause Young (Allocation Failure)
[5.599s][info][gc,heap        ] GC(112) PSYoungGen: 68736K(87552K)->32352K(89088K) Eden: 16384K(16384K)->0K(16384K) From: 52352K(71168K)->32352K(72704K)
[5.599s][info][gc,heap        ] GC(112) ParOldGen: 915910K(948736K)->952742K(952832K)
[5.599s][info][gc,metaspace   ] GC(112) Metaspace: 6302K(6528K)->6302K(6528K) NonClass: 5769K(5888K)->5769K(5888K) Class: 533K(640K)->533K(640K)
[5.599s][info][gc             ] GC(112) Pause Young (Allocation Failure) 961M->962M(1017M) 35.077ms
[5.599s][info][gc,cpu         ] GC(112) User=0.17s Sys=0.02s Real=0.03s
[5.599s][info][gc,start       ] GC(113) Pause Full (Ergonomics)
[5.599s][info][gc,phases,start] GC(113) Marking Phase
[5.824s][info][gc,phases      ] GC(113) Marking Phase 225.515ms
[5.824s][info][gc,phases,start] GC(113) Summary Phase
[5.824s][info][gc,phases      ] GC(113) Summary Phase 0.025ms
[5.824s][info][gc,phases,start] GC(113) Adjust Roots
[5.825s][info][gc,phases      ] GC(113) Adjust Roots 0.157ms
[5.825s][info][gc,phases,start] GC(113) Compaction Phase
[5.940s][info][gc,phases      ] GC(113) Compaction Phase 114.862ms
[5.940s][info][gc,phases,start] GC(113) Post Compact
[5.942s][info][gc,phases      ] GC(113) Post Compact 1.898ms
[5.942s][info][gc,heap        ] GC(113) PSYoungGen: 32352K(89088K)->30662K(89088K) Eden: 0K(16384K)->0K(16384K) From: 32352K(72704K)->30662K(72704K)
[5.942s][info][gc,heap        ] GC(113) ParOldGen: 952742K(952832K)->952806K(1061376K)
[5.942s][info][gc,metaspace   ] GC(113) Metaspace: 6302K(6528K)->6302K(6528K) NonClass: 5769K(5888K)->5769K(5888K) Class: 533K(640K)->533K(640K)
[5.942s][info][gc             ] GC(113) Pause Full (Ergonomics) 962M->960M(1123M) 343.153ms
[5.942s][info][gc,cpu         ] GC(113) User=2.17s Sys=0.00s Real=0.34s
[5.962s][info][gc,start       ] GC(114) Pause Young (Allocation Failure)
[6.029s][info][gc,heap        ] GC(114) PSYoungGen: 47046K(89088K)->16512K(89088K) Eden: 16384K(16384K)->0K(17920K) From: 30662K(72704K)->16512K(71168K)
[6.029s][info][gc,heap        ] GC(114) ParOldGen: 952806K(1061376K)->983926K(1061376K)
[6.029s][info][gc,metaspace   ] GC(114) Metaspace: 6302K(6528K)->6302K(6528K) NonClass: 5769K(5888K)->5769K(5888K) Class: 533K(640K)->533K(640K)
[6.029s][info][gc             ] GC(114) Pause Young (Allocation Failure) 976M->976M(1123M) 66.781ms
[6.029s][info][gc,cpu         ] GC(114) User=0.33s Sys=0.00s Real=0.07s
[6.050s][info][gc,start       ] GC(115) Pause Young (Allocation Failure)
[6.071s][info][gc,heap        ] GC(115) PSYoungGen: 34432K(89088K)->18080K(90112K) Eden: 17920K(17920K)->0K(17920K) From: 16512K(71168K)->18080K(72192K)
[6.071s][info][gc,heap        ] GC(115) ParOldGen: 983926K(1061376K)->1000534K(1061376K)
[6.071s][info][gc,metaspace   ] GC(115) Metaspace: 6302K(6528K)->6302K(6528K) NonClass: 5769K(5888K)->5769K(5888K) Class: 533K(640K)->533K(640K)
[6.071s][info][gc             ] GC(115) Pause Young (Allocation Failure) 994M->994M(1124M) 21.634ms
[6.071s][info][gc,cpu         ] GC(115) User=0.11s Sys=0.02s Real=0.02s
[6.093s][info][gc,start       ] GC(116) Pause Young (Allocation Failure)
[6.119s][info][gc,heap        ] GC(116) PSYoungGen: 36000K(90112K)->18016K(90624K) Eden: 17920K(17920K)->0K(19968K) From: 18080K(72192K)->18016K(70656K)
[6.119s][info][gc,heap        ] GC(116) ParOldGen: 1000534K(1061376K)->1018702K(1061376K)
[6.119s][info][gc,metaspace   ] GC(116) Metaspace: 6302K(6528K)->6302K(6528K) NonClass: 5769K(5888K)->5769K(5888K) Class: 533K(640K)->533K(640K)
[6.119s][info][gc             ] GC(116) Pause Young (Allocation Failure) 1012M->1012M(1125M) 26.053ms
[6.119s][info][gc,cpu         ] GC(116) User=0.03s Sys=0.00s Real=0.03s
[6.141s][info][gc,start       ] GC(117) Pause Young (Allocation Failure)
[6.164s][info][gc,heap        ] GC(117) PSYoungGen: 37984K(90624K)->20128K(91136K) Eden: 19968K(19968K)->0K(19968K) From: 18016K(70656K)->20128K(71168K)
[6.164s][info][gc,heap        ] GC(117) ParOldGen: 1018702K(1061376K)->1036870K(1061376K)
[6.164s][info][gc,metaspace   ] GC(117) Metaspace: 6302K(6528K)->6302K(6528K) NonClass: 5769K(5888K)->5769K(5888K) Class: 533K(640K)->533K(640K)
[6.164s][info][gc             ] GC(117) Pause Young (Allocation Failure) 1031M->1032M(1125M) 22.320ms
[6.164s][info][gc,cpu         ] GC(117) User=0.11s Sys=0.00s Real=0.02s
[6.164s][info][gc,start       ] GC(118) Pause Full (Ergonomics)
[6.164s][info][gc,phases,start] GC(118) Marking Phase
[6.388s][info][gc,phases      ] GC(118) Marking Phase 224.414ms
[6.388s][info][gc,phases,start] GC(118) Summary Phase
[6.388s][info][gc,phases      ] GC(118) Summary Phase 0.036ms
[6.388s][info][gc,phases,start] GC(118) Adjust Roots
[6.388s][info][gc,phases      ] GC(118) Adjust Roots 0.180ms
[6.388s][info][gc,phases,start] GC(118) Compaction Phase
[6.482s][info][gc,phases      ] GC(118) Compaction Phase 93.752ms
[6.482s][info][gc,phases,start] GC(118) Post Compact
[6.484s][info][gc,phases      ] GC(118) Post Compact 2.181ms
[6.485s][info][gc,heap        ] GC(118) PSYoungGen: 20128K(91136K)->0K(92672K) Eden: 0K(19968K)->0K(22528K) From: 20128K(71168K)->0K(70144K)
[6.485s][info][gc,heap        ] GC(118) ParOldGen: 1036870K(1061376K)->1055534K(1171456K)
[6.485s][info][gc,metaspace   ] GC(118) Metaspace: 6302K(6528K)->6302K(6528K) NonClass: 5769K(5888K)->5769K(5888K) Class: 533K(640K)->533K(640K)
[6.485s][info][gc             ] GC(118) Pause Full (Ergonomics) 1032M->1030M(1234M) 321.346ms
[6.485s][info][gc,cpu         ] GC(118) User=2.28s Sys=0.02s Real=0.32s
[6.510s][info][gc,start       ] GC(119) Pause Young (Allocation Failure)
[6.527s][info][gc,heap        ] GC(119) PSYoungGen: 22528K(92672K)->22688K(92672K) Eden: 22528K(22528K)->0K(22528K) From: 0K(70144K)->22688K(70144K)
[6.527s][info][gc,heap        ] GC(119) ParOldGen: 1055534K(1171456K)->1055534K(1171456K)
[6.527s][info][gc,metaspace   ] GC(119) Metaspace: 6302K(6528K)->6302K(6528K) NonClass: 5769K(5888K)->5769K(5888K) Class: 533K(640K)->533K(640K)
[6.527s][info][gc             ] GC(119) Pause Young (Allocation Failure) 1052M->1052M(1234M) 16.551ms
[6.527s][info][gc,cpu         ] GC(119) User=0.00s Sys=0.00s Real=0.02s
[6.552s][info][gc,start       ] GC(120) Pause Young (Allocation Failure)
[6.577s][info][gc,heap        ] GC(120) PSYoungGen: 45216K(92672K)->45280K(91648K) Eden: 22528K(22528K)->0K(23552K) From: 22688K(70144K)->45280K(68096K)
[6.577s][info][gc,heap        ] GC(120) ParOldGen: 1055534K(1171456K)->1055534K(1171456K)
[6.577s][info][gc,metaspace   ] GC(120) Metaspace: 6302K(6528K)->6302K(6528K) NonClass: 5769K(5888K)->5769K(5888K) Class: 533K(640K)->533K(640K)
[6.577s][info][gc             ] GC(120) Pause Young (Allocation Failure) 1074M->1075M(1233M) 24.554ms
[6.577s][info][gc,cpu         ] GC(120) User=0.14s Sys=0.00s Real=0.03s
[6.603s][info][gc,start       ] GC(121) Pause Young (Allocation Failure)
[6.637s][info][gc,heap        ] GC(121) PSYoungGen: 68832K(91648K)->68768K(92672K) Eden: 23552K(23552K)->0K(23552K) From: 45280K(68096K)->68768K(69120K)
[6.637s][info][gc,heap        ] GC(121) ParOldGen: 1055534K(1171456K)->1055534K(1171456K)
[6.637s][info][gc,metaspace   ] GC(121) Metaspace: 6302K(6528K)->6302K(6528K) NonClass: 5769K(5888K)->5769K(5888K) Class: 533K(640K)->533K(640K)
[6.637s][info][gc             ] GC(121) Pause Young (Allocation Failure) 1098M->1097M(1234M) 34.830ms
[6.637s][info][gc,cpu         ] GC(121) User=0.17s Sys=0.00s Real=0.03s
[6.663s][info][gc,start       ] GC(122) Pause Young (Allocation Failure)
[6.710s][info][gc,heap        ] GC(122) PSYoungGen: 92320K(92672K)->78848K(88576K) Eden: 23552K(23552K)->0K(9728K) From: 68768K(69120K)->78848K(78848K)
[6.710s][info][gc,heap        ] GC(122) ParOldGen: 1055534K(1171456K)->1069094K(1171456K)
[6.710s][info][gc,metaspace   ] GC(122) Metaspace: 6302K(6528K)->6302K(6528K) NonClass: 5769K(5888K)->5769K(5888K) Class: 533K(640K)->533K(640K)
[6.710s][info][gc             ] GC(122) Pause Young (Allocation Failure) 1120M->1121M(1230M) 47.518ms
[6.710s][info][gc,cpu         ] GC(122) User=0.27s Sys=0.00s Real=0.05s
[6.722s][info][gc,start       ] GC(123) Pause Young (Allocation Failure)
[6.767s][info][gc,heap        ] GC(123) PSYoungGen: 88576K(88576K)->50560K(60416K) Eden: 9728K(9728K)->0K(9728K) From: 78848K(78848K)->50560K(50688K)
[6.767s][info][gc,heap        ] GC(123) ParOldGen: 1069094K(1171456K)->1107742K(1171456K)
[6.767s][info][gc,metaspace   ] GC(123) Metaspace: 6302K(6528K)->6302K(6528K) NonClass: 5769K(5888K)->5769K(5888K) Class: 533K(640K)->533K(640K)
[6.767s][info][gc             ] GC(123) Pause Young (Allocation Failure) 1130M->1131M(1203M) 45.450ms
[6.767s][info][gc,cpu         ] GC(123) User=0.27s Sys=0.00s Real=0.05s
[6.779s][info][gc,start       ] GC(124) Pause Young (Allocation Failure)
[6.810s][info][gc,heap        ] GC(124) PSYoungGen: 60288K(60416K)->39584K(96256K) Eden: 9728K(9728K)->0K(11264K) From: 50560K(50688K)->39584K(84992K)
[6.810s][info][gc,heap        ] GC(124) ParOldGen: 1107742K(1171456K)->1128718K(1171456K)
[6.810s][info][gc,metaspace   ] GC(124) Metaspace: 6302K(6528K)->6302K(6528K) NonClass: 5769K(5888K)->5769K(5888K) Class: 533K(640K)->533K(640K)
[6.810s][info][gc             ] GC(124) Pause Young (Allocation Failure) 1140M->1140M(1238M) 31.712ms
[6.810s][info][gc,cpu         ] GC(124) User=0.12s Sys=0.00s Real=0.03s
[6.824s][info][gc,start       ] GC(125) Pause Young (Allocation Failure)
[6.852s][info][gc,heap        ] GC(125) PSYoungGen: 50848K(96256K)->21120K(100352K) Eden: 11264K(11264K)->0K(11264K) From: 39584K(84992K)->21120K(89088K)
[6.852s][info][gc,heap        ] GC(125) ParOldGen: 1128718K(1171456K)->1158822K(1171456K)
[6.852s][info][gc,metaspace   ] GC(125) Metaspace: 6302K(6528K)->6302K(6528K) NonClass: 5769K(5888K)->5769K(5888K) Class: 533K(640K)->533K(640K)
[6.852s][info][gc             ] GC(125) Pause Young (Allocation Failure) 1151M->1152M(1242M) 28.141ms
[6.852s][info][gc,cpu         ] GC(125) User=0.14s Sys=0.00s Real=0.03s
[6.852s][info][gc,start       ] GC(126) Pause Full (Ergonomics)
[6.852s][info][gc,phases,start] GC(126) Marking Phase
[7.112s][info][gc,phases      ] GC(126) Marking Phase 260.530ms
[7.113s][info][gc,phases,start] GC(126) Summary Phase
[7.113s][info][gc,phases      ] GC(126) Summary Phase 0.026ms
[7.113s][info][gc,phases,start] GC(126) Adjust Roots
[7.113s][info][gc,phases      ] GC(126) Adjust Roots 0.157ms
[7.113s][info][gc,phases,start] GC(126) Compaction Phase
[7.215s][info][gc,phases      ] GC(126) Compaction Phase 102.255ms
[7.215s][info][gc,phases,start] GC(126) Post Compact
[7.217s][info][gc,phases      ] GC(126) Post Compact 1.968ms
[7.218s][info][gc,heap        ] GC(126) PSYoungGen: 21120K(100352K)->7131K(100352K) Eden: 0K(11264K)->0K(11264K) From: 21120K(89088K)->7131K(89088K)
[7.218s][info][gc,heap        ] GC(126) ParOldGen: 1158822K(1171456K)->1171061K(1300992K)
[7.218s][info][gc,metaspace   ] GC(126) Metaspace: 6302K(6528K)->6302K(6528K) NonClass: 5769K(5888K)->5769K(5888K) Class: 533K(640K)->533K(640K)
[7.218s][info][gc             ] GC(126) Pause Full (Ergonomics) 1152M->1150M(1368M) 365.783ms
[7.218s][info][gc,cpu         ] GC(126) User=2.67s Sys=0.05s Real=0.37s
[7.232s][info][gc,start       ] GC(127) Pause Young (Allocation Failure)
[7.294s][info][gc,heap        ] GC(127) PSYoungGen: 18395K(100352K)->11328K(100352K) Eden: 11264K(11264K)->0K(12800K) From: 7131K(89088K)->11328K(87552K)
[7.294s][info][gc,heap        ] GC(127) ParOldGen: 1171061K(1300992K)->1178325K(1300992K)
[7.294s][info][gc,metaspace   ] GC(127) Metaspace: 6302K(6528K)->6302K(6528K) NonClass: 5769K(5888K)->5769K(5888K) Class: 533K(640K)->533K(640K)
[7.294s][info][gc             ] GC(127) Pause Young (Allocation Failure) 1161M->1161M(1368M) 62.040ms
[7.294s][info][gc,cpu         ] GC(127) User=0.38s Sys=0.02s Real=0.06s
[7.310s][info][gc,start       ] GC(128) Pause Young (Allocation Failure)
[7.328s][info][gc,heap        ] GC(128) PSYoungGen: 24128K(100352K)->12928K(100864K) Eden: 12800K(12800K)->0K(12800K) From: 11328K(87552K)->12928K(88064K)
[7.328s][info][gc,heap        ] GC(128) ParOldGen: 1178325K(1300992K)->1189749K(1300992K)
[7.328s][info][gc,metaspace   ] GC(128) Metaspace: 6302K(6528K)->6302K(6528K) NonClass: 5769K(5888K)->5769K(5888K) Class: 533K(640K)->533K(640K)
[7.328s][info][gc             ] GC(128) Pause Young (Allocation Failure) 1174M->1174M(1369M) 18.283ms
[7.328s][info][gc,cpu         ] GC(128) User=0.03s Sys=0.00s Real=0.02s
[7.344s][info][gc,start       ] GC(129) Pause Young (Allocation Failure)
[7.363s][info][gc,heap        ] GC(129) PSYoungGen: 25728K(100864K)->12896K(99328K) Eden: 12800K(12800K)->0K(14336K) From: 12928K(88064K)->12896K(84992K)
[7.363s][info][gc,heap        ] GC(129) ParOldGen: 1189749K(1300992K)->1202733K(1300992K)
[7.363s][info][gc,metaspace   ] GC(129) Metaspace: 6302K(6528K)->6302K(6528K) NonClass: 5769K(5888K)->5769K(5888K) Class: 533K(640K)->533K(640K)
[7.363s][info][gc             ] GC(129) Pause Young (Allocation Failure) 1186M->1187M(1367M) 18.628ms
[7.363s][info][gc,cpu         ] GC(129) User=0.02s Sys=0.00s Real=0.02s
[7.382s][info][gc,start       ] GC(130) Pause Young (Allocation Failure)
[7.401s][info][gc,heap        ] GC(130) PSYoungGen: 27232K(99328K)->14496K(29184K) Eden: 14336K(14336K)->0K(14336K) From: 12896K(84992K)->14496K(14848K)
[7.402s][info][gc,heap        ] GC(130) ParOldGen: 1202733K(1300992K)->1215701K(1300992K)
[7.402s][info][gc,metaspace   ] GC(130) Metaspace: 6302K(6528K)->6302K(6528K) NonClass: 5769K(5888K)->5769K(5888K) Class: 533K(640K)->533K(640K)
[7.402s][info][gc             ] GC(130) Pause Young (Allocation Failure) 1201M->1201M(1299M) 20.043ms
[7.402s][info][gc,cpu         ] GC(130) User=0.00s Sys=0.02s Real=0.02s
[7.419s][info][gc,start       ] GC(131) Pause Young (Allocation Failure)
[7.440s][info][gc,heap        ] GC(131) PSYoungGen: 28832K(29184K)->14464K(95744K) Eden: 14336K(14336K)->0K(16384K) From: 14496K(14848K)->14464K(79360K)
[7.440s][info][gc,heap        ] GC(131) ParOldGen: 1215701K(1300992K)->1230245K(1300992K)
[7.440s][info][gc,metaspace   ] GC(131) Metaspace: 6302K(6528K)->6302K(6528K) NonClass: 5769K(5888K)->5769K(5888K) Class: 533K(640K)->533K(640K)
[7.440s][info][gc             ] GC(131) Pause Young (Allocation Failure) 1215M->1215M(1364M) 20.932ms
[7.440s][info][gc,cpu         ] GC(131) User=0.11s Sys=0.00s Real=0.02s
[7.460s][info][gc,start       ] GC(132) Pause Young (Allocation Failure)
[7.480s][info][gc,heap        ] GC(132) PSYoungGen: 30848K(95744K)->16512K(33280K) Eden: 16384K(16384K)->0K(16384K) From: 14464K(79360K)->16512K(16896K)
[7.480s][info][gc,heap        ] GC(132) ParOldGen: 1230245K(1300992K)->1244773K(1300992K)
[7.480s][info][gc,metaspace   ] GC(132) Metaspace: 6302K(6528K)->6302K(6528K) NonClass: 5769K(5888K)->5769K(5888K) Class: 533K(640K)->533K(640K)
[7.480s][info][gc             ] GC(132) Pause Young (Allocation Failure) 1231M->1231M(1303M) 20.430ms
[7.480s][info][gc,cpu         ] GC(132) User=0.12s Sys=0.00s Real=0.02s
[7.502s][info][gc,start       ] GC(133) Pause Young (Allocation Failure)
[7.524s][info][gc,heap        ] GC(133) PSYoungGen: 32896K(33280K)->16512K(90624K) Eden: 16384K(16384K)->0K(18432K) From: 16512K(16896K)->16512K(72192K)
[7.524s][info][gc,heap        ] GC(133) ParOldGen: 1244773K(1300992K)->1261389K(1300992K)
[7.524s][info][gc,metaspace   ] GC(133) Metaspace: 6302K(6528K)->6302K(6528K) NonClass: 5769K(5888K)->5769K(5888K) Class: 533K(640K)->533K(640K)
[7.524s][info][gc             ] GC(133) Pause Young (Allocation Failure) 1247M->1247M(1359M) 21.863ms
[7.524s][info][gc,cpu         ] GC(133) User=0.12s Sys=0.00s Real=0.02s
[7.548s][info][gc,start       ] GC(134) Pause Young (Allocation Failure)
[7.570s][info][gc,heap        ] GC(134) PSYoungGen: 34944K(90624K)->18592K(37376K) Eden: 18432K(18432K)->0K(18432K) From: 16512K(72192K)->18592K(18944K)
[7.570s][info][gc,heap        ] GC(134) ParOldGen: 1261389K(1300992K)->1277997K(1300992K)
[7.570s][info][gc,metaspace   ] GC(134) Metaspace: 6302K(6528K)->6302K(6528K) NonClass: 5769K(5888K)->5769K(5888K) Class: 533K(640K)->533K(640K)
[7.570s][info][gc             ] GC(134) Pause Young (Allocation Failure) 1265M->1266M(1307M) 22.441ms
[7.570s][info][gc,cpu         ] GC(134) User=0.12s Sys=0.00s Real=0.02s
[7.570s][info][gc,start       ] GC(135) Pause Full (Ergonomics)
[7.570s][info][gc,phases,start] GC(135) Marking Phase
[7.866s][info][gc,phases      ] GC(135) Marking Phase 295.229ms
[7.866s][info][gc,phases,start] GC(135) Summary Phase
[7.866s][info][gc,phases      ] GC(135) Summary Phase 0.033ms
[7.866s][info][gc,phases,start] GC(135) Adjust Roots
[7.866s][info][gc,phases      ] GC(135) Adjust Roots 0.151ms
[7.866s][info][gc,phases,start] GC(135) Compaction Phase
[7.973s][info][gc,phases      ] GC(135) Compaction Phase 107.515ms
[7.973s][info][gc,phases,start] GC(135) Post Compact
[7.976s][info][gc,phases      ] GC(135) Post Compact 2.144ms
[7.976s][info][gc,heap        ] GC(135) PSYoungGen: 18592K(37376K)->0K(92160K) Eden: 0K(18432K)->0K(20480K) From: 18592K(18944K)->0K(71680K)
[7.976s][info][gc,heap        ] GC(135) ParOldGen: 1277997K(1300992K)->1294673K(1423872K)
[7.976s][info][gc,metaspace   ] GC(135) Metaspace: 6302K(6528K)->6302K(6528K) NonClass: 5769K(5888K)->5769K(5888K) Class: 533K(640K)->533K(640K)
[7.976s][info][gc             ] GC(135) Pause Full (Ergonomics) 1266M->1264M(1480M) 405.974ms
[7.976s][info][gc,cpu         ] GC(135) User=2.98s Sys=0.02s Real=0.41s
[7.999s][info][gc,start       ] GC(136) Pause Young (Allocation Failure)
[8.014s][info][gc,heap        ] GC(136) PSYoungGen: 20480K(92160K)->13920K(92160K) Eden: 20480K(20480K)->0K(20480K) From: 0K(71680K)->13920K(71680K)
[8.014s][info][gc,heap        ] GC(136) ParOldGen: 1294673K(1423872K)->1294673K(1423872K)
[8.014s][info][gc,metaspace   ] GC(136) Metaspace: 6302K(6528K)->6302K(6528K) NonClass: 5769K(5888K)->5769K(5888K) Class: 533K(640K)->533K(640K)
[8.014s][info][gc             ] GC(136) Pause Young (Allocation Failure) 1284M->1277M(1480M) 15.478ms
[8.014s][info][gc,cpu         ] GC(136) User=0.00s Sys=0.02s Real=0.02s
[8.030s][info][gc,start       ] GC(137) Pause Young (Allocation Failure)
[8.049s][info][gc,heap        ] GC(137) PSYoungGen: 34400K(92160K)->24448K(82944K) Eden: 20480K(20480K)->0K(22528K) From: 13920K(71680K)->24448K(60416K)
[8.049s][info][gc,heap        ] GC(137) ParOldGen: 1294673K(1423872K)->1294673K(1423872K)
[8.049s][info][gc,metaspace   ] GC(137) Metaspace: 6302K(6528K)->6302K(6528K) NonClass: 5769K(5888K)->5769K(5888K) Class: 533K(640K)->533K(640K)
[8.049s][info][gc             ] GC(137) Pause Young (Allocation Failure) 1297M->1288M(1471M) 18.583ms
[8.049s][info][gc,cpu         ] GC(137) User=0.03s Sys=0.00s Real=0.02s
[8.076s][info][gc,start       ] GC(138) Pause Young (Allocation Failure)
[8.101s][info][gc,heap        ] GC(138) PSYoungGen: 46976K(82944K)->45344K(87552K) Eden: 22528K(22528K)->0K(22528K) From: 24448K(60416K)->45344K(65024K)
[8.102s][info][gc,heap        ] GC(138) ParOldGen: 1294673K(1423872K)->1294673K(1423872K)
[8.102s][info][gc,metaspace   ] GC(138) Metaspace: 6302K(6528K)->6302K(6528K) NonClass: 5769K(5888K)->5769K(5888K) Class: 533K(640K)->533K(640K)
[8.102s][info][gc             ] GC(138) Pause Young (Allocation Failure) 1310M->1308M(1476M) 25.876ms
[8.102s][info][gc,cpu         ] GC(138) User=0.14s Sys=0.00s Real=0.02s
[8.131s][info][gc,start       ] GC(139) Pause Young (Allocation Failure)
[8.168s][info][gc,heap        ] GC(139) PSYoungGen: 67872K(87552K)->67872K(82432K) Eden: 22528K(22528K)->0K(13824K) From: 45344K(65024K)->67872K(68608K)
[8.168s][info][gc,heap        ] GC(139) ParOldGen: 1294673K(1423872K)->1294673K(1423872K)
[8.168s][info][gc,metaspace   ] GC(139) Metaspace: 6302K(6528K)->6302K(6528K) NonClass: 5769K(5888K)->5769K(5888K) Class: 533K(640K)->533K(640K)
[8.168s][info][gc             ] GC(139) Pause Young (Allocation Failure) 1330M->1330M(1471M) 36.853ms
[8.168s][info][gc,cpu         ] GC(139) User=0.17s Sys=0.00s Real=0.04s
[8.185s][info][gc,start       ] GC(140) Pause Young (Allocation Failure)
[8.226s][info][gc,heap        ] GC(140) PSYoungGen: 81696K(82432K)->79872K(93696K) Eden: 13824K(13824K)->0K(13824K) From: 67872K(68608K)->79872K(79872K)
[8.226s][info][gc,heap        ] GC(140) ParOldGen: 1294673K(1423872K)->1296449K(1423872K)
[8.226s][info][gc,metaspace   ] GC(140) Metaspace: 6302K(6528K)->6302K(6528K) NonClass: 5769K(5888K)->5769K(5888K) Class: 533K(640K)->533K(640K)
[8.227s][info][gc             ] GC(140) Pause Young (Allocation Failure) 1344M->1344M(1482M) 41.856ms
[8.227s][info][gc,cpu         ] GC(140) User=0.27s Sys=0.00s Real=0.04s
[8.244s][info][gc,start       ] GC(141) Pause Young (Allocation Failure)
[8.294s][info][gc,heap        ] GC(141) PSYoungGen: 93696K(93696K)->69760K(102912K) Eden: 13824K(13824K)->0K(9216K) From: 79872K(79872K)->69760K(93696K)
[8.294s][info][gc,heap        ] GC(141) ParOldGen: 1296449K(1423872K)->1320753K(1423872K)
[8.294s][info][gc,metaspace   ] GC(141) Metaspace: 6302K(6528K)->6302K(6528K) NonClass: 5769K(5888K)->5769K(5888K) Class: 533K(640K)->533K(640K)
[8.294s][info][gc             ] GC(141) Pause Young (Allocation Failure) 1357M->1357M(1491M) 50.943ms
[8.295s][info][gc,cpu         ] GC(141) User=0.27s Sys=0.00s Real=0.05s
[8.307s][info][gc,start       ] GC(142) Pause Young (Allocation Failure)
[8.349s][info][gc,heap        ] GC(142) PSYoungGen: 78976K(102912K)->36704K(46080K) Eden: 9216K(9216K)->0K(9216K) From: 69760K(93696K)->36704K(36864K)
[8.349s][info][gc,heap        ] GC(142) ParOldGen: 1320753K(1423872K)->1363545K(1423872K)
[8.349s][info][gc,metaspace   ] GC(142) Metaspace: 6302K(6528K)->6302K(6528K) NonClass: 5769K(5888K)->5769K(5888K) Class: 533K(640K)->533K(640K)
[8.349s][info][gc             ] GC(142) Pause Young (Allocation Failure) 1366M->1367M(1435M) 42.604ms
[8.349s][info][gc,cpu         ] GC(142) User=0.17s Sys=0.08s Real=0.04s
[8.361s][info][gc,start       ] GC(143) Pause Young (Allocation Failure)
[8.388s][info][gc,heap        ] GC(143) PSYoungGen: 45920K(46080K)->18560K(101376K) Eden: 9216K(9216K)->0K(10752K) From: 36704K(36864K)->18560K(90624K)
[8.388s][info][gc,heap        ] GC(143) ParOldGen: 1363545K(1423872K)->1391289K(1423872K)
[8.388s][info][gc,metaspace   ] GC(143) Metaspace: 6302K(6528K)->6302K(6528K) NonClass: 5769K(5888K)->5769K(5888K) Class: 533K(640K)->533K(640K)
[8.388s][info][gc             ] GC(143) Pause Young (Allocation Failure) 1376M->1376M(1489M) 26.700ms
[8.388s][info][gc,cpu         ] GC(143) User=0.11s Sys=0.00s Real=0.03s
[8.388s][info][gc,start       ] GC(144) Pause Full (Ergonomics)
[8.388s][info][gc,phases,start] GC(144) Marking Phase
[8.713s][info][gc,phases      ] GC(144) Marking Phase 325.336ms
[8.713s][info][gc,phases,start] GC(144) Summary Phase
[8.713s][info][gc,phases      ] GC(144) Summary Phase 0.065ms
[8.713s][info][gc,phases,start] GC(144) Adjust Roots
[8.713s][info][gc,phases      ] GC(144) Adjust Roots 0.178ms
[8.714s][info][gc,phases,start] GC(144) Compaction Phase
[8.824s][info][gc,phases      ] GC(144) Compaction Phase 109.983ms
[8.824s][info][gc,phases,start] GC(144) Post Compact
[8.826s][info][gc,phases      ] GC(144) Post Compact 2.632ms
[8.827s][info][gc,heap        ] GC(144) PSYoungGen: 18560K(101376K)->0K(103424K) Eden: 0K(10752K)->0K(10752K) From: 18560K(90624K)->0K(92672K)
[8.827s][info][gc,heap        ] GC(144) ParOldGen: 1391289K(1423872K)->1408216K(1560064K)
[8.827s][info][gc,metaspace   ] GC(144) Metaspace: 6302K(6528K)->6302K(6528K) NonClass: 5769K(5888K)->5769K(5888K) Class: 533K(640K)->533K(640K)
[8.827s][info][gc             ] GC(144) Pause Full (Ergonomics) 1376M->1375M(1624M) 439.072ms
[8.827s][info][gc,cpu         ] GC(144) User=3.36s Sys=0.00s Real=0.44s
[9.071s][info][gc,start       ] GC(145) Pause Young (Allocation Failure)
[9.117s][info][gc,heap        ] GC(145) PSYoungGen: 10752K(103424K)->10880K(102400K) Eden: 10752K(10752K)->0K(12288K) From: 0K(92672K)->10880K(90112K)
[9.117s][info][gc,heap        ] GC(145) ParOldGen: 1473752K(1560064K)->1473752K(1560064K)
[9.117s][info][gc,metaspace   ] GC(145) Metaspace: 6302K(6528K)->6302K(6528K) NonClass: 5769K(5888K)->5769K(5888K) Class: 533K(640K)->533K(640K)
[9.117s][info][gc             ] GC(145) Pause Young (Allocation Failure) 1449M->1449M(1623M) 46.585ms
[9.117s][info][gc,cpu         ] GC(145) User=0.20s Sys=0.00s Real=0.05s
[9.128s][info][gc,start       ] GC(146) Pause Young (Allocation Failure)
[9.150s][info][gc,heap        ] GC(146) PSYoungGen: 23168K(102400K)->12416K(25088K) Eden: 12288K(12288K)->0K(12288K) From: 10880K(90112K)->12416K(12800K)
[9.150s][info][gc,heap        ] GC(146) ParOldGen: 1473752K(1560064K)->1484640K(1560064K)
[9.150s][info][gc,metaspace   ] GC(146) Metaspace: 6302K(6528K)->6302K(6528K) NonClass: 5769K(5888K)->5769K(5888K) Class: 533K(640K)->533K(640K)
[9.150s][info][gc             ] GC(146) Pause Young (Allocation Failure) 1461M->1461M(1548M) 21.884ms
[9.150s][info][gc,cpu         ] GC(146) User=0.03s Sys=0.00s Real=0.02s
[9.162s][info][gc,start       ] GC(147) Pause Young (Allocation Failure)
[9.181s][info][gc,heap        ] GC(147) PSYoungGen: 24704K(25088K)->12416K(99328K) Eden: 12288K(12288K)->0K(13824K) From: 12416K(12800K)->12416K(85504K)
[9.182s][info][gc,heap        ] GC(147) ParOldGen: 1484640K(1560064K)->1497120K(1560064K)
[9.182s][info][gc,metaspace   ] GC(147) Metaspace: 6302K(6528K)->6302K(6528K) NonClass: 5769K(5888K)->5769K(5888K) Class: 533K(640K)->533K(640K)
[9.182s][info][gc             ] GC(147) Pause Young (Allocation Failure) 1473M->1474M(1620M) 19.584ms
[9.182s][info][gc,cpu         ] GC(147) User=0.02s Sys=0.00s Real=0.02s
[9.194s][info][gc,start       ] GC(148) Pause Young (Allocation Failure)
[9.217s][info][gc,heap        ] GC(148) PSYoungGen: 26240K(99328K)->13920K(28160K) Eden: 13824K(13824K)->0K(13824K) From: 12416K(85504K)->13920K(14336K)
[9.218s][info][gc,heap        ] GC(148) ParOldGen: 1497120K(1560064K)->1509568K(1560064K)
[9.218s][info][gc,metaspace   ] GC(148) Metaspace: 6302K(6528K)->6302K(6528K) NonClass: 5769K(5888K)->5769K(5888K) Class: 533K(640K)->533K(640K)
[9.218s][info][gc             ] GC(148) Pause Young (Allocation Failure) 1487M->1487M(1551M) 23.635ms
[9.218s][info][gc,cpu         ] GC(148) User=0.03s Sys=0.00s Real=0.02s
[9.230s][info][gc,start       ] GC(149) Pause Young (Allocation Failure)
[9.254s][info][gc,heap        ] GC(149) PSYoungGen: 27744K(28160K)->13984K(94208K) Eden: 13824K(13824K)->0K(15872K) From: 13920K(14336K)->13984K(78336K)
[9.254s][info][gc,heap        ] GC(149) ParOldGen: 1509568K(1560064K)->1523576K(1560064K)
[9.254s][info][gc,metaspace   ] GC(149) Metaspace: 6302K(6528K)->6302K(6528K) NonClass: 5769K(5888K)->5769K(5888K) Class: 533K(640K)->533K(640K)
[9.254s][info][gc             ] GC(149) Pause Young (Allocation Failure) 1501M->1501M(1615M) 24.282ms
[9.254s][info][gc,cpu         ] GC(149) User=0.03s Sys=0.00s Real=0.03s
[9.269s][info][gc,start       ] GC(150) Pause Young (Allocation Failure)
[9.293s][info][gc,heap        ] GC(150) PSYoungGen: 29856K(94208K)->16000K(32256K) Eden: 15872K(15872K)->0K(15872K) From: 13984K(78336K)->16000K(16384K)
[9.293s][info][gc,heap        ] GC(150) ParOldGen: 1523576K(1560064K)->1537576K(1560064K)
[9.293s][info][gc,metaspace   ] GC(150) Metaspace: 6302K(6528K)->6302K(6528K) NonClass: 5769K(5888K)->5769K(5888K) Class: 533K(640K)->533K(640K)
[9.293s][info][gc             ] GC(150) Pause Young (Allocation Failure) 1517M->1517M(1555M) 23.472ms
[9.293s][info][gc,cpu         ] GC(150) User=0.02s Sys=0.00s Real=0.02s
[9.293s][info][gc,start       ] GC(151) Pause Full (Ergonomics)
[9.293s][info][gc,phases,start] GC(151) Marking Phase
[9.624s][info][gc,phases      ] GC(151) Marking Phase 331.314ms
[9.624s][info][gc,phases,start] GC(151) Summary Phase
[9.624s][info][gc,phases      ] GC(151) Summary Phase 0.052ms
[9.624s][info][gc,phases,start] GC(151) Adjust Roots
[9.624s][info][gc,phases      ] GC(151) Adjust Roots 0.175ms
[9.624s][info][gc,phases,start] GC(151) Compaction Phase
[9.861s][info][gc,phases      ] GC(151) Compaction Phase 236.297ms
[9.861s][info][gc,phases,start] GC(151) Post Compact
[9.864s][info][gc,phases      ] GC(151) Post Compact 2.946ms
[9.864s][info][gc,heap        ] GC(151) PSYoungGen: 16000K(32256K)->0K(96256K) Eden: 0K(15872K)->0K(18432K) From: 16000K(16384K)->0K(77824K)
[9.864s][info][gc,heap        ] GC(151) ParOldGen: 1537576K(1560064K)->1519642K(1672704K)
[9.864s][info][gc,metaspace   ] GC(151) Metaspace: 6302K(6528K)->6302K(6528K) NonClass: 5769K(5888K)->5769K(5888K) Class: 533K(640K)->533K(640K)
[9.864s][info][gc             ] GC(151) Pause Full (Ergonomics) 1517M->1484M(1727M) 571.513ms
[9.864s][info][gc,cpu         ] GC(151) User=4.02s Sys=0.00s Real=0.57s
[9.883s][info][gc,start       ] GC(152) Pause Young (Allocation Failure)
[9.904s][info][gc,heap        ] GC(152) PSYoungGen: 18432K(96256K)->18560K(37376K) Eden: 18432K(18432K)->0K(18432K) From: 0K(77824K)->18560K(18944K)
[9.904s][info][gc,heap        ] GC(152) ParOldGen: 1519642K(1672704K)->1519642K(1672704K)
[9.904s][info][gc,metaspace   ] GC(152) Metaspace: 6302K(6528K)->6302K(6528K) NonClass: 5769K(5888K)->5769K(5888K) Class: 533K(640K)->533K(640K)
[9.904s][info][gc             ] GC(152) Pause Young (Allocation Failure) 1502M->1502M(1670M) 21.073ms
[9.904s][info][gc,cpu         ] GC(152) User=0.02s Sys=0.00s Real=0.02s
[9.923s][info][gc,start       ] GC(153) Pause Young (Allocation Failure)
[9.949s][info][gc,heap        ] GC(153) PSYoungGen: 36992K(37376K)->37024K(93696K) Eden: 18432K(18432K)->0K(20480K) From: 18560K(18944K)->37024K(73216K)
[9.949s][info][gc,heap        ] GC(153) ParOldGen: 1519642K(1672704K)->1519642K(1672704K)
[9.949s][info][gc,metaspace   ] GC(153) Metaspace: 6302K(6528K)->6302K(6528K) NonClass: 5769K(5888K)->5769K(5888K) Class: 533K(640K)->533K(640K)
[9.949s][info][gc             ] GC(153) Pause Young (Allocation Failure) 1520M->1520M(1725M) 26.197ms
[9.949s][info][gc,cpu         ] GC(153) User=0.02s Sys=0.00s Real=0.03s
[9.971s][info][gc,start       ] GC(154) Pause Young (Allocation Failure)
[10.004s][info][gc,heap        ] GC(154) PSYoungGen: 57504K(93696K)->39072K(94208K) Eden: 20480K(20480K)->0K(20480K) From: 37024K(73216K)->39072K(73728K)
[10.004s][info][gc,heap        ] GC(154) ParOldGen: 1519642K(1672704K)->1538298K(1672704K)
[10.004s][info][gc,metaspace   ] GC(154) Metaspace: 6302K(6528K)->6302K(6528K) NonClass: 5769K(5888K)->5769K(5888K) Class: 533K(640K)->533K(640K)
[10.004s][info][gc             ] GC(154) Pause Young (Allocation Failure) 1540M->1540M(1725M) 32.921ms
[10.004s][info][gc,cpu         ] GC(154) User=0.03s Sys=0.00s Real=0.03s
[10.024s][info][gc,start       ] GC(155) Pause Young (Allocation Failure)
[10.057s][info][gc,heap        ] GC(155) PSYoungGen: 59552K(94208K)->41120K(95744K) Eden: 20480K(20480K)->0K(22528K) From: 39072K(73728K)->41120K(73216K)
[10.057s][info][gc,heap        ] GC(155) ParOldGen: 1538298K(1672704K)->1556994K(1672704K)
[10.057s][info][gc,metaspace   ] GC(155) Metaspace: 6302K(6528K)->6302K(6528K) NonClass: 5769K(5888K)->5769K(5888K) Class: 533K(640K)->533K(640K)
[10.057s][info][gc             ] GC(155) Pause Young (Allocation Failure) 1560M->1560M(1727M) 33.091ms
[10.057s][info][gc,cpu         ] GC(155) User=0.12s Sys=0.02s Real=0.03s
[10.080s][info][gc,start       ] GC(156) Pause Young (Allocation Failure)
[10.115s][info][gc,heap        ] GC(156) PSYoungGen: 63648K(95744K)->43136K(96256K) Eden: 22528K(22528K)->0K(22528K) From: 41120K(73216K)->43136K(73728K)
[10.115s][info][gc,heap        ] GC(156) ParOldGen: 1556994K(1672704K)->1577746K(1672704K)
[10.115s][info][gc,metaspace   ] GC(156) Metaspace: 6302K(6528K)->6302K(6528K) NonClass: 5769K(5888K)->5769K(5888K) Class: 533K(640K)->533K(640K)
[10.115s][info][gc             ] GC(156) Pause Young (Allocation Failure) 1582M->1582M(1727M) 35.193ms
[10.115s][info][gc,cpu         ] GC(156) User=0.06s Sys=0.00s Real=0.04s
[10.137s][info][gc,start       ] GC(157) Pause Young (Allocation Failure)
[10.173s][info][gc,heap        ] GC(157) PSYoungGen: 65664K(96256K)->45184K(99328K) Eden: 22528K(22528K)->0K(24576K) From: 43136K(73728K)->45184K(74752K)
[10.173s][info][gc,heap        ] GC(157) ParOldGen: 1577746K(1672704K)->1598498K(1672704K)
[10.173s][info][gc,metaspace   ] GC(157) Metaspace: 6302K(6528K)->6302K(6528K) NonClass: 5769K(5888K)->5769K(5888K) Class: 533K(640K)->533K(640K)
[10.173s][info][gc             ] GC(157) Pause Young (Allocation Failure) 1604M->1605M(1730M) 35.752ms
[10.173s][info][gc,cpu         ] GC(157) User=0.16s Sys=0.00s Real=0.04s
[10.199s][info][gc,start       ] GC(158) Pause Young (Allocation Failure)
[10.235s][info][gc,heap        ] GC(158) PSYoungGen: 69760K(99328K)->47232K(100352K) Eden: 24576K(24576K)->0K(24576K) From: 45184K(74752K)->47232K(75776K)
[10.235s][info][gc,heap        ] GC(158) ParOldGen: 1598498K(1672704K)->1621330K(1672704K)
[10.235s][info][gc,metaspace   ] GC(158) Metaspace: 6302K(6528K)->6302K(6528K) NonClass: 5769K(5888K)->5769K(5888K) Class: 533K(640K)->533K(640K)
[10.235s][info][gc             ] GC(158) Pause Young (Allocation Failure) 1629M->1629M(1731M) 36.385ms
[10.235s][info][gc,cpu         ] GC(158) User=0.20s Sys=0.00s Real=0.04s
[10.260s][info][gc,start       ] GC(159) Pause Young (Allocation Failure)
[10.297s][info][gc,heap        ] GC(159) PSYoungGen: 71808K(100352K)->49344K(102912K) Eden: 24576K(24576K)->0K(26112K) From: 47232K(75776K)->49344K(76800K)
[10.297s][info][gc,heap        ] GC(159) ParOldGen: 1621330K(1672704K)->1644162K(1672704K)
[10.297s][info][gc,metaspace   ] GC(159) Metaspace: 6302K(6528K)->6302K(6528K) NonClass: 5769K(5888K)->5769K(5888K) Class: 533K(640K)->533K(640K)
[10.298s][info][gc             ] GC(159) Pause Young (Allocation Failure) 1653M->1653M(1734M) 37.174ms
[10.298s][info][gc,cpu         ] GC(159) User=0.17s Sys=0.00s Real=0.04s
[10.298s][info][gc,start       ] GC(160) Pause Full (Ergonomics)
[10.298s][info][gc,phases,start] GC(160) Marking Phase
[10.679s][info][gc,phases      ] GC(160) Marking Phase 381.164ms
[10.679s][info][gc,phases,start] GC(160) Summary Phase
[10.679s][info][gc,phases      ] GC(160) Summary Phase 0.031ms
[10.679s][info][gc,phases,start] GC(160) Adjust Roots
[10.679s][info][gc,phases      ] GC(160) Adjust Roots 0.234ms
[10.679s][info][gc,phases,start] GC(160) Compaction Phase
[11.152s][info][gc,phases      ] GC(160) Compaction Phase 472.400ms
[11.152s][info][gc,phases,start] GC(160) Post Compact
[11.155s][info][gc,phases      ] GC(160) Post Compact 3.648ms
[11.156s][info][gc,heap        ] GC(160) PSYoungGen: 49344K(102912K)->18943K(102912K) Eden: 0K(26112K)->0K(26112K) From: 49344K(76800K)->18943K(76800K)
[11.156s][info][gc,heap        ] GC(160) ParOldGen: 1644162K(1672704K)->1672475K(1844736K)
[11.156s][info][gc,metaspace   ] GC(160) Metaspace: 6302K(6528K)->6302K(6528K) NonClass: 5769K(5888K)->5769K(5888K) Class: 533K(640K)->533K(640K)
[11.156s][info][gc             ] GC(160) Pause Full (Ergonomics) 1653M->1651M(1902M) 858.578ms
[11.156s][info][gc,cpu         ] GC(160) User=6.09s Sys=0.03s Real=0.86s
[11.186s][info][gc,start       ] GC(161) Pause Young (Allocation Failure)
[11.274s][info][gc,heap        ] GC(161) PSYoungGen: 45055K(102912K)->38176K(104448K) Eden: 26112K(26112K)->0K(26112K) From: 18943K(76800K)->38176K(78336K)
[11.274s][info][gc,heap        ] GC(161) ParOldGen: 1672475K(1844736K)->1679683K(1844736K)
[11.274s][info][gc,metaspace   ] GC(161) Metaspace: 6302K(6528K)->6302K(6528K) NonClass: 5769K(5888K)->5769K(5888K) Class: 533K(640K)->533K(640K)
[11.274s][info][gc             ] GC(161) Pause Young (Allocation Failure) 1677M->1677M(1903M) 88.402ms
[11.274s][info][gc,cpu         ] GC(161) User=0.64s Sys=0.00s Real=0.09s
[11.303s][info][gc,start       ] GC(162) Pause Young (Allocation Failure)
[11.339s][info][gc,heap        ] GC(162) PSYoungGen: 64288K(104448K)->64320K(97792K) Eden: 26112K(26112K)->0K(22528K) From: 38176K(78336K)->64320K(75264K)
[11.339s][info][gc,heap        ] GC(162) ParOldGen: 1679683K(1844736K)->1679683K(1844736K)
[11.339s][info][gc,metaspace   ] GC(162) Metaspace: 6302K(6528K)->6302K(6528K) NonClass: 5769K(5888K)->5769K(5888K) Class: 533K(640K)->533K(640K)
[11.339s][info][gc             ] GC(162) Pause Young (Allocation Failure) 1703M->1703M(1897M) 36.399ms
[11.339s][info][gc,cpu         ] GC(162) User=0.06s Sys=0.00s Real=0.04s
[11.363s][info][gc,start       ] GC(163) Pause Young (Allocation Failure)
[11.406s][info][gc,heap        ] GC(163) PSYoungGen: 86848K(97792K)->81920K(104448K) Eden: 22528K(22528K)->0K(22528K) From: 64320K(75264K)->81920K(81920K)
[11.406s][info][gc,heap        ] GC(163) ParOldGen: 1679683K(1844736K)->1684539K(1844736K)
[11.406s][info][gc,metaspace   ] GC(163) Metaspace: 6302K(6528K)->6302K(6528K) NonClass: 5769K(5888K)->5769K(5888K) Class: 533K(640K)->533K(640K)
[11.406s][info][gc             ] GC(163) Pause Young (Allocation Failure) 1725M->1725M(1903M) 43.777ms
[11.406s][info][gc,cpu         ] GC(163) User=0.22s Sys=0.03s Real=0.04s
[11.430s][info][gc,start       ] GC(164) Pause Young (Allocation Failure)
[11.483s][info][gc,heap        ] GC(164) PSYoungGen: 104448K(104448K)->69760K(116224K) Eden: 22528K(22528K)->0K(20480K) From: 81920K(81920K)->69760K(95744K)
[11.483s][info][gc,heap        ] GC(164) ParOldGen: 1684539K(1844736K)->1719795K(1844736K)
[11.483s][info][gc,metaspace   ] GC(164) Metaspace: 6302K(6528K)->6302K(6528K) NonClass: 5769K(5888K)->5769K(5888K) Class: 533K(640K)->533K(640K)
[11.483s][info][gc             ] GC(164) Pause Young (Allocation Failure) 1747M->1747M(1915M) 53.160ms
[11.483s][info][gc,cpu         ] GC(164) User=0.36s Sys=0.00s Real=0.05s
[11.505s][info][gc,start       ] GC(165) Pause Young (Allocation Failure)
[11.551s][info][gc,heap        ] GC(165) PSYoungGen: 90240K(116224K)->64672K(120832K) Eden: 20480K(20480K)->0K(20480K) From: 69760K(95744K)->64672K(100352K)
[11.551s][info][gc,heap        ] GC(165) ParOldGen: 1719795K(1844736K)->1745723K(1844736K)
[11.551s][info][gc,metaspace   ] GC(165) Metaspace: 6302K(6528K)->6302K(6528K) NonClass: 5769K(5888K)->5769K(5888K) Class: 533K(640K)->533K(640K)
[11.551s][info][gc             ] GC(165) Pause Young (Allocation Failure) 1767M->1767M(1919M) 45.671ms
[11.551s][info][gc,cpu         ] GC(165) User=0.25s Sys=0.02s Real=0.05s
[11.572s][info][gc,start       ] GC(166) Pause Young (Allocation Failure)
[11.615s][info][gc,heap        ] GC(166) PSYoungGen: 85152K(120832K)->63680K(124416K) Eden: 20480K(20480K)->0K(22528K) From: 64672K(100352K)->63680K(101888K)
[11.616s][info][gc,heap        ] GC(166) ParOldGen: 1745723K(1844736K)->1767483K(1844736K)
[11.616s][info][gc,metaspace   ] GC(166) Metaspace: 6302K(6528K)->6302K(6528K) NonClass: 5769K(5888K)->5769K(5888K) Class: 533K(640K)->533K(640K)
[11.616s][info][gc             ] GC(166) Pause Young (Allocation Failure) 1787M->1788M(1923M) 43.803ms
[11.616s][info][gc,cpu         ] GC(166) User=0.22s Sys=0.02s Real=0.04s
[11.640s][info][gc,start       ] GC(167) Pause Young (Allocation Failure)
[11.685s][info][gc,heap        ] GC(167) PSYoungGen: 86208K(124416K)->63648K(124928K) Eden: 22528K(22528K)->0K(22528K) From: 63680K(101888K)->63648K(102400K)
[11.685s][info][gc,heap        ] GC(167) ParOldGen: 1767483K(1844736K)->1790307K(1844736K)
[11.685s][info][gc,metaspace   ] GC(167) Metaspace: 6302K(6528K)->6302K(6528K) NonClass: 5769K(5888K)->5769K(5888K) Class: 533K(640K)->533K(640K)
[11.685s][info][gc             ] GC(167) Pause Young (Allocation Failure) 1810M->1810M(1923M) 44.399ms
[11.685s][info][gc,cpu         ] GC(167) User=0.25s Sys=0.00s Real=0.04s
[11.711s][info][gc,start       ] GC(168) Pause Young (Allocation Failure)
[11.755s][info][gc,heap        ] GC(168) PSYoungGen: 86176K(124928K)->45184K(119808K) Eden: 22528K(22528K)->0K(25600K) From: 63648K(102400K)->45184K(94208K)
[11.755s][info][gc,heap        ] GC(168) ParOldGen: 1790307K(1844736K)->1831787K(1844736K)
[11.755s][info][gc,metaspace   ] GC(168) Metaspace: 6302K(6528K)->6302K(6528K) NonClass: 5769K(5888K)->5769K(5888K) Class: 533K(640K)->533K(640K)
[11.755s][info][gc             ] GC(168) Pause Young (Allocation Failure) 1832M->1832M(1918M) 44.715ms
[11.755s][info][gc,cpu         ] GC(168) User=0.20s Sys=0.06s Real=0.05s
[11.755s][info][gc,start       ] GC(169) Pause Full (Ergonomics)
[11.755s][info][gc,phases,start] GC(169) Marking Phase
[12.180s][info][gc,phases      ] GC(169) Marking Phase 425.034ms
[12.180s][info][gc,phases,start] GC(169) Summary Phase
[12.181s][info][gc,phases      ] GC(169) Summary Phase 0.033ms
[12.181s][info][gc,phases,start] GC(169) Adjust Roots
[12.181s][info][gc,phases      ] GC(169) Adjust Roots 0.172ms
[12.181s][info][gc,phases,start] GC(169) Compaction Phase
[12.364s][info][gc,phases      ] GC(169) Compaction Phase 183.624ms
[12.364s][info][gc,phases,start] GC(169) Post Compact
[12.368s][info][gc,phases      ] GC(169) Post Compact 3.414ms
[12.369s][info][gc,heap        ] GC(169) PSYoungGen: 45184K(119808K)->30178K(123392K) Eden: 0K(25600K)->0K(29184K) From: 45184K(94208K)->30178K(94208K)
[12.369s][info][gc,heap        ] GC(169) ParOldGen: 1831787K(1844736K)->1844294K(2044416K)
[12.369s][info][gc,metaspace   ] GC(169) Metaspace: 6302K(6528K)->6302K(6528K) NonClass: 5769K(5888K)->5769K(5888K) Class: 533K(640K)->533K(640K)
[12.369s][info][gc             ] GC(169) Pause Full (Ergonomics) 1832M->1830M(2117M) 613.315ms
[12.369s][info][gc,cpu         ] GC(169) User=4.42s Sys=0.02s Real=0.61s
[12.405s][info][gc,start       ] GC(170) Pause Young (Allocation Failure)
[12.509s][info][gc,heap        ] GC(170) PSYoungGen: 59362K(123392K)->29376K(127488K) Eden: 29184K(29184K)->0K(29184K) From: 30178K(94208K)->29376K(98304K)
[12.509s][info][gc,heap        ] GC(170) ParOldGen: 1844294K(2044416K)->1874886K(2044416K)
[12.509s][info][gc,metaspace   ] GC(170) Metaspace: 6302K(6528K)->6302K(6528K) NonClass: 5769K(5888K)->5769K(5888K) Class: 533K(640K)->533K(640K)
[12.509s][info][gc             ] GC(170) Pause Young (Allocation Failure) 1859M->1859M(2121M) 103.472ms
[12.509s][info][gc,cpu         ] GC(170) User=0.59s Sys=0.02s Real=0.10s
[12.542s][info][gc,start       ] GC(171) Pause Young (Allocation Failure)
[12.578s][info][gc,heap        ] GC(171) PSYoungGen: 58560K(127488K)->29344K(126464K) Eden: 29184K(29184K)->0K(32768K) From: 29376K(98304K)->29344K(93696K)
[12.578s][info][gc,heap        ] GC(171) ParOldGen: 1874886K(2044416K)->1904470K(2044416K)
[12.578s][info][gc,metaspace   ] GC(171) Metaspace: 6302K(6528K)->6302K(6528K) NonClass: 5769K(5888K)->5769K(5888K) Class: 533K(640K)->533K(640K)
[12.578s][info][gc             ] GC(171) Pause Young (Allocation Failure) 1888M->1888M(2120M) 36.779ms
[12.578s][info][gc,cpu         ] GC(171) User=0.16s Sys=0.00s Real=0.04s
[12.618s][info][gc,start       ] GC(172) Pause Young (Allocation Failure)
[12.655s][info][gc,heap        ] GC(172) PSYoungGen: 62112K(126464K)->32960K(128000K) Eden: 32768K(32768K)->0K(32768K) From: 29344K(93696K)->32960K(95232K)
[12.655s][info][gc,heap        ] GC(172) ParOldGen: 1904470K(2044416K)->1934046K(2044416K)
[12.655s][info][gc,metaspace   ] GC(172) Metaspace: 6302K(6528K)->6302K(6528K) NonClass: 5769K(5888K)->5769K(5888K) Class: 533K(640K)->533K(640K)
[12.655s][info][gc             ] GC(172) Pause Young (Allocation Failure) 1920M->1920M(2121M) 36.959ms
[12.655s][info][gc,cpu         ] GC(172) User=0.14s Sys=0.02s Real=0.04s
[12.692s][info][gc,start       ] GC(173) Pause Young (Allocation Failure)
[12.732s][info][gc,heap        ] GC(173) PSYoungGen: 65728K(128000K)->32896K(123904K) Eden: 32768K(32768K)->0K(36352K) From: 32960K(95232K)->32896K(87552K)
[12.732s][info][gc,heap        ] GC(173) ParOldGen: 1934046K(2044416K)->1967254K(2044416K)
[12.732s][info][gc,metaspace   ] GC(173) Metaspace: 6302K(6528K)->6302K(6528K) NonClass: 5769K(5888K)->5769K(5888K) Class: 533K(640K)->533K(640K)
[12.732s][info][gc             ] GC(173) Pause Young (Allocation Failure) 1952M->1953M(2117M) 39.587ms
[12.732s][info][gc,cpu         ] GC(173) User=0.19s Sys=0.02s Real=0.04s
[12.777s][info][gc,start       ] GC(174) Pause Young (Allocation Failure)
[12.819s][info][gc,heap        ] GC(174) PSYoungGen: 69248K(123904K)->36512K(126464K) Eden: 36352K(36352K)->0K(36352K) From: 32896K(87552K)->36512K(90112K)
[12.819s][info][gc,heap        ] GC(174) ParOldGen: 1967254K(2044416K)->2000462K(2044416K)
[12.819s][info][gc,metaspace   ] GC(174) Metaspace: 6302K(6528K)->6302K(6528K) NonClass: 5769K(5888K)->5769K(5888K) Class: 533K(640K)->533K(640K)
[12.819s][info][gc             ] GC(174) Pause Young (Allocation Failure) 1988M->1989M(2120M) 41.883ms
[12.819s][info][gc,cpu         ] GC(174) User=0.27s Sys=0.00s Real=0.04s
[12.819s][info][gc,start       ] GC(175) Pause Full (Ergonomics)
[12.819s][info][gc,phases,start] GC(175) Marking Phase
[13.255s][info][gc,phases      ] GC(175) Marking Phase 435.742ms
[13.255s][info][gc,phases,start] GC(175) Summary Phase
[13.255s][info][gc,phases      ] GC(175) Summary Phase 0.044ms
[13.255s][info][gc,phases,start] GC(175) Adjust Roots
[13.255s][info][gc,phases      ] GC(175) Adjust Roots 0.168ms
[13.255s][info][gc,phases,start] GC(175) Compaction Phase
[13.461s][info][gc,phases      ] GC(175) Compaction Phase 205.563ms
[13.461s][info][gc,phases,start] GC(175) Post Compact
[13.465s][info][gc,phases      ] GC(175) Post Compact 3.655ms
[13.465s][info][gc,heap        ] GC(175) PSYoungGen: 36512K(126464K)->0K(126976K) Eden: 0K(36352K)->0K(40448K) From: 36512K(90112K)->0K(86528K)
[13.465s][info][gc,heap        ] GC(175) ParOldGen: 2000462K(2044416K)->2034567K(2256384K)
[13.466s][info][gc,metaspace   ] GC(175) Metaspace: 6302K(6528K)->6302K(6528K) NonClass: 5769K(5888K)->5769K(5888K) Class: 533K(640K)->533K(640K)
[13.466s][info][gc             ] GC(175) Pause Full (Ergonomics) 1989M->1986M(2327M) 646.374ms
[13.466s][info][gc,cpu         ] GC(175) User=4.69s Sys=0.02s Real=0.65s
[13.513s][info][gc,start       ] GC(176) Pause Young (Allocation Failure)
[13.542s][info][gc,heap        ] GC(176) PSYoungGen: 40448K(126976K)->40640K(81408K) Eden: 40448K(40448K)->0K(40448K) From: 0K(86528K)->40640K(40960K)
[13.542s][info][gc,heap        ] GC(176) ParOldGen: 2034567K(2256384K)->2034567K(2256384K)
[13.542s][info][gc,metaspace   ] GC(176) Metaspace: 6302K(6528K)->6302K(6528K) NonClass: 5769K(5888K)->5769K(5888K) Class: 533K(640K)->533K(640K)
[13.542s][info][gc             ] GC(176) Pause Young (Allocation Failure) 2026M->2026M(2283M) 29.259ms
[13.542s][info][gc,cpu         ] GC(176) User=0.05s Sys=0.00s Real=0.03s
[13.584s][info][gc,start       ] GC(177) Pause Young (Allocation Failure)
[13.627s][info][gc,heap        ] GC(177) PSYoungGen: 81088K(81408K)->81152K(116224K) Eden: 40448K(40448K)->0K(33792K) From: 40640K(40960K)->81152K(82432K)
[13.627s][info][gc,heap        ] GC(177) ParOldGen: 2034567K(2256384K)->2034567K(2256384K)
[13.627s][info][gc,metaspace   ] GC(177) Metaspace: 6302K(6528K)->6302K(6528K) NonClass: 5769K(5888K)->5769K(5888K) Class: 533K(640K)->533K(640K)
[13.627s][info][gc             ] GC(177) Pause Young (Allocation Failure) 2066M->2066M(2317M) 43.059ms
[13.627s][info][gc,cpu         ] GC(177) User=0.25s Sys=0.02s Real=0.04s
[13.664s][info][gc,start       ] GC(178) Pause Young (Allocation Failure)
[13.720s][info][gc,heap        ] GC(178) PSYoungGen: 114944K(116224K)->92672K(126464K) Eden: 33792K(33792K)->0K(33792K) From: 81152K(82432K)->92672K(92672K)
[13.720s][info][gc,heap        ] GC(178) ParOldGen: 2034567K(2256384K)->2056999K(2256384K)
[13.720s][info][gc,metaspace   ] GC(178) Metaspace: 6302K(6528K)->6302K(6528K) NonClass: 5769K(5888K)->5769K(5888K) Class: 533K(640K)->533K(640K)
[13.720s][info][gc             ] GC(178) Pause Young (Allocation Failure) 2099M->2099M(2327M) 56.099ms
[13.720s][info][gc,cpu         ] GC(178) User=0.34s Sys=0.05s Real=0.06s
[13.758s][info][gc,start       ] GC(179) Pause Young (Allocation Failure)
[13.822s][info][gc,heap        ] GC(179) PSYoungGen: 126464K(126464K)->91136K(143360K) Eden: 33792K(33792K)->0K(29696K) From: 92672K(92672K)->91136K(113664K)
[13.822s][info][gc,heap        ] GC(179) ParOldGen: 2056999K(2256384K)->2092927K(2256384K)
[13.822s][info][gc,metaspace   ] GC(179) Metaspace: 6302K(6528K)->6302K(6528K) NonClass: 5769K(5888K)->5769K(5888K) Class: 533K(640K)->533K(640K)
[13.822s][info][gc             ] GC(179) Pause Young (Allocation Failure) 2132M->2132M(2343M) 63.336ms
[13.822s][info][gc,cpu         ] GC(179) User=0.36s Sys=0.03s Real=0.06s
[13.858s][info][gc,start       ] GC(180) Pause Young (Allocation Failure)
[13.917s][info][gc,heap        ] GC(180) PSYoungGen: 120832K(143360K)->120864K(151040K) Eden: 29696K(29696K)->0K(29696K) From: 91136K(113664K)->120864K(121344K)
[13.917s][info][gc,heap        ] GC(180) ParOldGen: 2092927K(2256384K)->2092927K(2256384K)
[13.917s][info][gc,metaspace   ] GC(180) Metaspace: 6302K(6528K)->6302K(6528K) NonClass: 5769K(5888K)->5769K(5888K) Class: 533K(640K)->533K(640K)
[13.917s][info][gc             ] GC(180) Pause Young (Allocation Failure) 2161M->2161M(2351M) 58.355ms
[13.917s][info][gc,cpu         ] GC(180) User=0.34s Sys=0.00s Real=0.06s
[13.956s][info][gc,start       ] GC(181) Pause Young (Allocation Failure)
[14.032s][info][gc,heap        ] GC(181) PSYoungGen: 150560K(151040K)->118976K(159232K) Eden: 29696K(29696K)->0K(20480K) From: 120864K(121344K)->118976K(138752K)
[14.032s][info][gc,heap        ] GC(181) ParOldGen: 2092927K(2256384K)->2125015K(2256384K)
[14.032s][info][gc,metaspace   ] GC(181) Metaspace: 6302K(6528K)->6302K(6528K) NonClass: 5769K(5888K)->5769K(5888K) Class: 533K(640K)->533K(640K)
[14.032s][info][gc             ] GC(181) Pause Young (Allocation Failure) 2190M->2191M(2359M) 76.682ms
[14.032s][info][gc,cpu         ] GC(181) User=0.44s Sys=0.06s Real=0.08s
[14.057s][info][gc,start       ] GC(182) Pause Young (Allocation Failure)
[14.124s][info][gc,heap        ] GC(182) PSYoungGen: 139456K(159232K)->113952K(172032K) Eden: 20480K(20480K)->0K(20480K) From: 118976K(138752K)->113952K(151552K)
[14.124s][info][gc,heap        ] GC(182) ParOldGen: 2125015K(2256384K)->2150855K(2256384K)
[14.124s][info][gc,metaspace   ] GC(182) Metaspace: 6302K(6528K)->6302K(6528K) NonClass: 5769K(5888K)->5769K(5888K) Class: 533K(640K)->533K(640K)
[14.124s][info][gc             ] GC(182) Pause Young (Allocation Failure) 2211M->2211M(2371M) 66.604ms
[14.124s][info][gc,cpu         ] GC(182) User=0.39s Sys=0.00s Real=0.07s
[14.147s][info][gc,start       ] GC(183) Pause Young (Allocation Failure)
[14.211s][info][gc,heap        ] GC(183) PSYoungGen: 134432K(172032K)->100544K(182272K) Eden: 20480K(20480K)->0K(22016K) From: 113952K(151552K)->100544K(160256K)
[14.211s][info][gc,heap        ] GC(183) ParOldGen: 2150855K(2256384K)->2185119K(2256384K)
[14.211s][info][gc,metaspace   ] GC(183) Metaspace: 6302K(6528K)->6302K(6528K) NonClass: 5769K(5888K)->5769K(5888K) Class: 533K(640K)->533K(640K)
[14.211s][info][gc             ] GC(183) Pause Young (Allocation Failure) 2231M->2232M(2381M) 64.774ms
[14.212s][info][gc,cpu         ] GC(183) User=0.39s Sys=0.00s Real=0.06s
[14.236s][info][gc,start       ] GC(184) Pause Young (Allocation Failure)
[14.298s][info][gc,heap        ] GC(184) PSYoungGen: 122560K(182272K)->63136K(85504K) Eden: 22016K(22016K)->0K(22016K) From: 100544K(160256K)->63136K(63488K)
[14.298s][info][gc,heap        ] GC(184) ParOldGen: 2185119K(2256384K)->2245335K(2256384K)
[14.298s][info][gc,metaspace   ] GC(184) Metaspace: 6302K(6528K)->6302K(6528K) NonClass: 5769K(5888K)->5769K(5888K) Class: 533K(640K)->533K(640K)
[14.298s][info][gc             ] GC(184) Pause Young (Allocation Failure) 2253M->2254M(2287M) 61.279ms
[14.298s][info][gc,cpu         ] GC(184) User=0.33s Sys=0.03s Real=0.06s
[14.298s][info][gc,start       ] GC(185) Pause Full (Ergonomics)
[14.298s][info][gc,phases,start] GC(185) Marking Phase
[14.816s][info][gc,phases      ] GC(185) Marking Phase 518.476ms
[14.816s][info][gc,phases,start] GC(185) Summary Phase
[14.816s][info][gc,phases      ] GC(185) Summary Phase 0.065ms
[14.816s][info][gc,phases,start] GC(185) Adjust Roots
[14.817s][info][gc,phases      ] GC(185) Adjust Roots 0.255ms
[14.817s][info][gc,phases,start] GC(185) Compaction Phase
[15.036s][info][gc,phases      ] GC(185) Compaction Phase 219.126ms
[15.036s][info][gc,phases,start] GC(185) Post Compact
[15.040s][info][gc,phases      ] GC(185) Post Compact 4.486ms
[15.042s][info][gc,heap        ] GC(185) PSYoungGen: 63136K(85504K)->49086K(85504K) Eden: 0K(22016K)->0K(22016K) From: 63136K(63488K)->49086K(63488K)
[15.042s][info][gc,heap        ] GC(185) ParOldGen: 2245335K(2256384K)->2256055K(2505728K)
[15.042s][info][gc,metaspace   ] GC(185) Metaspace: 6302K(6528K)->6302K(6528K) NonClass: 5769K(5888K)->5769K(5888K) Class: 533K(640K)->533K(640K)
[15.042s][info][gc             ] GC(185) Pause Full (Ergonomics) 2254M->2251M(2530M) 743.886ms
[15.042s][info][gc,cpu         ] GC(185) User=5.33s Sys=0.03s Real=0.74s
[15.068s][info][gc,start       ] GC(186) Pause Young (Allocation Failure)
[15.196s][info][gc,heap        ] GC(186) PSYoungGen: 71102K(85504K)->39744K(175104K) Eden: 22016K(22016K)->0K(24576K) From: 49086K(63488K)->39744K(150528K)
[15.196s][info][gc,heap        ] GC(186) ParOldGen: 2256055K(2505728K)->2287943K(2505728K)
[15.196s][info][gc,metaspace   ] GC(186) Metaspace: 6302K(6528K)->6302K(6528K) NonClass: 5769K(5888K)->5769K(5888K) Class: 533K(640K)->533K(640K)
[15.196s][info][gc             ] GC(186) Pause Young (Allocation Failure) 2272M->2273M(2618M) 128.199ms
[15.196s][info][gc,cpu         ] GC(186) User=0.75s Sys=0.03s Real=0.13s
[15.225s][info][gc,start       ] GC(187) Pause Young (Allocation Failure)
[15.264s][info][gc,heap        ] GC(187) PSYoungGen: 64320K(175104K)->46784K(71680K) Eden: 24576K(24576K)->0K(24576K) From: 39744K(150528K)->46784K(47104K)
[15.264s][info][gc,heap        ] GC(187) ParOldGen: 2287943K(2505728K)->2305703K(2505728K)
[15.264s][info][gc,metaspace   ] GC(187) Metaspace: 6302K(6528K)->6302K(6528K) NonClass: 5769K(5888K)->5769K(5888K) Class: 533K(640K)->533K(640K)
[15.264s][info][gc             ] GC(187) Pause Young (Allocation Failure) 2297M->2297M(2517M) 38.798ms
[15.264s][info][gc,cpu         ] GC(187) User=0.25s Sys=0.00s Real=0.04s
[15.292s][info][gc,start       ] GC(188) Pause Young (Allocation Failure)
[15.333s][info][gc,heap        ] GC(188) PSYoungGen: 71360K(71680K)->49344K(167424K) Eden: 24576K(24576K)->0K(27648K) From: 46784K(47104K)->49344K(139776K)
[15.333s][info][gc,heap        ] GC(188) ParOldGen: 2305703K(2505728K)->2327919K(2505728K)
[15.333s][info][gc,metaspace   ] GC(188) Metaspace: 6302K(6528K)->6302K(6528K) NonClass: 5769K(5888K)->5769K(5888K) Class: 533K(640K)->533K(640K)
[15.333s][info][gc             ] GC(188) Pause Young (Allocation Failure) 2321M->2321M(2610M) 41.160ms
[15.333s][info][gc,cpu         ] GC(188) User=0.27s Sys=0.00s Real=0.04s
[15.366s][info][gc,start       ] GC(189) Pause Young (Allocation Failure)
[15.409s][info][gc,heap        ] GC(189) PSYoungGen: 76992K(167424K)->52416K(80384K) Eden: 27648K(27648K)->0K(27648K) From: 49344K(139776K)->52416K(52736K)
[15.409s][info][gc,heap        ] GC(189) ParOldGen: 2327919K(2505728K)->2352703K(2505728K)
[15.409s][info][gc,metaspace   ] GC(189) Metaspace: 6302K(6528K)->6302K(6528K) NonClass: 5769K(5888K)->5769K(5888K) Class: 533K(640K)->533K(640K)
[15.409s][info][gc             ] GC(189) Pause Young (Allocation Failure) 2348M->2348M(2525M) 43.528ms
[15.409s][info][gc,cpu         ] GC(189) User=0.27s Sys=0.00s Real=0.04s
[15.445s][info][gc,start       ] GC(190) Pause Young (Allocation Failure)
[15.492s][info][gc,heap        ] GC(190) PSYoungGen: 80064K(80384K)->55488K(159232K) Eden: 27648K(27648K)->0K(31232K) From: 52416K(52736K)->55488K(128000K)
[15.492s][info][gc,heap        ] GC(190) ParOldGen: 2352703K(2505728K)->2377511K(2505728K)
[15.492s][info][gc,metaspace   ] GC(190) Metaspace: 6302K(6528K)->6302K(6528K) NonClass: 5769K(5888K)->5769K(5888K) Class: 533K(640K)->533K(640K)
[15.492s][info][gc             ] GC(190) Pause Young (Allocation Failure) 2375M->2375M(2602M) 47.377ms
[15.492s][info][gc,cpu         ] GC(190) User=0.23s Sys=0.03s Real=0.05s
[15.530s][info][gc,start       ] GC(191) Pause Young (Allocation Failure)
[15.579s][info][gc,heap        ] GC(191) PSYoungGen: 86720K(159232K)->59040K(90624K) Eden: 31232K(31232K)->0K(31232K) From: 55488K(128000K)->59040K(59392K)
[15.580s][info][gc,heap        ] GC(191) ParOldGen: 2377511K(2505728K)->2405415K(2505728K)
[15.580s][info][gc,metaspace   ] GC(191) Metaspace: 6302K(6528K)->6302K(6528K) NonClass: 5769K(5888K)->5769K(5888K) Class: 533K(640K)->533K(640K)
[15.580s][info][gc             ] GC(191) Pause Young (Allocation Failure) 2406M->2406M(2535M) 49.285ms
[15.580s][info][gc,cpu         ] GC(191) User=0.25s Sys=0.00s Real=0.05s
[15.617s][info][gc,start       ] GC(192) Pause Young (Allocation Failure)
[15.668s][info][gc,heap        ] GC(192) PSYoungGen: 90272K(90624K)->62656K(151552K) Eden: 31232K(31232K)->0K(35328K) From: 59040K(59392K)->62656K(116224K)
[15.668s][info][gc,heap        ] GC(192) ParOldGen: 2405415K(2505728K)->2433327K(2505728K)
[15.668s][info][gc,metaspace   ] GC(192) Metaspace: 6302K(6528K)->6302K(6528K) NonClass: 5769K(5888K)->5769K(5888K) Class: 533K(640K)->533K(640K)
[15.668s][info][gc             ] GC(192) Pause Young (Allocation Failure) 2437M->2437M(2595M) 51.506ms
[15.668s][info][gc,cpu         ] GC(192) User=0.27s Sys=0.00s Real=0.05s
[15.712s][info][gc,start       ] GC(193) Pause Young (Allocation Failure)
[15.766s][info][gc,heap        ] GC(193) PSYoungGen: 97984K(151552K)->66784K(102400K) Eden: 35328K(35328K)->0K(35328K) From: 62656K(116224K)->66784K(67072K)
[15.766s][info][gc,heap        ] GC(193) ParOldGen: 2433327K(2505728K)->2464847K(2505728K)
[15.766s][info][gc,metaspace   ] GC(193) Metaspace: 6302K(6528K)->6302K(6528K) NonClass: 5769K(5888K)->5769K(5888K) Class: 533K(640K)->533K(640K)
[15.766s][info][gc             ] GC(193) Pause Young (Allocation Failure) 2471M->2472M(2547M) 54.302ms
[15.766s][info][gc,cpu         ] GC(193) User=0.36s Sys=0.02s Real=0.05s
[15.766s][info][gc,start       ] GC(194) Pause Full (Ergonomics)
[15.766s][info][gc,phases,start] GC(194) Marking Phase
[16.341s][info][gc,phases      ] GC(194) Marking Phase 574.467ms
[16.341s][info][gc,phases,start] GC(194) Summary Phase
[16.341s][info][gc,phases      ] GC(194) Summary Phase 0.037ms
[16.341s][info][gc,phases,start] GC(194) Adjust Roots
[16.341s][info][gc,phases      ] GC(194) Adjust Roots 0.171ms
[16.341s][info][gc,phases,start] GC(194) Compaction Phase
[16.568s][info][gc,phases      ] GC(194) Compaction Phase 226.442ms
[16.568s][info][gc,phases,start] GC(194) Post Compact
[16.573s][info][gc,phases      ] GC(194) Post Compact 5.056ms
[16.574s][info][gc,heap        ] GC(194) PSYoungGen: 66784K(102400K)->23564K(102400K) Eden: 0K(35328K)->0K(35328K) From: 66784K(67072K)->23564K(67072K)
[16.574s][info][gc,heap        ] GC(194) ParOldGen: 2464847K(2505728K)->2505587K(2762240K)
[16.574s][info][gc,metaspace   ] GC(194) Metaspace: 6302K(6528K)->6302K(6528K) NonClass: 5769K(5888K)->5769K(5888K) Class: 533K(640K)->533K(640K)
[16.574s][info][gc             ] GC(194) Pause Full (Ergonomics) 2472M->2469M(2797M) 807.660ms
[16.574s][info][gc,cpu         ] GC(194) User=6.06s Sys=0.03s Real=0.81s
[16.615s][info][gc,start       ] GC(195) Pause Young (Allocation Failure)
[16.752s][info][gc,heap        ] GC(195) PSYoungGen: 58892K(102400K)->49184K(150016K) Eden: 35328K(35328K)->0K(38912K) From: 23564K(67072K)->49184K(111104K)
[16.752s][info][gc,heap        ] GC(195) ParOldGen: 2505587K(2762240K)->2515603K(2762240K)
[16.752s][info][gc,metaspace   ] GC(195) Metaspace: 6302K(6528K)->6302K(6528K) NonClass: 5769K(5888K)->5769K(5888K) Class: 533K(640K)->533K(640K)
[16.752s][info][gc             ] GC(195) Pause Young (Allocation Failure) 2504M->2504M(2844M) 137.055ms
[16.752s][info][gc,cpu         ] GC(195) User=0.89s Sys=0.02s Real=0.14s
[16.800s][info][gc,start       ] GC(196) Pause Young (Allocation Failure)
[16.851s][info][gc,heap        ] GC(196) PSYoungGen: 88096K(150016K)->88160K(153088K) Eden: 38912K(38912K)->0K(38912K) From: 49184K(111104K)->88160K(114176K)
[16.851s][info][gc,heap        ] GC(196) ParOldGen: 2515603K(2762240K)->2515603K(2762240K)
[16.851s][info][gc,metaspace   ] GC(196) Metaspace: 6302K(6528K)->6302K(6528K) NonClass: 5769K(5888K)->5769K(5888K) Class: 533K(640K)->533K(640K)
[16.851s][info][gc             ] GC(196) Pause Young (Allocation Failure) 2542M->2542M(2847M) 50.403ms
[16.851s][info][gc,cpu         ] GC(196) User=0.27s Sys=0.00s Real=0.05s
[16.898s][info][gc,start       ] GC(197) Pause Young (Allocation Failure)
[16.962s][info][gc,heap        ] GC(197) PSYoungGen: 127072K(153088K)->118784K(144384K) Eden: 38912K(38912K)->0K(25600K) From: 88160K(114176K)->118784K(118784K)
[16.962s][info][gc,heap        ] GC(197) ParOldGen: 2515603K(2762240K)->2523891K(2762240K)
[16.962s][info][gc,metaspace   ] GC(197) Metaspace: 6302K(6528K)->6302K(6528K) NonClass: 5769K(5888K)->5769K(5888K) Class: 533K(640K)->533K(640K)
[16.962s][info][gc             ] GC(197) Pause Young (Allocation Failure) 2580M->2580M(2838M) 64.533ms
[16.962s][info][gc,cpu         ] GC(197) User=0.41s Sys=0.00s Real=0.06s
[16.994s][info][gc,start       ] GC(198) Pause Young (Allocation Failure)
[17.070s][info][gc,heap        ] GC(198) PSYoungGen: 144384K(144384K)->98272K(161792K) Eden: 25600K(25600K)->0K(25600K) From: 118784K(118784K)->98272K(136192K)
[17.070s][info][gc,heap        ] GC(198) ParOldGen: 2523891K(2762240K)->2570507K(2762240K)
[17.070s][info][gc,metaspace   ] GC(198) Metaspace: 6302K(6528K)->6302K(6528K) NonClass: 5769K(5888K)->5769K(5888K) Class: 533K(640K)->533K(640K)
[17.070s][info][gc             ] GC(198) Pause Young (Allocation Failure) 2605M->2606M(2855M) 76.603ms
[17.070s][info][gc,cpu         ] GC(198) User=0.47s Sys=0.05s Real=0.08s
[17.104s][info][gc,start       ] GC(199) Pause Young (Allocation Failure)
[17.167s][info][gc,heap        ] GC(199) PSYoungGen: 123872K(161792K)->87008K(164352K) Eden: 25600K(25600K)->0K(28672K) From: 98272K(136192K)->87008K(135680K)
[17.167s][info][gc,heap        ] GC(199) ParOldGen: 2570507K(2762240K)->2607707K(2762240K)
[17.167s][info][gc,metaspace   ] GC(199) Metaspace: 6302K(6528K)->6302K(6528K) NonClass: 5769K(5888K)->5769K(5888K) Class: 533K(640K)->533K(640K)
[17.167s][info][gc             ] GC(199) Pause Young (Allocation Failure) 2631M->2631M(2858M) 63.845ms
[17.168s][info][gc,cpu         ] GC(199) User=0.38s Sys=0.00s Real=0.06s
[17.203s][info][gc,start       ] GC(200) Pause Young (Allocation Failure)
[17.264s][info][gc,heap        ] GC(200) PSYoungGen: 115680K(164352K)->80032K(109056K) Eden: 28672K(28672K)->0K(28672K) From: 87008K(135680K)->80032K(80384K)
[17.264s][info][gc,heap        ] GC(200) ParOldGen: 2607707K(2762240K)->2643619K(2762240K)
[17.264s][info][gc,metaspace   ] GC(200) Metaspace: 6302K(6528K)->6302K(6528K) NonClass: 5769K(5888K)->5769K(5888K) Class: 533K(640K)->533K(640K)
[17.264s][info][gc             ] GC(200) Pause Young (Allocation Failure) 2659M->2659M(2804M) 61.005ms
[17.264s][info][gc,cpu         ] GC(200) User=0.38s Sys=0.00s Real=0.06s
[17.298s][info][gc,start       ] GC(201) Pause Young (Allocation Failure)
[17.358s][info][gc,heap        ] GC(201) PSYoungGen: 108704K(109056K)->57504K(160768K) Eden: 28672K(28672K)->0K(32768K) From: 80032K(80384K)->57504K(128000K)
[17.358s][info][gc,heap        ] GC(201) ParOldGen: 2643619K(2762240K)->2695251K(2762240K)
[17.358s][info][gc,metaspace   ] GC(201) Metaspace: 6302K(6528K)->6302K(6528K) NonClass: 5769K(5888K)->5769K(5888K) Class: 533K(640K)->533K(640K)
[17.358s][info][gc             ] GC(201) Pause Young (Allocation Failure) 2687M->2688M(2854M) 60.098ms
[17.358s][info][gc,cpu         ] GC(201) User=0.36s Sys=0.03s Real=0.06s
[17.395s][info][gc,start       ] GC(202) Pause Young (Allocation Failure)
[17.449s][info][gc,heap        ] GC(202) PSYoungGen: 90272K(160768K)->32928K(163328K) Eden: 32768K(32768K)->0K(32768K) From: 57504K(128000K)->32928K(130560K)
[17.449s][info][gc,heap        ] GC(202) ParOldGen: 2695251K(2762240K)->2753075K(2762240K)
[17.449s][info][gc,metaspace   ] GC(202) Metaspace: 6302K(6528K)->6302K(6528K) NonClass: 5769K(5888K)->5769K(5888K) Class: 533K(640K)->533K(640K)
[17.449s][info][gc             ] GC(202) Pause Young (Allocation Failure) 2720M->2720M(2857M) 53.305ms
[17.449s][info][gc,cpu         ] GC(202) User=0.23s Sys=0.02s Real=0.05s
[17.449s][info][gc,start       ] GC(203) Pause Full (Ergonomics)
[17.449s][info][gc,phases,start] GC(203) Marking Phase
[18.082s][info][gc,phases      ] GC(203) Marking Phase 633.162ms
[18.082s][info][gc,phases,start] GC(203) Summary Phase
[18.082s][info][gc,phases      ] GC(203) Summary Phase 0.037ms
[18.082s][info][gc,phases,start] GC(203) Adjust Roots
[18.082s][info][gc,phases      ] GC(203) Adjust Roots 0.165ms
[18.082s][info][gc,phases,start] GC(203) Compaction Phase
[18.323s][info][gc,phases      ] GC(203) Compaction Phase 240.473ms
[18.323s][info][gc,phases,start] GC(203) Post Compact
[18.328s][info][gc,phases      ] GC(203) Post Compact 5.090ms
[18.329s][info][gc,heap        ] GC(203) PSYoungGen: 32928K(163328K)->21487K(163328K) Eden: 0K(32768K)->0K(32768K) From: 32928K(130560K)->21487K(130560K)
[18.329s][info][gc,heap        ] GC(203) ParOldGen: 2753075K(2762240K)->2761868K(3063808K)
[18.329s][info][gc,metaspace   ] GC(203) Metaspace: 6302K(6528K)->6302K(6528K) NonClass: 5769K(5888K)->5769K(5888K) Class: 533K(640K)->533K(640K)
[18.329s][info][gc             ] GC(203) Pause Full (Ergonomics) 2720M->2718M(3151M) 880.293ms
[18.329s][info][gc,cpu         ] GC(203) User=6.55s Sys=0.09s Real=0.88s
[18.370s][info][gc,start       ] GC(204) Pause Young (Allocation Failure)
[18.518s][info][gc,heap        ] GC(204) PSYoungGen: 54255K(163328K)->32896K(167936K) Eden: 32768K(32768K)->0K(36352K) From: 21487K(130560K)->32896K(131584K)
[18.518s][info][gc,heap        ] GC(204) ParOldGen: 2761868K(3063808K)->2783580K(3063808K)
[18.518s][info][gc,metaspace   ] GC(204) Metaspace: 6302K(6528K)->6302K(6528K) NonClass: 5769K(5888K)->5769K(5888K) Class: 533K(640K)->533K(640K)
[18.518s][info][gc             ] GC(204) Pause Young (Allocation Failure) 2750M->2750M(3156M) 148.006ms
[18.518s][info][gc,cpu         ] GC(204) User=0.88s Sys=0.00s Real=0.15s
[19.104s][info][gc,start       ] GC(205) Pause Young (Allocation Failure)
[19.214s][info][gc,heap        ] GC(205) PSYoungGen: 69248K(167936K)->36544K(168448K) Eden: 36352K(36352K)->0K(36352K) From: 32896K(131584K)->36544K(132096K)
[19.214s][info][gc,heap        ] GC(205) ParOldGen: 2914652K(3063808K)->2947716K(3063808K)
[19.214s][info][gc,metaspace   ] GC(205) Metaspace: 6302K(6528K)->6302K(6528K) NonClass: 5769K(5888K)->5769K(5888K) Class: 533K(640K)->533K(640K)
[19.214s][info][gc             ] GC(205) Pause Young (Allocation Failure) 2913M->2914M(3156M) 109.566ms
[19.214s][info][gc,cpu         ] GC(205) User=0.56s Sys=0.00s Real=0.11s
[19.258s][info][gc,start       ] GC(206) Pause Young (Allocation Failure)
[19.312s][info][gc,heap        ] GC(206) PSYoungGen: 72896K(168448K)->72864K(164352K) Eden: 36352K(36352K)->0K(39936K) From: 36544K(132096K)->72864K(124416K)
[19.312s][info][gc,heap        ] GC(206) ParOldGen: 2947716K(3063808K)->2947716K(3063808K)
[19.312s][info][gc,metaspace   ] GC(206) Metaspace: 6302K(6528K)->6302K(6528K) NonClass: 5769K(5888K)->5769K(5888K) Class: 533K(640K)->533K(640K)
[19.312s][info][gc             ] GC(206) Pause Young (Allocation Failure) 2949M->2949M(3152M) 54.755ms
[19.312s][info][gc,cpu         ] GC(206) User=0.19s Sys=0.00s Real=0.05s
[19.355s][info][gc,start       ] GC(207) Pause Young (Allocation Failure)
[19.422s][info][gc,heap        ] GC(207) PSYoungGen: 112800K(164352K)->112928K(167424K) Eden: 39936K(39936K)->0K(39936K) From: 72864K(124416K)->112928K(127488K)
[19.422s][info][gc,heap        ] GC(207) ParOldGen: 2947716K(3063808K)->2947716K(3063808K)
[19.422s][info][gc,metaspace   ] GC(207) Metaspace: 6302K(6528K)->6302K(6528K) NonClass: 5769K(5888K)->5769K(5888K) Class: 533K(640K)->533K(640K)
[19.422s][info][gc             ] GC(207) Pause Young (Allocation Failure) 2988M->2988M(3155M) 66.978ms
[19.422s][info][gc,cpu         ] GC(207) User=0.25s Sys=0.00s Real=0.07s
[19.463s][info][gc,start       ] GC(208) Pause Young (Allocation Failure)
[19.541s][info][gc,heap        ] GC(208) PSYoungGen: 152864K(167424K)->116512K(172544K) Eden: 39936K(39936K)->0K(33280K) From: 112928K(127488K)->116512K(139264K)
[19.541s][info][gc,heap        ] GC(208) ParOldGen: 2947716K(3063808K)->2984396K(3063808K)
[19.541s][info][gc,metaspace   ] GC(208) Metaspace: 6302K(6528K)->6302K(6528K) NonClass: 5769K(5888K)->5769K(5888K) Class: 533K(640K)->533K(640K)
[19.541s][info][gc             ] GC(208) Pause Young (Allocation Failure) 3027M->3028M(3160M) 78.022ms
[19.541s][info][gc,cpu         ] GC(208) User=0.36s Sys=0.08s Real=0.08s
[19.575s][info][gc,start       ] GC(209) Pause Young (Allocation Failure)
[19.650s][info][gc,heap        ] GC(209) PSYoungGen: 149792K(172544K)->113408K(183296K) Eden: 33280K(33280K)->0K(33280K) From: 116512K(139264K)->113408K(150016K)
[19.650s][info][gc,heap        ] GC(209) ParOldGen: 2984396K(3063808K)->3021084K(3063808K)
[19.650s][info][gc,metaspace   ] GC(209) Metaspace: 6302K(6528K)->6302K(6528K) NonClass: 5769K(5888K)->5769K(5888K) Class: 533K(640K)->533K(640K)
[19.651s][info][gc             ] GC(209) Pause Young (Allocation Failure) 3060M->3061M(3171M) 75.452ms
[19.651s][info][gc,cpu         ] GC(209) User=0.34s Sys=0.00s Real=0.08s
[19.651s][info][gc,start       ] GC(210) Pause Full (Ergonomics)
[19.651s][info][gc,phases,start] GC(210) Marking Phase
[20.339s][info][gc,phases      ] GC(210) Marking Phase 688.823ms
[20.339s][info][gc,phases,start] GC(210) Summary Phase
[20.340s][info][gc,phases      ] GC(210) Summary Phase 0.044ms
[20.340s][info][gc,phases,start] GC(210) Adjust Roots
[20.340s][info][gc,phases      ] GC(210) Adjust Roots 0.166ms
[20.340s][info][gc,phases,start] GC(210) Compaction Phase
[20.827s][info][gc,phases      ] GC(210) Compaction Phase 487.046ms
[20.827s][info][gc,phases,start] GC(210) Post Compact
[20.833s][info][gc,phases      ] GC(210) Post Compact 6.543ms
[20.835s][info][gc,heap        ] GC(210) PSYoungGen: 113408K(183296K)->3722K(183296K) Eden: 0K(33280K)->0K(33280K) From: 113408K(150016K)->3722K(150016K)
[20.835s][info][gc,heap        ] GC(210) ParOldGen: 3021084K(3063808K)->3063606K(3380224K)
[20.835s][info][gc,metaspace   ] GC(210) Metaspace: 6302K(6528K)->6302K(6528K) NonClass: 5769K(5888K)->5769K(5888K) Class: 533K(640K)->533K(640K)
[20.835s][info][gc             ] GC(210) Pause Full (Ergonomics) 3061M->2995M(3480M) 1184.047ms
[20.835s][info][gc,cpu         ] GC(210) User=8.14s Sys=0.11s Real=1.18s
[20.869s][info][gc,start       ] GC(211) Pause Young (Allocation Failure)
[21.026s][info][gc,heap        ] GC(211) PSYoungGen: 37002K(183296K)->37184K(190976K) Eden: 33280K(33280K)->0K(36864K) From: 3722K(150016K)->37184K(154112K)
[21.026s][info][gc,heap        ] GC(211) ParOldGen: 3063606K(3380224K)->3063606K(3380224K)
[21.026s][info][gc,metaspace   ] GC(211) Metaspace: 6302K(6528K)->6302K(6528K) NonClass: 5769K(5888K)->5769K(5888K) Class: 533K(640K)->533K(640K)
[21.026s][info][gc             ] GC(211) Pause Young (Allocation Failure) 3027M->3028M(3487M) 156.934ms
[21.026s][info][gc,cpu         ] GC(211) User=0.91s Sys=0.00s Real=0.16s
[21.061s][info][gc,start       ] GC(212) Pause Young (Allocation Failure)
[21.116s][info][gc,heap        ] GC(212) PSYoungGen: 74048K(190976K)->74080K(111104K) Eden: 36864K(36864K)->0K(36864K) From: 37184K(154112K)->74080K(74240K)
[21.116s][info][gc,heap        ] GC(212) ParOldGen: 3063606K(3380224K)->3063606K(3380224K)
[21.116s][info][gc,metaspace   ] GC(212) Metaspace: 6302K(6528K)->6302K(6528K) NonClass: 5769K(5888K)->5769K(5888K) Class: 533K(640K)->533K(640K)
[21.116s][info][gc             ] GC(212) Pause Young (Allocation Failure) 3064M->3064M(3409M) 54.884ms
[21.116s][info][gc,cpu         ] GC(212) User=0.03s Sys=0.00s Real=0.06s
[21.154s][info][gc,start       ] GC(213) Pause Young (Allocation Failure)
[21.220s][info][gc,heap        ] GC(213) PSYoungGen: 110944K(111104K)->108960K(183296K) Eden: 36864K(36864K)->0K(35328K) From: 74080K(74240K)->108960K(147968K)
[21.220s][info][gc,heap        ] GC(213) ParOldGen: 3063606K(3380224K)->3065662K(3380224K)
[21.220s][info][gc,metaspace   ] GC(213) Metaspace: 6302K(6528K)->6302K(6528K) NonClass: 5769K(5888K)->5769K(5888K) Class: 533K(640K)->533K(640K)
[21.220s][info][gc             ] GC(213) Pause Young (Allocation Failure) 3100M->3100M(3480M) 65.744ms
[21.220s][info][gc,cpu         ] GC(213) User=0.23s Sys=0.00s Real=0.07s
[21.261s][info][gc,start       ] GC(214) Pause Young (Allocation Failure)
[21.336s][info][gc,heap        ] GC(214) PSYoungGen: 144288K(183296K)->142656K(188928K) Eden: 35328K(35328K)->0K(35328K) From: 108960K(147968K)->142656K(153600K)
[21.336s][info][gc,heap        ] GC(214) ParOldGen: 3065662K(3380224K)->3067430K(3380224K)
[21.336s][info][gc,metaspace   ] GC(214) Metaspace: 6302K(6528K)->6302K(6528K) NonClass: 5769K(5888K)->5769K(5888K) Class: 533K(640K)->533K(640K)
[21.336s][info][gc             ] GC(214) Pause Young (Allocation Failure) 3134M->3134M(3485M) 74.637ms
[21.336s][info][gc,cpu         ] GC(214) User=0.31s Sys=0.00s Real=0.08s
[21.374s][info][gc,start       ] GC(215) Pause Young (Allocation Failure)
[21.462s][info][gc,heap        ] GC(215) PSYoungGen: 177984K(188928K)->144672K(195584K) Eden: 35328K(35328K)->0K(25600K) From: 142656K(153600K)->144672K(169984K)
[21.462s][info][gc,heap        ] GC(215) ParOldGen: 3067430K(3380224K)->3101006K(3380224K)
[21.462s][info][gc,metaspace   ] GC(215) Metaspace: 6302K(6528K)->6302K(6528K) NonClass: 5769K(5888K)->5769K(5888K) Class: 533K(640K)->533K(640K)
[21.462s][info][gc             ] GC(215) Pause Young (Allocation Failure) 3169M->3169M(3492M) 88.099ms
[21.462s][info][gc,cpu         ] GC(215) User=0.41s Sys=0.11s Real=0.09s
[21.487s][info][gc,start       ] GC(216) Pause Young (Allocation Failure)
[21.571s][info][gc,heap        ] GC(216) PSYoungGen: 170272K(195584K)->96448K(122368K) Eden: 25600K(25600K)->0K(25600K) From: 144672K(169984K)->96448K(96768K)
[21.571s][info][gc,heap        ] GC(216) ParOldGen: 3101006K(3380224K)->3175374K(3380224K)
[21.571s][info][gc,metaspace   ] GC(216) Metaspace: 6302K(6528K)->6302K(6528K) NonClass: 5769K(5888K)->5769K(5888K) Class: 533K(640K)->533K(640K)
[21.571s][info][gc             ] GC(216) Pause Young (Allocation Failure) 3194M->3195M(3420M) 83.623ms
[21.571s][info][gc,cpu         ] GC(216) User=0.48s Sys=0.03s Real=0.08s
[21.599s][info][gc,start       ] GC(217) Pause Young (Allocation Failure)
[21.666s][info][gc,heap        ] GC(217) PSYoungGen: 122048K(122368K)->51392K(202240K) Eden: 25600K(25600K)->0K(29184K) From: 96448K(96768K)->51392K(173056K)
[21.666s][info][gc,heap        ] GC(217) ParOldGen: 3175374K(3380224K)->3246646K(3380224K)
[21.666s][info][gc,metaspace   ] GC(217) Metaspace: 6302K(6528K)->6302K(6528K) NonClass: 5769K(5888K)->5769K(5888K) Class: 533K(640K)->533K(640K)
[21.666s][info][gc             ] GC(217) Pause Young (Allocation Failure) 3220M->3220M(3498M) 67.767ms
[21.666s][info][gc,cpu         ] GC(217) User=0.25s Sys=0.03s Real=0.07s
[21.697s][info][gc,start       ] GC(218) Pause Young (Allocation Failure)
[21.755s][info][gc,heap        ] GC(218) PSYoungGen: 80576K(202240K)->29376K(204288K) Eden: 29184K(29184K)->0K(29184K) From: 51392K(173056K)->29376K(175104K)
[21.755s][info][gc,heap        ] GC(218) ParOldGen: 3246646K(3380224K)->3298278K(3380224K)
[21.755s][info][gc,metaspace   ] GC(218) Metaspace: 6302K(6528K)->6302K(6528K) NonClass: 5769K(5888K)->5769K(5888K) Class: 533K(640K)->533K(640K)
[21.755s][info][gc             ] GC(218) Pause Young (Allocation Failure) 3249M->3249M(3500M) 58.181ms
[21.755s][info][gc,cpu         ] GC(218) User=0.25s Sys=0.03s Real=0.06s
[21.755s][info][gc,start       ] GC(219) Pause Full (Ergonomics)
[21.755s][info][gc,phases,start] GC(219) Marking Phase
[22.502s][info][gc,phases      ] GC(219) Marking Phase 746.767ms
[22.502s][info][gc,phases,start] GC(219) Summary Phase
[22.502s][info][gc,phases      ] GC(219) Summary Phase 0.062ms
[22.502s][info][gc,phases,start] GC(219) Adjust Roots
[22.502s][info][gc,phases      ] GC(219) Adjust Roots 0.185ms
[22.502s][info][gc,phases,start] GC(219) Compaction Phase
[22.822s][info][gc,phases      ] GC(219) Compaction Phase 319.549ms
[22.822s][info][gc,phases,start] GC(219) Post Compact
[22.828s][info][gc,phases      ] GC(219) Post Compact 6.029ms
[22.829s][info][gc,heap        ] GC(219) PSYoungGen: 29376K(204288K)->0K(209408K) Eden: 0K(29184K)->0K(33280K) From: 29376K(175104K)->0K(176128K)
[22.829s][info][gc,heap        ] GC(219) ParOldGen: 3298278K(3380224K)->3325123K(3696128K)
[22.829s][info][gc,metaspace   ] GC(219) Metaspace: 6302K(6528K)->6302K(6528K) NonClass: 5769K(5888K)->5769K(5888K) Class: 533K(640K)->533K(640K)
[22.829s][info][gc             ] GC(219) Pause Full (Ergonomics) 3249M->3247M(3814M) 1073.946ms
[22.829s][info][gc,cpu         ] GC(219) User=7.59s Sys=0.06s Real=1.07s
[22.865s][info][gc,start       ] GC(220) Pause Young (Allocation Failure)
[22.906s][info][gc,heap        ] GC(220) PSYoungGen: 33280K(209408K)->33472K(209408K) Eden: 33280K(33280K)->0K(33280K) From: 0K(176128K)->33472K(176128K)
[22.906s][info][gc,heap        ] GC(220) ParOldGen: 3325123K(3696128K)->3325123K(3696128K)
[22.906s][info][gc,metaspace   ] GC(220) Metaspace: 6302K(6528K)->6302K(6528K) NonClass: 5769K(5888K)->5769K(5888K) Class: 533K(640K)->533K(640K)
[22.906s][info][gc             ] GC(220) Pause Young (Allocation Failure) 3279M->3279M(3814M) 41.236ms
[22.906s][info][gc,cpu         ] GC(220) User=0.05s Sys=0.00s Real=0.04s
[22.943s][info][gc,start       ] GC(221) Pause Young (Allocation Failure)
[23.001s][info][gc,heap        ] GC(221) PSYoungGen: 66752K(209408K)->33472K(206336K) Eden: 33280K(33280K)->0K(36864K) From: 33472K(176128K)->33472K(169472K)
[23.001s][info][gc,heap        ] GC(221) ParOldGen: 3325123K(3696128K)->3358707K(3696128K)
[23.001s][info][gc,metaspace   ] GC(221) Metaspace: 6302K(6528K)->6302K(6528K) NonClass: 5769K(5888K)->5769K(5888K) Class: 533K(640K)->533K(640K)
[23.001s][info][gc             ] GC(221) Pause Young (Allocation Failure) 3312M->3312M(3811M) 58.217ms
[23.001s][info][gc,cpu         ] GC(221) User=0.27s Sys=0.02s Real=0.06s
[23.040s][info][gc,start       ] GC(222) Pause Young (Allocation Failure)
[23.095s][info][gc,heap        ] GC(222) PSYoungGen: 70336K(206336K)->37056K(208896K) Eden: 36864K(36864K)->0K(36864K) From: 33472K(169472K)->37056K(172032K)
[23.095s][info][gc,heap        ] GC(222) ParOldGen: 3358707K(3696128K)->3392299K(3696128K)
[23.095s][info][gc,metaspace   ] GC(222) Metaspace: 6302K(6528K)->6302K(6528K) NonClass: 5769K(5888K)->5769K(5888K) Class: 533K(640K)->533K(640K)
[23.095s][info][gc             ] GC(222) Pause Young (Allocation Failure) 3348M->3348M(3813M) 54.699ms
[23.095s][info][gc,cpu         ] GC(222) User=0.16s Sys=0.00s Real=0.05s
[23.134s][info][gc,start       ] GC(223) Pause Young (Allocation Failure)
[23.190s][info][gc,heap        ] GC(223) PSYoungGen: 73920K(208896K)->37024K(200192K) Eden: 36864K(36864K)->0K(41472K) From: 37056K(172032K)->37024K(158720K)
[23.190s][info][gc,heap        ] GC(223) ParOldGen: 3392299K(3696128K)->3429507K(3696128K)
[23.190s][info][gc,metaspace   ] GC(223) Metaspace: 6302K(6528K)->6302K(6528K) NonClass: 5769K(5888K)->5769K(5888K) Class: 533K(640K)->533K(640K)
[23.190s][info][gc             ] GC(223) Pause Young (Allocation Failure) 3384M->3385M(3805M) 56.419ms
[23.190s][info][gc,cpu         ] GC(223) User=0.19s Sys=0.02s Real=0.06s
[23.230s][info][gc,start       ] GC(224) Pause Young (Allocation Failure)
[23.283s][info][gc,heap        ] GC(224) PSYoungGen: 78496K(200192K)->41728K(83456K) Eden: 41472K(41472K)->0K(41472K) From: 37024K(158720K)->41728K(41984K)
[23.283s][info][gc,heap        ] GC(224) ParOldGen: 3429507K(3696128K)->3466699K(3696128K)
[23.283s][info][gc,metaspace   ] GC(224) Metaspace: 6302K(6528K)->6302K(6528K) NonClass: 5769K(5888K)->5769K(5888K) Class: 533K(640K)->533K(640K)
[23.283s][info][gc             ] GC(224) Pause Young (Allocation Failure) 3425M->3426M(3691M) 53.449ms
[23.283s][info][gc,cpu         ] GC(224) User=0.19s Sys=0.00s Real=0.05s
[23.323s][info][gc,start       ] GC(225) Pause Young (Allocation Failure)
[23.377s][info][gc,heap        ] GC(225) PSYoungGen: 83200K(83456K)->41696K(192000K) Eden: 41472K(41472K)->0K(46592K) From: 41728K(41984K)->41696K(145408K)
[23.377s][info][gc,heap        ] GC(225) ParOldGen: 3466699K(3696128K)->3508547K(3696128K)
[23.377s][info][gc,metaspace   ] GC(225) Metaspace: 6302K(6528K)->6302K(6528K) NonClass: 5769K(5888K)->5769K(5888K) Class: 533K(640K)->533K(640K)
[23.377s][info][gc             ] GC(225) Pause Young (Allocation Failure) 3466M->3467M(3797M) 53.321ms
[23.377s][info][gc,cpu         ] GC(225) User=0.25s Sys=0.05s Real=0.05s
[23.428s][info][gc,start       ] GC(226) Pause Young (Allocation Failure)
[23.489s][info][gc,heap        ] GC(226) PSYoungGen: 88288K(192000K)->46784K(93696K) Eden: 46592K(46592K)->0K(46592K) From: 41696K(145408K)->46784K(47104K)
[23.489s][info][gc,heap        ] GC(226) ParOldGen: 3508547K(3696128K)->3550395K(3696128K)
[23.489s][info][gc,metaspace   ] GC(226) Metaspace: 6302K(6528K)->6302K(6528K) NonClass: 5769K(5888K)->5769K(5888K) Class: 533K(640K)->533K(640K)
[23.489s][info][gc             ] GC(226) Pause Young (Allocation Failure) 3512M->3512M(3701M) 60.738ms
[23.489s][info][gc,cpu         ] GC(226) User=0.30s Sys=0.02s Real=0.06s
[23.540s][info][gc,start       ] GC(227) Pause Young (Allocation Failure)
[23.600s][info][gc,heap        ] GC(227) PSYoungGen: 93376K(93696K)->46784K(184832K) Eden: 46592K(46592K)->0K(52224K) From: 46784K(47104K)->46784K(132608K)
[23.600s][info][gc,heap        ] GC(227) ParOldGen: 3550395K(3696128K)->3597403K(3696128K)
[23.600s][info][gc,metaspace   ] GC(227) Metaspace: 6302K(6528K)->6302K(6528K) NonClass: 5769K(5888K)->5769K(5888K) Class: 533K(640K)->533K(640K)
[23.600s][info][gc             ] GC(227) Pause Young (Allocation Failure) 3558M->3558M(3790M) 60.216ms
[23.600s][info][gc,cpu         ] GC(227) User=0.27s Sys=0.02s Real=0.06s
[23.659s][info][gc,start       ] GC(228) Pause Young (Allocation Failure)
[23.723s][info][gc,heap        ] GC(228) PSYoungGen: 99008K(184832K)->52416K(104960K) Eden: 52224K(52224K)->0K(52224K) From: 46784K(132608K)->52416K(52736K)
[23.723s][info][gc,heap        ] GC(228) ParOldGen: 3597403K(3696128K)->3644419K(3696128K)
[23.723s][info][gc,metaspace   ] GC(228) Metaspace: 6302K(6528K)->6302K(6528K) NonClass: 5769K(5888K)->5769K(5888K) Class: 533K(640K)->533K(640K)
[23.723s][info][gc             ] GC(228) Pause Young (Allocation Failure) 3609M->3610M(3712M) 64.131ms
[23.723s][info][gc,cpu         ] GC(228) User=0.14s Sys=0.05s Real=0.06s
[23.723s][info][gc,start       ] GC(229) Pause Full (Ergonomics)
[23.723s][info][gc,phases,start] GC(229) Marking Phase
[24.555s][info][gc,phases      ] GC(229) Marking Phase 832.494ms
[24.555s][info][gc,phases,start] GC(229) Summary Phase
[24.555s][info][gc,phases      ] GC(229) Summary Phase 0.069ms
[24.555s][info][gc,phases,start] GC(229) Adjust Roots
[24.556s][info][gc,phases      ] GC(229) Adjust Roots 0.162ms
[24.556s][info][gc,phases,start] GC(229) Compaction Phase
[24.922s][info][gc,phases      ] GC(229) Compaction Phase 366.515ms
[24.922s][info][gc,phases,start] GC(229) Post Compact
[24.929s][info][gc,phases      ] GC(229) Post Compact 6.741ms
[24.930s][info][gc,heap        ] GC(229) PSYoungGen: 52416K(104960K)->0K(189952K) Eden: 0K(52224K)->0K(58368K) From: 52416K(52736K)->0K(131584K)
[24.930s][info][gc,heap        ] GC(229) ParOldGen: 3644419K(3696128K)->3693488K(4081664K)
[24.930s][info][gc,metaspace   ] GC(229) Metaspace: 6302K(6528K)->6302K(6528K) NonClass: 5769K(5888K)->5769K(5888K) Class: 533K(640K)->533K(640K)
[24.930s][info][gc             ] GC(229) Pause Full (Ergonomics) 3610M->3606M(4171M) 1207.528ms
[24.930s][info][gc,cpu         ] GC(229) User=8.77s Sys=0.00s Real=1.21s
[24.992s][info][gc,start       ] GC(230) Pause Young (Allocation Failure)
[25.043s][info][gc,heap        ] GC(230) PSYoungGen: 58368K(189952K)->58624K(117248K) Eden: 58368K(58368K)->0K(58368K) From: 0K(131584K)->58624K(58880K)
[25.043s][info][gc,heap        ] GC(230) ParOldGen: 3693488K(4081664K)->3693488K(4081664K)
[25.043s][info][gc,metaspace   ] GC(230) Metaspace: 6302K(6528K)->6302K(6528K) NonClass: 5769K(5888K)->5769K(5888K) Class: 533K(640K)->533K(640K)
[25.043s][info][gc             ] GC(230) Pause Young (Allocation Failure) 3663M->3664M(4100M) 50.838ms
[25.043s][info][gc,cpu         ] GC(230) User=0.09s Sys=0.00s Real=0.05s
[25.099s][info][gc,start       ] GC(231) Pause Young (Allocation Failure)
[25.164s][info][gc,heap        ] GC(231) PSYoungGen: 116992K(117248K)->117056K(173056K) Eden: 58368K(58368K)->0K(48640K) From: 58624K(58880K)->117056K(124416K)
[25.164s][info][gc,heap        ] GC(231) ParOldGen: 3693488K(4081664K)->3693488K(4081664K)
[25.164s][info][gc,metaspace   ] GC(231) Metaspace: 6302K(6528K)->6302K(6528K) NonClass: 5769K(5888K)->5769K(5888K) Class: 533K(640K)->533K(640K)
[25.164s][info][gc             ] GC(231) Pause Young (Allocation Failure) 3721M->3721M(4155M) 64.601ms
[25.164s][info][gc,cpu         ] GC(231) User=0.27s Sys=0.00s Real=0.06s
[25.218s][info][gc,start       ] GC(232) Pause Young (Allocation Failure)
[25.298s][info][gc,heap        ] GC(232) PSYoungGen: 165696K(173056K)->139776K(188416K) Eden: 48640K(48640K)->0K(48640K) From: 117056K(124416K)->139776K(139776K)
[25.298s][info][gc,heap        ] GC(232) ParOldGen: 3693488K(4081664K)->3719560K(4081664K)
[25.298s][info][gc,metaspace   ] GC(232) Metaspace: 6302K(6528K)->6302K(6528K) NonClass: 5769K(5888K)->5769K(5888K) Class: 533K(640K)->533K(640K)
[25.298s][info][gc             ] GC(232) Pause Young (Allocation Failure) 3768M->3768M(4170M) 80.094ms
[25.298s][info][gc,cpu         ] GC(232) User=0.42s Sys=0.02s Real=0.08s
[25.352s][info][gc,start       ] GC(233) Pause Young (Allocation Failure)
[25.445s][info][gc,heap        ] GC(233) PSYoungGen: 188416K(188416K)->96928K(221696K) Eden: 48640K(48640K)->0K(53760K) From: 139776K(139776K)->96928K(167936K)
[25.446s][info][gc,heap        ] GC(233) ParOldGen: 3719560K(4081664K)->3811904K(4081664K)
[25.446s][info][gc,metaspace   ] GC(233) Metaspace: 6302K(6528K)->6302K(6528K) NonClass: 5769K(5888K)->5769K(5888K) Class: 533K(640K)->533K(640K)
[25.446s][info][gc             ] GC(233) Pause Young (Allocation Failure) 3816M->3817M(4202M) 93.645ms
[25.446s][info][gc,cpu         ] GC(233) User=0.58s Sys=0.06s Real=0.09s
[25.502s][info][gc,start       ] GC(234) Pause Young (Allocation Failure)
[25.583s][info][gc,heap        ] GC(234) PSYoungGen: 150688K(221696K)->102688K(222720K) Eden: 53760K(53760K)->0K(53760K) From: 96928K(167936K)->102688K(168960K)
[25.583s][info][gc,heap        ] GC(234) ParOldGen: 3811904K(4081664K)->3860344K(4081664K)
[25.583s][info][gc,metaspace   ] GC(234) Metaspace: 6302K(6528K)->6302K(6528K) NonClass: 5769K(5888K)->5769K(5888K) Class: 533K(640K)->533K(640K)
[25.583s][info][gc             ] GC(234) Pause Young (Allocation Failure) 3869M->3870M(4203M) 80.810ms
[25.583s][info][gc,cpu         ] GC(234) User=0.30s Sys=0.05s Real=0.08s
[25.640s][info][gc,start       ] GC(235) Pause Young (Allocation Failure)
[25.721s][info][gc,heap        ] GC(235) PSYoungGen: 156448K(222720K)->107776K(227328K) Eden: 53760K(53760K)->0K(57856K) From: 102688K(168960K)->107776K(169472K)
[25.721s][info][gc,heap        ] GC(235) ParOldGen: 3860344K(4081664K)->3909416K(4081664K)
[25.721s][info][gc,metaspace   ] GC(235) Metaspace: 6302K(6528K)->6302K(6528K) NonClass: 5769K(5888K)->5769K(5888K) Class: 533K(640K)->533K(640K)
[25.721s][info][gc             ] GC(235) Pause Young (Allocation Failure) 3922M->3923M(4208M) 80.623ms
[25.721s][info][gc,cpu         ] GC(235) User=0.48s Sys=0.03s Real=0.08s
[25.782s][info][gc,start       ] GC(236) Pause Young (Allocation Failure)
[25.866s][info][gc,heap        ] GC(236) PSYoungGen: 165632K(227328K)->111968K(229376K) Eden: 57856K(57856K)->0K(57856K) From: 107776K(169472K)->111968K(171520K)
[25.866s][info][gc,heap        ] GC(236) ParOldGen: 3909416K(4081664K)->3963656K(4081664K)
[25.866s][info][gc,metaspace   ] GC(236) Metaspace: 6302K(6528K)->6302K(6528K) NonClass: 5769K(5888K)->5769K(5888K) Class: 533K(640K)->533K(640K)
[25.866s][info][gc             ] GC(236) Pause Young (Allocation Failure) 3979M->3980M(4210M) 83.674ms
[25.866s][info][gc,cpu         ] GC(236) User=0.52s Sys=0.00s Real=0.08s
[25.939s][info][gc,start       ] GC(237) Pause Young (Allocation Failure)
[26.026s][info][gc,heap        ] GC(237) PSYoungGen: 169824K(229376K)->116032K(235520K) Eden: 57856K(57856K)->0K(61952K) From: 111968K(171520K)->116032K(173568K)
[26.026s][info][gc,heap        ] GC(237) ParOldGen: 3963656K(4081664K)->4017888K(4081664K)
[26.026s][info][gc,metaspace   ] GC(237) Metaspace: 6302K(6528K)->6302K(6528K) NonClass: 5769K(5888K)->5769K(5888K) Class: 533K(640K)->533K(640K)
[26.026s][info][gc             ] GC(237) Pause Young (Allocation Failure) 4036M->4037M(4216M) 86.687ms
[26.026s][info][gc,cpu         ] GC(237) User=0.58s Sys=0.03s Real=0.09s
[26.026s][info][gc,start       ] GC(238) Pause Full (Ergonomics)
[26.026s][info][gc,phases,start] GC(238) Marking Phase
[26.971s][info][gc,phases      ] GC(238) Marking Phase 945.416ms
[26.971s][info][gc,phases,start] GC(238) Summary Phase
[26.971s][info][gc,phases      ] GC(238) Summary Phase 0.051ms
[26.971s][info][gc,phases,start] GC(238) Adjust Roots
[26.972s][info][gc,phases      ] GC(238) Adjust Roots 0.163ms
[26.972s][info][gc,phases,start] GC(238) Compaction Phase
[27.394s][info][gc,phases      ] GC(238) Compaction Phase 422.419ms
[27.394s][info][gc,phases,start] GC(238) Post Compact
[27.400s][info][gc,phases      ] GC(238) Post Compact 6.279ms
[27.402s][info][gc,heap        ] GC(238) PSYoungGen: 116032K(235520K)->49201K(235520K) Eden: 0K(61952K)->0K(61952K) From: 116032K(173568K)->49201K(173568K)
[27.402s][info][gc,heap        ] GC(238) ParOldGen: 4017888K(4081664K)->4081274K(4515840K)
[27.402s][info][gc,metaspace   ] GC(238) Metaspace: 6302K(6528K)->6302K(6528K) NonClass: 5769K(5888K)->5769K(5888K) Class: 533K(640K)->533K(640K)
[27.402s][info][gc             ] GC(238) Pause Full (Ergonomics) 4037M->4033M(4640M) 1376.117ms
[27.402s][info][gc,cpu         ] GC(238) User=9.80s Sys=0.06s Real=1.38s
[27.469s][info][gc,start       ] GC(239) Pause Young (Allocation Failure)
[27.707s][info][gc,heap        ] GC(239) PSYoungGen: 111153K(235520K)->88096K(150528K) Eden: 61952K(61952K)->0K(61952K) From: 49201K(173568K)->88096K(88576K)
[27.707s][info][gc,heap        ] GC(239) ParOldGen: 4081274K(4515840K)->4104898K(4515840K)
[27.707s][info][gc,metaspace   ] GC(239) Metaspace: 6302K(6528K)->6302K(6528K) NonClass: 5769K(5888K)->5769K(5888K) Class: 533K(640K)->533K(640K)
[27.707s][info][gc             ] GC(239) Pause Young (Allocation Failure) 4094M->4094M(4557M) 238.257ms
[27.707s][info][gc,cpu         ] GC(239) User=1.56s Sys=0.00s Real=0.24s
[27.773s][info][gc,start       ] GC(240) Pause Young (Allocation Failure)
[27.853s][info][gc,heap        ] GC(240) PSYoungGen: 150048K(150528K)->150144K(220160K) Eden: 61952K(61952K)->0K(52736K) From: 88096K(88576K)->150144K(167424K)
[27.853s][info][gc,heap        ] GC(240) ParOldGen: 4104898K(4515840K)->4104898K(4515840K)
[27.854s][info][gc,metaspace   ] GC(240) Metaspace: 6302K(6528K)->6302K(6528K) NonClass: 5769K(5888K)->5769K(5888K) Class: 533K(640K)->533K(640K)
[27.854s][info][gc             ] GC(240) Pause Young (Allocation Failure) 4155M->4155M(4625M) 80.569ms
[27.854s][info][gc,cpu         ] GC(240) User=0.47s Sys=0.05s Real=0.08s
[27.915s][info][gc,start       ] GC(241) Pause Young (Allocation Failure)
[28.014s][info][gc,heap        ] GC(241) PSYoungGen: 202880K(220160K)->182784K(235520K) Eden: 52736K(52736K)->0K(52736K) From: 150144K(167424K)->182784K(182784K)
[28.014s][info][gc,heap        ] GC(241) ParOldGen: 4104898K(4515840K)->4125106K(4515840K)
[28.014s][info][gc,metaspace   ] GC(241) Metaspace: 6302K(6528K)->6302K(6528K) NonClass: 5769K(5888K)->5769K(5888K) Class: 533K(640K)->533K(640K)
[28.014s][info][gc             ] GC(241) Pause Young (Allocation Failure) 4206M->4206M(4640M) 99.490ms
[28.015s][info][gc,cpu         ] GC(241) User=0.66s Sys=0.00s Real=0.10s
[28.078s][info][gc,start       ] GC(242) Pause Young (Allocation Failure)
[28.204s][info][gc,heap        ] GC(242) PSYoungGen: 235520K(235520K)->160384K(262656K) Eden: 52736K(52736K)->0K(48640K) From: 182784K(182784K)->160384K(214016K)
[28.204s][info][gc,heap        ] GC(242) ParOldGen: 4125106K(4515840K)->4200994K(4515840K)
[28.204s][info][gc,metaspace   ] GC(242) Metaspace: 6302K(6528K)->6302K(6528K) NonClass: 5769K(5888K)->5769K(5888K) Class: 533K(640K)->533K(640K)
[28.204s][info][gc             ] GC(242) Pause Young (Allocation Failure) 4258M->4259M(4666M) 125.588ms
[28.204s][info][gc,cpu         ] GC(242) User=0.83s Sys=0.06s Real=0.13s
[28.253s][info][gc,start       ] GC(243) Pause Young (Allocation Failure)
[28.358s][info][gc,heap        ] GC(243) PSYoungGen: 209024K(262656K)->153536K(272384K) Eden: 48640K(48640K)->0K(48640K) From: 160384K(214016K)->153536K(223744K)
[28.358s][info][gc,heap        ] GC(243) ParOldGen: 4200994K(4515840K)->4256970K(4515840K)
[28.359s][info][gc,metaspace   ] GC(243) Metaspace: 6302K(6528K)->6302K(6528K) NonClass: 5769K(5888K)->5769K(5888K) Class: 533K(640K)->533K(640K)
[28.359s][info][gc             ] GC(243) Pause Young (Allocation Failure) 4306M->4307M(4676M) 105.273ms
[28.359s][info][gc,cpu         ] GC(243) User=0.75s Sys=0.00s Real=0.11s
[28.409s][info][gc,start       ] GC(244) Pause Young (Allocation Failure)
[28.520s][info][gc,heap        ] GC(244) PSYoungGen: 202176K(272384K)->150336K(281088K) Eden: 48640K(48640K)->0K(52736K) From: 153536K(223744K)->150336K(228352K)
[28.521s][info][gc,heap        ] GC(244) ParOldGen: 4256970K(4515840K)->4309226K(4515840K)
[28.521s][info][gc,metaspace   ] GC(244) Metaspace: 6302K(6528K)->6302K(6528K) NonClass: 5769K(5888K)->5769K(5888K) Class: 533K(640K)->533K(640K)
[28.521s][info][gc             ] GC(244) Pause Young (Allocation Failure) 4354M->4355M(4684M) 111.807ms
[28.521s][info][gc,cpu         ] GC(244) User=0.66s Sys=0.00s Real=0.11s
[28.574s][info][gc,start       ] GC(245) Pause Young (Allocation Failure)
[28.685s][info][gc,heap        ] GC(245) PSYoungGen: 203072K(281088K)->101664K(154624K) Eden: 52736K(52736K)->0K(52736K) From: 150336K(228352K)->101664K(101888K)
[28.685s][info][gc,heap        ] GC(245) ParOldGen: 4309226K(4515840K)->4411482K(4515840K)
[28.685s][info][gc,metaspace   ] GC(245) Metaspace: 6302K(6528K)->6302K(6528K) NonClass: 5769K(5888K)->5769K(5888K) Class: 533K(640K)->533K(640K)
[28.685s][info][gc             ] GC(245) Pause Young (Allocation Failure) 4406M->4407M(4561M) 110.820ms
[28.685s][info][gc,cpu         ] GC(245) User=0.70s Sys=0.06s Real=0.11s
[28.685s][info][gc,start       ] GC(246) Pause Full (Ergonomics)
[28.685s][info][gc,phases,start] GC(246) Marking Phase
[29.685s][info][gc,phases      ] GC(246) Marking Phase 1000.499ms
[29.686s][info][gc,phases,start] GC(246) Summary Phase
[29.686s][info][gc,phases      ] GC(246) Summary Phase 0.081ms
[29.686s][info][gc,phases,start] GC(246) Adjust Roots
[29.686s][info][gc,phases      ] GC(246) Adjust Roots 0.169ms
[29.686s][info][gc,phases,start] GC(246) Compaction Phase
[30.081s][info][gc,phases      ] GC(246) Compaction Phase 394.945ms
[30.081s][info][gc,phases,start] GC(246) Post Compact
[30.088s][info][gc,phases      ] GC(246) Post Compact 6.894ms
[30.089s][info][gc,heap        ] GC(246) PSYoungGen: 101664K(154624K)->0K(281600K) Eden: 0K(52736K)->0K(59904K) From: 101664K(101888K)->0K(221696K)
[30.089s][info][gc,heap        ] GC(246) ParOldGen: 4411482K(4515840K)->4509648K(5003776K)
[30.089s][info][gc,metaspace   ] GC(246) Metaspace: 6302K(6528K)->6302K(6528K) NonClass: 5769K(5888K)->5769K(5888K) Class: 533K(640K)->533K(640K)
[30.089s][info][gc             ] GC(246) Pause Full (Ergonomics) 4407M->4403M(5161M) 1404.494ms
[30.089s][info][gc,cpu         ] GC(246) User=10.59s Sys=0.08s Real=1.40s
[30.165s][info][gc,start       ] GC(247) Pause Young (Allocation Failure)
[30.218s][info][gc,heap        ] GC(247) PSYoungGen: 59904K(281600K)->60128K(281600K) Eden: 59904K(59904K)->0K(59904K) From: 0K(221696K)->60128K(221696K)
[30.218s][info][gc,heap        ] GC(247) ParOldGen: 4509648K(5003776K)->4509648K(5003776K)
[30.218s][info][gc,metaspace   ] GC(247) Metaspace: 6302K(6528K)->6302K(6528K) NonClass: 5769K(5888K)->5769K(5888K) Class: 533K(640K)->533K(640K)
[30.218s][info][gc             ] GC(247) Pause Young (Allocation Failure) 4462M->4462M(5161M) 52.701ms
[30.218s][info][gc,cpu         ] GC(247) User=0.16s Sys=0.00s Real=0.05s
[30.289s][info][gc,start       ] GC(248) Pause Young (Allocation Failure)
[30.362s][info][gc,heap        ] GC(248) PSYoungGen: 120032K(281600K)->120128K(271872K) Eden: 59904K(59904K)->0K(66048K) From: 60128K(221696K)->120128K(205824K)
[30.362s][info][gc,heap        ] GC(248) ParOldGen: 4509648K(5003776K)->4509648K(5003776K)
[30.362s][info][gc,metaspace   ] GC(248) Metaspace: 6302K(6528K)->6302K(6528K) NonClass: 5769K(5888K)->5769K(5888K) Class: 533K(640K)->533K(640K)
[30.362s][info][gc             ] GC(248) Pause Young (Allocation Failure) 4521M->4521M(5152M) 73.186ms
[30.362s][info][gc,cpu         ] GC(248) User=0.47s Sys=0.00s Real=0.07s
[30.436s][info][gc,start       ] GC(249) Pause Young (Allocation Failure)
[30.537s][info][gc,heap        ] GC(249) PSYoungGen: 186176K(271872K)->186272K(279552K) Eden: 66048K(66048K)->0K(66048K) From: 120128K(205824K)->186272K(213504K)
[30.537s][info][gc,heap        ] GC(249) ParOldGen: 4509648K(5003776K)->4509648K(5003776K)
[30.537s][info][gc,metaspace   ] GC(249) Metaspace: 6302K(6528K)->6302K(6528K) NonClass: 5769K(5888K)->5769K(5888K) Class: 533K(640K)->533K(640K)
[30.537s][info][gc             ] GC(249) Pause Young (Allocation Failure) 4585M->4585M(5159M) 100.181ms
[30.537s][info][gc,cpu         ] GC(249) User=0.52s Sys=0.00s Real=0.10s
[30.612s][info][gc,start       ] GC(250) Pause Young (Allocation Failure)
[30.750s][info][gc,heap        ] GC(250) PSYoungGen: 252320K(279552K)->192448K(288256K) Eden: 66048K(66048K)->0K(57344K) From: 186272K(213504K)->192448K(230912K)
[30.750s][info][gc,heap        ] GC(250) ParOldGen: 4509648K(5003776K)->4570112K(5003776K)
[30.750s][info][gc,metaspace   ] GC(250) Metaspace: 6302K(6528K)->6302K(6528K) NonClass: 5769K(5888K)->5769K(5888K) Class: 533K(640K)->533K(640K)
[30.750s][info][gc             ] GC(250) Pause Young (Allocation Failure) 4650M->4650M(5168M) 137.199ms
[30.750s][info][gc,cpu         ] GC(250) User=0.91s Sys=0.09s Real=0.14s
[30.820s][info][gc,start       ] GC(251) Pause Young (Allocation Failure)
[30.950s][info][gc,heap        ] GC(251) PSYoungGen: 249792K(288256K)->189824K(304128K) Eden: 57344K(57344K)->0K(57344K) From: 192448K(230912K)->189824K(246784K)
[30.950s][info][gc,heap        ] GC(251) ParOldGen: 4570112K(5003776K)->4630576K(5003776K)
[30.950s][info][gc,metaspace   ] GC(251) Metaspace: 6302K(6528K)->6302K(6528K) NonClass: 5769K(5888K)->5769K(5888K) Class: 533K(640K)->533K(640K)
[30.950s][info][gc             ] GC(251) Pause Young (Allocation Failure) 4706M->4707M(5183M) 130.511ms
[30.950s][info][gc,cpu         ] GC(251) User=0.81s Sys=0.06s Real=0.13s
[31.009s][info][gc,start       ] GC(252) Pause Young (Allocation Failure)
[31.146s][info][gc,heap        ] GC(252) PSYoungGen: 247168K(304128K)->181152K(317440K) Eden: 57344K(57344K)->0K(59392K) From: 189824K(246784K)->181152K(258048K)
[31.146s][info][gc,heap        ] GC(252) ParOldGen: 4630576K(5003776K)->4697224K(5003776K)
[31.146s][info][gc,metaspace   ] GC(252) Metaspace: 6302K(6528K)->6302K(6528K) NonClass: 5769K(5888K)->5769K(5888K) Class: 533K(640K)->533K(640K)
[31.146s][info][gc             ] GC(252) Pause Young (Allocation Failure) 4763M->4764M(5196M) 136.698ms
[31.146s][info][gc,cpu         ] GC(252) User=0.89s Sys=0.03s Real=0.14s
[31.210s][info][gc,start       ] GC(253) Pause Young (Allocation Failure)
[31.344s][info][gc,heap        ] GC(253) PSYoungGen: 240544K(317440K)->117088K(176640K) Eden: 59392K(59392K)->0K(59392K) From: 181152K(258048K)->117088K(117248K)
[31.344s][info][gc,heap        ] GC(253) ParOldGen: 4697224K(5003776K)->4821712K(5003776K)
[31.344s][info][gc,metaspace   ] GC(253) Metaspace: 6302K(6528K)->6302K(6528K) NonClass: 5769K(5888K)->5769K(5888K) Class: 533K(640K)->533K(640K)
[31.344s][info][gc             ] GC(253) Pause Young (Allocation Failure) 4822M->4823M(5059M) 134.326ms
[31.344s][info][gc,cpu         ] GC(253) User=0.89s Sys=0.03s Real=0.13s
[31.411s][info][gc,start       ] GC(254) Pause Young (Allocation Failure)
[31.513s][info][gc,heap        ] GC(254) PSYoungGen: 176480K(176640K)->59648K(320512K) Eden: 59392K(59392K)->0K(66048K) From: 117088K(117248K)->59648K(254464K)
[31.513s][info][gc,heap        ] GC(254) ParOldGen: 4821712K(5003776K)->4939488K(5003776K)
[31.513s][info][gc,metaspace   ] GC(254) Metaspace: 6302K(6528K)->6302K(6528K) NonClass: 5769K(5888K)->5769K(5888K) Class: 533K(640K)->533K(640K)
[31.513s][info][gc             ] GC(254) Pause Young (Allocation Failure) 4881M->4881M(5199M) 101.429ms
[31.513s][info][gc,cpu         ] GC(254) User=0.58s Sys=0.02s Real=0.10s
[31.513s][info][gc,start       ] GC(255) Pause Full (Ergonomics)
[31.513s][info][gc,phases,start] GC(255) Marking Phase
[32.648s][info][gc,phases      ] GC(255) Marking Phase 1134.941ms
[32.648s][info][gc,phases,start] GC(255) Summary Phase
[32.648s][info][gc,phases      ] GC(255) Summary Phase 0.086ms
[32.648s][info][gc,phases,start] GC(255) Adjust Roots
[32.648s][info][gc,phases      ] GC(255) Adjust Roots 0.164ms
[32.648s][info][gc,phases,start] GC(255) Compaction Phase
[33.103s][info][gc,phases      ] GC(255) Compaction Phase 454.651ms
[33.103s][info][gc,phases,start] GC(255) Post Compact
[33.110s][info][gc,phases      ] GC(255) Post Compact 7.396ms
[33.112s][info][gc,heap        ] GC(255) PSYoungGen: 59648K(320512K)->0K(321536K) Eden: 0K(66048K)->0K(66048K) From: 59648K(254464K)->0K(255488K)
[33.112s][info][gc,heap        ] GC(255) ParOldGen: 4939488K(5003776K)->4994764K(5568512K)
[33.112s][info][gc,metaspace   ] GC(255) Metaspace: 6302K(6528K)->6302K(6528K) NonClass: 5769K(5888K)->5769K(5888K) Class: 533K(640K)->533K(640K)
[33.112s][info][gc             ] GC(255) Pause Full (Ergonomics) 4881M->4877M(5752M) 1599.378ms
[33.112s][info][gc,cpu         ] GC(255) User=12.02s Sys=0.00s Real=1.60s
[33.192s][info][gc,start       ] GC(256) Pause Young (Allocation Failure)
[33.246s][info][gc,heap        ] GC(256) PSYoungGen: 66048K(321536K)->66304K(322560K) Eden: 66048K(66048K)->0K(72704K) From: 0K(255488K)->66304K(249856K)
[33.246s][info][gc,heap        ] GC(256) ParOldGen: 4994764K(5568512K)->4994764K(5568512K)
[33.246s][info][gc,metaspace   ] GC(256) Metaspace: 6302K(6528K)->6302K(6528K) NonClass: 5769K(5888K)->5769K(5888K) Class: 533K(640K)->533K(640K)
[33.246s][info][gc             ] GC(256) Pause Young (Allocation Failure) 4942M->4942M(5753M) 53.405ms
[33.246s][info][gc,cpu         ] GC(256) User=0.19s Sys=0.00s Real=0.05s
[33.326s][info][gc,start       ] GC(257) Pause Young (Allocation Failure)
[33.405s][info][gc,heap        ] GC(257) PSYoungGen: 139008K(322560K)->139072K(326144K) Eden: 72704K(72704K)->0K(72704K) From: 66304K(249856K)->139072K(253440K)
[33.405s][info][gc,heap        ] GC(257) ParOldGen: 4994764K(5568512K)->4994764K(5568512K)
[33.405s][info][gc,metaspace   ] GC(257) Metaspace: 6302K(6528K)->6302K(6528K) NonClass: 5769K(5888K)->5769K(5888K) Class: 533K(640K)->533K(640K)
[33.405s][info][gc             ] GC(257) Pause Young (Allocation Failure) 5013M->5013M(5756M) 78.600ms
[33.405s][info][gc,cpu         ] GC(257) User=0.62s Sys=0.00s Real=0.08s
[33.486s][info][gc,start       ] GC(258) Pause Young (Allocation Failure)
[33.592s][info][gc,heap        ] GC(258) PSYoungGen: 211776K(326144K)->211968K(305664K) Eden: 72704K(72704K)->0K(59392K) From: 139072K(253440K)->211968K(246272K)
[33.592s][info][gc,heap        ] GC(258) ParOldGen: 4994764K(5568512K)->4994764K(5568512K)
[33.592s][info][gc,metaspace   ] GC(258) Metaspace: 6302K(6528K)->6302K(6528K) NonClass: 5769K(5888K)->5769K(5888K) Class: 533K(640K)->533K(640K)
[33.592s][info][gc             ] GC(258) Pause Young (Allocation Failure) 5084M->5084M(5736M) 106.487ms
[33.592s][info][gc,cpu         ] GC(258) User=0.75s Sys=0.00s Real=0.11s
[33.660s][info][gc,start       ] GC(259) Pause Young (Allocation Failure)
[33.808s][info][gc,heap        ] GC(259) PSYoungGen: 271360K(305664K)->205248K(326144K) Eden: 59392K(59392K)->0K(59392K) From: 211968K(246272K)->205248K(266752K)
[33.808s][info][gc,heap        ] GC(259) ParOldGen: 4994764K(5568512K)->5061404K(5568512K)
[33.808s][info][gc,metaspace   ] GC(259) Metaspace: 6302K(6528K)->6302K(6528K) NonClass: 5769K(5888K)->5769K(5888K) Class: 533K(640K)->533K(640K)
[33.808s][info][gc             ] GC(259) Pause Young (Allocation Failure) 5142M->5143M(5756M) 147.750ms
[33.808s][info][gc,cpu         ] GC(259) User=0.98s Sys=0.03s Real=0.15s
[33.875s][info][gc,start       ] GC(260) Pause Young (Allocation Failure)
[34.020s][info][gc,heap        ] GC(260) PSYoungGen: 264640K(326144K)->191968K(342016K) Eden: 59392K(59392K)->0K(61440K) From: 205248K(266752K)->191968K(280576K)
[34.020s][info][gc,heap        ] GC(260) ParOldGen: 5061404K(5568512K)->5134788K(5568512K)
[34.020s][info][gc,metaspace   ] GC(260) Metaspace: 6302K(6528K)->6302K(6528K) NonClass: 5769K(5888K)->5769K(5888K) Class: 533K(640K)->533K(640K)
[34.020s][info][gc             ] GC(260) Pause Young (Allocation Failure) 5201M->5201M(5772M) 144.995ms
[34.020s][info][gc,cpu         ] GC(260) User=1.02s Sys=0.00s Real=0.14s
[34.092s][info][gc,start       ] GC(261) Pause Young (Allocation Failure)
[34.230s][info][gc,heap        ] GC(261) PSYoungGen: 253408K(342016K)->180672K(347136K) Eden: 61440K(61440K)->0K(61440K) From: 191968K(280576K)->180672K(285696K)
[34.230s][info][gc,heap        ] GC(261) ParOldGen: 5134788K(5568512K)->5208156K(5568512K)
[34.230s][info][gc,metaspace   ] GC(261) Metaspace: 6302K(6528K)->6302K(6528K) NonClass: 5769K(5888K)->5769K(5888K) Class: 533K(640K)->533K(640K)
[34.230s][info][gc             ] GC(261) Pause Young (Allocation Failure) 5261M->5262M(5777M) 138.403ms
[34.230s][info][gc,cpu         ] GC(261) User=1.12s Sys=0.00s Real=0.14s
[34.300s][info][gc,start       ] GC(262) Pause Young (Allocation Failure)
[34.439s][info][gc,heap        ] GC(262) PSYoungGen: 242112K(347136K)->123200K(335360K) Eden: 61440K(61440K)->0K(69120K) From: 180672K(285696K)->123200K(266240K)
[34.439s][info][gc,heap        ] GC(262) ParOldGen: 5208156K(5568512K)->5327996K(5568512K)
[34.439s][info][gc,metaspace   ] GC(262) Metaspace: 6302K(6528K)->6302K(6528K) NonClass: 5769K(5888K)->5769K(5888K) Class: 533K(640K)->533K(640K)
[34.439s][info][gc             ] GC(262) Pause Young (Allocation Failure) 5322M->5323M(5765M) 139.060ms
[34.439s][info][gc,cpu         ] GC(262) User=0.98s Sys=0.02s Real=0.14s
[34.522s][info][gc,start       ] GC(263) Pause Young (Allocation Failure)
[34.634s][info][gc,heap        ] GC(263) PSYoungGen: 192320K(335360K)->69312K(344576K) Eden: 69120K(69120K)->0K(69120K) From: 123200K(266240K)->69312K(275456K)
[34.634s][info][gc,heap        ] GC(263) ParOldGen: 5327996K(5568512K)->5451964K(5568512K)
[34.634s][info][gc,metaspace   ] GC(263) Metaspace: 6302K(6528K)->6302K(6528K) NonClass: 5769K(5888K)->5769K(5888K) Class: 533K(640K)->533K(640K)
[34.634s][info][gc             ] GC(263) Pause Young (Allocation Failure) 5390M->5391M(5774M) 112.053ms
[34.634s][info][gc,cpu         ] GC(263) User=0.70s Sys=0.06s Real=0.11s
[34.634s][info][gc,start       ] GC(264) Pause Full (Ergonomics)
[34.634s][info][gc,phases,start] GC(264) Marking Phase
[35.893s][info][gc,phases      ] GC(264) Marking Phase 1259.203ms
[35.893s][info][gc,phases,start] GC(264) Summary Phase
[35.893s][info][gc,phases      ] GC(264) Summary Phase 0.096ms
[35.893s][info][gc,phases,start] GC(264) Adjust Roots
[35.893s][info][gc,phases      ] GC(264) Adjust Roots 0.198ms
[35.893s][info][gc,phases,start] GC(264) Compaction Phase
[36.364s][info][gc,phases      ] GC(264) Compaction Phase 470.757ms
[36.364s][info][gc,phases,start] GC(264) Post Compact
[36.373s][info][gc,phases      ] GC(264) Post Compact 8.692ms
[36.375s][info][gc,heap        ] GC(264) PSYoungGen: 69312K(344576K)->0K(353280K) Eden: 0K(69120K)->0K(77824K) From: 69312K(275456K)->0K(275456K)
[36.375s][info][gc,heap        ] GC(264) ParOldGen: 5451964K(5568512K)->5516758K(6156800K)
[36.375s][info][gc,metaspace   ] GC(264) Metaspace: 6302K(6528K)->6302K(6528K) NonClass: 5769K(5888K)->5769K(5888K) Class: 533K(640K)->533K(640K)
[36.375s][info][gc             ] GC(264) Pause Full (Ergonomics) 5391M->5387M(6357M) 1741.157ms
[36.375s][info][gc,cpu         ] GC(264) User=13.12s Sys=0.06s Real=1.74s
[36.467s][info][gc,start       ] GC(265) Pause Young (Allocation Failure)
[36.526s][info][gc,heap        ] GC(265) PSYoungGen: 77824K(353280K)->78080K(353280K) Eden: 77824K(77824K)->0K(77824K) From: 0K(275456K)->78080K(275456K)
[36.526s][info][gc,heap        ] GC(265) ParOldGen: 5516758K(6156800K)->5516758K(6156800K)
[36.526s][info][gc,metaspace   ] GC(265) Metaspace: 6302K(6528K)->6302K(6528K) NonClass: 5769K(5888K)->5769K(5888K) Class: 533K(640K)->533K(640K)
[36.526s][info][gc             ] GC(265) Pause Young (Allocation Failure) 5463M->5463M(6357M) 59.496ms
[36.526s][info][gc,cpu         ] GC(265) User=0.34s Sys=0.00s Real=0.06s
[36.613s][info][gc,start       ] GC(266) Pause Young (Allocation Failure)
[36.699s][info][gc,heap        ] GC(266) PSYoungGen: 155904K(353280K)->156064K(347648K) Eden: 77824K(77824K)->0K(85504K) From: 78080K(275456K)->156064K(262144K)
[36.699s][info][gc,heap        ] GC(266) ParOldGen: 5516758K(6156800K)->5516758K(6156800K)
[36.699s][info][gc,metaspace   ] GC(266) Metaspace: 6302K(6528K)->6302K(6528K) NonClass: 5769K(5888K)->5769K(5888K) Class: 533K(640K)->533K(640K)
[36.699s][info][gc             ] GC(266) Pause Young (Allocation Failure) 5539M->5539M(6352M) 86.046ms
[36.699s][info][gc,cpu         ] GC(266) User=0.50s Sys=0.00s Real=0.09s
[37.878s][info][gc,start       ] GC(267) Pause Young (Allocation Failure)
[38.118s][info][gc,heap        ] GC(267) PSYoungGen: 241568K(347648K)->241760K(352768K) Eden: 85504K(85504K)->0K(85504K) From: 156064K(262144K)->241760K(267264K)
[38.119s][info][gc,heap        ] GC(267) ParOldGen: 5778902K(6156800K)->5778902K(6156800K)
[38.119s][info][gc,metaspace   ] GC(267) Metaspace: 6302K(6528K)->6302K(6528K) NonClass: 5769K(5888K)->5769K(5888K) Class: 533K(640K)->533K(640K)
[38.119s][info][gc             ] GC(267) Pause Young (Allocation Failure) 5879M->5879M(6357M) 240.409ms
[38.119s][info][gc,cpu         ] GC(267) User=1.31s Sys=0.00s Real=0.24s
[38.205s][info][gc,start       ] GC(268) Pause Young (Allocation Failure)
[38.359s][info][gc,heap        ] GC(268) PSYoungGen: 327264K(352768K)->293376K(333824K) Eden: 85504K(85504K)->0K(40448K) From: 241760K(267264K)->293376K(293376K)
[38.359s][info][gc,heap        ] GC(268) ParOldGen: 5778902K(6156800K)->5813070K(6156800K)
[38.359s][info][gc,metaspace   ] GC(268) Metaspace: 6302K(6528K)->6302K(6528K) NonClass: 5769K(5888K)->5769K(5888K) Class: 533K(640K)->533K(640K)
[38.359s][info][gc             ] GC(268) Pause Young (Allocation Failure) 5963M->5963M(6338M) 153.655ms
[38.359s][info][gc,cpu         ] GC(268) User=0.89s Sys=0.12s Real=0.15s
[38.405s][info][gc,start       ] GC(269) Pause Young (Allocation Failure)
[38.570s][info][gc,heap        ] GC(269) PSYoungGen: 333824K(333824K)->194304K(235008K) Eden: 40448K(40448K)->0K(40448K) From: 293376K(293376K)->194304K(194560K)
[38.570s][info][gc,heap        ] GC(269) ParOldGen: 5813070K(6156800K)->5953766K(6156800K)
[38.570s][info][gc,metaspace   ] GC(269) Metaspace: 6302K(6528K)->6302K(6528K) NonClass: 5769K(5888K)->5769K(5888K) Class: 533K(640K)->533K(640K)
[38.570s][info][gc             ] GC(269) Pause Young (Allocation Failure) 6002M->6003M(6242M) 165.425ms
[38.570s][info][gc,cpu         ] GC(269) User=1.02s Sys=0.14s Real=0.16s
[38.617s][info][gc,start       ] GC(270) Pause Young (Allocation Failure)
[38.751s][info][gc,heap        ] GC(270) PSYoungGen: 234752K(235008K)->165888K(351232K) Eden: 40448K(40448K)->0K(45568K) From: 194304K(194560K)->165888K(305664K)
[38.751s][info][gc,heap        ] GC(270) ParOldGen: 5953766K(6156800K)->6023134K(6156800K)
[38.751s][info][gc,metaspace   ] GC(270) Metaspace: 6302K(6528K)->6302K(6528K) NonClass: 5769K(5888K)->5769K(5888K) Class: 533K(640K)->533K(640K)
[38.751s][info][gc             ] GC(270) Pause Young (Allocation Failure) 6043M->6043M(6355M) 133.786ms
[38.751s][info][gc,cpu         ] GC(270) User=0.56s Sys=0.05s Real=0.13s
[38.751s][info][gc,start       ] GC(271) Pause Full (Ergonomics)
[38.751s][info][gc,phases,start] GC(271) Marking Phase
[40.112s][info][gc,phases      ] GC(271) Marking Phase 1361.563ms
[40.113s][info][gc,phases,start] GC(271) Summary Phase
[40.113s][info][gc,phases      ] GC(271) Summary Phase 0.139ms
[40.113s][info][gc,phases,start] GC(271) Adjust Roots
[40.113s][info][gc,phases      ] GC(271) Adjust Roots 0.163ms
[40.113s][info][gc,phases,start] GC(271) Compaction Phase
[41.043s][info][gc,phases      ] GC(271) Compaction Phase 930.157ms
[41.043s][info][gc,phases,start] GC(271) Post Compact
[41.053s][info][gc,phases      ] GC(271) Post Compact 10.092ms
[41.056s][info][gc,heap        ] GC(271) PSYoungGen: 165888K(351232K)->0K(367616K) Eden: 0K(45568K)->0K(45568K) From: 165888K(305664K)->0K(322048K)
[41.056s][info][gc,heap        ] GC(271) ParOldGen: 6023134K(6156800K)->6055200K(6738944K)
[41.056s][info][gc,metaspace   ] GC(271) Metaspace: 6302K(6528K)->6302K(6528K) NonClass: 5769K(5888K)->5769K(5888K) Class: 533K(640K)->533K(640K)
[41.056s][info][gc             ] GC(271) Pause Full (Ergonomics) 6043M->5913M(6940M) 2304.907ms
[41.056s][info][gc,cpu         ] GC(271) User=16.11s Sys=0.02s Real=2.31s
[41.105s][info][gc,start       ] GC(272) Pause Young (Allocation Failure)
[41.176s][info][gc,heap        ] GC(272) PSYoungGen: 45568K(367616K)->45760K(368128K) Eden: 45568K(45568K)->0K(46080K) From: 0K(322048K)->45760K(322048K)
[41.176s][info][gc,heap        ] GC(272) ParOldGen: 6055200K(6738944K)->6055200K(6738944K)
[41.176s][info][gc,metaspace   ] GC(272) Metaspace: 6302K(6528K)->6302K(6528K) NonClass: 5769K(5888K)->5769K(5888K) Class: 533K(640K)->533K(640K)
[41.176s][info][gc             ] GC(272) Pause Young (Allocation Failure) 5957M->5957M(6940M) 70.676ms
[41.176s][info][gc,cpu         ] GC(272) User=0.09s Sys=0.00s Real=0.07s
[41.222s][info][gc,start       ] GC(273) Pause Young (Allocation Failure)
[41.303s][info][gc,heap        ] GC(273) PSYoungGen: 91840K(368128K)->91936K(138240K) Eden: 46080K(46080K)->0K(46080K) From: 45760K(322048K)->91936K(92160K)
[41.303s][info][gc,heap        ] GC(273) ParOldGen: 6055200K(6738944K)->6055200K(6738944K)
[41.303s][info][gc,metaspace   ] GC(273) Metaspace: 6302K(6528K)->6302K(6528K) NonClass: 5769K(5888K)->5769K(5888K) Class: 533K(640K)->533K(640K)
[41.303s][info][gc             ] GC(273) Pause Young (Allocation Failure) 6002M->6003M(6716M) 81.742ms
[41.303s][info][gc,cpu         ] GC(273) User=0.17s Sys=0.00s Real=0.08s
[41.351s][info][gc,start       ] GC(274) Pause Young (Allocation Failure)
[41.450s][info][gc,heap        ] GC(274) PSYoungGen: 138016K(138240K)->138016K(341504K) Eden: 46080K(46080K)->0K(51200K) From: 91936K(92160K)->138016K(290304K)
[41.450s][info][gc,heap        ] GC(274) ParOldGen: 6055200K(6738944K)->6055200K(6738944K)
[41.450s][info][gc,metaspace   ] GC(274) Metaspace: 6302K(6528K)->6302K(6528K) NonClass: 5769K(5888K)->5769K(5888K) Class: 533K(640K)->533K(640K)
[41.450s][info][gc             ] GC(274) Pause Young (Allocation Failure) 6048M->6048M(6914M) 98.965ms
[41.450s][info][gc,cpu         ] GC(274) User=0.34s Sys=0.00s Real=0.10s
[41.506s][info][gc,start       ] GC(275) Pause Young (Allocation Failure)
[41.621s][info][gc,heap        ] GC(275) PSYoungGen: 189216K(341504K)->143712K(195072K) Eden: 51200K(51200K)->0K(51200K) From: 138016K(290304K)->143712K(143872K)
[41.622s][info][gc,heap        ] GC(275) ParOldGen: 6055200K(6738944K)->6101184K(6738944K)
[41.622s][info][gc,metaspace   ] GC(275) Metaspace: 6302K(6528K)->6302K(6528K) NonClass: 5769K(5888K)->5769K(5888K) Class: 533K(640K)->533K(640K)
[41.622s][info][gc             ] GC(275) Pause Young (Allocation Failure) 6098M->6098M(6771M) 115.295ms
[41.622s][info][gc,cpu         ] GC(275) User=0.38s Sys=0.00s Real=0.11s
[41.680s][info][gc,start       ] GC(276) Pause Young (Allocation Failure)
[41.801s][info][gc,heap        ] GC(276) PSYoungGen: 194912K(195072K)->148864K(320512K) Eden: 51200K(51200K)->0K(57344K) From: 143712K(143872K)->148864K(263168K)
[41.801s][info][gc,heap        ] GC(276) ParOldGen: 6101184K(6738944K)->6147688K(6738944K)
[41.801s][info][gc,metaspace   ] GC(276) Metaspace: 6302K(6528K)->6302K(6528K) NonClass: 5769K(5888K)->5769K(5888K) Class: 533K(640K)->533K(640K)
[41.801s][info][gc             ] GC(276) Pause Young (Allocation Failure) 6148M->6148M(6894M) 121.290ms
[41.801s][info][gc,cpu         ] GC(276) User=0.39s Sys=0.03s Real=0.12s
[41.861s][info][gc,start       ] GC(277) Pause Young (Allocation Failure)
[41.982s][info][gc,heap        ] GC(277) PSYoungGen: 206208K(320512K)->108800K(333824K) Eden: 57344K(57344K)->0K(57344K) From: 148864K(263168K)->108800K(276480K)
[41.982s][info][gc,heap        ] GC(277) ParOldGen: 6147688K(6738944K)->6245832K(6738944K)
[41.982s][info][gc,metaspace   ] GC(277) Metaspace: 6302K(6528K)->6302K(6528K) NonClass: 5769K(5888K)->5769K(5888K) Class: 533K(640K)->533K(640K)
[41.982s][info][gc             ] GC(277) Pause Young (Allocation Failure) 6204M->6205M(6907M) 121.381ms
[41.982s][info][gc,cpu         ] GC(277) User=0.55s Sys=0.00s Real=0.12s
[42.042s][info][gc,start       ] GC(278) Pause Young (Allocation Failure)
[42.154s][info][gc,heap        ] GC(278) PSYoungGen: 166144K(333824K)->57536K(332800K) Eden: 57344K(57344K)->0K(62976K) From: 108800K(276480K)->57536K(269824K)
[42.154s][info][gc,heap        ] GC(278) ParOldGen: 6245832K(6738944K)->6355352K(6738944K)
[42.154s][info][gc,metaspace   ] GC(278) Metaspace: 6302K(6528K)->6302K(6528K) NonClass: 5769K(5888K)->5769K(5888K) Class: 533K(640K)->533K(640K)
[42.154s][info][gc             ] GC(278) Pause Young (Allocation Failure) 6261M->6262M(6906M) 112.290ms
[42.154s][info][gc,cpu         ] GC(278) User=0.44s Sys=0.02s Real=0.11s
[42.221s][info][gc,start       ] GC(279) Pause Young (Allocation Failure)
[42.321s][info][gc,heap        ] GC(279) PSYoungGen: 120512K(332800K)->63232K(334848K) Eden: 62976K(62976K)->0K(62976K) From: 57536K(269824K)->63232K(271872K)
[42.321s][info][gc,heap        ] GC(279) ParOldGen: 6355352K(6738944K)->6413232K(6738944K)
[42.321s][info][gc,metaspace   ] GC(279) Metaspace: 6302K(6528K)->6302K(6528K) NonClass: 5769K(5888K)->5769K(5888K) Class: 533K(640K)->533K(640K)
[42.321s][info][gc             ] GC(279) Pause Young (Allocation Failure) 6324M->6324M(6908M) 100.902ms
[42.322s][info][gc,cpu         ] GC(279) User=0.28s Sys=0.00s Real=0.10s
[42.397s][info][gc,start       ] GC(280) Pause Young (Allocation Failure)
[42.506s][info][gc,heap        ] GC(280) PSYoungGen: 126208K(334848K)->63232K(335360K) Eden: 62976K(62976K)->0K(71168K) From: 63232K(271872K)->63232K(264192K)
[42.506s][info][gc,heap        ] GC(280) ParOldGen: 6413232K(6738944K)->6476776K(6738944K)
[42.506s][info][gc,metaspace   ] GC(280) Metaspace: 6302K(6528K)->6302K(6528K) NonClass: 5769K(5888K)->5769K(5888K) Class: 533K(640K)->533K(640K)
[42.506s][info][gc             ] GC(280) Pause Young (Allocation Failure) 6386M->6386M(6908M) 108.817ms
[42.506s][info][gc,cpu         ] GC(280) User=0.34s Sys=0.00s Real=0.11s
[42.579s][info][gc,start       ] GC(281) Pause Young (Allocation Failure)
[42.683s][info][gc,heap        ] GC(281) PSYoungGen: 134400K(335360K)->71456K(338432K) Eden: 71168K(71168K)->0K(71168K) From: 63232K(264192K)->71456K(267264K)
[42.683s][info][gc,heap        ] GC(281) ParOldGen: 6476776K(6738944K)->6540320K(6738944K)
[42.683s][info][gc,metaspace   ] GC(281) Metaspace: 6302K(6528K)->6302K(6528K) NonClass: 5769K(5888K)->5769K(5888K) Class: 533K(640K)->533K(640K)
[42.683s][info][gc             ] GC(281) Pause Young (Allocation Failure) 6456M->6456M(6911M) 103.935ms
[42.683s][info][gc,cpu         ] GC(281) User=0.33s Sys=0.02s Real=0.10s
[42.759s][info][gc,start       ] GC(282) Pause Young (Allocation Failure)
[42.863s][info][gc,heap        ] GC(282) PSYoungGen: 142624K(338432K)->71424K(326656K) Eden: 71168K(71168K)->0K(79872K) From: 71456K(267264K)->71424K(246784K)
[42.863s][info][gc,heap        ] GC(282) ParOldGen: 6540320K(6738944K)->6612136K(6738944K)
[42.863s][info][gc,metaspace   ] GC(282) Metaspace: 6302K(6528K)->6302K(6528K) NonClass: 5769K(5888K)->5769K(5888K) Class: 533K(640K)->533K(640K)
[42.863s][info][gc             ] GC(282) Pause Young (Allocation Failure) 6526M->6526M(6900M) 103.977ms
[42.863s][info][gc,cpu         ] GC(282) User=0.28s Sys=0.02s Real=0.10s
[42.863s][info][gc,start       ] GC(283) Pause Full (Ergonomics)
[42.863s][info][gc,phases,start] GC(283) Marking Phase
[44.348s][info][gc,phases      ] GC(283) Marking Phase 1485.363ms
[44.348s][info][gc,phases,start] GC(283) Summary Phase
[44.349s][info][gc,phases      ] GC(283) Summary Phase 0.112ms
[44.349s][info][gc,phases,start] GC(283) Adjust Roots
[44.349s][info][gc,phases      ] GC(283) Adjust Roots 0.166ms
[44.349s][info][gc,phases,start] GC(283) Compaction Phase
[45.013s][info][gc,phases      ] GC(283) Compaction Phase 664.660ms
[45.014s][info][gc,phases,start] GC(283) Post Compact
[45.023s][info][gc,phases      ] GC(283) Post Compact 9.854ms
[45.025s][info][gc,heap        ] GC(283) PSYoungGen: 71424K(326656K)->0K(333824K) Eden: 0K(79872K)->0K(79872K) From: 71424K(246784K)->0K(253952K)
[45.025s][info][gc,heap        ] GC(283) ParOldGen: 6612136K(6738944K)->6677949K(7388672K)
[45.025s][info][gc,metaspace   ] GC(283) Metaspace: 6302K(6528K)->6302K(6528K) NonClass: 5769K(5888K)->5769K(5888K) Class: 533K(640K)->533K(640K)
[45.025s][info][gc             ] GC(283) Pause Full (Ergonomics) 6526M->6521M(7541M) 2162.425ms
[45.025s][info][gc,cpu         ] GC(283) User=15.61s Sys=0.08s Real=2.16s
[45.124s][info][gc,start       ] GC(284) Pause Young (Allocation Failure)
[45.216s][info][gc,heap        ] GC(284) PSYoungGen: 79872K(333824K)->80160K(321536K) Eden: 79872K(79872K)->0K(87552K) From: 0K(253952K)->80160K(233984K)
[45.216s][info][gc,heap        ] GC(284) ParOldGen: 6677949K(7388672K)->6677949K(7388672K)
[45.216s][info][gc,metaspace   ] GC(284) Metaspace: 6302K(6528K)->6302K(6528K) NonClass: 5769K(5888K)->5769K(5888K) Class: 533K(640K)->533K(640K)
[45.216s][info][gc             ] GC(284) Pause Young (Allocation Failure) 6599M->6599M(7529M) 92.148ms
[45.216s][info][gc,cpu         ] GC(284) User=0.28s Sys=0.00s Real=0.09s
[45.305s][info][gc,start       ] GC(285) Pause Young (Allocation Failure)
[45.424s][info][gc,heap        ] GC(285) PSYoungGen: 167712K(321536K)->167840K(332800K) Eden: 87552K(87552K)->0K(87552K) From: 80160K(233984K)->167840K(245248K)
[45.424s][info][gc,heap        ] GC(285) ParOldGen: 6677949K(7388672K)->6677949K(7388672K)
[45.424s][info][gc,metaspace   ] GC(285) Metaspace: 6302K(6528K)->6302K(6528K) NonClass: 5769K(5888K)->5769K(5888K) Class: 533K(640K)->533K(640K)
[45.424s][info][gc             ] GC(285) Pause Young (Allocation Failure) 6685M->6685M(7540M) 119.070ms
[45.424s][info][gc,cpu         ] GC(285) User=0.38s Sys=0.00s Real=0.12s
[45.523s][info][gc,start       ] GC(286) Pause Young (Allocation Failure)
[45.670s][info][gc,heap        ] GC(286) PSYoungGen: 255392K(332800K)->175520K(340992K) Eden: 87552K(87552K)->0K(87552K) From: 167840K(245248K)->175520K(253440K)
[45.670s][info][gc,heap        ] GC(286) ParOldGen: 6677949K(7388672K)->6758549K(7388672K)
[45.670s][info][gc,metaspace   ] GC(286) Metaspace: 6302K(6528K)->6302K(6528K) NonClass: 5769K(5888K)->5769K(5888K) Class: 533K(640K)->533K(640K)
[45.670s][info][gc             ] GC(286) Pause Young (Allocation Failure) 6770M->6771M(7548M) 147.226ms
[45.670s][info][gc,cpu         ] GC(286) User=0.53s Sys=0.08s Real=0.15s
[45.769s][info][gc,start       ] GC(287) Pause Young (Allocation Failure)
[45.907s][info][gc,heap        ] GC(287) PSYoungGen: 263072K(340992K)->175584K(349696K) Eden: 87552K(87552K)->0K(87552K) From: 175520K(253440K)->175584K(262144K)
[45.907s][info][gc,heap        ] GC(287) ParOldGen: 6758549K(7388672K)->6846909K(7388672K)
[45.907s][info][gc,metaspace   ] GC(287) Metaspace: 6302K(6528K)->6302K(6528K) NonClass: 5769K(5888K)->5769K(5888K) Class: 533K(640K)->533K(640K)
[45.907s][info][gc             ] GC(287) Pause Young (Allocation Failure) 6857M->6857M(7557M) 138.109ms
[45.907s][info][gc,cpu         ] GC(287) User=0.66s Sys=0.00s Real=0.14s
[45.995s][info][gc,start       ] GC(288) Pause Young (Allocation Failure)
[46.137s][info][gc,heap        ] GC(288) PSYoungGen: 263136K(349696K)->175584K(361472K) Eden: 87552K(87552K)->0K(93184K) From: 175584K(262144K)->175584K(268288K)
[46.137s][info][gc,heap        ] GC(288) ParOldGen: 6846909K(7388672K)->6935269K(7388672K)
[46.137s][info][gc,metaspace   ] GC(288) Metaspace: 6302K(6528K)->6302K(6528K) NonClass: 5769K(5888K)->5769K(5888K) Class: 533K(640K)->533K(640K)
[46.137s][info][gc             ] GC(288) Pause Young (Allocation Failure) 6943M->6944M(7568M) 142.076ms
[46.137s][info][gc,cpu         ] GC(288) User=0.59s Sys=0.02s Real=0.14s
[46.238s][info][gc,start       ] GC(289) Pause Young (Allocation Failure)
[46.380s][info][gc,heap        ] GC(289) PSYoungGen: 268768K(361472K)->181152K(365568K) Eden: 93184K(93184K)->0K(93184K) From: 175584K(268288K)->181152K(272384K)
[46.380s][info][gc,heap        ] GC(289) ParOldGen: 6935269K(7388672K)->7023637K(7388672K)
[46.380s][info][gc,metaspace   ] GC(289) Metaspace: 6302K(6528K)->6302K(6528K) NonClass: 5769K(5888K)->5769K(5888K) Class: 533K(640K)->533K(640K)
[46.380s][info][gc             ] GC(289) Pause Young (Allocation Failure) 7035M->7035M(7572M) 142.234ms
[46.380s][info][gc,cpu         ] GC(289) User=0.69s Sys=0.00s Real=0.14s
[46.476s][info][gc,start       ] GC(290) Pause Young (Allocation Failure)
[46.631s][info][gc,heap        ] GC(290) PSYoungGen: 274336K(365568K)->186848K(376320K) Eden: 93184K(93184K)->0K(99328K) From: 181152K(272384K)->186848K(276992K)
[46.631s][info][gc,heap        ] GC(290) ParOldGen: 7023637K(7388672K)->7112005K(7388672K)
[46.631s][info][gc,metaspace   ] GC(290) Metaspace: 6302K(6528K)->6302K(6528K) NonClass: 5769K(5888K)->5769K(5888K) Class: 533K(640K)->533K(640K)
[46.631s][info][gc             ] GC(290) Pause Young (Allocation Failure) 7126M->7127M(7583M) 155.715ms
[46.631s][info][gc,cpu         ] GC(290) User=0.48s Sys=0.03s Real=0.15s
[46.736s][info][gc,start       ] GC(291) Pause Young (Allocation Failure)
[46.886s][info][gc,heap        ] GC(291) PSYoungGen: 286176K(376320K)->193056K(380928K) Eden: 99328K(99328K)->0K(99328K) From: 186848K(276992K)->193056K(281600K)
[46.886s][info][gc,heap        ] GC(291) ParOldGen: 7112005K(7388672K)->7206053K(7388672K)
[46.886s][info][gc,metaspace   ] GC(291) Metaspace: 6302K(6528K)->6302K(6528K) NonClass: 5769K(5888K)->5769K(5888K) Class: 533K(640K)->533K(640K)
[46.886s][info][gc             ] GC(291) Pause Young (Allocation Failure) 7224M->7225M(7587M) 149.504ms
[46.886s][info][gc,cpu         ] GC(291) User=0.92s Sys=0.03s Real=0.15s
[46.998s][info][gc,start       ] GC(292) Pause Young (Allocation Failure)
[47.151s][info][gc,heap        ] GC(292) PSYoungGen: 292384K(380928K)->199104K(392192K) Eden: 99328K(99328K)->0K(105472K) From: 193056K(281600K)->199104K(286720K)
[47.151s][info][gc,heap        ] GC(292) ParOldGen: 7206053K(7388672K)->7300117K(7388672K)
[47.151s][info][gc,metaspace   ] GC(292) Metaspace: 6302K(6528K)->6302K(6528K) NonClass: 5769K(5888K)->5769K(5888K) Class: 533K(640K)->533K(640K)
[47.151s][info][gc             ] GC(292) Pause Young (Allocation Failure) 7322M->7323M(7598M) 152.968ms
[47.151s][info][gc,cpu         ] GC(292) User=1.06s Sys=0.00s Real=0.15s
[47.151s][info][gc,start       ] GC(293) Pause Full (Ergonomics)
[47.151s][info][gc,phases,start] GC(293) Marking Phase
[48.878s][info][gc,phases      ] GC(293) Marking Phase 1726.015ms
[48.878s][info][gc,phases,start] GC(293) Summary Phase
[48.878s][info][gc,phases      ] GC(293) Summary Phase 0.077ms
[48.878s][info][gc,phases,start] GC(293) Adjust Roots
[48.878s][info][gc,phases      ] GC(293) Adjust Roots 0.210ms
[48.878s][info][gc,phases,start] GC(293) Compaction Phase
[49.660s][info][gc,phases      ] GC(293) Compaction Phase 782.255ms
[49.660s][info][gc,phases,start] GC(293) Post Compact
[49.672s][info][gc,phases      ] GC(293) Post Compact 11.963ms
[49.674s][info][gc,heap        ] GC(293) PSYoungGen: 199104K(392192K)->104555K(392192K) Eden: 0K(105472K)->0K(105472K) From: 199104K(286720K)->104555K(286720K)
[49.674s][info][gc,heap        ] GC(293) ParOldGen: 7300117K(7388672K)->7388206K(8055808K)
[49.674s][info][gc,metaspace   ] GC(293) Metaspace: 6302K(6528K)->6302K(6528K) NonClass: 5769K(5888K)->5769K(5888K) Class: 533K(640K)->533K(640K)
[49.674s][info][gc             ] GC(293) Pause Full (Ergonomics) 7323M->7317M(8250M) 2522.850ms
[49.674s][info][gc,cpu         ] GC(293) User=18.12s Sys=0.03s Real=2.52s
[49.789s][info][gc,start       ] GC(294) Pause Young (Allocation Failure)
[50.211s][info][gc,heap        ] GC(294) PSYoungGen: 210027K(392192K)->161152K(397824K) Eden: 105472K(105472K)->0K(105472K) From: 104555K(286720K)->161152K(292352K)
[50.211s][info][gc,heap        ] GC(294) ParOldGen: 7388206K(8055808K)->7438046K(8055808K)
[50.211s][info][gc,metaspace   ] GC(294) Metaspace: 6302K(6528K)->6302K(6528K) NonClass: 5769K(5888K)->5769K(5888K) Class: 533K(640K)->533K(640K)
[50.211s][info][gc             ] GC(294) Pause Young (Allocation Failure) 7420M->7421M(8255M) 422.516ms
[50.211s][info][gc,cpu         ] GC(294) User=2.89s Sys=0.05s Real=0.42s
[50.329s][info][gc,start       ] GC(295) Pause Young (Allocation Failure)
[50.477s][info][gc,heap        ] GC(295) PSYoungGen: 266624K(397824K)->266848K(368640K) Eden: 105472K(105472K)->0K(86528K) From: 161152K(292352K)->266848K(282112K)
[50.477s][info][gc,heap        ] GC(295) ParOldGen: 7438046K(8055808K)->7438046K(8055808K)
[50.477s][info][gc,metaspace   ] GC(295) Metaspace: 6302K(6528K)->6302K(6528K) NonClass: 5769K(5888K)->5769K(5888K) Class: 533K(640K)->533K(640K)
[50.477s][info][gc             ] GC(295) Pause Young (Allocation Failure) 7524M->7524M(8227M) 148.465ms
[50.477s][info][gc,cpu         ] GC(295) User=0.95s Sys=0.02s Real=0.15s
[50.574s][info][gc,start       ] GC(296) Pause Young (Allocation Failure)
[50.752s][info][gc,heap        ] GC(296) PSYoungGen: 353376K(368640K)->298112K(397824K) Eden: 86528K(86528K)->0K(86528K) From: 266848K(282112K)->298112K(311296K)
[50.752s][info][gc,heap        ] GC(296) ParOldGen: 7438046K(8055808K)->7493790K(8055808K)
[50.752s][info][gc,metaspace   ] GC(296) Metaspace: 6302K(6528K)->6302K(6528K) NonClass: 5769K(5888K)->5769K(5888K) Class: 533K(640K)->533K(640K)
[50.752s][info][gc             ] GC(296) Pause Young (Allocation Failure) 7608M->7609M(8255M) 177.804ms
[50.752s][info][gc,cpu         ] GC(296) User=1.33s Sys=0.05s Real=0.18s
[50.862s][info][gc,start       ] GC(297) Pause Young (Allocation Failure)
[51.049s][info][gc,heap        ] GC(297) PSYoungGen: 384640K(397824K)->279200K(420864K) Eden: 86528K(86528K)->0K(74752K) From: 298112K(311296K)->279200K(346112K)
[51.049s][info][gc,heap        ] GC(297) ParOldGen: 7493790K(8055808K)->7600214K(8055808K)
[51.049s][info][gc,metaspace   ] GC(297) Metaspace: 6302K(6528K)->6302K(6528K) NonClass: 5769K(5888K)->5769K(5888K) Class: 533K(640K)->533K(640K)
[51.049s][info][gc             ] GC(297) Pause Young (Allocation Failure) 7693M->7694M(8278M) 187.562ms
[51.049s][info][gc,cpu         ] GC(297) User=1.28s Sys=0.11s Real=0.19s
[51.127s][info][gc,start       ] GC(298) Pause Young (Allocation Failure)
[51.306s][info][gc,heap        ] GC(298) PSYoungGen: 353952K(420864K)->248384K(441856K) Eden: 74752K(74752K)->0K(74752K) From: 279200K(346112K)->248384K(367104K)
[51.306s][info][gc,heap        ] GC(298) ParOldGen: 7600214K(8055808K)->7706646K(8055808K)
[51.306s][info][gc,metaspace   ] GC(298) Metaspace: 6302K(6528K)->6302K(6528K) NonClass: 5769K(5888K)->5769K(5888K) Class: 533K(640K)->533K(640K)
[51.306s][info][gc             ] GC(298) Pause Young (Allocation Failure) 7767M->7768M(8298M) 178.862ms
[51.306s][info][gc,cpu         ] GC(298) User=1.27s Sys=0.02s Real=0.18s
[51.387s][info][gc,start       ] GC(299) Pause Young (Allocation Failure)
[51.574s][info][gc,heap        ] GC(299) PSYoungGen: 323136K(441856K)->149888K(436224K) Eden: 74752K(74752K)->0K(84480K) From: 248384K(367104K)->149888K(351744K)
[51.574s][info][gc,heap        ] GC(299) ParOldGen: 7706646K(8055808K)->7881230K(8055808K)
[51.574s][info][gc,metaspace   ] GC(299) Metaspace: 6302K(6528K)->6302K(6528K) NonClass: 5769K(5888K)->5769K(5888K) Class: 533K(640K)->533K(640K)
[51.574s][info][gc             ] GC(299) Pause Young (Allocation Failure) 7841M->7842M(8293M) 187.433ms
[51.574s][info][gc,cpu         ] GC(299) User=1.20s Sys=0.02s Real=0.19s
[51.574s][info][gc,start       ] GC(300) Pause Full (Ergonomics)
[51.574s][info][gc,phases,start] GC(300) Marking Phase
[53.410s][info][gc,phases      ] GC(300) Marking Phase 1835.783ms
[53.410s][info][gc,phases,start] GC(300) Summary Phase
[53.410s][info][gc,phases      ] GC(300) Summary Phase 0.121ms
[53.410s][info][gc,phases,start] GC(300) Adjust Roots
[53.410s][info][gc,phases      ] GC(300) Adjust Roots 0.173ms
[53.410s][info][gc,phases,start] GC(300) Compaction Phase
[54.200s][info][gc,phases      ] GC(300) Compaction Phase 789.431ms
[54.200s][info][gc,phases,start] GC(300) Post Compact
[54.212s][info][gc,phases      ] GC(300) Post Compact 11.977ms
[54.212s][info][gc,heap        ] GC(300) PSYoungGen: 149888K(436224K)->0K(445952K) Eden: 0K(84480K)->0K(84480K) From: 149888K(351744K)->0K(361472K)
[54.212s][info][gc,heap        ] GC(300) ParOldGen: 7881230K(8055808K)->8026087K(8055808K)
[54.212s][info][gc,metaspace   ] GC(300) Metaspace: 6302K(6528K)->6302K(6528K) NonClass: 5769K(5888K)->5769K(5888K) Class: 533K(640K)->533K(640K)
[54.212s][info][gc             ] GC(300) Pause Full (Ergonomics) 7842M->7837M(8302M) 2637.869ms
[54.212s][info][gc,cpu         ] GC(300) User=19.27s Sys=0.09s Real=2.64s
[54.308s][info][gc,start       ] GC(301) Pause Full (Ergonomics)
[54.308s][info][gc,phases,start] GC(301) Marking Phase
[56.165s][info][gc,phases      ] GC(301) Marking Phase 1856.427ms
[56.165s][info][gc,phases,start] GC(301) Summary Phase
[56.165s][info][gc,phases      ] GC(301) Summary Phase 0.134ms
[56.165s][info][gc,phases,start] GC(301) Adjust Roots
[56.165s][info][gc,phases      ] GC(301) Adjust Roots 0.317ms
[56.165s][info][gc,phases,start] GC(301) Compaction Phase
[56.782s][info][gc,phases      ] GC(301) Compaction Phase 616.893ms
[56.782s][info][gc,phases,start] GC(301) Post Compact
[56.796s][info][gc,phases      ] GC(301) Post Compact 13.351ms
[56.796s][info][gc,heap        ] GC(301) PSYoungGen: 84480K(445952K)->54764K(445952K) Eden: 84480K(84480K)->54764K(84480K) From: 0K(361472K)->0K(361472K)
[56.796s][info][gc,heap        ] GC(301) ParOldGen: 8026087K(8055808K)->8055774K(8055808K)
[56.796s][info][gc,metaspace   ] GC(301) Metaspace: 6302K(6528K)->6302K(6528K) NonClass: 5769K(5888K)->5769K(5888K) Class: 533K(640K)->533K(640K)
[56.796s][info][gc             ] GC(301) Pause Full (Ergonomics) 7920M->7920M(8302M) 2487.591ms
[56.796s][info][gc,cpu         ] GC(301) User=18.58s Sys=0.00s Real=2.49s
[56.826s][info][gc,start       ] GC(302) Pause Full (Ergonomics)
[56.826s][info][gc,phases,start] GC(302) Marking Phase
[58.689s][info][gc,phases      ] GC(302) Marking Phase 1862.455ms
[58.689s][info][gc,phases,start] GC(302) Summary Phase
[58.689s][info][gc,phases      ] GC(302) Summary Phase 0.097ms
[58.689s][info][gc,phases,start] GC(302) Adjust Roots
[58.689s][info][gc,phases      ] GC(302) Adjust Roots 0.258ms
[58.689s][info][gc,phases,start] GC(302) Compaction Phase
[59.348s][info][gc,phases      ] GC(302) Compaction Phase 658.540ms
[59.348s][info][gc,phases,start] GC(302) Post Compact
[59.362s][info][gc,phases      ] GC(302) Post Compact 14.577ms
[59.362s][info][gc,heap        ] GC(302) PSYoungGen: 84480K(445952K)->84469K(445952K) Eden: 84480K(84480K)->84469K(84480K) From: 0K(361472K)->0K(361472K)
[59.362s][info][gc,heap        ] GC(302) ParOldGen: 8055774K(8055808K)->8055774K(8055808K)
[59.362s][info][gc,metaspace   ] GC(302) Metaspace: 6302K(6528K)->6302K(6528K) NonClass: 5769K(5888K)->5769K(5888K) Class: 533K(640K)->533K(640K)
[59.362s][info][gc             ] GC(302) Pause Full (Ergonomics) 7949M->7949M(8302M) 2536.314ms
[59.362s][info][gc,cpu         ] GC(302) User=18.66s Sys=0.00s Real=2.54s
[59.363s][info][gc,start       ] GC(303) Pause Full (Ergonomics)
[59.363s][info][gc,phases,start] GC(303) Marking Phase
[61.212s][info][gc,phases      ] GC(303) Marking Phase 1849.088ms
[61.212s][info][gc,phases,start] GC(303) Summary Phase
[61.212s][info][gc,phases      ] GC(303) Summary Phase 0.112ms
[61.212s][info][gc,phases,start] GC(303) Adjust Roots
[61.212s][info][gc,phases      ] GC(303) Adjust Roots 0.284ms
[61.212s][info][gc,phases,start] GC(303) Compaction Phase
[61.855s][info][gc,phases      ] GC(303) Compaction Phase 642.351ms
[61.855s][info][gc,phases,start] GC(303) Post Compact
[61.869s][info][gc,phases      ] GC(303) Post Compact 13.891ms
[61.869s][info][gc,heap        ] GC(303) PSYoungGen: 84480K(445952K)->84479K(445952K) Eden: 84480K(84480K)->84479K(84480K) From: 0K(361472K)->0K(361472K)
[61.869s][info][gc,heap        ] GC(303) ParOldGen: 8055774K(8055808K)->8055774K(8055808K)
[61.869s][info][gc,metaspace   ] GC(303) Metaspace: 6302K(6528K)->6302K(6528K) NonClass: 5769K(5888K)->5769K(5888K) Class: 533K(640K)->533K(640K)
[61.869s][info][gc             ] GC(303) Pause Full (Ergonomics) 7949M->7949M(8302M) 2506.098ms
[61.869s][info][gc,cpu         ] GC(303) User=18.58s Sys=0.00s Real=2.51s
[61.869s][info][gc,start       ] GC(304) Pause Full (Ergonomics)
[61.869s][info][gc,phases,start] GC(304) Marking Phase
[63.736s][info][gc,phases      ] GC(304) Marking Phase 1867.075ms
[63.736s][info][gc,phases,start] GC(304) Summary Phase
[63.736s][info][gc,phases      ] GC(304) Summary Phase 0.139ms
[63.736s][info][gc,phases,start] GC(304) Adjust Roots
[63.736s][info][gc,phases      ] GC(304) Adjust Roots 0.292ms
[63.737s][info][gc,phases,start] GC(304) Compaction Phase
[64.384s][info][gc,phases      ] GC(304) Compaction Phase 647.850ms
[64.384s][info][gc,phases,start] GC(304) Post Compact
[64.397s][info][gc,phases      ] GC(304) Post Compact 12.501ms
[64.397s][info][gc,heap        ] GC(304) PSYoungGen: 84480K(445952K)->84480K(445952K) Eden: 84480K(84480K)->84480K(84480K) From: 0K(361472K)->0K(361472K)
[64.397s][info][gc,heap        ] GC(304) ParOldGen: 8055774K(8055808K)->8055774K(8055808K)
[64.397s][info][gc,metaspace   ] GC(304) Metaspace: 6302K(6528K)->6302K(6528K) NonClass: 5769K(5888K)->5769K(5888K) Class: 533K(640K)->533K(640K)
[64.397s][info][gc             ] GC(304) Pause Full (Ergonomics) 7949M->7949M(8302M) 2528.197ms
[64.397s][info][gc,cpu         ] GC(304) User=18.83s Sys=0.00s Real=2.53s
[64.397s][info][gc,start       ] GC(305) Pause Full (Ergonomics)
[64.397s][info][gc,phases,start] GC(305) Marking Phase
[66.243s][info][gc,phases      ] GC(305) Marking Phase 1845.363ms
[66.243s][info][gc,phases,start] GC(305) Summary Phase
[66.243s][info][gc,phases      ] GC(305) Summary Phase 0.091ms
[66.243s][info][gc,phases,start] GC(305) Adjust Roots
[66.243s][info][gc,phases      ] GC(305) Adjust Roots 0.201ms
[66.243s][info][gc,phases,start] GC(305) Compaction Phase
[66.850s][info][gc,phases      ] GC(305) Compaction Phase 606.420ms
[66.850s][info][gc,phases,start] GC(305) Post Compact
[66.863s][info][gc,phases      ] GC(305) Post Compact 13.226ms
[66.863s][info][gc,heap        ] GC(305) PSYoungGen: 84480K(445952K)->84480K(445952K) Eden: 84480K(84480K)->84480K(84480K) From: 0K(361472K)->0K(361472K)
[66.863s][info][gc,heap        ] GC(305) ParOldGen: 8055779K(8055808K)->8055779K(8055808K)
[66.863s][info][gc,metaspace   ] GC(305) Metaspace: 6302K(6528K)->6302K(6528K) NonClass: 5769K(5888K)->5769K(5888K) Class: 533K(640K)->533K(640K)
[66.863s][info][gc             ] GC(305) Pause Full (Ergonomics) 7949M->7949M(8302M) 2465.705ms
[66.863s][info][gc,cpu         ] GC(305) User=18.73s Sys=0.00s Real=2.47s
[66.863s][info][gc,start       ] GC(306) Pause Full (Ergonomics)
[66.863s][info][gc,phases,start] GC(306) Marking Phase
[68.742s][info][gc,phases      ] GC(306) Marking Phase 1878.477ms
[68.742s][info][gc,phases,start] GC(306) Summary Phase
[68.742s][info][gc,phases      ] GC(306) Summary Phase 0.082ms
[68.742s][info][gc,phases,start] GC(306) Adjust Roots
[68.742s][info][gc,phases      ] GC(306) Adjust Roots 0.175ms
[68.742s][info][gc,phases,start] GC(306) Compaction Phase
[69.399s][info][gc,phases      ] GC(306) Compaction Phase 656.627ms
[69.399s][info][gc,phases,start] GC(306) Post Compact
[69.412s][info][gc,phases      ] GC(306) Post Compact 13.572ms
[69.412s][info][gc,heap        ] GC(306) PSYoungGen: 84480K(445952K)->84480K(445952K) Eden: 84480K(84480K)->84480K(84480K) From: 0K(361472K)->0K(361472K)
[69.412s][info][gc,heap        ] GC(306) ParOldGen: 8055783K(8055808K)->8055783K(8055808K)
[69.412s][info][gc,metaspace   ] GC(306) Metaspace: 6302K(6528K)->6302K(6528K) NonClass: 5769K(5888K)->5769K(5888K) Class: 533K(640K)->533K(640K)
[69.412s][info][gc             ] GC(306) Pause Full (Ergonomics) 7949M->7949M(8302M) 2549.253ms
[69.412s][info][gc,cpu         ] GC(306) User=18.80s Sys=0.00s Real=2.55s
[69.413s][info][gc,start       ] GC(307) Pause Full (Ergonomics)
[69.413s][info][gc,phases,start] GC(307) Marking Phase
[71.280s][info][gc,phases      ] GC(307) Marking Phase 1867.090ms
[71.280s][info][gc,phases,start] GC(307) Summary Phase
[71.280s][info][gc,phases      ] GC(307) Summary Phase 0.106ms
[71.280s][info][gc,phases,start] GC(307) Adjust Roots
[71.280s][info][gc,phases      ] GC(307) Adjust Roots 0.251ms
[71.280s][info][gc,phases,start] GC(307) Compaction Phase
[71.945s][info][gc,phases      ] GC(307) Compaction Phase 664.919ms
[71.945s][info][gc,phases,start] GC(307) Post Compact
[71.958s][info][gc,phases      ] GC(307) Post Compact 12.800ms
[71.958s][info][gc,heap        ] GC(307) PSYoungGen: 84480K(445952K)->84480K(445952K) Eden: 84480K(84480K)->84480K(84480K) From: 0K(361472K)->0K(361472K)
[71.958s][info][gc,heap        ] GC(307) ParOldGen: 8055788K(8055808K)->8055788K(8055808K)
[71.958s][info][gc,metaspace   ] GC(307) Metaspace: 6302K(6528K)->6302K(6528K) NonClass: 5769K(5888K)->5769K(5888K) Class: 533K(640K)->533K(640K)
[71.958s][info][gc             ] GC(307) Pause Full (Ergonomics) 7949M->7949M(8302M) 2545.519ms
[71.958s][info][gc,cpu         ] GC(307) User=18.62s Sys=0.00s Real=2.55s
[71.958s][info][gc,start       ] GC(308) Pause Full (Ergonomics)
[71.958s][info][gc,phases,start] GC(308) Marking Phase
[73.834s][info][gc,phases      ] GC(308) Marking Phase 1875.742ms
[73.834s][info][gc,phases,start] GC(308) Summary Phase
[73.834s][info][gc,phases      ] GC(308) Summary Phase 0.092ms
[73.834s][info][gc,phases,start] GC(308) Adjust Roots
[73.835s][info][gc,phases      ] GC(308) Adjust Roots 0.197ms
[73.835s][info][gc,phases,start] GC(308) Compaction Phase
[74.426s][info][gc,phases      ] GC(308) Compaction Phase 590.903ms
[74.426s][info][gc,phases,start] GC(308) Post Compact
[74.439s][info][gc,phases      ] GC(308) Post Compact 13.257ms
[74.439s][info][gc,heap        ] GC(308) PSYoungGen: 84480K(445952K)->84480K(445952K) Eden: 84480K(84480K)->84480K(84480K) From: 0K(361472K)->0K(361472K)
[74.439s][info][gc,heap        ] GC(308) ParOldGen: 8055793K(8055808K)->8055793K(8055808K)
[74.439s][info][gc,metaspace   ] GC(308) Metaspace: 6302K(6528K)->6302K(6528K) NonClass: 5769K(5888K)->5769K(5888K) Class: 533K(640K)->533K(640K)
[74.439s][info][gc             ] GC(308) Pause Full (Ergonomics) 7949M->7949M(8302M) 2480.585ms
[74.439s][info][gc,cpu         ] GC(308) User=18.64s Sys=0.00s Real=2.48s
[74.439s][info][gc,start       ] GC(309) Pause Full (Ergonomics)
[74.439s][info][gc,phases,start] GC(309) Marking Phase
[76.347s][info][gc,phases      ] GC(309) Marking Phase 1907.361ms
[76.347s][info][gc,phases,start] GC(309) Summary Phase
[76.347s][info][gc,phases      ] GC(309) Summary Phase 0.084ms
[76.347s][info][gc,phases,start] GC(309) Adjust Roots
[76.347s][info][gc,phases      ] GC(309) Adjust Roots 0.168ms
[76.347s][info][gc,phases,start] GC(309) Compaction Phase
[76.933s][info][gc,phases      ] GC(309) Compaction Phase 586.129ms
[76.933s][info][gc,phases,start] GC(309) Post Compact
[76.946s][info][gc,phases      ] GC(309) Post Compact 12.857ms
[76.946s][info][gc,heap        ] GC(309) PSYoungGen: 84480K(445952K)->84480K(445952K) Eden: 84480K(84480K)->84480K(84480K) From: 0K(361472K)->0K(361472K)
[76.946s][info][gc,heap        ] GC(309) ParOldGen: 8055798K(8055808K)->8055798K(8055808K)
[76.946s][info][gc,metaspace   ] GC(309) Metaspace: 6302K(6528K)->6302K(6528K) NonClass: 5769K(5888K)->5769K(5888K) Class: 533K(640K)->533K(640K)
[76.946s][info][gc             ] GC(309) Pause Full (Ergonomics) 7949M->7949M(8302M) 2506.954ms
[76.946s][info][gc,cpu         ] GC(309) User=18.81s Sys=0.00s Real=2.51s
[76.946s][info][gc,start       ] GC(310) Pause Full (Ergonomics)
[76.946s][info][gc,phases,start] GC(310) Marking Phase
[78.796s][info][gc,phases      ] GC(310) Marking Phase 1849.462ms
[78.796s][info][gc,phases,start] GC(310) Summary Phase
[78.796s][info][gc,phases      ] GC(310) Summary Phase 0.089ms
[78.796s][info][gc,phases,start] GC(310) Adjust Roots
[78.796s][info][gc,phases      ] GC(310) Adjust Roots 0.180ms
[78.796s][info][gc,phases,start] GC(310) Compaction Phase
[79.339s][info][gc,phases      ] GC(310) Compaction Phase 542.712ms
[79.339s][info][gc,phases,start] GC(310) Post Compact
[79.352s][info][gc,phases      ] GC(310) Post Compact 12.980ms
[79.352s][info][gc,heap        ] GC(310) PSYoungGen: 84480K(445952K)->84480K(445952K) Eden: 84480K(84480K)->84480K(84480K) From: 0K(361472K)->0K(361472K)
[79.352s][info][gc,heap        ] GC(310) ParOldGen: 8055803K(8055808K)->8055803K(8055808K)
[79.352s][info][gc,metaspace   ] GC(310) Metaspace: 6302K(6528K)->6302K(6528K) NonClass: 5769K(5888K)->5769K(5888K) Class: 533K(640K)->533K(640K)
[79.352s][info][gc             ] GC(310) Pause Full (Ergonomics) 7949M->7949M(8302M) 2405.821ms
[79.352s][info][gc,cpu         ] GC(310) User=18.00s Sys=0.00s Real=2.41s
[79.353s][info][gc,start       ] GC(311) Pause Full (Ergonomics)
[79.353s][info][gc,phases,start] GC(311) Marking Phase
[81.227s][info][gc,phases      ] GC(311) Marking Phase 1874.297ms
[81.227s][info][gc,phases,start] GC(311) Summary Phase
[81.227s][info][gc,phases      ] GC(311) Summary Phase 0.087ms
[81.227s][info][gc,phases,start] GC(311) Adjust Roots
[81.227s][info][gc,phases      ] GC(311) Adjust Roots 0.175ms
[81.227s][info][gc,phases,start] GC(311) Compaction Phase
[81.774s][info][gc,phases      ] GC(311) Compaction Phase 546.363ms
[81.774s][info][gc,phases,start] GC(311) Post Compact
[81.786s][info][gc,phases      ] GC(311) Post Compact 12.237ms
[81.786s][info][gc,heap        ] GC(311) PSYoungGen: 84480K(445952K)->84480K(445952K) Eden: 84480K(84480K)->84480K(84480K) From: 0K(361472K)->0K(361472K)
[81.786s][info][gc,heap        ] GC(311) ParOldGen: 8055807K(8055808K)->8055807K(8055808K)
[81.786s][info][gc,metaspace   ] GC(311) Metaspace: 6302K(6528K)->6302K(6528K) NonClass: 5769K(5888K)->5769K(5888K) Class: 533K(640K)->533K(640K)
[81.786s][info][gc             ] GC(311) Pause Full (Ergonomics) 7949M->7949M(8302M) 2433.516ms
[81.786s][info][gc,cpu         ] GC(311) User=18.38s Sys=0.00s Real=2.43s
[81.786s][info][gc,start       ] GC(312) Pause Full (Allocation Failure)
[81.786s][info][gc,phases,start] GC(312) Marking Phase
[83.621s][info][gc,phases      ] GC(312) Marking Phase 1835.059ms
[83.621s][info][gc,phases,start] GC(312) Summary Phase
[83.621s][info][gc,phases      ] GC(312) Summary Phase 0.088ms
[83.621s][info][gc,phases,start] GC(312) Adjust Roots
[83.622s][info][gc,phases      ] GC(312) Adjust Roots 0.419ms
[83.622s][info][gc,phases,start] GC(312) Compaction Phase
[85.696s][info][gc,phases      ] GC(312) Compaction Phase 2074.010ms
[85.696s][info][gc,phases,start] GC(312) Post Compact
[85.708s][info][gc,phases      ] GC(312) Post Compact 12.039ms
[85.708s][info][gc,heap        ] GC(312) PSYoungGen: 84480K(445952K)->84480K(445952K) Eden: 84480K(84480K)->84480K(84480K) From: 0K(361472K)->0K(361472K)
[85.708s][info][gc,heap        ] GC(312) ParOldGen: 8055807K(8055808K)->8055803K(8055808K)
[85.708s][info][gc,metaspace   ] GC(312) Metaspace: 6302K(6528K)->6301K(6528K) NonClass: 5769K(5888K)->5768K(5888K) Class: 533K(640K)->532K(640K)
[85.708s][info][gc             ] GC(312) Pause Full (Allocation Failure) 7949M->7949M(8302M) 3921.969ms
[85.708s][info][gc,cpu         ] GC(312) User=29.17s Sys=0.03s Real=3.92s
[85.708s][info][gc,start       ] GC(313) Pause Full (Ergonomics)
[85.708s][info][gc,phases,start] GC(313) Marking Phase
[87.550s][info][gc,phases      ] GC(313) Marking Phase 1841.821ms
[87.550s][info][gc,phases,start] GC(313) Summary Phase
[87.550s][info][gc,phases      ] GC(313) Summary Phase 0.080ms
[87.550s][info][gc,phases,start] GC(313) Adjust Roots
[87.551s][info][gc,phases      ] GC(313) Adjust Roots 0.184ms
[87.551s][info][gc,phases,start] GC(313) Compaction Phase
[88.092s][info][gc,phases      ] GC(313) Compaction Phase 541.433ms
[88.092s][info][gc,phases,start] GC(313) Post Compact
[88.104s][info][gc,phases      ] GC(313) Post Compact 11.822ms
[88.104s][info][gc,heap        ] GC(313) PSYoungGen: 84480K(445952K)->84480K(445952K) Eden: 84480K(84480K)->84480K(84480K) From: 0K(361472K)->0K(361472K)
[88.104s][info][gc,heap        ] GC(313) ParOldGen: 8055803K(8055808K)->8055803K(8055808K)
[88.104s][info][gc,metaspace   ] GC(313) Metaspace: 6301K(6528K)->6301K(6528K) NonClass: 5768K(5888K)->5768K(5888K) Class: 532K(640K)->532K(640K)
[88.104s][info][gc             ] GC(313) Pause Full (Ergonomics) 7949M->7949M(8302M) 2395.645ms
[88.104s][info][gc,cpu         ] GC(313) User=18.06s Sys=0.00s Real=2.40s
[88.104s][info][gc,start       ] GC(314) Pause Full (Ergonomics)
[88.104s][info][gc,phases,start] GC(314) Marking Phase
[89.958s][info][gc,phases      ] GC(314) Marking Phase 1853.299ms
[89.958s][info][gc,phases,start] GC(314) Summary Phase
[89.958s][info][gc,phases      ] GC(314) Summary Phase 0.087ms
[89.958s][info][gc,phases,start] GC(314) Adjust Roots
[89.958s][info][gc,phases      ] GC(314) Adjust Roots 0.177ms
[89.958s][info][gc,phases,start] GC(314) Compaction Phase
[90.521s][info][gc,phases      ] GC(314) Compaction Phase 562.703ms
[90.521s][info][gc,phases,start] GC(314) Post Compact
[90.533s][info][gc,phases      ] GC(314) Post Compact 11.854ms
[90.533s][info][gc,heap        ] GC(314) PSYoungGen: 84480K(445952K)->84480K(445952K) Eden: 84480K(84480K)->84480K(84480K) From: 0K(361472K)->0K(361472K)
[90.533s][info][gc,heap        ] GC(314) ParOldGen: 8055807K(8055808K)->8055807K(8055808K)
[90.533s][info][gc,metaspace   ] GC(314) Metaspace: 6301K(6528K)->6301K(6528K) NonClass: 5768K(5888K)->5768K(5888K) Class: 532K(640K)->532K(640K)
[90.533s][info][gc             ] GC(314) Pause Full (Ergonomics) 7949M->7949M(8302M) 2428.433ms
[90.533s][info][gc,cpu         ] GC(314) User=18.36s Sys=0.00s Real=2.43s
[90.533s][info][gc,start       ] GC(315) Pause Full (Allocation Failure)
[90.533s][info][gc,phases,start] GC(315) Marking Phase
[92.373s][info][gc,phases      ] GC(315) Marking Phase 1840.463ms
[92.373s][info][gc,phases,start] GC(315) Summary Phase
[92.374s][info][gc,phases      ] GC(315) Summary Phase 0.080ms
[92.374s][info][gc,phases,start] GC(315) Adjust Roots
[92.374s][info][gc,phases      ] GC(315) Adjust Roots 0.171ms
[92.374s][info][gc,phases,start] GC(315) Compaction Phase
[92.932s][info][gc,phases      ] GC(315) Compaction Phase 558.331ms
[92.932s][info][gc,phases,start] GC(315) Post Compact
[92.944s][info][gc,phases      ] GC(315) Post Compact 12.003ms
[92.944s][info][gc,heap        ] GC(315) PSYoungGen: 84480K(445952K)->84480K(445952K) Eden: 84480K(84480K)->84480K(84480K) From: 0K(361472K)->0K(361472K)
[92.944s][info][gc,heap        ] GC(315) ParOldGen: 8055807K(8055808K)->8055807K(8055808K)
[92.944s][info][gc,metaspace   ] GC(315) Metaspace: 6301K(6528K)->6301K(6528K) NonClass: 5768K(5888K)->5768K(5888K) Class: 532K(640K)->532K(640K)
[92.944s][info][gc             ] GC(315) Pause Full (Allocation Failure) 7949M->7949M(8302M) 2411.360ms
[92.944s][info][gc,cpu         ] GC(315) User=18.14s Sys=0.00s Real=2.41s
[92.945s][info][gc,start       ] GC(316) Pause Full (Ergonomics)
[92.945s][info][gc,phases,start] GC(316) Marking Phase
[94.800s][info][gc,phases      ] GC(316) Marking Phase 1855.510ms
[94.800s][info][gc,phases,start] GC(316) Summary Phase
[94.800s][info][gc,phases      ] GC(316) Summary Phase 0.096ms
[94.800s][info][gc,phases,start] GC(316) Adjust Roots
[94.801s][info][gc,phases      ] GC(316) Adjust Roots 0.323ms
[94.801s][info][gc,phases,start] GC(316) Compaction Phase
[96.862s][info][gc,phases      ] GC(316) Compaction Phase 2060.686ms
[96.862s][info][gc,phases,start] GC(316) Post Compact
[96.874s][info][gc,phases      ] GC(316) Post Compact 12.082ms
[96.874s][info][gc,heap        ] GC(316) PSYoungGen: 84480K(445952K)->84480K(445952K) Eden: 84480K(84480K)->84480K(84480K) From: 0K(361472K)->0K(361472K)
[96.874s][info][gc,heap        ] GC(316) ParOldGen: 8055807K(8055808K)->8055806K(8055808K)
[96.874s][info][gc,metaspace   ] GC(316) Metaspace: 6301K(6528K)->6301K(6528K) NonClass: 5768K(5888K)->5768K(5888K) Class: 532K(640K)->532K(640K)
[96.874s][info][gc             ] GC(316) Pause Full (Ergonomics) 7949M->7949M(8302M) 3929.059ms
[96.874s][info][gc,cpu         ] GC(316) User=29.20s Sys=0.06s Real=3.93s
[96.874s][info][gc,start       ] GC(317) Pause Full (Ergonomics)
[96.874s][info][gc,phases,start] GC(317) Marking Phase
[98.690s][info][gc,phases      ] GC(317) Marking Phase 1815.594ms
[98.690s][info][gc,phases,start] GC(317) Summary Phase
[98.690s][info][gc,phases      ] GC(317) Summary Phase 0.079ms
[98.690s][info][gc,phases,start] GC(317) Adjust Roots
[98.690s][info][gc,phases      ] GC(317) Adjust Roots 0.177ms
[98.690s][info][gc,phases,start] GC(317) Compaction Phase
[99.248s][info][gc,phases      ] GC(317) Compaction Phase 558.108ms
[99.248s][info][gc,phases,start] GC(317) Post Compact
[99.261s][info][gc,phases      ] GC(317) Post Compact 12.798ms
[99.261s][info][gc,heap        ] GC(317) PSYoungGen: 84480K(445952K)->84480K(445952K) Eden: 84480K(84480K)->84480K(84480K) From: 0K(361472K)->0K(361472K)
[99.261s][info][gc,heap        ] GC(317) ParOldGen: 8055806K(8055808K)->8055806K(8055808K)
[99.261s][info][gc,metaspace   ] GC(317) Metaspace: 6301K(6528K)->6301K(6528K) NonClass: 5768K(5888K)->5768K(5888K) Class: 532K(640K)->532K(640K)
[99.261s][info][gc             ] GC(317) Pause Full (Ergonomics) 7949M->7949M(8302M) 2387.132ms
[99.261s][info][gc,cpu         ] GC(317) User=17.92s Sys=0.00s Real=2.39s
[99.262s][info][gc,start       ] GC(318) Pause Full (Ergonomics)
[99.262s][info][gc,phases,start] GC(318) Marking Phase
[101.222s][info][gc,phases      ] GC(318) Marking Phase 1959.697ms
[101.222s][info][gc,phases,start] GC(318) Summary Phase
[101.222s][info][gc,phases      ] GC(318) Summary Phase 0.088ms
[101.222s][info][gc,phases,start] GC(318) Adjust Roots
[101.222s][info][gc,phases      ] GC(318) Adjust Roots 0.359ms
[101.223s][info][gc,phases,start] GC(318) Compaction Phase
[103.255s][info][gc,phases      ] GC(318) Compaction Phase 2032.337ms
[103.255s][info][gc,phases,start] GC(318) Post Compact
[103.268s][info][gc,phases      ] GC(318) Post Compact 13.539ms
[103.269s][info][gc,heap        ] GC(318) PSYoungGen: 84480K(445952K)->84480K(445952K) Eden: 84480K(84480K)->84480K(84480K) From: 0K(361472K)->0K(361472K)
[103.269s][info][gc,heap        ] GC(318) ParOldGen: 8055807K(8055808K)->8055805K(8055808K)
[103.269s][info][gc,metaspace   ] GC(318) Metaspace: 6302K(6528K)->6302K(6528K) NonClass: 5769K(5888K)->5769K(5888K) Class: 533K(640K)->533K(640K)
[103.269s][info][gc             ] GC(318) Pause Full (Ergonomics) 7949M->7949M(8302M) 4006.409ms
[103.269s][info][gc,cpu         ] GC(318) User=26.64s Sys=0.02s Real=4.01s
[103.269s][info][gc,heap,exit   ] Heap
[103.269s][info][gc,heap,exit   ]  PSYoungGen      total 445952K, used 84480K [0x000000070a300000, 0x000000073c200000, 0x0000000800000000)
[103.269s][info][gc,heap,exit   ]   eden space 84480K, 100% used [0x000000070a300000,0x000000070f580000,0x000000070f580000)
[103.269s][info][gc,heap,exit   ]   from space 361472K, 0% used [0x000000070f580000,0x000000070f580000,0x0000000725680000)
[103.269s][info][gc,heap,exit   ]   to   space 361472K, 0% used [0x0000000726100000,0x0000000726100000,0x000000073c200000)
[103.269s][info][gc,heap,exit   ]  ParOldGen       total 8055808K, used 8055805K [0x000000051e800000, 0x000000070a300000, 0x000000070a300000)
[103.269s][info][gc,heap,exit   ]   object space 8055808K, 99% used [0x000000051e800000,0x000000070a2ff790,0x000000070a300000)
[103.269s][info][gc,heap,exit   ]  Metaspace       used 6305K, committed 6528K, reserved 1114112K
[103.269s][info][gc,heap,exit   ]   class space    used 534K, committed 640K, reserved 1048576K
