[0.014s][info][gc,init] CardTable entry size: 512
[0.014s][info][gc     ] Using Parallel
[0.015s][info][gc,init] Version: 18.0.1+10 (release)
[0.015s][info][gc,init] CPUs: 8 total, 8 available
[0.015s][info][gc,init] Memory: 16063M
[0.015s][info][gc,init] Large Page Support: Disabled
[0.016s][info][gc,init] NUMA Support: Disabled
[0.016s][info][gc,init] Compressed Oops: Enabled (Zero based)
[0.016s][info][gc,init] Alignments: Space 512K, Generation 512K, Heap 2M
[0.016s][info][gc,init] Heap Min Capacity: 2M
[0.016s][info][gc,init] Heap Initial Capacity: 2M
[0.016s][info][gc,init] Heap Max Capacity: 10300M
[0.016s][info][gc,init] Pre-touch: Disabled
[0.016s][info][gc,init] Parallel Workers: 8
[0.016s][info][gc,metaspace] CDS archive(s) not mapped
[0.016s][info][gc,metaspace] Compressed class space mapped at: 0x0000000800000000-0x0000000840000000, reserved size: 1073741824
[0.016s][info][gc,metaspace] Narrow klass base: 0x0000000800000000, Narrow klass shift: 0, Narrow klass range: 0x40000000
[0.127s][info][gc,start    ] GC(0) Pause Young (Allocation Failure)
[0.128s][info][gc,heap     ] GC(0) PSYoungGen: 512K(1024K)->480K(1024K) Eden: 512K(512K)->0K(512K) From: 0K(512K)->480K(512K)
[0.129s][info][gc,heap     ] GC(0) ParOldGen: 0K(512K)->8K(512K)
[0.129s][info][gc,metaspace] GC(0) Metaspace: 4230K(4352K)->4230K(4352K) NonClass: 3909K(3968K)->3909K(3968K) Class: 321K(384K)->321K(384K)
[0.129s][info][gc          ] GC(0) Pause Young (Allocation Failure) 0M->0M(1M) 1.243ms
[0.129s][info][gc,cpu      ] GC(0) User=0.00s Sys=0.00s Real=0.00s
[0.193s][info][gc,start    ] GC(1) Pause Young (Allocation Failure)
[0.194s][info][gc,heap     ] GC(1) PSYoungGen: 991K(1024K)->512K(1024K) Eden: 511K(512K)->0K(512K) From: 480K(512K)->512K(512K)
[0.194s][info][gc,heap     ] GC(1) ParOldGen: 8K(512K)->104K(512K)
[0.194s][info][gc,metaspace] GC(1) Metaspace: 5878K(6016K)->5878K(6016K) NonClass: 5381K(5504K)->5381K(5504K) Class: 496K(512K)->496K(512K)
[0.194s][info][gc          ] GC(1) Pause Young (Allocation Failure) 0M->0M(1M) 1.039ms
[0.194s][info][gc,cpu      ] GC(1) User=0.00s Sys=0.00s Real=0.00s
[0.215s][info][gc,start    ] GC(2) Pause Young (Allocation Failure)
[0.216s][info][gc,heap     ] GC(2) PSYoungGen: 1023K(1024K)->512K(1024K) Eden: 511K(512K)->0K(512K) From: 512K(512K)->512K(512K)
[0.216s][info][gc,heap     ] GC(2) ParOldGen: 104K(512K)->240K(512K)
[0.216s][info][gc,metaspace] GC(2) Metaspace: 6294K(6464K)->6294K(6464K) NonClass: 5761K(5824K)->5761K(5824K) Class: 533K(640K)->533K(640K)
[0.216s][info][gc          ] GC(2) Pause Young (Allocation Failure) 1M->0M(1M) 0.910ms
[0.216s][info][gc,cpu      ] GC(2) User=0.00s Sys=0.00s Real=0.00s
[0.217s][info][gc,start    ] GC(3) Pause Young (Allocation Failure)
[0.218s][info][gc,heap     ] GC(3) PSYoungGen: 1023K(1024K)->512K(1536K) Eden: 511K(512K)->0K(1024K) From: 512K(512K)->512K(512K)
[0.218s][info][gc,heap     ] GC(3) ParOldGen: 240K(512K)->508K(512K)
[0.218s][info][gc,metaspace] GC(3) Metaspace: 6297K(6464K)->6297K(6464K) NonClass: 5763K(5824K)->5763K(5824K) Class: 533K(640K)->533K(640K)
[0.218s][info][gc          ] GC(3) Pause Young (Allocation Failure) 1M->0M(2M) 1.006ms
[0.218s][info][gc,cpu      ] GC(3) User=0.00s Sys=0.00s Real=0.00s
[0.218s][info][gc,start    ] GC(4) Pause Full (Ergonomics)
[0.218s][info][gc,phases,start] GC(4) Marking Phase
[0.219s][info][gc,phases      ] GC(4) Marking Phase 0.965ms
[0.219s][info][gc,phases,start] GC(4) Summary Phase
[0.219s][info][gc,phases      ] GC(4) Summary Phase 0.017ms
[0.219s][info][gc,phases,start] GC(4) Adjust Roots
[0.220s][info][gc,phases      ] GC(4) Adjust Roots 0.351ms
[0.220s][info][gc,phases,start] GC(4) Compaction Phase
[0.221s][info][gc,phases      ] GC(4) Compaction Phase 1.187ms
[0.221s][info][gc,phases,start] GC(4) Post Compact
[0.221s][info][gc,phases      ] GC(4) Post Compact 0.067ms
[0.221s][info][gc,heap        ] GC(4) PSYoungGen: 512K(1536K)->506K(1536K) Eden: 0K(1024K)->0K(1024K) From: 512K(512K)->506K(512K)
[0.221s][info][gc,heap        ] GC(4) ParOldGen: 508K(512K)->460K(2048K)
[0.221s][info][gc,metaspace   ] GC(4) Metaspace: 6297K(6464K)->6297K(6464K) NonClass: 5763K(5824K)->5763K(5824K) Class: 533K(640K)->533K(640K)
[0.221s][info][gc             ] GC(4) Pause Full (Ergonomics) 0M->0M(3M) 2.898ms
[0.221s][info][gc,cpu         ] GC(4) User=0.00s Sys=0.00s Real=0.00s
[0.223s][info][gc,start       ] GC(5) Pause Young (Allocation Failure)
[0.224s][info][gc,heap        ] GC(5) PSYoungGen: 1530K(1536K)->480K(1536K) Eden: 1024K(1024K)->0K(1024K) From: 506K(512K)->480K(512K)
[0.224s][info][gc,heap        ] GC(5) ParOldGen: 460K(2048K)->1017K(2048K)
[0.224s][info][gc,metaspace   ] GC(5) Metaspace: 6297K(6464K)->6297K(6464K) NonClass: 5763K(5824K)->5763K(5824K) Class: 533K(640K)->533K(640K)
[0.224s][info][gc             ] GC(5) Pause Young (Allocation Failure) 1M->1M(3M) 1.193ms
[0.224s][info][gc,cpu         ] GC(5) User=0.00s Sys=0.00s Real=0.00s
[0.225s][info][gc,start       ] GC(6) Pause Young (Allocation Failure)
[0.227s][info][gc,heap        ] GC(6) PSYoungGen: 1504K(1536K)->1024K(3584K) Eden: 1024K(1024K)->0K(2048K) From: 480K(512K)->1024K(1536K)
[0.227s][info][gc,heap        ] GC(6) ParOldGen: 1017K(2048K)->1017K(2048K)
[0.227s][info][gc,metaspace   ] GC(6) Metaspace: 6297K(6464K)->6297K(6464K) NonClass: 5763K(5824K)->5763K(5824K) Class: 533K(640K)->533K(640K)
[0.227s][info][gc             ] GC(6) Pause Young (Allocation Failure) 2M->1M(5M) 1.609ms
[0.227s][info][gc,cpu         ] GC(6) User=0.00s Sys=0.00s Real=0.00s
[0.230s][info][gc,start       ] GC(7) Pause Young (Allocation Failure)
[0.232s][info][gc,heap        ] GC(7) PSYoungGen: 3072K(3584K)->1504K(3584K) Eden: 2048K(2048K)->0K(2048K) From: 1024K(1536K)->1504K(1536K)
[0.232s][info][gc,heap        ] GC(7) ParOldGen: 1017K(2048K)->1569K(2048K)
[0.232s][info][gc,metaspace   ] GC(7) Metaspace: 6297K(6464K)->6297K(6464K) NonClass: 5763K(5824K)->5763K(5824K) Class: 533K(640K)->533K(640K)
[0.232s][info][gc             ] GC(7) Pause Young (Allocation Failure) 3M->3M(5M) 1.954ms
[0.232s][info][gc,cpu         ] GC(7) User=0.00s Sys=0.00s Real=0.00s
[0.232s][info][gc,start       ] GC(8) Pause Full (Ergonomics)
[0.232s][info][gc,phases,start] GC(8) Marking Phase
[0.234s][info][gc,phases      ] GC(8) Marking Phase 1.729ms
[0.234s][info][gc,phases,start] GC(8) Summary Phase
[0.234s][info][gc,phases      ] GC(8) Summary Phase 0.017ms
[0.234s][info][gc,phases,start] GC(8) Adjust Roots
[0.234s][info][gc,phases      ] GC(8) Adjust Roots 0.456ms
[0.234s][info][gc,phases,start] GC(8) Compaction Phase
[0.237s][info][gc,phases      ] GC(8) Compaction Phase 2.600ms
[0.237s][info][gc,phases,start] GC(8) Post Compact
[0.237s][info][gc,phases      ] GC(8) Post Compact 0.031ms
[0.237s][info][gc,heap        ] GC(8) PSYoungGen: 1504K(3584K)->1501K(3584K) Eden: 0K(2048K)->0K(2048K) From: 1504K(1536K)->1501K(1536K)
[0.237s][info][gc,heap        ] GC(8) ParOldGen: 1569K(2048K)->1537K(4096K)
[0.237s][info][gc,metaspace   ] GC(8) Metaspace: 6297K(6464K)->6297K(6464K) NonClass: 5763K(5824K)->5763K(5824K) Class: 533K(640K)->533K(640K)
[0.237s][info][gc             ] GC(8) Pause Full (Ergonomics) 3M->2M(7M) 5.183ms
[0.237s][info][gc,cpu         ] GC(8) User=0.00s Sys=0.00s Real=0.00s
[0.241s][info][gc,start       ] GC(9) Pause Young (Allocation Failure)
[0.243s][info][gc,heap        ] GC(9) PSYoungGen: 3549K(3584K)->2016K(5120K) Eden: 2048K(2048K)->0K(3072K) From: 1501K(1536K)->2016K(2048K)
[0.243s][info][gc,heap        ] GC(9) ParOldGen: 1537K(4096K)->2081K(4096K)
[0.244s][info][gc,metaspace   ] GC(9) Metaspace: 6297K(6464K)->6297K(6464K) NonClass: 5763K(5824K)->5763K(5824K) Class: 533K(640K)->533K(640K)
[0.244s][info][gc             ] GC(9) Pause Young (Allocation Failure) 4M->4M(9M) 2.582ms
[0.244s][info][gc,cpu         ] GC(9) User=0.00s Sys=0.00s Real=0.00s
[0.248s][info][gc,start       ] GC(10) Pause Young (Allocation Failure)
[0.251s][info][gc,heap        ] GC(10) PSYoungGen: 5088K(5120K)->2528K(5632K) Eden: 3072K(3072K)->0K(3072K) From: 2016K(2048K)->2528K(2560K)
[0.251s][info][gc,heap        ] GC(10) ParOldGen: 2081K(4096K)->3169K(4096K)
[0.251s][info][gc,metaspace   ] GC(10) Metaspace: 6297K(6464K)->6297K(6464K) NonClass: 5763K(5824K)->5763K(5824K) Class: 533K(640K)->533K(640K)
[0.251s][info][gc             ] GC(10) Pause Young (Allocation Failure) 7M->5M(9M) 2.964ms
[0.251s][info][gc,cpu         ] GC(10) User=0.00s Sys=0.00s Real=0.00s
[0.251s][info][gc,start       ] GC(11) Pause Full (Ergonomics)
[0.251s][info][gc,phases,start] GC(11) Marking Phase
[0.254s][info][gc,phases      ] GC(11) Marking Phase 3.023ms
[0.254s][info][gc,phases,start] GC(11) Summary Phase
[0.254s][info][gc,phases      ] GC(11) Summary Phase 0.015ms
[0.254s][info][gc,phases,start] GC(11) Adjust Roots
[0.255s][info][gc,phases      ] GC(11) Adjust Roots 0.363ms
[0.255s][info][gc,phases,start] GC(11) Compaction Phase
[0.258s][info][gc,phases      ] GC(11) Compaction Phase 3.197ms
[0.258s][info][gc,phases,start] GC(11) Post Compact
[0.258s][info][gc,phases      ] GC(11) Post Compact 0.044ms
[0.258s][info][gc,heap        ] GC(11) PSYoungGen: 2528K(5632K)->1948K(5632K) Eden: 0K(3072K)->0K(3072K) From: 2528K(2560K)->1948K(2560K)
[0.258s][info][gc,heap        ] GC(11) ParOldGen: 3169K(4096K)->3712K(7168K)
[0.258s][info][gc,metaspace   ] GC(11) Metaspace: 6297K(6464K)->6297K(6464K) NonClass: 5763K(5824K)->5763K(5824K) Class: 533K(640K)->533K(640K)
[0.258s][info][gc             ] GC(11) Pause Full (Ergonomics) 5M->5M(12M) 6.986ms
[0.258s][info][gc,cpu         ] GC(11) User=0.00s Sys=0.00s Real=0.01s
[0.264s][info][gc,start       ] GC(12) Pause Young (Allocation Failure)
[0.268s][info][gc,heap        ] GC(12) PSYoungGen: 5020K(5632K)->2688K(8192K) Eden: 3072K(3072K)->0K(4608K) From: 1948K(2560K)->2688K(3584K)
[0.268s][info][gc,heap        ] GC(12) ParOldGen: 3712K(7168K)->4720K(7168K)
[0.268s][info][gc,metaspace   ] GC(12) Metaspace: 6297K(6464K)->6297K(6464K) NonClass: 5763K(5824K)->5763K(5824K) Class: 533K(640K)->533K(640K)
[0.268s][info][gc             ] GC(12) Pause Young (Allocation Failure) 8M->7M(15M) 3.582ms
[0.268s][info][gc,cpu         ] GC(12) User=0.00s Sys=0.00s Real=0.00s
[0.273s][info][gc,start       ] GC(13) Pause Young (Allocation Failure)
[0.277s][info][gc,heap        ] GC(13) PSYoungGen: 7296K(8192K)->2400K(8192K) Eden: 4608K(4608K)->0K(4608K) From: 2688K(3584K)->2400K(3584K)
[0.277s][info][gc,heap        ] GC(13) ParOldGen: 4720K(7168K)->7432K(7680K)
[0.277s][info][gc,metaspace   ] GC(13) Metaspace: 6297K(6464K)->6297K(6464K) NonClass: 5763K(5824K)->5763K(5824K) Class: 533K(640K)->533K(640K)
[0.277s][info][gc             ] GC(13) Pause Young (Allocation Failure) 11M->9M(15M) 4.171ms
[0.277s][info][gc,cpu         ] GC(13) User=0.00s Sys=0.00s Real=0.00s
[0.277s][info][gc,start       ] GC(14) Pause Full (Ergonomics)
[0.277s][info][gc,phases,start] GC(14) Marking Phase
[0.282s][info][gc,phases      ] GC(14) Marking Phase 4.690ms
[0.282s][info][gc,phases,start] GC(14) Summary Phase
[0.282s][info][gc,phases      ] GC(14) Summary Phase 0.018ms
[0.282s][info][gc,phases,start] GC(14) Adjust Roots
[0.282s][info][gc,phases      ] GC(14) Adjust Roots 0.185ms
[0.282s][info][gc,phases,start] GC(14) Compaction Phase
[0.287s][info][gc,phases      ] GC(14) Compaction Phase 4.399ms
[0.287s][info][gc,phases,start] GC(14) Post Compact
[0.287s][info][gc,phases      ] GC(14) Post Compact 0.051ms
[0.287s][info][gc,heap        ] GC(14) PSYoungGen: 2400K(8192K)->2370K(8192K) Eden: 0K(4608K)->0K(4608K) From: 2400K(3584K)->2370K(3584K)
[0.287s][info][gc,heap        ] GC(14) ParOldGen: 7432K(7680K)->7232K(12288K)
[0.287s][info][gc,metaspace   ] GC(14) Metaspace: 6297K(6464K)->6297K(6464K) NonClass: 5763K(5824K)->5763K(5824K) Class: 533K(640K)->533K(640K)
[0.287s][info][gc             ] GC(14) Pause Full (Ergonomics) 9M->9M(20M) 9.662ms
[0.287s][info][gc,cpu         ] GC(14) User=0.00s Sys=0.00s Real=0.01s
[0.292s][info][gc,start       ] GC(15) Pause Young (Allocation Failure)
[0.295s][info][gc,heap        ] GC(15) PSYoungGen: 6469K(8192K)->2112K(10752K) Eden: 4098K(4608K)->0K(6656K) From: 2370K(3584K)->2112K(4096K)
[0.295s][info][gc,heap        ] GC(15) ParOldGen: 7232K(12288K)->9648K(12288K)
[0.295s][info][gc,metaspace   ] GC(15) Metaspace: 6297K(6464K)->6297K(6464K) NonClass: 5763K(5824K)->5763K(5824K) Class: 533K(640K)->533K(640K)
[0.295s][info][gc             ] GC(15) Pause Young (Allocation Failure) 13M->11M(22M) 3.790ms
[0.295s][info][gc,cpu         ] GC(15) User=0.02s Sys=0.00s Real=0.00s
[0.304s][info][gc,start       ] GC(16) Pause Young (Allocation Failure)
[0.308s][info][gc,heap        ] GC(16) PSYoungGen: 8768K(10752K)->3680K(10752K) Eden: 6656K(6656K)->0K(6656K) From: 2112K(4096K)->3680K(4096K)
[0.308s][info][gc,heap        ] GC(16) ParOldGen: 9648K(12288K)->11760K(12288K)
[0.308s][info][gc,metaspace   ] GC(16) Metaspace: 6299K(6464K)->6299K(6464K) NonClass: 5765K(5824K)->5765K(5824K) Class: 533K(640K)->533K(640K)
[0.308s][info][gc             ] GC(16) Pause Young (Allocation Failure) 17M->15M(22M) 4.389ms
[0.308s][info][gc,cpu         ] GC(16) User=0.00s Sys=0.00s Real=0.00s
[0.308s][info][gc,start       ] GC(17) Pause Full (Ergonomics)
[0.308s][info][gc,phases,start] GC(17) Marking Phase
[0.315s][info][gc,phases      ] GC(17) Marking Phase 6.497ms
[0.315s][info][gc,phases,start] GC(17) Summary Phase
[0.315s][info][gc,phases      ] GC(17) Summary Phase 0.015ms
[0.315s][info][gc,phases,start] GC(17) Adjust Roots
[0.315s][info][gc,phases      ] GC(17) Adjust Roots 0.190ms
[0.315s][info][gc,phases,start] GC(17) Compaction Phase
[0.322s][info][gc,phases      ] GC(17) Compaction Phase 6.876ms
[0.322s][info][gc,phases,start] GC(17) Post Compact
[0.322s][info][gc,phases      ] GC(17) Post Compact 0.076ms
[0.322s][info][gc,heap        ] GC(17) PSYoungGen: 3680K(10752K)->3040K(10752K) Eden: 0K(6656K)->0K(6656K) From: 3680K(4096K)->3040K(4096K)
[0.322s][info][gc,heap        ] GC(17) ParOldGen: 11760K(12288K)->12023K(18944K)
[0.322s][info][gc,metaspace   ] GC(17) Metaspace: 6299K(6464K)->6299K(6464K) NonClass: 5765K(5824K)->5765K(5824K) Class: 533K(640K)->533K(640K)
[0.322s][info][gc             ] GC(17) Pause Full (Ergonomics) 15M->14M(29M) 13.988ms
[0.322s][info][gc,cpu         ] GC(17) User=0.00s Sys=0.00s Real=0.01s
[0.327s][info][gc,start       ] GC(18) Pause Young (Allocation Failure)
[0.333s][info][gc,heap        ] GC(18) PSYoungGen: 9696K(10752K)->3456K(12800K) Eden: 6656K(6656K)->0K(8704K) From: 3040K(4096K)->3456K(4096K)
[0.333s][info][gc,heap        ] GC(18) ParOldGen: 12023K(18944K)->15119K(18944K)
[0.333s][info][gc,metaspace   ] GC(18) Metaspace: 6299K(6464K)->6299K(6464K) NonClass: 5765K(5824K)->5765K(5824K) Class: 533K(640K)->533K(640K)
[0.333s][info][gc             ] GC(18) Pause Young (Allocation Failure) 21M->18M(31M) 6.092ms
[0.333s][info][gc,cpu         ] GC(18) User=0.00s Sys=0.00s Real=0.01s
[0.338s][info][gc,start       ] GC(19) Pause Young (Allocation Failure)
[0.344s][info][gc,heap        ] GC(19) PSYoungGen: 11708K(12800K)->4224K(13312K) Eden: 8252K(8704K)->0K(8704K) From: 3456K(4096K)->4224K(4608K)
[0.344s][info][gc,heap        ] GC(19) ParOldGen: 15119K(18944K)->18607K(18944K)
[0.344s][info][gc,metaspace   ] GC(19) Metaspace: 6299K(6464K)->6299K(6464K) NonClass: 5765K(5824K)->5765K(5824K) Class: 533K(640K)->533K(640K)
[0.344s][info][gc             ] GC(19) Pause Young (Allocation Failure) 26M->22M(31M) 6.454ms
[0.344s][info][gc,cpu         ] GC(19) User=0.02s Sys=0.00s Real=0.01s
[0.344s][info][gc,start       ] GC(20) Pause Full (Ergonomics)
[0.344s][info][gc,phases,start] GC(20) Marking Phase
[0.355s][info][gc,phases      ] GC(20) Marking Phase 10.390ms
[0.355s][info][gc,phases,start] GC(20) Summary Phase
[0.355s][info][gc,phases      ] GC(20) Summary Phase 0.019ms
[0.355s][info][gc,phases,start] GC(20) Adjust Roots
[0.355s][info][gc,phases      ] GC(20) Adjust Roots 0.155ms
[0.355s][info][gc,phases,start] GC(20) Compaction Phase
[0.362s][info][gc,phases      ] GC(20) Compaction Phase 6.902ms
[0.362s][info][gc,phases,start] GC(20) Post Compact
[0.362s][info][gc,phases      ] GC(20) Post Compact 0.092ms
[0.362s][info][gc,heap        ] GC(20) PSYoungGen: 4224K(13312K)->4183K(13312K) Eden: 0K(8704K)->0K(8704K) From: 4224K(4608K)->4183K(4608K)
[0.362s][info][gc,heap        ] GC(20) ParOldGen: 18607K(18944K)->18496K(28160K)
[0.362s][info][gc,metaspace   ] GC(20) Metaspace: 6299K(6464K)->6299K(6464K) NonClass: 5765K(5824K)->5765K(5824K) Class: 533K(640K)->533K(640K)
[0.362s][info][gc             ] GC(20) Pause Full (Ergonomics) 22M->22M(40M) 18.017ms
[0.362s][info][gc,cpu         ] GC(20) User=0.00s Sys=0.00s Real=0.02s
[0.371s][info][gc,start       ] GC(21) Pause Young (Allocation Failure)
[0.379s][info][gc,heap        ] GC(21) PSYoungGen: 12887K(13312K)->5024K(15872K) Eden: 8704K(8704K)->0K(10752K) From: 4183K(4608K)->5024K(5120K)
[0.379s][info][gc,heap        ] GC(21) ParOldGen: 18496K(28160K)->22752K(28160K)
[0.379s][info][gc,metaspace   ] GC(21) Metaspace: 6299K(6464K)->6299K(6464K) NonClass: 5765K(5824K)->5765K(5824K) Class: 533K(640K)->533K(640K)
[0.379s][info][gc             ] GC(21) Pause Young (Allocation Failure) 30M->27M(43M) 8.068ms
[0.379s][info][gc,cpu         ] GC(21) User=0.00s Sys=0.00s Real=0.01s
[0.386s][info][gc,start       ] GC(22) Pause Young (Allocation Failure)
[0.393s][info][gc,heap        ] GC(22) PSYoungGen: 15776K(15872K)->5600K(16896K) Eden: 10752K(10752K)->0K(10752K) From: 5024K(5120K)->5600K(6144K)
[0.393s][info][gc,heap        ] GC(22) ParOldGen: 22752K(28160K)->27808K(28160K)
[0.393s][info][gc,metaspace   ] GC(22) Metaspace: 6299K(6464K)->6299K(6464K) NonClass: 5765K(5824K)->5765K(5824K) Class: 533K(640K)->533K(640K)
[0.393s][info][gc             ] GC(22) Pause Young (Allocation Failure) 37M->32M(44M) 7.606ms
[0.393s][info][gc,cpu         ] GC(22) User=0.03s Sys=0.00s Real=0.01s
[0.393s][info][gc,start       ] GC(23) Pause Full (Ergonomics)
[0.393s][info][gc,phases,start] GC(23) Marking Phase
[0.408s][info][gc,phases      ] GC(23) Marking Phase 14.451ms
[0.408s][info][gc,phases,start] GC(23) Summary Phase
[0.408s][info][gc,phases      ] GC(23) Summary Phase 0.018ms
[0.408s][info][gc,phases,start] GC(23) Adjust Roots
[0.408s][info][gc,phases      ] GC(23) Adjust Roots 0.177ms
[0.408s][info][gc,phases,start] GC(23) Compaction Phase
[0.422s][info][gc,phases      ] GC(23) Compaction Phase 13.886ms
[0.422s][info][gc,phases,start] GC(23) Post Compact
[0.422s][info][gc,phases      ] GC(23) Post Compact 0.137ms
[0.422s][info][gc,heap        ] GC(23) PSYoungGen: 5600K(16896K)->5047K(16896K) Eden: 0K(10752K)->0K(10752K) From: 5600K(6144K)->5047K(6144K)
[0.422s][info][gc,heap        ] GC(23) ParOldGen: 27808K(28160K)->27669K(39936K)
[0.422s][info][gc,metaspace   ] GC(23) Metaspace: 6299K(6464K)->6299K(6464K) NonClass: 5765K(5824K)->5765K(5824K) Class: 533K(640K)->533K(640K)
[0.422s][info][gc             ] GC(23) Pause Full (Ergonomics) 32M->31M(55M) 28.980ms
[0.422s][info][gc,cpu         ] GC(23) User=0.00s Sys=0.00s Real=0.03s
[0.433s][info][gc,start       ] GC(24) Pause Young (Allocation Failure)
[0.446s][info][gc,heap        ] GC(24) PSYoungGen: 15799K(16896K)->6656K(15872K) Eden: 10752K(10752K)->0K(9216K) From: 5047K(6144K)->6656K(6656K)
[0.446s][info][gc,heap        ] GC(24) ParOldGen: 27669K(39936K)->34901K(39936K)
[0.446s][info][gc,metaspace   ] GC(24) Metaspace: 6299K(6464K)->6299K(6464K) NonClass: 5765K(5824K)->5765K(5824K) Class: 533K(640K)->533K(640K)
[0.446s][info][gc             ] GC(24) Pause Young (Allocation Failure) 42M->40M(54M) 12.749ms
[0.446s][info][gc,cpu         ] GC(24) User=0.00s Sys=0.00s Real=0.01s
[0.446s][info][gc,start       ] GC(25) Pause Full (Ergonomics)
[0.446s][info][gc,phases,start] GC(25) Marking Phase
[0.462s][info][gc,phases      ] GC(25) Marking Phase 16.306ms
[0.462s][info][gc,phases,start] GC(25) Summary Phase
[0.462s][info][gc,phases      ] GC(25) Summary Phase 0.019ms
[0.462s][info][gc,phases,start] GC(25) Adjust Roots
[0.462s][info][gc,phases      ] GC(25) Adjust Roots 0.166ms
[0.462s][info][gc,phases,start] GC(25) Compaction Phase
[0.473s][info][gc,phases      ] GC(25) Compaction Phase 10.763ms
[0.473s][info][gc,phases,start] GC(25) Post Compact
[0.474s][info][gc,phases      ] GC(25) Post Compact 0.243ms
[0.474s][info][gc,heap        ] GC(25) PSYoungGen: 6656K(15872K)->1533K(15872K) Eden: 0K(9216K)->0K(9216K) From: 6656K(6656K)->1533K(6656K)
[0.474s][info][gc,heap        ] GC(25) ParOldGen: 34901K(39936K)->39894K(55296K)
[0.474s][info][gc,metaspace   ] GC(25) Metaspace: 6299K(6464K)->6299K(6464K) NonClass: 5765K(5824K)->5765K(5824K) Class: 533K(640K)->533K(640K)
[0.474s][info][gc             ] GC(25) Pause Full (Ergonomics) 40M->40M(69M) 28.050ms
[0.474s][info][gc,cpu         ] GC(25) User=0.00s Sys=0.00s Real=0.03s
[0.487s][info][gc,start       ] GC(26) Pause Young (Allocation Failure)
[0.496s][info][gc,heap        ] GC(26) PSYoungGen: 10749K(15872K)->9248K(19968K) Eden: 9216K(9216K)->0K(9216K) From: 1533K(6656K)->9248K(10752K)
[0.496s][info][gc,heap        ] GC(26) ParOldGen: 39894K(55296K)->41454K(55296K)
[0.496s][info][gc,metaspace   ] GC(26) Metaspace: 6299K(6464K)->6299K(6464K) NonClass: 5765K(5824K)->5765K(5824K) Class: 533K(640K)->533K(640K)
[0.496s][info][gc             ] GC(26) Pause Young (Allocation Failure) 49M->49M(73M) 9.178ms
[0.496s][info][gc,cpu         ] GC(26) User=0.00s Sys=0.00s Real=0.01s
[0.504s][info][gc,start       ] GC(27) Pause Young (Allocation Failure)
[0.518s][info][gc,heap        ] GC(27) PSYoungGen: 18464K(19968K)->11744K(18432K) Eden: 9216K(9216K)->0K(6656K) From: 9248K(10752K)->11744K(11776K)
[0.518s][info][gc,heap        ] GC(27) ParOldGen: 41454K(55296K)->48222K(55296K)
[0.518s][info][gc,metaspace   ] GC(27) Metaspace: 6299K(6464K)->6299K(6464K) NonClass: 5765K(5824K)->5765K(5824K) Class: 533K(640K)->533K(640K)
[0.518s][info][gc             ] GC(27) Pause Young (Allocation Failure) 58M->58M(72M) 13.672ms
[0.518s][info][gc,cpu         ] GC(27) User=0.02s Sys=0.00s Real=0.01s
[0.518s][info][gc,start       ] GC(28) Pause Full (Ergonomics)
[0.518s][info][gc,phases,start] GC(28) Marking Phase
[0.542s][info][gc,phases      ] GC(28) Marking Phase 23.931ms
[0.542s][info][gc,phases,start] GC(28) Summary Phase
[0.542s][info][gc,phases      ] GC(28) Summary Phase 0.026ms
[0.542s][info][gc,phases,start] GC(28) Adjust Roots
[0.542s][info][gc,phases      ] GC(28) Adjust Roots 0.203ms
[0.542s][info][gc,phases,start] GC(28) Compaction Phase
[0.562s][info][gc,phases      ] GC(28) Compaction Phase 19.543ms
[0.562s][info][gc,phases,start] GC(28) Post Compact
[0.562s][info][gc,phases      ] GC(28) Post Compact 0.242ms
[0.562s][info][gc,heap        ] GC(28) PSYoungGen: 11744K(18432K)->3545K(18432K) Eden: 0K(6656K)->0K(6656K) From: 11744K(11776K)->3545K(11776K)
[0.562s][info][gc,heap        ] GC(28) ParOldGen: 48222K(55296K)->55235K(72704K)
[0.562s][info][gc,metaspace   ] GC(28) Metaspace: 6299K(6464K)->6299K(6464K) NonClass: 5765K(5824K)->5765K(5824K) Class: 533K(640K)->533K(640K)
[0.562s][info][gc             ] GC(28) Pause Full (Ergonomics) 58M->57M(89M) 44.373ms
[0.562s][info][gc,cpu         ] GC(28) User=0.03s Sys=0.00s Real=0.04s
[0.569s][info][gc,start       ] GC(29) Pause Young (Allocation Failure)
[0.580s][info][gc,heap        ] GC(29) PSYoungGen: 10201K(18432K)->6656K(23040K) Eden: 6656K(6656K)->0K(6656K) From: 3545K(11776K)->6656K(16384K)
[0.580s][info][gc,heap        ] GC(29) ParOldGen: 55235K(72704K)->58843K(72704K)
[0.580s][info][gc,metaspace   ] GC(29) Metaspace: 6299K(6464K)->6299K(6464K) NonClass: 5765K(5824K)->5765K(5824K) Class: 533K(640K)->533K(640K)
[0.580s][info][gc             ] GC(29) Pause Young (Allocation Failure) 63M->63M(93M) 11.152ms
[0.580s][info][gc,cpu         ] GC(29) User=0.02s Sys=0.00s Real=0.01s
[0.587s][info][gc,start       ] GC(30) Pause Young (Allocation Failure)
[0.597s][info][gc,heap        ] GC(30) PSYoungGen: 13312K(23040K)->13312K(22528K) Eden: 6656K(6656K)->0K(6656K) From: 6656K(16384K)->13312K(15872K)
[0.597s][info][gc,heap        ] GC(30) ParOldGen: 58843K(72704K)->58843K(72704K)
[0.597s][info][gc,metaspace   ] GC(30) Metaspace: 6299K(6464K)->6299K(6464K) NonClass: 5765K(5824K)->5765K(5824K) Class: 533K(640K)->533K(640K)
[0.597s][info][gc             ] GC(30) Pause Young (Allocation Failure) 70M->70M(93M) 9.184ms
[0.597s][info][gc,cpu         ] GC(30) User=0.00s Sys=0.00s Real=0.01s
[0.604s][info][gc,start       ] GC(31) Pause Young (Allocation Failure)
[0.616s][info][gc,heap        ] GC(31) PSYoungGen: 19968K(22528K)->17408K(24064K) Eden: 6656K(6656K)->0K(6656K) From: 13312K(15872K)->17408K(17408K)
[0.617s][info][gc,heap        ] GC(31) ParOldGen: 58843K(72704K)->61395K(72704K)
[0.617s][info][gc,metaspace   ] GC(31) Metaspace: 6299K(6464K)->6299K(6464K) NonClass: 5765K(5824K)->5765K(5824K) Class: 533K(640K)->533K(640K)
[0.617s][info][gc             ] GC(31) Pause Young (Allocation Failure) 76M->76M(94M) 12.603ms
[0.617s][info][gc,cpu         ] GC(31) User=0.00s Sys=0.00s Real=0.01s
[0.625s][info][gc,start       ] GC(32) Pause Young (Allocation Failure)
[0.641s][info][gc,heap        ] GC(32) PSYoungGen: 24064K(24064K)->12384K(30208K) Eden: 6656K(6656K)->0K(8704K) From: 17408K(17408K)->12384K(21504K)
[0.642s][info][gc,heap        ] GC(32) ParOldGen: 61395K(72704K)->73259K(73728K)
[0.642s][info][gc,metaspace   ] GC(32) Metaspace: 6299K(6464K)->6299K(6464K) NonClass: 5765K(5824K)->5765K(5824K) Class: 533K(640K)->533K(640K)
[0.642s][info][gc             ] GC(32) Pause Young (Allocation Failure) 83M->83M(101M) 16.641ms
[0.642s][info][gc,cpu         ] GC(32) User=0.03s Sys=0.00s Real=0.02s
[0.642s][info][gc,start       ] GC(33) Pause Full (Ergonomics)
[0.642s][info][gc,phases,start] GC(33) Marking Phase
[0.676s][info][gc,phases      ] GC(33) Marking Phase 34.119ms
[0.676s][info][gc,phases,start] GC(33) Summary Phase
[0.676s][info][gc,phases      ] GC(33) Summary Phase 0.014ms
[0.676s][info][gc,phases,start] GC(33) Adjust Roots
[0.676s][info][gc,phases      ] GC(33) Adjust Roots 0.151ms
[0.676s][info][gc,phases,start] GC(33) Compaction Phase
[0.698s][info][gc,phases      ] GC(33) Compaction Phase 21.937ms
[0.698s][info][gc,phases,start] GC(33) Post Compact
[0.698s][info][gc,phases      ] GC(33) Post Compact 0.325ms
[0.699s][info][gc,heap        ] GC(33) PSYoungGen: 12384K(30208K)->11814K(30208K) Eden: 0K(8704K)->0K(8704K) From: 12384K(21504K)->11814K(21504K)
[0.699s][info][gc,heap        ] GC(33) ParOldGen: 73259K(73728K)->73470K(94720K)
[0.699s][info][gc,metaspace   ] GC(33) Metaspace: 6299K(6464K)->6299K(6464K) NonClass: 5765K(5824K)->5765K(5824K) Class: 533K(640K)->533K(640K)
[0.699s][info][gc             ] GC(33) Pause Full (Ergonomics) 83M->83M(122M) 56.899ms
[0.699s][info][gc,cpu         ] GC(33) User=0.08s Sys=0.00s Real=0.06s
[0.714s][info][gc,start       ] GC(34) Pause Young (Allocation Failure)
[0.733s][info][gc,heap        ] GC(34) PSYoungGen: 20518K(30208K)->8736K(30208K) Eden: 8704K(8704K)->0K(8704K) From: 11814K(21504K)->8736K(21504K)
[0.733s][info][gc,heap        ] GC(34) ParOldGen: 73470K(94720K)->85478K(94720K)
[0.733s][info][gc,metaspace   ] GC(34) Metaspace: 6299K(6464K)->6299K(6464K) NonClass: 5765K(5824K)->5765K(5824K) Class: 533K(640K)->533K(640K)
[0.733s][info][gc             ] GC(34) Pause Young (Allocation Failure) 91M->92M(122M) 18.709ms
[0.733s][info][gc,cpu         ] GC(34) User=0.06s Sys=0.00s Real=0.02s
[0.733s][info][gc,start       ] GC(35) Pause Full (Ergonomics)
[0.733s][info][gc,phases,start] GC(35) Marking Phase
[0.771s][info][gc,phases      ] GC(35) Marking Phase 38.630ms
[0.772s][info][gc,phases,start] GC(35) Summary Phase
[0.772s][info][gc,phases      ] GC(35) Summary Phase 0.021ms
[0.772s][info][gc,phases,start] GC(35) Adjust Roots
[0.772s][info][gc,phases      ] GC(35) Adjust Roots 0.176ms
[0.772s][info][gc,phases,start] GC(35) Compaction Phase
[0.797s][info][gc,phases      ] GC(35) Compaction Phase 24.969ms
[0.797s][info][gc,phases,start] GC(35) Post Compact
[0.797s][info][gc,phases      ] GC(35) Post Compact 0.303ms
[0.797s][info][gc,heap        ] GC(35) PSYoungGen: 8736K(30208K)->0K(30720K) Eden: 0K(8704K)->0K(10240K) From: 8736K(21504K)->0K(20480K)
[0.797s][info][gc,heap        ] GC(35) ParOldGen: 85478K(94720K)->91923K(117248K)
[0.797s][info][gc,metaspace   ] GC(35) Metaspace: 6299K(6464K)->6299K(6464K) NonClass: 5765K(5824K)->5765K(5824K) Class: 533K(640K)->533K(640K)
[0.797s][info][gc             ] GC(35) Pause Full (Ergonomics) 92M->89M(144M) 64.466ms
[0.797s][info][gc,cpu         ] GC(35) User=0.09s Sys=0.00s Real=0.06s
[0.806s][info][gc,start       ] GC(36) Pause Young (Allocation Failure)
[0.812s][info][gc,heap        ] GC(36) PSYoungGen: 10240K(30720K)->10304K(30720K) Eden: 10240K(10240K)->0K(10240K) From: 0K(20480K)->10304K(20480K)
[0.812s][info][gc,heap        ] GC(36) ParOldGen: 91923K(117248K)->91923K(117248K)
[0.812s][info][gc,metaspace   ] GC(36) Metaspace: 6299K(6464K)->6299K(6464K) NonClass: 5765K(5824K)->5765K(5824K) Class: 533K(640K)->533K(640K)
[0.812s][info][gc             ] GC(36) Pause Young (Allocation Failure) 99M->99M(144M) 6.173ms
[0.812s][info][gc,cpu         ] GC(36) User=0.02s Sys=0.00s Real=0.01s
[0.823s][info][gc,start       ] GC(37) Pause Young (Allocation Failure)
[0.834s][info][gc,heap        ] GC(37) PSYoungGen: 20544K(30720K)->19968K(28672K) Eden: 10240K(10240K)->0K(8704K) From: 10304K(20480K)->19968K(19968K)
[0.834s][info][gc,heap        ] GC(37) ParOldGen: 91923K(117248K)->92435K(117248K)
[0.834s][info][gc,metaspace   ] GC(37) Metaspace: 6299K(6464K)->6299K(6464K) NonClass: 5765K(5824K)->5765K(5824K) Class: 533K(640K)->533K(640K)
[0.834s][info][gc             ] GC(37) Pause Young (Allocation Failure) 109M->109M(142M) 11.515ms
[0.834s][info][gc,cpu         ] GC(37) User=0.00s Sys=0.00s Real=0.01s
[0.843s][info][gc,start       ] GC(38) Pause Young (Allocation Failure)
[0.861s][info][gc,heap        ] GC(38) PSYoungGen: 28672K(28672K)->8736K(31744K) Eden: 8704K(8704K)->0K(8704K) From: 19968K(19968K)->8736K(23040K)
[0.861s][info][gc,heap        ] GC(38) ParOldGen: 92435K(117248K)->112683K(117248K)
[0.861s][info][gc,metaspace   ] GC(38) Metaspace: 6299K(6464K)->6299K(6464K) NonClass: 5765K(5824K)->5765K(5824K) Class: 533K(640K)->533K(640K)
[0.861s][info][gc             ] GC(38) Pause Young (Allocation Failure) 118M->118M(145M) 17.493ms
[0.861s][info][gc,cpu         ] GC(38) User=0.03s Sys=0.00s Real=0.02s
[0.861s][info][gc,start       ] GC(39) Pause Full (Ergonomics)
[0.861s][info][gc,phases,start] GC(39) Marking Phase
[0.896s][info][gc,phases      ] GC(39) Marking Phase 34.752ms
[0.896s][info][gc,phases,start] GC(39) Summary Phase
[0.896s][info][gc,phases      ] GC(39) Summary Phase 0.018ms
[0.896s][info][gc,phases,start] GC(39) Adjust Roots
[0.896s][info][gc,phases      ] GC(39) Adjust Roots 0.165ms
[0.896s][info][gc,phases,start] GC(39) Compaction Phase
[0.915s][info][gc,phases      ] GC(39) Compaction Phase 19.181ms
[0.915s][info][gc,phases,start] GC(39) Post Compact
[0.916s][info][gc,phases      ] GC(39) Post Compact 0.658ms
[0.916s][info][gc,heap        ] GC(39) PSYoungGen: 8736K(31744K)->4072K(31744K) Eden: 0K(8704K)->0K(8704K) From: 8736K(23040K)->4072K(23040K)
[0.916s][info][gc,heap        ] GC(39) ParOldGen: 112683K(117248K)->116941K(148992K)
[0.916s][info][gc,metaspace   ] GC(39) Metaspace: 6299K(6464K)->6299K(6464K) NonClass: 5765K(5824K)->5765K(5824K) Class: 533K(640K)->533K(640K)
[0.916s][info][gc             ] GC(39) Pause Full (Ergonomics) 118M->118M(176M) 55.260ms
[0.916s][info][gc,cpu         ] GC(39) User=0.14s Sys=0.00s Real=0.05s
[0.925s][info][gc,start       ] GC(40) Pause Young (Allocation Failure)
[0.938s][info][gc,heap        ] GC(40) PSYoungGen: 12776K(31744K)->8768K(30208K) Eden: 8704K(8704K)->0K(10240K) From: 4072K(23040K)->8768K(19968K)
[0.938s][info][gc,heap        ] GC(40) ParOldGen: 116941K(148992K)->121101K(148992K)
[0.938s][info][gc,metaspace   ] GC(40) Metaspace: 6299K(6464K)->6299K(6464K) NonClass: 5765K(5824K)->5765K(5824K) Class: 533K(640K)->533K(640K)
[0.938s][info][gc             ] GC(40) Pause Young (Allocation Failure) 126M->126M(175M) 13.463ms
[0.938s][info][gc,cpu         ] GC(40) User=0.02s Sys=0.00s Real=0.01s
[0.948s][info][gc,start       ] GC(41) Pause Young (Allocation Failure)
[0.958s][info][gc,heap        ] GC(41) PSYoungGen: 19008K(30208K)->18976K(31232K) Eden: 10240K(10240K)->0K(10240K) From: 8768K(19968K)->18976K(20992K)
[0.958s][info][gc,heap        ] GC(41) ParOldGen: 121101K(148992K)->121101K(148992K)
[0.958s][info][gc,metaspace   ] GC(41) Metaspace: 6299K(6464K)->6299K(6464K) NonClass: 5765K(5824K)->5765K(5824K) Class: 533K(640K)->533K(640K)
[0.958s][info][gc             ] GC(41) Pause Young (Allocation Failure) 136M->136M(176M) 10.030ms
[0.958s][info][gc,cpu         ] GC(41) User=0.02s Sys=0.00s Real=0.01s
[0.968s][info][gc,start       ] GC(42) Pause Young (Allocation Failure)
[0.984s][info][gc,heap        ] GC(42) PSYoungGen: 29216K(31232K)->23552K(29696K) Eden: 10240K(10240K)->0K(6144K) From: 18976K(20992K)->23552K(23552K)
[0.984s][info][gc,heap        ] GC(42) ParOldGen: 121101K(148992K)->126789K(148992K)
[0.984s][info][gc,metaspace   ] GC(42) Metaspace: 6299K(6464K)->6299K(6464K) NonClass: 5765K(5824K)->5765K(5824K) Class: 533K(640K)->533K(640K)
[0.984s][info][gc             ] GC(42) Pause Young (Allocation Failure) 146M->146M(174M) 15.505ms
[0.984s][info][gc,cpu         ] GC(42) User=0.02s Sys=0.00s Real=0.02s
[0.991s][info][gc,start       ] GC(43) Pause Young (Allocation Failure)
[1.007s][info][gc,heap        ] GC(43) PSYoungGen: 29696K(29696K)->13312K(35328K) Eden: 6144K(6144K)->0K(6144K) From: 23552K(23552K)->13312K(29184K)
[1.007s][info][gc,heap        ] GC(43) ParOldGen: 126789K(148992K)->143421K(148992K)
[1.007s][info][gc,metaspace   ] GC(43) Metaspace: 6299K(6464K)->6299K(6464K) NonClass: 5765K(5824K)->5765K(5824K) Class: 533K(640K)->533K(640K)
[1.007s][info][gc             ] GC(43) Pause Young (Allocation Failure) 152M->153M(180M) 16.019ms
[1.007s][info][gc,cpu         ] GC(43) User=0.02s Sys=0.00s Real=0.02s
[1.007s][info][gc,start       ] GC(44) Pause Full (Ergonomics)
[1.007s][info][gc,phases,start] GC(44) Marking Phase
[1.048s][info][gc,phases      ] GC(44) Marking Phase 41.043ms
[1.048s][info][gc,phases,start] GC(44) Summary Phase
[1.048s][info][gc,phases      ] GC(44) Summary Phase 0.019ms
[1.048s][info][gc,phases,start] GC(44) Adjust Roots
[1.048s][info][gc,phases      ] GC(44) Adjust Roots 0.146ms
[1.048s][info][gc,phases,start] GC(44) Compaction Phase
[1.071s][info][gc,phases      ] GC(44) Compaction Phase 22.550ms
[1.071s][info][gc,phases,start] GC(44) Post Compact
[1.072s][info][gc,phases      ] GC(44) Post Compact 0.744ms
[1.072s][info][gc,heap        ] GC(44) PSYoungGen: 13312K(35328K)->7629K(13824K) Eden: 0K(6144K)->0K(6144K) From: 13312K(29184K)->7629K(7680K)
[1.072s][info][gc,heap        ] GC(44) ParOldGen: 143421K(148992K)->148589K(183296K)
[1.072s][info][gc,metaspace   ] GC(44) Metaspace: 6299K(6464K)->6299K(6464K) NonClass: 5765K(5824K)->5765K(5824K) Class: 533K(640K)->533K(640K)
[1.072s][info][gc             ] GC(44) Pause Full (Ergonomics) 153M->152M(192M) 65.099ms
[1.072s][info][gc,cpu         ] GC(44) User=0.19s Sys=0.00s Real=0.07s
[1.079s][info][gc,start       ] GC(45) Pause Young (Allocation Failure)
[1.095s][info][gc,heap        ] GC(45) PSYoungGen: 13773K(13824K)->10112K(32768K) Eden: 6144K(6144K)->0K(7168K) From: 7629K(7680K)->10112K(25600K)
[1.095s][info][gc,heap        ] GC(45) ParOldGen: 148589K(183296K)->152365K(183296K)
[1.095s][info][gc,metaspace   ] GC(45) Metaspace: 6299K(6464K)->6299K(6464K) NonClass: 5765K(5824K)->5765K(5824K) Class: 533K(640K)->533K(640K)
[1.095s][info][gc             ] GC(45) Pause Young (Allocation Failure) 158M->158M(211M) 16.240ms
[1.095s][info][gc,cpu         ] GC(45) User=0.00s Sys=0.00s Real=0.02s
[1.102s][info][gc,start       ] GC(46) Pause Young (Allocation Failure)
[1.111s][info][gc,heap        ] GC(46) PSYoungGen: 17280K(32768K)->13344K(33792K) Eden: 7168K(7168K)->0K(7168K) From: 10112K(25600K)->13344K(26624K)
[1.111s][info][gc,heap        ] GC(46) ParOldGen: 152365K(183296K)->156365K(183296K)
[1.111s][info][gc,metaspace   ] GC(46) Metaspace: 6299K(6464K)->6299K(6464K) NonClass: 5765K(5824K)->5765K(5824K) Class: 533K(640K)->533K(640K)
[1.111s][info][gc             ] GC(46) Pause Young (Allocation Failure) 165M->165M(212M) 9.298ms
[1.111s][info][gc,cpu         ] GC(46) User=0.02s Sys=0.00s Real=0.01s
[1.119s][info][gc,start       ] GC(47) Pause Young (Allocation Failure)
[1.129s][info][gc,heap        ] GC(47) PSYoungGen: 20512K(33792K)->14368K(33792K) Eden: 7168K(7168K)->0K(8704K) From: 13344K(26624K)->14368K(25088K)
[1.129s][info][gc,heap        ] GC(47) ParOldGen: 156365K(183296K)->162597K(183296K)
[1.129s][info][gc,metaspace   ] GC(47) Metaspace: 6299K(6464K)->6299K(6464K) NonClass: 5765K(5824K)->5765K(5824K) Class: 533K(640K)->533K(640K)
[1.129s][info][gc             ] GC(47) Pause Young (Allocation Failure) 172M->172M(212M) 10.202ms
[1.129s][info][gc,cpu         ] GC(47) User=0.00s Sys=0.00s Real=0.01s
[1.153s][info][gc,start       ] GC(48) Pause Young (Allocation Failure)
[1.169s][info][gc,heap        ] GC(48) PSYoungGen: 23072K(33792K)->15904K(33792K) Eden: 8704K(8704K)->0K(8704K) From: 14368K(25088K)->15904K(25088K)
[1.169s][info][gc,heap        ] GC(48) ParOldGen: 162597K(183296K)->169861K(183296K)
[1.169s][info][gc,metaspace   ] GC(48) Metaspace: 6299K(6464K)->6299K(6464K) NonClass: 5765K(5824K)->5765K(5824K) Class: 533K(640K)->533K(640K)
[1.169s][info][gc             ] GC(48) Pause Young (Allocation Failure) 181M->181M(212M) 16.151ms
[1.169s][info][gc,cpu         ] GC(48) User=0.02s Sys=0.00s Real=0.02s
[1.169s][info][gc,start       ] GC(49) Pause Full (Ergonomics)
[1.169s][info][gc,phases,start] GC(49) Marking Phase
[1.217s][info][gc,phases      ] GC(49) Marking Phase 47.641ms
[1.217s][info][gc,phases,start] GC(49) Summary Phase
[1.217s][info][gc,phases      ] GC(49) Summary Phase 0.018ms
[1.217s][info][gc,phases,start] GC(49) Adjust Roots
[1.217s][info][gc,phases      ] GC(49) Adjust Roots 0.168ms
[1.217s][info][gc,phases,start] GC(49) Compaction Phase
[1.251s][info][gc,phases      ] GC(49) Compaction Phase 34.275ms
[1.251s][info][gc,phases,start] GC(49) Post Compact
[1.252s][info][gc,phases      ] GC(49) Post Compact 0.768ms
[1.252s][info][gc,heap        ] GC(49) PSYoungGen: 15904K(33792K)->0K(35328K) Eden: 0K(8704K)->0K(10240K) From: 15904K(25088K)->0K(25088K)
[1.252s][info][gc,heap        ] GC(49) ParOldGen: 169861K(183296K)->181216K(214528K)
[1.252s][info][gc,metaspace   ] GC(49) Metaspace: 6299K(6464K)->6299K(6464K) NonClass: 5765K(5824K)->5765K(5824K) Class: 533K(640K)->533K(640K)
[1.252s][info][gc             ] GC(49) Pause Full (Ergonomics) 181M->176M(244M) 83.313ms
[1.252s][info][gc,cpu         ] GC(49) User=0.22s Sys=0.00s Real=0.08s
[1.263s][info][gc,start       ] GC(50) Pause Young (Allocation Failure)
[1.269s][info][gc,heap        ] GC(50) PSYoungGen: 10240K(35328K)->10272K(35328K) Eden: 10240K(10240K)->0K(10240K) From: 0K(25088K)->10272K(25088K)
[1.270s][info][gc,heap        ] GC(50) ParOldGen: 181216K(214528K)->181216K(214528K)
[1.270s][info][gc,metaspace   ] GC(50) Metaspace: 6299K(6464K)->6299K(6464K) NonClass: 5765K(5824K)->5765K(5824K) Class: 533K(640K)->533K(640K)
[1.270s][info][gc             ] GC(50) Pause Young (Allocation Failure) 186M->187M(244M) 6.508ms
[1.270s][info][gc,cpu         ] GC(50) User=0.00s Sys=0.00s Real=0.01s
[1.281s][info][gc,start       ] GC(51) Pause Young (Allocation Failure)
[1.291s][info][gc,heap        ] GC(51) PSYoungGen: 20512K(35328K)->20544K(34816K) Eden: 10240K(10240K)->0K(10240K) From: 10272K(25088K)->20544K(24576K)
[1.291s][info][gc,heap        ] GC(51) ParOldGen: 181216K(214528K)->181216K(214528K)
[1.291s][info][gc,metaspace   ] GC(51) Metaspace: 6299K(6464K)->6299K(6464K) NonClass: 5765K(5824K)->5765K(5824K) Class: 533K(640K)->533K(640K)
[1.291s][info][gc             ] GC(51) Pause Young (Allocation Failure) 197M->197M(243M) 10.585ms
[1.291s][info][gc,cpu         ] GC(51) User=0.00s Sys=0.00s Real=0.01s
[1.302s][info][gc,start       ] GC(52) Pause Young (Allocation Failure)
[1.317s][info][gc,heap        ] GC(52) PSYoungGen: 30784K(34816K)->26112K(36352K) Eden: 10240K(10240K)->0K(10240K) From: 20544K(24576K)->26112K(26112K)
[1.317s][info][gc,heap        ] GC(52) ParOldGen: 181216K(214528K)->185872K(214528K)
[1.317s][info][gc,metaspace   ] GC(52) Metaspace: 6299K(6464K)->6299K(6464K) NonClass: 5765K(5824K)->5765K(5824K) Class: 533K(640K)->533K(640K)
[1.317s][info][gc             ] GC(52) Pause Young (Allocation Failure) 207M->207M(245M) 14.809ms
[1.317s][info][gc,cpu         ] GC(52) User=0.00s Sys=0.00s Real=0.01s
[1.329s][info][gc,start       ] GC(53) Pause Young (Allocation Failure)
[1.346s][info][gc,heap        ] GC(53) PSYoungGen: 36352K(36352K)->28672K(39424K) Eden: 10240K(10240K)->0K(8192K) From: 26112K(26112K)->28672K(31232K)
[1.346s][info][gc,heap        ] GC(53) ParOldGen: 185872K(214528K)->193744K(214528K)
[1.346s][info][gc,metaspace   ] GC(53) Metaspace: 6299K(6464K)->6299K(6464K) NonClass: 5765K(5824K)->5765K(5824K) Class: 533K(640K)->533K(640K)
[1.346s][info][gc             ] GC(53) Pause Young (Allocation Failure) 217M->217M(248M) 17.746ms
[1.346s][info][gc,cpu         ] GC(53) User=0.05s Sys=0.03s Real=0.02s
[1.356s][info][gc,start       ] GC(54) Pause Young (Allocation Failure)
[1.372s][info][gc,heap        ] GC(54) PSYoungGen: 36864K(39424K)->27584K(43008K) Eden: 8192K(8192K)->0K(8192K) From: 28672K(31232K)->27584K(34816K)
[1.372s][info][gc,heap        ] GC(54) ParOldGen: 193744K(214528K)->203160K(214528K)
[1.372s][info][gc,metaspace   ] GC(54) Metaspace: 6299K(6464K)->6299K(6464K) NonClass: 5765K(5824K)->5765K(5824K) Class: 533K(640K)->533K(640K)
[1.372s][info][gc             ] GC(54) Pause Young (Allocation Failure) 225M->225M(251M) 16.691ms
[1.372s][info][gc,cpu         ] GC(54) User=0.08s Sys=0.00s Real=0.02s
[1.373s][info][gc,start       ] GC(55) Pause Full (Ergonomics)
[1.373s][info][gc,phases,start] GC(55) Marking Phase
[1.419s][info][gc,phases      ] GC(55) Marking Phase 46.189ms
[1.419s][info][gc,phases,start] GC(55) Summary Phase
[1.419s][info][gc,phases      ] GC(55) Summary Phase 0.024ms
[1.419s][info][gc,phases,start] GC(55) Adjust Roots
[1.419s][info][gc,phases      ] GC(55) Adjust Roots 0.167ms
[1.419s][info][gc,phases,start] GC(55) Compaction Phase
[1.446s][info][gc,phases      ] GC(55) Compaction Phase 26.870ms
[1.446s][info][gc,phases,start] GC(55) Post Compact
[1.447s][info][gc,phases      ] GC(55) Post Compact 1.012ms
[1.447s][info][gc,heap        ] GC(55) PSYoungGen: 27584K(43008K)->16198K(43008K) Eden: 0K(8192K)->0K(8192K) From: 27584K(34816K)->16198K(34816K)
[1.447s][info][gc,heap        ] GC(55) ParOldGen: 203160K(214528K)->214025K(248832K)
[1.447s][info][gc,metaspace   ] GC(55) Metaspace: 6299K(6464K)->6299K(6464K) NonClass: 5765K(5824K)->5765K(5824K) Class: 533K(640K)->533K(640K)
[1.447s][info][gc             ] GC(55) Pause Full (Ergonomics) 225M->224M(285M) 74.736ms
[1.447s][info][gc,cpu         ] GC(55) User=0.30s Sys=0.00s Real=0.08s
[1.457s][info][gc,start       ] GC(56) Pause Young (Allocation Failure)
[1.478s][info][gc,heap        ] GC(56) PSYoungGen: 24390K(43008K)->13216K(43520K) Eden: 8192K(8192K)->0K(9216K) From: 16198K(34816K)->13216K(34304K)
[1.478s][info][gc,heap        ] GC(56) ParOldGen: 214025K(248832K)->225513K(248832K)
[1.478s][info][gc,metaspace   ] GC(56) Metaspace: 6299K(6464K)->6299K(6464K) NonClass: 5765K(5824K)->5765K(5824K) Class: 533K(640K)->533K(640K)
[1.478s][info][gc             ] GC(56) Pause Young (Allocation Failure) 232M->233M(285M) 20.810ms
[1.478s][info][gc,cpu         ] GC(56) User=0.09s Sys=0.00s Real=0.02s
[1.488s][info][gc,start       ] GC(57) Pause Young (Allocation Failure)
[1.499s][info][gc,heap        ] GC(57) PSYoungGen: 22432K(43520K)->17504K(45056K) Eden: 9216K(9216K)->0K(9216K) From: 13216K(34304K)->17504K(35840K)
[1.499s][info][gc,heap        ] GC(57) ParOldGen: 225513K(248832K)->230505K(248832K)
[1.500s][info][gc,metaspace   ] GC(57) Metaspace: 6299K(6464K)->6299K(6464K) NonClass: 5765K(5824K)->5765K(5824K) Class: 533K(640K)->533K(640K)
[1.500s][info][gc             ] GC(57) Pause Young (Allocation Failure) 242M->242M(287M) 11.680ms
[1.500s][info][gc,cpu         ] GC(57) User=0.00s Sys=0.00s Real=0.01s
[1.509s][info][gc,start       ] GC(58) Pause Young (Allocation Failure)
[1.524s][info][gc,heap        ] GC(58) PSYoungGen: 26720K(45056K)->18528K(41984K) Eden: 9216K(9216K)->0K(10752K) From: 17504K(35840K)->18528K(31232K)
[1.524s][info][gc,heap        ] GC(58) ParOldGen: 230505K(248832K)->238817K(248832K)
[1.524s][info][gc,metaspace   ] GC(58) Metaspace: 6299K(6464K)->6299K(6464K) NonClass: 5765K(5824K)->5765K(5824K) Class: 533K(640K)->533K(640K)
[1.524s][info][gc             ] GC(58) Pause Young (Allocation Failure) 251M->251M(284M) 14.756ms
[1.524s][info][gc,cpu         ] GC(58) User=0.00s Sys=0.00s Real=0.01s
[1.524s][info][gc,start       ] GC(59) Pause Full (Ergonomics)
[1.524s][info][gc,phases,start] GC(59) Marking Phase
[1.592s][info][gc,phases      ] GC(59) Marking Phase 68.122ms
[1.592s][info][gc,phases,start] GC(59) Summary Phase
[1.592s][info][gc,phases      ] GC(59) Summary Phase 0.018ms
[1.592s][info][gc,phases,start] GC(59) Adjust Roots
[1.593s][info][gc,phases      ] GC(59) Adjust Roots 0.152ms
[1.593s][info][gc,phases,start] GC(59) Compaction Phase
[1.616s][info][gc,phases      ] GC(59) Compaction Phase 23.881ms
[1.617s][info][gc,phases,start] GC(59) Post Compact
[1.618s][info][gc,phases      ] GC(59) Post Compact 1.229ms
[1.618s][info][gc,heap        ] GC(59) PSYoungGen: 18528K(41984K)->8153K(43520K) Eden: 0K(10752K)->0K(12288K) From: 18528K(31232K)->8153K(31232K)
[1.618s][info][gc,heap        ] GC(59) ParOldGen: 238817K(248832K)->248606K(285696K)
[1.618s][info][gc,metaspace   ] GC(59) Metaspace: 6299K(6464K)->6299K(6464K) NonClass: 5765K(5824K)->5765K(5824K) Class: 533K(640K)->533K(640K)
[1.618s][info][gc             ] GC(59) Pause Full (Ergonomics) 251M->250M(321M) 93.892ms
[1.618s][info][gc,cpu         ] GC(59) User=0.42s Sys=0.00s Real=0.09s
[1.632s][info][gc,start       ] GC(60) Pause Young (Allocation Failure)
[1.655s][info][gc,heap        ] GC(60) PSYoungGen: 20441K(43520K)->12416K(45056K) Eden: 12288K(12288K)->0K(12288K) From: 8153K(31232K)->12416K(32768K)
[1.655s][info][gc,heap        ] GC(60) ParOldGen: 248606K(285696K)->256894K(285696K)
[1.655s][info][gc,metaspace   ] GC(60) Metaspace: 6299K(6464K)->6299K(6464K) NonClass: 5765K(5824K)->5765K(5824K) Class: 533K(640K)->533K(640K)
[1.655s][info][gc             ] GC(60) Pause Young (Allocation Failure) 262M->262M(323M) 22.897ms
[1.655s][info][gc,cpu         ] GC(60) User=0.09s Sys=0.02s Real=0.02s
[1.669s][info][gc,start       ] GC(61) Pause Young (Allocation Failure)
[1.681s][info][gc,heap        ] GC(61) PSYoungGen: 24704K(45056K)->24704K(44544K) Eden: 12288K(12288K)->0K(12288K) From: 12416K(32768K)->24704K(32256K)
[1.681s][info][gc,heap        ] GC(61) ParOldGen: 256894K(285696K)->256894K(285696K)
[1.681s][info][gc,metaspace   ] GC(61) Metaspace: 6299K(6464K)->6299K(6464K) NonClass: 5765K(5824K)->5765K(5824K) Class: 533K(640K)->533K(640K)
[1.681s][info][gc             ] GC(61) Pause Young (Allocation Failure) 274M->274M(322M) 12.811ms
[1.681s][info][gc,cpu         ] GC(61) User=0.00s Sys=0.00s Real=0.01s
[1.696s][info][gc,start       ] GC(62) Pause Young (Allocation Failure)
[1.714s][info][gc,heap        ] GC(62) PSYoungGen: 36992K(44544K)->24672K(46080K) Eden: 12288K(12288K)->0K(12288K) From: 24704K(32256K)->24672K(33792K)
[1.714s][info][gc,heap        ] GC(62) ParOldGen: 256894K(285696K)->269366K(285696K)
[1.714s][info][gc,metaspace   ] GC(62) Metaspace: 6299K(6464K)->6299K(6464K) NonClass: 5765K(5824K)->5765K(5824K) Class: 533K(640K)->533K(640K)
[1.715s][info][gc             ] GC(62) Pause Young (Allocation Failure) 286M->287M(324M) 18.643ms
[1.715s][info][gc,cpu         ] GC(62) User=0.09s Sys=0.02s Real=0.02s
[1.729s][info][gc,start       ] GC(63) Pause Young (Allocation Failure)
[1.747s][info][gc,heap        ] GC(63) PSYoungGen: 36960K(46080K)->24704K(48128K) Eden: 12288K(12288K)->0K(13312K) From: 24672K(33792K)->24704K(34816K)
[1.747s][info][gc,heap        ] GC(63) ParOldGen: 269366K(285696K)->281830K(285696K)
[1.747s][info][gc,metaspace   ] GC(63) Metaspace: 6299K(6464K)->6299K(6464K) NonClass: 5765K(5824K)->5765K(5824K) Class: 533K(640K)->533K(640K)
[1.747s][info][gc             ] GC(63) Pause Young (Allocation Failure) 299M->299M(326M) 18.685ms
[1.747s][info][gc,cpu         ] GC(63) User=0.11s Sys=0.00s Real=0.02s
[1.747s][info][gc,start       ] GC(64) Pause Full (Ergonomics)
[1.747s][info][gc,phases,start] GC(64) Marking Phase
[1.821s][info][gc,phases      ] GC(64) Marking Phase 73.960ms
[1.821s][info][gc,phases,start] GC(64) Summary Phase
[1.821s][info][gc,phases      ] GC(64) Summary Phase 0.020ms
[1.821s][info][gc,phases,start] GC(64) Adjust Roots
[1.822s][info][gc,phases      ] GC(64) Adjust Roots 0.160ms
[1.822s][info][gc,phases,start] GC(64) Compaction Phase
[1.853s][info][gc,phases      ] GC(64) Compaction Phase 31.590ms
[1.853s][info][gc,phases,start] GC(64) Post Compact
[1.855s][info][gc,phases      ] GC(64) Post Compact 1.408ms
[1.855s][info][gc,heap        ] GC(64) PSYoungGen: 24704K(48128K)->20419K(48128K) Eden: 0K(13312K)->0K(13312K) From: 24704K(34816K)->20419K(34816K)
[1.855s][info][gc,heap        ] GC(64) ParOldGen: 281830K(285696K)->285362K(327168K)
[1.855s][info][gc,metaspace   ] GC(64) Metaspace: 6299K(6464K)->6299K(6464K) NonClass: 5765K(5824K)->5765K(5824K) Class: 533K(640K)->533K(640K)
[1.855s][info][gc             ] GC(64) Pause Full (Ergonomics) 299M->298M(366M) 107.655ms
[1.855s][info][gc,cpu         ] GC(64) User=0.56s Sys=0.00s Real=0.11s
[1.870s][info][gc,start       ] GC(65) Pause Young (Allocation Failure)
[1.897s][info][gc,heap        ] GC(65) PSYoungGen: 33731K(48128K)->23808K(48640K) Eden: 13312K(13312K)->0K(13312K) From: 20419K(34816K)->23808K(35328K)
[1.897s][info][gc,heap        ] GC(65) ParOldGen: 285362K(327168K)->295610K(327168K)
[1.897s][info][gc,metaspace   ] GC(65) Metaspace: 6299K(6464K)->6299K(6464K) NonClass: 5765K(5824K)->5765K(5824K) Class: 533K(640K)->533K(640K)
[1.897s][info][gc             ] GC(65) Pause Young (Allocation Failure) 311M->311M(367M) 27.307ms
[1.897s][info][gc,cpu         ] GC(65) User=0.22s Sys=0.02s Real=0.03s
[1.913s][info][gc,start       ] GC(66) Pause Young (Allocation Failure)
[1.932s][info][gc,heap        ] GC(66) PSYoungGen: 37120K(48640K)->35328K(45056K) Eden: 13312K(13312K)->0K(9728K) From: 23808K(35328K)->35328K(35328K)
[1.932s][info][gc,heap        ] GC(66) ParOldGen: 295610K(327168K)->297322K(327168K)
[1.932s][info][gc,metaspace   ] GC(66) Metaspace: 6299K(6464K)->6299K(6464K) NonClass: 5765K(5824K)->5765K(5824K) Class: 533K(640K)->533K(640K)
[1.932s][info][gc             ] GC(66) Pause Young (Allocation Failure) 324M->324M(363M) 18.788ms
[1.932s][info][gc,cpu         ] GC(66) User=0.08s Sys=0.05s Real=0.02s
[1.943s][info][gc,start       ] GC(67) Pause Young (Allocation Failure)
[1.964s][info][gc,heap        ] GC(67) PSYoungGen: 45056K(45056K)->22624K(50176K) Eden: 9728K(9728K)->0K(9728K) From: 35328K(35328K)->22624K(40448K)
[1.964s][info][gc,heap        ] GC(67) ParOldGen: 297322K(327168K)->320178K(327168K)
[1.964s][info][gc,metaspace   ] GC(67) Metaspace: 6299K(6464K)->6299K(6464K) NonClass: 5765K(5824K)->5765K(5824K) Class: 533K(640K)->533K(640K)
[1.964s][info][gc             ] GC(67) Pause Young (Allocation Failure) 334M->334M(368M) 21.567ms
[1.964s][info][gc,cpu         ] GC(67) User=0.12s Sys=0.00s Real=0.02s
[1.964s][info][gc,start       ] GC(68) Pause Full (Ergonomics)
[1.964s][info][gc,phases,start] GC(68) Marking Phase
[2.040s][info][gc,phases      ] GC(68) Marking Phase 75.093ms
[2.040s][info][gc,phases,start] GC(68) Summary Phase
[2.040s][info][gc,phases      ] GC(68) Summary Phase 0.028ms
[2.040s][info][gc,phases,start] GC(68) Adjust Roots
[2.040s][info][gc,phases      ] GC(68) Adjust Roots 0.269ms
[2.040s][info][gc,phases,start] GC(68) Compaction Phase
[2.073s][info][gc,phases      ] GC(68) Compaction Phase 33.009ms
[2.073s][info][gc,phases,start] GC(68) Post Compact
[2.075s][info][gc,phases      ] GC(68) Post Compact 1.724ms
[2.075s][info][gc,heap        ] GC(68) PSYoungGen: 22624K(50176K)->15289K(50176K) Eden: 0K(9728K)->0K(9728K) From: 22624K(40448K)->15289K(40448K)
[2.075s][info][gc,heap        ] GC(68) ParOldGen: 320178K(327168K)->326751K(376320K)
[2.075s][info][gc,metaspace   ] GC(68) Metaspace: 6299K(6464K)->6299K(6464K) NonClass: 5765K(5824K)->5765K(5824K) Class: 533K(640K)->533K(640K)
[2.075s][info][gc             ] GC(68) Pause Full (Ergonomics) 334M->334M(416M) 110.714ms
[2.075s][info][gc,cpu         ] GC(68) User=0.78s Sys=0.02s Real=0.11s
[2.086s][info][gc,start       ] GC(69) Pause Young (Allocation Failure)
[2.112s][info][gc,heap        ] GC(69) PSYoungGen: 25017K(50176K)->16640K(48128K) Eden: 9728K(9728K)->0K(10752K) From: 15289K(40448K)->16640K(37376K)
[2.112s][info][gc,heap        ] GC(69) ParOldGen: 326751K(376320K)->335407K(376320K)
[2.112s][info][gc,metaspace   ] GC(69) Metaspace: 6299K(6464K)->6299K(6464K) NonClass: 5765K(5824K)->5765K(5824K) Class: 533K(640K)->533K(640K)
[2.112s][info][gc             ] GC(69) Pause Young (Allocation Failure) 343M->343M(414M) 25.723ms
[2.112s][info][gc,cpu         ] GC(69) User=0.14s Sys=0.00s Real=0.03s
[2.187s][info][gc,start       ] GC(70) Pause Young (Allocation Failure)
[2.209s][info][gc,heap        ] GC(70) PSYoungGen: 27392K(48128K)->27392K(49152K) Eden: 10752K(10752K)->0K(10752K) From: 16640K(37376K)->27392K(38400K)
[2.209s][info][gc,heap        ] GC(70) ParOldGen: 351791K(376320K)->351791K(376320K)
[2.209s][info][gc,metaspace   ] GC(70) Metaspace: 6299K(6464K)->6299K(6464K) NonClass: 5765K(5824K)->5765K(5824K) Class: 533K(640K)->533K(640K)
[2.209s][info][gc             ] GC(70) Pause Young (Allocation Failure) 370M->370M(415M) 22.464ms
[2.209s][info][gc,cpu         ] GC(70) User=0.03s Sys=0.00s Real=0.02s
[2.220s][info][gc,start       ] GC(71) Pause Young (Allocation Failure)
[2.239s][info][gc,heap        ] GC(71) PSYoungGen: 38144K(49152K)->38112K(46592K) Eden: 10752K(10752K)->0K(7680K) From: 27392K(38400K)->38112K(38912K)
[2.239s][info][gc,heap        ] GC(71) ParOldGen: 351791K(376320K)->351791K(376320K)
[2.239s][info][gc,metaspace   ] GC(71) Metaspace: 6299K(6464K)->6299K(6464K) NonClass: 5765K(5824K)->5765K(5824K) Class: 533K(640K)->533K(640K)
[2.239s][info][gc             ] GC(71) Pause Young (Allocation Failure) 380M->380M(413M) 19.088ms
[2.239s][info][gc,cpu         ] GC(71) User=0.03s Sys=0.00s Real=0.02s
[2.248s][info][gc,start       ] GC(72) Pause Young (Allocation Failure)
[2.271s][info][gc,heap        ] GC(72) PSYoungGen: 45792K(46592K)->38976K(51200K) Eden: 7680K(7680K)->0K(7680K) From: 38112K(38912K)->38976K(43520K)
[2.271s][info][gc,heap        ] GC(72) ParOldGen: 351791K(376320K)->358679K(376320K)
[2.271s][info][gc,metaspace   ] GC(72) Metaspace: 6299K(6464K)->6299K(6464K) NonClass: 5765K(5824K)->5765K(5824K) Class: 533K(640K)->533K(640K)
[2.271s][info][gc             ] GC(72) Pause Young (Allocation Failure) 388M->388M(417M) 22.906ms
[2.271s][info][gc,cpu         ] GC(72) User=0.03s Sys=0.00s Real=0.02s
[2.271s][info][gc,start       ] GC(73) Pause Full (Ergonomics)
[2.271s][info][gc,phases,start] GC(73) Marking Phase
[2.358s][info][gc,phases      ] GC(73) Marking Phase 87.363ms
[2.358s][info][gc,phases,start] GC(73) Summary Phase
[2.359s][info][gc,phases      ] GC(73) Summary Phase 0.028ms
[2.359s][info][gc,phases,start] GC(73) Adjust Roots
[2.359s][info][gc,phases      ] GC(73) Adjust Roots 0.171ms
[2.359s][info][gc,phases,start] GC(73) Compaction Phase
[2.427s][info][gc,phases      ] GC(73) Compaction Phase 68.117ms
[2.427s][info][gc,phases,start] GC(73) Post Compact
[2.429s][info][gc,phases      ] GC(73) Post Compact 2.024ms
[2.429s][info][gc,heap        ] GC(73) PSYoungGen: 38976K(51200K)->12724K(51200K) Eden: 0K(7680K)->0K(7680K) From: 38976K(43520K)->12724K(43520K)
[2.429s][info][gc,heap        ] GC(73) ParOldGen: 358679K(376320K)->376289K(424960K)
[2.429s][info][gc,metaspace   ] GC(73) Metaspace: 6299K(6464K)->6299K(6464K) NonClass: 5765K(5824K)->5765K(5824K) Class: 533K(640K)->533K(640K)
[2.429s][info][gc             ] GC(73) Pause Full (Ergonomics) 388M->379M(465M) 158.241ms
[2.429s][info][gc,cpu         ] GC(73) User=0.94s Sys=0.03s Real=0.16s
[2.438s][info][gc,start       ] GC(74) Pause Young (Allocation Failure)
[2.465s][info][gc,heap        ] GC(74) PSYoungGen: 20404K(51200K)->17632K(53248K) Eden: 7680K(7680K)->0K(8704K) From: 12724K(43520K)->17632K(44544K)
[2.465s][info][gc,heap        ] GC(74) ParOldGen: 376289K(424960K)->379257K(424960K)
[2.465s][info][gc,metaspace   ] GC(74) Metaspace: 6299K(6464K)->6299K(6464K) NonClass: 5765K(5824K)->5765K(5824K) Class: 533K(640K)->533K(640K)
[2.465s][info][gc             ] GC(74) Pause Young (Allocation Failure) 387M->387M(467M) 26.745ms
[2.465s][info][gc,cpu         ] GC(74) User=0.14s Sys=0.00s Real=0.03s
[2.475s][info][gc,start       ] GC(75) Pause Young (Allocation Failure)
[2.489s][info][gc,heap        ] GC(75) PSYoungGen: 26336K(53248K)->26304K(35328K) Eden: 8704K(8704K)->0K(8704K) From: 17632K(44544K)->26304K(26624K)
[2.489s][info][gc,heap        ] GC(75) ParOldGen: 379257K(424960K)->379257K(424960K)
[2.489s][info][gc,metaspace   ] GC(75) Metaspace: 6299K(6464K)->6299K(6464K) NonClass: 5765K(5824K)->5765K(5824K) Class: 533K(640K)->533K(640K)
[2.489s][info][gc             ] GC(75) Pause Young (Allocation Failure) 396M->396M(449M) 13.654ms
[2.489s][info][gc,cpu         ] GC(75) User=0.02s Sys=0.00s Real=0.01s
[2.498s][info][gc,start       ] GC(76) Pause Young (Allocation Failure)
[2.514s][info][gc,heap        ] GC(76) PSYoungGen: 35008K(35328K)->30624K(53760K) Eden: 8704K(8704K)->0K(9216K) From: 26304K(26624K)->30624K(44544K)
[2.514s][info][gc,heap        ] GC(76) ParOldGen: 379257K(424960K)->383721K(424960K)
[2.514s][info][gc,metaspace   ] GC(76) Metaspace: 6299K(6464K)->6299K(6464K) NonClass: 5765K(5824K)->5765K(5824K) Class: 533K(640K)->533K(640K)
[2.514s][info][gc             ] GC(76) Pause Young (Allocation Failure) 404M->404M(467M) 16.396ms
[2.514s][info][gc,cpu         ] GC(76) User=0.03s Sys=0.00s Real=0.02s
[2.524s][info][gc,start       ] GC(77) Pause Young (Allocation Failure)
[2.542s][info][gc,heap        ] GC(77) PSYoungGen: 39840K(53760K)->36672K(54272K) Eden: 9216K(9216K)->0K(9216K) From: 30624K(44544K)->36672K(45056K)
[2.542s][info][gc,heap        ] GC(77) ParOldGen: 383721K(424960K)->386969K(424960K)
[2.542s][info][gc,metaspace   ] GC(77) Metaspace: 6299K(6464K)->6299K(6464K) NonClass: 5765K(5824K)->5765K(5824K) Class: 533K(640K)->533K(640K)
[2.542s][info][gc             ] GC(77) Pause Young (Allocation Failure) 413M->413M(468M) 18.200ms
[2.542s][info][gc,cpu         ] GC(77) User=0.12s Sys=0.00s Real=0.02s
[2.551s][info][gc,start       ] GC(78) Pause Young (Allocation Failure)
[2.573s][info][gc,heap        ] GC(78) PSYoungGen: 45888K(54272K)->35904K(56832K) Eden: 9216K(9216K)->0K(9216K) From: 36672K(45056K)->35904K(47616K)
[2.573s][info][gc,heap        ] GC(78) ParOldGen: 386969K(424960K)->397073K(424960K)
[2.573s][info][gc,metaspace   ] GC(78) Metaspace: 6299K(6464K)->6299K(6464K) NonClass: 5765K(5824K)->5765K(5824K) Class: 533K(640K)->533K(640K)
[2.573s][info][gc             ] GC(78) Pause Young (Allocation Failure) 422M->422M(470M) 21.450ms
[2.573s][info][gc,cpu         ] GC(78) User=0.12s Sys=0.00s Real=0.02s
[2.582s][info][gc,start       ] GC(79) Pause Young (Allocation Failure)
[2.603s][info][gc,heap        ] GC(79) PSYoungGen: 45120K(56832K)->27776K(37376K) Eden: 9216K(9216K)->0K(9216K) From: 35904K(47616K)->27776K(28160K)
[2.603s][info][gc,heap        ] GC(79) ParOldGen: 397073K(424960K)->414681K(424960K)
[2.603s][info][gc,metaspace   ] GC(79) Metaspace: 6299K(6464K)->6299K(6464K) NonClass: 5765K(5824K)->5765K(5824K) Class: 533K(640K)->533K(640K)
[2.603s][info][gc             ] GC(79) Pause Young (Allocation Failure) 431M->432M(451M) 21.346ms
[2.603s][info][gc,cpu         ] GC(79) User=0.12s Sys=0.00s Real=0.02s
[2.603s][info][gc,start       ] GC(80) Pause Full (Ergonomics)
[2.604s][info][gc,phases,start] GC(80) Marking Phase
[2.698s][info][gc,phases      ] GC(80) Marking Phase 94.818ms
[2.698s][info][gc,phases,start] GC(80) Summary Phase
[2.698s][info][gc,phases      ] GC(80) Summary Phase 0.027ms
[2.698s][info][gc,phases,start] GC(80) Adjust Roots
[2.699s][info][gc,phases      ] GC(80) Adjust Roots 0.153ms
[2.699s][info][gc,phases,start] GC(80) Compaction Phase
[2.744s][info][gc,phases      ] GC(80) Compaction Phase 45.525ms
[2.744s][info][gc,phases,start] GC(80) Post Compact
[2.746s][info][gc,phases      ] GC(80) Post Compact 2.076ms
[2.747s][info][gc,heap        ] GC(80) PSYoungGen: 27776K(37376K)->16826K(37376K) Eden: 0K(9216K)->0K(9216K) From: 27776K(28160K)->16826K(28160K)
[2.747s][info][gc,heap        ] GC(80) ParOldGen: 414681K(424960K)->424740K(477696K)
[2.747s][info][gc,metaspace   ] GC(80) Metaspace: 6299K(6464K)->6299K(6464K) NonClass: 5765K(5824K)->5765K(5824K) Class: 533K(640K)->533K(640K)
[2.747s][info][gc             ] GC(80) Pause Full (Ergonomics) 432M->431M(503M) 143.136ms
[2.747s][info][gc,cpu         ] GC(80) User=1.11s Sys=0.02s Real=0.14s
[2.758s][info][gc,start       ] GC(81) Pause Young (Allocation Failure)
[2.787s][info][gc,heap        ] GC(81) PSYoungGen: 26042K(37376K)->14912K(57856K) Eden: 9216K(9216K)->0K(10752K) From: 16826K(28160K)->14912K(47104K)
[2.787s][info][gc,heap        ] GC(81) ParOldGen: 424740K(477696K)->436172K(477696K)
[2.787s][info][gc,metaspace   ] GC(81) Metaspace: 6299K(6464K)->6299K(6464K) NonClass: 5765K(5824K)->5765K(5824K) Class: 533K(640K)->533K(640K)
[2.787s][info][gc             ] GC(81) Pause Young (Allocation Failure) 440M->440M(523M) 29.244ms
[2.787s][info][gc,cpu         ] GC(81) User=0.16s Sys=0.02s Real=0.03s
[2.799s][info][gc,start       ] GC(82) Pause Young (Allocation Failure)
[2.812s][info][gc,heap        ] GC(82) PSYoungGen: 25664K(57856K)->20064K(57856K) Eden: 10752K(10752K)->0K(10752K) From: 14912K(47104K)->20064K(47104K)
[2.812s][info][gc,heap        ] GC(82) ParOldGen: 436172K(477696K)->441812K(477696K)
[2.812s][info][gc,metaspace   ] GC(82) Metaspace: 6299K(6464K)->6299K(6464K) NonClass: 5765K(5824K)->5765K(5824K) Class: 533K(640K)->533K(640K)
[2.812s][info][gc             ] GC(82) Pause Young (Allocation Failure) 451M->451M(523M) 13.709ms
[2.812s][info][gc,cpu         ] GC(82) User=0.02s Sys=0.00s Real=0.01s
[2.824s][info][gc,start       ] GC(83) Pause Young (Allocation Failure)
[2.839s][info][gc,heap        ] GC(83) PSYoungGen: 30816K(57856K)->21600K(55296K) Eden: 10752K(10752K)->0K(12288K) From: 20064K(47104K)->21600K(43008K)
[2.840s][info][gc,heap        ] GC(83) ParOldGen: 441812K(477696K)->451156K(477696K)
[2.840s][info][gc,metaspace   ] GC(83) Metaspace: 6299K(6464K)->6299K(6464K) NonClass: 5765K(5824K)->5765K(5824K) Class: 533K(640K)->533K(640K)
[2.840s][info][gc             ] GC(83) Pause Young (Allocation Failure) 461M->461M(520M) 16.008ms
[2.840s][info][gc,cpu         ] GC(83) User=0.02s Sys=0.00s Real=0.02s
[2.853s][info][gc,start       ] GC(84) Pause Young (Allocation Failure)
[2.871s][info][gc,heap        ] GC(84) PSYoungGen: 33888K(55296K)->12384K(56832K) Eden: 12288K(12288K)->0K(12288K) From: 21600K(43008K)->12384K(44544K)
[2.871s][info][gc,heap        ] GC(84) ParOldGen: 451156K(477696K)->472916K(477696K)
[2.871s][info][gc,metaspace   ] GC(84) Metaspace: 6299K(6464K)->6299K(6464K) NonClass: 5765K(5824K)->5765K(5824K) Class: 533K(640K)->533K(640K)
[2.871s][info][gc             ] GC(84) Pause Young (Allocation Failure) 473M->473M(522M) 18.473ms
[2.871s][info][gc,cpu         ] GC(84) User=0.12s Sys=0.00s Real=0.02s
[2.871s][info][gc,start       ] GC(85) Pause Full (Ergonomics)
[2.871s][info][gc,phases,start] GC(85) Marking Phase
[2.984s][info][gc,phases      ] GC(85) Marking Phase 112.593ms
[2.984s][info][gc,phases,start] GC(85) Summary Phase
[2.984s][info][gc,phases      ] GC(85) Summary Phase 0.019ms
[2.984s][info][gc,phases,start] GC(85) Adjust Roots
[2.984s][info][gc,phases      ] GC(85) Adjust Roots 0.186ms
[2.984s][info][gc,phases,start] GC(85) Compaction Phase
[3.034s][info][gc,phases      ] GC(85) Compaction Phase 49.768ms
[3.034s][info][gc,phases,start] GC(85) Post Compact
[3.036s][info][gc,phases      ] GC(85) Post Compact 2.309ms
[3.037s][info][gc,heap        ] GC(85) PSYoungGen: 12384K(56832K)->7146K(56832K) Eden: 0K(12288K)->0K(12288K) From: 12384K(44544K)->7146K(44544K)
[3.037s][info][gc,heap        ] GC(85) ParOldGen: 472916K(477696K)->477307K(537088K)
[3.037s][info][gc,metaspace   ] GC(85) Metaspace: 6299K(6464K)->6299K(6464K) NonClass: 5765K(5824K)->5765K(5824K) Class: 533K(640K)->533K(640K)
[3.037s][info][gc             ] GC(85) Pause Full (Ergonomics) 473M->473M(580M) 165.519ms
[3.037s][info][gc,cpu         ] GC(85) User=1.14s Sys=0.00s Real=0.17s
[3.051s][info][gc,start       ] GC(86) Pause Young (Allocation Failure)
[3.081s][info][gc,heap        ] GC(86) PSYoungGen: 19434K(56832K)->12416K(57856K) Eden: 12288K(12288K)->0K(13824K) From: 7146K(44544K)->12416K(44032K)
[3.081s][info][gc,heap        ] GC(86) ParOldGen: 477307K(537088K)->484579K(537088K)
[3.081s][info][gc,metaspace   ] GC(86) Metaspace: 6299K(6464K)->6299K(6464K) NonClass: 5765K(5824K)->5765K(5824K) Class: 533K(640K)->533K(640K)
[3.081s][info][gc             ] GC(86) Pause Young (Allocation Failure) 485M->485M(581M) 29.548ms
[3.081s][info][gc,cpu         ] GC(86) User=0.12s Sys=0.00s Real=0.03s
[3.096s][info][gc,start       ] GC(87) Pause Young (Allocation Failure)
[3.111s][info][gc,heap        ] GC(87) PSYoungGen: 26240K(57856K)->26208K(58368K) Eden: 13824K(13824K)->0K(13824K) From: 12416K(44032K)->26208K(44544K)
[3.111s][info][gc,heap        ] GC(87) ParOldGen: 484579K(537088K)->484579K(537088K)
[3.111s][info][gc,metaspace   ] GC(87) Metaspace: 6299K(6464K)->6299K(6464K) NonClass: 5765K(5824K)->5765K(5824K) Class: 533K(640K)->533K(640K)
[3.111s][info][gc             ] GC(87) Pause Young (Allocation Failure) 498M->498M(581M) 14.464ms
[3.111s][info][gc,cpu         ] GC(87) User=0.02s Sys=0.00s Real=0.02s
[3.126s][info][gc,start       ] GC(88) Pause Young (Allocation Failure)
[3.147s][info][gc,heap        ] GC(88) PSYoungGen: 40032K(58368K)->27744K(58368K) Eden: 13824K(13824K)->0K(15360K) From: 26208K(44544K)->27744K(43008K)
[3.147s][info][gc,heap        ] GC(88) ParOldGen: 484579K(537088K)->497035K(537088K)
[3.147s][info][gc,metaspace   ] GC(88) Metaspace: 6299K(6464K)->6299K(6464K) NonClass: 5765K(5824K)->5765K(5824K) Class: 533K(640K)->533K(640K)
[3.147s][info][gc             ] GC(88) Pause Young (Allocation Failure) 512M->512M(581M) 20.659ms
[3.147s][info][gc,cpu         ] GC(88) User=0.12s Sys=0.00s Real=0.02s
[3.163s][info][gc,start       ] GC(89) Pause Young (Allocation Failure)
[3.185s][info][gc,heap        ] GC(89) PSYoungGen: 43104K(58368K)->29312K(58880K) Eden: 15360K(15360K)->0K(15360K) From: 27744K(43008K)->29312K(43520K)
[3.185s][info][gc,heap        ] GC(89) ParOldGen: 497035K(537088K)->511051K(537088K)
[3.185s][info][gc,metaspace   ] GC(89) Metaspace: 6299K(6464K)->6299K(6464K) NonClass: 5765K(5824K)->5765K(5824K) Class: 533K(640K)->533K(640K)
[3.185s][info][gc             ] GC(89) Pause Young (Allocation Failure) 527M->527M(582M) 22.157ms
[3.185s][info][gc,cpu         ] GC(89) User=0.14s Sys=0.00s Real=0.02s
[3.203s][info][gc,start       ] GC(90) Pause Young (Allocation Failure)
[3.226s][info][gc,heap        ] GC(90) PSYoungGen: 44672K(58880K)->30848K(59904K) Eden: 15360K(15360K)->0K(16384K) From: 29312K(43520K)->30848K(43520K)
[3.226s][info][gc,heap        ] GC(90) ParOldGen: 511051K(537088K)->525067K(537088K)
[3.226s][info][gc,metaspace   ] GC(90) Metaspace: 6299K(6464K)->6299K(6464K) NonClass: 5765K(5824K)->5765K(5824K) Class: 533K(640K)->533K(640K)
[3.226s][info][gc             ] GC(90) Pause Young (Allocation Failure) 542M->542M(583M) 23.470ms
[3.226s][info][gc,cpu         ] GC(90) User=0.12s Sys=0.00s Real=0.02s
[3.226s][info][gc,start       ] GC(91) Pause Full (Ergonomics)
[3.226s][info][gc,phases,start] GC(91) Marking Phase
[3.353s][info][gc,phases      ] GC(91) Marking Phase 126.926ms
[3.353s][info][gc,phases,start] GC(91) Summary Phase
[3.353s][info][gc,phases      ] GC(91) Summary Phase 0.020ms
[3.353s][info][gc,phases,start] GC(91) Adjust Roots
[3.353s][info][gc,phases      ] GC(91) Adjust Roots 0.202ms
[3.353s][info][gc,phases,start] GC(91) Compaction Phase
[3.404s][info][gc,phases      ] GC(91) Compaction Phase 50.255ms
[3.404s][info][gc,phases,start] GC(91) Post Compact
[3.405s][info][gc,phases      ] GC(91) Post Compact 0.884ms
[3.405s][info][gc,heap        ] GC(91) PSYoungGen: 30848K(59904K)->17883K(59904K) Eden: 0K(16384K)->0K(16384K) From: 30848K(43520K)->17883K(43520K)
[3.405s][info][gc,heap        ] GC(91) ParOldGen: 525067K(537088K)->537068K(600576K)
[3.405s][info][gc,metaspace   ] GC(91) Metaspace: 6299K(6464K)->6299K(6464K) NonClass: 5765K(5824K)->5765K(5824K) Class: 533K(640K)->533K(640K)
[3.405s][info][gc             ] GC(91) Pause Full (Ergonomics) 542M->541M(645M) 178.912ms
[3.405s][info][gc,cpu         ] GC(91) User=1.28s Sys=0.02s Real=0.18s
[3.423s][info][gc,start       ] GC(92) Pause Young (Allocation Failure)
[3.461s][info][gc,heap        ] GC(92) PSYoungGen: 34267K(59904K)->25312K(60928K) Eden: 16384K(16384K)->0K(16384K) From: 17883K(43520K)->25312K(44544K)
[3.461s][info][gc,heap        ] GC(92) ParOldGen: 537068K(600576K)->546284K(600576K)
[3.461s][info][gc,metaspace   ] GC(92) Metaspace: 6299K(6464K)->6299K(6464K) NonClass: 5765K(5824K)->5765K(5824K) Class: 533K(640K)->533K(640K)
[3.462s][info][gc             ] GC(92) Pause Young (Allocation Failure) 557M->558M(646M) 38.154ms
[3.462s][info][gc,cpu         ] GC(92) User=0.23s Sys=0.02s Real=0.04s
[3.480s][info][gc,start       ] GC(93) Pause Young (Allocation Failure)
[3.502s][info][gc,heap        ] GC(93) PSYoungGen: 41696K(60928K)->41728K(56320K) Eden: 16384K(16384K)->0K(13824K) From: 25312K(44544K)->41728K(42496K)
[3.502s][info][gc,heap        ] GC(93) ParOldGen: 546284K(600576K)->546284K(600576K)
[3.502s][info][gc,metaspace   ] GC(93) Metaspace: 6299K(6464K)->6299K(6464K) NonClass: 5765K(5824K)->5765K(5824K) Class: 533K(640K)->533K(640K)
[3.502s][info][gc             ] GC(93) Pause Young (Allocation Failure) 574M->574M(641M) 22.429ms
[3.502s][info][gc,cpu         ] GC(93) User=0.12s Sys=0.00s Real=0.02s
[3.518s][info][gc,start       ] GC(94) Pause Young (Allocation Failure)
[3.545s][info][gc,heap        ] GC(94) PSYoungGen: 55552K(56320K)->46752K(60928K) Eden: 13824K(13824K)->0K(13824K) From: 41728K(42496K)->46752K(47104K)
[3.545s][info][gc,heap        ] GC(94) ParOldGen: 546284K(600576K)->555252K(600576K)
[3.545s][info][gc,metaspace   ] GC(94) Metaspace: 6299K(6464K)->6299K(6464K) NonClass: 5765K(5824K)->5765K(5824K) Class: 533K(640K)->533K(640K)
[3.545s][info][gc             ] GC(94) Pause Young (Allocation Failure) 587M->587M(646M) 26.720ms
[3.545s][info][gc,cpu         ] GC(94) User=0.12s Sys=0.00s Real=0.03s
[3.562s][info][gc,start       ] GC(95) Pause Young (Allocation Failure)
[3.592s][info][gc,heap        ] GC(95) PSYoungGen: 60576K(60928K)->44128K(65536K) Eden: 13824K(13824K)->0K(12800K) From: 46752K(47104K)->44128K(52736K)
[3.592s][info][gc,heap        ] GC(95) ParOldGen: 555252K(600576K)->571868K(600576K)
[3.592s][info][gc,metaspace   ] GC(95) Metaspace: 6299K(6464K)->6299K(6464K) NonClass: 5765K(5824K)->5765K(5824K) Class: 533K(640K)->533K(640K)
[3.592s][info][gc             ] GC(95) Pause Young (Allocation Failure) 601M->601M(650M) 30.779ms
[3.592s][info][gc,cpu         ] GC(95) User=0.09s Sys=0.03s Real=0.03s
[3.609s][info][gc,start       ] GC(96) Pause Young (Allocation Failure)
[3.637s][info][gc,heap        ] GC(96) PSYoungGen: 56928K(65536K)->40576K(68608K) Eden: 12800K(12800K)->0K(12800K) From: 44128K(52736K)->40576K(55808K)
[3.637s][info][gc,heap        ] GC(96) ParOldGen: 571868K(600576K)->588484K(600576K)
[3.637s][info][gc,metaspace   ] GC(96) Metaspace: 6299K(6464K)->6299K(6464K) NonClass: 5765K(5824K)->5765K(5824K) Class: 533K(640K)->533K(640K)
[3.637s][info][gc             ] GC(96) Pause Young (Allocation Failure) 614M->614M(653M) 28.314ms
[3.637s][info][gc,cpu         ] GC(96) User=0.09s Sys=0.02s Real=0.03s
[3.637s][info][gc,start       ] GC(97) Pause Full (Ergonomics)
[3.637s][info][gc,phases,start] GC(97) Marking Phase
[3.776s][info][gc,phases      ] GC(97) Marking Phase 138.799ms
[3.776s][info][gc,phases,start] GC(97) Summary Phase
[3.776s][info][gc,phases      ] GC(97) Summary Phase 0.021ms
[3.776s][info][gc,phases,start] GC(97) Adjust Roots
[3.776s][info][gc,phases      ] GC(97) Adjust Roots 0.160ms
[3.776s][info][gc,phases,start] GC(97) Compaction Phase
[3.834s][info][gc,phases      ] GC(97) Compaction Phase 58.076ms
[3.834s][info][gc,phases,start] GC(97) Post Compact
[3.835s][info][gc,phases      ] GC(97) Post Compact 1.105ms
[3.836s][info][gc,heap        ] GC(97) PSYoungGen: 40576K(68608K)->27575K(68608K) Eden: 0K(12800K)->0K(12800K) From: 40576K(55808K)->27575K(55808K)
[3.836s][info][gc,heap        ] GC(97) ParOldGen: 588484K(600576K)->600436K(668672K)
[3.836s][info][gc,metaspace   ] GC(97) Metaspace: 6299K(6464K)->6299K(6464K) NonClass: 5765K(5824K)->5765K(5824K) Class: 533K(640K)->533K(640K)
[3.836s][info][gc             ] GC(97) Pause Full (Ergonomics) 614M->613M(720M) 198.672ms
[3.836s][info][gc,cpu         ] GC(97) User=1.39s Sys=0.06s Real=0.20s
[3.851s][info][gc,start       ] GC(98) Pause Young (Allocation Failure)
[3.894s][info][gc,heap        ] GC(98) PSYoungGen: 40375K(68608K)->20928K(69632K) Eden: 12800K(12800K)->0K(14336K) From: 27575K(55808K)->20928K(55296K)
[3.894s][info][gc,heap        ] GC(98) ParOldGen: 600436K(668672K)->620348K(668672K)
[3.894s][info][gc,metaspace   ] GC(98) Metaspace: 6299K(6464K)->6299K(6464K) NonClass: 5765K(5824K)->5765K(5824K) Class: 533K(640K)->533K(640K)
[3.894s][info][gc             ] GC(98) Pause Young (Allocation Failure) 625M->626M(721M) 43.063ms
[3.894s][info][gc,cpu         ] GC(98) User=0.27s Sys=0.00s Real=0.04s
[3.911s][info][gc,start       ] GC(99) Pause Young (Allocation Failure)
[3.931s][info][gc,heap        ] GC(99) PSYoungGen: 35264K(69632K)->27296K(41984K) Eden: 14336K(14336K)->0K(14336K) From: 20928K(55296K)->27296K(27648K)
[3.931s][info][gc,heap        ] GC(99) ParOldGen: 620348K(668672K)->628452K(668672K)
[3.931s][info][gc,metaspace   ] GC(99) Metaspace: 6299K(6464K)->6299K(6464K) NonClass: 5765K(5824K)->5765K(5824K) Class: 533K(640K)->533K(640K)
[3.931s][info][gc             ] GC(99) Pause Young (Allocation Failure) 640M->640M(694M) 20.259ms
[3.931s][info][gc,cpu         ] GC(99) User=0.12s Sys=0.00s Real=0.02s
[3.948s][info][gc,start       ] GC(100) Pause Young (Allocation Failure)
[3.969s][info][gc,heap        ] GC(100) PSYoungGen: 41632K(41984K)->28832K(67072K) Eden: 14336K(14336K)->0K(16384K) From: 27296K(27648K)->28832K(50688K)
[3.969s][info][gc,heap        ] GC(100) ParOldGen: 628452K(668672K)->641436K(668672K)
[3.970s][info][gc,metaspace   ] GC(100) Metaspace: 6299K(6464K)->6299K(6464K) NonClass: 5765K(5824K)->5765K(5824K) Class: 533K(640K)->533K(640K)
[3.970s][info][gc             ] GC(100) Pause Young (Allocation Failure) 654M->654M(718M) 21.915ms
[3.970s][info][gc,cpu         ] GC(100) User=0.23s Sys=0.02s Real=0.02s
[3.989s][info][gc,start       ] GC(101) Pause Young (Allocation Failure)
[4.016s][info][gc,heap        ] GC(101) PSYoungGen: 45216K(67072K)->30848K(68608K) Eden: 16384K(16384K)->0K(16384K) From: 28832K(50688K)->30848K(52224K)
[4.016s][info][gc,heap        ] GC(101) ParOldGen: 641436K(668672K)->655988K(668672K)
[4.016s][info][gc,metaspace   ] GC(101) Metaspace: 6299K(6464K)->6299K(6464K) NonClass: 5765K(5824K)->5765K(5824K) Class: 533K(640K)->533K(640K)
[4.016s][info][gc             ] GC(101) Pause Young (Allocation Failure) 670M->670M(720M) 26.972ms
[4.016s][info][gc,cpu         ] GC(101) User=0.11s Sys=0.00s Real=0.03s
[4.017s][info][gc,start       ] GC(102) Pause Full (Ergonomics)
[4.017s][info][gc,phases,start] GC(102) Marking Phase
[4.178s][info][gc,phases      ] GC(102) Marking Phase 161.332ms
[4.178s][info][gc,phases,start] GC(102) Summary Phase
[4.178s][info][gc,phases      ] GC(102) Summary Phase 0.021ms
[4.178s][info][gc,phases,start] GC(102) Adjust Roots
[4.178s][info][gc,phases      ] GC(102) Adjust Roots 0.175ms
[4.178s][info][gc,phases,start] GC(102) Compaction Phase
[4.239s][info][gc,phases      ] GC(102) Compaction Phase 60.393ms
[4.239s][info][gc,phases,start] GC(102) Post Compact
[4.240s][info][gc,phases      ] GC(102) Post Compact 1.044ms
[4.240s][info][gc,heap        ] GC(102) PSYoungGen: 30848K(68608K)->17374K(68608K) Eden: 0K(16384K)->0K(16384K) From: 30848K(52224K)->17374K(52224K)
[4.240s][info][gc,heap        ] GC(102) ParOldGen: 655988K(668672K)->668375K(741888K)
[4.240s][info][gc,metaspace   ] GC(102) Metaspace: 6299K(6464K)->6299K(6464K) NonClass: 5765K(5824K)->5765K(5824K) Class: 533K(640K)->533K(640K)
[4.240s][info][gc             ] GC(102) Pause Full (Ergonomics) 670M->669M(791M) 223.517ms
[4.240s][info][gc,cpu         ] GC(102) User=1.62s Sys=0.00s Real=0.22s
[4.261s][info][gc,start       ] GC(103) Pause Young (Allocation Failure)
[4.308s][info][gc,heap        ] GC(103) PSYoungGen: 33758K(68608K)->25440K(66560K) Eden: 16384K(16384K)->0K(18432K) From: 17374K(52224K)->25440K(48128K)
[4.308s][info][gc,heap        ] GC(103) ParOldGen: 668375K(741888K)->677015K(741888K)
[4.308s][info][gc,metaspace   ] GC(103) Metaspace: 6299K(6464K)->6299K(6464K) NonClass: 5765K(5824K)->5765K(5824K) Class: 533K(640K)->533K(640K)
[4.308s][info][gc             ] GC(103) Pause Young (Allocation Failure) 685M->685M(789M) 46.728ms
[4.308s][info][gc,cpu         ] GC(103) User=0.38s Sys=0.00s Real=0.05s
[4.447s][info][gc,start       ] GC(104) Pause Young (Allocation Failure)
[4.483s][info][gc,heap        ] GC(104) PSYoungGen: 43872K(66560K)->43904K(67584K) Eden: 18432K(18432K)->0K(18432K) From: 25440K(48128K)->43904K(49152K)
[4.483s][info][gc,heap        ] GC(104) ParOldGen: 709783K(741888K)->709783K(741888K)
[4.483s][info][gc,metaspace   ] GC(104) Metaspace: 6299K(6464K)->6299K(6464K) NonClass: 5765K(5824K)->5765K(5824K) Class: 533K(640K)->533K(640K)
[4.483s][info][gc             ] GC(104) Pause Young (Allocation Failure) 735M->736M(790M) 36.052ms
[4.483s][info][gc,cpu         ] GC(104) User=0.27s Sys=0.00s Real=0.04s
[4.503s][info][gc,start       ] GC(105) Pause Young (Allocation Failure)
[4.534s][info][gc,heap        ] GC(105) PSYoungGen: 62336K(67584K)->52224K(62976K) Eden: 18432K(18432K)->0K(10752K) From: 43904K(49152K)->52224K(52224K)
[4.534s][info][gc,heap        ] GC(105) ParOldGen: 709783K(741888K)->719855K(741888K)
[4.534s][info][gc,metaspace   ] GC(105) Metaspace: 6299K(6464K)->6299K(6464K) NonClass: 5765K(5824K)->5765K(5824K) Class: 533K(640K)->533K(640K)
[4.534s][info][gc             ] GC(105) Pause Young (Allocation Failure) 754M->753M(786M) 31.773ms
[4.534s][info][gc,cpu         ] GC(105) User=0.14s Sys=0.00s Real=0.03s
[4.546s][info][gc,start       ] GC(106) Pause Young (Allocation Failure)
[4.576s][info][gc,heap        ] GC(106) PSYoungGen: 62976K(62976K)->42080K(72704K) Eden: 10752K(10752K)->0K(10752K) From: 52224K(52224K)->42080K(61952K)
[4.576s][info][gc,heap        ] GC(106) ParOldGen: 719855K(741888K)->741151K(741888K)
[4.576s][info][gc,metaspace   ] GC(106) Metaspace: 6299K(6464K)->6299K(6464K) NonClass: 5765K(5824K)->5765K(5824K) Class: 533K(640K)->533K(640K)
[4.576s][info][gc             ] GC(106) Pause Young (Allocation Failure) 764M->764M(795M) 30.395ms
[4.577s][info][gc,cpu         ] GC(106) User=0.14s Sys=0.00s Real=0.03s
[4.577s][info][gc,start       ] GC(107) Pause Full (Ergonomics)
[4.577s][info][gc,phases,start] GC(107) Marking Phase
[4.749s][info][gc,phases      ] GC(107) Marking Phase 172.432ms
[4.749s][info][gc,phases,start] GC(107) Summary Phase
[4.749s][info][gc,phases      ] GC(107) Summary Phase 0.022ms
[4.749s][info][gc,phases,start] GC(107) Adjust Roots
[4.749s][info][gc,phases      ] GC(107) Adjust Roots 0.147ms
[4.749s][info][gc,phases,start] GC(107) Compaction Phase
[4.875s][info][gc,phases      ] GC(107) Compaction Phase 125.598ms
[4.875s][info][gc,phases,start] GC(107) Post Compact
[4.877s][info][gc,phases      ] GC(107) Post Compact 1.627ms
[4.877s][info][gc,heap        ] GC(107) PSYoungGen: 42080K(72704K)->24492K(72704K) Eden: 0K(10752K)->0K(10752K) From: 42080K(61952K)->24492K(61952K)
[4.877s][info][gc,heap        ] GC(107) ParOldGen: 741151K(741888K)->741522K(820224K)
[4.877s][info][gc,metaspace   ] GC(107) Metaspace: 6299K(6464K)->6299K(6464K) NonClass: 5765K(5824K)->5765K(5824K) Class: 533K(640K)->533K(640K)
[4.877s][info][gc             ] GC(107) Pause Full (Ergonomics) 764M->748M(872M) 300.537ms
[4.877s][info][gc,cpu         ] GC(107) User=1.92s Sys=0.02s Real=0.30s
[4.891s][info][gc,start       ] GC(108) Pause Young (Allocation Failure)
[4.937s][info][gc,heap        ] GC(108) PSYoungGen: 35244K(72704K)->27136K(72192K) Eden: 10752K(10752K)->0K(12288K) From: 24492K(61952K)->27136K(59904K)
[4.937s][info][gc,heap        ] GC(108) ParOldGen: 741522K(820224K)->749930K(820224K)
[4.937s][info][gc,metaspace   ] GC(108) Metaspace: 6299K(6464K)->6299K(6464K) NonClass: 5765K(5824K)->5765K(5824K) Class: 533K(640K)->533K(640K)
[4.937s][info][gc             ] GC(108) Pause Young (Allocation Failure) 758M->758M(871M) 46.562ms
[4.937s][info][gc,cpu         ] GC(108) User=0.27s Sys=0.00s Real=0.05s
[4.951s][info][gc,start       ] GC(109) Pause Young (Allocation Failure)
[4.970s][info][gc,heap        ] GC(109) PSYoungGen: 39424K(72192K)->39360K(73216K) Eden: 12288K(12288K)->0K(12288K) From: 27136K(59904K)->39360K(60928K)
[4.971s][info][gc,heap        ] GC(109) ParOldGen: 749930K(820224K)->749930K(820224K)
[4.971s][info][gc,metaspace   ] GC(109) Metaspace: 6299K(6464K)->6299K(6464K) NonClass: 5765K(5824K)->5765K(5824K) Class: 533K(640K)->533K(640K)
[4.971s][info][gc             ] GC(109) Pause Young (Allocation Failure) 770M->770M(872M) 19.941ms
[4.971s][info][gc,cpu         ] GC(109) User=0.12s Sys=0.00s Real=0.02s
[4.983s][info][gc,start       ] GC(110) Pause Young (Allocation Failure)
[5.008s][info][gc,heap        ] GC(110) PSYoungGen: 51648K(73216K)->42624K(73216K) Eden: 12288K(12288K)->0K(13312K) From: 39360K(60928K)->42624K(59904K)
[5.008s][info][gc,heap        ] GC(110) ParOldGen: 749930K(820224K)->759146K(820224K)
[5.008s][info][gc,metaspace   ] GC(110) Metaspace: 6299K(6464K)->6299K(6464K) NonClass: 5765K(5824K)->5765K(5824K) Class: 533K(640K)->533K(640K)
[5.008s][info][gc             ] GC(110) Pause Young (Allocation Failure) 782M->782M(872M) 25.455ms
[5.009s][info][gc,cpu         ] GC(110) User=0.12s Sys=0.00s Real=0.02s
[5.022s][info][gc,start       ] GC(111) Pause Young (Allocation Failure)
[5.049s][info][gc,heap        ] GC(111) PSYoungGen: 55936K(73216K)->48768K(73728K) Eden: 13312K(13312K)->0K(13312K) From: 42624K(59904K)->48768K(60416K)
[5.049s][info][gc,heap        ] GC(111) ParOldGen: 759146K(820224K)->766418K(820224K)
[5.049s][info][gc,metaspace   ] GC(111) Metaspace: 6299K(6464K)->6299K(6464K) NonClass: 5765K(5824K)->5765K(5824K) Class: 533K(640K)->533K(640K)
[5.049s][info][gc             ] GC(111) Pause Young (Allocation Failure) 795M->796M(873M) 26.683ms
[5.049s][info][gc,cpu         ] GC(111) User=0.14s Sys=0.00s Real=0.03s
[5.063s][info][gc,start       ] GC(112) Pause Young (Allocation Failure)
[5.092s][info][gc,heap        ] GC(112) PSYoungGen: 62080K(73728K)->39008K(75264K) Eden: 13312K(13312K)->0K(15360K) From: 48768K(60416K)->39008K(59904K)
[5.092s][info][gc,heap        ] GC(112) ParOldGen: 766418K(820224K)->789738K(820224K)
[5.092s][info][gc,metaspace   ] GC(112) Metaspace: 6299K(6464K)->6299K(6464K) NonClass: 5765K(5824K)->5765K(5824K) Class: 533K(640K)->533K(640K)
[5.092s][info][gc             ] GC(112) Pause Young (Allocation Failure) 809M->809M(874M) 29.900ms
[5.092s][info][gc,cpu         ] GC(112) User=0.14s Sys=0.00s Real=0.03s
[5.109s][info][gc,start       ] GC(113) Pause Young (Allocation Failure)
[5.136s][info][gc,heap        ] GC(113) PSYoungGen: 54368K(75264K)->28800K(76800K) Eden: 15360K(15360K)->0K(15360K) From: 39008K(59904K)->28800K(61440K)
[5.136s][info][gc,heap        ] GC(113) ParOldGen: 789738K(820224K)->815666K(820224K)
[5.136s][info][gc,metaspace   ] GC(113) Metaspace: 6299K(6464K)->6299K(6464K) NonClass: 5765K(5824K)->5765K(5824K) Class: 533K(640K)->533K(640K)
[5.136s][info][gc             ] GC(113) Pause Young (Allocation Failure) 824M->824M(876M) 27.049ms
[5.136s][info][gc,cpu         ] GC(113) User=0.12s Sys=0.00s Real=0.03s
[5.136s][info][gc,start       ] GC(114) Pause Full (Ergonomics)
[5.136s][info][gc,phases,start] GC(114) Marking Phase
[5.316s][info][gc,phases      ] GC(114) Marking Phase 180.233ms
[5.317s][info][gc,phases,start] GC(114) Summary Phase
[5.317s][info][gc,phases      ] GC(114) Summary Phase 0.023ms
[5.317s][info][gc,phases,start] GC(114) Adjust Roots
[5.317s][info][gc,phases      ] GC(114) Adjust Roots 0.156ms
[5.317s][info][gc,phases,start] GC(114) Compaction Phase
[5.406s][info][gc,phases      ] GC(114) Compaction Phase 89.008ms
[5.406s][info][gc,phases,start] GC(114) Post Compact
[5.407s][info][gc,phases      ] GC(114) Post Compact 1.442ms
[5.408s][info][gc,heap        ] GC(114) PSYoungGen: 28800K(76800K)->22987K(76800K) Eden: 0K(15360K)->0K(15360K) From: 28800K(61440K)->22987K(61440K)
[5.408s][info][gc,heap        ] GC(114) ParOldGen: 815666K(820224K)->820151K(909312K)
[5.408s][info][gc,metaspace   ] GC(114) Metaspace: 6299K(6464K)->6299K(6464K) NonClass: 5765K(5824K)->5765K(5824K) Class: 533K(640K)->533K(640K)
[5.408s][info][gc             ] GC(114) Pause Full (Ergonomics) 824M->823M(963M) 271.460ms
[5.408s][info][gc,cpu         ] GC(114) User=1.72s Sys=0.00s Real=0.27s
[5.425s][info][gc,start       ] GC(115) Pause Young (Allocation Failure)
[5.475s][info][gc,heap        ] GC(115) PSYoungGen: 38347K(76800K)->15456K(76800K) Eden: 15360K(15360K)->0K(16384K) From: 22987K(61440K)->15456K(60416K)
[5.475s][info][gc,heap        ] GC(115) ParOldGen: 820151K(909312K)->843471K(909312K)
[5.475s][info][gc,metaspace   ] GC(115) Metaspace: 6299K(6464K)->6299K(6464K) NonClass: 5765K(5824K)->5765K(5824K) Class: 533K(640K)->533K(640K)
[5.475s][info][gc             ] GC(115) Pause Young (Allocation Failure) 838M->838M(963M) 50.619ms
[5.475s][info][gc,cpu         ] GC(115) User=0.28s Sys=0.00s Real=0.05s
[5.492s][info][gc,start       ] GC(116) Pause Young (Allocation Failure)
[5.512s][info][gc,heap        ] GC(116) PSYoungGen: 31840K(76800K)->16512K(77824K) Eden: 16384K(16384K)->0K(16384K) From: 15456K(60416K)->16512K(61440K)
[5.512s][info][gc,heap        ] GC(116) ParOldGen: 843471K(909312K)->859047K(909312K)
[5.512s][info][gc,metaspace   ] GC(116) Metaspace: 6299K(6464K)->6299K(6464K) NonClass: 5765K(5824K)->5765K(5824K) Class: 533K(640K)->533K(640K)
[5.512s][info][gc             ] GC(116) Pause Young (Allocation Failure) 854M->855M(964M) 19.659ms
[5.512s][info][gc,cpu         ] GC(116) User=0.05s Sys=0.00s Real=0.02s
[5.530s][info][gc,start       ] GC(117) Pause Young (Allocation Failure)
[5.551s][info][gc,heap        ] GC(117) PSYoungGen: 32896K(77824K)->16512K(79872K) Eden: 16384K(16384K)->0K(18432K) From: 16512K(61440K)->16512K(61440K)
[5.551s][info][gc,heap        ] GC(117) ParOldGen: 859047K(909312K)->875671K(909312K)
[5.551s][info][gc,metaspace   ] GC(117) Metaspace: 6299K(6464K)->6299K(6464K) NonClass: 5765K(5824K)->5765K(5824K) Class: 533K(640K)->533K(640K)
[5.551s][info][gc             ] GC(117) Pause Young (Allocation Failure) 871M->871M(966M) 21.416ms
[5.551s][info][gc,cpu         ] GC(117) User=0.03s Sys=0.00s Real=0.02s
[5.570s][info][gc,start       ] GC(118) Pause Young (Allocation Failure)
[5.592s][info][gc,heap        ] GC(118) PSYoungGen: 34944K(79872K)->18624K(79872K) Eden: 18432K(18432K)->0K(18432K) From: 16512K(61440K)->18624K(61440K)
[5.592s][info][gc,heap        ] GC(118) ParOldGen: 875671K(909312K)->892295K(909312K)
[5.592s][info][gc,metaspace   ] GC(118) Metaspace: 6299K(6464K)->6299K(6464K) NonClass: 5765K(5824K)->5765K(5824K) Class: 533K(640K)->533K(640K)
[5.592s][info][gc             ] GC(118) Pause Young (Allocation Failure) 889M->889M(966M) 21.485ms
[5.592s][info][gc,cpu         ] GC(118) User=0.06s Sys=0.00s Real=0.02s
[5.592s][info][gc,start       ] GC(119) Pause Full (Ergonomics)
[5.592s][info][gc,phases,start] GC(119) Marking Phase
[5.802s][info][gc,phases      ] GC(119) Marking Phase 210.319ms
[5.802s][info][gc,phases,start] GC(119) Summary Phase
[5.802s][info][gc,phases      ] GC(119) Summary Phase 0.029ms
[5.802s][info][gc,phases,start] GC(119) Adjust Roots
[5.803s][info][gc,phases      ] GC(119) Adjust Roots 0.189ms
[5.803s][info][gc,phases,start] GC(119) Compaction Phase
[5.895s][info][gc,phases      ] GC(119) Compaction Phase 92.002ms
[5.895s][info][gc,phases,start] GC(119) Post Compact
[5.896s][info][gc,phases      ] GC(119) Post Compact 1.635ms
[5.897s][info][gc,heap        ] GC(119) PSYoungGen: 18624K(79872K)->522K(79872K) Eden: 0K(18432K)->0K(18432K) From: 18624K(61440K)->522K(61440K)
[5.897s][info][gc,heap        ] GC(119) ParOldGen: 892295K(909312K)->909056K(1005056K)
[5.897s][info][gc,metaspace   ] GC(119) Metaspace: 6299K(6464K)->6299K(6464K) NonClass: 5765K(5824K)->5765K(5824K) Class: 533K(640K)->533K(640K)
[5.897s][info][gc             ] GC(119) Pause Full (Ergonomics) 889M->888M(1059M) 304.982ms
[5.897s][info][gc,cpu         ] GC(119) User=2.09s Sys=0.05s Real=0.31s
[5.919s][info][gc,start       ] GC(120) Pause Young (Allocation Failure)
[5.967s][info][gc,heap        ] GC(120) PSYoungGen: 18954K(79872K)->18592K(78336K) Eden: 18432K(18432K)->0K(20480K) From: 522K(61440K)->18592K(57856K)
[5.967s][info][gc,heap        ] GC(120) ParOldGen: 909056K(1005056K)->909624K(1005056K)
[5.967s][info][gc,metaspace   ] GC(120) Metaspace: 6299K(6464K)->6299K(6464K) NonClass: 5765K(5824K)->5765K(5824K) Class: 533K(640K)->533K(640K)
[5.967s][info][gc             ] GC(120) Pause Young (Allocation Failure) 906M->906M(1058M) 47.841ms
[5.967s][info][gc,cpu         ] GC(120) User=0.25s Sys=0.00s Real=0.05s
[5.991s][info][gc,start       ] GC(121) Pause Young (Allocation Failure)
[6.014s][info][gc,heap        ] GC(121) PSYoungGen: 39072K(78336K)->39072K(79872K) Eden: 20480K(20480K)->0K(20480K) From: 18592K(57856K)->39072K(59392K)
[6.014s][info][gc,heap        ] GC(121) ParOldGen: 909624K(1005056K)->909624K(1005056K)
[6.014s][info][gc,metaspace   ] GC(121) Metaspace: 6299K(6464K)->6299K(6464K) NonClass: 5765K(5824K)->5765K(5824K) Class: 533K(640K)->533K(640K)
[6.015s][info][gc             ] GC(121) Pause Young (Allocation Failure) 926M->926M(1059M) 23.382ms
[6.015s][info][gc,cpu         ] GC(121) User=0.12s Sys=0.00s Real=0.02s
[6.038s][info][gc,start       ] GC(122) Pause Young (Allocation Failure)
[6.068s][info][gc,heap        ] GC(122) PSYoungGen: 59552K(79872K)->59584K(74240K) Eden: 20480K(20480K)->0K(14336K) From: 39072K(59392K)->59584K(59904K)
[6.068s][info][gc,heap        ] GC(122) ParOldGen: 909624K(1005056K)->909624K(1005056K)
[6.068s][info][gc,metaspace   ] GC(122) Metaspace: 6299K(6464K)->6299K(6464K) NonClass: 5765K(5824K)->5765K(5824K) Class: 533K(640K)->533K(640K)
[6.068s][info][gc             ] GC(122) Pause Young (Allocation Failure) 946M->946M(1054M) 30.123ms
[6.068s][info][gc,cpu         ] GC(122) User=0.14s Sys=0.00s Real=0.03s
[6.084s][info][gc,start       ] GC(123) Pause Young (Allocation Failure)
[6.119s][info][gc,heap        ] GC(123) PSYoungGen: 73920K(74240K)->68096K(82432K) Eden: 14336K(14336K)->0K(14336K) From: 59584K(59904K)->68096K(68096K)
[6.119s][info][gc,heap        ] GC(123) ParOldGen: 909624K(1005056K)->915368K(1005056K)
[6.119s][info][gc,metaspace   ] GC(123) Metaspace: 6299K(6464K)->6299K(6464K) NonClass: 5765K(5824K)->5765K(5824K) Class: 533K(640K)->533K(640K)
[6.119s][info][gc             ] GC(123) Pause Young (Allocation Failure) 960M->960M(1062M) 35.193ms
[6.119s][info][gc,cpu         ] GC(123) User=0.22s Sys=0.03s Real=0.04s
[6.134s][info][gc,start       ] GC(124) Pause Young (Allocation Failure)
[6.173s][info][gc,heap        ] GC(124) PSYoungGen: 82432K(82432K)->46560K(95232K) Eden: 14336K(14336K)->0K(16384K) From: 68096K(68096K)->46560K(78848K)
[6.173s][info][gc,heap        ] GC(124) ParOldGen: 915368K(1005056K)->951808K(1005056K)
[6.173s][info][gc,metaspace   ] GC(124) Metaspace: 6299K(6464K)->6299K(6464K) NonClass: 5765K(5824K)->5765K(5824K) Class: 533K(640K)->533K(640K)
[6.173s][info][gc             ] GC(124) Pause Young (Allocation Failure) 974M->974M(1074M) 39.021ms
[6.173s][info][gc,cpu         ] GC(124) User=0.27s Sys=0.00s Real=0.04s
[6.192s][info][gc,start       ] GC(125) Pause Young (Allocation Failure)
[6.223s][info][gc,heap        ] GC(125) PSYoungGen: 62944K(95232K)->43616K(95744K) Eden: 16384K(16384K)->0K(16384K) From: 46560K(78848K)->43616K(79360K)
[6.224s][info][gc,heap        ] GC(125) ParOldGen: 951808K(1005056K)->971416K(1005056K)
[6.224s][info][gc,metaspace   ] GC(125) Metaspace: 6299K(6464K)->6299K(6464K) NonClass: 5765K(5824K)->5765K(5824K) Class: 533K(640K)->533K(640K)
[6.224s][info][gc             ] GC(125) Pause Young (Allocation Failure) 990M->991M(1075M) 31.433ms
[6.224s][info][gc,cpu         ] GC(125) User=0.14s Sys=0.00s Real=0.03s
[6.224s][info][gc,start       ] GC(126) Pause Full (Ergonomics)
[6.224s][info][gc,phases,start] GC(126) Marking Phase
[6.449s][info][gc,phases      ] GC(126) Marking Phase 225.274ms
[6.449s][info][gc,phases,start] GC(126) Summary Phase
[6.449s][info][gc,phases      ] GC(126) Summary Phase 0.031ms
[6.449s][info][gc,phases,start] GC(126) Adjust Roots
[6.449s][info][gc,phases      ] GC(126) Adjust Roots 0.152ms
[6.449s][info][gc,phases,start] GC(126) Compaction Phase
[6.538s][info][gc,phases      ] GC(126) Compaction Phase 88.374ms
[6.538s][info][gc,phases,start] GC(126) Post Compact
[6.539s][info][gc,phases      ] GC(126) Post Compact 1.686ms
[6.540s][info][gc,heap        ] GC(126) PSYoungGen: 43616K(95744K)->9141K(95744K) Eden: 0K(16384K)->0K(16384K) From: 43616K(79360K)->9141K(79360K)
[6.540s][info][gc,heap        ] GC(126) ParOldGen: 971416K(1005056K)->1004695K(1114624K)
[6.540s][info][gc,metaspace   ] GC(126) Metaspace: 6299K(6464K)->6299K(6464K) NonClass: 5765K(5824K)->5765K(5824K) Class: 533K(640K)->533K(640K)
[6.540s][info][gc             ] GC(126) Pause Full (Ergonomics) 991M->990M(1182M) 316.197ms
[6.540s][info][gc,cpu         ] GC(126) User=2.27s Sys=0.00s Real=0.32s
[6.558s][info][gc,start       ] GC(127) Pause Young (Allocation Failure)
[6.613s][info][gc,heap        ] GC(127) PSYoungGen: 25525K(95744K)->19840K(94208K) Eden: 16384K(16384K)->0K(18432K) From: 9141K(79360K)->19840K(75776K)
[6.613s][info][gc,heap        ] GC(127) ParOldGen: 1004695K(1114624K)->1010575K(1114624K)
[6.613s][info][gc,metaspace   ] GC(127) Metaspace: 6299K(6464K)->6299K(6464K) NonClass: 5765K(5824K)->5765K(5824K) Class: 533K(640K)->533K(640K)
[6.613s][info][gc             ] GC(127) Pause Young (Allocation Failure) 1006M->1006M(1180M) 55.339ms
[6.613s][info][gc,cpu         ] GC(127) User=0.31s Sys=0.00s Real=0.05s
[6.633s][info][gc,start       ] GC(128) Pause Young (Allocation Failure)
[6.656s][info][gc,heap        ] GC(128) PSYoungGen: 38272K(94208K)->38368K(56832K) Eden: 18432K(18432K)->0K(18432K) From: 19840K(75776K)->38368K(38400K)
[6.656s][info][gc,heap        ] GC(128) ParOldGen: 1010575K(1114624K)->1010575K(1114624K)
[6.656s][info][gc,metaspace   ] GC(128) Metaspace: 6299K(6464K)->6299K(6464K) NonClass: 5765K(5824K)->5765K(5824K) Class: 533K(640K)->533K(640K)
[6.656s][info][gc             ] GC(128) Pause Young (Allocation Failure) 1024M->1024M(1144M) 22.348ms
[6.656s][info][gc,cpu         ] GC(128) User=0.14s Sys=0.00s Real=0.02s
[6.676s][info][gc,start       ] GC(129) Pause Young (Allocation Failure)
[6.706s][info][gc,heap        ] GC(129) PSYoungGen: 56800K(56832K)->53408K(91136K) Eden: 18432K(18432K)->0K(17920K) From: 38368K(38400K)->53408K(73216K)
[6.706s][info][gc,heap        ] GC(129) ParOldGen: 1010575K(1114624K)->1014007K(1114624K)
[6.706s][info][gc,metaspace   ] GC(129) Metaspace: 6299K(6464K)->6299K(6464K) NonClass: 5765K(5824K)->5765K(5824K) Class: 533K(640K)->533K(640K)
[6.706s][info][gc             ] GC(129) Pause Young (Allocation Failure) 1042M->1042M(1177M) 29.327ms
[6.706s][info][gc,cpu         ] GC(129) User=0.14s Sys=0.00s Real=0.03s
[6.728s][info][gc,start       ] GC(130) Pause Young (Allocation Failure)
[6.763s][info][gc,heap        ] GC(130) PSYoungGen: 71328K(91136K)->54976K(93696K) Eden: 17920K(17920K)->0K(17920K) From: 53408K(73216K)->54976K(75776K)
[6.764s][info][gc,heap        ] GC(130) ParOldGen: 1014007K(1114624K)->1030623K(1114624K)
[6.764s][info][gc,metaspace   ] GC(130) Metaspace: 6299K(6464K)->6299K(6464K) NonClass: 5765K(5824K)->5765K(5824K) Class: 533K(640K)->533K(640K)
[6.764s][info][gc             ] GC(130) Pause Young (Allocation Failure) 1059M->1060M(1180M) 35.925ms
[6.764s][info][gc,cpu         ] GC(130) User=0.19s Sys=0.08s Real=0.04s
[6.785s][info][gc,start       ] GC(131) Pause Young (Allocation Failure)
[6.822s][info][gc,heap        ] GC(131) PSYoungGen: 72896K(93696K)->54432K(96768K) Eden: 17920K(17920K)->0K(18432K) From: 54976K(75776K)->54432K(78336K)
[6.822s][info][gc,heap        ] GC(131) ParOldGen: 1030623K(1114624K)->1049311K(1114624K)
[6.822s][info][gc,metaspace   ] GC(131) Metaspace: 6299K(6464K)->6299K(6464K) NonClass: 5765K(5824K)->5765K(5824K) Class: 533K(640K)->533K(640K)
[6.822s][info][gc             ] GC(131) Pause Young (Allocation Failure) 1077M->1077M(1183M) 36.745ms
[6.822s][info][gc,cpu         ] GC(131) User=0.23s Sys=0.02s Real=0.04s
[6.842s][info][gc,start       ] GC(132) Pause Young (Allocation Failure)
[6.879s][info][gc,heap        ] GC(132) PSYoungGen: 72864K(96768K)->54432K(98304K) Eden: 18432K(18432K)->0K(18432K) From: 54432K(78336K)->54432K(79872K)
[6.879s][info][gc,heap        ] GC(132) ParOldGen: 1049311K(1114624K)->1067991K(1114624K)
[6.879s][info][gc,metaspace   ] GC(132) Metaspace: 6299K(6464K)->6299K(6464K) NonClass: 5765K(5824K)->5765K(5824K) Class: 533K(640K)->533K(640K)
[6.879s][info][gc             ] GC(132) Pause Young (Allocation Failure) 1095M->1096M(1184M) 37.079ms
[6.879s][info][gc,cpu         ] GC(132) User=0.22s Sys=0.03s Real=0.04s
[6.899s][info][gc,start       ] GC(133) Pause Young (Allocation Failure)
[6.936s][info][gc,heap        ] GC(133) PSYoungGen: 72864K(98304K)->36992K(96768K) Eden: 18432K(18432K)->0K(20992K) From: 54432K(79872K)->36992K(75776K)
[6.936s][info][gc,heap        ] GC(133) ParOldGen: 1067991K(1114624K)->1104311K(1114624K)
[6.936s][info][gc,metaspace   ] GC(133) Metaspace: 6299K(6464K)->6299K(6464K) NonClass: 5765K(5824K)->5765K(5824K) Class: 533K(640K)->533K(640K)
[6.936s][info][gc             ] GC(133) Pause Young (Allocation Failure) 1114M->1114M(1183M) 37.415ms
[6.936s][info][gc,cpu         ] GC(133) User=0.27s Sys=0.00s Real=0.04s
[6.936s][info][gc,start       ] GC(134) Pause Full (Ergonomics)
[6.936s][info][gc,phases,start] GC(134) Marking Phase
[7.199s][info][gc,phases      ] GC(134) Marking Phase 262.787ms
[7.199s][info][gc,phases,start] GC(134) Summary Phase
[7.199s][info][gc,phases      ] GC(134) Summary Phase 0.034ms
[7.199s][info][gc,phases,start] GC(134) Adjust Roots
[7.199s][info][gc,phases      ] GC(134) Adjust Roots 0.216ms
[7.199s][info][gc,phases,start] GC(134) Compaction Phase
[7.301s][info][gc,phases      ] GC(134) Compaction Phase 101.967ms
[7.302s][info][gc,phases,start] GC(134) Post Compact
[7.304s][info][gc,phases      ] GC(134) Post Compact 2.154ms
[7.304s][info][gc,heap        ] GC(134) PSYoungGen: 36992K(96768K)->25042K(99328K) Eden: 0K(20992K)->0K(23552K) From: 36992K(75776K)->25042K(75776K)
[7.304s][info][gc,heap        ] GC(134) ParOldGen: 1104311K(1114624K)->1114527K(1237504K)
[7.304s][info][gc,metaspace   ] GC(134) Metaspace: 6299K(6464K)->6299K(6464K) NonClass: 5765K(5824K)->5765K(5824K) Class: 533K(640K)->533K(640K)
[7.304s][info][gc             ] GC(134) Pause Full (Ergonomics) 1114M->1112M(1305M) 368.097ms
[7.304s][info][gc,cpu         ] GC(134) User=2.58s Sys=0.05s Real=0.37s
[7.333s][info][gc,start       ] GC(135) Pause Young (Allocation Failure)
[7.403s][info][gc,heap        ] GC(135) PSYoungGen: 48594K(99328K)->23712K(101888K) Eden: 23552K(23552K)->0K(23552K) From: 25042K(75776K)->23712K(78336K)
[7.403s][info][gc,heap        ] GC(135) ParOldGen: 1114527K(1237504K)->1139903K(1237504K)
[7.403s][info][gc,metaspace   ] GC(135) Metaspace: 6299K(6464K)->6299K(6464K) NonClass: 5765K(5824K)->5765K(5824K) Class: 533K(640K)->533K(640K)
[7.403s][info][gc             ] GC(135) Pause Young (Allocation Failure) 1135M->1136M(1308M) 70.494ms
[7.403s][info][gc,cpu         ] GC(135) User=0.42s Sys=0.00s Real=0.07s
[7.433s][info][gc,start       ] GC(136) Pause Young (Allocation Failure)
[7.461s][info][gc,heap        ] GC(136) PSYoungGen: 47264K(101888K)->23712K(101888K) Eden: 23552K(23552K)->0K(26112K) From: 23712K(78336K)->23712K(75776K)
[7.461s][info][gc,heap        ] GC(136) ParOldGen: 1139903K(1237504K)->1163783K(1237504K)
[7.461s][info][gc,metaspace   ] GC(136) Metaspace: 6299K(6464K)->6299K(6464K) NonClass: 5765K(5824K)->5765K(5824K) Class: 533K(640K)->533K(640K)
[7.461s][info][gc             ] GC(136) Pause Young (Allocation Failure) 1159M->1159M(1308M) 28.604ms
[7.461s][info][gc,cpu         ] GC(136) User=0.22s Sys=0.03s Real=0.03s
[7.496s][info][gc,start       ] GC(137) Pause Young (Allocation Failure)
[7.526s][info][gc,heap        ] GC(137) PSYoungGen: 49824K(101888K)->26272K(102912K) Eden: 26112K(26112K)->0K(26112K) From: 23712K(75776K)->26272K(76800K)
[7.527s][info][gc,heap        ] GC(137) ParOldGen: 1163783K(1237504K)->1187655K(1237504K)
[7.527s][info][gc,metaspace   ] GC(137) Metaspace: 6299K(6464K)->6299K(6464K) NonClass: 5765K(5824K)->5765K(5824K) Class: 533K(640K)->533K(640K)
[7.527s][info][gc             ] GC(137) Pause Young (Allocation Failure) 1185M->1185M(1309M) 30.562ms
[7.527s][info][gc,cpu         ] GC(137) User=0.12s Sys=0.00s Real=0.03s
[7.560s][info][gc,start       ] GC(138) Pause Young (Allocation Failure)
[7.591s][info][gc,heap        ] GC(138) PSYoungGen: 52384K(102912K)->26272K(100352K) Eden: 26112K(26112K)->0K(29184K) From: 26272K(76800K)->26272K(71168K)
[7.591s][info][gc,heap        ] GC(138) ParOldGen: 1187655K(1237504K)->1214135K(1237504K)
[7.591s][info][gc,metaspace   ] GC(138) Metaspace: 6299K(6464K)->6299K(6464K) NonClass: 5765K(5824K)->5765K(5824K) Class: 533K(640K)->533K(640K)
[7.591s][info][gc             ] GC(138) Pause Young (Allocation Failure) 1210M->1211M(1306M) 31.229ms
[7.591s][info][gc,cpu         ] GC(138) User=0.12s Sys=0.00s Real=0.03s
[7.591s][info][gc,start       ] GC(139) Pause Full (Ergonomics)
[7.591s][info][gc,phases,start] GC(139) Marking Phase
[7.875s][info][gc,phases      ] GC(139) Marking Phase 283.550ms
[7.875s][info][gc,phases,start] GC(139) Summary Phase
[7.875s][info][gc,phases      ] GC(139) Summary Phase 0.025ms
[7.875s][info][gc,phases,start] GC(139) Adjust Roots
[7.875s][info][gc,phases      ] GC(139) Adjust Roots 0.174ms
[7.875s][info][gc,phases,start] GC(139) Compaction Phase
[7.987s][info][gc,phases      ] GC(139) Compaction Phase 111.432ms
[7.987s][info][gc,phases,start] GC(139) Post Compact
[7.989s][info][gc,phases      ] GC(139) Post Compact 2.179ms
[7.990s][info][gc,heap        ] GC(139) PSYoungGen: 26272K(100352K)->1557K(102400K) Eden: 0K(29184K)->0K(31232K) From: 26272K(71168K)->1557K(71168K)
[7.990s][info][gc,heap        ] GC(139) ParOldGen: 1214135K(1237504K)->1237214K(1372160K)
[7.990s][info][gc,metaspace   ] GC(139) Metaspace: 6299K(6464K)->6299K(6464K) NonClass: 5765K(5824K)->5765K(5824K) Class: 533K(640K)->533K(640K)
[7.990s][info][gc             ] GC(139) Pause Full (Ergonomics) 1211M->1209M(1440M) 398.205ms
[7.990s][info][gc,cpu         ] GC(139) User=2.73s Sys=0.00s Real=0.40s
[8.028s][info][gc,start       ] GC(140) Pause Young (Allocation Failure)
[8.100s][info][gc,heap        ] GC(140) PSYoungGen: 32789K(102400K)->31424K(104448K) Eden: 31232K(31232K)->0K(31232K) From: 1557K(71168K)->31424K(73216K)
[8.100s][info][gc,heap        ] GC(140) ParOldGen: 1237214K(1372160K)->1238830K(1372160K)
[8.100s][info][gc,metaspace   ] GC(140) Metaspace: 6299K(6464K)->6299K(6464K) NonClass: 5765K(5824K)->5765K(5824K) Class: 533K(640K)->533K(640K)
[8.100s][info][gc             ] GC(140) Pause Young (Allocation Failure) 1240M->1240M(1442M) 71.572ms
[8.100s][info][gc,cpu         ] GC(140) User=0.36s Sys=0.02s Real=0.07s
[8.140s][info][gc,start       ] GC(141) Pause Young (Allocation Failure)
[8.175s][info][gc,heap        ] GC(141) PSYoungGen: 62656K(104448K)->62656K(97792K) Eden: 31232K(31232K)->0K(27648K) From: 31424K(73216K)->62656K(70144K)
[8.175s][info][gc,heap        ] GC(141) ParOldGen: 1238830K(1372160K)->1238830K(1372160K)
[8.175s][info][gc,metaspace   ] GC(141) Metaspace: 6299K(6464K)->6299K(6464K) NonClass: 5765K(5824K)->5765K(5824K) Class: 533K(640K)->533K(640K)
[8.175s][info][gc             ] GC(141) Pause Young (Allocation Failure) 1270M->1270M(1435M) 35.097ms
[8.175s][info][gc,cpu         ] GC(141) User=0.16s Sys=0.00s Real=0.03s
[8.197s][info][gc,start       ] GC(142) Pause Young (Allocation Failure)
[8.236s][info][gc,heap        ] GC(142) PSYoungGen: 90304K(97792K)->76800K(104448K) Eden: 27648K(27648K)->0K(27648K) From: 62656K(70144K)->76800K(76800K)
[8.236s][info][gc,heap        ] GC(142) ParOldGen: 1238830K(1372160K)->1238950K(1372160K)
[8.236s][info][gc,metaspace   ] GC(142) Metaspace: 6299K(6464K)->6299K(6464K) NonClass: 5765K(5824K)->5765K(5824K) Class: 533K(640K)->533K(640K)
[8.236s][info][gc             ] GC(142) Pause Young (Allocation Failure) 1297M->1284M(1442M) 39.790ms
[8.237s][info][gc,cpu         ] GC(142) User=0.27s Sys=0.00s Real=0.04s
[8.264s][info][gc,start       ] GC(143) Pause Young (Allocation Failure)
[8.319s][info][gc,heap        ] GC(143) PSYoungGen: 104448K(104448K)->35456K(111616K) Eden: 27648K(27648K)->0K(30720K) From: 76800K(76800K)->35456K(80896K)
[8.319s][info][gc,heap        ] GC(143) ParOldGen: 1238950K(1372160K)->1302158K(1372160K)
[8.319s][info][gc,metaspace   ] GC(143) Metaspace: 6299K(6464K)->6299K(6464K) NonClass: 5765K(5824K)->5765K(5824K) Class: 533K(640K)->533K(640K)
[8.319s][info][gc             ] GC(143) Pause Young (Allocation Failure) 1311M->1306M(1449M) 55.314ms
[8.319s][info][gc,cpu         ] GC(143) User=0.31s Sys=0.06s Real=0.06s
[8.357s][info][gc,start       ] GC(144) Pause Young (Allocation Failure)
[8.395s][info][gc,heap        ] GC(144) PSYoungGen: 66176K(111616K)->51872K(114688K) Eden: 30720K(30720K)->0K(30720K) From: 35456K(80896K)->51872K(83968K)
[8.395s][info][gc,heap        ] GC(144) ParOldGen: 1302158K(1372160K)->1316686K(1372160K)
[8.395s][info][gc,metaspace   ] GC(144) Metaspace: 6299K(6464K)->6299K(6464K) NonClass: 5765K(5824K)->5765K(5824K) Class: 533K(640K)->533K(640K)
[8.395s][info][gc             ] GC(144) Pause Young (Allocation Failure) 1336M->1336M(1452M) 38.178ms
[8.395s][info][gc,cpu         ] GC(144) User=0.25s Sys=0.00s Real=0.04s
[8.436s][info][gc,start       ] GC(145) Pause Young (Allocation Failure)
[8.481s][info][gc,heap        ] GC(145) PSYoungGen: 82592K(114688K)->61632K(114688K) Eden: 30720K(30720K)->0K(31232K) From: 51872K(83968K)->61632K(83456K)
[8.481s][info][gc,heap        ] GC(145) ParOldGen: 1316686K(1372160K)->1337982K(1372160K)
[8.481s][info][gc,metaspace   ] GC(145) Metaspace: 6299K(6464K)->6299K(6464K) NonClass: 5765K(5824K)->5765K(5824K) Class: 533K(640K)->533K(640K)
[8.481s][info][gc             ] GC(145) Pause Young (Allocation Failure) 1366M->1366M(1452M) 45.089ms
[8.481s][info][gc,cpu         ] GC(145) User=0.23s Sys=0.02s Real=0.04s
[8.481s][info][gc,start       ] GC(146) Pause Full (Ergonomics)
[8.481s][info][gc,phases,start] GC(146) Marking Phase
[8.790s][info][gc,phases      ] GC(146) Marking Phase 308.475ms
[8.790s][info][gc,phases,start] GC(146) Summary Phase
[8.790s][info][gc,phases      ] GC(146) Summary Phase 0.034ms
[8.790s][info][gc,phases,start] GC(146) Adjust Roots
[8.790s][info][gc,phases      ] GC(146) Adjust Roots 0.250ms
[8.790s][info][gc,phases,start] GC(146) Compaction Phase
[9.164s][info][gc,phases      ] GC(146) Compaction Phase 373.341ms
[9.164s][info][gc,phases,start] GC(146) Post Compact
[9.166s][info][gc,phases      ] GC(146) Post Compact 2.775ms
[9.167s][info][gc,heap        ] GC(146) PSYoungGen: 61632K(114688K)->26110K(114688K) Eden: 0K(31232K)->0K(31232K) From: 61632K(83456K)->26110K(83456K)
[9.167s][info][gc,heap        ] GC(146) ParOldGen: 1337982K(1372160K)->1371694K(1525760K)
[9.167s][info][gc,metaspace   ] GC(146) Metaspace: 6299K(6464K)->6299K(6464K) NonClass: 5765K(5824K)->5765K(5824K) Class: 533K(640K)->533K(640K)
[9.167s][info][gc             ] GC(146) Pause Full (Ergonomics) 1366M->1365M(1602M) 685.756ms
[9.167s][info][gc,cpu         ] GC(146) User=4.94s Sys=0.02s Real=0.69s
[9.492s][info][gc,start       ] GC(147) Pause Young (Allocation Failure)
[9.585s][info][gc,heap        ] GC(147) PSYoungGen: 57342K(114688K)->43104K(74752K) Eden: 31232K(31232K)->0K(31232K) From: 26110K(83456K)->43104K(43520K)
[9.585s][info][gc,heap        ] GC(147) ParOldGen: 1437230K(1525760K)->1451878K(1525760K)
[9.585s][info][gc,metaspace   ] GC(147) Metaspace: 6299K(6464K)->6299K(6464K) NonClass: 5765K(5824K)->5765K(5824K) Class: 533K(640K)->533K(640K)
[9.585s][info][gc             ] GC(147) Pause Young (Allocation Failure) 1459M->1459M(1563M) 93.129ms
[9.585s][info][gc,cpu         ] GC(147) User=0.44s Sys=0.00s Real=0.09s
[9.616s][info][gc,start       ] GC(148) Pause Young (Allocation Failure)
[9.660s][info][gc,heap        ] GC(148) PSYoungGen: 74336K(74752K)->74368K(109056K) Eden: 31232K(31232K)->0K(26624K) From: 43104K(43520K)->74368K(82432K)
[9.660s][info][gc,heap        ] GC(148) ParOldGen: 1451878K(1525760K)->1451878K(1525760K)
[9.660s][info][gc,metaspace   ] GC(148) Metaspace: 6299K(6464K)->6299K(6464K) NonClass: 5765K(5824K)->5765K(5824K) Class: 533K(640K)->533K(640K)
[9.660s][info][gc             ] GC(148) Pause Young (Allocation Failure) 1490M->1490M(1596M) 43.669ms
[9.660s][info][gc,cpu         ] GC(148) User=0.08s Sys=0.00s Real=0.04s
[9.685s][info][gc,start       ] GC(149) Pause Young (Allocation Failure)
[9.739s][info][gc,heap        ] GC(149) PSYoungGen: 100992K(109056K)->90112K(116736K) Eden: 26624K(26624K)->0K(26624K) From: 74368K(82432K)->90112K(90112K)
[9.739s][info][gc,heap        ] GC(149) ParOldGen: 1451878K(1525760K)->1462782K(1525760K)
[9.739s][info][gc,metaspace   ] GC(149) Metaspace: 6299K(6464K)->6299K(6464K) NonClass: 5765K(5824K)->5765K(5824K) Class: 533K(640K)->533K(640K)
[9.739s][info][gc             ] GC(149) Pause Young (Allocation Failure) 1516M->1516M(1604M) 53.450ms
[9.739s][info][gc,cpu         ] GC(149) User=0.23s Sys=0.03s Real=0.05s
[9.768s][info][gc,start       ] GC(150) Pause Young (Allocation Failure)
[9.828s][info][gc,heap        ] GC(150) PSYoungGen: 116736K(116736K)->80992K(130048K) Eden: 26624K(26624K)->0K(24576K) From: 90112K(90112K)->80992K(105472K)
[9.828s][info][gc,heap        ] GC(150) ParOldGen: 1462782K(1525760K)->1499062K(1525760K)
[9.828s][info][gc,metaspace   ] GC(150) Metaspace: 6299K(6464K)->6299K(6464K) NonClass: 5765K(5824K)->5765K(5824K) Class: 533K(640K)->533K(640K)
[9.828s][info][gc             ] GC(150) Pause Young (Allocation Failure) 1542M->1543M(1617M) 60.552ms
[9.828s][info][gc,cpu         ] GC(150) User=0.33s Sys=0.02s Real=0.06s
[9.828s][info][gc,start       ] GC(151) Pause Full (Ergonomics)
[9.828s][info][gc,phases,start] GC(151) Marking Phase
[10.168s][info][gc,phases      ] GC(151) Marking Phase 339.817ms
[10.168s][info][gc,phases,start] GC(151) Summary Phase
[10.168s][info][gc,phases      ] GC(151) Summary Phase 0.037ms
[10.168s][info][gc,phases,start] GC(151) Adjust Roots
[10.168s][info][gc,phases      ] GC(151) Adjust Roots 0.179ms
[10.168s][info][gc,phases,start] GC(151) Compaction Phase
[10.419s][info][gc,phases      ] GC(151) Compaction Phase 250.559ms
[10.419s][info][gc,phases,start] GC(151) Post Compact
[10.422s][info][gc,phases      ] GC(151) Post Compact 3.394ms
[10.423s][info][gc,heap        ] GC(151) PSYoungGen: 80992K(130048K)->20405K(130048K) Eden: 0K(24576K)->0K(24576K) From: 80992K(105472K)->20405K(105472K)
[10.423s][info][gc,heap        ] GC(151) ParOldGen: 1499062K(1525760K)->1525750K(1688576K)
[10.423s][info][gc,metaspace   ] GC(151) Metaspace: 6299K(6464K)->6299K(6464K) NonClass: 5765K(5824K)->5765K(5824K) Class: 533K(640K)->533K(640K)
[10.423s][info][gc             ] GC(151) Pause Full (Ergonomics) 1543M->1509M(1776M) 594.960ms
[10.423s][info][gc,cpu         ] GC(151) User=4.00s Sys=0.03s Real=0.60s
[10.451s][info][gc,start       ] GC(152) Pause Young (Allocation Failure)
[10.537s][info][gc,heap        ] GC(152) PSYoungGen: 44981K(130048K)->36608K(135168K) Eden: 24576K(24576K)->0K(24576K) From: 20405K(105472K)->36608K(110592K)
[10.537s][info][gc,heap        ] GC(152) ParOldGen: 1525750K(1688576K)->1534414K(1688576K)
[10.537s][info][gc,metaspace   ] GC(152) Metaspace: 6299K(6464K)->6299K(6464K) NonClass: 5765K(5824K)->5765K(5824K) Class: 533K(640K)->533K(640K)
[10.537s][info][gc             ] GC(152) Pause Young (Allocation Failure) 1533M->1534M(1781M) 85.645ms
[10.537s][info][gc,cpu         ] GC(152) User=0.44s Sys=0.00s Real=0.09s
[10.564s][info][gc,start       ] GC(153) Pause Young (Allocation Failure)
[10.599s][info][gc,heap        ] GC(153) PSYoungGen: 61184K(135168K)->61248K(130560K) Eden: 24576K(24576K)->0K(27136K) From: 36608K(110592K)->61248K(103424K)
[10.599s][info][gc,heap        ] GC(153) ParOldGen: 1534414K(1688576K)->1534414K(1688576K)
[10.599s][info][gc,metaspace   ] GC(153) Metaspace: 6299K(6464K)->6299K(6464K) NonClass: 5765K(5824K)->5765K(5824K) Class: 533K(640K)->533K(640K)
[10.599s][info][gc             ] GC(153) Pause Young (Allocation Failure) 1558M->1558M(1776M) 34.597ms
[10.599s][info][gc,cpu         ] GC(153) User=0.16s Sys=0.00s Real=0.04s
[10.625s][info][gc,start       ] GC(154) Pause Young (Allocation Failure)
[10.668s][info][gc,heap        ] GC(154) PSYoungGen: 88384K(130560K)->88384K(133120K) Eden: 27136K(27136K)->0K(27136K) From: 61248K(103424K)->88384K(105984K)
[10.668s][info][gc,heap        ] GC(154) ParOldGen: 1534414K(1688576K)->1534414K(1688576K)
[10.668s][info][gc,metaspace   ] GC(154) Metaspace: 6299K(6464K)->6299K(6464K) NonClass: 5765K(5824K)->5765K(5824K) Class: 533K(640K)->533K(640K)
[10.668s][info][gc             ] GC(154) Pause Young (Allocation Failure) 1584M->1584M(1779M) 43.608ms
[10.668s][info][gc,cpu         ] GC(154) User=0.25s Sys=0.00s Real=0.04s
[10.695s][info][gc,start       ] GC(155) Pause Young (Allocation Failure)
[10.751s][info][gc,heap        ] GC(155) PSYoungGen: 115520K(133120K)->112064K(128512K) Eden: 27136K(27136K)->0K(15360K) From: 88384K(105984K)->112064K(113152K)
[10.751s][info][gc,heap        ] GC(155) ParOldGen: 1534414K(1688576K)->1537982K(1688576K)
[10.751s][info][gc,metaspace   ] GC(155) Metaspace: 6299K(6464K)->6299K(6464K) NonClass: 5765K(5824K)->5765K(5824K) Class: 533K(640K)->533K(640K)
[10.751s][info][gc             ] GC(155) Pause Young (Allocation Failure) 1611M->1611M(1774M) 55.509ms
[10.751s][info][gc,cpu         ] GC(155) User=0.38s Sys=0.02s Real=0.06s
[10.766s][info][gc,start       ] GC(156) Pause Young (Allocation Failure)
[10.824s][info][gc,heap        ] GC(156) PSYoungGen: 127424K(128512K)->119008K(143360K) Eden: 15360K(15360K)->0K(15360K) From: 112064K(113152K)->119008K(128000K)
[10.824s][info][gc,heap        ] GC(156) ParOldGen: 1537982K(1688576K)->1546502K(1688576K)
[10.824s][info][gc,metaspace   ] GC(156) Metaspace: 6299K(6464K)->6299K(6464K) NonClass: 5765K(5824K)->5765K(5824K) Class: 533K(640K)->533K(640K)
[10.825s][info][gc             ] GC(156) Pause Young (Allocation Failure) 1626M->1626M(1789M) 58.780ms
[10.825s][info][gc,cpu         ] GC(156) User=0.38s Sys=0.00s Real=0.06s
[10.840s][info][gc,start       ] GC(157) Pause Young (Allocation Failure)
[10.904s][info][gc,heap        ] GC(157) PSYoungGen: 134368K(143360K)->85184K(157184K) Eden: 15360K(15360K)->0K(17408K) From: 119008K(128000K)->85184K(139776K)
[10.904s][info][gc,heap        ] GC(157) ParOldGen: 1546502K(1688576K)->1596294K(1688576K)
[10.904s][info][gc,metaspace   ] GC(157) Metaspace: 6299K(6464K)->6299K(6464K) NonClass: 5765K(5824K)->5765K(5824K) Class: 533K(640K)->533K(640K)
[10.904s][info][gc             ] GC(157) Pause Young (Allocation Failure) 1641M->1642M(1802M) 63.511ms
[10.904s][info][gc,cpu         ] GC(157) User=0.36s Sys=0.02s Real=0.06s
[10.921s][info][gc,start       ] GC(158) Pause Young (Allocation Failure)
[10.972s][info][gc,heap        ] GC(158) PSYoungGen: 102592K(157184K)->48320K(66048K) Eden: 17408K(17408K)->0K(17408K) From: 85184K(139776K)->48320K(48640K)
[10.972s][info][gc,heap        ] GC(158) ParOldGen: 1596294K(1688576K)->1651238K(1688576K)
[10.972s][info][gc,metaspace   ] GC(158) Metaspace: 6299K(6464K)->6299K(6464K) NonClass: 5765K(5824K)->5765K(5824K) Class: 533K(640K)->533K(640K)
[10.972s][info][gc             ] GC(158) Pause Young (Allocation Failure) 1659M->1659M(1713M) 50.548ms
[10.972s][info][gc,cpu         ] GC(158) User=0.33s Sys=0.05s Real=0.05s
[10.972s][info][gc,start       ] GC(159) Pause Full (Ergonomics)
[10.972s][info][gc,phases,start] GC(159) Marking Phase
[11.347s][info][gc,phases      ] GC(159) Marking Phase 375.147ms
[11.347s][info][gc,phases,start] GC(159) Summary Phase
[11.347s][info][gc,phases      ] GC(159) Summary Phase 0.037ms
[11.347s][info][gc,phases,start] GC(159) Adjust Roots
[11.347s][info][gc,phases      ] GC(159) Adjust Roots 0.271ms
[11.347s][info][gc,phases,start] GC(159) Compaction Phase
[11.509s][info][gc,phases      ] GC(159) Compaction Phase 161.517ms
[11.509s][info][gc,phases,start] GC(159) Post Compact
[11.513s][info][gc,phases      ] GC(159) Post Compact 3.589ms
[11.513s][info][gc,heap        ] GC(159) PSYoungGen: 48320K(66048K)->9206K(66048K) Eden: 0K(17408K)->0K(17408K) From: 48320K(48640K)->9206K(48640K)
[11.513s][info][gc,heap        ] GC(159) ParOldGen: 1651238K(1688576K)->1688284K(1876480K)
[11.513s][info][gc,metaspace   ] GC(159) Metaspace: 6299K(6464K)->6299K(6464K) NonClass: 5765K(5824K)->5765K(5824K) Class: 533K(640K)->533K(640K)
[11.513s][info][gc             ] GC(159) Pause Full (Ergonomics) 1659M->1657M(1897M) 541.547ms
[11.513s][info][gc,cpu         ] GC(159) User=3.89s Sys=0.00s Real=0.54s
[11.531s][info][gc,start       ] GC(160) Pause Young (Allocation Failure)
[11.613s][info][gc,heap        ] GC(160) PSYoungGen: 26614K(66048K)->20896K(156672K) Eden: 17408K(17408K)->0K(18944K) From: 9206K(48640K)->20896K(137728K)
[11.613s][info][gc,heap        ] GC(160) ParOldGen: 1688284K(1876480K)->1694236K(1876480K)
[11.613s][info][gc,metaspace   ] GC(160) Metaspace: 6299K(6464K)->6299K(6464K) NonClass: 5765K(5824K)->5765K(5824K) Class: 533K(640K)->533K(640K)
[11.613s][info][gc             ] GC(160) Pause Young (Allocation Failure) 1674M->1674M(1985M) 82.308ms
[11.613s][info][gc,cpu         ] GC(160) User=0.52s Sys=0.00s Real=0.08s
[11.633s][info][gc,start       ] GC(161) Pause Young (Allocation Failure)
[11.662s][info][gc,heap        ] GC(161) PSYoungGen: 39840K(156672K)->36480K(55808K) Eden: 18944K(18944K)->0K(18944K) From: 20896K(137728K)->36480K(36864K)
[11.662s][info][gc,heap        ] GC(161) ParOldGen: 1694236K(1876480K)->1697660K(1876480K)
[11.662s][info][gc,metaspace   ] GC(161) Metaspace: 6299K(6464K)->6299K(6464K) NonClass: 5765K(5824K)->5765K(5824K) Class: 533K(640K)->533K(640K)
[11.662s][info][gc             ] GC(161) Pause Young (Allocation Failure) 1693M->1693M(1887M) 29.221ms
[11.662s][info][gc,cpu         ] GC(161) User=0.06s Sys=0.00s Real=0.03s
[11.685s][info][gc,start       ] GC(162) Pause Young (Allocation Failure)
[11.720s][info][gc,heap        ] GC(162) PSYoungGen: 55424K(55808K)->38048K(150016K) Eden: 18944K(18944K)->0K(21504K) From: 36480K(36864K)->38048K(128512K)
[11.720s][info][gc,heap        ] GC(162) ParOldGen: 1697660K(1876480K)->1715316K(1876480K)
[11.720s][info][gc,metaspace   ] GC(162) Metaspace: 6299K(6464K)->6299K(6464K) NonClass: 5765K(5824K)->5765K(5824K) Class: 533K(640K)->533K(640K)
[11.720s][info][gc             ] GC(162) Pause Young (Allocation Failure) 1711M->1712M(1979M) 34.950ms
[11.720s][info][gc,cpu         ] GC(162) User=0.14s Sys=0.02s Real=0.04s
[11.745s][info][gc,start       ] GC(163) Pause Young (Allocation Failure)
[11.784s][info][gc,heap        ] GC(163) PSYoungGen: 59552K(150016K)->40576K(62464K) Eden: 21504K(21504K)->0K(21504K) From: 38048K(128512K)->40576K(40960K)
[11.784s][info][gc,heap        ] GC(163) ParOldGen: 1715316K(1876480K)->1734524K(1876480K)
[11.784s][info][gc,metaspace   ] GC(163) Metaspace: 6299K(6464K)->6299K(6464K) NonClass: 5765K(5824K)->5765K(5824K) Class: 533K(640K)->533K(640K)
[11.784s][info][gc             ] GC(163) Pause Young (Allocation Failure) 1733M->1733M(1893M) 39.133ms
[11.784s][info][gc,cpu         ] GC(163) User=0.14s Sys=0.02s Real=0.04s
[11.809s][info][gc,start       ] GC(164) Pause Young (Allocation Failure)
[11.847s][info][gc,heap        ] GC(164) PSYoungGen: 62080K(62464K)->21632K(150528K) Eden: 21504K(21504K)->0K(24576K) From: 40576K(40960K)->21632K(125952K)
[11.847s][info][gc,heap        ] GC(164) ParOldGen: 1734524K(1876480K)->1775508K(1876480K)
[11.847s][info][gc,metaspace   ] GC(164) Metaspace: 6299K(6464K)->6299K(6464K) NonClass: 5765K(5824K)->5765K(5824K) Class: 533K(640K)->533K(640K)
[11.847s][info][gc             ] GC(164) Pause Young (Allocation Failure) 1754M->1755M(1979M) 37.359ms
[11.847s][info][gc,cpu         ] GC(164) User=0.14s Sys=0.02s Real=0.04s
[11.875s][info][gc,start       ] GC(165) Pause Young (Allocation Failure)
[11.907s][info][gc,heap        ] GC(165) PSYoungGen: 46208K(150528K)->24768K(151552K) Eden: 24576K(24576K)->0K(24576K) From: 21632K(125952K)->24768K(126976K)
[11.907s][info][gc,heap        ] GC(165) ParOldGen: 1775508K(1876480K)->1797308K(1876480K)
[11.908s][info][gc,metaspace   ] GC(165) Metaspace: 6299K(6464K)->6299K(6464K) NonClass: 5765K(5824K)->5765K(5824K) Class: 533K(640K)->533K(640K)
[11.908s][info][gc             ] GC(165) Pause Young (Allocation Failure) 1779M->1779M(1980M) 32.799ms
[11.908s][info][gc,cpu         ] GC(165) User=0.14s Sys=0.02s Real=0.03s
[11.933s][info][gc,start       ] GC(166) Pause Young (Allocation Failure)
[11.970s][info][gc,heap        ] GC(166) PSYoungGen: 49344K(151552K)->24736K(145920K) Eden: 24576K(24576K)->0K(27648K) From: 24768K(126976K)->24736K(118272K)
[11.970s][info][gc,heap        ] GC(166) ParOldGen: 1797308K(1876480K)->1822236K(1876480K)
[11.970s][info][gc,metaspace   ] GC(166) Metaspace: 6299K(6464K)->6299K(6464K) NonClass: 5765K(5824K)->5765K(5824K) Class: 533K(640K)->533K(640K)
[11.970s][info][gc             ] GC(166) Pause Young (Allocation Failure) 1803M->1803M(1975M) 37.242ms
[11.970s][info][gc,cpu         ] GC(166) User=0.20s Sys=0.06s Real=0.04s
[12.002s][info][gc,start       ] GC(167) Pause Young (Allocation Failure)
[12.036s][info][gc,heap        ] GC(167) PSYoungGen: 52384K(145920K)->27840K(55808K) Eden: 27648K(27648K)->0K(27648K) From: 24736K(118272K)->27840K(28160K)
[12.036s][info][gc,heap        ] GC(167) ParOldGen: 1822236K(1876480K)->1847156K(1876480K)
[12.036s][info][gc,metaspace   ] GC(167) Metaspace: 6299K(6464K)->6299K(6464K) NonClass: 5765K(5824K)->5765K(5824K) Class: 533K(640K)->533K(640K)
[12.036s][info][gc             ] GC(167) Pause Young (Allocation Failure) 1830M->1831M(1887M) 34.370ms
[12.036s][info][gc,cpu         ] GC(167) User=0.08s Sys=0.00s Real=0.03s
[12.036s][info][gc,start       ] GC(168) Pause Full (Ergonomics)
[12.036s][info][gc,phases,start] GC(168) Marking Phase
[12.451s][info][gc,phases      ] GC(168) Marking Phase 415.232ms
[12.452s][info][gc,phases,start] GC(168) Summary Phase
[12.452s][info][gc,phases      ] GC(168) Summary Phase 0.073ms
[12.452s][info][gc,phases,start] GC(168) Adjust Roots
[12.452s][info][gc,phases      ] GC(168) Adjust Roots 0.285ms
[12.452s][info][gc,phases,start] GC(168) Compaction Phase
[12.632s][info][gc,phases      ] GC(168) Compaction Phase 179.980ms
[12.632s][info][gc,phases,start] GC(168) Post Compact
[12.635s][info][gc,phases      ] GC(168) Post Compact 3.386ms
[12.636s][info][gc,heap        ] GC(168) PSYoungGen: 27840K(55808K)->0K(148480K) Eden: 0K(27648K)->0K(31232K) From: 27840K(28160K)->0K(117248K)
[12.636s][info][gc,heap        ] GC(168) ParOldGen: 1847156K(1876480K)->1872347K(2062848K)
[12.636s][info][gc,metaspace   ] GC(168) Metaspace: 6299K(6464K)->6299K(6464K) NonClass: 5765K(5824K)->5765K(5824K) Class: 533K(640K)->533K(640K)
[12.636s][info][gc             ] GC(168) Pause Full (Ergonomics) 1831M->1828M(2159M) 600.154ms
[12.636s][info][gc,cpu         ] GC(168) User=4.33s Sys=0.00s Real=0.60s
[12.675s][info][gc,start       ] GC(169) Pause Young (Allocation Failure)
[12.701s][info][gc,heap        ] GC(169) PSYoungGen: 31232K(148480K)->31392K(62976K) Eden: 31232K(31232K)->0K(31232K) From: 0K(117248K)->31392K(31744K)
[12.701s][info][gc,heap        ] GC(169) ParOldGen: 1872347K(2062848K)->1872347K(2062848K)
[12.701s][info][gc,metaspace   ] GC(169) Metaspace: 6299K(6464K)->6299K(6464K) NonClass: 5765K(5824K)->5765K(5824K) Class: 533K(640K)->533K(640K)
[12.701s][info][gc             ] GC(169) Pause Young (Allocation Failure) 1858M->1859M(2076M) 26.786ms
[12.701s][info][gc,cpu         ] GC(169) User=0.03s Sys=0.00s Real=0.03s
[12.733s][info][gc,start       ] GC(170) Pause Young (Allocation Failure)
[12.769s][info][gc,heap        ] GC(170) PSYoungGen: 62624K(62976K)->62656K(146944K) Eden: 31232K(31232K)->0K(34304K) From: 31392K(31744K)->62656K(112640K)
[12.769s][info][gc,heap        ] GC(170) ParOldGen: 1872347K(2062848K)->1872347K(2062848K)
[12.769s][info][gc,metaspace   ] GC(170) Metaspace: 6299K(6464K)->6299K(6464K) NonClass: 5765K(5824K)->5765K(5824K) Class: 533K(640K)->533K(640K)
[12.769s][info][gc             ] GC(170) Pause Young (Allocation Failure) 1889M->1889M(2158M) 35.581ms
[12.769s][info][gc,cpu         ] GC(170) User=0.12s Sys=0.00s Real=0.04s
[12.809s][info][gc,start       ] GC(171) Pause Young (Allocation Failure)
[12.857s][info][gc,heap        ] GC(171) PSYoungGen: 96960K(146944K)->97024K(146944K) Eden: 34304K(34304K)->0K(34304K) From: 62656K(112640K)->97024K(112640K)
[12.857s][info][gc,heap        ] GC(171) ParOldGen: 1872347K(2062848K)->1872347K(2062848K)
[12.857s][info][gc,metaspace   ] GC(171) Metaspace: 6299K(6464K)->6299K(6464K) NonClass: 5765K(5824K)->5765K(5824K) Class: 533K(640K)->533K(640K)
[12.858s][info][gc             ] GC(171) Pause Young (Allocation Failure) 1923M->1923M(2158M) 48.709ms
[12.858s][info][gc,cpu         ] GC(171) User=0.25s Sys=0.00s Real=0.05s
[12.901s][info][gc,start       ] GC(172) Pause Young (Allocation Failure)
[12.965s][info][gc,heap        ] GC(172) PSYoungGen: 131328K(146944K)->100096K(152064K) Eden: 34304K(34304K)->0K(27136K) From: 97024K(112640K)->100096K(124928K)
[12.965s][info][gc,heap        ] GC(172) ParOldGen: 1872347K(2062848K)->1904019K(2062848K)
[12.965s][info][gc,metaspace   ] GC(172) Metaspace: 6299K(6464K)->6299K(6464K) NonClass: 5765K(5824K)->5765K(5824K) Class: 533K(640K)->533K(640K)
[12.965s][info][gc             ] GC(172) Pause Young (Allocation Failure) 1956M->1957M(2163M) 64.252ms
[12.965s][info][gc,cpu         ] GC(172) User=0.45s Sys=0.05s Real=0.06s
[13.001s][info][gc,start       ] GC(173) Pause Young (Allocation Failure)
[13.064s][info][gc,heap        ] GC(173) PSYoungGen: 127232K(152064K)->96000K(162816K) Eden: 27136K(27136K)->0K(27136K) From: 100096K(124928K)->96000K(135680K)
[13.064s][info][gc,heap        ] GC(173) ParOldGen: 1904019K(2062848K)->1935675K(2062848K)
[13.064s][info][gc,metaspace   ] GC(173) Metaspace: 6299K(6464K)->6299K(6464K) NonClass: 5765K(5824K)->5765K(5824K) Class: 533K(640K)->533K(640K)
[13.064s][info][gc             ] GC(173) Pause Young (Allocation Failure) 1983M->1984M(2173M) 63.558ms
[13.064s][info][gc,cpu         ] GC(173) User=0.36s Sys=0.00s Real=0.06s
[13.094s][info][gc,start       ] GC(174) Pause Young (Allocation Failure)
[13.157s][info][gc,heap        ] GC(174) PSYoungGen: 123136K(162816K)->88832K(169984K) Eden: 27136K(27136K)->0K(27648K) From: 96000K(135680K)->88832K(142336K)
[13.157s][info][gc,heap        ] GC(174) ParOldGen: 1935675K(2062848K)->1970467K(2062848K)
[13.157s][info][gc,metaspace   ] GC(174) Metaspace: 6299K(6464K)->6299K(6464K) NonClass: 5765K(5824K)->5765K(5824K) Class: 533K(640K)->533K(640K)
[13.158s][info][gc             ] GC(174) Pause Young (Allocation Failure) 2010M->2011M(2180M) 63.959ms
[13.158s][info][gc,cpu         ] GC(174) User=0.38s Sys=0.02s Real=0.06s
[13.189s][info][gc,start       ] GC(175) Pause Young (Allocation Failure)
[13.250s][info][gc,heap        ] GC(175) PSYoungGen: 116480K(169984K)->54976K(82944K) Eden: 27648K(27648K)->0K(27648K) From: 88832K(142336K)->54976K(55296K)
[13.250s][info][gc,heap        ] GC(175) ParOldGen: 1970467K(2062848K)->2032731K(2062848K)
[13.250s][info][gc,metaspace   ] GC(175) Metaspace: 6299K(6464K)->6299K(6464K) NonClass: 5765K(5824K)->5765K(5824K) Class: 533K(640K)->533K(640K)
[13.250s][info][gc             ] GC(175) Pause Young (Allocation Failure) 2038M->2038M(2095M) 61.033ms
[13.250s][info][gc,cpu         ] GC(175) User=0.36s Sys=0.02s Real=0.06s
[13.250s][info][gc,start       ] GC(176) Pause Full (Ergonomics)
[13.250s][info][gc,phases,start] GC(176) Marking Phase
[13.723s][info][gc,phases      ] GC(176) Marking Phase 473.200ms
[13.723s][info][gc,phases,start] GC(176) Summary Phase
[13.723s][info][gc,phases      ] GC(176) Summary Phase 0.115ms
[13.723s][info][gc,phases,start] GC(176) Adjust Roots
[13.723s][info][gc,phases      ] GC(176) Adjust Roots 0.176ms
[13.723s][info][gc,phases,start] GC(176) Compaction Phase
[13.920s][info][gc,phases      ] GC(176) Compaction Phase 196.004ms
[13.920s][info][gc,phases,start] GC(176) Post Compact
[13.924s][info][gc,phases      ] GC(176) Post Compact 4.055ms
[13.925s][info][gc,heap        ] GC(176) PSYoungGen: 54976K(82944K)->22532K(82944K) Eden: 0K(27648K)->0K(27648K) From: 54976K(55296K)->22532K(55296K)
[13.925s][info][gc,heap        ] GC(176) ParOldGen: 2032731K(2062848K)->2062586K(2282496K)
[13.925s][info][gc,metaspace   ] GC(176) Metaspace: 6299K(6464K)->6299K(6464K) NonClass: 5765K(5824K)->5765K(5824K) Class: 533K(640K)->533K(640K)
[13.925s][info][gc             ] GC(176) Pause Full (Ergonomics) 2038M->2036M(2310M) 675.201ms
[13.925s][info][gc,cpu         ] GC(176) User=4.91s Sys=0.00s Real=0.67s
[13.954s][info][gc,start       ] GC(177) Pause Young (Allocation Failure)
[14.069s][info][gc,heap        ] GC(177) PSYoungGen: 50180K(82944K)->27776K(164352K) Eden: 27648K(27648K)->0K(30720K) From: 22532K(55296K)->27776K(133632K)
[14.069s][info][gc,heap        ] GC(177) ParOldGen: 2062586K(2282496K)->2085450K(2282496K)
[14.069s][info][gc,metaspace   ] GC(177) Metaspace: 6299K(6464K)->6299K(6464K) NonClass: 5765K(5824K)->5765K(5824K) Class: 533K(640K)->533K(640K)
[14.069s][info][gc             ] GC(177) Pause Young (Allocation Failure) 2063M->2063M(2389M) 115.680ms
[14.069s][info][gc,cpu         ] GC(177) User=0.72s Sys=0.05s Real=0.12s
[14.101s][info][gc,start       ] GC(178) Pause Young (Allocation Failure)
[14.137s][info][gc,heap        ] GC(178) PSYoungGen: 58496K(164352K)->30880K(166912K) Eden: 30720K(30720K)->0K(30720K) From: 27776K(133632K)->30880K(136192K)
[14.137s][info][gc,heap        ] GC(178) ParOldGen: 2085450K(2282496K)->2113474K(2282496K)
[14.137s][info][gc,metaspace   ] GC(178) Metaspace: 6299K(6464K)->6299K(6464K) NonClass: 5765K(5824K)->5765K(5824K) Class: 533K(640K)->533K(640K)
[14.138s][info][gc             ] GC(178) Pause Young (Allocation Failure) 2093M->2094M(2392M) 36.142ms
[14.138s][info][gc,cpu         ] GC(178) User=0.17s Sys=0.00s Real=0.04s
[14.169s][info][gc,start       ] GC(179) Pause Young (Allocation Failure)
[14.206s][info][gc,heap        ] GC(179) PSYoungGen: 61600K(166912K)->30912K(161792K) Eden: 30720K(30720K)->0K(34304K) From: 30880K(136192K)->30912K(127488K)
[14.206s][info][gc,heap        ] GC(179) ParOldGen: 2113474K(2282496K)->2144626K(2282496K)
[14.206s][info][gc,metaspace   ] GC(179) Metaspace: 6299K(6464K)->6299K(6464K) NonClass: 5765K(5824K)->5765K(5824K) Class: 533K(640K)->533K(640K)
[14.206s][info][gc             ] GC(179) Pause Young (Allocation Failure) 2124M->2124M(2387M) 37.160ms
[14.206s][info][gc,cpu         ] GC(179) User=0.23s Sys=0.02s Real=0.04s
[14.247s][info][gc,start       ] GC(180) Pause Young (Allocation Failure)
[14.287s][info][gc,heap        ] GC(180) PSYoungGen: 65216K(161792K)->34496K(69120K) Eden: 34304K(34304K)->0K(34304K) From: 30912K(127488K)->34496K(34816K)
[14.287s][info][gc,heap        ] GC(180) ParOldGen: 2144626K(2282496K)->2175770K(2282496K)
[14.287s][info][gc,metaspace   ] GC(180) Metaspace: 6299K(6464K)->6299K(6464K) NonClass: 5765K(5824K)->5765K(5824K) Class: 533K(640K)->533K(640K)
[14.287s][info][gc             ] GC(180) Pause Young (Allocation Failure) 2158M->2158M(2296M) 39.730ms
[14.287s][info][gc,cpu         ] GC(180) User=0.25s Sys=0.00s Real=0.04s
[14.330s][info][gc,start       ] GC(181) Pause Young (Allocation Failure)
[14.372s][info][gc,heap        ] GC(181) PSYoungGen: 68800K(69120K)->34464K(154112K) Eden: 34304K(34304K)->0K(37888K) From: 34496K(34816K)->34464K(116224K)
[14.372s][info][gc,heap        ] GC(181) ParOldGen: 2175770K(2282496K)->2210562K(2282496K)
[14.372s][info][gc,metaspace   ] GC(181) Metaspace: 6299K(6464K)->6299K(6464K) NonClass: 5765K(5824K)->5765K(5824K) Class: 533K(640K)->533K(640K)
[14.372s][info][gc             ] GC(181) Pause Young (Allocation Failure) 2191M->2192M(2379M) 41.992ms
[14.372s][info][gc,cpu         ] GC(181) User=0.27s Sys=0.00s Real=0.04s
[14.417s][info][gc,start       ] GC(182) Pause Young (Allocation Failure)
[14.460s][info][gc,heap        ] GC(182) PSYoungGen: 72352K(154112K)->38080K(76288K) Eden: 37888K(37888K)->0K(37888K) From: 34464K(116224K)->38080K(38400K)
[14.460s][info][gc,heap        ] GC(182) ParOldGen: 2210562K(2282496K)->2245362K(2282496K)
[14.460s][info][gc,metaspace   ] GC(182) Metaspace: 6299K(6464K)->6299K(6464K) NonClass: 5765K(5824K)->5765K(5824K) Class: 533K(640K)->533K(640K)
[14.460s][info][gc             ] GC(182) Pause Young (Allocation Failure) 2229M->2229M(2303M) 43.131ms
[14.460s][info][gc,cpu         ] GC(182) User=0.38s Sys=0.00s Real=0.04s
[14.460s][info][gc,start       ] GC(183) Pause Full (Ergonomics)
[14.460s][info][gc,phases,start] GC(183) Marking Phase
[14.963s][info][gc,phases      ] GC(183) Marking Phase 502.750ms
[14.963s][info][gc,phases,start] GC(183) Summary Phase
[14.963s][info][gc,phases      ] GC(183) Summary Phase 0.053ms
[14.963s][info][gc,phases,start] GC(183) Adjust Roots
[14.964s][info][gc,phases      ] GC(183) Adjust Roots 0.158ms
[14.964s][info][gc,phases,start] GC(183) Compaction Phase
[15.171s][info][gc,phases      ] GC(183) Compaction Phase 207.899ms
[15.172s][info][gc,phases,start] GC(183) Post Compact
[15.176s][info][gc,phases      ] GC(183) Post Compact 4.406ms
[15.177s][info][gc,heap        ] GC(183) PSYoungGen: 38080K(76288K)->0K(157696K) Eden: 0K(37888K)->0K(41984K) From: 38080K(38400K)->0K(115712K)
[15.177s][info][gc,heap        ] GC(183) ParOldGen: 2245362K(2282496K)->2280514K(2508800K)
[15.177s][info][gc,metaspace   ] GC(183) Metaspace: 6299K(6464K)->6299K(6464K) NonClass: 5765K(5824K)->5765K(5824K) Class: 533K(640K)->533K(640K)
[15.177s][info][gc             ] GC(183) Pause Full (Ergonomics) 2229M->2227M(2604M) 716.695ms
[15.177s][info][gc,cpu         ] GC(183) User=5.34s Sys=0.02s Real=0.72s
[15.227s][info][gc,start       ] GC(184) Pause Young (Allocation Failure)
[15.258s][info][gc,heap        ] GC(184) PSYoungGen: 41984K(157696K)->42176K(84480K) Eden: 41984K(41984K)->0K(41984K) From: 0K(115712K)->42176K(42496K)
[15.258s][info][gc,heap        ] GC(184) ParOldGen: 2280514K(2508800K)->2280514K(2508800K)
[15.258s][info][gc,metaspace   ] GC(184) Metaspace: 6299K(6464K)->6299K(6464K) NonClass: 5765K(5824K)->5765K(5824K) Class: 533K(640K)->533K(640K)
[15.258s][info][gc             ] GC(184) Pause Young (Allocation Failure) 2268M->2268M(2532M) 30.899ms
[15.258s][info][gc,cpu         ] GC(184) User=0.05s Sys=0.00s Real=0.03s
[15.307s][info][gc,start       ] GC(185) Pause Young (Allocation Failure)
[15.352s][info][gc,heap        ] GC(185) PSYoungGen: 84160K(84480K)->84160K(149504K) Eden: 41984K(41984K)->0K(38912K) From: 42176K(42496K)->84160K(110592K)
[15.352s][info][gc,heap        ] GC(185) ParOldGen: 2280514K(2508800K)->2280514K(2508800K)
[15.352s][info][gc,metaspace   ] GC(185) Metaspace: 6299K(6464K)->6299K(6464K) NonClass: 5765K(5824K)->5765K(5824K) Class: 533K(640K)->533K(640K)
[15.352s][info][gc             ] GC(185) Pause Young (Allocation Failure) 2309M->2309M(2596M) 45.596ms
[15.352s][info][gc,cpu         ] GC(185) User=0.27s Sys=0.00s Real=0.05s
[15.400s][info][gc,start       ] GC(186) Pause Young (Allocation Failure)
[15.460s][info][gc,heap        ] GC(186) PSYoungGen: 123072K(149504K)->117760K(156672K) Eden: 38912K(38912K)->0K(38912K) From: 84160K(110592K)->117760K(117760K)
[15.460s][info][gc,heap        ] GC(186) ParOldGen: 2280514K(2508800K)->2285850K(2508800K)
[15.460s][info][gc,metaspace   ] GC(186) Metaspace: 6299K(6464K)->6299K(6464K) NonClass: 5765K(5824K)->5765K(5824K) Class: 533K(640K)->533K(640K)
[15.460s][info][gc             ] GC(186) Pause Young (Allocation Failure) 2347M->2347M(2603M) 59.998ms
[15.460s][info][gc,cpu         ] GC(186) User=0.39s Sys=0.00s Real=0.06s
[15.509s][info][gc,start       ] GC(187) Pause Young (Allocation Failure)
[15.595s][info][gc,heap        ] GC(187) PSYoungGen: 156672K(156672K)->77088K(178176K) Eden: 38912K(38912K)->0K(43008K) From: 117760K(117760K)->77088K(135168K)
[15.595s][info][gc,heap        ] GC(187) ParOldGen: 2285850K(2508800K)->2366218K(2508800K)
[15.595s][info][gc,metaspace   ] GC(187) Metaspace: 6299K(6464K)->6299K(6464K) NonClass: 5765K(5824K)->5765K(5824K) Class: 533K(640K)->533K(640K)
[15.595s][info][gc             ] GC(187) Pause Young (Allocation Failure) 2385M->2386M(2624M) 85.521ms
[15.595s][info][gc,cpu         ] GC(187) User=0.59s Sys=0.05s Real=0.09s
[15.646s][info][gc,start       ] GC(188) Pause Young (Allocation Failure)
[15.709s][info][gc,heap        ] GC(188) PSYoungGen: 120096K(178176K)->82144K(179200K) Eden: 43008K(43008K)->0K(43008K) From: 77088K(135168K)->82144K(136192K)
[15.709s][info][gc,heap        ] GC(188) ParOldGen: 2366218K(2508800K)->2404498K(2508800K)
[15.709s][info][gc,metaspace   ] GC(188) Metaspace: 6299K(6464K)->6299K(6464K) NonClass: 5765K(5824K)->5765K(5824K) Class: 533K(640K)->533K(640K)
[15.709s][info][gc             ] GC(188) Pause Young (Allocation Failure) 2428M->2428M(2625M) 63.367ms
[15.709s][info][gc,cpu         ] GC(188) User=0.38s Sys=0.00s Real=0.06s
[15.760s][info][gc,start       ] GC(189) Pause Young (Allocation Failure)
[15.827s][info][gc,heap        ] GC(189) PSYoungGen: 125152K(179200K)->86240K(182784K) Eden: 43008K(43008K)->0K(46080K) From: 82144K(136192K)->86240K(136704K)
[15.827s][info][gc,heap        ] GC(189) ParOldGen: 2404498K(2508800K)->2443762K(2508800K)
[15.827s][info][gc,metaspace   ] GC(189) Metaspace: 6299K(6464K)->6299K(6464K) NonClass: 5765K(5824K)->5765K(5824K) Class: 533K(640K)->533K(640K)
[15.827s][info][gc             ] GC(189) Pause Young (Allocation Failure) 2470M->2470M(2628M) 66.706ms
[15.827s][info][gc,cpu         ] GC(189) User=0.34s Sys=0.08s Real=0.07s
[15.827s][info][gc,start       ] GC(190) Pause Full (Ergonomics)
[15.827s][info][gc,phases,start] GC(190) Marking Phase
[16.421s][info][gc,phases      ] GC(190) Marking Phase 593.267ms
[16.421s][info][gc,phases,start] GC(190) Summary Phase
[16.421s][info][gc,phases      ] GC(190) Summary Phase 0.041ms
[16.421s][info][gc,phases,start] GC(190) Adjust Roots
[16.421s][info][gc,phases      ] GC(190) Adjust Roots 0.179ms
[16.421s][info][gc,phases,start] GC(190) Compaction Phase
[16.639s][info][gc,phases      ] GC(190) Compaction Phase 218.108ms
[16.639s][info][gc,phases,start] GC(190) Post Compact
[16.644s][info][gc,phases      ] GC(190) Post Compact 4.860ms
[16.645s][info][gc,heap        ] GC(190) PSYoungGen: 86240K(182784K)->19529K(182784K) Eden: 0K(46080K)->0K(46080K) From: 86240K(136704K)->19529K(136704K)
[16.645s][info][gc,heap        ] GC(190) ParOldGen: 2443762K(2508800K)->2508607K(2769408K)
[16.645s][info][gc,metaspace   ] GC(190) Metaspace: 6299K(6464K)->6299K(6464K) NonClass: 5765K(5824K)->5765K(5824K) Class: 533K(640K)->533K(640K)
[16.645s][info][gc             ] GC(190) Pause Full (Ergonomics) 2470M->2468M(2883M) 817.703ms
[16.645s][info][gc,cpu         ] GC(190) User=5.91s Sys=0.03s Real=0.82s
[16.702s][info][gc,start       ] GC(191) Pause Young (Allocation Failure)
[16.842s][info][gc,heap        ] GC(191) PSYoungGen: 65609K(182784K)->53728K(99840K) Eden: 46080K(46080K)->0K(46080K) From: 19529K(136704K)->53728K(53760K)
[16.842s][info][gc,heap        ] GC(191) ParOldGen: 2508607K(2769408K)->2520871K(2769408K)
[16.842s][info][gc,metaspace   ] GC(191) Metaspace: 6299K(6464K)->6299K(6464K) NonClass: 5765K(5824K)->5765K(5824K) Class: 533K(640K)->533K(640K)
[16.842s][info][gc             ] GC(191) Pause Young (Allocation Failure) 2513M->2514M(2802M) 139.735ms
[16.842s][info][gc,cpu         ] GC(191) User=0.88s Sys=0.00s Real=0.14s
[16.901s][info][gc,start       ] GC(192) Pause Young (Allocation Failure)
[16.956s][info][gc,heap        ] GC(192) PSYoungGen: 99808K(99840K)->99840K(176128K) Eden: 46080K(46080K)->0K(43520K) From: 53728K(53760K)->99840K(132608K)
[16.956s][info][gc,heap        ] GC(192) ParOldGen: 2520871K(2769408K)->2520871K(2769408K)
[16.956s][info][gc,metaspace   ] GC(192) Metaspace: 6299K(6464K)->6299K(6464K) NonClass: 5765K(5824K)->5765K(5824K) Class: 533K(640K)->533K(640K)
[16.957s][info][gc             ] GC(192) Pause Young (Allocation Failure) 2559M->2559M(2876M) 56.046ms
[16.957s][info][gc,cpu         ] GC(192) User=0.38s Sys=0.02s Real=0.06s
[17.013s][info][gc,start       ] GC(193) Pause Young (Allocation Failure)
[17.088s][info][gc,heap        ] GC(193) PSYoungGen: 143360K(176128K)->139264K(182784K) Eden: 43520K(43520K)->0K(43520K) From: 99840K(132608K)->139264K(139264K)
[17.088s][info][gc,heap        ] GC(193) ParOldGen: 2520871K(2769408K)->2524959K(2769408K)
[17.088s][info][gc,metaspace   ] GC(193) Metaspace: 6299K(6464K)->6299K(6464K) NonClass: 5765K(5824K)->5765K(5824K) Class: 533K(640K)->533K(640K)
[17.088s][info][gc             ] GC(193) Pause Young (Allocation Failure) 2601M->2601M(2883M) 75.508ms
[17.088s][info][gc,cpu         ] GC(193) User=0.50s Sys=0.00s Real=0.08s
[17.146s][info][gc,start       ] GC(194) Pause Young (Allocation Failure)
[17.251s][info][gc,heap        ] GC(194) PSYoungGen: 182784K(182784K)->131648K(196096K) Eden: 43520K(43520K)->0K(35840K) From: 139264K(139264K)->131648K(160256K)
[17.251s][info][gc,heap        ] GC(194) ParOldGen: 2524959K(2769408K)->2576711K(2769408K)
[17.251s][info][gc,metaspace   ] GC(194) Metaspace: 6299K(6464K)->6299K(6464K) NonClass: 5765K(5824K)->5765K(5824K) Class: 533K(640K)->533K(640K)
[17.251s][info][gc             ] GC(194) Pause Young (Allocation Failure) 2644M->2644M(2896M) 105.394ms
[17.251s][info][gc,cpu         ] GC(194) User=0.62s Sys=0.11s Real=0.11s
[17.293s][info][gc,start       ] GC(195) Pause Young (Allocation Failure)
[17.386s][info][gc,heap        ] GC(195) PSYoungGen: 167488K(196096K)->122496K(208384K) Eden: 35840K(35840K)->0K(35840K) From: 131648K(160256K)->122496K(172544K)
[17.386s][info][gc,heap        ] GC(195) ParOldGen: 2576711K(2769408K)->2622079K(2769408K)
[17.386s][info][gc,metaspace   ] GC(195) Metaspace: 6299K(6464K)->6299K(6464K) NonClass: 5765K(5824K)->5765K(5824K) Class: 533K(640K)->533K(640K)
[17.386s][info][gc             ] GC(195) Pause Young (Allocation Failure) 2679M->2680M(2908M) 93.166ms
[17.386s][info][gc,cpu         ] GC(195) User=0.62s Sys=0.00s Real=0.09s
[17.429s][info][gc,start       ] GC(196) Pause Young (Allocation Failure)
[17.519s][info][gc,heap        ] GC(196) PSYoungGen: 158336K(208384K)->115456K(216576K) Eden: 35840K(35840K)->0K(37888K) From: 122496K(172544K)->115456K(178688K)
[17.519s][info][gc,heap        ] GC(196) ParOldGen: 2622079K(2769408K)->2665295K(2769408K)
[17.519s][info][gc,metaspace   ] GC(196) Metaspace: 6299K(6464K)->6299K(6464K) NonClass: 5765K(5824K)->5765K(5824K) Class: 533K(640K)->533K(640K)
[17.519s][info][gc             ] GC(196) Pause Young (Allocation Failure) 2715M->2715M(2916M) 90.220ms
[17.519s][info][gc,cpu         ] GC(196) User=0.64s Sys=0.00s Real=0.09s
[17.564s][info][gc,start       ] GC(197) Pause Young (Allocation Failure)
[17.649s][info][gc,heap        ] GC(197) PSYoungGen: 153344K(216576K)->109824K(218624K) Eden: 37888K(37888K)->0K(37888K) From: 115456K(178688K)->109824K(180736K)
[17.649s][info][gc,heap        ] GC(197) ParOldGen: 2665295K(2769408K)->2709223K(2769408K)
[17.649s][info][gc,metaspace   ] GC(197) Metaspace: 6299K(6464K)->6299K(6464K) NonClass: 5765K(5824K)->5765K(5824K) Class: 533K(640K)->533K(640K)
[17.649s][info][gc             ] GC(197) Pause Young (Allocation Failure) 2752M->2752M(2918M) 85.561ms
[17.649s][info][gc,cpu         ] GC(197) User=0.50s Sys=0.02s Real=0.09s
[17.649s][info][gc,start       ] GC(198) Pause Full (Ergonomics)
[17.649s][info][gc,phases,start] GC(198) Marking Phase
[18.304s][info][gc,phases      ] GC(198) Marking Phase 654.633ms
[18.304s][info][gc,phases,start] GC(198) Summary Phase
[18.304s][info][gc,phases      ] GC(198) Summary Phase 0.047ms
[18.304s][info][gc,phases,start] GC(198) Adjust Roots
[18.304s][info][gc,phases      ] GC(198) Adjust Roots 0.191ms
[18.304s][info][gc,phases,start] GC(198) Compaction Phase
[18.537s][info][gc,phases      ] GC(198) Compaction Phase 233.102ms
[18.537s][info][gc,phases,start] GC(198) Post Compact
[18.543s][info][gc,phases      ] GC(198) Post Compact 5.675ms
[18.544s][info][gc,heap        ] GC(198) PSYoungGen: 109824K(218624K)->47639K(218624K) Eden: 0K(37888K)->0K(37888K) From: 109824K(180736K)->47639K(180736K)
[18.544s][info][gc,heap        ] GC(198) ParOldGen: 2709223K(2769408K)->2769049K(3056128K)
[18.544s][info][gc,metaspace   ] GC(198) Metaspace: 6299K(6464K)->6299K(6464K) NonClass: 5765K(5824K)->5765K(5824K) Class: 533K(640K)->533K(640K)
[18.544s][info][gc             ] GC(198) Pause Full (Ergonomics) 2752M->2750M(3198M) 895.136ms
[18.544s][info][gc,cpu         ] GC(198) User=6.72s Sys=0.08s Real=0.89s
[19.131s][info][gc,start       ] GC(199) Pause Young (Allocation Failure)
[19.288s][info][gc,heap        ] GC(199) PSYoungGen: 85527K(218624K)->53088K(215552K) Eden: 37888K(37888K)->0K(41984K) From: 47639K(180736K)->53088K(173568K)
[19.288s][info][gc,heap        ] GC(199) ParOldGen: 2900121K(3056128K)->2933081K(3056128K)
[19.288s][info][gc,metaspace   ] GC(199) Metaspace: 6299K(6464K)->6299K(6464K) NonClass: 5765K(5824K)->5765K(5824K) Class: 533K(640K)->533K(640K)
[19.288s][info][gc             ] GC(199) Pause Young (Allocation Failure) 2915M->2916M(3195M) 156.965ms
[19.288s][info][gc,cpu         ] GC(199) User=0.88s Sys=0.00s Real=0.16s
[19.335s][info][gc,start       ] GC(200) Pause Young (Allocation Failure)
[19.394s][info][gc,heap        ] GC(200) PSYoungGen: 95072K(215552K)->80128K(122368K) Eden: 41984K(41984K)->0K(41984K) From: 53088K(173568K)->80128K(80384K)
[19.394s][info][gc,heap        ] GC(200) ParOldGen: 2933081K(3056128K)->2948273K(3056128K)
[19.394s][info][gc,metaspace   ] GC(200) Metaspace: 6299K(6464K)->6299K(6464K) NonClass: 5765K(5824K)->5765K(5824K) Class: 533K(640K)->533K(640K)
[19.394s][info][gc             ] GC(200) Pause Young (Allocation Failure) 2957M->2957M(3104M) 59.030ms
[19.394s][info][gc,cpu         ] GC(200) User=0.23s Sys=0.00s Real=0.06s
[19.442s][info][gc,start       ] GC(201) Pause Young (Allocation Failure)
[19.514s][info][gc,heap        ] GC(201) PSYoungGen: 122112K(122368K)->84192K(199168K) Eden: 41984K(41984K)->0K(46592K) From: 80128K(80384K)->84192K(152576K)
[19.514s][info][gc,heap        ] GC(201) ParOldGen: 2948273K(3056128K)->2986513K(3056128K)
[19.514s][info][gc,metaspace   ] GC(201) Metaspace: 6299K(6464K)->6299K(6464K) NonClass: 5765K(5824K)->5765K(5824K) Class: 533K(640K)->533K(640K)
[19.514s][info][gc             ] GC(201) Pause Young (Allocation Failure) 2998M->2998M(3179M) 71.523ms
[19.514s][info][gc,cpu         ] GC(201) User=0.25s Sys=0.02s Real=0.07s
[19.514s][info][gc,start       ] GC(202) Pause Full (Ergonomics)
[19.514s][info][gc,phases,start] GC(202) Marking Phase
[20.207s][info][gc,phases      ] GC(202) Marking Phase 693.263ms
[20.207s][info][gc,phases,start] GC(202) Summary Phase
[20.207s][info][gc,phases      ] GC(202) Summary Phase 0.077ms
[20.207s][info][gc,phases,start] GC(202) Adjust Roots
[20.208s][info][gc,phases      ] GC(202) Adjust Roots 0.172ms
[20.208s][info][gc,phases,start] GC(202) Compaction Phase
[20.665s][info][gc,phases      ] GC(202) Compaction Phase 456.900ms
[20.665s][info][gc,phases,start] GC(202) Post Compact
[20.671s][info][gc,phases      ] GC(202) Post Compact 6.279ms
[20.672s][info][gc,heap        ] GC(202) PSYoungGen: 84192K(199168K)->0K(207360K) Eden: 0K(46592K)->0K(46592K) From: 84192K(152576K)->0K(160768K)
[20.672s][info][gc,heap        ] GC(202) ParOldGen: 2986513K(3056128K)->3003985K(3307008K)
[20.672s][info][gc,metaspace   ] GC(202) Metaspace: 6299K(6464K)->6299K(6464K) NonClass: 5765K(5824K)->5765K(5824K) Class: 533K(640K)->533K(640K)
[20.672s][info][gc             ] GC(202) Pause Full (Ergonomics) 2998M->2933M(3432M) 1157.909ms
[20.672s][info][gc,cpu         ] GC(202) User=8.20s Sys=0.06s Real=1.16s
[20.719s][info][gc,start       ] GC(203) Pause Young (Allocation Failure)
[20.764s][info][gc,heap        ] GC(203) PSYoungGen: 46592K(207360K)->46816K(210432K) Eden: 46592K(46592K)->0K(51200K) From: 0K(160768K)->46816K(159232K)
[20.764s][info][gc,heap        ] GC(203) ParOldGen: 3003985K(3307008K)->3003985K(3307008K)
[20.764s][info][gc,metaspace   ] GC(203) Metaspace: 6299K(6464K)->6299K(6464K) NonClass: 5765K(5824K)->5765K(5824K) Class: 533K(640K)->533K(640K)
[20.764s][info][gc             ] GC(203) Pause Young (Allocation Failure) 2979M->2979M(3435M) 44.526ms
[20.764s][info][gc,cpu         ] GC(203) User=0.06s Sys=0.00s Real=0.04s
[20.813s][info][gc,start       ] GC(204) Pause Young (Allocation Failure)
[20.872s][info][gc,heap        ] GC(204) PSYoungGen: 98016K(210432K)->98112K(211456K) Eden: 51200K(51200K)->0K(51200K) From: 46816K(159232K)->98112K(160256K)
[20.872s][info][gc,heap        ] GC(204) ParOldGen: 3003985K(3307008K)->3003985K(3307008K)
[20.872s][info][gc,metaspace   ] GC(204) Metaspace: 6299K(6464K)->6299K(6464K) NonClass: 5765K(5824K)->5765K(5824K) Class: 533K(640K)->533K(640K)
[20.872s][info][gc             ] GC(204) Pause Young (Allocation Failure) 3029M->3029M(3436M) 58.840ms
[20.872s][info][gc,cpu         ] GC(204) User=0.19s Sys=0.00s Real=0.06s
[20.922s][info][gc,start       ] GC(205) Pause Young (Allocation Failure)
[20.996s][info][gc,heap        ] GC(205) PSYoungGen: 149312K(211456K)->149376K(197632K) Eden: 51200K(51200K)->0K(39424K) From: 98112K(160256K)->149376K(158208K)
[20.996s][info][gc,heap        ] GC(205) ParOldGen: 3003985K(3307008K)->3003985K(3307008K)
[20.996s][info][gc,metaspace   ] GC(205) Metaspace: 6299K(6464K)->6299K(6464K) NonClass: 5765K(5824K)->5765K(5824K) Class: 533K(640K)->533K(640K)
[20.996s][info][gc             ] GC(205) Pause Young (Allocation Failure) 3079M->3079M(3422M) 74.235ms
[20.996s][info][gc,cpu         ] GC(205) User=0.20s Sys=0.00s Real=0.07s
[21.043s][info][gc,start       ] GC(206) Pause Young (Allocation Failure)
[21.129s][info][gc,heap        ] GC(206) PSYoungGen: 188800K(197632K)->175104K(214528K) Eden: 39424K(39424K)->0K(39424K) From: 149376K(158208K)->175104K(175104K)
[21.129s][info][gc,heap        ] GC(206) ParOldGen: 3003985K(3307008K)->3017721K(3307008K)
[21.129s][info][gc,metaspace   ] GC(206) Metaspace: 6299K(6464K)->6299K(6464K) NonClass: 5765K(5824K)->5765K(5824K) Class: 533K(640K)->533K(640K)
[21.129s][info][gc             ] GC(206) Pause Young (Allocation Failure) 3117M->3117M(3439M) 86.537ms
[21.129s][info][gc,cpu         ] GC(206) User=0.33s Sys=0.00s Real=0.09s
[21.172s][info][gc,start       ] GC(207) Pause Young (Allocation Failure)
[21.269s][info][gc,heap        ] GC(207) PSYoungGen: 214528K(214528K)->177408K(228864K) Eden: 39424K(39424K)->0K(25600K) From: 175104K(175104K)->177408K(203264K)
[21.269s][info][gc,heap        ] GC(207) ParOldGen: 3017721K(3307008K)->3055297K(3307008K)
[21.269s][info][gc,metaspace   ] GC(207) Metaspace: 6299K(6464K)->6299K(6464K) NonClass: 5765K(5824K)->5765K(5824K) Class: 533K(640K)->533K(640K)
[21.269s][info][gc             ] GC(207) Pause Young (Allocation Failure) 3156M->3156M(3453M) 97.874ms
[21.269s][info][gc,cpu         ] GC(207) User=0.64s Sys=0.03s Real=0.10s
[21.295s][info][gc,start       ] GC(208) Pause Young (Allocation Failure)
[21.387s][info][gc,heap        ] GC(208) PSYoungGen: 203008K(228864K)->151744K(247296K) Eden: 25600K(25600K)->0K(25600K) From: 177408K(203264K)->151744K(221696K)
[21.387s][info][gc,heap        ] GC(208) ParOldGen: 3055297K(3307008K)->3106969K(3307008K)
[21.387s][info][gc,metaspace   ] GC(208) Metaspace: 6299K(6464K)->6299K(6464K) NonClass: 5765K(5824K)->5765K(5824K) Class: 533K(640K)->533K(640K)
[21.387s][info][gc             ] GC(208) Pause Young (Allocation Failure) 3181M->3182M(3471M) 92.748ms
[21.387s][info][gc,cpu         ] GC(208) User=0.53s Sys=0.09s Real=0.09s
[21.412s][info][gc,start       ] GC(209) Pause Young (Allocation Failure)
[21.497s][info][gc,heap        ] GC(209) PSYoungGen: 177344K(247296K)->90880K(239616K) Eden: 25600K(25600K)->0K(29184K) From: 151744K(221696K)->90880K(210432K)
[21.497s][info][gc,heap        ] GC(209) ParOldGen: 3106969K(3307008K)->3194105K(3307008K)
[21.497s][info][gc,metaspace   ] GC(209) Metaspace: 6299K(6464K)->6299K(6464K) NonClass: 5765K(5824K)->5765K(5824K) Class: 533K(640K)->533K(640K)
[21.497s][info][gc             ] GC(209) Pause Young (Allocation Failure) 3207M->3207M(3463M) 84.423ms
[21.497s][info][gc,cpu         ] GC(209) User=0.55s Sys=0.08s Real=0.08s
[21.525s][info][gc,start       ] GC(210) Pause Young (Allocation Failure)
[21.591s][info][gc,heap        ] GC(210) PSYoungGen: 120064K(239616K)->54944K(247808K) Eden: 29184K(29184K)->0K(29184K) From: 90880K(210432K)->54944K(218624K)
[21.591s][info][gc,heap        ] GC(210) ParOldGen: 3194105K(3307008K)->3259689K(3307008K)
[21.591s][info][gc,metaspace   ] GC(210) Metaspace: 6299K(6464K)->6299K(6464K) NonClass: 5765K(5824K)->5765K(5824K) Class: 533K(640K)->533K(640K)
[21.591s][info][gc             ] GC(210) Pause Young (Allocation Failure) 3236M->3236M(3471M) 65.583ms
[21.591s][info][gc,cpu         ] GC(210) User=0.19s Sys=0.00s Real=0.06s
[21.591s][info][gc,start       ] GC(211) Pause Full (Ergonomics)
[21.591s][info][gc,phases,start] GC(211) Marking Phase
[22.367s][info][gc,phases      ] GC(211) Marking Phase 775.928ms
[22.367s][info][gc,phases,start] GC(211) Summary Phase
[22.367s][info][gc,phases      ] GC(211) Summary Phase 0.068ms
[22.367s][info][gc,phases,start] GC(211) Adjust Roots
[22.367s][info][gc,phases      ] GC(211) Adjust Roots 0.282ms
[22.367s][info][gc,phases,start] GC(211) Compaction Phase
[23.052s][info][gc,phases      ] GC(211) Compaction Phase 684.300ms
[23.052s][info][gc,phases,start] GC(211) Post Compact
[23.058s][info][gc,phases      ] GC(211) Post Compact 6.602ms
[23.060s][info][gc,heap        ] GC(211) PSYoungGen: 54944K(247808K)->5171K(247808K) Eden: 0K(29184K)->0K(29184K) From: 54944K(218624K)->5171K(218624K)
[23.060s][info][gc,heap        ] GC(211) ParOldGen: 3259689K(3307008K)->3306788K(3659264K)
[23.060s][info][gc,metaspace   ] GC(211) Metaspace: 6299K(6464K)->6299K(6464K) NonClass: 5765K(5824K)->5765K(5824K) Class: 533K(640K)->533K(640K)
[23.060s][info][gc             ] GC(211) Pause Full (Ergonomics) 3236M->3234M(3815M) 1468.650ms
[23.060s][info][gc,cpu         ] GC(211) User=10.30s Sys=0.05s Real=1.47s
[23.094s][info][gc,start       ] GC(212) Pause Young (Allocation Failure)
[23.258s][info][gc,heap        ] GC(212) PSYoungGen: 34355K(247808K)->29312K(248832K) Eden: 29184K(29184K)->0K(31744K) From: 5171K(218624K)->29312K(217088K)
[23.258s][info][gc,heap        ] GC(212) ParOldGen: 3306788K(3659264K)->3312052K(3659264K)
[23.258s][info][gc,metaspace   ] GC(212) Metaspace: 6299K(6464K)->6299K(6464K) NonClass: 5765K(5824K)->5765K(5824K) Class: 533K(640K)->533K(640K)
[23.258s][info][gc             ] GC(212) Pause Young (Allocation Failure) 3262M->3263M(3816M) 163.709ms
[23.258s][info][gc,cpu         ] GC(212) User=1.03s Sys=0.00s Real=0.16s
[23.293s][info][gc,start       ] GC(213) Pause Young (Allocation Failure)
[23.350s][info][gc,heap        ] GC(213) PSYoungGen: 61056K(248832K)->31904K(250368K) Eden: 31744K(31744K)->0K(31744K) From: 29312K(217088K)->31904K(218624K)
[23.350s][info][gc,heap        ] GC(213) ParOldGen: 3312052K(3659264K)->3341516K(3659264K)
[23.350s][info][gc,metaspace   ] GC(213) Metaspace: 6299K(6464K)->6299K(6464K) NonClass: 5765K(5824K)->5765K(5824K) Class: 533K(640K)->533K(640K)
[23.350s][info][gc             ] GC(213) Pause Young (Allocation Failure) 3294M->3294M(3818M) 56.297ms
[23.350s][info][gc,cpu         ] GC(213) User=0.14s Sys=0.02s Real=0.06s
[23.386s][info][gc,start       ] GC(214) Pause Young (Allocation Failure)
[23.442s][info][gc,heap        ] GC(214) PSYoungGen: 63648K(250368K)->31872K(248320K) Eden: 31744K(31744K)->0K(35840K) From: 31904K(218624K)->31872K(212480K)
[23.442s][info][gc,heap        ] GC(214) ParOldGen: 3341516K(3659264K)->3373548K(3659264K)
[23.442s][info][gc,metaspace   ] GC(214) Metaspace: 6299K(6464K)->6299K(6464K) NonClass: 5765K(5824K)->5765K(5824K) Class: 533K(640K)->533K(640K)
[23.442s][info][gc             ] GC(214) Pause Young (Allocation Failure) 3325M->3325M(3816M) 56.873ms
[23.442s][info][gc,cpu         ] GC(214) User=0.19s Sys=0.02s Real=0.06s
[23.479s][info][gc,start       ] GC(215) Pause Young (Allocation Failure)
[23.531s][info][gc,heap        ] GC(215) PSYoungGen: 67712K(248320K)->36032K(72192K) Eden: 35840K(35840K)->0K(35840K) From: 31872K(212480K)->36032K(36352K)
[23.531s][info][gc,heap        ] GC(215) ParOldGen: 3373548K(3659264K)->3405588K(3659264K)
[23.531s][info][gc,metaspace   ] GC(215) Metaspace: 6299K(6464K)->6299K(6464K) NonClass: 5765K(5824K)->5765K(5824K) Class: 533K(640K)->533K(640K)
[23.531s][info][gc             ] GC(215) Pause Young (Allocation Failure) 3360M->3360M(3644M) 51.902ms
[23.531s][info][gc,cpu         ] GC(215) User=0.16s Sys=0.02s Real=0.05s
[23.569s][info][gc,start       ] GC(216) Pause Young (Allocation Failure)
[23.623s][info][gc,heap        ] GC(216) PSYoungGen: 71872K(72192K)->36000K(239104K) Eden: 35840K(35840K)->0K(39936K) From: 36032K(36352K)->36000K(199168K)
[23.623s][info][gc,heap        ] GC(216) ParOldGen: 3405588K(3659264K)->3441748K(3659264K)
[23.623s][info][gc,metaspace   ] GC(216) Metaspace: 6299K(6464K)->6299K(6464K) NonClass: 5765K(5824K)->5765K(5824K) Class: 533K(640K)->533K(640K)
[23.623s][info][gc             ] GC(216) Pause Young (Allocation Failure) 3395M->3396M(3807M) 54.137ms
[23.623s][info][gc,cpu         ] GC(216) User=0.16s Sys=0.00s Real=0.05s
[23.663s][info][gc,start       ] GC(217) Pause Young (Allocation Failure)
[23.723s][info][gc,heap        ] GC(217) PSYoungGen: 75936K(239104K)->40096K(80384K) Eden: 39936K(39936K)->0K(39936K) From: 36000K(199168K)->40096K(40448K)
[23.724s][info][gc,heap        ] GC(217) ParOldGen: 3441748K(3659264K)->3477908K(3659264K)
[23.724s][info][gc,metaspace   ] GC(217) Metaspace: 6299K(6464K)->6299K(6464K) NonClass: 5765K(5824K)->5765K(5824K) Class: 533K(640K)->533K(640K)
[23.724s][info][gc             ] GC(217) Pause Young (Allocation Failure) 3435M->3435M(3652M) 60.473ms
[23.724s][info][gc,cpu         ] GC(217) User=0.27s Sys=0.02s Real=0.06s
[23.766s][info][gc,start       ] GC(218) Pause Young (Allocation Failure)
[23.824s][info][gc,heap        ] GC(218) PSYoungGen: 80032K(80384K)->40128K(228352K) Eden: 39936K(39936K)->0K(45056K) From: 40096K(40448K)->40128K(183296K)
[23.824s][info][gc,heap        ] GC(218) ParOldGen: 3477908K(3659264K)->3518212K(3659264K)
[23.824s][info][gc,metaspace   ] GC(218) Metaspace: 6299K(6464K)->6299K(6464K) NonClass: 5765K(5824K)->5765K(5824K) Class: 533K(640K)->533K(640K)
[23.824s][info][gc             ] GC(218) Pause Young (Allocation Failure) 3474M->3474M(3796M) 57.359ms
[23.824s][info][gc,cpu         ] GC(218) User=0.16s Sys=0.05s Real=0.06s
[23.871s][info][gc,start       ] GC(219) Pause Young (Allocation Failure)
[23.931s][info][gc,heap        ] GC(219) PSYoungGen: 85184K(228352K)->45248K(90624K) Eden: 45056K(45056K)->0K(45056K) From: 40128K(183296K)->45248K(45568K)
[23.931s][info][gc,heap        ] GC(219) ParOldGen: 3518212K(3659264K)->3558500K(3659264K)
[23.931s][info][gc,metaspace   ] GC(219) Metaspace: 6299K(6464K)->6299K(6464K) NonClass: 5765K(5824K)->5765K(5824K) Class: 533K(640K)->533K(640K)
[23.931s][info][gc             ] GC(219) Pause Young (Allocation Failure) 3518M->3519M(3662M) 59.986ms
[23.931s][info][gc,cpu         ] GC(219) User=0.27s Sys=0.00s Real=0.06s
[23.984s][info][gc,start       ] GC(220) Pause Young (Allocation Failure)
[24.047s][info][gc,heap        ] GC(220) PSYoungGen: 90304K(90624K)->45216K(217600K) Eden: 45056K(45056K)->0K(50688K) From: 45248K(45568K)->45216K(166912K)
[24.047s][info][gc,heap        ] GC(220) ParOldGen: 3558500K(3659264K)->3603972K(3659264K)
[24.047s][info][gc,metaspace   ] GC(220) Metaspace: 6299K(6464K)->6299K(6464K) NonClass: 5765K(5824K)->5765K(5824K) Class: 533K(640K)->533K(640K)
[24.047s][info][gc             ] GC(220) Pause Young (Allocation Failure) 3563M->3563M(3786M) 63.293ms
[24.047s][info][gc,cpu         ] GC(220) User=0.23s Sys=0.02s Real=0.06s
[24.047s][info][gc,start       ] GC(221) Pause Full (Ergonomics)
[24.047s][info][gc,phases,start] GC(221) Marking Phase
[24.863s][info][gc,phases      ] GC(221) Marking Phase 815.672ms
[24.863s][info][gc,phases,start] GC(221) Summary Phase
[24.863s][info][gc,phases      ] GC(221) Summary Phase 0.070ms
[24.863s][info][gc,phases,start] GC(221) Adjust Roots
[24.863s][info][gc,phases      ] GC(221) Adjust Roots 0.174ms
[24.863s][info][gc,phases,start] GC(221) Compaction Phase
[25.214s][info][gc,phases      ] GC(221) Compaction Phase 350.270ms
[25.214s][info][gc,phases,start] GC(221) Post Compact
[25.220s][info][gc,phases      ] GC(221) Post Compact 6.753ms
[25.222s][info][gc,heap        ] GC(221) PSYoungGen: 45216K(217600K)->0K(225280K) Eden: 0K(50688K)->0K(50688K) From: 45216K(166912K)->0K(174592K)
[25.222s][info][gc,heap        ] GC(221) ParOldGen: 3603972K(3659264K)->3646015K(4002816K)
[25.222s][info][gc,metaspace   ] GC(221) Metaspace: 6299K(6464K)->6299K(6464K) NonClass: 5765K(5824K)->5765K(5824K) Class: 533K(640K)->533K(640K)
[25.222s][info][gc             ] GC(221) Pause Full (Ergonomics) 3563M->3560M(4129M) 1174.494ms
[25.222s][info][gc,cpu         ] GC(221) User=8.47s Sys=0.03s Real=1.18s
[25.285s][info][gc,start       ] GC(222) Pause Young (Allocation Failure)
[25.331s][info][gc,heap        ] GC(222) PSYoungGen: 50688K(225280K)->50912K(209920K) Eden: 50688K(50688K)->0K(55296K) From: 0K(174592K)->50912K(154624K)
[25.331s][info][gc,heap        ] GC(222) ParOldGen: 3646015K(4002816K)->3646015K(4002816K)
[25.331s][info][gc,metaspace   ] GC(222) Metaspace: 6299K(6464K)->6299K(6464K) NonClass: 5765K(5824K)->5765K(5824K) Class: 533K(640K)->533K(640K)
[25.331s][info][gc             ] GC(222) Pause Young (Allocation Failure) 3610M->3610M(4114M) 46.102ms
[25.331s][info][gc,cpu         ] GC(222) User=0.09s Sys=0.00s Real=0.05s
[25.384s][info][gc,start       ] GC(223) Pause Young (Allocation Failure)
[25.448s][info][gc,heap        ] GC(223) PSYoungGen: 106208K(209920K)->106240K(220672K) Eden: 55296K(55296K)->0K(55296K) From: 50912K(154624K)->106240K(165376K)
[25.448s][info][gc,heap        ] GC(223) ParOldGen: 3646015K(4002816K)->3646015K(4002816K)
[25.448s][info][gc,metaspace   ] GC(223) Metaspace: 6299K(6464K)->6299K(6464K) NonClass: 5765K(5824K)->5765K(5824K) Class: 533K(640K)->533K(640K)
[25.448s][info][gc             ] GC(223) Pause Young (Allocation Failure) 3664M->3664M(4124M) 64.106ms
[25.448s][info][gc,cpu         ] GC(223) User=0.30s Sys=0.00s Real=0.06s
[25.505s][info][gc,start       ] GC(224) Pause Young (Allocation Failure)
[25.584s][info][gc,heap        ] GC(224) PSYoungGen: 161536K(220672K)->161696K(207872K) Eden: 55296K(55296K)->0K(36352K) From: 106240K(165376K)->161696K(171520K)
[25.584s][info][gc,heap        ] GC(224) ParOldGen: 3646015K(4002816K)->3646015K(4002816K)
[25.584s][info][gc,metaspace   ] GC(224) Metaspace: 6299K(6464K)->6299K(6464K) NonClass: 5765K(5824K)->5765K(5824K) Class: 533K(640K)->533K(640K)
[25.584s][info][gc             ] GC(224) Pause Young (Allocation Failure) 3718M->3718M(4112M) 78.730ms
[25.584s][info][gc,cpu         ] GC(224) User=0.33s Sys=0.00s Real=0.08s
[25.621s][info][gc,start       ] GC(225) Pause Young (Allocation Failure)
[25.710s][info][gc,heap        ] GC(225) PSYoungGen: 198048K(207872K)->196096K(232448K) Eden: 36352K(36352K)->0K(36352K) From: 161696K(171520K)->196096K(196096K)
[25.710s][info][gc,heap        ] GC(225) ParOldGen: 3646015K(4002816K)->3647911K(4002816K)
[25.710s][info][gc,metaspace   ] GC(225) Metaspace: 6299K(6464K)->6299K(6464K) NonClass: 5765K(5824K)->5765K(5824K) Class: 533K(640K)->533K(640K)
[25.710s][info][gc             ] GC(225) Pause Young (Allocation Failure) 3753M->3753M(4136M) 89.370ms
[25.710s][info][gc,cpu         ] GC(225) User=0.75s Sys=0.00s Real=0.09s
[25.752s][info][gc,start       ] GC(226) Pause Young (Allocation Failure)
[25.865s][info][gc,heap        ] GC(226) PSYoungGen: 232448K(232448K)->127360K(269312K) Eden: 36352K(36352K)->0K(40448K) From: 196096K(196096K)->127360K(228864K)
[25.865s][info][gc,heap        ] GC(226) ParOldGen: 3647911K(4002816K)->3753959K(4002816K)
[25.865s][info][gc,metaspace   ] GC(226) Metaspace: 6299K(6464K)->6299K(6464K) NonClass: 5765K(5824K)->5765K(5824K) Class: 533K(640K)->533K(640K)
[25.866s][info][gc             ] GC(226) Pause Young (Allocation Failure) 3789M->3790M(4172M) 113.578ms
[25.866s][info][gc,cpu         ] GC(226) User=0.73s Sys=0.05s Real=0.11s
[25.912s][info][gc,start       ] GC(227) Pause Young (Allocation Failure)
[25.997s][info][gc,heap        ] GC(227) PSYoungGen: 167808K(269312K)->113248K(154112K) Eden: 40448K(40448K)->0K(40448K) From: 127360K(228864K)->113248K(113664K)
[25.997s][info][gc,heap        ] GC(227) ParOldGen: 3753959K(4002816K)->3809007K(4002816K)
[25.997s][info][gc,metaspace   ] GC(227) Metaspace: 6299K(6464K)->6299K(6464K) NonClass: 5765K(5824K)->5765K(5824K) Class: 533K(640K)->533K(640K)
[25.997s][info][gc             ] GC(227) Pause Young (Allocation Failure) 3829M->3830M(4059M) 84.915ms
[25.997s][info][gc,cpu         ] GC(227) User=0.58s Sys=0.00s Real=0.09s
[26.037s][info][gc,start       ] GC(228) Pause Young (Allocation Failure)
[26.121s][info][gc,heap        ] GC(228) PSYoungGen: 153696K(154112K)->81152K(247296K) Eden: 40448K(40448K)->0K(45568K) From: 113248K(113664K)->81152K(201728K)
[26.121s][info][gc,heap        ] GC(228) ParOldGen: 3809007K(4002816K)->3882111K(4002816K)
[26.121s][info][gc,metaspace   ] GC(228) Metaspace: 6299K(6464K)->6299K(6464K) NonClass: 5765K(5824K)->5765K(5824K) Class: 533K(640K)->533K(640K)
[26.121s][info][gc             ] GC(228) Pause Young (Allocation Failure) 3869M->3870M(4150M) 84.505ms
[26.121s][info][gc,cpu         ] GC(228) User=0.31s Sys=0.03s Real=0.09s
[26.167s][info][gc,start       ] GC(229) Pause Young (Allocation Failure)
[26.236s][info][gc,heap        ] GC(229) PSYoungGen: 126720K(247296K)->45760K(258048K) Eden: 45568K(45568K)->0K(45568K) From: 81152K(201728K)->45760K(212480K)
[26.236s][info][gc,heap        ] GC(229) ParOldGen: 3882111K(4002816K)->3963703K(4002816K)
[26.236s][info][gc,metaspace   ] GC(229) Metaspace: 6299K(6464K)->6299K(6464K) NonClass: 5765K(5824K)->5765K(5824K) Class: 533K(640K)->533K(640K)
[26.236s][info][gc             ] GC(229) Pause Young (Allocation Failure) 3914M->3915M(4161M) 68.775ms
[26.236s][info][gc,cpu         ] GC(229) User=0.30s Sys=0.09s Real=0.07s
[26.236s][info][gc,start       ] GC(230) Pause Full (Ergonomics)
[26.236s][info][gc,phases,start] GC(230) Marking Phase
[27.147s][info][gc,phases      ] GC(230) Marking Phase 910.745ms
[27.147s][info][gc,phases,start] GC(230) Summary Phase
[27.147s][info][gc,phases      ] GC(230) Summary Phase 0.049ms
[27.147s][info][gc,phases,start] GC(230) Adjust Roots
[27.147s][info][gc,phases      ] GC(230) Adjust Roots 0.165ms
[27.147s][info][gc,phases,start] GC(230) Compaction Phase
[27.531s][info][gc,phases      ] GC(230) Compaction Phase 383.899ms
[27.531s][info][gc,phases,start] GC(230) Post Compact
[27.539s][info][gc,phases      ] GC(230) Post Compact 7.294ms
[27.540s][info][gc,heap        ] GC(230) PSYoungGen: 45760K(258048K)->3650K(258048K) Eden: 0K(45568K)->0K(45568K) From: 45760K(212480K)->3650K(212480K)
[27.540s][info][gc,heap        ] GC(230) ParOldGen: 3963703K(4002816K)->4002568K(4430848K)
[27.540s][info][gc,metaspace   ] GC(230) Metaspace: 6299K(6464K)->6299K(6464K) NonClass: 5765K(5824K)->5765K(5824K) Class: 533K(640K)->533K(640K)
[27.540s][info][gc             ] GC(230) Pause Full (Ergonomics) 3915M->3912M(4579M) 1303.853ms
[27.540s][info][gc,cpu         ] GC(230) User=9.47s Sys=0.06s Real=1.30s
[27.593s][info][gc,start       ] GC(231) Pause Young (Allocation Failure)
[27.789s][info][gc,heap        ] GC(231) PSYoungGen: 49218K(258048K)->45760K(248320K) Eden: 45568K(45568K)->0K(50176K) From: 3650K(212480K)->45760K(198144K)
[27.789s][info][gc,heap        ] GC(231) ParOldGen: 4002568K(4430848K)->4006296K(4430848K)
[27.789s][info][gc,metaspace   ] GC(231) Metaspace: 6299K(6464K)->6299K(6464K) NonClass: 5765K(5824K)->5765K(5824K) Class: 533K(640K)->533K(640K)
[27.789s][info][gc             ] GC(231) Pause Young (Allocation Failure) 3956M->3957M(4569M) 195.816ms
[27.789s][info][gc,cpu         ] GC(231) User=1.30s Sys=0.00s Real=0.20s
[27.849s][info][gc,start       ] GC(232) Pause Young (Allocation Failure)
[27.914s][info][gc,heap        ] GC(232) PSYoungGen: 95936K(248320K)->96000K(146432K) Eden: 50176K(50176K)->0K(50176K) From: 45760K(198144K)->96000K(96256K)
[27.914s][info][gc,heap        ] GC(232) ParOldGen: 4006296K(4430848K)->4006296K(4430848K)
[27.914s][info][gc,metaspace   ] GC(232) Metaspace: 6299K(6464K)->6299K(6464K) NonClass: 5765K(5824K)->5765K(5824K) Class: 533K(640K)->533K(640K)
[27.914s][info][gc             ] GC(232) Pause Young (Allocation Failure) 4006M->4006M(4470M) 65.552ms
[27.914s][info][gc,cpu         ] GC(232) User=0.30s Sys=0.00s Real=0.07s
[27.972s][info][gc,start       ] GC(233) Pause Young (Allocation Failure)
[28.052s][info][gc,heap        ] GC(233) PSYoungGen: 146176K(146432K)->146272K(240640K) Eden: 50176K(50176K)->0K(44032K) From: 96000K(96256K)->146272K(196608K)
[28.052s][info][gc,heap        ] GC(233) ParOldGen: 4006296K(4430848K)->4006296K(4430848K)
[28.052s][info][gc,metaspace   ] GC(233) Metaspace: 6299K(6464K)->6299K(6464K) NonClass: 5765K(5824K)->5765K(5824K) Class: 533K(640K)->533K(640K)
[28.052s][info][gc             ] GC(233) Pause Young (Allocation Failure) 4055M->4055M(4562M) 80.720ms
[28.052s][info][gc,cpu         ] GC(233) User=0.41s Sys=0.00s Real=0.08s
[28.097s][info][gc,start       ] GC(234) Pause Young (Allocation Failure)
[28.193s][info][gc,heap        ] GC(234) PSYoungGen: 190304K(240640K)->144736K(251904K) Eden: 44032K(44032K)->0K(44032K) From: 146272K(196608K)->144736K(207872K)
[28.193s][info][gc,heap        ] GC(234) ParOldGen: 4006296K(4430848K)->4052280K(4430848K)
[28.193s][info][gc,metaspace   ] GC(234) Metaspace: 6299K(6464K)->6299K(6464K) NonClass: 5765K(5824K)->5765K(5824K) Class: 533K(640K)->533K(640K)
[28.193s][info][gc             ] GC(234) Pause Young (Allocation Failure) 4098M->4098M(4573M) 96.641ms
[28.193s][info][gc,cpu         ] GC(234) User=0.61s Sys=0.05s Real=0.10s
[28.240s][info][gc,start       ] GC(235) Pause Young (Allocation Failure)
[28.335s][info][gc,heap        ] GC(235) PSYoungGen: 188768K(251904K)->138592K(262144K) Eden: 44032K(44032K)->0K(46080K) From: 144736K(207872K)->138592K(216064K)
[28.335s][info][gc,heap        ] GC(235) ParOldGen: 4052280K(4430848K)->4102904K(4430848K)
[28.335s][info][gc,metaspace   ] GC(235) Metaspace: 6299K(6464K)->6299K(6464K) NonClass: 5765K(5824K)->5765K(5824K) Class: 533K(640K)->533K(640K)
[28.335s][info][gc             ] GC(235) Pause Young (Allocation Failure) 4141M->4142M(4583M) 94.791ms
[28.335s][info][gc,cpu         ] GC(235) User=0.55s Sys=0.09s Real=0.10s
[28.388s][info][gc,start       ] GC(236) Pause Young (Allocation Failure)
[28.480s][info][gc,heap        ] GC(236) PSYoungGen: 184672K(262144K)->134496K(265728K) Eden: 46080K(46080K)->0K(46080K) From: 138592K(216064K)->134496K(219648K)
[28.480s][info][gc,heap        ] GC(236) ParOldGen: 4102904K(4430848K)->4153520K(4430848K)
[28.481s][info][gc,metaspace   ] GC(236) Metaspace: 6299K(6464K)->6299K(6464K) NonClass: 5765K(5824K)->5765K(5824K) Class: 533K(640K)->533K(640K)
[28.481s][info][gc             ] GC(236) Pause Young (Allocation Failure) 4187M->4187M(4586M) 92.469ms
[28.481s][info][gc,cpu         ] GC(236) User=0.59s Sys=0.03s Real=0.09s
[28.540s][info][gc,start       ] GC(237) Pause Young (Allocation Failure)
[28.632s][info][gc,heap        ] GC(237) PSYoungGen: 180576K(265728K)->136544K(271360K) Eden: 46080K(46080K)->0K(51200K) From: 134496K(219648K)->136544K(220160K)
[28.632s][info][gc,heap        ] GC(237) ParOldGen: 4153520K(4430848K)->4197944K(4430848K)
[28.632s][info][gc,metaspace   ] GC(237) Metaspace: 6299K(6464K)->6299K(6464K) NonClass: 5765K(5824K)->5765K(5824K) Class: 533K(640K)->533K(640K)
[28.632s][info][gc             ] GC(237) Pause Young (Allocation Failure) 4232M->4232M(4592M) 92.224ms
[28.632s][info][gc,cpu         ] GC(237) User=0.62s Sys=0.02s Real=0.09s
[28.691s][info][gc,start       ] GC(238) Pause Young (Allocation Failure)
[28.787s][info][gc,heap        ] GC(238) PSYoungGen: 187744K(271360K)->143712K(271872K) Eden: 51200K(51200K)->0K(51200K) From: 136544K(220160K)->143712K(220672K)
[28.787s][info][gc,heap        ] GC(238) ParOldGen: 4197944K(4430848K)->4242384K(4430848K)
[28.787s][info][gc,metaspace   ] GC(238) Metaspace: 6299K(6464K)->6299K(6464K) NonClass: 5765K(5824K)->5765K(5824K) Class: 533K(640K)->533K(640K)
[28.787s][info][gc             ] GC(238) Pause Young (Allocation Failure) 4282M->4283M(4592M) 96.100ms
[28.787s][info][gc,cpu         ] GC(238) User=0.62s Sys=0.02s Real=0.10s
[28.842s][info][gc,start       ] GC(239) Pause Young (Allocation Failure)
[28.945s][info][gc,heap        ] GC(239) PSYoungGen: 194912K(271872K)->148832K(278016K) Eden: 51200K(51200K)->0K(55296K) From: 143712K(220672K)->148832K(222720K)
[28.945s][info][gc,heap        ] GC(239) ParOldGen: 4242384K(4430848K)->4288880K(4430848K)
[28.945s][info][gc,metaspace   ] GC(239) Metaspace: 6299K(6464K)->6299K(6464K) NonClass: 5765K(5824K)->5765K(5824K) Class: 533K(640K)->533K(640K)
[28.945s][info][gc             ] GC(239) Pause Young (Allocation Failure) 4333M->4333M(4598M) 103.476ms
[28.945s][info][gc,cpu         ] GC(239) User=0.58s Sys=0.05s Real=0.10s
[28.998s][info][gc,start       ] GC(240) Pause Young (Allocation Failure)
[29.122s][info][gc,heap        ] GC(240) PSYoungGen: 204128K(278016K)->106784K(162304K) Eden: 55296K(55296K)->0K(55296K) From: 148832K(222720K)->106784K(107008K)
[29.122s][info][gc,heap        ] GC(240) ParOldGen: 4288880K(4430848K)->4386992K(4430848K)
[29.122s][info][gc,metaspace   ] GC(240) Metaspace: 6299K(6464K)->6299K(6464K) NonClass: 5765K(5824K)->5765K(5824K) Class: 533K(640K)->533K(640K)
[29.122s][info][gc             ] GC(240) Pause Young (Allocation Failure) 4387M->4388M(4485M) 123.477ms
[29.122s][info][gc,cpu         ] GC(240) User=0.80s Sys=0.03s Real=0.12s
[29.122s][info][gc,start       ] GC(241) Pause Full (Ergonomics)
[29.122s][info][gc,phases,start] GC(241) Marking Phase
[30.154s][info][gc,phases      ] GC(241) Marking Phase 1031.498ms
[30.154s][info][gc,phases,start] GC(241) Summary Phase
[30.154s][info][gc,phases      ] GC(241) Summary Phase 0.091ms
[30.154s][info][gc,phases,start] GC(241) Adjust Roots
[30.154s][info][gc,phases      ] GC(241) Adjust Roots 0.228ms
[30.154s][info][gc,phases,start] GC(241) Compaction Phase
[30.561s][info][gc,phases      ] GC(241) Compaction Phase 407.084ms
[30.561s][info][gc,phases,start] GC(241) Post Compact
[30.568s][info][gc,phases      ] GC(241) Post Compact 6.710ms
[30.570s][info][gc,heap        ] GC(241) PSYoungGen: 106784K(162304K)->58904K(162304K) Eden: 0K(55296K)->0K(55296K) From: 106784K(107008K)->58904K(107008K)
[30.570s][info][gc,heap        ] GC(241) ParOldGen: 4386992K(4430848K)->4430834K(4891648K)
[30.570s][info][gc,metaspace   ] GC(241) Metaspace: 6299K(6464K)->6299K(6464K) NonClass: 5765K(5824K)->5765K(5824K) Class: 533K(640K)->533K(640K)
[30.570s][info][gc             ] GC(241) Pause Full (Ergonomics) 4388M->4384M(4935M) 1447.582ms
[30.570s][info][gc,cpu         ] GC(241) User=10.72s Sys=0.02s Real=1.45s
[30.636s][info][gc,start       ] GC(242) Pause Young (Allocation Failure)
[30.898s][info][gc,heap        ] GC(242) PSYoungGen: 114200K(162304K)->55520K(275456K) Eden: 55296K(55296K)->0K(61440K) From: 58904K(107008K)->55520K(214016K)
[30.898s][info][gc,heap        ] GC(242) ParOldGen: 4430834K(4891648K)->4490314K(4891648K)
[30.898s][info][gc,metaspace   ] GC(242) Metaspace: 6299K(6464K)->6299K(6464K) NonClass: 5765K(5824K)->5765K(5824K) Class: 533K(640K)->533K(640K)
[30.898s][info][gc             ] GC(242) Pause Young (Allocation Failure) 4438M->4439M(5046M) 262.742ms
[30.898s][info][gc,cpu         ] GC(242) User=1.84s Sys=0.02s Real=0.26s
[30.977s][info][gc,start       ] GC(243) Pause Young (Allocation Failure)
[31.055s][info][gc,heap        ] GC(243) PSYoungGen: 116960K(275456K)->61664K(276992K) Eden: 61440K(61440K)->0K(61440K) From: 55520K(214016K)->61664K(215552K)
[31.055s][info][gc,heap        ] GC(243) ParOldGen: 4490314K(4891648K)->4546106K(4891648K)
[31.055s][info][gc,metaspace   ] GC(243) Metaspace: 6299K(6464K)->6299K(6464K) NonClass: 5765K(5824K)->5765K(5824K) Class: 533K(640K)->533K(640K)
[31.055s][info][gc             ] GC(243) Pause Young (Allocation Failure) 4499M->4499M(5047M) 78.104ms
[31.055s][info][gc,cpu         ] GC(243) User=0.47s Sys=0.00s Real=0.08s
[31.121s][info][gc,start       ] GC(244) Pause Young (Allocation Failure)
[31.195s][info][gc,heap        ] GC(244) PSYoungGen: 123104K(276992K)->61696K(272896K) Eden: 61440K(61440K)->0K(68096K) From: 61664K(215552K)->61696K(204800K)
[31.195s][info][gc,heap        ] GC(244) ParOldGen: 4546106K(4891648K)->4608098K(4891648K)
[31.195s][info][gc,metaspace   ] GC(244) Metaspace: 6299K(6464K)->6299K(6464K) NonClass: 5765K(5824K)->5765K(5824K) Class: 533K(640K)->533K(640K)
[31.195s][info][gc             ] GC(244) Pause Young (Allocation Failure) 4559M->4560M(5043M) 74.517ms
[31.195s][info][gc,cpu         ] GC(244) User=0.48s Sys=0.14s Real=0.07s
[31.267s][info][gc,start       ] GC(245) Pause Young (Allocation Failure)
[31.345s][info][gc,heap        ] GC(245) PSYoungGen: 129792K(272896K)->68320K(276992K) Eden: 68096K(68096K)->0K(68096K) From: 61696K(204800K)->68320K(208896K)
[31.345s][info][gc,heap        ] GC(245) ParOldGen: 4608098K(4891648K)->4670106K(4891648K)
[31.345s][info][gc,metaspace   ] GC(245) Metaspace: 6299K(6464K)->6299K(6464K) NonClass: 5765K(5824K)->5765K(5824K) Class: 533K(640K)->533K(640K)
[31.345s][info][gc             ] GC(245) Pause Young (Allocation Failure) 4626M->4627M(5047M) 77.318ms
[31.345s][info][gc,cpu         ] GC(245) User=0.39s Sys=0.00s Real=0.08s
[31.428s][info][gc,start       ] GC(246) Pause Young (Allocation Failure)
[31.510s][info][gc,heap        ] GC(246) PSYoungGen: 136416K(276992K)->68320K(267264K) Eden: 68096K(68096K)->0K(75264K) From: 68320K(208896K)->68320K(192000K)
[31.510s][info][gc,heap        ] GC(246) ParOldGen: 4670106K(4891648K)->4738818K(4891648K)
[31.510s][info][gc,metaspace   ] GC(246) Metaspace: 6299K(6464K)->6299K(6464K) NonClass: 5765K(5824K)->5765K(5824K) Class: 533K(640K)->533K(640K)
[31.510s][info][gc             ] GC(246) Pause Young (Allocation Failure) 4693M->4694M(5038M) 82.439ms
[31.510s][info][gc,cpu         ] GC(246) User=0.48s Sys=0.05s Real=0.08s
[31.591s][info][gc,start       ] GC(247) Pause Young (Allocation Failure)
[31.675s][info][gc,heap        ] GC(247) PSYoungGen: 143584K(267264K)->75488K(272896K) Eden: 75264K(75264K)->0K(75264K) From: 68320K(192000K)->75488K(197632K)
[31.675s][info][gc,heap        ] GC(247) ParOldGen: 4738818K(4891648K)->4807506K(4891648K)
[31.675s][info][gc,metaspace   ] GC(247) Metaspace: 6299K(6464K)->6299K(6464K) NonClass: 5765K(5824K)->5765K(5824K) Class: 533K(640K)->533K(640K)
[31.675s][info][gc             ] GC(247) Pause Young (Allocation Failure) 4767M->4768M(5043M) 83.637ms
[31.675s][info][gc,cpu         ] GC(247) User=0.50s Sys=0.02s Real=0.08s
[31.675s][info][gc,start       ] GC(248) Pause Full (Ergonomics)
[31.675s][info][gc,phases,start] GC(248) Marking Phase
[32.792s][info][gc,phases      ] GC(248) Marking Phase 1117.027ms
[32.792s][info][gc,phases,start] GC(248) Summary Phase
[32.792s][info][gc,phases      ] GC(248) Summary Phase 0.090ms
[32.792s][info][gc,phases,start] GC(248) Adjust Roots
[32.792s][info][gc,phases      ] GC(248) Adjust Roots 0.161ms
[32.792s][info][gc,phases,start] GC(248) Compaction Phase
[33.225s][info][gc,phases      ] GC(248) Compaction Phase 432.490ms
[33.225s][info][gc,phases,start] GC(248) Post Compact
[33.232s][info][gc,phases      ] GC(248) Post Compact 7.277ms
[33.234s][info][gc,heap        ] GC(248) PSYoungGen: 75488K(272896K)->0K(273408K) Eden: 0K(75264K)->0K(83456K) From: 75488K(197632K)->0K(189952K)
[33.234s][info][gc,heap        ] GC(248) ParOldGen: 4807506K(4891648K)->4879178K(5377536K)
[33.234s][info][gc,metaspace   ] GC(248) Metaspace: 6299K(6464K)->6299K(6464K) NonClass: 5765K(5824K)->5765K(5824K) Class: 533K(640K)->533K(640K)
[33.234s][info][gc             ] GC(248) Pause Full (Ergonomics) 4768M->4764M(5518M) 1558.814ms
[33.234s][info][gc,cpu         ] GC(248) User=11.64s Sys=0.06s Real=1.56s
[33.325s][info][gc,start       ] GC(249) Pause Young (Allocation Failure)
[33.386s][info][gc,heap        ] GC(249) PSYoungGen: 83456K(273408K)->83744K(167424K) Eden: 83456K(83456K)->0K(83456K) From: 0K(189952K)->83744K(83968K)
[33.386s][info][gc,heap        ] GC(249) ParOldGen: 4879178K(5377536K)->4879178K(5377536K)
[33.386s][info][gc,metaspace   ] GC(249) Metaspace: 6299K(6464K)->6299K(6464K) NonClass: 5765K(5824K)->5765K(5824K) Class: 533K(640K)->533K(640K)
[33.386s][info][gc             ] GC(249) Pause Young (Allocation Failure) 4846M->4846M(5415M) 61.065ms
[33.386s][info][gc,cpu         ] GC(249) User=0.16s Sys=0.00s Real=0.06s
[33.486s][info][gc,start       ] GC(250) Pause Young (Allocation Failure)
[33.574s][info][gc,heap        ] GC(250) PSYoungGen: 167200K(167424K)->167360K(253440K) Eden: 83456K(83456K)->0K(71680K) From: 83744K(83968K)->167360K(181760K)
[33.575s][info][gc,heap        ] GC(250) ParOldGen: 4879178K(5377536K)->4879178K(5377536K)
[33.575s][info][gc,metaspace   ] GC(250) Metaspace: 6299K(6464K)->6299K(6464K) NonClass: 5765K(5824K)->5765K(5824K) Class: 533K(640K)->533K(640K)
[33.575s][info][gc             ] GC(250) Pause Young (Allocation Failure) 4928M->4928M(5499M) 88.589ms
[33.575s][info][gc,cpu         ] GC(250) User=0.62s Sys=0.00s Real=0.09s
[33.656s][info][gc,start       ] GC(251) Pause Young (Allocation Failure)
[33.782s][info][gc,heap        ] GC(251) PSYoungGen: 239040K(253440K)->200704K(272384K) Eden: 71680K(71680K)->0K(71680K) From: 167360K(181760K)->200704K(200704K)
[33.782s][info][gc,heap        ] GC(251) ParOldGen: 4879178K(5377536K)->4917794K(5377536K)
[33.782s][info][gc,metaspace   ] GC(251) Metaspace: 6299K(6464K)->6299K(6464K) NonClass: 5765K(5824K)->5765K(5824K) Class: 533K(640K)->533K(640K)
[33.782s][info][gc             ] GC(251) Pause Young (Allocation Failure) 4998M->4998M(5517M) 126.813ms
[33.782s][info][gc,cpu         ] GC(251) User=0.88s Sys=0.00s Real=0.13s
[33.865s][info][gc,start       ] GC(252) Pause Young (Allocation Failure)
[34.018s][info][gc,heap        ] GC(252) PSYoungGen: 272384K(272384K)->127200K(307712K) Eden: 71680K(71680K)->0K(79360K) From: 200704K(200704K)->127200K(228352K)
[34.018s][info][gc,heap        ] GC(252) ParOldGen: 4917794K(5377536K)->5064266K(5377536K)
[34.018s][info][gc,metaspace   ] GC(252) Metaspace: 6299K(6464K)->6299K(6464K) NonClass: 5765K(5824K)->5765K(5824K) Class: 533K(640K)->533K(640K)
[34.018s][info][gc             ] GC(252) Pause Young (Allocation Failure) 5068M->5069M(5552M) 153.710ms
[34.018s][info][gc,cpu         ] GC(252) User=0.86s Sys=0.27s Real=0.15s
[34.108s][info][gc,start       ] GC(253) Pause Young (Allocation Failure)
[34.221s][info][gc,heap        ] GC(253) PSYoungGen: 206560K(307712K)->151424K(314368K) Eden: 79360K(79360K)->0K(79360K) From: 127200K(228352K)->151424K(235008K)
[34.221s][info][gc,heap        ] GC(253) ParOldGen: 5064266K(5377536K)->5119938K(5377536K)
[34.221s][info][gc,metaspace   ] GC(253) Metaspace: 6299K(6464K)->6299K(6464K) NonClass: 5765K(5824K)->5765K(5824K) Class: 533K(640K)->533K(640K)
[34.221s][info][gc             ] GC(253) Pause Young (Allocation Failure) 5147M->5147M(5558M) 113.261ms
[34.221s][info][gc,cpu         ] GC(253) User=0.70s Sys=0.05s Real=0.11s
[34.312s][info][gc,start       ] GC(254) Pause Young (Allocation Failure)
[34.438s][info][gc,heap        ] GC(254) PSYoungGen: 230784K(314368K)->159168K(322048K) Eden: 79360K(79360K)->0K(84992K) From: 151424K(235008K)->159168K(237056K)
[34.438s][info][gc,heap        ] GC(254) ParOldGen: 5119938K(5377536K)->5192258K(5377536K)
[34.438s][info][gc,metaspace   ] GC(254) Metaspace: 6299K(6464K)->6299K(6464K) NonClass: 5765K(5824K)->5765K(5824K) Class: 533K(640K)->533K(640K)
[34.438s][info][gc             ] GC(254) Pause Young (Allocation Failure) 5225M->5226M(5566M) 125.804ms
[34.438s][info][gc,cpu         ] GC(254) User=0.86s Sys=0.02s Real=0.13s
[34.532s][info][gc,start       ] GC(255) Pause Young (Allocation Failure)
[34.667s][info][gc,heap        ] GC(255) PSYoungGen: 244160K(322048K)->164768K(325120K) Eden: 84992K(84992K)->0K(84992K) From: 159168K(237056K)->164768K(240128K)
[34.667s][info][gc,heap        ] GC(255) ParOldGen: 5192258K(5377536K)->5272338K(5377536K)
[34.667s][info][gc,metaspace   ] GC(255) Metaspace: 6299K(6464K)->6299K(6464K) NonClass: 5765K(5824K)->5765K(5824K) Class: 533K(640K)->533K(640K)
[34.667s][info][gc             ] GC(255) Pause Young (Allocation Failure) 5309M->5309M(5569M) 134.770ms
[34.667s][info][gc,cpu         ] GC(255) User=0.88s Sys=0.02s Real=0.13s
[34.667s][info][gc,start       ] GC(256) Pause Full (Ergonomics)
[34.667s][info][gc,phases,start] GC(256) Marking Phase
[35.891s][info][gc,phases      ] GC(256) Marking Phase 1223.801ms
[35.891s][info][gc,phases,start] GC(256) Summary Phase
[35.891s][info][gc,phases      ] GC(256) Summary Phase 0.107ms
[35.891s][info][gc,phases,start] GC(256) Adjust Roots
[35.891s][info][gc,phases      ] GC(256) Adjust Roots 0.332ms
[35.891s][info][gc,phases,start] GC(256) Compaction Phase
[36.399s][info][gc,phases      ] GC(256) Compaction Phase 507.993ms
[36.399s][info][gc,phases,start] GC(256) Post Compact
[36.406s][info][gc,phases      ] GC(256) Post Compact 7.222ms
[36.408s][info][gc,heap        ] GC(256) PSYoungGen: 164768K(325120K)->55451K(325120K) Eden: 0K(84992K)->0K(84992K) From: 164768K(240128K)->55451K(240128K)
[36.408s][info][gc,heap        ] GC(256) ParOldGen: 5272338K(5377536K)->5377497K(5934592K)
[36.408s][info][gc,metaspace   ] GC(256) Metaspace: 6299K(6464K)->6299K(6464K) NonClass: 5765K(5824K)->5765K(5824K) Class: 533K(640K)->533K(640K)
[36.408s][info][gc             ] GC(256) Pause Full (Ergonomics) 5309M->5305M(6113M) 1741.659ms
[36.408s][info][gc,cpu         ] GC(256) User=13.44s Sys=0.08s Real=1.74s
[36.513s][info][gc,start       ] GC(257) Pause Young (Allocation Failure)
[36.836s][info][gc,heap        ] GC(257) PSYoungGen: 140443K(325120K)->111168K(317440K) Eden: 84992K(84992K)->0K(93184K) From: 55451K(240128K)->111168K(224256K)
[36.836s][info][gc,heap        ] GC(257) ParOldGen: 5377497K(5934592K)->5407481K(5934592K)
[36.836s][info][gc,metaspace   ] GC(257) Metaspace: 6299K(6464K)->6299K(6464K) NonClass: 5765K(5824K)->5765K(5824K) Class: 533K(640K)->533K(640K)
[36.836s][info][gc             ] GC(257) Pause Young (Allocation Failure) 5388M->5389M(6105M) 323.088ms
[36.836s][info][gc,cpu         ] GC(257) User=2.05s Sys=0.00s Real=0.32s
[36.943s][info][gc,start       ] GC(258) Pause Young (Allocation Failure)
[37.072s][info][gc,heap        ] GC(258) PSYoungGen: 204352K(317440K)->204480K(328192K) Eden: 93184K(93184K)->0K(93184K) From: 111168K(224256K)->204480K(235008K)
[37.072s][info][gc,heap        ] GC(258) ParOldGen: 5407481K(5934592K)->5407481K(5934592K)
[37.072s][info][gc,metaspace   ] GC(258) Metaspace: 6299K(6464K)->6299K(6464K) NonClass: 5765K(5824K)->5765K(5824K) Class: 533K(640K)->533K(640K)
[37.072s][info][gc             ] GC(258) Pause Young (Allocation Failure) 5480M->5480M(6116M) 129.653ms
[37.072s][info][gc,cpu         ] GC(258) User=0.72s Sys=0.00s Real=0.13s
[37.190s][info][gc,start       ] GC(259) Pause Young (Allocation Failure)
[37.370s][info][gc,heap        ] GC(259) PSYoungGen: 297664K(328192K)->253440K(306688K) Eden: 93184K(93184K)->0K(53248K) From: 204480K(235008K)->253440K(253440K)
[37.370s][info][gc,heap        ] GC(259) ParOldGen: 5407481K(5934592K)->5452065K(5934592K)
[37.370s][info][gc,metaspace   ] GC(259) Metaspace: 6299K(6464K)->6299K(6464K) NonClass: 5765K(5824K)->5765K(5824K) Class: 533K(640K)->533K(640K)
[37.370s][info][gc             ] GC(259) Pause Young (Allocation Failure) 5571M->5571M(6095M) 180.159ms
[37.370s][info][gc,cpu         ] GC(259) User=1.08s Sys=0.12s Real=0.18s
[38.519s][info][gc,start       ] GC(260) Pause Young (Allocation Failure)
[38.790s][info][gc,heap        ] GC(260) PSYoungGen: 306688K(306688K)->216192K(355840K) Eden: 53248K(53248K)->0K(53248K) From: 253440K(253440K)->216192K(302592K)
[38.790s][info][gc,heap        ] GC(260) ParOldGen: 5714209K(5934592K)->5805641K(5934592K)
[38.790s][info][gc,metaspace   ] GC(260) Metaspace: 6299K(6464K)->6299K(6464K) NonClass: 5765K(5824K)->5765K(5824K) Class: 533K(640K)->533K(640K)
[38.791s][info][gc             ] GC(260) Pause Young (Allocation Failure) 5879M->5880M(6143M) 271.236ms
[38.791s][info][gc,cpu         ] GC(260) User=1.84s Sys=0.06s Real=0.27s
[38.844s][info][gc,start       ] GC(261) Pause Young (Allocation Failure)
[38.984s][info][gc,heap        ] GC(261) PSYoungGen: 269440K(355840K)->269504K(344576K) Eden: 53248K(53248K)->0K(32256K) From: 216192K(302592K)->269504K(312320K)
[38.984s][info][gc,heap        ] GC(261) ParOldGen: 5805641K(5934592K)->5805641K(5934592K)
[38.984s][info][gc,metaspace   ] GC(261) Metaspace: 6299K(6464K)->6299K(6464K) NonClass: 5765K(5824K)->5765K(5824K) Class: 533K(640K)->533K(640K)
[38.984s][info][gc             ] GC(261) Pause Young (Allocation Failure) 5932M->5932M(6132M) 140.040ms
[38.984s][info][gc,cpu         ] GC(261) User=0.70s Sys=0.02s Real=0.14s
[39.016s][info][gc,start       ] GC(262) Pause Young (Allocation Failure)
[39.172s][info][gc,heap        ] GC(262) PSYoungGen: 301760K(344576K)->218592K(370688K) Eden: 32256K(32256K)->0K(32256K) From: 269504K(312320K)->218592K(338432K)
[39.172s][info][gc,heap        ] GC(262) ParOldGen: 5805641K(5934592K)->5889489K(5934592K)
[39.172s][info][gc,metaspace   ] GC(262) Metaspace: 6299K(6464K)->6299K(6464K) NonClass: 5765K(5824K)->5765K(5824K) Class: 533K(640K)->533K(640K)
[39.172s][info][gc             ] GC(262) Pause Young (Allocation Failure) 5964M->5964M(6157M) 155.277ms
[39.172s][info][gc,cpu         ] GC(262) User=0.78s Sys=0.00s Real=0.16s
[39.172s][info][gc,start       ] GC(263) Pause Full (Ergonomics)
[39.172s][info][gc,phases,start] GC(263) Marking Phase
[40.489s][info][gc,phases      ] GC(263) Marking Phase 1316.677ms
[40.489s][info][gc,phases,start] GC(263) Summary Phase
[40.489s][info][gc,phases      ] GC(263) Summary Phase 0.069ms
[40.489s][info][gc,phases,start] GC(263) Adjust Roots
[40.489s][info][gc,phases      ] GC(263) Adjust Roots 0.185ms
[40.489s][info][gc,phases,start] GC(263) Compaction Phase
[41.414s][info][gc,phases      ] GC(263) Compaction Phase 925.562ms
[41.415s][info][gc,phases,start] GC(263) Post Compact
[41.425s][info][gc,phases      ] GC(263) Post Compact 10.163ms
[41.427s][info][gc,heap        ] GC(263) PSYoungGen: 218592K(370688K)->39709K(370688K) Eden: 0K(32256K)->0K(32256K) From: 218592K(338432K)->39709K(338432K)
[41.427s][info][gc,heap        ] GC(263) ParOldGen: 5889489K(5934592K)->5934242K(6535168K)
[41.427s][info][gc,metaspace   ] GC(263) Metaspace: 6299K(6464K)->6299K(6464K) NonClass: 5765K(5824K)->5765K(5824K) Class: 533K(640K)->533K(640K)
[41.427s][info][gc             ] GC(263) Pause Full (Ergonomics) 5964M->5833M(6744M) 2254.873ms
[41.427s][info][gc,cpu         ] GC(263) User=15.69s Sys=0.06s Real=2.25s
[41.462s][info][gc,start       ] GC(264) Pause Young (Allocation Failure)
[41.769s][info][gc,heap        ] GC(264) PSYoungGen: 71965K(370688K)->59424K(374272K) Eden: 32256K(32256K)->0K(33792K) From: 39709K(338432K)->59424K(340480K)
[41.769s][info][gc,heap        ] GC(264) ParOldGen: 5934242K(6535168K)->5947226K(6535168K)
[41.769s][info][gc,metaspace   ] GC(264) Metaspace: 6299K(6464K)->6299K(6464K) NonClass: 5765K(5824K)->5765K(5824K) Class: 533K(640K)->533K(640K)
[41.769s][info][gc             ] GC(264) Pause Young (Allocation Failure) 5865M->5865M(6747M) 306.845ms
[41.769s][info][gc,cpu         ] GC(264) User=2.02s Sys=0.00s Real=0.31s
[41.808s][info][gc,start       ] GC(265) Pause Young (Allocation Failure)
[41.895s][info][gc,heap        ] GC(265) PSYoungGen: 93216K(374272K)->93216K(127488K) Eden: 33792K(33792K)->0K(33792K) From: 59424K(340480K)->93216K(93696K)
[41.895s][info][gc,heap        ] GC(265) ParOldGen: 5947226K(6535168K)->5947226K(6535168K)
[41.895s][info][gc,metaspace   ] GC(265) Metaspace: 6299K(6464K)->6299K(6464K) NonClass: 5765K(5824K)->5765K(5824K) Class: 533K(640K)->533K(640K)
[41.895s][info][gc             ] GC(265) Pause Young (Allocation Failure) 5898M->5898M(6506M) 86.765ms
[41.895s][info][gc,cpu         ] GC(265) User=0.36s Sys=0.00s Real=0.09s
[41.934s][info][gc,start       ] GC(266) Pause Young (Allocation Failure)
[42.033s][info][gc,heap        ] GC(266) PSYoungGen: 127008K(127488K)->108832K(352768K) Eden: 33792K(33792K)->0K(37888K) From: 93216K(93696K)->108832K(314880K)
[42.033s][info][gc,heap        ] GC(266) ParOldGen: 5947226K(6535168K)->5965562K(6535168K)
[42.033s][info][gc,metaspace   ] GC(266) Metaspace: 6299K(6464K)->6299K(6464K) NonClass: 5765K(5824K)->5765K(5824K) Class: 533K(640K)->533K(640K)
[42.033s][info][gc             ] GC(266) Pause Young (Allocation Failure) 5931M->5932M(6726M) 98.931ms
[42.033s][info][gc,cpu         ] GC(266) User=0.23s Sys=0.00s Real=0.10s
[42.069s][info][gc,start       ] GC(267) Pause Young (Allocation Failure)
[42.177s][info][gc,heap        ] GC(267) PSYoungGen: 146720K(352768K)->138912K(177152K) Eden: 37888K(37888K)->0K(37888K) From: 108832K(314880K)->138912K(139264K)
[42.177s][info][gc,heap        ] GC(267) ParOldGen: 5965562K(6535168K)->5973546K(6535168K)
[42.177s][info][gc,metaspace   ] GC(267) Metaspace: 6299K(6464K)->6299K(6464K) NonClass: 5765K(5824K)->5765K(5824K) Class: 533K(640K)->533K(640K)
[42.177s][info][gc             ] GC(267) Pause Young (Allocation Failure) 5969M->5969M(6555M) 107.836ms
[42.177s][info][gc,cpu         ] GC(267) User=0.34s Sys=0.00s Real=0.11s
[42.213s][info][gc,start       ] GC(268) Pause Young (Allocation Failure)
[42.332s][info][gc,heap        ] GC(268) PSYoungGen: 176800K(177152K)->143616K(322560K) Eden: 37888K(37888K)->0K(43008K) From: 138912K(139264K)->143616K(279552K)
[42.332s][info][gc,heap        ] GC(268) ParOldGen: 5973546K(6535168K)->6006986K(6535168K)
[42.332s][info][gc,metaspace   ] GC(268) Metaspace: 6299K(6464K)->6299K(6464K) NonClass: 5765K(5824K)->5765K(5824K) Class: 533K(640K)->533K(640K)
[42.332s][info][gc             ] GC(268) Pause Young (Allocation Failure) 6006M->6006M(6697M) 118.379ms
[42.332s][info][gc,cpu         ] GC(268) User=0.55s Sys=0.00s Real=0.12s
[42.378s][info][gc,start       ] GC(269) Pause Young (Allocation Failure)
[42.500s][info][gc,heap        ] GC(269) PSYoungGen: 186624K(322560K)->119072K(162304K) Eden: 43008K(43008K)->0K(43008K) From: 143616K(279552K)->119072K(119296K)
[42.500s][info][gc,heap        ] GC(269) ParOldGen: 6006986K(6535168K)->6075146K(6535168K)
[42.500s][info][gc,metaspace   ] GC(269) Metaspace: 6299K(6464K)->6299K(6464K) NonClass: 5765K(5824K)->5765K(5824K) Class: 533K(640K)->533K(640K)
[42.500s][info][gc             ] GC(269) Pause Young (Allocation Failure) 6048M->6049M(6540M) 121.556ms
[42.500s][info][gc,cpu         ] GC(269) User=0.45s Sys=0.02s Real=0.12s
[42.548s][info][gc,start       ] GC(270) Pause Young (Allocation Failure)
[42.657s][info][gc,heap        ] GC(270) PSYoungGen: 162080K(162304K)->86240K(326144K) Eden: 43008K(43008K)->0K(49152K) From: 119072K(119296K)->86240K(276992K)
[42.657s][info][gc,heap        ] GC(270) ParOldGen: 6075146K(6535168K)->6151586K(6535168K)
[42.657s][info][gc,metaspace   ] GC(270) Metaspace: 6299K(6464K)->6299K(6464K) NonClass: 5765K(5824K)->5765K(5824K) Class: 533K(640K)->533K(640K)
[42.657s][info][gc             ] GC(270) Pause Young (Allocation Failure) 6091M->6091M(6700M) 109.373ms
[42.657s][info][gc,cpu         ] GC(270) User=0.31s Sys=0.00s Real=0.11s
[42.711s][info][gc,start       ] GC(271) Pause Young (Allocation Failure)
[42.818s][info][gc,heap        ] GC(271) PSYoungGen: 135392K(326144K)->49312K(330240K) Eden: 49152K(49152K)->0K(49152K) From: 86240K(276992K)->49312K(281088K)
[42.819s][info][gc,heap        ] GC(271) ParOldGen: 6151586K(6535168K)->6238354K(6535168K)
[42.819s][info][gc,metaspace   ] GC(271) Metaspace: 6299K(6464K)->6299K(6464K) NonClass: 5765K(5824K)->5765K(5824K) Class: 533K(640K)->533K(640K)
[42.819s][info][gc             ] GC(271) Pause Young (Allocation Failure) 6139M->6140M(6704M) 107.277ms
[42.819s][info][gc,cpu         ] GC(271) User=0.36s Sys=0.02s Real=0.11s
[42.870s][info][gc,start       ] GC(272) Pause Young (Allocation Failure)
[42.967s][info][gc,heap        ] GC(272) PSYoungGen: 98464K(330240K)->49408K(335872K) Eden: 49152K(49152K)->0K(56320K) From: 49312K(281088K)->49408K(279552K)
[42.967s][info][gc,heap        ] GC(272) ParOldGen: 6238354K(6535168K)->6287954K(6535168K)
[42.967s][info][gc,metaspace   ] GC(272) Metaspace: 6299K(6464K)->6299K(6464K) NonClass: 5765K(5824K)->5765K(5824K) Class: 533K(640K)->533K(640K)
[42.967s][info][gc             ] GC(272) Pause Young (Allocation Failure) 6188M->6188M(6710M) 97.438ms
[42.967s][info][gc,cpu         ] GC(272) User=0.41s Sys=0.03s Real=0.10s
[43.027s][info][gc,start       ] GC(273) Pause Young (Allocation Failure)
[43.117s][info][gc,heap        ] GC(273) PSYoungGen: 105728K(335872K)->56544K(337408K) Eden: 56320K(56320K)->0K(56320K) From: 49408K(279552K)->56544K(281088K)
[43.117s][info][gc,heap        ] GC(273) ParOldGen: 6287954K(6535168K)->6337538K(6535168K)
[43.117s][info][gc,metaspace   ] GC(273) Metaspace: 6299K(6464K)->6299K(6464K) NonClass: 5765K(5824K)->5765K(5824K) Class: 533K(640K)->533K(640K)
[43.117s][info][gc             ] GC(273) Pause Young (Allocation Failure) 6243M->6244M(6711M) 90.741ms
[43.117s][info][gc,cpu         ] GC(273) User=0.36s Sys=0.05s Real=0.09s
[43.179s][info][gc,start       ] GC(274) Pause Young (Allocation Failure)
[43.277s][info][gc,heap        ] GC(274) PSYoungGen: 112864K(337408K)->56576K(328192K) Eden: 56320K(56320K)->0K(64000K) From: 56544K(281088K)->56576K(264192K)
[43.277s][info][gc,heap        ] GC(274) ParOldGen: 6337538K(6535168K)->6394362K(6535168K)
[43.277s][info][gc,metaspace   ] GC(274) Metaspace: 6299K(6464K)->6299K(6464K) NonClass: 5765K(5824K)->5765K(5824K) Class: 533K(640K)->533K(640K)
[43.277s][info][gc             ] GC(274) Pause Young (Allocation Failure) 6299M->6299M(6702M) 97.317ms
[43.277s][info][gc,cpu         ] GC(274) User=0.31s Sys=0.00s Real=0.10s
[43.353s][info][gc,start       ] GC(275) Pause Young (Allocation Failure)
[43.459s][info][gc,heap        ] GC(275) PSYoungGen: 120576K(328192K)->64224K(334336K) Eden: 64000K(64000K)->0K(64000K) From: 56576K(264192K)->64224K(270336K)
[43.459s][info][gc,heap        ] GC(275) ParOldGen: 6394362K(6535168K)->6451194K(6535168K)
[43.459s][info][gc,metaspace   ] GC(275) Metaspace: 6299K(6464K)->6299K(6464K) NonClass: 5765K(5824K)->5765K(5824K) Class: 533K(640K)->533K(640K)
[43.460s][info][gc             ] GC(275) Pause Young (Allocation Failure) 6362M->6362M(6708M) 106.387ms
[43.460s][info][gc,cpu         ] GC(275) User=0.30s Sys=0.03s Real=0.11s
[43.460s][info][gc,start       ] GC(276) Pause Full (Ergonomics)
[43.460s][info][gc,phases,start] GC(276) Marking Phase
[44.905s][info][gc,phases      ] GC(276) Marking Phase 1445.449ms
[44.905s][info][gc,phases,start] GC(276) Summary Phase
[44.905s][info][gc,phases      ] GC(276) Summary Phase 0.110ms
[44.905s][info][gc,phases,start] GC(276) Adjust Roots
[44.905s][info][gc,phases      ] GC(276) Adjust Roots 0.183ms
[44.905s][info][gc,phases,start] GC(276) Compaction Phase
[45.557s][info][gc,phases      ] GC(276) Compaction Phase 651.188ms
[45.557s][info][gc,phases,start] GC(276) Post Compact
[45.566s][info][gc,phases      ] GC(276) Post Compact 9.611ms
[45.568s][info][gc,heap        ] GC(276) PSYoungGen: 64224K(334336K)->0K(334336K) Eden: 0K(64000K)->0K(72192K) From: 64224K(270336K)->0K(262144K)
[45.568s][info][gc,heap        ] GC(276) ParOldGen: 6451194K(6535168K)->6510157K(7031808K)
[45.568s][info][gc,metaspace   ] GC(276) Metaspace: 6299K(6464K)->6299K(6464K) NonClass: 5765K(5824K)->5765K(5824K) Class: 533K(640K)->533K(640K)
[45.568s][info][gc             ] GC(276) Pause Full (Ergonomics) 6362M->6357M(7193M) 2108.322ms
[45.568s][info][gc,cpu         ] GC(276) User=15.12s Sys=0.06s Real=2.11s
[45.649s][info][gc,start       ] GC(277) Pause Young (Allocation Failure)
[45.731s][info][gc,heap        ] GC(277) PSYoungGen: 72192K(334336K)->72416K(144896K) Eden: 72192K(72192K)->0K(72192K) From: 0K(262144K)->72416K(72704K)
[45.731s][info][gc,heap        ] GC(277) ParOldGen: 6510157K(7031808K)->6510157K(7031808K)
[45.731s][info][gc,metaspace   ] GC(277) Metaspace: 6299K(6464K)->6299K(6464K) NonClass: 5765K(5824K)->5765K(5824K) Class: 533K(640K)->533K(640K)
[45.731s][info][gc             ] GC(277) Pause Young (Allocation Failure) 6428M->6428M(7008M) 82.123ms
[45.731s][info][gc,cpu         ] GC(277) User=0.17s Sys=0.02s Real=0.08s
[45.811s][info][gc,start       ] GC(278) Pause Young (Allocation Failure)
[45.918s][info][gc,heap        ] GC(278) PSYoungGen: 144608K(144896K)->72448K(312832K) Eden: 72192K(72192K)->0K(79872K) From: 72416K(72704K)->72448K(232960K)
[45.918s][info][gc,heap        ] GC(278) ParOldGen: 6510157K(7031808K)->6582997K(7031808K)
[45.918s][info][gc,metaspace   ] GC(278) Metaspace: 6299K(6464K)->6299K(6464K) NonClass: 5765K(5824K)->5765K(5824K) Class: 533K(640K)->533K(640K)
[45.918s][info][gc             ] GC(278) Pause Young (Allocation Failure) 6498M->6499M(7172M) 106.910ms
[45.918s][info][gc,cpu         ] GC(278) User=0.31s Sys=0.03s Real=0.11s
[46.010s][info][gc,start       ] GC(279) Pause Young (Allocation Failure)
[46.134s][info][gc,heap        ] GC(279) PSYoungGen: 152320K(312832K)->80096K(160256K) Eden: 79872K(79872K)->0K(79872K) From: 72448K(232960K)->80096K(80384K)
[46.134s][info][gc,heap        ] GC(279) ParOldGen: 6582997K(7031808K)->6655845K(7031808K)
[46.134s][info][gc,metaspace   ] GC(279) Metaspace: 6299K(6464K)->6299K(6464K) NonClass: 5765K(5824K)->5765K(5824K) Class: 533K(640K)->533K(640K)
[46.134s][info][gc             ] GC(279) Pause Young (Allocation Failure) 6577M->6578M(7023M) 124.170ms
[46.134s][info][gc,cpu         ] GC(279) User=0.45s Sys=0.06s Real=0.12s
[46.221s][info][gc,start       ] GC(280) Pause Young (Allocation Failure)
[46.333s][info][gc,heap        ] GC(280) PSYoungGen: 159968K(160256K)->80096K(299008K) Eden: 79872K(79872K)->0K(88576K) From: 80096K(80384K)->80096K(210432K)
[46.333s][info][gc,heap        ] GC(280) ParOldGen: 6655845K(7031808K)->6736445K(7031808K)
[46.333s][info][gc,metaspace   ] GC(280) Metaspace: 6299K(6464K)->6299K(6464K) NonClass: 5765K(5824K)->5765K(5824K) Class: 533K(640K)->533K(640K)
[46.333s][info][gc             ] GC(280) Pause Young (Allocation Failure) 6656M->6656M(7159M) 112.625ms
[46.333s][info][gc,cpu         ] GC(280) User=0.44s Sys=0.00s Real=0.11s
[46.430s][info][gc,start       ] GC(281) Pause Young (Allocation Failure)
[46.545s][info][gc,heap        ] GC(281) PSYoungGen: 168672K(299008K)->88832K(177664K) Eden: 88576K(88576K)->0K(88576K) From: 80096K(210432K)->88832K(89088K)
[46.545s][info][gc,heap        ] GC(281) ParOldGen: 6736445K(7031808K)->6817037K(7031808K)
[46.545s][info][gc,metaspace   ] GC(281) Metaspace: 6299K(6464K)->6299K(6464K) NonClass: 5765K(5824K)->5765K(5824K) Class: 533K(640K)->533K(640K)
[46.545s][info][gc             ] GC(281) Pause Young (Allocation Failure) 6743M->6744M(7040M) 114.601ms
[46.545s][info][gc,cpu         ] GC(281) User=0.36s Sys=0.00s Real=0.12s
[46.650s][info][gc,start       ] GC(282) Pause Young (Allocation Failure)
[46.774s][info][gc,heap        ] GC(282) PSYoungGen: 177408K(177664K)->88864K(286720K) Eden: 88576K(88576K)->0K(98304K) From: 88832K(89088K)->88864K(188416K)
[46.774s][info][gc,heap        ] GC(282) ParOldGen: 6817037K(7031808K)->6906429K(7031808K)
[46.774s][info][gc,metaspace   ] GC(282) Metaspace: 6299K(6464K)->6299K(6464K) NonClass: 5765K(5824K)->5765K(5824K) Class: 533K(640K)->533K(640K)
[46.774s][info][gc             ] GC(282) Pause Young (Allocation Failure) 6830M->6831M(7147M) 124.205ms
[46.774s][info][gc,cpu         ] GC(282) User=0.41s Sys=0.03s Real=0.12s
[46.873s][info][gc,start       ] GC(283) Pause Young (Allocation Failure)
[46.991s][info][gc,heap        ] GC(283) PSYoungGen: 187168K(286720K)->98656K(296960K) Eden: 98304K(98304K)->0K(98304K) From: 88864K(188416K)->98656K(198656K)
[46.991s][info][gc,heap        ] GC(283) ParOldGen: 6906429K(7031808K)->6995805K(7031808K)
[46.991s][info][gc,metaspace   ] GC(283) Metaspace: 6299K(6464K)->6299K(6464K) NonClass: 5765K(5824K)->5765K(5824K) Class: 533K(640K)->533K(640K)
[46.991s][info][gc             ] GC(283) Pause Young (Allocation Failure) 6927M->6928M(7157M) 118.236ms
[46.991s][info][gc,cpu         ] GC(283) User=0.55s Sys=0.05s Real=0.12s
[46.991s][info][gc,start       ] GC(284) Pause Full (Ergonomics)
[46.991s][info][gc,phases,start] GC(284) Marking Phase
[48.573s][info][gc,phases      ] GC(284) Marking Phase 1581.355ms
[48.573s][info][gc,phases,start] GC(284) Summary Phase
[48.573s][info][gc,phases      ] GC(284) Summary Phase 0.075ms
[48.573s][info][gc,phases,start] GC(284) Adjust Roots
[48.573s][info][gc,phases      ] GC(284) Adjust Roots 0.171ms
[48.573s][info][gc,phases,start] GC(284) Compaction Phase
[49.229s][info][gc,phases      ] GC(284) Compaction Phase 656.320ms
[49.229s][info][gc,phases,start] GC(284) Post Compact
[49.240s][info][gc,phases      ] GC(284) Post Compact 10.458ms
[49.240s][info][gc,heap        ] GC(284) PSYoungGen: 98656K(296960K)->57901K(296960K) Eden: 0K(98304K)->0K(98304K) From: 98656K(198656K)->57901K(198656K)
[49.240s][info][gc,heap        ] GC(284) ParOldGen: 6995805K(7031808K)->7031623K(7031808K)
[49.240s][info][gc,metaspace   ] GC(284) Metaspace: 6299K(6464K)->6299K(6464K) NonClass: 5765K(5824K)->5765K(5824K) Class: 533K(640K)->533K(640K)
[49.240s][info][gc             ] GC(284) Pause Full (Ergonomics) 6928M->6923M(7157M) 2248.689ms
[49.240s][info][gc,cpu         ] GC(284) User=16.48s Sys=0.05s Real=2.25s
[49.346s][info][gc,start       ] GC(285) Pause Full (Ergonomics)
[49.346s][info][gc,phases,start] GC(285) Marking Phase
[50.949s][info][gc,phases      ] GC(285) Marking Phase 1603.482ms
[50.949s][info][gc,phases,start] GC(285) Summary Phase
[50.950s][info][gc,phases      ] GC(285) Summary Phase 0.161ms
[50.950s][info][gc,phases,start] GC(285) Adjust Roots
[50.950s][info][gc,phases      ] GC(285) Adjust Roots 0.263ms
[50.950s][info][gc,phases,start] GC(285) Compaction Phase
[51.493s][info][gc,phases      ] GC(285) Compaction Phase 543.076ms
[51.493s][info][gc,phases,start] GC(285) Post Compact
[51.504s][info][gc,phases      ] GC(285) Post Compact 11.194ms
[51.504s][info][gc,heap        ] GC(285) PSYoungGen: 156205K(296960K)->156175K(296960K) Eden: 98304K(98304K)->98274K(98304K) From: 57901K(198656K)->57901K(198656K)
[51.504s][info][gc,heap        ] GC(285) ParOldGen: 7031623K(7031808K)->7031623K(7031808K)
[51.504s][info][gc,metaspace   ] GC(285) Metaspace: 6299K(6464K)->6299K(6464K) NonClass: 5765K(5824K)->5765K(5824K) Class: 533K(640K)->533K(640K)
[51.504s][info][gc             ] GC(285) Pause Full (Ergonomics) 7019M->7019M(7157M) 2158.637ms
[51.504s][info][gc,cpu         ] GC(285) User=15.80s Sys=0.03s Real=2.16s
[51.505s][info][gc,start       ] GC(286) Pause Full (Ergonomics)
[51.505s][info][gc,phases,start] GC(286) Marking Phase
[53.142s][info][gc,phases      ] GC(286) Marking Phase 1637.209ms
[53.142s][info][gc,phases,start] GC(286) Summary Phase
[53.142s][info][gc,phases      ] GC(286) Summary Phase 0.072ms
[53.142s][info][gc,phases,start] GC(286) Adjust Roots
[53.142s][info][gc,phases      ] GC(286) Adjust Roots 0.205ms
[53.142s][info][gc,phases,start] GC(286) Compaction Phase
[53.654s][info][gc,phases      ] GC(286) Compaction Phase 511.643ms
[53.654s][info][gc,phases,start] GC(286) Post Compact
[53.665s][info][gc,phases      ] GC(286) Post Compact 11.162ms
[53.665s][info][gc,heap        ] GC(286) PSYoungGen: 156205K(296960K)->156204K(296960K) Eden: 98304K(98304K)->98303K(98304K) From: 57901K(198656K)->57901K(198656K)
[53.665s][info][gc,heap        ] GC(286) ParOldGen: 7031623K(7031808K)->7031623K(7031808K)
[53.665s][info][gc,metaspace   ] GC(286) Metaspace: 6299K(6464K)->6299K(6464K) NonClass: 5765K(5824K)->5765K(5824K) Class: 533K(640K)->533K(640K)
[53.665s][info][gc             ] GC(286) Pause Full (Ergonomics) 7019M->7019M(7157M) 2160.624ms
[53.665s][info][gc,cpu         ] GC(286) User=16.19s Sys=0.00s Real=2.16s
[53.665s][info][gc,start       ] GC(287) Pause Full (Ergonomics)
[53.665s][info][gc,phases,start] GC(287) Marking Phase
[55.300s][info][gc,phases      ] GC(287) Marking Phase 1634.434ms
[55.300s][info][gc,phases,start] GC(287) Summary Phase
[55.300s][info][gc,phases      ] GC(287) Summary Phase 0.075ms
[55.300s][info][gc,phases,start] GC(287) Adjust Roots
[55.300s][info][gc,phases      ] GC(287) Adjust Roots 0.194ms
[55.300s][info][gc,phases,start] GC(287) Compaction Phase
[55.832s][info][gc,phases      ] GC(287) Compaction Phase 532.053ms
[55.832s][info][gc,phases,start] GC(287) Post Compact
[55.843s][info][gc,phases      ] GC(287) Post Compact 10.571ms
[55.843s][info][gc,heap        ] GC(287) PSYoungGen: 156204K(296960K)->156204K(296960K) Eden: 98303K(98304K)->98303K(98304K) From: 57901K(198656K)->57901K(198656K)
[55.843s][info][gc,heap        ] GC(287) ParOldGen: 7031623K(7031808K)->7031623K(7031808K)
[55.843s][info][gc,metaspace   ] GC(287) Metaspace: 6299K(6464K)->6299K(6464K) NonClass: 5765K(5824K)->5765K(5824K) Class: 533K(640K)->533K(640K)
[55.843s][info][gc             ] GC(287) Pause Full (Ergonomics) 7019M->7019M(7157M) 2177.643ms
[55.843s][info][gc,cpu         ] GC(287) User=16.34s Sys=0.00s Real=2.18s
[55.843s][info][gc,start       ] GC(288) Pause Full (Ergonomics)
[55.843s][info][gc,phases,start] GC(288) Marking Phase
[57.470s][info][gc,phases      ] GC(288) Marking Phase 1627.185ms
[57.470s][info][gc,phases,start] GC(288) Summary Phase
[57.471s][info][gc,phases      ] GC(288) Summary Phase 0.070ms
[57.471s][info][gc,phases,start] GC(288) Adjust Roots
[57.471s][info][gc,phases      ] GC(288) Adjust Roots 0.164ms
[57.471s][info][gc,phases,start] GC(288) Compaction Phase
[58.015s][info][gc,phases      ] GC(288) Compaction Phase 544.333ms
[58.015s][info][gc,phases,start] GC(288) Post Compact
[58.026s][info][gc,phases      ] GC(288) Post Compact 10.783ms
[58.026s][info][gc,heap        ] GC(288) PSYoungGen: 156204K(296960K)->156204K(296960K) Eden: 98303K(98304K)->98303K(98304K) From: 57901K(198656K)->57901K(198656K)
[58.026s][info][gc,heap        ] GC(288) ParOldGen: 7031628K(7031808K)->7031628K(7031808K)
[58.026s][info][gc,metaspace   ] GC(288) Metaspace: 6299K(6464K)->6299K(6464K) NonClass: 5765K(5824K)->5765K(5824K) Class: 533K(640K)->533K(640K)
[58.026s][info][gc             ] GC(288) Pause Full (Ergonomics) 7019M->7019M(7157M) 2182.894ms
[58.026s][info][gc,cpu         ] GC(288) User=16.09s Sys=0.03s Real=2.18s
[58.026s][info][gc,start       ] GC(289) Pause Full (Ergonomics)
[58.026s][info][gc,phases,start] GC(289) Marking Phase
[59.650s][info][gc,phases      ] GC(289) Marking Phase 1623.963ms
[59.650s][info][gc,phases,start] GC(289) Summary Phase
[59.650s][info][gc,phases      ] GC(289) Summary Phase 0.097ms
[59.650s][info][gc,phases,start] GC(289) Adjust Roots
[59.651s][info][gc,phases      ] GC(289) Adjust Roots 0.224ms
[59.651s][info][gc,phases,start] GC(289) Compaction Phase
[60.177s][info][gc,phases      ] GC(289) Compaction Phase 526.024ms
[60.177s][info][gc,phases,start] GC(289) Post Compact
[60.187s][info][gc,phases      ] GC(289) Post Compact 10.596ms
[60.188s][info][gc,heap        ] GC(289) PSYoungGen: 156204K(296960K)->156204K(296960K) Eden: 98303K(98304K)->98303K(98304K) From: 57901K(198656K)->57901K(198656K)
[60.188s][info][gc,heap        ] GC(289) ParOldGen: 7031633K(7031808K)->7031633K(7031808K)
[60.188s][info][gc,metaspace   ] GC(289) Metaspace: 6299K(6464K)->6299K(6464K) NonClass: 5765K(5824K)->5765K(5824K) Class: 533K(640K)->533K(640K)
[60.188s][info][gc             ] GC(289) Pause Full (Ergonomics) 7019M->7019M(7157M) 2161.242ms
[60.188s][info][gc,cpu         ] GC(289) User=16.23s Sys=0.00s Real=2.16s
[60.188s][info][gc,start       ] GC(290) Pause Full (Ergonomics)
[60.188s][info][gc,phases,start] GC(290) Marking Phase
[61.812s][info][gc,phases      ] GC(290) Marking Phase 1623.708ms
[61.812s][info][gc,phases,start] GC(290) Summary Phase
[61.812s][info][gc,phases      ] GC(290) Summary Phase 0.076ms
[61.812s][info][gc,phases,start] GC(290) Adjust Roots
[61.812s][info][gc,phases      ] GC(290) Adjust Roots 0.215ms
[61.812s][info][gc,phases,start] GC(290) Compaction Phase
[62.346s][info][gc,phases      ] GC(290) Compaction Phase 533.746ms
[62.346s][info][gc,phases,start] GC(290) Post Compact
[62.356s][info][gc,phases      ] GC(290) Post Compact 10.623ms
[62.356s][info][gc,heap        ] GC(290) PSYoungGen: 156204K(296960K)->156204K(296960K) Eden: 98303K(98304K)->98303K(98304K) From: 57901K(198656K)->57901K(198656K)
[62.356s][info][gc,heap        ] GC(290) ParOldGen: 7031638K(7031808K)->7031638K(7031808K)
[62.357s][info][gc,metaspace   ] GC(290) Metaspace: 6299K(6464K)->6299K(6464K) NonClass: 5765K(5824K)->5765K(5824K) Class: 533K(640K)->533K(640K)
[62.357s][info][gc             ] GC(290) Pause Full (Ergonomics) 7019M->7019M(7157M) 2168.764ms
[62.357s][info][gc,cpu         ] GC(290) User=16.16s Sys=0.00s Real=2.17s
[62.357s][info][gc,start       ] GC(291) Pause Full (Ergonomics)
[62.357s][info][gc,phases,start] GC(291) Marking Phase
[63.969s][info][gc,phases      ] GC(291) Marking Phase 1611.907ms
[63.969s][info][gc,phases,start] GC(291) Summary Phase
[63.969s][info][gc,phases      ] GC(291) Summary Phase 0.070ms
[63.969s][info][gc,phases,start] GC(291) Adjust Roots
[63.969s][info][gc,phases      ] GC(291) Adjust Roots 0.191ms
[63.969s][info][gc,phases,start] GC(291) Compaction Phase
[64.503s][info][gc,phases      ] GC(291) Compaction Phase 534.288ms
[64.503s][info][gc,phases,start] GC(291) Post Compact
[64.514s][info][gc,phases      ] GC(291) Post Compact 10.716ms
[64.514s][info][gc,heap        ] GC(291) PSYoungGen: 156204K(296960K)->156204K(296960K) Eden: 98303K(98304K)->98303K(98304K) From: 57901K(198656K)->57901K(198656K)
[64.514s][info][gc,heap        ] GC(291) ParOldGen: 7031643K(7031808K)->7031643K(7031808K)
[64.514s][info][gc,metaspace   ] GC(291) Metaspace: 6299K(6464K)->6299K(6464K) NonClass: 5765K(5824K)->5765K(5824K) Class: 533K(640K)->533K(640K)
[64.514s][info][gc             ] GC(291) Pause Full (Ergonomics) 7019M->7019M(7157M) 2157.492ms
[64.514s][info][gc,cpu         ] GC(291) User=16.22s Sys=0.00s Real=2.16s
[64.514s][info][gc,start       ] GC(292) Pause Full (Ergonomics)
[64.515s][info][gc,phases,start] GC(292) Marking Phase
[66.147s][info][gc,phases      ] GC(292) Marking Phase 1632.824ms
[66.147s][info][gc,phases,start] GC(292) Summary Phase
[66.147s][info][gc,phases      ] GC(292) Summary Phase 0.082ms
[66.147s][info][gc,phases,start] GC(292) Adjust Roots
[66.148s][info][gc,phases      ] GC(292) Adjust Roots 0.193ms
[66.148s][info][gc,phases,start] GC(292) Compaction Phase
[66.696s][info][gc,phases      ] GC(292) Compaction Phase 548.371ms
[66.696s][info][gc,phases,start] GC(292) Post Compact
[66.707s][info][gc,phases      ] GC(292) Post Compact 10.564ms
[66.707s][info][gc,heap        ] GC(292) PSYoungGen: 156204K(296960K)->156204K(296960K) Eden: 98303K(98304K)->98303K(98304K) From: 57901K(198656K)->57901K(198656K)
[66.707s][info][gc,heap        ] GC(292) ParOldGen: 7031648K(7031808K)->7031648K(7031808K)
[66.707s][info][gc,metaspace   ] GC(292) Metaspace: 6299K(6464K)->6299K(6464K) NonClass: 5765K(5824K)->5765K(5824K) Class: 533K(640K)->533K(640K)
[66.707s][info][gc             ] GC(292) Pause Full (Ergonomics) 7019M->7019M(7157M) 2192.345ms
[66.707s][info][gc,cpu         ] GC(292) User=16.25s Sys=0.00s Real=2.19s
[66.707s][info][gc,start       ] GC(293) Pause Full (Ergonomics)
[66.707s][info][gc,phases,start] GC(293) Marking Phase
[68.312s][info][gc,phases      ] GC(293) Marking Phase 1604.780ms
[68.312s][info][gc,phases,start] GC(293) Summary Phase
[68.312s][info][gc,phases      ] GC(293) Summary Phase 0.070ms
[68.312s][info][gc,phases,start] GC(293) Adjust Roots
[68.312s][info][gc,phases      ] GC(293) Adjust Roots 0.165ms
[68.312s][info][gc,phases,start] GC(293) Compaction Phase
[68.880s][info][gc,phases      ] GC(293) Compaction Phase 567.917ms
[68.880s][info][gc,phases,start] GC(293) Post Compact
[68.891s][info][gc,phases      ] GC(293) Post Compact 10.580ms
[68.891s][info][gc,heap        ] GC(293) PSYoungGen: 156204K(296960K)->156204K(296960K) Eden: 98303K(98304K)->98303K(98304K) From: 57901K(198656K)->57901K(198656K)
[68.891s][info][gc,heap        ] GC(293) ParOldGen: 7031652K(7031808K)->7031652K(7031808K)
[68.891s][info][gc,metaspace   ] GC(293) Metaspace: 6299K(6464K)->6299K(6464K) NonClass: 5765K(5824K)->5765K(5824K) Class: 533K(640K)->533K(640K)
[68.891s][info][gc             ] GC(293) Pause Full (Ergonomics) 7019M->7019M(7157M) 2183.853ms
[68.891s][info][gc,cpu         ] GC(293) User=16.39s Sys=0.00s Real=2.18s
[68.891s][info][gc,start       ] GC(294) Pause Full (Ergonomics)
[68.891s][info][gc,phases,start] GC(294) Marking Phase
[70.546s][info][gc,phases      ] GC(294) Marking Phase 1655.147ms
[70.546s][info][gc,phases,start] GC(294) Summary Phase
[70.546s][info][gc,phases      ] GC(294) Summary Phase 0.069ms
[70.546s][info][gc,phases,start] GC(294) Adjust Roots
[70.547s][info][gc,phases      ] GC(294) Adjust Roots 0.160ms
[70.547s][info][gc,phases,start] GC(294) Compaction Phase
[71.096s][info][gc,phases      ] GC(294) Compaction Phase 549.082ms
[71.096s][info][gc,phases,start] GC(294) Post Compact
[71.107s][info][gc,phases      ] GC(294) Post Compact 10.901ms
[71.107s][info][gc,heap        ] GC(294) PSYoungGen: 156204K(296960K)->156204K(296960K) Eden: 98303K(98304K)->98303K(98304K) From: 57901K(198656K)->57901K(198656K)
[71.107s][info][gc,heap        ] GC(294) ParOldGen: 7031657K(7031808K)->7031657K(7031808K)
[71.107s][info][gc,metaspace   ] GC(294) Metaspace: 6299K(6464K)->6299K(6464K) NonClass: 5765K(5824K)->5765K(5824K) Class: 533K(640K)->533K(640K)
[71.107s][info][gc             ] GC(294) Pause Full (Ergonomics) 7019M->7019M(7157M) 2215.724ms
[71.107s][info][gc,cpu         ] GC(294) User=16.52s Sys=0.00s Real=2.22s
[71.107s][info][gc,start       ] GC(295) Pause Full (Ergonomics)
[71.107s][info][gc,phases,start] GC(295) Marking Phase
[72.771s][info][gc,phases      ] GC(295) Marking Phase 1664.351ms
[72.771s][info][gc,phases,start] GC(295) Summary Phase
[72.772s][info][gc,phases      ] GC(295) Summary Phase 0.098ms
[72.772s][info][gc,phases,start] GC(295) Adjust Roots
[72.772s][info][gc,phases      ] GC(295) Adjust Roots 0.226ms
[72.772s][info][gc,phases,start] GC(295) Compaction Phase
[73.360s][info][gc,phases      ] GC(295) Compaction Phase 588.100ms
[73.360s][info][gc,phases,start] GC(295) Post Compact
[73.371s][info][gc,phases      ] GC(295) Post Compact 10.604ms
[73.371s][info][gc,heap        ] GC(295) PSYoungGen: 156204K(296960K)->156204K(296960K) Eden: 98303K(98304K)->98303K(98304K) From: 57901K(198656K)->57901K(198656K)
[73.371s][info][gc,heap        ] GC(295) ParOldGen: 7031662K(7031808K)->7031662K(7031808K)
[73.371s][info][gc,metaspace   ] GC(295) Metaspace: 6299K(6464K)->6299K(6464K) NonClass: 5765K(5824K)->5765K(5824K) Class: 533K(640K)->533K(640K)
[73.371s][info][gc             ] GC(295) Pause Full (Ergonomics) 7019M->7019M(7157M) 2263.739ms
[73.371s][info][gc,cpu         ] GC(295) User=16.59s Sys=0.00s Real=2.26s
[73.371s][info][gc,start       ] GC(296) Pause Full (Ergonomics)
[73.371s][info][gc,phases,start] GC(296) Marking Phase
[75.038s][info][gc,phases      ] GC(296) Marking Phase 1667.217ms
[75.038s][info][gc,phases,start] GC(296) Summary Phase
[75.038s][info][gc,phases      ] GC(296) Summary Phase 0.073ms
[75.038s][info][gc,phases,start] GC(296) Adjust Roots
[75.039s][info][gc,phases      ] GC(296) Adjust Roots 0.218ms
[75.039s][info][gc,phases,start] GC(296) Compaction Phase
[75.608s][info][gc,phases      ] GC(296) Compaction Phase 568.913ms
[75.608s][info][gc,phases,start] GC(296) Post Compact
[75.618s][info][gc,phases      ] GC(296) Post Compact 10.762ms
[75.618s][info][gc,heap        ] GC(296) PSYoungGen: 156204K(296960K)->156204K(296960K) Eden: 98303K(98304K)->98303K(98304K) From: 57901K(198656K)->57901K(198656K)
[75.618s][info][gc,heap        ] GC(296) ParOldGen: 7031667K(7031808K)->7031667K(7031808K)
[75.618s][info][gc,metaspace   ] GC(296) Metaspace: 6299K(6464K)->6299K(6464K) NonClass: 5765K(5824K)->5765K(5824K) Class: 533K(640K)->533K(640K)
[75.619s][info][gc             ] GC(296) Pause Full (Ergonomics) 7019M->7019M(7157M) 2247.521ms
[75.619s][info][gc,cpu         ] GC(296) User=16.80s Sys=0.00s Real=2.25s
[75.619s][info][gc,start       ] GC(297) Pause Full (Ergonomics)
[75.619s][info][gc,phases,start] GC(297) Marking Phase
[77.279s][info][gc,phases      ] GC(297) Marking Phase 1660.270ms
[77.279s][info][gc,phases,start] GC(297) Summary Phase
[77.279s][info][gc,phases      ] GC(297) Summary Phase 0.075ms
[77.279s][info][gc,phases,start] GC(297) Adjust Roots
[77.279s][info][gc,phases      ] GC(297) Adjust Roots 0.170ms
[77.279s][info][gc,phases,start] GC(297) Compaction Phase
[77.855s][info][gc,phases      ] GC(297) Compaction Phase 575.417ms
[77.855s][info][gc,phases,start] GC(297) Post Compact
[77.865s][info][gc,phases      ] GC(297) Post Compact 10.655ms
[77.866s][info][gc,heap        ] GC(297) PSYoungGen: 156204K(296960K)->156204K(296960K) Eden: 98303K(98304K)->98303K(98304K) From: 57901K(198656K)->57901K(198656K)
[77.866s][info][gc,heap        ] GC(297) ParOldGen: 7031672K(7031808K)->7031672K(7031808K)
[77.866s][info][gc,metaspace   ] GC(297) Metaspace: 6299K(6464K)->6299K(6464K) NonClass: 5765K(5824K)->5765K(5824K) Class: 533K(640K)->533K(640K)
[77.866s][info][gc             ] GC(297) Pause Full (Ergonomics) 7019M->7019M(7157M) 2246.922ms
[77.866s][info][gc,cpu         ] GC(297) User=16.73s Sys=0.00s Real=2.25s
[77.866s][info][gc,start       ] GC(298) Pause Full (Ergonomics)
[77.866s][info][gc,phases,start] GC(298) Marking Phase
[79.529s][info][gc,phases      ] GC(298) Marking Phase 1662.626ms
[79.529s][info][gc,phases,start] GC(298) Summary Phase
[79.529s][info][gc,phases      ] GC(298) Summary Phase 0.080ms
[79.529s][info][gc,phases,start] GC(298) Adjust Roots
[79.529s][info][gc,phases      ] GC(298) Adjust Roots 0.223ms
[79.529s][info][gc,phases,start] GC(298) Compaction Phase
[80.131s][info][gc,phases      ] GC(298) Compaction Phase 602.464ms
[80.131s][info][gc,phases,start] GC(298) Post Compact
[80.142s][info][gc,phases      ] GC(298) Post Compact 10.483ms
[80.142s][info][gc,heap        ] GC(298) PSYoungGen: 156204K(296960K)->156204K(296960K) Eden: 98303K(98304K)->98303K(98304K) From: 57901K(198656K)->57901K(198656K)
[80.142s][info][gc,heap        ] GC(298) ParOldGen: 7031677K(7031808K)->7031677K(7031808K)
[80.142s][info][gc,metaspace   ] GC(298) Metaspace: 6299K(6464K)->6299K(6464K) NonClass: 5765K(5824K)->5765K(5824K) Class: 533K(640K)->533K(640K)
[80.142s][info][gc             ] GC(298) Pause Full (Ergonomics) 7019M->7019M(7157M) 2276.222ms
[80.142s][info][gc,cpu         ] GC(298) User=16.72s Sys=0.02s Real=2.28s
[80.142s][info][gc,start       ] GC(299) Pause Full (Ergonomics)
[80.142s][info][gc,phases,start] GC(299) Marking Phase
[81.823s][info][gc,phases      ] GC(299) Marking Phase 1680.533ms
[81.823s][info][gc,phases,start] GC(299) Summary Phase
[81.823s][info][gc,phases      ] GC(299) Summary Phase 0.071ms
[81.823s][info][gc,phases,start] GC(299) Adjust Roots
[81.823s][info][gc,phases      ] GC(299) Adjust Roots 0.163ms
[81.823s][info][gc,phases,start] GC(299) Compaction Phase
[82.389s][info][gc,phases      ] GC(299) Compaction Phase 565.498ms
[82.389s][info][gc,phases,start] GC(299) Post Compact
[82.399s][info][gc,phases      ] GC(299) Post Compact 10.655ms
[82.399s][info][gc,heap        ] GC(299) PSYoungGen: 156204K(296960K)->156204K(296960K) Eden: 98303K(98304K)->98303K(98304K) From: 57901K(198656K)->57901K(198656K)
[82.399s][info][gc,heap        ] GC(299) ParOldGen: 7031681K(7031808K)->7031681K(7031808K)
[82.400s][info][gc,metaspace   ] GC(299) Metaspace: 6299K(6464K)->6299K(6464K) NonClass: 5765K(5824K)->5765K(5824K) Class: 533K(640K)->533K(640K)
[82.400s][info][gc             ] GC(299) Pause Full (Ergonomics) 7019M->7019M(7157M) 2257.263ms
[82.400s][info][gc,cpu         ] GC(299) User=16.95s Sys=0.02s Real=2.26s
[82.400s][info][gc,start       ] GC(300) Pause Full (Ergonomics)
[82.400s][info][gc,phases,start] GC(300) Marking Phase
[84.079s][info][gc,phases      ] GC(300) Marking Phase 1678.825ms
[84.079s][info][gc,phases,start] GC(300) Summary Phase
[84.079s][info][gc,phases      ] GC(300) Summary Phase 0.071ms
[84.079s][info][gc,phases,start] GC(300) Adjust Roots
[84.079s][info][gc,phases      ] GC(300) Adjust Roots 0.164ms
[84.079s][info][gc,phases,start] GC(300) Compaction Phase
[84.646s][info][gc,phases      ] GC(300) Compaction Phase 567.342ms
[84.646s][info][gc,phases,start] GC(300) Post Compact
[84.657s][info][gc,phases      ] GC(300) Post Compact 10.549ms
[84.657s][info][gc,heap        ] GC(300) PSYoungGen: 156204K(296960K)->156204K(296960K) Eden: 98303K(98304K)->98303K(98304K) From: 57901K(198656K)->57901K(198656K)
[84.657s][info][gc,heap        ] GC(300) ParOldGen: 7031686K(7031808K)->7031686K(7031808K)
[84.657s][info][gc,metaspace   ] GC(300) Metaspace: 6299K(6464K)->6299K(6464K) NonClass: 5765K(5824K)->5765K(5824K) Class: 533K(640K)->533K(640K)
[84.657s][info][gc             ] GC(300) Pause Full (Ergonomics) 7019M->7019M(7157M) 2257.316ms
[84.657s][info][gc,cpu         ] GC(300) User=16.89s Sys=0.02s Real=2.26s
[84.657s][info][gc,start       ] GC(301) Pause Full (Ergonomics)
[84.657s][info][gc,phases,start] GC(301) Marking Phase
[86.360s][info][gc,phases      ] GC(301) Marking Phase 1702.754ms
[86.360s][info][gc,phases,start] GC(301) Summary Phase
[86.360s][info][gc,phases      ] GC(301) Summary Phase 0.084ms
[86.360s][info][gc,phases,start] GC(301) Adjust Roots
[86.360s][info][gc,phases      ] GC(301) Adjust Roots 0.173ms
[86.360s][info][gc,phases,start] GC(301) Compaction Phase
[86.978s][info][gc,phases      ] GC(301) Compaction Phase 617.543ms
[86.978s][info][gc,phases,start] GC(301) Post Compact
[86.989s][info][gc,phases      ] GC(301) Post Compact 11.297ms
[86.989s][info][gc,heap        ] GC(301) PSYoungGen: 156204K(296960K)->156204K(296960K) Eden: 98303K(98304K)->98303K(98304K) From: 57901K(198656K)->57901K(198656K)
[86.989s][info][gc,heap        ] GC(301) ParOldGen: 7031691K(7031808K)->7031691K(7031808K)
[86.989s][info][gc,metaspace   ] GC(301) Metaspace: 6299K(6464K)->6299K(6464K) NonClass: 5765K(5824K)->5765K(5824K) Class: 533K(640K)->533K(640K)
[86.990s][info][gc             ] GC(301) Pause Full (Ergonomics) 7019M->7019M(7157M) 2332.189ms
[86.990s][info][gc,cpu         ] GC(301) User=17.39s Sys=0.00s Real=2.33s
[86.990s][info][gc,start       ] GC(302) Pause Full (Ergonomics)
[86.990s][info][gc,phases,start] GC(302) Marking Phase
[88.695s][info][gc,phases      ] GC(302) Marking Phase 1705.079ms
[88.695s][info][gc,phases,start] GC(302) Summary Phase
[88.695s][info][gc,phases      ] GC(302) Summary Phase 0.085ms
[88.695s][info][gc,phases,start] GC(302) Adjust Roots
[88.695s][info][gc,phases      ] GC(302) Adjust Roots 0.180ms
[88.695s][info][gc,phases,start] GC(302) Compaction Phase
[89.270s][info][gc,phases      ] GC(302) Compaction Phase 575.208ms
[89.270s][info][gc,phases,start] GC(302) Post Compact
[89.281s][info][gc,phases      ] GC(302) Post Compact 10.860ms
[89.281s][info][gc,heap        ] GC(302) PSYoungGen: 156204K(296960K)->156204K(296960K) Eden: 98303K(98304K)->98303K(98304K) From: 57901K(198656K)->57901K(198656K)
[89.281s][info][gc,heap        ] GC(302) ParOldGen: 7031696K(7031808K)->7031696K(7031808K)
[89.281s][info][gc,metaspace   ] GC(302) Metaspace: 6299K(6464K)->6299K(6464K) NonClass: 5765K(5824K)->5765K(5824K) Class: 533K(640K)->533K(640K)
[89.281s][info][gc             ] GC(302) Pause Full (Ergonomics) 7019M->7019M(7157M) 2291.752ms
[89.281s][info][gc,cpu         ] GC(302) User=17.31s Sys=0.00s Real=2.29s
[89.282s][info][gc,start       ] GC(303) Pause Full (Ergonomics)
[89.282s][info][gc,phases,start] GC(303) Marking Phase
[91.046s][info][gc,phases      ] GC(303) Marking Phase 1763.967ms
[91.046s][info][gc,phases,start] GC(303) Summary Phase
[91.046s][info][gc,phases      ] GC(303) Summary Phase 0.111ms
[91.046s][info][gc,phases,start] GC(303) Adjust Roots
[91.046s][info][gc,phases      ] GC(303) Adjust Roots 0.403ms
[91.046s][info][gc,phases,start] GC(303) Compaction Phase
[91.729s][info][gc,phases      ] GC(303) Compaction Phase 682.412ms
[91.729s][info][gc,phases,start] GC(303) Post Compact
[91.741s][info][gc,phases      ] GC(303) Post Compact 11.803ms
[91.741s][info][gc,heap        ] GC(303) PSYoungGen: 156204K(296960K)->156204K(296960K) Eden: 98303K(98304K)->98303K(98304K) From: 57901K(198656K)->57901K(198656K)
[91.741s][info][gc,heap        ] GC(303) ParOldGen: 7031701K(7031808K)->7031701K(7031808K)
[91.741s][info][gc,metaspace   ] GC(303) Metaspace: 6299K(6464K)->6299K(6464K) NonClass: 5765K(5824K)->5765K(5824K) Class: 533K(640K)->533K(640K)
[91.741s][info][gc             ] GC(303) Pause Full (Ergonomics) 7019M->7019M(7157M) 2459.135ms
[91.741s][info][gc,cpu         ] GC(303) User=17.73s Sys=0.02s Real=2.46s
[91.741s][info][gc,start       ] GC(304) Pause Full (Ergonomics)
[91.741s][info][gc,phases,start] GC(304) Marking Phase
[93.490s][info][gc,phases      ] GC(304) Marking Phase 1749.277ms
[93.490s][info][gc,phases,start] GC(304) Summary Phase
[93.491s][info][gc,phases      ] GC(304) Summary Phase 0.129ms
[93.491s][info][gc,phases,start] GC(304) Adjust Roots
[93.491s][info][gc,phases      ] GC(304) Adjust Roots 0.322ms
[93.491s][info][gc,phases,start] GC(304) Compaction Phase
[94.178s][info][gc,phases      ] GC(304) Compaction Phase 687.335ms
[94.178s][info][gc,phases,start] GC(304) Post Compact
[94.191s][info][gc,phases      ] GC(304) Post Compact 12.430ms
[94.191s][info][gc,heap        ] GC(304) PSYoungGen: 156204K(296960K)->156204K(296960K) Eden: 98303K(98304K)->98303K(98304K) From: 57901K(198656K)->57901K(198656K)
[94.191s][info][gc,heap        ] GC(304) ParOldGen: 7031706K(7031808K)->7031706K(7031808K)
[94.191s][info][gc,metaspace   ] GC(304) Metaspace: 6299K(6464K)->6299K(6464K) NonClass: 5765K(5824K)->5765K(5824K) Class: 533K(640K)->533K(640K)
[94.191s][info][gc             ] GC(304) Pause Full (Ergonomics) 7019M->7019M(7157M) 2449.929ms
[94.191s][info][gc,cpu         ] GC(304) User=17.67s Sys=0.00s Real=2.45s
[94.191s][info][gc,start       ] GC(305) Pause Full (Ergonomics)
[94.191s][info][gc,phases,start] GC(305) Marking Phase
[95.922s][info][gc,phases      ] GC(305) Marking Phase 1731.218ms
[95.923s][info][gc,phases,start] GC(305) Summary Phase
[95.923s][info][gc,phases      ] GC(305) Summary Phase 0.100ms
[95.923s][info][gc,phases,start] GC(305) Adjust Roots
[95.923s][info][gc,phases      ] GC(305) Adjust Roots 0.271ms
[95.923s][info][gc,phases,start] GC(305) Compaction Phase
[96.585s][info][gc,phases      ] GC(305) Compaction Phase 662.402ms
[96.585s][info][gc,phases,start] GC(305) Post Compact
[96.599s][info][gc,phases      ] GC(305) Post Compact 13.628ms
[96.599s][info][gc,heap        ] GC(305) PSYoungGen: 156204K(296960K)->156204K(296960K) Eden: 98303K(98304K)->98303K(98304K) From: 57901K(198656K)->57901K(198656K)
[96.599s][info][gc,heap        ] GC(305) ParOldGen: 7031710K(7031808K)->7031710K(7031808K)
[96.599s][info][gc,metaspace   ] GC(305) Metaspace: 6299K(6464K)->6299K(6464K) NonClass: 5765K(5824K)->5765K(5824K) Class: 533K(640K)->533K(640K)
[96.599s][info][gc             ] GC(305) Pause Full (Ergonomics) 7019M->7019M(7157M) 2408.008ms
[96.599s][info][gc,cpu         ] GC(305) User=17.67s Sys=0.02s Real=2.41s
[96.599s][info][gc,start       ] GC(306) Pause Full (Ergonomics)
[96.599s][info][gc,phases,start] GC(306) Marking Phase
[98.329s][info][gc,phases      ] GC(306) Marking Phase 1729.041ms
[98.329s][info][gc,phases,start] GC(306) Summary Phase
[98.329s][info][gc,phases      ] GC(306) Summary Phase 0.112ms
[98.329s][info][gc,phases,start] GC(306) Adjust Roots
[98.329s][info][gc,phases      ] GC(306) Adjust Roots 0.289ms
[98.329s][info][gc,phases,start] GC(306) Compaction Phase
[99.008s][info][gc,phases      ] GC(306) Compaction Phase 679.236ms
[99.008s][info][gc,phases,start] GC(306) Post Compact
[99.019s][info][gc,phases      ] GC(306) Post Compact 10.636ms
[99.019s][info][gc,heap        ] GC(306) PSYoungGen: 156204K(296960K)->156204K(296960K) Eden: 98303K(98304K)->98303K(98304K) From: 57901K(198656K)->57901K(198656K)
[99.019s][info][gc,heap        ] GC(306) ParOldGen: 7031715K(7031808K)->7031715K(7031808K)
[99.019s][info][gc,metaspace   ] GC(306) Metaspace: 6299K(6464K)->6299K(6464K) NonClass: 5765K(5824K)->5765K(5824K) Class: 533K(640K)->533K(640K)
[99.019s][info][gc             ] GC(306) Pause Full (Ergonomics) 7019M->7019M(7157M) 2419.724ms
[99.019s][info][gc,cpu         ] GC(306) User=17.52s Sys=0.00s Real=2.42s
[99.019s][info][gc,start       ] GC(307) Pause Full (Ergonomics)
[99.019s][info][gc,phases,start] GC(307) Marking Phase
[100.745s][info][gc,phases      ] GC(307) Marking Phase 1725.866ms
[100.745s][info][gc,phases,start] GC(307) Summary Phase
[100.745s][info][gc,phases      ] GC(307) Summary Phase 0.100ms
[100.745s][info][gc,phases,start] GC(307) Adjust Roots
[100.746s][info][gc,phases      ] GC(307) Adjust Roots 0.295ms
[100.746s][info][gc,phases,start] GC(307) Compaction Phase
[101.384s][info][gc,phases      ] GC(307) Compaction Phase 638.268ms
[101.384s][info][gc,phases,start] GC(307) Post Compact
[101.395s][info][gc,phases      ] GC(307) Post Compact 10.705ms
[101.395s][info][gc,heap        ] GC(307) PSYoungGen: 156204K(296960K)->156204K(296960K) Eden: 98303K(98304K)->98303K(98304K) From: 57901K(198656K)->57901K(198656K)
[101.395s][info][gc,heap        ] GC(307) ParOldGen: 7031720K(7031808K)->7031720K(7031808K)
[101.395s][info][gc,metaspace   ] GC(307) Metaspace: 6299K(6464K)->6299K(6464K) NonClass: 5765K(5824K)->5765K(5824K) Class: 533K(640K)->533K(640K)
[101.395s][info][gc             ] GC(307) Pause Full (Ergonomics) 7019M->7019M(7157M) 2375.637ms
[101.395s][info][gc,cpu         ] GC(307) User=17.44s Sys=0.02s Real=2.38s
[101.395s][info][gc,start       ] GC(308) Pause Full (Ergonomics)
[101.395s][info][gc,phases,start] GC(308) Marking Phase
[103.152s][info][gc,phases      ] GC(308) Marking Phase 1756.781ms
[103.152s][info][gc,phases,start] GC(308) Summary Phase
[103.152s][info][gc,phases      ] GC(308) Summary Phase 0.142ms
[103.152s][info][gc,phases,start] GC(308) Adjust Roots
[103.153s][info][gc,phases      ] GC(308) Adjust Roots 0.397ms
[103.153s][info][gc,phases,start] GC(308) Compaction Phase
[103.763s][info][gc,phases      ] GC(308) Compaction Phase 610.645ms
[103.763s][info][gc,phases,start] GC(308) Post Compact
[103.774s][info][gc,phases      ] GC(308) Post Compact 10.612ms
[103.774s][info][gc,heap        ] GC(308) PSYoungGen: 156204K(296960K)->156204K(296960K) Eden: 98303K(98304K)->98303K(98304K) From: 57901K(198656K)->57901K(198656K)
[103.774s][info][gc,heap        ] GC(308) ParOldGen: 7031725K(7031808K)->7031725K(7031808K)
[103.774s][info][gc,metaspace   ] GC(308) Metaspace: 6299K(6464K)->6299K(6464K) NonClass: 5765K(5824K)->5765K(5824K) Class: 533K(640K)->533K(640K)
[103.774s][info][gc             ] GC(308) Pause Full (Ergonomics) 7019M->7019M(7157M) 2379.003ms
[103.774s][info][gc,cpu         ] GC(308) User=17.70s Sys=0.00s Real=2.38s
[103.774s][info][gc,start       ] GC(309) Pause Full (Ergonomics)
[103.774s][info][gc,phases,start] GC(309) Marking Phase
[105.517s][info][gc,phases      ] GC(309) Marking Phase 1742.864ms
[105.517s][info][gc,phases,start] GC(309) Summary Phase
[105.517s][info][gc,phases      ] GC(309) Summary Phase 0.080ms
[105.517s][info][gc,phases,start] GC(309) Adjust Roots
[105.518s][info][gc,phases      ] GC(309) Adjust Roots 0.236ms
[105.518s][info][gc,phases,start] GC(309) Compaction Phase
[106.119s][info][gc,phases      ] GC(309) Compaction Phase 601.416ms
[106.119s][info][gc,phases,start] GC(309) Post Compact
[106.130s][info][gc,phases      ] GC(309) Post Compact 10.595ms
[106.130s][info][gc,heap        ] GC(309) PSYoungGen: 156204K(296960K)->156204K(296960K) Eden: 98303K(98304K)->98303K(98304K) From: 57901K(198656K)->57901K(198656K)
[106.130s][info][gc,heap        ] GC(309) ParOldGen: 7031730K(7031808K)->7031730K(7031808K)
[106.130s][info][gc,metaspace   ] GC(309) Metaspace: 6299K(6464K)->6299K(6464K) NonClass: 5765K(5824K)->5765K(5824K) Class: 533K(640K)->533K(640K)
[106.130s][info][gc             ] GC(309) Pause Full (Ergonomics) 7019M->7019M(7157M) 2355.561ms
[106.130s][info][gc,cpu         ] GC(309) User=17.61s Sys=0.00s Real=2.36s
[106.130s][info][gc,start       ] GC(310) Pause Full (Ergonomics)
[106.130s][info][gc,phases,start] GC(310) Marking Phase
[107.882s][info][gc,phases      ] GC(310) Marking Phase 1751.803ms
[107.882s][info][gc,phases,start] GC(310) Summary Phase
[107.882s][info][gc,phases      ] GC(310) Summary Phase 0.133ms
[107.882s][info][gc,phases,start] GC(310) Adjust Roots
[107.883s][info][gc,phases      ] GC(310) Adjust Roots 0.276ms
[107.883s][info][gc,phases,start] GC(310) Compaction Phase
[108.487s][info][gc,phases      ] GC(310) Compaction Phase 604.552ms
[108.487s][info][gc,phases,start] GC(310) Post Compact
[108.498s][info][gc,phases      ] GC(310) Post Compact 10.618ms
[108.498s][info][gc,heap        ] GC(310) PSYoungGen: 156204K(296960K)->156204K(296960K) Eden: 98303K(98304K)->98303K(98304K) From: 57901K(198656K)->57901K(198656K)
[108.498s][info][gc,heap        ] GC(310) ParOldGen: 7031735K(7031808K)->7031735K(7031808K)
[108.498s][info][gc,metaspace   ] GC(310) Metaspace: 6299K(6464K)->6299K(6464K) NonClass: 5765K(5824K)->5765K(5824K) Class: 533K(640K)->533K(640K)
[108.498s][info][gc             ] GC(310) Pause Full (Ergonomics) 7019M->7019M(7157M) 2367.770ms
[108.498s][info][gc,cpu         ] GC(310) User=17.88s Sys=0.00s Real=2.37s
[108.498s][info][gc,start       ] GC(311) Pause Full (Ergonomics)
[108.498s][info][gc,phases,start] GC(311) Marking Phase
[110.281s][info][gc,phases      ] GC(311) Marking Phase 1782.519ms
[110.281s][info][gc,phases,start] GC(311) Summary Phase
[110.281s][info][gc,phases      ] GC(311) Summary Phase 0.086ms
[110.281s][info][gc,phases,start] GC(311) Adjust Roots
[110.281s][info][gc,phases      ] GC(311) Adjust Roots 0.220ms
[110.281s][info][gc,phases,start] GC(311) Compaction Phase
[110.899s][info][gc,phases      ] GC(311) Compaction Phase 617.593ms
[110.899s][info][gc,phases,start] GC(311) Post Compact
[110.909s][info][gc,phases      ] GC(311) Post Compact 10.595ms
[110.910s][info][gc,heap        ] GC(311) PSYoungGen: 156204K(296960K)->156204K(296960K) Eden: 98303K(98304K)->98303K(98304K) From: 57901K(198656K)->57901K(198656K)
[110.910s][info][gc,heap        ] GC(311) ParOldGen: 7031739K(7031808K)->7031739K(7031808K)
[110.910s][info][gc,metaspace   ] GC(311) Metaspace: 6299K(6464K)->6299K(6464K) NonClass: 5765K(5824K)->5765K(5824K) Class: 533K(640K)->533K(640K)
[110.910s][info][gc             ] GC(311) Pause Full (Ergonomics) 7019M->7019M(7157M) 2411.388ms
[110.910s][info][gc,cpu         ] GC(311) User=17.98s Sys=0.00s Real=2.41s
[110.910s][info][gc,start       ] GC(312) Pause Full (Ergonomics)
[110.910s][info][gc,phases,start] GC(312) Marking Phase
[112.673s][info][gc,phases      ] GC(312) Marking Phase 1762.757ms
[112.673s][info][gc,phases,start] GC(312) Summary Phase
[112.673s][info][gc,phases      ] GC(312) Summary Phase 0.137ms
[112.673s][info][gc,phases,start] GC(312) Adjust Roots
[112.673s][info][gc,phases      ] GC(312) Adjust Roots 0.269ms
[112.673s][info][gc,phases,start] GC(312) Compaction Phase
[113.296s][info][gc,phases      ] GC(312) Compaction Phase 622.945ms
[113.296s][info][gc,phases,start] GC(312) Post Compact
[113.308s][info][gc,phases      ] GC(312) Post Compact 12.077ms
[113.308s][info][gc,heap        ] GC(312) PSYoungGen: 156204K(296960K)->156204K(296960K) Eden: 98303K(98304K)->98303K(98304K) From: 57901K(198656K)->57901K(198656K)
[113.308s][info][gc,heap        ] GC(312) ParOldGen: 7031744K(7031808K)->7031744K(7031808K)
[113.308s][info][gc,metaspace   ] GC(312) Metaspace: 6299K(6464K)->6299K(6464K) NonClass: 5765K(5824K)->5765K(5824K) Class: 533K(640K)->533K(640K)
[113.308s][info][gc             ] GC(312) Pause Full (Ergonomics) 7019M->7019M(7157M) 2398.568ms
[113.308s][info][gc,cpu         ] GC(312) User=18.06s Sys=0.00s Real=2.40s
[113.309s][info][gc,start       ] GC(313) Pause Full (Ergonomics)
[113.309s][info][gc,phases,start] GC(313) Marking Phase
[115.040s][info][gc,phases      ] GC(313) Marking Phase 1731.737ms
[115.040s][info][gc,phases,start] GC(313) Summary Phase
[115.041s][info][gc,phases      ] GC(313) Summary Phase 0.081ms
[115.041s][info][gc,phases,start] GC(313) Adjust Roots
[115.041s][info][gc,phases      ] GC(313) Adjust Roots 0.181ms
[115.041s][info][gc,phases,start] GC(313) Compaction Phase
[115.629s][info][gc,phases      ] GC(313) Compaction Phase 588.093ms
[115.629s][info][gc,phases,start] GC(313) Post Compact
[115.640s][info][gc,phases      ] GC(313) Post Compact 10.810ms
[115.640s][info][gc,heap        ] GC(313) PSYoungGen: 156204K(296960K)->156204K(296960K) Eden: 98303K(98304K)->98303K(98304K) From: 57901K(198656K)->57901K(198656K)
[115.640s][info][gc,heap        ] GC(313) ParOldGen: 7031749K(7031808K)->7031749K(7031808K)
[115.640s][info][gc,metaspace   ] GC(313) Metaspace: 6299K(6464K)->6299K(6464K) NonClass: 5765K(5824K)->5765K(5824K) Class: 533K(640K)->533K(640K)
[115.640s][info][gc             ] GC(313) Pause Full (Ergonomics) 7019M->7019M(7157M) 2331.248ms
[115.640s][info][gc,cpu         ] GC(313) User=17.67s Sys=0.00s Real=2.33s
[115.640s][info][gc,start       ] GC(314) Pause Full (Ergonomics)
[115.640s][info][gc,phases,start] GC(314) Marking Phase
[117.402s][info][gc,phases      ] GC(314) Marking Phase 1761.654ms
[117.402s][info][gc,phases,start] GC(314) Summary Phase
[117.402s][info][gc,phases      ] GC(314) Summary Phase 0.092ms
[117.402s][info][gc,phases,start] GC(314) Adjust Roots
[117.402s][info][gc,phases      ] GC(314) Adjust Roots 0.221ms
[117.402s][info][gc,phases,start] GC(314) Compaction Phase
[118.013s][info][gc,phases      ] GC(314) Compaction Phase 611.010ms
[118.013s][info][gc,phases,start] GC(314) Post Compact
[118.024s][info][gc,phases      ] GC(314) Post Compact 10.802ms
[118.024s][info][gc,heap        ] GC(314) PSYoungGen: 156204K(296960K)->156204K(296960K) Eden: 98303K(98304K)->98303K(98304K) From: 57901K(198656K)->57901K(198656K)
[118.024s][info][gc,heap        ] GC(314) ParOldGen: 7031754K(7031808K)->7031754K(7031808K)
[118.024s][info][gc,metaspace   ] GC(314) Metaspace: 6299K(6464K)->6299K(6464K) NonClass: 5765K(5824K)->5765K(5824K) Class: 533K(640K)->533K(640K)
[118.024s][info][gc             ] GC(314) Pause Full (Ergonomics) 7019M->7019M(7157M) 2384.144ms
[118.024s][info][gc,cpu         ] GC(314) User=17.62s Sys=0.00s Real=2.38s
[118.024s][info][gc,start       ] GC(315) Pause Full (Ergonomics)
[118.025s][info][gc,phases,start] GC(315) Marking Phase
[119.746s][info][gc,phases      ] GC(315) Marking Phase 1721.063ms
[119.746s][info][gc,phases,start] GC(315) Summary Phase
[119.746s][info][gc,phases      ] GC(315) Summary Phase 0.084ms
[119.746s][info][gc,phases,start] GC(315) Adjust Roots
[119.746s][info][gc,phases      ] GC(315) Adjust Roots 0.198ms
[119.746s][info][gc,phases,start] GC(315) Compaction Phase
[120.357s][info][gc,phases      ] GC(315) Compaction Phase 611.324ms
[120.357s][info][gc,phases,start] GC(315) Post Compact
[120.369s][info][gc,phases      ] GC(315) Post Compact 11.136ms
[120.369s][info][gc,heap        ] GC(315) PSYoungGen: 156204K(296960K)->156204K(296960K) Eden: 98303K(98304K)->98303K(98304K) From: 57901K(198656K)->57901K(198656K)
[120.369s][info][gc,heap        ] GC(315) ParOldGen: 7031759K(7031808K)->7031759K(7031808K)
[120.369s][info][gc,metaspace   ] GC(315) Metaspace: 6299K(6464K)->6299K(6464K) NonClass: 5765K(5824K)->5765K(5824K) Class: 533K(640K)->533K(640K)
[120.369s][info][gc             ] GC(315) Pause Full (Ergonomics) 7019M->7019M(7157M) 2344.172ms
[120.369s][info][gc,cpu         ] GC(315) User=17.36s Sys=0.00s Real=2.34s
[120.369s][info][gc,start       ] GC(316) Pause Full (Ergonomics)
[120.369s][info][gc,phases,start] GC(316) Marking Phase
[122.122s][info][gc,phases      ] GC(316) Marking Phase 1752.936ms
[122.122s][info][gc,phases,start] GC(316) Summary Phase
[122.122s][info][gc,phases      ] GC(316) Summary Phase 0.071ms
[122.122s][info][gc,phases,start] GC(316) Adjust Roots
[122.122s][info][gc,phases      ] GC(316) Adjust Roots 0.263ms
[122.122s][info][gc,phases,start] GC(316) Compaction Phase
[122.768s][info][gc,phases      ] GC(316) Compaction Phase 645.394ms
[122.768s][info][gc,phases,start] GC(316) Post Compact
[122.778s][info][gc,phases      ] GC(316) Post Compact 10.648ms
[122.779s][info][gc,heap        ] GC(316) PSYoungGen: 156204K(296960K)->156204K(296960K) Eden: 98303K(98304K)->98303K(98304K) From: 57901K(198656K)->57901K(198656K)
[122.779s][info][gc,heap        ] GC(316) ParOldGen: 7031764K(7031808K)->7031764K(7031808K)
[122.779s][info][gc,metaspace   ] GC(316) Metaspace: 6299K(6464K)->6299K(6464K) NonClass: 5765K(5824K)->5765K(5824K) Class: 533K(640K)->533K(640K)
[122.779s][info][gc             ] GC(316) Pause Full (Ergonomics) 7019M->7019M(7157M) 2409.686ms
[122.779s][info][gc,cpu         ] GC(316) User=17.73s Sys=0.00s Real=2.41s
[122.779s][info][gc,start       ] GC(317) Pause Full (Ergonomics)
[122.779s][info][gc,phases,start] GC(317) Marking Phase
[124.531s][info][gc,phases      ] GC(317) Marking Phase 1752.550ms
[124.531s][info][gc,phases,start] GC(317) Summary Phase
[124.531s][info][gc,phases      ] GC(317) Summary Phase 0.075ms
[124.532s][info][gc,phases,start] GC(317) Adjust Roots
[124.532s][info][gc,phases      ] GC(317) Adjust Roots 0.185ms
[124.532s][info][gc,phases,start] GC(317) Compaction Phase
[125.116s][info][gc,phases      ] GC(317) Compaction Phase 584.636ms
[125.116s][info][gc,phases,start] GC(317) Post Compact
[125.127s][info][gc,phases      ] GC(317) Post Compact 10.715ms
[125.127s][info][gc,heap        ] GC(317) PSYoungGen: 156204K(296960K)->156204K(296960K) Eden: 98303K(98304K)->98303K(98304K) From: 57901K(198656K)->57901K(198656K)
[125.127s][info][gc,heap        ] GC(317) ParOldGen: 7031768K(7031808K)->7031768K(7031808K)
[125.127s][info][gc,metaspace   ] GC(317) Metaspace: 6299K(6464K)->6299K(6464K) NonClass: 5765K(5824K)->5765K(5824K) Class: 533K(640K)->533K(640K)
[125.127s][info][gc             ] GC(317) Pause Full (Ergonomics) 7019M->7019M(7157M) 2348.498ms
[125.127s][info][gc,cpu         ] GC(317) User=17.61s Sys=0.00s Real=2.35s
[125.127s][info][gc,start       ] GC(318) Pause Full (Ergonomics)
[125.128s][info][gc,phases,start] GC(318) Marking Phase
[126.904s][info][gc,phases      ] GC(318) Marking Phase 1776.325ms
[126.904s][info][gc,phases,start] GC(318) Summary Phase
[126.904s][info][gc,phases      ] GC(318) Summary Phase 0.126ms
[126.904s][info][gc,phases,start] GC(318) Adjust Roots
[126.904s][info][gc,phases      ] GC(318) Adjust Roots 0.188ms
[126.904s][info][gc,phases,start] GC(318) Compaction Phase
[127.481s][info][gc,phases      ] GC(318) Compaction Phase 576.651ms
[127.481s][info][gc,phases,start] GC(318) Post Compact
[127.492s][info][gc,phases      ] GC(318) Post Compact 10.670ms
[127.492s][info][gc,heap        ] GC(318) PSYoungGen: 156204K(296960K)->156204K(296960K) Eden: 98303K(98304K)->98303K(98304K) From: 57901K(198656K)->57901K(198656K)
[127.492s][info][gc,heap        ] GC(318) ParOldGen: 7031773K(7031808K)->7031773K(7031808K)
[127.492s][info][gc,metaspace   ] GC(318) Metaspace: 6299K(6464K)->6299K(6464K) NonClass: 5765K(5824K)->5765K(5824K) Class: 533K(640K)->533K(640K)
[127.492s][info][gc             ] GC(318) Pause Full (Ergonomics) 7019M->7019M(7157M) 2364.326ms
[127.492s][info][gc,cpu         ] GC(318) User=17.84s Sys=0.00s Real=2.37s
[127.492s][info][gc,start       ] GC(319) Pause Full (Ergonomics)
[127.492s][info][gc,phases,start] GC(319) Marking Phase
[129.278s][info][gc,phases      ] GC(319) Marking Phase 1785.463ms
[129.278s][info][gc,phases,start] GC(319) Summary Phase
[129.278s][info][gc,phases      ] GC(319) Summary Phase 0.070ms
[129.278s][info][gc,phases,start] GC(319) Adjust Roots
[129.278s][info][gc,phases      ] GC(319) Adjust Roots 0.161ms
[129.278s][info][gc,phases,start] GC(319) Compaction Phase
[129.865s][info][gc,phases      ] GC(319) Compaction Phase 587.576ms
[129.865s][info][gc,phases,start] GC(319) Post Compact
[129.876s][info][gc,phases      ] GC(319) Post Compact 10.787ms
[129.876s][info][gc,heap        ] GC(319) PSYoungGen: 156204K(296960K)->156204K(296960K) Eden: 98303K(98304K)->98303K(98304K) From: 57901K(198656K)->57901K(198656K)
[129.876s][info][gc,heap        ] GC(319) ParOldGen: 7031778K(7031808K)->7031778K(7031808K)
[129.876s][info][gc,metaspace   ] GC(319) Metaspace: 6299K(6464K)->6299K(6464K) NonClass: 5765K(5824K)->5765K(5824K) Class: 533K(640K)->533K(640K)
[129.876s][info][gc             ] GC(319) Pause Full (Ergonomics) 7019M->7019M(7157M) 2384.394ms
[129.876s][info][gc,cpu         ] GC(319) User=17.97s Sys=0.00s Real=2.38s
[129.877s][info][gc,start       ] GC(320) Pause Full (Ergonomics)
[129.877s][info][gc,phases,start] GC(320) Marking Phase
[131.615s][info][gc,phases      ] GC(320) Marking Phase 1738.384ms
[131.615s][info][gc,phases,start] GC(320) Summary Phase
[131.615s][info][gc,phases      ] GC(320) Summary Phase 0.072ms
[131.615s][info][gc,phases,start] GC(320) Adjust Roots
[131.615s][info][gc,phases      ] GC(320) Adjust Roots 0.172ms
[131.615s][info][gc,phases,start] GC(320) Compaction Phase
[132.203s][info][gc,phases      ] GC(320) Compaction Phase 588.113ms
[132.204s][info][gc,phases,start] GC(320) Post Compact
[132.214s][info][gc,phases      ] GC(320) Post Compact 10.704ms
[132.214s][info][gc,heap        ] GC(320) PSYoungGen: 156204K(296960K)->156204K(296960K) Eden: 98303K(98304K)->98303K(98304K) From: 57901K(198656K)->57901K(198656K)
[132.214s][info][gc,heap        ] GC(320) ParOldGen: 7031783K(7031808K)->7031783K(7031808K)
[132.214s][info][gc,metaspace   ] GC(320) Metaspace: 6299K(6464K)->6299K(6464K) NonClass: 5765K(5824K)->5765K(5824K) Class: 533K(640K)->533K(640K)
[132.214s][info][gc             ] GC(320) Pause Full (Ergonomics) 7019M->7019M(7157M) 2337.788ms
[132.214s][info][gc,cpu         ] GC(320) User=17.73s Sys=0.00s Real=2.34s
[132.215s][info][gc,start       ] GC(321) Pause Full (Ergonomics)
[132.215s][info][gc,phases,start] GC(321) Marking Phase
[133.960s][info][gc,phases      ] GC(321) Marking Phase 1744.907ms
[133.960s][info][gc,phases,start] GC(321) Summary Phase
[133.960s][info][gc,phases      ] GC(321) Summary Phase 0.071ms
[133.960s][info][gc,phases,start] GC(321) Adjust Roots
[133.960s][info][gc,phases      ] GC(321) Adjust Roots 0.167ms
[133.960s][info][gc,phases,start] GC(321) Compaction Phase
[134.582s][info][gc,phases      ] GC(321) Compaction Phase 621.811ms
[134.582s][info][gc,phases,start] GC(321) Post Compact
[134.592s][info][gc,phases      ] GC(321) Post Compact 10.576ms
[134.592s][info][gc,heap        ] GC(321) PSYoungGen: 156204K(296960K)->156204K(296960K) Eden: 98303K(98304K)->98303K(98304K) From: 57901K(198656K)->57901K(198656K)
[134.592s][info][gc,heap        ] GC(321) ParOldGen: 7031788K(7031808K)->7031788K(7031808K)
[134.592s][info][gc,metaspace   ] GC(321) Metaspace: 6299K(6464K)->6299K(6464K) NonClass: 5765K(5824K)->5765K(5824K) Class: 533K(640K)->533K(640K)
[134.593s][info][gc             ] GC(321) Pause Full (Ergonomics) 7019M->7019M(7157M) 2377.870ms
[134.593s][info][gc,cpu         ] GC(321) User=17.47s Sys=0.00s Real=2.38s
[134.593s][info][gc,start       ] GC(322) Pause Full (Ergonomics)
[134.593s][info][gc,phases,start] GC(322) Marking Phase
[136.343s][info][gc,phases      ] GC(322) Marking Phase 1749.807ms
[136.343s][info][gc,phases,start] GC(322) Summary Phase
[136.343s][info][gc,phases      ] GC(322) Summary Phase 0.070ms
[136.343s][info][gc,phases,start] GC(322) Adjust Roots
[136.343s][info][gc,phases      ] GC(322) Adjust Roots 0.235ms
[136.343s][info][gc,phases,start] GC(322) Compaction Phase
[136.954s][info][gc,phases      ] GC(322) Compaction Phase 610.526ms
[136.954s][info][gc,phases,start] GC(322) Post Compact
[136.964s][info][gc,phases      ] GC(322) Post Compact 10.739ms
[136.964s][info][gc,heap        ] GC(322) PSYoungGen: 156204K(296960K)->156204K(296960K) Eden: 98303K(98304K)->98303K(98304K) From: 57901K(198656K)->57901K(198656K)
[136.964s][info][gc,heap        ] GC(322) ParOldGen: 7031793K(7031808K)->7031793K(7031808K)
[136.964s][info][gc,metaspace   ] GC(322) Metaspace: 6299K(6464K)->6299K(6464K) NonClass: 5765K(5824K)->5765K(5824K) Class: 533K(640K)->533K(640K)
[136.964s][info][gc             ] GC(322) Pause Full (Ergonomics) 7019M->7019M(7157M) 2371.772ms
[136.964s][info][gc,cpu         ] GC(322) User=17.67s Sys=0.00s Real=2.37s
[136.965s][info][gc,start       ] GC(323) Pause Full (Ergonomics)
[136.965s][info][gc,phases,start] GC(323) Marking Phase
[138.722s][info][gc,phases      ] GC(323) Marking Phase 1756.775ms
[138.722s][info][gc,phases,start] GC(323) Summary Phase
[138.722s][info][gc,phases      ] GC(323) Summary Phase 0.082ms
[138.722s][info][gc,phases,start] GC(323) Adjust Roots
[138.722s][info][gc,phases      ] GC(323) Adjust Roots 0.209ms
[138.722s][info][gc,phases,start] GC(323) Compaction Phase
[139.368s][info][gc,phases      ] GC(323) Compaction Phase 646.271ms
[139.368s][info][gc,phases,start] GC(323) Post Compact
[139.379s][info][gc,phases      ] GC(323) Post Compact 10.509ms
[139.379s][info][gc,heap        ] GC(323) PSYoungGen: 156204K(296960K)->156204K(296960K) Eden: 98303K(98304K)->98303K(98304K) From: 57901K(198656K)->57901K(198656K)
[139.379s][info][gc,heap        ] GC(323) ParOldGen: 7031797K(7031808K)->7031797K(7031808K)
[139.379s][info][gc,metaspace   ] GC(323) Metaspace: 6299K(6464K)->6299K(6464K) NonClass: 5765K(5824K)->5765K(5824K) Class: 533K(640K)->533K(640K)
[139.379s][info][gc             ] GC(323) Pause Full (Ergonomics) 7019M->7019M(7157M) 2414.218ms
[139.379s][info][gc,cpu         ] GC(323) User=17.62s Sys=0.02s Real=2.41s
[139.379s][info][gc,start       ] GC(324) Pause Full (Ergonomics)
[139.379s][info][gc,phases,start] GC(324) Marking Phase
[141.092s][info][gc,phases      ] GC(324) Marking Phase 1712.665ms
[141.092s][info][gc,phases,start] GC(324) Summary Phase
[141.092s][info][gc,phases      ] GC(324) Summary Phase 0.071ms
[141.092s][info][gc,phases,start] GC(324) Adjust Roots
[141.092s][info][gc,phases      ] GC(324) Adjust Roots 0.194ms
[141.092s][info][gc,phases,start] GC(324) Compaction Phase
[141.699s][info][gc,phases      ] GC(324) Compaction Phase 606.990ms
[141.699s][info][gc,phases,start] GC(324) Post Compact
[141.710s][info][gc,phases      ] GC(324) Post Compact 10.471ms
[141.710s][info][gc,heap        ] GC(324) PSYoungGen: 156204K(296960K)->156204K(296960K) Eden: 98303K(98304K)->98303K(98304K) From: 57901K(198656K)->57901K(198656K)
[141.710s][info][gc,heap        ] GC(324) ParOldGen: 7031802K(7031808K)->7031802K(7031808K)
[141.710s][info][gc,metaspace   ] GC(324) Metaspace: 6299K(6464K)->6299K(6464K) NonClass: 5765K(5824K)->5765K(5824K) Class: 533K(640K)->533K(640K)
[141.710s][info][gc             ] GC(324) Pause Full (Ergonomics) 7019M->7019M(7157M) 2330.777ms
[141.710s][info][gc,cpu         ] GC(324) User=17.28s Sys=0.00s Real=2.33s
[141.710s][info][gc,start       ] GC(325) Pause Full (Ergonomics)
[141.710s][info][gc,phases,start] GC(325) Marking Phase
[143.427s][info][gc,phases      ] GC(325) Marking Phase 1716.619ms
[143.427s][info][gc,phases,start] GC(325) Summary Phase
[143.427s][info][gc,phases      ] GC(325) Summary Phase 0.071ms
[143.427s][info][gc,phases,start] GC(325) Adjust Roots
[143.427s][info][gc,phases      ] GC(325) Adjust Roots 0.168ms
[143.427s][info][gc,phases,start] GC(325) Compaction Phase
[144.035s][info][gc,phases      ] GC(325) Compaction Phase 607.642ms
[144.035s][info][gc,phases,start] GC(325) Post Compact
[144.046s][info][gc,phases      ] GC(325) Post Compact 10.686ms
[144.046s][info][gc,heap        ] GC(325) PSYoungGen: 156204K(296960K)->156204K(296960K) Eden: 98303K(98304K)->98303K(98304K) From: 57901K(198656K)->57901K(198656K)
[144.046s][info][gc,heap        ] GC(325) ParOldGen: 7031807K(7031808K)->7031807K(7031808K)
[144.046s][info][gc,metaspace   ] GC(325) Metaspace: 6299K(6464K)->6299K(6464K) NonClass: 5765K(5824K)->5765K(5824K) Class: 533K(640K)->533K(640K)
[144.046s][info][gc             ] GC(325) Pause Full (Ergonomics) 7019M->7019M(7157M) 2335.519ms
[144.046s][info][gc,cpu         ] GC(325) User=17.42s Sys=0.00s Real=2.34s
[144.046s][info][gc,start       ] GC(326) Pause Full (Ergonomics)
[144.046s][info][gc,phases,start] GC(326) Marking Phase
[145.777s][info][gc,phases      ] GC(326) Marking Phase 1730.900ms
[145.777s][info][gc,phases,start] GC(326) Summary Phase
[145.777s][info][gc,phases      ] GC(326) Summary Phase 0.074ms
[145.777s][info][gc,phases,start] GC(326) Adjust Roots
[145.777s][info][gc,phases      ] GC(326) Adjust Roots 0.170ms
[145.777s][info][gc,phases,start] GC(326) Compaction Phase
[146.391s][info][gc,phases      ] GC(326) Compaction Phase 614.132ms
[146.391s][info][gc,phases,start] GC(326) Post Compact
[146.402s][info][gc,phases      ] GC(326) Post Compact 10.775ms
[146.402s][info][gc,heap        ] GC(326) PSYoungGen: 156204K(296960K)->156204K(296960K) Eden: 98303K(98304K)->98303K(98304K) From: 57901K(198656K)->57901K(198656K)
[146.402s][info][gc,heap        ] GC(326) ParOldGen: 7031807K(7031808K)->7031807K(7031808K)
[146.402s][info][gc,metaspace   ] GC(326) Metaspace: 6299K(6464K)->6299K(6464K) NonClass: 5765K(5824K)->5765K(5824K) Class: 533K(640K)->533K(640K)
[146.402s][info][gc             ] GC(326) Pause Full (Ergonomics) 7019M->7019M(7157M) 2356.387ms
[146.402s][info][gc,cpu         ] GC(326) User=17.42s Sys=0.00s Real=2.36s
[146.402s][info][gc,start       ] GC(327) Pause Full (Allocation Failure)
[146.402s][info][gc,phases,start] GC(327) Marking Phase
[148.134s][info][gc,phases      ] GC(327) Marking Phase 1731.692ms
[148.134s][info][gc,phases,start] GC(327) Summary Phase
[148.134s][info][gc,phases      ] GC(327) Summary Phase 0.084ms
[148.134s][info][gc,phases,start] GC(327) Adjust Roots
[148.135s][info][gc,phases      ] GC(327) Adjust Roots 0.378ms
[148.135s][info][gc,phases,start] GC(327) Compaction Phase
[149.926s][info][gc,phases      ] GC(327) Compaction Phase 1791.847ms
[149.927s][info][gc,phases,start] GC(327) Post Compact
[149.937s][info][gc,phases      ] GC(327) Post Compact 10.930ms
[149.938s][info][gc,heap        ] GC(327) PSYoungGen: 156204K(296960K)->156204K(296960K) Eden: 98303K(98304K)->98303K(98304K) From: 57901K(198656K)->57901K(198656K)
[149.938s][info][gc,heap        ] GC(327) ParOldGen: 7031807K(7031808K)->7031803K(7031808K)
[149.938s][info][gc,metaspace   ] GC(327) Metaspace: 6299K(6464K)->6297K(6464K) NonClass: 5765K(5824K)->5764K(5824K) Class: 533K(640K)->532K(640K)
[149.938s][info][gc             ] GC(327) Pause Full (Allocation Failure) 7019M->7019M(7157M) 3535.315ms
[149.938s][info][gc,cpu         ] GC(327) User=26.09s Sys=0.02s Real=3.54s
[149.938s][info][gc,start       ] GC(328) Pause Full (Ergonomics)
[149.938s][info][gc,phases,start] GC(328) Marking Phase
[151.658s][info][gc,phases      ] GC(328) Marking Phase 1720.145ms
[151.658s][info][gc,phases,start] GC(328) Summary Phase
[151.658s][info][gc,phases      ] GC(328) Summary Phase 0.080ms
[151.658s][info][gc,phases,start] GC(328) Adjust Roots
[151.659s][info][gc,phases      ] GC(328) Adjust Roots 0.169ms
[151.659s][info][gc,phases,start] GC(328) Compaction Phase
[152.265s][info][gc,phases      ] GC(328) Compaction Phase 605.988ms
[152.265s][info][gc,phases,start] GC(328) Post Compact
[152.275s][info][gc,phases      ] GC(328) Post Compact 10.705ms
[152.275s][info][gc,heap        ] GC(328) PSYoungGen: 156204K(296960K)->156204K(296960K) Eden: 98303K(98304K)->98303K(98304K) From: 57901K(198656K)->57901K(198656K)
[152.275s][info][gc,heap        ] GC(328) ParOldGen: 7031807K(7031808K)->7031807K(7031808K)
[152.275s][info][gc,metaspace   ] GC(328) Metaspace: 6297K(6464K)->6297K(6464K) NonClass: 5764K(5824K)->5764K(5824K) Class: 532K(640K)->532K(640K)
[152.275s][info][gc             ] GC(328) Pause Full (Ergonomics) 7019M->7019M(7157M) 2337.431ms
[152.275s][info][gc,cpu         ] GC(328) User=17.31s Sys=0.03s Real=2.34s
[152.276s][info][gc,start       ] GC(329) Pause Full (Allocation Failure)
[152.276s][info][gc,phases,start] GC(329) Marking Phase
[153.983s][info][gc,phases      ] GC(329) Marking Phase 1707.707ms
[153.983s][info][gc,phases,start] GC(329) Summary Phase
[153.983s][info][gc,phases      ] GC(329) Summary Phase 0.071ms
[153.983s][info][gc,phases,start] GC(329) Adjust Roots
[153.984s][info][gc,phases      ] GC(329) Adjust Roots 0.162ms
[153.984s][info][gc,phases,start] GC(329) Compaction Phase
[154.578s][info][gc,phases      ] GC(329) Compaction Phase 594.590ms
[154.578s][info][gc,phases,start] GC(329) Post Compact
[154.589s][info][gc,phases      ] GC(329) Post Compact 10.433ms
[154.589s][info][gc,heap        ] GC(329) PSYoungGen: 156204K(296960K)->156204K(296960K) Eden: 98303K(98304K)->98303K(98304K) From: 57901K(198656K)->57901K(198656K)
[154.589s][info][gc,heap        ] GC(329) ParOldGen: 7031807K(7031808K)->7031807K(7031808K)
[154.589s][info][gc,metaspace   ] GC(329) Metaspace: 6297K(6464K)->6297K(6464K) NonClass: 5764K(5824K)->5764K(5824K) Class: 532K(640K)->532K(640K)
[154.589s][info][gc             ] GC(329) Pause Full (Allocation Failure) 7019M->7019M(7157M) 2313.378ms
[154.589s][info][gc,cpu         ] GC(329) User=17.31s Sys=0.02s Real=2.31s
[154.589s][info][gc,start       ] GC(330) Pause Full (Ergonomics)
[154.589s][info][gc,phases,start] GC(330) Marking Phase
[156.307s][info][gc,phases      ] GC(330) Marking Phase 1717.196ms
[156.307s][info][gc,phases,start] GC(330) Summary Phase
[156.307s][info][gc,phases      ] GC(330) Summary Phase 0.072ms
[156.307s][info][gc,phases,start] GC(330) Adjust Roots
[156.307s][info][gc,phases      ] GC(330) Adjust Roots 0.258ms
[156.307s][info][gc,phases,start] GC(330) Compaction Phase
[158.082s][info][gc,phases      ] GC(330) Compaction Phase 1774.627ms
[158.082s][info][gc,phases,start] GC(330) Post Compact
[158.093s][info][gc,phases      ] GC(330) Post Compact 10.873ms
[158.093s][info][gc,heap        ] GC(330) PSYoungGen: 156204K(296960K)->156204K(296960K) Eden: 98303K(98304K)->98303K(98304K) From: 57901K(198656K)->57901K(198656K)
[158.093s][info][gc,heap        ] GC(330) ParOldGen: 7031807K(7031808K)->7031806K(7031808K)
[158.093s][info][gc,metaspace   ] GC(330) Metaspace: 6297K(6464K)->6297K(6464K) NonClass: 5764K(5824K)->5764K(5824K) Class: 532K(640K)->532K(640K)
[158.093s][info][gc             ] GC(330) Pause Full (Ergonomics) 7019M->7019M(7157M) 3503.417ms
[158.093s][info][gc,cpu         ] GC(330) User=25.20s Sys=0.02s Real=3.50s
[158.094s][info][gc,start       ] GC(331) Pause Full (Ergonomics)
[158.094s][info][gc,phases,start] GC(331) Marking Phase
[159.823s][info][gc,phases      ] GC(331) Marking Phase 1729.404ms
[159.823s][info][gc,phases,start] GC(331) Summary Phase
[159.823s][info][gc,phases      ] GC(331) Summary Phase 0.105ms
[159.823s][info][gc,phases,start] GC(331) Adjust Roots
[159.824s][info][gc,phases      ] GC(331) Adjust Roots 0.280ms
[159.824s][info][gc,phases,start] GC(331) Compaction Phase
[161.624s][info][gc,phases      ] GC(331) Compaction Phase 1800.630ms
[161.624s][info][gc,phases,start] GC(331) Post Compact
[161.635s][info][gc,phases      ] GC(331) Post Compact 10.736ms
[161.635s][info][gc,heap        ] GC(331) PSYoungGen: 156204K(296960K)->156204K(296960K) Eden: 98303K(98304K)->98303K(98304K) From: 57901K(198656K)->57901K(198656K)
[161.635s][info][gc,heap        ] GC(331) ParOldGen: 7031807K(7031808K)->7031805K(7031808K)
[161.635s][info][gc,metaspace   ] GC(331) Metaspace: 6299K(6464K)->6299K(6464K) NonClass: 5765K(5824K)->5765K(5824K) Class: 533K(640K)->533K(640K)
[161.635s][info][gc             ] GC(331) Pause Full (Ergonomics) 7019M->7019M(7157M) 3541.521ms
[161.635s][info][gc,cpu         ] GC(331) User=26.33s Sys=0.00s Real=3.54s
[161.636s][info][gc,heap,exit   ] Heap
[161.636s][info][gc,heap,exit   ]  PSYoungGen      total 296960K, used 156204K [0x0000000729700000, 0x0000000747480000, 0x0000000800000000)
[161.636s][info][gc,heap,exit   ]   eden space 98304K, 99% used [0x0000000729700000,0x000000072f6ffff8,0x000000072f700000)
[161.636s][info][gc,heap,exit   ]   from space 198656K, 29% used [0x000000072f700000,0x0000000732f8b400,0x000000073b900000)
[161.636s][info][gc,heap,exit   ]   to   space 189952K, 0% used [0x000000073bb00000,0x000000073bb00000,0x0000000747480000)
[161.636s][info][gc,heap,exit   ]  ParOldGen       total 7031808K, used 7031806K [0x000000057c400000, 0x0000000729700000, 0x0000000729700000)
[161.636s][info][gc,heap,exit   ]   object space 7031808K, 99% used [0x000000057c400000,0x00000007296ff810,0x0000000729700000)
[161.636s][info][gc,heap,exit   ]  Metaspace       used 6302K, committed 6464K, reserved 1114112K
[161.636s][info][gc,heap,exit   ]   class space    used 534K, committed 640K, reserved 1048576K
