[0.010s][info][gc,init] CardTable entry size: 512
[0.011s][info][gc     ] Using Parallel
[0.011s][info][gc,init] Version: 18.0.1+10 (release)
[0.011s][info][gc,init] CPUs: 8 total, 8 available
[0.011s][info][gc,init] Memory: 16063M
[0.011s][info][gc,init] Large Page Support: Disabled
[0.011s][info][gc,init] NUMA Support: Disabled
[0.011s][info][gc,init] Compressed Oops: Enabled (Zero based)
[0.011s][info][gc,init] Alignments: Space 512K, Generation 512K, Heap 2M
[0.011s][info][gc,init] Heap Min Capacity: 2M
[0.011s][info][gc,init] Heap Initial Capacity: 2M
[0.011s][info][gc,init] Heap Max Capacity: 4400M
[0.012s][info][gc,init] Pre-touch: Disabled
[0.012s][info][gc,init] Parallel Workers: 8
[0.012s][info][gc,metaspace] CDS archive(s) not mapped
[0.012s][info][gc,metaspace] Compressed class space mapped at: 0x0000000800000000-0x0000000840000000, reserved size: 1073741824
[0.012s][info][gc,metaspace] Narrow klass base: 0x0000000800000000, Narrow klass shift: 0, Narrow klass range: 0x40000000
[0.101s][info][gc,start    ] GC(0) Pause Young (Allocation Failure)
[0.102s][info][gc,heap     ] GC(0) PSYoungGen: 512K(1024K)->480K(1024K) Eden: 512K(512K)->0K(512K) From: 0K(512K)->480K(512K)
[0.102s][info][gc,heap     ] GC(0) ParOldGen: 0K(512K)->8K(512K)
[0.102s][info][gc,metaspace] GC(0) Metaspace: 4229K(4352K)->4229K(4352K) NonClass: 3908K(3968K)->3908K(3968K) Class: 321K(384K)->321K(384K)
[0.102s][info][gc          ] GC(0) Pause Young (Allocation Failure) 0M->0M(1M) 1.375ms
[0.102s][info][gc,cpu      ] GC(0) User=0.00s Sys=0.00s Real=0.00s
[0.164s][info][gc,start    ] GC(1) Pause Young (Allocation Failure)
[0.165s][info][gc,heap     ] GC(1) PSYoungGen: 991K(1024K)->512K(1536K) Eden: 511K(512K)->0K(1024K) From: 480K(512K)->512K(512K)
[0.165s][info][gc,heap     ] GC(1) ParOldGen: 8K(512K)->88K(512K)
[0.165s][info][gc,metaspace] GC(1) Metaspace: 5882K(6016K)->5882K(6016K) NonClass: 5385K(5504K)->5385K(5504K) Class: 496K(512K)->496K(512K)
[0.165s][info][gc          ] GC(1) Pause Young (Allocation Failure) 0M->0M(2M) 0.892ms
[0.165s][info][gc,cpu      ] GC(1) User=0.00s Sys=0.00s Real=0.00s
[0.185s][info][gc,start    ] GC(2) Pause Young (Allocation Failure)
[0.187s][info][gc,heap     ] GC(2) PSYoungGen: 1536K(1536K)->512K(1536K) Eden: 1024K(1024K)->0K(1024K) From: 512K(512K)->512K(512K)
[0.187s][info][gc,heap     ] GC(2) ParOldGen: 88K(512K)->504K(512K)
[0.187s][info][gc,metaspace] GC(2) Metaspace: 6300K(6464K)->6300K(6464K) NonClass: 5767K(5824K)->5767K(5824K) Class: 533K(640K)->533K(640K)
[0.187s][info][gc          ] GC(2) Pause Young (Allocation Failure) 1M->0M(2M) 1.283ms
[0.187s][info][gc,cpu      ] GC(2) User=0.00s Sys=0.00s Real=0.00s
[0.187s][info][gc,start    ] GC(3) Pause Full (Ergonomics)
[0.187s][info][gc,phases,start] GC(3) Marking Phase
[0.188s][info][gc,phases      ] GC(3) Marking Phase 0.967ms
[0.188s][info][gc,phases,start] GC(3) Summary Phase
[0.188s][info][gc,phases      ] GC(3) Summary Phase 0.014ms
[0.188s][info][gc,phases,start] GC(3) Adjust Roots
[0.188s][info][gc,phases      ] GC(3) Adjust Roots 0.347ms
[0.188s][info][gc,phases,start] GC(3) Compaction Phase
[0.190s][info][gc,phases      ] GC(3) Compaction Phase 1.883ms
[0.190s][info][gc,phases,start] GC(3) Post Compact
[0.190s][info][gc,phases      ] GC(3) Post Compact 0.127ms
[0.190s][info][gc,heap        ] GC(3) PSYoungGen: 512K(1536K)->511K(1536K) Eden: 0K(1024K)->0K(1024K) From: 512K(512K)->511K(512K)
[0.190s][info][gc,heap        ] GC(3) ParOldGen: 504K(512K)->469K(2048K)
[0.190s][info][gc,metaspace   ] GC(3) Metaspace: 6300K(6464K)->6300K(6464K) NonClass: 5767K(5824K)->5767K(5824K) Class: 533K(640K)->533K(640K)
[0.190s][info][gc             ] GC(3) Pause Full (Ergonomics) 0M->0M(3M) 3.659ms
[0.190s][info][gc,cpu         ] GC(3) User=0.00s Sys=0.00s Real=0.00s
[0.193s][info][gc,start       ] GC(4) Pause Young (Allocation Failure)
[0.194s][info][gc,heap        ] GC(4) PSYoungGen: 1535K(1536K)->480K(2560K) Eden: 1024K(1024K)->0K(2048K) From: 511K(512K)->480K(512K)
[0.194s][info][gc,heap        ] GC(4) ParOldGen: 469K(2048K)->1033K(2048K)
[0.194s][info][gc,metaspace   ] GC(4) Metaspace: 6300K(6464K)->6300K(6464K) NonClass: 5767K(5824K)->5767K(5824K) Class: 533K(640K)->533K(640K)
[0.194s][info][gc             ] GC(4) Pause Young (Allocation Failure) 1M->1M(4M) 1.633ms
[0.194s][info][gc,cpu         ] GC(4) User=0.00s Sys=0.00s Real=0.00s
[0.198s][info][gc,start       ] GC(5) Pause Young (Allocation Failure)
[0.200s][info][gc,heap        ] GC(5) PSYoungGen: 2528K(2560K)->480K(2560K) Eden: 2048K(2048K)->0K(2048K) From: 480K(512K)->480K(512K)
[0.200s][info][gc,heap        ] GC(5) ParOldGen: 1033K(2048K)->2105K(2560K)
[0.200s][info][gc,metaspace   ] GC(5) Metaspace: 6300K(6464K)->6300K(6464K) NonClass: 5767K(5824K)->5767K(5824K) Class: 533K(640K)->533K(640K)
[0.200s][info][gc             ] GC(5) Pause Young (Allocation Failure) 3M->2M(5M) 1.855ms
[0.200s][info][gc,cpu         ] GC(5) User=0.00s Sys=0.00s Real=0.00s
[0.200s][info][gc,start       ] GC(6) Pause Full (Ergonomics)
[0.200s][info][gc,phases,start] GC(6) Marking Phase
[0.202s][info][gc,phases      ] GC(6) Marking Phase 1.646ms
[0.202s][info][gc,phases,start] GC(6) Summary Phase
[0.202s][info][gc,phases      ] GC(6) Summary Phase 0.019ms
[0.202s][info][gc,phases,start] GC(6) Adjust Roots
[0.202s][info][gc,phases      ] GC(6) Adjust Roots 0.324ms
[0.202s][info][gc,phases,start] GC(6) Compaction Phase
[0.205s][info][gc,phases      ] GC(6) Compaction Phase 2.512ms
[0.205s][info][gc,phases,start] GC(6) Post Compact
[0.205s][info][gc,phases      ] GC(6) Post Compact 0.029ms
[0.205s][info][gc,heap        ] GC(6) PSYoungGen: 480K(2560K)->0K(4096K) Eden: 0K(2048K)->0K(3072K) From: 480K(512K)->0K(1024K)
[0.205s][info][gc,heap        ] GC(6) ParOldGen: 2105K(2560K)->2542K(6144K)
[0.205s][info][gc,metaspace   ] GC(6) Metaspace: 6300K(6464K)->6300K(6464K) NonClass: 5767K(5824K)->5767K(5824K) Class: 533K(640K)->533K(640K)
[0.205s][info][gc             ] GC(6) Pause Full (Ergonomics) 2M->2M(10M) 4.873ms
[0.205s][info][gc,cpu         ] GC(6) User=0.00s Sys=0.00s Real=0.01s
[0.209s][info][gc,start       ] GC(7) Pause Young (Allocation Failure)
[0.211s][info][gc,heap        ] GC(7) PSYoungGen: 3072K(4096K)->1664K(5120K) Eden: 3072K(3072K)->0K(3072K) From: 0K(1024K)->1664K(2048K)
[0.211s][info][gc,heap        ] GC(7) ParOldGen: 2542K(6144K)->2542K(6144K)
[0.211s][info][gc,metaspace   ] GC(7) Metaspace: 6300K(6464K)->6300K(6464K) NonClass: 5767K(5824K)->5767K(5824K) Class: 533K(640K)->533K(640K)
[0.211s][info][gc             ] GC(7) Pause Young (Allocation Failure) 5M->4M(11M) 2.161ms
[0.211s][info][gc,cpu         ] GC(7) User=0.00s Sys=0.00s Real=0.00s
[0.216s][info][gc,start       ] GC(8) Pause Young (Allocation Failure)
[0.219s][info][gc,heap        ] GC(8) PSYoungGen: 4736K(5120K)->2016K(5632K) Eden: 3072K(3072K)->0K(3584K) From: 1664K(2048K)->2016K(2048K)
[0.219s][info][gc,heap        ] GC(8) ParOldGen: 2542K(6144K)->3774K(6144K)
[0.219s][info][gc,metaspace   ] GC(8) Metaspace: 6300K(6464K)->6300K(6464K) NonClass: 5767K(5824K)->5767K(5824K) Class: 533K(640K)->533K(640K)
[0.219s][info][gc             ] GC(8) Pause Young (Allocation Failure) 7M->5M(11M) 3.168ms
[0.219s][info][gc,cpu         ] GC(8) User=0.00s Sys=0.00s Real=0.00s
[0.224s][info][gc,start       ] GC(9) Pause Young (Allocation Failure)
[0.228s][info][gc,heap        ] GC(9) PSYoungGen: 5600K(5632K)->3040K(6656K) Eden: 3584K(3584K)->0K(3584K) From: 2016K(2048K)->3040K(3072K)
[0.228s][info][gc,heap        ] GC(9) ParOldGen: 3774K(6144K)->4614K(6144K)
[0.228s][info][gc,metaspace   ] GC(9) Metaspace: 6300K(6464K)->6300K(6464K) NonClass: 5767K(5824K)->5767K(5824K) Class: 533K(640K)->533K(640K)
[0.228s][info][gc             ] GC(9) Pause Young (Allocation Failure) 9M->7M(12M) 3.737ms
[0.228s][info][gc,cpu         ] GC(9) User=0.00s Sys=0.00s Real=0.00s
[0.232s][info][gc,start       ] GC(10) Pause Young (Allocation Failure)
[0.236s][info][gc,heap        ] GC(10) PSYoungGen: 6624K(6656K)->4064K(9216K) Eden: 3584K(3584K)->0K(5120K) From: 3040K(3072K)->4064K(4096K)
[0.236s][info][gc,heap        ] GC(10) ParOldGen: 4614K(6144K)->5454K(6144K)
[0.236s][info][gc,metaspace   ] GC(10) Metaspace: 6300K(6464K)->6300K(6464K) NonClass: 5767K(5824K)->5767K(5824K) Class: 533K(640K)->533K(640K)
[0.236s][info][gc             ] GC(10) Pause Young (Allocation Failure) 10M->9M(15M) 4.041ms
[0.236s][info][gc,cpu         ] GC(10) User=0.00s Sys=0.00s Real=0.00s
[0.236s][info][gc,start       ] GC(11) Pause Full (Ergonomics)
[0.236s][info][gc,phases,start] GC(11) Marking Phase
[0.241s][info][gc,phases      ] GC(11) Marking Phase 4.772ms
[0.241s][info][gc,phases,start] GC(11) Summary Phase
[0.241s][info][gc,phases      ] GC(11) Summary Phase 0.015ms
[0.241s][info][gc,phases,start] GC(11) Adjust Roots
[0.241s][info][gc,phases      ] GC(11) Adjust Roots 0.344ms
[0.241s][info][gc,phases,start] GC(11) Compaction Phase
[0.248s][info][gc,phases      ] GC(11) Compaction Phase 6.583ms
[0.248s][info][gc,phases,start] GC(11) Post Compact
[0.248s][info][gc,phases      ] GC(11) Post Compact 0.057ms
[0.248s][info][gc,heap        ] GC(11) PSYoungGen: 4064K(9216K)->3545K(9216K) Eden: 0K(5120K)->0K(5120K) From: 4064K(4096K)->3545K(4096K)
[0.248s][info][gc,heap        ] GC(11) ParOldGen: 5454K(6144K)->5831K(10752K)
[0.248s][info][gc,metaspace   ] GC(11) Metaspace: 6300K(6464K)->6300K(6464K) NonClass: 5767K(5824K)->5767K(5824K) Class: 533K(640K)->533K(640K)
[0.248s][info][gc             ] GC(11) Pause Full (Ergonomics) 9M->9M(19M) 12.056ms
[0.248s][info][gc,cpu         ] GC(11) User=0.00s Sys=0.00s Real=0.01s
[0.255s][info][gc,start       ] GC(12) Pause Young (Allocation Failure)
[0.260s][info][gc,heap        ] GC(12) PSYoungGen: 8665K(9216K)->5088K(10240K) Eden: 5120K(5120K)->0K(5120K) From: 3545K(4096K)->5088K(5120K)
[0.260s][info][gc,heap        ] GC(12) ParOldGen: 5831K(10752K)->6951K(10752K)
[0.260s][info][gc,metaspace   ] GC(12) Metaspace: 6300K(6464K)->6300K(6464K) NonClass: 5767K(5824K)->5767K(5824K) Class: 533K(640K)->533K(640K)
[0.260s][info][gc             ] GC(12) Pause Young (Allocation Failure) 14M->11M(20M) 4.599ms
[0.260s][info][gc,cpu         ] GC(12) User=0.00s Sys=0.00s Real=0.01s
[0.264s][info][gc,start       ] GC(13) Pause Young (Allocation Failure)
[0.269s][info][gc,heap        ] GC(13) PSYoungGen: 10208K(10240K)->6496K(12800K) Eden: 5120K(5120K)->0K(6144K) From: 5088K(5120K)->6496K(6656K)
[0.269s][info][gc,heap        ] GC(13) ParOldGen: 6951K(10752K)->8223K(10752K)
[0.269s][info][gc,metaspace   ] GC(13) Metaspace: 6302K(6464K)->6302K(6464K) NonClass: 5769K(5824K)->5769K(5824K) Class: 533K(640K)->533K(640K)
[0.269s][info][gc             ] GC(13) Pause Young (Allocation Failure) 16M->14M(23M) 5.231ms
[0.269s][info][gc,cpu         ] GC(13) User=0.00s Sys=0.00s Real=0.00s
[0.274s][info][gc,start       ] GC(14) Pause Young (Allocation Failure)
[0.279s][info][gc,heap        ] GC(14) PSYoungGen: 12640K(12800K)->5792K(13824K) Eden: 6144K(6144K)->0K(6144K) From: 6496K(6656K)->5792K(7680K)
[0.280s][info][gc,heap        ] GC(14) ParOldGen: 8223K(10752K)->12111K(12288K)
[0.280s][info][gc,metaspace   ] GC(14) Metaspace: 6302K(6464K)->6302K(6464K) NonClass: 5769K(5824K)->5769K(5824K) Class: 533K(640K)->533K(640K)
[0.280s][info][gc             ] GC(14) Pause Young (Allocation Failure) 20M->17M(25M) 5.869ms
[0.280s][info][gc,cpu         ] GC(14) User=0.00s Sys=0.00s Real=0.01s
[0.280s][info][gc,start       ] GC(15) Pause Full (Ergonomics)
[0.280s][info][gc,phases,start] GC(15) Marking Phase
[0.287s][info][gc,phases      ] GC(15) Marking Phase 7.271ms
[0.287s][info][gc,phases,start] GC(15) Summary Phase
[0.287s][info][gc,phases      ] GC(15) Summary Phase 0.019ms
[0.287s][info][gc,phases,start] GC(15) Adjust Roots
[0.287s][info][gc,phases      ] GC(15) Adjust Roots 0.219ms
[0.287s][info][gc,phases,start] GC(15) Compaction Phase
[0.295s][info][gc,phases      ] GC(15) Compaction Phase 7.434ms
[0.295s][info][gc,phases,start] GC(15) Post Compact
[0.295s][info][gc,phases      ] GC(15) Post Compact 0.084ms
[0.295s][info][gc,heap        ] GC(15) PSYoungGen: 5792K(13824K)->5758K(13824K) Eden: 0K(6144K)->0K(6144K) From: 5792K(7680K)->5758K(7680K)
[0.295s][info][gc,heap        ] GC(15) ParOldGen: 12111K(12288K)->12006K(18944K)
[0.295s][info][gc,metaspace   ] GC(15) Metaspace: 6302K(6464K)->6302K(6464K) NonClass: 5769K(5824K)->5769K(5824K) Class: 533K(640K)->533K(640K)
[0.295s][info][gc             ] GC(15) Pause Full (Ergonomics) 17M->17M(32M) 15.479ms
[0.295s][info][gc,cpu         ] GC(15) User=0.00s Sys=0.00s Real=0.02s
[0.299s][info][gc,start       ] GC(16) Pause Young (Allocation Failure)
[0.307s][info][gc,heap        ] GC(16) PSYoungGen: 11902K(13824K)->3200K(15872K) Eden: 6144K(6144K)->0K(8704K) From: 5758K(7680K)->3200K(7168K)
[0.307s][info][gc,heap        ] GC(16) ParOldGen: 12006K(18944K)->17862K(18944K)
[0.307s][info][gc,metaspace   ] GC(16) Metaspace: 6302K(6464K)->6302K(6464K) NonClass: 5769K(5824K)->5769K(5824K) Class: 533K(640K)->533K(640K)
[0.307s][info][gc             ] GC(16) Pause Young (Allocation Failure) 23M->20M(34M) 7.739ms
[0.307s][info][gc,cpu         ] GC(16) User=0.00s Sys=0.00s Real=0.01s
[0.307s][info][gc,start       ] GC(17) Pause Full (Ergonomics)
[0.307s][info][gc,phases,start] GC(17) Marking Phase
[0.315s][info][gc,phases      ] GC(17) Marking Phase 8.546ms
[0.315s][info][gc,phases,start] GC(17) Summary Phase
[0.315s][info][gc,phases      ] GC(17) Summary Phase 0.019ms
[0.315s][info][gc,phases,start] GC(17) Adjust Roots
[0.316s][info][gc,phases      ] GC(17) Adjust Roots 0.219ms
[0.316s][info][gc,phases,start] GC(17) Compaction Phase
[0.321s][info][gc,phases      ] GC(17) Compaction Phase 5.810ms
[0.322s][info][gc,phases,start] GC(17) Post Compact
[0.322s][info][gc,phases      ] GC(17) Post Compact 0.135ms
[0.322s][info][gc,heap        ] GC(17) PSYoungGen: 3200K(15872K)->2146K(16384K) Eden: 0K(8704K)->0K(9216K) From: 3200K(7168K)->2146K(7168K)
[0.322s][info][gc,heap        ] GC(17) ParOldGen: 17862K(18944K)->18786K(28672K)
[0.322s][info][gc,metaspace   ] GC(17) Metaspace: 6302K(6464K)->6302K(6464K) NonClass: 5769K(5824K)->5769K(5824K) Class: 533K(640K)->533K(640K)
[0.322s][info][gc             ] GC(17) Pause Full (Ergonomics) 20M->20M(44M) 15.097ms
[0.322s][info][gc,cpu         ] GC(17) User=0.00s Sys=0.00s Real=0.02s
[0.330s][info][gc,start       ] GC(18) Pause Young (Allocation Failure)
[0.336s][info][gc,heap        ] GC(18) PSYoungGen: 11362K(16384K)->5280K(16896K) Eden: 9216K(9216K)->0K(9216K) From: 2146K(7168K)->5280K(7680K)
[0.336s][info][gc,heap        ] GC(18) ParOldGen: 18786K(28672K)->20970K(28672K)
[0.336s][info][gc,metaspace   ] GC(18) Metaspace: 6302K(6464K)->6302K(6464K) NonClass: 5769K(5824K)->5769K(5824K) Class: 533K(640K)->533K(640K)
[0.336s][info][gc             ] GC(18) Pause Young (Allocation Failure) 29M->25M(44M) 6.157ms
[0.336s][info][gc,cpu         ] GC(18) User=0.00s Sys=0.00s Real=0.01s
[0.342s][info][gc,start       ] GC(19) Pause Young (Allocation Failure)
[0.349s][info][gc,heap        ] GC(19) PSYoungGen: 14496K(16896K)->4832K(20480K) Eden: 9216K(9216K)->0K(12288K) From: 5280K(7680K)->4832K(8192K)
[0.349s][info][gc,heap        ] GC(19) ParOldGen: 20970K(28672K)->26298K(28672K)
[0.349s][info][gc,metaspace   ] GC(19) Metaspace: 6302K(6464K)->6302K(6464K) NonClass: 5769K(5824K)->5769K(5824K) Class: 533K(640K)->533K(640K)
[0.349s][info][gc             ] GC(19) Pause Young (Allocation Failure) 34M->30M(48M) 7.509ms
[0.349s][info][gc,cpu         ] GC(19) User=0.00s Sys=0.00s Real=0.01s
[0.350s][info][gc,start       ] GC(20) Pause Full (Ergonomics)
[0.350s][info][gc,phases,start] GC(20) Marking Phase
[0.362s][info][gc,phases      ] GC(20) Marking Phase 12.466ms
[0.362s][info][gc,phases,start] GC(20) Summary Phase
[0.362s][info][gc,phases      ] GC(20) Summary Phase 0.019ms
[0.362s][info][gc,phases,start] GC(20) Adjust Roots
[0.362s][info][gc,phases      ] GC(20) Adjust Roots 0.184ms
[0.362s][info][gc,phases,start] GC(20) Compaction Phase
[0.375s][info][gc,phases      ] GC(20) Compaction Phase 12.255ms
[0.375s][info][gc,phases,start] GC(20) Post Compact
[0.375s][info][gc,phases      ] GC(20) Post Compact 0.137ms
[0.375s][info][gc,heap        ] GC(20) PSYoungGen: 4832K(20480K)->2206K(20480K) Eden: 0K(12288K)->0K(12288K) From: 4832K(8192K)->2206K(8192K)
[0.375s][info][gc,heap        ] GC(20) ParOldGen: 26298K(28672K)->28232K(39936K)
[0.375s][info][gc,metaspace   ] GC(20) Metaspace: 6302K(6464K)->6302K(6464K) NonClass: 5769K(5824K)->5769K(5824K) Class: 533K(640K)->533K(640K)
[0.375s][info][gc             ] GC(20) Pause Full (Ergonomics) 30M->29M(59M) 25.534ms
[0.375s][info][gc,cpu         ] GC(20) User=0.00s Sys=0.00s Real=0.03s
[0.385s][info][gc,start       ] GC(21) Pause Young (Allocation Failure)
[0.395s][info][gc,heap        ] GC(21) PSYoungGen: 14494K(20480K)->8160K(20480K) Eden: 12288K(12288K)->0K(12288K) From: 2206K(8192K)->8160K(8192K)
[0.395s][info][gc,heap        ] GC(21) ParOldGen: 28232K(39936K)->30480K(39936K)
[0.395s][info][gc,metaspace   ] GC(21) Metaspace: 6302K(6464K)->6302K(6464K) NonClass: 5769K(5824K)->5769K(5824K) Class: 533K(640K)->533K(640K)
[0.395s][info][gc             ] GC(21) Pause Young (Allocation Failure) 41M->37M(59M) 9.557ms
[0.395s][info][gc,cpu         ] GC(21) User=0.00s Sys=0.00s Real=0.01s
[0.411s][info][gc,start       ] GC(22) Pause Young (Allocation Failure)
[0.428s][info][gc,heap        ] GC(22) PSYoungGen: 20448K(20480K)->9696K(20480K) Eden: 12288K(12288K)->0K(10752K) From: 8160K(8192K)->9696K(9728K)
[0.428s][info][gc,heap        ] GC(22) ParOldGen: 30480K(39936K)->41368K(41472K)
[0.428s][info][gc,metaspace   ] GC(22) Metaspace: 6302K(6464K)->6302K(6464K) NonClass: 5769K(5824K)->5769K(5824K) Class: 533K(640K)->533K(640K)
[0.428s][info][gc             ] GC(22) Pause Young (Allocation Failure) 49M->49M(60M) 17.297ms
[0.428s][info][gc,cpu         ] GC(22) User=0.02s Sys=0.00s Real=0.02s
[0.428s][info][gc,start       ] GC(23) Pause Full (Ergonomics)
[0.429s][info][gc,phases,start] GC(23) Marking Phase
[0.448s][info][gc,phases      ] GC(23) Marking Phase 19.706ms
[0.448s][info][gc,phases,start] GC(23) Summary Phase
[0.448s][info][gc,phases      ] GC(23) Summary Phase 0.019ms
[0.448s][info][gc,phases,start] GC(23) Adjust Roots
[0.448s][info][gc,phases      ] GC(23) Adjust Roots 0.158ms
[0.448s][info][gc,phases,start] GC(23) Compaction Phase
[0.466s][info][gc,phases      ] GC(23) Compaction Phase 17.231ms
[0.466s][info][gc,phases,start] GC(23) Post Compact
[0.466s][info][gc,phases      ] GC(23) Post Compact 0.225ms
[0.466s][info][gc,heap        ] GC(23) PSYoungGen: 9696K(20480K)->9681K(20480K) Eden: 0K(10752K)->0K(10752K) From: 9696K(9728K)->9681K(9728K)
[0.466s][info][gc,heap        ] GC(23) ParOldGen: 41368K(41472K)->40126K(55808K)
[0.466s][info][gc,metaspace   ] GC(23) Metaspace: 6302K(6464K)->6302K(6464K) NonClass: 5769K(5824K)->5769K(5824K) Class: 533K(640K)->533K(640K)
[0.466s][info][gc             ] GC(23) Pause Full (Ergonomics) 49M->48M(74M) 37.719ms
[0.466s][info][gc,cpu         ] GC(23) User=0.05s Sys=0.00s Real=0.04s
[0.478s][info][gc,start       ] GC(24) Pause Young (Allocation Failure)
[0.493s][info][gc,heap        ] GC(24) PSYoungGen: 20433K(20480K)->10752K(26112K) Eden: 10752K(10752K)->0K(10752K) From: 9681K(9728K)->10752K(15360K)
[0.493s][info][gc,heap        ] GC(24) ParOldGen: 40126K(55808K)->49942K(55808K)
[0.493s][info][gc,metaspace   ] GC(24) Metaspace: 6302K(6464K)->6302K(6464K) NonClass: 5769K(5824K)->5769K(5824K) Class: 533K(640K)->533K(640K)
[0.493s][info][gc             ] GC(24) Pause Young (Allocation Failure) 59M->59M(80M) 15.086ms
[0.493s][info][gc,cpu         ] GC(24) User=0.00s Sys=0.00s Real=0.02s
[0.493s][info][gc,start       ] GC(25) Pause Full (Ergonomics)
[0.493s][info][gc,phases,start] GC(25) Marking Phase
[0.523s][info][gc,phases      ] GC(25) Marking Phase 30.023ms
[0.523s][info][gc,phases,start] GC(25) Summary Phase
[0.523s][info][gc,phases      ] GC(25) Summary Phase 0.030ms
[0.523s][info][gc,phases,start] GC(25) Adjust Roots
[0.524s][info][gc,phases      ] GC(25) Adjust Roots 0.175ms
[0.524s][info][gc,phases,start] GC(25) Compaction Phase
[0.539s][info][gc,phases      ] GC(25) Compaction Phase 15.664ms
[0.539s][info][gc,phases,start] GC(25) Post Compact
[0.540s][info][gc,phases      ] GC(25) Post Compact 0.212ms
[0.540s][info][gc,heap        ] GC(25) PSYoungGen: 10752K(26112K)->5097K(26112K) Eden: 0K(10752K)->0K(10752K) From: 10752K(15360K)->5097K(15360K)
[0.540s][info][gc,heap        ] GC(25) ParOldGen: 49942K(55808K)->55428K(74752K)
[0.540s][info][gc,metaspace   ] GC(25) Metaspace: 6302K(6464K)->6302K(6464K) NonClass: 5769K(5824K)->5769K(5824K) Class: 533K(640K)->533K(640K)
[0.540s][info][gc             ] GC(25) Pause Full (Ergonomics) 59M->59M(98M) 46.531ms
[0.540s][info][gc,cpu         ] GC(25) User=0.03s Sys=0.00s Real=0.05s
[0.551s][info][gc,start       ] GC(26) Pause Young (Allocation Failure)
[0.565s][info][gc,heap        ] GC(26) PSYoungGen: 15849K(26112K)->10784K(27648K) Eden: 10752K(10752K)->0K(11776K) From: 5097K(15360K)->10784K(15872K)
[0.565s][info][gc,heap        ] GC(26) ParOldGen: 55428K(74752K)->60612K(74752K)
[0.565s][info][gc,metaspace   ] GC(26) Metaspace: 6302K(6464K)->6302K(6464K) NonClass: 5769K(5824K)->5769K(5824K) Class: 533K(640K)->533K(640K)
[0.565s][info][gc             ] GC(26) Pause Young (Allocation Failure) 69M->69M(100M) 14.459ms
[0.565s][info][gc,cpu         ] GC(26) User=0.00s Sys=0.00s Real=0.02s
[0.577s][info][gc,start       ] GC(27) Pause Young (Allocation Failure)
[0.593s][info][gc,heap        ] GC(27) PSYoungGen: 22560K(27648K)->16896K(28672K) Eden: 11776K(11776K)->0K(11776K) From: 10784K(15872K)->16896K(16896K)
[0.593s][info][gc,heap        ] GC(27) ParOldGen: 60612K(74752K)->66316K(74752K)
[0.593s][info][gc,metaspace   ] GC(27) Metaspace: 6302K(6464K)->6302K(6464K) NonClass: 5769K(5824K)->5769K(5824K) Class: 533K(640K)->533K(640K)
[0.593s][info][gc             ] GC(27) Pause Young (Allocation Failure) 81M->81M(101M) 16.538ms
[0.594s][info][gc,cpu         ] GC(27) User=0.03s Sys=0.00s Real=0.02s
[0.594s][info][gc,start       ] GC(28) Pause Full (Ergonomics)
[0.594s][info][gc,phases,start] GC(28) Marking Phase
[0.625s][info][gc,phases      ] GC(28) Marking Phase 31.286ms
[0.625s][info][gc,phases,start] GC(28) Summary Phase
[0.625s][info][gc,phases      ] GC(28) Summary Phase 0.015ms
[0.625s][info][gc,phases,start] GC(28) Adjust Roots
[0.625s][info][gc,phases      ] GC(28) Adjust Roots 0.168ms
[0.625s][info][gc,phases,start] GC(28) Compaction Phase
[0.651s][info][gc,phases      ] GC(28) Compaction Phase 25.696ms
[0.651s][info][gc,phases,start] GC(28) Post Compact
[0.651s][info][gc,phases      ] GC(28) Post Compact 0.365ms
[0.651s][info][gc,heap        ] GC(28) PSYoungGen: 16896K(28672K)->8687K(28672K) Eden: 0K(11776K)->0K(11776K) From: 16896K(16896K)->8687K(16896K)
[0.651s][info][gc,heap        ] GC(28) ParOldGen: 66316K(74752K)->74306K(95232K)
[0.651s][info][gc,metaspace   ] GC(28) Metaspace: 6302K(6464K)->6302K(6464K) NonClass: 5769K(5824K)->5769K(5824K) Class: 533K(640K)->533K(640K)
[0.651s][info][gc             ] GC(28) Pause Full (Ergonomics) 81M->81M(121M) 57.906ms
[0.651s][info][gc,cpu         ] GC(28) User=0.05s Sys=0.02s Real=0.06s
[0.672s][info][gc,start       ] GC(29) Pause Young (Allocation Failure)
[0.690s][info][gc,heap        ] GC(29) PSYoungGen: 20463K(28672K)->11808K(35840K) Eden: 11776K(11776K)->0K(14336K) From: 8687K(16896K)->11808K(21504K)
[0.690s][info][gc,heap        ] GC(29) ParOldGen: 74306K(95232K)->83138K(95232K)
[0.690s][info][gc,metaspace   ] GC(29) Metaspace: 6302K(6464K)->6302K(6464K) NonClass: 5769K(5824K)->5769K(5824K) Class: 533K(640K)->533K(640K)
[0.690s][info][gc             ] GC(29) Pause Young (Allocation Failure) 92M->92M(128M) 18.490ms
[0.690s][info][gc,cpu         ] GC(29) User=0.00s Sys=0.00s Real=0.02s
[0.701s][info][gc,start       ] GC(30) Pause Young (Allocation Failure)
[0.714s][info][gc,heap        ] GC(30) PSYoungGen: 26144K(35840K)->21472K(35840K) Eden: 14336K(14336K)->0K(14336K) From: 11808K(21504K)->21472K(21504K)
[0.714s][info][gc,heap        ] GC(30) ParOldGen: 83138K(95232K)->87842K(95232K)
[0.714s][info][gc,metaspace   ] GC(30) Metaspace: 6302K(6464K)->6302K(6464K) NonClass: 5769K(5824K)->5769K(5824K) Class: 533K(640K)->533K(640K)
[0.715s][info][gc             ] GC(30) Pause Young (Allocation Failure) 106M->106M(128M) 13.125ms
[0.715s][info][gc,cpu         ] GC(30) User=0.02s Sys=0.00s Real=0.01s
[0.715s][info][gc,start       ] GC(31) Pause Full (Ergonomics)
[0.715s][info][gc,phases,start] GC(31) Marking Phase
[0.750s][info][gc,phases      ] GC(31) Marking Phase 35.819ms
[0.751s][info][gc,phases,start] GC(31) Summary Phase
[0.751s][info][gc,phases      ] GC(31) Summary Phase 0.020ms
[0.751s][info][gc,phases,start] GC(31) Adjust Roots
[0.751s][info][gc,phases      ] GC(31) Adjust Roots 0.197ms
[0.751s][info][gc,phases,start] GC(31) Compaction Phase
[0.777s][info][gc,phases      ] GC(31) Compaction Phase 26.650ms
[0.777s][info][gc,phases,start] GC(31) Post Compact
[0.778s][info][gc,phases      ] GC(31) Post Compact 0.420ms
[0.778s][info][gc,heap        ] GC(31) PSYoungGen: 21472K(35840K)->12231K(35840K) Eden: 0K(14336K)->0K(14336K) From: 21472K(21504K)->12231K(21504K)
[0.778s][info][gc,heap        ] GC(31) ParOldGen: 87842K(95232K)->94770K(117760K)
[0.778s][info][gc,metaspace   ] GC(31) Metaspace: 6302K(6464K)->6302K(6464K) NonClass: 5769K(5824K)->5769K(5824K) Class: 533K(640K)->533K(640K)
[0.778s][info][gc             ] GC(31) Pause Full (Ergonomics) 106M->104M(150M) 63.493ms
[0.778s][info][gc,cpu         ] GC(31) User=0.12s Sys=0.02s Real=0.06s
[0.793s][info][gc,start       ] GC(32) Pause Young (Allocation Failure)
[0.814s][info][gc,heap        ] GC(32) PSYoungGen: 26567K(35840K)->14400K(43520K) Eden: 14336K(14336K)->0K(17408K) From: 12231K(21504K)->14400K(26112K)
[0.814s][info][gc,heap        ] GC(32) ParOldGen: 94770K(117760K)->107210K(117760K)
[0.814s][info][gc,metaspace   ] GC(32) Metaspace: 6302K(6464K)->6302K(6464K) NonClass: 5769K(5824K)->5769K(5824K) Class: 533K(640K)->533K(640K)
[0.814s][info][gc             ] GC(32) Pause Young (Allocation Failure) 118M->118M(157M) 21.239ms
[0.814s][info][gc,cpu         ] GC(32) User=0.05s Sys=0.02s Real=0.02s
[0.814s][info][gc,start       ] GC(33) Pause Full (Ergonomics)
[0.814s][info][gc,phases,start] GC(33) Marking Phase
[0.847s][info][gc,phases      ] GC(33) Marking Phase 33.145ms
[0.847s][info][gc,phases,start] GC(33) Summary Phase
[0.847s][info][gc,phases      ] GC(33) Summary Phase 0.021ms
[0.847s][info][gc,phases,start] GC(33) Adjust Roots
[0.848s][info][gc,phases      ] GC(33) Adjust Roots 0.152ms
[0.848s][info][gc,phases,start] GC(33) Compaction Phase
[0.864s][info][gc,phases      ] GC(33) Compaction Phase 16.947ms
[0.865s][info][gc,phases,start] GC(33) Post Compact
[0.865s][info][gc,phases      ] GC(33) Post Compact 0.542ms
[0.865s][info][gc,heap        ] GC(33) PSYoungGen: 14400K(43520K)->3569K(44032K) Eden: 0K(17408K)->0K(17920K) From: 14400K(26112K)->3569K(26112K)
[0.865s][info][gc,heap        ] GC(33) ParOldGen: 107210K(117760K)->117733K(144896K)
[0.865s][info][gc,metaspace   ] GC(33) Metaspace: 6302K(6464K)->6302K(6464K) NonClass: 5769K(5824K)->5769K(5824K) Class: 533K(640K)->533K(640K)
[0.865s][info][gc             ] GC(33) Pause Full (Ergonomics) 118M->118M(184M) 51.242ms
[0.865s][info][gc,cpu         ] GC(33) User=0.12s Sys=0.00s Real=0.05s
[0.882s][info][gc,start       ] GC(34) Pause Young (Allocation Failure)
[0.900s][info][gc,heap        ] GC(34) PSYoungGen: 21489K(44032K)->21536K(44544K) Eden: 17920K(17920K)->0K(17920K) From: 3569K(26112K)->21536K(26624K)
[0.900s][info][gc,heap        ] GC(34) ParOldGen: 117733K(144896K)->117733K(144896K)
[0.900s][info][gc,metaspace   ] GC(34) Metaspace: 6302K(6464K)->6302K(6464K) NonClass: 5769K(5824K)->5769K(5824K) Class: 533K(640K)->533K(640K)
[0.900s][info][gc             ] GC(34) Pause Young (Allocation Failure) 135M->136M(185M) 17.545ms
[0.900s][info][gc,cpu         ] GC(34) User=0.02s Sys=0.00s Real=0.02s
[0.917s][info][gc,start       ] GC(35) Pause Young (Allocation Failure)
[0.938s][info][gc,heap        ] GC(35) PSYoungGen: 39456K(44544K)->29184K(41472K) Eden: 17920K(17920K)->0K(12288K) From: 21536K(26624K)->29184K(29184K)
[0.938s][info][gc,heap        ] GC(35) ParOldGen: 117733K(144896K)->128125K(144896K)
[0.938s][info][gc,metaspace   ] GC(35) Metaspace: 6302K(6464K)->6302K(6464K) NonClass: 5769K(5824K)->5769K(5824K) Class: 533K(640K)->533K(640K)
[0.938s][info][gc             ] GC(35) Pause Young (Allocation Failure) 153M->153M(182M) 21.015ms
[0.938s][info][gc,cpu         ] GC(35) User=0.03s Sys=0.00s Real=0.02s
[0.949s][info][gc,start       ] GC(36) Pause Young (Allocation Failure)
[0.968s][info][gc,heap        ] GC(36) PSYoungGen: 41472K(41472K)->26112K(50176K) Eden: 12288K(12288K)->0K(12288K) From: 29184K(29184K)->26112K(37888K)
[0.968s][info][gc,heap        ] GC(36) ParOldGen: 128125K(144896K)->143757K(144896K)
[0.968s][info][gc,metaspace   ] GC(36) Metaspace: 6302K(6464K)->6302K(6464K) NonClass: 5769K(5824K)->5769K(5824K) Class: 533K(640K)->533K(640K)
[0.968s][info][gc             ] GC(36) Pause Young (Allocation Failure) 165M->165M(190M) 18.837ms
[0.968s][info][gc,cpu         ] GC(36) User=0.06s Sys=0.00s Real=0.02s
[0.968s][info][gc,start       ] GC(37) Pause Full (Ergonomics)
[0.968s][info][gc,phases,start] GC(37) Marking Phase
[1.014s][info][gc,phases      ] GC(37) Marking Phase 46.012ms
[1.014s][info][gc,phases,start] GC(37) Summary Phase
[1.014s][info][gc,phases      ] GC(37) Summary Phase 0.023ms
[1.014s][info][gc,phases,start] GC(37) Adjust Roots
[1.015s][info][gc,phases      ] GC(37) Adjust Roots 0.162ms
[1.015s][info][gc,phases,start] GC(37) Compaction Phase
[1.041s][info][gc,phases      ] GC(37) Compaction Phase 26.691ms
[1.041s][info][gc,phases,start] GC(37) Post Compact
[1.042s][info][gc,phases      ] GC(37) Post Compact 0.704ms
[1.042s][info][gc,heap        ] GC(37) PSYoungGen: 26112K(50176K)->24465K(50176K) Eden: 0K(12288K)->0K(12288K) From: 26112K(37888K)->24465K(37888K)
[1.042s][info][gc,heap        ] GC(37) ParOldGen: 143757K(144896K)->144870K(178176K)
[1.042s][info][gc,metaspace   ] GC(37) Metaspace: 6302K(6464K)->6302K(6464K) NonClass: 5769K(5824K)->5769K(5824K) Class: 533K(640K)->533K(640K)
[1.042s][info][gc             ] GC(37) Pause Full (Ergonomics) 165M->165M(223M) 74.072ms
[1.042s][info][gc,cpu         ] GC(37) User=0.23s Sys=0.00s Real=0.07s
[1.088s][info][gc,start       ] GC(38) Pause Young (Allocation Failure)
[1.112s][info][gc,heap        ] GC(38) PSYoungGen: 36753K(50176K)->36864K(49152K) Eden: 12288K(12288K)->0K(9216K) From: 24465K(37888K)->36864K(39936K)
[1.112s][info][gc,heap        ] GC(38) ParOldGen: 153062K(178176K)->153062K(178176K)
[1.112s][info][gc,metaspace   ] GC(38) Metaspace: 6302K(6464K)->6302K(6464K) NonClass: 5769K(5824K)->5769K(5824K) Class: 533K(640K)->533K(640K)
[1.112s][info][gc             ] GC(38) Pause Young (Allocation Failure) 185M->185M(222M) 24.327ms
[1.112s][info][gc,cpu         ] GC(38) User=0.09s Sys=0.00s Real=0.03s
[1.121s][info][gc,start       ] GC(39) Pause Young (Allocation Failure)
[1.142s][info][gc,heap        ] GC(39) PSYoungGen: 46080K(49152K)->45056K(54272K) Eden: 9216K(9216K)->0K(9216K) From: 36864K(39936K)->45056K(45056K)
[1.142s][info][gc,heap        ] GC(39) ParOldGen: 153062K(178176K)->154054K(178176K)
[1.142s][info][gc,metaspace   ] GC(39) Metaspace: 6302K(6464K)->6302K(6464K) NonClass: 5769K(5824K)->5769K(5824K) Class: 533K(640K)->533K(640K)
[1.142s][info][gc             ] GC(39) Pause Young (Allocation Failure) 194M->194M(227M) 20.664ms
[1.142s][info][gc,cpu         ] GC(39) User=0.08s Sys=0.00s Real=0.02s
[1.150s][info][gc,start       ] GC(40) Pause Young (Allocation Failure)
[1.175s][info][gc,heap        ] GC(40) PSYoungGen: 54272K(54272K)->30048K(62976K) Eden: 9216K(9216K)->0K(10240K) From: 45056K(45056K)->30048K(52736K)
[1.175s][info][gc,heap        ] GC(40) ParOldGen: 154054K(178176K)->178686K(178688K)
[1.175s][info][gc,metaspace   ] GC(40) Metaspace: 6302K(6464K)->6302K(6464K) NonClass: 5769K(5824K)->5769K(5824K) Class: 533K(640K)->533K(640K)
[1.175s][info][gc             ] GC(40) Pause Young (Allocation Failure) 203M->203M(236M) 24.979ms
[1.175s][info][gc,cpu         ] GC(40) User=0.06s Sys=0.00s Real=0.02s
[1.175s][info][gc,start       ] GC(41) Pause Full (Ergonomics)
[1.176s][info][gc,phases,start] GC(41) Marking Phase
[1.224s][info][gc,phases      ] GC(41) Marking Phase 48.080ms
[1.224s][info][gc,phases,start] GC(41) Summary Phase
[1.224s][info][gc,phases      ] GC(41) Summary Phase 0.023ms
[1.224s][info][gc,phases,start] GC(41) Adjust Roots
[1.224s][info][gc,phases      ] GC(41) Adjust Roots 0.155ms
[1.224s][info][gc,phases,start] GC(41) Compaction Phase
[1.264s][info][gc,phases      ] GC(41) Compaction Phase 39.612ms
[1.264s][info][gc,phases,start] GC(41) Post Compact
[1.265s][info][gc,phases      ] GC(41) Post Compact 0.915ms
[1.265s][info][gc,heap        ] GC(41) PSYoungGen: 30048K(62976K)->25801K(62976K) Eden: 0K(10240K)->0K(10240K) From: 30048K(52736K)->25801K(52736K)
[1.265s][info][gc,heap        ] GC(41) ParOldGen: 178686K(178688K)->178256K(218624K)
[1.265s][info][gc,metaspace   ] GC(41) Metaspace: 6302K(6464K)->6302K(6464K) NonClass: 5769K(5824K)->5769K(5824K) Class: 533K(640K)->533K(640K)
[1.265s][info][gc             ] GC(41) Pause Full (Ergonomics) 203M->199M(275M) 89.365ms
[1.265s][info][gc,cpu         ] GC(41) User=0.23s Sys=0.00s Real=0.09s
[1.277s][info][gc,start       ] GC(42) Pause Young (Allocation Failure)
[1.300s][info][gc,heap        ] GC(42) PSYoungGen: 36041K(62976K)->25920K(63488K) Eden: 10240K(10240K)->0K(10240K) From: 25801K(52736K)->25920K(53248K)
[1.300s][info][gc,heap        ] GC(42) ParOldGen: 178256K(218624K)->188664K(218624K)
[1.300s][info][gc,metaspace   ] GC(42) Metaspace: 6302K(6464K)->6302K(6464K) NonClass: 5769K(5824K)->5769K(5824K) Class: 533K(640K)->533K(640K)
[1.300s][info][gc             ] GC(42) Pause Young (Allocation Failure) 209M->209M(275M) 23.516ms
[1.300s][info][gc,cpu         ] GC(42) User=0.08s Sys=0.02s Real=0.02s
[1.311s][info][gc,start       ] GC(43) Pause Young (Allocation Failure)
[1.328s][info][gc,heap        ] GC(43) PSYoungGen: 36160K(63488K)->28480K(63488K) Eden: 10240K(10240K)->0K(12288K) From: 25920K(53248K)->28480K(51200K)
[1.328s][info][gc,heap        ] GC(43) ParOldGen: 188664K(218624K)->196504K(218624K)
[1.328s][info][gc,metaspace   ] GC(43) Metaspace: 6302K(6464K)->6302K(6464K) NonClass: 5769K(5824K)->5769K(5824K) Class: 533K(640K)->533K(640K)
[1.328s][info][gc             ] GC(43) Pause Young (Allocation Failure) 219M->219M(275M) 17.460ms
[1.328s][info][gc,cpu         ] GC(43) User=0.09s Sys=0.00s Real=0.02s
[1.342s][info][gc,start       ] GC(44) Pause Young (Allocation Failure)
[1.361s][info][gc,heap        ] GC(44) PSYoungGen: 40768K(63488K)->32832K(63488K) Eden: 12288K(12288K)->0K(12288K) From: 28480K(51200K)->32832K(51200K)
[1.361s][info][gc,heap        ] GC(44) ParOldGen: 196504K(218624K)->204496K(218624K)
[1.361s][info][gc,metaspace   ] GC(44) Metaspace: 6302K(6464K)->6302K(6464K) NonClass: 5769K(5824K)->5769K(5824K) Class: 533K(640K)->533K(640K)
[1.361s][info][gc             ] GC(44) Pause Young (Allocation Failure) 231M->231M(275M) 18.598ms
[1.361s][info][gc,cpu         ] GC(44) User=0.08s Sys=0.02s Real=0.02s
[1.361s][info][gc,start       ] GC(45) Pause Full (Ergonomics)
[1.361s][info][gc,phases,start] GC(45) Marking Phase
[1.416s][info][gc,phases      ] GC(45) Marking Phase 54.867ms
[1.416s][info][gc,phases,start] GC(45) Summary Phase
[1.416s][info][gc,phases      ] GC(45) Summary Phase 0.027ms
[1.416s][info][gc,phases,start] GC(45) Adjust Roots
[1.416s][info][gc,phases      ] GC(45) Adjust Roots 0.146ms
[1.416s][info][gc,phases,start] GC(45) Compaction Phase
[1.441s][info][gc,phases      ] GC(45) Compaction Phase 25.052ms
[1.441s][info][gc,phases,start] GC(45) Post Compact
[1.442s][info][gc,phases      ] GC(45) Post Compact 1.121ms
[1.442s][info][gc,heap        ] GC(45) PSYoungGen: 32832K(63488K)->18365K(63488K) Eden: 0K(12288K)->0K(12288K) From: 32832K(51200K)->18365K(51200K)
[1.443s][info][gc,heap        ] GC(45) ParOldGen: 204496K(218624K)->218365K(258048K)
[1.443s][info][gc,metaspace   ] GC(45) Metaspace: 6302K(6464K)->6302K(6464K) NonClass: 5769K(5824K)->5769K(5824K) Class: 533K(640K)->533K(640K)
[1.443s][info][gc             ] GC(45) Pause Full (Ergonomics) 231M->231M(314M) 81.758ms
[1.443s][info][gc,cpu         ] GC(45) User=0.38s Sys=0.00s Real=0.08s
[1.456s][info][gc,start       ] GC(46) Pause Young (Allocation Failure)
[1.479s][info][gc,heap        ] GC(46) PSYoungGen: 30653K(63488K)->25248K(60416K) Eden: 12288K(12288K)->0K(13824K) From: 18365K(51200K)->25248K(46592K)
[1.479s][info][gc,heap        ] GC(46) ParOldGen: 218365K(258048K)->224013K(258048K)
[1.479s][info][gc,metaspace   ] GC(46) Metaspace: 6302K(6464K)->6302K(6464K) NonClass: 5769K(5824K)->5769K(5824K) Class: 533K(640K)->533K(640K)
[1.479s][info][gc             ] GC(46) Pause Young (Allocation Failure) 243M->243M(311M) 22.661ms
[1.479s][info][gc,cpu         ] GC(46) User=0.11s Sys=0.00s Real=0.02s
[1.494s][info][gc,start       ] GC(47) Pause Young (Allocation Failure)
[1.513s][info][gc,heap        ] GC(47) PSYoungGen: 39072K(60416K)->33120K(63488K) Eden: 13824K(13824K)->0K(13824K) From: 25248K(46592K)->33120K(49664K)
[1.513s][info][gc,heap        ] GC(47) ParOldGen: 224013K(258048K)->230037K(258048K)
[1.514s][info][gc,metaspace   ] GC(47) Metaspace: 6302K(6464K)->6302K(6464K) NonClass: 5769K(5824K)->5769K(5824K) Class: 533K(640K)->533K(640K)
[1.514s][info][gc             ] GC(47) Pause Young (Allocation Failure) 256M->256M(314M) 19.180ms
[1.514s][info][gc,cpu         ] GC(47) User=0.09s Sys=0.00s Real=0.02s
[1.528s][info][gc,start       ] GC(48) Pause Young (Allocation Failure)
[1.552s][info][gc,heap        ] GC(48) PSYoungGen: 46944K(63488K)->40064K(63488K) Eden: 13824K(13824K)->0K(12800K) From: 33120K(49664K)->40064K(50688K)
[1.552s][info][gc,heap        ] GC(48) ParOldGen: 230037K(258048K)->237085K(258048K)
[1.552s][info][gc,metaspace   ] GC(48) Metaspace: 6302K(6464K)->6302K(6464K) NonClass: 5769K(5824K)->5769K(5824K) Class: 533K(640K)->533K(640K)
[1.552s][info][gc             ] GC(48) Pause Young (Allocation Failure) 270M->270M(314M) 23.706ms
[1.552s][info][gc,cpu         ] GC(48) User=0.09s Sys=0.03s Real=0.02s
[1.567s][info][gc,start       ] GC(49) Pause Young (Allocation Failure)
[1.591s][info][gc,heap        ] GC(49) PSYoungGen: 52864K(63488K)->40576K(66560K) Eden: 12800K(12800K)->0K(12800K) From: 40064K(50688K)->40576K(53760K)
[1.591s][info][gc,heap        ] GC(49) ParOldGen: 237085K(258048K)->249549K(258048K)
[1.591s][info][gc,metaspace   ] GC(49) Metaspace: 6302K(6464K)->6302K(6464K) NonClass: 5769K(5824K)->5769K(5824K) Class: 533K(640K)->533K(640K)
[1.591s][info][gc             ] GC(49) Pause Young (Allocation Failure) 283M->283M(317M) 24.432ms
[1.591s][info][gc,cpu         ] GC(49) User=0.09s Sys=0.00s Real=0.02s
[1.591s][info][gc,start       ] GC(50) Pause Full (Ergonomics)
[1.591s][info][gc,phases,start] GC(50) Marking Phase
[1.658s][info][gc,phases      ] GC(50) Marking Phase 67.118ms
[1.658s][info][gc,phases,start] GC(50) Summary Phase
[1.658s][info][gc,phases      ] GC(50) Summary Phase 0.020ms
[1.658s][info][gc,phases,start] GC(50) Adjust Roots
[1.658s][info][gc,phases      ] GC(50) Adjust Roots 0.149ms
[1.658s][info][gc,phases,start] GC(50) Compaction Phase
[1.688s][info][gc,phases      ] GC(50) Compaction Phase 29.917ms
[1.688s][info][gc,phases,start] GC(50) Post Compact
[1.690s][info][gc,phases      ] GC(50) Post Compact 1.399ms
[1.690s][info][gc,heap        ] GC(50) PSYoungGen: 40576K(66560K)->31662K(66560K) Eden: 0K(12800K)->0K(12800K) From: 40576K(53760K)->31662K(53760K)
[1.690s][info][gc,heap        ] GC(50) ParOldGen: 249549K(258048K)->257672K(297472K)
[1.690s][info][gc,metaspace   ] GC(50) Metaspace: 6302K(6464K)->6302K(6464K) NonClass: 5769K(5824K)->5769K(5824K) Class: 533K(640K)->533K(640K)
[1.690s][info][gc             ] GC(50) Pause Full (Ergonomics) 283M->282M(355M) 99.094ms
[1.690s][info][gc,cpu         ] GC(50) User=0.52s Sys=0.02s Real=0.10s
[1.704s][info][gc,start       ] GC(51) Pause Young (Allocation Failure)
[1.734s][info][gc,heap        ] GC(51) PSYoungGen: 44462K(66560K)->22848K(67072K) Eden: 12800K(12800K)->0K(14848K) From: 31662K(53760K)->22848K(52224K)
[1.734s][info][gc,heap        ] GC(51) ParOldGen: 257672K(297472K)->279720K(297472K)
[1.734s][info][gc,metaspace   ] GC(51) Metaspace: 6302K(6464K)->6302K(6464K) NonClass: 5769K(5824K)->5769K(5824K) Class: 533K(640K)->533K(640K)
[1.734s][info][gc             ] GC(51) Pause Young (Allocation Failure) 295M->295M(356M) 29.506ms
[1.734s][info][gc,cpu         ] GC(51) User=0.11s Sys=0.02s Real=0.03s
[1.734s][info][gc,start       ] GC(52) Pause Full (Ergonomics)
[1.734s][info][gc,phases,start] GC(52) Marking Phase
[1.797s][info][gc,phases      ] GC(52) Marking Phase 63.314ms
[1.797s][info][gc,phases,start] GC(52) Summary Phase
[1.797s][info][gc,phases      ] GC(52) Summary Phase 0.018ms
[1.797s][info][gc,phases,start] GC(52) Adjust Roots
[1.797s][info][gc,phases      ] GC(52) Adjust Roots 0.154ms
[1.797s][info][gc,phases,start] GC(52) Compaction Phase
[1.826s][info][gc,phases      ] GC(52) Compaction Phase 28.120ms
[1.826s][info][gc,phases,start] GC(52) Post Compact
[1.827s][info][gc,phases      ] GC(52) Post Compact 1.326ms
[1.827s][info][gc,heap        ] GC(52) PSYoungGen: 22848K(67072K)->4817K(69120K) Eden: 0K(14848K)->0K(16896K) From: 22848K(52224K)->4817K(52224K)
[1.827s][info][gc,heap        ] GC(52) ParOldGen: 279720K(297472K)->297283K(344064K)
[1.827s][info][gc,metaspace   ] GC(52) Metaspace: 6302K(6464K)->6302K(6464K) NonClass: 5769K(5824K)->5769K(5824K) Class: 533K(640K)->533K(640K)
[1.827s][info][gc             ] GC(52) Pause Full (Ergonomics) 295M->295M(403M) 93.417ms
[1.827s][info][gc,cpu         ] GC(52) User=0.52s Sys=0.02s Real=0.09s
[1.848s][info][gc,start       ] GC(53) Pause Young (Allocation Failure)
[1.871s][info][gc,heap        ] GC(53) PSYoungGen: 21713K(69120K)->20384K(71168K) Eden: 16896K(16896K)->0K(16896K) From: 4817K(52224K)->20384K(54272K)
[1.871s][info][gc,heap        ] GC(53) ParOldGen: 297283K(344064K)->298827K(344064K)
[1.871s][info][gc,metaspace   ] GC(53) Metaspace: 6302K(6464K)->6302K(6464K) NonClass: 5769K(5824K)->5769K(5824K) Class: 533K(640K)->533K(640K)
[1.871s][info][gc             ] GC(53) Pause Young (Allocation Failure) 311M->311M(405M) 23.024ms
[1.871s][info][gc,cpu         ] GC(53) User=0.12s Sys=0.00s Real=0.02s
[1.892s][info][gc,start       ] GC(54) Pause Young (Allocation Failure)
[1.911s][info][gc,heap        ] GC(54) PSYoungGen: 37280K(71168K)->37312K(70144K) Eden: 16896K(16896K)->0K(17408K) From: 20384K(54272K)->37312K(52736K)
[1.911s][info][gc,heap        ] GC(54) ParOldGen: 298827K(344064K)->298827K(344064K)
[1.911s][info][gc,metaspace   ] GC(54) Metaspace: 6302K(6464K)->6302K(6464K) NonClass: 5769K(5824K)->5769K(5824K) Class: 533K(640K)->533K(640K)
[1.911s][info][gc             ] GC(54) Pause Young (Allocation Failure) 328M->328M(404M) 18.965ms
[1.911s][info][gc,cpu         ] GC(54) User=0.12s Sys=0.00s Real=0.02s
[1.989s][info][gc,start       ] GC(55) Pause Young (Allocation Failure)
[2.020s][info][gc,heap        ] GC(55) PSYoungGen: 54720K(70144K)->54272K(71680K) Eden: 17408K(17408K)->0K(17408K) From: 37312K(52736K)->54272K(54272K)
[2.020s][info][gc,heap        ] GC(55) ParOldGen: 315211K(344064K)->315531K(344064K)
[2.020s][info][gc,metaspace   ] GC(55) Metaspace: 6302K(6464K)->6302K(6464K) NonClass: 5769K(5824K)->5769K(5824K) Class: 533K(640K)->533K(640K)
[2.020s][info][gc             ] GC(55) Pause Young (Allocation Failure) 361M->361M(406M) 31.275ms
[2.020s][info][gc,cpu         ] GC(55) User=0.14s Sys=0.00s Real=0.03s
[2.036s][info][gc,start       ] GC(56) Pause Young (Allocation Failure)
[2.070s][info][gc,heap        ] GC(56) PSYoungGen: 71680K(71680K)->51648K(75776K) Eden: 17408K(17408K)->0K(14336K) From: 54272K(54272K)->51648K(61440K)
[2.070s][info][gc,heap        ] GC(56) ParOldGen: 315531K(344064K)->335955K(344064K)
[2.070s][info][gc,metaspace   ] GC(56) Metaspace: 6302K(6464K)->6302K(6464K) NonClass: 5769K(5824K)->5769K(5824K) Class: 533K(640K)->533K(640K)
[2.070s][info][gc             ] GC(56) Pause Young (Allocation Failure) 378M->378M(410M) 33.604ms
[2.070s][info][gc,cpu         ] GC(56) User=0.23s Sys=0.02s Real=0.03s
[2.070s][info][gc,start       ] GC(57) Pause Full (Ergonomics)
[2.070s][info][gc,phases,start] GC(57) Marking Phase
[2.154s][info][gc,phases      ] GC(57) Marking Phase 83.483ms
[2.154s][info][gc,phases,start] GC(57) Summary Phase
[2.154s][info][gc,phases      ] GC(57) Summary Phase 0.019ms
[2.154s][info][gc,phases,start] GC(57) Adjust Roots
[2.154s][info][gc,phases      ] GC(57) Adjust Roots 0.146ms
[2.154s][info][gc,phases,start] GC(57) Compaction Phase
[2.224s][info][gc,phases      ] GC(57) Compaction Phase 69.953ms
[2.224s][info][gc,phases,start] GC(57) Post Compact
[2.226s][info][gc,phases      ] GC(57) Post Compact 1.940ms
[2.226s][info][gc,heap        ] GC(57) PSYoungGen: 51648K(75776K)->35040K(75776K) Eden: 0K(14336K)->0K(14336K) From: 51648K(61440K)->35040K(61440K)
[2.226s][info][gc,heap        ] GC(57) ParOldGen: 335955K(344064K)->343731K(396288K)
[2.226s][info][gc,metaspace   ] GC(57) Metaspace: 6302K(6464K)->6302K(6464K) NonClass: 5769K(5824K)->5769K(5824K) Class: 533K(640K)->533K(640K)
[2.226s][info][gc             ] GC(57) Pause Full (Ergonomics) 378M->369M(461M) 156.113ms
[2.226s][info][gc,cpu         ] GC(57) User=1.02s Sys=0.00s Real=0.16s
[2.244s][info][gc,start       ] GC(58) Pause Young (Allocation Failure)
[2.279s][info][gc,heap        ] GC(58) PSYoungGen: 49376K(75776K)->49536K(80896K) Eden: 14336K(14336K)->0K(14336K) From: 35040K(61440K)->49536K(66560K)
[2.279s][info][gc,heap        ] GC(58) ParOldGen: 343731K(396288K)->343731K(396288K)
[2.279s][info][gc,metaspace   ] GC(58) Metaspace: 6302K(6464K)->6302K(6464K) NonClass: 5769K(5824K)->5769K(5824K) Class: 533K(640K)->533K(640K)
[2.279s][info][gc             ] GC(58) Pause Young (Allocation Failure) 383M->384M(466M) 34.649ms
[2.279s][info][gc,cpu         ] GC(58) User=0.25s Sys=0.00s Real=0.03s
[2.293s][info][gc,start       ] GC(59) Pause Young (Allocation Failure)
[2.323s][info][gc,heap        ] GC(59) PSYoungGen: 63872K(80896K)->63968K(77824K) Eden: 14336K(14336K)->0K(8704K) From: 49536K(66560K)->63968K(69120K)
[2.323s][info][gc,heap        ] GC(59) ParOldGen: 343731K(396288K)->343731K(396288K)
[2.323s][info][gc,metaspace   ] GC(59) Metaspace: 6302K(6464K)->6302K(6464K) NonClass: 5769K(5824K)->5769K(5824K) Class: 533K(640K)->533K(640K)
[2.323s][info][gc             ] GC(59) Pause Young (Allocation Failure) 398M->398M(463M) 29.515ms
[2.323s][info][gc,cpu         ] GC(59) User=0.14s Sys=0.00s Real=0.03s
[2.332s][info][gc,start       ] GC(60) Pause Young (Allocation Failure)
[2.366s][info][gc,heap        ] GC(60) PSYoungGen: 72672K(77824K)->61792K(85504K) Eden: 8704K(8704K)->0K(8704K) From: 63968K(69120K)->61792K(76800K)
[2.366s][info][gc,heap        ] GC(60) ParOldGen: 343731K(396288K)->354627K(396288K)
[2.366s][info][gc,metaspace   ] GC(60) Metaspace: 6302K(6464K)->6302K(6464K) NonClass: 5769K(5824K)->5769K(5824K) Class: 533K(640K)->533K(640K)
[2.366s][info][gc             ] GC(60) Pause Young (Allocation Failure) 406M->406M(470M) 33.924ms
[2.366s][info][gc,cpu         ] GC(60) User=0.25s Sys=0.00s Real=0.03s
[2.375s][info][gc,start       ] GC(61) Pause Young (Allocation Failure)
[2.408s][info][gc,heap        ] GC(61) PSYoungGen: 70496K(85504K)->46208K(89088K) Eden: 8704K(8704K)->0K(10240K) From: 61792K(76800K)->46208K(78848K)
[2.408s][info][gc,heap        ] GC(61) ParOldGen: 354627K(396288K)->379259K(396288K)
[2.408s][info][gc,metaspace   ] GC(61) Metaspace: 6302K(6464K)->6302K(6464K) NonClass: 5769K(5824K)->5769K(5824K) Class: 533K(640K)->533K(640K)
[2.408s][info][gc             ] GC(61) Pause Young (Allocation Failure) 415M->415M(474M) 33.141ms
[2.408s][info][gc,cpu         ] GC(61) User=0.19s Sys=0.06s Real=0.03s
[2.408s][info][gc,start       ] GC(62) Pause Full (Ergonomics)
[2.408s][info][gc,phases,start] GC(62) Marking Phase
[2.501s][info][gc,phases      ] GC(62) Marking Phase 92.824ms
[2.501s][info][gc,phases,start] GC(62) Summary Phase
[2.501s][info][gc,phases      ] GC(62) Summary Phase 0.020ms
[2.501s][info][gc,phases,start] GC(62) Adjust Roots
[2.501s][info][gc,phases      ] GC(62) Adjust Roots 0.153ms
[2.501s][info][gc,phases,start] GC(62) Compaction Phase
[2.550s][info][gc,phases      ] GC(62) Compaction Phase 49.370ms
[2.551s][info][gc,phases,start] GC(62) Post Compact
[2.553s][info][gc,phases      ] GC(62) Post Compact 2.072ms
[2.553s][info][gc,heap        ] GC(62) PSYoungGen: 46208K(89088K)->28580K(90624K) Eden: 0K(10240K)->0K(11776K) From: 46208K(78848K)->28580K(78848K)
[2.553s][info][gc,heap        ] GC(62) ParOldGen: 379259K(396288K)->396144K(455168K)
[2.553s][info][gc,metaspace   ] GC(62) Metaspace: 6302K(6464K)->6302K(6464K) NonClass: 5769K(5824K)->5769K(5824K) Class: 533K(640K)->533K(640K)
[2.553s][info][gc             ] GC(62) Pause Full (Ergonomics) 415M->414M(533M) 145.085ms
[2.553s][info][gc,cpu         ] GC(62) User=0.88s Sys=0.00s Real=0.14s
[2.567s][info][gc,start       ] GC(63) Pause Young (Allocation Failure)
[2.601s][info][gc,heap        ] GC(63) PSYoungGen: 40356K(90624K)->24160K(92160K) Eden: 11776K(11776K)->0K(11776K) From: 28580K(78848K)->24160K(80384K)
[2.601s][info][gc,heap        ] GC(63) ParOldGen: 396144K(455168K)->412712K(455168K)
[2.601s][info][gc,metaspace   ] GC(63) Metaspace: 6302K(6464K)->6302K(6464K) NonClass: 5769K(5824K)->5769K(5824K) Class: 533K(640K)->533K(640K)
[2.601s][info][gc             ] GC(63) Pause Young (Allocation Failure) 426M->426M(534M) 34.526ms
[2.601s][info][gc,cpu         ] GC(63) User=0.19s Sys=0.00s Real=0.04s
[2.613s][info][gc,start       ] GC(64) Pause Young (Allocation Failure)
[2.631s][info][gc,heap        ] GC(64) PSYoungGen: 35936K(92160K)->29952K(87552K) Eden: 11776K(11776K)->0K(13824K) From: 24160K(80384K)->29952K(73728K)
[2.631s][info][gc,heap        ] GC(64) ParOldGen: 412712K(455168K)->418792K(455168K)
[2.631s][info][gc,metaspace   ] GC(64) Metaspace: 6302K(6464K)->6302K(6464K) NonClass: 5769K(5824K)->5769K(5824K) Class: 533K(640K)->533K(640K)
[2.631s][info][gc             ] GC(64) Pause Young (Allocation Failure) 438M->438M(530M) 17.939ms
[2.631s][info][gc,cpu         ] GC(64) User=0.12s Sys=0.00s Real=0.02s
[2.646s][info][gc,start       ] GC(65) Pause Young (Allocation Failure)
[2.668s][info][gc,heap        ] GC(65) PSYoungGen: 43776K(87552K)->25760K(90112K) Eden: 13824K(13824K)->0K(13824K) From: 29952K(73728K)->25760K(76288K)
[2.668s][info][gc,heap        ] GC(65) ParOldGen: 418792K(455168K)->437104K(455168K)
[2.668s][info][gc,metaspace   ] GC(65) Metaspace: 6302K(6464K)->6302K(6464K) NonClass: 5769K(5824K)->5769K(5824K) Class: 533K(640K)->533K(640K)
[2.668s][info][gc             ] GC(65) Pause Young (Allocation Failure) 451M->452M(532M) 21.695ms
[2.668s][info][gc,cpu         ] GC(65) User=0.09s Sys=0.03s Real=0.02s
[2.668s][info][gc,start       ] GC(66) Pause Full (Ergonomics)
[2.668s][info][gc,phases,start] GC(66) Marking Phase
[2.765s][info][gc,phases      ] GC(66) Marking Phase 97.224ms
[2.765s][info][gc,phases,start] GC(66) Summary Phase
[2.765s][info][gc,phases      ] GC(66) Summary Phase 0.020ms
[2.765s][info][gc,phases,start] GC(66) Adjust Roots
[2.765s][info][gc,phases      ] GC(66) Adjust Roots 0.148ms
[2.765s][info][gc,phases,start] GC(66) Compaction Phase
[2.814s][info][gc,phases      ] GC(66) Compaction Phase 48.341ms
[2.814s][info][gc,phases,start] GC(66) Post Compact
[2.816s][info][gc,phases      ] GC(66) Post Compact 2.268ms
[2.817s][info][gc,heap        ] GC(66) PSYoungGen: 25760K(90112K)->7149K(90112K) Eden: 0K(13824K)->0K(13824K) From: 25760K(76288K)->7149K(76288K)
[2.817s][info][gc,heap        ] GC(66) ParOldGen: 437104K(455168K)->454863K(518144K)
[2.817s][info][gc,metaspace   ] GC(66) Metaspace: 6302K(6464K)->6302K(6464K) NonClass: 5769K(5824K)->5769K(5824K) Class: 533K(640K)->533K(640K)
[2.817s][info][gc             ] GC(66) Pause Full (Ergonomics) 452M->451M(594M) 148.640ms
[2.817s][info][gc,cpu         ] GC(66) User=1.00s Sys=0.00s Real=0.15s
[2.831s][info][gc,start       ] GC(67) Pause Young (Allocation Failure)
[2.860s][info][gc,heap        ] GC(67) PSYoungGen: 20973K(90112K)->13920K(89600K) Eden: 13824K(13824K)->0K(15360K) From: 7149K(76288K)->13920K(74240K)
[2.860s][info][gc,heap        ] GC(67) ParOldGen: 454863K(518144K)->462135K(518144K)
[2.860s][info][gc,metaspace   ] GC(67) Metaspace: 6302K(6464K)->6302K(6464K) NonClass: 5769K(5824K)->5769K(5824K) Class: 533K(640K)->533K(640K)
[2.860s][info][gc             ] GC(67) Pause Young (Allocation Failure) 464M->464M(593M) 29.280ms
[2.860s][info][gc,cpu         ] GC(67) User=0.12s Sys=0.00s Real=0.03s
[2.878s][info][gc,start       ] GC(68) Pause Young (Allocation Failure)
[2.894s][info][gc,heap        ] GC(68) PSYoungGen: 29280K(89600K)->29280K(45056K) Eden: 15360K(15360K)->0K(15360K) From: 13920K(74240K)->29280K(29696K)
[2.894s][info][gc,heap        ] GC(68) ParOldGen: 462135K(518144K)->462135K(518144K)
[2.894s][info][gc,metaspace   ] GC(68) Metaspace: 6302K(6464K)->6302K(6464K) NonClass: 5769K(5824K)->5769K(5824K) Class: 533K(640K)->533K(640K)
[2.894s][info][gc             ] GC(68) Pause Young (Allocation Failure) 479M->479M(550M) 16.175ms
[2.894s][info][gc,cpu         ] GC(68) User=0.02s Sys=0.00s Real=0.02s
[2.910s][info][gc,start       ] GC(69) Pause Young (Allocation Failure)
[2.932s][info][gc,heap        ] GC(69) PSYoungGen: 44640K(45056K)->30848K(81920K) Eden: 15360K(15360K)->0K(17408K) From: 29280K(29696K)->30848K(64512K)
[2.932s][info][gc,heap        ] GC(69) ParOldGen: 462135K(518144K)->476151K(518144K)
[2.932s][info][gc,metaspace   ] GC(69) Metaspace: 6302K(6464K)->6302K(6464K) NonClass: 5769K(5824K)->5769K(5824K) Class: 533K(640K)->533K(640K)
[2.932s][info][gc             ] GC(69) Pause Young (Allocation Failure) 494M->495M(586M) 22.520ms
[2.932s][info][gc,cpu         ] GC(69) User=0.12s Sys=0.00s Real=0.02s
[2.951s][info][gc,start       ] GC(70) Pause Young (Allocation Failure)
[2.976s][info][gc,heap        ] GC(70) PSYoungGen: 48256K(81920K)->32896K(50688K) Eden: 17408K(17408K)->0K(17408K) From: 30848K(64512K)->32896K(33280K)
[2.976s][info][gc,heap        ] GC(70) ParOldGen: 476151K(518144K)->491727K(518144K)
[2.976s][info][gc,metaspace   ] GC(70) Metaspace: 6302K(6464K)->6302K(6464K) NonClass: 5769K(5824K)->5769K(5824K) Class: 533K(640K)->533K(640K)
[2.976s][info][gc             ] GC(70) Pause Young (Allocation Failure) 512M->512M(555M) 24.429ms
[2.976s][info][gc,cpu         ] GC(70) User=0.09s Sys=0.05s Real=0.02s
[2.976s][info][gc,start       ] GC(71) Pause Full (Ergonomics)
[2.976s][info][gc,phases,start] GC(71) Marking Phase
[3.088s][info][gc,phases      ] GC(71) Marking Phase 111.885ms
[3.088s][info][gc,phases,start] GC(71) Summary Phase
[3.088s][info][gc,phases      ] GC(71) Summary Phase 0.020ms
[3.088s][info][gc,phases,start] GC(71) Adjust Roots
[3.088s][info][gc,phases      ] GC(71) Adjust Roots 0.152ms
[3.088s][info][gc,phases,start] GC(71) Compaction Phase
[3.135s][info][gc,phases      ] GC(71) Compaction Phase 46.678ms
[3.135s][info][gc,phases,start] GC(71) Post Compact
[3.137s][info][gc,phases      ] GC(71) Post Compact 2.537ms
[3.138s][info][gc,heap        ] GC(71) PSYoungGen: 32896K(50688K)->6137K(50688K) Eden: 0K(17408K)->0K(17408K) From: 32896K(33280K)->6137K(33280K)
[3.138s][info][gc,heap        ] GC(71) ParOldGen: 491727K(518144K)->517702K(582656K)
[3.138s][info][gc,metaspace   ] GC(71) Metaspace: 6302K(6464K)->6302K(6464K) NonClass: 5769K(5824K)->5769K(5824K) Class: 533K(640K)->533K(640K)
[3.138s][info][gc             ] GC(71) Pause Full (Ergonomics) 512M->511M(618M) 161.842ms
[3.138s][info][gc,cpu         ] GC(71) User=1.02s Sys=0.02s Real=0.16s
[3.157s][info][gc,start       ] GC(72) Pause Young (Allocation Failure)
[3.190s][info][gc,heap        ] GC(72) PSYoungGen: 23545K(50688K)->19936K(81920K) Eden: 17408K(17408K)->0K(19456K) From: 6137K(33280K)->19936K(62464K)
[3.190s][info][gc,heap        ] GC(72) ParOldGen: 517702K(582656K)->521510K(582656K)
[3.190s][info][gc,metaspace   ] GC(72) Metaspace: 6302K(6464K)->6302K(6464K) NonClass: 5769K(5824K)->5769K(5824K) Class: 533K(640K)->533K(640K)
[3.191s][info][gc             ] GC(72) Pause Young (Allocation Failure) 528M->528M(649M) 33.484ms
[3.191s][info][gc,cpu         ] GC(72) User=0.16s Sys=0.00s Real=0.03s
[3.213s][info][gc,start       ] GC(73) Pause Young (Allocation Failure)
[3.235s][info][gc,heap        ] GC(73) PSYoungGen: 39392K(81920K)->39424K(83456K) Eden: 19456K(19456K)->0K(19456K) From: 19936K(62464K)->39424K(64000K)
[3.235s][info][gc,heap        ] GC(73) ParOldGen: 521510K(582656K)->521510K(582656K)
[3.235s][info][gc,metaspace   ] GC(73) Metaspace: 6302K(6464K)->6302K(6464K) NonClass: 5769K(5824K)->5769K(5824K) Class: 533K(640K)->533K(640K)
[3.235s][info][gc             ] GC(73) Pause Young (Allocation Failure) 547M->547M(650M) 21.502ms
[3.235s][info][gc,cpu         ] GC(73) User=0.12s Sys=0.00s Real=0.02s
[3.257s][info][gc,start       ] GC(74) Pause Young (Allocation Failure)
[3.285s][info][gc,heap        ] GC(74) PSYoungGen: 58880K(83456K)->58880K(78336K) Eden: 19456K(19456K)->0K(14848K) From: 39424K(64000K)->58880K(63488K)
[3.285s][info][gc,heap        ] GC(74) ParOldGen: 521510K(582656K)->521510K(582656K)
[3.285s][info][gc,metaspace   ] GC(74) Metaspace: 6302K(6464K)->6302K(6464K) NonClass: 5769K(5824K)->5769K(5824K) Class: 533K(640K)->533K(640K)
[3.285s][info][gc             ] GC(74) Pause Young (Allocation Failure) 566M->566M(645M) 27.894ms
[3.285s][info][gc,cpu         ] GC(74) User=0.16s Sys=0.00s Real=0.03s
[3.300s][info][gc,start       ] GC(75) Pause Young (Allocation Failure)
[3.335s][info][gc,heap        ] GC(75) PSYoungGen: 73728K(78336K)->70144K(84992K) Eden: 14848K(14848K)->0K(14848K) From: 58880K(63488K)->70144K(70144K)
[3.336s][info][gc,heap        ] GC(75) ParOldGen: 521510K(582656K)->525142K(582656K)
[3.336s][info][gc,metaspace   ] GC(75) Metaspace: 6302K(6464K)->6302K(6464K) NonClass: 5769K(5824K)->5769K(5824K) Class: 533K(640K)->533K(640K)
[3.336s][info][gc             ] GC(75) Pause Young (Allocation Failure) 581M->581M(652M) 35.469ms
[3.336s][info][gc,cpu         ] GC(75) User=0.19s Sys=0.00s Real=0.04s
[3.353s][info][gc,start       ] GC(76) Pause Young (Allocation Failure)
[3.398s][info][gc,heap        ] GC(76) PSYoungGen: 84992K(84992K)->48672K(96768K) Eden: 14848K(14848K)->0K(16896K) From: 70144K(70144K)->48672K(79872K)
[3.398s][info][gc,heap        ] GC(76) ParOldGen: 525142K(582656K)->561958K(582656K)
[3.398s][info][gc,metaspace   ] GC(76) Metaspace: 6302K(6464K)->6302K(6464K) NonClass: 5769K(5824K)->5769K(5824K) Class: 533K(640K)->533K(640K)
[3.398s][info][gc             ] GC(76) Pause Young (Allocation Failure) 595M->596M(663M) 44.438ms
[3.398s][info][gc,cpu         ] GC(76) User=0.23s Sys=0.03s Real=0.05s
[3.398s][info][gc,start       ] GC(77) Pause Full (Ergonomics)
[3.398s][info][gc,phases,start] GC(77) Marking Phase
[3.531s][info][gc,phases      ] GC(77) Marking Phase 133.643ms
[3.531s][info][gc,phases,start] GC(77) Summary Phase
[3.531s][info][gc,phases      ] GC(77) Summary Phase 0.030ms
[3.531s][info][gc,phases,start] GC(77) Adjust Roots
[3.532s][info][gc,phases      ] GC(77) Adjust Roots 0.149ms
[3.532s][info][gc,phases,start] GC(77) Compaction Phase
[3.585s][info][gc,phases      ] GC(77) Compaction Phase 53.702ms
[3.585s][info][gc,phases,start] GC(77) Post Compact
[3.586s][info][gc,phases      ] GC(77) Post Compact 0.979ms
[3.587s][info][gc,heap        ] GC(77) PSYoungGen: 48672K(96768K)->27485K(97280K) Eden: 0K(16896K)->0K(17408K) From: 48672K(79872K)->27485K(79872K)
[3.587s][info][gc,heap        ] GC(77) ParOldGen: 561958K(582656K)->582212K(656896K)
[3.587s][info][gc,metaspace   ] GC(77) Metaspace: 6302K(6464K)->6302K(6464K) NonClass: 5769K(5824K)->5769K(5824K) Class: 533K(640K)->533K(640K)
[3.587s][info][gc             ] GC(77) Pause Full (Ergonomics) 596M->595M(736M) 189.030ms
[3.587s][info][gc,cpu         ] GC(77) User=1.33s Sys=0.03s Real=0.19s
[3.609s][info][gc,start       ] GC(78) Pause Young (Allocation Failure)
[3.655s][info][gc,heap        ] GC(78) PSYoungGen: 44893K(97280K)->25536K(97792K) Eden: 17408K(17408K)->0K(17408K) From: 27485K(79872K)->25536K(80384K)
[3.655s][info][gc,heap        ] GC(78) ParOldGen: 582212K(656896K)->602036K(656896K)
[3.655s][info][gc,metaspace   ] GC(78) Metaspace: 6302K(6464K)->6302K(6464K) NonClass: 5769K(5824K)->5769K(5824K) Class: 533K(640K)->533K(640K)
[3.655s][info][gc             ] GC(78) Pause Young (Allocation Failure) 612M->612M(737M) 46.278ms
[3.655s][info][gc,cpu         ] GC(78) User=0.34s Sys=0.03s Real=0.05s
[3.677s][info][gc,start       ] GC(79) Pause Young (Allocation Failure)
[3.701s][info][gc,heap        ] GC(79) PSYoungGen: 42944K(97792K)->34944K(91136K) Eden: 17408K(17408K)->0K(19456K) From: 25536K(80384K)->34944K(71680K)
[3.701s][info][gc,heap        ] GC(79) ParOldGen: 602036K(656896K)->610116K(656896K)
[3.701s][info][gc,metaspace   ] GC(79) Metaspace: 6302K(6464K)->6302K(6464K) NonClass: 5769K(5824K)->5769K(5824K) Class: 533K(640K)->533K(640K)
[3.701s][info][gc             ] GC(79) Pause Young (Allocation Failure) 629M->629M(730M) 23.846ms
[3.701s][info][gc,cpu         ] GC(79) User=0.12s Sys=0.00s Real=0.02s
[3.723s][info][gc,start       ] GC(80) Pause Young (Allocation Failure)
[3.752s][info][gc,heap        ] GC(80) PSYoungGen: 54400K(91136K)->37024K(56832K) Eden: 19456K(19456K)->0K(19456K) From: 34944K(71680K)->37024K(37376K)
[3.752s][info][gc,heap        ] GC(80) ParOldGen: 610116K(656896K)->627772K(656896K)
[3.752s][info][gc,metaspace   ] GC(80) Metaspace: 6302K(6464K)->6302K(6464K) NonClass: 5769K(5824K)->5769K(5824K) Class: 533K(640K)->533K(640K)
[3.752s][info][gc             ] GC(80) Pause Young (Allocation Failure) 648M->649M(697M) 28.834ms
[3.752s][info][gc,cpu         ] GC(80) User=0.12s Sys=0.00s Real=0.03s
[3.752s][info][gc,start       ] GC(81) Pause Full (Ergonomics)
[3.752s][info][gc,phases,start] GC(81) Marking Phase
[3.899s][info][gc,phases      ] GC(81) Marking Phase 146.969ms
[3.899s][info][gc,phases,start] GC(81) Summary Phase
[3.899s][info][gc,phases      ] GC(81) Summary Phase 0.030ms
[3.899s][info][gc,phases,start] GC(81) Adjust Roots
[3.899s][info][gc,phases      ] GC(81) Adjust Roots 0.150ms
[3.899s][info][gc,phases,start] GC(81) Compaction Phase
[3.958s][info][gc,phases      ] GC(81) Compaction Phase 58.872ms
[3.958s][info][gc,phases,start] GC(81) Post Compact
[3.959s][info][gc,phases      ] GC(81) Post Compact 1.110ms
[3.960s][info][gc,heap        ] GC(81) PSYoungGen: 37024K(56832K)->7160K(56832K) Eden: 0K(19456K)->0K(19456K) From: 37024K(37376K)->7160K(37376K)
[3.960s][info][gc,heap        ] GC(81) ParOldGen: 627772K(656896K)->656704K(735744K)
[3.960s][info][gc,metaspace   ] GC(81) Metaspace: 6302K(6464K)->6302K(6464K) NonClass: 5769K(5824K)->5769K(5824K) Class: 533K(640K)->533K(640K)
[3.960s][info][gc             ] GC(81) Pause Full (Ergonomics) 649M->648M(774M) 207.765ms
[3.960s][info][gc,cpu         ] GC(81) User=1.50s Sys=0.00s Real=0.21s
[3.984s][info][gc,start       ] GC(82) Pause Young (Allocation Failure)
[4.026s][info][gc,heap        ] GC(82) PSYoungGen: 26616K(56832K)->23840K(91136K) Eden: 19456K(19456K)->0K(21504K) From: 7160K(37376K)->23840K(69632K)
[4.026s][info][gc,heap        ] GC(82) ParOldGen: 656704K(735744K)->659656K(735744K)
[4.026s][info][gc,metaspace   ] GC(82) Metaspace: 6302K(6464K)->6302K(6464K) NonClass: 5769K(5824K)->5769K(5824K) Class: 533K(640K)->533K(640K)
[4.026s][info][gc             ] GC(82) Pause Young (Allocation Failure) 667M->667M(807M) 41.537ms
[4.026s][info][gc,cpu         ] GC(82) User=0.38s Sys=0.00s Real=0.04s
[4.055s][info][gc,start       ] GC(83) Pause Young (Allocation Failure)
[4.080s][info][gc,heap        ] GC(83) PSYoungGen: 45344K(91136K)->45376K(92672K) Eden: 21504K(21504K)->0K(21504K) From: 23840K(69632K)->45376K(71168K)
[4.080s][info][gc,heap        ] GC(83) ParOldGen: 659656K(735744K)->659656K(735744K)
[4.080s][info][gc,metaspace   ] GC(83) Metaspace: 6302K(6464K)->6302K(6464K) NonClass: 5769K(5824K)->5769K(5824K) Class: 533K(640K)->533K(640K)
[4.080s][info][gc             ] GC(83) Pause Young (Allocation Failure) 688M->688M(809M) 24.420ms
[4.080s][info][gc,cpu         ] GC(83) User=0.12s Sys=0.00s Real=0.02s
[4.228s][info][gc,start       ] GC(84) Pause Young (Allocation Failure)
[4.274s][info][gc,heap        ] GC(84) PSYoungGen: 66880K(92672K)->66912K(87040K) Eden: 21504K(21504K)->0K(16384K) From: 45376K(71168K)->66912K(70656K)
[4.274s][info][gc,heap        ] GC(84) ParOldGen: 692424K(735744K)->692424K(735744K)
[4.274s][info][gc,metaspace   ] GC(84) Metaspace: 6302K(6464K)->6302K(6464K) NonClass: 5769K(5824K)->5769K(5824K) Class: 533K(640K)->533K(640K)
[4.274s][info][gc             ] GC(84) Pause Young (Allocation Failure) 741M->741M(803M) 45.632ms
[4.274s][info][gc,cpu         ] GC(84) User=0.27s Sys=0.00s Real=0.05s
[4.290s][info][gc,start       ] GC(85) Pause Young (Allocation Failure)
[4.328s][info][gc,heap        ] GC(85) PSYoungGen: 83296K(87040K)->78336K(94720K) Eden: 16384K(16384K)->0K(16384K) From: 66912K(70656K)->78336K(78336K)
[4.328s][info][gc,heap        ] GC(85) ParOldGen: 692424K(735744K)->697336K(735744K)
[4.328s][info][gc,metaspace   ] GC(85) Metaspace: 6302K(6464K)->6302K(6464K) NonClass: 5769K(5824K)->5769K(5824K) Class: 533K(640K)->533K(640K)
[4.328s][info][gc             ] GC(85) Pause Young (Allocation Failure) 757M->757M(811M) 38.050ms
[4.328s][info][gc,cpu         ] GC(85) User=0.25s Sys=0.02s Real=0.04s
[4.345s][info][gc,start       ] GC(86) Pause Young (Allocation Failure)
[4.388s][info][gc,heap        ] GC(86) PSYoungGen: 94720K(94720K)->72768K(103424K) Eden: 16384K(16384K)->0K(12800K) From: 78336K(78336K)->72768K(90624K)
[4.388s][info][gc,heap        ] GC(86) ParOldGen: 697336K(735744K)->719704K(735744K)
[4.388s][info][gc,metaspace   ] GC(86) Metaspace: 6302K(6464K)->6302K(6464K) NonClass: 5769K(5824K)->5769K(5824K) Class: 533K(640K)->533K(640K)
[4.388s][info][gc             ] GC(86) Pause Young (Allocation Failure) 773M->773M(819M) 43.062ms
[4.388s][info][gc,cpu         ] GC(86) User=0.20s Sys=0.05s Real=0.04s
[4.388s][info][gc,start       ] GC(87) Pause Full (Ergonomics)
[4.388s][info][gc,phases,start] GC(87) Marking Phase
[4.559s][info][gc,phases      ] GC(87) Marking Phase 170.714ms
[4.559s][info][gc,phases,start] GC(87) Summary Phase
[4.559s][info][gc,phases      ] GC(87) Summary Phase 0.032ms
[4.559s][info][gc,phases,start] GC(87) Adjust Roots
[4.559s][info][gc,phases      ] GC(87) Adjust Roots 0.175ms
[4.560s][info][gc,phases,start] GC(87) Compaction Phase
[4.694s][info][gc,phases      ] GC(87) Compaction Phase 134.810ms
[4.694s][info][gc,phases,start] GC(87) Post Compact
[4.696s][info][gc,phases      ] GC(87) Post Compact 1.724ms
[4.697s][info][gc,heap        ] GC(87) PSYoungGen: 72768K(103424K)->39780K(103424K) Eden: 0K(12800K)->0K(12800K) From: 72768K(90624K)->39780K(90624K)
[4.697s][info][gc,heap        ] GC(87) ParOldGen: 719704K(735744K)->735537K(818176K)
[4.697s][info][gc,metaspace   ] GC(87) Metaspace: 6302K(6464K)->6302K(6464K) NonClass: 5769K(5824K)->5769K(5824K) Class: 533K(640K)->533K(640K)
[4.697s][info][gc             ] GC(87) Pause Full (Ergonomics) 773M->757M(900M) 308.159ms
[4.697s][info][gc,cpu         ] GC(87) User=2.22s Sys=0.02s Real=0.31s
[4.712s][info][gc,start       ] GC(88) Pause Young (Allocation Failure)
[4.765s][info][gc,heap        ] GC(88) PSYoungGen: 52580K(103424K)->41952K(54784K) Eden: 12800K(12800K)->0K(12800K) From: 39780K(90624K)->41952K(41984K)
[4.765s][info][gc,heap        ] GC(88) ParOldGen: 735537K(818176K)->746497K(818176K)
[4.765s][info][gc,metaspace   ] GC(88) Metaspace: 6302K(6464K)->6302K(6464K) NonClass: 5769K(5824K)->5769K(5824K) Class: 533K(640K)->533K(640K)
[4.765s][info][gc             ] GC(88) Pause Young (Allocation Failure) 769M->769M(852M) 52.831ms
[4.765s][info][gc,cpu         ] GC(88) User=0.38s Sys=0.00s Real=0.05s
[4.778s][info][gc,start       ] GC(89) Pause Young (Allocation Failure)
[4.804s][info][gc,heap        ] GC(89) PSYoungGen: 54752K(54784K)->54784K(103424K) Eden: 12800K(12800K)->0K(14336K) From: 41952K(41984K)->54784K(89088K)
[4.804s][info][gc,heap        ] GC(89) ParOldGen: 746497K(818176K)->746497K(818176K)
[4.804s][info][gc,metaspace   ] GC(89) Metaspace: 6302K(6464K)->6302K(6464K) NonClass: 5769K(5824K)->5769K(5824K) Class: 533K(640K)->533K(640K)
[4.804s][info][gc             ] GC(89) Pause Young (Allocation Failure) 782M->782M(900M) 26.075ms
[4.804s][info][gc,cpu         ] GC(89) User=0.14s Sys=0.00s Real=0.03s
[4.818s][info][gc,start       ] GC(90) Pause Young (Allocation Failure)
[4.850s][info][gc,heap        ] GC(90) PSYoungGen: 69120K(103424K)->56864K(104960K) Eden: 14336K(14336K)->0K(14336K) From: 54784K(89088K)->56864K(90624K)
[4.850s][info][gc,heap        ] GC(90) ParOldGen: 746497K(818176K)->758897K(818176K)
[4.850s][info][gc,metaspace   ] GC(90) Metaspace: 6302K(6464K)->6302K(6464K) NonClass: 5769K(5824K)->5769K(5824K) Class: 533K(640K)->533K(640K)
[4.850s][info][gc             ] GC(90) Pause Young (Allocation Failure) 796M->796M(901M) 31.865ms
[4.850s][info][gc,cpu         ] GC(90) User=0.14s Sys=0.00s Real=0.03s
[4.865s][info][gc,start       ] GC(91) Pause Young (Allocation Failure)
[4.898s][info][gc,heap        ] GC(91) PSYoungGen: 71200K(104960K)->54432K(102912K) Eden: 14336K(14336K)->0K(16384K) From: 56864K(90624K)->54432K(86528K)
[4.898s][info][gc,heap        ] GC(91) ParOldGen: 758897K(818176K)->775913K(818176K)
[4.898s][info][gc,metaspace   ] GC(91) Metaspace: 6302K(6464K)->6302K(6464K) NonClass: 5769K(5824K)->5769K(5824K) Class: 533K(640K)->533K(640K)
[4.898s][info][gc             ] GC(91) Pause Young (Allocation Failure) 810M->810M(899M) 33.218ms
[4.898s][info][gc,cpu         ] GC(91) User=0.25s Sys=0.00s Real=0.03s
[4.916s][info][gc,start       ] GC(92) Pause Young (Allocation Failure)
[4.949s][info][gc,heap        ] GC(92) PSYoungGen: 70816K(102912K)->45216K(61952K) Eden: 16384K(16384K)->0K(16384K) From: 54432K(86528K)->45216K(45568K)
[4.949s][info][gc,heap        ] GC(92) ParOldGen: 775913K(818176K)->801833K(818176K)
[4.949s][info][gc,metaspace   ] GC(92) Metaspace: 6302K(6464K)->6302K(6464K) NonClass: 5769K(5824K)->5769K(5824K) Class: 533K(640K)->533K(640K)
[4.949s][info][gc             ] GC(92) Pause Young (Allocation Failure) 826M->827M(859M) 33.664ms
[4.949s][info][gc,cpu         ] GC(92) User=0.22s Sys=0.03s Real=0.03s
[4.949s][info][gc,start       ] GC(93) Pause Full (Ergonomics)
[4.949s][info][gc,phases,start] GC(93) Marking Phase
[5.133s][info][gc,phases      ] GC(93) Marking Phase 184.207ms
[5.134s][info][gc,phases,start] GC(93) Summary Phase
[5.134s][info][gc,phases      ] GC(93) Summary Phase 0.024ms
[5.134s][info][gc,phases,start] GC(93) Adjust Roots
[5.134s][info][gc,phases      ] GC(93) Adjust Roots 0.163ms
[5.134s][info][gc,phases,start] GC(93) Compaction Phase
[5.220s][info][gc,phases      ] GC(93) Compaction Phase 85.828ms
[5.220s][info][gc,phases,start] GC(93) Post Compact
[5.221s][info][gc,phases      ] GC(93) Post Compact 1.740ms
[5.222s][info][gc,heap        ] GC(93) PSYoungGen: 45216K(61952K)->28102K(61952K) Eden: 0K(16384K)->0K(16384K) From: 45216K(45568K)->28102K(45568K)
[5.222s][info][gc,heap        ] GC(93) ParOldGen: 801833K(818176K)->817716K(907264K)
[5.222s][info][gc,metaspace   ] GC(93) Metaspace: 6302K(6464K)->6302K(6464K) NonClass: 5769K(5824K)->5769K(5824K) Class: 533K(640K)->533K(640K)
[5.222s][info][gc             ] GC(93) Pause Full (Ergonomics) 827M->825M(946M) 272.579ms
[5.222s][info][gc,cpu         ] GC(93) User=1.92s Sys=0.02s Real=0.27s
[5.240s][info][gc,start       ] GC(94) Pause Young (Allocation Failure)
[5.293s][info][gc,heap        ] GC(94) PSYoungGen: 44486K(61952K)->26080K(102912K) Eden: 16384K(16384K)->0K(18432K) From: 28102K(45568K)->26080K(84480K)
[5.293s][info][gc,heap        ] GC(94) ParOldGen: 817716K(907264K)->836548K(907264K)
[5.293s][info][gc,metaspace   ] GC(94) Metaspace: 6302K(6464K)->6302K(6464K) NonClass: 5769K(5824K)->5769K(5824K) Class: 533K(640K)->533K(640K)
[5.293s][info][gc             ] GC(94) Pause Young (Allocation Failure) 841M->842M(986M) 53.058ms
[5.293s][info][gc,cpu         ] GC(94) User=0.33s Sys=0.03s Real=0.05s
[5.313s][info][gc,start       ] GC(95) Pause Young (Allocation Failure)
[5.336s][info][gc,heap        ] GC(95) PSYoungGen: 44512K(102912K)->34944K(103424K) Eden: 18432K(18432K)->0K(18432K) From: 26080K(84480K)->34944K(84992K)
[5.336s][info][gc,heap        ] GC(95) ParOldGen: 836548K(907264K)->846220K(907264K)
[5.336s][info][gc,metaspace   ] GC(95) Metaspace: 6302K(6464K)->6302K(6464K) NonClass: 5769K(5824K)->5769K(5824K) Class: 533K(640K)->533K(640K)
[5.336s][info][gc             ] GC(95) Pause Young (Allocation Failure) 860M->860M(987M) 23.102ms
[5.336s][info][gc,cpu         ] GC(95) User=0.12s Sys=0.00s Real=0.02s
[5.355s][info][gc,start       ] GC(96) Pause Young (Allocation Failure)
[5.383s][info][gc,heap        ] GC(96) PSYoungGen: 53376K(103424K)->37056K(99840K) Eden: 18432K(18432K)->0K(20992K) From: 34944K(84992K)->37056K(78848K)
[5.383s][info][gc,heap        ] GC(96) ParOldGen: 846220K(907264K)->862844K(907264K)
[5.383s][info][gc,metaspace   ] GC(96) Metaspace: 6302K(6464K)->6302K(6464K) NonClass: 5769K(5824K)->5769K(5824K) Class: 533K(640K)->533K(640K)
[5.383s][info][gc             ] GC(96) Pause Young (Allocation Failure) 878M->878M(983M) 28.096ms
[5.383s][info][gc,cpu         ] GC(96) User=0.14s Sys=0.00s Real=0.03s
[5.407s][info][gc,start       ] GC(97) Pause Young (Allocation Failure)
[5.437s][info][gc,heap        ] GC(97) PSYoungGen: 58048K(99840K)->39584K(101888K) Eden: 20992K(20992K)->0K(20992K) From: 37056K(78848K)->39584K(80896K)
[5.437s][info][gc,heap        ] GC(97) ParOldGen: 862844K(907264K)->881540K(907264K)
[5.437s][info][gc,metaspace   ] GC(97) Metaspace: 6302K(6464K)->6302K(6464K) NonClass: 5769K(5824K)->5769K(5824K) Class: 533K(640K)->533K(640K)
[5.437s][info][gc             ] GC(97) Pause Young (Allocation Failure) 899M->899M(985M) 29.941ms
[5.437s][info][gc,cpu         ] GC(97) User=0.12s Sys=0.00s Real=0.03s
[5.437s][info][gc,start       ] GC(98) Pause Full (Ergonomics)
[5.437s][info][gc,phases,start] GC(98) Marking Phase
[5.636s][info][gc,phases      ] GC(98) Marking Phase 198.882ms
[5.636s][info][gc,phases,start] GC(98) Summary Phase
[5.636s][info][gc,phases      ] GC(98) Summary Phase 0.030ms
[5.636s][info][gc,phases,start] GC(98) Adjust Roots
[5.636s][info][gc,phases      ] GC(98) Adjust Roots 0.150ms
[5.636s][info][gc,phases,start] GC(98) Compaction Phase
[5.730s][info][gc,phases      ] GC(98) Compaction Phase 94.448ms
[5.730s][info][gc,phases,start] GC(98) Post Compact
[5.732s][info][gc,phases      ] GC(98) Post Compact 1.600ms
[5.732s][info][gc,heap        ] GC(98) PSYoungGen: 39584K(101888K)->12794K(101888K) Eden: 0K(20992K)->0K(20992K) From: 39584K(80896K)->12794K(80896K)
[5.732s][info][gc,heap        ] GC(98) ParOldGen: 881540K(907264K)->907142K(1001472K)
[5.733s][info][gc,metaspace   ] GC(98) Metaspace: 6302K(6464K)->6302K(6464K) NonClass: 5769K(5824K)->5769K(5824K) Class: 533K(640K)->533K(640K)
[5.733s][info][gc             ] GC(98) Pause Full (Ergonomics) 899M->898M(1077M) 295.760ms
[5.733s][info][gc,cpu         ] GC(98) User=2.05s Sys=0.00s Real=0.30s
[5.756s][info][gc,start       ] GC(99) Pause Young (Allocation Failure)
[5.809s][info][gc,heap        ] GC(99) PSYoungGen: 33786K(101888K)->26976K(100864K) Eden: 20992K(20992K)->0K(23552K) From: 12794K(80896K)->26976K(77312K)
[5.810s][info][gc,heap        ] GC(99) ParOldGen: 907142K(1001472K)->914254K(1001472K)
[5.810s][info][gc,metaspace   ] GC(99) Metaspace: 6302K(6464K)->6302K(6464K) NonClass: 5769K(5824K)->5769K(5824K) Class: 533K(640K)->533K(640K)
[5.810s][info][gc             ] GC(99) Pause Young (Allocation Failure) 918M->919M(1076M) 53.549ms
[5.810s][info][gc,cpu         ] GC(99) User=0.38s Sys=0.00s Real=0.05s
[5.836s][info][gc,start       ] GC(100) Pause Young (Allocation Failure)
[5.863s][info][gc,heap        ] GC(100) PSYoungGen: 50528K(100864K)->50496K(101376K) Eden: 23552K(23552K)->0K(23552K) From: 26976K(77312K)->50496K(77824K)
[5.863s][info][gc,heap        ] GC(100) ParOldGen: 914254K(1001472K)->914254K(1001472K)
[5.863s][info][gc,metaspace   ] GC(100) Metaspace: 6302K(6464K)->6302K(6464K) NonClass: 5769K(5824K)->5769K(5824K) Class: 533K(640K)->533K(640K)
[5.863s][info][gc             ] GC(100) Pause Young (Allocation Failure) 942M->942M(1077M) 26.630ms
[5.863s][info][gc,cpu         ] GC(100) User=0.14s Sys=0.00s Real=0.03s
[5.890s][info][gc,start       ] GC(101) Pause Young (Allocation Failure)
[5.926s][info][gc,heap        ] GC(101) PSYoungGen: 74048K(101376K)->74112K(95744K) Eden: 23552K(23552K)->0K(18432K) From: 50496K(77824K)->74112K(77312K)
[5.926s][info][gc,heap        ] GC(101) ParOldGen: 914254K(1001472K)->914254K(1001472K)
[5.926s][info][gc,metaspace   ] GC(101) Metaspace: 6302K(6464K)->6302K(6464K) NonClass: 5769K(5824K)->5769K(5824K) Class: 533K(640K)->533K(640K)
[5.926s][info][gc             ] GC(101) Pause Young (Allocation Failure) 965M->965M(1071M) 35.755ms
[5.926s][info][gc,cpu         ] GC(101) User=0.38s Sys=0.00s Real=0.04s
[5.946s][info][gc,start       ] GC(102) Pause Young (Allocation Failure)
[5.990s][info][gc,heap        ] GC(102) PSYoungGen: 92544K(95744K)->84992K(103424K) Eden: 18432K(18432K)->0K(18432K) From: 74112K(77312K)->84992K(84992K)
[5.990s][info][gc,heap        ] GC(102) ParOldGen: 914254K(1001472K)->921758K(1001472K)
[5.990s][info][gc,metaspace   ] GC(102) Metaspace: 6302K(6464K)->6302K(6464K) NonClass: 5769K(5824K)->5769K(5824K) Class: 533K(640K)->533K(640K)
[5.990s][info][gc             ] GC(102) Pause Young (Allocation Failure) 983M->983M(1079M) 43.652ms
[5.990s][info][gc,cpu         ] GC(102) User=0.23s Sys=0.03s Real=0.04s
[6.011s][info][gc,start       ] GC(103) Pause Young (Allocation Failure)
[6.063s][info][gc,heap        ] GC(103) PSYoungGen: 103424K(103424K)->59840K(117248K) Eden: 18432K(18432K)->0K(20992K) From: 84992K(84992K)->59840K(96256K)
[6.063s][info][gc,heap        ] GC(103) ParOldGen: 921758K(1001472K)->966038K(1001472K)
[6.063s][info][gc,metaspace   ] GC(103) Metaspace: 6302K(6464K)->6302K(6464K) NonClass: 5769K(5824K)->5769K(5824K) Class: 533K(640K)->533K(640K)
[6.063s][info][gc             ] GC(103) Pause Young (Allocation Failure) 1001M->1001M(1092M) 51.534ms
[6.063s][info][gc,cpu         ] GC(103) User=0.38s Sys=0.02s Real=0.05s
[6.063s][info][gc,start       ] GC(104) Pause Full (Ergonomics)
[6.063s][info][gc,phases,start] GC(104) Marking Phase
[6.298s][info][gc,phases      ] GC(104) Marking Phase 235.089ms
[6.298s][info][gc,phases,start] GC(104) Summary Phase
[6.298s][info][gc,phases      ] GC(104) Summary Phase 0.031ms
[6.298s][info][gc,phases,start] GC(104) Adjust Roots
[6.298s][info][gc,phases      ] GC(104) Adjust Roots 0.150ms
[6.298s][info][gc,phases,start] GC(104) Compaction Phase
[6.401s][info][gc,phases      ] GC(104) Compaction Phase 102.732ms
[6.401s][info][gc,phases,start] GC(104) Post Compact
[6.403s][info][gc,phases      ] GC(104) Post Compact 1.938ms
[6.404s][info][gc,heap        ] GC(104) PSYoungGen: 59840K(117248K)->23277K(118272K) Eden: 0K(20992K)->0K(22016K) From: 59840K(96256K)->23277K(96256K)
[6.404s][info][gc,heap        ] GC(104) ParOldGen: 966038K(1001472K)->1001466K(1108992K)
[6.404s][info][gc,metaspace   ] GC(104) Metaspace: 6302K(6464K)->6302K(6464K) NonClass: 5769K(5824K)->5769K(5824K) Class: 533K(640K)->533K(640K)
[6.404s][info][gc             ] GC(104) Pause Full (Ergonomics) 1001M->1000M(1198M) 340.794ms
[6.404s][info][gc,cpu         ] GC(104) User=2.31s Sys=0.00s Real=0.34s
[6.430s][info][gc,start       ] GC(105) Pause Young (Allocation Failure)
[6.493s][info][gc,heap        ] GC(105) PSYoungGen: 45293K(118272K)->32064K(119296K) Eden: 22016K(22016K)->0K(22016K) From: 23277K(96256K)->32064K(97280K)
[6.493s][info][gc,heap        ] GC(105) ParOldGen: 1001466K(1108992K)->1014986K(1108992K)
[6.493s][info][gc,metaspace   ] GC(105) Metaspace: 6302K(6464K)->6302K(6464K) NonClass: 5769K(5824K)->5769K(5824K) Class: 533K(640K)->533K(640K)
[6.493s][info][gc             ] GC(105) Pause Young (Allocation Failure) 1022M->1022M(1199M) 63.327ms
[6.493s][info][gc,cpu         ] GC(105) User=0.39s Sys=0.00s Real=0.06s
[6.519s][info][gc,start       ] GC(106) Pause Young (Allocation Failure)
[6.547s][info][gc,heap        ] GC(106) PSYoungGen: 54080K(119296K)->44256K(113152K) Eden: 22016K(22016K)->0K(24576K) From: 32064K(97280K)->44256K(88576K)
[6.547s][info][gc,heap        ] GC(106) ParOldGen: 1014986K(1108992K)->1025074K(1108992K)
[6.547s][info][gc,metaspace   ] GC(106) Metaspace: 6302K(6464K)->6302K(6464K) NonClass: 5769K(5824K)->5769K(5824K) Class: 533K(640K)->533K(640K)
[6.547s][info][gc             ] GC(106) Pause Young (Allocation Failure) 1044M->1044M(1193M) 28.895ms
[6.548s][info][gc,cpu         ] GC(106) User=0.12s Sys=0.00s Real=0.03s
[6.577s][info][gc,start       ] GC(107) Pause Young (Allocation Failure)
[6.612s][info][gc,heap        ] GC(107) PSYoungGen: 68832K(113152K)->46784K(71680K) Eden: 24576K(24576K)->0K(24576K) From: 44256K(88576K)->46784K(47104K)
[6.612s][info][gc,heap        ] GC(107) ParOldGen: 1025074K(1108992K)->1047402K(1108992K)
[6.612s][info][gc,metaspace   ] GC(107) Metaspace: 6302K(6464K)->6302K(6464K) NonClass: 5769K(5824K)->5769K(5824K) Class: 533K(640K)->533K(640K)
[6.612s][info][gc             ] GC(107) Pause Young (Allocation Failure) 1068M->1068M(1153M) 35.540ms
[6.612s][info][gc,cpu         ] GC(107) User=0.27s Sys=0.00s Real=0.04s
[6.640s][info][gc,start       ] GC(108) Pause Young (Allocation Failure)
[6.677s][info][gc,heap        ] GC(108) PSYoungGen: 71360K(71680K)->49344K(108544K) Eden: 24576K(24576K)->0K(27648K) From: 46784K(47104K)->49344K(80896K)
[6.677s][info][gc,heap        ] GC(108) ParOldGen: 1047402K(1108992K)->1069706K(1108992K)
[6.677s][info][gc,metaspace   ] GC(108) Metaspace: 6302K(6464K)->6302K(6464K) NonClass: 5769K(5824K)->5769K(5824K) Class: 533K(640K)->533K(640K)
[6.677s][info][gc             ] GC(108) Pause Young (Allocation Failure) 1092M->1092M(1189M) 36.985ms
[6.677s][info][gc,cpu         ] GC(108) User=0.20s Sys=0.05s Real=0.04s
[6.709s][info][gc,start       ] GC(109) Pause Young (Allocation Failure)
[6.748s][info][gc,heap        ] GC(109) PSYoungGen: 76992K(108544K)->52416K(112128K) Eden: 27648K(27648K)->0K(27648K) From: 49344K(80896K)->52416K(84480K)
[6.748s][info][gc,heap        ] GC(109) ParOldGen: 1069706K(1108992K)->1094618K(1108992K)
[6.748s][info][gc,metaspace   ] GC(109) Metaspace: 6302K(6464K)->6302K(6464K) NonClass: 5769K(5824K)->5769K(5824K) Class: 533K(640K)->533K(640K)
[6.748s][info][gc             ] GC(109) Pause Young (Allocation Failure) 1119M->1120M(1192M) 39.434ms
[6.748s][info][gc,cpu         ] GC(109) User=0.25s Sys=0.00s Real=0.04s
[6.749s][info][gc,start       ] GC(110) Pause Full (Ergonomics)
[6.749s][info][gc,phases,start] GC(110) Marking Phase
[7.005s][info][gc,phases      ] GC(110) Marking Phase 256.946ms
[7.006s][info][gc,phases,start] GC(110) Summary Phase
[7.006s][info][gc,phases      ] GC(110) Summary Phase 0.031ms
[7.006s][info][gc,phases,start] GC(110) Adjust Roots
[7.006s][info][gc,phases      ] GC(110) Adjust Roots 0.152ms
[7.006s][info][gc,phases,start] GC(110) Compaction Phase
[7.110s][info][gc,phases      ] GC(110) Compaction Phase 104.067ms
[7.110s][info][gc,phases,start] GC(110) Post Compact
[7.112s][info][gc,phases      ] GC(110) Post Compact 1.876ms
[7.112s][info][gc,heap        ] GC(110) PSYoungGen: 52416K(112128K)->36834K(112128K) Eden: 0K(27648K)->0K(27648K) From: 52416K(84480K)->36834K(84480K)
[7.112s][info][gc,heap        ] GC(110) ParOldGen: 1094618K(1108992K)->1108593K(1222656K)
[7.112s][info][gc,metaspace   ] GC(110) Metaspace: 6302K(6464K)->6302K(6464K) NonClass: 5769K(5824K)->5769K(5824K) Class: 533K(640K)->533K(640K)
[7.112s][info][gc             ] GC(110) Pause Full (Ergonomics) 1120M->1118M(1303M) 363.776ms
[7.112s][info][gc,cpu         ] GC(110) User=2.69s Sys=0.02s Real=0.36s
[7.149s][info][gc,start       ] GC(111) Pause Young (Allocation Failure)
[7.227s][info][gc,heap        ] GC(111) PSYoungGen: 64482K(112128K)->47840K(107008K) Eden: 27648K(27648K)->0K(30720K) From: 36834K(84480K)->47840K(76288K)
[7.227s][info][gc,heap        ] GC(111) ParOldGen: 1108593K(1222656K)->1125705K(1222656K)
[7.227s][info][gc,metaspace   ] GC(111) Metaspace: 6302K(6464K)->6302K(6464K) NonClass: 5769K(5824K)->5769K(5824K) Class: 533K(640K)->533K(640K)
[7.227s][info][gc             ] GC(111) Pause Young (Allocation Failure) 1145M->1146M(1298M) 78.042ms
[7.227s][info][gc,cpu         ] GC(111) User=0.50s Sys=0.00s Real=0.08s
[7.263s][info][gc,start       ] GC(112) Pause Young (Allocation Failure)
[7.304s][info][gc,heap        ] GC(112) PSYoungGen: 78560K(107008K)->78592K(110080K) Eden: 30720K(30720K)->0K(30720K) From: 47840K(76288K)->78592K(79360K)
[7.304s][info][gc,heap        ] GC(112) ParOldGen: 1125705K(1222656K)->1125705K(1222656K)
[7.304s][info][gc,metaspace   ] GC(112) Metaspace: 6302K(6464K)->6302K(6464K) NonClass: 5769K(5824K)->5769K(5824K) Class: 533K(640K)->533K(640K)
[7.304s][info][gc             ] GC(112) Pause Young (Allocation Failure) 1176M->1176M(1301M) 40.900ms
[7.304s][info][gc,cpu         ] GC(112) User=0.27s Sys=0.00s Real=0.04s
[7.344s][info][gc,start       ] GC(113) Pause Young (Allocation Failure)
[7.406s][info][gc,heap        ] GC(113) PSYoungGen: 109312K(110080K)->87040K(102912K) Eden: 30720K(30720K)->0K(15872K) From: 78592K(79360K)->87040K(87040K)
[7.406s][info][gc,heap        ] GC(113) ParOldGen: 1125705K(1222656K)->1148137K(1222656K)
[7.406s][info][gc,metaspace   ] GC(113) Metaspace: 6302K(6464K)->6302K(6464K) NonClass: 5769K(5824K)->5769K(5824K) Class: 533K(640K)->533K(640K)
[7.406s][info][gc             ] GC(113) Pause Young (Allocation Failure) 1206M->1206M(1294M) 61.997ms
[7.406s][info][gc,cpu         ] GC(113) User=0.34s Sys=0.03s Real=0.06s
[7.425s][info][gc,start       ] GC(114) Pause Young (Allocation Failure)
[7.478s][info][gc,heap        ] GC(114) PSYoungGen: 102912K(102912K)->67008K(120832K) Eden: 15872K(15872K)->0K(15872K) From: 87040K(87040K)->67008K(104960K)
[7.478s][info][gc,heap        ] GC(114) ParOldGen: 1148137K(1222656K)->1184609K(1222656K)
[7.478s][info][gc,metaspace   ] GC(114) Metaspace: 6302K(6464K)->6302K(6464K) NonClass: 5769K(5824K)->5769K(5824K) Class: 533K(640K)->533K(640K)
[7.478s][info][gc             ] GC(114) Pause Young (Allocation Failure) 1221M->1222M(1312M) 53.522ms
[7.478s][info][gc,cpu         ] GC(114) User=0.36s Sys=0.02s Real=0.05s
[7.478s][info][gc,start       ] GC(115) Pause Full (Ergonomics)
[7.478s][info][gc,phases,start] GC(115) Marking Phase
[7.765s][info][gc,phases      ] GC(115) Marking Phase 286.283ms
[7.765s][info][gc,phases,start] GC(115) Summary Phase
[7.765s][info][gc,phases      ] GC(115) Summary Phase 0.034ms
[7.765s][info][gc,phases,start] GC(115) Adjust Roots
[7.765s][info][gc,phases      ] GC(115) Adjust Roots 0.150ms
[7.765s][info][gc,phases,start] GC(115) Compaction Phase
[7.874s][info][gc,phases      ] GC(115) Compaction Phase 109.200ms
[7.874s][info][gc,phases,start] GC(115) Post Compact
[7.877s][info][gc,phases      ] GC(115) Post Compact 2.373ms
[7.877s][info][gc,heap        ] GC(115) PSYoungGen: 67008K(120832K)->27925K(120832K) Eden: 0K(15872K)->0K(15872K) From: 67008K(104960K)->27925K(104960K)
[7.877s][info][gc,heap        ] GC(115) ParOldGen: 1184609K(1222656K)->1222333K(1348096K)
[7.877s][info][gc,metaspace   ] GC(115) Metaspace: 6302K(6464K)->6302K(6464K) NonClass: 5769K(5824K)->5769K(5824K) Class: 533K(640K)->533K(640K)
[7.877s][info][gc             ] GC(115) Pause Full (Ergonomics) 1222M->1220M(1434M) 399.015ms
[7.877s][info][gc,cpu         ] GC(115) User=2.92s Sys=0.05s Real=0.40s
[7.899s][info][gc,start       ] GC(116) Pause Young (Allocation Failure)
[7.974s][info][gc,heap        ] GC(116) PSYoungGen: 43797K(120832K)->34176K(121344K) Eden: 15872K(15872K)->0K(17920K) From: 27925K(104960K)->34176K(103424K)
[7.974s][info][gc,heap        ] GC(116) ParOldGen: 1222333K(1348096K)->1232261K(1348096K)
[7.974s][info][gc,metaspace   ] GC(116) Metaspace: 6302K(6464K)->6302K(6464K) NonClass: 5769K(5824K)->5769K(5824K) Class: 533K(640K)->533K(640K)
[7.974s][info][gc             ] GC(116) Pause Young (Allocation Failure) 1236M->1236M(1435M) 75.254ms
[7.974s][info][gc,cpu         ] GC(116) User=0.41s Sys=0.02s Real=0.08s
[7.996s][info][gc,start       ] GC(117) Pause Young (Allocation Failure)
[8.025s][info][gc,heap        ] GC(117) PSYoungGen: 52096K(121344K)->52096K(70144K) Eden: 17920K(17920K)->0K(17920K) From: 34176K(103424K)->52096K(52224K)
[8.025s][info][gc,heap        ] GC(117) ParOldGen: 1232261K(1348096K)->1232261K(1348096K)
[8.025s][info][gc,metaspace   ] GC(117) Metaspace: 6302K(6464K)->6302K(6464K) NonClass: 5769K(5824K)->5769K(5824K) Class: 533K(640K)->533K(640K)
[8.025s][info][gc             ] GC(117) Pause Young (Allocation Failure) 1254M->1254M(1385M) 29.035ms
[8.025s][info][gc,cpu         ] GC(117) User=0.14s Sys=0.00s Real=0.03s
[8.048s][info][gc,start       ] GC(118) Pause Young (Allocation Failure)
[8.084s][info][gc,heap        ] GC(118) PSYoungGen: 70016K(70144K)->60064K(114176K) Eden: 17920K(17920K)->0K(19968K) From: 52096K(52224K)->60064K(94208K)
[8.084s][info][gc,heap        ] GC(118) ParOldGen: 1232261K(1348096K)->1242005K(1348096K)
[8.084s][info][gc,metaspace   ] GC(118) Metaspace: 6302K(6464K)->6302K(6464K) NonClass: 5769K(5824K)->5769K(5824K) Class: 533K(640K)->533K(640K)
[8.085s][info][gc             ] GC(118) Pause Young (Allocation Failure) 1271M->1271M(1428M) 36.494ms
[8.085s][info][gc,cpu         ] GC(118) User=0.23s Sys=0.02s Real=0.04s
[8.100s][info][gc,start       ] GC(119) Pause Young (Allocation Failure)
[8.136s][info][gc,heap        ] GC(119) PSYoungGen: 80032K(114176K)->61856K(116736K) Eden: 19968K(19968K)->0K(19968K) From: 60064K(94208K)->61856K(96768K)
[8.136s][info][gc,heap        ] GC(119) ParOldGen: 1242005K(1348096K)->1250685K(1348096K)
[8.136s][info][gc,metaspace   ] GC(119) Metaspace: 6302K(6464K)->6302K(6464K) NonClass: 5769K(5824K)->5769K(5824K) Class: 533K(640K)->533K(640K)
[8.136s][info][gc             ] GC(119) Pause Young (Allocation Failure) 1291M->1281M(1430M) 35.762ms
[8.136s][info][gc,cpu         ] GC(119) User=0.14s Sys=0.02s Real=0.04s
[8.154s][info][gc,start       ] GC(120) Pause Young (Allocation Failure)
[8.192s][info][gc,heap        ] GC(120) PSYoungGen: 81824K(116736K)->57600K(110080K) Eden: 19968K(19968K)->0K(22528K) From: 61856K(96768K)->57600K(87552K)
[8.192s][info][gc,heap        ] GC(120) ParOldGen: 1250685K(1348096K)->1266781K(1348096K)
[8.192s][info][gc,metaspace   ] GC(120) Metaspace: 6302K(6464K)->6302K(6464K) NonClass: 5769K(5824K)->5769K(5824K) Class: 533K(640K)->533K(640K)
[8.192s][info][gc             ] GC(120) Pause Young (Allocation Failure) 1301M->1293M(1424M) 38.137ms
[8.192s][info][gc,cpu         ] GC(120) User=0.25s Sys=0.02s Real=0.04s
[8.223s][info][gc,start       ] GC(121) Pause Young (Allocation Failure)
[8.265s][info][gc,heap        ] GC(121) PSYoungGen: 80128K(110080K)->44640K(113664K) Eden: 22528K(22528K)->0K(22528K) From: 57600K(87552K)->44640K(91136K)
[8.265s][info][gc,heap        ] GC(121) ParOldGen: 1266781K(1348096K)->1302741K(1348096K)
[8.265s][info][gc,metaspace   ] GC(121) Metaspace: 6302K(6464K)->6302K(6464K) NonClass: 5769K(5824K)->5769K(5824K) Class: 533K(640K)->533K(640K)
[8.265s][info][gc             ] GC(121) Pause Young (Allocation Failure) 1315M->1315M(1427M) 42.921ms
[8.265s][info][gc,cpu         ] GC(121) User=0.22s Sys=0.03s Real=0.04s
[8.292s][info][gc,start       ] GC(122) Pause Young (Allocation Failure)
[8.328s][info][gc,heap        ] GC(122) PSYoungGen: 67168K(113664K)->45216K(111616K) Eden: 22528K(22528K)->0K(25600K) From: 44640K(91136K)->45216K(86016K)
[8.328s][info][gc,heap        ] GC(122) ParOldGen: 1302741K(1348096K)->1325013K(1348096K)
[8.328s][info][gc,metaspace   ] GC(122) Metaspace: 6302K(6464K)->6302K(6464K) NonClass: 5769K(5824K)->5769K(5824K) Class: 533K(640K)->533K(640K)
[8.328s][info][gc             ] GC(122) Pause Young (Allocation Failure) 1337M->1338M(1425M) 36.531ms
[8.328s][info][gc,cpu         ] GC(122) User=0.16s Sys=0.09s Real=0.04s
[8.328s][info][gc,start       ] GC(123) Pause Full (Ergonomics)
[8.328s][info][gc,phases,start] GC(123) Marking Phase
[8.629s][info][gc,phases      ] GC(123) Marking Phase 300.614ms
[8.629s][info][gc,phases,start] GC(123) Summary Phase
[8.629s][info][gc,phases      ] GC(123) Summary Phase 0.028ms
[8.629s][info][gc,phases,start] GC(123) Adjust Roots
[8.629s][info][gc,phases      ] GC(123) Adjust Roots 0.223ms
[8.629s][info][gc,phases,start] GC(123) Compaction Phase
[9.003s][info][gc,phases      ] GC(123) Compaction Phase 373.362ms
[9.003s][info][gc,phases,start] GC(123) Post Compact
[9.006s][info][gc,phases      ] GC(123) Post Compact 2.743ms
[9.006s][info][gc,heap        ] GC(123) PSYoungGen: 45216K(111616K)->20457K(113664K) Eden: 0K(25600K)->0K(27648K) From: 45216K(86016K)->20457K(86016K)
[9.006s][info][gc,heap        ] GC(123) ParOldGen: 1325013K(1348096K)->1347975K(1481728K)
[9.006s][info][gc,metaspace   ] GC(123) Metaspace: 6302K(6464K)->6302K(6464K) NonClass: 5769K(5824K)->5769K(5824K) Class: 533K(640K)->533K(640K)
[9.006s][info][gc             ] GC(123) Pause Full (Ergonomics) 1338M->1336M(1558M) 677.971ms
[9.006s][info][gc,cpu         ] GC(123) User=4.70s Sys=0.02s Real=0.68s
[9.042s][info][gc,start       ] GC(124) Pause Young (Allocation Failure)
[9.125s][info][gc,heap        ] GC(124) PSYoungGen: 48105K(113664K)->27808K(115712K) Eden: 27648K(27648K)->0K(27648K) From: 20457K(86016K)->27808K(88064K)
[9.126s][info][gc,heap        ] GC(124) ParOldGen: 1347975K(1481728K)->1368735K(1481728K)
[9.126s][info][gc,metaspace   ] GC(124) Metaspace: 6302K(6464K)->6302K(6464K) NonClass: 5769K(5824K)->5769K(5824K) Class: 533K(640K)->533K(640K)
[9.126s][info][gc             ] GC(124) Pause Young (Allocation Failure) 1363M->1363M(1560M) 83.161ms
[9.126s][info][gc,cpu         ] GC(124) User=0.52s Sys=0.00s Real=0.08s
[9.395s][info][gc,start       ] GC(125) Pause Young (Allocation Failure)
[9.454s][info][gc,heap        ] GC(125) PSYoungGen: 55456K(115712K)->55424K(114176K) Eden: 27648K(27648K)->0K(30208K) From: 27808K(88064K)->55424K(83968K)
[9.455s][info][gc,heap        ] GC(125) ParOldGen: 1434271K(1481728K)->1434271K(1481728K)
[9.455s][info][gc,metaspace   ] GC(125) Metaspace: 6302K(6464K)->6302K(6464K) NonClass: 5769K(5824K)->5769K(5824K) Class: 533K(640K)->533K(640K)
[9.455s][info][gc             ] GC(125) Pause Young (Allocation Failure) 1454M->1454M(1558M) 59.437ms
[9.455s][info][gc,cpu         ] GC(125) User=0.33s Sys=0.00s Real=0.06s
[9.483s][info][gc,start       ] GC(126) Pause Young (Allocation Failure)
[9.525s][info][gc,heap        ] GC(126) PSYoungGen: 85632K(114176K)->85728K(117248K) Eden: 30208K(30208K)->0K(30208K) From: 55424K(83968K)->85728K(87040K)
[9.525s][info][gc,heap        ] GC(126) ParOldGen: 1434271K(1481728K)->1434271K(1481728K)
[9.525s][info][gc,metaspace   ] GC(126) Metaspace: 6302K(6464K)->6302K(6464K) NonClass: 5769K(5824K)->5769K(5824K) Class: 533K(640K)->533K(640K)
[9.525s][info][gc             ] GC(126) Pause Young (Allocation Failure) 1484M->1484M(1561M) 42.180ms
[9.525s][info][gc,cpu         ] GC(126) User=0.22s Sys=0.00s Real=0.04s
[9.555s][info][gc,start       ] GC(127) Pause Young (Allocation Failure)
[9.610s][info][gc,heap        ] GC(127) PSYoungGen: 115936K(117248K)->95744K(110592K) Eden: 30208K(30208K)->0K(14848K) From: 85728K(87040K)->95744K(95744K)
[9.610s][info][gc,heap        ] GC(127) ParOldGen: 1434271K(1481728K)->1454591K(1481728K)
[9.610s][info][gc,metaspace   ] GC(127) Metaspace: 6302K(6464K)->6302K(6464K) NonClass: 5769K(5824K)->5769K(5824K) Class: 533K(640K)->533K(640K)
[9.610s][info][gc             ] GC(127) Pause Young (Allocation Failure) 1513M->1513M(1555M) 55.269ms
[9.610s][info][gc,cpu         ] GC(127) User=0.39s Sys=0.00s Real=0.06s
[9.610s][info][gc,start       ] GC(128) Pause Full (Ergonomics)
[9.610s][info][gc,phases,start] GC(128) Marking Phase
[9.939s][info][gc,phases      ] GC(128) Marking Phase 328.682ms
[9.939s][info][gc,phases,start] GC(128) Summary Phase
[9.939s][info][gc,phases      ] GC(128) Summary Phase 0.037ms
[9.939s][info][gc,phases,start] GC(128) Adjust Roots
[9.939s][info][gc,phases      ] GC(128) Adjust Roots 0.260ms
[9.939s][info][gc,phases,start] GC(128) Compaction Phase
[10.184s][info][gc,phases      ] GC(128) Compaction Phase 244.948ms
[10.184s][info][gc,phases,start] GC(128) Post Compact
[10.187s][info][gc,phases      ] GC(128) Post Compact 3.134ms
[10.188s][info][gc,heap        ] GC(128) PSYoungGen: 95744K(110592K)->35245K(110592K) Eden: 0K(14848K)->0K(14848K) From: 95744K(95744K)->35245K(95744K)
[10.188s][info][gc,heap        ] GC(128) ParOldGen: 1454591K(1481728K)->1481537K(1621504K)
[10.188s][info][gc,metaspace   ] GC(128) Metaspace: 6302K(6464K)->6302K(6464K) NonClass: 5769K(5824K)->5769K(5824K) Class: 533K(640K)->533K(640K)
[10.188s][info][gc             ] GC(128) Pause Full (Ergonomics) 1513M->1481M(1691M) 577.997ms
[10.188s][info][gc,cpu         ] GC(128) User=3.92s Sys=0.02s Real=0.58s
[10.204s][info][gc,start       ] GC(129) Pause Young (Allocation Failure)
[10.286s][info][gc,heap        ] GC(129) PSYoungGen: 50093K(110592K)->32128K(129024K) Eden: 14848K(14848K)->0K(14848K) From: 35245K(95744K)->32128K(114176K)
[10.286s][info][gc,heap        ] GC(129) ParOldGen: 1481537K(1621504K)->1499953K(1621504K)
[10.286s][info][gc,metaspace   ] GC(129) Metaspace: 6302K(6464K)->6302K(6464K) NonClass: 5769K(5824K)->5769K(5824K) Class: 533K(640K)->533K(640K)
[10.286s][info][gc             ] GC(129) Pause Young (Allocation Failure) 1495M->1496M(1709M) 81.798ms
[10.286s][info][gc,cpu         ] GC(129) User=0.52s Sys=0.00s Real=0.08s
[10.301s][info][gc,start       ] GC(130) Pause Young (Allocation Failure)
[10.331s][info][gc,heap        ] GC(130) PSYoungGen: 46976K(129024K)->46944K(123392K) Eden: 14848K(14848K)->0K(16384K) From: 32128K(114176K)->46944K(107008K)
[10.331s][info][gc,heap        ] GC(130) ParOldGen: 1499953K(1621504K)->1499953K(1621504K)
[10.331s][info][gc,metaspace   ] GC(130) Metaspace: 6302K(6464K)->6302K(6464K) NonClass: 5769K(5824K)->5769K(5824K) Class: 533K(640K)->533K(640K)
[10.331s][info][gc             ] GC(130) Pause Young (Allocation Failure) 1510M->1510M(1704M) 29.594ms
[10.331s][info][gc,cpu         ] GC(130) User=0.02s Sys=0.00s Real=0.03s
[10.348s][info][gc,start       ] GC(131) Pause Young (Allocation Failure)
[10.381s][info][gc,heap        ] GC(131) PSYoungGen: 63328K(123392K)->63328K(79872K) Eden: 16384K(16384K)->0K(16384K) From: 46944K(107008K)->63328K(63488K)
[10.381s][info][gc,heap        ] GC(131) ParOldGen: 1499953K(1621504K)->1499953K(1621504K)
[10.381s][info][gc,metaspace   ] GC(131) Metaspace: 6302K(6464K)->6302K(6464K) NonClass: 5769K(5824K)->5769K(5824K) Class: 533K(640K)->533K(640K)
[10.381s][info][gc             ] GC(131) Pause Young (Allocation Failure) 1526M->1526M(1661M) 33.768ms
[10.381s][info][gc,cpu         ] GC(131) User=0.06s Sys=0.00s Real=0.03s
[10.398s][info][gc,start       ] GC(132) Pause Young (Allocation Failure)
[10.438s][info][gc,heap        ] GC(132) PSYoungGen: 79712K(79872K)->68480K(123904K) Eden: 16384K(16384K)->0K(18432K) From: 63328K(63488K)->68480K(105472K)
[10.438s][info][gc,heap        ] GC(132) ParOldGen: 1499953K(1621504K)->1511305K(1621504K)
[10.438s][info][gc,metaspace   ] GC(132) Metaspace: 6302K(6464K)->6302K(6464K) NonClass: 5769K(5824K)->5769K(5824K) Class: 533K(640K)->533K(640K)
[10.438s][info][gc             ] GC(132) Pause Young (Allocation Failure) 1542M->1542M(1704M) 39.457ms
[10.438s][info][gc,cpu         ] GC(132) User=0.25s Sys=0.00s Real=0.04s
[10.457s][info][gc,start       ] GC(133) Pause Young (Allocation Failure)
[10.499s][info][gc,heap        ] GC(133) PSYoungGen: 86912K(123904K)->81056K(124928K) Eden: 18432K(18432K)->0K(18432K) From: 68480K(105472K)->81056K(106496K)
[10.499s][info][gc,heap        ] GC(133) ParOldGen: 1511305K(1621504K)->1517313K(1621504K)
[10.499s][info][gc,metaspace   ] GC(133) Metaspace: 6302K(6464K)->6302K(6464K) NonClass: 5769K(5824K)->5769K(5824K) Class: 533K(640K)->533K(640K)
[10.499s][info][gc             ] GC(133) Pause Young (Allocation Failure) 1560M->1560M(1705M) 42.535ms
[10.499s][info][gc,cpu         ] GC(133) User=0.25s Sys=0.00s Real=0.04s
[10.517s][info][gc,start       ] GC(134) Pause Young (Allocation Failure)
[10.566s][info][gc,heap        ] GC(134) PSYoungGen: 99488K(124928K)->69792K(128512K) Eden: 18432K(18432K)->0K(21504K) From: 81056K(106496K)->69792K(107008K)
[10.566s][info][gc,heap        ] GC(134) ParOldGen: 1517313K(1621504K)->1547369K(1621504K)
[10.566s][info][gc,metaspace   ] GC(134) Metaspace: 6302K(6464K)->6302K(6464K) NonClass: 5769K(5824K)->5769K(5824K) Class: 533K(640K)->533K(640K)
[10.566s][info][gc             ] GC(134) Pause Young (Allocation Failure) 1578M->1579M(1709M) 48.895ms
[10.566s][info][gc,cpu         ] GC(134) User=0.28s Sys=0.02s Real=0.05s
[10.588s][info][gc,start       ] GC(135) Pause Young (Allocation Failure)
[10.634s][info][gc,heap        ] GC(135) PSYoungGen: 91296K(128512K)->58496K(80384K) Eden: 21504K(21504K)->0K(21504K) From: 69792K(107008K)->58496K(58880K)
[10.634s][info][gc,heap        ] GC(135) ParOldGen: 1547369K(1621504K)->1580521K(1621504K)
[10.634s][info][gc,metaspace   ] GC(135) Metaspace: 6302K(6464K)->6302K(6464K) NonClass: 5769K(5824K)->5769K(5824K) Class: 533K(640K)->533K(640K)
[10.634s][info][gc             ] GC(135) Pause Young (Allocation Failure) 1600M->1600M(1662M) 45.777ms
[10.634s][info][gc,cpu         ] GC(135) User=0.27s Sys=0.00s Real=0.05s
[10.655s][info][gc,start       ] GC(136) Pause Young (Allocation Failure)
[10.696s][info][gc,heap        ] GC(136) PSYoungGen: 80000K(80384K)->43136K(126464K) Eden: 21504K(21504K)->0K(24576K) From: 58496K(58880K)->43136K(101888K)
[10.696s][info][gc,heap        ] GC(136) ParOldGen: 1580521K(1621504K)->1617833K(1621504K)
[10.696s][info][gc,metaspace   ] GC(136) Metaspace: 6302K(6464K)->6302K(6464K) NonClass: 5769K(5824K)->5769K(5824K) Class: 533K(640K)->533K(640K)
[10.696s][info][gc             ] GC(136) Pause Young (Allocation Failure) 1621M->1622M(1707M) 40.969ms
[10.696s][info][gc,cpu         ] GC(136) User=0.31s Sys=0.05s Real=0.04s
[10.696s][info][gc,start       ] GC(137) Pause Full (Ergonomics)
[10.696s][info][gc,phases,start] GC(137) Marking Phase
[11.075s][info][gc,phases      ] GC(137) Marking Phase 379.000ms
[11.075s][info][gc,phases,start] GC(137) Summary Phase
[11.075s][info][gc,phases      ] GC(137) Summary Phase 0.029ms
[11.075s][info][gc,phases,start] GC(137) Adjust Roots
[11.075s][info][gc,phases      ] GC(137) Adjust Roots 0.161ms
[11.076s][info][gc,phases,start] GC(137) Compaction Phase
[11.249s][info][gc,phases      ] GC(137) Compaction Phase 173.716ms
[11.249s][info][gc,phases,start] GC(137) Post Compact
[11.252s][info][gc,phases      ] GC(137) Post Compact 2.909ms
[11.253s][info][gc,heap        ] GC(137) PSYoungGen: 43136K(126464K)->37839K(127488K) Eden: 0K(24576K)->0K(25600K) From: 43136K(101888K)->37839K(101888K)
[11.253s][info][gc,heap        ] GC(137) ParOldGen: 1617833K(1621504K)->1621031K(1781760K)
[11.253s][info][gc,metaspace   ] GC(137) Metaspace: 6302K(6464K)->6302K(6464K) NonClass: 5769K(5824K)->5769K(5824K) Class: 533K(640K)->533K(640K)
[11.253s][info][gc             ] GC(137) Pause Full (Ergonomics) 1622M->1619M(1864M) 556.843ms
[11.253s][info][gc,cpu         ] GC(137) User=3.95s Sys=0.02s Real=0.56s
[11.279s][info][gc,start       ] GC(138) Pause Young (Allocation Failure)
[11.372s][info][gc,heap        ] GC(138) PSYoungGen: 63439K(127488K)->25760K(128512K) Eden: 25600K(25600K)->0K(25600K) From: 37839K(101888K)->25760K(102912K)
[11.372s][info][gc,heap        ] GC(138) ParOldGen: 1621031K(1781760K)->1659415K(1781760K)
[11.372s][info][gc,metaspace   ] GC(138) Metaspace: 6302K(6464K)->6302K(6464K) NonClass: 5769K(5824K)->5769K(5824K) Class: 533K(640K)->533K(640K)
[11.372s][info][gc             ] GC(138) Pause Young (Allocation Failure) 1644M->1645M(1865M) 93.081ms
[11.372s][info][gc,cpu         ] GC(138) User=0.73s Sys=0.02s Real=0.09s
[11.400s][info][gc,start       ] GC(139) Pause Young (Allocation Failure)
[11.433s][info][gc,heap        ] GC(139) PSYoungGen: 51360K(128512K)->25728K(132608K) Eden: 25600K(25600K)->0K(28160K) From: 25760K(102912K)->25728K(104448K)
[11.433s][info][gc,heap        ] GC(139) ParOldGen: 1659415K(1781760K)->1685359K(1781760K)
[11.433s][info][gc,metaspace   ] GC(139) Metaspace: 6302K(6464K)->6302K(6464K) NonClass: 5769K(5824K)->5769K(5824K) Class: 533K(640K)->533K(640K)
[11.433s][info][gc             ] GC(139) Pause Young (Allocation Failure) 1670M->1670M(1869M) 33.491ms
[11.433s][info][gc,cpu         ] GC(139) User=0.06s Sys=0.02s Real=0.04s
[11.463s][info][gc,start       ] GC(140) Pause Young (Allocation Failure)
[11.498s][info][gc,heap        ] GC(140) PSYoungGen: 53888K(132608K)->28320K(133120K) Eden: 28160K(28160K)->0K(28160K) From: 25728K(104448K)->28320K(104960K)
[11.498s][info][gc,heap        ] GC(140) ParOldGen: 1685359K(1781760K)->1711311K(1781760K)
[11.498s][info][gc,metaspace   ] GC(140) Metaspace: 6302K(6464K)->6302K(6464K) NonClass: 5769K(5824K)->5769K(5824K) Class: 533K(640K)->533K(640K)
[11.498s][info][gc             ] GC(140) Pause Young (Allocation Failure) 1698M->1698M(1870M) 34.431ms
[11.498s][info][gc,cpu         ] GC(140) User=0.06s Sys=0.00s Real=0.03s
[11.528s][info][gc,start       ] GC(141) Pause Young (Allocation Failure)
[11.563s][info][gc,heap        ] GC(141) PSYoungGen: 56480K(133120K)->28352K(132608K) Eden: 28160K(28160K)->0K(31232K) From: 28320K(104960K)->28352K(101376K)
[11.563s][info][gc,heap        ] GC(141) ParOldGen: 1711311K(1781760K)->1739863K(1781760K)
[11.563s][info][gc,metaspace   ] GC(141) Metaspace: 6302K(6464K)->6302K(6464K) NonClass: 5769K(5824K)->5769K(5824K) Class: 533K(640K)->533K(640K)
[11.563s][info][gc             ] GC(141) Pause Young (Allocation Failure) 1726M->1726M(1869M) 35.125ms
[11.563s][info][gc,cpu         ] GC(141) User=0.14s Sys=0.02s Real=0.04s
[11.563s][info][gc,start       ] GC(142) Pause Full (Ergonomics)
[11.563s][info][gc,phases,start] GC(142) Marking Phase
[11.952s][info][gc,phases      ] GC(142) Marking Phase 388.251ms
[11.952s][info][gc,phases,start] GC(142) Summary Phase
[11.952s][info][gc,phases      ] GC(142) Summary Phase 0.040ms
[11.952s][info][gc,phases,start] GC(142) Adjust Roots
[11.952s][info][gc,phases      ] GC(142) Adjust Roots 0.168ms
[11.952s][info][gc,phases,start] GC(142) Compaction Phase
[12.132s][info][gc,phases      ] GC(142) Compaction Phase 180.444ms
[12.132s][info][gc,phases,start] GC(142) Post Compact
[12.136s][info][gc,phases      ] GC(142) Post Compact 3.058ms
[12.136s][info][gc,heap        ] GC(142) PSYoungGen: 28352K(132608K)->0K(134144K) Eden: 0K(31232K)->0K(31232K) From: 28352K(101376K)->0K(102912K)
[12.136s][info][gc,heap        ] GC(142) ParOldGen: 1739863K(1781760K)->1766261K(1943040K)
[12.136s][info][gc,metaspace   ] GC(142) Metaspace: 6302K(6464K)->6302K(6464K) NonClass: 5769K(5824K)->5769K(5824K) Class: 533K(640K)->533K(640K)
[12.136s][info][gc             ] GC(142) Pause Full (Ergonomics) 1726M->1724M(2028M) 572.828ms
[12.136s][info][gc,cpu         ] GC(142) User=4.03s Sys=0.00s Real=0.57s
[12.171s][info][gc,start       ] GC(143) Pause Young (Allocation Failure)
[12.197s][info][gc,heap        ] GC(143) PSYoungGen: 31232K(134144K)->31392K(131584K) Eden: 31232K(31232K)->0K(34304K) From: 0K(102912K)->31392K(97280K)
[12.197s][info][gc,heap        ] GC(143) ParOldGen: 1766261K(1943040K)->1766261K(1943040K)
[12.197s][info][gc,metaspace   ] GC(143) Metaspace: 6302K(6464K)->6302K(6464K) NonClass: 5769K(5824K)->5769K(5824K) Class: 533K(640K)->533K(640K)
[12.197s][info][gc             ] GC(143) Pause Young (Allocation Failure) 1755M->1755M(2026M) 25.334ms
[12.197s][info][gc,cpu         ] GC(143) User=0.05s Sys=0.00s Real=0.03s
[12.232s][info][gc,start       ] GC(144) Pause Young (Allocation Failure)
[12.267s][info][gc,heap        ] GC(144) PSYoungGen: 65696K(131584K)->65728K(134656K) Eden: 34304K(34304K)->0K(34304K) From: 31392K(97280K)->65728K(100352K)
[12.267s][info][gc,heap        ] GC(144) ParOldGen: 1766261K(1943040K)->1766261K(1943040K)
[12.267s][info][gc,metaspace   ] GC(144) Metaspace: 6302K(6464K)->6302K(6464K) NonClass: 5769K(5824K)->5769K(5824K) Class: 533K(640K)->533K(640K)
[12.267s][info][gc             ] GC(144) Pause Young (Allocation Failure) 1789M->1789M(2029M) 35.725ms
[12.267s][info][gc,cpu         ] GC(144) User=0.17s Sys=0.00s Real=0.04s
[12.304s][info][gc,start       ] GC(145) Pause Young (Allocation Failure)
[12.353s][info][gc,heap        ] GC(145) PSYoungGen: 100032K(134656K)->100128K(125952K) Eden: 34304K(34304K)->0K(24064K) From: 65728K(100352K)->100128K(101888K)
[12.353s][info][gc,heap        ] GC(145) ParOldGen: 1766261K(1943040K)->1766261K(1943040K)
[12.353s][info][gc,metaspace   ] GC(145) Metaspace: 6302K(6464K)->6302K(6464K) NonClass: 5769K(5824K)->5769K(5824K) Class: 533K(640K)->533K(640K)
[12.353s][info][gc             ] GC(145) Pause Young (Allocation Failure) 1822M->1822M(2020M) 49.530ms
[12.353s][info][gc,cpu         ] GC(145) User=0.28s Sys=0.00s Real=0.05s
[12.381s][info][gc,start       ] GC(146) Pause Young (Allocation Failure)
[12.438s][info][gc,heap        ] GC(146) PSYoungGen: 124192K(125952K)->115712K(139776K) Eden: 24064K(24064K)->0K(24064K) From: 100128K(101888K)->115712K(115712K)
[12.438s][info][gc,heap        ] GC(146) ParOldGen: 1766261K(1943040K)->1774709K(1943040K)
[12.438s][info][gc,metaspace   ] GC(146) Metaspace: 6302K(6464K)->6302K(6464K) NonClass: 5769K(5824K)->5769K(5824K) Class: 533K(640K)->533K(640K)
[12.438s][info][gc             ] GC(146) Pause Young (Allocation Failure) 1846M->1846M(2034M) 57.030ms
[12.438s][info][gc,cpu         ] GC(146) User=0.38s Sys=0.00s Real=0.06s
[12.466s][info][gc,start       ] GC(147) Pause Young (Allocation Failure)
[12.535s][info][gc,heap        ] GC(147) PSYoungGen: 139776K(139776K)->78560K(160768K) Eden: 24064K(24064K)->0K(27136K) From: 115712K(115712K)->78560K(133632K)
[12.536s][info][gc,heap        ] GC(147) ParOldGen: 1774709K(1943040K)->1836757K(1943040K)
[12.536s][info][gc,metaspace   ] GC(147) Metaspace: 6302K(6464K)->6302K(6464K) NonClass: 5769K(5824K)->5769K(5824K) Class: 533K(640K)->533K(640K)
[12.536s][info][gc             ] GC(147) Pause Young (Allocation Failure) 1869M->1870M(2054M) 69.066ms
[12.536s][info][gc,cpu         ] GC(147) User=0.48s Sys=0.03s Real=0.07s
[12.565s][info][gc,start       ] GC(148) Pause Young (Allocation Failure)
[12.616s][info][gc,heap        ] GC(148) PSYoungGen: 105696K(160768K)->71744K(99328K) Eden: 27136K(27136K)->0K(27136K) From: 78560K(133632K)->71744K(72192K)
[12.616s][info][gc,heap        ] GC(148) ParOldGen: 1836757K(1943040K)->1871181K(1943040K)
[12.616s][info][gc,metaspace   ] GC(148) Metaspace: 6302K(6464K)->6302K(6464K) NonClass: 5769K(5824K)->5769K(5824K) Class: 533K(640K)->533K(640K)
[12.616s][info][gc             ] GC(148) Pause Young (Allocation Failure) 1896M->1897M(1994M) 51.601ms
[12.616s][info][gc,cpu         ] GC(148) User=0.34s Sys=0.03s Real=0.05s
[12.649s][info][gc,start       ] GC(149) Pause Young (Allocation Failure)
[12.698s][info][gc,heap        ] GC(149) PSYoungGen: 98880K(99328K)->78560K(159232K) Eden: 27136K(27136K)->0K(30720K) From: 71744K(72192K)->78560K(128512K)
[12.698s][info][gc,heap        ] GC(149) ParOldGen: 1871181K(1943040K)->1891845K(1943040K)
[12.698s][info][gc,metaspace   ] GC(149) Metaspace: 6302K(6464K)->6302K(6464K) NonClass: 5769K(5824K)->5769K(5824K) Class: 533K(640K)->533K(640K)
[12.698s][info][gc             ] GC(149) Pause Young (Allocation Failure) 1923M->1924M(2053M) 48.673ms
[12.698s][info][gc,cpu         ] GC(149) User=0.27s Sys=0.00s Real=0.05s
[12.698s][info][gc,start       ] GC(150) Pause Full (Ergonomics)
[12.698s][info][gc,phases,start] GC(150) Marking Phase
[13.141s][info][gc,phases      ] GC(150) Marking Phase 442.484ms
[13.141s][info][gc,phases,start] GC(150) Summary Phase
[13.141s][info][gc,phases      ] GC(150) Summary Phase 0.039ms
[13.141s][info][gc,phases,start] GC(150) Adjust Roots
[13.141s][info][gc,phases      ] GC(150) Adjust Roots 0.163ms
[13.141s][info][gc,phases,start] GC(150) Compaction Phase
[13.331s][info][gc,phases      ] GC(150) Compaction Phase 189.843ms
[13.331s][info][gc,phases,start] GC(150) Post Compact
[13.335s][info][gc,phases      ] GC(150) Post Compact 3.772ms
[13.336s][info][gc,heap        ] GC(150) PSYoungGen: 78560K(159232K)->25615K(160256K) Eden: 0K(30720K)->0K(31744K) From: 78560K(128512K)->25615K(128512K)
[13.336s][info][gc,heap        ] GC(150) ParOldGen: 1891845K(1943040K)->1942670K(2139648K)
[13.336s][info][gc,metaspace   ] GC(150) Metaspace: 6302K(6464K)->6302K(6464K) NonClass: 5769K(5824K)->5769K(5824K) Class: 533K(640K)->533K(640K)
[13.336s][info][gc             ] GC(150) Pause Full (Ergonomics) 1924M->1922M(2246M) 637.392ms
[13.336s][info][gc,cpu         ] GC(150) User=4.58s Sys=0.06s Real=0.64s
[13.376s][info][gc,start       ] GC(151) Pause Young (Allocation Failure)
[13.483s][info][gc,heap        ] GC(151) PSYoungGen: 57359K(160256K)->50912K(82944K) Eden: 31744K(31744K)->0K(31744K) From: 25615K(128512K)->50912K(51200K)
[13.484s][info][gc,heap        ] GC(151) ParOldGen: 1942670K(2139648K)->1949430K(2139648K)
[13.484s][info][gc,metaspace   ] GC(151) Metaspace: 6302K(6464K)->6302K(6464K) NonClass: 5769K(5824K)->5769K(5824K) Class: 533K(640K)->533K(640K)
[13.484s][info][gc             ] GC(151) Pause Young (Allocation Failure) 1953M->1953M(2170M) 107.983ms
[13.484s][info][gc,cpu         ] GC(151) User=0.66s Sys=0.00s Real=0.11s
[13.527s][info][gc,start       ] GC(152) Pause Young (Allocation Failure)
[13.572s][info][gc,heap        ] GC(152) PSYoungGen: 82656K(82944K)->82688K(159744K) Eden: 31744K(31744K)->0K(34304K) From: 50912K(51200K)->82688K(125440K)
[13.572s][info][gc,heap        ] GC(152) ParOldGen: 1949430K(2139648K)->1949430K(2139648K)
[13.572s][info][gc,metaspace   ] GC(152) Metaspace: 6302K(6464K)->6302K(6464K) NonClass: 5769K(5824K)->5769K(5824K) Class: 533K(640K)->533K(640K)
[13.572s][info][gc             ] GC(152) Pause Young (Allocation Failure) 1984M->1984M(2245M) 45.659ms
[13.573s][info][gc,cpu         ] GC(152) User=0.27s Sys=0.00s Real=0.05s
[13.612s][info][gc,start       ] GC(153) Pause Young (Allocation Failure)
[13.670s][info][gc,heap        ] GC(153) PSYoungGen: 116992K(159744K)->117088K(160768K) Eden: 34304K(34304K)->0K(34304K) From: 82688K(125440K)->117088K(126464K)
[13.670s][info][gc,heap        ] GC(153) ParOldGen: 1949430K(2139648K)->1949430K(2139648K)
[13.670s][info][gc,metaspace   ] GC(153) Metaspace: 6302K(6464K)->6302K(6464K) NonClass: 5769K(5824K)->5769K(5824K) Class: 533K(640K)->533K(640K)
[13.670s][info][gc             ] GC(153) Pause Young (Allocation Failure) 2017M->2018M(2246M) 58.883ms
[13.670s][info][gc,cpu         ] GC(153) User=0.38s Sys=0.00s Real=0.06s
[13.706s][info][gc,start       ] GC(154) Pause Young (Allocation Failure)
[13.789s][info][gc,heap        ] GC(154) PSYoungGen: 151392K(160768K)->139264K(154624K) Eden: 34304K(34304K)->0K(15360K) From: 117088K(126464K)->139264K(139264K)
[13.789s][info][gc,heap        ] GC(154) ParOldGen: 1949430K(2139648K)->1961598K(2139648K)
[13.789s][info][gc,metaspace   ] GC(154) Metaspace: 6302K(6464K)->6302K(6464K) NonClass: 5769K(5824K)->5769K(5824K) Class: 533K(640K)->533K(640K)
[13.789s][info][gc             ] GC(154) Pause Young (Allocation Failure) 2051M->2051M(2240M) 83.064ms
[13.789s][info][gc,cpu         ] GC(154) User=0.50s Sys=0.03s Real=0.08s
[13.805s][info][gc,start       ] GC(155) Pause Young (Allocation Failure)
[13.885s][info][gc,heap        ] GC(155) PSYoungGen: 154624K(154624K)->113472K(177664K) Eden: 15360K(15360K)->0K(15360K) From: 139264K(139264K)->113472K(162304K)
[13.885s][info][gc,heap        ] GC(155) ParOldGen: 1961598K(2139648K)->2003334K(2139648K)
[13.885s][info][gc,metaspace   ] GC(155) Metaspace: 6302K(6464K)->6302K(6464K) NonClass: 5769K(5824K)->5769K(5824K) Class: 533K(640K)->533K(640K)
[13.885s][info][gc             ] GC(155) Pause Young (Allocation Failure) 2066M->2067M(2263M) 80.490ms
[13.885s][info][gc,cpu         ] GC(155) User=0.52s Sys=0.02s Real=0.08s
[13.902s][info][gc,start       ] GC(156) Pause Young (Allocation Failure)
[13.968s][info][gc,heap        ] GC(156) PSYoungGen: 128832K(177664K)->64704K(174080K) Eden: 15360K(15360K)->0K(17920K) From: 113472K(162304K)->64704K(156160K)
[13.968s][info][gc,heap        ] GC(156) ParOldGen: 2003334K(2139648K)->2068230K(2139648K)
[13.968s][info][gc,metaspace   ] GC(156) Metaspace: 6302K(6464K)->6302K(6464K) NonClass: 5769K(5824K)->5769K(5824K) Class: 533K(640K)->533K(640K)
[13.968s][info][gc             ] GC(156) Pause Young (Allocation Failure) 2082M->2082M(2259M) 66.410ms
[13.968s][info][gc,cpu         ] GC(156) User=0.47s Sys=0.02s Real=0.07s
[13.986s][info][gc,start       ] GC(157) Pause Young (Allocation Failure)
[14.030s][info][gc,heap        ] GC(157) PSYoungGen: 82624K(174080K)->33408K(179200K) Eden: 17920K(17920K)->0K(17920K) From: 64704K(156160K)->33408K(161280K)
[14.031s][info][gc,heap        ] GC(157) ParOldGen: 2068230K(2139648K)->2118054K(2139648K)
[14.031s][info][gc,metaspace   ] GC(157) Metaspace: 6302K(6464K)->6302K(6464K) NonClass: 5769K(5824K)->5769K(5824K) Class: 533K(640K)->533K(640K)
[14.031s][info][gc             ] GC(157) Pause Young (Allocation Failure) 2100M->2101M(2264M) 44.191ms
[14.031s][info][gc,cpu         ] GC(157) User=0.23s Sys=0.02s Real=0.04s
[14.031s][info][gc,start       ] GC(158) Pause Full (Ergonomics)
[14.031s][info][gc,phases,start] GC(158) Marking Phase
[14.506s][info][gc,phases      ] GC(158) Marking Phase 475.809ms
[14.507s][info][gc,phases,start] GC(158) Summary Phase
[14.507s][info][gc,phases      ] GC(158) Summary Phase 0.032ms
[14.507s][info][gc,phases,start] GC(158) Adjust Roots
[14.507s][info][gc,phases      ] GC(158) Adjust Roots 0.161ms
[14.507s][info][gc,phases,start] GC(158) Compaction Phase
[14.697s][info][gc,phases      ] GC(158) Compaction Phase 190.187ms
[14.697s][info][gc,phases,start] GC(158) Post Compact
[14.701s][info][gc,phases      ] GC(158) Post Compact 3.857ms
[14.702s][info][gc,heap        ] GC(158) PSYoungGen: 33408K(179200K)->9208K(179200K) Eden: 0K(17920K)->0K(17920K) From: 33408K(161280K)->9208K(161280K)
[14.702s][info][gc,heap        ] GC(158) ParOldGen: 2118054K(2139648K)->2139600K(2370048K)
[14.702s][info][gc,metaspace   ] GC(158) Metaspace: 6302K(6464K)->6302K(6464K) NonClass: 5769K(5824K)->5769K(5824K) Class: 533K(640K)->533K(640K)
[14.702s][info][gc             ] GC(158) Pause Full (Ergonomics) 2101M->2098M(2489M) 671.161ms
[14.702s][info][gc,cpu         ] GC(158) User=4.98s Sys=0.05s Real=0.67s
[14.722s][info][gc,start       ] GC(159) Pause Young (Allocation Failure)
[14.826s][info][gc,heap        ] GC(159) PSYoungGen: 27128K(179200K)->18080K(180224K) Eden: 17920K(17920K)->0K(18944K) From: 9208K(161280K)->18080K(161280K)
[14.826s][info][gc,heap        ] GC(159) ParOldGen: 2139600K(2370048K)->2148952K(2370048K)
[14.826s][info][gc,metaspace   ] GC(159) Metaspace: 6302K(6464K)->6302K(6464K) NonClass: 5769K(5824K)->5769K(5824K) Class: 533K(640K)->533K(640K)
[14.826s][info][gc             ] GC(159) Pause Young (Allocation Failure) 2115M->2116M(2490M) 104.276ms
[14.826s][info][gc,cpu         ] GC(159) User=0.64s Sys=0.00s Real=0.11s
[14.846s][info][gc,start       ] GC(160) Pause Young (Allocation Failure)
[14.875s][info][gc,heap        ] GC(160) PSYoungGen: 37024K(180224K)->19104K(181760K) Eden: 18944K(18944K)->0K(18944K) From: 18080K(161280K)->19104K(162816K)
[14.875s][info][gc,heap        ] GC(160) ParOldGen: 2148952K(2370048K)->2167128K(2370048K)
[14.875s][info][gc,metaspace   ] GC(160) Metaspace: 6302K(6464K)->6302K(6464K) NonClass: 5769K(5824K)->5769K(5824K) Class: 533K(640K)->533K(640K)
[14.875s][info][gc             ] GC(160) Pause Young (Allocation Failure) 2134M->2134M(2492M) 28.444ms
[14.875s][info][gc,cpu         ] GC(160) User=0.05s Sys=0.00s Real=0.03s
[14.898s][info][gc,start       ] GC(161) Pause Young (Allocation Failure)
[14.927s][info][gc,heap        ] GC(161) PSYoungGen: 38048K(181760K)->19072K(179712K) Eden: 18944K(18944K)->0K(21504K) From: 19104K(162816K)->19072K(158208K)
[14.927s][info][gc,heap        ] GC(161) ParOldGen: 2167128K(2370048K)->2186336K(2370048K)
[14.927s][info][gc,metaspace   ] GC(161) Metaspace: 6302K(6464K)->6302K(6464K) NonClass: 5769K(5824K)->5769K(5824K) Class: 533K(640K)->533K(640K)
[14.927s][info][gc             ] GC(161) Pause Young (Allocation Failure) 2153M->2153M(2490M) 29.450ms
[14.927s][info][gc,cpu         ] GC(161) User=0.06s Sys=0.00s Real=0.03s
[14.954s][info][gc,start       ] GC(162) Pause Young (Allocation Failure)
[14.984s][info][gc,heap        ] GC(162) PSYoungGen: 40576K(179712K)->21632K(43520K) Eden: 21504K(21504K)->0K(21504K) From: 19072K(158208K)->21632K(22016K)
[14.984s][info][gc,heap        ] GC(162) ParOldGen: 2186336K(2370048K)->2205528K(2370048K)
[14.984s][info][gc,metaspace   ] GC(162) Metaspace: 6302K(6464K)->6302K(6464K) NonClass: 5769K(5824K)->5769K(5824K) Class: 533K(640K)->533K(640K)
[14.984s][info][gc             ] GC(162) Pause Young (Allocation Failure) 2174M->2174M(2357M) 29.933ms
[14.984s][info][gc,cpu         ] GC(162) User=0.12s Sys=0.00s Real=0.03s
[15.011s][info][gc,start       ] GC(163) Pause Young (Allocation Failure)
[15.043s][info][gc,heap        ] GC(163) PSYoungGen: 43136K(43520K)->21696K(172544K) Eden: 21504K(21504K)->0K(24064K) From: 21632K(22016K)->21696K(148480K)
[15.043s][info][gc,heap        ] GC(163) ParOldGen: 2205528K(2370048K)->2227344K(2370048K)
[15.043s][info][gc,metaspace   ] GC(163) Metaspace: 6302K(6464K)->6302K(6464K) NonClass: 5769K(5824K)->5769K(5824K) Class: 533K(640K)->533K(640K)
[15.043s][info][gc             ] GC(163) Pause Young (Allocation Failure) 2195M->2196M(2483M) 31.770ms
[15.043s][info][gc,cpu         ] GC(163) User=0.14s Sys=0.00s Real=0.03s
[15.071s][info][gc,start       ] GC(164) Pause Young (Allocation Failure)
[15.105s][info][gc,heap        ] GC(164) PSYoungGen: 45760K(172544K)->24192K(48640K) Eden: 24064K(24064K)->0K(24064K) From: 21696K(148480K)->24192K(24576K)
[15.105s][info][gc,heap        ] GC(164) ParOldGen: 2227344K(2370048K)->2249152K(2370048K)
[15.105s][info][gc,metaspace   ] GC(164) Metaspace: 6302K(6464K)->6302K(6464K) NonClass: 5769K(5824K)->5769K(5824K) Class: 533K(640K)->533K(640K)
[15.105s][info][gc             ] GC(164) Pause Young (Allocation Failure) 2219M->2220M(2362M) 33.223ms
[15.105s][info][gc,cpu         ] GC(164) User=0.14s Sys=0.02s Real=0.03s
[15.131s][info][gc,start       ] GC(165) Pause Young (Allocation Failure)
[15.163s][info][gc,heap        ] GC(165) PSYoungGen: 48256K(48640K)->24192K(164352K) Eden: 24064K(24064K)->0K(27136K) From: 24192K(24576K)->24192K(137216K)
[15.163s][info][gc,heap        ] GC(165) ParOldGen: 2249152K(2370048K)->2273456K(2370048K)
[15.163s][info][gc,metaspace   ] GC(165) Metaspace: 6302K(6464K)->6302K(6464K) NonClass: 5769K(5824K)->5769K(5824K) Class: 533K(640K)->533K(640K)
[15.163s][info][gc             ] GC(165) Pause Young (Allocation Failure) 2243M->2243M(2475M) 31.960ms
[15.163s][info][gc,cpu         ] GC(165) User=0.14s Sys=0.00s Real=0.03s
[15.194s][info][gc,start       ] GC(166) Pause Young (Allocation Failure)
[15.228s][info][gc,heap        ] GC(166) PSYoungGen: 51328K(164352K)->27264K(54784K) Eden: 27136K(27136K)->0K(27136K) From: 24192K(137216K)->27264K(27648K)
[15.228s][info][gc,heap        ] GC(166) ParOldGen: 2273456K(2370048K)->2297728K(2370048K)
[15.228s][info][gc,metaspace   ] GC(166) Metaspace: 6302K(6464K)->6302K(6464K) NonClass: 5769K(5824K)->5769K(5824K) Class: 533K(640K)->533K(640K)
[15.228s][info][gc             ] GC(166) Pause Young (Allocation Failure) 2270M->2270M(2368M) 34.144ms
[15.228s][info][gc,cpu         ] GC(166) User=0.14s Sys=0.02s Real=0.03s
[15.260s][info][gc,start       ] GC(167) Pause Young (Allocation Failure)
[15.295s][info][gc,heap        ] GC(167) PSYoungGen: 54400K(54784K)->27264K(155136K) Eden: 27136K(27136K)->0K(30208K) From: 27264K(27648K)->27264K(124928K)
[15.295s][info][gc,heap        ] GC(167) ParOldGen: 2297728K(2370048K)->2325104K(2370048K)
[15.295s][info][gc,metaspace   ] GC(167) Metaspace: 6302K(6464K)->6302K(6464K) NonClass: 5769K(5824K)->5769K(5824K) Class: 533K(640K)->533K(640K)
[15.295s][info][gc             ] GC(167) Pause Young (Allocation Failure) 2297M->2297M(2466M) 35.585ms
[15.295s][info][gc,cpu         ] GC(167) User=0.14s Sys=0.02s Real=0.04s
[15.295s][info][gc,start       ] GC(168) Pause Full (Ergonomics)
[15.295s][info][gc,phases,start] GC(168) Marking Phase
[15.823s][info][gc,phases      ] GC(168) Marking Phase 528.183ms
[15.823s][info][gc,phases,start] GC(168) Summary Phase
[15.824s][info][gc,phases      ] GC(168) Summary Phase 0.051ms
[15.824s][info][gc,phases,start] GC(168) Adjust Roots
[15.824s][info][gc,phases      ] GC(168) Adjust Roots 0.169ms
[15.824s][info][gc,phases,start] GC(168) Compaction Phase
[16.015s][info][gc,phases      ] GC(168) Compaction Phase 190.960ms
[16.015s][info][gc,phases,start] GC(168) Post Compact
[16.019s][info][gc,phases      ] GC(168) Post Compact 3.847ms
[16.019s][info][gc,heap        ] GC(168) PSYoungGen: 27264K(155136K)->0K(160768K) Eden: 0K(30208K)->0K(30208K) From: 27264K(124928K)->0K(130560K)
[16.019s][info][gc,heap        ] GC(168) ParOldGen: 2325104K(2370048K)->2349737K(2572288K)
[16.019s][info][gc,metaspace   ] GC(168) Metaspace: 6302K(6464K)->6302K(6464K) NonClass: 5769K(5824K)->5769K(5824K) Class: 533K(640K)->533K(640K)
[16.019s][info][gc             ] GC(168) Pause Full (Ergonomics) 2297M->2294M(2669M) 724.256ms
[16.019s][info][gc,cpu         ] GC(168) User=5.50s Sys=0.05s Real=0.72s
[16.056s][info][gc,start       ] GC(169) Pause Young (Allocation Failure)
[16.082s][info][gc,heap        ] GC(169) PSYoungGen: 30208K(160768K)->30336K(150016K) Eden: 30208K(30208K)->0K(33280K) From: 0K(130560K)->30336K(116736K)
[16.082s][info][gc,heap        ] GC(169) ParOldGen: 2349737K(2572288K)->2349737K(2572288K)
[16.082s][info][gc,metaspace   ] GC(169) Metaspace: 6302K(6464K)->6302K(6464K) NonClass: 5769K(5824K)->5769K(5824K) Class: 533K(640K)->533K(640K)
[16.082s][info][gc             ] GC(169) Pause Young (Allocation Failure) 2324M->2324M(2658M) 26.396ms
[16.083s][info][gc,cpu         ] GC(169) User=0.03s Sys=0.00s Real=0.03s
[16.121s][info][gc,start       ] GC(170) Pause Young (Allocation Failure)
[16.159s][info][gc,heap        ] GC(170) PSYoungGen: 63616K(150016K)->63712K(157184K) Eden: 33280K(33280K)->0K(33280K) From: 30336K(116736K)->63712K(123904K)
[16.159s][info][gc,heap        ] GC(170) ParOldGen: 2349737K(2572288K)->2349737K(2572288K)
[16.159s][info][gc,metaspace   ] GC(170) Metaspace: 6302K(6464K)->6302K(6464K) NonClass: 5769K(5824K)->5769K(5824K) Class: 533K(640K)->533K(640K)
[16.159s][info][gc             ] GC(170) Pause Young (Allocation Failure) 2356M->2356M(2665M) 38.414ms
[16.160s][info][gc,cpu         ] GC(170) User=0.17s Sys=0.00s Real=0.04s
[16.202s][info][gc,start       ] GC(171) Pause Young (Allocation Failure)
[16.252s][info][gc,heap        ] GC(171) PSYoungGen: 96992K(157184K)->97024K(148992K) Eden: 33280K(33280K)->0K(25088K) From: 63712K(123904K)->97024K(123904K)
[16.252s][info][gc,heap        ] GC(171) ParOldGen: 2349737K(2572288K)->2349737K(2572288K)
[16.252s][info][gc,metaspace   ] GC(171) Metaspace: 6302K(6464K)->6302K(6464K) NonClass: 5769K(5824K)->5769K(5824K) Class: 533K(640K)->533K(640K)
[16.252s][info][gc             ] GC(171) Pause Young (Allocation Failure) 2389M->2389M(2657M) 50.149ms
[16.252s][info][gc,cpu         ] GC(171) User=0.30s Sys=0.00s Real=0.05s
[16.283s][info][gc,start       ] GC(172) Pause Young (Allocation Failure)
[16.342s][info][gc,heap        ] GC(172) PSYoungGen: 122112K(148992K)->122112K(160256K) Eden: 25088K(25088K)->0K(25088K) From: 97024K(123904K)->122112K(135168K)
[16.342s][info][gc,heap        ] GC(172) ParOldGen: 2349737K(2572288K)->2349737K(2572288K)
[16.342s][info][gc,metaspace   ] GC(172) Metaspace: 6302K(6464K)->6302K(6464K) NonClass: 5769K(5824K)->5769K(5824K) Class: 533K(640K)->533K(640K)
[16.342s][info][gc             ] GC(172) Pause Young (Allocation Failure) 2413M->2413M(2668M) 58.524ms
[16.342s][info][gc,cpu         ] GC(172) User=0.38s Sys=0.00s Real=0.06s
[16.372s][info][gc,start       ] GC(173) Pause Young (Allocation Failure)
[16.448s][info][gc,heap        ] GC(173) PSYoungGen: 147200K(160256K)->116960K(169472K) Eden: 25088K(25088K)->0K(15872K) From: 122112K(135168K)->116960K(153600K)
[16.448s][info][gc,heap        ] GC(173) ParOldGen: 2349737K(2572288K)->2380225K(2572288K)
[16.448s][info][gc,metaspace   ] GC(173) Metaspace: 6302K(6464K)->6302K(6464K) NonClass: 5769K(5824K)->5769K(5824K) Class: 533K(640K)->533K(640K)
[16.448s][info][gc             ] GC(173) Pause Young (Allocation Failure) 2438M->2438M(2677M) 75.939ms
[16.448s][info][gc,cpu         ] GC(173) User=0.42s Sys=0.09s Real=0.08s
[16.467s][info][gc,start       ] GC(174) Pause Young (Allocation Failure)
[16.533s][info][gc,heap        ] GC(174) PSYoungGen: 132832K(169472K)->99552K(181760K) Eden: 15872K(15872K)->0K(15872K) From: 116960K(153600K)->99552K(165888K)
[16.534s][info][gc,heap        ] GC(174) ParOldGen: 2380225K(2572288K)->2413809K(2572288K)
[16.534s][info][gc,metaspace   ] GC(174) Metaspace: 6302K(6464K)->6302K(6464K) NonClass: 5769K(5824K)->5769K(5824K) Class: 533K(640K)->533K(640K)
[16.534s][info][gc             ] GC(174) Pause Young (Allocation Failure) 2454M->2454M(2689M) 66.468ms
[16.534s][info][gc,cpu         ] GC(174) User=0.44s Sys=0.03s Real=0.07s
[16.551s][info][gc,start       ] GC(175) Pause Young (Allocation Failure)
[16.610s][info][gc,heap        ] GC(175) PSYoungGen: 115424K(181760K)->56960K(170496K) Eden: 15872K(15872K)->0K(18432K) From: 99552K(165888K)->56960K(152064K)
[16.610s][info][gc,heap        ] GC(175) ParOldGen: 2413809K(2572288K)->2472673K(2572288K)
[16.610s][info][gc,metaspace   ] GC(175) Metaspace: 6302K(6464K)->6302K(6464K) NonClass: 5769K(5824K)->5769K(5824K) Class: 533K(640K)->533K(640K)
[16.610s][info][gc             ] GC(175) Pause Young (Allocation Failure) 2469M->2470M(2678M) 58.578ms
[16.610s][info][gc,cpu         ] GC(175) User=0.39s Sys=0.00s Real=0.06s
[16.632s][info][gc,start       ] GC(176) Pause Young (Allocation Failure)
[16.674s][info][gc,heap        ] GC(176) PSYoungGen: 75392K(170496K)->34464K(53248K) Eden: 18432K(18432K)->0K(18432K) From: 56960K(152064K)->34464K(34816K)
[16.674s][info][gc,heap        ] GC(176) ParOldGen: 2472673K(2572288K)->2513977K(2572288K)
[16.674s][info][gc,metaspace   ] GC(176) Metaspace: 6302K(6464K)->6302K(6464K) NonClass: 5769K(5824K)->5769K(5824K) Class: 533K(640K)->533K(640K)
[16.674s][info][gc             ] GC(176) Pause Young (Allocation Failure) 2488M->2488M(2564M) 41.422ms
[16.674s][info][gc,cpu         ] GC(176) User=0.23s Sys=0.00s Real=0.04s
[16.674s][info][gc,start       ] GC(177) Pause Full (Ergonomics)
[16.674s][info][gc,phases,start] GC(177) Marking Phase
[17.254s][info][gc,phases      ] GC(177) Marking Phase 580.466ms
[17.254s][info][gc,phases,start] GC(177) Summary Phase
[17.254s][info][gc,phases      ] GC(177) Summary Phase 0.077ms
[17.254s][info][gc,phases,start] GC(177) Adjust Roots
[17.254s][info][gc,phases      ] GC(177) Adjust Roots 0.170ms
[17.254s][info][gc,phases,start] GC(177) Compaction Phase
[17.454s][info][gc,phases      ] GC(177) Compaction Phase 199.887ms
[17.454s][info][gc,phases,start] GC(177) Post Compact
[17.459s][info][gc,phases      ] GC(177) Post Compact 4.267ms
[17.460s][info][gc,heap        ] GC(177) PSYoungGen: 34464K(53248K)->0K(178176K) Eden: 0K(18432K)->0K(21504K) From: 34464K(34816K)->0K(156672K)
[17.460s][info][gc,heap        ] GC(177) ParOldGen: 2513977K(2572288K)->2546603K(2803200K)
[17.460s][info][gc,metaspace   ] GC(177) Metaspace: 6302K(6464K)->6302K(6464K) NonClass: 5769K(5824K)->5769K(5824K) Class: 533K(640K)->533K(640K)
[17.460s][info][gc             ] GC(177) Pause Full (Ergonomics) 2488M->2486M(2911M) 786.029ms
[17.460s][info][gc,cpu         ] GC(177) User=5.97s Sys=0.02s Real=0.79s
[17.489s][info][gc,start       ] GC(178) Pause Young (Allocation Failure)
[17.512s][info][gc,heap        ] GC(178) PSYoungGen: 21504K(178176K)->21696K(178176K) Eden: 21504K(21504K)->0K(21504K) From: 0K(156672K)->21696K(156672K)
[17.512s][info][gc,heap        ] GC(178) ParOldGen: 2546603K(2803200K)->2546603K(2803200K)
[17.512s][info][gc,metaspace   ] GC(178) Metaspace: 6302K(6464K)->6302K(6464K) NonClass: 5769K(5824K)->5769K(5824K) Class: 533K(640K)->533K(640K)
[17.512s][info][gc             ] GC(178) Pause Young (Allocation Failure) 2507M->2508M(2911M) 22.892ms
[17.512s][info][gc,cpu         ] GC(178) User=0.02s Sys=0.00s Real=0.02s
[17.538s][info][gc,start       ] GC(179) Pause Young (Allocation Failure)
[17.568s][info][gc,heap        ] GC(179) PSYoungGen: 43200K(178176K)->21664K(172032K) Eden: 21504K(21504K)->0K(24064K) From: 21696K(156672K)->21664K(147968K)
[17.568s][info][gc,heap        ] GC(179) ParOldGen: 2546603K(2803200K)->2568299K(2803200K)
[17.568s][info][gc,metaspace   ] GC(179) Metaspace: 6302K(6464K)->6302K(6464K) NonClass: 5769K(5824K)->5769K(5824K) Class: 533K(640K)->533K(640K)
[17.568s][info][gc             ] GC(179) Pause Young (Allocation Failure) 2529M->2529M(2905M) 29.399ms
[17.568s][info][gc,cpu         ] GC(179) User=0.09s Sys=0.05s Real=0.03s
[17.598s][info][gc,start       ] GC(180) Pause Young (Allocation Failure)
[17.630s][info][gc,heap        ] GC(180) PSYoungGen: 45728K(172032K)->24256K(48640K) Eden: 24064K(24064K)->0K(24064K) From: 21664K(147968K)->24256K(24576K)
[17.630s][info][gc,heap        ] GC(180) ParOldGen: 2568299K(2803200K)->2589987K(2803200K)
[17.630s][info][gc,metaspace   ] GC(180) Metaspace: 6302K(6464K)->6302K(6464K) NonClass: 5769K(5824K)->5769K(5824K) Class: 533K(640K)->533K(640K)
[17.630s][info][gc             ] GC(180) Pause Young (Allocation Failure) 2552M->2552M(2785M) 31.889ms
[17.630s][info][gc,cpu         ] GC(180) User=0.12s Sys=0.00s Real=0.03s
[17.658s][info][gc,start       ] GC(181) Pause Young (Allocation Failure)
[17.690s][info][gc,heap        ] GC(181) PSYoungGen: 48320K(48640K)->24192K(164352K) Eden: 24064K(24064K)->0K(27136K) From: 24256K(24576K)->24192K(137216K)
[17.690s][info][gc,heap        ] GC(181) ParOldGen: 2589987K(2803200K)->2614275K(2803200K)
[17.690s][info][gc,metaspace   ] GC(181) Metaspace: 6302K(6464K)->6302K(6464K) NonClass: 5769K(5824K)->5769K(5824K) Class: 533K(640K)->533K(640K)
[17.690s][info][gc             ] GC(181) Pause Young (Allocation Failure) 2576M->2576M(2898M) 31.890ms
[17.690s][info][gc,cpu         ] GC(181) User=0.12s Sys=0.02s Real=0.03s
[17.725s][info][gc,start       ] GC(182) Pause Young (Allocation Failure)
[17.759s][info][gc,heap        ] GC(182) PSYoungGen: 51328K(164352K)->27296K(54784K) Eden: 27136K(27136K)->0K(27136K) From: 24192K(137216K)->27296K(27648K)
[17.759s][info][gc,heap        ] GC(182) ParOldGen: 2614275K(2803200K)->2638555K(2803200K)
[17.759s][info][gc,metaspace   ] GC(182) Metaspace: 6302K(6464K)->6302K(6464K) NonClass: 5769K(5824K)->5769K(5824K) Class: 533K(640K)->533K(640K)
[17.759s][info][gc             ] GC(182) Pause Young (Allocation Failure) 2603M->2603M(2791M) 34.367ms
[17.759s][info][gc,cpu         ] GC(182) User=0.16s Sys=0.00s Real=0.04s
[17.794s][info][gc,start       ] GC(183) Pause Young (Allocation Failure)
[17.830s][info][gc,heap        ] GC(183) PSYoungGen: 54432K(54784K)->27296K(155136K) Eden: 27136K(27136K)->0K(30208K) From: 27296K(27648K)->27296K(124928K)
[17.830s][info][gc,heap        ] GC(183) ParOldGen: 2638555K(2803200K)->2665931K(2803200K)
[17.830s][info][gc,metaspace   ] GC(183) Metaspace: 6302K(6464K)->6302K(6464K) NonClass: 5769K(5824K)->5769K(5824K) Class: 533K(640K)->533K(640K)
[17.830s][info][gc             ] GC(183) Pause Young (Allocation Failure) 2629M->2630M(2889M) 35.864ms
[17.830s][info][gc,cpu         ] GC(183) User=0.16s Sys=0.00s Real=0.04s
[17.866s][info][gc,start       ] GC(184) Pause Young (Allocation Failure)
[17.902s][info][gc,heap        ] GC(184) PSYoungGen: 57504K(155136K)->30336K(60928K) Eden: 30208K(30208K)->0K(30208K) From: 27296K(124928K)->30336K(30720K)
[17.902s][info][gc,heap        ] GC(184) ParOldGen: 2665931K(2803200K)->2693307K(2803200K)
[17.902s][info][gc,metaspace   ] GC(184) Metaspace: 6302K(6464K)->6302K(6464K) NonClass: 5769K(5824K)->5769K(5824K) Class: 533K(640K)->533K(640K)
[17.902s][info][gc             ] GC(184) Pause Young (Allocation Failure) 2659M->2659M(2797M) 36.263ms
[17.902s][info][gc,cpu         ] GC(184) User=0.14s Sys=0.02s Real=0.04s
[17.936s][info][gc,start       ] GC(185) Pause Young (Allocation Failure)
[17.973s][info][gc,heap        ] GC(185) PSYoungGen: 60544K(60928K)->30336K(146944K) Eden: 30208K(30208K)->0K(33792K) From: 30336K(30720K)->30336K(113152K)
[17.973s][info][gc,heap        ] GC(185) ParOldGen: 2693307K(2803200K)->2723803K(2803200K)
[17.973s][info][gc,metaspace   ] GC(185) Metaspace: 6302K(6464K)->6302K(6464K) NonClass: 5769K(5824K)->5769K(5824K) Class: 533K(640K)->533K(640K)
[17.973s][info][gc             ] GC(185) Pause Young (Allocation Failure) 2689M->2689M(2881M) 37.304ms
[17.973s][info][gc,cpu         ] GC(185) User=0.23s Sys=0.03s Real=0.04s
[18.011s][info][gc,start       ] GC(186) Pause Young (Allocation Failure)
[18.050s][info][gc,heap        ] GC(186) PSYoungGen: 64128K(146944K)->33984K(68096K) Eden: 33792K(33792K)->0K(33792K) From: 30336K(113152K)->33984K(34304K)
[18.050s][info][gc,heap        ] GC(186) ParOldGen: 2723803K(2803200K)->2754291K(2803200K)
[18.050s][info][gc,metaspace   ] GC(186) Metaspace: 6302K(6464K)->6302K(6464K) NonClass: 5769K(5824K)->5769K(5824K) Class: 533K(640K)->533K(640K)
[18.050s][info][gc             ] GC(186) Pause Young (Allocation Failure) 2722M->2722M(2804M) 38.653ms
[18.050s][info][gc,cpu         ] GC(186) User=0.25s Sys=0.02s Real=0.04s
[18.090s][info][gc,start       ] GC(187) Pause Young (Allocation Failure)
[18.131s][info][gc,heap        ] GC(187) PSYoungGen: 67776K(68096K)->33984K(138752K) Eden: 33792K(33792K)->0K(37888K) From: 33984K(34304K)->33984K(100864K)
[18.131s][info][gc,heap        ] GC(187) ParOldGen: 2754291K(2803200K)->2788395K(2803200K)
[18.131s][info][gc,metaspace   ] GC(187) Metaspace: 6302K(6464K)->6302K(6464K) NonClass: 5769K(5824K)->5769K(5824K) Class: 533K(640K)->533K(640K)
[18.131s][info][gc             ] GC(187) Pause Young (Allocation Failure) 2755M->2756M(2873M) 40.733ms
[18.131s][info][gc,cpu         ] GC(187) User=0.22s Sys=0.05s Real=0.04s
[18.131s][info][gc,start       ] GC(188) Pause Full (Ergonomics)
[18.131s][info][gc,phases,start] GC(188) Marking Phase
[18.775s][info][gc,phases      ] GC(188) Marking Phase 644.046ms
[18.775s][info][gc,phases,start] GC(188) Summary Phase
[18.775s][info][gc,phases      ] GC(188) Summary Phase 0.040ms
[18.775s][info][gc,phases,start] GC(188) Adjust Roots
[18.775s][info][gc,phases      ] GC(188) Adjust Roots 0.168ms
[18.775s][info][gc,phases,start] GC(188) Compaction Phase
[19.010s][info][gc,phases      ] GC(188) Compaction Phase 234.800ms
[19.010s][info][gc,phases,start] GC(188) Post Compact
[19.015s][info][gc,phases      ] GC(188) Post Compact 4.797ms
[19.016s][info][gc,heap        ] GC(188) PSYoungGen: 33984K(138752K)->16895K(142848K) Eden: 0K(37888K)->0K(41984K) From: 33984K(100864K)->16895K(100864K)
[19.016s][info][gc,heap        ] GC(188) ParOldGen: 2788395K(2803200K)->2802792K(3003904K)
[19.016s][info][gc,metaspace   ] GC(188) Metaspace: 6302K(6464K)->6302K(6464K) NonClass: 5769K(5824K)->5769K(5824K) Class: 533K(640K)->533K(640K)
[19.016s][info][gc             ] GC(188) Pause Full (Ergonomics) 2756M->2753M(3073M) 884.862ms
[19.016s][info][gc,cpu         ] GC(188) User=6.86s Sys=0.00s Real=0.89s
[19.592s][info][gc,start       ] GC(189) Pause Young (Allocation Failure)
[19.745s][info][gc,heap        ] GC(189) PSYoungGen: 58879K(142848K)->42176K(84480K) Eden: 41984K(41984K)->0K(41984K) From: 16895K(100864K)->42176K(42496K)
[19.745s][info][gc,heap        ] GC(189) ParOldGen: 2933864K(3003904K)->2950944K(3003904K)
[19.745s][info][gc,metaspace   ] GC(189) Metaspace: 6302K(6464K)->6302K(6464K) NonClass: 5769K(5824K)->5769K(5824K) Class: 533K(640K)->533K(640K)
[19.745s][info][gc             ] GC(189) Pause Young (Allocation Failure) 2922M->2922M(3016M) 152.993ms
[19.745s][info][gc,cpu         ] GC(189) User=1.03s Sys=0.02s Real=0.15s
[19.792s][info][gc,start       ] GC(190) Pause Young (Allocation Failure)
[19.854s][info][gc,heap        ] GC(190) PSYoungGen: 84160K(84480K)->84160K(136192K) Eden: 41984K(41984K)->0K(35840K) From: 42176K(42496K)->84160K(100352K)
[19.854s][info][gc,heap        ] GC(190) ParOldGen: 2950944K(3003904K)->2950944K(3003904K)
[19.854s][info][gc,metaspace   ] GC(190) Metaspace: 6302K(6464K)->6302K(6464K) NonClass: 5769K(5824K)->5769K(5824K) Class: 533K(640K)->533K(640K)
[19.854s][info][gc             ] GC(190) Pause Young (Allocation Failure) 2963M->2963M(3066M) 61.901ms
[19.854s][info][gc,cpu         ] GC(190) User=0.19s Sys=0.00s Real=0.06s
[19.893s][info][gc,start       ] GC(191) Pause Young (Allocation Failure)
[19.962s][info][gc,heap        ] GC(191) PSYoungGen: 120000K(136192K)->110592K(146432K) Eden: 35840K(35840K)->0K(35840K) From: 84160K(100352K)->110592K(110592K)
[19.962s][info][gc,heap        ] GC(191) ParOldGen: 2950944K(3003904K)->2960488K(3003904K)
[19.962s][info][gc,metaspace   ] GC(191) Metaspace: 6302K(6464K)->6302K(6464K) NonClass: 5769K(5824K)->5769K(5824K) Class: 533K(640K)->533K(640K)
[19.962s][info][gc             ] GC(191) Pause Young (Allocation Failure) 2998M->2999M(3076M) 69.083ms
[19.963s][info][gc,cpu         ] GC(191) User=0.22s Sys=0.00s Real=0.07s
[19.963s][info][gc,start       ] GC(192) Pause Full (Ergonomics)
[19.963s][info][gc,phases,start] GC(192) Marking Phase
[20.641s][info][gc,phases      ] GC(192) Marking Phase 678.189ms
[20.641s][info][gc,phases,start] GC(192) Summary Phase
[20.641s][info][gc,phases      ] GC(192) Summary Phase 0.040ms
[20.641s][info][gc,phases,start] GC(192) Adjust Roots
[20.641s][info][gc,phases      ] GC(192) Adjust Roots 0.167ms
[20.641s][info][gc,phases,start] GC(192) Compaction Phase
[21.091s][info][gc,phases      ] GC(192) Compaction Phase 449.458ms
[21.091s][info][gc,phases,start] GC(192) Post Compact
[21.097s][info][gc,phases      ] GC(192) Post Compact 6.016ms
[21.097s][info][gc,heap        ] GC(192) PSYoungGen: 110592K(146432K)->1533K(146432K) Eden: 0K(35840K)->0K(35840K) From: 110592K(110592K)->1533K(110592K)
[21.097s][info][gc,heap        ] GC(192) ParOldGen: 2960488K(3003904K)->3003408K(3003904K)
[21.097s][info][gc,metaspace   ] GC(192) Metaspace: 6302K(6464K)->6302K(6464K) NonClass: 5769K(5824K)->5769K(5824K) Class: 533K(640K)->533K(640K)
[21.097s][info][gc             ] GC(192) Pause Full (Ergonomics) 2999M->2934M(3076M) 1134.203ms
[21.097s][info][gc,cpu         ] GC(192) User=7.89s Sys=0.12s Real=1.13s
[21.133s][info][gc,start       ] GC(193) Pause Full (Ergonomics)
[21.133s][info][gc,phases,start] GC(193) Marking Phase
[21.807s][info][gc,phases      ] GC(193) Marking Phase 673.908ms
[21.807s][info][gc,phases,start] GC(193) Summary Phase
[21.807s][info][gc,phases      ] GC(193) Summary Phase 0.038ms
[21.807s][info][gc,phases,start] GC(193) Adjust Roots
[21.808s][info][gc,phases      ] GC(193) Adjust Roots 0.162ms
[21.808s][info][gc,phases,start] GC(193) Compaction Phase
[22.063s][info][gc,phases      ] GC(193) Compaction Phase 255.948ms
[22.064s][info][gc,phases,start] GC(193) Post Compact
[22.069s][info][gc,phases      ] GC(193) Post Compact 5.482ms
[22.069s][info][gc,heap        ] GC(193) PSYoungGen: 37373K(146432K)->37344K(146432K) Eden: 35840K(35840K)->35811K(35840K) From: 1533K(110592K)->1533K(110592K)
[22.069s][info][gc,heap        ] GC(193) ParOldGen: 3003408K(3003904K)->3003408K(3003904K)
[22.069s][info][gc,metaspace   ] GC(193) Metaspace: 6302K(6464K)->6302K(6464K) NonClass: 5769K(5824K)->5769K(5824K) Class: 533K(640K)->533K(640K)
[22.069s][info][gc             ] GC(193) Pause Full (Ergonomics) 2969M->2969M(3076M) 935.903ms
[22.069s][info][gc,cpu         ] GC(193) User=6.64s Sys=0.00s Real=0.94s
[22.069s][info][gc,start       ] GC(194) Pause Full (Ergonomics)
[22.069s][info][gc,phases,start] GC(194) Marking Phase
[22.748s][info][gc,phases      ] GC(194) Marking Phase 678.891ms
[22.748s][info][gc,phases,start] GC(194) Summary Phase
[22.748s][info][gc,phases      ] GC(194) Summary Phase 0.041ms
[22.748s][info][gc,phases,start] GC(194) Adjust Roots
[22.749s][info][gc,phases      ] GC(194) Adjust Roots 0.171ms
[22.749s][info][gc,phases,start] GC(194) Compaction Phase
[22.986s][info][gc,phases      ] GC(194) Compaction Phase 237.801ms
[22.987s][info][gc,phases,start] GC(194) Post Compact
[22.992s][info][gc,phases      ] GC(194) Post Compact 5.236ms
[22.992s][info][gc,heap        ] GC(194) PSYoungGen: 37373K(146432K)->37372K(146432K) Eden: 35840K(35840K)->35839K(35840K) From: 1533K(110592K)->1533K(110592K)
[22.992s][info][gc,heap        ] GC(194) ParOldGen: 3003408K(3003904K)->3003408K(3003904K)
[22.992s][info][gc,metaspace   ] GC(194) Metaspace: 6302K(6464K)->6302K(6464K) NonClass: 5769K(5824K)->5769K(5824K) Class: 533K(640K)->533K(640K)
[22.992s][info][gc             ] GC(194) Pause Full (Ergonomics) 2969M->2969M(3076M) 922.500ms
[22.992s][info][gc,cpu         ] GC(194) User=6.61s Sys=0.00s Real=0.92s
[22.992s][info][gc,start       ] GC(195) Pause Full (Ergonomics)
[22.992s][info][gc,phases,start] GC(195) Marking Phase
[23.674s][info][gc,phases      ] GC(195) Marking Phase 681.428ms
[23.674s][info][gc,phases,start] GC(195) Summary Phase
[23.674s][info][gc,phases      ] GC(195) Summary Phase 0.049ms
[23.674s][info][gc,phases,start] GC(195) Adjust Roots
[23.674s][info][gc,phases      ] GC(195) Adjust Roots 0.208ms
[23.674s][info][gc,phases,start] GC(195) Compaction Phase
[23.917s][info][gc,phases      ] GC(195) Compaction Phase 243.282ms
[23.917s][info][gc,phases,start] GC(195) Post Compact
[23.923s][info][gc,phases      ] GC(195) Post Compact 5.259ms
[23.923s][info][gc,heap        ] GC(195) PSYoungGen: 37373K(146432K)->37373K(146432K) Eden: 35839K(35840K)->35839K(35840K) From: 1533K(110592K)->1533K(110592K)
[23.923s][info][gc,heap        ] GC(195) ParOldGen: 3003408K(3003904K)->3003408K(3003904K)
[23.923s][info][gc,metaspace   ] GC(195) Metaspace: 6302K(6464K)->6302K(6464K) NonClass: 5769K(5824K)->5769K(5824K) Class: 533K(640K)->533K(640K)
[23.923s][info][gc             ] GC(195) Pause Full (Ergonomics) 2969M->2969M(3076M) 930.684ms
[23.923s][info][gc,cpu         ] GC(195) User=6.61s Sys=0.00s Real=0.93s
[23.923s][info][gc,start       ] GC(196) Pause Full (Ergonomics)
[23.923s][info][gc,phases,start] GC(196) Marking Phase
[24.607s][info][gc,phases      ] GC(196) Marking Phase 684.142ms
[24.607s][info][gc,phases,start] GC(196) Summary Phase
[24.607s][info][gc,phases      ] GC(196) Summary Phase 0.039ms
[24.607s][info][gc,phases,start] GC(196) Adjust Roots
[24.607s][info][gc,phases      ] GC(196) Adjust Roots 0.162ms
[24.607s][info][gc,phases,start] GC(196) Compaction Phase
[24.842s][info][gc,phases      ] GC(196) Compaction Phase 234.310ms
[24.842s][info][gc,phases,start] GC(196) Post Compact
[24.847s][info][gc,phases      ] GC(196) Post Compact 5.235ms
[24.847s][info][gc,heap        ] GC(196) PSYoungGen: 37373K(146432K)->37373K(146432K) Eden: 35840K(35840K)->35840K(35840K) From: 1533K(110592K)->1533K(110592K)
[24.847s][info][gc,heap        ] GC(196) ParOldGen: 3003413K(3003904K)->3003413K(3003904K)
[24.847s][info][gc,metaspace   ] GC(196) Metaspace: 6302K(6464K)->6302K(6464K) NonClass: 5769K(5824K)->5769K(5824K) Class: 533K(640K)->533K(640K)
[24.847s][info][gc             ] GC(196) Pause Full (Ergonomics) 2969M->2969M(3076M) 924.226ms
[24.847s][info][gc,cpu         ] GC(196) User=6.70s Sys=0.00s Real=0.92s
[24.847s][info][gc,start       ] GC(197) Pause Full (Ergonomics)
[24.847s][info][gc,phases,start] GC(197) Marking Phase
[25.530s][info][gc,phases      ] GC(197) Marking Phase 682.452ms
[25.530s][info][gc,phases,start] GC(197) Summary Phase
[25.530s][info][gc,phases      ] GC(197) Summary Phase 0.043ms
[25.530s][info][gc,phases,start] GC(197) Adjust Roots
[25.530s][info][gc,phases      ] GC(197) Adjust Roots 0.173ms
[25.530s][info][gc,phases,start] GC(197) Compaction Phase
[25.784s][info][gc,phases      ] GC(197) Compaction Phase 253.977ms
[25.784s][info][gc,phases,start] GC(197) Post Compact
[25.790s][info][gc,phases      ] GC(197) Post Compact 5.444ms
[25.790s][info][gc,heap        ] GC(197) PSYoungGen: 37373K(146432K)->37373K(146432K) Eden: 35840K(35840K)->35840K(35840K) From: 1533K(110592K)->1533K(110592K)
[25.790s][info][gc,heap        ] GC(197) ParOldGen: 3003418K(3003904K)->3003418K(3003904K)
[25.790s][info][gc,metaspace   ] GC(197) Metaspace: 6302K(6464K)->6302K(6464K) NonClass: 5769K(5824K)->5769K(5824K) Class: 533K(640K)->533K(640K)
[25.790s][info][gc             ] GC(197) Pause Full (Ergonomics) 2969M->2969M(3076M) 942.426ms
[25.790s][info][gc,cpu         ] GC(197) User=6.66s Sys=0.00s Real=0.94s
[25.790s][info][gc,start       ] GC(198) Pause Full (Ergonomics)
[25.790s][info][gc,phases,start] GC(198) Marking Phase
[26.458s][info][gc,phases      ] GC(198) Marking Phase 668.297ms
[26.458s][info][gc,phases,start] GC(198) Summary Phase
[26.458s][info][gc,phases      ] GC(198) Summary Phase 0.038ms
[26.458s][info][gc,phases,start] GC(198) Adjust Roots
[26.459s][info][gc,phases      ] GC(198) Adjust Roots 0.162ms
[26.459s][info][gc,phases,start] GC(198) Compaction Phase
[26.692s][info][gc,phases      ] GC(198) Compaction Phase 233.712ms
[26.693s][info][gc,phases,start] GC(198) Post Compact
[26.698s][info][gc,phases      ] GC(198) Post Compact 5.411ms
[26.698s][info][gc,heap        ] GC(198) PSYoungGen: 37373K(146432K)->37373K(146432K) Eden: 35840K(35840K)->35840K(35840K) From: 1533K(110592K)->1533K(110592K)
[26.698s][info][gc,heap        ] GC(198) ParOldGen: 3003423K(3003904K)->3003423K(3003904K)
[26.698s][info][gc,metaspace   ] GC(198) Metaspace: 6302K(6464K)->6302K(6464K) NonClass: 5769K(5824K)->5769K(5824K) Class: 533K(640K)->533K(640K)
[26.698s][info][gc             ] GC(198) Pause Full (Ergonomics) 2969M->2969M(3076M) 908.055ms
[26.698s][info][gc,cpu         ] GC(198) User=6.50s Sys=0.02s Real=0.91s
[26.698s][info][gc,start       ] GC(199) Pause Full (Ergonomics)
[26.698s][info][gc,phases,start] GC(199) Marking Phase
[27.370s][info][gc,phases      ] GC(199) Marking Phase 671.624ms
[27.370s][info][gc,phases,start] GC(199) Summary Phase
[27.370s][info][gc,phases      ] GC(199) Summary Phase 0.040ms
[27.370s][info][gc,phases,start] GC(199) Adjust Roots
[27.370s][info][gc,phases      ] GC(199) Adjust Roots 0.164ms
[27.370s][info][gc,phases,start] GC(199) Compaction Phase
[27.598s][info][gc,phases      ] GC(199) Compaction Phase 227.859ms
[27.598s][info][gc,phases,start] GC(199) Post Compact
[27.604s][info][gc,phases      ] GC(199) Post Compact 5.412ms
[27.604s][info][gc,heap        ] GC(199) PSYoungGen: 37373K(146432K)->37373K(146432K) Eden: 35840K(35840K)->35840K(35840K) From: 1533K(110592K)->1533K(110592K)
[27.604s][info][gc,heap        ] GC(199) ParOldGen: 3003428K(3003904K)->3003428K(3003904K)
[27.604s][info][gc,metaspace   ] GC(199) Metaspace: 6302K(6464K)->6302K(6464K) NonClass: 5769K(5824K)->5769K(5824K) Class: 533K(640K)->533K(640K)
[27.604s][info][gc             ] GC(199) Pause Full (Ergonomics) 2969M->2969M(3076M) 905.439ms
[27.604s][info][gc,cpu         ] GC(199) User=6.67s Sys=0.00s Real=0.91s
[27.604s][info][gc,start       ] GC(200) Pause Full (Ergonomics)
[27.604s][info][gc,phases,start] GC(200) Marking Phase
[28.292s][info][gc,phases      ] GC(200) Marking Phase 688.277ms
[28.292s][info][gc,phases,start] GC(200) Summary Phase
[28.292s][info][gc,phases      ] GC(200) Summary Phase 0.039ms
[28.292s][info][gc,phases,start] GC(200) Adjust Roots
[28.292s][info][gc,phases      ] GC(200) Adjust Roots 0.164ms
[28.293s][info][gc,phases,start] GC(200) Compaction Phase
[28.534s][info][gc,phases      ] GC(200) Compaction Phase 241.886ms
[28.534s][info][gc,phases,start] GC(200) Post Compact
[28.540s][info][gc,phases      ] GC(200) Post Compact 5.469ms
[28.540s][info][gc,heap        ] GC(200) PSYoungGen: 37373K(146432K)->37373K(146432K) Eden: 35840K(35840K)->35840K(35840K) From: 1533K(110592K)->1533K(110592K)
[28.540s][info][gc,heap        ] GC(200) ParOldGen: 3003433K(3003904K)->3003433K(3003904K)
[28.540s][info][gc,metaspace   ] GC(200) Metaspace: 6302K(6464K)->6302K(6464K) NonClass: 5769K(5824K)->5769K(5824K) Class: 533K(640K)->533K(640K)
[28.540s][info][gc             ] GC(200) Pause Full (Ergonomics) 2969M->2969M(3076M) 936.166ms
[28.540s][info][gc,cpu         ] GC(200) User=6.70s Sys=0.00s Real=0.94s
[28.540s][info][gc,start       ] GC(201) Pause Full (Ergonomics)
[28.540s][info][gc,phases,start] GC(201) Marking Phase
[29.218s][info][gc,phases      ] GC(201) Marking Phase 677.529ms
[29.218s][info][gc,phases,start] GC(201) Summary Phase
[29.218s][info][gc,phases      ] GC(201) Summary Phase 0.039ms
[29.218s][info][gc,phases,start] GC(201) Adjust Roots
[29.218s][info][gc,phases      ] GC(201) Adjust Roots 0.162ms
[29.218s][info][gc,phases,start] GC(201) Compaction Phase
[29.450s][info][gc,phases      ] GC(201) Compaction Phase 232.067ms
[29.450s][info][gc,phases,start] GC(201) Post Compact
[29.456s][info][gc,phases      ] GC(201) Post Compact 5.330ms
[29.456s][info][gc,heap        ] GC(201) PSYoungGen: 37373K(146432K)->37373K(146432K) Eden: 35840K(35840K)->35840K(35840K) From: 1533K(110592K)->1533K(110592K)
[29.456s][info][gc,heap        ] GC(201) ParOldGen: 3003438K(3003904K)->3003438K(3003904K)
[29.456s][info][gc,metaspace   ] GC(201) Metaspace: 6302K(6464K)->6302K(6464K) NonClass: 5769K(5824K)->5769K(5824K) Class: 533K(640K)->533K(640K)
[29.456s][info][gc             ] GC(201) Pause Full (Ergonomics) 2969M->2969M(3076M) 915.566ms
[29.456s][info][gc,cpu         ] GC(201) User=6.69s Sys=0.00s Real=0.91s
[29.456s][info][gc,start       ] GC(202) Pause Full (Ergonomics)
[29.456s][info][gc,phases,start] GC(202) Marking Phase
[30.138s][info][gc,phases      ] GC(202) Marking Phase 681.737ms
[30.138s][info][gc,phases,start] GC(202) Summary Phase
[30.138s][info][gc,phases      ] GC(202) Summary Phase 0.040ms
[30.138s][info][gc,phases,start] GC(202) Adjust Roots
[30.138s][info][gc,phases      ] GC(202) Adjust Roots 0.175ms
[30.138s][info][gc,phases,start] GC(202) Compaction Phase
[30.395s][info][gc,phases      ] GC(202) Compaction Phase 257.217ms
[30.395s][info][gc,phases,start] GC(202) Post Compact
[30.401s][info][gc,phases      ] GC(202) Post Compact 5.239ms
[30.401s][info][gc,heap        ] GC(202) PSYoungGen: 37373K(146432K)->37373K(146432K) Eden: 35840K(35840K)->35840K(35840K) From: 1533K(110592K)->1533K(110592K)
[30.401s][info][gc,heap        ] GC(202) ParOldGen: 3003442K(3003904K)->3003442K(3003904K)
[30.401s][info][gc,metaspace   ] GC(202) Metaspace: 6302K(6464K)->6302K(6464K) NonClass: 5769K(5824K)->5769K(5824K) Class: 533K(640K)->533K(640K)
[30.401s][info][gc             ] GC(202) Pause Full (Ergonomics) 2969M->2969M(3076M) 944.728ms
[30.401s][info][gc,cpu         ] GC(202) User=6.80s Sys=0.00s Real=0.95s
[30.401s][info][gc,start       ] GC(203) Pause Full (Ergonomics)
[30.401s][info][gc,phases,start] GC(203) Marking Phase
[31.088s][info][gc,phases      ] GC(203) Marking Phase 686.511ms
[31.088s][info][gc,phases,start] GC(203) Summary Phase
[31.088s][info][gc,phases      ] GC(203) Summary Phase 0.039ms
[31.088s][info][gc,phases,start] GC(203) Adjust Roots
[31.088s][info][gc,phases      ] GC(203) Adjust Roots 0.163ms
[31.088s][info][gc,phases,start] GC(203) Compaction Phase
[31.334s][info][gc,phases      ] GC(203) Compaction Phase 246.139ms
[31.334s][info][gc,phases,start] GC(203) Post Compact
[31.340s][info][gc,phases      ] GC(203) Post Compact 5.975ms
[31.340s][info][gc,heap        ] GC(203) PSYoungGen: 37373K(146432K)->37373K(146432K) Eden: 35840K(35840K)->35840K(35840K) From: 1533K(110592K)->1533K(110592K)
[31.340s][info][gc,heap        ] GC(203) ParOldGen: 3003447K(3003904K)->3003447K(3003904K)
[31.340s][info][gc,metaspace   ] GC(203) Metaspace: 6302K(6464K)->6302K(6464K) NonClass: 5769K(5824K)->5769K(5824K) Class: 533K(640K)->533K(640K)
[31.340s][info][gc             ] GC(203) Pause Full (Ergonomics) 2969M->2969M(3076M) 939.225ms
[31.340s][info][gc,cpu         ] GC(203) User=6.64s Sys=0.00s Real=0.94s
[31.340s][info][gc,start       ] GC(204) Pause Full (Ergonomics)
[31.341s][info][gc,phases,start] GC(204) Marking Phase
[32.036s][info][gc,phases      ] GC(204) Marking Phase 695.498ms
[32.036s][info][gc,phases,start] GC(204) Summary Phase
[32.036s][info][gc,phases      ] GC(204) Summary Phase 0.040ms
[32.036s][info][gc,phases,start] GC(204) Adjust Roots
[32.036s][info][gc,phases      ] GC(204) Adjust Roots 0.161ms
[32.036s][info][gc,phases,start] GC(204) Compaction Phase
[32.287s][info][gc,phases      ] GC(204) Compaction Phase 250.584ms
[32.287s][info][gc,phases,start] GC(204) Post Compact
[32.293s][info][gc,phases      ] GC(204) Post Compact 5.552ms
[32.293s][info][gc,heap        ] GC(204) PSYoungGen: 37373K(146432K)->37373K(146432K) Eden: 35840K(35840K)->35840K(35840K) From: 1533K(110592K)->1533K(110592K)
[32.293s][info][gc,heap        ] GC(204) ParOldGen: 3003452K(3003904K)->3003452K(3003904K)
[32.293s][info][gc,metaspace   ] GC(204) Metaspace: 6302K(6464K)->6302K(6464K) NonClass: 5769K(5824K)->5769K(5824K) Class: 533K(640K)->533K(640K)
[32.293s][info][gc             ] GC(204) Pause Full (Ergonomics) 2969M->2969M(3076M) 952.180ms
[32.293s][info][gc,cpu         ] GC(204) User=6.62s Sys=0.02s Real=0.95s
[32.293s][info][gc,start       ] GC(205) Pause Full (Ergonomics)
[32.293s][info][gc,phases,start] GC(205) Marking Phase
[32.982s][info][gc,phases      ] GC(205) Marking Phase 689.163ms
[32.982s][info][gc,phases,start] GC(205) Summary Phase
[32.982s][info][gc,phases      ] GC(205) Summary Phase 0.040ms
[32.982s][info][gc,phases,start] GC(205) Adjust Roots
[32.982s][info][gc,phases      ] GC(205) Adjust Roots 0.166ms
[32.982s][info][gc,phases,start] GC(205) Compaction Phase
[33.245s][info][gc,phases      ] GC(205) Compaction Phase 262.109ms
[33.245s][info][gc,phases,start] GC(205) Post Compact
[33.251s][info][gc,phases      ] GC(205) Post Compact 6.006ms
[33.251s][info][gc,heap        ] GC(205) PSYoungGen: 37373K(146432K)->37373K(146432K) Eden: 35840K(35840K)->35840K(35840K) From: 1533K(110592K)->1533K(110592K)
[33.251s][info][gc,heap        ] GC(205) ParOldGen: 3003457K(3003904K)->3003457K(3003904K)
[33.251s][info][gc,metaspace   ] GC(205) Metaspace: 6302K(6464K)->6302K(6464K) NonClass: 5769K(5824K)->5769K(5824K) Class: 533K(640K)->533K(640K)
[33.251s][info][gc             ] GC(205) Pause Full (Ergonomics) 2969M->2969M(3076M) 957.854ms
[33.251s][info][gc,cpu         ] GC(205) User=6.73s Sys=0.00s Real=0.96s
[33.251s][info][gc,start       ] GC(206) Pause Full (Ergonomics)
[33.251s][info][gc,phases,start] GC(206) Marking Phase
[33.989s][info][gc,phases      ] GC(206) Marking Phase 737.751ms
[33.989s][info][gc,phases,start] GC(206) Summary Phase
[33.989s][info][gc,phases      ] GC(206) Summary Phase 0.044ms
[33.989s][info][gc,phases,start] GC(206) Adjust Roots
[33.989s][info][gc,phases      ] GC(206) Adjust Roots 0.185ms
[33.989s][info][gc,phases,start] GC(206) Compaction Phase
[34.239s][info][gc,phases      ] GC(206) Compaction Phase 249.273ms
[34.239s][info][gc,phases,start] GC(206) Post Compact
[34.245s][info][gc,phases      ] GC(206) Post Compact 6.120ms
[34.245s][info][gc,heap        ] GC(206) PSYoungGen: 37373K(146432K)->37373K(146432K) Eden: 35840K(35840K)->35840K(35840K) From: 1533K(110592K)->1533K(110592K)
[34.245s][info][gc,heap        ] GC(206) ParOldGen: 3003462K(3003904K)->3003462K(3003904K)
[34.245s][info][gc,metaspace   ] GC(206) Metaspace: 6302K(6464K)->6302K(6464K) NonClass: 5769K(5824K)->5769K(5824K) Class: 533K(640K)->533K(640K)
[34.245s][info][gc             ] GC(206) Pause Full (Ergonomics) 2969M->2969M(3076M) 993.766ms
[34.245s][info][gc,cpu         ] GC(206) User=6.64s Sys=0.00s Real=0.99s
[34.245s][info][gc,start       ] GC(207) Pause Full (Ergonomics)
[34.245s][info][gc,phases,start] GC(207) Marking Phase
[34.968s][info][gc,phases      ] GC(207) Marking Phase 722.505ms
[34.968s][info][gc,phases,start] GC(207) Summary Phase
[34.968s][info][gc,phases      ] GC(207) Summary Phase 0.084ms
[34.968s][info][gc,phases,start] GC(207) Adjust Roots
[34.968s][info][gc,phases      ] GC(207) Adjust Roots 0.220ms
[34.968s][info][gc,phases,start] GC(207) Compaction Phase
[35.241s][info][gc,phases      ] GC(207) Compaction Phase 272.934ms
[35.241s][info][gc,phases,start] GC(207) Post Compact
[35.248s][info][gc,phases      ] GC(207) Post Compact 6.492ms
[35.248s][info][gc,heap        ] GC(207) PSYoungGen: 37373K(146432K)->37373K(146432K) Eden: 35840K(35840K)->35840K(35840K) From: 1533K(110592K)->1533K(110592K)
[35.248s][info][gc,heap        ] GC(207) ParOldGen: 3003467K(3003904K)->3003467K(3003904K)
[35.248s][info][gc,metaspace   ] GC(207) Metaspace: 6302K(6464K)->6302K(6464K) NonClass: 5769K(5824K)->5769K(5824K) Class: 533K(640K)->533K(640K)
[35.248s][info][gc             ] GC(207) Pause Full (Ergonomics) 2969M->2969M(3076M) 1002.598ms
[35.248s][info][gc,cpu         ] GC(207) User=6.81s Sys=0.00s Real=1.00s
[35.248s][info][gc,start       ] GC(208) Pause Full (Ergonomics)
[35.248s][info][gc,phases,start] GC(208) Marking Phase
[35.952s][info][gc,phases      ] GC(208) Marking Phase 703.949ms
[35.952s][info][gc,phases,start] GC(208) Summary Phase
[35.952s][info][gc,phases      ] GC(208) Summary Phase 0.046ms
[35.952s][info][gc,phases,start] GC(208) Adjust Roots
[35.953s][info][gc,phases      ] GC(208) Adjust Roots 0.272ms
[35.953s][info][gc,phases,start] GC(208) Compaction Phase
[36.201s][info][gc,phases      ] GC(208) Compaction Phase 248.049ms
[36.201s][info][gc,phases,start] GC(208) Post Compact
[36.207s][info][gc,phases      ] GC(208) Post Compact 5.968ms
[36.207s][info][gc,heap        ] GC(208) PSYoungGen: 37373K(146432K)->37373K(146432K) Eden: 35840K(35840K)->35840K(35840K) From: 1533K(110592K)->1533K(110592K)
[36.207s][info][gc,heap        ] GC(208) ParOldGen: 3003471K(3003904K)->3003471K(3003904K)
[36.207s][info][gc,metaspace   ] GC(208) Metaspace: 6302K(6464K)->6302K(6464K) NonClass: 5769K(5824K)->5769K(5824K) Class: 533K(640K)->533K(640K)
[36.207s][info][gc             ] GC(208) Pause Full (Ergonomics) 2969M->2969M(3076M) 958.904ms
[36.207s][info][gc,cpu         ] GC(208) User=6.75s Sys=0.00s Real=0.96s
[36.207s][info][gc,start       ] GC(209) Pause Full (Ergonomics)
[36.207s][info][gc,phases,start] GC(209) Marking Phase
[36.921s][info][gc,phases      ] GC(209) Marking Phase 714.006ms
[36.921s][info][gc,phases,start] GC(209) Summary Phase
[36.921s][info][gc,phases      ] GC(209) Summary Phase 0.069ms
[36.921s][info][gc,phases,start] GC(209) Adjust Roots
[36.922s][info][gc,phases      ] GC(209) Adjust Roots 0.309ms
[36.922s][info][gc,phases,start] GC(209) Compaction Phase
[37.209s][info][gc,phases      ] GC(209) Compaction Phase 287.078ms
[37.209s][info][gc,phases,start] GC(209) Post Compact
[37.216s][info][gc,phases      ] GC(209) Post Compact 6.711ms
[37.216s][info][gc,heap        ] GC(209) PSYoungGen: 37373K(146432K)->37373K(146432K) Eden: 35840K(35840K)->35840K(35840K) From: 1533K(110592K)->1533K(110592K)
[37.216s][info][gc,heap        ] GC(209) ParOldGen: 3003476K(3003904K)->3003476K(3003904K)
[37.216s][info][gc,metaspace   ] GC(209) Metaspace: 6302K(6464K)->6302K(6464K) NonClass: 5769K(5824K)->5769K(5824K) Class: 533K(640K)->533K(640K)
[37.216s][info][gc             ] GC(209) Pause Full (Ergonomics) 2969M->2969M(3076M) 1008.614ms
[37.216s][info][gc,cpu         ] GC(209) User=6.66s Sys=0.00s Real=1.01s
[37.216s][info][gc,start       ] GC(210) Pause Full (Ergonomics)
[37.216s][info][gc,phases,start] GC(210) Marking Phase
[37.926s][info][gc,phases      ] GC(210) Marking Phase 710.143ms
[37.926s][info][gc,phases,start] GC(210) Summary Phase
[37.926s][info][gc,phases      ] GC(210) Summary Phase 0.042ms
[37.926s][info][gc,phases,start] GC(210) Adjust Roots
[37.926s][info][gc,phases      ] GC(210) Adjust Roots 0.171ms
[37.926s][info][gc,phases,start] GC(210) Compaction Phase
[38.190s][info][gc,phases      ] GC(210) Compaction Phase 263.636ms
[38.190s][info][gc,phases,start] GC(210) Post Compact
[38.196s][info][gc,phases      ] GC(210) Post Compact 5.569ms
[38.196s][info][gc,heap        ] GC(210) PSYoungGen: 37373K(146432K)->37373K(146432K) Eden: 35840K(35840K)->35840K(35840K) From: 1533K(110592K)->1533K(110592K)
[38.196s][info][gc,heap        ] GC(210) ParOldGen: 3003481K(3003904K)->3003481K(3003904K)
[38.196s][info][gc,metaspace   ] GC(210) Metaspace: 6302K(6464K)->6302K(6464K) NonClass: 5769K(5824K)->5769K(5824K) Class: 533K(640K)->533K(640K)
[38.196s][info][gc             ] GC(210) Pause Full (Ergonomics) 2969M->2969M(3076M) 979.907ms
[38.196s][info][gc,cpu         ] GC(210) User=6.69s Sys=0.00s Real=0.98s
[38.196s][info][gc,start       ] GC(211) Pause Full (Ergonomics)
[38.196s][info][gc,phases,start] GC(211) Marking Phase
[38.892s][info][gc,phases      ] GC(211) Marking Phase 696.350ms
[38.892s][info][gc,phases,start] GC(211) Summary Phase
[38.893s][info][gc,phases      ] GC(211) Summary Phase 0.042ms
[38.893s][info][gc,phases,start] GC(211) Adjust Roots
[38.893s][info][gc,phases      ] GC(211) Adjust Roots 0.186ms
[38.893s][info][gc,phases,start] GC(211) Compaction Phase
[39.136s][info][gc,phases      ] GC(211) Compaction Phase 242.870ms
[39.136s][info][gc,phases,start] GC(211) Post Compact
[39.141s][info][gc,phases      ] GC(211) Post Compact 5.712ms
[39.142s][info][gc,heap        ] GC(211) PSYoungGen: 37373K(146432K)->37373K(146432K) Eden: 35840K(35840K)->35840K(35840K) From: 1533K(110592K)->1533K(110592K)
[39.142s][info][gc,heap        ] GC(211) ParOldGen: 3003486K(3003904K)->3003486K(3003904K)
[39.142s][info][gc,metaspace   ] GC(211) Metaspace: 6302K(6464K)->6302K(6464K) NonClass: 5769K(5824K)->5769K(5824K) Class: 533K(640K)->533K(640K)
[39.142s][info][gc             ] GC(211) Pause Full (Ergonomics) 2969M->2969M(3076M) 945.600ms
[39.142s][info][gc,cpu         ] GC(211) User=6.78s Sys=0.00s Real=0.95s
[39.142s][info][gc,start       ] GC(212) Pause Full (Ergonomics)
[39.142s][info][gc,phases,start] GC(212) Marking Phase
[39.826s][info][gc,phases      ] GC(212) Marking Phase 683.652ms
[39.826s][info][gc,phases,start] GC(212) Summary Phase
[39.826s][info][gc,phases      ] GC(212) Summary Phase 0.059ms
[39.826s][info][gc,phases,start] GC(212) Adjust Roots
[39.826s][info][gc,phases      ] GC(212) Adjust Roots 0.199ms
[39.826s][info][gc,phases,start] GC(212) Compaction Phase
[40.079s][info][gc,phases      ] GC(212) Compaction Phase 253.398ms
[40.079s][info][gc,phases,start] GC(212) Post Compact
[40.085s][info][gc,phases      ] GC(212) Post Compact 5.340ms
[40.085s][info][gc,heap        ] GC(212) PSYoungGen: 37373K(146432K)->37373K(146432K) Eden: 35840K(35840K)->35840K(35840K) From: 1533K(110592K)->1533K(110592K)
[40.085s][info][gc,heap        ] GC(212) ParOldGen: 3003491K(3003904K)->3003491K(3003904K)
[40.085s][info][gc,metaspace   ] GC(212) Metaspace: 6302K(6464K)->6302K(6464K) NonClass: 5769K(5824K)->5769K(5824K) Class: 533K(640K)->533K(640K)
[40.085s][info][gc             ] GC(212) Pause Full (Ergonomics) 2969M->2969M(3076M) 943.021ms
[40.085s][info][gc,cpu         ] GC(212) User=6.81s Sys=0.00s Real=0.94s
[40.085s][info][gc,start       ] GC(213) Pause Full (Ergonomics)
[40.085s][info][gc,phases,start] GC(213) Marking Phase
[40.773s][info][gc,phases      ] GC(213) Marking Phase 688.333ms
[40.774s][info][gc,phases,start] GC(213) Summary Phase
[40.774s][info][gc,phases      ] GC(213) Summary Phase 0.039ms
[40.774s][info][gc,phases,start] GC(213) Adjust Roots
[40.774s][info][gc,phases      ] GC(213) Adjust Roots 0.165ms
[40.774s][info][gc,phases,start] GC(213) Compaction Phase
[41.025s][info][gc,phases      ] GC(213) Compaction Phase 251.050ms
[41.025s][info][gc,phases,start] GC(213) Post Compact
[41.030s][info][gc,phases      ] GC(213) Post Compact 5.496ms
[41.031s][info][gc,heap        ] GC(213) PSYoungGen: 37373K(146432K)->37373K(146432K) Eden: 35840K(35840K)->35840K(35840K) From: 1533K(110592K)->1533K(110592K)
[41.031s][info][gc,heap        ] GC(213) ParOldGen: 3003496K(3003904K)->3003496K(3003904K)
[41.031s][info][gc,metaspace   ] GC(213) Metaspace: 6302K(6464K)->6302K(6464K) NonClass: 5769K(5824K)->5769K(5824K) Class: 533K(640K)->533K(640K)
[41.031s][info][gc             ] GC(213) Pause Full (Ergonomics) 2969M->2969M(3076M) 945.510ms
[41.031s][info][gc,cpu         ] GC(213) User=6.73s Sys=0.00s Real=0.94s
[41.031s][info][gc,start       ] GC(214) Pause Full (Ergonomics)
[41.031s][info][gc,phases,start] GC(214) Marking Phase
[41.722s][info][gc,phases      ] GC(214) Marking Phase 690.879ms
[41.722s][info][gc,phases,start] GC(214) Summary Phase
[41.722s][info][gc,phases      ] GC(214) Summary Phase 0.038ms
[41.722s][info][gc,phases,start] GC(214) Adjust Roots
[41.722s][info][gc,phases      ] GC(214) Adjust Roots 0.167ms
[41.722s][info][gc,phases,start] GC(214) Compaction Phase
[41.972s][info][gc,phases      ] GC(214) Compaction Phase 250.257ms
[41.972s][info][gc,phases,start] GC(214) Post Compact
[41.978s][info][gc,phases      ] GC(214) Post Compact 5.310ms
[41.978s][info][gc,heap        ] GC(214) PSYoungGen: 37373K(146432K)->37373K(146432K) Eden: 35840K(35840K)->35840K(35840K) From: 1533K(110592K)->1533K(110592K)
[41.978s][info][gc,heap        ] GC(214) ParOldGen: 3003500K(3003904K)->3003500K(3003904K)
[41.978s][info][gc,metaspace   ] GC(214) Metaspace: 6302K(6464K)->6302K(6464K) NonClass: 5769K(5824K)->5769K(5824K) Class: 533K(640K)->533K(640K)
[41.978s][info][gc             ] GC(214) Pause Full (Ergonomics) 2969M->2969M(3076M) 947.124ms
[41.978s][info][gc,cpu         ] GC(214) User=6.84s Sys=0.00s Real=0.95s
[41.978s][info][gc,start       ] GC(215) Pause Full (Ergonomics)
[41.978s][info][gc,phases,start] GC(215) Marking Phase
[42.671s][info][gc,phases      ] GC(215) Marking Phase 692.691ms
[42.671s][info][gc,phases,start] GC(215) Summary Phase
[42.671s][info][gc,phases      ] GC(215) Summary Phase 0.039ms
[42.671s][info][gc,phases,start] GC(215) Adjust Roots
[42.671s][info][gc,phases      ] GC(215) Adjust Roots 0.162ms
[42.671s][info][gc,phases,start] GC(215) Compaction Phase
[42.921s][info][gc,phases      ] GC(215) Compaction Phase 249.629ms
[42.921s][info][gc,phases,start] GC(215) Post Compact
[42.927s][info][gc,phases      ] GC(215) Post Compact 5.826ms
[42.927s][info][gc,heap        ] GC(215) PSYoungGen: 37373K(146432K)->37373K(146432K) Eden: 35840K(35840K)->35840K(35840K) From: 1533K(110592K)->1533K(110592K)
[42.927s][info][gc,heap        ] GC(215) ParOldGen: 3003505K(3003904K)->3003505K(3003904K)
[42.927s][info][gc,metaspace   ] GC(215) Metaspace: 6302K(6464K)->6302K(6464K) NonClass: 5769K(5824K)->5769K(5824K) Class: 533K(640K)->533K(640K)
[42.927s][info][gc             ] GC(215) Pause Full (Ergonomics) 2969M->2969M(3076M) 948.713ms
[42.927s][info][gc,cpu         ] GC(215) User=6.81s Sys=0.02s Real=0.95s
[42.927s][info][gc,start       ] GC(216) Pause Full (Ergonomics)
[42.927s][info][gc,phases,start] GC(216) Marking Phase
[43.612s][info][gc,phases      ] GC(216) Marking Phase 684.634ms
[43.612s][info][gc,phases,start] GC(216) Summary Phase
[43.612s][info][gc,phases      ] GC(216) Summary Phase 0.039ms
[43.612s][info][gc,phases,start] GC(216) Adjust Roots
[43.612s][info][gc,phases      ] GC(216) Adjust Roots 0.166ms
[43.612s][info][gc,phases,start] GC(216) Compaction Phase
[43.876s][info][gc,phases      ] GC(216) Compaction Phase 263.783ms
[43.876s][info][gc,phases,start] GC(216) Post Compact
[43.881s][info][gc,phases      ] GC(216) Post Compact 5.378ms
[43.881s][info][gc,heap        ] GC(216) PSYoungGen: 37373K(146432K)->37373K(146432K) Eden: 35840K(35840K)->35840K(35840K) From: 1533K(110592K)->1533K(110592K)
[43.881s][info][gc,heap        ] GC(216) ParOldGen: 3003510K(3003904K)->3003510K(3003904K)
[43.881s][info][gc,metaspace   ] GC(216) Metaspace: 6302K(6464K)->6302K(6464K) NonClass: 5769K(5824K)->5769K(5824K) Class: 533K(640K)->533K(640K)
[43.882s][info][gc             ] GC(216) Pause Full (Ergonomics) 2969M->2969M(3076M) 954.374ms
[43.882s][info][gc,cpu         ] GC(216) User=6.67s Sys=0.00s Real=0.96s
[43.882s][info][gc,start       ] GC(217) Pause Full (Ergonomics)
[43.882s][info][gc,phases,start] GC(217) Marking Phase
[44.568s][info][gc,phases      ] GC(217) Marking Phase 686.104ms
[44.568s][info][gc,phases,start] GC(217) Summary Phase
[44.568s][info][gc,phases      ] GC(217) Summary Phase 0.038ms
[44.568s][info][gc,phases,start] GC(217) Adjust Roots
[44.568s][info][gc,phases      ] GC(217) Adjust Roots 0.162ms
[44.568s][info][gc,phases,start] GC(217) Compaction Phase
[44.813s][info][gc,phases      ] GC(217) Compaction Phase 245.124ms
[44.813s][info][gc,phases,start] GC(217) Post Compact
[44.819s][info][gc,phases      ] GC(217) Post Compact 5.440ms
[44.819s][info][gc,heap        ] GC(217) PSYoungGen: 37373K(146432K)->37373K(146432K) Eden: 35840K(35840K)->35840K(35840K) From: 1533K(110592K)->1533K(110592K)
[44.819s][info][gc,heap        ] GC(217) ParOldGen: 3003515K(3003904K)->3003515K(3003904K)
[44.819s][info][gc,metaspace   ] GC(217) Metaspace: 6302K(6464K)->6302K(6464K) NonClass: 5769K(5824K)->5769K(5824K) Class: 533K(640K)->533K(640K)
[44.819s][info][gc             ] GC(217) Pause Full (Ergonomics) 2969M->2969M(3076M) 937.210ms
[44.819s][info][gc,cpu         ] GC(217) User=6.73s Sys=0.00s Real=0.94s
[44.819s][info][gc,start       ] GC(218) Pause Full (Ergonomics)
[44.819s][info][gc,phases,start] GC(218) Marking Phase
[45.500s][info][gc,phases      ] GC(218) Marking Phase 680.913ms
[45.500s][info][gc,phases,start] GC(218) Summary Phase
[45.500s][info][gc,phases      ] GC(218) Summary Phase 0.081ms
[45.500s][info][gc,phases,start] GC(218) Adjust Roots
[45.501s][info][gc,phases      ] GC(218) Adjust Roots 0.333ms
[45.501s][info][gc,phases,start] GC(218) Compaction Phase
[45.767s][info][gc,phases      ] GC(218) Compaction Phase 266.422ms
[45.767s][info][gc,phases,start] GC(218) Post Compact
[45.773s][info][gc,phases      ] GC(218) Post Compact 6.253ms
[45.774s][info][gc,heap        ] GC(218) PSYoungGen: 37373K(146432K)->37373K(146432K) Eden: 35840K(35840K)->35840K(35840K) From: 1533K(110592K)->1533K(110592K)
[45.774s][info][gc,heap        ] GC(218) ParOldGen: 3003520K(3003904K)->3003520K(3003904K)
[45.774s][info][gc,metaspace   ] GC(218) Metaspace: 6302K(6464K)->6302K(6464K) NonClass: 5769K(5824K)->5769K(5824K) Class: 533K(640K)->533K(640K)
[45.774s][info][gc             ] GC(218) Pause Full (Ergonomics) 2969M->2969M(3076M) 954.482ms
[45.774s][info][gc,cpu         ] GC(218) User=6.81s Sys=0.00s Real=0.95s
[45.774s][info][gc,start       ] GC(219) Pause Full (Ergonomics)
[45.774s][info][gc,phases,start] GC(219) Marking Phase
[46.454s][info][gc,phases      ] GC(219) Marking Phase 679.971ms
[46.454s][info][gc,phases,start] GC(219) Summary Phase
[46.454s][info][gc,phases      ] GC(219) Summary Phase 0.053ms
[46.454s][info][gc,phases,start] GC(219) Adjust Roots
[46.454s][info][gc,phases      ] GC(219) Adjust Roots 0.264ms
[46.454s][info][gc,phases,start] GC(219) Compaction Phase
[46.719s][info][gc,phases      ] GC(219) Compaction Phase 264.665ms
[46.719s][info][gc,phases,start] GC(219) Post Compact
[46.726s][info][gc,phases      ] GC(219) Post Compact 6.444ms
[46.726s][info][gc,heap        ] GC(219) PSYoungGen: 37373K(146432K)->37373K(146432K) Eden: 35840K(35840K)->35840K(35840K) From: 1533K(110592K)->1533K(110592K)
[46.726s][info][gc,heap        ] GC(219) ParOldGen: 3003525K(3003904K)->3003525K(3003904K)
[46.726s][info][gc,metaspace   ] GC(219) Metaspace: 6302K(6464K)->6302K(6464K) NonClass: 5769K(5824K)->5769K(5824K) Class: 533K(640K)->533K(640K)
[46.726s][info][gc             ] GC(219) Pause Full (Ergonomics) 2969M->2969M(3076M) 951.793ms
[46.726s][info][gc,cpu         ] GC(219) User=6.73s Sys=0.02s Real=0.95s
[46.726s][info][gc,start       ] GC(220) Pause Full (Ergonomics)
[46.726s][info][gc,phases,start] GC(220) Marking Phase
[47.420s][info][gc,phases      ] GC(220) Marking Phase 693.857ms
[47.420s][info][gc,phases,start] GC(220) Summary Phase
[47.420s][info][gc,phases      ] GC(220) Summary Phase 0.056ms
[47.420s][info][gc,phases,start] GC(220) Adjust Roots
[47.420s][info][gc,phases      ] GC(220) Adjust Roots 0.263ms
[47.420s][info][gc,phases,start] GC(220) Compaction Phase
[47.682s][info][gc,phases      ] GC(220) Compaction Phase 261.531ms
[47.682s][info][gc,phases,start] GC(220) Post Compact
[47.687s][info][gc,phases      ] GC(220) Post Compact 5.617ms
[47.688s][info][gc,heap        ] GC(220) PSYoungGen: 37373K(146432K)->37373K(146432K) Eden: 35840K(35840K)->35840K(35840K) From: 1533K(110592K)->1533K(110592K)
[47.688s][info][gc,heap        ] GC(220) ParOldGen: 3003529K(3003904K)->3003529K(3003904K)
[47.688s][info][gc,metaspace   ] GC(220) Metaspace: 6302K(6464K)->6302K(6464K) NonClass: 5769K(5824K)->5769K(5824K) Class: 533K(640K)->533K(640K)
[47.688s][info][gc             ] GC(220) Pause Full (Ergonomics) 2969M->2969M(3076M) 961.716ms
[47.688s][info][gc,cpu         ] GC(220) User=6.91s Sys=0.00s Real=0.96s
[47.688s][info][gc,start       ] GC(221) Pause Full (Ergonomics)
[47.688s][info][gc,phases,start] GC(221) Marking Phase
[48.377s][info][gc,phases      ] GC(221) Marking Phase 689.333ms
[48.377s][info][gc,phases,start] GC(221) Summary Phase
[48.377s][info][gc,phases      ] GC(221) Summary Phase 0.063ms
[48.377s][info][gc,phases,start] GC(221) Adjust Roots
[48.378s][info][gc,phases      ] GC(221) Adjust Roots 0.264ms
[48.378s][info][gc,phases,start] GC(221) Compaction Phase
[48.641s][info][gc,phases      ] GC(221) Compaction Phase 263.482ms
[48.641s][info][gc,phases,start] GC(221) Post Compact
[48.649s][info][gc,phases      ] GC(221) Post Compact 7.899ms
[48.649s][info][gc,heap        ] GC(221) PSYoungGen: 37373K(146432K)->37373K(146432K) Eden: 35840K(35840K)->35840K(35840K) From: 1533K(110592K)->1533K(110592K)
[48.649s][info][gc,heap        ] GC(221) ParOldGen: 3003534K(3003904K)->3003534K(3003904K)
[48.649s][info][gc,metaspace   ] GC(221) Metaspace: 6302K(6464K)->6302K(6464K) NonClass: 5769K(5824K)->5769K(5824K) Class: 533K(640K)->533K(640K)
[48.649s][info][gc             ] GC(221) Pause Full (Ergonomics) 2969M->2969M(3076M) 961.576ms
[48.649s][info][gc,cpu         ] GC(221) User=6.73s Sys=0.03s Real=0.96s
[48.650s][info][gc,start       ] GC(222) Pause Full (Ergonomics)
[48.650s][info][gc,phases,start] GC(222) Marking Phase
[49.347s][info][gc,phases      ] GC(222) Marking Phase 697.604ms
[49.347s][info][gc,phases,start] GC(222) Summary Phase
[49.347s][info][gc,phases      ] GC(222) Summary Phase 0.064ms
[49.347s][info][gc,phases,start] GC(222) Adjust Roots
[49.348s][info][gc,phases      ] GC(222) Adjust Roots 0.306ms
[49.348s][info][gc,phases,start] GC(222) Compaction Phase
[49.608s][info][gc,phases      ] GC(222) Compaction Phase 260.283ms
[49.608s][info][gc,phases,start] GC(222) Post Compact
[49.614s][info][gc,phases      ] GC(222) Post Compact 5.418ms
[49.614s][info][gc,heap        ] GC(222) PSYoungGen: 37373K(146432K)->37373K(146432K) Eden: 35840K(35840K)->35840K(35840K) From: 1533K(110592K)->1533K(110592K)
[49.614s][info][gc,heap        ] GC(222) ParOldGen: 3003539K(3003904K)->3003539K(3003904K)
[49.614s][info][gc,metaspace   ] GC(222) Metaspace: 6302K(6464K)->6302K(6464K) NonClass: 5769K(5824K)->5769K(5824K) Class: 533K(640K)->533K(640K)
[49.614s][info][gc             ] GC(222) Pause Full (Ergonomics) 2969M->2969M(3076M) 964.106ms
[49.614s][info][gc,cpu         ] GC(222) User=6.97s Sys=0.02s Real=0.96s
[49.614s][info][gc,start       ] GC(223) Pause Full (Ergonomics)
[49.614s][info][gc,phases,start] GC(223) Marking Phase
[50.302s][info][gc,phases      ] GC(223) Marking Phase 687.976ms
[50.302s][info][gc,phases,start] GC(223) Summary Phase
[50.302s][info][gc,phases      ] GC(223) Summary Phase 0.064ms
[50.302s][info][gc,phases,start] GC(223) Adjust Roots
[50.302s][info][gc,phases      ] GC(223) Adjust Roots 0.313ms
[50.303s][info][gc,phases,start] GC(223) Compaction Phase
[50.554s][info][gc,phases      ] GC(223) Compaction Phase 251.038ms
[50.554s][info][gc,phases,start] GC(223) Post Compact
[50.559s][info][gc,phases      ] GC(223) Post Compact 5.245ms
[50.559s][info][gc,heap        ] GC(223) PSYoungGen: 37373K(146432K)->37373K(146432K) Eden: 35840K(35840K)->35840K(35840K) From: 1533K(110592K)->1533K(110592K)
[50.559s][info][gc,heap        ] GC(223) ParOldGen: 3003544K(3003904K)->3003544K(3003904K)
[50.559s][info][gc,metaspace   ] GC(223) Metaspace: 6302K(6464K)->6302K(6464K) NonClass: 5769K(5824K)->5769K(5824K) Class: 533K(640K)->533K(640K)
[50.559s][info][gc             ] GC(223) Pause Full (Ergonomics) 2969M->2969M(3076M) 945.047ms
[50.559s][info][gc,cpu         ] GC(223) User=6.73s Sys=0.02s Real=0.95s
[50.559s][info][gc,start       ] GC(224) Pause Full (Ergonomics)
[50.559s][info][gc,phases,start] GC(224) Marking Phase
[51.247s][info][gc,phases      ] GC(224) Marking Phase 688.074ms
[51.247s][info][gc,phases,start] GC(224) Summary Phase
[51.248s][info][gc,phases      ] GC(224) Summary Phase 0.068ms
[51.248s][info][gc,phases,start] GC(224) Adjust Roots
[51.248s][info][gc,phases      ] GC(224) Adjust Roots 0.288ms
[51.248s][info][gc,phases,start] GC(224) Compaction Phase
[51.510s][info][gc,phases      ] GC(224) Compaction Phase 261.780ms
[51.510s][info][gc,phases,start] GC(224) Post Compact
[51.515s][info][gc,phases      ] GC(224) Post Compact 5.729ms
[51.516s][info][gc,heap        ] GC(224) PSYoungGen: 37373K(146432K)->37373K(146432K) Eden: 35840K(35840K)->35840K(35840K) From: 1533K(110592K)->1533K(110592K)
[51.516s][info][gc,heap        ] GC(224) ParOldGen: 3003549K(3003904K)->3003549K(3003904K)
[51.516s][info][gc,metaspace   ] GC(224) Metaspace: 6302K(6464K)->6302K(6464K) NonClass: 5769K(5824K)->5769K(5824K) Class: 533K(640K)->533K(640K)
[51.516s][info][gc             ] GC(224) Pause Full (Ergonomics) 2969M->2969M(3076M) 956.410ms
[51.516s][info][gc,cpu         ] GC(224) User=6.78s Sys=0.00s Real=0.96s
[51.516s][info][gc,start       ] GC(225) Pause Full (Ergonomics)
[51.516s][info][gc,phases,start] GC(225) Marking Phase
[52.199s][info][gc,phases      ] GC(225) Marking Phase 683.242ms
[52.199s][info][gc,phases,start] GC(225) Summary Phase
[52.199s][info][gc,phases      ] GC(225) Summary Phase 0.058ms
[52.199s][info][gc,phases,start] GC(225) Adjust Roots
[52.200s][info][gc,phases      ] GC(225) Adjust Roots 0.260ms
[52.200s][info][gc,phases,start] GC(225) Compaction Phase
[52.442s][info][gc,phases      ] GC(225) Compaction Phase 242.840ms
[52.443s][info][gc,phases,start] GC(225) Post Compact
[52.448s][info][gc,phases      ] GC(225) Post Compact 5.238ms
[52.448s][info][gc,heap        ] GC(225) PSYoungGen: 37373K(146432K)->37373K(146432K) Eden: 35840K(35840K)->35840K(35840K) From: 1533K(110592K)->1533K(110592K)
[52.448s][info][gc,heap        ] GC(225) ParOldGen: 3003554K(3003904K)->3003554K(3003904K)
[52.448s][info][gc,metaspace   ] GC(225) Metaspace: 6302K(6464K)->6302K(6464K) NonClass: 5769K(5824K)->5769K(5824K) Class: 533K(640K)->533K(640K)
[52.448s][info][gc             ] GC(225) Pause Full (Ergonomics) 2969M->2969M(3076M) 931.993ms
[52.448s][info][gc,cpu         ] GC(225) User=6.81s Sys=0.00s Real=0.93s
[52.448s][info][gc,start       ] GC(226) Pause Full (Ergonomics)
[52.448s][info][gc,phases,start] GC(226) Marking Phase
[53.142s][info][gc,phases      ] GC(226) Marking Phase 694.297ms
[53.142s][info][gc,phases,start] GC(226) Summary Phase
[53.143s][info][gc,phases      ] GC(226) Summary Phase 0.041ms
[53.143s][info][gc,phases,start] GC(226) Adjust Roots
[53.143s][info][gc,phases      ] GC(226) Adjust Roots 0.187ms
[53.143s][info][gc,phases,start] GC(226) Compaction Phase
[53.387s][info][gc,phases      ] GC(226) Compaction Phase 244.257ms
[53.387s][info][gc,phases,start] GC(226) Post Compact
[53.392s][info][gc,phases      ] GC(226) Post Compact 5.301ms
[53.392s][info][gc,heap        ] GC(226) PSYoungGen: 37373K(146432K)->37373K(146432K) Eden: 35840K(35840K)->35840K(35840K) From: 1533K(110592K)->1533K(110592K)
[53.392s][info][gc,heap        ] GC(226) ParOldGen: 3003558K(3003904K)->3003558K(3003904K)
[53.392s][info][gc,metaspace   ] GC(226) Metaspace: 6302K(6464K)->6302K(6464K) NonClass: 5769K(5824K)->5769K(5824K) Class: 533K(640K)->533K(640K)
[53.393s][info][gc             ] GC(226) Pause Full (Ergonomics) 2969M->2969M(3076M) 944.426ms
[53.393s][info][gc,cpu         ] GC(226) User=6.91s Sys=0.00s Real=0.94s
[53.393s][info][gc,start       ] GC(227) Pause Full (Ergonomics)
[53.393s][info][gc,phases,start] GC(227) Marking Phase
[54.075s][info][gc,phases      ] GC(227) Marking Phase 682.170ms
[54.075s][info][gc,phases,start] GC(227) Summary Phase
[54.075s][info][gc,phases      ] GC(227) Summary Phase 0.071ms
[54.075s][info][gc,phases,start] GC(227) Adjust Roots
[54.075s][info][gc,phases      ] GC(227) Adjust Roots 0.301ms
[54.075s][info][gc,phases,start] GC(227) Compaction Phase
[54.353s][info][gc,phases      ] GC(227) Compaction Phase 277.083ms
[54.353s][info][gc,phases,start] GC(227) Post Compact
[54.359s][info][gc,phases      ] GC(227) Post Compact 6.059ms
[54.359s][info][gc,heap        ] GC(227) PSYoungGen: 37373K(146432K)->37373K(146432K) Eden: 35840K(35840K)->35840K(35840K) From: 1533K(110592K)->1533K(110592K)
[54.359s][info][gc,heap        ] GC(227) ParOldGen: 3003563K(3003904K)->3003563K(3003904K)
[54.359s][info][gc,metaspace   ] GC(227) Metaspace: 6302K(6464K)->6302K(6464K) NonClass: 5769K(5824K)->5769K(5824K) Class: 533K(640K)->533K(640K)
[54.359s][info][gc             ] GC(227) Pause Full (Ergonomics) 2969M->2969M(3076M) 966.119ms
[54.359s][info][gc,cpu         ] GC(227) User=6.83s Sys=0.02s Real=0.97s
[54.359s][info][gc,start       ] GC(228) Pause Full (Ergonomics)
[54.359s][info][gc,phases,start] GC(228) Marking Phase
[55.067s][info][gc,phases      ] GC(228) Marking Phase 707.491ms
[55.067s][info][gc,phases,start] GC(228) Summary Phase
[55.067s][info][gc,phases      ] GC(228) Summary Phase 0.049ms
[55.067s][info][gc,phases,start] GC(228) Adjust Roots
[55.067s][info][gc,phases      ] GC(228) Adjust Roots 0.233ms
[55.067s][info][gc,phases,start] GC(228) Compaction Phase
[55.337s][info][gc,phases      ] GC(228) Compaction Phase 269.587ms
[55.337s][info][gc,phases,start] GC(228) Post Compact
[55.342s][info][gc,phases      ] GC(228) Post Compact 5.715ms
[55.342s][info][gc,heap        ] GC(228) PSYoungGen: 37373K(146432K)->37373K(146432K) Eden: 35840K(35840K)->35840K(35840K) From: 1533K(110592K)->1533K(110592K)
[55.342s][info][gc,heap        ] GC(228) ParOldGen: 3003568K(3003904K)->3003568K(3003904K)
[55.342s][info][gc,metaspace   ] GC(228) Metaspace: 6302K(6464K)->6302K(6464K) NonClass: 5769K(5824K)->5769K(5824K) Class: 533K(640K)->533K(640K)
[55.343s][info][gc             ] GC(228) Pause Full (Ergonomics) 2969M->2969M(3076M) 983.435ms
[55.343s][info][gc,cpu         ] GC(228) User=7.02s Sys=0.00s Real=0.98s
[55.343s][info][gc,start       ] GC(229) Pause Full (Ergonomics)
[55.343s][info][gc,phases,start] GC(229) Marking Phase
[56.042s][info][gc,phases      ] GC(229) Marking Phase 699.405ms
[56.042s][info][gc,phases,start] GC(229) Summary Phase
[56.042s][info][gc,phases      ] GC(229) Summary Phase 0.040ms
[56.042s][info][gc,phases,start] GC(229) Adjust Roots
[56.043s][info][gc,phases      ] GC(229) Adjust Roots 0.195ms
[56.043s][info][gc,phases,start] GC(229) Compaction Phase
[56.315s][info][gc,phases      ] GC(229) Compaction Phase 272.456ms
[56.315s][info][gc,phases,start] GC(229) Post Compact
[56.320s][info][gc,phases      ] GC(229) Post Compact 5.405ms
[56.321s][info][gc,heap        ] GC(229) PSYoungGen: 37373K(146432K)->37373K(146432K) Eden: 35840K(35840K)->35840K(35840K) From: 1533K(110592K)->1533K(110592K)
[56.321s][info][gc,heap        ] GC(229) ParOldGen: 3003573K(3003904K)->3003573K(3003904K)
[56.321s][info][gc,metaspace   ] GC(229) Metaspace: 6302K(6464K)->6302K(6464K) NonClass: 5769K(5824K)->5769K(5824K) Class: 533K(640K)->533K(640K)
[56.321s][info][gc             ] GC(229) Pause Full (Ergonomics) 2969M->2969M(3076M) 977.856ms
[56.321s][info][gc,cpu         ] GC(229) User=7.06s Sys=0.00s Real=0.98s
[56.321s][info][gc,start       ] GC(230) Pause Full (Ergonomics)
[56.321s][info][gc,phases,start] GC(230) Marking Phase
[57.007s][info][gc,phases      ] GC(230) Marking Phase 686.264ms
[57.007s][info][gc,phases,start] GC(230) Summary Phase
[57.007s][info][gc,phases      ] GC(230) Summary Phase 0.039ms
[57.007s][info][gc,phases,start] GC(230) Adjust Roots
[57.007s][info][gc,phases      ] GC(230) Adjust Roots 0.172ms
[57.007s][info][gc,phases,start] GC(230) Compaction Phase
[57.275s][info][gc,phases      ] GC(230) Compaction Phase 267.997ms
[57.275s][info][gc,phases,start] GC(230) Post Compact
[57.282s][info][gc,phases      ] GC(230) Post Compact 6.489ms
[57.282s][info][gc,heap        ] GC(230) PSYoungGen: 37373K(146432K)->37373K(146432K) Eden: 35840K(35840K)->35840K(35840K) From: 1533K(110592K)->1533K(110592K)
[57.282s][info][gc,heap        ] GC(230) ParOldGen: 3003578K(3003904K)->3003578K(3003904K)
[57.282s][info][gc,metaspace   ] GC(230) Metaspace: 6302K(6464K)->6302K(6464K) NonClass: 5769K(5824K)->5769K(5824K) Class: 533K(640K)->533K(640K)
[57.282s][info][gc             ] GC(230) Pause Full (Ergonomics) 2969M->2969M(3076M) 961.312ms
[57.282s][info][gc,cpu         ] GC(230) User=6.75s Sys=0.00s Real=0.96s
[57.282s][info][gc,start       ] GC(231) Pause Full (Ergonomics)
[57.282s][info][gc,phases,start] GC(231) Marking Phase
[57.971s][info][gc,phases      ] GC(231) Marking Phase 688.815ms
[57.971s][info][gc,phases,start] GC(231) Summary Phase
[57.971s][info][gc,phases      ] GC(231) Summary Phase 0.046ms
[57.971s][info][gc,phases,start] GC(231) Adjust Roots
[57.972s][info][gc,phases      ] GC(231) Adjust Roots 0.244ms
[57.972s][info][gc,phases,start] GC(231) Compaction Phase
[58.227s][info][gc,phases      ] GC(231) Compaction Phase 255.048ms
[58.227s][info][gc,phases,start] GC(231) Post Compact
[58.233s][info][gc,phases      ] GC(231) Post Compact 6.488ms
[58.233s][info][gc,heap        ] GC(231) PSYoungGen: 37373K(146432K)->37373K(146432K) Eden: 35840K(35840K)->35840K(35840K) From: 1533K(110592K)->1533K(110592K)
[58.233s][info][gc,heap        ] GC(231) ParOldGen: 3003583K(3003904K)->3003583K(3003904K)
[58.233s][info][gc,metaspace   ] GC(231) Metaspace: 6302K(6464K)->6302K(6464K) NonClass: 5769K(5824K)->5769K(5824K) Class: 533K(640K)->533K(640K)
[58.233s][info][gc             ] GC(231) Pause Full (Ergonomics) 2969M->2969M(3076M) 951.044ms
[58.233s][info][gc,cpu         ] GC(231) User=6.64s Sys=0.00s Real=0.95s
[58.234s][info][gc,start       ] GC(232) Pause Full (Ergonomics)
[58.234s][info][gc,phases,start] GC(232) Marking Phase
[58.923s][info][gc,phases      ] GC(232) Marking Phase 689.513ms
[58.923s][info][gc,phases,start] GC(232) Summary Phase
[58.923s][info][gc,phases      ] GC(232) Summary Phase 0.039ms
[58.923s][info][gc,phases,start] GC(232) Adjust Roots
[58.923s][info][gc,phases      ] GC(232) Adjust Roots 0.165ms
[58.923s][info][gc,phases,start] GC(232) Compaction Phase
[59.173s][info][gc,phases      ] GC(232) Compaction Phase 249.072ms
[59.173s][info][gc,phases,start] GC(232) Post Compact
[59.178s][info][gc,phases      ] GC(232) Post Compact 5.252ms
[59.178s][info][gc,heap        ] GC(232) PSYoungGen: 37373K(146432K)->37373K(146432K) Eden: 35840K(35840K)->35840K(35840K) From: 1533K(110592K)->1533K(110592K)
[59.178s][info][gc,heap        ] GC(232) ParOldGen: 3003587K(3003904K)->3003587K(3003904K)
[59.178s][info][gc,metaspace   ] GC(232) Metaspace: 6302K(6464K)->6302K(6464K) NonClass: 5769K(5824K)->5769K(5824K) Class: 533K(640K)->533K(640K)
[59.178s][info][gc             ] GC(232) Pause Full (Ergonomics) 2969M->2969M(3076M) 944.370ms
[59.178s][info][gc,cpu         ] GC(232) User=6.88s Sys=0.00s Real=0.94s
[59.178s][info][gc,start       ] GC(233) Pause Full (Ergonomics)
[59.178s][info][gc,phases,start] GC(233) Marking Phase
[59.873s][info][gc,phases      ] GC(233) Marking Phase 694.991ms
[59.873s][info][gc,phases,start] GC(233) Summary Phase
[59.873s][info][gc,phases      ] GC(233) Summary Phase 0.057ms
[59.873s][info][gc,phases,start] GC(233) Adjust Roots
[59.874s][info][gc,phases      ] GC(233) Adjust Roots 0.225ms
[59.874s][info][gc,phases,start] GC(233) Compaction Phase
[60.135s][info][gc,phases      ] GC(233) Compaction Phase 261.649ms
[60.135s][info][gc,phases,start] GC(233) Post Compact
[60.141s][info][gc,phases      ] GC(233) Post Compact 5.248ms
[60.141s][info][gc,heap        ] GC(233) PSYoungGen: 37373K(146432K)->37373K(146432K) Eden: 35840K(35840K)->35840K(35840K) From: 1533K(110592K)->1533K(110592K)
[60.141s][info][gc,heap        ] GC(233) ParOldGen: 3003592K(3003904K)->3003592K(3003904K)
[60.141s][info][gc,metaspace   ] GC(233) Metaspace: 6302K(6464K)->6302K(6464K) NonClass: 5769K(5824K)->5769K(5824K) Class: 533K(640K)->533K(640K)
[60.141s][info][gc             ] GC(233) Pause Full (Ergonomics) 2969M->2969M(3076M) 962.542ms
[60.141s][info][gc,cpu         ] GC(233) User=7.00s Sys=0.00s Real=0.96s
[60.141s][info][gc,start       ] GC(234) Pause Full (Ergonomics)
[60.141s][info][gc,phases,start] GC(234) Marking Phase
[60.820s][info][gc,phases      ] GC(234) Marking Phase 678.750ms
[60.820s][info][gc,phases,start] GC(234) Summary Phase
[60.820s][info][gc,phases      ] GC(234) Summary Phase 0.039ms
[60.820s][info][gc,phases,start] GC(234) Adjust Roots
[60.820s][info][gc,phases      ] GC(234) Adjust Roots 0.191ms
[60.820s][info][gc,phases,start] GC(234) Compaction Phase
[61.084s][info][gc,phases      ] GC(234) Compaction Phase 264.190ms
[61.084s][info][gc,phases,start] GC(234) Post Compact
[61.090s][info][gc,phases      ] GC(234) Post Compact 5.465ms
[61.090s][info][gc,heap        ] GC(234) PSYoungGen: 37373K(146432K)->37373K(146432K) Eden: 35840K(35840K)->35840K(35840K) From: 1533K(110592K)->1533K(110592K)
[61.090s][info][gc,heap        ] GC(234) ParOldGen: 3003597K(3003904K)->3003597K(3003904K)
[61.090s][info][gc,metaspace   ] GC(234) Metaspace: 6302K(6464K)->6302K(6464K) NonClass: 5769K(5824K)->5769K(5824K) Class: 533K(640K)->533K(640K)
[61.090s][info][gc             ] GC(234) Pause Full (Ergonomics) 2969M->2969M(3076M) 949.009ms
[61.090s][info][gc,cpu         ] GC(234) User=6.72s Sys=0.00s Real=0.95s
[61.090s][info][gc,start       ] GC(235) Pause Full (Ergonomics)
[61.090s][info][gc,phases,start] GC(235) Marking Phase
[61.779s][info][gc,phases      ] GC(235) Marking Phase 689.134ms
[61.779s][info][gc,phases,start] GC(235) Summary Phase
[61.779s][info][gc,phases      ] GC(235) Summary Phase 0.039ms
[61.779s][info][gc,phases,start] GC(235) Adjust Roots
[61.780s][info][gc,phases      ] GC(235) Adjust Roots 0.215ms
[61.780s][info][gc,phases,start] GC(235) Compaction Phase
[62.030s][info][gc,phases      ] GC(235) Compaction Phase 250.051ms
[62.030s][info][gc,phases,start] GC(235) Post Compact
[62.035s][info][gc,phases      ] GC(235) Post Compact 5.419ms
[62.035s][info][gc,heap        ] GC(235) PSYoungGen: 37373K(146432K)->37373K(146432K) Eden: 35840K(35840K)->35840K(35840K) From: 1533K(110592K)->1533K(110592K)
[62.035s][info][gc,heap        ] GC(235) ParOldGen: 3003602K(3003904K)->3003602K(3003904K)
[62.035s][info][gc,metaspace   ] GC(235) Metaspace: 6302K(6464K)->6302K(6464K) NonClass: 5769K(5824K)->5769K(5824K) Class: 533K(640K)->533K(640K)
[62.035s][info][gc             ] GC(235) Pause Full (Ergonomics) 2969M->2969M(3076M) 945.214ms
[62.035s][info][gc,cpu         ] GC(235) User=6.70s Sys=0.03s Real=0.95s
[62.036s][info][gc,start       ] GC(236) Pause Full (Ergonomics)
[62.036s][info][gc,phases,start] GC(236) Marking Phase
[62.729s][info][gc,phases      ] GC(236) Marking Phase 693.378ms
[62.729s][info][gc,phases,start] GC(236) Summary Phase
[62.729s][info][gc,phases      ] GC(236) Summary Phase 0.044ms
[62.729s][info][gc,phases,start] GC(236) Adjust Roots
[62.729s][info][gc,phases      ] GC(236) Adjust Roots 0.201ms
[62.729s][info][gc,phases,start] GC(236) Compaction Phase
[62.998s][info][gc,phases      ] GC(236) Compaction Phase 268.100ms
[62.998s][info][gc,phases,start] GC(236) Post Compact
[63.003s][info][gc,phases      ] GC(236) Post Compact 5.431ms
[63.003s][info][gc,heap        ] GC(236) PSYoungGen: 37373K(146432K)->37373K(146432K) Eden: 35840K(35840K)->35840K(35840K) From: 1533K(110592K)->1533K(110592K)
[63.003s][info][gc,heap        ] GC(236) ParOldGen: 3003607K(3003904K)->3003607K(3003904K)
[63.003s][info][gc,metaspace   ] GC(236) Metaspace: 6302K(6464K)->6302K(6464K) NonClass: 5769K(5824K)->5769K(5824K) Class: 533K(640K)->533K(640K)
[63.003s][info][gc             ] GC(236) Pause Full (Ergonomics) 2969M->2969M(3076M) 967.516ms
[63.003s][info][gc,cpu         ] GC(236) User=6.52s Sys=0.00s Real=0.97s
[63.003s][info][gc,start       ] GC(237) Pause Full (Ergonomics)
[63.003s][info][gc,phases,start] GC(237) Marking Phase
[63.696s][info][gc,phases      ] GC(237) Marking Phase 692.966ms
[63.696s][info][gc,phases,start] GC(237) Summary Phase
[63.697s][info][gc,phases      ] GC(237) Summary Phase 0.077ms
[63.697s][info][gc,phases,start] GC(237) Adjust Roots
[63.697s][info][gc,phases      ] GC(237) Adjust Roots 0.309ms
[63.697s][info][gc,phases,start] GC(237) Compaction Phase
[63.967s][info][gc,phases      ] GC(237) Compaction Phase 269.882ms
[63.967s][info][gc,phases,start] GC(237) Post Compact
[63.973s][info][gc,phases      ] GC(237) Post Compact 6.475ms
[63.973s][info][gc,heap        ] GC(237) PSYoungGen: 37373K(146432K)->37373K(146432K) Eden: 35840K(35840K)->35840K(35840K) From: 1533K(110592K)->1533K(110592K)
[63.973s][info][gc,heap        ] GC(237) ParOldGen: 3003612K(3003904K)->3003612K(3003904K)
[63.974s][info][gc,metaspace   ] GC(237) Metaspace: 6302K(6464K)->6302K(6464K) NonClass: 5769K(5824K)->5769K(5824K) Class: 533K(640K)->533K(640K)
[63.974s][info][gc             ] GC(237) Pause Full (Ergonomics) 2969M->2969M(3076M) 970.167ms
[63.974s][info][gc,cpu         ] GC(237) User=6.78s Sys=0.02s Real=0.97s
[63.974s][info][gc,start       ] GC(238) Pause Full (Ergonomics)
[63.974s][info][gc,phases,start] GC(238) Marking Phase
[64.693s][info][gc,phases      ] GC(238) Marking Phase 719.535ms
[64.693s][info][gc,phases,start] GC(238) Summary Phase
[64.693s][info][gc,phases      ] GC(238) Summary Phase 0.050ms
[64.693s][info][gc,phases,start] GC(238) Adjust Roots
[64.694s][info][gc,phases      ] GC(238) Adjust Roots 0.280ms
[64.694s][info][gc,phases,start] GC(238) Compaction Phase
[64.997s][info][gc,phases      ] GC(238) Compaction Phase 303.213ms
[64.997s][info][gc,phases,start] GC(238) Post Compact
[65.004s][info][gc,phases      ] GC(238) Post Compact 6.615ms
[65.004s][info][gc,heap        ] GC(238) PSYoungGen: 37373K(146432K)->37373K(146432K) Eden: 35840K(35840K)->35840K(35840K) From: 1533K(110592K)->1533K(110592K)
[65.004s][info][gc,heap        ] GC(238) ParOldGen: 3003616K(3003904K)->3003616K(3003904K)
[65.004s][info][gc,metaspace   ] GC(238) Metaspace: 6302K(6464K)->6302K(6464K) NonClass: 5769K(5824K)->5769K(5824K) Class: 533K(640K)->533K(640K)
[65.004s][info][gc             ] GC(238) Pause Full (Ergonomics) 2969M->2969M(3076M) 1030.102ms
[65.004s][info][gc,cpu         ] GC(238) User=6.73s Sys=0.02s Real=1.03s
[65.004s][info][gc,start       ] GC(239) Pause Full (Ergonomics)
[65.004s][info][gc,phases,start] GC(239) Marking Phase
[65.738s][info][gc,phases      ] GC(239) Marking Phase 733.768ms
[65.738s][info][gc,phases,start] GC(239) Summary Phase
[65.738s][info][gc,phases      ] GC(239) Summary Phase 0.089ms
[65.738s][info][gc,phases,start] GC(239) Adjust Roots
[65.738s][info][gc,phases      ] GC(239) Adjust Roots 0.268ms
[65.738s][info][gc,phases,start] GC(239) Compaction Phase
[66.012s][info][gc,phases      ] GC(239) Compaction Phase 273.366ms
[66.012s][info][gc,phases,start] GC(239) Post Compact
[66.018s][info][gc,phases      ] GC(239) Post Compact 6.262ms
[66.018s][info][gc,heap        ] GC(239) PSYoungGen: 37373K(146432K)->37373K(146432K) Eden: 35840K(35840K)->35840K(35840K) From: 1533K(110592K)->1533K(110592K)
[66.018s][info][gc,heap        ] GC(239) ParOldGen: 3003621K(3003904K)->3003621K(3003904K)
[66.018s][info][gc,metaspace   ] GC(239) Metaspace: 6302K(6464K)->6302K(6464K) NonClass: 5769K(5824K)->5769K(5824K) Class: 533K(640K)->533K(640K)
[66.018s][info][gc             ] GC(239) Pause Full (Ergonomics) 2969M->2969M(3076M) 1014.148ms
[66.018s][info][gc,cpu         ] GC(239) User=6.86s Sys=0.00s Real=1.01s
[66.019s][info][gc,start       ] GC(240) Pause Full (Ergonomics)
[66.019s][info][gc,phases,start] GC(240) Marking Phase
[66.902s][info][gc,phases      ] GC(240) Marking Phase 883.864ms
[66.902s][info][gc,phases,start] GC(240) Summary Phase
[66.903s][info][gc,phases      ] GC(240) Summary Phase 0.060ms
[66.903s][info][gc,phases,start] GC(240) Adjust Roots
[66.903s][info][gc,phases      ] GC(240) Adjust Roots 0.405ms
[66.903s][info][gc,phases,start] GC(240) Compaction Phase
[67.226s][info][gc,phases      ] GC(240) Compaction Phase 323.261ms
[67.226s][info][gc,phases,start] GC(240) Post Compact
[67.233s][info][gc,phases      ] GC(240) Post Compact 7.032ms
[67.234s][info][gc,heap        ] GC(240) PSYoungGen: 37373K(146432K)->37373K(146432K) Eden: 35840K(35840K)->35840K(35840K) From: 1533K(110592K)->1533K(110592K)
[67.234s][info][gc,heap        ] GC(240) ParOldGen: 3003626K(3003904K)->3003626K(3003904K)
[67.234s][info][gc,metaspace   ] GC(240) Metaspace: 6302K(6464K)->6302K(6464K) NonClass: 5769K(5824K)->5769K(5824K) Class: 533K(640K)->533K(640K)
[67.234s][info][gc             ] GC(240) Pause Full (Ergonomics) 2969M->2969M(3076M) 1215.087ms
[67.234s][info][gc,cpu         ] GC(240) User=6.56s Sys=0.02s Real=1.22s
[67.234s][info][gc,start       ] GC(241) Pause Full (Ergonomics)
[67.234s][info][gc,phases,start] GC(241) Marking Phase
[67.975s][info][gc,phases      ] GC(241) Marking Phase 741.185ms
[67.975s][info][gc,phases,start] GC(241) Summary Phase
[67.975s][info][gc,phases      ] GC(241) Summary Phase 0.072ms
[67.975s][info][gc,phases,start] GC(241) Adjust Roots
[67.976s][info][gc,phases      ] GC(241) Adjust Roots 0.323ms
[67.976s][info][gc,phases,start] GC(241) Compaction Phase
[68.282s][info][gc,phases      ] GC(241) Compaction Phase 306.409ms
[68.282s][info][gc,phases,start] GC(241) Post Compact
[68.289s][info][gc,phases      ] GC(241) Post Compact 7.135ms
[68.289s][info][gc,heap        ] GC(241) PSYoungGen: 37373K(146432K)->37373K(146432K) Eden: 35840K(35840K)->35840K(35840K) From: 1533K(110592K)->1533K(110592K)
[68.289s][info][gc,heap        ] GC(241) ParOldGen: 3003631K(3003904K)->3003631K(3003904K)
[68.290s][info][gc,metaspace   ] GC(241) Metaspace: 6302K(6464K)->6302K(6464K) NonClass: 5769K(5824K)->5769K(5824K) Class: 533K(640K)->533K(640K)
[68.290s][info][gc             ] GC(241) Pause Full (Ergonomics) 2969M->2969M(3076M) 1055.713ms
[68.290s][info][gc,cpu         ] GC(241) User=7.09s Sys=0.00s Real=1.06s
[68.290s][info][gc,start       ] GC(242) Pause Full (Ergonomics)
[68.290s][info][gc,phases,start] GC(242) Marking Phase
[69.066s][info][gc,phases      ] GC(242) Marking Phase 775.781ms
[69.066s][info][gc,phases,start] GC(242) Summary Phase
[69.066s][info][gc,phases      ] GC(242) Summary Phase 0.060ms
[69.066s][info][gc,phases,start] GC(242) Adjust Roots
[69.066s][info][gc,phases      ] GC(242) Adjust Roots 0.336ms
[69.066s][info][gc,phases,start] GC(242) Compaction Phase
[69.373s][info][gc,phases      ] GC(242) Compaction Phase 306.996ms
[69.373s][info][gc,phases,start] GC(242) Post Compact
[69.380s][info][gc,phases      ] GC(242) Post Compact 6.236ms
[69.380s][info][gc,heap        ] GC(242) PSYoungGen: 37373K(146432K)->37373K(146432K) Eden: 35840K(35840K)->35840K(35840K) From: 1533K(110592K)->1533K(110592K)
[69.380s][info][gc,heap        ] GC(242) ParOldGen: 3003636K(3003904K)->3003636K(3003904K)
[69.380s][info][gc,metaspace   ] GC(242) Metaspace: 6302K(6464K)->6302K(6464K) NonClass: 5769K(5824K)->5769K(5824K) Class: 533K(640K)->533K(640K)
[69.380s][info][gc             ] GC(242) Pause Full (Ergonomics) 2969M->2969M(3076M) 1089.841ms
[69.380s][info][gc,cpu         ] GC(242) User=6.94s Sys=0.00s Real=1.09s
[69.380s][info][gc,start       ] GC(243) Pause Full (Ergonomics)
[69.380s][info][gc,phases,start] GC(243) Marking Phase
[70.114s][info][gc,phases      ] GC(243) Marking Phase 733.715ms
[70.114s][info][gc,phases,start] GC(243) Summary Phase
[70.114s][info][gc,phases      ] GC(243) Summary Phase 0.062ms
[70.114s][info][gc,phases,start] GC(243) Adjust Roots
[70.114s][info][gc,phases      ] GC(243) Adjust Roots 0.335ms
[70.114s][info][gc,phases,start] GC(243) Compaction Phase
[70.471s][info][gc,phases      ] GC(243) Compaction Phase 357.199ms
[70.471s][info][gc,phases,start] GC(243) Post Compact
[70.479s][info][gc,phases      ] GC(243) Post Compact 7.179ms
[70.479s][info][gc,heap        ] GC(243) PSYoungGen: 37373K(146432K)->37373K(146432K) Eden: 35840K(35840K)->35840K(35840K) From: 1533K(110592K)->1533K(110592K)
[70.479s][info][gc,heap        ] GC(243) ParOldGen: 3003641K(3003904K)->3003641K(3003904K)
[70.479s][info][gc,metaspace   ] GC(243) Metaspace: 6302K(6464K)->6302K(6464K) NonClass: 5769K(5824K)->5769K(5824K) Class: 533K(640K)->533K(640K)
[70.479s][info][gc             ] GC(243) Pause Full (Ergonomics) 2969M->2969M(3076M) 1099.009ms
[70.479s][info][gc,cpu         ] GC(243) User=6.94s Sys=0.00s Real=1.10s
[70.479s][info][gc,start       ] GC(244) Pause Full (Ergonomics)
[70.479s][info][gc,phases,start] GC(244) Marking Phase
[71.216s][info][gc,phases      ] GC(244) Marking Phase 736.612ms
[71.216s][info][gc,phases,start] GC(244) Summary Phase
[71.216s][info][gc,phases      ] GC(244) Summary Phase 0.062ms
[71.216s][info][gc,phases,start] GC(244) Adjust Roots
[71.216s][info][gc,phases      ] GC(244) Adjust Roots 0.330ms
[71.216s][info][gc,phases,start] GC(244) Compaction Phase
[71.549s][info][gc,phases      ] GC(244) Compaction Phase 332.260ms
[71.549s][info][gc,phases,start] GC(244) Post Compact
[71.555s][info][gc,phases      ] GC(244) Post Compact 6.588ms
[71.555s][info][gc,heap        ] GC(244) PSYoungGen: 37373K(146432K)->37373K(146432K) Eden: 35840K(35840K)->35840K(35840K) From: 1533K(110592K)->1533K(110592K)
[71.555s][info][gc,heap        ] GC(244) ParOldGen: 3003645K(3003904K)->3003645K(3003904K)
[71.555s][info][gc,metaspace   ] GC(244) Metaspace: 6302K(6464K)->6302K(6464K) NonClass: 5769K(5824K)->5769K(5824K) Class: 533K(640K)->533K(640K)
[71.556s][info][gc             ] GC(244) Pause Full (Ergonomics) 2969M->2969M(3076M) 1076.342ms
[71.556s][info][gc,cpu         ] GC(244) User=7.06s Sys=0.02s Real=1.08s
[71.556s][info][gc,start       ] GC(245) Pause Full (Ergonomics)
[71.556s][info][gc,phases,start] GC(245) Marking Phase
[72.299s][info][gc,phases      ] GC(245) Marking Phase 743.285ms
[72.299s][info][gc,phases,start] GC(245) Summary Phase
[72.299s][info][gc,phases      ] GC(245) Summary Phase 0.059ms
[72.299s][info][gc,phases,start] GC(245) Adjust Roots
[72.300s][info][gc,phases      ] GC(245) Adjust Roots 0.377ms
[72.300s][info][gc,phases,start] GC(245) Compaction Phase
[72.604s][info][gc,phases      ] GC(245) Compaction Phase 304.461ms
[72.604s][info][gc,phases,start] GC(245) Post Compact
[72.614s][info][gc,phases      ] GC(245) Post Compact 10.001ms
[72.614s][info][gc,heap        ] GC(245) PSYoungGen: 37373K(146432K)->37373K(146432K) Eden: 35840K(35840K)->35840K(35840K) From: 1533K(110592K)->1533K(110592K)
[72.614s][info][gc,heap        ] GC(245) ParOldGen: 3003650K(3003904K)->3003650K(3003904K)
[72.614s][info][gc,metaspace   ] GC(245) Metaspace: 6302K(6464K)->6302K(6464K) NonClass: 5769K(5824K)->5769K(5824K) Class: 533K(640K)->533K(640K)
[72.615s][info][gc             ] GC(245) Pause Full (Ergonomics) 2969M->2969M(3076M) 1058.682ms
[72.615s][info][gc,cpu         ] GC(245) User=7.02s Sys=0.00s Real=1.06s
[72.616s][info][gc,start       ] GC(246) Pause Full (Ergonomics)
[72.616s][info][gc,phases,start] GC(246) Marking Phase
[73.379s][info][gc,phases      ] GC(246) Marking Phase 762.718ms
[73.379s][info][gc,phases,start] GC(246) Summary Phase
[73.379s][info][gc,phases      ] GC(246) Summary Phase 0.064ms
[73.379s][info][gc,phases,start] GC(246) Adjust Roots
[73.379s][info][gc,phases      ] GC(246) Adjust Roots 0.332ms
[73.379s][info][gc,phases,start] GC(246) Compaction Phase
[73.677s][info][gc,phases      ] GC(246) Compaction Phase 297.569ms
[73.677s][info][gc,phases,start] GC(246) Post Compact
[73.683s][info][gc,phases      ] GC(246) Post Compact 6.249ms
[73.683s][info][gc,heap        ] GC(246) PSYoungGen: 37373K(146432K)->37373K(146432K) Eden: 35840K(35840K)->35840K(35840K) From: 1533K(110592K)->1533K(110592K)
[73.683s][info][gc,heap        ] GC(246) ParOldGen: 3003655K(3003904K)->3003655K(3003904K)
[73.683s][info][gc,metaspace   ] GC(246) Metaspace: 6302K(6464K)->6302K(6464K) NonClass: 5769K(5824K)->5769K(5824K) Class: 533K(640K)->533K(640K)
[73.683s][info][gc             ] GC(246) Pause Full (Ergonomics) 2969M->2969M(3076M) 1067.345ms
[73.683s][info][gc,cpu         ] GC(246) User=6.83s Sys=0.02s Real=1.07s
[73.683s][info][gc,start       ] GC(247) Pause Full (Ergonomics)
[73.683s][info][gc,phases,start] GC(247) Marking Phase
[74.406s][info][gc,phases      ] GC(247) Marking Phase 722.341ms
[74.406s][info][gc,phases,start] GC(247) Summary Phase
[74.406s][info][gc,phases      ] GC(247) Summary Phase 0.067ms
[74.406s][info][gc,phases,start] GC(247) Adjust Roots
[74.406s][info][gc,phases      ] GC(247) Adjust Roots 0.339ms
[74.406s][info][gc,phases,start] GC(247) Compaction Phase
[74.704s][info][gc,phases      ] GC(247) Compaction Phase 297.465ms
[74.704s][info][gc,phases,start] GC(247) Post Compact
[74.711s][info][gc,phases      ] GC(247) Post Compact 6.818ms
[74.711s][info][gc,heap        ] GC(247) PSYoungGen: 37373K(146432K)->37373K(146432K) Eden: 35840K(35840K)->35840K(35840K) From: 1533K(110592K)->1533K(110592K)
[74.711s][info][gc,heap        ] GC(247) ParOldGen: 3003660K(3003904K)->3003660K(3003904K)
[74.711s][info][gc,metaspace   ] GC(247) Metaspace: 6302K(6464K)->6302K(6464K) NonClass: 5769K(5824K)->5769K(5824K) Class: 533K(640K)->533K(640K)
[74.711s][info][gc             ] GC(247) Pause Full (Ergonomics) 2969M->2969M(3076M) 1027.495ms
[74.711s][info][gc,cpu         ] GC(247) User=6.89s Sys=0.02s Real=1.03s
[74.711s][info][gc,start       ] GC(248) Pause Full (Ergonomics)
[74.711s][info][gc,phases,start] GC(248) Marking Phase
[75.448s][info][gc,phases      ] GC(248) Marking Phase 737.216ms
[75.448s][info][gc,phases,start] GC(248) Summary Phase
[75.448s][info][gc,phases      ] GC(248) Summary Phase 0.074ms
[75.448s][info][gc,phases,start] GC(248) Adjust Roots
[75.449s][info][gc,phases      ] GC(248) Adjust Roots 0.315ms
[75.449s][info][gc,phases,start] GC(248) Compaction Phase
[75.756s][info][gc,phases      ] GC(248) Compaction Phase 307.272ms
[75.756s][info][gc,phases,start] GC(248) Post Compact
[75.764s][info][gc,phases      ] GC(248) Post Compact 8.214ms
[75.765s][info][gc,heap        ] GC(248) PSYoungGen: 37373K(146432K)->37373K(146432K) Eden: 35840K(35840K)->35840K(35840K) From: 1533K(110592K)->1533K(110592K)
[75.765s][info][gc,heap        ] GC(248) ParOldGen: 3003665K(3003904K)->3003665K(3003904K)
[75.765s][info][gc,metaspace   ] GC(248) Metaspace: 6302K(6464K)->6302K(6464K) NonClass: 5769K(5824K)->5769K(5824K) Class: 533K(640K)->533K(640K)
[75.765s][info][gc             ] GC(248) Pause Full (Ergonomics) 2969M->2969M(3076M) 1053.600ms
[75.765s][info][gc,cpu         ] GC(248) User=6.92s Sys=0.00s Real=1.05s
[75.765s][info][gc,start       ] GC(249) Pause Full (Ergonomics)
[75.765s][info][gc,phases,start] GC(249) Marking Phase
[76.544s][info][gc,phases      ] GC(249) Marking Phase 778.846ms
[76.544s][info][gc,phases,start] GC(249) Summary Phase
[76.544s][info][gc,phases      ] GC(249) Summary Phase 0.057ms
[76.544s][info][gc,phases,start] GC(249) Adjust Roots
[76.544s][info][gc,phases      ] GC(249) Adjust Roots 0.298ms
[76.544s][info][gc,phases,start] GC(249) Compaction Phase
[76.843s][info][gc,phases      ] GC(249) Compaction Phase 299.004ms
[76.843s][info][gc,phases,start] GC(249) Post Compact
[76.850s][info][gc,phases      ] GC(249) Post Compact 6.246ms
[76.850s][info][gc,heap        ] GC(249) PSYoungGen: 37373K(146432K)->37373K(146432K) Eden: 35840K(35840K)->35840K(35840K) From: 1533K(110592K)->1533K(110592K)
[76.850s][info][gc,heap        ] GC(249) ParOldGen: 3003670K(3003904K)->3003670K(3003904K)
[76.850s][info][gc,metaspace   ] GC(249) Metaspace: 6302K(6464K)->6302K(6464K) NonClass: 5769K(5824K)->5769K(5824K) Class: 533K(640K)->533K(640K)
[76.850s][info][gc             ] GC(249) Pause Full (Ergonomics) 2969M->2969M(3076M) 1084.887ms
[76.850s][info][gc,cpu         ] GC(249) User=7.12s Sys=0.00s Real=1.09s
[76.850s][info][gc,start       ] GC(250) Pause Full (Ergonomics)
[76.850s][info][gc,phases,start] GC(250) Marking Phase
[77.610s][info][gc,phases      ] GC(250) Marking Phase 759.439ms
[77.610s][info][gc,phases,start] GC(250) Summary Phase
[77.610s][info][gc,phases      ] GC(250) Summary Phase 0.086ms
[77.610s][info][gc,phases,start] GC(250) Adjust Roots
[77.610s][info][gc,phases      ] GC(250) Adjust Roots 0.310ms
[77.610s][info][gc,phases,start] GC(250) Compaction Phase
[77.926s][info][gc,phases      ] GC(250) Compaction Phase 316.247ms
[77.926s][info][gc,phases,start] GC(250) Post Compact
[77.933s][info][gc,phases      ] GC(250) Post Compact 6.612ms
[77.933s][info][gc,heap        ] GC(250) PSYoungGen: 37373K(146432K)->37373K(146432K) Eden: 35840K(35840K)->35840K(35840K) From: 1533K(110592K)->1533K(110592K)
[77.933s][info][gc,heap        ] GC(250) ParOldGen: 3003674K(3003904K)->3003674K(3003904K)
[77.933s][info][gc,metaspace   ] GC(250) Metaspace: 6302K(6464K)->6302K(6464K) NonClass: 5769K(5824K)->5769K(5824K) Class: 533K(640K)->533K(640K)
[77.933s][info][gc             ] GC(250) Pause Full (Ergonomics) 2969M->2969M(3076M) 1083.255ms
[77.933s][info][gc,cpu         ] GC(250) User=7.06s Sys=0.02s Real=1.08s
[77.934s][info][gc,start       ] GC(251) Pause Full (Ergonomics)
[77.934s][info][gc,phases,start] GC(251) Marking Phase
[78.671s][info][gc,phases      ] GC(251) Marking Phase 737.790ms
[78.672s][info][gc,phases,start] GC(251) Summary Phase
[78.672s][info][gc,phases      ] GC(251) Summary Phase 0.071ms
[78.672s][info][gc,phases,start] GC(251) Adjust Roots
[78.672s][info][gc,phases      ] GC(251) Adjust Roots 0.335ms
[78.672s][info][gc,phases,start] GC(251) Compaction Phase
[78.993s][info][gc,phases      ] GC(251) Compaction Phase 321.375ms
[78.994s][info][gc,phases,start] GC(251) Post Compact
[79.001s][info][gc,phases      ] GC(251) Post Compact 7.229ms
[79.001s][info][gc,heap        ] GC(251) PSYoungGen: 37373K(146432K)->37373K(146432K) Eden: 35840K(35840K)->35840K(35840K) From: 1533K(110592K)->1533K(110592K)
[79.001s][info][gc,heap        ] GC(251) ParOldGen: 3003679K(3003904K)->3003679K(3003904K)
[79.001s][info][gc,metaspace   ] GC(251) Metaspace: 6302K(6464K)->6302K(6464K) NonClass: 5769K(5824K)->5769K(5824K) Class: 533K(640K)->533K(640K)
[79.001s][info][gc             ] GC(251) Pause Full (Ergonomics) 2969M->2969M(3076M) 1067.328ms
[79.001s][info][gc,cpu         ] GC(251) User=7.16s Sys=0.02s Real=1.07s
[79.001s][info][gc,start       ] GC(252) Pause Full (Ergonomics)
[79.001s][info][gc,phases,start] GC(252) Marking Phase
[79.805s][info][gc,phases      ] GC(252) Marking Phase 803.858ms
[79.805s][info][gc,phases,start] GC(252) Summary Phase
[79.805s][info][gc,phases      ] GC(252) Summary Phase 0.065ms
[79.805s][info][gc,phases,start] GC(252) Adjust Roots
[79.806s][info][gc,phases      ] GC(252) Adjust Roots 0.284ms
[79.806s][info][gc,phases,start] GC(252) Compaction Phase
[80.089s][info][gc,phases      ] GC(252) Compaction Phase 283.805ms
[80.089s][info][gc,phases,start] GC(252) Post Compact
[80.096s][info][gc,phases      ] GC(252) Post Compact 6.199ms
[80.096s][info][gc,heap        ] GC(252) PSYoungGen: 37373K(146432K)->37373K(146432K) Eden: 35840K(35840K)->35840K(35840K) From: 1533K(110592K)->1533K(110592K)
[80.096s][info][gc,heap        ] GC(252) ParOldGen: 3003684K(3003904K)->3003684K(3003904K)
[80.096s][info][gc,metaspace   ] GC(252) Metaspace: 6302K(6464K)->6302K(6464K) NonClass: 5769K(5824K)->5769K(5824K) Class: 533K(640K)->533K(640K)
[80.096s][info][gc             ] GC(252) Pause Full (Ergonomics) 2969M->2969M(3076M) 1094.618ms
[80.096s][info][gc,cpu         ] GC(252) User=6.95s Sys=0.02s Real=1.09s
[80.096s][info][gc,start       ] GC(253) Pause Full (Ergonomics)
[80.096s][info][gc,phases,start] GC(253) Marking Phase
[80.815s][info][gc,phases      ] GC(253) Marking Phase 719.077ms
[80.815s][info][gc,phases,start] GC(253) Summary Phase
[80.815s][info][gc,phases      ] GC(253) Summary Phase 0.076ms
[80.815s][info][gc,phases,start] GC(253) Adjust Roots
[80.816s][info][gc,phases      ] GC(253) Adjust Roots 0.305ms
[80.816s][info][gc,phases,start] GC(253) Compaction Phase
[81.107s][info][gc,phases      ] GC(253) Compaction Phase 291.000ms
[81.107s][info][gc,phases,start] GC(253) Post Compact
[81.112s][info][gc,phases      ] GC(253) Post Compact 5.489ms
[81.112s][info][gc,heap        ] GC(253) PSYoungGen: 37373K(146432K)->37373K(146432K) Eden: 35840K(35840K)->35840K(35840K) From: 1533K(110592K)->1533K(110592K)
[81.112s][info][gc,heap        ] GC(253) ParOldGen: 3003689K(3003904K)->3003689K(3003904K)
[81.112s][info][gc,metaspace   ] GC(253) Metaspace: 6302K(6464K)->6302K(6464K) NonClass: 5769K(5824K)->5769K(5824K) Class: 533K(640K)->533K(640K)
[81.112s][info][gc             ] GC(253) Pause Full (Ergonomics) 2969M->2969M(3076M) 1016.354ms
[81.112s][info][gc,cpu         ] GC(253) User=7.12s Sys=0.00s Real=1.02s
[81.113s][info][gc,start       ] GC(254) Pause Full (Ergonomics)
[81.113s][info][gc,phases,start] GC(254) Marking Phase
[81.829s][info][gc,phases      ] GC(254) Marking Phase 715.863ms
[81.829s][info][gc,phases,start] GC(254) Summary Phase
[81.829s][info][gc,phases      ] GC(254) Summary Phase 0.062ms
[81.829s][info][gc,phases,start] GC(254) Adjust Roots
[81.829s][info][gc,phases      ] GC(254) Adjust Roots 0.250ms
[81.829s][info][gc,phases,start] GC(254) Compaction Phase
[82.101s][info][gc,phases      ] GC(254) Compaction Phase 272.485ms
[82.101s][info][gc,phases,start] GC(254) Post Compact
[82.109s][info][gc,phases      ] GC(254) Post Compact 7.030ms
[82.109s][info][gc,heap        ] GC(254) PSYoungGen: 37373K(146432K)->37373K(146432K) Eden: 35840K(35840K)->35840K(35840K) From: 1533K(110592K)->1533K(110592K)
[82.109s][info][gc,heap        ] GC(254) ParOldGen: 3003694K(3003904K)->3003694K(3003904K)
[82.109s][info][gc,metaspace   ] GC(254) Metaspace: 6302K(6464K)->6302K(6464K) NonClass: 5769K(5824K)->5769K(5824K) Class: 533K(640K)->533K(640K)
[82.109s][info][gc             ] GC(254) Pause Full (Ergonomics) 2969M->2969M(3076M) 996.110ms
[82.109s][info][gc,cpu         ] GC(254) User=6.94s Sys=0.00s Real=1.00s
[82.109s][info][gc,start       ] GC(255) Pause Full (Ergonomics)
[82.109s][info][gc,phases,start] GC(255) Marking Phase
[82.831s][info][gc,phases      ] GC(255) Marking Phase 721.888ms
[82.831s][info][gc,phases,start] GC(255) Summary Phase
[82.831s][info][gc,phases      ] GC(255) Summary Phase 0.057ms
[82.831s][info][gc,phases,start] GC(255) Adjust Roots
[82.831s][info][gc,phases      ] GC(255) Adjust Roots 0.281ms
[82.831s][info][gc,phases,start] GC(255) Compaction Phase
[83.103s][info][gc,phases      ] GC(255) Compaction Phase 271.492ms
[83.103s][info][gc,phases,start] GC(255) Post Compact
[83.110s][info][gc,phases      ] GC(255) Post Compact 6.758ms
[83.110s][info][gc,heap        ] GC(255) PSYoungGen: 37373K(146432K)->37373K(146432K) Eden: 35840K(35840K)->35840K(35840K) From: 1533K(110592K)->1533K(110592K)
[83.110s][info][gc,heap        ] GC(255) ParOldGen: 3003699K(3003904K)->3003699K(3003904K)
[83.110s][info][gc,metaspace   ] GC(255) Metaspace: 6302K(6464K)->6302K(6464K) NonClass: 5769K(5824K)->5769K(5824K) Class: 533K(640K)->533K(640K)
[83.110s][info][gc             ] GC(255) Pause Full (Ergonomics) 2969M->2969M(3076M) 1000.914ms
[83.110s][info][gc,cpu         ] GC(255) User=6.98s Sys=0.00s Real=1.00s
[83.110s][info][gc,start       ] GC(256) Pause Full (Ergonomics)
[83.110s][info][gc,phases,start] GC(256) Marking Phase
[83.851s][info][gc,phases      ] GC(256) Marking Phase 740.774ms
[83.851s][info][gc,phases,start] GC(256) Summary Phase
[83.851s][info][gc,phases      ] GC(256) Summary Phase 0.069ms
[83.851s][info][gc,phases,start] GC(256) Adjust Roots
[83.851s][info][gc,phases      ] GC(256) Adjust Roots 0.287ms
[83.851s][info][gc,phases,start] GC(256) Compaction Phase
[84.160s][info][gc,phases      ] GC(256) Compaction Phase 309.013ms
[84.160s][info][gc,phases,start] GC(256) Post Compact
[84.166s][info][gc,phases      ] GC(256) Post Compact 5.934ms
[84.166s][info][gc,heap        ] GC(256) PSYoungGen: 37373K(146432K)->37373K(146432K) Eden: 35840K(35840K)->35840K(35840K) From: 1533K(110592K)->1533K(110592K)
[84.167s][info][gc,heap        ] GC(256) ParOldGen: 3003703K(3003904K)->3003703K(3003904K)
[84.167s][info][gc,metaspace   ] GC(256) Metaspace: 6302K(6464K)->6302K(6464K) NonClass: 5769K(5824K)->5769K(5824K) Class: 533K(640K)->533K(640K)
[84.167s][info][gc             ] GC(256) Pause Full (Ergonomics) 2969M->2969M(3076M) 1056.455ms
[84.167s][info][gc,cpu         ] GC(256) User=7.05s Sys=0.00s Real=1.06s
[84.167s][info][gc,start       ] GC(257) Pause Full (Ergonomics)
[84.167s][info][gc,phases,start] GC(257) Marking Phase
[84.882s][info][gc,phases      ] GC(257) Marking Phase 714.988ms
[84.882s][info][gc,phases,start] GC(257) Summary Phase
[84.882s][info][gc,phases      ] GC(257) Summary Phase 0.077ms
[84.882s][info][gc,phases,start] GC(257) Adjust Roots
[84.882s][info][gc,phases      ] GC(257) Adjust Roots 0.322ms
[84.882s][info][gc,phases,start] GC(257) Compaction Phase
[85.160s][info][gc,phases      ] GC(257) Compaction Phase 277.553ms
[85.160s][info][gc,phases,start] GC(257) Post Compact
[85.166s][info][gc,phases      ] GC(257) Post Compact 6.070ms
[85.166s][info][gc,heap        ] GC(257) PSYoungGen: 37373K(146432K)->37373K(146432K) Eden: 35840K(35840K)->35840K(35840K) From: 1533K(110592K)->1533K(110592K)
[85.166s][info][gc,heap        ] GC(257) ParOldGen: 3003708K(3003904K)->3003708K(3003904K)
[85.166s][info][gc,metaspace   ] GC(257) Metaspace: 6302K(6464K)->6302K(6464K) NonClass: 5769K(5824K)->5769K(5824K) Class: 533K(640K)->533K(640K)
[85.166s][info][gc             ] GC(257) Pause Full (Ergonomics) 2969M->2969M(3076M) 999.482ms
[85.166s][info][gc,cpu         ] GC(257) User=7.03s Sys=0.02s Real=1.00s
[85.166s][info][gc,start       ] GC(258) Pause Full (Ergonomics)
[85.166s][info][gc,phases,start] GC(258) Marking Phase
[85.860s][info][gc,phases      ] GC(258) Marking Phase 693.958ms
[85.861s][info][gc,phases,start] GC(258) Summary Phase
[85.861s][info][gc,phases      ] GC(258) Summary Phase 0.045ms
[85.861s][info][gc,phases,start] GC(258) Adjust Roots
[85.861s][info][gc,phases      ] GC(258) Adjust Roots 0.198ms
[85.861s][info][gc,phases,start] GC(258) Compaction Phase
[86.119s][info][gc,phases      ] GC(258) Compaction Phase 258.068ms
[86.119s][info][gc,phases,start] GC(258) Post Compact
[86.124s][info][gc,phases      ] GC(258) Post Compact 5.547ms
[86.125s][info][gc,heap        ] GC(258) PSYoungGen: 37373K(146432K)->37373K(146432K) Eden: 35840K(35840K)->35840K(35840K) From: 1533K(110592K)->1533K(110592K)
[86.125s][info][gc,heap        ] GC(258) ParOldGen: 3003713K(3003904K)->3003713K(3003904K)
[86.125s][info][gc,metaspace   ] GC(258) Metaspace: 6302K(6464K)->6302K(6464K) NonClass: 5769K(5824K)->5769K(5824K) Class: 533K(640K)->533K(640K)
[86.125s][info][gc             ] GC(258) Pause Full (Ergonomics) 2969M->2969M(3076M) 958.178ms
[86.125s][info][gc,cpu         ] GC(258) User=6.83s Sys=0.00s Real=0.96s
[86.125s][info][gc,start       ] GC(259) Pause Full (Ergonomics)
[86.125s][info][gc,phases,start] GC(259) Marking Phase
[86.820s][info][gc,phases      ] GC(259) Marking Phase 695.557ms
[86.820s][info][gc,phases,start] GC(259) Summary Phase
[86.821s][info][gc,phases      ] GC(259) Summary Phase 0.039ms
[86.821s][info][gc,phases,start] GC(259) Adjust Roots
[86.821s][info][gc,phases      ] GC(259) Adjust Roots 0.222ms
[86.821s][info][gc,phases,start] GC(259) Compaction Phase
[87.100s][info][gc,phases      ] GC(259) Compaction Phase 279.058ms
[87.100s][info][gc,phases,start] GC(259) Post Compact
[87.106s][info][gc,phases      ] GC(259) Post Compact 6.379ms
[87.106s][info][gc,heap        ] GC(259) PSYoungGen: 37373K(146432K)->37373K(146432K) Eden: 35840K(35840K)->35840K(35840K) From: 1533K(110592K)->1533K(110592K)
[87.106s][info][gc,heap        ] GC(259) ParOldGen: 3003718K(3003904K)->3003718K(3003904K)
[87.106s][info][gc,metaspace   ] GC(259) Metaspace: 6302K(6464K)->6302K(6464K) NonClass: 5769K(5824K)->5769K(5824K) Class: 533K(640K)->533K(640K)
[87.106s][info][gc             ] GC(259) Pause Full (Ergonomics) 2969M->2969M(3076M) 981.614ms
[87.106s][info][gc,cpu         ] GC(259) User=6.75s Sys=0.06s Real=0.98s
[87.107s][info][gc,start       ] GC(260) Pause Full (Ergonomics)
[87.107s][info][gc,phases,start] GC(260) Marking Phase
[87.813s][info][gc,phases      ] GC(260) Marking Phase 706.534ms
[87.813s][info][gc,phases,start] GC(260) Summary Phase
[87.813s][info][gc,phases      ] GC(260) Summary Phase 0.054ms
[87.813s][info][gc,phases,start] GC(260) Adjust Roots
[87.814s][info][gc,phases      ] GC(260) Adjust Roots 0.302ms
[87.814s][info][gc,phases,start] GC(260) Compaction Phase
[88.091s][info][gc,phases      ] GC(260) Compaction Phase 277.523ms
[88.091s][info][gc,phases,start] GC(260) Post Compact
[88.097s][info][gc,phases      ] GC(260) Post Compact 6.091ms
[88.097s][info][gc,heap        ] GC(260) PSYoungGen: 37373K(146432K)->37373K(146432K) Eden: 35840K(35840K)->35840K(35840K) From: 1533K(110592K)->1533K(110592K)
[88.097s][info][gc,heap        ] GC(260) ParOldGen: 3003723K(3003904K)->3003723K(3003904K)
[88.098s][info][gc,metaspace   ] GC(260) Metaspace: 6302K(6464K)->6302K(6464K) NonClass: 5769K(5824K)->5769K(5824K) Class: 533K(640K)->533K(640K)
[88.098s][info][gc             ] GC(260) Pause Full (Ergonomics) 2969M->2969M(3076M) 990.873ms
[88.098s][info][gc,cpu         ] GC(260) User=6.98s Sys=0.02s Real=0.99s
[88.098s][info][gc,start       ] GC(261) Pause Full (Ergonomics)
[88.098s][info][gc,phases,start] GC(261) Marking Phase
[88.844s][info][gc,phases      ] GC(261) Marking Phase 746.081ms
[88.844s][info][gc,phases,start] GC(261) Summary Phase
[88.844s][info][gc,phases      ] GC(261) Summary Phase 0.046ms
[88.844s][info][gc,phases,start] GC(261) Adjust Roots
[88.844s][info][gc,phases      ] GC(261) Adjust Roots 0.228ms
[88.844s][info][gc,phases,start] GC(261) Compaction Phase
[89.106s][info][gc,phases      ] GC(261) Compaction Phase 261.952ms
[89.106s][info][gc,phases,start] GC(261) Post Compact
[89.113s][info][gc,phases      ] GC(261) Post Compact 6.450ms
[89.113s][info][gc,heap        ] GC(261) PSYoungGen: 37373K(146432K)->37373K(146432K) Eden: 35840K(35840K)->35840K(35840K) From: 1533K(110592K)->1533K(110592K)
[89.113s][info][gc,heap        ] GC(261) ParOldGen: 3003728K(3003904K)->3003728K(3003904K)
[89.113s][info][gc,metaspace   ] GC(261) Metaspace: 6302K(6464K)->6302K(6464K) NonClass: 5769K(5824K)->5769K(5824K) Class: 533K(640K)->533K(640K)
[89.113s][info][gc             ] GC(261) Pause Full (Ergonomics) 2969M->2969M(3076M) 1015.189ms
[89.113s][info][gc,cpu         ] GC(261) User=6.64s Sys=0.00s Real=1.02s
[89.113s][info][gc,start       ] GC(262) Pause Full (Ergonomics)
[89.113s][info][gc,phases,start] GC(262) Marking Phase
[89.820s][info][gc,phases      ] GC(262) Marking Phase 707.113ms
[89.820s][info][gc,phases,start] GC(262) Summary Phase
[89.821s][info][gc,phases      ] GC(262) Summary Phase 0.063ms
[89.821s][info][gc,phases,start] GC(262) Adjust Roots
[89.821s][info][gc,phases      ] GC(262) Adjust Roots 0.496ms
[89.821s][info][gc,phases,start] GC(262) Compaction Phase
[90.097s][info][gc,phases      ] GC(262) Compaction Phase 276.348ms
[90.098s][info][gc,phases,start] GC(262) Post Compact
[90.103s][info][gc,phases      ] GC(262) Post Compact 5.948ms
[90.104s][info][gc,heap        ] GC(262) PSYoungGen: 37373K(146432K)->37373K(146432K) Eden: 35840K(35840K)->35840K(35840K) From: 1533K(110592K)->1533K(110592K)
[90.104s][info][gc,heap        ] GC(262) ParOldGen: 3003732K(3003904K)->3003732K(3003904K)
[90.104s][info][gc,metaspace   ] GC(262) Metaspace: 6302K(6464K)->6302K(6464K) NonClass: 5769K(5824K)->5769K(5824K) Class: 533K(640K)->533K(640K)
[90.104s][info][gc             ] GC(262) Pause Full (Ergonomics) 2969M->2969M(3076M) 990.395ms
[90.104s][info][gc,cpu         ] GC(262) User=6.83s Sys=0.00s Real=0.99s
[90.104s][info][gc,start       ] GC(263) Pause Full (Ergonomics)
[90.104s][info][gc,phases,start] GC(263) Marking Phase
[90.817s][info][gc,phases      ] GC(263) Marking Phase 713.262ms
[90.817s][info][gc,phases,start] GC(263) Summary Phase
[90.817s][info][gc,phases      ] GC(263) Summary Phase 0.041ms
[90.817s][info][gc,phases,start] GC(263) Adjust Roots
[90.817s][info][gc,phases      ] GC(263) Adjust Roots 0.189ms
[90.818s][info][gc,phases,start] GC(263) Compaction Phase
[91.080s][info][gc,phases      ] GC(263) Compaction Phase 262.803ms
[91.080s][info][gc,phases,start] GC(263) Post Compact
[91.086s][info][gc,phases      ] GC(263) Post Compact 5.293ms
[91.086s][info][gc,heap        ] GC(263) PSYoungGen: 37373K(146432K)->37373K(146432K) Eden: 35840K(35840K)->35840K(35840K) From: 1533K(110592K)->1533K(110592K)
[91.086s][info][gc,heap        ] GC(263) ParOldGen: 3003737K(3003904K)->3003737K(3003904K)
[91.086s][info][gc,metaspace   ] GC(263) Metaspace: 6302K(6464K)->6302K(6464K) NonClass: 5769K(5824K)->5769K(5824K) Class: 533K(640K)->533K(640K)
[91.086s][info][gc             ] GC(263) Pause Full (Ergonomics) 2969M->2969M(3076M) 981.945ms
[91.086s][info][gc,cpu         ] GC(263) User=6.98s Sys=0.00s Real=0.98s
[91.086s][info][gc,start       ] GC(264) Pause Full (Ergonomics)
[91.086s][info][gc,phases,start] GC(264) Marking Phase
[91.789s][info][gc,phases      ] GC(264) Marking Phase 702.968ms
[91.789s][info][gc,phases,start] GC(264) Summary Phase
[91.789s][info][gc,phases      ] GC(264) Summary Phase 0.039ms
[91.789s][info][gc,phases,start] GC(264) Adjust Roots
[91.789s][info][gc,phases      ] GC(264) Adjust Roots 0.175ms
[91.789s][info][gc,phases,start] GC(264) Compaction Phase
[92.067s][info][gc,phases      ] GC(264) Compaction Phase 277.821ms
[92.067s][info][gc,phases,start] GC(264) Post Compact
[92.073s][info][gc,phases      ] GC(264) Post Compact 5.486ms
[92.073s][info][gc,heap        ] GC(264) PSYoungGen: 37373K(146432K)->37373K(146432K) Eden: 35840K(35840K)->35840K(35840K) From: 1533K(110592K)->1533K(110592K)
[92.073s][info][gc,heap        ] GC(264) ParOldGen: 3003742K(3003904K)->3003742K(3003904K)
[92.073s][info][gc,metaspace   ] GC(264) Metaspace: 6302K(6464K)->6302K(6464K) NonClass: 5769K(5824K)->5769K(5824K) Class: 533K(640K)->533K(640K)
[92.073s][info][gc             ] GC(264) Pause Full (Ergonomics) 2969M->2969M(3076M) 986.872ms
[92.073s][info][gc,cpu         ] GC(264) User=6.73s Sys=0.02s Real=0.99s
[92.073s][info][gc,start       ] GC(265) Pause Full (Ergonomics)
[92.073s][info][gc,phases,start] GC(265) Marking Phase
[92.774s][info][gc,phases      ] GC(265) Marking Phase 700.740ms
[92.774s][info][gc,phases,start] GC(265) Summary Phase
[92.774s][info][gc,phases      ] GC(265) Summary Phase 0.046ms
[92.774s][info][gc,phases,start] GC(265) Adjust Roots
[92.774s][info][gc,phases      ] GC(265) Adjust Roots 0.243ms
[92.774s][info][gc,phases,start] GC(265) Compaction Phase
[93.036s][info][gc,phases      ] GC(265) Compaction Phase 262.125ms
[93.036s][info][gc,phases,start] GC(265) Post Compact
[93.042s][info][gc,phases      ] GC(265) Post Compact 5.734ms
[93.042s][info][gc,heap        ] GC(265) PSYoungGen: 37373K(146432K)->37373K(146432K) Eden: 35840K(35840K)->35840K(35840K) From: 1533K(110592K)->1533K(110592K)
[93.042s][info][gc,heap        ] GC(265) ParOldGen: 3003747K(3003904K)->3003747K(3003904K)
[93.042s][info][gc,metaspace   ] GC(265) Metaspace: 6302K(6464K)->6302K(6464K) NonClass: 5769K(5824K)->5769K(5824K) Class: 533K(640K)->533K(640K)
[93.042s][info][gc             ] GC(265) Pause Full (Ergonomics) 2969M->2969M(3076M) 969.279ms
[93.042s][info][gc,cpu         ] GC(265) User=6.78s Sys=0.00s Real=0.97s
[93.043s][info][gc,start       ] GC(266) Pause Full (Ergonomics)
[93.043s][info][gc,phases,start] GC(266) Marking Phase
[93.754s][info][gc,phases      ] GC(266) Marking Phase 711.217ms
[93.754s][info][gc,phases,start] GC(266) Summary Phase
[93.754s][info][gc,phases      ] GC(266) Summary Phase 0.049ms
[93.754s][info][gc,phases,start] GC(266) Adjust Roots
[93.754s][info][gc,phases      ] GC(266) Adjust Roots 0.288ms
[93.754s][info][gc,phases,start] GC(266) Compaction Phase
[94.012s][info][gc,phases      ] GC(266) Compaction Phase 257.688ms
[94.012s][info][gc,phases,start] GC(266) Post Compact
[94.017s][info][gc,phases      ] GC(266) Post Compact 5.289ms
[94.018s][info][gc,heap        ] GC(266) PSYoungGen: 37373K(146432K)->37373K(146432K) Eden: 35840K(35840K)->35840K(35840K) From: 1533K(110592K)->1533K(110592K)
[94.018s][info][gc,heap        ] GC(266) ParOldGen: 3003752K(3003904K)->3003752K(3003904K)
[94.018s][info][gc,metaspace   ] GC(266) Metaspace: 6302K(6464K)->6302K(6464K) NonClass: 5769K(5824K)->5769K(5824K) Class: 533K(640K)->533K(640K)
[94.018s][info][gc             ] GC(266) Pause Full (Ergonomics) 2969M->2969M(3076M) 974.922ms
[94.018s][info][gc,cpu         ] GC(266) User=6.91s Sys=0.00s Real=0.97s
[94.018s][info][gc,start       ] GC(267) Pause Full (Ergonomics)
[94.018s][info][gc,phases,start] GC(267) Marking Phase
[94.724s][info][gc,phases      ] GC(267) Marking Phase 705.671ms
[94.724s][info][gc,phases,start] GC(267) Summary Phase
[94.724s][info][gc,phases      ] GC(267) Summary Phase 0.057ms
[94.724s][info][gc,phases,start] GC(267) Adjust Roots
[94.724s][info][gc,phases      ] GC(267) Adjust Roots 0.272ms
[94.724s][info][gc,phases,start] GC(267) Compaction Phase
[95.013s][info][gc,phases      ] GC(267) Compaction Phase 289.307ms
[95.013s][info][gc,phases,start] GC(267) Post Compact
[95.019s][info][gc,phases      ] GC(267) Post Compact 5.547ms
[95.019s][info][gc,heap        ] GC(267) PSYoungGen: 37373K(146432K)->37373K(146432K) Eden: 35840K(35840K)->35840K(35840K) From: 1533K(110592K)->1533K(110592K)
[95.019s][info][gc,heap        ] GC(267) ParOldGen: 3003757K(3003904K)->3003757K(3003904K)
[95.019s][info][gc,metaspace   ] GC(267) Metaspace: 6302K(6464K)->6302K(6464K) NonClass: 5769K(5824K)->5769K(5824K) Class: 533K(640K)->533K(640K)
[95.019s][info][gc             ] GC(267) Pause Full (Ergonomics) 2969M->2969M(3076M) 1001.291ms
[95.019s][info][gc,cpu         ] GC(267) User=6.92s Sys=0.00s Real=1.00s
[95.019s][info][gc,start       ] GC(268) Pause Full (Ergonomics)
[95.019s][info][gc,phases,start] GC(268) Marking Phase
[95.722s][info][gc,phases      ] GC(268) Marking Phase 702.430ms
[95.722s][info][gc,phases,start] GC(268) Summary Phase
[95.722s][info][gc,phases      ] GC(268) Summary Phase 0.045ms
[95.722s][info][gc,phases,start] GC(268) Adjust Roots
[95.722s][info][gc,phases      ] GC(268) Adjust Roots 0.252ms
[95.722s][info][gc,phases,start] GC(268) Compaction Phase
[95.993s][info][gc,phases      ] GC(268) Compaction Phase 270.368ms
[95.993s][info][gc,phases,start] GC(268) Post Compact
[95.998s][info][gc,phases      ] GC(268) Post Compact 5.700ms
[95.998s][info][gc,heap        ] GC(268) PSYoungGen: 37373K(146432K)->37373K(146432K) Eden: 35840K(35840K)->35840K(35840K) From: 1533K(110592K)->1533K(110592K)
[95.998s][info][gc,heap        ] GC(268) ParOldGen: 3003761K(3003904K)->3003761K(3003904K)
[95.998s][info][gc,metaspace   ] GC(268) Metaspace: 6302K(6464K)->6302K(6464K) NonClass: 5769K(5824K)->5769K(5824K) Class: 533K(640K)->533K(640K)
[95.999s][info][gc             ] GC(268) Pause Full (Ergonomics) 2969M->2969M(3076M) 979.160ms
[95.999s][info][gc,cpu         ] GC(268) User=6.81s Sys=0.00s Real=0.98s
[95.999s][info][gc,start       ] GC(269) Pause Full (Ergonomics)
[95.999s][info][gc,phases,start] GC(269) Marking Phase
[96.707s][info][gc,phases      ] GC(269) Marking Phase 708.452ms
[96.707s][info][gc,phases,start] GC(269) Summary Phase
[96.707s][info][gc,phases      ] GC(269) Summary Phase 0.060ms
[96.707s][info][gc,phases,start] GC(269) Adjust Roots
[96.708s][info][gc,phases      ] GC(269) Adjust Roots 0.271ms
[96.708s][info][gc,phases,start] GC(269) Compaction Phase
[96.967s][info][gc,phases      ] GC(269) Compaction Phase 259.807ms
[96.968s][info][gc,phases,start] GC(269) Post Compact
[96.973s][info][gc,phases      ] GC(269) Post Compact 5.705ms
[96.973s][info][gc,heap        ] GC(269) PSYoungGen: 37373K(146432K)->37373K(146432K) Eden: 35840K(35840K)->35840K(35840K) From: 1533K(110592K)->1533K(110592K)
[96.973s][info][gc,heap        ] GC(269) ParOldGen: 3003766K(3003904K)->3003766K(3003904K)
[96.973s][info][gc,metaspace   ] GC(269) Metaspace: 6302K(6464K)->6302K(6464K) NonClass: 5769K(5824K)->5769K(5824K) Class: 533K(640K)->533K(640K)
[96.973s][info][gc             ] GC(269) Pause Full (Ergonomics) 2969M->2969M(3076M) 974.692ms
[96.973s][info][gc,cpu         ] GC(269) User=7.05s Sys=0.00s Real=0.98s
[96.974s][info][gc,start       ] GC(270) Pause Full (Ergonomics)
[96.974s][info][gc,phases,start] GC(270) Marking Phase
[97.684s][info][gc,phases      ] GC(270) Marking Phase 709.989ms
[97.684s][info][gc,phases,start] GC(270) Summary Phase
[97.684s][info][gc,phases      ] GC(270) Summary Phase 0.051ms
[97.684s][info][gc,phases,start] GC(270) Adjust Roots
[97.684s][info][gc,phases      ] GC(270) Adjust Roots 0.290ms
[97.684s][info][gc,phases,start] GC(270) Compaction Phase
[97.961s][info][gc,phases      ] GC(270) Compaction Phase 276.950ms
[97.961s][info][gc,phases,start] GC(270) Post Compact
[97.967s][info][gc,phases      ] GC(270) Post Compact 5.531ms
[97.967s][info][gc,heap        ] GC(270) PSYoungGen: 37373K(146432K)->37373K(146432K) Eden: 35840K(35840K)->35840K(35840K) From: 1533K(110592K)->1533K(110592K)
[97.967s][info][gc,heap        ] GC(270) ParOldGen: 3003771K(3003904K)->3003771K(3003904K)
[97.967s][info][gc,metaspace   ] GC(270) Metaspace: 6302K(6464K)->6302K(6464K) NonClass: 5769K(5824K)->5769K(5824K) Class: 533K(640K)->533K(640K)
[97.967s][info][gc             ] GC(270) Pause Full (Ergonomics) 2969M->2969M(3076M) 993.165ms
[97.967s][info][gc,cpu         ] GC(270) User=6.94s Sys=0.00s Real=0.99s
[97.967s][info][gc,start       ] GC(271) Pause Full (Ergonomics)
[97.967s][info][gc,phases,start] GC(271) Marking Phase
[98.690s][info][gc,phases      ] GC(271) Marking Phase 722.943ms
[98.690s][info][gc,phases,start] GC(271) Summary Phase
[98.690s][info][gc,phases      ] GC(271) Summary Phase 0.056ms
[98.690s][info][gc,phases,start] GC(271) Adjust Roots
[98.690s][info][gc,phases      ] GC(271) Adjust Roots 0.265ms
[98.690s][info][gc,phases,start] GC(271) Compaction Phase
[98.966s][info][gc,phases      ] GC(271) Compaction Phase 275.671ms
[98.966s][info][gc,phases,start] GC(271) Post Compact
[98.972s][info][gc,phases      ] GC(271) Post Compact 5.408ms
[98.972s][info][gc,heap        ] GC(271) PSYoungGen: 37373K(146432K)->37373K(146432K) Eden: 35840K(35840K)->35840K(35840K) From: 1533K(110592K)->1533K(110592K)
[98.972s][info][gc,heap        ] GC(271) ParOldGen: 3003776K(3003904K)->3003776K(3003904K)
[98.972s][info][gc,metaspace   ] GC(271) Metaspace: 6302K(6464K)->6302K(6464K) NonClass: 5769K(5824K)->5769K(5824K) Class: 533K(640K)->533K(640K)
[98.972s][info][gc             ] GC(271) Pause Full (Ergonomics) 2969M->2969M(3076M) 1004.700ms
[98.972s][info][gc,cpu         ] GC(271) User=7.09s Sys=0.02s Real=1.00s
[98.972s][info][gc,start       ] GC(272) Pause Full (Ergonomics)
[98.972s][info][gc,phases,start] GC(272) Marking Phase
[99.674s][info][gc,phases      ] GC(272) Marking Phase 702.139ms
[99.674s][info][gc,phases,start] GC(272) Summary Phase
[99.674s][info][gc,phases      ] GC(272) Summary Phase 0.056ms
[99.674s][info][gc,phases,start] GC(272) Adjust Roots
[99.675s][info][gc,phases      ] GC(272) Adjust Roots 0.295ms
[99.675s][info][gc,phases,start] GC(272) Compaction Phase
[99.933s][info][gc,phases      ] GC(272) Compaction Phase 258.248ms
[99.933s][info][gc,phases,start] GC(272) Post Compact
[99.938s][info][gc,phases      ] GC(272) Post Compact 5.421ms
[99.938s][info][gc,heap        ] GC(272) PSYoungGen: 37373K(146432K)->37373K(146432K) Eden: 35840K(35840K)->35840K(35840K) From: 1533K(110592K)->1533K(110592K)
[99.938s][info][gc,heap        ] GC(272) ParOldGen: 3003781K(3003904K)->3003781K(3003904K)
[99.938s][info][gc,metaspace   ] GC(272) Metaspace: 6302K(6464K)->6302K(6464K) NonClass: 5769K(5824K)->5769K(5824K) Class: 533K(640K)->533K(640K)
[99.938s][info][gc             ] GC(272) Pause Full (Ergonomics) 2969M->2969M(3076M) 966.534ms
[99.938s][info][gc,cpu         ] GC(272) User=6.72s Sys=0.02s Real=0.97s
[99.939s][info][gc,start       ] GC(273) Pause Full (Ergonomics)
[99.939s][info][gc,phases,start] GC(273) Marking Phase
[100.632s][info][gc,phases      ] GC(273) Marking Phase 693.113ms
[100.632s][info][gc,phases,start] GC(273) Summary Phase
[100.632s][info][gc,phases      ] GC(273) Summary Phase 0.061ms
[100.632s][info][gc,phases,start] GC(273) Adjust Roots
[100.632s][info][gc,phases      ] GC(273) Adjust Roots 0.278ms
[100.632s][info][gc,phases,start] GC(273) Compaction Phase
[100.909s][info][gc,phases      ] GC(273) Compaction Phase 277.022ms
[100.909s][info][gc,phases,start] GC(273) Post Compact
[100.915s][info][gc,phases      ] GC(273) Post Compact 5.775ms
[100.915s][info][gc,heap        ] GC(273) PSYoungGen: 37373K(146432K)->37373K(146432K) Eden: 35840K(35840K)->35840K(35840K) From: 1533K(110592K)->1533K(110592K)
[100.915s][info][gc,heap        ] GC(273) ParOldGen: 3003786K(3003904K)->3003786K(3003904K)
[100.915s][info][gc,metaspace   ] GC(273) Metaspace: 6302K(6464K)->6302K(6464K) NonClass: 5769K(5824K)->5769K(5824K) Class: 533K(640K)->533K(640K)
[100.915s][info][gc             ] GC(273) Pause Full (Ergonomics) 2969M->2969M(3076M) 976.651ms
[100.915s][info][gc,cpu         ] GC(273) User=6.59s Sys=0.00s Real=0.98s
[100.916s][info][gc,start       ] GC(274) Pause Full (Ergonomics)
[100.916s][info][gc,phases,start] GC(274) Marking Phase
[101.636s][info][gc,phases      ] GC(274) Marking Phase 720.633ms
[101.636s][info][gc,phases,start] GC(274) Summary Phase
[101.636s][info][gc,phases      ] GC(274) Summary Phase 0.064ms
[101.636s][info][gc,phases,start] GC(274) Adjust Roots
[101.637s][info][gc,phases      ] GC(274) Adjust Roots 0.344ms
[101.637s][info][gc,phases,start] GC(274) Compaction Phase
[101.922s][info][gc,phases      ] GC(274) Compaction Phase 284.804ms
[101.922s][info][gc,phases,start] GC(274) Post Compact
[101.927s][info][gc,phases      ] GC(274) Post Compact 5.416ms
[101.927s][info][gc,heap        ] GC(274) PSYoungGen: 37373K(146432K)->37373K(146432K) Eden: 35840K(35840K)->35840K(35840K) From: 1533K(110592K)->1533K(110592K)
[101.927s][info][gc,heap        ] GC(274) ParOldGen: 3003790K(3003904K)->3003790K(3003904K)
[101.927s][info][gc,metaspace   ] GC(274) Metaspace: 6302K(6464K)->6302K(6464K) NonClass: 5769K(5824K)->5769K(5824K) Class: 533K(640K)->533K(640K)
[101.927s][info][gc             ] GC(274) Pause Full (Ergonomics) 2969M->2969M(3076M) 1011.643ms
[101.927s][info][gc,cpu         ] GC(274) User=7.03s Sys=0.03s Real=1.01s
[101.927s][info][gc,start       ] GC(275) Pause Full (Ergonomics)
[101.927s][info][gc,phases,start] GC(275) Marking Phase
[102.627s][info][gc,phases      ] GC(275) Marking Phase 699.269ms
[102.627s][info][gc,phases,start] GC(275) Summary Phase
[102.627s][info][gc,phases      ] GC(275) Summary Phase 0.062ms
[102.627s][info][gc,phases,start] GC(275) Adjust Roots
[102.627s][info][gc,phases      ] GC(275) Adjust Roots 0.317ms
[102.627s][info][gc,phases,start] GC(275) Compaction Phase
[102.894s][info][gc,phases      ] GC(275) Compaction Phase 266.606ms
[102.894s][info][gc,phases,start] GC(275) Post Compact
[102.899s][info][gc,phases      ] GC(275) Post Compact 5.388ms
[102.899s][info][gc,heap        ] GC(275) PSYoungGen: 37373K(146432K)->37373K(146432K) Eden: 35840K(35840K)->35840K(35840K) From: 1533K(110592K)->1533K(110592K)
[102.899s][info][gc,heap        ] GC(275) ParOldGen: 3003795K(3003904K)->3003795K(3003904K)
[102.899s][info][gc,metaspace   ] GC(275) Metaspace: 6302K(6464K)->6302K(6464K) NonClass: 5769K(5824K)->5769K(5824K) Class: 533K(640K)->533K(640K)
[102.899s][info][gc             ] GC(275) Pause Full (Ergonomics) 2969M->2969M(3076M) 972.065ms
[102.899s][info][gc,cpu         ] GC(275) User=6.83s Sys=0.02s Real=0.97s
[102.900s][info][gc,start       ] GC(276) Pause Full (Ergonomics)
[102.900s][info][gc,phases,start] GC(276) Marking Phase
[103.643s][info][gc,phases      ] GC(276) Marking Phase 743.117ms
[103.643s][info][gc,phases,start] GC(276) Summary Phase
[103.643s][info][gc,phases      ] GC(276) Summary Phase 0.067ms
[103.643s][info][gc,phases,start] GC(276) Adjust Roots
[103.643s][info][gc,phases      ] GC(276) Adjust Roots 0.313ms
[103.643s][info][gc,phases,start] GC(276) Compaction Phase
[103.918s][info][gc,phases      ] GC(276) Compaction Phase 274.906ms
[103.918s][info][gc,phases,start] GC(276) Post Compact
[103.924s][info][gc,phases      ] GC(276) Post Compact 5.842ms
[103.924s][info][gc,heap        ] GC(276) PSYoungGen: 37373K(146432K)->37373K(146432K) Eden: 35840K(35840K)->35840K(35840K) From: 1533K(110592K)->1533K(110592K)
[103.924s][info][gc,heap        ] GC(276) ParOldGen: 3003800K(3003904K)->3003800K(3003904K)
[103.924s][info][gc,metaspace   ] GC(276) Metaspace: 6302K(6464K)->6302K(6464K) NonClass: 5769K(5824K)->5769K(5824K) Class: 533K(640K)->533K(640K)
[103.924s][info][gc             ] GC(276) Pause Full (Ergonomics) 2969M->2969M(3076M) 1024.658ms
[103.924s][info][gc,cpu         ] GC(276) User=6.75s Sys=0.02s Real=1.03s
[103.925s][info][gc,start       ] GC(277) Pause Full (Ergonomics)
[103.925s][info][gc,phases,start] GC(277) Marking Phase
[104.685s][info][gc,phases      ] GC(277) Marking Phase 759.971ms
[104.685s][info][gc,phases,start] GC(277) Summary Phase
[104.685s][info][gc,phases      ] GC(277) Summary Phase 0.088ms
[104.685s][info][gc,phases,start] GC(277) Adjust Roots
[104.685s][info][gc,phases      ] GC(277) Adjust Roots 0.220ms
[104.685s][info][gc,phases,start] GC(277) Compaction Phase
[104.965s][info][gc,phases      ] GC(277) Compaction Phase 280.131ms
[104.965s][info][gc,phases,start] GC(277) Post Compact
[104.972s][info][gc,phases      ] GC(277) Post Compact 7.070ms
[104.972s][info][gc,heap        ] GC(277) PSYoungGen: 37373K(146432K)->37373K(146432K) Eden: 35840K(35840K)->35840K(35840K) From: 1533K(110592K)->1533K(110592K)
[104.972s][info][gc,heap        ] GC(277) ParOldGen: 3003805K(3003904K)->3003805K(3003904K)
[104.972s][info][gc,metaspace   ] GC(277) Metaspace: 6302K(6464K)->6302K(6464K) NonClass: 5769K(5824K)->5769K(5824K) Class: 533K(640K)->533K(640K)
[104.973s][info][gc             ] GC(277) Pause Full (Ergonomics) 2969M->2969M(3076M) 1047.940ms
[104.973s][info][gc,cpu         ] GC(277) User=6.56s Sys=0.02s Real=1.05s
[104.973s][info][gc,start       ] GC(278) Pause Full (Ergonomics)
[104.973s][info][gc,phases,start] GC(278) Marking Phase
[105.750s][info][gc,phases      ] GC(278) Marking Phase 776.821ms
[105.750s][info][gc,phases,start] GC(278) Summary Phase
[105.750s][info][gc,phases      ] GC(278) Summary Phase 0.070ms
[105.750s][info][gc,phases,start] GC(278) Adjust Roots
[105.750s][info][gc,phases      ] GC(278) Adjust Roots 0.404ms
[105.750s][info][gc,phases,start] GC(278) Compaction Phase
[106.041s][info][gc,phases      ] GC(278) Compaction Phase 290.442ms
[106.041s][info][gc,phases,start] GC(278) Post Compact
[106.048s][info][gc,phases      ] GC(278) Post Compact 7.055ms
[106.048s][info][gc,heap        ] GC(278) PSYoungGen: 37373K(146432K)->37373K(146432K) Eden: 35840K(35840K)->35840K(35840K) From: 1533K(110592K)->1533K(110592K)
[106.048s][info][gc,heap        ] GC(278) ParOldGen: 3003810K(3003904K)->3003810K(3003904K)
[106.048s][info][gc,metaspace   ] GC(278) Metaspace: 6302K(6464K)->6302K(6464K) NonClass: 5769K(5824K)->5769K(5824K) Class: 533K(640K)->533K(640K)
[106.048s][info][gc             ] GC(278) Pause Full (Ergonomics) 2969M->2969M(3076M) 1075.428ms
[106.048s][info][gc,cpu         ] GC(278) User=6.55s Sys=0.00s Real=1.08s
[106.049s][info][gc,start       ] GC(279) Pause Full (Ergonomics)
[106.049s][info][gc,phases,start] GC(279) Marking Phase
[106.800s][info][gc,phases      ] GC(279) Marking Phase 751.341ms
[106.800s][info][gc,phases,start] GC(279) Summary Phase
[106.800s][info][gc,phases      ] GC(279) Summary Phase 0.101ms
[106.800s][info][gc,phases,start] GC(279) Adjust Roots
[106.801s][info][gc,phases      ] GC(279) Adjust Roots 0.436ms
[106.801s][info][gc,phases,start] GC(279) Compaction Phase
[107.147s][info][gc,phases      ] GC(279) Compaction Phase 346.575ms
[107.147s][info][gc,phases,start] GC(279) Post Compact
[107.154s][info][gc,phases      ] GC(279) Post Compact 6.883ms
[107.154s][info][gc,heap        ] GC(279) PSYoungGen: 37373K(146432K)->37373K(146432K) Eden: 35840K(35840K)->35840K(35840K) From: 1533K(110592K)->1533K(110592K)
[107.154s][info][gc,heap        ] GC(279) ParOldGen: 3003815K(3003904K)->3003815K(3003904K)
[107.154s][info][gc,metaspace   ] GC(279) Metaspace: 6302K(6464K)->6302K(6464K) NonClass: 5769K(5824K)->5769K(5824K) Class: 533K(640K)->533K(640K)
[107.154s][info][gc             ] GC(279) Pause Full (Ergonomics) 2969M->2969M(3076M) 1105.921ms
[107.154s][info][gc,cpu         ] GC(279) User=6.67s Sys=0.00s Real=1.11s
[107.155s][info][gc,start       ] GC(280) Pause Full (Ergonomics)
[107.155s][info][gc,phases,start] GC(280) Marking Phase
[107.939s][info][gc,phases      ] GC(280) Marking Phase 784.039ms
[107.939s][info][gc,phases,start] GC(280) Summary Phase
[107.939s][info][gc,phases      ] GC(280) Summary Phase 0.056ms
[107.939s][info][gc,phases,start] GC(280) Adjust Roots
[107.939s][info][gc,phases      ] GC(280) Adjust Roots 0.342ms
[107.939s][info][gc,phases,start] GC(280) Compaction Phase
[108.237s][info][gc,phases      ] GC(280) Compaction Phase 297.846ms
[108.237s][info][gc,phases,start] GC(280) Post Compact
[108.243s][info][gc,phases      ] GC(280) Post Compact 6.199ms
[108.244s][info][gc,heap        ] GC(280) PSYoungGen: 37373K(146432K)->37373K(146432K) Eden: 35840K(35840K)->35840K(35840K) From: 1533K(110592K)->1533K(110592K)
[108.244s][info][gc,heap        ] GC(280) ParOldGen: 3003819K(3003904K)->3003819K(3003904K)
[108.244s][info][gc,metaspace   ] GC(280) Metaspace: 6302K(6464K)->6302K(6464K) NonClass: 5769K(5824K)->5769K(5824K) Class: 533K(640K)->533K(640K)
[108.244s][info][gc             ] GC(280) Pause Full (Ergonomics) 2969M->2969M(3076M) 1088.924ms
[108.244s][info][gc,cpu         ] GC(280) User=6.03s Sys=0.02s Real=1.09s
[108.244s][info][gc,start       ] GC(281) Pause Full (Ergonomics)
[108.244s][info][gc,phases,start] GC(281) Marking Phase
[108.973s][info][gc,phases      ] GC(281) Marking Phase 728.640ms
[108.973s][info][gc,phases,start] GC(281) Summary Phase
[108.973s][info][gc,phases      ] GC(281) Summary Phase 0.074ms
[108.973s][info][gc,phases,start] GC(281) Adjust Roots
[108.973s][info][gc,phases      ] GC(281) Adjust Roots 0.366ms
[108.973s][info][gc,phases,start] GC(281) Compaction Phase
[109.241s][info][gc,phases      ] GC(281) Compaction Phase 267.715ms
[109.241s][info][gc,phases,start] GC(281) Post Compact
[109.247s][info][gc,phases      ] GC(281) Post Compact 5.587ms
[109.247s][info][gc,heap        ] GC(281) PSYoungGen: 37373K(146432K)->37373K(146432K) Eden: 35840K(35840K)->35840K(35840K) From: 1533K(110592K)->1533K(110592K)
[109.247s][info][gc,heap        ] GC(281) ParOldGen: 3003824K(3003904K)->3003824K(3003904K)
[109.247s][info][gc,metaspace   ] GC(281) Metaspace: 6302K(6464K)->6302K(6464K) NonClass: 5769K(5824K)->5769K(5824K) Class: 533K(640K)->533K(640K)
[109.247s][info][gc             ] GC(281) Pause Full (Ergonomics) 2969M->2969M(3076M) 1002.825ms
[109.247s][info][gc,cpu         ] GC(281) User=6.83s Sys=0.02s Real=1.00s
[109.247s][info][gc,start       ] GC(282) Pause Full (Ergonomics)
[109.247s][info][gc,phases,start] GC(282) Marking Phase
[109.996s][info][gc,phases      ] GC(282) Marking Phase 748.651ms
[109.996s][info][gc,phases,start] GC(282) Summary Phase
[109.996s][info][gc,phases      ] GC(282) Summary Phase 0.072ms
[109.996s][info][gc,phases,start] GC(282) Adjust Roots
[109.996s][info][gc,phases      ] GC(282) Adjust Roots 0.348ms
[109.996s][info][gc,phases,start] GC(282) Compaction Phase
[110.292s][info][gc,phases      ] GC(282) Compaction Phase 295.374ms
[110.292s][info][gc,phases,start] GC(282) Post Compact
[110.299s][info][gc,phases      ] GC(282) Post Compact 7.776ms
[110.300s][info][gc,heap        ] GC(282) PSYoungGen: 37373K(146432K)->37373K(146432K) Eden: 35840K(35840K)->35840K(35840K) From: 1533K(110592K)->1533K(110592K)
[110.300s][info][gc,heap        ] GC(282) ParOldGen: 3003829K(3003904K)->3003829K(3003904K)
[110.300s][info][gc,metaspace   ] GC(282) Metaspace: 6302K(6464K)->6302K(6464K) NonClass: 5769K(5824K)->5769K(5824K) Class: 533K(640K)->533K(640K)
[110.300s][info][gc             ] GC(282) Pause Full (Ergonomics) 2969M->2969M(3076M) 1052.696ms
[110.300s][info][gc,cpu         ] GC(282) User=6.91s Sys=0.00s Real=1.05s
[110.300s][info][gc,start       ] GC(283) Pause Full (Ergonomics)
[110.300s][info][gc,phases,start] GC(283) Marking Phase
[111.050s][info][gc,phases      ] GC(283) Marking Phase 750.543ms
[111.051s][info][gc,phases,start] GC(283) Summary Phase
[111.051s][info][gc,phases      ] GC(283) Summary Phase 0.077ms
[111.051s][info][gc,phases,start] GC(283) Adjust Roots
[111.051s][info][gc,phases      ] GC(283) Adjust Roots 0.359ms
[111.051s][info][gc,phases,start] GC(283) Compaction Phase
[111.343s][info][gc,phases      ] GC(283) Compaction Phase 292.067ms
[111.343s][info][gc,phases,start] GC(283) Post Compact
[111.349s][info][gc,phases      ] GC(283) Post Compact 5.870ms
[111.349s][info][gc,heap        ] GC(283) PSYoungGen: 37373K(146432K)->37373K(146432K) Eden: 35840K(35840K)->35840K(35840K) From: 1533K(110592K)->1533K(110592K)
[111.349s][info][gc,heap        ] GC(283) ParOldGen: 3003834K(3003904K)->3003834K(3003904K)
[111.349s][info][gc,metaspace   ] GC(283) Metaspace: 6302K(6464K)->6302K(6464K) NonClass: 5769K(5824K)->5769K(5824K) Class: 533K(640K)->533K(640K)
[111.349s][info][gc             ] GC(283) Pause Full (Ergonomics) 2969M->2969M(3076M) 1049.390ms
[111.349s][info][gc,cpu         ] GC(283) User=6.88s Sys=0.02s Real=1.05s
[111.349s][info][gc,start       ] GC(284) Pause Full (Ergonomics)
[111.349s][info][gc,phases,start] GC(284) Marking Phase
[112.061s][info][gc,phases      ] GC(284) Marking Phase 711.285ms
[112.061s][info][gc,phases,start] GC(284) Summary Phase
[112.061s][info][gc,phases      ] GC(284) Summary Phase 0.062ms
[112.061s][info][gc,phases,start] GC(284) Adjust Roots
[112.061s][info][gc,phases      ] GC(284) Adjust Roots 0.328ms
[112.061s][info][gc,phases,start] GC(284) Compaction Phase
[112.340s][info][gc,phases      ] GC(284) Compaction Phase 278.331ms
[112.340s][info][gc,phases,start] GC(284) Post Compact
[112.346s][info][gc,phases      ] GC(284) Post Compact 5.927ms
[112.346s][info][gc,heap        ] GC(284) PSYoungGen: 37373K(146432K)->37373K(146432K) Eden: 35840K(35840K)->35840K(35840K) From: 1533K(110592K)->1533K(110592K)
[112.346s][info][gc,heap        ] GC(284) ParOldGen: 3003839K(3003904K)->3003839K(3003904K)
[112.346s][info][gc,metaspace   ] GC(284) Metaspace: 6302K(6464K)->6302K(6464K) NonClass: 5769K(5824K)->5769K(5824K) Class: 533K(640K)->533K(640K)
[112.346s][info][gc             ] GC(284) Pause Full (Ergonomics) 2969M->2969M(3076M) 996.405ms
[112.346s][info][gc,cpu         ] GC(284) User=6.72s Sys=0.00s Real=1.00s
[112.346s][info][gc,start       ] GC(285) Pause Full (Ergonomics)
[112.346s][info][gc,phases,start] GC(285) Marking Phase
[113.079s][info][gc,phases      ] GC(285) Marking Phase 732.592ms
[113.079s][info][gc,phases,start] GC(285) Summary Phase
[113.079s][info][gc,phases      ] GC(285) Summary Phase 0.071ms
[113.079s][info][gc,phases,start] GC(285) Adjust Roots
[113.079s][info][gc,phases      ] GC(285) Adjust Roots 0.336ms
[113.079s][info][gc,phases,start] GC(285) Compaction Phase
[113.347s][info][gc,phases      ] GC(285) Compaction Phase 268.073ms
[113.347s][info][gc,phases,start] GC(285) Post Compact
[113.353s][info][gc,phases      ] GC(285) Post Compact 5.646ms
[113.353s][info][gc,heap        ] GC(285) PSYoungGen: 37373K(146432K)->37373K(146432K) Eden: 35840K(35840K)->35840K(35840K) From: 1533K(110592K)->1533K(110592K)
[113.353s][info][gc,heap        ] GC(285) ParOldGen: 3003844K(3003904K)->3003844K(3003904K)
[113.353s][info][gc,metaspace   ] GC(285) Metaspace: 6302K(6464K)->6302K(6464K) NonClass: 5769K(5824K)->5769K(5824K) Class: 533K(640K)->533K(640K)
[113.353s][info][gc             ] GC(285) Pause Full (Ergonomics) 2969M->2969M(3076M) 1007.132ms
[113.353s][info][gc,cpu         ] GC(285) User=6.73s Sys=0.00s Real=1.01s
[113.353s][info][gc,start       ] GC(286) Pause Full (Ergonomics)
[113.353s][info][gc,phases,start] GC(286) Marking Phase
[114.059s][info][gc,phases      ] GC(286) Marking Phase 705.331ms
[114.059s][info][gc,phases,start] GC(286) Summary Phase
[114.059s][info][gc,phases      ] GC(286) Summary Phase 0.078ms
[114.059s][info][gc,phases,start] GC(286) Adjust Roots
[114.059s][info][gc,phases      ] GC(286) Adjust Roots 0.275ms
[114.059s][info][gc,phases,start] GC(286) Compaction Phase
[114.317s][info][gc,phases      ] GC(286) Compaction Phase 257.276ms
[114.317s][info][gc,phases,start] GC(286) Post Compact
[114.323s][info][gc,phases      ] GC(286) Post Compact 6.036ms
[114.323s][info][gc,heap        ] GC(286) PSYoungGen: 37373K(146432K)->37373K(146432K) Eden: 35840K(35840K)->35840K(35840K) From: 1533K(110592K)->1533K(110592K)
[114.323s][info][gc,heap        ] GC(286) ParOldGen: 3003848K(3003904K)->3003848K(3003904K)
[114.323s][info][gc,metaspace   ] GC(286) Metaspace: 6302K(6464K)->6302K(6464K) NonClass: 5769K(5824K)->5769K(5824K) Class: 533K(640K)->533K(640K)
[114.323s][info][gc             ] GC(286) Pause Full (Ergonomics) 2969M->2969M(3076M) 969.376ms
[114.323s][info][gc,cpu         ] GC(286) User=6.91s Sys=0.00s Real=0.97s
[114.323s][info][gc,start       ] GC(287) Pause Full (Ergonomics)
[114.323s][info][gc,phases,start] GC(287) Marking Phase
[115.032s][info][gc,phases      ] GC(287) Marking Phase 709.067ms
[115.032s][info][gc,phases,start] GC(287) Summary Phase
[115.032s][info][gc,phases      ] GC(287) Summary Phase 0.171ms
[115.032s][info][gc,phases,start] GC(287) Adjust Roots
[115.033s][info][gc,phases      ] GC(287) Adjust Roots 0.171ms
[115.033s][info][gc,phases,start] GC(287) Compaction Phase
[115.301s][info][gc,phases      ] GC(287) Compaction Phase 267.939ms
[115.301s][info][gc,phases,start] GC(287) Post Compact
[115.307s][info][gc,phases      ] GC(287) Post Compact 6.397ms
[115.307s][info][gc,heap        ] GC(287) PSYoungGen: 37373K(146432K)->37373K(146432K) Eden: 35840K(35840K)->35840K(35840K) From: 1533K(110592K)->1533K(110592K)
[115.307s][info][gc,heap        ] GC(287) ParOldGen: 3003853K(3003904K)->3003853K(3003904K)
[115.307s][info][gc,metaspace   ] GC(287) Metaspace: 6302K(6464K)->6302K(6464K) NonClass: 5769K(5824K)->5769K(5824K) Class: 533K(640K)->533K(640K)
[115.307s][info][gc             ] GC(287) Pause Full (Ergonomics) 2969M->2969M(3076M) 984.111ms
[115.307s][info][gc,cpu         ] GC(287) User=6.78s Sys=0.00s Real=0.98s
[115.307s][info][gc,start       ] GC(288) Pause Full (Ergonomics)
[115.307s][info][gc,phases,start] GC(288) Marking Phase
[116.049s][info][gc,phases      ] GC(288) Marking Phase 741.196ms
[116.049s][info][gc,phases,start] GC(288) Summary Phase
[116.049s][info][gc,phases      ] GC(288) Summary Phase 0.077ms
[116.049s][info][gc,phases,start] GC(288) Adjust Roots
[116.049s][info][gc,phases      ] GC(288) Adjust Roots 0.318ms
[116.049s][info][gc,phases,start] GC(288) Compaction Phase
[116.334s][info][gc,phases      ] GC(288) Compaction Phase 284.787ms
[116.334s][info][gc,phases,start] GC(288) Post Compact
[116.342s][info][gc,phases      ] GC(288) Post Compact 7.455ms
[116.342s][info][gc,heap        ] GC(288) PSYoungGen: 37373K(146432K)->37373K(146432K) Eden: 35840K(35840K)->35840K(35840K) From: 1533K(110592K)->1533K(110592K)
[116.342s][info][gc,heap        ] GC(288) ParOldGen: 3003858K(3003904K)->3003858K(3003904K)
[116.342s][info][gc,metaspace   ] GC(288) Metaspace: 6302K(6464K)->6302K(6464K) NonClass: 5769K(5824K)->5769K(5824K) Class: 533K(640K)->533K(640K)
[116.342s][info][gc             ] GC(288) Pause Full (Ergonomics) 2969M->2969M(3076M) 1034.300ms
[116.342s][info][gc,cpu         ] GC(288) User=6.84s Sys=0.02s Real=1.03s
[116.342s][info][gc,start       ] GC(289) Pause Full (Ergonomics)
[116.342s][info][gc,phases,start] GC(289) Marking Phase
[117.063s][info][gc,phases      ] GC(289) Marking Phase 720.860ms
[117.063s][info][gc,phases,start] GC(289) Summary Phase
[117.063s][info][gc,phases      ] GC(289) Summary Phase 0.072ms
[117.063s][info][gc,phases,start] GC(289) Adjust Roots
[117.063s][info][gc,phases      ] GC(289) Adjust Roots 0.365ms
[117.063s][info][gc,phases,start] GC(289) Compaction Phase
[117.322s][info][gc,phases      ] GC(289) Compaction Phase 258.156ms
[117.322s][info][gc,phases,start] GC(289) Post Compact
[117.328s][info][gc,phases      ] GC(289) Post Compact 6.757ms
[117.328s][info][gc,heap        ] GC(289) PSYoungGen: 37373K(146432K)->37373K(146432K) Eden: 35840K(35840K)->35840K(35840K) From: 1533K(110592K)->1533K(110592K)
[117.328s][info][gc,heap        ] GC(289) ParOldGen: 3003863K(3003904K)->3003863K(3003904K)
[117.328s][info][gc,metaspace   ] GC(289) Metaspace: 6302K(6464K)->6302K(6464K) NonClass: 5769K(5824K)->5769K(5824K) Class: 533K(640K)->533K(640K)
[117.329s][info][gc             ] GC(289) Pause Full (Ergonomics) 2969M->2969M(3076M) 986.636ms
[117.329s][info][gc,cpu         ] GC(289) User=6.62s Sys=0.05s Real=0.99s
[117.329s][info][gc,start       ] GC(290) Pause Full (Ergonomics)
[117.329s][info][gc,phases,start] GC(290) Marking Phase
[118.083s][info][gc,phases      ] GC(290) Marking Phase 753.868ms
[118.083s][info][gc,phases,start] GC(290) Summary Phase
[118.083s][info][gc,phases      ] GC(290) Summary Phase 0.066ms
[118.083s][info][gc,phases,start] GC(290) Adjust Roots
[118.083s][info][gc,phases      ] GC(290) Adjust Roots 0.305ms
[118.083s][info][gc,phases,start] GC(290) Compaction Phase
[118.355s][info][gc,phases      ] GC(290) Compaction Phase 271.561ms
[118.355s][info][gc,phases,start] GC(290) Post Compact
[118.360s][info][gc,phases      ] GC(290) Post Compact 5.543ms
[118.360s][info][gc,heap        ] GC(290) PSYoungGen: 37373K(146432K)->37373K(146432K) Eden: 35840K(35840K)->35840K(35840K) From: 1533K(110592K)->1533K(110592K)
[118.360s][info][gc,heap        ] GC(290) ParOldGen: 3003868K(3003904K)->3003868K(3003904K)
[118.360s][info][gc,metaspace   ] GC(290) Metaspace: 6302K(6464K)->6302K(6464K) NonClass: 5769K(5824K)->5769K(5824K) Class: 533K(640K)->533K(640K)
[118.361s][info][gc             ] GC(290) Pause Full (Ergonomics) 2969M->2969M(3076M) 1031.797ms
[118.361s][info][gc,cpu         ] GC(290) User=6.52s Sys=0.00s Real=1.03s
[118.361s][info][gc,start       ] GC(291) Pause Full (Ergonomics)
[118.361s][info][gc,phases,start] GC(291) Marking Phase
[119.097s][info][gc,phases      ] GC(291) Marking Phase 736.130ms
[119.097s][info][gc,phases,start] GC(291) Summary Phase
[119.097s][info][gc,phases      ] GC(291) Summary Phase 0.069ms
[119.097s][info][gc,phases,start] GC(291) Adjust Roots
[119.097s][info][gc,phases      ] GC(291) Adjust Roots 0.327ms
[119.097s][info][gc,phases,start] GC(291) Compaction Phase
[119.356s][info][gc,phases      ] GC(291) Compaction Phase 258.050ms
[119.356s][info][gc,phases,start] GC(291) Post Compact
[119.362s][info][gc,phases      ] GC(291) Post Compact 6.113ms
[119.362s][info][gc,heap        ] GC(291) PSYoungGen: 37373K(146432K)->37373K(146432K) Eden: 35840K(35840K)->35840K(35840K) From: 1533K(110592K)->1533K(110592K)
[119.362s][info][gc,heap        ] GC(291) ParOldGen: 3003873K(3003904K)->3003873K(3003904K)
[119.362s][info][gc,metaspace   ] GC(291) Metaspace: 6302K(6464K)->6302K(6464K) NonClass: 5769K(5824K)->5769K(5824K) Class: 533K(640K)->533K(640K)
[119.362s][info][gc             ] GC(291) Pause Full (Ergonomics) 2969M->2969M(3076M) 1001.189ms
[119.362s][info][gc,cpu         ] GC(291) User=6.77s Sys=0.02s Real=1.00s
[119.362s][info][gc,start       ] GC(292) Pause Full (Ergonomics)
[119.362s][info][gc,phases,start] GC(292) Marking Phase
[120.075s][info][gc,phases      ] GC(292) Marking Phase 712.516ms
[120.075s][info][gc,phases,start] GC(292) Summary Phase
[120.075s][info][gc,phases      ] GC(292) Summary Phase 0.081ms
[120.075s][info][gc,phases,start] GC(292) Adjust Roots
[120.075s][info][gc,phases      ] GC(292) Adjust Roots 0.343ms
[120.075s][info][gc,phases,start] GC(292) Compaction Phase
[120.330s][info][gc,phases      ] GC(292) Compaction Phase 254.903ms
[120.330s][info][gc,phases,start] GC(292) Post Compact
[120.336s][info][gc,phases      ] GC(292) Post Compact 6.017ms
[120.336s][info][gc,heap        ] GC(292) PSYoungGen: 37373K(146432K)->37373K(146432K) Eden: 35840K(35840K)->35840K(35840K) From: 1533K(110592K)->1533K(110592K)
[120.336s][info][gc,heap        ] GC(292) ParOldGen: 3003877K(3003904K)->3003877K(3003904K)
[120.336s][info][gc,metaspace   ] GC(292) Metaspace: 6302K(6464K)->6302K(6464K) NonClass: 5769K(5824K)->5769K(5824K) Class: 533K(640K)->533K(640K)
[120.336s][info][gc             ] GC(292) Pause Full (Ergonomics) 2969M->2969M(3076M) 974.363ms
[120.336s][info][gc,cpu         ] GC(292) User=6.48s Sys=0.03s Real=0.97s
[120.337s][info][gc,start       ] GC(293) Pause Full (Ergonomics)
[120.337s][info][gc,phases,start] GC(293) Marking Phase
[121.035s][info][gc,phases      ] GC(293) Marking Phase 698.567ms
[121.035s][info][gc,phases,start] GC(293) Summary Phase
[121.035s][info][gc,phases      ] GC(293) Summary Phase 0.052ms
[121.035s][info][gc,phases,start] GC(293) Adjust Roots
[121.036s][info][gc,phases      ] GC(293) Adjust Roots 0.209ms
[121.036s][info][gc,phases,start] GC(293) Compaction Phase
[121.306s][info][gc,phases      ] GC(293) Compaction Phase 270.632ms
[121.306s][info][gc,phases,start] GC(293) Post Compact
[121.312s][info][gc,phases      ] GC(293) Post Compact 5.466ms
[121.312s][info][gc,heap        ] GC(293) PSYoungGen: 37373K(146432K)->37373K(146432K) Eden: 35840K(35840K)->35840K(35840K) From: 1533K(110592K)->1533K(110592K)
[121.312s][info][gc,heap        ] GC(293) ParOldGen: 3003882K(3003904K)->3003882K(3003904K)
[121.312s][info][gc,metaspace   ] GC(293) Metaspace: 6302K(6464K)->6302K(6464K) NonClass: 5769K(5824K)->5769K(5824K) Class: 533K(640K)->533K(640K)
[121.312s][info][gc             ] GC(293) Pause Full (Ergonomics) 2969M->2969M(3076M) 975.271ms
[121.312s][info][gc,cpu         ] GC(293) User=6.72s Sys=0.02s Real=0.98s
[121.312s][info][gc,start       ] GC(294) Pause Full (Ergonomics)
[121.312s][info][gc,phases,start] GC(294) Marking Phase
[122.017s][info][gc,phases      ] GC(294) Marking Phase 704.714ms
[122.017s][info][gc,phases,start] GC(294) Summary Phase
[122.017s][info][gc,phases      ] GC(294) Summary Phase 0.042ms
[122.017s][info][gc,phases,start] GC(294) Adjust Roots
[122.017s][info][gc,phases      ] GC(294) Adjust Roots 0.203ms
[122.017s][info][gc,phases,start] GC(294) Compaction Phase
[122.274s][info][gc,phases      ] GC(294) Compaction Phase 257.146ms
[122.274s][info][gc,phases,start] GC(294) Post Compact
[122.280s][info][gc,phases      ] GC(294) Post Compact 5.695ms
[122.280s][info][gc,heap        ] GC(294) PSYoungGen: 37373K(146432K)->37373K(146432K) Eden: 35840K(35840K)->35840K(35840K) From: 1533K(110592K)->1533K(110592K)
[122.280s][info][gc,heap        ] GC(294) ParOldGen: 3003887K(3003904K)->3003887K(3003904K)
[122.280s][info][gc,metaspace   ] GC(294) Metaspace: 6302K(6464K)->6302K(6464K) NonClass: 5769K(5824K)->5769K(5824K) Class: 533K(640K)->533K(640K)
[122.280s][info][gc             ] GC(294) Pause Full (Ergonomics) 2969M->2969M(3076M) 968.123ms
[122.280s][info][gc,cpu         ] GC(294) User=6.67s Sys=0.00s Real=0.97s
[122.281s][info][gc,start       ] GC(295) Pause Full (Ergonomics)
[122.281s][info][gc,phases,start] GC(295) Marking Phase
[122.971s][info][gc,phases      ] GC(295) Marking Phase 690.502ms
[122.971s][info][gc,phases,start] GC(295) Summary Phase
[122.971s][info][gc,phases      ] GC(295) Summary Phase 0.040ms
[122.971s][info][gc,phases,start] GC(295) Adjust Roots
[122.971s][info][gc,phases      ] GC(295) Adjust Roots 0.160ms
[122.971s][info][gc,phases,start] GC(295) Compaction Phase
[123.235s][info][gc,phases      ] GC(295) Compaction Phase 264.022ms
[123.235s][info][gc,phases,start] GC(295) Post Compact
[123.241s][info][gc,phases      ] GC(295) Post Compact 5.625ms
[123.241s][info][gc,heap        ] GC(295) PSYoungGen: 37373K(146432K)->37373K(146432K) Eden: 35840K(35840K)->35840K(35840K) From: 1533K(110592K)->1533K(110592K)
[123.241s][info][gc,heap        ] GC(295) ParOldGen: 3003892K(3003904K)->3003892K(3003904K)
[123.241s][info][gc,metaspace   ] GC(295) Metaspace: 6302K(6464K)->6302K(6464K) NonClass: 5769K(5824K)->5769K(5824K) Class: 533K(640K)->533K(640K)
[123.241s][info][gc             ] GC(295) Pause Full (Ergonomics) 2969M->2969M(3076M) 960.694ms
[123.241s][info][gc,cpu         ] GC(295) User=6.84s Sys=0.00s Real=0.96s
[123.241s][info][gc,start       ] GC(296) Pause Full (Ergonomics)
[123.242s][info][gc,phases,start] GC(296) Marking Phase
[123.937s][info][gc,phases      ] GC(296) Marking Phase 695.110ms
[123.937s][info][gc,phases,start] GC(296) Summary Phase
[123.937s][info][gc,phases      ] GC(296) Summary Phase 0.062ms
[123.937s][info][gc,phases,start] GC(296) Adjust Roots
[123.937s][info][gc,phases      ] GC(296) Adjust Roots 0.193ms
[123.937s][info][gc,phases,start] GC(296) Compaction Phase
[124.183s][info][gc,phases      ] GC(296) Compaction Phase 245.811ms
[124.183s][info][gc,phases,start] GC(296) Post Compact
[124.188s][info][gc,phases      ] GC(296) Post Compact 5.403ms
[124.188s][info][gc,heap        ] GC(296) PSYoungGen: 37373K(146432K)->37373K(146432K) Eden: 35840K(35840K)->35840K(35840K) From: 1533K(110592K)->1533K(110592K)
[124.188s][info][gc,heap        ] GC(296) ParOldGen: 3003897K(3003904K)->3003897K(3003904K)
[124.188s][info][gc,metaspace   ] GC(296) Metaspace: 6302K(6464K)->6302K(6464K) NonClass: 5769K(5824K)->5769K(5824K) Class: 533K(640K)->533K(640K)
[124.188s][info][gc             ] GC(296) Pause Full (Ergonomics) 2969M->2969M(3076M) 946.955ms
[124.188s][info][gc,cpu         ] GC(296) User=6.83s Sys=0.02s Real=0.95s
[124.189s][info][gc,start       ] GC(297) Pause Full (Ergonomics)
[124.189s][info][gc,phases,start] GC(297) Marking Phase
[124.887s][info][gc,phases      ] GC(297) Marking Phase 698.429ms
[124.887s][info][gc,phases,start] GC(297) Summary Phase
[124.887s][info][gc,phases      ] GC(297) Summary Phase 0.038ms
[124.887s][info][gc,phases,start] GC(297) Adjust Roots
[124.887s][info][gc,phases      ] GC(297) Adjust Roots 0.164ms
[124.887s][info][gc,phases,start] GC(297) Compaction Phase
[125.145s][info][gc,phases      ] GC(297) Compaction Phase 257.892ms
[125.145s][info][gc,phases,start] GC(297) Post Compact
[125.151s][info][gc,phases      ] GC(297) Post Compact 5.331ms
[125.151s][info][gc,heap        ] GC(297) PSYoungGen: 37373K(146432K)->37373K(146432K) Eden: 35840K(35840K)->35840K(35840K) From: 1533K(110592K)->1533K(110592K)
[125.151s][info][gc,heap        ] GC(297) ParOldGen: 3003902K(3003904K)->3003902K(3003904K)
[125.151s][info][gc,metaspace   ] GC(297) Metaspace: 6302K(6464K)->6302K(6464K) NonClass: 5769K(5824K)->5769K(5824K) Class: 533K(640K)->533K(640K)
[125.151s][info][gc             ] GC(297) Pause Full (Ergonomics) 2969M->2969M(3076M) 962.225ms
[125.151s][info][gc,cpu         ] GC(297) User=6.92s Sys=0.00s Real=0.96s
[125.151s][info][gc,start       ] GC(298) Pause Full (Ergonomics)
[125.151s][info][gc,phases,start] GC(298) Marking Phase
[125.830s][info][gc,phases      ] GC(298) Marking Phase 679.119ms
[125.830s][info][gc,phases,start] GC(298) Summary Phase
[125.830s][info][gc,phases      ] GC(298) Summary Phase 0.038ms
[125.830s][info][gc,phases,start] GC(298) Adjust Roots
[125.831s][info][gc,phases      ] GC(298) Adjust Roots 0.170ms
[125.831s][info][gc,phases,start] GC(298) Compaction Phase
[126.084s][info][gc,phases      ] GC(298) Compaction Phase 253.457ms
[126.084s][info][gc,phases,start] GC(298) Post Compact
[126.089s][info][gc,phases      ] GC(298) Post Compact 5.242ms
[126.089s][info][gc,heap        ] GC(298) PSYoungGen: 37373K(146432K)->37373K(146432K) Eden: 35840K(35840K)->35840K(35840K) From: 1533K(110592K)->1533K(110592K)
[126.089s][info][gc,heap        ] GC(298) ParOldGen: 3003903K(3003904K)->3003903K(3003904K)
[126.089s][info][gc,metaspace   ] GC(298) Metaspace: 6302K(6464K)->6302K(6464K) NonClass: 5769K(5824K)->5769K(5824K) Class: 533K(640K)->533K(640K)
[126.089s][info][gc             ] GC(298) Pause Full (Ergonomics) 2969M->2969M(3076M) 938.341ms
[126.089s][info][gc,cpu         ] GC(298) User=6.69s Sys=0.00s Real=0.94s
[126.090s][info][gc,start       ] GC(299) Pause Full (Allocation Failure)
[126.090s][info][gc,phases,start] GC(299) Marking Phase
[126.796s][info][gc,phases      ] GC(299) Marking Phase 706.248ms
[126.796s][info][gc,phases,start] GC(299) Summary Phase
[126.796s][info][gc,phases      ] GC(299) Summary Phase 0.048ms
[126.796s][info][gc,phases,start] GC(299) Adjust Roots
[126.796s][info][gc,phases      ] GC(299) Adjust Roots 0.450ms
[126.796s][info][gc,phases,start] GC(299) Compaction Phase
[127.563s][info][gc,phases      ] GC(299) Compaction Phase 766.569ms
[127.563s][info][gc,phases,start] GC(299) Post Compact
[127.570s][info][gc,phases      ] GC(299) Post Compact 6.516ms
[127.570s][info][gc,heap        ] GC(299) PSYoungGen: 37373K(146432K)->37373K(146432K) Eden: 35840K(35840K)->35840K(35840K) From: 1533K(110592K)->1533K(110592K)
[127.570s][info][gc,heap        ] GC(299) ParOldGen: 3003903K(3003904K)->3003899K(3003904K)
[127.570s][info][gc,metaspace   ] GC(299) Metaspace: 6302K(6464K)->6300K(6464K) NonClass: 5769K(5824K)->5767K(5824K) Class: 533K(640K)->532K(640K)
[127.570s][info][gc             ] GC(299) Pause Full (Allocation Failure) 2969M->2969M(3076M) 1480.188ms
[127.570s][info][gc,cpu         ] GC(299) User=10.39s Sys=0.00s Real=1.48s
[127.570s][info][gc,start       ] GC(300) Pause Full (Ergonomics)
[127.570s][info][gc,phases,start] GC(300) Marking Phase
[128.260s][info][gc,phases      ] GC(300) Marking Phase 690.261ms
[128.260s][info][gc,phases,start] GC(300) Summary Phase
[128.260s][info][gc,phases      ] GC(300) Summary Phase 0.048ms
[128.260s][info][gc,phases,start] GC(300) Adjust Roots
[128.261s][info][gc,phases      ] GC(300) Adjust Roots 0.194ms
[128.261s][info][gc,phases,start] GC(300) Compaction Phase
[128.502s][info][gc,phases      ] GC(300) Compaction Phase 241.020ms
[128.502s][info][gc,phases,start] GC(300) Post Compact
[128.507s][info][gc,phases      ] GC(300) Post Compact 5.320ms
[128.507s][info][gc,heap        ] GC(300) PSYoungGen: 37373K(146432K)->37373K(146432K) Eden: 35840K(35840K)->35840K(35840K) From: 1533K(110592K)->1533K(110592K)
[128.507s][info][gc,heap        ] GC(300) ParOldGen: 3003902K(3003904K)->3003902K(3003904K)
[128.507s][info][gc,metaspace   ] GC(300) Metaspace: 6300K(6464K)->6300K(6464K) NonClass: 5767K(5824K)->5767K(5824K) Class: 532K(640K)->532K(640K)
[128.507s][info][gc             ] GC(300) Pause Full (Ergonomics) 2969M->2969M(3076M) 937.185ms
[128.507s][info][gc,cpu         ] GC(300) User=6.78s Sys=0.00s Real=0.94s
[128.508s][info][gc,start       ] GC(301) Pause Full (Ergonomics)
[128.508s][info][gc,phases,start] GC(301) Marking Phase
[129.210s][info][gc,phases      ] GC(301) Marking Phase 702.417ms
[129.210s][info][gc,phases,start] GC(301) Summary Phase
[129.210s][info][gc,phases      ] GC(301) Summary Phase 0.058ms
[129.210s][info][gc,phases,start] GC(301) Adjust Roots
[129.210s][info][gc,phases      ] GC(301) Adjust Roots 0.236ms
[129.210s][info][gc,phases,start] GC(301) Compaction Phase
[129.470s][info][gc,phases      ] GC(301) Compaction Phase 259.800ms
[129.470s][info][gc,phases,start] GC(301) Post Compact
[129.476s][info][gc,phases      ] GC(301) Post Compact 5.240ms
[129.476s][info][gc,heap        ] GC(301) PSYoungGen: 37373K(146432K)->37373K(146432K) Eden: 35840K(35840K)->35840K(35840K) From: 1533K(110592K)->1533K(110592K)
[129.476s][info][gc,heap        ] GC(301) ParOldGen: 3003903K(3003904K)->3003903K(3003904K)
[129.476s][info][gc,metaspace   ] GC(301) Metaspace: 6300K(6464K)->6300K(6464K) NonClass: 5767K(5824K)->5767K(5824K) Class: 532K(640K)->532K(640K)
[129.476s][info][gc             ] GC(301) Pause Full (Ergonomics) 2969M->2969M(3076M) 968.107ms
[129.476s][info][gc,cpu         ] GC(301) User=6.88s Sys=0.00s Real=0.97s
[129.476s][info][gc,start       ] GC(302) Pause Full (Allocation Failure)
[129.476s][info][gc,phases,start] GC(302) Marking Phase
[130.166s][info][gc,phases      ] GC(302) Marking Phase 689.991ms
[130.166s][info][gc,phases,start] GC(302) Summary Phase
[130.166s][info][gc,phases      ] GC(302) Summary Phase 0.043ms
[130.166s][info][gc,phases,start] GC(302) Adjust Roots
[130.166s][info][gc,phases      ] GC(302) Adjust Roots 0.221ms
[130.166s][info][gc,phases,start] GC(302) Compaction Phase
[130.414s][info][gc,phases      ] GC(302) Compaction Phase 247.400ms
[130.414s][info][gc,phases,start] GC(302) Post Compact
[130.419s][info][gc,phases      ] GC(302) Post Compact 5.354ms
[130.419s][info][gc,heap        ] GC(302) PSYoungGen: 37373K(146432K)->37373K(146432K) Eden: 35840K(35840K)->35840K(35840K) From: 1533K(110592K)->1533K(110592K)
[130.419s][info][gc,heap        ] GC(302) ParOldGen: 3003903K(3003904K)->3003903K(3003904K)
[130.419s][info][gc,metaspace   ] GC(302) Metaspace: 6300K(6464K)->6300K(6464K) NonClass: 5767K(5824K)->5767K(5824K) Class: 532K(640K)->532K(640K)
[130.419s][info][gc             ] GC(302) Pause Full (Allocation Failure) 2969M->2969M(3076M) 943.347ms
[130.419s][info][gc,cpu         ] GC(302) User=6.89s Sys=0.00s Real=0.94s
[130.420s][info][gc,start       ] GC(303) Pause Full (Ergonomics)
[130.420s][info][gc,phases,start] GC(303) Marking Phase
[131.118s][info][gc,phases      ] GC(303) Marking Phase 698.143ms
[131.118s][info][gc,phases,start] GC(303) Summary Phase
[131.118s][info][gc,phases      ] GC(303) Summary Phase 0.058ms
[131.118s][info][gc,phases,start] GC(303) Adjust Roots
[131.118s][info][gc,phases      ] GC(303) Adjust Roots 0.300ms
[131.118s][info][gc,phases,start] GC(303) Compaction Phase
[131.895s][info][gc,phases      ] GC(303) Compaction Phase 777.023ms
[131.895s][info][gc,phases,start] GC(303) Post Compact
[131.901s][info][gc,phases      ] GC(303) Post Compact 5.559ms
[131.901s][info][gc,heap        ] GC(303) PSYoungGen: 37373K(146432K)->37373K(146432K) Eden: 35840K(35840K)->35840K(35840K) From: 1533K(110592K)->1533K(110592K)
[131.901s][info][gc,heap        ] GC(303) ParOldGen: 3003903K(3003904K)->3003902K(3003904K)
[131.901s][info][gc,metaspace   ] GC(303) Metaspace: 6300K(6464K)->6300K(6464K) NonClass: 5767K(5824K)->5767K(5824K) Class: 532K(640K)->532K(640K)
[131.901s][info][gc             ] GC(303) Pause Full (Ergonomics) 2969M->2969M(3076M) 1481.450ms
[131.901s][info][gc,cpu         ] GC(303) User=10.89s Sys=0.03s Real=1.48s
[131.902s][info][gc,start       ] GC(304) Pause Full (Ergonomics)
[131.902s][info][gc,phases,start] GC(304) Marking Phase
[132.596s][info][gc,phases      ] GC(304) Marking Phase 693.487ms
[132.596s][info][gc,phases,start] GC(304) Summary Phase
[132.596s][info][gc,phases      ] GC(304) Summary Phase 0.049ms
[132.596s][info][gc,phases,start] GC(304) Adjust Roots
[132.596s][info][gc,phases      ] GC(304) Adjust Roots 0.364ms
[132.596s][info][gc,phases,start] GC(304) Compaction Phase
[133.382s][info][gc,phases      ] GC(304) Compaction Phase 785.283ms
[133.382s][info][gc,phases,start] GC(304) Post Compact
[133.388s][info][gc,phases      ] GC(304) Post Compact 6.531ms
[133.388s][info][gc,heap        ] GC(304) PSYoungGen: 37373K(146432K)->37373K(146432K) Eden: 35840K(35840K)->35840K(35840K) From: 1533K(110592K)->1533K(110592K)
[133.388s][info][gc,heap        ] GC(304) ParOldGen: 3003903K(3003904K)->3003901K(3003904K)
[133.388s][info][gc,metaspace   ] GC(304) Metaspace: 6302K(6528K)->6302K(6528K) NonClass: 5768K(5888K)->5768K(5888K) Class: 533K(640K)->533K(640K)
[133.388s][info][gc             ] GC(304) Pause Full (Ergonomics) 2969M->2969M(3076M) 1486.123ms
[133.388s][info][gc,cpu         ] GC(304) User=10.95s Sys=0.00s Real=1.49s
[133.389s][info][gc,heap,exit   ] Heap
[133.389s][info][gc,heap,exit   ]  PSYoungGen      total 146432K, used 37373K [0x00000007a4580000, 0x00000007b6e00000, 0x0000000800000000)
[133.389s][info][gc,heap,exit   ]   eden space 35840K, 100% used [0x00000007a4580000,0x00000007a6880000,0x00000007a6880000)
[133.389s][info][gc,heap,exit   ]   from space 110592K, 1% used [0x00000007a6880000,0x00000007a69ff580,0x00000007ad480000)
[133.389s][info][gc,heap,exit   ]   to   space 132096K, 0% used [0x00000007aed00000,0x00000007aed00000,0x00000007b6e00000)
[133.389s][info][gc,heap,exit   ]  ParOldGen       total 3003904K, used 3003901K [0x00000006ed000000, 0x00000007a4580000, 0x00000007a4580000)
[133.389s][info][gc,heap,exit   ]   object space 3003904K, 99% used [0x00000006ed000000,0x00000007a457f7c8,0x00000007a4580000)
[133.389s][info][gc,heap,exit   ]  Metaspace       used 6305K, committed 6528K, reserved 1114112K
[133.389s][info][gc,heap,exit   ]   class space    used 534K, committed 640K, reserved 1048576K
