[0.012s][info][gc,init] CardTable entry size: 512
[0.012s][info][gc     ] Using Parallel
[0.013s][info][gc,init] Version: 18.0.1+10 (release)
[0.013s][info][gc,init] CPUs: 8 total, 8 available
[0.013s][info][gc,init] Memory: 16063M
[0.013s][info][gc,init] Large Page Support: Disabled
[0.013s][info][gc,init] NUMA Support: Disabled
[0.013s][info][gc,init] Compressed Oops: Enabled (Zero based)
[0.013s][info][gc,init] Alignments: Space 512K, Generation 512K, Heap 2M
[0.013s][info][gc,init] Heap Min Capacity: 2M
[0.013s][info][gc,init] Heap Initial Capacity: 2M
[0.013s][info][gc,init] Heap Max Capacity: 11300M
[0.013s][info][gc,init] Pre-touch: Disabled
[0.013s][info][gc,init] Parallel Workers: 8
[0.013s][info][gc,metaspace] CDS archive(s) not mapped
[0.013s][info][gc,metaspace] Compressed class space mapped at: 0x0000000800000000-0x0000000840000000, reserved size: 1073741824
[0.013s][info][gc,metaspace] Narrow klass base: 0x0000000800000000, Narrow klass shift: 0, Narrow klass range: 0x40000000
[0.109s][info][gc,start    ] GC(0) Pause Young (Allocation Failure)
[0.110s][info][gc,heap     ] GC(0) PSYoungGen: 512K(1024K)->480K(1024K) Eden: 512K(512K)->0K(512K) From: 0K(512K)->480K(512K)
[0.110s][info][gc,heap     ] GC(0) ParOldGen: 0K(512K)->8K(512K)
[0.110s][info][gc,metaspace] GC(0) Metaspace: 4229K(4352K)->4229K(4352K) NonClass: 3908K(3968K)->3908K(3968K) Class: 321K(384K)->321K(384K)
[0.110s][info][gc          ] GC(0) Pause Young (Allocation Failure) 0M->0M(1M) 1.365ms
[0.110s][info][gc,cpu      ] GC(0) User=0.00s Sys=0.00s Real=0.00s
[0.171s][info][gc,start    ] GC(1) Pause Young (Allocation Failure)
[0.172s][info][gc,heap     ] GC(1) PSYoungGen: 991K(1024K)->512K(1536K) Eden: 511K(512K)->0K(1024K) From: 480K(512K)->512K(512K)
[0.172s][info][gc,heap     ] GC(1) ParOldGen: 8K(512K)->88K(512K)
[0.172s][info][gc,metaspace] GC(1) Metaspace: 5880K(6016K)->5880K(6016K) NonClass: 5383K(5504K)->5383K(5504K) Class: 496K(512K)->496K(512K)
[0.172s][info][gc          ] GC(1) Pause Young (Allocation Failure) 0M->0M(2M) 0.885ms
[0.172s][info][gc,cpu      ] GC(1) User=0.00s Sys=0.00s Real=0.00s
[0.193s][info][gc,start    ] GC(2) Pause Young (Allocation Failure)
[0.194s][info][gc,heap     ] GC(2) PSYoungGen: 1536K(1536K)->512K(1536K) Eden: 1024K(1024K)->0K(1024K) From: 512K(512K)->512K(512K)
[0.194s][info][gc,heap     ] GC(2) ParOldGen: 88K(512K)->504K(512K)
[0.194s][info][gc,metaspace] GC(2) Metaspace: 6301K(6528K)->6301K(6528K) NonClass: 5768K(5888K)->5768K(5888K) Class: 533K(640K)->533K(640K)
[0.194s][info][gc          ] GC(2) Pause Young (Allocation Failure) 1M->0M(2M) 1.226ms
[0.194s][info][gc,cpu      ] GC(2) User=0.00s Sys=0.00s Real=0.00s
[0.194s][info][gc,start    ] GC(3) Pause Full (Ergonomics)
[0.194s][info][gc,phases,start] GC(3) Marking Phase
[0.195s][info][gc,phases      ] GC(3) Marking Phase 0.976ms
[0.195s][info][gc,phases,start] GC(3) Summary Phase
[0.195s][info][gc,phases      ] GC(3) Summary Phase 0.017ms
[0.195s][info][gc,phases,start] GC(3) Adjust Roots
[0.196s][info][gc,phases      ] GC(3) Adjust Roots 0.414ms
[0.196s][info][gc,phases,start] GC(3) Compaction Phase
[0.197s][info][gc,phases      ] GC(3) Compaction Phase 1.572ms
[0.197s][info][gc,phases,start] GC(3) Post Compact
[0.198s][info][gc,phases      ] GC(3) Post Compact 0.073ms
[0.198s][info][gc,heap        ] GC(3) PSYoungGen: 512K(1536K)->506K(1536K) Eden: 0K(1024K)->0K(1024K) From: 512K(512K)->506K(512K)
[0.198s][info][gc,heap        ] GC(3) ParOldGen: 504K(512K)->474K(2048K)
[0.198s][info][gc,metaspace   ] GC(3) Metaspace: 6301K(6528K)->6301K(6528K) NonClass: 5768K(5888K)->5768K(5888K) Class: 533K(640K)->533K(640K)
[0.198s][info][gc             ] GC(3) Pause Full (Ergonomics) 0M->0M(3M) 3.292ms
[0.198s][info][gc,cpu         ] GC(3) User=0.00s Sys=0.00s Real=0.00s
[0.199s][info][gc,start       ] GC(4) Pause Young (Allocation Failure)
[0.200s][info][gc,heap        ] GC(4) PSYoungGen: 1530K(1536K)->480K(2560K) Eden: 1024K(1024K)->0K(2048K) From: 506K(512K)->480K(512K)
[0.201s][info][gc,heap        ] GC(4) ParOldGen: 474K(2048K)->1034K(2048K)
[0.201s][info][gc,metaspace   ] GC(4) Metaspace: 6301K(6528K)->6301K(6528K) NonClass: 5768K(5888K)->5768K(5888K) Class: 533K(640K)->533K(640K)
[0.201s][info][gc             ] GC(4) Pause Young (Allocation Failure) 1M->1M(4M) 1.373ms
[0.201s][info][gc,cpu         ] GC(4) User=0.00s Sys=0.00s Real=0.00s
[0.204s][info][gc,start       ] GC(5) Pause Young (Allocation Failure)
[0.205s][info][gc,heap        ] GC(5) PSYoungGen: 2528K(2560K)->480K(2560K) Eden: 2048K(2048K)->0K(2048K) From: 480K(512K)->480K(512K)
[0.205s][info][gc,heap        ] GC(5) ParOldGen: 1034K(2048K)->2106K(2560K)
[0.206s][info][gc,metaspace   ] GC(5) Metaspace: 6301K(6528K)->6301K(6528K) NonClass: 5768K(5888K)->5768K(5888K) Class: 533K(640K)->533K(640K)
[0.206s][info][gc             ] GC(5) Pause Young (Allocation Failure) 3M->2M(5M) 1.880ms
[0.206s][info][gc,cpu         ] GC(5) User=0.00s Sys=0.00s Real=0.00s
[0.206s][info][gc,start       ] GC(6) Pause Full (Ergonomics)
[0.206s][info][gc,phases,start] GC(6) Marking Phase
[0.208s][info][gc,phases      ] GC(6) Marking Phase 1.923ms
[0.208s][info][gc,phases,start] GC(6) Summary Phase
[0.208s][info][gc,phases      ] GC(6) Summary Phase 0.016ms
[0.208s][info][gc,phases,start] GC(6) Adjust Roots
[0.208s][info][gc,phases      ] GC(6) Adjust Roots 0.323ms
[0.208s][info][gc,phases,start] GC(6) Compaction Phase
[0.210s][info][gc,phases      ] GC(6) Compaction Phase 1.870ms
[0.210s][info][gc,phases,start] GC(6) Post Compact
[0.210s][info][gc,phases      ] GC(6) Post Compact 0.031ms
[0.210s][info][gc,heap        ] GC(6) PSYoungGen: 480K(2560K)->0K(4096K) Eden: 0K(2048K)->0K(3072K) From: 480K(512K)->0K(1024K)
[0.210s][info][gc,heap        ] GC(6) ParOldGen: 2106K(2560K)->2542K(6144K)
[0.210s][info][gc,metaspace   ] GC(6) Metaspace: 6301K(6528K)->6301K(6528K) NonClass: 5768K(5888K)->5768K(5888K) Class: 533K(640K)->533K(640K)
[0.210s][info][gc             ] GC(6) Pause Full (Ergonomics) 2M->2M(10M) 4.505ms
[0.210s][info][gc,cpu         ] GC(6) User=0.00s Sys=0.00s Real=0.00s
[0.215s][info][gc,start       ] GC(7) Pause Young (Allocation Failure)
[0.217s][info][gc,heap        ] GC(7) PSYoungGen: 3072K(4096K)->1664K(5120K) Eden: 3072K(3072K)->0K(3072K) From: 0K(1024K)->1664K(2048K)
[0.217s][info][gc,heap        ] GC(7) ParOldGen: 2542K(6144K)->2542K(6144K)
[0.217s][info][gc,metaspace   ] GC(7) Metaspace: 6301K(6528K)->6301K(6528K) NonClass: 5768K(5888K)->5768K(5888K) Class: 533K(640K)->533K(640K)
[0.217s][info][gc             ] GC(7) Pause Young (Allocation Failure) 5M->4M(11M) 1.857ms
[0.217s][info][gc,cpu         ] GC(7) User=0.00s Sys=0.00s Real=0.00s
[0.222s][info][gc,start       ] GC(8) Pause Young (Allocation Failure)
[0.225s][info][gc,heap        ] GC(8) PSYoungGen: 4736K(5120K)->2016K(5632K) Eden: 3072K(3072K)->0K(3584K) From: 1664K(2048K)->2016K(2048K)
[0.225s][info][gc,heap        ] GC(8) ParOldGen: 2542K(6144K)->3774K(6144K)
[0.225s][info][gc,metaspace   ] GC(8) Metaspace: 6301K(6528K)->6301K(6528K) NonClass: 5768K(5888K)->5768K(5888K) Class: 533K(640K)->533K(640K)
[0.225s][info][gc             ] GC(8) Pause Young (Allocation Failure) 7M->5M(11M) 3.083ms
[0.225s][info][gc,cpu         ] GC(8) User=0.00s Sys=0.00s Real=0.00s
[0.231s][info][gc,start       ] GC(9) Pause Young (Allocation Failure)
[0.235s][info][gc,heap        ] GC(9) PSYoungGen: 5600K(5632K)->3040K(6656K) Eden: 3584K(3584K)->0K(3584K) From: 2016K(2048K)->3040K(3072K)
[0.235s][info][gc,heap        ] GC(9) ParOldGen: 3774K(6144K)->4614K(6144K)
[0.235s][info][gc,metaspace   ] GC(9) Metaspace: 6301K(6528K)->6301K(6528K) NonClass: 5768K(5888K)->5768K(5888K) Class: 533K(640K)->533K(640K)
[0.235s][info][gc             ] GC(9) Pause Young (Allocation Failure) 9M->7M(12M) 3.720ms
[0.235s][info][gc,cpu         ] GC(9) User=0.00s Sys=0.00s Real=0.00s
[0.239s][info][gc,start       ] GC(10) Pause Young (Allocation Failure)
[0.242s][info][gc,heap        ] GC(10) PSYoungGen: 6624K(6656K)->4064K(8704K) Eden: 3584K(3584K)->0K(4608K) From: 3040K(3072K)->4064K(4096K)
[0.243s][info][gc,heap        ] GC(10) ParOldGen: 4614K(6144K)->5454K(6144K)
[0.243s][info][gc,metaspace   ] GC(10) Metaspace: 6301K(6528K)->6301K(6528K) NonClass: 5768K(5888K)->5768K(5888K) Class: 533K(640K)->533K(640K)
[0.243s][info][gc             ] GC(10) Pause Young (Allocation Failure) 10M->9M(14M) 4.010ms
[0.243s][info][gc,cpu         ] GC(10) User=0.02s Sys=0.00s Real=0.00s
[0.243s][info][gc,start       ] GC(11) Pause Full (Ergonomics)
[0.243s][info][gc,phases,start] GC(11) Marking Phase
[0.247s][info][gc,phases      ] GC(11) Marking Phase 4.260ms
[0.247s][info][gc,phases,start] GC(11) Summary Phase
[0.247s][info][gc,phases      ] GC(11) Summary Phase 0.017ms
[0.247s][info][gc,phases,start] GC(11) Adjust Roots
[0.247s][info][gc,phases      ] GC(11) Adjust Roots 0.371ms
[0.248s][info][gc,phases,start] GC(11) Compaction Phase
[0.253s][info][gc,phases      ] GC(11) Compaction Phase 5.843ms
[0.253s][info][gc,phases,start] GC(11) Post Compact
[0.253s][info][gc,phases      ] GC(11) Post Compact 0.051ms
[0.254s][info][gc,heap        ] GC(11) PSYoungGen: 4064K(8704K)->3545K(8704K) Eden: 0K(4608K)->0K(4608K) From: 4064K(4096K)->3545K(4096K)
[0.254s][info][gc,heap        ] GC(11) ParOldGen: 5454K(6144K)->5831K(10752K)
[0.254s][info][gc,metaspace   ] GC(11) Metaspace: 6301K(6528K)->6301K(6528K) NonClass: 5768K(5888K)->5768K(5888K) Class: 533K(640K)->533K(640K)
[0.254s][info][gc             ] GC(11) Pause Full (Ergonomics) 9M->9M(19M) 10.835ms
[0.254s][info][gc,cpu         ] GC(11) User=0.00s Sys=0.00s Real=0.01s
[0.260s][info][gc,start       ] GC(12) Pause Young (Allocation Failure)
[0.264s][info][gc,heap        ] GC(12) PSYoungGen: 8013K(8704K)->5088K(9728K) Eden: 4468K(4608K)->0K(4608K) From: 3545K(4096K)->5088K(5120K)
[0.264s][info][gc,heap        ] GC(12) ParOldGen: 5831K(10752K)->6615K(10752K)
[0.264s][info][gc,metaspace   ] GC(12) Metaspace: 6301K(6528K)->6301K(6528K) NonClass: 5768K(5888K)->5768K(5888K) Class: 533K(640K)->533K(640K)
[0.264s][info][gc             ] GC(12) Pause Young (Allocation Failure) 13M->11M(20M) 4.114ms
[0.264s][info][gc,cpu         ] GC(12) User=0.00s Sys=0.00s Real=0.00s
[0.270s][info][gc,start       ] GC(13) Pause Young (Allocation Failure)
[0.276s][info][gc,heap        ] GC(13) PSYoungGen: 9696K(9728K)->6112K(11264K) Eden: 4608K(4608K)->0K(5120K) From: 5088K(5120K)->6112K(6144K)
[0.276s][info][gc,heap        ] GC(13) ParOldGen: 6615K(10752K)->7991K(10752K)
[0.276s][info][gc,metaspace   ] GC(13) Metaspace: 6301K(6528K)->6301K(6528K) NonClass: 5768K(5888K)->5768K(5888K) Class: 533K(640K)->533K(640K)
[0.276s][info][gc             ] GC(13) Pause Young (Allocation Failure) 15M->13M(21M) 6.171ms
[0.276s][info][gc,cpu         ] GC(13) User=0.00s Sys=0.02s Real=0.01s
[0.281s][info][gc,start       ] GC(14) Pause Young (Allocation Failure)
[0.287s][info][gc,heap        ] GC(14) PSYoungGen: 11232K(11264K)->5216K(12800K) Eden: 5120K(5120K)->0K(5120K) From: 6112K(6144K)->5216K(7680K)
[0.287s][info][gc,heap        ] GC(14) ParOldGen: 7991K(10752K)->11591K(11776K)
[0.287s][info][gc,metaspace   ] GC(14) Metaspace: 6303K(6528K)->6303K(6528K) NonClass: 5770K(5888K)->5770K(5888K) Class: 533K(640K)->533K(640K)
[0.287s][info][gc             ] GC(14) Pause Young (Allocation Failure) 18M->16M(24M) 6.445ms
[0.287s][info][gc,cpu         ] GC(14) User=0.00s Sys=0.00s Real=0.01s
[0.287s][info][gc,start       ] GC(15) Pause Full (Ergonomics)
[0.287s][info][gc,phases,start] GC(15) Marking Phase
[0.295s][info][gc,phases      ] GC(15) Marking Phase 7.420ms
[0.295s][info][gc,phases,start] GC(15) Summary Phase
[0.295s][info][gc,phases      ] GC(15) Summary Phase 0.017ms
[0.295s][info][gc,phases,start] GC(15) Adjust Roots
[0.295s][info][gc,phases      ] GC(15) Adjust Roots 0.207ms
[0.295s][info][gc,phases,start] GC(15) Compaction Phase
[0.302s][info][gc,phases      ] GC(15) Compaction Phase 6.940ms
[0.302s][info][gc,phases,start] GC(15) Post Compact
[0.302s][info][gc,phases      ] GC(15) Post Compact 0.086ms
[0.302s][info][gc,heap        ] GC(15) PSYoungGen: 5216K(12800K)->5178K(12800K) Eden: 0K(5120K)->0K(5120K) From: 5216K(7680K)->5178K(7680K)
[0.302s][info][gc,heap        ] GC(15) ParOldGen: 11591K(11776K)->11472K(18432K)
[0.302s][info][gc,metaspace   ] GC(15) Metaspace: 6303K(6528K)->6303K(6528K) NonClass: 5770K(5888K)->5770K(5888K) Class: 533K(640K)->533K(640K)
[0.302s][info][gc             ] GC(15) Pause Full (Ergonomics) 16M->16M(30M) 15.024ms
[0.302s][info][gc,cpu         ] GC(15) User=0.02s Sys=0.00s Real=0.02s
[0.306s][info][gc,start       ] GC(16) Pause Young (Allocation Failure)
[0.312s][info][gc,heap        ] GC(16) PSYoungGen: 10298K(12800K)->2656K(14336K) Eden: 5120K(5120K)->0K(7168K) From: 5178K(7680K)->2656K(7168K)
[0.312s][info][gc,heap        ] GC(16) ParOldGen: 11472K(18432K)->16728K(18432K)
[0.312s][info][gc,metaspace   ] GC(16) Metaspace: 6303K(6528K)->6303K(6528K) NonClass: 5770K(5888K)->5770K(5888K) Class: 533K(640K)->533K(640K)
[0.312s][info][gc             ] GC(16) Pause Young (Allocation Failure) 21M->18M(32M) 6.396ms
[0.312s][info][gc,cpu         ] GC(16) User=0.00s Sys=0.00s Real=0.01s
[0.313s][info][gc,start       ] GC(17) Pause Full (Ergonomics)
[0.313s][info][gc,phases,start] GC(17) Marking Phase
[0.321s][info][gc,phases      ] GC(17) Marking Phase 8.800ms
[0.321s][info][gc,phases,start] GC(17) Summary Phase
[0.321s][info][gc,phases      ] GC(17) Summary Phase 0.016ms
[0.321s][info][gc,phases,start] GC(17) Adjust Roots
[0.322s][info][gc,phases      ] GC(17) Adjust Roots 0.202ms
[0.322s][info][gc,phases,start] GC(17) Compaction Phase
[0.328s][info][gc,phases      ] GC(17) Compaction Phase 6.336ms
[0.328s][info][gc,phases,start] GC(17) Post Compact
[0.328s][info][gc,phases      ] GC(17) Post Compact 0.083ms
[0.328s][info][gc,heap        ] GC(17) PSYoungGen: 2656K(14336K)->1105K(14848K) Eden: 0K(7168K)->0K(7680K) From: 2656K(7168K)->1105K(7168K)
[0.328s][info][gc,heap        ] GC(17) ParOldGen: 16728K(18432K)->18183K(27648K)
[0.328s][info][gc,metaspace   ] GC(17) Metaspace: 6303K(6528K)->6303K(6528K) NonClass: 5770K(5888K)->5770K(5888K) Class: 533K(640K)->533K(640K)
[0.328s][info][gc             ] GC(17) Pause Full (Ergonomics) 18M->18M(41M) 15.776ms
[0.328s][info][gc,cpu         ] GC(17) User=0.02s Sys=0.00s Real=0.02s
[0.333s][info][gc,start       ] GC(18) Pause Young (Allocation Failure)
[0.338s][info][gc,heap        ] GC(18) PSYoungGen: 7799K(14848K)->3424K(15360K) Eden: 6694K(7680K)->0K(7680K) From: 1105K(7168K)->3424K(7680K)
[0.338s][info][gc,heap        ] GC(18) ParOldGen: 18183K(27648K)->19319K(27648K)
[0.338s][info][gc,metaspace   ] GC(18) Metaspace: 6303K(6528K)->6303K(6528K) NonClass: 5770K(5888K)->5770K(5888K) Class: 533K(640K)->533K(640K)
[0.338s][info][gc             ] GC(18) Pause Young (Allocation Failure) 25M->22M(42M) 5.029ms
[0.338s][info][gc,cpu         ] GC(18) User=0.00s Sys=0.00s Real=0.00s
[0.346s][info][gc,start       ] GC(19) Pause Young (Allocation Failure)
[0.352s][info][gc,heap        ] GC(19) PSYoungGen: 11103K(15360K)->4512K(17920K) Eden: 7679K(7680K)->0K(10240K) From: 3424K(7680K)->4512K(7680K)
[0.353s][info][gc,heap        ] GC(19) ParOldGen: 19319K(27648K)->22775K(27648K)
[0.353s][info][gc,metaspace   ] GC(19) Metaspace: 6303K(6528K)->6303K(6528K) NonClass: 5770K(5888K)->5770K(5888K) Class: 533K(640K)->533K(640K)
[0.353s][info][gc             ] GC(19) Pause Young (Allocation Failure) 29M->26M(44M) 7.084ms
[0.353s][info][gc,cpu         ] GC(19) User=0.02s Sys=0.00s Real=0.01s
[0.360s][info][gc,start       ] GC(20) Pause Young (Allocation Failure)
[0.367s][info][gc,heap        ] GC(20) PSYoungGen: 14752K(17920K)->5344K(17920K) Eden: 10240K(10240K)->0K(10240K) From: 4512K(7680K)->5344K(7680K)
[0.367s][info][gc,heap        ] GC(20) ParOldGen: 22775K(27648K)->27303K(27648K)
[0.367s][info][gc,metaspace   ] GC(20) Metaspace: 6303K(6528K)->6303K(6528K) NonClass: 5770K(5888K)->5770K(5888K) Class: 533K(640K)->533K(640K)
[0.367s][info][gc             ] GC(20) Pause Young (Allocation Failure) 36M->31M(44M) 7.505ms
[0.367s][info][gc,cpu         ] GC(20) User=0.00s Sys=0.00s Real=0.01s
[0.367s][info][gc,start       ] GC(21) Pause Full (Ergonomics)
[0.367s][info][gc,phases,start] GC(21) Marking Phase
[0.382s][info][gc,phases      ] GC(21) Marking Phase 14.277ms
[0.382s][info][gc,phases,start] GC(21) Summary Phase
[0.382s][info][gc,phases      ] GC(21) Summary Phase 0.017ms
[0.382s][info][gc,phases,start] GC(21) Adjust Roots
[0.382s][info][gc,phases      ] GC(21) Adjust Roots 0.235ms
[0.382s][info][gc,phases,start] GC(21) Compaction Phase
[0.396s][info][gc,phases      ] GC(21) Compaction Phase 14.233ms
[0.396s][info][gc,phases,start] GC(21) Post Compact
[0.396s][info][gc,phases      ] GC(21) Post Compact 0.122ms
[0.397s][info][gc,heap        ] GC(21) PSYoungGen: 5344K(17920K)->4779K(17920K) Eden: 0K(10240K)->0K(10240K) From: 5344K(7680K)->4779K(7680K)
[0.397s][info][gc,heap        ] GC(21) ParOldGen: 27303K(27648K)->27140K(38912K)
[0.397s][info][gc,metaspace   ] GC(21) Metaspace: 6303K(6528K)->6303K(6528K) NonClass: 5770K(5888K)->5770K(5888K) Class: 533K(640K)->533K(640K)
[0.397s][info][gc             ] GC(21) Pause Full (Ergonomics) 31M->31M(55M) 29.408ms
[0.397s][info][gc,cpu         ] GC(21) User=0.00s Sys=0.00s Real=0.03s
[0.407s][info][gc,start       ] GC(22) Pause Young (Allocation Failure)
[0.419s][info][gc,heap        ] GC(22) PSYoungGen: 15019K(17920K)->8192K(17920K) Eden: 10240K(10240K)->0K(9728K) From: 4779K(7680K)->8192K(8192K)
[0.419s][info][gc,heap        ] GC(22) ParOldGen: 27140K(38912K)->32972K(38912K)
[0.419s][info][gc,metaspace   ] GC(22) Metaspace: 6303K(6528K)->6303K(6528K) NonClass: 5770K(5888K)->5770K(5888K) Class: 533K(640K)->533K(640K)
[0.419s][info][gc             ] GC(22) Pause Young (Allocation Failure) 41M->40M(55M) 12.385ms
[0.419s][info][gc,cpu         ] GC(22) User=0.00s Sys=0.02s Real=0.01s
[0.419s][info][gc,start       ] GC(23) Pause Full (Ergonomics)
[0.419s][info][gc,phases,start] GC(23) Marking Phase
[0.437s][info][gc,phases      ] GC(23) Marking Phase 17.366ms
[0.437s][info][gc,phases,start] GC(23) Summary Phase
[0.437s][info][gc,phases      ] GC(23) Summary Phase 0.015ms
[0.437s][info][gc,phases,start] GC(23) Adjust Roots
[0.437s][info][gc,phases      ] GC(23) Adjust Roots 0.173ms
[0.437s][info][gc,phases,start] GC(23) Compaction Phase
[0.452s][info][gc,phases      ] GC(23) Compaction Phase 14.582ms
[0.452s][info][gc,phases,start] GC(23) Post Compact
[0.452s][info][gc,phases      ] GC(23) Post Compact 0.212ms
[0.452s][info][gc,heap        ] GC(23) PSYoungGen: 8192K(17920K)->2555K(17920K) Eden: 0K(9728K)->0K(9728K) From: 8192K(8192K)->2555K(8192K)
[0.452s][info][gc,heap        ] GC(23) ParOldGen: 32972K(38912K)->38489K(52736K)
[0.452s][info][gc,metaspace   ] GC(23) Metaspace: 6303K(6528K)->6303K(6528K) NonClass: 5770K(5888K)->5770K(5888K) Class: 533K(640K)->533K(640K)
[0.452s][info][gc             ] GC(23) Pause Full (Ergonomics) 40M->40M(69M) 32.708ms
[0.452s][info][gc,cpu         ] GC(23) User=0.05s Sys=0.00s Real=0.03s
[0.467s][info][gc,start       ] GC(24) Pause Young (Allocation Failure)
[0.477s][info][gc,heap        ] GC(24) PSYoungGen: 12283K(17920K)->9760K(20992K) Eden: 9728K(9728K)->0K(9728K) From: 2555K(8192K)->9760K(11264K)
[0.477s][info][gc,heap        ] GC(24) ParOldGen: 38489K(52736K)->41097K(52736K)
[0.477s][info][gc,metaspace   ] GC(24) Metaspace: 6303K(6528K)->6303K(6528K) NonClass: 5770K(5888K)->5770K(5888K) Class: 533K(640K)->533K(640K)
[0.477s][info][gc             ] GC(24) Pause Young (Allocation Failure) 49M->49M(72M) 10.235ms
[0.477s][info][gc,cpu         ] GC(24) User=0.00s Sys=0.00s Real=0.01s
[0.488s][info][gc,start       ] GC(25) Pause Young (Allocation Failure)
[0.502s][info][gc,heap        ] GC(25) PSYoungGen: 19488K(20992K)->12768K(19968K) Eden: 9728K(9728K)->0K(7168K) From: 9760K(11264K)->12768K(12800K)
[0.502s][info][gc,heap        ] GC(25) ParOldGen: 41097K(52736K)->47865K(52736K)
[0.502s][info][gc,metaspace   ] GC(25) Metaspace: 6303K(6528K)->6303K(6528K) NonClass: 5770K(5888K)->5770K(5888K) Class: 533K(640K)->533K(640K)
[0.502s][info][gc             ] GC(25) Pause Young (Allocation Failure) 59M->59M(71M) 13.980ms
[0.502s][info][gc,cpu         ] GC(25) User=0.02s Sys=0.00s Real=0.01s
[0.502s][info][gc,start       ] GC(26) Pause Full (Ergonomics)
[0.502s][info][gc,phases,start] GC(26) Marking Phase
[0.527s][info][gc,phases      ] GC(26) Marking Phase 24.700ms
[0.527s][info][gc,phases,start] GC(26) Summary Phase
[0.527s][info][gc,phases      ] GC(26) Summary Phase 0.017ms
[0.527s][info][gc,phases,start] GC(26) Adjust Roots
[0.527s][info][gc,phases      ] GC(26) Adjust Roots 0.155ms
[0.527s][info][gc,phases,start] GC(26) Compaction Phase
[0.547s][info][gc,phases      ] GC(26) Compaction Phase 19.921ms
[0.547s][info][gc,phases,start] GC(26) Post Compact
[0.547s][info][gc,phases      ] GC(26) Post Compact 0.204ms
[0.548s][info][gc,heap        ] GC(26) PSYoungGen: 12768K(19968K)->7122K(19968K) Eden: 0K(7168K)->0K(7168K) From: 12768K(12800K)->7122K(12800K)
[0.548s][info][gc,heap        ] GC(26) ParOldGen: 47865K(52736K)->52301K(69120K)
[0.548s][info][gc,metaspace   ] GC(26) Metaspace: 6303K(6528K)->6303K(6528K) NonClass: 5770K(5888K)->5770K(5888K) Class: 533K(640K)->533K(640K)
[0.548s][info][gc             ] GC(26) Pause Full (Ergonomics) 59M->58M(87M) 45.376ms
[0.548s][info][gc,cpu         ] GC(26) User=0.05s Sys=0.00s Real=0.05s
[0.555s][info][gc,start       ] GC(27) Pause Young (Allocation Failure)
[0.569s][info][gc,heap        ] GC(27) PSYoungGen: 14290K(19968K)->7168K(24576K) Eden: 7168K(7168K)->0K(7168K) From: 7122K(12800K)->7168K(17408K)
[0.569s][info][gc,heap        ] GC(27) ParOldGen: 52301K(69120K)->59549K(69120K)
[0.569s][info][gc,metaspace   ] GC(27) Metaspace: 6303K(6528K)->6303K(6528K) NonClass: 5770K(5888K)->5770K(5888K) Class: 533K(640K)->533K(640K)
[0.569s][info][gc             ] GC(27) Pause Young (Allocation Failure) 65M->65M(91M) 14.186ms
[0.569s][info][gc,cpu         ] GC(27) User=0.00s Sys=0.00s Real=0.02s
[0.576s][info][gc,start       ] GC(28) Pause Young (Allocation Failure)
[0.586s][info][gc,heap        ] GC(28) PSYoungGen: 14336K(24576K)->14336K(23040K) Eden: 7168K(7168K)->0K(6656K) From: 7168K(17408K)->14336K(16384K)
[0.586s][info][gc,heap        ] GC(28) ParOldGen: 59549K(69120K)->59549K(69120K)
[0.586s][info][gc,metaspace   ] GC(28) Metaspace: 6303K(6528K)->6303K(6528K) NonClass: 5770K(5888K)->5770K(5888K) Class: 533K(640K)->533K(640K)
[0.586s][info][gc             ] GC(28) Pause Young (Allocation Failure) 72M->72M(90M) 10.047ms
[0.586s][info][gc,cpu         ] GC(28) User=0.02s Sys=0.00s Real=0.01s
[0.593s][info][gc,start       ] GC(29) Pause Young (Allocation Failure)
[0.607s][info][gc,heap        ] GC(29) PSYoungGen: 20992K(23040K)->13824K(25088K) Eden: 6656K(6656K)->0K(6656K) From: 14336K(16384K)->13824K(18432K)
[0.607s][info][gc,heap        ] GC(29) ParOldGen: 59549K(69120K)->66805K(69120K)
[0.607s][info][gc,metaspace   ] GC(29) Metaspace: 6303K(6528K)->6303K(6528K) NonClass: 5770K(5888K)->5770K(5888K) Class: 533K(640K)->533K(640K)
[0.607s][info][gc             ] GC(29) Pause Young (Allocation Failure) 78M->78M(92M) 13.838ms
[0.607s][info][gc,cpu         ] GC(29) User=0.02s Sys=0.00s Real=0.01s
[0.607s][info][gc,start       ] GC(30) Pause Full (Ergonomics)
[0.607s][info][gc,phases,start] GC(30) Marking Phase
[0.639s][info][gc,phases      ] GC(30) Marking Phase 32.410ms
[0.639s][info][gc,phases,start] GC(30) Summary Phase
[0.639s][info][gc,phases      ] GC(30) Summary Phase 0.019ms
[0.639s][info][gc,phases,start] GC(30) Adjust Roots
[0.640s][info][gc,phases      ] GC(30) Adjust Roots 0.169ms
[0.640s][info][gc,phases,start] GC(30) Compaction Phase
[0.660s][info][gc,phases      ] GC(30) Compaction Phase 19.864ms
[0.660s][info][gc,phases,start] GC(30) Post Compact
[0.660s][info][gc,phases      ] GC(30) Post Compact 0.472ms
[0.660s][info][gc,heap        ] GC(30) PSYoungGen: 13824K(25088K)->11209K(25088K) Eden: 0K(6656K)->0K(6656K) From: 13824K(18432K)->11209K(18432K)
[0.660s][info][gc,heap        ] GC(30) ParOldGen: 66805K(69120K)->69117K(89600K)
[0.660s][info][gc,metaspace   ] GC(30) Metaspace: 6303K(6528K)->6303K(6528K) NonClass: 5770K(5888K)->5770K(5888K) Class: 533K(640K)->533K(640K)
[0.660s][info][gc             ] GC(30) Pause Full (Ergonomics) 78M->78M(112M) 53.381ms
[0.660s][info][gc,cpu         ] GC(30) User=0.09s Sys=0.00s Real=0.05s
[0.668s][info][gc,start       ] GC(31) Pause Young (Allocation Failure)
[0.684s][info][gc,heap        ] GC(31) PSYoungGen: 17865K(25088K)->11968K(27648K) Eden: 6656K(6656K)->0K(8192K) From: 11209K(18432K)->11968K(19456K)
[0.684s][info][gc,heap        ] GC(31) ParOldGen: 69117K(89600K)->75157K(89600K)
[0.684s][info][gc,metaspace   ] GC(31) Metaspace: 6303K(6528K)->6303K(6528K) NonClass: 5770K(5888K)->5770K(5888K) Class: 533K(640K)->533K(640K)
[0.684s][info][gc             ] GC(31) Pause Young (Allocation Failure) 84M->85M(114M) 15.476ms
[0.684s][info][gc,cpu         ] GC(31) User=0.02s Sys=0.00s Real=0.02s
[0.704s][info][gc,start       ] GC(32) Pause Young (Allocation Failure)
[0.717s][info][gc,heap        ] GC(32) PSYoungGen: 20160K(27648K)->19936K(28160K) Eden: 8192K(8192K)->0K(8192K) From: 11968K(19456K)->19936K(19968K)
[0.717s][info][gc,heap        ] GC(32) ParOldGen: 75157K(89600K)->75333K(89600K)
[0.717s][info][gc,metaspace   ] GC(32) Metaspace: 6303K(6528K)->6303K(6528K) NonClass: 5770K(5888K)->5770K(5888K) Class: 533K(640K)->533K(640K)
[0.717s][info][gc             ] GC(32) Pause Young (Allocation Failure) 93M->93M(115M) 13.516ms
[0.717s][info][gc,cpu         ] GC(32) User=0.02s Sys=0.00s Real=0.01s
[0.725s][info][gc,start       ] GC(33) Pause Young (Allocation Failure)
[0.743s][info][gc,heap        ] GC(33) PSYoungGen: 28128K(28160K)->16352K(31744K) Eden: 8192K(8192K)->0K(8704K) From: 19936K(19968K)->16352K(23040K)
[0.743s][info][gc,heap        ] GC(33) ParOldGen: 75333K(89600K)->87293K(89600K)
[0.743s][info][gc,metaspace   ] GC(33) Metaspace: 6303K(6528K)->6303K(6528K) NonClass: 5770K(5888K)->5770K(5888K) Class: 533K(640K)->533K(640K)
[0.743s][info][gc             ] GC(33) Pause Young (Allocation Failure) 101M->101M(118M) 17.631ms
[0.743s][info][gc,cpu         ] GC(33) User=0.03s Sys=0.00s Real=0.02s
[0.743s][info][gc,start       ] GC(34) Pause Full (Ergonomics)
[0.743s][info][gc,phases,start] GC(34) Marking Phase
[0.785s][info][gc,phases      ] GC(34) Marking Phase 41.680ms
[0.785s][info][gc,phases,start] GC(34) Summary Phase
[0.785s][info][gc,phases      ] GC(34) Summary Phase 0.015ms
[0.785s][info][gc,phases,start] GC(34) Adjust Roots
[0.785s][info][gc,phases      ] GC(34) Adjust Roots 0.176ms
[0.785s][info][gc,phases,start] GC(34) Compaction Phase
[0.815s][info][gc,phases      ] GC(34) Compaction Phase 30.002ms
[0.815s][info][gc,phases,start] GC(34) Post Compact
[0.815s][info][gc,phases      ] GC(34) Post Compact 0.321ms
[0.816s][info][gc,heap        ] GC(34) PSYoungGen: 16352K(31744K)->11689K(31744K) Eden: 0K(8704K)->0K(8704K) From: 16352K(23040K)->11689K(23040K)
[0.816s][info][gc,heap        ] GC(34) ParOldGen: 87293K(89600K)->89550K(114176K)
[0.816s][info][gc,metaspace   ] GC(34) Metaspace: 6303K(6528K)->6303K(6528K) NonClass: 5770K(5888K)->5770K(5888K) Class: 533K(640K)->533K(640K)
[0.816s][info][gc             ] GC(34) Pause Full (Ergonomics) 101M->98M(142M) 72.587ms
[0.816s][info][gc,cpu         ] GC(34) User=0.08s Sys=0.00s Real=0.07s
[0.825s][info][gc,start       ] GC(35) Pause Young (Allocation Failure)
[0.840s][info][gc,heap        ] GC(35) PSYoungGen: 20393K(31744K)->16768K(33280K) Eden: 8704K(8704K)->0K(8704K) From: 11689K(23040K)->16768K(24576K)
[0.840s][info][gc,heap        ] GC(35) ParOldGen: 89550K(114176K)->93278K(114176K)
[0.840s][info][gc,metaspace   ] GC(35) Metaspace: 6303K(6528K)->6303K(6528K) NonClass: 5770K(5888K)->5770K(5888K) Class: 533K(640K)->533K(640K)
[0.840s][info][gc             ] GC(35) Pause Young (Allocation Failure) 107M->107M(144M) 15.214ms
[0.841s][info][gc,cpu         ] GC(35) User=0.02s Sys=0.00s Real=0.02s
[0.848s][info][gc,start       ] GC(36) Pause Young (Allocation Failure)
[0.861s][info][gc,heap        ] GC(36) PSYoungGen: 25472K(33280K)->25472K(32256K) Eden: 8704K(8704K)->0K(6656K) From: 16768K(24576K)->25472K(25600K)
[0.861s][info][gc,heap        ] GC(36) ParOldGen: 93278K(114176K)->93278K(114176K)
[0.861s][info][gc,metaspace   ] GC(36) Metaspace: 6303K(6528K)->6303K(6528K) NonClass: 5770K(5888K)->5770K(5888K) Class: 533K(640K)->533K(640K)
[0.861s][info][gc             ] GC(36) Pause Young (Allocation Failure) 115M->115M(143M) 12.855ms
[0.861s][info][gc,cpu         ] GC(36) User=0.02s Sys=0.00s Real=0.01s
[0.867s][info][gc,start       ] GC(37) Pause Young (Allocation Failure)
[0.885s][info][gc,heap        ] GC(37) PSYoungGen: 32128K(32256K)->24064K(35840K) Eden: 6656K(6656K)->0K(6656K) From: 25472K(25600K)->24064K(29184K)
[0.885s][info][gc,heap        ] GC(37) ParOldGen: 93278K(114176K)->101446K(114176K)
[0.885s][info][gc,metaspace   ] GC(37) Metaspace: 6303K(6528K)->6303K(6528K) NonClass: 5770K(5888K)->5770K(5888K) Class: 533K(640K)->533K(640K)
[0.885s][info][gc             ] GC(37) Pause Young (Allocation Failure) 122M->122M(146M) 17.381ms
[0.885s][info][gc,cpu         ] GC(37) User=0.05s Sys=0.00s Real=0.02s
[0.892s][info][gc,start       ] GC(38) Pause Young (Allocation Failure)
[0.912s][info][gc,heap        ] GC(38) PSYoungGen: 30720K(35840K)->13344K(36352K) Eden: 6656K(6656K)->0K(8192K) From: 24064K(29184K)->13344K(28160K)
[0.912s][info][gc,heap        ] GC(38) ParOldGen: 101446K(114176K)->119070K(119296K)
[0.912s][info][gc,metaspace   ] GC(38) Metaspace: 6303K(6528K)->6303K(6528K) NonClass: 5770K(5888K)->5770K(5888K) Class: 533K(640K)->533K(640K)
[0.912s][info][gc             ] GC(38) Pause Young (Allocation Failure) 129M->129M(152M) 20.378ms
[0.912s][info][gc,cpu         ] GC(38) User=0.03s Sys=0.02s Real=0.02s
[0.912s][info][gc,start       ] GC(39) Pause Full (Ergonomics)
[0.912s][info][gc,phases,start] GC(39) Marking Phase
[0.951s][info][gc,phases      ] GC(39) Marking Phase 38.684ms
[0.951s][info][gc,phases,start] GC(39) Summary Phase
[0.951s][info][gc,phases      ] GC(39) Summary Phase 0.016ms
[0.951s][info][gc,phases,start] GC(39) Adjust Roots
[0.951s][info][gc,phases      ] GC(39) Adjust Roots 0.182ms
[0.951s][info][gc,phases,start] GC(39) Compaction Phase
[0.975s][info][gc,phases      ] GC(39) Compaction Phase 24.156ms
[0.975s][info][gc,phases,start] GC(39) Post Compact
[0.976s][info][gc,phases      ] GC(39) Post Compact 0.655ms
[0.976s][info][gc,heap        ] GC(39) PSYoungGen: 13344K(36352K)->12735K(37888K) Eden: 0K(8192K)->0K(9728K) From: 13344K(28160K)->12735K(28160K)
[0.976s][info][gc,heap        ] GC(39) ParOldGen: 119070K(119296K)->119099K(149504K)
[0.976s][info][gc,metaspace   ] GC(39) Metaspace: 6303K(6528K)->6303K(6528K) NonClass: 5770K(5888K)->5770K(5888K) Class: 533K(640K)->533K(640K)
[0.976s][info][gc             ] GC(39) Pause Full (Ergonomics) 129M->128M(183M) 64.096ms
[0.976s][info][gc,cpu         ] GC(39) User=0.20s Sys=0.00s Real=0.06s
[0.986s][info][gc,start       ] GC(40) Pause Young (Allocation Failure)
[1.003s][info][gc,heap        ] GC(40) PSYoungGen: 22463K(37888K)->9792K(39936K) Eden: 9728K(9728K)->0K(9728K) From: 12735K(28160K)->9792K(30208K)
[1.003s][info][gc,heap        ] GC(40) ParOldGen: 119099K(149504K)->132035K(149504K)
[1.003s][info][gc,metaspace   ] GC(40) Metaspace: 6303K(6528K)->6303K(6528K) NonClass: 5770K(5888K)->5770K(5888K) Class: 533K(640K)->533K(640K)
[1.003s][info][gc             ] GC(40) Pause Young (Allocation Failure) 138M->138M(185M) 17.330ms
[1.003s][info][gc,cpu         ] GC(40) User=0.02s Sys=0.00s Real=0.02s
[1.003s][info][gc,start       ] GC(41) Pause Full (Ergonomics)
[1.003s][info][gc,phases,start] GC(41) Marking Phase
[1.044s][info][gc,phases      ] GC(41) Marking Phase 40.964ms
[1.044s][info][gc,phases,start] GC(41) Summary Phase
[1.044s][info][gc,phases      ] GC(41) Summary Phase 0.018ms
[1.044s][info][gc,phases,start] GC(41) Adjust Roots
[1.045s][info][gc,phases      ] GC(41) Adjust Roots 0.143ms
[1.045s][info][gc,phases,start] GC(41) Compaction Phase
[1.062s][info][gc,phases      ] GC(41) Compaction Phase 17.751ms
[1.062s][info][gc,phases,start] GC(41) Post Compact
[1.063s][info][gc,phases      ] GC(41) Post Compact 0.609ms
[1.063s][info][gc,heap        ] GC(41) PSYoungGen: 9792K(39936K)->0K(39936K) Eden: 0K(9728K)->0K(11264K) From: 9792K(30208K)->0K(28672K)
[1.063s][info][gc,heap        ] GC(41) ParOldGen: 132035K(149504K)->141534K(175616K)
[1.063s][info][gc,metaspace   ] GC(41) Metaspace: 6303K(6528K)->6303K(6528K) NonClass: 5770K(5888K)->5770K(5888K) Class: 533K(640K)->533K(640K)
[1.063s][info][gc             ] GC(41) Pause Full (Ergonomics) 138M->138M(210M) 60.020ms
[1.063s][info][gc,cpu         ] GC(41) User=0.11s Sys=0.00s Real=0.06s
[1.074s][info][gc,start       ] GC(42) Pause Young (Allocation Failure)
[1.082s][info][gc,heap        ] GC(42) PSYoungGen: 11264K(39936K)->11360K(40448K) Eden: 11264K(11264K)->0K(11264K) From: 0K(28672K)->11360K(29184K)
[1.082s][info][gc,heap        ] GC(42) ParOldGen: 141534K(175616K)->141534K(175616K)
[1.082s][info][gc,metaspace   ] GC(42) Metaspace: 6303K(6528K)->6303K(6528K) NonClass: 5770K(5888K)->5770K(5888K) Class: 533K(640K)->533K(640K)
[1.082s][info][gc             ] GC(42) Pause Young (Allocation Failure) 149M->149M(211M) 7.298ms
[1.082s][info][gc,cpu         ] GC(42) User=0.00s Sys=0.00s Real=0.01s
[1.093s][info][gc,start       ] GC(43) Pause Young (Allocation Failure)
[1.104s][info][gc,heap        ] GC(43) PSYoungGen: 22624K(40448K)->22624K(39424K) Eden: 11264K(11264K)->0K(11264K) From: 11360K(29184K)->22624K(28160K)
[1.104s][info][gc,heap        ] GC(43) ParOldGen: 141534K(175616K)->141534K(175616K)
[1.104s][info][gc,metaspace   ] GC(43) Metaspace: 6303K(6528K)->6303K(6528K) NonClass: 5770K(5888K)->5770K(5888K) Class: 533K(640K)->533K(640K)
[1.104s][info][gc             ] GC(43) Pause Young (Allocation Failure) 160M->160M(210M) 11.036ms
[1.104s][info][gc,cpu         ] GC(43) User=0.02s Sys=0.00s Real=0.01s
[1.115s][info][gc,start       ] GC(44) Pause Young (Allocation Failure)
[1.131s][info][gc,heap        ] GC(44) PSYoungGen: 33888K(39424K)->30208K(41472K) Eden: 11264K(11264K)->0K(11264K) From: 22624K(28160K)->30208K(30208K)
[1.131s][info][gc,heap        ] GC(44) ParOldGen: 141534K(175616K)->145158K(175616K)
[1.131s][info][gc,metaspace   ] GC(44) Metaspace: 6303K(6528K)->6303K(6528K) NonClass: 5770K(5888K)->5770K(5888K) Class: 533K(640K)->533K(640K)
[1.131s][info][gc             ] GC(44) Pause Young (Allocation Failure) 171M->171M(212M) 15.991ms
[1.131s][info][gc,cpu         ] GC(44) User=0.02s Sys=0.00s Real=0.02s
[1.157s][info][gc,start       ] GC(45) Pause Young (Allocation Failure)
[1.185s][info][gc,heap        ] GC(45) PSYoungGen: 41472K(41472K)->21024K(48640K) Eden: 11264K(11264K)->0K(12800K) From: 30208K(30208K)->21024K(35840K)
[1.185s][info][gc,heap        ] GC(45) ParOldGen: 145158K(175616K)->166014K(175616K)
[1.185s][info][gc,metaspace   ] GC(45) Metaspace: 6303K(6528K)->6303K(6528K) NonClass: 5770K(5888K)->5770K(5888K) Class: 533K(640K)->533K(640K)
[1.185s][info][gc             ] GC(45) Pause Young (Allocation Failure) 182M->182M(219M) 27.447ms
[1.185s][info][gc,cpu         ] GC(45) User=0.02s Sys=0.00s Real=0.03s
[1.185s][info][gc,start       ] GC(46) Pause Full (Ergonomics)
[1.185s][info][gc,phases,start] GC(46) Marking Phase
[1.233s][info][gc,phases      ] GC(46) Marking Phase 48.127ms
[1.233s][info][gc,phases,start] GC(46) Summary Phase
[1.233s][info][gc,phases      ] GC(46) Summary Phase 0.018ms
[1.233s][info][gc,phases,start] GC(46) Adjust Roots
[1.233s][info][gc,phases      ] GC(46) Adjust Roots 0.144ms
[1.233s][info][gc,phases,start] GC(46) Compaction Phase
[1.268s][info][gc,phases      ] GC(46) Compaction Phase 35.314ms
[1.268s][info][gc,phases,start] GC(46) Post Compact
[1.269s][info][gc,phases      ] GC(46) Post Compact 0.820ms
[1.270s][info][gc,heap        ] GC(46) PSYoungGen: 21024K(48640K)->7074K(48640K) Eden: 0K(12800K)->0K(12800K) From: 21024K(35840K)->7074K(35840K)
[1.270s][info][gc,heap        ] GC(46) ParOldGen: 166014K(175616K)->175318K(214016K)
[1.270s][info][gc,metaspace   ] GC(46) Metaspace: 6303K(6528K)->6303K(6528K) NonClass: 5770K(5888K)->5770K(5888K) Class: 533K(640K)->533K(640K)
[1.270s][info][gc             ] GC(46) Pause Full (Ergonomics) 182M->178M(256M) 84.897ms
[1.270s][info][gc,cpu         ] GC(46) User=0.23s Sys=0.00s Real=0.09s
[1.285s][info][gc,start       ] GC(47) Pause Young (Allocation Failure)
[1.303s][info][gc,heap        ] GC(47) PSYoungGen: 19874K(48640K)->15104K(48640K) Eden: 12800K(12800K)->0K(12800K) From: 7074K(35840K)->15104K(35840K)
[1.303s][info][gc,heap        ] GC(47) ParOldGen: 175318K(214016K)->180302K(214016K)
[1.303s][info][gc,metaspace   ] GC(47) Metaspace: 6303K(6528K)->6303K(6528K) NonClass: 5770K(5888K)->5770K(5888K) Class: 533K(640K)->533K(640K)
[1.303s][info][gc             ] GC(47) Pause Young (Allocation Failure) 190M->190M(256M) 17.900ms
[1.303s][info][gc,cpu         ] GC(47) User=0.03s Sys=0.00s Real=0.02s
[1.316s][info][gc,start       ] GC(48) Pause Young (Allocation Failure)
[1.329s][info][gc,heap        ] GC(48) PSYoungGen: 27904K(48640K)->27872K(46592K) Eden: 12800K(12800K)->0K(12288K) From: 15104K(35840K)->27872K(34304K)
[1.330s][info][gc,heap        ] GC(48) ParOldGen: 180302K(214016K)->180302K(214016K)
[1.330s][info][gc,metaspace   ] GC(48) Metaspace: 6303K(6528K)->6303K(6528K) NonClass: 5770K(5888K)->5770K(5888K) Class: 533K(640K)->533K(640K)
[1.330s][info][gc             ] GC(48) Pause Young (Allocation Failure) 203M->203M(254M) 13.958ms
[1.330s][info][gc,cpu         ] GC(48) User=0.02s Sys=0.00s Real=0.02s
[1.342s][info][gc,start       ] GC(49) Pause Young (Allocation Failure)
[1.360s][info][gc,heap        ] GC(49) PSYoungGen: 40160K(46592K)->36864K(49152K) Eden: 12288K(12288K)->0K(12288K) From: 27872K(34304K)->36864K(36864K)
[1.360s][info][gc,heap        ] GC(49) ParOldGen: 180302K(214016K)->183558K(214016K)
[1.360s][info][gc,metaspace   ] GC(49) Metaspace: 6303K(6528K)->6303K(6528K) NonClass: 5770K(5888K)->5770K(5888K) Class: 533K(640K)->533K(640K)
[1.360s][info][gc             ] GC(49) Pause Young (Allocation Failure) 215M->215M(257M) 18.111ms
[1.360s][info][gc,cpu         ] GC(49) User=0.08s Sys=0.00s Real=0.02s
[1.373s][info][gc,start       ] GC(50) Pause Young (Allocation Failure)
[1.397s][info][gc,heap        ] GC(50) PSYoungGen: 49152K(49152K)->36128K(52736K) Eden: 12288K(12288K)->0K(9728K) From: 36864K(36864K)->36128K(43008K)
[1.397s][info][gc,heap        ] GC(50) ParOldGen: 183558K(214016K)->196862K(214016K)
[1.397s][info][gc,metaspace   ] GC(50) Metaspace: 6303K(6528K)->6303K(6528K) NonClass: 5770K(5888K)->5770K(5888K) Class: 533K(640K)->533K(640K)
[1.397s][info][gc             ] GC(50) Pause Young (Allocation Failure) 227M->227M(260M) 24.153ms
[1.397s][info][gc,cpu         ] GC(50) User=0.08s Sys=0.00s Real=0.02s
[1.397s][info][gc,start       ] GC(51) Pause Full (Ergonomics)
[1.397s][info][gc,phases,start] GC(51) Marking Phase
[1.456s][info][gc,phases      ] GC(51) Marking Phase 58.751ms
[1.456s][info][gc,phases,start] GC(51) Summary Phase
[1.456s][info][gc,phases      ] GC(51) Summary Phase 0.028ms
[1.456s][info][gc,phases,start] GC(51) Adjust Roots
[1.456s][info][gc,phases      ] GC(51) Adjust Roots 0.172ms
[1.456s][info][gc,phases,start] GC(51) Compaction Phase
[1.482s][info][gc,phases      ] GC(51) Compaction Phase 26.050ms
[1.482s][info][gc,phases,start] GC(51) Post Compact
[1.483s][info][gc,phases      ] GC(51) Post Compact 1.026ms
[1.483s][info][gc,heap        ] GC(51) PSYoungGen: 36128K(52736K)->18569K(52736K) Eden: 0K(9728K)->0K(9728K) From: 36128K(43008K)->18569K(43008K)
[1.483s][info][gc,heap        ] GC(51) ParOldGen: 196862K(214016K)->213882K(253952K)
[1.483s][info][gc,metaspace   ] GC(51) Metaspace: 6303K(6528K)->6303K(6528K) NonClass: 5770K(5888K)->5770K(5888K) Class: 533K(640K)->533K(640K)
[1.483s][info][gc             ] GC(51) Pause Full (Ergonomics) 227M->227M(299M) 86.538ms
[1.484s][info][gc,cpu         ] GC(51) User=0.44s Sys=0.00s Real=0.09s
[1.495s][info][gc,start       ] GC(52) Pause Young (Allocation Failure)
[1.517s][info][gc,heap        ] GC(52) PSYoungGen: 28297K(52736K)->21440K(31232K) Eden: 9728K(9728K)->0K(9728K) From: 18569K(43008K)->21440K(21504K)
[1.518s][info][gc,heap        ] GC(52) ParOldGen: 213882K(253952K)->221026K(253952K)
[1.518s][info][gc,metaspace   ] GC(52) Metaspace: 6303K(6528K)->6303K(6528K) NonClass: 5770K(5888K)->5770K(5888K) Class: 533K(640K)->533K(640K)
[1.518s][info][gc             ] GC(52) Pause Young (Allocation Failure) 236M->236M(278M) 22.626ms
[1.518s][info][gc,cpu         ] GC(52) User=0.08s Sys=0.02s Real=0.02s
[1.530s][info][gc,start       ] GC(53) Pause Young (Allocation Failure)
[1.545s][info][gc,heap        ] GC(53) PSYoungGen: 31168K(31232K)->25408K(53760K) Eden: 9728K(9728K)->0K(11264K) From: 21440K(21504K)->25408K(42496K)
[1.546s][info][gc,heap        ] GC(53) ParOldGen: 221026K(253952K)->226834K(253952K)
[1.546s][info][gc,metaspace   ] GC(53) Metaspace: 6303K(6528K)->6303K(6528K) NonClass: 5770K(5888K)->5770K(5888K) Class: 533K(640K)->533K(640K)
[1.546s][info][gc             ] GC(53) Pause Young (Allocation Failure) 246M->246M(300M) 15.849ms
[1.546s][info][gc,cpu         ] GC(53) User=0.02s Sys=0.00s Real=0.01s
[1.559s][info][gc,start       ] GC(54) Pause Young (Allocation Failure)
[1.577s][info][gc,heap        ] GC(54) PSYoungGen: 36672K(53760K)->30784K(54784K) Eden: 11264K(11264K)->0K(11264K) From: 25408K(42496K)->30784K(43520K)
[1.577s][info][gc,heap        ] GC(54) ParOldGen: 226834K(253952K)->232786K(253952K)
[1.577s][info][gc,metaspace   ] GC(54) Metaspace: 6303K(6528K)->6303K(6528K) NonClass: 5770K(5888K)->5770K(5888K) Class: 533K(640K)->533K(640K)
[1.577s][info][gc             ] GC(54) Pause Young (Allocation Failure) 257M->257M(301M) 18.495ms
[1.577s][info][gc,cpu         ] GC(54) User=0.11s Sys=0.00s Real=0.02s
[1.589s][info][gc,start       ] GC(55) Pause Young (Allocation Failure)
[1.609s][info][gc,heap        ] GC(55) PSYoungGen: 42048K(54784K)->32352K(55808K) Eden: 11264K(11264K)->0K(11264K) From: 30784K(43520K)->32352K(44544K)
[1.609s][info][gc,heap        ] GC(55) ParOldGen: 232786K(253952K)->242658K(253952K)
[1.609s][info][gc,metaspace   ] GC(55) Metaspace: 6303K(6528K)->6303K(6528K) NonClass: 5770K(5888K)->5770K(5888K) Class: 533K(640K)->533K(640K)
[1.609s][info][gc             ] GC(55) Pause Young (Allocation Failure) 268M->268M(302M) 19.927ms
[1.609s][info][gc,cpu         ] GC(55) User=0.08s Sys=0.00s Real=0.02s
[1.609s][info][gc,start       ] GC(56) Pause Full (Ergonomics)
[1.609s][info][gc,phases,start] GC(56) Marking Phase
[1.672s][info][gc,phases      ] GC(56) Marking Phase 62.900ms
[1.672s][info][gc,phases,start] GC(56) Summary Phase
[1.672s][info][gc,phases      ] GC(56) Summary Phase 0.018ms
[1.672s][info][gc,phases,start] GC(56) Adjust Roots
[1.672s][info][gc,phases      ] GC(56) Adjust Roots 0.148ms
[1.672s][info][gc,phases,start] GC(56) Compaction Phase
[1.702s][info][gc,phases      ] GC(56) Compaction Phase 29.726ms
[1.702s][info][gc,phases,start] GC(56) Post Compact
[1.703s][info][gc,phases      ] GC(56) Post Compact 1.247ms
[1.704s][info][gc,heap        ] GC(56) PSYoungGen: 32352K(55808K)->20412K(55808K) Eden: 0K(11264K)->0K(11264K) From: 32352K(44544K)->20412K(44544K)
[1.704s][info][gc,heap        ] GC(56) ParOldGen: 242658K(253952K)->253898K(292864K)
[1.704s][info][gc,metaspace   ] GC(56) Metaspace: 6303K(6528K)->6303K(6528K) NonClass: 5770K(5888K)->5770K(5888K) Class: 533K(640K)->533K(640K)
[1.704s][info][gc             ] GC(56) Pause Full (Ergonomics) 268M->267M(340M) 94.504ms
[1.704s][info][gc,cpu         ] GC(56) User=0.41s Sys=0.02s Real=0.10s
[1.717s][info][gc,start       ] GC(57) Pause Young (Allocation Failure)
[1.741s][info][gc,heap        ] GC(57) PSYoungGen: 31676K(55808K)->18816K(57344K) Eden: 11264K(11264K)->0K(11264K) From: 20412K(44544K)->18816K(46080K)
[1.741s][info][gc,heap        ] GC(57) ParOldGen: 253898K(292864K)->267138K(292864K)
[1.741s][info][gc,metaspace   ] GC(57) Metaspace: 6303K(6528K)->6303K(6528K) NonClass: 5770K(5888K)->5770K(5888K) Class: 533K(640K)->533K(640K)
[1.741s][info][gc             ] GC(57) Pause Young (Allocation Failure) 278M->279M(342M) 24.605ms
[1.741s][info][gc,cpu         ] GC(57) User=0.12s Sys=0.00s Real=0.02s
[1.754s][info][gc,start       ] GC(58) Pause Young (Allocation Failure)
[1.769s][info][gc,heap        ] GC(58) PSYoungGen: 30080K(57344K)->22656K(53248K) Eden: 11264K(11264K)->0K(12800K) From: 18816K(46080K)->22656K(40448K)
[1.769s][info][gc,heap        ] GC(58) ParOldGen: 267138K(292864K)->274634K(292864K)
[1.769s][info][gc,metaspace   ] GC(58) Metaspace: 6303K(6528K)->6303K(6528K) NonClass: 5770K(5888K)->5770K(5888K) Class: 533K(640K)->533K(640K)
[1.769s][info][gc             ] GC(58) Pause Young (Allocation Failure) 290M->290M(338M) 14.759ms
[1.769s][info][gc,cpu         ] GC(58) User=0.02s Sys=0.00s Real=0.01s
[1.783s][info][gc,start       ] GC(59) Pause Young (Allocation Failure)
[1.800s][info][gc,heap        ] GC(59) PSYoungGen: 35456K(53248K)->24224K(55296K) Eden: 12800K(12800K)->0K(12800K) From: 22656K(40448K)->24224K(42496K)
[1.800s][info][gc,heap        ] GC(59) ParOldGen: 274634K(292864K)->286066K(292864K)
[1.800s][info][gc,metaspace   ] GC(59) Metaspace: 6303K(6528K)->6303K(6528K) NonClass: 5770K(5888K)->5770K(5888K) Class: 533K(640K)->533K(640K)
[1.800s][info][gc             ] GC(59) Pause Young (Allocation Failure) 302M->303M(340M) 17.154ms
[1.800s][info][gc,cpu         ] GC(59) User=0.02s Sys=0.00s Real=0.02s
[1.800s][info][gc,start       ] GC(60) Pause Full (Ergonomics)
[1.800s][info][gc,phases,start] GC(60) Marking Phase
[1.869s][info][gc,phases      ] GC(60) Marking Phase 68.281ms
[1.869s][info][gc,phases,start] GC(60) Summary Phase
[1.869s][info][gc,phases      ] GC(60) Summary Phase 0.019ms
[1.869s][info][gc,phases,start] GC(60) Adjust Roots
[1.869s][info][gc,phases      ] GC(60) Adjust Roots 0.156ms
[1.869s][info][gc,phases,start] GC(60) Compaction Phase
[1.899s][info][gc,phases      ] GC(60) Compaction Phase 29.955ms
[1.899s][info][gc,phases,start] GC(60) Post Compact
[1.900s][info][gc,phases      ] GC(60) Post Compact 1.417ms
[1.901s][info][gc,heap        ] GC(60) PSYoungGen: 24224K(55296K)->16847K(55296K) Eden: 0K(12800K)->0K(12800K) From: 24224K(42496K)->16847K(42496K)
[1.901s][info][gc,heap        ] GC(60) ParOldGen: 286066K(292864K)->292699K(335360K)
[1.901s][info][gc,metaspace   ] GC(60) Metaspace: 6303K(6528K)->6303K(6528K) NonClass: 5770K(5888K)->5770K(5888K) Class: 533K(640K)->533K(640K)
[1.901s][info][gc             ] GC(60) Pause Full (Ergonomics) 303M->302M(381M) 100.315ms
[1.901s][info][gc,cpu         ] GC(60) User=0.61s Sys=0.03s Real=0.10s
[1.916s][info][gc,start       ] GC(61) Pause Young (Allocation Failure)
[1.941s][info][gc,heap        ] GC(61) PSYoungGen: 29647K(55296K)->21984K(51712K) Eden: 12800K(12800K)->0K(14336K) From: 16847K(42496K)->21984K(37376K)
[1.941s][info][gc,heap        ] GC(61) ParOldGen: 292699K(335360K)->300611K(335360K)
[1.941s][info][gc,metaspace   ] GC(61) Metaspace: 6303K(6528K)->6303K(6528K) NonClass: 5770K(5888K)->5770K(5888K) Class: 533K(640K)->533K(640K)
[1.941s][info][gc             ] GC(61) Pause Young (Allocation Failure) 314M->315M(378M) 25.369ms
[1.941s][info][gc,cpu         ] GC(61) User=0.12s Sys=0.00s Real=0.02s
[1.957s][info][gc,start       ] GC(62) Pause Young (Allocation Failure)
[1.975s][info][gc,heap        ] GC(62) PSYoungGen: 36320K(51712K)->36416K(53760K) Eden: 14336K(14336K)->0K(14336K) From: 21984K(37376K)->36416K(39424K)
[1.975s][info][gc,heap        ] GC(62) ParOldGen: 300611K(335360K)->300611K(335360K)
[1.975s][info][gc,metaspace   ] GC(62) Metaspace: 6303K(6528K)->6303K(6528K) NonClass: 5770K(5888K)->5770K(5888K) Class: 533K(640K)->533K(640K)
[1.976s][info][gc             ] GC(62) Pause Young (Allocation Failure) 329M->329M(380M) 18.027ms
[1.976s][info][gc,cpu         ] GC(62) User=0.05s Sys=0.02s Real=0.02s
[1.991s][info][gc,start       ] GC(63) Pause Young (Allocation Failure)
[2.015s][info][gc,heap        ] GC(63) PSYoungGen: 50752K(53760K)->41568K(54784K) Eden: 14336K(14336K)->0K(11776K) From: 36416K(39424K)->41568K(43008K)
[2.015s][info][gc,heap        ] GC(63) ParOldGen: 300611K(335360K)->309843K(335360K)
[2.015s][info][gc,metaspace   ] GC(63) Metaspace: 6303K(6528K)->6303K(6528K) NonClass: 5770K(5888K)->5770K(5888K) Class: 533K(640K)->533K(640K)
[2.015s][info][gc             ] GC(63) Pause Young (Allocation Failure) 343M->343M(381M) 23.677ms
[2.015s][info][gc,cpu         ] GC(63) User=0.12s Sys=0.00s Real=0.02s
[2.102s][info][gc,start       ] GC(64) Pause Full (Ergonomics)
[2.102s][info][gc,phases,start] GC(64) Marking Phase
[2.188s][info][gc,phases      ] GC(64) Marking Phase 85.597ms
[2.188s][info][gc,phases,start] GC(64) Summary Phase
[2.188s][info][gc,phases      ] GC(64) Summary Phase 0.020ms
[2.188s][info][gc,phases,start] GC(64) Adjust Roots
[2.188s][info][gc,phases      ] GC(64) Adjust Roots 0.177ms
[2.188s][info][gc,phases,start] GC(64) Compaction Phase
[2.257s][info][gc,phases      ] GC(64) Compaction Phase 68.887ms
[2.257s][info][gc,phases,start] GC(64) Post Compact
[2.259s][info][gc,phases      ] GC(64) Post Compact 1.892ms
[2.259s][info][gc,heap        ] GC(64) PSYoungGen: 53344K(54784K)->35749K(54784K) Eden: 11776K(11776K)->0K(11776K) From: 41568K(43008K)->35749K(43008K)
[2.259s][info][gc,heap        ] GC(64) ParOldGen: 326227K(335360K)->335105K(378368K)
[2.259s][info][gc,metaspace   ] GC(64) Metaspace: 6303K(6528K)->6303K(6528K) NonClass: 5770K(5888K)->5770K(5888K) Class: 533K(640K)->533K(640K)
[2.259s][info][gc             ] GC(64) Pause Full (Ergonomics) 370M->362M(423M) 157.178ms
[2.259s][info][gc,cpu         ] GC(64) User=0.86s Sys=0.00s Real=0.16s
[2.273s][info][gc,start       ] GC(65) Pause Young (Allocation Failure)
[2.306s][info][gc,heap        ] GC(65) PSYoungGen: 47525K(54784K)->36640K(59392K) Eden: 11776K(11776K)->0K(11776K) From: 35749K(43008K)->36640K(47616K)
[2.306s][info][gc,heap        ] GC(65) ParOldGen: 335105K(378368K)->346329K(378368K)
[2.306s][info][gc,metaspace   ] GC(65) Metaspace: 6303K(6528K)->6303K(6528K) NonClass: 5770K(5888K)->5770K(5888K) Class: 533K(640K)->533K(640K)
[2.306s][info][gc             ] GC(65) Pause Young (Allocation Failure) 373M->373M(427M) 33.498ms
[2.306s][info][gc,cpu         ] GC(65) User=0.25s Sys=0.00s Real=0.03s
[2.319s][info][gc,start       ] GC(66) Pause Young (Allocation Failure)
[2.341s][info][gc,heap        ] GC(66) PSYoungGen: 48416K(59392K)->48448K(56832K) Eden: 11776K(11776K)->0K(7680K) From: 36640K(47616K)->48448K(49152K)
[2.341s][info][gc,heap        ] GC(66) ParOldGen: 346329K(378368K)->346329K(378368K)
[2.341s][info][gc,metaspace   ] GC(66) Metaspace: 6303K(6528K)->6303K(6528K) NonClass: 5770K(5888K)->5770K(5888K) Class: 533K(640K)->533K(640K)
[2.341s][info][gc             ] GC(66) Pause Young (Allocation Failure) 385M->385M(425M) 22.276ms
[2.341s][info][gc,cpu         ] GC(66) User=0.12s Sys=0.00s Real=0.02s
[2.348s][info][gc,start       ] GC(67) Pause Young (Allocation Failure)
[2.373s][info][gc,heap        ] GC(67) PSYoungGen: 56128K(56832K)->43712K(62464K) Eden: 7680K(7680K)->0K(7680K) From: 48448K(49152K)->43712K(54784K)
[2.373s][info][gc,heap        ] GC(67) ParOldGen: 346329K(378368K)->358889K(378368K)
[2.373s][info][gc,metaspace   ] GC(67) Metaspace: 6303K(6528K)->6303K(6528K) NonClass: 5770K(5888K)->5770K(5888K) Class: 533K(640K)->533K(640K)
[2.373s][info][gc             ] GC(67) Pause Young (Allocation Failure) 393M->393M(430M) 24.402ms
[2.373s][info][gc,cpu         ] GC(67) User=0.12s Sys=0.00s Real=0.02s
[2.381s][info][gc,start       ] GC(68) Pause Young (Allocation Failure)
[2.405s][info][gc,heap        ] GC(68) PSYoungGen: 51392K(62464K)->27200K(62976K) Eden: 7680K(7680K)->0K(9216K) From: 43712K(54784K)->27200K(53760K)
[2.405s][info][gc,heap        ] GC(68) ParOldGen: 358889K(378368K)->383345K(383488K)
[2.405s][info][gc,metaspace   ] GC(68) Metaspace: 6303K(6528K)->6303K(6528K) NonClass: 5770K(5888K)->5770K(5888K) Class: 533K(640K)->533K(640K)
[2.405s][info][gc             ] GC(68) Pause Young (Allocation Failure) 400M->400M(436M) 23.551ms
[2.405s][info][gc,cpu         ] GC(68) User=0.19s Sys=0.06s Real=0.02s
[2.405s][info][gc,start       ] GC(69) Pause Full (Ergonomics)
[2.405s][info][gc,phases,start] GC(69) Marking Phase
[2.492s][info][gc,phases      ] GC(69) Marking Phase 87.480ms
[2.492s][info][gc,phases,start] GC(69) Summary Phase
[2.492s][info][gc,phases      ] GC(69) Summary Phase 0.027ms
[2.492s][info][gc,phases,start] GC(69) Adjust Roots
[2.493s][info][gc,phases      ] GC(69) Adjust Roots 0.155ms
[2.493s][info][gc,phases,start] GC(69) Compaction Phase
[2.538s][info][gc,phases      ] GC(69) Compaction Phase 45.446ms
[2.538s][info][gc,phases,start] GC(69) Post Compact
[2.540s][info][gc,phases      ] GC(69) Post Compact 2.120ms
[2.541s][info][gc,heap        ] GC(69) PSYoungGen: 27200K(62976K)->26533K(64512K) Eden: 0K(9216K)->0K(10752K) From: 27200K(53760K)->26533K(53760K)
[2.541s][info][gc,heap        ] GC(69) ParOldGen: 383345K(383488K)->383112K(435712K)
[2.541s][info][gc,metaspace   ] GC(69) Metaspace: 6303K(6528K)->6303K(6528K) NonClass: 5770K(5888K)->5770K(5888K) Class: 533K(640K)->533K(640K)
[2.541s][info][gc             ] GC(69) Pause Full (Ergonomics) 400M->400M(488M) 135.766ms
[2.541s][info][gc,cpu         ] GC(69) User=0.83s Sys=0.00s Real=0.14s
[2.552s][info][gc,start       ] GC(70) Pause Young (Allocation Failure)
[2.583s][info][gc,heap        ] GC(70) PSYoungGen: 37285K(64512K)->18464K(66560K) Eden: 10752K(10752K)->0K(10752K) From: 26533K(53760K)->18464K(55808K)
[2.583s][info][gc,heap        ] GC(70) ParOldGen: 383112K(435712K)->402360K(435712K)
[2.583s][info][gc,metaspace   ] GC(70) Metaspace: 6303K(6528K)->6303K(6528K) NonClass: 5770K(5888K)->5770K(5888K) Class: 533K(640K)->533K(640K)
[2.583s][info][gc             ] GC(70) Pause Young (Allocation Failure) 410M->410M(490M) 31.307ms
[2.583s][info][gc,cpu         ] GC(70) User=0.14s Sys=0.00s Real=0.03s
[2.594s][info][gc,start       ] GC(71) Pause Young (Allocation Failure)
[2.609s][info][gc,heap        ] GC(71) PSYoungGen: 29216K(66560K)->21632K(64512K) Eden: 10752K(10752K)->0K(12288K) From: 18464K(55808K)->21632K(52224K)
[2.609s][info][gc,heap        ] GC(71) ParOldGen: 402360K(435712K)->410064K(435712K)
[2.609s][info][gc,metaspace   ] GC(71) Metaspace: 6303K(6528K)->6303K(6528K) NonClass: 5770K(5888K)->5770K(5888K) Class: 533K(640K)->533K(640K)
[2.609s][info][gc             ] GC(71) Pause Young (Allocation Failure) 421M->421M(488M) 14.980ms
[2.609s][info][gc,cpu         ] GC(71) User=0.02s Sys=0.00s Real=0.01s
[2.622s][info][gc,start       ] GC(72) Pause Young (Allocation Failure)
[2.639s][info][gc,heap        ] GC(72) PSYoungGen: 33920K(64512K)->23168K(66048K) Eden: 12288K(12288K)->0K(12288K) From: 21632K(52224K)->23168K(53760K)
[2.639s][info][gc,heap        ] GC(72) ParOldGen: 410064K(435712K)->420968K(435712K)
[2.639s][info][gc,metaspace   ] GC(72) Metaspace: 6303K(6528K)->6303K(6528K) NonClass: 5770K(5888K)->5770K(5888K) Class: 533K(640K)->533K(640K)
[2.639s][info][gc             ] GC(72) Pause Young (Allocation Failure) 433M->433M(490M) 17.070ms
[2.639s][info][gc,cpu         ] GC(72) User=0.03s Sys=0.02s Real=0.02s
[2.639s][info][gc,start       ] GC(73) Pause Full (Ergonomics)
[2.639s][info][gc,phases,start] GC(73) Marking Phase
[2.736s][info][gc,phases      ] GC(73) Marking Phase 97.408ms
[2.736s][info][gc,phases,start] GC(73) Summary Phase
[2.736s][info][gc,phases      ] GC(73) Summary Phase 0.022ms
[2.736s][info][gc,phases,start] GC(73) Adjust Roots
[2.736s][info][gc,phases      ] GC(73) Adjust Roots 0.181ms
[2.736s][info][gc,phases,start] GC(73) Compaction Phase
[2.781s][info][gc,phases      ] GC(73) Compaction Phase 44.972ms
[2.782s][info][gc,phases,start] GC(73) Post Compact
[2.784s][info][gc,phases      ] GC(73) Post Compact 2.190ms
[2.784s][info][gc,heap        ] GC(73) PSYoungGen: 23168K(66048K)->7650K(66048K) Eden: 0K(12288K)->0K(12288K) From: 23168K(53760K)->7650K(53760K)
[2.784s][info][gc,heap        ] GC(73) ParOldGen: 420968K(435712K)->435694K(492032K)
[2.784s][info][gc,metaspace   ] GC(73) Metaspace: 6303K(6528K)->6303K(6528K) NonClass: 5770K(5888K)->5770K(5888K) Class: 533K(640K)->533K(640K)
[2.784s][info][gc             ] GC(73) Pause Full (Ergonomics) 433M->432M(545M) 145.335ms
[2.784s][info][gc,cpu         ] GC(73) User=0.97s Sys=0.00s Real=0.14s
[2.798s][info][gc,start       ] GC(74) Pause Young (Allocation Failure)
[2.827s][info][gc,heap        ] GC(74) PSYoungGen: 19938K(66048K)->12448K(66048K) Eden: 12288K(12288K)->0K(13824K) From: 7650K(53760K)->12448K(52224K)
[2.827s][info][gc,heap        ] GC(74) ParOldGen: 435694K(492032K)->443470K(492032K)
[2.827s][info][gc,metaspace   ] GC(74) Metaspace: 6303K(6528K)->6303K(6528K) NonClass: 5770K(5888K)->5770K(5888K) Class: 533K(640K)->533K(640K)
[2.827s][info][gc             ] GC(74) Pause Young (Allocation Failure) 444M->445M(545M) 28.964ms
[2.827s][info][gc,cpu         ] GC(74) User=0.12s Sys=0.02s Real=0.03s
[2.843s][info][gc,start       ] GC(75) Pause Young (Allocation Failure)
[2.857s][info][gc,heap        ] GC(75) PSYoungGen: 26272K(66048K)->26240K(40448K) Eden: 13824K(13824K)->0K(13824K) From: 12448K(52224K)->26240K(26624K)
[2.857s][info][gc,heap        ] GC(75) ParOldGen: 443470K(492032K)->443470K(492032K)
[2.857s][info][gc,metaspace   ] GC(75) Metaspace: 6303K(6528K)->6303K(6528K) NonClass: 5770K(5888K)->5770K(5888K) Class: 533K(640K)->533K(640K)
[2.857s][info][gc             ] GC(75) Pause Young (Allocation Failure) 458M->458M(520M) 14.271ms
[2.857s][info][gc,cpu         ] GC(75) User=0.02s Sys=0.00s Real=0.01s
[2.872s][info][gc,start       ] GC(76) Pause Young (Allocation Failure)
[2.892s][info][gc,heap        ] GC(76) PSYoungGen: 40064K(40448K)->40032K(62976K) Eden: 13824K(13824K)->0K(12800K) From: 26240K(26624K)->40032K(50176K)
[2.892s][info][gc,heap        ] GC(76) ParOldGen: 443470K(492032K)->443470K(492032K)
[2.892s][info][gc,metaspace   ] GC(76) Metaspace: 6303K(6528K)->6303K(6528K) NonClass: 5770K(5888K)->5770K(5888K) Class: 533K(640K)->533K(640K)
[2.892s][info][gc             ] GC(76) Pause Young (Allocation Failure) 472M->472M(542M) 19.640ms
[2.892s][info][gc,cpu         ] GC(76) User=0.12s Sys=0.00s Real=0.02s
[2.907s][info][gc,start       ] GC(77) Pause Young (Allocation Failure)
[2.931s][info][gc,heap        ] GC(77) PSYoungGen: 52832K(62976K)->40544K(65536K) Eden: 12800K(12800K)->0K(12800K) From: 40032K(50176K)->40544K(52736K)
[2.931s][info][gc,heap        ] GC(77) ParOldGen: 443470K(492032K)->455918K(492032K)
[2.931s][info][gc,metaspace   ] GC(77) Metaspace: 6303K(6528K)->6303K(6528K) NonClass: 5770K(5888K)->5770K(5888K) Class: 533K(640K)->533K(640K)
[2.931s][info][gc             ] GC(77) Pause Young (Allocation Failure) 484M->484M(544M) 24.761ms
[2.931s][info][gc,cpu         ] GC(77) User=0.14s Sys=0.00s Real=0.03s
[2.944s][info][gc,start       ] GC(78) Pause Young (Allocation Failure)
[2.970s][info][gc,heap        ] GC(78) PSYoungGen: 53344K(65536K)->39584K(67584K) Eden: 12800K(12800K)->0K(12800K) From: 40544K(52736K)->39584K(54784K)
[2.970s][info][gc,heap        ] GC(78) ParOldGen: 455918K(492032K)->469926K(492032K)
[2.970s][info][gc,metaspace   ] GC(78) Metaspace: 6303K(6528K)->6303K(6528K) NonClass: 5770K(5888K)->5770K(5888K) Class: 533K(640K)->533K(640K)
[2.970s][info][gc             ] GC(78) Pause Young (Allocation Failure) 497M->497M(546M) 25.638ms
[2.970s][info][gc,cpu         ] GC(78) User=0.12s Sys=0.00s Real=0.03s
[2.984s][info][gc,start       ] GC(79) Pause Young (Allocation Failure)
[3.010s][info][gc,heap        ] GC(79) PSYoungGen: 52384K(67584K)->38496K(69120K) Eden: 12800K(12800K)->0K(12800K) From: 39584K(54784K)->38496K(56320K)
[3.010s][info][gc,heap        ] GC(79) ParOldGen: 469926K(492032K)->483942K(492032K)
[3.010s][info][gc,metaspace   ] GC(79) Metaspace: 6303K(6528K)->6303K(6528K) NonClass: 5770K(5888K)->5770K(5888K) Class: 533K(640K)->533K(640K)
[3.010s][info][gc             ] GC(79) Pause Young (Allocation Failure) 510M->510M(548M) 25.273ms
[3.010s][info][gc,cpu         ] GC(79) User=0.12s Sys=0.02s Real=0.02s
[3.010s][info][gc,start       ] GC(80) Pause Full (Ergonomics)
[3.010s][info][gc,phases,start] GC(80) Marking Phase
[3.123s][info][gc,phases      ] GC(80) Marking Phase 113.227ms
[3.123s][info][gc,phases,start] GC(80) Summary Phase
[3.123s][info][gc,phases      ] GC(80) Summary Phase 0.020ms
[3.123s][info][gc,phases,start] GC(80) Adjust Roots
[3.123s][info][gc,phases      ] GC(80) Adjust Roots 0.159ms
[3.123s][info][gc,phases,start] GC(80) Compaction Phase
[3.177s][info][gc,phases      ] GC(80) Compaction Phase 53.459ms
[3.177s][info][gc,phases,start] GC(80) Post Compact
[3.180s][info][gc,phases      ] GC(80) Post Compact 2.911ms
[3.180s][info][gc,heap        ] GC(80) PSYoungGen: 38496K(69120K)->29610K(69120K) Eden: 0K(12800K)->0K(12800K) From: 38496K(56320K)->29610K(56320K)
[3.180s][info][gc,heap        ] GC(80) ParOldGen: 483942K(492032K)->491872K(550912K)
[3.180s][info][gc,metaspace   ] GC(80) Metaspace: 6303K(6528K)->6303K(6528K) NonClass: 5770K(5888K)->5770K(5888K) Class: 533K(640K)->533K(640K)
[3.180s][info][gc             ] GC(80) Pause Full (Ergonomics) 510M->509M(605M) 170.332ms
[3.180s][info][gc,cpu         ] GC(80) User=1.11s Sys=0.03s Real=0.17s
[3.194s][info][gc,start       ] GC(81) Pause Young (Allocation Failure)
[3.232s][info][gc,heap        ] GC(81) PSYoungGen: 42410K(69120K)->22880K(69120K) Eden: 12800K(12800K)->0K(14336K) From: 29610K(56320K)->22880K(54784K)
[3.232s][info][gc,heap        ] GC(81) ParOldGen: 491872K(550912K)->511816K(550912K)
[3.232s][info][gc,metaspace   ] GC(81) Metaspace: 6303K(6528K)->6303K(6528K) NonClass: 5770K(5888K)->5770K(5888K) Class: 533K(640K)->533K(640K)
[3.232s][info][gc             ] GC(81) Pause Young (Allocation Failure) 521M->522M(605M) 38.385ms
[3.232s][info][gc,cpu         ] GC(81) User=0.22s Sys=0.05s Real=0.04s
[3.248s][info][gc,start       ] GC(82) Pause Young (Allocation Failure)
[3.267s][info][gc,heap        ] GC(82) PSYoungGen: 37216K(69120K)->27264K(70144K) Eden: 14336K(14336K)->0K(14336K) From: 22880K(54784K)->27264K(55808K)
[3.267s][info][gc,heap        ] GC(82) ParOldGen: 511816K(550912K)->521936K(550912K)
[3.267s][info][gc,metaspace   ] GC(82) Metaspace: 6303K(6528K)->6303K(6528K) NonClass: 5770K(5888K)->5770K(5888K) Class: 533K(640K)->533K(640K)
[3.267s][info][gc             ] GC(82) Pause Young (Allocation Failure) 536M->536M(606M) 19.691ms
[3.267s][info][gc,cpu         ] GC(82) User=0.12s Sys=0.00s Real=0.02s
[3.283s][info][gc,start       ] GC(83) Pause Young (Allocation Failure)
[3.304s][info][gc,heap        ] GC(83) PSYoungGen: 41600K(70144K)->28800K(65024K) Eden: 14336K(14336K)->0K(16384K) From: 27264K(55808K)->28800K(48640K)
[3.304s][info][gc,heap        ] GC(83) ParOldGen: 521936K(550912K)->534920K(550912K)
[3.304s][info][gc,metaspace   ] GC(83) Metaspace: 6303K(6528K)->6303K(6528K) NonClass: 5770K(5888K)->5770K(5888K) Class: 533K(640K)->533K(640K)
[3.304s][info][gc             ] GC(83) Pause Young (Allocation Failure) 550M->550M(601M) 21.025ms
[3.304s][info][gc,cpu         ] GC(83) User=0.14s Sys=0.00s Real=0.02s
[3.304s][info][gc,start       ] GC(84) Pause Full (Ergonomics)
[3.304s][info][gc,phases,start] GC(84) Marking Phase
[3.427s][info][gc,phases      ] GC(84) Marking Phase 123.223ms
[3.427s][info][gc,phases,start] GC(84) Summary Phase
[3.427s][info][gc,phases      ] GC(84) Summary Phase 0.021ms
[3.427s][info][gc,phases,start] GC(84) Adjust Roots
[3.428s][info][gc,phases      ] GC(84) Adjust Roots 0.158ms
[3.428s][info][gc,phases,start] GC(84) Compaction Phase
[3.479s][info][gc,phases      ] GC(84) Compaction Phase 51.524ms
[3.479s][info][gc,phases,start] GC(84) Post Compact
[3.480s][info][gc,phases      ] GC(84) Post Compact 0.883ms
[3.480s][info][gc,heap        ] GC(84) PSYoungGen: 28800K(65024K)->12251K(67072K) Eden: 0K(16384K)->0K(18432K) From: 28800K(48640K)->12251K(48640K)
[3.480s][info][gc,heap        ] GC(84) ParOldGen: 534920K(550912K)->550601K(614912K)
[3.480s][info][gc,metaspace   ] GC(84) Metaspace: 6303K(6528K)->6303K(6528K) NonClass: 5770K(5888K)->5770K(5888K) Class: 533K(640K)->533K(640K)
[3.480s][info][gc             ] GC(84) Pause Full (Ergonomics) 550M->549M(666M) 176.310ms
[3.480s][info][gc,cpu         ] GC(84) User=1.23s Sys=0.02s Real=0.18s
[3.503s][info][gc,start       ] GC(85) Pause Young (Allocation Failure)
[3.540s][info][gc,heap        ] GC(85) PSYoungGen: 30683K(67072K)->25056K(69632K) Eden: 18432K(18432K)->0K(18432K) From: 12251K(48640K)->25056K(51200K)
[3.540s][info][gc,heap        ] GC(85) ParOldGen: 550601K(614912K)->556489K(614912K)
[3.540s][info][gc,metaspace   ] GC(85) Metaspace: 6303K(6528K)->6303K(6528K) NonClass: 5770K(5888K)->5770K(5888K) Class: 533K(640K)->533K(640K)
[3.540s][info][gc             ] GC(85) Pause Young (Allocation Failure) 567M->567M(668M) 37.828ms
[3.540s][info][gc,cpu         ] GC(85) User=0.27s Sys=0.00s Real=0.04s
[3.561s][info][gc,start       ] GC(86) Pause Young (Allocation Failure)
[3.584s][info][gc,heap        ] GC(86) PSYoungGen: 43488K(69632K)->43488K(67584K) Eden: 18432K(18432K)->0K(17408K) From: 25056K(51200K)->43488K(50176K)
[3.584s][info][gc,heap        ] GC(86) ParOldGen: 556489K(614912K)->556489K(614912K)
[3.584s][info][gc,metaspace   ] GC(86) Metaspace: 6303K(6528K)->6303K(6528K) NonClass: 5770K(5888K)->5770K(5888K) Class: 533K(640K)->533K(640K)
[3.584s][info][gc             ] GC(86) Pause Young (Allocation Failure) 585M->585M(666M) 22.672ms
[3.584s][info][gc,cpu         ] GC(86) User=0.12s Sys=0.00s Real=0.02s
[3.604s][info][gc,start       ] GC(87) Pause Young (Allocation Failure)
[3.634s][info][gc,heap        ] GC(87) PSYoungGen: 60896K(67584K)->53248K(70656K) Eden: 17408K(17408K)->0K(17408K) From: 43488K(50176K)->53248K(53248K)
[3.634s][info][gc,heap        ] GC(87) ParOldGen: 556489K(614912K)->564129K(614912K)
[3.634s][info][gc,metaspace   ] GC(87) Metaspace: 6303K(6528K)->6303K(6528K) NonClass: 5770K(5888K)->5770K(5888K) Class: 533K(640K)->533K(640K)
[3.634s][info][gc             ] GC(87) Pause Young (Allocation Failure) 602M->602M(669M) 30.029ms
[3.634s][info][gc,cpu         ] GC(87) User=0.12s Sys=0.00s Real=0.03s
[3.655s][info][gc,start       ] GC(88) Pause Young (Allocation Failure)
[3.690s][info][gc,heap        ] GC(88) PSYoungGen: 70656K(70656K)->49920K(77824K) Eden: 17408K(17408K)->0K(15872K) From: 53248K(53248K)->49920K(61952K)
[3.690s][info][gc,heap        ] GC(88) ParOldGen: 564129K(614912K)->585281K(614912K)
[3.690s][info][gc,metaspace   ] GC(88) Metaspace: 6303K(6528K)->6303K(6528K) NonClass: 5770K(5888K)->5770K(5888K) Class: 533K(640K)->533K(640K)
[3.690s][info][gc             ] GC(88) Pause Young (Allocation Failure) 619M->620M(676M) 34.278ms
[3.690s][info][gc,cpu         ] GC(88) User=0.25s Sys=0.00s Real=0.03s
[3.709s][info][gc,start       ] GC(89) Pause Young (Allocation Failure)
[3.743s][info][gc,heap        ] GC(89) PSYoungGen: 65792K(77824K)->48512K(81408K) Eden: 15872K(15872K)->0K(15872K) From: 49920K(61952K)->48512K(65536K)
[3.743s][info][gc,heap        ] GC(89) ParOldGen: 585281K(614912K)->602769K(614912K)
[3.743s][info][gc,metaspace   ] GC(89) Metaspace: 6303K(6528K)->6303K(6528K) NonClass: 5770K(5888K)->5770K(5888K) Class: 533K(640K)->533K(640K)
[3.743s][info][gc             ] GC(89) Pause Young (Allocation Failure) 635M->636M(680M) 33.604ms
[3.743s][info][gc,cpu         ] GC(89) User=0.23s Sys=0.00s Real=0.03s
[3.743s][info][gc,start       ] GC(90) Pause Full (Ergonomics)
[3.743s][info][gc,phases,start] GC(90) Marking Phase
[3.898s][info][gc,phases      ] GC(90) Marking Phase 155.046ms
[3.898s][info][gc,phases,start] GC(90) Summary Phase
[3.898s][info][gc,phases      ] GC(90) Summary Phase 0.021ms
[3.898s][info][gc,phases,start] GC(90) Adjust Roots
[3.898s][info][gc,phases      ] GC(90) Adjust Roots 0.184ms
[3.898s][info][gc,phases,start] GC(90) Compaction Phase
[3.959s][info][gc,phases      ] GC(90) Compaction Phase 61.355ms
[3.960s][info][gc,phases,start] GC(90) Post Compact
[3.961s][info][gc,phases      ] GC(90) Post Compact 1.209ms
[3.961s][info][gc,heap        ] GC(90) PSYoungGen: 48512K(81408K)->35530K(81408K) Eden: 0K(15872K)->0K(15872K) From: 48512K(65536K)->35530K(65536K)
[3.961s][info][gc,heap        ] GC(90) ParOldGen: 602769K(614912K)->614711K(685056K)
[3.961s][info][gc,metaspace   ] GC(90) Metaspace: 6303K(6528K)->6303K(6528K) NonClass: 5770K(5888K)->5770K(5888K) Class: 533K(640K)->533K(640K)
[3.961s][info][gc             ] GC(90) Pause Full (Ergonomics) 636M->635M(748M) 218.396ms
[3.961s][info][gc,cpu         ] GC(90) User=1.47s Sys=0.02s Real=0.22s
[3.979s][info][gc,start       ] GC(91) Pause Young (Allocation Failure)
[4.026s][info][gc,heap        ] GC(91) PSYoungGen: 51402K(81408K)->40608K(81920K) Eden: 15872K(15872K)->0K(17920K) From: 35530K(65536K)->40608K(64000K)
[4.026s][info][gc,heap        ] GC(91) ParOldGen: 614711K(685056K)->625855K(685056K)
[4.026s][info][gc,metaspace   ] GC(91) Metaspace: 6303K(6528K)->6303K(6528K) NonClass: 5770K(5888K)->5770K(5888K) Class: 533K(640K)->533K(640K)
[4.026s][info][gc             ] GC(91) Pause Young (Allocation Failure) 650M->650M(749M) 47.161ms
[4.026s][info][gc,cpu         ] GC(91) User=0.25s Sys=0.00s Real=0.05s
[4.048s][info][gc,start       ] GC(92) Pause Young (Allocation Failure)
[4.078s][info][gc,heap        ] GC(92) PSYoungGen: 58528K(81920K)->58560K(83456K) Eden: 17920K(17920K)->0K(17920K) From: 40608K(64000K)->58560K(65536K)
[4.078s][info][gc,heap        ] GC(92) ParOldGen: 625855K(685056K)->625855K(685056K)
[4.078s][info][gc,metaspace   ] GC(92) Metaspace: 6303K(6528K)->6303K(6528K) NonClass: 5770K(5888K)->5770K(5888K) Class: 533K(640K)->533K(640K)
[4.078s][info][gc             ] GC(92) Pause Young (Allocation Failure) 668M->668M(750M) 30.003ms
[4.078s][info][gc,cpu         ] GC(92) User=0.16s Sys=0.00s Real=0.03s
[4.100s][info][gc,start       ] GC(93) Pause Young (Allocation Failure)
[4.139s][info][gc,heap        ] GC(93) PSYoungGen: 76480K(83456K)->63392K(84480K) Eden: 17920K(17920K)->0K(13824K) From: 58560K(65536K)->63392K(70656K)
[4.139s][info][gc,heap        ] GC(93) ParOldGen: 625855K(685056K)->639135K(685056K)
[4.139s][info][gc,metaspace   ] GC(93) Metaspace: 6303K(6528K)->6303K(6528K) NonClass: 5770K(5888K)->5770K(5888K) Class: 533K(640K)->533K(640K)
[4.139s][info][gc             ] GC(93) Pause Young (Allocation Failure) 685M->686M(751M) 38.287ms
[4.139s][info][gc,cpu         ] GC(93) User=0.25s Sys=0.00s Real=0.04s
[4.265s][info][gc,start       ] GC(94) Pause Full (Ergonomics)
[4.265s][info][gc,phases,start] GC(94) Marking Phase
[4.437s][info][gc,phases      ] GC(94) Marking Phase 172.287ms
[4.437s][info][gc,phases,start] GC(94) Summary Phase
[4.437s][info][gc,phases      ] GC(94) Summary Phase 0.034ms
[4.437s][info][gc,phases,start] GC(94) Adjust Roots
[4.438s][info][gc,phases      ] GC(94) Adjust Roots 0.182ms
[4.438s][info][gc,phases,start] GC(94) Compaction Phase
[4.564s][info][gc,phases      ] GC(94) Compaction Phase 126.400ms
[4.564s][info][gc,phases,start] GC(94) Post Compact
[4.566s][info][gc,phases      ] GC(94) Post Compact 1.562ms
[4.566s][info][gc,heap        ] GC(94) PSYoungGen: 77216K(84480K)->47293K(84480K) Eden: 13824K(13824K)->0K(13824K) From: 63392K(70656K)->47293K(70656K)
[4.566s][info][gc,heap        ] GC(94) ParOldGen: 671903K(685056K)->684741K(757248K)
[4.566s][info][gc,metaspace   ] GC(94) Metaspace: 6303K(6528K)->6303K(6528K) NonClass: 5770K(5888K)->5770K(5888K) Class: 533K(640K)->533K(640K)
[4.566s][info][gc             ] GC(94) Pause Full (Ergonomics) 731M->714M(822M) 301.167ms
[4.566s][info][gc,cpu         ] GC(94) User=1.92s Sys=0.02s Real=0.30s
[4.584s][info][gc,start       ] GC(95) Pause Young (Allocation Failure)
[4.638s][info][gc,heap        ] GC(95) PSYoungGen: 61117K(84480K)->50464K(90624K) Eden: 13824K(13824K)->0K(13824K) From: 47293K(70656K)->50464K(76800K)
[4.638s][info][gc,heap        ] GC(95) ParOldGen: 684741K(757248K)->695757K(757248K)
[4.638s][info][gc,metaspace   ] GC(95) Metaspace: 6303K(6528K)->6303K(6528K) NonClass: 5770K(5888K)->5770K(5888K) Class: 533K(640K)->533K(640K)
[4.638s][info][gc             ] GC(95) Pause Young (Allocation Failure) 728M->728M(828M) 53.660ms
[4.638s][info][gc,cpu         ] GC(95) User=0.39s Sys=0.00s Real=0.05s
[4.652s][info][gc,start       ] GC(96) Pause Young (Allocation Failure)
[4.683s][info][gc,heap        ] GC(96) PSYoungGen: 64288K(90624K)->64256K(87040K) Eden: 13824K(13824K)->0K(10752K) From: 50464K(76800K)->64256K(76288K)
[4.683s][info][gc,heap        ] GC(96) ParOldGen: 695757K(757248K)->695757K(757248K)
[4.683s][info][gc,metaspace   ] GC(96) Metaspace: 6303K(6528K)->6303K(6528K) NonClass: 5770K(5888K)->5770K(5888K) Class: 533K(640K)->533K(640K)
[4.683s][info][gc             ] GC(96) Pause Young (Allocation Failure) 742M->742M(824M) 30.225ms
[4.683s][info][gc,cpu         ] GC(96) User=0.14s Sys=0.00s Real=0.03s
[4.694s][info][gc,start       ] GC(97) Pause Young (Allocation Failure)
[4.730s][info][gc,heap        ] GC(97) PSYoungGen: 75008K(87040K)->62816K(91648K) Eden: 10752K(10752K)->0K(10752K) From: 64256K(76288K)->62816K(80896K)
[4.730s][info][gc,heap        ] GC(97) ParOldGen: 695757K(757248K)->708157K(757248K)
[4.730s][info][gc,metaspace   ] GC(97) Metaspace: 6303K(6528K)->6303K(6528K) NonClass: 5770K(5888K)->5770K(5888K) Class: 533K(640K)->533K(640K)
[4.730s][info][gc             ] GC(97) Pause Young (Allocation Failure) 752M->752M(829M) 36.067ms
[4.730s][info][gc,cpu         ] GC(97) User=0.14s Sys=0.05s Real=0.04s
[4.743s][info][gc,start       ] GC(98) Pause Young (Allocation Failure)
[4.777s][info][gc,heap        ] GC(98) PSYoungGen: 73568K(91648K)->49280K(91136K) Eden: 10752K(10752K)->0K(12288K) From: 62816K(80896K)->49280K(78848K)
[4.777s][info][gc,heap        ] GC(98) ParOldGen: 708157K(757248K)->732733K(757248K)
[4.777s][info][gc,metaspace   ] GC(98) Metaspace: 6303K(6528K)->6303K(6528K) NonClass: 5770K(5888K)->5770K(5888K) Class: 533K(640K)->533K(640K)
[4.777s][info][gc             ] GC(98) Pause Young (Allocation Failure) 763M->763M(828M) 34.144ms
[4.777s][info][gc,cpu         ] GC(98) User=0.11s Sys=0.05s Real=0.03s
[4.777s][info][gc,start       ] GC(99) Pause Full (Ergonomics)
[4.777s][info][gc,phases,start] GC(99) Marking Phase
[4.939s][info][gc,phases      ] GC(99) Marking Phase 162.596ms
[4.939s][info][gc,phases,start] GC(99) Summary Phase
[4.939s][info][gc,phases      ] GC(99) Summary Phase 0.027ms
[4.939s][info][gc,phases,start] GC(99) Adjust Roots
[4.940s][info][gc,phases      ] GC(99) Adjust Roots 0.165ms
[4.940s][info][gc,phases,start] GC(99) Compaction Phase
[5.018s][info][gc,phases      ] GC(99) Compaction Phase 78.361ms
[5.018s][info][gc,phases,start] GC(99) Post Compact
[5.020s][info][gc,phases      ] GC(99) Post Compact 1.491ms
[5.020s][info][gc,heap        ] GC(99) PSYoungGen: 49280K(91136K)->23987K(92672K) Eden: 0K(12288K)->0K(13824K) From: 49280K(78848K)->23987K(78848K)
[5.020s][info][gc,heap        ] GC(99) ParOldGen: 732733K(757248K)->757072K(837632K)
[5.020s][info][gc,metaspace   ] GC(99) Metaspace: 6303K(6528K)->6303K(6528K) NonClass: 5770K(5888K)->5770K(5888K) Class: 533K(640K)->533K(640K)
[5.020s][info][gc             ] GC(99) Pause Full (Ergonomics) 763M->762M(908M) 243.362ms
[5.020s][info][gc,cpu         ] GC(99) User=1.62s Sys=0.00s Real=0.24s
[5.036s][info][gc,start       ] GC(100) Pause Young (Allocation Failure)
[5.084s][info][gc,heap        ] GC(100) PSYoungGen: 37811K(92672K)->23968K(95232K) Eden: 13824K(13824K)->0K(13824K) From: 23987K(78848K)->23968K(81408K)
[5.084s][info][gc,heap        ] GC(100) ParOldGen: 757072K(837632K)->771272K(837632K)
[5.084s][info][gc,metaspace   ] GC(100) Metaspace: 6303K(6528K)->6303K(6528K) NonClass: 5770K(5888K)->5770K(5888K) Class: 533K(640K)->533K(640K)
[5.084s][info][gc             ] GC(100) Pause Young (Allocation Failure) 776M->776M(911M) 48.091ms
[5.084s][info][gc,cpu         ] GC(100) User=0.23s Sys=0.02s Real=0.05s
[5.098s][info][gc,start       ] GC(101) Pause Young (Allocation Failure)
[5.118s][info][gc,heap        ] GC(101) PSYoungGen: 37792K(95232K)->33856K(94208K) Eden: 13824K(13824K)->0K(15872K) From: 23968K(81408K)->33856K(78336K)
[5.118s][info][gc,heap        ] GC(101) ParOldGen: 771272K(837632K)->775304K(837632K)
[5.118s][info][gc,metaspace   ] GC(101) Metaspace: 6303K(6528K)->6303K(6528K) NonClass: 5770K(5888K)->5770K(5888K) Class: 533K(640K)->533K(640K)
[5.118s][info][gc             ] GC(101) Pause Young (Allocation Failure) 790M->790M(910M) 19.670ms
[5.118s][info][gc,cpu         ] GC(101) User=0.05s Sys=0.00s Real=0.02s
[5.134s][info][gc,start       ] GC(102) Pause Young (Allocation Failure)
[5.158s][info][gc,heap        ] GC(102) PSYoungGen: 49728K(94208K)->43680K(59904K) Eden: 15872K(15872K)->0K(15872K) From: 33856K(78336K)->43680K(44032K)
[5.158s][info][gc,heap        ] GC(102) ParOldGen: 775304K(837632K)->781448K(837632K)
[5.158s][info][gc,metaspace   ] GC(102) Metaspace: 6303K(6528K)->6303K(6528K) NonClass: 5770K(5888K)->5770K(5888K) Class: 533K(640K)->533K(640K)
[5.158s][info][gc             ] GC(102) Pause Young (Allocation Failure) 805M->805M(876M) 24.416ms
[5.158s][info][gc,cpu         ] GC(102) User=0.12s Sys=0.00s Real=0.02s
[5.175s][info][gc,start       ] GC(103) Pause Young (Allocation Failure)
[5.203s][info][gc,heap        ] GC(103) PSYoungGen: 59552K(59904K)->45728K(90112K) Eden: 15872K(15872K)->0K(17920K) From: 43680K(44032K)->45728K(72192K)
[5.204s][info][gc,heap        ] GC(103) ParOldGen: 781448K(837632K)->795464K(837632K)
[5.204s][info][gc,metaspace   ] GC(103) Metaspace: 6303K(6528K)->6303K(6528K) NonClass: 5770K(5888K)->5770K(5888K) Class: 533K(640K)->533K(640K)
[5.204s][info][gc             ] GC(103) Pause Young (Allocation Failure) 821M->821M(906M) 29.008ms
[5.204s][info][gc,cpu         ] GC(103) User=0.14s Sys=0.00s Real=0.03s
[5.223s][info][gc,start       ] GC(104) Pause Young (Allocation Failure)
[5.256s][info][gc,heap        ] GC(104) PSYoungGen: 63648K(90112K)->33952K(92160K) Eden: 17920K(17920K)->0K(17920K) From: 45728K(72192K)->33952K(74240K)
[5.256s][info][gc,heap        ] GC(104) ParOldGen: 795464K(837632K)->825536K(837632K)
[5.256s][info][gc,metaspace   ] GC(104) Metaspace: 6303K(6528K)->6303K(6528K) NonClass: 5770K(5888K)->5770K(5888K) Class: 533K(640K)->533K(640K)
[5.256s][info][gc             ] GC(104) Pause Young (Allocation Failure) 838M->839M(908M) 32.697ms
[5.256s][info][gc,cpu         ] GC(104) User=0.17s Sys=0.00s Real=0.03s
[5.256s][info][gc,start       ] GC(105) Pause Full (Ergonomics)
[5.256s][info][gc,phases,start] GC(105) Marking Phase
[5.440s][info][gc,phases      ] GC(105) Marking Phase 184.648ms
[5.440s][info][gc,phases,start] GC(105) Summary Phase
[5.440s][info][gc,phases      ] GC(105) Summary Phase 0.022ms
[5.440s][info][gc,phases,start] GC(105) Adjust Roots
[5.441s][info][gc,phases      ] GC(105) Adjust Roots 0.152ms
[5.441s][info][gc,phases,start] GC(105) Compaction Phase
[5.527s][info][gc,phases      ] GC(105) Compaction Phase 86.405ms
[5.527s][info][gc,phases,start] GC(105) Post Compact
[5.529s][info][gc,phases      ] GC(105) Post Compact 1.499ms
[5.529s][info][gc,heap        ] GC(105) PSYoungGen: 33952K(92160K)->20954K(92160K) Eden: 0K(17920K)->0K(17920K) From: 33952K(74240K)->20954K(74240K)
[5.529s][info][gc,heap        ] GC(105) ParOldGen: 825536K(837632K)->837266K(928768K)
[5.529s][info][gc,metaspace   ] GC(105) Metaspace: 6303K(6528K)->6303K(6528K) NonClass: 5770K(5888K)->5770K(5888K) Class: 533K(640K)->533K(640K)
[5.529s][info][gc             ] GC(105) Pause Full (Ergonomics) 839M->838M(997M) 273.333ms
[5.529s][info][gc,cpu         ] GC(105) User=1.95s Sys=0.03s Real=0.27s
[5.550s][info][gc,start       ] GC(106) Pause Young (Allocation Failure)
[5.604s][info][gc,heap        ] GC(106) PSYoungGen: 38874K(92160K)->18048K(92160K) Eden: 17920K(17920K)->0K(19456K) From: 20954K(74240K)->18048K(72704K)
[5.604s][info][gc,heap        ] GC(106) ParOldGen: 837266K(928768K)->858506K(928768K)
[5.604s][info][gc,metaspace   ] GC(106) Metaspace: 6303K(6528K)->6303K(6528K) NonClass: 5770K(5888K)->5770K(5888K) Class: 533K(640K)->533K(640K)
[5.604s][info][gc             ] GC(106) Pause Young (Allocation Failure) 855M->856M(997M) 53.807ms
[5.604s][info][gc,cpu         ] GC(106) User=0.34s Sys=0.03s Real=0.05s
[5.625s][info][gc,start       ] GC(107) Pause Young (Allocation Failure)
[5.647s][info][gc,heap        ] GC(107) PSYoungGen: 37504K(92160K)->19584K(93184K) Eden: 19456K(19456K)->0K(19456K) From: 18048K(72704K)->19584K(73728K)
[5.647s][info][gc,heap        ] GC(107) ParOldGen: 858506K(928768K)->876666K(928768K)
[5.647s][info][gc,metaspace   ] GC(107) Metaspace: 6303K(6528K)->6303K(6528K) NonClass: 5770K(5888K)->5770K(5888K) Class: 533K(640K)->533K(640K)
[5.647s][info][gc             ] GC(107) Pause Young (Allocation Failure) 875M->875M(998M) 21.658ms
[5.647s][info][gc,cpu         ] GC(107) User=0.12s Sys=0.00s Real=0.02s
[5.668s][info][gc,start       ] GC(108) Pause Young (Allocation Failure)
[5.690s][info][gc,heap        ] GC(108) PSYoungGen: 39040K(93184K)->19616K(94720K) Eden: 19456K(19456K)->0K(21504K) From: 19584K(73728K)->19616K(73216K)
[5.690s][info][gc,heap        ] GC(108) ParOldGen: 876666K(928768K)->896370K(928768K)
[5.690s][info][gc,metaspace   ] GC(108) Metaspace: 6303K(6528K)->6303K(6528K) NonClass: 5770K(5888K)->5770K(5888K) Class: 533K(640K)->533K(640K)
[5.690s][info][gc             ] GC(108) Pause Young (Allocation Failure) 894M->894M(999M) 22.000ms
[5.690s][info][gc,cpu         ] GC(108) User=0.09s Sys=0.03s Real=0.02s
[5.714s][info][gc,start       ] GC(109) Pause Young (Allocation Failure)
[5.737s][info][gc,heap        ] GC(109) PSYoungGen: 41120K(94720K)->21600K(95232K) Eden: 21504K(21504K)->0K(21504K) From: 19616K(73216K)->21600K(73728K)
[5.737s][info][gc,heap        ] GC(109) ParOldGen: 896370K(928768K)->916082K(928768K)
[5.737s][info][gc,metaspace   ] GC(109) Metaspace: 6303K(6528K)->6303K(6528K) NonClass: 5770K(5888K)->5770K(5888K) Class: 533K(640K)->533K(640K)
[5.737s][info][gc             ] GC(109) Pause Young (Allocation Failure) 915M->915M(1000M) 23.290ms
[5.737s][info][gc,cpu         ] GC(109) User=0.08s Sys=0.05s Real=0.02s
[5.738s][info][gc,start       ] GC(110) Pause Full (Ergonomics)
[5.738s][info][gc,phases,start] GC(110) Marking Phase
[5.938s][info][gc,phases      ] GC(110) Marking Phase 200.055ms
[5.938s][info][gc,phases,start] GC(110) Summary Phase
[5.938s][info][gc,phases      ] GC(110) Summary Phase 0.023ms
[5.938s][info][gc,phases,start] GC(110) Adjust Roots
[5.938s][info][gc,phases      ] GC(110) Adjust Roots 0.151ms
[5.938s][info][gc,phases,start] GC(110) Compaction Phase
[6.024s][info][gc,phases      ] GC(110) Compaction Phase 86.305ms
[6.024s][info][gc,phases,start] GC(110) Post Compact
[6.026s][info][gc,phases      ] GC(110) Post Compact 1.481ms
[6.026s][info][gc,heap        ] GC(110) PSYoungGen: 21600K(95232K)->7679K(95232K) Eden: 0K(21504K)->0K(21504K) From: 21600K(73728K)->7679K(73728K)
[6.026s][info][gc,heap        ] GC(110) ParOldGen: 916082K(928768K)->928751K(1029120K)
[6.026s][info][gc,metaspace   ] GC(110) Metaspace: 6303K(6528K)->6303K(6528K) NonClass: 5770K(5888K)->5770K(5888K) Class: 533K(640K)->533K(640K)
[6.026s][info][gc             ] GC(110) Pause Full (Ergonomics) 915M->914M(1098M) 288.647ms
[6.026s][info][gc,cpu         ] GC(110) User=2.09s Sys=0.03s Real=0.29s
[6.052s][info][gc,start       ] GC(111) Pause Young (Allocation Failure)
[6.106s][info][gc,heap        ] GC(111) PSYoungGen: 29183K(95232K)->21728K(92672K) Eden: 21504K(21504K)->0K(23552K) From: 7679K(73728K)->21728K(69120K)
[6.106s][info][gc,heap        ] GC(111) ParOldGen: 928751K(1029120K)->936567K(1029120K)
[6.106s][info][gc,metaspace   ] GC(111) Metaspace: 6303K(6528K)->6303K(6528K) NonClass: 5770K(5888K)->5770K(5888K) Class: 533K(640K)->533K(640K)
[6.106s][info][gc             ] GC(111) Pause Young (Allocation Failure) 935M->935M(1095M) 53.663ms
[6.106s][info][gc,cpu         ] GC(111) User=0.30s Sys=0.00s Real=0.05s
[6.133s][info][gc,start       ] GC(112) Pause Young (Allocation Failure)
[6.158s][info][gc,heap        ] GC(112) PSYoungGen: 45280K(92672K)->45216K(94720K) Eden: 23552K(23552K)->0K(23552K) From: 21728K(69120K)->45216K(71168K)
[6.158s][info][gc,heap        ] GC(112) ParOldGen: 936567K(1029120K)->936567K(1029120K)
[6.158s][info][gc,metaspace   ] GC(112) Metaspace: 6303K(6528K)->6303K(6528K) NonClass: 5770K(5888K)->5770K(5888K) Class: 533K(640K)->533K(640K)
[6.158s][info][gc             ] GC(112) Pause Young (Allocation Failure) 958M->958M(1097M) 24.418ms
[6.158s][info][gc,cpu         ] GC(112) User=0.12s Sys=0.00s Real=0.03s
[6.186s][info][gc,start       ] GC(113) Pause Young (Allocation Failure)
[6.220s][info][gc,heap        ] GC(113) PSYoungGen: 68768K(94720K)->68768K(89088K) Eden: 23552K(23552K)->0K(17408K) From: 45216K(71168K)->68768K(71680K)
[6.220s][info][gc,heap        ] GC(113) ParOldGen: 936567K(1029120K)->936567K(1029120K)
[6.220s][info][gc,metaspace   ] GC(113) Metaspace: 6303K(6528K)->6303K(6528K) NonClass: 5770K(5888K)->5770K(5888K) Class: 533K(640K)->533K(640K)
[6.220s][info][gc             ] GC(113) Pause Young (Allocation Failure) 981M->981M(1092M) 34.160ms
[6.220s][info][gc,cpu         ] GC(113) User=0.16s Sys=0.00s Real=0.03s
[6.241s][info][gc,start       ] GC(114) Pause Young (Allocation Failure)
[6.282s][info][gc,heap        ] GC(114) PSYoungGen: 86176K(89088K)->80384K(97792K) Eden: 17408K(17408K)->0K(17408K) From: 68768K(71680K)->80384K(80384K)
[6.282s][info][gc,heap        ] GC(114) ParOldGen: 936567K(1029120K)->942351K(1029120K)
[6.282s][info][gc,metaspace   ] GC(114) Metaspace: 6303K(6528K)->6303K(6528K) NonClass: 5770K(5888K)->5770K(5888K) Class: 533K(640K)->533K(640K)
[6.282s][info][gc             ] GC(114) Pause Young (Allocation Failure) 998M->998M(1100M) 40.686ms
[6.282s][info][gc,cpu         ] GC(114) User=0.25s Sys=0.00s Real=0.04s
[6.302s][info][gc,start       ] GC(115) Pause Young (Allocation Failure)
[6.350s][info][gc,heap        ] GC(115) PSYoungGen: 97792K(97792K)->56352K(113664K) Eden: 17408K(17408K)->0K(19456K) From: 80384K(80384K)->56352K(94208K)
[6.350s][info][gc,heap        ] GC(115) ParOldGen: 942351K(1029120K)->984431K(1029120K)
[6.350s][info][gc,metaspace   ] GC(115) Metaspace: 6303K(6528K)->6303K(6528K) NonClass: 5770K(5888K)->5770K(5888K) Class: 533K(640K)->533K(640K)
[6.350s][info][gc             ] GC(115) Pause Young (Allocation Failure) 1015M->1016M(1116M) 47.855ms
[6.350s][info][gc,cpu         ] GC(115) User=0.27s Sys=0.00s Real=0.05s
[6.371s][info][gc,start       ] GC(116) Pause Young (Allocation Failure)
[6.409s][info][gc,heap        ] GC(116) PSYoungGen: 75808K(113664K)->52928K(113664K) Eden: 19456K(19456K)->0K(19456K) From: 56352K(94208K)->52928K(94208K)
[6.409s][info][gc,heap        ] GC(116) ParOldGen: 984431K(1029120K)->1007639K(1029120K)
[6.409s][info][gc,metaspace   ] GC(116) Metaspace: 6303K(6528K)->6303K(6528K) NonClass: 5770K(5888K)->5770K(5888K) Class: 533K(640K)->533K(640K)
[6.409s][info][gc             ] GC(116) Pause Young (Allocation Failure) 1035M->1035M(1116M) 38.284ms
[6.409s][info][gc,cpu         ] GC(116) User=0.23s Sys=0.02s Real=0.04s
[6.409s][info][gc,start       ] GC(117) Pause Full (Ergonomics)
[6.409s][info][gc,phases,start] GC(117) Marking Phase
[6.649s][info][gc,phases      ] GC(117) Marking Phase 239.369ms
[6.649s][info][gc,phases,start] GC(117) Summary Phase
[6.649s][info][gc,phases      ] GC(117) Summary Phase 0.026ms
[6.649s][info][gc,phases,start] GC(117) Adjust Roots
[6.649s][info][gc,phases      ] GC(117) Adjust Roots 0.167ms
[6.649s][info][gc,phases,start] GC(117) Compaction Phase
[6.744s][info][gc,phases      ] GC(117) Compaction Phase 94.931ms
[6.744s][info][gc,phases,start] GC(117) Post Compact
[6.746s][info][gc,phases      ] GC(117) Post Compact 1.808ms
[6.746s][info][gc,heap        ] GC(117) PSYoungGen: 52928K(113664K)->30199K(113664K) Eden: 0K(19456K)->0K(19456K) From: 52928K(94208K)->30199K(94208K)
[6.746s][info][gc,heap        ] GC(117) ParOldGen: 1007639K(1029120K)->1028923K(1143296K)
[6.746s][info][gc,metaspace   ] GC(117) Metaspace: 6303K(6528K)->6303K(6528K) NonClass: 5770K(5888K)->5770K(5888K) Class: 533K(640K)->533K(640K)
[6.746s][info][gc             ] GC(117) Pause Full (Ergonomics) 1035M->1034M(1227M) 337.031ms
[6.746s][info][gc,cpu         ] GC(117) User=2.36s Sys=0.00s Real=0.34s
[6.769s][info][gc,start       ] GC(118) Pause Young (Allocation Failure)
[6.837s][info][gc,heap        ] GC(118) PSYoungGen: 49655K(113664K)->41888K(104960K) Eden: 19456K(19456K)->0K(21504K) From: 30199K(94208K)->41888K(83456K)
[6.837s][info][gc,heap        ] GC(118) ParOldGen: 1028923K(1143296K)->1037011K(1143296K)
[6.837s][info][gc,metaspace   ] GC(118) Metaspace: 6303K(6528K)->6303K(6528K) NonClass: 5770K(5888K)->5770K(5888K) Class: 533K(640K)->533K(640K)
[6.837s][info][gc             ] GC(118) Pause Young (Allocation Failure) 1053M->1053M(1219M) 68.267ms
[6.837s][info][gc,cpu         ] GC(118) User=0.36s Sys=0.05s Real=0.07s
[6.863s][info][gc,start       ] GC(119) Pause Young (Allocation Failure)
[6.896s][info][gc,heap        ] GC(119) PSYoungGen: 63392K(104960K)->52928K(109568K) Eden: 21504K(21504K)->0K(21504K) From: 41888K(83456K)->52928K(88064K)
[6.896s][info][gc,heap        ] GC(119) ParOldGen: 1037011K(1143296K)->1047651K(1143296K)
[6.896s][info][gc,metaspace   ] GC(119) Metaspace: 6303K(6528K)->6303K(6528K) NonClass: 5770K(5888K)->5770K(5888K) Class: 533K(640K)->533K(640K)
[6.896s][info][gc             ] GC(119) Pause Young (Allocation Failure) 1074M->1074M(1223M) 33.232ms
[6.896s][info][gc,cpu         ] GC(119) User=0.14s Sys=0.02s Real=0.03s
[6.920s][info][gc,start       ] GC(120) Pause Young (Allocation Failure)
[6.957s][info][gc,heap        ] GC(120) PSYoungGen: 74432K(109568K)->62592K(109056K) Eden: 21504K(21504K)->0K(22016K) From: 52928K(88064K)->62592K(87040K)
[6.957s][info][gc,heap        ] GC(120) ParOldGen: 1047651K(1143296K)->1059587K(1143296K)
[6.957s][info][gc,metaspace   ] GC(120) Metaspace: 6303K(6528K)->6303K(6528K) NonClass: 5770K(5888K)->5770K(5888K) Class: 533K(640K)->533K(640K)
[6.957s][info][gc             ] GC(120) Pause Young (Allocation Failure) 1095M->1095M(1223M) 37.726ms
[6.957s][info][gc,cpu         ] GC(120) User=0.23s Sys=0.00s Real=0.04s
[6.983s][info][gc,start       ] GC(121) Pause Young (Allocation Failure)
[7.026s][info][gc,heap        ] GC(121) PSYoungGen: 84608K(109056K)->65184K(111104K) Eden: 22016K(22016K)->0K(22016K) From: 62592K(87040K)->65184K(89088K)
[7.026s][info][gc,heap        ] GC(121) ParOldGen: 1059587K(1143296K)->1079323K(1143296K)
[7.026s][info][gc,metaspace   ] GC(121) Metaspace: 6303K(6528K)->6303K(6528K) NonClass: 5770K(5888K)->5770K(5888K) Class: 533K(640K)->533K(640K)
[7.026s][info][gc             ] GC(121) Pause Young (Allocation Failure) 1117M->1117M(1225M) 43.434ms
[7.026s][info][gc,cpu         ] GC(121) User=0.25s Sys=0.00s Real=0.04s
[7.052s][info][gc,start       ] GC(122) Pause Young (Allocation Failure)
[7.098s][info][gc,heap        ] GC(122) PSYoungGen: 87200K(111104K)->65728K(114688K) Eden: 22016K(22016K)->0K(23040K) From: 65184K(89088K)->65728K(91648K)
[7.098s][info][gc,heap        ] GC(122) ParOldGen: 1079323K(1143296K)->1101139K(1143296K)
[7.099s][info][gc,metaspace   ] GC(122) Metaspace: 6303K(6528K)->6303K(6528K) NonClass: 5770K(5888K)->5770K(5888K) Class: 533K(640K)->533K(640K)
[7.099s][info][gc             ] GC(122) Pause Young (Allocation Failure) 1139M->1139M(1228M) 46.060ms
[7.099s][info][gc,cpu         ] GC(122) User=0.36s Sys=0.00s Real=0.05s
[7.127s][info][gc,start       ] GC(123) Pause Young (Allocation Failure)
[7.175s][info][gc,heap        ] GC(123) PSYoungGen: 88768K(114688K)->45248K(116224K) Eden: 23040K(23040K)->0K(23040K) From: 65728K(91648K)->45248K(93184K)
[7.175s][info][gc,heap        ] GC(123) ParOldGen: 1101139K(1143296K)->1145219K(1145344K)
[7.175s][info][gc,metaspace   ] GC(123) Metaspace: 6303K(6528K)->6303K(6528K) NonClass: 5770K(5888K)->5770K(5888K) Class: 533K(640K)->533K(640K)
[7.175s][info][gc             ] GC(123) Pause Young (Allocation Failure) 1162M->1162M(1232M) 48.648ms
[7.175s][info][gc,cpu         ] GC(123) User=0.23s Sys=0.05s Real=0.05s
[7.175s][info][gc,start       ] GC(124) Pause Full (Ergonomics)
[7.175s][info][gc,phases,start] GC(124) Marking Phase
[7.441s][info][gc,phases      ] GC(124) Marking Phase 265.921ms
[7.441s][info][gc,phases,start] GC(124) Summary Phase
[7.441s][info][gc,phases      ] GC(124) Summary Phase 0.025ms
[7.441s][info][gc,phases,start] GC(124) Adjust Roots
[7.442s][info][gc,phases      ] GC(124) Adjust Roots 0.177ms
[7.442s][info][gc,phases,start] GC(124) Compaction Phase
[7.551s][info][gc,phases      ] GC(124) Compaction Phase 109.678ms
[7.551s][info][gc,phases,start] GC(124) Post Compact
[7.553s][info][gc,phases      ] GC(124) Post Compact 1.945ms
[7.554s][info][gc,heap        ] GC(124) PSYoungGen: 45248K(116224K)->43463K(116224K) Eden: 0K(23040K)->0K(23040K) From: 45248K(93184K)->43463K(93184K)
[7.554s][info][gc,heap        ] GC(124) ParOldGen: 1145219K(1145344K)->1145016K(1272320K)
[7.554s][info][gc,metaspace   ] GC(124) Metaspace: 6303K(6528K)->6303K(6528K) NonClass: 5770K(5888K)->5770K(5888K) Class: 533K(640K)->533K(640K)
[7.554s][info][gc             ] GC(124) Pause Full (Ergonomics) 1162M->1160M(1356M) 378.943ms
[7.554s][info][gc,cpu         ] GC(124) User=2.84s Sys=0.00s Real=0.38s
[7.584s][info][gc,start       ] GC(125) Pause Young (Allocation Failure)
[7.662s][info][gc,heap        ] GC(125) PSYoungGen: 66503K(116224K)->23168K(115712K) Eden: 23040K(23040K)->0K(25600K) From: 43463K(93184K)->23168K(90112K)
[7.662s][info][gc,heap        ] GC(125) ParOldGen: 1145016K(1272320K)->1189112K(1272320K)
[7.662s][info][gc,metaspace   ] GC(125) Metaspace: 6303K(6528K)->6303K(6528K) NonClass: 5770K(5888K)->5770K(5888K) Class: 533K(640K)->533K(640K)
[7.662s][info][gc             ] GC(125) Pause Young (Allocation Failure) 1183M->1183M(1355M) 78.117ms
[7.662s][info][gc,cpu         ] GC(125) User=0.59s Sys=0.03s Real=0.08s
[7.693s][info][gc,start       ] GC(126) Pause Young (Allocation Failure)
[7.722s][info][gc,heap        ] GC(126) PSYoungGen: 48768K(115712K)->25728K(116224K) Eden: 25600K(25600K)->0K(25600K) From: 23168K(90112K)->25728K(90624K)
[7.722s][info][gc,heap        ] GC(126) ParOldGen: 1189112K(1272320K)->1212480K(1272320K)
[7.722s][info][gc,metaspace   ] GC(126) Metaspace: 6303K(6528K)->6303K(6528K) NonClass: 5770K(5888K)->5770K(5888K) Class: 533K(640K)->533K(640K)
[7.722s][info][gc             ] GC(126) Pause Young (Allocation Failure) 1208M->1209M(1356M) 29.293ms
[7.722s][info][gc,cpu         ] GC(126) User=0.11s Sys=0.03s Real=0.03s
[7.754s][info][gc,start       ] GC(127) Pause Young (Allocation Failure)
[7.784s][info][gc,heap        ] GC(127) PSYoungGen: 51328K(116224K)->25728K(116224K) Eden: 25600K(25600K)->0K(28160K) From: 25728K(90624K)->25728K(88064K)
[7.784s][info][gc,heap        ] GC(127) ParOldGen: 1212480K(1272320K)->1238440K(1272320K)
[7.784s][info][gc,metaspace   ] GC(127) Metaspace: 6303K(6528K)->6303K(6528K) NonClass: 5770K(5888K)->5770K(5888K) Class: 533K(640K)->533K(640K)
[7.784s][info][gc             ] GC(127) Pause Young (Allocation Failure) 1234M->1234M(1356M) 30.183ms
[7.784s][info][gc,cpu         ] GC(127) User=0.14s Sys=0.00s Real=0.03s
[7.784s][info][gc,start       ] GC(128) Pause Full (Ergonomics)
[7.784s][info][gc,phases,start] GC(128) Marking Phase
[8.069s][info][gc,phases      ] GC(128) Marking Phase 284.779ms
[8.069s][info][gc,phases,start] GC(128) Summary Phase
[8.069s][info][gc,phases      ] GC(128) Summary Phase 0.038ms
[8.069s][info][gc,phases,start] GC(128) Adjust Roots
[8.069s][info][gc,phases      ] GC(128) Adjust Roots 0.166ms
[8.069s][info][gc,phases,start] GC(128) Compaction Phase
[8.174s][info][gc,phases      ] GC(128) Compaction Phase 104.880ms
[8.174s][info][gc,phases,start] GC(128) Post Compact
[8.176s][info][gc,phases      ] GC(128) Post Compact 2.398ms
[8.177s][info][gc,heap        ] GC(128) PSYoungGen: 25728K(116224K)->0K(117248K) Eden: 0K(28160K)->0K(28160K) From: 25728K(88064K)->0K(89088K)
[8.177s][info][gc,heap        ] GC(128) ParOldGen: 1238440K(1272320K)->1262619K(1403392K)
[8.177s][info][gc,metaspace   ] GC(128) Metaspace: 6303K(6528K)->6303K(6528K) NonClass: 5770K(5888K)->5770K(5888K) Class: 533K(640K)->533K(640K)
[8.177s][info][gc             ] GC(128) Pause Full (Ergonomics) 1234M->1233M(1485M) 393.301ms
[8.177s][info][gc,cpu         ] GC(128) User=2.83s Sys=0.02s Real=0.39s
[8.212s][info][gc,start       ] GC(129) Pause Young (Allocation Failure)
[8.230s][info][gc,heap        ] GC(129) PSYoungGen: 28160K(117248K)->28320K(115200K) Eden: 28160K(28160K)->0K(30720K) From: 0K(89088K)->28320K(84480K)
[8.230s][info][gc,heap        ] GC(129) ParOldGen: 1262619K(1403392K)->1262619K(1403392K)
[8.230s][info][gc,metaspace   ] GC(129) Metaspace: 6303K(6528K)->6303K(6528K) NonClass: 5770K(5888K)->5770K(5888K) Class: 533K(640K)->533K(640K)
[8.230s][info][gc             ] GC(129) Pause Young (Allocation Failure) 1260M->1260M(1483M) 18.430ms
[8.230s][info][gc,cpu         ] GC(129) User=0.03s Sys=0.00s Real=0.02s
[8.261s][info][gc,start       ] GC(130) Pause Young (Allocation Failure)
[8.288s][info][gc,heap        ] GC(130) PSYoungGen: 59040K(115200K)->49248K(117760K) Eden: 30720K(30720K)->0K(30720K) From: 28320K(84480K)->49248K(87040K)
[8.289s][info][gc,heap        ] GC(130) ParOldGen: 1262619K(1403392K)->1262619K(1403392K)
[8.289s][info][gc,metaspace   ] GC(130) Metaspace: 6303K(6528K)->6303K(6528K) NonClass: 5770K(5888K)->5770K(5888K) Class: 533K(640K)->533K(640K)
[8.289s][info][gc             ] GC(130) Pause Young (Allocation Failure) 1290M->1281M(1485M) 27.502ms
[8.289s][info][gc,cpu         ] GC(130) User=0.12s Sys=0.00s Real=0.03s
[8.320s][info][gc,start       ] GC(131) Pause Young (Allocation Failure)
[8.357s][info][gc,heap        ] GC(131) PSYoungGen: 79968K(117760K)->71488K(113152K) Eden: 30720K(30720K)->0K(27648K) From: 49248K(87040K)->71488K(85504K)
[8.357s][info][gc,heap        ] GC(131) ParOldGen: 1262619K(1403392K)->1262619K(1403392K)
[8.357s][info][gc,metaspace   ] GC(131) Metaspace: 6303K(6528K)->6303K(6528K) NonClass: 5770K(5888K)->5770K(5888K) Class: 533K(640K)->533K(640K)
[8.357s][info][gc             ] GC(131) Pause Young (Allocation Failure) 1311M->1302M(1481M) 37.258ms
[8.357s][info][gc,cpu         ] GC(131) User=0.23s Sys=0.00s Real=0.04s
[8.394s][info][gc,start       ] GC(132) Pause Young (Allocation Failure)
[8.447s][info][gc,heap        ] GC(132) PSYoungGen: 99136K(113152K)->91648K(119296K) Eden: 27648K(27648K)->0K(27648K) From: 71488K(85504K)->91648K(91648K)
[8.447s][info][gc,heap        ] GC(132) ParOldGen: 1262619K(1403392K)->1270115K(1403392K)
[8.447s][info][gc,metaspace   ] GC(132) Metaspace: 6303K(6528K)->6303K(6528K) NonClass: 5770K(5888K)->5770K(5888K) Class: 533K(640K)->533K(640K)
[8.447s][info][gc             ] GC(132) Pause Young (Allocation Failure) 1329M->1329M(1487M) 53.186ms
[8.447s][info][gc,cpu         ] GC(132) User=0.30s Sys=0.00s Real=0.05s
[8.483s][info][gc,start       ] GC(133) Pause Young (Allocation Failure)
[8.548s][info][gc,heap        ] GC(133) PSYoungGen: 119296K(119296K)->74336K(134656K) Eden: 27648K(27648K)->0K(27648K) From: 91648K(91648K)->74336K(107008K)
[8.548s][info][gc,heap        ] GC(133) ParOldGen: 1270115K(1403392K)->1315803K(1403392K)
[8.548s][info][gc,metaspace   ] GC(133) Metaspace: 6303K(6528K)->6303K(6528K) NonClass: 5770K(5888K)->5770K(5888K) Class: 533K(640K)->533K(640K)
[8.548s][info][gc             ] GC(133) Pause Young (Allocation Failure) 1356M->1357M(1502M) 64.377ms
[8.548s][info][gc,cpu         ] GC(133) User=0.38s Sys=0.03s Real=0.07s
[8.814s][info][gc,start       ] GC(134) Pause Full (Ergonomics)
[8.814s][info][gc,phases,start] GC(134) Marking Phase
[9.136s][info][gc,phases      ] GC(134) Marking Phase 322.324ms
[9.137s][info][gc,phases,start] GC(134) Summary Phase
[9.137s][info][gc,phases      ] GC(134) Summary Phase 0.031ms
[9.137s][info][gc,phases,start] GC(134) Adjust Roots
[9.137s][info][gc,phases      ] GC(134) Adjust Roots 0.289ms
[9.137s][info][gc,phases,start] GC(134) Compaction Phase
[9.476s][info][gc,phases      ] GC(134) Compaction Phase 339.469ms
[9.476s][info][gc,phases,start] GC(134) Post Compact
[9.480s][info][gc,phases      ] GC(134) Post Compact 3.183ms
[9.480s][info][gc,heap        ] GC(134) PSYoungGen: 101984K(134656K)->46468K(134656K) Eden: 27648K(27648K)->0K(27648K) From: 74336K(107008K)->46468K(107008K)
[9.480s][info][gc,heap        ] GC(134) ParOldGen: 1381339K(1403392K)->1402972K(1555968K)
[9.480s][info][gc,metaspace   ] GC(134) Metaspace: 6303K(6528K)->6303K(6528K) NonClass: 5770K(5888K)->5770K(5888K) Class: 533K(640K)->533K(640K)
[9.480s][info][gc             ] GC(134) Pause Full (Ergonomics) 1448M->1415M(1651M) 666.237ms
[9.480s][info][gc,cpu         ] GC(134) User=4.67s Sys=0.00s Real=0.67s
[9.511s][info][gc,start       ] GC(135) Pause Young (Allocation Failure)
[9.599s][info][gc,heap        ] GC(135) PSYoungGen: 74116K(134656K)->61472K(137728K) Eden: 27648K(27648K)->0K(27648K) From: 46468K(107008K)->61472K(110080K)
[9.599s][info][gc,heap        ] GC(135) ParOldGen: 1402972K(1555968K)->1416060K(1555968K)
[9.599s][info][gc,metaspace   ] GC(135) Metaspace: 6303K(6528K)->6303K(6528K) NonClass: 5770K(5888K)->5770K(5888K) Class: 533K(640K)->533K(640K)
[9.599s][info][gc             ] GC(135) Pause Young (Allocation Failure) 1442M->1442M(1654M) 88.669ms
[9.599s][info][gc,cpu         ] GC(135) User=0.59s Sys=0.03s Real=0.09s
[9.625s][info][gc,start       ] GC(136) Pause Young (Allocation Failure)
[9.668s][info][gc,heap        ] GC(136) PSYoungGen: 89120K(137728K)->89152K(130048K) Eden: 27648K(27648K)->0K(22528K) From: 61472K(110080K)->89152K(107520K)
[9.668s][info][gc,heap        ] GC(136) ParOldGen: 1416060K(1555968K)->1416060K(1555968K)
[9.668s][info][gc,metaspace   ] GC(136) Metaspace: 6303K(6528K)->6303K(6528K) NonClass: 5770K(5888K)->5770K(5888K) Class: 533K(640K)->533K(640K)
[9.668s][info][gc             ] GC(136) Pause Young (Allocation Failure) 1469M->1469M(1646M) 43.614ms
[9.668s][info][gc,cpu         ] GC(136) User=0.27s Sys=0.00s Real=0.04s
[9.689s][info][gc,start       ] GC(137) Pause Young (Allocation Failure)
[9.740s][info][gc,heap        ] GC(137) PSYoungGen: 111680K(130048K)->111680K(137728K) Eden: 22528K(22528K)->0K(22528K) From: 89152K(107520K)->111680K(115200K)
[9.740s][info][gc,heap        ] GC(137) ParOldGen: 1416060K(1555968K)->1416060K(1555968K)
[9.740s][info][gc,metaspace   ] GC(137) Metaspace: 6303K(6528K)->6303K(6528K) NonClass: 5770K(5888K)->5770K(5888K) Class: 533K(640K)->533K(640K)
[9.740s][info][gc             ] GC(137) Pause Young (Allocation Failure) 1491M->1491M(1654M) 51.395ms
[9.740s][info][gc,cpu         ] GC(137) User=0.38s Sys=0.00s Real=0.05s
[9.764s][info][gc,start       ] GC(138) Pause Young (Allocation Failure)
[9.830s][info][gc,heap        ] GC(138) PSYoungGen: 134208K(137728K)->117984K(140800K) Eden: 22528K(22528K)->0K(11264K) From: 111680K(115200K)->117984K(129536K)
[9.830s][info][gc,heap        ] GC(138) ParOldGen: 1416060K(1555968K)->1432508K(1555968K)
[9.830s][info][gc,metaspace   ] GC(138) Metaspace: 6303K(6528K)->6303K(6528K) NonClass: 5770K(5888K)->5770K(5888K) Class: 533K(640K)->533K(640K)
[9.830s][info][gc             ] GC(138) Pause Young (Allocation Failure) 1513M->1514M(1657M) 65.969ms
[9.830s][info][gc,cpu         ] GC(138) User=0.45s Sys=0.05s Real=0.07s
[9.842s][info][gc,start       ] GC(139) Pause Young (Allocation Failure)
[9.900s][info][gc,heap        ] GC(139) PSYoungGen: 129248K(140800K)->111808K(154624K) Eden: 11264K(11264K)->0K(11264K) From: 117984K(129536K)->111808K(143360K)
[9.900s][info][gc,heap        ] GC(139) ParOldGen: 1432508K(1555968K)->1450132K(1555968K)
[9.900s][info][gc,metaspace   ] GC(139) Metaspace: 6303K(6528K)->6303K(6528K) NonClass: 5770K(5888K)->5770K(5888K) Class: 533K(640K)->533K(640K)
[9.900s][info][gc             ] GC(139) Pause Young (Allocation Failure) 1525M->1525M(1670M) 58.633ms
[9.900s][info][gc,cpu         ] GC(139) User=0.39s Sys=0.00s Real=0.06s
[9.912s][info][gc,start       ] GC(140) Pause Young (Allocation Failure)
[9.970s][info][gc,heap        ] GC(140) PSYoungGen: 123072K(154624K)->67712K(151552K) Eden: 11264K(11264K)->0K(13312K) From: 111808K(143360K)->67712K(138240K)
[9.970s][info][gc,heap        ] GC(140) ParOldGen: 1450132K(1555968K)->1506124K(1555968K)
[9.970s][info][gc,metaspace   ] GC(140) Metaspace: 6303K(6528K)->6303K(6528K) NonClass: 5770K(5888K)->5770K(5888K) Class: 533K(640K)->533K(640K)
[9.970s][info][gc             ] GC(140) Pause Young (Allocation Failure) 1536M->1536M(1667M) 57.751ms
[9.970s][info][gc,cpu         ] GC(140) User=0.47s Sys=0.03s Real=0.06s
[9.970s][info][gc,start       ] GC(141) Pause Full (Ergonomics)
[9.970s][info][gc,phases,start] GC(141) Marking Phase
[10.318s][info][gc,phases      ] GC(141) Marking Phase 347.999ms
[10.318s][info][gc,phases,start] GC(141) Summary Phase
[10.318s][info][gc,phases      ] GC(141) Summary Phase 0.036ms
[10.318s][info][gc,phases,start] GC(141) Adjust Roots
[10.318s][info][gc,phases      ] GC(141) Adjust Roots 0.209ms
[10.318s][info][gc,phases,start] GC(141) Compaction Phase
[10.489s][info][gc,phases      ] GC(141) Compaction Phase 171.100ms
[10.489s][info][gc,phases,start] GC(141) Post Compact
[10.492s][info][gc,phases      ] GC(141) Post Compact 2.906ms
[10.493s][info][gc,heap        ] GC(141) PSYoungGen: 67712K(151552K)->16374K(154112K) Eden: 0K(13312K)->0K(15872K) From: 67712K(138240K)->16374K(138240K)
[10.493s][info][gc,heap        ] GC(141) ParOldGen: 1506124K(1555968K)->1555764K(1723392K)
[10.493s][info][gc,metaspace   ] GC(141) Metaspace: 6303K(6528K)->6303K(6528K) NonClass: 5770K(5888K)->5770K(5888K) Class: 533K(640K)->533K(640K)
[10.493s][info][gc             ] GC(141) Pause Full (Ergonomics) 1536M->1535M(1833M) 523.364ms
[10.493s][info][gc,cpu         ] GC(141) User=3.66s Sys=0.02s Real=0.52s
[10.511s][info][gc,start       ] GC(142) Pause Young (Allocation Failure)
[10.592s][info][gc,heap        ] GC(142) PSYoungGen: 32246K(154112K)->18784K(160768K) Eden: 15872K(15872K)->0K(15872K) From: 16374K(138240K)->18784K(144896K)
[10.592s][info][gc,heap        ] GC(142) ParOldGen: 1555764K(1723392K)->1569540K(1723392K)
[10.592s][info][gc,metaspace   ] GC(142) Metaspace: 6303K(6528K)->6303K(6528K) NonClass: 5770K(5888K)->5770K(5888K) Class: 533K(640K)->533K(640K)
[10.592s][info][gc             ] GC(142) Pause Young (Allocation Failure) 1550M->1551M(1840M) 81.143ms
[10.592s][info][gc,cpu         ] GC(142) User=0.42s Sys=0.00s Real=0.08s
[10.609s][info][gc,start       ] GC(143) Pause Young (Allocation Failure)
[10.636s][info][gc,heap        ] GC(143) PSYoungGen: 34656K(160768K)->31936K(161280K) Eden: 15872K(15872K)->0K(17920K) From: 18784K(144896K)->31936K(143360K)
[10.636s][info][gc,heap        ] GC(143) ParOldGen: 1569540K(1723392K)->1572340K(1723392K)
[10.636s][info][gc,metaspace   ] GC(143) Metaspace: 6303K(6528K)->6303K(6528K) NonClass: 5770K(5888K)->5770K(5888K) Class: 533K(640K)->533K(640K)
[10.636s][info][gc             ] GC(143) Pause Young (Allocation Failure) 1566M->1566M(1840M) 27.000ms
[10.636s][info][gc,cpu         ] GC(143) User=0.05s Sys=0.00s Real=0.03s
[10.654s][info][gc,start       ] GC(144) Pause Young (Allocation Failure)
[10.686s][info][gc,heap        ] GC(144) PSYoungGen: 49856K(161280K)->49792K(68096K) Eden: 17920K(17920K)->0K(17920K) From: 31936K(143360K)->49792K(50176K)
[10.686s][info][gc,heap        ] GC(144) ParOldGen: 1572340K(1723392K)->1572444K(1723392K)
[10.686s][info][gc,metaspace   ] GC(144) Metaspace: 6303K(6528K)->6303K(6528K) NonClass: 5770K(5888K)->5770K(5888K) Class: 533K(640K)->533K(640K)
[10.686s][info][gc             ] GC(144) Pause Young (Allocation Failure) 1584M->1584M(1749M) 32.342ms
[10.686s][info][gc,cpu         ] GC(144) User=0.06s Sys=0.00s Real=0.03s
[10.705s][info][gc,start       ] GC(145) Pause Young (Allocation Failure)
[10.742s][info][gc,heap        ] GC(145) PSYoungGen: 67712K(68096K)->35968K(153088K) Eden: 17920K(17920K)->0K(20480K) From: 49792K(50176K)->35968K(132608K)
[10.742s][info][gc,heap        ] GC(145) ParOldGen: 1572444K(1723392K)->1604604K(1723392K)
[10.742s][info][gc,metaspace   ] GC(145) Metaspace: 6303K(6528K)->6303K(6528K) NonClass: 5770K(5888K)->5770K(5888K) Class: 533K(640K)->533K(640K)
[10.742s][info][gc             ] GC(145) Pause Young (Allocation Failure) 1601M->1602M(1832M) 37.019ms
[10.742s][info][gc,cpu         ] GC(145) User=0.16s Sys=0.03s Real=0.04s
[10.763s][info][gc,start       ] GC(146) Pause Young (Allocation Failure)
[10.799s][info][gc,heap        ] GC(146) PSYoungGen: 56448K(153088K)->20608K(156160K) Eden: 20480K(20480K)->0K(20480K) From: 35968K(132608K)->20608K(135680K)
[10.799s][info][gc,heap        ] GC(146) ParOldGen: 1604604K(1723392K)->1640932K(1723392K)
[10.799s][info][gc,metaspace   ] GC(146) Metaspace: 6303K(6528K)->6303K(6528K) NonClass: 5770K(5888K)->5770K(5888K) Class: 533K(640K)->533K(640K)
[10.799s][info][gc             ] GC(146) Pause Young (Allocation Failure) 1622M->1622M(1835M) 35.739ms
[10.799s][info][gc,cpu         ] GC(146) User=0.16s Sys=0.00s Real=0.03s
[10.821s][info][gc,start       ] GC(147) Pause Young (Allocation Failure)
[10.849s][info][gc,heap        ] GC(147) PSYoungGen: 41088K(156160K)->20640K(153600K) Eden: 20480K(20480K)->0K(23040K) From: 20608K(135680K)->20640K(130560K)
[10.849s][info][gc,heap        ] GC(147) ParOldGen: 1640932K(1723392K)->1661692K(1723392K)
[10.849s][info][gc,metaspace   ] GC(147) Metaspace: 6303K(6528K)->6303K(6528K) NonClass: 5770K(5888K)->5770K(5888K) Class: 533K(640K)->533K(640K)
[10.849s][info][gc             ] GC(147) Pause Young (Allocation Failure) 1642M->1642M(1833M) 27.519ms
[10.849s][info][gc,cpu         ] GC(147) User=0.00s Sys=0.02s Real=0.03s
[10.873s][info][gc,start       ] GC(148) Pause Young (Allocation Failure)
[10.904s][info][gc,heap        ] GC(148) PSYoungGen: 43680K(153600K)->23200K(155648K) Eden: 23040K(23040K)->0K(23040K) From: 20640K(130560K)->23200K(132608K)
[10.904s][info][gc,heap        ] GC(148) ParOldGen: 1661692K(1723392K)->1682452K(1723392K)
[10.904s][info][gc,metaspace   ] GC(148) Metaspace: 6303K(6528K)->6303K(6528K) NonClass: 5770K(5888K)->5770K(5888K) Class: 533K(640K)->533K(640K)
[10.904s][info][gc             ] GC(148) Pause Young (Allocation Failure) 1665M->1665M(1835M) 30.273ms
[10.904s][info][gc,cpu         ] GC(148) User=0.03s Sys=0.00s Real=0.03s
[10.904s][info][gc,start       ] GC(149) Pause Full (Ergonomics)
[10.904s][info][gc,phases,start] GC(149) Marking Phase
[11.287s][info][gc,phases      ] GC(149) Marking Phase 383.502ms
[11.287s][info][gc,phases,start] GC(149) Summary Phase
[11.287s][info][gc,phases      ] GC(149) Summary Phase 0.043ms
[11.287s][info][gc,phases,start] GC(149) Adjust Roots
[11.288s][info][gc,phases      ] GC(149) Adjust Roots 0.189ms
[11.288s][info][gc,phases,start] GC(149) Compaction Phase
[11.447s][info][gc,phases      ] GC(149) Compaction Phase 159.701ms
[11.447s][info][gc,phases,start] GC(149) Post Compact
[11.450s][info][gc,phases      ] GC(149) Post Compact 3.031ms
[11.451s][info][gc,heap        ] GC(149) PSYoungGen: 23200K(155648K)->0K(155648K) Eden: 0K(23040K)->0K(26112K) From: 23200K(132608K)->0K(129536K)
[11.451s][info][gc,heap        ] GC(149) ParOldGen: 1682452K(1723392K)->1703503K(1881088K)
[11.451s][info][gc,metaspace   ] GC(149) Metaspace: 6303K(6528K)->6303K(6528K) NonClass: 5770K(5888K)->5770K(5888K) Class: 533K(640K)->533K(640K)
[11.451s][info][gc             ] GC(149) Pause Full (Ergonomics) 1665M->1663M(1989M) 547.337ms
[11.451s][info][gc,cpu         ] GC(149) User=3.86s Sys=0.02s Real=0.55s
[11.479s][info][gc,start       ] GC(150) Pause Young (Allocation Failure)
[11.505s][info][gc,heap        ] GC(150) PSYoungGen: 26112K(155648K)->26304K(52736K) Eden: 26112K(26112K)->0K(26112K) From: 0K(129536K)->26304K(26624K)
[11.505s][info][gc,heap        ] GC(150) ParOldGen: 1703503K(1881088K)->1703503K(1881088K)
[11.505s][info][gc,metaspace   ] GC(150) Metaspace: 6303K(6528K)->6303K(6528K) NonClass: 5770K(5888K)->5770K(5888K) Class: 533K(640K)->533K(640K)
[11.505s][info][gc             ] GC(150) Pause Young (Allocation Failure) 1689M->1689M(1888M) 26.128ms
[11.505s][info][gc,cpu         ] GC(150) User=0.02s Sys=0.00s Real=0.03s
[11.534s][info][gc,start       ] GC(151) Pause Young (Allocation Failure)
[11.569s][info][gc,heap        ] GC(151) PSYoungGen: 52416K(52736K)->52416K(143872K) Eden: 26112K(26112K)->0K(29184K) From: 26304K(26624K)->52416K(114688K)
[11.569s][info][gc,heap        ] GC(151) ParOldGen: 1703503K(1881088K)->1703503K(1881088K)
[11.569s][info][gc,metaspace   ] GC(151) Metaspace: 6303K(6528K)->6303K(6528K) NonClass: 5770K(5888K)->5770K(5888K) Class: 533K(640K)->533K(640K)
[11.569s][info][gc             ] GC(151) Pause Young (Allocation Failure) 1714M->1714M(1977M) 34.837ms
[11.569s][info][gc,cpu         ] GC(151) User=0.16s Sys=0.00s Real=0.03s
[11.603s][info][gc,start       ] GC(152) Pause Young (Allocation Failure)
[11.646s][info][gc,heap        ] GC(152) PSYoungGen: 81600K(143872K)->81632K(148992K) Eden: 29184K(29184K)->0K(29184K) From: 52416K(114688K)->81632K(119808K)
[11.646s][info][gc,heap        ] GC(152) ParOldGen: 1703503K(1881088K)->1703503K(1881088K)
[11.646s][info][gc,metaspace   ] GC(152) Metaspace: 6303K(6528K)->6303K(6528K) NonClass: 5770K(5888K)->5770K(5888K) Class: 533K(640K)->533K(640K)
[11.646s][info][gc             ] GC(152) Pause Young (Allocation Failure) 1743M->1743M(1982M) 42.556ms
[11.646s][info][gc,cpu         ] GC(152) User=0.17s Sys=0.00s Real=0.04s
[11.680s][info][gc,start       ] GC(153) Pause Young (Allocation Failure)
[11.733s][info][gc,heap        ] GC(153) PSYoungGen: 110816K(148992K)->84672K(152064K) Eden: 29184K(29184K)->0K(27136K) From: 81632K(119808K)->84672K(124928K)
[11.733s][info][gc,heap        ] GC(153) ParOldGen: 1703503K(1881088K)->1729967K(1881088K)
[11.733s][info][gc,metaspace   ] GC(153) Metaspace: 6303K(6528K)->6303K(6528K) NonClass: 5770K(5888K)->5770K(5888K) Class: 533K(640K)->533K(640K)
[11.733s][info][gc             ] GC(153) Pause Young (Allocation Failure) 1771M->1772M(1985M) 53.258ms
[11.733s][info][gc,cpu         ] GC(153) User=0.38s Sys=0.00s Real=0.05s
[11.761s][info][gc,start       ] GC(154) Pause Young (Allocation Failure)
[11.814s][info][gc,heap        ] GC(154) PSYoungGen: 111808K(152064K)->85696K(157184K) Eden: 27136K(27136K)->0K(27136K) From: 84672K(124928K)->85696K(130048K)
[11.814s][info][gc,heap        ] GC(154) ParOldGen: 1729967K(1881088K)->1756447K(1881088K)
[11.814s][info][gc,metaspace   ] GC(154) Metaspace: 6303K(6528K)->6303K(6528K) NonClass: 5770K(5888K)->5770K(5888K) Class: 533K(640K)->533K(640K)
[11.814s][info][gc             ] GC(154) Pause Young (Allocation Failure) 1798M->1798M(1990M) 53.330ms
[11.814s][info][gc,cpu         ] GC(154) User=0.34s Sys=0.03s Real=0.05s
[11.844s][info][gc,start       ] GC(155) Pause Young (Allocation Failure)
[11.899s][info][gc,heap        ] GC(155) PSYoungGen: 112832K(157184K)->83680K(162816K) Eden: 27136K(27136K)->0K(28672K) From: 85696K(130048K)->83680K(134144K)
[11.899s][info][gc,heap        ] GC(155) ParOldGen: 1756447K(1881088K)->1786031K(1881088K)
[11.899s][info][gc,metaspace   ] GC(155) Metaspace: 6303K(6528K)->6303K(6528K) NonClass: 5770K(5888K)->5770K(5888K) Class: 533K(640K)->533K(640K)
[11.899s][info][gc             ] GC(155) Pause Young (Allocation Failure) 1825M->1825M(1996M) 54.646ms
[11.899s][info][gc,cpu         ] GC(155) User=0.34s Sys=0.05s Real=0.05s
[11.934s][info][gc,start       ] GC(156) Pause Young (Allocation Failure)
[11.989s][info][gc,heap        ] GC(156) PSYoungGen: 112352K(162816K)->83168K(164864K) Eden: 28672K(28672K)->0K(28672K) From: 83680K(134144K)->83168K(136192K)
[11.989s][info][gc,heap        ] GC(156) ParOldGen: 1786031K(1881088K)->1815615K(1881088K)
[11.989s][info][gc,metaspace   ] GC(156) Metaspace: 6303K(6528K)->6303K(6528K) NonClass: 5770K(5888K)->5770K(5888K) Class: 533K(640K)->533K(640K)
[11.989s][info][gc             ] GC(156) Pause Young (Allocation Failure) 1853M->1854M(1998M) 54.448ms
[11.989s][info][gc,cpu         ] GC(156) User=0.36s Sys=0.02s Real=0.06s
[12.020s][info][gc,start       ] GC(157) Pause Young (Allocation Failure)
[12.076s][info][gc,heap        ] GC(157) PSYoungGen: 111840K(164864K)->84704K(168448K) Eden: 28672K(28672K)->0K(31232K) From: 83168K(136192K)->84704K(137216K)
[12.076s][info][gc,heap        ] GC(157) ParOldGen: 1815615K(1881088K)->1843127K(1881088K)
[12.076s][info][gc,metaspace   ] GC(157) Metaspace: 6303K(6528K)->6303K(6528K) NonClass: 5770K(5888K)->5770K(5888K) Class: 533K(640K)->533K(640K)
[12.076s][info][gc             ] GC(157) Pause Young (Allocation Failure) 1882M->1882M(2001M) 55.947ms
[12.076s][info][gc,cpu         ] GC(157) User=0.31s Sys=0.00s Real=0.06s
[12.076s][info][gc,start       ] GC(158) Pause Full (Ergonomics)
[12.076s][info][gc,phases,start] GC(158) Marking Phase
[12.495s][info][gc,phases      ] GC(158) Marking Phase 418.198ms
[12.495s][info][gc,phases,start] GC(158) Summary Phase
[12.495s][info][gc,phases      ] GC(158) Summary Phase 0.031ms
[12.495s][info][gc,phases,start] GC(158) Adjust Roots
[12.495s][info][gc,phases      ] GC(158) Adjust Roots 0.165ms
[12.495s][info][gc,phases,start] GC(158) Compaction Phase
[12.680s][info][gc,phases      ] GC(158) Compaction Phase 185.211ms
[12.680s][info][gc,phases,start] GC(158) Post Compact
[12.684s][info][gc,phases      ] GC(158) Post Compact 3.746ms
[12.685s][info][gc,heap        ] GC(158) PSYoungGen: 84704K(168448K)->44522K(168448K) Eden: 0K(31232K)->0K(31232K) From: 84704K(137216K)->44522K(137216K)
[12.685s][info][gc,heap        ] GC(158) ParOldGen: 1843127K(1881088K)->1880935K(2072576K)
[12.685s][info][gc,metaspace   ] GC(158) Metaspace: 6303K(6528K)->6303K(6528K) NonClass: 5770K(5888K)->5770K(5888K) Class: 533K(640K)->533K(640K)
[12.685s][info][gc             ] GC(158) Pause Full (Ergonomics) 1882M->1880M(2188M) 608.343ms
[12.685s][info][gc,cpu         ] GC(158) User=4.50s Sys=0.00s Real=0.61s
[12.723s][info][gc,start       ] GC(159) Pause Young (Allocation Failure)
[12.841s][info][gc,heap        ] GC(159) PSYoungGen: 75754K(168448K)->48448K(79872K) Eden: 31232K(31232K)->0K(31232K) From: 44522K(137216K)->48448K(48640K)
[12.841s][info][gc,heap        ] GC(159) ParOldGen: 1880935K(2072576K)->1908815K(2072576K)
[12.841s][info][gc,metaspace   ] GC(159) Metaspace: 6303K(6528K)->6303K(6528K) NonClass: 5770K(5888K)->5770K(5888K) Class: 533K(640K)->533K(640K)
[12.841s][info][gc             ] GC(159) Pause Young (Allocation Failure) 1910M->1911M(2102M) 118.108ms
[12.841s][info][gc,cpu         ] GC(159) User=0.91s Sys=0.00s Real=0.12s
[12.881s][info][gc,start       ] GC(160) Pause Young (Allocation Failure)
[12.925s][info][gc,heap        ] GC(160) PSYoungGen: 79680K(79872K)->62688K(154112K) Eden: 31232K(31232K)->0K(34816K) From: 48448K(48640K)->62688K(119296K)
[12.925s][info][gc,heap        ] GC(160) ParOldGen: 1908815K(2072576K)->1926079K(2072576K)
[12.925s][info][gc,metaspace   ] GC(160) Metaspace: 6303K(6528K)->6303K(6528K) NonClass: 5770K(5888K)->5770K(5888K) Class: 533K(640K)->533K(640K)
[12.925s][info][gc             ] GC(160) Pause Young (Allocation Failure) 1941M->1942M(2174M) 43.848ms
[12.925s][info][gc,cpu         ] GC(160) User=0.38s Sys=0.00s Real=0.04s
[12.970s][info][gc,start       ] GC(161) Pause Young (Allocation Failure)
[13.022s][info][gc,heap        ] GC(161) PSYoungGen: 97504K(154112K)->66272K(101376K) Eden: 34816K(34816K)->0K(34816K) From: 62688K(119296K)->66272K(66560K)
[13.022s][info][gc,heap        ] GC(161) ParOldGen: 1926079K(2072576K)->1957743K(2072576K)
[13.022s][info][gc,metaspace   ] GC(161) Metaspace: 6303K(6528K)->6303K(6528K) NonClass: 5770K(5888K)->5770K(5888K) Class: 533K(640K)->533K(640K)
[13.022s][info][gc             ] GC(161) Pause Young (Allocation Failure) 1976M->1976M(2123M) 52.230ms
[13.022s][info][gc,cpu         ] GC(161) User=0.36s Sys=0.02s Real=0.05s
[13.065s][info][gc,start       ] GC(162) Pause Young (Allocation Failure)
[13.119s][info][gc,heap        ] GC(162) PSYoungGen: 101088K(101376K)->69856K(154112K) Eden: 34816K(34816K)->0K(38912K) From: 66272K(66560K)->69856K(115200K)
[13.119s][info][gc,heap        ] GC(162) ParOldGen: 1957743K(2072576K)->1989415K(2072576K)
[13.119s][info][gc,metaspace   ] GC(162) Metaspace: 6303K(6528K)->6303K(6528K) NonClass: 5770K(5888K)->5770K(5888K) Class: 533K(640K)->533K(640K)
[13.119s][info][gc             ] GC(162) Pause Young (Allocation Failure) 2010M->2011M(2174M) 54.241ms
[13.119s][info][gc,cpu         ] GC(162) User=0.28s Sys=0.06s Real=0.05s
[13.160s][info][gc,start       ] GC(163) Pause Young (Allocation Failure)
[13.217s][info][gc,heap        ] GC(163) PSYoungGen: 108768K(154112K)->73984K(157184K) Eden: 38912K(38912K)->0K(38912K) From: 69856K(115200K)->73984K(118272K)
[13.218s][info][gc,heap        ] GC(163) ParOldGen: 1989415K(2072576K)->2024719K(2072576K)
[13.218s][info][gc,metaspace   ] GC(163) Metaspace: 6303K(6528K)->6303K(6528K) NonClass: 5770K(5888K)->5770K(5888K) Class: 533K(640K)->533K(640K)
[13.218s][info][gc             ] GC(163) Pause Young (Allocation Failure) 2049M->2049M(2177M) 57.490ms
[13.218s][info][gc,cpu         ] GC(163) User=0.39s Sys=0.00s Real=0.06s
[13.218s][info][gc,start       ] GC(164) Pause Full (Ergonomics)
[13.218s][info][gc,phases,start] GC(164) Marking Phase
[13.690s][info][gc,phases      ] GC(164) Marking Phase 472.428ms
[13.690s][info][gc,phases,start] GC(164) Summary Phase
[13.690s][info][gc,phases      ] GC(164) Summary Phase 0.036ms
[13.690s][info][gc,phases,start] GC(164) Adjust Roots
[13.690s][info][gc,phases      ] GC(164) Adjust Roots 0.180ms
[13.690s][info][gc,phases,start] GC(164) Compaction Phase
[13.886s][info][gc,phases      ] GC(164) Compaction Phase 195.389ms
[13.886s][info][gc,phases,start] GC(164) Post Compact
[13.891s][info][gc,phases      ] GC(164) Post Compact 4.862ms
[13.891s][info][gc,heap        ] GC(164) PSYoungGen: 73984K(157184K)->24108K(157184K) Eden: 0K(38912K)->0K(38912K) From: 73984K(118272K)->24108K(118272K)
[13.891s][info][gc,heap        ] GC(164) ParOldGen: 2024719K(2072576K)->2072199K(2280960K)
[13.891s][info][gc,metaspace   ] GC(164) Metaspace: 6303K(6528K)->6303K(6528K) NonClass: 5770K(5888K)->5770K(5888K) Class: 533K(640K)->533K(640K)
[13.892s][info][gc             ] GC(164) Pause Full (Ergonomics) 2049M->2047M(2381M) 673.900ms
[13.892s][info][gc,cpu         ] GC(164) User=4.97s Sys=0.00s Real=0.67s
[13.934s][info][gc,start       ] GC(165) Pause Young (Allocation Failure)
[14.058s][info][gc,heap        ] GC(165) PSYoungGen: 63020K(157184K)->53600K(152576K) Eden: 38912K(38912K)->0K(43008K) From: 24108K(118272K)->53600K(109568K)
[14.058s][info][gc,heap        ] GC(165) ParOldGen: 2072199K(2280960K)->2081959K(2280960K)
[14.058s][info][gc,metaspace   ] GC(165) Metaspace: 6303K(6528K)->6303K(6528K) NonClass: 5770K(5888K)->5770K(5888K) Class: 533K(640K)->533K(640K)
[14.058s][info][gc             ] GC(165) Pause Young (Allocation Failure) 2085M->2085M(2376M) 123.441ms
[14.058s][info][gc,cpu         ] GC(165) User=0.77s Sys=0.00s Real=0.12s
[14.105s][info][gc,start       ] GC(166) Pause Young (Allocation Failure)
[14.157s][info][gc,heap        ] GC(166) PSYoungGen: 96608K(152576K)->96608K(156160K) Eden: 43008K(43008K)->0K(43008K) From: 53600K(109568K)->96608K(113152K)
[14.158s][info][gc,heap        ] GC(166) ParOldGen: 2081959K(2280960K)->2081959K(2280960K)
[14.158s][info][gc,metaspace   ] GC(166) Metaspace: 6303K(6528K)->6303K(6528K) NonClass: 5770K(5888K)->5770K(5888K) Class: 533K(640K)->533K(640K)
[14.158s][info][gc             ] GC(166) Pause Young (Allocation Failure) 2127M->2127M(2380M) 52.241ms
[14.158s][info][gc,cpu         ] GC(166) User=0.27s Sys=0.00s Real=0.05s
[14.211s][info][gc,start       ] GC(167) Pause Young (Allocation Failure)
[14.284s][info][gc,heap        ] GC(167) PSYoungGen: 139616K(156160K)->120320K(145920K) Eden: 43008K(43008K)->0K(25600K) From: 96608K(113152K)->120320K(120320K)
[14.284s][info][gc,heap        ] GC(167) ParOldGen: 2081959K(2280960K)->2101495K(2280960K)
[14.284s][info][gc,metaspace   ] GC(167) Metaspace: 6303K(6528K)->6303K(6528K) NonClass: 5770K(5888K)->5770K(5888K) Class: 533K(640K)->533K(640K)
[14.284s][info][gc             ] GC(167) Pause Young (Allocation Failure) 2169M->2169M(2370M) 73.511ms
[14.284s][info][gc,cpu         ] GC(167) User=0.48s Sys=0.02s Real=0.07s
[14.318s][info][gc,start       ] GC(168) Pause Young (Allocation Failure)
[14.396s][info][gc,heap        ] GC(168) PSYoungGen: 145920K(145920K)->101760K(167424K) Eden: 25600K(25600K)->0K(25600K) From: 120320K(120320K)->101760K(141824K)
[14.396s][info][gc,heap        ] GC(168) ParOldGen: 2101495K(2280960K)->2146319K(2280960K)
[14.396s][info][gc,metaspace   ] GC(168) Metaspace: 6303K(6528K)->6303K(6528K) NonClass: 5770K(5888K)->5770K(5888K) Class: 533K(640K)->533K(640K)
[14.396s][info][gc             ] GC(168) Pause Young (Allocation Failure) 2194M->2195M(2391M) 77.976ms
[14.396s][info][gc,cpu         ] GC(168) User=0.62s Sys=0.00s Real=0.08s
[14.428s][info][gc,start       ] GC(169) Pause Young (Allocation Failure)
[14.492s][info][gc,heap        ] GC(169) PSYoungGen: 127360K(167424K)->90304K(169984K) Eden: 25600K(25600K)->0K(28672K) From: 101760K(141824K)->90304K(141312K)
[14.493s][info][gc,heap        ] GC(169) ParOldGen: 2146319K(2280960K)->2183815K(2280960K)
[14.493s][info][gc,metaspace   ] GC(169) Metaspace: 6303K(6528K)->6303K(6528K) NonClass: 5770K(5888K)->5770K(5888K) Class: 533K(640K)->533K(640K)
[14.493s][info][gc             ] GC(169) Pause Young (Allocation Failure) 2220M->2220M(2393M) 64.807ms
[14.493s][info][gc,cpu         ] GC(169) User=0.52s Sys=0.02s Real=0.07s
[14.526s][info][gc,start       ] GC(170) Pause Young (Allocation Failure)
[14.586s][info][gc,heap        ] GC(170) PSYoungGen: 118976K(169984K)->80096K(109056K) Eden: 28672K(28672K)->0K(28672K) From: 90304K(141312K)->80096K(80384K)
[14.586s][info][gc,heap        ] GC(170) ParOldGen: 2183815K(2280960K)->2223231K(2280960K)
[14.586s][info][gc,metaspace   ] GC(170) Metaspace: 6303K(6528K)->6303K(6528K) NonClass: 5770K(5888K)->5770K(5888K) Class: 533K(640K)->533K(640K)
[14.586s][info][gc             ] GC(170) Pause Young (Allocation Failure) 2248M->2249M(2334M) 60.572ms
[14.586s][info][gc,cpu         ] GC(170) User=0.38s Sys=0.00s Real=0.06s
[14.586s][info][gc,start       ] GC(171) Pause Full (Ergonomics)
[14.586s][info][gc,phases,start] GC(171) Marking Phase
[15.098s][info][gc,phases      ] GC(171) Marking Phase 511.750ms
[15.098s][info][gc,phases,start] GC(171) Summary Phase
[15.098s][info][gc,phases      ] GC(171) Summary Phase 0.043ms
[15.098s][info][gc,phases,start] GC(171) Adjust Roots
[15.098s][info][gc,phases      ] GC(171) Adjust Roots 0.189ms
[15.098s][info][gc,phases,start] GC(171) Compaction Phase
[15.305s][info][gc,phases      ] GC(171) Compaction Phase 206.294ms
[15.305s][info][gc,phases,start] GC(171) Post Compact
[15.309s][info][gc,phases      ] GC(171) Post Compact 4.407ms
[15.310s][info][gc,heap        ] GC(171) PSYoungGen: 80096K(109056K)->20020K(109056K) Eden: 0K(28672K)->0K(28672K) From: 80096K(80384K)->20020K(80384K)
[15.310s][info][gc,heap        ] GC(171) ParOldGen: 2223231K(2280960K)->2280904K(2512384K)
[15.310s][info][gc,metaspace   ] GC(171) Metaspace: 6303K(6528K)->6303K(6528K) NonClass: 5770K(5888K)->5770K(5888K) Class: 533K(640K)->533K(640K)
[15.310s][info][gc             ] GC(171) Pause Full (Ergonomics) 2249M->2246M(2560M) 723.806ms
[15.310s][info][gc,cpu         ] GC(171) User=5.33s Sys=0.05s Real=0.72s
[15.347s][info][gc,start       ] GC(172) Pause Young (Allocation Failure)
[15.469s][info][gc,heap        ] GC(172) PSYoungGen: 48692K(109056K)->38304K(169472K) Eden: 28672K(28672K)->0K(31744K) From: 20020K(80384K)->38304K(137728K)
[15.469s][info][gc,heap        ] GC(172) ParOldGen: 2280904K(2512384K)->2291616K(2512384K)
[15.469s][info][gc,metaspace   ] GC(172) Metaspace: 6303K(6528K)->6303K(6528K) NonClass: 5770K(5888K)->5770K(5888K) Class: 533K(640K)->533K(640K)
[15.469s][info][gc             ] GC(172) Pause Young (Allocation Failure) 2274M->2275M(2619M) 122.072ms
[15.469s][info][gc,cpu         ] GC(172) User=0.80s Sys=0.00s Real=0.12s
[15.507s][info][gc,start       ] GC(173) Pause Young (Allocation Failure)
[15.547s][info][gc,heap        ] GC(173) PSYoungGen: 70048K(169472K)->70080K(101888K) Eden: 31744K(31744K)->0K(31744K) From: 38304K(137728K)->70080K(70144K)
[15.547s][info][gc,heap        ] GC(173) ParOldGen: 2291616K(2512384K)->2291616K(2512384K)
[15.547s][info][gc,metaspace   ] GC(173) Metaspace: 6303K(6528K)->6303K(6528K) NonClass: 5770K(5888K)->5770K(5888K) Class: 533K(640K)->533K(640K)
[15.547s][info][gc             ] GC(173) Pause Young (Allocation Failure) 2306M->2306M(2553M) 40.209ms
[15.547s][info][gc,cpu         ] GC(173) User=0.19s Sys=0.00s Real=0.04s
[15.583s][info][gc,start       ] GC(174) Pause Young (Allocation Failure)
[15.636s][info][gc,heap        ] GC(174) PSYoungGen: 101824K(101888K)->92352K(167424K) Eden: 31744K(31744K)->0K(34304K) From: 70080K(70144K)->92352K(133120K)
[15.636s][info][gc,heap        ] GC(174) ParOldGen: 2291616K(2512384K)->2301184K(2512384K)
[15.636s][info][gc,metaspace   ] GC(174) Metaspace: 6303K(6528K)->6303K(6528K) NonClass: 5770K(5888K)->5770K(5888K) Class: 533K(640K)->533K(640K)
[15.636s][info][gc             ] GC(174) Pause Young (Allocation Failure) 2337M->2337M(2617M) 53.031ms
[15.636s][info][gc,cpu         ] GC(174) User=0.33s Sys=0.02s Real=0.05s
[15.679s][info][gc,start       ] GC(175) Pause Young (Allocation Failure)
[15.744s][info][gc,heap        ] GC(175) PSYoungGen: 126656K(167424K)->97984K(168448K) Eden: 34304K(34304K)->0K(34304K) From: 92352K(133120K)->97984K(134144K)
[15.744s][info][gc,heap        ] GC(175) ParOldGen: 2301184K(2512384K)->2330120K(2512384K)
[15.744s][info][gc,metaspace   ] GC(175) Metaspace: 6303K(6528K)->6303K(6528K) NonClass: 5770K(5888K)->5770K(5888K) Class: 533K(640K)->533K(640K)
[15.744s][info][gc             ] GC(175) Pause Young (Allocation Failure) 2370M->2371M(2618M) 65.186ms
[15.744s][info][gc,cpu         ] GC(175) User=0.39s Sys=0.00s Real=0.07s
[15.789s][info][gc,start       ] GC(176) Pause Young (Allocation Failure)
[15.858s][info][gc,heap        ] GC(176) PSYoungGen: 132288K(168448K)->100608K(172032K) Eden: 34304K(34304K)->0K(35840K) From: 97984K(134144K)->100608K(136192K)
[15.858s][info][gc,heap        ] GC(176) ParOldGen: 2330120K(2512384K)->2362152K(2512384K)
[15.858s][info][gc,metaspace   ] GC(176) Metaspace: 6303K(6528K)->6303K(6528K) NonClass: 5770K(5888K)->5770K(5888K) Class: 533K(640K)->533K(640K)
[15.858s][info][gc             ] GC(176) Pause Young (Allocation Failure) 2404M->2405M(2621M) 69.110ms
[15.858s][info][gc,cpu         ] GC(176) User=0.34s Sys=0.06s Real=0.07s
[15.904s][info][gc,start       ] GC(177) Pause Young (Allocation Failure)
[15.976s][info][gc,heap        ] GC(177) PSYoungGen: 136448K(172032K)->104672K(174592K) Eden: 35840K(35840K)->0K(35840K) From: 100608K(136192K)->104672K(138752K)
[15.976s][info][gc,heap        ] GC(177) ParOldGen: 2362152K(2512384K)->2394176K(2512384K)
[15.976s][info][gc,metaspace   ] GC(177) Metaspace: 6303K(6528K)->6303K(6528K) NonClass: 5770K(5888K)->5770K(5888K) Class: 533K(640K)->533K(640K)
[15.976s][info][gc             ] GC(177) Pause Young (Allocation Failure) 2440M->2440M(2624M) 72.114ms
[15.976s][info][gc,cpu         ] GC(177) User=0.52s Sys=0.00s Real=0.07s
[16.019s][info][gc,start       ] GC(178) Pause Young (Allocation Failure)
[16.102s][info][gc,heap        ] GC(178) PSYoungGen: 140512K(174592K)->106272K(178688K) Eden: 35840K(35840K)->0K(36864K) From: 104672K(138752K)->106272K(141824K)
[16.102s][info][gc,heap        ] GC(178) ParOldGen: 2394176K(2512384K)->2428784K(2512384K)
[16.102s][info][gc,metaspace   ] GC(178) Metaspace: 6303K(6528K)->6303K(6528K) NonClass: 5770K(5888K)->5770K(5888K) Class: 533K(640K)->533K(640K)
[16.102s][info][gc             ] GC(178) Pause Young (Allocation Failure) 2475M->2475M(2628M) 83.102ms
[16.102s][info][gc,cpu         ] GC(178) User=0.47s Sys=0.02s Real=0.08s
[16.143s][info][gc,start       ] GC(179) Pause Young (Allocation Failure)
[16.226s][info][gc,heap        ] GC(179) PSYoungGen: 143136K(178688K)->72896K(181760K) Eden: 36864K(36864K)->0K(36864K) From: 106272K(141824K)->72896K(144896K)
[16.226s][info][gc,heap        ] GC(179) ParOldGen: 2428784K(2512384K)->2499544K(2512384K)
[16.226s][info][gc,metaspace   ] GC(179) Metaspace: 6303K(6528K)->6303K(6528K) NonClass: 5770K(5888K)->5770K(5888K) Class: 533K(640K)->533K(640K)
[16.226s][info][gc             ] GC(179) Pause Young (Allocation Failure) 2511M->2512M(2631M) 82.651ms
[16.226s][info][gc,cpu         ] GC(179) User=0.52s Sys=0.02s Real=0.08s
[16.226s][info][gc,start       ] GC(180) Pause Full (Ergonomics)
[16.226s][info][gc,phases,start] GC(180) Marking Phase
[16.803s][info][gc,phases      ] GC(180) Marking Phase 577.622ms
[16.804s][info][gc,phases,start] GC(180) Summary Phase
[16.804s][info][gc,phases      ] GC(180) Summary Phase 0.040ms
[16.804s][info][gc,phases,start] GC(180) Adjust Roots
[16.804s][info][gc,phases      ] GC(180) Adjust Roots 0.230ms
[16.804s][info][gc,phases,start] GC(180) Compaction Phase
[17.015s][info][gc,phases      ] GC(180) Compaction Phase 210.846ms
[17.015s][info][gc,phases,start] GC(180) Post Compact
[17.019s][info][gc,phases      ] GC(180) Post Compact 4.380ms
[17.020s][info][gc,heap        ] GC(180) PSYoungGen: 72896K(181760K)->57816K(181760K) Eden: 0K(36864K)->0K(36864K) From: 72896K(144896K)->57816K(144896K)
[17.020s][info][gc,heap        ] GC(180) ParOldGen: 2499544K(2512384K)->2512161K(2772992K)
[17.020s][info][gc,metaspace   ] GC(180) Metaspace: 6303K(6528K)->6303K(6528K) NonClass: 5770K(5888K)->5770K(5888K) Class: 533K(640K)->533K(640K)
[17.020s][info][gc             ] GC(180) Pause Full (Ergonomics) 2512M->2509M(2885M) 794.288ms
[17.020s][info][gc,cpu         ] GC(180) User=5.97s Sys=0.05s Real=0.79s
[17.069s][info][gc,start       ] GC(181) Pause Young (Allocation Failure)
[17.224s][info][gc,heap        ] GC(181) PSYoungGen: 94680K(181760K)->37024K(180224K) Eden: 36864K(36864K)->0K(39424K) From: 57816K(144896K)->37024K(140800K)
[17.224s][info][gc,heap        ] GC(181) ParOldGen: 2512161K(2772992K)->2570545K(2772992K)
[17.224s][info][gc,metaspace   ] GC(181) Metaspace: 6303K(6528K)->6303K(6528K) NonClass: 5770K(5888K)->5770K(5888K) Class: 533K(640K)->533K(640K)
[17.224s][info][gc             ] GC(181) Pause Young (Allocation Failure) 2545M->2546M(2884M) 155.274ms
[17.224s][info][gc,cpu         ] GC(181) User=1.12s Sys=0.02s Real=0.16s
[17.272s][info][gc,start       ] GC(182) Pause Young (Allocation Failure)
[17.319s][info][gc,heap        ] GC(182) PSYoungGen: 76448K(180224K)->39584K(182784K) Eden: 39424K(39424K)->0K(39424K) From: 37024K(140800K)->39584K(143360K)
[17.319s][info][gc,heap        ] GC(182) ParOldGen: 2570545K(2772992K)->2607737K(2772992K)
[17.319s][info][gc,metaspace   ] GC(182) Metaspace: 6303K(6528K)->6303K(6528K) NonClass: 5770K(5888K)->5770K(5888K) Class: 533K(640K)->533K(640K)
[17.319s][info][gc             ] GC(182) Pause Young (Allocation Failure) 2584M->2585M(2886M) 47.244ms
[17.319s][info][gc,cpu         ] GC(182) User=0.38s Sys=0.00s Real=0.05s
[17.369s][info][gc,start       ] GC(183) Pause Young (Allocation Failure)
[17.418s][info][gc,heap        ] GC(183) PSYoungGen: 79008K(182784K)->39616K(185856K) Eden: 39424K(39424K)->0K(43520K) From: 39584K(143360K)->39616K(142336K)
[17.418s][info][gc,heap        ] GC(183) ParOldGen: 2607737K(2772992K)->2647521K(2772992K)
[17.418s][info][gc,metaspace   ] GC(183) Metaspace: 6303K(6528K)->6303K(6528K) NonClass: 5770K(5888K)->5770K(5888K) Class: 533K(640K)->533K(640K)
[17.418s][info][gc             ] GC(183) Pause Young (Allocation Failure) 2623M->2624M(2889M) 48.994ms
[17.418s][info][gc,cpu         ] GC(183) User=0.27s Sys=0.00s Real=0.05s
[17.468s][info][gc,start       ] GC(184) Pause Young (Allocation Failure)
[17.519s][info][gc,heap        ] GC(184) PSYoungGen: 83136K(185856K)->43744K(186368K) Eden: 43520K(43520K)->0K(43520K) From: 39616K(142336K)->43744K(142848K)
[17.519s][info][gc,heap        ] GC(184) ParOldGen: 2647521K(2772992K)->2687297K(2772992K)
[17.519s][info][gc,metaspace   ] GC(184) Metaspace: 6303K(6528K)->6303K(6528K) NonClass: 5770K(5888K)->5770K(5888K) Class: 533K(640K)->533K(640K)
[17.519s][info][gc             ] GC(184) Pause Young (Allocation Failure) 2666M->2667M(2890M) 50.547ms
[17.519s][info][gc,cpu         ] GC(184) User=0.28s Sys=0.00s Real=0.05s
[17.571s][info][gc,start       ] GC(185) Pause Young (Allocation Failure)
[17.622s][info][gc,heap        ] GC(185) PSYoungGen: 87264K(186368K)->43680K(183296K) Eden: 43520K(43520K)->0K(48128K) From: 43744K(142848K)->43680K(135168K)
[17.622s][info][gc,heap        ] GC(185) ParOldGen: 2687297K(2772992K)->2731201K(2772992K)
[17.622s][info][gc,metaspace   ] GC(185) Metaspace: 6303K(6528K)->6303K(6528K) NonClass: 5770K(5888K)->5770K(5888K) Class: 533K(640K)->533K(640K)
[17.622s][info][gc             ] GC(185) Pause Young (Allocation Failure) 2709M->2709M(2887M) 50.446ms
[17.622s][info][gc,cpu         ] GC(185) User=0.23s Sys=0.05s Real=0.05s
[17.622s][info][gc,start       ] GC(186) Pause Full (Ergonomics)
[17.622s][info][gc,phases,start] GC(186) Marking Phase
[18.245s][info][gc,phases      ] GC(186) Marking Phase 623.384ms
[18.245s][info][gc,phases,start] GC(186) Summary Phase
[18.245s][info][gc,phases      ] GC(186) Summary Phase 0.052ms
[18.245s][info][gc,phases,start] GC(186) Adjust Roots
[18.246s][info][gc,phases      ] GC(186) Adjust Roots 0.176ms
[18.246s][info][gc,phases,start] GC(186) Compaction Phase
[18.469s][info][gc,phases      ] GC(186) Compaction Phase 223.468ms
[18.469s][info][gc,phases,start] GC(186) Post Compact
[18.474s][info][gc,phases      ] GC(186) Post Compact 4.694ms
[18.475s][info][gc,heap        ] GC(186) PSYoungGen: 43680K(183296K)->0K(185856K) Eden: 0K(48128K)->0K(48128K) From: 43680K(135168K)->0K(137728K)
[18.475s][info][gc,heap        ] GC(186) ParOldGen: 2731201K(2772992K)->2772571K(3055104K)
[18.475s][info][gc,metaspace   ] GC(186) Metaspace: 6303K(6528K)->6303K(6528K) NonClass: 5770K(5888K)->5770K(5888K) Class: 533K(640K)->533K(640K)
[18.475s][info][gc             ] GC(186) Pause Full (Ergonomics) 2709M->2707M(3165M) 853.125ms
[18.475s][info][gc,cpu         ] GC(186) User=6.39s Sys=0.05s Real=0.85s
[18.533s][info][gc,start       ] GC(187) Pause Young (Allocation Failure)
[18.566s][info][gc,heap        ] GC(187) PSYoungGen: 48128K(185856K)->48352K(180736K) Eden: 48128K(48128K)->0K(52224K) From: 0K(137728K)->48352K(128512K)
[18.566s][info][gc,heap        ] GC(187) ParOldGen: 2772571K(3055104K)->2772571K(3055104K)
[18.566s][info][gc,metaspace   ] GC(187) Metaspace: 6303K(6528K)->6303K(6528K) NonClass: 5770K(5888K)->5770K(5888K) Class: 533K(640K)->533K(640K)
[18.566s][info][gc             ] GC(187) Pause Young (Allocation Failure) 2754M->2754M(3160M) 33.367ms
[18.566s][info][gc,cpu         ] GC(187) User=0.14s Sys=0.00s Real=0.03s
[19.202s][info][gc,start       ] GC(188) Pause Young (Allocation Failure)
[19.320s][info][gc,heap        ] GC(188) PSYoungGen: 100576K(180736K)->100608K(185856K) Eden: 52224K(52224K)->0K(52224K) From: 48352K(128512K)->100608K(133632K)
[19.320s][info][gc,heap        ] GC(188) ParOldGen: 2903643K(3055104K)->2903643K(3055104K)
[19.320s][info][gc,metaspace   ] GC(188) Metaspace: 6303K(6528K)->6303K(6528K) NonClass: 5770K(5888K)->5770K(5888K) Class: 533K(640K)->533K(640K)
[19.320s][info][gc             ] GC(188) Pause Young (Allocation Failure) 2933M->2933M(3165M) 117.440ms
[19.320s][info][gc,cpu         ] GC(188) User=0.67s Sys=0.00s Real=0.12s
[19.379s][info][gc,start       ] GC(189) Pause Young (Allocation Failure)
[19.458s][info][gc,heap        ] GC(189) PSYoungGen: 152832K(185856K)->140288K(172544K) Eden: 52224K(52224K)->0K(32256K) From: 100608K(133632K)->140288K(140288K)
[19.458s][info][gc,heap        ] GC(189) ParOldGen: 2903643K(3055104K)->2916299K(3055104K)
[19.458s][info][gc,metaspace   ] GC(189) Metaspace: 6303K(6528K)->6303K(6528K) NonClass: 5770K(5888K)->5770K(5888K) Class: 533K(640K)->533K(640K)
[19.458s][info][gc             ] GC(189) Pause Young (Allocation Failure) 2984M->2984M(3152M) 79.389ms
[19.458s][info][gc,cpu         ] GC(189) User=0.33s Sys=0.00s Real=0.08s
[19.491s][info][gc,start       ] GC(190) Pause Young (Allocation Failure)
[19.575s][info][gc,heap        ] GC(190) PSYoungGen: 172544K(172544K)->84736K(117248K) Eden: 32256K(32256K)->0K(32256K) From: 140288K(140288K)->84736K(84992K)
[19.575s][info][gc,heap        ] GC(190) ParOldGen: 2916299K(3055104K)->3004915K(3055104K)
[19.575s][info][gc,metaspace   ] GC(190) Metaspace: 6303K(6528K)->6303K(6528K) NonClass: 5770K(5888K)->5770K(5888K) Class: 533K(640K)->533K(640K)
[19.575s][info][gc             ] GC(190) Pause Young (Allocation Failure) 3016M->3017M(3098M) 83.959ms
[19.575s][info][gc,cpu         ] GC(190) User=0.44s Sys=0.09s Real=0.08s
[19.575s][info][gc,start       ] GC(191) Pause Full (Ergonomics)
[19.575s][info][gc,phases,start] GC(191) Marking Phase
[20.244s][info][gc,phases      ] GC(191) Marking Phase 668.779ms
[20.244s][info][gc,phases,start] GC(191) Summary Phase
[20.244s][info][gc,phases      ] GC(191) Summary Phase 0.074ms
[20.244s][info][gc,phases,start] GC(191) Adjust Roots
[20.244s][info][gc,phases      ] GC(191) Adjust Roots 0.160ms
[20.244s][info][gc,phases,start] GC(191) Compaction Phase
[20.717s][info][gc,phases      ] GC(191) Compaction Phase 473.036ms
[20.717s][info][gc,phases,start] GC(191) Post Compact
[20.724s][info][gc,phases      ] GC(191) Post Compact 6.376ms
[20.725s][info][gc,heap        ] GC(191) PSYoungGen: 84736K(117248K)->0K(194560K) Eden: 0K(32256K)->0K(35840K) From: 84736K(84992K)->0K(158720K)
[20.725s][info][gc,heap        ] GC(191) ParOldGen: 3004915K(3055104K)->3022813K(3339776K)
[20.725s][info][gc,metaspace   ] GC(191) Metaspace: 6303K(6528K)->6303K(6528K) NonClass: 5770K(5888K)->5770K(5888K) Class: 533K(640K)->533K(640K)
[20.725s][info][gc             ] GC(191) Pause Full (Ergonomics) 3017M->2951M(3451M) 1150.045ms
[20.725s][info][gc,cpu         ] GC(191) User=7.81s Sys=0.03s Real=1.15s
[20.766s][info][gc,start       ] GC(192) Pause Young (Allocation Failure)
[20.809s][info][gc,heap        ] GC(192) PSYoungGen: 35840K(194560K)->36032K(194560K) Eden: 35840K(35840K)->0K(35840K) From: 0K(158720K)->36032K(158720K)
[20.809s][info][gc,heap        ] GC(192) ParOldGen: 3022813K(3339776K)->3022813K(3339776K)
[20.809s][info][gc,metaspace   ] GC(192) Metaspace: 6303K(6528K)->6303K(6528K) NonClass: 5770K(5888K)->5770K(5888K) Class: 533K(640K)->533K(640K)
[20.809s][info][gc             ] GC(192) Pause Young (Allocation Failure) 2986M->2987M(3451M) 43.099ms
[20.809s][info][gc,cpu         ] GC(192) User=0.06s Sys=0.00s Real=0.04s
[20.844s][info][gc,start       ] GC(193) Pause Young (Allocation Failure)
[20.897s][info][gc,heap        ] GC(193) PSYoungGen: 71872K(194560K)->71872K(181248K) Eden: 35840K(35840K)->0K(39424K) From: 36032K(158720K)->71872K(141824K)
[20.897s][info][gc,heap        ] GC(193) ParOldGen: 3022813K(3339776K)->3022813K(3339776K)
[20.897s][info][gc,metaspace   ] GC(193) Metaspace: 6303K(6528K)->6303K(6528K) NonClass: 5770K(5888K)->5770K(5888K) Class: 533K(640K)->533K(640K)
[20.897s][info][gc             ] GC(193) Pause Young (Allocation Failure) 3022M->3022M(3438M) 53.390ms
[20.897s][info][gc,cpu         ] GC(193) User=0.16s Sys=0.02s Real=0.05s
[20.935s][info][gc,start       ] GC(194) Pause Young (Allocation Failure)
[20.998s][info][gc,heap        ] GC(194) PSYoungGen: 111296K(181248K)->111392K(188928K) Eden: 39424K(39424K)->0K(39424K) From: 71872K(141824K)->111392K(149504K)
[20.999s][info][gc,heap        ] GC(194) ParOldGen: 3022813K(3339776K)->3022813K(3339776K)
[20.999s][info][gc,metaspace   ] GC(194) Metaspace: 6303K(6528K)->6303K(6528K) NonClass: 5770K(5888K)->5770K(5888K) Class: 533K(640K)->533K(640K)
[20.999s][info][gc             ] GC(194) Pause Young (Allocation Failure) 3060M->3060M(3446M) 63.137ms
[20.999s][info][gc,cpu         ] GC(194) User=0.20s Sys=0.00s Real=0.06s
[21.038s][info][gc,start       ] GC(195) Pause Young (Allocation Failure)
[21.113s][info][gc,heap        ] GC(195) PSYoungGen: 150816K(188928K)->150912K(179200K) Eden: 39424K(39424K)->0K(23552K) From: 111392K(149504K)->150912K(155648K)
[21.113s][info][gc,heap        ] GC(195) ParOldGen: 3022813K(3339776K)->3022813K(3339776K)
[21.113s][info][gc,metaspace   ] GC(195) Metaspace: 6303K(6528K)->6303K(6528K) NonClass: 5770K(5888K)->5770K(5888K) Class: 533K(640K)->533K(640K)
[21.113s][info][gc             ] GC(195) Pause Young (Allocation Failure) 3099M->3099M(3436M) 75.032ms
[21.113s][info][gc,cpu         ] GC(195) User=0.33s Sys=0.00s Real=0.08s
[21.141s][info][gc,start       ] GC(196) Pause Young (Allocation Failure)
[21.221s][info][gc,heap        ] GC(196) PSYoungGen: 174464K(179200K)->174464K(199168K) Eden: 23552K(23552K)->0K(23552K) From: 150912K(155648K)->174464K(175616K)
[21.221s][info][gc,heap        ] GC(196) ParOldGen: 3022813K(3339776K)->3022813K(3339776K)
[21.221s][info][gc,metaspace   ] GC(196) Metaspace: 6303K(6528K)->6303K(6528K) NonClass: 5770K(5888K)->5770K(5888K) Class: 533K(640K)->533K(640K)
[21.221s][info][gc             ] GC(196) Pause Young (Allocation Failure) 3122M->3122M(3456M) 79.930ms
[21.221s][info][gc,cpu         ] GC(196) User=0.33s Sys=0.00s Real=0.08s
[21.245s][info][gc,start       ] GC(197) Pause Young (Allocation Failure)
[21.336s][info][gc,heap        ] GC(197) PSYoungGen: 198016K(199168K)->198048K(200192K) Eden: 23552K(23552K)->0K(512K) From: 174464K(175616K)->198048K(199680K)
[21.336s][info][gc,heap        ] GC(197) ParOldGen: 3022813K(3339776K)->3022813K(3339776K)
[21.336s][info][gc,metaspace   ] GC(197) Metaspace: 6303K(6528K)->6303K(6528K) NonClass: 5770K(5888K)->5770K(5888K) Class: 533K(640K)->533K(640K)
[21.336s][info][gc             ] GC(197) Pause Young (Allocation Failure) 3145M->3145M(3457M) 90.974ms
[21.336s][info][gc,cpu         ] GC(197) User=0.45s Sys=0.08s Real=0.09s
[21.337s][info][gc,start       ] GC(198) Pause Young (Allocation Failure)
[21.425s][info][gc,heap        ] GC(198) PSYoungGen: 198560K(200192K)->126688K(127488K) Eden: 512K(512K)->0K(512K) From: 198048K(199680K)->126688K(126976K)
[21.425s][info][gc,heap        ] GC(198) ParOldGen: 3022813K(3339776K)->3095133K(3339776K)
[21.425s][info][gc,metaspace   ] GC(198) Metaspace: 6303K(6528K)->6303K(6528K) NonClass: 5770K(5888K)->5770K(5888K) Class: 533K(640K)->533K(640K)
[21.425s][info][gc             ] GC(198) Pause Young (Allocation Failure) 3145M->3146M(3386M) 88.412ms
[21.425s][info][gc,cpu         ] GC(198) User=0.48s Sys=0.03s Real=0.09s
[21.426s][info][gc,start       ] GC(199) Pause Young (Allocation Failure)
[21.494s][info][gc,heap        ] GC(199) PSYoungGen: 127200K(127488K)->48224K(220672K) Eden: 512K(512K)->0K(1024K) From: 126688K(126976K)->48224K(219648K)
[21.494s][info][gc,heap        ] GC(199) ParOldGen: 3095133K(3339776K)->3174653K(3339776K)
[21.494s][info][gc,metaspace   ] GC(199) Metaspace: 6303K(6528K)->6303K(6528K) NonClass: 5770K(5888K)->5770K(5888K) Class: 533K(640K)->533K(640K)
[21.494s][info][gc             ] GC(199) Pause Young (Allocation Failure) 3146M->3147M(3477M) 67.971ms
[21.494s][info][gc,cpu         ] GC(199) User=0.28s Sys=0.03s Real=0.07s
[21.495s][info][gc,start       ] GC(200) Pause Young (Allocation Failure)
[21.542s][info][gc,heap        ] GC(200) PSYoungGen: 49248K(220672K)->2112K(222720K) Eden: 1024K(1024K)->0K(1024K) From: 48224K(219648K)->2112K(221696K)
[21.542s][info][gc,heap        ] GC(200) ParOldGen: 3174653K(3339776K)->3222157K(3339776K)
[21.542s][info][gc,metaspace   ] GC(200) Metaspace: 6303K(6528K)->6303K(6528K) NonClass: 5770K(5888K)->5770K(5888K) Class: 533K(640K)->533K(640K)
[21.542s][info][gc             ] GC(200) Pause Young (Allocation Failure) 3148M->3148M(3479M) 46.399ms
[21.542s][info][gc,cpu         ] GC(200) User=0.03s Sys=0.02s Real=0.05s
[21.543s][info][gc,start       ] GC(201) Pause Young (Allocation Failure)
[21.576s][info][gc,heap        ] GC(201) PSYoungGen: 3136K(222720K)->2112K(226816K) Eden: 1024K(1024K)->0K(512K) From: 2112K(221696K)->2112K(226304K)
[21.576s][info][gc,heap        ] GC(201) ParOldGen: 3222157K(3339776K)->3223165K(3339776K)
[21.576s][info][gc,metaspace   ] GC(201) Metaspace: 6303K(6528K)->6303K(6528K) NonClass: 5770K(5888K)->5770K(5888K) Class: 533K(640K)->533K(640K)
[21.576s][info][gc             ] GC(201) Pause Young (Allocation Failure) 3149M->3149M(3483M) 33.304ms
[21.576s][info][gc,cpu         ] GC(201) User=0.03s Sys=0.00s Real=0.03s
[21.577s][info][gc,start       ] GC(202) Pause Young (Allocation Failure)
[21.608s][info][gc,heap        ] GC(202) PSYoungGen: 2624K(226816K)->544K(227840K) Eden: 512K(512K)->0K(512K) From: 2112K(226304K)->544K(227328K)
[21.608s][info][gc,heap        ] GC(202) ParOldGen: 3223165K(3339776K)->3225189K(3339776K)
[21.608s][info][gc,metaspace   ] GC(202) Metaspace: 6303K(6528K)->6303K(6528K) NonClass: 5770K(5888K)->5770K(5888K) Class: 533K(640K)->533K(640K)
[21.608s][info][gc             ] GC(202) Pause Young (Allocation Failure) 3150M->3150M(3484M) 31.498ms
[21.608s][info][gc,cpu         ] GC(202) User=0.02s Sys=0.02s Real=0.03s
[21.609s][info][gc,start       ] GC(203) Pause Young (Allocation Failure)
[21.639s][info][gc,heap        ] GC(203) PSYoungGen: 1056K(227840K)->640K(222208K) Eden: 512K(512K)->0K(1024K) From: 544K(227328K)->640K(221184K)
[21.639s][info][gc,heap        ] GC(203) ParOldGen: 3225189K(3339776K)->3225725K(3339776K)
[21.639s][info][gc,metaspace   ] GC(203) Metaspace: 6303K(6528K)->6303K(6528K) NonClass: 5770K(5888K)->5770K(5888K) Class: 533K(640K)->533K(640K)
[21.639s][info][gc             ] GC(203) Pause Young (Allocation Failure) 3150M->3150M(3478M) 30.333ms
[21.639s][info][gc,cpu         ] GC(203) User=0.02s Sys=0.00s Real=0.03s
[21.641s][info][gc,start       ] GC(204) Pause Young (Allocation Failure)
[21.674s][info][gc,heap        ] GC(204) PSYoungGen: 1664K(222208K)->1088K(2560K) Eden: 1024K(1024K)->0K(1024K) From: 640K(221184K)->1088K(1536K)
[21.674s][info][gc,heap        ] GC(204) ParOldGen: 3225725K(3339776K)->3226237K(3339776K)
[21.674s][info][gc,metaspace   ] GC(204) Metaspace: 6303K(6528K)->6303K(6528K) NonClass: 5770K(5888K)->5770K(5888K) Class: 533K(640K)->533K(640K)
[21.674s][info][gc             ] GC(204) Pause Young (Allocation Failure) 3151M->3151M(3264M) 33.292ms
[21.674s][info][gc,cpu         ] GC(204) User=0.03s Sys=0.00s Real=0.03s
[21.675s][info][gc,start       ] GC(205) Pause Young (Allocation Failure)
[21.702s][info][gc,heap        ] GC(205) PSYoungGen: 2112K(2560K)->1120K(208896K) Eden: 1024K(1024K)->0K(1536K) From: 1088K(1536K)->1120K(207360K)
[21.702s][info][gc,heap        ] GC(205) ParOldGen: 3226237K(3339776K)->3227269K(3339776K)
[21.702s][info][gc,metaspace   ] GC(205) Metaspace: 6303K(6528K)->6303K(6528K) NonClass: 5770K(5888K)->5770K(5888K) Class: 533K(640K)->533K(640K)
[21.702s][info][gc             ] GC(205) Pause Young (Allocation Failure) 3152M->3152M(3465M) 26.741ms
[21.702s][info][gc,cpu         ] GC(205) User=0.03s Sys=0.00s Real=0.03s
[21.705s][info][gc,start       ] GC(206) Pause Young (Allocation Failure)
[21.737s][info][gc,heap        ] GC(206) PSYoungGen: 2656K(208896K)->1664K(3584K) Eden: 1536K(1536K)->0K(1536K) From: 1120K(207360K)->1664K(2048K)
[21.737s][info][gc,heap        ] GC(206) ParOldGen: 3227269K(3339776K)->3228301K(3339776K)
[21.737s][info][gc,metaspace   ] GC(206) Metaspace: 6303K(6528K)->6303K(6528K) NonClass: 5770K(5888K)->5770K(5888K) Class: 533K(640K)->533K(640K)
[21.737s][info][gc             ] GC(206) Pause Young (Allocation Failure) 3154M->3154M(3265M) 31.971ms
[21.737s][info][gc,cpu         ] GC(206) User=0.03s Sys=0.00s Real=0.03s
[21.739s][info][gc,start       ] GC(207) Pause Young (Allocation Failure)
[21.773s][info][gc,heap        ] GC(207) PSYoungGen: 3200K(3584K)->1632K(193024K) Eden: 1536K(1536K)->0K(2048K) From: 1664K(2048K)->1632K(190976K)
[21.773s][info][gc,heap        ] GC(207) ParOldGen: 3228301K(3339776K)->3229861K(3339776K)
[21.773s][info][gc,metaspace   ] GC(207) Metaspace: 6303K(6528K)->6303K(6528K) NonClass: 5770K(5888K)->5770K(5888K) Class: 533K(640K)->533K(640K)
[21.773s][info][gc             ] GC(207) Pause Young (Allocation Failure) 3155M->3155M(3450M) 33.394ms
[21.773s][info][gc,cpu         ] GC(207) User=0.03s Sys=0.00s Real=0.03s
[21.776s][info][gc,start       ] GC(208) Pause Young (Allocation Failure)
[21.806s][info][gc,heap        ] GC(208) PSYoungGen: 3680K(193024K)->2176K(4608K) Eden: 2048K(2048K)->0K(2048K) From: 1632K(190976K)->2176K(2560K)
[21.806s][info][gc,heap        ] GC(208) ParOldGen: 3229861K(3339776K)->3231405K(3339776K)
[21.806s][info][gc,metaspace   ] GC(208) Metaspace: 6303K(6528K)->6303K(6528K) NonClass: 5770K(5888K)->5770K(5888K) Class: 533K(640K)->533K(640K)
[21.806s][info][gc             ] GC(208) Pause Young (Allocation Failure) 3157M->3157M(3266M) 29.773ms
[21.806s][info][gc,cpu         ] GC(208) User=0.03s Sys=0.00s Real=0.03s
[21.808s][info][gc,start       ] GC(209) Pause Young (Allocation Failure)
[21.840s][info][gc,heap        ] GC(209) PSYoungGen: 4224K(4608K)->2176K(175616K) Eden: 2048K(2048K)->0K(2560K) From: 2176K(2560K)->2176K(173056K)
[21.840s][info][gc,heap        ] GC(209) ParOldGen: 3231405K(3339776K)->3233469K(3339776K)
[21.840s][info][gc,metaspace   ] GC(209) Metaspace: 6303K(6528K)->6303K(6528K) NonClass: 5770K(5888K)->5770K(5888K) Class: 533K(640K)->533K(640K)
[21.840s][info][gc             ] GC(209) Pause Young (Allocation Failure) 3159M->3159M(3433M) 32.229ms
[21.840s][info][gc,cpu         ] GC(209) User=0.03s Sys=0.00s Real=0.03s
[21.844s][info][gc,start       ] GC(210) Pause Young (Allocation Failure)
[21.874s][info][gc,heap        ] GC(210) PSYoungGen: 4736K(175616K)->2656K(5632K) Eden: 2560K(2560K)->0K(2560K) From: 2176K(173056K)->2656K(3072K)
[21.874s][info][gc,heap        ] GC(210) ParOldGen: 3233469K(3339776K)->3235533K(3339776K)
[21.874s][info][gc,metaspace   ] GC(210) Metaspace: 6303K(6528K)->6303K(6528K) NonClass: 5770K(5888K)->5770K(5888K) Class: 533K(640K)->533K(640K)
[21.874s][info][gc             ] GC(210) Pause Young (Allocation Failure) 3162M->3162M(3267M) 29.987ms
[21.874s][info][gc,cpu         ] GC(210) User=0.02s Sys=0.00s Real=0.03s
[21.877s][info][gc,start       ] GC(211) Pause Young (Allocation Failure)
[21.913s][info][gc,heap        ] GC(211) PSYoungGen: 5216K(5632K)->2656K(157696K) Eden: 2560K(2560K)->0K(3072K) From: 2656K(3072K)->2656K(154624K)
[21.913s][info][gc,heap        ] GC(211) ParOldGen: 3235533K(3339776K)->3238109K(3339776K)
[21.913s][info][gc,metaspace   ] GC(211) Metaspace: 6303K(6528K)->6303K(6528K) NonClass: 5770K(5888K)->5770K(5888K) Class: 533K(640K)->533K(640K)
[21.913s][info][gc             ] GC(211) Pause Young (Allocation Failure) 3164M->3164M(3415M) 36.064ms
[21.914s][info][gc,cpu         ] GC(211) User=0.05s Sys=0.00s Real=0.04s
[21.917s][info][gc,start       ] GC(212) Pause Young (Allocation Failure)
[21.949s][info][gc,heap        ] GC(212) PSYoungGen: 5728K(157696K)->3232K(6656K) Eden: 3072K(3072K)->0K(3072K) From: 2656K(154624K)->3232K(3584K)
[21.949s][info][gc,heap        ] GC(212) ParOldGen: 3238109K(3339776K)->3240701K(3339776K)
[21.949s][info][gc,metaspace   ] GC(212) Metaspace: 6303K(6528K)->6303K(6528K) NonClass: 5770K(5888K)->5770K(5888K) Class: 533K(640K)->533K(640K)
[21.949s][info][gc             ] GC(212) Pause Young (Allocation Failure) 3167M->3167M(3268M) 32.199ms
[21.949s][info][gc,cpu         ] GC(212) User=0.02s Sys=0.00s Real=0.03s
[21.952s][info][gc,start       ] GC(213) Pause Young (Allocation Failure)
[21.988s][info][gc,heap        ] GC(213) PSYoungGen: 6304K(6656K)->3168K(141824K) Eden: 3072K(3072K)->0K(4096K) From: 3232K(3584K)->3168K(137728K)
[21.988s][info][gc,heap        ] GC(213) ParOldGen: 3240701K(3339776K)->3243805K(3339776K)
[21.988s][info][gc,metaspace   ] GC(213) Metaspace: 6303K(6528K)->6303K(6528K) NonClass: 5770K(5888K)->5770K(5888K) Class: 533K(640K)->533K(640K)
[21.988s][info][gc             ] GC(213) Pause Young (Allocation Failure) 3170M->3170M(3400M) 35.912ms
[21.988s][info][gc,cpu         ] GC(213) User=0.03s Sys=0.00s Real=0.04s
[21.991s][info][gc,start       ] GC(214) Pause Young (Allocation Failure)
[22.023s][info][gc,heap        ] GC(214) PSYoungGen: 7264K(141824K)->4224K(8704K) Eden: 4096K(4096K)->0K(4096K) From: 3168K(137728K)->4224K(4608K)
[22.023s][info][gc,heap        ] GC(214) ParOldGen: 3243805K(3339776K)->3246909K(3339776K)
[22.023s][info][gc,metaspace   ] GC(214) Metaspace: 6303K(6528K)->6303K(6528K) NonClass: 5770K(5888K)->5770K(5888K) Class: 533K(640K)->533K(640K)
[22.023s][info][gc             ] GC(214) Pause Young (Allocation Failure) 3174M->3174M(3270M) 31.522ms
[22.023s][info][gc,cpu         ] GC(214) User=0.02s Sys=0.00s Real=0.03s
[22.029s][info][gc,start       ] GC(215) Pause Young (Allocation Failure)
[22.068s][info][gc,heap        ] GC(215) PSYoungGen: 8320K(8704K)->4224K(126464K) Eden: 4096K(4096K)->0K(5120K) From: 4224K(4608K)->4224K(121344K)
[22.068s][info][gc,heap        ] GC(215) ParOldGen: 3246909K(3339776K)->3251045K(3339776K)
[22.068s][info][gc,metaspace   ] GC(215) Metaspace: 6303K(6528K)->6303K(6528K) NonClass: 5770K(5888K)->5770K(5888K) Class: 533K(640K)->533K(640K)
[22.068s][info][gc             ] GC(215) Pause Young (Allocation Failure) 3178M->3178M(3385M) 39.035ms
[22.068s][info][gc,cpu         ] GC(215) User=0.05s Sys=0.00s Real=0.04s
[22.073s][info][gc,start       ] GC(216) Pause Young (Allocation Failure)
[22.114s][info][gc,heap        ] GC(216) PSYoungGen: 9344K(126464K)->5248K(10752K) Eden: 5120K(5120K)->0K(5120K) From: 4224K(121344K)->5248K(5632K)
[22.114s][info][gc,heap        ] GC(216) ParOldGen: 3251045K(3339776K)->3255181K(3339776K)
[22.114s][info][gc,metaspace   ] GC(216) Metaspace: 6303K(6528K)->6303K(6528K) NonClass: 5770K(5888K)->5770K(5888K) Class: 533K(640K)->533K(640K)
[22.114s][info][gc             ] GC(216) Pause Young (Allocation Failure) 3183M->3184M(3272M) 41.615ms
[22.114s][info][gc,cpu         ] GC(216) User=0.03s Sys=0.00s Real=0.04s
[22.120s][info][gc,start       ] GC(217) Pause Young (Allocation Failure)
[22.154s][info][gc,heap        ] GC(217) PSYoungGen: 10368K(10752K)->5184K(111104K) Eden: 5120K(5120K)->0K(6144K) From: 5248K(5632K)->5184K(104960K)
[22.154s][info][gc,heap        ] GC(217) ParOldGen: 3255181K(3339776K)->3260357K(3339776K)
[22.154s][info][gc,metaspace   ] GC(217) Metaspace: 6303K(6528K)->6303K(6528K) NonClass: 5770K(5888K)->5770K(5888K) Class: 533K(640K)->533K(640K)
[22.154s][info][gc             ] GC(217) Pause Young (Allocation Failure) 3189M->3189M(3370M) 34.139ms
[22.154s][info][gc,cpu         ] GC(217) User=0.05s Sys=0.00s Real=0.03s
[22.161s][info][gc,start       ] GC(218) Pause Young (Allocation Failure)
[22.195s][info][gc,heap        ] GC(218) PSYoungGen: 11328K(111104K)->6240K(12800K) Eden: 6144K(6144K)->0K(6144K) From: 5184K(104960K)->6240K(6656K)
[22.195s][info][gc,heap        ] GC(218) ParOldGen: 3260357K(3339776K)->3265525K(3339776K)
[22.195s][info][gc,metaspace   ] GC(218) Metaspace: 6303K(6528K)->6303K(6528K) NonClass: 5770K(5888K)->5770K(5888K) Class: 533K(640K)->533K(640K)
[22.195s][info][gc             ] GC(218) Pause Young (Allocation Failure) 3195M->3195M(3274M) 33.603ms
[22.195s][info][gc,cpu         ] GC(218) User=0.03s Sys=0.00s Real=0.03s
[22.201s][info][gc,start       ] GC(219) Pause Young (Allocation Failure)
[22.231s][info][gc,heap        ] GC(219) PSYoungGen: 12384K(12800K)->6272K(99328K) Eden: 6144K(6144K)->0K(7680K) From: 6240K(6656K)->6272K(91648K)
[22.231s][info][gc,heap        ] GC(219) ParOldGen: 3265525K(3339776K)->3271725K(3339776K)
[22.231s][info][gc,metaspace   ] GC(219) Metaspace: 6303K(6528K)->6303K(6528K) NonClass: 5770K(5888K)->5770K(5888K) Class: 533K(640K)->533K(640K)
[22.231s][info][gc             ] GC(219) Pause Young (Allocation Failure) 3201M->3201M(3358M) 30.309ms
[22.231s][info][gc,cpu         ] GC(219) User=0.02s Sys=0.00s Real=0.03s
[22.239s][info][gc,start       ] GC(220) Pause Young (Allocation Failure)
[22.269s][info][gc,heap        ] GC(220) PSYoungGen: 13952K(99328K)->7840K(15872K) Eden: 7680K(7680K)->0K(7680K) From: 6272K(91648K)->7840K(8192K)
[22.269s][info][gc,heap        ] GC(220) ParOldGen: 3271725K(3339776K)->3277925K(3339776K)
[22.269s][info][gc,metaspace   ] GC(220) Metaspace: 6303K(6528K)->6303K(6528K) NonClass: 5770K(5888K)->5770K(5888K) Class: 533K(640K)->533K(640K)
[22.269s][info][gc             ] GC(220) Pause Young (Allocation Failure) 3208M->3208M(3277M) 30.526ms
[22.269s][info][gc,cpu         ] GC(220) User=0.03s Sys=0.00s Real=0.03s
[22.277s][info][gc,start       ] GC(221) Pause Young (Allocation Failure)
[22.314s][info][gc,heap        ] GC(221) PSYoungGen: 15520K(15872K)->7776K(88576K) Eden: 7680K(7680K)->0K(9216K) From: 7840K(8192K)->7776K(79360K)
[22.314s][info][gc,heap        ] GC(221) ParOldGen: 3277925K(3339776K)->3285685K(3339776K)
[22.314s][info][gc,metaspace   ] GC(221) Metaspace: 6303K(6528K)->6303K(6528K) NonClass: 5770K(5888K)->5770K(5888K) Class: 533K(640K)->533K(640K)
[22.314s][info][gc             ] GC(221) Pause Young (Allocation Failure) 3216M->3216M(3348M) 37.148ms
[22.315s][info][gc,cpu         ] GC(221) User=0.03s Sys=0.00s Real=0.04s
[22.324s][info][gc,start       ] GC(222) Pause Young (Allocation Failure)
[22.360s][info][gc,heap        ] GC(222) PSYoungGen: 16992K(88576K)->9344K(18944K) Eden: 9216K(9216K)->0K(9216K) From: 7776K(79360K)->9344K(9728K)
[22.360s][info][gc,heap        ] GC(222) ParOldGen: 3285685K(3339776K)->3293437K(3339776K)
[22.360s][info][gc,metaspace   ] GC(222) Metaspace: 6303K(6528K)->6303K(6528K) NonClass: 5770K(5888K)->5770K(5888K) Class: 533K(640K)->533K(640K)
[22.360s][info][gc             ] GC(222) Pause Young (Allocation Failure) 3225M->3225M(3280M) 35.878ms
[22.360s][info][gc,cpu         ] GC(222) User=0.00s Sys=0.00s Real=0.04s
[22.369s][info][gc,start       ] GC(223) Pause Young (Allocation Failure)
[22.412s][info][gc,heap        ] GC(223) PSYoungGen: 18560K(18944K)->9344K(78848K) Eden: 9216K(9216K)->0K(11264K) From: 9344K(9728K)->9344K(67584K)
[22.412s][info][gc,heap        ] GC(223) ParOldGen: 3293437K(3339776K)->3302741K(3339776K)
[22.412s][info][gc,metaspace   ] GC(223) Metaspace: 6303K(6528K)->6303K(6528K) NonClass: 5770K(5888K)->5770K(5888K) Class: 533K(640K)->533K(640K)
[22.412s][info][gc             ] GC(223) Pause Young (Allocation Failure) 3234M->3234M(3338M) 42.998ms
[22.412s][info][gc,cpu         ] GC(223) User=0.02s Sys=0.00s Real=0.04s
[22.423s][info][gc,start       ] GC(224) Pause Young (Allocation Failure)
[22.459s][info][gc,heap        ] GC(224) PSYoungGen: 20608K(78848K)->11392K(23040K) Eden: 11264K(11264K)->0K(11264K) From: 9344K(67584K)->11392K(11776K)
[22.459s][info][gc,heap        ] GC(224) ParOldGen: 3302741K(3339776K)->3312053K(3339776K)
[22.459s][info][gc,metaspace   ] GC(224) Metaspace: 6303K(6528K)->6303K(6528K) NonClass: 5770K(5888K)->5770K(5888K) Class: 533K(640K)->533K(640K)
[22.459s][info][gc             ] GC(224) Pause Young (Allocation Failure) 3245M->3245M(3284M) 35.893ms
[22.459s][info][gc,cpu         ] GC(224) User=0.05s Sys=0.00s Real=0.04s
[22.471s][info][gc,start       ] GC(225) Pause Young (Allocation Failure)
[22.506s][info][gc,heap        ] GC(225) PSYoungGen: 22656K(23040K)->11424K(70656K) Eden: 11264K(11264K)->0K(13312K) From: 11392K(11776K)->11424K(57344K)
[22.506s][info][gc,heap        ] GC(225) ParOldGen: 3312053K(3339776K)->3323429K(3339776K)
[22.506s][info][gc,metaspace   ] GC(225) Metaspace: 6303K(6528K)->6303K(6528K) NonClass: 5770K(5888K)->5770K(5888K) Class: 533K(640K)->533K(640K)
[22.506s][info][gc             ] GC(225) Pause Young (Allocation Failure) 3256M->3256M(3330M) 35.096ms
[22.506s][info][gc,cpu         ] GC(225) User=0.05s Sys=0.00s Real=0.03s
[22.507s][info][gc,start       ] GC(226) Pause Full (Ergonomics)
[22.507s][info][gc,phases,start] GC(226) Marking Phase
[23.251s][info][gc,phases      ] GC(226) Marking Phase 744.304ms
[23.251s][info][gc,phases,start] GC(226) Summary Phase
[23.251s][info][gc,phases      ] GC(226) Summary Phase 0.113ms
[23.251s][info][gc,phases,start] GC(226) Adjust Roots
[23.251s][info][gc,phases      ] GC(226) Adjust Roots 0.222ms
[23.251s][info][gc,phases,start] GC(226) Compaction Phase
[23.578s][info][gc,phases      ] GC(226) Compaction Phase 326.761ms
[23.578s][info][gc,phases,start] GC(226) Post Compact
[23.584s][info][gc,phases      ] GC(226) Post Compact 6.166ms
[23.585s][info][gc,heap        ] GC(226) PSYoungGen: 11424K(70656K)->0K(75776K) Eden: 0K(13312K)->0K(13312K) From: 11424K(57344K)->0K(62464K)
[23.585s][info][gc,heap        ] GC(226) ParOldGen: 3323429K(3339776K)->3330984K(3613184K)
[23.585s][info][gc,metaspace   ] GC(226) Metaspace: 6303K(6528K)->6303K(6528K) NonClass: 5770K(5888K)->5770K(5888K) Class: 533K(640K)->533K(640K)
[23.585s][info][gc             ] GC(226) Pause Full (Ergonomics) 3256M->3252M(3602M) 1078.827ms
[23.585s][info][gc,cpu         ] GC(226) User=7.66s Sys=0.02s Real=1.08s
[23.602s][info][gc,start       ] GC(227) Pause Young (Allocation Failure)
[23.639s][info][gc,heap        ] GC(227) PSYoungGen: 13312K(75776K)->13440K(68096K) Eden: 13312K(13312K)->0K(15360K) From: 0K(62464K)->13440K(52736K)
[23.639s][info][gc,heap        ] GC(227) ParOldGen: 3330984K(3613184K)->3330984K(3613184K)
[23.639s][info][gc,metaspace   ] GC(227) Metaspace: 6303K(6528K)->6303K(6528K) NonClass: 5770K(5888K)->5770K(5888K) Class: 533K(640K)->533K(640K)
[23.639s][info][gc             ] GC(227) Pause Young (Allocation Failure) 3265M->3266M(3595M) 37.072ms
[23.639s][info][gc,cpu         ] GC(227) User=0.02s Sys=0.00s Real=0.04s
[23.658s][info][gc,start       ] GC(228) Pause Young (Allocation Failure)
[23.695s][info][gc,heap        ] GC(228) PSYoungGen: 28800K(68096K)->15488K(31232K) Eden: 15360K(15360K)->0K(15360K) From: 13440K(52736K)->15488K(15872K)
[23.695s][info][gc,heap        ] GC(228) ParOldGen: 3330984K(3613184K)->3344424K(3613184K)
[23.695s][info][gc,metaspace   ] GC(228) Metaspace: 6303K(6528K)->6303K(6528K) NonClass: 5770K(5888K)->5770K(5888K) Class: 533K(640K)->533K(640K)
[23.695s][info][gc             ] GC(228) Pause Young (Allocation Failure) 3281M->3281M(3559M) 37.242ms
[23.695s][info][gc,cpu         ] GC(228) User=0.03s Sys=0.00s Real=0.04s
[23.712s][info][gc,start       ] GC(229) Pause Young (Allocation Failure)
[23.752s][info][gc,heap        ] GC(229) PSYoungGen: 30848K(31232K)->15488K(65536K) Eden: 15360K(15360K)->0K(17408K) From: 15488K(15872K)->15488K(48128K)
[23.753s][info][gc,heap        ] GC(229) ParOldGen: 3344424K(3613184K)->3359928K(3613184K)
[23.753s][info][gc,metaspace   ] GC(229) Metaspace: 6303K(6528K)->6303K(6528K) NonClass: 5770K(5888K)->5770K(5888K) Class: 533K(640K)->533K(640K)
[23.753s][info][gc             ] GC(229) Pause Young (Allocation Failure) 3296M->3296M(3592M) 40.996ms
[23.753s][info][gc,cpu         ] GC(229) User=0.03s Sys=0.00s Real=0.04s
[23.771s][info][gc,start       ] GC(230) Pause Young (Allocation Failure)
[23.813s][info][gc,heap        ] GC(230) PSYoungGen: 32896K(65536K)->17600K(68608K) Eden: 17408K(17408K)->0K(17408K) From: 15488K(48128K)->17600K(51200K)
[23.813s][info][gc,heap        ] GC(230) ParOldGen: 3359928K(3613184K)->3375424K(3613184K)
[23.813s][info][gc,metaspace   ] GC(230) Metaspace: 6303K(6528K)->6303K(6528K) NonClass: 5770K(5888K)->5770K(5888K) Class: 533K(640K)->533K(640K)
[23.814s][info][gc             ] GC(230) Pause Young (Allocation Failure) 3313M->3313M(3595M) 42.603ms
[23.814s][info][gc,cpu         ] GC(230) User=0.05s Sys=0.00s Real=0.04s
[23.833s][info][gc,start       ] GC(231) Pause Young (Allocation Failure)
[23.877s][info][gc,heap        ] GC(231) PSYoungGen: 35008K(68608K)->17472K(64512K) Eden: 17408K(17408K)->0K(19968K) From: 17600K(51200K)->17472K(44544K)
[23.877s][info][gc,heap        ] GC(231) ParOldGen: 3375424K(3613184K)->3392992K(3613184K)
[23.877s][info][gc,metaspace   ] GC(231) Metaspace: 6303K(6528K)->6303K(6528K) NonClass: 5770K(5888K)->5770K(5888K) Class: 533K(640K)->533K(640K)
[23.877s][info][gc             ] GC(231) Pause Young (Allocation Failure) 3330M->3330M(3591M) 44.240ms
[23.877s][info][gc,cpu         ] GC(231) User=0.06s Sys=0.00s Real=0.04s
[23.901s][info][gc,start       ] GC(232) Pause Young (Allocation Failure)
[23.943s][info][gc,heap        ] GC(232) PSYoungGen: 37440K(64512K)->20096K(66560K) Eden: 19968K(19968K)->0K(19968K) From: 17472K(44544K)->20096K(46592K)
[23.943s][info][gc,heap        ] GC(232) ParOldGen: 3392992K(3613184K)->3410552K(3613184K)
[23.943s][info][gc,metaspace   ] GC(232) Metaspace: 6303K(6528K)->6303K(6528K) NonClass: 5770K(5888K)->5770K(5888K) Class: 533K(640K)->533K(640K)
[23.943s][info][gc             ] GC(232) Pause Young (Allocation Failure) 3350M->3350M(3593M) 41.605ms
[23.943s][info][gc,cpu         ] GC(232) User=0.03s Sys=0.00s Real=0.04s
[23.964s][info][gc,start       ] GC(233) Pause Young (Allocation Failure)
[24.007s][info][gc,heap        ] GC(233) PSYoungGen: 40064K(66560K)->20128K(66560K) Eden: 19968K(19968K)->0K(23040K) From: 20096K(46592K)->20128K(43520K)
[24.007s][info][gc,heap        ] GC(233) ParOldGen: 3410552K(3613184K)->3430704K(3613184K)
[24.007s][info][gc,metaspace   ] GC(233) Metaspace: 6303K(6528K)->6303K(6528K) NonClass: 5770K(5888K)->5770K(5888K) Class: 533K(640K)->533K(640K)
[24.007s][info][gc             ] GC(233) Pause Young (Allocation Failure) 3369M->3369M(3593M) 42.504ms
[24.007s][info][gc,cpu         ] GC(233) User=0.09s Sys=0.00s Real=0.04s
[24.030s][info][gc,start       ] GC(234) Pause Young (Allocation Failure)
[24.074s][info][gc,heap        ] GC(234) PSYoungGen: 43168K(66560K)->23200K(67584K) Eden: 23040K(23040K)->0K(23040K) From: 20128K(43520K)->23200K(44544K)
[24.074s][info][gc,heap        ] GC(234) ParOldGen: 3430704K(3613184K)->3450848K(3613184K)
[24.074s][info][gc,metaspace   ] GC(234) Metaspace: 6303K(6528K)->6303K(6528K) NonClass: 5770K(5888K)->5770K(5888K) Class: 533K(640K)->533K(640K)
[24.074s][info][gc             ] GC(234) Pause Young (Allocation Failure) 3392M->3392M(3594M) 44.091ms
[24.074s][info][gc,cpu         ] GC(234) User=0.03s Sys=0.02s Real=0.04s
[24.095s][info][gc,start       ] GC(235) Pause Young (Allocation Failure)
[24.141s][info][gc,heap        ] GC(235) PSYoungGen: 46240K(67584K)->23200K(70656K) Eden: 23040K(23040K)->0K(26112K) From: 23200K(44544K)->23200K(44544K)
[24.141s][info][gc,heap        ] GC(235) ParOldGen: 3450848K(3613184K)->3474096K(3613184K)
[24.141s][info][gc,metaspace   ] GC(235) Metaspace: 6303K(6528K)->6303K(6528K) NonClass: 5770K(5888K)->5770K(5888K) Class: 533K(640K)->533K(640K)
[24.141s][info][gc             ] GC(235) Pause Young (Allocation Failure) 3415M->3415M(3597M) 45.439ms
[24.141s][info][gc,cpu         ] GC(235) User=0.05s Sys=0.00s Real=0.05s
[24.165s][info][gc,start       ] GC(236) Pause Young (Allocation Failure)
[24.207s][info][gc,heap        ] GC(236) PSYoungGen: 49312K(70656K)->26304K(70656K) Eden: 26112K(26112K)->0K(26112K) From: 23200K(44544K)->26304K(44544K)
[24.207s][info][gc,heap        ] GC(236) ParOldGen: 3474096K(3613184K)->3497352K(3613184K)
[24.207s][info][gc,metaspace   ] GC(236) Metaspace: 6303K(6528K)->6303K(6528K) NonClass: 5770K(5888K)->5770K(5888K) Class: 533K(640K)->533K(640K)
[24.207s][info][gc             ] GC(236) Pause Young (Allocation Failure) 3440M->3441M(3597M) 42.393ms
[24.207s][info][gc,cpu         ] GC(236) User=0.05s Sys=0.02s Real=0.04s
[24.234s][info][gc,start       ] GC(237) Pause Young (Allocation Failure)
[24.279s][info][gc,heap        ] GC(237) PSYoungGen: 52416K(70656K)->26272K(74752K) Eden: 26112K(26112K)->0K(29696K) From: 26304K(44544K)->26272K(45056K)
[24.279s][info][gc,heap        ] GC(237) ParOldGen: 3497352K(3613184K)->3523696K(3613184K)
[24.279s][info][gc,metaspace   ] GC(237) Metaspace: 6303K(6528K)->6303K(6528K) NonClass: 5770K(5888K)->5770K(5888K) Class: 533K(640K)->533K(640K)
[24.279s][info][gc             ] GC(237) Pause Young (Allocation Failure) 3466M->3466M(3601M) 44.873ms
[24.279s][info][gc,cpu         ] GC(237) User=0.09s Sys=0.00s Real=0.04s
[24.312s][info][gc,start       ] GC(238) Pause Young (Allocation Failure)
[24.360s][info][gc,heap        ] GC(238) PSYoungGen: 55968K(74752K)->29888K(75264K) Eden: 29696K(29696K)->0K(29696K) From: 26272K(45056K)->29888K(45568K)
[24.360s][info][gc,heap        ] GC(238) ParOldGen: 3523696K(3613184K)->3550040K(3613184K)
[24.360s][info][gc,metaspace   ] GC(238) Metaspace: 6303K(6528K)->6303K(6528K) NonClass: 5770K(5888K)->5770K(5888K) Class: 533K(640K)->533K(640K)
[24.360s][info][gc             ] GC(238) Pause Young (Allocation Failure) 3495M->3496M(3602M) 48.286ms
[24.360s][info][gc,cpu         ] GC(238) User=0.09s Sys=0.00s Real=0.05s
[24.391s][info][gc,start       ] GC(239) Pause Young (Allocation Failure)
[24.440s][info][gc,heap        ] GC(239) PSYoungGen: 59584K(75264K)->29888K(79872K) Eden: 29696K(29696K)->0K(32768K) From: 29888K(45568K)->29888K(47104K)
[24.440s][info][gc,heap        ] GC(239) ParOldGen: 3550040K(3613184K)->3580008K(3613184K)
[24.440s][info][gc,metaspace   ] GC(239) Metaspace: 6303K(6528K)->6303K(6528K) NonClass: 5770K(5888K)->5770K(5888K) Class: 533K(640K)->533K(640K)
[24.440s][info][gc             ] GC(239) Pause Young (Allocation Failure) 3525M->3525M(3606M) 49.693ms
[24.440s][info][gc,cpu         ] GC(239) User=0.16s Sys=0.00s Real=0.05s
[24.440s][info][gc,start       ] GC(240) Pause Full (Ergonomics)
[24.440s][info][gc,phases,start] GC(240) Marking Phase
[25.261s][info][gc,phases      ] GC(240) Marking Phase 820.980ms
[25.261s][info][gc,phases,start] GC(240) Summary Phase
[25.262s][info][gc,phases      ] GC(240) Summary Phase 0.126ms
[25.262s][info][gc,phases,start] GC(240) Adjust Roots
[25.262s][info][gc,phases      ] GC(240) Adjust Roots 0.296ms
[25.262s][info][gc,phases,start] GC(240) Compaction Phase
[25.596s][info][gc,phases      ] GC(240) Compaction Phase 334.513ms
[25.596s][info][gc,phases,start] GC(240) Post Compact
[25.604s][info][gc,phases      ] GC(240) Post Compact 7.347ms
[25.605s][info][gc,heap        ] GC(240) PSYoungGen: 29888K(79872K)->0K(80896K) Eden: 0K(32768K)->0K(32768K) From: 29888K(47104K)->0K(48128K)
[25.605s][info][gc,heap        ] GC(240) ParOldGen: 3580008K(3613184K)->3607050K(3933184K)
[25.605s][info][gc,metaspace   ] GC(240) Metaspace: 6303K(6528K)->6303K(6528K) NonClass: 5770K(5888K)->5770K(5888K) Class: 533K(640K)->533K(640K)
[25.605s][info][gc             ] GC(240) Pause Full (Ergonomics) 3525M->3522M(3920M) 1165.040ms
[25.605s][info][gc,cpu         ] GC(240) User=8.36s Sys=0.03s Real=1.16s
[25.643s][info][gc,start       ] GC(241) Pause Young (Allocation Failure)
[25.684s][info][gc,heap        ] GC(241) PSYoungGen: 32768K(80896K)->32928K(83968K) Eden: 32768K(32768K)->0K(35840K) From: 0K(48128K)->32928K(48128K)
[25.684s][info][gc,heap        ] GC(241) ParOldGen: 3607050K(3933184K)->3607050K(3933184K)
[25.684s][info][gc,metaspace   ] GC(241) Metaspace: 6303K(6528K)->6303K(6528K) NonClass: 5770K(5888K)->5770K(5888K) Class: 533K(640K)->533K(640K)
[25.684s][info][gc             ] GC(241) Pause Young (Allocation Failure) 3554M->3554M(3923M) 40.651ms
[25.684s][info][gc,cpu         ] GC(241) User=0.03s Sys=0.00s Real=0.04s
[25.725s][info][gc,start       ] GC(242) Pause Young (Allocation Failure)
[25.777s][info][gc,heap        ] GC(242) PSYoungGen: 68768K(83968K)->36000K(85504K) Eden: 35840K(35840K)->0K(35840K) From: 32928K(48128K)->36000K(49664K)
[25.777s][info][gc,heap        ] GC(242) ParOldGen: 3607050K(3933184K)->3640114K(3933184K)
[25.777s][info][gc,metaspace   ] GC(242) Metaspace: 6303K(6528K)->6303K(6528K) NonClass: 5770K(5888K)->5770K(5888K) Class: 533K(640K)->533K(640K)
[25.777s][info][gc             ] GC(242) Pause Young (Allocation Failure) 3589M->3589M(3924M) 52.536ms
[25.777s][info][gc,cpu         ] GC(242) User=0.19s Sys=0.03s Real=0.05s
[25.814s][info][gc,start       ] GC(243) Pause Young (Allocation Failure)
[25.873s][info][gc,heap        ] GC(243) PSYoungGen: 71840K(85504K)->36000K(89600K) Eden: 35840K(35840K)->0K(37376K) From: 36000K(49664K)->36000K(52224K)
[25.873s][info][gc,heap        ] GC(243) ParOldGen: 3640114K(3933184K)->3676282K(3933184K)
[25.873s][info][gc,metaspace   ] GC(243) Metaspace: 6303K(6528K)->6303K(6528K) NonClass: 5770K(5888K)->5770K(5888K) Class: 533K(640K)->533K(640K)
[25.873s][info][gc             ] GC(243) Pause Young (Allocation Failure) 3624M->3625M(3928M) 58.858ms
[25.873s][info][gc,cpu         ] GC(243) User=0.20s Sys=0.02s Real=0.06s
[25.911s][info][gc,start       ] GC(244) Pause Young (Allocation Failure)
[25.964s][info][gc,heap        ] GC(244) PSYoungGen: 73376K(89600K)->37536K(91648K) Eden: 37376K(37376K)->0K(37376K) From: 36000K(52224K)->37536K(54272K)
[25.964s][info][gc,heap        ] GC(244) ParOldGen: 3676282K(3933184K)->3712450K(3933184K)
[25.964s][info][gc,metaspace   ] GC(244) Metaspace: 6303K(6528K)->6303K(6528K) NonClass: 5770K(5888K)->5770K(5888K) Class: 533K(640K)->533K(640K)
[25.964s][info][gc             ] GC(244) Pause Young (Allocation Failure) 3661M->3662M(3930M) 52.983ms
[25.964s][info][gc,cpu         ] GC(244) User=0.16s Sys=0.00s Real=0.05s
[26.003s][info][gc,start       ] GC(245) Pause Young (Allocation Failure)
[26.064s][info][gc,heap        ] GC(245) PSYoungGen: 74912K(91648K)->37600K(96256K) Eden: 37376K(37376K)->0K(40448K) From: 37536K(54272K)->37600K(55808K)
[26.064s][info][gc,heap        ] GC(245) ParOldGen: 3712450K(3933184K)->3750162K(3933184K)
[26.064s][info][gc,metaspace   ] GC(245) Metaspace: 6303K(6528K)->6303K(6528K) NonClass: 5770K(5888K)->5770K(5888K) Class: 533K(640K)->533K(640K)
[26.064s][info][gc             ] GC(245) Pause Young (Allocation Failure) 3698M->3698M(3935M) 60.438ms
[26.064s][info][gc,cpu         ] GC(245) User=0.14s Sys=0.02s Real=0.06s
[26.105s][info][gc,start       ] GC(246) Pause Young (Allocation Failure)
[26.168s][info][gc,heap        ] GC(246) PSYoungGen: 78048K(96256K)->40576K(97792K) Eden: 40448K(40448K)->0K(40448K) From: 37600K(55808K)->40576K(57344K)
[26.168s][info][gc,heap        ] GC(246) ParOldGen: 3750162K(3933184K)->3787882K(3933184K)
[26.168s][info][gc,metaspace   ] GC(246) Metaspace: 6303K(6528K)->6303K(6528K) NonClass: 5770K(5888K)->5770K(5888K) Class: 533K(640K)->533K(640K)
[26.168s][info][gc             ] GC(246) Pause Young (Allocation Failure) 3738M->3738M(3936M) 63.288ms
[26.168s][info][gc,cpu         ] GC(246) User=0.25s Sys=0.03s Real=0.06s
[26.211s][info][gc,start       ] GC(247) Pause Young (Allocation Failure)
[26.265s][info][gc,heap        ] GC(247) PSYoungGen: 81024K(97792K)->40608K(103424K) Eden: 40448K(40448K)->0K(44032K) From: 40576K(57344K)->40608K(59392K)
[26.265s][info][gc,heap        ] GC(247) ParOldGen: 3787882K(3933184K)->3828698K(3933184K)
[26.265s][info][gc,metaspace   ] GC(247) Metaspace: 6303K(6528K)->6303K(6528K) NonClass: 5770K(5888K)->5770K(5888K) Class: 533K(640K)->533K(640K)
[26.265s][info][gc             ] GC(247) Pause Young (Allocation Failure) 3778M->3778M(3942M) 53.746ms
[26.265s][info][gc,cpu         ] GC(247) User=0.20s Sys=0.00s Real=0.05s
[26.315s][info][gc,start       ] GC(248) Pause Young (Allocation Failure)
[26.377s][info][gc,heap        ] GC(248) PSYoungGen: 84640K(103424K)->44192K(104960K) Eden: 44032K(44032K)->0K(44032K) From: 40608K(59392K)->44192K(60928K)
[26.377s][info][gc,heap        ] GC(248) ParOldGen: 3828698K(3933184K)->3869506K(3933184K)
[26.377s][info][gc,metaspace   ] GC(248) Metaspace: 6303K(6528K)->6303K(6528K) NonClass: 5770K(5888K)->5770K(5888K) Class: 533K(640K)->533K(640K)
[26.377s][info][gc             ] GC(248) Pause Young (Allocation Failure) 3821M->3821M(3943M) 61.629ms
[26.377s][info][gc,cpu         ] GC(248) User=0.31s Sys=0.02s Real=0.06s
[26.424s][info][gc,start       ] GC(249) Pause Young (Allocation Failure)
[26.482s][info][gc,heap        ] GC(249) PSYoungGen: 88224K(104960K)->44256K(111104K) Eden: 44032K(44032K)->0K(48128K) From: 44192K(60928K)->44256K(62976K)
[26.483s][info][gc,heap        ] GC(249) ParOldGen: 3869506K(3933184K)->3913930K(3933184K)
[26.483s][info][gc,metaspace   ] GC(249) Metaspace: 6303K(6528K)->6303K(6528K) NonClass: 5770K(5888K)->5770K(5888K) Class: 533K(640K)->533K(640K)
[26.483s][info][gc             ] GC(249) Pause Young (Allocation Failure) 3864M->3865M(3949M) 58.799ms
[26.483s][info][gc,cpu         ] GC(249) User=0.20s Sys=0.00s Real=0.06s
[26.483s][info][gc,start       ] GC(250) Pause Full (Ergonomics)
[26.483s][info][gc,phases,start] GC(250) Marking Phase
[27.385s][info][gc,phases      ] GC(250) Marking Phase 902.769ms
[27.386s][info][gc,phases,start] GC(250) Summary Phase
[27.386s][info][gc,phases      ] GC(250) Summary Phase 0.083ms
[27.386s][info][gc,phases,start] GC(250) Adjust Roots
[27.386s][info][gc,phases      ] GC(250) Adjust Roots 0.306ms
[27.386s][info][gc,phases,start] GC(250) Compaction Phase
[28.257s][info][gc,phases      ] GC(250) Compaction Phase 870.670ms
[28.257s][info][gc,phases,start] GC(250) Post Compact
[28.264s][info][gc,phases      ] GC(250) Post Compact 7.589ms
[28.266s][info][gc,heap        ] GC(250) PSYoungGen: 44256K(111104K)->22028K(111104K) Eden: 0K(48128K)->0K(48128K) From: 44256K(62976K)->22028K(62976K)
[28.266s][info][gc,heap        ] GC(250) ParOldGen: 3913930K(3933184K)->3932887K(4313088K)
[28.266s][info][gc,metaspace   ] GC(250) Metaspace: 6303K(6528K)->6303K(6528K) NonClass: 5770K(5888K)->5770K(5888K) Class: 533K(640K)->533K(640K)
[28.266s][info][gc             ] GC(250) Pause Full (Ergonomics) 3865M->3862M(4320M) 1783.044ms
[28.266s][info][gc,cpu         ] GC(250) User=12.62s Sys=0.03s Real=1.78s
[28.315s][info][gc,start       ] GC(251) Pause Young (Allocation Failure)
[28.520s][info][gc,heap        ] GC(251) PSYoungGen: 70156K(111104K)->48320K(112640K) Eden: 48128K(48128K)->0K(48128K) From: 22028K(62976K)->48320K(64512K)
[28.520s][info][gc,heap        ] GC(251) ParOldGen: 3932887K(4313088K)->3955151K(4313088K)
[28.520s][info][gc,metaspace   ] GC(251) Metaspace: 6303K(6528K)->6303K(6528K) NonClass: 5770K(5888K)->5770K(5888K) Class: 533K(640K)->533K(640K)
[28.520s][info][gc             ] GC(251) Pause Young (Allocation Failure) 3909M->3909M(4322M) 205.453ms
[28.520s][info][gc,cpu         ] GC(251) User=1.48s Sys=0.02s Real=0.21s
[28.571s][info][gc,start       ] GC(252) Pause Young (Allocation Failure)
[28.634s][info][gc,heap        ] GC(252) PSYoungGen: 96448K(112640K)->67584K(100864K) Eden: 48128K(48128K)->0K(33280K) From: 48320K(64512K)->67584K(67584K)
[28.634s][info][gc,heap        ] GC(252) ParOldGen: 3955151K(4313088K)->3984175K(4313088K)
[28.634s][info][gc,metaspace   ] GC(252) Metaspace: 6303K(6528K)->6303K(6528K) NonClass: 5770K(5888K)->5770K(5888K) Class: 533K(640K)->533K(640K)
[28.634s][info][gc             ] GC(252) Pause Young (Allocation Failure) 3956M->3956M(4310M) 63.397ms
[28.634s][info][gc,cpu         ] GC(252) User=0.30s Sys=0.02s Real=0.06s
[28.674s][info][gc,start       ] GC(253) Pause Young (Allocation Failure)
[28.744s][info][gc,heap        ] GC(253) PSYoungGen: 100864K(100864K)->33440K(120320K) Eden: 33280K(33280K)->0K(33280K) From: 67584K(67584K)->33440K(87040K)
[28.744s][info][gc,heap        ] GC(253) ParOldGen: 3984175K(4313088K)->4052255K(4313088K)
[28.744s][info][gc,metaspace   ] GC(253) Metaspace: 6303K(6528K)->6303K(6528K) NonClass: 5770K(5888K)->5770K(5888K) Class: 533K(640K)->533K(640K)
[28.744s][info][gc             ] GC(253) Pause Young (Allocation Failure) 3989M->3989M(4329M) 69.608ms
[28.744s][info][gc,cpu         ] GC(253) User=0.36s Sys=0.02s Real=0.07s
[28.785s][info][gc,start       ] GC(254) Pause Young (Allocation Failure)
[28.842s][info][gc,heap        ] GC(254) PSYoungGen: 66720K(120320K)->33472K(113664K) Eden: 33280K(33280K)->0K(36864K) From: 33440K(87040K)->33472K(76800K)
[28.842s][info][gc,heap        ] GC(254) ParOldGen: 4052255K(4313088K)->4085847K(4313088K)
[28.842s][info][gc,metaspace   ] GC(254) Metaspace: 6303K(6528K)->6303K(6528K) NonClass: 5770K(5888K)->5770K(5888K) Class: 533K(640K)->533K(640K)
[28.842s][info][gc             ] GC(254) Pause Young (Allocation Failure) 4022M->4022M(4323M) 56.768ms
[28.842s][info][gc,cpu         ] GC(254) User=0.19s Sys=0.00s Real=0.06s
[28.881s][info][gc,start       ] GC(255) Pause Young (Allocation Failure)
[28.940s][info][gc,heap        ] GC(255) PSYoungGen: 70336K(113664K)->37088K(117248K) Eden: 36864K(36864K)->0K(36864K) From: 33472K(76800K)->37088K(80384K)
[28.940s][info][gc,heap        ] GC(255) ParOldGen: 4085847K(4313088K)->4119439K(4313088K)
[28.940s][info][gc,metaspace   ] GC(255) Metaspace: 6303K(6528K)->6303K(6528K) NonClass: 5770K(5888K)->5770K(5888K) Class: 533K(640K)->533K(640K)
[28.940s][info][gc             ] GC(255) Pause Young (Allocation Failure) 4058M->4059M(4326M) 58.720ms
[28.940s][info][gc,cpu         ] GC(255) User=0.16s Sys=0.00s Real=0.06s
[28.976s][info][gc,start       ] GC(256) Pause Young (Allocation Failure)
[29.036s][info][gc,heap        ] GC(256) PSYoungGen: 73952K(117248K)->37056K(111104K) Eden: 36864K(36864K)->0K(41472K) From: 37088K(80384K)->37056K(69632K)
[29.036s][info][gc,heap        ] GC(256) ParOldGen: 4119439K(4313088K)->4156639K(4313088K)
[29.036s][info][gc,metaspace   ] GC(256) Metaspace: 6303K(6528K)->6303K(6528K) NonClass: 5770K(5888K)->5770K(5888K) Class: 533K(640K)->533K(640K)
[29.036s][info][gc             ] GC(256) Pause Young (Allocation Failure) 4095M->4095M(4320M) 60.087ms
[29.036s][info][gc,cpu         ] GC(256) User=0.25s Sys=0.02s Real=0.06s
[29.077s][info][gc,start       ] GC(257) Pause Young (Allocation Failure)
[29.145s][info][gc,heap        ] GC(257) PSYoungGen: 78528K(111104K)->41632K(114688K) Eden: 41472K(41472K)->0K(41472K) From: 37056K(69632K)->41632K(73216K)
[29.145s][info][gc,heap        ] GC(257) ParOldGen: 4156639K(4313088K)->4193839K(4313088K)
[29.145s][info][gc,metaspace   ] GC(257) Metaspace: 6303K(6528K)->6303K(6528K) NonClass: 5770K(5888K)->5770K(5888K) Class: 533K(640K)->533K(640K)
[29.145s][info][gc             ] GC(257) Pause Young (Allocation Failure) 4135M->4136M(4324M) 68.096ms
[29.145s][info][gc,cpu         ] GC(257) User=0.19s Sys=0.00s Real=0.07s
[29.190s][info][gc,start       ] GC(258) Pause Young (Allocation Failure)
[29.247s][info][gc,heap        ] GC(258) PSYoungGen: 83104K(114688K)->41696K(113152K) Eden: 41472K(41472K)->0K(46592K) From: 41632K(73216K)->41696K(66560K)
[29.247s][info][gc,heap        ] GC(258) ParOldGen: 4193839K(4313088K)->4235695K(4313088K)
[29.247s][info][gc,metaspace   ] GC(258) Metaspace: 6303K(6528K)->6303K(6528K) NonClass: 5770K(5888K)->5770K(5888K) Class: 533K(640K)->533K(640K)
[29.247s][info][gc             ] GC(258) Pause Young (Allocation Failure) 4176M->4177M(4322M) 57.945ms
[29.247s][info][gc,cpu         ] GC(258) User=0.16s Sys=0.05s Real=0.06s
[29.306s][info][gc,start       ] GC(259) Pause Young (Allocation Failure)
[29.370s][info][gc,heap        ] GC(259) PSYoungGen: 88288K(113152K)->46784K(115200K) Eden: 46592K(46592K)->0K(46592K) From: 41696K(66560K)->46784K(68608K)
[29.371s][info][gc,heap        ] GC(259) ParOldGen: 4235695K(4313088K)->4277535K(4313088K)
[29.371s][info][gc,metaspace   ] GC(259) Metaspace: 6303K(6528K)->6303K(6528K) NonClass: 5770K(5888K)->5770K(5888K) Class: 533K(640K)->533K(640K)
[29.371s][info][gc             ] GC(259) Pause Young (Allocation Failure) 4222M->4222M(4324M) 64.195ms
[29.371s][info][gc,cpu         ] GC(259) User=0.27s Sys=0.02s Real=0.06s
[29.371s][info][gc,start       ] GC(260) Pause Full (Ergonomics)
[29.371s][info][gc,phases,start] GC(260) Marking Phase
[30.353s][info][gc,phases      ] GC(260) Marking Phase 981.940ms
[30.353s][info][gc,phases,start] GC(260) Summary Phase
[30.353s][info][gc,phases      ] GC(260) Summary Phase 0.056ms
[30.353s][info][gc,phases,start] GC(260) Adjust Roots
[30.353s][info][gc,phases      ] GC(260) Adjust Roots 0.169ms
[30.353s][info][gc,phases,start] GC(260) Compaction Phase
[30.720s][info][gc,phases      ] GC(260) Compaction Phase 367.561ms
[30.721s][info][gc,phases,start] GC(260) Post Compact
[30.727s][info][gc,phases      ] GC(260) Post Compact 6.630ms
[30.729s][info][gc,heap        ] GC(260) PSYoungGen: 46784K(115200K)->7724K(115200K) Eden: 0K(46592K)->0K(46592K) From: 46784K(68608K)->7724K(68608K)
[30.729s][info][gc,heap        ] GC(260) ParOldGen: 4277535K(4313088K)->4312988K(4725248K)
[30.729s][info][gc,metaspace   ] GC(260) Metaspace: 6303K(6528K)->6303K(6528K) NonClass: 5770K(5888K)->5770K(5888K) Class: 533K(640K)->533K(640K)
[30.729s][info][gc             ] GC(260) Pause Full (Ergonomics) 4222M->4219M(4727M) 1357.946ms
[30.729s][info][gc,cpu         ] GC(260) User=10.17s Sys=0.02s Real=1.36s
[30.789s][info][gc,start       ] GC(261) Pause Young (Allocation Failure)
[31.001s][info][gc,heap        ] GC(261) PSYoungGen: 54316K(115200K)->46784K(117760K) Eden: 46592K(46592K)->0K(51200K) From: 7724K(68608K)->46784K(66560K)
[31.001s][info][gc,heap        ] GC(261) ParOldGen: 4312988K(4725248K)->4320812K(4725248K)
[31.001s][info][gc,metaspace   ] GC(261) Metaspace: 6303K(6528K)->6303K(6528K) NonClass: 5770K(5888K)->5770K(5888K) Class: 533K(640K)->533K(640K)
[31.001s][info][gc             ] GC(261) Pause Young (Allocation Failure) 4264M->4265M(4729M) 212.789ms
[31.001s][info][gc,cpu         ] GC(261) User=1.41s Sys=0.00s Real=0.21s
[31.057s][info][gc,start       ] GC(262) Pause Young (Allocation Failure)
[31.123s][info][gc,heap        ] GC(262) PSYoungGen: 97984K(117760K)->68096K(119296K) Eden: 51200K(51200K)->0K(51200K) From: 46784K(66560K)->68096K(68096K)
[31.123s][info][gc,heap        ] GC(262) ParOldGen: 4320812K(4725248K)->4350884K(4725248K)
[31.123s][info][gc,metaspace   ] GC(262) Metaspace: 6303K(6528K)->6303K(6528K) NonClass: 5770K(5888K)->5770K(5888K) Class: 533K(640K)->533K(640K)
[31.123s][info][gc             ] GC(262) Pause Young (Allocation Failure) 4315M->4315M(4731M) 65.910ms
[31.123s][info][gc,cpu         ] GC(262) User=0.27s Sys=0.00s Real=0.07s
[31.177s][info][gc,start       ] GC(263) Pause Young (Allocation Failure)
[31.251s][info][gc,heap        ] GC(263) PSYoungGen: 119296K(119296K)->51392K(138240K) Eden: 51200K(51200K)->0K(56320K) From: 68096K(68096K)->51392K(81920K)
[31.251s][info][gc,heap        ] GC(263) ParOldGen: 4350884K(4725248K)->4419492K(4725248K)
[31.251s][info][gc,metaspace   ] GC(263) Metaspace: 6303K(6528K)->6303K(6528K) NonClass: 5770K(5888K)->5770K(5888K) Class: 533K(640K)->533K(640K)
[31.251s][info][gc             ] GC(263) Pause Young (Allocation Failure) 4365M->4366M(4749M) 74.225ms
[31.252s][info][gc,cpu         ] GC(263) User=0.61s Sys=0.02s Real=0.08s
[31.315s][info][gc,start       ] GC(264) Pause Young (Allocation Failure)
[31.382s][info][gc,heap        ] GC(264) PSYoungGen: 107712K(138240K)->84480K(140800K) Eden: 56320K(56320K)->0K(56320K) From: 51392K(81920K)->84480K(84480K)
[31.382s][info][gc,heap        ] GC(264) ParOldGen: 4419492K(4725248K)->4442892K(4725248K)
[31.382s][info][gc,metaspace   ] GC(264) Metaspace: 6303K(6528K)->6303K(6528K) NonClass: 5770K(5888K)->5770K(5888K) Class: 533K(640K)->533K(640K)
[31.382s][info][gc             ] GC(264) Pause Young (Allocation Failure) 4421M->4421M(4752M) 67.005ms
[31.382s][info][gc,cpu         ] GC(264) User=0.31s Sys=0.00s Real=0.07s
[31.453s][info][gc,start       ] GC(265) Pause Young (Allocation Failure)
[31.538s][info][gc,heap        ] GC(265) PSYoungGen: 140800K(140800K)->56512K(158720K) Eden: 56320K(56320K)->0K(62464K) From: 84480K(84480K)->56512K(96256K)
[31.538s][info][gc,heap        ] GC(265) ParOldGen: 4442892K(4725248K)->4527972K(4725248K)
[31.538s][info][gc,metaspace   ] GC(265) Metaspace: 6303K(6528K)->6303K(6528K) NonClass: 5770K(5888K)->5770K(5888K) Class: 533K(640K)->533K(640K)
[31.538s][info][gc             ] GC(265) Pause Young (Allocation Failure) 4476M->4477M(4769M) 85.847ms
[31.538s][info][gc,cpu         ] GC(265) User=0.52s Sys=0.03s Real=0.09s
[31.608s][info][gc,start       ] GC(266) Pause Young (Allocation Failure)
[31.683s][info][gc,heap        ] GC(266) PSYoungGen: 118976K(158720K)->62688K(162304K) Eden: 62464K(62464K)->0K(62464K) From: 56512K(96256K)->62688K(99840K)
[31.683s][info][gc,heap        ] GC(266) ParOldGen: 4527972K(4725248K)->4584804K(4725248K)
[31.683s][info][gc,metaspace   ] GC(266) Metaspace: 6303K(6528K)->6303K(6528K) NonClass: 5770K(5888K)->5770K(5888K) Class: 533K(640K)->533K(640K)
[31.683s][info][gc             ] GC(266) Pause Young (Allocation Failure) 4538M->4538M(4773M) 74.876ms
[31.683s][info][gc,cpu         ] GC(266) User=0.44s Sys=0.02s Real=0.08s
[31.752s][info][gc,start       ] GC(267) Pause Young (Allocation Failure)
[31.826s][info][gc,heap        ] GC(267) PSYoungGen: 125152K(162304K)->62688K(164864K) Eden: 62464K(62464K)->0K(69120K) From: 62688K(99840K)->62688K(95744K)
[31.826s][info][gc,heap        ] GC(267) ParOldGen: 4584804K(4725248K)->4647844K(4725248K)
[31.826s][info][gc,metaspace   ] GC(267) Metaspace: 6303K(6528K)->6303K(6528K) NonClass: 5770K(5888K)->5770K(5888K) Class: 533K(640K)->533K(640K)
[31.826s][info][gc             ] GC(267) Pause Young (Allocation Failure) 4599M->4600M(4775M) 74.463ms
[31.826s][info][gc,cpu         ] GC(267) User=0.48s Sys=0.03s Real=0.08s
[31.826s][info][gc,start       ] GC(268) Pause Full (Ergonomics)
[31.826s][info][gc,phases,start] GC(268) Marking Phase
[32.900s][info][gc,phases      ] GC(268) Marking Phase 1073.678ms
[32.900s][info][gc,phases,start] GC(268) Summary Phase
[32.900s][info][gc,phases      ] GC(268) Summary Phase 0.121ms
[32.900s][info][gc,phases,start] GC(268) Adjust Roots
[32.901s][info][gc,phases      ] GC(268) Adjust Roots 0.263ms
[32.901s][info][gc,phases,start] GC(268) Compaction Phase
[33.322s][info][gc,phases      ] GC(268) Compaction Phase 421.091ms
[33.322s][info][gc,phases,start] GC(268) Post Compact
[33.329s][info][gc,phases      ] GC(268) Post Compact 7.269ms
[33.331s][info][gc,heap        ] GC(268) PSYoungGen: 62688K(164864K)->0K(166400K) Eden: 0K(69120K)->0K(69120K) From: 62688K(95744K)->0K(97280K)
[33.331s][info][gc,heap        ] GC(268) ParOldGen: 4647844K(4725248K)->4707062K(5187584K)
[33.331s][info][gc,metaspace   ] GC(268) Metaspace: 6303K(6528K)->6303K(6528K) NonClass: 5770K(5888K)->5770K(5888K) Class: 533K(640K)->533K(640K)
[33.331s][info][gc             ] GC(268) Pause Full (Ergonomics) 4600M->4596M(5228M) 1504.166ms
[33.331s][info][gc,cpu         ] GC(268) User=11.12s Sys=0.02s Real=1.50s
[33.415s][info][gc,start       ] GC(269) Pause Young (Allocation Failure)
[33.467s][info][gc,heap        ] GC(269) PSYoungGen: 69120K(166400K)->69312K(172544K) Eden: 69120K(69120K)->0K(75264K) From: 0K(97280K)->69312K(97280K)
[33.467s][info][gc,heap        ] GC(269) ParOldGen: 4707062K(5187584K)->4707062K(5187584K)
[33.467s][info][gc,metaspace   ] GC(269) Metaspace: 6303K(6528K)->6303K(6528K) NonClass: 5770K(5888K)->5770K(5888K) Class: 533K(640K)->533K(640K)
[33.467s][info][gc             ] GC(269) Pause Young (Allocation Failure) 4664M->4664M(5234M) 52.219ms
[33.467s][info][gc,cpu         ] GC(269) User=0.16s Sys=0.00s Real=0.05s
[33.554s][info][gc,start       ] GC(270) Pause Young (Allocation Failure)
[33.634s][info][gc,heap        ] GC(270) PSYoungGen: 144576K(172544K)->98304K(173568K) Eden: 75264K(75264K)->0K(75264K) From: 69312K(97280K)->98304K(98304K)
[33.634s][info][gc,heap        ] GC(270) ParOldGen: 4707062K(5187584K)->4753718K(5187584K)
[33.634s][info][gc,metaspace   ] GC(270) Metaspace: 6303K(6528K)->6303K(6528K) NonClass: 5770K(5888K)->5770K(5888K) Class: 533K(640K)->533K(640K)
[33.634s][info][gc             ] GC(270) Pause Young (Allocation Failure) 4737M->4738M(5235M) 79.796ms
[33.634s][info][gc,cpu         ] GC(270) User=0.42s Sys=0.02s Real=0.08s
[33.711s][info][gc,start       ] GC(271) Pause Young (Allocation Failure)
[33.807s][info][gc,heap        ] GC(271) PSYoungGen: 173568K(173568K)->75488K(204800K) Eden: 75264K(75264K)->0K(82432K) From: 98304K(98304K)->75488K(122368K)
[33.807s][info][gc,heap        ] GC(271) ParOldGen: 4753718K(5187584K)->4852734K(5187584K)
[33.807s][info][gc,metaspace   ] GC(271) Metaspace: 6303K(6528K)->6303K(6528K) NonClass: 5770K(5888K)->5770K(5888K) Class: 533K(640K)->533K(640K)
[33.807s][info][gc             ] GC(271) Pause Young (Allocation Failure) 4811M->4812M(5266M) 95.625ms
[33.807s][info][gc,cpu         ] GC(271) User=0.58s Sys=0.05s Real=0.10s
[33.898s][info][gc,start       ] GC(272) Pause Young (Allocation Failure)
[33.984s][info][gc,heap        ] GC(272) PSYoungGen: 157920K(204800K)->124416K(206848K) Eden: 82432K(82432K)->0K(82432K) From: 75488K(122368K)->124416K(124416K)
[33.984s][info][gc,heap        ] GC(272) ParOldGen: 4852734K(5187584K)->4886542K(5187584K)
[33.984s][info][gc,metaspace   ] GC(272) Metaspace: 6303K(6528K)->6303K(6528K) NonClass: 5770K(5888K)->5770K(5888K) Class: 533K(640K)->533K(640K)
[33.984s][info][gc             ] GC(272) Pause Young (Allocation Failure) 4893M->4893M(5268M) 85.933ms
[33.984s][info][gc,cpu         ] GC(272) User=0.53s Sys=0.00s Real=0.09s
[34.081s][info][gc,start       ] GC(273) Pause Young (Allocation Failure)
[34.204s][info][gc,heap        ] GC(273) PSYoungGen: 206848K(206848K)->82688K(232960K) Eden: 82432K(82432K)->0K(90624K) From: 124416K(124416K)->82688K(142336K)
[34.204s][info][gc,heap        ] GC(273) ParOldGen: 4886542K(5187584K)->5011846K(5187584K)
[34.204s][info][gc,metaspace   ] GC(273) Metaspace: 6303K(6528K)->6303K(6528K) NonClass: 5770K(5888K)->5770K(5888K) Class: 533K(640K)->533K(640K)
[34.204s][info][gc             ] GC(273) Pause Young (Allocation Failure) 4974M->4975M(5293M) 122.892ms
[34.204s][info][gc,cpu         ] GC(273) User=0.78s Sys=0.09s Real=0.12s
[34.303s][info][gc,start       ] GC(274) Pause Young (Allocation Failure)
[34.397s][info][gc,heap        ] GC(274) PSYoungGen: 173312K(232960K)->147456K(238080K) Eden: 90624K(90624K)->0K(90624K) From: 82688K(142336K)->147456K(147456K)
[34.397s][info][gc,heap        ] GC(274) ParOldGen: 5011846K(5187584K)->5037966K(5187584K)
[34.397s][info][gc,metaspace   ] GC(274) Metaspace: 6303K(6528K)->6303K(6528K) NonClass: 5770K(5888K)->5770K(5888K) Class: 533K(640K)->533K(640K)
[34.397s][info][gc             ] GC(274) Pause Young (Allocation Failure) 5063M->5063M(5298M) 94.107ms
[34.397s][info][gc,cpu         ] GC(274) User=0.75s Sys=0.00s Real=0.10s
[34.507s][info][gc,start       ] GC(275) Pause Young (Allocation Failure)
[34.649s][info][gc,heap        ] GC(275) PSYoungGen: 238080K(238080K)->90912K(263168K) Eden: 90624K(90624K)->0K(100352K) From: 147456K(147456K)->90912K(162816K)
[34.649s][info][gc,heap        ] GC(275) ParOldGen: 5037966K(5187584K)->5186462K(5187584K)
[34.649s][info][gc,metaspace   ] GC(275) Metaspace: 6303K(6528K)->6303K(6528K) NonClass: 5770K(5888K)->5770K(5888K) Class: 533K(640K)->533K(640K)
[34.649s][info][gc             ] GC(275) Pause Young (Allocation Failure) 5152M->5153M(5323M) 142.026ms
[34.649s][info][gc,cpu         ] GC(275) User=0.84s Sys=0.17s Real=0.14s
[34.649s][info][gc,start       ] GC(276) Pause Full (Ergonomics)
[34.649s][info][gc,phases,start] GC(276) Marking Phase
[35.847s][info][gc,phases      ] GC(276) Marking Phase 1198.462ms
[35.847s][info][gc,phases,start] GC(276) Summary Phase
[35.848s][info][gc,phases      ] GC(276) Summary Phase 0.108ms
[35.848s][info][gc,phases,start] GC(276) Adjust Roots
[35.848s][info][gc,phases      ] GC(276) Adjust Roots 0.376ms
[35.848s][info][gc,phases,start] GC(276) Compaction Phase
[36.303s][info][gc,phases      ] GC(276) Compaction Phase 454.726ms
[36.303s][info][gc,phases,start] GC(276) Post Compact
[36.310s][info][gc,phases      ] GC(276) Post Compact 7.660ms
[36.312s][info][gc,heap        ] GC(276) PSYoungGen: 90912K(263168K)->85482K(269824K) Eden: 0K(100352K)->0K(107008K) From: 90912K(162816K)->85482K(162816K)
[36.312s][info][gc,heap        ] GC(276) ParOldGen: 5186462K(5187584K)->5187124K(5771264K)
[36.312s][info][gc,metaspace   ] GC(276) Metaspace: 6303K(6528K)->6303K(6528K) NonClass: 5770K(5888K)->5770K(5888K) Class: 533K(640K)->533K(640K)
[36.312s][info][gc             ] GC(276) Pause Full (Ergonomics) 5153M->5149M(5899M) 1663.627ms
[36.312s][info][gc,cpu         ] GC(276) User=12.59s Sys=0.06s Real=1.66s
[36.441s][info][gc,start       ] GC(277) Pause Young (Allocation Failure)
[36.776s][info][gc,heap        ] GC(277) PSYoungGen: 192490K(269824K)->169472K(276480K) Eden: 107008K(107008K)->0K(107008K) From: 85482K(162816K)->169472K(169472K)
[36.776s][info][gc,heap        ] GC(277) ParOldGen: 5187124K(5771264K)->5210716K(5771264K)
[36.776s][info][gc,metaspace   ] GC(277) Metaspace: 6303K(6528K)->6303K(6528K) NonClass: 5770K(5888K)->5770K(5888K) Class: 533K(640K)->533K(640K)
[36.776s][info][gc             ] GC(277) Pause Young (Allocation Failure) 5253M->5254M(5906M) 335.133ms
[36.776s][info][gc,cpu         ] GC(277) User=2.25s Sys=0.00s Real=0.34s
[36.907s][info][gc,start       ] GC(278) Pause Young (Allocation Failure)
[37.081s][info][gc,heap        ] GC(278) PSYoungGen: 276480K(276480K)->107360K(305664K) Eden: 107008K(107008K)->0K(117248K) From: 169472K(169472K)->107360K(188416K)
[37.081s][info][gc,heap        ] GC(278) ParOldGen: 5210716K(5771264K)->5381396K(5771264K)
[37.081s][info][gc,metaspace   ] GC(278) Metaspace: 6303K(6528K)->6303K(6528K) NonClass: 5770K(5888K)->5770K(5888K) Class: 533K(640K)->533K(640K)
[37.081s][info][gc             ] GC(278) Pause Young (Allocation Failure) 5358M->5360M(5934M) 174.414ms
[37.081s][info][gc,cpu         ] GC(278) User=1.16s Sys=0.28s Real=0.17s
[37.220s][info][gc,start       ] GC(279) Pause Young (Allocation Failure)
[37.355s][info][gc,heap        ] GC(279) PSYoungGen: 224608K(305664K)->194048K(311296K) Eden: 117248K(117248K)->0K(117248K) From: 107360K(188416K)->194048K(194048K)
[37.355s][info][gc,heap        ] GC(279) ParOldGen: 5381396K(5771264K)->5412276K(5771264K)
[37.355s][info][gc,metaspace   ] GC(279) Metaspace: 6303K(6528K)->6303K(6528K) NonClass: 5770K(5888K)->5770K(5888K) Class: 533K(640K)->533K(640K)
[37.355s][info][gc             ] GC(279) Pause Young (Allocation Failure) 5474M->5474M(5940M) 134.889ms
[37.355s][info][gc,cpu         ] GC(279) User=0.91s Sys=0.00s Real=0.13s
[37.506s][info][gc,start       ] GC(280) Pause Young (Allocation Failure)
[37.698s][info][gc,heap        ] GC(280) PSYoungGen: 311296K(311296K)->117536K(341504K) Eden: 117248K(117248K)->0K(129024K) From: 194048K(194048K)->117536K(212480K)
[37.698s][info][gc,heap        ] GC(280) ParOldGen: 5412276K(5771264K)->5607684K(5771264K)
[37.698s][info][gc,metaspace   ] GC(280) Metaspace: 6303K(6528K)->6303K(6528K) NonClass: 5770K(5888K)->5770K(5888K) Class: 533K(640K)->533K(640K)
[37.698s][info][gc             ] GC(280) Pause Young (Allocation Failure) 5589M->5591M(5969M) 192.206ms
[37.698s][info][gc,cpu         ] GC(280) User=1.23s Sys=0.16s Real=0.19s
[37.698s][info][gc,start       ] GC(281) Pause Full (Ergonomics)
[37.698s][info][gc,phases,start] GC(281) Marking Phase
[38.997s][info][gc,phases      ] GC(281) Marking Phase 1299.160ms
[38.997s][info][gc,phases,start] GC(281) Summary Phase
[38.998s][info][gc,phases      ] GC(281) Summary Phase 0.164ms
[38.998s][info][gc,phases,start] GC(281) Adjust Roots
[38.998s][info][gc,phases      ] GC(281) Adjust Roots 0.348ms
[38.998s][info][gc,phases,start] GC(281) Compaction Phase
[39.500s][info][gc,phases      ] GC(281) Compaction Phase 501.478ms
[39.500s][info][gc,phases,start] GC(281) Post Compact
[39.508s][info][gc,phases      ] GC(281) Post Compact 8.342ms
[39.510s][info][gc,heap        ] GC(281) PSYoungGen: 117536K(341504K)->0K(350720K) Eden: 0K(129024K)->0K(129024K) From: 117536K(212480K)->0K(221696K)
[39.510s][info][gc,heap        ] GC(281) ParOldGen: 5607684K(5771264K)->5720993K(6416896K)
[39.510s][info][gc,metaspace   ] GC(281) Metaspace: 6303K(6528K)->6303K(6528K) NonClass: 5770K(5888K)->5770K(5888K) Class: 533K(640K)->533K(640K)
[39.510s][info][gc             ] GC(281) Pause Full (Ergonomics) 5591M->5586M(6609M) 1811.962ms
[39.510s][info][gc,cpu         ] GC(281) User=13.69s Sys=0.06s Real=1.81s
[40.741s][info][gc,start       ] GC(282) Pause Young (Allocation Failure)
[40.952s][info][gc,heap        ] GC(282) PSYoungGen: 129024K(350720K)->129376K(351232K) Eden: 129024K(129024K)->0K(139776K) From: 0K(221696K)->129376K(211456K)
[40.952s][info][gc,heap        ] GC(282) ParOldGen: 5983138K(6416896K)->5983138K(6416896K)
[40.952s][info][gc,metaspace   ] GC(282) Metaspace: 6303K(6528K)->6303K(6528K) NonClass: 5770K(5888K)->5770K(5888K) Class: 533K(640K)->533K(640K)
[40.952s][info][gc             ] GC(282) Pause Young (Allocation Failure) 5968M->5969M(6609M) 210.829ms
[40.952s][info][gc,cpu         ] GC(282) User=1.11s Sys=0.00s Real=0.21s
[41.108s][info][gc,start       ] GC(283) Pause Young (Allocation Failure)
[41.252s][info][gc,heap        ] GC(283) PSYoungGen: 269152K(351232K)->217600K(357376K) Eden: 139776K(139776K)->0K(139776K) From: 129376K(211456K)->217600K(217600K)
[41.252s][info][gc,heap        ] GC(283) ParOldGen: 5983138K(6416896K)->6035226K(6416896K)
[41.252s][info][gc,metaspace   ] GC(283) Metaspace: 6303K(6528K)->6303K(6528K) NonClass: 5770K(5888K)->5770K(5888K) Class: 533K(640K)->533K(640K)
[41.252s][info][gc             ] GC(283) Pause Young (Allocation Failure) 6105M->6106M(6615M) 144.209ms
[41.252s][info][gc,cpu         ] GC(283) User=0.55s Sys=0.08s Real=0.14s
[41.398s][info][gc,start       ] GC(284) Pause Young (Allocation Failure)
[41.579s][info][gc,heap        ] GC(284) PSYoungGen: 357376K(357376K)->259648K(381952K) Eden: 139776K(139776K)->0K(117248K) From: 217600K(217600K)->259648K(264704K)
[41.579s][info][gc,heap        ] GC(284) ParOldGen: 6035226K(6416896K)->6134050K(6416896K)
[41.579s][info][gc,metaspace   ] GC(284) Metaspace: 6303K(6528K)->6303K(6528K) NonClass: 5770K(5888K)->5770K(5888K) Class: 533K(640K)->533K(640K)
[41.579s][info][gc             ] GC(284) Pause Young (Allocation Failure) 6242M->6243M(6639M) 180.817ms
[41.579s][info][gc,cpu         ] GC(284) User=1.22s Sys=0.14s Real=0.18s
[41.702s][info][gc,start       ] GC(285) Pause Young (Allocation Failure)
[41.879s][info][gc,heap        ] GC(285) PSYoungGen: 376896K(381952K)->299520K(416768K) Eden: 117248K(117248K)->0K(117248K) From: 259648K(264704K)->299520K(299520K)
[41.880s][info][gc,heap        ] GC(285) ParOldGen: 6134050K(6416896K)->6212066K(6416896K)
[41.880s][info][gc,metaspace   ] GC(285) Metaspace: 6303K(6528K)->6303K(6528K) NonClass: 5770K(5888K)->5770K(5888K) Class: 533K(640K)->533K(640K)
[41.880s][info][gc             ] GC(285) Pause Young (Allocation Failure) 6358M->6358M(6673M) 177.193ms
[41.880s][info][gc,cpu         ] GC(285) User=1.20s Sys=0.00s Real=0.18s
[42.013s][info][gc,start       ] GC(286) Pause Young (Allocation Failure)
[42.241s][info][gc,heap        ] GC(286) PSYoungGen: 416768K(416768K)->202784K(487936K) Eden: 117248K(117248K)->0K(129536K) From: 299520K(299520K)->202784K(358400K)
[42.241s][info][gc,heap        ] GC(286) ParOldGen: 6212066K(6416896K)->6427882K(6428160K)
[42.241s][info][gc,metaspace   ] GC(286) Metaspace: 6303K(6528K)->6303K(6528K) NonClass: 5770K(5888K)->5770K(5888K) Class: 533K(640K)->533K(640K)
[42.241s][info][gc             ] GC(286) Pause Young (Allocation Failure) 6473M->6475M(6754M) 228.510ms
[42.241s][info][gc,cpu         ] GC(286) User=1.06s Sys=0.16s Real=0.23s
[42.241s][info][gc,start       ] GC(287) Pause Full (Ergonomics)
[42.242s][info][gc,phases,start] GC(287) Marking Phase
[43.703s][info][gc,phases      ] GC(287) Marking Phase 1461.054ms
[43.703s][info][gc,phases,start] GC(287) Summary Phase
[43.703s][info][gc,phases      ] GC(287) Summary Phase 0.074ms
[43.703s][info][gc,phases,start] GC(287) Adjust Roots
[43.703s][info][gc,phases      ] GC(287) Adjust Roots 0.256ms
[43.703s][info][gc,phases,start] GC(287) Compaction Phase
[44.748s][info][gc,phases      ] GC(287) Compaction Phase 1045.415ms
[44.748s][info][gc,phases,start] GC(287) Post Compact
[44.759s][info][gc,phases      ] GC(287) Post Compact 10.707ms
[44.762s][info][gc,heap        ] GC(287) PSYoungGen: 202784K(487936K)->66836K(494080K) Eden: 0K(129536K)->0K(135680K) From: 202784K(358400K)->66836K(358400K)
[44.762s][info][gc,heap        ] GC(287) ParOldGen: 6427882K(6428160K)->6428145K(7189504K)
[44.762s][info][gc,metaspace   ] GC(287) Metaspace: 6303K(6528K)->6303K(6528K) NonClass: 5770K(5888K)->5770K(5888K) Class: 533K(640K)->533K(640K)
[44.762s][info][gc             ] GC(287) Pause Full (Ergonomics) 6475M->6342M(7503M) 2520.226ms
[44.762s][info][gc,cpu         ] GC(287) User=17.47s Sys=0.05s Real=2.52s
[44.911s][info][gc,start       ] GC(288) Pause Young (Allocation Failure)
[45.277s][info][gc,heap        ] GC(288) PSYoungGen: 202516K(494080K)->184192K(320000K) Eden: 135680K(135680K)->0K(135680K) From: 66836K(358400K)->184192K(184320K)
[45.277s][info][gc,heap        ] GC(288) ParOldGen: 6428145K(7189504K)->6447177K(7189504K)
[45.277s][info][gc,metaspace   ] GC(288) Metaspace: 6303K(6528K)->6303K(6528K) NonClass: 5770K(5888K)->5770K(5888K) Class: 533K(640K)->533K(640K)
[45.277s][info][gc             ] GC(288) Pause Young (Allocation Failure) 6475M->6475M(7333M) 365.358ms
[45.277s][info][gc,cpu         ] GC(288) User=2.45s Sys=0.00s Real=0.37s
[45.438s][info][gc,start       ] GC(289) Pause Young (Allocation Failure)
[45.605s][info][gc,heap        ] GC(289) PSYoungGen: 319872K(320000K)->320128K(460800K) Eden: 135680K(135680K)->0K(110592K) From: 184192K(184320K)->320128K(350208K)
[45.605s][info][gc,heap        ] GC(289) ParOldGen: 6447177K(7189504K)->6447177K(7189504K)
[45.605s][info][gc,metaspace   ] GC(289) Metaspace: 6303K(6528K)->6303K(6528K) NonClass: 5770K(5888K)->5770K(5888K) Class: 533K(640K)->533K(640K)
[45.605s][info][gc             ] GC(289) Pause Young (Allocation Failure) 6608M->6608M(7471M) 167.120ms
[45.605s][info][gc,cpu         ] GC(289) User=0.92s Sys=0.09s Real=0.17s
[45.726s][info][gc,start       ] GC(290) Pause Young (Allocation Failure)
[45.924s][info][gc,heap        ] GC(290) PSYoungGen: 430720K(460800K)->387584K(498176K) Eden: 110592K(110592K)->0K(110592K) From: 320128K(350208K)->387584K(387584K)
[45.924s][info][gc,heap        ] GC(290) ParOldGen: 6447177K(7189504K)->6490705K(7189504K)
[45.924s][info][gc,metaspace   ] GC(290) Metaspace: 6303K(6528K)->6303K(6528K) NonClass: 5770K(5888K)->5770K(5888K) Class: 533K(640K)->533K(640K)
[45.924s][info][gc             ] GC(290) Pause Young (Allocation Failure) 6716M->6717M(7507M) 197.851ms
[45.924s][info][gc,cpu         ] GC(290) User=1.41s Sys=0.08s Real=0.20s
[46.057s][info][gc,start       ] GC(291) Pause Young (Allocation Failure)
[46.329s][info][gc,heap        ] GC(291) PSYoungGen: 498176K(498176K)->343456K(555520K) Eden: 110592K(110592K)->0K(97280K) From: 387584K(387584K)->343456K(458240K)
[46.329s][info][gc,heap        ] GC(291) ParOldGen: 6490705K(7189504K)->6646857K(7189504K)
[46.329s][info][gc,metaspace   ] GC(291) Metaspace: 6303K(6528K)->6303K(6528K) NonClass: 5770K(5888K)->5770K(5888K) Class: 533K(640K)->533K(640K)
[46.329s][info][gc             ] GC(291) Pause Young (Allocation Failure) 6825M->6826M(7563M) 272.011ms
[46.329s][info][gc,cpu         ] GC(291) User=1.58s Sys=0.06s Real=0.27s
[46.426s][info][gc,start       ] GC(292) Pause Young (Allocation Failure)
[46.645s][info][gc,heap        ] GC(292) PSYoungGen: 440736K(555520K)->309600K(580096K) Eden: 97280K(97280K)->0K(97280K) From: 343456K(458240K)->309600K(482816K)
[46.645s][info][gc,heap        ] GC(292) ParOldGen: 6646857K(7189504K)->6779121K(7189504K)
[46.645s][info][gc,metaspace   ] GC(292) Metaspace: 6303K(6528K)->6303K(6528K) NonClass: 5770K(5888K)->5770K(5888K) Class: 533K(640K)->533K(640K)
[46.645s][info][gc             ] GC(292) Pause Young (Allocation Failure) 6921M->6922M(7587M) 219.299ms
[46.645s][info][gc,cpu         ] GC(292) User=1.67s Sys=0.08s Real=0.22s
[46.749s][info][gc,start       ] GC(293) Pause Young (Allocation Failure)
[46.940s][info][gc,heap        ] GC(293) PSYoungGen: 406880K(580096K)->305920K(595968K) Eden: 97280K(97280K)->0K(107008K) From: 309600K(482816K)->305920K(488960K)
[46.940s][info][gc,heap        ] GC(293) ParOldGen: 6779121K(7189504K)->6881065K(7189504K)
[46.940s][info][gc,metaspace   ] GC(293) Metaspace: 6303K(6528K)->6303K(6528K) NonClass: 5770K(5888K)->5770K(5888K) Class: 533K(640K)->533K(640K)
[46.940s][info][gc             ] GC(293) Pause Young (Allocation Failure) 7017M->7018M(7603M) 190.909ms
[46.940s][info][gc,cpu         ] GC(293) User=1.30s Sys=0.11s Real=0.19s
[47.052s][info][gc,start       ] GC(294) Pause Young (Allocation Failure)
[47.261s][info][gc,heap        ] GC(294) PSYoungGen: 412928K(595968K)->302240K(597504K) Eden: 107008K(107008K)->0K(107008K) From: 305920K(488960K)->302240K(490496K)
[47.261s][info][gc,heap        ] GC(294) ParOldGen: 6881065K(7189504K)->6992657K(7189504K)
[47.261s][info][gc,metaspace   ] GC(294) Metaspace: 6303K(6528K)->6303K(6528K) NonClass: 5770K(5888K)->5770K(5888K) Class: 533K(640K)->533K(640K)
[47.261s][info][gc             ] GC(294) Pause Young (Allocation Failure) 7123M->7123M(7604M) 208.506ms
[47.261s][info][gc,cpu         ] GC(294) User=1.30s Sys=0.03s Real=0.21s
[47.261s][info][gc,start       ] GC(295) Pause Full (Ergonomics)
[47.261s][info][gc,phases,start] GC(295) Marking Phase
[48.897s][info][gc,phases      ] GC(295) Marking Phase 1635.848ms
[48.897s][info][gc,phases,start] GC(295) Summary Phase
[48.897s][info][gc,phases      ] GC(295) Summary Phase 0.082ms
[48.897s][info][gc,phases,start] GC(295) Adjust Roots
[48.897s][info][gc,phases      ] GC(295) Adjust Roots 0.221ms
[48.897s][info][gc,phases,start] GC(295) Compaction Phase
[49.683s][info][gc,phases      ] GC(295) Compaction Phase 785.428ms
[49.683s][info][gc,phases,start] GC(295) Post Compact
[49.695s][info][gc,phases      ] GC(295) Post Compact 11.912ms
[49.696s][info][gc,heap        ] GC(295) PSYoungGen: 302240K(597504K)->99635K(597504K) Eden: 0K(107008K)->0K(107008K) From: 302240K(490496K)->99635K(490496K)
[49.696s][info][gc,heap        ] GC(295) ParOldGen: 6992657K(7189504K)->7189235K(7714304K)
[49.697s][info][gc,metaspace   ] GC(295) Metaspace: 6303K(6528K)->6303K(6528K) NonClass: 5770K(5888K)->5770K(5888K) Class: 533K(640K)->533K(640K)
[49.697s][info][gc             ] GC(295) Pause Full (Ergonomics) 7123M->7118M(8117M) 2435.465ms
[49.697s][info][gc,cpu         ] GC(295) User=17.22s Sys=0.16s Real=2.43s
[49.815s][info][gc,start       ] GC(296) Pause Young (Allocation Failure)
[50.216s][info][gc,heap        ] GC(296) PSYoungGen: 206643K(597504K)->145504K(589312K) Eden: 107008K(107008K)->0K(117760K) From: 99635K(490496K)->145504K(471552K)
[50.216s][info][gc,heap        ] GC(296) ParOldGen: 7189235K(7714304K)->7251347K(7714304K)
[50.216s][info][gc,metaspace   ] GC(296) Metaspace: 6303K(6528K)->6303K(6528K) NonClass: 5770K(5888K)->5770K(5888K) Class: 533K(640K)->533K(640K)
[50.216s][info][gc             ] GC(296) Pause Young (Allocation Failure) 7222M->7223M(8109M) 401.257ms
[50.216s][info][gc,cpu         ] GC(296) User=2.81s Sys=0.02s Real=0.40s
[50.349s][info][gc,start       ] GC(297) Pause Young (Allocation Failure)
[50.497s][info][gc,heap        ] GC(297) PSYoungGen: 263264K(589312K)->225344K(343552K) Eden: 117760K(117760K)->0K(117760K) From: 145504K(471552K)->225344K(225792K)
[50.497s][info][gc,heap        ] GC(297) ParOldGen: 7251347K(7714304K)->7289835K(7714304K)
[50.497s][info][gc,metaspace   ] GC(297) Metaspace: 6303K(6528K)->6303K(6528K) NonClass: 5770K(5888K)->5770K(5888K) Class: 533K(640K)->533K(640K)
[50.497s][info][gc             ] GC(297) Pause Young (Allocation Failure) 7338M->7339M(7869M) 148.202ms
[50.497s][info][gc,cpu         ] GC(297) User=0.83s Sys=0.00s Real=0.15s
[50.627s][info][gc,start       ] GC(298) Pause Young (Allocation Failure)
[50.803s][info][gc,heap        ] GC(298) PSYoungGen: 343104K(343552K)->236128K(545280K) Eden: 117760K(117760K)->0K(130048K) From: 225344K(225792K)->236128K(415232K)
[50.803s][info][gc,heap        ] GC(298) ParOldGen: 7289835K(7714304K)->7397811K(7714304K)
[50.803s][info][gc,metaspace   ] GC(298) Metaspace: 6303K(6528K)->6303K(6528K) NonClass: 5770K(5888K)->5770K(5888K) Class: 533K(640K)->533K(640K)
[50.803s][info][gc             ] GC(298) Pause Young (Allocation Failure) 7454M->7455M(8066M) 175.871ms
[50.803s][info][gc,cpu         ] GC(298) User=1.22s Sys=0.05s Real=0.18s
[50.944s][info][gc,start       ] GC(299) Pause Young (Allocation Failure)
[51.144s][info][gc,heap        ] GC(299) PSYoungGen: 366176K(545280K)->248384K(378880K) Eden: 130048K(130048K)->0K(130048K) From: 236128K(415232K)->248384K(248832K)
[51.144s][info][gc,heap        ] GC(299) ParOldGen: 7397811K(7714304K)->7516635K(7714304K)
[51.144s][info][gc,metaspace   ] GC(299) Metaspace: 6303K(6528K)->6303K(6528K) NonClass: 5770K(5888K)->5770K(5888K) Class: 533K(640K)->533K(640K)
[51.144s][info][gc             ] GC(299) Pause Young (Allocation Failure) 7582M->7583M(7903M) 200.718ms
[51.145s][info][gc,cpu         ] GC(299) User=1.33s Sys=0.03s Real=0.20s
[51.145s][info][gc,start       ] GC(300) Pause Full (Ergonomics)
[51.145s][info][gc,phases,start] GC(300) Marking Phase
[52.925s][info][gc,phases      ] GC(300) Marking Phase 1780.800ms
[52.925s][info][gc,phases,start] GC(300) Summary Phase
[52.926s][info][gc,phases      ] GC(300) Summary Phase 0.086ms
[52.926s][info][gc,phases,start] GC(300) Adjust Roots
[52.926s][info][gc,phases      ] GC(300) Adjust Roots 0.178ms
[52.926s][info][gc,phases,start] GC(300) Compaction Phase
[53.695s][info][gc,phases      ] GC(300) Compaction Phase 768.898ms
[53.695s][info][gc,phases,start] GC(300) Post Compact
[53.706s][info][gc,phases      ] GC(300) Post Compact 11.784ms
[53.707s][info][gc,heap        ] GC(300) PSYoungGen: 248384K(378880K)->47458K(378880K) Eden: 0K(130048K)->0K(130048K) From: 248384K(248832K)->47458K(248832K)
[53.707s][info][gc,heap        ] GC(300) ParOldGen: 7516635K(7714304K)->7713856K(7714304K)
[53.707s][info][gc,metaspace   ] GC(300) Metaspace: 6303K(6528K)->6303K(6528K) NonClass: 5770K(5888K)->5770K(5888K) Class: 533K(640K)->533K(640K)
[53.707s][info][gc             ] GC(300) Pause Full (Ergonomics) 7583M->7579M(7903M) 2562.069ms
[53.707s][info][gc,cpu         ] GC(300) User=18.58s Sys=0.05s Real=2.56s
[53.860s][info][gc,start       ] GC(301) Pause Full (Ergonomics)
[53.860s][info][gc,phases,start] GC(301) Marking Phase
[55.677s][info][gc,phases      ] GC(301) Marking Phase 1817.293ms
[55.677s][info][gc,phases,start] GC(301) Summary Phase
[55.677s][info][gc,phases      ] GC(301) Summary Phase 0.076ms
[55.677s][info][gc,phases,start] GC(301) Adjust Roots
[55.678s][info][gc,phases      ] GC(301) Adjust Roots 0.204ms
[55.678s][info][gc,phases,start] GC(301) Compaction Phase
[56.273s][info][gc,phases      ] GC(301) Compaction Phase 595.682ms
[56.273s][info][gc,phases,start] GC(301) Post Compact
[56.285s][info][gc,phases      ] GC(301) Post Compact 11.727ms
[56.285s][info][gc,heap        ] GC(301) PSYoungGen: 177506K(378880K)->177475K(378880K) Eden: 130048K(130048K)->130016K(130048K) From: 47458K(248832K)->47458K(248832K)
[56.285s][info][gc,heap        ] GC(301) ParOldGen: 7713856K(7714304K)->7713856K(7714304K)
[56.285s][info][gc,metaspace   ] GC(301) Metaspace: 6303K(6528K)->6303K(6528K) NonClass: 5770K(5888K)->5770K(5888K) Class: 533K(640K)->533K(640K)
[56.285s][info][gc             ] GC(301) Pause Full (Ergonomics) 7706M->7706M(7903M) 2425.355ms
[56.285s][info][gc,cpu         ] GC(301) User=18.05s Sys=0.02s Real=2.43s
[56.285s][info][gc,start       ] GC(302) Pause Full (Ergonomics)
[56.285s][info][gc,phases,start] GC(302) Marking Phase
[58.083s][info][gc,phases      ] GC(302) Marking Phase 1797.419ms
[58.083s][info][gc,phases,start] GC(302) Summary Phase
[58.083s][info][gc,phases      ] GC(302) Summary Phase 0.077ms
[58.083s][info][gc,phases,start] GC(302) Adjust Roots
[58.083s][info][gc,phases      ] GC(302) Adjust Roots 0.163ms
[58.083s][info][gc,phases,start] GC(302) Compaction Phase
[58.684s][info][gc,phases      ] GC(302) Compaction Phase 600.438ms
[58.684s][info][gc,phases,start] GC(302) Post Compact
[58.695s][info][gc,phases      ] GC(302) Post Compact 11.594ms
[58.695s][info][gc,heap        ] GC(302) PSYoungGen: 177506K(378880K)->177505K(378880K) Eden: 130048K(130048K)->130047K(130048K) From: 47458K(248832K)->47458K(248832K)
[58.695s][info][gc,heap        ] GC(302) ParOldGen: 7713856K(7714304K)->7713856K(7714304K)
[58.695s][info][gc,metaspace   ] GC(302) Metaspace: 6303K(6528K)->6303K(6528K) NonClass: 5770K(5888K)->5770K(5888K) Class: 533K(640K)->533K(640K)
[58.695s][info][gc             ] GC(302) Pause Full (Ergonomics) 7706M->7706M(7903M) 2410.058ms
[58.695s][info][gc,cpu         ] GC(302) User=18.00s Sys=0.02s Real=2.41s
[58.696s][info][gc,start       ] GC(303) Pause Full (Ergonomics)
[58.696s][info][gc,phases,start] GC(303) Marking Phase
[60.486s][info][gc,phases      ] GC(303) Marking Phase 1790.241ms
[60.486s][info][gc,phases,start] GC(303) Summary Phase
[60.486s][info][gc,phases      ] GC(303) Summary Phase 0.080ms
[60.486s][info][gc,phases,start] GC(303) Adjust Roots
[60.486s][info][gc,phases      ] GC(303) Adjust Roots 0.220ms
[60.486s][info][gc,phases,start] GC(303) Compaction Phase
[61.093s][info][gc,phases      ] GC(303) Compaction Phase 606.521ms
[61.093s][info][gc,phases,start] GC(303) Post Compact
[61.105s][info][gc,phases      ] GC(303) Post Compact 11.627ms
[61.105s][info][gc,heap        ] GC(303) PSYoungGen: 177506K(378880K)->177506K(378880K) Eden: 130047K(130048K)->130047K(130048K) From: 47458K(248832K)->47458K(248832K)
[61.105s][info][gc,heap        ] GC(303) ParOldGen: 7713856K(7714304K)->7713856K(7714304K)
[61.105s][info][gc,metaspace   ] GC(303) Metaspace: 6303K(6528K)->6303K(6528K) NonClass: 5770K(5888K)->5770K(5888K) Class: 533K(640K)->533K(640K)
[61.105s][info][gc             ] GC(303) Pause Full (Ergonomics) 7706M->7706M(7903M) 2409.073ms
[61.105s][info][gc,cpu         ] GC(303) User=17.97s Sys=0.00s Real=2.41s
[61.105s][info][gc,start       ] GC(304) Pause Full (Ergonomics)
[61.105s][info][gc,phases,start] GC(304) Marking Phase
[62.917s][info][gc,phases      ] GC(304) Marking Phase 1812.445ms
[62.918s][info][gc,phases,start] GC(304) Summary Phase
[62.918s][info][gc,phases      ] GC(304) Summary Phase 0.088ms
[62.918s][info][gc,phases,start] GC(304) Adjust Roots
[62.918s][info][gc,phases      ] GC(304) Adjust Roots 0.172ms
[62.918s][info][gc,phases,start] GC(304) Compaction Phase
[63.522s][info][gc,phases      ] GC(304) Compaction Phase 604.078ms
[63.522s][info][gc,phases,start] GC(304) Post Compact
[63.534s][info][gc,phases      ] GC(304) Post Compact 11.823ms
[63.534s][info][gc,heap        ] GC(304) PSYoungGen: 177506K(378880K)->177506K(378880K) Eden: 130048K(130048K)->130048K(130048K) From: 47458K(248832K)->47458K(248832K)
[63.534s][info][gc,heap        ] GC(304) ParOldGen: 7713861K(7714304K)->7713861K(7714304K)
[63.534s][info][gc,metaspace   ] GC(304) Metaspace: 6303K(6528K)->6303K(6528K) NonClass: 5770K(5888K)->5770K(5888K) Class: 533K(640K)->533K(640K)
[63.534s][info][gc             ] GC(304) Pause Full (Ergonomics) 7706M->7706M(7903M) 2428.983ms
[63.534s][info][gc,cpu         ] GC(304) User=18.25s Sys=0.00s Real=2.43s
[63.534s][info][gc,start       ] GC(305) Pause Full (Ergonomics)
[63.534s][info][gc,phases,start] GC(305) Marking Phase
[65.371s][info][gc,phases      ] GC(305) Marking Phase 1836.405ms
[65.371s][info][gc,phases,start] GC(305) Summary Phase
[65.371s][info][gc,phases      ] GC(305) Summary Phase 0.076ms
[65.371s][info][gc,phases,start] GC(305) Adjust Roots
[65.371s][info][gc,phases      ] GC(305) Adjust Roots 0.193ms
[65.371s][info][gc,phases,start] GC(305) Compaction Phase
[65.978s][info][gc,phases      ] GC(305) Compaction Phase 607.522ms
[65.979s][info][gc,phases,start] GC(305) Post Compact
[65.991s][info][gc,phases      ] GC(305) Post Compact 11.956ms
[65.991s][info][gc,heap        ] GC(305) PSYoungGen: 177506K(378880K)->177506K(378880K) Eden: 130048K(130048K)->130048K(130048K) From: 47458K(248832K)->47458K(248832K)
[65.991s][info][gc,heap        ] GC(305) ParOldGen: 7713866K(7714304K)->7713866K(7714304K)
[65.991s][info][gc,metaspace   ] GC(305) Metaspace: 6303K(6528K)->6303K(6528K) NonClass: 5770K(5888K)->5770K(5888K) Class: 533K(640K)->533K(640K)
[65.991s][info][gc             ] GC(305) Pause Full (Ergonomics) 7706M->7706M(7903M) 2456.473ms
[65.991s][info][gc,cpu         ] GC(305) User=18.55s Sys=0.03s Real=2.46s
[65.991s][info][gc,start       ] GC(306) Pause Full (Ergonomics)
[65.991s][info][gc,phases,start] GC(306) Marking Phase
[67.851s][info][gc,phases      ] GC(306) Marking Phase 1860.265ms
[67.851s][info][gc,phases,start] GC(306) Summary Phase
[67.851s][info][gc,phases      ] GC(306) Summary Phase 0.076ms
[67.851s][info][gc,phases,start] GC(306) Adjust Roots
[67.851s][info][gc,phases      ] GC(306) Adjust Roots 0.169ms
[67.851s][info][gc,phases,start] GC(306) Compaction Phase
[68.492s][info][gc,phases      ] GC(306) Compaction Phase 640.098ms
[68.492s][info][gc,phases,start] GC(306) Post Compact
[68.503s][info][gc,phases      ] GC(306) Post Compact 11.807ms
[68.504s][info][gc,heap        ] GC(306) PSYoungGen: 177506K(378880K)->177506K(378880K) Eden: 130048K(130048K)->130048K(130048K) From: 47458K(248832K)->47458K(248832K)
[68.504s][info][gc,heap        ] GC(306) ParOldGen: 7713871K(7714304K)->7713871K(7714304K)
[68.504s][info][gc,metaspace   ] GC(306) Metaspace: 6303K(6528K)->6303K(6528K) NonClass: 5770K(5888K)->5770K(5888K) Class: 533K(640K)->533K(640K)
[68.504s][info][gc             ] GC(306) Pause Full (Ergonomics) 7706M->7706M(7903M) 2512.743ms
[68.504s][info][gc,cpu         ] GC(306) User=18.59s Sys=0.02s Real=2.51s
[68.504s][info][gc,start       ] GC(307) Pause Full (Ergonomics)
[68.504s][info][gc,phases,start] GC(307) Marking Phase
[70.333s][info][gc,phases      ] GC(307) Marking Phase 1828.694ms
[70.333s][info][gc,phases,start] GC(307) Summary Phase
[70.333s][info][gc,phases      ] GC(307) Summary Phase 0.083ms
[70.333s][info][gc,phases,start] GC(307) Adjust Roots
[70.333s][info][gc,phases      ] GC(307) Adjust Roots 0.220ms
[70.333s][info][gc,phases,start] GC(307) Compaction Phase
[70.969s][info][gc,phases      ] GC(307) Compaction Phase 636.039ms
[70.969s][info][gc,phases,start] GC(307) Post Compact
[70.981s][info][gc,phases      ] GC(307) Post Compact 11.704ms
[70.981s][info][gc,heap        ] GC(307) PSYoungGen: 177506K(378880K)->177506K(378880K) Eden: 130048K(130048K)->130048K(130048K) From: 47458K(248832K)->47458K(248832K)
[70.981s][info][gc,heap        ] GC(307) ParOldGen: 7713876K(7714304K)->7713876K(7714304K)
[70.981s][info][gc,metaspace   ] GC(307) Metaspace: 6303K(6528K)->6303K(6528K) NonClass: 5770K(5888K)->5770K(5888K) Class: 533K(640K)->533K(640K)
[70.981s][info][gc             ] GC(307) Pause Full (Ergonomics) 7706M->7706M(7903M) 2477.088ms
[70.981s][info][gc,cpu         ] GC(307) User=18.61s Sys=0.02s Real=2.48s
[70.981s][info][gc,start       ] GC(308) Pause Full (Ergonomics)
[70.981s][info][gc,phases,start] GC(308) Marking Phase
[72.810s][info][gc,phases      ] GC(308) Marking Phase 1829.283ms
[72.811s][info][gc,phases,start] GC(308) Summary Phase
[72.811s][info][gc,phases      ] GC(308) Summary Phase 0.077ms
[72.811s][info][gc,phases,start] GC(308) Adjust Roots
[72.811s][info][gc,phases      ] GC(308) Adjust Roots 0.187ms
[72.811s][info][gc,phases,start] GC(308) Compaction Phase
[73.470s][info][gc,phases      ] GC(308) Compaction Phase 659.282ms
[73.470s][info][gc,phases,start] GC(308) Post Compact
[73.482s][info][gc,phases      ] GC(308) Post Compact 11.709ms
[73.482s][info][gc,heap        ] GC(308) PSYoungGen: 177506K(378880K)->177506K(378880K) Eden: 130048K(130048K)->130048K(130048K) From: 47458K(248832K)->47458K(248832K)
[73.482s][info][gc,heap        ] GC(308) ParOldGen: 7713881K(7714304K)->7713881K(7714304K)
[73.482s][info][gc,metaspace   ] GC(308) Metaspace: 6303K(6528K)->6303K(6528K) NonClass: 5770K(5888K)->5770K(5888K) Class: 533K(640K)->533K(640K)
[73.482s][info][gc             ] GC(308) Pause Full (Ergonomics) 7706M->7706M(7903M) 2500.911ms
[73.482s][info][gc,cpu         ] GC(308) User=18.55s Sys=0.00s Real=2.50s
[73.482s][info][gc,start       ] GC(309) Pause Full (Ergonomics)
[73.482s][info][gc,phases,start] GC(309) Marking Phase
[75.334s][info][gc,phases      ] GC(309) Marking Phase 1851.295ms
[75.334s][info][gc,phases,start] GC(309) Summary Phase
[75.334s][info][gc,phases      ] GC(309) Summary Phase 0.077ms
[75.334s][info][gc,phases,start] GC(309) Adjust Roots
[75.334s][info][gc,phases      ] GC(309) Adjust Roots 0.179ms
[75.334s][info][gc,phases,start] GC(309) Compaction Phase
[75.951s][info][gc,phases      ] GC(309) Compaction Phase 616.551ms
[75.951s][info][gc,phases,start] GC(309) Post Compact
[75.963s][info][gc,phases      ] GC(309) Post Compact 12.033ms
[75.963s][info][gc,heap        ] GC(309) PSYoungGen: 177506K(378880K)->177506K(378880K) Eden: 130048K(130048K)->130048K(130048K) From: 47458K(248832K)->47458K(248832K)
[75.963s][info][gc,heap        ] GC(309) ParOldGen: 7713885K(7714304K)->7713885K(7714304K)
[75.963s][info][gc,metaspace   ] GC(309) Metaspace: 6303K(6528K)->6303K(6528K) NonClass: 5770K(5888K)->5770K(5888K) Class: 533K(640K)->533K(640K)
[75.963s][info][gc             ] GC(309) Pause Full (Ergonomics) 7706M->7706M(7903M) 2480.481ms
[75.963s][info][gc,cpu         ] GC(309) User=18.70s Sys=0.00s Real=2.48s
[75.963s][info][gc,start       ] GC(310) Pause Full (Ergonomics)
[75.963s][info][gc,phases,start] GC(310) Marking Phase
[77.826s][info][gc,phases      ] GC(310) Marking Phase 1863.493ms
[77.827s][info][gc,phases,start] GC(310) Summary Phase
[77.827s][info][gc,phases      ] GC(310) Summary Phase 0.110ms
[77.827s][info][gc,phases,start] GC(310) Adjust Roots
[77.827s][info][gc,phases      ] GC(310) Adjust Roots 0.369ms
[77.827s][info][gc,phases,start] GC(310) Compaction Phase
[78.491s][info][gc,phases      ] GC(310) Compaction Phase 663.691ms
[78.491s][info][gc,phases,start] GC(310) Post Compact
[78.503s][info][gc,phases      ] GC(310) Post Compact 11.697ms
[78.503s][info][gc,heap        ] GC(310) PSYoungGen: 177506K(378880K)->177506K(378880K) Eden: 130048K(130048K)->130048K(130048K) From: 47458K(248832K)->47458K(248832K)
[78.503s][info][gc,heap        ] GC(310) ParOldGen: 7713890K(7714304K)->7713890K(7714304K)
[78.503s][info][gc,metaspace   ] GC(310) Metaspace: 6303K(6528K)->6303K(6528K) NonClass: 5770K(5888K)->5770K(5888K) Class: 533K(640K)->533K(640K)
[78.503s][info][gc             ] GC(310) Pause Full (Ergonomics) 7706M->7706M(7903M) 2539.764ms
[78.503s][info][gc,cpu         ] GC(310) User=19.02s Sys=0.00s Real=2.54s
[78.503s][info][gc,start       ] GC(311) Pause Full (Ergonomics)
[78.503s][info][gc,phases,start] GC(311) Marking Phase
[80.342s][info][gc,phases      ] GC(311) Marking Phase 1838.913ms
[80.342s][info][gc,phases,start] GC(311) Summary Phase
[80.342s][info][gc,phases      ] GC(311) Summary Phase 0.088ms
[80.342s][info][gc,phases,start] GC(311) Adjust Roots
[80.342s][info][gc,phases      ] GC(311) Adjust Roots 0.192ms
[80.342s][info][gc,phases,start] GC(311) Compaction Phase
[81.027s][info][gc,phases      ] GC(311) Compaction Phase 684.691ms
[81.027s][info][gc,phases,start] GC(311) Post Compact
[81.041s][info][gc,phases      ] GC(311) Post Compact 13.742ms
[81.041s][info][gc,heap        ] GC(311) PSYoungGen: 177506K(378880K)->177506K(378880K) Eden: 130048K(130048K)->130048K(130048K) From: 47458K(248832K)->47458K(248832K)
[81.041s][info][gc,heap        ] GC(311) ParOldGen: 7713895K(7714304K)->7713895K(7714304K)
[81.041s][info][gc,metaspace   ] GC(311) Metaspace: 6303K(6528K)->6303K(6528K) NonClass: 5770K(5888K)->5770K(5888K) Class: 533K(640K)->533K(640K)
[81.041s][info][gc             ] GC(311) Pause Full (Ergonomics) 7706M->7706M(7903M) 2538.032ms
[81.041s][info][gc,cpu         ] GC(311) User=18.77s Sys=0.00s Real=2.54s
[81.041s][info][gc,start       ] GC(312) Pause Full (Ergonomics)
[81.041s][info][gc,phases,start] GC(312) Marking Phase
[82.928s][info][gc,phases      ] GC(312) Marking Phase 1886.747ms
[82.928s][info][gc,phases,start] GC(312) Summary Phase
[82.928s][info][gc,phases      ] GC(312) Summary Phase 0.088ms
[82.928s][info][gc,phases,start] GC(312) Adjust Roots
[82.928s][info][gc,phases      ] GC(312) Adjust Roots 0.221ms
[82.928s][info][gc,phases,start] GC(312) Compaction Phase
[83.594s][info][gc,phases      ] GC(312) Compaction Phase 665.384ms
[83.594s][info][gc,phases,start] GC(312) Post Compact
[83.608s][info][gc,phases      ] GC(312) Post Compact 14.018ms
[83.608s][info][gc,heap        ] GC(312) PSYoungGen: 177506K(378880K)->177506K(378880K) Eden: 130048K(130048K)->130048K(130048K) From: 47458K(248832K)->47458K(248832K)
[83.608s][info][gc,heap        ] GC(312) ParOldGen: 7713900K(7714304K)->7713900K(7714304K)
[83.608s][info][gc,metaspace   ] GC(312) Metaspace: 6303K(6528K)->6303K(6528K) NonClass: 5770K(5888K)->5770K(5888K) Class: 533K(640K)->533K(640K)
[83.608s][info][gc             ] GC(312) Pause Full (Ergonomics) 7706M->7706M(7903M) 2566.907ms
[83.608s][info][gc,cpu         ] GC(312) User=18.83s Sys=0.00s Real=2.57s
[83.608s][info][gc,start       ] GC(313) Pause Full (Ergonomics)
[83.608s][info][gc,phases,start] GC(313) Marking Phase
[85.513s][info][gc,phases      ] GC(313) Marking Phase 1904.157ms
[85.513s][info][gc,phases,start] GC(313) Summary Phase
[85.513s][info][gc,phases      ] GC(313) Summary Phase 0.080ms
[85.513s][info][gc,phases,start] GC(313) Adjust Roots
[85.513s][info][gc,phases      ] GC(313) Adjust Roots 0.253ms
[85.513s][info][gc,phases,start] GC(313) Compaction Phase
[86.186s][info][gc,phases      ] GC(313) Compaction Phase 672.912ms
[86.186s][info][gc,phases,start] GC(313) Post Compact
[86.200s][info][gc,phases      ] GC(313) Post Compact 13.867ms
[86.200s][info][gc,heap        ] GC(313) PSYoungGen: 177506K(378880K)->177506K(378880K) Eden: 130048K(130048K)->130048K(130048K) From: 47458K(248832K)->47458K(248832K)
[86.200s][info][gc,heap        ] GC(313) ParOldGen: 7713905K(7714304K)->7713905K(7714304K)
[86.200s][info][gc,metaspace   ] GC(313) Metaspace: 6303K(6528K)->6303K(6528K) NonClass: 5770K(5888K)->5770K(5888K) Class: 533K(640K)->533K(640K)
[86.200s][info][gc             ] GC(313) Pause Full (Ergonomics) 7706M->7706M(7903M) 2591.732ms
[86.200s][info][gc,cpu         ] GC(313) User=19.38s Sys=0.02s Real=2.59s
[86.200s][info][gc,start       ] GC(314) Pause Full (Ergonomics)
[86.200s][info][gc,phases,start] GC(314) Marking Phase
[88.099s][info][gc,phases      ] GC(314) Marking Phase 1898.197ms
[88.099s][info][gc,phases,start] GC(314) Summary Phase
[88.099s][info][gc,phases      ] GC(314) Summary Phase 0.079ms
[88.099s][info][gc,phases,start] GC(314) Adjust Roots
[88.099s][info][gc,phases      ] GC(314) Adjust Roots 0.184ms
[88.099s][info][gc,phases,start] GC(314) Compaction Phase
[88.732s][info][gc,phases      ] GC(314) Compaction Phase 632.482ms
[88.732s][info][gc,phases,start] GC(314) Post Compact
[88.744s][info][gc,phases      ] GC(314) Post Compact 12.495ms
[88.744s][info][gc,heap        ] GC(314) PSYoungGen: 177506K(378880K)->177506K(378880K) Eden: 130048K(130048K)->130048K(130048K) From: 47458K(248832K)->47458K(248832K)
[88.744s][info][gc,heap        ] GC(314) ParOldGen: 7713910K(7714304K)->7713910K(7714304K)
[88.744s][info][gc,metaspace   ] GC(314) Metaspace: 6303K(6528K)->6303K(6528K) NonClass: 5770K(5888K)->5770K(5888K) Class: 533K(640K)->533K(640K)
[88.744s][info][gc             ] GC(314) Pause Full (Ergonomics) 7706M->7706M(7903M) 2543.823ms
[88.744s][info][gc,cpu         ] GC(314) User=19.34s Sys=0.00s Real=2.54s
[88.744s][info][gc,start       ] GC(315) Pause Full (Ergonomics)
[88.744s][info][gc,phases,start] GC(315) Marking Phase
[90.679s][info][gc,phases      ] GC(315) Marking Phase 1934.484ms
[90.679s][info][gc,phases,start] GC(315) Summary Phase
[90.679s][info][gc,phases      ] GC(315) Summary Phase 0.119ms
[90.679s][info][gc,phases,start] GC(315) Adjust Roots
[90.679s][info][gc,phases      ] GC(315) Adjust Roots 0.276ms
[90.679s][info][gc,phases,start] GC(315) Compaction Phase
[91.367s][info][gc,phases      ] GC(315) Compaction Phase 687.322ms
[91.367s][info][gc,phases,start] GC(315) Post Compact
[91.379s][info][gc,phases      ] GC(315) Post Compact 12.075ms
[91.379s][info][gc,heap        ] GC(315) PSYoungGen: 177506K(378880K)->177506K(378880K) Eden: 130048K(130048K)->130048K(130048K) From: 47458K(248832K)->47458K(248832K)
[91.379s][info][gc,heap        ] GC(315) ParOldGen: 7713914K(7714304K)->7713914K(7714304K)
[91.379s][info][gc,metaspace   ] GC(315) Metaspace: 6303K(6528K)->6303K(6528K) NonClass: 5770K(5888K)->5770K(5888K) Class: 533K(640K)->533K(640K)
[91.379s][info][gc             ] GC(315) Pause Full (Ergonomics) 7706M->7706M(7903M) 2634.633ms
[91.379s][info][gc,cpu         ] GC(315) User=19.44s Sys=0.00s Real=2.63s
[91.379s][info][gc,start       ] GC(316) Pause Full (Ergonomics)
[91.379s][info][gc,phases,start] GC(316) Marking Phase
[93.297s][info][gc,phases      ] GC(316) Marking Phase 1917.426ms
[93.297s][info][gc,phases,start] GC(316) Summary Phase
[93.297s][info][gc,phases      ] GC(316) Summary Phase 0.083ms
[93.297s][info][gc,phases,start] GC(316) Adjust Roots
[93.297s][info][gc,phases      ] GC(316) Adjust Roots 0.200ms
[93.297s][info][gc,phases,start] GC(316) Compaction Phase
[93.940s][info][gc,phases      ] GC(316) Compaction Phase 642.512ms
[93.940s][info][gc,phases,start] GC(316) Post Compact
[93.951s][info][gc,phases      ] GC(316) Post Compact 11.724ms
[93.952s][info][gc,heap        ] GC(316) PSYoungGen: 177506K(378880K)->177506K(378880K) Eden: 130048K(130048K)->130048K(130048K) From: 47458K(248832K)->47458K(248832K)
[93.952s][info][gc,heap        ] GC(316) ParOldGen: 7713919K(7714304K)->7713919K(7714304K)
[93.952s][info][gc,metaspace   ] GC(316) Metaspace: 6303K(6528K)->6303K(6528K) NonClass: 5770K(5888K)->5770K(5888K) Class: 533K(640K)->533K(640K)
[93.952s][info][gc             ] GC(316) Pause Full (Ergonomics) 7706M->7706M(7903M) 2572.292ms
[93.952s][info][gc,cpu         ] GC(316) User=19.53s Sys=0.00s Real=2.57s
[93.952s][info][gc,start       ] GC(317) Pause Full (Ergonomics)
[93.952s][info][gc,phases,start] GC(317) Marking Phase
[95.877s][info][gc,phases      ] GC(317) Marking Phase 1925.498ms
[95.877s][info][gc,phases,start] GC(317) Summary Phase
[95.878s][info][gc,phases      ] GC(317) Summary Phase 0.197ms
[95.878s][info][gc,phases,start] GC(317) Adjust Roots
[95.878s][info][gc,phases      ] GC(317) Adjust Roots 0.331ms
[95.878s][info][gc,phases,start] GC(317) Compaction Phase
[96.536s][info][gc,phases      ] GC(317) Compaction Phase 658.149ms
[96.536s][info][gc,phases,start] GC(317) Post Compact
[96.548s][info][gc,phases      ] GC(317) Post Compact 11.646ms
[96.548s][info][gc,heap        ] GC(317) PSYoungGen: 177506K(378880K)->177506K(378880K) Eden: 130048K(130048K)->130048K(130048K) From: 47458K(248832K)->47458K(248832K)
[96.548s][info][gc,heap        ] GC(317) ParOldGen: 7713924K(7714304K)->7713924K(7714304K)
[96.548s][info][gc,metaspace   ] GC(317) Metaspace: 6303K(6528K)->6303K(6528K) NonClass: 5770K(5888K)->5770K(5888K) Class: 533K(640K)->533K(640K)
[96.548s][info][gc             ] GC(317) Pause Full (Ergonomics) 7706M->7706M(7903M) 2596.274ms
[96.548s][info][gc,cpu         ] GC(317) User=19.59s Sys=0.00s Real=2.60s
[96.548s][info][gc,start       ] GC(318) Pause Full (Ergonomics)
[96.548s][info][gc,phases,start] GC(318) Marking Phase
[98.465s][info][gc,phases      ] GC(318) Marking Phase 1916.918ms
[98.465s][info][gc,phases,start] GC(318) Summary Phase
[98.465s][info][gc,phases      ] GC(318) Summary Phase 0.104ms
[98.466s][info][gc,phases,start] GC(318) Adjust Roots
[98.466s][info][gc,phases      ] GC(318) Adjust Roots 0.249ms
[98.466s][info][gc,phases,start] GC(318) Compaction Phase
[99.121s][info][gc,phases      ] GC(318) Compaction Phase 654.932ms
[99.121s][info][gc,phases,start] GC(318) Post Compact
[99.133s][info][gc,phases      ] GC(318) Post Compact 11.703ms
[99.133s][info][gc,heap        ] GC(318) PSYoungGen: 177506K(378880K)->177506K(378880K) Eden: 130048K(130048K)->130048K(130048K) From: 47458K(248832K)->47458K(248832K)
[99.133s][info][gc,heap        ] GC(318) ParOldGen: 7713929K(7714304K)->7713929K(7714304K)
[99.133s][info][gc,metaspace   ] GC(318) Metaspace: 6303K(6528K)->6303K(6528K) NonClass: 5770K(5888K)->5770K(5888K) Class: 533K(640K)->533K(640K)
[99.133s][info][gc             ] GC(318) Pause Full (Ergonomics) 7706M->7706M(7903M) 2584.279ms
[99.133s][info][gc,cpu         ] GC(318) User=19.42s Sys=0.00s Real=2.58s
[99.133s][info][gc,start       ] GC(319) Pause Full (Ergonomics)
[99.133s][info][gc,phases,start] GC(319) Marking Phase
[101.063s][info][gc,phases      ] GC(319) Marking Phase 1929.695ms
[101.063s][info][gc,phases,start] GC(319) Summary Phase
[101.063s][info][gc,phases      ] GC(319) Summary Phase 0.082ms
[101.063s][info][gc,phases,start] GC(319) Adjust Roots
[101.063s][info][gc,phases      ] GC(319) Adjust Roots 0.221ms
[101.063s][info][gc,phases,start] GC(319) Compaction Phase
[101.719s][info][gc,phases      ] GC(319) Compaction Phase 655.729ms
[101.719s][info][gc,phases,start] GC(319) Post Compact
[101.731s][info][gc,phases      ] GC(319) Post Compact 12.268ms
[101.731s][info][gc,heap        ] GC(319) PSYoungGen: 177506K(378880K)->177506K(378880K) Eden: 130048K(130048K)->130048K(130048K) From: 47458K(248832K)->47458K(248832K)
[101.731s][info][gc,heap        ] GC(319) ParOldGen: 7713934K(7714304K)->7713934K(7714304K)
[101.731s][info][gc,metaspace   ] GC(319) Metaspace: 6303K(6528K)->6303K(6528K) NonClass: 5770K(5888K)->5770K(5888K) Class: 533K(640K)->533K(640K)
[101.731s][info][gc             ] GC(319) Pause Full (Ergonomics) 7706M->7706M(7903M) 2598.354ms
[101.731s][info][gc,cpu         ] GC(319) User=19.58s Sys=0.00s Real=2.60s
[101.731s][info][gc,start       ] GC(320) Pause Full (Ergonomics)
[101.731s][info][gc,phases,start] GC(320) Marking Phase
[103.713s][info][gc,phases      ] GC(320) Marking Phase 1981.199ms
[103.713s][info][gc,phases,start] GC(320) Summary Phase
[103.713s][info][gc,phases      ] GC(320) Summary Phase 0.079ms
[103.713s][info][gc,phases,start] GC(320) Adjust Roots
[103.713s][info][gc,phases      ] GC(320) Adjust Roots 0.177ms
[103.713s][info][gc,phases,start] GC(320) Compaction Phase
[104.375s][info][gc,phases      ] GC(320) Compaction Phase 662.008ms
[104.375s][info][gc,phases,start] GC(320) Post Compact
[104.387s][info][gc,phases      ] GC(320) Post Compact 12.034ms
[104.387s][info][gc,heap        ] GC(320) PSYoungGen: 177506K(378880K)->177506K(378880K) Eden: 130048K(130048K)->130048K(130048K) From: 47458K(248832K)->47458K(248832K)
[104.387s][info][gc,heap        ] GC(320) ParOldGen: 7713939K(7714304K)->7713939K(7714304K)
[104.387s][info][gc,metaspace   ] GC(320) Metaspace: 6303K(6528K)->6303K(6528K) NonClass: 5770K(5888K)->5770K(5888K) Class: 533K(640K)->533K(640K)
[104.387s][info][gc             ] GC(320) Pause Full (Ergonomics) 7706M->7706M(7903M) 2655.857ms
[104.387s][info][gc,cpu         ] GC(320) User=20.02s Sys=0.00s Real=2.66s
[104.388s][info][gc,start       ] GC(321) Pause Full (Ergonomics)
[104.388s][info][gc,phases,start] GC(321) Marking Phase
[106.335s][info][gc,phases      ] GC(321) Marking Phase 1947.466ms
[106.335s][info][gc,phases,start] GC(321) Summary Phase
[106.335s][info][gc,phases      ] GC(321) Summary Phase 0.080ms
[106.335s][info][gc,phases,start] GC(321) Adjust Roots
[106.335s][info][gc,phases      ] GC(321) Adjust Roots 0.170ms
[106.335s][info][gc,phases,start] GC(321) Compaction Phase
[106.988s][info][gc,phases      ] GC(321) Compaction Phase 652.861ms
[106.988s][info][gc,phases,start] GC(321) Post Compact
[107.000s][info][gc,phases      ] GC(321) Post Compact 11.740ms
[107.000s][info][gc,heap        ] GC(321) PSYoungGen: 177506K(378880K)->177506K(378880K) Eden: 130048K(130048K)->130048K(130048K) From: 47458K(248832K)->47458K(248832K)
[107.000s][info][gc,heap        ] GC(321) ParOldGen: 7713943K(7714304K)->7713943K(7714304K)
[107.000s][info][gc,metaspace   ] GC(321) Metaspace: 6303K(6528K)->6303K(6528K) NonClass: 5770K(5888K)->5770K(5888K) Class: 533K(640K)->533K(640K)
[107.000s][info][gc             ] GC(321) Pause Full (Ergonomics) 7706M->7706M(7903M) 2612.681ms
[107.000s][info][gc,cpu         ] GC(321) User=19.59s Sys=0.03s Real=2.61s
[107.000s][info][gc,start       ] GC(322) Pause Full (Ergonomics)
[107.000s][info][gc,phases,start] GC(322) Marking Phase
[108.917s][info][gc,phases      ] GC(322) Marking Phase 1916.298ms
[108.917s][info][gc,phases,start] GC(322) Summary Phase
[108.917s][info][gc,phases      ] GC(322) Summary Phase 0.090ms
[108.917s][info][gc,phases,start] GC(322) Adjust Roots
[108.917s][info][gc,phases      ] GC(322) Adjust Roots 0.175ms
[108.917s][info][gc,phases,start] GC(322) Compaction Phase
[109.558s][info][gc,phases      ] GC(322) Compaction Phase 640.686ms
[109.558s][info][gc,phases,start] GC(322) Post Compact
[109.570s][info][gc,phases      ] GC(322) Post Compact 11.675ms
[109.570s][info][gc,heap        ] GC(322) PSYoungGen: 177506K(378880K)->177506K(378880K) Eden: 130048K(130048K)->130048K(130048K) From: 47458K(248832K)->47458K(248832K)
[109.570s][info][gc,heap        ] GC(322) ParOldGen: 7713948K(7714304K)->7713948K(7714304K)
[109.570s][info][gc,metaspace   ] GC(322) Metaspace: 6303K(6528K)->6303K(6528K) NonClass: 5770K(5888K)->5770K(5888K) Class: 533K(640K)->533K(640K)
[109.570s][info][gc             ] GC(322) Pause Full (Ergonomics) 7706M->7706M(7903M) 2569.245ms
[109.570s][info][gc,cpu         ] GC(322) User=19.42s Sys=0.00s Real=2.57s
[109.570s][info][gc,start       ] GC(323) Pause Full (Ergonomics)
[109.570s][info][gc,phases,start] GC(323) Marking Phase
[111.519s][info][gc,phases      ] GC(323) Marking Phase 1949.282ms
[111.519s][info][gc,phases,start] GC(323) Summary Phase
[111.519s][info][gc,phases      ] GC(323) Summary Phase 0.076ms
[111.519s][info][gc,phases,start] GC(323) Adjust Roots
[111.520s][info][gc,phases      ] GC(323) Adjust Roots 0.190ms
[111.520s][info][gc,phases,start] GC(323) Compaction Phase
[112.166s][info][gc,phases      ] GC(323) Compaction Phase 646.088ms
[112.166s][info][gc,phases,start] GC(323) Post Compact
[112.178s][info][gc,phases      ] GC(323) Post Compact 11.793ms
[112.178s][info][gc,heap        ] GC(323) PSYoungGen: 177506K(378880K)->177506K(378880K) Eden: 130048K(130048K)->130048K(130048K) From: 47458K(248832K)->47458K(248832K)
[112.178s][info][gc,heap        ] GC(323) ParOldGen: 7713953K(7714304K)->7713953K(7714304K)
[112.178s][info][gc,metaspace   ] GC(323) Metaspace: 6303K(6528K)->6303K(6528K) NonClass: 5770K(5888K)->5770K(5888K) Class: 533K(640K)->533K(640K)
[112.178s][info][gc             ] GC(323) Pause Full (Ergonomics) 7706M->7706M(7903M) 2607.796ms
[112.178s][info][gc,cpu         ] GC(323) User=19.67s Sys=0.00s Real=2.61s
[112.178s][info][gc,start       ] GC(324) Pause Full (Ergonomics)
[112.178s][info][gc,phases,start] GC(324) Marking Phase
[114.117s][info][gc,phases      ] GC(324) Marking Phase 1938.580ms
[114.117s][info][gc,phases,start] GC(324) Summary Phase
[114.117s][info][gc,phases      ] GC(324) Summary Phase 0.083ms
[114.117s][info][gc,phases,start] GC(324) Adjust Roots
[114.117s][info][gc,phases      ] GC(324) Adjust Roots 0.200ms
[114.117s][info][gc,phases,start] GC(324) Compaction Phase
[114.764s][info][gc,phases      ] GC(324) Compaction Phase 646.829ms
[114.764s][info][gc,phases,start] GC(324) Post Compact
[114.776s][info][gc,phases      ] GC(324) Post Compact 11.755ms
[114.776s][info][gc,heap        ] GC(324) PSYoungGen: 177506K(378880K)->177506K(378880K) Eden: 130048K(130048K)->130048K(130048K) From: 47458K(248832K)->47458K(248832K)
[114.776s][info][gc,heap        ] GC(324) ParOldGen: 7713958K(7714304K)->7713958K(7714304K)
[114.776s][info][gc,metaspace   ] GC(324) Metaspace: 6303K(6528K)->6303K(6528K) NonClass: 5770K(5888K)->5770K(5888K) Class: 533K(640K)->533K(640K)
[114.776s][info][gc             ] GC(324) Pause Full (Ergonomics) 7706M->7706M(7903M) 2597.807ms
[114.776s][info][gc,cpu         ] GC(324) User=19.47s Sys=0.00s Real=2.60s
[114.776s][info][gc,start       ] GC(325) Pause Full (Ergonomics)
[114.776s][info][gc,phases,start] GC(325) Marking Phase
[116.704s][info][gc,phases      ] GC(325) Marking Phase 1928.070ms
[116.704s][info][gc,phases,start] GC(325) Summary Phase
[116.704s][info][gc,phases      ] GC(325) Summary Phase 0.076ms
[116.704s][info][gc,phases,start] GC(325) Adjust Roots
[116.704s][info][gc,phases      ] GC(325) Adjust Roots 0.170ms
[116.704s][info][gc,phases,start] GC(325) Compaction Phase
[117.371s][info][gc,phases      ] GC(325) Compaction Phase 666.406ms
[117.371s][info][gc,phases,start] GC(325) Post Compact
[117.383s][info][gc,phases      ] GC(325) Post Compact 11.608ms
[117.383s][info][gc,heap        ] GC(325) PSYoungGen: 177506K(378880K)->177506K(378880K) Eden: 130048K(130048K)->130048K(130048K) From: 47458K(248832K)->47458K(248832K)
[117.383s][info][gc,heap        ] GC(325) ParOldGen: 7713963K(7714304K)->7713963K(7714304K)
[117.383s][info][gc,metaspace   ] GC(325) Metaspace: 6303K(6528K)->6303K(6528K) NonClass: 5770K(5888K)->5770K(5888K) Class: 533K(640K)->533K(640K)
[117.383s][info][gc             ] GC(325) Pause Full (Ergonomics) 7706M->7706M(7903M) 2606.669ms
[117.383s][info][gc,cpu         ] GC(325) User=19.47s Sys=0.02s Real=2.61s
[117.383s][info][gc,start       ] GC(326) Pause Full (Ergonomics)
[117.383s][info][gc,phases,start] GC(326) Marking Phase
[119.307s][info][gc,phases      ] GC(326) Marking Phase 1924.518ms
[119.308s][info][gc,phases,start] GC(326) Summary Phase
[119.308s][info][gc,phases      ] GC(326) Summary Phase 0.083ms
[119.308s][info][gc,phases,start] GC(326) Adjust Roots
[119.308s][info][gc,phases      ] GC(326) Adjust Roots 0.262ms
[119.308s][info][gc,phases,start] GC(326) Compaction Phase
[119.996s][info][gc,phases      ] GC(326) Compaction Phase 688.076ms
[119.996s][info][gc,phases,start] GC(326) Post Compact
[120.008s][info][gc,phases      ] GC(326) Post Compact 12.067ms
[120.008s][info][gc,heap        ] GC(326) PSYoungGen: 177506K(378880K)->177506K(378880K) Eden: 130048K(130048K)->130048K(130048K) From: 47458K(248832K)->47458K(248832K)
[120.008s][info][gc,heap        ] GC(326) ParOldGen: 7713968K(7714304K)->7713968K(7714304K)
[120.008s][info][gc,metaspace   ] GC(326) Metaspace: 6303K(6528K)->6303K(6528K) NonClass: 5770K(5888K)->5770K(5888K) Class: 533K(640K)->533K(640K)
[120.008s][info][gc             ] GC(326) Pause Full (Ergonomics) 7706M->7706M(7903M) 2625.393ms
[120.008s][info][gc,cpu         ] GC(326) User=19.42s Sys=0.00s Real=2.62s
[120.009s][info][gc,start       ] GC(327) Pause Full (Ergonomics)
[120.009s][info][gc,phases,start] GC(327) Marking Phase
[121.928s][info][gc,phases      ] GC(327) Marking Phase 1919.318ms
[121.928s][info][gc,phases,start] GC(327) Summary Phase
[121.928s][info][gc,phases      ] GC(327) Summary Phase 0.084ms
[121.928s][info][gc,phases,start] GC(327) Adjust Roots
[121.928s][info][gc,phases      ] GC(327) Adjust Roots 0.230ms
[121.928s][info][gc,phases,start] GC(327) Compaction Phase
[122.611s][info][gc,phases      ] GC(327) Compaction Phase 682.824ms
[122.611s][info][gc,phases,start] GC(327) Post Compact
[122.623s][info][gc,phases      ] GC(327) Post Compact 11.775ms
[122.623s][info][gc,heap        ] GC(327) PSYoungGen: 177506K(378880K)->177506K(378880K) Eden: 130048K(130048K)->130048K(130048K) From: 47458K(248832K)->47458K(248832K)
[122.623s][info][gc,heap        ] GC(327) ParOldGen: 7713972K(7714304K)->7713972K(7714304K)
[122.623s][info][gc,metaspace   ] GC(327) Metaspace: 6303K(6528K)->6303K(6528K) NonClass: 5770K(5888K)->5770K(5888K) Class: 533K(640K)->533K(640K)
[122.623s][info][gc             ] GC(327) Pause Full (Ergonomics) 7706M->7706M(7903M) 2614.586ms
[122.623s][info][gc,cpu         ] GC(327) User=19.25s Sys=0.00s Real=2.62s
[122.623s][info][gc,start       ] GC(328) Pause Full (Ergonomics)
[122.623s][info][gc,phases,start] GC(328) Marking Phase
[124.548s][info][gc,phases      ] GC(328) Marking Phase 1924.925ms
[124.548s][info][gc,phases,start] GC(328) Summary Phase
[124.548s][info][gc,phases      ] GC(328) Summary Phase 0.076ms
[124.548s][info][gc,phases,start] GC(328) Adjust Roots
[124.549s][info][gc,phases      ] GC(328) Adjust Roots 0.173ms
[124.549s][info][gc,phases,start] GC(328) Compaction Phase
[125.221s][info][gc,phases      ] GC(328) Compaction Phase 672.419ms
[125.221s][info][gc,phases,start] GC(328) Post Compact
[125.233s][info][gc,phases      ] GC(328) Post Compact 11.711ms
[125.233s][info][gc,heap        ] GC(328) PSYoungGen: 177506K(378880K)->177506K(378880K) Eden: 130048K(130048K)->130048K(130048K) From: 47458K(248832K)->47458K(248832K)
[125.233s][info][gc,heap        ] GC(328) ParOldGen: 7713977K(7714304K)->7713977K(7714304K)
[125.233s][info][gc,metaspace   ] GC(328) Metaspace: 6303K(6528K)->6303K(6528K) NonClass: 5770K(5888K)->5770K(5888K) Class: 533K(640K)->533K(640K)
[125.233s][info][gc             ] GC(328) Pause Full (Ergonomics) 7706M->7706M(7903M) 2609.636ms
[125.233s][info][gc,cpu         ] GC(328) User=19.47s Sys=0.00s Real=2.61s
[125.233s][info][gc,start       ] GC(329) Pause Full (Ergonomics)
[125.233s][info][gc,phases,start] GC(329) Marking Phase
[127.182s][info][gc,phases      ] GC(329) Marking Phase 1948.973ms
[127.182s][info][gc,phases,start] GC(329) Summary Phase
[127.182s][info][gc,phases      ] GC(329) Summary Phase 0.122ms
[127.182s][info][gc,phases,start] GC(329) Adjust Roots
[127.183s][info][gc,phases      ] GC(329) Adjust Roots 0.289ms
[127.183s][info][gc,phases,start] GC(329) Compaction Phase
[127.873s][info][gc,phases      ] GC(329) Compaction Phase 690.371ms
[127.873s][info][gc,phases,start] GC(329) Post Compact
[127.885s][info][gc,phases      ] GC(329) Post Compact 11.752ms
[127.885s][info][gc,heap        ] GC(329) PSYoungGen: 177506K(378880K)->177506K(378880K) Eden: 130048K(130048K)->130048K(130048K) From: 47458K(248832K)->47458K(248832K)
[127.885s][info][gc,heap        ] GC(329) ParOldGen: 7713982K(7714304K)->7713982K(7714304K)
[127.885s][info][gc,metaspace   ] GC(329) Metaspace: 6303K(6528K)->6303K(6528K) NonClass: 5770K(5888K)->5770K(5888K) Class: 533K(640K)->533K(640K)
[127.885s][info][gc             ] GC(329) Pause Full (Ergonomics) 7706M->7706M(7903M) 2651.887ms
[127.885s][info][gc,cpu         ] GC(329) User=19.66s Sys=0.02s Real=2.65s
[127.885s][info][gc,start       ] GC(330) Pause Full (Ergonomics)
[127.885s][info][gc,phases,start] GC(330) Marking Phase
[129.825s][info][gc,phases      ] GC(330) Marking Phase 1940.037ms
[129.825s][info][gc,phases,start] GC(330) Summary Phase
[129.826s][info][gc,phases      ] GC(330) Summary Phase 0.081ms
[129.826s][info][gc,phases,start] GC(330) Adjust Roots
[129.826s][info][gc,phases      ] GC(330) Adjust Roots 0.203ms
[129.826s][info][gc,phases,start] GC(330) Compaction Phase
[130.487s][info][gc,phases      ] GC(330) Compaction Phase 661.057ms
[130.487s][info][gc,phases,start] GC(330) Post Compact
[130.499s][info][gc,phases      ] GC(330) Post Compact 11.788ms
[130.499s][info][gc,heap        ] GC(330) PSYoungGen: 177506K(378880K)->177506K(378880K) Eden: 130048K(130048K)->130048K(130048K) From: 47458K(248832K)->47458K(248832K)
[130.499s][info][gc,heap        ] GC(330) ParOldGen: 7713987K(7714304K)->7713987K(7714304K)
[130.499s][info][gc,metaspace   ] GC(330) Metaspace: 6303K(6528K)->6303K(6528K) NonClass: 5770K(5888K)->5770K(5888K) Class: 533K(640K)->533K(640K)
[130.499s][info][gc             ] GC(330) Pause Full (Ergonomics) 7706M->7706M(7903M) 2613.556ms
[130.499s][info][gc,cpu         ] GC(330) User=19.48s Sys=0.02s Real=2.61s
[130.499s][info][gc,start       ] GC(331) Pause Full (Ergonomics)
[130.499s][info][gc,phases,start] GC(331) Marking Phase
[132.409s][info][gc,phases      ] GC(331) Marking Phase 1910.059ms
[132.409s][info][gc,phases,start] GC(331) Summary Phase
[132.409s][info][gc,phases      ] GC(331) Summary Phase 0.080ms
[132.409s][info][gc,phases,start] GC(331) Adjust Roots
[132.409s][info][gc,phases      ] GC(331) Adjust Roots 0.179ms
[132.410s][info][gc,phases,start] GC(331) Compaction Phase
[133.046s][info][gc,phases      ] GC(331) Compaction Phase 636.034ms
[133.046s][info][gc,phases,start] GC(331) Post Compact
[133.057s][info][gc,phases      ] GC(331) Post Compact 11.773ms
[133.057s][info][gc,heap        ] GC(331) PSYoungGen: 177506K(378880K)->177506K(378880K) Eden: 130048K(130048K)->130048K(130048K) From: 47458K(248832K)->47458K(248832K)
[133.057s][info][gc,heap        ] GC(331) ParOldGen: 7713992K(7714304K)->7713992K(7714304K)
[133.058s][info][gc,metaspace   ] GC(331) Metaspace: 6303K(6528K)->6303K(6528K) NonClass: 5770K(5888K)->5770K(5888K) Class: 533K(640K)->533K(640K)
[133.058s][info][gc             ] GC(331) Pause Full (Ergonomics) 7706M->7706M(7903M) 2558.447ms
[133.058s][info][gc,cpu         ] GC(331) User=19.30s Sys=0.00s Real=2.56s
[133.058s][info][gc,start       ] GC(332) Pause Full (Ergonomics)
[133.058s][info][gc,phases,start] GC(332) Marking Phase
[134.955s][info][gc,phases      ] GC(332) Marking Phase 1897.153ms
[134.955s][info][gc,phases,start] GC(332) Summary Phase
[134.955s][info][gc,phases      ] GC(332) Summary Phase 0.076ms
[134.955s][info][gc,phases,start] GC(332) Adjust Roots
[134.955s][info][gc,phases      ] GC(332) Adjust Roots 0.170ms
[134.955s][info][gc,phases,start] GC(332) Compaction Phase
[135.578s][info][gc,phases      ] GC(332) Compaction Phase 622.227ms
[135.578s][info][gc,phases,start] GC(332) Post Compact
[135.589s][info][gc,phases      ] GC(332) Post Compact 11.781ms
[135.589s][info][gc,heap        ] GC(332) PSYoungGen: 177506K(378880K)->177506K(378880K) Eden: 130048K(130048K)->130048K(130048K) From: 47458K(248832K)->47458K(248832K)
[135.589s][info][gc,heap        ] GC(332) ParOldGen: 7713997K(7714304K)->7713997K(7714304K)
[135.589s][info][gc,metaspace   ] GC(332) Metaspace: 6303K(6528K)->6303K(6528K) NonClass: 5770K(5888K)->5770K(5888K) Class: 533K(640K)->533K(640K)
[135.589s][info][gc             ] GC(332) Pause Full (Ergonomics) 7706M->7706M(7903M) 2531.738ms
[135.590s][info][gc,cpu         ] GC(332) User=19.44s Sys=0.00s Real=2.53s
[135.590s][info][gc,start       ] GC(333) Pause Full (Ergonomics)
[135.590s][info][gc,phases,start] GC(333) Marking Phase
[137.477s][info][gc,phases      ] GC(333) Marking Phase 1887.583ms
[137.477s][info][gc,phases,start] GC(333) Summary Phase
[137.477s][info][gc,phases      ] GC(333) Summary Phase 0.076ms
[137.478s][info][gc,phases,start] GC(333) Adjust Roots
[137.478s][info][gc,phases      ] GC(333) Adjust Roots 0.244ms
[137.478s][info][gc,phases,start] GC(333) Compaction Phase
[138.111s][info][gc,phases      ] GC(333) Compaction Phase 633.147ms
[138.111s][info][gc,phases,start] GC(333) Post Compact
[138.123s][info][gc,phases      ] GC(333) Post Compact 11.680ms
[138.123s][info][gc,heap        ] GC(333) PSYoungGen: 177506K(378880K)->177506K(378880K) Eden: 130048K(130048K)->130048K(130048K) From: 47458K(248832K)->47458K(248832K)
[138.123s][info][gc,heap        ] GC(333) ParOldGen: 7714001K(7714304K)->7714001K(7714304K)
[138.123s][info][gc,metaspace   ] GC(333) Metaspace: 6303K(6528K)->6303K(6528K) NonClass: 5770K(5888K)->5770K(5888K) Class: 533K(640K)->533K(640K)
[138.123s][info][gc             ] GC(333) Pause Full (Ergonomics) 7706M->7706M(7903M) 2533.069ms
[138.123s][info][gc,cpu         ] GC(333) User=19.00s Sys=0.00s Real=2.53s
[138.123s][info][gc,start       ] GC(334) Pause Full (Ergonomics)
[138.123s][info][gc,phases,start] GC(334) Marking Phase
[139.980s][info][gc,phases      ] GC(334) Marking Phase 1857.216ms
[139.980s][info][gc,phases,start] GC(334) Summary Phase
[139.981s][info][gc,phases      ] GC(334) Summary Phase 0.076ms
[139.981s][info][gc,phases,start] GC(334) Adjust Roots
[139.981s][info][gc,phases      ] GC(334) Adjust Roots 0.168ms
[139.981s][info][gc,phases,start] GC(334) Compaction Phase
[140.613s][info][gc,phases      ] GC(334) Compaction Phase 632.096ms
[140.613s][info][gc,phases,start] GC(334) Post Compact
[140.625s][info][gc,phases      ] GC(334) Post Compact 11.755ms
[140.625s][info][gc,heap        ] GC(334) PSYoungGen: 177506K(378880K)->177506K(378880K) Eden: 130048K(130048K)->130048K(130048K) From: 47458K(248832K)->47458K(248832K)
[140.625s][info][gc,heap        ] GC(334) ParOldGen: 7714006K(7714304K)->7714006K(7714304K)
[140.625s][info][gc,metaspace   ] GC(334) Metaspace: 6303K(6528K)->6303K(6528K) NonClass: 5770K(5888K)->5770K(5888K) Class: 533K(640K)->533K(640K)
[140.625s][info][gc             ] GC(334) Pause Full (Ergonomics) 7706M->7706M(7903M) 2501.650ms
[140.625s][info][gc,cpu         ] GC(334) User=18.97s Sys=0.00s Real=2.50s
[140.625s][info][gc,start       ] GC(335) Pause Full (Ergonomics)
[140.625s][info][gc,phases,start] GC(335) Marking Phase
[142.530s][info][gc,phases      ] GC(335) Marking Phase 1904.667ms
[142.530s][info][gc,phases,start] GC(335) Summary Phase
[142.530s][info][gc,phases      ] GC(335) Summary Phase 0.111ms
[142.530s][info][gc,phases,start] GC(335) Adjust Roots
[142.530s][info][gc,phases      ] GC(335) Adjust Roots 0.178ms
[142.530s][info][gc,phases,start] GC(335) Compaction Phase
[143.167s][info][gc,phases      ] GC(335) Compaction Phase 636.696ms
[143.167s][info][gc,phases,start] GC(335) Post Compact
[143.179s][info][gc,phases      ] GC(335) Post Compact 11.834ms
[143.179s][info][gc,heap        ] GC(335) PSYoungGen: 177506K(378880K)->177506K(378880K) Eden: 130048K(130048K)->130048K(130048K) From: 47458K(248832K)->47458K(248832K)
[143.179s][info][gc,heap        ] GC(335) ParOldGen: 7714011K(7714304K)->7714011K(7714304K)
[143.179s][info][gc,metaspace   ] GC(335) Metaspace: 6303K(6528K)->6303K(6528K) NonClass: 5770K(5888K)->5770K(5888K) Class: 533K(640K)->533K(640K)
[143.179s][info][gc             ] GC(335) Pause Full (Ergonomics) 7706M->7706M(7903M) 2553.845ms
[143.179s][info][gc,cpu         ] GC(335) User=19.20s Sys=0.03s Real=2.55s
[143.179s][info][gc,start       ] GC(336) Pause Full (Ergonomics)
[143.179s][info][gc,phases,start] GC(336) Marking Phase
[145.047s][info][gc,phases      ] GC(336) Marking Phase 1868.043ms
[145.047s][info][gc,phases,start] GC(336) Summary Phase
[145.047s][info][gc,phases      ] GC(336) Summary Phase 0.107ms
[145.047s][info][gc,phases,start] GC(336) Adjust Roots
[145.048s][info][gc,phases      ] GC(336) Adjust Roots 0.223ms
[145.048s][info][gc,phases,start] GC(336) Compaction Phase
[145.692s][info][gc,phases      ] GC(336) Compaction Phase 644.306ms
[145.692s][info][gc,phases,start] GC(336) Post Compact
[145.704s][info][gc,phases      ] GC(336) Post Compact 11.695ms
[145.704s][info][gc,heap        ] GC(336) PSYoungGen: 177506K(378880K)->177506K(378880K) Eden: 130048K(130048K)->130048K(130048K) From: 47458K(248832K)->47458K(248832K)
[145.704s][info][gc,heap        ] GC(336) ParOldGen: 7714016K(7714304K)->7714016K(7714304K)
[145.704s][info][gc,metaspace   ] GC(336) Metaspace: 6303K(6528K)->6303K(6528K) NonClass: 5770K(5888K)->5770K(5888K) Class: 533K(640K)->533K(640K)
[145.704s][info][gc             ] GC(336) Pause Full (Ergonomics) 7706M->7706M(7903M) 2524.720ms
[145.704s][info][gc,cpu         ] GC(336) User=18.70s Sys=0.00s Real=2.52s
[145.704s][info][gc,start       ] GC(337) Pause Full (Ergonomics)
[145.704s][info][gc,phases,start] GC(337) Marking Phase
[147.587s][info][gc,phases      ] GC(337) Marking Phase 1882.386ms
[147.587s][info][gc,phases,start] GC(337) Summary Phase
[147.587s][info][gc,phases      ] GC(337) Summary Phase 0.125ms
[147.587s][info][gc,phases,start] GC(337) Adjust Roots
[147.587s][info][gc,phases      ] GC(337) Adjust Roots 0.191ms
[147.587s][info][gc,phases,start] GC(337) Compaction Phase
[148.239s][info][gc,phases      ] GC(337) Compaction Phase 651.991ms
[148.239s][info][gc,phases,start] GC(337) Post Compact
[148.251s][info][gc,phases      ] GC(337) Post Compact 11.640ms
[148.251s][info][gc,heap        ] GC(337) PSYoungGen: 177506K(378880K)->177506K(378880K) Eden: 130048K(130048K)->130048K(130048K) From: 47458K(248832K)->47458K(248832K)
[148.251s][info][gc,heap        ] GC(337) ParOldGen: 7714021K(7714304K)->7714021K(7714304K)
[148.251s][info][gc,metaspace   ] GC(337) Metaspace: 6303K(6528K)->6303K(6528K) NonClass: 5770K(5888K)->5770K(5888K) Class: 533K(640K)->533K(640K)
[148.251s][info][gc             ] GC(337) Pause Full (Ergonomics) 7706M->7706M(7903M) 2546.681ms
[148.251s][info][gc,cpu         ] GC(337) User=18.72s Sys=0.00s Real=2.55s
[148.251s][info][gc,start       ] GC(338) Pause Full (Ergonomics)
[148.251s][info][gc,phases,start] GC(338) Marking Phase
[150.142s][info][gc,phases      ] GC(338) Marking Phase 1891.104ms
[150.142s][info][gc,phases,start] GC(338) Summary Phase
[150.142s][info][gc,phases      ] GC(338) Summary Phase 0.115ms
[150.142s][info][gc,phases,start] GC(338) Adjust Roots
[150.143s][info][gc,phases      ] GC(338) Adjust Roots 0.208ms
[150.143s][info][gc,phases,start] GC(338) Compaction Phase
[150.779s][info][gc,phases      ] GC(338) Compaction Phase 635.990ms
[150.779s][info][gc,phases,start] GC(338) Post Compact
[150.790s][info][gc,phases      ] GC(338) Post Compact 11.611ms
[150.790s][info][gc,heap        ] GC(338) PSYoungGen: 177506K(378880K)->177506K(378880K) Eden: 130048K(130048K)->130048K(130048K) From: 47458K(248832K)->47458K(248832K)
[150.790s][info][gc,heap        ] GC(338) ParOldGen: 7714026K(7714304K)->7714026K(7714304K)
[150.790s][info][gc,metaspace   ] GC(338) Metaspace: 6303K(6528K)->6303K(6528K) NonClass: 5770K(5888K)->5770K(5888K) Class: 533K(640K)->533K(640K)
[150.790s][info][gc             ] GC(338) Pause Full (Ergonomics) 7706M->7706M(7903M) 2539.372ms
[150.790s][info][gc,cpu         ] GC(338) User=19.16s Sys=0.00s Real=2.54s
[150.791s][info][gc,start       ] GC(339) Pause Full (Ergonomics)
[150.791s][info][gc,phases,start] GC(339) Marking Phase
[152.664s][info][gc,phases      ] GC(339) Marking Phase 1873.766ms
[152.664s][info][gc,phases,start] GC(339) Summary Phase
[152.665s][info][gc,phases      ] GC(339) Summary Phase 0.089ms
[152.665s][info][gc,phases,start] GC(339) Adjust Roots
[152.665s][info][gc,phases      ] GC(339) Adjust Roots 0.204ms
[152.665s][info][gc,phases,start] GC(339) Compaction Phase
[153.265s][info][gc,phases      ] GC(339) Compaction Phase 600.276ms
[153.265s][info][gc,phases,start] GC(339) Post Compact
[153.277s][info][gc,phases      ] GC(339) Post Compact 11.821ms
[153.277s][info][gc,heap        ] GC(339) PSYoungGen: 177506K(378880K)->177506K(378880K) Eden: 130048K(130048K)->130048K(130048K) From: 47458K(248832K)->47458K(248832K)
[153.277s][info][gc,heap        ] GC(339) ParOldGen: 7714030K(7714304K)->7714030K(7714304K)
[153.277s][info][gc,metaspace   ] GC(339) Metaspace: 6303K(6528K)->6303K(6528K) NonClass: 5770K(5888K)->5770K(5888K) Class: 533K(640K)->533K(640K)
[153.277s][info][gc             ] GC(339) Pause Full (Ergonomics) 7706M->7706M(7903M) 2486.545ms
[153.277s][info][gc,cpu         ] GC(339) User=18.91s Sys=0.02s Real=2.49s
[153.277s][info][gc,start       ] GC(340) Pause Full (Ergonomics)
[153.277s][info][gc,phases,start] GC(340) Marking Phase
[155.142s][info][gc,phases      ] GC(340) Marking Phase 1864.934ms
[155.142s][info][gc,phases,start] GC(340) Summary Phase
[155.142s][info][gc,phases      ] GC(340) Summary Phase 0.080ms
[155.142s][info][gc,phases,start] GC(340) Adjust Roots
[155.143s][info][gc,phases      ] GC(340) Adjust Roots 0.179ms
[155.143s][info][gc,phases,start] GC(340) Compaction Phase
[155.838s][info][gc,phases      ] GC(340) Compaction Phase 695.420ms
[155.838s][info][gc,phases,start] GC(340) Post Compact
[155.850s][info][gc,phases      ] GC(340) Post Compact 12.181ms
[155.850s][info][gc,heap        ] GC(340) PSYoungGen: 177506K(378880K)->177506K(378880K) Eden: 130048K(130048K)->130048K(130048K) From: 47458K(248832K)->47458K(248832K)
[155.850s][info][gc,heap        ] GC(340) ParOldGen: 7714035K(7714304K)->7714035K(7714304K)
[155.850s][info][gc,metaspace   ] GC(340) Metaspace: 6303K(6528K)->6303K(6528K) NonClass: 5770K(5888K)->5770K(5888K) Class: 533K(640K)->533K(640K)
[155.850s][info][gc             ] GC(340) Pause Full (Ergonomics) 7706M->7706M(7903M) 2573.141ms
[155.851s][info][gc,cpu         ] GC(340) User=18.91s Sys=0.00s Real=2.57s
[155.851s][info][gc,start       ] GC(341) Pause Full (Ergonomics)
[155.851s][info][gc,phases,start] GC(341) Marking Phase
[157.747s][info][gc,phases      ] GC(341) Marking Phase 1895.951ms
[157.747s][info][gc,phases,start] GC(341) Summary Phase
[157.747s][info][gc,phases      ] GC(341) Summary Phase 0.104ms
[157.747s][info][gc,phases,start] GC(341) Adjust Roots
[157.747s][info][gc,phases      ] GC(341) Adjust Roots 0.267ms
[157.747s][info][gc,phases,start] GC(341) Compaction Phase
[158.397s][info][gc,phases      ] GC(341) Compaction Phase 649.835ms
[158.397s][info][gc,phases,start] GC(341) Post Compact
[158.409s][info][gc,phases      ] GC(341) Post Compact 11.627ms
[158.409s][info][gc,heap        ] GC(341) PSYoungGen: 177506K(378880K)->177506K(378880K) Eden: 130048K(130048K)->130048K(130048K) From: 47458K(248832K)->47458K(248832K)
[158.409s][info][gc,heap        ] GC(341) ParOldGen: 7714040K(7714304K)->7714040K(7714304K)
[158.409s][info][gc,metaspace   ] GC(341) Metaspace: 6303K(6528K)->6303K(6528K) NonClass: 5770K(5888K)->5770K(5888K) Class: 533K(640K)->533K(640K)
[158.409s][info][gc             ] GC(341) Pause Full (Ergonomics) 7706M->7706M(7903M) 2558.142ms
[158.409s][info][gc,cpu         ] GC(341) User=18.97s Sys=0.00s Real=2.56s
[158.409s][info][gc,start       ] GC(342) Pause Full (Ergonomics)
[158.409s][info][gc,phases,start] GC(342) Marking Phase
[160.248s][info][gc,phases      ] GC(342) Marking Phase 1839.182ms
[160.248s][info][gc,phases,start] GC(342) Summary Phase
[160.248s][info][gc,phases      ] GC(342) Summary Phase 0.076ms
[160.248s][info][gc,phases,start] GC(342) Adjust Roots
[160.249s][info][gc,phases      ] GC(342) Adjust Roots 0.167ms
[160.249s][info][gc,phases,start] GC(342) Compaction Phase
[160.923s][info][gc,phases      ] GC(342) Compaction Phase 674.072ms
[160.923s][info][gc,phases,start] GC(342) Post Compact
[160.934s][info][gc,phases      ] GC(342) Post Compact 11.495ms
[160.934s][info][gc,heap        ] GC(342) PSYoungGen: 177506K(378880K)->177506K(378880K) Eden: 130048K(130048K)->130048K(130048K) From: 47458K(248832K)->47458K(248832K)
[160.934s][info][gc,heap        ] GC(342) ParOldGen: 7714045K(7714304K)->7714045K(7714304K)
[160.934s][info][gc,metaspace   ] GC(342) Metaspace: 6303K(6528K)->6303K(6528K) NonClass: 5770K(5888K)->5770K(5888K) Class: 533K(640K)->533K(640K)
[160.934s][info][gc             ] GC(342) Pause Full (Ergonomics) 7706M->7706M(7903M) 2525.333ms
[160.934s][info][gc,cpu         ] GC(342) User=18.75s Sys=0.00s Real=2.52s
[160.935s][info][gc,start       ] GC(343) Pause Full (Ergonomics)
[160.935s][info][gc,phases,start] GC(343) Marking Phase
[162.785s][info][gc,phases      ] GC(343) Marking Phase 1850.067ms
[162.785s][info][gc,phases,start] GC(343) Summary Phase
[162.785s][info][gc,phases      ] GC(343) Summary Phase 0.076ms
[162.785s][info][gc,phases,start] GC(343) Adjust Roots
[162.785s][info][gc,phases      ] GC(343) Adjust Roots 0.170ms
[162.785s][info][gc,phases,start] GC(343) Compaction Phase
[163.389s][info][gc,phases      ] GC(343) Compaction Phase 604.173ms
[163.389s][info][gc,phases,start] GC(343) Post Compact
[163.401s][info][gc,phases      ] GC(343) Post Compact 11.829ms
[163.401s][info][gc,heap        ] GC(343) PSYoungGen: 177506K(378880K)->177506K(378880K) Eden: 130048K(130048K)->130048K(130048K) From: 47458K(248832K)->47458K(248832K)
[163.401s][info][gc,heap        ] GC(343) ParOldGen: 7714050K(7714304K)->7714050K(7714304K)
[163.401s][info][gc,metaspace   ] GC(343) Metaspace: 6303K(6528K)->6303K(6528K) NonClass: 5770K(5888K)->5770K(5888K) Class: 533K(640K)->533K(640K)
[163.401s][info][gc             ] GC(343) Pause Full (Ergonomics) 7706M->7706M(7903M) 2466.676ms
[163.401s][info][gc,cpu         ] GC(343) User=18.83s Sys=0.00s Real=2.47s
[163.401s][info][gc,start       ] GC(344) Pause Full (Ergonomics)
[163.402s][info][gc,phases,start] GC(344) Marking Phase
[165.225s][info][gc,phases      ] GC(344) Marking Phase 1823.229ms
[165.225s][info][gc,phases,start] GC(344) Summary Phase
[165.225s][info][gc,phases      ] GC(344) Summary Phase 0.077ms
[165.225s][info][gc,phases,start] GC(344) Adjust Roots
[165.225s][info][gc,phases      ] GC(344) Adjust Roots 0.191ms
[165.225s][info][gc,phases,start] GC(344) Compaction Phase
[165.862s][info][gc,phases      ] GC(344) Compaction Phase 636.958ms
[165.862s][info][gc,phases,start] GC(344) Post Compact
[165.874s][info][gc,phases      ] GC(344) Post Compact 11.734ms
[165.874s][info][gc,heap        ] GC(344) PSYoungGen: 177506K(378880K)->177506K(378880K) Eden: 130048K(130048K)->130048K(130048K) From: 47458K(248832K)->47458K(248832K)
[165.874s][info][gc,heap        ] GC(344) ParOldGen: 7714055K(7714304K)->7714055K(7714304K)
[165.874s][info][gc,metaspace   ] GC(344) Metaspace: 6303K(6528K)->6303K(6528K) NonClass: 5770K(5888K)->5770K(5888K) Class: 533K(640K)->533K(640K)
[165.874s][info][gc             ] GC(344) Pause Full (Ergonomics) 7706M->7706M(7903M) 2472.525ms
[165.874s][info][gc,cpu         ] GC(344) User=18.33s Sys=0.00s Real=2.47s
[165.874s][info][gc,start       ] GC(345) Pause Full (Ergonomics)
[165.874s][info][gc,phases,start] GC(345) Marking Phase
[167.733s][info][gc,phases      ] GC(345) Marking Phase 1858.597ms
[167.733s][info][gc,phases,start] GC(345) Summary Phase
[167.733s][info][gc,phases      ] GC(345) Summary Phase 0.076ms
[167.733s][info][gc,phases,start] GC(345) Adjust Roots
[167.733s][info][gc,phases      ] GC(345) Adjust Roots 0.167ms
[167.733s][info][gc,phases,start] GC(345) Compaction Phase
[168.348s][info][gc,phases      ] GC(345) Compaction Phase 614.847ms
[168.348s][info][gc,phases,start] GC(345) Post Compact
[168.360s][info][gc,phases      ] GC(345) Post Compact 11.736ms
[168.360s][info][gc,heap        ] GC(345) PSYoungGen: 177506K(378880K)->177506K(378880K) Eden: 130048K(130048K)->130048K(130048K) From: 47458K(248832K)->47458K(248832K)
[168.360s][info][gc,heap        ] GC(345) ParOldGen: 7714059K(7714304K)->7714059K(7714304K)
[168.360s][info][gc,metaspace   ] GC(345) Metaspace: 6303K(6528K)->6303K(6528K) NonClass: 5770K(5888K)->5770K(5888K) Class: 533K(640K)->533K(640K)
[168.360s][info][gc             ] GC(345) Pause Full (Ergonomics) 7706M->7706M(7903M) 2485.764ms
[168.360s][info][gc,cpu         ] GC(345) User=18.72s Sys=0.00s Real=2.49s
[168.360s][info][gc,start       ] GC(346) Pause Full (Ergonomics)
[168.360s][info][gc,phases,start] GC(346) Marking Phase
[170.194s][info][gc,phases      ] GC(346) Marking Phase 1834.093ms
[170.194s][info][gc,phases,start] GC(346) Summary Phase
[170.194s][info][gc,phases      ] GC(346) Summary Phase 0.079ms
[170.194s][info][gc,phases,start] GC(346) Adjust Roots
[170.195s][info][gc,phases      ] GC(346) Adjust Roots 0.173ms
[170.195s][info][gc,phases,start] GC(346) Compaction Phase
[170.799s][info][gc,phases      ] GC(346) Compaction Phase 604.139ms
[170.799s][info][gc,phases,start] GC(346) Post Compact
[170.811s][info][gc,phases      ] GC(346) Post Compact 11.725ms
[170.811s][info][gc,heap        ] GC(346) PSYoungGen: 177506K(378880K)->177506K(378880K) Eden: 130048K(130048K)->130048K(130048K) From: 47458K(248832K)->47458K(248832K)
[170.811s][info][gc,heap        ] GC(346) ParOldGen: 7714064K(7714304K)->7714064K(7714304K)
[170.811s][info][gc,metaspace   ] GC(346) Metaspace: 6303K(6528K)->6303K(6528K) NonClass: 5770K(5888K)->5770K(5888K) Class: 533K(640K)->533K(640K)
[170.811s][info][gc             ] GC(346) Pause Full (Ergonomics) 7706M->7706M(7903M) 2450.541ms
[170.811s][info][gc,cpu         ] GC(346) User=18.52s Sys=0.00s Real=2.45s
[170.811s][info][gc,start       ] GC(347) Pause Full (Ergonomics)
[170.811s][info][gc,phases,start] GC(347) Marking Phase
[172.633s][info][gc,phases      ] GC(347) Marking Phase 1822.109ms
[172.633s][info][gc,phases,start] GC(347) Summary Phase
[172.633s][info][gc,phases      ] GC(347) Summary Phase 0.076ms
[172.633s][info][gc,phases,start] GC(347) Adjust Roots
[172.633s][info][gc,phases      ] GC(347) Adjust Roots 0.189ms
[172.633s][info][gc,phases,start] GC(347) Compaction Phase
[173.289s][info][gc,phases      ] GC(347) Compaction Phase 655.189ms
[173.289s][info][gc,phases,start] GC(347) Post Compact
[173.301s][info][gc,phases      ] GC(347) Post Compact 11.802ms
[173.301s][info][gc,heap        ] GC(347) PSYoungGen: 177506K(378880K)->177506K(378880K) Eden: 130048K(130048K)->130048K(130048K) From: 47458K(248832K)->47458K(248832K)
[173.301s][info][gc,heap        ] GC(347) ParOldGen: 7714069K(7714304K)->7714069K(7714304K)
[173.301s][info][gc,metaspace   ] GC(347) Metaspace: 6303K(6528K)->6303K(6528K) NonClass: 5770K(5888K)->5770K(5888K) Class: 533K(640K)->533K(640K)
[173.301s][info][gc             ] GC(347) Pause Full (Ergonomics) 7706M->7706M(7903M) 2489.717ms
[173.301s][info][gc,cpu         ] GC(347) User=18.31s Sys=0.00s Real=2.49s
[173.301s][info][gc,start       ] GC(348) Pause Full (Ergonomics)
[173.301s][info][gc,phases,start] GC(348) Marking Phase
[175.126s][info][gc,phases      ] GC(348) Marking Phase 1824.971ms
[175.126s][info][gc,phases,start] GC(348) Summary Phase
[175.126s][info][gc,phases      ] GC(348) Summary Phase 0.104ms
[175.126s][info][gc,phases,start] GC(348) Adjust Roots
[175.126s][info][gc,phases      ] GC(348) Adjust Roots 0.263ms
[175.126s][info][gc,phases,start] GC(348) Compaction Phase
[175.742s][info][gc,phases      ] GC(348) Compaction Phase 615.591ms
[175.742s][info][gc,phases,start] GC(348) Post Compact
[175.754s][info][gc,phases      ] GC(348) Post Compact 11.699ms
[175.754s][info][gc,heap        ] GC(348) PSYoungGen: 177506K(378880K)->177506K(378880K) Eden: 130048K(130048K)->130048K(130048K) From: 47458K(248832K)->47458K(248832K)
[175.754s][info][gc,heap        ] GC(348) ParOldGen: 7714074K(7714304K)->7714074K(7714304K)
[175.754s][info][gc,metaspace   ] GC(348) Metaspace: 6303K(6528K)->6303K(6528K) NonClass: 5770K(5888K)->5770K(5888K) Class: 533K(640K)->533K(640K)
[175.754s][info][gc             ] GC(348) Pause Full (Ergonomics) 7706M->7706M(7903M) 2453.002ms
[175.754s][info][gc,cpu         ] GC(348) User=18.22s Sys=0.02s Real=2.45s
[175.754s][info][gc,start       ] GC(349) Pause Full (Ergonomics)
[175.754s][info][gc,phases,start] GC(349) Marking Phase
[177.591s][info][gc,phases      ] GC(349) Marking Phase 1836.773ms
[177.591s][info][gc,phases,start] GC(349) Summary Phase
[177.591s][info][gc,phases      ] GC(349) Summary Phase 0.081ms
[177.591s][info][gc,phases,start] GC(349) Adjust Roots
[177.591s][info][gc,phases      ] GC(349) Adjust Roots 0.179ms
[177.591s][info][gc,phases,start] GC(349) Compaction Phase
[178.201s][info][gc,phases      ] GC(349) Compaction Phase 609.240ms
[178.201s][info][gc,phases,start] GC(349) Post Compact
[178.212s][info][gc,phases      ] GC(349) Post Compact 11.707ms
[178.212s][info][gc,heap        ] GC(349) PSYoungGen: 177506K(378880K)->177506K(378880K) Eden: 130048K(130048K)->130048K(130048K) From: 47458K(248832K)->47458K(248832K)
[178.212s][info][gc,heap        ] GC(349) ParOldGen: 7714079K(7714304K)->7714079K(7714304K)
[178.212s][info][gc,metaspace   ] GC(349) Metaspace: 6303K(6528K)->6303K(6528K) NonClass: 5770K(5888K)->5770K(5888K) Class: 533K(640K)->533K(640K)
[178.212s][info][gc             ] GC(349) Pause Full (Ergonomics) 7706M->7706M(7903M) 2458.305ms
[178.212s][info][gc,cpu         ] GC(349) User=18.38s Sys=0.02s Real=2.46s
[178.213s][info][gc,start       ] GC(350) Pause Full (Ergonomics)
[178.213s][info][gc,phases,start] GC(350) Marking Phase
[180.008s][info][gc,phases      ] GC(350) Marking Phase 1795.087ms
[180.008s][info][gc,phases,start] GC(350) Summary Phase
[180.008s][info][gc,phases      ] GC(350) Summary Phase 0.089ms
[180.008s][info][gc,phases,start] GC(350) Adjust Roots
[180.008s][info][gc,phases      ] GC(350) Adjust Roots 0.172ms
[180.008s][info][gc,phases,start] GC(350) Compaction Phase
[180.633s][info][gc,phases      ] GC(350) Compaction Phase 625.219ms
[180.633s][info][gc,phases,start] GC(350) Post Compact
[180.645s][info][gc,phases      ] GC(350) Post Compact 11.517ms
[180.645s][info][gc,heap        ] GC(350) PSYoungGen: 177506K(378880K)->177506K(378880K) Eden: 130048K(130048K)->130048K(130048K) From: 47458K(248832K)->47458K(248832K)
[180.645s][info][gc,heap        ] GC(350) ParOldGen: 7714084K(7714304K)->7714084K(7714304K)
[180.645s][info][gc,metaspace   ] GC(350) Metaspace: 6303K(6528K)->6303K(6528K) NonClass: 5770K(5888K)->5770K(5888K) Class: 533K(640K)->533K(640K)
[180.645s][info][gc             ] GC(350) Pause Full (Ergonomics) 7706M->7706M(7903M) 2432.421ms
[180.645s][info][gc,cpu         ] GC(350) User=17.94s Sys=0.02s Real=2.43s
[180.645s][info][gc,start       ] GC(351) Pause Full (Ergonomics)
[180.645s][info][gc,phases,start] GC(351) Marking Phase
[182.476s][info][gc,phases      ] GC(351) Marking Phase 1830.487ms
[182.476s][info][gc,phases,start] GC(351) Summary Phase
[182.476s][info][gc,phases      ] GC(351) Summary Phase 0.076ms
[182.476s][info][gc,phases,start] GC(351) Adjust Roots
[182.476s][info][gc,phases      ] GC(351) Adjust Roots 0.238ms
[182.476s][info][gc,phases,start] GC(351) Compaction Phase
[183.098s][info][gc,phases      ] GC(351) Compaction Phase 621.965ms
[183.098s][info][gc,phases,start] GC(351) Post Compact
[183.110s][info][gc,phases      ] GC(351) Post Compact 11.756ms
[183.110s][info][gc,heap        ] GC(351) PSYoungGen: 177506K(378880K)->177506K(378880K) Eden: 130048K(130048K)->130048K(130048K) From: 47458K(248832K)->47458K(248832K)
[183.110s][info][gc,heap        ] GC(351) ParOldGen: 7714088K(7714304K)->7714088K(7714304K)
[183.110s][info][gc,metaspace   ] GC(351) Metaspace: 6303K(6528K)->6303K(6528K) NonClass: 5770K(5888K)->5770K(5888K) Class: 533K(640K)->533K(640K)
[183.110s][info][gc             ] GC(351) Pause Full (Ergonomics) 7706M->7706M(7903M) 2464.898ms
[183.110s][info][gc,cpu         ] GC(351) User=18.36s Sys=0.00s Real=2.46s
[183.110s][info][gc,start       ] GC(352) Pause Full (Ergonomics)
[183.110s][info][gc,phases,start] GC(352) Marking Phase
[184.919s][info][gc,phases      ] GC(352) Marking Phase 1809.036ms
[184.920s][info][gc,phases,start] GC(352) Summary Phase
[184.920s][info][gc,phases      ] GC(352) Summary Phase 0.076ms
[184.920s][info][gc,phases,start] GC(352) Adjust Roots
[184.920s][info][gc,phases      ] GC(352) Adjust Roots 0.169ms
[184.920s][info][gc,phases,start] GC(352) Compaction Phase
[185.544s][info][gc,phases      ] GC(352) Compaction Phase 623.883ms
[185.544s][info][gc,phases,start] GC(352) Post Compact
[185.555s][info][gc,phases      ] GC(352) Post Compact 11.666ms
[185.555s][info][gc,heap        ] GC(352) PSYoungGen: 177506K(378880K)->177506K(378880K) Eden: 130048K(130048K)->130048K(130048K) From: 47458K(248832K)->47458K(248832K)
[185.556s][info][gc,heap        ] GC(352) ParOldGen: 7714093K(7714304K)->7714093K(7714304K)
[185.556s][info][gc,metaspace   ] GC(352) Metaspace: 6303K(6528K)->6303K(6528K) NonClass: 5770K(5888K)->5770K(5888K) Class: 533K(640K)->533K(640K)
[185.556s][info][gc             ] GC(352) Pause Full (Ergonomics) 7706M->7706M(7903M) 2445.144ms
[185.556s][info][gc,cpu         ] GC(352) User=18.17s Sys=0.02s Real=2.44s
[185.556s][info][gc,start       ] GC(353) Pause Full (Ergonomics)
[185.556s][info][gc,phases,start] GC(353) Marking Phase
[187.361s][info][gc,phases      ] GC(353) Marking Phase 1805.688ms
[187.361s][info][gc,phases,start] GC(353) Summary Phase
[187.362s][info][gc,phases      ] GC(353) Summary Phase 0.080ms
[187.362s][info][gc,phases,start] GC(353) Adjust Roots
[187.362s][info][gc,phases      ] GC(353) Adjust Roots 0.179ms
[187.362s][info][gc,phases,start] GC(353) Compaction Phase
[187.992s][info][gc,phases      ] GC(353) Compaction Phase 629.903ms
[187.992s][info][gc,phases,start] GC(353) Post Compact
[188.004s][info][gc,phases      ] GC(353) Post Compact 12.099ms
[188.004s][info][gc,heap        ] GC(353) PSYoungGen: 177506K(378880K)->177506K(378880K) Eden: 130048K(130048K)->130048K(130048K) From: 47458K(248832K)->47458K(248832K)
[188.004s][info][gc,heap        ] GC(353) ParOldGen: 7714098K(7714304K)->7714098K(7714304K)
[188.004s][info][gc,metaspace   ] GC(353) Metaspace: 6303K(6528K)->6303K(6528K) NonClass: 5770K(5888K)->5770K(5888K) Class: 533K(640K)->533K(640K)
[188.004s][info][gc             ] GC(353) Pause Full (Ergonomics) 7706M->7706M(7903M) 2448.312ms
[188.004s][info][gc,cpu         ] GC(353) User=18.19s Sys=0.00s Real=2.45s
[188.004s][info][gc,start       ] GC(354) Pause Full (Ergonomics)
[188.004s][info][gc,phases,start] GC(354) Marking Phase
[189.822s][info][gc,phases      ] GC(354) Marking Phase 1817.825ms
[189.822s][info][gc,phases,start] GC(354) Summary Phase
[189.822s][info][gc,phases      ] GC(354) Summary Phase 0.075ms
[189.822s][info][gc,phases,start] GC(354) Adjust Roots
[189.822s][info][gc,phases      ] GC(354) Adjust Roots 0.192ms
[189.822s][info][gc,phases,start] GC(354) Compaction Phase
[190.424s][info][gc,phases      ] GC(354) Compaction Phase 601.729ms
[190.424s][info][gc,phases,start] GC(354) Post Compact
[190.436s][info][gc,phases      ] GC(354) Post Compact 11.804ms
[190.436s][info][gc,heap        ] GC(354) PSYoungGen: 177506K(378880K)->177506K(378880K) Eden: 130048K(130048K)->130048K(130048K) From: 47458K(248832K)->47458K(248832K)
[190.436s][info][gc,heap        ] GC(354) ParOldGen: 7714103K(7714304K)->7714103K(7714304K)
[190.436s][info][gc,metaspace   ] GC(354) Metaspace: 6303K(6528K)->6303K(6528K) NonClass: 5770K(5888K)->5770K(5888K) Class: 533K(640K)->533K(640K)
[190.436s][info][gc             ] GC(354) Pause Full (Ergonomics) 7706M->7706M(7903M) 2431.944ms
[190.436s][info][gc,cpu         ] GC(354) User=18.19s Sys=0.03s Real=2.43s
[190.436s][info][gc,start       ] GC(355) Pause Full (Ergonomics)
[190.436s][info][gc,phases,start] GC(355) Marking Phase
[192.238s][info][gc,phases      ] GC(355) Marking Phase 1801.163ms
[192.238s][info][gc,phases,start] GC(355) Summary Phase
[192.238s][info][gc,phases      ] GC(355) Summary Phase 0.120ms
[192.238s][info][gc,phases,start] GC(355) Adjust Roots
[192.238s][info][gc,phases      ] GC(355) Adjust Roots 0.219ms
[192.238s][info][gc,phases,start] GC(355) Compaction Phase
[192.859s][info][gc,phases      ] GC(355) Compaction Phase 620.650ms
[192.859s][info][gc,phases,start] GC(355) Post Compact
[192.870s][info][gc,phases      ] GC(355) Post Compact 11.744ms
[192.871s][info][gc,heap        ] GC(355) PSYoungGen: 177506K(378880K)->177506K(378880K) Eden: 130048K(130048K)->130048K(130048K) From: 47458K(248832K)->47458K(248832K)
[192.871s][info][gc,heap        ] GC(355) ParOldGen: 7714108K(7714304K)->7714108K(7714304K)
[192.871s][info][gc,metaspace   ] GC(355) Metaspace: 6303K(6528K)->6303K(6528K) NonClass: 5770K(5888K)->5770K(5888K) Class: 533K(640K)->533K(640K)
[192.871s][info][gc             ] GC(355) Pause Full (Ergonomics) 7706M->7706M(7903M) 2434.258ms
[192.871s][info][gc,cpu         ] GC(355) User=18.05s Sys=0.03s Real=2.43s
[192.871s][info][gc,start       ] GC(356) Pause Full (Ergonomics)
[192.871s][info][gc,phases,start] GC(356) Marking Phase
[194.665s][info][gc,phases      ] GC(356) Marking Phase 1794.353ms
[194.665s][info][gc,phases,start] GC(356) Summary Phase
[194.665s][info][gc,phases      ] GC(356) Summary Phase 0.089ms
[194.665s][info][gc,phases,start] GC(356) Adjust Roots
[194.666s][info][gc,phases      ] GC(356) Adjust Roots 0.247ms
[194.666s][info][gc,phases,start] GC(356) Compaction Phase
[195.269s][info][gc,phases      ] GC(356) Compaction Phase 603.608ms
[195.269s][info][gc,phases,start] GC(356) Post Compact
[195.281s][info][gc,phases      ] GC(356) Post Compact 12.058ms
[195.282s][info][gc,heap        ] GC(356) PSYoungGen: 177506K(378880K)->177506K(378880K) Eden: 130048K(130048K)->130048K(130048K) From: 47458K(248832K)->47458K(248832K)
[195.282s][info][gc,heap        ] GC(356) ParOldGen: 7714113K(7714304K)->7714113K(7714304K)
[195.282s][info][gc,metaspace   ] GC(356) Metaspace: 6303K(6528K)->6303K(6528K) NonClass: 5770K(5888K)->5770K(5888K) Class: 533K(640K)->533K(640K)
[195.282s][info][gc             ] GC(356) Pause Full (Ergonomics) 7706M->7706M(7903M) 2410.715ms
[195.282s][info][gc,cpu         ] GC(356) User=18.03s Sys=0.03s Real=2.41s
[195.282s][info][gc,start       ] GC(357) Pause Full (Ergonomics)
[195.282s][info][gc,phases,start] GC(357) Marking Phase
[197.063s][info][gc,phases      ] GC(357) Marking Phase 1780.995ms
[197.063s][info][gc,phases,start] GC(357) Summary Phase
[197.063s][info][gc,phases      ] GC(357) Summary Phase 0.077ms
[197.063s][info][gc,phases,start] GC(357) Adjust Roots
[197.063s][info][gc,phases      ] GC(357) Adjust Roots 0.177ms
[197.063s][info][gc,phases,start] GC(357) Compaction Phase
[197.678s][info][gc,phases      ] GC(357) Compaction Phase 615.126ms
[197.678s][info][gc,phases,start] GC(357) Post Compact
[197.690s][info][gc,phases      ] GC(357) Post Compact 11.748ms
[197.690s][info][gc,heap        ] GC(357) PSYoungGen: 177506K(378880K)->177506K(378880K) Eden: 130048K(130048K)->130048K(130048K) From: 47458K(248832K)->47458K(248832K)
[197.690s][info][gc,heap        ] GC(357) ParOldGen: 7714117K(7714304K)->7714117K(7714304K)
[197.690s][info][gc,metaspace   ] GC(357) Metaspace: 6303K(6528K)->6303K(6528K) NonClass: 5770K(5888K)->5770K(5888K) Class: 533K(640K)->533K(640K)
[197.690s][info][gc             ] GC(357) Pause Full (Ergonomics) 7706M->7706M(7903M) 2408.464ms
[197.690s][info][gc,cpu         ] GC(357) User=17.91s Sys=0.00s Real=2.41s
[197.690s][info][gc,start       ] GC(358) Pause Full (Ergonomics)
[197.690s][info][gc,phases,start] GC(358) Marking Phase
[199.496s][info][gc,phases      ] GC(358) Marking Phase 1805.209ms
[199.496s][info][gc,phases,start] GC(358) Summary Phase
[199.496s][info][gc,phases      ] GC(358) Summary Phase 0.081ms
[199.496s][info][gc,phases,start] GC(358) Adjust Roots
[199.496s][info][gc,phases      ] GC(358) Adjust Roots 0.177ms
[199.496s][info][gc,phases,start] GC(358) Compaction Phase
[200.104s][info][gc,phases      ] GC(358) Compaction Phase 607.469ms
[200.104s][info][gc,phases,start] GC(358) Post Compact
[200.115s][info][gc,phases      ] GC(358) Post Compact 11.786ms
[200.115s][info][gc,heap        ] GC(358) PSYoungGen: 177506K(378880K)->177506K(378880K) Eden: 130048K(130048K)->130048K(130048K) From: 47458K(248832K)->47458K(248832K)
[200.115s][info][gc,heap        ] GC(358) ParOldGen: 7714122K(7714304K)->7714122K(7714304K)
[200.116s][info][gc,metaspace   ] GC(358) Metaspace: 6303K(6528K)->6303K(6528K) NonClass: 5770K(5888K)->5770K(5888K) Class: 533K(640K)->533K(640K)
[200.116s][info][gc             ] GC(358) Pause Full (Ergonomics) 7706M->7706M(7903M) 2425.088ms
[200.116s][info][gc,cpu         ] GC(358) User=18.31s Sys=0.00s Real=2.43s
[200.116s][info][gc,start       ] GC(359) Pause Full (Ergonomics)
[200.116s][info][gc,phases,start] GC(359) Marking Phase
[201.919s][info][gc,phases      ] GC(359) Marking Phase 1803.437ms
[201.919s][info][gc,phases,start] GC(359) Summary Phase
[201.919s][info][gc,phases      ] GC(359) Summary Phase 0.107ms
[201.919s][info][gc,phases,start] GC(359) Adjust Roots
[201.920s][info][gc,phases      ] GC(359) Adjust Roots 0.243ms
[201.920s][info][gc,phases,start] GC(359) Compaction Phase
[202.551s][info][gc,phases      ] GC(359) Compaction Phase 630.965ms
[202.551s][info][gc,phases,start] GC(359) Post Compact
[202.563s][info][gc,phases      ] GC(359) Post Compact 12.380ms
[202.563s][info][gc,heap        ] GC(359) PSYoungGen: 177506K(378880K)->177506K(378880K) Eden: 130048K(130048K)->130048K(130048K) From: 47458K(248832K)->47458K(248832K)
[202.563s][info][gc,heap        ] GC(359) ParOldGen: 7714127K(7714304K)->7714127K(7714304K)
[202.563s][info][gc,metaspace   ] GC(359) Metaspace: 6303K(6528K)->6303K(6528K) NonClass: 5770K(5888K)->5770K(5888K) Class: 533K(640K)->533K(640K)
[202.563s][info][gc             ] GC(359) Pause Full (Ergonomics) 7706M->7706M(7903M) 2447.472ms
[202.563s][info][gc,cpu         ] GC(359) User=18.19s Sys=0.00s Real=2.45s
[202.563s][info][gc,start       ] GC(360) Pause Full (Ergonomics)
[202.563s][info][gc,phases,start] GC(360) Marking Phase
[204.377s][info][gc,phases      ] GC(360) Marking Phase 1813.496ms
[204.377s][info][gc,phases,start] GC(360) Summary Phase
[204.377s][info][gc,phases      ] GC(360) Summary Phase 0.083ms
[204.377s][info][gc,phases,start] GC(360) Adjust Roots
[204.377s][info][gc,phases      ] GC(360) Adjust Roots 0.218ms
[204.377s][info][gc,phases,start] GC(360) Compaction Phase
[205.005s][info][gc,phases      ] GC(360) Compaction Phase 627.485ms
[205.005s][info][gc,phases,start] GC(360) Post Compact
[205.021s][info][gc,phases      ] GC(360) Post Compact 16.183ms
[205.021s][info][gc,heap        ] GC(360) PSYoungGen: 177506K(378880K)->177506K(378880K) Eden: 130048K(130048K)->130048K(130048K) From: 47458K(248832K)->47458K(248832K)
[205.021s][info][gc,heap        ] GC(360) ParOldGen: 7714132K(7714304K)->7714132K(7714304K)
[205.021s][info][gc,metaspace   ] GC(360) Metaspace: 6303K(6528K)->6303K(6528K) NonClass: 5770K(5888K)->5770K(5888K) Class: 533K(640K)->533K(640K)
[205.021s][info][gc             ] GC(360) Pause Full (Ergonomics) 7706M->7706M(7903M) 2457.890ms
[205.021s][info][gc,cpu         ] GC(360) User=18.33s Sys=0.00s Real=2.46s
[205.023s][info][gc,start       ] GC(361) Pause Full (Ergonomics)
[205.023s][info][gc,phases,start] GC(361) Marking Phase
[207.017s][info][gc,phases      ] GC(361) Marking Phase 1993.927ms
[207.017s][info][gc,phases,start] GC(361) Summary Phase
[207.017s][info][gc,phases      ] GC(361) Summary Phase 0.149ms
[207.017s][info][gc,phases,start] GC(361) Adjust Roots
[207.018s][info][gc,phases      ] GC(361) Adjust Roots 0.377ms
[207.018s][info][gc,phases,start] GC(361) Compaction Phase
[207.745s][info][gc,phases      ] GC(361) Compaction Phase 727.038ms
[207.745s][info][gc,phases,start] GC(361) Post Compact
[207.763s][info][gc,phases      ] GC(361) Post Compact 17.856ms
[207.763s][info][gc,heap        ] GC(361) PSYoungGen: 177506K(378880K)->177506K(378880K) Eden: 130048K(130048K)->130048K(130048K) From: 47458K(248832K)->47458K(248832K)
[207.763s][info][gc,heap        ] GC(361) ParOldGen: 7714137K(7714304K)->7714137K(7714304K)
[207.763s][info][gc,metaspace   ] GC(361) Metaspace: 6303K(6528K)->6303K(6528K) NonClass: 5770K(5888K)->5770K(5888K) Class: 533K(640K)->533K(640K)
[207.763s][info][gc             ] GC(361) Pause Full (Ergonomics) 7706M->7706M(7903M) 2739.933ms
[207.763s][info][gc,cpu         ] GC(361) User=18.33s Sys=0.02s Real=2.74s
[207.763s][info][gc,start       ] GC(362) Pause Full (Ergonomics)
[207.763s][info][gc,phases,start] GC(362) Marking Phase
[209.725s][info][gc,phases      ] GC(362) Marking Phase 1961.467ms
[209.725s][info][gc,phases,start] GC(362) Summary Phase
[209.725s][info][gc,phases      ] GC(362) Summary Phase 0.097ms
[209.725s][info][gc,phases,start] GC(362) Adjust Roots
[209.725s][info][gc,phases      ] GC(362) Adjust Roots 0.320ms
[209.725s][info][gc,phases,start] GC(362) Compaction Phase
[210.400s][info][gc,phases      ] GC(362) Compaction Phase 674.798ms
[210.400s][info][gc,phases,start] GC(362) Post Compact
[210.416s][info][gc,phases      ] GC(362) Post Compact 16.223ms
[210.416s][info][gc,heap        ] GC(362) PSYoungGen: 177506K(378880K)->177506K(378880K) Eden: 130048K(130048K)->130048K(130048K) From: 47458K(248832K)->47458K(248832K)
[210.416s][info][gc,heap        ] GC(362) ParOldGen: 7714142K(7714304K)->7714142K(7714304K)
[210.416s][info][gc,metaspace   ] GC(362) Metaspace: 6303K(6528K)->6303K(6528K) NonClass: 5770K(5888K)->5770K(5888K) Class: 533K(640K)->533K(640K)
[210.416s][info][gc             ] GC(362) Pause Full (Ergonomics) 7706M->7706M(7903M) 2653.322ms
[210.416s][info][gc,cpu         ] GC(362) User=17.92s Sys=0.09s Real=2.65s
[210.417s][info][gc,start       ] GC(363) Pause Full (Ergonomics)
[210.417s][info][gc,phases,start] GC(363) Marking Phase
[212.386s][info][gc,phases      ] GC(363) Marking Phase 1969.621ms
[212.386s][info][gc,phases,start] GC(363) Summary Phase
[212.387s][info][gc,phases      ] GC(363) Summary Phase 0.180ms
[212.387s][info][gc,phases,start] GC(363) Adjust Roots
[212.387s][info][gc,phases      ] GC(363) Adjust Roots 0.418ms
[212.387s][info][gc,phases,start] GC(363) Compaction Phase
[213.095s][info][gc,phases      ] GC(363) Compaction Phase 708.008ms
[213.095s][info][gc,phases,start] GC(363) Post Compact
[213.113s][info][gc,phases      ] GC(363) Post Compact 17.340ms
[213.113s][info][gc,heap        ] GC(363) PSYoungGen: 177506K(378880K)->177506K(378880K) Eden: 130048K(130048K)->130048K(130048K) From: 47458K(248832K)->47458K(248832K)
[213.113s][info][gc,heap        ] GC(363) ParOldGen: 7714146K(7714304K)->7714146K(7714304K)
[213.113s][info][gc,metaspace   ] GC(363) Metaspace: 6303K(6528K)->6303K(6528K) NonClass: 5770K(5888K)->5770K(5888K) Class: 533K(640K)->533K(640K)
[213.113s][info][gc             ] GC(363) Pause Full (Ergonomics) 7706M->7706M(7903M) 2696.077ms
[213.113s][info][gc,cpu         ] GC(363) User=18.20s Sys=0.05s Real=2.70s
[213.113s][info][gc,start       ] GC(364) Pause Full (Ergonomics)
[213.113s][info][gc,phases,start] GC(364) Marking Phase
[215.047s][info][gc,phases      ] GC(364) Marking Phase 1933.877ms
[215.047s][info][gc,phases,start] GC(364) Summary Phase
[215.047s][info][gc,phases      ] GC(364) Summary Phase 0.131ms
[215.047s][info][gc,phases,start] GC(364) Adjust Roots
[215.047s][info][gc,phases      ] GC(364) Adjust Roots 0.342ms
[215.047s][info][gc,phases,start] GC(364) Compaction Phase
[215.684s][info][gc,phases      ] GC(364) Compaction Phase 636.195ms
[215.684s][info][gc,phases,start] GC(364) Post Compact
[215.701s][info][gc,phases      ] GC(364) Post Compact 17.088ms
[215.701s][info][gc,heap        ] GC(364) PSYoungGen: 177506K(378880K)->177506K(378880K) Eden: 130048K(130048K)->130048K(130048K) From: 47458K(248832K)->47458K(248832K)
[215.701s][info][gc,heap        ] GC(364) ParOldGen: 7714151K(7714304K)->7714151K(7714304K)
[215.701s][info][gc,metaspace   ] GC(364) Metaspace: 6303K(6528K)->6303K(6528K) NonClass: 5770K(5888K)->5770K(5888K) Class: 533K(640K)->533K(640K)
[215.701s][info][gc             ] GC(364) Pause Full (Ergonomics) 7706M->7706M(7903M) 2588.093ms
[215.701s][info][gc,cpu         ] GC(364) User=18.20s Sys=0.02s Real=2.59s
[215.701s][info][gc,start       ] GC(365) Pause Full (Ergonomics)
[215.701s][info][gc,phases,start] GC(365) Marking Phase
[217.636s][info][gc,phases      ] GC(365) Marking Phase 1934.694ms
[217.636s][info][gc,phases,start] GC(365) Summary Phase
[217.636s][info][gc,phases      ] GC(365) Summary Phase 0.131ms
[217.636s][info][gc,phases,start] GC(365) Adjust Roots
[217.636s][info][gc,phases      ] GC(365) Adjust Roots 0.344ms
[217.636s][info][gc,phases,start] GC(365) Compaction Phase
[218.280s][info][gc,phases      ] GC(365) Compaction Phase 643.663ms
[218.280s][info][gc,phases,start] GC(365) Post Compact
[218.292s][info][gc,phases      ] GC(365) Post Compact 11.909ms
[218.292s][info][gc,heap        ] GC(365) PSYoungGen: 177506K(378880K)->177506K(378880K) Eden: 130048K(130048K)->130048K(130048K) From: 47458K(248832K)->47458K(248832K)
[218.292s][info][gc,heap        ] GC(365) ParOldGen: 7714156K(7714304K)->7714156K(7714304K)
[218.292s][info][gc,metaspace   ] GC(365) Metaspace: 6303K(6528K)->6303K(6528K) NonClass: 5770K(5888K)->5770K(5888K) Class: 533K(640K)->533K(640K)
[218.292s][info][gc             ] GC(365) Pause Full (Ergonomics) 7706M->7706M(7903M) 2591.139ms
[218.292s][info][gc,cpu         ] GC(365) User=18.25s Sys=0.02s Real=2.59s
[218.292s][info][gc,start       ] GC(366) Pause Full (Ergonomics)
[218.293s][info][gc,phases,start] GC(366) Marking Phase
[220.087s][info][gc,phases      ] GC(366) Marking Phase 1794.406ms
[220.087s][info][gc,phases,start] GC(366) Summary Phase
[220.087s][info][gc,phases      ] GC(366) Summary Phase 0.090ms
[220.087s][info][gc,phases,start] GC(366) Adjust Roots
[220.087s][info][gc,phases      ] GC(366) Adjust Roots 0.204ms
[220.087s][info][gc,phases,start] GC(366) Compaction Phase
[220.686s][info][gc,phases      ] GC(366) Compaction Phase 598.425ms
[220.686s][info][gc,phases,start] GC(366) Post Compact
[220.698s][info][gc,phases      ] GC(366) Post Compact 11.702ms
[220.698s][info][gc,heap        ] GC(366) PSYoungGen: 177506K(378880K)->177506K(378880K) Eden: 130048K(130048K)->130048K(130048K) From: 47458K(248832K)->47458K(248832K)
[220.698s][info][gc,heap        ] GC(366) ParOldGen: 7714161K(7714304K)->7714161K(7714304K)
[220.698s][info][gc,metaspace   ] GC(366) Metaspace: 6303K(6528K)->6303K(6528K) NonClass: 5770K(5888K)->5770K(5888K) Class: 533K(640K)->533K(640K)
[220.698s][info][gc             ] GC(366) Pause Full (Ergonomics) 7706M->7706M(7903M) 2405.160ms
[220.698s][info][gc,cpu         ] GC(366) User=18.03s Sys=0.00s Real=2.41s
[220.698s][info][gc,start       ] GC(367) Pause Full (Ergonomics)
[220.698s][info][gc,phases,start] GC(367) Marking Phase
[222.519s][info][gc,phases      ] GC(367) Marking Phase 1821.070ms
[222.519s][info][gc,phases,start] GC(367) Summary Phase
[222.519s][info][gc,phases      ] GC(367) Summary Phase 0.085ms
[222.519s][info][gc,phases,start] GC(367) Adjust Roots
[222.519s][info][gc,phases      ] GC(367) Adjust Roots 0.232ms
[222.519s][info][gc,phases,start] GC(367) Compaction Phase
[223.134s][info][gc,phases      ] GC(367) Compaction Phase 614.176ms
[223.134s][info][gc,phases,start] GC(367) Post Compact
[223.146s][info][gc,phases      ] GC(367) Post Compact 11.933ms
[223.146s][info][gc,heap        ] GC(367) PSYoungGen: 177506K(378880K)->177506K(378880K) Eden: 130048K(130048K)->130048K(130048K) From: 47458K(248832K)->47458K(248832K)
[223.146s][info][gc,heap        ] GC(367) ParOldGen: 7714166K(7714304K)->7714166K(7714304K)
[223.146s][info][gc,metaspace   ] GC(367) Metaspace: 6303K(6528K)->6303K(6528K) NonClass: 5770K(5888K)->5770K(5888K) Class: 533K(640K)->533K(640K)
[223.146s][info][gc             ] GC(367) Pause Full (Ergonomics) 7706M->7706M(7903M) 2447.880ms
[223.146s][info][gc,cpu         ] GC(367) User=18.33s Sys=0.00s Real=2.45s
[223.146s][info][gc,start       ] GC(368) Pause Full (Ergonomics)
[223.146s][info][gc,phases,start] GC(368) Marking Phase
[224.964s][info][gc,phases      ] GC(368) Marking Phase 1817.663ms
[224.964s][info][gc,phases,start] GC(368) Summary Phase
[224.964s][info][gc,phases      ] GC(368) Summary Phase 0.118ms
[224.964s][info][gc,phases,start] GC(368) Adjust Roots
[224.964s][info][gc,phases      ] GC(368) Adjust Roots 0.174ms
[224.964s][info][gc,phases,start] GC(368) Compaction Phase
[225.559s][info][gc,phases      ] GC(368) Compaction Phase 594.921ms
[225.559s][info][gc,phases,start] GC(368) Post Compact
[225.571s][info][gc,phases      ] GC(368) Post Compact 11.777ms
[225.571s][info][gc,heap        ] GC(368) PSYoungGen: 177506K(378880K)->177506K(378880K) Eden: 130048K(130048K)->130048K(130048K) From: 47458K(248832K)->47458K(248832K)
[225.571s][info][gc,heap        ] GC(368) ParOldGen: 7714171K(7714304K)->7714171K(7714304K)
[225.571s][info][gc,metaspace   ] GC(368) Metaspace: 6303K(6528K)->6303K(6528K) NonClass: 5770K(5888K)->5770K(5888K) Class: 533K(640K)->533K(640K)
[225.571s][info][gc             ] GC(368) Pause Full (Ergonomics) 7706M->7706M(7903M) 2425.020ms
[225.571s][info][gc,cpu         ] GC(368) User=18.17s Sys=0.00s Real=2.42s
[225.571s][info][gc,start       ] GC(369) Pause Full (Ergonomics)
[225.571s][info][gc,phases,start] GC(369) Marking Phase
[227.393s][info][gc,phases      ] GC(369) Marking Phase 1821.562ms
[227.393s][info][gc,phases,start] GC(369) Summary Phase
[227.393s][info][gc,phases      ] GC(369) Summary Phase 0.150ms
[227.393s][info][gc,phases,start] GC(369) Adjust Roots
[227.393s][info][gc,phases      ] GC(369) Adjust Roots 0.225ms
[227.393s][info][gc,phases,start] GC(369) Compaction Phase
[227.997s][info][gc,phases      ] GC(369) Compaction Phase 603.670ms
[227.997s][info][gc,phases,start] GC(369) Post Compact
[228.009s][info][gc,phases      ] GC(369) Post Compact 11.710ms
[228.009s][info][gc,heap        ] GC(369) PSYoungGen: 177506K(378880K)->177506K(378880K) Eden: 130048K(130048K)->130048K(130048K) From: 47458K(248832K)->47458K(248832K)
[228.009s][info][gc,heap        ] GC(369) ParOldGen: 7714175K(7714304K)->7714175K(7714304K)
[228.009s][info][gc,metaspace   ] GC(369) Metaspace: 6303K(6528K)->6303K(6528K) NonClass: 5770K(5888K)->5770K(5888K) Class: 533K(640K)->533K(640K)
[228.009s][info][gc             ] GC(369) Pause Full (Ergonomics) 7706M->7706M(7903M) 2437.755ms
[228.009s][info][gc,cpu         ] GC(369) User=18.16s Sys=0.00s Real=2.44s
[228.009s][info][gc,start       ] GC(370) Pause Full (Ergonomics)
[228.009s][info][gc,phases,start] GC(370) Marking Phase
[229.828s][info][gc,phases      ] GC(370) Marking Phase 1819.080ms
[229.828s][info][gc,phases,start] GC(370) Summary Phase
[229.828s][info][gc,phases      ] GC(370) Summary Phase 0.081ms
[229.828s][info][gc,phases,start] GC(370) Adjust Roots
[229.829s][info][gc,phases      ] GC(370) Adjust Roots 0.205ms
[229.829s][info][gc,phases,start] GC(370) Compaction Phase
[230.422s][info][gc,phases      ] GC(370) Compaction Phase 592.932ms
[230.422s][info][gc,phases,start] GC(370) Post Compact
[230.433s][info][gc,phases      ] GC(370) Post Compact 11.814ms
[230.434s][info][gc,heap        ] GC(370) PSYoungGen: 177506K(378880K)->177506K(378880K) Eden: 130048K(130048K)->130048K(130048K) From: 47458K(248832K)->47458K(248832K)
[230.434s][info][gc,heap        ] GC(370) ParOldGen: 7714180K(7714304K)->7714180K(7714304K)
[230.434s][info][gc,metaspace   ] GC(370) Metaspace: 6303K(6528K)->6303K(6528K) NonClass: 5770K(5888K)->5770K(5888K) Class: 533K(640K)->533K(640K)
[230.434s][info][gc             ] GC(370) Pause Full (Ergonomics) 7706M->7706M(7903M) 2424.456ms
[230.434s][info][gc,cpu         ] GC(370) User=18.09s Sys=0.00s Real=2.42s
[230.434s][info][gc,start       ] GC(371) Pause Full (Ergonomics)
[230.434s][info][gc,phases,start] GC(371) Marking Phase
[232.249s][info][gc,phases      ] GC(371) Marking Phase 1814.966ms
[232.249s][info][gc,phases,start] GC(371) Summary Phase
[232.249s][info][gc,phases      ] GC(371) Summary Phase 0.076ms
[232.249s][info][gc,phases,start] GC(371) Adjust Roots
[232.249s][info][gc,phases      ] GC(371) Adjust Roots 0.193ms
[232.249s][info][gc,phases,start] GC(371) Compaction Phase
[232.831s][info][gc,phases      ] GC(371) Compaction Phase 582.024ms
[232.831s][info][gc,phases,start] GC(371) Post Compact
[232.843s][info][gc,phases      ] GC(371) Post Compact 11.589ms
[232.843s][info][gc,heap        ] GC(371) PSYoungGen: 177506K(378880K)->177506K(378880K) Eden: 130048K(130048K)->130048K(130048K) From: 47458K(248832K)->47458K(248832K)
[232.843s][info][gc,heap        ] GC(371) ParOldGen: 7714185K(7714304K)->7714185K(7714304K)
[232.843s][info][gc,metaspace   ] GC(371) Metaspace: 6303K(6528K)->6303K(6528K) NonClass: 5770K(5888K)->5770K(5888K) Class: 533K(640K)->533K(640K)
[232.843s][info][gc             ] GC(371) Pause Full (Ergonomics) 7706M->7706M(7903M) 2409.196ms
[232.843s][info][gc,cpu         ] GC(371) User=17.94s Sys=0.00s Real=2.41s
[232.843s][info][gc,start       ] GC(372) Pause Full (Ergonomics)
[232.843s][info][gc,phases,start] GC(372) Marking Phase
[234.667s][info][gc,phases      ] GC(372) Marking Phase 1823.450ms
[234.667s][info][gc,phases,start] GC(372) Summary Phase
[234.667s][info][gc,phases      ] GC(372) Summary Phase 0.090ms
[234.667s][info][gc,phases,start] GC(372) Adjust Roots
[234.667s][info][gc,phases      ] GC(372) Adjust Roots 0.179ms
[234.667s][info][gc,phases,start] GC(372) Compaction Phase
[235.195s][info][gc,phases      ] GC(372) Compaction Phase 527.899ms
[235.195s][info][gc,phases,start] GC(372) Post Compact
[235.207s][info][gc,phases      ] GC(372) Post Compact 11.580ms
[235.207s][info][gc,heap        ] GC(372) PSYoungGen: 177506K(378880K)->177506K(378880K) Eden: 130048K(130048K)->130048K(130048K) From: 47458K(248832K)->47458K(248832K)
[235.207s][info][gc,heap        ] GC(372) ParOldGen: 7714190K(7714304K)->7714190K(7714304K)
[235.207s][info][gc,metaspace   ] GC(372) Metaspace: 6303K(6528K)->6303K(6528K) NonClass: 5770K(5888K)->5770K(5888K) Class: 533K(640K)->533K(640K)
[235.207s][info][gc             ] GC(372) Pause Full (Ergonomics) 7706M->7706M(7903M) 2363.580ms
[235.207s][info][gc,cpu         ] GC(372) User=18.00s Sys=0.00s Real=2.36s
[235.207s][info][gc,start       ] GC(373) Pause Full (Ergonomics)
[235.207s][info][gc,phases,start] GC(373) Marking Phase
[237.000s][info][gc,phases      ] GC(373) Marking Phase 1792.692ms
[237.000s][info][gc,phases,start] GC(373) Summary Phase
[237.000s][info][gc,phases      ] GC(373) Summary Phase 0.077ms
[237.000s][info][gc,phases,start] GC(373) Adjust Roots
[237.000s][info][gc,phases      ] GC(373) Adjust Roots 0.201ms
[237.000s][info][gc,phases,start] GC(373) Compaction Phase
[237.515s][info][gc,phases      ] GC(373) Compaction Phase 515.012ms
[237.515s][info][gc,phases,start] GC(373) Post Compact
[237.527s][info][gc,phases      ] GC(373) Post Compact 11.832ms
[237.527s][info][gc,heap        ] GC(373) PSYoungGen: 177506K(378880K)->177506K(378880K) Eden: 130048K(130048K)->130048K(130048K) From: 47458K(248832K)->47458K(248832K)
[237.527s][info][gc,heap        ] GC(373) ParOldGen: 7714195K(7714304K)->7714195K(7714304K)
[237.527s][info][gc,metaspace   ] GC(373) Metaspace: 6303K(6528K)->6303K(6528K) NonClass: 5770K(5888K)->5770K(5888K) Class: 533K(640K)->533K(640K)
[237.527s][info][gc             ] GC(373) Pause Full (Ergonomics) 7706M->7706M(7903M) 2320.178ms
[237.527s][info][gc,cpu         ] GC(373) User=17.69s Sys=0.02s Real=2.32s
[237.528s][info][gc,start       ] GC(374) Pause Full (Ergonomics)
[237.528s][info][gc,phases,start] GC(374) Marking Phase
[239.323s][info][gc,phases      ] GC(374) Marking Phase 1795.598ms
[239.323s][info][gc,phases,start] GC(374) Summary Phase
[239.323s][info][gc,phases      ] GC(374) Summary Phase 0.098ms
[239.323s][info][gc,phases,start] GC(374) Adjust Roots
[239.324s][info][gc,phases      ] GC(374) Adjust Roots 0.215ms
[239.324s][info][gc,phases,start] GC(374) Compaction Phase
[239.841s][info][gc,phases      ] GC(374) Compaction Phase 517.176ms
[239.841s][info][gc,phases,start] GC(374) Post Compact
[239.853s][info][gc,phases      ] GC(374) Post Compact 11.765ms
[239.853s][info][gc,heap        ] GC(374) PSYoungGen: 177506K(378880K)->177506K(378880K) Eden: 130048K(130048K)->130048K(130048K) From: 47458K(248832K)->47458K(248832K)
[239.853s][info][gc,heap        ] GC(374) ParOldGen: 7714200K(7714304K)->7714200K(7714304K)
[239.853s][info][gc,metaspace   ] GC(374) Metaspace: 6303K(6528K)->6303K(6528K) NonClass: 5770K(5888K)->5770K(5888K) Class: 533K(640K)->533K(640K)
[239.853s][info][gc             ] GC(374) Pause Full (Ergonomics) 7706M->7706M(7903M) 2325.236ms
[239.853s][info][gc,cpu         ] GC(374) User=17.55s Sys=0.00s Real=2.33s
[239.853s][info][gc,start       ] GC(375) Pause Full (Ergonomics)
[239.853s][info][gc,phases,start] GC(375) Marking Phase
[241.649s][info][gc,phases      ] GC(375) Marking Phase 1796.189ms
[241.649s][info][gc,phases,start] GC(375) Summary Phase
[241.649s][info][gc,phases      ] GC(375) Summary Phase 0.117ms
[241.649s][info][gc,phases,start] GC(375) Adjust Roots
[241.650s][info][gc,phases      ] GC(375) Adjust Roots 0.226ms
[241.650s][info][gc,phases,start] GC(375) Compaction Phase
[242.158s][info][gc,phases      ] GC(375) Compaction Phase 508.508ms
[242.158s][info][gc,phases,start] GC(375) Post Compact
[242.171s][info][gc,phases      ] GC(375) Post Compact 12.504ms
[242.171s][info][gc,heap        ] GC(375) PSYoungGen: 177506K(378880K)->177506K(378880K) Eden: 130048K(130048K)->130048K(130048K) From: 47458K(248832K)->47458K(248832K)
[242.171s][info][gc,heap        ] GC(375) ParOldGen: 7714204K(7714304K)->7714204K(7714304K)
[242.171s][info][gc,metaspace   ] GC(375) Metaspace: 6303K(6528K)->6303K(6528K) NonClass: 5770K(5888K)->5770K(5888K) Class: 533K(640K)->533K(640K)
[242.171s][info][gc             ] GC(375) Pause Full (Ergonomics) 7706M->7706M(7903M) 2317.930ms
[242.171s][info][gc,cpu         ] GC(375) User=17.55s Sys=0.00s Real=2.32s
[242.171s][info][gc,start       ] GC(376) Pause Full (Ergonomics)
[242.171s][info][gc,phases,start] GC(376) Marking Phase
[243.971s][info][gc,phases      ] GC(376) Marking Phase 1800.274ms
[243.971s][info][gc,phases,start] GC(376) Summary Phase
[243.972s][info][gc,phases      ] GC(376) Summary Phase 0.114ms
[243.972s][info][gc,phases,start] GC(376) Adjust Roots
[243.972s][info][gc,phases      ] GC(376) Adjust Roots 0.269ms
[243.972s][info][gc,phases,start] GC(376) Compaction Phase
[244.481s][info][gc,phases      ] GC(376) Compaction Phase 509.398ms
[244.481s][info][gc,phases,start] GC(376) Post Compact
[244.495s][info][gc,phases      ] GC(376) Post Compact 13.402ms
[244.495s][info][gc,heap        ] GC(376) PSYoungGen: 177506K(378880K)->177506K(378880K) Eden: 130048K(130048K)->130048K(130048K) From: 47458K(248832K)->47458K(248832K)
[244.495s][info][gc,heap        ] GC(376) ParOldGen: 7714209K(7714304K)->7714209K(7714304K)
[244.495s][info][gc,metaspace   ] GC(376) Metaspace: 6303K(6528K)->6303K(6528K) NonClass: 5770K(5888K)->5770K(5888K) Class: 533K(640K)->533K(640K)
[244.495s][info][gc             ] GC(376) Pause Full (Ergonomics) 7706M->7706M(7903M) 2323.844ms
[244.495s][info][gc,cpu         ] GC(376) User=17.77s Sys=0.00s Real=2.32s
[244.495s][info][gc,start       ] GC(377) Pause Full (Ergonomics)
[244.495s][info][gc,phases,start] GC(377) Marking Phase
[246.313s][info][gc,phases      ] GC(377) Marking Phase 1817.980ms
[246.313s][info][gc,phases,start] GC(377) Summary Phase
[246.313s][info][gc,phases      ] GC(377) Summary Phase 0.132ms
[246.313s][info][gc,phases,start] GC(377) Adjust Roots
[246.314s][info][gc,phases      ] GC(377) Adjust Roots 0.275ms
[246.314s][info][gc,phases,start] GC(377) Compaction Phase
[246.827s][info][gc,phases      ] GC(377) Compaction Phase 512.982ms
[246.827s][info][gc,phases,start] GC(377) Post Compact
[246.840s][info][gc,phases      ] GC(377) Post Compact 12.741ms
[246.840s][info][gc,heap        ] GC(377) PSYoungGen: 177506K(378880K)->177506K(378880K) Eden: 130048K(130048K)->130048K(130048K) From: 47458K(248832K)->47458K(248832K)
[246.840s][info][gc,heap        ] GC(377) ParOldGen: 7714214K(7714304K)->7714214K(7714304K)
[246.840s][info][gc,metaspace   ] GC(377) Metaspace: 6303K(6528K)->6303K(6528K) NonClass: 5770K(5888K)->5770K(5888K) Class: 533K(640K)->533K(640K)
[246.840s][info][gc             ] GC(377) Pause Full (Ergonomics) 7706M->7706M(7903M) 2344.509ms
[246.840s][info][gc,cpu         ] GC(377) User=17.69s Sys=0.00s Real=2.35s
[246.840s][info][gc,start       ] GC(378) Pause Full (Ergonomics)
[246.840s][info][gc,phases,start] GC(378) Marking Phase
[248.663s][info][gc,phases      ] GC(378) Marking Phase 1823.551ms
[248.664s][info][gc,phases,start] GC(378) Summary Phase
[248.664s][info][gc,phases      ] GC(378) Summary Phase 0.106ms
[248.664s][info][gc,phases,start] GC(378) Adjust Roots
[248.664s][info][gc,phases      ] GC(378) Adjust Roots 0.258ms
[248.664s][info][gc,phases,start] GC(378) Compaction Phase
[249.182s][info][gc,phases      ] GC(378) Compaction Phase 518.259ms
[249.182s][info][gc,phases,start] GC(378) Post Compact
[249.196s][info][gc,phases      ] GC(378) Post Compact 13.689ms
[249.196s][info][gc,heap        ] GC(378) PSYoungGen: 177506K(378880K)->177506K(378880K) Eden: 130048K(130048K)->130048K(130048K) From: 47458K(248832K)->47458K(248832K)
[249.196s][info][gc,heap        ] GC(378) ParOldGen: 7714219K(7714304K)->7714219K(7714304K)
[249.196s][info][gc,metaspace   ] GC(378) Metaspace: 6303K(6528K)->6303K(6528K) NonClass: 5770K(5888K)->5770K(5888K) Class: 533K(640K)->533K(640K)
[249.196s][info][gc             ] GC(378) Pause Full (Ergonomics) 7706M->7706M(7903M) 2356.282ms
[249.196s][info][gc,cpu         ] GC(378) User=17.67s Sys=0.00s Real=2.36s
[249.196s][info][gc,start       ] GC(379) Pause Full (Ergonomics)
[249.196s][info][gc,phases,start] GC(379) Marking Phase
[251.015s][info][gc,phases      ] GC(379) Marking Phase 1819.055ms
[251.016s][info][gc,phases,start] GC(379) Summary Phase
[251.016s][info][gc,phases      ] GC(379) Summary Phase 0.118ms
[251.016s][info][gc,phases,start] GC(379) Adjust Roots
[251.016s][info][gc,phases      ] GC(379) Adjust Roots 0.270ms
[251.016s][info][gc,phases,start] GC(379) Compaction Phase
[251.539s][info][gc,phases      ] GC(379) Compaction Phase 523.419ms
[251.539s][info][gc,phases,start] GC(379) Post Compact
[251.554s][info][gc,phases      ] GC(379) Post Compact 14.049ms
[251.554s][info][gc,heap        ] GC(379) PSYoungGen: 177506K(378880K)->177506K(378880K) Eden: 130048K(130048K)->130048K(130048K) From: 47458K(248832K)->47458K(248832K)
[251.554s][info][gc,heap        ] GC(379) ParOldGen: 7714224K(7714304K)->7714224K(7714304K)
[251.554s][info][gc,metaspace   ] GC(379) Metaspace: 6303K(6528K)->6303K(6528K) NonClass: 5770K(5888K)->5770K(5888K) Class: 533K(640K)->533K(640K)
[251.554s][info][gc             ] GC(379) Pause Full (Ergonomics) 7706M->7706M(7903M) 2357.308ms
[251.554s][info][gc,cpu         ] GC(379) User=17.70s Sys=0.02s Real=2.36s
[251.554s][info][gc,start       ] GC(380) Pause Full (Ergonomics)
[251.554s][info][gc,phases,start] GC(380) Marking Phase
[253.385s][info][gc,phases      ] GC(380) Marking Phase 1831.507ms
[253.386s][info][gc,phases,start] GC(380) Summary Phase
[253.386s][info][gc,phases      ] GC(380) Summary Phase 0.105ms
[253.386s][info][gc,phases,start] GC(380) Adjust Roots
[253.386s][info][gc,phases      ] GC(380) Adjust Roots 0.236ms
[253.386s][info][gc,phases,start] GC(380) Compaction Phase
[253.902s][info][gc,phases      ] GC(380) Compaction Phase 515.708ms
[253.902s][info][gc,phases,start] GC(380) Post Compact
[253.914s][info][gc,phases      ] GC(380) Post Compact 12.187ms
[253.914s][info][gc,heap        ] GC(380) PSYoungGen: 177506K(378880K)->177506K(378880K) Eden: 130048K(130048K)->130048K(130048K) From: 47458K(248832K)->47458K(248832K)
[253.914s][info][gc,heap        ] GC(380) ParOldGen: 7714229K(7714304K)->7714229K(7714304K)
[253.914s][info][gc,metaspace   ] GC(380) Metaspace: 6303K(6528K)->6303K(6528K) NonClass: 5770K(5888K)->5770K(5888K) Class: 533K(640K)->533K(640K)
[253.914s][info][gc             ] GC(380) Pause Full (Ergonomics) 7706M->7706M(7903M) 2360.125ms
[253.914s][info][gc,cpu         ] GC(380) User=17.86s Sys=0.02s Real=2.36s
[253.914s][info][gc,start       ] GC(381) Pause Full (Ergonomics)
[253.914s][info][gc,phases,start] GC(381) Marking Phase
[255.708s][info][gc,phases      ] GC(381) Marking Phase 1794.182ms
[255.709s][info][gc,phases,start] GC(381) Summary Phase
[255.709s][info][gc,phases      ] GC(381) Summary Phase 0.146ms
[255.709s][info][gc,phases,start] GC(381) Adjust Roots
[255.709s][info][gc,phases      ] GC(381) Adjust Roots 0.316ms
[255.709s][info][gc,phases,start] GC(381) Compaction Phase
[256.219s][info][gc,phases      ] GC(381) Compaction Phase 510.375ms
[256.220s][info][gc,phases,start] GC(381) Post Compact
[256.231s][info][gc,phases      ] GC(381) Post Compact 11.756ms
[256.231s][info][gc,heap        ] GC(381) PSYoungGen: 177506K(378880K)->177506K(378880K) Eden: 130048K(130048K)->130048K(130048K) From: 47458K(248832K)->47458K(248832K)
[256.231s][info][gc,heap        ] GC(381) ParOldGen: 7714233K(7714304K)->7714233K(7714304K)
[256.231s][info][gc,metaspace   ] GC(381) Metaspace: 6303K(6528K)->6303K(6528K) NonClass: 5770K(5888K)->5770K(5888K) Class: 533K(640K)->533K(640K)
[256.231s][info][gc             ] GC(381) Pause Full (Ergonomics) 7706M->7706M(7903M) 2317.168ms
[256.231s][info][gc,cpu         ] GC(381) User=17.47s Sys=0.00s Real=2.32s
[256.232s][info][gc,start       ] GC(382) Pause Full (Ergonomics)
[256.232s][info][gc,phases,start] GC(382) Marking Phase
[258.045s][info][gc,phases      ] GC(382) Marking Phase 1813.294ms
[258.045s][info][gc,phases,start] GC(382) Summary Phase
[258.045s][info][gc,phases      ] GC(382) Summary Phase 0.076ms
[258.045s][info][gc,phases,start] GC(382) Adjust Roots
[258.045s][info][gc,phases      ] GC(382) Adjust Roots 0.172ms
[258.045s][info][gc,phases,start] GC(382) Compaction Phase
[258.578s][info][gc,phases      ] GC(382) Compaction Phase 532.567ms
[258.578s][info][gc,phases,start] GC(382) Post Compact
[258.590s][info][gc,phases      ] GC(382) Post Compact 11.726ms
[258.590s][info][gc,heap        ] GC(382) PSYoungGen: 177506K(378880K)->177506K(378880K) Eden: 130048K(130048K)->130048K(130048K) From: 47458K(248832K)->47458K(248832K)
[258.590s][info][gc,heap        ] GC(382) ParOldGen: 7714238K(7714304K)->7714238K(7714304K)
[258.590s][info][gc,metaspace   ] GC(382) Metaspace: 6303K(6528K)->6303K(6528K) NonClass: 5770K(5888K)->5770K(5888K) Class: 533K(640K)->533K(640K)
[258.590s][info][gc             ] GC(382) Pause Full (Ergonomics) 7706M->7706M(7903M) 2358.162ms
[258.590s][info][gc,cpu         ] GC(382) User=17.97s Sys=0.02s Real=2.36s
[258.590s][info][gc,start       ] GC(383) Pause Full (Ergonomics)
[258.590s][info][gc,phases,start] GC(383) Marking Phase
[260.419s][info][gc,phases      ] GC(383) Marking Phase 1829.288ms
[260.419s][info][gc,phases,start] GC(383) Summary Phase
[260.419s][info][gc,phases      ] GC(383) Summary Phase 0.077ms
[260.419s][info][gc,phases,start] GC(383) Adjust Roots
[260.420s][info][gc,phases      ] GC(383) Adjust Roots 0.175ms
[260.420s][info][gc,phases,start] GC(383) Compaction Phase
[260.938s][info][gc,phases      ] GC(383) Compaction Phase 517.931ms
[260.938s][info][gc,phases,start] GC(383) Post Compact
[260.949s][info][gc,phases      ] GC(383) Post Compact 11.719ms
[260.949s][info][gc,heap        ] GC(383) PSYoungGen: 177506K(378880K)->177506K(378880K) Eden: 130048K(130048K)->130048K(130048K) From: 47458K(248832K)->47458K(248832K)
[260.950s][info][gc,heap        ] GC(383) ParOldGen: 7714243K(7714304K)->7714243K(7714304K)
[260.950s][info][gc,metaspace   ] GC(383) Metaspace: 6303K(6528K)->6303K(6528K) NonClass: 5770K(5888K)->5770K(5888K) Class: 533K(640K)->533K(640K)
[260.950s][info][gc             ] GC(383) Pause Full (Ergonomics) 7706M->7706M(7903M) 2359.532ms
[260.950s][info][gc,cpu         ] GC(383) User=17.98s Sys=0.02s Real=2.36s
[260.950s][info][gc,start       ] GC(384) Pause Full (Ergonomics)
[260.950s][info][gc,phases,start] GC(384) Marking Phase
[262.761s][info][gc,phases      ] GC(384) Marking Phase 1810.800ms
[262.761s][info][gc,phases,start] GC(384) Summary Phase
[262.761s][info][gc,phases      ] GC(384) Summary Phase 0.078ms
[262.761s][info][gc,phases,start] GC(384) Adjust Roots
[262.761s][info][gc,phases      ] GC(384) Adjust Roots 0.173ms
[262.761s][info][gc,phases,start] GC(384) Compaction Phase
[263.289s][info][gc,phases      ] GC(384) Compaction Phase 527.904ms
[263.289s][info][gc,phases,start] GC(384) Post Compact
[263.300s][info][gc,phases      ] GC(384) Post Compact 11.495ms
[263.301s][info][gc,heap        ] GC(384) PSYoungGen: 177506K(378880K)->177506K(378880K) Eden: 130048K(130048K)->130048K(130048K) From: 47458K(248832K)->47458K(248832K)
[263.301s][info][gc,heap        ] GC(384) ParOldGen: 7714248K(7714304K)->7714248K(7714304K)
[263.301s][info][gc,metaspace   ] GC(384) Metaspace: 6303K(6528K)->6303K(6528K) NonClass: 5770K(5888K)->5770K(5888K) Class: 533K(640K)->533K(640K)
[263.301s][info][gc             ] GC(384) Pause Full (Ergonomics) 7706M->7706M(7903M) 2350.819ms
[263.301s][info][gc,cpu         ] GC(384) User=17.83s Sys=0.00s Real=2.35s
[263.301s][info][gc,start       ] GC(385) Pause Full (Ergonomics)
[263.301s][info][gc,phases,start] GC(385) Marking Phase
[265.096s][info][gc,phases      ] GC(385) Marking Phase 1794.996ms
[265.096s][info][gc,phases,start] GC(385) Summary Phase
[265.096s][info][gc,phases      ] GC(385) Summary Phase 0.079ms
[265.096s][info][gc,phases,start] GC(385) Adjust Roots
[265.096s][info][gc,phases      ] GC(385) Adjust Roots 0.176ms
[265.096s][info][gc,phases,start] GC(385) Compaction Phase
[265.624s][info][gc,phases      ] GC(385) Compaction Phase 528.237ms
[265.624s][info][gc,phases,start] GC(385) Post Compact
[265.636s][info][gc,phases      ] GC(385) Post Compact 11.688ms
[265.636s][info][gc,heap        ] GC(385) PSYoungGen: 177506K(378880K)->177506K(378880K) Eden: 130048K(130048K)->130048K(130048K) From: 47458K(248832K)->47458K(248832K)
[265.636s][info][gc,heap        ] GC(385) ParOldGen: 7714253K(7714304K)->7714253K(7714304K)
[265.636s][info][gc,metaspace   ] GC(385) Metaspace: 6303K(6528K)->6303K(6528K) NonClass: 5770K(5888K)->5770K(5888K) Class: 533K(640K)->533K(640K)
[265.636s][info][gc             ] GC(385) Pause Full (Ergonomics) 7706M->7706M(7903M) 2335.620ms
[265.636s][info][gc,cpu         ] GC(385) User=17.70s Sys=0.02s Real=2.34s
[265.637s][info][gc,start       ] GC(386) Pause Full (Ergonomics)
[265.637s][info][gc,phases,start] GC(386) Marking Phase
[267.442s][info][gc,phases      ] GC(386) Marking Phase 1804.883ms
[267.442s][info][gc,phases,start] GC(386) Summary Phase
[267.442s][info][gc,phases      ] GC(386) Summary Phase 0.083ms
[267.442s][info][gc,phases,start] GC(386) Adjust Roots
[267.442s][info][gc,phases      ] GC(386) Adjust Roots 0.201ms
[267.442s][info][gc,phases,start] GC(386) Compaction Phase
[267.967s][info][gc,phases      ] GC(386) Compaction Phase 525.270ms
[267.967s][info][gc,phases,start] GC(386) Post Compact
[267.979s][info][gc,phases      ] GC(386) Post Compact 11.832ms
[267.979s][info][gc,heap        ] GC(386) PSYoungGen: 177506K(378880K)->177506K(378880K) Eden: 130048K(130048K)->130048K(130048K) From: 47458K(248832K)->47458K(248832K)
[267.979s][info][gc,heap        ] GC(386) ParOldGen: 7714258K(7714304K)->7714258K(7714304K)
[267.979s][info][gc,metaspace   ] GC(386) Metaspace: 6303K(6528K)->6303K(6528K) NonClass: 5770K(5888K)->5770K(5888K) Class: 533K(640K)->533K(640K)
[267.979s][info][gc             ] GC(386) Pause Full (Ergonomics) 7706M->7706M(7903M) 2342.636ms
[267.979s][info][gc,cpu         ] GC(386) User=17.81s Sys=0.02s Real=2.34s
[267.979s][info][gc,start       ] GC(387) Pause Full (Ergonomics)
[267.980s][info][gc,phases,start] GC(387) Marking Phase
[269.786s][info][gc,phases      ] GC(387) Marking Phase 1806.815ms
[269.786s][info][gc,phases,start] GC(387) Summary Phase
[269.786s][info][gc,phases      ] GC(387) Summary Phase 0.083ms
[269.787s][info][gc,phases,start] GC(387) Adjust Roots
[269.787s][info][gc,phases      ] GC(387) Adjust Roots 0.170ms
[269.787s][info][gc,phases,start] GC(387) Compaction Phase
[270.330s][info][gc,phases      ] GC(387) Compaction Phase 543.534ms
[270.330s][info][gc,phases,start] GC(387) Post Compact
[270.342s][info][gc,phases      ] GC(387) Post Compact 11.792ms
[270.342s][info][gc,heap        ] GC(387) PSYoungGen: 177506K(378880K)->177506K(378880K) Eden: 130048K(130048K)->130048K(130048K) From: 47458K(248832K)->47458K(248832K)
[270.342s][info][gc,heap        ] GC(387) ParOldGen: 7714262K(7714304K)->7714262K(7714304K)
[270.342s][info][gc,metaspace   ] GC(387) Metaspace: 6303K(6528K)->6303K(6528K) NonClass: 5770K(5888K)->5770K(5888K) Class: 533K(640K)->533K(640K)
[270.342s][info][gc             ] GC(387) Pause Full (Ergonomics) 7706M->7706M(7903M) 2362.766ms
[270.342s][info][gc,cpu         ] GC(387) User=17.86s Sys=0.00s Real=2.36s
[270.342s][info][gc,start       ] GC(388) Pause Full (Ergonomics)
[270.342s][info][gc,phases,start] GC(388) Marking Phase
[272.139s][info][gc,phases      ] GC(388) Marking Phase 1796.849ms
[272.139s][info][gc,phases,start] GC(388) Summary Phase
[272.139s][info][gc,phases      ] GC(388) Summary Phase 0.078ms
[272.139s][info][gc,phases,start] GC(388) Adjust Roots
[272.140s][info][gc,phases      ] GC(388) Adjust Roots 0.175ms
[272.140s][info][gc,phases,start] GC(388) Compaction Phase
[272.671s][info][gc,phases      ] GC(388) Compaction Phase 531.416ms
[272.671s][info][gc,phases,start] GC(388) Post Compact
[272.683s][info][gc,phases      ] GC(388) Post Compact 11.746ms
[272.683s][info][gc,heap        ] GC(388) PSYoungGen: 177506K(378880K)->177506K(378880K) Eden: 130048K(130048K)->130048K(130048K) From: 47458K(248832K)->47458K(248832K)
[272.683s][info][gc,heap        ] GC(388) ParOldGen: 7714267K(7714304K)->7714267K(7714304K)
[272.683s][info][gc,metaspace   ] GC(388) Metaspace: 6303K(6528K)->6303K(6528K) NonClass: 5770K(5888K)->5770K(5888K) Class: 533K(640K)->533K(640K)
[272.683s][info][gc             ] GC(388) Pause Full (Ergonomics) 7706M->7706M(7903M) 2340.713ms
[272.683s][info][gc,cpu         ] GC(388) User=17.89s Sys=0.00s Real=2.34s
[272.683s][info][gc,start       ] GC(389) Pause Full (Ergonomics)
[272.683s][info][gc,phases,start] GC(389) Marking Phase
[274.495s][info][gc,phases      ] GC(389) Marking Phase 1811.438ms
[274.495s][info][gc,phases,start] GC(389) Summary Phase
[274.495s][info][gc,phases      ] GC(389) Summary Phase 0.080ms
[274.495s][info][gc,phases,start] GC(389) Adjust Roots
[274.495s][info][gc,phases      ] GC(389) Adjust Roots 0.200ms
[274.495s][info][gc,phases,start] GC(389) Compaction Phase
[275.029s][info][gc,phases      ] GC(389) Compaction Phase 534.029ms
[275.029s][info][gc,phases,start] GC(389) Post Compact
[275.042s][info][gc,phases      ] GC(389) Post Compact 12.103ms
[275.042s][info][gc,heap        ] GC(389) PSYoungGen: 177506K(378880K)->177506K(378880K) Eden: 130048K(130048K)->130048K(130048K) From: 47458K(248832K)->47458K(248832K)
[275.042s][info][gc,heap        ] GC(389) ParOldGen: 7714272K(7714304K)->7714272K(7714304K)
[275.042s][info][gc,metaspace   ] GC(389) Metaspace: 6303K(6528K)->6303K(6528K) NonClass: 5770K(5888K)->5770K(5888K) Class: 533K(640K)->533K(640K)
[275.042s][info][gc             ] GC(389) Pause Full (Ergonomics) 7706M->7706M(7903M) 2358.226ms
[275.042s][info][gc,cpu         ] GC(389) User=17.83s Sys=0.00s Real=2.36s
[275.042s][info][gc,start       ] GC(390) Pause Full (Ergonomics)
[275.042s][info][gc,phases,start] GC(390) Marking Phase
[276.895s][info][gc,phases      ] GC(390) Marking Phase 1853.424ms
[276.895s][info][gc,phases,start] GC(390) Summary Phase
[276.895s][info][gc,phases      ] GC(390) Summary Phase 0.084ms
[276.895s][info][gc,phases,start] GC(390) Adjust Roots
[276.896s][info][gc,phases      ] GC(390) Adjust Roots 0.191ms
[276.896s][info][gc,phases,start] GC(390) Compaction Phase
[277.421s][info][gc,phases      ] GC(390) Compaction Phase 525.120ms
[277.421s][info][gc,phases,start] GC(390) Post Compact
[277.433s][info][gc,phases      ] GC(390) Post Compact 11.864ms
[277.433s][info][gc,heap        ] GC(390) PSYoungGen: 177506K(378880K)->177506K(378880K) Eden: 130048K(130048K)->130048K(130048K) From: 47458K(248832K)->47458K(248832K)
[277.433s][info][gc,heap        ] GC(390) ParOldGen: 7714277K(7714304K)->7714277K(7714304K)
[277.433s][info][gc,metaspace   ] GC(390) Metaspace: 6303K(6528K)->6303K(6528K) NonClass: 5770K(5888K)->5770K(5888K) Class: 533K(640K)->533K(640K)
[277.433s][info][gc             ] GC(390) Pause Full (Ergonomics) 7706M->7706M(7903M) 2391.074ms
[277.433s][info][gc,cpu         ] GC(390) User=18.11s Sys=0.00s Real=2.39s
[277.433s][info][gc,start       ] GC(391) Pause Full (Ergonomics)
[277.433s][info][gc,phases,start] GC(391) Marking Phase
[279.220s][info][gc,phases      ] GC(391) Marking Phase 1787.230ms
[279.220s][info][gc,phases,start] GC(391) Summary Phase
[279.221s][info][gc,phases      ] GC(391) Summary Phase 0.082ms
[279.221s][info][gc,phases,start] GC(391) Adjust Roots
[279.221s][info][gc,phases      ] GC(391) Adjust Roots 0.186ms
[279.221s][info][gc,phases,start] GC(391) Compaction Phase
[279.742s][info][gc,phases      ] GC(391) Compaction Phase 521.419ms
[279.742s][info][gc,phases,start] GC(391) Post Compact
[279.754s][info][gc,phases      ] GC(391) Post Compact 11.750ms
[279.754s][info][gc,heap        ] GC(391) PSYoungGen: 177506K(378880K)->177506K(378880K) Eden: 130048K(130048K)->130048K(130048K) From: 47458K(248832K)->47458K(248832K)
[279.754s][info][gc,heap        ] GC(391) ParOldGen: 7714282K(7714304K)->7714282K(7714304K)
[279.754s][info][gc,metaspace   ] GC(391) Metaspace: 6303K(6528K)->6303K(6528K) NonClass: 5770K(5888K)->5770K(5888K) Class: 533K(640K)->533K(640K)
[279.754s][info][gc             ] GC(391) Pause Full (Ergonomics) 7706M->7706M(7903M) 2321.017ms
[279.754s][info][gc,cpu         ] GC(391) User=17.59s Sys=0.00s Real=2.32s
[279.754s][info][gc,start       ] GC(392) Pause Full (Ergonomics)
[279.755s][info][gc,phases,start] GC(392) Marking Phase
[281.546s][info][gc,phases      ] GC(392) Marking Phase 1791.786ms
[281.546s][info][gc,phases,start] GC(392) Summary Phase
[281.546s][info][gc,phases      ] GC(392) Summary Phase 0.077ms
[281.546s][info][gc,phases,start] GC(392) Adjust Roots
[281.547s][info][gc,phases      ] GC(392) Adjust Roots 0.170ms
[281.547s][info][gc,phases,start] GC(392) Compaction Phase
[282.078s][info][gc,phases      ] GC(392) Compaction Phase 531.100ms
[282.078s][info][gc,phases,start] GC(392) Post Compact
[282.090s][info][gc,phases      ] GC(392) Post Compact 11.779ms
[282.090s][info][gc,heap        ] GC(392) PSYoungGen: 177506K(378880K)->177506K(378880K) Eden: 130048K(130048K)->130048K(130048K) From: 47458K(248832K)->47458K(248832K)
[282.090s][info][gc,heap        ] GC(392) ParOldGen: 7714287K(7714304K)->7714287K(7714304K)
[282.090s][info][gc,metaspace   ] GC(392) Metaspace: 6303K(6528K)->6303K(6528K) NonClass: 5770K(5888K)->5770K(5888K) Class: 533K(640K)->533K(640K)
[282.090s][info][gc             ] GC(392) Pause Full (Ergonomics) 7706M->7706M(7903M) 2335.272ms
[282.090s][info][gc,cpu         ] GC(392) User=17.78s Sys=0.02s Real=2.34s
[282.090s][info][gc,start       ] GC(393) Pause Full (Ergonomics)
[282.090s][info][gc,phases,start] GC(393) Marking Phase
[283.876s][info][gc,phases      ] GC(393) Marking Phase 1786.270ms
[283.876s][info][gc,phases,start] GC(393) Summary Phase
[283.876s][info][gc,phases      ] GC(393) Summary Phase 0.081ms
[283.876s][info][gc,phases,start] GC(393) Adjust Roots
[283.877s][info][gc,phases      ] GC(393) Adjust Roots 0.214ms
[283.877s][info][gc,phases,start] GC(393) Compaction Phase
[284.408s][info][gc,phases      ] GC(393) Compaction Phase 531.493ms
[284.408s][info][gc,phases,start] GC(393) Post Compact
[284.420s][info][gc,phases      ] GC(393) Post Compact 11.752ms
[284.420s][info][gc,heap        ] GC(393) PSYoungGen: 177506K(378880K)->177506K(378880K) Eden: 130048K(130048K)->130048K(130048K) From: 47458K(248832K)->47458K(248832K)
[284.420s][info][gc,heap        ] GC(393) ParOldGen: 7714291K(7714304K)->7714291K(7714304K)
[284.420s][info][gc,metaspace   ] GC(393) Metaspace: 6303K(6528K)->6303K(6528K) NonClass: 5770K(5888K)->5770K(5888K) Class: 533K(640K)->533K(640K)
[284.420s][info][gc             ] GC(393) Pause Full (Ergonomics) 7706M->7706M(7903M) 2330.170ms
[284.420s][info][gc,cpu         ] GC(393) User=17.78s Sys=0.02s Real=2.33s
[284.420s][info][gc,start       ] GC(394) Pause Full (Ergonomics)
[284.420s][info][gc,phases,start] GC(394) Marking Phase
[286.250s][info][gc,phases      ] GC(394) Marking Phase 1829.393ms
[286.250s][info][gc,phases,start] GC(394) Summary Phase
[286.250s][info][gc,phases      ] GC(394) Summary Phase 0.126ms
[286.250s][info][gc,phases,start] GC(394) Adjust Roots
[286.250s][info][gc,phases      ] GC(394) Adjust Roots 0.259ms
[286.250s][info][gc,phases,start] GC(394) Compaction Phase
[286.772s][info][gc,phases      ] GC(394) Compaction Phase 521.542ms
[286.772s][info][gc,phases,start] GC(394) Post Compact
[286.784s][info][gc,phases      ] GC(394) Post Compact 11.869ms
[286.784s][info][gc,heap        ] GC(394) PSYoungGen: 177506K(378880K)->177506K(378880K) Eden: 130048K(130048K)->130048K(130048K) From: 47458K(248832K)->47458K(248832K)
[286.784s][info][gc,heap        ] GC(394) ParOldGen: 7714296K(7714304K)->7714296K(7714304K)
[286.784s][info][gc,metaspace   ] GC(394) Metaspace: 6303K(6528K)->6303K(6528K) NonClass: 5770K(5888K)->5770K(5888K) Class: 533K(640K)->533K(640K)
[286.784s][info][gc             ] GC(394) Pause Full (Ergonomics) 7706M->7706M(7903M) 2363.563ms
[286.784s][info][gc,cpu         ] GC(394) User=17.81s Sys=0.02s Real=2.36s
[286.784s][info][gc,start       ] GC(395) Pause Full (Ergonomics)
[286.784s][info][gc,phases,start] GC(395) Marking Phase
[288.606s][info][gc,phases      ] GC(395) Marking Phase 1821.465ms
[288.606s][info][gc,phases,start] GC(395) Summary Phase
[288.606s][info][gc,phases      ] GC(395) Summary Phase 0.117ms
[288.606s][info][gc,phases,start] GC(395) Adjust Roots
[288.606s][info][gc,phases      ] GC(395) Adjust Roots 0.256ms
[288.606s][info][gc,phases,start] GC(395) Compaction Phase
[289.139s][info][gc,phases      ] GC(395) Compaction Phase 532.401ms
[289.139s][info][gc,phases,start] GC(395) Post Compact
[289.150s][info][gc,phases      ] GC(395) Post Compact 11.660ms
[289.150s][info][gc,heap        ] GC(395) PSYoungGen: 177506K(378880K)->177506K(378880K) Eden: 130048K(130048K)->130048K(130048K) From: 47458K(248832K)->47458K(248832K)
[289.150s][info][gc,heap        ] GC(395) ParOldGen: 7714301K(7714304K)->7714301K(7714304K)
[289.151s][info][gc,metaspace   ] GC(395) Metaspace: 6303K(6528K)->6303K(6528K) NonClass: 5770K(5888K)->5770K(5888K) Class: 533K(640K)->533K(640K)
[289.151s][info][gc             ] GC(395) Pause Full (Ergonomics) 7706M->7706M(7903M) 2366.389ms
[289.151s][info][gc,cpu         ] GC(395) User=18.00s Sys=0.00s Real=2.37s
[289.151s][info][gc,start       ] GC(396) Pause Full (Ergonomics)
[289.151s][info][gc,phases,start] GC(396) Marking Phase
[290.958s][info][gc,phases      ] GC(396) Marking Phase 1806.895ms
[290.958s][info][gc,phases,start] GC(396) Summary Phase
[290.958s][info][gc,phases      ] GC(396) Summary Phase 0.084ms
[290.958s][info][gc,phases,start] GC(396) Adjust Roots
[290.958s][info][gc,phases      ] GC(396) Adjust Roots 0.214ms
[290.958s][info][gc,phases,start] GC(396) Compaction Phase
[291.486s][info][gc,phases      ] GC(396) Compaction Phase 528.167ms
[291.486s][info][gc,phases,start] GC(396) Post Compact
[291.498s][info][gc,phases      ] GC(396) Post Compact 11.761ms
[291.498s][info][gc,heap        ] GC(396) PSYoungGen: 177506K(378880K)->177506K(378880K) Eden: 130048K(130048K)->130048K(130048K) From: 47458K(248832K)->47458K(248832K)
[291.498s][info][gc,heap        ] GC(396) ParOldGen: 7714303K(7714304K)->7714303K(7714304K)
[291.498s][info][gc,metaspace   ] GC(396) Metaspace: 6303K(6528K)->6303K(6528K) NonClass: 5770K(5888K)->5770K(5888K) Class: 533K(640K)->533K(640K)
[291.498s][info][gc             ] GC(396) Pause Full (Ergonomics) 7706M->7706M(7903M) 2347.491ms
[291.498s][info][gc,cpu         ] GC(396) User=17.81s Sys=0.02s Real=2.35s
[291.498s][info][gc,start       ] GC(397) Pause Full (Allocation Failure)
[291.498s][info][gc,phases,start] GC(397) Marking Phase
[293.298s][info][gc,phases      ] GC(397) Marking Phase 1799.715ms
[293.298s][info][gc,phases,start] GC(397) Summary Phase
[293.298s][info][gc,phases      ] GC(397) Summary Phase 0.080ms
[293.298s][info][gc,phases,start] GC(397) Adjust Roots
[293.299s][info][gc,phases      ] GC(397) Adjust Roots 0.398ms
[293.299s][info][gc,phases,start] GC(397) Compaction Phase
[295.265s][info][gc,phases      ] GC(397) Compaction Phase 1965.980ms
[295.265s][info][gc,phases,start] GC(397) Post Compact
[295.277s][info][gc,phases      ] GC(397) Post Compact 12.004ms
[295.277s][info][gc,heap        ] GC(397) PSYoungGen: 177506K(378880K)->177506K(378880K) Eden: 130048K(130048K)->130048K(130048K) From: 47458K(248832K)->47458K(248832K)
[295.277s][info][gc,heap        ] GC(397) ParOldGen: 7714303K(7714304K)->7714299K(7714304K)
[295.277s][info][gc,metaspace   ] GC(397) Metaspace: 6303K(6528K)->6301K(6528K) NonClass: 5770K(5888K)->5769K(5888K) Class: 533K(640K)->532K(640K)
[295.277s][info][gc             ] GC(397) Pause Full (Allocation Failure) 7706M->7706M(7903M) 3778.515ms
[295.277s][info][gc,cpu         ] GC(397) User=28.12s Sys=0.02s Real=3.78s
[295.277s][info][gc,start       ] GC(398) Pause Full (Ergonomics)
[295.277s][info][gc,phases,start] GC(398) Marking Phase
[297.043s][info][gc,phases      ] GC(398) Marking Phase 1765.247ms
[297.043s][info][gc,phases,start] GC(398) Summary Phase
[297.043s][info][gc,phases      ] GC(398) Summary Phase 0.078ms
[297.043s][info][gc,phases,start] GC(398) Adjust Roots
[297.043s][info][gc,phases      ] GC(398) Adjust Roots 0.170ms
[297.043s][info][gc,phases,start] GC(398) Compaction Phase
[297.579s][info][gc,phases      ] GC(398) Compaction Phase 536.020ms
[297.579s][info][gc,phases,start] GC(398) Post Compact
[297.591s][info][gc,phases      ] GC(398) Post Compact 11.739ms
[297.591s][info][gc,heap        ] GC(398) PSYoungGen: 177506K(378880K)->177506K(378880K) Eden: 130048K(130048K)->130048K(130048K) From: 47458K(248832K)->47458K(248832K)
[297.591s][info][gc,heap        ] GC(398) ParOldGen: 7714302K(7714304K)->7714302K(7714304K)
[297.591s][info][gc,metaspace   ] GC(398) Metaspace: 6301K(6528K)->6301K(6528K) NonClass: 5769K(5888K)->5769K(5888K) Class: 532K(640K)->532K(640K)
[297.591s][info][gc             ] GC(398) Pause Full (Ergonomics) 7706M->7706M(7903M) 2313.676ms
[297.591s][info][gc,cpu         ] GC(398) User=17.61s Sys=0.00s Real=2.31s
[297.591s][info][gc,start       ] GC(399) Pause Full (Ergonomics)
[297.591s][info][gc,phases,start] GC(399) Marking Phase
[299.388s][info][gc,phases      ] GC(399) Marking Phase 1796.946ms
[299.388s][info][gc,phases,start] GC(399) Summary Phase
[299.388s][info][gc,phases      ] GC(399) Summary Phase 0.078ms
[299.389s][info][gc,phases,start] GC(399) Adjust Roots
[299.389s][info][gc,phases      ] GC(399) Adjust Roots 0.173ms
[299.389s][info][gc,phases,start] GC(399) Compaction Phase
[299.904s][info][gc,phases      ] GC(399) Compaction Phase 515.269ms
[299.904s][info][gc,phases,start] GC(399) Post Compact
[299.916s][info][gc,phases      ] GC(399) Post Compact 11.800ms
[299.916s][info][gc,heap        ] GC(399) PSYoungGen: 177506K(378880K)->177506K(378880K) Eden: 130048K(130048K)->130048K(130048K) From: 47458K(248832K)->47458K(248832K)
[299.916s][info][gc,heap        ] GC(399) ParOldGen: 7714303K(7714304K)->7714303K(7714304K)
[299.916s][info][gc,metaspace   ] GC(399) Metaspace: 6301K(6528K)->6301K(6528K) NonClass: 5769K(5888K)->5769K(5888K) Class: 532K(640K)->532K(640K)
[299.916s][info][gc             ] GC(399) Pause Full (Ergonomics) 7706M->7706M(7903M) 2324.609ms
[299.916s][info][gc,cpu         ] GC(399) User=17.77s Sys=0.00s Real=2.33s
[299.916s][info][gc,start       ] GC(400) Pause Full (Allocation Failure)
[299.916s][info][gc,phases,start] GC(400) Marking Phase
[301.739s][info][gc,phases      ] GC(400) Marking Phase 1822.756ms
[301.739s][info][gc,phases,start] GC(400) Summary Phase
[301.739s][info][gc,phases      ] GC(400) Summary Phase 0.120ms
[301.739s][info][gc,phases,start] GC(400) Adjust Roots
[301.739s][info][gc,phases      ] GC(400) Adjust Roots 0.293ms
[301.739s][info][gc,phases,start] GC(400) Compaction Phase
[302.274s][info][gc,phases      ] GC(400) Compaction Phase 534.513ms
[302.274s][info][gc,phases,start] GC(400) Post Compact
[302.286s][info][gc,phases      ] GC(400) Post Compact 11.535ms
[302.286s][info][gc,heap        ] GC(400) PSYoungGen: 177506K(378880K)->177506K(378880K) Eden: 130048K(130048K)->130048K(130048K) From: 47458K(248832K)->47458K(248832K)
[302.286s][info][gc,heap        ] GC(400) ParOldGen: 7714303K(7714304K)->7714303K(7714304K)
[302.286s][info][gc,metaspace   ] GC(400) Metaspace: 6301K(6528K)->6301K(6528K) NonClass: 5769K(5888K)->5769K(5888K) Class: 532K(640K)->532K(640K)
[302.286s][info][gc             ] GC(400) Pause Full (Allocation Failure) 7706M->7706M(7903M) 2369.598ms
[302.286s][info][gc,cpu         ] GC(400) User=17.78s Sys=0.00s Real=2.37s
[302.286s][info][gc,start       ] GC(401) Pause Full (Ergonomics)
[302.286s][info][gc,phases,start] GC(401) Marking Phase
[304.084s][info][gc,phases      ] GC(401) Marking Phase 1797.806ms
[304.084s][info][gc,phases,start] GC(401) Summary Phase
[304.084s][info][gc,phases      ] GC(401) Summary Phase 0.224ms
[304.084s][info][gc,phases,start] GC(401) Adjust Roots
[304.085s][info][gc,phases      ] GC(401) Adjust Roots 0.324ms
[304.085s][info][gc,phases,start] GC(401) Compaction Phase
[306.074s][info][gc,phases      ] GC(401) Compaction Phase 1988.990ms
[306.074s][info][gc,phases,start] GC(401) Post Compact
[306.086s][info][gc,phases      ] GC(401) Post Compact 12.159ms
[306.086s][info][gc,heap        ] GC(401) PSYoungGen: 177506K(378880K)->177506K(378880K) Eden: 130048K(130048K)->130048K(130048K) From: 47458K(248832K)->47458K(248832K)
[306.086s][info][gc,heap        ] GC(401) ParOldGen: 7714304K(7714304K)->7714302K(7714304K)
[306.086s][info][gc,metaspace   ] GC(401) Metaspace: 6301K(6528K)->6301K(6528K) NonClass: 5769K(5888K)->5769K(5888K) Class: 532K(640K)->532K(640K)
[306.086s][info][gc             ] GC(401) Pause Full (Ergonomics) 7706M->7706M(7903M) 3800.015ms
[306.086s][info][gc,cpu         ] GC(401) User=28.12s Sys=0.02s Real=3.80s
[306.087s][info][gc,start       ] GC(402) Pause Full (Ergonomics)
[306.087s][info][gc,phases,start] GC(402) Marking Phase
[307.879s][info][gc,phases      ] GC(402) Marking Phase 1792.020ms
[307.879s][info][gc,phases,start] GC(402) Summary Phase
[307.879s][info][gc,phases      ] GC(402) Summary Phase 0.129ms
[307.879s][info][gc,phases,start] GC(402) Adjust Roots
[307.880s][info][gc,phases      ] GC(402) Adjust Roots 0.437ms
[307.880s][info][gc,phases,start] GC(402) Compaction Phase
[309.879s][info][gc,phases      ] GC(402) Compaction Phase 1999.172ms
[309.879s][info][gc,phases,start] GC(402) Post Compact
[309.891s][info][gc,phases      ] GC(402) Post Compact 11.851ms
[309.891s][info][gc,heap        ] GC(402) PSYoungGen: 177506K(378880K)->177506K(378880K) Eden: 130048K(130048K)->130048K(130048K) From: 47458K(248832K)->47458K(248832K)
[309.891s][info][gc,heap        ] GC(402) ParOldGen: 7714303K(7714304K)->7714301K(7714304K)
[309.891s][info][gc,metaspace   ] GC(402) Metaspace: 6303K(6528K)->6303K(6528K) NonClass: 5769K(5888K)->5769K(5888K) Class: 533K(640K)->533K(640K)
[309.891s][info][gc             ] GC(402) Pause Full (Ergonomics) 7706M->7706M(7903M) 3804.068ms
[309.891s][info][gc,cpu         ] GC(402) User=28.19s Sys=0.00s Real=3.80s
[309.892s][info][gc,start       ] GC(403) Pause Full (Ergonomics)
[309.892s][info][gc,phases,start] GC(403) Marking Phase
[311.683s][info][gc,phases      ] GC(403) Marking Phase 1791.061ms
[311.683s][info][gc,phases,start] GC(403) Summary Phase
[311.683s][info][gc,phases      ] GC(403) Summary Phase 0.119ms
[311.683s][info][gc,phases,start] GC(403) Adjust Roots
[311.683s][info][gc,phases      ] GC(403) Adjust Roots 0.267ms
[311.683s][info][gc,phases,start] GC(403) Compaction Phase
[313.653s][info][gc,phases      ] GC(403) Compaction Phase 1969.736ms
[313.653s][info][gc,phases,start] GC(403) Post Compact
[313.665s][info][gc,phases      ] GC(403) Post Compact 11.949ms
[313.665s][info][gc,heap        ] GC(403) PSYoungGen: 177506K(378880K)->177506K(378880K) Eden: 130048K(130048K)->130048K(130048K) From: 47458K(248832K)->47458K(248832K)
[313.665s][info][gc,heap        ] GC(403) ParOldGen: 7714301K(7714304K)->7714301K(7714304K)
[313.665s][info][gc,metaspace   ] GC(403) Metaspace: 6306K(6528K)->6306K(6528K) NonClass: 5771K(5888K)->5771K(5888K) Class: 534K(640K)->534K(640K)
[313.665s][info][gc             ] GC(403) Pause Full (Ergonomics) 7706M->7706M(7903M) 3773.514ms
[313.665s][info][gc,cpu         ] GC(403) User=28.00s Sys=0.05s Real=3.77s
[313.666s][info][gc,heap,exit   ] Heap
[313.666s][info][gc,heap,exit   ]  PSYoungGen      total 378880K, used 177506K [0x0000000714980000, 0x0000000750d80000, 0x0000000800000000)
[313.666s][info][gc,heap,exit   ]   eden space 130048K, 100% used [0x0000000714980000,0x000000071c880000,0x000000071c880000)
[313.666s][info][gc,heap,exit   ]   from space 248832K, 19% used [0x000000071c880000,0x000000071f6d8a48,0x000000072bb80000)
[313.666s][info][gc,heap,exit   ]   to   space 421376K, 0% used [0x0000000737200000,0x0000000737200000,0x0000000750d80000)
[313.666s][info][gc,heap,exit   ]  ParOldGen       total 7714304K, used 7714301K [0x000000053dc00000, 0x0000000714980000, 0x0000000714980000)
[313.666s][info][gc,heap,exit   ]   object space 7714304K, 99% used [0x000000053dc00000,0x000000071497f5e8,0x0000000714980000)
[313.666s][info][gc,heap,exit   ]  Metaspace       used 6306K, committed 6528K, reserved 1114112K
[313.666s][info][gc,heap,exit   ]   class space    used 534K, committed 640K, reserved 1048576K
