[0.012s][info][gc,init] CardTable entry size: 512
[0.012s][info][gc     ] Using Parallel
[0.014s][info][gc,init] Version: 18.0.1+10 (release)
[0.014s][info][gc,init] CPUs: 8 total, 8 available
[0.014s][info][gc,init] Memory: 16063M
[0.014s][info][gc,init] Large Page Support: Disabled
[0.014s][info][gc,init] NUMA Support: Disabled
[0.014s][info][gc,init] Compressed Oops: Enabled (Zero based)
[0.014s][info][gc,init] Alignments: Space 512K, Generation 512K, Heap 2M
[0.014s][info][gc,init] Heap Min Capacity: 2M
[0.014s][info][gc,init] Heap Initial Capacity: 2M
[0.014s][info][gc,init] Heap Max Capacity: 16700M
[0.014s][info][gc,init] Pre-touch: Disabled
[0.014s][info][gc,init] Parallel Workers: 8
[0.015s][info][gc,metaspace] CDS archive(s) not mapped
[0.015s][info][gc,metaspace] Compressed class space mapped at: 0x0000000800000000-0x0000000840000000, reserved size: 1073741824
[0.015s][info][gc,metaspace] Narrow klass base: 0x0000000800000000, Narrow klass shift: 0, Narrow klass range: 0x40000000
[0.105s][info][gc,start    ] GC(0) Pause Young (Allocation Failure)
[0.107s][info][gc,heap     ] GC(0) PSYoungGen: 512K(1024K)->480K(1024K) Eden: 512K(512K)->0K(512K) From: 0K(512K)->480K(512K)
[0.107s][info][gc,heap     ] GC(0) ParOldGen: 0K(512K)->8K(512K)
[0.107s][info][gc,metaspace] GC(0) Metaspace: 4229K(4352K)->4229K(4352K) NonClass: 3908K(3968K)->3908K(3968K) Class: 321K(384K)->321K(384K)
[0.107s][info][gc          ] GC(0) Pause Young (Allocation Failure) 0M->0M(1M) 1.652ms
[0.107s][info][gc,cpu      ] GC(0) User=0.00s Sys=0.00s Real=0.00s
[0.169s][info][gc,start    ] GC(1) Pause Young (Allocation Failure)
[0.170s][info][gc,heap     ] GC(1) PSYoungGen: 991K(1024K)->512K(1536K) Eden: 511K(512K)->0K(1024K) From: 480K(512K)->512K(512K)
[0.170s][info][gc,heap     ] GC(1) ParOldGen: 8K(512K)->88K(512K)
[0.170s][info][gc,metaspace] GC(1) Metaspace: 5876K(5952K)->5876K(5952K) NonClass: 5380K(5440K)->5380K(5440K) Class: 496K(512K)->496K(512K)
[0.170s][info][gc          ] GC(1) Pause Young (Allocation Failure) 0M->0M(2M) 0.848ms
[0.170s][info][gc,cpu      ] GC(1) User=0.00s Sys=0.00s Real=0.00s
[0.190s][info][gc,start    ] GC(2) Pause Young (Allocation Failure)
[0.191s][info][gc,heap     ] GC(2) PSYoungGen: 1536K(1536K)->512K(1536K) Eden: 1024K(1024K)->0K(1024K) From: 512K(512K)->512K(512K)
[0.191s][info][gc,heap     ] GC(2) ParOldGen: 88K(512K)->496K(512K)
[0.191s][info][gc,metaspace] GC(2) Metaspace: 6296K(6464K)->6296K(6464K) NonClass: 5763K(5824K)->5763K(5824K) Class: 533K(640K)->533K(640K)
[0.191s][info][gc          ] GC(2) Pause Young (Allocation Failure) 1M->0M(2M) 1.085ms
[0.191s][info][gc,cpu      ] GC(2) User=0.00s Sys=0.00s Real=0.00s
[0.191s][info][gc,start    ] GC(3) Pause Full (Ergonomics)
[0.191s][info][gc,phases,start] GC(3) Marking Phase
[0.192s][info][gc,phases      ] GC(3) Marking Phase 0.949ms
[0.192s][info][gc,phases,start] GC(3) Summary Phase
[0.192s][info][gc,phases      ] GC(3) Summary Phase 0.015ms
[0.192s][info][gc,phases,start] GC(3) Adjust Roots
[0.193s][info][gc,phases      ] GC(3) Adjust Roots 0.384ms
[0.193s][info][gc,phases,start] GC(3) Compaction Phase
[0.194s][info][gc,phases      ] GC(3) Compaction Phase 1.496ms
[0.194s][info][gc,phases,start] GC(3) Post Compact
[0.194s][info][gc,phases      ] GC(3) Post Compact 0.089ms
[0.194s][info][gc,heap        ] GC(3) PSYoungGen: 512K(1536K)->506K(1536K) Eden: 0K(1024K)->0K(1024K) From: 512K(512K)->506K(512K)
[0.194s][info][gc,heap        ] GC(3) ParOldGen: 496K(512K)->474K(2048K)
[0.194s][info][gc,metaspace   ] GC(3) Metaspace: 6296K(6464K)->6296K(6464K) NonClass: 5763K(5824K)->5763K(5824K) Class: 533K(640K)->533K(640K)
[0.194s][info][gc             ] GC(3) Pause Full (Ergonomics) 0M->0M(3M) 3.240ms
[0.194s][info][gc,cpu         ] GC(3) User=0.00s Sys=0.00s Real=0.00s
[0.197s][info][gc,start       ] GC(4) Pause Young (Allocation Failure)
[0.198s][info][gc,heap        ] GC(4) PSYoungGen: 1530K(1536K)->512K(2560K) Eden: 1024K(1024K)->0K(2048K) From: 506K(512K)->512K(512K)
[0.198s][info][gc,heap        ] GC(4) ParOldGen: 474K(2048K)->1002K(2048K)
[0.198s][info][gc,metaspace   ] GC(4) Metaspace: 6296K(6464K)->6296K(6464K) NonClass: 5763K(5824K)->5763K(5824K) Class: 533K(640K)->533K(640K)
[0.198s][info][gc             ] GC(4) Pause Young (Allocation Failure) 1M->1M(4M) 1.478ms
[0.198s][info][gc,cpu         ] GC(4) User=0.00s Sys=0.00s Real=0.00s
[0.201s][info][gc,start       ] GC(5) Pause Young (Allocation Failure)
[0.203s][info][gc,heap        ] GC(5) PSYoungGen: 2560K(2560K)->512K(2560K) Eden: 2048K(2048K)->0K(2048K) From: 512K(512K)->512K(512K)
[0.203s][info][gc,heap        ] GC(5) ParOldGen: 1002K(2048K)->2102K(2560K)
[0.203s][info][gc,metaspace   ] GC(5) Metaspace: 6296K(6464K)->6296K(6464K) NonClass: 5763K(5824K)->5763K(5824K) Class: 533K(640K)->533K(640K)
[0.203s][info][gc             ] GC(5) Pause Young (Allocation Failure) 3M->2M(5M) 1.789ms
[0.203s][info][gc,cpu         ] GC(5) User=0.00s Sys=0.00s Real=0.00s
[0.203s][info][gc,start       ] GC(6) Pause Full (Ergonomics)
[0.203s][info][gc,phases,start] GC(6) Marking Phase
[0.204s][info][gc,phases      ] GC(6) Marking Phase 1.526ms
[0.204s][info][gc,phases,start] GC(6) Summary Phase
[0.204s][info][gc,phases      ] GC(6) Summary Phase 0.017ms
[0.205s][info][gc,phases,start] GC(6) Adjust Roots
[0.205s][info][gc,phases      ] GC(6) Adjust Roots 0.345ms
[0.205s][info][gc,phases,start] GC(6) Compaction Phase
[0.207s][info][gc,phases      ] GC(6) Compaction Phase 2.375ms
[0.207s][info][gc,phases,start] GC(6) Post Compact
[0.207s][info][gc,phases      ] GC(6) Post Compact 0.031ms
[0.207s][info][gc,heap        ] GC(6) PSYoungGen: 512K(2560K)->0K(4096K) Eden: 0K(2048K)->0K(3072K) From: 512K(512K)->0K(1024K)
[0.207s][info][gc,heap        ] GC(6) ParOldGen: 2102K(2560K)->2542K(6144K)
[0.207s][info][gc,metaspace   ] GC(6) Metaspace: 6296K(6464K)->6296K(6464K) NonClass: 5763K(5824K)->5763K(5824K) Class: 533K(640K)->533K(640K)
[0.208s][info][gc             ] GC(6) Pause Full (Ergonomics) 2M->2M(10M) 4.623ms
[0.208s][info][gc,cpu         ] GC(6) User=0.02s Sys=0.00s Real=0.00s
[0.212s][info][gc,start       ] GC(7) Pause Young (Allocation Failure)
[0.213s][info][gc,heap        ] GC(7) PSYoungGen: 3072K(4096K)->1664K(5120K) Eden: 3072K(3072K)->0K(3072K) From: 0K(1024K)->1664K(2048K)
[0.213s][info][gc,heap        ] GC(7) ParOldGen: 2542K(6144K)->2542K(6144K)
[0.213s][info][gc,metaspace   ] GC(7) Metaspace: 6296K(6464K)->6296K(6464K) NonClass: 5763K(5824K)->5763K(5824K) Class: 533K(640K)->533K(640K)
[0.213s][info][gc             ] GC(7) Pause Young (Allocation Failure) 5M->4M(11M) 1.743ms
[0.213s][info][gc,cpu         ] GC(7) User=0.00s Sys=0.00s Real=0.00s
[0.218s][info][gc,start       ] GC(8) Pause Young (Allocation Failure)
[0.221s][info][gc,heap        ] GC(8) PSYoungGen: 4736K(5120K)->2016K(5632K) Eden: 3072K(3072K)->0K(3584K) From: 1664K(2048K)->2016K(2048K)
[0.221s][info][gc,heap        ] GC(8) ParOldGen: 2542K(6144K)->3766K(6144K)
[0.221s][info][gc,metaspace   ] GC(8) Metaspace: 6296K(6464K)->6296K(6464K) NonClass: 5763K(5824K)->5763K(5824K) Class: 533K(640K)->533K(640K)
[0.221s][info][gc             ] GC(8) Pause Young (Allocation Failure) 7M->5M(11M) 3.224ms
[0.221s][info][gc,cpu         ] GC(8) User=0.02s Sys=0.00s Real=0.00s
[0.226s][info][gc,start       ] GC(9) Pause Young (Allocation Failure)
[0.230s][info][gc,heap        ] GC(9) PSYoungGen: 5600K(5632K)->3040K(6656K) Eden: 3584K(3584K)->0K(3584K) From: 2016K(2048K)->3040K(3072K)
[0.230s][info][gc,heap        ] GC(9) ParOldGen: 3766K(6144K)->4606K(6144K)
[0.230s][info][gc,metaspace   ] GC(9) Metaspace: 6296K(6464K)->6296K(6464K) NonClass: 5763K(5824K)->5763K(5824K) Class: 533K(640K)->533K(640K)
[0.230s][info][gc             ] GC(9) Pause Young (Allocation Failure) 9M->7M(12M) 3.931ms
[0.230s][info][gc,cpu         ] GC(9) User=0.00s Sys=0.00s Real=0.00s
[0.235s][info][gc,start       ] GC(10) Pause Young (Allocation Failure)
[0.239s][info][gc,heap        ] GC(10) PSYoungGen: 6624K(6656K)->4064K(9216K) Eden: 3584K(3584K)->0K(5120K) From: 3040K(3072K)->4064K(4096K)
[0.239s][info][gc,heap        ] GC(10) ParOldGen: 4606K(6144K)->5446K(6144K)
[0.239s][info][gc,metaspace   ] GC(10) Metaspace: 6296K(6464K)->6296K(6464K) NonClass: 5763K(5824K)->5763K(5824K) Class: 533K(640K)->533K(640K)
[0.239s][info][gc             ] GC(10) Pause Young (Allocation Failure) 10M->9M(15M) 4.357ms
[0.239s][info][gc,cpu         ] GC(10) User=0.00s Sys=0.00s Real=0.01s
[0.239s][info][gc,start       ] GC(11) Pause Full (Ergonomics)
[0.239s][info][gc,phases,start] GC(11) Marking Phase
[0.244s][info][gc,phases      ] GC(11) Marking Phase 4.647ms
[0.244s][info][gc,phases,start] GC(11) Summary Phase
[0.244s][info][gc,phases      ] GC(11) Summary Phase 0.020ms
[0.244s][info][gc,phases,start] GC(11) Adjust Roots
[0.245s][info][gc,phases      ] GC(11) Adjust Roots 0.484ms
[0.245s][info][gc,phases,start] GC(11) Compaction Phase
[0.250s][info][gc,phases      ] GC(11) Compaction Phase 5.878ms
[0.250s][info][gc,phases,start] GC(11) Post Compact
[0.251s][info][gc,phases      ] GC(11) Post Compact 0.059ms
[0.251s][info][gc,heap        ] GC(11) PSYoungGen: 4064K(9216K)->3545K(9216K) Eden: 0K(5120K)->0K(5120K) From: 4064K(4096K)->3545K(4096K)
[0.251s][info][gc,heap        ] GC(11) ParOldGen: 5446K(6144K)->5820K(10752K)
[0.251s][info][gc,metaspace   ] GC(11) Metaspace: 6296K(6464K)->6296K(6464K) NonClass: 5763K(5824K)->5763K(5824K) Class: 533K(640K)->533K(640K)
[0.251s][info][gc             ] GC(11) Pause Full (Ergonomics) 9M->9M(19M) 11.458ms
[0.251s][info][gc,cpu         ] GC(11) User=0.00s Sys=0.00s Real=0.01s
[0.257s][info][gc,start       ] GC(12) Pause Young (Allocation Failure)
[0.261s][info][gc,heap        ] GC(12) PSYoungGen: 8665K(9216K)->5088K(10240K) Eden: 5120K(5120K)->0K(5120K) From: 3545K(4096K)->5088K(5120K)
[0.261s][info][gc,heap        ] GC(12) ParOldGen: 5820K(10752K)->6948K(10752K)
[0.261s][info][gc,metaspace   ] GC(12) Metaspace: 6296K(6464K)->6296K(6464K) NonClass: 5763K(5824K)->5763K(5824K) Class: 533K(640K)->533K(640K)
[0.261s][info][gc             ] GC(12) Pause Young (Allocation Failure) 14M->11M(20M) 4.430ms
[0.261s][info][gc,cpu         ] GC(12) User=0.00s Sys=0.00s Real=0.00s
[0.266s][info][gc,start       ] GC(13) Pause Young (Allocation Failure)
[0.271s][info][gc,heap        ] GC(13) PSYoungGen: 10208K(10240K)->6496K(12800K) Eden: 5120K(5120K)->0K(6144K) From: 5088K(5120K)->6496K(6656K)
[0.271s][info][gc,heap        ] GC(13) ParOldGen: 6948K(10752K)->8228K(10752K)
[0.271s][info][gc,metaspace   ] GC(13) Metaspace: 6298K(6464K)->6298K(6464K) NonClass: 5765K(5824K)->5765K(5824K) Class: 533K(640K)->533K(640K)
[0.271s][info][gc             ] GC(13) Pause Young (Allocation Failure) 16M->14M(23M) 5.810ms
[0.271s][info][gc,cpu         ] GC(13) User=0.00s Sys=0.00s Real=0.01s
[0.276s][info][gc,start       ] GC(14) Pause Young (Allocation Failure)
[0.282s][info][gc,heap        ] GC(14) PSYoungGen: 12640K(12800K)->5792K(13824K) Eden: 6144K(6144K)->0K(6144K) From: 6496K(6656K)->5792K(7680K)
[0.282s][info][gc,heap        ] GC(14) ParOldGen: 8228K(10752K)->12117K(12288K)
[0.282s][info][gc,metaspace   ] GC(14) Metaspace: 6298K(6464K)->6298K(6464K) NonClass: 5765K(5824K)->5765K(5824K) Class: 533K(640K)->533K(640K)
[0.282s][info][gc             ] GC(14) Pause Young (Allocation Failure) 20M->17M(25M) 5.937ms
[0.282s][info][gc,cpu         ] GC(14) User=0.00s Sys=0.00s Real=0.01s
[0.282s][info][gc,start       ] GC(15) Pause Full (Ergonomics)
[0.282s][info][gc,phases,start] GC(15) Marking Phase
[0.290s][info][gc,phases      ] GC(15) Marking Phase 7.715ms
[0.290s][info][gc,phases,start] GC(15) Summary Phase
[0.290s][info][gc,phases      ] GC(15) Summary Phase 0.014ms
[0.290s][info][gc,phases,start] GC(15) Adjust Roots
[0.290s][info][gc,phases      ] GC(15) Adjust Roots 0.221ms
[0.290s][info][gc,phases,start] GC(15) Compaction Phase
[0.297s][info][gc,phases      ] GC(15) Compaction Phase 7.280ms
[0.297s][info][gc,phases,start] GC(15) Post Compact
[0.297s][info][gc,phases      ] GC(15) Post Compact 0.065ms
[0.297s][info][gc,heap        ] GC(15) PSYoungGen: 5792K(13824K)->5760K(13824K) Eden: 0K(6144K)->0K(6144K) From: 5792K(7680K)->5760K(7680K)
[0.297s][info][gc,heap        ] GC(15) ParOldGen: 12117K(12288K)->11997K(18944K)
[0.297s][info][gc,metaspace   ] GC(15) Metaspace: 6298K(6464K)->6298K(6464K) NonClass: 5765K(5824K)->5765K(5824K) Class: 533K(640K)->533K(640K)
[0.297s][info][gc             ] GC(15) Pause Full (Ergonomics) 17M->17M(32M) 15.602ms
[0.297s][info][gc,cpu         ] GC(15) User=0.00s Sys=0.00s Real=0.01s
[0.301s][info][gc,start       ] GC(16) Pause Young (Allocation Failure)
[0.309s][info][gc,heap        ] GC(16) PSYoungGen: 11904K(13824K)->3200K(15360K) Eden: 6144K(6144K)->0K(8704K) From: 5760K(7680K)->3200K(6656K)
[0.309s][info][gc,heap        ] GC(16) ParOldGen: 11997K(18944K)->17853K(18944K)
[0.309s][info][gc,metaspace   ] GC(16) Metaspace: 6298K(6464K)->6298K(6464K) NonClass: 5765K(5824K)->5765K(5824K) Class: 533K(640K)->533K(640K)
[0.309s][info][gc             ] GC(16) Pause Young (Allocation Failure) 23M->20M(33M) 7.574ms
[0.309s][info][gc,cpu         ] GC(16) User=0.00s Sys=0.00s Real=0.01s
[0.309s][info][gc,start       ] GC(17) Pause Full (Ergonomics)
[0.309s][info][gc,phases,start] GC(17) Marking Phase
[0.318s][info][gc,phases      ] GC(17) Marking Phase 9.045ms
[0.318s][info][gc,phases,start] GC(17) Summary Phase
[0.318s][info][gc,phases      ] GC(17) Summary Phase 0.016ms
[0.318s][info][gc,phases,start] GC(17) Adjust Roots
[0.318s][info][gc,phases      ] GC(17) Adjust Roots 0.162ms
[0.318s][info][gc,phases,start] GC(17) Compaction Phase
[0.324s][info][gc,phases      ] GC(17) Compaction Phase 5.908ms
[0.324s][info][gc,phases,start] GC(17) Post Compact
[0.324s][info][gc,phases      ] GC(17) Post Compact 0.134ms
[0.324s][info][gc,heap        ] GC(17) PSYoungGen: 3200K(15360K)->2146K(16384K) Eden: 0K(8704K)->0K(9728K) From: 3200K(6656K)->2146K(6656K)
[0.324s][info][gc,heap        ] GC(17) ParOldGen: 17853K(18944K)->18779K(28672K)
[0.325s][info][gc,metaspace   ] GC(17) Metaspace: 6298K(6464K)->6298K(6464K) NonClass: 5765K(5824K)->5765K(5824K) Class: 533K(640K)->533K(640K)
[0.325s][info][gc             ] GC(17) Pause Full (Ergonomics) 20M->20M(44M) 15.635ms
[0.325s][info][gc,cpu         ] GC(17) User=0.00s Sys=0.00s Real=0.01s
[0.333s][info][gc,start       ] GC(18) Pause Young (Allocation Failure)
[0.340s][info][gc,heap        ] GC(18) PSYoungGen: 11874K(16384K)->5536K(17408K) Eden: 9728K(9728K)->0K(9728K) From: 2146K(6656K)->5536K(7680K)
[0.340s][info][gc,heap        ] GC(18) ParOldGen: 18779K(28672K)->20971K(28672K)
[0.340s][info][gc,metaspace   ] GC(18) Metaspace: 6298K(6464K)->6298K(6464K) NonClass: 5765K(5824K)->5765K(5824K) Class: 533K(640K)->533K(640K)
[0.340s][info][gc             ] GC(18) Pause Young (Allocation Failure) 29M->25M(45M) 6.819ms
[0.340s][info][gc,cpu         ] GC(18) User=0.00s Sys=0.00s Real=0.01s
[0.346s][info][gc,start       ] GC(19) Pause Young (Allocation Failure)
[0.354s][info][gc,heap        ] GC(19) PSYoungGen: 15264K(17408K)->5056K(21504K) Eden: 9728K(9728K)->0K(13312K) From: 5536K(7680K)->5056K(8192K)
[0.354s][info][gc,heap        ] GC(19) ParOldGen: 20971K(28672K)->26571K(28672K)
[0.354s][info][gc,metaspace   ] GC(19) Metaspace: 6298K(6464K)->6298K(6464K) NonClass: 5765K(5824K)->5765K(5824K) Class: 533K(640K)->533K(640K)
[0.354s][info][gc             ] GC(19) Pause Young (Allocation Failure) 35M->30M(49M) 7.886ms
[0.354s][info][gc,cpu         ] GC(19) User=0.00s Sys=0.00s Real=0.01s
[0.354s][info][gc,start       ] GC(20) Pause Full (Ergonomics)
[0.354s][info][gc,phases,start] GC(20) Marking Phase
[0.367s][info][gc,phases      ] GC(20) Marking Phase 13.312ms
[0.367s][info][gc,phases,start] GC(20) Summary Phase
[0.367s][info][gc,phases      ] GC(20) Summary Phase 0.017ms
[0.367s][info][gc,phases,start] GC(20) Adjust Roots
[0.367s][info][gc,phases      ] GC(20) Adjust Roots 0.189ms
[0.367s][info][gc,phases,start] GC(20) Compaction Phase
[0.378s][info][gc,phases      ] GC(20) Compaction Phase 10.667ms
[0.378s][info][gc,phases,start] GC(20) Post Compact
[0.378s][info][gc,phases      ] GC(20) Post Compact 0.124ms
[0.378s][info][gc,heap        ] GC(20) PSYoungGen: 5056K(21504K)->2471K(21504K) Eden: 0K(13312K)->0K(13312K) From: 5056K(8192K)->2471K(8192K)
[0.378s][info][gc,heap        ] GC(20) ParOldGen: 26571K(28672K)->28491K(40448K)
[0.378s][info][gc,metaspace   ] GC(20) Metaspace: 6298K(6464K)->6298K(6464K) NonClass: 5765K(5824K)->5765K(5824K) Class: 533K(640K)->533K(640K)
[0.378s][info][gc             ] GC(20) Pause Full (Ergonomics) 30M->30M(60M) 24.735ms
[0.378s][info][gc,cpu         ] GC(20) User=0.02s Sys=0.00s Real=0.03s
[0.387s][info][gc,start       ] GC(21) Pause Young (Allocation Failure)
[0.396s][info][gc,heap        ] GC(21) PSYoungGen: 15783K(21504K)->8032K(21504K) Eden: 13312K(13312K)->0K(13312K) From: 2471K(8192K)->8032K(8192K)
[0.396s][info][gc,heap        ] GC(21) ParOldGen: 28491K(40448K)->31011K(40448K)
[0.396s][info][gc,metaspace   ] GC(21) Metaspace: 6298K(6464K)->6298K(6464K) NonClass: 5765K(5824K)->5765K(5824K) Class: 533K(640K)->533K(640K)
[0.396s][info][gc             ] GC(21) Pause Young (Allocation Failure) 43M->38M(60M) 9.464ms
[0.396s][info][gc,cpu         ] GC(21) User=0.00s Sys=0.00s Real=0.01s
[0.412s][info][gc,start       ] GC(22) Pause Young (Allocation Failure)
[0.429s][info][gc,heap        ] GC(22) PSYoungGen: 21344K(21504K)->9696K(21504K) Eden: 13312K(13312K)->0K(11776K) From: 8032K(8192K)->9696K(9728K)
[0.429s][info][gc,heap        ] GC(22) ParOldGen: 31011K(40448K)->42771K(43008K)
[0.429s][info][gc,metaspace   ] GC(22) Metaspace: 6298K(6464K)->6298K(6464K) NonClass: 5765K(5824K)->5765K(5824K) Class: 533K(640K)->533K(640K)
[0.429s][info][gc             ] GC(22) Pause Young (Allocation Failure) 51M->51M(63M) 16.550ms
[0.429s][info][gc,cpu         ] GC(22) User=0.02s Sys=0.00s Real=0.02s
[0.429s][info][gc,start       ] GC(23) Pause Full (Ergonomics)
[0.429s][info][gc,phases,start] GC(23) Marking Phase
[0.449s][info][gc,phases      ] GC(23) Marking Phase 19.776ms
[0.449s][info][gc,phases,start] GC(23) Summary Phase
[0.449s][info][gc,phases      ] GC(23) Summary Phase 0.026ms
[0.449s][info][gc,phases,start] GC(23) Adjust Roots
[0.449s][info][gc,phases      ] GC(23) Adjust Roots 0.179ms
[0.449s][info][gc,phases,start] GC(23) Compaction Phase
[0.466s][info][gc,phases      ] GC(23) Compaction Phase 17.074ms
[0.466s][info][gc,phases,start] GC(23) Post Compact
[0.466s][info][gc,phases      ] GC(23) Post Compact 0.164ms
[0.466s][info][gc,heap        ] GC(23) PSYoungGen: 9696K(21504K)->9681K(21504K) Eden: 0K(11776K)->0K(11776K) From: 9696K(9728K)->9681K(9728K)
[0.466s][info][gc,heap        ] GC(23) ParOldGen: 42771K(43008K)->41507K(57856K)
[0.466s][info][gc,metaspace   ] GC(23) Metaspace: 6298K(6464K)->6298K(6464K) NonClass: 5765K(5824K)->5765K(5824K) Class: 533K(640K)->533K(640K)
[0.466s][info][gc             ] GC(23) Pause Full (Ergonomics) 51M->49M(77M) 37.577ms
[0.466s][info][gc,cpu         ] GC(23) User=0.03s Sys=0.00s Real=0.04s
[0.478s][info][gc,start       ] GC(24) Pause Young (Allocation Failure)
[0.493s][info][gc,heap        ] GC(24) PSYoungGen: 21457K(21504K)->11808K(27136K) Eden: 11776K(11776K)->0K(11776K) From: 9681K(9728K)->11808K(15360K)
[0.494s][info][gc,heap        ] GC(24) ParOldGen: 41507K(57856K)->51315K(57856K)
[0.494s][info][gc,metaspace   ] GC(24) Metaspace: 6298K(6464K)->6298K(6464K) NonClass: 5765K(5824K)->5765K(5824K) Class: 533K(640K)->533K(640K)
[0.494s][info][gc             ] GC(24) Pause Young (Allocation Failure) 61M->61M(83M) 15.820ms
[0.494s][info][gc,cpu         ] GC(24) User=0.02s Sys=0.00s Real=0.02s
[0.494s][info][gc,start       ] GC(25) Pause Full (Ergonomics)
[0.494s][info][gc,phases,start] GC(25) Marking Phase
[0.518s][info][gc,phases      ] GC(25) Marking Phase 24.476ms
[0.518s][info][gc,phases,start] GC(25) Summary Phase
[0.518s][info][gc,phases      ] GC(25) Summary Phase 0.023ms
[0.518s][info][gc,phases,start] GC(25) Adjust Roots
[0.518s][info][gc,phases      ] GC(25) Adjust Roots 0.171ms
[0.518s][info][gc,phases,start] GC(25) Compaction Phase
[0.536s][info][gc,phases      ] GC(25) Compaction Phase 17.662ms
[0.536s][info][gc,phases,start] GC(25) Post Compact
[0.536s][info][gc,phases      ] GC(25) Post Compact 0.251ms
[0.537s][info][gc,heap        ] GC(25) PSYoungGen: 11808K(27136K)->5104K(27136K) Eden: 0K(11776K)->0K(11776K) From: 11808K(15360K)->5104K(15360K)
[0.537s][info][gc,heap        ] GC(25) ParOldGen: 51315K(57856K)->57831K(77312K)
[0.537s][info][gc,metaspace   ] GC(25) Metaspace: 6298K(6464K)->6298K(6464K) NonClass: 5765K(5824K)->5765K(5824K) Class: 533K(640K)->533K(640K)
[0.537s][info][gc             ] GC(25) Pause Full (Ergonomics) 61M->61M(102M) 42.920ms
[0.537s][info][gc,cpu         ] GC(25) User=0.05s Sys=0.00s Real=0.04s
[0.548s][info][gc,start       ] GC(26) Pause Young (Allocation Failure)
[0.564s][info][gc,heap        ] GC(26) PSYoungGen: 16880K(27136K)->11776K(30208K) Eden: 11776K(11776K)->0K(13312K) From: 5104K(15360K)->11776K(16896K)
[0.564s][info][gc,heap        ] GC(26) ParOldGen: 57831K(77312K)->63023K(77312K)
[0.564s][info][gc,metaspace   ] GC(26) Metaspace: 6298K(6464K)->6298K(6464K) NonClass: 5765K(5824K)->5765K(5824K) Class: 533K(640K)->533K(640K)
[0.564s][info][gc             ] GC(26) Pause Young (Allocation Failure) 72M->73M(105M) 15.816ms
[0.564s][info][gc,cpu         ] GC(26) User=0.00s Sys=0.00s Real=0.02s
[0.579s][info][gc,start       ] GC(27) Pause Young (Allocation Failure)
[0.596s][info][gc,heap        ] GC(27) PSYoungGen: 25088K(30208K)->17920K(31232K) Eden: 13312K(13312K)->0K(13312K) From: 11776K(16896K)->17920K(17920K)
[0.596s][info][gc,heap        ] GC(27) ParOldGen: 63023K(77312K)->70279K(77312K)
[0.596s][info][gc,metaspace   ] GC(27) Metaspace: 6298K(6464K)->6298K(6464K) NonClass: 5765K(5824K)->5765K(5824K) Class: 533K(640K)->533K(640K)
[0.596s][info][gc             ] GC(27) Pause Young (Allocation Failure) 86M->86M(106M) 17.226ms
[0.596s][info][gc,cpu         ] GC(27) User=0.03s Sys=0.00s Real=0.02s
[0.596s][info][gc,start       ] GC(28) Pause Full (Ergonomics)
[0.596s][info][gc,phases,start] GC(28) Marking Phase
[0.630s][info][gc,phases      ] GC(28) Marking Phase 33.603ms
[0.630s][info][gc,phases,start] GC(28) Summary Phase
[0.630s][info][gc,phases      ] GC(28) Summary Phase 0.019ms
[0.630s][info][gc,phases,start] GC(28) Adjust Roots
[0.630s][info][gc,phases      ] GC(28) Adjust Roots 0.161ms
[0.630s][info][gc,phases,start] GC(28) Compaction Phase
[0.651s][info][gc,phases      ] GC(28) Compaction Phase 20.905ms
[0.651s][info][gc,phases,start] GC(28) Post Compact
[0.651s][info][gc,phases      ] GC(28) Post Compact 0.414ms
[0.651s][info][gc,heap        ] GC(28) PSYoungGen: 17920K(31232K)->10731K(31232K) Eden: 0K(13312K)->0K(13312K) From: 17920K(17920K)->10731K(17920K)
[0.651s][info][gc,heap        ] GC(28) ParOldGen: 70279K(77312K)->77228K(98816K)
[0.652s][info][gc,metaspace   ] GC(28) Metaspace: 6298K(6464K)->6298K(6464K) NonClass: 5765K(5824K)->5765K(5824K) Class: 533K(640K)->533K(640K)
[0.652s][info][gc             ] GC(28) Pause Full (Ergonomics) 86M->85M(127M) 55.523ms
[0.652s][info][gc,cpu         ] GC(28) User=0.09s Sys=0.00s Real=0.06s
[0.669s][info][gc,start       ] GC(29) Pause Young (Allocation Failure)
[0.686s][info][gc,heap        ] GC(29) PSYoungGen: 24043K(31232K)->13344K(38912K) Eden: 13312K(13312K)->0K(15872K) From: 10731K(17920K)->13344K(23040K)
[0.686s][info][gc,heap        ] GC(29) ParOldGen: 77228K(98816K)->88148K(98816K)
[0.686s][info][gc,metaspace   ] GC(29) Metaspace: 6298K(6464K)->6298K(6464K) NonClass: 5765K(5824K)->5765K(5824K) Class: 533K(640K)->533K(640K)
[0.686s][info][gc             ] GC(29) Pause Young (Allocation Failure) 98M->99M(134M) 16.685ms
[0.686s][info][gc,cpu         ] GC(29) User=0.03s Sys=0.02s Real=0.02s
[0.686s][info][gc,start       ] GC(30) Pause Full (Ergonomics)
[0.686s][info][gc,phases,start] GC(30) Marking Phase
[0.713s][info][gc,phases      ] GC(30) Marking Phase 26.760ms
[0.713s][info][gc,phases,start] GC(30) Summary Phase
[0.713s][info][gc,phases      ] GC(30) Summary Phase 0.020ms
[0.713s][info][gc,phases,start] GC(30) Adjust Roots
[0.713s][info][gc,phases      ] GC(30) Adjust Roots 0.154ms
[0.713s][info][gc,phases,start] GC(30) Compaction Phase
[0.735s][info][gc,phases      ] GC(30) Compaction Phase 22.423ms
[0.736s][info][gc,phases,start] GC(30) Post Compact
[0.736s][info][gc,phases      ] GC(30) Post Compact 0.351ms
[0.736s][info][gc,heap        ] GC(30) PSYoungGen: 13344K(38912K)->508K(39424K) Eden: 0K(15872K)->0K(16384K) From: 13344K(23040K)->508K(23040K)
[0.736s][info][gc,heap        ] GC(30) ParOldGen: 88148K(98816K)->98694K(123904K)
[0.736s][info][gc,metaspace   ] GC(30) Metaspace: 6298K(6464K)->6298K(6464K) NonClass: 5765K(5824K)->5765K(5824K) Class: 533K(640K)->533K(640K)
[0.736s][info][gc             ] GC(30) Pause Full (Ergonomics) 99M->96M(159M) 50.086ms
[0.736s][info][gc,cpu         ] GC(30) User=0.08s Sys=0.00s Real=0.05s
[0.752s][info][gc,start       ] GC(31) Pause Young (Allocation Failure)
[0.771s][info][gc,heap        ] GC(31) PSYoungGen: 16892K(39424K)->16928K(39936K) Eden: 16384K(16384K)->0K(16384K) From: 508K(23040K)->16928K(23552K)
[0.771s][info][gc,heap        ] GC(31) ParOldGen: 98694K(123904K)->98694K(123904K)
[0.771s][info][gc,metaspace   ] GC(31) Metaspace: 6298K(6464K)->6298K(6464K) NonClass: 5765K(5824K)->5765K(5824K) Class: 533K(640K)->533K(640K)
[0.771s][info][gc             ] GC(31) Pause Young (Allocation Failure) 112M->112M(160M) 18.586ms
[0.771s][info][gc,cpu         ] GC(31) User=0.03s Sys=0.00s Real=0.02s
[0.786s][info][gc,start       ] GC(32) Pause Young (Allocation Failure)
[0.808s][info][gc,heap        ] GC(32) PSYoungGen: 33312K(39936K)->25088K(36864K) Eden: 16384K(16384K)->0K(11776K) From: 16928K(23552K)->25088K(25088K)
[0.808s][info][gc,heap        ] GC(32) ParOldGen: 98694K(123904K)->107006K(123904K)
[0.808s][info][gc,metaspace   ] GC(32) Metaspace: 6298K(6464K)->6298K(6464K) NonClass: 5765K(5824K)->5765K(5824K) Class: 533K(640K)->533K(640K)
[0.808s][info][gc             ] GC(32) Pause Young (Allocation Failure) 128M->128M(157M) 21.857ms
[0.808s][info][gc,cpu         ] GC(32) User=0.03s Sys=0.02s Real=0.02s
[0.819s][info][gc,start       ] GC(33) Pause Young (Allocation Failure)
[0.839s][info][gc,heap        ] GC(33) PSYoungGen: 36864K(36864K)->24416K(44032K) Eden: 11776K(11776K)->0K(11776K) From: 25088K(25088K)->24416K(32256K)
[0.839s][info][gc,heap        ] GC(33) ParOldGen: 107006K(123904K)->119694K(123904K)
[0.839s][info][gc,metaspace   ] GC(33) Metaspace: 6298K(6464K)->6298K(6464K) NonClass: 5765K(5824K)->5765K(5824K) Class: 533K(640K)->533K(640K)
[0.839s][info][gc             ] GC(33) Pause Young (Allocation Failure) 140M->140M(164M) 19.940ms
[0.839s][info][gc,cpu         ] GC(33) User=0.03s Sys=0.00s Real=0.02s
[0.839s][info][gc,start       ] GC(34) Pause Full (Ergonomics)
[0.839s][info][gc,phases,start] GC(34) Marking Phase
[0.880s][info][gc,phases      ] GC(34) Marking Phase 41.009ms
[0.880s][info][gc,phases,start] GC(34) Summary Phase
[0.880s][info][gc,phases      ] GC(34) Summary Phase 0.015ms
[0.880s][info][gc,phases,start] GC(34) Adjust Roots
[0.880s][info][gc,phases      ] GC(34) Adjust Roots 0.158ms
[0.880s][info][gc,phases,start] GC(34) Compaction Phase
[0.910s][info][gc,phases      ] GC(34) Compaction Phase 29.271ms
[0.910s][info][gc,phases,start] GC(34) Post Compact
[0.910s][info][gc,phases      ] GC(34) Post Compact 0.710ms
[0.911s][info][gc,heap        ] GC(34) PSYoungGen: 24416K(44032K)->20209K(44032K) Eden: 0K(11776K)->0K(11776K) From: 24416K(32256K)->20209K(32256K)
[0.911s][info][gc,heap        ] GC(34) ParOldGen: 119694K(123904K)->123440K(152576K)
[0.911s][info][gc,metaspace   ] GC(34) Metaspace: 6298K(6464K)->6298K(6464K) NonClass: 5765K(5824K)->5765K(5824K) Class: 533K(640K)->533K(640K)
[0.911s][info][gc             ] GC(34) Pause Full (Ergonomics) 140M->140M(192M) 71.896ms
[0.911s][info][gc,cpu         ] GC(34) User=0.12s Sys=0.00s Real=0.07s
[0.923s][info][gc,start       ] GC(35) Pause Young (Allocation Failure)
[0.945s][info][gc,heap        ] GC(35) PSYoungGen: 31985K(44032K)->32096K(44032K) Eden: 11776K(11776K)->0K(9216K) From: 20209K(32256K)->32096K(34816K)
[0.945s][info][gc,heap        ] GC(35) ParOldGen: 123440K(152576K)->123440K(152576K)
[0.945s][info][gc,metaspace   ] GC(35) Metaspace: 6298K(6464K)->6298K(6464K) NonClass: 5765K(5824K)->5765K(5824K) Class: 533K(640K)->533K(640K)
[0.945s][info][gc             ] GC(35) Pause Young (Allocation Failure) 151M->151M(192M) 21.652ms
[0.945s][info][gc,cpu         ] GC(35) User=0.05s Sys=0.00s Real=0.02s
[0.953s][info][gc,start       ] GC(36) Pause Young (Allocation Failure)
[0.972s][info][gc,heap        ] GC(36) PSYoungGen: 41312K(44032K)->39424K(48640K) Eden: 9216K(9216K)->0K(9216K) From: 32096K(34816K)->39424K(39424K)
[0.972s][info][gc,heap        ] GC(36) ParOldGen: 123440K(152576K)->125280K(152576K)
[0.972s][info][gc,metaspace   ] GC(36) Metaspace: 6298K(6464K)->6298K(6464K) NonClass: 5765K(5824K)->5765K(5824K) Class: 533K(640K)->533K(640K)
[0.972s][info][gc             ] GC(36) Pause Young (Allocation Failure) 160M->160M(196M) 18.205ms
[0.972s][info][gc,cpu         ] GC(36) User=0.06s Sys=0.00s Real=0.02s
[0.981s][info][gc,start       ] GC(37) Pause Young (Allocation Failure)
[1.004s][info][gc,heap        ] GC(37) PSYoungGen: 48640K(48640K)->29344K(55808K) Eden: 9216K(9216K)->0K(9216K) From: 39424K(39424K)->29344K(46592K)
[1.004s][info][gc,heap        ] GC(37) ParOldGen: 125280K(152576K)->144888K(152576K)
[1.004s][info][gc,metaspace   ] GC(37) Metaspace: 6298K(6464K)->6298K(6464K) NonClass: 5765K(5824K)->5765K(5824K) Class: 533K(640K)->533K(640K)
[1.004s][info][gc             ] GC(37) Pause Young (Allocation Failure) 169M->170M(203M) 23.328ms
[1.004s][info][gc,cpu         ] GC(37) User=0.06s Sys=0.02s Real=0.02s
[1.004s][info][gc,start       ] GC(38) Pause Full (Ergonomics)
[1.004s][info][gc,phases,start] GC(38) Marking Phase
[1.057s][info][gc,phases      ] GC(38) Marking Phase 52.336ms
[1.057s][info][gc,phases,start] GC(38) Summary Phase
[1.057s][info][gc,phases      ] GC(38) Summary Phase 0.017ms
[1.057s][info][gc,phases,start] GC(38) Adjust Roots
[1.057s][info][gc,phases      ] GC(38) Adjust Roots 0.158ms
[1.057s][info][gc,phases,start] GC(38) Compaction Phase
[1.079s][info][gc,phases      ] GC(38) Compaction Phase 22.319ms
[1.080s][info][gc,phases,start] GC(38) Post Compact
[1.081s][info][gc,phases      ] GC(38) Post Compact 1.014ms
[1.081s][info][gc,heap        ] GC(38) PSYoungGen: 29344K(55808K)->21569K(55808K) Eden: 0K(9216K)->0K(9216K) From: 29344K(46592K)->21569K(46592K)
[1.081s][info][gc,heap        ] GC(38) ParOldGen: 144888K(152576K)->152194K(186368K)
[1.081s][info][gc,metaspace   ] GC(38) Metaspace: 6298K(6464K)->6298K(6464K) NonClass: 5765K(5824K)->5765K(5824K) Class: 533K(640K)->533K(640K)
[1.081s][info][gc             ] GC(38) Pause Full (Ergonomics) 170M->169M(236M) 76.325ms
[1.081s][info][gc,cpu         ] GC(38) User=0.20s Sys=0.00s Real=0.08s
[1.115s][info][gc,start       ] GC(39) Pause Young (Allocation Failure)
[1.138s][info][gc,heap        ] GC(39) PSYoungGen: 30785K(55808K)->16384K(25600K) Eden: 9216K(9216K)->0K(9216K) From: 21569K(46592K)->16384K(16384K)
[1.138s][info][gc,heap        ] GC(39) ParOldGen: 160386K(186368K)->175162K(186368K)
[1.138s][info][gc,metaspace   ] GC(39) Metaspace: 6298K(6464K)->6298K(6464K) NonClass: 5765K(5824K)->5765K(5824K) Class: 533K(640K)->533K(640K)
[1.138s][info][gc             ] GC(39) Pause Young (Allocation Failure) 186M->187M(207M) 23.338ms
[1.138s][info][gc,cpu         ] GC(39) User=0.03s Sys=0.00s Real=0.02s
[1.138s][info][gc,start       ] GC(40) Pause Full (Ergonomics)
[1.138s][info][gc,phases,start] GC(40) Marking Phase
[1.183s][info][gc,phases      ] GC(40) Marking Phase 44.956ms
[1.183s][info][gc,phases,start] GC(40) Summary Phase
[1.183s][info][gc,phases      ] GC(40) Summary Phase 0.018ms
[1.183s][info][gc,phases,start] GC(40) Adjust Roots
[1.184s][info][gc,phases      ] GC(40) Adjust Roots 0.158ms
[1.184s][info][gc,phases,start] GC(40) Compaction Phase
[1.221s][info][gc,phases      ] GC(40) Compaction Phase 37.499ms
[1.221s][info][gc,phases,start] GC(40) Post Compact
[1.222s][info][gc,phases      ] GC(40) Post Compact 0.881ms
[1.222s][info][gc,heap        ] GC(40) PSYoungGen: 16384K(25600K)->893K(25600K) Eden: 0K(9216K)->0K(9216K) From: 16384K(16384K)->893K(16384K)
[1.222s][info][gc,heap        ] GC(40) ParOldGen: 175162K(186368K)->186151K(224768K)
[1.222s][info][gc,metaspace   ] GC(40) Metaspace: 6298K(6464K)->6298K(6464K) NonClass: 5765K(5824K)->5765K(5824K) Class: 533K(640K)->533K(640K)
[1.222s][info][gc             ] GC(40) Pause Full (Ergonomics) 187M->182M(244M) 83.991ms
[1.222s][info][gc,cpu         ] GC(40) User=0.23s Sys=0.00s Real=0.08s
[1.232s][info][gc,start       ] GC(41) Pause Young (Allocation Failure)
[1.248s][info][gc,heap        ] GC(41) PSYoungGen: 10109K(25600K)->10112K(54272K) Eden: 9216K(9216K)->0K(10752K) From: 893K(16384K)->10112K(43520K)
[1.248s][info][gc,heap        ] GC(41) ParOldGen: 186151K(224768K)->186231K(224768K)
[1.248s][info][gc,metaspace   ] GC(41) Metaspace: 6298K(6464K)->6298K(6464K) NonClass: 5765K(5824K)->5765K(5824K) Class: 533K(640K)->533K(640K)
[1.248s][info][gc             ] GC(41) Pause Young (Allocation Failure) 191M->191M(272M) 15.630ms
[1.248s][info][gc,cpu         ] GC(41) User=0.02s Sys=0.00s Real=0.02s
[1.259s][info][gc,start       ] GC(42) Pause Young (Allocation Failure)
[1.270s][info][gc,heap        ] GC(42) PSYoungGen: 20864K(54272K)->20896K(55296K) Eden: 10752K(10752K)->0K(10752K) From: 10112K(43520K)->20896K(44544K)
[1.270s][info][gc,heap        ] GC(42) ParOldGen: 186231K(224768K)->186231K(224768K)
[1.270s][info][gc,metaspace   ] GC(42) Metaspace: 6298K(6464K)->6298K(6464K) NonClass: 5765K(5824K)->5765K(5824K) Class: 533K(640K)->533K(640K)
[1.270s][info][gc             ] GC(42) Pause Young (Allocation Failure) 202M->202M(273M) 11.029ms
[1.270s][info][gc,cpu         ] GC(42) User=0.00s Sys=0.00s Real=0.01s
[1.281s][info][gc,start       ] GC(43) Pause Young (Allocation Failure)
[1.296s][info][gc,heap        ] GC(43) PSYoungGen: 31648K(55296K)->31616K(53248K) Eden: 10752K(10752K)->0K(10240K) From: 20896K(44544K)->31616K(43008K)
[1.296s][info][gc,heap        ] GC(43) ParOldGen: 186231K(224768K)->186231K(224768K)
[1.296s][info][gc,metaspace   ] GC(43) Metaspace: 6298K(6464K)->6298K(6464K) NonClass: 5765K(5824K)->5765K(5824K) Class: 533K(640K)->533K(640K)
[1.296s][info][gc             ] GC(43) Pause Young (Allocation Failure) 212M->212M(271M) 15.314ms
[1.296s][info][gc,cpu         ] GC(43) User=0.02s Sys=0.00s Real=0.02s
[1.307s][info][gc,start       ] GC(44) Pause Young (Allocation Failure)
[1.326s][info][gc,heap        ] GC(44) PSYoungGen: 41856K(53248K)->41856K(55808K) Eden: 10240K(10240K)->0K(10240K) From: 31616K(43008K)->41856K(45568K)
[1.326s][info][gc,heap        ] GC(44) ParOldGen: 186231K(224768K)->186231K(224768K)
[1.326s][info][gc,metaspace   ] GC(44) Metaspace: 6298K(6464K)->6298K(6464K) NonClass: 5765K(5824K)->5765K(5824K) Class: 533K(640K)->533K(640K)
[1.326s][info][gc             ] GC(44) Pause Young (Allocation Failure) 222M->222M(274M) 18.798ms
[1.326s][info][gc,cpu         ] GC(44) User=0.08s Sys=0.00s Real=0.02s
[1.337s][info][gc,start       ] GC(45) Pause Young (Allocation Failure)
[1.362s][info][gc,heap        ] GC(45) PSYoungGen: 52096K(55808K)->51200K(54784K) Eden: 10240K(10240K)->0K(3584K) From: 41856K(45568K)->51200K(51200K)
[1.362s][info][gc,heap        ] GC(45) ParOldGen: 186231K(224768K)->187143K(224768K)
[1.362s][info][gc,metaspace   ] GC(45) Metaspace: 6298K(6464K)->6298K(6464K) NonClass: 5765K(5824K)->5765K(5824K) Class: 533K(640K)->533K(640K)
[1.362s][info][gc             ] GC(45) Pause Young (Allocation Failure) 232M->232M(273M) 24.695ms
[1.362s][info][gc,cpu         ] GC(45) User=0.09s Sys=0.02s Real=0.03s
[1.366s][info][gc,start       ] GC(46) Pause Young (Allocation Failure)
[1.390s][info][gc,heap        ] GC(46) PSYoungGen: 54784K(54784K)->34816K(62976K) Eden: 3584K(3584K)->0K(3584K) From: 51200K(51200K)->34816K(59392K)
[1.390s][info][gc,heap        ] GC(46) ParOldGen: 187143K(224768K)->207367K(224768K)
[1.390s][info][gc,metaspace   ] GC(46) Metaspace: 6298K(6464K)->6298K(6464K) NonClass: 5765K(5824K)->5765K(5824K) Class: 533K(640K)->533K(640K)
[1.390s][info][gc             ] GC(46) Pause Young (Allocation Failure) 236M->236M(281M) 24.322ms
[1.390s][info][gc,cpu         ] GC(46) User=0.09s Sys=0.00s Real=0.03s
[1.390s][info][gc,start       ] GC(47) Pause Full (Ergonomics)
[1.390s][info][gc,phases,start] GC(47) Marking Phase
[1.447s][info][gc,phases      ] GC(47) Marking Phase 56.911ms
[1.447s][info][gc,phases,start] GC(47) Summary Phase
[1.447s][info][gc,phases      ] GC(47) Summary Phase 0.023ms
[1.447s][info][gc,phases,start] GC(47) Adjust Roots
[1.448s][info][gc,phases      ] GC(47) Adjust Roots 0.148ms
[1.448s][info][gc,phases,start] GC(47) Compaction Phase
[1.476s][info][gc,phases      ] GC(47) Compaction Phase 28.682ms
[1.476s][info][gc,phases,start] GC(47) Post Compact
[1.478s][info][gc,phases      ] GC(47) Post Compact 1.136ms
[1.478s][info][gc,heap        ] GC(47) PSYoungGen: 34816K(62976K)->17282K(62976K) Eden: 0K(3584K)->0K(3584K) From: 34816K(59392K)->17282K(59392K)
[1.478s][info][gc,heap        ] GC(47) ParOldGen: 207367K(224768K)->224366K(266752K)
[1.478s][info][gc,metaspace   ] GC(47) Metaspace: 6298K(6464K)->6298K(6464K) NonClass: 5765K(5824K)->5765K(5824K) Class: 533K(640K)->533K(640K)
[1.478s][info][gc             ] GC(47) Pause Full (Ergonomics) 236M->235M(322M) 87.387ms
[1.478s][info][gc,cpu         ] GC(47) User=0.33s Sys=0.02s Real=0.09s
[1.482s][info][gc,start       ] GC(48) Pause Young (Allocation Failure)
[1.502s][info][gc,heap        ] GC(48) PSYoungGen: 20866K(62976K)->10496K(62464K) Eden: 3584K(3584K)->0K(4608K) From: 17282K(59392K)->10496K(57856K)
[1.502s][info][gc,heap        ] GC(48) ParOldGen: 224366K(266752K)->234990K(266752K)
[1.502s][info][gc,metaspace   ] GC(48) Metaspace: 6298K(6464K)->6298K(6464K) NonClass: 5765K(5824K)->5765K(5824K) Class: 533K(640K)->533K(640K)
[1.502s][info][gc             ] GC(48) Pause Young (Allocation Failure) 239M->239M(321M) 19.893ms
[1.502s][info][gc,cpu         ] GC(48) User=0.09s Sys=0.00s Real=0.02s
[1.508s][info][gc,start       ] GC(49) Pause Young (Allocation Failure)
[1.516s][info][gc,heap        ] GC(49) PSYoungGen: 15104K(62464K)->8224K(63488K) Eden: 4608K(4608K)->0K(4608K) From: 10496K(57856K)->8224K(58880K)
[1.516s][info][gc,heap        ] GC(49) ParOldGen: 234990K(266752K)->241926K(266752K)
[1.516s][info][gc,metaspace   ] GC(49) Metaspace: 6298K(6464K)->6298K(6464K) NonClass: 5765K(5824K)->5765K(5824K) Class: 533K(640K)->533K(640K)
[1.516s][info][gc             ] GC(49) Pause Young (Allocation Failure) 244M->244M(322M) 8.057ms
[1.516s][info][gc,cpu         ] GC(49) User=0.00s Sys=0.00s Real=0.01s
[1.521s][info][gc,start       ] GC(50) Pause Young (Allocation Failure)
[1.529s][info][gc,heap        ] GC(50) PSYoungGen: 12832K(63488K)->4672K(62976K) Eden: 4608K(4608K)->0K(5632K) From: 8224K(58880K)->4672K(57344K)
[1.529s][info][gc,heap        ] GC(50) ParOldGen: 241926K(266752K)->250206K(266752K)
[1.529s][info][gc,metaspace   ] GC(50) Metaspace: 6298K(6464K)->6298K(6464K) NonClass: 5765K(5824K)->5765K(5824K) Class: 533K(640K)->533K(640K)
[1.529s][info][gc             ] GC(50) Pause Young (Allocation Failure) 248M->248M(322M) 7.852ms
[1.529s][info][gc,cpu         ] GC(50) User=0.00s Sys=0.00s Real=0.01s
[1.529s][info][gc,start       ] GC(51) Pause Full (Ergonomics)
[1.529s][info][gc,phases,start] GC(51) Marking Phase
[1.591s][info][gc,phases      ] GC(51) Marking Phase 61.913ms
[1.591s][info][gc,phases,start] GC(51) Summary Phase
[1.591s][info][gc,phases      ] GC(51) Summary Phase 0.021ms
[1.591s][info][gc,phases,start] GC(51) Adjust Roots
[1.591s][info][gc,phases      ] GC(51) Adjust Roots 0.151ms
[1.591s][info][gc,phases,start] GC(51) Compaction Phase
[1.617s][info][gc,phases      ] GC(51) Compaction Phase 25.619ms
[1.617s][info][gc,phases,start] GC(51) Post Compact
[1.618s][info][gc,phases      ] GC(51) Post Compact 1.432ms
[1.618s][info][gc,heap        ] GC(51) PSYoungGen: 4672K(62976K)->0K(63488K) Eden: 0K(5632K)->0K(5632K) From: 4672K(57344K)->0K(57856K)
[1.618s][info][gc,heap        ] GC(51) ParOldGen: 250206K(266752K)->254358K(296448K)
[1.618s][info][gc,metaspace   ] GC(51) Metaspace: 6298K(6464K)->6298K(6464K) NonClass: 5765K(5824K)->5765K(5824K) Class: 533K(640K)->533K(640K)
[1.618s][info][gc             ] GC(51) Pause Full (Ergonomics) 248M->248M(351M) 89.641ms
[1.618s][info][gc,cpu         ] GC(51) User=0.45s Sys=0.03s Real=0.09s
[1.626s][info][gc,start       ] GC(52) Pause Young (Allocation Failure)
[1.631s][info][gc,heap        ] GC(52) PSYoungGen: 5632K(63488K)->5696K(62464K) Eden: 5632K(5632K)->0K(6656K) From: 0K(57856K)->5696K(55808K)
[1.631s][info][gc,heap        ] GC(52) ParOldGen: 254358K(296448K)->254358K(296448K)
[1.631s][info][gc,metaspace   ] GC(52) Metaspace: 6298K(6464K)->6298K(6464K) NonClass: 5765K(5824K)->5765K(5824K) Class: 533K(640K)->533K(640K)
[1.631s][info][gc             ] GC(52) Pause Young (Allocation Failure) 253M->253M(350M) 5.052ms
[1.631s][info][gc,cpu         ] GC(52) User=0.00s Sys=0.00s Real=0.01s
[1.640s][info][gc,start       ] GC(53) Pause Young (Allocation Failure)
[1.647s][info][gc,heap        ] GC(53) PSYoungGen: 12352K(62464K)->12384K(19456K) Eden: 6656K(6656K)->0K(6656K) From: 5696K(55808K)->12384K(12800K)
[1.647s][info][gc,heap        ] GC(53) ParOldGen: 254358K(296448K)->254358K(296448K)
[1.647s][info][gc,metaspace   ] GC(53) Metaspace: 6298K(6464K)->6298K(6464K) NonClass: 5765K(5824K)->5765K(5824K) Class: 533K(640K)->533K(640K)
[1.647s][info][gc             ] GC(53) Pause Young (Allocation Failure) 260M->260M(308M) 6.917ms
[1.647s][info][gc,cpu         ] GC(53) User=0.02s Sys=0.00s Real=0.01s
[1.655s][info][gc,start       ] GC(54) Pause Young (Allocation Failure)
[1.665s][info][gc,heap        ] GC(54) PSYoungGen: 19040K(19456K)->19008K(54784K) Eden: 6656K(6656K)->0K(7680K) From: 12384K(12800K)->19008K(47104K)
[1.665s][info][gc,heap        ] GC(54) ParOldGen: 254358K(296448K)->254358K(296448K)
[1.665s][info][gc,metaspace   ] GC(54) Metaspace: 6298K(6464K)->6298K(6464K) NonClass: 5765K(5824K)->5765K(5824K) Class: 533K(640K)->533K(640K)
[1.665s][info][gc             ] GC(54) Pause Young (Allocation Failure) 266M->266M(343M) 9.992ms
[1.665s][info][gc,cpu         ] GC(54) User=0.02s Sys=0.00s Real=0.01s
[1.676s][info][gc,start       ] GC(55) Pause Young (Allocation Failure)
[1.691s][info][gc,heap        ] GC(55) PSYoungGen: 26688K(54784K)->26688K(58368K) Eden: 7680K(7680K)->0K(7680K) From: 19008K(47104K)->26688K(50688K)
[1.691s][info][gc,heap        ] GC(55) ParOldGen: 254358K(296448K)->254358K(296448K)
[1.691s][info][gc,metaspace   ] GC(55) Metaspace: 6298K(6464K)->6298K(6464K) NonClass: 5765K(5824K)->5765K(5824K) Class: 533K(640K)->533K(640K)
[1.691s][info][gc             ] GC(55) Pause Young (Allocation Failure) 274M->274M(346M) 15.093ms
[1.691s][info][gc,cpu         ] GC(55) User=0.00s Sys=0.00s Real=0.02s
[1.701s][info][gc,start       ] GC(56) Pause Young (Allocation Failure)
[1.721s][info][gc,heap        ] GC(56) PSYoungGen: 34368K(58368K)->28768K(59392K) Eden: 7680K(7680K)->0K(8704K) From: 26688K(50688K)->28768K(50688K)
[1.721s][info][gc,heap        ] GC(56) ParOldGen: 254358K(296448K)->260086K(296448K)
[1.721s][info][gc,metaspace   ] GC(56) Metaspace: 6298K(6464K)->6298K(6464K) NonClass: 5765K(5824K)->5765K(5824K) Class: 533K(640K)->533K(640K)
[1.721s][info][gc             ] GC(56) Pause Young (Allocation Failure) 281M->282M(347M) 20.119ms
[1.721s][info][gc,cpu         ] GC(56) User=0.11s Sys=0.02s Real=0.02s
[1.731s][info][gc,start       ] GC(57) Pause Young (Allocation Failure)
[1.750s][info][gc,heap        ] GC(57) PSYoungGen: 37472K(59392K)->30720K(59392K) Eden: 8704K(8704K)->0K(8704K) From: 28768K(50688K)->30720K(50688K)
[1.750s][info][gc,heap        ] GC(57) ParOldGen: 260086K(296448K)->266838K(296448K)
[1.750s][info][gc,metaspace   ] GC(57) Metaspace: 6298K(6464K)->6298K(6464K) NonClass: 5765K(5824K)->5765K(5824K) Class: 533K(640K)->533K(640K)
[1.750s][info][gc             ] GC(57) Pause Young (Allocation Failure) 290M->290M(347M) 18.465ms
[1.750s][info][gc,cpu         ] GC(57) User=0.11s Sys=0.00s Real=0.02s
[1.762s][info][gc,start       ] GC(58) Pause Young (Allocation Failure)
[1.784s][info][gc,heap        ] GC(58) PSYoungGen: 39424K(59392K)->32864K(60928K) Eden: 8704K(8704K)->0K(9216K) From: 30720K(50688K)->32864K(51712K)
[1.784s][info][gc,heap        ] GC(58) ParOldGen: 266838K(296448K)->273598K(296448K)
[1.784s][info][gc,metaspace   ] GC(58) Metaspace: 6298K(6464K)->6298K(6464K) NonClass: 5765K(5824K)->5765K(5824K) Class: 533K(640K)->533K(640K)
[1.784s][info][gc             ] GC(58) Pause Young (Allocation Failure) 299M->299M(349M) 22.257ms
[1.784s][info][gc,cpu         ] GC(58) User=0.12s Sys=0.00s Real=0.02s
[1.796s][info][gc,start       ] GC(59) Pause Young (Allocation Failure)
[1.819s][info][gc,heap        ] GC(59) PSYoungGen: 42080K(60928K)->26752K(61952K) Eden: 9216K(9216K)->0K(9216K) From: 32864K(51712K)->26752K(52736K)
[1.819s][info][gc,heap        ] GC(59) ParOldGen: 273598K(296448K)->289166K(296448K)
[1.819s][info][gc,metaspace   ] GC(59) Metaspace: 6298K(6464K)->6298K(6464K) NonClass: 5765K(5824K)->5765K(5824K) Class: 533K(640K)->533K(640K)
[1.819s][info][gc             ] GC(59) Pause Young (Allocation Failure) 308M->308M(350M) 22.681ms
[1.819s][info][gc,cpu         ] GC(59) User=0.11s Sys=0.00s Real=0.02s
[1.819s][info][gc,start       ] GC(60) Pause Full (Ergonomics)
[1.819s][info][gc,phases,start] GC(60) Marking Phase
[1.898s][info][gc,phases      ] GC(60) Marking Phase 78.499ms
[1.898s][info][gc,phases,start] GC(60) Summary Phase
[1.898s][info][gc,phases      ] GC(60) Summary Phase 0.018ms
[1.898s][info][gc,phases,start] GC(60) Adjust Roots
[1.898s][info][gc,phases      ] GC(60) Adjust Roots 0.163ms
[1.898s][info][gc,phases,start] GC(60) Compaction Phase
[1.933s][info][gc,phases      ] GC(60) Compaction Phase 34.875ms
[1.933s][info][gc,phases,start] GC(60) Post Compact
[1.935s][info][gc,phases      ] GC(60) Post Compact 1.954ms
[1.935s][info][gc,heap        ] GC(60) PSYoungGen: 26752K(61952K)->18857K(61952K) Eden: 0K(9216K)->0K(9216K) From: 26752K(52736K)->18857K(52736K)
[1.935s][info][gc,heap        ] GC(60) ParOldGen: 289166K(296448K)->296178K(339968K)
[1.935s][info][gc,metaspace   ] GC(60) Metaspace: 6298K(6464K)->6298K(6464K) NonClass: 5765K(5824K)->5765K(5824K) Class: 533K(640K)->533K(640K)
[1.935s][info][gc             ] GC(60) Pause Full (Ergonomics) 308M->307M(392M) 116.033ms
[1.935s][info][gc,cpu         ] GC(60) User=0.70s Sys=0.00s Real=0.12s
[1.946s][info][gc,start       ] GC(61) Pause Young (Allocation Failure)
[1.974s][info][gc,heap        ] GC(61) PSYoungGen: 28073K(61952K)->15488K(58880K) Eden: 9216K(9216K)->0K(10752K) From: 18857K(52736K)->15488K(48128K)
[1.974s][info][gc,heap        ] GC(61) ParOldGen: 296178K(339968K)->309130K(339968K)
[1.974s][info][gc,metaspace   ] GC(61) Metaspace: 6298K(6464K)->6298K(6464K) NonClass: 5765K(5824K)->5765K(5824K) Class: 533K(640K)->533K(640K)
[1.974s][info][gc             ] GC(61) Pause Young (Allocation Failure) 316M->317M(389M) 27.897ms
[1.974s][info][gc,cpu         ] GC(61) User=0.14s Sys=0.00s Real=0.03s
[1.987s][info][gc,start       ] GC(62) Pause Young (Allocation Failure)
[2.003s][info][gc,heap        ] GC(62) PSYoungGen: 26240K(58880K)->20096K(31232K) Eden: 10752K(10752K)->0K(10752K) From: 15488K(48128K)->20096K(20480K)
[2.003s][info][gc,heap        ] GC(62) ParOldGen: 309130K(339968K)->315370K(339968K)
[2.003s][info][gc,metaspace   ] GC(62) Metaspace: 6298K(6464K)->6298K(6464K) NonClass: 5765K(5824K)->5765K(5824K) Class: 533K(640K)->533K(640K)
[2.003s][info][gc             ] GC(62) Pause Young (Allocation Failure) 327M->327M(362M) 15.623ms
[2.003s][info][gc,cpu         ] GC(62) User=0.00s Sys=0.02s Real=0.02s
[2.015s][info][gc,start       ] GC(63) Pause Young (Allocation Failure)
[2.035s][info][gc,heap        ] GC(63) PSYoungGen: 30848K(31232K)->21632K(54784K) Eden: 10752K(10752K)->0K(12288K) From: 20096K(20480K)->21632K(42496K)
[2.035s][info][gc,heap        ] GC(63) ParOldGen: 315370K(339968K)->324714K(339968K)
[2.035s][info][gc,metaspace   ] GC(63) Metaspace: 6298K(6464K)->6298K(6464K) NonClass: 5765K(5824K)->5765K(5824K) Class: 533K(640K)->533K(640K)
[2.036s][info][gc             ] GC(63) Pause Young (Allocation Failure) 338M->338M(385M) 20.367ms
[2.036s][info][gc,cpu         ] GC(63) User=0.17s Sys=0.00s Real=0.02s
[2.036s][info][gc,start       ] GC(64) Pause Full (Ergonomics)
[2.036s][info][gc,phases,start] GC(64) Marking Phase
[2.111s][info][gc,phases      ] GC(64) Marking Phase 75.066ms
[2.111s][info][gc,phases,start] GC(64) Summary Phase
[2.111s][info][gc,phases      ] GC(64) Summary Phase 0.020ms
[2.111s][info][gc,phases,start] GC(64) Adjust Roots
[2.111s][info][gc,phases      ] GC(64) Adjust Roots 0.205ms
[2.111s][info][gc,phases,start] GC(64) Compaction Phase
[2.148s][info][gc,phases      ] GC(64) Compaction Phase 36.900ms
[2.148s][info][gc,phases,start] GC(64) Post Compact
[2.150s][info][gc,phases      ] GC(64) Post Compact 2.296ms
[2.151s][info][gc,heap        ] GC(64) PSYoungGen: 21632K(54784K)->6104K(56832K) Eden: 0K(12288K)->0K(14336K) From: 21632K(42496K)->6104K(42496K)
[2.151s][info][gc,heap        ] GC(64) ParOldGen: 324714K(339968K)->339547K(385536K)
[2.151s][info][gc,metaspace   ] GC(64) Metaspace: 6298K(6464K)->6298K(6464K) NonClass: 5765K(5824K)->5765K(5824K) Class: 533K(640K)->533K(640K)
[2.151s][info][gc             ] GC(64) Pause Full (Ergonomics) 338M->337M(432M) 115.076ms
[2.151s][info][gc,cpu         ] GC(64) User=0.62s Sys=0.02s Real=0.11s
[2.238s][info][gc,start       ] GC(65) Pause Young (Allocation Failure)
[2.263s][info][gc,heap        ] GC(65) PSYoungGen: 20440K(56832K)->14432K(59392K) Eden: 14336K(14336K)->0K(14336K) From: 6104K(42496K)->14432K(45056K)
[2.263s][info][gc,heap        ] GC(65) ParOldGen: 355932K(385536K)->362148K(385536K)
[2.263s][info][gc,metaspace   ] GC(65) Metaspace: 6298K(6464K)->6298K(6464K) NonClass: 5765K(5824K)->5765K(5824K) Class: 533K(640K)->533K(640K)
[2.263s][info][gc             ] GC(65) Pause Young (Allocation Failure) 367M->367M(434M) 25.136ms
[2.263s][info][gc,cpu         ] GC(65) User=0.09s Sys=0.00s Real=0.03s
[2.277s][info][gc,start       ] GC(66) Pause Young (Allocation Failure)
[2.292s][info][gc,heap        ] GC(66) PSYoungGen: 28768K(59392K)->28832K(59392K) Eden: 14336K(14336K)->0K(15360K) From: 14432K(45056K)->28832K(44032K)
[2.292s][info][gc,heap        ] GC(66) ParOldGen: 362148K(385536K)->362148K(385536K)
[2.292s][info][gc,metaspace   ] GC(66) Metaspace: 6298K(6464K)->6298K(6464K) NonClass: 5765K(5824K)->5765K(5824K) Class: 533K(640K)->533K(640K)
[2.292s][info][gc             ] GC(66) Pause Young (Allocation Failure) 381M->381M(434M) 15.291ms
[2.292s][info][gc,cpu         ] GC(66) User=0.02s Sys=0.00s Real=0.02s
[2.307s][info][gc,start       ] GC(67) Pause Young (Allocation Failure)
[2.332s][info][gc,heap        ] GC(67) PSYoungGen: 44192K(59392K)->29856K(59904K) Eden: 15360K(15360K)->0K(15360K) From: 28832K(44032K)->29856K(44544K)
[2.332s][info][gc,heap        ] GC(67) ParOldGen: 362148K(385536K)->376692K(385536K)
[2.332s][info][gc,metaspace   ] GC(67) Metaspace: 6298K(6464K)->6298K(6464K) NonClass: 5765K(5824K)->5765K(5824K) Class: 533K(640K)->533K(640K)
[2.332s][info][gc             ] GC(67) Pause Young (Allocation Failure) 396M->397M(435M) 24.481ms
[2.332s][info][gc,cpu         ] GC(67) User=0.02s Sys=0.02s Real=0.02s
[2.332s][info][gc,start       ] GC(68) Pause Full (Ergonomics)
[2.332s][info][gc,phases,start] GC(68) Marking Phase
[2.426s][info][gc,phases      ] GC(68) Marking Phase 94.515ms
[2.426s][info][gc,phases,start] GC(68) Summary Phase
[2.426s][info][gc,phases      ] GC(68) Summary Phase 0.034ms
[2.427s][info][gc,phases,start] GC(68) Adjust Roots
[2.427s][info][gc,phases      ] GC(68) Adjust Roots 0.198ms
[2.427s][info][gc,phases,start] GC(68) Compaction Phase
[2.503s][info][gc,phases      ] GC(68) Compaction Phase 76.426ms
[2.503s][info][gc,phases,start] GC(68) Post Compact
[2.505s][info][gc,phases      ] GC(68) Post Compact 2.151ms
[2.506s][info][gc,heap        ] GC(68) PSYoungGen: 29856K(59904K)->12263K(59904K) Eden: 0K(15360K)->0K(15360K) From: 29856K(44544K)->12263K(44544K)
[2.506s][info][gc,heap        ] GC(68) ParOldGen: 376692K(385536K)->385518K(434688K)
[2.506s][info][gc,metaspace   ] GC(68) Metaspace: 6298K(6464K)->6298K(6464K) NonClass: 5765K(5824K)->5765K(5824K) Class: 533K(640K)->533K(640K)
[2.506s][info][gc             ] GC(68) Pause Full (Ergonomics) 397M->388M(483M) 173.899ms
[2.506s][info][gc,cpu         ] GC(68) User=0.92s Sys=0.03s Real=0.17s
[2.524s][info][gc,start       ] GC(69) Pause Young (Allocation Failure)
[2.554s][info][gc,heap        ] GC(69) PSYoungGen: 27623K(59904K)->22080K(58368K) Eden: 15360K(15360K)->0K(17408K) From: 12263K(44544K)->22080K(40960K)
[2.554s][info][gc,heap        ] GC(69) ParOldGen: 385518K(434688K)->391310K(434688K)
[2.554s][info][gc,metaspace   ] GC(69) Metaspace: 6298K(6464K)->6298K(6464K) NonClass: 5765K(5824K)->5765K(5824K) Class: 533K(640K)->533K(640K)
[2.554s][info][gc             ] GC(69) Pause Young (Allocation Failure) 403M->403M(481M) 30.412ms
[2.554s][info][gc,cpu         ] GC(69) User=0.08s Sys=0.00s Real=0.03s
[2.571s][info][gc,start       ] GC(70) Pause Young (Allocation Failure)
[2.592s][info][gc,heap        ] GC(70) PSYoungGen: 39488K(58368K)->39520K(60416K) Eden: 17408K(17408K)->0K(17408K) From: 22080K(40960K)->39520K(43008K)
[2.592s][info][gc,heap        ] GC(70) ParOldGen: 391310K(434688K)->391310K(434688K)
[2.592s][info][gc,metaspace   ] GC(70) Metaspace: 6298K(6464K)->6298K(6464K) NonClass: 5765K(5824K)->5765K(5824K) Class: 533K(640K)->533K(640K)
[2.592s][info][gc             ] GC(70) Pause Young (Allocation Failure) 420M->420M(483M) 20.423ms
[2.592s][info][gc,cpu         ] GC(70) User=0.11s Sys=0.00s Real=0.02s
[2.610s][info][gc,start       ] GC(71) Pause Young (Allocation Failure)
[2.639s][info][gc,heap        ] GC(71) PSYoungGen: 56928K(60416K)->47616K(57344K) Eden: 17408K(17408K)->0K(9728K) From: 39520K(43008K)->47616K(47616K)
[2.639s][info][gc,heap        ] GC(71) ParOldGen: 391310K(434688K)->400614K(434688K)
[2.639s][info][gc,metaspace   ] GC(71) Metaspace: 6298K(6464K)->6298K(6464K) NonClass: 5765K(5824K)->5765K(5824K) Class: 533K(640K)->533K(640K)
[2.639s][info][gc             ] GC(71) Pause Young (Allocation Failure) 437M->437M(480M) 29.074ms
[2.639s][info][gc,cpu         ] GC(71) User=0.11s Sys=0.00s Real=0.03s
[2.650s][info][gc,start       ] GC(72) Pause Young (Allocation Failure)
[2.678s][info][gc,heap        ] GC(72) PSYoungGen: 57344K(57344K)->39712K(67072K) Eden: 9728K(9728K)->0K(9728K) From: 47616K(47616K)->39712K(57344K)
[2.678s][info][gc,heap        ] GC(72) ParOldGen: 400614K(434688K)->418622K(434688K)
[2.678s][info][gc,metaspace   ] GC(72) Metaspace: 6298K(6464K)->6298K(6464K) NonClass: 5765K(5824K)->5765K(5824K) Class: 533K(640K)->533K(640K)
[2.678s][info][gc             ] GC(72) Pause Young (Allocation Failure) 447M->447M(490M) 27.813ms
[2.678s][info][gc,cpu         ] GC(72) User=0.11s Sys=0.00s Real=0.03s
[2.678s][info][gc,start       ] GC(73) Pause Full (Ergonomics)
[2.678s][info][gc,phases,start] GC(73) Marking Phase
[2.785s][info][gc,phases      ] GC(73) Marking Phase 107.502ms
[2.785s][info][gc,phases,start] GC(73) Summary Phase
[2.785s][info][gc,phases      ] GC(73) Summary Phase 0.025ms
[2.785s][info][gc,phases,start] GC(73) Adjust Roots
[2.786s][info][gc,phases      ] GC(73) Adjust Roots 0.192ms
[2.786s][info][gc,phases,start] GC(73) Compaction Phase
[2.835s][info][gc,phases      ] GC(73) Compaction Phase 49.214ms
[2.835s][info][gc,phases,start] GC(73) Post Compact
[2.837s][info][gc,phases      ] GC(73) Post Compact 2.355ms
[2.838s][info][gc,heap        ] GC(73) PSYoungGen: 39712K(67072K)->23132K(67072K) Eden: 0K(9728K)->0K(9728K) From: 39712K(57344K)->23132K(57344K)
[2.838s][info][gc,heap        ] GC(73) ParOldGen: 418622K(434688K)->434424K(487936K)
[2.838s][info][gc,metaspace   ] GC(73) Metaspace: 6298K(6464K)->6298K(6464K) NonClass: 5765K(5824K)->5765K(5824K) Class: 533K(640K)->533K(640K)
[2.838s][info][gc             ] GC(73) Pause Full (Ergonomics) 447M->446M(542M) 159.805ms
[2.838s][info][gc,cpu         ] GC(73) User=0.94s Sys=0.00s Real=0.16s
[2.848s][info][gc,start       ] GC(74) Pause Young (Allocation Failure)
[2.882s][info][gc,heap        ] GC(74) PSYoungGen: 32860K(67072K)->15680K(67072K) Eden: 9728K(9728K)->0K(10752K) From: 23132K(57344K)->15680K(56320K)
[2.882s][info][gc,heap        ] GC(74) ParOldGen: 434424K(487936K)->451976K(487936K)
[2.882s][info][gc,metaspace   ] GC(74) Metaspace: 6298K(6464K)->6298K(6464K) NonClass: 5765K(5824K)->5765K(5824K) Class: 533K(640K)->533K(640K)
[2.882s][info][gc             ] GC(74) Pause Young (Allocation Failure) 456M->456M(542M) 33.809ms
[2.882s][info][gc,cpu         ] GC(74) User=0.14s Sys=0.00s Real=0.03s
[2.893s][info][gc,start       ] GC(75) Pause Young (Allocation Failure)
[2.908s][info][gc,heap        ] GC(75) PSYoungGen: 26432K(67072K)->20576K(68608K) Eden: 10752K(10752K)->0K(10752K) From: 15680K(56320K)->20576K(57856K)
[2.908s][info][gc,heap        ] GC(75) ParOldGen: 451976K(487936K)->457920K(487936K)
[2.908s][info][gc,metaspace   ] GC(75) Metaspace: 6298K(6464K)->6298K(6464K) NonClass: 5765K(5824K)->5765K(5824K) Class: 533K(640K)->533K(640K)
[2.908s][info][gc             ] GC(75) Pause Young (Allocation Failure) 467M->467M(543M) 14.855ms
[2.908s][info][gc,cpu         ] GC(75) User=0.00s Sys=0.00s Real=0.01s
[2.920s][info][gc,start       ] GC(76) Pause Young (Allocation Failure)
[2.937s][info][gc,heap        ] GC(76) PSYoungGen: 31328K(68608K)->21632K(64512K) Eden: 10752K(10752K)->0K(12288K) From: 20576K(57856K)->21632K(52224K)
[2.937s][info][gc,heap        ] GC(76) ParOldGen: 457920K(487936K)->467776K(487936K)
[2.937s][info][gc,metaspace   ] GC(76) Metaspace: 6298K(6464K)->6298K(6464K) NonClass: 5765K(5824K)->5765K(5824K) Class: 533K(640K)->533K(640K)
[2.937s][info][gc             ] GC(76) Pause Young (Allocation Failure) 477M->477M(539M) 16.922ms
[2.937s][info][gc,cpu         ] GC(76) User=0.03s Sys=0.00s Real=0.02s
[2.937s][info][gc,start       ] GC(77) Pause Full (Ergonomics)
[2.937s][info][gc,phases,start] GC(77) Marking Phase
[3.043s][info][gc,phases      ] GC(77) Marking Phase 106.014ms
[3.043s][info][gc,phases,start] GC(77) Summary Phase
[3.043s][info][gc,phases      ] GC(77) Summary Phase 0.028ms
[3.043s][info][gc,phases,start] GC(77) Adjust Roots
[3.043s][info][gc,phases      ] GC(77) Adjust Roots 0.151ms
[3.043s][info][gc,phases,start] GC(77) Compaction Phase
[3.090s][info][gc,phases      ] GC(77) Compaction Phase 46.637ms
[3.090s][info][gc,phases,start] GC(77) Post Compact
[3.093s][info][gc,phases      ] GC(77) Post Compact 2.472ms
[3.093s][info][gc,heap        ] GC(77) PSYoungGen: 21632K(64512K)->1000K(66048K) Eden: 0K(12288K)->0K(13824K) From: 21632K(52224K)->1000K(52224K)
[3.093s][info][gc,heap        ] GC(77) ParOldGen: 467776K(487936K)->487688K(545280K)
[3.093s][info][gc,metaspace   ] GC(77) Metaspace: 6298K(6464K)->6298K(6464K) NonClass: 5765K(5824K)->5765K(5824K) Class: 533K(640K)->533K(640K)
[3.093s][info][gc             ] GC(77) Pause Full (Ergonomics) 477M->477M(597M) 155.938ms
[3.093s][info][gc,cpu         ] GC(77) User=1.14s Sys=0.00s Real=0.16s
[3.109s][info][gc,start       ] GC(78) Pause Young (Allocation Failure)
[3.140s][info][gc,heap        ] GC(78) PSYoungGen: 14824K(66048K)->14144K(68096K) Eden: 13824K(13824K)->0K(13824K) From: 1000K(52224K)->14144K(54272K)
[3.140s][info][gc,heap        ] GC(78) ParOldGen: 487688K(545280K)->488544K(545280K)
[3.140s][info][gc,metaspace   ] GC(78) Metaspace: 6298K(6464K)->6298K(6464K) NonClass: 5765K(5824K)->5765K(5824K) Class: 533K(640K)->533K(640K)
[3.140s][info][gc             ] GC(78) Pause Young (Allocation Failure) 490M->490M(599M) 30.190ms
[3.140s][info][gc,cpu         ] GC(78) User=0.11s Sys=0.00s Real=0.03s
[3.155s][info][gc,start       ] GC(79) Pause Young (Allocation Failure)
[3.171s][info][gc,heap        ] GC(79) PSYoungGen: 27968K(68096K)->27968K(65536K) Eden: 13824K(13824K)->0K(15360K) From: 14144K(54272K)->27968K(50176K)
[3.171s][info][gc,heap        ] GC(79) ParOldGen: 488544K(545280K)->488544K(545280K)
[3.172s][info][gc,metaspace   ] GC(79) Metaspace: 6298K(6464K)->6298K(6464K) NonClass: 5765K(5824K)->5765K(5824K) Class: 533K(640K)->533K(640K)
[3.172s][info][gc             ] GC(79) Pause Young (Allocation Failure) 504M->504M(596M) 16.755ms
[3.172s][info][gc,cpu         ] GC(79) User=0.02s Sys=0.00s Real=0.02s
[3.189s][info][gc,start       ] GC(80) Pause Young (Allocation Failure)
[3.215s][info][gc,heap        ] GC(80) PSYoungGen: 43328K(65536K)->43264K(67072K) Eden: 15360K(15360K)->0K(15360K) From: 27968K(50176K)->43264K(51712K)
[3.215s][info][gc,heap        ] GC(80) ParOldGen: 488544K(545280K)->488544K(545280K)
[3.215s][info][gc,metaspace   ] GC(80) Metaspace: 6298K(6464K)->6298K(6464K) NonClass: 5765K(5824K)->5765K(5824K) Class: 533K(640K)->533K(640K)
[3.215s][info][gc             ] GC(80) Pause Young (Allocation Failure) 519M->519M(598M) 26.672ms
[3.215s][info][gc,cpu         ] GC(80) User=0.03s Sys=0.00s Real=0.03s
[3.232s][info][gc,start       ] GC(81) Pause Young (Allocation Failure)
[3.262s][info][gc,heap        ] GC(81) PSYoungGen: 58624K(67072K)->55808K(64000K) Eden: 15360K(15360K)->0K(8192K) From: 43264K(51712K)->55808K(55808K)
[3.262s][info][gc,heap        ] GC(81) ParOldGen: 488544K(545280K)->491352K(545280K)
[3.262s][info][gc,metaspace   ] GC(81) Metaspace: 6298K(6464K)->6298K(6464K) NonClass: 5765K(5824K)->5765K(5824K) Class: 533K(640K)->533K(640K)
[3.262s][info][gc             ] GC(81) Pause Young (Allocation Failure) 534M->534M(595M) 30.427ms
[3.262s][info][gc,cpu         ] GC(81) User=0.12s Sys=0.00s Real=0.03s
[3.272s][info][gc,start       ] GC(82) Pause Young (Allocation Failure)
[3.302s][info][gc,heap        ] GC(82) PSYoungGen: 64000K(64000K)->37664K(72704K) Eden: 8192K(8192K)->0K(8192K) From: 55808K(55808K)->37664K(64512K)
[3.302s][info][gc,heap        ] GC(82) ParOldGen: 491352K(545280K)->518080K(545280K)
[3.302s][info][gc,metaspace   ] GC(82) Metaspace: 6298K(6464K)->6298K(6464K) NonClass: 5765K(5824K)->5765K(5824K) Class: 533K(640K)->533K(640K)
[3.302s][info][gc             ] GC(82) Pause Young (Allocation Failure) 542M->542M(603M) 30.381ms
[3.302s][info][gc,cpu         ] GC(82) User=0.09s Sys=0.02s Real=0.03s
[3.311s][info][gc,start       ] GC(83) Pause Young (Allocation Failure)
[3.336s][info][gc,heap        ] GC(83) PSYoungGen: 45856K(72704K)->16512K(71680K) Eden: 8192K(8192K)->0K(9728K) From: 37664K(64512K)->16512K(61952K)
[3.336s][info][gc,heap        ] GC(83) ParOldGen: 518080K(545280K)->547872K(548352K)
[3.336s][info][gc,metaspace   ] GC(83) Metaspace: 6298K(6464K)->6298K(6464K) NonClass: 5765K(5824K)->5765K(5824K) Class: 533K(640K)->533K(640K)
[3.336s][info][gc             ] GC(83) Pause Young (Allocation Failure) 550M->551M(605M) 24.569ms
[3.336s][info][gc,cpu         ] GC(83) User=0.19s Sys=0.03s Real=0.02s
[3.336s][info][gc,start       ] GC(84) Pause Full (Ergonomics)
[3.336s][info][gc,phases,start] GC(84) Marking Phase
[3.461s][info][gc,phases      ] GC(84) Marking Phase 124.627ms
[3.461s][info][gc,phases,start] GC(84) Summary Phase
[3.461s][info][gc,phases      ] GC(84) Summary Phase 0.027ms
[3.461s][info][gc,phases,start] GC(84) Adjust Roots
[3.461s][info][gc,phases      ] GC(84) Adjust Roots 0.161ms
[3.461s][info][gc,phases,start] GC(84) Compaction Phase
[3.513s][info][gc,phases      ] GC(84) Compaction Phase 51.539ms
[3.513s][info][gc,phases,start] GC(84) Post Compact
[3.513s][info][gc,phases      ] GC(84) Post Compact 0.808ms
[3.514s][info][gc,heap        ] GC(84) PSYoungGen: 16512K(71680K)->15297K(72704K) Eden: 0K(9728K)->0K(10752K) From: 16512K(61952K)->15297K(61952K)
[3.514s][info][gc,heap        ] GC(84) ParOldGen: 547872K(548352K)->547952K(620544K)
[3.514s][info][gc,metaspace   ] GC(84) Metaspace: 6298K(6464K)->6298K(6464K) NonClass: 5765K(5824K)->5765K(5824K) Class: 533K(640K)->533K(640K)
[3.514s][info][gc             ] GC(84) Pause Full (Ergonomics) 551M->550M(677M) 177.697ms
[3.514s][info][gc,cpu         ] GC(84) User=1.25s Sys=0.00s Real=0.18s
[3.526s][info][gc,start       ] GC(85) Pause Young (Allocation Failure)
[3.563s][info][gc,heap        ] GC(85) PSYoungGen: 26049K(72704K)->10816K(73728K) Eden: 10752K(10752K)->0K(10752K) From: 15297K(61952K)->10816K(62976K)
[3.564s][info][gc,heap        ] GC(85) ParOldGen: 547952K(620544K)->563520K(620544K)
[3.564s][info][gc,metaspace   ] GC(85) Metaspace: 6298K(6464K)->6298K(6464K) NonClass: 5765K(5824K)->5765K(5824K) Class: 533K(640K)->533K(640K)
[3.564s][info][gc             ] GC(85) Pause Young (Allocation Failure) 560M->560M(678M) 37.213ms
[3.564s][info][gc,cpu         ] GC(85) User=0.19s Sys=0.00s Real=0.04s
[3.576s][info][gc,start       ] GC(86) Pause Young (Allocation Failure)
[3.590s][info][gc,heap        ] GC(86) PSYoungGen: 21568K(73728K)->10880K(74240K) Eden: 10752K(10752K)->0K(12288K) From: 10816K(62976K)->10880K(61952K)
[3.590s][info][gc,heap        ] GC(86) ParOldGen: 563520K(620544K)->574440K(620544K)
[3.590s][info][gc,metaspace   ] GC(86) Metaspace: 6298K(6464K)->6298K(6464K) NonClass: 5765K(5824K)->5765K(5824K) Class: 533K(640K)->533K(640K)
[3.590s][info][gc             ] GC(86) Pause Young (Allocation Failure) 571M->571M(678M) 14.400ms
[3.590s][info][gc,cpu         ] GC(86) User=0.02s Sys=0.00s Real=0.01s
[3.604s][info][gc,start       ] GC(87) Pause Young (Allocation Failure)
[3.617s][info][gc,heap        ] GC(87) PSYoungGen: 23168K(74240K)->12448K(74752K) Eden: 12288K(12288K)->0K(12288K) From: 10880K(61952K)->12448K(62464K)
[3.617s][info][gc,heap        ] GC(87) ParOldGen: 574440K(620544K)->585344K(620544K)
[3.617s][info][gc,metaspace   ] GC(87) Metaspace: 6298K(6464K)->6298K(6464K) NonClass: 5765K(5824K)->5765K(5824K) Class: 533K(640K)->533K(640K)
[3.617s][info][gc             ] GC(87) Pause Young (Allocation Failure) 583M->583M(679M) 13.527ms
[3.617s][info][gc,cpu         ] GC(87) User=0.02s Sys=0.00s Real=0.01s
[3.632s][info][gc,start       ] GC(88) Pause Young (Allocation Failure)
[3.646s][info][gc,heap        ] GC(88) PSYoungGen: 24736K(74752K)->12416K(71680K) Eden: 12288K(12288K)->0K(13824K) From: 12448K(62464K)->12416K(57856K)
[3.647s][info][gc,heap        ] GC(88) ParOldGen: 585344K(620544K)->597792K(620544K)
[3.647s][info][gc,metaspace   ] GC(88) Metaspace: 6298K(6464K)->6298K(6464K) NonClass: 5765K(5824K)->5765K(5824K) Class: 533K(640K)->533K(640K)
[3.647s][info][gc             ] GC(88) Pause Young (Allocation Failure) 595M->595M(676M) 15.001ms
[3.647s][info][gc,cpu         ] GC(88) User=0.02s Sys=0.00s Real=0.01s
[3.647s][info][gc,start       ] GC(89) Pause Full (Ergonomics)
[3.647s][info][gc,phases,start] GC(89) Marking Phase
[3.785s][info][gc,phases      ] GC(89) Marking Phase 138.774ms
[3.786s][info][gc,phases,start] GC(89) Summary Phase
[3.786s][info][gc,phases      ] GC(89) Summary Phase 0.032ms
[3.786s][info][gc,phases,start] GC(89) Adjust Roots
[3.786s][info][gc,phases      ] GC(89) Adjust Roots 0.194ms
[3.786s][info][gc,phases,start] GC(89) Compaction Phase
[3.842s][info][gc,phases      ] GC(89) Compaction Phase 55.745ms
[3.842s][info][gc,phases,start] GC(89) Post Compact
[3.843s][info][gc,phases      ] GC(89) Post Compact 1.009ms
[3.843s][info][gc,heap        ] GC(89) PSYoungGen: 12416K(71680K)->0K(73216K) Eden: 0K(13824K)->0K(13824K) From: 12416K(57856K)->0K(59392K)
[3.843s][info][gc,heap        ] GC(89) ParOldGen: 597792K(620544K)->609203K(680960K)
[3.843s][info][gc,metaspace   ] GC(89) Metaspace: 6298K(6464K)->6298K(6464K) NonClass: 5765K(5824K)->5765K(5824K) Class: 533K(640K)->533K(640K)
[3.843s][info][gc             ] GC(89) Pause Full (Ergonomics) 595M->594M(736M) 196.269ms
[3.843s][info][gc,cpu         ] GC(89) User=1.31s Sys=0.00s Real=0.20s
[3.859s][info][gc,start       ] GC(90) Pause Young (Allocation Failure)
[3.870s][info][gc,heap        ] GC(90) PSYoungGen: 13824K(73216K)->13952K(70144K) Eden: 13824K(13824K)->0K(15360K) From: 0K(59392K)->13952K(54784K)
[3.870s][info][gc,heap        ] GC(90) ParOldGen: 609203K(680960K)->609203K(680960K)
[3.870s][info][gc,metaspace   ] GC(90) Metaspace: 6298K(6464K)->6298K(6464K) NonClass: 5765K(5824K)->5765K(5824K) Class: 533K(640K)->533K(640K)
[3.870s][info][gc             ] GC(90) Pause Young (Allocation Failure) 608M->608M(733M) 11.337ms
[3.870s][info][gc,cpu         ] GC(90) User=0.02s Sys=0.00s Real=0.01s
[3.891s][info][gc,start       ] GC(91) Pause Young (Allocation Failure)
[3.908s][info][gc,heap        ] GC(91) PSYoungGen: 29312K(70144K)->29312K(72704K) Eden: 15360K(15360K)->0K(15360K) From: 13952K(54784K)->29312K(57344K)
[3.908s][info][gc,heap        ] GC(91) ParOldGen: 609203K(680960K)->609203K(680960K)
[3.908s][info][gc,metaspace   ] GC(91) Metaspace: 6298K(6464K)->6298K(6464K) NonClass: 5765K(5824K)->5765K(5824K) Class: 533K(640K)->533K(640K)
[3.908s][info][gc             ] GC(91) Pause Young (Allocation Failure) 623M->623M(736M) 17.524ms
[3.908s][info][gc,cpu         ] GC(91) User=0.02s Sys=0.00s Real=0.02s
[3.927s][info][gc,start       ] GC(92) Pause Young (Allocation Failure)
[3.952s][info][gc,heap        ] GC(92) PSYoungGen: 44672K(72704K)->44672K(68096K) Eden: 15360K(15360K)->0K(11776K) From: 29312K(57344K)->44672K(56320K)
[3.952s][info][gc,heap        ] GC(92) ParOldGen: 609203K(680960K)->609203K(680960K)
[3.952s][info][gc,metaspace   ] GC(92) Metaspace: 6298K(6464K)->6298K(6464K) NonClass: 5765K(5824K)->5765K(5824K) Class: 533K(640K)->533K(640K)
[3.952s][info][gc             ] GC(92) Pause Young (Allocation Failure) 638M->638M(731M) 24.861ms
[3.952s][info][gc,cpu         ] GC(92) User=0.08s Sys=0.00s Real=0.02s
[3.966s][info][gc,start       ] GC(93) Pause Young (Allocation Failure)
[3.995s][info][gc,heap        ] GC(93) PSYoungGen: 56448K(68096K)->56480K(73216K) Eden: 11776K(11776K)->0K(11776K) From: 44672K(56320K)->56480K(61440K)
[3.995s][info][gc,heap        ] GC(93) ParOldGen: 609203K(680960K)->609203K(680960K)
[3.995s][info][gc,metaspace   ] GC(93) Metaspace: 6298K(6464K)->6298K(6464K) NonClass: 5765K(5824K)->5765K(5824K) Class: 533K(640K)->533K(640K)
[3.995s][info][gc             ] GC(93) Pause Young (Allocation Failure) 650M->650M(736M) 29.904ms
[3.995s][info][gc,cpu         ] GC(93) User=0.12s Sys=0.00s Real=0.03s
[4.010s][info][gc,start       ] GC(94) Pause Young (Allocation Failure)
[4.046s][info][gc,heap        ] GC(94) PSYoungGen: 68256K(73216K)->54400K(76800K) Eden: 11776K(11776K)->0K(7680K) From: 56480K(61440K)->54400K(69120K)
[4.046s][info][gc,heap        ] GC(94) ParOldGen: 609203K(680960K)->623227K(680960K)
[4.046s][info][gc,metaspace   ] GC(94) Metaspace: 6298K(6464K)->6298K(6464K) NonClass: 5765K(5824K)->5765K(5824K) Class: 533K(640K)->533K(640K)
[4.046s][info][gc             ] GC(94) Pause Young (Allocation Failure) 661M->661M(740M) 35.332ms
[4.046s][info][gc,cpu         ] GC(94) User=0.12s Sys=0.00s Real=0.04s
[4.055s][info][gc,start       ] GC(95) Pause Young (Allocation Failure)
[4.089s][info][gc,heap        ] GC(95) PSYoungGen: 62080K(76800K)->46688K(82432K) Eden: 7680K(7680K)->0K(7680K) From: 54400K(69120K)->46688K(74752K)
[4.089s][info][gc,heap        ] GC(95) ParOldGen: 623227K(680960K)->638811K(680960K)
[4.089s][info][gc,metaspace   ] GC(95) Metaspace: 6298K(6464K)->6298K(6464K) NonClass: 5765K(5824K)->5765K(5824K) Class: 533K(640K)->533K(640K)
[4.089s][info][gc             ] GC(95) Pause Young (Allocation Failure) 669M->669M(745M) 33.811ms
[4.089s][info][gc,cpu         ] GC(95) User=0.12s Sys=0.00s Real=0.03s
[4.099s][info][gc,start       ] GC(96) Pause Young (Allocation Failure)
[4.130s][info][gc,heap        ] GC(96) PSYoungGen: 54368K(82432K)->27168K(77824K) Eden: 7680K(7680K)->0K(8704K) From: 46688K(74752K)->27168K(69120K)
[4.130s][info][gc,heap        ] GC(96) ParOldGen: 638811K(680960K)->666307K(680960K)
[4.130s][info][gc,metaspace   ] GC(96) Metaspace: 6298K(6464K)->6298K(6464K) NonClass: 5765K(5824K)->5765K(5824K) Class: 533K(640K)->533K(640K)
[4.130s][info][gc             ] GC(96) Pause Young (Allocation Failure) 676M->677M(741M) 30.594ms
[4.130s][info][gc,cpu         ] GC(96) User=0.08s Sys=0.03s Real=0.03s
[4.130s][info][gc,start       ] GC(97) Pause Full (Ergonomics)
[4.130s][info][gc,phases,start] GC(97) Marking Phase
[4.285s][info][gc,phases      ] GC(97) Marking Phase 155.216ms
[4.285s][info][gc,phases,start] GC(97) Summary Phase
[4.285s][info][gc,phases      ] GC(97) Summary Phase 0.021ms
[4.285s][info][gc,phases,start] GC(97) Adjust Roots
[4.286s][info][gc,phases      ] GC(97) Adjust Roots 0.187ms
[4.286s][info][gc,phases,start] GC(97) Compaction Phase
[4.344s][info][gc,phases      ] GC(97) Compaction Phase 58.239ms
[4.344s][info][gc,phases,start] GC(97) Post Compact
[4.345s][info][gc,phases      ] GC(97) Post Compact 1.140ms
[4.345s][info][gc,heap        ] GC(97) PSYoungGen: 27168K(77824K)->11711K(79360K) Eden: 0K(8704K)->0K(10240K) From: 27168K(69120K)->11711K(69120K)
[4.345s][info][gc,heap        ] GC(97) ParOldGen: 666307K(680960K)->680725K(761344K)
[4.345s][info][gc,metaspace   ] GC(97) Metaspace: 6298K(6464K)->6298K(6464K) NonClass: 5765K(5824K)->5765K(5824K) Class: 533K(640K)->533K(640K)
[4.346s][info][gc             ] GC(97) Pause Full (Ergonomics) 677M->676M(821M) 215.365ms
[4.346s][info][gc,cpu         ] GC(97) User=1.45s Sys=0.02s Real=0.22s
[4.358s][info][gc,start       ] GC(98) Pause Young (Allocation Failure)
[4.401s][info][gc,heap        ] GC(98) PSYoungGen: 21951K(79360K)->13376K(82944K) Eden: 10240K(10240K)->0K(10240K) From: 11711K(69120K)->13376K(72704K)
[4.401s][info][gc,heap        ] GC(98) ParOldGen: 680725K(761344K)->689589K(761344K)
[4.401s][info][gc,metaspace   ] GC(98) Metaspace: 6298K(6464K)->6298K(6464K) NonClass: 5765K(5824K)->5765K(5824K) Class: 533K(640K)->533K(640K)
[4.401s][info][gc             ] GC(98) Pause Young (Allocation Failure) 686M->686M(824M) 43.171ms
[4.401s][info][gc,cpu         ] GC(98) User=0.25s Sys=0.02s Real=0.04s
[4.540s][info][gc,start       ] GC(99) Pause Young (Allocation Failure)
[4.578s][info][gc,heap        ] GC(99) PSYoungGen: 23616K(82944K)->20608K(78336K) Eden: 10240K(10240K)->0K(11264K) From: 13376K(72704K)->20608K(67072K)
[4.578s][info][gc,heap        ] GC(99) ParOldGen: 722357K(761344K)->725453K(761344K)
[4.578s][info][gc,metaspace   ] GC(99) Metaspace: 6298K(6464K)->6298K(6464K) NonClass: 5765K(5824K)->5765K(5824K) Class: 533K(640K)->533K(640K)
[4.578s][info][gc             ] GC(99) Pause Young (Allocation Failure) 728M->728M(820M) 38.284ms
[4.578s][info][gc,cpu         ] GC(99) User=0.14s Sys=0.00s Real=0.04s
[4.590s][info][gc,start       ] GC(100) Pause Young (Allocation Failure)
[4.610s][info][gc,heap        ] GC(100) PSYoungGen: 31872K(78336K)->31840K(43520K) Eden: 11264K(11264K)->0K(11264K) From: 20608K(67072K)->31840K(32256K)
[4.610s][info][gc,heap        ] GC(100) ParOldGen: 725453K(761344K)->725453K(761344K)
[4.610s][info][gc,metaspace   ] GC(100) Metaspace: 6298K(6464K)->6298K(6464K) NonClass: 5765K(5824K)->5765K(5824K) Class: 533K(640K)->533K(640K)
[4.610s][info][gc             ] GC(100) Pause Young (Allocation Failure) 739M->739M(786M) 19.709ms
[4.610s][info][gc,cpu         ] GC(100) User=0.02s Sys=0.00s Real=0.02s
[4.622s][info][gc,start       ] GC(101) Pause Young (Allocation Failure)
[4.647s][info][gc,heap        ] GC(101) PSYoungGen: 43104K(43520K)->32864K(74240K) Eden: 11264K(11264K)->0K(12800K) From: 31840K(32256K)->32864K(61440K)
[4.647s][info][gc,heap        ] GC(101) ParOldGen: 725453K(761344K)->735837K(761344K)
[4.647s][info][gc,metaspace   ] GC(101) Metaspace: 6298K(6464K)->6298K(6464K) NonClass: 5765K(5824K)->5765K(5824K) Class: 533K(640K)->533K(640K)
[4.647s][info][gc             ] GC(101) Pause Young (Allocation Failure) 750M->750M(816M) 25.014ms
[4.647s][info][gc,cpu         ] GC(101) User=0.03s Sys=0.02s Real=0.03s
[4.647s][info][gc,start       ] GC(102) Pause Full (Ergonomics)
[4.647s][info][gc,phases,start] GC(102) Marking Phase
[4.810s][info][gc,phases      ] GC(102) Marking Phase 162.696ms
[4.810s][info][gc,phases,start] GC(102) Summary Phase
[4.810s][info][gc,phases      ] GC(102) Summary Phase 0.031ms
[4.810s][info][gc,phases,start] GC(102) Adjust Roots
[4.810s][info][gc,phases      ] GC(102) Adjust Roots 0.150ms
[4.810s][info][gc,phases,start] GC(102) Compaction Phase
[4.936s][info][gc,phases      ] GC(102) Compaction Phase 125.659ms
[4.936s][info][gc,phases,start] GC(102) Post Compact
[4.938s][info][gc,phases      ] GC(102) Post Compact 1.807ms
[4.938s][info][gc,heap        ] GC(102) PSYoungGen: 32864K(74240K)->0K(76800K) Eden: 0K(12800K)->0K(12800K) From: 32864K(61440K)->0K(64000K)
[4.938s][info][gc,heap        ] GC(102) ParOldGen: 735837K(761344K)->751701K(832512K)
[4.938s][info][gc,metaspace   ] GC(102) Metaspace: 6298K(6464K)->6298K(6464K) NonClass: 5765K(5824K)->5765K(5824K) Class: 533K(640K)->533K(640K)
[4.938s][info][gc             ] GC(102) Pause Full (Ergonomics) 750M->734M(888M) 290.949ms
[4.938s][info][gc,cpu         ] GC(102) User=1.88s Sys=0.00s Real=0.29s
[4.953s][info][gc,start       ] GC(103) Pause Young (Allocation Failure)
[4.966s][info][gc,heap        ] GC(103) PSYoungGen: 12800K(76800K)->12928K(77312K) Eden: 12800K(12800K)->0K(14336K) From: 0K(64000K)->12928K(62976K)
[4.966s][info][gc,heap        ] GC(103) ParOldGen: 751701K(832512K)->751701K(832512K)
[4.966s][info][gc,metaspace   ] GC(103) Metaspace: 6298K(6464K)->6298K(6464K) NonClass: 5765K(5824K)->5765K(5824K) Class: 533K(640K)->533K(640K)
[4.966s][info][gc             ] GC(103) Pause Young (Allocation Failure) 746M->746M(888M) 12.623ms
[4.966s][info][gc,cpu         ] GC(103) User=0.02s Sys=0.00s Real=0.01s
[4.984s][info][gc,start       ] GC(104) Pause Young (Allocation Failure)
[5.005s][info][gc,heap        ] GC(104) PSYoungGen: 27264K(77312K)->27264K(41984K) Eden: 14336K(14336K)->0K(14336K) From: 12928K(62976K)->27264K(27648K)
[5.005s][info][gc,heap        ] GC(104) ParOldGen: 751701K(832512K)->751701K(832512K)
[5.005s][info][gc,metaspace   ] GC(104) Metaspace: 6298K(6464K)->6298K(6464K) NonClass: 5765K(5824K)->5765K(5824K) Class: 533K(640K)->533K(640K)
[5.005s][info][gc             ] GC(104) Pause Young (Allocation Failure) 760M->760M(854M) 21.446ms
[5.005s][info][gc,cpu         ] GC(104) User=0.08s Sys=0.00s Real=0.02s
[5.021s][info][gc,start       ] GC(105) Pause Young (Allocation Failure)
[5.045s][info][gc,heap        ] GC(105) PSYoungGen: 41600K(41984K)->41568K(73728K) Eden: 14336K(14336K)->0K(13824K) From: 27264K(27648K)->41568K(59904K)
[5.045s][info][gc,heap        ] GC(105) ParOldGen: 751701K(832512K)->751701K(832512K)
[5.045s][info][gc,metaspace   ] GC(105) Metaspace: 6298K(6464K)->6298K(6464K) NonClass: 5765K(5824K)->5765K(5824K) Class: 533K(640K)->533K(640K)
[5.045s][info][gc             ] GC(105) Pause Young (Allocation Failure) 774M->774M(885M) 23.741ms
[5.045s][info][gc,cpu         ] GC(105) User=0.08s Sys=0.00s Real=0.02s
[5.060s][info][gc,start       ] GC(106) Pause Young (Allocation Failure)
[5.089s][info][gc,heap        ] GC(106) PSYoungGen: 55392K(73728K)->55360K(75776K) Eden: 13824K(13824K)->0K(13824K) From: 41568K(59904K)->55360K(61952K)
[5.089s][info][gc,heap        ] GC(106) ParOldGen: 751701K(832512K)->751701K(832512K)
[5.089s][info][gc,metaspace   ] GC(106) Metaspace: 6298K(6464K)->6298K(6464K) NonClass: 5765K(5824K)->5765K(5824K) Class: 533K(640K)->533K(640K)
[5.089s][info][gc             ] GC(106) Pause Young (Allocation Failure) 788M->788M(887M) 29.208ms
[5.089s][info][gc,cpu         ] GC(106) User=0.05s Sys=0.00s Real=0.03s
[5.105s][info][gc,start       ] GC(107) Pause Young (Allocation Failure)
[5.141s][info][gc,heap        ] GC(107) PSYoungGen: 69184K(75776K)->68096K(73728K) Eden: 13824K(13824K)->0K(5632K) From: 55360K(61952K)->68096K(68096K)
[5.141s][info][gc,heap        ] GC(107) ParOldGen: 751701K(832512K)->752757K(832512K)
[5.141s][info][gc,metaspace   ] GC(107) Metaspace: 6298K(6464K)->6298K(6464K) NonClass: 5765K(5824K)->5765K(5824K) Class: 533K(640K)->533K(640K)
[5.141s][info][gc             ] GC(107) Pause Young (Allocation Failure) 801M->801M(885M) 36.016ms
[5.141s][info][gc,cpu         ] GC(107) User=0.19s Sys=0.00s Real=0.04s
[5.147s][info][gc,start       ] GC(108) Pause Young (Allocation Failure)
[5.183s][info][gc,heap        ] GC(108) PSYoungGen: 73728K(73728K)->47168K(83968K) Eden: 5632K(5632K)->0K(5632K) From: 68096K(68096K)->47168K(78336K)
[5.183s][info][gc,heap        ] GC(108) ParOldGen: 752757K(832512K)->779749K(832512K)
[5.183s][info][gc,metaspace   ] GC(108) Metaspace: 6298K(6464K)->6298K(6464K) NonClass: 5765K(5824K)->5765K(5824K) Class: 533K(640K)->533K(640K)
[5.183s][info][gc             ] GC(108) Pause Young (Allocation Failure) 807M->807M(895M) 36.431ms
[5.184s][info][gc,cpu         ] GC(108) User=0.22s Sys=0.02s Real=0.04s
[5.190s][info][gc,start       ] GC(109) Pause Young (Allocation Failure)
[5.216s][info][gc,heap        ] GC(109) PSYoungGen: 52800K(83968K)->25152K(81920K) Eden: 5632K(5632K)->0K(7168K) From: 47168K(78336K)->25152K(74752K)
[5.216s][info][gc,heap        ] GC(109) ParOldGen: 779749K(832512K)->807789K(832512K)
[5.216s][info][gc,metaspace   ] GC(109) Metaspace: 6298K(6464K)->6298K(6464K) NonClass: 5765K(5824K)->5765K(5824K) Class: 533K(640K)->533K(640K)
[5.216s][info][gc             ] GC(109) Pause Young (Allocation Failure) 813M->813M(893M) 26.736ms
[5.217s][info][gc,cpu         ] GC(109) User=0.12s Sys=0.00s Real=0.03s
[5.217s][info][gc,start       ] GC(110) Pause Full (Ergonomics)
[5.217s][info][gc,phases,start] GC(110) Marking Phase
[5.417s][info][gc,phases      ] GC(110) Marking Phase 200.269ms
[5.417s][info][gc,phases,start] GC(110) Summary Phase
[5.417s][info][gc,phases      ] GC(110) Summary Phase 0.051ms
[5.417s][info][gc,phases,start] GC(110) Adjust Roots
[5.417s][info][gc,phases      ] GC(110) Adjust Roots 0.255ms
[5.417s][info][gc,phases,start] GC(110) Compaction Phase
[5.503s][info][gc,phases      ] GC(110) Compaction Phase 85.404ms
[5.503s][info][gc,phases,start] GC(110) Post Compact
[5.504s][info][gc,phases      ] GC(110) Post Compact 1.613ms
[5.505s][info][gc,heap        ] GC(110) PSYoungGen: 25152K(81920K)->0K(83456K) Eden: 0K(7168K)->0K(7168K) From: 25152K(74752K)->0K(76288K)
[5.505s][info][gc,heap        ] GC(110) ParOldGen: 807789K(832512K)->831861K(926208K)
[5.505s][info][gc,metaspace   ] GC(110) Metaspace: 6298K(6464K)->6298K(6464K) NonClass: 5765K(5824K)->5765K(5824K) Class: 533K(640K)->533K(640K)
[5.505s][info][gc             ] GC(110) Pause Full (Ergonomics) 813M->812M(986M) 288.469ms
[5.505s][info][gc,cpu         ] GC(110) User=1.89s Sys=0.05s Real=0.29s
[5.514s][info][gc,start       ] GC(111) Pause Young (Allocation Failure)
[5.525s][info][gc,heap        ] GC(111) PSYoungGen: 7168K(83456K)->7232K(83968K) Eden: 7168K(7168K)->0K(7680K) From: 0K(76288K)->7232K(76288K)
[5.525s][info][gc,heap        ] GC(111) ParOldGen: 831861K(926208K)->831861K(926208K)
[5.525s][info][gc,metaspace   ] GC(111) Metaspace: 6298K(6464K)->6298K(6464K) NonClass: 5765K(5824K)->5765K(5824K) Class: 533K(640K)->533K(640K)
[5.525s][info][gc             ] GC(111) Pause Young (Allocation Failure) 819M->819M(986M) 11.268ms
[5.525s][info][gc,cpu         ] GC(111) User=0.02s Sys=0.00s Real=0.01s
[5.534s][info][gc,start       ] GC(112) Pause Young (Allocation Failure)
[5.548s][info][gc,heap        ] GC(112) PSYoungGen: 14912K(83968K)->14944K(23040K) Eden: 7680K(7680K)->0K(7680K) From: 7232K(76288K)->14944K(15360K)
[5.548s][info][gc,heap        ] GC(112) ParOldGen: 831861K(926208K)->831861K(926208K)
[5.548s][info][gc,metaspace   ] GC(112) Metaspace: 6298K(6464K)->6298K(6464K) NonClass: 5765K(5824K)->5765K(5824K) Class: 533K(640K)->533K(640K)
[5.548s][info][gc             ] GC(112) Pause Young (Allocation Failure) 826M->826M(927M) 14.296ms
[5.548s][info][gc,cpu         ] GC(112) User=0.02s Sys=0.00s Real=0.01s
[5.557s][info][gc,start       ] GC(113) Pause Young (Allocation Failure)
[5.572s][info][gc,heap        ] GC(113) PSYoungGen: 22624K(23040K)->15488K(80384K) Eden: 7680K(7680K)->0K(8704K) From: 14944K(15360K)->15488K(71680K)
[5.572s][info][gc,heap        ] GC(113) ParOldGen: 831861K(926208K)->839133K(926208K)
[5.572s][info][gc,metaspace   ] GC(113) Metaspace: 6298K(6464K)->6298K(6464K) NonClass: 5765K(5824K)->5765K(5824K) Class: 533K(640K)->533K(640K)
[5.572s][info][gc             ] GC(113) Pause Young (Allocation Failure) 834M->834M(983M) 15.412ms
[5.572s][info][gc,cpu         ] GC(113) User=0.02s Sys=0.00s Real=0.02s
[5.583s][info][gc,start       ] GC(114) Pause Young (Allocation Failure)
[5.602s][info][gc,heap        ] GC(114) PSYoungGen: 24192K(80384K)->8832K(82432K) Eden: 8704K(8704K)->0K(8704K) From: 15488K(71680K)->8832K(73728K)
[5.602s][info][gc,heap        ] GC(114) ParOldGen: 839133K(926208K)->854693K(926208K)
[5.602s][info][gc,metaspace   ] GC(114) Metaspace: 6298K(6464K)->6298K(6464K) NonClass: 5765K(5824K)->5765K(5824K) Class: 533K(640K)->533K(640K)
[5.602s][info][gc             ] GC(114) Pause Young (Allocation Failure) 843M->843M(985M) 19.721ms
[5.602s][info][gc,cpu         ] GC(114) User=0.03s Sys=0.00s Real=0.02s
[5.614s][info][gc,start       ] GC(115) Pause Young (Allocation Failure)
[5.627s][info][gc,heap        ] GC(115) PSYoungGen: 17536K(82432K)->8832K(80384K) Eden: 8704K(8704K)->0K(10240K) From: 8832K(73728K)->8832K(70144K)
[5.627s][info][gc,heap        ] GC(115) ParOldGen: 854693K(926208K)->863525K(926208K)
[5.627s][info][gc,metaspace   ] GC(115) Metaspace: 6298K(6464K)->6298K(6464K) NonClass: 5765K(5824K)->5765K(5824K) Class: 533K(640K)->533K(640K)
[5.627s][info][gc             ] GC(115) Pause Young (Allocation Failure) 851M->851M(983M) 13.655ms
[5.627s][info][gc,cpu         ] GC(115) User=0.02s Sys=0.00s Real=0.01s
[5.640s][info][gc,start       ] GC(116) Pause Young (Allocation Failure)
[5.655s][info][gc,heap        ] GC(116) PSYoungGen: 19072K(80384K)->10368K(20992K) Eden: 10240K(10240K)->0K(10240K) From: 8832K(70144K)->10368K(10752K)
[5.655s][info][gc,heap        ] GC(116) ParOldGen: 863525K(926208K)->872341K(926208K)
[5.655s][info][gc,metaspace   ] GC(116) Metaspace: 6298K(6464K)->6298K(6464K) NonClass: 5765K(5824K)->5765K(5824K) Class: 533K(640K)->533K(640K)
[5.655s][info][gc             ] GC(116) Pause Young (Allocation Failure) 861M->862M(925M) 15.144ms
[5.655s][info][gc,cpu         ] GC(116) User=0.02s Sys=0.00s Real=0.02s
[5.665s][info][gc,start       ] GC(117) Pause Young (Allocation Failure)
[5.681s][info][gc,heap        ] GC(117) PSYoungGen: 20608K(20992K)->10368K(77312K) Eden: 10240K(10240K)->0K(11776K) From: 10368K(10752K)->10368K(65536K)
[5.681s][info][gc,heap        ] GC(117) ParOldGen: 872341K(926208K)->882709K(926208K)
[5.681s][info][gc,metaspace   ] GC(117) Metaspace: 6298K(6464K)->6298K(6464K) NonClass: 5765K(5824K)->5765K(5824K) Class: 533K(640K)->533K(640K)
[5.681s][info][gc             ] GC(117) Pause Young (Allocation Failure) 872M->872M(980M) 15.367ms
[5.681s][info][gc,cpu         ] GC(117) User=0.00s Sys=0.00s Real=0.02s
[5.694s][info][gc,start       ] GC(118) Pause Young (Allocation Failure)
[5.710s][info][gc,heap        ] GC(118) PSYoungGen: 22144K(77312K)->11904K(24064K) Eden: 11776K(11776K)->0K(11776K) From: 10368K(65536K)->11904K(12288K)
[5.710s][info][gc,heap        ] GC(118) ParOldGen: 882709K(926208K)->893093K(926208K)
[5.710s][info][gc,metaspace   ] GC(118) Metaspace: 6298K(6464K)->6298K(6464K) NonClass: 5765K(5824K)->5765K(5824K) Class: 533K(640K)->533K(640K)
[5.710s][info][gc             ] GC(118) Pause Young (Allocation Failure) 883M->883M(928M) 16.097ms
[5.710s][info][gc,cpu         ] GC(118) User=0.02s Sys=0.00s Real=0.02s
[5.723s][info][gc,start       ] GC(119) Pause Young (Allocation Failure)
[5.740s][info][gc,heap        ] GC(119) PSYoungGen: 23680K(24064K)->11904K(72192K) Eden: 11776K(11776K)->0K(13312K) From: 11904K(12288K)->11904K(58880K)
[5.740s][info][gc,heap        ] GC(119) ParOldGen: 893093K(926208K)->905037K(926208K)
[5.740s][info][gc,metaspace   ] GC(119) Metaspace: 6298K(6464K)->6298K(6464K) NonClass: 5765K(5824K)->5765K(5824K) Class: 533K(640K)->533K(640K)
[5.740s][info][gc             ] GC(119) Pause Young (Allocation Failure) 895M->895M(975M) 16.629ms
[5.740s][info][gc,cpu         ] GC(119) User=0.02s Sys=0.00s Real=0.02s
[5.740s][info][gc,start       ] GC(120) Pause Full (Ergonomics)
[5.740s][info][gc,phases,start] GC(120) Marking Phase
[5.947s][info][gc,phases      ] GC(120) Marking Phase 207.518ms
[5.948s][info][gc,phases,start] GC(120) Summary Phase
[5.948s][info][gc,phases      ] GC(120) Summary Phase 0.030ms
[5.948s][info][gc,phases,start] GC(120) Adjust Roots
[5.948s][info][gc,phases      ] GC(120) Adjust Roots 0.150ms
[5.948s][info][gc,phases,start] GC(120) Compaction Phase
[6.037s][info][gc,phases      ] GC(120) Compaction Phase 88.790ms
[6.037s][info][gc,phases,start] GC(120) Post Compact
[6.038s][info][gc,phases      ] GC(120) Post Compact 1.643ms
[6.039s][info][gc,heap        ] GC(120) PSYoungGen: 11904K(72192K)->0K(75264K) Eden: 0K(13312K)->0K(13312K) From: 11904K(58880K)->0K(61952K)
[6.039s][info][gc,heap        ] GC(120) ParOldGen: 905037K(926208K)->915537K(1006592K)
[6.039s][info][gc,metaspace   ] GC(120) Metaspace: 6298K(6464K)->6298K(6464K) NonClass: 5765K(5824K)->5765K(5824K) Class: 533K(640K)->533K(640K)
[6.039s][info][gc             ] GC(120) Pause Full (Ergonomics) 895M->894M(1056M) 298.843ms
[6.039s][info][gc,cpu         ] GC(120) User=2.02s Sys=0.00s Real=0.30s
[6.053s][info][gc,start       ] GC(121) Pause Young (Allocation Failure)
[6.067s][info][gc,heap        ] GC(121) PSYoungGen: 13312K(75264K)->13408K(71168K) Eden: 13312K(13312K)->0K(14848K) From: 0K(61952K)->13408K(56320K)
[6.067s][info][gc,heap        ] GC(121) ParOldGen: 915537K(1006592K)->915537K(1006592K)
[6.067s][info][gc,metaspace   ] GC(121) Metaspace: 6298K(6464K)->6298K(6464K) NonClass: 5765K(5824K)->5765K(5824K) Class: 533K(640K)->533K(640K)
[6.067s][info][gc             ] GC(121) Pause Young (Allocation Failure) 907M->907M(1052M) 13.319ms
[6.067s][info][gc,cpu         ] GC(121) User=0.00s Sys=0.00s Real=0.01s
[6.085s][info][gc,start       ] GC(122) Pause Young (Allocation Failure)
[6.102s][info][gc,heap        ] GC(122) PSYoungGen: 28256K(71168K)->28256K(74240K) Eden: 14848K(14848K)->0K(14848K) From: 13408K(56320K)->28256K(59392K)
[6.103s][info][gc,heap        ] GC(122) ParOldGen: 915537K(1006592K)->915537K(1006592K)
[6.103s][info][gc,metaspace   ] GC(122) Metaspace: 6298K(6464K)->6298K(6464K) NonClass: 5765K(5824K)->5765K(5824K) Class: 533K(640K)->533K(640K)
[6.103s][info][gc             ] GC(122) Pause Young (Allocation Failure) 921M->921M(1055M) 17.988ms
[6.103s][info][gc,cpu         ] GC(122) User=0.03s Sys=0.00s Real=0.02s
[6.120s][info][gc,start       ] GC(123) Pause Young (Allocation Failure)
[6.142s][info][gc,heap        ] GC(123) PSYoungGen: 43104K(74240K)->43136K(70144K) Eden: 14848K(14848K)->0K(11776K) From: 28256K(59392K)->43136K(58368K)
[6.142s][info][gc,heap        ] GC(123) ParOldGen: 915537K(1006592K)->915537K(1006592K)
[6.142s][info][gc,metaspace   ] GC(123) Metaspace: 6298K(6464K)->6298K(6464K) NonClass: 5765K(5824K)->5765K(5824K) Class: 533K(640K)->533K(640K)
[6.142s][info][gc             ] GC(123) Pause Young (Allocation Failure) 936M->936M(1051M) 22.235ms
[6.142s][info][gc,cpu         ] GC(123) User=0.14s Sys=0.00s Real=0.02s
[6.155s][info][gc,start       ] GC(124) Pause Young (Allocation Failure)
[6.182s][info][gc,heap        ] GC(124) PSYoungGen: 54912K(70144K)->41600K(74752K) Eden: 11776K(11776K)->0K(11776K) From: 43136K(58368K)->41600K(62976K)
[6.182s][info][gc,heap        ] GC(124) ParOldGen: 915537K(1006592K)->929025K(1006592K)
[6.182s][info][gc,metaspace   ] GC(124) Metaspace: 6298K(6464K)->6298K(6464K) NonClass: 5765K(5824K)->5765K(5824K) Class: 533K(640K)->533K(640K)
[6.182s][info][gc             ] GC(124) Pause Young (Allocation Failure) 947M->947M(1056M) 26.985ms
[6.182s][info][gc,cpu         ] GC(124) User=0.14s Sys=0.00s Real=0.03s
[6.195s][info][gc,start       ] GC(125) Pause Young (Allocation Failure)
[6.222s][info][gc,heap        ] GC(125) PSYoungGen: 53376K(74752K)->38496K(78336K) Eden: 11776K(11776K)->0K(12288K) From: 41600K(62976K)->38496K(66048K)
[6.222s][info][gc,heap        ] GC(125) ParOldGen: 929025K(1006592K)->944081K(1006592K)
[6.222s][info][gc,metaspace   ] GC(125) Metaspace: 6298K(6464K)->6298K(6464K) NonClass: 5765K(5824K)->5765K(5824K) Class: 533K(640K)->533K(640K)
[6.222s][info][gc             ] GC(125) Pause Young (Allocation Failure) 959M->959M(1059M) 26.578ms
[6.222s][info][gc,cpu         ] GC(125) User=0.05s Sys=0.08s Real=0.03s
[6.235s][info][gc,start       ] GC(126) Pause Young (Allocation Failure)
[6.261s][info][gc,heap        ] GC(126) PSYoungGen: 50784K(78336K)->35904K(79360K) Eden: 12288K(12288K)->0K(12288K) From: 38496K(66048K)->35904K(67072K)
[6.261s][info][gc,heap        ] GC(126) ParOldGen: 944081K(1006592K)->959129K(1006592K)
[6.261s][info][gc,metaspace   ] GC(126) Metaspace: 6298K(6464K)->6298K(6464K) NonClass: 5765K(5824K)->5765K(5824K) Class: 533K(640K)->533K(640K)
[6.261s][info][gc             ] GC(126) Pause Young (Allocation Failure) 971M->971M(1060M) 25.817ms
[6.261s][info][gc,cpu         ] GC(126) User=0.09s Sys=0.03s Real=0.03s
[6.275s][info][gc,start       ] GC(127) Pause Young (Allocation Failure)
[6.300s][info][gc,heap        ] GC(127) PSYoungGen: 48192K(79360K)->24704K(73216K) Eden: 12288K(12288K)->0K(13824K) From: 35904K(67072K)->24704K(59392K)
[6.300s][info][gc,heap        ] GC(127) ParOldGen: 959129K(1006592K)->982961K(1006592K)
[6.300s][info][gc,metaspace   ] GC(127) Metaspace: 6298K(6464K)->6298K(6464K) NonClass: 5765K(5824K)->5765K(5824K) Class: 533K(640K)->533K(640K)
[6.300s][info][gc             ] GC(127) Pause Young (Allocation Failure) 983M->984M(1054M) 25.094ms
[6.300s][info][gc,cpu         ] GC(127) User=0.14s Sys=0.00s Real=0.03s
[6.300s][info][gc,start       ] GC(128) Pause Full (Ergonomics)
[6.300s][info][gc,phases,start] GC(128) Marking Phase
[6.520s][info][gc,phases      ] GC(128) Marking Phase 220.044ms
[6.520s][info][gc,phases,start] GC(128) Summary Phase
[6.520s][info][gc,phases      ] GC(128) Summary Phase 0.040ms
[6.520s][info][gc,phases,start] GC(128) Adjust Roots
[6.521s][info][gc,phases      ] GC(128) Adjust Roots 0.177ms
[6.521s][info][gc,phases,start] GC(128) Compaction Phase
[6.616s][info][gc,phases      ] GC(128) Compaction Phase 95.358ms
[6.616s][info][gc,phases,start] GC(128) Post Compact
[6.618s][info][gc,phases      ] GC(128) Post Compact 1.831ms
[6.618s][info][gc,heap        ] GC(128) PSYoungGen: 24704K(73216K)->0K(76800K) Eden: 0K(13824K)->0K(13824K) From: 24704K(59392K)->0K(62976K)
[6.618s][info][gc,heap        ] GC(128) ParOldGen: 982961K(1006592K)->1006457K(1110016K)
[6.618s][info][gc,metaspace   ] GC(128) Metaspace: 6298K(6464K)->6298K(6464K) NonClass: 5765K(5824K)->5765K(5824K) Class: 533K(640K)->533K(640K)
[6.618s][info][gc             ] GC(128) Pause Full (Ergonomics) 984M->982M(1159M) 318.199ms
[6.618s][info][gc,cpu         ] GC(128) User=2.14s Sys=0.02s Real=0.32s
[6.634s][info][gc,start       ] GC(129) Pause Young (Allocation Failure)
[6.648s][info][gc,heap        ] GC(129) PSYoungGen: 13824K(76800K)->13888K(74752K) Eden: 13824K(13824K)->0K(15360K) From: 0K(62976K)->13888K(59392K)
[6.648s][info][gc,heap        ] GC(129) ParOldGen: 1006457K(1110016K)->1006457K(1110016K)
[6.648s][info][gc,metaspace   ] GC(129) Metaspace: 6298K(6464K)->6298K(6464K) NonClass: 5765K(5824K)->5765K(5824K) Class: 533K(640K)->533K(640K)
[6.648s][info][gc             ] GC(129) Pause Young (Allocation Failure) 996M->996M(1157M) 13.836ms
[6.648s][info][gc,cpu         ] GC(129) User=0.00s Sys=0.00s Real=0.01s
[6.666s][info][gc,start       ] GC(130) Pause Young (Allocation Failure)
[6.685s][info][gc,heap        ] GC(130) PSYoungGen: 29248K(74752K)->29280K(45056K) Eden: 15360K(15360K)->0K(15360K) From: 13888K(59392K)->29280K(29696K)
[6.685s][info][gc,heap        ] GC(130) ParOldGen: 1006457K(1110016K)->1006457K(1110016K)
[6.685s][info][gc,metaspace   ] GC(130) Metaspace: 6298K(6464K)->6298K(6464K) NonClass: 5765K(5824K)->5765K(5824K) Class: 533K(640K)->533K(640K)
[6.685s][info][gc             ] GC(130) Pause Young (Allocation Failure) 1011M->1011M(1128M) 18.240ms
[6.685s][info][gc,cpu         ] GC(130) User=0.03s Sys=0.00s Real=0.02s
[6.702s][info][gc,start       ] GC(131) Pause Young (Allocation Failure)
[6.725s][info][gc,heap        ] GC(131) PSYoungGen: 44640K(45056K)->44608K(72704K) Eden: 15360K(15360K)->0K(13312K) From: 29280K(29696K)->44608K(59392K)
[6.725s][info][gc,heap        ] GC(131) ParOldGen: 1006457K(1110016K)->1006457K(1110016K)
[6.725s][info][gc,metaspace   ] GC(131) Metaspace: 6298K(6464K)->6298K(6464K) NonClass: 5765K(5824K)->5765K(5824K) Class: 533K(640K)->533K(640K)
[6.725s][info][gc             ] GC(131) Pause Young (Allocation Failure) 1026M->1026M(1155M) 23.303ms
[6.725s][info][gc,cpu         ] GC(131) User=0.14s Sys=0.00s Real=0.02s
[6.739s][info][gc,start       ] GC(132) Pause Young (Allocation Failure)
[6.768s][info][gc,heap        ] GC(132) PSYoungGen: 57920K(72704K)->44192K(76288K) Eden: 13312K(13312K)->0K(13312K) From: 44608K(59392K)->44192K(62976K)
[6.768s][info][gc,heap        ] GC(132) ParOldGen: 1006457K(1110016K)->1020481K(1110016K)
[6.768s][info][gc,metaspace   ] GC(132) Metaspace: 6298K(6464K)->6298K(6464K) NonClass: 5765K(5824K)->5765K(5824K) Class: 533K(640K)->533K(640K)
[6.768s][info][gc             ] GC(132) Pause Young (Allocation Failure) 1039M->1039M(1158M) 29.539ms
[6.768s][info][gc,cpu         ] GC(132) User=0.11s Sys=0.00s Real=0.03s
[6.783s][info][gc,start       ] GC(133) Pause Young (Allocation Failure)
[6.812s][info][gc,heap        ] GC(133) PSYoungGen: 57504K(76288K)->42112K(79872K) Eden: 13312K(13312K)->0K(14336K) From: 44192K(62976K)->42112K(65536K)
[6.812s][info][gc,heap        ] GC(133) ParOldGen: 1020481K(1110016K)->1036049K(1110016K)
[6.812s][info][gc,metaspace   ] GC(133) Metaspace: 6298K(6464K)->6298K(6464K) NonClass: 5765K(5824K)->5765K(5824K) Class: 533K(640K)->533K(640K)
[6.812s][info][gc             ] GC(133) Pause Young (Allocation Failure) 1052M->1052M(1162M) 28.623ms
[6.812s][info][gc,cpu         ] GC(133) User=0.12s Sys=0.00s Real=0.03s
[6.827s][info][gc,start       ] GC(134) Pause Young (Allocation Failure)
[6.856s][info][gc,heap        ] GC(134) PSYoungGen: 56448K(79872K)->41088K(80896K) Eden: 14336K(14336K)->0K(14336K) From: 42112K(65536K)->41088K(66560K)
[6.856s][info][gc,heap        ] GC(134) ParOldGen: 1036049K(1110016K)->1051617K(1110016K)
[6.856s][info][gc,metaspace   ] GC(134) Metaspace: 6298K(6464K)->6298K(6464K) NonClass: 5765K(5824K)->5765K(5824K) Class: 533K(640K)->533K(640K)
[6.856s][info][gc             ] GC(134) Pause Young (Allocation Failure) 1066M->1067M(1163M) 28.764ms
[6.856s][info][gc,cpu         ] GC(134) User=0.14s Sys=0.00s Real=0.03s
[6.873s][info][gc,start       ] GC(135) Pause Young (Allocation Failure)
[6.902s][info][gc,heap        ] GC(135) PSYoungGen: 55424K(80896K)->28864K(77312K) Eden: 14336K(14336K)->0K(16384K) From: 41088K(66560K)->28864K(60928K)
[6.902s][info][gc,heap        ] GC(135) ParOldGen: 1051617K(1110016K)->1078577K(1110016K)
[6.902s][info][gc,metaspace   ] GC(135) Metaspace: 6298K(6464K)->6298K(6464K) NonClass: 5765K(5824K)->5765K(5824K) Class: 533K(640K)->533K(640K)
[6.902s][info][gc             ] GC(135) Pause Young (Allocation Failure) 1081M->1081M(1159M) 28.914ms
[6.902s][info][gc,cpu         ] GC(135) User=0.14s Sys=0.00s Real=0.03s
[6.902s][info][gc,start       ] GC(136) Pause Full (Ergonomics)
[6.902s][info][gc,phases,start] GC(136) Marking Phase
[7.143s][info][gc,phases      ] GC(136) Marking Phase 240.711ms
[7.143s][info][gc,phases,start] GC(136) Summary Phase
[7.143s][info][gc,phases      ] GC(136) Summary Phase 0.039ms
[7.143s][info][gc,phases,start] GC(136) Adjust Roots
[7.143s][info][gc,phases      ] GC(136) Adjust Roots 0.149ms
[7.143s][info][gc,phases,start] GC(136) Compaction Phase
[7.244s][info][gc,phases      ] GC(136) Compaction Phase 100.822ms
[7.244s][info][gc,phases,start] GC(136) Post Compact
[7.246s][info][gc,phases      ] GC(136) Post Compact 2.031ms
[7.247s][info][gc,heap        ] GC(136) PSYoungGen: 28864K(77312K)->0K(80384K) Eden: 0K(16384K)->0K(16384K) From: 28864K(60928K)->0K(64000K)
[7.247s][info][gc,heap        ] GC(136) ParOldGen: 1078577K(1110016K)->1106077K(1221632K)
[7.247s][info][gc,metaspace   ] GC(136) Metaspace: 6298K(6464K)->6298K(6464K) NonClass: 5765K(5824K)->5765K(5824K) Class: 533K(640K)->533K(640K)
[7.247s][info][gc             ] GC(136) Pause Full (Ergonomics) 1081M->1080M(1271M) 344.618ms
[7.247s][info][gc,cpu         ] GC(136) User=2.48s Sys=0.03s Real=0.35s
[7.266s][info][gc,start       ] GC(137) Pause Young (Allocation Failure)
[7.280s][info][gc,heap        ] GC(137) PSYoungGen: 16384K(80384K)->16512K(79872K) Eden: 16384K(16384K)->0K(18432K) From: 0K(64000K)->16512K(61440K)
[7.280s][info][gc,heap        ] GC(137) ParOldGen: 1106077K(1221632K)->1106077K(1221632K)
[7.280s][info][gc,metaspace   ] GC(137) Metaspace: 6298K(6464K)->6298K(6464K) NonClass: 5765K(5824K)->5765K(5824K) Class: 533K(640K)->533K(640K)
[7.280s][info][gc             ] GC(137) Pause Young (Allocation Failure) 1096M->1096M(1271M) 13.720ms
[7.280s][info][gc,cpu         ] GC(137) User=0.00s Sys=0.00s Real=0.01s
[7.301s][info][gc,start       ] GC(138) Pause Young (Allocation Failure)
[7.321s][info][gc,heap        ] GC(138) PSYoungGen: 34944K(79872K)->34944K(81408K) Eden: 18432K(18432K)->0K(18432K) From: 16512K(61440K)->34944K(62976K)
[7.321s][info][gc,heap        ] GC(138) ParOldGen: 1106077K(1221632K)->1106077K(1221632K)
[7.321s][info][gc,metaspace   ] GC(138) Metaspace: 6298K(6464K)->6298K(6464K) NonClass: 5765K(5824K)->5765K(5824K) Class: 533K(640K)->533K(640K)
[7.321s][info][gc             ] GC(138) Pause Young (Allocation Failure) 1114M->1114M(1272M) 19.696ms
[7.321s][info][gc,cpu         ] GC(138) User=0.12s Sys=0.00s Real=0.02s
[7.344s][info][gc,start       ] GC(139) Pause Young (Allocation Failure)
[7.371s][info][gc,heap        ] GC(139) PSYoungGen: 53376K(81408K)->53344K(77312K) Eden: 18432K(18432K)->0K(15360K) From: 34944K(62976K)->53344K(61952K)
[7.371s][info][gc,heap        ] GC(139) ParOldGen: 1106077K(1221632K)->1106077K(1221632K)
[7.371s][info][gc,metaspace   ] GC(139) Metaspace: 6298K(6464K)->6298K(6464K) NonClass: 5765K(5824K)->5765K(5824K) Class: 533K(640K)->533K(640K)
[7.371s][info][gc             ] GC(139) Pause Young (Allocation Failure) 1132M->1132M(1268M) 27.565ms
[7.371s][info][gc,cpu         ] GC(139) User=0.23s Sys=0.00s Real=0.03s
[7.389s][info][gc,start       ] GC(140) Pause Young (Allocation Failure)
[7.423s][info][gc,heap        ] GC(140) PSYoungGen: 68704K(77312K)->52384K(82432K) Eden: 15360K(15360K)->0K(15360K) From: 53344K(61952K)->52384K(67072K)
[7.423s][info][gc,heap        ] GC(140) ParOldGen: 1106077K(1221632K)->1122677K(1221632K)
[7.423s][info][gc,metaspace   ] GC(140) Metaspace: 6298K(6464K)->6298K(6464K) NonClass: 5765K(5824K)->5765K(5824K) Class: 533K(640K)->533K(640K)
[7.423s][info][gc             ] GC(140) Pause Young (Allocation Failure) 1147M->1147M(1273M) 33.577ms
[7.423s][info][gc,cpu         ] GC(140) User=0.16s Sys=0.00s Real=0.03s
[7.441s][info][gc,start       ] GC(141) Pause Young (Allocation Failure)
[7.474s][info][gc,heap        ] GC(141) PSYoungGen: 67744K(82432K)->49280K(87040K) Eden: 15360K(15360K)->0K(15872K) From: 52384K(67072K)->49280K(71168K)
[7.474s][info][gc,heap        ] GC(141) ParOldGen: 1122677K(1221632K)->1141365K(1221632K)
[7.474s][info][gc,metaspace   ] GC(141) Metaspace: 6298K(6464K)->6298K(6464K) NonClass: 5765K(5824K)->5765K(5824K) Class: 533K(640K)->533K(640K)
[7.474s][info][gc             ] GC(141) Pause Young (Allocation Failure) 1162M->1162M(1278M) 33.640ms
[7.474s][info][gc,cpu         ] GC(141) User=0.12s Sys=0.03s Real=0.03s
[7.495s][info][gc,start       ] GC(142) Pause Young (Allocation Failure)
[7.528s][info][gc,heap        ] GC(142) PSYoungGen: 65152K(87040K)->46688K(88576K) Eden: 15872K(15872K)->0K(15872K) From: 49280K(71168K)->46688K(72704K)
[7.528s][info][gc,heap        ] GC(142) ParOldGen: 1141365K(1221632K)->1160053K(1221632K)
[7.528s][info][gc,metaspace   ] GC(142) Metaspace: 6298K(6464K)->6298K(6464K) NonClass: 5765K(5824K)->5765K(5824K) Class: 533K(640K)->533K(640K)
[7.528s][info][gc             ] GC(142) Pause Young (Allocation Failure) 1178M->1178M(1279M) 33.220ms
[7.528s][info][gc,cpu         ] GC(142) User=0.14s Sys=0.02s Real=0.03s
[7.546s][info][gc,start       ] GC(143) Pause Young (Allocation Failure)
[7.579s][info][gc,heap        ] GC(143) PSYoungGen: 62560K(88576K)->47296K(91136K) Eden: 15872K(15872K)->0K(17920K) From: 46688K(72704K)->47296K(73216K)
[7.579s][info][gc,heap        ] GC(143) ParOldGen: 1160053K(1221632K)->1175621K(1221632K)
[7.579s][info][gc,metaspace   ] GC(143) Metaspace: 6298K(6464K)->6298K(6464K) NonClass: 5765K(5824K)->5765K(5824K) Class: 533K(640K)->533K(640K)
[7.579s][info][gc             ] GC(143) Pause Young (Allocation Failure) 1193M->1194M(1282M) 32.159ms
[7.579s][info][gc,cpu         ] GC(143) User=0.27s Sys=0.00s Real=0.03s
[7.600s][info][gc,start       ] GC(144) Pause Young (Allocation Failure)
[7.634s][info][gc,heap        ] GC(144) PSYoungGen: 65216K(91136K)->33888K(91136K) Eden: 17920K(17920K)->0K(17920K) From: 47296K(73216K)->33888K(73216K)
[7.634s][info][gc,heap        ] GC(144) ParOldGen: 1175621K(1221632K)->1207269K(1221632K)
[7.634s][info][gc,metaspace   ] GC(144) Metaspace: 6298K(6464K)->6298K(6464K) NonClass: 5765K(5824K)->5765K(5824K) Class: 533K(640K)->533K(640K)
[7.634s][info][gc             ] GC(144) Pause Young (Allocation Failure) 1211M->1212M(1282M) 34.177ms
[7.634s][info][gc,cpu         ] GC(144) User=0.14s Sys=0.02s Real=0.03s
[7.634s][info][gc,start       ] GC(145) Pause Full (Ergonomics)
[7.634s][info][gc,phases,start] GC(145) Marking Phase
[7.912s][info][gc,phases      ] GC(145) Marking Phase 277.851ms
[7.912s][info][gc,phases,start] GC(145) Summary Phase
[7.912s][info][gc,phases      ] GC(145) Summary Phase 0.026ms
[7.912s][info][gc,phases,start] GC(145) Adjust Roots
[7.913s][info][gc,phases      ] GC(145) Adjust Roots 0.182ms
[7.913s][info][gc,phases,start] GC(145) Compaction Phase
[8.019s][info][gc,phases      ] GC(145) Compaction Phase 106.674ms
[8.019s][info][gc,phases,start] GC(145) Post Compact
[8.021s][info][gc,phases      ] GC(145) Post Compact 2.016ms
[8.022s][info][gc,heap        ] GC(145) PSYoungGen: 33888K(91136K)->17886K(91136K) Eden: 0K(17920K)->0K(17920K) From: 33888K(73216K)->17886K(73216K)
[8.022s][info][gc,heap        ] GC(145) ParOldGen: 1207269K(1221632K)->1221574K(1351680K)
[8.022s][info][gc,metaspace   ] GC(145) Metaspace: 6298K(6464K)->6298K(6464K) NonClass: 5765K(5824K)->5765K(5824K) Class: 533K(640K)->533K(640K)
[8.022s][info][gc             ] GC(145) Pause Full (Ergonomics) 1212M->1210M(1409M) 387.503ms
[8.022s][info][gc,cpu         ] GC(145) User=2.95s Sys=0.00s Real=0.39s
[8.046s][info][gc,start       ] GC(146) Pause Young (Allocation Failure)
[8.116s][info][gc,heap        ] GC(146) PSYoungGen: 35806K(91136K)->18048K(90112K) Eden: 17920K(17920K)->0K(19968K) From: 17886K(73216K)->18048K(70144K)
[8.116s][info][gc,heap        ] GC(146) ParOldGen: 1221574K(1351680K)->1239718K(1351680K)
[8.116s][info][gc,metaspace   ] GC(146) Metaspace: 6298K(6464K)->6298K(6464K) NonClass: 5765K(5824K)->5765K(5824K) Class: 533K(640K)->533K(640K)
[8.116s][info][gc             ] GC(146) Pause Young (Allocation Failure) 1227M->1228M(1408M) 69.801ms
[8.116s][info][gc,cpu         ] GC(146) User=0.52s Sys=0.00s Real=0.07s
[8.140s][info][gc,start       ] GC(147) Pause Young (Allocation Failure)
[8.163s][info][gc,heap        ] GC(147) PSYoungGen: 38016K(90112K)->20096K(90624K) Eden: 19968K(19968K)->0K(19968K) From: 18048K(70144K)->20096K(70656K)
[8.163s][info][gc,heap        ] GC(147) ParOldGen: 1239718K(1351680K)->1257878K(1351680K)
[8.163s][info][gc,metaspace   ] GC(147) Metaspace: 6298K(6464K)->6298K(6464K) NonClass: 5765K(5824K)->5765K(5824K) Class: 533K(640K)->533K(640K)
[8.163s][info][gc             ] GC(147) Pause Young (Allocation Failure) 1247M->1248M(1408M) 23.677ms
[8.163s][info][gc,cpu         ] GC(147) User=0.12s Sys=0.02s Real=0.02s
[8.190s][info][gc,start       ] GC(148) Pause Young (Allocation Failure)
[8.215s][info][gc,heap        ] GC(148) PSYoungGen: 40064K(90624K)->20096K(89600K) Eden: 19968K(19968K)->0K(22016K) From: 20096K(70656K)->20096K(67584K)
[8.215s][info][gc,heap        ] GC(148) ParOldGen: 1257878K(1351680K)->1278110K(1351680K)
[8.215s][info][gc,metaspace   ] GC(148) Metaspace: 6298K(6464K)->6298K(6464K) NonClass: 5765K(5824K)->5765K(5824K) Class: 533K(640K)->533K(640K)
[8.215s][info][gc             ] GC(148) Pause Young (Allocation Failure) 1267M->1267M(1407M) 25.648ms
[8.215s][info][gc,cpu         ] GC(148) User=0.06s Sys=0.06s Real=0.03s
[8.236s][info][gc,start       ] GC(149) Pause Young (Allocation Failure)
[8.259s][info][gc,heap        ] GC(149) PSYoungGen: 42112K(89600K)->13440K(90624K) Eden: 22016K(22016K)->0K(22016K) From: 20096K(67584K)->13440K(68608K)
[8.259s][info][gc,heap        ] GC(149) ParOldGen: 1278110K(1351680K)->1298366K(1351680K)
[8.259s][info][gc,metaspace   ] GC(149) Metaspace: 6298K(6464K)->6298K(6464K) NonClass: 5765K(5824K)->5765K(5824K) Class: 533K(640K)->533K(640K)
[8.259s][info][gc             ] GC(149) Pause Young (Allocation Failure) 1289M->1281M(1408M) 22.799ms
[8.259s][info][gc,cpu         ] GC(149) User=0.14s Sys=0.00s Real=0.02s
[8.279s][info][gc,start       ] GC(150) Pause Young (Allocation Failure)
[8.297s][info][gc,heap        ] GC(150) PSYoungGen: 35456K(90624K)->12544K(91136K) Eden: 22016K(22016K)->0K(24576K) From: 13440K(68608K)->12544K(66560K)
[8.297s][info][gc,heap        ] GC(150) ParOldGen: 1298366K(1351680K)->1311878K(1351680K)
[8.297s][info][gc,metaspace   ] GC(150) Metaspace: 6298K(6464K)->6298K(6464K) NonClass: 5765K(5824K)->5765K(5824K) Class: 533K(640K)->533K(640K)
[8.297s][info][gc             ] GC(150) Pause Young (Allocation Failure) 1302M->1293M(1409M) 18.147ms
[8.297s][info][gc,cpu         ] GC(150) User=0.03s Sys=0.00s Real=0.02s
[8.328s][info][gc,start       ] GC(151) Pause Young (Allocation Failure)
[8.352s][info][gc,heap        ] GC(151) PSYoungGen: 37120K(91136K)->24672K(49664K) Eden: 24576K(24576K)->0K(24576K) From: 12544K(66560K)->24672K(25088K)
[8.352s][info][gc,heap        ] GC(151) ParOldGen: 1311878K(1351680K)->1324470K(1351680K)
[8.352s][info][gc,metaspace   ] GC(151) Metaspace: 6298K(6464K)->6298K(6464K) NonClass: 5765K(5824K)->5765K(5824K) Class: 533K(640K)->533K(640K)
[8.352s][info][gc             ] GC(151) Pause Young (Allocation Failure) 1317M->1317M(1368M) 24.163ms
[8.352s][info][gc,cpu         ] GC(151) User=0.25s Sys=0.00s Real=0.02s
[8.352s][info][gc,start       ] GC(152) Pause Full (Ergonomics)
[8.352s][info][gc,phases,start] GC(152) Marking Phase
[8.650s][info][gc,phases      ] GC(152) Marking Phase 297.466ms
[8.650s][info][gc,phases,start] GC(152) Summary Phase
[8.650s][info][gc,phases      ] GC(152) Summary Phase 0.044ms
[8.650s][info][gc,phases,start] GC(152) Adjust Roots
[8.650s][info][gc,phases      ] GC(152) Adjust Roots 0.160ms
[8.650s][info][gc,phases,start] GC(152) Compaction Phase
[8.763s][info][gc,phases      ] GC(152) Compaction Phase 113.329ms
[8.763s][info][gc,phases,start] GC(152) Post Compact
[8.766s][info][gc,phases      ] GC(152) Post Compact 2.519ms
[8.767s][info][gc,heap        ] GC(152) PSYoungGen: 24672K(49664K)->0K(91648K) Eden: 0K(24576K)->0K(27136K) From: 24672K(25088K)->0K(64512K)
[8.767s][info][gc,heap        ] GC(152) ParOldGen: 1324470K(1351680K)->1347423K(1483264K)
[8.767s][info][gc,metaspace   ] GC(152) Metaspace: 6298K(6464K)->6298K(6464K) NonClass: 5765K(5824K)->5765K(5824K) Class: 533K(640K)->533K(640K)
[8.767s][info][gc             ] GC(152) Pause Full (Ergonomics) 1317M->1315M(1538M) 414.351ms
[8.767s][info][gc,cpu         ] GC(152) User=2.89s Sys=0.03s Real=0.41s
[8.802s][info][gc,start       ] GC(153) Pause Young (Allocation Failure)
[8.820s][info][gc,heap        ] GC(153) PSYoungGen: 27136K(91648K)->27296K(54784K) Eden: 27136K(27136K)->0K(27136K) From: 0K(64512K)->27296K(27648K)
[8.820s][info][gc,heap        ] GC(153) ParOldGen: 1347423K(1483264K)->1347423K(1483264K)
[8.820s][info][gc,metaspace   ] GC(153) Metaspace: 6298K(6464K)->6298K(6464K) NonClass: 5765K(5824K)->5765K(5824K) Class: 533K(640K)->533K(640K)
[8.820s][info][gc             ] GC(153) Pause Young (Allocation Failure) 1342M->1342M(1502M) 17.967ms
[8.820s][info][gc,cpu         ] GC(153) User=0.03s Sys=0.00s Real=0.02s
[8.854s][info][gc,start       ] GC(154) Pause Young (Allocation Failure)
[8.885s][info][gc,heap        ] GC(154) PSYoungGen: 54432K(54784K)->54496K(84992K) Eden: 27136K(27136K)->0K(23552K) From: 27296K(27648K)->54496K(61440K)
[8.885s][info][gc,heap        ] GC(154) ParOldGen: 1347423K(1483264K)->1347423K(1483264K)
[8.885s][info][gc,metaspace   ] GC(154) Metaspace: 6298K(6464K)->6298K(6464K) NonClass: 5765K(5824K)->5765K(5824K) Class: 533K(640K)->533K(640K)
[8.885s][info][gc             ] GC(154) Pause Young (Allocation Failure) 1368M->1369M(1531M) 30.898ms
[8.885s][info][gc,cpu         ] GC(154) User=0.14s Sys=0.00s Real=0.03s
[9.144s][info][gc,start       ] GC(155) Pause Young (Allocation Failure)
[9.212s][info][gc,heap        ] GC(155) PSYoungGen: 78048K(84992K)->67584K(91136K) Eden: 23552K(23552K)->0K(23552K) From: 54496K(61440K)->67584K(67584K)
[9.212s][info][gc,heap        ] GC(155) ParOldGen: 1412959K(1483264K)->1423423K(1483264K)
[9.212s][info][gc,metaspace   ] GC(155) Metaspace: 6298K(6464K)->6298K(6464K) NonClass: 5765K(5824K)->5765K(5824K) Class: 533K(640K)->533K(640K)
[9.212s][info][gc             ] GC(155) Pause Young (Allocation Failure) 1456M->1456M(1537M) 67.951ms
[9.212s][info][gc,cpu         ] GC(155) User=0.44s Sys=0.00s Real=0.07s
[9.234s][info][gc,start       ] GC(156) Pause Young (Allocation Failure)
[9.279s][info][gc,heap        ] GC(156) PSYoungGen: 91136K(91136K)->45440K(105984K) Eden: 23552K(23552K)->0K(26112K) From: 67584K(67584K)->45440K(79872K)
[9.279s][info][gc,heap        ] GC(156) ParOldGen: 1423423K(1483264K)->1469791K(1483264K)
[9.279s][info][gc,metaspace   ] GC(156) Metaspace: 6298K(6464K)->6298K(6464K) NonClass: 5765K(5824K)->5765K(5824K) Class: 533K(640K)->533K(640K)
[9.279s][info][gc             ] GC(156) Pause Young (Allocation Failure) 1479M->1479M(1552M) 45.633ms
[9.279s][info][gc,cpu         ] GC(156) User=0.33s Sys=0.05s Real=0.05s
[9.279s][info][gc,start       ] GC(157) Pause Full (Ergonomics)
[9.279s][info][gc,phases,start] GC(157) Marking Phase
[9.594s][info][gc,phases      ] GC(157) Marking Phase 315.147ms
[9.594s][info][gc,phases,start] GC(157) Summary Phase
[9.595s][info][gc,phases      ] GC(157) Summary Phase 0.043ms
[9.595s][info][gc,phases,start] GC(157) Adjust Roots
[9.595s][info][gc,phases      ] GC(157) Adjust Roots 0.155ms
[9.595s][info][gc,phases,start] GC(157) Compaction Phase
[9.829s][info][gc,phases      ] GC(157) Compaction Phase 233.857ms
[9.829s][info][gc,phases,start] GC(157) Post Compact
[9.832s][info][gc,phases      ] GC(157) Post Compact 3.134ms
[9.833s][info][gc,heap        ] GC(157) PSYoungGen: 45440K(105984K)->0K(106496K) Eden: 0K(26112K)->0K(26112K) From: 45440K(79872K)->0K(80384K)
[9.833s][info][gc,heap        ] GC(157) ParOldGen: 1469791K(1483264K)->1481446K(1635328K)
[9.833s][info][gc,metaspace   ] GC(157) Metaspace: 6298K(6464K)->6298K(6464K) NonClass: 5765K(5824K)->5765K(5824K) Class: 533K(640K)->533K(640K)
[9.833s][info][gc             ] GC(157) Pause Full (Ergonomics) 1479M->1446M(1701M) 553.349ms
[9.833s][info][gc,cpu         ] GC(157) User=3.80s Sys=0.00s Real=0.55s
[9.857s][info][gc,start       ] GC(158) Pause Young (Allocation Failure)
[9.879s][info][gc,heap        ] GC(158) PSYoungGen: 26112K(106496K)->26272K(103936K) Eden: 26112K(26112K)->0K(28672K) From: 0K(80384K)->26272K(75264K)
[9.879s][info][gc,heap        ] GC(158) ParOldGen: 1481446K(1635328K)->1481446K(1635328K)
[9.879s][info][gc,metaspace   ] GC(158) Metaspace: 6298K(6464K)->6298K(6464K) NonClass: 5765K(5824K)->5765K(5824K) Class: 533K(640K)->533K(640K)
[9.879s][info][gc             ] GC(158) Pause Young (Allocation Failure) 1472M->1472M(1698M) 21.692ms
[9.879s][info][gc,cpu         ] GC(158) User=0.09s Sys=0.00s Real=0.02s
[9.907s][info][gc,start       ] GC(159) Pause Young (Allocation Failure)
[9.938s][info][gc,heap        ] GC(159) PSYoungGen: 54944K(103936K)->54976K(106496K) Eden: 28672K(28672K)->0K(28672K) From: 26272K(75264K)->54976K(77824K)
[9.938s][info][gc,heap        ] GC(159) ParOldGen: 1481446K(1635328K)->1481446K(1635328K)
[9.938s][info][gc,metaspace   ] GC(159) Metaspace: 6298K(6464K)->6298K(6464K) NonClass: 5765K(5824K)->5765K(5824K) Class: 533K(640K)->533K(640K)
[9.938s][info][gc             ] GC(159) Pause Young (Allocation Failure) 1500M->1500M(1701M) 31.046ms
[9.938s][info][gc,cpu         ] GC(159) User=0.03s Sys=0.00s Real=0.03s
[9.967s][info][gc,start       ] GC(160) Pause Young (Allocation Failure)
[10.009s][info][gc,heap        ] GC(160) PSYoungGen: 83648K(106496K)->80896K(99840K) Eden: 28672K(28672K)->0K(18944K) From: 54976K(77824K)->80896K(80896K)
[10.009s][info][gc,heap        ] GC(160) ParOldGen: 1481446K(1635328K)->1484166K(1635328K)
[10.009s][info][gc,metaspace   ] GC(160) Metaspace: 6298K(6464K)->6298K(6464K) NonClass: 5765K(5824K)->5765K(5824K) Class: 533K(640K)->533K(640K)
[10.009s][info][gc             ] GC(160) Pause Young (Allocation Failure) 1528M->1528M(1694M) 42.132ms
[10.009s][info][gc,cpu         ] GC(160) User=0.27s Sys=0.00s Real=0.04s
[10.028s][info][gc,start       ] GC(161) Pause Young (Allocation Failure)
[10.074s][info][gc,heap        ] GC(161) PSYoungGen: 99840K(99840K)->93696K(112640K) Eden: 18944K(18944K)->0K(18944K) From: 80896K(80896K)->93696K(93696K)
[10.074s][info][gc,heap        ] GC(161) ParOldGen: 1484166K(1635328K)->1490406K(1635328K)
[10.074s][info][gc,metaspace   ] GC(161) Metaspace: 6298K(6464K)->6298K(6464K) NonClass: 5765K(5824K)->5765K(5824K) Class: 533K(640K)->533K(640K)
[10.074s][info][gc             ] GC(161) Pause Young (Allocation Failure) 1546M->1546M(1707M) 45.860ms
[10.074s][info][gc,cpu         ] GC(161) User=0.27s Sys=0.00s Real=0.04s
[10.094s][info][gc,start       ] GC(162) Pause Young (Allocation Failure)
[10.147s][info][gc,heap        ] GC(162) PSYoungGen: 112640K(112640K)->61728K(129536K) Eden: 18944K(18944K)->0K(21504K) From: 93696K(93696K)->61728K(108032K)
[10.147s][info][gc,heap        ] GC(162) ParOldGen: 1490406K(1635328K)->1542030K(1635328K)
[10.147s][info][gc,metaspace   ] GC(162) Metaspace: 6298K(6464K)->6298K(6464K) NonClass: 5765K(5824K)->5765K(5824K) Class: 533K(640K)->533K(640K)
[10.147s][info][gc             ] GC(162) Pause Young (Allocation Failure) 1565M->1566M(1723M) 53.053ms
[10.147s][info][gc,cpu         ] GC(162) User=0.38s Sys=0.02s Real=0.05s
[10.168s][info][gc,start       ] GC(163) Pause Young (Allocation Failure)
[10.209s][info][gc,heap        ] GC(163) PSYoungGen: 83232K(129536K)->56192K(130048K) Eden: 21504K(21504K)->0K(21504K) From: 61728K(108032K)->56192K(108544K)
[10.209s][info][gc,heap        ] GC(163) ParOldGen: 1542030K(1635328K)->1569406K(1635328K)
[10.209s][info][gc,metaspace   ] GC(163) Metaspace: 6298K(6464K)->6298K(6464K) NonClass: 5765K(5824K)->5765K(5824K) Class: 533K(640K)->533K(640K)
[10.209s][info][gc             ] GC(163) Pause Young (Allocation Failure) 1587M->1587M(1724M) 41.134ms
[10.209s][info][gc,cpu         ] GC(163) User=0.27s Sys=0.00s Real=0.04s
[10.230s][info][gc,start       ] GC(164) Pause Young (Allocation Failure)
[10.269s][info][gc,heap        ] GC(164) PSYoungGen: 77696K(130048K)->43104K(120832K) Eden: 21504K(21504K)->0K(24576K) From: 56192K(108544K)->43104K(96256K)
[10.270s][info][gc,heap        ] GC(164) ParOldGen: 1569406K(1635328K)->1604382K(1635328K)
[10.270s][info][gc,metaspace   ] GC(164) Metaspace: 6298K(6464K)->6298K(6464K) NonClass: 5765K(5824K)->5765K(5824K) Class: 533K(640K)->533K(640K)
[10.270s][info][gc             ] GC(164) Pause Young (Allocation Failure) 1608M->1608M(1715M) 39.287ms
[10.270s][info][gc,cpu         ] GC(164) User=0.23s Sys=0.03s Real=0.04s
[10.270s][info][gc,start       ] GC(165) Pause Full (Ergonomics)
[10.270s][info][gc,phases,start] GC(165) Marking Phase
[10.633s][info][gc,phases      ] GC(165) Marking Phase 363.387ms
[10.633s][info][gc,phases,start] GC(165) Summary Phase
[10.633s][info][gc,phases      ] GC(165) Summary Phase 0.031ms
[10.633s][info][gc,phases,start] GC(165) Adjust Roots
[10.633s][info][gc,phases      ] GC(165) Adjust Roots 0.214ms
[10.633s][info][gc,phases,start] GC(165) Compaction Phase
[11.086s][info][gc,phases      ] GC(165) Compaction Phase 452.789ms
[11.086s][info][gc,phases,start] GC(165) Post Compact
[11.090s][info][gc,phases      ] GC(165) Post Compact 3.560ms
[11.091s][info][gc,heap        ] GC(165) PSYoungGen: 43104K(120832K)->10754K(123904K) Eden: 0K(24576K)->0K(27648K) From: 43104K(96256K)->10754K(96256K)
[11.091s][info][gc,heap        ] GC(165) ParOldGen: 1604382K(1635328K)->1634823K(1814528K)
[11.091s][info][gc,metaspace   ] GC(165) Metaspace: 6298K(6464K)->6298K(6464K) NonClass: 5765K(5824K)->5765K(5824K) Class: 533K(640K)->533K(640K)
[11.091s][info][gc             ] GC(165) Pause Full (Ergonomics) 1608M->1607M(1893M) 821.103ms
[11.091s][info][gc,cpu         ] GC(165) User=5.70s Sys=0.00s Real=0.82s
[11.120s][info][gc,start       ] GC(166) Pause Young (Allocation Failure)
[11.206s][info][gc,heap        ] GC(166) PSYoungGen: 38402K(123904K)->27808K(128512K) Eden: 27648K(27648K)->0K(27648K) From: 10754K(96256K)->27808K(100864K)
[11.206s][info][gc,heap        ] GC(166) ParOldGen: 1634823K(1814528K)->1645727K(1814528K)
[11.206s][info][gc,metaspace   ] GC(166) Metaspace: 6298K(6464K)->6298K(6464K) NonClass: 5765K(5824K)->5765K(5824K) Class: 533K(640K)->533K(640K)
[11.206s][info][gc             ] GC(166) Pause Young (Allocation Failure) 1634M->1634M(1897M) 85.516ms
[11.206s][info][gc,cpu         ] GC(166) User=0.53s Sys=0.00s Real=0.08s
[11.235s][info][gc,start       ] GC(167) Pause Young (Allocation Failure)
[11.269s][info][gc,heap        ] GC(167) PSYoungGen: 55456K(128512K)->55488K(125952K) Eden: 27648K(27648K)->0K(30720K) From: 27808K(100864K)->55488K(95232K)
[11.269s][info][gc,heap        ] GC(167) ParOldGen: 1645727K(1814528K)->1645727K(1814528K)
[11.269s][info][gc,metaspace   ] GC(167) Metaspace: 6298K(6464K)->6298K(6464K) NonClass: 5765K(5824K)->5765K(5824K) Class: 533K(640K)->533K(640K)
[11.269s][info][gc             ] GC(167) Pause Young (Allocation Failure) 1661M->1661M(1895M) 33.752ms
[11.269s][info][gc,cpu         ] GC(167) User=0.06s Sys=0.00s Real=0.03s
[11.299s][info][gc,start       ] GC(168) Pause Young (Allocation Failure)
[11.342s][info][gc,heap        ] GC(168) PSYoungGen: 86208K(125952K)->86240K(128000K) Eden: 30720K(30720K)->0K(30720K) From: 55488K(95232K)->86240K(97280K)
[11.342s][info][gc,heap        ] GC(168) ParOldGen: 1645727K(1814528K)->1645727K(1814528K)
[11.342s][info][gc,metaspace   ] GC(168) Metaspace: 6298K(6464K)->6298K(6464K) NonClass: 5765K(5824K)->5765K(5824K) Class: 533K(640K)->533K(640K)
[11.342s][info][gc             ] GC(168) Pause Young (Allocation Failure) 1691M->1691M(1897M) 43.275ms
[11.343s][info][gc,cpu         ] GC(168) User=0.23s Sys=0.00s Real=0.04s
[11.379s][info][gc,start       ] GC(169) Pause Young (Allocation Failure)
[11.436s][info][gc,heap        ] GC(169) PSYoungGen: 116960K(128000K)->89312K(132096K) Eden: 30720K(30720K)->0K(25600K) From: 86240K(97280K)->89312K(106496K)
[11.436s][info][gc,heap        ] GC(169) ParOldGen: 1645727K(1814528K)->1673735K(1814528K)
[11.436s][info][gc,metaspace   ] GC(169) Metaspace: 6298K(6464K)->6298K(6464K) NonClass: 5765K(5824K)->5765K(5824K) Class: 533K(640K)->533K(640K)
[11.436s][info][gc             ] GC(169) Pause Young (Allocation Failure) 1721M->1721M(1901M) 57.703ms
[11.436s][info][gc,cpu         ] GC(169) User=0.38s Sys=0.00s Real=0.06s
[11.464s][info][gc,start       ] GC(170) Pause Young (Allocation Failure)
[11.519s][info][gc,heap        ] GC(170) PSYoungGen: 114912K(132096K)->87200K(140800K) Eden: 25600K(25600K)->0K(25600K) From: 89312K(106496K)->87200K(115200K)
[11.519s][info][gc,heap        ] GC(170) ParOldGen: 1673735K(1814528K)->1701743K(1814528K)
[11.519s][info][gc,metaspace   ] GC(170) Metaspace: 6298K(6464K)->6298K(6464K) NonClass: 5765K(5824K)->5765K(5824K) Class: 533K(640K)->533K(640K)
[11.519s][info][gc             ] GC(170) Pause Young (Allocation Failure) 1746M->1747M(1909M) 55.616ms
[11.519s][info][gc,cpu         ] GC(170) User=0.34s Sys=0.05s Real=0.06s
[11.548s][info][gc,start       ] GC(171) Pause Young (Allocation Failure)
[11.603s][info][gc,heap        ] GC(171) PSYoungGen: 112800K(140800K)->82144K(146944K) Eden: 25600K(25600K)->0K(26112K) From: 87200K(115200K)->82144K(120832K)
[11.603s][info][gc,heap        ] GC(171) ParOldGen: 1701743K(1814528K)->1732871K(1814528K)
[11.603s][info][gc,metaspace   ] GC(171) Metaspace: 6298K(6464K)->6298K(6464K) NonClass: 5765K(5824K)->5765K(5824K) Class: 533K(640K)->533K(640K)
[11.603s][info][gc             ] GC(171) Pause Young (Allocation Failure) 1772M->1772M(1915M) 55.125ms
[11.603s][info][gc,cpu         ] GC(171) User=0.36s Sys=0.02s Real=0.06s
[11.629s][info][gc,start       ] GC(172) Pause Young (Allocation Failure)
[11.682s][info][gc,heap        ] GC(172) PSYoungGen: 108256K(146944K)->77504K(149504K) Eden: 26112K(26112K)->0K(26112K) From: 82144K(120832K)->77504K(123392K)
[11.682s][info][gc,heap        ] GC(172) ParOldGen: 1732871K(1814528K)->1764007K(1814528K)
[11.682s][info][gc,metaspace   ] GC(172) Metaspace: 6298K(6464K)->6298K(6464K) NonClass: 5765K(5824K)->5765K(5824K) Class: 533K(640K)->533K(640K)
[11.682s][info][gc             ] GC(172) Pause Young (Allocation Failure) 1797M->1798M(1918M) 53.811ms
[11.682s][info][gc,cpu         ] GC(172) User=0.28s Sys=0.09s Real=0.05s
[11.682s][info][gc,start       ] GC(173) Pause Full (Ergonomics)
[11.683s][info][gc,phases,start] GC(173) Marking Phase
[12.096s][info][gc,phases      ] GC(173) Marking Phase 413.419ms
[12.096s][info][gc,phases,start] GC(173) Summary Phase
[12.096s][info][gc,phases      ] GC(173) Summary Phase 0.047ms
[12.096s][info][gc,phases,start] GC(173) Adjust Roots
[12.096s][info][gc,phases      ] GC(173) Adjust Roots 0.203ms
[12.096s][info][gc,phases,start] GC(173) Compaction Phase
[12.279s][info][gc,phases      ] GC(173) Compaction Phase 182.477ms
[12.279s][info][gc,phases,start] GC(173) Post Compact
[12.282s][info][gc,phases      ] GC(173) Post Compact 3.556ms
[12.283s][info][gc,heap        ] GC(173) PSYoungGen: 77504K(149504K)->25113K(149504K) Eden: 0K(26112K)->0K(26112K) From: 77504K(123392K)->25113K(123392K)
[12.283s][info][gc,heap        ] GC(173) ParOldGen: 1764007K(1814528K)->1814294K(2009600K)
[12.283s][info][gc,metaspace   ] GC(173) Metaspace: 6298K(6464K)->6298K(6464K) NonClass: 5765K(5824K)->5765K(5824K) Class: 533K(640K)->533K(640K)
[12.283s][info][gc             ] GC(173) Pause Full (Ergonomics) 1798M->1796M(2108M) 600.715ms
[12.283s][info][gc,cpu         ] GC(173) User=4.30s Sys=0.02s Real=0.60s
[12.314s][info][gc,start       ] GC(174) Pause Young (Allocation Failure)
[12.412s][info][gc,heap        ] GC(174) PSYoungGen: 51225K(149504K)->45888K(144896K) Eden: 26112K(26112K)->0K(29184K) From: 25113K(123392K)->45888K(115712K)
[12.412s][info][gc,heap        ] GC(174) ParOldGen: 1814294K(2009600K)->1819926K(2009600K)
[12.412s][info][gc,metaspace   ] GC(174) Metaspace: 6298K(6464K)->6298K(6464K) NonClass: 5765K(5824K)->5765K(5824K) Class: 533K(640K)->533K(640K)
[12.412s][info][gc             ] GC(174) Pause Young (Allocation Failure) 1821M->1822M(2104M) 98.380ms
[12.412s][info][gc,cpu         ] GC(174) User=0.62s Sys=0.00s Real=0.10s
[12.445s][info][gc,start       ] GC(175) Pause Young (Allocation Failure)
[12.491s][info][gc,heap        ] GC(175) PSYoungGen: 75072K(144896K)->75072K(148992K) Eden: 29184K(29184K)->0K(29184K) From: 45888K(115712K)->75072K(119808K)
[12.491s][info][gc,heap        ] GC(175) ParOldGen: 1819926K(2009600K)->1819926K(2009600K)
[12.491s][info][gc,metaspace   ] GC(175) Metaspace: 6298K(6464K)->6298K(6464K) NonClass: 5765K(5824K)->5765K(5824K) Class: 533K(640K)->533K(640K)
[12.491s][info][gc             ] GC(175) Pause Young (Allocation Failure) 1850M->1850M(2108M) 46.062ms
[12.491s][info][gc,cpu         ] GC(175) User=0.17s Sys=0.00s Real=0.05s
[12.523s][info][gc,start       ] GC(176) Pause Young (Allocation Failure)
[12.575s][info][gc,heap        ] GC(176) PSYoungGen: 104256K(148992K)->95424K(145408K) Eden: 29184K(29184K)->0K(26112K) From: 75072K(119808K)->95424K(119296K)
[12.575s][info][gc,heap        ] GC(176) ParOldGen: 1819926K(2009600K)->1828950K(2009600K)
[12.575s][info][gc,metaspace   ] GC(176) Metaspace: 6298K(6464K)->6298K(6464K) NonClass: 5765K(5824K)->5765K(5824K) Class: 533K(640K)->533K(640K)
[12.575s][info][gc             ] GC(176) Pause Young (Allocation Failure) 1879M->1879M(2104M) 52.209ms
[12.575s][info][gc,cpu         ] GC(176) User=0.36s Sys=0.02s Real=0.05s
[12.604s][info][gc,start       ] GC(177) Pause Young (Allocation Failure)
[12.662s][info][gc,heap        ] GC(177) PSYoungGen: 121536K(145408K)->110816K(152064K) Eden: 26112K(26112K)->0K(26112K) From: 95424K(119296K)->110816K(125952K)
[12.662s][info][gc,heap        ] GC(177) ParOldGen: 1828950K(2009600K)->1839798K(2009600K)
[12.662s][info][gc,metaspace   ] GC(177) Metaspace: 6298K(6464K)->6298K(6464K) NonClass: 5765K(5824K)->5765K(5824K) Class: 533K(640K)->533K(640K)
[12.662s][info][gc             ] GC(177) Pause Young (Allocation Failure) 1904M->1904M(2111M) 57.936ms
[12.662s][info][gc,cpu         ] GC(177) User=0.39s Sys=0.00s Real=0.06s
[12.693s][info][gc,start       ] GC(178) Pause Young (Allocation Failure)
[12.760s][info][gc,heap        ] GC(178) PSYoungGen: 136928K(152064K)->110880K(158208K) Eden: 26112K(26112K)->0K(21504K) From: 110816K(125952K)->110880K(136704K)
[12.760s][info][gc,heap        ] GC(178) ParOldGen: 1839798K(2009600K)->1866270K(2009600K)
[12.760s][info][gc,metaspace   ] GC(178) Metaspace: 6298K(6464K)->6298K(6464K) NonClass: 5765K(5824K)->5765K(5824K) Class: 533K(640K)->533K(640K)
[12.760s][info][gc             ] GC(178) Pause Young (Allocation Failure) 1930M->1930M(2117M) 66.355ms
[12.760s][info][gc,cpu         ] GC(178) User=0.39s Sys=0.00s Real=0.07s
[12.785s][info][gc,start       ] GC(179) Pause Young (Allocation Failure)
[12.848s][info][gc,heap        ] GC(179) PSYoungGen: 132384K(158208K)->103104K(166400K) Eden: 21504K(21504K)->0K(21504K) From: 110880K(136704K)->103104K(144896K)
[12.848s][info][gc,heap        ] GC(179) ParOldGen: 1866270K(2009600K)->1895846K(2009600K)
[12.848s][info][gc,metaspace   ] GC(179) Metaspace: 6298K(6464K)->6298K(6464K) NonClass: 5765K(5824K)->5765K(5824K) Class: 533K(640K)->533K(640K)
[12.848s][info][gc             ] GC(179) Pause Young (Allocation Failure) 1951M->1952M(2125M) 63.639ms
[12.848s][info][gc,cpu         ] GC(179) User=0.36s Sys=0.03s Real=0.06s
[12.875s][info][gc,start       ] GC(180) Pause Young (Allocation Failure)
[12.938s][info][gc,heap        ] GC(180) PSYoungGen: 124608K(166400K)->69344K(161792K) Eden: 21504K(21504K)->0K(24576K) From: 103104K(144896K)->69344K(137216K)
[12.938s][info][gc,heap        ] GC(180) ParOldGen: 1895846K(2009600K)->1951862K(2009600K)
[12.938s][info][gc,metaspace   ] GC(180) Metaspace: 6298K(6464K)->6298K(6464K) NonClass: 5765K(5824K)->5765K(5824K) Class: 533K(640K)->533K(640K)
[12.938s][info][gc             ] GC(180) Pause Young (Allocation Failure) 1973M->1973M(2120M) 63.172ms
[12.938s][info][gc,cpu         ] GC(180) User=0.48s Sys=0.02s Real=0.06s
[12.938s][info][gc,start       ] GC(181) Pause Full (Ergonomics)
[12.938s][info][gc,phases,start] GC(181) Marking Phase
[13.397s][info][gc,phases      ] GC(181) Marking Phase 458.649ms
[13.397s][info][gc,phases,start] GC(181) Summary Phase
[13.397s][info][gc,phases      ] GC(181) Summary Phase 0.040ms
[13.397s][info][gc,phases,start] GC(181) Adjust Roots
[13.397s][info][gc,phases      ] GC(181) Adjust Roots 0.205ms
[13.397s][info][gc,phases,start] GC(181) Compaction Phase
[13.591s][info][gc,phases      ] GC(181) Compaction Phase 194.018ms
[13.591s][info][gc,phases,start] GC(181) Post Compact
[13.595s][info][gc,phases      ] GC(181) Post Compact 3.862ms
[13.596s][info][gc,heap        ] GC(181) PSYoungGen: 69344K(161792K)->9767K(165376K) Eden: 0K(24576K)->0K(28160K) From: 69344K(137216K)->9767K(137216K)
[13.596s][info][gc,heap        ] GC(181) ParOldGen: 1951862K(2009600K)->2009139K(2226688K)
[13.596s][info][gc,metaspace   ] GC(181) Metaspace: 6298K(6464K)->6298K(6464K) NonClass: 5765K(5824K)->5765K(5824K) Class: 533K(640K)->533K(640K)
[13.596s][info][gc             ] GC(181) Pause Full (Ergonomics) 1973M->1971M(2336M) 657.903ms
[13.596s][info][gc,cpu         ] GC(181) User=4.67s Sys=0.05s Real=0.66s
[13.629s][info][gc,start       ] GC(182) Pause Young (Allocation Failure)
[13.732s][info][gc,heap        ] GC(182) PSYoungGen: 37927K(165376K)->30112K(171008K) Eden: 28160K(28160K)->0K(28160K) From: 9767K(137216K)->30112K(142848K)
[13.732s][info][gc,heap        ] GC(182) ParOldGen: 2009139K(2226688K)->2017211K(2226688K)
[13.732s][info][gc,metaspace   ] GC(182) Metaspace: 6298K(6464K)->6298K(6464K) NonClass: 5765K(5824K)->5765K(5824K) Class: 533K(640K)->533K(640K)
[13.732s][info][gc             ] GC(182) Pause Young (Allocation Failure) 1999M->1999M(2341M) 103.065ms
[13.732s][info][gc,cpu         ] GC(182) User=0.62s Sys=0.02s Real=0.10s
[13.760s][info][gc,start       ] GC(183) Pause Young (Allocation Failure)
[13.798s][info][gc,heap        ] GC(183) PSYoungGen: 58272K(171008K)->56480K(165888K) Eden: 28160K(28160K)->0K(31232K) From: 30112K(142848K)->56480K(134656K)
[13.798s][info][gc,heap        ] GC(183) ParOldGen: 2017211K(2226688K)->2019107K(2226688K)
[13.798s][info][gc,metaspace   ] GC(183) Metaspace: 6298K(6464K)->6298K(6464K) NonClass: 5765K(5824K)->5765K(5824K) Class: 533K(640K)->533K(640K)
[13.798s][info][gc             ] GC(183) Pause Young (Allocation Failure) 2026M->2026M(2336M) 37.745ms
[13.798s][info][gc,cpu         ] GC(183) User=0.19s Sys=0.00s Real=0.04s
[13.830s][info][gc,start       ] GC(184) Pause Young (Allocation Failure)
[13.879s][info][gc,heap        ] GC(184) PSYoungGen: 87712K(165888K)->59584K(91136K) Eden: 31232K(31232K)->0K(31232K) From: 56480K(134656K)->59584K(59904K)
[13.879s][info][gc,heap        ] GC(184) ParOldGen: 2019107K(2226688K)->2047659K(2226688K)
[13.879s][info][gc,metaspace   ] GC(184) Metaspace: 6298K(6464K)->6298K(6464K) NonClass: 5765K(5824K)->5765K(5824K) Class: 533K(640K)->533K(640K)
[13.879s][info][gc             ] GC(184) Pause Young (Allocation Failure) 2057M->2057M(2263M) 48.257ms
[13.879s][info][gc,cpu         ] GC(184) User=0.27s Sys=0.00s Real=0.05s
[13.911s][info][gc,start       ] GC(185) Pause Young (Allocation Failure)
[13.960s][info][gc,heap        ] GC(185) PSYoungGen: 90816K(91136K)->62656K(159232K) Eden: 31232K(31232K)->0K(35328K) From: 59584K(59904K)->62656K(123904K)
[13.960s][info][gc,heap        ] GC(185) ParOldGen: 2047659K(2226688K)->2076187K(2226688K)
[13.960s][info][gc,metaspace   ] GC(185) Metaspace: 6298K(6464K)->6298K(6464K) NonClass: 5765K(5824K)->5765K(5824K) Class: 533K(640K)->533K(640K)
[13.960s][info][gc             ] GC(185) Pause Young (Allocation Failure) 2088M->2088M(2330M) 48.658ms
[13.960s][info][gc,cpu         ] GC(185) User=0.27s Sys=0.02s Real=0.05s
[13.998s][info][gc,start       ] GC(186) Pause Young (Allocation Failure)
[14.050s][info][gc,heap        ] GC(186) PSYoungGen: 97984K(159232K)->66720K(102400K) Eden: 35328K(35328K)->0K(35328K) From: 62656K(123904K)->66720K(67072K)
[14.050s][info][gc,heap        ] GC(186) ParOldGen: 2076187K(2226688K)->2107843K(2226688K)
[14.050s][info][gc,metaspace   ] GC(186) Metaspace: 6298K(6464K)->6298K(6464K) NonClass: 5765K(5824K)->5765K(5824K) Class: 533K(640K)->533K(640K)
[14.050s][info][gc             ] GC(186) Pause Young (Allocation Failure) 2123M->2123M(2274M) 52.218ms
[14.050s][info][gc,cpu         ] GC(186) User=0.28s Sys=0.03s Real=0.05s
[14.092s][info][gc,start       ] GC(187) Pause Young (Allocation Failure)
[14.147s][info][gc,heap        ] GC(187) PSYoungGen: 102048K(102400K)->70880K(153600K) Eden: 35328K(35328K)->0K(39424K) From: 66720K(67072K)->70880K(114176K)
[14.147s][info][gc,heap        ] GC(187) ParOldGen: 2107843K(2226688K)->2139499K(2226688K)
[14.147s][info][gc,metaspace   ] GC(187) Metaspace: 6298K(6464K)->6298K(6464K) NonClass: 5765K(5824K)->5765K(5824K) Class: 533K(640K)->533K(640K)
[14.147s][info][gc             ] GC(187) Pause Young (Allocation Failure) 2158M->2158M(2324M) 54.581ms
[14.147s][info][gc,cpu         ] GC(187) User=0.41s Sys=0.03s Real=0.05s
[14.198s][info][gc,start       ] GC(188) Pause Young (Allocation Failure)
[14.258s][info][gc,heap        ] GC(188) PSYoungGen: 110304K(153600K)->74976K(158208K) Eden: 39424K(39424K)->0K(39424K) From: 70880K(114176K)->74976K(118784K)
[14.258s][info][gc,heap        ] GC(188) ParOldGen: 2139499K(2226688K)->2175323K(2226688K)
[14.258s][info][gc,metaspace   ] GC(188) Metaspace: 6298K(6464K)->6298K(6464K) NonClass: 5765K(5824K)->5765K(5824K) Class: 533K(640K)->533K(640K)
[14.258s][info][gc             ] GC(188) Pause Young (Allocation Failure) 2197M->2197M(2329M) 59.887ms
[14.258s][info][gc,cpu         ] GC(188) User=0.36s Sys=0.03s Real=0.06s
[14.258s][info][gc,start       ] GC(189) Pause Full (Ergonomics)
[14.258s][info][gc,phases,start] GC(189) Marking Phase
[14.750s][info][gc,phases      ] GC(189) Marking Phase 492.269ms
[14.750s][info][gc,phases,start] GC(189) Summary Phase
[14.751s][info][gc,phases      ] GC(189) Summary Phase 0.042ms
[14.751s][info][gc,phases,start] GC(189) Adjust Roots
[14.751s][info][gc,phases      ] GC(189) Adjust Roots 0.175ms
[14.751s][info][gc,phases,start] GC(189) Compaction Phase
[14.951s][info][gc,phases      ] GC(189) Compaction Phase 199.871ms
[14.951s][info][gc,phases,start] GC(189) Post Compact
[14.955s][info][gc,phases      ] GC(189) Post Compact 4.219ms
[14.956s][info][gc,heap        ] GC(189) PSYoungGen: 74976K(158208K)->21044K(158208K) Eden: 0K(39424K)->0K(39424K) From: 74976K(118784K)->21044K(118784K)
[14.956s][info][gc,heap        ] GC(189) ParOldGen: 2175323K(2226688K)->2226500K(2460160K)
[14.956s][info][gc,metaspace   ] GC(189) Metaspace: 6298K(6464K)->6298K(6464K) NonClass: 5765K(5824K)->5765K(5824K) Class: 533K(640K)->533K(640K)
[14.956s][info][gc             ] GC(189) Pause Full (Ergonomics) 2197M->2194M(2557M) 697.825ms
[14.956s][info][gc,cpu         ] GC(189) User=5.22s Sys=0.03s Real=0.70s
[15.002s][info][gc,start       ] GC(190) Pause Young (Allocation Failure)
[15.125s][info][gc,heap        ] GC(190) PSYoungGen: 60468K(158208K)->50688K(156160K) Eden: 39424K(39424K)->0K(43520K) From: 21044K(118784K)->50688K(112640K)
[15.125s][info][gc,heap        ] GC(190) ParOldGen: 2226500K(2460160K)->2236636K(2460160K)
[15.125s][info][gc,metaspace   ] GC(190) Metaspace: 6298K(6464K)->6298K(6464K) NonClass: 5765K(5824K)->5765K(5824K) Class: 533K(640K)->533K(640K)
[15.125s][info][gc             ] GC(190) Pause Young (Allocation Failure) 2233M->2233M(2555M) 122.763ms
[15.125s][info][gc,cpu         ] GC(190) User=0.75s Sys=0.00s Real=0.12s
[15.178s][info][gc,start       ] GC(191) Pause Young (Allocation Failure)
[15.230s][info][gc,heap        ] GC(191) PSYoungGen: 94208K(156160K)->94272K(158208K) Eden: 43520K(43520K)->0K(43520K) From: 50688K(112640K)->94272K(114688K)
[15.230s][info][gc,heap        ] GC(191) ParOldGen: 2236636K(2460160K)->2236636K(2460160K)
[15.230s][info][gc,metaspace   ] GC(191) Metaspace: 6298K(6464K)->6298K(6464K) NonClass: 5765K(5824K)->5765K(5824K) Class: 533K(640K)->533K(640K)
[15.230s][info][gc             ] GC(191) Pause Young (Allocation Failure) 2276M->2276M(2557M) 51.341ms
[15.230s][info][gc,cpu         ] GC(191) User=0.28s Sys=0.00s Real=0.05s
[15.281s][info][gc,start       ] GC(192) Pause Young (Allocation Failure)
[15.349s][info][gc,heap        ] GC(192) PSYoungGen: 137792K(158208K)->119808K(147456K) Eden: 43520K(43520K)->0K(27648K) From: 94272K(114688K)->119808K(119808K)
[15.349s][info][gc,heap        ] GC(192) ParOldGen: 2236636K(2460160K)->2254748K(2460160K)
[15.349s][info][gc,metaspace   ] GC(192) Metaspace: 6298K(6464K)->6298K(6464K) NonClass: 5765K(5824K)->5765K(5824K) Class: 533K(640K)->533K(640K)
[15.349s][info][gc             ] GC(192) Pause Young (Allocation Failure) 2318M->2318M(2546M) 68.715ms
[15.349s][info][gc,cpu         ] GC(192) User=0.52s Sys=0.00s Real=0.07s
[15.381s][info][gc,start       ] GC(193) Pause Young (Allocation Failure)
[15.456s][info][gc,heap        ] GC(193) PSYoungGen: 147456K(147456K)->106144K(167424K) Eden: 27648K(27648K)->0K(27648K) From: 119808K(119808K)->106144K(139776K)
[15.456s][info][gc,heap        ] GC(193) ParOldGen: 2254748K(2460160K)->2296580K(2460160K)
[15.456s][info][gc,metaspace   ] GC(193) Metaspace: 6298K(6464K)->6298K(6464K) NonClass: 5765K(5824K)->5765K(5824K) Class: 533K(640K)->533K(640K)
[15.456s][info][gc             ] GC(193) Pause Young (Allocation Failure) 2345M->2346M(2566M) 75.240ms
[15.456s][info][gc,cpu         ] GC(193) User=0.52s Sys=0.00s Real=0.07s
[15.489s][info][gc,start       ] GC(194) Pause Young (Allocation Failure)
[15.560s][info][gc,heap        ] GC(194) PSYoungGen: 133792K(167424K)->95360K(175104K) Eden: 27648K(27648K)->0K(31232K) From: 106144K(139776K)->95360K(143872K)
[15.560s][info][gc,heap        ] GC(194) ParOldGen: 2296580K(2460160K)->2335268K(2460160K)
[15.560s][info][gc,metaspace   ] GC(194) Metaspace: 6298K(6464K)->6298K(6464K) NonClass: 5765K(5824K)->5765K(5824K) Class: 533K(640K)->533K(640K)
[15.560s][info][gc             ] GC(194) Pause Young (Allocation Failure) 2373M->2373M(2573M) 71.087ms
[15.560s][info][gc,cpu         ] GC(194) User=0.42s Sys=0.08s Real=0.07s
[15.599s][info][gc,start       ] GC(195) Pause Young (Allocation Failure)
[15.664s][info][gc,heap        ] GC(195) PSYoungGen: 126592K(175104K)->86752K(175104K) Eden: 31232K(31232K)->0K(31232K) From: 95360K(143872K)->86752K(143872K)
[15.664s][info][gc,heap        ] GC(195) ParOldGen: 2335268K(2460160K)->2375492K(2460160K)
[15.664s][info][gc,metaspace   ] GC(195) Metaspace: 6298K(6464K)->6298K(6464K) NonClass: 5765K(5824K)->5765K(5824K) Class: 533K(640K)->533K(640K)
[15.664s][info][gc             ] GC(195) Pause Young (Allocation Failure) 2404M->2404M(2573M) 65.595ms
[15.664s][info][gc,cpu         ] GC(195) User=0.36s Sys=0.03s Real=0.07s
[15.702s][info][gc,start       ] GC(196) Pause Young (Allocation Failure)
[15.767s][info][gc,heap        ] GC(196) PSYoungGen: 117984K(175104K)->62688K(169984K) Eden: 31232K(31232K)->0K(35328K) From: 86752K(143872K)->62688K(134656K)
[15.767s][info][gc,heap        ] GC(196) ParOldGen: 2375492K(2460160K)->2431260K(2460160K)
[15.767s][info][gc,metaspace   ] GC(196) Metaspace: 6298K(6464K)->6298K(6464K) NonClass: 5765K(5824K)->5765K(5824K) Class: 533K(640K)->533K(640K)
[15.767s][info][gc             ] GC(196) Pause Young (Allocation Failure) 2435M->2435M(2568M) 64.756ms
[15.767s][info][gc,cpu         ] GC(196) User=0.36s Sys=0.05s Real=0.07s
[15.767s][info][gc,start       ] GC(197) Pause Full (Ergonomics)
[15.767s][info][gc,phases,start] GC(197) Marking Phase
[16.334s][info][gc,phases      ] GC(197) Marking Phase 567.518ms
[16.334s][info][gc,phases,start] GC(197) Summary Phase
[16.334s][info][gc,phases      ] GC(197) Summary Phase 0.059ms
[16.334s][info][gc,phases,start] GC(197) Adjust Roots
[16.335s][info][gc,phases      ] GC(197) Adjust Roots 0.203ms
[16.335s][info][gc,phases,start] GC(197) Compaction Phase
[16.544s][info][gc,phases      ] GC(197) Compaction Phase 209.349ms
[16.544s][info][gc,phases,start] GC(197) Post Compact
[16.548s][info][gc,phases      ] GC(197) Post Compact 4.318ms
[16.549s][info][gc,heap        ] GC(197) PSYoungGen: 62688K(169984K)->31736K(172544K) Eden: 0K(35328K)->0K(37888K) From: 62688K(134656K)->31736K(134656K)
[16.549s][info][gc,heap        ] GC(197) ParOldGen: 2431260K(2460160K)->2459823K(2722816K)
[16.549s][info][gc,metaspace   ] GC(197) Metaspace: 6298K(6464K)->6298K(6464K) NonClass: 5765K(5824K)->5765K(5824K) Class: 533K(640K)->533K(640K)
[16.550s][info][gc             ] GC(197) Pause Full (Ergonomics) 2435M->2433M(2827M) 782.730ms
[16.550s][info][gc,cpu         ] GC(197) User=5.80s Sys=0.03s Real=0.78s
[16.597s][info][gc,start       ] GC(198) Pause Young (Allocation Failure)
[16.737s][info][gc,heap        ] GC(198) PSYoungGen: 69624K(172544K)->38080K(175104K) Eden: 37888K(37888K)->0K(37888K) From: 31736K(134656K)->38080K(137216K)
[16.737s][info][gc,heap        ] GC(198) ParOldGen: 2459823K(2722816K)->2491887K(2722816K)
[16.737s][info][gc,metaspace   ] GC(198) Metaspace: 6298K(6464K)->6298K(6464K) NonClass: 5765K(5824K)->5765K(5824K) Class: 533K(640K)->533K(640K)
[16.737s][info][gc             ] GC(198) Pause Young (Allocation Failure) 2470M->2470M(2830M) 139.873ms
[16.737s][info][gc,cpu         ] GC(198) User=0.88s Sys=0.02s Real=0.14s
[16.780s][info][gc,start       ] GC(199) Pause Young (Allocation Failure)
[16.825s][info][gc,heap        ] GC(199) PSYoungGen: 75968K(175104K)->38048K(180736K) Eden: 37888K(37888K)->0K(41984K) From: 38080K(137216K)->38048K(138752K)
[16.825s][info][gc,heap        ] GC(199) ParOldGen: 2491887K(2722816K)->2530119K(2722816K)
[16.826s][info][gc,metaspace   ] GC(199) Metaspace: 6298K(6464K)->6298K(6464K) NonClass: 5765K(5824K)->5765K(5824K) Class: 533K(640K)->533K(640K)
[16.826s][info][gc             ] GC(199) Pause Young (Allocation Failure) 2507M->2507M(2835M) 45.712ms
[16.826s][info][gc,cpu         ] GC(199) User=0.25s Sys=0.02s Real=0.05s
[16.878s][info][gc,start       ] GC(200) Pause Young (Allocation Failure)
[16.925s][info][gc,heap        ] GC(200) PSYoungGen: 80032K(180736K)->42176K(180736K) Eden: 41984K(41984K)->0K(41984K) From: 38048K(138752K)->42176K(138752K)
[16.925s][info][gc,heap        ] GC(200) ParOldGen: 2530119K(2722816K)->2568367K(2722816K)
[16.925s][info][gc,metaspace   ] GC(200) Metaspace: 6298K(6464K)->6298K(6464K) NonClass: 5765K(5824K)->5765K(5824K) Class: 533K(640K)->533K(640K)
[16.925s][info][gc             ] GC(200) Pause Young (Allocation Failure) 2548M->2549M(2835M) 47.143ms
[16.925s][info][gc,cpu         ] GC(200) User=0.19s Sys=0.06s Real=0.05s
[16.978s][info][gc,start       ] GC(201) Pause Young (Allocation Failure)
[17.028s][info][gc,heap        ] GC(201) PSYoungGen: 84160K(180736K)->42144K(179712K) Eden: 41984K(41984K)->0K(46592K) From: 42176K(138752K)->42144K(133120K)
[17.028s][info][gc,heap        ] GC(201) ParOldGen: 2568367K(2722816K)->2610743K(2722816K)
[17.028s][info][gc,metaspace   ] GC(201) Metaspace: 6298K(6464K)->6298K(6464K) NonClass: 5765K(5824K)->5765K(5824K) Class: 533K(640K)->533K(640K)
[17.028s][info][gc             ] GC(201) Pause Young (Allocation Failure) 2590M->2590M(2834M) 49.263ms
[17.028s][info][gc,cpu         ] GC(201) User=0.25s Sys=0.02s Real=0.05s
[17.089s][info][gc,start       ] GC(202) Pause Young (Allocation Failure)
[17.142s][info][gc,heap        ] GC(202) PSYoungGen: 88736K(179712K)->46784K(181760K) Eden: 46592K(46592K)->0K(46592K) From: 42144K(133120K)->46784K(135168K)
[17.142s][info][gc,heap        ] GC(202) ParOldGen: 2610743K(2722816K)->2653103K(2722816K)
[17.142s][info][gc,metaspace   ] GC(202) Metaspace: 6298K(6464K)->6298K(6464K) NonClass: 5765K(5824K)->5765K(5824K) Class: 533K(640K)->533K(640K)
[17.142s][info][gc             ] GC(202) Pause Young (Allocation Failure) 2636M->2636M(2836M) 53.474ms
[17.142s][info][gc,cpu         ] GC(202) User=0.23s Sys=0.03s Real=0.05s
[17.197s][info][gc,start       ] GC(203) Pause Young (Allocation Failure)
[17.253s][info][gc,heap        ] GC(203) PSYoungGen: 93376K(181760K)->46752K(176128K) Eden: 46592K(46592K)->0K(51712K) From: 46784K(135168K)->46752K(124416K)
[17.253s][info][gc,heap        ] GC(203) ParOldGen: 2653103K(2722816K)->2700127K(2722816K)
[17.253s][info][gc,metaspace   ] GC(203) Metaspace: 6298K(6464K)->6298K(6464K) NonClass: 5765K(5824K)->5765K(5824K) Class: 533K(640K)->533K(640K)
[17.253s][info][gc             ] GC(203) Pause Young (Allocation Failure) 2682M->2682M(2831M) 55.715ms
[17.253s][info][gc,cpu         ] GC(203) User=0.31s Sys=0.06s Real=0.06s
[17.253s][info][gc,start       ] GC(204) Pause Full (Ergonomics)
[17.253s][info][gc,phases,start] GC(204) Marking Phase
[17.879s][info][gc,phases      ] GC(204) Marking Phase 626.168ms
[17.879s][info][gc,phases,start] GC(204) Summary Phase
[17.879s][info][gc,phases      ] GC(204) Summary Phase 0.053ms
[17.879s][info][gc,phases,start] GC(204) Adjust Roots
[17.879s][info][gc,phases      ] GC(204) Adjust Roots 0.240ms
[17.879s][info][gc,phases,start] GC(204) Compaction Phase
[18.102s][info][gc,phases      ] GC(204) Compaction Phase 222.632ms
[18.102s][info][gc,phases,start] GC(204) Post Compact
[18.107s][info][gc,phases      ] GC(204) Post Compact 5.306ms
[18.109s][info][gc,heap        ] GC(204) PSYoungGen: 46752K(176128K)->21517K(179712K) Eden: 0K(51712K)->0K(55296K) From: 46752K(124416K)->21517K(124416K)
[18.109s][info][gc,heap        ] GC(204) ParOldGen: 2700127K(2722816K)->2722786K(3005440K)
[18.109s][info][gc,metaspace   ] GC(204) Metaspace: 6298K(6464K)->6298K(6464K) NonClass: 5765K(5824K)->5765K(5824K) Class: 533K(640K)->533K(640K)
[18.109s][info][gc             ] GC(204) Pause Full (Ergonomics) 2682M->2679M(3110M) 855.756ms
[18.109s][info][gc,cpu         ] GC(204) User=6.44s Sys=0.03s Real=0.86s
[18.175s][info][gc,start       ] GC(205) Pause Young (Allocation Failure)
[18.331s][info][gc,heap        ] GC(205) PSYoungGen: 76813K(179712K)->55488K(111104K) Eden: 55296K(55296K)->0K(55296K) From: 21517K(124416K)->55488K(55808K)
[18.331s][info][gc,heap        ] GC(205) ParOldGen: 2722786K(3005440K)->2744546K(3005440K)
[18.331s][info][gc,metaspace   ] GC(205) Metaspace: 6298K(6464K)->6298K(6464K) NonClass: 5765K(5824K)->5765K(5824K) Class: 533K(640K)->533K(640K)
[18.331s][info][gc             ] GC(205) Pause Young (Allocation Failure) 2733M->2734M(3043M) 155.256ms
[18.331s][info][gc,cpu         ] GC(205) User=0.92s Sys=0.00s Real=0.15s
[18.932s][info][gc,start       ] GC(206) Pause Young (Allocation Failure)
[19.053s][info][gc,heap        ] GC(206) PSYoungGen: 110784K(111104K)->110912K(170496K) Eden: 55296K(55296K)->0K(48128K) From: 55488K(55808K)->110912K(122368K)
[19.053s][info][gc,heap        ] GC(206) ParOldGen: 2875618K(3005440K)->2875618K(3005440K)
[19.053s][info][gc,metaspace   ] GC(206) Metaspace: 6298K(6464K)->6298K(6464K) NonClass: 5765K(5824K)->5765K(5824K) Class: 533K(640K)->533K(640K)
[19.053s][info][gc             ] GC(206) Pause Young (Allocation Failure) 2916M->2916M(3101M) 120.653ms
[19.053s][info][gc,cpu         ] GC(206) User=0.59s Sys=0.00s Real=0.12s
[19.108s][info][gc,start       ] GC(207) Pause Young (Allocation Failure)
[19.187s][info][gc,heap        ] GC(207) PSYoungGen: 159040K(170496K)->134656K(182784K) Eden: 48128K(48128K)->0K(48128K) From: 110912K(122368K)->134656K(134656K)
[19.187s][info][gc,heap        ] GC(207) ParOldGen: 2875618K(3005440K)->2900130K(3005440K)
[19.187s][info][gc,metaspace   ] GC(207) Metaspace: 6298K(6464K)->6298K(6464K) NonClass: 5765K(5824K)->5765K(5824K) Class: 533K(640K)->533K(640K)
[19.187s][info][gc             ] GC(207) Pause Young (Allocation Failure) 2963M->2963M(3113M) 79.335ms
[19.187s][info][gc,cpu         ] GC(207) User=0.39s Sys=0.00s Real=0.08s
[19.239s][info][gc,start       ] GC(208) Pause Young (Allocation Failure)
[19.330s][info][gc,heap        ] GC(208) PSYoungGen: 182784K(182784K)->93728K(210432K) Eden: 48128K(48128K)->0K(52736K) From: 134656K(134656K)->93728K(157696K)
[19.330s][info][gc,heap        ] GC(208) ParOldGen: 2900130K(3005440K)->2990034K(3005440K)
[19.330s][info][gc,metaspace   ] GC(208) Metaspace: 6298K(6464K)->6298K(6464K) NonClass: 5765K(5824K)->5765K(5824K) Class: 533K(640K)->533K(640K)
[19.330s][info][gc             ] GC(208) Pause Young (Allocation Failure) 3010M->3011M(3140M) 91.316ms
[19.330s][info][gc,cpu         ] GC(208) User=0.50s Sys=0.14s Real=0.09s
[19.330s][info][gc,start       ] GC(209) Pause Full (Ergonomics)
[19.330s][info][gc,phases,start] GC(209) Marking Phase
[20.021s][info][gc,phases      ] GC(209) Marking Phase 690.919ms
[20.021s][info][gc,phases,start] GC(209) Summary Phase
[20.021s][info][gc,phases      ] GC(209) Summary Phase 0.041ms
[20.021s][info][gc,phases,start] GC(209) Adjust Roots
[20.021s][info][gc,phases      ] GC(209) Adjust Roots 0.166ms
[20.021s][info][gc,phases,start] GC(209) Compaction Phase
[20.495s][info][gc,phases      ] GC(209) Compaction Phase 473.794ms
[20.495s][info][gc,phases,start] GC(209) Post Compact
[20.501s][info][gc,phases      ] GC(209) Post Compact 6.150ms
[20.503s][info][gc,heap        ] GC(209) PSYoungGen: 93728K(210432K)->11143K(212480K) Eden: 0K(52736K)->0K(54784K) From: 93728K(157696K)->11143K(157696K)
[20.503s][info][gc,heap        ] GC(209) ParOldGen: 2990034K(3005440K)->3005422K(3322880K)
[20.503s][info][gc,metaspace   ] GC(209) Metaspace: 6298K(6464K)->6298K(6464K) NonClass: 5765K(5824K)->5765K(5824K) Class: 533K(640K)->533K(640K)
[20.503s][info][gc             ] GC(209) Pause Full (Ergonomics) 3011M->2945M(3452M) 1172.523ms
[20.503s][info][gc,cpu         ] GC(209) User=8.16s Sys=0.06s Real=1.17s
[20.559s][info][gc,start       ] GC(210) Pause Young (Allocation Failure)
[20.720s][info][gc,heap        ] GC(210) PSYoungGen: 65927K(212480K)->66144K(121344K) Eden: 54784K(54784K)->0K(54784K) From: 11143K(157696K)->66144K(66560K)
[20.720s][info][gc,heap        ] GC(210) ParOldGen: 3005422K(3322880K)->3005422K(3322880K)
[20.720s][info][gc,metaspace   ] GC(210) Metaspace: 6298K(6464K)->6298K(6464K) NonClass: 5765K(5824K)->5765K(5824K) Class: 533K(640K)->533K(640K)
[20.720s][info][gc             ] GC(210) Pause Young (Allocation Failure) 2999M->2999M(3363M) 160.560ms
[20.720s][info][gc,cpu         ] GC(210) User=1.12s Sys=0.00s Real=0.16s
[20.769s][info][gc,start       ] GC(211) Pause Young (Allocation Failure)
[20.834s][info][gc,heap        ] GC(211) PSYoungGen: 120928K(121344K)->121088K(204800K) Eden: 54784K(54784K)->0K(51200K) From: 66144K(66560K)->121088K(153600K)
[20.834s][info][gc,heap        ] GC(211) ParOldGen: 3005422K(3322880K)->3005422K(3322880K)
[20.834s][info][gc,metaspace   ] GC(211) Metaspace: 6298K(6464K)->6298K(6464K) NonClass: 5765K(5824K)->5765K(5824K) Class: 533K(640K)->533K(640K)
[20.834s][info][gc             ] GC(211) Pause Young (Allocation Failure) 3053M->3053M(3445M) 64.808ms
[20.834s][info][gc,cpu         ] GC(211) User=0.38s Sys=0.03s Real=0.07s
[20.886s][info][gc,start       ] GC(212) Pause Young (Allocation Failure)
[20.969s][info][gc,heap        ] GC(212) PSYoungGen: 172288K(204800K)->162304K(213504K) Eden: 51200K(51200K)->0K(51200K) From: 121088K(153600K)->162304K(162304K)
[20.969s][info][gc,heap        ] GC(212) ParOldGen: 3005422K(3322880K)->3015430K(3322880K)
[20.969s][info][gc,metaspace   ] GC(212) Metaspace: 6298K(6464K)->6298K(6464K) NonClass: 5765K(5824K)->5765K(5824K) Class: 533K(640K)->533K(640K)
[20.969s][info][gc             ] GC(212) Pause Young (Allocation Failure) 3103M->3103M(3453M) 82.984ms
[20.969s][info][gc,cpu         ] GC(212) User=0.31s Sys=0.02s Real=0.08s
[21.025s][info][gc,start       ] GC(213) Pause Young (Allocation Failure)
[21.126s][info][gc,heap        ] GC(213) PSYoungGen: 213504K(213504K)->187904K(207872K) Eden: 51200K(51200K)->0K(19968K) From: 162304K(162304K)->187904K(187904K)
[21.126s][info][gc,heap        ] GC(213) ParOldGen: 3015430K(3322880K)->3041310K(3322880K)
[21.126s][info][gc,metaspace   ] GC(213) Metaspace: 6298K(6464K)->6298K(6464K) NonClass: 5765K(5824K)->5765K(5824K) Class: 533K(640K)->533K(640K)
[21.126s][info][gc             ] GC(213) Pause Young (Allocation Failure) 3153M->3153M(3448M) 101.306ms
[21.126s][info][gc,cpu         ] GC(213) User=0.52s Sys=0.14s Real=0.10s
[21.146s][info][gc,start       ] GC(214) Pause Young (Allocation Failure)
[21.243s][info][gc,heap        ] GC(214) PSYoungGen: 207872K(207872K)->108384K(128512K) Eden: 19968K(19968K)->0K(19968K) From: 187904K(187904K)->108384K(108544K)
[21.243s][info][gc,heap        ] GC(214) ParOldGen: 3041310K(3322880K)->3141670K(3322880K)
[21.243s][info][gc,metaspace   ] GC(214) Metaspace: 6298K(6464K)->6298K(6464K) NonClass: 5765K(5824K)->5765K(5824K) Class: 533K(640K)->533K(640K)
[21.243s][info][gc             ] GC(214) Pause Young (Allocation Failure) 3173M->3173M(3370M) 97.017ms
[21.243s][info][gc,cpu         ] GC(214) User=0.64s Sys=0.02s Real=0.10s
[21.263s][info][gc,start       ] GC(215) Pause Young (Allocation Failure)
[21.334s][info][gc,heap        ] GC(215) PSYoungGen: 128352K(128512K)->40128K(236544K) Eden: 19968K(19968K)->0K(22528K) From: 108384K(108544K)->40128K(214016K)
[21.334s][info][gc,heap        ] GC(215) ParOldGen: 3141670K(3322880K)->3230550K(3322880K)
[21.334s][info][gc,metaspace   ] GC(215) Metaspace: 6298K(6464K)->6298K(6464K) NonClass: 5765K(5824K)->5765K(5824K) Class: 533K(640K)->533K(640K)
[21.334s][info][gc             ] GC(215) Pause Young (Allocation Failure) 3193M->3194M(3476M) 71.326ms
[21.334s][info][gc,cpu         ] GC(215) User=0.38s Sys=0.03s Real=0.07s
[21.334s][info][gc,start       ] GC(216) Pause Full (Ergonomics)
[21.334s][info][gc,phases,start] GC(216) Marking Phase
[22.062s][info][gc,phases      ] GC(216) Marking Phase 728.453ms
[22.063s][info][gc,phases,start] GC(216) Summary Phase
[22.063s][info][gc,phases      ] GC(216) Summary Phase 0.094ms
[22.063s][info][gc,phases,start] GC(216) Adjust Roots
[22.063s][info][gc,phases      ] GC(216) Adjust Roots 0.270ms
[22.063s][info][gc,phases,start] GC(216) Compaction Phase
[22.369s][info][gc,phases      ] GC(216) Compaction Phase 306.068ms
[22.369s][info][gc,phases,start] GC(216) Post Compact
[22.375s][info][gc,phases      ] GC(216) Post Compact 6.101ms
[22.376s][info][gc,heap        ] GC(216) PSYoungGen: 40128K(236544K)->0K(236544K) Eden: 0K(22528K)->0K(22528K) From: 40128K(214016K)->0K(214016K)
[22.376s][info][gc,heap        ] GC(216) ParOldGen: 3230550K(3322880K)->3268281K(3635712K)
[22.376s][info][gc,metaspace   ] GC(216) Metaspace: 6298K(6464K)->6298K(6464K) NonClass: 5765K(5824K)->5765K(5824K) Class: 533K(640K)->533K(640K)
[22.376s][info][gc             ] GC(216) Pause Full (Ergonomics) 3194M->3191M(3781M) 1042.480ms
[22.376s][info][gc,cpu         ] GC(216) User=7.39s Sys=0.05s Real=1.04s
[22.400s][info][gc,start       ] GC(217) Pause Young (Allocation Failure)
[22.434s][info][gc,heap        ] GC(217) PSYoungGen: 22528K(236544K)->22624K(239104K) Eden: 22528K(22528K)->0K(25088K) From: 0K(214016K)->22624K(214016K)
[22.434s][info][gc,heap        ] GC(217) ParOldGen: 3268281K(3635712K)->3268281K(3635712K)
[22.434s][info][gc,metaspace   ] GC(217) Metaspace: 6298K(6464K)->6298K(6464K) NonClass: 5765K(5824K)->5765K(5824K) Class: 533K(640K)->533K(640K)
[22.434s][info][gc             ] GC(217) Pause Young (Allocation Failure) 3213M->3213M(3784M) 34.315ms
[22.434s][info][gc,cpu         ] GC(217) User=0.05s Sys=0.00s Real=0.03s
[22.460s][info][gc,start       ] GC(218) Pause Young (Allocation Failure)
[22.503s][info][gc,heap        ] GC(218) PSYoungGen: 47712K(239104K)->25280K(239616K) Eden: 25088K(25088K)->0K(25088K) From: 22624K(214016K)->25280K(214528K)
[22.503s][info][gc,heap        ] GC(218) ParOldGen: 3268281K(3635712K)->3291001K(3635712K)
[22.503s][info][gc,metaspace   ] GC(218) Metaspace: 6298K(6464K)->6298K(6464K) NonClass: 5765K(5824K)->5765K(5824K) Class: 533K(640K)->533K(640K)
[22.503s][info][gc             ] GC(218) Pause Young (Allocation Failure) 3238M->3238M(3784M) 43.485ms
[22.503s][info][gc,cpu         ] GC(218) User=0.16s Sys=0.00s Real=0.04s
[22.530s][info][gc,start       ] GC(219) Pause Young (Allocation Failure)
[22.573s][info][gc,heap        ] GC(219) PSYoungGen: 50368K(239616K)->25184K(235008K) Eden: 25088K(25088K)->0K(28160K) From: 25280K(214528K)->25184K(206848K)
[22.573s][info][gc,heap        ] GC(219) ParOldGen: 3291001K(3635712K)->3316329K(3635712K)
[22.573s][info][gc,metaspace   ] GC(219) Metaspace: 6298K(6464K)->6298K(6464K) NonClass: 5765K(5824K)->5765K(5824K) Class: 533K(640K)->533K(640K)
[22.573s][info][gc             ] GC(219) Pause Young (Allocation Failure) 3263M->3263M(3780M) 43.162ms
[22.573s][info][gc,cpu         ] GC(219) User=0.08s Sys=0.00s Real=0.04s
[22.602s][info][gc,start       ] GC(220) Pause Young (Allocation Failure)
[22.652s][info][gc,heap        ] GC(220) PSYoungGen: 53344K(235008K)->28288K(56832K) Eden: 28160K(28160K)->0K(28160K) From: 25184K(206848K)->28288K(28672K)
[22.652s][info][gc,heap        ] GC(220) ParOldGen: 3316329K(3635712K)->3341641K(3635712K)
[22.652s][info][gc,metaspace   ] GC(220) Metaspace: 6298K(6464K)->6298K(6464K) NonClass: 5765K(5824K)->5765K(5824K) Class: 533K(640K)->533K(640K)
[22.652s][info][gc             ] GC(220) Pause Young (Allocation Failure) 3290M->3290M(3606M) 50.314ms
[22.652s][info][gc,cpu         ] GC(220) User=0.09s Sys=0.00s Real=0.05s
[22.685s][info][gc,start       ] GC(221) Pause Young (Allocation Failure)
[22.731s][info][gc,heap        ] GC(221) PSYoungGen: 56448K(56832K)->28320K(225280K) Eden: 28160K(28160K)->0K(31744K) From: 28288K(28672K)->28320K(193536K)
[22.731s][info][gc,heap        ] GC(221) ParOldGen: 3341641K(3635712K)->3370049K(3635712K)
[22.731s][info][gc,metaspace   ] GC(221) Metaspace: 6298K(6464K)->6298K(6464K) NonClass: 5765K(5824K)->5765K(5824K) Class: 533K(640K)->533K(640K)
[22.731s][info][gc             ] GC(221) Pause Young (Allocation Failure) 3318M->3318M(3770M) 46.773ms
[22.731s][info][gc,cpu         ] GC(221) User=0.14s Sys=0.03s Real=0.05s
[22.764s][info][gc,start       ] GC(222) Pause Young (Allocation Failure)
[22.817s][info][gc,heap        ] GC(222) PSYoungGen: 60064K(225280K)->31904K(64000K) Eden: 31744K(31744K)->0K(31744K) From: 28320K(193536K)->31904K(32256K)
[22.817s][info][gc,heap        ] GC(222) ParOldGen: 3370049K(3635712K)->3398465K(3635712K)
[22.817s][info][gc,metaspace   ] GC(222) Metaspace: 6298K(6464K)->6298K(6464K) NonClass: 5765K(5824K)->5765K(5824K) Class: 533K(640K)->533K(640K)
[22.817s][info][gc             ] GC(222) Pause Young (Allocation Failure) 3349M->3349M(3613M) 53.107ms
[22.817s][info][gc,cpu         ] GC(222) User=0.17s Sys=0.00s Real=0.05s
[22.853s][info][gc,start       ] GC(223) Pause Young (Allocation Failure)
[22.903s][info][gc,heap        ] GC(223) PSYoungGen: 63648K(64000K)->31904K(212992K) Eden: 31744K(31744K)->0K(35840K) From: 31904K(32256K)->31904K(177152K)
[22.903s][info][gc,heap        ] GC(223) ParOldGen: 3398465K(3635712K)->3430497K(3635712K)
[22.903s][info][gc,metaspace   ] GC(223) Metaspace: 6298K(6464K)->6298K(6464K) NonClass: 5765K(5824K)->5765K(5824K) Class: 533K(640K)->533K(640K)
[22.903s][info][gc             ] GC(223) Pause Young (Allocation Failure) 3380M->3381M(3758M) 50.591ms
[22.903s][info][gc,cpu         ] GC(223) User=0.16s Sys=0.00s Real=0.05s
[22.936s][info][gc,start       ] GC(224) Pause Young (Allocation Failure)
[22.986s][info][gc,heap        ] GC(224) PSYoungGen: 67744K(212992K)->36000K(72192K) Eden: 35840K(35840K)->0K(35840K) From: 31904K(177152K)->36000K(36352K)
[22.986s][info][gc,heap        ] GC(224) ParOldGen: 3430497K(3635712K)->3462521K(3635712K)
[22.986s][info][gc,metaspace   ] GC(224) Metaspace: 6298K(6464K)->6298K(6464K) NonClass: 5765K(5824K)->5765K(5824K) Class: 533K(640K)->533K(640K)
[22.986s][info][gc             ] GC(224) Pause Young (Allocation Failure) 3416M->3416M(3621M) 49.832ms
[22.986s][info][gc,cpu         ] GC(224) User=0.20s Sys=0.00s Real=0.05s
[23.019s][info][gc,start       ] GC(225) Pause Young (Allocation Failure)
[23.077s][info][gc,heap        ] GC(225) PSYoungGen: 71840K(72192K)->36000K(201216K) Eden: 35840K(35840K)->0K(40448K) From: 36000K(36352K)->36000K(160768K)
[23.077s][info][gc,heap        ] GC(225) ParOldGen: 3462521K(3635712K)->3498689K(3635712K)
[23.077s][info][gc,metaspace   ] GC(225) Metaspace: 6298K(6464K)->6298K(6464K) NonClass: 5765K(5824K)->5765K(5824K) Class: 533K(640K)->533K(640K)
[23.077s][info][gc             ] GC(225) Pause Young (Allocation Failure) 3451M->3451M(3747M) 57.135ms
[23.077s][info][gc,cpu         ] GC(225) User=0.16s Sys=0.00s Real=0.06s
[23.118s][info][gc,start       ] GC(226) Pause Young (Allocation Failure)
[23.174s][info][gc,heap        ] GC(226) PSYoungGen: 76448K(201216K)->40608K(81408K) Eden: 40448K(40448K)->0K(40448K) From: 36000K(160768K)->40608K(40960K)
[23.174s][info][gc,heap        ] GC(226) ParOldGen: 3498689K(3635712K)->3534849K(3635712K)
[23.174s][info][gc,metaspace   ] GC(226) Metaspace: 6298K(6464K)->6298K(6464K) NonClass: 5765K(5824K)->5765K(5824K) Class: 533K(640K)->533K(640K)
[23.174s][info][gc             ] GC(226) Pause Young (Allocation Failure) 3491M->3491M(3630M) 56.351ms
[23.174s][info][gc,cpu         ] GC(226) User=0.16s Sys=0.00s Real=0.06s
[23.218s][info][gc,start       ] GC(227) Pause Young (Allocation Failure)
[23.276s][info][gc,heap        ] GC(227) PSYoungGen: 81056K(81408K)->40640K(189440K) Eden: 40448K(40448K)->0K(45568K) From: 40608K(40960K)->40640K(143872K)
[23.276s][info][gc,heap        ] GC(227) ParOldGen: 3534849K(3635712K)->3575657K(3635712K)
[23.276s][info][gc,metaspace   ] GC(227) Metaspace: 6298K(6464K)->6298K(6464K) NonClass: 5765K(5824K)->5765K(5824K) Class: 533K(640K)->533K(640K)
[23.276s][info][gc             ] GC(227) Pause Young (Allocation Failure) 3531M->3531M(3735M) 57.790ms
[23.276s][info][gc,cpu         ] GC(227) User=0.30s Sys=0.00s Real=0.06s
[23.276s][info][gc,start       ] GC(228) Pause Full (Ergonomics)
[23.276s][info][gc,phases,start] GC(228) Marking Phase
[24.073s][info][gc,phases      ] GC(228) Marking Phase 797.530ms
[24.073s][info][gc,phases,start] GC(228) Summary Phase
[24.074s][info][gc,phases      ] GC(228) Summary Phase 0.067ms
[24.074s][info][gc,phases,start] GC(228) Adjust Roots
[24.074s][info][gc,phases      ] GC(228) Adjust Roots 0.166ms
[24.074s][info][gc,phases,start] GC(228) Compaction Phase
[24.422s][info][gc,phases      ] GC(228) Compaction Phase 348.213ms
[24.422s][info][gc,phases,start] GC(228) Post Compact
[24.429s][info][gc,phases      ] GC(228) Post Compact 6.578ms
[24.430s][info][gc,heap        ] GC(228) PSYoungGen: 40640K(189440K)->0K(197632K) Eden: 0K(45568K)->0K(45568K) From: 40640K(143872K)->0K(152064K)
[24.430s][info][gc,heap        ] GC(228) ParOldGen: 3575657K(3635712K)->3613019K(3968000K)
[24.430s][info][gc,metaspace   ] GC(228) Metaspace: 6298K(6464K)->6298K(6464K) NonClass: 5765K(5824K)->5765K(5824K) Class: 533K(640K)->533K(640K)
[24.430s][info][gc             ] GC(228) Pause Full (Ergonomics) 3531M->3528M(4068M) 1154.087ms
[24.430s][info][gc,cpu         ] GC(228) User=8.36s Sys=0.00s Real=1.15s
[24.480s][info][gc,start       ] GC(229) Pause Young (Allocation Failure)
[24.528s][info][gc,heap        ] GC(229) PSYoungGen: 45568K(197632K)->45760K(184832K) Eden: 45568K(45568K)->0K(50176K) From: 0K(152064K)->45760K(134656K)
[24.528s][info][gc,heap        ] GC(229) ParOldGen: 3613019K(3968000K)->3613019K(3968000K)
[24.528s][info][gc,metaspace   ] GC(229) Metaspace: 6298K(6464K)->6298K(6464K) NonClass: 5765K(5824K)->5765K(5824K) Class: 533K(640K)->533K(640K)
[24.528s][info][gc             ] GC(229) Pause Young (Allocation Failure) 3572M->3573M(4055M) 48.235ms
[24.528s][info][gc,cpu         ] GC(229) User=0.06s Sys=0.00s Real=0.05s
[24.578s][info][gc,start       ] GC(230) Pause Young (Allocation Failure)
[24.639s][info][gc,heap        ] GC(230) PSYoungGen: 95936K(184832K)->96000K(194048K) Eden: 50176K(50176K)->0K(50176K) From: 45760K(134656K)->96000K(143872K)
[24.639s][info][gc,heap        ] GC(230) ParOldGen: 3613019K(3968000K)->3613019K(3968000K)
[24.639s][info][gc,metaspace   ] GC(230) Metaspace: 6298K(6464K)->6298K(6464K) NonClass: 5765K(5824K)->5765K(5824K) Class: 533K(640K)->533K(640K)
[24.639s][info][gc             ] GC(230) Pause Young (Allocation Failure) 3622M->3622M(4064M) 60.774ms
[24.639s][info][gc,cpu         ] GC(230) User=0.19s Sys=0.00s Real=0.06s
[24.687s][info][gc,start       ] GC(231) Pause Young (Allocation Failure)
[24.763s][info][gc,heap        ] GC(231) PSYoungGen: 146176K(194048K)->146272K(181760K) Eden: 50176K(50176K)->0K(31232K) From: 96000K(143872K)->146272K(150528K)
[24.763s][info][gc,heap        ] GC(231) ParOldGen: 3613019K(3968000K)->3613019K(3968000K)
[24.763s][info][gc,metaspace   ] GC(231) Metaspace: 6298K(6464K)->6298K(6464K) NonClass: 5765K(5824K)->5765K(5824K) Class: 533K(640K)->533K(640K)
[24.763s][info][gc             ] GC(231) Pause Young (Allocation Failure) 3671M->3671M(4052M) 75.888ms
[24.763s][info][gc,cpu         ] GC(231) User=0.42s Sys=0.00s Real=0.08s
[24.793s][info][gc,start       ] GC(232) Pause Young (Allocation Failure)
[24.880s][info][gc,heap        ] GC(232) PSYoungGen: 177504K(181760K)->131872K(205824K) Eden: 31232K(31232K)->0K(31232K) From: 146272K(150528K)->131872K(174592K)
[24.880s][info][gc,heap        ] GC(232) ParOldGen: 3613019K(3968000K)->3659003K(3968000K)
[24.880s][info][gc,metaspace   ] GC(232) Metaspace: 6298K(6464K)->6298K(6464K) NonClass: 5765K(5824K)->5765K(5824K) Class: 533K(640K)->533K(640K)
[24.880s][info][gc             ] GC(232) Pause Young (Allocation Failure) 3701M->3702M(4076M) 87.654ms
[24.880s][info][gc,cpu         ] GC(232) User=0.53s Sys=0.00s Real=0.09s
[24.911s][info][gc,start       ] GC(233) Pause Young (Allocation Failure)
[24.989s][info][gc,heap        ] GC(233) PSYoungGen: 163104K(205824K)->112928K(219648K) Eden: 31232K(31232K)->0K(31744K) From: 131872K(174592K)->112928K(187904K)
[24.989s][info][gc,heap        ] GC(233) ParOldGen: 3659003K(3968000K)->3709643K(3968000K)
[24.989s][info][gc,metaspace   ] GC(233) Metaspace: 6298K(6464K)->6298K(6464K) NonClass: 5765K(5824K)->5765K(5824K) Class: 533K(640K)->533K(640K)
[24.989s][info][gc             ] GC(233) Pause Young (Allocation Failure) 3732M->3732M(4089M) 78.540ms
[24.989s][info][gc,cpu         ] GC(233) User=0.42s Sys=0.09s Real=0.08s
[25.023s][info][gc,start       ] GC(234) Pause Young (Allocation Failure)
[25.095s][info][gc,heap        ] GC(234) PSYoungGen: 144672K(219648K)->63200K(95232K) Eden: 31744K(31744K)->0K(31744K) From: 112928K(187904K)->63200K(63488K)
[25.095s][info][gc,heap        ] GC(234) ParOldGen: 3709643K(3968000K)->3791763K(3968000K)
[25.095s][info][gc,metaspace   ] GC(234) Metaspace: 6298K(6464K)->6298K(6464K) NonClass: 5765K(5824K)->5765K(5824K) Class: 533K(640K)->533K(640K)
[25.095s][info][gc             ] GC(234) Pause Young (Allocation Failure) 3763M->3764M(3968M) 72.290ms
[25.095s][info][gc,cpu         ] GC(234) User=0.38s Sys=0.05s Real=0.07s
[25.129s][info][gc,start       ] GC(235) Pause Young (Allocation Failure)
[25.190s][info][gc,heap        ] GC(235) PSYoungGen: 94944K(95232K)->31904K(211456K) Eden: 31744K(31744K)->0K(36352K) From: 63200K(63488K)->31904K(175104K)
[25.190s][info][gc,heap        ] GC(235) ParOldGen: 3791763K(3968000K)->3855299K(3968000K)
[25.190s][info][gc,metaspace   ] GC(235) Metaspace: 6298K(6464K)->6298K(6464K) NonClass: 5765K(5824K)->5765K(5824K) Class: 533K(640K)->533K(640K)
[25.190s][info][gc             ] GC(235) Pause Young (Allocation Failure) 3795M->3796M(4081M) 60.861ms
[25.190s][info][gc,cpu         ] GC(235) User=0.16s Sys=0.05s Real=0.06s
[25.229s][info][gc,start       ] GC(236) Pause Young (Allocation Failure)
[25.286s][info][gc,heap        ] GC(236) PSYoungGen: 68256K(211456K)->36512K(215040K) Eden: 36352K(36352K)->0K(36352K) From: 31904K(175104K)->36512K(178688K)
[25.286s][info][gc,heap        ] GC(236) ParOldGen: 3855299K(3968000K)->3887355K(3968000K)
[25.286s][info][gc,metaspace   ] GC(236) Metaspace: 6298K(6464K)->6298K(6464K) NonClass: 5765K(5824K)->5765K(5824K) Class: 533K(640K)->533K(640K)
[25.286s][info][gc             ] GC(236) Pause Young (Allocation Failure) 3831M->3831M(4085M) 56.647ms
[25.286s][info][gc,cpu         ] GC(236) User=0.19s Sys=0.00s Real=0.06s
[25.286s][info][gc,start       ] GC(237) Pause Full (Ergonomics)
[25.286s][info][gc,phases,start] GC(237) Marking Phase
[26.160s][info][gc,phases      ] GC(237) Marking Phase 873.678ms
[26.160s][info][gc,phases,start] GC(237) Summary Phase
[26.160s][info][gc,phases      ] GC(237) Summary Phase 0.073ms
[26.160s][info][gc,phases,start] GC(237) Adjust Roots
[26.160s][info][gc,phases      ] GC(237) Adjust Roots 0.192ms
[26.160s][info][gc,phases,start] GC(237) Compaction Phase
[26.527s][info][gc,phases      ] GC(237) Compaction Phase 367.022ms
[26.527s][info][gc,phases,start] GC(237) Post Compact
[26.535s][info][gc,phases      ] GC(237) Post Compact 7.456ms
[26.536s][info][gc,heap        ] GC(237) PSYoungGen: 36512K(215040K)->0K(215552K) Eden: 0K(36352K)->0K(41472K) From: 36512K(178688K)->0K(174080K)
[26.536s][info][gc,heap        ] GC(237) ParOldGen: 3887355K(3968000K)->3920997K(4326912K)
[26.536s][info][gc,metaspace   ] GC(237) Metaspace: 6298K(6464K)->6298K(6464K) NonClass: 5765K(5824K)->5765K(5824K) Class: 533K(640K)->533K(640K)
[26.536s][info][gc             ] GC(237) Pause Full (Ergonomics) 3831M->3829M(4436M) 1249.885ms
[26.536s][info][gc,cpu         ] GC(237) User=8.97s Sys=0.03s Real=1.25s
[26.577s][info][gc,start       ] GC(238) Pause Young (Allocation Failure)
[26.621s][info][gc,heap        ] GC(238) PSYoungGen: 41472K(215552K)->41664K(83456K) Eden: 41472K(41472K)->0K(41472K) From: 0K(174080K)->41664K(41984K)
[26.621s][info][gc,heap        ] GC(238) ParOldGen: 3920997K(4326912K)->3920997K(4326912K)
[26.621s][info][gc,metaspace   ] GC(238) Metaspace: 6298K(6464K)->6298K(6464K) NonClass: 5765K(5824K)->5765K(5824K) Class: 533K(640K)->533K(640K)
[26.621s][info][gc             ] GC(238) Pause Young (Allocation Failure) 3869M->3869M(4307M) 44.117ms
[26.621s][info][gc,cpu         ] GC(238) User=0.06s Sys=0.00s Real=0.04s
[26.663s][info][gc,start       ] GC(239) Pause Young (Allocation Failure)
[26.718s][info][gc,heap        ] GC(239) PSYoungGen: 83136K(83456K)->83232K(207360K) Eden: 41472K(41472K)->0K(46080K) From: 41664K(41984K)->83232K(161280K)
[26.718s][info][gc,heap        ] GC(239) ParOldGen: 3920997K(4326912K)->3920997K(4326912K)
[26.718s][info][gc,metaspace   ] GC(239) Metaspace: 6298K(6464K)->6298K(6464K) NonClass: 5765K(5824K)->5765K(5824K) Class: 533K(640K)->533K(640K)
[26.718s][info][gc             ] GC(239) Pause Young (Allocation Failure) 3910M->3910M(4428M) 55.301ms
[26.718s][info][gc,cpu         ] GC(239) User=0.17s Sys=0.00s Real=0.06s
[26.770s][info][gc,start       ] GC(240) Pause Young (Allocation Failure)
[26.845s][info][gc,heap        ] GC(240) PSYoungGen: 129312K(207360K)->129344K(210432K) Eden: 46080K(46080K)->0K(46080K) From: 83232K(161280K)->129344K(164352K)
[26.845s][info][gc,heap        ] GC(240) ParOldGen: 3920997K(4326912K)->3920997K(4326912K)
[26.845s][info][gc,metaspace   ] GC(240) Metaspace: 6298K(6464K)->6298K(6464K) NonClass: 5765K(5824K)->5765K(5824K) Class: 533K(640K)->533K(640K)
[26.845s][info][gc             ] GC(240) Pause Young (Allocation Failure) 3955M->3955M(4431M) 74.333ms
[26.845s][info][gc,cpu         ] GC(240) User=0.20s Sys=0.00s Real=0.08s
[26.897s][info][gc,start       ] GC(241) Pause Young (Allocation Failure)
[26.984s][info][gc,heap        ] GC(241) PSYoungGen: 175424K(210432K)->133984K(216576K) Eden: 46080K(46080K)->0K(38912K) From: 129344K(164352K)->133984K(177664K)
[26.984s][info][gc,heap        ] GC(241) ParOldGen: 3920997K(4326912K)->3962853K(4326912K)
[26.984s][info][gc,metaspace   ] GC(241) Metaspace: 6298K(6464K)->6298K(6464K) NonClass: 5765K(5824K)->5765K(5824K) Class: 533K(640K)->533K(640K)
[26.984s][info][gc             ] GC(241) Pause Young (Allocation Failure) 4000M->4000M(4437M) 87.364ms
[26.984s][info][gc,cpu         ] GC(241) User=0.55s Sys=0.08s Real=0.09s
[27.031s][info][gc,start       ] GC(242) Pause Young (Allocation Failure)
[27.115s][info][gc,heap        ] GC(242) PSYoungGen: 172896K(216576K)->131392K(228864K) Eden: 38912K(38912K)->0K(38912K) From: 133984K(177664K)->131392K(189952K)
[27.115s][info][gc,heap        ] GC(242) ParOldGen: 3962853K(4326912K)->4004709K(4326912K)
[27.115s][info][gc,metaspace   ] GC(242) Metaspace: 6298K(6464K)->6298K(6464K) NonClass: 5765K(5824K)->5765K(5824K) Class: 533K(640K)->533K(640K)
[27.115s][info][gc             ] GC(242) Pause Young (Allocation Failure) 4038M->4039M(4449M) 84.451ms
[27.115s][info][gc,cpu         ] GC(242) User=0.64s Sys=0.00s Real=0.08s
[27.152s][info][gc,start       ] GC(243) Pause Young (Allocation Failure)
[27.235s][info][gc,heap        ] GC(243) PSYoungGen: 170304K(228864K)->124192K(238592K) Eden: 38912K(38912K)->0K(40448K) From: 131392K(189952K)->124192K(198144K)
[27.235s][info][gc,heap        ] GC(243) ParOldGen: 4004709K(4326912K)->4051197K(4326912K)
[27.235s][info][gc,metaspace   ] GC(243) Metaspace: 6298K(6464K)->6298K(6464K) NonClass: 5765K(5824K)->5765K(5824K) Class: 533K(640K)->533K(640K)
[27.235s][info][gc             ] GC(243) Pause Young (Allocation Failure) 4077M->4077M(4458M) 83.170ms
[27.235s][info][gc,cpu         ] GC(243) User=0.48s Sys=0.06s Real=0.08s
[27.276s][info][gc,start       ] GC(244) Pause Young (Allocation Failure)
[27.357s][info][gc,heap        ] GC(244) PSYoungGen: 164640K(238592K)->118560K(242176K) Eden: 40448K(40448K)->0K(40448K) From: 124192K(198144K)->118560K(201728K)
[27.357s][info][gc,heap        ] GC(244) ParOldGen: 4051197K(4326912K)->4097693K(4326912K)
[27.357s][info][gc,metaspace   ] GC(244) Metaspace: 6298K(6464K)->6298K(6464K) NonClass: 5765K(5824K)->5765K(5824K) Class: 533K(640K)->533K(640K)
[27.357s][info][gc             ] GC(244) Pause Young (Allocation Failure) 4117M->4117M(4462M) 81.089ms
[27.357s][info][gc,cpu         ] GC(244) User=0.52s Sys=0.00s Real=0.08s
[27.401s][info][gc,start       ] GC(245) Pause Young (Allocation Failure)
[27.481s][info][gc,heap        ] GC(245) PSYoungGen: 159008K(242176K)->81120K(228352K) Eden: 40448K(40448K)->0K(45568K) From: 118560K(201728K)->81120K(182784K)
[27.481s][info][gc,heap        ] GC(245) ParOldGen: 4097693K(4326912K)->4176197K(4326912K)
[27.481s][info][gc,metaspace   ] GC(245) Metaspace: 6298K(6464K)->6298K(6464K) NonClass: 5765K(5824K)->5765K(5824K) Class: 533K(640K)->533K(640K)
[27.481s][info][gc             ] GC(245) Pause Young (Allocation Failure) 4156M->4157M(4448M) 79.718ms
[27.481s][info][gc,cpu         ] GC(245) User=0.47s Sys=0.05s Real=0.08s
[27.533s][info][gc,start       ] GC(246) Pause Young (Allocation Failure)
[27.603s][info][gc,heap        ] GC(246) PSYoungGen: 126688K(228352K)->45792K(237568K) Eden: 45568K(45568K)->0K(45568K) From: 81120K(182784K)->45792K(192000K)
[27.603s][info][gc,heap        ] GC(246) ParOldGen: 4176197K(4326912K)->4257789K(4326912K)
[27.603s][info][gc,metaspace   ] GC(246) Metaspace: 6298K(6464K)->6298K(6464K) NonClass: 5765K(5824K)->5765K(5824K) Class: 533K(640K)->533K(640K)
[27.603s][info][gc             ] GC(246) Pause Young (Allocation Failure) 4202M->4202M(4457M) 70.239ms
[27.603s][info][gc,cpu         ] GC(246) User=0.28s Sys=0.03s Real=0.07s
[27.603s][info][gc,start       ] GC(247) Pause Full (Ergonomics)
[27.603s][info][gc,phases,start] GC(247) Marking Phase
[28.584s][info][gc,phases      ] GC(247) Marking Phase 980.813ms
[28.584s][info][gc,phases,start] GC(247) Summary Phase
[28.584s][info][gc,phases      ] GC(247) Summary Phase 0.102ms
[28.584s][info][gc,phases,start] GC(247) Adjust Roots
[28.584s][info][gc,phases      ] GC(247) Adjust Roots 0.201ms
[28.584s][info][gc,phases,start] GC(247) Compaction Phase
[28.981s][info][gc,phases      ] GC(247) Compaction Phase 396.119ms
[28.981s][info][gc,phases,start] GC(247) Post Compact
[28.987s][info][gc,phases      ] GC(247) Post Compact 6.312ms
[28.988s][info][gc,heap        ] GC(247) PSYoungGen: 45792K(237568K)->0K(240640K) Eden: 0K(45568K)->0K(51200K) From: 45792K(192000K)->0K(189440K)
[28.988s][info][gc,heap        ] GC(247) ParOldGen: 4257789K(4326912K)->4300119K(4759552K)
[28.988s][info][gc,metaspace   ] GC(247) Metaspace: 6298K(6464K)->6298K(6464K) NonClass: 5765K(5824K)->5765K(5824K) Class: 533K(640K)->533K(640K)
[28.988s][info][gc             ] GC(247) Pause Full (Ergonomics) 4202M->4199M(4883M) 1385.091ms
[28.988s][info][gc,cpu         ] GC(247) User=10.16s Sys=0.02s Real=1.38s
[29.055s][info][gc,start       ] GC(248) Pause Young (Allocation Failure)
[29.107s][info][gc,heap        ] GC(248) PSYoungGen: 51200K(240640K)->51392K(240640K) Eden: 51200K(51200K)->0K(51200K) From: 0K(189440K)->51392K(189440K)
[29.108s][info][gc,heap        ] GC(248) ParOldGen: 4300119K(4759552K)->4300119K(4759552K)
[29.108s][info][gc,metaspace   ] GC(248) Metaspace: 6298K(6464K)->6298K(6464K) NonClass: 5765K(5824K)->5765K(5824K) Class: 533K(640K)->533K(640K)
[29.108s][info][gc             ] GC(248) Pause Young (Allocation Failure) 4249M->4249M(4883M) 52.451ms
[29.108s][info][gc,cpu         ] GC(248) User=0.17s Sys=0.00s Real=0.05s
[29.161s][info][gc,start       ] GC(249) Pause Young (Allocation Failure)
[29.227s][info][gc,heap        ] GC(249) PSYoungGen: 102592K(240640K)->102656K(235520K) Eden: 51200K(51200K)->0K(56320K) From: 51392K(189440K)->102656K(179200K)
[29.227s][info][gc,heap        ] GC(249) ParOldGen: 4300119K(4759552K)->4300119K(4759552K)
[29.227s][info][gc,metaspace   ] GC(249) Metaspace: 6298K(6464K)->6298K(6464K) NonClass: 5765K(5824K)->5765K(5824K) Class: 533K(640K)->533K(640K)
[29.227s][info][gc             ] GC(249) Pause Young (Allocation Failure) 4299M->4299M(4878M) 65.858ms
[29.227s][info][gc,cpu         ] GC(249) User=0.28s Sys=0.00s Real=0.07s
[29.282s][info][gc,start       ] GC(250) Pause Young (Allocation Failure)
[29.363s][info][gc,heap        ] GC(250) PSYoungGen: 158976K(235520K)->159104K(238592K) Eden: 56320K(56320K)->0K(56320K) From: 102656K(179200K)->159104K(182272K)
[29.363s][info][gc,heap        ] GC(250) ParOldGen: 4300119K(4759552K)->4300119K(4759552K)
[29.363s][info][gc,metaspace   ] GC(250) Metaspace: 6298K(6464K)->6298K(6464K) NonClass: 5765K(5824K)->5765K(5824K) Class: 533K(640K)->533K(640K)
[29.363s][info][gc             ] GC(250) Pause Young (Allocation Failure) 4354M->4354M(4881M) 81.078ms
[29.363s][info][gc,cpu         ] GC(250) User=0.52s Sys=0.00s Real=0.08s
[29.422s][info][gc,start       ] GC(251) Pause Young (Allocation Failure)
[29.533s][info][gc,heap        ] GC(251) PSYoungGen: 215424K(238592K)->164224K(246784K) Eden: 56320K(56320K)->0K(46592K) From: 159104K(182272K)->164224K(200192K)
[29.533s][info][gc,heap        ] GC(251) ParOldGen: 4300119K(4759552K)->4351791K(4759552K)
[29.533s][info][gc,metaspace   ] GC(251) Metaspace: 6298K(6464K)->6298K(6464K) NonClass: 5765K(5824K)->5765K(5824K) Class: 533K(640K)->533K(640K)
[29.533s][info][gc             ] GC(251) Pause Young (Allocation Failure) 4409M->4410M(4889M) 111.731ms
[29.533s][info][gc,cpu         ] GC(251) User=0.83s Sys=0.05s Real=0.11s
[29.592s][info][gc,start       ] GC(252) Pause Young (Allocation Failure)
[29.698s][info][gc,heap        ] GC(252) PSYoungGen: 210816K(246784K)->159648K(262656K) Eden: 46592K(46592K)->0K(46592K) From: 164224K(200192K)->159648K(216064K)
[29.698s][info][gc,heap        ] GC(252) ParOldGen: 4351791K(4759552K)->4403471K(4759552K)
[29.698s][info][gc,metaspace   ] GC(252) Metaspace: 6298K(6464K)->6298K(6464K) NonClass: 5765K(5824K)->5765K(5824K) Class: 533K(640K)->533K(640K)
[29.698s][info][gc             ] GC(252) Pause Young (Allocation Failure) 4455M->4456M(4904M) 106.031ms
[29.698s][info][gc,cpu         ] GC(252) User=0.84s Sys=0.02s Real=0.11s
[29.751s][info][gc,start       ] GC(253) Pause Young (Allocation Failure)
[29.860s][info][gc,heap        ] GC(253) PSYoungGen: 206240K(262656K)->149888K(274432K) Eden: 46592K(46592K)->0K(47616K) From: 159648K(216064K)->149888K(226816K)
[29.860s][info][gc,heap        ] GC(253) ParOldGen: 4403471K(4759552K)->4460311K(4759552K)
[29.860s][info][gc,metaspace   ] GC(253) Metaspace: 6298K(6464K)->6298K(6464K) NonClass: 5765K(5824K)->5765K(5824K) Class: 533K(640K)->533K(640K)
[29.860s][info][gc             ] GC(253) Pause Young (Allocation Failure) 4501M->4502M(4916M) 108.691ms
[29.860s][info][gc,cpu         ] GC(253) User=0.56s Sys=0.02s Real=0.11s
[29.913s][info][gc,start       ] GC(254) Pause Young (Allocation Failure)
[30.017s][info][gc,heap        ] GC(254) PSYoungGen: 197504K(274432K)->141088K(279040K) Eden: 47616K(47616K)->0K(47616K) From: 149888K(226816K)->141088K(231424K)
[30.017s][info][gc,heap        ] GC(254) ParOldGen: 4460311K(4759552K)->4517159K(4759552K)
[30.017s][info][gc,metaspace   ] GC(254) Metaspace: 6298K(6464K)->6298K(6464K) NonClass: 5765K(5824K)->5765K(5824K) Class: 533K(640K)->533K(640K)
[30.017s][info][gc             ] GC(254) Pause Young (Allocation Failure) 4548M->4549M(4920M) 103.572ms
[30.017s][info][gc,cpu         ] GC(254) User=0.61s Sys=0.05s Real=0.10s
[30.067s][info][gc,start       ] GC(255) Pause Young (Allocation Failure)
[30.168s][info][gc,heap        ] GC(255) PSYoungGen: 188704K(279040K)->95456K(267264K) Eden: 47616K(47616K)->0K(53760K) From: 141088K(231424K)->95456K(213504K)
[30.168s][info][gc,heap        ] GC(255) ParOldGen: 4517159K(4759552K)->4611159K(4759552K)
[30.168s][info][gc,metaspace   ] GC(255) Metaspace: 6298K(6464K)->6298K(6464K) NonClass: 5765K(5824K)->5765K(5824K) Class: 533K(640K)->533K(640K)
[30.168s][info][gc             ] GC(255) Pause Young (Allocation Failure) 4595M->4596M(4909M) 100.940ms
[30.168s][info][gc,cpu         ] GC(255) User=0.59s Sys=0.06s Real=0.10s
[30.228s][info][gc,start       ] GC(256) Pause Young (Allocation Failure)
[30.309s][info][gc,heap        ] GC(256) PSYoungGen: 149216K(267264K)->53984K(275968K) Eden: 53760K(53760K)->0K(53760K) From: 95456K(213504K)->53984K(222208K)
[30.309s][info][gc,heap        ] GC(256) ParOldGen: 4611159K(4759552K)->4707223K(4759552K)
[30.309s][info][gc,metaspace   ] GC(256) Metaspace: 6298K(6464K)->6298K(6464K) NonClass: 5765K(5824K)->5765K(5824K) Class: 533K(640K)->533K(640K)
[30.309s][info][gc             ] GC(256) Pause Young (Allocation Failure) 4648M->4649M(4917M) 81.715ms
[30.309s][info][gc,cpu         ] GC(256) User=0.47s Sys=0.05s Real=0.08s
[30.309s][info][gc,start       ] GC(257) Pause Full (Ergonomics)
[30.309s][info][gc,phases,start] GC(257) Marking Phase
[31.368s][info][gc,phases      ] GC(257) Marking Phase 1058.930ms
[31.368s][info][gc,phases,start] GC(257) Summary Phase
[31.369s][info][gc,phases      ] GC(257) Summary Phase 0.098ms
[31.369s][info][gc,phases,start] GC(257) Adjust Roots
[31.369s][info][gc,phases      ] GC(257) Adjust Roots 0.164ms
[31.369s][info][gc,phases,start] GC(257) Compaction Phase
[31.790s][info][gc,phases      ] GC(257) Compaction Phase 421.423ms
[31.790s][info][gc,phases,start] GC(257) Post Compact
[31.797s][info][gc,phases      ] GC(257) Post Compact 7.017ms
[31.799s][info][gc,heap        ] GC(257) PSYoungGen: 53984K(275968K)->0K(281088K) Eden: 0K(53760K)->0K(60416K) From: 53984K(222208K)->0K(220672K)
[31.799s][info][gc,heap        ] GC(257) ParOldGen: 4707223K(4759552K)->4757071K(5278208K)
[31.799s][info][gc,metaspace   ] GC(257) Metaspace: 6298K(6464K)->6298K(6464K) NonClass: 5765K(5824K)->5765K(5824K) Class: 533K(640K)->533K(640K)
[31.799s][info][gc             ] GC(257) Pause Full (Ergonomics) 4649M->4645M(5429M) 1489.450ms
[31.799s][info][gc,cpu         ] GC(257) User=11.22s Sys=0.06s Real=1.49s
[31.874s][info][gc,start       ] GC(258) Pause Young (Allocation Failure)
[31.930s][info][gc,heap        ] GC(258) PSYoungGen: 60416K(281088K)->60672K(281088K) Eden: 60416K(60416K)->0K(60416K) From: 0K(220672K)->60672K(220672K)
[31.930s][info][gc,heap        ] GC(258) ParOldGen: 4757071K(5278208K)->4757071K(5278208K)
[31.930s][info][gc,metaspace   ] GC(258) Metaspace: 6298K(6464K)->6298K(6464K) NonClass: 5765K(5824K)->5765K(5824K) Class: 533K(640K)->533K(640K)
[31.930s][info][gc             ] GC(258) Pause Young (Allocation Failure) 4704M->4704M(5429M) 55.314ms
[31.930s][info][gc,cpu         ] GC(258) User=0.27s Sys=0.00s Real=0.06s
[31.992s][info][gc,start       ] GC(259) Pause Young (Allocation Failure)
[32.064s][info][gc,heap        ] GC(259) PSYoungGen: 121088K(281088K)->121152K(274944K) Eden: 60416K(60416K)->0K(66560K) From: 60672K(220672K)->121152K(208384K)
[32.064s][info][gc,heap        ] GC(259) ParOldGen: 4757071K(5278208K)->4757071K(5278208K)
[32.064s][info][gc,metaspace   ] GC(259) Metaspace: 6298K(6464K)->6298K(6464K) NonClass: 5765K(5824K)->5765K(5824K) Class: 533K(640K)->533K(640K)
[32.064s][info][gc             ] GC(259) Pause Young (Allocation Failure) 4763M->4763M(5423M) 71.719ms
[32.064s][info][gc,cpu         ] GC(259) User=0.31s Sys=0.00s Real=0.07s
[32.131s][info][gc,start       ] GC(260) Pause Young (Allocation Failure)
[32.225s][info][gc,heap        ] GC(260) PSYoungGen: 187712K(274944K)->187840K(279040K) Eden: 66560K(66560K)->0K(66560K) From: 121152K(208384K)->187840K(212480K)
[32.225s][info][gc,heap        ] GC(260) ParOldGen: 4757071K(5278208K)->4757071K(5278208K)
[32.225s][info][gc,metaspace   ] GC(260) Metaspace: 6298K(6464K)->6298K(6464K) NonClass: 5765K(5824K)->5765K(5824K) Class: 533K(640K)->533K(640K)
[32.225s][info][gc             ] GC(260) Pause Young (Allocation Failure) 4828M->4829M(5427M) 93.636ms
[32.225s][info][gc,cpu         ] GC(260) User=0.62s Sys=0.00s Real=0.09s
[32.301s][info][gc,start       ] GC(261) Pause Young (Allocation Failure)
[32.438s][info][gc,heap        ] GC(261) PSYoungGen: 254400K(279040K)->193952K(288256K) Eden: 66560K(66560K)->0K(55296K) From: 187840K(212480K)->193952K(232960K)
[32.438s][info][gc,heap        ] GC(261) ParOldGen: 4757071K(5278208K)->4818031K(5278208K)
[32.438s][info][gc,metaspace   ] GC(261) Metaspace: 6298K(6464K)->6298K(6464K) NonClass: 5765K(5824K)->5765K(5824K) Class: 533K(640K)->533K(640K)
[32.438s][info][gc             ] GC(261) Pause Young (Allocation Failure) 4894M->4894M(5436M) 137.452ms
[32.438s][info][gc,cpu         ] GC(261) User=0.97s Sys=0.03s Real=0.14s
[32.506s][info][gc,start       ] GC(262) Pause Young (Allocation Failure)
[32.637s][info][gc,heap        ] GC(262) PSYoungGen: 249248K(288256K)->188832K(306688K) Eden: 55296K(55296K)->0K(55296K) From: 193952K(232960K)->188832K(251392K)
[32.637s][info][gc,heap        ] GC(262) ParOldGen: 4818031K(5278208K)->4878991K(5278208K)
[32.637s][info][gc,metaspace   ] GC(262) Metaspace: 6298K(6464K)->6298K(6464K) NonClass: 5765K(5824K)->5765K(5824K) Class: 533K(640K)->533K(640K)
[32.637s][info][gc             ] GC(262) Pause Young (Allocation Failure) 4948M->4949M(5454M) 131.779ms
[32.637s][info][gc,cpu         ] GC(262) User=0.89s Sys=0.00s Real=0.13s
[32.697s][info][gc,start       ] GC(263) Pause Young (Allocation Failure)
[32.834s][info][gc,heap        ] GC(263) PSYoungGen: 244128K(306688K)->177568K(321024K) Eden: 55296K(55296K)->0K(56832K) From: 188832K(251392K)->177568K(264192K)
[32.834s][info][gc,heap        ] GC(263) ParOldGen: 4878991K(5278208K)->4946151K(5278208K)
[32.834s][info][gc,metaspace   ] GC(263) Metaspace: 6298K(6464K)->6298K(6464K) NonClass: 5765K(5824K)->5765K(5824K) Class: 533K(640K)->533K(640K)
[32.834s][info][gc             ] GC(263) Pause Young (Allocation Failure) 5003M->5003M(5468M) 136.757ms
[32.834s][info][gc,cpu         ] GC(263) User=0.56s Sys=0.05s Real=0.14s
[32.896s][info][gc,start       ] GC(264) Pause Young (Allocation Failure)
[33.020s][info][gc,heap        ] GC(264) PSYoungGen: 234400K(321024K)->167808K(326144K) Eden: 56832K(56832K)->0K(56832K) From: 177568K(264192K)->167808K(269312K)
[33.020s][info][gc,heap        ] GC(264) ParOldGen: 4946151K(5278208K)->5013319K(5278208K)
[33.020s][info][gc,metaspace   ] GC(264) Metaspace: 6298K(6464K)->6298K(6464K) NonClass: 5765K(5824K)->5765K(5824K) Class: 533K(640K)->533K(640K)
[33.020s][info][gc             ] GC(264) Pause Young (Allocation Failure) 5059M->5059M(5473M) 124.744ms
[33.020s][info][gc,cpu         ] GC(264) User=0.84s Sys=0.03s Real=0.12s
[33.086s][info][gc,start       ] GC(265) Pause Young (Allocation Failure)
[33.212s][info][gc,heap        ] GC(265) PSYoungGen: 224640K(326144K)->113984K(313856K) Eden: 56832K(56832K)->0K(64512K) From: 167808K(269312K)->113984K(249344K)
[33.212s][info][gc,heap        ] GC(265) ParOldGen: 5013319K(5278208K)->5124887K(5278208K)
[33.212s][info][gc,metaspace   ] GC(265) Metaspace: 6298K(6464K)->6298K(6464K) NonClass: 5765K(5824K)->5765K(5824K) Class: 533K(640K)->533K(640K)
[33.212s][info][gc             ] GC(265) Pause Young (Allocation Failure) 5115M->5116M(5461M) 125.573ms
[33.212s][info][gc,cpu         ] GC(265) User=0.84s Sys=0.03s Real=0.12s
[33.284s][info][gc,start       ] GC(266) Pause Young (Allocation Failure)
[33.383s][info][gc,heap        ] GC(266) PSYoungGen: 178496K(313856K)->64800K(323584K) Eden: 64512K(64512K)->0K(64512K) From: 113984K(249344K)->64800K(259072K)
[33.383s][info][gc,heap        ] GC(266) ParOldGen: 5124887K(5278208K)->5239551K(5278208K)
[33.383s][info][gc,metaspace   ] GC(266) Metaspace: 6298K(6464K)->6298K(6464K) NonClass: 5765K(5824K)->5765K(5824K) Class: 533K(640K)->533K(640K)
[33.383s][info][gc             ] GC(266) Pause Young (Allocation Failure) 5179M->5180M(5470M) 98.641ms
[33.383s][info][gc,cpu         ] GC(266) User=0.61s Sys=0.03s Real=0.10s
[33.383s][info][gc,start       ] GC(267) Pause Full (Ergonomics)
[33.383s][info][gc,phases,start] GC(267) Marking Phase
[34.574s][info][gc,phases      ] GC(267) Marking Phase 1190.940ms
[34.574s][info][gc,phases,start] GC(267) Summary Phase
[34.574s][info][gc,phases      ] GC(267) Summary Phase 0.064ms
[34.574s][info][gc,phases,start] GC(267) Adjust Roots
[34.574s][info][gc,phases      ] GC(267) Adjust Roots 0.187ms
[34.574s][info][gc,phases,start] GC(267) Compaction Phase
[35.250s][info][gc,phases      ] GC(267) Compaction Phase 675.875ms
[35.250s][info][gc,phases,start] GC(267) Post Compact
[35.257s][info][gc,phases      ] GC(267) Post Compact 6.695ms
[35.259s][info][gc,heap        ] GC(267) PSYoungGen: 64800K(323584K)->21558K(323584K) Eden: 0K(64512K)->0K(64512K) From: 64800K(259072K)->21558K(259072K)
[35.259s][info][gc,heap        ] GC(267) ParOldGen: 5239551K(5278208K)->5277939K(5868032K)
[35.259s][info][gc,metaspace   ] GC(267) Metaspace: 6298K(6464K)->6298K(6464K) NonClass: 5765K(5824K)->5765K(5824K) Class: 533K(640K)->533K(640K)
[35.259s][info][gc             ] GC(267) Pause Full (Ergonomics) 5180M->5175M(6046M) 1875.930ms
[35.259s][info][gc,cpu         ] GC(267) User=14.53s Sys=0.03s Real=1.88s
[35.335s][info][gc,start       ] GC(268) Pause Young (Allocation Failure)
[35.617s][info][gc,heap        ] GC(268) PSYoungGen: 86070K(323584K)->64768K(322560K) Eden: 64512K(64512K)->0K(71168K) From: 21558K(259072K)->64768K(251392K)
[35.617s][info][gc,heap        ] GC(268) ParOldGen: 5277939K(5868032K)->5299739K(5868032K)
[35.617s][info][gc,metaspace   ] GC(268) Metaspace: 6298K(6464K)->6298K(6464K) NonClass: 5765K(5824K)->5765K(5824K) Class: 533K(640K)->533K(640K)
[35.617s][info][gc             ] GC(268) Pause Young (Allocation Failure) 5238M->5238M(6045M) 282.181ms
[35.617s][info][gc,cpu         ] GC(268) User=1.77s Sys=0.02s Real=0.28s
[35.696s][info][gc,start       ] GC(269) Pause Young (Allocation Failure)
[35.780s][info][gc,heap        ] GC(269) PSYoungGen: 135936K(322560K)->136032K(207360K) Eden: 71168K(71168K)->0K(71168K) From: 64768K(251392K)->136032K(136192K)
[35.780s][info][gc,heap        ] GC(269) ParOldGen: 5299739K(5868032K)->5299739K(5868032K)
[35.780s][info][gc,metaspace   ] GC(269) Metaspace: 6298K(6464K)->6298K(6464K) NonClass: 5765K(5824K)->5765K(5824K) Class: 533K(640K)->533K(640K)
[35.780s][info][gc             ] GC(269) Pause Young (Allocation Failure) 5308M->5308M(5933M) 84.790ms
[35.780s][info][gc,cpu         ] GC(269) User=0.50s Sys=0.00s Real=0.08s
[35.864s][info][gc,start       ] GC(270) Pause Young (Allocation Failure)
[35.982s][info][gc,heap        ] GC(270) PSYoungGen: 207200K(207360K)->142688K(317952K) Eden: 71168K(71168K)->0K(78848K) From: 136032K(136192K)->142688K(239104K)
[35.982s][info][gc,heap        ] GC(270) ParOldGen: 5299739K(5868032K)->5364835K(5868032K)
[35.982s][info][gc,metaspace   ] GC(270) Metaspace: 6298K(6464K)->6298K(6464K) NonClass: 5765K(5824K)->5765K(5824K) Class: 533K(640K)->533K(640K)
[35.982s][info][gc             ] GC(270) Pause Young (Allocation Failure) 5377M->5378M(6041M) 118.617ms
[35.982s][info][gc,cpu         ] GC(270) User=0.77s Sys=0.02s Real=0.12s
[36.068s][info][gc,start       ] GC(271) Pause Young (Allocation Failure)
[36.204s][info][gc,heap        ] GC(271) PSYoungGen: 221536K(317952K)->150400K(322048K) Eden: 78848K(78848K)->0K(78848K) From: 142688K(239104K)->150400K(243200K)
[36.204s][info][gc,heap        ] GC(271) ParOldGen: 5364835K(5868032K)->5436643K(5868032K)
[36.204s][info][gc,metaspace   ] GC(271) Metaspace: 6298K(6464K)->6298K(6464K) NonClass: 5765K(5824K)->5765K(5824K) Class: 533K(640K)->533K(640K)
[36.204s][info][gc             ] GC(271) Pause Young (Allocation Failure) 5455M->5456M(6045M) 135.501ms
[36.204s][info][gc,cpu         ] GC(271) User=0.86s Sys=0.03s Real=0.14s
[36.295s][info][gc,start       ] GC(272) Pause Young (Allocation Failure)
[36.429s][info][gc,heap        ] GC(272) PSYoungGen: 229248K(322048K)->158144K(328704K) Eden: 78848K(78848K)->0K(87552K) From: 150400K(243200K)->158144K(241152K)
[36.429s][info][gc,heap        ] GC(272) ParOldGen: 5436643K(5868032K)->5508443K(5868032K)
[36.429s][info][gc,metaspace   ] GC(272) Metaspace: 6298K(6464K)->6298K(6464K) NonClass: 5765K(5824K)->5765K(5824K) Class: 533K(640K)->533K(640K)
[36.429s][info][gc             ] GC(272) Pause Young (Allocation Failure) 5533M->5533M(6051M) 134.800ms
[36.430s][info][gc,cpu         ] GC(272) User=0.98s Sys=0.02s Real=0.14s
[36.536s][info][gc,start       ] GC(273) Pause Young (Allocation Failure)
[36.681s][info][gc,heap        ] GC(273) PSYoungGen: 245696K(328704K)->166752K(328704K) Eden: 87552K(87552K)->0K(87552K) From: 158144K(241152K)->166752K(241152K)
[36.681s][info][gc,heap        ] GC(273) ParOldGen: 5508443K(5868032K)->5588003K(5868032K)
[36.681s][info][gc,metaspace   ] GC(273) Metaspace: 6298K(6464K)->6298K(6464K) NonClass: 5765K(5824K)->5765K(5824K) Class: 533K(640K)->533K(640K)
[36.681s][info][gc             ] GC(273) Pause Young (Allocation Failure) 5619M->5619M(6051M) 145.758ms
[36.681s][info][gc,cpu         ] GC(273) User=0.98s Sys=0.03s Real=0.14s
[37.925s][info][gc,start       ] GC(274) Pause Full (Ergonomics)
[37.925s][info][gc,phases,start] GC(274) Marking Phase
[39.251s][info][gc,phases      ] GC(274) Marking Phase 1325.223ms
[39.251s][info][gc,phases,start] GC(274) Summary Phase
[39.251s][info][gc,phases      ] GC(274) Summary Phase 0.070ms
[39.251s][info][gc,phases,start] GC(274) Adjust Roots
[39.251s][info][gc,phases      ] GC(274) Adjust Roots 0.162ms
[39.251s][info][gc,phases,start] GC(274) Compaction Phase
[40.179s][info][gc,phases      ] GC(274) Compaction Phase 928.352ms
[40.179s][info][gc,phases,start] GC(274) Post Compact
[40.190s][info][gc,phases      ] GC(274) Post Compact 10.236ms
[40.192s][info][gc,heap        ] GC(274) PSYoungGen: 254304K(328704K)->102440K(328704K) Eden: 87552K(87552K)->0K(87552K) From: 166752K(241152K)->102440K(241152K)
[40.192s][info][gc,heap        ] GC(274) ParOldGen: 5850147K(5868032K)->5867550K(6491136K)
[40.192s][info][gc,metaspace   ] GC(274) Metaspace: 6298K(6464K)->6298K(6464K) NonClass: 5765K(5824K)->5765K(5824K) Class: 533K(640K)->533K(640K)
[40.192s][info][gc             ] GC(274) Pause Full (Ergonomics) 5961M->5830M(6660M) 2266.348ms
[40.192s][info][gc,cpu         ] GC(274) User=15.86s Sys=0.02s Real=2.27s
[40.292s][info][gc,start       ] GC(275) Pause Young (Allocation Failure)
[40.616s][info][gc,heap        ] GC(275) PSYoungGen: 189992K(328704K)->141920K(323072K) Eden: 87552K(87552K)->0K(96256K) From: 102440K(241152K)->141920K(226816K)
[40.616s][info][gc,heap        ] GC(275) ParOldGen: 5867550K(6491136K)->5916494K(6491136K)
[40.616s][info][gc,metaspace   ] GC(275) Metaspace: 6298K(6464K)->6298K(6464K) NonClass: 5765K(5824K)->5765K(5824K) Class: 533K(640K)->533K(640K)
[40.616s][info][gc             ] GC(275) Pause Young (Allocation Failure) 5915M->5916M(6654M) 323.623ms
[40.616s][info][gc,cpu         ] GC(275) User=2.14s Sys=0.05s Real=0.32s
[40.710s][info][gc,start       ] GC(276) Pause Young (Allocation Failure)
[40.850s][info][gc,heap        ] GC(276) PSYoungGen: 238176K(323072K)->236032K(332288K) Eden: 96256K(96256K)->0K(96256K) From: 141920K(226816K)->236032K(236032K)
[40.850s][info][gc,heap        ] GC(276) ParOldGen: 5916494K(6491136K)->5918766K(6491136K)
[40.850s][info][gc,metaspace   ] GC(276) Metaspace: 6298K(6464K)->6298K(6464K) NonClass: 5765K(5824K)->5765K(5824K) Class: 533K(640K)->533K(640K)
[40.850s][info][gc             ] GC(276) Pause Young (Allocation Failure) 6010M->6010M(6663M) 140.376ms
[40.850s][info][gc,cpu         ] GC(276) User=0.55s Sys=0.00s Real=0.14s
[40.955s][info][gc,start       ] GC(277) Pause Young (Allocation Failure)
[41.120s][info][gc,heap        ] GC(277) PSYoungGen: 332288K(332288K)->191456K(364544K) Eden: 96256K(96256K)->0K(100352K) From: 236032K(236032K)->191456K(264192K)
[41.120s][info][gc,heap        ] GC(277) ParOldGen: 5918766K(6491136K)->6060886K(6491136K)
[41.120s][info][gc,metaspace   ] GC(277) Metaspace: 6298K(6464K)->6298K(6464K) NonClass: 5765K(5824K)->5765K(5824K) Class: 533K(640K)->533K(640K)
[41.120s][info][gc             ] GC(277) Pause Young (Allocation Failure) 6104M->6105M(6695M) 164.654ms
[41.120s][info][gc,cpu         ] GC(277) User=1.09s Sys=0.06s Real=0.16s
[41.227s][info][gc,start       ] GC(278) Pause Young (Allocation Failure)
[41.375s][info][gc,heap        ] GC(278) PSYoungGen: 291808K(364544K)->197120K(370176K) Eden: 100352K(100352K)->0K(100352K) From: 191456K(264192K)->197120K(269824K)
[41.375s][info][gc,heap        ] GC(278) ParOldGen: 6060886K(6491136K)->6156478K(6491136K)
[41.375s][info][gc,metaspace   ] GC(278) Metaspace: 6298K(6464K)->6298K(6464K) NonClass: 5765K(5824K)->5765K(5824K) Class: 533K(640K)->533K(640K)
[41.375s][info][gc             ] GC(278) Pause Young (Allocation Failure) 6203M->6204M(6700M) 148.541ms
[41.375s][info][gc,cpu         ] GC(278) User=0.81s Sys=0.02s Real=0.15s
[41.483s][info][gc,start       ] GC(279) Pause Young (Allocation Failure)
[41.640s][info][gc,heap        ] GC(279) PSYoungGen: 297472K(370176K)->201216K(381952K) Eden: 100352K(100352K)->0K(106496K) From: 197120K(269824K)->201216K(275456K)
[41.640s][info][gc,heap        ] GC(279) ParOldGen: 6156478K(6491136K)->6253614K(6491136K)
[41.640s][info][gc,metaspace   ] GC(279) Metaspace: 6298K(6464K)->6298K(6464K) NonClass: 5765K(5824K)->5765K(5824K) Class: 533K(640K)->533K(640K)
[41.640s][info][gc             ] GC(279) Pause Young (Allocation Failure) 6302M->6303M(6712M) 157.117ms
[41.640s][info][gc,cpu         ] GC(279) User=0.86s Sys=0.08s Real=0.16s
[41.762s][info][gc,start       ] GC(280) Pause Young (Allocation Failure)
[41.923s][info][gc,heap        ] GC(280) PSYoungGen: 307712K(381952K)->207328K(387072K) Eden: 106496K(106496K)->0K(106496K) From: 201216K(275456K)->207328K(280576K)
[41.924s][info][gc,heap        ] GC(280) ParOldGen: 6253614K(6491136K)->6354886K(6491136K)
[41.924s][info][gc,metaspace   ] GC(280) Metaspace: 6298K(6464K)->6298K(6464K) NonClass: 5765K(5824K)->5765K(5824K) Class: 533K(640K)->533K(640K)
[41.924s][info][gc             ] GC(280) Pause Young (Allocation Failure) 6407M->6408M(6717M) 162.014ms
[41.924s][info][gc,cpu         ] GC(280) User=0.91s Sys=0.06s Real=0.16s
[41.924s][info][gc,start       ] GC(281) Pause Full (Ergonomics)
[41.924s][info][gc,phases,start] GC(281) Marking Phase
[43.383s][info][gc,phases      ] GC(281) Marking Phase 1458.870ms
[43.383s][info][gc,phases,start] GC(281) Summary Phase
[43.383s][info][gc,phases      ] GC(281) Summary Phase 0.070ms
[43.383s][info][gc,phases,start] GC(281) Adjust Roots
[43.383s][info][gc,phases      ] GC(281) Adjust Roots 0.161ms
[43.383s][info][gc,phases,start] GC(281) Compaction Phase
[44.073s][info][gc,phases      ] GC(281) Compaction Phase 689.974ms
[44.073s][info][gc,phases,start] GC(281) Post Compact
[44.083s][info][gc,phases      ] GC(281) Post Compact 9.813ms
[44.085s][info][gc,heap        ] GC(281) PSYoungGen: 207328K(387072K)->66253K(387072K) Eden: 0K(106496K)->0K(106496K) From: 207328K(280576K)->66253K(280576K)
[44.085s][info][gc,heap        ] GC(281) ParOldGen: 6354886K(6491136K)->6490817K(7196672K)
[44.085s][info][gc,metaspace   ] GC(281) Metaspace: 6298K(6464K)->6298K(6464K) NonClass: 5765K(5824K)->5765K(5824K) Class: 533K(640K)->533K(640K)
[44.085s][info][gc             ] GC(281) Pause Full (Ergonomics) 6408M->6403M(7406M) 2161.614ms
[44.085s][info][gc,cpu         ] GC(281) User=15.12s Sys=0.08s Real=2.16s
[44.198s][info][gc,start       ] GC(282) Pause Young (Allocation Failure)
[44.541s][info][gc,heap        ] GC(282) PSYoungGen: 172749K(387072K)->144288K(382976K) Eden: 106496K(106496K)->0K(116736K) From: 66253K(280576K)->144288K(266240K)
[44.541s][info][gc,heap        ] GC(282) ParOldGen: 6490817K(7196672K)->6519945K(7196672K)
[44.541s][info][gc,metaspace   ] GC(282) Metaspace: 6298K(6464K)->6298K(6464K) NonClass: 5765K(5824K)->5765K(5824K) Class: 533K(640K)->533K(640K)
[44.541s][info][gc             ] GC(282) Pause Young (Allocation Failure) 6507M->6508M(7402M) 342.724ms
[44.541s][info][gc,cpu         ] GC(282) User=2.31s Sys=0.00s Real=0.34s
[44.675s][info][gc,start       ] GC(283) Pause Young (Allocation Failure)
[44.822s][info][gc,heap        ] GC(283) PSYoungGen: 261024K(382976K)->261280K(394240K) Eden: 116736K(116736K)->0K(116736K) From: 144288K(266240K)->261280K(277504K)
[44.822s][info][gc,heap        ] GC(283) ParOldGen: 6519945K(7196672K)->6519945K(7196672K)
[44.822s][info][gc,metaspace   ] GC(283) Metaspace: 6298K(6464K)->6298K(6464K) NonClass: 5765K(5824K)->5765K(5824K) Class: 533K(640K)->533K(640K)
[44.822s][info][gc             ] GC(283) Pause Young (Allocation Failure) 6622M->6622M(7413M) 147.563ms
[44.822s][info][gc,cpu         ] GC(283) User=0.69s Sys=0.00s Real=0.15s
[44.945s][info][gc,start       ] GC(284) Pause Young (Allocation Failure)
[45.133s][info][gc,heap        ] GC(284) PSYoungGen: 378016K(394240K)->302592K(367104K) Eden: 116736K(116736K)->0K(64512K) From: 261280K(277504K)->302592K(302592K)
[45.133s][info][gc,heap        ] GC(284) ParOldGen: 6519945K(7196672K)->6595977K(7196672K)
[45.133s][info][gc,metaspace   ] GC(284) Metaspace: 6298K(6464K)->6298K(6464K) NonClass: 5765K(5824K)->5765K(5824K) Class: 533K(640K)->533K(640K)
[45.133s][info][gc             ] GC(284) Pause Young (Allocation Failure) 6736M->6736M(7386M) 187.827ms
[45.133s][info][gc,cpu         ] GC(284) User=1.11s Sys=0.11s Real=0.19s
[45.210s][info][gc,start       ] GC(285) Pause Young (Allocation Failure)
[45.389s][info][gc,heap        ] GC(285) PSYoungGen: 367104K(367104K)->264512K(430592K) Eden: 64512K(64512K)->0K(64512K) From: 302592K(302592K)->264512K(366080K)
[45.389s][info][gc,heap        ] GC(285) ParOldGen: 6595977K(7196672K)->6699513K(7196672K)
[45.389s][info][gc,metaspace   ] GC(285) Metaspace: 6298K(6464K)->6298K(6464K) NonClass: 5765K(5824K)->5765K(5824K) Class: 533K(640K)->533K(640K)
[45.389s][info][gc             ] GC(285) Pause Young (Allocation Failure) 6799M->6800M(7448M) 179.062ms
[45.389s][info][gc,cpu         ] GC(285) User=1.17s Sys=0.06s Real=0.18s
[45.454s][info][gc,start       ] GC(286) Pause Young (Allocation Failure)
[45.620s][info][gc,heap        ] GC(286) PSYoungGen: 329024K(430592K)->235296K(439808K) Eden: 64512K(64512K)->0K(72704K) From: 264512K(366080K)->235296K(367104K)
[45.620s][info][gc,heap        ] GC(286) ParOldGen: 6699513K(7196672K)->6794049K(7196672K)
[45.620s][info][gc,metaspace   ] GC(286) Metaspace: 6298K(6464K)->6298K(6464K) NonClass: 5765K(5824K)->5765K(5824K) Class: 533K(640K)->533K(640K)
[45.620s][info][gc             ] GC(286) Pause Young (Allocation Failure) 6863M->6864M(7457M) 165.380ms
[45.620s][info][gc,cpu         ] GC(286) User=1.03s Sys=0.03s Real=0.17s
[45.693s][info][gc,start       ] GC(287) Pause Young (Allocation Failure)
[45.865s][info][gc,heap        ] GC(287) PSYoungGen: 308000K(439808K)->137600K(443904K) Eden: 72704K(72704K)->0K(72704K) From: 235296K(367104K)->137600K(371200K)
[45.865s][info][gc,heap        ] GC(287) ParOldGen: 6794049K(7196672K)->6965785K(7196672K)
[45.865s][info][gc,metaspace   ] GC(287) Metaspace: 6298K(6464K)->6298K(6464K) NonClass: 5765K(5824K)->5765K(5824K) Class: 533K(640K)->533K(640K)
[45.865s][info][gc             ] GC(287) Pause Young (Allocation Failure) 6935M->6936M(7461M) 172.362ms
[45.865s][info][gc,cpu         ] GC(287) User=0.97s Sys=0.05s Real=0.17s
[45.943s][info][gc,start       ] GC(288) Pause Young (Allocation Failure)
[46.070s][info][gc,heap        ] GC(288) PSYoungGen: 210304K(443904K)->72992K(443392K) Eden: 72704K(72704K)->0K(77824K) From: 137600K(371200K)->72992K(365568K)
[46.070s][info][gc,heap        ] GC(288) ParOldGen: 6965785K(7196672K)->7104193K(7196672K)
[46.070s][info][gc,metaspace   ] GC(288) Metaspace: 6298K(6464K)->6298K(6464K) NonClass: 5765K(5824K)->5765K(5824K) Class: 533K(640K)->533K(640K)
[46.070s][info][gc             ] GC(288) Pause Young (Allocation Failure) 7007M->7008M(7461M) 126.522ms
[46.070s][info][gc,cpu         ] GC(288) User=0.66s Sys=0.03s Real=0.13s
[46.070s][info][gc,start       ] GC(289) Pause Full (Ergonomics)
[46.070s][info][gc,phases,start] GC(289) Marking Phase
[47.668s][info][gc,phases      ] GC(289) Marking Phase 1598.546ms
[47.668s][info][gc,phases,start] GC(289) Summary Phase
[47.669s][info][gc,phases      ] GC(289) Summary Phase 0.112ms
[47.669s][info][gc,phases,start] GC(289) Adjust Roots
[47.669s][info][gc,phases      ] GC(289) Adjust Roots 0.180ms
[47.669s][info][gc,phases,start] GC(289) Compaction Phase
[48.373s][info][gc,phases      ] GC(289) Compaction Phase 704.647ms
[48.374s][info][gc,phases,start] GC(289) Post Compact
[48.386s][info][gc,phases      ] GC(289) Post Compact 12.706ms
[48.389s][info][gc,heap        ] GC(289) PSYoungGen: 72992K(443392K)->0K(447488K) Eden: 0K(77824K)->0K(77824K) From: 72992K(365568K)->0K(369664K)
[48.389s][info][gc,heap        ] GC(289) ParOldGen: 7104193K(7196672K)->7171242K(7969280K)
[48.389s][info][gc,metaspace   ] GC(289) Metaspace: 6298K(6464K)->6298K(6464K) NonClass: 5765K(5824K)->5765K(5824K) Class: 533K(640K)->533K(640K)
[48.389s][info][gc             ] GC(289) Pause Full (Ergonomics) 7008M->7003M(8219M) 2318.864ms
[48.389s][info][gc,cpu         ] GC(289) User=16.53s Sys=0.08s Real=2.32s
[48.467s][info][gc,start       ] GC(290) Pause Young (Allocation Failure)
[48.553s][info][gc,heap        ] GC(290) PSYoungGen: 77824K(447488K)->78112K(451584K) Eden: 77824K(77824K)->0K(85504K) From: 0K(369664K)->78112K(366080K)
[48.553s][info][gc,heap        ] GC(290) ParOldGen: 7171242K(7969280K)->7171242K(7969280K)
[48.553s][info][gc,metaspace   ] GC(290) Metaspace: 6298K(6464K)->6298K(6464K) NonClass: 5765K(5824K)->5765K(5824K) Class: 533K(640K)->533K(640K)
[48.553s][info][gc             ] GC(290) Pause Young (Allocation Failure) 7079M->7079M(8223M) 86.618ms
[48.553s][info][gc,cpu         ] GC(290) User=0.23s Sys=0.00s Real=0.09s
[48.646s][info][gc,start       ] GC(291) Pause Young (Allocation Failure)
[48.762s][info][gc,heap        ] GC(291) PSYoungGen: 163616K(451584K)->163776K(249344K) Eden: 85504K(85504K)->0K(85504K) From: 78112K(366080K)->163776K(163840K)
[48.762s][info][gc,heap        ] GC(291) ParOldGen: 7171242K(7969280K)->7171242K(7969280K)
[48.762s][info][gc,metaspace   ] GC(291) Metaspace: 6298K(6464K)->6298K(6464K) NonClass: 5765K(5824K)->5765K(5824K) Class: 533K(640K)->533K(640K)
[48.762s][info][gc             ] GC(291) Pause Young (Allocation Failure) 7162M->7163M(8026M) 115.822ms
[48.762s][info][gc,cpu         ] GC(291) User=0.30s Sys=0.00s Real=0.12s
[48.855s][info][gc,start       ] GC(292) Pause Young (Allocation Failure)
[48.990s][info][gc,heap        ] GC(292) PSYoungGen: 249280K(249344K)->171456K(411648K) Eden: 85504K(85504K)->0K(94720K) From: 163776K(163840K)->171456K(316928K)
[48.990s][info][gc,heap        ] GC(292) ParOldGen: 7171242K(7969280K)->7249778K(7969280K)
[48.990s][info][gc,metaspace   ] GC(292) Metaspace: 6298K(6464K)->6298K(6464K) NonClass: 5765K(5824K)->5765K(5824K) Class: 533K(640K)->533K(640K)
[48.990s][info][gc             ] GC(292) Pause Young (Allocation Failure) 7246M->7247M(8184M) 134.145ms
[48.990s][info][gc,cpu         ] GC(292) User=0.58s Sys=0.02s Real=0.13s
[49.087s][info][gc,start       ] GC(293) Pause Young (Allocation Failure)
[49.227s][info][gc,heap        ] GC(293) PSYoungGen: 266176K(411648K)->180704K(275456K) Eden: 94720K(94720K)->0K(94720K) From: 171456K(316928K)->180704K(180736K)
[49.227s][info][gc,heap        ] GC(293) ParOldGen: 7249778K(7969280K)->7336082K(7969280K)
[49.227s][info][gc,metaspace   ] GC(293) Metaspace: 6298K(6464K)->6298K(6464K) NonClass: 5765K(5824K)->5765K(5824K) Class: 533K(640K)->533K(640K)
[49.227s][info][gc             ] GC(293) Pause Young (Allocation Failure) 7339M->7340M(8051M) 140.038ms
[49.227s][info][gc,cpu         ] GC(293) User=0.67s Sys=0.05s Real=0.14s
[49.327s][info][gc,start       ] GC(294) Pause Young (Allocation Failure)
[49.472s][info][gc,heap        ] GC(294) PSYoungGen: 275424K(275456K)->189888K(410112K) Eden: 94720K(94720K)->0K(105472K) From: 180704K(180736K)->189888K(304640K)
[49.472s][info][gc,heap        ] GC(294) ParOldGen: 7336082K(7969280K)->7422370K(7969280K)
[49.472s][info][gc,metaspace   ] GC(294) Metaspace: 6298K(6464K)->6298K(6464K) NonClass: 5765K(5824K)->5765K(5824K) Class: 533K(640K)->533K(640K)
[49.472s][info][gc             ] GC(294) Pause Young (Allocation Failure) 7433M->7433M(8183M) 145.583ms
[49.472s][info][gc,cpu         ] GC(294) User=0.83s Sys=0.11s Real=0.14s
[49.584s][info][gc,start       ] GC(295) Pause Young (Allocation Failure)
[49.732s][info][gc,heap        ] GC(295) PSYoungGen: 295360K(410112K)->200704K(417792K) Eden: 105472K(105472K)->0K(105472K) From: 189888K(304640K)->200704K(312320K)
[49.732s][info][gc,heap        ] GC(295) ParOldGen: 7422370K(7969280K)->7517946K(7969280K)
[49.732s][info][gc,metaspace   ] GC(295) Metaspace: 6298K(6464K)->6298K(6464K) NonClass: 5765K(5824K)->5765K(5824K) Class: 533K(640K)->533K(640K)
[49.732s][info][gc             ] GC(295) Pause Young (Allocation Failure) 7536M->7537M(8190M) 148.226ms
[49.732s][info][gc,cpu         ] GC(295) User=0.88s Sys=0.03s Real=0.15s
[49.845s][info][gc,start       ] GC(296) Pause Young (Allocation Failure)
[50.000s][info][gc,heap        ] GC(296) PSYoungGen: 306176K(417792K)->211456K(424448K) Eden: 105472K(105472K)->0K(117760K) From: 200704K(312320K)->211456K(306688K)
[50.000s][info][gc,heap        ] GC(296) ParOldGen: 7517946K(7969280K)->7613538K(7969280K)
[50.000s][info][gc,metaspace   ] GC(296) Metaspace: 6298K(6464K)->6298K(6464K) NonClass: 5765K(5824K)->5765K(5824K) Class: 533K(640K)->533K(640K)
[50.000s][info][gc             ] GC(296) Pause Young (Allocation Failure) 7640M->7641M(8197M) 154.916ms
[50.000s][info][gc,cpu         ] GC(296) User=1.05s Sys=0.06s Real=0.15s
[50.135s][info][gc,start       ] GC(297) Pause Young (Allocation Failure)
[50.301s][info][gc,heap        ] GC(297) PSYoungGen: 329216K(424448K)->223808K(424960K) Eden: 117760K(117760K)->0K(117760K) From: 211456K(306688K)->223808K(307200K)
[50.301s][info][gc,heap        ] GC(297) ParOldGen: 7613538K(7969280K)->7719962K(7969280K)
[50.302s][info][gc,metaspace   ] GC(297) Metaspace: 6298K(6464K)->6298K(6464K) NonClass: 5765K(5824K)->5765K(5824K) Class: 533K(640K)->533K(640K)
[50.302s][info][gc             ] GC(297) Pause Young (Allocation Failure) 7756M->7757M(8197M) 167.005ms
[50.302s][info][gc,cpu         ] GC(297) User=1.05s Sys=0.11s Real=0.17s
[50.428s][info][gc,start       ] GC(298) Pause Young (Allocation Failure)
[50.600s][info][gc,heap        ] GC(298) PSYoungGen: 341568K(424960K)->236128K(435712K) Eden: 117760K(117760K)->0K(124928K) From: 223808K(307200K)->236128K(310784K)
[50.601s][info][gc,heap        ] GC(298) ParOldGen: 7719962K(7969280K)->7826410K(7969280K)
[50.601s][info][gc,metaspace   ] GC(298) Metaspace: 6298K(6464K)->6298K(6464K) NonClass: 5765K(5824K)->5765K(5824K) Class: 533K(640K)->533K(640K)
[50.601s][info][gc             ] GC(298) Pause Young (Allocation Failure) 7872M->7873M(8208M) 172.684ms
[50.601s][info][gc,cpu         ] GC(298) User=1.19s Sys=0.05s Real=0.17s
[50.601s][info][gc,start       ] GC(299) Pause Full (Ergonomics)
[50.601s][info][gc,phases,start] GC(299) Marking Phase
[52.452s][info][gc,phases      ] GC(299) Marking Phase 1851.004ms
[52.452s][info][gc,phases,start] GC(299) Summary Phase
[52.452s][info][gc,phases      ] GC(299) Summary Phase 0.084ms
[52.452s][info][gc,phases,start] GC(299) Adjust Roots
[52.452s][info][gc,phases      ] GC(299) Adjust Roots 0.181ms
[52.452s][info][gc,phases,start] GC(299) Compaction Phase
[53.241s][info][gc,phases      ] GC(299) Compaction Phase 788.577ms
[53.241s][info][gc,phases,start] GC(299) Post Compact
[53.253s][info][gc,phases      ] GC(299) Post Compact 12.200ms
[53.255s][info][gc,heap        ] GC(299) PSYoungGen: 236128K(435712K)->86754K(435712K) Eden: 0K(124928K)->0K(124928K) From: 236128K(310784K)->86754K(310784K)
[53.256s][info][gc,heap        ] GC(299) ParOldGen: 7826410K(7969280K)->7968931K(8798720K)
[53.256s][info][gc,metaspace   ] GC(299) Metaspace: 6298K(6464K)->6298K(6464K) NonClass: 5765K(5824K)->5765K(5824K) Class: 533K(640K)->533K(640K)
[53.256s][info][gc             ] GC(299) Pause Full (Ergonomics) 7873M->7866M(9018M) 2654.934ms
[53.256s][info][gc,cpu         ] GC(299) User=19.16s Sys=0.06s Real=2.65s
[53.392s][info][gc,start       ] GC(300) Pause Young (Allocation Failure)
[53.854s][info][gc,heap        ] GC(300) PSYoungGen: 211682K(435712K)->174720K(441856K) Eden: 124928K(124928K)->0K(124928K) From: 86754K(310784K)->174720K(316928K)
[53.854s][info][gc,heap        ] GC(300) ParOldGen: 7968931K(8798720K)->8006779K(8798720K)
[53.854s][info][gc,metaspace   ] GC(300) Metaspace: 6298K(6464K)->6298K(6464K) NonClass: 5765K(5824K)->5765K(5824K) Class: 533K(640K)->533K(640K)
[53.854s][info][gc             ] GC(300) Pause Young (Allocation Failure) 7988M->7989M(9024M) 462.541ms
[53.854s][info][gc,cpu         ] GC(300) User=3.09s Sys=0.03s Real=0.46s
[53.989s][info][gc,start       ] GC(301) Pause Young (Allocation Failure)
[54.150s][info][gc,heap        ] GC(301) PSYoungGen: 299648K(441856K)->299840K(414720K) Eden: 124928K(124928K)->0K(107520K) From: 174720K(316928K)->299840K(307200K)
[54.150s][info][gc,heap        ] GC(301) ParOldGen: 8006779K(8798720K)->8006779K(8798720K)
[54.150s][info][gc,metaspace   ] GC(301) Metaspace: 6298K(6464K)->6298K(6464K) NonClass: 5765K(5824K)->5765K(5824K) Class: 533K(640K)->533K(640K)
[54.150s][info][gc             ] GC(301) Pause Young (Allocation Failure) 8111M->8111M(8997M) 161.398ms
[54.150s][info][gc,cpu         ] GC(301) User=1.09s Sys=0.02s Real=0.16s
[54.264s][info][gc,start       ] GC(302) Pause Young (Allocation Failure)
[54.471s][info][gc,heap        ] GC(302) PSYoungGen: 407360K(414720K)->336384K(443904K) Eden: 107520K(107520K)->0K(107520K) From: 299840K(307200K)->336384K(336384K)
[54.471s][info][gc,heap        ] GC(302) ParOldGen: 8006779K(8798720K)->8078379K(8798720K)
[54.471s][info][gc,metaspace   ] GC(302) Metaspace: 6298K(6464K)->6298K(6464K) NonClass: 5765K(5824K)->5765K(5824K) Class: 533K(640K)->533K(640K)
[54.471s][info][gc             ] GC(302) Pause Young (Allocation Failure) 8216M->8217M(9026M) 207.591ms
[54.471s][info][gc,cpu         ] GC(302) User=1.59s Sys=0.03s Real=0.21s
[54.584s][info][gc,start       ] GC(303) Pause Young (Allocation Failure)
[54.836s][info][gc,heap        ] GC(303) PSYoungGen: 443904K(443904K)->300064K(507392K) Eden: 107520K(107520K)->0K(107520K) From: 336384K(336384K)->300064K(399872K)
[54.836s][info][gc,heap        ] GC(303) ParOldGen: 8078379K(8798720K)->8223587K(8798720K)
[54.836s][info][gc,metaspace   ] GC(303) Metaspace: 6298K(6464K)->6298K(6464K) NonClass: 5765K(5824K)->5765K(5824K) Class: 533K(640K)->533K(640K)
[54.836s][info][gc             ] GC(303) Pause Young (Allocation Failure) 8322M->8323M(9088M) 251.395ms
[54.836s][info][gc,cpu         ] GC(303) User=1.62s Sys=0.11s Real=0.25s
[54.945s][info][gc,start       ] GC(304) Pause Young (Allocation Failure)
[55.166s][info][gc,heap        ] GC(304) PSYoungGen: 407584K(507392K)->301856K(518656K) Eden: 107520K(107520K)->0K(107520K) From: 300064K(399872K)->301856K(411136K)
[55.166s][info][gc,heap        ] GC(304) ParOldGen: 8223587K(8798720K)->8330227K(8798720K)
[55.166s][info][gc,metaspace   ] GC(304) Metaspace: 6298K(6464K)->6298K(6464K) NonClass: 5765K(5824K)->5765K(5824K) Class: 533K(640K)->533K(640K)
[55.166s][info][gc             ] GC(304) Pause Young (Allocation Failure) 8428M->8429M(9099M) 220.893ms
[55.166s][info][gc,cpu         ] GC(304) User=1.53s Sys=0.09s Real=0.22s
[55.279s][info][gc,start       ] GC(305) Pause Young (Allocation Failure)
[55.502s][info][gc,heap        ] GC(305) PSYoungGen: 409376K(518656K)->323296K(525824K) Eden: 107520K(107520K)->0K(105984K) From: 301856K(411136K)->323296K(419840K)
[55.503s][info][gc,heap        ] GC(305) ParOldGen: 8330227K(8798720K)->8417139K(8798720K)
[55.503s][info][gc,metaspace   ] GC(305) Metaspace: 6298K(6464K)->6298K(6464K) NonClass: 5765K(5824K)->5765K(5824K) Class: 533K(640K)->533K(640K)
[55.503s][info][gc             ] GC(305) Pause Young (Allocation Failure) 8534M->8535M(9106M) 223.161ms
[55.503s][info][gc,cpu         ] GC(305) User=1.64s Sys=0.11s Real=0.22s
[55.619s][info][gc,start       ] GC(306) Pause Young (Allocation Failure)
[55.871s][info][gc,heap        ] GC(306) PSYoungGen: 429280K(525824K)->214016K(540160K) Eden: 105984K(105984K)->0K(105984K) From: 323296K(419840K)->214016K(434176K)
[55.871s][info][gc,heap        ] GC(306) ParOldGen: 8417139K(8798720K)->8634083K(8798720K)
[55.871s][info][gc,metaspace   ] GC(306) Metaspace: 6298K(6464K)->6298K(6464K) NonClass: 5765K(5824K)->5765K(5824K) Class: 533K(640K)->533K(640K)
[55.871s][info][gc             ] GC(306) Pause Young (Allocation Failure) 8639M->8640M(9120M) 252.248ms
[55.871s][info][gc,cpu         ] GC(306) User=1.58s Sys=0.19s Real=0.25s
[55.871s][info][gc,start       ] GC(307) Pause Full (Ergonomics)
[55.871s][info][gc,phases,start] GC(307) Marking Phase
[57.896s][info][gc,phases      ] GC(307) Marking Phase 2024.505ms
[57.896s][info][gc,phases,start] GC(307) Summary Phase
[57.896s][info][gc,phases      ] GC(307) Summary Phase 0.100ms
[57.896s][info][gc,phases,start] GC(307) Adjust Roots
[57.896s][info][gc,phases      ] GC(307) Adjust Roots 0.210ms
[57.896s][info][gc,phases,start] GC(307) Compaction Phase
[58.745s][info][gc,phases      ] GC(307) Compaction Phase 848.872ms
[58.745s][info][gc,phases,start] GC(307) Post Compact
[58.762s][info][gc,phases      ] GC(307) Post Compact 16.340ms
[58.765s][info][gc,heap        ] GC(307) PSYoungGen: 214016K(540160K)->42788K(540160K) Eden: 0K(105984K)->0K(105984K) From: 214016K(434176K)->42788K(434176K)
[58.765s][info][gc,heap        ] GC(307) ParOldGen: 8634083K(8798720K)->8798602K(9738240K)
[58.765s][info][gc,metaspace   ] GC(307) Metaspace: 6298K(6464K)->6298K(6464K) NonClass: 5765K(5824K)->5765K(5824K) Class: 533K(640K)->533K(640K)
[58.765s][info][gc             ] GC(307) Pause Full (Ergonomics) 8640M->8634M(10037M) 2893.271ms
[58.765s][info][gc,cpu         ] GC(307) User=20.80s Sys=0.14s Real=2.89s
[58.880s][info][gc,start       ] GC(308) Pause Young (Allocation Failure)
[59.355s][info][gc,heap        ] GC(308) PSYoungGen: 148772K(540160K)->106304K(535040K) Eden: 105984K(105984K)->0K(114688K) From: 42788K(434176K)->106304K(420352K)
[59.355s][info][gc,heap        ] GC(308) ParOldGen: 8798602K(9738240K)->8841834K(9738240K)
[59.355s][info][gc,metaspace   ] GC(308) Metaspace: 6298K(6464K)->6298K(6464K) NonClass: 5765K(5824K)->5765K(5824K) Class: 533K(640K)->533K(640K)
[59.355s][info][gc             ] GC(308) Pause Young (Allocation Failure) 8737M->8738M(10032M) 474.905ms
[59.355s][info][gc,cpu         ] GC(308) User=3.11s Sys=0.06s Real=0.48s
[59.483s][info][gc,start       ] GC(309) Pause Young (Allocation Failure)
[59.626s][info][gc,heap        ] GC(309) PSYoungGen: 220992K(535040K)->115040K(540160K) Eden: 114688K(114688K)->0K(114688K) From: 106304K(420352K)->115040K(425472K)
[59.626s][info][gc,heap        ] GC(309) ParOldGen: 8841834K(9738240K)->8948786K(9738240K)
[59.626s][info][gc,metaspace   ] GC(309) Metaspace: 6298K(6464K)->6298K(6464K) NonClass: 5765K(5824K)->5765K(5824K) Class: 533K(640K)->533K(640K)
[59.626s][info][gc             ] GC(309) Pause Young (Allocation Failure) 8850M->8851M(10037M) 143.190ms
[59.626s][info][gc,cpu         ] GC(309) User=0.83s Sys=0.08s Real=0.14s
[59.753s][info][gc,start       ] GC(310) Pause Young (Allocation Failure)
[59.909s][info][gc,heap        ] GC(310) PSYoungGen: 229728K(540160K)->115008K(545280K) Eden: 114688K(114688K)->0K(126976K) From: 115040K(425472K)->115008K(418304K)
[59.910s][info][gc,heap        ] GC(310) ParOldGen: 8948786K(9738240K)->9064514K(9738240K)
[59.910s][info][gc,metaspace   ] GC(310) Metaspace: 6298K(6464K)->6298K(6464K) NonClass: 5765K(5824K)->5765K(5824K) Class: 533K(640K)->533K(640K)
[59.910s][info][gc             ] GC(310) Pause Young (Allocation Failure) 8963M->8964M(10042M) 156.160ms
[59.910s][info][gc,cpu         ] GC(310) User=0.75s Sys=0.05s Real=0.16s
[60.065s][info][gc,start       ] GC(311) Pause Young (Allocation Failure)
[60.217s][info][gc,heap        ] GC(311) PSYoungGen: 241984K(545280K)->127360K(548352K) Eden: 126976K(126976K)->0K(126976K) From: 115008K(418304K)->127360K(421376K)
[60.218s][info][gc,heap        ] GC(311) ParOldGen: 9064514K(9738240K)->9180234K(9738240K)
[60.218s][info][gc,metaspace   ] GC(311) Metaspace: 6298K(6464K)->6298K(6464K) NonClass: 5765K(5824K)->5765K(5824K) Class: 533K(640K)->533K(640K)
[60.218s][info][gc             ] GC(311) Pause Young (Allocation Failure) 9088M->9089M(10045M) 152.813ms
[60.218s][info][gc,cpu         ] GC(311) User=0.81s Sys=0.03s Real=0.15s
[60.359s][info][gc,start       ] GC(312) Pause Young (Allocation Failure)
[60.517s][info][gc,heap        ] GC(312) PSYoungGen: 254336K(548352K)->127328K(534528K) Eden: 126976K(126976K)->0K(140288K) From: 127360K(421376K)->127328K(394240K)
[60.517s][info][gc,heap        ] GC(312) ParOldGen: 9180234K(9738240K)->9308362K(9738240K)
[60.517s][info][gc,metaspace   ] GC(312) Metaspace: 6298K(6464K)->6298K(6464K) NonClass: 5765K(5824K)->5765K(5824K) Class: 533K(640K)->533K(640K)
[60.517s][info][gc             ] GC(312) Pause Young (Allocation Failure) 9213M->9214M(10032M) 158.319ms
[60.517s][info][gc,cpu         ] GC(312) User=1.08s Sys=0.05s Real=0.16s
[60.671s][info][gc,start       ] GC(313) Pause Young (Allocation Failure)
[60.839s][info][gc,heap        ] GC(313) PSYoungGen: 267616K(534528K)->140704K(544256K) Eden: 140288K(140288K)->0K(140288K) From: 127328K(394240K)->140704K(403968K)
[60.839s][info][gc,heap        ] GC(313) ParOldGen: 9308362K(9738240K)->9436474K(9738240K)
[60.839s][info][gc,metaspace   ] GC(313) Metaspace: 6298K(6464K)->6298K(6464K) NonClass: 5765K(5824K)->5765K(5824K) Class: 533K(640K)->533K(640K)
[60.839s][info][gc             ] GC(313) Pause Young (Allocation Failure) 9351M->9352M(10041M) 168.103ms
[60.839s][info][gc,cpu         ] GC(313) User=0.97s Sys=0.03s Real=0.17s
[61.002s][info][gc,start       ] GC(314) Pause Young (Allocation Failure)
[61.176s][info][gc,heap        ] GC(314) PSYoungGen: 280992K(544256K)->140704K(521216K) Eden: 140288K(140288K)->0K(155136K) From: 140704K(403968K)->140704K(366080K)
[61.176s][info][gc,heap        ] GC(314) ParOldGen: 9436474K(9738240K)->9578034K(9738240K)
[61.176s][info][gc,metaspace   ] GC(314) Metaspace: 6298K(6464K)->6298K(6464K) NonClass: 5765K(5824K)->5765K(5824K) Class: 533K(640K)->533K(640K)
[61.176s][info][gc             ] GC(314) Pause Young (Allocation Failure) 9489M->9490M(10019M) 173.873ms
[61.176s][info][gc,cpu         ] GC(314) User=0.95s Sys=0.09s Real=0.17s
[61.176s][info][gc,start       ] GC(315) Pause Full (Ergonomics)
[61.176s][info][gc,phases,start] GC(315) Marking Phase
[63.408s][info][gc,phases      ] GC(315) Marking Phase 2232.030ms
[63.408s][info][gc,phases,start] GC(315) Summary Phase
[63.408s][info][gc,phases      ] GC(315) Summary Phase 0.179ms
[63.408s][info][gc,phases,start] GC(315) Adjust Roots
[63.408s][info][gc,phases      ] GC(315) Adjust Roots 0.240ms
[63.408s][info][gc,phases,start] GC(315) Compaction Phase
[64.307s][info][gc,phases      ] GC(315) Compaction Phase 898.864ms
[64.307s][info][gc,phases,start] GC(315) Post Compact
[64.322s][info][gc,phases      ] GC(315) Post Compact 14.859ms
[64.325s][info][gc,heap        ] GC(315) PSYoungGen: 140704K(521216K)->0K(534016K) Eden: 0K(155136K)->0K(155136K) From: 140704K(366080K)->0K(378880K)
[64.325s][info][gc,heap        ] GC(315) ParOldGen: 9578034K(9738240K)->9711058K(10726912K)
[64.325s][info][gc,metaspace   ] GC(315) Metaspace: 6298K(6464K)->6298K(6464K) NonClass: 5765K(5824K)->5765K(5824K) Class: 533K(640K)->533K(640K)
[64.325s][info][gc             ] GC(315) Pause Full (Ergonomics) 9490M->9483M(10997M) 3149.559ms
[64.325s][info][gc,cpu         ] GC(315) User=22.81s Sys=0.08s Real=3.15s
[64.478s][info][gc,start       ] GC(316) Pause Young (Allocation Failure)
[64.588s][info][gc,heap        ] GC(316) PSYoungGen: 155136K(534016K)->155552K(513536K) Eden: 155136K(155136K)->0K(168448K) From: 0K(378880K)->155552K(345088K)
[64.588s][info][gc,heap        ] GC(316) ParOldGen: 9711058K(10726912K)->9711058K(10726912K)
[64.588s][info][gc,metaspace   ] GC(316) Metaspace: 6298K(6464K)->6298K(6464K) NonClass: 5765K(5824K)->5765K(5824K) Class: 533K(640K)->533K(640K)
[64.588s][info][gc             ] GC(316) Pause Young (Allocation Failure) 9634M->9635M(10977M) 110.022ms
[64.588s][info][gc,cpu         ] GC(316) User=0.48s Sys=0.00s Real=0.11s
[64.771s][info][gc,start       ] GC(317) Pause Young (Allocation Failure)
[64.969s][info][gc,heap        ] GC(317) PSYoungGen: 324000K(513536K)->324352K(531968K) Eden: 168448K(168448K)->0K(168448K) From: 155552K(345088K)->324352K(363520K)
[64.969s][info][gc,heap        ] GC(317) ParOldGen: 9711058K(10726912K)->9711058K(10726912K)
[64.969s][info][gc,metaspace   ] GC(317) Metaspace: 6298K(6464K)->6298K(6464K) NonClass: 5765K(5824K)->5765K(5824K) Class: 533K(640K)->533K(640K)
[64.969s][info][gc             ] GC(317) Pause Young (Allocation Failure) 9799M->9800M(10995M) 198.826ms
[64.970s][info][gc,cpu         ] GC(317) User=0.86s Sys=0.00s Real=0.20s
[65.159s][info][gc,start       ] GC(318) Pause Young (Allocation Failure)
[65.438s][info][gc,heap        ] GC(318) PSYoungGen: 492800K(531968K)->398848K(492032K) Eden: 168448K(168448K)->0K(93184K) From: 324352K(363520K)->398848K(398848K)
[65.438s][info][gc,heap        ] GC(318) ParOldGen: 9711058K(10726912K)->9805930K(10726912K)
[65.438s][info][gc,metaspace   ] GC(318) Metaspace: 6298K(6464K)->6298K(6464K) NonClass: 5765K(5824K)->5765K(5824K) Class: 533K(640K)->533K(640K)
[65.438s][info][gc             ] GC(318) Pause Young (Allocation Failure) 9964M->9965M(10956M) 279.391ms
[65.438s][info][gc,cpu         ] GC(318) User=1.89s Sys=0.14s Real=0.28s
[65.538s][info][gc,start       ] GC(319) Pause Young (Allocation Failure)
[65.822s][info][gc,heap        ] GC(319) PSYoungGen: 492032K(492032K)->234656K(328192K) Eden: 93184K(93184K)->0K(93184K) From: 398848K(398848K)->234656K(235008K)
[65.822s][info][gc,heap        ] GC(319) ParOldGen: 9805930K(10726912K)->10065466K(10726912K)
[65.822s][info][gc,metaspace   ] GC(319) Metaspace: 6298K(6464K)->6298K(6464K) NonClass: 5765K(5824K)->5765K(5824K) Class: 533K(640K)->533K(640K)
[65.822s][info][gc             ] GC(319) Pause Young (Allocation Failure) 10056M->10058M(10796M) 283.726ms
[65.822s][info][gc,cpu         ] GC(319) User=1.70s Sys=0.16s Real=0.28s
[65.933s][info][gc,start       ] GC(320) Pause Young (Allocation Failure)
[66.133s][info][gc,heap        ] GC(320) PSYoungGen: 327840K(328192K)->186784K(535552K) Eden: 93184K(93184K)->0K(103936K) From: 234656K(235008K)->186784K(431616K)
[66.133s][info][gc,heap        ] GC(320) ParOldGen: 10065466K(10726912K)->10207626K(10726912K)
[66.133s][info][gc,metaspace   ] GC(320) Metaspace: 6298K(6464K)->6298K(6464K) NonClass: 5765K(5824K)->5765K(5824K) Class: 533K(640K)->533K(640K)
[66.133s][info][gc             ] GC(320) Pause Young (Allocation Failure) 10149M->10150M(10998M) 199.581ms
[66.133s][info][gc,cpu         ] GC(320) User=1.36s Sys=0.03s Real=0.20s
[66.240s][info][gc,start       ] GC(321) Pause Young (Allocation Failure)
[66.408s][info][gc,heap        ] GC(321) PSYoungGen: 290720K(535552K)->197600K(301568K) Eden: 103936K(103936K)->0K(103936K) From: 186784K(431616K)->197600K(197632K)
[66.408s][info][gc,heap        ] GC(321) ParOldGen: 10207626K(10726912K)->10301666K(10726912K)
[66.408s][info][gc,metaspace   ] GC(321) Metaspace: 6298K(6464K)->6298K(6464K) NonClass: 5765K(5824K)->5765K(5824K) Class: 533K(640K)->533K(640K)
[66.408s][info][gc             ] GC(321) Pause Young (Allocation Failure) 10252M->10253M(10770M) 167.628ms
[66.408s][info][gc,cpu         ] GC(321) User=1.08s Sys=0.05s Real=0.17s
[66.532s][info][gc,start       ] GC(322) Pause Young (Allocation Failure)
[66.712s][info][gc,heap        ] GC(322) PSYoungGen: 301536K(301568K)->208416K(507904K) Eden: 103936K(103936K)->0K(116224K) From: 197600K(197632K)->208416K(391680K)
[66.712s][info][gc,heap        ] GC(322) ParOldGen: 10301666K(10726912K)->10395690K(10726912K)
[66.712s][info][gc,metaspace   ] GC(322) Metaspace: 6298K(6464K)->6298K(6464K) NonClass: 5765K(5824K)->5765K(5824K) Class: 533K(640K)->533K(640K)
[66.712s][info][gc             ] GC(322) Pause Young (Allocation Failure) 10354M->10355M(10971M) 179.904ms
[66.712s][info][gc,cpu         ] GC(322) User=1.06s Sys=0.11s Real=0.18s
[66.836s][info][gc,start       ] GC(323) Pause Young (Allocation Failure)
[67.038s][info][gc,heap        ] GC(323) PSYoungGen: 324640K(507904K)->220736K(337408K) Eden: 116224K(116224K)->0K(116224K) From: 208416K(391680K)->220736K(221184K)
[67.038s][info][gc,heap        ] GC(323) ParOldGen: 10395690K(10726912K)->10500578K(10726912K)
[67.038s][info][gc,metaspace   ] GC(323) Metaspace: 6298K(6464K)->6298K(6464K) NonClass: 5765K(5824K)->5765K(5824K) Class: 533K(640K)->533K(640K)
[67.038s][info][gc             ] GC(323) Pause Young (Allocation Failure) 10469M->10470M(10805M) 202.262ms
[67.038s][info][gc,cpu         ] GC(323) User=1.14s Sys=0.09s Real=0.20s
[67.186s][info][gc,start       ] GC(324) Pause Young (Allocation Failure)
[67.386s][info][gc,heap        ] GC(324) PSYoungGen: 336960K(337408K)->233024K(499200K) Eden: 116224K(116224K)->0K(130048K) From: 220736K(221184K)->233024K(369152K)
[67.386s][info][gc,heap        ] GC(324) ParOldGen: 10500578K(10726912K)->10605458K(10726912K)
[67.386s][info][gc,metaspace   ] GC(324) Metaspace: 6298K(6464K)->6298K(6464K) NonClass: 5765K(5824K)->5765K(5824K) Class: 533K(640K)->533K(640K)
[67.386s][info][gc             ] GC(324) Pause Young (Allocation Failure) 10583M->10584M(10963M) 200.044ms
[67.386s][info][gc,cpu         ] GC(324) User=1.22s Sys=0.09s Real=0.20s
[67.386s][info][gc,start       ] GC(325) Pause Full (Ergonomics)
[67.386s][info][gc,phases,start] GC(325) Marking Phase
[69.974s][info][gc,phases      ] GC(325) Marking Phase 2587.599ms
[69.974s][info][gc,phases,start] GC(325) Summary Phase
[69.974s][info][gc,phases      ] GC(325) Summary Phase 0.261ms
[69.974s][info][gc,phases,start] GC(325) Adjust Roots
[69.974s][info][gc,phases      ] GC(325) Adjust Roots 0.252ms
[69.974s][info][gc,phases,start] GC(325) Compaction Phase
[71.018s][info][gc,phases      ] GC(325) Compaction Phase 1043.176ms
[71.018s][info][gc,phases,start] GC(325) Post Compact
[71.037s][info][gc,phases      ] GC(325) Post Compact 19.101ms
[71.039s][info][gc,heap        ] GC(325) PSYoungGen: 233024K(499200K)->103084K(510976K) Eden: 0K(130048K)->0K(141824K) From: 233024K(369152K)->103084K(369152K)
[71.039s][info][gc,heap        ] GC(325) ParOldGen: 10605458K(10726912K)->10726422K(11400704K)
[71.039s][info][gc,metaspace   ] GC(325) Metaspace: 6298K(6464K)->6298K(6464K) NonClass: 5765K(5824K)->5765K(5824K) Class: 533K(640K)->533K(640K)
[71.039s][info][gc             ] GC(325) Pause Full (Ergonomics) 10584M->10575M(11632M) 3653.174ms
[71.039s][info][gc,cpu         ] GC(325) User=26.08s Sys=0.05s Real=3.65s
[71.199s][info][gc,start       ] GC(326) Pause Young (Allocation Failure)
[71.853s][info][gc,heap        ] GC(326) PSYoungGen: 244908K(510976K)->187456K(522752K) Eden: 141824K(141824K)->0K(141824K) From: 103084K(369152K)->187456K(380928K)
[71.853s][info][gc,heap        ] GC(326) ParOldGen: 10726422K(11400704K)->10784910K(11400704K)
[71.853s][info][gc,metaspace   ] GC(326) Metaspace: 6298K(6464K)->6298K(6464K) NonClass: 5765K(5824K)->5765K(5824K) Class: 533K(640K)->533K(640K)
[71.853s][info][gc             ] GC(326) Pause Young (Allocation Failure) 10714M->10715M(11644M) 654.835ms
[71.853s][info][gc,cpu         ] GC(326) User=4.19s Sys=0.03s Real=0.66s
[72.024s][info][gc,start       ] GC(327) Pause Young (Allocation Failure)
[72.233s][info][gc,heap        ] GC(327) PSYoungGen: 329280K(522752K)->329600K(499200K) Eden: 141824K(141824K)->0K(129024K) From: 187456K(380928K)->329600K(370176K)
[72.233s][info][gc,heap        ] GC(327) ParOldGen: 10784910K(11400704K)->10784910K(11400704K)
[72.233s][info][gc,metaspace   ] GC(327) Metaspace: 6298K(6464K)->6298K(6464K) NonClass: 5765K(5824K)->5765K(5824K) Class: 533K(640K)->533K(640K)
[72.233s][info][gc             ] GC(327) Pause Young (Allocation Failure) 10853M->10854M(11621M) 208.652ms
[72.233s][info][gc,cpu         ] GC(327) User=1.39s Sys=0.00s Real=0.21s
[72.383s][info][gc,start       ] GC(328) Pause Young (Allocation Failure)
[72.654s][info][gc,heap        ] GC(328) PSYoungGen: 458624K(499200K)->396800K(525824K) Eden: 129024K(129024K)->0K(129024K) From: 329600K(370176K)->396800K(396800K)
[72.654s][info][gc,heap        ] GC(328) ParOldGen: 10784910K(11400704K)->10847318K(11400704K)
[72.654s][info][gc,metaspace   ] GC(328) Metaspace: 6298K(6464K)->6298K(6464K) NonClass: 5765K(5824K)->5765K(5824K) Class: 533K(640K)->533K(640K)
[72.654s][info][gc             ] GC(328) Pause Young (Allocation Failure) 10980M->10980M(11647M) 271.677ms
[72.654s][info][gc,cpu         ] GC(328) User=1.84s Sys=0.02s Real=0.27s
[72.803s][info][gc,start       ] GC(329) Pause Young (Allocation Failure)
[73.133s][info][gc,heap        ] GC(329) PSYoungGen: 525824K(525824K)->367584K(586752K) Eden: 129024K(129024K)->0K(121344K) From: 396800K(396800K)->367584K(465408K)
[73.133s][info][gc,heap        ] GC(329) ParOldGen: 10847318K(11400704K)->11007046K(11400704K)
[73.133s][info][gc,metaspace   ] GC(329) Metaspace: 6298K(6464K)->6298K(6464K) NonClass: 5765K(5824K)->5765K(5824K) Class: 533K(640K)->533K(640K)
[73.133s][info][gc             ] GC(329) Pause Young (Allocation Failure) 11106M->11108M(11706M) 330.308ms
[73.133s][info][gc,cpu         ] GC(329) User=1.56s Sys=0.03s Real=0.33s
[73.284s][info][gc,start       ] GC(330) Pause Young (Allocation Failure)
[73.585s][info][gc,heap        ] GC(330) PSYoungGen: 488928K(586752K)->362176K(608768K) Eden: 121344K(121344K)->0K(121344K) From: 367584K(465408K)->362176K(487424K)
[73.585s][info][gc,heap        ] GC(330) ParOldGen: 11007046K(11400704K)->11134926K(11400704K)
[73.585s][info][gc,metaspace   ] GC(330) Metaspace: 6298K(6464K)->6298K(6464K) NonClass: 5765K(5824K)->5765K(5824K) Class: 533K(640K)->533K(640K)
[73.585s][info][gc             ] GC(330) Pause Young (Allocation Failure) 11226M->11227M(11728M) 301.436ms
[73.585s][info][gc,cpu         ] GC(330) User=1.89s Sys=0.12s Real=0.30s
[73.694s][info][gc,start       ] GC(331) Pause Young (Allocation Failure)
[73.990s][info][gc,heap        ] GC(331) PSYoungGen: 459233K(608768K)->346720K(633344K) Eden: 97057K(121344K)->0K(131584K) From: 362176K(487424K)->346720K(501760K)
[73.990s][info][gc,heap        ] GC(331) ParOldGen: 11134926K(11400704K)->11246926K(11400704K)
[73.990s][info][gc,metaspace   ] GC(331) Metaspace: 6298K(6464K)->6298K(6464K) NonClass: 5765K(5824K)->5765K(5824K) Class: 533K(640K)->533K(640K)
[73.990s][info][gc             ] GC(331) Pause Young (Allocation Failure) 11322M->11321M(11752M) 296.240ms
[73.990s][info][gc,cpu         ] GC(331) User=1.56s Sys=0.05s Real=0.30s
[73.990s][info][gc,start       ] GC(332) Pause Full (Ergonomics)
[73.990s][info][gc,phases,start] GC(332) Marking Phase
[76.885s][info][gc,phases      ] GC(332) Marking Phase 2894.476ms
[76.885s][info][gc,phases,start] GC(332) Summary Phase
[76.885s][info][gc,phases      ] GC(332) Summary Phase 0.213ms
[76.885s][info][gc,phases,start] GC(332) Adjust Roots
[76.885s][info][gc,phases      ] GC(332) Adjust Roots 0.294ms
[76.886s][info][gc,phases,start] GC(332) Compaction Phase
[79.270s][info][gc,phases      ] GC(332) Compaction Phase 2384.713ms
[79.270s][info][gc,phases,start] GC(332) Post Compact
[79.295s][info][gc,phases      ] GC(332) Post Compact 24.191ms
[79.295s][info][gc,heap        ] GC(332) PSYoungGen: 346720K(633344K)->187418K(633344K) Eden: 0K(131584K)->0K(131584K) From: 346720K(501760K)->187418K(501760K)
[79.295s][info][gc,heap        ] GC(332) ParOldGen: 11246926K(11400704K)->11400528K(11400704K)
[79.295s][info][gc,metaspace   ] GC(332) Metaspace: 6298K(6464K)->6298K(6464K) NonClass: 5765K(5824K)->5765K(5824K) Class: 533K(640K)->533K(640K)
[79.295s][info][gc             ] GC(332) Pause Full (Ergonomics) 11321M->11316M(11752M) 5304.341ms
[79.295s][info][gc,cpu         ] GC(332) User=27.64s Sys=1.28s Real=5.30s
[79.295s][info][gc,start       ] GC(333) Pause Full (Allocation Failure)
[79.295s][info][gc,phases,start] GC(333) Marking Phase
[82.056s][info][gc,phases      ] GC(333) Marking Phase 2761.201ms
[82.056s][info][gc,phases,start] GC(333) Summary Phase
[82.056s][info][gc,phases      ] GC(333) Summary Phase 0.132ms
[82.056s][info][gc,phases,start] GC(333) Adjust Roots
[82.057s][info][gc,phases      ] GC(333) Adjust Roots 0.379ms
[82.057s][info][gc,phases,start] GC(333) Compaction Phase
[84.899s][info][gc,phases      ] GC(333) Compaction Phase 2842.273ms
[84.899s][info][gc,phases,start] GC(333) Post Compact
[84.918s][info][gc,phases      ] GC(333) Post Compact 18.738ms
[84.918s][info][gc,heap        ] GC(333) PSYoungGen: 187418K(633344K)->187418K(633344K) Eden: 0K(131584K)->0K(131584K) From: 187418K(501760K)->187418K(501760K)
[84.918s][info][gc,heap        ] GC(333) ParOldGen: 11400528K(11400704K)->11400524K(11400704K)
[84.918s][info][gc,metaspace   ] GC(333) Metaspace: 6298K(6464K)->6296K(6464K) NonClass: 5765K(5824K)->5764K(5824K) Class: 533K(640K)->532K(640K)
[84.918s][info][gc             ] GC(333) Pause Full (Allocation Failure) 11316M->11316M(11752M) 5623.093ms
[84.918s][info][gc,cpu         ] GC(333) User=41.34s Sys=0.03s Real=5.62s
[84.919s][info][gc,heap,exit   ] Heap
[84.919s][info][gc,heap,exit   ]  PSYoungGen      total 633344K, used 192658K [0x00000006a4180000, 0x00000006eaf80000, 0x0000000800000000)
[84.919s][info][gc,heap,exit   ]   eden space 131584K, 3% used [0x00000006a4180000,0x00000006a469e030,0x00000006ac200000)
[84.919s][info][gc,heap,exit   ]   from space 501760K, 37% used [0x00000006cb080000,0x00000006d6786aa8,0x00000006e9a80000)
[84.919s][info][gc,heap,exit   ]   to   space 506368K, 0% used [0x00000006ac200000,0x00000006ac200000,0x00000006cb080000)
[84.919s][info][gc,heap,exit   ]  ParOldGen       total 11400704K, used 11400524K [0x00000003ec400000, 0x00000006a4180000, 0x00000006a4180000)
[84.919s][info][gc,heap,exit   ]   object space 11400704K, 99% used [0x00000003ec400000,0x00000006a4153098,0x00000006a4180000)
[84.919s][info][gc,heap,exit   ]  Metaspace       used 6301K, committed 6464K, reserved 1114112K
[84.919s][info][gc,heap,exit   ]   class space    used 534K, committed 640K, reserved 1048576K
