[0.012s][info][gc,init] CardTable entry size: 512
[0.012s][info][gc     ] Using Serial
[0.012s][info][gc,init] Version: 18.0.1+10 (release)
[0.012s][info][gc,init] CPUs: 8 total, 8 available
[0.012s][info][gc,init] Memory: 16063M
[0.012s][info][gc,init] Large Page Support: Disabled
[0.012s][info][gc,init] NUMA Support: Disabled
[0.012s][info][gc,init] Compressed Oops: Enabled (Zero based)
[0.012s][info][gc,init] Heap Min Capacity: 2M
[0.013s][info][gc,init] Heap Initial Capacity: 2M
[0.013s][info][gc,init] Heap Max Capacity: 5300M
[0.013s][info][gc,init] Pre-touch: Disabled
[0.013s][info][gc,metaspace] CDS archive(s) not mapped
[0.013s][info][gc,metaspace] Compressed class space mapped at: 0x0000000800000000-0x0000000840000000, reserved size: 1073741824
[0.013s][info][gc,metaspace] Narrow klass base: 0x0000000800000000, Narrow klass shift: 0, Narrow klass range: 0x40000000
[0.184s][info][gc,start    ] GC(0) Pause Young (Allocation Failure)
[0.186s][info][gc,heap     ] GC(0) DefNew: 1023K(1152K)->127K(1152K) Eden: 1023K(1024K)->0K(1024K) From: 0K(128K)->127K(128K)
[0.186s][info][gc,heap     ] GC(0) Tenured: 0K(768K)->439K(768K)
[0.186s][info][gc,metaspace] GC(0) Metaspace: 5901K(6016K)->5901K(6016K) NonClass: 5402K(5504K)->5402K(5504K) Class: 499K(512K)->499K(512K)
[0.186s][info][gc          ] GC(0) Pause Young (Allocation Failure) 0M->0M(1M) 1.914ms
[0.186s][info][gc,cpu      ] GC(0) User=0.00s Sys=0.00s Real=0.00s
[0.207s][info][gc,start    ] GC(1) Pause Young (Allocation Failure)
[0.208s][info][gc          ] GC(1) Pause Young (Allocation Failure) 1M->0M(2M) 1.244ms
[0.208s][info][gc,cpu      ] GC(1) User=0.00s Sys=0.00s Real=0.00s
[0.208s][info][gc,start    ] GC(2) Pause Full (Allocation Failure)
[0.208s][info][gc,phases,start] GC(2) Phase 1: Mark live objects
[0.209s][info][gc,phases      ] GC(2) Phase 1: Mark live objects 1.071ms
[0.209s][info][gc,phases,start] GC(2) Phase 2: Compute new object addresses
[0.209s][info][gc,phases      ] GC(2) Phase 2: Compute new object addresses 0.260ms
[0.209s][info][gc,phases,start] GC(2) Phase 3: Adjust pointers
[0.210s][info][gc,phases      ] GC(2) Phase 3: Adjust pointers 0.540ms
[0.210s][info][gc,phases,start] GC(2) Phase 4: Move objects
[0.210s][info][gc,phases      ] GC(2) Phase 4: Move objects 0.070ms
[0.210s][info][gc,heap        ] GC(2) DefNew: 1151K(1152K)->40K(1152K) Eden: 1024K(1024K)->40K(1024K) From: 127K(128K)->0K(128K)
[0.210s][info][gc,heap        ] GC(2) Tenured: 439K(768K)->959K(1600K)
[0.210s][info][gc,metaspace   ] GC(2) Metaspace: 6299K(6464K)->6299K(6464K) NonClass: 5766K(5824K)->5766K(5824K) Class: 533K(640K)->533K(640K)
[0.210s][info][gc             ] GC(2) Pause Full (Allocation Failure) 0M->0M(2M) 2.257ms
[0.210s][info][gc,cpu         ] GC(2) User=0.00s Sys=0.00s Real=0.00s
[0.212s][info][gc,start       ] GC(3) Pause Young (Allocation Failure)
[0.213s][info][gc,heap        ] GC(3) DefNew: 1024K(1152K)->128K(1152K) Eden: 1024K(1024K)->0K(1024K) From: 0K(128K)->128K(128K)
[0.213s][info][gc,heap        ] GC(3) Tenured: 959K(1600K)->1375K(1600K)
[0.213s][info][gc,metaspace   ] GC(3) Metaspace: 6299K(6464K)->6299K(6464K) NonClass: 5766K(5824K)->5766K(5824K) Class: 533K(640K)->533K(640K)
[0.213s][info][gc             ] GC(3) Pause Young (Allocation Failure) 1M->1M(2M) 1.458ms
[0.213s][info][gc,cpu         ] GC(3) User=0.00s Sys=0.00s Real=0.00s
[0.214s][info][gc,start       ] GC(4) Pause Young (Allocation Failure)
[0.215s][info][gc             ] GC(4) Pause Young (Allocation Failure) 2M->1M(3M) 1.145ms
[0.215s][info][gc,cpu         ] GC(4) User=0.00s Sys=0.00s Real=0.00s
[0.215s][info][gc,start       ] GC(5) Pause Full (Allocation Failure)
[0.215s][info][gc,phases,start] GC(5) Phase 1: Mark live objects
[0.217s][info][gc,phases      ] GC(5) Phase 1: Mark live objects 1.456ms
[0.217s][info][gc,phases,start] GC(5) Phase 2: Compute new object addresses
[0.217s][info][gc,phases      ] GC(5) Phase 2: Compute new object addresses 0.406ms
[0.217s][info][gc,phases,start] GC(5) Phase 3: Adjust pointers
[0.218s][info][gc,phases      ] GC(5) Phase 3: Adjust pointers 0.750ms
[0.218s][info][gc,phases,start] GC(5) Phase 4: Move objects
[0.218s][info][gc,phases      ] GC(5) Phase 4: Move objects 0.077ms
[0.218s][info][gc,heap        ] GC(5) DefNew: 1152K(1152K)->35K(1536K) Eden: 1024K(1024K)->35K(1408K) From: 128K(128K)->0K(128K)
[0.218s][info][gc,heap        ] GC(5) Tenured: 1375K(1600K)->1983K(3308K)
[0.218s][info][gc,metaspace   ] GC(5) Metaspace: 6299K(6464K)->6299K(6464K) NonClass: 5766K(5824K)->5766K(5824K) Class: 533K(640K)->533K(640K)
[0.218s][info][gc             ] GC(5) Pause Full (Allocation Failure) 1M->1M(4M) 3.040ms
[0.219s][info][gc,cpu         ] GC(5) User=0.00s Sys=0.00s Real=0.00s
[0.220s][info][gc,start       ] GC(6) Pause Young (Allocation Failure)
[0.222s][info][gc,heap        ] GC(6) DefNew: 1407K(1536K)->127K(1536K) Eden: 1407K(1408K)->0K(1408K) From: 0K(128K)->127K(128K)
[0.222s][info][gc,heap        ] GC(6) Tenured: 1983K(3308K)->2617K(3308K)
[0.222s][info][gc,metaspace   ] GC(6) Metaspace: 6299K(6464K)->6299K(6464K) NonClass: 5766K(5824K)->5766K(5824K) Class: 533K(640K)->533K(640K)
[0.222s][info][gc             ] GC(6) Pause Young (Allocation Failure) 3M->2M(4M) 1.872ms
[0.222s][info][gc,cpu         ] GC(6) User=0.00s Sys=0.00s Real=0.00s
[0.223s][info][gc,start       ] GC(7) Pause Young (Allocation Failure)
[0.225s][info][gc             ] GC(7) Pause Young (Allocation Failure) 4M->3M(4M) 2.025ms
[0.225s][info][gc,cpu         ] GC(7) User=0.00s Sys=0.00s Real=0.00s
[0.226s][info][gc,start       ] GC(8) Pause Full (Allocation Failure)
[0.226s][info][gc,phases,start] GC(8) Phase 1: Mark live objects
[0.228s][info][gc,phases      ] GC(8) Phase 1: Mark live objects 2.114ms
[0.228s][info][gc,phases,start] GC(8) Phase 2: Compute new object addresses
[0.228s][info][gc,phases      ] GC(8) Phase 2: Compute new object addresses 0.639ms
[0.228s][info][gc,phases,start] GC(8) Phase 3: Adjust pointers
[0.229s][info][gc,phases      ] GC(8) Phase 3: Adjust pointers 0.991ms
[0.229s][info][gc,phases,start] GC(8) Phase 4: Move objects
[0.229s][info][gc,phases      ] GC(8) Phase 4: Move objects 0.082ms
[0.230s][info][gc,heap        ] GC(8) DefNew: 1535K(1536K)->0K(2688K) Eden: 1408K(1408K)->0K(2432K) From: 127K(128K)->0K(256K)
[0.230s][info][gc,heap        ] GC(8) Tenured: 2617K(3308K)->3460K(5768K)
[0.230s][info][gc,metaspace   ] GC(8) Metaspace: 6299K(6464K)->6299K(6464K) NonClass: 5766K(5824K)->5766K(5824K) Class: 533K(640K)->533K(640K)
[0.230s][info][gc             ] GC(8) Pause Full (Allocation Failure) 3M->3M(8M) 4.126ms
[0.230s][info][gc,cpu         ] GC(8) User=0.00s Sys=0.00s Real=0.00s
[0.233s][info][gc,start       ] GC(9) Pause Young (Allocation Failure)
[0.236s][info][gc,heap        ] GC(9) DefNew: 2431K(2688K)->256K(2688K) Eden: 2431K(2432K)->0K(2432K) From: 0K(256K)->256K(256K)
[0.236s][info][gc,heap        ] GC(9) Tenured: 3460K(5768K)->4512K(5768K)
[0.236s][info][gc,metaspace   ] GC(9) Metaspace: 6299K(6464K)->6299K(6464K) NonClass: 5766K(5824K)->5766K(5824K) Class: 533K(640K)->533K(640K)
[0.236s][info][gc             ] GC(9) Pause Young (Allocation Failure) 5M->4M(8M) 3.228ms
[0.236s][info][gc,cpu         ] GC(9) User=0.00s Sys=0.00s Real=0.00s
[0.239s][info][gc,start       ] GC(10) Pause Young (Allocation Failure)
[0.242s][info][gc,heap        ] GC(10) DefNew: 2688K(2688K)->255K(2688K) Eden: 2432K(2432K)->0K(2432K) From: 256K(256K)->255K(256K)
[0.243s][info][gc,heap        ] GC(10) Tenured: 4512K(5768K)->5755K(5768K)
[0.243s][info][gc,metaspace   ] GC(10) Metaspace: 6299K(6464K)->6299K(6464K) NonClass: 5766K(5824K)->5766K(5824K) Class: 533K(640K)->533K(640K)
[0.243s][info][gc             ] GC(10) Pause Young (Allocation Failure) 7M->5M(8M) 3.332ms
[0.243s][info][gc,cpu         ] GC(10) User=0.00s Sys=0.00s Real=0.00s
[0.246s][info][gc,start       ] GC(11) Pause Young (Allocation Failure)
[0.249s][info][gc             ] GC(11) Pause Young (Allocation Failure) 8M->7M(9M) 3.325ms
[0.249s][info][gc,cpu         ] GC(11) User=0.00s Sys=0.00s Real=0.00s
[0.249s][info][gc,start       ] GC(12) Pause Full (Allocation Failure)
[0.249s][info][gc,phases,start] GC(12) Phase 1: Mark live objects
[0.254s][info][gc,phases      ] GC(12) Phase 1: Mark live objects 4.086ms
[0.254s][info][gc,phases,start] GC(12) Phase 2: Compute new object addresses
[0.255s][info][gc,phases      ] GC(12) Phase 2: Compute new object addresses 1.159ms
[0.255s][info][gc,phases,start] GC(12) Phase 3: Adjust pointers
[0.256s][info][gc,phases      ] GC(12) Phase 3: Adjust pointers 1.621ms
[0.256s][info][gc,phases,start] GC(12) Phase 4: Move objects
[0.258s][info][gc,phases      ] GC(12) Phase 4: Move objects 1.413ms
[0.258s][info][gc,heap        ] GC(12) DefNew: 2687K(2688K)->0K(5376K) Eden: 2432K(2432K)->0K(4800K) From: 255K(256K)->0K(576K)
[0.258s][info][gc,heap        ] GC(12) Tenured: 5755K(5768K)->7132K(11888K)
[0.258s][info][gc,metaspace   ] GC(12) Metaspace: 6299K(6464K)->6299K(6464K) NonClass: 5766K(5824K)->5766K(5824K) Class: 533K(640K)->533K(640K)
[0.258s][info][gc             ] GC(12) Pause Full (Allocation Failure) 7M->6M(16M) 8.780ms
[0.258s][info][gc,cpu         ] GC(12) User=0.00s Sys=0.00s Real=0.01s
[0.264s][info][gc,start       ] GC(13) Pause Young (Allocation Failure)
[0.270s][info][gc,heap        ] GC(13) DefNew: 4800K(5376K)->575K(5376K) Eden: 4800K(4800K)->0K(4800K) From: 0K(576K)->575K(576K)
[0.270s][info][gc,heap        ] GC(13) Tenured: 7132K(11888K)->9027K(11888K)
[0.270s][info][gc,metaspace   ] GC(13) Metaspace: 6299K(6464K)->6299K(6464K) NonClass: 5766K(5824K)->5766K(5824K) Class: 533K(640K)->533K(640K)
[0.270s][info][gc             ] GC(13) Pause Young (Allocation Failure) 11M->9M(16M) 5.875ms
[0.270s][info][gc,cpu         ] GC(13) User=0.00s Sys=0.00s Real=0.01s
[0.275s][info][gc,start       ] GC(14) Pause Young (Allocation Failure)
[0.281s][info][gc,heap        ] GC(14) DefNew: 5375K(5376K)->576K(5376K) Eden: 4800K(4800K)->0K(4800K) From: 575K(576K)->576K(576K)
[0.281s][info][gc,heap        ] GC(14) Tenured: 9027K(11888K)->11746K(11888K)
[0.281s][info][gc,metaspace   ] GC(14) Metaspace: 6299K(6464K)->6299K(6464K) NonClass: 5766K(5824K)->5766K(5824K) Class: 533K(640K)->533K(640K)
[0.281s][info][gc             ] GC(14) Pause Young (Allocation Failure) 14M->12M(16M) 6.465ms
[0.281s][info][gc,cpu         ] GC(14) User=0.00s Sys=0.00s Real=0.01s
[0.286s][info][gc,start       ] GC(15) Pause Young (Allocation Failure)
[0.291s][info][gc             ] GC(15) Pause Young (Allocation Failure) 16M->14M(19M) 5.550ms
[0.291s][info][gc,cpu         ] GC(15) User=0.00s Sys=0.00s Real=0.01s
[0.291s][info][gc,start       ] GC(16) Pause Full (Allocation Failure)
[0.291s][info][gc,phases,start] GC(16) Phase 1: Mark live objects
[0.298s][info][gc,phases      ] GC(16) Phase 1: Mark live objects 7.151ms
[0.299s][info][gc,phases,start] GC(16) Phase 2: Compute new object addresses
[0.301s][info][gc,phases      ] GC(16) Phase 2: Compute new object addresses 2.280ms
[0.301s][info][gc,phases,start] GC(16) Phase 3: Adjust pointers
[0.304s][info][gc,phases      ] GC(16) Phase 3: Adjust pointers 3.158ms
[0.304s][info][gc,phases,start] GC(16) Phase 4: Move objects
[0.304s][info][gc,phases      ] GC(16) Phase 4: Move objects 0.176ms
[0.304s][info][gc,heap        ] GC(16) DefNew: 5376K(5376K)->387K(10880K) Eden: 4800K(4800K)->387K(9728K) From: 576K(576K)->0K(1152K)
[0.304s][info][gc,heap        ] GC(16) Tenured: 11746K(11888K)->14383K(23976K)
[0.304s][info][gc,metaspace   ] GC(16) Metaspace: 6301K(6464K)->6301K(6464K) NonClass: 5768K(5824K)->5768K(5824K) Class: 533K(640K)->533K(640K)
[0.304s][info][gc             ] GC(16) Pause Full (Allocation Failure) 14M->14M(34M) 13.136ms
[0.304s][info][gc,cpu         ] GC(16) User=0.02s Sys=0.00s Real=0.01s
[0.312s][info][gc,start       ] GC(17) Pause Young (Allocation Failure)
[0.325s][info][gc,heap        ] GC(17) DefNew: 9728K(10880K)->1151K(10880K) Eden: 9728K(9728K)->0K(9728K) From: 0K(1152K)->1151K(1152K)
[0.325s][info][gc,heap        ] GC(17) Tenured: 14383K(23976K)->18415K(23976K)
[0.325s][info][gc,metaspace   ] GC(17) Metaspace: 6301K(6464K)->6301K(6464K) NonClass: 5768K(5824K)->5768K(5824K) Class: 533K(640K)->533K(640K)
[0.325s][info][gc             ] GC(17) Pause Young (Allocation Failure) 23M->19M(34M) 13.348ms
[0.325s][info][gc,cpu         ] GC(17) User=0.00s Sys=0.00s Real=0.01s
[0.332s][info][gc,start       ] GC(18) Pause Young (Allocation Failure)
[0.343s][info][gc,heap        ] GC(18) DefNew: 10879K(10880K)->1151K(10880K) Eden: 9728K(9728K)->0K(9728K) From: 1151K(1152K)->1151K(1152K)
[0.344s][info][gc,heap        ] GC(18) Tenured: 18415K(23976K)->23936K(23976K)
[0.344s][info][gc,metaspace   ] GC(18) Metaspace: 6301K(6464K)->6301K(6464K) NonClass: 5768K(5824K)->5768K(5824K) Class: 533K(640K)->533K(640K)
[0.344s][info][gc             ] GC(18) Pause Young (Allocation Failure) 28M->24M(34M) 11.756ms
[0.344s][info][gc,cpu         ] GC(18) User=0.00s Sys=0.00s Real=0.01s
[0.349s][info][gc,start       ] GC(19) Pause Young (Allocation Failure)
[0.361s][info][gc             ] GC(19) Pause Young (Allocation Failure) 34M->29M(38M) 11.619ms
[0.361s][info][gc,cpu         ] GC(19) User=0.00s Sys=0.00s Real=0.01s
[0.361s][info][gc,start       ] GC(20) Pause Full (Allocation Failure)
[0.361s][info][gc,phases,start] GC(20) Phase 1: Mark live objects
[0.375s][info][gc,phases      ] GC(20) Phase 1: Mark live objects 14.100ms
[0.375s][info][gc,phases,start] GC(20) Phase 2: Compute new object addresses
[0.379s][info][gc,phases      ] GC(20) Phase 2: Compute new object addresses 4.607ms
[0.380s][info][gc,phases,start] GC(20) Phase 3: Adjust pointers
[0.386s][info][gc,phases      ] GC(20) Phase 3: Adjust pointers 5.958ms
[0.386s][info][gc,phases,start] GC(20) Phase 4: Move objects
[0.386s][info][gc,phases      ] GC(20) Phase 4: Move objects 0.191ms
[0.386s][info][gc,heap        ] GC(20) DefNew: 10879K(10880K)->1080K(21888K) Eden: 9728K(9728K)->1080K(19520K) From: 1151K(1152K)->0K(2368K)
[0.386s][info][gc,heap        ] GC(20) Tenured: 23936K(23976K)->29035K(48396K)
[0.386s][info][gc,metaspace   ] GC(20) Metaspace: 6301K(6464K)->6301K(6464K) NonClass: 5768K(5824K)->5768K(5824K) Class: 533K(640K)->533K(640K)
[0.386s][info][gc             ] GC(20) Pause Full (Allocation Failure) 29M->29M(68M) 25.300ms
[0.386s][info][gc,cpu         ] GC(20) User=0.03s Sys=0.00s Real=0.03s
[0.401s][info][gc,start       ] GC(21) Pause Young (Allocation Failure)
[0.429s][info][gc,heap        ] GC(21) DefNew: 19520K(21888K)->2367K(21888K) Eden: 19520K(19520K)->0K(19520K) From: 0K(2368K)->2367K(2368K)
[0.429s][info][gc,heap        ] GC(21) Tenured: 29035K(48396K)->39354K(48396K)
[0.429s][info][gc,metaspace   ] GC(21) Metaspace: 6301K(6464K)->6301K(6464K) NonClass: 5768K(5824K)->5768K(5824K) Class: 533K(640K)->533K(640K)
[0.429s][info][gc             ] GC(21) Pause Young (Allocation Failure) 47M->40M(68M) 28.193ms
[0.430s][info][gc,cpu         ] GC(21) User=0.02s Sys=0.00s Real=0.03s
[0.448s][info][gc,start       ] GC(22) Pause Young (Allocation Failure)
[0.484s][info][gc             ] GC(22) Pause Young (Allocation Failure) 59M->59M(78M) 35.342ms
[0.484s][info][gc,cpu         ] GC(22) User=0.03s Sys=0.00s Real=0.04s
[0.484s][info][gc,start       ] GC(23) Pause Full (Allocation Failure)
[0.484s][info][gc,phases,start] GC(23) Phase 1: Mark live objects
[0.508s][info][gc,phases      ] GC(23) Phase 1: Mark live objects 24.539ms
[0.508s][info][gc,phases,start] GC(23) Phase 2: Compute new object addresses
[0.518s][info][gc,phases      ] GC(23) Phase 2: Compute new object addresses 9.283ms
[0.518s][info][gc,phases,start] GC(23) Phase 3: Adjust pointers
[0.529s][info][gc,phases      ] GC(23) Phase 3: Adjust pointers 11.856ms
[0.530s][info][gc,phases,start] GC(23) Phase 4: Move objects
[0.530s][info][gc,phases      ] GC(23) Phase 4: Move objects 0.356ms
[0.530s][info][gc,heap        ] GC(23) DefNew: 21887K(21888K)->2255K(44288K) Eden: 19520K(19520K)->2255K(39424K) From: 2367K(2368K)->0K(4864K)
[0.530s][info][gc,heap        ] GC(23) Tenured: 39354K(48396K)->58955K(98260K)
[0.530s][info][gc,metaspace   ] GC(23) Metaspace: 6301K(6464K)->6301K(6464K) NonClass: 5768K(5824K)->5768K(5824K) Class: 533K(640K)->533K(640K)
[0.530s][info][gc             ] GC(23) Pause Full (Allocation Failure) 59M->59M(139M) 46.671ms
[0.530s][info][gc,cpu         ] GC(23) User=0.05s Sys=0.00s Real=0.05s
[0.572s][info][gc,start       ] GC(24) Pause Young (Allocation Failure)
[0.633s][info][gc,heap        ] GC(24) DefNew: 39424K(44288K)->4864K(44288K) Eden: 39424K(39424K)->0K(39424K) From: 0K(4864K)->4864K(4864K)
[0.633s][info][gc,heap        ] GC(24) Tenured: 58955K(98260K)->93487K(98260K)
[0.633s][info][gc,metaspace   ] GC(24) Metaspace: 6301K(6464K)->6301K(6464K) NonClass: 5768K(5824K)->5768K(5824K) Class: 533K(640K)->533K(640K)
[0.633s][info][gc             ] GC(24) Pause Young (Allocation Failure) 96M->96M(139M) 60.793ms
[0.633s][info][gc,cpu         ] GC(24) User=0.02s Sys=0.03s Real=0.06s
[0.670s][info][gc,start       ] GC(25) Pause Young (Allocation Failure)
[0.751s][info][gc             ] GC(25) Pause Young (Allocation Failure) 134M->134M(173M) 81.369ms
[0.751s][info][gc,cpu         ] GC(25) User=0.08s Sys=0.00s Real=0.08s
[0.751s][info][gc,start       ] GC(26) Pause Full (Allocation Failure)
[0.751s][info][gc,phases,start] GC(26) Phase 1: Mark live objects
[0.810s][info][gc,phases      ] GC(26) Phase 1: Mark live objects 59.235ms
[0.810s][info][gc,phases,start] GC(26) Phase 2: Compute new object addresses
[0.833s][info][gc,phases      ] GC(26) Phase 2: Compute new object addresses 22.337ms
[0.833s][info][gc,phases,start] GC(26) Phase 3: Adjust pointers
[0.862s][info][gc,phases      ] GC(26) Phase 3: Adjust pointers 29.098ms
[0.862s][info][gc,phases,start] GC(26) Phase 4: Move objects
[0.893s][info][gc,phases      ] GC(26) Phase 4: Move objects 30.443ms
[0.893s][info][gc,heap        ] GC(26) DefNew: 44288K(44288K)->1015K(99712K) Eden: 39424K(39424K)->1015K(88640K) From: 4864K(4864K)->0K(11072K)
[0.893s][info][gc,heap        ] GC(26) Tenured: 93487K(98260K)->132887K(221480K)
[0.893s][info][gc,metaspace   ] GC(26) Metaspace: 6301K(6464K)->6301K(6464K) NonClass: 5768K(5824K)->5768K(5824K) Class: 533K(640K)->533K(640K)
[0.893s][info][gc             ] GC(26) Pause Full (Allocation Failure) 134M->130M(313M) 141.956ms
[0.893s][info][gc,cpu         ] GC(26) User=0.12s Sys=0.00s Real=0.14s
[0.990s][info][gc,start       ] GC(27) Pause Young (Allocation Failure)
[1.158s][info][gc,heap        ] GC(27) DefNew: 88640K(99712K)->11072K(99712K) Eden: 88640K(88640K)->0K(88640K) From: 0K(11072K)->11072K(11072K)
[1.158s][info][gc,heap        ] GC(27) Tenured: 132887K(221480K)->210425K(221480K)
[1.158s][info][gc,metaspace   ] GC(27) Metaspace: 6301K(6464K)->6301K(6464K) NonClass: 5768K(5824K)->5768K(5824K) Class: 533K(640K)->533K(640K)
[1.158s][info][gc             ] GC(27) Pause Young (Allocation Failure) 216M->216M(313M) 168.249ms
[1.158s][info][gc,cpu         ] GC(27) User=0.12s Sys=0.02s Real=0.17s
[1.239s][info][gc,start       ] GC(28) Pause Young (Allocation Failure)
[1.418s][info][gc             ] GC(28) Pause Young (Allocation Failure) 302M->302M(389M) 179.016ms
[1.419s][info][gc,cpu         ] GC(28) User=0.12s Sys=0.03s Real=0.18s
[1.419s][info][gc,start       ] GC(29) Pause Full (Allocation Failure)
[1.419s][info][gc,phases,start] GC(29) Phase 1: Mark live objects
[1.564s][info][gc,phases      ] GC(29) Phase 1: Mark live objects 145.644ms
[1.564s][info][gc,phases,start] GC(29) Phase 2: Compute new object addresses
[1.612s][info][gc,phases      ] GC(29) Phase 2: Compute new object addresses 48.005ms
[1.612s][info][gc,phases,start] GC(29) Phase 3: Adjust pointers
[1.664s][info][gc,phases      ] GC(29) Phase 3: Adjust pointers 51.496ms
[1.664s][info][gc,phases,start] GC(29) Phase 4: Move objects
[1.666s][info][gc,phases      ] GC(29) Phase 4: Move objects 2.248ms
[1.667s][info][gc,heap        ] GC(29) DefNew: 99712K(99712K)->10927K(224448K) Eden: 88640K(88640K)->10927K(199552K) From: 11072K(11072K)->0K(24896K)
[1.667s][info][gc,heap        ] GC(29) Tenured: 210425K(221480K)->299179K(498636K)
[1.667s][info][gc,metaspace   ] GC(29) Metaspace: 6301K(6464K)->6301K(6464K) NonClass: 5768K(5824K)->5768K(5824K) Class: 533K(640K)->533K(640K)
[1.667s][info][gc             ] GC(29) Pause Full (Allocation Failure) 302M->302M(706M) 248.619ms
[1.667s][info][gc,cpu         ] GC(29) User=0.23s Sys=0.00s Real=0.25s
[1.897s][info][gc,start       ] GC(30) Pause Young (Allocation Failure)
[2.233s][info][gc,heap        ] GC(30) DefNew: 199552K(224448K)->24895K(224448K) Eden: 199552K(199552K)->0K(199552K) From: 0K(24896K)->24895K(24896K)
[2.233s][info][gc,heap        ] GC(30) Tenured: 299179K(498636K)->473807K(498636K)
[2.233s][info][gc,metaspace   ] GC(30) Metaspace: 6301K(6464K)->6301K(6464K) NonClass: 5768K(5824K)->5768K(5824K) Class: 533K(640K)->533K(640K)
[2.234s][info][gc             ] GC(30) Pause Young (Allocation Failure) 487M->487M(706M) 336.783ms
[2.234s][info][gc,cpu         ] GC(30) User=0.30s Sys=0.03s Real=0.34s
[2.439s][info][gc,start       ] GC(31) Pause Young (Allocation Failure)
[2.826s][info][gc             ] GC(31) Pause Young (Allocation Failure) 681M->681M(876M) 386.400ms
[2.826s][info][gc,cpu         ] GC(31) User=0.33s Sys=0.03s Real=0.39s
[2.826s][info][gc,start       ] GC(32) Pause Full (Allocation Failure)
[2.826s][info][gc,phases,start] GC(32) Phase 1: Mark live objects
[3.134s][info][gc,phases      ] GC(32) Phase 1: Mark live objects 308.725ms
[3.134s][info][gc,phases,start] GC(32) Phase 2: Compute new object addresses
[3.240s][info][gc,phases      ] GC(32) Phase 2: Compute new object addresses 105.645ms
[3.240s][info][gc,phases,start] GC(32) Phase 3: Adjust pointers
[3.356s][info][gc,phases      ] GC(32) Phase 3: Adjust pointers 115.740ms
[3.356s][info][gc,phases,start] GC(32) Phase 4: Move objects
[3.361s][info][gc,phases      ] GC(32) Phase 4: Move objects 5.168ms
[3.363s][info][gc,heap        ] GC(32) DefNew: 224447K(224448K)->24863K(505088K) Eden: 199552K(199552K)->24863K(449024K) From: 24895K(24896K)->0K(56064K)
[3.363s][info][gc,heap        ] GC(32) Tenured: 473807K(498636K)->673356K(1122260K)
[3.363s][info][gc,metaspace   ] GC(32) Metaspace: 6301K(6464K)->6301K(6464K) NonClass: 5768K(5824K)->5768K(5824K) Class: 533K(640K)->533K(640K)
[3.364s][info][gc             ] GC(32) Pause Full (Allocation Failure) 681M->681M(1589M) 537.859ms
[3.364s][info][gc,cpu         ] GC(32) User=0.53s Sys=0.00s Real=0.54s
[3.819s][info][gc,start       ] GC(33) Pause Young (Allocation Failure)
[4.571s][info][gc,heap        ] GC(33) DefNew: 449024K(505088K)->56064K(505088K) Eden: 449024K(449024K)->0K(449024K) From: 0K(56064K)->56064K(56064K)
[4.571s][info][gc,heap        ] GC(33) Tenured: 673356K(1122260K)->1066284K(1122260K)
[4.571s][info][gc,metaspace   ] GC(33) Metaspace: 6301K(6464K)->6301K(6464K) NonClass: 5768K(5824K)->5768K(5824K) Class: 533K(640K)->533K(640K)
[4.571s][info][gc             ] GC(33) Pause Young (Allocation Failure) 1096M->1096M(1589M) 751.987ms
[4.571s][info][gc,cpu         ] GC(33) User=0.70s Sys=0.05s Real=0.75s
[5.027s][info][gc,start       ] GC(34) Pause Young (Allocation Failure)
[5.734s][info][gc             ] GC(34) Pause Young (Allocation Failure) 1534M->1484M(1923M) 706.988ms
[5.734s][info][gc,cpu         ] GC(34) User=0.55s Sys=0.17s Real=0.71s
[5.734s][info][gc,start       ] GC(35) Pause Full (Allocation Failure)
[5.734s][info][gc,phases,start] GC(35) Phase 1: Mark live objects
[6.379s][info][gc,phases      ] GC(35) Phase 1: Mark live objects 644.603ms
[6.379s][info][gc,phases,start] GC(35) Phase 2: Compute new object addresses
[6.594s][info][gc,phases      ] GC(35) Phase 2: Compute new object addresses 214.618ms
[6.594s][info][gc,phases,start] GC(35) Phase 3: Adjust pointers
[6.853s][info][gc,phases      ] GC(35) Phase 3: Adjust pointers 258.809ms
[6.853s][info][gc,phases,start] GC(35) Phase 4: Move objects
[6.864s][info][gc,phases      ] GC(35) Phase 4: Move objects 10.907ms
[6.867s][info][gc,heap        ] GC(35) DefNew: 505088K(505088K)->55991K(1098304K) Eden: 449024K(449024K)->55991K(976320K) From: 56064K(56064K)->0K(121984K)
[6.868s][info][gc,heap        ] GC(35) Tenured: 1066284K(1122260K)->1464280K(2440468K)
[6.868s][info][gc,metaspace   ] GC(35) Metaspace: 6301K(6464K)->6301K(6464K) NonClass: 5768K(5824K)->5768K(5824K) Class: 533K(640K)->533K(640K)
[6.868s][info][gc             ] GC(35) Pause Full (Allocation Failure) 1484M->1484M(3455M) 1133.227ms
[6.868s][info][gc,cpu         ] GC(35) User=1.11s Sys=0.02s Real=1.13s
[7.798s][info][gc,start       ] GC(36) Pause Young (Allocation Failure)
[9.483s][info][gc,heap        ] GC(36) DefNew: 976320K(1098304K)->121984K(1098304K) Eden: 976320K(976320K)->0K(976320K) From: 0K(121984K)->121984K(121984K)
[9.483s][info][gc,heap        ] GC(36) Tenured: 1464280K(2440468K)->2318585K(2440468K)
[9.483s][info][gc,metaspace   ] GC(36) Metaspace: 6301K(6464K)->6301K(6464K) NonClass: 5768K(5824K)->5768K(5824K) Class: 533K(640K)->533K(640K)
[9.483s][info][gc             ] GC(36) Pause Young (Allocation Failure) 2383M->2383M(3455M) 1684.427ms
[9.483s][info][gc,cpu         ] GC(36) User=1.38s Sys=0.27s Real=1.68s
[10.500s][info][gc,start       ] GC(37) Pause Young (Allocation Failure)
[12.154s][info][gc             ] GC(37) Pause Young (Allocation Failure) 3336M->3336M(4290M) 1654.367ms
[12.154s][info][gc,cpu         ] GC(37) User=1.41s Sys=0.23s Real=1.65s
[12.154s][info][gc,start       ] GC(38) Pause Full (Allocation Failure)
[12.154s][info][gc,phases,start] GC(38) Phase 1: Mark live objects
[13.626s][info][gc,phases      ] GC(38) Phase 1: Mark live objects 1471.868ms
[13.626s][info][gc,phases,start] GC(38) Phase 2: Compute new object addresses
[14.100s][info][gc,phases      ] GC(38) Phase 2: Compute new object addresses 473.342ms
[14.100s][info][gc,phases,start] GC(38) Phase 3: Adjust pointers
[14.752s][info][gc,phases      ] GC(38) Phase 3: Adjust pointers 651.775ms
[14.752s][info][gc,phases,start] GC(38) Phase 4: Move objects
[15.362s][info][gc,phases      ] GC(38) Phase 4: Move objects 610.140ms
[15.365s][info][gc,heap        ] GC(38) DefNew: 1098304K(1098304K)->27652K(1628160K) Eden: 976320K(976320K)->27652K(1447296K) From: 121984K(121984K)->0K(180864K)
[15.365s][info][gc,heap        ] GC(38) Tenured: 2318585K(2440468K)->3294999K(3618176K)
[15.365s][info][gc,metaspace   ] GC(38) Metaspace: 6301K(6464K)->6301K(6464K) NonClass: 5768K(5824K)->5768K(5824K) Class: 533K(640K)->533K(640K)
[15.365s][info][gc             ] GC(38) Pause Full (Allocation Failure) 3336M->3244M(5123M) 3210.258ms
[15.365s][info][gc,cpu         ] GC(38) User=3.19s Sys=0.00s Real=3.21s
[16.677s][info][gc,start       ] GC(39) Pause Young (Allocation Failure)
[16.677s][info][gc             ] GC(39) Pause Young (Allocation Failure) 4631M->4631M(5123M) 0.159ms
[16.677s][info][gc,cpu         ] GC(39) User=0.00s Sys=0.00s Real=0.00s
[16.677s][info][gc,start       ] GC(40) Pause Full (Allocation Failure)
[16.677s][info][gc,phases,start] GC(40) Phase 1: Mark live objects
[18.789s][info][gc,phases      ] GC(40) Phase 1: Mark live objects 2111.583ms
[18.789s][info][gc,phases,start] GC(40) Phase 2: Compute new object addresses
[19.436s][info][gc,phases      ] GC(40) Phase 2: Compute new object addresses 647.110ms
[19.436s][info][gc,phases,start] GC(40) Phase 3: Adjust pointers
[20.405s][info][gc,phases      ] GC(40) Phase 3: Adjust pointers 968.473ms
[20.405s][info][gc,phases,start] GC(40) Phase 4: Move objects
[20.740s][info][gc,phases      ] GC(40) Phase 4: Move objects 335.093ms
[20.741s][info][gc,heap        ] GC(40) DefNew: 1447296K(1628160K)->1124090K(1628160K) Eden: 1447296K(1447296K)->1124090K(1447296K) From: 0K(180864K)->0K(180864K)
[20.741s][info][gc,heap        ] GC(40) Tenured: 3294999K(3618176K)->3618175K(3618176K)
[20.741s][info][gc,metaspace   ] GC(40) Metaspace: 6301K(6464K)->6301K(6464K) NonClass: 5768K(5824K)->5768K(5824K) Class: 533K(640K)->533K(640K)
[20.741s][info][gc             ] GC(40) Pause Full (Allocation Failure) 4631M->4631M(5123M) 4063.514ms
[20.741s][info][gc,cpu         ] GC(40) User=3.98s Sys=0.06s Real=4.06s
[21.622s][info][gc,start       ] GC(41) Pause Full (Allocation Failure)
[21.622s][info][gc,phases,start] GC(41) Phase 1: Mark live objects
[23.969s][info][gc,phases      ] GC(41) Phase 1: Mark live objects 2347.471ms
[23.969s][info][gc,phases,start] GC(41) Phase 2: Compute new object addresses
[24.680s][info][gc,phases      ] GC(41) Phase 2: Compute new object addresses 710.781ms
[24.680s][info][gc,phases,start] GC(41) Phase 3: Adjust pointers
[25.708s][info][gc,phases      ] GC(41) Phase 3: Adjust pointers 1027.596ms
[25.708s][info][gc,phases,start] GC(41) Phase 4: Move objects
[25.780s][info][gc,phases      ] GC(41) Phase 4: Move objects 71.891ms
[25.781s][info][gc,heap        ] GC(41) DefNew: 1628159K(1628160K)->1628153K(1628160K) Eden: 1447296K(1447296K)->1447295K(1447296K) From: 180863K(180864K)->180857K(180864K)
[25.781s][info][gc,heap        ] GC(41) Tenured: 3618175K(3618176K)->3618175K(3618176K)
[25.781s][info][gc,metaspace   ] GC(41) Metaspace: 6301K(6464K)->6301K(6464K) NonClass: 5768K(5824K)->5768K(5824K) Class: 533K(640K)->533K(640K)
[25.781s][info][gc             ] GC(41) Pause Full (Allocation Failure) 5123M->5123M(5123M) 4159.259ms
[25.781s][info][gc,cpu         ] GC(41) User=4.09s Sys=0.02s Real=4.16s
[25.781s][info][gc,start       ] GC(42) Pause Full (Allocation Failure)
[25.781s][info][gc,phases,start] GC(42) Phase 1: Mark live objects
[28.150s][info][gc,phases      ] GC(42) Phase 1: Mark live objects 2368.543ms
[28.150s][info][gc,phases,start] GC(42) Phase 2: Compute new object addresses
[28.864s][info][gc,phases      ] GC(42) Phase 2: Compute new object addresses 714.066ms
[28.864s][info][gc,phases,start] GC(42) Phase 3: Adjust pointers
[29.845s][info][gc,phases      ] GC(42) Phase 3: Adjust pointers 980.546ms
[29.845s][info][gc,phases,start] GC(42) Phase 4: Move objects
[29.845s][info][gc,phases      ] GC(42) Phase 4: Move objects 0.016ms
[29.845s][info][gc,heap        ] GC(42) DefNew: 1628159K(1628160K)->1628159K(1628160K) Eden: 1447296K(1447296K)->1447296K(1447296K) From: 180863K(180864K)->180863K(180864K)
[29.845s][info][gc,heap        ] GC(42) Tenured: 3618175K(3618176K)->3618175K(3618176K)
[29.845s][info][gc,metaspace   ] GC(42) Metaspace: 6301K(6464K)->6301K(6464K) NonClass: 5768K(5824K)->5768K(5824K) Class: 533K(640K)->533K(640K)
[29.845s][info][gc             ] GC(42) Pause Full (Allocation Failure) 5123M->5123M(5123M) 4064.216ms
[29.845s][info][gc,cpu         ] GC(42) User=4.03s Sys=0.00s Real=4.06s
[29.846s][info][gc,start       ] GC(43) Pause Full (Allocation Failure)
[29.846s][info][gc,phases,start] GC(43) Phase 1: Mark live objects
[32.210s][info][gc,phases      ] GC(43) Phase 1: Mark live objects 2364.561ms
[32.210s][info][gc,phases,start] GC(43) Phase 2: Compute new object addresses
[32.931s][info][gc,phases      ] GC(43) Phase 2: Compute new object addresses 721.286ms
[32.932s][info][gc,phases,start] GC(43) Phase 3: Adjust pointers
[34.127s][info][gc,phases      ] GC(43) Phase 3: Adjust pointers 1195.812ms
[34.127s][info][gc,phases,start] GC(43) Phase 4: Move objects
[34.979s][info][gc,phases      ] GC(43) Phase 4: Move objects 851.820ms
[34.980s][info][gc,heap        ] GC(43) DefNew: 1628159K(1628160K)->1628155K(1628160K) Eden: 1447296K(1447296K)->1447296K(1447296K) From: 180863K(180864K)->180859K(180864K)
[34.980s][info][gc,heap        ] GC(43) Tenured: 3618175K(3618176K)->3618175K(3618176K)
[34.980s][info][gc,metaspace   ] GC(43) Metaspace: 6301K(6464K)->6300K(6464K) NonClass: 5768K(5824K)->5767K(5824K) Class: 533K(640K)->532K(640K)
[34.980s][info][gc             ] GC(43) Pause Full (Allocation Failure) 5123M->5123M(5123M) 5134.902ms
[34.980s][info][gc,cpu         ] GC(43) User=5.12s Sys=0.00s Real=5.14s
[34.981s][info][gc,start       ] GC(44) Pause Full (Allocation Failure)
[34.981s][info][gc,phases,start] GC(44) Phase 1: Mark live objects
[37.349s][info][gc,phases      ] GC(44) Phase 1: Mark live objects 2368.230ms
[37.349s][info][gc,phases,start] GC(44) Phase 2: Compute new object addresses
[38.069s][info][gc,phases      ] GC(44) Phase 2: Compute new object addresses 719.635ms
[38.069s][info][gc,phases,start] GC(44) Phase 3: Adjust pointers
[39.059s][info][gc,phases      ] GC(44) Phase 3: Adjust pointers 989.513ms
[39.059s][info][gc,phases,start] GC(44) Phase 4: Move objects
[39.059s][info][gc,phases      ] GC(44) Phase 4: Move objects 0.023ms
[39.059s][info][gc,heap        ] GC(44) DefNew: 1628159K(1628160K)->1628159K(1628160K) Eden: 1447296K(1447296K)->1447296K(1447296K) From: 180863K(180864K)->180863K(180864K)
[39.059s][info][gc,heap        ] GC(44) Tenured: 3618175K(3618176K)->3618175K(3618176K)
[39.059s][info][gc,metaspace   ] GC(44) Metaspace: 6300K(6464K)->6300K(6464K) NonClass: 5767K(5824K)->5767K(5824K) Class: 532K(640K)->532K(640K)
[39.059s][info][gc             ] GC(44) Pause Full (Allocation Failure) 5123M->5123M(5123M) 4078.509ms
[39.060s][info][gc,cpu         ] GC(44) User=4.09s Sys=0.00s Real=4.08s
[39.060s][info][gc,start       ] GC(45) Pause Full (Allocation Failure)
[39.060s][info][gc,phases,start] GC(45) Phase 1: Mark live objects
[41.427s][info][gc,phases      ] GC(45) Phase 1: Mark live objects 2367.369ms
[41.427s][info][gc,phases,start] GC(45) Phase 2: Compute new object addresses
[42.142s][info][gc,phases      ] GC(45) Phase 2: Compute new object addresses 715.375ms
[42.142s][info][gc,phases,start] GC(45) Phase 3: Adjust pointers
[43.129s][info][gc,phases      ] GC(45) Phase 3: Adjust pointers 986.144ms
[43.129s][info][gc,phases,start] GC(45) Phase 4: Move objects
[43.129s][info][gc,phases      ] GC(45) Phase 4: Move objects 0.017ms
[43.129s][info][gc,heap        ] GC(45) DefNew: 1628159K(1628160K)->1628159K(1628160K) Eden: 1447296K(1447296K)->1447296K(1447296K) From: 180863K(180864K)->180863K(180864K)
[43.129s][info][gc,heap        ] GC(45) Tenured: 3618175K(3618176K)->3618175K(3618176K)
[43.129s][info][gc,metaspace   ] GC(45) Metaspace: 6300K(6464K)->6300K(6464K) NonClass: 5767K(5824K)->5767K(5824K) Class: 532K(640K)->532K(640K)
[43.129s][info][gc             ] GC(45) Pause Full (Allocation Failure) 5123M->5123M(5123M) 4069.892ms
[43.129s][info][gc,cpu         ] GC(45) User=4.06s Sys=0.00s Real=4.07s
[43.130s][info][gc,start       ] GC(46) Pause Full (Allocation Failure)
[43.130s][info][gc,phases,start] GC(46) Phase 1: Mark live objects
[45.500s][info][gc,phases      ] GC(46) Phase 1: Mark live objects 2369.897ms
[45.500s][info][gc,phases,start] GC(46) Phase 2: Compute new object addresses
[46.215s][info][gc,phases      ] GC(46) Phase 2: Compute new object addresses 714.983ms
[46.215s][info][gc,phases,start] GC(46) Phase 3: Adjust pointers
[47.197s][info][gc,phases      ] GC(46) Phase 3: Adjust pointers 981.756ms
[47.197s][info][gc,phases,start] GC(46) Phase 4: Move objects
[47.197s][info][gc,phases      ] GC(46) Phase 4: Move objects 0.017ms
[47.198s][info][gc,heap        ] GC(46) DefNew: 1628159K(1628160K)->1628159K(1628160K) Eden: 1447296K(1447296K)->1447296K(1447296K) From: 180863K(180864K)->180863K(180864K)
[47.198s][info][gc,heap        ] GC(46) Tenured: 3618175K(3618176K)->3618175K(3618176K)
[47.198s][info][gc,metaspace   ] GC(46) Metaspace: 6300K(6464K)->6300K(6464K) NonClass: 5767K(5824K)->5767K(5824K) Class: 532K(640K)->532K(640K)
[47.198s][info][gc             ] GC(46) Pause Full (Allocation Failure) 5123M->5123M(5123M) 4067.715ms
[47.198s][info][gc,cpu         ] GC(46) User=4.03s Sys=0.00s Real=4.07s
[47.198s][info][gc,start       ] GC(47) Pause Full (Allocation Failure)
[47.198s][info][gc,phases,start] GC(47) Phase 1: Mark live objects
[49.561s][info][gc,phases      ] GC(47) Phase 1: Mark live objects 2363.442ms
[49.561s][info][gc,phases,start] GC(47) Phase 2: Compute new object addresses
[50.279s][info][gc,phases      ] GC(47) Phase 2: Compute new object addresses 717.622ms
[50.279s][info][gc,phases,start] GC(47) Phase 3: Adjust pointers
[51.707s][info][gc,phases      ] GC(47) Phase 3: Adjust pointers 1427.869ms
[51.707s][info][gc,phases,start] GC(47) Phase 4: Move objects
[52.548s][info][gc,phases      ] GC(47) Phase 4: Move objects 841.326ms
[52.549s][info][gc,heap        ] GC(47) DefNew: 1628159K(1628160K)->1628158K(1628160K) Eden: 1447296K(1447296K)->1447296K(1447296K) From: 180863K(180864K)->180862K(180864K)
[52.549s][info][gc,heap        ] GC(47) Tenured: 3618175K(3618176K)->3618176K(3618176K)
[52.549s][info][gc,metaspace   ] GC(47) Metaspace: 6300K(6464K)->6300K(6464K) NonClass: 5767K(5824K)->5767K(5824K) Class: 532K(640K)->532K(640K)
[52.549s][info][gc             ] GC(47) Pause Full (Allocation Failure) 5123M->5123M(5123M) 5351.723ms
[52.549s][info][gc,cpu         ] GC(47) User=5.28s Sys=0.00s Real=5.35s
[52.551s][info][gc,start       ] GC(48) Pause Full (Allocation Failure)
[52.551s][info][gc,phases,start] GC(48) Phase 1: Mark live objects
[54.971s][info][gc,phases      ] GC(48) Phase 1: Mark live objects 2420.155ms
[54.971s][info][gc,phases,start] GC(48) Phase 2: Compute new object addresses
[55.711s][info][gc,phases      ] GC(48) Phase 2: Compute new object addresses 740.068ms
[55.711s][info][gc,phases,start] GC(48) Phase 3: Adjust pointers
[56.724s][info][gc,phases      ] GC(48) Phase 3: Adjust pointers 1013.474ms
[56.724s][info][gc,phases,start] GC(48) Phase 4: Move objects
[56.724s][info][gc,phases      ] GC(48) Phase 4: Move objects 0.017ms
[56.725s][info][gc,heap        ] GC(48) DefNew: 1628159K(1628160K)->1628159K(1628160K) Eden: 1447296K(1447296K)->1447296K(1447296K) From: 180863K(180864K)->180863K(180864K)
[56.725s][info][gc,heap        ] GC(48) Tenured: 3618176K(3618176K)->3618176K(3618176K)
[56.725s][info][gc,metaspace   ] GC(48) Metaspace: 6301K(6464K)->6301K(6464K) NonClass: 5767K(5824K)->5767K(5824K) Class: 533K(640K)->533K(640K)
[56.726s][info][gc             ] GC(48) Pause Full (Allocation Failure) 5123M->5123M(5123M) 4175.025ms
[56.726s][info][gc,cpu         ] GC(48) User=4.05s Sys=0.00s Real=4.18s
[56.726s][info][gc,heap,exit   ] Heap
[56.726s][info][gc,heap,exit   ]  def new generation   total 1628160K, used 1628159K [0x00000006b4c00000, 0x00000007232a0000, 0x00000007232a0000)
[56.726s][info][gc,heap,exit   ]   eden space 1447296K, 100% used [0x00000006b4c00000, 0x000000070d160000, 0x000000070d160000)
[56.726s][info][gc,heap,exit   ]   from space 180864K,  99% used [0x000000070d160000, 0x00000007181fff90, 0x0000000718200000)
[56.726s][info][gc,heap,exit   ]   to   space 180864K,   0% used [0x0000000718200000, 0x0000000718200000, 0x00000007232a0000)
[56.726s][info][gc,heap,exit   ]  tenured generation   total 3618176K, used 3618176K [0x00000007232a0000, 0x0000000800000000, 0x0000000800000000)
[56.726s][info][gc,heap,exit   ]    the space 3618176K, 100% used [0x00000007232a0000, 0x0000000800000000, 0x0000000800000000, 0x0000000800000000)
[56.726s][info][gc,heap,exit   ]  Metaspace       used 6304K, committed 6528K, reserved 1114112K
[56.726s][info][gc,heap,exit   ]   class space    used 534K, committed 640K, reserved 1048576K
