[0.012s][info][gc,init] CardTable entry size: 512
[0.012s][info][gc     ] Using Serial
[0.012s][info][gc,init] Version: 18.0.1+10 (release)
[0.012s][info][gc,init] CPUs: 8 total, 8 available
[0.012s][info][gc,init] Memory: 16063M
[0.012s][info][gc,init] Large Page Support: Disabled
[0.012s][info][gc,init] NUMA Support: Disabled
[0.012s][info][gc,init] Compressed Oops: Enabled (Zero based)
[0.012s][info][gc,init] Heap Min Capacity: 2M
[0.012s][info][gc,init] Heap Initial Capacity: 2M
[0.012s][info][gc,init] Heap Max Capacity: 10300M
[0.013s][info][gc,init] Pre-touch: Disabled
[0.013s][info][gc,metaspace] CDS archive(s) not mapped
[0.013s][info][gc,metaspace] Compressed class space mapped at: 0x0000000800000000-0x0000000840000000, reserved size: 1073741824
[0.013s][info][gc,metaspace] Narrow klass base: 0x0000000800000000, Narrow klass shift: 0, Narrow klass range: 0x40000000
[0.163s][info][gc,start    ] GC(0) Pause Young (Allocation Failure)
[0.165s][info][gc,heap     ] GC(0) DefNew: 1023K(1152K)->127K(1152K) Eden: 1023K(1024K)->0K(1024K) From: 0K(128K)->127K(128K)
[0.165s][info][gc,heap     ] GC(0) Tenured: 0K(768K)->439K(768K)
[0.165s][info][gc,metaspace] GC(0) Metaspace: 5902K(6016K)->5902K(6016K) NonClass: 5402K(5504K)->5402K(5504K) Class: 499K(512K)->499K(512K)
[0.165s][info][gc          ] GC(0) Pause Young (Allocation Failure) 0M->0M(1M) 1.608ms
[0.165s][info][gc,cpu      ] GC(0) User=0.00s Sys=0.00s Real=0.00s
[0.183s][info][gc,start    ] GC(1) Pause Young (Allocation Failure)
[0.184s][info][gc          ] GC(1) Pause Young (Allocation Failure) 1M->0M(2M) 1.117ms
[0.184s][info][gc,cpu      ] GC(1) User=0.00s Sys=0.00s Real=0.00s
[0.184s][info][gc,start    ] GC(2) Pause Full (Allocation Failure)
[0.184s][info][gc,phases,start] GC(2) Phase 1: Mark live objects
[0.185s][info][gc,phases      ] GC(2) Phase 1: Mark live objects 0.889ms
[0.185s][info][gc,phases,start] GC(2) Phase 2: Compute new object addresses
[0.185s][info][gc,phases      ] GC(2) Phase 2: Compute new object addresses 0.209ms
[0.185s][info][gc,phases,start] GC(2) Phase 3: Adjust pointers
[0.186s][info][gc,phases      ] GC(2) Phase 3: Adjust pointers 0.518ms
[0.186s][info][gc,phases,start] GC(2) Phase 4: Move objects
[0.186s][info][gc,phases      ] GC(2) Phase 4: Move objects 0.060ms
[0.186s][info][gc,heap        ] GC(2) DefNew: 1151K(1152K)->40K(1152K) Eden: 1024K(1024K)->40K(1024K) From: 127K(128K)->0K(128K)
[0.186s][info][gc,heap        ] GC(2) Tenured: 439K(768K)->960K(1600K)
[0.186s][info][gc,metaspace   ] GC(2) Metaspace: 6300K(6464K)->6300K(6464K) NonClass: 5766K(5824K)->5766K(5824K) Class: 533K(640K)->533K(640K)
[0.186s][info][gc             ] GC(2) Pause Full (Allocation Failure) 0M->0M(2M) 1.956ms
[0.186s][info][gc,cpu         ] GC(2) User=0.00s Sys=0.00s Real=0.00s
[0.187s][info][gc,start       ] GC(3) Pause Young (Allocation Failure)
[0.189s][info][gc,heap        ] GC(3) DefNew: 1024K(1152K)->128K(1152K) Eden: 1024K(1024K)->0K(1024K) From: 0K(128K)->128K(128K)
[0.189s][info][gc,heap        ] GC(3) Tenured: 960K(1600K)->1375K(1600K)
[0.189s][info][gc,metaspace   ] GC(3) Metaspace: 6300K(6464K)->6300K(6464K) NonClass: 5766K(5824K)->5766K(5824K) Class: 533K(640K)->533K(640K)
[0.189s][info][gc             ] GC(3) Pause Young (Allocation Failure) 1M->1M(2M) 1.627ms
[0.189s][info][gc,cpu         ] GC(3) User=0.00s Sys=0.00s Real=0.00s
[0.190s][info][gc,start       ] GC(4) Pause Young (Allocation Failure)
[0.191s][info][gc             ] GC(4) Pause Young (Allocation Failure) 2M->1M(3M) 1.134ms
[0.191s][info][gc,cpu         ] GC(4) User=0.00s Sys=0.00s Real=0.00s
[0.191s][info][gc,start       ] GC(5) Pause Full (Allocation Failure)
[0.192s][info][gc,phases,start] GC(5) Phase 1: Mark live objects
[0.193s][info][gc,phases      ] GC(5) Phase 1: Mark live objects 1.456ms
[0.193s][info][gc,phases,start] GC(5) Phase 2: Compute new object addresses
[0.193s][info][gc,phases      ] GC(5) Phase 2: Compute new object addresses 0.363ms
[0.193s][info][gc,phases,start] GC(5) Phase 3: Adjust pointers
[0.194s][info][gc,phases      ] GC(5) Phase 3: Adjust pointers 0.618ms
[0.194s][info][gc,phases,start] GC(5) Phase 4: Move objects
[0.194s][info][gc,phases      ] GC(5) Phase 4: Move objects 0.069ms
[0.194s][info][gc,heap        ] GC(5) DefNew: 1152K(1152K)->35K(1536K) Eden: 1024K(1024K)->35K(1408K) From: 128K(128K)->0K(128K)
[0.194s][info][gc,heap        ] GC(5) Tenured: 1375K(1600K)->1983K(3308K)
[0.194s][info][gc,metaspace   ] GC(5) Metaspace: 6300K(6464K)->6300K(6464K) NonClass: 5766K(5824K)->5766K(5824K) Class: 533K(640K)->533K(640K)
[0.194s][info][gc             ] GC(5) Pause Full (Allocation Failure) 1M->1M(4M) 2.897ms
[0.194s][info][gc,cpu         ] GC(5) User=0.00s Sys=0.00s Real=0.00s
[0.196s][info][gc,start       ] GC(6) Pause Young (Allocation Failure)
[0.198s][info][gc,heap        ] GC(6) DefNew: 1407K(1536K)->127K(1536K) Eden: 1407K(1408K)->0K(1408K) From: 0K(128K)->127K(128K)
[0.198s][info][gc,heap        ] GC(6) Tenured: 1983K(3308K)->2617K(3308K)
[0.198s][info][gc,metaspace   ] GC(6) Metaspace: 6300K(6464K)->6300K(6464K) NonClass: 5766K(5824K)->5766K(5824K) Class: 533K(640K)->533K(640K)
[0.198s][info][gc             ] GC(6) Pause Young (Allocation Failure) 3M->2M(4M) 1.667ms
[0.198s][info][gc,cpu         ] GC(6) User=0.00s Sys=0.00s Real=0.00s
[0.199s][info][gc,start       ] GC(7) Pause Young (Allocation Failure)
[0.201s][info][gc             ] GC(7) Pause Young (Allocation Failure) 4M->3M(4M) 1.769ms
[0.201s][info][gc,cpu         ] GC(7) User=0.00s Sys=0.00s Real=0.00s
[0.201s][info][gc,start       ] GC(8) Pause Full (Allocation Failure)
[0.201s][info][gc,phases,start] GC(8) Phase 1: Mark live objects
[0.203s][info][gc,phases      ] GC(8) Phase 1: Mark live objects 2.073ms
[0.203s][info][gc,phases,start] GC(8) Phase 2: Compute new object addresses
[0.204s][info][gc,phases      ] GC(8) Phase 2: Compute new object addresses 0.599ms
[0.204s][info][gc,phases,start] GC(8) Phase 3: Adjust pointers
[0.205s][info][gc,phases      ] GC(8) Phase 3: Adjust pointers 0.908ms
[0.205s][info][gc,phases,start] GC(8) Phase 4: Move objects
[0.205s][info][gc,phases      ] GC(8) Phase 4: Move objects 0.071ms
[0.205s][info][gc,heap        ] GC(8) DefNew: 1535K(1536K)->0K(2688K) Eden: 1408K(1408K)->0K(2432K) From: 127K(128K)->0K(256K)
[0.205s][info][gc,heap        ] GC(8) Tenured: 2617K(3308K)->3460K(5768K)
[0.205s][info][gc,metaspace   ] GC(8) Metaspace: 6300K(6464K)->6300K(6464K) NonClass: 5766K(5824K)->5766K(5824K) Class: 533K(640K)->533K(640K)
[0.205s][info][gc             ] GC(8) Pause Full (Allocation Failure) 3M->3M(8M) 3.917ms
[0.205s][info][gc,cpu         ] GC(8) User=0.00s Sys=0.00s Real=0.00s
[0.208s][info][gc,start       ] GC(9) Pause Young (Allocation Failure)
[0.211s][info][gc,heap        ] GC(9) DefNew: 2431K(2688K)->256K(2688K) Eden: 2431K(2432K)->0K(2432K) From: 0K(256K)->256K(256K)
[0.211s][info][gc,heap        ] GC(9) Tenured: 3460K(5768K)->4512K(5768K)
[0.211s][info][gc,metaspace   ] GC(9) Metaspace: 6300K(6464K)->6300K(6464K) NonClass: 5766K(5824K)->5766K(5824K) Class: 533K(640K)->533K(640K)
[0.211s][info][gc             ] GC(9) Pause Young (Allocation Failure) 5M->4M(8M) 2.417ms
[0.211s][info][gc,cpu         ] GC(9) User=0.00s Sys=0.00s Real=0.00s
[0.213s][info][gc,start       ] GC(10) Pause Young (Allocation Failure)
[0.216s][info][gc,heap        ] GC(10) DefNew: 2688K(2688K)->255K(2688K) Eden: 2432K(2432K)->0K(2432K) From: 256K(256K)->255K(256K)
[0.216s][info][gc,heap        ] GC(10) Tenured: 4512K(5768K)->5755K(5768K)
[0.216s][info][gc,metaspace   ] GC(10) Metaspace: 6300K(6464K)->6300K(6464K) NonClass: 5766K(5824K)->5766K(5824K) Class: 533K(640K)->533K(640K)
[0.216s][info][gc             ] GC(10) Pause Young (Allocation Failure) 7M->5M(8M) 2.700ms
[0.216s][info][gc,cpu         ] GC(10) User=0.00s Sys=0.00s Real=0.00s
[0.219s][info][gc,start       ] GC(11) Pause Young (Allocation Failure)
[0.222s][info][gc             ] GC(11) Pause Young (Allocation Failure) 8M->7M(9M) 3.064ms
[0.222s][info][gc,cpu         ] GC(11) User=0.02s Sys=0.00s Real=0.00s
[0.222s][info][gc,start       ] GC(12) Pause Full (Allocation Failure)
[0.222s][info][gc,phases,start] GC(12) Phase 1: Mark live objects
[0.226s][info][gc,phases      ] GC(12) Phase 1: Mark live objects 4.227ms
[0.226s][info][gc,phases,start] GC(12) Phase 2: Compute new object addresses
[0.228s][info][gc,phases      ] GC(12) Phase 2: Compute new object addresses 1.086ms
[0.228s][info][gc,phases,start] GC(12) Phase 3: Adjust pointers
[0.229s][info][gc,phases      ] GC(12) Phase 3: Adjust pointers 1.652ms
[0.229s][info][gc,phases,start] GC(12) Phase 4: Move objects
[0.231s][info][gc,phases      ] GC(12) Phase 4: Move objects 1.278ms
[0.231s][info][gc,heap        ] GC(12) DefNew: 2687K(2688K)->0K(5376K) Eden: 2432K(2432K)->0K(4800K) From: 255K(256K)->0K(576K)
[0.231s][info][gc,heap        ] GC(12) Tenured: 5755K(5768K)->7132K(11888K)
[0.231s][info][gc,metaspace   ] GC(12) Metaspace: 6300K(6464K)->6300K(6464K) NonClass: 5766K(5824K)->5766K(5824K) Class: 533K(640K)->533K(640K)
[0.231s][info][gc             ] GC(12) Pause Full (Allocation Failure) 7M->6M(16M) 8.754ms
[0.231s][info][gc,cpu         ] GC(12) User=0.00s Sys=0.00s Real=0.01s
[0.236s][info][gc,start       ] GC(13) Pause Young (Allocation Failure)
[0.241s][info][gc,heap        ] GC(13) DefNew: 4800K(5376K)->575K(5376K) Eden: 4800K(4800K)->0K(4800K) From: 0K(576K)->575K(576K)
[0.241s][info][gc,heap        ] GC(13) Tenured: 7132K(11888K)->9027K(11888K)
[0.241s][info][gc,metaspace   ] GC(13) Metaspace: 6300K(6464K)->6300K(6464K) NonClass: 5766K(5824K)->5766K(5824K) Class: 533K(640K)->533K(640K)
[0.241s][info][gc             ] GC(13) Pause Young (Allocation Failure) 11M->9M(16M) 5.497ms
[0.241s][info][gc,cpu         ] GC(13) User=0.02s Sys=0.00s Real=0.01s
[0.246s][info][gc,start       ] GC(14) Pause Young (Allocation Failure)
[0.252s][info][gc,heap        ] GC(14) DefNew: 5375K(5376K)->576K(5376K) Eden: 4800K(4800K)->0K(4800K) From: 575K(576K)->576K(576K)
[0.252s][info][gc,heap        ] GC(14) Tenured: 9027K(11888K)->11746K(11888K)
[0.252s][info][gc,metaspace   ] GC(14) Metaspace: 6300K(6464K)->6300K(6464K) NonClass: 5766K(5824K)->5766K(5824K) Class: 533K(640K)->533K(640K)
[0.252s][info][gc             ] GC(14) Pause Young (Allocation Failure) 14M->12M(16M) 5.948ms
[0.252s][info][gc,cpu         ] GC(14) User=0.00s Sys=0.00s Real=0.01s
[0.256s][info][gc,start       ] GC(15) Pause Young (Allocation Failure)
[0.262s][info][gc             ] GC(15) Pause Young (Allocation Failure) 16M->14M(19M) 5.947ms
[0.262s][info][gc,cpu         ] GC(15) User=0.00s Sys=0.00s Real=0.01s
[0.262s][info][gc,start       ] GC(16) Pause Full (Allocation Failure)
[0.262s][info][gc,phases,start] GC(16) Phase 1: Mark live objects
[0.269s][info][gc,phases      ] GC(16) Phase 1: Mark live objects 7.791ms
[0.270s][info][gc,phases,start] GC(16) Phase 2: Compute new object addresses
[0.272s][info][gc,phases      ] GC(16) Phase 2: Compute new object addresses 2.294ms
[0.272s][info][gc,phases,start] GC(16) Phase 3: Adjust pointers
[0.275s][info][gc,phases      ] GC(16) Phase 3: Adjust pointers 3.059ms
[0.275s][info][gc,phases,start] GC(16) Phase 4: Move objects
[0.275s][info][gc,phases      ] GC(16) Phase 4: Move objects 0.170ms
[0.275s][info][gc,heap        ] GC(16) DefNew: 5376K(5376K)->387K(10880K) Eden: 4800K(4800K)->387K(9728K) From: 576K(576K)->0K(1152K)
[0.275s][info][gc,heap        ] GC(16) Tenured: 11746K(11888K)->14383K(23976K)
[0.275s][info][gc,metaspace   ] GC(16) Metaspace: 6302K(6464K)->6302K(6464K) NonClass: 5768K(5824K)->5768K(5824K) Class: 533K(640K)->533K(640K)
[0.275s][info][gc             ] GC(16) Pause Full (Allocation Failure) 14M->14M(34M) 13.679ms
[0.275s][info][gc,cpu         ] GC(16) User=0.02s Sys=0.00s Real=0.01s
[0.283s][info][gc,start       ] GC(17) Pause Young (Allocation Failure)
[0.295s][info][gc,heap        ] GC(17) DefNew: 9728K(10880K)->1151K(10880K) Eden: 9728K(9728K)->0K(9728K) From: 0K(1152K)->1151K(1152K)
[0.295s][info][gc,heap        ] GC(17) Tenured: 14383K(23976K)->18415K(23976K)
[0.295s][info][gc,metaspace   ] GC(17) Metaspace: 6302K(6464K)->6302K(6464K) NonClass: 5768K(5824K)->5768K(5824K) Class: 533K(640K)->533K(640K)
[0.295s][info][gc             ] GC(17) Pause Young (Allocation Failure) 23M->19M(34M) 12.273ms
[0.295s][info][gc,cpu         ] GC(17) User=0.00s Sys=0.00s Real=0.01s
[0.302s][info][gc,start       ] GC(18) Pause Young (Allocation Failure)
[0.314s][info][gc,heap        ] GC(18) DefNew: 10879K(10880K)->1151K(10880K) Eden: 9728K(9728K)->0K(9728K) From: 1151K(1152K)->1151K(1152K)
[0.314s][info][gc,heap        ] GC(18) Tenured: 18415K(23976K)->23936K(23976K)
[0.314s][info][gc,metaspace   ] GC(18) Metaspace: 6302K(6464K)->6302K(6464K) NonClass: 5768K(5824K)->5768K(5824K) Class: 533K(640K)->533K(640K)
[0.314s][info][gc             ] GC(18) Pause Young (Allocation Failure) 28M->24M(34M) 12.042ms
[0.314s][info][gc,cpu         ] GC(18) User=0.00s Sys=0.00s Real=0.01s
[0.320s][info][gc,start       ] GC(19) Pause Young (Allocation Failure)
[0.331s][info][gc             ] GC(19) Pause Young (Allocation Failure) 34M->29M(38M) 11.369ms
[0.331s][info][gc,cpu         ] GC(19) User=0.00s Sys=0.00s Real=0.01s
[0.331s][info][gc,start       ] GC(20) Pause Full (Allocation Failure)
[0.331s][info][gc,phases,start] GC(20) Phase 1: Mark live objects
[0.345s][info][gc,phases      ] GC(20) Phase 1: Mark live objects 13.578ms
[0.345s][info][gc,phases,start] GC(20) Phase 2: Compute new object addresses
[0.349s][info][gc,phases      ] GC(20) Phase 2: Compute new object addresses 4.614ms
[0.349s][info][gc,phases,start] GC(20) Phase 3: Adjust pointers
[0.355s][info][gc,phases      ] GC(20) Phase 3: Adjust pointers 5.157ms
[0.355s][info][gc,phases,start] GC(20) Phase 4: Move objects
[0.355s][info][gc,phases      ] GC(20) Phase 4: Move objects 0.166ms
[0.355s][info][gc,heap        ] GC(20) DefNew: 10879K(10880K)->1080K(21888K) Eden: 9728K(9728K)->1080K(19520K) From: 1151K(1152K)->0K(2368K)
[0.355s][info][gc,heap        ] GC(20) Tenured: 23936K(23976K)->29035K(48396K)
[0.355s][info][gc,metaspace   ] GC(20) Metaspace: 6302K(6464K)->6302K(6464K) NonClass: 5768K(5824K)->5768K(5824K) Class: 533K(640K)->533K(640K)
[0.355s][info][gc             ] GC(20) Pause Full (Allocation Failure) 29M->29M(68M) 23.898ms
[0.355s][info][gc,cpu         ] GC(20) User=0.03s Sys=0.00s Real=0.02s
[0.371s][info][gc,start       ] GC(21) Pause Young (Allocation Failure)
[0.400s][info][gc,heap        ] GC(21) DefNew: 19520K(21888K)->2368K(21888K) Eden: 19520K(19520K)->0K(19520K) From: 0K(2368K)->2368K(2368K)
[0.400s][info][gc,heap        ] GC(21) Tenured: 29035K(48396K)->39354K(48396K)
[0.400s][info][gc,metaspace   ] GC(21) Metaspace: 6302K(6464K)->6302K(6464K) NonClass: 5768K(5824K)->5768K(5824K) Class: 533K(640K)->533K(640K)
[0.400s][info][gc             ] GC(21) Pause Young (Allocation Failure) 47M->40M(68M) 29.036ms
[0.400s][info][gc,cpu         ] GC(21) User=0.02s Sys=0.00s Real=0.03s
[0.418s][info][gc,start       ] GC(22) Pause Young (Allocation Failure)
[0.454s][info][gc             ] GC(22) Pause Young (Allocation Failure) 59M->59M(78M) 35.844ms
[0.454s][info][gc,cpu         ] GC(22) User=0.03s Sys=0.00s Real=0.04s
[0.454s][info][gc,start       ] GC(23) Pause Full (Allocation Failure)
[0.454s][info][gc,phases,start] GC(23) Phase 1: Mark live objects
[0.480s][info][gc,phases      ] GC(23) Phase 1: Mark live objects 25.930ms
[0.480s][info][gc,phases,start] GC(23) Phase 2: Compute new object addresses
[0.489s][info][gc,phases      ] GC(23) Phase 2: Compute new object addresses 9.309ms
[0.489s][info][gc,phases,start] GC(23) Phase 3: Adjust pointers
[0.500s][info][gc,phases      ] GC(23) Phase 3: Adjust pointers 10.899ms
[0.500s][info][gc,phases,start] GC(23) Phase 4: Move objects
[0.501s][info][gc,phases      ] GC(23) Phase 4: Move objects 0.356ms
[0.501s][info][gc,heap        ] GC(23) DefNew: 21888K(21888K)->2254K(44288K) Eden: 19520K(19520K)->2254K(39424K) From: 2368K(2368K)->0K(4864K)
[0.501s][info][gc,heap        ] GC(23) Tenured: 39354K(48396K)->58955K(98260K)
[0.501s][info][gc,metaspace   ] GC(23) Metaspace: 6302K(6464K)->6302K(6464K) NonClass: 5768K(5824K)->5768K(5824K) Class: 533K(640K)->533K(640K)
[0.501s][info][gc             ] GC(23) Pause Full (Allocation Failure) 59M->59M(139M) 47.127ms
[0.501s][info][gc,cpu         ] GC(23) User=0.03s Sys=0.00s Real=0.05s
[0.542s][info][gc,start       ] GC(24) Pause Young (Allocation Failure)
[0.603s][info][gc,heap        ] GC(24) DefNew: 39424K(44288K)->4863K(44288K) Eden: 39424K(39424K)->0K(39424K) From: 0K(4864K)->4863K(4864K)
[0.603s][info][gc,heap        ] GC(24) Tenured: 58955K(98260K)->93487K(98260K)
[0.603s][info][gc,metaspace   ] GC(24) Metaspace: 6302K(6464K)->6302K(6464K) NonClass: 5768K(5824K)->5768K(5824K) Class: 533K(640K)->533K(640K)
[0.603s][info][gc             ] GC(24) Pause Young (Allocation Failure) 96M->96M(139M) 61.387ms
[0.603s][info][gc,cpu         ] GC(24) User=0.03s Sys=0.02s Real=0.06s
[0.635s][info][gc,start       ] GC(25) Pause Young (Allocation Failure)
[0.705s][info][gc             ] GC(25) Pause Young (Allocation Failure) 134M->134M(173M) 69.588ms
[0.705s][info][gc,cpu         ] GC(25) User=0.05s Sys=0.02s Real=0.07s
[0.705s][info][gc,start       ] GC(26) Pause Full (Allocation Failure)
[0.705s][info][gc,phases,start] GC(26) Phase 1: Mark live objects
[0.759s][info][gc,phases      ] GC(26) Phase 1: Mark live objects 53.979ms
[0.759s][info][gc,phases,start] GC(26) Phase 2: Compute new object addresses
[0.780s][info][gc,phases      ] GC(26) Phase 2: Compute new object addresses 21.027ms
[0.780s][info][gc,phases,start] GC(26) Phase 3: Adjust pointers
[0.807s][info][gc,phases      ] GC(26) Phase 3: Adjust pointers 26.865ms
[0.807s][info][gc,phases,start] GC(26) Phase 4: Move objects
[0.834s][info][gc,phases      ] GC(26) Phase 4: Move objects 26.876ms
[0.835s][info][gc,heap        ] GC(26) DefNew: 44287K(44288K)->1014K(99712K) Eden: 39424K(39424K)->1014K(88640K) From: 4863K(4864K)->0K(11072K)
[0.835s][info][gc,heap        ] GC(26) Tenured: 93487K(98260K)->132887K(221480K)
[0.835s][info][gc,metaspace   ] GC(26) Metaspace: 6302K(6464K)->6302K(6464K) NonClass: 5768K(5824K)->5768K(5824K) Class: 533K(640K)->533K(640K)
[0.835s][info][gc             ] GC(26) Pause Full (Allocation Failure) 134M->130M(313M) 129.618ms
[0.835s][info][gc,cpu         ] GC(26) User=0.12s Sys=0.00s Real=0.13s
[0.925s][info][gc,start       ] GC(27) Pause Young (Allocation Failure)
[1.071s][info][gc,heap        ] GC(27) DefNew: 88640K(99712K)->11071K(99712K) Eden: 88640K(88640K)->0K(88640K) From: 0K(11072K)->11071K(11072K)
[1.071s][info][gc,heap        ] GC(27) Tenured: 132887K(221480K)->210424K(221480K)
[1.071s][info][gc,metaspace   ] GC(27) Metaspace: 6302K(6464K)->6302K(6464K) NonClass: 5768K(5824K)->5768K(5824K) Class: 533K(640K)->533K(640K)
[1.072s][info][gc             ] GC(27) Pause Young (Allocation Failure) 216M->216M(313M) 146.956ms
[1.072s][info][gc,cpu         ] GC(27) User=0.14s Sys=0.00s Real=0.15s
[1.153s][info][gc,start       ] GC(28) Pause Young (Allocation Failure)
[1.323s][info][gc             ] GC(28) Pause Young (Allocation Failure) 302M->302M(389M) 169.602ms
[1.323s][info][gc,cpu         ] GC(28) User=0.09s Sys=0.05s Real=0.17s
[1.323s][info][gc,start       ] GC(29) Pause Full (Allocation Failure)
[1.323s][info][gc,phases,start] GC(29) Phase 1: Mark live objects
[1.454s][info][gc,phases      ] GC(29) Phase 1: Mark live objects 130.915ms
[1.454s][info][gc,phases,start] GC(29) Phase 2: Compute new object addresses
[1.501s][info][gc,phases      ] GC(29) Phase 2: Compute new object addresses 47.419ms
[1.501s][info][gc,phases,start] GC(29) Phase 3: Adjust pointers
[1.560s][info][gc,phases      ] GC(29) Phase 3: Adjust pointers 59.024ms
[1.560s][info][gc,phases,start] GC(29) Phase 4: Move objects
[1.563s][info][gc,phases      ] GC(29) Phase 4: Move objects 2.615ms
[1.564s][info][gc,heap        ] GC(29) DefNew: 99711K(99712K)->11058K(224320K) Eden: 88640K(88640K)->11058K(199424K) From: 11071K(11072K)->0K(24896K)
[1.564s][info][gc,heap        ] GC(29) Tenured: 210424K(221480K)->299047K(498416K)
[1.564s][info][gc,metaspace   ] GC(29) Metaspace: 6302K(6464K)->6302K(6464K) NonClass: 5768K(5824K)->5768K(5824K) Class: 533K(640K)->533K(640K)
[1.564s][info][gc             ] GC(29) Pause Full (Allocation Failure) 302M->302M(705M) 241.603ms
[1.564s][info][gc,cpu         ] GC(29) User=0.25s Sys=0.00s Real=0.24s
[1.772s][info][gc,start       ] GC(30) Pause Young (Allocation Failure)
[2.108s][info][gc,heap        ] GC(30) DefNew: 199424K(224320K)->24895K(224320K) Eden: 199424K(199424K)->0K(199424K) From: 0K(24896K)->24895K(24896K)
[2.108s][info][gc,heap        ] GC(30) Tenured: 299047K(498416K)->473550K(498416K)
[2.108s][info][gc,metaspace   ] GC(30) Metaspace: 6302K(6464K)->6302K(6464K) NonClass: 5768K(5824K)->5768K(5824K) Class: 533K(640K)->533K(640K)
[2.108s][info][gc             ] GC(30) Pause Young (Allocation Failure) 486M->486M(705M) 336.063ms
[2.108s][info][gc,cpu         ] GC(30) User=0.27s Sys=0.05s Real=0.34s
[2.288s][info][gc,start       ] GC(31) Pause Young (Allocation Failure)
[2.669s][info][gc             ] GC(31) Pause Young (Allocation Failure) 681M->681M(876M) 381.421ms
[2.669s][info][gc,cpu         ] GC(31) User=0.30s Sys=0.08s Real=0.38s
[2.669s][info][gc,start       ] GC(32) Pause Full (Allocation Failure)
[2.669s][info][gc,phases,start] GC(32) Phase 1: Mark live objects
[2.976s][info][gc,phases      ] GC(32) Phase 1: Mark live objects 306.555ms
[2.976s][info][gc,phases,start] GC(32) Phase 2: Compute new object addresses
[3.081s][info][gc,phases      ] GC(32) Phase 2: Compute new object addresses 104.699ms
[3.081s][info][gc,phases,start] GC(32) Phase 3: Adjust pointers
[3.197s][info][gc,phases      ] GC(32) Phase 3: Adjust pointers 115.950ms
[3.197s][info][gc,phases,start] GC(32) Phase 4: Move objects
[3.202s][info][gc,phases      ] GC(32) Phase 4: Move objects 4.980ms
[3.203s][info][gc,heap        ] GC(32) DefNew: 224319K(224320K)->24828K(504832K) Eden: 199424K(199424K)->24828K(448768K) From: 24895K(24896K)->0K(56064K)
[3.203s][info][gc,heap        ] GC(32) Tenured: 473550K(498416K)->673011K(1121688K)
[3.204s][info][gc,metaspace   ] GC(32) Metaspace: 6302K(6464K)->6302K(6464K) NonClass: 5768K(5824K)->5768K(5824K) Class: 533K(640K)->533K(640K)
[3.204s][info][gc             ] GC(32) Pause Full (Allocation Failure) 681M->681M(1588M) 534.358ms
[3.204s][info][gc,cpu         ] GC(32) User=0.53s Sys=0.00s Real=0.53s
[3.670s][info][gc,start       ] GC(33) Pause Young (Allocation Failure)
[4.442s][info][gc,heap        ] GC(33) DefNew: 448768K(504832K)->56063K(504832K) Eden: 448768K(448768K)->0K(448768K) From: 0K(56064K)->56063K(56064K)
[4.443s][info][gc,heap        ] GC(33) Tenured: 673011K(1121688K)->1065690K(1121688K)
[4.443s][info][gc,metaspace   ] GC(33) Metaspace: 6302K(6464K)->6302K(6464K) NonClass: 5768K(5824K)->5768K(5824K) Class: 533K(640K)->533K(640K)
[4.443s][info][gc             ] GC(33) Pause Young (Allocation Failure) 1095M->1095M(1588M) 772.171ms
[4.443s][info][gc,cpu         ] GC(33) User=0.69s Sys=0.08s Real=0.77s
[4.910s][info][gc,start       ] GC(34) Pause Young (Allocation Failure)
[5.623s][info][gc             ] GC(34) Pause Young (Allocation Failure) 1533M->1480M(1918M) 712.628ms
[5.623s][info][gc,cpu         ] GC(34) User=0.56s Sys=0.14s Real=0.71s
[5.623s][info][gc,start       ] GC(35) Pause Full (Allocation Failure)
[5.623s][info][gc,phases,start] GC(35) Phase 1: Mark live objects
[6.266s][info][gc,phases      ] GC(35) Phase 1: Mark live objects 643.156ms
[6.266s][info][gc,phases,start] GC(35) Phase 2: Compute new object addresses
[6.481s][info][gc,phases      ] GC(35) Phase 2: Compute new object addresses 214.729ms
[6.481s][info][gc,phases,start] GC(35) Phase 3: Adjust pointers
[6.741s][info][gc,phases      ] GC(35) Phase 3: Adjust pointers 259.981ms
[6.741s][info][gc,phases,start] GC(35) Phase 4: Move objects
[6.752s][info][gc,phases      ] GC(35) Phase 4: Move objects 10.923ms
[6.756s][info][gc,heap        ] GC(35) DefNew: 504831K(504832K)->56034K(1095104K) Eden: 448768K(448768K)->56034K(973440K) From: 56063K(56064K)->0K(121664K)
[6.756s][info][gc,heap        ] GC(35) Tenured: 1065690K(1121688K)->1460059K(2433436K)
[6.756s][info][gc,metaspace   ] GC(35) Metaspace: 6302K(6464K)->6302K(6464K) NonClass: 5768K(5824K)->5768K(5824K) Class: 533K(640K)->533K(640K)
[6.756s][info][gc             ] GC(35) Pause Full (Allocation Failure) 1480M->1480M(3445M) 1133.192ms
[6.756s][info][gc,cpu         ] GC(35) User=1.11s Sys=0.00s Real=1.13s
[7.703s][info][gc,start       ] GC(36) Pause Young (Allocation Failure)
[9.444s][info][gc,heap        ] GC(36) DefNew: 973440K(1095104K)->121664K(1095104K) Eden: 973440K(973440K)->0K(973440K) From: 0K(121664K)->121664K(121664K)
[9.444s][info][gc,heap        ] GC(36) Tenured: 1460059K(2433436K)->2311807K(2433436K)
[9.444s][info][gc,metaspace   ] GC(36) Metaspace: 6302K(6464K)->6302K(6464K) NonClass: 5768K(5824K)->5768K(5824K) Class: 533K(640K)->533K(640K)
[9.444s][info][gc             ] GC(36) Pause Young (Allocation Failure) 2376M->2376M(3445M) 1740.360ms
[9.444s][info][gc,cpu         ] GC(36) User=1.48s Sys=0.25s Real=1.74s
[10.422s][info][gc,start       ] GC(37) Pause Young (Allocation Failure)
[12.081s][info][gc             ] GC(37) Pause Young (Allocation Failure) 3327M->3327M(4277M) 1659.273ms
[12.081s][info][gc,cpu         ] GC(37) User=1.22s Sys=0.42s Real=1.66s
[12.081s][info][gc,start       ] GC(38) Pause Full (Allocation Failure)
[12.081s][info][gc,phases,start] GC(38) Phase 1: Mark live objects
[13.577s][info][gc,phases      ] GC(38) Phase 1: Mark live objects 1496.075ms
[13.577s][info][gc,phases,start] GC(38) Phase 2: Compute new object addresses
[14.073s][info][gc,phases      ] GC(38) Phase 2: Compute new object addresses 495.858ms
[14.073s][info][gc,phases,start] GC(38) Phase 3: Adjust pointers
[14.744s][info][gc,phases      ] GC(38) Phase 3: Adjust pointers 670.384ms
[14.744s][info][gc,phases,start] GC(38) Phase 4: Move objects
[15.366s][info][gc,phases      ] GC(38) Phase 4: Move objects 622.172ms
[15.375s][info][gc,heap        ] GC(38) DefNew: 1095104K(1095104K)->27391K(2464064K) Eden: 973440K(973440K)->27391K(2190336K) From: 121664K(121664K)->0K(273728K)
[15.375s][info][gc,heap        ] GC(38) Tenured: 2311807K(2433436K)->3285279K(5475468K)
[15.375s][info][gc,metaspace   ] GC(38) Metaspace: 6302K(6464K)->6302K(6464K) NonClass: 5768K(5824K)->5768K(5824K) Class: 533K(640K)->533K(640K)
[15.375s][info][gc             ] GC(38) Pause Full (Allocation Failure) 3327M->3235M(7753M) 3294.110ms
[15.375s][info][gc,cpu         ] GC(38) User=3.28s Sys=0.00s Real=3.29s
[17.612s][info][gc,start       ] GC(39) Pause Young (Allocation Failure)
[21.448s][info][gc,heap        ] GC(39) DefNew: 2190336K(2464064K)->273728K(2464064K) Eden: 2190336K(2190336K)->0K(2190336K) From: 0K(273728K)->273728K(273728K)
[21.448s][info][gc,heap        ] GC(39) Tenured: 3285279K(5475468K)->5201856K(5475468K)
[21.448s][info][gc,metaspace   ] GC(39) Metaspace: 6302K(6464K)->6302K(6464K) NonClass: 5768K(5824K)->5768K(5824K) Class: 533K(640K)->533K(640K)
[21.448s][info][gc             ] GC(39) Pause Young (Allocation Failure) 5347M->5347M(7753M) 3835.665ms
[21.448s][info][gc,cpu         ] GC(39) User=3.25s Sys=0.56s Real=3.84s
[23.556s][info][gc,start       ] GC(40) Pause Young (Allocation Failure)
[27.777s][info][gc,promotion   ] GC(40) Promotion failed
[27.777s][info][gc             ] GC(40) Pause Young (Allocation Failure) 7486M->9272M(9273M) 4220.814ms
[27.777s][info][gc,cpu         ] GC(40) User=3.50s Sys=0.70s Real=4.22s
[27.777s][info][gc,start       ] GC(41) Pause Full (Allocation Failure)
[27.777s][info][gc,phases,start] GC(41) Phase 1: Mark live objects
[31.396s][info][gc,phases      ] GC(41) Phase 1: Mark live objects 3619.255ms
[31.397s][info][gc,phases,start] GC(41) Phase 2: Compute new object addresses
[32.734s][info][gc,phases      ] GC(41) Phase 2: Compute new object addresses 1337.932ms
[32.735s][info][gc,phases,start] GC(41) Phase 3: Adjust pointers
[34.132s][info][gc,phases      ] GC(41) Phase 3: Adjust pointers 1397.668ms
[34.132s][info][gc,phases,start] GC(41) Phase 4: Move objects
[34.309s][info][gc,phases      ] GC(41) Phase 4: Move objects 176.709ms
[34.311s][info][gc,heap        ] GC(41) DefNew: 2464064K(2464064K)->634404K(3164160K) Eden: 2190336K(2190336K)->634404K(2812608K) From: 273728K(273728K)->0K(351552K)
[34.311s][info][gc,heap        ] GC(41) Tenured: 5201856K(5475468K)->7031487K(7031488K)
[34.311s][info][gc,metaspace   ] GC(41) Metaspace: 6302K(6464K)->6302K(6464K) NonClass: 5768K(5824K)->5768K(5824K) Class: 533K(640K)->533K(640K)
[34.311s][info][gc             ] GC(41) Pause Full (Allocation Failure) 9272M->7486M(9956M) 6534.330ms
[34.312s][info][gc,cpu         ] GC(41) User=6.50s Sys=0.00s Real=6.53s
[37.344s][info][gc,start       ] GC(42) Pause Full (Allocation Failure)
[37.344s][info][gc,phases,start] GC(42) Phase 1: Mark live objects
[41.893s][info][gc,phases      ] GC(42) Phase 1: Mark live objects 4549.137ms
[41.893s][info][gc,phases,start] GC(42) Phase 2: Compute new object addresses
[43.322s][info][gc,phases      ] GC(42) Phase 2: Compute new object addresses 1429.213ms
[43.322s][info][gc,phases,start] GC(42) Phase 3: Adjust pointers
[45.383s][info][gc,phases      ] GC(42) Phase 3: Adjust pointers 2060.411ms
[45.383s][info][gc,phases,start] GC(42) Phase 4: Move objects
[45.772s][info][gc,phases      ] GC(42) Phase 4: Move objects 389.185ms
[45.773s][info][gc,heap        ] GC(42) DefNew: 3164159K(3164160K)->3164137K(3164160K) Eden: 2812608K(2812608K)->2812607K(2812608K) From: 351551K(351552K)->351529K(351552K)
[45.773s][info][gc,heap        ] GC(42) Tenured: 7031487K(7031488K)->7031487K(7031488K)
[45.773s][info][gc,metaspace   ] GC(42) Metaspace: 6302K(6464K)->6302K(6464K) NonClass: 5768K(5824K)->5768K(5824K) Class: 533K(640K)->533K(640K)
[45.773s][info][gc             ] GC(42) Pause Full (Allocation Failure) 9956M->9956M(9956M) 8428.965ms
[45.773s][info][gc,cpu         ] GC(42) User=8.41s Sys=0.00s Real=8.43s
[45.773s][info][gc,start       ] GC(43) Pause Full (Allocation Failure)
[45.773s][info][gc,phases,start] GC(43) Phase 1: Mark live objects
[50.285s][info][gc,phases      ] GC(43) Phase 1: Mark live objects 4512.348ms
[50.286s][info][gc,phases,start] GC(43) Phase 2: Compute new object addresses
[51.670s][info][gc,phases      ] GC(43) Phase 2: Compute new object addresses 1384.802ms
[51.670s][info][gc,phases,start] GC(43) Phase 3: Adjust pointers
[53.541s][info][gc,phases      ] GC(43) Phase 3: Adjust pointers 1870.937ms
[53.541s][info][gc,phases,start] GC(43) Phase 4: Move objects
[53.541s][info][gc,phases      ] GC(43) Phase 4: Move objects 0.023ms
[53.542s][info][gc,heap        ] GC(43) DefNew: 3164159K(3164160K)->3164159K(3164160K) Eden: 2812607K(2812608K)->2812607K(2812608K) From: 351551K(351552K)->351551K(351552K)
[53.542s][info][gc,heap        ] GC(43) Tenured: 7031487K(7031488K)->7031487K(7031488K)
[53.542s][info][gc,metaspace   ] GC(43) Metaspace: 6302K(6464K)->6302K(6464K) NonClass: 5768K(5824K)->5768K(5824K) Class: 533K(640K)->533K(640K)
[53.542s][info][gc             ] GC(43) Pause Full (Allocation Failure) 9956M->9956M(9956M) 7768.937ms
[53.542s][info][gc,cpu         ] GC(43) User=7.72s Sys=0.00s Real=7.77s
[53.542s][info][gc,start       ] GC(44) Pause Full (Allocation Failure)
[53.542s][info][gc,phases,start] GC(44) Phase 1: Mark live objects
[58.055s][info][gc,phases      ] GC(44) Phase 1: Mark live objects 4513.370ms
[58.055s][info][gc,phases,start] GC(44) Phase 2: Compute new object addresses
[59.442s][info][gc,phases      ] GC(44) Phase 2: Compute new object addresses 1386.932ms
[59.443s][info][gc,phases,start] GC(44) Phase 3: Adjust pointers
[61.661s][info][gc,phases      ] GC(44) Phase 3: Adjust pointers 2218.121ms
[61.661s][info][gc,phases,start] GC(44) Phase 4: Move objects
[63.559s][info][gc,phases      ] GC(44) Phase 4: Move objects 1897.802ms
[63.559s][info][gc,heap        ] GC(44) DefNew: 3164159K(3164160K)->3033083K(3164160K) Eden: 2812607K(2812608K)->2812607K(2812608K) From: 351551K(351552K)->220475K(351552K)
[63.559s][info][gc,heap        ] GC(44) Tenured: 7031487K(7031488K)->7031487K(7031488K)
[63.559s][info][gc,metaspace   ] GC(44) Metaspace: 6302K(6464K)->6300K(6464K) NonClass: 5768K(5824K)->5767K(5824K) Class: 533K(640K)->532K(640K)
[63.559s][info][gc             ] GC(44) Pause Full (Allocation Failure) 9956M->9828M(9956M) 10017.177ms
[63.559s][info][gc,cpu         ] GC(44) User=9.97s Sys=0.00s Real=10.02s
[63.935s][info][gc,start       ] GC(45) Pause Full (Allocation Failure)
[63.935s][info][gc,phases,start] GC(45) Phase 1: Mark live objects
[68.467s][info][gc,phases      ] GC(45) Phase 1: Mark live objects 4531.848ms
[68.467s][info][gc,phases,start] GC(45) Phase 2: Compute new object addresses
[69.864s][info][gc,phases      ] GC(45) Phase 2: Compute new object addresses 1397.540ms
[69.864s][info][gc,phases,start] GC(45) Phase 3: Adjust pointers
[71.733s][info][gc,phases      ] GC(45) Phase 3: Adjust pointers 1868.903ms
[71.733s][info][gc,phases,start] GC(45) Phase 4: Move objects
[71.733s][info][gc,phases      ] GC(45) Phase 4: Move objects 0.016ms
[71.734s][info][gc,heap        ] GC(45) DefNew: 3164159K(3164160K)->3164159K(3164160K) Eden: 2812608K(2812608K)->2812608K(2812608K) From: 351551K(351552K)->351551K(351552K)
[71.734s][info][gc,heap        ] GC(45) Tenured: 7031487K(7031488K)->7031487K(7031488K)
[71.734s][info][gc,metaspace   ] GC(45) Metaspace: 6300K(6464K)->6300K(6464K) NonClass: 5767K(5824K)->5767K(5824K) Class: 532K(640K)->532K(640K)
[71.734s][info][gc             ] GC(45) Pause Full (Allocation Failure) 9956M->9956M(9956M) 7799.192ms
[71.734s][info][gc,cpu         ] GC(45) User=7.77s Sys=0.00s Real=7.80s
[71.734s][info][gc,start       ] GC(46) Pause Full (Allocation Failure)
[71.734s][info][gc,phases,start] GC(46) Phase 1: Mark live objects
[76.270s][info][gc,phases      ] GC(46) Phase 1: Mark live objects 4536.248ms
[76.270s][info][gc,phases,start] GC(46) Phase 2: Compute new object addresses
[77.669s][info][gc,phases      ] GC(46) Phase 2: Compute new object addresses 1399.134ms
[77.669s][info][gc,phases,start] GC(46) Phase 3: Adjust pointers
[79.543s][info][gc,phases      ] GC(46) Phase 3: Adjust pointers 1873.670ms
[79.543s][info][gc,phases,start] GC(46) Phase 4: Move objects
[79.543s][info][gc,phases      ] GC(46) Phase 4: Move objects 0.016ms
[79.544s][info][gc,heap        ] GC(46) DefNew: 3164159K(3164160K)->3164159K(3164160K) Eden: 2812608K(2812608K)->2812608K(2812608K) From: 351551K(351552K)->351551K(351552K)
[79.544s][info][gc,heap        ] GC(46) Tenured: 7031487K(7031488K)->7031487K(7031488K)
[79.544s][info][gc,metaspace   ] GC(46) Metaspace: 6300K(6464K)->6300K(6464K) NonClass: 5767K(5824K)->5767K(5824K) Class: 532K(640K)->532K(640K)
[79.544s][info][gc             ] GC(46) Pause Full (Allocation Failure) 9956M->9956M(9956M) 7809.878ms
[79.544s][info][gc,cpu         ] GC(46) User=7.78s Sys=0.00s Real=7.81s
[79.544s][info][gc,start       ] GC(47) Pause Full (Allocation Failure)
[79.544s][info][gc,phases,start] GC(47) Phase 1: Mark live objects
[84.104s][info][gc,phases      ] GC(47) Phase 1: Mark live objects 4559.743ms
[84.104s][info][gc,phases,start] GC(47) Phase 2: Compute new object addresses
[85.500s][info][gc,phases      ] GC(47) Phase 2: Compute new object addresses 1396.197ms
[85.500s][info][gc,phases,start] GC(47) Phase 3: Adjust pointers
[87.373s][info][gc,phases      ] GC(47) Phase 3: Adjust pointers 1872.557ms
[87.373s][info][gc,phases,start] GC(47) Phase 4: Move objects
[87.373s][info][gc,phases      ] GC(47) Phase 4: Move objects 0.017ms
[87.374s][info][gc,heap        ] GC(47) DefNew: 3164160K(3164160K)->3164160K(3164160K) Eden: 2812608K(2812608K)->2812608K(2812608K) From: 351552K(351552K)->351552K(351552K)
[87.374s][info][gc,heap        ] GC(47) Tenured: 7031487K(7031488K)->7031487K(7031488K)
[87.374s][info][gc,metaspace   ] GC(47) Metaspace: 6300K(6464K)->6300K(6464K) NonClass: 5767K(5824K)->5767K(5824K) Class: 532K(640K)->532K(640K)
[87.374s][info][gc             ] GC(47) Pause Full (Allocation Failure) 9956M->9956M(9956M) 7829.336ms
[87.374s][info][gc,cpu         ] GC(47) User=7.69s Sys=0.00s Real=7.83s
[87.374s][info][gc,start       ] GC(48) Pause Full (Allocation Failure)
[87.374s][info][gc,phases,start] GC(48) Phase 1: Mark live objects
[91.914s][info][gc,phases      ] GC(48) Phase 1: Mark live objects 4540.359ms
[91.914s][info][gc,phases,start] GC(48) Phase 2: Compute new object addresses
[93.322s][info][gc,phases      ] GC(48) Phase 2: Compute new object addresses 1407.851ms
[93.322s][info][gc,phases,start] GC(48) Phase 3: Adjust pointers
[95.561s][info][gc,phases      ] GC(48) Phase 3: Adjust pointers 2238.819ms
[95.561s][info][gc,phases,start] GC(48) Phase 4: Move objects
[97.217s][info][gc,phases      ] GC(48) Phase 4: Move objects 1656.388ms
[97.218s][info][gc,heap        ] GC(48) DefNew: 3164160K(3164160K)->3164158K(3164160K) Eden: 2812608K(2812608K)->2812607K(2812608K) From: 351552K(351552K)->351550K(351552K)
[97.218s][info][gc,heap        ] GC(48) Tenured: 7031487K(7031488K)->7031487K(7031488K)
[97.218s][info][gc,metaspace   ] GC(48) Metaspace: 6300K(6464K)->6300K(6464K) NonClass: 5767K(5824K)->5767K(5824K) Class: 532K(640K)->532K(640K)
[97.218s][info][gc             ] GC(48) Pause Full (Allocation Failure) 9956M->9956M(9956M) 9844.367ms
[97.218s][info][gc,cpu         ] GC(48) User=9.75s Sys=0.00s Real=9.84s
[97.219s][info][gc,start       ] GC(49) Pause Full (Allocation Failure)
[97.219s][info][gc,phases,start] GC(49) Phase 1: Mark live objects
[101.760s][info][gc,phases      ] GC(49) Phase 1: Mark live objects 4541.350ms
[101.760s][info][gc,phases,start] GC(49) Phase 2: Compute new object addresses
[103.153s][info][gc,phases      ] GC(49) Phase 2: Compute new object addresses 1392.488ms
[103.153s][info][gc,phases,start] GC(49) Phase 3: Adjust pointers
[105.012s][info][gc,phases      ] GC(49) Phase 3: Adjust pointers 1859.255ms
[105.012s][info][gc,phases,start] GC(49) Phase 4: Move objects
[105.012s][info][gc,phases      ] GC(49) Phase 4: Move objects 0.017ms
[105.013s][info][gc,heap        ] GC(49) DefNew: 3164159K(3164160K)->3164159K(3164160K) Eden: 2812607K(2812608K)->2812607K(2812608K) From: 351551K(351552K)->351551K(351552K)
[105.013s][info][gc,heap        ] GC(49) Tenured: 7031487K(7031488K)->7031487K(7031488K)
[105.013s][info][gc,metaspace   ] GC(49) Metaspace: 6302K(6528K)->6302K(6528K) NonClass: 5768K(5888K)->5768K(5888K) Class: 533K(640K)->533K(640K)
[105.013s][info][gc             ] GC(49) Pause Full (Allocation Failure) 9956M->9956M(9956M) 7793.977ms
[105.013s][info][gc,cpu         ] GC(49) User=7.73s Sys=0.00s Real=7.79s
[105.014s][info][gc,heap,exit   ] Heap
[105.014s][info][gc,heap,exit   ]  def new generation   total 3164160K, used 3164159K [0x000000057c400000, 0x0000000652d50000, 0x0000000652d50000)
[105.014s][info][gc,heap,exit   ]   eden space 2812608K, 100% used [0x000000057c400000, 0x0000000627eb0000, 0x0000000627eb0000)
[105.014s][info][gc,heap,exit   ]   from space 351552K,  99% used [0x0000000627eb0000, 0x000000063d5fffd0, 0x000000063d600000)
[105.014s][info][gc,heap,exit   ]   to   space 351552K,   0% used [0x000000063d600000, 0x000000063d600000, 0x0000000652d50000)
[105.014s][info][gc,heap,exit   ]  tenured generation   total 7031488K, used 7031487K [0x0000000652d50000, 0x0000000800000000, 0x0000000800000000)
[105.014s][info][gc,heap,exit   ]    the space 7031488K,  99% used [0x0000000652d50000, 0x00000007ffffff80, 0x0000000800000000, 0x0000000800000000)
[105.014s][info][gc,heap,exit   ]  Metaspace       used 6305K, committed 6528K, reserved 1114112K
[105.014s][info][gc,heap,exit   ]   class space    used 534K, committed 640K, reserved 1048576K
