[0.012s][info][gc,init] CardTable entry size: 512
[0.013s][info][gc     ] Using Serial
[0.013s][info][gc,init] Version: 18.0.1+10 (release)
[0.013s][info][gc,init] CPUs: 8 total, 8 available
[0.013s][info][gc,init] Memory: 16063M
[0.013s][info][gc,init] Large Page Support: Disabled
[0.013s][info][gc,init] NUMA Support: Disabled
[0.013s][info][gc,init] Compressed Oops: Enabled (Zero based)
[0.013s][info][gc,init] Heap Min Capacity: 2M
[0.013s][info][gc,init] Heap Initial Capacity: 2M
[0.013s][info][gc,init] Heap Max Capacity: 3200M
[0.013s][info][gc,init] Pre-touch: Disabled
[0.014s][info][gc,metaspace] CDS archive(s) not mapped
[0.014s][info][gc,metaspace] Compressed class space mapped at: 0x0000000800000000-0x0000000840000000, reserved size: 1073741824
[0.014s][info][gc,metaspace] Narrow klass base: 0x0000000800000000, Narrow klass shift: 0, Narrow klass range: 0x40000000
[0.182s][info][gc,start    ] GC(0) Pause Young (Allocation Failure)
[0.184s][info][gc,heap     ] GC(0) DefNew: 1023K(1152K)->127K(1152K) Eden: 1023K(1024K)->0K(1024K) From: 0K(128K)->127K(128K)
[0.184s][info][gc,heap     ] GC(0) Tenured: 0K(768K)->440K(768K)
[0.184s][info][gc,metaspace] GC(0) Metaspace: 5903K(6016K)->5903K(6016K) NonClass: 5404K(5504K)->5404K(5504K) Class: 499K(512K)->499K(512K)
[0.184s][info][gc          ] GC(0) Pause Young (Allocation Failure) 0M->0M(1M) 1.839ms
[0.184s][info][gc,cpu      ] GC(0) User=0.00s Sys=0.00s Real=0.00s
[0.205s][info][gc,start    ] GC(1) Pause Young (Allocation Failure)
[0.206s][info][gc          ] GC(1) Pause Young (Allocation Failure) 1M->0M(2M) 1.118ms
[0.206s][info][gc,cpu      ] GC(1) User=0.00s Sys=0.00s Real=0.00s
[0.206s][info][gc,start    ] GC(2) Pause Full (Allocation Failure)
[0.206s][info][gc,phases,start] GC(2) Phase 1: Mark live objects
[0.207s][info][gc,phases      ] GC(2) Phase 1: Mark live objects 0.889ms
[0.207s][info][gc,phases,start] GC(2) Phase 2: Compute new object addresses
[0.207s][info][gc,phases      ] GC(2) Phase 2: Compute new object addresses 0.220ms
[0.207s][info][gc,phases,start] GC(2) Phase 3: Adjust pointers
[0.208s][info][gc,phases      ] GC(2) Phase 3: Adjust pointers 0.455ms
[0.208s][info][gc,phases,start] GC(2) Phase 4: Move objects
[0.208s][info][gc,phases      ] GC(2) Phase 4: Move objects 0.061ms
[0.208s][info][gc,heap        ] GC(2) DefNew: 1151K(1152K)->40K(1152K) Eden: 1024K(1024K)->40K(1024K) From: 127K(128K)->0K(128K)
[0.208s][info][gc,heap        ] GC(2) Tenured: 440K(768K)->959K(1600K)
[0.208s][info][gc,metaspace   ] GC(2) Metaspace: 6300K(6528K)->6300K(6528K) NonClass: 5767K(5888K)->5767K(5888K) Class: 533K(640K)->533K(640K)
[0.208s][info][gc             ] GC(2) Pause Full (Allocation Failure) 0M->0M(2M) 1.877ms
[0.208s][info][gc,cpu         ] GC(2) User=0.00s Sys=0.00s Real=0.00s
[0.209s][info][gc,start       ] GC(3) Pause Young (Allocation Failure)
[0.211s][info][gc,heap        ] GC(3) DefNew: 1024K(1152K)->128K(1152K) Eden: 1024K(1024K)->0K(1024K) From: 0K(128K)->128K(128K)
[0.211s][info][gc,heap        ] GC(3) Tenured: 959K(1600K)->1375K(1600K)
[0.211s][info][gc,metaspace   ] GC(3) Metaspace: 6300K(6528K)->6300K(6528K) NonClass: 5767K(5888K)->5767K(5888K) Class: 533K(640K)->533K(640K)
[0.211s][info][gc             ] GC(3) Pause Young (Allocation Failure) 1M->1M(2M) 1.700ms
[0.211s][info][gc,cpu         ] GC(3) User=0.00s Sys=0.00s Real=0.00s
[0.212s][info][gc,start       ] GC(4) Pause Young (Allocation Failure)
[0.213s][info][gc             ] GC(4) Pause Young (Allocation Failure) 2M->1M(3M) 1.127ms
[0.214s][info][gc,cpu         ] GC(4) User=0.00s Sys=0.00s Real=0.00s
[0.214s][info][gc,start       ] GC(5) Pause Full (Allocation Failure)
[0.214s][info][gc,phases,start] GC(5) Phase 1: Mark live objects
[0.215s][info][gc,phases      ] GC(5) Phase 1: Mark live objects 1.321ms
[0.215s][info][gc,phases,start] GC(5) Phase 2: Compute new object addresses
[0.215s][info][gc,phases      ] GC(5) Phase 2: Compute new object addresses 0.365ms
[0.215s][info][gc,phases,start] GC(5) Phase 3: Adjust pointers
[0.216s][info][gc,phases      ] GC(5) Phase 3: Adjust pointers 0.640ms
[0.216s][info][gc,phases,start] GC(5) Phase 4: Move objects
[0.216s][info][gc,phases      ] GC(5) Phase 4: Move objects 0.072ms
[0.216s][info][gc,heap        ] GC(5) DefNew: 1152K(1152K)->35K(1536K) Eden: 1024K(1024K)->35K(1408K) From: 128K(128K)->0K(128K)
[0.216s][info][gc,heap        ] GC(5) Tenured: 1375K(1600K)->1983K(3308K)
[0.216s][info][gc,metaspace   ] GC(5) Metaspace: 6300K(6528K)->6300K(6528K) NonClass: 5767K(5888K)->5767K(5888K) Class: 533K(640K)->533K(640K)
[0.216s][info][gc             ] GC(5) Pause Full (Allocation Failure) 1M->1M(4M) 2.732ms
[0.216s][info][gc,cpu         ] GC(5) User=0.00s Sys=0.00s Real=0.00s
[0.218s][info][gc,start       ] GC(6) Pause Young (Allocation Failure)
[0.220s][info][gc,heap        ] GC(6) DefNew: 1408K(1536K)->128K(1536K) Eden: 1408K(1408K)->0K(1408K) From: 0K(128K)->128K(128K)
[0.220s][info][gc,heap        ] GC(6) Tenured: 1983K(3308K)->2617K(3308K)
[0.220s][info][gc,metaspace   ] GC(6) Metaspace: 6300K(6528K)->6300K(6528K) NonClass: 5767K(5888K)->5767K(5888K) Class: 533K(640K)->533K(640K)
[0.220s][info][gc             ] GC(6) Pause Young (Allocation Failure) 3M->2M(4M) 1.969ms
[0.220s][info][gc,cpu         ] GC(6) User=0.00s Sys=0.00s Real=0.00s
[0.221s][info][gc,start       ] GC(7) Pause Young (Allocation Failure)
[0.223s][info][gc             ] GC(7) Pause Young (Allocation Failure) 4M->3M(4M) 1.917ms
[0.223s][info][gc,cpu         ] GC(7) User=0.00s Sys=0.00s Real=0.00s
[0.224s][info][gc,start       ] GC(8) Pause Full (Allocation Failure)
[0.224s][info][gc,phases,start] GC(8) Phase 1: Mark live objects
[0.226s][info][gc,phases      ] GC(8) Phase 1: Mark live objects 2.569ms
[0.226s][info][gc,phases,start] GC(8) Phase 2: Compute new object addresses
[0.227s][info][gc,phases      ] GC(8) Phase 2: Compute new object addresses 0.710ms
[0.227s][info][gc,phases,start] GC(8) Phase 3: Adjust pointers
[0.228s][info][gc,phases      ] GC(8) Phase 3: Adjust pointers 1.031ms
[0.228s][info][gc,phases,start] GC(8) Phase 4: Move objects
[0.228s][info][gc,phases      ] GC(8) Phase 4: Move objects 0.089ms
[0.228s][info][gc,heap        ] GC(8) DefNew: 1536K(1536K)->0K(2688K) Eden: 1408K(1408K)->0K(2432K) From: 128K(128K)->0K(256K)
[0.228s][info][gc,heap        ] GC(8) Tenured: 2617K(3308K)->3460K(5768K)
[0.228s][info][gc,metaspace   ] GC(8) Metaspace: 6300K(6528K)->6300K(6528K) NonClass: 5767K(5888K)->5767K(5888K) Class: 533K(640K)->533K(640K)
[0.228s][info][gc             ] GC(8) Pause Full (Allocation Failure) 3M->3M(8M) 4.775ms
[0.228s][info][gc,cpu         ] GC(8) User=0.00s Sys=0.00s Real=0.00s
[0.233s][info][gc,start       ] GC(9) Pause Young (Allocation Failure)
[0.235s][info][gc,heap        ] GC(9) DefNew: 2432K(2688K)->255K(2688K) Eden: 2432K(2432K)->0K(2432K) From: 0K(256K)->255K(256K)
[0.235s][info][gc,heap        ] GC(9) Tenured: 3460K(5768K)->4512K(5768K)
[0.235s][info][gc,metaspace   ] GC(9) Metaspace: 6300K(6528K)->6300K(6528K) NonClass: 5767K(5888K)->5767K(5888K) Class: 533K(640K)->533K(640K)
[0.235s][info][gc             ] GC(9) Pause Young (Allocation Failure) 5M->4M(8M) 2.669ms
[0.235s][info][gc,cpu         ] GC(9) User=0.00s Sys=0.00s Real=0.00s
[0.239s][info][gc,start       ] GC(10) Pause Young (Allocation Failure)
[0.242s][info][gc,heap        ] GC(10) DefNew: 2687K(2688K)->256K(2688K) Eden: 2432K(2432K)->0K(2432K) From: 255K(256K)->256K(256K)
[0.242s][info][gc,heap        ] GC(10) Tenured: 4512K(5768K)->5755K(5768K)
[0.242s][info][gc,metaspace   ] GC(10) Metaspace: 6300K(6528K)->6300K(6528K) NonClass: 5767K(5888K)->5767K(5888K) Class: 533K(640K)->533K(640K)
[0.242s][info][gc             ] GC(10) Pause Young (Allocation Failure) 7M->5M(8M) 2.990ms
[0.242s][info][gc,cpu         ] GC(10) User=0.00s Sys=0.00s Real=0.00s
[0.245s][info][gc,start       ] GC(11) Pause Young (Allocation Failure)
[0.249s][info][gc             ] GC(11) Pause Young (Allocation Failure) 8M->7M(9M) 3.321ms
[0.249s][info][gc,cpu         ] GC(11) User=0.00s Sys=0.00s Real=0.00s
[0.249s][info][gc,start       ] GC(12) Pause Full (Allocation Failure)
[0.249s][info][gc,phases,start] GC(12) Phase 1: Mark live objects
[0.254s][info][gc,phases      ] GC(12) Phase 1: Mark live objects 4.657ms
[0.254s][info][gc,phases,start] GC(12) Phase 2: Compute new object addresses
[0.255s][info][gc,phases      ] GC(12) Phase 2: Compute new object addresses 1.320ms
[0.255s][info][gc,phases,start] GC(12) Phase 3: Adjust pointers
[0.257s][info][gc,phases      ] GC(12) Phase 3: Adjust pointers 1.790ms
[0.257s][info][gc,phases,start] GC(12) Phase 4: Move objects
[0.258s][info][gc,phases      ] GC(12) Phase 4: Move objects 1.238ms
[0.258s][info][gc,heap        ] GC(12) DefNew: 2688K(2688K)->0K(5376K) Eden: 2432K(2432K)->0K(4800K) From: 256K(256K)->0K(576K)
[0.258s][info][gc,heap        ] GC(12) Tenured: 5755K(5768K)->7132K(11888K)
[0.258s][info][gc,metaspace   ] GC(12) Metaspace: 6300K(6528K)->6300K(6528K) NonClass: 5767K(5888K)->5767K(5888K) Class: 533K(640K)->533K(640K)
[0.258s][info][gc             ] GC(12) Pause Full (Allocation Failure) 7M->6M(16M) 9.518ms
[0.258s][info][gc,cpu         ] GC(12) User=0.00s Sys=0.00s Real=0.01s
[0.264s][info][gc,start       ] GC(13) Pause Young (Allocation Failure)
[0.269s][info][gc,heap        ] GC(13) DefNew: 4800K(5376K)->576K(5376K) Eden: 4800K(4800K)->0K(4800K) From: 0K(576K)->576K(576K)
[0.269s][info][gc,heap        ] GC(13) Tenured: 7132K(11888K)->9027K(11888K)
[0.269s][info][gc,metaspace   ] GC(13) Metaspace: 6300K(6528K)->6300K(6528K) NonClass: 5767K(5888K)->5767K(5888K) Class: 533K(640K)->533K(640K)
[0.269s][info][gc             ] GC(13) Pause Young (Allocation Failure) 11M->9M(16M) 4.733ms
[0.269s][info][gc,cpu         ] GC(13) User=0.00s Sys=0.00s Real=0.00s
[0.274s][info][gc,start       ] GC(14) Pause Young (Allocation Failure)
[0.280s][info][gc,heap        ] GC(14) DefNew: 5376K(5376K)->576K(5376K) Eden: 4800K(4800K)->0K(4800K) From: 576K(576K)->576K(576K)
[0.280s][info][gc,heap        ] GC(14) Tenured: 9027K(11888K)->11747K(11888K)
[0.281s][info][gc,metaspace   ] GC(14) Metaspace: 6300K(6528K)->6300K(6528K) NonClass: 5767K(5888K)->5767K(5888K) Class: 533K(640K)->533K(640K)
[0.281s][info][gc             ] GC(14) Pause Young (Allocation Failure) 14M->12M(16M) 6.893ms
[0.281s][info][gc,cpu         ] GC(14) User=0.00s Sys=0.00s Real=0.01s
[0.285s][info][gc,start       ] GC(15) Pause Young (Allocation Failure)
[0.291s][info][gc             ] GC(15) Pause Young (Allocation Failure) 16M->14M(19M) 6.498ms
[0.291s][info][gc,cpu         ] GC(15) User=0.00s Sys=0.00s Real=0.01s
[0.291s][info][gc,start       ] GC(16) Pause Full (Allocation Failure)
[0.291s][info][gc,phases,start] GC(16) Phase 1: Mark live objects
[0.299s][info][gc,phases      ] GC(16) Phase 1: Mark live objects 7.888ms
[0.299s][info][gc,phases,start] GC(16) Phase 2: Compute new object addresses
[0.301s][info][gc,phases      ] GC(16) Phase 2: Compute new object addresses 2.400ms
[0.302s][info][gc,phases,start] GC(16) Phase 3: Adjust pointers
[0.305s][info][gc,phases      ] GC(16) Phase 3: Adjust pointers 3.183ms
[0.305s][info][gc,phases,start] GC(16) Phase 4: Move objects
[0.305s][info][gc,phases      ] GC(16) Phase 4: Move objects 0.196ms
[0.305s][info][gc,heap        ] GC(16) DefNew: 5376K(5376K)->387K(10880K) Eden: 4800K(4800K)->387K(9728K) From: 576K(576K)->0K(1152K)
[0.305s][info][gc,heap        ] GC(16) Tenured: 11747K(11888K)->14383K(23976K)
[0.305s][info][gc,metaspace   ] GC(16) Metaspace: 6302K(6528K)->6302K(6528K) NonClass: 5769K(5888K)->5769K(5888K) Class: 533K(640K)->533K(640K)
[0.305s][info][gc             ] GC(16) Pause Full (Allocation Failure) 14M->14M(34M) 14.063ms
[0.305s][info][gc,cpu         ] GC(16) User=0.02s Sys=0.00s Real=0.01s
[0.312s][info][gc,start       ] GC(17) Pause Young (Allocation Failure)
[0.325s][info][gc,heap        ] GC(17) DefNew: 9728K(10880K)->1151K(10880K) Eden: 9728K(9728K)->0K(9728K) From: 0K(1152K)->1151K(1152K)
[0.325s][info][gc,heap        ] GC(17) Tenured: 14383K(23976K)->18415K(23976K)
[0.325s][info][gc,metaspace   ] GC(17) Metaspace: 6302K(6528K)->6302K(6528K) NonClass: 5769K(5888K)->5769K(5888K) Class: 533K(640K)->533K(640K)
[0.325s][info][gc             ] GC(17) Pause Young (Allocation Failure) 23M->19M(34M) 13.159ms
[0.325s][info][gc,cpu         ] GC(17) User=0.00s Sys=0.00s Real=0.01s
[0.333s][info][gc,start       ] GC(18) Pause Young (Allocation Failure)
[0.345s][info][gc,heap        ] GC(18) DefNew: 10879K(10880K)->1151K(10880K) Eden: 9728K(9728K)->0K(9728K) From: 1151K(1152K)->1151K(1152K)
[0.345s][info][gc,heap        ] GC(18) Tenured: 18415K(23976K)->23936K(23976K)
[0.345s][info][gc,metaspace   ] GC(18) Metaspace: 6302K(6528K)->6302K(6528K) NonClass: 5769K(5888K)->5769K(5888K) Class: 533K(640K)->533K(640K)
[0.345s][info][gc             ] GC(18) Pause Young (Allocation Failure) 28M->24M(34M) 11.850ms
[0.345s][info][gc,cpu         ] GC(18) User=0.00s Sys=0.00s Real=0.01s
[0.351s][info][gc,start       ] GC(19) Pause Young (Allocation Failure)
[0.362s][info][gc             ] GC(19) Pause Young (Allocation Failure) 34M->29M(38M) 11.209ms
[0.362s][info][gc,cpu         ] GC(19) User=0.00s Sys=0.00s Real=0.01s
[0.362s][info][gc,start       ] GC(20) Pause Full (Allocation Failure)
[0.362s][info][gc,phases,start] GC(20) Phase 1: Mark live objects
[0.377s][info][gc,phases      ] GC(20) Phase 1: Mark live objects 14.272ms
[0.377s][info][gc,phases,start] GC(20) Phase 2: Compute new object addresses
[0.382s][info][gc,phases      ] GC(20) Phase 2: Compute new object addresses 4.792ms
[0.382s][info][gc,phases,start] GC(20) Phase 3: Adjust pointers
[0.387s][info][gc,phases      ] GC(20) Phase 3: Adjust pointers 5.300ms
[0.387s][info][gc,phases,start] GC(20) Phase 4: Move objects
[0.387s][info][gc,phases      ] GC(20) Phase 4: Move objects 0.193ms
[0.387s][info][gc,heap        ] GC(20) DefNew: 10879K(10880K)->1080K(21888K) Eden: 9728K(9728K)->1080K(19520K) From: 1151K(1152K)->0K(2368K)
[0.387s][info][gc,heap        ] GC(20) Tenured: 23936K(23976K)->29035K(48396K)
[0.387s][info][gc,metaspace   ] GC(20) Metaspace: 6302K(6528K)->6302K(6528K) NonClass: 5769K(5888K)->5769K(5888K) Class: 533K(640K)->533K(640K)
[0.387s][info][gc             ] GC(20) Pause Full (Allocation Failure) 29M->29M(68M) 24.973ms
[0.387s][info][gc,cpu         ] GC(20) User=0.03s Sys=0.00s Real=0.02s
[0.405s][info][gc,start       ] GC(21) Pause Young (Allocation Failure)
[0.436s][info][gc,heap        ] GC(21) DefNew: 19520K(21888K)->2367K(21888K) Eden: 19520K(19520K)->0K(19520K) From: 0K(2368K)->2367K(2368K)
[0.436s][info][gc,heap        ] GC(21) Tenured: 29035K(48396K)->41014K(48396K)
[0.436s][info][gc,metaspace   ] GC(21) Metaspace: 6302K(6528K)->6302K(6528K) NonClass: 5769K(5888K)->5769K(5888K) Class: 533K(640K)->533K(640K)
[0.436s][info][gc             ] GC(21) Pause Young (Allocation Failure) 47M->42M(68M) 31.065ms
[0.436s][info][gc,cpu         ] GC(21) User=0.02s Sys=0.00s Real=0.03s
[0.454s][info][gc,start       ] GC(22) Pause Young (Allocation Failure)
[0.490s][info][gc             ] GC(22) Pause Young (Allocation Failure) 61M->61M(80M) 35.785ms
[0.490s][info][gc,cpu         ] GC(22) User=0.03s Sys=0.00s Real=0.04s
[0.490s][info][gc,start       ] GC(23) Pause Full (Allocation Failure)
[0.490s][info][gc,phases,start] GC(23) Phase 1: Mark live objects
[0.516s][info][gc,phases      ] GC(23) Phase 1: Mark live objects 25.749ms
[0.516s][info][gc,phases,start] GC(23) Phase 2: Compute new object addresses
[0.526s][info][gc,phases      ] GC(23) Phase 2: Compute new object addresses 9.629ms
[0.526s][info][gc,phases,start] GC(23) Phase 3: Adjust pointers
[0.537s][info][gc,phases      ] GC(23) Phase 3: Adjust pointers 11.189ms
[0.537s][info][gc,phases,start] GC(23) Phase 4: Move objects
[0.537s][info][gc,phases      ] GC(23) Phase 4: Move objects 0.434ms
[0.538s][info][gc,heap        ] GC(23) DefNew: 21887K(21888K)->2187K(45568K) Eden: 19520K(19520K)->2187K(40512K) From: 2367K(2368K)->0K(5056K)
[0.538s][info][gc,heap        ] GC(23) Tenured: 41014K(48396K)->60683K(101140K)
[0.538s][info][gc,metaspace   ] GC(23) Metaspace: 6302K(6528K)->6302K(6528K) NonClass: 5769K(5888K)->5769K(5888K) Class: 533K(640K)->533K(640K)
[0.538s][info][gc             ] GC(23) Pause Full (Allocation Failure) 61M->61M(143M) 47.628ms
[0.538s][info][gc,cpu         ] GC(23) User=0.05s Sys=0.00s Real=0.05s
[0.581s][info][gc,start       ] GC(24) Pause Young (Allocation Failure)
[0.646s][info][gc,heap        ] GC(24) DefNew: 40512K(45568K)->5055K(45568K) Eden: 40512K(40512K)->0K(40512K) From: 0K(5056K)->5055K(5056K)
[0.646s][info][gc,heap        ] GC(24) Tenured: 60683K(101140K)->96114K(101140K)
[0.646s][info][gc,metaspace   ] GC(24) Metaspace: 6302K(6528K)->6302K(6528K) NonClass: 5769K(5888K)->5769K(5888K) Class: 533K(640K)->533K(640K)
[0.646s][info][gc             ] GC(24) Pause Young (Allocation Failure) 98M->98M(143M) 65.282ms
[0.646s][info][gc,cpu         ] GC(24) User=0.05s Sys=0.02s Real=0.07s
[0.680s][info][gc,start       ] GC(25) Pause Young (Allocation Failure)
[0.758s][info][gc             ] GC(25) Pause Young (Allocation Failure) 138M->138M(178M) 77.946ms
[0.758s][info][gc,cpu         ] GC(25) User=0.06s Sys=0.00s Real=0.08s
[0.758s][info][gc,start       ] GC(26) Pause Full (Allocation Failure)
[0.758s][info][gc,phases,start] GC(26) Phase 1: Mark live objects
[0.817s][info][gc,phases      ] GC(26) Phase 1: Mark live objects 58.857ms
[0.817s][info][gc,phases,start] GC(26) Phase 2: Compute new object addresses
[0.839s][info][gc,phases      ] GC(26) Phase 2: Compute new object addresses 22.005ms
[0.839s][info][gc,phases,start] GC(26) Phase 3: Adjust pointers
[0.866s][info][gc,phases      ] GC(26) Phase 3: Adjust pointers 26.689ms
[0.866s][info][gc,phases,start] GC(26) Phase 4: Move objects
[0.890s][info][gc,phases      ] GC(26) Phase 4: Move objects 24.555ms
[0.891s][info][gc,heap        ] GC(26) DefNew: 45567K(45568K)->1084K(102592K) Eden: 40512K(40512K)->1084K(91200K) From: 5055K(5056K)->0K(11392K)
[0.891s][info][gc,heap        ] GC(26) Tenured: 96114K(101140K)->136727K(227880K)
[0.891s][info][gc,metaspace   ] GC(26) Metaspace: 6302K(6528K)->6302K(6528K) NonClass: 5769K(5888K)->5769K(5888K) Class: 533K(640K)->533K(640K)
[0.891s][info][gc             ] GC(26) Pause Full (Allocation Failure) 138M->134M(322M) 132.900ms
[0.891s][info][gc,cpu         ] GC(26) User=0.14s Sys=0.00s Real=0.13s
[0.984s][info][gc,start       ] GC(27) Pause Young (Allocation Failure)
[1.140s][info][gc,heap        ] GC(27) DefNew: 91200K(102592K)->11391K(102592K) Eden: 91200K(91200K)->0K(91200K) From: 0K(11392K)->11391K(11392K)
[1.140s][info][gc,heap        ] GC(27) Tenured: 136727K(227880K)->216509K(227880K)
[1.140s][info][gc,metaspace   ] GC(27) Metaspace: 6302K(6528K)->6302K(6528K) NonClass: 5769K(5888K)->5769K(5888K) Class: 533K(640K)->533K(640K)
[1.140s][info][gc             ] GC(27) Pause Young (Allocation Failure) 222M->222M(322M) 156.020ms
[1.140s][info][gc,cpu         ] GC(27) User=0.14s Sys=0.00s Real=0.16s
[1.227s][info][gc,start       ] GC(28) Pause Young (Allocation Failure)
[1.401s][info][gc             ] GC(28) Pause Young (Allocation Failure) 311M->311M(400M) 173.684ms
[1.401s][info][gc,cpu         ] GC(28) User=0.14s Sys=0.02s Real=0.17s
[1.401s][info][gc,start       ] GC(29) Pause Full (Allocation Failure)
[1.401s][info][gc,phases,start] GC(29) Phase 1: Mark live objects
[1.546s][info][gc,phases      ] GC(29) Phase 1: Mark live objects 145.136ms
[1.546s][info][gc,phases,start] GC(29) Phase 2: Compute new object addresses
[1.604s][info][gc,phases      ] GC(29) Phase 2: Compute new object addresses 58.091ms
[1.604s][info][gc,phases,start] GC(29) Phase 3: Adjust pointers
[1.661s][info][gc,phases      ] GC(29) Phase 3: Adjust pointers 56.694ms
[1.661s][info][gc,phases,start] GC(29) Phase 4: Move objects
[1.663s][info][gc,phases      ] GC(29) Phase 4: Move objects 2.401ms
[1.664s][info][gc,heap        ] GC(29) DefNew: 102591K(102592K)->11379K(230848K) Eden: 91200K(91200K)->11379K(205248K) From: 11391K(11392K)->0K(25600K)
[1.664s][info][gc,heap        ] GC(29) Tenured: 216509K(227880K)->307691K(512820K)
[1.664s][info][gc,metaspace   ] GC(29) Metaspace: 6302K(6528K)->6302K(6528K) NonClass: 5769K(5888K)->5769K(5888K) Class: 533K(640K)->533K(640K)
[1.664s][info][gc             ] GC(29) Pause Full (Allocation Failure) 311M->311M(726M) 263.571ms
[1.664s][info][gc,cpu         ] GC(29) User=0.27s Sys=0.00s Real=0.26s
[1.875s][info][gc,start       ] GC(30) Pause Young (Allocation Failure)
[2.251s][info][gc,heap        ] GC(30) DefNew: 205248K(230848K)->25599K(230848K) Eden: 205248K(205248K)->0K(205248K) From: 0K(25600K)->25599K(25600K)
[2.251s][info][gc,heap        ] GC(30) Tenured: 307691K(512820K)->487314K(512820K)
[2.251s][info][gc,metaspace   ] GC(30) Metaspace: 6302K(6528K)->6302K(6528K) NonClass: 5769K(5888K)->5769K(5888K) Class: 533K(640K)->533K(640K)
[2.251s][info][gc             ] GC(30) Pause Young (Allocation Failure) 500M->500M(726M) 376.500ms
[2.251s][info][gc,cpu         ] GC(30) User=0.31s Sys=0.05s Real=0.38s
[2.439s][info][gc,start       ] GC(31) Pause Young (Allocation Failure)
[2.833s][info][gc             ] GC(31) Pause Young (Allocation Failure) 701M->700M(901M) 393.938ms
[2.833s][info][gc,cpu         ] GC(31) User=0.33s Sys=0.03s Real=0.39s
[2.833s][info][gc,start       ] GC(32) Pause Full (Allocation Failure)
[2.833s][info][gc,phases,start] GC(32) Phase 1: Mark live objects
[3.157s][info][gc,phases      ] GC(32) Phase 1: Mark live objects 324.677ms
[3.158s][info][gc,phases,start] GC(32) Phase 2: Compute new object addresses
[3.270s][info][gc,phases      ] GC(32) Phase 2: Compute new object addresses 112.240ms
[3.270s][info][gc,phases,start] GC(32) Phase 3: Adjust pointers
[3.390s][info][gc,phases      ] GC(32) Phase 3: Adjust pointers 120.002ms
[3.390s][info][gc,phases,start] GC(32) Phase 4: Move objects
[3.397s][info][gc,phases      ] GC(32) Phase 4: Move objects 6.718ms
[3.399s][info][gc,heap        ] GC(32) DefNew: 230847K(230848K)->25508K(518976K) Eden: 205248K(205248K)->25508K(461312K) From: 25599K(25600K)->0K(57664K)
[3.399s][info][gc,heap        ] GC(32) Tenured: 487314K(512820K)->691955K(1153260K)
[3.399s][info][gc,metaspace   ] GC(32) Metaspace: 6302K(6528K)->6302K(6528K) NonClass: 5769K(5888K)->5769K(5888K) Class: 533K(640K)->533K(640K)
[3.399s][info][gc             ] GC(32) Pause Full (Allocation Failure) 700M->700M(1633M) 566.007ms
[3.399s][info][gc,cpu         ] GC(32) User=0.55s Sys=0.00s Real=0.57s
[3.858s][info][gc,start       ] GC(33) Pause Young (Allocation Failure)
[4.648s][info][gc,heap        ] GC(33) DefNew: 461312K(518976K)->57664K(518976K) Eden: 461312K(461312K)->0K(461312K) From: 0K(57664K)->57664K(57664K)
[4.648s][info][gc,heap        ] GC(33) Tenured: 691955K(1153260K)->1095576K(1153260K)
[4.648s][info][gc,metaspace   ] GC(33) Metaspace: 6302K(6528K)->6302K(6528K) NonClass: 5769K(5888K)->5769K(5888K) Class: 533K(640K)->533K(640K)
[4.648s][info][gc             ] GC(33) Pause Young (Allocation Failure) 1126M->1126M(1633M) 790.178ms
[4.648s][info][gc,cpu         ] GC(33) User=0.62s Sys=0.16s Real=0.79s
[5.129s][info][gc,start       ] GC(34) Pause Young (Allocation Failure)
[5.920s][info][gc             ] GC(34) Pause Young (Allocation Failure) 1576M->1526M(1977M) 790.688ms
[5.920s][info][gc,cpu         ] GC(34) User=0.69s Sys=0.08s Real=0.79s
[5.920s][info][gc,start       ] GC(35) Pause Full (Allocation Failure)
[5.920s][info][gc,phases,start] GC(35) Phase 1: Mark live objects
[6.627s][info][gc,phases      ] GC(35) Phase 1: Mark live objects 707.322ms
[6.627s][info][gc,phases,start] GC(35) Phase 2: Compute new object addresses
[6.878s][info][gc,phases      ] GC(35) Phase 2: Compute new object addresses 250.471ms
[6.878s][info][gc,phases,start] GC(35) Phase 3: Adjust pointers
[7.147s][info][gc,phases      ] GC(35) Phase 3: Adjust pointers 269.236ms
[7.147s][info][gc,phases,start] GC(35) Phase 4: Move objects
[7.159s][info][gc,phases      ] GC(35) Phase 4: Move objects 12.270ms
[7.162s][info][gc,heap        ] GC(35) DefNew: 518976K(518976K)->57610K(983040K) Eden: 461312K(461312K)->57610K(873856K) From: 57664K(57664K)->0K(109184K)
[7.162s][info][gc,heap        ] GC(35) Tenured: 1095576K(1153260K)->1505840K(2184576K)
[7.162s][info][gc,metaspace   ] GC(35) Metaspace: 6302K(6528K)->6302K(6528K) NonClass: 5769K(5888K)->5769K(5888K) Class: 533K(640K)->533K(640K)
[7.162s][info][gc             ] GC(35) Pause Full (Allocation Failure) 1526M->1526M(3093M) 1242.670ms
[7.162s][info][gc,cpu         ] GC(35) User=1.20s Sys=0.02s Real=1.24s
[7.992s][info][gc,start       ] GC(36) Pause Young (Allocation Failure)
[9.632s][info][gc,promotion   ] GC(36) Promotion failed
[9.632s][info][gc             ] GC(36) Pause Young (Allocation Failure) 2323M->3093M(3093M) 1640.859ms
[9.632s][info][gc,cpu         ] GC(36) User=1.44s Sys=0.19s Real=1.64s
[9.632s][info][gc,start       ] GC(37) Pause Full (Allocation Failure)
[9.632s][info][gc,phases,start] GC(37) Phase 1: Mark live objects
[10.683s][info][gc,phases      ] GC(37) Phase 1: Mark live objects 1051.058ms
[10.684s][info][gc,phases,start] GC(37) Phase 2: Compute new object addresses
[11.092s][info][gc,phases      ] GC(37) Phase 2: Compute new object addresses 408.844ms
[11.092s][info][gc,phases,start] GC(37) Phase 3: Adjust pointers
[11.577s][info][gc,phases      ] GC(37) Phase 3: Adjust pointers 484.833ms
[11.577s][info][gc,phases,start] GC(37) Phase 4: Move objects
[12.019s][info][gc,phases      ] GC(37) Phase 4: Move objects 441.960ms
[12.020s][info][gc,heap        ] GC(37) DefNew: 873856K(983040K)->166417K(983040K) Eden: 873856K(873856K)->166417K(873856K) From: 0K(109184K)->0K(109184K)
[12.020s][info][gc,heap        ] GC(37) Tenured: 1505840K(2184576K)->2184575K(2184576K)
[12.020s][info][gc,metaspace   ] GC(37) Metaspace: 6302K(6528K)->6302K(6528K) NonClass: 5769K(5888K)->5769K(5888K) Class: 533K(640K)->533K(640K)
[12.020s][info][gc             ] GC(37) Pause Full (Allocation Failure) 3093M->2295M(3093M) 2387.657ms
[12.020s][info][gc,cpu         ] GC(37) User=2.33s Sys=0.02s Real=2.39s
[13.065s][info][gc,start       ] GC(38) Pause Full (Allocation Failure)
[13.065s][info][gc,phases,start] GC(38) Phase 1: Mark live objects
[14.481s][info][gc,phases      ] GC(38) Phase 1: Mark live objects 1416.062ms
[14.481s][info][gc,phases,start] GC(38) Phase 2: Compute new object addresses
[14.899s][info][gc,phases      ] GC(38) Phase 2: Compute new object addresses 417.865ms
[14.899s][info][gc,phases,start] GC(38) Phase 3: Adjust pointers
[15.514s][info][gc,phases      ] GC(38) Phase 3: Adjust pointers 614.641ms
[15.514s][info][gc,phases,start] GC(38) Phase 4: Move objects
[15.627s][info][gc,phases      ] GC(38) Phase 4: Move objects 113.058ms
[15.628s][info][gc,heap        ] GC(38) DefNew: 983039K(983040K)->983018K(983040K) Eden: 873856K(873856K)->873855K(873856K) From: 109183K(109184K)->109162K(109184K)
[15.628s][info][gc,heap        ] GC(38) Tenured: 2184575K(2184576K)->2184575K(2184576K)
[15.628s][info][gc,metaspace   ] GC(38) Metaspace: 6302K(6528K)->6302K(6528K) NonClass: 5769K(5888K)->5769K(5888K) Class: 533K(640K)->533K(640K)
[15.628s][info][gc             ] GC(38) Pause Full (Allocation Failure) 3093M->3093M(3093M) 2562.705ms
[15.628s][info][gc,cpu         ] GC(38) User=2.55s Sys=0.00s Real=2.56s
[15.628s][info][gc,start       ] GC(39) Pause Full (Allocation Failure)
[15.628s][info][gc,phases,start] GC(39) Phase 1: Mark live objects
[17.048s][info][gc,phases      ] GC(39) Phase 1: Mark live objects 1419.581ms
[17.048s][info][gc,phases,start] GC(39) Phase 2: Compute new object addresses
[17.473s][info][gc,phases      ] GC(39) Phase 2: Compute new object addresses 425.165ms
[17.473s][info][gc,phases,start] GC(39) Phase 3: Adjust pointers
[18.052s][info][gc,phases      ] GC(39) Phase 3: Adjust pointers 579.003ms
[18.052s][info][gc,phases,start] GC(39) Phase 4: Move objects
[18.052s][info][gc,phases      ] GC(39) Phase 4: Move objects 0.016ms
[18.052s][info][gc,heap        ] GC(39) DefNew: 983039K(983040K)->983039K(983040K) Eden: 873856K(873856K)->873856K(873856K) From: 109183K(109184K)->109183K(109184K)
[18.052s][info][gc,heap        ] GC(39) Tenured: 2184575K(2184576K)->2184575K(2184576K)
[18.052s][info][gc,metaspace   ] GC(39) Metaspace: 6302K(6528K)->6302K(6528K) NonClass: 5769K(5888K)->5769K(5888K) Class: 533K(640K)->533K(640K)
[18.053s][info][gc             ] GC(39) Pause Full (Allocation Failure) 3093M->3093M(3093M) 2424.429ms
[18.053s][info][gc,cpu         ] GC(39) User=2.41s Sys=0.00s Real=2.42s
[18.053s][info][gc,start       ] GC(40) Pause Full (Allocation Failure)
[18.053s][info][gc,phases,start] GC(40) Phase 1: Mark live objects
[19.463s][info][gc,phases      ] GC(40) Phase 1: Mark live objects 1410.107ms
[19.463s][info][gc,phases,start] GC(40) Phase 2: Compute new object addresses
[19.885s][info][gc,phases      ] GC(40) Phase 2: Compute new object addresses 422.504ms
[19.885s][info][gc,phases,start] GC(40) Phase 3: Adjust pointers
[20.565s][info][gc,phases      ] GC(40) Phase 3: Adjust pointers 679.431ms
[20.565s][info][gc,phases,start] GC(40) Phase 4: Move objects
[21.108s][info][gc,phases      ] GC(40) Phase 4: Move objects 542.910ms
[21.108s][info][gc,heap        ] GC(40) DefNew: 983039K(983040K)->917498K(983040K) Eden: 873856K(873856K)->873855K(873856K) From: 109183K(109184K)->43642K(109184K)
[21.108s][info][gc,heap        ] GC(40) Tenured: 2184575K(2184576K)->2184575K(2184576K)
[21.108s][info][gc,metaspace   ] GC(40) Metaspace: 6302K(6528K)->6301K(6528K) NonClass: 5769K(5888K)->5768K(5888K) Class: 533K(640K)->532K(640K)
[21.108s][info][gc             ] GC(40) Pause Full (Allocation Failure) 3093M->3029M(3093M) 3055.833ms
[21.108s][info][gc,cpu         ] GC(40) User=3.02s Sys=0.00s Real=3.06s
[21.285s][info][gc,start       ] GC(41) Pause Full (Allocation Failure)
[21.285s][info][gc,phases,start] GC(41) Phase 1: Mark live objects
[22.719s][info][gc,phases      ] GC(41) Phase 1: Mark live objects 1433.659ms
[22.719s][info][gc,phases,start] GC(41) Phase 2: Compute new object addresses
[23.147s][info][gc,phases      ] GC(41) Phase 2: Compute new object addresses 428.090ms
[23.147s][info][gc,phases,start] GC(41) Phase 3: Adjust pointers
[23.736s][info][gc,phases      ] GC(41) Phase 3: Adjust pointers 589.461ms
[23.737s][info][gc,phases,start] GC(41) Phase 4: Move objects
[23.737s][info][gc,phases      ] GC(41) Phase 4: Move objects 0.017ms
[23.737s][info][gc,heap        ] GC(41) DefNew: 983039K(983040K)->983039K(983040K) Eden: 873855K(873856K)->873855K(873856K) From: 109183K(109184K)->109183K(109184K)
[23.737s][info][gc,heap        ] GC(41) Tenured: 2184575K(2184576K)->2184575K(2184576K)
[23.737s][info][gc,metaspace   ] GC(41) Metaspace: 6301K(6528K)->6301K(6528K) NonClass: 5768K(5888K)->5768K(5888K) Class: 532K(640K)->532K(640K)
[23.737s][info][gc             ] GC(41) Pause Full (Allocation Failure) 3093M->3093M(3093M) 2451.927ms
[23.737s][info][gc,cpu         ] GC(41) User=2.42s Sys=0.00s Real=2.45s
[23.737s][info][gc,start       ] GC(42) Pause Full (Allocation Failure)
[23.737s][info][gc,phases,start] GC(42) Phase 1: Mark live objects
[25.222s][info][gc,phases      ] GC(42) Phase 1: Mark live objects 1484.589ms
[25.222s][info][gc,phases,start] GC(42) Phase 2: Compute new object addresses
[25.739s][info][gc,phases      ] GC(42) Phase 2: Compute new object addresses 517.346ms
[25.739s][info][gc,phases,start] GC(42) Phase 3: Adjust pointers
[26.394s][info][gc,phases      ] GC(42) Phase 3: Adjust pointers 655.412ms
[26.395s][info][gc,phases,start] GC(42) Phase 4: Move objects
[26.395s][info][gc,phases      ] GC(42) Phase 4: Move objects 0.029ms
[26.395s][info][gc,heap        ] GC(42) DefNew: 983039K(983040K)->983039K(983040K) Eden: 873855K(873856K)->873855K(873856K) From: 109183K(109184K)->109183K(109184K)
[26.396s][info][gc,heap        ] GC(42) Tenured: 2184575K(2184576K)->2184575K(2184576K)
[26.396s][info][gc,metaspace   ] GC(42) Metaspace: 6301K(6528K)->6301K(6528K) NonClass: 5768K(5888K)->5768K(5888K) Class: 532K(640K)->532K(640K)
[26.396s][info][gc             ] GC(42) Pause Full (Allocation Failure) 3093M->3093M(3093M) 2658.709ms
[26.396s][info][gc,cpu         ] GC(42) User=2.56s Sys=0.00s Real=2.66s
[26.396s][info][gc,start       ] GC(43) Pause Full (Allocation Failure)
[26.396s][info][gc,phases,start] GC(43) Phase 1: Mark live objects
[27.882s][info][gc,phases      ] GC(43) Phase 1: Mark live objects 1486.199ms
[27.882s][info][gc,phases,start] GC(43) Phase 2: Compute new object addresses
[28.319s][info][gc,phases      ] GC(43) Phase 2: Compute new object addresses 436.943ms
[28.319s][info][gc,phases,start] GC(43) Phase 3: Adjust pointers
[28.904s][info][gc,phases      ] GC(43) Phase 3: Adjust pointers 585.015ms
[28.904s][info][gc,phases,start] GC(43) Phase 4: Move objects
[28.904s][info][gc,phases      ] GC(43) Phase 4: Move objects 0.017ms
[28.905s][info][gc,heap        ] GC(43) DefNew: 983039K(983040K)->983039K(983040K) Eden: 873855K(873856K)->873855K(873856K) From: 109183K(109184K)->109183K(109184K)
[28.905s][info][gc,heap        ] GC(43) Tenured: 2184576K(2184576K)->2184576K(2184576K)
[28.905s][info][gc,metaspace   ] GC(43) Metaspace: 6301K(6528K)->6301K(6528K) NonClass: 5768K(5888K)->5768K(5888K) Class: 532K(640K)->532K(640K)
[28.905s][info][gc             ] GC(43) Pause Full (Allocation Failure) 3093M->3093M(3093M) 2508.822ms
[28.905s][info][gc,cpu         ] GC(43) User=2.44s Sys=0.00s Real=2.51s
[28.905s][info][gc,start       ] GC(44) Pause Full (Allocation Failure)
[28.905s][info][gc,phases,start] GC(44) Phase 1: Mark live objects
[30.384s][info][gc,phases      ] GC(44) Phase 1: Mark live objects 1479.454ms
[30.384s][info][gc,phases,start] GC(44) Phase 2: Compute new object addresses
[30.828s][info][gc,phases      ] GC(44) Phase 2: Compute new object addresses 443.924ms
[30.828s][info][gc,phases,start] GC(44) Phase 3: Adjust pointers
[31.535s][info][gc,phases      ] GC(44) Phase 3: Adjust pointers 706.223ms
[31.535s][info][gc,phases,start] GC(44) Phase 4: Move objects
[32.040s][info][gc,phases      ] GC(44) Phase 4: Move objects 505.397ms
[32.041s][info][gc,heap        ] GC(44) DefNew: 983039K(983040K)->983038K(983040K) Eden: 873855K(873856K)->873855K(873856K) From: 109183K(109184K)->109182K(109184K)
[32.041s][info][gc,heap        ] GC(44) Tenured: 2184576K(2184576K)->2184576K(2184576K)
[32.041s][info][gc,metaspace   ] GC(44) Metaspace: 6301K(6528K)->6301K(6528K) NonClass: 5768K(5888K)->5768K(5888K) Class: 532K(640K)->532K(640K)
[32.041s][info][gc             ] GC(44) Pause Full (Allocation Failure) 3093M->3093M(3093M) 3136.015ms
[32.041s][info][gc,cpu         ] GC(44) User=3.12s Sys=0.00s Real=3.14s
[32.042s][info][gc,start       ] GC(45) Pause Full (Allocation Failure)
[32.042s][info][gc,phases,start] GC(45) Phase 1: Mark live objects
[33.538s][info][gc,phases      ] GC(45) Phase 1: Mark live objects 1495.808ms
[33.538s][info][gc,phases,start] GC(45) Phase 2: Compute new object addresses
[34.066s][info][gc,phases      ] GC(45) Phase 2: Compute new object addresses 528.209ms
[34.066s][info][gc,phases,start] GC(45) Phase 3: Adjust pointers
[34.808s][info][gc,phases      ] GC(45) Phase 3: Adjust pointers 741.746ms
[34.808s][info][gc,phases,start] GC(45) Phase 4: Move objects
[35.356s][info][gc,phases      ] GC(45) Phase 4: Move objects 547.687ms
[35.357s][info][gc,heap        ] GC(45) DefNew: 983039K(983040K)->983036K(983040K) Eden: 873856K(873856K)->873855K(873856K) From: 109183K(109184K)->109180K(109184K)
[35.357s][info][gc,heap        ] GC(45) Tenured: 2184576K(2184576K)->2184575K(2184576K)
[35.357s][info][gc,metaspace   ] GC(45) Metaspace: 6302K(6528K)->6302K(6528K) NonClass: 5769K(5888K)->5769K(5888K) Class: 533K(640K)->533K(640K)
[35.357s][info][gc             ] GC(45) Pause Full (Allocation Failure) 3093M->3093M(3093M) 3314.579ms
[35.357s][info][gc,cpu         ] GC(45) User=3.20s Sys=0.00s Real=3.32s
[35.357s][info][gc,heap,exit   ] Heap
[35.357s][info][gc,heap,exit   ]  def new generation   total 983040K, used 983037K [0x0000000738000000, 0x000000077aaa0000, 0x000000077aaa0000)
[35.357s][info][gc,heap,exit   ]   eden space 873856K, 100% used [0x0000000738000000, 0x000000076d560000, 0x000000076d560000)
[35.357s][info][gc,heap,exit   ]   from space 109184K,  99% used [0x0000000774000000, 0x000000077aa9f5f0, 0x000000077aaa0000)
[35.357s][info][gc,heap,exit   ]   to   space 109184K,   0% used [0x000000076d560000, 0x000000076d560000, 0x0000000774000000)
[35.357s][info][gc,heap,exit   ]  tenured generation   total 2184576K, used 2184575K [0x000000077aaa0000, 0x0000000800000000, 0x0000000800000000)
[35.357s][info][gc,heap,exit   ]    the space 2184576K,  99% used [0x000000077aaa0000, 0x00000007ffffffe8, 0x0000000800000000, 0x0000000800000000)
[35.357s][info][gc,heap,exit   ]  Metaspace       used 6305K, committed 6528K, reserved 1114112K
[35.357s][info][gc,heap,exit   ]   class space    used 534K, committed 640K, reserved 1048576K
