[0.010s][info][gc,init] CardTable entry size: 512
[0.011s][info][gc     ] Using Serial
[0.011s][info][gc,init] Version: 18.0.1+10 (release)
[0.011s][info][gc,init] CPUs: 8 total, 8 available
[0.011s][info][gc,init] Memory: 16063M
[0.011s][info][gc,init] Large Page Support: Disabled
[0.011s][info][gc,init] NUMA Support: Disabled
[0.011s][info][gc,init] Compressed Oops: Enabled (Zero based)
[0.011s][info][gc,init] Heap Min Capacity: 2M
[0.011s][info][gc,init] Heap Initial Capacity: 2M
[0.011s][info][gc,init] Heap Max Capacity: 4100M
[0.011s][info][gc,init] Pre-touch: Disabled
[0.011s][info][gc,metaspace] CDS archive(s) not mapped
[0.011s][info][gc,metaspace] Compressed class space mapped at: 0x0000000800000000-0x0000000840000000, reserved size: 1073741824
[0.011s][info][gc,metaspace] Narrow klass base: 0x0000000800000000, Narrow klass shift: 0, Narrow klass range: 0x40000000
[0.168s][info][gc,start    ] GC(0) Pause Young (Allocation Failure)
[0.170s][info][gc,heap     ] GC(0) DefNew: 1023K(1152K)->127K(1152K) Eden: 1023K(1024K)->0K(1024K) From: 0K(128K)->127K(128K)
[0.170s][info][gc,heap     ] GC(0) Tenured: 0K(768K)->440K(768K)
[0.170s][info][gc,metaspace] GC(0) Metaspace: 5904K(6016K)->5904K(6016K) NonClass: 5404K(5504K)->5404K(5504K) Class: 499K(512K)->499K(512K)
[0.170s][info][gc          ] GC(0) Pause Young (Allocation Failure) 0M->0M(1M) 1.587ms
[0.170s][info][gc,cpu      ] GC(0) User=0.00s Sys=0.00s Real=0.00s
[0.188s][info][gc,start    ] GC(1) Pause Young (Allocation Failure)
[0.189s][info][gc          ] GC(1) Pause Young (Allocation Failure) 1M->0M(2M) 1.224ms
[0.189s][info][gc,cpu      ] GC(1) User=0.00s Sys=0.00s Real=0.00s
[0.189s][info][gc,start    ] GC(2) Pause Full (Allocation Failure)
[0.189s][info][gc,phases,start] GC(2) Phase 1: Mark live objects
[0.191s][info][gc,phases      ] GC(2) Phase 1: Mark live objects 1.218ms
[0.191s][info][gc,phases,start] GC(2) Phase 2: Compute new object addresses
[0.191s][info][gc,phases      ] GC(2) Phase 2: Compute new object addresses 0.253ms
[0.191s][info][gc,phases,start] GC(2) Phase 3: Adjust pointers
[0.192s][info][gc,phases      ] GC(2) Phase 3: Adjust pointers 0.661ms
[0.192s][info][gc,phases,start] GC(2) Phase 4: Move objects
[0.192s][info][gc,phases      ] GC(2) Phase 4: Move objects 0.063ms
[0.192s][info][gc,heap        ] GC(2) DefNew: 1151K(1152K)->40K(1152K) Eden: 1024K(1024K)->40K(1024K) From: 127K(128K)->0K(128K)
[0.192s][info][gc,heap        ] GC(2) Tenured: 440K(768K)->959K(1600K)
[0.192s][info][gc,metaspace   ] GC(2) Metaspace: 6301K(6528K)->6301K(6528K) NonClass: 5767K(5888K)->5767K(5888K) Class: 533K(640K)->533K(640K)
[0.192s][info][gc             ] GC(2) Pause Full (Allocation Failure) 0M->0M(2M) 2.527ms
[0.192s][info][gc,cpu         ] GC(2) User=0.00s Sys=0.00s Real=0.00s
[0.193s][info][gc,start       ] GC(3) Pause Young (Allocation Failure)
[0.194s][info][gc,heap        ] GC(3) DefNew: 1024K(1152K)->128K(1152K) Eden: 1024K(1024K)->0K(1024K) From: 0K(128K)->128K(128K)
[0.194s][info][gc,heap        ] GC(3) Tenured: 959K(1600K)->1375K(1600K)
[0.194s][info][gc,metaspace   ] GC(3) Metaspace: 6301K(6528K)->6301K(6528K) NonClass: 5767K(5888K)->5767K(5888K) Class: 533K(640K)->533K(640K)
[0.194s][info][gc             ] GC(3) Pause Young (Allocation Failure) 1M->1M(2M) 1.312ms
[0.194s][info][gc,cpu         ] GC(3) User=0.00s Sys=0.00s Real=0.00s
[0.196s][info][gc,start       ] GC(4) Pause Young (Allocation Failure)
[0.197s][info][gc             ] GC(4) Pause Young (Allocation Failure) 2M->1M(3M) 1.217ms
[0.197s][info][gc,cpu         ] GC(4) User=0.00s Sys=0.00s Real=0.00s
[0.197s][info][gc,start       ] GC(5) Pause Full (Allocation Failure)
[0.197s][info][gc,phases,start] GC(5) Phase 1: Mark live objects
[0.199s][info][gc,phases      ] GC(5) Phase 1: Mark live objects 1.355ms
[0.199s][info][gc,phases,start] GC(5) Phase 2: Compute new object addresses
[0.199s][info][gc,phases      ] GC(5) Phase 2: Compute new object addresses 0.442ms
[0.199s][info][gc,phases,start] GC(5) Phase 3: Adjust pointers
[0.200s][info][gc,phases      ] GC(5) Phase 3: Adjust pointers 0.949ms
[0.200s][info][gc,phases,start] GC(5) Phase 4: Move objects
[0.200s][info][gc,phases      ] GC(5) Phase 4: Move objects 0.069ms
[0.200s][info][gc,heap        ] GC(5) DefNew: 1152K(1152K)->35K(1536K) Eden: 1024K(1024K)->35K(1408K) From: 128K(128K)->0K(128K)
[0.201s][info][gc,heap        ] GC(5) Tenured: 1375K(1600K)->1983K(3308K)
[0.201s][info][gc,metaspace   ] GC(5) Metaspace: 6301K(6528K)->6301K(6528K) NonClass: 5767K(5888K)->5767K(5888K) Class: 533K(640K)->533K(640K)
[0.201s][info][gc             ] GC(5) Pause Full (Allocation Failure) 1M->1M(4M) 3.248ms
[0.201s][info][gc,cpu         ] GC(5) User=0.00s Sys=0.00s Real=0.00s
[0.202s][info][gc,start       ] GC(6) Pause Young (Allocation Failure)
[0.204s][info][gc,heap        ] GC(6) DefNew: 1408K(1536K)->128K(1536K) Eden: 1408K(1408K)->0K(1408K) From: 0K(128K)->128K(128K)
[0.204s][info][gc,heap        ] GC(6) Tenured: 1983K(3308K)->2617K(3308K)
[0.204s][info][gc,metaspace   ] GC(6) Metaspace: 6301K(6528K)->6301K(6528K) NonClass: 5767K(5888K)->5767K(5888K) Class: 533K(640K)->533K(640K)
[0.204s][info][gc             ] GC(6) Pause Young (Allocation Failure) 3M->2M(4M) 1.911ms
[0.204s][info][gc,cpu         ] GC(6) User=0.00s Sys=0.00s Real=0.00s
[0.206s][info][gc,start       ] GC(7) Pause Young (Allocation Failure)
[0.207s][info][gc             ] GC(7) Pause Young (Allocation Failure) 4M->3M(4M) 1.651ms
[0.207s][info][gc,cpu         ] GC(7) User=0.00s Sys=0.00s Real=0.00s
[0.207s][info][gc,start       ] GC(8) Pause Full (Allocation Failure)
[0.207s][info][gc,phases,start] GC(8) Phase 1: Mark live objects
[0.209s][info][gc,phases      ] GC(8) Phase 1: Mark live objects 1.998ms
[0.210s][info][gc,phases,start] GC(8) Phase 2: Compute new object addresses
[0.210s][info][gc,phases      ] GC(8) Phase 2: Compute new object addresses 0.792ms
[0.210s][info][gc,phases,start] GC(8) Phase 3: Adjust pointers
[0.211s][info][gc,phases      ] GC(8) Phase 3: Adjust pointers 0.998ms
[0.211s][info][gc,phases,start] GC(8) Phase 4: Move objects
[0.212s][info][gc,phases      ] GC(8) Phase 4: Move objects 0.076ms
[0.212s][info][gc,heap        ] GC(8) DefNew: 1536K(1536K)->0K(2688K) Eden: 1408K(1408K)->0K(2432K) From: 128K(128K)->0K(256K)
[0.212s][info][gc,heap        ] GC(8) Tenured: 2617K(3308K)->3460K(5768K)
[0.212s][info][gc,metaspace   ] GC(8) Metaspace: 6301K(6528K)->6301K(6528K) NonClass: 5767K(5888K)->5767K(5888K) Class: 533K(640K)->533K(640K)
[0.212s][info][gc             ] GC(8) Pause Full (Allocation Failure) 3M->3M(8M) 4.204ms
[0.212s][info][gc,cpu         ] GC(8) User=0.00s Sys=0.00s Real=0.00s
[0.215s][info][gc,start       ] GC(9) Pause Young (Allocation Failure)
[0.218s][info][gc,heap        ] GC(9) DefNew: 2432K(2688K)->256K(2688K) Eden: 2432K(2432K)->0K(2432K) From: 0K(256K)->256K(256K)
[0.218s][info][gc,heap        ] GC(9) Tenured: 3460K(5768K)->4512K(5768K)
[0.218s][info][gc,metaspace   ] GC(9) Metaspace: 6301K(6528K)->6301K(6528K) NonClass: 5767K(5888K)->5767K(5888K) Class: 533K(640K)->533K(640K)
[0.218s][info][gc             ] GC(9) Pause Young (Allocation Failure) 5M->4M(8M) 2.690ms
[0.218s][info][gc,cpu         ] GC(9) User=0.00s Sys=0.00s Real=0.00s
[0.221s][info][gc,start       ] GC(10) Pause Young (Allocation Failure)
[0.224s][info][gc,heap        ] GC(10) DefNew: 2688K(2688K)->255K(2688K) Eden: 2432K(2432K)->0K(2432K) From: 256K(256K)->255K(256K)
[0.224s][info][gc,heap        ] GC(10) Tenured: 4512K(5768K)->5755K(5768K)
[0.224s][info][gc,metaspace   ] GC(10) Metaspace: 6301K(6528K)->6301K(6528K) NonClass: 5767K(5888K)->5767K(5888K) Class: 533K(640K)->533K(640K)
[0.224s][info][gc             ] GC(10) Pause Young (Allocation Failure) 7M->5M(8M) 3.109ms
[0.224s][info][gc,cpu         ] GC(10) User=0.00s Sys=0.00s Real=0.00s
[0.227s][info][gc,start       ] GC(11) Pause Young (Allocation Failure)
[0.230s][info][gc             ] GC(11) Pause Young (Allocation Failure) 8M->7M(9M) 3.416ms
[0.230s][info][gc,cpu         ] GC(11) User=0.00s Sys=0.00s Real=0.00s
[0.230s][info][gc,start       ] GC(12) Pause Full (Allocation Failure)
[0.231s][info][gc,phases,start] GC(12) Phase 1: Mark live objects
[0.235s][info][gc,phases      ] GC(12) Phase 1: Mark live objects 4.309ms
[0.235s][info][gc,phases,start] GC(12) Phase 2: Compute new object addresses
[0.236s][info][gc,phases      ] GC(12) Phase 2: Compute new object addresses 1.269ms
[0.236s][info][gc,phases,start] GC(12) Phase 3: Adjust pointers
[0.238s][info][gc,phases      ] GC(12) Phase 3: Adjust pointers 1.802ms
[0.238s][info][gc,phases,start] GC(12) Phase 4: Move objects
[0.239s][info][gc,phases      ] GC(12) Phase 4: Move objects 1.208ms
[0.240s][info][gc,heap        ] GC(12) DefNew: 2687K(2688K)->0K(5376K) Eden: 2432K(2432K)->0K(4800K) From: 255K(256K)->0K(576K)
[0.240s][info][gc,heap        ] GC(12) Tenured: 5755K(5768K)->7132K(11888K)
[0.240s][info][gc,metaspace   ] GC(12) Metaspace: 6301K(6528K)->6301K(6528K) NonClass: 5767K(5888K)->5767K(5888K) Class: 533K(640K)->533K(640K)
[0.240s][info][gc             ] GC(12) Pause Full (Allocation Failure) 7M->6M(16M) 9.096ms
[0.240s][info][gc,cpu         ] GC(12) User=0.03s Sys=0.00s Real=0.01s
[0.244s][info][gc,start       ] GC(13) Pause Young (Allocation Failure)
[0.249s][info][gc,heap        ] GC(13) DefNew: 4800K(5376K)->576K(5376K) Eden: 4800K(4800K)->0K(4800K) From: 0K(576K)->576K(576K)
[0.249s][info][gc,heap        ] GC(13) Tenured: 7132K(11888K)->9027K(11888K)
[0.249s][info][gc,metaspace   ] GC(13) Metaspace: 6301K(6528K)->6301K(6528K) NonClass: 5767K(5888K)->5767K(5888K) Class: 533K(640K)->533K(640K)
[0.250s][info][gc             ] GC(13) Pause Young (Allocation Failure) 11M->9M(16M) 5.285ms
[0.250s][info][gc,cpu         ] GC(13) User=0.00s Sys=0.00s Real=0.01s
[0.254s][info][gc,start       ] GC(14) Pause Young (Allocation Failure)
[0.260s][info][gc,heap        ] GC(14) DefNew: 5376K(5376K)->576K(5376K) Eden: 4800K(4800K)->0K(4800K) From: 576K(576K)->576K(576K)
[0.260s][info][gc,heap        ] GC(14) Tenured: 9027K(11888K)->11747K(11888K)
[0.260s][info][gc,metaspace   ] GC(14) Metaspace: 6301K(6528K)->6301K(6528K) NonClass: 5767K(5888K)->5767K(5888K) Class: 533K(640K)->533K(640K)
[0.260s][info][gc             ] GC(14) Pause Young (Allocation Failure) 14M->12M(16M) 6.251ms
[0.260s][info][gc,cpu         ] GC(14) User=0.00s Sys=0.00s Real=0.01s
[0.264s][info][gc,start       ] GC(15) Pause Young (Allocation Failure)
[0.271s][info][gc             ] GC(15) Pause Young (Allocation Failure) 16M->14M(19M) 6.137ms
[0.271s][info][gc,cpu         ] GC(15) User=0.00s Sys=0.00s Real=0.01s
[0.271s][info][gc,start       ] GC(16) Pause Full (Allocation Failure)
[0.271s][info][gc,phases,start] GC(16) Phase 1: Mark live objects
[0.278s][info][gc,phases      ] GC(16) Phase 1: Mark live objects 7.820ms
[0.279s][info][gc,phases,start] GC(16) Phase 2: Compute new object addresses
[0.281s][info][gc,phases      ] GC(16) Phase 2: Compute new object addresses 2.224ms
[0.281s][info][gc,phases,start] GC(16) Phase 3: Adjust pointers
[0.284s][info][gc,phases      ] GC(16) Phase 3: Adjust pointers 2.906ms
[0.284s][info][gc,phases,start] GC(16) Phase 4: Move objects
[0.284s][info][gc,phases      ] GC(16) Phase 4: Move objects 0.168ms
[0.284s][info][gc,heap        ] GC(16) DefNew: 5376K(5376K)->395K(10880K) Eden: 4800K(4800K)->395K(9728K) From: 576K(576K)->0K(1152K)
[0.284s][info][gc,heap        ] GC(16) Tenured: 11747K(11888K)->14383K(23976K)
[0.284s][info][gc,metaspace   ] GC(16) Metaspace: 6303K(6528K)->6303K(6528K) NonClass: 5769K(5888K)->5769K(5888K) Class: 533K(640K)->533K(640K)
[0.284s][info][gc             ] GC(16) Pause Full (Allocation Failure) 14M->14M(34M) 13.494ms
[0.284s][info][gc,cpu         ] GC(16) User=0.02s Sys=0.00s Real=0.01s
[0.292s][info][gc,start       ] GC(17) Pause Young (Allocation Failure)
[0.306s][info][gc,heap        ] GC(17) DefNew: 9728K(10880K)->1152K(10880K) Eden: 9728K(9728K)->0K(9728K) From: 0K(1152K)->1152K(1152K)
[0.306s][info][gc,heap        ] GC(17) Tenured: 14383K(23976K)->18401K(23976K)
[0.306s][info][gc,metaspace   ] GC(17) Metaspace: 6303K(6528K)->6303K(6528K) NonClass: 5769K(5888K)->5769K(5888K) Class: 533K(640K)->533K(640K)
[0.306s][info][gc             ] GC(17) Pause Young (Allocation Failure) 23M->19M(34M) 13.438ms
[0.306s][info][gc,cpu         ] GC(17) User=0.00s Sys=0.00s Real=0.01s
[0.313s][info][gc,start       ] GC(18) Pause Young (Allocation Failure)
[0.325s][info][gc,heap        ] GC(18) DefNew: 10880K(10880K)->1151K(10880K) Eden: 9728K(9728K)->0K(9728K) From: 1152K(1152K)->1151K(1152K)
[0.325s][info][gc,heap        ] GC(18) Tenured: 18401K(23976K)->23922K(23976K)
[0.325s][info][gc,metaspace   ] GC(18) Metaspace: 6303K(6528K)->6303K(6528K) NonClass: 5769K(5888K)->5769K(5888K) Class: 533K(640K)->533K(640K)
[0.325s][info][gc             ] GC(18) Pause Young (Allocation Failure) 28M->24M(34M) 11.613ms
[0.325s][info][gc,cpu         ] GC(18) User=0.00s Sys=0.00s Real=0.01s
[0.331s][info][gc,start       ] GC(19) Pause Young (Allocation Failure)
[0.342s][info][gc             ] GC(19) Pause Young (Allocation Failure) 33M->29M(38M) 10.881ms
[0.342s][info][gc,cpu         ] GC(19) User=0.00s Sys=0.00s Real=0.01s
[0.342s][info][gc,start       ] GC(20) Pause Full (Allocation Failure)
[0.342s][info][gc,phases,start] GC(20) Phase 1: Mark live objects
[0.356s][info][gc,phases      ] GC(20) Phase 1: Mark live objects 13.754ms
[0.356s][info][gc,phases,start] GC(20) Phase 2: Compute new object addresses
[0.361s][info][gc,phases      ] GC(20) Phase 2: Compute new object addresses 4.493ms
[0.361s][info][gc,phases,start] GC(20) Phase 3: Adjust pointers
[0.366s][info][gc,phases      ] GC(20) Phase 3: Adjust pointers 5.284ms
[0.366s][info][gc,phases,start] GC(20) Phase 4: Move objects
[0.366s][info][gc,phases      ] GC(20) Phase 4: Move objects 0.186ms
[0.366s][info][gc,heap        ] GC(20) DefNew: 10879K(10880K)->1066K(21888K) Eden: 9728K(9728K)->1066K(19520K) From: 1151K(1152K)->0K(2368K)
[0.366s][info][gc,heap        ] GC(20) Tenured: 23922K(23976K)->29035K(48396K)
[0.366s][info][gc,metaspace   ] GC(20) Metaspace: 6303K(6528K)->6303K(6528K) NonClass: 5769K(5888K)->5769K(5888K) Class: 533K(640K)->533K(640K)
[0.366s][info][gc             ] GC(20) Pause Full (Allocation Failure) 29M->29M(68M) 24.109ms
[0.366s][info][gc,cpu         ] GC(20) User=0.03s Sys=0.00s Real=0.03s
[0.383s][info][gc,start       ] GC(21) Pause Young (Allocation Failure)
[0.414s][info][gc,heap        ] GC(21) DefNew: 19520K(21888K)->2367K(21888K) Eden: 19520K(19520K)->0K(19520K) From: 0K(2368K)->2367K(2368K)
[0.414s][info][gc,heap        ] GC(21) Tenured: 29035K(48396K)->40982K(48396K)
[0.414s][info][gc,metaspace   ] GC(21) Metaspace: 6303K(6528K)->6303K(6528K) NonClass: 5769K(5888K)->5769K(5888K) Class: 533K(640K)->533K(640K)
[0.414s][info][gc             ] GC(21) Pause Young (Allocation Failure) 47M->42M(68M) 30.543ms
[0.414s][info][gc,cpu         ] GC(21) User=0.02s Sys=0.00s Real=0.03s
[0.432s][info][gc,start       ] GC(22) Pause Young (Allocation Failure)
[0.468s][info][gc             ] GC(22) Pause Young (Allocation Failure) 61M->61M(80M) 35.521ms
[0.468s][info][gc,cpu         ] GC(22) User=0.03s Sys=0.00s Real=0.04s
[0.468s][info][gc,start       ] GC(23) Pause Full (Allocation Failure)
[0.468s][info][gc,phases,start] GC(23) Phase 1: Mark live objects
[0.493s][info][gc,phases      ] GC(23) Phase 1: Mark live objects 25.427ms
[0.493s][info][gc,phases,start] GC(23) Phase 2: Compute new object addresses
[0.503s][info][gc,phases      ] GC(23) Phase 2: Compute new object addresses 9.731ms
[0.503s][info][gc,phases,start] GC(23) Phase 3: Adjust pointers
[0.514s][info][gc,phases      ] GC(23) Phase 3: Adjust pointers 10.938ms
[0.514s][info][gc,phases,start] GC(23) Phase 4: Move objects
[0.514s][info][gc,phases      ] GC(23) Phase 4: Move objects 0.317ms
[0.515s][info][gc,heap        ] GC(23) DefNew: 21887K(21888K)->2348K(45440K) Eden: 19520K(19520K)->2348K(40448K) From: 2367K(2368K)->0K(4992K)
[0.515s][info][gc,heap        ] GC(23) Tenured: 40982K(48396K)->60492K(100820K)
[0.515s][info][gc,metaspace   ] GC(23) Metaspace: 6303K(6528K)->6303K(6528K) NonClass: 5769K(5888K)->5769K(5888K) Class: 533K(640K)->533K(640K)
[0.515s][info][gc             ] GC(23) Pause Full (Allocation Failure) 61M->61M(142M) 47.057ms
[0.515s][info][gc,cpu         ] GC(23) User=0.05s Sys=0.00s Real=0.05s
[0.556s][info][gc,start       ] GC(24) Pause Young (Allocation Failure)
[0.618s][info][gc,heap        ] GC(24) DefNew: 40448K(45440K)->4992K(45440K) Eden: 40448K(40448K)->0K(40448K) From: 0K(4992K)->4992K(4992K)
[0.619s][info][gc,heap        ] GC(24) Tenured: 60492K(100820K)->95921K(100820K)
[0.619s][info][gc,metaspace   ] GC(24) Metaspace: 6303K(6528K)->6303K(6528K) NonClass: 5769K(5888K)->5769K(5888K) Class: 533K(640K)->533K(640K)
[0.619s][info][gc             ] GC(24) Pause Young (Allocation Failure) 98M->98M(142M) 62.614ms
[0.619s][info][gc,cpu         ] GC(24) User=0.05s Sys=0.00s Real=0.06s
[0.652s][info][gc,start       ] GC(25) Pause Young (Allocation Failure)
[0.723s][info][gc             ] GC(25) Pause Young (Allocation Failure) 138M->138M(177M) 71.397ms
[0.723s][info][gc,cpu         ] GC(25) User=0.05s Sys=0.03s Real=0.07s
[0.723s][info][gc,start       ] GC(26) Pause Full (Allocation Failure)
[0.723s][info][gc,phases,start] GC(26) Phase 1: Mark live objects
[0.779s][info][gc,phases      ] GC(26) Phase 1: Mark live objects 56.071ms
[0.779s][info][gc,phases,start] GC(26) Phase 2: Compute new object addresses
[0.801s][info][gc,phases      ] GC(26) Phase 2: Compute new object addresses 21.295ms
[0.801s][info][gc,phases,start] GC(26) Phase 3: Adjust pointers
[0.828s][info][gc,phases      ] GC(26) Phase 3: Adjust pointers 27.399ms
[0.828s][info][gc,phases,start] GC(26) Phase 4: Move objects
[0.855s][info][gc,phases      ] GC(26) Phase 4: Move objects 27.107ms
[0.856s][info][gc,heap        ] GC(26) DefNew: 45440K(45440K)->1083K(102400K) Eden: 40448K(40448K)->1083K(91072K) From: 4992K(4992K)->0K(11328K)
[0.856s][info][gc,heap        ] GC(26) Tenured: 95921K(100820K)->136407K(227348K)
[0.856s][info][gc,metaspace   ] GC(26) Metaspace: 6303K(6528K)->6303K(6528K) NonClass: 5769K(5888K)->5769K(5888K) Class: 533K(640K)->533K(640K)
[0.856s][info][gc             ] GC(26) Pause Full (Allocation Failure) 138M->134M(322M) 132.767ms
[0.856s][info][gc,cpu         ] GC(26) User=0.12s Sys=0.00s Real=0.13s
[0.953s][info][gc,start       ] GC(27) Pause Young (Allocation Failure)
[1.105s][info][gc,heap        ] GC(27) DefNew: 91072K(102400K)->11327K(102400K) Eden: 91072K(91072K)->0K(91072K) From: 0K(11328K)->11327K(11328K)
[1.105s][info][gc,heap        ] GC(27) Tenured: 136407K(227348K)->216125K(227348K)
[1.105s][info][gc,metaspace   ] GC(27) Metaspace: 6303K(6528K)->6303K(6528K) NonClass: 5769K(5888K)->5769K(5888K) Class: 533K(640K)->533K(640K)
[1.105s][info][gc             ] GC(27) Pause Young (Allocation Failure) 222M->222M(322M) 152.452ms
[1.105s][info][gc,cpu         ] GC(27) User=0.12s Sys=0.02s Real=0.15s
[1.189s][info][gc,start       ] GC(28) Pause Young (Allocation Failure)
[1.364s][info][gc             ] GC(28) Pause Young (Allocation Failure) 311M->311M(400M) 175.001ms
[1.364s][info][gc,cpu         ] GC(28) User=0.12s Sys=0.03s Real=0.17s
[1.364s][info][gc,start       ] GC(29) Pause Full (Allocation Failure)
[1.364s][info][gc,phases,start] GC(29) Phase 1: Mark live objects
[1.503s][info][gc,phases      ] GC(29) Phase 1: Mark live objects 139.041ms
[1.503s][info][gc,phases,start] GC(29) Phase 2: Compute new object addresses
[1.557s][info][gc,phases      ] GC(29) Phase 2: Compute new object addresses 54.044ms
[1.557s][info][gc,phases,start] GC(29) Phase 3: Adjust pointers
[1.618s][info][gc,phases      ] GC(29) Phase 3: Adjust pointers 60.190ms
[1.618s][info][gc,phases,start] GC(29) Phase 4: Move objects
[1.620s][info][gc,phases      ] GC(29) Phase 4: Move objects 2.561ms
[1.621s][info][gc,heap        ] GC(29) DefNew: 102399K(102400K)->11141K(230592K) Eden: 91072K(91072K)->11141K(204992K) From: 11327K(11328K)->0K(25600K)
[1.621s][info][gc,heap        ] GC(29) Tenured: 216125K(227348K)->307351K(512256K)
[1.621s][info][gc,metaspace   ] GC(29) Metaspace: 6303K(6528K)->6303K(6528K) NonClass: 5769K(5888K)->5769K(5888K) Class: 533K(640K)->533K(640K)
[1.621s][info][gc             ] GC(29) Pause Full (Allocation Failure) 311M->311M(725M) 257.329ms
[1.621s][info][gc,cpu         ] GC(29) User=0.25s Sys=0.00s Real=0.26s
[1.840s][info][gc,start       ] GC(30) Pause Young (Allocation Failure)
[2.201s][info][gc,heap        ] GC(30) DefNew: 204992K(230592K)->25600K(230592K) Eden: 204992K(204992K)->0K(204992K) From: 0K(25600K)->25600K(25600K)
[2.201s][info][gc,heap        ] GC(30) Tenured: 307351K(512256K)->486718K(512256K)
[2.201s][info][gc,metaspace   ] GC(30) Metaspace: 6303K(6528K)->6303K(6528K) NonClass: 5769K(5888K)->5769K(5888K) Class: 533K(640K)->533K(640K)
[2.201s][info][gc             ] GC(30) Pause Young (Allocation Failure) 500M->500M(725M) 360.985ms
[2.201s][info][gc,cpu         ] GC(30) User=0.28s Sys=0.06s Real=0.36s
[2.402s][info][gc,start       ] GC(31) Pause Young (Allocation Failure)
[2.831s][info][gc             ] GC(31) Pause Young (Allocation Failure) 700M->700M(900M) 428.645ms
[2.831s][info][gc,cpu         ] GC(31) User=0.34s Sys=0.08s Real=0.43s
[2.831s][info][gc,start       ] GC(32) Pause Full (Allocation Failure)
[2.831s][info][gc,phases,start] GC(32) Phase 1: Mark live objects
[3.163s][info][gc,phases      ] GC(32) Phase 1: Mark live objects 331.913ms
[3.163s][info][gc,phases,start] GC(32) Phase 2: Compute new object addresses
[3.269s][info][gc,phases      ] GC(32) Phase 2: Compute new object addresses 105.737ms
[3.269s][info][gc,phases,start] GC(32) Phase 3: Adjust pointers
[3.384s][info][gc,phases      ] GC(32) Phase 3: Adjust pointers 115.855ms
[3.385s][info][gc,phases,start] GC(32) Phase 4: Move objects
[3.390s][info][gc,phases      ] GC(32) Phase 4: Move objects 5.178ms
[3.392s][info][gc,heap        ] GC(32) DefNew: 230592K(230592K)->25431K(518976K) Eden: 204992K(204992K)->25431K(461376K) From: 25600K(25600K)->0K(57600K)
[3.392s][info][gc,heap        ] GC(32) Tenured: 486718K(512256K)->691843K(1153076K)
[3.392s][info][gc,metaspace   ] GC(32) Metaspace: 6303K(6528K)->6303K(6528K) NonClass: 5769K(5888K)->5769K(5888K) Class: 533K(640K)->533K(640K)
[3.392s][info][gc             ] GC(32) Pause Full (Allocation Failure) 700M->700M(1632M) 560.974ms
[3.392s][info][gc,cpu         ] GC(32) User=0.53s Sys=0.00s Real=0.56s
[3.864s][info][gc,start       ] GC(33) Pause Young (Allocation Failure)
[4.645s][info][gc,heap        ] GC(33) DefNew: 461376K(518976K)->57599K(518976K) Eden: 461376K(461376K)->0K(461376K) From: 0K(57600K)->57599K(57600K)
[4.645s][info][gc,heap        ] GC(33) Tenured: 691843K(1153076K)->1095589K(1153076K)
[4.645s][info][gc,metaspace   ] GC(33) Metaspace: 6303K(6528K)->6303K(6528K) NonClass: 5769K(5888K)->5769K(5888K) Class: 533K(640K)->533K(640K)
[4.645s][info][gc             ] GC(33) Pause Young (Allocation Failure) 1126M->1126M(1632M) 781.111ms
[4.645s][info][gc,cpu         ] GC(33) User=0.66s Sys=0.11s Real=0.78s
[5.116s][info][gc,start       ] GC(34) Pause Young (Allocation Failure)
[5.838s][info][gc             ] GC(34) Pause Young (Allocation Failure) 1576M->1526M(1977M) 722.043ms
[5.838s][info][gc,cpu         ] GC(34) User=0.61s Sys=0.11s Real=0.72s
[5.839s][info][gc,start       ] GC(35) Pause Full (Allocation Failure)
[5.839s][info][gc,phases,start] GC(35) Phase 1: Mark live objects
[6.512s][info][gc,phases      ] GC(35) Phase 1: Mark live objects 673.030ms
[6.512s][info][gc,phases,start] GC(35) Phase 2: Compute new object addresses
[6.764s][info][gc,phases      ] GC(35) Phase 2: Compute new object addresses 252.712ms
[6.764s][info][gc,phases,start] GC(35) Phase 3: Adjust pointers
[7.047s][info][gc,phases      ] GC(35) Phase 3: Adjust pointers 282.079ms
[7.047s][info][gc,phases,start] GC(35) Phase 4: Move objects
[7.058s][info][gc,phases      ] GC(35) Phase 4: Move objects 11.530ms
[7.062s][info][gc,heap        ] GC(35) DefNew: 518975K(518976K)->57422K(1129536K) Eden: 461376K(461376K)->57422K(1004032K) From: 57599K(57600K)->0K(125504K)
[7.062s][info][gc,heap        ] GC(35) Tenured: 1095589K(1153076K)->1506039K(2510068K)
[7.062s][info][gc,metaspace   ] GC(35) Metaspace: 6303K(6528K)->6303K(6528K) NonClass: 5769K(5888K)->5769K(5888K) Class: 533K(640K)->533K(640K)
[7.062s][info][gc             ] GC(35) Pause Full (Allocation Failure) 1526M->1526M(3554M) 1223.787ms
[7.062s][info][gc,cpu         ] GC(35) User=1.20s Sys=0.00s Real=1.22s
[8.091s][info][gc,start       ] GC(36) Pause Young (Allocation Failure)
[9.846s][info][gc,heap        ] GC(36) DefNew: 1004032K(1129536K)->125504K(1129536K) Eden: 1004032K(1004032K)->0K(1004032K) From: 0K(125504K)->125504K(125504K)
[9.846s][info][gc,heap        ] GC(36) Tenured: 1506039K(2510068K)->2384538K(2510068K)
[9.846s][info][gc,metaspace   ] GC(36) Metaspace: 6303K(6528K)->6303K(6528K) NonClass: 5769K(5888K)->5769K(5888K) Class: 533K(640K)->533K(640K)
[9.846s][info][gc             ] GC(36) Pause Young (Allocation Failure) 2451M->2451M(3554M) 1754.569ms
[9.846s][info][gc,cpu         ] GC(36) User=1.53s Sys=0.20s Real=1.75s
[10.839s][info][gc,start       ] GC(37) Pause Young (Allocation Failure)
[10.839s][info][gc             ] GC(37) Pause Young (Allocation Failure) 3431M->3431M(3554M) 0.119ms
[10.839s][info][gc,cpu         ] GC(37) User=0.00s Sys=0.00s Real=0.00s
[10.839s][info][gc,start       ] GC(38) Pause Full (Allocation Failure)
[10.839s][info][gc,phases,start] GC(38) Phase 1: Mark live objects
[12.399s][info][gc,phases      ] GC(38) Phase 1: Mark live objects 1560.438ms
[12.399s][info][gc,phases,start] GC(38) Phase 2: Compute new object addresses
[12.873s][info][gc,phases      ] GC(38) Phase 2: Compute new object addresses 473.536ms
[12.873s][info][gc,phases,start] GC(38) Phase 3: Adjust pointers
[13.618s][info][gc,phases      ] GC(38) Phase 3: Adjust pointers 744.776ms
[13.618s][info][gc,phases,start] GC(38) Phase 4: Move objects
[14.268s][info][gc,phases      ] GC(38) Phase 4: Move objects 649.670ms
[14.269s][info][gc,heap        ] GC(38) DefNew: 1129536K(1129536K)->909765K(1259520K) Eden: 1004032K(1004032K)->909765K(1119616K) From: 125504K(125504K)->0K(139904K)
[14.269s][info][gc,heap        ] GC(38) Tenured: 2384538K(2510068K)->2510067K(2798976K)
[14.269s][info][gc,metaspace   ] GC(38) Metaspace: 6303K(6528K)->6303K(6528K) NonClass: 5769K(5888K)->5769K(5888K) Class: 533K(640K)->533K(640K)
[14.269s][info][gc             ] GC(38) Pause Full (Allocation Failure) 3431M->3339M(3963M) 3430.558ms
[14.269s][info][gc,cpu         ] GC(38) User=3.36s Sys=0.03s Real=3.43s
[15.827s][info][gc,start       ] GC(39) Pause Full (Allocation Failure)
[15.828s][info][gc,phases,start] GC(39) Phase 1: Mark live objects
[17.680s][info][gc,phases      ] GC(39) Phase 1: Mark live objects 1852.767ms
[17.680s][info][gc,phases,start] GC(39) Phase 2: Compute new object addresses
[18.224s][info][gc,phases      ] GC(39) Phase 2: Compute new object addresses 543.622ms
[18.224s][info][gc,phases,start] GC(39) Phase 3: Adjust pointers
[19.015s][info][gc,phases      ] GC(39) Phase 3: Adjust pointers 790.640ms
[19.015s][info][gc,phases,start] GC(39) Phase 4: Move objects
[19.065s][info][gc,phases      ] GC(39) Phase 4: Move objects 50.259ms
[19.066s][info][gc,heap        ] GC(39) DefNew: 1259519K(1259520K)->1259514K(1259520K) Eden: 1119616K(1119616K)->1119615K(1119616K) From: 139903K(139904K)->139898K(139904K)
[19.066s][info][gc,heap        ] GC(39) Tenured: 2798975K(2798976K)->2798975K(2798976K)
[19.066s][info][gc,metaspace   ] GC(39) Metaspace: 6303K(6528K)->6303K(6528K) NonClass: 5769K(5888K)->5769K(5888K) Class: 533K(640K)->533K(640K)
[19.066s][info][gc             ] GC(39) Pause Full (Allocation Failure) 3963M->3963M(3963M) 3238.580ms
[19.066s][info][gc,cpu         ] GC(39) User=3.22s Sys=0.00s Real=3.24s
[19.066s][info][gc,start       ] GC(40) Pause Full (Allocation Failure)
[19.066s][info][gc,phases,start] GC(40) Phase 1: Mark live objects
[20.986s][info][gc,phases      ] GC(40) Phase 1: Mark live objects 1919.816ms
[20.986s][info][gc,phases,start] GC(40) Phase 2: Compute new object addresses
[21.769s][info][gc,phases      ] GC(40) Phase 2: Compute new object addresses 783.362ms
[21.770s][info][gc,phases,start] GC(40) Phase 3: Adjust pointers
[22.657s][info][gc,phases      ] GC(40) Phase 3: Adjust pointers 887.245ms
[22.657s][info][gc,phases,start] GC(40) Phase 4: Move objects
[22.657s][info][gc,phases      ] GC(40) Phase 4: Move objects 0.017ms
[22.657s][info][gc,heap        ] GC(40) DefNew: 1259519K(1259520K)->1259519K(1259520K) Eden: 1119615K(1119616K)->1119615K(1119616K) From: 139903K(139904K)->139903K(139904K)
[22.657s][info][gc,heap        ] GC(40) Tenured: 2798975K(2798976K)->2798975K(2798976K)
[22.657s][info][gc,metaspace   ] GC(40) Metaspace: 6303K(6528K)->6303K(6528K) NonClass: 5769K(5888K)->5769K(5888K) Class: 533K(640K)->533K(640K)
[22.657s][info][gc             ] GC(40) Pause Full (Allocation Failure) 3963M->3963M(3963M) 3591.293ms
[22.657s][info][gc,cpu         ] GC(40) User=3.42s Sys=0.00s Real=3.59s
[22.657s][info][gc,start       ] GC(41) Pause Full (Allocation Failure)
[22.657s][info][gc,phases,start] GC(41) Phase 1: Mark live objects
[24.541s][info][gc,phases      ] GC(41) Phase 1: Mark live objects 1883.424ms
[24.541s][info][gc,phases,start] GC(41) Phase 2: Compute new object addresses
[25.092s][info][gc,phases      ] GC(41) Phase 2: Compute new object addresses 550.888ms
[25.092s][info][gc,phases,start] GC(41) Phase 3: Adjust pointers
[26.015s][info][gc,phases      ] GC(41) Phase 3: Adjust pointers 923.332ms
[26.015s][info][gc,phases,start] GC(41) Phase 4: Move objects
[26.663s][info][gc,phases      ] GC(41) Phase 4: Move objects 647.641ms
[26.664s][info][gc,heap        ] GC(41) DefNew: 1259519K(1259520K)->1259515K(1259520K) Eden: 1119615K(1119616K)->1119615K(1119616K) From: 139903K(139904K)->139899K(139904K)
[26.664s][info][gc,heap        ] GC(41) Tenured: 2798975K(2798976K)->2798975K(2798976K)
[26.664s][info][gc,metaspace   ] GC(41) Metaspace: 6303K(6528K)->6301K(6528K) NonClass: 5769K(5888K)->5768K(5888K) Class: 533K(640K)->532K(640K)
[26.664s][info][gc             ] GC(41) Pause Full (Allocation Failure) 3963M->3963M(3963M) 4006.610ms
[26.664s][info][gc,cpu         ] GC(41) User=3.95s Sys=0.00s Real=4.01s
[26.664s][info][gc,start       ] GC(42) Pause Full (Allocation Failure)
[26.664s][info][gc,phases,start] GC(42) Phase 1: Mark live objects
[28.514s][info][gc,phases      ] GC(42) Phase 1: Mark live objects 1849.786ms
[28.514s][info][gc,phases,start] GC(42) Phase 2: Compute new object addresses
[29.057s][info][gc,phases      ] GC(42) Phase 2: Compute new object addresses 542.820ms
[29.057s][info][gc,phases,start] GC(42) Phase 3: Adjust pointers
[29.814s][info][gc,phases      ] GC(42) Phase 3: Adjust pointers 756.971ms
[29.814s][info][gc,phases,start] GC(42) Phase 4: Move objects
[29.814s][info][gc,phases      ] GC(42) Phase 4: Move objects 0.017ms
[29.815s][info][gc,heap        ] GC(42) DefNew: 1259519K(1259520K)->1259519K(1259520K) Eden: 1119615K(1119616K)->1119615K(1119616K) From: 139903K(139904K)->139903K(139904K)
[29.815s][info][gc,heap        ] GC(42) Tenured: 2798975K(2798976K)->2798975K(2798976K)
[29.815s][info][gc,metaspace   ] GC(42) Metaspace: 6301K(6528K)->6301K(6528K) NonClass: 5768K(5888K)->5768K(5888K) Class: 532K(640K)->532K(640K)
[29.815s][info][gc             ] GC(42) Pause Full (Allocation Failure) 3963M->3963M(3963M) 3150.389ms
[29.815s][info][gc,cpu         ] GC(42) User=3.14s Sys=0.00s Real=3.15s
[29.815s][info][gc,start       ] GC(43) Pause Full (Allocation Failure)
[29.815s][info][gc,phases,start] GC(43) Phase 1: Mark live objects
[31.686s][info][gc,phases      ] GC(43) Phase 1: Mark live objects 1871.157ms
[31.686s][info][gc,phases,start] GC(43) Phase 2: Compute new object addresses
[32.237s][info][gc,phases      ] GC(43) Phase 2: Compute new object addresses 551.220ms
[32.237s][info][gc,phases,start] GC(43) Phase 3: Adjust pointers
[33.000s][info][gc,phases      ] GC(43) Phase 3: Adjust pointers 762.275ms
[33.000s][info][gc,phases,start] GC(43) Phase 4: Move objects
[33.000s][info][gc,phases      ] GC(43) Phase 4: Move objects 0.016ms
[33.000s][info][gc,heap        ] GC(43) DefNew: 1259519K(1259520K)->1259519K(1259520K) Eden: 1119615K(1119616K)->1119615K(1119616K) From: 139903K(139904K)->139903K(139904K)
[33.000s][info][gc,heap        ] GC(43) Tenured: 2798975K(2798976K)->2798975K(2798976K)
[33.000s][info][gc,metaspace   ] GC(43) Metaspace: 6301K(6528K)->6301K(6528K) NonClass: 5768K(5888K)->5768K(5888K) Class: 532K(640K)->532K(640K)
[33.000s][info][gc             ] GC(43) Pause Full (Allocation Failure) 3963M->3963M(3963M) 3185.435ms
[33.000s][info][gc,cpu         ] GC(43) User=3.14s Sys=0.00s Real=3.19s
[33.001s][info][gc,start       ] GC(44) Pause Full (Allocation Failure)
[33.001s][info][gc,phases,start] GC(44) Phase 1: Mark live objects
[34.860s][info][gc,phases      ] GC(44) Phase 1: Mark live objects 1859.111ms
[34.860s][info][gc,phases,start] GC(44) Phase 2: Compute new object addresses
[35.409s][info][gc,phases      ] GC(44) Phase 2: Compute new object addresses 549.047ms
[35.409s][info][gc,phases,start] GC(44) Phase 3: Adjust pointers
[36.171s][info][gc,phases      ] GC(44) Phase 3: Adjust pointers 762.232ms
[36.171s][info][gc,phases,start] GC(44) Phase 4: Move objects
[36.171s][info][gc,phases      ] GC(44) Phase 4: Move objects 0.016ms
[36.172s][info][gc,heap        ] GC(44) DefNew: 1259519K(1259520K)->1259519K(1259520K) Eden: 1119615K(1119616K)->1119615K(1119616K) From: 139903K(139904K)->139903K(139904K)
[36.172s][info][gc,heap        ] GC(44) Tenured: 2798975K(2798976K)->2798975K(2798976K)
[36.172s][info][gc,metaspace   ] GC(44) Metaspace: 6301K(6528K)->6301K(6528K) NonClass: 5768K(5888K)->5768K(5888K) Class: 532K(640K)->532K(640K)
[36.172s][info][gc             ] GC(44) Pause Full (Allocation Failure) 3963M->3963M(3963M) 3171.222ms
[36.172s][info][gc,cpu         ] GC(44) User=3.16s Sys=0.00s Real=3.17s
[36.172s][info][gc,start       ] GC(45) Pause Full (Allocation Failure)
[36.172s][info][gc,phases,start] GC(45) Phase 1: Mark live objects
[38.014s][info][gc,phases      ] GC(45) Phase 1: Mark live objects 1841.524ms
[38.014s][info][gc,phases,start] GC(45) Phase 2: Compute new object addresses
[38.558s][info][gc,phases      ] GC(45) Phase 2: Compute new object addresses 543.524ms
[38.558s][info][gc,phases,start] GC(45) Phase 3: Adjust pointers
[39.309s][info][gc,phases      ] GC(45) Phase 3: Adjust pointers 751.650ms
[39.309s][info][gc,phases,start] GC(45) Phase 4: Move objects
[39.309s][info][gc,phases      ] GC(45) Phase 4: Move objects 0.016ms
[39.310s][info][gc,heap        ] GC(45) DefNew: 1259519K(1259520K)->1259519K(1259520K) Eden: 1119615K(1119616K)->1119615K(1119616K) From: 139903K(139904K)->139903K(139904K)
[39.310s][info][gc,heap        ] GC(45) Tenured: 2798975K(2798976K)->2798975K(2798976K)
[39.310s][info][gc,metaspace   ] GC(45) Metaspace: 6301K(6528K)->6301K(6528K) NonClass: 5768K(5888K)->5768K(5888K) Class: 532K(640K)->532K(640K)
[39.310s][info][gc             ] GC(45) Pause Full (Allocation Failure) 3963M->3963M(3963M) 3137.546ms
[39.310s][info][gc,cpu         ] GC(45) User=3.12s Sys=0.00s Real=3.14s
[39.310s][info][gc,start       ] GC(46) Pause Full (Allocation Failure)
[39.311s][info][gc,phases,start] GC(46) Phase 1: Mark live objects
[41.149s][info][gc,phases      ] GC(46) Phase 1: Mark live objects 1838.525ms
[41.149s][info][gc,phases,start] GC(46) Phase 2: Compute new object addresses
[41.695s][info][gc,phases      ] GC(46) Phase 2: Compute new object addresses 545.514ms
[41.695s][info][gc,phases,start] GC(46) Phase 3: Adjust pointers
[42.610s][info][gc,phases      ] GC(46) Phase 3: Adjust pointers 915.406ms
[42.610s][info][gc,phases,start] GC(46) Phase 4: Move objects
[43.249s][info][gc,phases      ] GC(46) Phase 4: Move objects 638.567ms
[43.250s][info][gc,heap        ] GC(46) DefNew: 1259519K(1259520K)->1259518K(1259520K) Eden: 1119615K(1119616K)->1119615K(1119616K) From: 139903K(139904K)->139902K(139904K)
[43.250s][info][gc,heap        ] GC(46) Tenured: 2798975K(2798976K)->2798976K(2798976K)
[43.250s][info][gc,metaspace   ] GC(46) Metaspace: 6301K(6528K)->6301K(6528K) NonClass: 5768K(5888K)->5768K(5888K) Class: 532K(640K)->532K(640K)
[43.250s][info][gc             ] GC(46) Pause Full (Allocation Failure) 3963M->3963M(3963M) 3939.221ms
[43.250s][info][gc,cpu         ] GC(46) User=3.92s Sys=0.00s Real=3.94s
[43.251s][info][gc,start       ] GC(47) Pause Full (Allocation Failure)
[43.251s][info][gc,phases,start] GC(47) Phase 1: Mark live objects
[45.101s][info][gc,phases      ] GC(47) Phase 1: Mark live objects 1849.779ms
[45.101s][info][gc,phases,start] GC(47) Phase 2: Compute new object addresses
[45.675s][info][gc,phases      ] GC(47) Phase 2: Compute new object addresses 574.466ms
[45.676s][info][gc,phases,start] GC(47) Phase 3: Adjust pointers
[46.457s][info][gc,phases      ] GC(47) Phase 3: Adjust pointers 781.780ms
[46.457s][info][gc,phases,start] GC(47) Phase 4: Move objects
[46.457s][info][gc,phases      ] GC(47) Phase 4: Move objects 0.017ms
[46.458s][info][gc,heap        ] GC(47) DefNew: 1259519K(1259520K)->1259518K(1259520K) Eden: 1119615K(1119616K)->1119615K(1119616K) From: 139903K(139904K)->139902K(139904K)
[46.458s][info][gc,heap        ] GC(47) Tenured: 2798976K(2798976K)->2798976K(2798976K)
[46.458s][info][gc,metaspace   ] GC(47) Metaspace: 6303K(6528K)->6303K(6528K) NonClass: 5769K(5888K)->5769K(5888K) Class: 533K(640K)->533K(640K)
[46.458s][info][gc             ] GC(47) Pause Full (Allocation Failure) 3963M->3963M(3963M) 3207.108ms
[46.458s][info][gc,cpu         ] GC(47) User=3.12s Sys=0.00s Real=3.21s
[46.459s][info][gc,heap,exit   ] Heap
[46.459s][info][gc,heap,exit   ]  def new generation   total 1259520K, used 1259519K [0x00000006ffc00000, 0x00000007552a0000, 0x00000007552a0000)
[46.459s][info][gc,heap,exit   ]   eden space 1119616K,  99% used [0x00000006ffc00000, 0x000000074415fff8, 0x0000000744160000)
[46.459s][info][gc,heap,exit   ]   from space 139904K,  99% used [0x0000000744160000, 0x000000074c9ffef0, 0x000000074ca00000)
[46.459s][info][gc,heap,exit   ]   to   space 139904K,   0% used [0x000000074ca00000, 0x000000074ca00000, 0x00000007552a0000)
[46.459s][info][gc,heap,exit   ]  tenured generation   total 2798976K, used 2798976K [0x00000007552a0000, 0x0000000800000000, 0x0000000800000000)
[46.459s][info][gc,heap,exit   ]    the space 2798976K, 100% used [0x00000007552a0000, 0x0000000800000000, 0x0000000800000000, 0x0000000800000000)
[46.459s][info][gc,heap,exit   ]  Metaspace       used 6306K, committed 6528K, reserved 1114112K
[46.459s][info][gc,heap,exit   ]   class space    used 534K, committed 640K, reserved 1048576K
