[0.015s][info][gc,init] CardTable entry size: 512
[0.015s][info][gc     ] Using Parallel
[0.016s][info][gc,init] Version: 18.0.1+10 (release)
[0.016s][info][gc,init] CPUs: 8 total, 8 available
[0.016s][info][gc,init] Memory: 16063M
[0.016s][info][gc,init] Large Page Support: Disabled
[0.016s][info][gc,init] NUMA Support: Disabled
[0.016s][info][gc,init] Compressed Oops: Enabled (Zero based)
[0.016s][info][gc,init] Alignments: Space 512K, Generation 512K, Heap 2M
[0.016s][info][gc,init] Heap Min Capacity: 2M
[0.016s][info][gc,init] Heap Initial Capacity: 2M
[0.016s][info][gc,init] Heap Max Capacity: 10200M
[0.017s][info][gc,init] Pre-touch: Disabled
[0.017s][info][gc,init] Parallel Workers: 8
[0.017s][info][gc,metaspace] CDS archive(s) not mapped
[0.017s][info][gc,metaspace] Compressed class space mapped at: 0x0000000800000000-0x0000000840000000, reserved size: 1073741824
[0.017s][info][gc,metaspace] Narrow klass base: 0x0000000800000000, Narrow klass shift: 0, Narrow klass range: 0x40000000
[0.121s][info][gc,start    ] GC(0) Pause Young (Allocation Failure)
[0.122s][info][gc,heap     ] GC(0) PSYoungGen: 512K(1024K)->480K(1024K) Eden: 512K(512K)->0K(512K) From: 0K(512K)->480K(512K)
[0.122s][info][gc,heap     ] GC(0) ParOldGen: 0K(512K)->8K(512K)
[0.122s][info][gc,metaspace] GC(0) Metaspace: 4229K(4352K)->4229K(4352K) NonClass: 3908K(3968K)->3908K(3968K) Class: 321K(384K)->321K(384K)
[0.122s][info][gc          ] GC(0) Pause Young (Allocation Failure) 0M->0M(1M) 1.368ms
[0.122s][info][gc,cpu      ] GC(0) User=0.00s Sys=0.00s Real=0.00s
[0.184s][info][gc,start    ] GC(1) Pause Young (Allocation Failure)
[0.185s][info][gc,heap     ] GC(1) PSYoungGen: 991K(1024K)->512K(1536K) Eden: 511K(512K)->0K(1024K) From: 480K(512K)->512K(512K)
[0.185s][info][gc,heap     ] GC(1) ParOldGen: 8K(512K)->96K(512K)
[0.185s][info][gc,metaspace] GC(1) Metaspace: 5882K(6016K)->5882K(6016K) NonClass: 5385K(5504K)->5385K(5504K) Class: 496K(512K)->496K(512K)
[0.185s][info][gc          ] GC(1) Pause Young (Allocation Failure) 0M->0M(2M) 0.888ms
[0.185s][info][gc,cpu      ] GC(1) User=0.00s Sys=0.00s Real=0.00s
[0.207s][info][gc,start    ] GC(2) Pause Young (Allocation Failure)
[0.208s][info][gc,heap     ] GC(2) PSYoungGen: 1536K(1536K)->512K(1536K) Eden: 1024K(1024K)->0K(1024K) From: 512K(512K)->512K(512K)
[0.208s][info][gc,heap     ] GC(2) ParOldGen: 96K(512K)->504K(512K)
[0.208s][info][gc,metaspace] GC(2) Metaspace: 6300K(6464K)->6300K(6464K) NonClass: 5767K(5824K)->5767K(5824K) Class: 533K(640K)->533K(640K)
[0.208s][info][gc          ] GC(2) Pause Young (Allocation Failure) 1M->0M(2M) 1.155ms
[0.208s][info][gc,cpu      ] GC(2) User=0.00s Sys=0.00s Real=0.00s
[0.208s][info][gc,start    ] GC(3) Pause Full (Ergonomics)
[0.208s][info][gc,phases,start] GC(3) Marking Phase
[0.209s][info][gc,phases      ] GC(3) Marking Phase 0.918ms
[0.209s][info][gc,phases,start] GC(3) Summary Phase
[0.209s][info][gc,phases      ] GC(3) Summary Phase 0.016ms
[0.209s][info][gc,phases,start] GC(3) Adjust Roots
[0.210s][info][gc,phases      ] GC(3) Adjust Roots 0.346ms
[0.210s][info][gc,phases,start] GC(3) Compaction Phase
[0.212s][info][gc,phases      ] GC(3) Compaction Phase 1.967ms
[0.212s][info][gc,phases,start] GC(3) Post Compact
[0.212s][info][gc,phases      ] GC(3) Post Compact 0.077ms
[0.212s][info][gc,heap        ] GC(3) PSYoungGen: 512K(1536K)->510K(1536K) Eden: 0K(1024K)->0K(1024K) From: 512K(512K)->510K(512K)
[0.212s][info][gc,heap        ] GC(3) ParOldGen: 504K(512K)->470K(2048K)
[0.212s][info][gc,metaspace   ] GC(3) Metaspace: 6300K(6464K)->6300K(6464K) NonClass: 5767K(5824K)->5767K(5824K) Class: 533K(640K)->533K(640K)
[0.212s][info][gc             ] GC(3) Pause Full (Ergonomics) 0M->0M(3M) 3.577ms
[0.212s][info][gc,cpu         ] GC(3) User=0.00s Sys=0.00s Real=0.00s
[0.213s][info][gc,start       ] GC(4) Pause Young (Allocation Failure)
[0.215s][info][gc,heap        ] GC(4) PSYoungGen: 1534K(1536K)->480K(2560K) Eden: 1024K(1024K)->0K(2048K) From: 510K(512K)->480K(512K)
[0.215s][info][gc,heap        ] GC(4) ParOldGen: 470K(2048K)->1038K(2048K)
[0.215s][info][gc,metaspace   ] GC(4) Metaspace: 6300K(6464K)->6300K(6464K) NonClass: 5767K(5824K)->5767K(5824K) Class: 533K(640K)->533K(640K)
[0.215s][info][gc             ] GC(4) Pause Young (Allocation Failure) 1M->1M(4M) 1.592ms
[0.215s][info][gc,cpu         ] GC(4) User=0.00s Sys=0.00s Real=0.00s
[0.219s][info][gc,start       ] GC(5) Pause Young (Allocation Failure)
[0.220s][info][gc,heap        ] GC(5) PSYoungGen: 2528K(2560K)->480K(2560K) Eden: 2048K(2048K)->0K(2048K) From: 480K(512K)->480K(512K)
[0.220s][info][gc,heap        ] GC(5) ParOldGen: 1038K(2048K)->2106K(2560K)
[0.220s][info][gc,metaspace   ] GC(5) Metaspace: 6300K(6464K)->6300K(6464K) NonClass: 5767K(5824K)->5767K(5824K) Class: 533K(640K)->533K(640K)
[0.220s][info][gc             ] GC(5) Pause Young (Allocation Failure) 3M->2M(5M) 1.697ms
[0.220s][info][gc,cpu         ] GC(5) User=0.00s Sys=0.00s Real=0.00s
[0.220s][info][gc,start       ] GC(6) Pause Full (Ergonomics)
[0.220s][info][gc,phases,start] GC(6) Marking Phase
[0.222s][info][gc,phases      ] GC(6) Marking Phase 1.631ms
[0.222s][info][gc,phases,start] GC(6) Summary Phase
[0.222s][info][gc,phases      ] GC(6) Summary Phase 0.018ms
[0.222s][info][gc,phases,start] GC(6) Adjust Roots
[0.222s][info][gc,phases      ] GC(6) Adjust Roots 0.359ms
[0.222s][info][gc,phases,start] GC(6) Compaction Phase
[0.224s][info][gc,phases      ] GC(6) Compaction Phase 1.925ms
[0.224s][info][gc,phases,start] GC(6) Post Compact
[0.224s][info][gc,phases      ] GC(6) Post Compact 0.032ms
[0.225s][info][gc,heap        ] GC(6) PSYoungGen: 480K(2560K)->0K(4096K) Eden: 0K(2048K)->0K(3072K) From: 480K(512K)->0K(1024K)
[0.225s][info][gc,heap        ] GC(6) ParOldGen: 2106K(2560K)->2542K(6144K)
[0.225s][info][gc,metaspace   ] GC(6) Metaspace: 6300K(6464K)->6300K(6464K) NonClass: 5767K(5824K)->5767K(5824K) Class: 533K(640K)->533K(640K)
[0.225s][info][gc             ] GC(6) Pause Full (Ergonomics) 2M->2M(10M) 4.313ms
[0.225s][info][gc,cpu         ] GC(6) User=0.00s Sys=0.00s Real=0.00s
[0.230s][info][gc,start       ] GC(7) Pause Young (Allocation Failure)
[0.231s][info][gc,heap        ] GC(7) PSYoungGen: 3072K(4096K)->1664K(5120K) Eden: 3072K(3072K)->0K(3072K) From: 0K(1024K)->1664K(2048K)
[0.232s][info][gc,heap        ] GC(7) ParOldGen: 2542K(6144K)->2542K(6144K)
[0.232s][info][gc,metaspace   ] GC(7) Metaspace: 6300K(6464K)->6300K(6464K) NonClass: 5767K(5824K)->5767K(5824K) Class: 533K(640K)->533K(640K)
[0.232s][info][gc             ] GC(7) Pause Young (Allocation Failure) 5M->4M(11M) 1.911ms
[0.232s][info][gc,cpu         ] GC(7) User=0.00s Sys=0.00s Real=0.00s
[0.238s][info][gc,start       ] GC(8) Pause Young (Allocation Failure)
[0.241s][info][gc,heap        ] GC(8) PSYoungGen: 4736K(5120K)->2016K(5632K) Eden: 3072K(3072K)->0K(3584K) From: 1664K(2048K)->2016K(2048K)
[0.241s][info][gc,heap        ] GC(8) ParOldGen: 2542K(6144K)->3774K(6144K)
[0.241s][info][gc,metaspace   ] GC(8) Metaspace: 6300K(6464K)->6300K(6464K) NonClass: 5767K(5824K)->5767K(5824K) Class: 533K(640K)->533K(640K)
[0.241s][info][gc             ] GC(8) Pause Young (Allocation Failure) 7M->5M(11M) 3.484ms
[0.241s][info][gc,cpu         ] GC(8) User=0.00s Sys=0.00s Real=0.00s
[0.248s][info][gc,start       ] GC(9) Pause Young (Allocation Failure)
[0.253s][info][gc,heap        ] GC(9) PSYoungGen: 5600K(5632K)->3040K(6656K) Eden: 3584K(3584K)->0K(3584K) From: 2016K(2048K)->3040K(3072K)
[0.253s][info][gc,heap        ] GC(9) ParOldGen: 3774K(6144K)->4614K(6144K)
[0.253s][info][gc,metaspace   ] GC(9) Metaspace: 6300K(6464K)->6300K(6464K) NonClass: 5767K(5824K)->5767K(5824K) Class: 533K(640K)->533K(640K)
[0.253s][info][gc             ] GC(9) Pause Young (Allocation Failure) 9M->7M(12M) 4.572ms
[0.253s][info][gc,cpu         ] GC(9) User=0.00s Sys=0.00s Real=0.01s
[0.258s][info][gc,start       ] GC(10) Pause Young (Allocation Failure)
[0.262s][info][gc,heap        ] GC(10) PSYoungGen: 6624K(6656K)->4064K(9216K) Eden: 3584K(3584K)->0K(5120K) From: 3040K(3072K)->4064K(4096K)
[0.262s][info][gc,heap        ] GC(10) ParOldGen: 4614K(6144K)->5454K(6144K)
[0.262s][info][gc,metaspace   ] GC(10) Metaspace: 6300K(6464K)->6300K(6464K) NonClass: 5767K(5824K)->5767K(5824K) Class: 533K(640K)->533K(640K)
[0.262s][info][gc             ] GC(10) Pause Young (Allocation Failure) 10M->9M(15M) 4.280ms
[0.262s][info][gc,cpu         ] GC(10) User=0.00s Sys=0.00s Real=0.00s
[0.262s][info][gc,start       ] GC(11) Pause Full (Ergonomics)
[0.262s][info][gc,phases,start] GC(11) Marking Phase
[0.268s][info][gc,phases      ] GC(11) Marking Phase 5.318ms
[0.268s][info][gc,phases,start] GC(11) Summary Phase
[0.268s][info][gc,phases      ] GC(11) Summary Phase 0.019ms
[0.268s][info][gc,phases,start] GC(11) Adjust Roots
[0.268s][info][gc,phases      ] GC(11) Adjust Roots 0.358ms
[0.268s][info][gc,phases,start] GC(11) Compaction Phase
[0.274s][info][gc,phases      ] GC(11) Compaction Phase 6.106ms
[0.274s][info][gc,phases,start] GC(11) Post Compact
[0.274s][info][gc,phases      ] GC(11) Post Compact 0.091ms
[0.274s][info][gc,heap        ] GC(11) PSYoungGen: 4064K(9216K)->3545K(9216K) Eden: 0K(5120K)->0K(5120K) From: 4064K(4096K)->3545K(4096K)
[0.275s][info][gc,heap        ] GC(11) ParOldGen: 5454K(6144K)->5831K(10752K)
[0.275s][info][gc,metaspace   ] GC(11) Metaspace: 6300K(6464K)->6300K(6464K) NonClass: 5767K(5824K)->5767K(5824K) Class: 533K(640K)->533K(640K)
[0.275s][info][gc             ] GC(11) Pause Full (Ergonomics) 9M->9M(19M) 12.328ms
[0.275s][info][gc,cpu         ] GC(11) User=0.00s Sys=0.00s Real=0.01s
[0.282s][info][gc,start       ] GC(12) Pause Young (Allocation Failure)
[0.286s][info][gc,heap        ] GC(12) PSYoungGen: 8665K(9216K)->5088K(10240K) Eden: 5120K(5120K)->0K(5120K) From: 3545K(4096K)->5088K(5120K)
[0.286s][info][gc,heap        ] GC(12) ParOldGen: 5831K(10752K)->6951K(10752K)
[0.286s][info][gc,metaspace   ] GC(12) Metaspace: 6300K(6464K)->6300K(6464K) NonClass: 5767K(5824K)->5767K(5824K) Class: 533K(640K)->533K(640K)
[0.286s][info][gc             ] GC(12) Pause Young (Allocation Failure) 14M->11M(20M) 4.450ms
[0.286s][info][gc,cpu         ] GC(12) User=0.00s Sys=0.00s Real=0.00s
[0.291s][info][gc,start       ] GC(13) Pause Young (Allocation Failure)
[0.297s][info][gc,heap        ] GC(13) PSYoungGen: 10208K(10240K)->6464K(12800K) Eden: 5120K(5120K)->0K(6144K) From: 5088K(5120K)->6464K(6656K)
[0.297s][info][gc,heap        ] GC(13) ParOldGen: 6951K(10752K)->8239K(10752K)
[0.297s][info][gc,metaspace   ] GC(13) Metaspace: 6302K(6464K)->6302K(6464K) NonClass: 5769K(5824K)->5769K(5824K) Class: 533K(640K)->533K(640K)
[0.297s][info][gc             ] GC(13) Pause Young (Allocation Failure) 16M->14M(23M) 6.033ms
[0.297s][info][gc,cpu         ] GC(13) User=0.00s Sys=0.00s Real=0.01s
[0.302s][info][gc,start       ] GC(14) Pause Young (Allocation Failure)
[0.308s][info][gc,heap        ] GC(14) PSYoungGen: 12608K(12800K)->5824K(13824K) Eden: 6144K(6144K)->0K(6144K) From: 6464K(6656K)->5824K(7680K)
[0.308s][info][gc,heap        ] GC(14) ParOldGen: 8239K(10752K)->12111K(12288K)
[0.308s][info][gc,metaspace   ] GC(14) Metaspace: 6302K(6464K)->6302K(6464K) NonClass: 5769K(5824K)->5769K(5824K) Class: 533K(640K)->533K(640K)
[0.308s][info][gc             ] GC(14) Pause Young (Allocation Failure) 20M->17M(25M) 6.090ms
[0.308s][info][gc,cpu         ] GC(14) User=0.00s Sys=0.00s Real=0.01s
[0.308s][info][gc,start       ] GC(15) Pause Full (Ergonomics)
[0.308s][info][gc,phases,start] GC(15) Marking Phase
[0.316s][info][gc,phases      ] GC(15) Marking Phase 7.142ms
[0.316s][info][gc,phases,start] GC(15) Summary Phase
[0.316s][info][gc,phases      ] GC(15) Summary Phase 0.019ms
[0.316s][info][gc,phases,start] GC(15) Adjust Roots
[0.316s][info][gc,phases      ] GC(15) Adjust Roots 0.223ms
[0.316s][info][gc,phases,start] GC(15) Compaction Phase
[0.323s][info][gc,phases      ] GC(15) Compaction Phase 6.994ms
[0.323s][info][gc,phases,start] GC(15) Post Compact
[0.323s][info][gc,phases      ] GC(15) Post Compact 0.083ms
[0.323s][info][gc,heap        ] GC(15) PSYoungGen: 5824K(13824K)->5758K(13824K) Eden: 0K(6144K)->0K(6144K) From: 5824K(7680K)->5758K(7680K)
[0.323s][info][gc,heap        ] GC(15) ParOldGen: 12111K(12288K)->12006K(18944K)
[0.323s][info][gc,metaspace   ] GC(15) Metaspace: 6302K(6464K)->6302K(6464K) NonClass: 5769K(5824K)->5769K(5824K) Class: 533K(640K)->533K(640K)
[0.323s][info][gc             ] GC(15) Pause Full (Ergonomics) 17M->17M(32M) 14.791ms
[0.323s][info][gc,cpu         ] GC(15) User=0.00s Sys=0.00s Real=0.01s
[0.327s][info][gc,start       ] GC(16) Pause Young (Allocation Failure)
[0.334s][info][gc,heap        ] GC(16) PSYoungGen: 11902K(13824K)->3200K(15360K) Eden: 6144K(6144K)->0K(8704K) From: 5758K(7680K)->3200K(6656K)
[0.334s][info][gc,heap        ] GC(16) ParOldGen: 12006K(18944K)->17862K(18944K)
[0.334s][info][gc,metaspace   ] GC(16) Metaspace: 6302K(6464K)->6302K(6464K) NonClass: 5769K(5824K)->5769K(5824K) Class: 533K(640K)->533K(640K)
[0.334s][info][gc             ] GC(16) Pause Young (Allocation Failure) 23M->20M(33M) 7.141ms
[0.334s][info][gc,cpu         ] GC(16) User=0.00s Sys=0.00s Real=0.01s
[0.334s][info][gc,start       ] GC(17) Pause Full (Ergonomics)
[0.335s][info][gc,phases,start] GC(17) Marking Phase
[0.343s][info][gc,phases      ] GC(17) Marking Phase 8.719ms
[0.343s][info][gc,phases,start] GC(17) Summary Phase
[0.343s][info][gc,phases      ] GC(17) Summary Phase 0.019ms
[0.343s][info][gc,phases,start] GC(17) Adjust Roots
[0.344s][info][gc,phases      ] GC(17) Adjust Roots 0.229ms
[0.344s][info][gc,phases,start] GC(17) Compaction Phase
[0.349s][info][gc,phases      ] GC(17) Compaction Phase 5.572ms
[0.349s][info][gc,phases,start] GC(17) Post Compact
[0.349s][info][gc,phases      ] GC(17) Post Compact 0.168ms
[0.350s][info][gc,heap        ] GC(17) PSYoungGen: 3200K(15360K)->2146K(16384K) Eden: 0K(8704K)->0K(9728K) From: 3200K(6656K)->2146K(6656K)
[0.350s][info][gc,heap        ] GC(17) ParOldGen: 17862K(18944K)->18786K(28672K)
[0.350s][info][gc,metaspace   ] GC(17) Metaspace: 6302K(6464K)->6302K(6464K) NonClass: 5769K(5824K)->5769K(5824K) Class: 533K(640K)->533K(640K)
[0.350s][info][gc             ] GC(17) Pause Full (Ergonomics) 20M->20M(44M) 15.140ms
[0.350s][info][gc,cpu         ] GC(17) User=0.00s Sys=0.00s Real=0.02s
[0.358s][info][gc,start       ] GC(18) Pause Young (Allocation Failure)
[0.364s][info][gc,heap        ] GC(18) PSYoungGen: 11874K(16384K)->5568K(17408K) Eden: 9728K(9728K)->0K(9728K) From: 2146K(6656K)->5568K(7680K)
[0.365s][info][gc,heap        ] GC(18) ParOldGen: 18786K(28672K)->20978K(28672K)
[0.365s][info][gc,metaspace   ] GC(18) Metaspace: 6302K(6464K)->6302K(6464K) NonClass: 5769K(5824K)->5769K(5824K) Class: 533K(640K)->533K(640K)
[0.365s][info][gc             ] GC(18) Pause Young (Allocation Failure) 29M->25M(45M) 6.084ms
[0.365s][info][gc,cpu         ] GC(18) User=0.00s Sys=0.00s Real=0.01s
[0.370s][info][gc,start       ] GC(19) Pause Young (Allocation Failure)
[0.379s][info][gc,heap        ] GC(19) PSYoungGen: 15296K(17408K)->5088K(20992K) Eden: 9728K(9728K)->0K(12800K) From: 5568K(7680K)->5088K(8192K)
[0.379s][info][gc,heap        ] GC(19) ParOldGen: 20978K(28672K)->26578K(28672K)
[0.379s][info][gc,metaspace   ] GC(19) Metaspace: 6302K(6464K)->6302K(6464K) NonClass: 5769K(5824K)->5769K(5824K) Class: 533K(640K)->533K(640K)
[0.379s][info][gc             ] GC(19) Pause Young (Allocation Failure) 35M->30M(48M) 8.508ms
[0.379s][info][gc,cpu         ] GC(19) User=0.00s Sys=0.00s Real=0.01s
[0.379s][info][gc,start       ] GC(20) Pause Full (Ergonomics)
[0.379s][info][gc,phases,start] GC(20) Marking Phase
[0.392s][info][gc,phases      ] GC(20) Marking Phase 13.260ms
[0.392s][info][gc,phases,start] GC(20) Summary Phase
[0.392s][info][gc,phases      ] GC(20) Summary Phase 0.019ms
[0.392s][info][gc,phases,start] GC(20) Adjust Roots
[0.393s][info][gc,phases      ] GC(20) Adjust Roots 0.178ms
[0.393s][info][gc,phases,start] GC(20) Compaction Phase
[0.405s][info][gc,phases      ] GC(20) Compaction Phase 12.784ms
[0.405s][info][gc,phases,start] GC(20) Post Compact
[0.406s][info][gc,phases      ] GC(20) Post Compact 0.154ms
[0.406s][info][gc,heap        ] GC(20) PSYoungGen: 5088K(20992K)->2471K(20992K) Eden: 0K(12800K)->0K(12800K) From: 5088K(8192K)->2471K(8192K)
[0.406s][info][gc,heap        ] GC(20) ParOldGen: 26578K(28672K)->28497K(40448K)
[0.406s][info][gc,metaspace   ] GC(20) Metaspace: 6302K(6464K)->6302K(6464K) NonClass: 5769K(5824K)->5769K(5824K) Class: 533K(640K)->533K(640K)
[0.406s][info][gc             ] GC(20) Pause Full (Ergonomics) 30M->30M(60M) 26.890ms
[0.406s][info][gc,cpu         ] GC(20) User=0.02s Sys=0.00s Real=0.03s
[0.417s][info][gc,start       ] GC(21) Pause Young (Allocation Failure)
[0.429s][info][gc,heap        ] GC(21) PSYoungGen: 15271K(20992K)->8192K(20992K) Eden: 12800K(12800K)->0K(12800K) From: 2471K(8192K)->8192K(8192K)
[0.429s][info][gc,heap        ] GC(21) ParOldGen: 28497K(40448K)->33673K(40448K)
[0.429s][info][gc,metaspace   ] GC(21) Metaspace: 6302K(6464K)->6302K(6464K) NonClass: 5769K(5824K)->5769K(5824K) Class: 533K(640K)->533K(640K)
[0.429s][info][gc             ] GC(21) Pause Young (Allocation Failure) 42M->40M(60M) 11.481ms
[0.429s][info][gc,cpu         ] GC(21) User=0.00s Sys=0.00s Real=0.01s
[0.446s][info][gc,start       ] GC(22) Pause Young (Allocation Failure)
[0.464s][info][gc,heap        ] GC(22) PSYoungGen: 20992K(20992K)->11744K(23552K) Eden: 12800K(12800K)->0K(11776K) From: 8192K(8192K)->11744K(11776K)
[0.464s][info][gc,heap        ] GC(22) ParOldGen: 33673K(40448K)->43057K(43520K)
[0.464s][info][gc,metaspace   ] GC(22) Metaspace: 6302K(6464K)->6302K(6464K) NonClass: 5769K(5824K)->5769K(5824K) Class: 533K(640K)->533K(640K)
[0.464s][info][gc             ] GC(22) Pause Young (Allocation Failure) 53M->53M(65M) 17.926ms
[0.464s][info][gc,cpu         ] GC(22) User=0.02s Sys=0.02s Real=0.02s
[0.464s][info][gc,start       ] GC(23) Pause Full (Ergonomics)
[0.464s][info][gc,phases,start] GC(23) Marking Phase
[0.486s][info][gc,phases      ] GC(23) Marking Phase 22.049ms
[0.486s][info][gc,phases,start] GC(23) Summary Phase
[0.486s][info][gc,phases      ] GC(23) Summary Phase 0.015ms
[0.486s][info][gc,phases,start] GC(23) Adjust Roots
[0.486s][info][gc,phases      ] GC(23) Adjust Roots 0.176ms
[0.486s][info][gc,phases,start] GC(23) Compaction Phase
[0.504s][info][gc,phases      ] GC(23) Compaction Phase 18.036ms
[0.504s][info][gc,phases,start] GC(23) Post Compact
[0.504s][info][gc,phases      ] GC(23) Post Compact 0.185ms
[0.504s][info][gc,heap        ] GC(23) PSYoungGen: 11744K(23552K)->11725K(23552K) Eden: 0K(11776K)->0K(11776K) From: 11744K(11776K)->11725K(11776K)
[0.504s][info][gc,heap        ] GC(23) ParOldGen: 43057K(43520K)->41788K(57856K)
[0.505s][info][gc,metaspace   ] GC(23) Metaspace: 6302K(6464K)->6302K(6464K) NonClass: 5769K(5824K)->5769K(5824K) Class: 533K(640K)->533K(640K)
[0.505s][info][gc             ] GC(23) Pause Full (Ergonomics) 53M->52M(79M) 40.783ms
[0.505s][info][gc,cpu         ] GC(23) User=0.02s Sys=0.00s Real=0.04s
[0.517s][info][gc,start       ] GC(24) Pause Young (Allocation Failure)
[0.535s][info][gc,heap        ] GC(24) PSYoungGen: 23501K(23552K)->11808K(28672K) Eden: 11776K(11776K)->0K(11776K) From: 11725K(11776K)->11808K(16896K)
[0.535s][info][gc,heap        ] GC(24) ParOldGen: 41788K(57856K)->53676K(57856K)
[0.535s][info][gc,metaspace   ] GC(24) Metaspace: 6302K(6464K)->6302K(6464K) NonClass: 5769K(5824K)->5769K(5824K) Class: 533K(640K)->533K(640K)
[0.535s][info][gc             ] GC(24) Pause Young (Allocation Failure) 63M->63M(84M) 17.501ms
[0.535s][info][gc,cpu         ] GC(24) User=0.03s Sys=0.00s Real=0.02s
[0.535s][info][gc,start       ] GC(25) Pause Full (Ergonomics)
[0.535s][info][gc,phases,start] GC(25) Marking Phase
[0.560s][info][gc,phases      ] GC(25) Marking Phase 25.516ms
[0.560s][info][gc,phases,start] GC(25) Summary Phase
[0.560s][info][gc,phases      ] GC(25) Summary Phase 0.017ms
[0.560s][info][gc,phases,start] GC(25) Adjust Roots
[0.561s][info][gc,phases      ] GC(25) Adjust Roots 0.161ms
[0.561s][info][gc,phases,start] GC(25) Compaction Phase
[0.579s][info][gc,phases      ] GC(25) Compaction Phase 18.566ms
[0.579s][info][gc,phases,start] GC(25) Post Compact
[0.580s][info][gc,phases      ] GC(25) Post Compact 0.371ms
[0.580s][info][gc,heap        ] GC(25) PSYoungGen: 11808K(28672K)->7658K(28672K) Eden: 0K(11776K)->0K(11776K) From: 11808K(16896K)->7658K(16896K)
[0.580s][info][gc,heap        ] GC(25) ParOldGen: 53676K(57856K)->57601K(77824K)
[0.580s][info][gc,metaspace   ] GC(25) Metaspace: 6302K(6464K)->6302K(6464K) NonClass: 5769K(5824K)->5769K(5824K) Class: 533K(640K)->533K(640K)
[0.580s][info][gc             ] GC(25) Pause Full (Ergonomics) 63M->63M(104M) 45.068ms
[0.580s][info][gc,cpu         ] GC(25) User=0.03s Sys=0.00s Real=0.05s
[0.592s][info][gc,start       ] GC(26) Pause Young (Allocation Failure)
[0.609s][info][gc,heap        ] GC(26) PSYoungGen: 19434K(28672K)->11808K(31232K) Eden: 11776K(11776K)->0K(13312K) From: 7658K(16896K)->11808K(17920K)
[0.609s][info][gc,heap        ] GC(26) ParOldGen: 57601K(77824K)->65385K(77824K)
[0.609s][info][gc,metaspace   ] GC(26) Metaspace: 6302K(6464K)->6302K(6464K) NonClass: 5769K(5824K)->5769K(5824K) Class: 533K(640K)->533K(640K)
[0.609s][info][gc             ] GC(26) Pause Young (Allocation Failure) 75M->75M(106M) 17.366ms
[0.609s][info][gc,cpu         ] GC(26) User=0.03s Sys=0.00s Real=0.02s
[0.621s][info][gc,start       ] GC(27) Pause Young (Allocation Failure)
[0.637s][info][gc,heap        ] GC(27) PSYoungGen: 23758K(31232K)->18944K(32256K) Eden: 11950K(13312K)->0K(13312K) From: 11808K(17920K)->18944K(18944K)
[0.637s][info][gc,heap        ] GC(27) ParOldGen: 65385K(77824K)->70025K(77824K)
[0.637s][info][gc,metaspace   ] GC(27) Metaspace: 6302K(6464K)->6302K(6464K) NonClass: 5769K(5824K)->5769K(5824K) Class: 533K(640K)->533K(640K)
[0.637s][info][gc             ] GC(27) Pause Young (Allocation Failure) 87M->86M(107M) 16.134ms
[0.637s][info][gc,cpu         ] GC(27) User=0.00s Sys=0.00s Real=0.02s
[0.637s][info][gc,start       ] GC(28) Pause Full (Ergonomics)
[0.637s][info][gc,phases,start] GC(28) Marking Phase
[0.675s][info][gc,phases      ] GC(28) Marking Phase 37.906ms
[0.675s][info][gc,phases,start] GC(28) Summary Phase
[0.675s][info][gc,phases      ] GC(28) Summary Phase 0.015ms
[0.675s][info][gc,phases,start] GC(28) Adjust Roots
[0.675s][info][gc,phases      ] GC(28) Adjust Roots 0.175ms
[0.675s][info][gc,phases,start] GC(28) Compaction Phase
[0.699s][info][gc,phases      ] GC(28) Compaction Phase 23.732ms
[0.699s][info][gc,phases,start] GC(28) Post Compact
[0.699s][info][gc,phases      ] GC(28) Post Compact 0.480ms
[0.700s][info][gc,heap        ] GC(28) PSYoungGen: 18944K(32256K)->11242K(32256K) Eden: 0K(13312K)->0K(13312K) From: 18944K(18944K)->11242K(18944K)
[0.700s][info][gc,heap        ] GC(28) ParOldGen: 70025K(77824K)->77486K(99328K)
[0.700s][info][gc,metaspace   ] GC(28) Metaspace: 6302K(6464K)->6302K(6464K) NonClass: 5769K(5824K)->5769K(5824K) Class: 533K(640K)->533K(640K)
[0.700s][info][gc             ] GC(28) Pause Full (Ergonomics) 86M->86M(128M) 62.728ms
[0.700s][info][gc,cpu         ] GC(28) User=0.09s Sys=0.00s Real=0.06s
[0.718s][info][gc,start       ] GC(29) Pause Young (Allocation Failure)
[0.737s][info][gc,heap        ] GC(29) PSYoungGen: 24554K(32256K)->13344K(39424K) Eden: 13312K(13312K)->0K(15872K) From: 11242K(18944K)->13344K(23552K)
[0.737s][info][gc,heap        ] GC(29) ParOldGen: 77486K(99328K)->88918K(99328K)
[0.737s][info][gc,metaspace   ] GC(29) Metaspace: 6302K(6464K)->6302K(6464K) NonClass: 5769K(5824K)->5769K(5824K) Class: 533K(640K)->533K(640K)
[0.737s][info][gc             ] GC(29) Pause Young (Allocation Failure) 99M->99M(135M) 18.402ms
[0.737s][info][gc,cpu         ] GC(29) User=0.02s Sys=0.03s Real=0.02s
[0.737s][info][gc,start       ] GC(30) Pause Full (Ergonomics)
[0.737s][info][gc,phases,start] GC(30) Marking Phase
[0.766s][info][gc,phases      ] GC(30) Marking Phase 28.866ms
[0.766s][info][gc,phases,start] GC(30) Summary Phase
[0.766s][info][gc,phases      ] GC(30) Summary Phase 0.018ms
[0.766s][info][gc,phases,start] GC(30) Adjust Roots
[0.766s][info][gc,phases      ] GC(30) Adjust Roots 0.149ms
[0.766s][info][gc,phases,start] GC(30) Compaction Phase
[0.789s][info][gc,phases      ] GC(30) Compaction Phase 23.033ms
[0.789s][info][gc,phases,start] GC(30) Post Compact
[0.790s][info][gc,phases      ] GC(30) Post Compact 0.506ms
[0.790s][info][gc,heap        ] GC(30) PSYoungGen: 13344K(39424K)->1017K(39424K) Eden: 0K(15872K)->0K(15872K) From: 13344K(23552K)->1017K(23552K)
[0.790s][info][gc,heap        ] GC(30) ParOldGen: 88918K(99328K)->98952K(124416K)
[0.790s][info][gc,metaspace   ] GC(30) Metaspace: 6302K(6464K)->6302K(6464K) NonClass: 5769K(5824K)->5769K(5824K) Class: 533K(640K)->533K(640K)
[0.790s][info][gc             ] GC(30) Pause Full (Ergonomics) 99M->97M(160M) 53.095ms
[0.790s][info][gc,cpu         ] GC(30) User=0.08s Sys=0.00s Real=0.05s
[0.804s][info][gc,start       ] GC(31) Pause Young (Allocation Failure)
[0.819s][info][gc,heap        ] GC(31) PSYoungGen: 16889K(39424K)->16960K(39936K) Eden: 15872K(15872K)->0K(15872K) From: 1017K(23552K)->16960K(24064K)
[0.819s][info][gc,heap        ] GC(31) ParOldGen: 98952K(124416K)->98952K(124416K)
[0.819s][info][gc,metaspace   ] GC(31) Metaspace: 6302K(6464K)->6302K(6464K) NonClass: 5769K(5824K)->5769K(5824K) Class: 533K(640K)->533K(640K)
[0.819s][info][gc             ] GC(31) Pause Young (Allocation Failure) 113M->113M(160M) 14.848ms
[0.819s][info][gc,cpu         ] GC(31) User=0.02s Sys=0.00s Real=0.02s
[0.835s][info][gc,start       ] GC(32) Pause Young (Allocation Failure)
[0.856s][info][gc,heap        ] GC(32) PSYoungGen: 32832K(39936K)->25088K(36352K) Eden: 15872K(15872K)->0K(11264K) From: 16960K(24064K)->25088K(25088K)
[0.856s][info][gc,heap        ] GC(32) ParOldGen: 98952K(124416K)->106744K(124416K)
[0.856s][info][gc,metaspace   ] GC(32) Metaspace: 6302K(6464K)->6302K(6464K) NonClass: 5769K(5824K)->5769K(5824K) Class: 533K(640K)->533K(640K)
[0.856s][info][gc             ] GC(32) Pause Young (Allocation Failure) 128M->128M(157M) 21.090ms
[0.856s][info][gc,cpu         ] GC(32) User=0.06s Sys=0.00s Real=0.02s
[0.867s][info][gc,start       ] GC(33) Pause Young (Allocation Failure)
[0.885s][info][gc,heap        ] GC(33) PSYoungGen: 36352K(36352K)->24640K(43520K) Eden: 11264K(11264K)->0K(11264K) From: 25088K(25088K)->24640K(32256K)
[0.885s][info][gc,heap        ] GC(33) ParOldGen: 106744K(124416K)->118656K(124416K)
[0.886s][info][gc,metaspace   ] GC(33) Metaspace: 6302K(6464K)->6302K(6464K) NonClass: 5769K(5824K)->5769K(5824K) Class: 533K(640K)->533K(640K)
[0.886s][info][gc             ] GC(33) Pause Young (Allocation Failure) 139M->139M(164M) 19.013ms
[0.886s][info][gc,cpu         ] GC(33) User=0.05s Sys=0.00s Real=0.02s
[0.886s][info][gc,start       ] GC(34) Pause Full (Ergonomics)
[0.886s][info][gc,phases,start] GC(34) Marking Phase
[0.927s][info][gc,phases      ] GC(34) Marking Phase 40.879ms
[0.927s][info][gc,phases,start] GC(34) Summary Phase
[0.927s][info][gc,phases      ] GC(34) Summary Phase 0.015ms
[0.927s][info][gc,phases,start] GC(34) Adjust Roots
[0.927s][info][gc,phases      ] GC(34) Adjust Roots 0.156ms
[0.927s][info][gc,phases,start] GC(34) Compaction Phase
[0.948s][info][gc,phases      ] GC(34) Compaction Phase 21.672ms
[0.949s][info][gc,phases,start] GC(34) Post Compact
[0.949s][info][gc,phases      ] GC(34) Post Compact 0.640ms
[0.949s][info][gc,heap        ] GC(34) PSYoungGen: 24640K(43520K)->18930K(43520K) Eden: 0K(11264K)->0K(11264K) From: 24640K(32256K)->18930K(32256K)
[0.949s][info][gc,heap        ] GC(34) ParOldGen: 118656K(124416K)->123949K(153088K)
[0.949s][info][gc,metaspace   ] GC(34) Metaspace: 6302K(6464K)->6302K(6464K) NonClass: 5769K(5824K)->5769K(5824K) Class: 533K(640K)->533K(640K)
[0.950s][info][gc             ] GC(34) Pause Full (Ergonomics) 139M->139M(192M) 63.876ms
[0.950s][info][gc,cpu         ] GC(34) User=0.11s Sys=0.00s Real=0.06s
[0.961s][info][gc,start       ] GC(35) Pause Young (Allocation Failure)
[0.981s][info][gc,heap        ] GC(35) PSYoungGen: 30194K(43520K)->30304K(44032K) Eden: 11264K(11264K)->0K(9216K) From: 18930K(32256K)->30304K(34816K)
[0.981s][info][gc,heap        ] GC(35) ParOldGen: 123949K(153088K)->123949K(153088K)
[0.981s][info][gc,metaspace   ] GC(35) Metaspace: 6302K(6464K)->6302K(6464K) NonClass: 5769K(5824K)->5769K(5824K) Class: 533K(640K)->533K(640K)
[0.981s][info][gc             ] GC(35) Pause Young (Allocation Failure) 150M->150M(192M) 20.401ms
[0.981s][info][gc,cpu         ] GC(35) User=0.06s Sys=0.02s Real=0.02s
[0.990s][info][gc,start       ] GC(36) Pause Young (Allocation Failure)
[1.008s][info][gc,heap        ] GC(36) PSYoungGen: 39520K(44032K)->38912K(48128K) Eden: 9216K(9216K)->0K(9216K) From: 30304K(34816K)->38912K(38912K)
[1.008s][info][gc,heap        ] GC(36) ParOldGen: 123949K(153088K)->124493K(153088K)
[1.008s][info][gc,metaspace   ] GC(36) Metaspace: 6302K(6464K)->6302K(6464K) NonClass: 5769K(5824K)->5769K(5824K) Class: 533K(640K)->533K(640K)
[1.008s][info][gc             ] GC(36) Pause Young (Allocation Failure) 159M->159M(196M) 18.182ms
[1.008s][info][gc,cpu         ] GC(36) User=0.03s Sys=0.00s Real=0.02s
[1.017s][info][gc,start       ] GC(37) Pause Young (Allocation Failure)
[1.041s][info][gc,heap        ] GC(37) PSYoungGen: 48128K(48128K)->29376K(54784K) Eden: 9216K(9216K)->0K(9216K) From: 38912K(38912K)->29376K(45568K)
[1.041s][info][gc,heap        ] GC(37) ParOldGen: 124493K(153088K)->143541K(153088K)
[1.041s][info][gc,metaspace   ] GC(37) Metaspace: 6302K(6464K)->6302K(6464K) NonClass: 5769K(5824K)->5769K(5824K) Class: 533K(640K)->533K(640K)
[1.041s][info][gc             ] GC(37) Pause Young (Allocation Failure) 168M->168M(203M) 23.862ms
[1.041s][info][gc,cpu         ] GC(37) User=0.03s Sys=0.03s Real=0.02s
[1.041s][info][gc,start       ] GC(38) Pause Full (Ergonomics)
[1.041s][info][gc,phases,start] GC(38) Marking Phase
[1.084s][info][gc,phases      ] GC(38) Marking Phase 42.722ms
[1.084s][info][gc,phases,start] GC(38) Summary Phase
[1.084s][info][gc,phases      ] GC(38) Summary Phase 0.018ms
[1.084s][info][gc,phases,start] GC(38) Adjust Roots
[1.084s][info][gc,phases      ] GC(38) Adjust Roots 0.144ms
[1.084s][info][gc,phases,start] GC(38) Compaction Phase
[1.108s][info][gc,phases      ] GC(38) Compaction Phase 23.641ms
[1.108s][info][gc,phases,start] GC(38) Post Compact
[1.109s][info][gc,phases      ] GC(38) Post Compact 0.717ms
[1.109s][info][gc,heap        ] GC(38) PSYoungGen: 29376K(54784K)->19560K(54784K) Eden: 0K(9216K)->0K(9216K) From: 29376K(45568K)->19560K(45568K)
[1.109s][info][gc,heap        ] GC(38) ParOldGen: 143541K(153088K)->152926K(187392K)
[1.109s][info][gc,metaspace   ] GC(38) Metaspace: 6302K(6464K)->6302K(6464K) NonClass: 5769K(5824K)->5769K(5824K) Class: 533K(640K)->533K(640K)
[1.109s][info][gc             ] GC(38) Pause Full (Ergonomics) 168M->168M(236M) 67.693ms
[1.109s][info][gc,cpu         ] GC(38) User=0.17s Sys=0.02s Real=0.07s
[1.152s][info][gc,start       ] GC(39) Pause Young (Allocation Failure)
[1.176s][info][gc,heap        ] GC(39) PSYoungGen: 28776K(54784K)->15712K(25088K) Eden: 9216K(9216K)->0K(9216K) From: 19560K(45568K)->15712K(15872K)
[1.176s][info][gc,heap        ] GC(39) ParOldGen: 161118K(187392K)->174518K(187392K)
[1.176s][info][gc,metaspace   ] GC(39) Metaspace: 6302K(6464K)->6302K(6464K) NonClass: 5769K(5824K)->5769K(5824K) Class: 533K(640K)->533K(640K)
[1.176s][info][gc             ] GC(39) Pause Young (Allocation Failure) 185M->185M(207M) 23.263ms
[1.176s][info][gc,cpu         ] GC(39) User=0.06s Sys=0.02s Real=0.02s
[1.176s][info][gc,start       ] GC(40) Pause Full (Ergonomics)
[1.176s][info][gc,phases,start] GC(40) Marking Phase
[1.230s][info][gc,phases      ] GC(40) Marking Phase 54.082ms
[1.230s][info][gc,phases,start] GC(40) Summary Phase
[1.230s][info][gc,phases      ] GC(40) Summary Phase 0.020ms
[1.230s][info][gc,phases,start] GC(40) Adjust Roots
[1.230s][info][gc,phases      ] GC(40) Adjust Roots 0.146ms
[1.230s][info][gc,phases,start] GC(40) Compaction Phase
[1.265s][info][gc,phases      ] GC(40) Compaction Phase 34.810ms
[1.265s][info][gc,phases,start] GC(40) Post Compact
[1.266s][info][gc,phases      ] GC(40) Post Compact 0.762ms
[1.266s][info][gc,heap        ] GC(40) PSYoungGen: 15712K(25088K)->0K(55808K) Eden: 0K(9216K)->0K(10752K) From: 15712K(15872K)->0K(45056K)
[1.266s][info][gc,heap        ] GC(40) ParOldGen: 174518K(187392K)->185768K(223744K)
[1.266s][info][gc,metaspace   ] GC(40) Metaspace: 6302K(6464K)->6302K(6464K) NonClass: 5769K(5824K)->5769K(5824K) Class: 533K(640K)->533K(640K)
[1.266s][info][gc             ] GC(40) Pause Full (Ergonomics) 185M->181M(273M) 90.372ms
[1.266s][info][gc,cpu         ] GC(40) User=0.25s Sys=0.00s Real=0.09s
[1.278s][info][gc,start       ] GC(41) Pause Young (Allocation Failure)
[1.285s][info][gc,heap        ] GC(41) PSYoungGen: 10752K(55808K)->10848K(55808K) Eden: 10752K(10752K)->0K(10752K) From: 0K(45056K)->10848K(45056K)
[1.285s][info][gc,heap        ] GC(41) ParOldGen: 185768K(223744K)->185768K(223744K)
[1.285s][info][gc,metaspace   ] GC(41) Metaspace: 6302K(6464K)->6302K(6464K) NonClass: 5769K(5824K)->5769K(5824K) Class: 533K(640K)->533K(640K)
[1.285s][info][gc             ] GC(41) Pause Young (Allocation Failure) 191M->192M(273M) 6.748ms
[1.285s][info][gc,cpu         ] GC(41) User=0.00s Sys=0.00s Real=0.01s
[1.295s][info][gc,start       ] GC(42) Pause Young (Allocation Failure)
[1.305s][info][gc,heap        ] GC(42) PSYoungGen: 21600K(55808K)->21568K(54784K) Eden: 10752K(10752K)->0K(12800K) From: 10848K(45056K)->21568K(41984K)
[1.305s][info][gc,heap        ] GC(42) ParOldGen: 185768K(223744K)->185768K(223744K)
[1.305s][info][gc,metaspace   ] GC(42) Metaspace: 6302K(6464K)->6302K(6464K) NonClass: 5769K(5824K)->5769K(5824K) Class: 533K(640K)->533K(640K)
[1.305s][info][gc             ] GC(42) Pause Young (Allocation Failure) 202M->202M(272M) 10.806ms
[1.305s][info][gc,cpu         ] GC(42) User=0.00s Sys=0.00s Real=0.01s
[1.319s][info][gc,start       ] GC(43) Pause Young (Allocation Failure)
[1.336s][info][gc,heap        ] GC(43) PSYoungGen: 34368K(54784K)->34400K(55296K) Eden: 12800K(12800K)->0K(12800K) From: 21568K(41984K)->34400K(42496K)
[1.336s][info][gc,heap        ] GC(43) ParOldGen: 185768K(223744K)->185768K(223744K)
[1.336s][info][gc,metaspace   ] GC(43) Metaspace: 6302K(6464K)->6302K(6464K) NonClass: 5769K(5824K)->5769K(5824K) Class: 533K(640K)->533K(640K)
[1.336s][info][gc             ] GC(43) Pause Young (Allocation Failure) 214M->215M(272M) 17.064ms
[1.336s][info][gc,cpu         ] GC(43) User=0.08s Sys=0.00s Real=0.02s
[1.351s][info][gc,start       ] GC(44) Pause Young (Allocation Failure)
[1.373s][info][gc,heap        ] GC(44) PSYoungGen: 47200K(55296K)->46080K(53248K) Eden: 12800K(12800K)->0K(7168K) From: 34400K(42496K)->46080K(46080K)
[1.374s][info][gc,heap        ] GC(44) ParOldGen: 185768K(223744K)->186808K(223744K)
[1.374s][info][gc,metaspace   ] GC(44) Metaspace: 6302K(6464K)->6302K(6464K) NonClass: 5769K(5824K)->5769K(5824K) Class: 533K(640K)->533K(640K)
[1.374s][info][gc             ] GC(44) Pause Young (Allocation Failure) 227M->227M(270M) 22.954ms
[1.374s][info][gc,cpu         ] GC(44) User=0.06s Sys=0.02s Real=0.02s
[1.383s][info][gc,start       ] GC(45) Pause Young (Allocation Failure)
[1.406s][info][gc,heap        ] GC(45) PSYoungGen: 53248K(53248K)->42688K(60928K) Eden: 7168K(7168K)->0K(7168K) From: 46080K(46080K)->42688K(53760K)
[1.406s][info][gc,heap        ] GC(45) ParOldGen: 186808K(223744K)->197608K(223744K)
[1.406s][info][gc,metaspace   ] GC(45) Metaspace: 6302K(6464K)->6302K(6464K) NonClass: 5769K(5824K)->5769K(5824K) Class: 533K(640K)->533K(640K)
[1.406s][info][gc             ] GC(45) Pause Young (Allocation Failure) 234M->234M(278M) 23.505ms
[1.406s][info][gc,cpu         ] GC(45) User=0.09s Sys=0.00s Real=0.02s
[1.414s][info][gc,start       ] GC(46) Pause Young (Allocation Failure)
[1.436s][info][gc,heap        ] GC(46) PSYoungGen: 49856K(60928K)->39232K(64512K) Eden: 7168K(7168K)->0K(6656K) From: 42688K(53760K)->39232K(57856K)
[1.436s][info][gc,heap        ] GC(46) ParOldGen: 197608K(223744K)->208392K(223744K)
[1.436s][info][gc,metaspace   ] GC(46) Metaspace: 6302K(6464K)->6302K(6464K) NonClass: 5769K(5824K)->5769K(5824K) Class: 533K(640K)->533K(640K)
[1.436s][info][gc             ] GC(46) Pause Young (Allocation Failure) 241M->241M(281M) 22.355ms
[1.436s][info][gc,cpu         ] GC(46) User=0.11s Sys=0.00s Real=0.02s
[1.436s][info][gc,start       ] GC(47) Pause Full (Ergonomics)
[1.436s][info][gc,phases,start] GC(47) Marking Phase
[1.496s][info][gc,phases      ] GC(47) Marking Phase 59.974ms
[1.497s][info][gc,phases,start] GC(47) Summary Phase
[1.497s][info][gc,phases      ] GC(47) Summary Phase 0.025ms
[1.497s][info][gc,phases,start] GC(47) Adjust Roots
[1.497s][info][gc,phases      ] GC(47) Adjust Roots 0.171ms
[1.497s][info][gc,phases,start] GC(47) Compaction Phase
[1.529s][info][gc,phases      ] GC(47) Compaction Phase 31.798ms
[1.529s][info][gc,phases,start] GC(47) Post Compact
[1.530s][info][gc,phases      ] GC(47) Post Compact 1.363ms
[1.530s][info][gc,heap        ] GC(47) PSYoungGen: 39232K(64512K)->23695K(64512K) Eden: 0K(6656K)->0K(6656K) From: 39232K(57856K)->23695K(57856K)
[1.530s][info][gc,heap        ] GC(47) ParOldGen: 208392K(223744K)->223321K(262144K)
[1.530s][info][gc,metaspace   ] GC(47) Metaspace: 6302K(6464K)->6302K(6464K) NonClass: 5769K(5824K)->5769K(5824K) Class: 533K(640K)->533K(640K)
[1.530s][info][gc             ] GC(47) Pause Full (Ergonomics) 241M->241M(319M) 93.814ms
[1.530s][info][gc,cpu         ] GC(47) User=0.33s Sys=0.00s Real=0.09s
[1.538s][info][gc,start       ] GC(48) Pause Young (Allocation Failure)
[1.562s][info][gc,heap        ] GC(48) PSYoungGen: 30351K(64512K)->15488K(66560K) Eden: 6656K(6656K)->0K(6656K) From: 23695K(57856K)->15488K(59904K)
[1.562s][info][gc,heap        ] GC(48) ParOldGen: 223321K(262144K)->238505K(262144K)
[1.562s][info][gc,metaspace   ] GC(48) Metaspace: 6302K(6464K)->6302K(6464K) NonClass: 5769K(5824K)->5769K(5824K) Class: 533K(640K)->533K(640K)
[1.562s][info][gc             ] GC(48) Pause Young (Allocation Failure) 247M->248M(321M) 24.407ms
[1.562s][info][gc,cpu         ] GC(48) User=0.12s Sys=0.00s Real=0.02s
[1.570s][info][gc,start       ] GC(49) Pause Young (Allocation Failure)
[1.581s][info][gc,heap        ] GC(49) PSYoungGen: 22144K(66560K)->17728K(62464K) Eden: 6656K(6656K)->0K(8192K) From: 15488K(59904K)->17728K(54272K)
[1.582s][info][gc,heap        ] GC(49) ParOldGen: 238505K(262144K)->242969K(262144K)
[1.582s][info][gc,metaspace   ] GC(49) Metaspace: 6302K(6464K)->6302K(6464K) NonClass: 5769K(5824K)->5769K(5824K) Class: 533K(640K)->533K(640K)
[1.582s][info][gc             ] GC(49) Pause Young (Allocation Failure) 254M->254M(317M) 11.759ms
[1.582s][info][gc,cpu         ] GC(49) User=0.03s Sys=0.00s Real=0.01s
[1.582s][info][gc,start       ] GC(50) Pause Full (Ergonomics)
[1.582s][info][gc,phases,start] GC(50) Marking Phase
[1.643s][info][gc,phases      ] GC(50) Marking Phase 61.724ms
[1.643s][info][gc,phases,start] GC(50) Summary Phase
[1.643s][info][gc,phases      ] GC(50) Summary Phase 0.020ms
[1.643s][info][gc,phases,start] GC(50) Adjust Roots
[1.644s][info][gc,phases      ] GC(50) Adjust Roots 0.150ms
[1.644s][info][gc,phases,start] GC(50) Compaction Phase
[1.668s][info][gc,phases      ] GC(50) Compaction Phase 24.876ms
[1.669s][info][gc,phases,start] GC(50) Post Compact
[1.670s][info][gc,phases      ] GC(50) Post Compact 1.217ms
[1.670s][info][gc,heap        ] GC(50) PSYoungGen: 17728K(62464K)->0K(64512K) Eden: 0K(8192K)->0K(8192K) From: 17728K(54272K)->0K(56320K)
[1.670s][info][gc,heap        ] GC(50) ParOldGen: 242969K(262144K)->260265K(302592K)
[1.670s][info][gc,metaspace   ] GC(50) Metaspace: 6302K(6464K)->6302K(6464K) NonClass: 5769K(5824K)->5769K(5824K) Class: 533K(640K)->533K(640K)
[1.670s][info][gc             ] GC(50) Pause Full (Ergonomics) 254M->254M(358M) 88.512ms
[1.670s][info][gc,cpu         ] GC(50) User=0.42s Sys=0.02s Real=0.09s
[1.679s][info][gc,start       ] GC(51) Pause Young (Allocation Failure)
[1.685s][info][gc,heap        ] GC(51) PSYoungGen: 8192K(64512K)->8288K(64000K) Eden: 8192K(8192K)->0K(9216K) From: 0K(56320K)->8288K(54784K)
[1.685s][info][gc,heap        ] GC(51) ParOldGen: 260265K(302592K)->260265K(302592K)
[1.685s][info][gc,metaspace   ] GC(51) Metaspace: 6302K(6464K)->6302K(6464K) NonClass: 5769K(5824K)->5769K(5824K) Class: 533K(640K)->533K(640K)
[1.685s][info][gc             ] GC(51) Pause Young (Allocation Failure) 262M->262M(358M) 5.849ms
[1.685s][info][gc,cpu         ] GC(51) User=0.02s Sys=0.00s Real=0.01s
[1.695s][info][gc,start       ] GC(52) Pause Young (Allocation Failure)
[1.704s][info][gc,heap        ] GC(52) PSYoungGen: 17504K(64000K)->17472K(27136K) Eden: 9216K(9216K)->0K(9216K) From: 8288K(54784K)->17472K(17920K)
[1.704s][info][gc,heap        ] GC(52) ParOldGen: 260265K(302592K)->260265K(302592K)
[1.704s][info][gc,metaspace   ] GC(52) Metaspace: 6302K(6464K)->6302K(6464K) NonClass: 5769K(5824K)->5769K(5824K) Class: 533K(640K)->533K(640K)
[1.704s][info][gc             ] GC(52) Pause Young (Allocation Failure) 271M->271M(322M) 9.164ms
[1.704s][info][gc,cpu         ] GC(52) User=0.02s Sys=0.00s Real=0.01s
[1.715s][info][gc,start       ] GC(53) Pause Young (Allocation Failure)
[1.728s][info][gc,heap        ] GC(53) PSYoungGen: 26688K(27136K)->26656K(61952K) Eden: 9216K(9216K)->0K(10752K) From: 17472K(17920K)->26656K(51200K)
[1.728s][info][gc,heap        ] GC(53) ParOldGen: 260265K(302592K)->260265K(302592K)
[1.728s][info][gc,metaspace   ] GC(53) Metaspace: 6302K(6464K)->6302K(6464K) NonClass: 5769K(5824K)->5769K(5824K) Class: 533K(640K)->533K(640K)
[1.728s][info][gc             ] GC(53) Pause Young (Allocation Failure) 280M->280M(356M) 12.981ms
[1.728s][info][gc,cpu         ] GC(53) User=0.00s Sys=0.00s Real=0.01s
[1.740s][info][gc,start       ] GC(54) Pause Young (Allocation Failure)
[1.757s][info][gc,heap        ] GC(54) PSYoungGen: 37408K(61952K)->37440K(62976K) Eden: 10752K(10752K)->0K(10752K) From: 26656K(51200K)->37440K(52224K)
[1.757s][info][gc,heap        ] GC(54) ParOldGen: 260265K(302592K)->260265K(302592K)
[1.757s][info][gc,metaspace   ] GC(54) Metaspace: 6302K(6464K)->6302K(6464K) NonClass: 5769K(5824K)->5769K(5824K) Class: 533K(640K)->533K(640K)
[1.757s][info][gc             ] GC(54) Pause Young (Allocation Failure) 290M->290M(357M) 17.254ms
[1.757s][info][gc,cpu         ] GC(54) User=0.05s Sys=0.00s Real=0.02s
[1.769s][info][gc,start       ] GC(55) Pause Young (Allocation Failure)
[1.791s][info][gc,heap        ] GC(55) PSYoungGen: 48192K(62976K)->48160K(61440K) Eden: 10752K(10752K)->0K(6656K) From: 37440K(52224K)->48160K(54784K)
[1.791s][info][gc,heap        ] GC(55) ParOldGen: 260265K(302592K)->260265K(302592K)
[1.791s][info][gc,metaspace   ] GC(55) Metaspace: 6302K(6464K)->6302K(6464K) NonClass: 5769K(5824K)->5769K(5824K) Class: 533K(640K)->533K(640K)
[1.791s][info][gc             ] GC(55) Pause Young (Allocation Failure) 301M->301M(355M) 21.991ms
[1.791s][info][gc,cpu         ] GC(55) User=0.12s Sys=0.00s Real=0.02s
[1.799s][info][gc,start       ] GC(56) Pause Young (Allocation Failure)
[1.823s][info][gc,heap        ] GC(56) PSYoungGen: 54816K(61440K)->46656K(67072K) Eden: 6656K(6656K)->0K(6656K) From: 48160K(54784K)->46656K(60416K)
[1.823s][info][gc,heap        ] GC(56) ParOldGen: 260265K(302592K)->268569K(302592K)
[1.823s][info][gc,metaspace   ] GC(56) Metaspace: 6302K(6464K)->6302K(6464K) NonClass: 5769K(5824K)->5769K(5824K) Class: 533K(640K)->533K(640K)
[1.823s][info][gc             ] GC(56) Pause Young (Allocation Failure) 307M->307M(361M) 24.294ms
[1.823s][info][gc,cpu         ] GC(56) User=0.12s Sys=0.00s Real=0.02s
[1.831s][info][gc,start       ] GC(57) Pause Young (Allocation Failure)
[1.856s][info][gc,heap        ] GC(57) PSYoungGen: 53312K(67072K)->34912K(70144K) Eden: 6656K(6656K)->0K(7680K) From: 46656K(60416K)->34912K(62464K)
[1.856s][info][gc,heap        ] GC(57) ParOldGen: 268569K(302592K)->287225K(302592K)
[1.856s][info][gc,metaspace   ] GC(57) Metaspace: 6302K(6464K)->6302K(6464K) NonClass: 5769K(5824K)->5769K(5824K) Class: 533K(640K)->533K(640K)
[1.856s][info][gc             ] GC(57) Pause Young (Allocation Failure) 314M->314M(364M) 24.774ms
[1.856s][info][gc,cpu         ] GC(57) User=0.12s Sys=0.02s Real=0.02s
[1.856s][info][gc,start       ] GC(58) Pause Full (Ergonomics)
[1.856s][info][gc,phases,start] GC(58) Marking Phase
[1.928s][info][gc,phases      ] GC(58) Marking Phase 71.355ms
[1.928s][info][gc,phases,start] GC(58) Summary Phase
[1.928s][info][gc,phases      ] GC(58) Summary Phase 0.023ms
[1.928s][info][gc,phases,start] GC(58) Adjust Roots
[1.928s][info][gc,phases      ] GC(58) Adjust Roots 0.178ms
[1.928s][info][gc,phases,start] GC(58) Compaction Phase
[1.960s][info][gc,phases      ] GC(58) Compaction Phase 31.931ms
[1.960s][info][gc,phases,start] GC(58) Post Compact
[1.961s][info][gc,phases      ] GC(58) Post Compact 1.490ms
[1.962s][info][gc,heap        ] GC(58) PSYoungGen: 34912K(70144K)->19359K(71168K) Eden: 0K(7680K)->0K(8704K) From: 34912K(62464K)->19359K(62464K)
[1.962s][info][gc,heap        ] GC(58) ParOldGen: 287225K(302592K)->302123K(348672K)
[1.962s][info][gc,metaspace   ] GC(58) Metaspace: 6302K(6464K)->6302K(6464K) NonClass: 5769K(5824K)->5769K(5824K) Class: 533K(640K)->533K(640K)
[1.962s][info][gc             ] GC(58) Pause Full (Ergonomics) 314M->313M(410M) 105.498ms
[1.962s][info][gc,cpu         ] GC(58) User=0.62s Sys=0.02s Real=0.11s
[1.972s][info][gc,start       ] GC(59) Pause Young (Allocation Failure)
[1.997s][info][gc,heap        ] GC(59) PSYoungGen: 28063K(71168K)->16352K(72192K) Eden: 8704K(8704K)->0K(8704K) From: 19359K(62464K)->16352K(63488K)
[1.997s][info][gc,heap        ] GC(59) ParOldGen: 302123K(348672K)->314123K(348672K)
[1.997s][info][gc,metaspace   ] GC(59) Metaspace: 6302K(6464K)->6302K(6464K) NonClass: 5769K(5824K)->5769K(5824K) Class: 533K(640K)->533K(640K)
[1.997s][info][gc             ] GC(59) Pause Young (Allocation Failure) 322M->322M(411M) 25.707ms
[1.997s][info][gc,cpu         ] GC(59) User=0.12s Sys=0.00s Real=0.03s
[2.007s][info][gc,start       ] GC(60) Pause Young (Allocation Failure)
[2.021s][info][gc,heap        ] GC(60) PSYoungGen: 25056K(72192K)->17472K(69120K) Eden: 8704K(8704K)->0K(10240K) From: 16352K(63488K)->17472K(58880K)
[2.021s][info][gc,heap        ] GC(60) ParOldGen: 314123K(348672K)->321787K(348672K)
[2.021s][info][gc,metaspace   ] GC(60) Metaspace: 6302K(6464K)->6302K(6464K) NonClass: 5769K(5824K)->5769K(5824K) Class: 533K(640K)->533K(640K)
[2.021s][info][gc             ] GC(60) Pause Young (Allocation Failure) 331M->331M(408M) 13.694ms
[2.021s][info][gc,cpu         ] GC(60) User=0.02s Sys=0.00s Real=0.01s
[2.032s][info][gc,start       ] GC(61) Pause Young (Allocation Failure)
[2.047s][info][gc,heap        ] GC(61) PSYoungGen: 27712K(69120K)->10368K(70656K) Eden: 10240K(10240K)->0K(10240K) From: 17472K(58880K)->10368K(60416K)
[2.047s][info][gc,heap        ] GC(61) ParOldGen: 321787K(348672K)->339411K(348672K)
[2.047s][info][gc,metaspace   ] GC(61) Metaspace: 6302K(6464K)->6302K(6464K) NonClass: 5769K(5824K)->5769K(5824K) Class: 533K(640K)->533K(640K)
[2.047s][info][gc             ] GC(61) Pause Young (Allocation Failure) 341M->341M(409M) 15.324ms
[2.047s][info][gc,cpu         ] GC(61) User=0.00s Sys=0.02s Real=0.02s
[2.047s][info][gc,start       ] GC(62) Pause Full (Ergonomics)
[2.047s][info][gc,phases,start] GC(62) Marking Phase
[2.119s][info][gc,phases      ] GC(62) Marking Phase 71.432ms
[2.119s][info][gc,phases,start] GC(62) Summary Phase
[2.119s][info][gc,phases      ] GC(62) Summary Phase 0.018ms
[2.119s][info][gc,phases,start] GC(62) Adjust Roots
[2.119s][info][gc,phases      ] GC(62) Adjust Roots 0.153ms
[2.119s][info][gc,phases,start] GC(62) Compaction Phase
[2.150s][info][gc,phases      ] GC(62) Compaction Phase 30.683ms
[2.150s][info][gc,phases,start] GC(62) Post Compact
[2.151s][info][gc,phases      ] GC(62) Post Compact 1.619ms
[2.152s][info][gc,heap        ] GC(62) PSYoungGen: 10368K(70656K)->503K(70656K) Eden: 0K(10240K)->0K(10240K) From: 10368K(60416K)->503K(60416K)
[2.152s][info][gc,heap        ] GC(62) ParOldGen: 339411K(348672K)->348532K(399360K)
[2.152s][info][gc,metaspace   ] GC(62) Metaspace: 6302K(6464K)->6302K(6464K) NonClass: 5769K(5824K)->5769K(5824K) Class: 533K(640K)->533K(640K)
[2.152s][info][gc             ] GC(62) Pause Full (Ergonomics) 341M->340M(459M) 104.400ms
[2.152s][info][gc,cpu         ] GC(62) User=0.75s Sys=0.00s Real=0.11s
[2.224s][info][gc,start       ] GC(63) Pause Young (Allocation Failure)
[2.246s][info][gc,heap        ] GC(63) PSYoungGen: 10743K(70656K)->10368K(69632K) Eden: 10240K(10240K)->0K(11776K) From: 503K(60416K)->10368K(57856K)
[2.246s][info][gc,heap        ] GC(63) ParOldGen: 364916K(399360K)->365452K(399360K)
[2.246s][info][gc,metaspace   ] GC(63) Metaspace: 6302K(6464K)->6302K(6464K) NonClass: 5769K(5824K)->5769K(5824K) Class: 533K(640K)->533K(640K)
[2.246s][info][gc             ] GC(63) Pause Young (Allocation Failure) 366M->367M(458M) 21.633ms
[2.246s][info][gc,cpu         ] GC(63) User=0.05s Sys=0.00s Real=0.02s
[2.256s][info][gc,start       ] GC(64) Pause Young (Allocation Failure)
[2.269s][info][gc,heap        ] GC(64) PSYoungGen: 22144K(69632K)->22112K(34304K) Eden: 11776K(11776K)->0K(11776K) From: 10368K(57856K)->22112K(22528K)
[2.269s][info][gc,heap        ] GC(64) ParOldGen: 365452K(399360K)->365452K(399360K)
[2.269s][info][gc,metaspace   ] GC(64) Metaspace: 6302K(6464K)->6302K(6464K) NonClass: 5769K(5824K)->5769K(5824K) Class: 533K(640K)->533K(640K)
[2.269s][info][gc             ] GC(64) Pause Young (Allocation Failure) 378M->378M(423M) 13.033ms
[2.269s][info][gc,cpu         ] GC(64) User=0.02s Sys=0.00s Real=0.01s
[2.281s][info][gc,start       ] GC(65) Pause Young (Allocation Failure)
[2.299s][info][gc,heap        ] GC(65) PSYoungGen: 33888K(34304K)->23712K(62976K) Eden: 11776K(11776K)->0K(13312K) From: 22112K(22528K)->23712K(49664K)
[2.300s][info][gc,heap        ] GC(65) ParOldGen: 365452K(399360K)->375820K(399360K)
[2.300s][info][gc,metaspace   ] GC(65) Metaspace: 6302K(6464K)->6302K(6464K) NonClass: 5769K(5824K)->5769K(5824K) Class: 533K(640K)->533K(640K)
[2.300s][info][gc             ] GC(65) Pause Young (Allocation Failure) 389M->390M(451M) 18.148ms
[2.300s][info][gc,cpu         ] GC(65) User=0.05s Sys=0.00s Real=0.02s
[2.313s][info][gc,start       ] GC(66) Pause Young (Allocation Failure)
[2.334s][info][gc,heap        ] GC(66) PSYoungGen: 37024K(62976K)->25184K(38912K) Eden: 13312K(13312K)->0K(13312K) From: 23712K(49664K)->25184K(25600K)
[2.334s][info][gc,heap        ] GC(66) ParOldGen: 375820K(399360K)->387756K(399360K)
[2.334s][info][gc,metaspace   ] GC(66) Metaspace: 6302K(6464K)->6302K(6464K) NonClass: 5769K(5824K)->5769K(5824K) Class: 533K(640K)->533K(640K)
[2.334s][info][gc             ] GC(66) Pause Young (Allocation Failure) 403M->403M(428M) 20.942ms
[2.334s][info][gc,cpu         ] GC(66) User=0.02s Sys=0.00s Real=0.02s
[2.334s][info][gc,start       ] GC(67) Pause Full (Ergonomics)
[2.334s][info][gc,phases,start] GC(67) Marking Phase
[2.421s][info][gc,phases      ] GC(67) Marking Phase 86.696ms
[2.421s][info][gc,phases,start] GC(67) Summary Phase
[2.421s][info][gc,phases      ] GC(67) Summary Phase 0.032ms
[2.421s][info][gc,phases,start] GC(67) Adjust Roots
[2.421s][info][gc,phases      ] GC(67) Adjust Roots 0.235ms
[2.421s][info][gc,phases,start] GC(67) Compaction Phase
[2.491s][info][gc,phases      ] GC(67) Compaction Phase 69.631ms
[2.491s][info][gc,phases,start] GC(67) Post Compact
[2.493s][info][gc,phases      ] GC(67) Post Compact 2.195ms
[2.493s][info][gc,heap        ] GC(67) PSYoungGen: 25184K(38912K)->5100K(38912K) Eden: 0K(13312K)->0K(13312K) From: 25184K(25600K)->5100K(25600K)
[2.493s][info][gc,heap        ] GC(67) ParOldGen: 387756K(399360K)->399107K(452096K)
[2.493s][info][gc,metaspace   ] GC(67) Metaspace: 6302K(6464K)->6302K(6464K) NonClass: 5769K(5824K)->5769K(5824K) Class: 533K(640K)->533K(640K)
[2.493s][info][gc             ] GC(67) Pause Full (Ergonomics) 403M->394M(479M) 159.368ms
[2.493s][info][gc,cpu         ] GC(67) User=1.02s Sys=0.02s Real=0.16s
[2.509s][info][gc,start       ] GC(68) Pause Young (Allocation Failure)
[2.535s][info][gc,heap        ] GC(68) PSYoungGen: 18412K(38912K)->16512K(62464K) Eden: 13312K(13312K)->0K(14848K) From: 5100K(25600K)->16512K(47616K)
[2.535s][info][gc,heap        ] GC(68) ParOldGen: 399107K(452096K)->401219K(452096K)
[2.535s][info][gc,metaspace   ] GC(68) Metaspace: 6302K(6464K)->6302K(6464K) NonClass: 5769K(5824K)->5769K(5824K) Class: 533K(640K)->533K(640K)
[2.535s][info][gc             ] GC(68) Pause Young (Allocation Failure) 407M->407M(502M) 25.738ms
[2.535s][info][gc,cpu         ] GC(68) User=0.14s Sys=0.00s Real=0.03s
[2.550s][info][gc,start       ] GC(69) Pause Young (Allocation Failure)
[2.565s][info][gc,heap        ] GC(69) PSYoungGen: 31360K(62464K)->31328K(64000K) Eden: 14848K(14848K)->0K(14848K) From: 16512K(47616K)->31328K(49152K)
[2.565s][info][gc,heap        ] GC(69) ParOldGen: 401219K(452096K)->401219K(452096K)
[2.565s][info][gc,metaspace   ] GC(69) Metaspace: 6302K(6464K)->6302K(6464K) NonClass: 5769K(5824K)->5769K(5824K) Class: 533K(640K)->533K(640K)
[2.566s][info][gc             ] GC(69) Pause Young (Allocation Failure) 422M->422M(504M) 15.980ms
[2.566s][info][gc,cpu         ] GC(69) User=0.02s Sys=0.00s Real=0.02s
[2.580s][info][gc,start       ] GC(70) Pause Young (Allocation Failure)
[2.601s][info][gc,heap        ] GC(70) PSYoungGen: 46176K(64000K)->43104K(61952K) Eden: 14848K(14848K)->0K(12288K) From: 31328K(49152K)->43104K(49664K)
[2.602s][info][gc,heap        ] GC(70) ParOldGen: 401219K(452096K)->404331K(452096K)
[2.602s][info][gc,metaspace   ] GC(70) Metaspace: 6302K(6464K)->6302K(6464K) NonClass: 5769K(5824K)->5769K(5824K) Class: 533K(640K)->533K(640K)
[2.602s][info][gc             ] GC(70) Pause Young (Allocation Failure) 436M->436M(502M) 21.753ms
[2.602s][info][gc,cpu         ] GC(70) User=0.12s Sys=0.00s Real=0.02s
[2.614s][info][gc,start       ] GC(71) Pause Young (Allocation Failure)
[2.640s][info][gc,heap        ] GC(71) PSYoungGen: 55392K(61952K)->42080K(66560K) Eden: 12288K(12288K)->0K(12288K) From: 43104K(49664K)->42080K(54272K)
[2.640s][info][gc,heap        ] GC(71) ParOldGen: 404331K(452096K)->417835K(452096K)
[2.640s][info][gc,metaspace   ] GC(71) Metaspace: 6302K(6464K)->6302K(6464K) NonClass: 5769K(5824K)->5769K(5824K) Class: 533K(640K)->533K(640K)
[2.640s][info][gc             ] GC(71) Pause Young (Allocation Failure) 448M->449M(506M) 25.706ms
[2.640s][info][gc,cpu         ] GC(71) User=0.14s Sys=0.00s Real=0.03s
[2.653s][info][gc,start       ] GC(72) Pause Young (Allocation Failure)
[2.678s][info][gc,heap        ] GC(72) PSYoungGen: 54368K(66560K)->39584K(70144K) Eden: 12288K(12288K)->0K(12800K) From: 42080K(54272K)->39584K(57344K)
[2.678s][info][gc,heap        ] GC(72) ParOldGen: 417835K(452096K)->432883K(452096K)
[2.678s][info][gc,metaspace   ] GC(72) Metaspace: 6302K(6464K)->6302K(6464K) NonClass: 5769K(5824K)->5769K(5824K) Class: 533K(640K)->533K(640K)
[2.678s][info][gc             ] GC(72) Pause Young (Allocation Failure) 461M->461M(510M) 25.145ms
[2.678s][info][gc,cpu         ] GC(72) User=0.12s Sys=0.00s Real=0.03s
[2.678s][info][gc,start       ] GC(73) Pause Full (Ergonomics)
[2.678s][info][gc,phases,start] GC(73) Marking Phase
[2.778s][info][gc,phases      ] GC(73) Marking Phase 99.515ms
[2.778s][info][gc,phases,start] GC(73) Summary Phase
[2.778s][info][gc,phases      ] GC(73) Summary Phase 0.020ms
[2.778s][info][gc,phases,start] GC(73) Adjust Roots
[2.778s][info][gc,phases      ] GC(73) Adjust Roots 0.172ms
[2.778s][info][gc,phases,start] GC(73) Compaction Phase
[2.829s][info][gc,phases      ] GC(73) Compaction Phase 51.094ms
[2.829s][info][gc,phases,start] GC(73) Post Compact
[2.832s][info][gc,phases      ] GC(73) Post Compact 2.377ms
[2.832s][info][gc,heap        ] GC(73) PSYoungGen: 39584K(70144K)->19915K(70144K) Eden: 0K(12800K)->0K(12800K) From: 39584K(57344K)->19915K(57344K)
[2.832s][info][gc,heap        ] GC(73) ParOldGen: 432883K(452096K)->451719K(508416K)
[2.832s][info][gc,metaspace   ] GC(73) Metaspace: 6302K(6464K)->6302K(6464K) NonClass: 5769K(5824K)->5769K(5824K) Class: 533K(640K)->533K(640K)
[2.832s][info][gc             ] GC(73) Pause Full (Ergonomics) 461M->460M(565M) 153.810ms
[2.832s][info][gc,cpu         ] GC(73) User=1.03s Sys=0.00s Real=0.15s
[2.848s][info][gc,start       ] GC(74) Pause Young (Allocation Failure)
[2.882s][info][gc,heap        ] GC(74) PSYoungGen: 32715K(70144K)->18336K(71680K) Eden: 12800K(12800K)->0K(12800K) From: 19915K(57344K)->18336K(58880K)
[2.882s][info][gc,heap        ] GC(74) ParOldGen: 451719K(508416K)->466455K(508416K)
[2.882s][info][gc,metaspace   ] GC(74) Metaspace: 6302K(6464K)->6302K(6464K) NonClass: 5769K(5824K)->5769K(5824K) Class: 533K(640K)->533K(640K)
[2.882s][info][gc             ] GC(74) Pause Young (Allocation Failure) 473M->473M(566M) 33.753ms
[2.882s][info][gc,cpu         ] GC(74) User=0.16s Sys=0.00s Real=0.03s
[2.896s][info][gc,start       ] GC(75) Pause Young (Allocation Failure)
[2.912s][info][gc,heap        ] GC(75) PSYoungGen: 31136K(71680K)->25728K(66560K) Eden: 12800K(12800K)->0K(14336K) From: 18336K(58880K)->25728K(52224K)
[2.912s][info][gc,heap        ] GC(75) ParOldGen: 466455K(508416K)->471935K(508416K)
[2.912s][info][gc,metaspace   ] GC(75) Metaspace: 6302K(6464K)->6302K(6464K) NonClass: 5769K(5824K)->5769K(5824K) Class: 533K(640K)->533K(640K)
[2.912s][info][gc             ] GC(75) Pause Young (Allocation Failure) 485M->485M(561M) 16.506ms
[2.912s][info][gc,cpu         ] GC(75) User=0.03s Sys=0.00s Real=0.02s
[2.928s][info][gc,start       ] GC(76) Pause Young (Allocation Failure)
[2.948s][info][gc,heap        ] GC(76) PSYoungGen: 40064K(66560K)->27296K(41984K) Eden: 14336K(14336K)->0K(14336K) From: 25728K(52224K)->27296K(27648K)
[2.948s][info][gc,heap        ] GC(76) ParOldGen: 471935K(508416K)->484911K(508416K)
[2.948s][info][gc,metaspace   ] GC(76) Metaspace: 6302K(6464K)->6302K(6464K) NonClass: 5769K(5824K)->5769K(5824K) Class: 533K(640K)->533K(640K)
[2.948s][info][gc             ] GC(76) Pause Young (Allocation Failure) 499M->500M(537M) 20.468ms
[2.948s][info][gc,cpu         ] GC(76) User=0.11s Sys=0.02s Real=0.02s
[2.948s][info][gc,start       ] GC(77) Pause Full (Ergonomics)
[2.948s][info][gc,phases,start] GC(77) Marking Phase
[3.058s][info][gc,phases      ] GC(77) Marking Phase 109.976ms
[3.058s][info][gc,phases,start] GC(77) Summary Phase
[3.058s][info][gc,phases      ] GC(77) Summary Phase 0.020ms
[3.058s][info][gc,phases,start] GC(77) Adjust Roots
[3.058s][info][gc,phases      ] GC(77) Adjust Roots 0.151ms
[3.058s][info][gc,phases,start] GC(77) Compaction Phase
[3.106s][info][gc,phases      ] GC(77) Compaction Phase 47.125ms
[3.106s][info][gc,phases,start] GC(77) Post Compact
[3.108s][info][gc,phases      ] GC(77) Post Compact 2.823ms
[3.109s][info][gc,heap        ] GC(77) PSYoungGen: 27296K(41984K)->3575K(41984K) Eden: 0K(14336K)->0K(14336K) From: 27296K(27648K)->3575K(27648K)
[3.109s][info][gc,heap        ] GC(77) ParOldGen: 484911K(508416K)->507906K(568320K)
[3.109s][info][gc,metaspace   ] GC(77) Metaspace: 6302K(6464K)->6302K(6464K) NonClass: 5769K(5824K)->5769K(5824K) Class: 533K(640K)->533K(640K)
[3.109s][info][gc             ] GC(77) Pause Full (Ergonomics) 500M->499M(596M) 160.656ms
[3.109s][info][gc,cpu         ] GC(77) User=0.92s Sys=0.02s Real=0.16s
[3.125s][info][gc,start       ] GC(78) Pause Young (Allocation Failure)
[3.154s][info][gc,heap        ] GC(78) PSYoungGen: 17911K(41984K)->16128K(66560K) Eden: 14336K(14336K)->0K(15872K) From: 3575K(27648K)->16128K(50688K)
[3.154s][info][gc,heap        ] GC(78) ParOldGen: 507906K(568320K)->509882K(568320K)
[3.154s][info][gc,metaspace   ] GC(78) Metaspace: 6302K(6464K)->6302K(6464K) NonClass: 5769K(5824K)->5769K(5824K) Class: 533K(640K)->533K(640K)
[3.154s][info][gc             ] GC(78) Pause Young (Allocation Failure) 513M->513M(620M) 29.784ms
[3.154s][info][gc,cpu         ] GC(78) User=0.12s Sys=0.00s Real=0.03s
[3.174s][info][gc,start       ] GC(79) Pause Young (Allocation Failure)
[3.191s][info][gc,heap        ] GC(79) PSYoungGen: 32000K(66560K)->32000K(67584K) Eden: 15872K(15872K)->0K(15872K) From: 16128K(50688K)->32000K(51712K)
[3.191s][info][gc,heap        ] GC(79) ParOldGen: 509882K(568320K)->509882K(568320K)
[3.191s][info][gc,metaspace   ] GC(79) Metaspace: 6302K(6464K)->6302K(6464K) NonClass: 5769K(5824K)->5769K(5824K) Class: 533K(640K)->533K(640K)
[3.191s][info][gc             ] GC(79) Pause Young (Allocation Failure) 529M->529M(621M) 17.525ms
[3.191s][info][gc,cpu         ] GC(79) User=0.05s Sys=0.00s Real=0.02s
[3.209s][info][gc,start       ] GC(80) Pause Young (Allocation Failure)
[3.232s][info][gc,heap        ] GC(80) PSYoungGen: 47872K(67584K)->47840K(63488K) Eden: 15872K(15872K)->0K(12288K) From: 32000K(51712K)->47840K(51200K)
[3.232s][info][gc,heap        ] GC(80) ParOldGen: 509882K(568320K)->509882K(568320K)
[3.232s][info][gc,metaspace   ] GC(80) Metaspace: 6302K(6464K)->6302K(6464K) NonClass: 5769K(5824K)->5769K(5824K) Class: 533K(640K)->533K(640K)
[3.232s][info][gc             ] GC(80) Pause Young (Allocation Failure) 544M->544M(617M) 23.620ms
[3.232s][info][gc,cpu         ] GC(80) User=0.14s Sys=0.00s Real=0.02s
[3.246s][info][gc,start       ] GC(81) Pause Young (Allocation Failure)
[3.275s][info][gc,heap        ] GC(81) PSYoungGen: 60128K(63488K)->56832K(69120K) Eden: 12288K(12288K)->0K(12288K) From: 47840K(51200K)->56832K(56832K)
[3.275s][info][gc,heap        ] GC(81) ParOldGen: 509882K(568320K)->513162K(568320K)
[3.275s][info][gc,metaspace   ] GC(81) Metaspace: 6302K(6464K)->6302K(6464K) NonClass: 5769K(5824K)->5769K(5824K) Class: 533K(640K)->533K(640K)
[3.275s][info][gc             ] GC(81) Pause Young (Allocation Failure) 556M->556M(622M) 28.663ms
[3.275s][info][gc,cpu         ] GC(81) User=0.12s Sys=0.00s Real=0.03s
[3.289s][info][gc,start       ] GC(82) Pause Young (Allocation Failure)
[3.322s][info][gc,heap        ] GC(82) PSYoungGen: 69120K(69120K)->39840K(78336K) Eden: 12288K(12288K)->0K(13824K) From: 56832K(56832K)->39840K(64512K)
[3.322s][info][gc,heap        ] GC(82) ParOldGen: 513162K(568320K)->542922K(568320K)
[3.322s][info][gc,metaspace   ] GC(82) Metaspace: 6302K(6464K)->6302K(6464K) NonClass: 5769K(5824K)->5769K(5824K) Class: 533K(640K)->533K(640K)
[3.322s][info][gc             ] GC(82) Pause Young (Allocation Failure) 568M->569M(631M) 32.991ms
[3.322s][info][gc,cpu         ] GC(82) User=0.16s Sys=0.02s Real=0.03s
[3.322s][info][gc,start       ] GC(83) Pause Full (Ergonomics)
[3.322s][info][gc,phases,start] GC(83) Marking Phase
[3.455s][info][gc,phases      ] GC(83) Marking Phase 132.704ms
[3.455s][info][gc,phases,start] GC(83) Summary Phase
[3.455s][info][gc,phases      ] GC(83) Summary Phase 0.023ms
[3.455s][info][gc,phases,start] GC(83) Adjust Roots
[3.455s][info][gc,phases      ] GC(83) Adjust Roots 0.166ms
[3.455s][info][gc,phases,start] GC(83) Compaction Phase
[3.505s][info][gc,phases      ] GC(83) Compaction Phase 50.299ms
[3.505s][info][gc,phases,start] GC(83) Post Compact
[3.506s][info][gc,phases      ] GC(83) Post Compact 1.006ms
[3.507s][info][gc,heap        ] GC(83) PSYoungGen: 39840K(78336K)->14064K(78848K) Eden: 0K(13824K)->0K(14336K) From: 39840K(64512K)->14064K(64512K)
[3.507s][info][gc,heap        ] GC(83) ParOldGen: 542922K(568320K)->567919K(636928K)
[3.507s][info][gc,metaspace   ] GC(83) Metaspace: 6302K(6464K)->6302K(6464K) NonClass: 5769K(5824K)->5769K(5824K) Class: 533K(640K)->533K(640K)
[3.507s][info][gc             ] GC(83) Pause Full (Ergonomics) 569M->568M(699M) 184.736ms
[3.507s][info][gc,cpu         ] GC(83) User=1.38s Sys=0.02s Real=0.18s
[3.522s][info][gc,start       ] GC(84) Pause Young (Allocation Failure)
[3.559s][info][gc,heap        ] GC(84) PSYoungGen: 28400K(78848K)->18336K(79360K) Eden: 14336K(14336K)->0K(14336K) From: 14064K(64512K)->18336K(65024K)
[3.559s][info][gc,heap        ] GC(84) ParOldGen: 567919K(636928K)->578287K(636928K)
[3.559s][info][gc,metaspace   ] GC(84) Metaspace: 6302K(6464K)->6302K(6464K) NonClass: 5769K(5824K)->5769K(5824K) Class: 533K(640K)->533K(640K)
[3.559s][info][gc             ] GC(84) Pause Young (Allocation Failure) 582M->582M(699M) 37.076ms
[3.559s][info][gc,cpu         ] GC(84) User=0.23s Sys=0.02s Real=0.04s
[3.576s][info][gc,start       ] GC(85) Pause Young (Allocation Failure)
[3.594s][info][gc,heap        ] GC(85) PSYoungGen: 32672K(79360K)->28832K(74240K) Eden: 14336K(14336K)->0K(15872K) From: 18336K(65024K)->28832K(58368K)
[3.594s][info][gc,heap        ] GC(85) ParOldGen: 578287K(636928K)->582207K(636928K)
[3.594s][info][gc,metaspace   ] GC(85) Metaspace: 6302K(6464K)->6302K(6464K) NonClass: 5769K(5824K)->5769K(5824K) Class: 533K(640K)->533K(640K)
[3.594s][info][gc             ] GC(85) Pause Young (Allocation Failure) 596M->596M(694M) 18.227ms
[3.594s][info][gc,cpu         ] GC(85) User=0.03s Sys=0.00s Real=0.02s
[3.613s][info][gc,start       ] GC(86) Pause Young (Allocation Failure)
[3.638s][info][gc,heap        ] GC(86) PSYoungGen: 44704K(74240K)->30368K(46592K) Eden: 15872K(15872K)->0K(15872K) From: 28832K(58368K)->30368K(30720K)
[3.638s][info][gc,heap        ] GC(86) ParOldGen: 582207K(636928K)->596751K(636928K)
[3.638s][info][gc,metaspace   ] GC(86) Metaspace: 6302K(6464K)->6302K(6464K) NonClass: 5769K(5824K)->5769K(5824K) Class: 533K(640K)->533K(640K)
[3.638s][info][gc             ] GC(86) Pause Young (Allocation Failure) 612M->612M(667M) 24.711ms
[3.638s][info][gc,cpu         ] GC(86) User=0.11s Sys=0.02s Real=0.03s
[3.657s][info][gc,start       ] GC(87) Pause Young (Allocation Failure)
[3.682s][info][gc,heap        ] GC(87) PSYoungGen: 46240K(46592K)->31872K(72192K) Eden: 15872K(15872K)->0K(17920K) From: 30368K(30720K)->31872K(54272K)
[3.682s][info][gc,heap        ] GC(87) ParOldGen: 596751K(636928K)->611279K(636928K)
[3.682s][info][gc,metaspace   ] GC(87) Metaspace: 6302K(6464K)->6302K(6464K) NonClass: 5769K(5824K)->5769K(5824K) Class: 533K(640K)->533K(640K)
[3.682s][info][gc             ] GC(87) Pause Young (Allocation Failure) 627M->628M(692M) 25.012ms
[3.682s][info][gc,cpu         ] GC(87) User=0.08s Sys=0.05s Real=0.03s
[3.682s][info][gc,start       ] GC(88) Pause Full (Ergonomics)
[3.682s][info][gc,phases,start] GC(88) Marking Phase
[3.823s][info][gc,phases      ] GC(88) Marking Phase 140.585ms
[3.823s][info][gc,phases,start] GC(88) Summary Phase
[3.823s][info][gc,phases      ] GC(88) Summary Phase 0.036ms
[3.823s][info][gc,phases,start] GC(88) Adjust Roots
[3.824s][info][gc,phases      ] GC(88) Adjust Roots 0.827ms
[3.824s][info][gc,phases,start] GC(88) Compaction Phase
[3.878s][info][gc,phases      ] GC(88) Compaction Phase 54.434ms
[3.878s][info][gc,phases,start] GC(88) Post Compact
[3.879s][info][gc,phases      ] GC(88) Post Compact 1.031ms
[3.880s][info][gc,heap        ] GC(88) PSYoungGen: 31872K(72192K)->5623K(74240K) Eden: 0K(17920K)->0K(19968K) From: 31872K(54272K)->5623K(54272K)
[3.880s][info][gc,heap        ] GC(88) ParOldGen: 611279K(636928K)->636654K(708608K)
[3.880s][info][gc,metaspace   ] GC(88) Metaspace: 6302K(6464K)->6302K(6464K) NonClass: 5769K(5824K)->5769K(5824K) Class: 533K(640K)->533K(640K)
[3.880s][info][gc             ] GC(88) Pause Full (Ergonomics) 628M->627M(764M) 197.489ms
[3.880s][info][gc,cpu         ] GC(88) User=1.34s Sys=0.00s Real=0.20s
[3.903s][info][gc,start       ] GC(89) Pause Young (Allocation Failure)
[3.942s][info][gc,heap        ] GC(89) PSYoungGen: 25591K(74240K)->22592K(76288K) Eden: 19968K(19968K)->0K(19968K) From: 5623K(54272K)->22592K(56320K)
[3.942s][info][gc,heap        ] GC(89) ParOldGen: 636654K(708608K)->639878K(708608K)
[3.942s][info][gc,metaspace   ] GC(89) Metaspace: 6302K(6464K)->6302K(6464K) NonClass: 5769K(5824K)->5769K(5824K) Class: 533K(640K)->533K(640K)
[3.942s][info][gc             ] GC(89) Pause Young (Allocation Failure) 646M->646M(766M) 39.409ms
[3.942s][info][gc,cpu         ] GC(89) User=0.25s Sys=0.00s Real=0.04s
[3.966s][info][gc,start       ] GC(90) Pause Young (Allocation Failure)
[3.990s][info][gc,heap        ] GC(90) PSYoungGen: 42560K(76288K)->42592K(75264K) Eden: 19968K(19968K)->0K(19968K) From: 22592K(56320K)->42592K(55296K)
[3.990s][info][gc,heap        ] GC(90) ParOldGen: 639878K(708608K)->639878K(708608K)
[3.990s][info][gc,metaspace   ] GC(90) Metaspace: 6302K(6464K)->6302K(6464K) NonClass: 5769K(5824K)->5769K(5824K) Class: 533K(640K)->533K(640K)
[3.990s][info][gc             ] GC(90) Pause Young (Allocation Failure) 666M->666M(765M) 23.294ms
[3.990s][info][gc,cpu         ] GC(90) User=0.12s Sys=0.00s Real=0.02s
[4.017s][info][gc,start       ] GC(91) Pause Young (Allocation Failure)
[4.049s][info][gc,heap        ] GC(91) PSYoungGen: 62560K(75264K)->57344K(77312K) Eden: 19968K(19968K)->0K(19968K) From: 42592K(55296K)->57344K(57344K)
[4.049s][info][gc,heap        ] GC(91) ParOldGen: 639878K(708608K)->645046K(708608K)
[4.049s][info][gc,metaspace   ] GC(91) Metaspace: 6302K(6464K)->6302K(6464K) NonClass: 5769K(5824K)->5769K(5824K) Class: 533K(640K)->533K(640K)
[4.049s][info][gc             ] GC(91) Pause Young (Allocation Failure) 685M->685M(767M) 31.869ms
[4.049s][info][gc,cpu         ] GC(91) User=0.14s Sys=0.00s Real=0.03s
[4.213s][info][gc,start       ] GC(92) Pause Young (Allocation Failure)
[4.266s][info][gc,heap        ] GC(92) PSYoungGen: 77312K(77312K)->57600K(82432K) Eden: 19968K(19968K)->0K(16384K) From: 57344K(57344K)->57600K(66048K)
[4.266s][info][gc,heap        ] GC(92) ParOldGen: 677814K(708608K)->697950K(708608K)
[4.266s][info][gc,metaspace   ] GC(92) Metaspace: 6302K(6464K)->6302K(6464K) NonClass: 5769K(5824K)->5769K(5824K) Class: 533K(640K)->533K(640K)
[4.266s][info][gc             ] GC(92) Pause Young (Allocation Failure) 737M->737M(772M) 52.652ms
[4.266s][info][gc,cpu         ] GC(92) User=0.33s Sys=0.02s Real=0.05s
[4.266s][info][gc,start       ] GC(93) Pause Full (Ergonomics)
[4.266s][info][gc,phases,start] GC(93) Marking Phase
[4.440s][info][gc,phases      ] GC(93) Marking Phase 174.395ms
[4.440s][info][gc,phases,start] GC(93) Summary Phase
[4.440s][info][gc,phases      ] GC(93) Summary Phase 0.031ms
[4.440s][info][gc,phases,start] GC(93) Adjust Roots
[4.441s][info][gc,phases      ] GC(93) Adjust Roots 0.196ms
[4.441s][info][gc,phases,start] GC(93) Compaction Phase
[4.559s][info][gc,phases      ] GC(93) Compaction Phase 118.396ms
[4.559s][info][gc,phases,start] GC(93) Post Compact
[4.561s][info][gc,phases      ] GC(93) Post Compact 1.532ms
[4.561s][info][gc,heap        ] GC(93) PSYoungGen: 57600K(82432K)->30233K(82432K) Eden: 0K(16384K)->0K(16384K) From: 57600K(66048K)->30233K(66048K)
[4.561s][info][gc,heap        ] GC(93) ParOldGen: 697950K(708608K)->708167K(784896K)
[4.561s][info][gc,metaspace   ] GC(93) Metaspace: 6302K(6464K)->6302K(6464K) NonClass: 5769K(5824K)->5769K(5824K) Class: 533K(640K)->533K(640K)
[4.561s][info][gc             ] GC(93) Pause Full (Ergonomics) 737M->721M(847M) 295.185ms
[4.561s][info][gc,cpu         ] GC(93) User=1.94s Sys=0.00s Real=0.29s
[4.580s][info][gc,start       ] GC(94) Pause Young (Allocation Failure)
[4.629s][info][gc,heap        ] GC(94) PSYoungGen: 46617K(82432K)->46816K(88064K) Eden: 16384K(16384K)->0K(16384K) From: 30233K(66048K)->46816K(71680K)
[4.629s][info][gc,heap        ] GC(94) ParOldGen: 708167K(784896K)->708167K(784896K)
[4.629s][info][gc,metaspace   ] GC(94) Metaspace: 6302K(6464K)->6302K(6464K) NonClass: 5769K(5824K)->5769K(5824K) Class: 533K(640K)->533K(640K)
[4.629s][info][gc             ] GC(94) Pause Young (Allocation Failure) 737M->737M(852M) 48.749ms
[4.629s][info][gc,cpu         ] GC(94) User=0.27s Sys=0.00s Real=0.05s
[4.647s][info][gc,start       ] GC(95) Pause Young (Allocation Failure)
[4.677s][info][gc,heap        ] GC(95) PSYoungGen: 63200K(88064K)->63200K(83456K) Eden: 16384K(16384K)->0K(11776K) From: 46816K(71680K)->63200K(71680K)
[4.677s][info][gc,heap        ] GC(95) ParOldGen: 708167K(784896K)->708167K(784896K)
[4.677s][info][gc,metaspace   ] GC(95) Metaspace: 6302K(6464K)->6302K(6464K) NonClass: 5769K(5824K)->5769K(5824K) Class: 533K(640K)->533K(640K)
[4.677s][info][gc             ] GC(95) Pause Young (Allocation Failure) 753M->753M(848M) 30.081ms
[4.677s][info][gc,cpu         ] GC(95) User=0.14s Sys=0.00s Real=0.03s
[4.689s][info][gc,start       ] GC(96) Pause Young (Allocation Failure)
[4.723s][info][gc,heap        ] GC(96) PSYoungGen: 74976K(83456K)->74944K(89600K) Eden: 11776K(11776K)->0K(11776K) From: 63200K(71680K)->74944K(77824K)
[4.723s][info][gc,heap        ] GC(96) ParOldGen: 708167K(784896K)->708167K(784896K)
[4.723s][info][gc,metaspace   ] GC(96) Metaspace: 6302K(6464K)->6302K(6464K) NonClass: 5769K(5824K)->5769K(5824K) Class: 533K(640K)->533K(640K)
[4.723s][info][gc             ] GC(96) Pause Young (Allocation Failure) 764M->764M(854M) 34.218ms
[4.723s][info][gc,cpu         ] GC(96) User=0.20s Sys=0.03s Real=0.03s
[4.736s][info][gc,start       ] GC(97) Pause Young (Allocation Failure)
[4.777s][info][gc,heap        ] GC(97) PSYoungGen: 86720K(89600K)->75328K(93184K) Eden: 11776K(11776K)->0K(6144K) From: 74944K(77824K)->75328K(87040K)
[4.777s][info][gc,heap        ] GC(97) ParOldGen: 708167K(784896K)->719743K(784896K)
[4.777s][info][gc,metaspace   ] GC(97) Metaspace: 6302K(6464K)->6302K(6464K) NonClass: 5769K(5824K)->5769K(5824K) Class: 533K(640K)->533K(640K)
[4.777s][info][gc             ] GC(97) Pause Young (Allocation Failure) 776M->776M(857M) 41.608ms
[4.777s][info][gc,cpu         ] GC(97) User=0.27s Sys=0.00s Real=0.04s
[4.784s][info][gc,start       ] GC(98) Pause Young (Allocation Failure)
[4.821s][info][gc,heap        ] GC(98) PSYoungGen: 81472K(93184K)->62560K(100352K) Eden: 6144K(6144K)->0K(6144K) From: 75328K(87040K)->62560K(94208K)
[4.821s][info][gc,heap        ] GC(98) ParOldGen: 719743K(784896K)->738823K(784896K)
[4.821s][info][gc,metaspace   ] GC(98) Metaspace: 6302K(6464K)->6302K(6464K) NonClass: 5769K(5824K)->5769K(5824K) Class: 533K(640K)->533K(640K)
[4.821s][info][gc             ] GC(98) Pause Young (Allocation Failure) 782M->782M(864M) 36.991ms
[4.821s][info][gc,cpu         ] GC(98) User=0.22s Sys=0.03s Real=0.04s
[4.827s][info][gc,start       ] GC(99) Pause Young (Allocation Failure)
[4.860s][info][gc,heap        ] GC(99) PSYoungGen: 68704K(100352K)->35904K(98304K) Eden: 6144K(6144K)->0K(7680K) From: 62560K(94208K)->35904K(90624K)
[4.860s][info][gc,heap        ] GC(99) ParOldGen: 738823K(784896K)->771999K(784896K)
[4.860s][info][gc,metaspace   ] GC(99) Metaspace: 6302K(6464K)->6302K(6464K) NonClass: 5769K(5824K)->5769K(5824K) Class: 533K(640K)->533K(640K)
[4.860s][info][gc             ] GC(99) Pause Young (Allocation Failure) 788M->788M(862M) 32.381ms
[4.860s][info][gc,cpu         ] GC(99) User=0.12s Sys=0.02s Real=0.03s
[4.860s][info][gc,start       ] GC(100) Pause Full (Ergonomics)
[4.860s][info][gc,phases,start] GC(100) Marking Phase
[5.036s][info][gc,phases      ] GC(100) Marking Phase 176.274ms
[5.036s][info][gc,phases,start] GC(100) Summary Phase
[5.036s][info][gc,phases      ] GC(100) Summary Phase 0.030ms
[5.036s][info][gc,phases,start] GC(100) Adjust Roots
[5.036s][info][gc,phases      ] GC(100) Adjust Roots 0.175ms
[5.037s][info][gc,phases,start] GC(100) Compaction Phase
[5.119s][info][gc,phases      ] GC(100) Compaction Phase 82.357ms
[5.119s][info][gc,phases,start] GC(100) Post Compact
[5.120s][info][gc,phases      ] GC(100) Post Compact 1.430ms
[5.121s][info][gc,heap        ] GC(100) PSYoungGen: 35904K(98304K)->22434K(99840K) Eden: 0K(7680K)->0K(9216K) From: 35904K(90624K)->22434K(90624K)
[5.121s][info][gc,heap        ] GC(100) ParOldGen: 771999K(784896K)->784392K(873984K)
[5.121s][info][gc,metaspace   ] GC(100) Metaspace: 6302K(6464K)->6302K(6464K) NonClass: 5769K(5824K)->5769K(5824K) Class: 533K(640K)->533K(640K)
[5.121s][info][gc             ] GC(100) Pause Full (Ergonomics) 788M->787M(951M) 260.920ms
[5.121s][info][gc,cpu         ] GC(100) User=1.67s Sys=0.00s Real=0.26s
[5.131s][info][gc,start       ] GC(101) Pause Young (Allocation Failure)
[5.177s][info][gc,heap        ] GC(101) PSYoungGen: 31650K(99840K)->17664K(101888K) Eden: 9216K(9216K)->0K(9216K) From: 22434K(90624K)->17664K(92672K)
[5.177s][info][gc,heap        ] GC(101) ParOldGen: 784392K(873984K)->798712K(873984K)
[5.177s][info][gc,metaspace   ] GC(101) Metaspace: 6302K(6464K)->6302K(6464K) NonClass: 5769K(5824K)->5769K(5824K) Class: 533K(640K)->533K(640K)
[5.177s][info][gc             ] GC(101) Pause Young (Allocation Failure) 796M->797M(953M) 46.120ms
[5.177s][info][gc,cpu         ] GC(101) User=0.27s Sys=0.00s Real=0.05s
[5.186s][info][gc,start       ] GC(102) Pause Young (Allocation Failure)
[5.202s][info][gc,heap        ] GC(102) PSYoungGen: 26880K(101888K)->18528K(102912K) Eden: 9216K(9216K)->0K(10752K) From: 17664K(92672K)->18528K(92160K)
[5.202s][info][gc,heap        ] GC(102) ParOldGen: 798712K(873984K)->807168K(873984K)
[5.202s][info][gc,metaspace   ] GC(102) Metaspace: 6302K(6464K)->6302K(6464K) NonClass: 5769K(5824K)->5769K(5824K) Class: 533K(640K)->533K(640K)
[5.202s][info][gc             ] GC(102) Pause Young (Allocation Failure) 806M->806M(954M) 15.651ms
[5.202s][info][gc,cpu         ] GC(102) User=0.02s Sys=0.00s Real=0.02s
[5.213s][info][gc,start       ] GC(103) Pause Young (Allocation Failure)
[5.231s][info][gc,heap        ] GC(103) PSYoungGen: 29280K(102912K)->10848K(103424K) Eden: 10752K(10752K)->0K(10752K) From: 18528K(92160K)->10848K(92672K)
[5.231s][info][gc,heap        ] GC(103) ParOldGen: 807168K(873984K)->825816K(873984K)
[5.232s][info][gc,metaspace   ] GC(103) Metaspace: 6302K(6464K)->6302K(6464K) NonClass: 5769K(5824K)->5769K(5824K) Class: 533K(640K)->533K(640K)
[5.232s][info][gc             ] GC(103) Pause Young (Allocation Failure) 816M->817M(954M) 18.304ms
[5.232s][info][gc,cpu         ] GC(103) User=0.03s Sys=0.00s Real=0.02s
[5.243s][info][gc,start       ] GC(104) Pause Young (Allocation Failure)
[5.259s][info][gc,heap        ] GC(104) PSYoungGen: 21600K(103424K)->10880K(103424K) Eden: 10752K(10752K)->0K(12288K) From: 10848K(92672K)->10880K(91136K)
[5.259s][info][gc,heap        ] GC(104) ParOldGen: 825816K(873984K)->836712K(873984K)
[5.259s][info][gc,metaspace   ] GC(104) Metaspace: 6302K(6464K)->6302K(6464K) NonClass: 5769K(5824K)->5769K(5824K) Class: 533K(640K)->533K(640K)
[5.259s][info][gc             ] GC(104) Pause Young (Allocation Failure) 827M->827M(954M) 15.576ms
[5.259s][info][gc,cpu         ] GC(104) User=0.02s Sys=0.00s Real=0.02s
[5.272s][info][gc,start       ] GC(105) Pause Young (Allocation Failure)
[5.290s][info][gc,heap        ] GC(105) PSYoungGen: 23168K(103424K)->12384K(104448K) Eden: 12288K(12288K)->0K(12288K) From: 10880K(91136K)->12384K(92160K)
[5.290s][info][gc,heap        ] GC(105) ParOldGen: 836712K(873984K)->847616K(873984K)
[5.290s][info][gc,metaspace   ] GC(105) Metaspace: 6302K(6464K)->6302K(6464K) NonClass: 5769K(5824K)->5769K(5824K) Class: 533K(640K)->533K(640K)
[5.290s][info][gc             ] GC(105) Pause Young (Allocation Failure) 839M->839M(955M) 17.765ms
[5.290s][info][gc,cpu         ] GC(105) User=0.03s Sys=0.00s Real=0.02s
[5.290s][info][gc,start       ] GC(106) Pause Full (Ergonomics)
[5.290s][info][gc,phases,start] GC(106) Marking Phase
[5.478s][info][gc,phases      ] GC(106) Marking Phase 188.605ms
[5.479s][info][gc,phases,start] GC(106) Summary Phase
[5.479s][info][gc,phases      ] GC(106) Summary Phase 0.027ms
[5.479s][info][gc,phases,start] GC(106) Adjust Roots
[5.479s][info][gc,phases      ] GC(106) Adjust Roots 0.184ms
[5.479s][info][gc,phases,start] GC(106) Compaction Phase
[5.554s][info][gc,phases      ] GC(106) Compaction Phase 75.537ms
[5.554s][info][gc,phases,start] GC(106) Post Compact
[5.556s][info][gc,phases      ] GC(106) Post Compact 1.328ms
[5.556s][info][gc,heap        ] GC(106) PSYoungGen: 12384K(104448K)->0K(104448K) Eden: 0K(12288K)->0K(13824K) From: 12384K(92160K)->0K(90624K)
[5.556s][info][gc,heap        ] GC(106) ParOldGen: 847616K(873984K)->858887K(948736K)
[5.556s][info][gc,metaspace   ] GC(106) Metaspace: 6302K(6464K)->6302K(6464K) NonClass: 5769K(5824K)->5769K(5824K) Class: 533K(640K)->533K(640K)
[5.556s][info][gc             ] GC(106) Pause Full (Ergonomics) 839M->838M(1028M) 266.283ms
[5.556s][info][gc,cpu         ] GC(106) User=1.83s Sys=0.00s Real=0.27s
[5.573s][info][gc,start       ] GC(107) Pause Young (Allocation Failure)
[5.588s][info][gc,heap        ] GC(107) PSYoungGen: 13824K(104448K)->13952K(28160K) Eden: 13824K(13824K)->0K(13824K) From: 0K(90624K)->13952K(14336K)
[5.588s][info][gc,heap        ] GC(107) ParOldGen: 858887K(948736K)->858887K(948736K)
[5.588s][info][gc,metaspace   ] GC(107) Metaspace: 6302K(6464K)->6302K(6464K) NonClass: 5769K(5824K)->5769K(5824K) Class: 533K(640K)->533K(640K)
[5.588s][info][gc             ] GC(107) Pause Young (Allocation Failure) 852M->852M(954M) 14.730ms
[5.588s][info][gc,cpu         ] GC(107) User=0.00s Sys=0.00s Real=0.01s
[5.603s][info][gc,start       ] GC(108) Pause Young (Allocation Failure)
[5.621s][info][gc,heap        ] GC(108) PSYoungGen: 27776K(28160K)->27744K(93696K) Eden: 13824K(13824K)->0K(15360K) From: 13952K(14336K)->27744K(78336K)
[5.621s][info][gc,heap        ] GC(108) ParOldGen: 858887K(948736K)->858887K(948736K)
[5.621s][info][gc,metaspace   ] GC(108) Metaspace: 6302K(6464K)->6302K(6464K) NonClass: 5769K(5824K)->5769K(5824K) Class: 533K(640K)->533K(640K)
[5.621s][info][gc             ] GC(108) Pause Young (Allocation Failure) 865M->865M(1018M) 18.076ms
[5.622s][info][gc,cpu         ] GC(108) User=0.02s Sys=0.00s Real=0.02s
[5.638s][info][gc,start       ] GC(109) Pause Young (Allocation Failure)
[5.660s][info][gc,heap        ] GC(109) PSYoungGen: 43104K(93696K)->43104K(98816K) Eden: 15360K(15360K)->0K(15360K) From: 27744K(78336K)->43104K(83456K)
[5.660s][info][gc,heap        ] GC(109) ParOldGen: 858887K(948736K)->858887K(948736K)
[5.660s][info][gc,metaspace   ] GC(109) Metaspace: 6302K(6464K)->6302K(6464K) NonClass: 5769K(5824K)->5769K(5824K) Class: 533K(640K)->533K(640K)
[5.661s][info][gc             ] GC(109) Pause Young (Allocation Failure) 880M->880M(1023M) 22.160ms
[5.661s][info][gc,cpu         ] GC(109) User=0.12s Sys=0.00s Real=0.02s
[5.678s][info][gc,start       ] GC(110) Pause Young (Allocation Failure)
[5.707s][info][gc,heap        ] GC(110) PSYoungGen: 58464K(98816K)->44672K(99328K) Eden: 15360K(15360K)->0K(17408K) From: 43104K(83456K)->44672K(81920K)
[5.707s][info][gc,heap        ] GC(110) ParOldGen: 858887K(948736K)->872895K(948736K)
[5.707s][info][gc,metaspace   ] GC(110) Metaspace: 6302K(6464K)->6302K(6464K) NonClass: 5769K(5824K)->5769K(5824K) Class: 533K(640K)->533K(640K)
[5.707s][info][gc             ] GC(110) Pause Young (Allocation Failure) 895M->896M(1023M) 29.215ms
[5.707s][info][gc,cpu         ] GC(110) User=0.14s Sys=0.00s Real=0.03s
[5.726s][info][gc,start       ] GC(111) Pause Young (Allocation Failure)
[5.756s][info][gc,heap        ] GC(111) PSYoungGen: 62080K(99328K)->48256K(99328K) Eden: 17408K(17408K)->0K(17408K) From: 44672K(81920K)->48256K(81920K)
[5.756s][info][gc,heap        ] GC(111) ParOldGen: 872895K(948736K)->886903K(948736K)
[5.756s][info][gc,metaspace   ] GC(111) Metaspace: 6302K(6464K)->6302K(6464K) NonClass: 5769K(5824K)->5769K(5824K) Class: 533K(640K)->533K(640K)
[5.756s][info][gc             ] GC(111) Pause Young (Allocation Failure) 913M->913M(1023M) 30.744ms
[5.756s][info][gc,cpu         ] GC(111) User=0.14s Sys=0.00s Real=0.03s
[5.776s][info][gc,start       ] GC(112) Pause Young (Allocation Failure)
[5.807s][info][gc,heap        ] GC(112) PSYoungGen: 65664K(99328K)->50304K(101888K) Eden: 17408K(17408K)->0K(18944K) From: 48256K(81920K)->50304K(82944K)
[5.807s][info][gc,heap        ] GC(112) ParOldGen: 886903K(948736K)->902471K(948736K)
[5.808s][info][gc,metaspace   ] GC(112) Metaspace: 6302K(6464K)->6302K(6464K) NonClass: 5769K(5824K)->5769K(5824K) Class: 533K(640K)->533K(640K)
[5.808s][info][gc             ] GC(112) Pause Young (Allocation Failure) 930M->930M(1026M) 31.925ms
[5.808s][info][gc,cpu         ] GC(112) User=0.14s Sys=0.00s Real=0.03s
[5.828s][info][gc,start       ] GC(113) Pause Young (Allocation Failure)
[5.864s][info][gc,heap        ] GC(113) PSYoungGen: 69248K(101888K)->36480K(55808K) Eden: 18944K(18944K)->0K(18944K) From: 50304K(82944K)->36480K(36864K)
[5.864s][info][gc,heap        ] GC(113) ParOldGen: 902471K(948736K)->935655K(948736K)
[5.864s][info][gc,metaspace   ] GC(113) Metaspace: 6302K(6464K)->6302K(6464K) NonClass: 5769K(5824K)->5769K(5824K) Class: 533K(640K)->533K(640K)
[5.864s][info][gc             ] GC(113) Pause Young (Allocation Failure) 948M->949M(981M) 35.988ms
[5.864s][info][gc,cpu         ] GC(113) User=0.20s Sys=0.05s Real=0.03s
[5.864s][info][gc,start       ] GC(114) Pause Full (Ergonomics)
[5.864s][info][gc,phases,start] GC(114) Marking Phase
[6.097s][info][gc,phases      ] GC(114) Marking Phase 232.708ms
[6.097s][info][gc,phases,start] GC(114) Summary Phase
[6.097s][info][gc,phases      ] GC(114) Summary Phase 0.030ms
[6.097s][info][gc,phases,start] GC(114) Adjust Roots
[6.097s][info][gc,phases      ] GC(114) Adjust Roots 0.156ms
[6.097s][info][gc,phases,start] GC(114) Compaction Phase
[6.187s][info][gc,phases      ] GC(114) Compaction Phase 90.132ms
[6.188s][info][gc,phases,start] GC(114) Post Compact
[6.189s][info][gc,phases      ] GC(114) Post Compact 1.536ms
[6.189s][info][gc,heap        ] GC(114) PSYoungGen: 36480K(55808K)->22491K(55808K) Eden: 0K(18944K)->0K(18944K) From: 36480K(36864K)->22491K(36864K)
[6.189s][info][gc,heap        ] GC(114) ParOldGen: 935655K(948736K)->948303K(1050112K)
[6.189s][info][gc,metaspace   ] GC(114) Metaspace: 6302K(6464K)->6302K(6464K) NonClass: 5769K(5824K)->5769K(5824K) Class: 533K(640K)->533K(640K)
[6.190s][info][gc             ] GC(114) Pause Full (Ergonomics) 949M->948M(1080M) 325.224ms
[6.190s][info][gc,cpu         ] GC(114) User=2.41s Sys=0.02s Real=0.33s
[6.210s][info][gc,start       ] GC(115) Pause Young (Allocation Failure)
[6.269s][info][gc,heap        ] GC(115) PSYoungGen: 41435K(55808K)->19104K(97280K) Eden: 18944K(18944K)->0K(20992K) From: 22491K(36864K)->19104K(76288K)
[6.269s][info][gc,heap        ] GC(115) ParOldGen: 948303K(1050112K)->971103K(1050112K)
[6.269s][info][gc,metaspace   ] GC(115) Metaspace: 6302K(6464K)->6302K(6464K) NonClass: 5769K(5824K)->5769K(5824K) Class: 533K(640K)->533K(640K)
[6.269s][info][gc             ] GC(115) Pause Young (Allocation Failure) 966M->966M(1120M) 58.596ms
[6.269s][info][gc,cpu         ] GC(115) User=0.28s Sys=0.11s Real=0.06s
[6.294s][info][gc,start       ] GC(116) Pause Young (Allocation Failure)
[6.317s][info][gc,heap        ] GC(116) PSYoungGen: 40096K(97280K)->21152K(98816K) Eden: 20992K(20992K)->0K(20992K) From: 19104K(76288K)->21152K(77824K)
[6.317s][info][gc,heap        ] GC(116) ParOldGen: 971103K(1050112K)->990311K(1050112K)
[6.318s][info][gc,metaspace   ] GC(116) Metaspace: 6302K(6464K)->6302K(6464K) NonClass: 5769K(5824K)->5769K(5824K) Class: 533K(640K)->533K(640K)
[6.318s][info][gc             ] GC(116) Pause Young (Allocation Failure) 987M->987M(1122M) 23.437ms
[6.318s][info][gc,cpu         ] GC(116) User=0.11s Sys=0.00s Real=0.02s
[6.341s][info][gc,start       ] GC(117) Pause Young (Allocation Failure)
[6.365s][info][gc,heap        ] GC(117) PSYoungGen: 42144K(98816K)->21152K(95232K) Eden: 20992K(20992K)->0K(23552K) From: 21152K(77824K)->21152K(71680K)
[6.365s][info][gc,heap        ] GC(117) ParOldGen: 990311K(1050112K)->1011591K(1050112K)
[6.365s][info][gc,metaspace   ] GC(117) Metaspace: 6302K(6464K)->6302K(6464K) NonClass: 5769K(5824K)->5769K(5824K) Class: 533K(640K)->533K(640K)
[6.365s][info][gc             ] GC(117) Pause Young (Allocation Failure) 1008M->1008M(1118M) 24.155ms
[6.365s][info][gc,cpu         ] GC(117) User=0.12s Sys=0.00s Real=0.02s
[6.393s][info][gc,start       ] GC(118) Pause Young (Allocation Failure)
[6.418s][info][gc,heap        ] GC(118) PSYoungGen: 44704K(95232K)->23712K(97280K) Eden: 23552K(23552K)->0K(23552K) From: 21152K(71680K)->23712K(73728K)
[6.419s][info][gc,heap        ] GC(118) ParOldGen: 1011591K(1050112K)->1032879K(1050112K)
[6.419s][info][gc,metaspace   ] GC(118) Metaspace: 6302K(6464K)->6302K(6464K) NonClass: 5769K(5824K)->5769K(5824K) Class: 533K(640K)->533K(640K)
[6.419s][info][gc             ] GC(118) Pause Young (Allocation Failure) 1031M->1031M(1120M) 25.400ms
[6.419s][info][gc,cpu         ] GC(118) User=0.14s Sys=0.00s Real=0.03s
[6.419s][info][gc,start       ] GC(119) Pause Full (Ergonomics)
[6.419s][info][gc,phases,start] GC(119) Marking Phase
[6.656s][info][gc,phases      ] GC(119) Marking Phase 237.421ms
[6.656s][info][gc,phases,start] GC(119) Summary Phase
[6.656s][info][gc,phases      ] GC(119) Summary Phase 0.050ms
[6.656s][info][gc,phases,start] GC(119) Adjust Roots
[6.656s][info][gc,phases      ] GC(119) Adjust Roots 0.231ms
[6.656s][info][gc,phases,start] GC(119) Compaction Phase
[6.748s][info][gc,phases      ] GC(119) Compaction Phase 91.222ms
[6.748s][info][gc,phases,start] GC(119) Post Compact
[6.749s][info][gc,phases      ] GC(119) Post Compact 1.657ms
[6.750s][info][gc,heap        ] GC(119) PSYoungGen: 23712K(97280K)->5129K(97280K) Eden: 0K(23552K)->0K(23552K) From: 23712K(73728K)->5129K(73728K)
[6.750s][info][gc,heap        ] GC(119) ParOldGen: 1032879K(1050112K)->1050024K(1161728K)
[6.750s][info][gc,metaspace   ] GC(119) Metaspace: 6302K(6464K)->6302K(6464K) NonClass: 5769K(5824K)->5769K(5824K) Class: 533K(640K)->533K(640K)
[6.750s][info][gc             ] GC(119) Pause Full (Ergonomics) 1031M->1030M(1229M) 331.285ms
[6.750s][info][gc,cpu         ] GC(119) User=2.30s Sys=0.00s Real=0.33s
[6.778s][info][gc,start       ] GC(120) Pause Young (Allocation Failure)
[6.837s][info][gc,heap        ] GC(120) PSYoungGen: 28681K(97280K)->23680K(92160K) Eden: 23552K(23552K)->0K(26112K) From: 5129K(73728K)->23680K(66048K)
[6.837s][info][gc,heap        ] GC(120) ParOldGen: 1050024K(1161728K)->1055248K(1161728K)
[6.837s][info][gc,metaspace   ] GC(120) Metaspace: 6302K(6464K)->6302K(6464K) NonClass: 5769K(5824K)->5769K(5824K) Class: 533K(640K)->533K(640K)
[6.837s][info][gc             ] GC(120) Pause Young (Allocation Failure) 1053M->1053M(1224M) 59.036ms
[6.837s][info][gc,cpu         ] GC(120) User=0.38s Sys=0.00s Real=0.06s
[6.868s][info][gc,start       ] GC(121) Pause Young (Allocation Failure)
[6.896s][info][gc,heap        ] GC(121) PSYoungGen: 49792K(92160K)->49856K(94720K) Eden: 26112K(26112K)->0K(26112K) From: 23680K(66048K)->49856K(68608K)
[6.896s][info][gc,heap        ] GC(121) ParOldGen: 1055248K(1161728K)->1055248K(1161728K)
[6.896s][info][gc,metaspace   ] GC(121) Metaspace: 6302K(6464K)->6302K(6464K) NonClass: 5769K(5824K)->5769K(5824K) Class: 533K(640K)->533K(640K)
[6.896s][info][gc             ] GC(121) Pause Young (Allocation Failure) 1079M->1079M(1227M) 28.095ms
[6.896s][info][gc,cpu         ] GC(121) User=0.14s Sys=0.00s Real=0.03s
[6.925s][info][gc,start       ] GC(122) Pause Young (Allocation Failure)
[6.963s][info][gc,heap        ] GC(122) PSYoungGen: 75968K(94720K)->71680K(88064K) Eden: 26112K(26112K)->0K(16384K) From: 49856K(68608K)->71680K(71680K)
[6.964s][info][gc,heap        ] GC(122) ParOldGen: 1055248K(1161728K)->1059488K(1161728K)
[6.964s][info][gc,metaspace   ] GC(122) Metaspace: 6302K(6464K)->6302K(6464K) NonClass: 5769K(5824K)->5769K(5824K) Class: 533K(640K)->533K(640K)
[6.964s][info][gc             ] GC(122) Pause Young (Allocation Failure) 1104M->1104M(1220M) 39.055ms
[6.964s][info][gc,cpu         ] GC(122) User=0.23s Sys=0.02s Real=0.04s
[6.982s][info][gc,start       ] GC(123) Pause Young (Allocation Failure)
[7.027s][info][gc,heap        ] GC(123) PSYoungGen: 88064K(88064K)->40992K(57856K) Eden: 16384K(16384K)->0K(16384K) From: 71680K(71680K)->40992K(41472K)
[7.028s][info][gc,heap        ] GC(123) ParOldGen: 1059488K(1161728K)->1107248K(1161728K)
[7.028s][info][gc,metaspace   ] GC(123) Metaspace: 6302K(6464K)->6302K(6464K) NonClass: 5769K(5824K)->5769K(5824K) Class: 533K(640K)->533K(640K)
[7.028s][info][gc             ] GC(123) Pause Young (Allocation Failure) 1120M->1121M(1191M) 45.816ms
[7.028s][info][gc,cpu         ] GC(123) User=0.23s Sys=0.03s Real=0.05s
[7.047s][info][gc,start       ] GC(124) Pause Young (Allocation Failure)
[7.078s][info][gc,heap        ] GC(124) PSYoungGen: 57376K(57856K)->32896K(92160K) Eden: 16384K(16384K)->0K(18432K) From: 40992K(41472K)->32896K(73728K)
[7.078s][info][gc,heap        ] GC(124) ParOldGen: 1107248K(1161728K)->1132048K(1161728K)
[7.078s][info][gc,metaspace   ] GC(124) Metaspace: 6302K(6464K)->6302K(6464K) NonClass: 5769K(5824K)->5769K(5824K) Class: 533K(640K)->533K(640K)
[7.078s][info][gc             ] GC(124) Pause Young (Allocation Failure) 1137M->1137M(1224M) 31.211ms
[7.078s][info][gc,cpu         ] GC(124) User=0.11s Sys=0.03s Real=0.03s
[7.078s][info][gc,start       ] GC(125) Pause Full (Ergonomics)
[7.078s][info][gc,phases,start] GC(125) Marking Phase
[7.350s][info][gc,phases      ] GC(125) Marking Phase 271.677ms
[7.350s][info][gc,phases,start] GC(125) Summary Phase
[7.350s][info][gc,phases      ] GC(125) Summary Phase 0.033ms
[7.350s][info][gc,phases,start] GC(125) Adjust Roots
[7.350s][info][gc,phases      ] GC(125) Adjust Roots 0.181ms
[7.350s][info][gc,phases,start] GC(125) Compaction Phase
[7.445s][info][gc,phases      ] GC(125) Compaction Phase 95.208ms
[7.445s][info][gc,phases,start] GC(125) Post Compact
[7.447s][info][gc,phases      ] GC(125) Post Compact 1.976ms
[7.448s][info][gc,heap        ] GC(125) PSYoungGen: 32896K(92160K)->2053K(94720K) Eden: 0K(18432K)->0K(20992K) From: 32896K(73728K)->2053K(73728K)
[7.448s][info][gc,heap        ] GC(125) ParOldGen: 1132048K(1161728K)->1161489K(1290752K)
[7.448s][info][gc,metaspace   ] GC(125) Metaspace: 6302K(6464K)->6302K(6464K) NonClass: 5769K(5824K)->5769K(5824K) Class: 533K(640K)->533K(640K)
[7.448s][info][gc             ] GC(125) Pause Full (Ergonomics) 1137M->1136M(1353M) 369.838ms
[7.448s][info][gc,cpu         ] GC(125) User=2.53s Sys=0.00s Real=0.37s
[7.475s][info][gc,start       ] GC(126) Pause Young (Allocation Failure)
[7.536s][info][gc,heap        ] GC(126) PSYoungGen: 23045K(94720K)->22240K(98304K) Eden: 20992K(20992K)->0K(20992K) From: 2053K(73728K)->22240K(77312K)
[7.536s][info][gc,heap        ] GC(126) ParOldGen: 1161489K(1290752K)->1162457K(1290752K)
[7.536s][info][gc,metaspace   ] GC(126) Metaspace: 6302K(6464K)->6302K(6464K) NonClass: 5769K(5824K)->5769K(5824K) Class: 533K(640K)->533K(640K)
[7.536s][info][gc             ] GC(126) Pause Young (Allocation Failure) 1156M->1156M(1356M) 61.010ms
[7.536s][info][gc,cpu         ] GC(126) User=0.38s Sys=0.00s Real=0.06s
[7.561s][info][gc,start       ] GC(127) Pause Young (Allocation Failure)
[7.586s][info][gc,heap        ] GC(127) PSYoungGen: 43232K(98304K)->43232K(97280K) Eden: 20992K(20992K)->0K(23552K) From: 22240K(77312K)->43232K(73728K)
[7.586s][info][gc,heap        ] GC(127) ParOldGen: 1162457K(1290752K)->1162457K(1290752K)
[7.586s][info][gc,metaspace   ] GC(127) Metaspace: 6302K(6464K)->6302K(6464K) NonClass: 5769K(5824K)->5769K(5824K) Class: 533K(640K)->533K(640K)
[7.586s][info][gc             ] GC(127) Pause Young (Allocation Failure) 1177M->1177M(1355M) 25.532ms
[7.586s][info][gc,cpu         ] GC(127) User=0.12s Sys=0.00s Real=0.03s
[7.614s][info][gc,start       ] GC(128) Pause Young (Allocation Failure)
[7.650s][info][gc,heap        ] GC(128) PSYoungGen: 66784K(97280K)->66848K(98304K) Eden: 23552K(23552K)->0K(23552K) From: 43232K(73728K)->66848K(74752K)
[7.650s][info][gc,heap        ] GC(128) ParOldGen: 1162457K(1290752K)->1162457K(1290752K)
[7.651s][info][gc,metaspace   ] GC(128) Metaspace: 6302K(6464K)->6302K(6464K) NonClass: 5769K(5824K)->5769K(5824K) Class: 533K(640K)->533K(640K)
[7.651s][info][gc             ] GC(128) Pause Young (Allocation Failure) 1200M->1200M(1356M) 36.223ms
[7.651s][info][gc,cpu         ] GC(128) User=0.16s Sys=0.00s Real=0.04s
[7.680s][info][gc,start       ] GC(129) Pause Young (Allocation Failure)
[7.728s][info][gc,heap        ] GC(129) PSYoungGen: 90400K(98304K)->81920K(93184K) Eden: 23552K(23552K)->0K(11264K) From: 66848K(74752K)->81920K(81920K)
[7.728s][info][gc,heap        ] GC(129) ParOldGen: 1162457K(1290752K)->1170961K(1290752K)
[7.728s][info][gc,metaspace   ] GC(129) Metaspace: 6302K(6464K)->6302K(6464K) NonClass: 5769K(5824K)->5769K(5824K) Class: 533K(640K)->533K(640K)
[7.728s][info][gc             ] GC(129) Pause Young (Allocation Failure) 1223M->1223M(1351M) 48.192ms
[7.728s][info][gc,cpu         ] GC(129) User=0.16s Sys=0.11s Real=0.05s
[7.741s][info][gc,start       ] GC(130) Pause Young (Allocation Failure)
[7.789s][info][gc,heap        ] GC(130) PSYoungGen: 93184K(93184K)->73536K(108032K) Eden: 11264K(11264K)->0K(11264K) From: 81920K(81920K)->73536K(96768K)
[7.789s][info][gc,heap        ] GC(130) ParOldGen: 1170961K(1290752K)->1190937K(1290752K)
[7.789s][info][gc,metaspace   ] GC(130) Metaspace: 6302K(6464K)->6302K(6464K) NonClass: 5769K(5824K)->5769K(5824K) Class: 533K(640K)->533K(640K)
[7.789s][info][gc             ] GC(130) Pause Young (Allocation Failure) 1234M->1234M(1366M) 47.463ms
[7.789s][info][gc,cpu         ] GC(130) User=0.27s Sys=0.00s Real=0.05s
[7.803s][info][gc,start       ] GC(131) Pause Young (Allocation Failure)
[7.845s][info][gc,heap        ] GC(131) PSYoungGen: 84800K(108032K)->66752K(113664K) Eden: 11264K(11264K)->0K(11264K) From: 73536K(96768K)->66752K(102400K)
[7.845s][info][gc,heap        ] GC(131) ParOldGen: 1190937K(1290752K)->1209257K(1290752K)
[7.845s][info][gc,metaspace   ] GC(131) Metaspace: 6302K(6464K)->6302K(6464K) NonClass: 5769K(5824K)->5769K(5824K) Class: 533K(640K)->533K(640K)
[7.845s][info][gc             ] GC(131) Pause Young (Allocation Failure) 1245M->1246M(1371M) 42.347ms
[7.845s][info][gc,cpu         ] GC(131) User=0.27s Sys=0.00s Real=0.04s
[7.858s][info][gc,start       ] GC(132) Pause Young (Allocation Failure)
[7.899s][info][gc,heap        ] GC(132) PSYoungGen: 78016K(113664K)->33920K(45568K) Eden: 11264K(11264K)->0K(11264K) From: 66752K(102400K)->33920K(34304K)
[7.899s][info][gc,heap        ] GC(132) ParOldGen: 1209257K(1290752K)->1253905K(1290752K)
[7.899s][info][gc,metaspace   ] GC(132) Metaspace: 6302K(6464K)->6302K(6464K) NonClass: 5769K(5824K)->5769K(5824K) Class: 533K(640K)->533K(640K)
[7.900s][info][gc             ] GC(132) Pause Young (Allocation Failure) 1257M->1257M(1305M) 41.076ms
[7.900s][info][gc,cpu         ] GC(132) User=0.17s Sys=0.08s Real=0.04s
[7.900s][info][gc,start       ] GC(133) Pause Full (Ergonomics)
[7.900s][info][gc,phases,start] GC(133) Marking Phase
[8.177s][info][gc,phases      ] GC(133) Marking Phase 277.674ms
[8.177s][info][gc,phases,start] GC(133) Summary Phase
[8.177s][info][gc,phases      ] GC(133) Summary Phase 0.044ms
[8.177s][info][gc,phases,start] GC(133) Adjust Roots
[8.178s][info][gc,phases      ] GC(133) Adjust Roots 0.166ms
[8.178s][info][gc,phases,start] GC(133) Compaction Phase
[8.281s][info][gc,phases      ] GC(133) Compaction Phase 103.708ms
[8.281s][info][gc,phases,start] GC(133) Post Compact
[8.283s][info][gc,phases      ] GC(133) Post Compact 2.112ms
[8.284s][info][gc,heap        ] GC(133) PSYoungGen: 33920K(45568K)->0K(114688K) Eden: 0K(11264K)->0K(13312K) From: 33920K(34304K)->0K(101376K)
[8.284s][info][gc,heap        ] GC(133) ParOldGen: 1253905K(1290752K)->1286201K(1426944K)
[8.284s][info][gc,metaspace   ] GC(133) Metaspace: 6302K(6464K)->6302K(6464K) NonClass: 5769K(5824K)->5769K(5824K) Class: 533K(640K)->533K(640K)
[8.284s][info][gc             ] GC(133) Pause Full (Ergonomics) 1257M->1256M(1505M) 384.482ms
[8.284s][info][gc,cpu         ] GC(133) User=2.86s Sys=0.00s Real=0.38s
[8.302s][info][gc,start       ] GC(134) Pause Young (Allocation Failure)
[8.316s][info][gc,heap        ] GC(134) PSYoungGen: 13312K(114688K)->13440K(114688K) Eden: 13312K(13312K)->0K(13312K) From: 0K(101376K)->13440K(101376K)
[8.316s][info][gc,heap        ] GC(134) ParOldGen: 1286201K(1426944K)->1286201K(1426944K)
[8.316s][info][gc,metaspace   ] GC(134) Metaspace: 6302K(6464K)->6302K(6464K) NonClass: 5769K(5824K)->5769K(5824K) Class: 533K(640K)->533K(640K)
[8.316s][info][gc             ] GC(134) Pause Young (Allocation Failure) 1269M->1269M(1505M) 13.985ms
[8.316s][info][gc,cpu         ] GC(134) User=0.02s Sys=0.00s Real=0.01s
[8.328s][info][gc,start       ] GC(135) Pause Young (Allocation Failure)
[8.344s][info][gc,heap        ] GC(135) PSYoungGen: 26752K(114688K)->21120K(113664K) Eden: 13312K(13312K)->0K(15360K) From: 13440K(101376K)->21120K(98304K)
[8.344s][info][gc,heap        ] GC(135) ParOldGen: 1286201K(1426944K)->1286201K(1426944K)
[8.344s][info][gc,metaspace   ] GC(135) Metaspace: 6302K(6464K)->6302K(6464K) NonClass: 5769K(5824K)->5769K(5824K) Class: 533K(640K)->533K(640K)
[8.344s][info][gc             ] GC(135) Pause Young (Allocation Failure) 1282M->1276M(1504M) 15.910ms
[8.344s][info][gc,cpu         ] GC(135) User=0.02s Sys=0.00s Real=0.02s
[8.356s][info][gc,start       ] GC(136) Pause Young (Allocation Failure)
[8.374s][info][gc,heap        ] GC(136) PSYoungGen: 36480K(113664K)->15808K(115200K) Eden: 15360K(15360K)->0K(15360K) From: 21120K(98304K)->15808K(99840K)
[8.374s][info][gc,heap        ] GC(136) ParOldGen: 1286201K(1426944K)->1299689K(1426944K)
[8.374s][info][gc,metaspace   ] GC(136) Metaspace: 6302K(6464K)->6302K(6464K) NonClass: 5769K(5824K)->5769K(5824K) Class: 533K(640K)->533K(640K)
[8.374s][info][gc             ] GC(136) Pause Young (Allocation Failure) 1291M->1284M(1506M) 18.256ms
[8.374s][info][gc,cpu         ] GC(136) User=0.05s Sys=0.00s Real=0.02s
[8.389s][info][gc,start       ] GC(137) Pause Young (Allocation Failure)
[8.407s][info][gc,heap        ] GC(137) PSYoungGen: 31168K(115200K)->18112K(111104K) Eden: 15360K(15360K)->0K(17408K) From: 15808K(99840K)->18112K(93696K)
[8.407s][info][gc,heap        ] GC(137) ParOldGen: 1299689K(1426944K)->1307521K(1426944K)
[8.407s][info][gc,metaspace   ] GC(137) Metaspace: 6302K(6464K)->6302K(6464K) NonClass: 5769K(5824K)->5769K(5824K) Class: 533K(640K)->533K(640K)
[8.407s][info][gc             ] GC(137) Pause Young (Allocation Failure) 1299M->1294M(1502M) 18.298ms
[8.407s][info][gc,cpu         ] GC(137) User=0.02s Sys=0.00s Real=0.02s
[8.430s][info][gc,start       ] GC(138) Pause Young (Allocation Failure)
[8.451s][info][gc,heap        ] GC(138) PSYoungGen: 35520K(111104K)->27552K(45056K) Eden: 17408K(17408K)->0K(17408K) From: 18112K(93696K)->27552K(27648K)
[8.451s][info][gc,heap        ] GC(138) ParOldGen: 1307521K(1426944K)->1315609K(1426944K)
[8.451s][info][gc,metaspace   ] GC(138) Metaspace: 6302K(6464K)->6302K(6464K) NonClass: 5769K(5824K)->5769K(5824K) Class: 533K(640K)->533K(640K)
[8.451s][info][gc             ] GC(138) Pause Young (Allocation Failure) 1311M->1311M(1437M) 21.779ms
[8.451s][info][gc,cpu         ] GC(138) User=0.14s Sys=0.00s Real=0.02s
[8.472s][info][gc,start       ] GC(139) Pause Young (Allocation Failure)
[8.498s][info][gc,heap        ] GC(139) PSYoungGen: 44960K(45056K)->34976K(100352K) Eden: 17408K(17408K)->0K(19456K) From: 27552K(27648K)->34976K(80896K)
[8.498s][info][gc,heap        ] GC(139) ParOldGen: 1315609K(1426944K)->1325793K(1426944K)
[8.498s][info][gc,metaspace   ] GC(139) Metaspace: 6302K(6464K)->6302K(6464K) NonClass: 5769K(5824K)->5769K(5824K) Class: 533K(640K)->533K(640K)
[8.498s][info][gc             ] GC(139) Pause Young (Allocation Failure) 1328M->1328M(1491M) 25.657ms
[8.498s][info][gc,cpu         ] GC(139) User=0.11s Sys=0.03s Real=0.03s
[8.522s][info][gc,start       ] GC(140) Pause Young (Allocation Failure)
[8.552s][info][gc,heap        ] GC(140) PSYoungGen: 54432K(100352K)->36960K(56832K) Eden: 19456K(19456K)->0K(19456K) From: 34976K(80896K)->36960K(37376K)
[8.552s][info][gc,heap        ] GC(140) ParOldGen: 1325793K(1426944K)->1343449K(1426944K)
[8.552s][info][gc,metaspace   ] GC(140) Metaspace: 6302K(6464K)->6302K(6464K) NonClass: 5769K(5824K)->5769K(5824K) Class: 533K(640K)->533K(640K)
[8.552s][info][gc             ] GC(140) Pause Young (Allocation Failure) 1347M->1348M(1449M) 30.171ms
[8.552s][info][gc,cpu         ] GC(140) User=0.11s Sys=0.03s Real=0.03s
[8.578s][info][gc,start       ] GC(141) Pause Young (Allocation Failure)
[8.610s][info][gc,heap        ] GC(141) PSYoungGen: 56416K(56832K)->39072K(96768K) Eden: 19456K(19456K)->0K(22016K) From: 36960K(37376K)->39072K(74752K)
[8.610s][info][gc,heap        ] GC(141) ParOldGen: 1343449K(1426944K)->1361097K(1426944K)
[8.610s][info][gc,metaspace   ] GC(141) Metaspace: 6302K(6464K)->6302K(6464K) NonClass: 5769K(5824K)->5769K(5824K) Class: 533K(640K)->533K(640K)
[8.610s][info][gc             ] GC(141) Pause Young (Allocation Failure) 1367M->1367M(1488M) 32.606ms
[8.610s][info][gc,cpu         ] GC(141) User=0.14s Sys=0.00s Real=0.03s
[8.876s][info][gc,start       ] GC(142) Pause Full (Ergonomics)
[8.876s][info][gc,phases,start] GC(142) Marking Phase
[9.200s][info][gc,phases      ] GC(142) Marking Phase 324.284ms
[9.200s][info][gc,phases,start] GC(142) Summary Phase
[9.200s][info][gc,phases      ] GC(142) Summary Phase 0.030ms
[9.200s][info][gc,phases,start] GC(142) Adjust Roots
[9.200s][info][gc,phases      ] GC(142) Adjust Roots 0.248ms
[9.200s][info][gc,phases,start] GC(142) Compaction Phase
[9.542s][info][gc,phases      ] GC(142) Compaction Phase 341.218ms
[9.542s][info][gc,phases,start] GC(142) Post Compact
[9.545s][info][gc,phases      ] GC(142) Post Compact 2.984ms
[9.545s][info][gc,heap        ] GC(142) PSYoungGen: 61088K(96768K)->26578K(99328K) Eden: 22016K(22016K)->0K(24576K) From: 39072K(74752K)->26578K(74752K)
[9.545s][info][gc,heap        ] GC(142) ParOldGen: 1426633K(1426944K)->1426882K(1564160K)
[9.545s][info][gc,metaspace   ] GC(142) Metaspace: 6302K(6464K)->6302K(6464K) NonClass: 5769K(5824K)->5769K(5824K) Class: 533K(640K)->533K(640K)
[9.545s][info][gc             ] GC(142) Pause Full (Ergonomics) 1452M->1419M(1624M) 669.650ms
[9.545s][info][gc,cpu         ] GC(142) User=4.67s Sys=0.02s Real=0.67s
[9.574s][info][gc,start       ] GC(143) Pause Young (Allocation Failure)
[9.656s][info][gc,heap        ] GC(143) PSYoungGen: 51154K(99328K)->37600K(62464K) Eden: 24576K(24576K)->0K(24576K) From: 26578K(74752K)->37600K(37888K)
[9.656s][info][gc,heap        ] GC(143) ParOldGen: 1426882K(1564160K)->1440770K(1564160K)
[9.656s][info][gc,metaspace   ] GC(143) Metaspace: 6302K(6464K)->6302K(6464K) NonClass: 5769K(5824K)->5769K(5824K) Class: 533K(640K)->533K(640K)
[9.656s][info][gc             ] GC(143) Pause Young (Allocation Failure) 1443M->1443M(1588M) 82.210ms
[9.656s][info][gc,cpu         ] GC(143) User=0.42s Sys=0.00s Real=0.08s
[9.680s][info][gc,start       ] GC(144) Pause Young (Allocation Failure)
[9.714s][info][gc,heap        ] GC(144) PSYoungGen: 62176K(62464K)->62272K(96256K) Eden: 24576K(24576K)->0K(21504K) From: 37600K(37888K)->62272K(74752K)
[9.714s][info][gc,heap        ] GC(144) ParOldGen: 1440770K(1564160K)->1440770K(1564160K)
[9.714s][info][gc,metaspace   ] GC(144) Metaspace: 6302K(6464K)->6302K(6464K) NonClass: 5769K(5824K)->5769K(5824K) Class: 533K(640K)->533K(640K)
[9.714s][info][gc             ] GC(144) Pause Young (Allocation Failure) 1467M->1467M(1621M) 33.852ms
[9.714s][info][gc,cpu         ] GC(144) User=0.09s Sys=0.00s Real=0.03s
[9.734s][info][gc,start       ] GC(145) Pause Young (Allocation Failure)
[9.775s][info][gc,heap        ] GC(145) PSYoungGen: 83776K(96256K)->80384K(101888K) Eden: 21504K(21504K)->0K(21504K) From: 62272K(74752K)->80384K(80384K)
[9.775s][info][gc,heap        ] GC(145) ParOldGen: 1440770K(1564160K)->1444106K(1564160K)
[9.775s][info][gc,metaspace   ] GC(145) Metaspace: 6302K(6464K)->6302K(6464K) NonClass: 5769K(5824K)->5769K(5824K) Class: 533K(640K)->533K(640K)
[9.775s][info][gc             ] GC(145) Pause Young (Allocation Failure) 1488M->1488M(1627M) 41.314ms
[9.775s][info][gc,cpu         ] GC(145) User=0.25s Sys=0.00s Real=0.04s
[9.796s][info][gc,start       ] GC(146) Pause Young (Allocation Failure)
[9.845s][info][gc,heap        ] GC(146) PSYoungGen: 101888K(101888K)->66080K(113152K) Eden: 21504K(21504K)->0K(20480K) From: 80384K(80384K)->66080K(92672K)
[9.845s][info][gc,heap        ] GC(146) ParOldGen: 1444106K(1564160K)->1480458K(1564160K)
[9.845s][info][gc,metaspace   ] GC(146) Metaspace: 6302K(6464K)->6302K(6464K) NonClass: 5769K(5824K)->5769K(5824K) Class: 533K(640K)->533K(640K)
[9.845s][info][gc             ] GC(146) Pause Young (Allocation Failure) 1509M->1510M(1638M) 49.485ms
[9.845s][info][gc,cpu         ] GC(146) User=0.34s Sys=0.03s Real=0.05s
[9.866s][info][gc,start       ] GC(147) Pause Young (Allocation Failure)
[9.909s][info][gc,heap        ] GC(147) PSYoungGen: 86560K(113152K)->62112K(116736K) Eden: 20480K(20480K)->0K(20480K) From: 66080K(92672K)->62112K(96256K)
[9.909s][info][gc,heap        ] GC(147) ParOldGen: 1480458K(1564160K)->1505242K(1564160K)
[9.909s][info][gc,metaspace   ] GC(147) Metaspace: 6302K(6464K)->6302K(6464K) NonClass: 5769K(5824K)->5769K(5824K) Class: 533K(640K)->533K(640K)
[9.909s][info][gc             ] GC(147) Pause Young (Allocation Failure) 1530M->1530M(1641M) 42.883ms
[9.909s][info][gc,cpu         ] GC(147) User=0.25s Sys=0.02s Real=0.04s
[9.930s][info][gc,start       ] GC(148) Pause Young (Allocation Failure)
[9.973s][info][gc,heap        ] GC(148) PSYoungGen: 82592K(116736K)->41120K(112128K) Eden: 20480K(20480K)->0K(23040K) From: 62112K(96256K)->41120K(89088K)
[9.973s][info][gc,heap        ] GC(148) ParOldGen: 1505242K(1564160K)->1547218K(1564160K)
[9.973s][info][gc,metaspace   ] GC(148) Metaspace: 6302K(6464K)->6302K(6464K) NonClass: 5769K(5824K)->5769K(5824K) Class: 533K(640K)->533K(640K)
[9.973s][info][gc             ] GC(148) Pause Young (Allocation Failure) 1550M->1551M(1637M) 42.911ms
[9.973s][info][gc,cpu         ] GC(148) User=0.22s Sys=0.05s Real=0.04s
[9.973s][info][gc,start       ] GC(149) Pause Full (Ergonomics)
[9.973s][info][gc,phases,start] GC(149) Marking Phase
[10.324s][info][gc,phases      ] GC(149) Marking Phase 350.656ms
[10.324s][info][gc,phases,start] GC(149) Summary Phase
[10.324s][info][gc,phases      ] GC(149) Summary Phase 0.032ms
[10.324s][info][gc,phases,start] GC(149) Adjust Roots
[10.324s][info][gc,phases      ] GC(149) Adjust Roots 0.190ms
[10.324s][info][gc,phases,start] GC(149) Compaction Phase
[10.491s][info][gc,phases      ] GC(149) Compaction Phase 166.528ms
[10.491s][info][gc,phases,start] GC(149) Post Compact
[10.494s][info][gc,phases      ] GC(149) Post Compact 3.017ms
[10.494s][info][gc,heap        ] GC(149) PSYoungGen: 41120K(112128K)->22505K(115200K) Eden: 0K(23040K)->0K(26112K) From: 41120K(89088K)->22505K(89088K)
[10.495s][info][gc,heap        ] GC(149) ParOldGen: 1547218K(1564160K)->1563893K(1725440K)
[10.495s][info][gc,metaspace   ] GC(149) Metaspace: 6302K(6464K)->6302K(6464K) NonClass: 5769K(5824K)->5769K(5824K) Class: 533K(640K)->533K(640K)
[10.495s][info][gc             ] GC(149) Pause Full (Ergonomics) 1551M->1549M(1797M) 521.455ms
[10.495s][info][gc,cpu         ] GC(149) User=3.56s Sys=0.00s Real=0.52s
[10.522s][info][gc,start       ] GC(150) Pause Young (Allocation Failure)
[10.608s][info][gc,heap        ] GC(150) PSYoungGen: 48617K(115200K)->26304K(119296K) Eden: 26112K(26112K)->0K(26112K) From: 22505K(89088K)->26304K(93184K)
[10.608s][info][gc,heap        ] GC(150) ParOldGen: 1563893K(1725440K)->1586701K(1725440K)
[10.608s][info][gc,metaspace   ] GC(150) Metaspace: 6302K(6464K)->6302K(6464K) NonClass: 5769K(5824K)->5769K(5824K) Class: 533K(640K)->533K(640K)
[10.608s][info][gc             ] GC(150) Pause Young (Allocation Failure) 1574M->1575M(1801M) 85.646ms
[10.608s][info][gc,cpu         ] GC(150) User=0.64s Sys=0.00s Real=0.09s
[10.633s][info][gc,start       ] GC(151) Pause Young (Allocation Failure)
[10.666s][info][gc,heap        ] GC(151) PSYoungGen: 52416K(119296K)->26240K(118272K) Eden: 26112K(26112K)->0K(29184K) From: 26304K(93184K)->26240K(89088K)
[10.666s][info][gc,heap        ] GC(151) ParOldGen: 1586701K(1725440K)->1613149K(1725440K)
[10.666s][info][gc,metaspace   ] GC(151) Metaspace: 6302K(6464K)->6302K(6464K) NonClass: 5769K(5824K)->5769K(5824K) Class: 533K(640K)->533K(640K)
[10.666s][info][gc             ] GC(151) Pause Young (Allocation Failure) 1600M->1600M(1800M) 32.624ms
[10.666s][info][gc,cpu         ] GC(151) User=0.14s Sys=0.02s Real=0.03s
[10.697s][info][gc,start       ] GC(152) Pause Young (Allocation Failure)
[10.730s][info][gc,heap        ] GC(152) PSYoungGen: 55424K(118272K)->29376K(119808K) Eden: 29184K(29184K)->0K(29184K) From: 26240K(89088K)->29376K(90624K)
[10.730s][info][gc,heap        ] GC(152) ParOldGen: 1613149K(1725440K)->1639613K(1725440K)
[10.730s][info][gc,metaspace   ] GC(152) Metaspace: 6302K(6464K)->6302K(6464K) NonClass: 5769K(5824K)->5769K(5824K) Class: 533K(640K)->533K(640K)
[10.730s][info][gc             ] GC(152) Pause Young (Allocation Failure) 1629M->1629M(1802M) 33.271ms
[10.730s][info][gc,cpu         ] GC(152) User=0.25s Sys=0.00s Real=0.03s
[10.762s][info][gc,start       ] GC(153) Pause Young (Allocation Failure)
[10.797s][info][gc,heap        ] GC(153) PSYoungGen: 58560K(119808K)->29344K(115712K) Eden: 29184K(29184K)->0K(32768K) From: 29376K(90624K)->29344K(82944K)
[10.797s][info][gc,heap        ] GC(153) ParOldGen: 1639613K(1725440K)->1669189K(1725440K)
[10.797s][info][gc,metaspace   ] GC(153) Metaspace: 6302K(6464K)->6302K(6464K) NonClass: 5769K(5824K)->5769K(5824K) Class: 533K(640K)->533K(640K)
[10.797s][info][gc             ] GC(153) Pause Young (Allocation Failure) 1658M->1658M(1798M) 35.061ms
[10.797s][info][gc,cpu         ] GC(153) User=0.12s Sys=0.03s Real=0.03s
[10.832s][info][gc,start       ] GC(154) Pause Young (Allocation Failure)
[10.868s][info][gc,heap        ] GC(154) PSYoungGen: 62112K(115712K)->32960K(118272K) Eden: 32768K(32768K)->0K(32768K) From: 29344K(82944K)->32960K(85504K)
[10.868s][info][gc,heap        ] GC(154) ParOldGen: 1669189K(1725440K)->1698773K(1725440K)
[10.868s][info][gc,metaspace   ] GC(154) Metaspace: 6302K(6464K)->6302K(6464K) NonClass: 5769K(5824K)->5769K(5824K) Class: 533K(640K)->533K(640K)
[10.868s][info][gc             ] GC(154) Pause Young (Allocation Failure) 1690M->1691M(1800M) 35.691ms
[10.868s][info][gc,cpu         ] GC(154) User=0.17s Sys=0.02s Real=0.03s
[10.868s][info][gc,start       ] GC(155) Pause Full (Ergonomics)
[10.868s][info][gc,phases,start] GC(155) Marking Phase
[11.243s][info][gc,phases      ] GC(155) Marking Phase 375.213ms
[11.243s][info][gc,phases,start] GC(155) Summary Phase
[11.243s][info][gc,phases      ] GC(155) Summary Phase 0.032ms
[11.243s][info][gc,phases,start] GC(155) Adjust Roots
[11.243s][info][gc,phases      ] GC(155) Adjust Roots 0.165ms
[11.243s][info][gc,phases,start] GC(155) Compaction Phase
[11.407s][info][gc,phases      ] GC(155) Compaction Phase 164.135ms
[11.408s][info][gc,phases,start] GC(155) Post Compact
[11.411s][info][gc,phases      ] GC(155) Post Compact 3.385ms
[11.412s][info][gc,heap        ] GC(155) PSYoungGen: 32960K(118272K)->4666K(118272K) Eden: 0K(32768K)->0K(32768K) From: 32960K(85504K)->4666K(85504K)
[11.412s][info][gc,heap        ] GC(155) ParOldGen: 1698773K(1725440K)->1724938K(1900032K)
[11.412s][info][gc,metaspace   ] GC(155) Metaspace: 6302K(6464K)->6302K(6464K) NonClass: 5769K(5824K)->5769K(5824K) Class: 533K(640K)->533K(640K)
[11.412s][info][gc             ] GC(155) Pause Full (Ergonomics) 1691M->1689M(1971M) 544.050ms
[11.412s][info][gc,cpu         ] GC(155) User=3.98s Sys=0.02s Real=0.55s
[11.448s][info][gc,start       ] GC(156) Pause Young (Allocation Failure)
[11.538s][info][gc,heap        ] GC(156) PSYoungGen: 37434K(118272K)->32960K(111616K) Eden: 32768K(32768K)->0K(35840K) From: 4666K(85504K)->32960K(75776K)
[11.538s][info][gc,heap        ] GC(156) ParOldGen: 1724938K(1900032K)->1729706K(1900032K)
[11.538s][info][gc,metaspace   ] GC(156) Metaspace: 6302K(6464K)->6302K(6464K) NonClass: 5769K(5824K)->5769K(5824K) Class: 533K(640K)->533K(640K)
[11.538s][info][gc             ] GC(156) Pause Young (Allocation Failure) 1721M->1721M(1964M) 89.835ms
[11.538s][info][gc,cpu         ] GC(156) User=0.53s Sys=0.03s Real=0.09s
[11.580s][info][gc,start       ] GC(157) Pause Young (Allocation Failure)
[11.620s][info][gc,heap        ] GC(157) PSYoungGen: 68800K(111616K)->68832K(115200K) Eden: 35840K(35840K)->0K(35840K) From: 32960K(75776K)->68832K(79360K)
[11.621s][info][gc,heap        ] GC(157) ParOldGen: 1729706K(1900032K)->1729706K(1900032K)
[11.621s][info][gc,metaspace   ] GC(157) Metaspace: 6302K(6464K)->6302K(6464K) NonClass: 5769K(5824K)->5769K(5824K) Class: 533K(640K)->533K(640K)
[11.621s][info][gc             ] GC(157) Pause Young (Allocation Failure) 1756M->1756M(1968M) 40.411ms
[11.621s][info][gc,cpu         ] GC(157) User=0.17s Sys=0.00s Real=0.04s
[11.659s][info][gc,start       ] GC(158) Pause Young (Allocation Failure)
[11.712s][info][gc,heap        ] GC(158) PSYoungGen: 104672K(115200K)->86528K(107520K) Eden: 35840K(35840K)->0K(20992K) From: 68832K(79360K)->86528K(86528K)
[11.712s][info][gc,heap        ] GC(158) ParOldGen: 1729706K(1900032K)->1747962K(1900032K)
[11.712s][info][gc,metaspace   ] GC(158) Metaspace: 6302K(6464K)->6302K(6464K) NonClass: 5769K(5824K)->5769K(5824K) Class: 533K(640K)->533K(640K)
[11.712s][info][gc             ] GC(158) Pause Young (Allocation Failure) 1791M->1791M(1960M) 53.437ms
[11.712s][info][gc,cpu         ] GC(158) User=0.38s Sys=0.00s Real=0.05s
[11.734s][info][gc,start       ] GC(159) Pause Young (Allocation Failure)
[11.788s][info][gc,heap        ] GC(159) PSYoungGen: 107520K(107520K)->51584K(72704K) Eden: 20992K(20992K)->0K(20992K) From: 86528K(86528K)->51584K(51712K)
[11.788s][info][gc,heap        ] GC(159) ParOldGen: 1747962K(1900032K)->1804746K(1900032K)
[11.788s][info][gc,metaspace   ] GC(159) Metaspace: 6302K(6464K)->6302K(6464K) NonClass: 5769K(5824K)->5769K(5824K) Class: 533K(640K)->533K(640K)
[11.788s][info][gc             ] GC(159) Pause Young (Allocation Failure) 1811M->1812M(1926M) 54.076ms
[11.788s][info][gc,cpu         ] GC(159) User=0.38s Sys=0.00s Real=0.05s
[11.812s][info][gc,start       ] GC(160) Pause Young (Allocation Failure)
[11.851s][info][gc,heap        ] GC(160) PSYoungGen: 72576K(72704K)->42112K(116224K) Eden: 20992K(20992K)->0K(23552K) From: 51584K(51712K)->42112K(92672K)
[11.852s][info][gc,heap        ] GC(160) ParOldGen: 1804746K(1900032K)->1835570K(1900032K)
[11.852s][info][gc,metaspace   ] GC(160) Metaspace: 6302K(6464K)->6302K(6464K) NonClass: 5769K(5824K)->5769K(5824K) Class: 533K(640K)->533K(640K)
[11.852s][info][gc             ] GC(160) Pause Young (Allocation Failure) 1833M->1833M(1969M) 40.077ms
[11.852s][info][gc,cpu         ] GC(160) User=0.23s Sys=0.02s Real=0.04s
[11.878s][info][gc,start       ] GC(161) Pause Young (Allocation Failure)
[11.917s][info][gc,heap        ] GC(161) PSYoungGen: 65664K(116224K)->44736K(68608K) Eden: 23552K(23552K)->0K(23552K) From: 42112K(92672K)->44736K(45056K)
[11.917s][info][gc,heap        ] GC(161) ParOldGen: 1835570K(1900032K)->1856858K(1900032K)
[11.917s][info][gc,metaspace   ] GC(161) Metaspace: 6302K(6464K)->6302K(6464K) NonClass: 5769K(5824K)->5769K(5824K) Class: 533K(640K)->533K(640K)
[11.917s][info][gc             ] GC(161) Pause Young (Allocation Failure) 1856M->1857M(1922M) 38.392ms
[11.917s][info][gc,cpu         ] GC(161) User=0.14s Sys=0.02s Real=0.04s
[11.917s][info][gc,start       ] GC(162) Pause Full (Ergonomics)
[11.917s][info][gc,phases,start] GC(162) Marking Phase
[12.328s][info][gc,phases      ] GC(162) Marking Phase 410.618ms
[12.328s][info][gc,phases,start] GC(162) Summary Phase
[12.328s][info][gc,phases      ] GC(162) Summary Phase 0.045ms
[12.328s][info][gc,phases,start] GC(162) Adjust Roots
[12.328s][info][gc,phases      ] GC(162) Adjust Roots 0.219ms
[12.328s][info][gc,phases,start] GC(162) Compaction Phase
[12.510s][info][gc,phases      ] GC(162) Compaction Phase 182.504ms
[12.510s][info][gc,phases,start] GC(162) Post Compact
[12.514s][info][gc,phases      ] GC(162) Post Compact 3.659ms
[12.515s][info][gc,heap        ] GC(162) PSYoungGen: 44736K(68608K)->0K(118784K) Eden: 0K(23552K)->0K(26624K) From: 44736K(45056K)->0K(92160K)
[12.515s][info][gc,heap        ] GC(162) ParOldGen: 1856858K(1900032K)->1899408K(2092544K)
[12.515s][info][gc,metaspace   ] GC(162) Metaspace: 6302K(6464K)->6302K(6464K) NonClass: 5769K(5824K)->5769K(5824K) Class: 533K(640K)->533K(640K)
[12.515s][info][gc             ] GC(162) Pause Full (Ergonomics) 1857M->1854M(2159M) 598.352ms
[12.515s][info][gc,cpu         ] GC(162) User=4.12s Sys=0.03s Real=0.60s
[12.545s][info][gc,start       ] GC(163) Pause Young (Allocation Failure)
[12.569s][info][gc,heap        ] GC(163) PSYoungGen: 26624K(118784K)->26816K(118784K) Eden: 26624K(26624K)->0K(26624K) From: 0K(92160K)->26816K(92160K)
[12.569s][info][gc,heap        ] GC(163) ParOldGen: 1899408K(2092544K)->1899408K(2092544K)
[12.569s][info][gc,metaspace   ] GC(163) Metaspace: 6302K(6464K)->6302K(6464K) NonClass: 5769K(5824K)->5769K(5824K) Class: 533K(640K)->533K(640K)
[12.569s][info][gc             ] GC(163) Pause Young (Allocation Failure) 1880M->1881M(2159M) 23.177ms
[12.569s][info][gc,cpu         ] GC(163) User=0.02s Sys=0.00s Real=0.02s
[12.598s][info][gc,start       ] GC(164) Pause Young (Allocation Failure)
[12.630s][info][gc,heap        ] GC(164) PSYoungGen: 53440K(118784K)->53440K(117760K) Eden: 26624K(26624K)->0K(29696K) From: 26816K(92160K)->53440K(88064K)
[12.630s][info][gc,heap        ] GC(164) ParOldGen: 1899408K(2092544K)->1899408K(2092544K)
[12.630s][info][gc,metaspace   ] GC(164) Metaspace: 6302K(6464K)->6302K(6464K) NonClass: 5769K(5824K)->5769K(5824K) Class: 533K(640K)->533K(640K)
[12.630s][info][gc             ] GC(164) Pause Young (Allocation Failure) 1907M->1907M(2158M) 32.864ms
[12.631s][info][gc,cpu         ] GC(164) User=0.16s Sys=0.00s Real=0.03s
[12.665s][info][gc,start       ] GC(165) Pause Young (Allocation Failure)
[12.708s][info][gc,heap        ] GC(165) PSYoungGen: 83136K(117760K)->83168K(119296K) Eden: 29696K(29696K)->0K(29696K) From: 53440K(88064K)->83168K(89600K)
[12.708s][info][gc,heap        ] GC(165) ParOldGen: 1899408K(2092544K)->1899408K(2092544K)
[12.708s][info][gc,metaspace   ] GC(165) Metaspace: 6302K(6464K)->6302K(6464K) NonClass: 5769K(5824K)->5769K(5824K) Class: 533K(640K)->533K(640K)
[12.708s][info][gc             ] GC(165) Pause Young (Allocation Failure) 1936M->1936M(2160M) 43.359ms
[12.708s][info][gc,cpu         ] GC(165) User=0.36s Sys=0.00s Real=0.04s
[12.746s][info][gc,start       ] GC(166) Pause Young (Allocation Failure)
[12.803s][info][gc,heap        ] GC(166) PSYoungGen: 112864K(119296K)->99328K(113664K) Eden: 29696K(29696K)->0K(14336K) From: 83168K(89600K)->99328K(99328K)
[12.803s][info][gc,heap        ] GC(166) ParOldGen: 1899408K(2092544K)->1912992K(2092544K)
[12.803s][info][gc,metaspace   ] GC(166) Metaspace: 6302K(6464K)->6302K(6464K) NonClass: 5769K(5824K)->5769K(5824K) Class: 533K(640K)->533K(640K)
[12.803s][info][gc             ] GC(166) Pause Young (Allocation Failure) 1965M->1965M(2154M) 56.953ms
[12.803s][info][gc,cpu         ] GC(166) User=0.34s Sys=0.03s Real=0.06s
[12.820s][info][gc,start       ] GC(167) Pause Young (Allocation Failure)
[12.874s][info][gc,heap        ] GC(167) PSYoungGen: 113664K(113664K)->89632K(132096K) Eden: 14336K(14336K)->0K(14336K) From: 99328K(99328K)->89632K(117760K)
[12.874s][info][gc,heap        ] GC(167) ParOldGen: 1912992K(2092544K)->1937448K(2092544K)
[12.874s][info][gc,metaspace   ] GC(167) Metaspace: 6302K(6464K)->6302K(6464K) NonClass: 5769K(5824K)->5769K(5824K) Class: 533K(640K)->533K(640K)
[12.874s][info][gc             ] GC(167) Pause Young (Allocation Failure) 1979M->1979M(2172M) 53.755ms
[12.874s][info][gc,cpu         ] GC(167) User=0.31s Sys=0.03s Real=0.05s
[12.891s][info][gc,start       ] GC(168) Pause Young (Allocation Failure)
[12.941s][info][gc,heap        ] GC(168) PSYoungGen: 103968K(132096K)->82080K(138752K) Eden: 14336K(14336K)->0K(14848K) From: 89632K(117760K)->82080K(123904K)
[12.941s][info][gc,heap        ] GC(168) ParOldGen: 1937448K(2092544K)->1959608K(2092544K)
[12.941s][info][gc,metaspace   ] GC(168) Metaspace: 6302K(6464K)->6302K(6464K) NonClass: 5769K(5824K)->5769K(5824K) Class: 533K(640K)->533K(640K)
[12.941s][info][gc             ] GC(168) Pause Young (Allocation Failure) 1993M->1993M(2179M) 50.341ms
[12.941s][info][gc,cpu         ] GC(168) User=0.38s Sys=0.00s Real=0.05s
[12.956s][info][gc,start       ] GC(169) Pause Young (Allocation Failure)
[13.006s][info][gc,heap        ] GC(169) PSYoungGen: 96928K(138752K)->43648K(58880K) Eden: 14848K(14848K)->0K(14848K) From: 82080K(123904K)->43648K(44032K)
[13.006s][info][gc,heap        ] GC(169) ParOldGen: 1959608K(2092544K)->2013576K(2092544K)
[13.006s][info][gc,metaspace   ] GC(169) Metaspace: 6302K(6464K)->6302K(6464K) NonClass: 5769K(5824K)->5769K(5824K) Class: 533K(640K)->533K(640K)
[13.006s][info][gc             ] GC(169) Pause Young (Allocation Failure) 2008M->2009M(2101M) 49.748ms
[13.006s][info][gc,cpu         ] GC(169) User=0.22s Sys=0.06s Real=0.05s
[13.022s][info][gc,start       ] GC(170) Pause Young (Allocation Failure)
[13.056s][info][gc,heap        ] GC(170) PSYoungGen: 58496K(58880K)->29856K(137216K) Eden: 14848K(14848K)->0K(16896K) From: 43648K(44032K)->29856K(120320K)
[13.056s][info][gc,heap        ] GC(170) ParOldGen: 2013576K(2092544K)->2042624K(2092544K)
[13.056s][info][gc,metaspace   ] GC(170) Metaspace: 6302K(6464K)->6302K(6464K) NonClass: 5769K(5824K)->5769K(5824K) Class: 533K(640K)->533K(640K)
[13.056s][info][gc             ] GC(170) Pause Young (Allocation Failure) 2023M->2023M(2177M) 34.227ms
[13.056s][info][gc,cpu         ] GC(170) User=0.14s Sys=0.02s Real=0.03s
[13.056s][info][gc,start       ] GC(171) Pause Full (Ergonomics)
[13.056s][info][gc,phases,start] GC(171) Marking Phase
[13.534s][info][gc,phases      ] GC(171) Marking Phase 477.742ms
[13.534s][info][gc,phases,start] GC(171) Summary Phase
[13.534s][info][gc,phases      ] GC(171) Summary Phase 0.071ms
[13.534s][info][gc,phases,start] GC(171) Adjust Roots
[13.534s][info][gc,phases      ] GC(171) Adjust Roots 0.166ms
[13.534s][info][gc,phases,start] GC(171) Compaction Phase
[13.711s][info][gc,phases      ] GC(171) Compaction Phase 177.035ms
[13.711s][info][gc,phases,start] GC(171) Post Compact
[13.715s][info][gc,phases      ] GC(171) Post Compact 3.731ms
[13.716s][info][gc,heap        ] GC(171) PSYoungGen: 29856K(137216K)->0K(138240K) Eden: 0K(16896K)->0K(16896K) From: 29856K(120320K)->0K(121344K)
[13.716s][info][gc,heap        ] GC(171) ParOldGen: 2042624K(2092544K)->2070166K(2279936K)
[13.716s][info][gc,metaspace   ] GC(171) Metaspace: 6302K(6464K)->6302K(6464K) NonClass: 5769K(5824K)->5769K(5824K) Class: 533K(640K)->533K(640K)
[13.716s][info][gc             ] GC(171) Pause Full (Ergonomics) 2023M->2021M(2361M) 659.771ms
[13.716s][info][gc,cpu         ] GC(171) User=4.86s Sys=0.03s Real=0.66s
[13.737s][info][gc,start       ] GC(172) Pause Young (Allocation Failure)
[13.758s][info][gc,heap        ] GC(172) PSYoungGen: 16896K(138240K)->16992K(140288K) Eden: 16896K(16896K)->0K(18944K) From: 0K(121344K)->16992K(121344K)
[13.758s][info][gc,heap        ] GC(172) ParOldGen: 2070166K(2279936K)->2070166K(2279936K)
[13.758s][info][gc,metaspace   ] GC(172) Metaspace: 6302K(6464K)->6302K(6464K) NonClass: 5769K(5824K)->5769K(5824K) Class: 533K(640K)->533K(640K)
[13.758s][info][gc             ] GC(172) Pause Young (Allocation Failure) 2038M->2038M(2363M) 21.283ms
[13.758s][info][gc,cpu         ] GC(172) User=0.02s Sys=0.00s Real=0.02s
[13.779s][info][gc,start       ] GC(173) Pause Young (Allocation Failure)
[13.806s][info][gc,heap        ] GC(173) PSYoungGen: 35936K(140288K)->19072K(140800K) Eden: 18944K(18944K)->0K(18944K) From: 16992K(121344K)->19072K(121856K)
[13.806s][info][gc,heap        ] GC(173) ParOldGen: 2070166K(2279936K)->2087302K(2279936K)
[13.806s][info][gc,metaspace   ] GC(173) Metaspace: 6302K(6464K)->6302K(6464K) NonClass: 5769K(5824K)->5769K(5824K) Class: 533K(640K)->533K(640K)
[13.806s][info][gc             ] GC(173) Pause Young (Allocation Failure) 2056M->2057M(2364M) 27.707ms
[13.806s][info][gc,cpu         ] GC(173) User=0.03s Sys=0.00s Real=0.03s
[13.828s][info][gc,start       ] GC(174) Pause Young (Allocation Failure)
[13.855s][info][gc,heap        ] GC(174) PSYoungGen: 38016K(140800K)->19072K(138240K) Eden: 18944K(18944K)->0K(21504K) From: 19072K(121856K)->19072K(116736K)
[13.855s][info][gc,heap        ] GC(174) ParOldGen: 2087302K(2279936K)->2106494K(2279936K)
[13.855s][info][gc,metaspace   ] GC(174) Metaspace: 6302K(6464K)->6302K(6464K) NonClass: 5769K(5824K)->5769K(5824K) Class: 533K(640K)->533K(640K)
[13.855s][info][gc             ] GC(174) Pause Young (Allocation Failure) 2075M->2075M(2361M) 27.193ms
[13.855s][info][gc,cpu         ] GC(174) User=0.03s Sys=0.00s Real=0.03s
[13.877s][info][gc,start       ] GC(175) Pause Young (Allocation Failure)
[13.907s][info][gc,heap        ] GC(175) PSYoungGen: 40576K(138240K)->21632K(43520K) Eden: 21504K(21504K)->0K(21504K) From: 19072K(116736K)->21632K(22016K)
[13.907s][info][gc,heap        ] GC(175) ParOldGen: 2106494K(2279936K)->2125694K(2279936K)
[13.907s][info][gc,metaspace   ] GC(175) Metaspace: 6302K(6464K)->6302K(6464K) NonClass: 5769K(5824K)->5769K(5824K) Class: 533K(640K)->533K(640K)
[13.907s][info][gc             ] GC(175) Pause Young (Allocation Failure) 2096M->2096M(2269M) 30.338ms
[13.907s][info][gc,cpu         ] GC(175) User=0.06s Sys=0.00s Real=0.03s
[13.930s][info][gc,start       ] GC(176) Pause Young (Allocation Failure)
[13.959s][info][gc,heap        ] GC(176) PSYoungGen: 43136K(43520K)->21696K(133632K) Eden: 21504K(21504K)->0K(24064K) From: 21632K(22016K)->21696K(109568K)
[13.959s][info][gc,heap        ] GC(176) ParOldGen: 2125694K(2279936K)->2147494K(2279936K)
[13.959s][info][gc,metaspace   ] GC(176) Metaspace: 6302K(6464K)->6302K(6464K) NonClass: 5769K(5824K)->5769K(5824K) Class: 533K(640K)->533K(640K)
[13.959s][info][gc             ] GC(176) Pause Young (Allocation Failure) 2117M->2118M(2357M) 29.489ms
[13.959s][info][gc,cpu         ] GC(176) User=0.14s Sys=0.00s Real=0.03s
[13.987s][info][gc,start       ] GC(177) Pause Young (Allocation Failure)
[14.017s][info][gc,heap        ] GC(177) PSYoungGen: 45760K(133632K)->24224K(48640K) Eden: 24064K(24064K)->0K(24064K) From: 21696K(109568K)->24224K(24576K)
[14.017s][info][gc,heap        ] GC(177) ParOldGen: 2147494K(2279936K)->2169310K(2279936K)
[14.017s][info][gc,metaspace   ] GC(177) Metaspace: 6302K(6464K)->6302K(6464K) NonClass: 5769K(5824K)->5769K(5824K) Class: 533K(640K)->533K(640K)
[14.017s][info][gc             ] GC(177) Pause Young (Allocation Failure) 2141M->2142M(2274M) 29.816ms
[14.017s][info][gc,cpu         ] GC(177) User=0.12s Sys=0.02s Real=0.03s
[14.047s][info][gc,start       ] GC(178) Pause Young (Allocation Failure)
[14.078s][info][gc,heap        ] GC(178) PSYoungGen: 48288K(48640K)->24192K(127488K) Eden: 24064K(24064K)->0K(27136K) From: 24224K(24576K)->24192K(100352K)
[14.078s][info][gc,heap        ] GC(178) ParOldGen: 2169310K(2279936K)->2193710K(2279936K)
[14.078s][info][gc,metaspace   ] GC(178) Metaspace: 6302K(6464K)->6302K(6464K) NonClass: 5769K(5824K)->5769K(5824K) Class: 533K(640K)->533K(640K)
[14.078s][info][gc             ] GC(178) Pause Young (Allocation Failure) 2165M->2165M(2351M) 31.779ms
[14.078s][info][gc,cpu         ] GC(178) User=0.11s Sys=0.02s Real=0.03s
[14.112s][info][gc,start       ] GC(179) Pause Young (Allocation Failure)
[14.147s][info][gc,heap        ] GC(179) PSYoungGen: 51328K(127488K)->27264K(54784K) Eden: 27136K(27136K)->0K(27136K) From: 24192K(100352K)->27264K(27648K)
[14.147s][info][gc,heap        ] GC(179) ParOldGen: 2193710K(2279936K)->2218118K(2279936K)
[14.147s][info][gc,metaspace   ] GC(179) Metaspace: 6302K(6464K)->6302K(6464K) NonClass: 5769K(5824K)->5769K(5824K) Class: 533K(640K)->533K(640K)
[14.147s][info][gc             ] GC(179) Pause Young (Allocation Failure) 2192M->2192M(2280M) 34.656ms
[14.147s][info][gc,cpu         ] GC(179) User=0.12s Sys=0.03s Real=0.03s
[14.179s][info][gc,start       ] GC(180) Pause Young (Allocation Failure)
[14.220s][info][gc,heap        ] GC(180) PSYoungGen: 54400K(54784K)->27296K(120832K) Eden: 27136K(27136K)->0K(30208K) From: 27264K(27648K)->27296K(90624K)
[14.220s][info][gc,heap        ] GC(180) ParOldGen: 2218118K(2279936K)->2245662K(2279936K)
[14.220s][info][gc,metaspace   ] GC(180) Metaspace: 6302K(6464K)->6302K(6464K) NonClass: 5769K(5824K)->5769K(5824K) Class: 533K(640K)->533K(640K)
[14.220s][info][gc             ] GC(180) Pause Young (Allocation Failure) 2219M->2219M(2344M) 41.758ms
[14.220s][info][gc,cpu         ] GC(180) User=0.14s Sys=0.02s Real=0.04s
[14.220s][info][gc,start       ] GC(181) Pause Full (Ergonomics)
[14.220s][info][gc,phases,start] GC(181) Marking Phase
[14.735s][info][gc,phases      ] GC(181) Marking Phase 514.372ms
[14.735s][info][gc,phases,start] GC(181) Summary Phase
[14.735s][info][gc,phases      ] GC(181) Summary Phase 0.058ms
[14.735s][info][gc,phases,start] GC(181) Adjust Roots
[14.735s][info][gc,phases      ] GC(181) Adjust Roots 0.162ms
[14.735s][info][gc,phases,start] GC(181) Compaction Phase
[14.934s][info][gc,phases      ] GC(181) Compaction Phase 198.923ms
[14.934s][info][gc,phases,start] GC(181) Post Compact
[14.939s][info][gc,phases      ] GC(181) Post Compact 4.356ms
[14.939s][info][gc,heap        ] GC(181) PSYoungGen: 27296K(120832K)->0K(125440K) Eden: 0K(30208K)->0K(30208K) From: 27296K(90624K)->0K(95232K)
[14.939s][info][gc,heap        ] GC(181) ParOldGen: 2245662K(2279936K)->2270090K(2483712K)
[14.940s][info][gc,metaspace   ] GC(181) Metaspace: 6302K(6464K)->6302K(6464K) NonClass: 5769K(5824K)->5769K(5824K) Class: 533K(640K)->533K(640K)
[14.940s][info][gc             ] GC(181) Pause Full (Ergonomics) 2219M->2216M(2548M) 719.143ms
[14.940s][info][gc,cpu         ] GC(181) User=5.39s Sys=0.02s Real=0.72s
[14.975s][info][gc,start       ] GC(182) Pause Young (Allocation Failure)
[15.001s][info][gc,heap        ] GC(182) PSYoungGen: 30208K(125440K)->30368K(117760K) Eden: 30208K(30208K)->0K(33280K) From: 0K(95232K)->30368K(84480K)
[15.001s][info][gc,heap        ] GC(182) ParOldGen: 2270090K(2483712K)->2270090K(2483712K)
[15.001s][info][gc,metaspace   ] GC(182) Metaspace: 6302K(6464K)->6302K(6464K) NonClass: 5769K(5824K)->5769K(5824K) Class: 533K(640K)->533K(640K)
[15.001s][info][gc             ] GC(182) Pause Young (Allocation Failure) 2246M->2246M(2540M) 26.481ms
[15.001s][info][gc,cpu         ] GC(182) User=0.05s Sys=0.00s Real=0.03s
[15.040s][info][gc,start       ] GC(183) Pause Young (Allocation Failure)
[15.077s][info][gc,heap        ] GC(183) PSYoungGen: 63648K(117760K)->63648K(123392K) Eden: 33280K(33280K)->0K(33280K) From: 30368K(84480K)->63648K(90112K)
[15.077s][info][gc,heap        ] GC(183) ParOldGen: 2270090K(2483712K)->2270090K(2483712K)
[15.077s][info][gc,metaspace   ] GC(183) Metaspace: 6302K(6464K)->6302K(6464K) NonClass: 5769K(5824K)->5769K(5824K) Class: 533K(640K)->533K(640K)
[15.077s][info][gc             ] GC(183) Pause Young (Allocation Failure) 2279M->2279M(2546M) 36.705ms
[15.077s][info][gc,cpu         ] GC(183) User=0.25s Sys=0.00s Real=0.04s
[15.115s][info][gc,start       ] GC(184) Pause Young (Allocation Failure)
[15.165s][info][gc,heap        ] GC(184) PSYoungGen: 96928K(123392K)->95232K(115712K) Eden: 33280K(33280K)->0K(20480K) From: 63648K(90112K)->95232K(95232K)
[15.165s][info][gc,heap        ] GC(184) ParOldGen: 2270090K(2483712K)->2271794K(2483712K)
[15.165s][info][gc,metaspace   ] GC(184) Metaspace: 6302K(6464K)->6302K(6464K) NonClass: 5769K(5824K)->5769K(5824K) Class: 533K(640K)->533K(640K)
[15.165s][info][gc             ] GC(184) Pause Young (Allocation Failure) 2311M->2311M(2538M) 49.554ms
[15.165s][info][gc,cpu         ] GC(184) User=0.27s Sys=0.00s Real=0.05s
[15.190s][info][gc,start       ] GC(185) Pause Young (Allocation Failure)
[15.247s][info][gc,heap        ] GC(185) PSYoungGen: 115712K(115712K)->53376K(74240K) Eden: 20480K(20480K)->0K(20480K) From: 95232K(95232K)->53376K(53760K)
[15.247s][info][gc,heap        ] GC(185) ParOldGen: 2271794K(2483712K)->2334658K(2483712K)
[15.247s][info][gc,metaspace   ] GC(185) Metaspace: 6302K(6464K)->6302K(6464K) NonClass: 5769K(5824K)->5769K(5824K) Class: 533K(640K)->533K(640K)
[15.247s][info][gc             ] GC(185) Pause Young (Allocation Failure) 2331M->2332M(2498M) 57.014ms
[15.247s][info][gc,cpu         ] GC(185) User=0.28s Sys=0.09s Real=0.06s
[15.271s][info][gc,start       ] GC(186) Pause Young (Allocation Failure)
[15.312s][info][gc,heap        ] GC(186) PSYoungGen: 73856K(74240K)->41056K(119808K) Eden: 20480K(20480K)->0K(23040K) From: 53376K(53760K)->41056K(96768K)
[15.312s][info][gc,heap        ] GC(186) ParOldGen: 2334658K(2483712K)->2367738K(2483712K)
[15.312s][info][gc,metaspace   ] GC(186) Metaspace: 6302K(6464K)->6302K(6464K) NonClass: 5769K(5824K)->5769K(5824K) Class: 533K(640K)->533K(640K)
[15.312s][info][gc             ] GC(186) Pause Young (Allocation Failure) 2352M->2352M(2542M) 41.030ms
[15.312s][info][gc,cpu         ] GC(186) User=0.20s Sys=0.00s Real=0.04s
[15.341s][info][gc,start       ] GC(187) Pause Young (Allocation Failure)
[15.379s][info][gc,heap        ] GC(187) PSYoungGen: 64096K(119808K)->43680K(67072K) Eden: 23040K(23040K)->0K(23040K) From: 41056K(96768K)->43680K(44032K)
[15.379s][info][gc,heap        ] GC(187) ParOldGen: 2367738K(2483712K)->2388402K(2483712K)
[15.379s][info][gc,metaspace   ] GC(187) Metaspace: 6302K(6464K)->6302K(6464K) NonClass: 5769K(5824K)->5769K(5824K) Class: 533K(640K)->533K(640K)
[15.379s][info][gc             ] GC(187) Pause Young (Allocation Failure) 2374M->2375M(2491M) 38.198ms
[15.379s][info][gc,cpu         ] GC(187) User=0.19s Sys=0.06s Real=0.04s
[15.408s][info][gc,start       ] GC(188) Pause Young (Allocation Failure)
[15.447s][info][gc,heap        ] GC(188) PSYoungGen: 66720K(67072K)->46240K(113152K) Eden: 23040K(23040K)->0K(25600K) From: 43680K(44032K)->46240K(87552K)
[15.447s][info][gc,heap        ] GC(188) ParOldGen: 2388402K(2483712K)->2409066K(2483712K)
[15.447s][info][gc,metaspace   ] GC(188) Metaspace: 6302K(6464K)->6302K(6464K) NonClass: 5769K(5824K)->5769K(5824K) Class: 533K(640K)->533K(640K)
[15.447s][info][gc             ] GC(188) Pause Young (Allocation Failure) 2397M->2397M(2536M) 38.957ms
[15.447s][info][gc,cpu         ] GC(188) User=0.23s Sys=0.00s Real=0.04s
[15.479s][info][gc,start       ] GC(189) Pause Young (Allocation Failure)
[15.520s][info][gc,heap        ] GC(189) PSYoungGen: 71840K(113152K)->48864K(117760K) Eden: 25600K(25600K)->0K(25600K) From: 46240K(87552K)->48864K(92160K)
[15.520s][info][gc,heap        ] GC(189) ParOldGen: 2409066K(2483712K)->2432306K(2483712K)
[15.520s][info][gc,metaspace   ] GC(189) Metaspace: 6302K(6464K)->6302K(6464K) NonClass: 5769K(5824K)->5769K(5824K) Class: 533K(640K)->533K(640K)
[15.520s][info][gc             ] GC(189) Pause Young (Allocation Failure) 2422M->2423M(2540M) 40.980ms
[15.520s][info][gc,cpu         ] GC(189) User=0.23s Sys=0.02s Real=0.04s
[15.552s][info][gc,start       ] GC(190) Pause Young (Allocation Failure)
[15.595s][info][gc,heap        ] GC(190) PSYoungGen: 74464K(117760K)->51392K(113664K) Eden: 25600K(25600K)->0K(28672K) From: 48864K(92160K)->51392K(84992K)
[15.595s][info][gc,heap        ] GC(190) ParOldGen: 2432306K(2483712K)->2455554K(2483712K)
[15.595s][info][gc,metaspace   ] GC(190) Metaspace: 6302K(6464K)->6302K(6464K) NonClass: 5769K(5824K)->5769K(5824K) Class: 533K(640K)->533K(640K)
[15.595s][info][gc             ] GC(190) Pause Young (Allocation Failure) 2448M->2448M(2536M) 43.177ms
[15.595s][info][gc,cpu         ] GC(190) User=0.25s Sys=0.02s Real=0.04s
[15.595s][info][gc,start       ] GC(191) Pause Full (Ergonomics)
[15.595s][info][gc,phases,start] GC(191) Marking Phase
[16.157s][info][gc,phases      ] GC(191) Marking Phase 561.851ms
[16.157s][info][gc,phases,start] GC(191) Summary Phase
[16.157s][info][gc,phases      ] GC(191) Summary Phase 0.071ms
[16.157s][info][gc,phases,start] GC(191) Adjust Roots
[16.157s][info][gc,phases      ] GC(191) Adjust Roots 0.253ms
[16.157s][info][gc,phases,start] GC(191) Compaction Phase
[16.378s][info][gc,phases      ] GC(191) Compaction Phase 220.351ms
[16.378s][info][gc,phases,start] GC(191) Post Compact
[16.382s][info][gc,phases      ] GC(191) Post Compact 4.929ms
[16.383s][info][gc,heap        ] GC(191) PSYoungGen: 51392K(113664K)->21497K(115712K) Eden: 0K(28672K)->0K(30720K) From: 51392K(84992K)->21497K(84992K)
[16.384s][info][gc,heap        ] GC(191) ParOldGen: 2455554K(2483712K)->2483323K(2720256K)
[16.384s][info][gc,metaspace   ] GC(191) Metaspace: 6302K(6464K)->6302K(6464K) NonClass: 5769K(5824K)->5769K(5824K) Class: 533K(640K)->533K(640K)
[16.384s][info][gc             ] GC(191) Pause Full (Ergonomics) 2448M->2446M(2769M) 788.752ms
[16.384s][info][gc,cpu         ] GC(191) User=5.86s Sys=0.02s Real=0.79s
[16.425s][info][gc,start       ] GC(192) Pause Young (Allocation Failure)
[16.558s][info][gc,heap        ] GC(192) PSYoungGen: 52217K(115712K)->40288K(117760K) Eden: 30720K(30720K)->0K(30720K) From: 21497K(84992K)->40288K(87040K)
[16.558s][info][gc,heap        ] GC(192) ParOldGen: 2483323K(2720256K)->2495587K(2720256K)
[16.558s][info][gc,metaspace   ] GC(192) Metaspace: 6302K(6464K)->6302K(6464K) NonClass: 5769K(5824K)->5769K(5824K) Class: 533K(640K)->533K(640K)
[16.558s][info][gc             ] GC(192) Pause Young (Allocation Failure) 2476M->2476M(2771M) 133.586ms
[16.558s][info][gc,cpu         ] GC(192) User=0.78s Sys=0.00s Real=0.13s
[16.595s][info][gc,start       ] GC(193) Pause Young (Allocation Failure)
[16.636s][info][gc,heap        ] GC(193) PSYoungGen: 71008K(117760K)->71040K(112128K) Eden: 30720K(30720K)->0K(28160K) From: 40288K(87040K)->71040K(83968K)
[16.636s][info][gc,heap        ] GC(193) ParOldGen: 2495587K(2720256K)->2495587K(2720256K)
[16.636s][info][gc,metaspace   ] GC(193) Metaspace: 6302K(6464K)->6302K(6464K) NonClass: 5769K(5824K)->5769K(5824K) Class: 533K(640K)->533K(640K)
[16.636s][info][gc             ] GC(193) Pause Young (Allocation Failure) 2506M->2506M(2766M) 41.076ms
[16.636s][info][gc,cpu         ] GC(193) User=0.27s Sys=0.00s Real=0.04s
[16.671s][info][gc,start       ] GC(194) Pause Young (Allocation Failure)
[16.724s][info][gc,heap        ] GC(194) PSYoungGen: 99200K(112128K)->89600K(117760K) Eden: 28160K(28160K)->0K(28160K) From: 71040K(83968K)->89600K(89600K)
[16.724s][info][gc,heap        ] GC(194) ParOldGen: 2495587K(2720256K)->2505171K(2720256K)
[16.724s][info][gc,metaspace   ] GC(194) Metaspace: 6302K(6464K)->6302K(6464K) NonClass: 5769K(5824K)->5769K(5824K) Class: 533K(640K)->533K(640K)
[16.724s][info][gc             ] GC(194) Pause Young (Allocation Failure) 2533M->2533M(2771M) 53.115ms
[16.724s][info][gc,cpu         ] GC(194) User=0.27s Sys=0.00s Real=0.05s
[16.761s][info][gc,start       ] GC(195) Pause Young (Allocation Failure)
[16.821s][info][gc,heap        ] GC(195) PSYoungGen: 117760K(117760K)->82304K(130048K) Eden: 28160K(28160K)->0K(25600K) From: 89600K(89600K)->82304K(104448K)
[16.821s][info][gc,heap        ] GC(195) ParOldGen: 2505171K(2720256K)->2541051K(2720256K)
[16.821s][info][gc,metaspace   ] GC(195) Metaspace: 6302K(6464K)->6302K(6464K) NonClass: 5769K(5824K)->5769K(5824K) Class: 533K(640K)->533K(640K)
[16.821s][info][gc             ] GC(195) Pause Young (Allocation Failure) 2561M->2561M(2783M) 60.121ms
[16.821s][info][gc,cpu         ] GC(195) User=0.36s Sys=0.00s Real=0.06s
[16.852s][info][gc,start       ] GC(196) Pause Young (Allocation Failure)
[16.909s][info][gc,heap        ] GC(196) PSYoungGen: 107904K(130048K)->79264K(135680K) Eden: 25600K(25600K)->0K(25600K) From: 82304K(104448K)->79264K(110080K)
[16.909s][info][gc,heap        ] GC(196) ParOldGen: 2541051K(2720256K)->2569963K(2720256K)
[16.909s][info][gc,metaspace   ] GC(196) Metaspace: 6302K(6464K)->6302K(6464K) NonClass: 5769K(5824K)->5769K(5824K) Class: 533K(640K)->533K(640K)
[16.909s][info][gc             ] GC(196) Pause Young (Allocation Failure) 2586M->2587M(2789M) 57.224ms
[16.909s][info][gc,cpu         ] GC(196) User=0.38s Sys=0.02s Real=0.06s
[16.940s][info][gc,start       ] GC(197) Pause Young (Allocation Failure)
[16.996s][info][gc,heap        ] GC(197) PSYoungGen: 104864K(135680K)->79552K(139264K) Eden: 25600K(25600K)->0K(26112K) From: 79264K(110080K)->79552K(113152K)
[16.996s][info][gc,heap        ] GC(197) ParOldGen: 2569963K(2720256K)->2595515K(2720256K)
[16.996s][info][gc,metaspace   ] GC(197) Metaspace: 6302K(6464K)->6302K(6464K) NonClass: 5769K(5824K)->5769K(5824K) Class: 533K(640K)->533K(640K)
[16.996s][info][gc             ] GC(197) Pause Young (Allocation Failure) 2612M->2612M(2792M) 55.866ms
[16.996s][info][gc,cpu         ] GC(197) User=0.38s Sys=0.00s Real=0.05s
[17.031s][info][gc,start       ] GC(198) Pause Young (Allocation Failure)
[17.089s][info][gc,heap        ] GC(198) PSYoungGen: 105664K(139264K)->77504K(141824K) Eden: 26112K(26112K)->0K(26112K) From: 79552K(113152K)->77504K(115712K)
[17.089s][info][gc,heap        ] GC(198) ParOldGen: 2595515K(2720256K)->2623939K(2720256K)
[17.089s][info][gc,metaspace   ] GC(198) Metaspace: 6302K(6464K)->6302K(6464K) NonClass: 5769K(5824K)->5769K(5824K) Class: 533K(640K)->533K(640K)
[17.089s][info][gc             ] GC(198) Pause Young (Allocation Failure) 2637M->2638M(2795M) 57.334ms
[17.089s][info][gc,cpu         ] GC(198) User=0.33s Sys=0.05s Real=0.06s
[17.119s][info][gc,start       ] GC(199) Pause Young (Allocation Failure)
[17.176s][info][gc,heap        ] GC(199) PSYoungGen: 103616K(141824K)->78016K(146432K) Eden: 26112K(26112K)->0K(29696K) From: 77504K(115712K)->78016K(116736K)
[17.176s][info][gc,heap        ] GC(199) ParOldGen: 2623939K(2720256K)->2649763K(2720256K)
[17.176s][info][gc,metaspace   ] GC(199) Metaspace: 6302K(6464K)->6302K(6464K) NonClass: 5769K(5824K)->5769K(5824K) Class: 533K(640K)->533K(640K)
[17.176s][info][gc             ] GC(199) Pause Young (Allocation Failure) 2663M->2663M(2799M) 56.731ms
[17.176s][info][gc,cpu         ] GC(199) User=0.36s Sys=0.00s Real=0.06s
[17.212s][info][gc,start       ] GC(200) Pause Young (Allocation Failure)
[17.270s][info][gc,heap        ] GC(200) PSYoungGen: 107712K(146432K)->82080K(146432K) Eden: 29696K(29696K)->0K(29696K) From: 78016K(116736K)->82080K(116736K)
[17.270s][info][gc,heap        ] GC(200) ParOldGen: 2649763K(2720256K)->2675603K(2720256K)
[17.270s][info][gc,metaspace   ] GC(200) Metaspace: 6302K(6464K)->6302K(6464K) NonClass: 5769K(5824K)->5769K(5824K) Class: 533K(640K)->533K(640K)
[17.270s][info][gc             ] GC(200) Pause Young (Allocation Failure) 2692M->2693M(2799M) 58.160ms
[17.270s][info][gc,cpu         ] GC(200) User=0.39s Sys=0.00s Real=0.06s
[17.304s][info][gc,start       ] GC(201) Pause Young (Allocation Failure)
[17.366s][info][gc,heap        ] GC(201) PSYoungGen: 111776K(146432K)->85696K(149504K) Eden: 29696K(29696K)->0K(31232K) From: 82080K(116736K)->85696K(118272K)
[17.366s][info][gc,heap        ] GC(201) ParOldGen: 2675603K(2720256K)->2701955K(2720256K)
[17.366s][info][gc,metaspace   ] GC(201) Metaspace: 6302K(6464K)->6302K(6464K) NonClass: 5769K(5824K)->5769K(5824K) Class: 533K(640K)->533K(640K)
[17.366s][info][gc             ] GC(201) Pause Young (Allocation Failure) 2722M->2722M(2802M) 62.120ms
[17.366s][info][gc,cpu         ] GC(201) User=0.38s Sys=0.02s Real=0.06s
[17.366s][info][gc,start       ] GC(202) Pause Full (Ergonomics)
[17.366s][info][gc,phases,start] GC(202) Marking Phase
[17.990s][info][gc,phases      ] GC(202) Marking Phase 623.582ms
[17.990s][info][gc,phases,start] GC(202) Summary Phase
[17.990s][info][gc,phases      ] GC(202) Summary Phase 0.051ms
[17.990s][info][gc,phases,start] GC(202) Adjust Roots
[17.990s][info][gc,phases      ] GC(202) Adjust Roots 0.207ms
[17.990s][info][gc,phases,start] GC(202) Compaction Phase
[18.214s][info][gc,phases      ] GC(202) Compaction Phase 223.732ms
[18.214s][info][gc,phases,start] GC(202) Post Compact
[18.218s][info][gc,phases      ] GC(202) Post Compact 4.644ms
[18.219s][info][gc,heap        ] GC(202) PSYoungGen: 85696K(149504K)->64957K(149504K) Eden: 0K(31232K)->0K(31232K) From: 85696K(118272K)->64957K(118272K)
[18.219s][info][gc,heap        ] GC(202) ParOldGen: 2701955K(2720256K)->2720111K(2976768K)
[18.219s][info][gc,metaspace   ] GC(202) Metaspace: 6302K(6464K)->6302K(6464K) NonClass: 5769K(5824K)->5769K(5824K) Class: 533K(640K)->533K(640K)
[18.219s][info][gc             ] GC(202) Pause Full (Ergonomics) 2722M->2719M(3053M) 853.375ms
[18.219s][info][gc,cpu         ] GC(202) User=6.53s Sys=0.03s Real=0.85s
[18.256s][info][gc,start       ] GC(203) Pause Young (Allocation Failure)
[18.424s][info][gc,heap        ] GC(203) PSYoungGen: 96189K(149504K)->53088K(152064K) Eden: 31232K(31232K)->0K(31232K) From: 64957K(118272K)->53088K(120832K)
[18.424s][info][gc,heap        ] GC(203) ParOldGen: 2720111K(2976768K)->2763855K(2976768K)
[18.424s][info][gc,metaspace   ] GC(203) Metaspace: 6302K(6464K)->6302K(6464K) NonClass: 5769K(5824K)->5769K(5824K) Class: 533K(640K)->533K(640K)
[18.424s][info][gc             ] GC(203) Pause Young (Allocation Failure) 2750M->2750M(3055M) 168.848ms
[18.424s][info][gc,cpu         ] GC(203) User=1.05s Sys=0.02s Real=0.17s
[19.016s][info][gc,start       ] GC(204) Pause Young (Allocation Failure)
[19.130s][info][gc,heap        ] GC(204) PSYoungGen: 84320K(152064K)->62656K(142336K) Eden: 31232K(31232K)->0K(34304K) From: 53088K(120832K)->62656K(108032K)
[19.130s][info][gc,heap        ] GC(204) ParOldGen: 2894927K(2976768K)->2916791K(2976768K)
[19.130s][info][gc,metaspace   ] GC(204) Metaspace: 6302K(6464K)->6302K(6464K) NonClass: 5769K(5824K)->5769K(5824K) Class: 533K(640K)->533K(640K)
[19.130s][info][gc             ] GC(204) Pause Young (Allocation Failure) 2909M->2909M(3046M) 113.215ms
[19.130s][info][gc,cpu         ] GC(204) User=0.62s Sys=0.02s Real=0.11s
[19.168s][info][gc,start       ] GC(205) Pause Young (Allocation Failure)
[19.230s][info][gc,heap        ] GC(205) PSYoungGen: 96960K(142336K)->97024K(147456K) Eden: 34304K(34304K)->0K(34304K) From: 62656K(108032K)->97024K(113152K)
[19.230s][info][gc,heap        ] GC(205) ParOldGen: 2916791K(2976768K)->2916791K(2976768K)
[19.230s][info][gc,metaspace   ] GC(205) Metaspace: 6302K(6464K)->6302K(6464K) NonClass: 5769K(5824K)->5769K(5824K) Class: 533K(640K)->533K(640K)
[19.230s][info][gc             ] GC(205) Pause Young (Allocation Failure) 2943M->2943M(3051M) 62.315ms
[19.230s][info][gc,cpu         ] GC(205) User=0.22s Sys=0.00s Real=0.06s
[19.269s][info][gc,start       ] GC(206) Pause Young (Allocation Failure)
[19.342s][info][gc,heap        ] GC(206) PSYoungGen: 131328K(147456K)->120320K(140288K) Eden: 34304K(34304K)->0K(19968K) From: 97024K(113152K)->120320K(120320K)
[19.342s][info][gc,heap        ] GC(206) ParOldGen: 2916791K(2976768K)->2927799K(2976768K)
[19.342s][info][gc,metaspace   ] GC(206) Metaspace: 6302K(6464K)->6302K(6464K) NonClass: 5769K(5824K)->5769K(5824K) Class: 533K(640K)->533K(640K)
[19.342s][info][gc             ] GC(206) Pause Young (Allocation Failure) 2976M->2976M(3044M) 73.820ms
[19.342s][info][gc,cpu         ] GC(206) User=0.27s Sys=0.05s Real=0.07s
[19.366s][info][gc,start       ] GC(207) Pause Young (Allocation Failure)
[19.445s][info][gc,heap        ] GC(207) PSYoungGen: 140288K(140288K)->88832K(158208K) Eden: 19968K(19968K)->0K(19968K) From: 120320K(120320K)->88832K(138240K)
[19.445s][info][gc,heap        ] GC(207) ParOldGen: 2927799K(2976768K)->2979823K(2979840K)
[19.445s][info][gc,metaspace   ] GC(207) Metaspace: 6302K(6464K)->6302K(6464K) NonClass: 5769K(5824K)->5769K(5824K) Class: 533K(640K)->533K(640K)
[19.445s][info][gc             ] GC(207) Pause Young (Allocation Failure) 2996M->2996M(3064M) 78.299ms
[19.445s][info][gc,cpu         ] GC(207) User=0.38s Sys=0.03s Real=0.08s
[19.445s][info][gc,start       ] GC(208) Pause Full (Ergonomics)
[19.445s][info][gc,phases,start] GC(208) Marking Phase
[20.122s][info][gc,phases      ] GC(208) Marking Phase 677.436ms
[20.122s][info][gc,phases,start] GC(208) Summary Phase
[20.122s][info][gc,phases      ] GC(208) Summary Phase 0.042ms
[20.122s][info][gc,phases,start] GC(208) Adjust Roots
[20.123s][info][gc,phases      ] GC(208) Adjust Roots 0.174ms
[20.123s][info][gc,phases,start] GC(208) Compaction Phase
[20.597s][info][gc,phases      ] GC(208) Compaction Phase 474.172ms
[20.597s][info][gc,phases,start] GC(208) Post Compact
[20.603s][info][gc,phases      ] GC(208) Post Compact 6.261ms
[20.604s][info][gc,heap        ] GC(208) PSYoungGen: 88832K(158208K)->22071K(158208K) Eden: 0K(19968K)->0K(19968K) From: 88832K(138240K)->22071K(138240K)
[20.604s][info][gc,heap        ] GC(208) ParOldGen: 2979823K(2979840K)->2979415K(3269120K)
[20.604s][info][gc,metaspace   ] GC(208) Metaspace: 6302K(6464K)->6302K(6464K) NonClass: 5769K(5824K)->5769K(5824K) Class: 533K(640K)->533K(640K)
[20.604s][info][gc             ] GC(208) Pause Full (Ergonomics) 2996M->2931M(3347M) 1159.583ms
[20.604s][info][gc,cpu         ] GC(208) User=8.06s Sys=0.02s Real=1.16s
[20.624s][info][gc,start       ] GC(209) Pause Young (Allocation Failure)
[20.772s][info][gc,heap        ] GC(209) PSYoungGen: 42039K(158208K)->28384K(156672K) Eden: 19968K(19968K)->0K(19968K) From: 22071K(138240K)->28384K(136704K)
[20.772s][info][gc,heap        ] GC(209) ParOldGen: 2979415K(3269120K)->2993431K(3269120K)
[20.772s][info][gc,metaspace   ] GC(209) Metaspace: 6302K(6464K)->6302K(6464K) NonClass: 5769K(5824K)->5769K(5824K) Class: 533K(640K)->533K(640K)
[20.772s][info][gc             ] GC(209) Pause Young (Allocation Failure) 2950M->2950M(3345M) 147.912ms
[20.772s][info][gc,cpu         ] GC(209) User=0.91s Sys=0.00s Real=0.15s
[20.791s][info][gc,start       ] GC(210) Pause Young (Allocation Failure)
[20.838s][info][gc,heap        ] GC(210) PSYoungGen: 48352K(156672K)->48320K(68608K) Eden: 19968K(19968K)->0K(19968K) From: 28384K(136704K)->48320K(48640K)
[20.838s][info][gc,heap        ] GC(210) ParOldGen: 2993431K(3269120K)->2993431K(3269120K)
[20.838s][info][gc,metaspace   ] GC(210) Metaspace: 6302K(6464K)->6302K(6464K) NonClass: 5769K(5824K)->5769K(5824K) Class: 533K(640K)->533K(640K)
[20.838s][info][gc             ] GC(210) Pause Young (Allocation Failure) 2970M->2970M(3259M) 46.736ms
[20.838s][info][gc,cpu         ] GC(210) User=0.06s Sys=0.02s Real=0.05s
[20.858s][info][gc,start       ] GC(211) Pause Young (Allocation Failure)
[20.911s][info][gc,heap        ] GC(211) PSYoungGen: 68288K(68608K)->61696K(148480K) Eden: 19968K(19968K)->0K(22528K) From: 48320K(48640K)->61696K(125952K)
[20.911s][info][gc,heap        ] GC(211) ParOldGen: 2993431K(3269120K)->3000119K(3269120K)
[20.911s][info][gc,metaspace   ] GC(211) Metaspace: 6302K(6464K)->6302K(6464K) NonClass: 5769K(5824K)->5769K(5824K) Class: 533K(640K)->533K(640K)
[20.911s][info][gc             ] GC(211) Pause Young (Allocation Failure) 2989M->2990M(3337M) 53.101ms
[20.911s][info][gc,cpu         ] GC(211) User=0.05s Sys=0.02s Real=0.05s
[20.933s][info][gc,start       ] GC(212) Pause Young (Allocation Failure)
[20.992s][info][gc,heap        ] GC(212) PSYoungGen: 84224K(148480K)->62656K(85504K) Eden: 22528K(22528K)->0K(22528K) From: 61696K(125952K)->62656K(62976K)
[20.992s][info][gc,heap        ] GC(212) ParOldGen: 3000119K(3269120K)->3021911K(3269120K)
[20.992s][info][gc,metaspace   ] GC(212) Metaspace: 6302K(6464K)->6302K(6464K) NonClass: 5769K(5824K)->5769K(5824K) Class: 533K(640K)->533K(640K)
[20.992s][info][gc             ] GC(212) Pause Young (Allocation Failure) 3012M->3012M(3276M) 59.179ms
[20.992s][info][gc,cpu         ] GC(212) User=0.17s Sys=0.00s Real=0.06s
[21.014s][info][gc,start       ] GC(213) Pause Young (Allocation Failure)
[21.072s][info][gc,heap        ] GC(213) PSYoungGen: 85184K(85504K)->45248K(147456K) Eden: 22528K(22528K)->0K(25600K) From: 62656K(62976K)->45248K(121856K)
[21.072s][info][gc,heap        ] GC(213) ParOldGen: 3021911K(3269120K)->3062167K(3269120K)
[21.072s][info][gc,metaspace   ] GC(213) Metaspace: 6302K(6464K)->6302K(6464K) NonClass: 5769K(5824K)->5769K(5824K) Class: 533K(640K)->533K(640K)
[21.072s][info][gc             ] GC(213) Pause Young (Allocation Failure) 3034M->3034M(3336M) 58.199ms
[21.072s][info][gc,cpu         ] GC(213) User=0.16s Sys=0.05s Real=0.06s
[21.098s][info][gc,start       ] GC(214) Pause Young (Allocation Failure)
[21.149s][info][gc,heap        ] GC(214) PSYoungGen: 70848K(147456K)->25792K(149504K) Eden: 25600K(25600K)->0K(25600K) From: 45248K(121856K)->25792K(123904K)
[21.149s][info][gc,heap        ] GC(214) ParOldGen: 3062167K(3269120K)->3107607K(3269120K)
[21.149s][info][gc,metaspace   ] GC(214) Metaspace: 6302K(6464K)->6302K(6464K) NonClass: 5769K(5824K)->5769K(5824K) Class: 533K(640K)->533K(640K)
[21.150s][info][gc             ] GC(214) Pause Young (Allocation Failure) 3059M->3059M(3338M) 51.970ms
[21.150s][info][gc,cpu         ] GC(214) User=0.09s Sys=0.00s Real=0.05s
[21.177s][info][gc,start       ] GC(215) Pause Young (Allocation Failure)
[21.224s][info][gc,heap        ] GC(215) PSYoungGen: 51392K(149504K)->25760K(154112K) Eden: 25600K(25600K)->0K(29184K) From: 25792K(123904K)->25760K(124928K)
[21.224s][info][gc,heap        ] GC(215) ParOldGen: 3107607K(3269120K)->3133447K(3269120K)
[21.224s][info][gc,metaspace   ] GC(215) Metaspace: 6302K(6464K)->6302K(6464K) NonClass: 5769K(5824K)->5769K(5824K) Class: 533K(640K)->533K(640K)
[21.224s][info][gc             ] GC(215) Pause Young (Allocation Failure) 3084M->3085M(3343M) 47.095ms
[21.224s][info][gc,cpu         ] GC(215) User=0.08s Sys=0.02s Real=0.05s
[21.260s][info][gc,start       ] GC(216) Pause Young (Allocation Failure)
[21.310s][info][gc,heap        ] GC(216) PSYoungGen: 54944K(154112K)->29376K(154112K) Eden: 29184K(29184K)->0K(29184K) From: 25760K(124928K)->29376K(124928K)
[21.310s][info][gc,heap        ] GC(216) ParOldGen: 3133447K(3269120K)->3159279K(3269120K)
[21.310s][info][gc,metaspace   ] GC(216) Metaspace: 6302K(6464K)->6302K(6464K) NonClass: 5769K(5824K)->5769K(5824K) Class: 533K(640K)->533K(640K)
[21.310s][info][gc             ] GC(216) Pause Young (Allocation Failure) 3113M->3113M(3343M) 50.024ms
[21.310s][info][gc,cpu         ] GC(216) User=0.19s Sys=0.00s Real=0.05s
[21.341s][info][gc,start       ] GC(217) Pause Young (Allocation Failure)
[21.394s][info][gc,heap        ] GC(217) PSYoungGen: 58560K(154112K)->29312K(152064K) Eden: 29184K(29184K)->0K(33280K) From: 29376K(124928K)->29312K(118784K)
[21.394s][info][gc,heap        ] GC(217) ParOldGen: 3159279K(3269120K)->3188719K(3269120K)
[21.394s][info][gc,metaspace   ] GC(217) Metaspace: 6302K(6464K)->6302K(6464K) NonClass: 5769K(5824K)->5769K(5824K) Class: 533K(640K)->533K(640K)
[21.394s][info][gc             ] GC(217) Pause Young (Allocation Failure) 3142M->3142M(3341M) 53.011ms
[21.394s][info][gc,cpu         ] GC(217) User=0.17s Sys=0.00s Real=0.05s
[21.430s][info][gc,start       ] GC(218) Pause Young (Allocation Failure)
[21.481s][info][gc,heap        ] GC(218) PSYoungGen: 62592K(152064K)->33440K(154112K) Eden: 33280K(33280K)->0K(33280K) From: 29312K(118784K)->33440K(120832K)
[21.481s][info][gc,heap        ] GC(218) ParOldGen: 3188719K(3269120K)->3218159K(3269120K)
[21.481s][info][gc,metaspace   ] GC(218) Metaspace: 6302K(6464K)->6302K(6464K) NonClass: 5769K(5824K)->5769K(5824K) Class: 533K(640K)->533K(640K)
[21.481s][info][gc             ] GC(218) Pause Young (Allocation Failure) 3175M->3175M(3343M) 51.701ms
[21.481s][info][gc,cpu         ] GC(218) User=0.16s Sys=0.02s Real=0.05s
[21.515s][info][gc,start       ] GC(219) Pause Young (Allocation Failure)
[21.570s][info][gc,heap        ] GC(219) PSYoungGen: 66720K(154112K)->33408K(147968K) Eden: 33280K(33280K)->0K(37888K) From: 33440K(120832K)->33408K(110080K)
[21.570s][info][gc,heap        ] GC(219) ParOldGen: 3218159K(3269120K)->3251743K(3269120K)
[21.570s][info][gc,metaspace   ] GC(219) Metaspace: 6302K(6464K)->6302K(6464K) NonClass: 5769K(5824K)->5769K(5824K) Class: 533K(640K)->533K(640K)
[21.570s][info][gc             ] GC(219) Pause Young (Allocation Failure) 3207M->3208M(3337M) 55.629ms
[21.570s][info][gc,cpu         ] GC(219) User=0.19s Sys=0.00s Real=0.06s
[21.571s][info][gc,start       ] GC(220) Pause Full (Ergonomics)
[21.571s][info][gc,phases,start] GC(220) Marking Phase
[22.309s][info][gc,phases      ] GC(220) Marking Phase 738.638ms
[22.309s][info][gc,phases,start] GC(220) Summary Phase
[22.309s][info][gc,phases      ] GC(220) Summary Phase 0.060ms
[22.309s][info][gc,phases,start] GC(220) Adjust Roots
[22.310s][info][gc,phases      ] GC(220) Adjust Roots 0.206ms
[22.310s][info][gc,phases,start] GC(220) Compaction Phase
[22.631s][info][gc,phases      ] GC(220) Compaction Phase 321.146ms
[22.631s][info][gc,phases,start] GC(220) Post Compact
[22.637s][info][gc,phases      ] GC(220) Post Compact 6.043ms
[22.638s][info][gc,heap        ] GC(220) PSYoungGen: 33408K(147968K)->13322K(151552K) Eden: 0K(37888K)->0K(41472K) From: 33408K(110080K)->13322K(110080K)
[22.638s][info][gc,heap        ] GC(220) ParOldGen: 3251743K(3269120K)->3268907K(3581440K)
[22.638s][info][gc,metaspace   ] GC(220) Metaspace: 6302K(6464K)->6302K(6464K) NonClass: 5769K(5824K)->5769K(5824K) Class: 533K(640K)->533K(640K)
[22.638s][info][gc             ] GC(220) Pause Full (Ergonomics) 3208M->3205M(3645M) 1067.404ms
[22.638s][info][gc,cpu         ] GC(220) User=7.72s Sys=0.03s Real=1.07s
[22.682s][info][gc,start       ] GC(221) Pause Young (Allocation Failure)
[22.845s][info][gc,heap        ] GC(221) PSYoungGen: 54794K(151552K)->41664K(83456K) Eden: 41472K(41472K)->0K(41472K) From: 13322K(110080K)->41664K(41984K)
[22.845s][info][gc,heap        ] GC(221) ParOldGen: 3268907K(3581440K)->3282379K(3581440K)
[22.845s][info][gc,metaspace   ] GC(221) Metaspace: 6302K(6464K)->6302K(6464K) NonClass: 5769K(5824K)->5769K(5824K) Class: 533K(640K)->533K(640K)
[22.845s][info][gc             ] GC(221) Pause Young (Allocation Failure) 3245M->3246M(3579M) 163.454ms
[22.845s][info][gc,cpu         ] GC(221) User=0.95s Sys=0.02s Real=0.16s
[22.888s][info][gc,start       ] GC(222) Pause Young (Allocation Failure)
[22.947s][info][gc,heap        ] GC(222) PSYoungGen: 83136K(83456K)->41632K(144896K) Eden: 41472K(41472K)->0K(46080K) From: 41664K(41984K)->41632K(98816K)
[22.948s][info][gc,heap        ] GC(222) ParOldGen: 3282379K(3581440K)->3324219K(3581440K)
[22.948s][info][gc,metaspace   ] GC(222) Metaspace: 6302K(6464K)->6302K(6464K) NonClass: 5769K(5824K)->5769K(5824K) Class: 533K(640K)->533K(640K)
[22.948s][info][gc             ] GC(222) Pause Young (Allocation Failure) 3286M->3286M(3639M) 59.118ms
[22.948s][info][gc,cpu         ] GC(222) User=0.16s Sys=0.02s Real=0.06s
[22.999s][info][gc,start       ] GC(223) Pause Young (Allocation Failure)
[23.059s][info][gc,heap        ] GC(223) PSYoungGen: 87712K(144896K)->46304K(149504K) Eden: 46080K(46080K)->0K(46080K) From: 41632K(98816K)->46304K(103424K)
[23.059s][info][gc,heap        ] GC(223) ParOldGen: 3324219K(3581440K)->3366067K(3581440K)
[23.059s][info][gc,metaspace   ] GC(223) Metaspace: 6302K(6464K)->6302K(6464K) NonClass: 5769K(5824K)->5769K(5824K) Class: 533K(640K)->533K(640K)
[23.059s][info][gc             ] GC(223) Pause Young (Allocation Failure) 3331M->3332M(3643M) 60.742ms
[23.059s][info][gc,cpu         ] GC(223) User=0.17s Sys=0.00s Real=0.06s
[23.111s][info][gc,start       ] GC(224) Pause Young (Allocation Failure)
[23.173s][info][gc,heap        ] GC(224) PSYoungGen: 92384K(149504K)->46304K(139264K) Eden: 46080K(46080K)->0K(51200K) From: 46304K(103424K)->46304K(88064K)
[23.173s][info][gc,heap        ] GC(224) ParOldGen: 3366067K(3581440K)->3412563K(3581440K)
[23.173s][info][gc,metaspace   ] GC(224) Metaspace: 6302K(6464K)->6302K(6464K) NonClass: 5769K(5824K)->5769K(5824K) Class: 533K(640K)->533K(640K)
[23.173s][info][gc             ] GC(224) Pause Young (Allocation Failure) 3377M->3377M(3633M) 62.990ms
[23.174s][info][gc,cpu         ] GC(224) User=0.20s Sys=0.00s Real=0.06s
[23.220s][info][gc,start       ] GC(225) Pause Young (Allocation Failure)
[23.282s][info][gc,heap        ] GC(225) PSYoungGen: 97504K(139264K)->51424K(144384K) Eden: 51200K(51200K)->0K(51200K) From: 46304K(88064K)->51424K(93184K)
[23.282s][info][gc,heap        ] GC(225) ParOldGen: 3412563K(3581440K)->3459059K(3581440K)
[23.282s][info][gc,metaspace   ] GC(225) Metaspace: 6302K(6464K)->6302K(6464K) NonClass: 5769K(5824K)->5769K(5824K) Class: 533K(640K)->533K(640K)
[23.282s][info][gc             ] GC(225) Pause Young (Allocation Failure) 3427M->3428M(3638M) 62.553ms
[23.282s][info][gc,cpu         ] GC(225) User=0.17s Sys=0.02s Real=0.06s
[23.334s][info][gc,start       ] GC(226) Pause Young (Allocation Failure)
[23.397s][info][gc,heap        ] GC(226) PSYoungGen: 102624K(144384K)->51424K(141824K) Eden: 51200K(51200K)->0K(56832K) From: 51424K(93184K)->51424K(84992K)
[23.397s][info][gc,heap        ] GC(226) ParOldGen: 3459059K(3581440K)->3510731K(3581440K)
[23.397s][info][gc,metaspace   ] GC(226) Metaspace: 6302K(6464K)->6302K(6464K) NonClass: 5769K(5824K)->5769K(5824K) Class: 533K(640K)->533K(640K)
[23.397s][info][gc             ] GC(226) Pause Young (Allocation Failure) 3478M->3478M(3636M) 63.394ms
[23.397s][info][gc,cpu         ] GC(226) User=0.30s Sys=0.00s Real=0.06s
[23.457s][info][gc,start       ] GC(227) Pause Young (Allocation Failure)
[23.525s][info][gc,heap        ] GC(227) PSYoungGen: 108256K(141824K)->57024K(144384K) Eden: 56832K(56832K)->0K(56832K) From: 51424K(84992K)->57024K(87552K)
[23.525s][info][gc,heap        ] GC(227) ParOldGen: 3510731K(3581440K)->3562403K(3581440K)
[23.525s][info][gc,metaspace   ] GC(227) Metaspace: 6302K(6464K)->6302K(6464K) NonClass: 5769K(5824K)->5769K(5824K) Class: 533K(640K)->533K(640K)
[23.525s][info][gc             ] GC(227) Pause Young (Allocation Failure) 3534M->3534M(3638M) 67.730ms
[23.525s][info][gc,cpu         ] GC(227) User=0.36s Sys=0.00s Real=0.07s
[23.525s][info][gc,start       ] GC(228) Pause Full (Ergonomics)
[23.525s][info][gc,phases,start] GC(228) Marking Phase
[24.339s][info][gc,phases      ] GC(228) Marking Phase 814.392ms
[24.339s][info][gc,phases,start] GC(228) Summary Phase
[24.339s][info][gc,phases      ] GC(228) Summary Phase 0.055ms
[24.339s][info][gc,phases,start] GC(228) Adjust Roots
[24.340s][info][gc,phases      ] GC(228) Adjust Roots 0.200ms
[24.340s][info][gc,phases,start] GC(228) Compaction Phase
[24.683s][info][gc,phases      ] GC(228) Compaction Phase 343.437ms
[24.683s][info][gc,phases,start] GC(228) Post Compact
[24.690s][info][gc,phases      ] GC(228) Post Compact 6.800ms
[24.691s][info][gc,heap        ] GC(228) PSYoungGen: 57024K(144384K)->35335K(144384K) Eden: 0K(56832K)->0K(56832K) From: 57024K(87552K)->35335K(87552K)
[24.691s][info][gc,heap        ] GC(228) ParOldGen: 3562403K(3581440K)->3581011K(3941888K)
[24.691s][info][gc,metaspace   ] GC(228) Metaspace: 6302K(6464K)->6302K(6464K) NonClass: 5769K(5824K)->5769K(5824K) Class: 533K(640K)->533K(640K)
[24.691s][info][gc             ] GC(228) Pause Full (Ergonomics) 3534M->3531M(3990M) 1166.419ms
[24.691s][info][gc,cpu         ] GC(228) User=8.42s Sys=0.03s Real=1.17s
[24.759s][info][gc,start       ] GC(229) Pause Young (Allocation Failure)
[24.951s][info][gc,heap        ] GC(229) PSYoungGen: 92167K(144384K)->57056K(146944K) Eden: 56832K(56832K)->0K(62464K) From: 35335K(87552K)->57056K(84480K)
[24.951s][info][gc,heap        ] GC(229) ParOldGen: 3581011K(3941888K)->3616699K(3941888K)
[24.951s][info][gc,metaspace   ] GC(229) Metaspace: 6302K(6464K)->6302K(6464K) NonClass: 5769K(5824K)->5769K(5824K) Class: 533K(640K)->533K(640K)
[24.951s][info][gc             ] GC(229) Pause Young (Allocation Failure) 3587M->3587M(3993M) 192.250ms
[24.951s][info][gc,cpu         ] GC(229) User=1.38s Sys=0.00s Real=0.19s
[25.015s][info][gc,start       ] GC(230) Pause Young (Allocation Failure)
[25.085s][info][gc,heap        ] GC(230) PSYoungGen: 119520K(146944K)->86016K(148480K) Eden: 62464K(62464K)->0K(62464K) From: 57056K(84480K)->86016K(86016K)
[25.085s][info][gc,heap        ] GC(230) ParOldGen: 3616699K(3941888K)->3650435K(3941888K)
[25.085s][info][gc,metaspace   ] GC(230) Metaspace: 6302K(6464K)->6302K(6464K) NonClass: 5769K(5824K)->5769K(5824K) Class: 533K(640K)->533K(640K)
[25.086s][info][gc             ] GC(230) Pause Young (Allocation Failure) 3648M->3648M(3994M) 70.472ms
[25.086s][info][gc,cpu         ] GC(230) User=0.28s Sys=0.00s Real=0.07s
[25.148s][info][gc,start       ] GC(231) Pause Young (Allocation Failure)
[25.231s][info][gc,heap        ] GC(231) PSYoungGen: 148480K(148480K)->62688K(172544K) Eden: 62464K(62464K)->0K(69120K) From: 86016K(86016K)->62688K(103424K)
[25.231s][info][gc,heap        ] GC(231) ParOldGen: 3650435K(3941888K)->3737075K(3941888K)
[25.231s][info][gc,metaspace   ] GC(231) Metaspace: 6302K(6464K)->6302K(6464K) NonClass: 5769K(5824K)->5769K(5824K) Class: 533K(640K)->533K(640K)
[25.231s][info][gc             ] GC(231) Pause Young (Allocation Failure) 3709M->3710M(4018M) 82.533ms
[25.231s][info][gc,cpu         ] GC(231) User=0.56s Sys=0.00s Real=0.08s
[25.305s][info][gc,start       ] GC(232) Pause Young (Allocation Failure)
[25.379s][info][gc,heap        ] GC(232) PSYoungGen: 131808K(172544K)->69344K(174592K) Eden: 69120K(69120K)->0K(69120K) From: 62688K(103424K)->69344K(105472K)
[25.379s][info][gc,heap        ] GC(232) ParOldGen: 3737075K(3941888K)->3800107K(3941888K)
[25.379s][info][gc,metaspace   ] GC(232) Metaspace: 6302K(6464K)->6302K(6464K) NonClass: 5769K(5824K)->5769K(5824K) Class: 533K(640K)->533K(640K)
[25.379s][info][gc             ] GC(232) Pause Young (Allocation Failure) 3778M->3778M(4020M) 74.159ms
[25.379s][info][gc,cpu         ] GC(232) User=0.42s Sys=0.06s Real=0.07s
[25.456s][info][gc,start       ] GC(233) Pause Young (Allocation Failure)
[25.533s][info][gc,heap        ] GC(233) PSYoungGen: 138464K(174592K)->69376K(180224K) Eden: 69120K(69120K)->0K(76288K) From: 69344K(105472K)->69376K(103936K)
[25.533s][info][gc,heap        ] GC(233) ParOldGen: 3800107K(3941888K)->3869835K(3941888K)
[25.533s][info][gc,metaspace   ] GC(233) Metaspace: 6302K(6464K)->6302K(6464K) NonClass: 5769K(5824K)->5769K(5824K) Class: 533K(640K)->533K(640K)
[25.533s][info][gc             ] GC(233) Pause Young (Allocation Failure) 3846M->3846M(4025M) 77.413ms
[25.533s][info][gc,cpu         ] GC(233) User=0.48s Sys=0.03s Real=0.08s
[25.533s][info][gc,start       ] GC(234) Pause Full (Ergonomics)
[25.533s][info][gc,phases,start] GC(234) Marking Phase
[26.419s][info][gc,phases      ] GC(234) Marking Phase 885.457ms
[26.419s][info][gc,phases,start] GC(234) Summary Phase
[26.419s][info][gc,phases      ] GC(234) Summary Phase 0.075ms
[26.419s][info][gc,phases,start] GC(234) Adjust Roots
[26.419s][info][gc,phases      ] GC(234) Adjust Roots 0.175ms
[26.419s][info][gc,phases,start] GC(234) Compaction Phase
[26.792s][info][gc,phases      ] GC(234) Compaction Phase 372.743ms
[26.792s][info][gc,phases,start] GC(234) Post Compact
[26.799s][info][gc,phases      ] GC(234) Post Compact 7.347ms
[26.801s][info][gc,heap        ] GC(234) PSYoungGen: 69376K(180224K)->0K(180736K) Eden: 0K(76288K)->0K(76288K) From: 69376K(103936K)->0K(104448K)
[26.801s][info][gc,heap        ] GC(234) ParOldGen: 3869835K(3941888K)->3936190K(4348928K)
[26.801s][info][gc,metaspace   ] GC(234) Metaspace: 6302K(6464K)->6302K(6464K) NonClass: 5769K(5824K)->5769K(5824K) Class: 533K(640K)->533K(640K)
[26.801s][info][gc             ] GC(234) Pause Full (Ergonomics) 3846M->3843M(4423M) 1267.509ms
[26.801s][info][gc,cpu         ] GC(234) User=9.00s Sys=0.05s Real=1.27s
[26.884s][info][gc,start       ] GC(235) Pause Young (Allocation Failure)
[26.938s][info][gc,heap        ] GC(235) PSYoungGen: 76288K(180736K)->76544K(186880K) Eden: 76288K(76288K)->0K(82432K) From: 0K(104448K)->76544K(104448K)
[26.938s][info][gc,heap        ] GC(235) ParOldGen: 3936190K(4348928K)->3936190K(4348928K)
[26.938s][info][gc,metaspace   ] GC(235) Metaspace: 6302K(6464K)->6302K(6464K) NonClass: 5769K(5824K)->5769K(5824K) Class: 533K(640K)->533K(640K)
[26.938s][info][gc             ] GC(235) Pause Young (Allocation Failure) 3918M->3918M(4429M) 53.967ms
[26.938s][info][gc,cpu         ] GC(235) User=0.27s Sys=0.00s Real=0.05s
[27.032s][info][gc,start       ] GC(236) Pause Young (Allocation Failure)
[27.116s][info][gc,heap        ] GC(236) PSYoungGen: 158976K(186880K)->105984K(188416K) Eden: 82432K(82432K)->0K(82432K) From: 76544K(104448K)->105984K(105984K)
[27.116s][info][gc,heap        ] GC(236) ParOldGen: 3936190K(4348928K)->3989590K(4348928K)
[27.116s][info][gc,metaspace   ] GC(236) Metaspace: 6302K(6464K)->6302K(6464K) NonClass: 5769K(5824K)->5769K(5824K) Class: 533K(640K)->533K(640K)
[27.116s][info][gc             ] GC(236) Pause Young (Allocation Failure) 3999M->3999M(4431M) 84.333ms
[27.116s][info][gc,cpu         ] GC(236) User=0.55s Sys=0.00s Real=0.09s
[27.209s][info][gc,start       ] GC(237) Pause Young (Allocation Failure)
[27.319s][info][gc,heap        ] GC(237) PSYoungGen: 188416K(188416K)->82688K(224256K) Eden: 82432K(82432K)->0K(90112K) From: 105984K(105984K)->82688K(134144K)
[27.319s][info][gc,heap        ] GC(237) ParOldGen: 3989590K(4348928K)->4096334K(4348928K)
[27.319s][info][gc,metaspace   ] GC(237) Metaspace: 6302K(6464K)->6302K(6464K) NonClass: 5769K(5824K)->5769K(5824K) Class: 533K(640K)->533K(640K)
[27.319s][info][gc             ] GC(237) Pause Young (Allocation Failure) 4080M->4081M(4466M) 109.934ms
[27.319s][info][gc,cpu         ] GC(237) User=0.62s Sys=0.03s Real=0.11s
[27.414s][info][gc,start       ] GC(238) Pause Young (Allocation Failure)
[27.503s][info][gc,heap        ] GC(238) PSYoungGen: 172800K(224256K)->135680K(225792K) Eden: 90112K(90112K)->0K(90112K) From: 82688K(134144K)->135680K(135680K)
[27.503s][info][gc,heap        ] GC(238) ParOldGen: 4096334K(4348928K)->4133790K(4348928K)
[27.503s][info][gc,metaspace   ] GC(238) Metaspace: 6302K(6464K)->6302K(6464K) NonClass: 5769K(5824K)->5769K(5824K) Class: 533K(640K)->533K(640K)
[27.503s][info][gc             ] GC(238) Pause Young (Allocation Failure) 4169M->4169M(4467M) 89.237ms
[27.503s][info][gc,cpu         ] GC(238) User=0.75s Sys=0.00s Real=0.09s
[27.619s][info][gc,start       ] GC(239) Pause Young (Allocation Failure)
[27.746s][info][gc,heap        ] GC(239) PSYoungGen: 225792K(225792K)->90432K(254976K) Eden: 90112K(90112K)->0K(98816K) From: 135680K(135680K)->90432K(156160K)
[27.746s][info][gc,heap        ] GC(239) ParOldGen: 4133790K(4348928K)->4270438K(4348928K)
[27.746s][info][gc,metaspace   ] GC(239) Metaspace: 6302K(6464K)->6302K(6464K) NonClass: 5769K(5824K)->5769K(5824K) Class: 533K(640K)->533K(640K)
[27.747s][info][gc             ] GC(239) Pause Young (Allocation Failure) 4257M->4258M(4496M) 127.216ms
[27.747s][info][gc,cpu         ] GC(239) User=0.81s Sys=0.06s Real=0.13s
[27.747s][info][gc,start       ] GC(240) Pause Full (Ergonomics)
[27.747s][info][gc,phases,start] GC(240) Marking Phase
[28.713s][info][gc,phases      ] GC(240) Marking Phase 966.210ms
[28.713s][info][gc,phases,start] GC(240) Summary Phase
[28.713s][info][gc,phases      ] GC(240) Summary Phase 0.053ms
[28.713s][info][gc,phases,start] GC(240) Adjust Roots
[28.713s][info][gc,phases      ] GC(240) Adjust Roots 0.163ms
[28.713s][info][gc,phases,start] GC(240) Compaction Phase
[29.124s][info][gc,phases      ] GC(240) Compaction Phase 410.457ms
[29.124s][info][gc,phases,start] GC(240) Post Compact
[29.130s][info][gc,phases      ] GC(240) Post Compact 6.553ms
[29.132s][info][gc,heap        ] GC(240) PSYoungGen: 90432K(254976K)->8829K(260096K) Eden: 0K(98816K)->0K(103936K) From: 90432K(156160K)->8829K(156160K)
[29.132s][info][gc,heap        ] GC(240) ParOldGen: 4270438K(4348928K)->4348567K(4836352K)
[29.132s][info][gc,metaspace   ] GC(240) Metaspace: 6302K(6464K)->6302K(6464K) NonClass: 5769K(5824K)->5769K(5824K) Class: 533K(640K)->533K(640K)
[29.132s][info][gc             ] GC(240) Pause Full (Ergonomics) 4258M->4255M(4977M) 1385.500ms
[29.132s][info][gc,cpu         ] GC(240) User=9.95s Sys=0.08s Real=1.38s
[29.240s][info][gc,start       ] GC(241) Pause Young (Allocation Failure)
[29.493s][info][gc,heap        ] GC(241) PSYoungGen: 112765K(260096K)->113120K(265216K) Eden: 103936K(103936K)->0K(103936K) From: 8829K(156160K)->113120K(161280K)
[29.493s][info][gc,heap        ] GC(241) ParOldGen: 4348567K(4836352K)->4348567K(4836352K)
[29.493s][info][gc,metaspace   ] GC(241) Metaspace: 6302K(6464K)->6302K(6464K) NonClass: 5769K(5824K)->5769K(5824K) Class: 533K(640K)->533K(640K)
[29.493s][info][gc             ] GC(241) Pause Young (Allocation Failure) 4356M->4357M(4982M) 253.300ms
[29.493s][info][gc,cpu         ] GC(241) User=1.78s Sys=0.00s Real=0.25s
[29.611s][info][gc,start       ] GC(242) Pause Young (Allocation Failure)
[29.741s][info][gc,heap        ] GC(242) PSYoungGen: 217056K(265216K)->164352K(236032K) Eden: 103936K(103936K)->0K(71680K) From: 113120K(161280K)->164352K(164352K)
[29.741s][info][gc,heap        ] GC(242) ParOldGen: 4348567K(4836352K)->4401727K(4836352K)
[29.741s][info][gc,metaspace   ] GC(242) Metaspace: 6302K(6464K)->6302K(6464K) NonClass: 5769K(5824K)->5769K(5824K) Class: 533K(640K)->533K(640K)
[29.741s][info][gc             ] GC(242) Pause Young (Allocation Failure) 4458M->4459M(4953M) 130.633ms
[29.741s][info][gc,cpu         ] GC(242) User=0.77s Sys=0.14s Real=0.13s
[29.824s][info][gc,start       ] GC(243) Pause Young (Allocation Failure)
[29.960s][info][gc,heap        ] GC(243) PSYoungGen: 236032K(236032K)->151136K(276992K) Eden: 71680K(71680K)->0K(71680K) From: 164352K(164352K)->151136K(205312K)
[29.960s][info][gc,heap        ] GC(243) ParOldGen: 4401727K(4836352K)->4487503K(4836352K)
[29.960s][info][gc,metaspace   ] GC(243) Metaspace: 6302K(6464K)->6302K(6464K) NonClass: 5769K(5824K)->5769K(5824K) Class: 533K(640K)->533K(640K)
[29.960s][info][gc             ] GC(243) Pause Young (Allocation Failure) 4529M->4529M(4993M) 136.009ms
[29.960s][info][gc,cpu         ] GC(243) User=0.94s Sys=0.06s Real=0.14s
[30.035s][info][gc,start       ] GC(244) Pause Young (Allocation Failure)
[30.158s][info][gc,heap        ] GC(244) PSYoungGen: 222816K(276992K)->214016K(260096K) Eden: 71680K(71680K)->0K(46080K) From: 151136K(205312K)->214016K(214016K)
[30.158s][info][gc,heap        ] GC(244) ParOldGen: 4487503K(4836352K)->4496383K(4836352K)
[30.158s][info][gc,metaspace   ] GC(244) Metaspace: 6302K(6464K)->6302K(6464K) NonClass: 5769K(5824K)->5769K(5824K) Class: 533K(640K)->533K(640K)
[30.158s][info][gc             ] GC(244) Pause Young (Allocation Failure) 4599M->4599M(4977M) 123.647ms
[30.158s][info][gc,cpu         ] GC(244) User=0.84s Sys=0.05s Real=0.12s
[30.214s][info][gc,start       ] GC(245) Pause Young (Allocation Failure)
[30.361s][info][gc,heap        ] GC(245) PSYoungGen: 260096K(260096K)->113440K(159744K) Eden: 46080K(46080K)->0K(46080K) From: 214016K(214016K)->113440K(113664K)
[30.361s][info][gc,heap        ] GC(245) ParOldGen: 4496383K(4836352K)->4644239K(4836352K)
[30.361s][info][gc,metaspace   ] GC(245) Metaspace: 6302K(6464K)->6302K(6464K) NonClass: 5769K(5824K)->5769K(5824K) Class: 533K(640K)->533K(640K)
[30.361s][info][gc             ] GC(245) Pause Young (Allocation Failure) 4644M->4646M(4879M) 146.192ms
[30.361s][info][gc,cpu         ] GC(245) User=0.92s Sys=0.08s Real=0.15s
[30.418s][info][gc,start       ] GC(246) Pause Young (Allocation Failure)
[30.508s][info][gc,heap        ] GC(246) PSYoungGen: 159520K(159744K)->92416K(270336K) Eden: 46080K(46080K)->0K(51712K) From: 113440K(113664K)->92416K(218624K)
[30.508s][info][gc,heap        ] GC(246) ParOldGen: 4644239K(4836352K)->4711935K(4836352K)
[30.508s][info][gc,metaspace   ] GC(246) Metaspace: 6302K(6464K)->6302K(6464K) NonClass: 5769K(5824K)->5769K(5824K) Class: 533K(640K)->533K(640K)
[30.508s][info][gc             ] GC(246) Pause Young (Allocation Failure) 4691M->4691M(4987M) 89.851ms
[30.508s][info][gc,cpu         ] GC(246) User=0.61s Sys=0.02s Real=0.09s
[30.508s][info][gc,start       ] GC(247) Pause Full (Ergonomics)
[30.508s][info][gc,phases,start] GC(247) Marking Phase
[31.588s][info][gc,phases      ] GC(247) Marking Phase 1079.762ms
[31.588s][info][gc,phases,start] GC(247) Summary Phase
[31.588s][info][gc,phases      ] GC(247) Summary Phase 0.113ms
[31.588s][info][gc,phases,start] GC(247) Adjust Roots
[31.588s][info][gc,phases      ] GC(247) Adjust Roots 0.208ms
[31.588s][info][gc,phases,start] GC(247) Compaction Phase
[32.008s][info][gc,phases      ] GC(247) Compaction Phase 419.719ms
[32.008s][info][gc,phases,start] GC(247) Post Compact
[32.015s][info][gc,phases      ] GC(247) Post Compact 7.458ms
[32.017s][info][gc,heap        ] GC(247) PSYoungGen: 92416K(270336K)->0K(278016K) Eden: 0K(51712K)->0K(51712K) From: 92416K(218624K)->0K(226304K)
[32.017s][info][gc,heap        ] GC(247) ParOldGen: 4711935K(4836352K)->4800598K(5345792K)
[32.017s][info][gc,metaspace   ] GC(247) Metaspace: 6302K(6464K)->6302K(6464K) NonClass: 5769K(5824K)->5769K(5824K) Class: 533K(640K)->533K(640K)
[32.017s][info][gc             ] GC(247) Pause Full (Ergonomics) 4691M->4688M(5492M) 1509.387ms
[32.017s][info][gc,cpu         ] GC(247) User=11.31s Sys=0.08s Real=1.51s
[32.074s][info][gc,start       ] GC(248) Pause Young (Allocation Failure)
[32.126s][info][gc,heap        ] GC(248) PSYoungGen: 51712K(278016K)->51872K(280576K) Eden: 51712K(51712K)->0K(56832K) From: 0K(226304K)->51872K(223744K)
[32.126s][info][gc,heap        ] GC(248) ParOldGen: 4800598K(5345792K)->4800598K(5345792K)
[32.126s][info][gc,metaspace   ] GC(248) Metaspace: 6302K(6464K)->6302K(6464K) NonClass: 5769K(5824K)->5769K(5824K) Class: 533K(640K)->533K(640K)
[32.126s][info][gc             ] GC(248) Pause Young (Allocation Failure) 4738M->4738M(5494M) 52.056ms
[32.126s][info][gc,cpu         ] GC(248) User=0.17s Sys=0.00s Real=0.05s
[32.188s][info][gc,start       ] GC(249) Pause Young (Allocation Failure)
[32.255s][info][gc,heap        ] GC(249) PSYoungGen: 108704K(280576K)->108864K(165888K) Eden: 56832K(56832K)->0K(56832K) From: 51872K(223744K)->108864K(109056K)
[32.255s][info][gc,heap        ] GC(249) ParOldGen: 4800598K(5345792K)->4800598K(5345792K)
[32.255s][info][gc,metaspace   ] GC(249) Metaspace: 6302K(6464K)->6302K(6464K) NonClass: 5769K(5824K)->5769K(5824K) Class: 533K(640K)->533K(640K)
[32.255s][info][gc             ] GC(249) Pause Young (Allocation Failure) 4794M->4794M(5382M) 67.715ms
[32.256s][info][gc,cpu         ] GC(249) User=0.28s Sys=0.00s Real=0.07s
[32.317s][info][gc,start       ] GC(250) Pause Young (Allocation Failure)
[32.401s][info][gc,heap        ] GC(250) PSYoungGen: 165696K(165888K)->165760K(266240K) Eden: 56832K(56832K)->0K(51712K) From: 108864K(109056K)->165760K(214528K)
[32.401s][info][gc,heap        ] GC(250) ParOldGen: 4800598K(5345792K)->4800598K(5345792K)
[32.401s][info][gc,metaspace   ] GC(250) Metaspace: 6302K(6464K)->6302K(6464K) NonClass: 5769K(5824K)->5769K(5824K) Class: 533K(640K)->533K(640K)
[32.401s][info][gc             ] GC(250) Pause Young (Allocation Failure) 4849M->4849M(5480M) 83.945ms
[32.401s][info][gc,cpu         ] GC(250) User=0.53s Sys=0.00s Real=0.08s
[32.462s][info][gc,start       ] GC(251) Pause Young (Allocation Failure)
[32.565s][info][gc,heap        ] GC(251) PSYoungGen: 217472K(266240K)->217568K(276992K) Eden: 51712K(51712K)->0K(51712K) From: 165760K(214528K)->217568K(225280K)
[32.565s][info][gc,heap        ] GC(251) ParOldGen: 4800598K(5345792K)->4800598K(5345792K)
[32.565s][info][gc,metaspace   ] GC(251) Metaspace: 6302K(6464K)->6302K(6464K) NonClass: 5769K(5824K)->5769K(5824K) Class: 533K(640K)->533K(640K)
[32.565s][info][gc             ] GC(251) Pause Young (Allocation Failure) 4900M->4900M(5491M) 103.018ms
[32.565s][info][gc,cpu         ] GC(251) User=0.77s Sys=0.02s Real=0.10s
[32.626s][info][gc,start       ] GC(252) Pause Young (Allocation Failure)
[32.765s][info][gc,heap        ] GC(252) PSYoungGen: 269280K(276992K)->252416K(268800K) Eden: 51712K(51712K)->0K(16384K) From: 217568K(225280K)->252416K(252416K)
[32.765s][info][gc,heap        ] GC(252) ParOldGen: 4800598K(5345792K)->4817558K(5345792K)
[32.765s][info][gc,metaspace   ] GC(252) Metaspace: 6302K(6464K)->6302K(6464K) NonClass: 5769K(5824K)->5769K(5824K) Class: 533K(640K)->533K(640K)
[32.765s][info][gc             ] GC(252) Pause Young (Allocation Failure) 4951M->4951M(5483M) 138.660ms
[32.765s][info][gc,cpu         ] GC(252) User=0.92s Sys=0.08s Real=0.14s
[32.782s][info][gc,start       ] GC(253) Pause Young (Allocation Failure)
[32.920s][info][gc,heap        ] GC(253) PSYoungGen: 268800K(268800K)->163232K(179712K) Eden: 16384K(16384K)->0K(16384K) From: 252416K(252416K)->163232K(163328K)
[32.920s][info][gc,heap        ] GC(253) ParOldGen: 4817558K(5345792K)->4924046K(5345792K)
[32.920s][info][gc,metaspace   ] GC(253) Metaspace: 6302K(6464K)->6302K(6464K) NonClass: 5769K(5824K)->5769K(5824K) Class: 533K(640K)->533K(640K)
[32.920s][info][gc             ] GC(253) Pause Young (Allocation Failure) 4967M->4968M(5396M) 138.309ms
[32.920s][info][gc,cpu         ] GC(253) User=0.89s Sys=0.12s Real=0.14s
[32.939s][info][gc,start       ] GC(254) Pause Young (Allocation Failure)
[33.039s][info][gc,heap        ] GC(254) PSYoungGen: 179616K(179712K)->80288K(297984K) Eden: 16384K(16384K)->0K(18944K) From: 163232K(163328K)->80288K(279040K)
[33.039s][info][gc,heap        ] GC(254) ParOldGen: 4924046K(5345792K)->5024102K(5345792K)
[33.039s][info][gc,metaspace   ] GC(254) Metaspace: 6302K(6464K)->6302K(6464K) NonClass: 5769K(5824K)->5769K(5824K) Class: 533K(640K)->533K(640K)
[33.039s][info][gc             ] GC(254) Pause Young (Allocation Failure) 4984M->4984M(5511M) 99.428ms
[33.039s][info][gc,cpu         ] GC(254) User=0.59s Sys=0.05s Real=0.10s
[33.059s][info][gc,start       ] GC(255) Pause Young (Allocation Failure)
[33.124s][info][gc,heap        ] GC(255) PSYoungGen: 99232K(297984K)->35488K(302080K) Eden: 18944K(18944K)->0K(18944K) From: 80288K(279040K)->35488K(283136K)
[33.124s][info][gc,heap        ] GC(255) ParOldGen: 5024102K(5345792K)->5088326K(5345792K)
[33.124s][info][gc,metaspace   ] GC(255) Metaspace: 6302K(6464K)->6302K(6464K) NonClass: 5769K(5824K)->5769K(5824K) Class: 533K(640K)->533K(640K)
[33.124s][info][gc             ] GC(255) Pause Young (Allocation Failure) 5003M->5003M(5515M) 64.554ms
[33.124s][info][gc,cpu         ] GC(255) User=0.36s Sys=0.02s Real=0.06s
[33.144s][info][gc,start       ] GC(256) Pause Young (Allocation Failure)
[33.200s][info][gc,heap        ] GC(256) PSYoungGen: 54432K(302080K)->19104K(305152K) Eden: 18944K(18944K)->0K(19968K) From: 35488K(283136K)->19104K(285184K)
[33.200s][info][gc,heap        ] GC(256) ParOldGen: 5088326K(5345792K)->5123942K(5345792K)
[33.200s][info][gc,metaspace   ] GC(256) Metaspace: 6302K(6464K)->6302K(6464K) NonClass: 5769K(5824K)->5769K(5824K) Class: 533K(640K)->533K(640K)
[33.200s][info][gc             ] GC(256) Pause Young (Allocation Failure) 5022M->5022M(5518M) 56.558ms
[33.200s][info][gc,cpu         ] GC(256) User=0.17s Sys=0.00s Real=0.06s
[33.221s][info][gc,start       ] GC(257) Pause Young (Allocation Failure)
[33.270s][info][gc,heap        ] GC(257) PSYoungGen: 39072K(305152K)->20128K(307200K) Eden: 19968K(19968K)->0K(19968K) From: 19104K(285184K)->20128K(287232K)
[33.270s][info][gc,heap        ] GC(257) ParOldGen: 5123942K(5345792K)->5143062K(5345792K)
[33.270s][info][gc,metaspace   ] GC(257) Metaspace: 6302K(6464K)->6302K(6464K) NonClass: 5769K(5824K)->5769K(5824K) Class: 533K(640K)->533K(640K)
[33.270s][info][gc             ] GC(257) Pause Young (Allocation Failure) 5042M->5042M(5520M) 48.468ms
[33.270s][info][gc,cpu         ] GC(257) User=0.16s Sys=0.00s Real=0.05s
[33.292s][info][gc,start       ] GC(258) Pause Young (Allocation Failure)
[33.334s][info][gc,heap        ] GC(258) PSYoungGen: 40096K(307200K)->20160K(301568K) Eden: 19968K(19968K)->0K(23040K) From: 20128K(287232K)->20160K(278528K)
[33.334s][info][gc,heap        ] GC(258) ParOldGen: 5143062K(5345792K)->5163214K(5345792K)
[33.334s][info][gc,metaspace   ] GC(258) Metaspace: 6302K(6464K)->6302K(6464K) NonClass: 5769K(5824K)->5769K(5824K) Class: 533K(640K)->533K(640K)
[33.334s][info][gc             ] GC(258) Pause Young (Allocation Failure) 5061M->5061M(5515M) 42.549ms
[33.334s][info][gc,cpu         ] GC(258) User=0.09s Sys=0.06s Real=0.04s
[33.359s][info][gc,start       ] GC(259) Pause Young (Allocation Failure)
[33.405s][info][gc,heap        ] GC(259) PSYoungGen: 43200K(301568K)->23168K(46592K) Eden: 23040K(23040K)->0K(23040K) From: 20160K(278528K)->23168K(23552K)
[33.405s][info][gc,heap        ] GC(259) ParOldGen: 5163214K(5345792K)->5183366K(5345792K)
[33.405s][info][gc,metaspace   ] GC(259) Metaspace: 6302K(6464K)->6302K(6464K) NonClass: 5769K(5824K)->5769K(5824K) Class: 533K(640K)->533K(640K)
[33.405s][info][gc             ] GC(259) Pause Young (Allocation Failure) 5084M->5084M(5266M) 45.621ms
[33.405s][info][gc,cpu         ] GC(259) User=0.16s Sys=0.00s Real=0.05s
[33.433s][info][gc,start       ] GC(260) Pause Young (Allocation Failure)
[33.479s][info][gc,heap        ] GC(260) PSYoungGen: 46208K(46592K)->23168K(288256K) Eden: 23040K(23040K)->0K(26624K) From: 23168K(23552K)->23168K(261632K)
[33.479s][info][gc,heap        ] GC(260) ParOldGen: 5183366K(5345792K)->5206630K(5345792K)
[33.479s][info][gc,metaspace   ] GC(260) Metaspace: 6302K(6464K)->6302K(6464K) NonClass: 5769K(5824K)->5769K(5824K) Class: 533K(640K)->533K(640K)
[33.479s][info][gc             ] GC(260) Pause Young (Allocation Failure) 5107M->5107M(5502M) 46.558ms
[33.479s][info][gc,cpu         ] GC(260) User=0.14s Sys=0.02s Real=0.05s
[33.512s][info][gc,start       ] GC(261) Pause Young (Allocation Failure)
[33.564s][info][gc,heap        ] GC(261) PSYoungGen: 49792K(288256K)->26720K(53760K) Eden: 26624K(26624K)->0K(26624K) From: 23168K(261632K)->26720K(27136K)
[33.564s][info][gc,heap        ] GC(261) ParOldGen: 5206630K(5345792K)->5229886K(5345792K)
[33.564s][info][gc,metaspace   ] GC(261) Metaspace: 6302K(6464K)->6302K(6464K) NonClass: 5769K(5824K)->5769K(5824K) Class: 533K(640K)->533K(640K)
[33.564s][info][gc             ] GC(261) Pause Young (Allocation Failure) 5133M->5133M(5273M) 51.796ms
[33.564s][info][gc,cpu         ] GC(261) User=0.14s Sys=0.00s Real=0.05s
[33.594s][info][gc,start       ] GC(262) Pause Young (Allocation Failure)
[33.648s][info][gc,heap        ] GC(262) PSYoungGen: 53344K(53760K)->26784K(270848K) Eden: 26624K(26624K)->0K(30720K) From: 26720K(27136K)->26784K(240128K)
[33.648s][info][gc,heap        ] GC(262) ParOldGen: 5229886K(5345792K)->5256750K(5345792K)
[33.648s][info][gc,metaspace   ] GC(262) Metaspace: 6302K(6464K)->6302K(6464K) NonClass: 5769K(5824K)->5769K(5824K) Class: 533K(640K)->533K(640K)
[33.648s][info][gc             ] GC(262) Pause Young (Allocation Failure) 5159M->5159M(5485M) 54.112ms
[33.648s][info][gc,cpu         ] GC(262) User=0.16s Sys=0.00s Real=0.06s
[33.649s][info][gc,start       ] GC(263) Pause Full (Ergonomics)
[33.649s][info][gc,phases,start] GC(263) Marking Phase
[34.846s][info][gc,phases      ] GC(263) Marking Phase 1197.763ms
[34.846s][info][gc,phases,start] GC(263) Summary Phase
[34.846s][info][gc,phases      ] GC(263) Summary Phase 0.091ms
[34.846s][info][gc,phases,start] GC(263) Adjust Roots
[34.847s][info][gc,phases      ] GC(263) Adjust Roots 0.208ms
[34.847s][info][gc,phases,start] GC(263) Compaction Phase
[35.328s][info][gc,phases      ] GC(263) Compaction Phase 481.081ms
[35.328s][info][gc,phases,start] GC(263) Post Compact
[35.338s][info][gc,phases      ] GC(263) Post Compact 10.528ms
[35.340s][info][gc,heap        ] GC(263) PSYoungGen: 26784K(270848K)->0K(280576K) Eden: 0K(30720K)->0K(30720K) From: 26784K(240128K)->0K(249856K)
[35.340s][info][gc,heap        ] GC(263) ParOldGen: 5256750K(5345792K)->5278845K(5830144K)
[35.340s][info][gc,metaspace   ] GC(263) Metaspace: 6302K(6464K)->6302K(6464K) NonClass: 5769K(5824K)->5769K(5824K) Class: 533K(640K)->533K(640K)
[35.340s][info][gc             ] GC(263) Pause Full (Ergonomics) 5159M->5155M(5967M) 1691.415ms
[35.340s][info][gc,cpu         ] GC(263) User=12.33s Sys=0.02s Real=1.69s
[35.376s][info][gc,start       ] GC(264) Pause Young (Allocation Failure)
[35.418s][info][gc,heap        ] GC(264) PSYoungGen: 30720K(280576K)->30880K(261120K) Eden: 30720K(30720K)->0K(33792K) From: 0K(249856K)->30880K(227328K)
[35.418s][info][gc,heap        ] GC(264) ParOldGen: 5278845K(5830144K)->5278845K(5830144K)
[35.418s][info][gc,metaspace   ] GC(264) Metaspace: 6302K(6464K)->6302K(6464K) NonClass: 5769K(5824K)->5769K(5824K) Class: 533K(640K)->533K(640K)
[35.418s][info][gc             ] GC(264) Pause Young (Allocation Failure) 5185M->5185M(5948M) 42.182ms
[35.418s][info][gc,cpu         ] GC(264) User=0.08s Sys=0.00s Real=0.04s
[35.456s][info][gc,start       ] GC(265) Pause Young (Allocation Failure)
[35.511s][info][gc,heap        ] GC(265) PSYoungGen: 64672K(261120K)->64704K(98816K) Eden: 33792K(33792K)->0K(33792K) From: 30880K(227328K)->64704K(65024K)
[35.511s][info][gc,heap        ] GC(265) ParOldGen: 5278845K(5830144K)->5278845K(5830144K)
[35.511s][info][gc,metaspace   ] GC(265) Metaspace: 6302K(6464K)->6302K(6464K) NonClass: 5769K(5824K)->5769K(5824K) Class: 533K(640K)->533K(640K)
[35.511s][info][gc             ] GC(265) Pause Young (Allocation Failure) 5218M->5218M(5790M) 54.573ms
[35.511s][info][gc,cpu         ] GC(265) User=0.17s Sys=0.02s Real=0.05s
[35.548s][info][gc,start       ] GC(266) Pause Young (Allocation Failure)
[35.612s][info][gc,heap        ] GC(266) PSYoungGen: 98496K(98816K)->67776K(229376K) Eden: 33792K(33792K)->0K(37888K) From: 64704K(65024K)->67776K(191488K)
[35.613s][info][gc,heap        ] GC(266) ParOldGen: 5278845K(5830144K)->5309853K(5830144K)
[35.613s][info][gc,metaspace   ] GC(266) Metaspace: 6302K(6464K)->6302K(6464K) NonClass: 5769K(5824K)->5769K(5824K) Class: 533K(640K)->533K(640K)
[35.613s][info][gc             ] GC(266) Pause Young (Allocation Failure) 5251M->5251M(5917M) 64.396ms
[35.613s][info][gc,cpu         ] GC(266) User=0.23s Sys=0.02s Real=0.07s
[35.656s][info][gc,start       ] GC(267) Pause Young (Allocation Failure)
[35.726s][info][gc,heap        ] GC(267) PSYoungGen: 105664K(229376K)->71904K(110080K) Eden: 37888K(37888K)->0K(37888K) From: 67776K(191488K)->71904K(72192K)
[35.726s][info][gc,heap        ] GC(267) ParOldGen: 5309853K(5830144K)->5343949K(5830144K)
[35.726s][info][gc,metaspace   ] GC(267) Metaspace: 6302K(6464K)->6302K(6464K) NonClass: 5769K(5824K)->5769K(5824K) Class: 533K(640K)->533K(640K)
[35.726s][info][gc             ] GC(267) Pause Young (Allocation Failure) 5288M->5288M(5801M) 70.073ms
[35.726s][info][gc,cpu         ] GC(267) User=0.36s Sys=0.00s Real=0.07s
[35.768s][info][gc,start       ] GC(268) Pause Young (Allocation Failure)
[35.840s][info][gc,heap        ] GC(268) PSYoungGen: 109792K(110080K)->76032K(218624K) Eden: 37888K(37888K)->0K(42496K) From: 71904K(72192K)->76032K(176128K)
[35.840s][info][gc,heap        ] GC(268) ParOldGen: 5343949K(5830144K)->5378053K(5830144K)
[35.840s][info][gc,metaspace   ] GC(268) Metaspace: 6302K(6464K)->6302K(6464K) NonClass: 5769K(5824K)->5769K(5824K) Class: 533K(640K)->533K(640K)
[35.840s][info][gc             ] GC(268) Pause Young (Allocation Failure) 5325M->5326M(5907M) 71.273ms
[35.840s][info][gc,cpu         ] GC(268) User=0.38s Sys=0.03s Real=0.07s
[35.894s][info][gc,start       ] GC(269) Pause Young (Allocation Failure)
[35.966s][info][gc,heap        ] GC(269) PSYoungGen: 118528K(218624K)->80640K(123392K) Eden: 42496K(42496K)->0K(42496K) From: 76032K(176128K)->80640K(80896K)
[35.966s][info][gc,heap        ] GC(269) ParOldGen: 5378053K(5830144K)->5416285K(5830144K)
[35.966s][info][gc,metaspace   ] GC(269) Metaspace: 6302K(6464K)->6302K(6464K) NonClass: 5769K(5824K)->5769K(5824K) Class: 533K(640K)->533K(640K)
[35.966s][info][gc             ] GC(269) Pause Young (Allocation Failure) 5367M->5368M(5814M) 72.443ms
[35.966s][info][gc,cpu         ] GC(269) User=0.39s Sys=0.00s Real=0.07s
[36.017s][info][gc,start       ] GC(270) Pause Young (Allocation Failure)
[36.091s][info][gc,heap        ] GC(270) PSYoungGen: 123136K(123392K)->85248K(215040K) Eden: 42496K(42496K)->0K(47616K) From: 80640K(80896K)->85248K(167424K)
[36.091s][info][gc,heap        ] GC(270) ParOldGen: 5416285K(5830144K)->5454517K(5830144K)
[36.091s][info][gc,metaspace   ] GC(270) Metaspace: 6302K(6464K)->6302K(6464K) NonClass: 5769K(5824K)->5769K(5824K) Class: 533K(640K)->533K(640K)
[36.091s][info][gc             ] GC(270) Pause Young (Allocation Failure) 5409M->5409M(5903M) 73.832ms
[36.091s][info][gc,cpu         ] GC(270) User=0.38s Sys=0.03s Real=0.07s
[36.145s][info][gc,start       ] GC(271) Pause Young (Allocation Failure)
[36.227s][info][gc,heap        ] GC(271) PSYoungGen: 132864K(215040K)->90400K(220160K) Eden: 47616K(47616K)->0K(47616K) From: 85248K(167424K)->90400K(172544K)
[36.228s][info][gc,heap        ] GC(271) ParOldGen: 5454517K(5830144K)->5497413K(5830144K)
[36.228s][info][gc,metaspace   ] GC(271) Metaspace: 6302K(6464K)->6302K(6464K) NonClass: 5769K(5824K)->5769K(5824K) Class: 533K(640K)->533K(640K)
[36.228s][info][gc             ] GC(271) Pause Young (Allocation Failure) 5456M->5456M(5908M) 82.637ms
[36.228s][info][gc,cpu         ] GC(271) User=0.48s Sys=0.00s Real=0.08s
[36.282s][info][gc,start       ] GC(272) Pause Young (Allocation Failure)
[36.359s][info][gc,heap        ] GC(272) PSYoungGen: 138016K(220160K)->95520K(220672K) Eden: 47616K(47616K)->0K(53248K) From: 90400K(172544K)->95520K(167424K)
[36.360s][info][gc,heap        ] GC(272) ParOldGen: 5497413K(5830144K)->5540293K(5830144K)
[36.360s][info][gc,metaspace   ] GC(272) Metaspace: 6302K(6464K)->6302K(6464K) NonClass: 5769K(5824K)->5769K(5824K) Class: 533K(640K)->533K(640K)
[36.360s][info][gc             ] GC(272) Pause Young (Allocation Failure) 5503M->5503M(5909M) 77.087ms
[36.360s][info][gc,cpu         ] GC(272) User=0.50s Sys=0.00s Real=0.08s
[36.425s][info][gc,start       ] GC(273) Pause Young (Allocation Failure)
[36.508s][info][gc,heap        ] GC(273) PSYoungGen: 148768K(220672K)->101120K(221696K) Eden: 53248K(53248K)->0K(53248K) From: 95520K(167424K)->101120K(168448K)
[36.509s][info][gc,heap        ] GC(273) ParOldGen: 5540293K(5830144K)->5588349K(5830144K)
[36.509s][info][gc,metaspace   ] GC(273) Metaspace: 6302K(6464K)->6302K(6464K) NonClass: 5769K(5824K)->5769K(5824K) Class: 533K(640K)->533K(640K)
[36.509s][info][gc             ] GC(273) Pause Young (Allocation Failure) 5555M->5556M(5910M) 83.424ms
[36.509s][info][gc,cpu         ] GC(273) User=0.48s Sys=0.03s Real=0.08s
[36.576s][info][gc,start       ] GC(274) Pause Young (Allocation Failure)
[36.663s][info][gc,heap        ] GC(274) PSYoungGen: 154368K(221696K)->106816K(226816K) Eden: 53248K(53248K)->0K(58368K) From: 101120K(168448K)->106816K(168448K)
[36.663s][info][gc,heap        ] GC(274) ParOldGen: 5588349K(5830144K)->5636405K(5830144K)
[36.663s][info][gc,metaspace   ] GC(274) Metaspace: 6302K(6464K)->6302K(6464K) NonClass: 5769K(5824K)->5769K(5824K) Class: 533K(640K)->533K(640K)
[36.663s][info][gc             ] GC(274) Pause Young (Allocation Failure) 5608M->5608M(5915M) 87.603ms
[36.663s][info][gc,cpu         ] GC(274) User=0.44s Sys=0.08s Real=0.09s
[37.825s][info][gc,start       ] GC(275) Pause Young (Allocation Failure)
[38.044s][info][gc,heap        ] GC(275) PSYoungGen: 165184K(226816K)->111904K(228352K) Eden: 58368K(58368K)->0K(58368K) From: 106816K(168448K)->111904K(169984K)
[38.044s][info][gc,heap        ] GC(275) ParOldGen: 5898549K(6092800K)->5952293K(6092800K)
[38.044s][info][gc,metaspace   ] GC(275) Metaspace: 6302K(6464K)->6302K(6464K) NonClass: 5769K(5824K)->5769K(5824K) Class: 533K(640K)->533K(640K)
[38.044s][info][gc             ] GC(275) Pause Young (Allocation Failure) 5921M->5922M(6173M) 219.035ms
[38.044s][info][gc,cpu         ] GC(275) User=1.25s Sys=0.05s Real=0.22s
[38.107s][info][gc,start       ] GC(276) Pause Young (Allocation Failure)
[38.224s][info][gc,heap        ] GC(276) PSYoungGen: 170272K(228352K)->170336K(213504K) Eden: 58368K(58368K)->0K(40960K) From: 111904K(169984K)->170336K(172544K)
[38.224s][info][gc,heap        ] GC(276) ParOldGen: 5952293K(6092800K)->5952293K(6092800K)
[38.224s][info][gc,metaspace   ] GC(276) Metaspace: 6302K(6464K)->6302K(6464K) NonClass: 5769K(5824K)->5769K(5824K) Class: 533K(640K)->533K(640K)
[38.224s][info][gc             ] GC(276) Pause Young (Allocation Failure) 5979M->5979M(6158M) 117.556ms
[38.224s][info][gc,cpu         ] GC(276) User=0.36s Sys=0.00s Real=0.12s
[38.272s][info][gc,start       ] GC(277) Pause Young (Allocation Failure)
[38.394s][info][gc,heap        ] GC(277) PSYoungGen: 211296K(213504K)->158048K(236544K) Eden: 40960K(40960K)->0K(40960K) From: 170336K(172544K)->158048K(195584K)
[38.394s][info][gc,heap        ] GC(277) ParOldGen: 5952293K(6092800K)->6006021K(6092800K)
[38.394s][info][gc,metaspace   ] GC(277) Metaspace: 6302K(6464K)->6302K(6464K) NonClass: 5769K(5824K)->5769K(5824K) Class: 533K(640K)->533K(640K)
[38.394s][info][gc             ] GC(277) Pause Young (Allocation Failure) 6019M->6019M(6181M) 121.365ms
[38.394s][info][gc,cpu         ] GC(277) User=0.42s Sys=0.02s Real=0.12s
[38.440s][info][gc,start       ] GC(278) Pause Young (Allocation Failure)
[38.568s][info][gc,heap        ] GC(278) PSYoungGen: 199008K(236544K)->140608K(250880K) Eden: 40960K(40960K)->0K(41472K) From: 158048K(195584K)->140608K(209408K)
[38.568s][info][gc,heap        ] GC(278) ParOldGen: 6006021K(6092800K)->6064925K(6092800K)
[38.568s][info][gc,metaspace   ] GC(278) Metaspace: 6302K(6464K)->6302K(6464K) NonClass: 5769K(5824K)->5769K(5824K) Class: 533K(640K)->533K(640K)
[38.568s][info][gc             ] GC(278) Pause Young (Allocation Failure) 6059M->6060M(6195M) 127.528ms
[38.568s][info][gc,cpu         ] GC(278) User=0.38s Sys=0.03s Real=0.13s
[38.568s][info][gc,start       ] GC(279) Pause Full (Ergonomics)
[38.568s][info][gc,phases,start] GC(279) Marking Phase
[39.895s][info][gc,phases      ] GC(279) Marking Phase 1326.548ms
[39.895s][info][gc,phases,start] GC(279) Summary Phase
[39.895s][info][gc,phases      ] GC(279) Summary Phase 0.165ms
[39.895s][info][gc,phases,start] GC(279) Adjust Roots
[39.895s][info][gc,phases      ] GC(279) Adjust Roots 0.369ms
[39.895s][info][gc,phases,start] GC(279) Compaction Phase
[40.893s][info][gc,phases      ] GC(279) Compaction Phase 997.748ms
[40.893s][info][gc,phases,start] GC(279) Post Compact
[40.904s][info][gc,phases      ] GC(279) Post Compact 11.024ms
[40.906s][info][gc,heap        ] GC(279) PSYoungGen: 140608K(250880K)->0K(255488K) Eden: 0K(41472K)->0K(41472K) From: 140608K(209408K)->0K(214016K)
[40.906s][info][gc,heap        ] GC(279) ParOldGen: 6064925K(6092800K)->6068887K(6640128K)
[40.906s][info][gc,metaspace   ] GC(279) Metaspace: 6302K(6464K)->6302K(6464K) NonClass: 5769K(5824K)->5769K(5824K) Class: 533K(640K)->533K(640K)
[40.906s][info][gc             ] GC(279) Pause Full (Ergonomics) 6060M->5926M(6734M) 2338.077ms
[40.906s][info][gc,cpu         ] GC(279) User=15.98s Sys=0.09s Real=2.34s
[40.950s][info][gc,start       ] GC(280) Pause Young (Allocation Failure)
[41.023s][info][gc,heap        ] GC(280) PSYoungGen: 41472K(255488K)->41696K(258048K) Eden: 41472K(41472K)->0K(46080K) From: 0K(214016K)->41696K(211968K)
[41.023s][info][gc,heap        ] GC(280) ParOldGen: 6068887K(6640128K)->6068887K(6640128K)
[41.023s][info][gc,metaspace   ] GC(280) Metaspace: 6302K(6464K)->6302K(6464K) NonClass: 5769K(5824K)->5769K(5824K) Class: 533K(640K)->533K(640K)
[41.023s][info][gc             ] GC(280) Pause Young (Allocation Failure) 5967M->5967M(6736M) 73.341ms
[41.023s][info][gc,cpu         ] GC(280) User=0.08s Sys=0.00s Real=0.07s
[41.071s][info][gc,start       ] GC(281) Pause Young (Allocation Failure)
[41.154s][info][gc,heap        ] GC(281) PSYoungGen: 87776K(258048K)->87808K(134144K) Eden: 46080K(46080K)->0K(46080K) From: 41696K(211968K)->87808K(88064K)
[41.154s][info][gc,heap        ] GC(281) ParOldGen: 6068887K(6640128K)->6068887K(6640128K)
[41.154s][info][gc,metaspace   ] GC(281) Metaspace: 6302K(6464K)->6302K(6464K) NonClass: 5769K(5824K)->5769K(5824K) Class: 533K(640K)->533K(640K)
[41.154s][info][gc             ] GC(281) Pause Young (Allocation Failure) 6012M->6012M(6615M) 82.948ms
[41.154s][info][gc,cpu         ] GC(281) User=0.23s Sys=0.00s Real=0.08s
[41.202s][info][gc,start       ] GC(282) Pause Young (Allocation Failure)
[41.299s][info][gc,heap        ] GC(282) PSYoungGen: 133888K(134144K)->133984K(250880K) Eden: 46080K(46080K)->0K(47616K) From: 87808K(88064K)->133984K(203264K)
[41.299s][info][gc,heap        ] GC(282) ParOldGen: 6068887K(6640128K)->6068887K(6640128K)
[41.299s][info][gc,metaspace   ] GC(282) Metaspace: 6302K(6464K)->6302K(6464K) NonClass: 5769K(5824K)->5769K(5824K) Class: 533K(640K)->533K(640K)
[41.299s][info][gc             ] GC(282) Pause Young (Allocation Failure) 6057M->6057M(6729M) 96.346ms
[41.299s][info][gc,cpu         ] GC(282) User=0.22s Sys=0.00s Real=0.10s
[41.353s][info][gc,start       ] GC(283) Pause Young (Allocation Failure)
[41.468s][info][gc,heap        ] GC(283) PSYoungGen: 181600K(250880K)->140128K(254464K) Eden: 47616K(47616K)->0K(47616K) From: 133984K(203264K)->140128K(206848K)
[41.468s][info][gc,heap        ] GC(283) ParOldGen: 6068887K(6640128K)->6110735K(6640128K)
[41.468s][info][gc,metaspace   ] GC(283) Metaspace: 6302K(6464K)->6302K(6464K) NonClass: 5769K(5824K)->5769K(5824K) Class: 533K(640K)->533K(640K)
[41.468s][info][gc             ] GC(283) Pause Young (Allocation Failure) 6103M->6104M(6733M) 114.507ms
[41.468s][info][gc,cpu         ] GC(283) User=0.48s Sys=0.00s Real=0.11s
[41.520s][info][gc,start       ] GC(284) Pause Young (Allocation Failure)
[41.638s][info][gc,heap        ] GC(284) PSYoungGen: 187744K(254464K)->95488K(246784K) Eden: 47616K(47616K)->0K(53760K) From: 140128K(206848K)->95488K(193024K)
[41.638s][info][gc,heap        ] GC(284) ParOldGen: 6110735K(6640128K)->6203695K(6640128K)
[41.638s][info][gc,metaspace   ] GC(284) Metaspace: 6302K(6464K)->6302K(6464K) NonClass: 5769K(5824K)->5769K(5824K) Class: 533K(640K)->533K(640K)
[41.638s][info][gc             ] GC(284) Pause Young (Allocation Failure) 6150M->6151M(6725M) 118.055ms
[41.638s][info][gc,cpu         ] GC(284) User=0.39s Sys=0.03s Real=0.12s
[41.694s][info][gc,start       ] GC(285) Pause Young (Allocation Failure)
[41.800s][info][gc,heap        ] GC(285) PSYoungGen: 149248K(246784K)->53952K(255488K) Eden: 53760K(53760K)->0K(53760K) From: 95488K(193024K)->53952K(201728K)
[41.800s][info][gc,heap        ] GC(285) ParOldGen: 6203695K(6640128K)->6299767K(6640128K)
[41.800s][info][gc,metaspace   ] GC(285) Metaspace: 6302K(6464K)->6302K(6464K) NonClass: 5769K(5824K)->5769K(5824K) Class: 533K(640K)->533K(640K)
[41.800s][info][gc             ] GC(285) Pause Young (Allocation Failure) 6204M->6204M(6734M) 106.600ms
[41.800s][info][gc,cpu         ] GC(285) User=0.38s Sys=0.05s Real=0.11s
[41.855s][info][gc,start       ] GC(286) Pause Young (Allocation Failure)
[41.948s][info][gc,heap        ] GC(286) PSYoungGen: 107712K(255488K)->54016K(256512K) Eden: 53760K(53760K)->0K(60928K) From: 53952K(201728K)->54016K(195584K)
[41.948s][info][gc,heap        ] GC(286) ParOldGen: 6299767K(6640128K)->6354015K(6640128K)
[41.948s][info][gc,metaspace   ] GC(286) Metaspace: 6302K(6464K)->6302K(6464K) NonClass: 5769K(5824K)->5769K(5824K) Class: 533K(640K)->533K(640K)
[41.948s][info][gc             ] GC(286) Pause Young (Allocation Failure) 6257M->6257M(6735M) 93.736ms
[41.948s][info][gc,cpu         ] GC(286) User=0.28s Sys=0.02s Real=0.09s
[42.013s][info][gc,start       ] GC(287) Pause Young (Allocation Failure)
[42.110s][info][gc,heap        ] GC(287) PSYoungGen: 114944K(256512K)->61152K(258560K) Eden: 60928K(60928K)->0K(60928K) From: 54016K(195584K)->61152K(197632K)
[42.110s][info][gc,heap        ] GC(287) ParOldGen: 6354015K(6640128K)->6408271K(6640128K)
[42.110s][info][gc,metaspace   ] GC(287) Metaspace: 6302K(6464K)->6302K(6464K) NonClass: 5769K(5824K)->5769K(5824K) Class: 533K(640K)->533K(640K)
[42.110s][info][gc             ] GC(287) Pause Young (Allocation Failure) 6317M->6317M(6737M) 96.992ms
[42.110s][info][gc,cpu         ] GC(287) User=0.31s Sys=0.00s Real=0.10s
[42.185s][info][gc,start       ] GC(288) Pause Young (Allocation Failure)
[42.286s][info][gc,heap        ] GC(288) PSYoungGen: 122080K(258560K)->61152K(250880K) Eden: 60928K(60928K)->0K(68608K) From: 61152K(197632K)->61152K(182272K)
[42.286s][info][gc,heap        ] GC(288) ParOldGen: 6408271K(6640128K)->6469751K(6640128K)
[42.286s][info][gc,metaspace   ] GC(288) Metaspace: 6302K(6464K)->6302K(6464K) NonClass: 5769K(5824K)->5769K(5824K) Class: 533K(640K)->533K(640K)
[42.286s][info][gc             ] GC(288) Pause Young (Allocation Failure) 6377M->6377M(6729M) 100.477ms
[42.286s][info][gc,cpu         ] GC(288) User=0.28s Sys=0.03s Real=0.10s
[42.355s][info][gc,start       ] GC(289) Pause Young (Allocation Failure)
[42.457s][info][gc,heap        ] GC(289) PSYoungGen: 129760K(250880K)->68832K(256000K) Eden: 68608K(68608K)->0K(68608K) From: 61152K(182272K)->68832K(187392K)
[42.458s][info][gc,heap        ] GC(289) ParOldGen: 6469751K(6640128K)->6531223K(6640128K)
[42.458s][info][gc,metaspace   ] GC(289) Metaspace: 6302K(6464K)->6302K(6464K) NonClass: 5769K(5824K)->5769K(5824K) Class: 533K(640K)->533K(640K)
[42.458s][info][gc             ] GC(289) Pause Young (Allocation Failure) 6444M->6445M(6734M) 102.900ms
[42.458s][info][gc,cpu         ] GC(289) User=0.31s Sys=0.02s Real=0.10s
[42.534s][info][gc,start       ] GC(290) Pause Young (Allocation Failure)
[42.636s][info][gc,heap        ] GC(290) PSYoungGen: 137440K(256000K)->68832K(244736K) Eden: 68608K(68608K)->0K(77312K) From: 68832K(187392K)->68832K(167424K)
[42.636s][info][gc,heap        ] GC(290) ParOldGen: 6531223K(6640128K)->6600447K(6640128K)
[42.636s][info][gc,metaspace   ] GC(290) Metaspace: 6302K(6464K)->6302K(6464K) NonClass: 5769K(5824K)->5769K(5824K) Class: 533K(640K)->533K(640K)
[42.637s][info][gc             ] GC(290) Pause Young (Allocation Failure) 6512M->6512M(6723M) 102.178ms
[42.637s][info][gc,cpu         ] GC(290) User=0.39s Sys=0.05s Real=0.10s
[42.637s][info][gc,start       ] GC(291) Pause Full (Ergonomics)
[42.637s][info][gc,phases,start] GC(291) Marking Phase
[44.124s][info][gc,phases      ] GC(291) Marking Phase 1487.581ms
[44.124s][info][gc,phases,start] GC(291) Summary Phase
[44.124s][info][gc,phases      ] GC(291) Summary Phase 0.076ms
[44.124s][info][gc,phases,start] GC(291) Adjust Roots
[44.125s][info][gc,phases      ] GC(291) Adjust Roots 0.170ms
[44.125s][info][gc,phases,start] GC(291) Compaction Phase
[44.795s][info][gc,phases      ] GC(291) Compaction Phase 670.610ms
[44.795s][info][gc,phases,start] GC(291) Post Compact
[44.805s][info][gc,phases      ] GC(291) Post Compact 9.798ms
[44.806s][info][gc,heap        ] GC(291) PSYoungGen: 68832K(244736K)->24118K(251392K) Eden: 0K(77312K)->0K(83968K) From: 68832K(167424K)->24118K(167424K)
[44.806s][info][gc,heap        ] GC(291) ParOldGen: 6600447K(6640128K)->6639879K(6963200K)
[44.806s][info][gc,metaspace   ] GC(291) Metaspace: 6302K(6464K)->6302K(6464K) NonClass: 5769K(5824K)->5769K(5824K) Class: 533K(640K)->533K(640K)
[44.806s][info][gc             ] GC(291) Pause Full (Ergonomics) 6512M->6507M(7045M) 2169.492ms
[44.806s][info][gc,cpu         ] GC(291) User=15.31s Sys=0.06s Real=2.17s
[44.914s][info][gc,start       ] GC(292) Pause Young (Allocation Failure)
[45.247s][info][gc,heap        ] GC(292) PSYoungGen: 108086K(251392K)->84224K(168448K) Eden: 83968K(83968K)->0K(83968K) From: 24118K(167424K)->84224K(84480K)
[45.247s][info][gc,heap        ] GC(292) ParOldGen: 6639879K(6963200K)->6664247K(6963200K)
[45.247s][info][gc,metaspace   ] GC(292) Metaspace: 6302K(6464K)->6302K(6464K) NonClass: 5769K(5824K)->5769K(5824K) Class: 533K(640K)->533K(640K)
[45.247s][info][gc             ] GC(292) Pause Young (Allocation Failure) 6589M->6590M(6964M) 332.429ms
[45.247s][info][gc,cpu         ] GC(292) User=2.19s Sys=0.05s Real=0.33s
[45.334s][info][gc,start       ] GC(293) Pause Young (Allocation Failure)
[45.455s][info][gc,heap        ] GC(293) PSYoungGen: 168192K(168448K)->84288K(242176K) Eden: 83968K(83968K)->0K(92672K) From: 84224K(84480K)->84288K(149504K)
[45.455s][info][gc,heap        ] GC(293) ParOldGen: 6664247K(6963200K)->6748991K(6963200K)
[45.455s][info][gc,metaspace   ] GC(293) Metaspace: 6302K(6464K)->6302K(6464K) NonClass: 5769K(5824K)->5769K(5824K) Class: 533K(640K)->533K(640K)
[45.455s][info][gc             ] GC(293) Pause Young (Allocation Failure) 6672M->6673M(7036M) 120.945ms
[45.455s][info][gc,cpu         ] GC(293) User=0.39s Sys=0.06s Real=0.12s
[45.558s][info][gc,start       ] GC(294) Pause Young (Allocation Failure)
[45.681s][info][gc,heap        ] GC(294) PSYoungGen: 176960K(242176K)->92928K(249856K) Eden: 92672K(92672K)->0K(92672K) From: 84288K(149504K)->92928K(157184K)
[45.681s][info][gc,heap        ] GC(294) ParOldGen: 6748991K(6963200K)->6833743K(6963200K)
[45.681s][info][gc,metaspace   ] GC(294) Metaspace: 6302K(6464K)->6302K(6464K) NonClass: 5769K(5824K)->5769K(5824K) Class: 533K(640K)->533K(640K)
[45.681s][info][gc             ] GC(294) Pause Young (Allocation Failure) 6763M->6764M(7044M) 123.351ms
[45.681s][info][gc,cpu         ] GC(294) User=0.42s Sys=0.02s Real=0.12s
[45.781s][info][gc,start       ] GC(295) Pause Young (Allocation Failure)
[45.912s][info][gc,heap        ] GC(295) PSYoungGen: 185600K(249856K)->92960K(248832K) Eden: 92672K(92672K)->0K(102912K) From: 92928K(157184K)->92960K(145920K)
[45.912s][info][gc,heap        ] GC(295) ParOldGen: 6833743K(6963200K)->6927263K(6963200K)
[45.912s][info][gc,metaspace   ] GC(295) Metaspace: 6302K(6464K)->6302K(6464K) NonClass: 5769K(5824K)->5769K(5824K) Class: 533K(640K)->533K(640K)
[45.912s][info][gc             ] GC(295) Pause Young (Allocation Failure) 6854M->6855M(7043M) 130.788ms
[45.912s][info][gc,cpu         ] GC(295) User=0.44s Sys=0.05s Real=0.13s
[45.912s][info][gc,start       ] GC(296) Pause Full (Ergonomics)
[45.912s][info][gc,phases,start] GC(296) Marking Phase
[47.493s][info][gc,phases      ] GC(296) Marking Phase 1580.858ms
[47.493s][info][gc,phases,start] GC(296) Summary Phase
[47.493s][info][gc,phases      ] GC(296) Summary Phase 0.088ms
[47.493s][info][gc,phases,start] GC(296) Adjust Roots
[47.493s][info][gc,phases      ] GC(296) Adjust Roots 0.281ms
[47.493s][info][gc,phases,start] GC(296) Compaction Phase
[48.131s][info][gc,phases      ] GC(296) Compaction Phase 637.709ms
[48.131s][info][gc,phases,start] GC(296) Post Compact
[48.142s][info][gc,phases      ] GC(296) Post Compact 10.442ms
[48.142s][info][gc,heap        ] GC(296) PSYoungGen: 92960K(248832K)->54301K(252416K) Eden: 0K(102912K)->0K(106496K) From: 92960K(145920K)->54301K(145920K)
[48.142s][info][gc,heap        ] GC(296) ParOldGen: 6927263K(6963200K)->6962846K(6963200K)
[48.142s][info][gc,metaspace   ] GC(296) Metaspace: 6302K(6464K)->6302K(6464K) NonClass: 5769K(5824K)->5769K(5824K) Class: 533K(640K)->533K(640K)
[48.142s][info][gc             ] GC(296) Pause Full (Ergonomics) 6855M->6852M(7046M) 2229.784ms
[48.142s][info][gc,cpu         ] GC(296) User=16.20s Sys=0.02s Real=2.23s
[48.250s][info][gc,start       ] GC(297) Pause Full (Ergonomics)
[48.250s][info][gc,phases,start] GC(297) Marking Phase
[49.871s][info][gc,phases      ] GC(297) Marking Phase 1621.386ms
[49.871s][info][gc,phases,start] GC(297) Summary Phase
[49.872s][info][gc,phases      ] GC(297) Summary Phase 0.078ms
[49.872s][info][gc,phases,start] GC(297) Adjust Roots
[49.872s][info][gc,phases      ] GC(297) Adjust Roots 0.168ms
[49.872s][info][gc,phases,start] GC(297) Compaction Phase
[50.444s][info][gc,phases      ] GC(297) Compaction Phase 572.306ms
[50.444s][info][gc,phases,start] GC(297) Post Compact
[50.455s][info][gc,phases      ] GC(297) Post Compact 10.634ms
[50.455s][info][gc,heap        ] GC(297) PSYoungGen: 160797K(252416K)->160763K(252416K) Eden: 106496K(106496K)->106461K(106496K) From: 54301K(145920K)->54301K(145920K)
[50.455s][info][gc,heap        ] GC(297) ParOldGen: 6962846K(6963200K)->6962846K(6963200K)
[50.455s][info][gc,metaspace   ] GC(297) Metaspace: 6302K(6464K)->6302K(6464K) NonClass: 5769K(5824K)->5769K(5824K) Class: 533K(640K)->533K(640K)
[50.455s][info][gc             ] GC(297) Pause Full (Ergonomics) 6956M->6956M(7046M) 2204.991ms
[50.455s][info][gc,cpu         ] GC(297) User=15.94s Sys=0.00s Real=2.20s
[50.455s][info][gc,start       ] GC(298) Pause Full (Ergonomics)
[50.455s][info][gc,phases,start] GC(298) Marking Phase
[52.050s][info][gc,phases      ] GC(298) Marking Phase 1594.941ms
[52.050s][info][gc,phases,start] GC(298) Summary Phase
[52.050s][info][gc,phases      ] GC(298) Summary Phase 0.089ms
[52.050s][info][gc,phases,start] GC(298) Adjust Roots
[52.051s][info][gc,phases      ] GC(298) Adjust Roots 0.253ms
[52.051s][info][gc,phases,start] GC(298) Compaction Phase
[52.583s][info][gc,phases      ] GC(298) Compaction Phase 532.204ms
[52.583s][info][gc,phases,start] GC(298) Post Compact
[52.594s][info][gc,phases      ] GC(298) Post Compact 10.668ms
[52.594s][info][gc,heap        ] GC(298) PSYoungGen: 160797K(252416K)->160797K(252416K) Eden: 106496K(106496K)->106495K(106496K) From: 54301K(145920K)->54301K(145920K)
[52.594s][info][gc,heap        ] GC(298) ParOldGen: 6962846K(6963200K)->6962846K(6963200K)
[52.594s][info][gc,metaspace   ] GC(298) Metaspace: 6302K(6464K)->6302K(6464K) NonClass: 5769K(5824K)->5769K(5824K) Class: 533K(640K)->533K(640K)
[52.594s][info][gc             ] GC(298) Pause Full (Ergonomics) 6956M->6956M(7046M) 2138.522ms
[52.594s][info][gc,cpu         ] GC(298) User=15.97s Sys=0.00s Real=2.14s
[52.594s][info][gc,start       ] GC(299) Pause Full (Ergonomics)
[52.594s][info][gc,phases,start] GC(299) Marking Phase
[54.176s][info][gc,phases      ] GC(299) Marking Phase 1582.353ms
[54.176s][info][gc,phases,start] GC(299) Summary Phase
[54.176s][info][gc,phases      ] GC(299) Summary Phase 0.072ms
[54.176s][info][gc,phases,start] GC(299) Adjust Roots
[54.177s][info][gc,phases      ] GC(299) Adjust Roots 0.167ms
[54.177s][info][gc,phases,start] GC(299) Compaction Phase
[54.706s][info][gc,phases      ] GC(299) Compaction Phase 529.361ms
[54.706s][info][gc,phases,start] GC(299) Post Compact
[54.717s][info][gc,phases      ] GC(299) Post Compact 10.735ms
[54.717s][info][gc,heap        ] GC(299) PSYoungGen: 160797K(252416K)->160797K(252416K) Eden: 106495K(106496K)->106495K(106496K) From: 54301K(145920K)->54301K(145920K)
[54.717s][info][gc,heap        ] GC(299) ParOldGen: 6962846K(6963200K)->6962846K(6963200K)
[54.717s][info][gc,metaspace   ] GC(299) Metaspace: 6302K(6464K)->6302K(6464K) NonClass: 5769K(5824K)->5769K(5824K) Class: 533K(640K)->533K(640K)
[54.717s][info][gc             ] GC(299) Pause Full (Ergonomics) 6956M->6956M(7046M) 2123.022ms
[54.717s][info][gc,cpu         ] GC(299) User=15.86s Sys=0.02s Real=2.12s
[54.717s][info][gc,start       ] GC(300) Pause Full (Ergonomics)
[54.717s][info][gc,phases,start] GC(300) Marking Phase
[56.348s][info][gc,phases      ] GC(300) Marking Phase 1630.835ms
[56.348s][info][gc,phases,start] GC(300) Summary Phase
[56.348s][info][gc,phases      ] GC(300) Summary Phase 0.071ms
[56.348s][info][gc,phases,start] GC(300) Adjust Roots
[56.348s][info][gc,phases      ] GC(300) Adjust Roots 0.206ms
[56.348s][info][gc,phases,start] GC(300) Compaction Phase
[56.894s][info][gc,phases      ] GC(300) Compaction Phase 545.685ms
[56.894s][info][gc,phases,start] GC(300) Post Compact
[56.905s][info][gc,phases      ] GC(300) Post Compact 10.682ms
[56.905s][info][gc,heap        ] GC(300) PSYoungGen: 160797K(252416K)->160797K(252416K) Eden: 106495K(106496K)->106495K(106496K) From: 54301K(145920K)->54301K(145920K)
[56.905s][info][gc,heap        ] GC(300) ParOldGen: 6962851K(6963200K)->6962851K(6963200K)
[56.905s][info][gc,metaspace   ] GC(300) Metaspace: 6302K(6464K)->6302K(6464K) NonClass: 5769K(5824K)->5769K(5824K) Class: 533K(640K)->533K(640K)
[56.905s][info][gc             ] GC(300) Pause Full (Ergonomics) 6956M->6956M(7046M) 2187.869ms
[56.905s][info][gc,cpu         ] GC(300) User=16.09s Sys=0.00s Real=2.19s
[56.905s][info][gc,start       ] GC(301) Pause Full (Ergonomics)
[56.905s][info][gc,phases,start] GC(301) Marking Phase
[58.496s][info][gc,phases      ] GC(301) Marking Phase 1590.949ms
[58.496s][info][gc,phases,start] GC(301) Summary Phase
[58.496s][info][gc,phases      ] GC(301) Summary Phase 0.082ms
[58.496s][info][gc,phases,start] GC(301) Adjust Roots
[58.497s][info][gc,phases      ] GC(301) Adjust Roots 0.167ms
[58.497s][info][gc,phases,start] GC(301) Compaction Phase
[59.039s][info][gc,phases      ] GC(301) Compaction Phase 542.580ms
[59.039s][info][gc,phases,start] GC(301) Post Compact
[59.050s][info][gc,phases      ] GC(301) Post Compact 10.607ms
[59.050s][info][gc,heap        ] GC(301) PSYoungGen: 160797K(252416K)->160797K(252416K) Eden: 106495K(106496K)->106495K(106496K) From: 54301K(145920K)->54301K(145920K)
[59.050s][info][gc,heap        ] GC(301) ParOldGen: 6962856K(6963200K)->6962856K(6963200K)
[59.050s][info][gc,metaspace   ] GC(301) Metaspace: 6302K(6464K)->6302K(6464K) NonClass: 5769K(5824K)->5769K(5824K) Class: 533K(640K)->533K(640K)
[59.050s][info][gc             ] GC(301) Pause Full (Ergonomics) 6956M->6956M(7046M) 2144.753ms
[59.050s][info][gc,cpu         ] GC(301) User=15.77s Sys=0.02s Real=2.14s
[59.050s][info][gc,start       ] GC(302) Pause Full (Ergonomics)
[59.050s][info][gc,phases,start] GC(302) Marking Phase
[60.658s][info][gc,phases      ] GC(302) Marking Phase 1607.670ms
[60.658s][info][gc,phases,start] GC(302) Summary Phase
[60.658s][info][gc,phases      ] GC(302) Summary Phase 0.111ms
[60.658s][info][gc,phases,start] GC(302) Adjust Roots
[60.658s][info][gc,phases      ] GC(302) Adjust Roots 0.210ms
[60.658s][info][gc,phases,start] GC(302) Compaction Phase
[61.199s][info][gc,phases      ] GC(302) Compaction Phase 540.763ms
[61.199s][info][gc,phases,start] GC(302) Post Compact
[61.211s][info][gc,phases      ] GC(302) Post Compact 11.270ms
[61.211s][info][gc,heap        ] GC(302) PSYoungGen: 160797K(252416K)->160797K(252416K) Eden: 106495K(106496K)->106495K(106496K) From: 54301K(145920K)->54301K(145920K)
[61.211s][info][gc,heap        ] GC(302) ParOldGen: 6962860K(6963200K)->6962860K(6963200K)
[61.211s][info][gc,metaspace   ] GC(302) Metaspace: 6302K(6464K)->6302K(6464K) NonClass: 5769K(5824K)->5769K(5824K) Class: 533K(640K)->533K(640K)
[61.211s][info][gc             ] GC(302) Pause Full (Ergonomics) 6956M->6956M(7046M) 2160.437ms
[61.211s][info][gc,cpu         ] GC(302) User=16.41s Sys=0.00s Real=2.16s
[61.211s][info][gc,start       ] GC(303) Pause Full (Ergonomics)
[61.211s][info][gc,phases,start] GC(303) Marking Phase
[62.847s][info][gc,phases      ] GC(303) Marking Phase 1636.261ms
[62.847s][info][gc,phases,start] GC(303) Summary Phase
[62.847s][info][gc,phases      ] GC(303) Summary Phase 0.073ms
[62.847s][info][gc,phases,start] GC(303) Adjust Roots
[62.848s][info][gc,phases      ] GC(303) Adjust Roots 0.196ms
[62.848s][info][gc,phases,start] GC(303) Compaction Phase
[63.395s][info][gc,phases      ] GC(303) Compaction Phase 547.657ms
[63.395s][info][gc,phases,start] GC(303) Post Compact
[63.406s][info][gc,phases      ] GC(303) Post Compact 10.583ms
[63.406s][info][gc,heap        ] GC(303) PSYoungGen: 160797K(252416K)->160797K(252416K) Eden: 106495K(106496K)->106495K(106496K) From: 54301K(145920K)->54301K(145920K)
[63.406s][info][gc,heap        ] GC(303) ParOldGen: 6962865K(6963200K)->6962865K(6963200K)
[63.406s][info][gc,metaspace   ] GC(303) Metaspace: 6302K(6464K)->6302K(6464K) NonClass: 5769K(5824K)->5769K(5824K) Class: 533K(640K)->533K(640K)
[63.406s][info][gc             ] GC(303) Pause Full (Ergonomics) 6956M->6956M(7046M) 2195.109ms
[63.406s][info][gc,cpu         ] GC(303) User=16.47s Sys=0.02s Real=2.19s
[63.406s][info][gc,start       ] GC(304) Pause Full (Ergonomics)
[63.406s][info][gc,phases,start] GC(304) Marking Phase
[65.046s][info][gc,phases      ] GC(304) Marking Phase 1639.940ms
[65.046s][info][gc,phases,start] GC(304) Summary Phase
[65.046s][info][gc,phases      ] GC(304) Summary Phase 0.140ms
[65.047s][info][gc,phases,start] GC(304) Adjust Roots
[65.047s][info][gc,phases      ] GC(304) Adjust Roots 0.220ms
[65.047s][info][gc,phases,start] GC(304) Compaction Phase
[65.625s][info][gc,phases      ] GC(304) Compaction Phase 578.435ms
[65.625s][info][gc,phases,start] GC(304) Post Compact
[65.636s][info][gc,phases      ] GC(304) Post Compact 10.688ms
[65.636s][info][gc,heap        ] GC(304) PSYoungGen: 160797K(252416K)->160797K(252416K) Eden: 106495K(106496K)->106495K(106496K) From: 54301K(145920K)->54301K(145920K)
[65.636s][info][gc,heap        ] GC(304) ParOldGen: 6962870K(6963200K)->6962870K(6963200K)
[65.636s][info][gc,metaspace   ] GC(304) Metaspace: 6302K(6464K)->6302K(6464K) NonClass: 5769K(5824K)->5769K(5824K) Class: 533K(640K)->533K(640K)
[65.636s][info][gc             ] GC(304) Pause Full (Ergonomics) 6956M->6956M(7046M) 2229.847ms
[65.636s][info][gc,cpu         ] GC(304) User=16.44s Sys=0.02s Real=2.23s
[65.636s][info][gc,start       ] GC(305) Pause Full (Ergonomics)
[65.636s][info][gc,phases,start] GC(305) Marking Phase
[67.284s][info][gc,phases      ] GC(305) Marking Phase 1647.472ms
[67.284s][info][gc,phases,start] GC(305) Summary Phase
[67.284s][info][gc,phases      ] GC(305) Summary Phase 0.087ms
[67.284s][info][gc,phases,start] GC(305) Adjust Roots
[67.284s][info][gc,phases      ] GC(305) Adjust Roots 0.246ms
[67.284s][info][gc,phases,start] GC(305) Compaction Phase
[67.887s][info][gc,phases      ] GC(305) Compaction Phase 602.360ms
[67.887s][info][gc,phases,start] GC(305) Post Compact
[67.897s][info][gc,phases      ] GC(305) Post Compact 10.788ms
[67.898s][info][gc,heap        ] GC(305) PSYoungGen: 160797K(252416K)->160797K(252416K) Eden: 106495K(106496K)->106495K(106496K) From: 54301K(145920K)->54301K(145920K)
[67.898s][info][gc,heap        ] GC(305) ParOldGen: 6962875K(6963200K)->6962875K(6963200K)
[67.898s][info][gc,metaspace   ] GC(305) Metaspace: 6302K(6464K)->6302K(6464K) NonClass: 5769K(5824K)->5769K(5824K) Class: 533K(640K)->533K(640K)
[67.898s][info][gc             ] GC(305) Pause Full (Ergonomics) 6956M->6956M(7046M) 2261.316ms
[67.898s][info][gc,cpu         ] GC(305) User=16.52s Sys=0.00s Real=2.26s
[67.898s][info][gc,start       ] GC(306) Pause Full (Ergonomics)
[67.898s][info][gc,phases,start] GC(306) Marking Phase
[69.566s][info][gc,phases      ] GC(306) Marking Phase 1667.865ms
[69.566s][info][gc,phases,start] GC(306) Summary Phase
[69.566s][info][gc,phases      ] GC(306) Summary Phase 0.102ms
[69.566s][info][gc,phases,start] GC(306) Adjust Roots
[69.566s][info][gc,phases      ] GC(306) Adjust Roots 0.170ms
[69.566s][info][gc,phases,start] GC(306) Compaction Phase
[70.154s][info][gc,phases      ] GC(306) Compaction Phase 587.521ms
[70.154s][info][gc,phases,start] GC(306) Post Compact
[70.164s][info][gc,phases      ] GC(306) Post Compact 10.544ms
[70.164s][info][gc,heap        ] GC(306) PSYoungGen: 160797K(252416K)->160797K(252416K) Eden: 106495K(106496K)->106495K(106496K) From: 54301K(145920K)->54301K(145920K)
[70.164s][info][gc,heap        ] GC(306) ParOldGen: 6962880K(6963200K)->6962880K(6963200K)
[70.164s][info][gc,metaspace   ] GC(306) Metaspace: 6302K(6464K)->6302K(6464K) NonClass: 5769K(5824K)->5769K(5824K) Class: 533K(640K)->533K(640K)
[70.164s][info][gc             ] GC(306) Pause Full (Ergonomics) 6956M->6956M(7046M) 2266.541ms
[70.164s][info][gc,cpu         ] GC(306) User=16.95s Sys=0.00s Real=2.27s
[70.165s][info][gc,start       ] GC(307) Pause Full (Ergonomics)
[70.165s][info][gc,phases,start] GC(307) Marking Phase
[71.826s][info][gc,phases      ] GC(307) Marking Phase 1661.300ms
[71.826s][info][gc,phases,start] GC(307) Summary Phase
[71.826s][info][gc,phases      ] GC(307) Summary Phase 0.071ms
[71.826s][info][gc,phases,start] GC(307) Adjust Roots
[71.826s][info][gc,phases      ] GC(307) Adjust Roots 0.207ms
[71.826s][info][gc,phases,start] GC(307) Compaction Phase
[72.433s][info][gc,phases      ] GC(307) Compaction Phase 606.260ms
[72.433s][info][gc,phases,start] GC(307) Post Compact
[72.443s][info][gc,phases      ] GC(307) Post Compact 10.665ms
[72.443s][info][gc,heap        ] GC(307) PSYoungGen: 160797K(252416K)->160797K(252416K) Eden: 106495K(106496K)->106495K(106496K) From: 54301K(145920K)->54301K(145920K)
[72.443s][info][gc,heap        ] GC(307) ParOldGen: 6962885K(6963200K)->6962885K(6963200K)
[72.443s][info][gc,metaspace   ] GC(307) Metaspace: 6302K(6464K)->6302K(6464K) NonClass: 5769K(5824K)->5769K(5824K) Class: 533K(640K)->533K(640K)
[72.443s][info][gc             ] GC(307) Pause Full (Ergonomics) 6956M->6956M(7046M) 2278.854ms
[72.443s][info][gc,cpu         ] GC(307) User=16.89s Sys=0.00s Real=2.28s
[72.444s][info][gc,start       ] GC(308) Pause Full (Ergonomics)
[72.444s][info][gc,phases,start] GC(308) Marking Phase
[74.103s][info][gc,phases      ] GC(308) Marking Phase 1659.694ms
[74.103s][info][gc,phases,start] GC(308) Summary Phase
[74.103s][info][gc,phases      ] GC(308) Summary Phase 0.070ms
[74.104s][info][gc,phases,start] GC(308) Adjust Roots
[74.104s][info][gc,phases      ] GC(308) Adjust Roots 0.163ms
[74.104s][info][gc,phases,start] GC(308) Compaction Phase
[74.689s][info][gc,phases      ] GC(308) Compaction Phase 585.131ms
[74.689s][info][gc,phases,start] GC(308) Post Compact
[74.700s][info][gc,phases      ] GC(308) Post Compact 10.635ms
[74.700s][info][gc,heap        ] GC(308) PSYoungGen: 160797K(252416K)->160797K(252416K) Eden: 106495K(106496K)->106495K(106496K) From: 54301K(145920K)->54301K(145920K)
[74.700s][info][gc,heap        ] GC(308) ParOldGen: 6962889K(6963200K)->6962889K(6963200K)
[74.700s][info][gc,metaspace   ] GC(308) Metaspace: 6302K(6464K)->6302K(6464K) NonClass: 5769K(5824K)->5769K(5824K) Class: 533K(640K)->533K(640K)
[74.700s][info][gc             ] GC(308) Pause Full (Ergonomics) 6956M->6956M(7046M) 2256.036ms
[74.700s][info][gc,cpu         ] GC(308) User=16.75s Sys=0.00s Real=2.26s
[74.700s][info][gc,start       ] GC(309) Pause Full (Ergonomics)
[74.700s][info][gc,phases,start] GC(309) Marking Phase
[76.354s][info][gc,phases      ] GC(309) Marking Phase 1653.642ms
[76.354s][info][gc,phases,start] GC(309) Summary Phase
[76.354s][info][gc,phases      ] GC(309) Summary Phase 0.070ms
[76.354s][info][gc,phases,start] GC(309) Adjust Roots
[76.354s][info][gc,phases      ] GC(309) Adjust Roots 0.164ms
[76.354s][info][gc,phases,start] GC(309) Compaction Phase
[76.925s][info][gc,phases      ] GC(309) Compaction Phase 571.283ms
[76.925s][info][gc,phases,start] GC(309) Post Compact
[76.936s][info][gc,phases      ] GC(309) Post Compact 10.630ms
[76.936s][info][gc,heap        ] GC(309) PSYoungGen: 160797K(252416K)->160797K(252416K) Eden: 106495K(106496K)->106495K(106496K) From: 54301K(145920K)->54301K(145920K)
[76.936s][info][gc,heap        ] GC(309) ParOldGen: 6962894K(6963200K)->6962894K(6963200K)
[76.936s][info][gc,metaspace   ] GC(309) Metaspace: 6302K(6464K)->6302K(6464K) NonClass: 5769K(5824K)->5769K(5824K) Class: 533K(640K)->533K(640K)
[76.936s][info][gc             ] GC(309) Pause Full (Ergonomics) 6956M->6956M(7046M) 2236.140ms
[76.936s][info][gc,cpu         ] GC(309) User=16.52s Sys=0.03s Real=2.24s
[76.936s][info][gc,start       ] GC(310) Pause Full (Ergonomics)
[76.936s][info][gc,phases,start] GC(310) Marking Phase
[78.625s][info][gc,phases      ] GC(310) Marking Phase 1689.231ms
[78.626s][info][gc,phases,start] GC(310) Summary Phase
[78.626s][info][gc,phases      ] GC(310) Summary Phase 0.076ms
[78.626s][info][gc,phases,start] GC(310) Adjust Roots
[78.626s][info][gc,phases      ] GC(310) Adjust Roots 0.196ms
[78.626s][info][gc,phases,start] GC(310) Compaction Phase
[79.201s][info][gc,phases      ] GC(310) Compaction Phase 575.415ms
[79.201s][info][gc,phases,start] GC(310) Post Compact
[79.212s][info][gc,phases      ] GC(310) Post Compact 10.884ms
[79.212s][info][gc,heap        ] GC(310) PSYoungGen: 160797K(252416K)->160797K(252416K) Eden: 106495K(106496K)->106495K(106496K) From: 54301K(145920K)->54301K(145920K)
[79.212s][info][gc,heap        ] GC(310) ParOldGen: 6962899K(6963200K)->6962899K(6963200K)
[79.212s][info][gc,metaspace   ] GC(310) Metaspace: 6302K(6464K)->6302K(6464K) NonClass: 5769K(5824K)->5769K(5824K) Class: 533K(640K)->533K(640K)
[79.212s][info][gc             ] GC(310) Pause Full (Ergonomics) 6956M->6956M(7046M) 2276.128ms
[79.212s][info][gc,cpu         ] GC(310) User=16.97s Sys=0.00s Real=2.28s
[79.213s][info][gc,start       ] GC(311) Pause Full (Ergonomics)
[79.213s][info][gc,phases,start] GC(311) Marking Phase
[80.904s][info][gc,phases      ] GC(311) Marking Phase 1691.783ms
[80.904s][info][gc,phases,start] GC(311) Summary Phase
[80.904s][info][gc,phases      ] GC(311) Summary Phase 0.069ms
[80.905s][info][gc,phases,start] GC(311) Adjust Roots
[80.905s][info][gc,phases      ] GC(311) Adjust Roots 0.190ms
[80.905s][info][gc,phases,start] GC(311) Compaction Phase
[81.481s][info][gc,phases      ] GC(311) Compaction Phase 576.121ms
[81.481s][info][gc,phases,start] GC(311) Post Compact
[81.492s][info][gc,phases      ] GC(311) Post Compact 10.932ms
[81.492s][info][gc,heap        ] GC(311) PSYoungGen: 160797K(252416K)->160797K(252416K) Eden: 106495K(106496K)->106495K(106496K) From: 54301K(145920K)->54301K(145920K)
[81.492s][info][gc,heap        ] GC(311) ParOldGen: 6962904K(6963200K)->6962904K(6963200K)
[81.492s][info][gc,metaspace   ] GC(311) Metaspace: 6302K(6464K)->6302K(6464K) NonClass: 5769K(5824K)->5769K(5824K) Class: 533K(640K)->533K(640K)
[81.492s][info][gc             ] GC(311) Pause Full (Ergonomics) 6956M->6956M(7046M) 2279.425ms
[81.492s][info][gc,cpu         ] GC(311) User=17.14s Sys=0.00s Real=2.28s
[81.492s][info][gc,start       ] GC(312) Pause Full (Ergonomics)
[81.492s][info][gc,phases,start] GC(312) Marking Phase
[83.199s][info][gc,phases      ] GC(312) Marking Phase 1706.767ms
[83.199s][info][gc,phases,start] GC(312) Summary Phase
[83.199s][info][gc,phases      ] GC(312) Summary Phase 0.070ms
[83.199s][info][gc,phases,start] GC(312) Adjust Roots
[83.199s][info][gc,phases      ] GC(312) Adjust Roots 0.169ms
[83.199s][info][gc,phases,start] GC(312) Compaction Phase
[83.835s][info][gc,phases      ] GC(312) Compaction Phase 635.149ms
[83.835s][info][gc,phases,start] GC(312) Post Compact
[83.845s][info][gc,phases      ] GC(312) Post Compact 10.375ms
[83.845s][info][gc,heap        ] GC(312) PSYoungGen: 160797K(252416K)->160797K(252416K) Eden: 106495K(106496K)->106495K(106496K) From: 54301K(145920K)->54301K(145920K)
[83.845s][info][gc,heap        ] GC(312) ParOldGen: 6962909K(6963200K)->6962909K(6963200K)
[83.845s][info][gc,metaspace   ] GC(312) Metaspace: 6302K(6464K)->6302K(6464K) NonClass: 5769K(5824K)->5769K(5824K) Class: 533K(640K)->533K(640K)
[83.845s][info][gc             ] GC(312) Pause Full (Ergonomics) 6956M->6956M(7046M) 2352.902ms
[83.845s][info][gc,cpu         ] GC(312) User=17.12s Sys=0.02s Real=2.35s
[83.845s][info][gc,start       ] GC(313) Pause Full (Ergonomics)
[83.845s][info][gc,phases,start] GC(313) Marking Phase
[85.526s][info][gc,phases      ] GC(313) Marking Phase 1681.027ms
[85.526s][info][gc,phases,start] GC(313) Summary Phase
[85.527s][info][gc,phases      ] GC(313) Summary Phase 0.084ms
[85.527s][info][gc,phases,start] GC(313) Adjust Roots
[85.527s][info][gc,phases      ] GC(313) Adjust Roots 0.183ms
[85.527s][info][gc,phases,start] GC(313) Compaction Phase
[86.126s][info][gc,phases      ] GC(313) Compaction Phase 598.993ms
[86.126s][info][gc,phases,start] GC(313) Post Compact
[86.136s][info][gc,phases      ] GC(313) Post Compact 10.554ms
[86.136s][info][gc,heap        ] GC(313) PSYoungGen: 160797K(252416K)->160797K(252416K) Eden: 106495K(106496K)->106495K(106496K) From: 54301K(145920K)->54301K(145920K)
[86.136s][info][gc,heap        ] GC(313) ParOldGen: 6962914K(6963200K)->6962914K(6963200K)
[86.136s][info][gc,metaspace   ] GC(313) Metaspace: 6302K(6464K)->6302K(6464K) NonClass: 5769K(5824K)->5769K(5824K) Class: 533K(640K)->533K(640K)
[86.137s][info][gc             ] GC(313) Pause Full (Ergonomics) 6956M->6956M(7046M) 2291.202ms
[86.137s][info][gc,cpu         ] GC(313) User=16.80s Sys=0.00s Real=2.29s
[86.137s][info][gc,start       ] GC(314) Pause Full (Ergonomics)
[86.137s][info][gc,phases,start] GC(314) Marking Phase
[87.838s][info][gc,phases      ] GC(314) Marking Phase 1700.795ms
[87.838s][info][gc,phases,start] GC(314) Summary Phase
[87.838s][info][gc,phases      ] GC(314) Summary Phase 0.075ms
[87.838s][info][gc,phases,start] GC(314) Adjust Roots
[87.838s][info][gc,phases      ] GC(314) Adjust Roots 0.172ms
[87.838s][info][gc,phases,start] GC(314) Compaction Phase
[88.447s][info][gc,phases      ] GC(314) Compaction Phase 608.815ms
[88.447s][info][gc,phases,start] GC(314) Post Compact
[88.457s][info][gc,phases      ] GC(314) Post Compact 10.672ms
[88.458s][info][gc,heap        ] GC(314) PSYoungGen: 160797K(252416K)->160797K(252416K) Eden: 106495K(106496K)->106495K(106496K) From: 54301K(145920K)->54301K(145920K)
[88.458s][info][gc,heap        ] GC(314) ParOldGen: 6962918K(6963200K)->6962918K(6963200K)
[88.458s][info][gc,metaspace   ] GC(314) Metaspace: 6302K(6464K)->6302K(6464K) NonClass: 5769K(5824K)->5769K(5824K) Class: 533K(640K)->533K(640K)
[88.458s][info][gc             ] GC(314) Pause Full (Ergonomics) 6956M->6956M(7046M) 2320.876ms
[88.458s][info][gc,cpu         ] GC(314) User=16.92s Sys=0.02s Real=2.32s
[88.458s][info][gc,start       ] GC(315) Pause Full (Ergonomics)
[88.458s][info][gc,phases,start] GC(315) Marking Phase
[90.146s][info][gc,phases      ] GC(315) Marking Phase 1688.532ms
[90.146s][info][gc,phases,start] GC(315) Summary Phase
[90.147s][info][gc,phases      ] GC(315) Summary Phase 0.076ms
[90.147s][info][gc,phases,start] GC(315) Adjust Roots
[90.147s][info][gc,phases      ] GC(315) Adjust Roots 0.163ms
[90.147s][info][gc,phases,start] GC(315) Compaction Phase
[90.732s][info][gc,phases      ] GC(315) Compaction Phase 584.766ms
[90.732s][info][gc,phases,start] GC(315) Post Compact
[90.743s][info][gc,phases      ] GC(315) Post Compact 10.926ms
[90.743s][info][gc,heap        ] GC(315) PSYoungGen: 160797K(252416K)->160797K(252416K) Eden: 106495K(106496K)->106495K(106496K) From: 54301K(145920K)->54301K(145920K)
[90.743s][info][gc,heap        ] GC(315) ParOldGen: 6962923K(6963200K)->6962923K(6963200K)
[90.743s][info][gc,metaspace   ] GC(315) Metaspace: 6302K(6464K)->6302K(6464K) NonClass: 5769K(5824K)->5769K(5824K) Class: 533K(640K)->533K(640K)
[90.743s][info][gc             ] GC(315) Pause Full (Ergonomics) 6956M->6956M(7046M) 2284.816ms
[90.743s][info][gc,cpu         ] GC(315) User=17.17s Sys=0.03s Real=2.28s
[90.743s][info][gc,start       ] GC(316) Pause Full (Ergonomics)
[90.743s][info][gc,phases,start] GC(316) Marking Phase
[92.449s][info][gc,phases      ] GC(316) Marking Phase 1705.926ms
[92.449s][info][gc,phases,start] GC(316) Summary Phase
[92.449s][info][gc,phases      ] GC(316) Summary Phase 0.115ms
[92.449s][info][gc,phases,start] GC(316) Adjust Roots
[92.449s][info][gc,phases      ] GC(316) Adjust Roots 0.289ms
[92.449s][info][gc,phases,start] GC(316) Compaction Phase
[93.071s][info][gc,phases      ] GC(316) Compaction Phase 621.827ms
[93.071s][info][gc,phases,start] GC(316) Post Compact
[93.082s][info][gc,phases      ] GC(316) Post Compact 10.484ms
[93.082s][info][gc,heap        ] GC(316) PSYoungGen: 160797K(252416K)->160797K(252416K) Eden: 106495K(106496K)->106495K(106496K) From: 54301K(145920K)->54301K(145920K)
[93.082s][info][gc,heap        ] GC(316) ParOldGen: 6962928K(6963200K)->6962928K(6963200K)
[93.082s][info][gc,metaspace   ] GC(316) Metaspace: 6302K(6464K)->6302K(6464K) NonClass: 5769K(5824K)->5769K(5824K) Class: 533K(640K)->533K(640K)
[93.082s][info][gc             ] GC(316) Pause Full (Ergonomics) 6956M->6956M(7046M) 2339.024ms
[93.082s][info][gc,cpu         ] GC(316) User=17.12s Sys=0.00s Real=2.34s
[93.082s][info][gc,start       ] GC(317) Pause Full (Ergonomics)
[93.082s][info][gc,phases,start] GC(317) Marking Phase
[94.781s][info][gc,phases      ] GC(317) Marking Phase 1699.002ms
[94.781s][info][gc,phases,start] GC(317) Summary Phase
[94.781s][info][gc,phases      ] GC(317) Summary Phase 0.084ms
[94.781s][info][gc,phases,start] GC(317) Adjust Roots
[94.782s][info][gc,phases      ] GC(317) Adjust Roots 0.168ms
[94.782s][info][gc,phases,start] GC(317) Compaction Phase
[95.379s][info][gc,phases      ] GC(317) Compaction Phase 597.509ms
[95.379s][info][gc,phases,start] GC(317) Post Compact
[95.390s][info][gc,phases      ] GC(317) Post Compact 10.727ms
[95.390s][info][gc,heap        ] GC(317) PSYoungGen: 160797K(252416K)->160797K(252416K) Eden: 106495K(106496K)->106495K(106496K) From: 54301K(145920K)->54301K(145920K)
[95.390s][info][gc,heap        ] GC(317) ParOldGen: 6962933K(6963200K)->6962933K(6963200K)
[95.390s][info][gc,metaspace   ] GC(317) Metaspace: 6302K(6464K)->6302K(6464K) NonClass: 5769K(5824K)->5769K(5824K) Class: 533K(640K)->533K(640K)
[95.390s][info][gc             ] GC(317) Pause Full (Ergonomics) 6956M->6956M(7046M) 2307.849ms
[95.390s][info][gc,cpu         ] GC(317) User=17.30s Sys=0.00s Real=2.31s
[95.390s][info][gc,start       ] GC(318) Pause Full (Ergonomics)
[95.390s][info][gc,phases,start] GC(318) Marking Phase
[97.107s][info][gc,phases      ] GC(318) Marking Phase 1716.524ms
[97.107s][info][gc,phases,start] GC(318) Summary Phase
[97.107s][info][gc,phases      ] GC(318) Summary Phase 0.096ms
[97.107s][info][gc,phases,start] GC(318) Adjust Roots
[97.107s][info][gc,phases      ] GC(318) Adjust Roots 0.213ms
[97.107s][info][gc,phases,start] GC(318) Compaction Phase
[97.742s][info][gc,phases      ] GC(318) Compaction Phase 635.171ms
[97.742s][info][gc,phases,start] GC(318) Post Compact
[97.753s][info][gc,phases      ] GC(318) Post Compact 10.484ms
[97.753s][info][gc,heap        ] GC(318) PSYoungGen: 160797K(252416K)->160797K(252416K) Eden: 106495K(106496K)->106495K(106496K) From: 54301K(145920K)->54301K(145920K)
[97.753s][info][gc,heap        ] GC(318) ParOldGen: 6962938K(6963200K)->6962938K(6963200K)
[97.753s][info][gc,metaspace   ] GC(318) Metaspace: 6302K(6464K)->6302K(6464K) NonClass: 5769K(5824K)->5769K(5824K) Class: 533K(640K)->533K(640K)
[97.753s][info][gc             ] GC(318) Pause Full (Ergonomics) 6956M->6956M(7046M) 2362.854ms
[97.753s][info][gc,cpu         ] GC(318) User=17.23s Sys=0.00s Real=2.36s
[97.753s][info][gc,start       ] GC(319) Pause Full (Ergonomics)
[97.753s][info][gc,phases,start] GC(319) Marking Phase
[99.470s][info][gc,phases      ] GC(319) Marking Phase 1716.801ms
[99.470s][info][gc,phases,start] GC(319) Summary Phase
[99.470s][info][gc,phases      ] GC(319) Summary Phase 0.071ms
[99.470s][info][gc,phases,start] GC(319) Adjust Roots
[99.470s][info][gc,phases      ] GC(319) Adjust Roots 0.192ms
[99.470s][info][gc,phases,start] GC(319) Compaction Phase
[100.092s][info][gc,phases      ] GC(319) Compaction Phase 621.091ms
[100.092s][info][gc,phases,start] GC(319) Post Compact
[100.104s][info][gc,phases      ] GC(319) Post Compact 12.219ms
[100.104s][info][gc,heap        ] GC(319) PSYoungGen: 160797K(252416K)->160797K(252416K) Eden: 106495K(106496K)->106495K(106496K) From: 54301K(145920K)->54301K(145920K)
[100.104s][info][gc,heap        ] GC(319) ParOldGen: 6962943K(6963200K)->6962943K(6963200K)
[100.104s][info][gc,metaspace   ] GC(319) Metaspace: 6302K(6464K)->6302K(6464K) NonClass: 5769K(5824K)->5769K(5824K) Class: 533K(640K)->533K(640K)
[100.104s][info][gc             ] GC(319) Pause Full (Ergonomics) 6956M->6956M(7046M) 2350.749ms
[100.104s][info][gc,cpu         ] GC(319) User=17.47s Sys=0.00s Real=2.35s
[100.104s][info][gc,start       ] GC(320) Pause Full (Ergonomics)
[100.104s][info][gc,phases,start] GC(320) Marking Phase
[101.818s][info][gc,phases      ] GC(320) Marking Phase 1714.206ms
[101.819s][info][gc,phases,start] GC(320) Summary Phase
[101.819s][info][gc,phases      ] GC(320) Summary Phase 0.079ms
[101.819s][info][gc,phases,start] GC(320) Adjust Roots
[101.819s][info][gc,phases      ] GC(320) Adjust Roots 0.215ms
[101.819s][info][gc,phases,start] GC(320) Compaction Phase
[102.395s][info][gc,phases      ] GC(320) Compaction Phase 576.568ms
[102.395s][info][gc,phases,start] GC(320) Post Compact
[102.406s][info][gc,phases      ] GC(320) Post Compact 10.940ms
[102.407s][info][gc,heap        ] GC(320) PSYoungGen: 160797K(252416K)->160797K(252416K) Eden: 106495K(106496K)->106495K(106496K) From: 54301K(145920K)->54301K(145920K)
[102.407s][info][gc,heap        ] GC(320) ParOldGen: 6962947K(6963200K)->6962947K(6963200K)
[102.407s][info][gc,metaspace   ] GC(320) Metaspace: 6302K(6464K)->6302K(6464K) NonClass: 5769K(5824K)->5769K(5824K) Class: 533K(640K)->533K(640K)
[102.407s][info][gc             ] GC(320) Pause Full (Ergonomics) 6956M->6956M(7046M) 2302.343ms
[102.407s][info][gc,cpu         ] GC(320) User=17.33s Sys=0.03s Real=2.30s
[102.407s][info][gc,start       ] GC(321) Pause Full (Ergonomics)
[102.407s][info][gc,phases,start] GC(321) Marking Phase
[104.113s][info][gc,phases      ] GC(321) Marking Phase 1706.331ms
[104.113s][info][gc,phases,start] GC(321) Summary Phase
[104.113s][info][gc,phases      ] GC(321) Summary Phase 0.071ms
[104.113s][info][gc,phases,start] GC(321) Adjust Roots
[104.113s][info][gc,phases      ] GC(321) Adjust Roots 0.164ms
[104.114s][info][gc,phases,start] GC(321) Compaction Phase
[104.707s][info][gc,phases      ] GC(321) Compaction Phase 593.343ms
[104.707s][info][gc,phases,start] GC(321) Post Compact
[104.718s][info][gc,phases      ] GC(321) Post Compact 10.730ms
[104.718s][info][gc,heap        ] GC(321) PSYoungGen: 160797K(252416K)->160797K(252416K) Eden: 106495K(106496K)->106495K(106496K) From: 54301K(145920K)->54301K(145920K)
[104.718s][info][gc,heap        ] GC(321) ParOldGen: 6962952K(6963200K)->6962952K(6963200K)
[104.718s][info][gc,metaspace   ] GC(321) Metaspace: 6302K(6464K)->6302K(6464K) NonClass: 5769K(5824K)->5769K(5824K) Class: 533K(640K)->533K(640K)
[104.718s][info][gc             ] GC(321) Pause Full (Ergonomics) 6956M->6956M(7046M) 2310.980ms
[104.718s][info][gc,cpu         ] GC(321) User=17.33s Sys=0.00s Real=2.31s
[104.718s][info][gc,start       ] GC(322) Pause Full (Ergonomics)
[104.718s][info][gc,phases,start] GC(322) Marking Phase
[106.443s][info][gc,phases      ] GC(322) Marking Phase 1725.230ms
[106.443s][info][gc,phases,start] GC(322) Summary Phase
[106.443s][info][gc,phases      ] GC(322) Summary Phase 0.071ms
[106.443s][info][gc,phases,start] GC(322) Adjust Roots
[106.444s][info][gc,phases      ] GC(322) Adjust Roots 0.167ms
[106.444s][info][gc,phases,start] GC(322) Compaction Phase
[107.050s][info][gc,phases      ] GC(322) Compaction Phase 606.615ms
[107.050s][info][gc,phases,start] GC(322) Post Compact
[107.061s][info][gc,phases      ] GC(322) Post Compact 10.640ms
[107.061s][info][gc,heap        ] GC(322) PSYoungGen: 160797K(252416K)->160797K(252416K) Eden: 106495K(106496K)->106495K(106496K) From: 54301K(145920K)->54301K(145920K)
[107.061s][info][gc,heap        ] GC(322) ParOldGen: 6962957K(6963200K)->6962957K(6963200K)
[107.061s][info][gc,metaspace   ] GC(322) Metaspace: 6302K(6464K)->6302K(6464K) NonClass: 5769K(5824K)->5769K(5824K) Class: 533K(640K)->533K(640K)
[107.061s][info][gc             ] GC(322) Pause Full (Ergonomics) 6956M->6956M(7046M) 2343.096ms
[107.061s][info][gc,cpu         ] GC(322) User=17.31s Sys=0.00s Real=2.34s
[107.061s][info][gc,start       ] GC(323) Pause Full (Ergonomics)
[107.061s][info][gc,phases,start] GC(323) Marking Phase
[108.772s][info][gc,phases      ] GC(323) Marking Phase 1711.164ms
[108.773s][info][gc,phases,start] GC(323) Summary Phase
[108.773s][info][gc,phases      ] GC(323) Summary Phase 0.128ms
[108.773s][info][gc,phases,start] GC(323) Adjust Roots
[108.773s][info][gc,phases      ] GC(323) Adjust Roots 0.195ms
[108.773s][info][gc,phases,start] GC(323) Compaction Phase
[109.395s][info][gc,phases      ] GC(323) Compaction Phase 622.234ms
[109.395s][info][gc,phases,start] GC(323) Post Compact
[109.406s][info][gc,phases      ] GC(323) Post Compact 10.613ms
[109.406s][info][gc,heap        ] GC(323) PSYoungGen: 160797K(252416K)->160797K(252416K) Eden: 106495K(106496K)->106495K(106496K) From: 54301K(145920K)->54301K(145920K)
[109.406s][info][gc,heap        ] GC(323) ParOldGen: 6962962K(6963200K)->6962962K(6963200K)
[109.406s][info][gc,metaspace   ] GC(323) Metaspace: 6302K(6464K)->6302K(6464K) NonClass: 5769K(5824K)->5769K(5824K) Class: 533K(640K)->533K(640K)
[109.406s][info][gc             ] GC(323) Pause Full (Ergonomics) 6956M->6956M(7046M) 2344.722ms
[109.406s][info][gc,cpu         ] GC(323) User=17.33s Sys=0.02s Real=2.34s
[109.406s][info][gc,start       ] GC(324) Pause Full (Ergonomics)
[109.406s][info][gc,phases,start] GC(324) Marking Phase
[111.122s][info][gc,phases      ] GC(324) Marking Phase 1715.452ms
[111.122s][info][gc,phases,start] GC(324) Summary Phase
[111.122s][info][gc,phases      ] GC(324) Summary Phase 0.076ms
[111.122s][info][gc,phases,start] GC(324) Adjust Roots
[111.122s][info][gc,phases      ] GC(324) Adjust Roots 0.171ms
[111.122s][info][gc,phases,start] GC(324) Compaction Phase
[111.715s][info][gc,phases      ] GC(324) Compaction Phase 592.625ms
[111.715s][info][gc,phases,start] GC(324) Post Compact
[111.725s][info][gc,phases      ] GC(324) Post Compact 10.669ms
[111.726s][info][gc,heap        ] GC(324) PSYoungGen: 160797K(252416K)->160797K(252416K) Eden: 106495K(106496K)->106495K(106496K) From: 54301K(145920K)->54301K(145920K)
[111.726s][info][gc,heap        ] GC(324) ParOldGen: 6962967K(6963200K)->6962967K(6963200K)
[111.726s][info][gc,metaspace   ] GC(324) Metaspace: 6302K(6464K)->6302K(6464K) NonClass: 5769K(5824K)->5769K(5824K) Class: 533K(640K)->533K(640K)
[111.726s][info][gc             ] GC(324) Pause Full (Ergonomics) 6956M->6956M(7046M) 2319.335ms
[111.726s][info][gc,cpu         ] GC(324) User=17.31s Sys=0.00s Real=2.32s
[111.726s][info][gc,start       ] GC(325) Pause Full (Ergonomics)
[111.726s][info][gc,phases,start] GC(325) Marking Phase
[113.454s][info][gc,phases      ] GC(325) Marking Phase 1728.687ms
[113.455s][info][gc,phases,start] GC(325) Summary Phase
[113.455s][info][gc,phases      ] GC(325) Summary Phase 0.072ms
[113.455s][info][gc,phases,start] GC(325) Adjust Roots
[113.455s][info][gc,phases      ] GC(325) Adjust Roots 0.168ms
[113.455s][info][gc,phases,start] GC(325) Compaction Phase
[114.040s][info][gc,phases      ] GC(325) Compaction Phase 584.872ms
[114.040s][info][gc,phases,start] GC(325) Post Compact
[114.050s][info][gc,phases      ] GC(325) Post Compact 10.573ms
[114.050s][info][gc,heap        ] GC(325) PSYoungGen: 160797K(252416K)->160797K(252416K) Eden: 106495K(106496K)->106495K(106496K) From: 54301K(145920K)->54301K(145920K)
[114.050s][info][gc,heap        ] GC(325) ParOldGen: 6962972K(6963200K)->6962972K(6963200K)
[114.050s][info][gc,metaspace   ] GC(325) Metaspace: 6302K(6464K)->6302K(6464K) NonClass: 5769K(5824K)->5769K(5824K) Class: 533K(640K)->533K(640K)
[114.050s][info][gc             ] GC(325) Pause Full (Ergonomics) 6956M->6956M(7046M) 2324.721ms
[114.051s][info][gc,cpu         ] GC(325) User=17.42s Sys=0.00s Real=2.33s
[114.051s][info][gc,start       ] GC(326) Pause Full (Ergonomics)
[114.051s][info][gc,phases,start] GC(326) Marking Phase
[115.805s][info][gc,phases      ] GC(326) Marking Phase 1754.091ms
[115.805s][info][gc,phases,start] GC(326) Summary Phase
[115.805s][info][gc,phases      ] GC(326) Summary Phase 0.070ms
[115.805s][info][gc,phases,start] GC(326) Adjust Roots
[115.805s][info][gc,phases      ] GC(326) Adjust Roots 0.167ms
[115.805s][info][gc,phases,start] GC(326) Compaction Phase
[116.392s][info][gc,phases      ] GC(326) Compaction Phase 586.587ms
[116.392s][info][gc,phases,start] GC(326) Post Compact
[116.403s][info][gc,phases      ] GC(326) Post Compact 10.643ms
[116.403s][info][gc,heap        ] GC(326) PSYoungGen: 160797K(252416K)->160797K(252416K) Eden: 106495K(106496K)->106495K(106496K) From: 54301K(145920K)->54301K(145920K)
[116.403s][info][gc,heap        ] GC(326) ParOldGen: 6962976K(6963200K)->6962976K(6963200K)
[116.403s][info][gc,metaspace   ] GC(326) Metaspace: 6302K(6464K)->6302K(6464K) NonClass: 5769K(5824K)->5769K(5824K) Class: 533K(640K)->533K(640K)
[116.403s][info][gc             ] GC(326) Pause Full (Ergonomics) 6956M->6956M(7046M) 2351.903ms
[116.403s][info][gc,cpu         ] GC(326) User=17.70s Sys=0.00s Real=2.35s
[116.403s][info][gc,start       ] GC(327) Pause Full (Ergonomics)
[116.403s][info][gc,phases,start] GC(327) Marking Phase
[118.149s][info][gc,phases      ] GC(327) Marking Phase 1746.389ms
[118.149s][info][gc,phases,start] GC(327) Summary Phase
[118.149s][info][gc,phases      ] GC(327) Summary Phase 0.071ms
[118.149s][info][gc,phases,start] GC(327) Adjust Roots
[118.150s][info][gc,phases      ] GC(327) Adjust Roots 0.163ms
[118.150s][info][gc,phases,start] GC(327) Compaction Phase
[118.745s][info][gc,phases      ] GC(327) Compaction Phase 594.943ms
[118.745s][info][gc,phases,start] GC(327) Post Compact
[118.755s][info][gc,phases      ] GC(327) Post Compact 10.662ms
[118.755s][info][gc,heap        ] GC(327) PSYoungGen: 160797K(252416K)->160797K(252416K) Eden: 106495K(106496K)->106495K(106496K) From: 54301K(145920K)->54301K(145920K)
[118.755s][info][gc,heap        ] GC(327) ParOldGen: 6962981K(6963200K)->6962981K(6963200K)
[118.755s][info][gc,metaspace   ] GC(327) Metaspace: 6302K(6464K)->6302K(6464K) NonClass: 5769K(5824K)->5769K(5824K) Class: 533K(640K)->533K(640K)
[118.755s][info][gc             ] GC(327) Pause Full (Ergonomics) 6956M->6956M(7046M) 2352.576ms
[118.755s][info][gc,cpu         ] GC(327) User=17.38s Sys=0.00s Real=2.35s
[118.756s][info][gc,start       ] GC(328) Pause Full (Ergonomics)
[118.756s][info][gc,phases,start] GC(328) Marking Phase
[120.483s][info][gc,phases      ] GC(328) Marking Phase 1727.003ms
[120.483s][info][gc,phases,start] GC(328) Summary Phase
[120.483s][info][gc,phases      ] GC(328) Summary Phase 0.070ms
[120.483s][info][gc,phases,start] GC(328) Adjust Roots
[120.483s][info][gc,phases      ] GC(328) Adjust Roots 0.170ms
[120.483s][info][gc,phases,start] GC(328) Compaction Phase
[121.052s][info][gc,phases      ] GC(328) Compaction Phase 568.867ms
[121.052s][info][gc,phases,start] GC(328) Post Compact
[121.063s][info][gc,phases      ] GC(328) Post Compact 10.970ms
[121.063s][info][gc,heap        ] GC(328) PSYoungGen: 160797K(252416K)->160797K(252416K) Eden: 106495K(106496K)->106495K(106496K) From: 54301K(145920K)->54301K(145920K)
[121.063s][info][gc,heap        ] GC(328) ParOldGen: 6962986K(6963200K)->6962986K(6963200K)
[121.063s][info][gc,metaspace   ] GC(328) Metaspace: 6302K(6464K)->6302K(6464K) NonClass: 5769K(5824K)->5769K(5824K) Class: 533K(640K)->533K(640K)
[121.063s][info][gc             ] GC(328) Pause Full (Ergonomics) 6956M->6956M(7046M) 2307.401ms
[121.063s][info][gc,cpu         ] GC(328) User=17.38s Sys=0.00s Real=2.31s
[121.063s][info][gc,start       ] GC(329) Pause Full (Ergonomics)
[121.063s][info][gc,phases,start] GC(329) Marking Phase
[122.758s][info][gc,phases      ] GC(329) Marking Phase 1694.589ms
[122.758s][info][gc,phases,start] GC(329) Summary Phase
[122.758s][info][gc,phases      ] GC(329) Summary Phase 0.070ms
[122.758s][info][gc,phases,start] GC(329) Adjust Roots
[122.758s][info][gc,phases      ] GC(329) Adjust Roots 0.199ms
[122.758s][info][gc,phases,start] GC(329) Compaction Phase
[123.367s][info][gc,phases      ] GC(329) Compaction Phase 608.622ms
[123.367s][info][gc,phases,start] GC(329) Post Compact
[123.378s][info][gc,phases      ] GC(329) Post Compact 10.703ms
[123.378s][info][gc,heap        ] GC(329) PSYoungGen: 160797K(252416K)->160797K(252416K) Eden: 106495K(106496K)->106495K(106496K) From: 54301K(145920K)->54301K(145920K)
[123.378s][info][gc,heap        ] GC(329) ParOldGen: 6962991K(6963200K)->6962991K(6963200K)
[123.378s][info][gc,metaspace   ] GC(329) Metaspace: 6302K(6464K)->6302K(6464K) NonClass: 5769K(5824K)->5769K(5824K) Class: 533K(640K)->533K(640K)
[123.378s][info][gc             ] GC(329) Pause Full (Ergonomics) 6956M->6956M(7046M) 2314.509ms
[123.378s][info][gc,cpu         ] GC(329) User=17.17s Sys=0.02s Real=2.32s
[123.378s][info][gc,start       ] GC(330) Pause Full (Ergonomics)
[123.378s][info][gc,phases,start] GC(330) Marking Phase
[125.065s][info][gc,phases      ] GC(330) Marking Phase 1687.326ms
[125.065s][info][gc,phases,start] GC(330) Summary Phase
[125.065s][info][gc,phases      ] GC(330) Summary Phase 0.071ms
[125.065s][info][gc,phases,start] GC(330) Adjust Roots
[125.066s][info][gc,phases      ] GC(330) Adjust Roots 0.167ms
[125.066s][info][gc,phases,start] GC(330) Compaction Phase
[125.655s][info][gc,phases      ] GC(330) Compaction Phase 589.707ms
[125.655s][info][gc,phases,start] GC(330) Post Compact
[125.666s][info][gc,phases      ] GC(330) Post Compact 10.986ms
[125.666s][info][gc,heap        ] GC(330) PSYoungGen: 160797K(252416K)->160797K(252416K) Eden: 106495K(106496K)->106495K(106496K) From: 54301K(145920K)->54301K(145920K)
[125.667s][info][gc,heap        ] GC(330) ParOldGen: 6962996K(6963200K)->6962996K(6963200K)
[125.667s][info][gc,metaspace   ] GC(330) Metaspace: 6302K(6464K)->6302K(6464K) NonClass: 5769K(5824K)->5769K(5824K) Class: 533K(640K)->533K(640K)
[125.667s][info][gc             ] GC(330) Pause Full (Ergonomics) 6956M->6956M(7046M) 2288.599ms
[125.667s][info][gc,cpu         ] GC(330) User=17.22s Sys=0.00s Real=2.29s
[125.667s][info][gc,start       ] GC(331) Pause Full (Ergonomics)
[125.667s][info][gc,phases,start] GC(331) Marking Phase
[127.362s][info][gc,phases      ] GC(331) Marking Phase 1695.530ms
[127.362s][info][gc,phases,start] GC(331) Summary Phase
[127.362s][info][gc,phases      ] GC(331) Summary Phase 0.072ms
[127.362s][info][gc,phases,start] GC(331) Adjust Roots
[127.363s][info][gc,phases      ] GC(331) Adjust Roots 0.191ms
[127.363s][info][gc,phases,start] GC(331) Compaction Phase
[127.957s][info][gc,phases      ] GC(331) Compaction Phase 594.569ms
[127.957s][info][gc,phases,start] GC(331) Post Compact
[127.968s][info][gc,phases      ] GC(331) Post Compact 10.586ms
[127.968s][info][gc,heap        ] GC(331) PSYoungGen: 160797K(252416K)->160797K(252416K) Eden: 106495K(106496K)->106495K(106496K) From: 54301K(145920K)->54301K(145920K)
[127.968s][info][gc,heap        ] GC(331) ParOldGen: 6963001K(6963200K)->6963001K(6963200K)
[127.968s][info][gc,metaspace   ] GC(331) Metaspace: 6302K(6464K)->6302K(6464K) NonClass: 5769K(5824K)->5769K(5824K) Class: 533K(640K)->533K(640K)
[127.968s][info][gc             ] GC(331) Pause Full (Ergonomics) 6956M->6956M(7046M) 2301.277ms
[127.968s][info][gc,cpu         ] GC(331) User=16.95s Sys=0.05s Real=2.30s
[127.968s][info][gc,start       ] GC(332) Pause Full (Ergonomics)
[127.968s][info][gc,phases,start] GC(332) Marking Phase
[129.667s][info][gc,phases      ] GC(332) Marking Phase 1698.276ms
[129.667s][info][gc,phases,start] GC(332) Summary Phase
[129.667s][info][gc,phases      ] GC(332) Summary Phase 0.070ms
[129.667s][info][gc,phases,start] GC(332) Adjust Roots
[129.667s][info][gc,phases      ] GC(332) Adjust Roots 0.214ms
[129.667s][info][gc,phases,start] GC(332) Compaction Phase
[130.289s][info][gc,phases      ] GC(332) Compaction Phase 621.753ms
[130.289s][info][gc,phases,start] GC(332) Post Compact
[130.300s][info][gc,phases      ] GC(332) Post Compact 10.677ms
[130.300s][info][gc,heap        ] GC(332) PSYoungGen: 160797K(252416K)->160797K(252416K) Eden: 106495K(106496K)->106495K(106496K) From: 54301K(145920K)->54301K(145920K)
[130.300s][info][gc,heap        ] GC(332) ParOldGen: 6963005K(6963200K)->6963005K(6963200K)
[130.300s][info][gc,metaspace   ] GC(332) Metaspace: 6302K(6464K)->6302K(6464K) NonClass: 5769K(5824K)->5769K(5824K) Class: 533K(640K)->533K(640K)
[130.300s][info][gc             ] GC(332) Pause Full (Ergonomics) 6956M->6956M(7046M) 2331.482ms
[130.300s][info][gc,cpu         ] GC(332) User=16.92s Sys=0.00s Real=2.33s
[130.300s][info][gc,start       ] GC(333) Pause Full (Ergonomics)
[130.300s][info][gc,phases,start] GC(333) Marking Phase
[132.006s][info][gc,phases      ] GC(333) Marking Phase 1706.464ms
[132.006s][info][gc,phases,start] GC(333) Summary Phase
[132.007s][info][gc,phases      ] GC(333) Summary Phase 0.119ms
[132.007s][info][gc,phases,start] GC(333) Adjust Roots
[132.007s][info][gc,phases      ] GC(333) Adjust Roots 0.204ms
[132.007s][info][gc,phases,start] GC(333) Compaction Phase
[132.594s][info][gc,phases      ] GC(333) Compaction Phase 586.930ms
[132.594s][info][gc,phases,start] GC(333) Post Compact
[132.605s][info][gc,phases      ] GC(333) Post Compact 10.632ms
[132.605s][info][gc,heap        ] GC(333) PSYoungGen: 160797K(252416K)->160797K(252416K) Eden: 106495K(106496K)->106495K(106496K) From: 54301K(145920K)->54301K(145920K)
[132.605s][info][gc,heap        ] GC(333) ParOldGen: 6963010K(6963200K)->6963010K(6963200K)
[132.605s][info][gc,metaspace   ] GC(333) Metaspace: 6302K(6464K)->6302K(6464K) NonClass: 5769K(5824K)->5769K(5824K) Class: 533K(640K)->533K(640K)
[132.605s][info][gc             ] GC(333) Pause Full (Ergonomics) 6956M->6956M(7046M) 2304.721ms
[132.605s][info][gc,cpu         ] GC(333) User=17.42s Sys=0.02s Real=2.31s
[132.605s][info][gc,start       ] GC(334) Pause Full (Ergonomics)
[132.605s][info][gc,phases,start] GC(334) Marking Phase
[134.320s][info][gc,phases      ] GC(334) Marking Phase 1715.168ms
[134.320s][info][gc,phases,start] GC(334) Summary Phase
[134.320s][info][gc,phases      ] GC(334) Summary Phase 0.070ms
[134.320s][info][gc,phases,start] GC(334) Adjust Roots
[134.320s][info][gc,phases      ] GC(334) Adjust Roots 0.287ms
[134.320s][info][gc,phases,start] GC(334) Compaction Phase
[134.904s][info][gc,phases      ] GC(334) Compaction Phase 583.190ms
[134.904s][info][gc,phases,start] GC(334) Post Compact
[134.914s][info][gc,phases      ] GC(334) Post Compact 10.684ms
[134.915s][info][gc,heap        ] GC(334) PSYoungGen: 160797K(252416K)->160797K(252416K) Eden: 106495K(106496K)->106495K(106496K) From: 54301K(145920K)->54301K(145920K)
[134.915s][info][gc,heap        ] GC(334) ParOldGen: 6963015K(6963200K)->6963015K(6963200K)
[134.915s][info][gc,metaspace   ] GC(334) Metaspace: 6302K(6464K)->6302K(6464K) NonClass: 5769K(5824K)->5769K(5824K) Class: 533K(640K)->533K(640K)
[134.915s][info][gc             ] GC(334) Pause Full (Ergonomics) 6956M->6956M(7046M) 2309.728ms
[134.915s][info][gc,cpu         ] GC(334) User=17.16s Sys=0.00s Real=2.31s
[134.915s][info][gc,start       ] GC(335) Pause Full (Ergonomics)
[134.915s][info][gc,phases,start] GC(335) Marking Phase
[136.614s][info][gc,phases      ] GC(335) Marking Phase 1698.928ms
[136.614s][info][gc,phases,start] GC(335) Summary Phase
[136.614s][info][gc,phases      ] GC(335) Summary Phase 0.072ms
[136.614s][info][gc,phases,start] GC(335) Adjust Roots
[136.614s][info][gc,phases      ] GC(335) Adjust Roots 0.251ms
[136.614s][info][gc,phases,start] GC(335) Compaction Phase
[137.221s][info][gc,phases      ] GC(335) Compaction Phase 607.006ms
[137.221s][info][gc,phases,start] GC(335) Post Compact
[137.232s][info][gc,phases      ] GC(335) Post Compact 10.409ms
[137.232s][info][gc,heap        ] GC(335) PSYoungGen: 160797K(252416K)->160797K(252416K) Eden: 106495K(106496K)->106495K(106496K) From: 54301K(145920K)->54301K(145920K)
[137.232s][info][gc,heap        ] GC(335) ParOldGen: 6963020K(6963200K)->6963020K(6963200K)
[137.232s][info][gc,metaspace   ] GC(335) Metaspace: 6302K(6464K)->6302K(6464K) NonClass: 5769K(5824K)->5769K(5824K) Class: 533K(640K)->533K(640K)
[137.232s][info][gc             ] GC(335) Pause Full (Ergonomics) 6956M->6956M(7046M) 2317.079ms
[137.232s][info][gc,cpu         ] GC(335) User=17.08s Sys=0.02s Real=2.32s
[137.232s][info][gc,start       ] GC(336) Pause Full (Ergonomics)
[137.232s][info][gc,phases,start] GC(336) Marking Phase
[138.927s][info][gc,phases      ] GC(336) Marking Phase 1694.972ms
[138.927s][info][gc,phases,start] GC(336) Summary Phase
[138.927s][info][gc,phases      ] GC(336) Summary Phase 0.075ms
[138.927s][info][gc,phases,start] GC(336) Adjust Roots
[138.927s][info][gc,phases      ] GC(336) Adjust Roots 0.203ms
[138.927s][info][gc,phases,start] GC(336) Compaction Phase
[139.504s][info][gc,phases      ] GC(336) Compaction Phase 577.018ms
[139.505s][info][gc,phases,start] GC(336) Post Compact
[139.515s][info][gc,phases      ] GC(336) Post Compact 10.653ms
[139.515s][info][gc,heap        ] GC(336) PSYoungGen: 160797K(252416K)->160797K(252416K) Eden: 106495K(106496K)->106495K(106496K) From: 54301K(145920K)->54301K(145920K)
[139.515s][info][gc,heap        ] GC(336) ParOldGen: 6963025K(6963200K)->6963025K(6963200K)
[139.515s][info][gc,metaspace   ] GC(336) Metaspace: 6302K(6464K)->6302K(6464K) NonClass: 5769K(5824K)->5769K(5824K) Class: 533K(640K)->533K(640K)
[139.515s][info][gc             ] GC(336) Pause Full (Ergonomics) 6956M->6956M(7046M) 2283.281ms
[139.515s][info][gc,cpu         ] GC(336) User=17.03s Sys=0.00s Real=2.28s
[139.516s][info][gc,start       ] GC(337) Pause Full (Ergonomics)
[139.516s][info][gc,phases,start] GC(337) Marking Phase
[141.211s][info][gc,phases      ] GC(337) Marking Phase 1695.052ms
[141.211s][info][gc,phases,start] GC(337) Summary Phase
[141.211s][info][gc,phases      ] GC(337) Summary Phase 0.070ms
[141.211s][info][gc,phases,start] GC(337) Adjust Roots
[141.211s][info][gc,phases      ] GC(337) Adjust Roots 0.165ms
[141.211s][info][gc,phases,start] GC(337) Compaction Phase
[141.818s][info][gc,phases      ] GC(337) Compaction Phase 607.144ms
[141.818s][info][gc,phases,start] GC(337) Post Compact
[141.829s][info][gc,phases      ] GC(337) Post Compact 10.555ms
[141.829s][info][gc,heap        ] GC(337) PSYoungGen: 160797K(252416K)->160797K(252416K) Eden: 106495K(106496K)->106495K(106496K) From: 54301K(145920K)->54301K(145920K)
[141.829s][info][gc,heap        ] GC(337) ParOldGen: 6963030K(6963200K)->6963030K(6963200K)
[141.829s][info][gc,metaspace   ] GC(337) Metaspace: 6302K(6464K)->6302K(6464K) NonClass: 5769K(5824K)->5769K(5824K) Class: 533K(640K)->533K(640K)
[141.829s][info][gc             ] GC(337) Pause Full (Ergonomics) 6956M->6956M(7046M) 2313.349ms
[141.829s][info][gc,cpu         ] GC(337) User=17.06s Sys=0.00s Real=2.31s
[141.829s][info][gc,start       ] GC(338) Pause Full (Ergonomics)
[141.829s][info][gc,phases,start] GC(338) Marking Phase
[143.503s][info][gc,phases      ] GC(338) Marking Phase 1673.466ms
[143.503s][info][gc,phases,start] GC(338) Summary Phase
[143.503s][info][gc,phases      ] GC(338) Summary Phase 0.072ms
[143.503s][info][gc,phases,start] GC(338) Adjust Roots
[143.503s][info][gc,phases      ] GC(338) Adjust Roots 0.160ms
[143.503s][info][gc,phases,start] GC(338) Compaction Phase
[144.075s][info][gc,phases      ] GC(338) Compaction Phase 572.336ms
[144.075s][info][gc,phases,start] GC(338) Post Compact
[144.086s][info][gc,phases      ] GC(338) Post Compact 10.534ms
[144.086s][info][gc,heap        ] GC(338) PSYoungGen: 160797K(252416K)->160797K(252416K) Eden: 106495K(106496K)->106495K(106496K) From: 54301K(145920K)->54301K(145920K)
[144.086s][info][gc,heap        ] GC(338) ParOldGen: 6963034K(6963200K)->6963034K(6963200K)
[144.086s][info][gc,metaspace   ] GC(338) Metaspace: 6302K(6464K)->6302K(6464K) NonClass: 5769K(5824K)->5769K(5824K) Class: 533K(640K)->533K(640K)
[144.086s][info][gc             ] GC(338) Pause Full (Ergonomics) 6956M->6956M(7046M) 2256.914ms
[144.086s][info][gc,cpu         ] GC(338) User=17.02s Sys=0.02s Real=2.26s
[144.086s][info][gc,start       ] GC(339) Pause Full (Ergonomics)
[144.086s][info][gc,phases,start] GC(339) Marking Phase
[145.742s][info][gc,phases      ] GC(339) Marking Phase 1655.979ms
[145.742s][info][gc,phases,start] GC(339) Summary Phase
[145.742s][info][gc,phases      ] GC(339) Summary Phase 0.081ms
[145.742s][info][gc,phases,start] GC(339) Adjust Roots
[145.743s][info][gc,phases      ] GC(339) Adjust Roots 0.186ms
[145.743s][info][gc,phases,start] GC(339) Compaction Phase
[146.314s][info][gc,phases      ] GC(339) Compaction Phase 571.544ms
[146.314s][info][gc,phases,start] GC(339) Post Compact
[146.325s][info][gc,phases      ] GC(339) Post Compact 10.746ms
[146.325s][info][gc,heap        ] GC(339) PSYoungGen: 160797K(252416K)->160797K(252416K) Eden: 106495K(106496K)->106495K(106496K) From: 54301K(145920K)->54301K(145920K)
[146.325s][info][gc,heap        ] GC(339) ParOldGen: 6963039K(6963200K)->6963039K(6963200K)
[146.325s][info][gc,metaspace   ] GC(339) Metaspace: 6302K(6464K)->6302K(6464K) NonClass: 5769K(5824K)->5769K(5824K) Class: 533K(640K)->533K(640K)
[146.325s][info][gc             ] GC(339) Pause Full (Ergonomics) 6956M->6956M(7046M) 2238.883ms
[146.325s][info][gc,cpu         ] GC(339) User=16.84s Sys=0.00s Real=2.24s
[146.325s][info][gc,start       ] GC(340) Pause Full (Ergonomics)
[146.325s][info][gc,phases,start] GC(340) Marking Phase
[147.994s][info][gc,phases      ] GC(340) Marking Phase 1668.603ms
[147.994s][info][gc,phases,start] GC(340) Summary Phase
[147.994s][info][gc,phases      ] GC(340) Summary Phase 0.071ms
[147.994s][info][gc,phases,start] GC(340) Adjust Roots
[147.994s][info][gc,phases      ] GC(340) Adjust Roots 0.163ms
[147.994s][info][gc,phases,start] GC(340) Compaction Phase
[148.576s][info][gc,phases      ] GC(340) Compaction Phase 581.466ms
[148.576s][info][gc,phases,start] GC(340) Post Compact
[148.587s][info][gc,phases      ] GC(340) Post Compact 10.675ms
[148.587s][info][gc,heap        ] GC(340) PSYoungGen: 160797K(252416K)->160797K(252416K) Eden: 106495K(106496K)->106495K(106496K) From: 54301K(145920K)->54301K(145920K)
[148.587s][info][gc,heap        ] GC(340) ParOldGen: 6963044K(6963200K)->6963044K(6963200K)
[148.587s][info][gc,metaspace   ] GC(340) Metaspace: 6302K(6464K)->6302K(6464K) NonClass: 5769K(5824K)->5769K(5824K) Class: 533K(640K)->533K(640K)
[148.587s][info][gc             ] GC(340) Pause Full (Ergonomics) 6956M->6956M(7046M) 2261.296ms
[148.587s][info][gc,cpu         ] GC(340) User=16.64s Sys=0.00s Real=2.26s
[148.587s][info][gc,start       ] GC(341) Pause Full (Ergonomics)
[148.587s][info][gc,phases,start] GC(341) Marking Phase
[150.239s][info][gc,phases      ] GC(341) Marking Phase 1651.951ms
[150.239s][info][gc,phases,start] GC(341) Summary Phase
[150.239s][info][gc,phases      ] GC(341) Summary Phase 0.094ms
[150.239s][info][gc,phases,start] GC(341) Adjust Roots
[150.239s][info][gc,phases      ] GC(341) Adjust Roots 0.219ms
[150.239s][info][gc,phases,start] GC(341) Compaction Phase
[150.796s][info][gc,phases      ] GC(341) Compaction Phase 556.994ms
[150.796s][info][gc,phases,start] GC(341) Post Compact
[150.807s][info][gc,phases      ] GC(341) Post Compact 10.705ms
[150.807s][info][gc,heap        ] GC(341) PSYoungGen: 160797K(252416K)->160797K(252416K) Eden: 106495K(106496K)->106495K(106496K) From: 54301K(145920K)->54301K(145920K)
[150.807s][info][gc,heap        ] GC(341) ParOldGen: 6963049K(6963200K)->6963049K(6963200K)
[150.807s][info][gc,metaspace   ] GC(341) Metaspace: 6302K(6464K)->6302K(6464K) NonClass: 5769K(5824K)->5769K(5824K) Class: 533K(640K)->533K(640K)
[150.807s][info][gc             ] GC(341) Pause Full (Ergonomics) 6956M->6956M(7046M) 2220.353ms
[150.807s][info][gc,cpu         ] GC(341) User=16.80s Sys=0.00s Real=2.22s
[150.807s][info][gc,start       ] GC(342) Pause Full (Ergonomics)
[150.808s][info][gc,phases,start] GC(342) Marking Phase
[152.456s][info][gc,phases      ] GC(342) Marking Phase 1648.955ms
[152.457s][info][gc,phases,start] GC(342) Summary Phase
[152.457s][info][gc,phases      ] GC(342) Summary Phase 0.073ms
[152.457s][info][gc,phases,start] GC(342) Adjust Roots
[152.457s][info][gc,phases      ] GC(342) Adjust Roots 0.214ms
[152.457s][info][gc,phases,start] GC(342) Compaction Phase
[153.007s][info][gc,phases      ] GC(342) Compaction Phase 550.155ms
[153.007s][info][gc,phases,start] GC(342) Post Compact
[153.018s][info][gc,phases      ] GC(342) Post Compact 10.699ms
[153.018s][info][gc,heap        ] GC(342) PSYoungGen: 160797K(252416K)->160797K(252416K) Eden: 106495K(106496K)->106495K(106496K) From: 54301K(145920K)->54301K(145920K)
[153.018s][info][gc,heap        ] GC(342) ParOldGen: 6963054K(6963200K)->6963054K(6963200K)
[153.018s][info][gc,metaspace   ] GC(342) Metaspace: 6302K(6464K)->6302K(6464K) NonClass: 5769K(5824K)->5769K(5824K) Class: 533K(640K)->533K(640K)
[153.018s][info][gc             ] GC(342) Pause Full (Ergonomics) 6956M->6956M(7046M) 2210.551ms
[153.018s][info][gc,cpu         ] GC(342) User=16.48s Sys=0.02s Real=2.21s
[153.018s][info][gc,start       ] GC(343) Pause Full (Ergonomics)
[153.018s][info][gc,phases,start] GC(343) Marking Phase
[154.661s][info][gc,phases      ] GC(343) Marking Phase 1642.894ms
[154.661s][info][gc,phases,start] GC(343) Summary Phase
[154.661s][info][gc,phases      ] GC(343) Summary Phase 0.071ms
[154.661s][info][gc,phases,start] GC(343) Adjust Roots
[154.662s][info][gc,phases      ] GC(343) Adjust Roots 0.213ms
[154.662s][info][gc,phases,start] GC(343) Compaction Phase
[155.231s][info][gc,phases      ] GC(343) Compaction Phase 569.488ms
[155.231s][info][gc,phases,start] GC(343) Post Compact
[155.242s][info][gc,phases      ] GC(343) Post Compact 10.552ms
[155.242s][info][gc,heap        ] GC(343) PSYoungGen: 160797K(252416K)->160797K(252416K) Eden: 106495K(106496K)->106495K(106496K) From: 54301K(145920K)->54301K(145920K)
[155.242s][info][gc,heap        ] GC(343) ParOldGen: 6963059K(6963200K)->6963059K(6963200K)
[155.242s][info][gc,metaspace   ] GC(343) Metaspace: 6302K(6464K)->6302K(6464K) NonClass: 5769K(5824K)->5769K(5824K) Class: 533K(640K)->533K(640K)
[155.242s][info][gc             ] GC(343) Pause Full (Ergonomics) 6956M->6956M(7046M) 2223.536ms
[155.242s][info][gc,cpu         ] GC(343) User=16.59s Sys=0.02s Real=2.22s
[155.242s][info][gc,start       ] GC(344) Pause Full (Ergonomics)
[155.242s][info][gc,phases,start] GC(344) Marking Phase
[156.894s][info][gc,phases      ] GC(344) Marking Phase 1652.007ms
[156.894s][info][gc,phases,start] GC(344) Summary Phase
[156.894s][info][gc,phases      ] GC(344) Summary Phase 0.073ms
[156.894s][info][gc,phases,start] GC(344) Adjust Roots
[156.894s][info][gc,phases      ] GC(344) Adjust Roots 0.174ms
[156.894s][info][gc,phases,start] GC(344) Compaction Phase
[157.504s][info][gc,phases      ] GC(344) Compaction Phase 609.775ms
[157.504s][info][gc,phases,start] GC(344) Post Compact
[157.515s][info][gc,phases      ] GC(344) Post Compact 10.633ms
[157.515s][info][gc,heap        ] GC(344) PSYoungGen: 160797K(252416K)->160797K(252416K) Eden: 106495K(106496K)->106495K(106496K) From: 54301K(145920K)->54301K(145920K)
[157.515s][info][gc,heap        ] GC(344) ParOldGen: 6963063K(6963200K)->6963063K(6963200K)
[157.515s][info][gc,metaspace   ] GC(344) Metaspace: 6302K(6464K)->6302K(6464K) NonClass: 5769K(5824K)->5769K(5824K) Class: 533K(640K)->533K(640K)
[157.515s][info][gc             ] GC(344) Pause Full (Ergonomics) 6956M->6956M(7046M) 2273.043ms
[157.515s][info][gc,cpu         ] GC(344) User=16.73s Sys=0.00s Real=2.27s
[157.515s][info][gc,start       ] GC(345) Pause Full (Ergonomics)
[157.515s][info][gc,phases,start] GC(345) Marking Phase
[159.186s][info][gc,phases      ] GC(345) Marking Phase 1670.477ms
[159.186s][info][gc,phases,start] GC(345) Summary Phase
[159.186s][info][gc,phases      ] GC(345) Summary Phase 0.070ms
[159.186s][info][gc,phases,start] GC(345) Adjust Roots
[159.186s][info][gc,phases      ] GC(345) Adjust Roots 0.164ms
[159.186s][info][gc,phases,start] GC(345) Compaction Phase
[159.769s][info][gc,phases      ] GC(345) Compaction Phase 582.214ms
[159.769s][info][gc,phases,start] GC(345) Post Compact
[159.780s][info][gc,phases      ] GC(345) Post Compact 11.624ms
[159.780s][info][gc,heap        ] GC(345) PSYoungGen: 160797K(252416K)->160797K(252416K) Eden: 106495K(106496K)->106495K(106496K) From: 54301K(145920K)->54301K(145920K)
[159.781s][info][gc,heap        ] GC(345) ParOldGen: 6963068K(6963200K)->6963068K(6963200K)
[159.781s][info][gc,metaspace   ] GC(345) Metaspace: 6302K(6464K)->6302K(6464K) NonClass: 5769K(5824K)->5769K(5824K) Class: 533K(640K)->533K(640K)
[159.781s][info][gc             ] GC(345) Pause Full (Ergonomics) 6956M->6956M(7046M) 2265.260ms
[159.781s][info][gc,cpu         ] GC(345) User=16.81s Sys=0.00s Real=2.27s
[159.781s][info][gc,start       ] GC(346) Pause Full (Ergonomics)
[159.781s][info][gc,phases,start] GC(346) Marking Phase
[161.426s][info][gc,phases      ] GC(346) Marking Phase 1645.053ms
[161.426s][info][gc,phases,start] GC(346) Summary Phase
[161.426s][info][gc,phases      ] GC(346) Summary Phase 0.083ms
[161.426s][info][gc,phases,start] GC(346) Adjust Roots
[161.426s][info][gc,phases      ] GC(346) Adjust Roots 0.167ms
[161.426s][info][gc,phases,start] GC(346) Compaction Phase
[161.974s][info][gc,phases      ] GC(346) Compaction Phase 547.802ms
[161.974s][info][gc,phases,start] GC(346) Post Compact
[161.985s][info][gc,phases      ] GC(346) Post Compact 10.573ms
[161.985s][info][gc,heap        ] GC(346) PSYoungGen: 160797K(252416K)->160797K(252416K) Eden: 106495K(106496K)->106495K(106496K) From: 54301K(145920K)->54301K(145920K)
[161.985s][info][gc,heap        ] GC(346) ParOldGen: 6963073K(6963200K)->6963073K(6963200K)
[161.985s][info][gc,metaspace   ] GC(346) Metaspace: 6302K(6464K)->6302K(6464K) NonClass: 5769K(5824K)->5769K(5824K) Class: 533K(640K)->533K(640K)
[161.985s][info][gc             ] GC(346) Pause Full (Ergonomics) 6956M->6956M(7046M) 2204.008ms
[161.985s][info][gc,cpu         ] GC(346) User=16.62s Sys=0.00s Real=2.20s
[161.985s][info][gc,start       ] GC(347) Pause Full (Ergonomics)
[161.985s][info][gc,phases,start] GC(347) Marking Phase
[163.645s][info][gc,phases      ] GC(347) Marking Phase 1660.454ms
[163.646s][info][gc,phases,start] GC(347) Summary Phase
[163.646s][info][gc,phases      ] GC(347) Summary Phase 0.076ms
[163.646s][info][gc,phases,start] GC(347) Adjust Roots
[163.646s][info][gc,phases      ] GC(347) Adjust Roots 0.210ms
[163.646s][info][gc,phases,start] GC(347) Compaction Phase
[164.203s][info][gc,phases      ] GC(347) Compaction Phase 556.688ms
[164.203s][info][gc,phases,start] GC(347) Post Compact
[164.214s][info][gc,phases      ] GC(347) Post Compact 11.417ms
[164.214s][info][gc,heap        ] GC(347) PSYoungGen: 160797K(252416K)->160797K(252416K) Eden: 106495K(106496K)->106495K(106496K) From: 54301K(145920K)->54301K(145920K)
[164.214s][info][gc,heap        ] GC(347) ParOldGen: 6963078K(6963200K)->6963078K(6963200K)
[164.214s][info][gc,metaspace   ] GC(347) Metaspace: 6302K(6464K)->6302K(6464K) NonClass: 5769K(5824K)->5769K(5824K) Class: 533K(640K)->533K(640K)
[164.214s][info][gc             ] GC(347) Pause Full (Ergonomics) 6956M->6956M(7046M) 2229.215ms
[164.214s][info][gc,cpu         ] GC(347) User=16.75s Sys=0.00s Real=2.23s
[164.214s][info][gc,start       ] GC(348) Pause Full (Ergonomics)
[164.214s][info][gc,phases,start] GC(348) Marking Phase
[165.909s][info][gc,phases      ] GC(348) Marking Phase 1694.113ms
[165.909s][info][gc,phases,start] GC(348) Summary Phase
[165.909s][info][gc,phases      ] GC(348) Summary Phase 0.082ms
[165.909s][info][gc,phases,start] GC(348) Adjust Roots
[165.909s][info][gc,phases      ] GC(348) Adjust Roots 0.214ms
[165.909s][info][gc,phases,start] GC(348) Compaction Phase
[166.518s][info][gc,phases      ] GC(348) Compaction Phase 608.982ms
[166.518s][info][gc,phases,start] GC(348) Post Compact
[166.531s][info][gc,phases      ] GC(348) Post Compact 13.293ms
[166.531s][info][gc,heap        ] GC(348) PSYoungGen: 160797K(252416K)->160797K(252416K) Eden: 106495K(106496K)->106495K(106496K) From: 54301K(145920K)->54301K(145920K)
[166.531s][info][gc,heap        ] GC(348) ParOldGen: 6963083K(6963200K)->6963083K(6963200K)
[166.531s][info][gc,metaspace   ] GC(348) Metaspace: 6302K(6464K)->6302K(6464K) NonClass: 5769K(5824K)->5769K(5824K) Class: 533K(640K)->533K(640K)
[166.531s][info][gc             ] GC(348) Pause Full (Ergonomics) 6956M->6956M(7046M) 2317.001ms
[166.531s][info][gc,cpu         ] GC(348) User=16.47s Sys=0.00s Real=2.32s
[166.532s][info][gc,start       ] GC(349) Pause Full (Ergonomics)
[166.532s][info][gc,phases,start] GC(349) Marking Phase
[168.208s][info][gc,phases      ] GC(349) Marking Phase 1676.130ms
[168.208s][info][gc,phases,start] GC(349) Summary Phase
[168.208s][info][gc,phases      ] GC(349) Summary Phase 0.129ms
[168.208s][info][gc,phases,start] GC(349) Adjust Roots
[168.208s][info][gc,phases      ] GC(349) Adjust Roots 0.332ms
[168.208s][info][gc,phases,start] GC(349) Compaction Phase
[168.830s][info][gc,phases      ] GC(349) Compaction Phase 621.133ms
[168.830s][info][gc,phases,start] GC(349) Post Compact
[168.840s][info][gc,phases      ] GC(349) Post Compact 10.670ms
[168.840s][info][gc,heap        ] GC(349) PSYoungGen: 160797K(252416K)->160797K(252416K) Eden: 106495K(106496K)->106495K(106496K) From: 54301K(145920K)->54301K(145920K)
[168.840s][info][gc,heap        ] GC(349) ParOldGen: 6963088K(6963200K)->6963088K(6963200K)
[168.840s][info][gc,metaspace   ] GC(349) Metaspace: 6302K(6464K)->6302K(6464K) NonClass: 5769K(5824K)->5769K(5824K) Class: 533K(640K)->533K(640K)
[168.840s][info][gc             ] GC(349) Pause Full (Ergonomics) 6956M->6956M(7046M) 2308.779ms
[168.840s][info][gc,cpu         ] GC(349) User=16.72s Sys=0.00s Real=2.31s
[168.841s][info][gc,start       ] GC(350) Pause Full (Ergonomics)
[168.841s][info][gc,phases,start] GC(350) Marking Phase
[170.492s][info][gc,phases      ] GC(350) Marking Phase 1651.496ms
[170.492s][info][gc,phases,start] GC(350) Summary Phase
[170.492s][info][gc,phases      ] GC(350) Summary Phase 0.167ms
[170.492s][info][gc,phases,start] GC(350) Adjust Roots
[170.493s][info][gc,phases      ] GC(350) Adjust Roots 0.329ms
[170.493s][info][gc,phases,start] GC(350) Compaction Phase
[171.054s][info][gc,phases      ] GC(350) Compaction Phase 561.203ms
[171.054s][info][gc,phases,start] GC(350) Post Compact
[171.065s][info][gc,phases      ] GC(350) Post Compact 10.578ms
[171.065s][info][gc,heap        ] GC(350) PSYoungGen: 160797K(252416K)->160797K(252416K) Eden: 106495K(106496K)->106495K(106496K) From: 54301K(145920K)->54301K(145920K)
[171.065s][info][gc,heap        ] GC(350) ParOldGen: 6963092K(6963200K)->6963092K(6963200K)
[171.065s][info][gc,metaspace   ] GC(350) Metaspace: 6302K(6464K)->6302K(6464K) NonClass: 5769K(5824K)->5769K(5824K) Class: 533K(640K)->533K(640K)
[171.065s][info][gc             ] GC(350) Pause Full (Ergonomics) 6956M->6956M(7046M) 2224.144ms
[171.065s][info][gc,cpu         ] GC(350) User=16.36s Sys=0.00s Real=2.22s
[171.065s][info][gc,start       ] GC(351) Pause Full (Ergonomics)
[171.065s][info][gc,phases,start] GC(351) Marking Phase
[172.697s][info][gc,phases      ] GC(351) Marking Phase 1632.132ms
[172.697s][info][gc,phases,start] GC(351) Summary Phase
[172.697s][info][gc,phases      ] GC(351) Summary Phase 0.074ms
[172.697s][info][gc,phases,start] GC(351) Adjust Roots
[172.697s][info][gc,phases      ] GC(351) Adjust Roots 0.168ms
[172.697s][info][gc,phases,start] GC(351) Compaction Phase
[173.263s][info][gc,phases      ] GC(351) Compaction Phase 565.851ms
[173.263s][info][gc,phases,start] GC(351) Post Compact
[173.274s][info][gc,phases      ] GC(351) Post Compact 10.786ms
[173.274s][info][gc,heap        ] GC(351) PSYoungGen: 160797K(252416K)->160797K(252416K) Eden: 106495K(106496K)->106495K(106496K) From: 54301K(145920K)->54301K(145920K)
[173.274s][info][gc,heap        ] GC(351) ParOldGen: 6963097K(6963200K)->6963097K(6963200K)
[173.274s][info][gc,metaspace   ] GC(351) Metaspace: 6302K(6464K)->6302K(6464K) NonClass: 5769K(5824K)->5769K(5824K) Class: 533K(640K)->533K(640K)
[173.274s][info][gc             ] GC(351) Pause Full (Ergonomics) 6956M->6956M(7046M) 2209.376ms
[173.274s][info][gc,cpu         ] GC(351) User=16.20s Sys=0.02s Real=2.21s
[173.275s][info][gc,start       ] GC(352) Pause Full (Ergonomics)
[173.275s][info][gc,phases,start] GC(352) Marking Phase
[174.895s][info][gc,phases      ] GC(352) Marking Phase 1620.046ms
[174.895s][info][gc,phases,start] GC(352) Summary Phase
[174.895s][info][gc,phases      ] GC(352) Summary Phase 0.098ms
[174.895s][info][gc,phases,start] GC(352) Adjust Roots
[174.895s][info][gc,phases      ] GC(352) Adjust Roots 0.231ms
[174.895s][info][gc,phases,start] GC(352) Compaction Phase
[175.459s][info][gc,phases      ] GC(352) Compaction Phase 563.532ms
[175.459s][info][gc,phases,start] GC(352) Post Compact
[175.469s][info][gc,phases      ] GC(352) Post Compact 10.772ms
[175.470s][info][gc,heap        ] GC(352) PSYoungGen: 160797K(252416K)->160797K(252416K) Eden: 106495K(106496K)->106495K(106496K) From: 54301K(145920K)->54301K(145920K)
[175.470s][info][gc,heap        ] GC(352) ParOldGen: 6963102K(6963200K)->6963102K(6963200K)
[175.470s][info][gc,metaspace   ] GC(352) Metaspace: 6302K(6464K)->6302K(6464K) NonClass: 5769K(5824K)->5769K(5824K) Class: 533K(640K)->533K(640K)
[175.470s][info][gc             ] GC(352) Pause Full (Ergonomics) 6956M->6956M(7046M) 2195.022ms
[175.470s][info][gc,cpu         ] GC(352) User=16.14s Sys=0.06s Real=2.20s
[175.470s][info][gc,start       ] GC(353) Pause Full (Ergonomics)
[175.470s][info][gc,phases,start] GC(353) Marking Phase
[177.110s][info][gc,phases      ] GC(353) Marking Phase 1640.379ms
[177.110s][info][gc,phases,start] GC(353) Summary Phase
[177.110s][info][gc,phases      ] GC(353) Summary Phase 0.070ms
[177.110s][info][gc,phases,start] GC(353) Adjust Roots
[177.110s][info][gc,phases      ] GC(353) Adjust Roots 0.167ms
[177.110s][info][gc,phases,start] GC(353) Compaction Phase
[177.662s][info][gc,phases      ] GC(353) Compaction Phase 551.754ms
[177.662s][info][gc,phases,start] GC(353) Post Compact
[177.673s][info][gc,phases      ] GC(353) Post Compact 10.630ms
[177.673s][info][gc,heap        ] GC(353) PSYoungGen: 160797K(252416K)->160797K(252416K) Eden: 106495K(106496K)->106495K(106496K) From: 54301K(145920K)->54301K(145920K)
[177.673s][info][gc,heap        ] GC(353) ParOldGen: 6963107K(6963200K)->6963107K(6963200K)
[177.673s][info][gc,metaspace   ] GC(353) Metaspace: 6302K(6464K)->6302K(6464K) NonClass: 5769K(5824K)->5769K(5824K) Class: 533K(640K)->533K(640K)
[177.673s][info][gc             ] GC(353) Pause Full (Ergonomics) 6956M->6956M(7046M) 2203.333ms
[177.673s][info][gc,cpu         ] GC(353) User=16.09s Sys=0.00s Real=2.20s
[177.673s][info][gc,start       ] GC(354) Pause Full (Ergonomics)
[177.673s][info][gc,phases,start] GC(354) Marking Phase
[179.313s][info][gc,phases      ] GC(354) Marking Phase 1640.069ms
[179.313s][info][gc,phases,start] GC(354) Summary Phase
[179.314s][info][gc,phases      ] GC(354) Summary Phase 0.115ms
[179.314s][info][gc,phases,start] GC(354) Adjust Roots
[179.314s][info][gc,phases      ] GC(354) Adjust Roots 0.246ms
[179.314s][info][gc,phases,start] GC(354) Compaction Phase
[179.855s][info][gc,phases      ] GC(354) Compaction Phase 541.120ms
[179.855s][info][gc,phases,start] GC(354) Post Compact
[179.866s][info][gc,phases      ] GC(354) Post Compact 10.588ms
[179.866s][info][gc,heap        ] GC(354) PSYoungGen: 160797K(252416K)->160797K(252416K) Eden: 106495K(106496K)->106495K(106496K) From: 54301K(145920K)->54301K(145920K)
[179.866s][info][gc,heap        ] GC(354) ParOldGen: 6963112K(6963200K)->6963112K(6963200K)
[179.866s][info][gc,metaspace   ] GC(354) Metaspace: 6302K(6464K)->6302K(6464K) NonClass: 5769K(5824K)->5769K(5824K) Class: 533K(640K)->533K(640K)
[179.866s][info][gc             ] GC(354) Pause Full (Ergonomics) 6956M->6956M(7046M) 2192.499ms
[179.866s][info][gc,cpu         ] GC(354) User=16.33s Sys=0.02s Real=2.19s
[179.866s][info][gc,start       ] GC(355) Pause Full (Ergonomics)
[179.866s][info][gc,phases,start] GC(355) Marking Phase
[181.476s][info][gc,phases      ] GC(355) Marking Phase 1610.293ms
[181.476s][info][gc,phases,start] GC(355) Summary Phase
[181.476s][info][gc,phases      ] GC(355) Summary Phase 0.084ms
[181.477s][info][gc,phases,start] GC(355) Adjust Roots
[181.477s][info][gc,phases      ] GC(355) Adjust Roots 0.170ms
[181.477s][info][gc,phases,start] GC(355) Compaction Phase
[182.004s][info][gc,phases      ] GC(355) Compaction Phase 526.823ms
[182.004s][info][gc,phases,start] GC(355) Post Compact
[182.014s][info][gc,phases      ] GC(355) Post Compact 10.703ms
[182.014s][info][gc,heap        ] GC(355) PSYoungGen: 160797K(252416K)->160797K(252416K) Eden: 106495K(106496K)->106495K(106496K) From: 54301K(145920K)->54301K(145920K)
[182.014s][info][gc,heap        ] GC(355) ParOldGen: 6963117K(6963200K)->6963117K(6963200K)
[182.014s][info][gc,metaspace   ] GC(355) Metaspace: 6302K(6464K)->6302K(6464K) NonClass: 5769K(5824K)->5769K(5824K) Class: 533K(640K)->533K(640K)
[182.014s][info][gc             ] GC(355) Pause Full (Ergonomics) 6956M->6956M(7046M) 2148.434ms
[182.014s][info][gc,cpu         ] GC(355) User=16.12s Sys=0.00s Real=2.15s
[182.015s][info][gc,start       ] GC(356) Pause Full (Ergonomics)
[182.015s][info][gc,phases,start] GC(356) Marking Phase
[183.625s][info][gc,phases      ] GC(356) Marking Phase 1610.539ms
[183.625s][info][gc,phases,start] GC(356) Summary Phase
[183.625s][info][gc,phases      ] GC(356) Summary Phase 0.083ms
[183.625s][info][gc,phases,start] GC(356) Adjust Roots
[183.626s][info][gc,phases      ] GC(356) Adjust Roots 0.175ms
[183.626s][info][gc,phases,start] GC(356) Compaction Phase
[184.161s][info][gc,phases      ] GC(356) Compaction Phase 535.138ms
[184.161s][info][gc,phases,start] GC(356) Post Compact
[184.172s][info][gc,phases      ] GC(356) Post Compact 11.291ms
[184.172s][info][gc,heap        ] GC(356) PSYoungGen: 160797K(252416K)->160797K(252416K) Eden: 106495K(106496K)->106495K(106496K) From: 54301K(145920K)->54301K(145920K)
[184.172s][info][gc,heap        ] GC(356) ParOldGen: 6963121K(6963200K)->6963121K(6963200K)
[184.172s][info][gc,metaspace   ] GC(356) Metaspace: 6302K(6464K)->6302K(6464K) NonClass: 5769K(5824K)->5769K(5824K) Class: 533K(640K)->533K(640K)
[184.172s][info][gc             ] GC(356) Pause Full (Ergonomics) 6956M->6956M(7046M) 2157.605ms
[184.172s][info][gc,cpu         ] GC(356) User=15.89s Sys=0.00s Real=2.16s
[184.172s][info][gc,start       ] GC(357) Pause Full (Ergonomics)
[184.172s][info][gc,phases,start] GC(357) Marking Phase
[185.803s][info][gc,phases      ] GC(357) Marking Phase 1630.138ms
[185.803s][info][gc,phases,start] GC(357) Summary Phase
[185.803s][info][gc,phases      ] GC(357) Summary Phase 0.075ms
[185.803s][info][gc,phases,start] GC(357) Adjust Roots
[185.803s][info][gc,phases      ] GC(357) Adjust Roots 0.209ms
[185.803s][info][gc,phases,start] GC(357) Compaction Phase
[186.334s][info][gc,phases      ] GC(357) Compaction Phase 531.409ms
[186.334s][info][gc,phases,start] GC(357) Post Compact
[186.345s][info][gc,phases      ] GC(357) Post Compact 10.495ms
[186.345s][info][gc,heap        ] GC(357) PSYoungGen: 160797K(252416K)->160797K(252416K) Eden: 106495K(106496K)->106495K(106496K) From: 54301K(145920K)->54301K(145920K)
[186.345s][info][gc,heap        ] GC(357) ParOldGen: 6963126K(6963200K)->6963126K(6963200K)
[186.345s][info][gc,metaspace   ] GC(357) Metaspace: 6302K(6464K)->6302K(6464K) NonClass: 5769K(5824K)->5769K(5824K) Class: 533K(640K)->533K(640K)
[186.345s][info][gc             ] GC(357) Pause Full (Ergonomics) 6956M->6956M(7046M) 2172.680ms
[186.345s][info][gc,cpu         ] GC(357) User=15.86s Sys=0.02s Real=2.17s
[186.345s][info][gc,start       ] GC(358) Pause Full (Ergonomics)
[186.345s][info][gc,phases,start] GC(358) Marking Phase
[187.952s][info][gc,phases      ] GC(358) Marking Phase 1606.790ms
[187.952s][info][gc,phases,start] GC(358) Summary Phase
[187.952s][info][gc,phases      ] GC(358) Summary Phase 0.072ms
[187.952s][info][gc,phases,start] GC(358) Adjust Roots
[187.953s][info][gc,phases      ] GC(358) Adjust Roots 0.165ms
[187.953s][info][gc,phases,start] GC(358) Compaction Phase
[188.476s][info][gc,phases      ] GC(358) Compaction Phase 523.528ms
[188.476s][info][gc,phases,start] GC(358) Post Compact
[188.487s][info][gc,phases      ] GC(358) Post Compact 10.932ms
[188.487s][info][gc,heap        ] GC(358) PSYoungGen: 160797K(252416K)->160797K(252416K) Eden: 106495K(106496K)->106495K(106496K) From: 54301K(145920K)->54301K(145920K)
[188.487s][info][gc,heap        ] GC(358) ParOldGen: 6963131K(6963200K)->6963131K(6963200K)
[188.487s][info][gc,metaspace   ] GC(358) Metaspace: 6302K(6464K)->6302K(6464K) NonClass: 5769K(5824K)->5769K(5824K) Class: 533K(640K)->533K(640K)
[188.487s][info][gc             ] GC(358) Pause Full (Ergonomics) 6956M->6956M(7046M) 2141.853ms
[188.487s][info][gc,cpu         ] GC(358) User=15.62s Sys=0.00s Real=2.14s
[188.487s][info][gc,start       ] GC(359) Pause Full (Ergonomics)
[188.487s][info][gc,phases,start] GC(359) Marking Phase
[190.100s][info][gc,phases      ] GC(359) Marking Phase 1612.178ms
[190.100s][info][gc,phases,start] GC(359) Summary Phase
[190.100s][info][gc,phases      ] GC(359) Summary Phase 0.071ms
[190.100s][info][gc,phases,start] GC(359) Adjust Roots
[190.100s][info][gc,phases      ] GC(359) Adjust Roots 0.178ms
[190.100s][info][gc,phases,start] GC(359) Compaction Phase
[190.623s][info][gc,phases      ] GC(359) Compaction Phase 523.073ms
[190.623s][info][gc,phases,start] GC(359) Post Compact
[190.634s][info][gc,phases      ] GC(359) Post Compact 10.701ms
[190.634s][info][gc,heap        ] GC(359) PSYoungGen: 160797K(252416K)->160797K(252416K) Eden: 106495K(106496K)->106495K(106496K) From: 54301K(145920K)->54301K(145920K)
[190.634s][info][gc,heap        ] GC(359) ParOldGen: 6963136K(6963200K)->6963136K(6963200K)
[190.634s][info][gc,metaspace   ] GC(359) Metaspace: 6302K(6464K)->6302K(6464K) NonClass: 5769K(5824K)->5769K(5824K) Class: 533K(640K)->533K(640K)
[190.634s][info][gc             ] GC(359) Pause Full (Ergonomics) 6956M->6956M(7046M) 2146.568ms
[190.634s][info][gc,cpu         ] GC(359) User=15.80s Sys=0.02s Real=2.15s
[190.634s][info][gc,start       ] GC(360) Pause Full (Ergonomics)
[190.634s][info][gc,phases,start] GC(360) Marking Phase
[192.269s][info][gc,phases      ] GC(360) Marking Phase 1635.156ms
[192.269s][info][gc,phases,start] GC(360) Summary Phase
[192.270s][info][gc,phases      ] GC(360) Summary Phase 0.073ms
[192.270s][info][gc,phases,start] GC(360) Adjust Roots
[192.270s][info][gc,phases      ] GC(360) Adjust Roots 0.165ms
[192.270s][info][gc,phases,start] GC(360) Compaction Phase
[192.794s][info][gc,phases      ] GC(360) Compaction Phase 524.294ms
[192.794s][info][gc,phases,start] GC(360) Post Compact
[192.805s][info][gc,phases      ] GC(360) Post Compact 10.651ms
[192.805s][info][gc,heap        ] GC(360) PSYoungGen: 160797K(252416K)->160797K(252416K) Eden: 106495K(106496K)->106495K(106496K) From: 54301K(145920K)->54301K(145920K)
[192.805s][info][gc,heap        ] GC(360) ParOldGen: 6963141K(6963200K)->6963141K(6963200K)
[192.805s][info][gc,metaspace   ] GC(360) Metaspace: 6302K(6464K)->6302K(6464K) NonClass: 5769K(5824K)->5769K(5824K) Class: 533K(640K)->533K(640K)
[192.805s][info][gc             ] GC(360) Pause Full (Ergonomics) 6956M->6956M(7046M) 2170.676ms
[192.805s][info][gc,cpu         ] GC(360) User=16.19s Sys=0.00s Real=2.17s
[192.805s][info][gc,start       ] GC(361) Pause Full (Ergonomics)
[192.805s][info][gc,phases,start] GC(361) Marking Phase
[194.419s][info][gc,phases      ] GC(361) Marking Phase 1614.256ms
[194.419s][info][gc,phases,start] GC(361) Summary Phase
[194.420s][info][gc,phases      ] GC(361) Summary Phase 0.073ms
[194.420s][info][gc,phases,start] GC(361) Adjust Roots
[194.420s][info][gc,phases      ] GC(361) Adjust Roots 0.166ms
[194.420s][info][gc,phases,start] GC(361) Compaction Phase
[194.957s][info][gc,phases      ] GC(361) Compaction Phase 536.936ms
[194.957s][info][gc,phases,start] GC(361) Post Compact
[194.967s][info][gc,phases      ] GC(361) Post Compact 10.650ms
[194.968s][info][gc,heap        ] GC(361) PSYoungGen: 160797K(252416K)->160797K(252416K) Eden: 106495K(106496K)->106495K(106496K) From: 54301K(145920K)->54301K(145920K)
[194.968s][info][gc,heap        ] GC(361) ParOldGen: 6963146K(6963200K)->6963146K(6963200K)
[194.968s][info][gc,metaspace   ] GC(361) Metaspace: 6302K(6464K)->6302K(6464K) NonClass: 5769K(5824K)->5769K(5824K) Class: 533K(640K)->533K(640K)
[194.968s][info][gc             ] GC(361) Pause Full (Ergonomics) 6956M->6956M(7046M) 2162.411ms
[194.968s][info][gc,cpu         ] GC(361) User=15.83s Sys=0.00s Real=2.16s
[194.968s][info][gc,start       ] GC(362) Pause Full (Ergonomics)
[194.968s][info][gc,phases,start] GC(362) Marking Phase
[196.577s][info][gc,phases      ] GC(362) Marking Phase 1609.089ms
[196.577s][info][gc,phases,start] GC(362) Summary Phase
[196.577s][info][gc,phases      ] GC(362) Summary Phase 0.072ms
[196.577s][info][gc,phases,start] GC(362) Adjust Roots
[196.577s][info][gc,phases      ] GC(362) Adjust Roots 0.177ms
[196.577s][info][gc,phases,start] GC(362) Compaction Phase
[197.109s][info][gc,phases      ] GC(362) Compaction Phase 531.867ms
[197.109s][info][gc,phases,start] GC(362) Post Compact
[197.120s][info][gc,phases      ] GC(362) Post Compact 10.740ms
[197.120s][info][gc,heap        ] GC(362) PSYoungGen: 160797K(252416K)->160797K(252416K) Eden: 106495K(106496K)->106495K(106496K) From: 54301K(145920K)->54301K(145920K)
[197.120s][info][gc,heap        ] GC(362) ParOldGen: 6963150K(6963200K)->6963150K(6963200K)
[197.120s][info][gc,metaspace   ] GC(362) Metaspace: 6302K(6464K)->6302K(6464K) NonClass: 5769K(5824K)->5769K(5824K) Class: 533K(640K)->533K(640K)
[197.120s][info][gc             ] GC(362) Pause Full (Ergonomics) 6956M->6956M(7046M) 2152.273ms
[197.120s][info][gc,cpu         ] GC(362) User=15.78s Sys=0.00s Real=2.15s
[197.120s][info][gc,start       ] GC(363) Pause Full (Ergonomics)
[197.120s][info][gc,phases,start] GC(363) Marking Phase
[198.753s][info][gc,phases      ] GC(363) Marking Phase 1632.688ms
[198.753s][info][gc,phases,start] GC(363) Summary Phase
[198.753s][info][gc,phases      ] GC(363) Summary Phase 0.076ms
[198.753s][info][gc,phases,start] GC(363) Adjust Roots
[198.753s][info][gc,phases      ] GC(363) Adjust Roots 0.165ms
[198.753s][info][gc,phases,start] GC(363) Compaction Phase
[199.291s][info][gc,phases      ] GC(363) Compaction Phase 537.507ms
[199.291s][info][gc,phases,start] GC(363) Post Compact
[199.302s][info][gc,phases      ] GC(363) Post Compact 10.676ms
[199.302s][info][gc,heap        ] GC(363) PSYoungGen: 160797K(252416K)->160797K(252416K) Eden: 106495K(106496K)->106495K(106496K) From: 54301K(145920K)->54301K(145920K)
[199.302s][info][gc,heap        ] GC(363) ParOldGen: 6963155K(6963200K)->6963155K(6963200K)
[199.302s][info][gc,metaspace   ] GC(363) Metaspace: 6302K(6464K)->6302K(6464K) NonClass: 5769K(5824K)->5769K(5824K) Class: 533K(640K)->533K(640K)
[199.302s][info][gc             ] GC(363) Pause Full (Ergonomics) 6956M->6956M(7046M) 2181.443ms
[199.302s][info][gc,cpu         ] GC(363) User=15.98s Sys=0.00s Real=2.18s
[199.302s][info][gc,start       ] GC(364) Pause Full (Ergonomics)
[199.302s][info][gc,phases,start] GC(364) Marking Phase
[200.939s][info][gc,phases      ] GC(364) Marking Phase 1637.367ms
[200.939s][info][gc,phases,start] GC(364) Summary Phase
[200.939s][info][gc,phases      ] GC(364) Summary Phase 0.074ms
[200.939s][info][gc,phases,start] GC(364) Adjust Roots
[200.940s][info][gc,phases      ] GC(364) Adjust Roots 0.172ms
[200.940s][info][gc,phases,start] GC(364) Compaction Phase
[201.478s][info][gc,phases      ] GC(364) Compaction Phase 537.952ms
[201.478s][info][gc,phases,start] GC(364) Post Compact
[201.488s][info][gc,phases      ] GC(364) Post Compact 10.630ms
[201.488s][info][gc,heap        ] GC(364) PSYoungGen: 160797K(252416K)->160797K(252416K) Eden: 106495K(106496K)->106495K(106496K) From: 54301K(145920K)->54301K(145920K)
[201.488s][info][gc,heap        ] GC(364) ParOldGen: 6963160K(6963200K)->6963160K(6963200K)
[201.488s][info][gc,metaspace   ] GC(364) Metaspace: 6302K(6464K)->6302K(6464K) NonClass: 5769K(5824K)->5769K(5824K) Class: 533K(640K)->533K(640K)
[201.488s][info][gc             ] GC(364) Pause Full (Ergonomics) 6956M->6956M(7046M) 2186.548ms
[201.488s][info][gc,cpu         ] GC(364) User=16.20s Sys=0.00s Real=2.19s
[201.489s][info][gc,start       ] GC(365) Pause Full (Ergonomics)
[201.489s][info][gc,phases,start] GC(365) Marking Phase
[203.106s][info][gc,phases      ] GC(365) Marking Phase 1617.794ms
[203.107s][info][gc,phases,start] GC(365) Summary Phase
[203.107s][info][gc,phases      ] GC(365) Summary Phase 0.073ms
[203.107s][info][gc,phases,start] GC(365) Adjust Roots
[203.107s][info][gc,phases      ] GC(365) Adjust Roots 0.165ms
[203.107s][info][gc,phases,start] GC(365) Compaction Phase
[203.643s][info][gc,phases      ] GC(365) Compaction Phase 536.022ms
[203.643s][info][gc,phases,start] GC(365) Post Compact
[203.654s][info][gc,phases      ] GC(365) Post Compact 10.622ms
[203.654s][info][gc,heap        ] GC(365) PSYoungGen: 160797K(252416K)->160797K(252416K) Eden: 106495K(106496K)->106495K(106496K) From: 54301K(145920K)->54301K(145920K)
[203.654s][info][gc,heap        ] GC(365) ParOldGen: 6963165K(6963200K)->6963165K(6963200K)
[203.654s][info][gc,metaspace   ] GC(365) Metaspace: 6302K(6464K)->6302K(6464K) NonClass: 5769K(5824K)->5769K(5824K) Class: 533K(640K)->533K(640K)
[203.654s][info][gc             ] GC(365) Pause Full (Ergonomics) 6956M->6956M(7046M) 2165.002ms
[203.654s][info][gc,cpu         ] GC(365) User=15.78s Sys=0.00s Real=2.16s
[203.654s][info][gc,start       ] GC(366) Pause Full (Ergonomics)
[203.654s][info][gc,phases,start] GC(366) Marking Phase
[205.275s][info][gc,phases      ] GC(366) Marking Phase 1620.908ms
[205.275s][info][gc,phases,start] GC(366) Summary Phase
[205.275s][info][gc,phases      ] GC(366) Summary Phase 0.071ms
[205.275s][info][gc,phases,start] GC(366) Adjust Roots
[205.275s][info][gc,phases      ] GC(366) Adjust Roots 0.164ms
[205.275s][info][gc,phases,start] GC(366) Compaction Phase
[205.804s][info][gc,phases      ] GC(366) Compaction Phase 528.614ms
[205.804s][info][gc,phases,start] GC(366) Post Compact
[205.815s][info][gc,phases      ] GC(366) Post Compact 10.839ms
[205.815s][info][gc,heap        ] GC(366) PSYoungGen: 160797K(252416K)->160797K(252416K) Eden: 106495K(106496K)->106495K(106496K) From: 54301K(145920K)->54301K(145920K)
[205.815s][info][gc,heap        ] GC(366) ParOldGen: 6963170K(6963200K)->6963170K(6963200K)
[205.815s][info][gc,metaspace   ] GC(366) Metaspace: 6302K(6464K)->6302K(6464K) NonClass: 5769K(5824K)->5769K(5824K) Class: 533K(640K)->533K(640K)
[205.815s][info][gc             ] GC(366) Pause Full (Ergonomics) 6956M->6956M(7046M) 2160.958ms
[205.815s][info][gc,cpu         ] GC(366) User=15.83s Sys=0.00s Real=2.16s
[205.815s][info][gc,start       ] GC(367) Pause Full (Ergonomics)
[205.815s][info][gc,phases,start] GC(367) Marking Phase
[207.445s][info][gc,phases      ] GC(367) Marking Phase 1630.049ms
[207.445s][info][gc,phases,start] GC(367) Summary Phase
[207.445s][info][gc,phases      ] GC(367) Summary Phase 0.144ms
[207.445s][info][gc,phases,start] GC(367) Adjust Roots
[207.446s][info][gc,phases      ] GC(367) Adjust Roots 0.303ms
[207.446s][info][gc,phases,start] GC(367) Compaction Phase
[207.988s][info][gc,phases      ] GC(367) Compaction Phase 541.955ms
[207.988s][info][gc,phases,start] GC(367) Post Compact
[207.998s][info][gc,phases      ] GC(367) Post Compact 10.517ms
[207.998s][info][gc,heap        ] GC(367) PSYoungGen: 160797K(252416K)->160797K(252416K) Eden: 106495K(106496K)->106495K(106496K) From: 54301K(145920K)->54301K(145920K)
[207.998s][info][gc,heap        ] GC(367) ParOldGen: 6963175K(6963200K)->6963175K(6963200K)
[207.998s][info][gc,metaspace   ] GC(367) Metaspace: 6302K(6464K)->6302K(6464K) NonClass: 5769K(5824K)->5769K(5824K) Class: 533K(640K)->533K(640K)
[207.998s][info][gc             ] GC(367) Pause Full (Ergonomics) 6957M->6957M(7046M) 2183.330ms
[207.998s][info][gc,cpu         ] GC(367) User=15.91s Sys=0.00s Real=2.18s
[207.999s][info][gc,start       ] GC(368) Pause Full (Ergonomics)
[207.999s][info][gc,phases,start] GC(368) Marking Phase
[209.622s][info][gc,phases      ] GC(368) Marking Phase 1623.835ms
[209.623s][info][gc,phases,start] GC(368) Summary Phase
[209.623s][info][gc,phases      ] GC(368) Summary Phase 0.072ms
[209.623s][info][gc,phases,start] GC(368) Adjust Roots
[209.623s][info][gc,phases      ] GC(368) Adjust Roots 0.174ms
[209.623s][info][gc,phases,start] GC(368) Compaction Phase
[210.152s][info][gc,phases      ] GC(368) Compaction Phase 529.068ms
[210.152s][info][gc,phases,start] GC(368) Post Compact
[210.163s][info][gc,phases      ] GC(368) Post Compact 10.667ms
[210.163s][info][gc,heap        ] GC(368) PSYoungGen: 160797K(252416K)->160797K(252416K) Eden: 106495K(106496K)->106495K(106496K) From: 54301K(145920K)->54301K(145920K)
[210.163s][info][gc,heap        ] GC(368) ParOldGen: 6963179K(6963200K)->6963179K(6963200K)
[210.163s][info][gc,metaspace   ] GC(368) Metaspace: 6302K(6464K)->6302K(6464K) NonClass: 5769K(5824K)->5769K(5824K) Class: 533K(640K)->533K(640K)
[210.163s][info][gc             ] GC(368) Pause Full (Ergonomics) 6957M->6957M(7046M) 2164.162ms
[210.163s][info][gc,cpu         ] GC(368) User=15.94s Sys=0.00s Real=2.16s
[210.163s][info][gc,start       ] GC(369) Pause Full (Ergonomics)
[210.163s][info][gc,phases,start] GC(369) Marking Phase
[211.796s][info][gc,phases      ] GC(369) Marking Phase 1632.627ms
[211.796s][info][gc,phases,start] GC(369) Summary Phase
[211.796s][info][gc,phases      ] GC(369) Summary Phase 0.071ms
[211.796s][info][gc,phases,start] GC(369) Adjust Roots
[211.796s][info][gc,phases      ] GC(369) Adjust Roots 0.164ms
[211.796s][info][gc,phases,start] GC(369) Compaction Phase
[212.341s][info][gc,phases      ] GC(369) Compaction Phase 545.400ms
[212.341s][info][gc,phases,start] GC(369) Post Compact
[212.352s][info][gc,phases      ] GC(369) Post Compact 10.568ms
[212.352s][info][gc,heap        ] GC(369) PSYoungGen: 160797K(252416K)->160797K(252416K) Eden: 106495K(106496K)->106495K(106496K) From: 54301K(145920K)->54301K(145920K)
[212.352s][info][gc,heap        ] GC(369) ParOldGen: 6963184K(6963200K)->6963184K(6963200K)
[212.352s][info][gc,metaspace   ] GC(369) Metaspace: 6302K(6464K)->6302K(6464K) NonClass: 5769K(5824K)->5769K(5824K) Class: 533K(640K)->533K(640K)
[212.352s][info][gc             ] GC(369) Pause Full (Ergonomics) 6957M->6957M(7046M) 2189.166ms
[212.352s][info][gc,cpu         ] GC(369) User=16.09s Sys=0.02s Real=2.19s
[212.352s][info][gc,start       ] GC(370) Pause Full (Ergonomics)
[212.352s][info][gc,phases,start] GC(370) Marking Phase
[213.972s][info][gc,phases      ] GC(370) Marking Phase 1619.158ms
[213.972s][info][gc,phases,start] GC(370) Summary Phase
[213.972s][info][gc,phases      ] GC(370) Summary Phase 0.073ms
[213.972s][info][gc,phases,start] GC(370) Adjust Roots
[213.972s][info][gc,phases      ] GC(370) Adjust Roots 0.165ms
[213.972s][info][gc,phases,start] GC(370) Compaction Phase
[214.508s][info][gc,phases      ] GC(370) Compaction Phase 536.488ms
[214.508s][info][gc,phases,start] GC(370) Post Compact
[214.519s][info][gc,phases      ] GC(370) Post Compact 10.619ms
[214.519s][info][gc,heap        ] GC(370) PSYoungGen: 160797K(252416K)->160797K(252416K) Eden: 106495K(106496K)->106495K(106496K) From: 54301K(145920K)->54301K(145920K)
[214.519s][info][gc,heap        ] GC(370) ParOldGen: 6963189K(6963200K)->6963189K(6963200K)
[214.519s][info][gc,metaspace   ] GC(370) Metaspace: 6302K(6464K)->6302K(6464K) NonClass: 5769K(5824K)->5769K(5824K) Class: 533K(640K)->533K(640K)
[214.519s][info][gc             ] GC(370) Pause Full (Ergonomics) 6957M->6957M(7046M) 2166.854ms
[214.519s][info][gc,cpu         ] GC(370) User=15.95s Sys=0.00s Real=2.17s
[214.519s][info][gc,start       ] GC(371) Pause Full (Ergonomics)
[214.519s][info][gc,phases,start] GC(371) Marking Phase
[216.123s][info][gc,phases      ] GC(371) Marking Phase 1603.509ms
[216.123s][info][gc,phases,start] GC(371) Summary Phase
[216.123s][info][gc,phases      ] GC(371) Summary Phase 0.106ms
[216.123s][info][gc,phases,start] GC(371) Adjust Roots
[216.123s][info][gc,phases      ] GC(371) Adjust Roots 0.209ms
[216.123s][info][gc,phases,start] GC(371) Compaction Phase
[216.665s][info][gc,phases      ] GC(371) Compaction Phase 541.606ms
[216.665s][info][gc,phases,start] GC(371) Post Compact
[216.676s][info][gc,phases      ] GC(371) Post Compact 10.444ms
[216.676s][info][gc,heap        ] GC(371) PSYoungGen: 160797K(252416K)->160797K(252416K) Eden: 106495K(106496K)->106495K(106496K) From: 54301K(145920K)->54301K(145920K)
[216.676s][info][gc,heap        ] GC(371) ParOldGen: 6963194K(6963200K)->6963194K(6963200K)
[216.676s][info][gc,metaspace   ] GC(371) Metaspace: 6302K(6464K)->6302K(6464K) NonClass: 5769K(5824K)->5769K(5824K) Class: 533K(640K)->533K(640K)
[216.676s][info][gc             ] GC(371) Pause Full (Ergonomics) 6957M->6957M(7046M) 2156.240ms
[216.676s][info][gc,cpu         ] GC(371) User=15.91s Sys=0.00s Real=2.16s
[216.676s][info][gc,start       ] GC(372) Pause Full (Ergonomics)
[216.676s][info][gc,phases,start] GC(372) Marking Phase
[218.290s][info][gc,phases      ] GC(372) Marking Phase 1613.643ms
[218.290s][info][gc,phases,start] GC(372) Summary Phase
[218.290s][info][gc,phases      ] GC(372) Summary Phase 0.072ms
[218.290s][info][gc,phases,start] GC(372) Adjust Roots
[218.290s][info][gc,phases      ] GC(372) Adjust Roots 0.165ms
[218.290s][info][gc,phases,start] GC(372) Compaction Phase
[218.828s][info][gc,phases      ] GC(372) Compaction Phase 537.943ms
[218.828s][info][gc,phases,start] GC(372) Post Compact
[218.839s][info][gc,phases      ] GC(372) Post Compact 10.707ms
[218.839s][info][gc,heap        ] GC(372) PSYoungGen: 160797K(252416K)->160797K(252416K) Eden: 106495K(106496K)->106495K(106496K) From: 54301K(145920K)->54301K(145920K)
[218.839s][info][gc,heap        ] GC(372) ParOldGen: 6963199K(6963200K)->6963199K(6963200K)
[218.839s][info][gc,metaspace   ] GC(372) Metaspace: 6302K(6464K)->6302K(6464K) NonClass: 5769K(5824K)->5769K(5824K) Class: 533K(640K)->533K(640K)
[218.839s][info][gc             ] GC(372) Pause Full (Ergonomics) 6957M->6957M(7046M) 2162.903ms
[218.839s][info][gc,cpu         ] GC(372) User=15.97s Sys=0.00s Real=2.16s
[218.839s][info][gc,start       ] GC(373) Pause Full (Ergonomics)
[218.839s][info][gc,phases,start] GC(373) Marking Phase
[220.460s][info][gc,phases      ] GC(373) Marking Phase 1620.707ms
[220.460s][info][gc,phases,start] GC(373) Summary Phase
[220.460s][info][gc,phases      ] GC(373) Summary Phase 0.073ms
[220.460s][info][gc,phases,start] GC(373) Adjust Roots
[220.460s][info][gc,phases      ] GC(373) Adjust Roots 0.190ms
[220.460s][info][gc,phases,start] GC(373) Compaction Phase
[220.998s][info][gc,phases      ] GC(373) Compaction Phase 537.699ms
[220.998s][info][gc,phases,start] GC(373) Post Compact
[221.009s][info][gc,phases      ] GC(373) Post Compact 10.667ms
[221.009s][info][gc,heap        ] GC(373) PSYoungGen: 160797K(252416K)->160797K(252416K) Eden: 106495K(106496K)->106495K(106496K) From: 54301K(145920K)->54301K(145920K)
[221.009s][info][gc,heap        ] GC(373) ParOldGen: 6963200K(6963200K)->6963200K(6963200K)
[221.009s][info][gc,metaspace   ] GC(373) Metaspace: 6302K(6464K)->6302K(6464K) NonClass: 5769K(5824K)->5769K(5824K) Class: 533K(640K)->533K(640K)
[221.009s][info][gc             ] GC(373) Pause Full (Ergonomics) 6957M->6957M(7046M) 2169.687ms
[221.009s][info][gc,cpu         ] GC(373) User=15.98s Sys=0.02s Real=2.17s
[221.009s][info][gc,start       ] GC(374) Pause Full (Allocation Failure)
[221.009s][info][gc,phases,start] GC(374) Marking Phase
[222.628s][info][gc,phases      ] GC(374) Marking Phase 1618.946ms
[222.628s][info][gc,phases,start] GC(374) Summary Phase
[222.628s][info][gc,phases      ] GC(374) Summary Phase 0.075ms
[222.628s][info][gc,phases,start] GC(374) Adjust Roots
[222.628s][info][gc,phases      ] GC(374) Adjust Roots 0.392ms
[222.628s][info][gc,phases,start] GC(374) Compaction Phase
[224.442s][info][gc,phases      ] GC(374) Compaction Phase 1813.751ms
[224.442s][info][gc,phases,start] GC(374) Post Compact
[224.453s][info][gc,phases      ] GC(374) Post Compact 10.776ms
[224.453s][info][gc,heap        ] GC(374) PSYoungGen: 160797K(252416K)->160797K(252416K) Eden: 106495K(106496K)->106495K(106496K) From: 54301K(145920K)->54301K(145920K)
[224.453s][info][gc,heap        ] GC(374) ParOldGen: 6963200K(6963200K)->6963195K(6963200K)
[224.453s][info][gc,metaspace   ] GC(374) Metaspace: 6302K(6464K)->6300K(6464K) NonClass: 5769K(5824K)->5767K(5824K) Class: 533K(640K)->532K(640K)
[224.453s][info][gc             ] GC(374) Pause Full (Allocation Failure) 6957M->6957M(7046M) 3444.294ms
[224.453s][info][gc,cpu         ] GC(374) User=25.42s Sys=0.03s Real=3.44s
[224.453s][info][gc,start       ] GC(375) Pause Full (Ergonomics)
[224.454s][info][gc,phases,start] GC(375) Marking Phase
[226.078s][info][gc,phases      ] GC(375) Marking Phase 1624.726ms
[226.078s][info][gc,phases,start] GC(375) Summary Phase
[226.078s][info][gc,phases      ] GC(375) Summary Phase 0.071ms
[226.078s][info][gc,phases,start] GC(375) Adjust Roots
[226.079s][info][gc,phases      ] GC(375) Adjust Roots 0.167ms
[226.079s][info][gc,phases,start] GC(375) Compaction Phase
[226.626s][info][gc,phases      ] GC(375) Compaction Phase 547.186ms
[226.626s][info][gc,phases,start] GC(375) Post Compact
[226.637s][info][gc,phases      ] GC(375) Post Compact 10.819ms
[226.637s][info][gc,heap        ] GC(375) PSYoungGen: 160797K(252416K)->160797K(252416K) Eden: 106495K(106496K)->106495K(106496K) From: 54301K(145920K)->54301K(145920K)
[226.637s][info][gc,heap        ] GC(375) ParOldGen: 6963199K(6963200K)->6963199K(6963200K)
[226.637s][info][gc,metaspace   ] GC(375) Metaspace: 6300K(6464K)->6300K(6464K) NonClass: 5767K(5824K)->5767K(5824K) Class: 532K(640K)->532K(640K)
[226.637s][info][gc             ] GC(375) Pause Full (Ergonomics) 6957M->6957M(7046M) 2183.302ms
[226.637s][info][gc,cpu         ] GC(375) User=16.17s Sys=0.00s Real=2.18s
[226.637s][info][gc,start       ] GC(376) Pause Full (Ergonomics)
[226.637s][info][gc,phases,start] GC(376) Marking Phase
[228.249s][info][gc,phases      ] GC(376) Marking Phase 1611.945ms
[228.249s][info][gc,phases,start] GC(376) Summary Phase
[228.249s][info][gc,phases      ] GC(376) Summary Phase 0.074ms
[228.249s][info][gc,phases,start] GC(376) Adjust Roots
[228.249s][info][gc,phases      ] GC(376) Adjust Roots 0.209ms
[228.249s][info][gc,phases,start] GC(376) Compaction Phase
[228.790s][info][gc,phases      ] GC(376) Compaction Phase 540.148ms
[228.790s][info][gc,phases,start] GC(376) Post Compact
[228.800s][info][gc,phases      ] GC(376) Post Compact 10.704ms
[228.801s][info][gc,heap        ] GC(376) PSYoungGen: 160797K(252416K)->160797K(252416K) Eden: 106495K(106496K)->106495K(106496K) From: 54301K(145920K)->54301K(145920K)
[228.801s][info][gc,heap        ] GC(376) ParOldGen: 6963199K(6963200K)->6963199K(6963200K)
[228.801s][info][gc,metaspace   ] GC(376) Metaspace: 6300K(6464K)->6300K(6464K) NonClass: 5767K(5824K)->5767K(5824K) Class: 532K(640K)->532K(640K)
[228.801s][info][gc             ] GC(376) Pause Full (Ergonomics) 6957M->6957M(7046M) 2163.440ms
[228.801s][info][gc,cpu         ] GC(376) User=15.75s Sys=0.03s Real=2.16s
[228.801s][info][gc,start       ] GC(377) Pause Full (Allocation Failure)
[228.801s][info][gc,phases,start] GC(377) Marking Phase
[230.423s][info][gc,phases      ] GC(377) Marking Phase 1622.508ms
[230.423s][info][gc,phases,start] GC(377) Summary Phase
[230.423s][info][gc,phases      ] GC(377) Summary Phase 0.072ms
[230.423s][info][gc,phases,start] GC(377) Adjust Roots
[230.423s][info][gc,phases      ] GC(377) Adjust Roots 0.181ms
[230.424s][info][gc,phases,start] GC(377) Compaction Phase
[230.967s][info][gc,phases      ] GC(377) Compaction Phase 543.676ms
[230.967s][info][gc,phases,start] GC(377) Post Compact
[230.978s][info][gc,phases      ] GC(377) Post Compact 10.409ms
[230.978s][info][gc,heap        ] GC(377) PSYoungGen: 160797K(252416K)->160797K(252416K) Eden: 106495K(106496K)->106495K(106496K) From: 54301K(145920K)->54301K(145920K)
[230.978s][info][gc,heap        ] GC(377) ParOldGen: 6963199K(6963200K)->6963199K(6963200K)
[230.978s][info][gc,metaspace   ] GC(377) Metaspace: 6300K(6464K)->6300K(6464K) NonClass: 5767K(5824K)->5767K(5824K) Class: 532K(640K)->532K(640K)
[230.978s][info][gc             ] GC(377) Pause Full (Allocation Failure) 6957M->6957M(7046M) 2177.168ms
[230.978s][info][gc,cpu         ] GC(377) User=16.05s Sys=0.02s Real=2.18s
[230.978s][info][gc,start       ] GC(378) Pause Full (Ergonomics)
[230.978s][info][gc,phases,start] GC(378) Marking Phase
[232.611s][info][gc,phases      ] GC(378) Marking Phase 1632.881ms
[232.611s][info][gc,phases,start] GC(378) Summary Phase
[232.611s][info][gc,phases      ] GC(378) Summary Phase 0.074ms
[232.611s][info][gc,phases,start] GC(378) Adjust Roots
[232.612s][info][gc,phases      ] GC(378) Adjust Roots 0.248ms
[232.612s][info][gc,phases,start] GC(378) Compaction Phase
[234.415s][info][gc,phases      ] GC(378) Compaction Phase 1803.196ms
[234.415s][info][gc,phases,start] GC(378) Post Compact
[234.426s][info][gc,phases      ] GC(378) Post Compact 10.800ms
[234.426s][info][gc,heap        ] GC(378) PSYoungGen: 160797K(252416K)->160797K(252416K) Eden: 106495K(106496K)->106495K(106496K) From: 54301K(145920K)->54301K(145920K)
[234.426s][info][gc,heap        ] GC(378) ParOldGen: 6963199K(6963200K)->6963198K(6963200K)
[234.426s][info][gc,metaspace   ] GC(378) Metaspace: 6300K(6464K)->6300K(6464K) NonClass: 5767K(5824K)->5767K(5824K) Class: 532K(640K)->532K(640K)
[234.426s][info][gc             ] GC(378) Pause Full (Ergonomics) 6957M->6957M(7046M) 3447.583ms
[234.426s][info][gc,cpu         ] GC(378) User=25.52s Sys=0.02s Real=3.45s
[234.427s][info][gc,start       ] GC(379) Pause Full (Ergonomics)
[234.427s][info][gc,phases,start] GC(379) Marking Phase
[236.046s][info][gc,phases      ] GC(379) Marking Phase 1618.926ms
[236.046s][info][gc,phases,start] GC(379) Summary Phase
[236.046s][info][gc,phases      ] GC(379) Summary Phase 0.074ms
[236.046s][info][gc,phases,start] GC(379) Adjust Roots
[236.046s][info][gc,phases      ] GC(379) Adjust Roots 0.247ms
[236.046s][info][gc,phases,start] GC(379) Compaction Phase
[237.859s][info][gc,phases      ] GC(379) Compaction Phase 1812.853ms
[237.859s][info][gc,phases,start] GC(379) Post Compact
[237.870s][info][gc,phases      ] GC(379) Post Compact 10.860ms
[237.870s][info][gc,heap        ] GC(379) PSYoungGen: 160797K(252416K)->160797K(252416K) Eden: 106496K(106496K)->106496K(106496K) From: 54301K(145920K)->54301K(145920K)
[237.870s][info][gc,heap        ] GC(379) ParOldGen: 6963199K(6963200K)->6963196K(6963200K)
[237.870s][info][gc,metaspace   ] GC(379) Metaspace: 6302K(6528K)->6302K(6528K) NonClass: 5768K(5888K)->5768K(5888K) Class: 533K(640K)->533K(640K)
[237.870s][info][gc             ] GC(379) Pause Full (Ergonomics) 6957M->6957M(7046M) 3443.358ms
[237.870s][info][gc,cpu         ] GC(379) User=25.20s Sys=0.11s Real=3.44s
[237.871s][info][gc,heap,exit   ] Heap
[237.871s][info][gc,heap,exit   ]  PSYoungGen      total 252416K, used 160797K [0x000000072b800000, 0x0000000744f80000, 0x0000000800000000)
[237.871s][info][gc,heap,exit   ]   eden space 106496K, 100% used [0x000000072b800000,0x0000000732000000,0x0000000732000000)
[237.871s][info][gc,heap,exit   ]   from space 145920K, 37% used [0x000000073b200000,0x000000073e707738,0x0000000744080000)
[237.871s][info][gc,heap,exit   ]   to   space 149504K, 0% used [0x0000000732000000,0x0000000732000000,0x000000073b200000)
[237.871s][info][gc,heap,exit   ]  ParOldGen       total 6963200K, used 6963197K [0x0000000582800000, 0x000000072b800000, 0x000000072b800000)
[237.871s][info][gc,heap,exit   ]   object space 6963200K, 99% used [0x0000000582800000,0x000000072b7ff740,0x000000072b800000)
[237.871s][info][gc,heap,exit   ]  Metaspace       used 6305K, committed 6528K, reserved 1114112K
[237.871s][info][gc,heap,exit   ]   class space    used 534K, committed 640K, reserved 1048576K
