[0.013s][info][gc,init] CardTable entry size: 512
[0.013s][info][gc     ] Using Serial
[0.014s][info][gc,init] Version: 18.0.1+10 (release)
[0.014s][info][gc,init] CPUs: 8 total, 8 available
[0.014s][info][gc,init] Memory: 16063M
[0.014s][info][gc,init] Large Page Support: Disabled
[0.014s][info][gc,init] NUMA Support: Disabled
[0.014s][info][gc,init] Compressed Oops: Enabled (Zero based)
[0.014s][info][gc,init] Heap Min Capacity: 2M
[0.014s][info][gc,init] Heap Initial Capacity: 2M
[0.014s][info][gc,init] Heap Max Capacity: 3400M
[0.014s][info][gc,init] Pre-touch: Disabled
[0.014s][info][gc,metaspace] CDS archive(s) not mapped
[0.014s][info][gc,metaspace] Compressed class space mapped at: 0x0000000800000000-0x0000000840000000, reserved size: 1073741824
[0.014s][info][gc,metaspace] Narrow klass base: 0x0000000800000000, Narrow klass shift: 0, Narrow klass range: 0x40000000
[0.199s][info][gc,start    ] GC(0) Pause Young (Allocation Failure)
[0.202s][info][gc,heap     ] GC(0) DefNew: 1023K(1152K)->127K(1152K) Eden: 1023K(1024K)->0K(1024K) From: 0K(128K)->127K(128K)
[0.202s][info][gc,heap     ] GC(0) Tenured: 0K(768K)->439K(768K)
[0.202s][info][gc,metaspace] GC(0) Metaspace: 5900K(6016K)->5900K(6016K) NonClass: 5400K(5504K)->5400K(5504K) Class: 499K(512K)->499K(512K)
[0.202s][info][gc          ] GC(0) Pause Young (Allocation Failure) 0M->0M(1M) 3.057ms
[0.202s][info][gc,cpu      ] GC(0) User=0.00s Sys=0.00s Real=0.00s
[0.222s][info][gc,start    ] GC(1) Pause Young (Allocation Failure)
[0.224s][info][gc          ] GC(1) Pause Young (Allocation Failure) 1M->0M(2M) 1.942ms
[0.224s][info][gc,cpu      ] GC(1) User=0.00s Sys=0.00s Real=0.00s
[0.224s][info][gc,start    ] GC(2) Pause Full (Allocation Failure)
[0.224s][info][gc,phases,start] GC(2) Phase 1: Mark live objects
[0.226s][info][gc,phases      ] GC(2) Phase 1: Mark live objects 1.834ms
[0.226s][info][gc,phases,start] GC(2) Phase 2: Compute new object addresses
[0.226s][info][gc,phases      ] GC(2) Phase 2: Compute new object addresses 0.315ms
[0.226s][info][gc,phases,start] GC(2) Phase 3: Adjust pointers
[0.227s][info][gc,phases      ] GC(2) Phase 3: Adjust pointers 0.663ms
[0.227s][info][gc,phases,start] GC(2) Phase 4: Move objects
[0.227s][info][gc,phases      ] GC(2) Phase 4: Move objects 0.067ms
[0.227s][info][gc,heap        ] GC(2) DefNew: 1151K(1152K)->40K(1152K) Eden: 1024K(1024K)->40K(1024K) From: 127K(128K)->0K(128K)
[0.227s][info][gc,heap        ] GC(2) Tenured: 439K(768K)->959K(1600K)
[0.227s][info][gc,metaspace   ] GC(2) Metaspace: 6297K(6464K)->6297K(6464K) NonClass: 5764K(5824K)->5764K(5824K) Class: 533K(640K)->533K(640K)
[0.227s][info][gc             ] GC(2) Pause Full (Allocation Failure) 0M->0M(2M) 3.265ms
[0.227s][info][gc,cpu         ] GC(2) User=0.00s Sys=0.00s Real=0.00s
[0.230s][info][gc,start       ] GC(3) Pause Young (Allocation Failure)
[0.232s][info][gc,heap        ] GC(3) DefNew: 1024K(1152K)->127K(1152K) Eden: 1024K(1024K)->0K(1024K) From: 0K(128K)->127K(128K)
[0.232s][info][gc,heap        ] GC(3) Tenured: 959K(1600K)->1375K(1600K)
[0.232s][info][gc,metaspace   ] GC(3) Metaspace: 6297K(6464K)->6297K(6464K) NonClass: 5764K(5824K)->5764K(5824K) Class: 533K(640K)->533K(640K)
[0.232s][info][gc             ] GC(3) Pause Young (Allocation Failure) 1M->1M(2M) 1.641ms
[0.232s][info][gc,cpu         ] GC(3) User=0.00s Sys=0.00s Real=0.00s
[0.234s][info][gc,start       ] GC(4) Pause Young (Allocation Failure)
[0.236s][info][gc             ] GC(4) Pause Young (Allocation Failure) 2M->1M(3M) 1.458ms
[0.236s][info][gc,cpu         ] GC(4) User=0.00s Sys=0.00s Real=0.00s
[0.236s][info][gc,start       ] GC(5) Pause Full (Allocation Failure)
[0.236s][info][gc,phases,start] GC(5) Phase 1: Mark live objects
[0.237s][info][gc,phases      ] GC(5) Phase 1: Mark live objects 1.583ms
[0.237s][info][gc,phases,start] GC(5) Phase 2: Compute new object addresses
[0.238s][info][gc,phases      ] GC(5) Phase 2: Compute new object addresses 0.414ms
[0.238s][info][gc,phases,start] GC(5) Phase 3: Adjust pointers
[0.239s][info][gc,phases      ] GC(5) Phase 3: Adjust pointers 0.741ms
[0.239s][info][gc,phases,start] GC(5) Phase 4: Move objects
[0.239s][info][gc,phases      ] GC(5) Phase 4: Move objects 0.068ms
[0.239s][info][gc,heap        ] GC(5) DefNew: 1151K(1152K)->35K(1536K) Eden: 1024K(1024K)->35K(1408K) From: 127K(128K)->0K(128K)
[0.239s][info][gc,heap        ] GC(5) Tenured: 1375K(1600K)->1983K(3308K)
[0.239s][info][gc,metaspace   ] GC(5) Metaspace: 6297K(6464K)->6297K(6464K) NonClass: 5764K(5824K)->5764K(5824K) Class: 533K(640K)->533K(640K)
[0.239s][info][gc             ] GC(5) Pause Full (Allocation Failure) 1M->1M(4M) 3.172ms
[0.239s][info][gc,cpu         ] GC(5) User=0.00s Sys=0.00s Real=0.00s
[0.243s][info][gc,start       ] GC(6) Pause Young (Allocation Failure)
[0.245s][info][gc,heap        ] GC(6) DefNew: 1407K(1536K)->127K(1536K) Eden: 1407K(1408K)->0K(1408K) From: 0K(128K)->127K(128K)
[0.245s][info][gc,heap        ] GC(6) Tenured: 1983K(3308K)->2617K(3308K)
[0.245s][info][gc,metaspace   ] GC(6) Metaspace: 6297K(6464K)->6297K(6464K) NonClass: 5764K(5824K)->5764K(5824K) Class: 533K(640K)->533K(640K)
[0.245s][info][gc             ] GC(6) Pause Young (Allocation Failure) 3M->2M(4M) 2.311ms
[0.245s][info][gc,cpu         ] GC(6) User=0.00s Sys=0.00s Real=0.00s
[0.247s][info][gc,start       ] GC(7) Pause Young (Allocation Failure)
[0.249s][info][gc             ] GC(7) Pause Young (Allocation Failure) 4M->3M(4M) 1.695ms
[0.249s][info][gc,cpu         ] GC(7) User=0.00s Sys=0.00s Real=0.00s
[0.249s][info][gc,start       ] GC(8) Pause Full (Allocation Failure)
[0.249s][info][gc,phases,start] GC(8) Phase 1: Mark live objects
[0.251s][info][gc,phases      ] GC(8) Phase 1: Mark live objects 2.217ms
[0.251s][info][gc,phases,start] GC(8) Phase 2: Compute new object addresses
[0.252s][info][gc,phases      ] GC(8) Phase 2: Compute new object addresses 0.645ms
[0.252s][info][gc,phases,start] GC(8) Phase 3: Adjust pointers
[0.253s][info][gc,phases      ] GC(8) Phase 3: Adjust pointers 1.022ms
[0.253s][info][gc,phases,start] GC(8) Phase 4: Move objects
[0.253s][info][gc,phases      ] GC(8) Phase 4: Move objects 0.084ms
[0.253s][info][gc,heap        ] GC(8) DefNew: 1535K(1536K)->0K(2688K) Eden: 1408K(1408K)->0K(2432K) From: 127K(128K)->0K(256K)
[0.253s][info][gc,heap        ] GC(8) Tenured: 2617K(3308K)->3460K(5768K)
[0.253s][info][gc,metaspace   ] GC(8) Metaspace: 6297K(6464K)->6297K(6464K) NonClass: 5764K(5824K)->5764K(5824K) Class: 533K(640K)->533K(640K)
[0.253s][info][gc             ] GC(8) Pause Full (Allocation Failure) 3M->3M(8M) 4.269ms
[0.253s][info][gc,cpu         ] GC(8) User=0.00s Sys=0.00s Real=0.00s
[0.258s][info][gc,start       ] GC(9) Pause Young (Allocation Failure)
[0.262s][info][gc,heap        ] GC(9) DefNew: 2431K(2688K)->255K(2688K) Eden: 2431K(2432K)->0K(2432K) From: 0K(256K)->255K(256K)
[0.262s][info][gc,heap        ] GC(9) Tenured: 3460K(5768K)->4512K(5768K)
[0.262s][info][gc,metaspace   ] GC(9) Metaspace: 6297K(6464K)->6297K(6464K) NonClass: 5764K(5824K)->5764K(5824K) Class: 533K(640K)->533K(640K)
[0.262s][info][gc             ] GC(9) Pause Young (Allocation Failure) 5M->4M(8M) 3.598ms
[0.262s][info][gc,cpu         ] GC(9) User=0.00s Sys=0.00s Real=0.00s
[0.265s][info][gc,start       ] GC(10) Pause Young (Allocation Failure)
[0.268s][info][gc,heap        ] GC(10) DefNew: 2687K(2688K)->255K(2688K) Eden: 2432K(2432K)->0K(2432K) From: 255K(256K)->255K(256K)
[0.268s][info][gc,heap        ] GC(10) Tenured: 4512K(5768K)->5755K(5768K)
[0.268s][info][gc,metaspace   ] GC(10) Metaspace: 6297K(6464K)->6297K(6464K) NonClass: 5764K(5824K)->5764K(5824K) Class: 533K(640K)->533K(640K)
[0.268s][info][gc             ] GC(10) Pause Young (Allocation Failure) 7M->5M(8M) 2.914ms
[0.268s][info][gc,cpu         ] GC(10) User=0.00s Sys=0.00s Real=0.00s
[0.273s][info][gc,start       ] GC(11) Pause Young (Allocation Failure)
[0.277s][info][gc             ] GC(11) Pause Young (Allocation Failure) 8M->7M(9M) 3.491ms
[0.277s][info][gc,cpu         ] GC(11) User=0.00s Sys=0.00s Real=0.00s
[0.277s][info][gc,start       ] GC(12) Pause Full (Allocation Failure)
[0.277s][info][gc,phases,start] GC(12) Phase 1: Mark live objects
[0.281s][info][gc,phases      ] GC(12) Phase 1: Mark live objects 4.403ms
[0.281s][info][gc,phases,start] GC(12) Phase 2: Compute new object addresses
[0.282s][info][gc,phases      ] GC(12) Phase 2: Compute new object addresses 1.166ms
[0.282s][info][gc,phases,start] GC(12) Phase 3: Adjust pointers
[0.284s][info][gc,phases      ] GC(12) Phase 3: Adjust pointers 1.701ms
[0.284s][info][gc,phases,start] GC(12) Phase 4: Move objects
[0.286s][info][gc,phases      ] GC(12) Phase 4: Move objects 1.276ms
[0.286s][info][gc,heap        ] GC(12) DefNew: 2687K(2688K)->0K(5376K) Eden: 2432K(2432K)->0K(4800K) From: 255K(256K)->0K(576K)
[0.286s][info][gc,heap        ] GC(12) Tenured: 5755K(5768K)->7132K(11888K)
[0.286s][info][gc,metaspace   ] GC(12) Metaspace: 6297K(6464K)->6297K(6464K) NonClass: 5764K(5824K)->5764K(5824K) Class: 533K(640K)->533K(640K)
[0.286s][info][gc             ] GC(12) Pause Full (Allocation Failure) 7M->6M(16M) 9.074ms
[0.286s][info][gc,cpu         ] GC(12) User=0.00s Sys=0.00s Real=0.01s
[0.293s][info][gc,start       ] GC(13) Pause Young (Allocation Failure)
[0.299s][info][gc,heap        ] GC(13) DefNew: 4800K(5376K)->575K(5376K) Eden: 4800K(4800K)->0K(4800K) From: 0K(576K)->575K(576K)
[0.299s][info][gc,heap        ] GC(13) Tenured: 7132K(11888K)->9027K(11888K)
[0.299s][info][gc,metaspace   ] GC(13) Metaspace: 6297K(6464K)->6297K(6464K) NonClass: 5764K(5824K)->5764K(5824K) Class: 533K(640K)->533K(640K)
[0.299s][info][gc             ] GC(13) Pause Young (Allocation Failure) 11M->9M(16M) 5.631ms
[0.299s][info][gc,cpu         ] GC(13) User=0.00s Sys=0.00s Real=0.01s
[0.305s][info][gc,start       ] GC(14) Pause Young (Allocation Failure)
[0.312s][info][gc,heap        ] GC(14) DefNew: 5375K(5376K)->576K(5376K) Eden: 4800K(4800K)->0K(4800K) From: 575K(576K)->576K(576K)
[0.312s][info][gc,heap        ] GC(14) Tenured: 9027K(11888K)->11746K(11888K)
[0.312s][info][gc,metaspace   ] GC(14) Metaspace: 6297K(6464K)->6297K(6464K) NonClass: 5764K(5824K)->5764K(5824K) Class: 533K(640K)->533K(640K)
[0.312s][info][gc             ] GC(14) Pause Young (Allocation Failure) 14M->12M(16M) 7.075ms
[0.312s][info][gc,cpu         ] GC(14) User=0.00s Sys=0.00s Real=0.01s
[0.315s][info][gc,start       ] GC(15) Pause Young (Allocation Failure)
[0.321s][info][gc             ] GC(15) Pause Young (Allocation Failure) 16M->14M(19M) 6.009ms
[0.321s][info][gc,cpu         ] GC(15) User=0.00s Sys=0.00s Real=0.01s
[0.321s][info][gc,start       ] GC(16) Pause Full (Allocation Failure)
[0.321s][info][gc,phases,start] GC(16) Phase 1: Mark live objects
[0.329s][info][gc,phases      ] GC(16) Phase 1: Mark live objects 7.857ms
[0.329s][info][gc,phases,start] GC(16) Phase 2: Compute new object addresses
[0.332s][info][gc,phases      ] GC(16) Phase 2: Compute new object addresses 2.403ms
[0.332s][info][gc,phases,start] GC(16) Phase 3: Adjust pointers
[0.335s][info][gc,phases      ] GC(16) Phase 3: Adjust pointers 3.328ms
[0.335s][info][gc,phases,start] GC(16) Phase 4: Move objects
[0.335s][info][gc,phases      ] GC(16) Phase 4: Move objects 0.207ms
[0.336s][info][gc,heap        ] GC(16) DefNew: 5376K(5376K)->387K(10880K) Eden: 4800K(4800K)->387K(9728K) From: 576K(576K)->0K(1152K)
[0.336s][info][gc,heap        ] GC(16) Tenured: 11746K(11888K)->14384K(23976K)
[0.336s][info][gc,metaspace   ] GC(16) Metaspace: 6299K(6464K)->6299K(6464K) NonClass: 5765K(5824K)->5765K(5824K) Class: 533K(640K)->533K(640K)
[0.336s][info][gc             ] GC(16) Pause Full (Allocation Failure) 14M->14M(34M) 14.156ms
[0.336s][info][gc,cpu         ] GC(16) User=0.02s Sys=0.00s Real=0.01s
[0.343s][info][gc,start       ] GC(17) Pause Young (Allocation Failure)
[0.356s][info][gc,heap        ] GC(17) DefNew: 9728K(10880K)->1151K(10880K) Eden: 9728K(9728K)->0K(9728K) From: 0K(1152K)->1151K(1152K)
[0.356s][info][gc,heap        ] GC(17) Tenured: 14384K(23976K)->18415K(23976K)
[0.356s][info][gc,metaspace   ] GC(17) Metaspace: 6299K(6464K)->6299K(6464K) NonClass: 5765K(5824K)->5765K(5824K) Class: 533K(640K)->533K(640K)
[0.356s][info][gc             ] GC(17) Pause Young (Allocation Failure) 23M->19M(34M) 13.218ms
[0.356s][info][gc,cpu         ] GC(17) User=0.02s Sys=0.00s Real=0.01s
[0.363s][info][gc,start       ] GC(18) Pause Young (Allocation Failure)
[0.375s][info][gc,heap        ] GC(18) DefNew: 10879K(10880K)->1151K(10880K) Eden: 9728K(9728K)->0K(9728K) From: 1151K(1152K)->1151K(1152K)
[0.375s][info][gc,heap        ] GC(18) Tenured: 18415K(23976K)->23936K(23976K)
[0.375s][info][gc,metaspace   ] GC(18) Metaspace: 6299K(6464K)->6299K(6464K) NonClass: 5765K(5824K)->5765K(5824K) Class: 533K(640K)->533K(640K)
[0.375s][info][gc             ] GC(18) Pause Young (Allocation Failure) 28M->24M(34M) 12.095ms
[0.375s][info][gc,cpu         ] GC(18) User=0.00s Sys=0.00s Real=0.01s
[0.381s][info][gc,start       ] GC(19) Pause Young (Allocation Failure)
[0.392s][info][gc             ] GC(19) Pause Young (Allocation Failure) 34M->29M(38M) 11.841ms
[0.393s][info][gc,cpu         ] GC(19) User=0.00s Sys=0.00s Real=0.01s
[0.393s][info][gc,start       ] GC(20) Pause Full (Allocation Failure)
[0.393s][info][gc,phases,start] GC(20) Phase 1: Mark live objects
[0.407s][info][gc,phases      ] GC(20) Phase 1: Mark live objects 14.385ms
[0.407s][info][gc,phases,start] GC(20) Phase 2: Compute new object addresses
[0.412s][info][gc,phases      ] GC(20) Phase 2: Compute new object addresses 5.183ms
[0.412s][info][gc,phases,start] GC(20) Phase 3: Adjust pointers
[0.418s][info][gc,phases      ] GC(20) Phase 3: Adjust pointers 5.235ms
[0.418s][info][gc,phases,start] GC(20) Phase 4: Move objects
[0.418s][info][gc,phases      ] GC(20) Phase 4: Move objects 0.163ms
[0.418s][info][gc,heap        ] GC(20) DefNew: 10879K(10880K)->1080K(21888K) Eden: 9728K(9728K)->1080K(19520K) From: 1151K(1152K)->0K(2368K)
[0.418s][info][gc,heap        ] GC(20) Tenured: 23936K(23976K)->29036K(48396K)
[0.418s][info][gc,metaspace   ] GC(20) Metaspace: 6299K(6464K)->6299K(6464K) NonClass: 5765K(5824K)->5765K(5824K) Class: 533K(640K)->533K(640K)
[0.418s][info][gc             ] GC(20) Pause Full (Allocation Failure) 29M->29M(68M) 25.358ms
[0.418s][info][gc,cpu         ] GC(20) User=0.03s Sys=0.00s Real=0.02s
[0.431s][info][gc,start       ] GC(21) Pause Young (Allocation Failure)
[0.459s][info][gc,heap        ] GC(21) DefNew: 19520K(21888K)->2368K(21888K) Eden: 19520K(19520K)->0K(19520K) From: 0K(2368K)->2368K(2368K)
[0.459s][info][gc,heap        ] GC(21) Tenured: 29036K(48396K)->39346K(48396K)
[0.459s][info][gc,metaspace   ] GC(21) Metaspace: 6299K(6464K)->6299K(6464K) NonClass: 5765K(5824K)->5765K(5824K) Class: 533K(640K)->533K(640K)
[0.459s][info][gc             ] GC(21) Pause Young (Allocation Failure) 47M->40M(68M) 27.376ms
[0.459s][info][gc,cpu         ] GC(21) User=0.02s Sys=0.00s Real=0.03s
[0.477s][info][gc,start       ] GC(22) Pause Young (Allocation Failure)
[0.512s][info][gc             ] GC(22) Pause Young (Allocation Failure) 59M->59M(78M) 34.934ms
[0.512s][info][gc,cpu         ] GC(22) User=0.03s Sys=0.00s Real=0.04s
[0.512s][info][gc,start       ] GC(23) Pause Full (Allocation Failure)
[0.512s][info][gc,phases,start] GC(23) Phase 1: Mark live objects
[0.537s][info][gc,phases      ] GC(23) Phase 1: Mark live objects 24.714ms
[0.537s][info][gc,phases,start] GC(23) Phase 2: Compute new object addresses
[0.546s][info][gc,phases      ] GC(23) Phase 2: Compute new object addresses 9.254ms
[0.546s][info][gc,phases,start] GC(23) Phase 3: Adjust pointers
[0.558s][info][gc,phases      ] GC(23) Phase 3: Adjust pointers 11.388ms
[0.558s][info][gc,phases,start] GC(23) Phase 4: Move objects
[0.558s][info][gc,phases      ] GC(23) Phase 4: Move objects 0.396ms
[0.558s][info][gc,heap        ] GC(23) DefNew: 21888K(21888K)->2247K(44288K) Eden: 19520K(19520K)->2247K(39424K) From: 2368K(2368K)->0K(4864K)
[0.558s][info][gc,heap        ] GC(23) Tenured: 39346K(48396K)->58955K(98260K)
[0.558s][info][gc,metaspace   ] GC(23) Metaspace: 6299K(6464K)->6299K(6464K) NonClass: 5765K(5824K)->5765K(5824K) Class: 533K(640K)->533K(640K)
[0.558s][info][gc             ] GC(23) Pause Full (Allocation Failure) 59M->59M(139M) 46.391ms
[0.559s][info][gc,cpu         ] GC(23) User=0.05s Sys=0.00s Real=0.05s
[0.601s][info][gc,start       ] GC(24) Pause Young (Allocation Failure)
[0.663s][info][gc,heap        ] GC(24) DefNew: 39424K(44288K)->4864K(44288K) Eden: 39424K(39424K)->0K(39424K) From: 0K(4864K)->4864K(4864K)
[0.663s][info][gc,heap        ] GC(24) Tenured: 58955K(98260K)->93487K(98260K)
[0.663s][info][gc,metaspace   ] GC(24) Metaspace: 6299K(6464K)->6299K(6464K) NonClass: 5765K(5824K)->5765K(5824K) Class: 533K(640K)->533K(640K)
[0.663s][info][gc             ] GC(24) Pause Young (Allocation Failure) 96M->96M(139M) 62.387ms
[0.663s][info][gc,cpu         ] GC(24) User=0.05s Sys=0.00s Real=0.06s
[0.697s][info][gc,start       ] GC(25) Pause Young (Allocation Failure)
[0.772s][info][gc             ] GC(25) Pause Young (Allocation Failure) 134M->134M(173M) 74.255ms
[0.772s][info][gc,cpu         ] GC(25) User=0.05s Sys=0.00s Real=0.08s
[0.772s][info][gc,start       ] GC(26) Pause Full (Allocation Failure)
[0.772s][info][gc,phases,start] GC(26) Phase 1: Mark live objects
[0.830s][info][gc,phases      ] GC(26) Phase 1: Mark live objects 58.675ms
[0.831s][info][gc,phases,start] GC(26) Phase 2: Compute new object addresses
[0.853s][info][gc,phases      ] GC(26) Phase 2: Compute new object addresses 22.119ms
[0.853s][info][gc,phases,start] GC(26) Phase 3: Adjust pointers
[0.881s][info][gc,phases      ] GC(26) Phase 3: Adjust pointers 28.532ms
[0.881s][info][gc,phases,start] GC(26) Phase 4: Move objects
[0.906s][info][gc,phases      ] GC(26) Phase 4: Move objects 24.704ms
[0.907s][info][gc,heap        ] GC(26) DefNew: 44288K(44288K)->1012K(99712K) Eden: 39424K(39424K)->1012K(88640K) From: 4864K(4864K)->0K(11072K)
[0.907s][info][gc,heap        ] GC(26) Tenured: 93487K(98260K)->132887K(221480K)
[0.907s][info][gc,metaspace   ] GC(26) Metaspace: 6299K(6464K)->6299K(6464K) NonClass: 5765K(5824K)->5765K(5824K) Class: 533K(640K)->533K(640K)
[0.907s][info][gc             ] GC(26) Pause Full (Allocation Failure) 134M->130M(313M) 134.910ms
[0.907s][info][gc,cpu         ] GC(26) User=0.12s Sys=0.00s Real=0.13s
[1.005s][info][gc,start       ] GC(27) Pause Young (Allocation Failure)
[1.157s][info][gc,heap        ] GC(27) DefNew: 88640K(99712K)->11072K(99712K) Eden: 88640K(88640K)->0K(88640K) From: 0K(11072K)->11072K(11072K)
[1.157s][info][gc,heap        ] GC(27) Tenured: 132887K(221480K)->210429K(221480K)
[1.157s][info][gc,metaspace   ] GC(27) Metaspace: 6299K(6464K)->6299K(6464K) NonClass: 5765K(5824K)->5765K(5824K) Class: 533K(640K)->533K(640K)
[1.157s][info][gc             ] GC(27) Pause Young (Allocation Failure) 216M->216M(313M) 151.994ms
[1.157s][info][gc,cpu         ] GC(27) User=0.12s Sys=0.00s Real=0.15s
[1.241s][info][gc,start       ] GC(28) Pause Young (Allocation Failure)
[1.412s][info][gc             ] GC(28) Pause Young (Allocation Failure) 302M->302M(389M) 170.966ms
[1.412s][info][gc,cpu         ] GC(28) User=0.11s Sys=0.05s Real=0.17s
[1.412s][info][gc,start       ] GC(29) Pause Full (Allocation Failure)
[1.412s][info][gc,phases,start] GC(29) Phase 1: Mark live objects
[1.553s][info][gc,phases      ] GC(29) Phase 1: Mark live objects 141.144ms
[1.553s][info][gc,phases,start] GC(29) Phase 2: Compute new object addresses
[1.604s][info][gc,phases      ] GC(29) Phase 2: Compute new object addresses 51.548ms
[1.604s][info][gc,phases,start] GC(29) Phase 3: Adjust pointers
[1.658s][info][gc,phases      ] GC(29) Phase 3: Adjust pointers 53.994ms
[1.659s][info][gc,phases,start] GC(29) Phase 4: Move objects
[1.661s][info][gc,phases      ] GC(29) Phase 4: Move objects 2.203ms
[1.662s][info][gc,heap        ] GC(29) DefNew: 99712K(99712K)->10929K(224448K) Eden: 88640K(88640K)->10929K(199552K) From: 11072K(11072K)->0K(24896K)
[1.662s][info][gc,heap        ] GC(29) Tenured: 210429K(221480K)->299179K(498636K)
[1.662s][info][gc,metaspace   ] GC(29) Metaspace: 6299K(6464K)->6299K(6464K) NonClass: 5765K(5824K)->5765K(5824K) Class: 533K(640K)->533K(640K)
[1.662s][info][gc             ] GC(29) Pause Full (Allocation Failure) 302M->302M(706M) 250.127ms
[1.662s][info][gc,cpu         ] GC(29) User=0.23s Sys=0.00s Real=0.25s
[1.878s][info][gc,start       ] GC(30) Pause Young (Allocation Failure)
[2.252s][info][gc,heap        ] GC(30) DefNew: 199552K(224448K)->24895K(224448K) Eden: 199552K(199552K)->0K(199552K) From: 0K(24896K)->24895K(24896K)
[2.252s][info][gc,heap        ] GC(30) Tenured: 299179K(498636K)->473810K(498636K)
[2.252s][info][gc,metaspace   ] GC(30) Metaspace: 6299K(6464K)->6299K(6464K) NonClass: 5765K(5824K)->5765K(5824K) Class: 533K(640K)->533K(640K)
[2.252s][info][gc             ] GC(30) Pause Young (Allocation Failure) 487M->487M(706M) 373.599ms
[2.252s][info][gc,cpu         ] GC(30) User=0.28s Sys=0.08s Real=0.37s
[2.449s][info][gc,start       ] GC(31) Pause Young (Allocation Failure)
[2.824s][info][gc             ] GC(31) Pause Young (Allocation Failure) 681M->681M(876M) 374.726ms
[2.824s][info][gc,cpu         ] GC(31) User=0.31s Sys=0.03s Real=0.38s
[2.824s][info][gc,start       ] GC(32) Pause Full (Allocation Failure)
[2.824s][info][gc,phases,start] GC(32) Phase 1: Mark live objects
[3.125s][info][gc,phases      ] GC(32) Phase 1: Mark live objects 300.705ms
[3.125s][info][gc,phases,start] GC(32) Phase 2: Compute new object addresses
[3.230s][info][gc,phases      ] GC(32) Phase 2: Compute new object addresses 104.672ms
[3.230s][info][gc,phases,start] GC(32) Phase 3: Adjust pointers
[3.345s][info][gc,phases      ] GC(32) Phase 3: Adjust pointers 115.537ms
[3.345s][info][gc,phases,start] GC(32) Phase 4: Move objects
[3.350s][info][gc,phases      ] GC(32) Phase 4: Move objects 5.003ms
[3.352s][info][gc,heap        ] GC(32) DefNew: 224447K(224448K)->24804K(505152K) Eden: 199552K(199552K)->24804K(449088K) From: 24895K(24896K)->0K(56064K)
[3.352s][info][gc,heap        ] GC(32) Tenured: 473810K(498636K)->673424K(1122376K)
[3.352s][info][gc,metaspace   ] GC(32) Metaspace: 6299K(6464K)->6299K(6464K) NonClass: 5765K(5824K)->5765K(5824K) Class: 533K(640K)->533K(640K)
[3.352s][info][gc             ] GC(32) Pause Full (Allocation Failure) 681M->681M(1589M) 528.235ms
[3.352s][info][gc,cpu         ] GC(32) User=0.53s Sys=0.00s Real=0.53s
[3.810s][info][gc,start       ] GC(33) Pause Young (Allocation Failure)
[4.549s][info][gc,heap        ] GC(33) DefNew: 449088K(505152K)->56064K(505152K) Eden: 449088K(449088K)->0K(449088K) From: 0K(56064K)->56064K(56064K)
[4.549s][info][gc,heap        ] GC(33) Tenured: 673424K(1122376K)->1066421K(1122376K)
[4.549s][info][gc,metaspace   ] GC(33) Metaspace: 6299K(6464K)->6299K(6464K) NonClass: 5765K(5824K)->5765K(5824K) Class: 533K(640K)->533K(640K)
[4.549s][info][gc             ] GC(33) Pause Young (Allocation Failure) 1096M->1096M(1589M) 738.615ms
[4.549s][info][gc,cpu         ] GC(33) User=0.67s Sys=0.06s Real=0.74s
[5.015s][info][gc,start       ] GC(34) Pause Young (Allocation Failure)
[5.721s][info][gc             ] GC(34) Pause Young (Allocation Failure) 1534M->1481M(1920M) 705.477ms
[5.721s][info][gc,cpu         ] GC(34) User=0.56s Sys=0.14s Real=0.71s
[5.721s][info][gc,start       ] GC(35) Pause Full (Allocation Failure)
[5.721s][info][gc,phases,start] GC(35) Phase 1: Mark live objects
[6.375s][info][gc,phases      ] GC(35) Phase 1: Mark live objects 654.058ms
[6.375s][info][gc,phases,start] GC(35) Phase 2: Compute new object addresses
[6.588s][info][gc,phases      ] GC(35) Phase 2: Compute new object addresses 213.249ms
[6.588s][info][gc,phases,start] GC(35) Phase 3: Adjust pointers
[6.845s][info][gc,phases      ] GC(35) Phase 3: Adjust pointers 256.506ms
[6.845s][info][gc,phases,start] GC(35) Phase 4: Move objects
[6.855s][info][gc,phases      ] GC(35) Phase 4: Move objects 10.648ms
[6.859s][info][gc,heap        ] GC(35) DefNew: 505152K(505152K)->56013K(1044480K) Eden: 449088K(449088K)->56013K(928448K) From: 56064K(56064K)->0K(116032K)
[6.859s][info][gc,heap        ] GC(35) Tenured: 1066421K(1122376K)->1461131K(2321088K)
[6.859s][info][gc,metaspace   ] GC(35) Metaspace: 6299K(6464K)->6299K(6464K) NonClass: 5765K(5824K)->5765K(5824K) Class: 533K(640K)->533K(640K)
[6.859s][info][gc             ] GC(35) Pause Full (Allocation Failure) 1481M->1481M(3286M) 1138.373ms
[6.859s][info][gc,cpu         ] GC(35) User=1.09s Sys=0.03s Real=1.14s
[7.749s][info][gc,start       ] GC(36) Pause Young (Allocation Failure)
[9.358s][info][gc,heap        ] GC(36) DefNew: 928448K(1044480K)->116031K(1044480K) Eden: 928448K(928448K)->0K(928448K) From: 0K(116032K)->116031K(116032K)
[9.358s][info][gc,heap        ] GC(36) Tenured: 1461131K(2321088K)->2273519K(2321088K)
[9.358s][info][gc,metaspace   ] GC(36) Metaspace: 6299K(6464K)->6299K(6464K) NonClass: 5765K(5824K)->5765K(5824K) Class: 533K(640K)->533K(640K)
[9.358s][info][gc             ] GC(36) Pause Young (Allocation Failure) 2333M->2333M(3286M) 1609.236ms
[9.358s][info][gc,cpu         ] GC(36) User=1.39s Sys=0.20s Real=1.62s
[10.301s][info][gc,start       ] GC(37) Pause Young (Allocation Failure)
[10.302s][info][gc             ] GC(37) Pause Young (Allocation Failure) 3240M->3240M(3286M) 0.151ms
[10.302s][info][gc,cpu         ] GC(37) User=0.00s Sys=0.00s Real=0.00s
[10.302s][info][gc,start       ] GC(38) Pause Full (Allocation Failure)
[10.302s][info][gc,phases,start] GC(38) Phase 1: Mark live objects
[11.769s][info][gc,phases      ] GC(38) Phase 1: Mark live objects 1466.872ms
[11.769s][info][gc,phases,start] GC(38) Phase 2: Compute new object addresses
[12.207s][info][gc,phases      ] GC(38) Phase 2: Compute new object addresses 438.301ms
[12.207s][info][gc,phases,start] GC(38) Phase 3: Adjust pointers
[12.903s][info][gc,phases      ] GC(38) Phase 3: Adjust pointers 696.192ms
[12.903s][info][gc,phases,start] GC(38) Phase 4: Move objects
[13.487s][info][gc,phases      ] GC(38) Phase 4: Move objects 583.257ms
[13.487s][info][gc,heap        ] GC(38) DefNew: 1044479K(1044480K)->902675K(1044480K) Eden: 928448K(928448K)->902675K(928448K) From: 116031K(116032K)->0K(116032K)
[13.487s][info][gc,heap        ] GC(38) Tenured: 2273519K(2321088K)->2321087K(2321088K)
[13.487s][info][gc,metaspace   ] GC(38) Metaspace: 6299K(6464K)->6299K(6464K) NonClass: 5765K(5824K)->5765K(5824K) Class: 533K(640K)->533K(640K)
[13.487s][info][gc             ] GC(38) Pause Full (Allocation Failure) 3240M->3148M(3286M) 3185.588ms
[13.487s][info][gc,cpu         ] GC(38) User=3.11s Sys=0.02s Real=3.19s
[13.828s][info][gc,start       ] GC(39) Pause Full (Allocation Failure)
[13.828s][info][gc,phases,start] GC(39) Phase 1: Mark live objects
[15.409s][info][gc,phases      ] GC(39) Phase 1: Mark live objects 1581.066ms
[15.409s][info][gc,phases,start] GC(39) Phase 2: Compute new object addresses
[15.944s][info][gc,phases      ] GC(39) Phase 2: Compute new object addresses 534.723ms
[15.944s][info][gc,phases,start] GC(39) Phase 3: Adjust pointers
[16.584s][info][gc,phases      ] GC(39) Phase 3: Adjust pointers 640.023ms
[16.584s][info][gc,phases,start] GC(39) Phase 4: Move objects
[16.604s][info][gc,phases      ] GC(39) Phase 4: Move objects 20.570ms
[16.605s][info][gc,heap        ] GC(39) DefNew: 1044479K(1044480K)->1044478K(1044480K) Eden: 928448K(928448K)->928447K(928448K) From: 116031K(116032K)->116030K(116032K)
[16.605s][info][gc,heap        ] GC(39) Tenured: 2321087K(2321088K)->2321087K(2321088K)
[16.605s][info][gc,metaspace   ] GC(39) Metaspace: 6299K(6464K)->6299K(6464K) NonClass: 5765K(5824K)->5765K(5824K) Class: 533K(640K)->533K(640K)
[16.605s][info][gc             ] GC(39) Pause Full (Allocation Failure) 3286M->3286M(3286M) 2777.736ms
[16.606s][info][gc,cpu         ] GC(39) User=2.69s Sys=0.00s Real=2.78s
[16.606s][info][gc,start       ] GC(40) Pause Full (Allocation Failure)
[16.606s][info][gc,phases,start] GC(40) Phase 1: Mark live objects
[18.163s][info][gc,phases      ] GC(40) Phase 1: Mark live objects 1557.057ms
[18.163s][info][gc,phases,start] GC(40) Phase 2: Compute new object addresses
[18.664s][info][gc,phases      ] GC(40) Phase 2: Compute new object addresses 501.366ms
[18.664s][info][gc,phases,start] GC(40) Phase 3: Adjust pointers
[19.389s][info][gc,phases      ] GC(40) Phase 3: Adjust pointers 724.438ms
[19.389s][info][gc,phases,start] GC(40) Phase 4: Move objects
[19.389s][info][gc,phases      ] GC(40) Phase 4: Move objects 0.019ms
[19.389s][info][gc,heap        ] GC(40) DefNew: 1044479K(1044480K)->1044479K(1044480K) Eden: 928447K(928448K)->928447K(928448K) From: 116031K(116032K)->116031K(116032K)
[19.389s][info][gc,heap        ] GC(40) Tenured: 2321087K(2321088K)->2321087K(2321088K)
[19.389s][info][gc,metaspace   ] GC(40) Metaspace: 6299K(6464K)->6299K(6464K) NonClass: 5765K(5824K)->5765K(5824K) Class: 533K(640K)->533K(640K)
[19.389s][info][gc             ] GC(40) Pause Full (Allocation Failure) 3286M->3286M(3286M) 2783.622ms
[19.389s][info][gc,cpu         ] GC(40) User=2.47s Sys=0.00s Real=2.78s
[19.389s][info][gc,start       ] GC(41) Pause Full (Allocation Failure)
[19.389s][info][gc,phases,start] GC(41) Phase 1: Mark live objects
[20.957s][info][gc,phases      ] GC(41) Phase 1: Mark live objects 1567.212ms
[20.957s][info][gc,phases,start] GC(41) Phase 2: Compute new object addresses
[21.420s][info][gc,phases      ] GC(41) Phase 2: Compute new object addresses 463.048ms
[21.420s][info][gc,phases,start] GC(41) Phase 3: Adjust pointers
[22.166s][info][gc,phases      ] GC(41) Phase 3: Adjust pointers 745.877ms
[22.166s][info][gc,phases,start] GC(41) Phase 4: Move objects
[22.710s][info][gc,phases      ] GC(41) Phase 4: Move objects 544.392ms
[22.711s][info][gc,heap        ] GC(41) DefNew: 1044479K(1044480K)->1044475K(1044480K) Eden: 928447K(928448K)->928447K(928448K) From: 116031K(116032K)->116027K(116032K)
[22.711s][info][gc,heap        ] GC(41) Tenured: 2321087K(2321088K)->2321087K(2321088K)
[22.711s][info][gc,metaspace   ] GC(41) Metaspace: 6299K(6464K)->6297K(6464K) NonClass: 5765K(5824K)->5764K(5824K) Class: 533K(640K)->532K(640K)
[22.711s][info][gc             ] GC(41) Pause Full (Allocation Failure) 3286M->3286M(3286M) 3321.607ms
[22.711s][info][gc,cpu         ] GC(41) User=3.12s Sys=0.00s Real=3.32s
[22.711s][info][gc,start       ] GC(42) Pause Full (Allocation Failure)
[22.712s][info][gc,phases,start] GC(42) Phase 1: Mark live objects
[24.249s][info][gc,phases      ] GC(42) Phase 1: Mark live objects 1537.324ms
[24.249s][info][gc,phases,start] GC(42) Phase 2: Compute new object addresses
[24.717s][info][gc,phases      ] GC(42) Phase 2: Compute new object addresses 468.192ms
[24.717s][info][gc,phases,start] GC(42) Phase 3: Adjust pointers
[25.336s][info][gc,phases      ] GC(42) Phase 3: Adjust pointers 618.624ms
[25.336s][info][gc,phases,start] GC(42) Phase 4: Move objects
[25.336s][info][gc,phases      ] GC(42) Phase 4: Move objects 0.017ms
[25.336s][info][gc,heap        ] GC(42) DefNew: 1044479K(1044480K)->1044479K(1044480K) Eden: 928447K(928448K)->928447K(928448K) From: 116031K(116032K)->116031K(116032K)
[25.336s][info][gc,heap        ] GC(42) Tenured: 2321087K(2321088K)->2321087K(2321088K)
[25.336s][info][gc,metaspace   ] GC(42) Metaspace: 6297K(6464K)->6297K(6464K) NonClass: 5764K(5824K)->5764K(5824K) Class: 532K(640K)->532K(640K)
[25.336s][info][gc             ] GC(42) Pause Full (Allocation Failure) 3286M->3286M(3286M) 2624.902ms
[25.336s][info][gc,cpu         ] GC(42) User=2.55s Sys=0.00s Real=2.62s
[25.336s][info][gc,start       ] GC(43) Pause Full (Allocation Failure)
[25.336s][info][gc,phases,start] GC(43) Phase 1: Mark live objects
[26.874s][info][gc,phases      ] GC(43) Phase 1: Mark live objects 1537.553ms
[26.874s][info][gc,phases,start] GC(43) Phase 2: Compute new object addresses
[27.348s][info][gc,phases      ] GC(43) Phase 2: Compute new object addresses 474.027ms
[27.348s][info][gc,phases,start] GC(43) Phase 3: Adjust pointers
[27.989s][info][gc,phases      ] GC(43) Phase 3: Adjust pointers 641.190ms
[27.989s][info][gc,phases,start] GC(43) Phase 4: Move objects
[27.989s][info][gc,phases      ] GC(43) Phase 4: Move objects 0.017ms
[27.990s][info][gc,heap        ] GC(43) DefNew: 1044479K(1044480K)->1044479K(1044480K) Eden: 928447K(928448K)->928447K(928448K) From: 116031K(116032K)->116031K(116032K)
[27.990s][info][gc,heap        ] GC(43) Tenured: 2321087K(2321088K)->2321087K(2321088K)
[27.990s][info][gc,metaspace   ] GC(43) Metaspace: 6297K(6464K)->6297K(6464K) NonClass: 5764K(5824K)->5764K(5824K) Class: 532K(640K)->532K(640K)
[27.990s][info][gc             ] GC(43) Pause Full (Allocation Failure) 3286M->3286M(3286M) 2653.544ms
[27.990s][info][gc,cpu         ] GC(43) User=2.62s Sys=0.00s Real=2.65s
[27.990s][info][gc,start       ] GC(44) Pause Full (Allocation Failure)
[27.990s][info][gc,phases,start] GC(44) Phase 1: Mark live objects
[29.699s][info][gc,phases      ] GC(44) Phase 1: Mark live objects 1708.287ms
[29.699s][info][gc,phases,start] GC(44) Phase 2: Compute new object addresses
[30.252s][info][gc,phases      ] GC(44) Phase 2: Compute new object addresses 553.750ms
[30.253s][info][gc,phases,start] GC(44) Phase 3: Adjust pointers
[31.074s][info][gc,phases      ] GC(44) Phase 3: Adjust pointers 821.332ms
[31.074s][info][gc,phases,start] GC(44) Phase 4: Move objects
[31.074s][info][gc,phases      ] GC(44) Phase 4: Move objects 0.019ms
[31.075s][info][gc,heap        ] GC(44) DefNew: 1044479K(1044480K)->1044479K(1044480K) Eden: 928448K(928448K)->928448K(928448K) From: 116031K(116032K)->116031K(116032K)
[31.075s][info][gc,heap        ] GC(44) Tenured: 2321087K(2321088K)->2321087K(2321088K)
[31.075s][info][gc,metaspace   ] GC(44) Metaspace: 6297K(6464K)->6297K(6464K) NonClass: 5764K(5824K)->5764K(5824K) Class: 532K(640K)->532K(640K)
[31.075s][info][gc             ] GC(44) Pause Full (Allocation Failure) 3286M->3286M(3286M) 3084.441ms
[31.075s][info][gc,cpu         ] GC(44) User=2.83s Sys=0.00s Real=3.08s
[31.075s][info][gc,start       ] GC(45) Pause Full (Allocation Failure)
[31.075s][info][gc,phases,start] GC(45) Phase 1: Mark live objects
[32.781s][info][gc,phases      ] GC(45) Phase 1: Mark live objects 1705.416ms
[32.781s][info][gc,phases,start] GC(45) Phase 2: Compute new object addresses
[33.310s][info][gc,phases      ] GC(45) Phase 2: Compute new object addresses 528.851ms
[33.310s][info][gc,phases,start] GC(45) Phase 3: Adjust pointers
[34.083s][info][gc,phases      ] GC(45) Phase 3: Adjust pointers 773.378ms
[34.083s][info][gc,phases,start] GC(45) Phase 4: Move objects
[34.083s][info][gc,phases      ] GC(45) Phase 4: Move objects 0.017ms
[34.084s][info][gc,heap        ] GC(45) DefNew: 1044479K(1044480K)->1044479K(1044480K) Eden: 928448K(928448K)->928448K(928448K) From: 116031K(116032K)->116031K(116032K)
[34.084s][info][gc,heap        ] GC(45) Tenured: 2321088K(2321088K)->2321088K(2321088K)
[34.084s][info][gc,metaspace   ] GC(45) Metaspace: 6297K(6464K)->6297K(6464K) NonClass: 5764K(5824K)->5764K(5824K) Class: 532K(640K)->532K(640K)
[34.084s][info][gc             ] GC(45) Pause Full (Allocation Failure) 3286M->3286M(3286M) 3008.609ms
[34.084s][info][gc,cpu         ] GC(45) User=2.89s Sys=0.00s Real=3.01s
[34.084s][info][gc,start       ] GC(46) Pause Full (Allocation Failure)
[34.084s][info][gc,phases,start] GC(46) Phase 1: Mark live objects
[35.704s][info][gc,phases      ] GC(46) Phase 1: Mark live objects 1620.530ms
[35.704s][info][gc,phases,start] GC(46) Phase 2: Compute new object addresses
[36.255s][info][gc,phases      ] GC(46) Phase 2: Compute new object addresses 550.199ms
[36.255s][info][gc,phases,start] GC(46) Phase 3: Adjust pointers
[37.091s][info][gc,phases      ] GC(46) Phase 3: Adjust pointers 836.114ms
[37.091s][info][gc,phases,start] GC(46) Phase 4: Move objects
[37.739s][info][gc,phases      ] GC(46) Phase 4: Move objects 648.312ms
[37.740s][info][gc,heap        ] GC(46) DefNew: 1044479K(1044480K)->1044478K(1044480K) Eden: 928448K(928448K)->928448K(928448K) From: 116031K(116032K)->116030K(116032K)
[37.740s][info][gc,heap        ] GC(46) Tenured: 2321088K(2321088K)->2321087K(2321088K)
[37.740s][info][gc,metaspace   ] GC(46) Metaspace: 6297K(6464K)->6297K(6464K) NonClass: 5764K(5824K)->5764K(5824K) Class: 532K(640K)->532K(640K)
[37.740s][info][gc             ] GC(46) Pause Full (Allocation Failure) 3286M->3286M(3286M) 3656.357ms
[37.740s][info][gc,cpu         ] GC(46) User=3.61s Sys=0.00s Real=3.66s
[37.741s][info][gc,start       ] GC(47) Pause Full (Allocation Failure)
[37.741s][info][gc,phases,start] GC(47) Phase 1: Mark live objects
[39.381s][info][gc,phases      ] GC(47) Phase 1: Mark live objects 1639.876ms
[39.381s][info][gc,phases,start] GC(47) Phase 2: Compute new object addresses
[39.930s][info][gc,phases      ] GC(47) Phase 2: Compute new object addresses 548.296ms
[39.930s][info][gc,phases,start] GC(47) Phase 3: Adjust pointers
[40.624s][info][gc,phases      ] GC(47) Phase 3: Adjust pointers 694.587ms
[40.624s][info][gc,phases,start] GC(47) Phase 4: Move objects
[40.624s][info][gc,phases      ] GC(47) Phase 4: Move objects 0.017ms
[40.625s][info][gc,heap        ] GC(47) DefNew: 1044480K(1044480K)->1044479K(1044480K) Eden: 928448K(928448K)->928448K(928448K) From: 116032K(116032K)->116031K(116032K)
[40.625s][info][gc,heap        ] GC(47) Tenured: 2321087K(2321088K)->2321087K(2321088K)
[40.625s][info][gc,metaspace   ] GC(47) Metaspace: 6299K(6464K)->6299K(6464K) NonClass: 5765K(5824K)->5765K(5824K) Class: 533K(640K)->533K(640K)
[40.625s][info][gc             ] GC(47) Pause Full (Allocation Failure) 3286M->3286M(3286M) 2883.645ms
[40.625s][info][gc,cpu         ] GC(47) User=2.66s Sys=0.00s Real=2.88s
[40.625s][info][gc,heap,exit   ] Heap
[40.626s][info][gc,heap,exit   ]  def new generation   total 1044480K, used 1044479K [0x000000072b800000, 0x0000000772550000, 0x0000000772550000)
[40.626s][info][gc,heap,exit   ]   eden space 928448K, 100% used [0x000000072b800000, 0x00000007642b0000, 0x00000007642b0000)
[40.626s][info][gc,heap,exit   ]   from space 116032K,  99% used [0x000000076b400000, 0x000000077254ff00, 0x0000000772550000)
[40.626s][info][gc,heap,exit   ]   to   space 116032K,   0% used [0x00000007642b0000, 0x00000007642b0000, 0x000000076b400000)
[40.626s][info][gc,heap,exit   ]  tenured generation   total 2321088K, used 2321087K [0x0000000772550000, 0x0000000800000000, 0x0000000800000000)
[40.626s][info][gc,heap,exit   ]    the space 2321088K,  99% used [0x0000000772550000, 0x00000007ffffffe8, 0x0000000800000000, 0x0000000800000000)
[40.626s][info][gc,heap,exit   ]  Metaspace       used 6302K, committed 6464K, reserved 1114112K
[40.626s][info][gc,heap,exit   ]   class space    used 534K, committed 640K, reserved 1048576K
