[0.012s][info][gc,init] CardTable entry size: 512
[0.013s][info][gc     ] Using Parallel
[0.014s][info][gc,init] Version: 18.0.1+10 (release)
[0.014s][info][gc,init] CPUs: 8 total, 8 available
[0.014s][info][gc,init] Memory: 16063M
[0.014s][info][gc,init] Large Page Support: Disabled
[0.014s][info][gc,init] NUMA Support: Disabled
[0.014s][info][gc,init] Compressed Oops: Enabled (Zero based)
[0.014s][info][gc,init] Alignments: Space 512K, Generation 512K, Heap 2M
[0.014s][info][gc,init] Heap Min Capacity: 2M
[0.014s][info][gc,init] Heap Initial Capacity: 2M
[0.014s][info][gc,init] Heap Max Capacity: 11000M
[0.014s][info][gc,init] Pre-touch: Disabled
[0.014s][info][gc,init] Parallel Workers: 8
[0.014s][info][gc,metaspace] CDS archive(s) not mapped
[0.015s][info][gc,metaspace] Compressed class space mapped at: 0x0000000800000000-0x0000000840000000, reserved size: 1073741824
[0.015s][info][gc,metaspace] Narrow klass base: 0x0000000800000000, Narrow klass shift: 0, Narrow klass range: 0x40000000
[0.112s][info][gc,start    ] GC(0) Pause Young (Allocation Failure)
[0.113s][info][gc,heap     ] GC(0) PSYoungGen: 512K(1024K)->480K(1024K) Eden: 512K(512K)->0K(512K) From: 0K(512K)->480K(512K)
[0.113s][info][gc,heap     ] GC(0) ParOldGen: 0K(512K)->8K(512K)
[0.113s][info][gc,metaspace] GC(0) Metaspace: 4229K(4352K)->4229K(4352K) NonClass: 3908K(3968K)->3908K(3968K) Class: 321K(384K)->321K(384K)
[0.113s][info][gc          ] GC(0) Pause Young (Allocation Failure) 0M->0M(1M) 1.266ms
[0.113s][info][gc,cpu      ] GC(0) User=0.00s Sys=0.00s Real=0.00s
[0.172s][info][gc,start    ] GC(1) Pause Young (Allocation Failure)
[0.172s][info][gc,heap     ] GC(1) PSYoungGen: 991K(1024K)->512K(1536K) Eden: 511K(512K)->0K(1024K) From: 480K(512K)->512K(512K)
[0.172s][info][gc,heap     ] GC(1) ParOldGen: 8K(512K)->92K(512K)
[0.172s][info][gc,metaspace] GC(1) Metaspace: 5876K(5952K)->5876K(5952K) NonClass: 5379K(5440K)->5379K(5440K) Class: 496K(512K)->496K(512K)
[0.172s][info][gc          ] GC(1) Pause Young (Allocation Failure) 0M->0M(2M) 0.894ms
[0.172s][info][gc,cpu      ] GC(1) User=0.00s Sys=0.00s Real=0.00s
[0.193s][info][gc,start    ] GC(2) Pause Young (Allocation Failure)
[0.194s][info][gc,heap     ] GC(2) PSYoungGen: 1536K(1536K)->512K(1536K) Eden: 1024K(1024K)->0K(1024K) From: 512K(512K)->512K(512K)
[0.194s][info][gc,heap     ] GC(2) ParOldGen: 92K(512K)->508K(512K)
[0.194s][info][gc,metaspace] GC(2) Metaspace: 6295K(6464K)->6295K(6464K) NonClass: 5762K(5824K)->5762K(5824K) Class: 533K(640K)->533K(640K)
[0.194s][info][gc          ] GC(2) Pause Young (Allocation Failure) 1M->0M(2M) 1.159ms
[0.194s][info][gc,cpu      ] GC(2) User=0.00s Sys=0.00s Real=0.00s
[0.194s][info][gc,start    ] GC(3) Pause Full (Ergonomics)
[0.194s][info][gc,phases,start] GC(3) Marking Phase
[0.195s][info][gc,phases      ] GC(3) Marking Phase 0.921ms
[0.195s][info][gc,phases,start] GC(3) Summary Phase
[0.195s][info][gc,phases      ] GC(3) Summary Phase 0.015ms
[0.195s][info][gc,phases,start] GC(3) Adjust Roots
[0.195s][info][gc,phases      ] GC(3) Adjust Roots 0.346ms
[0.195s][info][gc,phases,start] GC(3) Compaction Phase
[0.197s][info][gc,phases      ] GC(3) Compaction Phase 1.439ms
[0.197s][info][gc,phases,start] GC(3) Post Compact
[0.197s][info][gc,phases      ] GC(3) Post Compact 0.069ms
[0.197s][info][gc,heap        ] GC(3) PSYoungGen: 512K(1536K)->511K(1536K) Eden: 0K(1024K)->0K(1024K) From: 512K(512K)->511K(512K)
[0.197s][info][gc,heap        ] GC(3) ParOldGen: 508K(512K)->469K(2048K)
[0.197s][info][gc,metaspace   ] GC(3) Metaspace: 6295K(6464K)->6295K(6464K) NonClass: 5762K(5824K)->5762K(5824K) Class: 533K(640K)->533K(640K)
[0.197s][info][gc             ] GC(3) Pause Full (Ergonomics) 0M->0M(3M) 3.058ms
[0.197s][info][gc,cpu         ] GC(3) User=0.00s Sys=0.00s Real=0.00s
[0.198s][info][gc,start       ] GC(4) Pause Young (Allocation Failure)
[0.200s][info][gc,heap        ] GC(4) PSYoungGen: 1535K(1536K)->480K(2560K) Eden: 1024K(1024K)->0K(2048K) From: 511K(512K)->480K(512K)
[0.200s][info][gc,heap        ] GC(4) ParOldGen: 469K(2048K)->1029K(2048K)
[0.200s][info][gc,metaspace   ] GC(4) Metaspace: 6295K(6464K)->6295K(6464K) NonClass: 5762K(5824K)->5762K(5824K) Class: 533K(640K)->533K(640K)
[0.200s][info][gc             ] GC(4) Pause Young (Allocation Failure) 1M->1M(4M) 1.470ms
[0.200s][info][gc,cpu         ] GC(4) User=0.00s Sys=0.00s Real=0.00s
[0.203s][info][gc,start       ] GC(5) Pause Young (Allocation Failure)
[0.205s][info][gc,heap        ] GC(5) PSYoungGen: 2528K(2560K)->480K(2560K) Eden: 2048K(2048K)->0K(2048K) From: 480K(512K)->480K(512K)
[0.205s][info][gc,heap        ] GC(5) ParOldGen: 1029K(2048K)->2098K(2560K)
[0.205s][info][gc,metaspace   ] GC(5) Metaspace: 6295K(6464K)->6295K(6464K) NonClass: 5762K(5824K)->5762K(5824K) Class: 533K(640K)->533K(640K)
[0.205s][info][gc             ] GC(5) Pause Young (Allocation Failure) 3M->2M(5M) 1.641ms
[0.205s][info][gc,cpu         ] GC(5) User=0.00s Sys=0.00s Real=0.00s
[0.205s][info][gc,start       ] GC(6) Pause Full (Ergonomics)
[0.205s][info][gc,phases,start] GC(6) Marking Phase
[0.206s][info][gc,phases      ] GC(6) Marking Phase 1.540ms
[0.206s][info][gc,phases,start] GC(6) Summary Phase
[0.206s][info][gc,phases      ] GC(6) Summary Phase 0.019ms
[0.206s][info][gc,phases,start] GC(6) Adjust Roots
[0.207s][info][gc,phases      ] GC(6) Adjust Roots 0.305ms
[0.207s][info][gc,phases,start] GC(6) Compaction Phase
[0.209s][info][gc,phases      ] GC(6) Compaction Phase 2.035ms
[0.209s][info][gc,phases,start] GC(6) Post Compact
[0.209s][info][gc,phases      ] GC(6) Post Compact 0.030ms
[0.209s][info][gc,heap        ] GC(6) PSYoungGen: 480K(2560K)->0K(4096K) Eden: 0K(2048K)->0K(3072K) From: 480K(512K)->0K(1024K)
[0.209s][info][gc,heap        ] GC(6) ParOldGen: 2098K(2560K)->2542K(6144K)
[0.209s][info][gc,metaspace   ] GC(6) Metaspace: 6295K(6464K)->6295K(6464K) NonClass: 5762K(5824K)->5762K(5824K) Class: 533K(640K)->533K(640K)
[0.209s][info][gc             ] GC(6) Pause Full (Ergonomics) 2M->2M(10M) 4.317ms
[0.209s][info][gc,cpu         ] GC(6) User=0.00s Sys=0.00s Real=0.01s
[0.213s][info][gc,start       ] GC(7) Pause Young (Allocation Failure)
[0.215s][info][gc,heap        ] GC(7) PSYoungGen: 3072K(4096K)->1696K(5120K) Eden: 3072K(3072K)->0K(3072K) From: 0K(1024K)->1696K(2048K)
[0.215s][info][gc,heap        ] GC(7) ParOldGen: 2542K(6144K)->2542K(6144K)
[0.215s][info][gc,metaspace   ] GC(7) Metaspace: 6295K(6464K)->6295K(6464K) NonClass: 5762K(5824K)->5762K(5824K) Class: 533K(640K)->533K(640K)
[0.215s][info][gc             ] GC(7) Pause Young (Allocation Failure) 5M->4M(11M) 1.766ms
[0.215s][info][gc,cpu         ] GC(7) User=0.00s Sys=0.00s Real=0.00s
[0.219s][info][gc,start       ] GC(8) Pause Young (Allocation Failure)
[0.222s][info][gc,heap        ] GC(8) PSYoungGen: 4768K(5120K)->2016K(5632K) Eden: 3072K(3072K)->0K(3584K) From: 1696K(2048K)->2016K(2048K)
[0.222s][info][gc,heap        ] GC(8) ParOldGen: 2542K(6144K)->3774K(6144K)
[0.222s][info][gc,metaspace   ] GC(8) Metaspace: 6295K(6464K)->6295K(6464K) NonClass: 5762K(5824K)->5762K(5824K) Class: 533K(640K)->533K(640K)
[0.222s][info][gc             ] GC(8) Pause Young (Allocation Failure) 7M->5M(11M) 3.184ms
[0.222s][info][gc,cpu         ] GC(8) User=0.00s Sys=0.00s Real=0.00s
[0.229s][info][gc,start       ] GC(9) Pause Young (Allocation Failure)
[0.233s][info][gc,heap        ] GC(9) PSYoungGen: 5600K(5632K)->3040K(6656K) Eden: 3584K(3584K)->0K(3584K) From: 2016K(2048K)->3040K(3072K)
[0.233s][info][gc,heap        ] GC(9) ParOldGen: 3774K(6144K)->4614K(6144K)
[0.233s][info][gc,metaspace   ] GC(9) Metaspace: 6295K(6464K)->6295K(6464K) NonClass: 5762K(5824K)->5762K(5824K) Class: 533K(640K)->533K(640K)
[0.233s][info][gc             ] GC(9) Pause Young (Allocation Failure) 9M->7M(12M) 3.840ms
[0.233s][info][gc,cpu         ] GC(9) User=0.00s Sys=0.00s Real=0.00s
[0.237s][info][gc,start       ] GC(10) Pause Young (Allocation Failure)
[0.241s][info][gc,heap        ] GC(10) PSYoungGen: 6624K(6656K)->4064K(8704K) Eden: 3584K(3584K)->0K(4608K) From: 3040K(3072K)->4064K(4096K)
[0.241s][info][gc,heap        ] GC(10) ParOldGen: 4614K(6144K)->5454K(6144K)
[0.241s][info][gc,metaspace   ] GC(10) Metaspace: 6295K(6464K)->6295K(6464K) NonClass: 5762K(5824K)->5762K(5824K) Class: 533K(640K)->533K(640K)
[0.241s][info][gc             ] GC(10) Pause Young (Allocation Failure) 10M->9M(14M) 3.698ms
[0.241s][info][gc,cpu         ] GC(10) User=0.00s Sys=0.00s Real=0.00s
[0.241s][info][gc,start       ] GC(11) Pause Full (Ergonomics)
[0.241s][info][gc,phases,start] GC(11) Marking Phase
[0.245s][info][gc,phases      ] GC(11) Marking Phase 4.315ms
[0.245s][info][gc,phases,start] GC(11) Summary Phase
[0.245s][info][gc,phases      ] GC(11) Summary Phase 0.017ms
[0.245s][info][gc,phases,start] GC(11) Adjust Roots
[0.246s][info][gc,phases      ] GC(11) Adjust Roots 0.342ms
[0.246s][info][gc,phases,start] GC(11) Compaction Phase
[0.252s][info][gc,phases      ] GC(11) Compaction Phase 6.178ms
[0.252s][info][gc,phases,start] GC(11) Post Compact
[0.252s][info][gc,phases      ] GC(11) Post Compact 0.060ms
[0.252s][info][gc,heap        ] GC(11) PSYoungGen: 4064K(8704K)->3545K(8704K) Eden: 0K(4608K)->0K(4608K) From: 4064K(4096K)->3545K(4096K)
[0.252s][info][gc,heap        ] GC(11) ParOldGen: 5454K(6144K)->5831K(10752K)
[0.252s][info][gc,metaspace   ] GC(11) Metaspace: 6295K(6464K)->6295K(6464K) NonClass: 5762K(5824K)->5762K(5824K) Class: 533K(640K)->533K(640K)
[0.252s][info][gc             ] GC(11) Pause Full (Ergonomics) 9M->9M(19M) 11.241ms
[0.252s][info][gc,cpu         ] GC(11) User=0.00s Sys=0.00s Real=0.01s
[0.256s][info][gc,start       ] GC(12) Pause Young (Allocation Failure)
[0.260s][info][gc,heap        ] GC(12) PSYoungGen: 8013K(8704K)->5088K(9728K) Eden: 4468K(4608K)->0K(4608K) From: 3545K(4096K)->5088K(5120K)
[0.260s][info][gc,heap        ] GC(12) ParOldGen: 5831K(10752K)->6615K(10752K)
[0.260s][info][gc,metaspace   ] GC(12) Metaspace: 6295K(6464K)->6295K(6464K) NonClass: 5762K(5824K)->5762K(5824K) Class: 533K(640K)->533K(640K)
[0.260s][info][gc             ] GC(12) Pause Young (Allocation Failure) 13M->11M(20M) 3.868ms
[0.260s][info][gc,cpu         ] GC(12) User=0.00s Sys=0.00s Real=0.00s
[0.266s][info][gc,start       ] GC(13) Pause Young (Allocation Failure)
[0.272s][info][gc,heap        ] GC(13) PSYoungGen: 9696K(9728K)->6112K(11264K) Eden: 4608K(4608K)->0K(5120K) From: 5088K(5120K)->6112K(6144K)
[0.272s][info][gc,heap        ] GC(13) ParOldGen: 6615K(10752K)->7991K(10752K)
[0.272s][info][gc,metaspace   ] GC(13) Metaspace: 6295K(6464K)->6295K(6464K) NonClass: 5762K(5824K)->5762K(5824K) Class: 533K(640K)->533K(640K)
[0.272s][info][gc             ] GC(13) Pause Young (Allocation Failure) 15M->13M(21M) 6.412ms
[0.272s][info][gc,cpu         ] GC(13) User=0.00s Sys=0.00s Real=0.01s
[0.276s][info][gc,start       ] GC(14) Pause Young (Allocation Failure)
[0.282s][info][gc,heap        ] GC(14) PSYoungGen: 11232K(11264K)->5248K(12800K) Eden: 5120K(5120K)->0K(5120K) From: 6112K(6144K)->5248K(7680K)
[0.282s][info][gc,heap        ] GC(14) ParOldGen: 7991K(10752K)->11575K(11776K)
[0.282s][info][gc,metaspace   ] GC(14) Metaspace: 6297K(6464K)->6297K(6464K) NonClass: 5764K(5824K)->5764K(5824K) Class: 533K(640K)->533K(640K)
[0.282s][info][gc             ] GC(14) Pause Young (Allocation Failure) 18M->16M(24M) 5.619ms
[0.282s][info][gc,cpu         ] GC(14) User=0.00s Sys=0.00s Real=0.01s
[0.282s][info][gc,start       ] GC(15) Pause Full (Ergonomics)
[0.282s][info][gc,phases,start] GC(15) Marking Phase
[0.289s][info][gc,phases      ] GC(15) Marking Phase 7.312ms
[0.290s][info][gc,phases,start] GC(15) Summary Phase
[0.290s][info][gc,phases      ] GC(15) Summary Phase 0.016ms
[0.290s][info][gc,phases,start] GC(15) Adjust Roots
[0.290s][info][gc,phases      ] GC(15) Adjust Roots 0.186ms
[0.290s][info][gc,phases,start] GC(15) Compaction Phase
[0.297s][info][gc,phases      ] GC(15) Compaction Phase 7.020ms
[0.297s][info][gc,phases,start] GC(15) Post Compact
[0.297s][info][gc,phases      ] GC(15) Post Compact 0.076ms
[0.297s][info][gc,heap        ] GC(15) PSYoungGen: 5248K(12800K)->5187K(12800K) Eden: 0K(5120K)->0K(5120K) From: 5248K(7680K)->5187K(7680K)
[0.297s][info][gc,heap        ] GC(15) ParOldGen: 11575K(11776K)->11463K(18432K)
[0.297s][info][gc,metaspace   ] GC(15) Metaspace: 6297K(6464K)->6297K(6464K) NonClass: 5764K(5824K)->5764K(5824K) Class: 533K(640K)->533K(640K)
[0.297s][info][gc             ] GC(15) Pause Full (Ergonomics) 16M->16M(30M) 14.925ms
[0.297s][info][gc,cpu         ] GC(15) User=0.00s Sys=0.00s Real=0.01s
[0.301s][info][gc,start       ] GC(16) Pause Young (Allocation Failure)
[0.307s][info][gc,heap        ] GC(16) PSYoungGen: 10307K(12800K)->2688K(14336K) Eden: 5120K(5120K)->0K(7168K) From: 5187K(7680K)->2688K(7168K)
[0.307s][info][gc,heap        ] GC(16) ParOldGen: 11463K(18432K)->16727K(18432K)
[0.307s][info][gc,metaspace   ] GC(16) Metaspace: 6297K(6464K)->6297K(6464K) NonClass: 5764K(5824K)->5764K(5824K) Class: 533K(640K)->533K(640K)
[0.307s][info][gc             ] GC(16) Pause Young (Allocation Failure) 21M->18M(32M) 5.979ms
[0.307s][info][gc,cpu         ] GC(16) User=0.00s Sys=0.00s Real=0.01s
[0.307s][info][gc,start       ] GC(17) Pause Full (Ergonomics)
[0.307s][info][gc,phases,start] GC(17) Marking Phase
[0.315s][info][gc,phases      ] GC(17) Marking Phase 8.258ms
[0.315s][info][gc,phases,start] GC(17) Summary Phase
[0.315s][info][gc,phases      ] GC(17) Summary Phase 0.019ms
[0.315s][info][gc,phases,start] GC(17) Adjust Roots
[0.315s][info][gc,phases      ] GC(17) Adjust Roots 0.216ms
[0.316s][info][gc,phases,start] GC(17) Compaction Phase
[0.322s][info][gc,phases      ] GC(17) Compaction Phase 6.273ms
[0.322s][info][gc,phases,start] GC(17) Post Compact
[0.322s][info][gc,phases      ] GC(17) Post Compact 0.089ms
[0.322s][info][gc,heap        ] GC(17) PSYoungGen: 2688K(14336K)->1105K(14848K) Eden: 0K(7168K)->0K(7680K) From: 2688K(7168K)->1105K(7168K)
[0.322s][info][gc,heap        ] GC(17) ParOldGen: 16727K(18432K)->18183K(27648K)
[0.322s][info][gc,metaspace   ] GC(17) Metaspace: 6297K(6464K)->6297K(6464K) NonClass: 5764K(5824K)->5764K(5824K) Class: 533K(640K)->533K(640K)
[0.322s][info][gc             ] GC(17) Pause Full (Ergonomics) 18M->18M(41M) 15.225ms
[0.322s][info][gc,cpu         ] GC(17) User=0.00s Sys=0.00s Real=0.02s
[0.327s][info][gc,start       ] GC(18) Pause Young (Allocation Failure)
[0.331s][info][gc,heap        ] GC(18) PSYoungGen: 7799K(14848K)->3424K(15360K) Eden: 6694K(7680K)->0K(7680K) From: 1105K(7168K)->3424K(7680K)
[0.331s][info][gc,heap        ] GC(18) ParOldGen: 18183K(27648K)->19311K(27648K)
[0.331s][info][gc,metaspace   ] GC(18) Metaspace: 6297K(6464K)->6297K(6464K) NonClass: 5764K(5824K)->5764K(5824K) Class: 533K(640K)->533K(640K)
[0.331s][info][gc             ] GC(18) Pause Young (Allocation Failure) 25M->22M(42M) 4.840ms
[0.332s][info][gc,cpu         ] GC(18) User=0.00s Sys=0.00s Real=0.00s
[0.338s][info][gc,start       ] GC(19) Pause Young (Allocation Failure)
[0.346s][info][gc,heap        ] GC(19) PSYoungGen: 11103K(15360K)->4480K(17920K) Eden: 7679K(7680K)->0K(10240K) From: 3424K(7680K)->4480K(7680K)
[0.346s][info][gc,heap        ] GC(19) ParOldGen: 19311K(27648K)->22759K(27648K)
[0.346s][info][gc,metaspace   ] GC(19) Metaspace: 6297K(6464K)->6297K(6464K) NonClass: 5764K(5824K)->5764K(5824K) Class: 533K(640K)->533K(640K)
[0.346s][info][gc             ] GC(19) Pause Young (Allocation Failure) 29M->26M(44M) 7.695ms
[0.346s][info][gc,cpu         ] GC(19) User=0.02s Sys=0.00s Real=0.01s
[0.353s][info][gc,start       ] GC(20) Pause Young (Allocation Failure)
[0.360s][info][gc,heap        ] GC(20) PSYoungGen: 14720K(17920K)->5344K(17920K) Eden: 10240K(10240K)->0K(10240K) From: 4480K(7680K)->5344K(7680K)
[0.360s][info][gc,heap        ] GC(20) ParOldGen: 22759K(27648K)->27287K(27648K)
[0.360s][info][gc,metaspace   ] GC(20) Metaspace: 6297K(6464K)->6297K(6464K) NonClass: 5764K(5824K)->5764K(5824K) Class: 533K(640K)->533K(640K)
[0.361s][info][gc             ] GC(20) Pause Young (Allocation Failure) 36M->31M(44M) 7.622ms
[0.361s][info][gc,cpu         ] GC(20) User=0.00s Sys=0.00s Real=0.01s
[0.361s][info][gc,start       ] GC(21) Pause Full (Ergonomics)
[0.361s][info][gc,phases,start] GC(21) Marking Phase
[0.373s][info][gc,phases      ] GC(21) Marking Phase 12.768ms
[0.373s][info][gc,phases,start] GC(21) Summary Phase
[0.374s][info][gc,phases      ] GC(21) Summary Phase 0.014ms
[0.374s][info][gc,phases,start] GC(21) Adjust Roots
[0.374s][info][gc,phases      ] GC(21) Adjust Roots 0.199ms
[0.374s][info][gc,phases,start] GC(21) Compaction Phase
[0.386s][info][gc,phases      ] GC(21) Compaction Phase 11.854ms
[0.386s][info][gc,phases,start] GC(21) Post Compact
[0.386s][info][gc,phases      ] GC(21) Post Compact 0.117ms
[0.386s][info][gc,heap        ] GC(21) PSYoungGen: 5344K(17920K)->4779K(17920K) Eden: 0K(10240K)->0K(10240K) From: 5344K(7680K)->4779K(7680K)
[0.386s][info][gc,heap        ] GC(21) ParOldGen: 27287K(27648K)->27139K(38912K)
[0.386s][info][gc,metaspace   ] GC(21) Metaspace: 6297K(6464K)->6297K(6464K) NonClass: 5764K(5824K)->5764K(5824K) Class: 533K(640K)->533K(640K)
[0.386s][info][gc             ] GC(21) Pause Full (Ergonomics) 31M->31M(55M) 25.479ms
[0.386s][info][gc,cpu         ] GC(21) User=0.02s Sys=0.00s Real=0.03s
[0.396s][info][gc,start       ] GC(22) Pause Young (Allocation Failure)
[0.409s][info][gc,heap        ] GC(22) PSYoungGen: 15019K(17920K)->8192K(17920K) Eden: 10240K(10240K)->0K(9728K) From: 4779K(7680K)->8192K(8192K)
[0.409s][info][gc,heap        ] GC(22) ParOldGen: 27139K(38912K)->32971K(38912K)
[0.409s][info][gc,metaspace   ] GC(22) Metaspace: 6297K(6464K)->6297K(6464K) NonClass: 5764K(5824K)->5764K(5824K) Class: 533K(640K)->533K(640K)
[0.409s][info][gc             ] GC(22) Pause Young (Allocation Failure) 41M->40M(55M) 13.095ms
[0.409s][info][gc,cpu         ] GC(22) User=0.00s Sys=0.00s Real=0.01s
[0.409s][info][gc,start       ] GC(23) Pause Full (Ergonomics)
[0.409s][info][gc,phases,start] GC(23) Marking Phase
[0.425s][info][gc,phases      ] GC(23) Marking Phase 16.287ms
[0.425s][info][gc,phases,start] GC(23) Summary Phase
[0.425s][info][gc,phases      ] GC(23) Summary Phase 0.019ms
[0.425s][info][gc,phases,start] GC(23) Adjust Roots
[0.426s][info][gc,phases      ] GC(23) Adjust Roots 0.181ms
[0.426s][info][gc,phases,start] GC(23) Compaction Phase
[0.437s][info][gc,phases      ] GC(23) Compaction Phase 11.077ms
[0.437s][info][gc,phases,start] GC(23) Post Compact
[0.437s][info][gc,phases      ] GC(23) Post Compact 0.169ms
[0.437s][info][gc,heap        ] GC(23) PSYoungGen: 8192K(17920K)->2555K(17920K) Eden: 0K(9728K)->0K(9728K) From: 8192K(8192K)->2555K(8192K)
[0.437s][info][gc,heap        ] GC(23) ParOldGen: 32971K(38912K)->38495K(52736K)
[0.437s][info][gc,metaspace   ] GC(23) Metaspace: 6297K(6464K)->6297K(6464K) NonClass: 5764K(5824K)->5764K(5824K) Class: 533K(640K)->533K(640K)
[0.437s][info][gc             ] GC(23) Pause Full (Ergonomics) 40M->40M(69M) 28.145ms
[0.437s][info][gc,cpu         ] GC(23) User=0.00s Sys=0.00s Real=0.03s
[0.450s][info][gc,start       ] GC(24) Pause Young (Allocation Failure)
[0.465s][info][gc,heap        ] GC(24) PSYoungGen: 12283K(17920K)->9760K(20992K) Eden: 9728K(9728K)->0K(9728K) From: 2555K(8192K)->9760K(11264K)
[0.465s][info][gc,heap        ] GC(24) ParOldGen: 38495K(52736K)->41095K(52736K)
[0.465s][info][gc,metaspace   ] GC(24) Metaspace: 6297K(6464K)->6297K(6464K) NonClass: 5764K(5824K)->5764K(5824K) Class: 533K(640K)->533K(640K)
[0.465s][info][gc             ] GC(24) Pause Young (Allocation Failure) 49M->49M(72M) 15.156ms
[0.465s][info][gc,cpu         ] GC(24) User=0.00s Sys=0.00s Real=0.02s
[0.475s][info][gc,start       ] GC(25) Pause Young (Allocation Failure)
[0.489s][info][gc,heap        ] GC(25) PSYoungGen: 19488K(20992K)->12768K(19968K) Eden: 9728K(9728K)->0K(7168K) From: 9760K(11264K)->12768K(12800K)
[0.489s][info][gc,heap        ] GC(25) ParOldGen: 41095K(52736K)->47863K(52736K)
[0.489s][info][gc,metaspace   ] GC(25) Metaspace: 6297K(6464K)->6297K(6464K) NonClass: 5764K(5824K)->5764K(5824K) Class: 533K(640K)->533K(640K)
[0.489s][info][gc             ] GC(25) Pause Young (Allocation Failure) 59M->59M(71M) 13.610ms
[0.489s][info][gc,cpu         ] GC(25) User=0.00s Sys=0.00s Real=0.01s
[0.489s][info][gc,start       ] GC(26) Pause Full (Ergonomics)
[0.489s][info][gc,phases,start] GC(26) Marking Phase
[0.513s][info][gc,phases      ] GC(26) Marking Phase 23.916ms
[0.513s][info][gc,phases,start] GC(26) Summary Phase
[0.513s][info][gc,phases      ] GC(26) Summary Phase 0.018ms
[0.513s][info][gc,phases,start] GC(26) Adjust Roots
[0.513s][info][gc,phases      ] GC(26) Adjust Roots 0.173ms
[0.513s][info][gc,phases,start] GC(26) Compaction Phase
[0.531s][info][gc,phases      ] GC(26) Compaction Phase 17.924ms
[0.531s][info][gc,phases,start] GC(26) Post Compact
[0.532s][info][gc,phases      ] GC(26) Post Compact 0.195ms
[0.532s][info][gc,heap        ] GC(26) PSYoungGen: 12768K(19968K)->7122K(19968K) Eden: 0K(7168K)->0K(7168K) From: 12768K(12800K)->7122K(12800K)
[0.532s][info][gc,heap        ] GC(26) ParOldGen: 47863K(52736K)->52306K(69120K)
[0.532s][info][gc,metaspace   ] GC(26) Metaspace: 6297K(6464K)->6297K(6464K) NonClass: 5764K(5824K)->5764K(5824K) Class: 533K(640K)->533K(640K)
[0.532s][info][gc             ] GC(26) Pause Full (Ergonomics) 59M->58M(87M) 42.606ms
[0.532s][info][gc,cpu         ] GC(26) User=0.03s Sys=0.00s Real=0.04s
[0.540s][info][gc,start       ] GC(27) Pause Young (Allocation Failure)
[0.555s][info][gc,heap        ] GC(27) PSYoungGen: 14290K(19968K)->7200K(24576K) Eden: 7168K(7168K)->0K(7168K) From: 7122K(12800K)->7200K(17408K)
[0.555s][info][gc,heap        ] GC(27) ParOldGen: 52306K(69120K)->59546K(69120K)
[0.555s][info][gc,metaspace   ] GC(27) Metaspace: 6297K(6464K)->6297K(6464K) NonClass: 5764K(5824K)->5764K(5824K) Class: 533K(640K)->533K(640K)
[0.555s][info][gc             ] GC(27) Pause Young (Allocation Failure) 65M->65M(91M) 14.628ms
[0.555s][info][gc,cpu         ] GC(27) User=0.00s Sys=0.00s Real=0.02s
[0.563s][info][gc,start       ] GC(28) Pause Young (Allocation Failure)
[0.573s][info][gc,heap        ] GC(28) PSYoungGen: 14368K(24576K)->14336K(23040K) Eden: 7168K(7168K)->0K(6656K) From: 7200K(17408K)->14336K(16384K)
[0.573s][info][gc,heap        ] GC(28) ParOldGen: 59546K(69120K)->59546K(69120K)
[0.573s][info][gc,metaspace   ] GC(28) Metaspace: 6297K(6464K)->6297K(6464K) NonClass: 5764K(5824K)->5764K(5824K) Class: 533K(640K)->533K(640K)
[0.573s][info][gc             ] GC(28) Pause Young (Allocation Failure) 72M->72M(90M) 10.690ms
[0.573s][info][gc,cpu         ] GC(28) User=0.00s Sys=0.00s Real=0.01s
[0.581s][info][gc,start       ] GC(29) Pause Young (Allocation Failure)
[0.596s][info][gc,heap        ] GC(29) PSYoungGen: 20992K(23040K)->13824K(25088K) Eden: 6656K(6656K)->0K(6656K) From: 14336K(16384K)->13824K(18432K)
[0.596s][info][gc,heap        ] GC(29) ParOldGen: 59546K(69120K)->66810K(69120K)
[0.596s][info][gc,metaspace   ] GC(29) Metaspace: 6297K(6464K)->6297K(6464K) NonClass: 5764K(5824K)->5764K(5824K) Class: 533K(640K)->533K(640K)
[0.597s][info][gc             ] GC(29) Pause Young (Allocation Failure) 78M->78M(92M) 15.138ms
[0.597s][info][gc,cpu         ] GC(29) User=0.00s Sys=0.00s Real=0.01s
[0.597s][info][gc,start       ] GC(30) Pause Full (Ergonomics)
[0.597s][info][gc,phases,start] GC(30) Marking Phase
[0.629s][info][gc,phases      ] GC(30) Marking Phase 32.211ms
[0.629s][info][gc,phases,start] GC(30) Summary Phase
[0.629s][info][gc,phases      ] GC(30) Summary Phase 0.018ms
[0.629s][info][gc,phases,start] GC(30) Adjust Roots
[0.629s][info][gc,phases      ] GC(30) Adjust Roots 0.156ms
[0.629s][info][gc,phases,start] GC(30) Compaction Phase
[0.651s][info][gc,phases      ] GC(30) Compaction Phase 21.915ms
[0.651s][info][gc,phases,start] GC(30) Post Compact
[0.651s][info][gc,phases      ] GC(30) Post Compact 0.335ms
[0.652s][info][gc,heap        ] GC(30) PSYoungGen: 13824K(25088K)->11720K(25088K) Eden: 0K(6656K)->0K(6656K) From: 13824K(18432K)->11720K(18432K)
[0.652s][info][gc,heap        ] GC(30) ParOldGen: 66810K(69120K)->68611K(89088K)
[0.652s][info][gc,metaspace   ] GC(30) Metaspace: 6297K(6464K)->6297K(6464K) NonClass: 5764K(5824K)->5764K(5824K) Class: 533K(640K)->533K(640K)
[0.652s][info][gc             ] GC(30) Pause Full (Ergonomics) 78M->78M(111M) 55.087ms
[0.652s][info][gc,cpu         ] GC(30) User=0.06s Sys=0.00s Real=0.06s
[0.660s][info][gc,start       ] GC(31) Pause Young (Allocation Failure)
[0.678s][info][gc,heap        ] GC(31) PSYoungGen: 18376K(25088K)->6688K(25600K) Eden: 6656K(6656K)->0K(8192K) From: 11720K(18432K)->6688K(17408K)
[0.678s][info][gc,heap        ] GC(31) ParOldGen: 68611K(89088K)->80523K(89088K)
[0.679s][info][gc,metaspace   ] GC(31) Metaspace: 6297K(6464K)->6297K(6464K) NonClass: 5764K(5824K)->5764K(5824K) Class: 533K(640K)->533K(640K)
[0.679s][info][gc             ] GC(31) Pause Young (Allocation Failure) 84M->85M(112M) 18.913ms
[0.679s][info][gc,cpu         ] GC(31) User=0.03s Sys=0.00s Real=0.02s
[0.679s][info][gc,start       ] GC(32) Pause Full (Ergonomics)
[0.679s][info][gc,phases,start] GC(32) Marking Phase
[0.717s][info][gc,phases      ] GC(32) Marking Phase 38.591ms
[0.717s][info][gc,phases,start] GC(32) Summary Phase
[0.717s][info][gc,phases      ] GC(32) Summary Phase 0.016ms
[0.717s][info][gc,phases,start] GC(32) Adjust Roots
[0.717s][info][gc,phases      ] GC(32) Adjust Roots 0.195ms
[0.718s][info][gc,phases,start] GC(32) Compaction Phase
[0.739s][info][gc,phases      ] GC(32) Compaction Phase 21.123ms
[0.739s][info][gc,phases,start] GC(32) Post Compact
[0.739s][info][gc,phases      ] GC(32) Post Compact 0.362ms
[0.739s][info][gc,heap        ] GC(32) PSYoungGen: 6688K(25600K)->0K(27136K) Eden: 0K(8192K)->0K(8192K) From: 6688K(17408K)->0K(18944K)
[0.739s][info][gc,heap        ] GC(32) ParOldGen: 80523K(89088K)->86958K(112128K)
[0.739s][info][gc,metaspace   ] GC(32) Metaspace: 6297K(6464K)->6297K(6464K) NonClass: 5764K(5824K)->5764K(5824K) Class: 533K(640K)->533K(640K)
[0.739s][info][gc             ] GC(32) Pause Full (Ergonomics) 85M->84M(136M) 60.650ms
[0.739s][info][gc,cpu         ] GC(32) User=0.09s Sys=0.00s Real=0.06s
[0.754s][info][gc,start       ] GC(33) Pause Young (Allocation Failure)
[0.760s][info][gc,heap        ] GC(33) PSYoungGen: 8192K(27136K)->8224K(26112K) Eden: 8192K(8192K)->0K(9728K) From: 0K(18944K)->8224K(16384K)
[0.760s][info][gc,heap        ] GC(33) ParOldGen: 86958K(112128K)->86958K(112128K)
[0.760s][info][gc,metaspace   ] GC(33) Metaspace: 6297K(6464K)->6297K(6464K) NonClass: 5764K(5824K)->5764K(5824K) Class: 533K(640K)->533K(640K)
[0.760s][info][gc             ] GC(33) Pause Young (Allocation Failure) 92M->92M(135M) 6.036ms
[0.760s][info][gc,cpu         ] GC(33) User=0.00s Sys=0.00s Real=0.01s
[0.768s][info][gc,start       ] GC(34) Pause Young (Allocation Failure)
[0.777s][info][gc,heap        ] GC(34) PSYoungGen: 17952K(26112K)->17888K(27648K) Eden: 9728K(9728K)->0K(9728K) From: 8224K(16384K)->17888K(17920K)
[0.777s][info][gc,heap        ] GC(34) ParOldGen: 86958K(112128K)->86990K(112128K)
[0.777s][info][gc,metaspace   ] GC(34) Metaspace: 6297K(6464K)->6297K(6464K) NonClass: 5764K(5824K)->5764K(5824K) Class: 533K(640K)->533K(640K)
[0.777s][info][gc             ] GC(34) Pause Young (Allocation Failure) 102M->102M(136M) 8.972ms
[0.777s][info][gc,cpu         ] GC(34) User=0.00s Sys=0.00s Real=0.01s
[0.786s][info][gc,start       ] GC(35) Pause Young (Allocation Failure)
[0.801s][info][gc,heap        ] GC(35) PSYoungGen: 27616K(27648K)->9760K(30720K) Eden: 9728K(9728K)->0K(11264K) From: 17888K(17920K)->9760K(19456K)
[0.801s][info][gc,heap        ] GC(35) ParOldGen: 86990K(112128K)->105086K(112128K)
[0.801s][info][gc,metaspace   ] GC(35) Metaspace: 6297K(6464K)->6297K(6464K) NonClass: 5764K(5824K)->5764K(5824K) Class: 533K(640K)->533K(640K)
[0.801s][info][gc             ] GC(35) Pause Young (Allocation Failure) 111M->112M(139M) 14.786ms
[0.801s][info][gc,cpu         ] GC(35) User=0.00s Sys=0.00s Real=0.02s
[0.801s][info][gc,start       ] GC(36) Pause Full (Ergonomics)
[0.801s][info][gc,phases,start] GC(36) Marking Phase
[0.831s][info][gc,phases      ] GC(36) Marking Phase 30.023ms
[0.831s][info][gc,phases,start] GC(36) Summary Phase
[0.831s][info][gc,phases      ] GC(36) Summary Phase 0.020ms
[0.831s][info][gc,phases,start] GC(36) Adjust Roots
[0.832s][info][gc,phases      ] GC(36) Adjust Roots 0.152ms
[0.832s][info][gc,phases,start] GC(36) Compaction Phase
[0.857s][info][gc,phases      ] GC(36) Compaction Phase 25.538ms
[0.857s][info][gc,phases,start] GC(36) Post Compact
[0.858s][info][gc,phases      ] GC(36) Post Compact 0.373ms
[0.858s][info][gc,heap        ] GC(36) PSYoungGen: 9760K(30720K)->496K(31232K) Eden: 0K(11264K)->0K(11776K) From: 9760K(19456K)->496K(19456K)
[0.858s][info][gc,heap        ] GC(36) ParOldGen: 105086K(112128K)->111978K(142848K)
[0.858s][info][gc,metaspace   ] GC(36) Metaspace: 6297K(6464K)->6297K(6464K) NonClass: 5764K(5824K)->5764K(5824K) Class: 533K(640K)->533K(640K)
[0.858s][info][gc             ] GC(36) Pause Full (Ergonomics) 112M->109M(170M) 56.518ms
[0.858s][info][gc,cpu         ] GC(36) User=0.09s Sys=0.00s Real=0.06s
[0.870s][info][gc,start       ] GC(37) Pause Young (Allocation Failure)
[0.884s][info][gc,heap        ] GC(37) PSYoungGen: 12272K(31232K)->12352K(31744K) Eden: 11776K(11776K)->0K(11776K) From: 496K(19456K)->12352K(19968K)
[0.884s][info][gc,heap        ] GC(37) ParOldGen: 111978K(142848K)->111978K(142848K)
[0.884s][info][gc,metaspace   ] GC(37) Metaspace: 6297K(6464K)->6297K(6464K) NonClass: 5764K(5824K)->5764K(5824K) Class: 533K(640K)->533K(640K)
[0.884s][info][gc             ] GC(37) Pause Young (Allocation Failure) 121M->121M(170M) 14.345ms
[0.884s][info][gc,cpu         ] GC(37) User=0.02s Sys=0.00s Real=0.01s
[0.897s][info][gc,start       ] GC(38) Pause Young (Allocation Failure)
[0.911s][info][gc,heap        ] GC(38) PSYoungGen: 24128K(31744K)->19968K(29184K) Eden: 11776K(11776K)->0K(9216K) From: 12352K(19968K)->19968K(19968K)
[0.911s][info][gc,heap        ] GC(38) ParOldGen: 111978K(142848K)->116122K(142848K)
[0.911s][info][gc,metaspace   ] GC(38) Metaspace: 6297K(6464K)->6297K(6464K) NonClass: 5764K(5824K)->5764K(5824K) Class: 533K(640K)->533K(640K)
[0.911s][info][gc             ] GC(38) Pause Young (Allocation Failure) 132M->132M(168M) 14.392ms
[0.911s][info][gc,cpu         ] GC(38) User=0.02s Sys=0.00s Real=0.01s
[0.921s][info][gc,start       ] GC(39) Pause Young (Allocation Failure)
[0.938s][info][gc,heap        ] GC(39) PSYoungGen: 29184K(29184K)->20000K(33792K) Eden: 9216K(9216K)->0K(9216K) From: 19968K(19968K)->20000K(24576K)
[0.938s][info][gc,heap        ] GC(39) ParOldGen: 116122K(142848K)->125506K(142848K)
[0.938s][info][gc,metaspace   ] GC(39) Metaspace: 6297K(6464K)->6297K(6464K) NonClass: 5764K(5824K)->5764K(5824K) Class: 533K(640K)->533K(640K)
[0.938s][info][gc             ] GC(39) Pause Young (Allocation Failure) 141M->142M(172M) 16.806ms
[0.938s][info][gc,cpu         ] GC(39) User=0.06s Sys=0.00s Real=0.02s
[0.948s][info][gc,start       ] GC(40) Pause Young (Allocation Failure)
[0.965s][info][gc,heap        ] GC(40) PSYoungGen: 29216K(33792K)->18496K(36352K) Eden: 9216K(9216K)->0K(9728K) From: 20000K(24576K)->18496K(26624K)
[0.965s][info][gc,heap        ] GC(40) ParOldGen: 125506K(142848K)->136402K(142848K)
[0.965s][info][gc,metaspace   ] GC(40) Metaspace: 6297K(6464K)->6297K(6464K) NonClass: 5764K(5824K)->5764K(5824K) Class: 533K(640K)->533K(640K)
[0.965s][info][gc             ] GC(40) Pause Young (Allocation Failure) 151M->151M(175M) 16.502ms
[0.965s][info][gc,cpu         ] GC(40) User=0.03s Sys=0.00s Real=0.02s
[0.965s][info][gc,start       ] GC(41) Pause Full (Ergonomics)
[0.965s][info][gc,phases,start] GC(41) Marking Phase
[1.008s][info][gc,phases      ] GC(41) Marking Phase 43.551ms
[1.008s][info][gc,phases,start] GC(41) Summary Phase
[1.008s][info][gc,phases      ] GC(41) Summary Phase 0.016ms
[1.008s][info][gc,phases,start] GC(41) Adjust Roots
[1.009s][info][gc,phases      ] GC(41) Adjust Roots 0.159ms
[1.009s][info][gc,phases,start] GC(41) Compaction Phase
[1.032s][info][gc,phases      ] GC(41) Compaction Phase 23.831ms
[1.033s][info][gc,phases,start] GC(41) Post Compact
[1.033s][info][gc,phases      ] GC(41) Post Compact 0.747ms
[1.033s][info][gc,heap        ] GC(41) PSYoungGen: 18496K(36352K)->11727K(36352K) Eden: 0K(9728K)->0K(9728K) From: 18496K(26624K)->11727K(26624K)
[1.034s][info][gc,heap        ] GC(41) ParOldGen: 136402K(142848K)->142607K(176128K)
[1.034s][info][gc,metaspace   ] GC(41) Metaspace: 6297K(6464K)->6297K(6464K) NonClass: 5764K(5824K)->5764K(5824K) Class: 533K(640K)->533K(640K)
[1.034s][info][gc             ] GC(41) Pause Full (Ergonomics) 151M->150M(207M) 68.779ms
[1.034s][info][gc,cpu         ] GC(41) User=0.17s Sys=0.02s Real=0.07s
[1.044s][info][gc,start       ] GC(42) Pause Young (Allocation Failure)
[1.062s][info][gc,heap        ] GC(42) PSYoungGen: 21455K(36352K)->15488K(37376K) Eden: 9728K(9728K)->0K(9728K) From: 11727K(26624K)->15488K(27648K)
[1.062s][info][gc,heap        ] GC(42) ParOldGen: 142607K(176128K)->148719K(176128K)
[1.062s][info][gc,metaspace   ] GC(42) Metaspace: 6297K(6464K)->6297K(6464K) NonClass: 5764K(5824K)->5764K(5824K) Class: 533K(640K)->533K(640K)
[1.062s][info][gc             ] GC(42) Pause Young (Allocation Failure) 160M->160M(208M) 18.005ms
[1.062s][info][gc,cpu         ] GC(42) User=0.03s Sys=0.00s Real=0.02s
[1.071s][info][gc,start       ] GC(43) Pause Young (Allocation Failure)
[1.085s][info][gc,heap        ] GC(43) PSYoungGen: 25216K(37376K)->25280K(35328K) Eden: 9728K(9728K)->0K(8192K) From: 15488K(27648K)->25280K(27136K)
[1.085s][info][gc,heap        ] GC(43) ParOldGen: 148719K(176128K)->148719K(176128K)
[1.085s][info][gc,metaspace   ] GC(43) Metaspace: 6297K(6464K)->6297K(6464K) NonClass: 5764K(5824K)->5764K(5824K) Class: 533K(640K)->533K(640K)
[1.085s][info][gc             ] GC(43) Pause Young (Allocation Failure) 169M->169M(206M) 13.243ms
[1.085s][info][gc,cpu         ] GC(43) User=0.02s Sys=0.00s Real=0.01s
[1.119s][info][gc,start       ] GC(44) Pause Young (Allocation Failure)
[1.140s][info][gc,heap        ] GC(44) PSYoungGen: 33472K(35328K)->27712K(38400K) Eden: 8192K(8192K)->0K(8192K) From: 25280K(27136K)->27712K(30208K)
[1.140s][info][gc,heap        ] GC(44) ParOldGen: 156911K(176128K)->162735K(176128K)
[1.140s][info][gc,metaspace   ] GC(44) Metaspace: 6297K(6464K)->6297K(6464K) NonClass: 5764K(5824K)->5764K(5824K) Class: 533K(640K)->533K(640K)
[1.140s][info][gc             ] GC(44) Pause Young (Allocation Failure) 185M->185M(209M) 21.392ms
[1.140s][info][gc,cpu         ] GC(44) User=0.05s Sys=0.00s Real=0.02s
[1.140s][info][gc,start       ] GC(45) Pause Full (Ergonomics)
[1.140s][info][gc,phases,start] GC(45) Marking Phase
[1.193s][info][gc,phases      ] GC(45) Marking Phase 52.551ms
[1.193s][info][gc,phases,start] GC(45) Summary Phase
[1.193s][info][gc,phases      ] GC(45) Summary Phase 0.018ms
[1.193s][info][gc,phases,start] GC(45) Adjust Roots
[1.193s][info][gc,phases      ] GC(45) Adjust Roots 0.192ms
[1.193s][info][gc,phases,start] GC(45) Compaction Phase
[1.231s][info][gc,phases      ] GC(45) Compaction Phase 37.449ms
[1.231s][info][gc,phases,start] GC(45) Post Compact
[1.232s][info][gc,phases      ] GC(45) Post Compact 0.851ms
[1.232s][info][gc,heap        ] GC(45) PSYoungGen: 27712K(38400K)->10187K(38400K) Eden: 0K(8192K)->0K(8192K) From: 27712K(30208K)->10187K(30208K)
[1.232s][info][gc,heap        ] GC(45) ParOldGen: 162735K(176128K)->175803K(209408K)
[1.232s][info][gc,metaspace   ] GC(45) Metaspace: 6297K(6464K)->6297K(6464K) NonClass: 5764K(5824K)->5764K(5824K) Class: 533K(640K)->533K(640K)
[1.232s][info][gc             ] GC(45) Pause Full (Ergonomics) 185M->181M(242M) 91.653ms
[1.232s][info][gc,cpu         ] GC(45) User=0.28s Sys=0.00s Real=0.09s
[1.242s][info][gc,start       ] GC(46) Pause Young (Allocation Failure)
[1.259s][info][gc,heap        ] GC(46) PSYoungGen: 18379K(38400K)->14528K(39936K) Eden: 8192K(8192K)->0K(9216K) From: 10187K(30208K)->14528K(30720K)
[1.259s][info][gc,heap        ] GC(46) ParOldGen: 175803K(209408K)->179795K(209408K)
[1.259s][info][gc,metaspace   ] GC(46) Metaspace: 6297K(6464K)->6297K(6464K) NonClass: 5764K(5824K)->5764K(5824K) Class: 533K(640K)->533K(640K)
[1.259s][info][gc             ] GC(46) Pause Young (Allocation Failure) 189M->189M(243M) 17.171ms
[1.259s][info][gc,cpu         ] GC(46) User=0.03s Sys=0.00s Real=0.02s
[1.269s][info][gc,start       ] GC(47) Pause Young (Allocation Failure)
[1.282s][info][gc,heap        ] GC(47) PSYoungGen: 23744K(39936K)->23776K(41472K) Eden: 9216K(9216K)->0K(9216K) From: 14528K(30720K)->23776K(32256K)
[1.282s][info][gc,heap        ] GC(47) ParOldGen: 179795K(209408K)->179795K(209408K)
[1.282s][info][gc,metaspace   ] GC(47) Metaspace: 6297K(6464K)->6297K(6464K) NonClass: 5764K(5824K)->5764K(5824K) Class: 533K(640K)->533K(640K)
[1.282s][info][gc             ] GC(47) Pause Young (Allocation Failure) 198M->198M(245M) 13.109ms
[1.282s][info][gc,cpu         ] GC(47) User=0.00s Sys=0.00s Real=0.01s
[1.292s][info][gc,start       ] GC(48) Pause Young (Allocation Failure)
[1.309s][info][gc,heap        ] GC(48) PSYoungGen: 32992K(41472K)->32960K(39936K) Eden: 9216K(9216K)->0K(6144K) From: 23776K(32256K)->32960K(33792K)
[1.309s][info][gc,heap        ] GC(48) ParOldGen: 179795K(209408K)->179795K(209408K)
[1.310s][info][gc,metaspace   ] GC(48) Metaspace: 6297K(6464K)->6297K(6464K) NonClass: 5764K(5824K)->5764K(5824K) Class: 533K(640K)->533K(640K)
[1.310s][info][gc             ] GC(48) Pause Young (Allocation Failure) 207M->207M(243M) 17.436ms
[1.310s][info][gc,cpu         ] GC(48) User=0.05s Sys=0.02s Real=0.02s
[1.317s][info][gc,start       ] GC(49) Pause Young (Allocation Failure)
[1.335s][info][gc,heap        ] GC(49) PSYoungGen: 39104K(39936K)->35904K(44544K) Eden: 6144K(6144K)->0K(6144K) From: 32960K(33792K)->35904K(38400K)
[1.335s][info][gc,heap        ] GC(49) ParOldGen: 179795K(209408K)->183067K(209408K)
[1.335s][info][gc,metaspace   ] GC(49) Metaspace: 6297K(6464K)->6297K(6464K) NonClass: 5764K(5824K)->5764K(5824K) Class: 533K(640K)->533K(640K)
[1.335s][info][gc             ] GC(49) Pause Young (Allocation Failure) 213M->213M(248M) 18.544ms
[1.335s][info][gc,cpu         ] GC(49) User=0.06s Sys=0.00s Real=0.02s
[1.342s][info][gc,start       ] GC(50) Pause Young (Allocation Failure)
[1.362s][info][gc,heap        ] GC(50) PSYoungGen: 42048K(44544K)->30752K(48640K) Eden: 6144K(6144K)->0K(5632K) From: 35904K(38400K)->30752K(43008K)
[1.362s][info][gc,heap        ] GC(50) ParOldGen: 183067K(209408K)->194507K(209408K)
[1.362s][info][gc,metaspace   ] GC(50) Metaspace: 6297K(6464K)->6297K(6464K) NonClass: 5764K(5824K)->5764K(5824K) Class: 533K(640K)->533K(640K)
[1.362s][info][gc             ] GC(50) Pause Young (Allocation Failure) 219M->219M(252M) 19.826ms
[1.362s][info][gc,cpu         ] GC(50) User=0.06s Sys=0.00s Real=0.02s
[1.369s][info][gc,start       ] GC(51) Pause Young (Allocation Failure)
[1.387s][info][gc,heap        ] GC(51) PSYoungGen: 36384K(48640K)->17952K(24064K) Eden: 5632K(5632K)->0K(5632K) From: 30752K(43008K)->17952K(18432K)
[1.387s][info][gc,heap        ] GC(51) ParOldGen: 194507K(209408K)->213171K(213504K)
[1.387s][info][gc,metaspace   ] GC(51) Metaspace: 6297K(6464K)->6297K(6464K) NonClass: 5764K(5824K)->5764K(5824K) Class: 533K(640K)->533K(640K)
[1.387s][info][gc             ] GC(51) Pause Young (Allocation Failure) 225M->225M(232M) 18.910ms
[1.388s][info][gc,cpu         ] GC(51) User=0.06s Sys=0.00s Real=0.02s
[1.388s][info][gc,start       ] GC(52) Pause Full (Ergonomics)
[1.388s][info][gc,phases,start] GC(52) Marking Phase
[1.447s][info][gc,phases      ] GC(52) Marking Phase 59.604ms
[1.447s][info][gc,phases,start] GC(52) Summary Phase
[1.447s][info][gc,phases      ] GC(52) Summary Phase 0.022ms
[1.447s][info][gc,phases,start] GC(52) Adjust Roots
[1.447s][info][gc,phases      ] GC(52) Adjust Roots 0.149ms
[1.447s][info][gc,phases,start] GC(52) Compaction Phase
[1.480s][info][gc,phases      ] GC(52) Compaction Phase 32.974ms
[1.481s][info][gc,phases,start] GC(52) Post Compact
[1.482s][info][gc,phases      ] GC(52) Post Compact 1.119ms
[1.482s][info][gc,heap        ] GC(52) PSYoungGen: 17952K(24064K)->17318K(24064K) Eden: 0K(5632K)->0K(5632K) From: 17952K(18432K)->17318K(18432K)
[1.482s][info][gc,heap        ] GC(52) ParOldGen: 213171K(213504K)->213035K(252416K)
[1.482s][info][gc,metaspace   ] GC(52) Metaspace: 6297K(6464K)->6297K(6464K) NonClass: 5764K(5824K)->5764K(5824K) Class: 533K(640K)->533K(640K)
[1.482s][info][gc             ] GC(52) Pause Full (Ergonomics) 225M->224M(270M) 94.456ms
[1.482s][info][gc,cpu         ] GC(52) User=0.30s Sys=0.00s Real=0.10s
[1.488s][info][gc,start       ] GC(53) Pause Young (Allocation Failure)
[1.509s][info][gc,heap        ] GC(53) PSYoungGen: 22950K(24064K)->11072K(47616K) Eden: 5632K(5632K)->0K(6656K) From: 17318K(18432K)->11072K(40960K)
[1.509s][info][gc,heap        ] GC(53) ParOldGen: 213035K(252416K)->225179K(252416K)
[1.509s][info][gc,metaspace   ] GC(53) Metaspace: 6297K(6464K)->6297K(6464K) NonClass: 5764K(5824K)->5764K(5824K) Class: 533K(640K)->533K(640K)
[1.509s][info][gc             ] GC(53) Pause Young (Allocation Failure) 230M->230M(293M) 20.958ms
[1.509s][info][gc,cpu         ] GC(53) User=0.06s Sys=0.00s Real=0.02s
[1.517s][info][gc,start       ] GC(54) Pause Young (Allocation Failure)
[1.527s][info][gc,heap        ] GC(54) PSYoungGen: 17728K(47616K)->6752K(48640K) Eden: 6656K(6656K)->0K(6656K) From: 11072K(40960K)->6752K(41984K)
[1.527s][info][gc,heap        ] GC(54) ParOldGen: 225179K(252416K)->236347K(252416K)
[1.527s][info][gc,metaspace   ] GC(54) Metaspace: 6297K(6464K)->6297K(6464K) NonClass: 5764K(5824K)->5764K(5824K) Class: 533K(640K)->533K(640K)
[1.527s][info][gc             ] GC(54) Pause Young (Allocation Failure) 237M->237M(294M) 10.844ms
[1.527s][info][gc,cpu         ] GC(54) User=0.00s Sys=0.00s Real=0.01s
[1.527s][info][gc,start       ] GC(55) Pause Full (Ergonomics)
[1.527s][info][gc,phases,start] GC(55) Marking Phase
[1.589s][info][gc,phases      ] GC(55) Marking Phase 61.007ms
[1.589s][info][gc,phases,start] GC(55) Summary Phase
[1.589s][info][gc,phases      ] GC(55) Summary Phase 0.042ms
[1.589s][info][gc,phases,start] GC(55) Adjust Roots
[1.589s][info][gc,phases      ] GC(55) Adjust Roots 0.231ms
[1.589s][info][gc,phases,start] GC(55) Compaction Phase
[1.613s][info][gc,phases      ] GC(55) Compaction Phase 23.804ms
[1.613s][info][gc,phases,start] GC(55) Post Compact
[1.614s][info][gc,phases      ] GC(55) Post Compact 1.308ms
[1.614s][info][gc,heap        ] GC(55) PSYoungGen: 6752K(48640K)->0K(49664K) Eden: 0K(6656K)->0K(7680K) From: 6752K(41984K)->0K(41984K)
[1.614s][info][gc,heap        ] GC(55) ParOldGen: 236347K(252416K)->242583K(286208K)
[1.615s][info][gc,metaspace   ] GC(55) Metaspace: 6297K(6464K)->6297K(6464K) NonClass: 5764K(5824K)->5764K(5824K) Class: 533K(640K)->533K(640K)
[1.615s][info][gc             ] GC(55) Pause Full (Ergonomics) 237M->236M(328M) 87.067ms
[1.615s][info][gc,cpu         ] GC(55) User=0.42s Sys=0.03s Real=0.09s
[1.623s][info][gc,start       ] GC(56) Pause Young (Allocation Failure)
[1.628s][info][gc,heap        ] GC(56) PSYoungGen: 7680K(49664K)->7744K(49664K) Eden: 7680K(7680K)->0K(7680K) From: 0K(41984K)->7744K(41984K)
[1.628s][info][gc,heap        ] GC(56) ParOldGen: 242583K(286208K)->242583K(286208K)
[1.628s][info][gc,metaspace   ] GC(56) Metaspace: 6297K(6464K)->6297K(6464K) NonClass: 5764K(5824K)->5764K(5824K) Class: 533K(640K)->533K(640K)
[1.628s][info][gc             ] GC(56) Pause Young (Allocation Failure) 244M->244M(328M) 4.998ms
[1.628s][info][gc,cpu         ] GC(56) User=0.00s Sys=0.00s Real=0.00s
[1.637s][info][gc,start       ] GC(57) Pause Young (Allocation Failure)
[1.646s][info][gc,heap        ] GC(57) PSYoungGen: 15424K(49664K)->15424K(46080K) Eden: 7680K(7680K)->0K(8704K) From: 7744K(41984K)->15424K(37376K)
[1.646s][info][gc,heap        ] GC(57) ParOldGen: 242583K(286208K)->242583K(286208K)
[1.646s][info][gc,metaspace   ] GC(57) Metaspace: 6297K(6464K)->6297K(6464K) NonClass: 5764K(5824K)->5764K(5824K) Class: 533K(640K)->533K(640K)
[1.646s][info][gc             ] GC(57) Pause Young (Allocation Failure) 251M->251M(324M) 8.908ms
[1.646s][info][gc,cpu         ] GC(57) User=0.00s Sys=0.00s Real=0.01s
[1.656s][info][gc,start       ] GC(58) Pause Young (Allocation Failure)
[1.668s][info][gc,heap        ] GC(58) PSYoungGen: 24128K(46080K)->24128K(48128K) Eden: 8704K(8704K)->0K(8704K) From: 15424K(37376K)->24128K(39424K)
[1.668s][info][gc,heap        ] GC(58) ParOldGen: 242583K(286208K)->242583K(286208K)
[1.668s][info][gc,metaspace   ] GC(58) Metaspace: 6297K(6464K)->6297K(6464K) NonClass: 5764K(5824K)->5764K(5824K) Class: 533K(640K)->533K(640K)
[1.668s][info][gc             ] GC(58) Pause Young (Allocation Failure) 260M->260M(326M) 12.497ms
[1.668s][info][gc,cpu         ] GC(58) User=0.00s Sys=0.00s Real=0.01s
[1.678s][info][gc,start       ] GC(59) Pause Young (Allocation Failure)
[1.696s][info][gc,heap        ] GC(59) PSYoungGen: 32832K(48128K)->25152K(49152K) Eden: 8704K(8704K)->0K(9216K) From: 24128K(39424K)->25152K(39936K)
[1.696s][info][gc,heap        ] GC(59) ParOldGen: 242583K(286208K)->250359K(286208K)
[1.696s][info][gc,metaspace   ] GC(59) Metaspace: 6297K(6464K)->6297K(6464K) NonClass: 5764K(5824K)->5764K(5824K) Class: 533K(640K)->533K(640K)
[1.696s][info][gc             ] GC(59) Pause Young (Allocation Failure) 268M->269M(327M) 17.357ms
[1.696s][info][gc,cpu         ] GC(59) User=0.05s Sys=0.00s Real=0.02s
[1.706s][info][gc,start       ] GC(60) Pause Young (Allocation Failure)
[1.723s][info][gc,heap        ] GC(60) PSYoungGen: 34368K(49152K)->26720K(49664K) Eden: 9216K(9216K)->0K(9216K) From: 25152K(39936K)->26720K(40448K)
[1.723s][info][gc,heap        ] GC(60) ParOldGen: 250359K(286208K)->258151K(286208K)
[1.723s][info][gc,metaspace   ] GC(60) Metaspace: 6297K(6464K)->6297K(6464K) NonClass: 5764K(5824K)->5764K(5824K) Class: 533K(640K)->533K(640K)
[1.723s][info][gc             ] GC(60) Pause Young (Allocation Failure) 278M->278M(328M) 17.252ms
[1.723s][info][gc,cpu         ] GC(60) User=0.03s Sys=0.00s Real=0.02s
[1.734s][info][gc,start       ] GC(61) Pause Young (Allocation Failure)
[1.752s][info][gc,heap        ] GC(61) PSYoungGen: 35936K(49664K)->27200K(51712K) Eden: 9216K(9216K)->0K(10240K) From: 26720K(40448K)->27200K(41472K)
[1.752s][info][gc,heap        ] GC(61) ParOldGen: 258151K(286208K)->266983K(286208K)
[1.752s][info][gc,metaspace   ] GC(61) Metaspace: 6297K(6464K)->6297K(6464K) NonClass: 5764K(5824K)->5764K(5824K) Class: 533K(640K)->533K(640K)
[1.752s][info][gc             ] GC(61) Pause Young (Allocation Failure) 287M->287M(330M) 17.743ms
[1.752s][info][gc,cpu         ] GC(61) User=0.03s Sys=0.00s Real=0.02s
[1.764s][info][gc,start       ] GC(62) Pause Young (Allocation Failure)
[1.783s][info][gc,heap        ] GC(62) PSYoungGen: 37440K(51712K)->19520K(30208K) Eden: 10240K(10240K)->0K(10240K) From: 27200K(41472K)->19520K(19968K)
[1.783s][info][gc,heap        ] GC(62) ParOldGen: 266983K(286208K)->285127K(286208K)
[1.783s][info][gc,metaspace   ] GC(62) Metaspace: 6297K(6464K)->6297K(6464K) NonClass: 5764K(5824K)->5764K(5824K) Class: 533K(640K)->533K(640K)
[1.783s][info][gc             ] GC(62) Pause Young (Allocation Failure) 297M->297M(309M) 18.964ms
[1.783s][info][gc,cpu         ] GC(62) User=0.08s Sys=0.00s Real=0.02s
[1.783s][info][gc,start       ] GC(63) Pause Full (Ergonomics)
[1.783s][info][gc,phases,start] GC(63) Marking Phase
[1.853s][info][gc,phases      ] GC(63) Marking Phase 70.363ms
[1.853s][info][gc,phases,start] GC(63) Summary Phase
[1.853s][info][gc,phases      ] GC(63) Summary Phase 0.022ms
[1.853s][info][gc,phases,start] GC(63) Adjust Roots
[1.854s][info][gc,phases      ] GC(63) Adjust Roots 0.148ms
[1.854s][info][gc,phases,start] GC(63) Compaction Phase
[1.885s][info][gc,phases      ] GC(63) Compaction Phase 31.551ms
[1.885s][info][gc,phases,start] GC(63) Post Compact
[1.887s][info][gc,phases      ] GC(63) Post Compact 1.481ms
[1.887s][info][gc,heap        ] GC(63) PSYoungGen: 19520K(30208K)->17859K(30208K) Eden: 0K(10240K)->0K(10240K) From: 19520K(19968K)->17859K(19968K)
[1.887s][info][gc,heap        ] GC(63) ParOldGen: 285127K(286208K)->285937K(332800K)
[1.887s][info][gc,metaspace   ] GC(63) Metaspace: 6297K(6464K)->6297K(6464K) NonClass: 5764K(5824K)->5764K(5824K) Class: 533K(640K)->533K(640K)
[1.887s][info][gc             ] GC(63) Pause Full (Ergonomics) 297M->296M(354M) 104.076ms
[1.887s][info][gc,cpu         ] GC(63) User=0.52s Sys=0.02s Real=0.10s
[1.899s][info][gc,start       ] GC(64) Pause Young (Allocation Failure)
[1.925s][info][gc,heap        ] GC(64) PSYoungGen: 28099K(30208K)->10336K(50688K) Eden: 10240K(10240K)->0K(11776K) From: 17859K(19968K)->10336K(38912K)
[1.925s][info][gc,heap        ] GC(64) ParOldGen: 285937K(332800K)->304073K(332800K)
[1.925s][info][gc,metaspace   ] GC(64) Metaspace: 6297K(6464K)->6297K(6464K) NonClass: 5764K(5824K)->5764K(5824K) Class: 533K(640K)->533K(640K)
[1.925s][info][gc             ] GC(64) Pause Young (Allocation Failure) 306M->307M(374M) 25.714ms
[1.925s][info][gc,cpu         ] GC(64) User=0.11s Sys=0.03s Real=0.03s
[1.938s][info][gc,start       ] GC(65) Pause Young (Allocation Failure)
[1.951s][info][gc,heap        ] GC(65) PSYoungGen: 22112K(50688K)->11936K(51200K) Eden: 11776K(11776K)->0K(11776K) From: 10336K(38912K)->11936K(39424K)
[1.951s][info][gc,heap        ] GC(65) ParOldGen: 304073K(332800K)->314457K(332800K)
[1.951s][info][gc,metaspace   ] GC(65) Metaspace: 6297K(6464K)->6297K(6464K) NonClass: 5764K(5824K)->5764K(5824K) Class: 533K(640K)->533K(640K)
[1.951s][info][gc             ] GC(65) Pause Young (Allocation Failure) 318M->318M(375M) 12.647ms
[1.951s][info][gc,cpu         ] GC(65) User=0.00s Sys=0.00s Real=0.01s
[1.951s][info][gc,start       ] GC(66) Pause Full (Ergonomics)
[1.951s][info][gc,phases,start] GC(66) Marking Phase
[2.023s][info][gc,phases      ] GC(66) Marking Phase 71.908ms
[2.023s][info][gc,phases,start] GC(66) Summary Phase
[2.023s][info][gc,phases      ] GC(66) Summary Phase 0.022ms
[2.023s][info][gc,phases,start] GC(66) Adjust Roots
[2.023s][info][gc,phases      ] GC(66) Adjust Roots 0.197ms
[2.023s][info][gc,phases,start] GC(66) Compaction Phase
[2.054s][info][gc,phases      ] GC(66) Compaction Phase 30.881ms
[2.054s][info][gc,phases,start] GC(66) Post Compact
[2.056s][info][gc,phases      ] GC(66) Post Compact 1.601ms
[2.056s][info][gc,heap        ] GC(66) PSYoungGen: 11936K(51200K)->0K(52224K) Eden: 0K(11776K)->0K(13312K) From: 11936K(39424K)->0K(38912K)
[2.056s][info][gc,heap        ] GC(66) ParOldGen: 314457K(332800K)->325750K(377856K)
[2.056s][info][gc,metaspace   ] GC(66) Metaspace: 6297K(6464K)->6297K(6464K) NonClass: 5764K(5824K)->5764K(5824K) Class: 533K(640K)->533K(640K)
[2.056s][info][gc             ] GC(66) Pause Full (Ergonomics) 318M->318M(420M) 105.144ms
[2.056s][info][gc,cpu         ] GC(66) User=0.62s Sys=0.00s Real=0.11s
[2.072s][info][gc,start       ] GC(67) Pause Young (Allocation Failure)
[2.080s][info][gc,heap        ] GC(67) PSYoungGen: 13312K(52224K)->13440K(52224K) Eden: 13312K(13312K)->0K(13312K) From: 0K(38912K)->13440K(38912K)
[2.080s][info][gc,heap        ] GC(67) ParOldGen: 325750K(377856K)->325750K(377856K)
[2.080s][info][gc,metaspace   ] GC(67) Metaspace: 6297K(6464K)->6297K(6464K) NonClass: 5764K(5824K)->5764K(5824K) Class: 533K(640K)->533K(640K)
[2.080s][info][gc             ] GC(67) Pause Young (Allocation Failure) 331M->331M(420M) 8.513ms
[2.080s][info][gc,cpu         ] GC(67) User=0.02s Sys=0.00s Real=0.01s
[2.095s][info][gc,start       ] GC(68) Pause Young (Allocation Failure)
[2.109s][info][gc,heap        ] GC(68) PSYoungGen: 26752K(52224K)->26752K(50688K) Eden: 13312K(13312K)->0K(13312K) From: 13440K(38912K)->26752K(37376K)
[2.109s][info][gc,heap        ] GC(68) ParOldGen: 325750K(377856K)->325750K(377856K)
[2.109s][info][gc,metaspace   ] GC(68) Metaspace: 6297K(6464K)->6297K(6464K) NonClass: 5764K(5824K)->5764K(5824K) Class: 533K(640K)->533K(640K)
[2.109s][info][gc             ] GC(68) Pause Young (Allocation Failure) 344M->344M(418M) 13.947ms
[2.109s][info][gc,cpu         ] GC(68) User=0.02s Sys=0.00s Real=0.01s
[2.179s][info][gc,start       ] GC(69) Pause Young (Allocation Failure)
[2.206s][info][gc,heap        ] GC(69) PSYoungGen: 40064K(50688K)->38912K(52224K) Eden: 13312K(13312K)->0K(13312K) From: 26752K(37376K)->38912K(38912K)
[2.206s][info][gc,heap        ] GC(69) ParOldGen: 342134K(377856K)->343190K(377856K)
[2.206s][info][gc,metaspace   ] GC(69) Metaspace: 6297K(6464K)->6297K(6464K) NonClass: 5764K(5824K)->5764K(5824K) Class: 533K(640K)->533K(640K)
[2.206s][info][gc             ] GC(69) Pause Young (Allocation Failure) 373M->373M(420M) 26.553ms
[2.206s][info][gc,cpu         ] GC(69) User=0.14s Sys=0.00s Real=0.03s
[2.219s][info][gc,start       ] GC(70) Pause Young (Allocation Failure)
[2.245s][info][gc,heap        ] GC(70) PSYoungGen: 52224K(52224K)->26432K(58880K) Eden: 13312K(13312K)->0K(14848K) From: 38912K(38912K)->26432K(44032K)
[2.245s][info][gc,heap        ] GC(70) ParOldGen: 343190K(377856K)->369422K(377856K)
[2.245s][info][gc,metaspace   ] GC(70) Metaspace: 6297K(6464K)->6297K(6464K) NonClass: 5764K(5824K)->5764K(5824K) Class: 533K(640K)->533K(640K)
[2.245s][info][gc             ] GC(70) Pause Young (Allocation Failure) 386M->386M(426M) 26.287ms
[2.245s][info][gc,cpu         ] GC(70) User=0.08s Sys=0.02s Real=0.03s
[2.245s][info][gc,start       ] GC(71) Pause Full (Ergonomics)
[2.245s][info][gc,phases,start] GC(71) Marking Phase
[2.337s][info][gc,phases      ] GC(71) Marking Phase 92.117ms
[2.337s][info][gc,phases,start] GC(71) Summary Phase
[2.337s][info][gc,phases      ] GC(71) Summary Phase 0.020ms
[2.337s][info][gc,phases,start] GC(71) Adjust Roots
[2.337s][info][gc,phases      ] GC(71) Adjust Roots 0.176ms
[2.337s][info][gc,phases,start] GC(71) Compaction Phase
[2.407s][info][gc,phases      ] GC(71) Compaction Phase 69.061ms
[2.407s][info][gc,phases,start] GC(71) Post Compact
[2.409s][info][gc,phases      ] GC(71) Post Compact 1.999ms
[2.409s][info][gc,heap        ] GC(71) PSYoungGen: 26432K(58880K)->9402K(59392K) Eden: 0K(14848K)->0K(15360K) From: 26432K(44032K)->9402K(44032K)
[2.409s][info][gc,heap        ] GC(71) ParOldGen: 369422K(377856K)->377665K(437248K)
[2.409s][info][gc,metaspace   ] GC(71) Metaspace: 6297K(6464K)->6297K(6464K) NonClass: 5764K(5824K)->5764K(5824K) Class: 533K(640K)->533K(640K)
[2.409s][info][gc             ] GC(71) Pause Full (Ergonomics) 386M->377M(485M) 163.933ms
[2.409s][info][gc,cpu         ] GC(71) User=1.02s Sys=0.00s Real=0.16s
[2.426s][info][gc,start       ] GC(72) Pause Young (Allocation Failure)
[2.454s][info][gc,heap        ] GC(72) PSYoungGen: 24762K(59392K)->24896K(59904K) Eden: 15360K(15360K)->0K(15360K) From: 9402K(44032K)->24896K(44544K)
[2.454s][info][gc,heap        ] GC(72) ParOldGen: 377665K(437248K)->377665K(437248K)
[2.454s][info][gc,metaspace   ] GC(72) Metaspace: 6297K(6464K)->6297K(6464K) NonClass: 5764K(5824K)->5764K(5824K) Class: 533K(640K)->533K(640K)
[2.454s][info][gc             ] GC(72) Pause Young (Allocation Failure) 392M->393M(485M) 27.767ms
[2.454s][info][gc,cpu         ] GC(72) User=0.14s Sys=0.00s Real=0.03s
[2.470s][info][gc,start       ] GC(73) Pause Young (Allocation Failure)
[2.490s][info][gc,heap        ] GC(73) PSYoungGen: 40256K(59904K)->40256K(55808K) Eden: 15360K(15360K)->0K(12288K) From: 24896K(44544K)->40256K(43520K)
[2.490s][info][gc,heap        ] GC(73) ParOldGen: 377665K(437248K)->377665K(437248K)
[2.490s][info][gc,metaspace   ] GC(73) Metaspace: 6297K(6464K)->6297K(6464K) NonClass: 5764K(5824K)->5764K(5824K) Class: 533K(640K)->533K(640K)
[2.490s][info][gc             ] GC(73) Pause Young (Allocation Failure) 408M->408M(481M) 20.684ms
[2.490s][info][gc,cpu         ] GC(73) User=0.02s Sys=0.00s Real=0.02s
[2.504s][info][gc,start       ] GC(74) Pause Young (Allocation Failure)
[2.529s][info][gc,heap        ] GC(74) PSYoungGen: 52544K(55808K)->48128K(60416K) Eden: 12288K(12288K)->0K(12288K) From: 40256K(43520K)->48128K(48128K)
[2.529s][info][gc,heap        ] GC(74) ParOldGen: 377665K(437248K)->382049K(437248K)
[2.529s][info][gc,metaspace   ] GC(74) Metaspace: 6297K(6464K)->6297K(6464K) NonClass: 5764K(5824K)->5764K(5824K) Class: 533K(640K)->533K(640K)
[2.529s][info][gc             ] GC(74) Pause Young (Allocation Failure) 420M->420M(486M) 24.919ms
[2.529s][info][gc,cpu         ] GC(74) User=0.12s Sys=0.00s Real=0.03s
[2.542s][info][gc,start       ] GC(75) Pause Young (Allocation Failure)
[2.570s][info][gc,heap        ] GC(75) PSYoungGen: 60416K(60416K)->52288K(63488K) Eden: 12288K(12288K)->0K(7168K) From: 48128K(48128K)->52288K(56320K)
[2.571s][info][gc,heap        ] GC(75) ParOldGen: 382049K(437248K)->390401K(437248K)
[2.571s][info][gc,metaspace   ] GC(75) Metaspace: 6297K(6464K)->6297K(6464K) NonClass: 5764K(5824K)->5764K(5824K) Class: 533K(640K)->533K(640K)
[2.571s][info][gc             ] GC(75) Pause Young (Allocation Failure) 432M->432M(489M) 28.728ms
[2.571s][info][gc,cpu         ] GC(75) User=0.12s Sys=0.02s Real=0.03s
[2.579s][info][gc,start       ] GC(76) Pause Young (Allocation Failure)
[2.606s][info][gc,heap        ] GC(76) PSYoungGen: 59456K(63488K)->46048K(70144K) Eden: 7168K(7168K)->0K(7168K) From: 52288K(56320K)->46048K(62976K)
[2.606s][info][gc,heap        ] GC(76) ParOldGen: 390401K(437248K)->403977K(437248K)
[2.606s][info][gc,metaspace   ] GC(76) Metaspace: 6297K(6464K)->6297K(6464K) NonClass: 5764K(5824K)->5764K(5824K) Class: 533K(640K)->533K(640K)
[2.606s][info][gc             ] GC(76) Pause Young (Allocation Failure) 439M->439M(495M) 26.903ms
[2.606s][info][gc,cpu         ] GC(76) User=0.09s Sys=0.00s Real=0.03s
[2.613s][info][gc,start       ] GC(77) Pause Young (Allocation Failure)
[2.638s][info][gc,heap        ] GC(77) PSYoungGen: 53216K(70144K)->26720K(68096K) Eden: 7168K(7168K)->0K(8192K) From: 46048K(62976K)->26720K(59904K)
[2.638s][info][gc,heap        ] GC(77) ParOldGen: 403977K(437248K)->430825K(437248K)
[2.638s][info][gc,metaspace   ] GC(77) Metaspace: 6297K(6464K)->6297K(6464K) NonClass: 5764K(5824K)->5764K(5824K) Class: 533K(640K)->533K(640K)
[2.638s][info][gc             ] GC(77) Pause Young (Allocation Failure) 446M->446M(493M) 24.697ms
[2.638s][info][gc,cpu         ] GC(77) User=0.06s Sys=0.06s Real=0.02s
[2.638s][info][gc,start       ] GC(78) Pause Full (Ergonomics)
[2.638s][info][gc,phases,start] GC(78) Marking Phase
[2.744s][info][gc,phases      ] GC(78) Marking Phase 105.447ms
[2.744s][info][gc,phases,start] GC(78) Summary Phase
[2.744s][info][gc,phases      ] GC(78) Summary Phase 0.026ms
[2.744s][info][gc,phases,start] GC(78) Adjust Roots
[2.744s][info][gc,phases      ] GC(78) Adjust Roots 0.161ms
[2.744s][info][gc,phases,start] GC(78) Compaction Phase
[2.797s][info][gc,phases      ] GC(78) Compaction Phase 53.250ms
[2.797s][info][gc,phases,start] GC(78) Post Compact
[2.800s][info][gc,phases      ] GC(78) Post Compact 2.445ms
[2.800s][info][gc,heap        ] GC(78) PSYoungGen: 26720K(68096K)->19381K(69632K) Eden: 0K(8192K)->0K(9728K) From: 26720K(59904K)->19381K(59904K)
[2.800s][info][gc,heap        ] GC(78) ParOldGen: 430825K(437248K)->437137K(502784K)
[2.800s][info][gc,metaspace   ] GC(78) Metaspace: 6297K(6464K)->6297K(6464K) NonClass: 5764K(5824K)->5764K(5824K) Class: 533K(640K)->533K(640K)
[2.800s][info][gc             ] GC(78) Pause Full (Ergonomics) 446M->445M(559M) 162.110ms
[2.800s][info][gc,cpu         ] GC(78) User=0.91s Sys=0.02s Real=0.16s
[2.811s][info][gc,start       ] GC(79) Pause Young (Allocation Failure)
[2.845s][info][gc,heap        ] GC(79) PSYoungGen: 29109K(69632K)->14656K(72704K) Eden: 9728K(9728K)->0K(9728K) From: 19381K(59904K)->14656K(62976K)
[2.845s][info][gc,heap        ] GC(79) ParOldGen: 437137K(502784K)->451913K(502784K)
[2.845s][info][gc,metaspace   ] GC(79) Metaspace: 6297K(6464K)->6297K(6464K) NonClass: 5764K(5824K)->5764K(5824K) Class: 533K(640K)->533K(640K)
[2.845s][info][gc             ] GC(79) Pause Young (Allocation Failure) 455M->455M(562M) 33.321ms
[2.845s][info][gc,cpu         ] GC(79) User=0.14s Sys=0.00s Real=0.03s
[2.855s][info][gc,start       ] GC(80) Pause Young (Allocation Failure)
[2.869s][info][gc,heap        ] GC(80) PSYoungGen: 24384K(72704K)->19552K(70656K) Eden: 9728K(9728K)->0K(11264K) From: 14656K(62976K)->19552K(59392K)
[2.869s][info][gc,heap        ] GC(80) ParOldGen: 451913K(502784K)->456841K(502784K)
[2.869s][info][gc,metaspace   ] GC(80) Metaspace: 6297K(6464K)->6297K(6464K) NonClass: 5764K(5824K)->5764K(5824K) Class: 533K(640K)->533K(640K)
[2.869s][info][gc             ] GC(80) Pause Young (Allocation Failure) 465M->465M(560M) 14.092ms
[2.869s][info][gc,cpu         ] GC(80) User=0.02s Sys=0.00s Real=0.01s
[2.882s][info][gc,start       ] GC(81) Pause Young (Allocation Failure)
[2.900s][info][gc,heap        ] GC(81) PSYoungGen: 30816K(70656K)->11360K(72192K) Eden: 11264K(11264K)->0K(11264K) From: 19552K(59392K)->11360K(60928K)
[2.900s][info][gc,heap        ] GC(81) ParOldGen: 456841K(502784K)->476553K(502784K)
[2.900s][info][gc,metaspace   ] GC(81) Metaspace: 6297K(6464K)->6297K(6464K) NonClass: 5764K(5824K)->5764K(5824K) Class: 533K(640K)->533K(640K)
[2.900s][info][gc             ] GC(81) Pause Young (Allocation Failure) 476M->476M(561M) 17.644ms
[2.900s][info][gc,cpu         ] GC(81) User=0.11s Sys=0.00s Real=0.02s
[2.900s][info][gc,start       ] GC(82) Pause Full (Ergonomics)
[2.900s][info][gc,phases,start] GC(82) Marking Phase
[3.014s][info][gc,phases      ] GC(82) Marking Phase 114.088ms
[3.014s][info][gc,phases,start] GC(82) Summary Phase
[3.014s][info][gc,phases      ] GC(82) Summary Phase 0.024ms
[3.014s][info][gc,phases,start] GC(82) Adjust Roots
[3.014s][info][gc,phases      ] GC(82) Adjust Roots 0.156ms
[3.014s][info][gc,phases,start] GC(82) Compaction Phase
[3.059s][info][gc,phases      ] GC(82) Compaction Phase 44.731ms
[3.059s][info][gc,phases,start] GC(82) Post Compact
[3.061s][info][gc,phases      ] GC(82) Post Compact 2.345ms
[3.062s][info][gc,heap        ] GC(82) PSYoungGen: 11360K(72192K)->0K(73216K) Eden: 0K(11264K)->0K(12800K) From: 11360K(60928K)->0K(60416K)
[3.062s][info][gc,heap        ] GC(82) ParOldGen: 476553K(502784K)->487151K(557568K)
[3.062s][info][gc,metaspace   ] GC(82) Metaspace: 6297K(6464K)->6297K(6464K) NonClass: 5764K(5824K)->5764K(5824K) Class: 533K(640K)->533K(640K)
[3.062s][info][gc             ] GC(82) Pause Full (Ergonomics) 476M->475M(616M) 161.874ms
[3.062s][info][gc,cpu         ] GC(82) User=1.14s Sys=0.00s Real=0.16s
[3.076s][info][gc,start       ] GC(83) Pause Young (Allocation Failure)
[3.084s][info][gc,heap        ] GC(83) PSYoungGen: 12800K(73216K)->12896K(73216K) Eden: 12800K(12800K)->0K(12800K) From: 0K(60416K)->12896K(60416K)
[3.085s][info][gc,heap        ] GC(83) ParOldGen: 487151K(557568K)->487151K(557568K)
[3.085s][info][gc,metaspace   ] GC(83) Metaspace: 6297K(6464K)->6297K(6464K) NonClass: 5764K(5824K)->5764K(5824K) Class: 533K(640K)->533K(640K)
[3.085s][info][gc             ] GC(83) Pause Young (Allocation Failure) 488M->488M(616M) 8.599ms
[3.085s][info][gc,cpu         ] GC(83) User=0.00s Sys=0.00s Real=0.01s
[3.099s][info][gc,start       ] GC(84) Pause Young (Allocation Failure)
[3.114s][info][gc,heap        ] GC(84) PSYoungGen: 25696K(73216K)->25760K(67584K) Eden: 12800K(12800K)->0K(14336K) From: 12896K(60416K)->25760K(53248K)
[3.114s][info][gc,heap        ] GC(84) ParOldGen: 487151K(557568K)->487151K(557568K)
[3.114s][info][gc,metaspace   ] GC(84) Metaspace: 6297K(6464K)->6297K(6464K) NonClass: 5764K(5824K)->5764K(5824K) Class: 533K(640K)->533K(640K)
[3.114s][info][gc             ] GC(84) Pause Young (Allocation Failure) 500M->500M(610M) 14.553ms
[3.114s][info][gc,cpu         ] GC(84) User=0.02s Sys=0.00s Real=0.02s
[3.131s][info][gc,start       ] GC(85) Pause Young (Allocation Failure)
[3.151s][info][gc,heap        ] GC(85) PSYoungGen: 40096K(67584K)->40032K(70656K) Eden: 14336K(14336K)->0K(14336K) From: 25760K(53248K)->40032K(56320K)
[3.151s][info][gc,heap        ] GC(85) ParOldGen: 487151K(557568K)->487151K(557568K)
[3.151s][info][gc,metaspace   ] GC(85) Metaspace: 6297K(6464K)->6297K(6464K) NonClass: 5764K(5824K)->5764K(5824K) Class: 533K(640K)->533K(640K)
[3.151s][info][gc             ] GC(85) Pause Young (Allocation Failure) 514M->514M(613M) 19.988ms
[3.151s][info][gc,cpu         ] GC(85) User=0.12s Sys=0.00s Real=0.02s
[3.167s][info][gc,start       ] GC(86) Pause Young (Allocation Failure)
[3.193s][info][gc,heap        ] GC(86) PSYoungGen: 54368K(70656K)->54368K(67072K) Eden: 14336K(14336K)->0K(8704K) From: 40032K(56320K)->54368K(58368K)
[3.193s][info][gc,heap        ] GC(86) ParOldGen: 487151K(557568K)->487151K(557568K)
[3.193s][info][gc,metaspace   ] GC(86) Metaspace: 6297K(6464K)->6297K(6464K) NonClass: 5764K(5824K)->5764K(5824K) Class: 533K(640K)->533K(640K)
[3.193s][info][gc             ] GC(86) Pause Young (Allocation Failure) 528M->528M(610M) 25.940ms
[3.193s][info][gc,cpu         ] GC(86) User=0.14s Sys=0.00s Real=0.03s
[3.204s][info][gc,start       ] GC(87) Pause Young (Allocation Failure)
[3.233s][info][gc,heap        ] GC(87) PSYoungGen: 63072K(67072K)->50304K(74240K) Eden: 8704K(8704K)->0K(8704K) From: 54368K(58368K)->50304K(65536K)
[3.233s][info][gc,heap        ] GC(87) ParOldGen: 487151K(557568K)->500119K(557568K)
[3.233s][info][gc,metaspace   ] GC(87) Metaspace: 6297K(6464K)->6297K(6464K) NonClass: 5764K(5824K)->5764K(5824K) Class: 533K(640K)->533K(640K)
[3.233s][info][gc             ] GC(87) Pause Young (Allocation Failure) 537M->537M(617M) 28.969ms
[3.233s][info][gc,cpu         ] GC(87) User=0.12s Sys=0.00s Real=0.03s
[3.243s][info][gc,start       ] GC(88) Pause Young (Allocation Failure)
[3.269s][info][gc,heap        ] GC(88) PSYoungGen: 59008K(74240K)->46208K(78848K) Eden: 8704K(8704K)->0K(8704K) From: 50304K(65536K)->46208K(70144K)
[3.269s][info][gc,heap        ] GC(88) ParOldGen: 500119K(557568K)->513087K(557568K)
[3.269s][info][gc,metaspace   ] GC(88) Metaspace: 6297K(6464K)->6297K(6464K) NonClass: 5764K(5824K)->5764K(5824K) Class: 533K(640K)->533K(640K)
[3.269s][info][gc             ] GC(88) Pause Young (Allocation Failure) 546M->546M(621M) 26.592ms
[3.269s][info][gc,cpu         ] GC(88) User=0.14s Sys=0.00s Real=0.03s
[3.279s][info][gc,start       ] GC(89) Pause Young (Allocation Failure)
[3.305s][info][gc,heap        ] GC(89) PSYoungGen: 54912K(78848K)->26176K(35328K) Eden: 8704K(8704K)->0K(8704K) From: 46208K(70144K)->26176K(26624K)
[3.305s][info][gc,heap        ] GC(89) ParOldGen: 513087K(557568K)->542127K(557568K)
[3.305s][info][gc,metaspace   ] GC(89) Metaspace: 6297K(6464K)->6297K(6464K) NonClass: 5764K(5824K)->5764K(5824K) Class: 533K(640K)->533K(640K)
[3.305s][info][gc             ] GC(89) Pause Young (Allocation Failure) 554M->554M(579M) 26.232ms
[3.305s][info][gc,cpu         ] GC(89) User=0.12s Sys=0.00s Real=0.03s
[3.305s][info][gc,start       ] GC(90) Pause Full (Ergonomics)
[3.305s][info][gc,phases,start] GC(90) Marking Phase
[3.428s][info][gc,phases      ] GC(90) Marking Phase 122.749ms
[3.428s][info][gc,phases,start] GC(90) Summary Phase
[3.428s][info][gc,phases      ] GC(90) Summary Phase 0.021ms
[3.428s][info][gc,phases,start] GC(90) Adjust Roots
[3.428s][info][gc,phases      ] GC(90) Adjust Roots 0.148ms
[3.428s][info][gc,phases,start] GC(90) Compaction Phase
[3.481s][info][gc,phases      ] GC(90) Compaction Phase 52.896ms
[3.481s][info][gc,phases,start] GC(90) Post Compact
[3.483s][info][gc,phases      ] GC(90) Post Compact 1.145ms
[3.483s][info][gc,heap        ] GC(90) PSYoungGen: 26176K(35328K)->10177K(35328K) Eden: 0K(8704K)->0K(8704K) From: 26176K(26624K)->10177K(26624K)
[3.483s][info][gc,heap        ] GC(90) ParOldGen: 542127K(557568K)->557134K(634880K)
[3.483s][info][gc,metaspace   ] GC(90) Metaspace: 6297K(6464K)->6297K(6464K) NonClass: 5764K(5824K)->5764K(5824K) Class: 533K(640K)->533K(640K)
[3.483s][info][gc             ] GC(90) Pause Full (Ergonomics) 554M->554M(654M) 177.545ms
[3.483s][info][gc,cpu         ] GC(90) User=1.17s Sys=0.02s Real=0.18s
[3.493s][info][gc,start       ] GC(91) Pause Young (Allocation Failure)
[3.532s][info][gc,heap        ] GC(91) PSYoungGen: 18881K(35328K)->13376K(78848K) Eden: 8704K(8704K)->0K(10240K) From: 10177K(26624K)->13376K(68608K)
[3.532s][info][gc,heap        ] GC(91) ParOldGen: 557134K(634880K)->562902K(634880K)
[3.532s][info][gc,metaspace   ] GC(91) Metaspace: 6297K(6464K)->6297K(6464K) NonClass: 5764K(5824K)->5764K(5824K) Class: 533K(640K)->533K(640K)
[3.532s][info][gc             ] GC(91) Pause Young (Allocation Failure) 562M->562M(697M) 39.099ms
[3.532s][info][gc,cpu         ] GC(91) User=0.12s Sys=0.00s Real=0.04s
[3.544s][info][gc,start       ] GC(92) Pause Young (Allocation Failure)
[3.561s][info][gc,heap        ] GC(92) PSYoungGen: 23616K(78848K)->19072K(29696K) Eden: 10240K(10240K)->0K(10240K) From: 13376K(68608K)->19072K(19456K)
[3.561s][info][gc,heap        ] GC(92) ParOldGen: 562902K(634880K)->567518K(634880K)
[3.561s][info][gc,metaspace   ] GC(92) Metaspace: 6297K(6464K)->6297K(6464K) NonClass: 5764K(5824K)->5764K(5824K) Class: 533K(640K)->533K(640K)
[3.561s][info][gc             ] GC(92) Pause Young (Allocation Failure) 572M->572M(649M) 17.159ms
[3.561s][info][gc,cpu         ] GC(92) User=0.06s Sys=0.00s Real=0.02s
[3.573s][info][gc,start       ] GC(93) Pause Young (Allocation Failure)
[3.590s][info][gc,heap        ] GC(93) PSYoungGen: 29312K(29696K)->20608K(74240K) Eden: 10240K(10240K)->0K(11776K) From: 19072K(19456K)->20608K(62464K)
[3.590s][info][gc,heap        ] GC(93) ParOldGen: 567518K(634880K)->576350K(634880K)
[3.590s][info][gc,metaspace   ] GC(93) Metaspace: 6297K(6464K)->6297K(6464K) NonClass: 5764K(5824K)->5764K(5824K) Class: 533K(640K)->533K(640K)
[3.590s][info][gc             ] GC(93) Pause Young (Allocation Failure) 582M->582M(692M) 17.243ms
[3.590s][info][gc,cpu         ] GC(93) User=0.03s Sys=0.00s Real=0.02s
[3.604s][info][gc,start       ] GC(94) Pause Young (Allocation Failure)
[3.623s][info][gc,heap        ] GC(94) PSYoungGen: 32384K(74240K)->11904K(76288K) Eden: 11776K(11776K)->0K(11776K) From: 20608K(62464K)->11904K(64512K)
[3.623s][info][gc,heap        ] GC(94) ParOldGen: 576350K(634880K)->597086K(634880K)
[3.623s][info][gc,metaspace   ] GC(94) Metaspace: 6297K(6464K)->6297K(6464K) NonClass: 5764K(5824K)->5764K(5824K) Class: 533K(640K)->533K(640K)
[3.623s][info][gc             ] GC(94) Pause Young (Allocation Failure) 594M->594M(694M) 18.425ms
[3.623s][info][gc,cpu         ] GC(94) User=0.11s Sys=0.02s Real=0.02s
[3.637s][info][gc,start       ] GC(95) Pause Young (Allocation Failure)
[3.651s][info][gc,heap        ] GC(95) PSYoungGen: 23680K(76288K)->11904K(74752K) Eden: 11776K(11776K)->0K(13312K) From: 11904K(64512K)->11904K(61440K)
[3.652s][info][gc,heap        ] GC(95) ParOldGen: 597086K(634880K)->609030K(634880K)
[3.652s][info][gc,metaspace   ] GC(95) Metaspace: 6297K(6464K)->6297K(6464K) NonClass: 5764K(5824K)->5764K(5824K) Class: 533K(640K)->533K(640K)
[3.652s][info][gc             ] GC(95) Pause Young (Allocation Failure) 606M->606M(693M) 14.484ms
[3.652s][info][gc,cpu         ] GC(95) User=0.02s Sys=0.00s Real=0.02s
[3.652s][info][gc,start       ] GC(96) Pause Full (Ergonomics)
[3.652s][info][gc,phases,start] GC(96) Marking Phase
[3.787s][info][gc,phases      ] GC(96) Marking Phase 135.247ms
[3.787s][info][gc,phases,start] GC(96) Summary Phase
[3.787s][info][gc,phases      ] GC(96) Summary Phase 0.026ms
[3.787s][info][gc,phases,start] GC(96) Adjust Roots
[3.787s][info][gc,phases      ] GC(96) Adjust Roots 0.159ms
[3.787s][info][gc,phases,start] GC(96) Compaction Phase
[3.837s][info][gc,phases      ] GC(96) Compaction Phase 49.417ms
[3.837s][info][gc,phases,start] GC(96) Post Compact
[3.838s][info][gc,phases      ] GC(96) Post Compact 0.896ms
[3.838s][info][gc,heap        ] GC(96) PSYoungGen: 11904K(74752K)->0K(75776K) Eden: 0K(13312K)->0K(13312K) From: 11904K(61440K)->0K(62464K)
[3.838s][info][gc,heap        ] GC(96) ParOldGen: 609030K(634880K)->619887K(698368K)
[3.838s][info][gc,metaspace   ] GC(96) Metaspace: 6297K(6464K)->6297K(6464K) NonClass: 5764K(5824K)->5764K(5824K) Class: 533K(640K)->533K(640K)
[3.838s][info][gc             ] GC(96) Pause Full (Ergonomics) 606M->605M(756M) 186.235ms
[3.838s][info][gc,cpu         ] GC(96) User=1.36s Sys=0.00s Real=0.19s
[3.854s][info][gc,start       ] GC(97) Pause Young (Allocation Failure)
[3.864s][info][gc,heap        ] GC(97) PSYoungGen: 13312K(75776K)->13440K(73728K) Eden: 13312K(13312K)->0K(14848K) From: 0K(62464K)->13440K(58880K)
[3.864s][info][gc,heap        ] GC(97) ParOldGen: 619887K(698368K)->619887K(698368K)
[3.864s][info][gc,metaspace   ] GC(97) Metaspace: 6297K(6464K)->6297K(6464K) NonClass: 5764K(5824K)->5764K(5824K) Class: 533K(640K)->533K(640K)
[3.864s][info][gc             ] GC(97) Pause Young (Allocation Failure) 618M->618M(754M) 9.957ms
[3.864s][info][gc,cpu         ] GC(97) User=0.02s Sys=0.00s Real=0.01s
[3.883s][info][gc,start       ] GC(98) Pause Young (Allocation Failure)
[3.899s][info][gc,heap        ] GC(98) PSYoungGen: 28288K(73728K)->28288K(43520K) Eden: 14848K(14848K)->0K(14848K) From: 13440K(58880K)->28288K(28672K)
[3.899s][info][gc,heap        ] GC(98) ParOldGen: 619887K(698368K)->619887K(698368K)
[3.899s][info][gc,metaspace   ] GC(98) Metaspace: 6297K(6464K)->6297K(6464K) NonClass: 5764K(5824K)->5764K(5824K) Class: 533K(640K)->533K(640K)
[3.899s][info][gc             ] GC(98) Pause Young (Allocation Failure) 632M->632M(724M) 16.542ms
[3.899s][info][gc,cpu         ] GC(98) User=0.02s Sys=0.00s Real=0.02s
[3.916s][info][gc,start       ] GC(99) Pause Young (Allocation Failure)
[3.938s][info][gc,heap        ] GC(99) PSYoungGen: 43136K(43520K)->43136K(71168K) Eden: 14848K(14848K)->0K(12800K) From: 28288K(28672K)->43136K(58368K)
[3.938s][info][gc,heap        ] GC(99) ParOldGen: 619887K(698368K)->619887K(698368K)
[3.938s][info][gc,metaspace   ] GC(99) Metaspace: 6297K(6464K)->6297K(6464K) NonClass: 5764K(5824K)->5764K(5824K) Class: 533K(640K)->533K(640K)
[3.938s][info][gc             ] GC(99) Pause Young (Allocation Failure) 647M->647M(751M) 22.413ms
[3.938s][info][gc,cpu         ] GC(99) User=0.14s Sys=0.00s Real=0.02s
[3.954s][info][gc,start       ] GC(100) Pause Young (Allocation Failure)
[3.982s][info][gc,heap        ] GC(100) PSYoungGen: 55936K(71168K)->42656K(74752K) Eden: 12800K(12800K)->0K(12800K) From: 43136K(58368K)->42656K(61952K)
[3.982s][info][gc,heap        ] GC(100) ParOldGen: 619887K(698368K)->633383K(698368K)
[3.982s][info][gc,metaspace   ] GC(100) Metaspace: 6297K(6464K)->6297K(6464K) NonClass: 5764K(5824K)->5764K(5824K) Class: 533K(640K)->533K(640K)
[3.982s][info][gc             ] GC(100) Pause Young (Allocation Failure) 659M->660M(755M) 28.030ms
[3.982s][info][gc,cpu         ] GC(100) User=0.12s Sys=0.02s Real=0.03s
[3.998s][info][gc,start       ] GC(101) Pause Young (Allocation Failure)
[4.026s][info][gc,heap        ] GC(101) PSYoungGen: 55456K(74752K)->40544K(77824K) Eden: 12800K(12800K)->0K(13312K) From: 42656K(61952K)->40544K(64512K)
[4.026s][info][gc,heap        ] GC(101) ParOldGen: 633383K(698368K)->648439K(698368K)
[4.026s][info][gc,metaspace   ] GC(101) Metaspace: 6297K(6464K)->6297K(6464K) NonClass: 5764K(5824K)->5764K(5824K) Class: 533K(640K)->533K(640K)
[4.026s][info][gc             ] GC(101) Pause Young (Allocation Failure) 672M->672M(758M) 27.949ms
[4.026s][info][gc,cpu         ] GC(101) User=0.12s Sys=0.00s Real=0.03s
[4.043s][info][gc,start       ] GC(102) Pause Young (Allocation Failure)
[4.071s][info][gc,heap        ] GC(102) PSYoungGen: 53856K(77824K)->39040K(78848K) Eden: 13312K(13312K)->0K(13312K) From: 40544K(64512K)->39040K(65536K)
[4.071s][info][gc,heap        ] GC(102) ParOldGen: 648439K(698368K)->663495K(698368K)
[4.071s][info][gc,metaspace   ] GC(102) Metaspace: 6297K(6464K)->6297K(6464K) NonClass: 5764K(5824K)->5764K(5824K) Class: 533K(640K)->533K(640K)
[4.071s][info][gc             ] GC(102) Pause Young (Allocation Failure) 685M->686M(759M) 27.643ms
[4.071s][info][gc,cpu         ] GC(102) User=0.12s Sys=0.02s Real=0.03s
[4.220s][info][gc,start       ] GC(103) Pause Full (Ergonomics)
[4.220s][info][gc,phases,start] GC(103) Marking Phase
[4.396s][info][gc,phases      ] GC(103) Marking Phase 175.882ms
[4.396s][info][gc,phases,start] GC(103) Summary Phase
[4.396s][info][gc,phases      ] GC(103) Summary Phase 0.026ms
[4.396s][info][gc,phases,start] GC(103) Adjust Roots
[4.396s][info][gc,phases      ] GC(103) Adjust Roots 0.153ms
[4.396s][info][gc,phases,start] GC(103) Compaction Phase
[4.520s][info][gc,phases      ] GC(103) Compaction Phase 123.843ms
[4.520s][info][gc,phases,start] GC(103) Post Compact
[4.522s][info][gc,phases      ] GC(103) Post Compact 1.470ms
[4.522s][info][gc,heap        ] GC(103) PSYoungGen: 52352K(78848K)->33198K(78848K) Eden: 13312K(13312K)->0K(13312K) From: 39040K(65536K)->33198K(65536K)
[4.522s][info][gc,heap        ] GC(103) ParOldGen: 696263K(698368K)->698084K(780288K)
[4.522s][info][gc,metaspace   ] GC(103) Metaspace: 6297K(6464K)->6297K(6464K) NonClass: 5764K(5824K)->5764K(5824K) Class: 533K(640K)->533K(640K)
[4.522s][info][gc             ] GC(103) Pause Full (Ergonomics) 731M->714M(839M) 302.038ms
[4.522s][info][gc,cpu         ] GC(103) User=1.84s Sys=0.02s Real=0.30s
[4.538s][info][gc,start       ] GC(104) Pause Young (Allocation Failure)
[4.586s][info][gc,heap        ] GC(104) PSYoungGen: 46510K(78848K)->24576K(74752K) Eden: 13312K(13312K)->0K(14848K) From: 33198K(65536K)->24576K(59904K)
[4.587s][info][gc,heap        ] GC(104) ParOldGen: 698084K(780288K)->720484K(780288K)
[4.587s][info][gc,metaspace   ] GC(104) Metaspace: 6297K(6464K)->6297K(6464K) NonClass: 5764K(5824K)->5764K(5824K) Class: 533K(640K)->533K(640K)
[4.587s][info][gc             ] GC(104) Pause Young (Allocation Failure) 727M->727M(835M) 48.368ms
[4.587s][info][gc,cpu         ] GC(104) User=0.28s Sys=0.00s Real=0.05s
[4.602s][info][gc,start       ] GC(105) Pause Young (Allocation Failure)
[4.624s][info][gc,heap        ] GC(105) PSYoungGen: 39424K(74752K)->28256K(43520K) Eden: 14848K(14848K)->0K(14848K) From: 24576K(59904K)->28256K(28672K)
[4.624s][info][gc,heap        ] GC(105) ParOldGen: 720484K(780288K)->731812K(780288K)
[4.624s][info][gc,metaspace   ] GC(105) Metaspace: 6297K(6464K)->6297K(6464K) NonClass: 5764K(5824K)->5764K(5824K) Class: 533K(640K)->533K(640K)
[4.624s][info][gc             ] GC(105) Pause Young (Allocation Failure) 742M->742M(804M) 22.088ms
[4.624s][info][gc,cpu         ] GC(105) User=0.05s Sys=0.00s Real=0.02s
[4.641s][info][gc,start       ] GC(106) Pause Young (Allocation Failure)
[4.663s][info][gc,heap        ] GC(106) PSYoungGen: 43104K(43520K)->29792K(71168K) Eden: 14848K(14848K)->0K(16896K) From: 28256K(28672K)->29792K(54272K)
[4.663s][info][gc,heap        ] GC(106) ParOldGen: 731812K(780288K)->745292K(780288K)
[4.663s][info][gc,metaspace   ] GC(106) Metaspace: 6297K(6464K)->6297K(6464K) NonClass: 5764K(5824K)->5764K(5824K) Class: 533K(640K)->533K(640K)
[4.663s][info][gc             ] GC(106) Pause Young (Allocation Failure) 756M->756M(831M) 22.005ms
[4.663s][info][gc,cpu         ] GC(106) User=0.05s Sys=0.00s Real=0.02s
[4.680s][info][gc,start       ] GC(107) Pause Young (Allocation Failure)
[4.704s][info][gc,heap        ] GC(107) PSYoungGen: 46688K(71168K)->31904K(73728K) Eden: 16896K(16896K)->0K(16896K) From: 29792K(54272K)->31904K(56832K)
[4.704s][info][gc,heap        ] GC(107) ParOldGen: 745292K(780288K)->760348K(780288K)
[4.704s][info][gc,metaspace   ] GC(107) Metaspace: 6297K(6464K)->6297K(6464K) NonClass: 5764K(5824K)->5764K(5824K) Class: 533K(640K)->533K(640K)
[4.704s][info][gc             ] GC(107) Pause Young (Allocation Failure) 773M->773M(834M) 24.269ms
[4.704s][info][gc,cpu         ] GC(107) User=0.12s Sys=0.00s Real=0.02s
[4.705s][info][gc,start       ] GC(108) Pause Full (Ergonomics)
[4.705s][info][gc,phases,start] GC(108) Marking Phase
[4.888s][info][gc,phases      ] GC(108) Marking Phase 183.022ms
[4.888s][info][gc,phases,start] GC(108) Summary Phase
[4.888s][info][gc,phases      ] GC(108) Summary Phase 0.040ms
[4.888s][info][gc,phases,start] GC(108) Adjust Roots
[4.888s][info][gc,phases      ] GC(108) Adjust Roots 0.331ms
[4.888s][info][gc,phases,start] GC(108) Compaction Phase
[4.966s][info][gc,phases      ] GC(108) Compaction Phase 77.766ms
[4.966s][info][gc,phases,start] GC(108) Post Compact
[4.967s][info][gc,phases      ] GC(108) Post Compact 1.472ms
[4.968s][info][gc,heap        ] GC(108) PSYoungGen: 31904K(73728K)->11247K(73728K) Eden: 0K(16896K)->0K(16896K) From: 31904K(56832K)->11247K(56832K)
[4.968s][info][gc,heap        ] GC(108) ParOldGen: 760348K(780288K)->779817K(868352K)
[4.968s][info][gc,metaspace   ] GC(108) Metaspace: 6297K(6464K)->6297K(6464K) NonClass: 5764K(5824K)->5764K(5824K) Class: 533K(640K)->533K(640K)
[4.968s][info][gc             ] GC(108) Pause Full (Ergonomics) 773M->772M(920M) 263.502ms
[4.968s][info][gc,cpu         ] GC(108) User=1.77s Sys=0.00s Real=0.26s
[4.985s][info][gc,start       ] GC(109) Pause Young (Allocation Failure)
[5.030s][info][gc,heap        ] GC(109) PSYoungGen: 28143K(73728K)->24384K(71168K) Eden: 16896K(16896K)->0K(18944K) From: 11247K(56832K)->24384K(52224K)
[5.030s][info][gc,heap        ] GC(109) ParOldGen: 779817K(868352K)->783833K(868352K)
[5.030s][info][gc,metaspace   ] GC(109) Metaspace: 6297K(6464K)->6297K(6464K) NonClass: 5764K(5824K)->5764K(5824K) Class: 533K(640K)->533K(640K)
[5.030s][info][gc             ] GC(109) Pause Young (Allocation Failure) 789M->789M(917M) 44.963ms
[5.030s][info][gc,cpu         ] GC(109) User=0.25s Sys=0.00s Real=0.04s
[5.050s][info][gc,start       ] GC(110) Pause Young (Allocation Failure)
[5.073s][info][gc,heap        ] GC(110) PSYoungGen: 43328K(71168K)->43296K(72704K) Eden: 18944K(18944K)->0K(18944K) From: 24384K(52224K)->43296K(53760K)
[5.073s][info][gc,heap        ] GC(110) ParOldGen: 783833K(868352K)->783833K(868352K)
[5.073s][info][gc,metaspace   ] GC(110) Metaspace: 6297K(6464K)->6297K(6464K) NonClass: 5764K(5824K)->5764K(5824K) Class: 533K(640K)->533K(640K)
[5.073s][info][gc             ] GC(110) Pause Young (Allocation Failure) 807M->807M(919M) 23.077ms
[5.073s][info][gc,cpu         ] GC(110) User=0.12s Sys=0.00s Real=0.02s
[5.093s][info][gc,start       ] GC(111) Pause Young (Allocation Failure)
[5.124s][info][gc,heap        ] GC(111) PSYoungGen: 62240K(72704K)->56320K(68096K) Eden: 18944K(18944K)->0K(11776K) From: 43296K(53760K)->56320K(56320K)
[5.124s][info][gc,heap        ] GC(111) ParOldGen: 783833K(868352K)->789745K(868352K)
[5.124s][info][gc,metaspace   ] GC(111) Metaspace: 6297K(6464K)->6297K(6464K) NonClass: 5764K(5824K)->5764K(5824K) Class: 533K(640K)->533K(640K)
[5.124s][info][gc             ] GC(111) Pause Young (Allocation Failure) 826M->826M(914M) 31.551ms
[5.124s][info][gc,cpu         ] GC(111) User=0.12s Sys=0.02s Real=0.03s
[5.138s][info][gc,start       ] GC(112) Pause Young (Allocation Failure)
[5.170s][info][gc,heap        ] GC(112) PSYoungGen: 68096K(68096K)->47968K(77312K) Eden: 11776K(11776K)->0K(11776K) From: 56320K(56320K)->47968K(65536K)
[5.170s][info][gc,heap        ] GC(112) ParOldGen: 789745K(868352K)->810257K(868352K)
[5.170s][info][gc,metaspace   ] GC(112) Metaspace: 6297K(6464K)->6297K(6464K) NonClass: 5764K(5824K)->5764K(5824K) Class: 533K(640K)->533K(640K)
[5.170s][info][gc             ] GC(112) Pause Young (Allocation Failure) 837M->838M(923M) 32.175ms
[5.170s][info][gc,cpu         ] GC(112) User=0.14s Sys=0.00s Real=0.03s
[5.182s][info][gc,start       ] GC(113) Pause Young (Allocation Failure)
[5.212s][info][gc,heap        ] GC(113) PSYoungGen: 59744K(77312K)->40960K(78848K) Eden: 11776K(11776K)->0K(13312K) From: 47968K(65536K)->40960K(65536K)
[5.212s][info][gc,heap        ] GC(113) ParOldGen: 810257K(868352K)->829281K(868352K)
[5.212s][info][gc,metaspace   ] GC(113) Metaspace: 6297K(6464K)->6297K(6464K) NonClass: 5764K(5824K)->5764K(5824K) Class: 533K(640K)->533K(640K)
[5.212s][info][gc             ] GC(113) Pause Young (Allocation Failure) 849M->849M(925M) 29.928ms
[5.212s][info][gc,cpu         ] GC(113) User=0.09s Sys=0.05s Real=0.03s
[5.227s][info][gc,start       ] GC(114) Pause Young (Allocation Failure)
[5.258s][info][gc,heap        ] GC(114) PSYoungGen: 54272K(78848K)->25184K(79872K) Eden: 13312K(13312K)->0K(13312K) From: 40960K(65536K)->25184K(66560K)
[5.259s][info][gc,heap        ] GC(114) ParOldGen: 829281K(868352K)->858697K(868352K)
[5.259s][info][gc,metaspace   ] GC(114) Metaspace: 6297K(6464K)->6297K(6464K) NonClass: 5764K(5824K)->5764K(5824K) Class: 533K(640K)->533K(640K)
[5.259s][info][gc             ] GC(114) Pause Young (Allocation Failure) 862M->863M(926M) 31.481ms
[5.259s][info][gc,cpu         ] GC(114) User=0.03s Sys=0.02s Real=0.03s
[5.259s][info][gc,start       ] GC(115) Pause Full (Ergonomics)
[5.259s][info][gc,phases,start] GC(115) Marking Phase
[5.443s][info][gc,phases      ] GC(115) Marking Phase 184.829ms
[5.444s][info][gc,phases,start] GC(115) Summary Phase
[5.444s][info][gc,phases      ] GC(115) Summary Phase 0.029ms
[5.444s][info][gc,phases,start] GC(115) Adjust Roots
[5.444s][info][gc,phases      ] GC(115) Adjust Roots 0.157ms
[5.444s][info][gc,phases,start] GC(115) Compaction Phase
[5.535s][info][gc,phases      ] GC(115) Compaction Phase 91.602ms
[5.535s][info][gc,phases,start] GC(115) Post Compact
[5.537s][info][gc,phases      ] GC(115) Post Compact 1.513ms
[5.537s][info][gc,heap        ] GC(115) PSYoungGen: 25184K(79872K)->14288K(79872K) Eden: 0K(13312K)->0K(13312K) From: 25184K(66560K)->14288K(66560K)
[5.537s][info][gc,heap        ] GC(115) ParOldGen: 858697K(868352K)->868237K(969728K)
[5.537s][info][gc,metaspace   ] GC(115) Metaspace: 6297K(6464K)->6297K(6464K) NonClass: 5764K(5824K)->5764K(5824K) Class: 533K(640K)->533K(640K)
[5.537s][info][gc             ] GC(115) Pause Full (Ergonomics) 863M->861M(1025M) 278.808ms
[5.537s][info][gc,cpu         ] GC(115) User=1.88s Sys=0.02s Real=0.28s
[5.552s][info][gc,start       ] GC(116) Pause Young (Allocation Failure)
[5.601s][info][gc,heap        ] GC(116) PSYoungGen: 27600K(79872K)->13440K(80384K) Eden: 13312K(13312K)->0K(14848K) From: 14288K(66560K)->13440K(65536K)
[5.601s][info][gc,heap        ] GC(116) ParOldGen: 868237K(969728K)->882733K(969728K)
[5.601s][info][gc,metaspace   ] GC(116) Metaspace: 6297K(6464K)->6297K(6464K) NonClass: 5764K(5824K)->5764K(5824K) Class: 533K(640K)->533K(640K)
[5.601s][info][gc             ] GC(116) Pause Young (Allocation Failure) 874M->875M(1025M) 49.641ms
[5.601s][info][gc,cpu         ] GC(116) User=0.27s Sys=0.00s Real=0.05s
[5.618s][info][gc,start       ] GC(117) Pause Young (Allocation Failure)
[5.636s][info][gc,heap        ] GC(117) PSYoungGen: 28288K(80384K)->15008K(80896K) Eden: 14848K(14848K)->0K(14848K) From: 13440K(65536K)->15008K(66048K)
[5.636s][info][gc,heap        ] GC(117) ParOldGen: 882733K(969728K)->896213K(969728K)
[5.636s][info][gc,metaspace   ] GC(117) Metaspace: 6297K(6464K)->6297K(6464K) NonClass: 5764K(5824K)->5764K(5824K) Class: 533K(640K)->533K(640K)
[5.636s][info][gc             ] GC(117) Pause Young (Allocation Failure) 889M->889M(1026M) 18.055ms
[5.636s][info][gc,cpu         ] GC(117) User=0.03s Sys=0.00s Real=0.02s
[5.652s][info][gc,start       ] GC(118) Pause Young (Allocation Failure)
[5.671s][info][gc,heap        ] GC(118) PSYoungGen: 29856K(80896K)->14944K(81920K) Eden: 14848K(14848K)->0K(16896K) From: 15008K(66048K)->14944K(65024K)
[5.671s][info][gc,heap        ] GC(118) ParOldGen: 896213K(969728K)->911269K(969728K)
[5.671s][info][gc,metaspace   ] GC(118) Metaspace: 6297K(6464K)->6297K(6464K) NonClass: 5764K(5824K)->5764K(5824K) Class: 533K(640K)->533K(640K)
[5.671s][info][gc             ] GC(118) Pause Young (Allocation Failure) 904M->904M(1027M) 18.617ms
[5.671s][info][gc,cpu         ] GC(118) User=0.03s Sys=0.00s Real=0.02s
[5.689s][info][gc,start       ] GC(119) Pause Young (Allocation Failure)
[5.708s][info][gc,heap        ] GC(119) PSYoungGen: 31840K(81920K)->17024K(81920K) Eden: 16896K(16896K)->0K(16896K) From: 14944K(65024K)->17024K(65024K)
[5.708s][info][gc,heap        ] GC(119) ParOldGen: 911269K(969728K)->926325K(969728K)
[5.709s][info][gc,metaspace   ] GC(119) Metaspace: 6297K(6464K)->6297K(6464K) NonClass: 5764K(5824K)->5764K(5824K) Class: 533K(640K)->533K(640K)
[5.709s][info][gc             ] GC(119) Pause Young (Allocation Failure) 921M->921M(1027M) 19.353ms
[5.709s][info][gc,cpu         ] GC(119) User=0.05s Sys=0.00s Real=0.02s
[5.727s][info][gc,start       ] GC(120) Pause Young (Allocation Failure)
[5.748s][info][gc,heap        ] GC(120) PSYoungGen: 33920K(81920K)->17088K(79360K) Eden: 16896K(16896K)->0K(18944K) From: 17024K(65024K)->17088K(60416K)
[5.748s][info][gc,heap        ] GC(120) ParOldGen: 926325K(969728K)->943453K(969728K)
[5.748s][info][gc,metaspace   ] GC(120) Metaspace: 6297K(6464K)->6297K(6464K) NonClass: 5764K(5824K)->5764K(5824K) Class: 533K(640K)->533K(640K)
[5.748s][info][gc             ] GC(120) Pause Young (Allocation Failure) 937M->938M(1024M) 21.023ms
[5.748s][info][gc,cpu         ] GC(120) User=0.12s Sys=0.02s Real=0.02s
[5.748s][info][gc,start       ] GC(121) Pause Full (Ergonomics)
[5.748s][info][gc,phases,start] GC(121) Marking Phase
[5.968s][info][gc,phases      ] GC(121) Marking Phase 219.979ms
[5.968s][info][gc,phases,start] GC(121) Summary Phase
[5.968s][info][gc,phases      ] GC(121) Summary Phase 0.047ms
[5.968s][info][gc,phases,start] GC(121) Adjust Roots
[5.969s][info][gc,phases      ] GC(121) Adjust Roots 0.240ms
[5.969s][info][gc,phases,start] GC(121) Compaction Phase
[6.056s][info][gc,phases      ] GC(121) Compaction Phase 87.710ms
[6.057s][info][gc,phases,start] GC(121) Post Compact
[6.058s][info][gc,phases      ] GC(121) Post Compact 1.705ms
[6.059s][info][gc,heap        ] GC(121) PSYoungGen: 17088K(79360K)->0K(80896K) Eden: 0K(18944K)->0K(18944K) From: 17088K(60416K)->0K(61952K)
[6.059s][info][gc,heap        ] GC(121) ParOldGen: 943453K(969728K)->959158K(1062400K)
[6.059s][info][gc,metaspace   ] GC(121) Metaspace: 6297K(6464K)->6297K(6464K) NonClass: 5764K(5824K)->5764K(5824K) Class: 533K(640K)->533K(640K)
[6.059s][info][gc             ] GC(121) Pause Full (Ergonomics) 938M->936M(1116M) 310.468ms
[6.059s][info][gc,cpu         ] GC(121) User=2.14s Sys=0.02s Real=0.31s
[6.083s][info][gc,start       ] GC(122) Pause Young (Allocation Failure)
[6.099s][info][gc,heap        ] GC(122) PSYoungGen: 18944K(80896K)->19104K(77312K) Eden: 18944K(18944K)->0K(20992K) From: 0K(61952K)->19104K(56320K)
[6.099s][info][gc,heap        ] GC(122) ParOldGen: 959158K(1062400K)->959158K(1062400K)
[6.099s][info][gc,metaspace   ] GC(122) Metaspace: 6297K(6464K)->6297K(6464K) NonClass: 5764K(5824K)->5764K(5824K) Class: 533K(640K)->533K(640K)
[6.099s][info][gc             ] GC(122) Pause Young (Allocation Failure) 955M->955M(1113M) 15.684ms
[6.099s][info][gc,cpu         ] GC(122) User=0.00s Sys=0.00s Real=0.02s
[6.122s][info][gc,start       ] GC(123) Pause Young (Allocation Failure)
[6.144s][info][gc,heap        ] GC(123) PSYoungGen: 40096K(77312K)->40032K(80384K) Eden: 20992K(20992K)->0K(20992K) From: 19104K(56320K)->40032K(59392K)
[6.144s][info][gc,heap        ] GC(123) ParOldGen: 959158K(1062400K)->959158K(1062400K)
[6.144s][info][gc,metaspace   ] GC(123) Metaspace: 6297K(6464K)->6297K(6464K) NonClass: 5764K(5824K)->5764K(5824K) Class: 533K(640K)->533K(640K)
[6.144s][info][gc             ] GC(123) Pause Young (Allocation Failure) 975M->975M(1116M) 21.144ms
[6.144s][info][gc,cpu         ] GC(123) User=0.12s Sys=0.00s Real=0.02s
[6.167s][info][gc,start       ] GC(124) Pause Young (Allocation Failure)
[6.198s][info][gc,heap        ] GC(124) PSYoungGen: 61024K(80384K)->61056K(75264K) Eden: 20992K(20992K)->0K(13824K) From: 40032K(59392K)->61056K(61440K)
[6.198s][info][gc,heap        ] GC(124) ParOldGen: 959158K(1062400K)->959158K(1062400K)
[6.198s][info][gc,metaspace   ] GC(124) Metaspace: 6297K(6464K)->6297K(6464K) NonClass: 5764K(5824K)->5764K(5824K) Class: 533K(640K)->533K(640K)
[6.198s][info][gc             ] GC(124) Pause Young (Allocation Failure) 996M->996M(1111M) 30.761ms
[6.198s][info][gc,cpu         ] GC(124) User=0.14s Sys=0.00s Real=0.03s
[6.213s][info][gc,start       ] GC(125) Pause Young (Allocation Failure)
[6.249s][info][gc,heap        ] GC(125) PSYoungGen: 74880K(75264K)->70656K(84480K) Eden: 13824K(13824K)->0K(13824K) From: 61056K(61440K)->70656K(70656K)
[6.249s][info][gc,heap        ] GC(125) ParOldGen: 959158K(1062400K)->963366K(1062400K)
[6.249s][info][gc,metaspace   ] GC(125) Metaspace: 6297K(6464K)->6297K(6464K) NonClass: 5764K(5824K)->5764K(5824K) Class: 533K(640K)->533K(640K)
[6.249s][info][gc             ] GC(125) Pause Young (Allocation Failure) 1009M->1009M(1120M) 35.640ms
[6.249s][info][gc,cpu         ] GC(125) User=0.20s Sys=0.05s Real=0.04s
[6.264s][info][gc,start       ] GC(126) Pause Young (Allocation Failure)
[6.304s][info][gc,heap        ] GC(126) PSYoungGen: 84480K(84480K)->47296K(97792K) Eden: 13824K(13824K)->0K(15872K) From: 70656K(70656K)->47296K(81920K)
[6.304s][info][gc,heap        ] GC(126) ParOldGen: 963366K(1062400K)->1001150K(1062400K)
[6.304s][info][gc,metaspace   ] GC(126) Metaspace: 6297K(6464K)->6297K(6464K) NonClass: 5764K(5824K)->5764K(5824K) Class: 533K(640K)->533K(640K)
[6.304s][info][gc             ] GC(126) Pause Young (Allocation Failure) 1023M->1023M(1133M) 39.532ms
[6.304s][info][gc,cpu         ] GC(126) User=0.25s Sys=0.00s Real=0.04s
[6.321s][info][gc,start       ] GC(127) Pause Young (Allocation Failure)
[6.352s][info][gc,heap        ] GC(127) PSYoungGen: 63168K(97792K)->43360K(98304K) Eden: 15872K(15872K)->0K(15872K) From: 47296K(81920K)->43360K(82432K)
[6.352s][info][gc,heap        ] GC(127) ParOldGen: 1001150K(1062400K)->1021198K(1062400K)
[6.352s][info][gc,metaspace   ] GC(127) Metaspace: 6297K(6464K)->6297K(6464K) NonClass: 5764K(5824K)->5764K(5824K) Class: 533K(640K)->533K(640K)
[6.352s][info][gc             ] GC(127) Pause Young (Allocation Failure) 1039M->1039M(1133M) 31.265ms
[6.352s][info][gc,cpu         ] GC(127) User=0.14s Sys=0.00s Real=0.03s
[6.370s][info][gc,start       ] GC(128) Pause Young (Allocation Failure)
[6.400s][info][gc,heap        ] GC(128) PSYoungGen: 59232K(98304K)->31872K(92672K) Eden: 15872K(15872K)->0K(18432K) From: 43360K(82432K)->31872K(74240K)
[6.400s][info][gc,heap        ] GC(128) ParOldGen: 1021198K(1062400K)->1048910K(1062400K)
[6.401s][info][gc,metaspace   ] GC(128) Metaspace: 6297K(6464K)->6297K(6464K) NonClass: 5764K(5824K)->5764K(5824K) Class: 533K(640K)->533K(640K)
[6.401s][info][gc             ] GC(128) Pause Young (Allocation Failure) 1055M->1055M(1128M) 30.434ms
[6.401s][info][gc,cpu         ] GC(128) User=0.14s Sys=0.00s Real=0.03s
[6.401s][info][gc,start       ] GC(129) Pause Full (Ergonomics)
[6.401s][info][gc,phases,start] GC(129) Marking Phase
[6.632s][info][gc,phases      ] GC(129) Marking Phase 231.402ms
[6.632s][info][gc,phases,start] GC(129) Summary Phase
[6.632s][info][gc,phases      ] GC(129) Summary Phase 0.025ms
[6.632s][info][gc,phases,start] GC(129) Adjust Roots
[6.632s][info][gc,phases      ] GC(129) Adjust Roots 0.162ms
[6.632s][info][gc,phases,start] GC(129) Compaction Phase
[6.727s][info][gc,phases      ] GC(129) Compaction Phase 94.980ms
[6.727s][info][gc,phases,start] GC(129) Post Compact
[6.729s][info][gc,phases      ] GC(129) Post Compact 1.722ms
[6.730s][info][gc,heap        ] GC(129) PSYoungGen: 31872K(92672K)->16861K(95232K) Eden: 0K(18432K)->0K(20992K) From: 31872K(74240K)->16861K(74240K)
[6.730s][info][gc,heap        ] GC(129) ParOldGen: 1048910K(1062400K)->1062390K(1182720K)
[6.730s][info][gc,metaspace   ] GC(129) Metaspace: 6297K(6464K)->6297K(6464K) NonClass: 5764K(5824K)->5764K(5824K) Class: 533K(640K)->533K(640K)
[6.730s][info][gc             ] GC(129) Pause Full (Ergonomics) 1055M->1053M(1248M) 329.165ms
[6.730s][info][gc,cpu         ] GC(129) User=2.47s Sys=0.00s Real=0.33s
[6.756s][info][gc,start       ] GC(130) Pause Young (Allocation Failure)
[6.821s][info][gc,heap        ] GC(130) PSYoungGen: 37853K(95232K)->21120K(98304K) Eden: 20992K(20992K)->0K(20992K) From: 16861K(74240K)->21120K(77312K)
[6.821s][info][gc,heap        ] GC(130) ParOldGen: 1062390K(1182720K)->1079478K(1182720K)
[6.821s][info][gc,metaspace   ] GC(130) Metaspace: 6297K(6464K)->6297K(6464K) NonClass: 5764K(5824K)->5764K(5824K) Class: 533K(640K)->533K(640K)
[6.821s][info][gc             ] GC(130) Pause Young (Allocation Failure) 1074M->1074M(1251M) 65.783ms
[6.821s][info][gc,cpu         ] GC(130) User=0.39s Sys=0.00s Real=0.07s
[6.846s][info][gc,start       ] GC(131) Pause Young (Allocation Failure)
[6.871s][info][gc,heap        ] GC(131) PSYoungGen: 42112K(98304K)->21120K(96256K) Eden: 20992K(20992K)->0K(23552K) From: 21120K(77312K)->21120K(72704K)
[6.871s][info][gc,heap        ] GC(131) ParOldGen: 1079478K(1182720K)->1100766K(1182720K)
[6.871s][info][gc,metaspace   ] GC(131) Metaspace: 6297K(6464K)->6297K(6464K) NonClass: 5764K(5824K)->5764K(5824K) Class: 533K(640K)->533K(640K)
[6.871s][info][gc             ] GC(131) Pause Young (Allocation Failure) 1095M->1095M(1249M) 25.147ms
[6.871s][info][gc,cpu         ] GC(131) User=0.12s Sys=0.00s Real=0.03s
[6.897s][info][gc,start       ] GC(132) Pause Young (Allocation Failure)
[6.922s][info][gc,heap        ] GC(132) PSYoungGen: 44672K(96256K)->23744K(97792K) Eden: 23552K(23552K)->0K(23552K) From: 21120K(72704K)->23744K(74240K)
[6.922s][info][gc,heap        ] GC(132) ParOldGen: 1100766K(1182720K)->1122046K(1182720K)
[6.922s][info][gc,metaspace   ] GC(132) Metaspace: 6297K(6464K)->6297K(6464K) NonClass: 5764K(5824K)->5764K(5824K) Class: 533K(640K)->533K(640K)
[6.922s][info][gc             ] GC(132) Pause Young (Allocation Failure) 1118M->1118M(1250M) 25.664ms
[6.922s][info][gc,cpu         ] GC(132) User=0.12s Sys=0.02s Real=0.03s
[6.951s][info][gc,start       ] GC(133) Pause Young (Allocation Failure)
[6.978s][info][gc,heap        ] GC(133) PSYoungGen: 47296K(97792K)->23744K(92672K) Eden: 23552K(23552K)->0K(26112K) From: 23744K(74240K)->23744K(66560K)
[6.978s][info][gc,heap        ] GC(133) ParOldGen: 1122046K(1182720K)->1145918K(1182720K)
[6.979s][info][gc,metaspace   ] GC(133) Metaspace: 6297K(6464K)->6297K(6464K) NonClass: 5764K(5824K)->5764K(5824K) Class: 533K(640K)->533K(640K)
[6.979s][info][gc             ] GC(133) Pause Young (Allocation Failure) 1141M->1142M(1245M) 27.505ms
[6.979s][info][gc,cpu         ] GC(133) User=0.11s Sys=0.02s Real=0.03s
[6.979s][info][gc,start       ] GC(134) Pause Full (Ergonomics)
[6.979s][info][gc,phases,start] GC(134) Marking Phase
[7.256s][info][gc,phases      ] GC(134) Marking Phase 277.363ms
[7.256s][info][gc,phases,start] GC(134) Summary Phase
[7.256s][info][gc,phases      ] GC(134) Summary Phase 0.048ms
[7.256s][info][gc,phases,start] GC(134) Adjust Roots
[7.256s][info][gc,phases      ] GC(134) Adjust Roots 0.188ms
[7.256s][info][gc,phases,start] GC(134) Compaction Phase
[7.356s][info][gc,phases      ] GC(134) Compaction Phase 99.696ms
[7.356s][info][gc,phases,start] GC(134) Post Compact
[7.358s][info][gc,phases      ] GC(134) Post Compact 1.851ms
[7.358s][info][gc,heap        ] GC(134) PSYoungGen: 23744K(92672K)->0K(95232K) Eden: 0K(26112K)->0K(26112K) From: 23744K(66560K)->0K(69120K)
[7.358s][info][gc,heap        ] GC(134) ParOldGen: 1145918K(1182720K)->1168217K(1297920K)
[7.358s][info][gc,metaspace   ] GC(134) Metaspace: 6297K(6464K)->6297K(6464K) NonClass: 5764K(5824K)->5764K(5824K) Class: 533K(640K)->533K(640K)
[7.358s][info][gc             ] GC(134) Pause Full (Ergonomics) 1142M->1140M(1360M) 379.867ms
[7.358s][info][gc,cpu         ] GC(134) User=2.86s Sys=0.00s Real=0.38s
[7.392s][info][gc,start       ] GC(135) Pause Young (Allocation Failure)
[7.410s][info][gc,heap        ] GC(135) PSYoungGen: 26112K(95232K)->26240K(92160K) Eden: 26112K(26112K)->0K(28672K) From: 0K(69120K)->26240K(63488K)
[7.410s][info][gc,heap        ] GC(135) ParOldGen: 1168217K(1297920K)->1168217K(1297920K)
[7.410s][info][gc,metaspace   ] GC(135) Metaspace: 6297K(6464K)->6297K(6464K) NonClass: 5764K(5824K)->5764K(5824K) Class: 533K(640K)->533K(640K)
[7.410s][info][gc             ] GC(135) Pause Young (Allocation Failure) 1166M->1166M(1357M) 18.267ms
[7.410s][info][gc,cpu         ] GC(135) User=0.03s Sys=0.00s Real=0.02s
[7.444s][info][gc,start       ] GC(136) Pause Young (Allocation Failure)
[7.476s][info][gc,heap        ] GC(136) PSYoungGen: 54912K(92160K)->54976K(95232K) Eden: 28672K(28672K)->0K(28672K) From: 26240K(63488K)->54976K(66560K)
[7.476s][info][gc,heap        ] GC(136) ParOldGen: 1168217K(1297920K)->1168217K(1297920K)
[7.476s][info][gc,metaspace   ] GC(136) Metaspace: 6297K(6464K)->6297K(6464K) NonClass: 5764K(5824K)->5764K(5824K) Class: 533K(640K)->533K(640K)
[7.476s][info][gc             ] GC(136) Pause Young (Allocation Failure) 1194M->1194M(1360M) 31.390ms
[7.476s][info][gc,cpu         ] GC(136) User=0.14s Sys=0.00s Real=0.03s
[7.509s][info][gc,start       ] GC(137) Pause Young (Allocation Failure)
[7.555s][info][gc,heap        ] GC(137) PSYoungGen: 83648K(95232K)->71680K(88576K) Eden: 28672K(28672K)->0K(16896K) From: 54976K(66560K)->71680K(71680K)
[7.555s][info][gc,heap        ] GC(137) ParOldGen: 1168217K(1297920K)->1180233K(1297920K)
[7.555s][info][gc,metaspace   ] GC(137) Metaspace: 6297K(6464K)->6297K(6464K) NonClass: 5764K(5824K)->5764K(5824K) Class: 533K(640K)->533K(640K)
[7.555s][info][gc             ] GC(137) Pause Young (Allocation Failure) 1222M->1222M(1354M) 46.176ms
[7.555s][info][gc,cpu         ] GC(137) User=0.22s Sys=0.05s Real=0.05s
[7.576s][info][gc,start       ] GC(138) Pause Young (Allocation Failure)
[7.622s][info][gc,heap        ] GC(138) PSYoungGen: 88576K(88576K)->41824K(58880K) Eden: 16896K(16896K)->0K(16896K) From: 71680K(71680K)->41824K(41984K)
[7.622s][info][gc,heap        ] GC(138) ParOldGen: 1180233K(1297920K)->1227705K(1297920K)
[7.622s][info][gc,metaspace   ] GC(138) Metaspace: 6297K(6464K)->6297K(6464K) NonClass: 5764K(5824K)->5764K(5824K) Class: 533K(640K)->533K(640K)
[7.622s][info][gc             ] GC(138) Pause Young (Allocation Failure) 1239M->1239M(1325M) 46.154ms
[7.622s][info][gc,cpu         ] GC(138) User=0.22s Sys=0.03s Real=0.05s
[7.644s][info][gc,start       ] GC(139) Pause Young (Allocation Failure)
[7.676s][info][gc,heap        ] GC(139) PSYoungGen: 58720K(58880K)->33952K(94720K) Eden: 16896K(16896K)->0K(18944K) From: 41824K(41984K)->33952K(75776K)
[7.676s][info][gc,heap        ] GC(139) ParOldGen: 1227705K(1297920K)->1252833K(1297920K)
[7.676s][info][gc,metaspace   ] GC(139) Metaspace: 6297K(6464K)->6297K(6464K) NonClass: 5764K(5824K)->5764K(5824K) Class: 533K(640K)->533K(640K)
[7.676s][info][gc             ] GC(139) Pause Young (Allocation Failure) 1256M->1256M(1360M) 32.362ms
[7.676s][info][gc,cpu         ] GC(139) User=0.11s Sys=0.03s Real=0.03s
[7.701s][info][gc,start       ] GC(140) Pause Young (Allocation Failure)
[7.730s][info][gc,heap        ] GC(140) PSYoungGen: 52896K(94720K)->34496K(53760K) Eden: 18944K(18944K)->0K(18944K) From: 33952K(75776K)->34496K(34816K)
[7.730s][info][gc,heap        ] GC(140) ParOldGen: 1252833K(1297920K)->1269969K(1297920K)
[7.730s][info][gc,metaspace   ] GC(140) Metaspace: 6297K(6464K)->6297K(6464K) NonClass: 5764K(5824K)->5764K(5824K) Class: 533K(640K)->533K(640K)
[7.730s][info][gc             ] GC(140) Pause Young (Allocation Failure) 1275M->1273M(1320M) 29.202ms
[7.730s][info][gc,cpu         ] GC(140) User=0.12s Sys=0.02s Real=0.03s
[7.730s][info][gc,start       ] GC(141) Pause Full (Ergonomics)
[7.730s][info][gc,phases,start] GC(141) Marking Phase
[8.050s][info][gc,phases      ] GC(141) Marking Phase 319.720ms
[8.050s][info][gc,phases,start] GC(141) Summary Phase
[8.050s][info][gc,phases      ] GC(141) Summary Phase 0.026ms
[8.050s][info][gc,phases,start] GC(141) Adjust Roots
[8.050s][info][gc,phases      ] GC(141) Adjust Roots 0.239ms
[8.050s][info][gc,phases,start] GC(141) Compaction Phase
[8.407s][info][gc,phases      ] GC(141) Compaction Phase 356.573ms
[8.407s][info][gc,phases,start] GC(141) Post Compact
[8.409s][info][gc,phases      ] GC(141) Post Compact 2.461ms
[8.410s][info][gc,heap        ] GC(141) PSYoungGen: 34496K(53760K)->5172K(53760K) Eden: 0K(18944K)->0K(18944K) From: 34496K(34816K)->5172K(34816K)
[8.410s][info][gc,heap        ] GC(141) ParOldGen: 1269969K(1297920K)->1297569K(1441792K)
[8.410s][info][gc,metaspace   ] GC(141) Metaspace: 6297K(6464K)->6297K(6464K) NonClass: 5764K(5824K)->5764K(5824K) Class: 533K(640K)->533K(640K)
[8.410s][info][gc             ] GC(141) Pause Full (Ergonomics) 1273M->1272M(1460M) 679.867ms
[8.410s][info][gc,cpu         ] GC(141) User=4.83s Sys=0.00s Real=0.68s
[8.428s][info][gc,start       ] GC(142) Pause Young (Allocation Failure)
[8.496s][info][gc,heap        ] GC(142) PSYoungGen: 24116K(53760K)->13568K(96768K) Eden: 18944K(18944K)->0K(20992K) From: 5172K(34816K)->13568K(75776K)
[8.496s][info][gc,heap        ] GC(142) ParOldGen: 1297569K(1441792K)->1299209K(1441792K)
[8.496s][info][gc,metaspace   ] GC(142) Metaspace: 6297K(6464K)->6297K(6464K) NonClass: 5764K(5824K)->5764K(5824K) Class: 533K(640K)->533K(640K)
[8.497s][info][gc             ] GC(142) Pause Young (Allocation Failure) 1290M->1282M(1502M) 68.044ms
[8.497s][info][gc,cpu         ] GC(142) User=0.39s Sys=0.00s Real=0.07s
[8.516s][info][gc,start       ] GC(143) Pause Young (Allocation Failure)
[8.536s][info][gc,heap        ] GC(143) PSYoungGen: 34560K(96768K)->26784K(48128K) Eden: 20992K(20992K)->0K(20992K) From: 13568K(75776K)->26784K(27136K)
[8.536s][info][gc,heap        ] GC(143) ParOldGen: 1299209K(1441792K)->1299209K(1441792K)
[8.536s][info][gc,metaspace   ] GC(143) Metaspace: 6297K(6464K)->6297K(6464K) NonClass: 5764K(5824K)->5764K(5824K) Class: 533K(640K)->533K(640K)
[8.536s][info][gc             ] GC(143) Pause Young (Allocation Failure) 1302M->1294M(1455M) 20.353ms
[8.536s][info][gc,cpu         ] GC(143) User=0.02s Sys=0.00s Real=0.02s
[8.562s][info][gc,start       ] GC(144) Pause Young (Allocation Failure)
[8.592s][info][gc,heap        ] GC(144) PSYoungGen: 47776K(48128K)->47808K(95744K) Eden: 20992K(20992K)->0K(22016K) From: 26784K(27136K)->47808K(73728K)
[8.592s][info][gc,heap        ] GC(144) ParOldGen: 1299209K(1441792K)->1299209K(1441792K)
[8.592s][info][gc,metaspace   ] GC(144) Metaspace: 6297K(6464K)->6297K(6464K) NonClass: 5764K(5824K)->5764K(5824K) Class: 533K(640K)->533K(640K)
[8.592s][info][gc             ] GC(144) Pause Young (Allocation Failure) 1315M->1315M(1501M) 29.375ms
[8.592s][info][gc,cpu         ] GC(144) User=0.12s Sys=0.00s Real=0.03s
[8.618s][info][gc,start       ] GC(145) Pause Young (Allocation Failure)
[8.656s][info][gc,heap        ] GC(145) PSYoungGen: 69824K(95744K)->69856K(96768K) Eden: 22016K(22016K)->0K(22016K) From: 47808K(73728K)->69856K(74752K)
[8.656s][info][gc,heap        ] GC(145) ParOldGen: 1299209K(1441792K)->1299209K(1441792K)
[8.656s][info][gc,metaspace   ] GC(145) Metaspace: 6297K(6464K)->6297K(6464K) NonClass: 5764K(5824K)->5764K(5824K) Class: 533K(640K)->533K(640K)
[8.656s][info][gc             ] GC(145) Pause Young (Allocation Failure) 1336M->1336M(1502M) 38.783ms
[8.657s][info][gc,cpu         ] GC(145) User=0.25s Sys=0.02s Real=0.04s
[8.687s][info][gc,start       ] GC(146) Pause Young (Allocation Failure)
[8.736s][info][gc,heap        ] GC(146) PSYoungGen: 91872K(96768K)->83456K(93184K) Eden: 22016K(22016K)->0K(9728K) From: 69856K(74752K)->83456K(83456K)
[8.736s][info][gc,heap        ] GC(146) ParOldGen: 1299209K(1441792K)->1307649K(1441792K)
[8.736s][info][gc,metaspace   ] GC(146) Metaspace: 6297K(6464K)->6297K(6464K) NonClass: 5764K(5824K)->5764K(5824K) Class: 533K(640K)->533K(640K)
[8.736s][info][gc             ] GC(146) Pause Young (Allocation Failure) 1358M->1358M(1499M) 49.807ms
[8.736s][info][gc,cpu         ] GC(146) User=0.20s Sys=0.06s Real=0.05s
[8.749s][info][gc,start       ] GC(147) Pause Young (Allocation Failure)
[8.795s][info][gc,heap        ] GC(147) PSYoungGen: 93184K(93184K)->81632K(108032K) Eden: 9728K(9728K)->0K(9728K) From: 83456K(83456K)->81632K(98304K)
[8.795s][info][gc,heap        ] GC(147) ParOldGen: 1307649K(1441792K)->1319489K(1441792K)
[8.795s][info][gc,metaspace   ] GC(147) Metaspace: 6297K(6464K)->6297K(6464K) NonClass: 5764K(5824K)->5764K(5824K) Class: 533K(640K)->533K(640K)
[8.795s][info][gc             ] GC(147) Pause Young (Allocation Failure) 1368M->1368M(1513M) 45.802ms
[8.795s][info][gc,cpu         ] GC(147) User=0.25s Sys=0.00s Real=0.05s
[9.094s][info][gc,start       ] GC(148) Pause Young (Allocation Failure)
[9.174s][info][gc,heap        ] GC(148) PSYoungGen: 91360K(108032K)->79616K(112640K) Eden: 9728K(9728K)->0K(5632K) From: 81632K(98304K)->79616K(107008K)
[9.174s][info][gc,heap        ] GC(148) ParOldGen: 1385025K(1441792K)->1396937K(1441792K)
[9.174s][info][gc,metaspace   ] GC(148) Metaspace: 6297K(6464K)->6297K(6464K) NonClass: 5764K(5824K)->5764K(5824K) Class: 533K(640K)->533K(640K)
[9.174s][info][gc             ] GC(148) Pause Young (Allocation Failure) 1441M->1441M(1518M) 80.349ms
[9.174s][info][gc,cpu         ] GC(148) User=0.44s Sys=0.02s Real=0.08s
[9.181s][info][gc,start       ] GC(149) Pause Young (Allocation Failure)
[9.224s][info][gc,heap        ] GC(149) PSYoungGen: 85248K(112640K)->85216K(118272K) Eden: 5632K(5632K)->0K(5632K) From: 79616K(107008K)->85216K(112640K)
[9.225s][info][gc,heap        ] GC(149) ParOldGen: 1396937K(1441792K)->1396937K(1441792K)
[9.225s][info][gc,metaspace   ] GC(149) Metaspace: 6297K(6464K)->6297K(6464K) NonClass: 5764K(5824K)->5764K(5824K) Class: 533K(640K)->533K(640K)
[9.225s][info][gc             ] GC(149) Pause Young (Allocation Failure) 1447M->1447M(1523M) 43.957ms
[9.225s][info][gc,cpu         ] GC(149) User=0.16s Sys=0.00s Real=0.04s
[9.230s][info][gc,start       ] GC(150) Pause Young (Allocation Failure)
[9.275s][info][gc,heap        ] GC(150) PSYoungGen: 90848K(118272K)->71872K(125440K) Eden: 5632K(5632K)->0K(6656K) From: 85216K(112640K)->71872K(118784K)
[9.276s][info][gc,heap        ] GC(150) ParOldGen: 1396937K(1441792K)->1416193K(1441792K)
[9.276s][info][gc,metaspace   ] GC(150) Metaspace: 6297K(6464K)->6297K(6464K) NonClass: 5764K(5824K)->5764K(5824K) Class: 533K(640K)->533K(640K)
[9.276s][info][gc             ] GC(150) Pause Young (Allocation Failure) 1452M->1453M(1530M) 45.165ms
[9.276s][info][gc,cpu         ] GC(150) User=0.19s Sys=0.03s Real=0.05s
[9.276s][info][gc,start       ] GC(151) Pause Full (Ergonomics)
[9.276s][info][gc,phases,start] GC(151) Marking Phase
[9.604s][info][gc,phases      ] GC(151) Marking Phase 328.274ms
[9.604s][info][gc,phases,start] GC(151) Summary Phase
[9.604s][info][gc,phases      ] GC(151) Summary Phase 0.033ms
[9.604s][info][gc,phases,start] GC(151) Adjust Roots
[9.604s][info][gc,phases      ] GC(151) Adjust Roots 0.179ms
[9.604s][info][gc,phases,start] GC(151) Compaction Phase
[9.846s][info][gc,phases      ] GC(151) Compaction Phase 241.553ms
[9.846s][info][gc,phases,start] GC(151) Post Compact
[9.849s][info][gc,phases      ] GC(151) Post Compact 3.075ms
[9.850s][info][gc,heap        ] GC(151) PSYoungGen: 71872K(125440K)->12800K(125440K) Eden: 0K(6656K)->0K(6656K) From: 71872K(118784K)->12800K(118784K)
[9.850s][info][gc,heap        ] GC(151) ParOldGen: 1416193K(1441792K)->1441282K(1586688K)
[9.850s][info][gc,metaspace   ] GC(151) Metaspace: 6297K(6464K)->6297K(6464K) NonClass: 5764K(5824K)->5764K(5824K) Class: 533K(640K)->533K(640K)
[9.850s][info][gc             ] GC(151) Pause Full (Ergonomics) 1453M->1420M(1672M) 574.062ms
[9.850s][info][gc,cpu         ] GC(151) User=3.64s Sys=0.02s Real=0.57s
[9.858s][info][gc,start       ] GC(152) Pause Young (Allocation Failure)
[9.939s][info][gc,heap        ] GC(152) PSYoungGen: 19456K(125440K)->12032K(125440K) Eden: 6656K(6656K)->0K(6656K) From: 12800K(118784K)->12032K(118784K)
[9.939s][info][gc,heap        ] GC(152) ParOldGen: 1441282K(1586688K)->1448962K(1586688K)
[9.939s][info][gc,metaspace   ] GC(152) Metaspace: 6297K(6464K)->6297K(6464K) NonClass: 5764K(5824K)->5764K(5824K) Class: 533K(640K)->533K(640K)
[9.939s][info][gc             ] GC(152) Pause Young (Allocation Failure) 1426M->1426M(1672M) 81.623ms
[9.939s][info][gc,cpu         ] GC(152) User=0.39s Sys=0.00s Real=0.08s
[9.946s][info][gc,start       ] GC(153) Pause Young (Allocation Failure)
[9.969s][info][gc,heap        ] GC(153) PSYoungGen: 18688K(125440K)->15264K(126976K) Eden: 6656K(6656K)->0K(7680K) From: 12032K(118784K)->15264K(119296K)
[9.969s][info][gc,heap        ] GC(153) ParOldGen: 1448962K(1586688K)->1452434K(1586688K)
[9.969s][info][gc,metaspace   ] GC(153) Metaspace: 6297K(6464K)->6297K(6464K) NonClass: 5764K(5824K)->5764K(5824K) Class: 533K(640K)->533K(640K)
[9.969s][info][gc             ] GC(153) Pause Young (Allocation Failure) 1433M->1433M(1673M) 23.572ms
[9.969s][info][gc,cpu         ] GC(153) User=0.05s Sys=0.00s Real=0.02s
[9.977s][info][gc,start       ] GC(154) Pause Young (Allocation Failure)
[10.002s][info][gc,heap        ] GC(154) PSYoungGen: 22944K(126976K)->22976K(30720K) Eden: 7680K(7680K)->0K(7680K) From: 15264K(119296K)->22976K(23040K)
[10.002s][info][gc,heap        ] GC(154) ParOldGen: 1452434K(1586688K)->1452434K(1586688K)
[10.002s][info][gc,metaspace   ] GC(154) Metaspace: 6297K(6464K)->6297K(6464K) NonClass: 5764K(5824K)->5764K(5824K) Class: 533K(640K)->533K(640K)
[10.002s][info][gc             ] GC(154) Pause Young (Allocation Failure) 1440M->1440M(1579M) 25.246ms
[10.002s][info][gc,cpu         ] GC(154) User=0.03s Sys=0.00s Real=0.03s
[10.009s][info][gc,start       ] GC(155) Pause Young (Allocation Failure)
[10.035s][info][gc,heap        ] GC(155) PSYoungGen: 30656K(30720K)->22112K(120320K) Eden: 7680K(7680K)->0K(9216K) From: 22976K(23040K)->22112K(111104K)
[10.035s][info][gc,heap        ] GC(155) ParOldGen: 1452434K(1586688K)->1461058K(1586688K)
[10.035s][info][gc,metaspace   ] GC(155) Metaspace: 6297K(6464K)->6297K(6464K) NonClass: 5764K(5824K)->5764K(5824K) Class: 533K(640K)->533K(640K)
[10.035s][info][gc             ] GC(155) Pause Young (Allocation Failure) 1448M->1448M(1667M) 25.557ms
[10.035s][info][gc,cpu         ] GC(155) User=0.03s Sys=0.00s Real=0.02s
[10.044s][info][gc,start       ] GC(156) Pause Young (Allocation Failure)
[10.069s][info][gc,heap        ] GC(156) PSYoungGen: 31328K(120320K)->17024K(26624K) Eden: 9216K(9216K)->0K(9216K) From: 22112K(111104K)->17024K(17408K)
[10.069s][info][gc,heap        ] GC(156) ParOldGen: 1461058K(1586688K)->1475554K(1586688K)
[10.069s][info][gc,metaspace   ] GC(156) Metaspace: 6297K(6464K)->6297K(6464K) NonClass: 5764K(5824K)->5764K(5824K) Class: 533K(640K)->533K(640K)
[10.069s][info][gc             ] GC(156) Pause Young (Allocation Failure) 1457M->1457M(1575M) 24.697ms
[10.069s][info][gc,cpu         ] GC(156) User=0.03s Sys=0.00s Real=0.03s
[10.077s][info][gc,start       ] GC(157) Pause Young (Allocation Failure)
[10.102s][info][gc,heap        ] GC(157) PSYoungGen: 26240K(26624K)->9344K(118272K) Eden: 9216K(9216K)->0K(10752K) From: 17024K(17408K)->9344K(107520K)
[10.102s][info][gc,heap        ] GC(157) ParOldGen: 1475554K(1586688K)->1492634K(1586688K)
[10.102s][info][gc,metaspace   ] GC(157) Metaspace: 6297K(6464K)->6297K(6464K) NonClass: 5764K(5824K)->5764K(5824K) Class: 533K(640K)->533K(640K)
[10.102s][info][gc             ] GC(157) Pause Young (Allocation Failure) 1466M->1466M(1665M) 24.582ms
[10.102s][info][gc,cpu         ] GC(157) User=0.02s Sys=0.00s Real=0.02s
[10.112s][info][gc,start       ] GC(158) Pause Young (Allocation Failure)
[10.133s][info][gc,heap        ] GC(158) PSYoungGen: 20096K(118272K)->10912K(22016K) Eden: 10752K(10752K)->0K(10752K) From: 9344K(107520K)->10912K(11264K)
[10.133s][info][gc,heap        ] GC(158) ParOldGen: 1492634K(1586688K)->1501978K(1586688K)
[10.133s][info][gc,metaspace   ] GC(158) Metaspace: 6297K(6464K)->6297K(6464K) NonClass: 5764K(5824K)->5764K(5824K) Class: 533K(640K)->533K(640K)
[10.133s][info][gc             ] GC(158) Pause Young (Allocation Failure) 1477M->1477M(1571M) 20.948ms
[10.133s][info][gc,cpu         ] GC(158) User=0.03s Sys=0.00s Real=0.02s
[10.143s][info][gc,start       ] GC(159) Pause Young (Allocation Failure)
[10.165s][info][gc,heap        ] GC(159) PSYoungGen: 21664K(22016K)->10848K(113664K) Eden: 10752K(10752K)->0K(12800K) From: 10912K(11264K)->10848K(100864K)
[10.165s][info][gc,heap        ] GC(159) ParOldGen: 1501978K(1586688K)->1512874K(1586688K)
[10.165s][info][gc,metaspace   ] GC(159) Metaspace: 6297K(6464K)->6297K(6464K) NonClass: 5764K(5824K)->5764K(5824K) Class: 533K(640K)->533K(640K)
[10.165s][info][gc             ] GC(159) Pause Young (Allocation Failure) 1487M->1488M(1660M) 22.373ms
[10.165s][info][gc,cpu         ] GC(159) User=0.03s Sys=0.00s Real=0.02s
[10.177s][info][gc,start       ] GC(160) Pause Young (Allocation Failure)
[10.200s][info][gc,heap        ] GC(160) PSYoungGen: 23648K(113664K)->12896K(26112K) Eden: 12800K(12800K)->0K(12800K) From: 10848K(100864K)->12896K(13312K)
[10.200s][info][gc,heap        ] GC(160) ParOldGen: 1512874K(1586688K)->1523754K(1586688K)
[10.200s][info][gc,metaspace   ] GC(160) Metaspace: 6297K(6464K)->6297K(6464K) NonClass: 5764K(5824K)->5764K(5824K) Class: 533K(640K)->533K(640K)
[10.200s][info][gc             ] GC(160) Pause Young (Allocation Failure) 1500M->1500M(1575M) 22.555ms
[10.200s][info][gc,cpu         ] GC(160) User=0.02s Sys=0.00s Real=0.02s
[10.213s][info][gc,start       ] GC(161) Pause Young (Allocation Failure)
[10.237s][info][gc,heap        ] GC(161) PSYoungGen: 25696K(26112K)->12864K(107008K) Eden: 12800K(12800K)->0K(14848K) From: 12896K(13312K)->12864K(92160K)
[10.237s][info][gc,heap        ] GC(161) ParOldGen: 1523754K(1586688K)->1536738K(1586688K)
[10.237s][info][gc,metaspace   ] GC(161) Metaspace: 6297K(6464K)->6297K(6464K) NonClass: 5764K(5824K)->5764K(5824K) Class: 533K(640K)->533K(640K)
[10.237s][info][gc             ] GC(161) Pause Young (Allocation Failure) 1513M->1513M(1654M) 24.483ms
[10.237s][info][gc,cpu         ] GC(161) User=0.05s Sys=0.00s Real=0.02s
[10.252s][info][gc,start       ] GC(162) Pause Young (Allocation Failure)
[10.277s][info][gc,heap        ] GC(162) PSYoungGen: 27712K(107008K)->14912K(30208K) Eden: 14848K(14848K)->0K(14848K) From: 12864K(92160K)->14912K(15360K)
[10.277s][info][gc,heap        ] GC(162) ParOldGen: 1536738K(1586688K)->1549706K(1586688K)
[10.277s][info][gc,metaspace   ] GC(162) Metaspace: 6297K(6464K)->6297K(6464K) NonClass: 5764K(5824K)->5764K(5824K) Class: 533K(640K)->533K(640K)
[10.277s][info][gc             ] GC(162) Pause Young (Allocation Failure) 1527M->1527M(1579M) 24.638ms
[10.277s][info][gc,cpu         ] GC(162) User=0.03s Sys=0.00s Real=0.02s
[10.293s][info][gc,start       ] GC(163) Pause Young (Allocation Failure)
[10.320s][info][gc,heap        ] GC(163) PSYoungGen: 29760K(30208K)->15008K(99840K) Eden: 14848K(14848K)->0K(16896K) From: 14912K(15360K)->15008K(82944K)
[10.320s][info][gc,heap        ] GC(163) ParOldGen: 1549706K(1586688K)->1564770K(1586688K)
[10.320s][info][gc,metaspace   ] GC(163) Metaspace: 6297K(6464K)->6297K(6464K) NonClass: 5764K(5824K)->5764K(5824K) Class: 533K(640K)->533K(640K)
[10.320s][info][gc             ] GC(163) Pause Young (Allocation Failure) 1542M->1542M(1647M) 26.500ms
[10.320s][info][gc,cpu         ] GC(163) User=0.03s Sys=0.00s Real=0.03s
[10.320s][info][gc,start       ] GC(164) Pause Full (Ergonomics)
[10.320s][info][gc,phases,start] GC(164) Marking Phase
[10.674s][info][gc,phases      ] GC(164) Marking Phase 353.710ms
[10.674s][info][gc,phases,start] GC(164) Summary Phase
[10.674s][info][gc,phases      ] GC(164) Summary Phase 0.043ms
[10.674s][info][gc,phases,start] GC(164) Adjust Roots
[10.674s][info][gc,phases      ] GC(164) Adjust Roots 0.164ms
[10.674s][info][gc,phases,start] GC(164) Compaction Phase
[10.830s][info][gc,phases      ] GC(164) Compaction Phase 155.983ms
[10.830s][info][gc,phases,start] GC(164) Post Compact
[10.833s][info][gc,phases      ] GC(164) Post Compact 2.715ms
[10.833s][info][gc,heap        ] GC(164) PSYoungGen: 15008K(99840K)->0K(104448K) Eden: 0K(16896K)->0K(16896K) From: 15008K(82944K)->0K(87552K)
[10.833s][info][gc,heap        ] GC(164) ParOldGen: 1564770K(1586688K)->1577605K(1727488K)
[10.833s][info][gc,metaspace   ] GC(164) Metaspace: 6297K(6464K)->6297K(6464K) NonClass: 5764K(5824K)->5764K(5824K) Class: 533K(640K)->533K(640K)
[10.833s][info][gc             ] GC(164) Pause Full (Ergonomics) 1542M->1540M(1789M) 513.477ms
[10.833s][info][gc,cpu         ] GC(164) User=3.56s Sys=0.02s Real=0.51s
[10.854s][info][gc,start       ] GC(165) Pause Young (Allocation Failure)
[10.876s][info][gc,heap        ] GC(165) PSYoungGen: 16896K(104448K)->17024K(96768K) Eden: 16896K(16896K)->0K(18944K) From: 0K(87552K)->17024K(77824K)
[10.876s][info][gc,heap        ] GC(165) ParOldGen: 1577605K(1727488K)->1577605K(1727488K)
[10.876s][info][gc,metaspace   ] GC(165) Metaspace: 6297K(6464K)->6297K(6464K) NonClass: 5764K(5824K)->5764K(5824K) Class: 533K(640K)->533K(640K)
[10.876s][info][gc             ] GC(165) Pause Young (Allocation Failure) 1557M->1557M(1781M) 22.442ms
[10.876s][info][gc,cpu         ] GC(165) User=0.03s Sys=0.00s Real=0.02s
[10.897s][info][gc,start       ] GC(166) Pause Young (Allocation Failure)
[10.923s][info][gc,heap        ] GC(166) PSYoungGen: 35968K(96768K)->19104K(38400K) Eden: 18944K(18944K)->0K(18944K) From: 17024K(77824K)->19104K(19456K)
[10.923s][info][gc,heap        ] GC(166) ParOldGen: 1577605K(1727488K)->1594741K(1727488K)
[10.923s][info][gc,metaspace   ] GC(166) Metaspace: 6297K(6464K)->6297K(6464K) NonClass: 5764K(5824K)->5764K(5824K) Class: 533K(640K)->533K(640K)
[10.923s][info][gc             ] GC(166) Pause Young (Allocation Failure) 1575M->1576M(1724M) 26.120ms
[10.923s][info][gc,cpu         ] GC(166) User=0.05s Sys=0.00s Real=0.03s
[10.941s][info][gc,start       ] GC(167) Pause Young (Allocation Failure)
[10.968s][info][gc,heap        ] GC(167) PSYoungGen: 38048K(38400K)->19072K(91648K) Eden: 18944K(18944K)->0K(21504K) From: 19104K(19456K)->19072K(70144K)
[10.968s][info][gc,heap        ] GC(167) ParOldGen: 1594741K(1727488K)->1613917K(1727488K)
[10.968s][info][gc,metaspace   ] GC(167) Metaspace: 6297K(6464K)->6297K(6464K) NonClass: 5764K(5824K)->5764K(5824K) Class: 533K(640K)->533K(640K)
[10.968s][info][gc             ] GC(167) Pause Young (Allocation Failure) 1594M->1594M(1776M) 27.677ms
[10.968s][info][gc,cpu         ] GC(167) User=0.03s Sys=0.00s Real=0.03s
[10.990s][info][gc,start       ] GC(168) Pause Young (Allocation Failure)
[11.017s][info][gc,heap        ] GC(168) PSYoungGen: 40576K(91648K)->21664K(43520K) Eden: 21504K(21504K)->0K(21504K) From: 19072K(70144K)->21664K(22016K)
[11.017s][info][gc,heap        ] GC(168) ParOldGen: 1613917K(1727488K)->1633101K(1727488K)
[11.017s][info][gc,metaspace   ] GC(168) Metaspace: 6297K(6464K)->6297K(6464K) NonClass: 5764K(5824K)->5764K(5824K) Class: 533K(640K)->533K(640K)
[11.017s][info][gc             ] GC(168) Pause Young (Allocation Failure) 1615M->1615M(1729M) 27.503ms
[11.017s][info][gc,cpu         ] GC(168) User=0.03s Sys=0.02s Real=0.03s
[11.040s][info][gc,start       ] GC(169) Pause Young (Allocation Failure)
[11.069s][info][gc,heap        ] GC(169) PSYoungGen: 43168K(43520K)->21664K(85504K) Eden: 21504K(21504K)->0K(24064K) From: 21664K(22016K)->21664K(61440K)
[11.069s][info][gc,heap        ] GC(169) ParOldGen: 1633101K(1727488K)->1654885K(1727488K)
[11.069s][info][gc,metaspace   ] GC(169) Metaspace: 6297K(6464K)->6297K(6464K) NonClass: 5764K(5824K)->5764K(5824K) Class: 533K(640K)->533K(640K)
[11.069s][info][gc             ] GC(169) Pause Young (Allocation Failure) 1636M->1637M(1770M) 29.204ms
[11.069s][info][gc,cpu         ] GC(169) User=0.05s Sys=0.00s Real=0.03s
[11.093s][info][gc,start       ] GC(170) Pause Young (Allocation Failure)
[11.124s][info][gc,heap        ] GC(170) PSYoungGen: 45728K(85504K)->24192K(48640K) Eden: 24064K(24064K)->0K(24064K) From: 21664K(61440K)->24192K(24576K)
[11.124s][info][gc,heap        ] GC(170) ParOldGen: 1654885K(1727488K)->1676677K(1727488K)
[11.124s][info][gc,metaspace   ] GC(170) Metaspace: 6297K(6464K)->6297K(6464K) NonClass: 5764K(5824K)->5764K(5824K) Class: 533K(640K)->533K(640K)
[11.124s][info][gc             ] GC(170) Pause Young (Allocation Failure) 1660M->1661M(1734M) 30.310ms
[11.124s][info][gc,cpu         ] GC(170) User=0.05s Sys=0.00s Real=0.03s
[11.147s][info][gc,start       ] GC(171) Pause Young (Allocation Failure)
[11.181s][info][gc,heap        ] GC(171) PSYoungGen: 48256K(48640K)->24192K(81408K) Eden: 24064K(24064K)->0K(27136K) From: 24192K(24576K)->24192K(54272K)
[11.181s][info][gc,heap        ] GC(171) ParOldGen: 1676677K(1727488K)->1701045K(1727488K)
[11.181s][info][gc,metaspace   ] GC(171) Metaspace: 6297K(6464K)->6297K(6464K) NonClass: 5764K(5824K)->5764K(5824K) Class: 533K(640K)->533K(640K)
[11.181s][info][gc             ] GC(171) Pause Young (Allocation Failure) 1684M->1684M(1766M) 34.017ms
[11.181s][info][gc,cpu         ] GC(171) User=0.05s Sys=0.00s Real=0.03s
[11.181s][info][gc,start       ] GC(172) Pause Full (Ergonomics)
[11.181s][info][gc,phases,start] GC(172) Marking Phase
[11.566s][info][gc,phases      ] GC(172) Marking Phase 384.803ms
[11.566s][info][gc,phases,start] GC(172) Summary Phase
[11.566s][info][gc,phases      ] GC(172) Summary Phase 0.042ms
[11.566s][info][gc,phases,start] GC(172) Adjust Roots
[11.566s][info][gc,phases      ] GC(172) Adjust Roots 0.236ms
[11.566s][info][gc,phases,start] GC(172) Compaction Phase
[11.727s][info][gc,phases      ] GC(172) Compaction Phase 160.831ms
[11.727s][info][gc,phases,start] GC(172) Post Compact
[11.730s][info][gc,phases      ] GC(172) Post Compact 3.223ms
[11.731s][info][gc,heap        ] GC(172) PSYoungGen: 24192K(81408K)->0K(84992K) Eden: 0K(27136K)->0K(27136K) From: 24192K(54272K)->0K(57856K)
[11.731s][info][gc,heap        ] GC(172) ParOldGen: 1701045K(1727488K)->1723302K(1896960K)
[11.731s][info][gc,metaspace   ] GC(172) Metaspace: 6297K(6464K)->6297K(6464K) NonClass: 5764K(5824K)->5764K(5824K) Class: 533K(640K)->533K(640K)
[11.731s][info][gc             ] GC(172) Pause Full (Ergonomics) 1684M->1682M(1935M) 550.268ms
[11.731s][info][gc,cpu         ] GC(172) User=3.98s Sys=0.02s Real=0.55s
[11.763s][info][gc,start       ] GC(173) Pause Young (Allocation Failure)
[11.789s][info][gc,heap        ] GC(173) PSYoungGen: 27136K(84992K)->27296K(82432K) Eden: 27136K(27136K)->0K(29696K) From: 0K(57856K)->27296K(52736K)
[11.789s][info][gc,heap        ] GC(173) ParOldGen: 1723302K(1896960K)->1723302K(1896960K)
[11.789s][info][gc,metaspace   ] GC(173) Metaspace: 6297K(6464K)->6297K(6464K) NonClass: 5764K(5824K)->5764K(5824K) Class: 533K(640K)->533K(640K)
[11.789s][info][gc             ] GC(173) Pause Young (Allocation Failure) 1709M->1709M(1933M) 25.766ms
[11.789s][info][gc,cpu         ] GC(173) User=0.02s Sys=0.00s Real=0.03s
[11.820s][info][gc,start       ] GC(174) Pause Young (Allocation Failure)
[11.854s][info][gc,heap        ] GC(174) PSYoungGen: 56992K(82432K)->55808K(85504K) Eden: 29696K(29696K)->0K(29696K) From: 27296K(52736K)->55808K(55808K)
[11.854s][info][gc,heap        ] GC(174) ParOldGen: 1723302K(1896960K)->1724430K(1896960K)
[11.854s][info][gc,metaspace   ] GC(174) Metaspace: 6297K(6464K)->6297K(6464K) NonClass: 5764K(5824K)->5764K(5824K) Class: 533K(640K)->533K(640K)
[11.854s][info][gc             ] GC(174) Pause Young (Allocation Failure) 1738M->1738M(1936M) 34.380ms
[11.854s][info][gc,cpu         ] GC(174) User=0.16s Sys=0.00s Real=0.03s
[11.886s][info][gc,start       ] GC(175) Pause Young (Allocation Failure)
[11.930s][info][gc,heap        ] GC(175) PSYoungGen: 85504K(85504K)->29824K(92160K) Eden: 29696K(29696K)->0K(32768K) From: 55808K(55808K)->29824K(59392K)
[11.930s][info][gc,heap        ] GC(175) ParOldGen: 1724430K(1896960K)->1780918K(1896960K)
[11.931s][info][gc,metaspace   ] GC(175) Metaspace: 6297K(6464K)->6297K(6464K) NonClass: 5764K(5824K)->5764K(5824K) Class: 533K(640K)->533K(640K)
[11.931s][info][gc             ] GC(175) Pause Young (Allocation Failure) 1767M->1768M(1942M) 44.788ms
[11.931s][info][gc,cpu         ] GC(175) User=0.20s Sys=0.05s Real=0.05s
[11.962s][info][gc,start       ] GC(176) Pause Young (Allocation Failure)
[11.997s][info][gc,heap        ] GC(176) PSYoungGen: 62592K(92160K)->61952K(94720K) Eden: 32768K(32768K)->0K(32768K) From: 29824K(59392K)->61952K(61952K)
[11.997s][info][gc,heap        ] GC(176) ParOldGen: 1780918K(1896960K)->1781566K(1896960K)
[11.997s][info][gc,metaspace   ] GC(176) Metaspace: 6297K(6464K)->6297K(6464K) NonClass: 5764K(5824K)->5764K(5824K) Class: 533K(640K)->533K(640K)
[11.997s][info][gc             ] GC(176) Pause Young (Allocation Failure) 1800M->1800M(1945M) 35.142ms
[11.997s][info][gc,cpu         ] GC(176) User=0.16s Sys=0.00s Real=0.04s
[12.032s][info][gc,start       ] GC(177) Pause Young (Allocation Failure)
[12.082s][info][gc,heap        ] GC(177) PSYoungGen: 94720K(94720K)->32864K(100864K) Eden: 32768K(32768K)->0K(36352K) From: 61952K(61952K)->32864K(64512K)
[12.082s][info][gc,heap        ] GC(177) ParOldGen: 1781566K(1896960K)->1844238K(1896960K)
[12.082s][info][gc,metaspace   ] GC(177) Metaspace: 6297K(6464K)->6297K(6464K) NonClass: 5764K(5824K)->5764K(5824K) Class: 533K(640K)->533K(640K)
[12.082s][info][gc             ] GC(177) Pause Young (Allocation Failure) 1832M->1833M(1951M) 49.491ms
[12.082s][info][gc,cpu         ] GC(177) User=0.27s Sys=0.03s Real=0.05s
[12.082s][info][gc,start       ] GC(178) Pause Full (Ergonomics)
[12.082s][info][gc,phases,start] GC(178) Marking Phase
[12.503s][info][gc,phases      ] GC(178) Marking Phase 420.890ms
[12.503s][info][gc,phases,start] GC(178) Summary Phase
[12.503s][info][gc,phases      ] GC(178) Summary Phase 0.049ms
[12.503s][info][gc,phases,start] GC(178) Adjust Roots
[12.503s][info][gc,phases      ] GC(178) Adjust Roots 0.245ms
[12.503s][info][gc,phases,start] GC(178) Compaction Phase
[12.671s][info][gc,phases      ] GC(178) Compaction Phase 167.976ms
[12.671s][info][gc,phases,start] GC(178) Post Compact
[12.675s][info][gc,phases      ] GC(178) Post Compact 3.419ms
[12.676s][info][gc,heap        ] GC(178) PSYoungGen: 32864K(100864K)->0K(104448K) Eden: 0K(36352K)->0K(36352K) From: 32864K(64512K)->0K(68096K)
[12.676s][info][gc,heap        ] GC(178) ParOldGen: 1844238K(1896960K)->1875205K(2092544K)
[12.676s][info][gc,metaspace   ] GC(178) Metaspace: 6297K(6464K)->6297K(6464K) NonClass: 5764K(5824K)->5764K(5824K) Class: 533K(640K)->533K(640K)
[12.676s][info][gc             ] GC(178) Pause Full (Ergonomics) 1833M->1831M(2145M) 593.764ms
[12.676s][info][gc,cpu         ] GC(178) User=4.38s Sys=0.00s Real=0.59s
[12.722s][info][gc,start       ] GC(179) Pause Young (Allocation Failure)
[12.751s][info][gc,heap        ] GC(179) PSYoungGen: 36352K(104448K)->36512K(104448K) Eden: 36352K(36352K)->0K(39936K) From: 0K(68096K)->36512K(64512K)
[12.751s][info][gc,heap        ] GC(179) ParOldGen: 1875205K(2092544K)->1875205K(2092544K)
[12.751s][info][gc,metaspace   ] GC(179) Metaspace: 6297K(6464K)->6297K(6464K) NonClass: 5764K(5824K)->5764K(5824K) Class: 533K(640K)->533K(640K)
[12.751s][info][gc             ] GC(179) Pause Young (Allocation Failure) 1866M->1866M(2145M) 28.977ms
[12.751s][info][gc,cpu         ] GC(179) User=0.05s Sys=0.00s Real=0.03s
[12.796s][info][gc,start       ] GC(180) Pause Young (Allocation Failure)
[12.837s][info][gc,heap        ] GC(180) PSYoungGen: 76448K(104448K)->66560K(106496K) Eden: 39936K(39936K)->0K(39936K) From: 36512K(64512K)->66560K(66560K)
[12.837s][info][gc,heap        ] GC(180) ParOldGen: 1875205K(2092544K)->1885165K(2092544K)
[12.837s][info][gc,metaspace   ] GC(180) Metaspace: 6297K(6464K)->6297K(6464K) NonClass: 5764K(5824K)->5764K(5824K) Class: 533K(640K)->533K(640K)
[12.837s][info][gc             ] GC(180) Pause Young (Allocation Failure) 1905M->1905M(2147M) 41.218ms
[12.837s][info][gc,cpu         ] GC(180) User=0.25s Sys=0.00s Real=0.04s
[12.889s][info][gc,start       ] GC(181) Pause Young (Allocation Failure)
[12.947s][info][gc,heap        ] GC(181) PSYoungGen: 106496K(106496K)->40064K(118784K) Eden: 39936K(39936K)->0K(44032K) From: 66560K(66560K)->40064K(74752K)
[12.947s][info][gc,heap        ] GC(181) ParOldGen: 1885165K(2092544K)->1952525K(2092544K)
[12.947s][info][gc,metaspace   ] GC(181) Metaspace: 6297K(6464K)->6297K(6464K) NonClass: 5764K(5824K)->5764K(5824K) Class: 533K(640K)->533K(640K)
[12.947s][info][gc             ] GC(181) Pause Young (Allocation Failure) 1944M->1945M(2159M) 57.849ms
[12.947s][info][gc,cpu         ] GC(181) User=0.36s Sys=0.02s Real=0.06s
[13.001s][info][gc,start       ] GC(182) Pause Young (Allocation Failure)
[13.047s][info][gc,heap        ] GC(182) PSYoungGen: 84096K(118784K)->76800K(120832K) Eden: 44032K(44032K)->0K(44032K) From: 40064K(74752K)->76800K(76800K)
[13.048s][info][gc,heap        ] GC(182) ParOldGen: 1952525K(2092544K)->1959909K(2092544K)
[13.048s][info][gc,metaspace   ] GC(182) Metaspace: 6297K(6464K)->6297K(6464K) NonClass: 5764K(5824K)->5764K(5824K) Class: 533K(640K)->533K(640K)
[13.048s][info][gc             ] GC(182) Pause Young (Allocation Failure) 1988M->1988M(2161M) 46.092ms
[13.048s][info][gc,cpu         ] GC(182) User=0.27s Sys=0.00s Real=0.05s
[13.093s][info][gc,start       ] GC(183) Pause Young (Allocation Failure)
[13.159s][info][gc,heap        ] GC(183) PSYoungGen: 120832K(120832K)->44224K(131584K) Eden: 44032K(44032K)->0K(48640K) From: 76800K(76800K)->44224K(82944K)
[13.159s][info][gc,heap        ] GC(183) ParOldGen: 1959909K(2092544K)->2037653K(2092544K)
[13.159s][info][gc,metaspace   ] GC(183) Metaspace: 6297K(6464K)->6297K(6464K) NonClass: 5764K(5824K)->5764K(5824K) Class: 533K(640K)->533K(640K)
[13.159s][info][gc             ] GC(183) Pause Young (Allocation Failure) 2031M->2033M(2172M) 66.212ms
[13.159s][info][gc,cpu         ] GC(183) User=0.39s Sys=0.03s Real=0.07s
[13.159s][info][gc,start       ] GC(184) Pause Full (Ergonomics)
[13.159s][info][gc,phases,start] GC(184) Marking Phase
[13.622s][info][gc,phases      ] GC(184) Marking Phase 463.327ms
[13.622s][info][gc,phases,start] GC(184) Summary Phase
[13.622s][info][gc,phases      ] GC(184) Summary Phase 0.047ms
[13.622s][info][gc,phases,start] GC(184) Adjust Roots
[13.623s][info][gc,phases      ] GC(184) Adjust Roots 0.160ms
[13.623s][info][gc,phases,start] GC(184) Compaction Phase
[13.800s][info][gc,phases      ] GC(184) Compaction Phase 177.307ms
[13.800s][info][gc,phases,start] GC(184) Post Compact
[13.804s][info][gc,phases      ] GC(184) Post Compact 4.030ms
[13.805s][info][gc,heap        ] GC(184) PSYoungGen: 44224K(131584K)->0K(135168K) Eden: 0K(48640K)->0K(48640K) From: 44224K(82944K)->0K(86528K)
[13.805s][info][gc,heap        ] GC(184) ParOldGen: 2037653K(2092544K)->2079331K(2339328K)
[13.805s][info][gc,metaspace   ] GC(184) Metaspace: 6297K(6464K)->6297K(6464K) NonClass: 5764K(5824K)->5764K(5824K) Class: 533K(640K)->533K(640K)
[13.805s][info][gc             ] GC(184) Pause Full (Ergonomics) 2033M->2030M(2416M) 646.376ms
[13.805s][info][gc,cpu         ] GC(184) User=4.73s Sys=0.00s Real=0.65s
[13.859s][info][gc,start       ] GC(185) Pause Young (Allocation Failure)
[13.892s][info][gc,heap        ] GC(185) PSYoungGen: 48640K(135168K)->48832K(134144K) Eden: 48640K(48640K)->0K(52736K) From: 0K(86528K)->48832K(81408K)
[13.892s][info][gc,heap        ] GC(185) ParOldGen: 2079331K(2339328K)->2079331K(2339328K)
[13.892s][info][gc,metaspace   ] GC(185) Metaspace: 6297K(6464K)->6297K(6464K) NonClass: 5764K(5824K)->5764K(5824K) Class: 533K(640K)->533K(640K)
[13.892s][info][gc             ] GC(185) Pause Young (Allocation Failure) 2078M->2078M(2415M) 32.718ms
[13.892s][info][gc,cpu         ] GC(185) User=0.05s Sys=0.00s Real=0.03s
[13.946s][info][gc,start       ] GC(186) Pause Young (Allocation Failure)
[13.999s][info][gc,heap        ] GC(186) PSYoungGen: 101568K(134144K)->84480K(137216K) Eden: 52736K(52736K)->0K(52736K) From: 48832K(81408K)->84480K(84480K)
[13.999s][info][gc,heap        ] GC(186) ParOldGen: 2079331K(2339328K)->2096587K(2339328K)
[13.999s][info][gc,metaspace   ] GC(186) Metaspace: 6297K(6464K)->6297K(6464K) NonClass: 5764K(5824K)->5764K(5824K) Class: 533K(640K)->533K(640K)
[13.999s][info][gc             ] GC(186) Pause Young (Allocation Failure) 2129M->2129M(2418M) 52.722ms
[13.999s][info][gc,cpu         ] GC(186) User=0.38s Sys=0.00s Real=0.05s
[14.064s][info][gc,start       ] GC(187) Pause Young (Allocation Failure)
[14.142s][info][gc,heap        ] GC(187) PSYoungGen: 137216K(137216K)->98048K(146944K) Eden: 52736K(52736K)->0K(44544K) From: 84480K(84480K)->98048K(102400K)
[14.142s][info][gc,heap        ] GC(187) ParOldGen: 2096587K(2339328K)->2136459K(2339328K)
[14.142s][info][gc,metaspace   ] GC(187) Metaspace: 6297K(6464K)->6297K(6464K) NonClass: 5764K(5824K)->5764K(5824K) Class: 533K(640K)->533K(640K)
[14.142s][info][gc             ] GC(187) Pause Young (Allocation Failure) 2181M->2182M(2428M) 78.069ms
[14.142s][info][gc,cpu         ] GC(187) User=0.45s Sys=0.06s Real=0.08s
[14.197s][info][gc,start       ] GC(188) Pause Young (Allocation Failure)
[14.269s][info][gc,heap        ] GC(188) PSYoungGen: 142592K(146944K)->115200K(159744K) Eden: 44544K(44544K)->0K(44544K) From: 98048K(102400K)->115200K(115200K)
[14.269s][info][gc,heap        ] GC(188) ParOldGen: 2136459K(2339328K)->2164099K(2339328K)
[14.269s][info][gc,metaspace   ] GC(188) Metaspace: 6297K(6464K)->6297K(6464K) NonClass: 5764K(5824K)->5764K(5824K) Class: 533K(640K)->533K(640K)
[14.269s][info][gc             ] GC(188) Pause Young (Allocation Failure) 2225M->2225M(2440M) 72.771ms
[14.269s][info][gc,cpu         ] GC(188) User=0.47s Sys=0.02s Real=0.07s
[14.321s][info][gc,start       ] GC(189) Pause Young (Allocation Failure)
[14.405s][info][gc,heap        ] GC(189) PSYoungGen: 159744K(159744K)->79296K(189440K) Eden: 44544K(44544K)->0K(49664K) From: 115200K(115200K)->79296K(139776K)
[14.405s][info][gc,heap        ] GC(189) ParOldGen: 2164099K(2339328K)->2245835K(2339328K)
[14.405s][info][gc,metaspace   ] GC(189) Metaspace: 6297K(6464K)->6297K(6464K) NonClass: 5764K(5824K)->5764K(5824K) Class: 533K(640K)->533K(640K)
[14.405s][info][gc             ] GC(189) Pause Young (Allocation Failure) 2269M->2270M(2469M) 84.079ms
[14.405s][info][gc,cpu         ] GC(189) User=0.55s Sys=0.08s Real=0.08s
[14.464s][info][gc,start       ] GC(190) Pause Young (Allocation Failure)
[14.528s][info][gc,heap        ] GC(190) PSYoungGen: 128960K(189440K)->129024K(190464K) Eden: 49664K(49664K)->0K(49664K) From: 79296K(139776K)->129024K(140800K)
[14.528s][info][gc,heap        ] GC(190) ParOldGen: 2245835K(2339328K)->2245835K(2339328K)
[14.528s][info][gc,metaspace   ] GC(190) Metaspace: 6297K(6464K)->6297K(6464K) NonClass: 5764K(5824K)->5764K(5824K) Class: 533K(640K)->533K(640K)
[14.528s][info][gc             ] GC(190) Pause Young (Allocation Failure) 2319M->2319M(2470M) 64.011ms
[14.528s][info][gc,cpu         ] GC(190) User=0.39s Sys=0.00s Real=0.06s
[14.586s][info][gc,start       ] GC(191) Pause Young (Allocation Failure)
[14.685s][info][gc,heap        ] GC(191) PSYoungGen: 178688K(190464K)->157184K(181248K) Eden: 49664K(49664K)->0K(24064K) From: 129024K(140800K)->157184K(157184K)
[14.685s][info][gc,heap        ] GC(191) ParOldGen: 2245835K(2339328K)->2267467K(2339328K)
[14.685s][info][gc,metaspace   ] GC(191) Metaspace: 6297K(6464K)->6297K(6464K) NonClass: 5764K(5824K)->5764K(5824K) Class: 533K(640K)->533K(640K)
[14.685s][info][gc             ] GC(191) Pause Young (Allocation Failure) 2367M->2367M(2461M) 99.250ms
[14.685s][info][gc,cpu         ] GC(191) User=0.56s Sys=0.09s Real=0.10s
[14.685s][info][gc,start       ] GC(192) Pause Full (Ergonomics)
[14.685s][info][gc,phases,start] GC(192) Marking Phase
[15.231s][info][gc,phases      ] GC(192) Marking Phase 545.309ms
[15.231s][info][gc,phases,start] GC(192) Summary Phase
[15.231s][info][gc,phases      ] GC(192) Summary Phase 0.077ms
[15.231s][info][gc,phases,start] GC(192) Adjust Roots
[15.231s][info][gc,phases      ] GC(192) Adjust Roots 0.228ms
[15.231s][info][gc,phases,start] GC(192) Compaction Phase
[15.463s][info][gc,phases      ] GC(192) Compaction Phase 231.839ms
[15.463s][info][gc,phases,start] GC(192) Post Compact
[15.468s][info][gc,phases      ] GC(192) Post Compact 4.850ms
[15.469s][info][gc,heap        ] GC(192) PSYoungGen: 157184K(181248K)->82750K(181248K) Eden: 0K(24064K)->0K(24064K) From: 157184K(157184K)->82750K(157184K)
[15.469s][info][gc,heap        ] GC(192) ParOldGen: 2267467K(2339328K)->2338885K(2615808K)
[15.469s][info][gc,metaspace   ] GC(192) Metaspace: 6297K(6464K)->6297K(6464K) NonClass: 5764K(5824K)->5764K(5824K) Class: 533K(640K)->533K(640K)
[15.469s][info][gc             ] GC(192) Pause Full (Ergonomics) 2367M->2364M(2731M) 783.795ms
[15.469s][info][gc,cpu         ] GC(192) User=5.59s Sys=0.03s Real=0.78s
[15.499s][info][gc,start       ] GC(193) Pause Young (Allocation Failure)
[15.659s][info][gc,heap        ] GC(193) PSYoungGen: 106814K(181248K)->71264K(95744K) Eden: 24064K(24064K)->0K(24064K) From: 82750K(157184K)->71264K(71680K)
[15.659s][info][gc,heap        ] GC(193) ParOldGen: 2338885K(2615808K)->2375085K(2615808K)
[15.659s][info][gc,metaspace   ] GC(193) Metaspace: 6297K(6464K)->6297K(6464K) NonClass: 5764K(5824K)->5764K(5824K) Class: 533K(640K)->533K(640K)
[15.659s][info][gc             ] GC(193) Pause Young (Allocation Failure) 2388M->2389M(2648M) 159.259ms
[15.659s][info][gc,cpu         ] GC(193) User=0.98s Sys=0.05s Real=0.16s
[15.686s][info][gc,start       ] GC(194) Pause Young (Allocation Failure)
[15.739s][info][gc,heap        ] GC(194) PSYoungGen: 95328K(95744K)->95296K(197120K) Eden: 24064K(24064K)->0K(26624K) From: 71264K(71680K)->95296K(170496K)
[15.739s][info][gc,heap        ] GC(194) ParOldGen: 2375085K(2615808K)->2375085K(2615808K)
[15.739s][info][gc,metaspace   ] GC(194) Metaspace: 6297K(6464K)->6297K(6464K) NonClass: 5764K(5824K)->5764K(5824K) Class: 533K(640K)->533K(640K)
[15.739s][info][gc             ] GC(194) Pause Young (Allocation Failure) 2412M->2412M(2747M) 52.745ms
[15.739s][info][gc,cpu         ] GC(194) User=0.30s Sys=0.00s Real=0.05s
[15.771s][info][gc,start       ] GC(195) Pause Young (Allocation Failure)
[15.835s][info][gc,heap        ] GC(195) PSYoungGen: 121920K(197120K)->99872K(201728K) Eden: 26624K(26624K)->0K(26624K) From: 95296K(170496K)->99872K(175104K)
[15.835s][info][gc,heap        ] GC(195) ParOldGen: 2375085K(2615808K)->2397421K(2615808K)
[15.835s][info][gc,metaspace   ] GC(195) Metaspace: 6297K(6464K)->6297K(6464K) NonClass: 5764K(5824K)->5764K(5824K) Class: 533K(640K)->533K(640K)
[15.835s][info][gc             ] GC(195) Pause Young (Allocation Failure) 2438M->2438M(2751M) 64.444ms
[15.835s][info][gc,cpu         ] GC(195) User=0.39s Sys=0.00s Real=0.07s
[15.867s][info][gc,start       ] GC(196) Pause Young (Allocation Failure)
[15.935s][info][gc,heap        ] GC(196) PSYoungGen: 126496K(201728K)->101600K(199168K) Eden: 26624K(26624K)->0K(30208K) From: 99872K(175104K)->101600K(168960K)
[15.935s][info][gc,heap        ] GC(196) ParOldGen: 2397421K(2615808K)->2422533K(2615808K)
[15.935s][info][gc,metaspace   ] GC(196) Metaspace: 6297K(6464K)->6297K(6464K) NonClass: 5764K(5824K)->5764K(5824K) Class: 533K(640K)->533K(640K)
[15.935s][info][gc             ] GC(196) Pause Young (Allocation Failure) 2464M->2464M(2749M) 67.933ms
[15.935s][info][gc,cpu         ] GC(196) User=0.38s Sys=0.03s Real=0.07s
[15.973s][info][gc,start       ] GC(197) Pause Young (Allocation Failure)
[16.041s][info][gc,heap        ] GC(197) PSYoungGen: 131808K(199168K)->107744K(200704K) Eden: 30208K(30208K)->0K(30208K) From: 101600K(168960K)->107744K(170496K)
[16.041s][info][gc,heap        ] GC(197) ParOldGen: 2422533K(2615808K)->2446821K(2615808K)
[16.041s][info][gc,metaspace   ] GC(197) Metaspace: 6297K(6464K)->6297K(6464K) NonClass: 5764K(5824K)->5764K(5824K) Class: 533K(640K)->533K(640K)
[16.041s][info][gc             ] GC(197) Pause Young (Allocation Failure) 2494M->2494M(2750M) 67.496ms
[16.041s][info][gc,cpu         ] GC(197) User=0.39s Sys=0.02s Real=0.07s
[16.076s][info][gc,start       ] GC(198) Pause Young (Allocation Failure)
[16.147s][info][gc,heap        ] GC(198) PSYoungGen: 137952K(200704K)->113952K(202752K) Eden: 30208K(30208K)->0K(32768K) From: 107744K(170496K)->113952K(169984K)
[16.147s][info][gc,heap        ] GC(198) ParOldGen: 2446821K(2615808K)->2471101K(2615808K)
[16.147s][info][gc,metaspace   ] GC(198) Metaspace: 6297K(6464K)->6297K(6464K) NonClass: 5764K(5824K)->5764K(5824K) Class: 533K(640K)->533K(640K)
[16.147s][info][gc             ] GC(198) Pause Young (Allocation Failure) 2524M->2524M(2752M) 70.971ms
[16.147s][info][gc,cpu         ] GC(198) User=0.50s Sys=0.00s Real=0.07s
[16.191s][info][gc,start       ] GC(199) Pause Young (Allocation Failure)
[16.272s][info][gc,heap        ] GC(199) PSYoungGen: 146720K(202752K)->93376K(126464K) Eden: 32768K(32768K)->0K(32768K) From: 113952K(169984K)->93376K(93696K)
[16.272s][info][gc,heap        ] GC(199) ParOldGen: 2471101K(2615808K)->2524797K(2615808K)
[16.272s][info][gc,metaspace   ] GC(199) Metaspace: 6297K(6464K)->6297K(6464K) NonClass: 5764K(5824K)->5764K(5824K) Class: 533K(640K)->533K(640K)
[16.272s][info][gc             ] GC(199) Pause Young (Allocation Failure) 2556M->2556M(2678M) 80.825ms
[16.272s][info][gc,cpu         ] GC(199) User=0.41s Sys=0.08s Real=0.08s
[16.314s][info][gc,start       ] GC(200) Pause Young (Allocation Failure)
[16.383s][info][gc,heap        ] GC(200) PSYoungGen: 126144K(126464K)->65696K(195072K) Eden: 32768K(32768K)->0K(37376K) From: 93376K(93696K)->65696K(157696K)
[16.384s][info][gc,heap        ] GC(200) ParOldGen: 2524797K(2615808K)->2585733K(2615808K)
[16.384s][info][gc,metaspace   ] GC(200) Metaspace: 6297K(6464K)->6297K(6464K) NonClass: 5764K(5824K)->5764K(5824K) Class: 533K(640K)->533K(640K)
[16.384s][info][gc             ] GC(200) Pause Young (Allocation Failure) 2588M->2589M(2745M) 69.746ms
[16.384s][info][gc,cpu         ] GC(200) User=0.36s Sys=0.05s Real=0.07s
[16.384s][info][gc,start       ] GC(201) Pause Full (Ergonomics)
[16.384s][info][gc,phases,start] GC(201) Marking Phase
[16.967s][info][gc,phases      ] GC(201) Marking Phase 583.418ms
[16.967s][info][gc,phases,start] GC(201) Summary Phase
[16.967s][info][gc,phases      ] GC(201) Summary Phase 0.054ms
[16.967s][info][gc,phases,start] GC(201) Adjust Roots
[16.967s][info][gc,phases      ] GC(201) Adjust Roots 0.197ms
[16.968s][info][gc,phases,start] GC(201) Compaction Phase
[17.199s][info][gc,phases      ] GC(201) Compaction Phase 231.813ms
[17.199s][info][gc,phases,start] GC(201) Post Compact
[17.204s][info][gc,phases      ] GC(201) Post Compact 5.005ms
[17.206s][info][gc,heap        ] GC(201) PSYoungGen: 65696K(195072K)->33275K(198656K) Eden: 0K(37376K)->0K(40960K) From: 65696K(157696K)->33275K(157696K)
[17.206s][info][gc,heap        ] GC(201) ParOldGen: 2585733K(2615808K)->2615450K(2907136K)
[17.206s][info][gc,metaspace   ] GC(201) Metaspace: 6297K(6464K)->6297K(6464K) NonClass: 5764K(5824K)->5764K(5824K) Class: 533K(640K)->533K(640K)
[17.206s][info][gc             ] GC(201) Pause Full (Ergonomics) 2589M->2586M(3033M) 821.928ms
[17.206s][info][gc,cpu         ] GC(201) User=6.11s Sys=0.03s Real=0.82s
[17.258s][info][gc,start       ] GC(202) Pause Young (Allocation Failure)
[17.408s][info][gc,heap        ] GC(202) PSYoungGen: 74235K(198656K)->41120K(202240K) Eden: 40960K(40960K)->0K(40960K) From: 33275K(157696K)->41120K(161280K)
[17.408s][info][gc,heap        ] GC(202) ParOldGen: 2615450K(2907136K)->2649066K(2907136K)
[17.408s][info][gc,metaspace   ] GC(202) Metaspace: 6297K(6464K)->6297K(6464K) NonClass: 5764K(5824K)->5764K(5824K) Class: 533K(640K)->533K(640K)
[17.408s][info][gc             ] GC(202) Pause Young (Allocation Failure) 2626M->2627M(3036M) 150.016ms
[17.408s][info][gc,cpu         ] GC(202) User=0.88s Sys=0.03s Real=0.15s
[17.456s][info][gc,start       ] GC(203) Pause Young (Allocation Failure)
[17.506s][info][gc,heap        ] GC(203) PSYoungGen: 82080K(202240K)->41120K(205824K) Eden: 40960K(40960K)->0K(45568K) From: 41120K(161280K)->41120K(160256K)
[17.506s][info][gc,heap        ] GC(203) ParOldGen: 2649066K(2907136K)->2690394K(2907136K)
[17.506s][info][gc,metaspace   ] GC(203) Metaspace: 6297K(6464K)->6297K(6464K) NonClass: 5764K(5824K)->5764K(5824K) Class: 533K(640K)->533K(640K)
[17.507s][info][gc             ] GC(203) Pause Young (Allocation Failure) 2667M->2667M(3040M) 50.390ms
[17.507s][info][gc,cpu         ] GC(203) User=0.25s Sys=0.02s Real=0.05s
[17.557s][info][gc,start       ] GC(204) Pause Young (Allocation Failure)
[17.607s][info][gc,heap        ] GC(204) PSYoungGen: 86688K(205824K)->45728K(206848K) Eden: 45568K(45568K)->0K(45568K) From: 41120K(160256K)->45728K(161280K)
[17.607s][info][gc,heap        ] GC(204) ParOldGen: 2690394K(2907136K)->2731714K(2907136K)
[17.607s][info][gc,metaspace   ] GC(204) Metaspace: 6297K(6464K)->6297K(6464K) NonClass: 5764K(5824K)->5764K(5824K) Class: 533K(640K)->533K(640K)
[17.607s][info][gc             ] GC(204) Pause Young (Allocation Failure) 2711M->2712M(3041M) 49.952ms
[17.607s][info][gc,cpu         ] GC(204) User=0.27s Sys=0.02s Real=0.05s
[17.663s][info][gc,start       ] GC(205) Pause Young (Allocation Failure)
[17.715s][info][gc,heap        ] GC(205) PSYoungGen: 91296K(206848K)->45728K(201728K) Eden: 45568K(45568K)->0K(50176K) From: 45728K(161280K)->45728K(151552K)
[17.715s][info][gc,heap        ] GC(205) ParOldGen: 2731714K(2907136K)->2777698K(2907136K)
[17.715s][info][gc,metaspace   ] GC(205) Metaspace: 6297K(6464K)->6297K(6464K) NonClass: 5764K(5824K)->5764K(5824K) Class: 533K(640K)->533K(640K)
[17.715s][info][gc             ] GC(205) Pause Young (Allocation Failure) 2756M->2757M(3036M) 52.446ms
[17.715s][info][gc,cpu         ] GC(205) User=0.28s Sys=0.00s Real=0.05s
[18.325s][info][gc,start       ] GC(206) Pause Young (Allocation Failure)
[18.442s][info][gc,heap        ] GC(206) PSYoungGen: 95904K(201728K)->50368K(205824K) Eden: 50176K(50176K)->0K(50176K) From: 45728K(151552K)->50368K(155648K)
[18.442s][info][gc,heap        ] GC(206) ParOldGen: 2908770K(3038720K)->2954762K(3038720K)
[18.442s][info][gc,metaspace   ] GC(206) Metaspace: 6297K(6464K)->6297K(6464K) NonClass: 5764K(5824K)->5764K(5824K) Class: 533K(640K)->533K(640K)
[18.442s][info][gc             ] GC(206) Pause Young (Allocation Failure) 2934M->2934M(3168M) 116.641ms
[18.442s][info][gc,cpu         ] GC(206) User=0.80s Sys=0.00s Real=0.12s
[18.496s][info][gc,start       ] GC(207) Pause Young (Allocation Failure)
[18.562s][info][gc,heap        ] GC(207) PSYoungGen: 100544K(205824K)->100640K(203264K) Eden: 50176K(50176K)->0K(51712K) From: 50368K(155648K)->100640K(151552K)
[18.562s][info][gc,heap        ] GC(207) ParOldGen: 2954762K(3038720K)->2954762K(3038720K)
[18.563s][info][gc,metaspace   ] GC(207) Metaspace: 6297K(6464K)->6297K(6464K) NonClass: 5764K(5824K)->5764K(5824K) Class: 533K(640K)->533K(640K)
[18.563s][info][gc             ] GC(207) Pause Young (Allocation Failure) 2983M->2983M(3166M) 66.347ms
[18.563s][info][gc,cpu         ] GC(207) User=0.27s Sys=0.00s Real=0.07s
[18.615s][info][gc,start       ] GC(208) Pause Young (Allocation Failure)
[18.696s][info][gc,heap        ] GC(208) PSYoungGen: 152352K(203264K)->152416K(206336K) Eden: 51712K(51712K)->0K(51712K) From: 100640K(151552K)->152416K(154624K)
[18.696s][info][gc,heap        ] GC(208) ParOldGen: 2954762K(3038720K)->2954762K(3038720K)
[18.696s][info][gc,metaspace   ] GC(208) Metaspace: 6297K(6464K)->6297K(6464K) NonClass: 5764K(5824K)->5764K(5824K) Class: 533K(640K)->533K(640K)
[18.696s][info][gc             ] GC(208) Pause Young (Allocation Failure) 3034M->3034M(3169M) 81.541ms
[18.697s][info][gc,cpu         ] GC(208) User=0.31s Sys=0.00s Real=0.08s
[18.748s][info][gc,start       ] GC(209) Pause Young (Allocation Failure)
[18.849s][info][gc,heap        ] GC(209) PSYoungGen: 204128K(206336K)->153984K(215552K) Eden: 51712K(51712K)->0K(39936K) From: 152416K(154624K)->153984K(175616K)
[18.849s][info][gc,heap        ] GC(209) ParOldGen: 2954762K(3038720K)->3005402K(3038720K)
[18.849s][info][gc,metaspace   ] GC(209) Metaspace: 6297K(6464K)->6297K(6464K) NonClass: 5764K(5824K)->5764K(5824K) Class: 533K(640K)->533K(640K)
[18.849s][info][gc             ] GC(209) Pause Young (Allocation Failure) 3084M->3085M(3178M) 101.492ms
[18.849s][info][gc,cpu         ] GC(209) User=0.58s Sys=0.03s Real=0.10s
[18.849s][info][gc,start       ] GC(210) Pause Full (Ergonomics)
[18.849s][info][gc,phases,start] GC(210) Marking Phase
[19.533s][info][gc,phases      ] GC(210) Marking Phase 684.334ms
[19.534s][info][gc,phases,start] GC(210) Summary Phase
[19.534s][info][gc,phases      ] GC(210) Summary Phase 0.044ms
[19.534s][info][gc,phases,start] GC(210) Adjust Roots
[19.534s][info][gc,phases      ] GC(210) Adjust Roots 0.198ms
[19.534s][info][gc,phases,start] GC(210) Compaction Phase
[20.049s][info][gc,phases      ] GC(210) Compaction Phase 515.003ms
[20.049s][info][gc,phases,start] GC(210) Post Compact
[20.055s][info][gc,phases      ] GC(210) Post Compact 6.533ms
[20.057s][info][gc,heap        ] GC(210) PSYoungGen: 153984K(215552K)->52324K(215552K) Eden: 0K(39936K)->0K(39936K) From: 153984K(175616K)->52324K(175616K)
[20.057s][info][gc,heap        ] GC(210) ParOldGen: 3005402K(3038720K)->3038501K(3346944K)
[20.057s][info][gc,metaspace   ] GC(210) Metaspace: 6297K(6464K)->6297K(6464K) NonClass: 5764K(5824K)->5764K(5824K) Class: 533K(640K)->533K(640K)
[20.057s][info][gc             ] GC(210) Pause Full (Ergonomics) 3085M->3018M(3479M) 1207.639ms
[20.057s][info][gc,cpu         ] GC(210) User=8.20s Sys=0.06s Real=1.21s
[20.099s][info][gc,start       ] GC(211) Pause Young (Allocation Failure)
[20.265s][info][gc,heap        ] GC(211) PSYoungGen: 92260K(215552K)->86400K(126464K) Eden: 39936K(39936K)->0K(39936K) From: 52324K(175616K)->86400K(86528K)
[20.265s][info][gc,heap        ] GC(211) ParOldGen: 3038501K(3346944K)->3044741K(3346944K)
[20.265s][info][gc,metaspace   ] GC(211) Metaspace: 6297K(6464K)->6297K(6464K) NonClass: 5764K(5824K)->5764K(5824K) Class: 533K(640K)->533K(640K)
[20.265s][info][gc             ] GC(211) Pause Young (Allocation Failure) 3057M->3057M(3392M) 166.265ms
[20.265s][info][gc,cpu         ] GC(211) User=1.00s Sys=0.00s Real=0.17s
[20.307s][info][gc,start       ] GC(212) Pause Young (Allocation Failure)
[20.376s][info][gc,heap        ] GC(212) PSYoungGen: 126336K(126464K)->126400K(222208K) Eden: 39936K(39936K)->0K(39424K) From: 86400K(86528K)->126400K(182784K)
[20.376s][info][gc,heap        ] GC(212) ParOldGen: 3044741K(3346944K)->3044741K(3346944K)
[20.376s][info][gc,metaspace   ] GC(212) Metaspace: 6297K(6464K)->6297K(6464K) NonClass: 5764K(5824K)->5764K(5824K) Class: 533K(640K)->533K(640K)
[20.376s][info][gc             ] GC(212) Pause Young (Allocation Failure) 3096M->3096M(3485M) 69.295ms
[20.376s][info][gc,cpu         ] GC(212) User=0.33s Sys=0.02s Real=0.07s
[20.424s][info][gc,start       ] GC(213) Pause Young (Allocation Failure)
[20.506s][info][gc,heap        ] GC(213) PSYoungGen: 165824K(222208K)->147680K(226816K) Eden: 39424K(39424K)->0K(39424K) From: 126400K(182784K)->147680K(187392K)
[20.506s][info][gc,heap        ] GC(213) ParOldGen: 3044741K(3346944K)->3063165K(3346944K)
[20.506s][info][gc,metaspace   ] GC(213) Metaspace: 6297K(6464K)->6297K(6464K) NonClass: 5764K(5824K)->5764K(5824K) Class: 533K(640K)->533K(640K)
[20.506s][info][gc             ] GC(213) Pause Young (Allocation Failure) 3135M->3135M(3490M) 82.093ms
[20.506s][info][gc,cpu         ] GC(213) User=0.41s Sys=0.00s Real=0.08s
[20.548s][info][gc,start       ] GC(214) Pause Young (Allocation Failure)
[20.637s][info][gc,heap        ] GC(214) PSYoungGen: 187104K(226816K)->159072K(230400K) Eden: 39424K(39424K)->0K(31744K) From: 147680K(187392K)->159072K(198656K)
[20.637s][info][gc,heap        ] GC(214) ParOldGen: 3063165K(3346944K)->3091413K(3346944K)
[20.637s][info][gc,metaspace   ] GC(214) Metaspace: 6297K(6464K)->6297K(6464K) NonClass: 5764K(5824K)->5764K(5824K) Class: 533K(640K)->533K(640K)
[20.637s][info][gc             ] GC(214) Pause Young (Allocation Failure) 3174M->3174M(3493M) 88.663ms
[20.637s][info][gc,cpu         ] GC(214) User=0.44s Sys=0.05s Real=0.09s
[20.670s][info][gc,start       ] GC(215) Pause Young (Allocation Failure)
[20.761s][info][gc,heap        ] GC(215) PSYoungGen: 190816K(230400K)->110848K(142848K) Eden: 31744K(31744K)->0K(31744K) From: 159072K(198656K)->110848K(111104K)
[20.761s][info][gc,heap        ] GC(215) ParOldGen: 3091413K(3346944K)->3171973K(3346944K)
[20.761s][info][gc,metaspace   ] GC(215) Metaspace: 6297K(6464K)->6297K(6464K) NonClass: 5764K(5824K)->5764K(5824K) Class: 533K(640K)->533K(640K)
[20.761s][info][gc             ] GC(215) Pause Young (Allocation Failure) 3205M->3205M(3408M) 91.300ms
[20.762s][info][gc,cpu         ] GC(215) User=0.44s Sys=0.12s Real=0.09s
[20.792s][info][gc,start       ] GC(216) Pause Young (Allocation Failure)
[20.867s][info][gc,heap        ] GC(216) PSYoungGen: 142592K(142848K)->63712K(233984K) Eden: 31744K(31744K)->0K(36352K) From: 110848K(111104K)->63712K(197632K)
[20.867s][info][gc,heap        ] GC(216) ParOldGen: 3171973K(3346944K)->3251493K(3346944K)
[20.867s][info][gc,metaspace   ] GC(216) Metaspace: 6297K(6464K)->6297K(6464K) NonClass: 5764K(5824K)->5764K(5824K) Class: 533K(640K)->533K(640K)
[20.867s][info][gc             ] GC(216) Pause Young (Allocation Failure) 3236M->3237M(3497M) 74.541ms
[20.867s][info][gc,cpu         ] GC(216) User=0.39s Sys=0.02s Real=0.07s
[20.904s][info][gc,start       ] GC(217) Pause Young (Allocation Failure)
[20.968s][info][gc,heap        ] GC(217) PSYoungGen: 100064K(233984K)->36512K(236544K) Eden: 36352K(36352K)->0K(36352K) From: 63712K(197632K)->36512K(200192K)
[20.968s][info][gc,heap        ] GC(217) ParOldGen: 3251493K(3346944K)->3315517K(3346944K)
[20.968s][info][gc,metaspace   ] GC(217) Metaspace: 6297K(6464K)->6297K(6464K) NonClass: 5764K(5824K)->5764K(5824K) Class: 533K(640K)->533K(640K)
[20.968s][info][gc             ] GC(217) Pause Young (Allocation Failure) 3273M->3273M(3499M) 63.970ms
[20.968s][info][gc,cpu         ] GC(217) User=0.25s Sys=0.05s Real=0.06s
[20.968s][info][gc,start       ] GC(218) Pause Full (Ergonomics)
[20.968s][info][gc,phases,start] GC(218) Marking Phase
[21.726s][info][gc,phases      ] GC(218) Marking Phase 757.782ms
[21.726s][info][gc,phases,start] GC(218) Summary Phase
[21.726s][info][gc,phases      ] GC(218) Summary Phase 0.061ms
[21.726s][info][gc,phases,start] GC(218) Adjust Roots
[21.727s][info][gc,phases      ] GC(218) Adjust Roots 0.213ms
[21.727s][info][gc,phases,start] GC(218) Compaction Phase
[22.063s][info][gc,phases      ] GC(218) Compaction Phase 336.402ms
[22.063s][info][gc,phases,start] GC(218) Post Compact
[22.069s][info][gc,phases      ] GC(218) Post Compact 5.963ms
[22.070s][info][gc,heap        ] GC(218) PSYoungGen: 36512K(236544K)->2609K(236544K) Eden: 0K(36352K)->0K(36352K) From: 36512K(200192K)->2609K(200192K)
[22.070s][info][gc,heap        ] GC(218) ParOldGen: 3315517K(3346944K)->3346555K(3706368K)
[22.070s][info][gc,metaspace   ] GC(218) Metaspace: 6297K(6464K)->6297K(6464K) NonClass: 5764K(5824K)->5764K(5824K) Class: 533K(640K)->533K(640K)
[22.070s][info][gc             ] GC(218) Pause Full (Ergonomics) 3273M->3270M(3850M) 1101.979ms
[22.070s][info][gc,cpu         ] GC(218) User=7.81s Sys=0.06s Real=1.10s
[22.111s][info][gc,start       ] GC(219) Pause Young (Allocation Failure)
[22.288s][info][gc,heap        ] GC(219) PSYoungGen: 38961K(236544K)->36544K(238592K) Eden: 36352K(36352K)->0K(40448K) From: 2609K(200192K)->36544K(198144K)
[22.288s][info][gc,heap        ] GC(219) ParOldGen: 3346555K(3706368K)->3349219K(3706368K)
[22.288s][info][gc,metaspace   ] GC(219) Metaspace: 6297K(6464K)->6297K(6464K) NonClass: 5764K(5824K)->5764K(5824K) Class: 533K(640K)->533K(640K)
[22.288s][info][gc             ] GC(219) Pause Young (Allocation Failure) 3306M->3306M(3852M) 176.852ms
[22.288s][info][gc,cpu         ] GC(219) User=1.02s Sys=0.00s Real=0.18s
[22.331s][info][gc,start       ] GC(220) Pause Young (Allocation Failure)
[22.389s][info][gc,heap        ] GC(220) PSYoungGen: 76992K(238592K)->40608K(240640K) Eden: 40448K(40448K)->0K(40448K) From: 36544K(198144K)->40608K(200192K)
[22.389s][info][gc,heap        ] GC(220) ParOldGen: 3349219K(3706368K)->3385899K(3706368K)
[22.389s][info][gc,metaspace   ] GC(220) Metaspace: 6297K(6464K)->6297K(6464K) NonClass: 5764K(5824K)->5764K(5824K) Class: 533K(640K)->533K(640K)
[22.389s][info][gc             ] GC(220) Pause Young (Allocation Failure) 3345M->3346M(3854M) 57.863ms
[22.389s][info][gc,cpu         ] GC(220) User=0.19s Sys=0.00s Real=0.06s
[22.433s][info][gc,start       ] GC(221) Pause Young (Allocation Failure)
[22.492s][info][gc,heap        ] GC(221) PSYoungGen: 81056K(240640K)->40608K(233984K) Eden: 40448K(40448K)->0K(45056K) From: 40608K(200192K)->40608K(188928K)
[22.492s][info][gc,heap        ] GC(221) ParOldGen: 3385899K(3706368K)->3426715K(3706368K)
[22.492s][info][gc,metaspace   ] GC(221) Metaspace: 6297K(6464K)->6297K(6464K) NonClass: 5764K(5824K)->5764K(5824K) Class: 533K(640K)->533K(640K)
[22.492s][info][gc             ] GC(221) Pause Young (Allocation Failure) 3385M->3386M(3848M) 58.346ms
[22.492s][info][gc,cpu         ] GC(221) User=0.19s Sys=0.02s Real=0.06s
[22.532s][info][gc,start       ] GC(222) Pause Young (Allocation Failure)
[22.594s][info][gc,heap        ] GC(222) PSYoungGen: 85664K(233984K)->45280K(90624K) Eden: 45056K(45056K)->0K(45056K) From: 40608K(188928K)->45280K(45568K)
[22.594s][info][gc,heap        ] GC(222) ParOldGen: 3426715K(3706368K)->3467539K(3706368K)
[22.594s][info][gc,metaspace   ] GC(222) Metaspace: 6297K(6464K)->6297K(6464K) NonClass: 5764K(5824K)->5764K(5824K) Class: 533K(640K)->533K(640K)
[22.594s][info][gc             ] GC(222) Pause Young (Allocation Failure) 3430M->3430M(3708M) 61.662ms
[22.594s][info][gc,cpu         ] GC(222) User=0.19s Sys=0.00s Real=0.06s
[22.639s][info][gc,start       ] GC(223) Pause Young (Allocation Failure)
[22.697s][info][gc,heap        ] GC(223) PSYoungGen: 90336K(90624K)->45280K(226304K) Eden: 45056K(45056K)->0K(50176K) From: 45280K(45568K)->45280K(176128K)
[22.698s][info][gc,heap        ] GC(223) ParOldGen: 3467539K(3706368K)->3513003K(3706368K)
[22.698s][info][gc,metaspace   ] GC(223) Metaspace: 6297K(6464K)->6297K(6464K) NonClass: 5764K(5824K)->5764K(5824K) Class: 533K(640K)->533K(640K)
[22.698s][info][gc             ] GC(223) Pause Young (Allocation Failure) 3474M->3474M(3840M) 58.701ms
[22.698s][info][gc,cpu         ] GC(223) User=0.17s Sys=0.02s Real=0.06s
[22.752s][info][gc,start       ] GC(224) Pause Young (Allocation Failure)
[22.814s][info][gc,heap        ] GC(224) PSYoungGen: 95456K(226304K)->50400K(100864K) Eden: 50176K(50176K)->0K(50176K) From: 45280K(176128K)->50400K(50688K)
[22.814s][info][gc,heap        ] GC(224) ParOldGen: 3513003K(3706368K)->3558467K(3706368K)
[22.814s][info][gc,metaspace   ] GC(224) Metaspace: 6297K(6464K)->6297K(6464K) NonClass: 5764K(5824K)->5764K(5824K) Class: 533K(640K)->533K(640K)
[22.814s][info][gc             ] GC(224) Pause Young (Allocation Failure) 3523M->3524M(3718M) 61.800ms
[22.814s][info][gc,cpu         ] GC(224) User=0.30s Sys=0.00s Real=0.06s
[22.868s][info][gc,start       ] GC(225) Pause Young (Allocation Failure)
[22.935s][info][gc,heap        ] GC(225) PSYoungGen: 100576K(100864K)->50432K(216064K) Eden: 50176K(50176K)->0K(55808K) From: 50400K(50688K)->50432K(160256K)
[22.935s][info][gc,heap        ] GC(225) ParOldGen: 3558467K(3706368K)->3609107K(3706368K)
[22.935s][info][gc,metaspace   ] GC(225) Metaspace: 6297K(6464K)->6297K(6464K) NonClass: 5764K(5824K)->5764K(5824K) Class: 533K(640K)->533K(640K)
[22.935s][info][gc             ] GC(225) Pause Young (Allocation Failure) 3573M->3573M(3830M) 67.238ms
[22.935s][info][gc,cpu         ] GC(225) User=0.31s Sys=0.02s Real=0.07s
[22.995s][info][gc,start       ] GC(226) Pause Young (Allocation Failure)
[23.064s][info][gc,heap        ] GC(226) PSYoungGen: 106240K(216064K)->56000K(112128K) Eden: 55808K(55808K)->0K(55808K) From: 50432K(160256K)->56000K(56320K)
[23.064s][info][gc,heap        ] GC(226) ParOldGen: 3609107K(3706368K)->3659731K(3706368K)
[23.064s][info][gc,metaspace   ] GC(226) Metaspace: 6297K(6464K)->6297K(6464K) NonClass: 5764K(5824K)->5764K(5824K) Class: 533K(640K)->533K(640K)
[23.064s][info][gc             ] GC(226) Pause Young (Allocation Failure) 3628M->3628M(3729M) 68.748ms
[23.064s][info][gc,cpu         ] GC(226) User=0.31s Sys=0.00s Real=0.07s
[23.064s][info][gc,start       ] GC(227) Pause Full (Ergonomics)
[23.064s][info][gc,phases,start] GC(227) Marking Phase
[23.896s][info][gc,phases      ] GC(227) Marking Phase 831.923ms
[23.896s][info][gc,phases,start] GC(227) Summary Phase
[23.896s][info][gc,phases      ] GC(227) Summary Phase 0.072ms
[23.896s][info][gc,phases,start] GC(227) Adjust Roots
[23.896s][info][gc,phases      ] GC(227) Adjust Roots 0.177ms
[23.896s][info][gc,phases,start] GC(227) Compaction Phase
[24.265s][info][gc,phases      ] GC(227) Compaction Phase 368.657ms
[24.265s][info][gc,phases,start] GC(227) Post Compact
[24.272s][info][gc,phases      ] GC(227) Post Compact 7.021ms
[24.273s][info][gc,heap        ] GC(227) PSYoungGen: 56000K(112128K)->6222K(112128K) Eden: 0K(55808K)->0K(55808K) From: 56000K(56320K)->6222K(56320K)
[24.273s][info][gc,heap        ] GC(227) ParOldGen: 3659731K(3706368K)->3706202K(4078592K)
[24.273s][info][gc,metaspace   ] GC(227) Metaspace: 6297K(6464K)->6297K(6464K) NonClass: 5764K(5824K)->5764K(5824K) Class: 533K(640K)->533K(640K)
[24.273s][info][gc             ] GC(227) Pause Full (Ergonomics) 3628M->3625M(4092M) 1209.437ms
[24.273s][info][gc,cpu         ] GC(227) User=8.67s Sys=0.05s Real=1.21s
[24.331s][info][gc,start       ] GC(228) Pause Young (Allocation Failure)
[24.527s][info][gc,heap        ] GC(228) PSYoungGen: 62030K(112128K)->56032K(206336K) Eden: 55808K(55808K)->0K(61440K) From: 6222K(56320K)->56032K(144896K)
[24.527s][info][gc,heap        ] GC(228) ParOldGen: 3706202K(4078592K)->3712506K(4078592K)
[24.527s][info][gc,metaspace   ] GC(228) Metaspace: 6297K(6464K)->6297K(6464K) NonClass: 5764K(5824K)->5764K(5824K) Class: 533K(640K)->533K(640K)
[24.527s][info][gc             ] GC(228) Pause Young (Allocation Failure) 3679M->3680M(4184M) 195.796ms
[24.527s][info][gc,cpu         ] GC(228) User=1.20s Sys=0.00s Real=0.19s
[24.590s][info][gc,start       ] GC(229) Pause Young (Allocation Failure)
[24.658s][info][gc,heap        ] GC(229) PSYoungGen: 117472K(206336K)->117568K(214016K) Eden: 61440K(61440K)->0K(61440K) From: 56032K(144896K)->117568K(152576K)
[24.658s][info][gc,heap        ] GC(229) ParOldGen: 3712506K(4078592K)->3712506K(4078592K)
[24.658s][info][gc,metaspace   ] GC(229) Metaspace: 6297K(6464K)->6297K(6464K) NonClass: 5764K(5824K)->5764K(5824K) Class: 533K(640K)->533K(640K)
[24.658s][info][gc             ] GC(229) Pause Young (Allocation Failure) 3740M->3740M(4192M) 67.791ms
[24.658s][info][gc,cpu         ] GC(229) User=0.23s Sys=0.00s Real=0.07s
[24.726s][info][gc,start       ] GC(230) Pause Young (Allocation Failure)
[24.815s][info][gc,heap        ] GC(230) PSYoungGen: 179008K(214016K)->162816K(199680K) Eden: 61440K(61440K)->0K(36864K) From: 117568K(152576K)->162816K(162816K)
[24.815s][info][gc,heap        ] GC(230) ParOldGen: 3712506K(4078592K)->3728818K(4078592K)
[24.815s][info][gc,metaspace   ] GC(230) Metaspace: 6297K(6464K)->6297K(6464K) NonClass: 5764K(5824K)->5764K(5824K) Class: 533K(640K)->533K(640K)
[24.815s][info][gc             ] GC(230) Pause Young (Allocation Failure) 3800M->3800M(4178M) 89.242ms
[24.815s][info][gc,cpu         ] GC(230) User=0.58s Sys=0.06s Real=0.09s
[24.856s][info][gc,start       ] GC(231) Pause Young (Allocation Failure)
[24.956s][info][gc,heap        ] GC(231) PSYoungGen: 199680K(199680K)->92576K(129536K) Eden: 36864K(36864K)->0K(36864K) From: 162816K(162816K)->92576K(92672K)
[24.957s][info][gc,heap        ] GC(231) ParOldGen: 3728818K(4078592K)->3836890K(4078592K)
[24.957s][info][gc,metaspace   ] GC(231) Metaspace: 6297K(6464K)->6297K(6464K) NonClass: 5764K(5824K)->5764K(5824K) Class: 533K(640K)->533K(640K)
[24.957s][info][gc             ] GC(231) Pause Young (Allocation Failure) 3836M->3837M(4109M) 101.007ms
[24.957s][info][gc,cpu         ] GC(231) User=0.83s Sys=0.05s Real=0.10s
[24.993s][info][gc,start       ] GC(232) Pause Young (Allocation Failure)
[25.065s][info][gc,heap        ] GC(232) PSYoungGen: 129440K(129536K)->73920K(210432K) Eden: 36864K(36864K)->0K(41472K) From: 92576K(92672K)->73920K(168960K)
[25.065s][info][gc,heap        ] GC(232) ParOldGen: 3836890K(4078592K)->3892810K(4078592K)
[25.065s][info][gc,metaspace   ] GC(232) Metaspace: 6297K(6464K)->6297K(6464K) NonClass: 5764K(5824K)->5764K(5824K) Class: 533K(640K)->533K(640K)
[25.065s][info][gc             ] GC(232) Pause Young (Allocation Failure) 3873M->3873M(4188M) 71.547ms
[25.065s][info][gc,cpu         ] GC(232) User=0.38s Sys=0.14s Real=0.07s
[25.105s][info][gc,start       ] GC(233) Pause Young (Allocation Failure)
[25.174s][info][gc,heap        ] GC(233) PSYoungGen: 115392K(210432K)->78624K(120320K) Eden: 41472K(41472K)->0K(41472K) From: 73920K(168960K)->78624K(78848K)
[25.174s][info][gc,heap        ] GC(233) ParOldGen: 3892810K(4078592K)->3930002K(4078592K)
[25.174s][info][gc,metaspace   ] GC(233) Metaspace: 6297K(6464K)->6297K(6464K) NonClass: 5764K(5824K)->5764K(5824K) Class: 533K(640K)->533K(640K)
[25.174s][info][gc             ] GC(233) Pause Young (Allocation Failure) 3914M->3914M(4100M) 68.773ms
[25.174s][info][gc,cpu         ] GC(233) User=0.30s Sys=0.00s Real=0.07s
[25.219s][info][gc,start       ] GC(234) Pause Young (Allocation Failure)
[25.291s][info][gc,heap        ] GC(234) PSYoungGen: 120096K(120320K)->41664K(212480K) Eden: 41472K(41472K)->0K(47104K) From: 78624K(78848K)->41664K(165376K)
[25.291s][info][gc,heap        ] GC(234) ParOldGen: 3930002K(4078592K)->4009010K(4078592K)
[25.291s][info][gc,metaspace   ] GC(234) Metaspace: 6297K(6464K)->6297K(6464K) NonClass: 5764K(5824K)->5764K(5824K) Class: 533K(640K)->533K(640K)
[25.291s][info][gc             ] GC(234) Pause Young (Allocation Failure) 3955M->3955M(4190M) 72.322ms
[25.291s][info][gc,cpu         ] GC(234) User=0.27s Sys=0.19s Real=0.07s
[25.291s][info][gc,start       ] GC(235) Pause Full (Ergonomics)
[25.292s][info][gc,phases,start] GC(235) Marking Phase
[26.195s][info][gc,phases      ] GC(235) Marking Phase 903.224ms
[26.195s][info][gc,phases,start] GC(235) Summary Phase
[26.195s][info][gc,phases      ] GC(235) Summary Phase 0.076ms
[26.195s][info][gc,phases,start] GC(235) Adjust Roots
[26.195s][info][gc,phases      ] GC(235) Adjust Roots 0.161ms
[26.195s][info][gc,phases,start] GC(235) Compaction Phase
[26.553s][info][gc,phases      ] GC(235) Compaction Phase 357.834ms
[26.553s][info][gc,phases,start] GC(235) Post Compact
[26.560s][info][gc,phases      ] GC(235) Post Compact 6.641ms
[26.561s][info][gc,heap        ] GC(235) PSYoungGen: 41664K(212480K)->0K(214016K) Eden: 0K(47104K)->0K(47104K) From: 41664K(165376K)->0K(166912K)
[26.561s][info][gc,heap        ] GC(235) ParOldGen: 4009010K(4078592K)->4047549K(4474368K)
[26.561s][info][gc,metaspace   ] GC(235) Metaspace: 6297K(6464K)->6297K(6464K) NonClass: 5764K(5824K)->5764K(5824K) Class: 533K(640K)->533K(640K)
[26.561s][info][gc             ] GC(235) Pause Full (Ergonomics) 3955M->3952M(4578M) 1269.550ms
[26.561s][info][gc,cpu         ] GC(235) User=9.52s Sys=0.00s Real=1.27s
[26.620s][info][gc,start       ] GC(236) Pause Young (Allocation Failure)
[26.668s][info][gc,heap        ] GC(236) PSYoungGen: 47104K(214016K)->47296K(209920K) Eden: 47104K(47104K)->0K(51712K) From: 0K(166912K)->47296K(158208K)
[26.668s][info][gc,heap        ] GC(236) ParOldGen: 4047549K(4474368K)->4047549K(4474368K)
[26.668s][info][gc,metaspace   ] GC(236) Metaspace: 6297K(6464K)->6297K(6464K) NonClass: 5764K(5824K)->5764K(5824K) Class: 533K(640K)->533K(640K)
[26.668s][info][gc             ] GC(236) Pause Young (Allocation Failure) 3998M->3998M(4574M) 47.808ms
[26.668s][info][gc,cpu         ] GC(236) User=0.17s Sys=0.00s Real=0.05s
[26.728s][info][gc,start       ] GC(237) Pause Young (Allocation Failure)
[26.793s][info][gc,heap        ] GC(237) PSYoungGen: 99008K(209920K)->99072K(215040K) Eden: 51712K(51712K)->0K(51712K) From: 47296K(158208K)->99072K(163328K)
[26.793s][info][gc,heap        ] GC(237) ParOldGen: 4047549K(4474368K)->4047549K(4474368K)
[26.793s][info][gc,metaspace   ] GC(237) Metaspace: 6297K(6464K)->6297K(6464K) NonClass: 5764K(5824K)->5764K(5824K) Class: 533K(640K)->533K(640K)
[26.793s][info][gc             ] GC(237) Pause Young (Allocation Failure) 4049M->4049M(4579M) 64.458ms
[26.793s][info][gc,cpu         ] GC(237) User=0.28s Sys=0.00s Real=0.06s
[26.843s][info][gc,start       ] GC(238) Pause Young (Allocation Failure)
[26.920s][info][gc,heap        ] GC(238) PSYoungGen: 150784K(215040K)->150848K(201216K) Eden: 51712K(51712K)->0K(37888K) From: 99072K(163328K)->150848K(163328K)
[26.920s][info][gc,heap        ] GC(238) ParOldGen: 4047549K(4474368K)->4047549K(4474368K)
[26.920s][info][gc,metaspace   ] GC(238) Metaspace: 6297K(6464K)->6297K(6464K) NonClass: 5764K(5824K)->5764K(5824K) Class: 533K(640K)->533K(640K)
[26.920s][info][gc             ] GC(238) Pause Young (Allocation Failure) 4099M->4099M(4566M) 77.664ms
[26.921s][info][gc,cpu         ] GC(238) User=0.42s Sys=0.00s Real=0.08s
[26.960s][info][gc,start       ] GC(239) Pause Young (Allocation Failure)
[27.049s][info][gc,heap        ] GC(239) PSYoungGen: 188736K(201216K)->141664K(220160K) Eden: 37888K(37888K)->0K(37888K) From: 150848K(163328K)->141664K(182272K)
[27.050s][info][gc,heap        ] GC(239) ParOldGen: 4047549K(4474368K)->4095085K(4474368K)
[27.050s][info][gc,metaspace   ] GC(239) Metaspace: 6297K(6464K)->6297K(6464K) NonClass: 5764K(5824K)->5764K(5824K) Class: 533K(640K)->533K(640K)
[27.050s][info][gc             ] GC(239) Pause Young (Allocation Failure) 4136M->4137M(4584M) 90.039ms
[27.050s][info][gc,cpu         ] GC(239) User=0.64s Sys=0.00s Real=0.09s
[27.090s][info][gc,start       ] GC(240) Pause Young (Allocation Failure)
[27.177s][info][gc,heap        ] GC(240) PSYoungGen: 179552K(220160K)->127840K(232448K) Eden: 37888K(37888K)->0K(38912K) From: 141664K(182272K)->127840K(193536K)
[27.177s][info][gc,heap        ] GC(240) ParOldGen: 4095085K(4474368K)->4147261K(4474368K)
[27.177s][info][gc,metaspace   ] GC(240) Metaspace: 6297K(6464K)->6297K(6464K) NonClass: 5764K(5824K)->5764K(5824K) Class: 533K(640K)->533K(640K)
[27.177s][info][gc             ] GC(240) Pause Young (Allocation Failure) 4174M->4174M(4596M) 87.599ms
[27.177s][info][gc,cpu         ] GC(240) User=0.72s Sys=0.03s Real=0.09s
[27.227s][info][gc,start       ] GC(241) Pause Young (Allocation Failure)
[27.318s][info][gc,heap        ] GC(241) PSYoungGen: 166752K(232448K)->77056K(116224K) Eden: 38912K(38912K)->0K(38912K) From: 127840K(193536K)->77056K(77312K)
[27.318s][info][gc,heap        ] GC(241) ParOldGen: 4147261K(4474368K)->4237653K(4474368K)
[27.318s][info][gc,metaspace   ] GC(241) Metaspace: 6297K(6464K)->6297K(6464K) NonClass: 5764K(5824K)->5764K(5824K) Class: 533K(640K)->533K(640K)
[27.318s][info][gc             ] GC(241) Pause Young (Allocation Failure) 4212M->4213M(4483M) 90.581ms
[27.318s][info][gc,cpu         ] GC(241) User=0.53s Sys=0.06s Real=0.09s
[27.370s][info][gc,start       ] GC(242) Pause Young (Allocation Failure)
[27.439s][info][gc,heap        ] GC(242) PSYoungGen: 115968K(116224K)->39104K(231936K) Eden: 38912K(38912K)->0K(44032K) From: 77056K(77312K)->39104K(187904K)
[27.439s][info][gc,heap        ] GC(242) ParOldGen: 4237653K(4474368K)->4315109K(4474368K)
[27.439s][info][gc,metaspace   ] GC(242) Metaspace: 6297K(6464K)->6297K(6464K) NonClass: 5764K(5824K)->5764K(5824K) Class: 533K(640K)->533K(640K)
[27.439s][info][gc             ] GC(242) Pause Young (Allocation Failure) 4251M->4252M(4596M) 69.683ms
[27.439s][info][gc,cpu         ] GC(242) User=0.34s Sys=0.03s Real=0.07s
[27.486s][info][gc,start       ] GC(243) Pause Young (Allocation Failure)
[27.544s][info][gc,heap        ] GC(243) PSYoungGen: 83136K(231936K)->44224K(232960K) Eden: 44032K(44032K)->0K(44032K) From: 39104K(187904K)->44224K(188928K)
[27.544s][info][gc,heap        ] GC(243) ParOldGen: 4315109K(4474368K)->4354357K(4474368K)
[27.544s][info][gc,metaspace   ] GC(243) Metaspace: 6297K(6464K)->6297K(6464K) NonClass: 5764K(5824K)->5764K(5824K) Class: 533K(640K)->533K(640K)
[27.544s][info][gc             ] GC(243) Pause Young (Allocation Failure) 4295M->4295M(4597M) 58.292ms
[27.544s][info][gc,cpu         ] GC(243) User=0.20s Sys=0.00s Real=0.06s
[27.591s][info][gc,start       ] GC(244) Pause Young (Allocation Failure)
[27.650s][info][gc,heap        ] GC(244) PSYoungGen: 88256K(232960K)->44224K(227840K) Eden: 44032K(44032K)->0K(49664K) From: 44224K(188928K)->44224K(178176K)
[27.650s][info][gc,heap        ] GC(244) ParOldGen: 4354357K(4474368K)->4398781K(4474368K)
[27.650s][info][gc,metaspace   ] GC(244) Metaspace: 6297K(6464K)->6297K(6464K) NonClass: 5764K(5824K)->5764K(5824K) Class: 533K(640K)->533K(640K)
[27.650s][info][gc             ] GC(244) Pause Young (Allocation Failure) 4338M->4338M(4592M) 59.253ms
[27.650s][info][gc,cpu         ] GC(244) User=0.28s Sys=0.00s Real=0.06s
[27.650s][info][gc,start       ] GC(245) Pause Full (Ergonomics)
[27.650s][info][gc,phases,start] GC(245) Marking Phase
[28.662s][info][gc,phases      ] GC(245) Marking Phase 1011.790ms
[28.662s][info][gc,phases,start] GC(245) Summary Phase
[28.662s][info][gc,phases      ] GC(245) Summary Phase 0.076ms
[28.662s][info][gc,phases,start] GC(245) Adjust Roots
[28.662s][info][gc,phases      ] GC(245) Adjust Roots 0.175ms
[28.662s][info][gc,phases,start] GC(245) Compaction Phase
[29.058s][info][gc,phases      ] GC(245) Compaction Phase 395.386ms
[29.058s][info][gc,phases,start] GC(245) Post Compact
[29.064s][info][gc,phases      ] GC(245) Post Compact 6.441ms
[29.066s][info][gc,heap        ] GC(245) PSYoungGen: 44224K(227840K)->0K(231936K) Eden: 0K(49664K)->0K(49664K) From: 44224K(178176K)->0K(182272K)
[29.066s][info][gc,heap        ] GC(245) ParOldGen: 4398781K(4474368K)->4439456K(4898304K)
[29.066s][info][gc,metaspace   ] GC(245) Metaspace: 6297K(6464K)->6297K(6464K) NonClass: 5764K(5824K)->5764K(5824K) Class: 533K(640K)->533K(640K)
[29.066s][info][gc             ] GC(245) Pause Full (Ergonomics) 4338M->4335M(5010M) 1415.472ms
[29.066s][info][gc,cpu         ] GC(245) User=10.70s Sys=0.05s Real=1.42s
[29.118s][info][gc,start       ] GC(246) Pause Young (Allocation Failure)
[29.167s][info][gc,heap        ] GC(246) PSYoungGen: 49664K(231936K)->49856K(224768K) Eden: 49664K(49664K)->0K(54272K) From: 0K(182272K)->49856K(170496K)
[29.167s][info][gc,heap        ] GC(246) ParOldGen: 4439456K(4898304K)->4439456K(4898304K)
[29.167s][info][gc,metaspace   ] GC(246) Metaspace: 6297K(6464K)->6297K(6464K) NonClass: 5764K(5824K)->5764K(5824K) Class: 533K(640K)->533K(640K)
[29.167s][info][gc             ] GC(246) Pause Young (Allocation Failure) 4383M->4384M(5003M) 48.869ms
[29.167s][info][gc,cpu         ] GC(246) User=0.16s Sys=0.00s Real=0.05s
[29.232s][info][gc,start       ] GC(247) Pause Young (Allocation Failure)
[29.296s][info][gc,heap        ] GC(247) PSYoungGen: 104128K(224768K)->104224K(231424K) Eden: 54272K(54272K)->0K(54272K) From: 49856K(170496K)->104224K(177152K)
[29.296s][info][gc,heap        ] GC(247) ParOldGen: 4439456K(4898304K)->4439456K(4898304K)
[29.296s][info][gc,metaspace   ] GC(247) Metaspace: 6297K(6464K)->6297K(6464K) NonClass: 5764K(5824K)->5764K(5824K) Class: 533K(640K)->533K(640K)
[29.296s][info][gc             ] GC(247) Pause Young (Allocation Failure) 4437M->4437M(5009M) 64.301ms
[29.296s][info][gc,cpu         ] GC(247) User=0.28s Sys=0.00s Real=0.07s
[29.366s][info][gc,start       ] GC(248) Pause Young (Allocation Failure)
[29.449s][info][gc,heap        ] GC(248) PSYoungGen: 158496K(231424K)->158592K(217088K) Eden: 54272K(54272K)->0K(39936K) From: 104224K(177152K)->158592K(177152K)
[29.449s][info][gc,heap        ] GC(248) ParOldGen: 4439456K(4898304K)->4439456K(4898304K)
[29.449s][info][gc,metaspace   ] GC(248) Metaspace: 6297K(6464K)->6297K(6464K) NonClass: 5764K(5824K)->5764K(5824K) Class: 533K(640K)->533K(640K)
[29.449s][info][gc             ] GC(248) Pause Young (Allocation Failure) 4490M->4490M(4995M) 82.947ms
[29.449s][info][gc,cpu         ] GC(248) User=0.52s Sys=0.00s Real=0.08s
[29.494s][info][gc,start       ] GC(249) Pause Young (Allocation Failure)
[29.590s][info][gc,heap        ] GC(249) PSYoungGen: 198528K(217088K)->197120K(237056K) Eden: 39936K(39936K)->0K(39936K) From: 158592K(177152K)->197120K(197120K)
[29.590s][info][gc,heap        ] GC(249) ParOldGen: 4439456K(4898304K)->4440824K(4898304K)
[29.590s][info][gc,metaspace   ] GC(249) Metaspace: 6297K(6464K)->6297K(6464K) NonClass: 5764K(5824K)->5764K(5824K) Class: 533K(640K)->533K(640K)
[29.590s][info][gc             ] GC(249) Pause Young (Allocation Failure) 4529M->4529M(5015M) 95.884ms
[29.590s][info][gc,cpu         ] GC(249) User=0.62s Sys=0.00s Real=0.10s
[29.634s][info][gc,start       ] GC(250) Pause Young (Allocation Failure)
[29.763s][info][gc,heap        ] GC(250) PSYoungGen: 237056K(237056K)->133248K(271872K) Eden: 39936K(39936K)->0K(44544K) From: 197120K(197120K)->133248K(227328K)
[29.763s][info][gc,heap        ] GC(250) ParOldGen: 4440824K(4898304K)->4545536K(4898304K)
[29.763s][info][gc,metaspace   ] GC(250) Metaspace: 6297K(6464K)->6297K(6464K) NonClass: 5764K(5824K)->5764K(5824K) Class: 533K(640K)->533K(640K)
[29.763s][info][gc             ] GC(250) Pause Young (Allocation Failure) 4568M->4569M(5049M) 129.437ms
[29.763s][info][gc,cpu         ] GC(250) User=0.78s Sys=0.12s Real=0.13s
[29.810s][info][gc,start       ] GC(251) Pause Young (Allocation Failure)
[29.904s][info][gc,heap        ] GC(251) PSYoungGen: 177792K(271872K)->124672K(271872K) Eden: 44544K(44544K)->0K(44544K) From: 133248K(227328K)->124672K(227328K)
[29.904s][info][gc,heap        ] GC(251) ParOldGen: 4545536K(4898304K)->4599200K(4898304K)
[29.904s][info][gc,metaspace   ] GC(251) Metaspace: 6297K(6464K)->6297K(6464K) NonClass: 5764K(5824K)->5764K(5824K) Class: 533K(640K)->533K(640K)
[29.904s][info][gc             ] GC(251) Pause Young (Allocation Failure) 4612M->4613M(5049M) 93.485ms
[29.904s][info][gc,cpu         ] GC(251) User=0.64s Sys=0.00s Real=0.09s
[29.959s][info][gc,start       ] GC(252) Pause Young (Allocation Failure)
[30.047s][info][gc,heap        ] GC(252) PSYoungGen: 169216K(271872K)->89344K(254464K) Eden: 44544K(44544K)->0K(50176K) From: 124672K(227328K)->89344K(204288K)
[30.047s][info][gc,heap        ] GC(252) ParOldGen: 4599200K(4898304K)->4679648K(4898304K)
[30.047s][info][gc,metaspace   ] GC(252) Metaspace: 6297K(6464K)->6297K(6464K) NonClass: 5764K(5824K)->5764K(5824K) Class: 533K(640K)->533K(640K)
[30.047s][info][gc             ] GC(252) Pause Young (Allocation Failure) 4656M->4657M(5032M) 88.754ms
[30.047s][info][gc,cpu         ] GC(252) User=0.61s Sys=0.02s Real=0.09s
[30.109s][info][gc,start       ] GC(253) Pause Young (Allocation Failure)
[30.188s][info][gc,heap        ] GC(253) PSYoungGen: 139520K(254464K)->50368K(264192K) Eden: 50176K(50176K)->0K(50176K) From: 89344K(204288K)->50368K(214016K)
[30.188s][info][gc,heap        ] GC(253) ParOldGen: 4679648K(4898304K)->4769496K(4898304K)
[30.188s][info][gc,metaspace   ] GC(253) Metaspace: 6297K(6464K)->6297K(6464K) NonClass: 5764K(5824K)->5764K(5824K) Class: 533K(640K)->533K(640K)
[30.188s][info][gc             ] GC(253) Pause Young (Allocation Failure) 4706M->4706M(5041M) 78.799ms
[30.188s][info][gc,cpu         ] GC(253) User=0.47s Sys=0.05s Real=0.08s
[30.243s][info][gc,start       ] GC(254) Pause Young (Allocation Failure)
[30.311s][info][gc,heap        ] GC(254) PSYoungGen: 100544K(264192K)->50368K(261120K) Eden: 50176K(50176K)->0K(56320K) From: 50368K(214016K)->50368K(204800K)
[30.311s][info][gc,heap        ] GC(254) ParOldGen: 4769496K(4898304K)->4820120K(4898304K)
[30.311s][info][gc,metaspace   ] GC(254) Metaspace: 6297K(6464K)->6297K(6464K) NonClass: 5764K(5824K)->5764K(5824K) Class: 533K(640K)->533K(640K)
[30.311s][info][gc             ] GC(254) Pause Young (Allocation Failure) 4755M->4756M(5038M) 68.744ms
[30.311s][info][gc,cpu         ] GC(254) User=0.25s Sys=0.05s Real=0.07s
[30.311s][info][gc,start       ] GC(255) Pause Full (Ergonomics)
[30.311s][info][gc,phases,start] GC(255) Marking Phase
[31.392s][info][gc,phases      ] GC(255) Marking Phase 1080.351ms
[31.392s][info][gc,phases,start] GC(255) Summary Phase
[31.392s][info][gc,phases      ] GC(255) Summary Phase 0.086ms
[31.392s][info][gc,phases,start] GC(255) Adjust Roots
[31.392s][info][gc,phases      ] GC(255) Adjust Roots 0.158ms
[31.392s][info][gc,phases,start] GC(255) Compaction Phase
[31.789s][info][gc,phases      ] GC(255) Compaction Phase 396.884ms
[31.789s][info][gc,phases,start] GC(255) Post Compact
[31.796s][info][gc,phases      ] GC(255) Post Compact 7.195ms
[31.798s][info][gc,heap        ] GC(255) PSYoungGen: 50368K(261120K)->0K(264704K) Eden: 0K(56320K)->0K(56320K) From: 50368K(204800K)->0K(208384K)
[31.798s][info][gc,heap        ] GC(255) ParOldGen: 4820120K(4898304K)->4866688K(5383680K)
[31.798s][info][gc,metaspace   ] GC(255) Metaspace: 6297K(6464K)->6297K(6464K) NonClass: 5764K(5824K)->5764K(5824K) Class: 533K(640K)->533K(640K)
[31.798s][info][gc             ] GC(255) Pause Full (Ergonomics) 4756M->4752M(5516M) 1486.523ms
[31.798s][info][gc,cpu         ] GC(255) User=11.03s Sys=0.02s Real=1.49s
[31.857s][info][gc,start       ] GC(256) Pause Young (Allocation Failure)
[31.907s][info][gc,heap        ] GC(256) PSYoungGen: 56320K(264704K)->56576K(257024K) Eden: 56320K(56320K)->0K(61440K) From: 0K(208384K)->56576K(195584K)
[31.907s][info][gc,heap        ] GC(256) ParOldGen: 4866688K(5383680K)->4866688K(5383680K)
[31.907s][info][gc,metaspace   ] GC(256) Metaspace: 6297K(6464K)->6297K(6464K) NonClass: 5764K(5824K)->5764K(5824K) Class: 533K(640K)->533K(640K)
[31.907s][info][gc             ] GC(256) Pause Young (Allocation Failure) 4807M->4807M(5508M) 49.718ms
[31.907s][info][gc,cpu         ] GC(256) User=0.11s Sys=0.00s Real=0.05s
[31.973s][info][gc,start       ] GC(257) Pause Young (Allocation Failure)
[32.041s][info][gc,heap        ] GC(257) PSYoungGen: 118016K(257024K)->118048K(264192K) Eden: 61440K(61440K)->0K(61440K) From: 56576K(195584K)->118048K(202752K)
[32.041s][info][gc,heap        ] GC(257) ParOldGen: 4866688K(5383680K)->4866688K(5383680K)
[32.041s][info][gc,metaspace   ] GC(257) Metaspace: 6297K(6464K)->6297K(6464K) NonClass: 5764K(5824K)->5764K(5824K) Class: 533K(640K)->533K(640K)
[32.041s][info][gc             ] GC(257) Pause Young (Allocation Failure) 4867M->4867M(5515M) 67.791ms
[32.041s][info][gc,cpu         ] GC(257) User=0.39s Sys=0.00s Real=0.07s
[32.111s][info][gc,start       ] GC(258) Pause Young (Allocation Failure)
[32.206s][info][gc,heap        ] GC(258) PSYoungGen: 179488K(264192K)->179584K(248320K) Eden: 61440K(61440K)->0K(46080K) From: 118048K(202752K)->179584K(202240K)
[32.206s][info][gc,heap        ] GC(258) ParOldGen: 4866688K(5383680K)->4866688K(5383680K)
[32.206s][info][gc,metaspace   ] GC(258) Metaspace: 6297K(6464K)->6297K(6464K) NonClass: 5764K(5824K)->5764K(5824K) Class: 533K(640K)->533K(640K)
[32.206s][info][gc             ] GC(258) Pause Young (Allocation Failure) 4927M->4928M(5500M) 95.550ms
[32.206s][info][gc,cpu         ] GC(258) User=0.61s Sys=0.02s Real=0.10s
[32.258s][info][gc,start       ] GC(259) Pause Young (Allocation Failure)
[32.376s][info][gc,heap        ] GC(259) PSYoungGen: 225664K(248320K)->223744K(269824K) Eden: 46080K(46080K)->0K(46080K) From: 179584K(202240K)->223744K(223744K)
[32.376s][info][gc,heap        ] GC(259) ParOldGen: 4866688K(5383680K)->4868616K(5383680K)
[32.376s][info][gc,metaspace   ] GC(259) Metaspace: 6297K(6464K)->6297K(6464K) NonClass: 5764K(5824K)->5764K(5824K) Class: 533K(640K)->533K(640K)
[32.376s][info][gc             ] GC(259) Pause Young (Allocation Failure) 4973M->4973M(5521M) 117.676ms
[32.376s][info][gc,cpu         ] GC(259) User=0.80s Sys=0.00s Real=0.12s
[32.429s][info][gc,start       ] GC(260) Pause Young (Allocation Failure)
[32.576s][info][gc,heap        ] GC(260) PSYoungGen: 269824K(269824K)->152512K(308224K) Eden: 46080K(46080K)->0K(50688K) From: 223744K(223744K)->152512K(257536K)
[32.576s][info][gc,heap        ] GC(260) ParOldGen: 4868616K(5383680K)->4986960K(5383680K)
[32.576s][info][gc,metaspace   ] GC(260) Metaspace: 6297K(6464K)->6297K(6464K) NonClass: 5764K(5824K)->5764K(5824K) Class: 533K(640K)->533K(640K)
[32.576s][info][gc             ] GC(260) Pause Young (Allocation Failure) 5018M->5019M(5558M) 146.620ms
[32.576s][info][gc,cpu         ] GC(260) User=0.97s Sys=0.06s Real=0.15s
[32.633s][info][gc,start       ] GC(261) Pause Young (Allocation Failure)
[32.737s][info][gc,heap        ] GC(261) PSYoungGen: 203200K(308224K)->142912K(308736K) Eden: 50688K(50688K)->0K(50688K) From: 152512K(257536K)->142912K(258048K)
[32.737s][info][gc,heap        ] GC(261) ParOldGen: 4986960K(5383680K)->5047856K(5383680K)
[32.737s][info][gc,metaspace   ] GC(261) Metaspace: 6297K(6464K)->6297K(6464K) NonClass: 5764K(5824K)->5764K(5824K) Class: 533K(640K)->533K(640K)
[32.737s][info][gc             ] GC(261) Pause Young (Allocation Failure) 5068M->5069M(5559M) 103.981ms
[32.737s][info][gc,cpu         ] GC(261) User=0.70s Sys=0.05s Real=0.10s
[32.796s][info][gc,start       ] GC(262) Pause Young (Allocation Failure)
[32.900s][info][gc,heap        ] GC(262) PSYoungGen: 193600K(308736K)->101664K(290304K) Eden: 50688K(50688K)->0K(57344K) From: 142912K(258048K)->101664K(232960K)
[32.900s][info][gc,heap        ] GC(262) ParOldGen: 5047856K(5383680K)->5140480K(5383680K)
[32.900s][info][gc,metaspace   ] GC(262) Metaspace: 6297K(6464K)->6297K(6464K) NonClass: 5764K(5824K)->5764K(5824K) Class: 533K(640K)->533K(640K)
[32.900s][info][gc             ] GC(262) Pause Young (Allocation Failure) 5118M->5119M(5541M) 103.853ms
[32.900s][info][gc,cpu         ] GC(262) User=0.72s Sys=0.02s Real=0.10s
[32.965s][info][gc,start       ] GC(263) Pause Young (Allocation Failure)
[33.054s][info][gc,heap        ] GC(263) PSYoungGen: 159008K(290304K)->57536K(300544K) Eden: 57344K(57344K)->0K(57344K) From: 101664K(232960K)->57536K(243200K)
[33.054s][info][gc,heap        ] GC(263) ParOldGen: 5140480K(5383680K)->5242768K(5383680K)
[33.054s][info][gc,metaspace   ] GC(263) Metaspace: 6297K(6464K)->6297K(6464K) NonClass: 5764K(5824K)->5764K(5824K) Class: 533K(640K)->533K(640K)
[33.055s][info][gc             ] GC(263) Pause Young (Allocation Failure) 5175M->5176M(5551M) 89.817ms
[33.055s][info][gc,cpu         ] GC(263) User=0.70s Sys=0.05s Real=0.09s
[33.055s][info][gc,start       ] GC(264) Pause Full (Ergonomics)
[33.055s][info][gc,phases,start] GC(264) Marking Phase
[34.280s][info][gc,phases      ] GC(264) Marking Phase 1225.354ms
[34.280s][info][gc,phases,start] GC(264) Summary Phase
[34.280s][info][gc,phases      ] GC(264) Summary Phase 0.095ms
[34.280s][info][gc,phases,start] GC(264) Adjust Roots
[34.280s][info][gc,phases      ] GC(264) Adjust Roots 0.191ms
[34.280s][info][gc,phases,start] GC(264) Compaction Phase
[34.727s][info][gc,phases      ] GC(264) Compaction Phase 446.615ms
[34.727s][info][gc,phases,start] GC(264) Post Compact
[34.735s][info][gc,phases      ] GC(264) Post Compact 8.462ms
[34.737s][info][gc,heap        ] GC(264) PSYoungGen: 57536K(300544K)->0K(305152K) Eden: 0K(57344K)->0K(64512K) From: 57536K(243200K)->0K(240640K)
[34.737s][info][gc,heap        ] GC(264) ParOldGen: 5242768K(5383680K)->5296508K(5886464K)
[34.737s][info][gc,metaspace   ] GC(264) Metaspace: 6297K(6464K)->6297K(6464K) NonClass: 5764K(5824K)->5764K(5824K) Class: 533K(640K)->533K(640K)
[34.737s][info][gc             ] GC(264) Pause Full (Ergonomics) 5176M->5172M(6046M) 1682.665ms
[34.737s][info][gc,cpu         ] GC(264) User=12.47s Sys=0.09s Real=1.68s
[34.810s][info][gc,start       ] GC(265) Pause Young (Allocation Failure)
[34.865s][info][gc,heap        ] GC(265) PSYoungGen: 64512K(305152K)->64736K(305152K) Eden: 64512K(64512K)->0K(64512K) From: 0K(240640K)->64736K(240640K)
[34.865s][info][gc,heap        ] GC(265) ParOldGen: 5296508K(5886464K)->5296508K(5886464K)
[34.865s][info][gc,metaspace   ] GC(265) Metaspace: 6297K(6464K)->6297K(6464K) NonClass: 5764K(5824K)->5764K(5824K) Class: 533K(640K)->533K(640K)
[34.865s][info][gc             ] GC(265) Pause Young (Allocation Failure) 5235M->5235M(6046M) 55.376ms
[34.865s][info][gc,cpu         ] GC(265) User=0.19s Sys=0.00s Real=0.06s
[34.939s][info][gc,start       ] GC(266) Pause Young (Allocation Failure)
[35.015s][info][gc,heap        ] GC(266) PSYoungGen: 129248K(305152K)->129376K(298496K) Eden: 64512K(64512K)->0K(71168K) From: 64736K(240640K)->129376K(227328K)
[35.015s][info][gc,heap        ] GC(266) ParOldGen: 5296508K(5886464K)->5296508K(5886464K)
[35.015s][info][gc,metaspace   ] GC(266) Metaspace: 6297K(6464K)->6297K(6464K) NonClass: 5764K(5824K)->5764K(5824K) Class: 533K(640K)->533K(640K)
[35.015s][info][gc             ] GC(266) Pause Young (Allocation Failure) 5298M->5298M(6040M) 76.480ms
[35.015s][info][gc,cpu         ] GC(266) User=0.42s Sys=0.00s Real=0.07s
[35.105s][info][gc,start       ] GC(267) Pause Young (Allocation Failure)
[35.208s][info][gc,heap        ] GC(267) PSYoungGen: 200544K(298496K)->200640K(302592K) Eden: 71168K(71168K)->0K(71168K) From: 129376K(227328K)->200640K(231424K)
[35.208s][info][gc,heap        ] GC(267) ParOldGen: 5296508K(5886464K)->5296508K(5886464K)
[35.208s][info][gc,metaspace   ] GC(267) Metaspace: 6297K(6464K)->6297K(6464K) NonClass: 5764K(5824K)->5764K(5824K) Class: 533K(640K)->533K(640K)
[35.208s][info][gc             ] GC(267) Pause Young (Allocation Failure) 5368M->5368M(6044M) 102.618ms
[35.208s][info][gc,cpu         ] GC(267) User=0.77s Sys=0.00s Real=0.10s
[35.288s][info][gc,start       ] GC(268) Pause Young (Allocation Failure)
[35.441s][info][gc,heap        ] GC(268) PSYoungGen: 271808K(302592K)->252928K(287744K) Eden: 71168K(71168K)->0K(34816K) From: 200640K(231424K)->252928K(252928K)
[35.441s][info][gc,heap        ] GC(268) ParOldGen: 5296508K(5886464K)->5315540K(5886464K)
[35.441s][info][gc,metaspace   ] GC(268) Metaspace: 6297K(6464K)->6297K(6464K) NonClass: 5764K(5824K)->5764K(5824K) Class: 533K(640K)->533K(640K)
[35.441s][info][gc             ] GC(268) Pause Young (Allocation Failure) 5437M->5437M(6029M) 152.382ms
[35.441s][info][gc,cpu         ] GC(268) User=0.92s Sys=0.09s Real=0.15s
[35.478s][info][gc,start       ] GC(269) Pause Young (Allocation Failure)
[35.636s][info][gc,heap        ] GC(269) PSYoungGen: 287744K(287744K)->167776K(331264K) Eden: 34816K(34816K)->0K(34816K) From: 252928K(252928K)->167776K(296448K)
[35.636s][info][gc,heap        ] GC(269) ParOldGen: 5315540K(5886464K)->5436604K(5886464K)
[35.636s][info][gc,metaspace   ] GC(269) Metaspace: 6297K(6464K)->6297K(6464K) NonClass: 5764K(5824K)->5764K(5824K) Class: 533K(640K)->533K(640K)
[35.636s][info][gc             ] GC(269) Pause Young (Allocation Failure) 5471M->5473M(6072M) 158.022ms
[35.636s][info][gc,cpu         ] GC(269) User=1.03s Sys=0.22s Real=0.16s
[35.675s][info][gc,start       ] GC(270) Pause Young (Allocation Failure)
[35.783s][info][gc,heap        ] GC(270) PSYoungGen: 202592K(331264K)->134176K(301568K) Eden: 34816K(34816K)->0K(39424K) From: 167776K(296448K)->134176K(262144K)
[35.783s][info][gc,heap        ] GC(270) ParOldGen: 5436604K(5886464K)->5505572K(5886464K)
[35.783s][info][gc,metaspace   ] GC(270) Metaspace: 6297K(6464K)->6297K(6464K) NonClass: 5764K(5824K)->5764K(5824K) Class: 533K(640K)->533K(640K)
[35.783s][info][gc             ] GC(270) Pause Young (Allocation Failure) 5507M->5507M(6043M) 108.237ms
[35.783s][info][gc,cpu         ] GC(270) User=0.75s Sys=0.00s Real=0.11s
[35.831s][info][gc,start       ] GC(271) Pause Young (Allocation Failure)
[35.927s][info][gc,heap        ] GC(271) PSYoungGen: 173600K(301568K)->74496K(316928K) Eden: 39424K(39424K)->0K(39424K) From: 134176K(262144K)->74496K(277504K)
[35.927s][info][gc,heap        ] GC(271) ParOldGen: 5505572K(5886464K)->5605428K(5886464K)
[35.927s][info][gc,metaspace   ] GC(271) Metaspace: 6297K(6464K)->6297K(6464K) NonClass: 5764K(5824K)->5764K(5824K) Class: 533K(640K)->533K(640K)
[35.927s][info][gc             ] GC(271) Pause Young (Allocation Failure) 5546M->5546M(6058M) 96.036ms
[35.927s][info][gc,cpu         ] GC(271) User=0.55s Sys=0.09s Real=0.10s
[35.981s][info][gc,start       ] GC(272) Pause Young (Allocation Failure)
[36.053s][info][gc,heap        ] GC(272) PSYoungGen: 113920K(316928K)->39616K(318464K) Eden: 39424K(39424K)->0K(44032K) From: 74496K(277504K)->39616K(274432K)
[36.053s][info][gc,heap        ] GC(272) ParOldGen: 5605428K(5886464K)->5680308K(5886464K)
[36.053s][info][gc,metaspace   ] GC(272) Metaspace: 6297K(6464K)->6297K(6464K) NonClass: 5764K(5824K)->5764K(5824K) Class: 533K(640K)->533K(640K)
[36.054s][info][gc             ] GC(272) Pause Young (Allocation Failure) 5585M->5585M(6059M) 72.861ms
[36.054s][info][gc,cpu         ] GC(272) User=0.47s Sys=0.05s Real=0.07s
[37.216s][info][gc,start       ] GC(273) Pause Young (Allocation Failure)
[37.441s][info][gc,heap        ] GC(273) PSYoungGen: 83648K(318464K)->44256K(319488K) Eden: 44032K(44032K)->0K(44032K) From: 39616K(274432K)->44256K(275456K)
[37.441s][info][gc,heap        ] GC(273) ParOldGen: 5942452K(6149120K)->5982228K(6149120K)
[37.441s][info][gc,metaspace   ] GC(273) Metaspace: 6297K(6464K)->6297K(6464K) NonClass: 5764K(5824K)->5764K(5824K) Class: 533K(640K)->533K(640K)
[37.441s][info][gc             ] GC(273) Pause Young (Allocation Failure) 5884M->5885M(6317M) 225.469ms
[37.441s][info][gc,cpu         ] GC(273) User=1.12s Sys=0.00s Real=0.23s
[37.486s][info][gc,start       ] GC(274) Pause Young (Allocation Failure)
[37.566s][info][gc,heap        ] GC(274) PSYoungGen: 88288K(319488K)->44192K(314880K) Eden: 44032K(44032K)->0K(49152K) From: 44256K(275456K)->44192K(265728K)
[37.567s][info][gc,heap        ] GC(274) ParOldGen: 5982228K(6149120K)->6026644K(6149120K)
[37.567s][info][gc,metaspace   ] GC(274) Metaspace: 6297K(6464K)->6297K(6464K) NonClass: 5764K(5824K)->5764K(5824K) Class: 533K(640K)->533K(640K)
[37.567s][info][gc             ] GC(274) Pause Young (Allocation Failure) 5928M->5928M(6312M) 80.570ms
[37.567s][info][gc,cpu         ] GC(274) User=0.20s Sys=0.02s Real=0.08s
[37.567s][info][gc,start       ] GC(275) Pause Full (Ergonomics)
[37.567s][info][gc,phases,start] GC(275) Marking Phase
[38.883s][info][gc,phases      ] GC(275) Marking Phase 1316.214ms
[38.883s][info][gc,phases,start] GC(275) Summary Phase
[38.883s][info][gc,phases      ] GC(275) Summary Phase 0.132ms
[38.883s][info][gc,phases,start] GC(275) Adjust Roots
[38.883s][info][gc,phases      ] GC(275) Adjust Roots 0.170ms
[38.883s][info][gc,phases,start] GC(275) Compaction Phase
[39.812s][info][gc,phases      ] GC(275) Compaction Phase 928.675ms
[39.812s][info][gc,phases,start] GC(275) Post Compact
[39.822s][info][gc,phases      ] GC(275) Post Compact 9.535ms
[39.823s][info][gc,heap        ] GC(275) PSYoungGen: 44192K(314880K)->0K(318464K) Eden: 0K(49152K)->0K(49152K) From: 44192K(265728K)->0K(269312K)
[39.823s][info][gc,heap        ] GC(275) ParOldGen: 6026644K(6149120K)->5935172K(6561280K)
[39.823s][info][gc,metaspace   ] GC(275) Metaspace: 6297K(6464K)->6297K(6464K) NonClass: 5764K(5824K)->5764K(5824K) Class: 533K(640K)->533K(640K)
[39.823s][info][gc             ] GC(275) Pause Full (Ergonomics) 5928M->5796M(6718M) 2256.712ms
[39.823s][info][gc,cpu         ] GC(275) User=15.61s Sys=0.09s Real=2.26s
[39.874s][info][gc,start       ] GC(276) Pause Young (Allocation Failure)
[39.955s][info][gc,heap        ] GC(276) PSYoungGen: 49152K(318464K)->49344K(308736K) Eden: 49152K(49152K)->0K(53760K) From: 0K(269312K)->49344K(254976K)
[39.955s][info][gc,heap        ] GC(276) ParOldGen: 5935172K(6561280K)->5935172K(6561280K)
[39.955s][info][gc,metaspace   ] GC(276) Metaspace: 6297K(6464K)->6297K(6464K) NonClass: 5764K(5824K)->5764K(5824K) Class: 533K(640K)->533K(640K)
[39.955s][info][gc             ] GC(276) Pause Young (Allocation Failure) 5844M->5844M(6709M) 81.323ms
[39.955s][info][gc,cpu         ] GC(276) User=0.17s Sys=0.00s Real=0.08s
[40.017s][info][gc,start       ] GC(277) Pause Young (Allocation Failure)
[40.113s][info][gc,heap        ] GC(277) PSYoungGen: 103104K(308736K)->103168K(157184K) Eden: 53760K(53760K)->0K(53760K) From: 49344K(254976K)->103168K(103424K)
[40.113s][info][gc,heap        ] GC(277) ParOldGen: 5935172K(6561280K)->5935172K(6561280K)
[40.113s][info][gc,metaspace   ] GC(277) Metaspace: 6297K(6464K)->6297K(6464K) NonClass: 5764K(5824K)->5764K(5824K) Class: 533K(640K)->533K(640K)
[40.113s][info][gc             ] GC(277) Pause Young (Allocation Failure) 5896M->5896M(6561M) 95.900ms
[40.113s][info][gc,cpu         ] GC(277) User=0.22s Sys=0.00s Real=0.10s
[40.170s][info][gc,start       ] GC(278) Pause Young (Allocation Failure)
[40.286s][info][gc,heap        ] GC(278) PSYoungGen: 156928K(157184K)->157088K(300032K) Eden: 53760K(53760K)->0K(52736K) From: 103168K(103424K)->157088K(247296K)
[40.286s][info][gc,heap        ] GC(278) ParOldGen: 5935172K(6561280K)->5935172K(6561280K)
[40.286s][info][gc,metaspace   ] GC(278) Metaspace: 6297K(6464K)->6297K(6464K) NonClass: 5764K(5824K)->5764K(5824K) Class: 533K(640K)->533K(640K)
[40.286s][info][gc             ] GC(278) Pause Young (Allocation Failure) 5949M->5949M(6700M) 116.172ms
[40.287s][info][gc,cpu         ] GC(278) User=0.28s Sys=0.00s Real=0.12s
[40.338s][info][gc,start       ] GC(279) Pause Young (Allocation Failure)
[40.460s][info][gc,heap        ] GC(279) PSYoungGen: 209824K(300032K)->160640K(306176K) Eden: 52736K(52736K)->0K(52736K) From: 157088K(247296K)->160640K(253440K)
[40.460s][info][gc,heap        ] GC(279) ParOldGen: 5935172K(6561280K)->5984780K(6561280K)
[40.460s][info][gc,metaspace   ] GC(279) Metaspace: 6297K(6464K)->6297K(6464K) NonClass: 5764K(5824K)->5764K(5824K) Class: 533K(640K)->533K(640K)
[40.460s][info][gc             ] GC(279) Pause Young (Allocation Failure) 6000M->6001M(6706M) 122.665ms
[40.460s][info][gc,cpu         ] GC(279) User=0.47s Sys=0.00s Real=0.12s
[40.516s][info][gc,start       ] GC(280) Pause Young (Allocation Failure)
[40.638s][info][gc,heap        ] GC(280) PSYoungGen: 213376K(306176K)->159680K(314368K) Eden: 52736K(52736K)->0K(55808K) From: 160640K(253440K)->159680K(258560K)
[40.638s][info][gc,heap        ] GC(280) ParOldGen: 5984780K(6561280K)->6039028K(6561280K)
[40.638s][info][gc,metaspace   ] GC(280) Metaspace: 6297K(6464K)->6297K(6464K) NonClass: 5764K(5824K)->5764K(5824K) Class: 533K(640K)->533K(640K)
[40.638s][info][gc             ] GC(280) Pause Young (Allocation Failure) 6052M->6053M(6714M) 122.791ms
[40.638s][info][gc,cpu         ] GC(280) User=0.39s Sys=0.00s Real=0.12s
[40.700s][info][gc,start       ] GC(281) Pause Young (Allocation Failure)
[40.823s][info][gc,heap        ] GC(281) PSYoungGen: 215488K(314368K)->108832K(164864K) Eden: 55808K(55808K)->0K(55808K) From: 159680K(258560K)->108832K(109056K)
[40.823s][info][gc,heap        ] GC(281) ParOldGen: 6039028K(6561280K)->6146444K(6561280K)
[40.823s][info][gc,metaspace   ] GC(281) Metaspace: 6297K(6464K)->6297K(6464K) NonClass: 5764K(5824K)->5764K(5824K) Class: 533K(640K)->533K(640K)
[40.823s][info][gc             ] GC(281) Pause Young (Allocation Failure) 6107M->6108M(6568M) 123.353ms
[40.823s][info][gc,cpu         ] GC(281) User=0.56s Sys=0.05s Real=0.12s
[40.881s][info][gc,start       ] GC(282) Pause Young (Allocation Failure)
[40.993s][info][gc,heap        ] GC(282) PSYoungGen: 164640K(164864K)->56032K(306176K) Eden: 55808K(55808K)->0K(62976K) From: 108832K(109056K)->56032K(243200K)
[40.993s][info][gc,heap        ] GC(282) ParOldGen: 6146444K(6561280K)->6255924K(6561280K)
[40.993s][info][gc,metaspace   ] GC(282) Metaspace: 6297K(6464K)->6297K(6464K) NonClass: 5764K(5824K)->5764K(5824K) Class: 533K(640K)->533K(640K)
[40.993s][info][gc             ] GC(282) Pause Young (Allocation Failure) 6163M->6164M(6706M) 111.709ms
[40.993s][info][gc,cpu         ] GC(282) User=0.34s Sys=0.02s Real=0.11s
[41.061s][info][gc,start       ] GC(283) Pause Young (Allocation Failure)
[41.162s][info][gc,heap        ] GC(283) PSYoungGen: 119008K(306176K)->63168K(308736K) Eden: 62976K(62976K)->0K(62976K) From: 56032K(243200K)->63168K(245760K)
[41.162s][info][gc,heap        ] GC(283) ParOldGen: 6255924K(6561280K)->6312236K(6561280K)
[41.162s][info][gc,metaspace   ] GC(283) Metaspace: 6297K(6464K)->6297K(6464K) NonClass: 5764K(5824K)->5764K(5824K) Class: 533K(640K)->533K(640K)
[41.162s][info][gc             ] GC(283) Pause Young (Allocation Failure) 6225M->6225M(6709M) 101.148ms
[41.162s][info][gc,cpu         ] GC(283) User=0.31s Sys=0.02s Real=0.10s
[41.227s][info][gc,start       ] GC(284) Pause Young (Allocation Failure)
[41.330s][info][gc,heap        ] GC(284) PSYoungGen: 126144K(308736K)->63200K(299008K) Eden: 62976K(62976K)->0K(71168K) From: 63168K(245760K)->63200K(227840K)
[41.331s][info][gc,heap        ] GC(284) ParOldGen: 6312236K(6561280K)->6375780K(6561280K)
[41.331s][info][gc,metaspace   ] GC(284) Metaspace: 6297K(6464K)->6297K(6464K) NonClass: 5764K(5824K)->5764K(5824K) Class: 533K(640K)->533K(640K)
[41.331s][info][gc             ] GC(284) Pause Young (Allocation Failure) 6287M->6288M(6699M) 104.014ms
[41.331s][info][gc,cpu         ] GC(284) User=0.23s Sys=0.03s Real=0.10s
[41.415s][info][gc,start       ] GC(285) Pause Young (Allocation Failure)
[41.519s][info][gc,heap        ] GC(285) PSYoungGen: 134368K(299008K)->71456K(305152K) Eden: 71168K(71168K)->0K(71168K) From: 63200K(227840K)->71456K(233984K)
[41.519s][info][gc,heap        ] GC(285) ParOldGen: 6375780K(6561280K)->6439316K(6561280K)
[41.519s][info][gc,metaspace   ] GC(285) Metaspace: 6297K(6464K)->6297K(6464K) NonClass: 5764K(5824K)->5764K(5824K) Class: 533K(640K)->533K(640K)
[41.519s][info][gc             ] GC(285) Pause Young (Allocation Failure) 6357M->6358M(6705M) 103.421ms
[41.519s][info][gc,cpu         ] GC(285) User=0.33s Sys=0.00s Real=0.10s
[41.519s][info][gc,start       ] GC(286) Pause Full (Ergonomics)
[41.519s][info][gc,phases,start] GC(286) Marking Phase
[42.979s][info][gc,phases      ] GC(286) Marking Phase 1459.965ms
[42.979s][info][gc,phases,start] GC(286) Summary Phase
[42.979s][info][gc,phases      ] GC(286) Summary Phase 0.108ms
[42.979s][info][gc,phases,start] GC(286) Adjust Roots
[42.979s][info][gc,phases      ] GC(286) Adjust Roots 0.161ms
[42.979s][info][gc,phases,start] GC(286) Compaction Phase
[43.644s][info][gc,phases      ] GC(286) Compaction Phase 664.719ms
[43.644s][info][gc,phases,start] GC(286) Post Compact
[43.654s][info][gc,phases      ] GC(286) Post Compact 9.623ms
[43.655s][info][gc,heap        ] GC(286) PSYoungGen: 71456K(305152K)->0K(305664K) Eden: 0K(71168K)->0K(79872K) From: 71456K(233984K)->0K(225792K)
[43.656s][info][gc,heap        ] GC(286) ParOldGen: 6439316K(6561280K)->6505742K(7174144K)
[43.656s][info][gc,metaspace   ] GC(286) Metaspace: 6297K(6464K)->6297K(6464K) NonClass: 5764K(5824K)->5764K(5824K) Class: 533K(640K)->533K(640K)
[43.656s][info][gc             ] GC(286) Pause Full (Ergonomics) 6358M->6353M(7304M) 2136.791ms
[43.656s][info][gc,cpu         ] GC(286) User=15.05s Sys=0.09s Real=2.14s
[43.747s][info][gc,start       ] GC(287) Pause Young (Allocation Failure)
[43.834s][info][gc,heap        ] GC(287) PSYoungGen: 79872K(305664K)->80128K(160256K) Eden: 79872K(79872K)->0K(79872K) From: 0K(225792K)->80128K(80384K)
[43.834s][info][gc,heap        ] GC(287) ParOldGen: 6505742K(7174144K)->6505742K(7174144K)
[43.834s][info][gc,metaspace   ] GC(287) Metaspace: 6297K(6464K)->6297K(6464K) NonClass: 5764K(5824K)->5764K(5824K) Class: 533K(640K)->533K(640K)
[43.835s][info][gc             ] GC(287) Pause Young (Allocation Failure) 6431M->6431M(7162M) 87.183ms
[43.835s][info][gc,cpu         ] GC(287) User=0.23s Sys=0.00s Real=0.09s
[43.923s][info][gc,start       ] GC(288) Pause Young (Allocation Failure)
[44.029s][info][gc,heap        ] GC(288) PSYoungGen: 160000K(160256K)->160160K(291840K) Eden: 79872K(79872K)->0K(75776K) From: 80128K(80384K)->160160K(216064K)
[44.029s][info][gc,heap        ] GC(288) ParOldGen: 6505742K(7174144K)->6505742K(7174144K)
[44.029s][info][gc,metaspace   ] GC(288) Metaspace: 6297K(6464K)->6297K(6464K) NonClass: 5764K(5824K)->5764K(5824K) Class: 533K(640K)->533K(640K)
[44.029s][info][gc             ] GC(288) Pause Young (Allocation Failure) 6509M->6509M(7291M) 106.271ms
[44.029s][info][gc,cpu         ] GC(288) User=0.31s Sys=0.00s Real=0.11s
[44.119s][info][gc,start       ] GC(289) Pause Young (Allocation Failure)
[44.256s][info][gc,heap        ] GC(289) PSYoungGen: 235936K(291840K)->227840K(303616K) Eden: 75776K(75776K)->0K(75776K) From: 160160K(216064K)->227840K(227840K)
[44.256s][info][gc,heap        ] GC(289) ParOldGen: 6505742K(7174144K)->6513910K(7174144K)
[44.256s][info][gc,metaspace   ] GC(289) Metaspace: 6297K(6464K)->6297K(6464K) NonClass: 5764K(5824K)->5764K(5824K) Class: 533K(640K)->533K(640K)
[44.256s][info][gc             ] GC(289) Pause Young (Allocation Failure) 6583M->6583M(7302M) 137.311ms
[44.256s][info][gc,cpu         ] GC(289) User=0.55s Sys=0.00s Real=0.14s
[44.340s][info][gc,start       ] GC(290) Pause Young (Allocation Failure)
[44.508s][info][gc,heap        ] GC(290) PSYoungGen: 303616K(303616K)->148800K(343552K) Eden: 75776K(75776K)->0K(84480K) From: 227840K(227840K)->148800K(259072K)
[44.508s][info][gc,heap        ] GC(290) ParOldGen: 6513910K(7174144K)->6670070K(7174144K)
[44.508s][info][gc,metaspace   ] GC(290) Metaspace: 6297K(6464K)->6297K(6464K) NonClass: 5764K(5824K)->5764K(5824K) Class: 533K(640K)->533K(640K)
[44.508s][info][gc             ] GC(290) Pause Young (Allocation Failure) 6657M->6659M(7341M) 168.108ms
[44.508s][info][gc,cpu         ] GC(290) User=0.62s Sys=0.03s Real=0.17s
[44.604s][info][gc,start       ] GC(291) Pause Young (Allocation Failure)
[44.742s][info][gc,heap        ] GC(291) PSYoungGen: 233280K(343552K)->160672K(346112K) Eden: 84480K(84480K)->0K(84480K) From: 148800K(259072K)->160672K(261632K)
[44.742s][info][gc,heap        ] GC(291) ParOldGen: 6670070K(7174144K)->6743398K(7174144K)
[44.742s][info][gc,metaspace   ] GC(291) Metaspace: 6297K(6464K)->6297K(6464K) NonClass: 5764K(5824K)->5764K(5824K) Class: 533K(640K)->533K(640K)
[44.742s][info][gc             ] GC(291) Pause Young (Allocation Failure) 6741M->6742M(7344M) 138.007ms
[44.742s][info][gc,cpu         ] GC(291) User=0.62s Sys=0.02s Real=0.14s
[44.850s][info][gc,start       ] GC(292) Pause Young (Allocation Failure)
[44.987s][info][gc,heap        ] GC(292) PSYoungGen: 245152K(346112K)->169376K(353792K) Eden: 84480K(84480K)->0K(91136K) From: 160672K(261632K)->169376K(262656K)
[44.987s][info][gc,heap        ] GC(292) ParOldGen: 6743398K(7174144K)->6819838K(7174144K)
[44.987s][info][gc,metaspace   ] GC(292) Metaspace: 6297K(6464K)->6297K(6464K) NonClass: 5764K(5824K)->5764K(5824K) Class: 533K(640K)->533K(640K)
[44.988s][info][gc             ] GC(292) Pause Young (Allocation Failure) 6824M->6825M(7351M) 137.947ms
[44.988s][info][gc,cpu         ] GC(292) User=0.72s Sys=0.03s Real=0.14s
[45.077s][info][gc,start       ] GC(293) Pause Young (Allocation Failure)
[45.218s][info][gc,heap        ] GC(293) PSYoungGen: 260512K(353792K)->176032K(356864K) Eden: 91136K(91136K)->0K(91136K) From: 169376K(262656K)->176032K(265728K)
[45.218s][info][gc,heap        ] GC(293) ParOldGen: 6819838K(7174144K)->6905062K(7174144K)
[45.218s][info][gc,metaspace   ] GC(293) Metaspace: 6297K(6464K)->6297K(6464K) NonClass: 5764K(5824K)->5764K(5824K) Class: 533K(640K)->533K(640K)
[45.218s][info][gc             ] GC(293) Pause Young (Allocation Failure) 6914M->6915M(7354M) 141.782ms
[45.218s][info][gc,cpu         ] GC(293) User=0.69s Sys=0.00s Real=0.14s
[45.320s][info][gc,start       ] GC(294) Pause Young (Allocation Failure)
[45.460s][info][gc,heap        ] GC(294) PSYoungGen: 267168K(356864K)->182752K(367104K) Eden: 91136K(91136K)->0K(97280K) From: 176032K(265728K)->182752K(269824K)
[45.460s][info][gc,heap        ] GC(294) ParOldGen: 6905062K(7174144K)->6990302K(7174144K)
[45.461s][info][gc,metaspace   ] GC(294) Metaspace: 6297K(6464K)->6297K(6464K) NonClass: 5764K(5824K)->5764K(5824K) Class: 533K(640K)->533K(640K)
[45.461s][info][gc             ] GC(294) Pause Young (Allocation Failure) 7004M->7004M(7364M) 140.953ms
[45.461s][info][gc,cpu         ] GC(294) User=0.69s Sys=0.05s Real=0.14s
[45.563s][info][gc,start       ] GC(295) Pause Young (Allocation Failure)
[45.706s][info][gc,heap        ] GC(295) PSYoungGen: 280032K(367104K)->188896K(371712K) Eden: 97280K(97280K)->0K(97280K) From: 182752K(269824K)->188896K(274432K)
[45.706s][info][gc,heap        ] GC(295) ParOldGen: 6990302K(7174144K)->7082270K(7174144K)
[45.706s][info][gc,metaspace   ] GC(295) Metaspace: 6297K(6464K)->6297K(6464K) NonClass: 5764K(5824K)->5764K(5824K) Class: 533K(640K)->533K(640K)
[45.706s][info][gc             ] GC(295) Pause Young (Allocation Failure) 7099M->7100M(7369M) 143.109ms
[45.706s][info][gc,cpu         ] GC(295) User=0.86s Sys=0.05s Real=0.14s
[45.706s][info][gc,start       ] GC(296) Pause Full (Ergonomics)
[45.706s][info][gc,phases,start] GC(296) Marking Phase
[47.328s][info][gc,phases      ] GC(296) Marking Phase 1621.673ms
[47.328s][info][gc,phases,start] GC(296) Summary Phase
[47.328s][info][gc,phases      ] GC(296) Summary Phase 0.144ms
[47.328s][info][gc,phases,start] GC(296) Adjust Roots
[47.328s][info][gc,phases      ] GC(296) Adjust Roots 0.243ms
[47.328s][info][gc,phases,start] GC(296) Compaction Phase
[48.018s][info][gc,phases      ] GC(296) Compaction Phase 689.046ms
[48.018s][info][gc,phases,start] GC(296) Post Compact
[48.029s][info][gc,phases      ] GC(296) Post Compact 11.470ms
[48.030s][info][gc,heap        ] GC(296) PSYoungGen: 188896K(371712K)->91262K(371712K) Eden: 0K(97280K)->0K(97280K) From: 188896K(274432K)->91262K(274432K)
[48.030s][info][gc,heap        ] GC(296) ParOldGen: 7082270K(7174144K)->7173991K(7509504K)
[48.030s][info][gc,metaspace   ] GC(296) Metaspace: 6297K(6464K)->6297K(6464K) NonClass: 5764K(5824K)->5764K(5824K) Class: 533K(640K)->533K(640K)
[48.030s][info][gc             ] GC(296) Pause Full (Ergonomics) 7100M->7094M(7696M) 2324.062ms
[48.030s][info][gc,cpu         ] GC(296) User=16.92s Sys=0.06s Real=2.32s
[48.134s][info][gc,start       ] GC(297) Pause Young (Allocation Failure)
[48.530s][info][gc,heap        ] GC(297) PSYoungGen: 188542K(371712K)->143744K(356864K) Eden: 97280K(97280K)->0K(106496K) From: 91262K(274432K)->143744K(250368K)
[48.530s][info][gc,heap        ] GC(297) ParOldGen: 7173991K(7509504K)->7219615K(7509504K)
[48.530s][info][gc,metaspace   ] GC(297) Metaspace: 6297K(6464K)->6297K(6464K) NonClass: 5764K(5824K)->5764K(5824K) Class: 533K(640K)->533K(640K)
[48.531s][info][gc             ] GC(297) Pause Young (Allocation Failure) 7189M->7190M(7682M) 396.077ms
[48.531s][info][gc,cpu         ] GC(297) User=2.66s Sys=0.02s Real=0.39s
[48.657s][info][gc,start       ] GC(298) Pause Young (Allocation Failure)
[48.798s][info][gc,heap        ] GC(298) PSYoungGen: 250240K(356864K)->250496K(372736K) Eden: 106496K(106496K)->0K(106496K) From: 143744K(250368K)->250496K(266240K)
[48.798s][info][gc,heap        ] GC(298) ParOldGen: 7219615K(7509504K)->7219615K(7509504K)
[48.798s][info][gc,metaspace   ] GC(298) Metaspace: 6297K(6464K)->6297K(6464K) NonClass: 5764K(5824K)->5764K(5824K) Class: 533K(640K)->533K(640K)
[48.798s][info][gc             ] GC(298) Pause Young (Allocation Failure) 7294M->7295M(7697M) 141.771ms
[48.799s][info][gc,cpu         ] GC(298) User=0.58s Sys=0.00s Real=0.14s
[48.912s][info][gc,start       ] GC(299) Pause Young (Allocation Failure)
[49.097s][info][gc,heap        ] GC(299) PSYoungGen: 356992K(372736K)->293888K(349696K) Eden: 106496K(106496K)->0K(55808K) From: 250496K(266240K)->293888K(293888K)
[49.097s][info][gc,heap        ] GC(299) ParOldGen: 7219615K(7509504K)->7283231K(7509504K)
[49.097s][info][gc,metaspace   ] GC(299) Metaspace: 6297K(6464K)->6297K(6464K) NonClass: 5764K(5824K)->5764K(5824K) Class: 533K(640K)->533K(640K)
[49.097s][info][gc             ] GC(299) Pause Young (Allocation Failure) 7399M->7399M(7675M) 185.302ms
[49.097s][info][gc,cpu         ] GC(299) User=1.25s Sys=0.12s Real=0.18s
[49.155s][info][gc,start       ] GC(300) Pause Young (Allocation Failure)
[49.340s][info][gc,heap        ] GC(300) PSYoungGen: 349696K(349696K)->156224K(212480K) Eden: 55808K(55808K)->0K(55808K) From: 293888K(293888K)->156224K(156672K)
[49.340s][info][gc,heap        ] GC(300) ParOldGen: 7283231K(7509504K)->7478247K(7509504K)
[49.340s][info][gc,metaspace   ] GC(300) Metaspace: 6297K(6464K)->6297K(6464K) NonClass: 5764K(5824K)->5764K(5824K) Class: 533K(640K)->533K(640K)
[49.340s][info][gc             ] GC(300) Pause Young (Allocation Failure) 7454M->7455M(7541M) 185.054ms
[49.340s][info][gc,cpu         ] GC(300) User=1.20s Sys=0.06s Real=0.18s
[49.340s][info][gc,start       ] GC(301) Pause Full (Ergonomics)
[49.340s][info][gc,phases,start] GC(301) Marking Phase
[51.057s][info][gc,phases      ] GC(301) Marking Phase 1717.094ms
[51.057s][info][gc,phases,start] GC(301) Summary Phase
[51.057s][info][gc,phases      ] GC(301) Summary Phase 0.091ms
[51.057s][info][gc,phases,start] GC(301) Adjust Roots
[51.058s][info][gc,phases      ] GC(301) Adjust Roots 0.172ms
[51.058s][info][gc,phases,start] GC(301) Compaction Phase
[51.757s][info][gc,phases      ] GC(301) Compaction Phase 699.454ms
[51.757s][info][gc,phases,start] GC(301) Post Compact
[51.768s][info][gc,phases      ] GC(301) Post Compact 11.229ms
[51.768s][info][gc,heap        ] GC(301) PSYoungGen: 156224K(212480K)->122048K(212480K) Eden: 0K(55808K)->0K(55808K) From: 156224K(156672K)->122048K(156672K)
[51.769s][info][gc,heap        ] GC(301) ParOldGen: 7478247K(7509504K)->7509158K(7509504K)
[51.769s][info][gc,metaspace   ] GC(301) Metaspace: 6297K(6464K)->6297K(6464K) NonClass: 5764K(5824K)->5764K(5824K) Class: 533K(640K)->533K(640K)
[51.769s][info][gc             ] GC(301) Pause Full (Ergonomics) 7455M->7452M(7541M) 2428.342ms
[51.769s][info][gc,cpu         ] GC(301) User=17.52s Sys=0.05s Real=2.43s
[51.832s][info][gc,start       ] GC(302) Pause Full (Ergonomics)
[51.832s][info][gc,phases,start] GC(302) Marking Phase
[53.587s][info][gc,phases      ] GC(302) Marking Phase 1755.489ms
[53.587s][info][gc,phases,start] GC(302) Summary Phase
[53.587s][info][gc,phases      ] GC(302) Summary Phase 0.078ms
[53.587s][info][gc,phases,start] GC(302) Adjust Roots
[53.588s][info][gc,phases      ] GC(302) Adjust Roots 0.197ms
[53.588s][info][gc,phases,start] GC(302) Compaction Phase
[54.182s][info][gc,phases      ] GC(302) Compaction Phase 594.682ms
[54.182s][info][gc,phases,start] GC(302) Post Compact
[54.194s][info][gc,phases      ] GC(302) Post Compact 11.496ms
[54.194s][info][gc,heap        ] GC(302) PSYoungGen: 177856K(212480K)->177827K(212480K) Eden: 55808K(55808K)->55778K(55808K) From: 122048K(156672K)->122048K(156672K)
[54.194s][info][gc,heap        ] GC(302) ParOldGen: 7509158K(7509504K)->7509158K(7509504K)
[54.194s][info][gc,metaspace   ] GC(302) Metaspace: 6297K(6464K)->6297K(6464K) NonClass: 5764K(5824K)->5764K(5824K) Class: 533K(640K)->533K(640K)
[54.194s][info][gc             ] GC(302) Pause Full (Ergonomics) 7506M->7506M(7541M) 2362.349ms
[54.194s][info][gc,cpu         ] GC(302) User=17.16s Sys=0.00s Real=2.36s
[54.194s][info][gc,start       ] GC(303) Pause Full (Ergonomics)
[54.194s][info][gc,phases,start] GC(303) Marking Phase
[55.917s][info][gc,phases      ] GC(303) Marking Phase 1722.526ms
[55.917s][info][gc,phases,start] GC(303) Summary Phase
[55.917s][info][gc,phases      ] GC(303) Summary Phase 0.077ms
[55.917s][info][gc,phases,start] GC(303) Adjust Roots
[55.917s][info][gc,phases      ] GC(303) Adjust Roots 0.169ms
[55.917s][info][gc,phases,start] GC(303) Compaction Phase
[56.514s][info][gc,phases      ] GC(303) Compaction Phase 596.804ms
[56.514s][info][gc,phases,start] GC(303) Post Compact
[56.526s][info][gc,phases      ] GC(303) Post Compact 11.448ms
[56.526s][info][gc,heap        ] GC(303) PSYoungGen: 177856K(212480K)->177855K(212480K) Eden: 55808K(55808K)->55807K(55808K) From: 122048K(156672K)->122048K(156672K)
[56.526s][info][gc,heap        ] GC(303) ParOldGen: 7509158K(7509504K)->7509158K(7509504K)
[56.526s][info][gc,metaspace   ] GC(303) Metaspace: 6297K(6464K)->6297K(6464K) NonClass: 5764K(5824K)->5764K(5824K) Class: 533K(640K)->533K(640K)
[56.526s][info][gc             ] GC(303) Pause Full (Ergonomics) 7506M->7506M(7541M) 2331.385ms
[56.526s][info][gc,cpu         ] GC(303) User=16.94s Sys=0.00s Real=2.33s
[56.526s][info][gc,start       ] GC(304) Pause Full (Ergonomics)
[56.526s][info][gc,phases,start] GC(304) Marking Phase
[58.240s][info][gc,phases      ] GC(304) Marking Phase 1714.350ms
[58.240s][info][gc,phases,start] GC(304) Summary Phase
[58.240s][info][gc,phases      ] GC(304) Summary Phase 0.076ms
[58.240s][info][gc,phases,start] GC(304) Adjust Roots
[58.241s][info][gc,phases      ] GC(304) Adjust Roots 0.163ms
[58.241s][info][gc,phases,start] GC(304) Compaction Phase
[58.825s][info][gc,phases      ] GC(304) Compaction Phase 584.219ms
[58.825s][info][gc,phases,start] GC(304) Post Compact
[58.836s][info][gc,phases      ] GC(304) Post Compact 11.428ms
[58.836s][info][gc,heap        ] GC(304) PSYoungGen: 177856K(212480K)->177856K(212480K) Eden: 55807K(55808K)->55807K(55808K) From: 122048K(156672K)->122048K(156672K)
[58.836s][info][gc,heap        ] GC(304) ParOldGen: 7509158K(7509504K)->7509158K(7509504K)
[58.836s][info][gc,metaspace   ] GC(304) Metaspace: 6297K(6464K)->6297K(6464K) NonClass: 5764K(5824K)->5764K(5824K) Class: 533K(640K)->533K(640K)
[58.836s][info][gc             ] GC(304) Pause Full (Ergonomics) 7506M->7506M(7541M) 2310.561ms
[58.836s][info][gc,cpu         ] GC(304) User=17.05s Sys=0.00s Real=2.31s
[58.837s][info][gc,start       ] GC(305) Pause Full (Ergonomics)
[58.837s][info][gc,phases,start] GC(305) Marking Phase
[60.565s][info][gc,phases      ] GC(305) Marking Phase 1728.571ms
[60.565s][info][gc,phases,start] GC(305) Summary Phase
[60.565s][info][gc,phases      ] GC(305) Summary Phase 0.075ms
[60.565s][info][gc,phases,start] GC(305) Adjust Roots
[60.566s][info][gc,phases      ] GC(305) Adjust Roots 0.200ms
[60.566s][info][gc,phases,start] GC(305) Compaction Phase
[61.148s][info][gc,phases      ] GC(305) Compaction Phase 582.663ms
[61.148s][info][gc,phases,start] GC(305) Post Compact
[61.160s][info][gc,phases      ] GC(305) Post Compact 11.303ms
[61.160s][info][gc,heap        ] GC(305) PSYoungGen: 177856K(212480K)->177856K(212480K) Eden: 55807K(55808K)->55807K(55808K) From: 122048K(156672K)->122048K(156672K)
[61.160s][info][gc,heap        ] GC(305) ParOldGen: 7509163K(7509504K)->7509163K(7509504K)
[61.160s][info][gc,metaspace   ] GC(305) Metaspace: 6297K(6464K)->6297K(6464K) NonClass: 5764K(5824K)->5764K(5824K) Class: 533K(640K)->533K(640K)
[61.160s][info][gc             ] GC(305) Pause Full (Ergonomics) 7506M->7506M(7541M) 2323.140ms
[61.160s][info][gc,cpu         ] GC(305) User=17.23s Sys=0.00s Real=2.32s
[61.160s][info][gc,start       ] GC(306) Pause Full (Ergonomics)
[61.160s][info][gc,phases,start] GC(306) Marking Phase
[62.903s][info][gc,phases      ] GC(306) Marking Phase 1743.384ms
[62.904s][info][gc,phases,start] GC(306) Summary Phase
[62.904s][info][gc,phases      ] GC(306) Summary Phase 0.076ms
[62.904s][info][gc,phases,start] GC(306) Adjust Roots
[62.904s][info][gc,phases      ] GC(306) Adjust Roots 0.159ms
[62.904s][info][gc,phases,start] GC(306) Compaction Phase
[63.548s][info][gc,phases      ] GC(306) Compaction Phase 644.428ms
[63.548s][info][gc,phases,start] GC(306) Post Compact
[63.560s][info][gc,phases      ] GC(306) Post Compact 11.522ms
[63.560s][info][gc,heap        ] GC(306) PSYoungGen: 177856K(212480K)->177856K(212480K) Eden: 55807K(55808K)->55807K(55808K) From: 122048K(156672K)->122048K(156672K)
[63.560s][info][gc,heap        ] GC(306) ParOldGen: 7509168K(7509504K)->7509168K(7509504K)
[63.560s][info][gc,metaspace   ] GC(306) Metaspace: 6297K(6464K)->6297K(6464K) NonClass: 5764K(5824K)->5764K(5824K) Class: 533K(640K)->533K(640K)
[63.560s][info][gc             ] GC(306) Pause Full (Ergonomics) 7506M->7506M(7541M) 2399.905ms
[63.560s][info][gc,cpu         ] GC(306) User=17.08s Sys=0.02s Real=2.40s
[63.560s][info][gc,start       ] GC(307) Pause Full (Ergonomics)
[63.560s][info][gc,phases,start] GC(307) Marking Phase
[65.294s][info][gc,phases      ] GC(307) Marking Phase 1733.721ms
[65.294s][info][gc,phases,start] GC(307) Summary Phase
[65.294s][info][gc,phases      ] GC(307) Summary Phase 0.075ms
[65.294s][info][gc,phases,start] GC(307) Adjust Roots
[65.294s][info][gc,phases      ] GC(307) Adjust Roots 0.162ms
[65.294s][info][gc,phases,start] GC(307) Compaction Phase
[65.879s][info][gc,phases      ] GC(307) Compaction Phase 584.900ms
[65.879s][info][gc,phases,start] GC(307) Post Compact
[65.890s][info][gc,phases      ] GC(307) Post Compact 11.311ms
[65.891s][info][gc,heap        ] GC(307) PSYoungGen: 177856K(212480K)->177856K(212480K) Eden: 55807K(55808K)->55807K(55808K) From: 122048K(156672K)->122048K(156672K)
[65.891s][info][gc,heap        ] GC(307) ParOldGen: 7509173K(7509504K)->7509173K(7509504K)
[65.891s][info][gc,metaspace   ] GC(307) Metaspace: 6297K(6464K)->6297K(6464K) NonClass: 5764K(5824K)->5764K(5824K) Class: 533K(640K)->533K(640K)
[65.891s][info][gc             ] GC(307) Pause Full (Ergonomics) 7506M->7506M(7541M) 2330.520ms
[65.891s][info][gc,cpu         ] GC(307) User=17.44s Sys=0.00s Real=2.33s
[65.891s][info][gc,start       ] GC(308) Pause Full (Ergonomics)
[65.891s][info][gc,phases,start] GC(308) Marking Phase
[67.643s][info][gc,phases      ] GC(308) Marking Phase 1752.411ms
[67.643s][info][gc,phases,start] GC(308) Summary Phase
[67.643s][info][gc,phases      ] GC(308) Summary Phase 0.095ms
[67.644s][info][gc,phases,start] GC(308) Adjust Roots
[67.644s][info][gc,phases      ] GC(308) Adjust Roots 0.218ms
[67.644s][info][gc,phases,start] GC(308) Compaction Phase
[68.245s][info][gc,phases      ] GC(308) Compaction Phase 600.997ms
[68.245s][info][gc,phases,start] GC(308) Post Compact
[68.256s][info][gc,phases      ] GC(308) Post Compact 11.365ms
[68.256s][info][gc,heap        ] GC(308) PSYoungGen: 177856K(212480K)->177856K(212480K) Eden: 55807K(55808K)->55807K(55808K) From: 122048K(156672K)->122048K(156672K)
[68.256s][info][gc,heap        ] GC(308) ParOldGen: 7509178K(7509504K)->7509178K(7509504K)
[68.256s][info][gc,metaspace   ] GC(308) Metaspace: 6297K(6464K)->6297K(6464K) NonClass: 5764K(5824K)->5764K(5824K) Class: 533K(640K)->533K(640K)
[68.256s][info][gc             ] GC(308) Pause Full (Ergonomics) 7506M->7506M(7541M) 2365.451ms
[68.256s][info][gc,cpu         ] GC(308) User=17.61s Sys=0.00s Real=2.37s
[68.257s][info][gc,start       ] GC(309) Pause Full (Ergonomics)
[68.257s][info][gc,phases,start] GC(309) Marking Phase
[70.007s][info][gc,phases      ] GC(309) Marking Phase 1750.361ms
[70.007s][info][gc,phases,start] GC(309) Summary Phase
[70.007s][info][gc,phases      ] GC(309) Summary Phase 0.075ms
[70.007s][info][gc,phases,start] GC(309) Adjust Roots
[70.007s][info][gc,phases      ] GC(309) Adjust Roots 0.161ms
[70.007s][info][gc,phases,start] GC(309) Compaction Phase
[70.624s][info][gc,phases      ] GC(309) Compaction Phase 617.210ms
[70.625s][info][gc,phases,start] GC(309) Post Compact
[70.636s][info][gc,phases      ] GC(309) Post Compact 11.800ms
[70.636s][info][gc,heap        ] GC(309) PSYoungGen: 177856K(212480K)->177856K(212480K) Eden: 55807K(55808K)->55807K(55808K) From: 122048K(156672K)->122048K(156672K)
[70.636s][info][gc,heap        ] GC(309) ParOldGen: 7509182K(7509504K)->7509182K(7509504K)
[70.636s][info][gc,metaspace   ] GC(309) Metaspace: 6297K(6464K)->6297K(6464K) NonClass: 5764K(5824K)->5764K(5824K) Class: 533K(640K)->533K(640K)
[70.636s][info][gc             ] GC(309) Pause Full (Ergonomics) 7506M->7506M(7541M) 2379.961ms
[70.637s][info][gc,cpu         ] GC(309) User=17.70s Sys=0.00s Real=2.38s
[70.637s][info][gc,start       ] GC(310) Pause Full (Ergonomics)
[70.637s][info][gc,phases,start] GC(310) Marking Phase
[72.407s][info][gc,phases      ] GC(310) Marking Phase 1770.704ms
[72.407s][info][gc,phases,start] GC(310) Summary Phase
[72.408s][info][gc,phases      ] GC(310) Summary Phase 0.090ms
[72.408s][info][gc,phases,start] GC(310) Adjust Roots
[72.408s][info][gc,phases      ] GC(310) Adjust Roots 0.261ms
[72.408s][info][gc,phases,start] GC(310) Compaction Phase
[73.066s][info][gc,phases      ] GC(310) Compaction Phase 658.486ms
[73.066s][info][gc,phases,start] GC(310) Post Compact
[73.078s][info][gc,phases      ] GC(310) Post Compact 11.319ms
[73.078s][info][gc,heap        ] GC(310) PSYoungGen: 177856K(212480K)->177856K(212480K) Eden: 55807K(55808K)->55807K(55808K) From: 122048K(156672K)->122048K(156672K)
[73.078s][info][gc,heap        ] GC(310) ParOldGen: 7509187K(7509504K)->7509187K(7509504K)
[73.078s][info][gc,metaspace   ] GC(310) Metaspace: 6297K(6464K)->6297K(6464K) NonClass: 5764K(5824K)->5764K(5824K) Class: 533K(640K)->533K(640K)
[73.078s][info][gc             ] GC(310) Pause Full (Ergonomics) 7506M->7506M(7541M) 2441.209ms
[73.078s][info][gc,cpu         ] GC(310) User=17.72s Sys=0.00s Real=2.44s
[73.078s][info][gc,start       ] GC(311) Pause Full (Ergonomics)
[73.078s][info][gc,phases,start] GC(311) Marking Phase
[74.853s][info][gc,phases      ] GC(311) Marking Phase 1775.218ms
[74.853s][info][gc,phases,start] GC(311) Summary Phase
[74.854s][info][gc,phases      ] GC(311) Summary Phase 0.073ms
[74.854s][info][gc,phases,start] GC(311) Adjust Roots
[74.854s][info][gc,phases      ] GC(311) Adjust Roots 0.183ms
[74.854s][info][gc,phases,start] GC(311) Compaction Phase
[75.513s][info][gc,phases      ] GC(311) Compaction Phase 658.857ms
[75.513s][info][gc,phases,start] GC(311) Post Compact
[75.526s][info][gc,phases      ] GC(311) Post Compact 12.840ms
[75.526s][info][gc,heap        ] GC(311) PSYoungGen: 177856K(212480K)->177856K(212480K) Eden: 55807K(55808K)->55807K(55808K) From: 122048K(156672K)->122048K(156672K)
[75.526s][info][gc,heap        ] GC(311) ParOldGen: 7509192K(7509504K)->7509192K(7509504K)
[75.526s][info][gc,metaspace   ] GC(311) Metaspace: 6297K(6464K)->6297K(6464K) NonClass: 5764K(5824K)->5764K(5824K) Class: 533K(640K)->533K(640K)
[75.526s][info][gc             ] GC(311) Pause Full (Ergonomics) 7506M->7506M(7541M) 2447.543ms
[75.526s][info][gc,cpu         ] GC(311) User=17.78s Sys=0.00s Real=2.45s
[75.526s][info][gc,start       ] GC(312) Pause Full (Ergonomics)
[75.526s][info][gc,phases,start] GC(312) Marking Phase
[77.302s][info][gc,phases      ] GC(312) Marking Phase 1776.218ms
[77.302s][info][gc,phases,start] GC(312) Summary Phase
[77.302s][info][gc,phases      ] GC(312) Summary Phase 0.121ms
[77.302s][info][gc,phases,start] GC(312) Adjust Roots
[77.303s][info][gc,phases      ] GC(312) Adjust Roots 0.243ms
[77.303s][info][gc,phases,start] GC(312) Compaction Phase
[77.985s][info][gc,phases      ] GC(312) Compaction Phase 682.464ms
[77.985s][info][gc,phases,start] GC(312) Post Compact
[77.999s][info][gc,phases      ] GC(312) Post Compact 13.537ms
[77.999s][info][gc,heap        ] GC(312) PSYoungGen: 177856K(212480K)->177856K(212480K) Eden: 55807K(55808K)->55807K(55808K) From: 122048K(156672K)->122048K(156672K)
[77.999s][info][gc,heap        ] GC(312) ParOldGen: 7509197K(7509504K)->7509197K(7509504K)
[77.999s][info][gc,metaspace   ] GC(312) Metaspace: 6297K(6464K)->6297K(6464K) NonClass: 5764K(5824K)->5764K(5824K) Class: 533K(640K)->533K(640K)
[77.999s][info][gc             ] GC(312) Pause Full (Ergonomics) 7506M->7506M(7541M) 2472.975ms
[77.999s][info][gc,cpu         ] GC(312) User=17.92s Sys=0.02s Real=2.47s
[77.999s][info][gc,start       ] GC(313) Pause Full (Ergonomics)
[77.999s][info][gc,phases,start] GC(313) Marking Phase
[79.797s][info][gc,phases      ] GC(313) Marking Phase 1798.151ms
[79.797s][info][gc,phases,start] GC(313) Summary Phase
[79.798s][info][gc,phases      ] GC(313) Summary Phase 0.121ms
[79.798s][info][gc,phases,start] GC(313) Adjust Roots
[79.798s][info][gc,phases      ] GC(313) Adjust Roots 0.331ms
[79.798s][info][gc,phases,start] GC(313) Compaction Phase
[80.450s][info][gc,phases      ] GC(313) Compaction Phase 652.527ms
[80.451s][info][gc,phases,start] GC(313) Post Compact
[80.463s][info][gc,phases      ] GC(313) Post Compact 12.238ms
[80.463s][info][gc,heap        ] GC(313) PSYoungGen: 177856K(212480K)->177856K(212480K) Eden: 55807K(55808K)->55807K(55808K) From: 122048K(156672K)->122048K(156672K)
[80.463s][info][gc,heap        ] GC(313) ParOldGen: 7509202K(7509504K)->7509202K(7509504K)
[80.463s][info][gc,metaspace   ] GC(313) Metaspace: 6297K(6464K)->6297K(6464K) NonClass: 5764K(5824K)->5764K(5824K) Class: 533K(640K)->533K(640K)
[80.463s][info][gc             ] GC(313) Pause Full (Ergonomics) 7506M->7506M(7541M) 2463.820ms
[80.463s][info][gc,cpu         ] GC(313) User=18.09s Sys=0.00s Real=2.46s
[80.463s][info][gc,start       ] GC(314) Pause Full (Ergonomics)
[80.463s][info][gc,phases,start] GC(314) Marking Phase
[82.261s][info][gc,phases      ] GC(314) Marking Phase 1797.508ms
[82.261s][info][gc,phases,start] GC(314) Summary Phase
[82.261s][info][gc,phases      ] GC(314) Summary Phase 0.103ms
[82.261s][info][gc,phases,start] GC(314) Adjust Roots
[82.261s][info][gc,phases      ] GC(314) Adjust Roots 0.248ms
[82.261s][info][gc,phases,start] GC(314) Compaction Phase
[82.949s][info][gc,phases      ] GC(314) Compaction Phase 687.773ms
[82.949s][info][gc,phases,start] GC(314) Post Compact
[82.961s][info][gc,phases      ] GC(314) Post Compact 12.113ms
[82.961s][info][gc,heap        ] GC(314) PSYoungGen: 177856K(212480K)->177856K(212480K) Eden: 55807K(55808K)->55807K(55808K) From: 122048K(156672K)->122048K(156672K)
[82.961s][info][gc,heap        ] GC(314) ParOldGen: 7509207K(7509504K)->7509207K(7509504K)
[82.961s][info][gc,metaspace   ] GC(314) Metaspace: 6297K(6464K)->6297K(6464K) NonClass: 5764K(5824K)->5764K(5824K) Class: 533K(640K)->533K(640K)
[82.961s][info][gc             ] GC(314) Pause Full (Ergonomics) 7506M->7506M(7541M) 2498.117ms
[82.961s][info][gc,cpu         ] GC(314) User=18.14s Sys=0.00s Real=2.50s
[82.961s][info][gc,start       ] GC(315) Pause Full (Ergonomics)
[82.961s][info][gc,phases,start] GC(315) Marking Phase
[84.773s][info][gc,phases      ] GC(315) Marking Phase 1811.124ms
[84.773s][info][gc,phases,start] GC(315) Summary Phase
[84.773s][info][gc,phases      ] GC(315) Summary Phase 0.076ms
[84.773s][info][gc,phases,start] GC(315) Adjust Roots
[84.773s][info][gc,phases      ] GC(315) Adjust Roots 0.159ms
[84.773s][info][gc,phases,start] GC(315) Compaction Phase
[85.397s][info][gc,phases      ] GC(315) Compaction Phase 623.680ms
[85.397s][info][gc,phases,start] GC(315) Post Compact
[85.409s][info][gc,phases      ] GC(315) Post Compact 12.166ms
[85.409s][info][gc,heap        ] GC(315) PSYoungGen: 177856K(212480K)->177856K(212480K) Eden: 55807K(55808K)->55807K(55808K) From: 122048K(156672K)->122048K(156672K)
[85.409s][info][gc,heap        ] GC(315) ParOldGen: 7509211K(7509504K)->7509211K(7509504K)
[85.409s][info][gc,metaspace   ] GC(315) Metaspace: 6297K(6464K)->6297K(6464K) NonClass: 5764K(5824K)->5764K(5824K) Class: 533K(640K)->533K(640K)
[85.409s][info][gc             ] GC(315) Pause Full (Ergonomics) 7506M->7506M(7541M) 2447.565ms
[85.409s][info][gc,cpu         ] GC(315) User=18.28s Sys=0.00s Real=2.45s
[85.409s][info][gc,start       ] GC(316) Pause Full (Ergonomics)
[85.409s][info][gc,phases,start] GC(316) Marking Phase
[87.225s][info][gc,phases      ] GC(316) Marking Phase 1816.018ms
[87.225s][info][gc,phases,start] GC(316) Summary Phase
[87.225s][info][gc,phases      ] GC(316) Summary Phase 0.094ms
[87.225s][info][gc,phases,start] GC(316) Adjust Roots
[87.226s][info][gc,phases      ] GC(316) Adjust Roots 0.205ms
[87.226s][info][gc,phases,start] GC(316) Compaction Phase
[87.898s][info][gc,phases      ] GC(316) Compaction Phase 672.539ms
[87.898s][info][gc,phases,start] GC(316) Post Compact
[87.912s][info][gc,phases      ] GC(316) Post Compact 13.524ms
[87.912s][info][gc,heap        ] GC(316) PSYoungGen: 177856K(212480K)->177856K(212480K) Eden: 55807K(55808K)->55807K(55808K) From: 122048K(156672K)->122048K(156672K)
[87.912s][info][gc,heap        ] GC(316) ParOldGen: 7509216K(7509504K)->7509216K(7509504K)
[87.912s][info][gc,metaspace   ] GC(316) Metaspace: 6297K(6464K)->6297K(6464K) NonClass: 5764K(5824K)->5764K(5824K) Class: 533K(640K)->533K(640K)
[87.912s][info][gc             ] GC(316) Pause Full (Ergonomics) 7506M->7506M(7541M) 2502.776ms
[87.912s][info][gc,cpu         ] GC(316) User=18.30s Sys=0.00s Real=2.50s
[87.912s][info][gc,start       ] GC(317) Pause Full (Ergonomics)
[87.912s][info][gc,phases,start] GC(317) Marking Phase
[89.698s][info][gc,phases      ] GC(317) Marking Phase 1785.751ms
[89.698s][info][gc,phases,start] GC(317) Summary Phase
[89.698s][info][gc,phases      ] GC(317) Summary Phase 0.106ms
[89.698s][info][gc,phases,start] GC(317) Adjust Roots
[89.698s][info][gc,phases      ] GC(317) Adjust Roots 0.175ms
[89.698s][info][gc,phases,start] GC(317) Compaction Phase
[90.337s][info][gc,phases      ] GC(317) Compaction Phase 638.670ms
[90.337s][info][gc,phases,start] GC(317) Post Compact
[90.351s][info][gc,phases      ] GC(317) Post Compact 13.553ms
[90.351s][info][gc,heap        ] GC(317) PSYoungGen: 177856K(212480K)->177856K(212480K) Eden: 55807K(55808K)->55807K(55808K) From: 122048K(156672K)->122048K(156672K)
[90.351s][info][gc,heap        ] GC(317) ParOldGen: 7509221K(7509504K)->7509221K(7509504K)
[90.351s][info][gc,metaspace   ] GC(317) Metaspace: 6297K(6464K)->6297K(6464K) NonClass: 5764K(5824K)->5764K(5824K) Class: 533K(640K)->533K(640K)
[90.351s][info][gc             ] GC(317) Pause Full (Ergonomics) 7506M->7506M(7541M) 2438.642ms
[90.351s][info][gc,cpu         ] GC(317) User=17.94s Sys=0.02s Real=2.44s
[90.351s][info][gc,start       ] GC(318) Pause Full (Ergonomics)
[90.351s][info][gc,phases,start] GC(318) Marking Phase
[92.156s][info][gc,phases      ] GC(318) Marking Phase 1805.241ms
[92.156s][info][gc,phases,start] GC(318) Summary Phase
[92.156s][info][gc,phases      ] GC(318) Summary Phase 0.080ms
[92.157s][info][gc,phases,start] GC(318) Adjust Roots
[92.157s][info][gc,phases      ] GC(318) Adjust Roots 0.193ms
[92.157s][info][gc,phases,start] GC(318) Compaction Phase
[92.814s][info][gc,phases      ] GC(318) Compaction Phase 656.887ms
[92.814s][info][gc,phases,start] GC(318) Post Compact
[92.826s][info][gc,phases      ] GC(318) Post Compact 12.267ms
[92.826s][info][gc,heap        ] GC(318) PSYoungGen: 177856K(212480K)->177856K(212480K) Eden: 55807K(55808K)->55807K(55808K) From: 122048K(156672K)->122048K(156672K)
[92.826s][info][gc,heap        ] GC(318) ParOldGen: 7509226K(7509504K)->7509226K(7509504K)
[92.826s][info][gc,metaspace   ] GC(318) Metaspace: 6297K(6464K)->6297K(6464K) NonClass: 5764K(5824K)->5764K(5824K) Class: 533K(640K)->533K(640K)
[92.826s][info][gc             ] GC(318) Pause Full (Ergonomics) 7506M->7506M(7541M) 2475.015ms
[92.826s][info][gc,cpu         ] GC(318) User=18.16s Sys=0.00s Real=2.47s
[92.826s][info][gc,start       ] GC(319) Pause Full (Ergonomics)
[92.826s][info][gc,phases,start] GC(319) Marking Phase
[94.636s][info][gc,phases      ] GC(319) Marking Phase 1809.900ms
[94.636s][info][gc,phases,start] GC(319) Summary Phase
[94.636s][info][gc,phases      ] GC(319) Summary Phase 0.099ms
[94.636s][info][gc,phases,start] GC(319) Adjust Roots
[94.637s][info][gc,phases      ] GC(319) Adjust Roots 0.208ms
[94.637s][info][gc,phases,start] GC(319) Compaction Phase
[95.295s][info][gc,phases      ] GC(319) Compaction Phase 658.206ms
[95.295s][info][gc,phases,start] GC(319) Post Compact
[95.308s][info][gc,phases      ] GC(319) Post Compact 13.394ms
[95.308s][info][gc,heap        ] GC(319) PSYoungGen: 177856K(212480K)->177856K(212480K) Eden: 55807K(55808K)->55807K(55808K) From: 122048K(156672K)->122048K(156672K)
[95.309s][info][gc,heap        ] GC(319) ParOldGen: 7509231K(7509504K)->7509231K(7509504K)
[95.309s][info][gc,metaspace   ] GC(319) Metaspace: 6297K(6464K)->6297K(6464K) NonClass: 5764K(5824K)->5764K(5824K) Class: 533K(640K)->533K(640K)
[95.309s][info][gc             ] GC(319) Pause Full (Ergonomics) 7506M->7506M(7541M) 2482.218ms
[95.309s][info][gc,cpu         ] GC(319) User=18.12s Sys=0.03s Real=2.48s
[95.309s][info][gc,start       ] GC(320) Pause Full (Ergonomics)
[95.309s][info][gc,phases,start] GC(320) Marking Phase
[97.113s][info][gc,phases      ] GC(320) Marking Phase 1804.687ms
[97.114s][info][gc,phases,start] GC(320) Summary Phase
[97.114s][info][gc,phases      ] GC(320) Summary Phase 0.077ms
[97.114s][info][gc,phases,start] GC(320) Adjust Roots
[97.114s][info][gc,phases      ] GC(320) Adjust Roots 0.162ms
[97.114s][info][gc,phases,start] GC(320) Compaction Phase
[97.783s][info][gc,phases      ] GC(320) Compaction Phase 668.816ms
[97.783s][info][gc,phases,start] GC(320) Post Compact
[97.794s][info][gc,phases      ] GC(320) Post Compact 11.413ms
[97.794s][info][gc,heap        ] GC(320) PSYoungGen: 177856K(212480K)->177856K(212480K) Eden: 55807K(55808K)->55807K(55808K) From: 122048K(156672K)->122048K(156672K)
[97.794s][info][gc,heap        ] GC(320) ParOldGen: 7509236K(7509504K)->7509236K(7509504K)
[97.794s][info][gc,metaspace   ] GC(320) Metaspace: 6297K(6464K)->6297K(6464K) NonClass: 5764K(5824K)->5764K(5824K) Class: 533K(640K)->533K(640K)
[97.794s][info][gc             ] GC(320) Pause Full (Ergonomics) 7506M->7506M(7541M) 2485.493ms
[97.794s][info][gc,cpu         ] GC(320) User=18.19s Sys=0.03s Real=2.49s
[97.794s][info][gc,start       ] GC(321) Pause Full (Ergonomics)
[97.794s][info][gc,phases,start] GC(321) Marking Phase
[99.620s][info][gc,phases      ] GC(321) Marking Phase 1825.738ms
[99.620s][info][gc,phases,start] GC(321) Summary Phase
[99.620s][info][gc,phases      ] GC(321) Summary Phase 0.076ms
[99.620s][info][gc,phases,start] GC(321) Adjust Roots
[99.621s][info][gc,phases      ] GC(321) Adjust Roots 0.164ms
[99.621s][info][gc,phases,start] GC(321) Compaction Phase
[100.229s][info][gc,phases      ] GC(321) Compaction Phase 608.345ms
[100.229s][info][gc,phases,start] GC(321) Post Compact
[100.241s][info][gc,phases      ] GC(321) Post Compact 12.118ms
[100.241s][info][gc,heap        ] GC(321) PSYoungGen: 177856K(212480K)->177856K(212480K) Eden: 55807K(55808K)->55807K(55808K) From: 122048K(156672K)->122048K(156672K)
[100.241s][info][gc,heap        ] GC(321) ParOldGen: 7509240K(7509504K)->7509240K(7509504K)
[100.241s][info][gc,metaspace   ] GC(321) Metaspace: 6297K(6464K)->6297K(6464K) NonClass: 5764K(5824K)->5764K(5824K) Class: 533K(640K)->533K(640K)
[100.241s][info][gc             ] GC(321) Pause Full (Ergonomics) 7506M->7506M(7541M) 2446.797ms
[100.241s][info][gc,cpu         ] GC(321) User=18.23s Sys=0.00s Real=2.45s
[100.241s][info][gc,start       ] GC(322) Pause Full (Ergonomics)
[100.242s][info][gc,phases,start] GC(322) Marking Phase
[102.067s][info][gc,phases      ] GC(322) Marking Phase 1825.534ms
[102.067s][info][gc,phases,start] GC(322) Summary Phase
[102.067s][info][gc,phases      ] GC(322) Summary Phase 0.158ms
[102.067s][info][gc,phases,start] GC(322) Adjust Roots
[102.068s][info][gc,phases      ] GC(322) Adjust Roots 0.235ms
[102.068s][info][gc,phases,start] GC(322) Compaction Phase
[102.670s][info][gc,phases      ] GC(322) Compaction Phase 602.005ms
[102.670s][info][gc,phases,start] GC(322) Post Compact
[102.681s][info][gc,phases      ] GC(322) Post Compact 11.580ms
[102.681s][info][gc,heap        ] GC(322) PSYoungGen: 177856K(212480K)->177856K(212480K) Eden: 55807K(55808K)->55807K(55808K) From: 122048K(156672K)->122048K(156672K)
[102.681s][info][gc,heap        ] GC(322) ParOldGen: 7509245K(7509504K)->7509245K(7509504K)
[102.681s][info][gc,metaspace   ] GC(322) Metaspace: 6297K(6464K)->6297K(6464K) NonClass: 5764K(5824K)->5764K(5824K) Class: 533K(640K)->533K(640K)
[102.681s][info][gc             ] GC(322) Pause Full (Ergonomics) 7506M->7506M(7541M) 2439.887ms
[102.681s][info][gc,cpu         ] GC(322) User=18.41s Sys=0.00s Real=2.44s
[102.682s][info][gc,start       ] GC(323) Pause Full (Ergonomics)
[102.682s][info][gc,phases,start] GC(323) Marking Phase
[104.480s][info][gc,phases      ] GC(323) Marking Phase 1798.231ms
[104.480s][info][gc,phases,start] GC(323) Summary Phase
[104.480s][info][gc,phases      ] GC(323) Summary Phase 0.093ms
[104.480s][info][gc,phases,start] GC(323) Adjust Roots
[104.480s][info][gc,phases      ] GC(323) Adjust Roots 0.227ms
[104.480s][info][gc,phases,start] GC(323) Compaction Phase
[105.129s][info][gc,phases      ] GC(323) Compaction Phase 648.377ms
[105.129s][info][gc,phases,start] GC(323) Post Compact
[105.140s][info][gc,phases      ] GC(323) Post Compact 11.346ms
[105.140s][info][gc,heap        ] GC(323) PSYoungGen: 177856K(212480K)->177856K(212480K) Eden: 55807K(55808K)->55807K(55808K) From: 122048K(156672K)->122048K(156672K)
[105.140s][info][gc,heap        ] GC(323) ParOldGen: 7509250K(7509504K)->7509250K(7509504K)
[105.140s][info][gc,metaspace   ] GC(323) Metaspace: 6297K(6464K)->6297K(6464K) NonClass: 5764K(5824K)->5764K(5824K) Class: 533K(640K)->533K(640K)
[105.140s][info][gc             ] GC(323) Pause Full (Ergonomics) 7506M->7506M(7541M) 2458.597ms
[105.140s][info][gc,cpu         ] GC(323) User=18.20s Sys=0.00s Real=2.46s
[105.140s][info][gc,start       ] GC(324) Pause Full (Ergonomics)
[105.140s][info][gc,phases,start] GC(324) Marking Phase
[106.932s][info][gc,phases      ] GC(324) Marking Phase 1791.885ms
[106.932s][info][gc,phases,start] GC(324) Summary Phase
[106.932s][info][gc,phases      ] GC(324) Summary Phase 0.075ms
[106.932s][info][gc,phases,start] GC(324) Adjust Roots
[106.933s][info][gc,phases      ] GC(324) Adjust Roots 0.162ms
[106.933s][info][gc,phases,start] GC(324) Compaction Phase
[107.590s][info][gc,phases      ] GC(324) Compaction Phase 657.387ms
[107.590s][info][gc,phases,start] GC(324) Post Compact
[107.601s][info][gc,phases      ] GC(324) Post Compact 11.367ms
[107.601s][info][gc,heap        ] GC(324) PSYoungGen: 177856K(212480K)->177856K(212480K) Eden: 55807K(55808K)->55807K(55808K) From: 122048K(156672K)->122048K(156672K)
[107.601s][info][gc,heap        ] GC(324) ParOldGen: 7509255K(7509504K)->7509255K(7509504K)
[107.602s][info][gc,metaspace   ] GC(324) Metaspace: 6297K(6464K)->6297K(6464K) NonClass: 5764K(5824K)->5764K(5824K) Class: 533K(640K)->533K(640K)
[107.602s][info][gc             ] GC(324) Pause Full (Ergonomics) 7506M->7506M(7541M) 2461.195ms
[107.602s][info][gc,cpu         ] GC(324) User=17.97s Sys=0.00s Real=2.46s
[107.602s][info][gc,start       ] GC(325) Pause Full (Ergonomics)
[107.602s][info][gc,phases,start] GC(325) Marking Phase
[109.415s][info][gc,phases      ] GC(325) Marking Phase 1813.047ms
[109.415s][info][gc,phases,start] GC(325) Summary Phase
[109.415s][info][gc,phases      ] GC(325) Summary Phase 0.082ms
[109.415s][info][gc,phases,start] GC(325) Adjust Roots
[109.415s][info][gc,phases      ] GC(325) Adjust Roots 0.171ms
[109.415s][info][gc,phases,start] GC(325) Compaction Phase
[110.046s][info][gc,phases      ] GC(325) Compaction Phase 630.937ms
[110.046s][info][gc,phases,start] GC(325) Post Compact
[110.058s][info][gc,phases      ] GC(325) Post Compact 11.412ms
[110.058s][info][gc,heap        ] GC(325) PSYoungGen: 177856K(212480K)->177856K(212480K) Eden: 55807K(55808K)->55807K(55808K) From: 122048K(156672K)->122048K(156672K)
[110.058s][info][gc,heap        ] GC(325) ParOldGen: 7509260K(7509504K)->7509260K(7509504K)
[110.058s][info][gc,metaspace   ] GC(325) Metaspace: 6297K(6464K)->6297K(6464K) NonClass: 5764K(5824K)->5764K(5824K) Class: 533K(640K)->533K(640K)
[110.058s][info][gc             ] GC(325) Pause Full (Ergonomics) 7506M->7506M(7541M) 2455.995ms
[110.058s][info][gc,cpu         ] GC(325) User=18.33s Sys=0.00s Real=2.46s
[110.058s][info][gc,start       ] GC(326) Pause Full (Ergonomics)
[110.058s][info][gc,phases,start] GC(326) Marking Phase
[111.878s][info][gc,phases      ] GC(326) Marking Phase 1819.830ms
[111.878s][info][gc,phases,start] GC(326) Summary Phase
[111.878s][info][gc,phases      ] GC(326) Summary Phase 0.075ms
[111.878s][info][gc,phases,start] GC(326) Adjust Roots
[111.878s][info][gc,phases      ] GC(326) Adjust Roots 0.185ms
[111.878s][info][gc,phases,start] GC(326) Compaction Phase
[112.502s][info][gc,phases      ] GC(326) Compaction Phase 623.644ms
[112.502s][info][gc,phases,start] GC(326) Post Compact
[112.513s][info][gc,phases      ] GC(326) Post Compact 11.444ms
[112.513s][info][gc,heap        ] GC(326) PSYoungGen: 177856K(212480K)->177856K(212480K) Eden: 55807K(55808K)->55807K(55808K) From: 122048K(156672K)->122048K(156672K)
[112.513s][info][gc,heap        ] GC(326) ParOldGen: 7509265K(7509504K)->7509265K(7509504K)
[112.513s][info][gc,metaspace   ] GC(326) Metaspace: 6297K(6464K)->6297K(6464K) NonClass: 5764K(5824K)->5764K(5824K) Class: 533K(640K)->533K(640K)
[112.513s][info][gc             ] GC(326) Pause Full (Ergonomics) 7506M->7506M(7541M) 2455.524ms
[112.513s][info][gc,cpu         ] GC(326) User=18.31s Sys=0.00s Real=2.46s
[112.514s][info][gc,start       ] GC(327) Pause Full (Ergonomics)
[112.514s][info][gc,phases,start] GC(327) Marking Phase
[114.328s][info][gc,phases      ] GC(327) Marking Phase 1814.078ms
[114.328s][info][gc,phases,start] GC(327) Summary Phase
[114.328s][info][gc,phases      ] GC(327) Summary Phase 0.088ms
[114.328s][info][gc,phases,start] GC(327) Adjust Roots
[114.328s][info][gc,phases      ] GC(327) Adjust Roots 0.188ms
[114.328s][info][gc,phases,start] GC(327) Compaction Phase
[114.939s][info][gc,phases      ] GC(327) Compaction Phase 610.564ms
[114.939s][info][gc,phases,start] GC(327) Post Compact
[114.950s][info][gc,phases      ] GC(327) Post Compact 11.394ms
[114.950s][info][gc,heap        ] GC(327) PSYoungGen: 177856K(212480K)->177856K(212480K) Eden: 55807K(55808K)->55807K(55808K) From: 122048K(156672K)->122048K(156672K)
[114.950s][info][gc,heap        ] GC(327) ParOldGen: 7509269K(7509504K)->7509269K(7509504K)
[114.950s][info][gc,metaspace   ] GC(327) Metaspace: 6297K(6464K)->6297K(6464K) NonClass: 5764K(5824K)->5764K(5824K) Class: 533K(640K)->533K(640K)
[114.950s][info][gc             ] GC(327) Pause Full (Ergonomics) 7506M->7506M(7541M) 2436.659ms
[114.950s][info][gc,cpu         ] GC(327) User=18.03s Sys=0.00s Real=2.44s
[114.951s][info][gc,start       ] GC(328) Pause Full (Ergonomics)
[114.951s][info][gc,phases,start] GC(328) Marking Phase
[116.739s][info][gc,phases      ] GC(328) Marking Phase 1788.272ms
[116.739s][info][gc,phases,start] GC(328) Summary Phase
[116.739s][info][gc,phases      ] GC(328) Summary Phase 0.080ms
[116.739s][info][gc,phases,start] GC(328) Adjust Roots
[116.739s][info][gc,phases      ] GC(328) Adjust Roots 0.193ms
[116.739s][info][gc,phases,start] GC(328) Compaction Phase
[117.380s][info][gc,phases      ] GC(328) Compaction Phase 641.212ms
[117.380s][info][gc,phases,start] GC(328) Post Compact
[117.392s][info][gc,phases      ] GC(328) Post Compact 11.595ms
[117.392s][info][gc,heap        ] GC(328) PSYoungGen: 177856K(212480K)->177856K(212480K) Eden: 55807K(55808K)->55807K(55808K) From: 122048K(156672K)->122048K(156672K)
[117.392s][info][gc,heap        ] GC(328) ParOldGen: 7509274K(7509504K)->7509274K(7509504K)
[117.392s][info][gc,metaspace   ] GC(328) Metaspace: 6297K(6464K)->6297K(6464K) NonClass: 5764K(5824K)->5764K(5824K) Class: 533K(640K)->533K(640K)
[117.392s][info][gc             ] GC(328) Pause Full (Ergonomics) 7506M->7506M(7541M) 2441.695ms
[117.392s][info][gc,cpu         ] GC(328) User=17.95s Sys=0.00s Real=2.44s
[117.392s][info][gc,start       ] GC(329) Pause Full (Ergonomics)
[117.392s][info][gc,phases,start] GC(329) Marking Phase
[119.176s][info][gc,phases      ] GC(329) Marking Phase 1783.803ms
[119.176s][info][gc,phases,start] GC(329) Summary Phase
[119.176s][info][gc,phases      ] GC(329) Summary Phase 0.073ms
[119.176s][info][gc,phases,start] GC(329) Adjust Roots
[119.177s][info][gc,phases      ] GC(329) Adjust Roots 0.167ms
[119.177s][info][gc,phases,start] GC(329) Compaction Phase
[119.808s][info][gc,phases      ] GC(329) Compaction Phase 631.388ms
[119.808s][info][gc,phases,start] GC(329) Post Compact
[119.819s][info][gc,phases      ] GC(329) Post Compact 11.353ms
[119.820s][info][gc,heap        ] GC(329) PSYoungGen: 177856K(212480K)->177856K(212480K) Eden: 55807K(55808K)->55807K(55808K) From: 122048K(156672K)->122048K(156672K)
[119.820s][info][gc,heap        ] GC(329) ParOldGen: 7509279K(7509504K)->7509279K(7509504K)
[119.820s][info][gc,metaspace   ] GC(329) Metaspace: 6297K(6464K)->6297K(6464K) NonClass: 5764K(5824K)->5764K(5824K) Class: 533K(640K)->533K(640K)
[119.820s][info][gc             ] GC(329) Pause Full (Ergonomics) 7506M->7506M(7541M) 2427.103ms
[119.820s][info][gc,cpu         ] GC(329) User=17.98s Sys=0.00s Real=2.43s
[119.820s][info][gc,start       ] GC(330) Pause Full (Ergonomics)
[119.820s][info][gc,phases,start] GC(330) Marking Phase
[121.597s][info][gc,phases      ] GC(330) Marking Phase 1777.338ms
[121.597s][info][gc,phases,start] GC(330) Summary Phase
[121.597s][info][gc,phases      ] GC(330) Summary Phase 0.102ms
[121.597s][info][gc,phases,start] GC(330) Adjust Roots
[121.598s][info][gc,phases      ] GC(330) Adjust Roots 0.237ms
[121.598s][info][gc,phases,start] GC(330) Compaction Phase
[122.233s][info][gc,phases      ] GC(330) Compaction Phase 635.452ms
[122.233s][info][gc,phases,start] GC(330) Post Compact
[122.245s][info][gc,phases      ] GC(330) Post Compact 11.739ms
[122.245s][info][gc,heap        ] GC(330) PSYoungGen: 177856K(212480K)->177856K(212480K) Eden: 55807K(55808K)->55807K(55808K) From: 122048K(156672K)->122048K(156672K)
[122.245s][info][gc,heap        ] GC(330) ParOldGen: 7509284K(7509504K)->7509284K(7509504K)
[122.245s][info][gc,metaspace   ] GC(330) Metaspace: 6297K(6464K)->6297K(6464K) NonClass: 5764K(5824K)->5764K(5824K) Class: 533K(640K)->533K(640K)
[122.245s][info][gc             ] GC(330) Pause Full (Ergonomics) 7506M->7506M(7541M) 2425.270ms
[122.245s][info][gc,cpu         ] GC(330) User=17.78s Sys=0.00s Real=2.43s
[122.245s][info][gc,start       ] GC(331) Pause Full (Ergonomics)
[122.245s][info][gc,phases,start] GC(331) Marking Phase
[124.045s][info][gc,phases      ] GC(331) Marking Phase 1800.168ms
[124.046s][info][gc,phases,start] GC(331) Summary Phase
[124.046s][info][gc,phases      ] GC(331) Summary Phase 0.077ms
[124.046s][info][gc,phases,start] GC(331) Adjust Roots
[124.046s][info][gc,phases      ] GC(331) Adjust Roots 0.184ms
[124.046s][info][gc,phases,start] GC(331) Compaction Phase
[124.649s][info][gc,phases      ] GC(331) Compaction Phase 603.307ms
[124.649s][info][gc,phases,start] GC(331) Post Compact
[124.661s][info][gc,phases      ] GC(331) Post Compact 11.410ms
[124.661s][info][gc,heap        ] GC(331) PSYoungGen: 177856K(212480K)->177856K(212480K) Eden: 55807K(55808K)->55807K(55808K) From: 122048K(156672K)->122048K(156672K)
[124.661s][info][gc,heap        ] GC(331) ParOldGen: 7509289K(7509504K)->7509289K(7509504K)
[124.661s][info][gc,metaspace   ] GC(331) Metaspace: 6297K(6464K)->6297K(6464K) NonClass: 5764K(5824K)->5764K(5824K) Class: 533K(640K)->533K(640K)
[124.661s][info][gc             ] GC(331) Pause Full (Ergonomics) 7506M->7506M(7541M) 2415.502ms
[124.661s][info][gc,cpu         ] GC(331) User=18.03s Sys=0.00s Real=2.41s
[124.661s][info][gc,start       ] GC(332) Pause Full (Ergonomics)
[124.661s][info][gc,phases,start] GC(332) Marking Phase
[126.442s][info][gc,phases      ] GC(332) Marking Phase 1780.627ms
[126.442s][info][gc,phases,start] GC(332) Summary Phase
[126.442s][info][gc,phases      ] GC(332) Summary Phase 0.107ms
[126.442s][info][gc,phases,start] GC(332) Adjust Roots
[126.442s][info][gc,phases      ] GC(332) Adjust Roots 0.208ms
[126.442s][info][gc,phases,start] GC(332) Compaction Phase
[127.082s][info][gc,phases      ] GC(332) Compaction Phase 639.474ms
[127.082s][info][gc,phases,start] GC(332) Post Compact
[127.093s][info][gc,phases      ] GC(332) Post Compact 11.482ms
[127.093s][info][gc,heap        ] GC(332) PSYoungGen: 177856K(212480K)->177856K(212480K) Eden: 55807K(55808K)->55807K(55808K) From: 122048K(156672K)->122048K(156672K)
[127.093s][info][gc,heap        ] GC(332) ParOldGen: 7509294K(7509504K)->7509294K(7509504K)
[127.093s][info][gc,metaspace   ] GC(332) Metaspace: 6297K(6464K)->6297K(6464K) NonClass: 5764K(5824K)->5764K(5824K) Class: 533K(640K)->533K(640K)
[127.093s][info][gc             ] GC(332) Pause Full (Ergonomics) 7506M->7506M(7541M) 2432.234ms
[127.093s][info][gc,cpu         ] GC(332) User=17.78s Sys=0.00s Real=2.43s
[127.093s][info][gc,start       ] GC(333) Pause Full (Ergonomics)
[127.093s][info][gc,phases,start] GC(333) Marking Phase
[128.886s][info][gc,phases      ] GC(333) Marking Phase 1792.441ms
[128.886s][info][gc,phases,start] GC(333) Summary Phase
[128.886s][info][gc,phases      ] GC(333) Summary Phase 0.076ms
[128.886s][info][gc,phases,start] GC(333) Adjust Roots
[128.886s][info][gc,phases      ] GC(333) Adjust Roots 0.158ms
[128.886s][info][gc,phases,start] GC(333) Compaction Phase
[129.545s][info][gc,phases      ] GC(333) Compaction Phase 658.557ms
[129.545s][info][gc,phases,start] GC(333) Post Compact
[129.556s][info][gc,phases      ] GC(333) Post Compact 11.341ms
[129.556s][info][gc,heap        ] GC(333) PSYoungGen: 177856K(212480K)->177856K(212480K) Eden: 55807K(55808K)->55807K(55808K) From: 122048K(156672K)->122048K(156672K)
[129.556s][info][gc,heap        ] GC(333) ParOldGen: 7509298K(7509504K)->7509298K(7509504K)
[129.556s][info][gc,metaspace   ] GC(333) Metaspace: 6297K(6464K)->6297K(6464K) NonClass: 5764K(5824K)->5764K(5824K) Class: 533K(640K)->533K(640K)
[129.556s][info][gc             ] GC(333) Pause Full (Ergonomics) 7506M->7506M(7541M) 2462.904ms
[129.556s][info][gc,cpu         ] GC(333) User=17.84s Sys=0.00s Real=2.46s
[129.557s][info][gc,start       ] GC(334) Pause Full (Ergonomics)
[129.557s][info][gc,phases,start] GC(334) Marking Phase
[131.368s][info][gc,phases      ] GC(334) Marking Phase 1811.808ms
[131.368s][info][gc,phases,start] GC(334) Summary Phase
[131.368s][info][gc,phases      ] GC(334) Summary Phase 0.074ms
[131.369s][info][gc,phases,start] GC(334) Adjust Roots
[131.369s][info][gc,phases      ] GC(334) Adjust Roots 0.183ms
[131.369s][info][gc,phases,start] GC(334) Compaction Phase
[132.000s][info][gc,phases      ] GC(334) Compaction Phase 631.041ms
[132.000s][info][gc,phases,start] GC(334) Post Compact
[132.011s][info][gc,phases      ] GC(334) Post Compact 11.591ms
[132.012s][info][gc,heap        ] GC(334) PSYoungGen: 177856K(212480K)->177856K(212480K) Eden: 55807K(55808K)->55807K(55808K) From: 122048K(156672K)->122048K(156672K)
[132.012s][info][gc,heap        ] GC(334) ParOldGen: 7509303K(7509504K)->7509303K(7509504K)
[132.012s][info][gc,metaspace   ] GC(334) Metaspace: 6297K(6464K)->6297K(6464K) NonClass: 5764K(5824K)->5764K(5824K) Class: 533K(640K)->533K(640K)
[132.012s][info][gc             ] GC(334) Pause Full (Ergonomics) 7506M->7506M(7541M) 2455.077ms
[132.012s][info][gc,cpu         ] GC(334) User=18.08s Sys=0.00s Real=2.45s
[132.012s][info][gc,start       ] GC(335) Pause Full (Ergonomics)
[132.012s][info][gc,phases,start] GC(335) Marking Phase
[133.803s][info][gc,phases      ] GC(335) Marking Phase 1790.637ms
[133.803s][info][gc,phases,start] GC(335) Summary Phase
[133.803s][info][gc,phases      ] GC(335) Summary Phase 0.075ms
[133.803s][info][gc,phases,start] GC(335) Adjust Roots
[133.803s][info][gc,phases      ] GC(335) Adjust Roots 0.166ms
[133.803s][info][gc,phases,start] GC(335) Compaction Phase
[134.449s][info][gc,phases      ] GC(335) Compaction Phase 646.249ms
[134.449s][info][gc,phases,start] GC(335) Post Compact
[134.461s][info][gc,phases      ] GC(335) Post Compact 11.268ms
[134.461s][info][gc,heap        ] GC(335) PSYoungGen: 177856K(212480K)->177856K(212480K) Eden: 55807K(55808K)->55807K(55808K) From: 122048K(156672K)->122048K(156672K)
[134.461s][info][gc,heap        ] GC(335) ParOldGen: 7509308K(7509504K)->7509308K(7509504K)
[134.461s][info][gc,metaspace   ] GC(335) Metaspace: 6297K(6464K)->6297K(6464K) NonClass: 5764K(5824K)->5764K(5824K) Class: 533K(640K)->533K(640K)
[134.461s][info][gc             ] GC(335) Pause Full (Ergonomics) 7506M->7506M(7541M) 2448.876ms
[134.461s][info][gc,cpu         ] GC(335) User=17.92s Sys=0.02s Real=2.45s
[134.461s][info][gc,start       ] GC(336) Pause Full (Ergonomics)
[134.461s][info][gc,phases,start] GC(336) Marking Phase
[136.226s][info][gc,phases      ] GC(336) Marking Phase 1765.287ms
[136.226s][info][gc,phases,start] GC(336) Summary Phase
[136.226s][info][gc,phases      ] GC(336) Summary Phase 0.077ms
[136.226s][info][gc,phases,start] GC(336) Adjust Roots
[136.227s][info][gc,phases      ] GC(336) Adjust Roots 0.167ms
[136.227s][info][gc,phases,start] GC(336) Compaction Phase
[136.864s][info][gc,phases      ] GC(336) Compaction Phase 637.236ms
[136.864s][info][gc,phases,start] GC(336) Post Compact
[136.875s][info][gc,phases      ] GC(336) Post Compact 11.413ms
[136.875s][info][gc,heap        ] GC(336) PSYoungGen: 177856K(212480K)->177856K(212480K) Eden: 55807K(55808K)->55807K(55808K) From: 122048K(156672K)->122048K(156672K)
[136.876s][info][gc,heap        ] GC(336) ParOldGen: 7509313K(7509504K)->7509313K(7509504K)
[136.876s][info][gc,metaspace   ] GC(336) Metaspace: 6297K(6464K)->6297K(6464K) NonClass: 5764K(5824K)->5764K(5824K) Class: 533K(640K)->533K(640K)
[136.876s][info][gc             ] GC(336) Pause Full (Ergonomics) 7507M->7507M(7541M) 2414.530ms
[136.876s][info][gc,cpu         ] GC(336) User=17.66s Sys=0.05s Real=2.41s
[136.876s][info][gc,start       ] GC(337) Pause Full (Ergonomics)
[136.876s][info][gc,phases,start] GC(337) Marking Phase
[138.660s][info][gc,phases      ] GC(337) Marking Phase 1783.869ms
[138.660s][info][gc,phases,start] GC(337) Summary Phase
[138.660s][info][gc,phases      ] GC(337) Summary Phase 0.098ms
[138.660s][info][gc,phases,start] GC(337) Adjust Roots
[138.660s][info][gc,phases      ] GC(337) Adjust Roots 0.224ms
[138.660s][info][gc,phases,start] GC(337) Compaction Phase
[139.272s][info][gc,phases      ] GC(337) Compaction Phase 611.771ms
[139.272s][info][gc,phases,start] GC(337) Post Compact
[139.283s][info][gc,phases      ] GC(337) Post Compact 11.338ms
[139.283s][info][gc,heap        ] GC(337) PSYoungGen: 177856K(212480K)->177856K(212480K) Eden: 55807K(55808K)->55807K(55808K) From: 122048K(156672K)->122048K(156672K)
[139.283s][info][gc,heap        ] GC(337) ParOldGen: 7509318K(7509504K)->7509318K(7509504K)
[139.283s][info][gc,metaspace   ] GC(337) Metaspace: 6297K(6464K)->6297K(6464K) NonClass: 5764K(5824K)->5764K(5824K) Class: 533K(640K)->533K(640K)
[139.283s][info][gc             ] GC(337) Pause Full (Ergonomics) 7507M->7507M(7541M) 2407.651ms
[139.283s][info][gc,cpu         ] GC(337) User=17.78s Sys=0.02s Real=2.41s
[139.284s][info][gc,start       ] GC(338) Pause Full (Ergonomics)
[139.284s][info][gc,phases,start] GC(338) Marking Phase
[141.048s][info][gc,phases      ] GC(338) Marking Phase 1763.974ms
[141.048s][info][gc,phases,start] GC(338) Summary Phase
[141.048s][info][gc,phases      ] GC(338) Summary Phase 0.077ms
[141.048s][info][gc,phases,start] GC(338) Adjust Roots
[141.048s][info][gc,phases      ] GC(338) Adjust Roots 0.332ms
[141.048s][info][gc,phases,start] GC(338) Compaction Phase
[141.659s][info][gc,phases      ] GC(338) Compaction Phase 610.699ms
[141.659s][info][gc,phases,start] GC(338) Post Compact
[141.670s][info][gc,phases      ] GC(338) Post Compact 11.374ms
[141.670s][info][gc,heap        ] GC(338) PSYoungGen: 177856K(212480K)->177856K(212480K) Eden: 55807K(55808K)->55807K(55808K) From: 122048K(156672K)->122048K(156672K)
[141.670s][info][gc,heap        ] GC(338) ParOldGen: 7509323K(7509504K)->7509323K(7509504K)
[141.670s][info][gc,metaspace   ] GC(338) Metaspace: 6297K(6464K)->6297K(6464K) NonClass: 5764K(5824K)->5764K(5824K) Class: 533K(640K)->533K(640K)
[141.670s][info][gc             ] GC(338) Pause Full (Ergonomics) 7507M->7507M(7541M) 2386.786ms
[141.670s][info][gc,cpu         ] GC(338) User=17.61s Sys=0.02s Real=2.39s
[141.671s][info][gc,start       ] GC(339) Pause Full (Ergonomics)
[141.671s][info][gc,phases,start] GC(339) Marking Phase
[143.416s][info][gc,phases      ] GC(339) Marking Phase 1745.447ms
[143.416s][info][gc,phases,start] GC(339) Summary Phase
[143.416s][info][gc,phases      ] GC(339) Summary Phase 0.077ms
[143.416s][info][gc,phases,start] GC(339) Adjust Roots
[143.416s][info][gc,phases      ] GC(339) Adjust Roots 0.183ms
[143.416s][info][gc,phases,start] GC(339) Compaction Phase
[144.053s][info][gc,phases      ] GC(339) Compaction Phase 636.815ms
[144.053s][info][gc,phases,start] GC(339) Post Compact
[144.065s][info][gc,phases      ] GC(339) Post Compact 11.444ms
[144.065s][info][gc,heap        ] GC(339) PSYoungGen: 177856K(212480K)->177856K(212480K) Eden: 55807K(55808K)->55807K(55808K) From: 122048K(156672K)->122048K(156672K)
[144.065s][info][gc,heap        ] GC(339) ParOldGen: 7509327K(7509504K)->7509327K(7509504K)
[144.065s][info][gc,metaspace   ] GC(339) Metaspace: 6297K(6464K)->6297K(6464K) NonClass: 5764K(5824K)->5764K(5824K) Class: 533K(640K)->533K(640K)
[144.065s][info][gc             ] GC(339) Pause Full (Ergonomics) 7507M->7507M(7541M) 2394.300ms
[144.065s][info][gc,cpu         ] GC(339) User=17.50s Sys=0.00s Real=2.39s
[144.065s][info][gc,start       ] GC(340) Pause Full (Ergonomics)
[144.065s][info][gc,phases,start] GC(340) Marking Phase
[145.825s][info][gc,phases      ] GC(340) Marking Phase 1759.861ms
[145.825s][info][gc,phases,start] GC(340) Summary Phase
[145.825s][info][gc,phases      ] GC(340) Summary Phase 0.082ms
[145.825s][info][gc,phases,start] GC(340) Adjust Roots
[145.825s][info][gc,phases      ] GC(340) Adjust Roots 0.202ms
[145.825s][info][gc,phases,start] GC(340) Compaction Phase
[146.430s][info][gc,phases      ] GC(340) Compaction Phase 604.873ms
[146.430s][info][gc,phases,start] GC(340) Post Compact
[146.442s][info][gc,phases      ] GC(340) Post Compact 11.473ms
[146.442s][info][gc,heap        ] GC(340) PSYoungGen: 177856K(212480K)->177856K(212480K) Eden: 55807K(55808K)->55807K(55808K) From: 122048K(156672K)->122048K(156672K)
[146.442s][info][gc,heap        ] GC(340) ParOldGen: 7509332K(7509504K)->7509332K(7509504K)
[146.442s][info][gc,metaspace   ] GC(340) Metaspace: 6297K(6464K)->6297K(6464K) NonClass: 5764K(5824K)->5764K(5824K) Class: 533K(640K)->533K(640K)
[146.442s][info][gc             ] GC(340) Pause Full (Ergonomics) 7507M->7507M(7541M) 2376.819ms
[146.442s][info][gc,cpu         ] GC(340) User=17.44s Sys=0.00s Real=2.38s
[146.442s][info][gc,start       ] GC(341) Pause Full (Ergonomics)
[146.442s][info][gc,phases,start] GC(341) Marking Phase
[148.211s][info][gc,phases      ] GC(341) Marking Phase 1768.763ms
[148.211s][info][gc,phases,start] GC(341) Summary Phase
[148.211s][info][gc,phases      ] GC(341) Summary Phase 0.107ms
[148.211s][info][gc,phases,start] GC(341) Adjust Roots
[148.211s][info][gc,phases      ] GC(341) Adjust Roots 0.219ms
[148.211s][info][gc,phases,start] GC(341) Compaction Phase
[148.807s][info][gc,phases      ] GC(341) Compaction Phase 595.561ms
[148.807s][info][gc,phases,start] GC(341) Post Compact
[148.818s][info][gc,phases      ] GC(341) Post Compact 11.466ms
[148.819s][info][gc,heap        ] GC(341) PSYoungGen: 177856K(212480K)->177856K(212480K) Eden: 55807K(55808K)->55807K(55808K) From: 122048K(156672K)->122048K(156672K)
[148.819s][info][gc,heap        ] GC(341) ParOldGen: 7509337K(7509504K)->7509337K(7509504K)
[148.819s][info][gc,metaspace   ] GC(341) Metaspace: 6297K(6464K)->6297K(6464K) NonClass: 5764K(5824K)->5764K(5824K) Class: 533K(640K)->533K(640K)
[148.819s][info][gc             ] GC(341) Pause Full (Ergonomics) 7507M->7507M(7541M) 2376.499ms
[148.819s][info][gc,cpu         ] GC(341) User=17.77s Sys=0.00s Real=2.38s
[148.819s][info][gc,start       ] GC(342) Pause Full (Ergonomics)
[148.819s][info][gc,phases,start] GC(342) Marking Phase
[150.575s][info][gc,phases      ] GC(342) Marking Phase 1755.716ms
[150.575s][info][gc,phases,start] GC(342) Summary Phase
[150.575s][info][gc,phases      ] GC(342) Summary Phase 0.075ms
[150.575s][info][gc,phases,start] GC(342) Adjust Roots
[150.575s][info][gc,phases      ] GC(342) Adjust Roots 0.164ms
[150.575s][info][gc,phases,start] GC(342) Compaction Phase
[151.180s][info][gc,phases      ] GC(342) Compaction Phase 605.507ms
[151.181s][info][gc,phases,start] GC(342) Post Compact
[151.192s][info][gc,phases      ] GC(342) Post Compact 11.314ms
[151.192s][info][gc,heap        ] GC(342) PSYoungGen: 177856K(212480K)->177856K(212480K) Eden: 55807K(55808K)->55807K(55808K) From: 122048K(156672K)->122048K(156672K)
[151.192s][info][gc,heap        ] GC(342) ParOldGen: 7509342K(7509504K)->7509342K(7509504K)
[151.192s][info][gc,metaspace   ] GC(342) Metaspace: 6297K(6464K)->6297K(6464K) NonClass: 5764K(5824K)->5764K(5824K) Class: 533K(640K)->533K(640K)
[151.192s][info][gc             ] GC(342) Pause Full (Ergonomics) 7507M->7507M(7541M) 2373.104ms
[151.192s][info][gc,cpu         ] GC(342) User=17.48s Sys=0.00s Real=2.37s
[151.192s][info][gc,start       ] GC(343) Pause Full (Ergonomics)
[151.192s][info][gc,phases,start] GC(343) Marking Phase
[152.947s][info][gc,phases      ] GC(343) Marking Phase 1754.688ms
[152.947s][info][gc,phases,start] GC(343) Summary Phase
[152.947s][info][gc,phases      ] GC(343) Summary Phase 0.075ms
[152.947s][info][gc,phases,start] GC(343) Adjust Roots
[152.947s][info][gc,phases      ] GC(343) Adjust Roots 0.175ms
[152.947s][info][gc,phases,start] GC(343) Compaction Phase
[153.556s][info][gc,phases      ] GC(343) Compaction Phase 608.652ms
[153.556s][info][gc,phases,start] GC(343) Post Compact
[153.567s][info][gc,phases      ] GC(343) Post Compact 11.378ms
[153.567s][info][gc,heap        ] GC(343) PSYoungGen: 177856K(212480K)->177856K(212480K) Eden: 55807K(55808K)->55807K(55808K) From: 122048K(156672K)->122048K(156672K)
[153.567s][info][gc,heap        ] GC(343) ParOldGen: 7509347K(7509504K)->7509347K(7509504K)
[153.568s][info][gc,metaspace   ] GC(343) Metaspace: 6297K(6464K)->6297K(6464K) NonClass: 5764K(5824K)->5764K(5824K) Class: 533K(640K)->533K(640K)
[153.568s][info][gc             ] GC(343) Pause Full (Ergonomics) 7507M->7507M(7541M) 2375.340ms
[153.568s][info][gc,cpu         ] GC(343) User=17.62s Sys=0.02s Real=2.38s
[153.568s][info][gc,start       ] GC(344) Pause Full (Ergonomics)
[153.568s][info][gc,phases,start] GC(344) Marking Phase
[155.317s][info][gc,phases      ] GC(344) Marking Phase 1749.332ms
[155.317s][info][gc,phases,start] GC(344) Summary Phase
[155.317s][info][gc,phases      ] GC(344) Summary Phase 0.075ms
[155.317s][info][gc,phases,start] GC(344) Adjust Roots
[155.317s][info][gc,phases      ] GC(344) Adjust Roots 0.161ms
[155.317s][info][gc,phases,start] GC(344) Compaction Phase
[155.953s][info][gc,phases      ] GC(344) Compaction Phase 635.925ms
[155.953s][info][gc,phases,start] GC(344) Post Compact
[155.965s][info][gc,phases      ] GC(344) Post Compact 11.376ms
[155.965s][info][gc,heap        ] GC(344) PSYoungGen: 177856K(212480K)->177856K(212480K) Eden: 55807K(55808K)->55807K(55808K) From: 122048K(156672K)->122048K(156672K)
[155.965s][info][gc,heap        ] GC(344) ParOldGen: 7509352K(7509504K)->7509352K(7509504K)
[155.965s][info][gc,metaspace   ] GC(344) Metaspace: 6297K(6464K)->6297K(6464K) NonClass: 5764K(5824K)->5764K(5824K) Class: 533K(640K)->533K(640K)
[155.965s][info][gc             ] GC(344) Pause Full (Ergonomics) 7507M->7507M(7541M) 2397.261ms
[155.965s][info][gc,cpu         ] GC(344) User=17.56s Sys=0.00s Real=2.40s
[155.965s][info][gc,start       ] GC(345) Pause Full (Ergonomics)
[155.965s][info][gc,phases,start] GC(345) Marking Phase
[157.729s][info][gc,phases      ] GC(345) Marking Phase 1764.006ms
[157.729s][info][gc,phases,start] GC(345) Summary Phase
[157.729s][info][gc,phases      ] GC(345) Summary Phase 0.093ms
[157.729s][info][gc,phases,start] GC(345) Adjust Roots
[157.730s][info][gc,phases      ] GC(345) Adjust Roots 0.190ms
[157.730s][info][gc,phases,start] GC(345) Compaction Phase
[158.356s][info][gc,phases      ] GC(345) Compaction Phase 625.891ms
[158.356s][info][gc,phases,start] GC(345) Post Compact
[158.367s][info][gc,phases      ] GC(345) Post Compact 11.473ms
[158.367s][info][gc,heap        ] GC(345) PSYoungGen: 177856K(212480K)->177856K(212480K) Eden: 55807K(55808K)->55807K(55808K) From: 122048K(156672K)->122048K(156672K)
[158.367s][info][gc,heap        ] GC(345) ParOldGen: 7509356K(7509504K)->7509356K(7509504K)
[158.367s][info][gc,metaspace   ] GC(345) Metaspace: 6297K(6464K)->6297K(6464K) NonClass: 5764K(5824K)->5764K(5824K) Class: 533K(640K)->533K(640K)
[158.367s][info][gc             ] GC(345) Pause Full (Ergonomics) 7507M->7507M(7541M) 2402.009ms
[158.367s][info][gc,cpu         ] GC(345) User=17.59s Sys=0.02s Real=2.40s
[158.367s][info][gc,start       ] GC(346) Pause Full (Ergonomics)
[158.367s][info][gc,phases,start] GC(346) Marking Phase
[160.102s][info][gc,phases      ] GC(346) Marking Phase 1734.885ms
[160.102s][info][gc,phases,start] GC(346) Summary Phase
[160.103s][info][gc,phases      ] GC(346) Summary Phase 0.082ms
[160.103s][info][gc,phases,start] GC(346) Adjust Roots
[160.103s][info][gc,phases      ] GC(346) Adjust Roots 0.220ms
[160.103s][info][gc,phases,start] GC(346) Compaction Phase
[160.691s][info][gc,phases      ] GC(346) Compaction Phase 587.954ms
[160.691s][info][gc,phases,start] GC(346) Post Compact
[160.702s][info][gc,phases      ] GC(346) Post Compact 11.448ms
[160.702s][info][gc,heap        ] GC(346) PSYoungGen: 177856K(212480K)->177856K(212480K) Eden: 55807K(55808K)->55807K(55808K) From: 122048K(156672K)->122048K(156672K)
[160.702s][info][gc,heap        ] GC(346) ParOldGen: 7509361K(7509504K)->7509361K(7509504K)
[160.702s][info][gc,metaspace   ] GC(346) Metaspace: 6297K(6464K)->6297K(6464K) NonClass: 5764K(5824K)->5764K(5824K) Class: 533K(640K)->533K(640K)
[160.702s][info][gc             ] GC(346) Pause Full (Ergonomics) 7507M->7507M(7541M) 2334.921ms
[160.702s][info][gc,cpu         ] GC(346) User=17.48s Sys=0.00s Real=2.34s
[160.703s][info][gc,start       ] GC(347) Pause Full (Ergonomics)
[160.703s][info][gc,phases,start] GC(347) Marking Phase
[162.453s][info][gc,phases      ] GC(347) Marking Phase 1749.950ms
[162.453s][info][gc,phases,start] GC(347) Summary Phase
[162.453s][info][gc,phases      ] GC(347) Summary Phase 0.085ms
[162.453s][info][gc,phases,start] GC(347) Adjust Roots
[162.453s][info][gc,phases      ] GC(347) Adjust Roots 0.210ms
[162.453s][info][gc,phases,start] GC(347) Compaction Phase
[163.076s][info][gc,phases      ] GC(347) Compaction Phase 622.862ms
[163.076s][info][gc,phases,start] GC(347) Post Compact
[163.087s][info][gc,phases      ] GC(347) Post Compact 11.470ms
[163.087s][info][gc,heap        ] GC(347) PSYoungGen: 177856K(212480K)->177856K(212480K) Eden: 55807K(55808K)->55807K(55808K) From: 122048K(156672K)->122048K(156672K)
[163.088s][info][gc,heap        ] GC(347) ParOldGen: 7509366K(7509504K)->7509366K(7509504K)
[163.088s][info][gc,metaspace   ] GC(347) Metaspace: 6297K(6464K)->6297K(6464K) NonClass: 5764K(5824K)->5764K(5824K) Class: 533K(640K)->533K(640K)
[163.088s][info][gc             ] GC(347) Pause Full (Ergonomics) 7507M->7507M(7541M) 2384.922ms
[163.088s][info][gc,cpu         ] GC(347) User=17.16s Sys=0.00s Real=2.38s
[163.088s][info][gc,start       ] GC(348) Pause Full (Ergonomics)
[163.088s][info][gc,phases,start] GC(348) Marking Phase
[164.844s][info][gc,phases      ] GC(348) Marking Phase 1756.328ms
[164.844s][info][gc,phases,start] GC(348) Summary Phase
[164.844s][info][gc,phases      ] GC(348) Summary Phase 0.080ms
[164.844s][info][gc,phases,start] GC(348) Adjust Roots
[164.844s][info][gc,phases      ] GC(348) Adjust Roots 0.176ms
[164.844s][info][gc,phases,start] GC(348) Compaction Phase
[165.456s][info][gc,phases      ] GC(348) Compaction Phase 611.748ms
[165.456s][info][gc,phases,start] GC(348) Post Compact
[165.468s][info][gc,phases      ] GC(348) Post Compact 11.430ms
[165.468s][info][gc,heap        ] GC(348) PSYoungGen: 177856K(212480K)->177856K(212480K) Eden: 55807K(55808K)->55807K(55808K) From: 122048K(156672K)->122048K(156672K)
[165.468s][info][gc,heap        ] GC(348) ParOldGen: 7509371K(7509504K)->7509371K(7509504K)
[165.468s][info][gc,metaspace   ] GC(348) Metaspace: 6297K(6464K)->6297K(6464K) NonClass: 5764K(5824K)->5764K(5824K) Class: 533K(640K)->533K(640K)
[165.468s][info][gc             ] GC(348) Pause Full (Ergonomics) 7507M->7507M(7541M) 2380.104ms
[165.468s][info][gc,cpu         ] GC(348) User=17.34s Sys=0.00s Real=2.38s
[165.468s][info][gc,start       ] GC(349) Pause Full (Ergonomics)
[165.468s][info][gc,phases,start] GC(349) Marking Phase
[167.192s][info][gc,phases      ] GC(349) Marking Phase 1724.110ms
[167.192s][info][gc,phases,start] GC(349) Summary Phase
[167.192s][info][gc,phases      ] GC(349) Summary Phase 0.074ms
[167.192s][info][gc,phases,start] GC(349) Adjust Roots
[167.193s][info][gc,phases      ] GC(349) Adjust Roots 0.189ms
[167.193s][info][gc,phases,start] GC(349) Compaction Phase
[167.801s][info][gc,phases      ] GC(349) Compaction Phase 608.029ms
[167.801s][info][gc,phases,start] GC(349) Post Compact
[167.812s][info][gc,phases      ] GC(349) Post Compact 11.446ms
[167.812s][info][gc,heap        ] GC(349) PSYoungGen: 177856K(212480K)->177856K(212480K) Eden: 55807K(55808K)->55807K(55808K) From: 122048K(156672K)->122048K(156672K)
[167.812s][info][gc,heap        ] GC(349) ParOldGen: 7509376K(7509504K)->7509376K(7509504K)
[167.812s][info][gc,metaspace   ] GC(349) Metaspace: 6297K(6464K)->6297K(6464K) NonClass: 5764K(5824K)->5764K(5824K) Class: 533K(640K)->533K(640K)
[167.812s][info][gc             ] GC(349) Pause Full (Ergonomics) 7507M->7507M(7541M) 2344.194ms
[167.812s][info][gc,cpu         ] GC(349) User=17.25s Sys=0.00s Real=2.34s
[167.812s][info][gc,start       ] GC(350) Pause Full (Ergonomics)
[167.813s][info][gc,phases,start] GC(350) Marking Phase
[169.571s][info][gc,phases      ] GC(350) Marking Phase 1758.618ms
[169.571s][info][gc,phases,start] GC(350) Summary Phase
[169.571s][info][gc,phases      ] GC(350) Summary Phase 0.080ms
[169.571s][info][gc,phases,start] GC(350) Adjust Roots
[169.572s][info][gc,phases      ] GC(350) Adjust Roots 0.220ms
[169.572s][info][gc,phases,start] GC(350) Compaction Phase
[170.178s][info][gc,phases      ] GC(350) Compaction Phase 606.108ms
[170.178s][info][gc,phases,start] GC(350) Post Compact
[170.189s][info][gc,phases      ] GC(350) Post Compact 11.618ms
[170.189s][info][gc,heap        ] GC(350) PSYoungGen: 177856K(212480K)->177856K(212480K) Eden: 55807K(55808K)->55807K(55808K) From: 122048K(156672K)->122048K(156672K)
[170.189s][info][gc,heap        ] GC(350) ParOldGen: 7509381K(7509504K)->7509381K(7509504K)
[170.189s][info][gc,metaspace   ] GC(350) Metaspace: 6297K(6464K)->6297K(6464K) NonClass: 5764K(5824K)->5764K(5824K) Class: 533K(640K)->533K(640K)
[170.189s][info][gc             ] GC(350) Pause Full (Ergonomics) 7507M->7507M(7541M) 2376.995ms
[170.190s][info][gc,cpu         ] GC(350) User=17.53s Sys=0.02s Real=2.38s
[170.190s][info][gc,start       ] GC(351) Pause Full (Ergonomics)
[170.190s][info][gc,phases,start] GC(351) Marking Phase
[171.930s][info][gc,phases      ] GC(351) Marking Phase 1739.998ms
[171.930s][info][gc,phases,start] GC(351) Summary Phase
[171.930s][info][gc,phases      ] GC(351) Summary Phase 0.075ms
[171.930s][info][gc,phases,start] GC(351) Adjust Roots
[171.930s][info][gc,phases      ] GC(351) Adjust Roots 0.160ms
[171.930s][info][gc,phases,start] GC(351) Compaction Phase
[172.564s][info][gc,phases      ] GC(351) Compaction Phase 634.172ms
[172.564s][info][gc,phases,start] GC(351) Post Compact
[172.576s][info][gc,phases      ] GC(351) Post Compact 11.687ms
[172.576s][info][gc,heap        ] GC(351) PSYoungGen: 177856K(212480K)->177856K(212480K) Eden: 55807K(55808K)->55807K(55808K) From: 122048K(156672K)->122048K(156672K)
[172.576s][info][gc,heap        ] GC(351) ParOldGen: 7509385K(7509504K)->7509385K(7509504K)
[172.576s][info][gc,metaspace   ] GC(351) Metaspace: 6297K(6464K)->6297K(6464K) NonClass: 5764K(5824K)->5764K(5824K) Class: 533K(640K)->533K(640K)
[172.576s][info][gc             ] GC(351) Pause Full (Ergonomics) 7507M->7507M(7541M) 2386.441ms
[172.576s][info][gc,cpu         ] GC(351) User=17.38s Sys=0.02s Real=2.39s
[172.576s][info][gc,start       ] GC(352) Pause Full (Ergonomics)
[172.576s][info][gc,phases,start] GC(352) Marking Phase
[174.326s][info][gc,phases      ] GC(352) Marking Phase 1750.016ms
[174.326s][info][gc,phases,start] GC(352) Summary Phase
[174.327s][info][gc,phases      ] GC(352) Summary Phase 0.076ms
[174.327s][info][gc,phases,start] GC(352) Adjust Roots
[174.327s][info][gc,phases      ] GC(352) Adjust Roots 0.161ms
[174.327s][info][gc,phases,start] GC(352) Compaction Phase
[174.935s][info][gc,phases      ] GC(352) Compaction Phase 608.190ms
[174.935s][info][gc,phases,start] GC(352) Post Compact
[174.946s][info][gc,phases      ] GC(352) Post Compact 11.401ms
[174.946s][info][gc,heap        ] GC(352) PSYoungGen: 177856K(212480K)->177856K(212480K) Eden: 55807K(55808K)->55807K(55808K) From: 122048K(156672K)->122048K(156672K)
[174.946s][info][gc,heap        ] GC(352) ParOldGen: 7509390K(7509504K)->7509390K(7509504K)
[174.946s][info][gc,metaspace   ] GC(352) Metaspace: 6297K(6464K)->6297K(6464K) NonClass: 5764K(5824K)->5764K(5824K) Class: 533K(640K)->533K(640K)
[174.946s][info][gc             ] GC(352) Pause Full (Ergonomics) 7507M->7507M(7541M) 2370.166ms
[174.947s][info][gc,cpu         ] GC(352) User=17.34s Sys=0.00s Real=2.37s
[174.947s][info][gc,start       ] GC(353) Pause Full (Ergonomics)
[174.947s][info][gc,phases,start] GC(353) Marking Phase
[176.684s][info][gc,phases      ] GC(353) Marking Phase 1737.034ms
[176.684s][info][gc,phases,start] GC(353) Summary Phase
[176.684s][info][gc,phases      ] GC(353) Summary Phase 0.075ms
[176.684s][info][gc,phases,start] GC(353) Adjust Roots
[176.684s][info][gc,phases      ] GC(353) Adjust Roots 0.189ms
[176.684s][info][gc,phases,start] GC(353) Compaction Phase
[177.282s][info][gc,phases      ] GC(353) Compaction Phase 597.487ms
[177.282s][info][gc,phases,start] GC(353) Post Compact
[177.294s][info][gc,phases      ] GC(353) Post Compact 11.817ms
[177.294s][info][gc,heap        ] GC(353) PSYoungGen: 177856K(212480K)->177856K(212480K) Eden: 55807K(55808K)->55807K(55808K) From: 122048K(156672K)->122048K(156672K)
[177.294s][info][gc,heap        ] GC(353) ParOldGen: 7509395K(7509504K)->7509395K(7509504K)
[177.294s][info][gc,metaspace   ] GC(353) Metaspace: 6297K(6464K)->6297K(6464K) NonClass: 5764K(5824K)->5764K(5824K) Class: 533K(640K)->533K(640K)
[177.294s][info][gc             ] GC(353) Pause Full (Ergonomics) 7507M->7507M(7541M) 2346.935ms
[177.294s][info][gc,cpu         ] GC(353) User=17.45s Sys=0.00s Real=2.35s
[177.294s][info][gc,start       ] GC(354) Pause Full (Ergonomics)
[177.294s][info][gc,phases,start] GC(354) Marking Phase
[179.019s][info][gc,phases      ] GC(354) Marking Phase 1724.998ms
[179.019s][info][gc,phases,start] GC(354) Summary Phase
[179.019s][info][gc,phases      ] GC(354) Summary Phase 0.079ms
[179.019s][info][gc,phases,start] GC(354) Adjust Roots
[179.019s][info][gc,phases      ] GC(354) Adjust Roots 0.170ms
[179.019s][info][gc,phases,start] GC(354) Compaction Phase
[179.593s][info][gc,phases      ] GC(354) Compaction Phase 573.828ms
[179.593s][info][gc,phases,start] GC(354) Post Compact
[179.605s][info][gc,phases      ] GC(354) Post Compact 11.699ms
[179.605s][info][gc,heap        ] GC(354) PSYoungGen: 177856K(212480K)->177856K(212480K) Eden: 55807K(55808K)->55807K(55808K) From: 122048K(156672K)->122048K(156672K)
[179.605s][info][gc,heap        ] GC(354) ParOldGen: 7509400K(7509504K)->7509400K(7509504K)
[179.605s][info][gc,metaspace   ] GC(354) Metaspace: 6297K(6464K)->6297K(6464K) NonClass: 5764K(5824K)->5764K(5824K) Class: 533K(640K)->533K(640K)
[179.605s][info][gc             ] GC(354) Pause Full (Ergonomics) 7507M->7507M(7541M) 2311.113ms
[179.605s][info][gc,cpu         ] GC(354) User=17.33s Sys=0.00s Real=2.31s
[179.605s][info][gc,start       ] GC(355) Pause Full (Ergonomics)
[179.605s][info][gc,phases,start] GC(355) Marking Phase
[181.346s][info][gc,phases      ] GC(355) Marking Phase 1741.025ms
[181.346s][info][gc,phases,start] GC(355) Summary Phase
[181.346s][info][gc,phases      ] GC(355) Summary Phase 0.075ms
[181.346s][info][gc,phases,start] GC(355) Adjust Roots
[181.347s][info][gc,phases      ] GC(355) Adjust Roots 0.164ms
[181.347s][info][gc,phases,start] GC(355) Compaction Phase
[181.941s][info][gc,phases      ] GC(355) Compaction Phase 594.225ms
[181.941s][info][gc,phases,start] GC(355) Post Compact
[181.952s][info][gc,phases      ] GC(355) Post Compact 11.333ms
[181.952s][info][gc,heap        ] GC(355) PSYoungGen: 177856K(212480K)->177856K(212480K) Eden: 55807K(55808K)->55807K(55808K) From: 122048K(156672K)->122048K(156672K)
[181.952s][info][gc,heap        ] GC(355) ParOldGen: 7509405K(7509504K)->7509405K(7509504K)
[181.952s][info][gc,metaspace   ] GC(355) Metaspace: 6297K(6464K)->6297K(6464K) NonClass: 5764K(5824K)->5764K(5824K) Class: 533K(640K)->533K(640K)
[181.952s][info][gc             ] GC(355) Pause Full (Ergonomics) 7507M->7507M(7541M) 2347.149ms
[181.952s][info][gc,cpu         ] GC(355) User=17.45s Sys=0.00s Real=2.35s
[181.953s][info][gc,start       ] GC(356) Pause Full (Ergonomics)
[181.953s][info][gc,phases,start] GC(356) Marking Phase
[183.694s][info][gc,phases      ] GC(356) Marking Phase 1741.629ms
[183.694s][info][gc,phases,start] GC(356) Summary Phase
[183.694s][info][gc,phases      ] GC(356) Summary Phase 0.083ms
[183.694s][info][gc,phases,start] GC(356) Adjust Roots
[183.695s][info][gc,phases      ] GC(356) Adjust Roots 0.191ms
[183.695s][info][gc,phases,start] GC(356) Compaction Phase
[184.299s][info][gc,phases      ] GC(356) Compaction Phase 604.631ms
[184.299s][info][gc,phases,start] GC(356) Post Compact
[184.311s][info][gc,phases      ] GC(356) Post Compact 11.468ms
[184.311s][info][gc,heap        ] GC(356) PSYoungGen: 177856K(212480K)->177856K(212480K) Eden: 55807K(55808K)->55807K(55808K) From: 122048K(156672K)->122048K(156672K)
[184.311s][info][gc,heap        ] GC(356) ParOldGen: 7509410K(7509504K)->7509410K(7509504K)
[184.311s][info][gc,metaspace   ] GC(356) Metaspace: 6297K(6464K)->6297K(6464K) NonClass: 5764K(5824K)->5764K(5824K) Class: 533K(640K)->533K(640K)
[184.311s][info][gc             ] GC(356) Pause Full (Ergonomics) 7507M->7507M(7541M) 2358.352ms
[184.311s][info][gc,cpu         ] GC(356) User=17.25s Sys=0.00s Real=2.36s
[184.311s][info][gc,start       ] GC(357) Pause Full (Ergonomics)
[184.311s][info][gc,phases,start] GC(357) Marking Phase
[186.054s][info][gc,phases      ] GC(357) Marking Phase 1742.495ms
[186.054s][info][gc,phases,start] GC(357) Summary Phase
[186.054s][info][gc,phases      ] GC(357) Summary Phase 0.078ms
[186.054s][info][gc,phases,start] GC(357) Adjust Roots
[186.054s][info][gc,phases      ] GC(357) Adjust Roots 0.180ms
[186.054s][info][gc,phases,start] GC(357) Compaction Phase
[186.668s][info][gc,phases      ] GC(357) Compaction Phase 614.259ms
[186.668s][info][gc,phases,start] GC(357) Post Compact
[186.680s][info][gc,phases      ] GC(357) Post Compact 11.282ms
[186.680s][info][gc,heap        ] GC(357) PSYoungGen: 177856K(212480K)->177856K(212480K) Eden: 55807K(55808K)->55807K(55808K) From: 122048K(156672K)->122048K(156672K)
[186.680s][info][gc,heap        ] GC(357) ParOldGen: 7509414K(7509504K)->7509414K(7509504K)
[186.680s][info][gc,metaspace   ] GC(357) Metaspace: 6297K(6464K)->6297K(6464K) NonClass: 5764K(5824K)->5764K(5824K) Class: 533K(640K)->533K(640K)
[186.680s][info][gc             ] GC(357) Pause Full (Ergonomics) 7507M->7507M(7541M) 2368.633ms
[186.680s][info][gc,cpu         ] GC(357) User=17.25s Sys=0.02s Real=2.37s
[186.680s][info][gc,start       ] GC(358) Pause Full (Ergonomics)
[186.680s][info][gc,phases,start] GC(358) Marking Phase
[188.435s][info][gc,phases      ] GC(358) Marking Phase 1755.207ms
[188.435s][info][gc,phases,start] GC(358) Summary Phase
[188.435s][info][gc,phases      ] GC(358) Summary Phase 0.103ms
[188.435s][info][gc,phases,start] GC(358) Adjust Roots
[188.436s][info][gc,phases      ] GC(358) Adjust Roots 0.182ms
[188.436s][info][gc,phases,start] GC(358) Compaction Phase
[189.008s][info][gc,phases      ] GC(358) Compaction Phase 571.979ms
[189.008s][info][gc,phases,start] GC(358) Post Compact
[189.019s][info][gc,phases      ] GC(358) Post Compact 11.446ms
[189.019s][info][gc,heap        ] GC(358) PSYoungGen: 177856K(212480K)->177856K(212480K) Eden: 55807K(55808K)->55807K(55808K) From: 122048K(156672K)->122048K(156672K)
[189.019s][info][gc,heap        ] GC(358) ParOldGen: 7509419K(7509504K)->7509419K(7509504K)
[189.019s][info][gc,metaspace   ] GC(358) Metaspace: 6297K(6464K)->6297K(6464K) NonClass: 5764K(5824K)->5764K(5824K) Class: 533K(640K)->533K(640K)
[189.019s][info][gc             ] GC(358) Pause Full (Ergonomics) 7507M->7507M(7541M) 2339.280ms
[189.019s][info][gc,cpu         ] GC(358) User=17.39s Sys=0.02s Real=2.34s
[189.019s][info][gc,start       ] GC(359) Pause Full (Ergonomics)
[189.019s][info][gc,phases,start] GC(359) Marking Phase
[190.766s][info][gc,phases      ] GC(359) Marking Phase 1746.798ms
[190.766s][info][gc,phases,start] GC(359) Summary Phase
[190.766s][info][gc,phases      ] GC(359) Summary Phase 0.088ms
[190.766s][info][gc,phases,start] GC(359) Adjust Roots
[190.767s][info][gc,phases      ] GC(359) Adjust Roots 0.164ms
[190.767s][info][gc,phases,start] GC(359) Compaction Phase
[191.372s][info][gc,phases      ] GC(359) Compaction Phase 605.597ms
[191.372s][info][gc,phases,start] GC(359) Post Compact
[191.384s][info][gc,phases      ] GC(359) Post Compact 11.473ms
[191.384s][info][gc,heap        ] GC(359) PSYoungGen: 177856K(212480K)->177856K(212480K) Eden: 55807K(55808K)->55807K(55808K) From: 122048K(156672K)->122048K(156672K)
[191.384s][info][gc,heap        ] GC(359) ParOldGen: 7509424K(7509504K)->7509424K(7509504K)
[191.384s][info][gc,metaspace   ] GC(359) Metaspace: 6297K(6464K)->6297K(6464K) NonClass: 5764K(5824K)->5764K(5824K) Class: 533K(640K)->533K(640K)
[191.384s][info][gc             ] GC(359) Pause Full (Ergonomics) 7507M->7507M(7541M) 2364.461ms
[191.384s][info][gc,cpu         ] GC(359) User=17.42s Sys=0.00s Real=2.36s
[191.384s][info][gc,start       ] GC(360) Pause Full (Ergonomics)
[191.384s][info][gc,phases,start] GC(360) Marking Phase
[193.132s][info][gc,phases      ] GC(360) Marking Phase 1747.657ms
[193.132s][info][gc,phases,start] GC(360) Summary Phase
[193.132s][info][gc,phases      ] GC(360) Summary Phase 0.092ms
[193.132s][info][gc,phases,start] GC(360) Adjust Roots
[193.132s][info][gc,phases      ] GC(360) Adjust Roots 0.274ms
[193.132s][info][gc,phases,start] GC(360) Compaction Phase
[193.741s][info][gc,phases      ] GC(360) Compaction Phase 608.787ms
[193.741s][info][gc,phases,start] GC(360) Post Compact
[193.753s][info][gc,phases      ] GC(360) Post Compact 12.087ms
[193.753s][info][gc,heap        ] GC(360) PSYoungGen: 177856K(212480K)->177856K(212480K) Eden: 55807K(55808K)->55807K(55808K) From: 122048K(156672K)->122048K(156672K)
[193.753s][info][gc,heap        ] GC(360) ParOldGen: 7509429K(7509504K)->7509429K(7509504K)
[193.753s][info][gc,metaspace   ] GC(360) Metaspace: 6297K(6464K)->6297K(6464K) NonClass: 5764K(5824K)->5764K(5824K) Class: 533K(640K)->533K(640K)
[193.753s][info][gc             ] GC(360) Pause Full (Ergonomics) 7507M->7507M(7541M) 2369.260ms
[193.753s][info][gc,cpu         ] GC(360) User=17.56s Sys=0.00s Real=2.37s
[193.754s][info][gc,start       ] GC(361) Pause Full (Ergonomics)
[193.754s][info][gc,phases,start] GC(361) Marking Phase
[195.522s][info][gc,phases      ] GC(361) Marking Phase 1768.065ms
[195.522s][info][gc,phases,start] GC(361) Summary Phase
[195.522s][info][gc,phases      ] GC(361) Summary Phase 0.077ms
[195.522s][info][gc,phases,start] GC(361) Adjust Roots
[195.522s][info][gc,phases      ] GC(361) Adjust Roots 0.171ms
[195.522s][info][gc,phases,start] GC(361) Compaction Phase
[196.121s][info][gc,phases      ] GC(361) Compaction Phase 598.686ms
[196.121s][info][gc,phases,start] GC(361) Post Compact
[196.141s][info][gc,phases      ] GC(361) Post Compact 19.928ms
[196.141s][info][gc,heap        ] GC(361) PSYoungGen: 177856K(212480K)->177856K(212480K) Eden: 55807K(55808K)->55807K(55808K) From: 122048K(156672K)->122048K(156672K)
[196.141s][info][gc,heap        ] GC(361) ParOldGen: 7509434K(7509504K)->7509434K(7509504K)
[196.141s][info][gc,metaspace   ] GC(361) Metaspace: 6297K(6464K)->6297K(6464K) NonClass: 5764K(5824K)->5764K(5824K) Class: 533K(640K)->533K(640K)
[196.141s][info][gc             ] GC(361) Pause Full (Ergonomics) 7507M->7507M(7541M) 2387.364ms
[196.141s][info][gc,cpu         ] GC(361) User=17.67s Sys=0.00s Real=2.39s
[196.142s][info][gc,start       ] GC(362) Pause Full (Ergonomics)
[196.142s][info][gc,phases,start] GC(362) Marking Phase
[198.040s][info][gc,phases      ] GC(362) Marking Phase 1897.837ms
[198.040s][info][gc,phases,start] GC(362) Summary Phase
[198.040s][info][gc,phases      ] GC(362) Summary Phase 0.202ms
[198.040s][info][gc,phases,start] GC(362) Adjust Roots
[198.040s][info][gc,phases      ] GC(362) Adjust Roots 0.400ms
[198.040s][info][gc,phases,start] GC(362) Compaction Phase
[198.711s][info][gc,phases      ] GC(362) Compaction Phase 670.706ms
[198.711s][info][gc,phases,start] GC(362) Post Compact
[198.728s][info][gc,phases      ] GC(362) Post Compact 17.098ms
[198.728s][info][gc,heap        ] GC(362) PSYoungGen: 177856K(212480K)->177856K(212480K) Eden: 55807K(55808K)->55807K(55808K) From: 122048K(156672K)->122048K(156672K)
[198.728s][info][gc,heap        ] GC(362) ParOldGen: 7509439K(7509504K)->7509439K(7509504K)
[198.728s][info][gc,metaspace   ] GC(362) Metaspace: 6297K(6464K)->6297K(6464K) NonClass: 5764K(5824K)->5764K(5824K) Class: 533K(640K)->533K(640K)
[198.728s][info][gc             ] GC(362) Pause Full (Ergonomics) 7507M->7507M(7541M) 2586.776ms
[198.729s][info][gc,cpu         ] GC(362) User=17.03s Sys=0.02s Real=2.59s
[198.729s][info][gc,start       ] GC(363) Pause Full (Ergonomics)
[198.729s][info][gc,phases,start] GC(363) Marking Phase
[200.649s][info][gc,phases      ] GC(363) Marking Phase 1920.646ms
[200.649s][info][gc,phases,start] GC(363) Summary Phase
[200.650s][info][gc,phases      ] GC(363) Summary Phase 0.084ms
[200.650s][info][gc,phases,start] GC(363) Adjust Roots
[200.650s][info][gc,phases      ] GC(363) Adjust Roots 0.207ms
[200.650s][info][gc,phases,start] GC(363) Compaction Phase
[201.341s][info][gc,phases      ] GC(363) Compaction Phase 690.971ms
[201.341s][info][gc,phases,start] GC(363) Post Compact
[201.357s][info][gc,phases      ] GC(363) Post Compact 16.099ms
[201.357s][info][gc,heap        ] GC(363) PSYoungGen: 177856K(212480K)->177856K(212480K) Eden: 55807K(55808K)->55807K(55808K) From: 122048K(156672K)->122048K(156672K)
[201.357s][info][gc,heap        ] GC(363) ParOldGen: 7509443K(7509504K)->7509443K(7509504K)
[201.357s][info][gc,metaspace   ] GC(363) Metaspace: 6297K(6464K)->6297K(6464K) NonClass: 5764K(5824K)->5764K(5824K) Class: 533K(640K)->533K(640K)
[201.357s][info][gc             ] GC(363) Pause Full (Ergonomics) 7507M->7507M(7541M) 2628.456ms
[201.357s][info][gc,cpu         ] GC(363) User=17.53s Sys=0.03s Real=2.63s
[201.357s][info][gc,start       ] GC(364) Pause Full (Ergonomics)
[201.357s][info][gc,phases,start] GC(364) Marking Phase
[203.240s][info][gc,phases      ] GC(364) Marking Phase 1882.779ms
[203.240s][info][gc,phases,start] GC(364) Summary Phase
[203.240s][info][gc,phases      ] GC(364) Summary Phase 0.119ms
[203.240s][info][gc,phases,start] GC(364) Adjust Roots
[203.241s][info][gc,phases      ] GC(364) Adjust Roots 0.223ms
[203.241s][info][gc,phases,start] GC(364) Compaction Phase
[203.858s][info][gc,phases      ] GC(364) Compaction Phase 616.871ms
[203.858s][info][gc,phases,start] GC(364) Post Compact
[203.875s][info][gc,phases      ] GC(364) Post Compact 16.911ms
[203.875s][info][gc,heap        ] GC(364) PSYoungGen: 177856K(212480K)->177856K(212480K) Eden: 55807K(55808K)->55807K(55808K) From: 122048K(156672K)->122048K(156672K)
[203.875s][info][gc,heap        ] GC(364) ParOldGen: 7509448K(7509504K)->7509448K(7509504K)
[203.875s][info][gc,metaspace   ] GC(364) Metaspace: 6297K(6464K)->6297K(6464K) NonClass: 5764K(5824K)->5764K(5824K) Class: 533K(640K)->533K(640K)
[203.875s][info][gc             ] GC(364) Pause Full (Ergonomics) 7507M->7507M(7541M) 2517.266ms
[203.875s][info][gc,cpu         ] GC(364) User=17.11s Sys=0.03s Real=2.52s
[203.875s][info][gc,start       ] GC(365) Pause Full (Ergonomics)
[203.875s][info][gc,phases,start] GC(365) Marking Phase
[205.755s][info][gc,phases      ] GC(365) Marking Phase 1880.001ms
[205.755s][info][gc,phases,start] GC(365) Summary Phase
[205.755s][info][gc,phases      ] GC(365) Summary Phase 0.129ms
[205.755s][info][gc,phases,start] GC(365) Adjust Roots
[205.755s][info][gc,phases      ] GC(365) Adjust Roots 0.332ms
[205.756s][info][gc,phases,start] GC(365) Compaction Phase
[206.435s][info][gc,phases      ] GC(365) Compaction Phase 679.499ms
[206.435s][info][gc,phases,start] GC(365) Post Compact
[206.452s][info][gc,phases      ] GC(365) Post Compact 16.734ms
[206.452s][info][gc,heap        ] GC(365) PSYoungGen: 177856K(212480K)->177856K(212480K) Eden: 55807K(55808K)->55807K(55808K) From: 122048K(156672K)->122048K(156672K)
[206.452s][info][gc,heap        ] GC(365) ParOldGen: 7509453K(7509504K)->7509453K(7509504K)
[206.452s][info][gc,metaspace   ] GC(365) Metaspace: 6297K(6464K)->6297K(6464K) NonClass: 5764K(5824K)->5764K(5824K) Class: 533K(640K)->533K(640K)
[206.452s][info][gc             ] GC(365) Pause Full (Ergonomics) 7507M->7507M(7541M) 2577.183ms
[206.452s][info][gc,cpu         ] GC(365) User=16.78s Sys=0.00s Real=2.58s
[206.452s][info][gc,start       ] GC(366) Pause Full (Ergonomics)
[206.452s][info][gc,phases,start] GC(366) Marking Phase
[208.272s][info][gc,phases      ] GC(366) Marking Phase 1819.300ms
[208.272s][info][gc,phases,start] GC(366) Summary Phase
[208.272s][info][gc,phases      ] GC(366) Summary Phase 0.142ms
[208.272s][info][gc,phases,start] GC(366) Adjust Roots
[208.272s][info][gc,phases      ] GC(366) Adjust Roots 0.338ms
[208.272s][info][gc,phases,start] GC(366) Compaction Phase
[208.918s][info][gc,phases      ] GC(366) Compaction Phase 645.833ms
[208.918s][info][gc,phases,start] GC(366) Post Compact
[208.930s][info][gc,phases      ] GC(366) Post Compact 11.867ms
[208.930s][info][gc,heap        ] GC(366) PSYoungGen: 177856K(212480K)->177856K(212480K) Eden: 55807K(55808K)->55807K(55808K) From: 122048K(156672K)->122048K(156672K)
[208.930s][info][gc,heap        ] GC(366) ParOldGen: 7509458K(7509504K)->7509458K(7509504K)
[208.930s][info][gc,metaspace   ] GC(366) Metaspace: 6297K(6464K)->6297K(6464K) NonClass: 5764K(5824K)->5764K(5824K) Class: 533K(640K)->533K(640K)
[208.930s][info][gc             ] GC(366) Pause Full (Ergonomics) 7507M->7507M(7541M) 2477.903ms
[208.930s][info][gc,cpu         ] GC(366) User=17.16s Sys=0.05s Real=2.48s
[208.930s][info][gc,start       ] GC(367) Pause Full (Ergonomics)
[208.930s][info][gc,phases,start] GC(367) Marking Phase
[210.678s][info][gc,phases      ] GC(367) Marking Phase 1747.363ms
[210.678s][info][gc,phases,start] GC(367) Summary Phase
[210.678s][info][gc,phases      ] GC(367) Summary Phase 0.080ms
[210.678s][info][gc,phases,start] GC(367) Adjust Roots
[210.678s][info][gc,phases      ] GC(367) Adjust Roots 0.163ms
[210.678s][info][gc,phases,start] GC(367) Compaction Phase
[211.307s][info][gc,phases      ] GC(367) Compaction Phase 628.787ms
[211.307s][info][gc,phases,start] GC(367) Post Compact
[211.318s][info][gc,phases      ] GC(367) Post Compact 11.472ms
[211.319s][info][gc,heap        ] GC(367) PSYoungGen: 177856K(212480K)->177856K(212480K) Eden: 55807K(55808K)->55807K(55808K) From: 122048K(156672K)->122048K(156672K)
[211.319s][info][gc,heap        ] GC(367) ParOldGen: 7509463K(7509504K)->7509463K(7509504K)
[211.319s][info][gc,metaspace   ] GC(367) Metaspace: 6297K(6464K)->6297K(6464K) NonClass: 5764K(5824K)->5764K(5824K) Class: 533K(640K)->533K(640K)
[211.319s][info][gc             ] GC(367) Pause Full (Ergonomics) 7507M->7507M(7541M) 2388.216ms
[211.319s][info][gc,cpu         ] GC(367) User=17.53s Sys=0.00s Real=2.39s
[211.319s][info][gc,start       ] GC(368) Pause Full (Ergonomics)
[211.319s][info][gc,phases,start] GC(368) Marking Phase
[213.069s][info][gc,phases      ] GC(368) Marking Phase 1749.739ms
[213.069s][info][gc,phases,start] GC(368) Summary Phase
[213.069s][info][gc,phases      ] GC(368) Summary Phase 0.080ms
[213.069s][info][gc,phases,start] GC(368) Adjust Roots
[213.069s][info][gc,phases      ] GC(368) Adjust Roots 0.172ms
[213.069s][info][gc,phases,start] GC(368) Compaction Phase
[213.679s][info][gc,phases      ] GC(368) Compaction Phase 610.175ms
[213.679s][info][gc,phases,start] GC(368) Post Compact
[213.691s][info][gc,phases      ] GC(368) Post Compact 11.405ms
[213.691s][info][gc,heap        ] GC(368) PSYoungGen: 177856K(212480K)->177856K(212480K) Eden: 55807K(55808K)->55807K(55808K) From: 122048K(156672K)->122048K(156672K)
[213.691s][info][gc,heap        ] GC(368) ParOldGen: 7509468K(7509504K)->7509468K(7509504K)
[213.691s][info][gc,metaspace   ] GC(368) Metaspace: 6297K(6464K)->6297K(6464K) NonClass: 5764K(5824K)->5764K(5824K) Class: 533K(640K)->533K(640K)
[213.691s][info][gc             ] GC(368) Pause Full (Ergonomics) 7507M->7507M(7541M) 2371.924ms
[213.691s][info][gc,cpu         ] GC(368) User=17.45s Sys=0.02s Real=2.37s
[213.691s][info][gc,start       ] GC(369) Pause Full (Ergonomics)
[213.691s][info][gc,phases,start] GC(369) Marking Phase
[215.455s][info][gc,phases      ] GC(369) Marking Phase 1763.698ms
[215.455s][info][gc,phases,start] GC(369) Summary Phase
[215.455s][info][gc,phases      ] GC(369) Summary Phase 0.076ms
[215.455s][info][gc,phases,start] GC(369) Adjust Roots
[215.455s][info][gc,phases      ] GC(369) Adjust Roots 0.187ms
[215.455s][info][gc,phases,start] GC(369) Compaction Phase
[216.074s][info][gc,phases      ] GC(369) Compaction Phase 619.260ms
[216.074s][info][gc,phases,start] GC(369) Post Compact
[216.086s][info][gc,phases      ] GC(369) Post Compact 11.369ms
[216.086s][info][gc,heap        ] GC(369) PSYoungGen: 177856K(212480K)->177856K(212480K) Eden: 55807K(55808K)->55807K(55808K) From: 122048K(156672K)->122048K(156672K)
[216.086s][info][gc,heap        ] GC(369) ParOldGen: 7509472K(7509504K)->7509472K(7509504K)
[216.086s][info][gc,metaspace   ] GC(369) Metaspace: 6297K(6464K)->6297K(6464K) NonClass: 5764K(5824K)->5764K(5824K) Class: 533K(640K)->533K(640K)
[216.086s][info][gc             ] GC(369) Pause Full (Ergonomics) 7507M->7507M(7541M) 2395.021ms
[216.086s][info][gc,cpu         ] GC(369) User=17.67s Sys=0.00s Real=2.39s
[216.086s][info][gc,start       ] GC(370) Pause Full (Ergonomics)
[216.086s][info][gc,phases,start] GC(370) Marking Phase
[217.823s][info][gc,phases      ] GC(370) Marking Phase 1736.628ms
[217.823s][info][gc,phases,start] GC(370) Summary Phase
[217.823s][info][gc,phases      ] GC(370) Summary Phase 0.132ms
[217.823s][info][gc,phases,start] GC(370) Adjust Roots
[217.823s][info][gc,phases      ] GC(370) Adjust Roots 0.167ms
[217.823s][info][gc,phases,start] GC(370) Compaction Phase
[218.435s][info][gc,phases      ] GC(370) Compaction Phase 611.517ms
[218.435s][info][gc,phases,start] GC(370) Post Compact
[218.447s][info][gc,phases      ] GC(370) Post Compact 11.949ms
[218.447s][info][gc,heap        ] GC(370) PSYoungGen: 177856K(212480K)->177856K(212480K) Eden: 55807K(55808K)->55807K(55808K) From: 122048K(156672K)->122048K(156672K)
[218.447s][info][gc,heap        ] GC(370) ParOldGen: 7509477K(7509504K)->7509477K(7509504K)
[218.447s][info][gc,metaspace   ] GC(370) Metaspace: 6297K(6464K)->6297K(6464K) NonClass: 5764K(5824K)->5764K(5824K) Class: 533K(640K)->533K(640K)
[218.447s][info][gc             ] GC(370) Pause Full (Ergonomics) 7507M->7507M(7541M) 2360.820ms
[218.447s][info][gc,cpu         ] GC(370) User=17.39s Sys=0.02s Real=2.36s
[218.447s][info][gc,start       ] GC(371) Pause Full (Ergonomics)
[218.447s][info][gc,phases,start] GC(371) Marking Phase
[220.202s][info][gc,phases      ] GC(371) Marking Phase 1754.358ms
[220.202s][info][gc,phases,start] GC(371) Summary Phase
[220.202s][info][gc,phases      ] GC(371) Summary Phase 0.110ms
[220.202s][info][gc,phases,start] GC(371) Adjust Roots
[220.202s][info][gc,phases      ] GC(371) Adjust Roots 0.171ms
[220.202s][info][gc,phases,start] GC(371) Compaction Phase
[220.816s][info][gc,phases      ] GC(371) Compaction Phase 613.784ms
[220.816s][info][gc,phases,start] GC(371) Post Compact
[220.827s][info][gc,phases      ] GC(371) Post Compact 11.426ms
[220.827s][info][gc,heap        ] GC(371) PSYoungGen: 177856K(212480K)->177856K(212480K) Eden: 55807K(55808K)->55807K(55808K) From: 122048K(156672K)->122048K(156672K)
[220.827s][info][gc,heap        ] GC(371) ParOldGen: 7509482K(7509504K)->7509482K(7509504K)
[220.827s][info][gc,metaspace   ] GC(371) Metaspace: 6297K(6464K)->6297K(6464K) NonClass: 5764K(5824K)->5764K(5824K) Class: 533K(640K)->533K(640K)
[220.827s][info][gc             ] GC(371) Pause Full (Ergonomics) 7507M->7507M(7541M) 2380.195ms
[220.827s][info][gc,cpu         ] GC(371) User=17.38s Sys=0.02s Real=2.38s
[220.828s][info][gc,start       ] GC(372) Pause Full (Ergonomics)
[220.828s][info][gc,phases,start] GC(372) Marking Phase
[222.566s][info][gc,phases      ] GC(372) Marking Phase 1738.767ms
[222.566s][info][gc,phases,start] GC(372) Summary Phase
[222.567s][info][gc,phases      ] GC(372) Summary Phase 0.076ms
[222.567s][info][gc,phases,start] GC(372) Adjust Roots
[222.567s][info][gc,phases      ] GC(372) Adjust Roots 0.160ms
[222.567s][info][gc,phases,start] GC(372) Compaction Phase
[223.174s][info][gc,phases      ] GC(372) Compaction Phase 606.757ms
[223.174s][info][gc,phases,start] GC(372) Post Compact
[223.185s][info][gc,phases      ] GC(372) Post Compact 11.597ms
[223.185s][info][gc,heap        ] GC(372) PSYoungGen: 177856K(212480K)->177856K(212480K) Eden: 55807K(55808K)->55807K(55808K) From: 122048K(156672K)->122048K(156672K)
[223.185s][info][gc,heap        ] GC(372) ParOldGen: 7509487K(7509504K)->7509487K(7509504K)
[223.185s][info][gc,metaspace   ] GC(372) Metaspace: 6297K(6464K)->6297K(6464K) NonClass: 5764K(5824K)->5764K(5824K) Class: 533K(640K)->533K(640K)
[223.185s][info][gc             ] GC(372) Pause Full (Ergonomics) 7507M->7507M(7541M) 2357.727ms
[223.185s][info][gc,cpu         ] GC(372) User=17.36s Sys=0.00s Real=2.36s
[223.186s][info][gc,start       ] GC(373) Pause Full (Ergonomics)
[223.186s][info][gc,phases,start] GC(373) Marking Phase
[224.931s][info][gc,phases      ] GC(373) Marking Phase 1745.394ms
[224.931s][info][gc,phases,start] GC(373) Summary Phase
[224.931s][info][gc,phases      ] GC(373) Summary Phase 0.093ms
[224.931s][info][gc,phases,start] GC(373) Adjust Roots
[224.931s][info][gc,phases      ] GC(373) Adjust Roots 0.215ms
[224.931s][info][gc,phases,start] GC(373) Compaction Phase
[225.532s][info][gc,phases      ] GC(373) Compaction Phase 600.459ms
[225.532s][info][gc,phases,start] GC(373) Post Compact
[225.543s][info][gc,phases      ] GC(373) Post Compact 11.331ms
[225.543s][info][gc,heap        ] GC(373) PSYoungGen: 177856K(212480K)->177856K(212480K) Eden: 55807K(55808K)->55807K(55808K) From: 122048K(156672K)->122048K(156672K)
[225.543s][info][gc,heap        ] GC(373) ParOldGen: 7509492K(7509504K)->7509492K(7509504K)
[225.543s][info][gc,metaspace   ] GC(373) Metaspace: 6297K(6464K)->6297K(6464K) NonClass: 5764K(5824K)->5764K(5824K) Class: 533K(640K)->533K(640K)
[225.543s][info][gc             ] GC(373) Pause Full (Ergonomics) 7507M->7507M(7541M) 2357.855ms
[225.543s][info][gc,cpu         ] GC(373) User=17.14s Sys=0.00s Real=2.36s
[225.544s][info][gc,start       ] GC(374) Pause Full (Ergonomics)
[225.544s][info][gc,phases,start] GC(374) Marking Phase
[227.282s][info][gc,phases      ] GC(374) Marking Phase 1738.759ms
[227.282s][info][gc,phases,start] GC(374) Summary Phase
[227.283s][info][gc,phases      ] GC(374) Summary Phase 0.094ms
[227.283s][info][gc,phases,start] GC(374) Adjust Roots
[227.283s][info][gc,phases      ] GC(374) Adjust Roots 0.204ms
[227.283s][info][gc,phases,start] GC(374) Compaction Phase
[227.870s][info][gc,phases      ] GC(374) Compaction Phase 587.400ms
[227.870s][info][gc,phases,start] GC(374) Post Compact
[227.882s][info][gc,phases      ] GC(374) Post Compact 11.337ms
[227.882s][info][gc,heap        ] GC(374) PSYoungGen: 177856K(212480K)->177856K(212480K) Eden: 55807K(55808K)->55807K(55808K) From: 122048K(156672K)->122048K(156672K)
[227.882s][info][gc,heap        ] GC(374) ParOldGen: 7509497K(7509504K)->7509497K(7509504K)
[227.882s][info][gc,metaspace   ] GC(374) Metaspace: 6297K(6464K)->6297K(6464K) NonClass: 5764K(5824K)->5764K(5824K) Class: 533K(640K)->533K(640K)
[227.882s][info][gc             ] GC(374) Pause Full (Ergonomics) 7507M->7507M(7541M) 2338.132ms
[227.882s][info][gc,cpu         ] GC(374) User=17.27s Sys=0.00s Real=2.34s
[227.882s][info][gc,start       ] GC(375) Pause Full (Ergonomics)
[227.882s][info][gc,phases,start] GC(375) Marking Phase
[229.641s][info][gc,phases      ] GC(375) Marking Phase 1759.208ms
[229.641s][info][gc,phases,start] GC(375) Summary Phase
[229.641s][info][gc,phases      ] GC(375) Summary Phase 0.102ms
[229.641s][info][gc,phases,start] GC(375) Adjust Roots
[229.642s][info][gc,phases      ] GC(375) Adjust Roots 0.215ms
[229.642s][info][gc,phases,start] GC(375) Compaction Phase
[230.223s][info][gc,phases      ] GC(375) Compaction Phase 581.718ms
[230.223s][info][gc,phases,start] GC(375) Post Compact
[230.235s][info][gc,phases      ] GC(375) Post Compact 11.771ms
[230.235s][info][gc,heap        ] GC(375) PSYoungGen: 177856K(212480K)->177856K(212480K) Eden: 55807K(55808K)->55807K(55808K) From: 122048K(156672K)->122048K(156672K)
[230.235s][info][gc,heap        ] GC(375) ParOldGen: 7509501K(7509504K)->7509501K(7509504K)
[230.235s][info][gc,metaspace   ] GC(375) Metaspace: 6297K(6464K)->6297K(6464K) NonClass: 5764K(5824K)->5764K(5824K) Class: 533K(640K)->533K(640K)
[230.235s][info][gc             ] GC(375) Pause Full (Ergonomics) 7507M->7507M(7541M) 2353.390ms
[230.235s][info][gc,cpu         ] GC(375) User=17.23s Sys=0.00s Real=2.35s
[230.235s][info][gc,start       ] GC(376) Pause Full (Ergonomics)
[230.236s][info][gc,phases,start] GC(376) Marking Phase
[231.952s][info][gc,phases      ] GC(376) Marking Phase 1716.794ms
[231.952s][info][gc,phases,start] GC(376) Summary Phase
[231.952s][info][gc,phases      ] GC(376) Summary Phase 0.076ms
[231.952s][info][gc,phases,start] GC(376) Adjust Roots
[231.953s][info][gc,phases      ] GC(376) Adjust Roots 0.194ms
[231.953s][info][gc,phases,start] GC(376) Compaction Phase
[232.520s][info][gc,phases      ] GC(376) Compaction Phase 567.471ms
[232.520s][info][gc,phases,start] GC(376) Post Compact
[232.532s][info][gc,phases      ] GC(376) Post Compact 11.457ms
[232.532s][info][gc,heap        ] GC(376) PSYoungGen: 177856K(212480K)->177856K(212480K) Eden: 55807K(55808K)->55807K(55808K) From: 122048K(156672K)->122048K(156672K)
[232.532s][info][gc,heap        ] GC(376) ParOldGen: 7509503K(7509504K)->7509503K(7509504K)
[232.532s][info][gc,metaspace   ] GC(376) Metaspace: 6297K(6464K)->6297K(6464K) NonClass: 5764K(5824K)->5764K(5824K) Class: 533K(640K)->533K(640K)
[232.532s][info][gc             ] GC(376) Pause Full (Ergonomics) 7507M->7507M(7541M) 2296.325ms
[232.532s][info][gc,cpu         ] GC(376) User=17.02s Sys=0.02s Real=2.30s
[232.532s][info][gc,start       ] GC(377) Pause Full (Allocation Failure)
[232.532s][info][gc,phases,start] GC(377) Marking Phase
[234.310s][info][gc,phases      ] GC(377) Marking Phase 1778.085ms
[234.310s][info][gc,phases,start] GC(377) Summary Phase
[234.310s][info][gc,phases      ] GC(377) Summary Phase 0.089ms
[234.310s][info][gc,phases,start] GC(377) Adjust Roots
[234.311s][info][gc,phases      ] GC(377) Adjust Roots 0.512ms
[234.311s][info][gc,phases,start] GC(377) Compaction Phase
[236.233s][info][gc,phases      ] GC(377) Compaction Phase 1922.210ms
[236.233s][info][gc,phases,start] GC(377) Post Compact
[236.245s][info][gc,phases      ] GC(377) Post Compact 12.100ms
[236.245s][info][gc,heap        ] GC(377) PSYoungGen: 177856K(212480K)->177856K(212480K) Eden: 55807K(55808K)->55807K(55808K) From: 122048K(156672K)->122048K(156672K)
[236.245s][info][gc,heap        ] GC(377) ParOldGen: 7509503K(7509504K)->7509499K(7509504K)
[236.245s][info][gc,metaspace   ] GC(377) Metaspace: 6297K(6464K)->6296K(6464K) NonClass: 5764K(5824K)->5763K(5824K) Class: 533K(640K)->532K(640K)
[236.245s][info][gc             ] GC(377) Pause Full (Allocation Failure) 7507M->7507M(7541M) 3713.365ms
[236.245s][info][gc,cpu         ] GC(377) User=27.25s Sys=0.08s Real=3.71s
[236.246s][info][gc,start       ] GC(378) Pause Full (Ergonomics)
[236.246s][info][gc,phases,start] GC(378) Marking Phase
[237.989s][info][gc,phases      ] GC(378) Marking Phase 1743.222ms
[237.989s][info][gc,phases,start] GC(378) Summary Phase
[237.989s][info][gc,phases      ] GC(378) Summary Phase 0.099ms
[237.989s][info][gc,phases,start] GC(378) Adjust Roots
[237.989s][info][gc,phases      ] GC(378) Adjust Roots 0.235ms
[237.989s][info][gc,phases,start] GC(378) Compaction Phase
[238.522s][info][gc,phases      ] GC(378) Compaction Phase 532.401ms
[238.522s][info][gc,phases,start] GC(378) Post Compact
[238.533s][info][gc,phases      ] GC(378) Post Compact 11.411ms
[238.533s][info][gc,heap        ] GC(378) PSYoungGen: 177856K(212480K)->177856K(212480K) Eden: 55807K(55808K)->55807K(55808K) From: 122048K(156672K)->122048K(156672K)
[238.533s][info][gc,heap        ] GC(378) ParOldGen: 7509502K(7509504K)->7509502K(7509504K)
[238.533s][info][gc,metaspace   ] GC(378) Metaspace: 6296K(6464K)->6296K(6464K) NonClass: 5763K(5824K)->5763K(5824K) Class: 532K(640K)->532K(640K)
[238.533s][info][gc             ] GC(378) Pause Full (Ergonomics) 7507M->7507M(7541M) 2287.728ms
[238.533s][info][gc,cpu         ] GC(378) User=17.17s Sys=0.00s Real=2.29s
[238.534s][info][gc,start       ] GC(379) Pause Full (Ergonomics)
[238.534s][info][gc,phases,start] GC(379) Marking Phase
[240.279s][info][gc,phases      ] GC(379) Marking Phase 1745.477ms
[240.279s][info][gc,phases,start] GC(379) Summary Phase
[240.279s][info][gc,phases      ] GC(379) Summary Phase 0.076ms
[240.279s][info][gc,phases,start] GC(379) Adjust Roots
[240.280s][info][gc,phases      ] GC(379) Adjust Roots 0.193ms
[240.280s][info][gc,phases,start] GC(379) Compaction Phase
[240.807s][info][gc,phases      ] GC(379) Compaction Phase 527.715ms
[240.807s][info][gc,phases,start] GC(379) Post Compact
[240.819s][info][gc,phases      ] GC(379) Post Compact 11.791ms
[240.819s][info][gc,heap        ] GC(379) PSYoungGen: 177856K(212480K)->177856K(212480K) Eden: 55807K(55808K)->55807K(55808K) From: 122048K(156672K)->122048K(156672K)
[240.819s][info][gc,heap        ] GC(379) ParOldGen: 7509503K(7509504K)->7509503K(7509504K)
[240.819s][info][gc,metaspace   ] GC(379) Metaspace: 6296K(6464K)->6296K(6464K) NonClass: 5763K(5824K)->5763K(5824K) Class: 532K(640K)->532K(640K)
[240.819s][info][gc             ] GC(379) Pause Full (Ergonomics) 7507M->7507M(7541M) 2285.635ms
[240.819s][info][gc,cpu         ] GC(379) User=17.08s Sys=0.00s Real=2.29s
[240.820s][info][gc,start       ] GC(380) Pause Full (Allocation Failure)
[240.820s][info][gc,phases,start] GC(380) Marking Phase
[242.579s][info][gc,phases      ] GC(380) Marking Phase 1759.481ms
[242.579s][info][gc,phases,start] GC(380) Summary Phase
[242.579s][info][gc,phases      ] GC(380) Summary Phase 0.075ms
[242.579s][info][gc,phases,start] GC(380) Adjust Roots
[242.579s][info][gc,phases      ] GC(380) Adjust Roots 0.167ms
[242.579s][info][gc,phases,start] GC(380) Compaction Phase
[243.112s][info][gc,phases      ] GC(380) Compaction Phase 533.033ms
[243.113s][info][gc,phases,start] GC(380) Post Compact
[243.124s][info][gc,phases      ] GC(380) Post Compact 11.346ms
[243.124s][info][gc,heap        ] GC(380) PSYoungGen: 177856K(212480K)->177856K(212480K) Eden: 55807K(55808K)->55807K(55808K) From: 122048K(156672K)->122048K(156672K)
[243.124s][info][gc,heap        ] GC(380) ParOldGen: 7509503K(7509504K)->7509503K(7509504K)
[243.124s][info][gc,metaspace   ] GC(380) Metaspace: 6296K(6464K)->6296K(6464K) NonClass: 5763K(5824K)->5763K(5824K) Class: 532K(640K)->532K(640K)
[243.124s][info][gc             ] GC(380) Pause Full (Allocation Failure) 7507M->7507M(7541M) 2304.436ms
[243.124s][info][gc,cpu         ] GC(380) User=17.16s Sys=0.00s Real=2.30s
[243.124s][info][gc,start       ] GC(381) Pause Full (Ergonomics)
[243.124s][info][gc,phases,start] GC(381) Marking Phase
[244.895s][info][gc,phases      ] GC(381) Marking Phase 1770.602ms
[244.895s][info][gc,phases,start] GC(381) Summary Phase
[244.895s][info][gc,phases      ] GC(381) Summary Phase 0.084ms
[244.895s][info][gc,phases,start] GC(381) Adjust Roots
[244.895s][info][gc,phases      ] GC(381) Adjust Roots 0.281ms
[244.896s][info][gc,phases,start] GC(381) Compaction Phase
[246.817s][info][gc,phases      ] GC(381) Compaction Phase 1921.314ms
[246.817s][info][gc,phases,start] GC(381) Post Compact
[246.829s][info][gc,phases      ] GC(381) Post Compact 11.672ms
[246.829s][info][gc,heap        ] GC(381) PSYoungGen: 177856K(212480K)->177856K(212480K) Eden: 55807K(55808K)->55807K(55808K) From: 122048K(156672K)->122048K(156672K)
[246.829s][info][gc,heap        ] GC(381) ParOldGen: 7509503K(7509504K)->7509502K(7509504K)
[246.829s][info][gc,metaspace   ] GC(381) Metaspace: 6296K(6464K)->6296K(6464K) NonClass: 5763K(5824K)->5763K(5824K) Class: 532K(640K)->532K(640K)
[246.829s][info][gc             ] GC(381) Pause Full (Ergonomics) 7507M->7507M(7541M) 3704.325ms
[246.829s][info][gc,cpu         ] GC(381) User=27.30s Sys=0.05s Real=3.70s
[246.830s][info][gc,start       ] GC(382) Pause Full (Ergonomics)
[246.830s][info][gc,phases,start] GC(382) Marking Phase
[248.555s][info][gc,phases      ] GC(382) Marking Phase 1725.008ms
[248.555s][info][gc,phases,start] GC(382) Summary Phase
[248.555s][info][gc,phases      ] GC(382) Summary Phase 0.088ms
[248.555s][info][gc,phases,start] GC(382) Adjust Roots
[248.556s][info][gc,phases      ] GC(382) Adjust Roots 0.315ms
[248.556s][info][gc,phases,start] GC(382) Compaction Phase
[250.480s][info][gc,phases      ] GC(382) Compaction Phase 1924.165ms
[250.480s][info][gc,phases,start] GC(382) Post Compact
[250.492s][info][gc,phases      ] GC(382) Post Compact 12.248ms
[250.492s][info][gc,heap        ] GC(382) PSYoungGen: 177856K(212480K)->177856K(212480K) Eden: 55808K(55808K)->55808K(55808K) From: 122048K(156672K)->122048K(156672K)
[250.492s][info][gc,heap        ] GC(382) ParOldGen: 7509503K(7509504K)->7509501K(7509504K)
[250.492s][info][gc,metaspace   ] GC(382) Metaspace: 6297K(6464K)->6297K(6464K) NonClass: 5763K(5824K)->5763K(5824K) Class: 533K(640K)->533K(640K)
[250.492s][info][gc             ] GC(382) Pause Full (Ergonomics) 7507M->7507M(7541M) 3662.238ms
[250.492s][info][gc,cpu         ] GC(382) User=26.06s Sys=0.05s Real=3.66s
[250.493s][info][gc,heap,exit   ] Heap
[250.493s][info][gc,heap,exit   ]  PSYoungGen      total 212480K, used 177856K [0x000000071ad80000, 0x0000000748380000, 0x0000000800000000)
[250.493s][info][gc,heap,exit   ]   eden space 55808K, 100% used [0x000000071ad80000,0x000000071e400000,0x000000071e400000)
[250.493s][info][gc,heap,exit   ]   from space 156672K, 77% used [0x000000071e400000,0x0000000725b30190,0x0000000727d00000)
[250.493s][info][gc,heap,exit   ]   to   space 340480K, 0% used [0x0000000733700000,0x0000000733700000,0x0000000748380000)
[250.493s][info][gc,heap,exit   ]  ParOldGen       total 7509504K, used 7509501K [0x0000000550800000, 0x000000071ad80000, 0x000000071ad80000)
[250.493s][info][gc,heap,exit   ]   object space 7509504K, 99% used [0x0000000550800000,0x000000071ad7f7f8,0x000000071ad80000)
[250.493s][info][gc,heap,exit   ]  Metaspace       used 6300K, committed 6464K, reserved 1114112K
[250.493s][info][gc,heap,exit   ]   class space    used 534K, committed 640K, reserved 1048576K
