[0.012s][info][gc,init] CardTable entry size: 512
[0.012s][info][gc     ] Using Parallel
[0.013s][info][gc,init] Version: 18.0.1+10 (release)
[0.013s][info][gc,init] CPUs: 8 total, 8 available
[0.013s][info][gc,init] Memory: 16063M
[0.013s][info][gc,init] Large Page Support: Disabled
[0.013s][info][gc,init] NUMA Support: Disabled
[0.013s][info][gc,init] Compressed Oops: Enabled (Zero based)
[0.013s][info][gc,init] Alignments: Space 512K, Generation 512K, Heap 2M
[0.013s][info][gc,init] Heap Min Capacity: 2M
[0.014s][info][gc,init] Heap Initial Capacity: 2M
[0.014s][info][gc,init] Heap Max Capacity: 9900M
[0.014s][info][gc,init] Pre-touch: Disabled
[0.014s][info][gc,init] Parallel Workers: 8
[0.014s][info][gc,metaspace] CDS archive(s) not mapped
[0.014s][info][gc,metaspace] Compressed class space mapped at: 0x0000000800000000-0x0000000840000000, reserved size: 1073741824
[0.014s][info][gc,metaspace] Narrow klass base: 0x0000000800000000, Narrow klass shift: 0, Narrow klass range: 0x40000000
[0.119s][info][gc,start    ] GC(0) Pause Young (Allocation Failure)
[0.121s][info][gc,heap     ] GC(0) PSYoungGen: 512K(1024K)->480K(1024K) Eden: 512K(512K)->0K(512K) From: 0K(512K)->480K(512K)
[0.121s][info][gc,heap     ] GC(0) ParOldGen: 0K(512K)->8K(512K)
[0.121s][info][gc,metaspace] GC(0) Metaspace: 4229K(4352K)->4229K(4352K) NonClass: 3908K(3968K)->3908K(3968K) Class: 321K(384K)->321K(384K)
[0.121s][info][gc          ] GC(0) Pause Young (Allocation Failure) 0M->0M(1M) 1.547ms
[0.121s][info][gc,cpu      ] GC(0) User=0.00s Sys=0.00s Real=0.00s
[0.188s][info][gc,start    ] GC(1) Pause Young (Allocation Failure)
[0.189s][info][gc,heap     ] GC(1) PSYoungGen: 991K(1024K)->512K(1536K) Eden: 511K(512K)->0K(1024K) From: 480K(512K)->512K(512K)
[0.189s][info][gc,heap     ] GC(1) ParOldGen: 8K(512K)->88K(512K)
[0.189s][info][gc,metaspace] GC(1) Metaspace: 5880K(6016K)->5880K(6016K) NonClass: 5383K(5504K)->5383K(5504K) Class: 496K(512K)->496K(512K)
[0.189s][info][gc          ] GC(1) Pause Young (Allocation Failure) 0M->0M(2M) 1.141ms
[0.189s][info][gc,cpu      ] GC(1) User=0.00s Sys=0.00s Real=0.00s
[0.213s][info][gc,start    ] GC(2) Pause Young (Allocation Failure)
[0.214s][info][gc,heap     ] GC(2) PSYoungGen: 1536K(1536K)->512K(1536K) Eden: 1024K(1024K)->0K(1024K) From: 512K(512K)->512K(512K)
[0.214s][info][gc,heap     ] GC(2) ParOldGen: 88K(512K)->520K(1024K)
[0.214s][info][gc,metaspace] GC(2) Metaspace: 6301K(6528K)->6301K(6528K) NonClass: 5767K(5888K)->5767K(5888K) Class: 533K(640K)->533K(640K)
[0.214s][info][gc          ] GC(2) Pause Young (Allocation Failure) 1M->1M(2M) 1.213ms
[0.214s][info][gc,cpu      ] GC(2) User=0.00s Sys=0.00s Real=0.00s
[0.215s][info][gc,start    ] GC(3) Pause Young (Allocation Failure)
[0.217s][info][gc,heap     ] GC(3) PSYoungGen: 1536K(1536K)->480K(2560K) Eden: 1024K(1024K)->0K(2048K) From: 512K(512K)->480K(512K)
[0.217s][info][gc,heap     ] GC(3) ParOldGen: 520K(1024K)->1068K(1536K)
[0.217s][info][gc,metaspace] GC(3) Metaspace: 6301K(6528K)->6301K(6528K) NonClass: 5767K(5888K)->5767K(5888K) Class: 533K(640K)->533K(640K)
[0.217s][info][gc          ] GC(3) Pause Young (Allocation Failure) 2M->1M(4M) 1.393ms
[0.217s][info][gc,cpu      ] GC(3) User=0.00s Sys=0.00s Real=0.00s
[0.217s][info][gc,start    ] GC(4) Pause Full (Ergonomics)
[0.217s][info][gc,phases,start] GC(4) Marking Phase
[0.218s][info][gc,phases      ] GC(4) Marking Phase 1.271ms
[0.218s][info][gc,phases,start] GC(4) Summary Phase
[0.218s][info][gc,phases      ] GC(4) Summary Phase 0.019ms
[0.218s][info][gc,phases,start] GC(4) Adjust Roots
[0.219s][info][gc,phases      ] GC(4) Adjust Roots 0.412ms
[0.219s][info][gc,phases,start] GC(4) Compaction Phase
[0.221s][info][gc,phases      ] GC(4) Compaction Phase 2.460ms
[0.221s][info][gc,phases,start] GC(4) Post Compact
[0.221s][info][gc,phases      ] GC(4) Post Compact 0.099ms
[0.221s][info][gc,heap        ] GC(4) PSYoungGen: 480K(2560K)->0K(2560K) Eden: 0K(2048K)->0K(2048K) From: 480K(512K)->0K(512K)
[0.221s][info][gc,heap        ] GC(4) ParOldGen: 1068K(1536K)->1496K(3584K)
[0.222s][info][gc,metaspace   ] GC(4) Metaspace: 6301K(6528K)->6301K(6528K) NonClass: 5767K(5888K)->5767K(5888K) Class: 533K(640K)->533K(640K)
[0.222s][info][gc             ] GC(4) Pause Full (Ergonomics) 1M->1M(6M) 4.672ms
[0.222s][info][gc,cpu         ] GC(4) User=0.00s Sys=0.00s Real=0.00s
[0.224s][info][gc,start       ] GC(5) Pause Young (Allocation Failure)
[0.225s][info][gc,heap        ] GC(5) PSYoungGen: 2048K(2560K)->480K(3584K) Eden: 2048K(2048K)->0K(3072K) From: 0K(512K)->480K(512K)
[0.226s][info][gc,heap        ] GC(5) ParOldGen: 1496K(3584K)->2112K(3584K)
[0.226s][info][gc,metaspace   ] GC(5) Metaspace: 6301K(6528K)->6301K(6528K) NonClass: 5767K(5888K)->5767K(5888K) Class: 533K(640K)->533K(640K)
[0.226s][info][gc             ] GC(5) Pause Young (Allocation Failure) 3M->2M(7M) 1.287ms
[0.226s][info][gc,cpu         ] GC(5) User=0.00s Sys=0.00s Real=0.00s
[0.230s][info][gc,start       ] GC(6) Pause Young (Allocation Failure)
[0.233s][info][gc,heap        ] GC(6) PSYoungGen: 3552K(3584K)->1504K(4608K) Eden: 3072K(3072K)->0K(3072K) From: 480K(512K)->1504K(1536K)
[0.233s][info][gc,heap        ] GC(6) ParOldGen: 2112K(3584K)->2680K(3584K)
[0.233s][info][gc,metaspace   ] GC(6) Metaspace: 6301K(6528K)->6301K(6528K) NonClass: 5767K(5888K)->5767K(5888K) Class: 533K(640K)->533K(640K)
[0.233s][info][gc             ] GC(6) Pause Young (Allocation Failure) 5M->4M(8M) 2.254ms
[0.233s][info][gc,cpu         ] GC(6) User=0.00s Sys=0.00s Real=0.00s
[0.237s][info][gc,start       ] GC(7) Pause Young (Allocation Failure)
[0.240s][info][gc,heap        ] GC(7) PSYoungGen: 4576K(4608K)->2016K(7168K) Eden: 3072K(3072K)->0K(5120K) From: 1504K(1536K)->2016K(2048K)
[0.240s][info][gc,heap        ] GC(7) ParOldGen: 2680K(3584K)->3776K(4096K)
[0.240s][info][gc,metaspace   ] GC(7) Metaspace: 6301K(6528K)->6301K(6528K) NonClass: 5767K(5888K)->5767K(5888K) Class: 533K(640K)->533K(640K)
[0.240s][info][gc             ] GC(7) Pause Young (Allocation Failure) 7M->5M(11M) 2.951ms
[0.240s][info][gc,cpu         ] GC(7) User=0.00s Sys=0.00s Real=0.00s
[0.240s][info][gc,start       ] GC(8) Pause Full (Ergonomics)
[0.240s][info][gc,phases,start] GC(8) Marking Phase
[0.243s][info][gc,phases      ] GC(8) Marking Phase 2.977ms
[0.243s][info][gc,phases,start] GC(8) Summary Phase
[0.243s][info][gc,phases      ] GC(8) Summary Phase 0.018ms
[0.243s][info][gc,phases,start] GC(8) Adjust Roots
[0.244s][info][gc,phases      ] GC(8) Adjust Roots 0.348ms
[0.244s][info][gc,phases,start] GC(8) Compaction Phase
[0.247s][info][gc,phases      ] GC(8) Compaction Phase 3.059ms
[0.247s][info][gc,phases,start] GC(8) Post Compact
[0.247s][info][gc,phases      ] GC(8) Post Compact 0.040ms
[0.247s][info][gc,heap        ] GC(8) PSYoungGen: 2016K(7168K)->2012K(7168K) Eden: 0K(5120K)->0K(5120K) From: 2016K(2048K)->2012K(2048K)
[0.247s][info][gc,heap        ] GC(8) ParOldGen: 3776K(4096K)->3683K(6656K)
[0.247s][info][gc,metaspace   ] GC(8) Metaspace: 6301K(6528K)->6301K(6528K) NonClass: 5767K(5888K)->5767K(5888K) Class: 533K(640K)->533K(640K)
[0.247s][info][gc             ] GC(8) Pause Full (Ergonomics) 5M->5M(13M) 6.768ms
[0.247s][info][gc,cpu         ] GC(8) User=0.00s Sys=0.00s Real=0.01s
[0.255s][info][gc,start       ] GC(9) Pause Young (Allocation Failure)
[0.261s][info][gc,heap        ] GC(9) PSYoungGen: 7132K(7168K)->3040K(8192K) Eden: 5120K(5120K)->0K(5120K) From: 2012K(2048K)->3040K(3072K)
[0.261s][info][gc,heap        ] GC(9) ParOldGen: 3683K(6656K)->5331K(6656K)
[0.261s][info][gc,metaspace   ] GC(9) Metaspace: 6301K(6528K)->6301K(6528K) NonClass: 5767K(5888K)->5767K(5888K) Class: 533K(640K)->533K(640K)
[0.261s][info][gc             ] GC(9) Pause Young (Allocation Failure) 10M->8M(14M) 5.596ms
[0.261s][info][gc,cpu         ] GC(9) User=0.02s Sys=0.00s Real=0.01s
[0.261s][info][gc,start       ] GC(10) Pause Full (Ergonomics)
[0.261s][info][gc,phases,start] GC(10) Marking Phase
[0.266s][info][gc,phases      ] GC(10) Marking Phase 5.046ms
[0.266s][info][gc,phases,start] GC(10) Summary Phase
[0.266s][info][gc,phases      ] GC(10) Summary Phase 0.019ms
[0.266s][info][gc,phases,start] GC(10) Adjust Roots
[0.266s][info][gc,phases      ] GC(10) Adjust Roots 0.227ms
[0.266s][info][gc,phases,start] GC(10) Compaction Phase
[0.271s][info][gc,phases      ] GC(10) Compaction Phase 4.477ms
[0.271s][info][gc,phases,start] GC(10) Post Compact
[0.271s][info][gc,phases      ] GC(10) Post Compact 0.066ms
[0.271s][info][gc,heap        ] GC(10) PSYoungGen: 3040K(8192K)->2012K(8192K) Eden: 0K(5120K)->0K(5120K) From: 3040K(3072K)->2012K(3072K)
[0.271s][info][gc,heap        ] GC(10) ParOldGen: 5331K(6656K)->6318K(10752K)
[0.271s][info][gc,metaspace   ] GC(10) Metaspace: 6301K(6528K)->6301K(6528K) NonClass: 5767K(5888K)->5767K(5888K) Class: 533K(640K)->533K(640K)
[0.271s][info][gc             ] GC(10) Pause Full (Ergonomics) 8M->8M(18M) 10.284ms
[0.271s][info][gc,cpu         ] GC(10) User=0.00s Sys=0.00s Real=0.01s
[0.278s][info][gc,start       ] GC(11) Pause Young (Allocation Failure)
[0.283s][info][gc,heap        ] GC(11) PSYoungGen: 7132K(8192K)->4224K(10752K) Eden: 5120K(5120K)->0K(6144K) From: 2012K(3072K)->4224K(4608K)
[0.283s][info][gc,heap        ] GC(11) ParOldGen: 6318K(10752K)->6806K(10752K)
[0.283s][info][gc,metaspace   ] GC(11) Metaspace: 6301K(6528K)->6301K(6528K) NonClass: 5767K(5888K)->5767K(5888K) Class: 533K(640K)->533K(640K)
[0.283s][info][gc             ] GC(11) Pause Young (Allocation Failure) 13M->10M(21M) 5.370ms
[0.283s][info][gc,cpu         ] GC(11) User=0.00s Sys=0.00s Real=0.00s
[0.292s][info][gc,start       ] GC(12) Pause Young (Allocation Failure)
[0.298s][info][gc,heap        ] GC(12) PSYoungGen: 10368K(10752K)->5088K(11264K) Eden: 6144K(6144K)->0K(6144K) From: 4224K(4608K)->5088K(5120K)
[0.298s][info][gc,heap        ] GC(12) ParOldGen: 6806K(10752K)->9374K(10752K)
[0.298s][info][gc,metaspace   ] GC(12) Metaspace: 6301K(6528K)->6301K(6528K) NonClass: 5767K(5888K)->5767K(5888K) Class: 533K(640K)->533K(640K)
[0.298s][info][gc             ] GC(12) Pause Young (Allocation Failure) 16M->14M(21M) 6.564ms
[0.298s][info][gc,cpu         ] GC(12) User=0.00s Sys=0.00s Real=0.01s
[0.298s][info][gc,start       ] GC(13) Pause Full (Ergonomics)
[0.298s][info][gc,phases,start] GC(13) Marking Phase
[0.305s][info][gc,phases      ] GC(13) Marking Phase 7.119ms
[0.305s][info][gc,phases,start] GC(13) Summary Phase
[0.305s][info][gc,phases      ] GC(13) Summary Phase 0.016ms
[0.305s][info][gc,phases,start] GC(13) Adjust Roots
[0.306s][info][gc,phases      ] GC(13) Adjust Roots 0.167ms
[0.306s][info][gc,phases,start] GC(13) Compaction Phase
[0.312s][info][gc,phases      ] GC(13) Compaction Phase 6.410ms
[0.312s][info][gc,phases,start] GC(13) Post Compact
[0.312s][info][gc,phases      ] GC(13) Post Compact 0.068ms
[0.312s][info][gc,heap        ] GC(13) PSYoungGen: 5088K(11264K)->3544K(11264K) Eden: 0K(6144K)->0K(6144K) From: 5088K(5120K)->3544K(5120K)
[0.312s][info][gc,heap        ] GC(13) ParOldGen: 9374K(10752K)->10586K(16384K)
[0.312s][info][gc,metaspace   ] GC(13) Metaspace: 6301K(6528K)->6301K(6528K) NonClass: 5767K(5888K)->5767K(5888K) Class: 533K(640K)->533K(640K)
[0.312s][info][gc             ] GC(13) Pause Full (Ergonomics) 14M->13M(27M) 14.063ms
[0.312s][info][gc,cpu         ] GC(13) User=0.00s Sys=0.00s Real=0.01s
[0.317s][info][gc,start       ] GC(14) Pause Young (Allocation Failure)
[0.323s][info][gc,heap        ] GC(14) PSYoungGen: 9688K(11264K)->4576K(15872K) Eden: 6144K(6144K)->0K(8704K) From: 3544K(5120K)->4576K(7168K)
[0.323s][info][gc,heap        ] GC(14) ParOldGen: 10586K(16384K)->12754K(16384K)
[0.323s][info][gc,metaspace   ] GC(14) Metaspace: 6302K(6528K)->6302K(6528K) NonClass: 5769K(5888K)->5769K(5888K) Class: 533K(640K)->533K(640K)
[0.323s][info][gc             ] GC(14) Pause Young (Allocation Failure) 19M->16M(31M) 6.023ms
[0.323s][info][gc,cpu         ] GC(14) User=0.02s Sys=0.00s Real=0.01s
[0.328s][info][gc,start       ] GC(15) Pause Young (Allocation Failure)
[0.335s][info][gc,heap        ] GC(15) PSYoungGen: 13280K(15872K)->7168K(15872K) Eden: 8704K(8704K)->0K(8704K) From: 4576K(7168K)->7168K(7168K)
[0.335s][info][gc,heap        ] GC(15) ParOldGen: 12754K(16384K)->14690K(16384K)
[0.335s][info][gc,metaspace   ] GC(15) Metaspace: 6302K(6528K)->6302K(6528K) NonClass: 5769K(5888K)->5769K(5888K) Class: 533K(640K)->533K(640K)
[0.335s][info][gc             ] GC(15) Pause Young (Allocation Failure) 25M->21M(31M) 6.654ms
[0.335s][info][gc,cpu         ] GC(15) User=0.00s Sys=0.00s Real=0.01s
[0.335s][info][gc,start       ] GC(16) Pause Full (Ergonomics)
[0.335s][info][gc,phases,start] GC(16) Marking Phase
[0.344s][info][gc,phases      ] GC(16) Marking Phase 9.117ms
[0.344s][info][gc,phases,start] GC(16) Summary Phase
[0.344s][info][gc,phases      ] GC(16) Summary Phase 0.013ms
[0.344s][info][gc,phases,start] GC(16) Adjust Roots
[0.344s][info][gc,phases      ] GC(16) Adjust Roots 0.176ms
[0.344s][info][gc,phases,start] GC(16) Compaction Phase
[0.351s][info][gc,phases      ] GC(16) Compaction Phase 6.900ms
[0.351s][info][gc,phases,start] GC(16) Post Compact
[0.351s][info][gc,phases      ] GC(16) Post Compact 0.098ms
[0.352s][info][gc,heap        ] GC(16) PSYoungGen: 7168K(15872K)->5620K(15872K) Eden: 0K(8704K)->0K(8704K) From: 7168K(7168K)->5620K(7168K)
[0.352s][info][gc,heap        ] GC(16) ParOldGen: 14690K(16384K)->16144K(23552K)
[0.352s][info][gc,metaspace   ] GC(16) Metaspace: 6302K(6528K)->6302K(6528K) NonClass: 5769K(5888K)->5769K(5888K) Class: 533K(640K)->533K(640K)
[0.352s][info][gc             ] GC(16) Pause Full (Ergonomics) 21M->21M(38M) 16.643ms
[0.352s][info][gc,cpu         ] GC(16) User=0.00s Sys=0.00s Real=0.02s
[0.360s][info][gc,start       ] GC(17) Pause Young (Allocation Failure)
[0.369s][info][gc,heap        ] GC(17) PSYoungGen: 14324K(15872K)->5024K(20992K) Eden: 8704K(8704K)->0K(11776K) From: 5620K(7168K)->5024K(9216K)
[0.369s][info][gc,heap        ] GC(17) ParOldGen: 16144K(23552K)->21864K(23552K)
[0.369s][info][gc,metaspace   ] GC(17) Metaspace: 6302K(6528K)->6302K(6528K) NonClass: 5769K(5888K)->5769K(5888K) Class: 533K(640K)->533K(640K)
[0.369s][info][gc             ] GC(17) Pause Young (Allocation Failure) 29M->26M(43M) 8.976ms
[0.369s][info][gc,cpu         ] GC(17) User=0.02s Sys=0.00s Real=0.01s
[0.369s][info][gc,start       ] GC(18) Pause Full (Ergonomics)
[0.369s][info][gc,phases,start] GC(18) Marking Phase
[0.380s][info][gc,phases      ] GC(18) Marking Phase 10.590ms
[0.380s][info][gc,phases,start] GC(18) Summary Phase
[0.380s][info][gc,phases      ] GC(18) Summary Phase 0.014ms
[0.380s][info][gc,phases,start] GC(18) Adjust Roots
[0.380s][info][gc,phases      ] GC(18) Adjust Roots 0.176ms
[0.380s][info][gc,phases,start] GC(18) Compaction Phase
[0.389s][info][gc,phases      ] GC(18) Compaction Phase 8.732ms
[0.389s][info][gc,phases,start] GC(18) Post Compact
[0.389s][info][gc,phases      ] GC(18) Post Compact 0.083ms
[0.389s][info][gc,heap        ] GC(18) PSYoungGen: 5024K(20992K)->2945K(20992K) Eden: 0K(11776K)->0K(11776K) From: 5024K(9216K)->2945K(9216K)
[0.389s][info][gc,heap        ] GC(18) ParOldGen: 21864K(23552K)->23299K(33792K)
[0.389s][info][gc,metaspace   ] GC(18) Metaspace: 6302K(6528K)->6302K(6528K) NonClass: 5769K(5888K)->5769K(5888K) Class: 533K(640K)->533K(640K)
[0.389s][info][gc             ] GC(18) Pause Full (Ergonomics) 26M->25M(53M) 19.882ms
[0.389s][info][gc,cpu         ] GC(18) User=0.00s Sys=0.00s Real=0.02s
[0.396s][info][gc,start       ] GC(19) Pause Young (Allocation Failure)
[0.405s][info][gc,heap        ] GC(19) PSYoungGen: 14721K(20992K)->6112K(20992K) Eden: 11776K(11776K)->0K(11776K) From: 2945K(9216K)->6112K(9216K)
[0.405s][info][gc,heap        ] GC(19) ParOldGen: 23299K(33792K)->26299K(33792K)
[0.405s][info][gc,metaspace   ] GC(19) Metaspace: 6302K(6528K)->6302K(6528K) NonClass: 5769K(5888K)->5769K(5888K) Class: 533K(640K)->533K(640K)
[0.405s][info][gc             ] GC(19) Pause Young (Allocation Failure) 37M->31M(53M) 9.152ms
[0.405s][info][gc,cpu         ] GC(19) User=0.02s Sys=0.00s Real=0.01s
[0.416s][info][gc,start       ] GC(20) Pause Young (Allocation Failure)
[0.430s][info][gc,heap        ] GC(20) PSYoungGen: 17888K(20992K)->9728K(20992K) Eden: 11776K(11776K)->0K(11264K) From: 6112K(9216K)->9728K(9728K)
[0.430s][info][gc,heap        ] GC(20) ParOldGen: 26299K(33792K)->33851K(34304K)
[0.430s][info][gc,metaspace   ] GC(20) Metaspace: 6302K(6528K)->6302K(6528K) NonClass: 5769K(5888K)->5769K(5888K) Class: 533K(640K)->533K(640K)
[0.430s][info][gc             ] GC(20) Pause Young (Allocation Failure) 43M->42M(54M) 14.047ms
[0.430s][info][gc,cpu         ] GC(20) User=0.00s Sys=0.00s Real=0.01s
[0.430s][info][gc,start       ] GC(21) Pause Full (Ergonomics)
[0.430s][info][gc,phases,start] GC(21) Marking Phase
[0.448s][info][gc,phases      ] GC(21) Marking Phase 17.862ms
[0.448s][info][gc,phases,start] GC(21) Summary Phase
[0.448s][info][gc,phases      ] GC(21) Summary Phase 0.015ms
[0.448s][info][gc,phases,start] GC(21) Adjust Roots
[0.449s][info][gc,phases      ] GC(21) Adjust Roots 0.165ms
[0.449s][info][gc,phases,start] GC(21) Compaction Phase
[0.462s][info][gc,phases      ] GC(21) Compaction Phase 13.414ms
[0.462s][info][gc,phases,start] GC(21) Post Compact
[0.462s][info][gc,phases      ] GC(21) Post Compact 0.250ms
[0.463s][info][gc,heap        ] GC(21) PSYoungGen: 9728K(20992K)->9197K(20992K) Eden: 0K(11264K)->0K(11264K) From: 9728K(9728K)->9197K(9728K)
[0.463s][info][gc,heap        ] GC(21) ParOldGen: 33851K(34304K)->34179K(48640K)
[0.463s][info][gc,metaspace   ] GC(21) Metaspace: 6302K(6528K)->6302K(6528K) NonClass: 5769K(5888K)->5769K(5888K) Class: 533K(640K)->533K(640K)
[0.463s][info][gc             ] GC(21) Pause Full (Ergonomics) 42M->42M(68M) 32.083ms
[0.463s][info][gc,cpu         ] GC(21) User=0.05s Sys=0.00s Real=0.03s
[0.476s][info][gc,start       ] GC(22) Pause Young (Allocation Failure)
[0.495s][info][gc,heap        ] GC(22) PSYoungGen: 20461K(20992K)->11296K(25088K) Eden: 11264K(11264K)->0K(11264K) From: 9197K(9728K)->11296K(13824K)
[0.495s][info][gc,heap        ] GC(22) ParOldGen: 34179K(48640K)->43531K(48640K)
[0.495s][info][gc,metaspace   ] GC(22) Metaspace: 6302K(6528K)->6302K(6528K) NonClass: 5769K(5888K)->5769K(5888K) Class: 533K(640K)->533K(640K)
[0.495s][info][gc             ] GC(22) Pause Young (Allocation Failure) 53M->53M(72M) 19.121ms
[0.495s][info][gc,cpu         ] GC(22) User=0.03s Sys=0.00s Real=0.02s
[0.496s][info][gc,start       ] GC(23) Pause Full (Ergonomics)
[0.496s][info][gc,phases,start] GC(23) Marking Phase
[0.517s][info][gc,phases      ] GC(23) Marking Phase 20.962ms
[0.517s][info][gc,phases,start] GC(23) Summary Phase
[0.517s][info][gc,phases      ] GC(23) Summary Phase 0.022ms
[0.517s][info][gc,phases,start] GC(23) Adjust Roots
[0.517s][info][gc,phases      ] GC(23) Adjust Roots 0.163ms
[0.517s][info][gc,phases,start] GC(23) Compaction Phase
[0.533s][info][gc,phases      ] GC(23) Compaction Phase 16.179ms
[0.533s][info][gc,phases,start] GC(23) Post Compact
[0.533s][info][gc,phases      ] GC(23) Post Compact 0.159ms
[0.533s][info][gc,heap        ] GC(23) PSYoungGen: 11296K(25088K)->5098K(25088K) Eden: 0K(11264K)->0K(11264K) From: 11296K(13824K)->5098K(13824K)
[0.533s][info][gc,heap        ] GC(23) ParOldGen: 43531K(48640K)->48489K(66560K)
[0.533s][info][gc,metaspace   ] GC(23) Metaspace: 6302K(6528K)->6302K(6528K) NonClass: 5769K(5888K)->5769K(5888K) Class: 533K(640K)->533K(640K)
[0.533s][info][gc             ] GC(23) Pause Full (Ergonomics) 53M->52M(89M) 37.840ms
[0.533s][info][gc,cpu         ] GC(23) User=0.05s Sys=0.00s Real=0.04s
[0.544s][info][gc,start       ] GC(24) Pause Young (Allocation Failure)
[0.560s][info][gc,heap        ] GC(24) PSYoungGen: 16362K(25088K)->11296K(28160K) Eden: 11264K(11264K)->0K(12800K) From: 5098K(13824K)->11296K(15360K)
[0.560s][info][gc,heap        ] GC(24) ParOldGen: 48489K(66560K)->53681K(66560K)
[0.560s][info][gc,metaspace   ] GC(24) Metaspace: 6302K(6528K)->6302K(6528K) NonClass: 5769K(5888K)->5769K(5888K) Class: 533K(640K)->533K(640K)
[0.560s][info][gc             ] GC(24) Pause Young (Allocation Failure) 63M->63M(92M) 15.524ms
[0.560s][info][gc,cpu         ] GC(24) User=0.00s Sys=0.00s Real=0.02s
[0.573s][info][gc,start       ] GC(25) Pause Young (Allocation Failure)
[0.589s][info][gc,heap        ] GC(25) PSYoungGen: 24096K(28160K)->16384K(29184K) Eden: 12800K(12800K)->0K(12800K) From: 11296K(15360K)->16384K(16384K)
[0.589s][info][gc,heap        ] GC(25) ParOldGen: 53681K(66560K)->61457K(66560K)
[0.590s][info][gc,metaspace   ] GC(25) Metaspace: 6302K(6528K)->6302K(6528K) NonClass: 5769K(5888K)->5769K(5888K) Class: 533K(640K)->533K(640K)
[0.590s][info][gc             ] GC(25) Pause Young (Allocation Failure) 75M->76M(93M) 16.833ms
[0.590s][info][gc,cpu         ] GC(25) User=0.00s Sys=0.00s Real=0.02s
[0.590s][info][gc,start       ] GC(26) Pause Full (Ergonomics)
[0.590s][info][gc,phases,start] GC(26) Marking Phase
[0.619s][info][gc,phases      ] GC(26) Marking Phase 29.444ms
[0.619s][info][gc,phases,start] GC(26) Summary Phase
[0.619s][info][gc,phases      ] GC(26) Summary Phase 0.015ms
[0.619s][info][gc,phases,start] GC(26) Adjust Roots
[0.619s][info][gc,phases      ] GC(26) Adjust Roots 0.152ms
[0.619s][info][gc,phases,start] GC(26) Compaction Phase
[0.639s][info][gc,phases      ] GC(26) Compaction Phase 19.332ms
[0.639s][info][gc,phases,start] GC(26) Post Compact
[0.639s][info][gc,phases      ] GC(26) Post Compact 0.292ms
[0.639s][info][gc,heap        ] GC(26) PSYoungGen: 16384K(29184K)->11242K(29184K) Eden: 0K(12800K)->0K(12800K) From: 16384K(16384K)->11242K(16384K)
[0.639s][info][gc,heap        ] GC(26) ParOldGen: 61457K(66560K)->66345K(87552K)
[0.639s][info][gc,metaspace   ] GC(26) Metaspace: 6302K(6528K)->6302K(6528K) NonClass: 5769K(5888K)->5769K(5888K) Class: 533K(640K)->533K(640K)
[0.639s][info][gc             ] GC(26) Pause Full (Ergonomics) 76M->75M(114M) 49.640ms
[0.639s][info][gc,cpu         ] GC(26) User=0.06s Sys=0.00s Real=0.05s
[0.651s][info][gc,start       ] GC(27) Pause Young (Allocation Failure)
[0.671s][info][gc,heap        ] GC(27) PSYoungGen: 22473K(29184K)->11200K(37376K) Eden: 11231K(12800K)->0K(15360K) From: 11242K(16384K)->11200K(22016K)
[0.671s][info][gc,heap        ] GC(27) ParOldGen: 66345K(87552K)->77769K(87552K)
[0.671s][info][gc,metaspace   ] GC(27) Metaspace: 6302K(6528K)->6302K(6528K) NonClass: 5769K(5888K)->5769K(5888K) Class: 533K(640K)->533K(640K)
[0.671s][info][gc             ] GC(27) Pause Young (Allocation Failure) 86M->86M(122M) 20.797ms
[0.671s][info][gc,cpu         ] GC(27) User=0.03s Sys=0.00s Real=0.02s
[0.671s][info][gc,start       ] GC(28) Pause Full (Ergonomics)
[0.671s][info][gc,phases,start] GC(28) Marking Phase
[0.706s][info][gc,phases      ] GC(28) Marking Phase 34.497ms
[0.706s][info][gc,phases,start] GC(28) Summary Phase
[0.706s][info][gc,phases      ] GC(28) Summary Phase 0.015ms
[0.706s][info][gc,phases,start] GC(28) Adjust Roots
[0.706s][info][gc,phases      ] GC(28) Adjust Roots 0.162ms
[0.706s][info][gc,phases,start] GC(28) Compaction Phase
[0.725s][info][gc,phases      ] GC(28) Compaction Phase 19.087ms
[0.725s][info][gc,phases,start] GC(28) Post Compact
[0.726s][info][gc,phases      ] GC(28) Post Compact 0.351ms
[0.726s][info][gc,heap        ] GC(28) PSYoungGen: 11200K(37376K)->1431K(37376K) Eden: 0K(15360K)->0K(15360K) From: 11200K(22016K)->1431K(22016K)
[0.726s][info][gc,heap        ] GC(28) ParOldGen: 77769K(87552K)->87296K(112640K)
[0.726s][info][gc,metaspace   ] GC(28) Metaspace: 6302K(6528K)->6302K(6528K) NonClass: 5769K(5888K)->5769K(5888K) Class: 533K(640K)->533K(640K)
[0.726s][info][gc             ] GC(28) Pause Full (Ergonomics) 86M->86M(146M) 54.480ms
[0.726s][info][gc,cpu         ] GC(28) User=0.08s Sys=0.00s Real=0.05s
[0.747s][info][gc,start       ] GC(29) Pause Young (Allocation Failure)
[0.759s][info][gc,heap        ] GC(29) PSYoungGen: 16791K(37376K)->16832K(37376K) Eden: 15360K(15360K)->0K(15360K) From: 1431K(22016K)->16832K(22016K)
[0.759s][info][gc,heap        ] GC(29) ParOldGen: 87296K(112640K)->87296K(112640K)
[0.759s][info][gc,metaspace   ] GC(29) Metaspace: 6302K(6528K)->6302K(6528K) NonClass: 5769K(5888K)->5769K(5888K) Class: 533K(640K)->533K(640K)
[0.759s][info][gc             ] GC(29) Pause Young (Allocation Failure) 101M->101M(146M) 12.380ms
[0.759s][info][gc,cpu         ] GC(29) User=0.02s Sys=0.00s Real=0.01s
[0.772s][info][gc,start       ] GC(30) Pause Young (Allocation Failure)
[0.790s][info][gc,heap        ] GC(30) PSYoungGen: 32192K(37376K)->23520K(34304K) Eden: 15360K(15360K)->0K(10752K) From: 16832K(22016K)->23520K(23552K)
[0.790s][info][gc,heap        ] GC(30) ParOldGen: 87296K(112640K)->96056K(112640K)
[0.790s][info][gc,metaspace   ] GC(30) Metaspace: 6302K(6528K)->6302K(6528K) NonClass: 5769K(5888K)->5769K(5888K) Class: 533K(640K)->533K(640K)
[0.791s][info][gc             ] GC(30) Pause Young (Allocation Failure) 116M->116M(143M) 18.241ms
[0.791s][info][gc,cpu         ] GC(30) User=0.00s Sys=0.05s Real=0.02s
[0.802s][info][gc,start       ] GC(31) Pause Young (Allocation Failure)
[0.817s][info][gc,heap        ] GC(31) PSYoungGen: 34272K(34304K)->24320K(41472K) Eden: 10752K(10752K)->0K(10752K) From: 23520K(23552K)->24320K(30720K)
[0.818s][info][gc,heap        ] GC(31) ParOldGen: 96056K(112640K)->106160K(112640K)
[0.818s][info][gc,metaspace   ] GC(31) Metaspace: 6302K(6528K)->6302K(6528K) NonClass: 5769K(5888K)->5769K(5888K) Class: 533K(640K)->533K(640K)
[0.818s][info][gc             ] GC(31) Pause Young (Allocation Failure) 127M->127M(150M) 15.824ms
[0.818s][info][gc,cpu         ] GC(31) User=0.00s Sys=0.00s Real=0.02s
[0.818s][info][gc,start       ] GC(32) Pause Full (Ergonomics)
[0.818s][info][gc,phases,start] GC(32) Marking Phase
[0.851s][info][gc,phases      ] GC(32) Marking Phase 33.741ms
[0.851s][info][gc,phases,start] GC(32) Summary Phase
[0.851s][info][gc,phases      ] GC(32) Summary Phase 0.015ms
[0.852s][info][gc,phases,start] GC(32) Adjust Roots
[0.852s][info][gc,phases      ] GC(32) Adjust Roots 0.148ms
[0.852s][info][gc,phases,start] GC(32) Compaction Phase
[0.881s][info][gc,phases      ] GC(32) Compaction Phase 29.324ms
[0.881s][info][gc,phases,start] GC(32) Post Compact
[0.881s][info][gc,phases      ] GC(32) Post Compact 0.430ms
[0.882s][info][gc,heap        ] GC(32) PSYoungGen: 24320K(41472K)->15521K(41472K) Eden: 0K(10752K)->0K(10752K) From: 24320K(30720K)->15521K(30720K)
[0.882s][info][gc,heap        ] GC(32) ParOldGen: 106160K(112640K)->112546K(141824K)
[0.882s][info][gc,metaspace   ] GC(32) Metaspace: 6302K(6528K)->6302K(6528K) NonClass: 5769K(5888K)->5769K(5888K) Class: 533K(640K)->533K(640K)
[0.882s][info][gc             ] GC(32) Pause Full (Ergonomics) 127M->125M(179M) 64.053ms
[0.882s][info][gc,cpu         ] GC(32) User=0.11s Sys=0.00s Real=0.06s
[0.892s][info][gc,start       ] GC(33) Pause Young (Allocation Failure)
[0.910s][info][gc,heap        ] GC(33) PSYoungGen: 26273K(41472K)->26336K(44544K) Eden: 10752K(10752K)->0K(10752K) From: 15521K(30720K)->26336K(33792K)
[0.910s][info][gc,heap        ] GC(33) ParOldGen: 112546K(141824K)->112546K(141824K)
[0.910s][info][gc,metaspace   ] GC(33) Metaspace: 6302K(6528K)->6302K(6528K) NonClass: 5769K(5888K)->5769K(5888K) Class: 533K(640K)->533K(640K)
[0.910s][info][gc             ] GC(33) Pause Young (Allocation Failure) 135M->135M(182M) 18.115ms
[0.910s][info][gc,cpu         ] GC(33) User=0.03s Sys=0.02s Real=0.02s
[0.920s][info][gc,start       ] GC(34) Pause Young (Allocation Failure)
[0.939s][info][gc,heap        ] GC(34) PSYoungGen: 37088K(44544K)->36352K(47104K) Eden: 10752K(10752K)->0K(10752K) From: 26336K(33792K)->36352K(36352K)
[0.939s][info][gc,heap        ] GC(34) ParOldGen: 112546K(141824K)->113258K(141824K)
[0.939s][info][gc,metaspace   ] GC(34) Metaspace: 6302K(6528K)->6302K(6528K) NonClass: 5769K(5888K)->5769K(5888K) Class: 533K(640K)->533K(640K)
[0.939s][info][gc             ] GC(34) Pause Young (Allocation Failure) 146M->146M(184M) 18.290ms
[0.939s][info][gc,cpu         ] GC(34) User=0.06s Sys=0.00s Real=0.02s
[0.949s][info][gc,start       ] GC(35) Pause Young (Allocation Failure)
[0.972s][info][gc,heap        ] GC(35) PSYoungGen: 47104K(47104K)->31904K(53248K) Eden: 10752K(10752K)->0K(10240K) From: 36352K(36352K)->31904K(43008K)
[0.972s][info][gc,heap        ] GC(35) ParOldGen: 113258K(141824K)->128714K(141824K)
[0.972s][info][gc,metaspace   ] GC(35) Metaspace: 6302K(6528K)->6302K(6528K) NonClass: 5769K(5888K)->5769K(5888K) Class: 533K(640K)->533K(640K)
[0.972s][info][gc             ] GC(35) Pause Young (Allocation Failure) 156M->156M(190M) 22.442ms
[0.972s][info][gc,cpu         ] GC(35) User=0.06s Sys=0.00s Real=0.02s
[0.972s][info][gc,start       ] GC(36) Pause Full (Ergonomics)
[0.972s][info][gc,phases,start] GC(36) Marking Phase
[1.015s][info][gc,phases      ] GC(36) Marking Phase 43.110ms
[1.015s][info][gc,phases,start] GC(36) Summary Phase
[1.015s][info][gc,phases      ] GC(36) Summary Phase 0.016ms
[1.015s][info][gc,phases,start] GC(36) Adjust Roots
[1.015s][info][gc,phases      ] GC(36) Adjust Roots 0.157ms
[1.015s][info][gc,phases,start] GC(36) Compaction Phase
[1.037s][info][gc,phases      ] GC(36) Compaction Phase 21.624ms
[1.037s][info][gc,phases,start] GC(36) Post Compact
[1.038s][info][gc,phases      ] GC(36) Post Compact 0.607ms
[1.038s][info][gc,heap        ] GC(36) PSYoungGen: 31904K(53248K)->18500K(53248K) Eden: 0K(10240K)->0K(10240K) From: 31904K(43008K)->18500K(43008K)
[1.038s][info][gc,heap        ] GC(36) ParOldGen: 128714K(141824K)->141733K(175616K)
[1.038s][info][gc,metaspace   ] GC(36) Metaspace: 6302K(6528K)->6302K(6528K) NonClass: 5769K(5888K)->5769K(5888K) Class: 533K(640K)->533K(640K)
[1.038s][info][gc             ] GC(36) Pause Full (Ergonomics) 156M->156M(223M) 65.955ms
[1.038s][info][gc,cpu         ] GC(36) User=0.17s Sys=0.00s Real=0.07s
[1.048s][info][gc,start       ] GC(37) Pause Young (Allocation Failure)
[1.069s][info][gc,heap        ] GC(37) PSYoungGen: 28740K(53248K)->23072K(56320K) Eden: 10240K(10240K)->0K(10240K) From: 18500K(43008K)->23072K(46080K)
[1.069s][info][gc,heap        ] GC(37) ParOldGen: 141733K(175616K)->147597K(175616K)
[1.069s][info][gc,metaspace   ] GC(37) Metaspace: 6302K(6528K)->6302K(6528K) NonClass: 5769K(5888K)->5769K(5888K) Class: 533K(640K)->533K(640K)
[1.070s][info][gc             ] GC(37) Pause Young (Allocation Failure) 166M->166M(226M) 21.196ms
[1.070s][info][gc,cpu         ] GC(37) User=0.09s Sys=0.00s Real=0.02s
[1.112s][info][gc,start       ] GC(38) Pause Young (Allocation Failure)
[1.132s][info][gc,heap        ] GC(38) PSYoungGen: 33312K(56320K)->26592K(56320K) Eden: 10240K(10240K)->0K(11264K) From: 23072K(46080K)->26592K(45056K)
[1.132s][info][gc,heap        ] GC(38) ParOldGen: 155789K(175616K)->162597K(175616K)
[1.132s][info][gc,metaspace   ] GC(38) Metaspace: 6302K(6528K)->6302K(6528K) NonClass: 5769K(5888K)->5769K(5888K) Class: 533K(640K)->533K(640K)
[1.132s][info][gc             ] GC(38) Pause Young (Allocation Failure) 184M->184M(226M) 20.082ms
[1.132s][info][gc,cpu         ] GC(38) User=0.03s Sys=0.00s Real=0.02s
[1.132s][info][gc,start       ] GC(39) Pause Full (Ergonomics)
[1.132s][info][gc,phases,start] GC(39) Marking Phase
[1.180s][info][gc,phases      ] GC(39) Marking Phase 47.650ms
[1.180s][info][gc,phases,start] GC(39) Summary Phase
[1.180s][info][gc,phases      ] GC(39) Summary Phase 0.017ms
[1.180s][info][gc,phases,start] GC(39) Adjust Roots
[1.180s][info][gc,phases      ] GC(39) Adjust Roots 0.143ms
[1.180s][info][gc,phases,start] GC(39) Compaction Phase
[1.214s][info][gc,phases      ] GC(39) Compaction Phase 34.419ms
[1.214s][info][gc,phases,start] GC(39) Post Compact
[1.215s][info][gc,phases      ] GC(39) Post Compact 0.784ms
[1.215s][info][gc,heap        ] GC(39) PSYoungGen: 26592K(56320K)->9611K(56320K) Eden: 0K(11264K)->0K(11264K) From: 26592K(45056K)->9611K(45056K)
[1.215s][info][gc,heap        ] GC(39) ParOldGen: 162597K(175616K)->175133K(209408K)
[1.216s][info][gc,metaspace   ] GC(39) Metaspace: 6302K(6528K)->6302K(6528K) NonClass: 5769K(5888K)->5769K(5888K) Class: 533K(640K)->533K(640K)
[1.216s][info][gc             ] GC(39) Pause Full (Ergonomics) 184M->180M(259M) 83.461ms
[1.216s][info][gc,cpu         ] GC(39) User=0.25s Sys=0.00s Real=0.08s
[1.228s][info][gc,start       ] GC(40) Pause Young (Allocation Failure)
[1.245s][info][gc,heap        ] GC(40) PSYoungGen: 20875K(56320K)->20960K(32256K) Eden: 11264K(11264K)->0K(11264K) From: 9611K(45056K)->20960K(20992K)
[1.246s][info][gc,heap        ] GC(40) ParOldGen: 175133K(209408K)->175133K(209408K)
[1.246s][info][gc,metaspace   ] GC(40) Metaspace: 6302K(6528K)->6302K(6528K) NonClass: 5769K(5888K)->5769K(5888K) Class: 533K(640K)->533K(640K)
[1.246s][info][gc             ] GC(40) Pause Young (Allocation Failure) 191M->191M(236M) 17.277ms
[1.246s][info][gc,cpu         ] GC(40) User=0.08s Sys=0.00s Real=0.02s
[1.256s][info][gc,start       ] GC(41) Pause Young (Allocation Failure)
[1.272s][info][gc,heap        ] GC(41) PSYoungGen: 32224K(32256K)->32224K(54272K) Eden: 11264K(11264K)->0K(10752K) From: 20960K(20992K)->32224K(43520K)
[1.272s][info][gc,heap        ] GC(41) ParOldGen: 175133K(209408K)->175133K(209408K)
[1.272s][info][gc,metaspace   ] GC(41) Metaspace: 6302K(6528K)->6302K(6528K) NonClass: 5769K(5888K)->5769K(5888K) Class: 533K(640K)->533K(640K)
[1.273s][info][gc             ] GC(41) Pause Young (Allocation Failure) 202M->202M(257M) 16.102ms
[1.273s][info][gc,cpu         ] GC(41) User=0.00s Sys=0.00s Real=0.02s
[1.283s][info][gc,start       ] GC(42) Pause Young (Allocation Failure)
[1.303s][info][gc,heap        ] GC(42) PSYoungGen: 42976K(54272K)->43008K(56320K) Eden: 10752K(10752K)->0K(10752K) From: 32224K(43520K)->43008K(45568K)
[1.303s][info][gc,heap        ] GC(42) ParOldGen: 175133K(209408K)->175133K(209408K)
[1.303s][info][gc,metaspace   ] GC(42) Metaspace: 6302K(6528K)->6302K(6528K) NonClass: 5769K(5888K)->5769K(5888K) Class: 533K(640K)->533K(640K)
[1.303s][info][gc             ] GC(42) Pause Young (Allocation Failure) 212M->213M(259M) 19.597ms
[1.303s][info][gc,cpu         ] GC(42) User=0.09s Sys=0.00s Real=0.02s
[1.314s][info][gc,start       ] GC(43) Pause Young (Allocation Failure)
[1.339s][info][gc,heap        ] GC(43) PSYoungGen: 53760K(56320K)->50240K(57344K) Eden: 10752K(10752K)->0K(5632K) From: 43008K(45568K)->50240K(51712K)
[1.339s][info][gc,heap        ] GC(43) ParOldGen: 175133K(209408K)->178677K(209408K)
[1.339s][info][gc,metaspace   ] GC(43) Metaspace: 6302K(6528K)->6302K(6528K) NonClass: 5769K(5888K)->5769K(5888K) Class: 533K(640K)->533K(640K)
[1.339s][info][gc             ] GC(43) Pause Young (Allocation Failure) 223M->223M(260M) 24.517ms
[1.339s][info][gc,cpu         ] GC(43) User=0.09s Sys=0.00s Real=0.02s
[1.345s][info][gc,start       ] GC(44) Pause Young (Allocation Failure)
[1.369s][info][gc,heap        ] GC(44) PSYoungGen: 55872K(57344K)->49696K(64512K) Eden: 5632K(5632K)->0K(5632K) From: 50240K(51712K)->49696K(58880K)
[1.369s][info][gc,heap        ] GC(44) ParOldGen: 178677K(209408K)->184917K(209408K)
[1.369s][info][gc,metaspace   ] GC(44) Metaspace: 6302K(6528K)->6302K(6528K) NonClass: 5769K(5888K)->5769K(5888K) Class: 533K(640K)->533K(640K)
[1.369s][info][gc             ] GC(44) Pause Young (Allocation Failure) 229M->229M(267M) 24.017ms
[1.369s][info][gc,cpu         ] GC(44) User=0.09s Sys=0.00s Real=0.02s
[1.375s][info][gc,start       ] GC(45) Pause Young (Allocation Failure)
[1.400s][info][gc,heap        ] GC(45) PSYoungGen: 55328K(64512K)->32768K(66560K) Eden: 5632K(5632K)->0K(6656K) From: 49696K(58880K)->32768K(59904K)
[1.400s][info][gc,heap        ] GC(45) ParOldGen: 184917K(209408K)->207733K(209408K)
[1.400s][info][gc,metaspace   ] GC(45) Metaspace: 6302K(6528K)->6302K(6528K) NonClass: 5769K(5888K)->5769K(5888K) Class: 533K(640K)->533K(640K)
[1.400s][info][gc             ] GC(45) Pause Young (Allocation Failure) 234M->234M(269M) 24.713ms
[1.400s][info][gc,cpu         ] GC(45) User=0.09s Sys=0.02s Real=0.03s
[1.400s][info][gc,start       ] GC(46) Pause Full (Ergonomics)
[1.400s][info][gc,phases,start] GC(46) Marking Phase
[1.459s][info][gc,phases      ] GC(46) Marking Phase 59.193ms
[1.459s][info][gc,phases,start] GC(46) Summary Phase
[1.459s][info][gc,phases      ] GC(46) Summary Phase 0.017ms
[1.459s][info][gc,phases,start] GC(46) Adjust Roots
[1.460s][info][gc,phases      ] GC(46) Adjust Roots 0.150ms
[1.460s][info][gc,phases,start] GC(46) Compaction Phase
[1.491s][info][gc,phases      ] GC(46) Compaction Phase 31.047ms
[1.491s][info][gc,phases,start] GC(46) Post Compact
[1.492s][info][gc,phases      ] GC(46) Post Compact 0.963ms
[1.492s][info][gc,heap        ] GC(46) PSYoungGen: 32768K(66560K)->30604K(68096K) Eden: 0K(6656K)->0K(8192K) From: 32768K(59904K)->30604K(59904K)
[1.492s][info][gc,heap        ] GC(46) ParOldGen: 207733K(209408K)->209258K(249344K)
[1.492s][info][gc,metaspace   ] GC(46) Metaspace: 6302K(6528K)->6302K(6528K) NonClass: 5769K(5888K)->5769K(5888K) Class: 533K(640K)->533K(640K)
[1.492s][info][gc             ] GC(46) Pause Full (Ergonomics) 234M->234M(310M) 91.909ms
[1.492s][info][gc,cpu         ] GC(46) User=0.36s Sys=0.00s Real=0.09s
[1.501s][info][gc,start       ] GC(47) Pause Young (Allocation Failure)
[1.528s][info][gc,heap        ] GC(47) PSYoungGen: 38796K(68096K)->18976K(70656K) Eden: 8192K(8192K)->0K(8192K) From: 30604K(59904K)->18976K(62464K)
[1.528s][info][gc,heap        ] GC(47) ParOldGen: 209258K(249344K)->229482K(249344K)
[1.528s][info][gc,metaspace   ] GC(47) Metaspace: 6302K(6528K)->6302K(6528K) NonClass: 5769K(5888K)->5769K(5888K) Class: 533K(640K)->533K(640K)
[1.528s][info][gc             ] GC(47) Pause Young (Allocation Failure) 242M->242M(312M) 26.851ms
[1.528s][info][gc,cpu         ] GC(47) User=0.11s Sys=0.00s Real=0.03s
[1.528s][info][gc,start       ] GC(48) Pause Full (Ergonomics)
[1.528s][info][gc,phases,start] GC(48) Marking Phase
[1.582s][info][gc,phases      ] GC(48) Marking Phase 53.587ms
[1.582s][info][gc,phases,start] GC(48) Summary Phase
[1.582s][info][gc,phases      ] GC(48) Summary Phase 0.019ms
[1.582s][info][gc,phases,start] GC(48) Adjust Roots
[1.582s][info][gc,phases      ] GC(48) Adjust Roots 0.153ms
[1.582s][info][gc,phases,start] GC(48) Compaction Phase
[1.606s][info][gc,phases      ] GC(48) Compaction Phase 23.998ms
[1.606s][info][gc,phases,start] GC(48) Post Compact
[1.607s][info][gc,phases      ] GC(48) Post Compact 1.083ms
[1.608s][info][gc,heap        ] GC(48) PSYoungGen: 18976K(70656K)->0K(70656K) Eden: 0K(8192K)->0K(9728K) From: 18976K(62464K)->0K(60928K)
[1.608s][info][gc,heap        ] GC(48) ParOldGen: 229482K(249344K)->248024K(294400K)
[1.608s][info][gc,metaspace   ] GC(48) Metaspace: 6302K(6528K)->6302K(6528K) NonClass: 5769K(5888K)->5769K(5888K) Class: 533K(640K)->533K(640K)
[1.608s][info][gc             ] GC(48) Pause Full (Ergonomics) 242M->242M(356M) 79.338ms
[1.608s][info][gc,cpu         ] GC(48) User=0.36s Sys=0.02s Real=0.08s
[1.619s][info][gc,start       ] GC(49) Pause Young (Allocation Failure)
[1.625s][info][gc,heap        ] GC(49) PSYoungGen: 9728K(70656K)->9888K(70656K) Eden: 9728K(9728K)->0K(9728K) From: 0K(60928K)->9888K(60928K)
[1.625s][info][gc,heap        ] GC(49) ParOldGen: 248024K(294400K)->248024K(294400K)
[1.625s][info][gc,metaspace   ] GC(49) Metaspace: 6302K(6528K)->6302K(6528K) NonClass: 5769K(5888K)->5769K(5888K) Class: 533K(640K)->533K(640K)
[1.625s][info][gc             ] GC(49) Pause Young (Allocation Failure) 251M->251M(356M) 6.247ms
[1.625s][info][gc,cpu         ] GC(49) User=0.00s Sys=0.00s Real=0.01s
[1.636s][info][gc,start       ] GC(50) Pause Young (Allocation Failure)
[1.647s][info][gc,heap        ] GC(50) PSYoungGen: 19616K(70656K)->19616K(66560K) Eden: 9728K(9728K)->0K(11264K) From: 9888K(60928K)->19616K(55296K)
[1.647s][info][gc,heap        ] GC(50) ParOldGen: 248024K(294400K)->248024K(294400K)
[1.647s][info][gc,metaspace   ] GC(50) Metaspace: 6302K(6528K)->6302K(6528K) NonClass: 5769K(5888K)->5769K(5888K) Class: 533K(640K)->533K(640K)
[1.647s][info][gc             ] GC(50) Pause Young (Allocation Failure) 261M->261M(352M) 11.111ms
[1.647s][info][gc,cpu         ] GC(50) User=0.00s Sys=0.00s Real=0.01s
[1.659s][info][gc,start       ] GC(51) Pause Young (Allocation Failure)
[1.675s][info][gc,heap        ] GC(51) PSYoungGen: 30880K(66560K)->30816K(69120K) Eden: 11264K(11264K)->0K(11264K) From: 19616K(55296K)->30816K(57856K)
[1.675s][info][gc,heap        ] GC(51) ParOldGen: 248024K(294400K)->248024K(294400K)
[1.675s][info][gc,metaspace   ] GC(51) Metaspace: 6302K(6528K)->6302K(6528K) NonClass: 5769K(5888K)->5769K(5888K) Class: 533K(640K)->533K(640K)
[1.675s][info][gc             ] GC(51) Pause Young (Allocation Failure) 272M->272M(355M) 15.522ms
[1.675s][info][gc,cpu         ] GC(51) User=0.00s Sys=0.00s Real=0.02s
[1.688s][info][gc,start       ] GC(52) Pause Young (Allocation Failure)
[1.708s][info][gc,heap        ] GC(52) PSYoungGen: 42080K(69120K)->42048K(66560K) Eden: 11264K(11264K)->0K(9728K) From: 30816K(57856K)->42048K(56832K)
[1.708s][info][gc,heap        ] GC(52) ParOldGen: 248024K(294400K)->248024K(294400K)
[1.708s][info][gc,metaspace   ] GC(52) Metaspace: 6302K(6528K)->6302K(6528K) NonClass: 5769K(5888K)->5769K(5888K) Class: 533K(640K)->533K(640K)
[1.708s][info][gc             ] GC(52) Pause Young (Allocation Failure) 283M->283M(352M) 20.559ms
[1.708s][info][gc,cpu         ] GC(52) User=0.09s Sys=0.00s Real=0.02s
[1.719s][info][gc,start       ] GC(53) Pause Young (Allocation Failure)
[1.744s][info][gc,heap        ] GC(53) PSYoungGen: 51776K(66560K)->42080K(69632K) Eden: 9728K(9728K)->0K(9728K) From: 42048K(56832K)->42080K(59904K)
[1.744s][info][gc,heap        ] GC(53) ParOldGen: 248024K(294400K)->257896K(294400K)
[1.744s][info][gc,metaspace   ] GC(53) Metaspace: 6302K(6528K)->6302K(6528K) NonClass: 5769K(5888K)->5769K(5888K) Class: 533K(640K)->533K(640K)
[1.744s][info][gc             ] GC(53) Pause Young (Allocation Failure) 292M->292M(355M) 24.910ms
[1.744s][info][gc,cpu         ] GC(53) User=0.12s Sys=0.02s Real=0.02s
[1.756s][info][gc,start       ] GC(54) Pause Young (Allocation Failure)
[1.781s][info][gc,heap        ] GC(54) PSYoungGen: 51808K(69632K)->30784K(68096K) Eden: 9728K(9728K)->0K(11264K) From: 42080K(59904K)->30784K(56832K)
[1.781s][info][gc,heap        ] GC(54) ParOldGen: 257896K(294400K)->279144K(294400K)
[1.781s][info][gc,metaspace   ] GC(54) Metaspace: 6302K(6528K)->6302K(6528K) NonClass: 5769K(5888K)->5769K(5888K) Class: 533K(640K)->533K(640K)
[1.781s][info][gc             ] GC(54) Pause Young (Allocation Failure) 302M->302M(354M) 24.982ms
[1.781s][info][gc,cpu         ] GC(54) User=0.23s Sys=0.00s Real=0.02s
[1.781s][info][gc,start       ] GC(55) Pause Full (Ergonomics)
[1.781s][info][gc,phases,start] GC(55) Marking Phase
[1.850s][info][gc,phases      ] GC(55) Marking Phase 69.620ms
[1.850s][info][gc,phases,start] GC(55) Summary Phase
[1.851s][info][gc,phases      ] GC(55) Summary Phase 0.019ms
[1.851s][info][gc,phases,start] GC(55) Adjust Roots
[1.851s][info][gc,phases      ] GC(55) Adjust Roots 0.172ms
[1.851s][info][gc,phases,start] GC(55) Compaction Phase
[1.883s][info][gc,phases      ] GC(55) Compaction Phase 32.485ms
[1.883s][info][gc,phases,start] GC(55) Post Compact
[1.885s][info][gc,phases      ] GC(55) Post Compact 1.690ms
[1.885s][info][gc,heap        ] GC(55) PSYoungGen: 30784K(68096K)->15296K(69632K) Eden: 0K(11264K)->0K(12800K) From: 30784K(56832K)->15296K(56832K)
[1.885s][info][gc,heap        ] GC(55) ParOldGen: 279144K(294400K)->293980K(345088K)
[1.885s][info][gc,metaspace   ] GC(55) Metaspace: 6302K(6528K)->6302K(6528K) NonClass: 5769K(5888K)->5769K(5888K) Class: 533K(640K)->533K(640K)
[1.885s][info][gc             ] GC(55) Pause Full (Ergonomics) 302M->302M(405M) 104.573ms
[1.885s][info][gc,cpu         ] GC(55) User=0.64s Sys=0.00s Real=0.11s
[1.900s][info][gc,start       ] GC(56) Pause Young (Allocation Failure)
[1.927s][info][gc,heap        ] GC(56) PSYoungGen: 28096K(69632K)->16992K(72192K) Eden: 12800K(12800K)->0K(12800K) From: 15296K(56832K)->16992K(59392K)
[1.927s][info][gc,heap        ] GC(56) ParOldGen: 293980K(345088K)->305372K(345088K)
[1.927s][info][gc,metaspace   ] GC(56) Metaspace: 6302K(6528K)->6302K(6528K) NonClass: 5769K(5888K)->5769K(5888K) Class: 533K(640K)->533K(640K)
[1.927s][info][gc             ] GC(56) Pause Young (Allocation Failure) 314M->314M(407M) 26.661ms
[1.927s][info][gc,cpu         ] GC(56) User=0.08s Sys=0.05s Real=0.03s
[1.942s][info][gc,start       ] GC(57) Pause Young (Allocation Failure)
[1.958s][info][gc,heap        ] GC(57) PSYoungGen: 29792K(72192K)->25760K(68096K) Eden: 12800K(12800K)->0K(14848K) From: 16992K(59392K)->25760K(53248K)
[1.958s][info][gc,heap        ] GC(57) ParOldGen: 305372K(345088K)->309532K(345088K)
[1.958s][info][gc,metaspace   ] GC(57) Metaspace: 6302K(6528K)->6302K(6528K) NonClass: 5769K(5888K)->5769K(5888K) Class: 533K(640K)->533K(640K)
[1.958s][info][gc             ] GC(57) Pause Young (Allocation Failure) 327M->327M(403M) 16.226ms
[1.958s][info][gc,cpu         ] GC(57) User=0.02s Sys=0.02s Real=0.02s
[1.975s][info][gc,start       ] GC(58) Pause Young (Allocation Failure)
[1.996s][info][gc,heap        ] GC(58) PSYoungGen: 40608K(68096K)->27808K(43008K) Eden: 14848K(14848K)->0K(14848K) From: 25760K(53248K)->27808K(28160K)
[1.996s][info][gc,heap        ] GC(58) ParOldGen: 309532K(345088K)->322516K(345088K)
[1.996s][info][gc,metaspace   ] GC(58) Metaspace: 6302K(6528K)->6302K(6528K) NonClass: 5769K(5888K)->5769K(5888K) Class: 533K(640K)->533K(640K)
[1.996s][info][gc             ] GC(58) Pause Young (Allocation Failure) 341M->342M(379M) 20.884ms
[1.996s][info][gc,cpu         ] GC(58) User=0.11s Sys=0.02s Real=0.02s
[1.996s][info][gc,start       ] GC(59) Pause Full (Ergonomics)
[1.996s][info][gc,phases,start] GC(59) Marking Phase
[2.071s][info][gc,phases      ] GC(59) Marking Phase 74.967ms
[2.071s][info][gc,phases,start] GC(59) Summary Phase
[2.071s][info][gc,phases      ] GC(59) Summary Phase 0.019ms
[2.071s][info][gc,phases,start] GC(59) Adjust Roots
[2.071s][info][gc,phases      ] GC(59) Adjust Roots 0.149ms
[2.071s][info][gc,phases,start] GC(59) Compaction Phase
[2.104s][info][gc,phases      ] GC(59) Compaction Phase 32.558ms
[2.104s][info][gc,phases,start] GC(59) Post Compact
[2.106s][info][gc,phases      ] GC(59) Post Compact 1.700ms
[2.106s][info][gc,heap        ] GC(59) PSYoungGen: 27808K(43008K)->4596K(43008K) Eden: 0K(14848K)->0K(14848K) From: 27808K(28160K)->4596K(28160K)
[2.106s][info][gc,heap        ] GC(59) ParOldGen: 322516K(345088K)->345039K(398336K)
[2.106s][info][gc,metaspace   ] GC(59) Metaspace: 6302K(6528K)->6302K(6528K) NonClass: 5769K(5888K)->5769K(5888K) Class: 533K(640K)->533K(640K)
[2.106s][info][gc             ] GC(59) Pause Full (Ergonomics) 342M->341M(431M) 109.980ms
[2.106s][info][gc,cpu         ] GC(59) User=0.66s Sys=0.00s Real=0.11s
[2.187s][info][gc,start       ] GC(60) Pause Young (Allocation Failure)
[2.212s][info][gc,heap        ] GC(60) PSYoungGen: 19444K(43008K)->16672K(68096K) Eden: 14848K(14848K)->0K(16896K) From: 4596K(28160K)->16672K(51200K)
[2.212s][info][gc,heap        ] GC(60) ParOldGen: 361423K(398336K)->364399K(398336K)
[2.212s][info][gc,metaspace   ] GC(60) Metaspace: 6302K(6528K)->6302K(6528K) NonClass: 5769K(5888K)->5769K(5888K) Class: 533K(640K)->533K(640K)
[2.212s][info][gc             ] GC(60) Pause Young (Allocation Failure) 371M->372M(455M) 24.709ms
[2.212s][info][gc,cpu         ] GC(60) User=0.14s Sys=0.00s Real=0.03s
[2.229s][info][gc,start       ] GC(61) Pause Young (Allocation Failure)
[2.246s][info][gc,heap        ] GC(61) PSYoungGen: 33568K(68096K)->33568K(69120K) Eden: 16896K(16896K)->0K(16896K) From: 16672K(51200K)->33568K(52224K)
[2.247s][info][gc,heap        ] GC(61) ParOldGen: 364399K(398336K)->364399K(398336K)
[2.247s][info][gc,metaspace   ] GC(61) Metaspace: 6302K(6528K)->6302K(6528K) NonClass: 5769K(5888K)->5769K(5888K) Class: 533K(640K)->533K(640K)
[2.247s][info][gc             ] GC(61) Pause Young (Allocation Failure) 388M->388M(456M) 17.856ms
[2.247s][info][gc,cpu         ] GC(61) User=0.12s Sys=0.00s Real=0.02s
[2.263s][info][gc,start       ] GC(62) Pause Young (Allocation Failure)
[2.289s][info][gc,heap        ] GC(62) PSYoungGen: 50464K(69120K)->48800K(65536K) Eden: 16896K(16896K)->0K(13312K) From: 33568K(52224K)->48800K(52224K)
[2.289s][info][gc,heap        ] GC(62) ParOldGen: 364399K(398336K)->366159K(398336K)
[2.289s][info][gc,metaspace   ] GC(62) Metaspace: 6302K(6528K)->6302K(6528K) NonClass: 5769K(5888K)->5769K(5888K) Class: 533K(640K)->533K(640K)
[2.289s][info][gc             ] GC(62) Pause Young (Allocation Failure) 405M->405M(453M) 25.813ms
[2.289s][info][gc,cpu         ] GC(62) User=0.05s Sys=0.02s Real=0.03s
[2.303s][info][gc,start       ] GC(63) Pause Young (Allocation Failure)
[2.332s][info][gc,heap        ] GC(63) PSYoungGen: 62112K(65536K)->47264K(71168K) Eden: 13312K(13312K)->0K(13312K) From: 48800K(52224K)->47264K(57856K)
[2.332s][info][gc,heap        ] GC(63) ParOldGen: 366159K(398336K)->381215K(398336K)
[2.332s][info][gc,metaspace   ] GC(63) Metaspace: 6302K(6528K)->6302K(6528K) NonClass: 5769K(5888K)->5769K(5888K) Class: 533K(640K)->533K(640K)
[2.332s][info][gc             ] GC(63) Pause Young (Allocation Failure) 418M->418M(458M) 29.474ms
[2.332s][info][gc,cpu         ] GC(63) User=0.09s Sys=0.00s Real=0.03s
[2.332s][info][gc,start       ] GC(64) Pause Full (Ergonomics)
[2.332s][info][gc,phases,start] GC(64) Marking Phase
[2.424s][info][gc,phases      ] GC(64) Marking Phase 91.734ms
[2.424s][info][gc,phases,start] GC(64) Summary Phase
[2.424s][info][gc,phases      ] GC(64) Summary Phase 0.020ms
[2.424s][info][gc,phases,start] GC(64) Adjust Roots
[2.424s][info][gc,phases      ] GC(64) Adjust Roots 0.177ms
[2.424s][info][gc,phases,start] GC(64) Compaction Phase
[2.509s][info][gc,phases      ] GC(64) Compaction Phase 84.989ms
[2.509s][info][gc,phases,start] GC(64) Post Compact
[2.513s][info][gc,phases      ] GC(64) Post Compact 3.610ms
[2.513s][info][gc,heap        ] GC(64) PSYoungGen: 47264K(71168K)->21461K(71168K) Eden: 0K(13312K)->0K(13312K) From: 47264K(57856K)->21461K(57856K)
[2.514s][info][gc,heap        ] GC(64) ParOldGen: 381215K(398336K)->398189K(454144K)
[2.514s][info][gc,metaspace   ] GC(64) Metaspace: 6302K(6528K)->6302K(6528K) NonClass: 5769K(5888K)->5769K(5888K) Class: 533K(640K)->533K(640K)
[2.514s][info][gc             ] GC(64) Pause Full (Ergonomics) 418M->409M(513M) 181.338ms
[2.514s][info][gc,cpu         ] GC(64) User=1.03s Sys=0.02s Real=0.18s
[2.532s][info][gc,start       ] GC(65) Pause Young (Allocation Failure)
[2.575s][info][gc,heap        ] GC(65) PSYoungGen: 34773K(71168K)->20352K(73216K) Eden: 13312K(13312K)->0K(14848K) From: 21461K(57856K)->20352K(58368K)
[2.575s][info][gc,heap        ] GC(65) ParOldGen: 398189K(454144K)->413005K(454144K)
[2.575s][info][gc,metaspace   ] GC(65) Metaspace: 6302K(6528K)->6302K(6528K) NonClass: 5769K(5888K)->5769K(5888K) Class: 533K(640K)->533K(640K)
[2.575s][info][gc             ] GC(65) Pause Young (Allocation Failure) 422M->423M(515M) 43.640ms
[2.575s][info][gc,cpu         ] GC(65) User=0.12s Sys=0.02s Real=0.04s
[2.591s][info][gc,start       ] GC(66) Pause Young (Allocation Failure)
[2.609s][info][gc,heap        ] GC(66) PSYoungGen: 35200K(73216K)->28256K(43520K) Eden: 14848K(14848K)->0K(14848K) From: 20352K(58368K)->28256K(28672K)
[2.609s][info][gc,heap        ] GC(66) ParOldGen: 413005K(454144K)->419973K(454144K)
[2.609s][info][gc,metaspace   ] GC(66) Metaspace: 6302K(6528K)->6302K(6528K) NonClass: 5769K(5888K)->5769K(5888K) Class: 533K(640K)->533K(640K)
[2.609s][info][gc             ] GC(66) Pause Young (Allocation Failure) 437M->437M(486M) 18.229ms
[2.609s][info][gc,cpu         ] GC(66) User=0.12s Sys=0.00s Real=0.02s
[2.626s][info][gc,start       ] GC(67) Pause Young (Allocation Failure)
[2.649s][info][gc,heap        ] GC(67) PSYoungGen: 43104K(43520K)->29824K(69632K) Eden: 14848K(14848K)->0K(16896K) From: 28256K(28672K)->29824K(52736K)
[2.649s][info][gc,heap        ] GC(67) ParOldGen: 419973K(454144K)->433477K(454144K)
[2.649s][info][gc,metaspace   ] GC(67) Metaspace: 6302K(6528K)->6302K(6528K) NonClass: 5769K(5888K)->5769K(5888K) Class: 533K(640K)->533K(640K)
[2.649s][info][gc             ] GC(67) Pause Young (Allocation Failure) 452M->452M(511M) 23.253ms
[2.649s][info][gc,cpu         ] GC(67) User=0.12s Sys=0.00s Real=0.02s
[2.649s][info][gc,start       ] GC(68) Pause Full (Ergonomics)
[2.649s][info][gc,phases,start] GC(68) Marking Phase
[2.754s][info][gc,phases      ] GC(68) Marking Phase 105.376ms
[2.754s][info][gc,phases,start] GC(68) Summary Phase
[2.754s][info][gc,phases      ] GC(68) Summary Phase 0.027ms
[2.754s][info][gc,phases,start] GC(68) Adjust Roots
[2.755s][info][gc,phases      ] GC(68) Adjust Roots 0.186ms
[2.755s][info][gc,phases,start] GC(68) Compaction Phase
[2.808s][info][gc,phases      ] GC(68) Compaction Phase 53.655ms
[2.808s][info][gc,phases,start] GC(68) Post Compact
[2.811s][info][gc,phases      ] GC(68) Post Compact 2.706ms
[2.811s][info][gc,heap        ] GC(68) PSYoungGen: 29824K(69632K)->8688K(71680K) Eden: 0K(16896K)->0K(18944K) From: 29824K(52736K)->8688K(52736K)
[2.811s][info][gc,heap        ] GC(68) ParOldGen: 433477K(454144K)->453880K(513536K)
[2.811s][info][gc,metaspace   ] GC(68) Metaspace: 6302K(6528K)->6302K(6528K) NonClass: 5769K(5888K)->5769K(5888K) Class: 533K(640K)->533K(640K)
[2.811s][info][gc             ] GC(68) Pause Full (Ergonomics) 452M->451M(571M) 162.550ms
[2.812s][info][gc,cpu         ] GC(68) User=0.97s Sys=0.00s Real=0.16s
[2.832s][info][gc,start       ] GC(69) Pause Young (Allocation Failure)
[2.866s][info][gc,heap        ] GC(69) PSYoungGen: 27632K(71680K)->23392K(74240K) Eden: 18944K(18944K)->0K(18944K) From: 8688K(52736K)->23392K(55296K)
[2.866s][info][gc,heap        ] GC(69) ParOldGen: 453880K(513536K)->458320K(513536K)
[2.866s][info][gc,metaspace   ] GC(69) Metaspace: 6302K(6528K)->6302K(6528K) NonClass: 5769K(5888K)->5769K(5888K) Class: 533K(640K)->533K(640K)
[2.866s][info][gc             ] GC(69) Pause Young (Allocation Failure) 470M->470M(574M) 33.438ms
[2.866s][info][gc,cpu         ] GC(69) User=0.16s Sys=0.00s Real=0.03s
[2.887s][info][gc,start       ] GC(70) Pause Young (Allocation Failure)
[2.910s][info][gc,heap        ] GC(70) PSYoungGen: 42336K(74240K)->42432K(72192K) Eden: 18944K(18944K)->0K(18432K) From: 23392K(55296K)->42432K(53760K)
[2.910s][info][gc,heap        ] GC(70) ParOldGen: 458320K(513536K)->458320K(513536K)
[2.910s][info][gc,metaspace   ] GC(70) Metaspace: 6302K(6528K)->6302K(6528K) NonClass: 5769K(5888K)->5769K(5888K) Class: 533K(640K)->533K(640K)
[2.910s][info][gc             ] GC(70) Pause Young (Allocation Failure) 488M->489M(572M) 22.683ms
[2.910s][info][gc,cpu         ] GC(70) User=0.12s Sys=0.00s Real=0.02s
[2.930s][info][gc,start       ] GC(71) Pause Young (Allocation Failure)
[2.961s][info][gc,heap        ] GC(71) PSYoungGen: 60864K(72192K)->56320K(74752K) Eden: 18432K(18432K)->0K(18432K) From: 42432K(53760K)->56320K(56320K)
[2.961s][info][gc,heap        ] GC(71) ParOldGen: 458320K(513536K)->462760K(513536K)
[2.961s][info][gc,metaspace   ] GC(71) Metaspace: 6302K(6528K)->6302K(6528K) NonClass: 5769K(5888K)->5769K(5888K) Class: 533K(640K)->533K(640K)
[2.961s][info][gc             ] GC(71) Pause Young (Allocation Failure) 507M->506M(574M) 31.481ms
[2.961s][info][gc,cpu         ] GC(71) User=0.14s Sys=0.00s Real=0.03s
[2.985s][info][gc,start       ] GC(72) Pause Young (Allocation Failure)
[3.023s][info][gc,heap        ] GC(72) PSYoungGen: 74752K(74752K)->53408K(81408K) Eden: 18432K(18432K)->0K(16384K) From: 56320K(56320K)->53408K(65024K)
[3.024s][info][gc,heap        ] GC(72) ParOldGen: 462760K(513536K)->484528K(513536K)
[3.024s][info][gc,metaspace   ] GC(72) Metaspace: 6302K(6528K)->6302K(6528K) NonClass: 5769K(5888K)->5769K(5888K) Class: 533K(640K)->533K(640K)
[3.024s][info][gc             ] GC(72) Pause Young (Allocation Failure) 524M->525M(581M) 38.703ms
[3.024s][info][gc,cpu         ] GC(72) User=0.17s Sys=0.05s Real=0.04s
[3.043s][info][gc,start       ] GC(73) Pause Young (Allocation Failure)
[3.077s][info][gc,heap        ] GC(73) PSYoungGen: 69792K(81408K)->52288K(85504K) Eden: 16384K(16384K)->0K(16384K) From: 53408K(65024K)->52288K(69120K)
[3.077s][info][gc,heap        ] GC(73) ParOldGen: 484528K(513536K)->502288K(513536K)
[3.077s][info][gc,metaspace   ] GC(73) Metaspace: 6302K(6528K)->6302K(6528K) NonClass: 5769K(5888K)->5769K(5888K) Class: 533K(640K)->533K(640K)
[3.077s][info][gc             ] GC(73) Pause Young (Allocation Failure) 541M->541M(585M) 34.061ms
[3.077s][info][gc,cpu         ] GC(73) User=0.25s Sys=0.00s Real=0.03s
[3.077s][info][gc,start       ] GC(74) Pause Full (Ergonomics)
[3.077s][info][gc,phases,start] GC(74) Marking Phase
[3.195s][info][gc,phases      ] GC(74) Marking Phase 117.911ms
[3.195s][info][gc,phases,start] GC(74) Summary Phase
[3.195s][info][gc,phases      ] GC(74) Summary Phase 0.020ms
[3.195s][info][gc,phases,start] GC(74) Adjust Roots
[3.195s][info][gc,phases      ] GC(74) Adjust Roots 0.159ms
[3.195s][info][gc,phases,start] GC(74) Compaction Phase
[3.258s][info][gc,phases      ] GC(74) Compaction Phase 63.181ms
[3.258s][info][gc,phases,start] GC(74) Post Compact
[3.261s][info][gc,phases      ] GC(74) Post Compact 2.953ms
[3.262s][info][gc,heap        ] GC(74) PSYoungGen: 52288K(85504K)->40253K(85504K) Eden: 0K(16384K)->0K(16384K) From: 52288K(69120K)->40253K(69120K)
[3.262s][info][gc,heap        ] GC(74) ParOldGen: 502288K(513536K)->513292K(580096K)
[3.262s][info][gc,metaspace   ] GC(74) Metaspace: 6302K(6528K)->6302K(6528K) NonClass: 5769K(5888K)->5769K(5888K) Class: 533K(640K)->533K(640K)
[3.262s][info][gc             ] GC(74) Pause Full (Ergonomics) 541M->540M(650M) 184.814ms
[3.262s][info][gc,cpu         ] GC(74) User=1.20s Sys=0.02s Real=0.19s
[3.280s][info][gc,start       ] GC(75) Pause Young (Allocation Failure)
[3.331s][info][gc,heap        ] GC(75) PSYoungGen: 56637K(85504K)->29248K(86016K) Eden: 16384K(16384K)->0K(18432K) From: 40253K(69120K)->29248K(67584K)
[3.331s][info][gc,heap        ] GC(75) ParOldGen: 513292K(580096K)->541292K(580096K)
[3.331s][info][gc,metaspace   ] GC(75) Metaspace: 6302K(6528K)->6302K(6528K) NonClass: 5769K(5888K)->5769K(5888K) Class: 533K(640K)->533K(640K)
[3.331s][info][gc             ] GC(75) Pause Young (Allocation Failure) 556M->557M(650M) 50.234ms
[3.331s][info][gc,cpu         ] GC(75) User=0.19s Sys=0.06s Real=0.05s
[3.351s][info][gc,start       ] GC(76) Pause Young (Allocation Failure)
[3.377s][info][gc,heap        ] GC(76) PSYoungGen: 47680K(86016K)->34976K(53760K) Eden: 18432K(18432K)->0K(18432K) From: 29248K(67584K)->34976K(35328K)
[3.377s][info][gc,heap        ] GC(76) ParOldGen: 541292K(580096K)->554188K(580096K)
[3.377s][info][gc,metaspace   ] GC(76) Metaspace: 6302K(6528K)->6302K(6528K) NonClass: 5769K(5888K)->5769K(5888K) Class: 533K(640K)->533K(640K)
[3.377s][info][gc             ] GC(76) Pause Young (Allocation Failure) 575M->575M(619M) 25.271ms
[3.377s][info][gc,cpu         ] GC(76) User=0.12s Sys=0.00s Real=0.03s
[3.377s][info][gc,start       ] GC(77) Pause Full (Ergonomics)
[3.377s][info][gc,phases,start] GC(77) Marking Phase
[3.506s][info][gc,phases      ] GC(77) Marking Phase 129.241ms
[3.506s][info][gc,phases,start] GC(77) Summary Phase
[3.506s][info][gc,phases      ] GC(77) Summary Phase 0.028ms
[3.506s][info][gc,phases,start] GC(77) Adjust Roots
[3.506s][info][gc,phases      ] GC(77) Adjust Roots 0.149ms
[3.506s][info][gc,phases,start] GC(77) Compaction Phase
[3.561s][info][gc,phases      ] GC(77) Compaction Phase 54.286ms
[3.561s][info][gc,phases,start] GC(77) Post Compact
[3.562s][info][gc,phases      ] GC(77) Post Compact 0.953ms
[3.562s][info][gc,heap        ] GC(77) PSYoungGen: 34976K(53760K)->8695K(53760K) Eden: 0K(18432K)->0K(18432K) From: 34976K(35328K)->8695K(35328K)
[3.562s][info][gc,heap        ] GC(77) ParOldGen: 554188K(580096K)->579603K(654336K)
[3.562s][info][gc,metaspace   ] GC(77) Metaspace: 6302K(6528K)->6302K(6528K) NonClass: 5769K(5888K)->5769K(5888K) Class: 533K(640K)->533K(640K)
[3.562s][info][gc             ] GC(77) Pause Full (Ergonomics) 575M->574M(691M) 185.233ms
[3.562s][info][gc,cpu         ] GC(77) User=1.17s Sys=0.06s Real=0.18s
[3.584s][info][gc,start       ] GC(78) Pause Young (Allocation Failure)
[3.621s][info][gc,heap        ] GC(78) PSYoungGen: 27127K(53760K)->22176K(86016K) Eden: 18432K(18432K)->0K(20480K) From: 8695K(35328K)->22176K(65536K)
[3.622s][info][gc,heap        ] GC(78) ParOldGen: 579603K(654336K)->584779K(654336K)
[3.622s][info][gc,metaspace   ] GC(78) Metaspace: 6302K(6528K)->6302K(6528K) NonClass: 5769K(5888K)->5769K(5888K) Class: 533K(640K)->533K(640K)
[3.622s][info][gc             ] GC(78) Pause Young (Allocation Failure) 592M->592M(723M) 37.893ms
[3.622s][info][gc,cpu         ] GC(78) User=0.27s Sys=0.00s Real=0.04s
[3.647s][info][gc,start       ] GC(79) Pause Young (Allocation Failure)
[3.671s][info][gc,heap        ] GC(79) PSYoungGen: 42656K(86016K)->42688K(86528K) Eden: 20480K(20480K)->0K(20480K) From: 22176K(65536K)->42688K(66048K)
[3.671s][info][gc,heap        ] GC(79) ParOldGen: 584779K(654336K)->584779K(654336K)
[3.671s][info][gc,metaspace   ] GC(79) Metaspace: 6302K(6528K)->6302K(6528K) NonClass: 5769K(5888K)->5769K(5888K) Class: 533K(640K)->533K(640K)
[3.671s][info][gc             ] GC(79) Pause Young (Allocation Failure) 612M->612M(723M) 23.705ms
[3.671s][info][gc,cpu         ] GC(79) User=0.12s Sys=0.00s Real=0.02s
[3.697s][info][gc,start       ] GC(80) Pause Young (Allocation Failure)
[3.729s][info][gc,heap        ] GC(80) PSYoungGen: 63168K(86528K)->63168K(81408K) Eden: 20480K(20480K)->0K(15360K) From: 42688K(66048K)->63168K(66048K)
[3.729s][info][gc,heap        ] GC(80) ParOldGen: 584779K(654336K)->584779K(654336K)
[3.729s][info][gc,metaspace   ] GC(80) Metaspace: 6302K(6528K)->6302K(6528K) NonClass: 5769K(5888K)->5769K(5888K) Class: 533K(640K)->533K(640K)
[3.729s][info][gc             ] GC(80) Pause Young (Allocation Failure) 632M->632M(718M) 32.138ms
[3.729s][info][gc,cpu         ] GC(80) User=0.12s Sys=0.00s Real=0.03s
[3.746s][info][gc,start       ] GC(81) Pause Young (Allocation Failure)
[3.784s][info][gc,heap        ] GC(81) PSYoungGen: 78528K(81408K)->73216K(88576K) Eden: 15360K(15360K)->0K(15360K) From: 63168K(66048K)->73216K(73216K)
[3.784s][info][gc,heap        ] GC(81) ParOldGen: 584779K(654336K)->590067K(654336K)
[3.784s][info][gc,metaspace   ] GC(81) Metaspace: 6302K(6528K)->6302K(6528K) NonClass: 5769K(5888K)->5769K(5888K) Class: 533K(640K)->533K(640K)
[3.784s][info][gc             ] GC(81) Pause Young (Allocation Failure) 647M->647M(725M) 38.500ms
[3.784s][info][gc,cpu         ] GC(81) User=0.25s Sys=0.00s Real=0.04s
[3.803s][info][gc,start       ] GC(82) Pause Young (Allocation Failure)
[3.848s][info][gc,heap        ] GC(82) PSYoungGen: 88576K(88576K)->68512K(96256K) Eden: 15360K(15360K)->0K(11776K) From: 73216K(73216K)->68512K(84480K)
[3.848s][info][gc,heap        ] GC(82) ParOldGen: 590067K(654336K)->610523K(654336K)
[3.848s][info][gc,metaspace   ] GC(82) Metaspace: 6302K(6528K)->6302K(6528K) NonClass: 5769K(5888K)->5769K(5888K) Class: 533K(640K)->533K(640K)
[3.848s][info][gc             ] GC(82) Pause Young (Allocation Failure) 662M->663M(733M) 44.465ms
[3.848s][info][gc,cpu         ] GC(82) User=0.28s Sys=0.05s Real=0.05s
[3.863s][info][gc,start       ] GC(83) Pause Young (Allocation Failure)
[3.901s][info][gc,heap        ] GC(83) PSYoungGen: 80288K(96256K)->41440K(53248K) Eden: 11776K(11776K)->0K(11776K) From: 68512K(84480K)->41440K(41472K)
[3.901s][info][gc,heap        ] GC(83) ParOldGen: 610523K(654336K)->649883K(654336K)
[3.901s][info][gc,metaspace   ] GC(83) Metaspace: 6302K(6528K)->6302K(6528K) NonClass: 5769K(5888K)->5769K(5888K) Class: 533K(640K)->533K(640K)
[3.901s][info][gc             ] GC(83) Pause Young (Allocation Failure) 674M->675M(691M) 38.368ms
[3.901s][info][gc,cpu         ] GC(83) User=0.25s Sys=0.00s Real=0.04s
[3.901s][info][gc,start       ] GC(84) Pause Full (Ergonomics)
[3.901s][info][gc,phases,start] GC(84) Marking Phase
[4.050s][info][gc,phases      ] GC(84) Marking Phase 148.973ms
[4.050s][info][gc,phases,start] GC(84) Summary Phase
[4.050s][info][gc,phases      ] GC(84) Summary Phase 0.022ms
[4.050s][info][gc,phases,start] GC(84) Adjust Roots
[4.050s][info][gc,phases      ] GC(84) Adjust Roots 0.149ms
[4.050s][info][gc,phases,start] GC(84) Compaction Phase
[4.113s][info][gc,phases      ] GC(84) Compaction Phase 62.590ms
[4.113s][info][gc,phases,start] GC(84) Post Compact
[4.114s][info][gc,phases      ] GC(84) Post Compact 1.079ms
[4.114s][info][gc,heap        ] GC(84) PSYoungGen: 41440K(53248K)->36090K(53248K) Eden: 0K(11776K)->0K(11776K) From: 41440K(41472K)->36090K(41472K)
[4.114s][info][gc,heap        ] GC(84) ParOldGen: 649883K(654336K)->653910K(740864K)
[4.114s][info][gc,metaspace   ] GC(84) Metaspace: 6302K(6528K)->6302K(6528K) NonClass: 5769K(5888K)->5769K(5888K) Class: 533K(640K)->533K(640K)
[4.115s][info][gc             ] GC(84) Pause Full (Ergonomics) 675M->673M(775M) 213.477ms
[4.115s][info][gc,cpu         ] GC(84) User=1.44s Sys=0.03s Real=0.21s
[4.130s][info][gc,start       ] GC(85) Pause Young (Allocation Failure)
[4.179s][info][gc,heap        ] GC(85) PSYoungGen: 47866K(53248K)->21664K(99328K) Eden: 11776K(11776K)->0K(13312K) From: 36090K(41472K)->21664K(86016K)
[4.179s][info][gc,heap        ] GC(85) ParOldGen: 653910K(740864K)->680662K(740864K)
[4.179s][info][gc,metaspace   ] GC(85) Metaspace: 6302K(6528K)->6302K(6528K) NonClass: 5769K(5888K)->5769K(5888K) Class: 533K(640K)->533K(640K)
[4.179s][info][gc             ] GC(85) Pause Young (Allocation Failure) 685M->685M(820M) 48.585ms
[4.179s][info][gc,cpu         ] GC(85) User=0.33s Sys=0.02s Real=0.05s
[4.318s][info][gc,start       ] GC(86) Pause Full (Ergonomics)
[4.318s][info][gc,phases,start] GC(86) Marking Phase
[4.487s][info][gc,phases      ] GC(86) Marking Phase 169.073ms
[4.487s][info][gc,phases,start] GC(86) Summary Phase
[4.488s][info][gc,phases      ] GC(86) Summary Phase 0.031ms
[4.488s][info][gc,phases,start] GC(86) Adjust Roots
[4.488s][info][gc,phases      ] GC(86) Adjust Roots 0.161ms
[4.488s][info][gc,phases,start] GC(86) Compaction Phase
[4.606s][info][gc,phases      ] GC(86) Compaction Phase 118.116ms
[4.606s][info][gc,phases,start] GC(86) Post Compact
[4.607s][info][gc,phases      ] GC(86) Post Compact 1.573ms
[4.608s][info][gc,heap        ] GC(86) PSYoungGen: 34976K(99328K)->0K(99328K) Eden: 13312K(13312K)->0K(13312K) From: 21664K(86016K)->0K(86016K)
[4.608s][info][gc,heap        ] GC(86) ParOldGen: 713430K(740864K)->731405K(826368K)
[4.608s][info][gc,metaspace   ] GC(86) Metaspace: 6302K(6528K)->6302K(6528K) NonClass: 5769K(5888K)->5769K(5888K) Class: 533K(640K)->533K(640K)
[4.608s][info][gc             ] GC(86) Pause Full (Ergonomics) 730M->714M(904M) 289.671ms
[4.608s][info][gc,cpu         ] GC(86) User=1.95s Sys=0.03s Real=0.29s
[4.624s][info][gc,start       ] GC(87) Pause Young (Allocation Failure)
[4.638s][info][gc,heap        ] GC(87) PSYoungGen: 13312K(99328K)->13376K(100352K) Eden: 13312K(13312K)->0K(14336K) From: 0K(86016K)->13376K(86016K)
[4.638s][info][gc,heap        ] GC(87) ParOldGen: 731405K(826368K)->731405K(826368K)
[4.638s][info][gc,metaspace   ] GC(87) Metaspace: 6302K(6528K)->6302K(6528K) NonClass: 5769K(5888K)->5769K(5888K) Class: 533K(640K)->533K(640K)
[4.638s][info][gc             ] GC(87) Pause Young (Allocation Failure) 727M->727M(905M) 13.624ms
[4.638s][info][gc,cpu         ] GC(87) User=0.02s Sys=0.00s Real=0.01s
[4.653s][info][gc,start       ] GC(88) Pause Young (Allocation Failure)
[4.669s][info][gc,heap        ] GC(88) PSYoungGen: 27712K(100352K)->27744K(42496K) Eden: 14336K(14336K)->0K(14336K) From: 13376K(86016K)->27744K(28160K)
[4.669s][info][gc,heap        ] GC(88) ParOldGen: 731405K(826368K)->731405K(826368K)
[4.669s][info][gc,metaspace   ] GC(88) Metaspace: 6302K(6528K)->6302K(6528K) NonClass: 5769K(5888K)->5769K(5888K) Class: 533K(640K)->533K(640K)
[4.669s][info][gc             ] GC(88) Pause Young (Allocation Failure) 741M->741M(848M) 16.351ms
[4.669s][info][gc,cpu         ] GC(88) User=0.02s Sys=0.00s Real=0.02s
[4.685s][info][gc,start       ] GC(89) Pause Young (Allocation Failure)
[4.707s][info][gc,heap        ] GC(89) PSYoungGen: 42080K(42496K)->42080K(93696K) Eden: 14336K(14336K)->0K(15872K) From: 27744K(28160K)->42080K(77824K)
[4.707s][info][gc,heap        ] GC(89) ParOldGen: 731405K(826368K)->731405K(826368K)
[4.707s][info][gc,metaspace   ] GC(89) Metaspace: 6302K(6528K)->6302K(6528K) NonClass: 5769K(5888K)->5769K(5888K) Class: 533K(640K)->533K(640K)
[4.707s][info][gc             ] GC(89) Pause Young (Allocation Failure) 755M->755M(898M) 22.639ms
[4.707s][info][gc,cpu         ] GC(89) User=0.11s Sys=0.00s Real=0.02s
[4.724s][info][gc,start       ] GC(90) Pause Young (Allocation Failure)
[4.752s][info][gc,heap        ] GC(90) PSYoungGen: 57952K(93696K)->57920K(96768K) Eden: 15872K(15872K)->0K(15872K) From: 42080K(77824K)->57920K(80896K)
[4.752s][info][gc,heap        ] GC(90) ParOldGen: 731405K(826368K)->731405K(826368K)
[4.752s][info][gc,metaspace   ] GC(90) Metaspace: 6302K(6528K)->6302K(6528K) NonClass: 5769K(5888K)->5769K(5888K) Class: 533K(640K)->533K(640K)
[4.752s][info][gc             ] GC(90) Pause Young (Allocation Failure) 770M->770M(901M) 27.942ms
[4.752s][info][gc,cpu         ] GC(90) User=0.14s Sys=0.00s Real=0.03s
[4.768s][info][gc,start       ] GC(91) Pause Young (Allocation Failure)
[4.803s][info][gc,heap        ] GC(91) PSYoungGen: 73792K(96768K)->73888K(93184K) Eden: 15872K(15872K)->0K(9728K) From: 57920K(80896K)->73888K(83456K)
[4.803s][info][gc,heap        ] GC(91) ParOldGen: 731405K(826368K)->731405K(826368K)
[4.803s][info][gc,metaspace   ] GC(91) Metaspace: 6302K(6528K)->6302K(6528K) NonClass: 5769K(5888K)->5769K(5888K) Class: 533K(640K)->533K(640K)
[4.803s][info][gc             ] GC(91) Pause Young (Allocation Failure) 786M->786M(898M) 34.867ms
[4.803s][info][gc,cpu         ] GC(91) User=0.22s Sys=0.00s Real=0.03s
[4.813s][info][gc,start       ] GC(92) Pause Young (Allocation Failure)
[4.851s][info][gc,heap        ] GC(92) PSYoungGen: 83616K(93184K)->70272K(101376K) Eden: 9728K(9728K)->0K(9728K) From: 73888K(83456K)->70272K(91648K)
[4.851s][info][gc,heap        ] GC(92) ParOldGen: 731405K(826368K)->744893K(826368K)
[4.851s][info][gc,metaspace   ] GC(92) Metaspace: 6302K(6528K)->6302K(6528K) NonClass: 5769K(5888K)->5769K(5888K) Class: 533K(640K)->533K(640K)
[4.851s][info][gc             ] GC(92) Pause Young (Allocation Failure) 795M->796M(906M) 37.685ms
[4.851s][info][gc,cpu         ] GC(92) User=0.23s Sys=0.00s Real=0.04s
[4.861s][info][gc,start       ] GC(93) Pause Young (Allocation Failure)
[4.898s][info][gc,heap        ] GC(93) PSYoungGen: 80000K(101376K)->51296K(100864K) Eden: 9728K(9728K)->0K(11264K) From: 70272K(91648K)->51296K(89600K)
[4.898s][info][gc,heap        ] GC(93) ParOldGen: 744893K(826368K)->773925K(826368K)
[4.898s][info][gc,metaspace   ] GC(93) Metaspace: 6302K(6528K)->6302K(6528K) NonClass: 5769K(5888K)->5769K(5888K) Class: 533K(640K)->533K(640K)
[4.898s][info][gc             ] GC(93) Pause Young (Allocation Failure) 805M->805M(905M) 37.455ms
[4.898s][info][gc,cpu         ] GC(93) User=0.25s Sys=0.00s Real=0.04s
[4.910s][info][gc,start       ] GC(94) Pause Young (Allocation Failure)
[4.941s][info][gc,heap        ] GC(94) PSYoungGen: 62560K(100864K)->30784K(104448K) Eden: 11264K(11264K)->0K(11264K) From: 51296K(89600K)->30784K(93184K)
[4.941s][info][gc,heap        ] GC(94) ParOldGen: 773925K(826368K)->806069K(826368K)
[4.941s][info][gc,metaspace   ] GC(94) Metaspace: 6302K(6528K)->6302K(6528K) NonClass: 5769K(5888K)->5769K(5888K) Class: 533K(640K)->533K(640K)
[4.941s][info][gc             ] GC(94) Pause Young (Allocation Failure) 816M->817M(909M) 31.126ms
[4.941s][info][gc,cpu         ] GC(94) User=0.11s Sys=0.00s Real=0.03s
[4.941s][info][gc,start       ] GC(95) Pause Full (Ergonomics)
[4.941s][info][gc,phases,start] GC(95) Marking Phase
[5.129s][info][gc,phases      ] GC(95) Marking Phase 187.105ms
[5.129s][info][gc,phases,start] GC(95) Summary Phase
[5.129s][info][gc,phases      ] GC(95) Summary Phase 0.023ms
[5.129s][info][gc,phases,start] GC(95) Adjust Roots
[5.129s][info][gc,phases      ] GC(95) Adjust Roots 0.149ms
[5.129s][info][gc,phases,start] GC(95) Compaction Phase
[5.216s][info][gc,phases      ] GC(95) Compaction Phase 87.655ms
[5.217s][info][gc,phases,start] GC(95) Post Compact
[5.218s][info][gc,phases      ] GC(95) Post Compact 1.728ms
[5.219s][info][gc,heap        ] GC(95) PSYoungGen: 30784K(104448K)->9678K(104448K) Eden: 0K(11264K)->0K(11264K) From: 30784K(93184K)->9678K(93184K)
[5.219s][info][gc,heap        ] GC(95) ParOldGen: 806069K(826368K)->825919K(929792K)
[5.219s][info][gc,metaspace   ] GC(95) Metaspace: 6302K(6528K)->6302K(6528K) NonClass: 5769K(5888K)->5769K(5888K) Class: 533K(640K)->533K(640K)
[5.219s][info][gc             ] GC(95) Pause Full (Ergonomics) 817M->816M(1010M) 277.371ms
[5.219s][info][gc,cpu         ] GC(95) User=1.92s Sys=0.05s Real=0.28s
[5.232s][info][gc,start       ] GC(96) Pause Young (Allocation Failure)
[5.277s][info][gc,heap        ] GC(96) PSYoungGen: 20942K(104448K)->15392K(104448K) Eden: 11264K(11264K)->0K(12800K) From: 9678K(93184K)->15392K(91648K)
[5.277s][info][gc,heap        ] GC(96) ParOldGen: 825919K(929792K)->831735K(929792K)
[5.277s][info][gc,metaspace   ] GC(96) Metaspace: 6302K(6528K)->6302K(6528K) NonClass: 5769K(5888K)->5769K(5888K) Class: 533K(640K)->533K(640K)
[5.277s][info][gc             ] GC(96) Pause Young (Allocation Failure) 827M->827M(1010M) 45.003ms
[5.277s][info][gc,cpu         ] GC(96) User=0.25s Sys=0.00s Real=0.04s
[5.292s][info][gc,start       ] GC(97) Pause Young (Allocation Failure)
[5.309s][info][gc,heap        ] GC(97) PSYoungGen: 28192K(104448K)->24224K(37376K) Eden: 12800K(12800K)->0K(12800K) From: 15392K(91648K)->24224K(24576K)
[5.309s][info][gc,heap        ] GC(97) ParOldGen: 831735K(929792K)->835791K(929792K)
[5.309s][info][gc,metaspace   ] GC(97) Metaspace: 6302K(6528K)->6302K(6528K) NonClass: 5769K(5888K)->5769K(5888K) Class: 533K(640K)->533K(640K)
[5.309s][info][gc             ] GC(97) Pause Young (Allocation Failure) 839M->839M(944M) 17.179ms
[5.309s][info][gc,cpu         ] GC(97) User=0.03s Sys=0.00s Real=0.02s
[5.322s][info][gc,start       ] GC(98) Pause Young (Allocation Failure)
[5.344s][info][gc,heap        ] GC(98) PSYoungGen: 37024K(37376K)->25696K(100352K) Eden: 12800K(12800K)->0K(14336K) From: 24224K(24576K)->25696K(86016K)
[5.345s][info][gc,heap        ] GC(98) ParOldGen: 835791K(929792K)->847215K(929792K)
[5.345s][info][gc,metaspace   ] GC(98) Metaspace: 6302K(6528K)->6302K(6528K) NonClass: 5769K(5888K)->5769K(5888K) Class: 533K(640K)->533K(640K)
[5.345s][info][gc             ] GC(98) Pause Young (Allocation Failure) 852M->852M(1006M) 22.137ms
[5.345s][info][gc,cpu         ] GC(98) User=0.00s Sys=0.00s Real=0.02s
[5.360s][info][gc,start       ] GC(99) Pause Young (Allocation Failure)
[5.384s][info][gc,heap        ] GC(99) PSYoungGen: 40032K(100352K)->14432K(102400K) Eden: 14336K(14336K)->0K(14336K) From: 25696K(86016K)->14432K(88064K)
[5.384s][info][gc,heap        ] GC(99) ParOldGen: 847215K(929792K)->873127K(929792K)
[5.384s][info][gc,metaspace   ] GC(99) Metaspace: 6302K(6528K)->6302K(6528K) NonClass: 5769K(5888K)->5769K(5888K) Class: 533K(640K)->533K(640K)
[5.384s][info][gc             ] GC(99) Pause Young (Allocation Failure) 866M->866M(1008M) 23.331ms
[5.384s][info][gc,cpu         ] GC(99) User=0.03s Sys=0.02s Real=0.02s
[5.400s][info][gc,start       ] GC(100) Pause Young (Allocation Failure)
[5.418s][info][gc,heap        ] GC(100) PSYoungGen: 28768K(102400K)->14432K(101376K) Eden: 14336K(14336K)->0K(16384K) From: 14432K(88064K)->14432K(84992K)
[5.418s][info][gc,heap        ] GC(100) ParOldGen: 873127K(929792K)->887663K(929792K)
[5.418s][info][gc,metaspace   ] GC(100) Metaspace: 6302K(6528K)->6302K(6528K) NonClass: 5769K(5888K)->5769K(5888K) Class: 533K(640K)->533K(640K)
[5.418s][info][gc             ] GC(100) Pause Young (Allocation Failure) 880M->880M(1007M) 18.542ms
[5.418s][info][gc,cpu         ] GC(100) User=0.03s Sys=0.00s Real=0.02s
[5.436s][info][gc,start       ] GC(101) Pause Young (Allocation Failure)
[5.456s][info][gc,heap        ] GC(101) PSYoungGen: 30816K(101376K)->16544K(102400K) Eden: 16384K(16384K)->0K(16384K) From: 14432K(84992K)->16544K(86016K)
[5.456s][info][gc,heap        ] GC(101) ParOldGen: 887663K(929792K)->902199K(929792K)
[5.456s][info][gc,metaspace   ] GC(101) Metaspace: 6302K(6528K)->6302K(6528K) NonClass: 5769K(5888K)->5769K(5888K) Class: 533K(640K)->533K(640K)
[5.456s][info][gc             ] GC(101) Pause Young (Allocation Failure) 896M->897M(1008M) 19.960ms
[5.456s][info][gc,cpu         ] GC(101) User=0.03s Sys=0.00s Real=0.02s
[5.456s][info][gc,start       ] GC(102) Pause Full (Ergonomics)
[5.456s][info][gc,phases,start] GC(102) Marking Phase
[5.666s][info][gc,phases      ] GC(102) Marking Phase 209.593ms
[5.666s][info][gc,phases,start] GC(102) Summary Phase
[5.666s][info][gc,phases      ] GC(102) Summary Phase 0.047ms
[5.666s][info][gc,phases,start] GC(102) Adjust Roots
[5.666s][info][gc,phases      ] GC(102) Adjust Roots 0.214ms
[5.666s][info][gc,phases,start] GC(102) Compaction Phase
[5.759s][info][gc,phases      ] GC(102) Compaction Phase 92.461ms
[5.759s][info][gc,phases,start] GC(102) Post Compact
[5.760s][info][gc,phases      ] GC(102) Post Compact 1.593ms
[5.761s][info][gc,heap        ] GC(102) PSYoungGen: 16544K(102400K)->0K(102400K) Eden: 0K(16384K)->0K(18432K) From: 16544K(86016K)->0K(83968K)
[5.761s][info][gc,heap        ] GC(102) ParOldGen: 902199K(929792K)->917321K(1019904K)
[5.761s][info][gc,metaspace   ] GC(102) Metaspace: 6302K(6528K)->6302K(6528K) NonClass: 5769K(5888K)->5769K(5888K) Class: 533K(640K)->533K(640K)
[5.761s][info][gc             ] GC(102) Pause Full (Ergonomics) 897M->895M(1096M) 304.521ms
[5.761s][info][gc,cpu         ] GC(102) User=2.12s Sys=0.02s Real=0.30s
[5.783s][info][gc,start       ] GC(103) Pause Young (Allocation Failure)
[5.798s][info][gc,heap        ] GC(103) PSYoungGen: 18432K(102400K)->18592K(37376K) Eden: 18432K(18432K)->0K(18432K) From: 0K(83968K)->18592K(18944K)
[5.798s][info][gc,heap        ] GC(103) ParOldGen: 917321K(1019904K)->917321K(1019904K)
[5.798s][info][gc,metaspace   ] GC(103) Metaspace: 6302K(6528K)->6302K(6528K) NonClass: 5769K(5888K)->5769K(5888K) Class: 533K(640K)->533K(640K)
[5.798s][info][gc             ] GC(103) Pause Young (Allocation Failure) 913M->913M(1032M) 15.200ms
[5.798s][info][gc,cpu         ] GC(103) User=0.02s Sys=0.00s Real=0.02s
[5.819s][info][gc,start       ] GC(104) Pause Young (Allocation Failure)
[5.839s][info][gc,heap        ] GC(104) PSYoungGen: 37024K(37376K)->36992K(96256K) Eden: 18432K(18432K)->0K(20480K) From: 18592K(18944K)->36992K(75776K)
[5.839s][info][gc,heap        ] GC(104) ParOldGen: 917321K(1019904K)->917321K(1019904K)
[5.839s][info][gc,metaspace   ] GC(104) Metaspace: 6302K(6528K)->6302K(6528K) NonClass: 5769K(5888K)->5769K(5888K) Class: 533K(640K)->533K(640K)
[5.839s][info][gc             ] GC(104) Pause Young (Allocation Failure) 931M->931M(1090M) 20.803ms
[5.839s][info][gc,cpu         ] GC(104) User=0.06s Sys=0.00s Real=0.02s
[5.861s][info][gc,start       ] GC(105) Pause Young (Allocation Failure)
[5.890s][info][gc,heap        ] GC(105) PSYoungGen: 57472K(96256K)->57504K(98816K) Eden: 20480K(20480K)->0K(20480K) From: 36992K(75776K)->57504K(78336K)
[5.890s][info][gc,heap        ] GC(105) ParOldGen: 917321K(1019904K)->917321K(1019904K)
[5.890s][info][gc,metaspace   ] GC(105) Metaspace: 6302K(6528K)->6302K(6528K) NonClass: 5769K(5888K)->5769K(5888K) Class: 533K(640K)->533K(640K)
[5.890s][info][gc             ] GC(105) Pause Young (Allocation Failure) 951M->951M(1092M) 29.006ms
[5.890s][info][gc,cpu         ] GC(105) User=0.14s Sys=0.00s Real=0.03s
[5.912s][info][gc,start       ] GC(106) Pause Young (Allocation Failure)
[5.951s][info][gc,heap        ] GC(106) PSYoungGen: 77984K(98816K)->59552K(100864K) Eden: 20480K(20480K)->0K(17920K) From: 57504K(78336K)->59552K(82944K)
[5.951s][info][gc,heap        ] GC(106) ParOldGen: 917321K(1019904K)->936009K(1019904K)
[5.951s][info][gc,metaspace   ] GC(106) Metaspace: 6302K(6528K)->6302K(6528K) NonClass: 5769K(5888K)->5769K(5888K) Class: 533K(640K)->533K(640K)
[5.951s][info][gc             ] GC(106) Pause Young (Allocation Failure) 971M->972M(1094M) 39.027ms
[5.951s][info][gc,cpu         ] GC(106) User=0.33s Sys=0.03s Real=0.04s
[5.971s][info][gc,start       ] GC(107) Pause Young (Allocation Failure)
[6.009s][info][gc,heap        ] GC(107) PSYoungGen: 77472K(100864K)->59072K(105472K) Eden: 17920K(17920K)->0K(17920K) From: 59552K(82944K)->59072K(87552K)
[6.009s][info][gc,heap        ] GC(107) ParOldGen: 936009K(1019904K)->954705K(1019904K)
[6.009s][info][gc,metaspace   ] GC(107) Metaspace: 6302K(6528K)->6302K(6528K) NonClass: 5769K(5888K)->5769K(5888K) Class: 533K(640K)->533K(640K)
[6.009s][info][gc             ] GC(107) Pause Young (Allocation Failure) 989M->990M(1099M) 38.390ms
[6.009s][info][gc,cpu         ] GC(107) User=0.25s Sys=0.00s Real=0.04s
[6.029s][info][gc,start       ] GC(108) Pause Young (Allocation Failure)
[6.067s][info][gc,heap        ] GC(108) PSYoungGen: 76992K(105472K)->56480K(109056K) Eden: 17920K(17920K)->0K(18432K) From: 59072K(87552K)->56480K(90624K)
[6.067s][info][gc,heap        ] GC(108) ParOldGen: 954705K(1019904K)->975457K(1019904K)
[6.067s][info][gc,metaspace   ] GC(108) Metaspace: 6302K(6528K)->6302K(6528K) NonClass: 5769K(5888K)->5769K(5888K) Class: 533K(640K)->533K(640K)
[6.067s][info][gc             ] GC(108) Pause Young (Allocation Failure) 1007M->1007M(1102M) 37.783ms
[6.067s][info][gc,cpu         ] GC(108) User=0.25s Sys=0.00s Real=0.04s
[6.087s][info][gc,start       ] GC(109) Pause Young (Allocation Failure)
[6.125s][info][gc,heap        ] GC(109) PSYoungGen: 74912K(109056K)->36512K(55296K) Eden: 18432K(18432K)->0K(18432K) From: 56480K(90624K)->36512K(36864K)
[6.125s][info][gc,heap        ] GC(109) ParOldGen: 975457K(1019904K)->1014345K(1019904K)
[6.125s][info][gc,metaspace   ] GC(109) Metaspace: 6302K(6528K)->6302K(6528K) NonClass: 5769K(5888K)->5769K(5888K) Class: 533K(640K)->533K(640K)
[6.125s][info][gc             ] GC(109) Pause Young (Allocation Failure) 1025M->1026M(1050M) 38.053ms
[6.125s][info][gc,cpu         ] GC(109) User=0.23s Sys=0.02s Real=0.04s
[6.125s][info][gc,start       ] GC(110) Pause Full (Ergonomics)
[6.125s][info][gc,phases,start] GC(110) Marking Phase
[6.371s][info][gc,phases      ] GC(110) Marking Phase 245.274ms
[6.371s][info][gc,phases,start] GC(110) Summary Phase
[6.371s][info][gc,phases      ] GC(110) Summary Phase 0.024ms
[6.371s][info][gc,phases,start] GC(110) Adjust Roots
[6.371s][info][gc,phases      ] GC(110) Adjust Roots 0.152ms
[6.371s][info][gc,phases,start] GC(110) Compaction Phase
[6.469s][info][gc,phases      ] GC(110) Compaction Phase 98.706ms
[6.470s][info][gc,phases,start] GC(110) Post Compact
[6.471s][info][gc,phases      ] GC(110) Post Compact 1.689ms
[6.472s][info][gc,heap        ] GC(110) PSYoungGen: 36512K(55296K)->29644K(55296K) Eden: 0K(18432K)->0K(18432K) From: 36512K(36864K)->29644K(36864K)
[6.472s][info][gc,heap        ] GC(110) ParOldGen: 1014345K(1019904K)->1019555K(1136128K)
[6.472s][info][gc,metaspace   ] GC(110) Metaspace: 6302K(6528K)->6302K(6528K) NonClass: 5769K(5888K)->5769K(5888K) Class: 533K(640K)->533K(640K)
[6.472s][info][gc             ] GC(110) Pause Full (Ergonomics) 1026M->1024M(1163M) 346.623ms
[6.472s][info][gc,cpu         ] GC(110) User=2.52s Sys=0.00s Real=0.35s
[6.492s][info][gc,start       ] GC(111) Pause Young (Allocation Failure)
[6.558s][info][gc,heap        ] GC(111) PSYoungGen: 48076K(55296K)->18592K(105472K) Eden: 18432K(18432K)->0K(20480K) From: 29644K(36864K)->18592K(84992K)
[6.558s][info][gc,heap        ] GC(111) ParOldGen: 1019555K(1136128K)->1049635K(1136128K)
[6.558s][info][gc,metaspace   ] GC(111) Metaspace: 6302K(6528K)->6302K(6528K) NonClass: 5769K(5888K)->5769K(5888K) Class: 533K(640K)->533K(640K)
[6.558s][info][gc             ] GC(111) Pause Young (Allocation Failure) 1042M->1043M(1212M) 65.597ms
[6.558s][info][gc,cpu         ] GC(111) User=0.34s Sys=0.02s Real=0.07s
[6.583s][info][gc,start       ] GC(112) Pause Young (Allocation Failure)
[6.607s][info][gc,heap        ] GC(112) PSYoungGen: 39072K(105472K)->20640K(107008K) Eden: 20480K(20480K)->0K(20480K) From: 18592K(84992K)->20640K(86528K)
[6.607s][info][gc,heap        ] GC(112) ParOldGen: 1049635K(1136128K)->1068323K(1136128K)
[6.607s][info][gc,metaspace   ] GC(112) Metaspace: 6302K(6528K)->6302K(6528K) NonClass: 5769K(5888K)->5769K(5888K) Class: 533K(640K)->533K(640K)
[6.607s][info][gc             ] GC(112) Pause Young (Allocation Failure) 1063M->1063M(1214M) 23.572ms
[6.607s][info][gc,cpu         ] GC(112) User=0.14s Sys=0.00s Real=0.02s
[6.630s][info][gc,start       ] GC(113) Pause Young (Allocation Failure)
[6.654s][info][gc,heap        ] GC(113) PSYoungGen: 41120K(107008K)->20608K(103424K) Eden: 20480K(20480K)->0K(22528K) From: 20640K(86528K)->20608K(80896K)
[6.654s][info][gc,heap        ] GC(113) ParOldGen: 1068323K(1136128K)->1089083K(1136128K)
[6.654s][info][gc,metaspace   ] GC(113) Metaspace: 6302K(6528K)->6302K(6528K) NonClass: 5769K(5888K)->5769K(5888K) Class: 533K(640K)->533K(640K)
[6.654s][info][gc             ] GC(113) Pause Young (Allocation Failure) 1083M->1083M(1210M) 24.661ms
[6.654s][info][gc,cpu         ] GC(113) User=0.12s Sys=0.02s Real=0.03s
[6.678s][info][gc,start       ] GC(114) Pause Young (Allocation Failure)
[6.704s][info][gc,heap        ] GC(114) PSYoungGen: 43136K(103424K)->22720K(45568K) Eden: 22528K(22528K)->0K(22528K) From: 20608K(80896K)->22720K(23040K)
[6.704s][info][gc,heap        ] GC(114) ParOldGen: 1089083K(1136128K)->1109835K(1136128K)
[6.704s][info][gc,metaspace   ] GC(114) Metaspace: 6302K(6528K)->6302K(6528K) NonClass: 5769K(5888K)->5769K(5888K) Class: 533K(640K)->533K(640K)
[6.704s][info][gc             ] GC(114) Pause Young (Allocation Failure) 1105M->1106M(1154M) 25.366ms
[6.704s][info][gc,cpu         ] GC(114) User=0.11s Sys=0.00s Real=0.03s
[6.704s][info][gc,start       ] GC(115) Pause Full (Ergonomics)
[6.704s][info][gc,phases,start] GC(115) Marking Phase
[6.956s][info][gc,phases      ] GC(115) Marking Phase 252.459ms
[6.956s][info][gc,phases,start] GC(115) Summary Phase
[6.956s][info][gc,phases      ] GC(115) Summary Phase 0.031ms
[6.956s][info][gc,phases,start] GC(115) Adjust Roots
[6.957s][info][gc,phases      ] GC(115) Adjust Roots 0.149ms
[6.957s][info][gc,phases,start] GC(115) Compaction Phase
[7.069s][info][gc,phases      ] GC(115) Compaction Phase 111.950ms
[7.069s][info][gc,phases,start] GC(115) Post Compact
[7.071s][info][gc,phases      ] GC(115) Post Compact 2.164ms
[7.071s][info][gc,heap        ] GC(115) PSYoungGen: 22720K(45568K)->0K(104960K) Eden: 0K(22528K)->0K(25088K) From: 22720K(23040K)->0K(79872K)
[7.071s][info][gc,heap        ] GC(115) ParOldGen: 1109835K(1136128K)->1130986K(1254400K)
[7.071s][info][gc,metaspace   ] GC(115) Metaspace: 6302K(6528K)->6302K(6528K) NonClass: 5769K(5888K)->5769K(5888K) Class: 533K(640K)->533K(640K)
[7.071s][info][gc             ] GC(115) Pause Full (Ergonomics) 1106M->1104M(1327M) 367.595ms
[7.071s][info][gc,cpu         ] GC(115) User=2.62s Sys=0.02s Real=0.37s
[7.100s][info][gc,start       ] GC(116) Pause Young (Allocation Failure)
[7.117s][info][gc,heap        ] GC(116) PSYoungGen: 25088K(104960K)->25248K(50688K) Eden: 25088K(25088K)->0K(25088K) From: 0K(79872K)->25248K(25600K)
[7.117s][info][gc,heap        ] GC(116) ParOldGen: 1130986K(1254400K)->1130986K(1254400K)
[7.117s][info][gc,metaspace   ] GC(116) Metaspace: 6302K(6528K)->6302K(6528K) NonClass: 5769K(5888K)->5769K(5888K) Class: 533K(640K)->533K(640K)
[7.117s][info][gc             ] GC(116) Pause Young (Allocation Failure) 1128M->1129M(1274M) 17.319ms
[7.117s][info][gc,cpu         ] GC(116) User=0.16s Sys=0.00s Real=0.02s
[7.148s][info][gc,start       ] GC(117) Pause Young (Allocation Failure)
[7.175s][info][gc,heap        ] GC(117) PSYoungGen: 50336K(50688K)->50336K(102400K) Eden: 25088K(25088K)->0K(25600K) From: 25248K(25600K)->50336K(76800K)
[7.175s][info][gc,heap        ] GC(117) ParOldGen: 1130986K(1254400K)->1130986K(1254400K)
[7.175s][info][gc,metaspace   ] GC(117) Metaspace: 6302K(6528K)->6302K(6528K) NonClass: 5769K(5888K)->5769K(5888K) Class: 533K(640K)->533K(640K)
[7.175s][info][gc             ] GC(117) Pause Young (Allocation Failure) 1153M->1153M(1325M) 26.493ms
[7.175s][info][gc,cpu         ] GC(117) User=0.14s Sys=0.00s Real=0.03s
[7.206s][info][gc,start       ] GC(118) Pause Young (Allocation Failure)
[7.244s][info][gc,heap        ] GC(118) PSYoungGen: 75936K(102400K)->75936K(104448K) Eden: 25600K(25600K)->0K(25600K) From: 50336K(76800K)->75936K(78848K)
[7.244s][info][gc,heap        ] GC(118) ParOldGen: 1130986K(1254400K)->1130986K(1254400K)
[7.244s][info][gc,metaspace   ] GC(118) Metaspace: 6302K(6528K)->6302K(6528K) NonClass: 5769K(5888K)->5769K(5888K) Class: 533K(640K)->533K(640K)
[7.244s][info][gc             ] GC(118) Pause Young (Allocation Failure) 1178M->1178M(1327M) 38.127ms
[7.244s][info][gc,cpu         ] GC(118) User=0.25s Sys=0.00s Real=0.04s
[7.274s][info][gc,start       ] GC(119) Pause Young (Allocation Failure)
[7.329s][info][gc,heap        ] GC(119) PSYoungGen: 101536K(104448K)->90112K(100352K) Eden: 25600K(25600K)->0K(10240K) From: 75936K(78848K)->90112K(90112K)
[7.329s][info][gc,heap        ] GC(119) ParOldGen: 1130986K(1254400K)->1142506K(1254400K)
[7.329s][info][gc,metaspace   ] GC(119) Metaspace: 6302K(6528K)->6302K(6528K) NonClass: 5769K(5888K)->5769K(5888K) Class: 533K(640K)->533K(640K)
[7.329s][info][gc             ] GC(119) Pause Young (Allocation Failure) 1203M->1203M(1323M) 54.920ms
[7.329s][info][gc,cpu         ] GC(119) User=0.33s Sys=0.02s Real=0.05s
[7.341s][info][gc,start       ] GC(120) Pause Young (Allocation Failure)
[7.396s][info][gc,heap        ] GC(120) PSYoungGen: 100352K(100352K)->55488K(66048K) Eden: 10240K(10240K)->0K(10240K) From: 90112K(90112K)->55488K(55808K)
[7.396s][info][gc,heap        ] GC(120) ParOldGen: 1142506K(1254400K)->1188018K(1254400K)
[7.396s][info][gc,metaspace   ] GC(120) Metaspace: 6302K(6528K)->6302K(6528K) NonClass: 5769K(5888K)->5769K(5888K) Class: 533K(640K)->533K(640K)
[7.396s][info][gc             ] GC(120) Pause Young (Allocation Failure) 1213M->1214M(1289M) 55.614ms
[7.396s][info][gc,cpu         ] GC(120) User=0.34s Sys=0.00s Real=0.05s
[7.408s][info][gc,start       ] GC(121) Pause Young (Allocation Failure)
[7.444s][info][gc,heap        ] GC(121) PSYoungGen: 65728K(66048K)->44640K(105984K) Eden: 10240K(10240K)->0K(11776K) From: 55488K(55808K)->44640K(94208K)
[7.444s][info][gc,heap        ] GC(121) ParOldGen: 1188018K(1254400K)->1209442K(1254400K)
[7.444s][info][gc,metaspace   ] GC(121) Metaspace: 6302K(6528K)->6302K(6528K) NonClass: 5769K(5888K)->5769K(5888K) Class: 533K(640K)->533K(640K)
[7.444s][info][gc             ] GC(121) Pause Young (Allocation Failure) 1224M->1224M(1328M) 35.755ms
[7.444s][info][gc,cpu         ] GC(121) User=0.22s Sys=0.00s Real=0.04s
[7.458s][info][gc,start       ] GC(122) Pause Young (Allocation Failure)
[7.490s][info][gc,heap        ] GC(122) PSYoungGen: 56416K(105984K)->22144K(111616K) Eden: 11776K(11776K)->0K(11776K) From: 44640K(94208K)->22144K(99840K)
[7.490s][info][gc,heap        ] GC(122) ParOldGen: 1209442K(1254400K)->1244154K(1254400K)
[7.490s][info][gc,metaspace   ] GC(122) Metaspace: 6302K(6528K)->6302K(6528K) NonClass: 5769K(5888K)->5769K(5888K) Class: 533K(640K)->533K(640K)
[7.490s][info][gc             ] GC(122) Pause Young (Allocation Failure) 1236M->1236M(1334M) 31.563ms
[7.490s][info][gc,cpu         ] GC(122) User=0.11s Sys=0.02s Real=0.03s
[7.490s][info][gc,start       ] GC(123) Pause Full (Ergonomics)
[7.490s][info][gc,phases,start] GC(123) Marking Phase
[7.787s][info][gc,phases      ] GC(123) Marking Phase 296.771ms
[7.787s][info][gc,phases,start] GC(123) Summary Phase
[7.787s][info][gc,phases      ] GC(123) Summary Phase 0.037ms
[7.787s][info][gc,phases,start] GC(123) Adjust Roots
[7.787s][info][gc,phases      ] GC(123) Adjust Roots 0.227ms
[7.787s][info][gc,phases,start] GC(123) Compaction Phase
[7.903s][info][gc,phases      ] GC(123) Compaction Phase 115.799ms
[7.903s][info][gc,phases,start] GC(123) Post Compact
[7.906s][info][gc,phases      ] GC(123) Post Compact 2.974ms
[7.906s][info][gc,heap        ] GC(123) PSYoungGen: 22144K(111616K)->10200K(111616K) Eden: 0K(11776K)->0K(11776K) From: 22144K(99840K)->10200K(99840K)
[7.906s][info][gc,heap        ] GC(123) ParOldGen: 1244154K(1254400K)->1254193K(1392128K)
[7.907s][info][gc,metaspace   ] GC(123) Metaspace: 6302K(6528K)->6302K(6528K) NonClass: 5769K(5888K)->5769K(5888K) Class: 533K(640K)->533K(640K)
[7.907s][info][gc             ] GC(123) Pause Full (Ergonomics) 1236M->1234M(1468M) 416.821ms
[7.907s][info][gc,cpu         ] GC(123) User=3.12s Sys=0.00s Real=0.42s
[7.922s][info][gc,start       ] GC(124) Pause Young (Allocation Failure)
[7.996s][info][gc,heap        ] GC(124) PSYoungGen: 21976K(111616K)->11936K(110592K) Eden: 11776K(11776K)->0K(13312K) From: 10200K(99840K)->11936K(97280K)
[7.996s][info][gc,heap        ] GC(124) ParOldGen: 1254193K(1392128K)->1264569K(1392128K)
[7.996s][info][gc,metaspace   ] GC(124) Metaspace: 6302K(6528K)->6302K(6528K) NonClass: 5769K(5888K)->5769K(5888K) Class: 533K(640K)->533K(640K)
[7.996s][info][gc             ] GC(124) Pause Young (Allocation Failure) 1246M->1246M(1467M) 73.980ms
[7.996s][info][gc,cpu         ] GC(124) User=0.39s Sys=0.02s Real=0.07s
[8.012s][info][gc,start       ] GC(125) Pause Young (Allocation Failure)
[8.031s][info][gc,heap        ] GC(125) PSYoungGen: 25248K(110592K)->13408K(111616K) Eden: 13312K(13312K)->0K(13312K) From: 11936K(97280K)->13408K(98304K)
[8.031s][info][gc,heap        ] GC(125) ParOldGen: 1264569K(1392128K)->1276505K(1392128K)
[8.031s][info][gc,metaspace   ] GC(125) Metaspace: 6302K(6528K)->6302K(6528K) NonClass: 5769K(5888K)->5769K(5888K) Class: 533K(640K)->533K(640K)
[8.031s][info][gc             ] GC(125) Pause Young (Allocation Failure) 1259M->1259M(1468M) 19.053ms
[8.031s][info][gc,cpu         ] GC(125) User=0.09s Sys=0.00s Real=0.02s
[8.051s][info][gc,start       ] GC(126) Pause Young (Allocation Failure)
[8.069s][info][gc,heap        ] GC(126) PSYoungGen: 26720K(111616K)->12672K(109568K) Eden: 13312K(13312K)->0K(15360K) From: 13408K(98304K)->12672K(94208K)
[8.069s][info][gc,heap        ] GC(126) ParOldGen: 1276505K(1392128K)->1290009K(1392128K)
[8.069s][info][gc,metaspace   ] GC(126) Metaspace: 6302K(6528K)->6302K(6528K) NonClass: 5769K(5888K)->5769K(5888K) Class: 533K(640K)->533K(640K)
[8.069s][info][gc             ] GC(126) Pause Young (Allocation Failure) 1272M->1272M(1466M) 18.694ms
[8.069s][info][gc,cpu         ] GC(126) User=0.05s Sys=0.00s Real=0.02s
[8.082s][info][gc,start       ] GC(127) Pause Young (Allocation Failure)
[8.099s][info][gc,heap        ] GC(127) PSYoungGen: 28032K(109568K)->8064K(111104K) Eden: 15360K(15360K)->0K(15360K) From: 12672K(94208K)->8064K(95744K)
[8.099s][info][gc,heap        ] GC(127) ParOldGen: 1290009K(1392128K)->1302761K(1392128K)
[8.099s][info][gc,metaspace   ] GC(127) Metaspace: 6302K(6528K)->6302K(6528K) NonClass: 5769K(5888K)->5769K(5888K) Class: 533K(640K)->533K(640K)
[8.099s][info][gc             ] GC(127) Pause Young (Allocation Failure) 1287M->1280M(1468M) 17.209ms
[8.099s][info][gc,cpu         ] GC(127) User=0.03s Sys=0.00s Real=0.02s
[8.112s][info][gc,start       ] GC(128) Pause Young (Allocation Failure)
[8.128s][info][gc,heap        ] GC(128) PSYoungGen: 23424K(111104K)->8128K(107520K) Eden: 15360K(15360K)->0K(17408K) From: 8064K(95744K)->8128K(90112K)
[8.128s][info][gc,heap        ] GC(128) ParOldGen: 1302761K(1392128K)->1310857K(1392128K)
[8.128s][info][gc,metaspace   ] GC(128) Metaspace: 6302K(6528K)->6302K(6528K) NonClass: 5769K(5888K)->5769K(5888K) Class: 533K(640K)->533K(640K)
[8.128s][info][gc             ] GC(128) Pause Young (Allocation Failure) 1295M->1288M(1464M) 16.502ms
[8.128s][info][gc,cpu         ] GC(128) User=0.00s Sys=0.02s Real=0.02s
[8.150s][info][gc,start       ] GC(129) Pause Young (Allocation Failure)
[8.169s][info][gc,heap        ] GC(129) PSYoungGen: 25536K(107520K)->16384K(33792K) Eden: 17408K(17408K)->0K(17408K) From: 8128K(90112K)->16384K(16384K)
[8.169s][info][gc,heap        ] GC(129) ParOldGen: 1310857K(1392128K)->1318945K(1392128K)
[8.169s][info][gc,metaspace   ] GC(129) Metaspace: 6302K(6528K)->6302K(6528K) NonClass: 5769K(5888K)->5769K(5888K) Class: 533K(640K)->533K(640K)
[8.169s][info][gc             ] GC(129) Pause Young (Allocation Failure) 1305M->1304M(1392M) 19.330ms
[8.169s][info][gc,cpu         ] GC(129) User=0.02s Sys=0.00s Real=0.02s
[8.193s][info][gc,start       ] GC(130) Pause Young (Allocation Failure)
[8.216s][info][gc,heap        ] GC(130) PSYoungGen: 33792K(33792K)->17568K(99840K) Eden: 17408K(17408K)->0K(19456K) From: 16384K(16384K)->17568K(80384K)
[8.217s][info][gc,heap        ] GC(130) ParOldGen: 1318945K(1392128K)->1335457K(1392128K)
[8.217s][info][gc,metaspace   ] GC(130) Metaspace: 6302K(6528K)->6302K(6528K) NonClass: 5769K(5888K)->5769K(5888K) Class: 533K(640K)->533K(640K)
[8.217s][info][gc             ] GC(130) Pause Young (Allocation Failure) 1321M->1321M(1457M) 23.920ms
[8.217s][info][gc,cpu         ] GC(130) User=0.12s Sys=0.02s Real=0.02s
[8.239s][info][gc,start       ] GC(131) Pause Young (Allocation Failure)
[8.265s][info][gc,heap        ] GC(131) PSYoungGen: 37024K(99840K)->19584K(39424K) Eden: 19456K(19456K)->0K(19456K) From: 17568K(80384K)->19584K(19968K)
[8.265s][info][gc,heap        ] GC(131) ParOldGen: 1335457K(1392128K)->1353105K(1392128K)
[8.265s][info][gc,metaspace   ] GC(131) Metaspace: 6302K(6528K)->6302K(6528K) NonClass: 5769K(5888K)->5769K(5888K) Class: 533K(640K)->533K(640K)
[8.265s][info][gc             ] GC(131) Pause Young (Allocation Failure) 1340M->1340M(1398M) 25.931ms
[8.265s][info][gc,cpu         ] GC(131) User=0.14s Sys=0.00s Real=0.03s
[8.292s][info][gc,start       ] GC(132) Pause Young (Allocation Failure)
[8.318s][info][gc,heap        ] GC(132) PSYoungGen: 39040K(39424K)->19616K(92672K) Eden: 19456K(19456K)->0K(21504K) From: 19584K(19968K)->19616K(71168K)
[8.318s][info][gc,heap        ] GC(132) ParOldGen: 1353105K(1392128K)->1372825K(1392128K)
[8.318s][info][gc,metaspace   ] GC(132) Metaspace: 6302K(6528K)->6302K(6528K) NonClass: 5769K(5888K)->5769K(5888K) Class: 533K(640K)->533K(640K)
[8.318s][info][gc             ] GC(132) Pause Young (Allocation Failure) 1359M->1359M(1450M) 25.459ms
[8.318s][info][gc,cpu         ] GC(132) User=0.11s Sys=0.02s Real=0.03s
[8.318s][info][gc,start       ] GC(133) Pause Full (Ergonomics)
[8.318s][info][gc,phases,start] GC(133) Marking Phase
[8.673s][info][gc,phases      ] GC(133) Marking Phase 355.144ms
[8.673s][info][gc,phases,start] GC(133) Summary Phase
[8.673s][info][gc,phases      ] GC(133) Summary Phase 0.127ms
[8.673s][info][gc,phases,start] GC(133) Adjust Roots
[8.674s][info][gc,phases      ] GC(133) Adjust Roots 0.393ms
[8.674s][info][gc,phases,start] GC(133) Compaction Phase
[8.799s][info][gc,phases      ] GC(133) Compaction Phase 125.469ms
[8.799s][info][gc,phases,start] GC(133) Post Compact
[8.802s][info][gc,phases      ] GC(133) Post Compact 3.190ms
[8.803s][info][gc,heap        ] GC(133) PSYoungGen: 19616K(92672K)->0K(97280K) Eden: 0K(21504K)->0K(21504K) From: 19616K(71168K)->0K(75776K)
[8.803s][info][gc,heap        ] GC(133) ParOldGen: 1372825K(1392128K)->1390320K(1525248K)
[8.803s][info][gc,metaspace   ] GC(133) Metaspace: 6302K(6528K)->6302K(6528K) NonClass: 5769K(5888K)->5769K(5888K) Class: 533K(640K)->533K(640K)
[8.803s][info][gc             ] GC(133) Pause Full (Ergonomics) 1359M->1357M(1584M) 485.332ms
[8.803s][info][gc,cpu         ] GC(133) User=3.38s Sys=0.02s Real=0.48s
[9.067s][info][gc,start       ] GC(134) Pause Young (Allocation Failure)
[9.120s][info][gc,heap        ] GC(134) PSYoungGen: 21504K(97280K)->21696K(90624K) Eden: 21504K(21504K)->0K(23552K) From: 0K(75776K)->21696K(67072K)
[9.120s][info][gc,heap        ] GC(134) ParOldGen: 1455856K(1525248K)->1455856K(1525248K)
[9.120s][info][gc,metaspace   ] GC(134) Metaspace: 6302K(6528K)->6302K(6528K) NonClass: 5769K(5888K)->5769K(5888K) Class: 533K(640K)->533K(640K)
[9.120s][info][gc             ] GC(134) Pause Young (Allocation Failure) 1442M->1442M(1578M) 52.385ms
[9.120s][info][gc,cpu         ] GC(134) User=0.22s Sys=0.00s Real=0.05s
[9.142s][info][gc,start       ] GC(135) Pause Young (Allocation Failure)
[9.171s][info][gc,heap        ] GC(135) PSYoungGen: 45248K(90624K)->45248K(95232K) Eden: 23552K(23552K)->0K(23552K) From: 21696K(67072K)->45248K(71680K)
[9.172s][info][gc,heap        ] GC(135) ParOldGen: 1455856K(1525248K)->1455856K(1525248K)
[9.172s][info][gc,metaspace   ] GC(135) Metaspace: 6302K(6528K)->6302K(6528K) NonClass: 5769K(5888K)->5769K(5888K) Class: 533K(640K)->533K(640K)
[9.172s][info][gc             ] GC(135) Pause Young (Allocation Failure) 1465M->1465M(1582M) 29.665ms
[9.172s][info][gc,cpu         ] GC(135) User=0.06s Sys=0.00s Real=0.03s
[9.195s][info][gc,start       ] GC(136) Pause Young (Allocation Failure)
[9.232s][info][gc,heap        ] GC(136) PSYoungGen: 68800K(95232K)->68832K(89600K) Eden: 23552K(23552K)->0K(15360K) From: 45248K(71680K)->68832K(74240K)
[9.232s][info][gc,heap        ] GC(136) ParOldGen: 1455856K(1525248K)->1455856K(1525248K)
[9.232s][info][gc,metaspace   ] GC(136) Metaspace: 6302K(6528K)->6302K(6528K) NonClass: 5769K(5888K)->5769K(5888K) Class: 533K(640K)->533K(640K)
[9.232s][info][gc             ] GC(136) Pause Young (Allocation Failure) 1488M->1488M(1577M) 36.243ms
[9.232s][info][gc,cpu         ] GC(136) User=0.14s Sys=0.00s Real=0.04s
[9.247s][info][gc,start       ] GC(137) Pause Young (Allocation Failure)
[9.288s][info][gc,heap        ] GC(137) PSYoungGen: 84192K(89600K)->84128K(100352K) Eden: 15360K(15360K)->0K(15360K) From: 68832K(74240K)->84128K(84992K)
[9.288s][info][gc,heap        ] GC(137) ParOldGen: 1455856K(1525248K)->1455856K(1525248K)
[9.288s][info][gc,metaspace   ] GC(137) Metaspace: 6302K(6528K)->6302K(6528K) NonClass: 5769K(5888K)->5769K(5888K) Class: 533K(640K)->533K(640K)
[9.288s][info][gc             ] GC(137) Pause Young (Allocation Failure) 1503M->1503M(1587M) 40.594ms
[9.288s][info][gc,cpu         ] GC(137) User=0.25s Sys=0.00s Real=0.04s
[9.303s][info][gc,start       ] GC(138) Pause Young (Allocation Failure)
[9.352s][info][gc,heap        ] GC(138) PSYoungGen: 99488K(100352K)->77984K(108032K) Eden: 15360K(15360K)->0K(8704K) From: 84128K(84992K)->77984K(99328K)
[9.352s][info][gc,heap        ] GC(138) ParOldGen: 1455856K(1525248K)->1477640K(1525248K)
[9.352s][info][gc,metaspace   ] GC(138) Metaspace: 6302K(6528K)->6302K(6528K) NonClass: 5769K(5888K)->5769K(5888K) Class: 533K(640K)->533K(640K)
[9.352s][info][gc             ] GC(138) Pause Young (Allocation Failure) 1518M->1519M(1595M) 49.662ms
[9.352s][info][gc,cpu         ] GC(138) User=0.47s Sys=0.00s Real=0.05s
[9.361s][info][gc,start       ] GC(139) Pause Young (Allocation Failure)
[9.405s][info][gc,heap        ] GC(139) PSYoungGen: 86688K(108032K)->39520K(48640K) Eden: 8704K(8704K)->0K(8704K) From: 77984K(99328K)->39520K(39936K)
[9.405s][info][gc,heap        ] GC(139) ParOldGen: 1477640K(1525248K)->1525352K(1525760K)
[9.405s][info][gc,metaspace   ] GC(139) Metaspace: 6302K(6528K)->6302K(6528K) NonClass: 5769K(5888K)->5769K(5888K) Class: 533K(640K)->533K(640K)
[9.405s][info][gc             ] GC(139) Pause Young (Allocation Failure) 1527M->1528M(1537M) 44.216ms
[9.405s][info][gc,cpu         ] GC(139) User=0.23s Sys=0.03s Real=0.04s
[9.405s][info][gc,start       ] GC(140) Pause Full (Ergonomics)
[9.405s][info][gc,phases,start] GC(140) Marking Phase
[9.761s][info][gc,phases      ] GC(140) Marking Phase 356.058ms
[9.761s][info][gc,phases,start] GC(140) Summary Phase
[9.761s][info][gc,phases      ] GC(140) Summary Phase 0.030ms
[9.761s][info][gc,phases,start] GC(140) Adjust Roots
[9.761s][info][gc,phases      ] GC(140) Adjust Roots 0.256ms
[9.761s][info][gc,phases,start] GC(140) Compaction Phase
[10.108s][info][gc,phases      ] GC(140) Compaction Phase 346.350ms
[10.108s][info][gc,phases,start] GC(140) Post Compact
[10.111s][info][gc,phases      ] GC(140) Post Compact 3.044ms
[10.111s][info][gc,heap        ] GC(140) PSYoungGen: 39520K(48640K)->5634K(48640K) Eden: 0K(8704K)->0K(8704K) From: 39520K(39936K)->5634K(39936K)
[10.111s][info][gc,heap        ] GC(140) ParOldGen: 1525352K(1525760K)->1525297K(1679360K)
[10.111s][info][gc,metaspace   ] GC(140) Metaspace: 6302K(6528K)->6302K(6528K) NonClass: 5769K(5888K)->5769K(5888K) Class: 533K(640K)->533K(640K)
[10.111s][info][gc             ] GC(140) Pause Full (Ergonomics) 1528M->1495M(1687M) 706.568ms
[10.111s][info][gc,cpu         ] GC(140) User=4.69s Sys=0.03s Real=0.71s
[10.122s][info][gc,start       ] GC(141) Pause Young (Allocation Failure)
[10.198s][info][gc,heap        ] GC(141) PSYoungGen: 14338K(48640K)->9440K(110080K) Eden: 8704K(8704K)->0K(10240K) From: 5634K(39936K)->9440K(99840K)
[10.198s][info][gc,heap        ] GC(141) ParOldGen: 1525297K(1679360K)->1530425K(1679360K)
[10.198s][info][gc,metaspace   ] GC(141) Metaspace: 6302K(6528K)->6302K(6528K) NonClass: 5769K(5888K)->5769K(5888K) Class: 533K(640K)->533K(640K)
[10.198s][info][gc             ] GC(141) Pause Young (Allocation Failure) 1503M->1503M(1747M) 75.874ms
[10.198s][info][gc,cpu         ] GC(141) User=0.39s Sys=0.00s Real=0.08s
[10.209s][info][gc,start       ] GC(142) Pause Young (Allocation Failure)
[10.231s][info][gc,heap        ] GC(142) PSYoungGen: 19680K(110080K)->19072K(29696K) Eden: 10240K(10240K)->0K(10240K) From: 9440K(99840K)->19072K(19456K)
[10.231s][info][gc,heap        ] GC(142) ParOldGen: 1530425K(1679360K)->1531073K(1679360K)
[10.231s][info][gc,metaspace   ] GC(142) Metaspace: 6302K(6528K)->6302K(6528K) NonClass: 5769K(5888K)->5769K(5888K) Class: 533K(640K)->533K(640K)
[10.231s][info][gc             ] GC(142) Pause Young (Allocation Failure) 1513M->1513M(1669M) 22.165ms
[10.231s][info][gc,cpu         ] GC(142) User=0.05s Sys=0.00s Real=0.02s
[10.241s][info][gc,start       ] GC(143) Pause Young (Allocation Failure)
[10.267s][info][gc,heap        ] GC(143) PSYoungGen: 29312K(29696K)->20608K(102400K) Eden: 10240K(10240K)->0K(11776K) From: 19072K(19456K)->20608K(90624K)
[10.267s][info][gc,heap        ] GC(143) ParOldGen: 1531073K(1679360K)->1539897K(1679360K)
[10.267s][info][gc,metaspace   ] GC(143) Metaspace: 6302K(6528K)->6302K(6528K) NonClass: 5769K(5888K)->5769K(5888K) Class: 533K(640K)->533K(640K)
[10.267s][info][gc             ] GC(143) Pause Young (Allocation Failure) 1523M->1523M(1740M) 25.679ms
[10.267s][info][gc,cpu         ] GC(143) User=0.03s Sys=0.00s Real=0.03s
[10.279s][info][gc,start       ] GC(144) Pause Young (Allocation Failure)
[10.306s][info][gc,heap        ] GC(144) PSYoungGen: 32384K(102400K)->11904K(105984K) Eden: 11776K(11776K)->0K(11776K) From: 20608K(90624K)->11904K(94208K)
[10.306s][info][gc,heap        ] GC(144) ParOldGen: 1539897K(1679360K)->1560601K(1679360K)
[10.306s][info][gc,metaspace   ] GC(144) Metaspace: 6302K(6528K)->6302K(6528K) NonClass: 5769K(5888K)->5769K(5888K) Class: 533K(640K)->533K(640K)
[10.306s][info][gc             ] GC(144) Pause Young (Allocation Failure) 1535M->1535M(1743M) 26.669ms
[10.306s][info][gc,cpu         ] GC(144) User=0.03s Sys=0.00s Real=0.03s
[10.318s][info][gc,start       ] GC(145) Pause Young (Allocation Failure)
[10.341s][info][gc,heap        ] GC(145) PSYoungGen: 23680K(105984K)->11904K(100864K) Eden: 11776K(11776K)->0K(13824K) From: 11904K(94208K)->11904K(87040K)
[10.341s][info][gc,heap        ] GC(145) ParOldGen: 1560601K(1679360K)->1572545K(1679360K)
[10.341s][info][gc,metaspace   ] GC(145) Metaspace: 6302K(6528K)->6302K(6528K) NonClass: 5769K(5888K)->5769K(5888K) Class: 533K(640K)->533K(640K)
[10.341s][info][gc             ] GC(145) Pause Young (Allocation Failure) 1547M->1547M(1738M) 23.391ms
[10.341s][info][gc,cpu         ] GC(145) User=0.03s Sys=0.00s Real=0.02s
[10.356s][info][gc,start       ] GC(146) Pause Young (Allocation Failure)
[10.380s][info][gc,heap        ] GC(146) PSYoungGen: 25728K(100864K)->13984K(28160K) Eden: 13824K(13824K)->0K(13824K) From: 11904K(87040K)->13984K(14336K)
[10.380s][info][gc,heap        ] GC(146) ParOldGen: 1572545K(1679360K)->1584481K(1679360K)
[10.380s][info][gc,metaspace   ] GC(146) Metaspace: 6302K(6528K)->6302K(6528K) NonClass: 5769K(5888K)->5769K(5888K) Class: 533K(640K)->533K(640K)
[10.380s][info][gc             ] GC(146) Pause Young (Allocation Failure) 1560M->1561M(1667M) 23.869ms
[10.380s][info][gc,cpu         ] GC(146) User=0.02s Sys=0.00s Real=0.02s
[10.394s][info][gc,start       ] GC(147) Pause Young (Allocation Failure)
[10.421s][info][gc,heap        ] GC(147) PSYoungGen: 27808K(28160K)->13952K(95232K) Eden: 13824K(13824K)->0K(15872K) From: 13984K(14336K)->13952K(79360K)
[10.421s][info][gc,heap        ] GC(147) ParOldGen: 1584481K(1679360K)->1598497K(1679360K)
[10.421s][info][gc,metaspace   ] GC(147) Metaspace: 6302K(6528K)->6302K(6528K) NonClass: 5769K(5888K)->5769K(5888K) Class: 533K(640K)->533K(640K)
[10.421s][info][gc             ] GC(147) Pause Young (Allocation Failure) 1574M->1574M(1733M) 27.145ms
[10.421s][info][gc,cpu         ] GC(147) User=0.03s Sys=0.02s Real=0.03s
[10.437s][info][gc,start       ] GC(148) Pause Young (Allocation Failure)
[10.463s][info][gc,heap        ] GC(148) PSYoungGen: 29824K(95232K)->15968K(32256K) Eden: 15872K(15872K)->0K(15872K) From: 13952K(79360K)->15968K(16384K)
[10.463s][info][gc,heap        ] GC(148) ParOldGen: 1598497K(1679360K)->1612505K(1679360K)
[10.463s][info][gc,metaspace   ] GC(148) Metaspace: 6302K(6528K)->6302K(6528K) NonClass: 5769K(5888K)->5769K(5888K) Class: 533K(640K)->533K(640K)
[10.463s][info][gc             ] GC(148) Pause Young (Allocation Failure) 1590M->1590M(1671M) 26.090ms
[10.463s][info][gc,cpu         ] GC(148) User=0.03s Sys=0.00s Real=0.03s
[10.479s][info][gc,start       ] GC(149) Pause Young (Allocation Failure)
[10.505s][info][gc,heap        ] GC(149) PSYoungGen: 31840K(32256K)->16032K(90624K) Eden: 15872K(15872K)->0K(18432K) From: 15968K(16384K)->16032K(72192K)
[10.505s][info][gc,heap        ] GC(149) ParOldGen: 1612505K(1679360K)->1628585K(1679360K)
[10.505s][info][gc,metaspace   ] GC(149) Metaspace: 6302K(6528K)->6302K(6528K) NonClass: 5769K(5888K)->5769K(5888K) Class: 533K(640K)->533K(640K)
[10.505s][info][gc             ] GC(149) Pause Young (Allocation Failure) 1605M->1606M(1728M) 26.665ms
[10.505s][info][gc,cpu         ] GC(149) User=0.03s Sys=0.00s Real=0.03s
[10.524s][info][gc,start       ] GC(150) Pause Young (Allocation Failure)
[10.552s][info][gc,heap        ] GC(150) PSYoungGen: 34464K(90624K)->18560K(37376K) Eden: 18432K(18432K)->0K(18432K) From: 16032K(72192K)->18560K(18944K)
[10.552s][info][gc,heap        ] GC(150) ParOldGen: 1628585K(1679360K)->1644665K(1679360K)
[10.552s][info][gc,metaspace   ] GC(150) Metaspace: 6302K(6528K)->6302K(6528K) NonClass: 5769K(5888K)->5769K(5888K) Class: 533K(640K)->533K(640K)
[10.552s][info][gc             ] GC(150) Pause Young (Allocation Failure) 1624M->1624M(1676M) 28.390ms
[10.552s][info][gc,cpu         ] GC(150) User=0.03s Sys=0.00s Real=0.03s
[10.572s][info][gc,start       ] GC(151) Pause Young (Allocation Failure)
[10.602s][info][gc,heap        ] GC(151) PSYoungGen: 36992K(37376K)->18560K(85504K) Eden: 18432K(18432K)->0K(20992K) From: 18560K(18944K)->18560K(64512K)
[10.602s][info][gc,heap        ] GC(151) ParOldGen: 1644665K(1679360K)->1663337K(1679360K)
[10.602s][info][gc,metaspace   ] GC(151) Metaspace: 6302K(6528K)->6302K(6528K) NonClass: 5769K(5888K)->5769K(5888K) Class: 533K(640K)->533K(640K)
[10.602s][info][gc             ] GC(151) Pause Young (Allocation Failure) 1642M->1642M(1723M) 30.515ms
[10.602s][info][gc,cpu         ] GC(151) User=0.02s Sys=0.00s Real=0.03s
[10.602s][info][gc,start       ] GC(152) Pause Full (Ergonomics)
[10.602s][info][gc,phases,start] GC(152) Marking Phase
[10.982s][info][gc,phases      ] GC(152) Marking Phase 379.632ms
[10.982s][info][gc,phases,start] GC(152) Summary Phase
[10.982s][info][gc,phases      ] GC(152) Summary Phase 0.041ms
[10.982s][info][gc,phases,start] GC(152) Adjust Roots
[10.982s][info][gc,phases      ] GC(152) Adjust Roots 0.178ms
[10.982s][info][gc,phases,start] GC(152) Compaction Phase
[11.150s][info][gc,phases      ] GC(152) Compaction Phase 168.399ms
[11.151s][info][gc,phases,start] GC(152) Post Compact
[11.154s][info][gc,phases      ] GC(152) Post Compact 2.973ms
[11.154s][info][gc,heap        ] GC(152) PSYoungGen: 18560K(85504K)->534K(88576K) Eden: 0K(20992K)->0K(24064K) From: 18560K(64512K)->534K(64512K)
[11.154s][info][gc,heap        ] GC(152) ParOldGen: 1663337K(1679360K)->1679063K(1832448K)
[11.154s][info][gc,metaspace   ] GC(152) Metaspace: 6302K(6528K)->6302K(6528K) NonClass: 5769K(5888K)->5769K(5888K) Class: 533K(640K)->533K(640K)
[11.154s][info][gc             ] GC(152) Pause Full (Ergonomics) 1642M->1640M(1876M) 552.101ms
[11.154s][info][gc,cpu         ] GC(152) User=3.78s Sys=0.00s Real=0.55s
[11.178s][info][gc,start       ] GC(153) Pause Young (Allocation Failure)
[11.266s][info][gc,heap        ] GC(153) PSYoungGen: 24598K(88576K)->24192K(48640K) Eden: 24064K(24064K)->0K(24064K) From: 534K(64512K)->24192K(24576K)
[11.266s][info][gc,heap        ] GC(153) ParOldGen: 1679063K(1832448K)->1679639K(1832448K)
[11.266s][info][gc,metaspace   ] GC(153) Metaspace: 6302K(6528K)->6302K(6528K) NonClass: 5769K(5888K)->5769K(5888K) Class: 533K(640K)->533K(640K)
[11.266s][info][gc             ] GC(153) Pause Young (Allocation Failure) 1663M->1663M(1837M) 88.123ms
[11.266s][info][gc,cpu         ] GC(153) User=0.61s Sys=0.00s Real=0.09s
[11.292s][info][gc,start       ] GC(154) Pause Young (Allocation Failure)
[11.325s][info][gc,heap        ] GC(154) PSYoungGen: 48256K(48640K)->24224K(83456K) Eden: 24064K(24064K)->0K(27136K) From: 24192K(24576K)->24224K(56320K)
[11.325s][info][gc,heap        ] GC(154) ParOldGen: 1679639K(1832448K)->1704031K(1832448K)
[11.325s][info][gc,metaspace   ] GC(154) Metaspace: 6302K(6528K)->6302K(6528K) NonClass: 5769K(5888K)->5769K(5888K) Class: 533K(640K)->533K(640K)
[11.325s][info][gc             ] GC(154) Pause Young (Allocation Failure) 1687M->1687M(1871M) 32.599ms
[11.325s][info][gc,cpu         ] GC(154) User=0.03s Sys=0.00s Real=0.03s
[11.354s][info][gc,start       ] GC(155) Pause Young (Allocation Failure)
[11.389s][info][gc,heap        ] GC(155) PSYoungGen: 51360K(83456K)->27296K(87040K) Eden: 27136K(27136K)->0K(27136K) From: 24224K(56320K)->27296K(59904K)
[11.389s][info][gc,heap        ] GC(155) ParOldGen: 1704031K(1832448K)->1728431K(1832448K)
[11.389s][info][gc,metaspace   ] GC(155) Metaspace: 6302K(6528K)->6302K(6528K) NonClass: 5769K(5888K)->5769K(5888K) Class: 533K(640K)->533K(640K)
[11.389s][info][gc             ] GC(155) Pause Young (Allocation Failure) 1714M->1714M(1874M) 34.488ms
[11.389s][info][gc,cpu         ] GC(155) User=0.12s Sys=0.02s Real=0.03s
[11.417s][info][gc,start       ] GC(156) Pause Young (Allocation Failure)
[11.453s][info][gc,heap        ] GC(156) PSYoungGen: 54432K(87040K)->27360K(82944K) Eden: 27136K(27136K)->0K(30208K) From: 27296K(59904K)->27360K(52736K)
[11.453s][info][gc,heap        ] GC(156) ParOldGen: 1728431K(1832448K)->1755943K(1832448K)
[11.453s][info][gc,metaspace   ] GC(156) Metaspace: 6302K(6528K)->6302K(6528K) NonClass: 5769K(5888K)->5769K(5888K) Class: 533K(640K)->533K(640K)
[11.453s][info][gc             ] GC(156) Pause Young (Allocation Failure) 1741M->1741M(1870M) 36.482ms
[11.453s][info][gc,cpu         ] GC(156) User=0.16s Sys=0.00s Real=0.04s
[11.486s][info][gc,start       ] GC(157) Pause Young (Allocation Failure)
[11.522s][info][gc,heap        ] GC(157) PSYoungGen: 57568K(82944K)->30336K(85504K) Eden: 30208K(30208K)->0K(30208K) From: 27360K(52736K)->30336K(55296K)
[11.522s][info][gc,heap        ] GC(157) ParOldGen: 1755943K(1832448K)->1783447K(1832448K)
[11.522s][info][gc,metaspace   ] GC(157) Metaspace: 6302K(6528K)->6302K(6528K) NonClass: 5769K(5888K)->5769K(5888K) Class: 533K(640K)->533K(640K)
[11.522s][info][gc             ] GC(157) Pause Young (Allocation Failure) 1771M->1771M(1873M) 36.313ms
[11.522s][info][gc,cpu         ] GC(157) User=0.14s Sys=0.00s Real=0.04s
[11.553s][info][gc,start       ] GC(158) Pause Young (Allocation Failure)
[11.590s][info][gc,heap        ] GC(158) PSYoungGen: 60544K(85504K)->30368K(86528K) Eden: 30208K(30208K)->0K(33792K) From: 30336K(55296K)->30368K(52736K)
[11.590s][info][gc,heap        ] GC(158) ParOldGen: 1783447K(1832448K)->1814071K(1832448K)
[11.590s][info][gc,metaspace   ] GC(158) Metaspace: 6302K(6528K)->6302K(6528K) NonClass: 5769K(5888K)->5769K(5888K) Class: 533K(640K)->533K(640K)
[11.590s][info][gc             ] GC(158) Pause Young (Allocation Failure) 1800M->1801M(1874M) 36.369ms
[11.590s][info][gc,cpu         ] GC(158) User=0.28s Sys=0.00s Real=0.04s
[11.590s][info][gc,start       ] GC(159) Pause Full (Ergonomics)
[11.590s][info][gc,phases,start] GC(159) Marking Phase
[12.013s][info][gc,phases      ] GC(159) Marking Phase 422.971ms
[12.013s][info][gc,phases,start] GC(159) Summary Phase
[12.013s][info][gc,phases      ] GC(159) Summary Phase 0.030ms
[12.013s][info][gc,phases,start] GC(159) Adjust Roots
[12.013s][info][gc,phases      ] GC(159) Adjust Roots 0.182ms
[12.013s][info][gc,phases,start] GC(159) Compaction Phase
[12.193s][info][gc,phases      ] GC(159) Compaction Phase 180.338ms
[12.193s][info][gc,phases,start] GC(159) Post Compact
[12.197s][info][gc,phases      ] GC(159) Post Compact 3.344ms
[12.198s][info][gc,heap        ] GC(159) PSYoungGen: 30368K(86528K)->10282K(87552K) Eden: 0K(33792K)->0K(34816K) From: 30368K(52736K)->10282K(52736K)
[12.198s][info][gc,heap        ] GC(159) ParOldGen: 1814071K(1832448K)->1831943K(2011648K)
[12.198s][info][gc,metaspace   ] GC(159) Metaspace: 6302K(6528K)->6302K(6528K) NonClass: 5769K(5888K)->5769K(5888K) Class: 533K(640K)->533K(640K)
[12.198s][info][gc             ] GC(159) Pause Full (Ergonomics) 1801M->1799M(2050M) 607.871ms
[12.198s][info][gc,cpu         ] GC(159) User=4.27s Sys=0.02s Real=0.61s
[12.239s][info][gc,start       ] GC(160) Pause Young (Allocation Failure)
[12.338s][info][gc,heap        ] GC(160) PSYoungGen: 45098K(87552K)->35040K(88576K) Eden: 34816K(34816K)->0K(34816K) From: 10282K(52736K)->35040K(53760K)
[12.338s][info][gc,heap        ] GC(160) ParOldGen: 1831943K(2011648K)->1842383K(2011648K)
[12.338s][info][gc,metaspace   ] GC(160) Metaspace: 6302K(6528K)->6302K(6528K) NonClass: 5769K(5888K)->5769K(5888K) Class: 533K(640K)->533K(640K)
[12.338s][info][gc             ] GC(160) Pause Young (Allocation Failure) 1833M->1833M(2051M) 99.130ms
[12.338s][info][gc,cpu         ] GC(160) User=0.67s Sys=0.00s Real=0.10s
[12.378s][info][gc,start       ] GC(161) Pause Young (Allocation Failure)
[12.419s][info][gc,heap        ] GC(161) PSYoungGen: 69856K(88576K)->54272K(79360K) Eden: 34816K(34816K)->0K(25088K) From: 35040K(53760K)->54272K(54272K)
[12.419s][info][gc,heap        ] GC(161) ParOldGen: 1842383K(2011648K)->1857999K(2011648K)
[12.419s][info][gc,metaspace   ] GC(161) Metaspace: 6302K(6528K)->6302K(6528K) NonClass: 5769K(5888K)->5769K(5888K) Class: 533K(640K)->533K(640K)
[12.419s][info][gc             ] GC(161) Pause Young (Allocation Failure) 1867M->1867M(2042M) 40.819ms
[12.419s][info][gc,cpu         ] GC(161) User=0.17s Sys=0.00s Real=0.04s
[12.446s][info][gc,start       ] GC(162) Pause Young (Allocation Failure)
[12.489s][info][gc,heap        ] GC(162) PSYoungGen: 79360K(79360K)->25248K(92672K) Eden: 25088K(25088K)->0K(25088K) From: 54272K(54272K)->25248K(67584K)
[12.489s][info][gc,heap        ] GC(162) ParOldGen: 1857999K(2011648K)->1912959K(2011648K)
[12.489s][info][gc,metaspace   ] GC(162) Metaspace: 6302K(6528K)->6302K(6528K) NonClass: 5769K(5888K)->5769K(5888K) Class: 533K(640K)->533K(640K)
[12.489s][info][gc             ] GC(162) Pause Young (Allocation Failure) 1891M->1892M(2055M) 43.619ms
[12.489s][info][gc,cpu         ] GC(162) User=0.23s Sys=0.02s Real=0.04s
[12.518s][info][gc,start       ] GC(163) Pause Young (Allocation Failure)
[12.551s][info][gc,heap        ] GC(163) PSYoungGen: 50336K(92672K)->50400K(88576K) Eden: 25088K(25088K)->0K(23552K) From: 25248K(67584K)->50400K(65024K)
[12.551s][info][gc,heap        ] GC(163) ParOldGen: 1912959K(2011648K)->1912959K(2011648K)
[12.551s][info][gc,metaspace   ] GC(163) Metaspace: 6302K(6528K)->6302K(6528K) NonClass: 5769K(5888K)->5769K(5888K) Class: 533K(640K)->533K(640K)
[12.551s][info][gc             ] GC(163) Pause Young (Allocation Failure) 1917M->1917M(2051M) 33.717ms
[12.552s][info][gc,cpu         ] GC(163) User=0.14s Sys=0.00s Real=0.03s
[12.582s][info][gc,start       ] GC(164) Pause Young (Allocation Failure)
[12.623s][info][gc,heap        ] GC(164) PSYoungGen: 73952K(88576K)->48800K(92672K) Eden: 23552K(23552K)->0K(23552K) From: 50400K(65024K)->48800K(69120K)
[12.623s][info][gc,heap        ] GC(164) ParOldGen: 1912959K(2011648K)->1938375K(2011648K)
[12.623s][info][gc,metaspace   ] GC(164) Metaspace: 6302K(6528K)->6302K(6528K) NonClass: 5769K(5888K)->5769K(5888K) Class: 533K(640K)->533K(640K)
[12.623s][info][gc             ] GC(164) Pause Young (Allocation Failure) 1940M->1940M(2055M) 41.809ms
[12.623s][info][gc,cpu         ] GC(164) User=0.25s Sys=0.02s Real=0.04s
[12.652s][info][gc,start       ] GC(165) Pause Young (Allocation Failure)
[12.694s][info][gc,heap        ] GC(165) PSYoungGen: 72352K(92672K)->47328K(96256K) Eden: 23552K(23552K)->0K(25088K) From: 48800K(69120K)->47328K(71168K)
[12.694s][info][gc,heap        ] GC(165) ParOldGen: 1938375K(2011648K)->1963791K(2011648K)
[12.694s][info][gc,metaspace   ] GC(165) Metaspace: 6302K(6528K)->6302K(6528K) NonClass: 5769K(5888K)->5769K(5888K) Class: 533K(640K)->533K(640K)
[12.694s][info][gc             ] GC(165) Pause Young (Allocation Failure) 1963M->1963M(2058M) 42.209ms
[12.694s][info][gc,cpu         ] GC(165) User=0.20s Sys=0.02s Real=0.04s
[12.727s][info][gc,start       ] GC(166) Pause Young (Allocation Failure)
[12.771s][info][gc,heap        ] GC(166) PSYoungGen: 72416K(96256K)->48800K(97792K) Eden: 25088K(25088K)->0K(25088K) From: 47328K(71168K)->48800K(72704K)
[12.771s][info][gc,heap        ] GC(166) ParOldGen: 1963791K(2011648K)->1987655K(2011648K)
[12.771s][info][gc,metaspace   ] GC(166) Metaspace: 6302K(6528K)->6302K(6528K) NonClass: 5769K(5888K)->5769K(5888K) Class: 533K(640K)->533K(640K)
[12.771s][info][gc             ] GC(166) Pause Young (Allocation Failure) 1988M->1988M(2060M) 43.629ms
[12.771s][info][gc,cpu         ] GC(166) User=0.22s Sys=0.00s Real=0.04s
[12.771s][info][gc,start       ] GC(167) Pause Full (Ergonomics)
[12.771s][info][gc,phases,start] GC(167) Marking Phase
[13.234s][info][gc,phases      ] GC(167) Marking Phase 462.829ms
[13.234s][info][gc,phases,start] GC(167) Summary Phase
[13.234s][info][gc,phases      ] GC(167) Summary Phase 0.036ms
[13.234s][info][gc,phases,start] GC(167) Adjust Roots
[13.234s][info][gc,phases      ] GC(167) Adjust Roots 0.167ms
[13.234s][info][gc,phases,start] GC(167) Compaction Phase
[13.427s][info][gc,phases      ] GC(167) Compaction Phase 192.652ms
[13.427s][info][gc,phases,start] GC(167) Post Compact
[13.431s][info][gc,phases      ] GC(167) Post Compact 3.879ms
[13.432s][info][gc,heap        ] GC(167) PSYoungGen: 48800K(97792K)->22518K(97792K) Eden: 0K(25088K)->0K(25088K) From: 48800K(72704K)->22518K(72704K)
[13.432s][info][gc,heap        ] GC(167) ParOldGen: 1987655K(2011648K)->2011495K(2209792K)
[13.432s][info][gc,metaspace   ] GC(167) Metaspace: 6302K(6528K)->6302K(6528K) NonClass: 5769K(5888K)->5769K(5888K) Class: 533K(640K)->533K(640K)
[13.432s][info][gc             ] GC(167) Pause Full (Ergonomics) 1988M->1986M(2253M) 660.735ms
[13.432s][info][gc,cpu         ] GC(167) User=4.69s Sys=0.05s Real=0.66s
[13.462s][info][gc,start       ] GC(168) Pause Young (Allocation Failure)
[13.571s][info][gc,heap        ] GC(168) PSYoungGen: 47606K(97792K)->36576K(93696K) Eden: 25088K(25088K)->0K(27648K) From: 22518K(72704K)->36576K(66048K)
[13.571s][info][gc,heap        ] GC(168) ParOldGen: 2011495K(2209792K)->2022879K(2209792K)
[13.571s][info][gc,metaspace   ] GC(168) Metaspace: 6302K(6528K)->6302K(6528K) NonClass: 5769K(5888K)->5769K(5888K) Class: 533K(640K)->533K(640K)
[13.571s][info][gc             ] GC(168) Pause Young (Allocation Failure) 2010M->2011M(2249M) 109.886ms
[13.571s][info][gc,cpu         ] GC(168) User=0.73s Sys=0.00s Real=0.11s
[13.600s][info][gc,start       ] GC(169) Pause Young (Allocation Failure)
[13.638s][info][gc,heap        ] GC(169) PSYoungGen: 64224K(93696K)->64288K(97792K) Eden: 27648K(27648K)->0K(27648K) From: 36576K(66048K)->64288K(70144K)
[13.638s][info][gc,heap        ] GC(169) ParOldGen: 2022879K(2209792K)->2022879K(2209792K)
[13.638s][info][gc,metaspace   ] GC(169) Metaspace: 6302K(6528K)->6302K(6528K) NonClass: 5769K(5888K)->5769K(5888K) Class: 533K(640K)->533K(640K)
[13.638s][info][gc             ] GC(169) Pause Young (Allocation Failure) 2038M->2038M(2253M) 38.070ms
[13.638s][info][gc,cpu         ] GC(169) User=0.17s Sys=0.00s Real=0.04s
[13.667s][info][gc,start       ] GC(170) Pause Young (Allocation Failure)
[13.716s][info][gc,heap        ] GC(170) PSYoungGen: 91936K(97792K)->77312K(92672K) Eden: 27648K(27648K)->0K(15360K) From: 64288K(70144K)->77312K(77312K)
[13.717s][info][gc,heap        ] GC(170) ParOldGen: 2022879K(2209792K)->2037567K(2209792K)
[13.717s][info][gc,metaspace   ] GC(170) Metaspace: 6302K(6528K)->6302K(6528K) NonClass: 5769K(5888K)->5769K(5888K) Class: 533K(640K)->533K(640K)
[13.717s][info][gc             ] GC(170) Pause Young (Allocation Failure) 2065M->2065M(2248M) 49.377ms
[13.717s][info][gc,cpu         ] GC(170) User=0.28s Sys=0.00s Real=0.05s
[13.733s][info][gc,start       ] GC(171) Pause Young (Allocation Failure)
[13.781s][info][gc,heap        ] GC(171) PSYoungGen: 92672K(92672K)->61536K(108032K) Eden: 15360K(15360K)->0K(15360K) From: 77312K(77312K)->61536K(92672K)
[13.781s][info][gc,heap        ] GC(171) ParOldGen: 2037567K(2209792K)->2069207K(2209792K)
[13.781s][info][gc,metaspace   ] GC(171) Metaspace: 6302K(6528K)->6302K(6528K) NonClass: 5769K(5888K)->5769K(5888K) Class: 533K(640K)->533K(640K)
[13.781s][info][gc             ] GC(171) Pause Young (Allocation Failure) 2080M->2080M(2263M) 48.086ms
[13.781s][info][gc,cpu         ] GC(171) User=0.22s Sys=0.03s Real=0.05s
[13.797s][info][gc,start       ] GC(172) Pause Young (Allocation Failure)
[13.838s][info][gc,heap        ] GC(172) PSYoungGen: 76896K(108032K)->52192K(106496K) Eden: 15360K(15360K)->0K(17408K) From: 61536K(92672K)->52192K(89088K)
[13.839s][info][gc,heap        ] GC(172) ParOldGen: 2069207K(2209792K)->2094207K(2209792K)
[13.839s][info][gc,metaspace   ] GC(172) Metaspace: 6302K(6528K)->6302K(6528K) NonClass: 5769K(5888K)->5769K(5888K) Class: 533K(640K)->533K(640K)
[13.839s][info][gc             ] GC(172) Pause Young (Allocation Failure) 2095M->2096M(2262M) 41.232ms
[13.839s][info][gc,cpu         ] GC(172) User=0.27s Sys=0.00s Real=0.04s
[13.857s][info][gc,start       ] GC(173) Pause Young (Allocation Failure)
[13.896s][info][gc,heap        ] GC(173) PSYoungGen: 69600K(106496K)->32928K(109056K) Eden: 17408K(17408K)->0K(17408K) From: 52192K(89088K)->32928K(91648K)
[13.897s][info][gc,heap        ] GC(173) ParOldGen: 2094207K(2209792K)->2131391K(2209792K)
[13.897s][info][gc,metaspace   ] GC(173) Metaspace: 6302K(6528K)->6302K(6528K) NonClass: 5769K(5888K)->5769K(5888K) Class: 533K(640K)->533K(640K)
[13.897s][info][gc             ] GC(173) Pause Young (Allocation Failure) 2113M->2113M(2264M) 39.756ms
[13.897s][info][gc,cpu         ] GC(173) User=0.23s Sys=0.02s Real=0.04s
[13.915s][info][gc,start       ] GC(174) Pause Young (Allocation Failure)
[13.949s][info][gc,heap        ] GC(174) PSYoungGen: 50336K(109056K)->17536K(109056K) Eden: 17408K(17408K)->0K(19456K) From: 32928K(91648K)->17536K(89600K)
[13.949s][info][gc,heap        ] GC(174) ParOldGen: 2131391K(2209792K)->2164575K(2209792K)
[13.949s][info][gc,metaspace   ] GC(174) Metaspace: 6302K(6528K)->6302K(6528K) NonClass: 5769K(5888K)->5769K(5888K) Class: 533K(640K)->533K(640K)
[13.949s][info][gc             ] GC(174) Pause Young (Allocation Failure) 2130M->2130M(2264M) 33.975ms
[13.949s][info][gc,cpu         ] GC(174) User=0.14s Sys=0.00s Real=0.03s
[13.949s][info][gc,start       ] GC(175) Pause Full (Ergonomics)
[13.949s][info][gc,phases,start] GC(175) Marking Phase
[14.454s][info][gc,phases      ] GC(175) Marking Phase 504.719ms
[14.454s][info][gc,phases,start] GC(175) Summary Phase
[14.454s][info][gc,phases      ] GC(175) Summary Phase 0.044ms
[14.454s][info][gc,phases,start] GC(175) Adjust Roots
[14.454s][info][gc,phases      ] GC(175) Adjust Roots 0.167ms
[14.454s][info][gc,phases,start] GC(175) Compaction Phase
[14.653s][info][gc,phases      ] GC(175) Compaction Phase 199.246ms
[14.654s][info][gc,phases,start] GC(175) Post Compact
[14.657s][info][gc,phases      ] GC(175) Post Compact 3.825ms
[14.658s][info][gc,heap        ] GC(175) PSYoungGen: 17536K(109056K)->0K(109568K) Eden: 0K(19456K)->0K(19456K) From: 17536K(89600K)->0K(90112K)
[14.658s][info][gc,heap        ] GC(175) ParOldGen: 2164575K(2209792K)->2179721K(2398720K)
[14.658s][info][gc,metaspace   ] GC(175) Metaspace: 6302K(6528K)->6302K(6528K) NonClass: 5769K(5888K)->5769K(5888K) Class: 533K(640K)->533K(640K)
[14.658s][info][gc             ] GC(175) Pause Full (Ergonomics) 2130M->2128M(2449M) 708.980ms
[14.658s][info][gc,cpu         ] GC(175) User=5.16s Sys=0.00s Real=0.71s
[14.680s][info][gc,start       ] GC(176) Pause Young (Allocation Failure)
[14.709s][info][gc,heap        ] GC(176) PSYoungGen: 19456K(109568K)->19584K(108544K) Eden: 19456K(19456K)->0K(21504K) From: 0K(90112K)->19584K(87040K)
[14.709s][info][gc,heap        ] GC(176) ParOldGen: 2179721K(2398720K)->2179721K(2398720K)
[14.709s][info][gc,metaspace   ] GC(176) Metaspace: 6302K(6528K)->6302K(6528K) NonClass: 5769K(5888K)->5769K(5888K) Class: 533K(640K)->533K(640K)
[14.709s][info][gc             ] GC(176) Pause Young (Allocation Failure) 2147M->2147M(2448M) 28.440ms
[14.709s][info][gc,cpu         ] GC(176) User=0.02s Sys=0.00s Real=0.03s
[14.739s][info][gc,start       ] GC(177) Pause Young (Allocation Failure)
[14.770s][info][gc,heap        ] GC(177) PSYoungGen: 41088K(108544K)->41056K(62976K) Eden: 21504K(21504K)->0K(21504K) From: 19584K(87040K)->41056K(41472K)
[14.770s][info][gc,heap        ] GC(177) ParOldGen: 2179721K(2398720K)->2179721K(2398720K)
[14.770s][info][gc,metaspace   ] GC(177) Metaspace: 6302K(6528K)->6302K(6528K) NonClass: 5769K(5888K)->5769K(5888K) Class: 533K(640K)->533K(640K)
[14.770s][info][gc             ] GC(177) Pause Young (Allocation Failure) 2168M->2168M(2404M) 30.988ms
[14.770s][info][gc,cpu         ] GC(177) User=0.05s Sys=0.00s Real=0.03s
[14.799s][info][gc,start       ] GC(178) Pause Young (Allocation Failure)
[14.837s][info][gc,heap        ] GC(178) PSYoungGen: 62560K(62976K)->62656K(104448K) Eden: 21504K(21504K)->0K(19968K) From: 41056K(41472K)->62656K(84480K)
[14.837s][info][gc,heap        ] GC(178) ParOldGen: 2179721K(2398720K)->2179721K(2398720K)
[14.837s][info][gc,metaspace   ] GC(178) Metaspace: 6302K(6528K)->6302K(6528K) NonClass: 5769K(5888K)->5769K(5888K) Class: 533K(640K)->533K(640K)
[14.837s][info][gc             ] GC(178) Pause Young (Allocation Failure) 2189M->2189M(2444M) 37.708ms
[14.837s][info][gc,cpu         ] GC(178) User=0.17s Sys=0.00s Real=0.04s
[14.861s][info][gc,start       ] GC(179) Pause Young (Allocation Failure)
[14.907s][info][gc,heap        ] GC(179) PSYoungGen: 82624K(104448K)->63136K(108544K) Eden: 19968K(19968K)->0K(19968K) From: 62656K(84480K)->63136K(88576K)
[14.907s][info][gc,heap        ] GC(179) ParOldGen: 2179721K(2398720K)->2199449K(2398720K)
[14.907s][info][gc,metaspace   ] GC(179) Metaspace: 6302K(6528K)->6302K(6528K) NonClass: 5769K(5888K)->5769K(5888K) Class: 533K(640K)->533K(640K)
[14.907s][info][gc             ] GC(179) Pause Young (Allocation Failure) 2209M->2209M(2448M) 45.543ms
[14.907s][info][gc,cpu         ] GC(179) User=0.27s Sys=0.00s Real=0.05s
[14.930s][info][gc,start       ] GC(180) Pause Young (Allocation Failure)
[14.975s][info][gc,heap        ] GC(180) PSYoungGen: 83104K(108544K)->61600K(112640K) Eden: 19968K(19968K)->0K(20992K) From: 63136K(88576K)->61600K(91648K)
[14.975s][info][gc,heap        ] GC(180) ParOldGen: 2199449K(2398720K)->2221265K(2398720K)
[14.975s][info][gc,metaspace   ] GC(180) Metaspace: 6302K(6528K)->6302K(6528K) NonClass: 5769K(5888K)->5769K(5888K) Class: 533K(640K)->533K(640K)
[14.975s][info][gc             ] GC(180) Pause Young (Allocation Failure) 2229M->2229M(2452M) 44.644ms
[14.975s][info][gc,cpu         ] GC(180) User=0.23s Sys=0.02s Real=0.04s
[14.998s][info][gc,start       ] GC(181) Pause Young (Allocation Failure)
[15.043s][info][gc,heap        ] GC(181) PSYoungGen: 82592K(112640K)->61152K(114176K) Eden: 20992K(20992K)->0K(20992K) From: 61600K(91648K)->61152K(93184K)
[15.043s][info][gc,heap        ] GC(181) ParOldGen: 2221265K(2398720K)->2243073K(2398720K)
[15.043s][info][gc,metaspace   ] GC(181) Metaspace: 6302K(6528K)->6302K(6528K) NonClass: 5769K(5888K)->5769K(5888K) Class: 533K(640K)->533K(640K)
[15.043s][info][gc             ] GC(181) Pause Young (Allocation Failure) 2249M->2250M(2454M) 44.511ms
[15.043s][info][gc,cpu         ] GC(181) User=0.25s Sys=0.02s Real=0.04s
[15.067s][info][gc,start       ] GC(182) Pause Young (Allocation Failure)
[15.111s][info][gc,heap        ] GC(182) PSYoungGen: 82144K(114176K)->62144K(116736K) Eden: 20992K(20992K)->0K(23040K) From: 61152K(93184K)->62144K(93696K)
[15.112s][info][gc,heap        ] GC(182) ParOldGen: 2243073K(2398720K)->2263273K(2398720K)
[15.112s][info][gc,metaspace   ] GC(182) Metaspace: 6302K(6528K)->6302K(6528K) NonClass: 5769K(5888K)->5769K(5888K) Class: 533K(640K)->533K(640K)
[15.112s][info][gc             ] GC(182) Pause Young (Allocation Failure) 2270M->2270M(2456M) 44.179ms
[15.112s][info][gc,cpu         ] GC(182) User=0.23s Sys=0.03s Real=0.04s
[15.137s][info][gc,start       ] GC(183) Pause Young (Allocation Failure)
[15.181s][info][gc,heap        ] GC(183) PSYoungGen: 85184K(116736K)->65184K(117760K) Eden: 23040K(23040K)->0K(23040K) From: 62144K(93696K)->65184K(94720K)
[15.181s][info][gc,heap        ] GC(183) ParOldGen: 2263273K(2398720K)->2283417K(2398720K)
[15.181s][info][gc,metaspace   ] GC(183) Metaspace: 6302K(6528K)->6302K(6528K) NonClass: 5769K(5888K)->5769K(5888K) Class: 533K(640K)->533K(640K)
[15.181s][info][gc             ] GC(183) Pause Young (Allocation Failure) 2293M->2293M(2457M) 44.318ms
[15.182s][info][gc,cpu         ] GC(183) User=0.23s Sys=0.02s Real=0.04s
[15.208s][info][gc,start       ] GC(184) Pause Young (Allocation Failure)
[15.255s][info][gc,heap        ] GC(184) PSYoungGen: 88224K(117760K)->46208K(114688K) Eden: 23040K(23040K)->0K(26112K) From: 65184K(94720K)->46208K(88576K)
[15.255s][info][gc,heap        ] GC(184) ParOldGen: 2283417K(2398720K)->2325761K(2398720K)
[15.255s][info][gc,metaspace   ] GC(184) Metaspace: 6302K(6528K)->6302K(6528K) NonClass: 5769K(5888K)->5769K(5888K) Class: 533K(640K)->533K(640K)
[15.255s][info][gc             ] GC(184) Pause Young (Allocation Failure) 2316M->2316M(2454M) 46.626ms
[15.255s][info][gc,cpu         ] GC(184) User=0.27s Sys=0.00s Real=0.05s
[15.285s][info][gc,start       ] GC(185) Pause Young (Allocation Failure)
[15.326s][info][gc,heap        ] GC(185) PSYoungGen: 72320K(114688K)->26240K(118272K) Eden: 26112K(26112K)->0K(26112K) From: 46208K(88576K)->26240K(92160K)
[15.326s][info][gc,heap        ] GC(185) ParOldGen: 2325761K(2398720K)->2372233K(2398720K)
[15.326s][info][gc,metaspace   ] GC(185) Metaspace: 6302K(6528K)->6302K(6528K) NonClass: 5769K(5888K)->5769K(5888K) Class: 533K(640K)->533K(640K)
[15.326s][info][gc             ] GC(185) Pause Young (Allocation Failure) 2341M->2342M(2458M) 40.954ms
[15.326s][info][gc,cpu         ] GC(185) User=0.23s Sys=0.03s Real=0.04s
[15.326s][info][gc,start       ] GC(186) Pause Full (Ergonomics)
[15.326s][info][gc,phases,start] GC(186) Marking Phase
[15.885s][info][gc,phases      ] GC(186) Marking Phase 558.480ms
[15.885s][info][gc,phases,start] GC(186) Summary Phase
[15.885s][info][gc,phases      ] GC(186) Summary Phase 0.074ms
[15.885s][info][gc,phases,start] GC(186) Adjust Roots
[15.885s][info][gc,phases      ] GC(186) Adjust Roots 0.194ms
[15.885s][info][gc,phases,start] GC(186) Compaction Phase
[16.097s][info][gc,phases      ] GC(186) Compaction Phase 212.480ms
[16.098s][info][gc,phases,start] GC(186) Post Compact
[16.102s][info][gc,phases      ] GC(186) Post Compact 4.707ms
[16.103s][info][gc,heap        ] GC(186) PSYoungGen: 26240K(118272K)->0K(121856K) Eden: 0K(26112K)->0K(29696K) From: 26240K(92160K)->0K(92160K)
[16.103s][info][gc,heap        ] GC(186) ParOldGen: 2372233K(2398720K)->2395987K(2636288K)
[16.103s][info][gc,metaspace   ] GC(186) Metaspace: 6302K(6528K)->6302K(6528K) NonClass: 5769K(5888K)->5769K(5888K) Class: 533K(640K)->533K(640K)
[16.103s][info][gc             ] GC(186) Pause Full (Ergonomics) 2342M->2339M(2693M) 777.375ms
[16.103s][info][gc,cpu         ] GC(186) User=5.69s Sys=0.03s Real=0.78s
[16.142s][info][gc,start       ] GC(187) Pause Young (Allocation Failure)
[16.169s][info][gc,heap        ] GC(187) PSYoungGen: 29696K(121856K)->29824K(121856K) Eden: 29696K(29696K)->0K(29696K) From: 0K(92160K)->29824K(92160K)
[16.169s][info][gc,heap        ] GC(187) ParOldGen: 2395987K(2636288K)->2395987K(2636288K)
[16.169s][info][gc,metaspace   ] GC(187) Metaspace: 6302K(6528K)->6302K(6528K) NonClass: 5769K(5888K)->5769K(5888K) Class: 533K(640K)->533K(640K)
[16.169s][info][gc             ] GC(187) Pause Young (Allocation Failure) 2368M->2368M(2693M) 27.126ms
[16.169s][info][gc,cpu         ] GC(187) User=0.05s Sys=0.00s Real=0.03s
[16.204s][info][gc,start       ] GC(188) Pause Young (Allocation Failure)
[16.242s][info][gc,heap        ] GC(188) PSYoungGen: 59520K(121856K)->59552K(123392K) Eden: 29696K(29696K)->0K(32256K) From: 29824K(92160K)->59552K(91136K)
[16.242s][info][gc,heap        ] GC(188) ParOldGen: 2395987K(2636288K)->2395987K(2636288K)
[16.242s][info][gc,metaspace   ] GC(188) Metaspace: 6302K(6528K)->6302K(6528K) NonClass: 5769K(5888K)->5769K(5888K) Class: 533K(640K)->533K(640K)
[16.242s][info][gc             ] GC(188) Pause Young (Allocation Failure) 2397M->2397M(2695M) 37.991ms
[16.242s][info][gc,cpu         ] GC(188) User=0.17s Sys=0.00s Real=0.04s
[16.282s][info][gc,start       ] GC(189) Pause Young (Allocation Failure)
[16.331s][info][gc,heap        ] GC(189) PSYoungGen: 91808K(123392K)->91648K(123904K) Eden: 32256K(32256K)->0K(32256K) From: 59552K(91136K)->91648K(91648K)
[16.331s][info][gc,heap        ] GC(189) ParOldGen: 2395987K(2636288K)->2396187K(2636288K)
[16.331s][info][gc,metaspace   ] GC(189) Metaspace: 6302K(6528K)->6302K(6528K) NonClass: 5769K(5888K)->5769K(5888K) Class: 533K(640K)->533K(640K)
[16.331s][info][gc             ] GC(189) Pause Young (Allocation Failure) 2429M->2429M(2695M) 48.553ms
[16.331s][info][gc,cpu         ] GC(189) User=0.28s Sys=0.00s Real=0.05s
[16.368s][info][gc,start       ] GC(190) Pause Young (Allocation Failure)
[16.432s][info][gc,heap        ] GC(190) PSYoungGen: 123904K(123904K)->64640K(138240K) Eden: 32256K(32256K)->0K(35840K) From: 91648K(91648K)->64640K(102400K)
[16.432s][info][gc,heap        ] GC(190) ParOldGen: 2396187K(2636288K)->2455963K(2636288K)
[16.432s][info][gc,metaspace   ] GC(190) Metaspace: 6302K(6528K)->6302K(6528K) NonClass: 5769K(5888K)->5769K(5888K) Class: 533K(640K)->533K(640K)
[16.432s][info][gc             ] GC(190) Pause Young (Allocation Failure) 2461M->2461M(2709M) 64.053ms
[16.432s][info][gc,cpu         ] GC(190) User=0.33s Sys=0.05s Real=0.06s
[16.478s][info][gc,start       ] GC(191) Pause Young (Allocation Failure)
[16.532s][info][gc,heap        ] GC(191) PSYoungGen: 100480K(138240K)->68288K(138752K) Eden: 35840K(35840K)->0K(35840K) From: 64640K(102400K)->68288K(102912K)
[16.532s][info][gc,heap        ] GC(191) ParOldGen: 2455963K(2636288K)->2488451K(2636288K)
[16.532s][info][gc,metaspace   ] GC(191) Metaspace: 6302K(6528K)->6302K(6528K) NonClass: 5769K(5888K)->5769K(5888K) Class: 533K(640K)->533K(640K)
[16.532s][info][gc             ] GC(191) Pause Young (Allocation Failure) 2496M->2496M(2710M) 54.752ms
[16.532s][info][gc,cpu         ] GC(191) User=0.33s Sys=0.02s Real=0.05s
[16.575s][info][gc,start       ] GC(192) Pause Young (Allocation Failure)
[16.630s][info][gc,heap        ] GC(192) PSYoungGen: 104128K(138752K)->71936K(141824K) Eden: 35840K(35840K)->0K(38400K) From: 68288K(102912K)->71936K(103424K)
[16.630s][info][gc,heap        ] GC(192) ParOldGen: 2488451K(2636288K)->2520987K(2636288K)
[16.630s][info][gc,metaspace   ] GC(192) Metaspace: 6302K(6528K)->6302K(6528K) NonClass: 5769K(5888K)->5769K(5888K) Class: 533K(640K)->533K(640K)
[16.630s][info][gc             ] GC(192) Pause Young (Allocation Failure) 2531M->2532M(2713M) 55.046ms
[16.630s][info][gc,cpu         ] GC(192) User=0.36s Sys=0.00s Real=0.06s
[16.680s][info][gc,start       ] GC(193) Pause Young (Allocation Failure)
[16.738s][info][gc,heap        ] GC(193) PSYoungGen: 110336K(141824K)->74432K(143360K) Eden: 38400K(38400K)->0K(38400K) From: 71936K(103424K)->74432K(104960K)
[16.738s][info][gc,heap        ] GC(193) ParOldGen: 2520987K(2636288K)->2557163K(2636288K)
[16.738s][info][gc,metaspace   ] GC(193) Metaspace: 6302K(6528K)->6302K(6528K) NonClass: 5769K(5888K)->5769K(5888K) Class: 533K(640K)->533K(640K)
[16.738s][info][gc             ] GC(193) Pause Young (Allocation Failure) 2569M->2569M(2714M) 58.014ms
[16.738s][info][gc,cpu         ] GC(193) User=0.33s Sys=0.05s Real=0.06s
[16.788s][info][gc,start       ] GC(194) Pause Young (Allocation Failure)
[16.850s][info][gc,heap        ] GC(194) PSYoungGen: 112832K(143360K)->76960K(147968K) Eden: 38400K(38400K)->0K(40960K) From: 74432K(104960K)->76960K(107008K)
[16.850s][info][gc,heap        ] GC(194) ParOldGen: 2557163K(2636288K)->2593323K(2636288K)
[16.850s][info][gc,metaspace   ] GC(194) Metaspace: 6302K(6528K)->6302K(6528K) NonClass: 5769K(5888K)->5769K(5888K) Class: 533K(640K)->533K(640K)
[16.850s][info][gc             ] GC(194) Pause Young (Allocation Failure) 2607M->2607M(2719M) 61.330ms
[16.850s][info][gc,cpu         ] GC(194) User=0.38s Sys=0.00s Real=0.06s
[16.850s][info][gc,start       ] GC(195) Pause Full (Ergonomics)
[16.850s][info][gc,phases,start] GC(195) Marking Phase
[17.471s][info][gc,phases      ] GC(195) Marking Phase 620.629ms
[17.471s][info][gc,phases,start] GC(195) Summary Phase
[17.471s][info][gc,phases      ] GC(195) Summary Phase 0.060ms
[17.471s][info][gc,phases,start] GC(195) Adjust Roots
[17.471s][info][gc,phases      ] GC(195) Adjust Roots 0.270ms
[17.471s][info][gc,phases,start] GC(195) Compaction Phase
[17.697s][info][gc,phases      ] GC(195) Compaction Phase 226.470ms
[17.698s][info][gc,phases,start] GC(195) Post Compact
[17.702s][info][gc,phases      ] GC(195) Post Compact 4.906ms
[17.703s][info][gc,heap        ] GC(195) PSYoungGen: 76960K(147968K)->32274K(147968K) Eden: 0K(40960K)->0K(40960K) From: 76960K(107008K)->32274K(107008K)
[17.703s][info][gc,heap        ] GC(195) ParOldGen: 2593323K(2636288K)->2635843K(2907136K)
[17.704s][info][gc,metaspace   ] GC(195) Metaspace: 6302K(6528K)->6302K(6528K) NonClass: 5769K(5888K)->5769K(5888K) Class: 533K(640K)->533K(640K)
[17.704s][info][gc             ] GC(195) Pause Full (Ergonomics) 2607M->2605M(2983M) 853.644ms
[17.704s][info][gc,cpu         ] GC(195) User=6.64s Sys=0.00s Real=0.85s
[17.755s][info][gc,start       ] GC(196) Pause Young (Allocation Failure)
[17.908s][info][gc,heap        ] GC(196) PSYoungGen: 73234K(147968K)->57152K(98304K) Eden: 40960K(40960K)->0K(40960K) From: 32274K(107008K)->57152K(57344K)
[17.908s][info][gc,heap        ] GC(196) ParOldGen: 2635843K(2907136K)->2652323K(2907136K)
[17.908s][info][gc,metaspace   ] GC(196) Metaspace: 6302K(6528K)->6302K(6528K) NonClass: 5769K(5888K)->5769K(5888K) Class: 533K(640K)->533K(640K)
[17.908s][info][gc             ] GC(196) Pause Young (Allocation Failure) 2645M->2645M(2935M) 152.582ms
[17.908s][info][gc,cpu         ] GC(196) User=1.00s Sys=0.00s Real=0.15s
[17.952s][info][gc,start       ] GC(197) Pause Young (Allocation Failure)
[18.008s][info][gc,heap        ] GC(197) PSYoungGen: 98112K(98304K)->98176K(139776K) Eden: 40960K(40960K)->0K(35328K) From: 57152K(57344K)->98176K(104448K)
[18.008s][info][gc,heap        ] GC(197) ParOldGen: 2652323K(2907136K)->2652323K(2907136K)
[18.008s][info][gc,metaspace   ] GC(197) Metaspace: 6302K(6528K)->6302K(6528K) NonClass: 5769K(5888K)->5769K(5888K) Class: 533K(640K)->533K(640K)
[18.008s][info][gc             ] GC(197) Pause Young (Allocation Failure) 2685M->2686M(2975M) 56.027ms
[18.008s][info][gc,cpu         ] GC(197) User=0.30s Sys=0.03s Real=0.06s
[18.051s][info][gc,start       ] GC(198) Pause Young (Allocation Failure)
[18.126s][info][gc,heap        ] GC(198) PSYoungGen: 133504K(139776K)->114176K(149504K) Eden: 35328K(35328K)->0K(35328K) From: 98176K(104448K)->114176K(114176K)
[18.126s][info][gc,heap        ] GC(198) ParOldGen: 2652323K(2907136K)->2671731K(2907136K)
[18.126s][info][gc,metaspace   ] GC(198) Metaspace: 6302K(6528K)->6302K(6528K) NonClass: 5769K(5888K)->5769K(5888K) Class: 533K(640K)->533K(640K)
[18.126s][info][gc             ] GC(198) Pause Young (Allocation Failure) 2720M->2720M(2985M) 75.071ms
[18.127s][info][gc,cpu         ] GC(198) User=0.50s Sys=0.00s Real=0.08s
[18.167s][info][gc,start       ] GC(199) Pause Young (Allocation Failure)
[18.250s][info][gc,heap        ] GC(199) PSYoungGen: 149504K(149504K)->100992K(169984K) Eden: 35328K(35328K)->0K(34816K) From: 114176K(114176K)->100992K(135168K)
[18.250s][info][gc,heap        ] GC(199) ParOldGen: 2671731K(2907136K)->2720803K(2907136K)
[18.250s][info][gc,metaspace   ] GC(199) Metaspace: 6302K(6528K)->6302K(6528K) NonClass: 5769K(5888K)->5769K(5888K) Class: 533K(640K)->533K(640K)
[18.250s][info][gc             ] GC(199) Pause Young (Allocation Failure) 2755M->2755M(3005M) 82.904ms
[18.250s][info][gc,cpu         ] GC(199) User=0.41s Sys=0.00s Real=0.08s
[18.806s][info][gc,start       ] GC(200) Pause Full (Ergonomics)
[18.806s][info][gc,phases,start] GC(200) Marking Phase
[19.469s][info][gc,phases      ] GC(200) Marking Phase 662.676ms
[19.469s][info][gc,phases,start] GC(200) Summary Phase
[19.469s][info][gc,phases      ] GC(200) Summary Phase 0.048ms
[19.469s][info][gc,phases,start] GC(200) Adjust Roots
[19.469s][info][gc,phases      ] GC(200) Adjust Roots 0.159ms
[19.469s][info][gc,phases,start] GC(200) Compaction Phase
[19.931s][info][gc,phases      ] GC(200) Compaction Phase 462.345ms
[19.932s][info][gc,phases,start] GC(200) Post Compact
[19.938s][info][gc,phases      ] GC(200) Post Compact 6.258ms
[19.939s][info][gc,heap        ] GC(200) PSYoungGen: 135808K(169984K)->13785K(169984K) Eden: 34816K(34816K)->0K(34816K) From: 100992K(135168K)->13785K(135168K)
[19.939s][info][gc,heap        ] GC(200) ParOldGen: 2851875K(2907136K)->2907104K(3200512K)
[19.939s][info][gc,metaspace   ] GC(200) Metaspace: 6302K(6528K)->6302K(6528K) NonClass: 5769K(5888K)->5769K(5888K) Class: 533K(640K)->533K(640K)
[19.939s][info][gc             ] GC(200) Pause Full (Ergonomics) 2917M->2852M(3291M) 1132.827ms
[19.939s][info][gc,cpu         ] GC(200) User=7.78s Sys=0.08s Real=1.13s
[19.982s][info][gc,start       ] GC(201) Pause Young (Allocation Failure)
[20.133s][info][gc,heap        ] GC(201) PSYoungGen: 48601K(169984K)->45984K(174592K) Eden: 34816K(34816K)->0K(34816K) From: 13785K(135168K)->45984K(139776K)
[20.133s][info][gc,heap        ] GC(201) ParOldGen: 2907104K(3200512K)->2909992K(3200512K)
[20.133s][info][gc,metaspace   ] GC(201) Metaspace: 6302K(6528K)->6302K(6528K) NonClass: 5769K(5888K)->5769K(5888K) Class: 533K(640K)->533K(640K)
[20.133s][info][gc             ] GC(201) Pause Young (Allocation Failure) 2886M->2886M(3296M) 151.493ms
[20.133s][info][gc,cpu         ] GC(201) User=0.89s Sys=0.00s Real=0.15s
[20.171s][info][gc,start       ] GC(202) Pause Young (Allocation Failure)
[20.228s][info][gc,heap        ] GC(202) PSYoungGen: 80800K(174592K)->80800K(170496K) Eden: 34816K(34816K)->0K(38400K) From: 45984K(139776K)->80800K(132096K)
[20.228s][info][gc,heap        ] GC(202) ParOldGen: 2909992K(3200512K)->2909992K(3200512K)
[20.228s][info][gc,metaspace   ] GC(202) Metaspace: 6302K(6528K)->6302K(6528K) NonClass: 5769K(5888K)->5769K(5888K) Class: 533K(640K)->533K(640K)
[20.228s][info][gc             ] GC(202) Pause Young (Allocation Failure) 2920M->2920M(3292M) 56.678ms
[20.228s][info][gc,cpu         ] GC(202) User=0.19s Sys=0.00s Real=0.06s
[20.265s][info][gc,start       ] GC(203) Pause Young (Allocation Failure)
[20.333s][info][gc,heap        ] GC(203) PSYoungGen: 119200K(170496K)->119328K(173568K) Eden: 38400K(38400K)->0K(38400K) From: 80800K(132096K)->119328K(135168K)
[20.333s][info][gc,heap        ] GC(203) ParOldGen: 2909992K(3200512K)->2909992K(3200512K)
[20.333s][info][gc,metaspace   ] GC(203) Metaspace: 6302K(6528K)->6302K(6528K) NonClass: 5769K(5888K)->5769K(5888K) Class: 533K(640K)->533K(640K)
[20.333s][info][gc             ] GC(203) Pause Young (Allocation Failure) 2958M->2958M(3295M) 68.410ms
[20.333s][info][gc,cpu         ] GC(203) User=0.25s Sys=0.00s Real=0.07s
[20.370s][info][gc,start       ] GC(204) Pause Young (Allocation Failure)
[20.451s][info][gc,heap        ] GC(204) PSYoungGen: 157728K(173568K)->146432K(165888K) Eden: 38400K(38400K)->0K(19456K) From: 119328K(135168K)->146432K(146432K)
[20.451s][info][gc,heap        ] GC(204) ParOldGen: 2909992K(3200512K)->2921296K(3200512K)
[20.451s][info][gc,metaspace   ] GC(204) Metaspace: 6302K(6528K)->6302K(6528K) NonClass: 5769K(5888K)->5769K(5888K) Class: 533K(640K)->533K(640K)
[20.451s][info][gc             ] GC(204) Pause Young (Allocation Failure) 2995M->2995M(3287M) 80.215ms
[20.451s][info][gc,cpu         ] GC(204) User=0.38s Sys=0.02s Real=0.08s
[20.469s][info][gc,start       ] GC(205) Pause Young (Allocation Failure)
[20.550s][info][gc,heap        ] GC(205) PSYoungGen: 165888K(165888K)->125120K(188928K) Eden: 19456K(19456K)->0K(19456K) From: 146432K(146432K)->125120K(169472K)
[20.550s][info][gc,heap        ] GC(205) ParOldGen: 2921296K(3200512K)->2962560K(3200512K)
[20.550s][info][gc,metaspace   ] GC(205) Metaspace: 6302K(6528K)->6302K(6528K) NonClass: 5769K(5888K)->5769K(5888K) Class: 533K(640K)->533K(640K)
[20.550s][info][gc             ] GC(205) Pause Young (Allocation Failure) 3014M->3015M(3310M) 80.765ms
[20.550s][info][gc,cpu         ] GC(205) User=0.41s Sys=0.00s Real=0.08s
[20.569s][info][gc,start       ] GC(206) Pause Young (Allocation Failure)
[20.643s][info][gc,heap        ] GC(206) PSYoungGen: 144576K(188928K)->74592K(185856K) Eden: 19456K(19456K)->0K(22528K) From: 125120K(169472K)->74592K(163328K)
[20.643s][info][gc,heap        ] GC(206) ParOldGen: 2962560K(3200512K)->3033032K(3200512K)
[20.643s][info][gc,metaspace   ] GC(206) Metaspace: 6302K(6528K)->6302K(6528K) NonClass: 5769K(5888K)->5769K(5888K) Class: 533K(640K)->533K(640K)
[20.644s][info][gc             ] GC(206) Pause Young (Allocation Failure) 3034M->3034M(3307M) 75.001ms
[20.644s][info][gc,cpu         ] GC(206) User=0.42s Sys=0.03s Real=0.08s
[20.664s][info][gc,start       ] GC(207) Pause Young (Allocation Failure)
[20.724s][info][gc,heap        ] GC(207) PSYoungGen: 97120K(185856K)->42144K(192000K) Eden: 22528K(22528K)->0K(22528K) From: 74592K(163328K)->42144K(169472K)
[20.724s][info][gc,heap        ] GC(207) ParOldGen: 3033032K(3200512K)->3088440K(3200512K)
[20.724s][info][gc,metaspace   ] GC(207) Metaspace: 6302K(6528K)->6302K(6528K) NonClass: 5769K(5888K)->5769K(5888K) Class: 533K(640K)->533K(640K)
[20.724s][info][gc             ] GC(207) Pause Young (Allocation Failure) 3056M->3057M(3313M) 59.438ms
[20.724s][info][gc,cpu         ] GC(207) User=0.20s Sys=0.00s Real=0.06s
[20.748s][info][gc,start       ] GC(208) Pause Young (Allocation Failure)
[20.801s][info][gc,heap        ] GC(208) PSYoungGen: 64672K(192000K)->22656K(193536K) Eden: 22528K(22528K)->0K(24576K) From: 42144K(169472K)->22656K(168960K)
[20.801s][info][gc,heap        ] GC(208) ParOldGen: 3088440K(3200512K)->3130776K(3200512K)
[20.801s][info][gc,metaspace   ] GC(208) Metaspace: 6302K(6528K)->6302K(6528K) NonClass: 5769K(5888K)->5769K(5888K) Class: 533K(640K)->533K(640K)
[20.801s][info][gc             ] GC(208) Pause Young (Allocation Failure) 3079M->3079M(3314M) 53.865ms
[20.801s][info][gc,cpu         ] GC(208) User=0.12s Sys=0.02s Real=0.05s
[20.802s][info][gc,start       ] GC(209) Pause Full (Ergonomics)
[20.802s][info][gc,phases,start] GC(209) Marking Phase
[21.522s][info][gc,phases      ] GC(209) Marking Phase 720.867ms
[21.522s][info][gc,phases,start] GC(209) Summary Phase
[21.523s][info][gc,phases      ] GC(209) Summary Phase 0.058ms
[21.523s][info][gc,phases,start] GC(209) Adjust Roots
[21.523s][info][gc,phases      ] GC(209) Adjust Roots 0.167ms
[21.523s][info][gc,phases,start] GC(209) Compaction Phase
[21.827s][info][gc,phases      ] GC(209) Compaction Phase 304.038ms
[21.827s][info][gc,phases,start] GC(209) Post Compact
[21.833s][info][gc,phases      ] GC(209) Post Compact 5.882ms
[21.834s][info][gc,heap        ] GC(209) PSYoungGen: 22656K(193536K)->0K(195072K) Eden: 0K(24576K)->0K(24576K) From: 22656K(168960K)->0K(170496K)
[21.834s][info][gc,heap        ] GC(209) ParOldGen: 3130776K(3200512K)->3151030K(3488256K)
[21.834s][info][gc,metaspace   ] GC(209) Metaspace: 6302K(6528K)->6302K(6528K) NonClass: 5769K(5888K)->5769K(5888K) Class: 533K(640K)->533K(640K)
[21.834s][info][gc             ] GC(209) Pause Full (Ergonomics) 3079M->3077M(3597M) 1032.414ms
[21.834s][info][gc,cpu         ] GC(209) User=7.36s Sys=0.05s Real=1.03s
[21.859s][info][gc,start       ] GC(210) Pause Young (Allocation Failure)
[21.896s][info][gc,heap        ] GC(210) PSYoungGen: 24576K(195072K)->24704K(196608K) Eden: 24576K(24576K)->0K(27648K) From: 0K(170496K)->24704K(168960K)
[21.896s][info][gc,heap        ] GC(210) ParOldGen: 3151030K(3488256K)->3151030K(3488256K)
[21.896s][info][gc,metaspace   ] GC(210) Metaspace: 6302K(6528K)->6302K(6528K) NonClass: 5769K(5888K)->5769K(5888K) Class: 533K(640K)->533K(640K)
[21.896s][info][gc             ] GC(210) Pause Young (Allocation Failure) 3101M->3101M(3598M) 37.197ms
[21.896s][info][gc,cpu         ] GC(210) User=0.05s Sys=0.00s Real=0.04s
[21.929s][info][gc,start       ] GC(211) Pause Young (Allocation Failure)
[21.978s][info][gc,heap        ] GC(211) PSYoungGen: 52352K(196608K)->27840K(197632K) Eden: 27648K(27648K)->0K(27648K) From: 24704K(168960K)->27840K(169984K)
[21.978s][info][gc,heap        ] GC(211) ParOldGen: 3151030K(3488256K)->3175838K(3488256K)
[21.978s][info][gc,metaspace   ] GC(211) Metaspace: 6302K(6528K)->6302K(6528K) NonClass: 5769K(5888K)->5769K(5888K) Class: 533K(640K)->533K(640K)
[21.978s][info][gc             ] GC(211) Pause Young (Allocation Failure) 3128M->3128M(3599M) 49.092ms
[21.979s][info][gc,cpu         ] GC(211) User=0.14s Sys=0.02s Real=0.05s
[22.008s][info][gc,start       ] GC(212) Pause Young (Allocation Failure)
[22.056s][info][gc,heap        ] GC(212) PSYoungGen: 55488K(197632K)->27808K(192512K) Eden: 27648K(27648K)->0K(31232K) From: 27840K(169984K)->27808K(161280K)
[22.056s][info][gc,heap        ] GC(212) ParOldGen: 3175838K(3488256K)->3203734K(3488256K)
[22.056s][info][gc,metaspace   ] GC(212) Metaspace: 6302K(6528K)->6302K(6528K) NonClass: 5769K(5888K)->5769K(5888K) Class: 533K(640K)->533K(640K)
[22.056s][info][gc             ] GC(212) Pause Young (Allocation Failure) 3155M->3155M(3594M) 47.878ms
[22.056s][info][gc,cpu         ] GC(212) User=0.14s Sys=0.02s Real=0.05s
[22.087s][info][gc,start       ] GC(213) Pause Young (Allocation Failure)
[22.137s][info][gc,heap        ] GC(213) PSYoungGen: 59040K(192512K)->31392K(62976K) Eden: 31232K(31232K)->0K(31232K) From: 27808K(161280K)->31392K(31744K)
[22.137s][info][gc,heap        ] GC(213) ParOldGen: 3203734K(3488256K)->3231622K(3488256K)
[22.137s][info][gc,metaspace   ] GC(213) Metaspace: 6302K(6528K)->6302K(6528K) NonClass: 5769K(5888K)->5769K(5888K) Class: 533K(640K)->533K(640K)
[22.137s][info][gc             ] GC(213) Pause Young (Allocation Failure) 3186M->3186M(3468M) 49.424ms
[22.137s][info][gc,cpu         ] GC(213) User=0.09s Sys=0.00s Real=0.05s
[22.166s][info][gc,start       ] GC(214) Pause Young (Allocation Failure)
[22.213s][info][gc,heap        ] GC(214) PSYoungGen: 62624K(62976K)->31456K(184832K) Eden: 31232K(31232K)->0K(35328K) From: 31392K(31744K)->31456K(149504K)
[22.213s][info][gc,heap        ] GC(214) ParOldGen: 3231622K(3488256K)->3263142K(3488256K)
[22.213s][info][gc,metaspace   ] GC(214) Metaspace: 6302K(6528K)->6302K(6528K) NonClass: 5769K(5888K)->5769K(5888K) Class: 533K(640K)->533K(640K)
[22.213s][info][gc             ] GC(214) Pause Young (Allocation Failure) 3217M->3217M(3587M) 46.928ms
[22.213s][info][gc,cpu         ] GC(214) User=0.16s Sys=0.00s Real=0.05s
[22.253s][info][gc,start       ] GC(215) Pause Young (Allocation Failure)
[22.305s][info][gc,heap        ] GC(215) PSYoungGen: 66784K(184832K)->35488K(71168K) Eden: 35328K(35328K)->0K(35328K) From: 31456K(149504K)->35488K(35840K)
[22.305s][info][gc,heap        ] GC(215) ParOldGen: 3263142K(3488256K)->3294654K(3488256K)
[22.305s][info][gc,metaspace   ] GC(215) Metaspace: 6302K(6528K)->6302K(6528K) NonClass: 5769K(5888K)->5769K(5888K) Class: 533K(640K)->533K(640K)
[22.305s][info][gc             ] GC(215) Pause Young (Allocation Failure) 3251M->3252M(3476M) 51.563ms
[22.305s][info][gc,cpu         ] GC(215) User=0.17s Sys=0.02s Real=0.05s
[22.342s][info][gc,start       ] GC(216) Pause Young (Allocation Failure)
[22.395s][info][gc,heap        ] GC(216) PSYoungGen: 70816K(71168K)->35488K(177152K) Eden: 35328K(35328K)->0K(39936K) From: 35488K(35840K)->35488K(137216K)
[22.395s][info][gc,heap        ] GC(216) ParOldGen: 3294654K(3488256K)->3330302K(3488256K)
[22.395s][info][gc,metaspace   ] GC(216) Metaspace: 6302K(6528K)->6302K(6528K) NonClass: 5769K(5888K)->5769K(5888K) Class: 533K(640K)->533K(640K)
[22.395s][info][gc             ] GC(216) Pause Young (Allocation Failure) 3286M->3286M(3579M) 53.517ms
[22.395s][info][gc,cpu         ] GC(216) User=0.11s Sys=0.05s Real=0.05s
[22.442s][info][gc,start       ] GC(217) Pause Young (Allocation Failure)
[22.502s][info][gc,heap        ] GC(217) PSYoungGen: 75424K(177152K)->40128K(80384K) Eden: 39936K(39936K)->0K(39936K) From: 35488K(137216K)->40128K(40448K)
[22.502s][info][gc,heap        ] GC(217) ParOldGen: 3330302K(3488256K)->3365950K(3488256K)
[22.502s][info][gc,metaspace   ] GC(217) Metaspace: 6302K(6528K)->6302K(6528K) NonClass: 5769K(5888K)->5769K(5888K) Class: 533K(640K)->533K(640K)
[22.502s][info][gc             ] GC(217) Pause Young (Allocation Failure) 3325M->3326M(3485M) 60.603ms
[22.502s][info][gc,cpu         ] GC(217) User=0.27s Sys=0.02s Real=0.06s
[22.544s][info][gc,start       ] GC(218) Pause Young (Allocation Failure)
[22.603s][info][gc,heap        ] GC(218) PSYoungGen: 80064K(80384K)->40128K(167936K) Eden: 39936K(39936K)->0K(45056K) From: 40128K(40448K)->40128K(122880K)
[22.603s][info][gc,heap        ] GC(218) ParOldGen: 3365950K(3488256K)->3406246K(3488256K)
[22.603s][info][gc,metaspace   ] GC(218) Metaspace: 6302K(6528K)->6302K(6528K) NonClass: 5769K(5888K)->5769K(5888K) Class: 533K(640K)->533K(640K)
[22.603s][info][gc             ] GC(218) Pause Young (Allocation Failure) 3365M->3365M(3570M) 58.794ms
[22.603s][info][gc,cpu         ] GC(218) User=0.16s Sys=0.02s Real=0.06s
[22.648s][info][gc,start       ] GC(219) Pause Young (Allocation Failure)
[22.705s][info][gc,heap        ] GC(219) PSYoungGen: 85184K(167936K)->45248K(90624K) Eden: 45056K(45056K)->0K(45056K) From: 40128K(122880K)->45248K(45568K)
[22.705s][info][gc,heap        ] GC(219) ParOldGen: 3406246K(3488256K)->3446558K(3488256K)
[22.705s][info][gc,metaspace   ] GC(219) Metaspace: 6302K(6528K)->6302K(6528K) NonClass: 5769K(5888K)->5769K(5888K) Class: 533K(640K)->533K(640K)
[22.705s][info][gc             ] GC(219) Pause Young (Allocation Failure) 3409M->3409M(3495M) 57.280ms
[22.705s][info][gc,cpu         ] GC(219) User=0.16s Sys=0.03s Real=0.06s
[22.705s][info][gc,start       ] GC(220) Pause Full (Ergonomics)
[22.705s][info][gc,phases,start] GC(220) Marking Phase
[23.509s][info][gc,phases      ] GC(220) Marking Phase 804.240ms
[23.510s][info][gc,phases,start] GC(220) Summary Phase
[23.510s][info][gc,phases      ] GC(220) Summary Phase 0.047ms
[23.510s][info][gc,phases,start] GC(220) Adjust Roots
[23.510s][info][gc,phases      ] GC(220) Adjust Roots 0.163ms
[23.510s][info][gc,phases,start] GC(220) Compaction Phase
[23.844s][info][gc,phases      ] GC(220) Compaction Phase 334.179ms
[23.844s][info][gc,phases,start] GC(220) Post Compact
[23.851s][info][gc,phases      ] GC(220) Post Compact 6.796ms
[23.852s][info][gc,heap        ] GC(220) PSYoungGen: 45248K(90624K)->582K(90624K) Eden: 0K(45056K)->0K(45056K) From: 45248K(45568K)->582K(45568K)
[23.852s][info][gc,heap        ] GC(220) ParOldGen: 3446558K(3488256K)->3488056K(3834880K)
[23.852s][info][gc,metaspace   ] GC(220) Metaspace: 6302K(6528K)->6302K(6528K) NonClass: 5769K(5888K)->5769K(5888K) Class: 533K(640K)->533K(640K)
[23.852s][info][gc             ] GC(220) Pause Full (Ergonomics) 3409M->3406M(3833M) 1146.920ms
[23.852s][info][gc,cpu         ] GC(220) User=8.33s Sys=0.05s Real=1.15s
[23.897s][info][gc,start       ] GC(221) Pause Young (Allocation Failure)
[24.068s][info][gc,heap        ] GC(221) PSYoungGen: 45638K(90624K)->45280K(158208K) Eden: 45056K(45056K)->0K(49664K) From: 582K(45568K)->45280K(108544K)
[24.068s][info][gc,heap        ] GC(221) ParOldGen: 3488056K(3834880K)->3488680K(3834880K)
[24.068s][info][gc,metaspace   ] GC(221) Metaspace: 6302K(6528K)->6302K(6528K) NonClass: 5769K(5888K)->5769K(5888K) Class: 533K(640K)->533K(640K)
[24.068s][info][gc             ] GC(221) Pause Young (Allocation Failure) 3450M->3451M(3899M) 170.892ms
[24.068s][info][gc,cpu         ] GC(221) User=1.11s Sys=0.00s Real=0.17s
[24.117s][info][gc,start       ] GC(222) Pause Young (Allocation Failure)
[24.178s][info][gc,heap        ] GC(222) PSYoungGen: 94944K(158208K)->94976K(165888K) Eden: 49664K(49664K)->0K(49664K) From: 45280K(108544K)->94976K(116224K)
[24.178s][info][gc,heap        ] GC(222) ParOldGen: 3488680K(3834880K)->3488680K(3834880K)
[24.178s][info][gc,metaspace   ] GC(222) Metaspace: 6302K(6528K)->6302K(6528K) NonClass: 5769K(5888K)->5769K(5888K) Class: 533K(640K)->533K(640K)
[24.178s][info][gc             ] GC(222) Pause Young (Allocation Failure) 3499M->3499M(3907M) 60.491ms
[24.178s][info][gc,cpu         ] GC(222) User=0.28s Sys=0.00s Real=0.06s
[24.230s][info][gc,start       ] GC(223) Pause Young (Allocation Failure)
[24.306s][info][gc,heap        ] GC(223) PSYoungGen: 144640K(165888K)->126464K(155136K) Eden: 49664K(49664K)->0K(28672K) From: 94976K(116224K)->126464K(126464K)
[24.306s][info][gc,heap        ] GC(223) ParOldGen: 3488680K(3834880K)->3506968K(3834880K)
[24.306s][info][gc,metaspace   ] GC(223) Metaspace: 6302K(6528K)->6302K(6528K) NonClass: 5769K(5888K)->5769K(5888K) Class: 533K(640K)->533K(640K)
[24.306s][info][gc             ] GC(223) Pause Young (Allocation Failure) 3548M->3548M(3896M) 76.430ms
[24.306s][info][gc,cpu         ] GC(223) User=0.41s Sys=0.00s Real=0.08s
[24.337s][info][gc,start       ] GC(224) Pause Young (Allocation Failure)
[24.416s][info][gc,heap        ] GC(224) PSYoungGen: 155136K(155136K)->65248K(94208K) Eden: 28672K(28672K)->0K(28672K) From: 126464K(126464K)->65248K(65536K)
[24.416s][info][gc,heap        ] GC(224) ParOldGen: 3506968K(3834880K)->3597672K(3834880K)
[24.416s][info][gc,metaspace   ] GC(224) Metaspace: 6302K(6528K)->6302K(6528K) NonClass: 5769K(5888K)->5769K(5888K) Class: 533K(640K)->533K(640K)
[24.416s][info][gc             ] GC(224) Pause Young (Allocation Failure) 3576M->3577M(3837M) 79.228ms
[24.416s][info][gc,cpu         ] GC(224) User=0.45s Sys=0.05s Real=0.08s
[24.446s][info][gc,start       ] GC(225) Pause Young (Allocation Failure)
[24.512s][info][gc,heap        ] GC(225) PSYoungGen: 93920K(94208K)->57568K(163328K) Eden: 28672K(28672K)->0K(32768K) From: 65248K(65536K)->57568K(130560K)
[24.512s][info][gc,heap        ] GC(225) ParOldGen: 3597672K(3834880K)->3634368K(3834880K)
[24.512s][info][gc,metaspace   ] GC(225) Metaspace: 6302K(6528K)->6302K(6528K) NonClass: 5769K(5888K)->5769K(5888K) Class: 533K(640K)->533K(640K)
[24.512s][info][gc             ] GC(225) Pause Young (Allocation Failure) 3605M->3605M(3904M) 65.397ms
[24.512s][info][gc,cpu         ] GC(225) User=0.20s Sys=0.06s Real=0.07s
[24.544s][info][gc,start       ] GC(226) Pause Young (Allocation Failure)
[24.606s][info][gc,heap        ] GC(226) PSYoungGen: 90336K(163328K)->61600K(94720K) Eden: 32768K(32768K)->0K(32768K) From: 57568K(130560K)->61600K(61952K)
[24.606s][info][gc,heap        ] GC(226) ParOldGen: 3634368K(3834880K)->3663288K(3834880K)
[24.606s][info][gc,metaspace   ] GC(226) Metaspace: 6302K(6528K)->6302K(6528K) NonClass: 5769K(5888K)->5769K(5888K) Class: 533K(640K)->533K(640K)
[24.606s][info][gc             ] GC(226) Pause Young (Allocation Failure) 3637M->3637M(3837M) 61.925ms
[24.606s][info][gc,cpu         ] GC(226) User=0.16s Sys=0.00s Real=0.06s
[24.637s][info][gc,start       ] GC(227) Pause Young (Allocation Failure)
[24.703s][info][gc,heap        ] GC(227) PSYoungGen: 94368K(94720K)->32896K(164864K) Eden: 32768K(32768K)->0K(37376K) From: 61600K(61952K)->32896K(127488K)
[24.703s][info][gc,heap        ] GC(227) ParOldGen: 3663288K(3834880K)->3725248K(3834880K)
[24.703s][info][gc,metaspace   ] GC(227) Metaspace: 6302K(6528K)->6302K(6528K) NonClass: 5769K(5888K)->5769K(5888K) Class: 533K(640K)->533K(640K)
[24.703s][info][gc             ] GC(227) Pause Young (Allocation Failure) 3669M->3670M(3906M) 65.402ms
[24.703s][info][gc,cpu         ] GC(227) User=0.27s Sys=0.02s Real=0.07s
[24.742s][info][gc,start       ] GC(228) Pause Young (Allocation Failure)
[24.796s][info][gc,heap        ] GC(228) PSYoungGen: 70272K(164864K)->37536K(165888K) Eden: 37376K(37376K)->0K(37376K) From: 32896K(127488K)->37536K(128512K)
[24.796s][info][gc,heap        ] GC(228) ParOldGen: 3725248K(3834880K)->3758304K(3834880K)
[24.796s][info][gc,metaspace   ] GC(228) Metaspace: 6302K(6528K)->6302K(6528K) NonClass: 5769K(5888K)->5769K(5888K) Class: 533K(640K)->533K(640K)
[24.796s][info][gc             ] GC(228) Pause Young (Allocation Failure) 3706M->3706M(3907M) 54.731ms
[24.796s][info][gc,cpu         ] GC(228) User=0.16s Sys=0.02s Real=0.05s
[24.833s][info][gc,start       ] GC(229) Pause Young (Allocation Failure)
[24.887s][info][gc,heap        ] GC(229) PSYoungGen: 74912K(165888K)->37568K(160768K) Eden: 37376K(37376K)->0K(42496K) From: 37536K(128512K)->37568K(118272K)
[24.887s][info][gc,heap        ] GC(229) ParOldGen: 3758304K(3834880K)->3796016K(3834880K)
[24.887s][info][gc,metaspace   ] GC(229) Metaspace: 6302K(6528K)->6302K(6528K) NonClass: 5769K(5888K)->5769K(5888K) Class: 533K(640K)->533K(640K)
[24.888s][info][gc             ] GC(229) Pause Young (Allocation Failure) 3743M->3743M(3902M) 54.925ms
[24.888s][info][gc,cpu         ] GC(229) User=0.19s Sys=0.00s Real=0.05s
[24.888s][info][gc,start       ] GC(230) Pause Full (Ergonomics)
[24.888s][info][gc,phases,start] GC(230) Marking Phase
[25.766s][info][gc,phases      ] GC(230) Marking Phase 878.200ms
[25.766s][info][gc,phases,start] GC(230) Summary Phase
[25.766s][info][gc,phases      ] GC(230) Summary Phase 0.099ms
[25.766s][info][gc,phases,start] GC(230) Adjust Roots
[25.766s][info][gc,phases      ] GC(230) Adjust Roots 0.169ms
[25.766s][info][gc,phases,start] GC(230) Compaction Phase
[26.136s][info][gc,phases      ] GC(230) Compaction Phase 369.643ms
[26.136s][info][gc,phases,start] GC(230) Post Compact
[26.143s][info][gc,phases      ] GC(230) Post Compact 7.327ms
[26.145s][info][gc,heap        ] GC(230) PSYoungGen: 37568K(160768K)->0K(164352K) Eden: 0K(42496K)->0K(42496K) From: 37568K(118272K)->0K(121856K)
[26.145s][info][gc,heap        ] GC(230) ParOldGen: 3796016K(3834880K)->3830363K(4219904K)
[26.145s][info][gc,metaspace   ] GC(230) Metaspace: 6302K(6528K)->6302K(6528K) NonClass: 5769K(5888K)->5769K(5888K) Class: 533K(640K)->533K(640K)
[26.145s][info][gc             ] GC(230) Pause Full (Ergonomics) 3743M->3740M(4281M) 1257.089ms
[26.145s][info][gc,cpu         ] GC(230) User=9.08s Sys=0.06s Real=1.26s
[26.192s][info][gc,start       ] GC(231) Pause Young (Allocation Failure)
[26.237s][info][gc,heap        ] GC(231) PSYoungGen: 42496K(164352K)->42720K(158720K) Eden: 42496K(42496K)->0K(46592K) From: 0K(121856K)->42720K(112128K)
[26.237s][info][gc,heap        ] GC(231) ParOldGen: 3830363K(4219904K)->3830363K(4219904K)
[26.237s][info][gc,metaspace   ] GC(231) Metaspace: 6302K(6528K)->6302K(6528K) NonClass: 5769K(5888K)->5769K(5888K) Class: 533K(640K)->533K(640K)
[26.237s][info][gc             ] GC(231) Pause Young (Allocation Failure) 3782M->3782M(4276M) 44.940ms
[26.237s][info][gc,cpu         ] GC(231) User=0.16s Sys=0.00s Real=0.05s
[26.289s][info][gc,start       ] GC(232) Pause Young (Allocation Failure)
[26.350s][info][gc,heap        ] GC(232) PSYoungGen: 89312K(158720K)->89344K(164352K) Eden: 46592K(46592K)->0K(46592K) From: 42720K(112128K)->89344K(117760K)
[26.350s][info][gc,heap        ] GC(232) ParOldGen: 3830363K(4219904K)->3830363K(4219904K)
[26.350s][info][gc,metaspace   ] GC(232) Metaspace: 6302K(6528K)->6302K(6528K) NonClass: 5769K(5888K)->5769K(5888K) Class: 533K(640K)->533K(640K)
[26.350s][info][gc             ] GC(232) Pause Young (Allocation Failure) 3827M->3827M(4281M) 61.144ms
[26.350s][info][gc,cpu         ] GC(232) User=0.27s Sys=0.00s Real=0.06s
[26.398s][info][gc,start       ] GC(233) Pause Young (Allocation Failure)
[26.470s][info][gc,heap        ] GC(233) PSYoungGen: 135936K(164352K)->124416K(154112K) Eden: 46592K(46592K)->0K(29696K) From: 89344K(117760K)->124416K(124416K)
[26.470s][info][gc,heap        ] GC(233) ParOldGen: 3830363K(4219904K)->3841947K(4219904K)
[26.470s][info][gc,metaspace   ] GC(233) Metaspace: 6302K(6528K)->6302K(6528K) NonClass: 5769K(5888K)->5769K(5888K) Class: 533K(640K)->533K(640K)
[26.470s][info][gc             ] GC(233) Pause Young (Allocation Failure) 3873M->3873M(4271M) 71.918ms
[26.470s][info][gc,cpu         ] GC(233) User=0.41s Sys=0.00s Real=0.07s
[26.498s][info][gc,start       ] GC(234) Pause Young (Allocation Failure)
[26.576s][info][gc,heap        ] GC(234) PSYoungGen: 154112K(154112K)->71840K(101888K) Eden: 29696K(29696K)->0K(29696K) From: 124416K(124416K)->71840K(72192K)
[26.576s][info][gc,heap        ] GC(234) ParOldGen: 3841947K(4219904K)->3925003K(4219904K)
[26.576s][info][gc,metaspace   ] GC(234) Metaspace: 6302K(6528K)->6302K(6528K) NonClass: 5769K(5888K)->5769K(5888K) Class: 533K(640K)->533K(640K)
[26.576s][info][gc             ] GC(234) Pause Young (Allocation Failure) 3902M->3903M(4220M) 78.211ms
[26.576s][info][gc,cpu         ] GC(234) User=0.39s Sys=0.11s Real=0.08s
[26.607s][info][gc,start       ] GC(235) Pause Young (Allocation Failure)
[26.668s][info][gc,heap        ] GC(235) PSYoungGen: 101536K(101888K)->59616K(162816K) Eden: 29696K(29696K)->0K(33792K) From: 71840K(72192K)->59616K(129024K)
[26.668s][info][gc,heap        ] GC(235) ParOldGen: 3925003K(4219904K)->3967283K(4219904K)
[26.668s][info][gc,metaspace   ] GC(235) Metaspace: 6302K(6528K)->6302K(6528K) NonClass: 5769K(5888K)->5769K(5888K) Class: 533K(640K)->533K(640K)
[26.668s][info][gc             ] GC(235) Pause Young (Allocation Failure) 3932M->3932M(4280M) 60.547ms
[26.668s][info][gc,cpu         ] GC(235) User=0.22s Sys=0.00s Real=0.06s
[26.703s][info][gc,start       ] GC(236) Pause Young (Allocation Failure)
[26.765s][info][gc,heap        ] GC(236) PSYoungGen: 93408K(162816K)->63648K(97792K) Eden: 33792K(33792K)->0K(33792K) From: 59616K(129024K)->63648K(64000K)
[26.765s][info][gc,heap        ] GC(236) ParOldGen: 3967283K(4219904K)->3997251K(4219904K)
[26.765s][info][gc,metaspace   ] GC(236) Metaspace: 6302K(6528K)->6302K(6528K) NonClass: 5769K(5888K)->5769K(5888K) Class: 533K(640K)->533K(640K)
[26.765s][info][gc             ] GC(236) Pause Young (Allocation Failure) 3965M->3965M(4216M) 62.375ms
[26.765s][info][gc,cpu         ] GC(236) User=0.25s Sys=0.03s Real=0.06s
[26.806s][info][gc,start       ] GC(237) Pause Young (Allocation Failure)
[26.869s][info][gc,heap        ] GC(237) PSYoungGen: 97440K(97792K)->33984K(164352K) Eden: 33792K(33792K)->0K(38400K) From: 63648K(64000K)->33984K(125952K)
[26.869s][info][gc,heap        ] GC(237) ParOldGen: 3997251K(4219904K)->4061275K(4219904K)
[26.870s][info][gc,metaspace   ] GC(237) Metaspace: 6302K(6528K)->6302K(6528K) NonClass: 5769K(5888K)->5769K(5888K) Class: 533K(640K)->533K(640K)
[26.870s][info][gc             ] GC(237) Pause Young (Allocation Failure) 3998M->3999M(4281M) 63.745ms
[26.870s][info][gc,cpu         ] GC(237) User=0.23s Sys=0.02s Real=0.07s
[26.918s][info][gc,start       ] GC(238) Pause Young (Allocation Failure)
[26.975s][info][gc,heap        ] GC(238) PSYoungGen: 72384K(164352K)->38592K(165376K) Eden: 38400K(38400K)->0K(38400K) From: 33984K(125952K)->38592K(126976K)
[26.975s][info][gc,heap        ] GC(238) ParOldGen: 4061275K(4219904K)->4095371K(4219904K)
[26.975s][info][gc,metaspace   ] GC(238) Metaspace: 6302K(6528K)->6302K(6528K) NonClass: 5769K(5888K)->5769K(5888K) Class: 533K(640K)->533K(640K)
[26.975s][info][gc             ] GC(238) Pause Young (Allocation Failure) 4036M->4037M(4282M) 56.207ms
[26.975s][info][gc,cpu         ] GC(238) User=0.16s Sys=0.00s Real=0.06s
[27.011s][info][gc,start       ] GC(239) Pause Young (Allocation Failure)
[27.068s][info][gc,heap        ] GC(239) PSYoungGen: 76992K(165376K)->38592K(162304K) Eden: 38400K(38400K)->0K(43008K) From: 38592K(126976K)->38592K(119296K)
[27.068s][info][gc,heap        ] GC(239) ParOldGen: 4095371K(4219904K)->4134123K(4219904K)
[27.068s][info][gc,metaspace   ] GC(239) Metaspace: 6302K(6528K)->6302K(6528K) NonClass: 5769K(5888K)->5769K(5888K) Class: 533K(640K)->533K(640K)
[27.068s][info][gc             ] GC(239) Pause Young (Allocation Failure) 4074M->4074M(4279M) 57.251ms
[27.068s][info][gc,cpu         ] GC(239) User=0.27s Sys=0.00s Real=0.06s
[27.111s][info][gc,start       ] GC(240) Pause Young (Allocation Failure)
[27.168s][info][gc,heap        ] GC(240) PSYoungGen: 81600K(162304K)->43200K(164864K) Eden: 43008K(43008K)->0K(43008K) From: 38592K(119296K)->43200K(121856K)
[27.168s][info][gc,heap        ] GC(240) ParOldGen: 4134123K(4219904K)->4172867K(4219904K)
[27.168s][info][gc,metaspace   ] GC(240) Metaspace: 6302K(6528K)->6302K(6528K) NonClass: 5769K(5888K)->5769K(5888K) Class: 533K(640K)->533K(640K)
[27.168s][info][gc             ] GC(240) Pause Young (Allocation Failure) 4116M->4117M(4282M) 57.226ms
[27.168s][info][gc,cpu         ] GC(240) User=0.22s Sys=0.05s Real=0.06s
[27.169s][info][gc,start       ] GC(241) Pause Full (Ergonomics)
[27.169s][info][gc,phases,start] GC(241) Marking Phase
[28.134s][info][gc,phases      ] GC(241) Marking Phase 965.762ms
[28.134s][info][gc,phases,start] GC(241) Summary Phase
[28.134s][info][gc,phases      ] GC(241) Summary Phase 0.081ms
[28.134s][info][gc,phases,start] GC(241) Adjust Roots
[28.135s][info][gc,phases      ] GC(241) Adjust Roots 0.198ms
[28.135s][info][gc,phases,start] GC(241) Compaction Phase
[28.519s][info][gc,phases      ] GC(241) Compaction Phase 384.402ms
[28.519s][info][gc,phases,start] GC(241) Post Compact
[28.526s][info][gc,phases      ] GC(241) Post Compact 6.619ms
[28.527s][info][gc,heap        ] GC(241) PSYoungGen: 43200K(164864K)->0K(165888K) Eden: 0K(43008K)->0K(48128K) From: 43200K(121856K)->0K(117760K)
[28.527s][info][gc,heap        ] GC(241) ParOldGen: 4172867K(4219904K)->4212514K(4637696K)
[28.527s][info][gc,metaspace   ] GC(241) Metaspace: 6302K(6528K)->6302K(6528K) NonClass: 5769K(5888K)->5769K(5888K) Class: 533K(640K)->533K(640K)
[28.527s][info][gc             ] GC(241) Pause Full (Ergonomics) 4117M->4113M(4691M) 1358.785ms
[28.527s][info][gc,cpu         ] GC(241) User=10.05s Sys=0.03s Real=1.36s
[28.579s][info][gc,start       ] GC(242) Pause Young (Allocation Failure)
[28.629s][info][gc,heap        ] GC(242) PSYoungGen: 48128K(165888K)->48288K(165888K) Eden: 48128K(48128K)->0K(48128K) From: 0K(117760K)->48288K(117760K)
[28.629s][info][gc,heap        ] GC(242) ParOldGen: 4212514K(4637696K)->4212514K(4637696K)
[28.629s][info][gc,metaspace   ] GC(242) Metaspace: 6302K(6528K)->6302K(6528K) NonClass: 5769K(5888K)->5769K(5888K) Class: 533K(640K)->533K(640K)
[28.629s][info][gc             ] GC(242) Pause Young (Allocation Failure) 4160M->4160M(4691M) 50.200ms
[28.629s][info][gc,cpu         ] GC(242) User=0.08s Sys=0.00s Real=0.05s
[28.685s][info][gc,start       ] GC(243) Pause Young (Allocation Failure)
[28.748s][info][gc,heap        ] GC(243) PSYoungGen: 96416K(165888K)->96480K(156672K) Eden: 48128K(48128K)->0K(43520K) From: 48288K(117760K)->96480K(113152K)
[28.748s][info][gc,heap        ] GC(243) ParOldGen: 4212514K(4637696K)->4212514K(4637696K)
[28.748s][info][gc,metaspace   ] GC(243) Metaspace: 6302K(6528K)->6302K(6528K) NonClass: 5769K(5888K)->5769K(5888K) Class: 533K(640K)->533K(640K)
[28.749s][info][gc             ] GC(243) Pause Young (Allocation Failure) 4207M->4208M(4682M) 63.616ms
[28.749s][info][gc,cpu         ] GC(243) User=0.17s Sys=0.00s Real=0.06s
[28.804s][info][gc,start       ] GC(244) Pause Young (Allocation Failure)
[28.885s][info][gc,heap        ] GC(244) PSYoungGen: 140000K(156672K)->122368K(165888K) Eden: 43520K(43520K)->0K(43520K) From: 96480K(113152K)->122368K(122368K)
[28.885s][info][gc,heap        ] GC(244) ParOldGen: 4212514K(4637696K)->4230258K(4637696K)
[28.885s][info][gc,metaspace   ] GC(244) Metaspace: 6302K(6528K)->6302K(6528K) NonClass: 5769K(5888K)->5769K(5888K) Class: 533K(640K)->533K(640K)
[28.885s][info][gc             ] GC(244) Pause Young (Allocation Failure) 4250M->4250M(4691M) 81.613ms
[28.885s][info][gc,cpu         ] GC(244) User=0.30s Sys=0.00s Real=0.08s
[28.930s][info][gc,start       ] GC(245) Pause Young (Allocation Failure)
[29.015s][info][gc,heap        ] GC(245) PSYoungGen: 165888K(165888K)->78912K(187904K) Eden: 43520K(43520K)->0K(48640K) From: 122368K(122368K)->78912K(139264K)
[29.015s][info][gc,heap        ] GC(245) ParOldGen: 4230258K(4637696K)->4318050K(4637696K)
[29.015s][info][gc,metaspace   ] GC(245) Metaspace: 6302K(6528K)->6302K(6528K) NonClass: 5769K(5888K)->5769K(5888K) Class: 533K(640K)->533K(640K)
[29.015s][info][gc             ] GC(245) Pause Young (Allocation Failure) 4293M->4293M(4712M) 85.349ms
[29.015s][info][gc,cpu         ] GC(245) User=0.62s Sys=0.00s Real=0.09s
[29.068s][info][gc,start       ] GC(246) Pause Young (Allocation Failure)
[29.139s][info][gc,heap        ] GC(246) PSYoungGen: 127552K(187904K)->92416K(190976K) Eden: 48640K(48640K)->0K(48640K) From: 78912K(139264K)->92416K(142336K)
[29.140s][info][gc,heap        ] GC(246) ParOldGen: 4318050K(4637696K)->4353562K(4637696K)
[29.140s][info][gc,metaspace   ] GC(246) Metaspace: 6302K(6528K)->6302K(6528K) NonClass: 5769K(5888K)->5769K(5888K) Class: 533K(640K)->533K(640K)
[29.140s][info][gc             ] GC(246) Pause Young (Allocation Failure) 4341M->4341M(4715M) 71.287ms
[29.140s][info][gc,cpu         ] GC(246) User=0.53s Sys=0.02s Real=0.07s
[29.190s][info][gc,start       ] GC(247) Pause Young (Allocation Failure)
[29.264s][info][gc,heap        ] GC(247) PSYoungGen: 141056K(190976K)->97536K(195584K) Eden: 48640K(48640K)->0K(51712K) From: 92416K(142336K)->97536K(143872K)
[29.264s][info][gc,heap        ] GC(247) ParOldGen: 4353562K(4637696K)->4397474K(4637696K)
[29.264s][info][gc,metaspace   ] GC(247) Metaspace: 6302K(6528K)->6302K(6528K) NonClass: 5769K(5888K)->5769K(5888K) Class: 533K(640K)->533K(640K)
[29.264s][info][gc             ] GC(247) Pause Young (Allocation Failure) 4389M->4389M(4720M) 74.747ms
[29.265s][info][gc,cpu         ] GC(247) User=0.48s Sys=0.02s Real=0.07s
[29.323s][info][gc,start       ] GC(248) Pause Young (Allocation Failure)
[29.402s][info][gc,heap        ] GC(248) PSYoungGen: 149248K(195584K)->100608K(198144K) Eden: 51712K(51712K)->0K(51712K) From: 97536K(143872K)->100608K(146432K)
[29.402s][info][gc,heap        ] GC(248) ParOldGen: 4397474K(4637696K)->4446562K(4637696K)
[29.402s][info][gc,metaspace   ] GC(248) Metaspace: 6302K(6528K)->6302K(6528K) NonClass: 5769K(5888K)->5769K(5888K) Class: 533K(640K)->533K(640K)
[29.402s][info][gc             ] GC(248) Pause Young (Allocation Failure) 4440M->4440M(4722M) 78.988ms
[29.402s][info][gc,cpu         ] GC(248) User=0.45s Sys=0.03s Real=0.08s
[29.467s][info][gc,start       ] GC(249) Pause Young (Allocation Failure)
[29.549s][info][gc,heap        ] GC(249) PSYoungGen: 152320K(198144K)->103680K(203776K) Eden: 51712K(51712K)->0K(54784K) From: 100608K(146432K)->103680K(148992K)
[29.550s][info][gc,heap        ] GC(249) ParOldGen: 4446562K(4637696K)->4495650K(4637696K)
[29.550s][info][gc,metaspace   ] GC(249) Metaspace: 6302K(6528K)->6302K(6528K) NonClass: 5769K(5888K)->5769K(5888K) Class: 533K(640K)->533K(640K)
[29.550s][info][gc             ] GC(249) Pause Young (Allocation Failure) 4491M->4491M(4728M) 83.008ms
[29.550s][info][gc,cpu         ] GC(249) User=0.48s Sys=0.03s Real=0.08s
[29.610s][info][gc,start       ] GC(250) Pause Young (Allocation Failure)
[29.695s][info][gc,heap        ] GC(250) PSYoungGen: 158464K(203776K)->106784K(206848K) Eden: 54784K(54784K)->0K(54784K) From: 103680K(148992K)->106784K(152064K)
[29.695s][info][gc,heap        ] GC(250) ParOldGen: 4495650K(4637696K)->4547834K(4637696K)
[29.695s][info][gc,metaspace   ] GC(250) Metaspace: 6302K(6528K)->6302K(6528K) NonClass: 5769K(5888K)->5769K(5888K) Class: 533K(640K)->533K(640K)
[29.695s][info][gc             ] GC(250) Pause Young (Allocation Failure) 4545M->4545M(4731M) 85.352ms
[29.695s][info][gc,cpu         ] GC(250) User=0.50s Sys=0.03s Real=0.08s
[29.752s][info][gc,start       ] GC(251) Pause Young (Allocation Failure)
[29.842s][info][gc,heap        ] GC(251) PSYoungGen: 161568K(206848K)->109888K(212992K) Eden: 54784K(54784K)->0K(58368K) From: 106784K(152064K)->109888K(154624K)
[29.843s][info][gc,heap        ] GC(251) ParOldGen: 4547834K(4637696K)->4600002K(4637696K)
[29.843s][info][gc,metaspace   ] GC(251) Metaspace: 6302K(6528K)->6302K(6528K) NonClass: 5769K(5888K)->5769K(5888K) Class: 533K(640K)->533K(640K)
[29.843s][info][gc             ] GC(251) Pause Young (Allocation Failure) 4599M->4599M(4737M) 90.362ms
[29.843s][info][gc,cpu         ] GC(251) User=0.58s Sys=0.06s Real=0.09s
[29.843s][info][gc,start       ] GC(252) Pause Full (Ergonomics)
[29.843s][info][gc,phases,start] GC(252) Marking Phase
[30.938s][info][gc,phases      ] GC(252) Marking Phase 1095.844ms
[30.939s][info][gc,phases,start] GC(252) Summary Phase
[30.939s][info][gc,phases      ] GC(252) Summary Phase 0.057ms
[30.939s][info][gc,phases,start] GC(252) Adjust Roots
[30.939s][info][gc,phases      ] GC(252) Adjust Roots 0.181ms
[30.939s][info][gc,phases,start] GC(252) Compaction Phase
[31.359s][info][gc,phases      ] GC(252) Compaction Phase 419.728ms
[31.359s][info][gc,phases,start] GC(252) Post Compact
[31.366s][info][gc,phases      ] GC(252) Post Compact 7.090ms
[31.367s][info][gc,heap        ] GC(252) PSYoungGen: 109888K(212992K)->68101K(212992K) Eden: 0K(58368K)->0K(58368K) From: 109888K(154624K)->68101K(154624K)
[31.367s][info][gc,heap        ] GC(252) ParOldGen: 4600002K(4637696K)->4637666K(5109248K)
[31.367s][info][gc,metaspace   ] GC(252) Metaspace: 6302K(6528K)->6302K(6528K) NonClass: 5769K(5888K)->5769K(5888K) Class: 533K(640K)->533K(640K)
[31.367s][info][gc             ] GC(252) Pause Full (Ergonomics) 4599M->4595M(5197M) 1524.802ms
[31.367s][info][gc,cpu         ] GC(252) User=11.55s Sys=0.05s Real=1.52s
[31.433s][info][gc,start       ] GC(253) Pause Young (Allocation Failure)
[31.719s][info][gc,heap        ] GC(253) PSYoungGen: 126469K(212992K)->92832K(216064K) Eden: 58368K(58368K)->0K(58368K) From: 68101K(154624K)->92832K(157696K)
[31.719s][info][gc,heap        ] GC(253) ParOldGen: 4637666K(5109248K)->4672002K(5109248K)
[31.719s][info][gc,metaspace   ] GC(253) Metaspace: 6302K(6528K)->6302K(6528K) NonClass: 5769K(5888K)->5769K(5888K) Class: 533K(640K)->533K(640K)
[31.719s][info][gc             ] GC(253) Pause Young (Allocation Failure) 4652M->4653M(5200M) 286.463ms
[31.719s][info][gc,cpu         ] GC(253) User=1.88s Sys=0.00s Real=0.29s
[31.790s][info][gc,start       ] GC(254) Pause Young (Allocation Failure)
[31.879s][info][gc,heap        ] GC(254) PSYoungGen: 151200K(216064K)->151232K(200192K) Eden: 58368K(58368K)->0K(46592K) From: 92832K(157696K)->151232K(153600K)
[31.879s][info][gc,heap        ] GC(254) ParOldGen: 4672002K(5109248K)->4672002K(5109248K)
[31.879s][info][gc,metaspace   ] GC(254) Metaspace: 6302K(6528K)->6302K(6528K) NonClass: 5769K(5888K)->5769K(5888K) Class: 533K(640K)->533K(640K)
[31.879s][info][gc             ] GC(254) Pause Young (Allocation Failure) 4710M->4710M(5185M) 88.368ms
[31.879s][info][gc,cpu         ] GC(254) User=0.58s Sys=0.02s Real=0.09s
[31.928s][info][gc,start       ] GC(255) Pause Young (Allocation Failure)
[32.032s][info][gc,heap        ] GC(255) PSYoungGen: 197824K(200192K)->171008K(217600K) Eden: 46592K(46592K)->0K(46592K) From: 151232K(153600K)->171008K(171008K)
[32.032s][info][gc,heap        ] GC(255) ParOldGen: 4672002K(5109248K)->4698994K(5109248K)
[32.032s][info][gc,metaspace   ] GC(255) Metaspace: 6302K(6528K)->6302K(6528K) NonClass: 5769K(5888K)->5769K(5888K) Class: 533K(640K)->533K(640K)
[32.032s][info][gc             ] GC(255) Pause Young (Allocation Failure) 4755M->4755M(5202M) 103.700ms
[32.032s][info][gc,cpu         ] GC(255) User=0.66s Sys=0.00s Real=0.10s
[32.079s][info][gc,start       ] GC(256) Pause Young (Allocation Failure)
[32.201s][info][gc,heap        ] GC(256) PSYoungGen: 217600K(217600K)->138048K(250880K) Eden: 46592K(46592K)->0K(48640K) From: 171008K(171008K)->138048K(202240K)
[32.201s][info][gc,heap        ] GC(256) ParOldGen: 4698994K(5109248K)->4779378K(5109248K)
[32.201s][info][gc,metaspace   ] GC(256) Metaspace: 6302K(6528K)->6302K(6528K) NonClass: 5769K(5888K)->5769K(5888K) Class: 533K(640K)->533K(640K)
[32.201s][info][gc             ] GC(256) Pause Young (Allocation Failure) 4801M->4802M(5234M) 122.578ms
[32.201s][info][gc,cpu         ] GC(256) User=0.77s Sys=0.09s Real=0.12s
[32.250s][info][gc,start       ] GC(257) Pause Young (Allocation Failure)
[32.353s][info][gc,heap        ] GC(257) PSYoungGen: 186688K(250880K)->136352K(254464K) Eden: 48640K(48640K)->0K(48640K) From: 138048K(202240K)->136352K(205824K)
[32.353s][info][gc,heap        ] GC(257) ParOldGen: 4779378K(5109248K)->4830114K(5109248K)
[32.353s][info][gc,metaspace   ] GC(257) Metaspace: 6302K(6528K)->6302K(6528K) NonClass: 5769K(5888K)->5769K(5888K) Class: 533K(640K)->533K(640K)
[32.353s][info][gc             ] GC(257) Pause Young (Allocation Failure) 4849M->4850M(5238M) 102.765ms
[32.353s][info][gc,cpu         ] GC(257) User=0.72s Sys=0.03s Real=0.10s
[32.408s][info][gc,start       ] GC(258) Pause Young (Allocation Failure)
[32.506s][info][gc,heap        ] GC(258) PSYoungGen: 184992K(254464K)->97600K(246272K) Eden: 48640K(48640K)->0K(54784K) From: 136352K(205824K)->97600K(191488K)
[32.506s][info][gc,heap        ] GC(258) ParOldGen: 4830114K(5109248K)->4918274K(5109248K)
[32.506s][info][gc,metaspace   ] GC(258) Metaspace: 6302K(6528K)->6302K(6528K) NonClass: 5769K(5888K)->5769K(5888K) Class: 533K(640K)->533K(640K)
[32.506s][info][gc             ] GC(258) Pause Young (Allocation Failure) 4897M->4898M(5230M) 98.168ms
[32.506s][info][gc,cpu         ] GC(258) User=0.48s Sys=0.16s Real=0.10s
[32.569s][info][gc,start       ] GC(259) Pause Young (Allocation Failure)
[32.662s][info][gc,heap        ] GC(259) PSYoungGen: 152384K(246272K)->54976K(253952K) Eden: 54784K(54784K)->0K(54784K) From: 97600K(191488K)->54976K(199168K)
[32.662s][info][gc,heap        ] GC(259) ParOldGen: 4918274K(5109248K)->5016418K(5109248K)
[32.662s][info][gc,metaspace   ] GC(259) Metaspace: 6302K(6528K)->6302K(6528K) NonClass: 5769K(5888K)->5769K(5888K) Class: 533K(640K)->533K(640K)
[32.662s][info][gc             ] GC(259) Pause Young (Allocation Failure) 4951M->4952M(5237M) 92.759ms
[32.662s][info][gc,cpu         ] GC(259) User=0.56s Sys=0.06s Real=0.09s
[32.662s][info][gc,start       ] GC(260) Pause Full (Ergonomics)
[32.662s][info][gc,phases,start] GC(260) Marking Phase
[33.807s][info][gc,phases      ] GC(260) Marking Phase 1144.739ms
[33.807s][info][gc,phases,start] GC(260) Summary Phase
[33.807s][info][gc,phases      ] GC(260) Summary Phase 0.086ms
[33.807s][info][gc,phases,start] GC(260) Adjust Roots
[33.807s][info][gc,phases      ] GC(260) Adjust Roots 0.161ms
[33.807s][info][gc,phases,start] GC(260) Compaction Phase
[34.239s][info][gc,phases      ] GC(260) Compaction Phase 431.931ms
[34.239s][info][gc,phases,start] GC(260) Post Compact
[34.247s][info][gc,phases      ] GC(260) Post Compact 7.421ms
[34.248s][info][gc,heap        ] GC(260) PSYoungGen: 54976K(253952K)->0K(261120K) Eden: 0K(54784K)->0K(61952K) From: 54976K(199168K)->0K(199168K)
[34.248s][info][gc,heap        ] GC(260) ParOldGen: 5016418K(5109248K)->5067526K(5613056K)
[34.248s][info][gc,metaspace   ] GC(260) Metaspace: 6302K(6528K)->6302K(6528K) NonClass: 5769K(5888K)->5769K(5888K) Class: 533K(640K)->533K(640K)
[34.248s][info][gc             ] GC(260) Pause Full (Ergonomics) 4952M->4948M(5736M) 1586.208ms
[34.248s][info][gc,cpu         ] GC(260) User=11.94s Sys=0.11s Real=1.59s
[34.315s][info][gc,start       ] GC(261) Pause Young (Allocation Failure)
[34.366s][info][gc,heap        ] GC(261) PSYoungGen: 61952K(261120K)->62208K(261120K) Eden: 61952K(61952K)->0K(61952K) From: 0K(199168K)->62208K(199168K)
[34.366s][info][gc,heap        ] GC(261) ParOldGen: 5067526K(5613056K)->5067526K(5613056K)
[34.366s][info][gc,metaspace   ] GC(261) Metaspace: 6302K(6528K)->6302K(6528K) NonClass: 5769K(5888K)->5769K(5888K) Class: 533K(640K)->533K(640K)
[34.366s][info][gc             ] GC(261) Pause Young (Allocation Failure) 5009M->5009M(5736M) 51.217ms
[34.366s][info][gc,cpu         ] GC(261) User=0.27s Sys=0.00s Real=0.05s
[34.437s][info][gc,start       ] GC(262) Pause Young (Allocation Failure)
[34.510s][info][gc,heap        ] GC(262) PSYoungGen: 124160K(261120K)->124224K(264192K) Eden: 61952K(61952K)->0K(68096K) From: 62208K(199168K)->124224K(196096K)
[34.510s][info][gc,heap        ] GC(262) ParOldGen: 5067526K(5613056K)->5067526K(5613056K)
[34.510s][info][gc,metaspace   ] GC(262) Metaspace: 6302K(6528K)->6302K(6528K) NonClass: 5769K(5888K)->5769K(5888K) Class: 533K(640K)->533K(640K)
[34.510s][info][gc             ] GC(262) Pause Young (Allocation Failure) 5070M->5070M(5739M) 73.083ms
[34.510s][info][gc,cpu         ] GC(262) User=0.34s Sys=0.00s Real=0.07s
[34.588s][info][gc,start       ] GC(263) Pause Young (Allocation Failure)
[34.691s][info][gc,heap        ] GC(263) PSYoungGen: 192320K(264192K)->192480K(264192K) Eden: 68096K(68096K)->0K(68096K) From: 124224K(196096K)->192480K(196096K)
[34.691s][info][gc,heap        ] GC(263) ParOldGen: 5067526K(5613056K)->5067526K(5613056K)
[34.691s][info][gc,metaspace   ] GC(263) Metaspace: 6302K(6528K)->6302K(6528K) NonClass: 5769K(5888K)->5769K(5888K) Class: 533K(640K)->533K(640K)
[34.691s][info][gc             ] GC(263) Pause Young (Allocation Failure) 5136M->5136M(5739M) 103.540ms
[34.691s][info][gc,cpu         ] GC(263) User=0.64s Sys=0.00s Real=0.10s
[34.771s][info][gc,start       ] GC(264) Pause Young (Allocation Failure)
[34.920s][info][gc,heap        ] GC(264) PSYoungGen: 260576K(264192K)->198560K(273408K) Eden: 68096K(68096K)->0K(53248K) From: 192480K(196096K)->198560K(220160K)
[34.920s][info][gc,heap        ] GC(264) ParOldGen: 5067526K(5613056K)->5130038K(5613056K)
[34.920s][info][gc,metaspace   ] GC(264) Metaspace: 6302K(6528K)->6302K(6528K) NonClass: 5769K(5888K)->5769K(5888K) Class: 533K(640K)->533K(640K)
[34.920s][info][gc             ] GC(264) Pause Young (Allocation Failure) 5203M->5203M(5748M) 149.257ms
[34.920s][info][gc,cpu         ] GC(264) User=1.02s Sys=0.11s Real=0.15s
[34.980s][info][gc,start       ] GC(265) Pause Young (Allocation Failure)
[35.122s][info][gc,heap        ] GC(265) PSYoungGen: 251808K(273408K)->189888K(295424K) Eden: 53248K(53248K)->0K(53248K) From: 198560K(220160K)->189888K(242176K)
[35.122s][info][gc,heap        ] GC(265) ParOldGen: 5130038K(5613056K)->5192558K(5613056K)
[35.122s][info][gc,metaspace   ] GC(265) Metaspace: 6302K(6528K)->6302K(6528K) NonClass: 5769K(5888K)->5769K(5888K) Class: 533K(640K)->533K(640K)
[35.122s][info][gc             ] GC(265) Pause Young (Allocation Failure) 5255M->5256M(5770M) 142.501ms
[35.122s][info][gc,cpu         ] GC(265) User=0.98s Sys=0.00s Real=0.14s
[35.185s][info][gc,start       ] GC(266) Pause Young (Allocation Failure)
[35.318s][info][gc,heap        ] GC(266) PSYoungGen: 243136K(295424K)->175008K(310784K) Eden: 53248K(53248K)->0K(54784K) From: 189888K(242176K)->175008K(256000K)
[35.318s][info][gc,heap        ] GC(266) ParOldGen: 5192558K(5613056K)->5261262K(5613056K)
[35.318s][info][gc,metaspace   ] GC(266) Metaspace: 6302K(6528K)->6302K(6528K) NonClass: 5769K(5888K)->5769K(5888K) Class: 533K(640K)->533K(640K)
[35.318s][info][gc             ] GC(266) Pause Young (Allocation Failure) 5308M->5308M(5785M) 133.528ms
[35.318s][info][gc,cpu         ] GC(266) User=0.86s Sys=0.02s Real=0.13s
[35.385s][info][gc,start       ] GC(267) Pause Young (Allocation Failure)
[35.513s][info][gc,heap        ] GC(267) PSYoungGen: 229792K(310784K)->108352K(163328K) Eden: 54784K(54784K)->0K(54784K) From: 175008K(256000K)->108352K(108544K)
[35.513s][info][gc,heap        ] GC(267) ParOldGen: 5261262K(5613056K)->5383678K(5613056K)
[35.513s][info][gc,metaspace   ] GC(267) Metaspace: 6302K(6528K)->6302K(6528K) NonClass: 5769K(5888K)->5769K(5888K) Class: 533K(640K)->533K(640K)
[35.513s][info][gc             ] GC(267) Pause Young (Allocation Failure) 5362M->5363M(5641M) 128.128ms
[35.513s][info][gc,cpu         ] GC(267) User=0.81s Sys=0.08s Real=0.13s
[35.580s][info][gc,start       ] GC(268) Pause Young (Allocation Failure)
[35.680s][info][gc,heap        ] GC(268) PSYoungGen: 163136K(163328K)->54976K(313344K) Eden: 54784K(54784K)->0K(61440K) From: 108352K(108544K)->54976K(251904K)
[35.680s][info][gc,heap        ] GC(268) ParOldGen: 5383678K(5613056K)->5492670K(5613056K)
[35.680s][info][gc,metaspace   ] GC(268) Metaspace: 6302K(6528K)->6302K(6528K) NonClass: 5769K(5888K)->5769K(5888K) Class: 533K(640K)->533K(640K)
[35.680s][info][gc             ] GC(268) Pause Young (Allocation Failure) 5416M->5417M(5787M) 99.931ms
[35.680s][info][gc,cpu         ] GC(268) User=0.61s Sys=0.03s Real=0.10s
[35.680s][info][gc,start       ] GC(269) Pause Full (Ergonomics)
[35.680s][info][gc,phases,start] GC(269) Marking Phase
[36.931s][info][gc,phases      ] GC(269) Marking Phase 1250.499ms
[36.931s][info][gc,phases,start] GC(269) Summary Phase
[36.931s][info][gc,phases      ] GC(269) Summary Phase 0.089ms
[36.931s][info][gc,phases,start] GC(269) Adjust Roots
[36.931s][info][gc,phases      ] GC(269) Adjust Roots 0.163ms
[36.931s][info][gc,phases,start] GC(269) Compaction Phase
[37.409s][info][gc,phases      ] GC(269) Compaction Phase 478.191ms
[37.409s][info][gc,phases,start] GC(269) Post Compact
[37.418s][info][gc,phases      ] GC(269) Post Compact 8.129ms
[37.419s][info][gc,heap        ] GC(269) PSYoungGen: 54976K(313344K)->0K(313856K) Eden: 0K(61440K)->0K(61440K) From: 54976K(251904K)->0K(252416K)
[37.419s][info][gc,heap        ] GC(269) ParOldGen: 5492670K(5613056K)->5543439K(6168576K)
[37.419s][info][gc,metaspace   ] GC(269) Metaspace: 6302K(6528K)->6302K(6528K) NonClass: 5769K(5888K)->5769K(5888K) Class: 533K(640K)->533K(640K)
[37.419s][info][gc             ] GC(269) Pause Full (Ergonomics) 5417M->5413M(6330M) 1739.155ms
[37.419s][info][gc,cpu         ] GC(269) User=13.05s Sys=0.02s Real=1.74s
[37.489s][info][gc,start       ] GC(270) Pause Young (Allocation Failure)
[37.543s][info][gc,heap        ] GC(270) PSYoungGen: 61440K(313856K)->61664K(312320K) Eden: 61440K(61440K)->0K(67584K) From: 0K(252416K)->61664K(244736K)
[37.543s][info][gc,heap        ] GC(270) ParOldGen: 5543439K(6168576K)->5543439K(6168576K)
[37.543s][info][gc,metaspace   ] GC(270) Metaspace: 6302K(6528K)->6302K(6528K) NonClass: 5769K(5888K)->5769K(5888K) Class: 533K(640K)->533K(640K)
[37.543s][info][gc             ] GC(270) Pause Young (Allocation Failure) 5473M->5473M(6329M) 54.059ms
[37.543s][info][gc,cpu         ] GC(270) User=0.19s Sys=0.00s Real=0.05s
[37.624s][info][gc,start       ] GC(271) Pause Young (Allocation Failure)
[37.701s][info][gc,heap        ] GC(271) PSYoungGen: 129248K(312320K)->129376K(197120K) Eden: 67584K(67584K)->0K(67584K) From: 61664K(244736K)->129376K(129536K)
[37.702s][info][gc,heap        ] GC(271) ParOldGen: 5543439K(6168576K)->5543439K(6168576K)
[37.702s][info][gc,metaspace   ] GC(271) Metaspace: 6302K(6528K)->6302K(6528K) NonClass: 5769K(5888K)->5769K(5888K) Class: 533K(640K)->533K(640K)
[37.702s][info][gc             ] GC(271) Pause Young (Allocation Failure) 5539M->5539M(6216M) 78.061ms
[37.702s][info][gc,cpu         ] GC(271) User=0.38s Sys=0.00s Real=0.08s
[37.788s][info][gc,start       ] GC(272) Pause Young (Allocation Failure)
[37.892s][info][gc,heap        ] GC(272) PSYoungGen: 196960K(197120K)->197056K(297984K) Eden: 67584K(67584K)->0K(56832K) From: 129376K(129536K)->197056K(241152K)
[37.892s][info][gc,heap        ] GC(272) ParOldGen: 5543439K(6168576K)->5543439K(6168576K)
[37.892s][info][gc,metaspace   ] GC(272) Metaspace: 6302K(6528K)->6302K(6528K) NonClass: 5769K(5888K)->5769K(5888K) Class: 533K(640K)->533K(640K)
[37.893s][info][gc             ] GC(272) Pause Young (Allocation Failure) 5605M->5605M(6315M) 104.762ms
[37.893s][info][gc,cpu         ] GC(272) User=0.64s Sys=0.00s Real=0.10s
[39.056s][info][gc,start       ] GC(273) Pause Young (Allocation Failure)
[39.308s][info][gc,heap        ] GC(273) PSYoungGen: 253888K(297984K)->253984K(315392K) Eden: 56832K(56832K)->0K(56832K) From: 197056K(241152K)->253984K(258560K)
[39.308s][info][gc,heap        ] GC(273) ParOldGen: 5805583K(6168576K)->5805583K(6168576K)
[39.308s][info][gc,metaspace   ] GC(273) Metaspace: 6302K(6528K)->6302K(6528K) NonClass: 5769K(5888K)->5769K(5888K) Class: 533K(640K)->533K(640K)
[39.308s][info][gc             ] GC(273) Pause Young (Allocation Failure) 5917M->5917M(6332M) 252.312ms
[39.308s][info][gc,cpu         ] GC(273) User=1.33s Sys=0.00s Real=0.25s
[39.368s][info][gc,start       ] GC(274) Pause Young (Allocation Failure)
[39.524s][info][gc,heap        ] GC(274) PSYoungGen: 310816K(315392K)->292864K(306176K) Eden: 56832K(56832K)->0K(13312K) From: 253984K(258560K)->292864K(292864K)
[39.524s][info][gc,heap        ] GC(274) ParOldGen: 5805583K(6168576K)->5823671K(6168576K)
[39.524s][info][gc,metaspace   ] GC(274) Metaspace: 6302K(6528K)->6302K(6528K) NonClass: 5769K(5888K)->5769K(5888K) Class: 533K(640K)->533K(640K)
[39.524s][info][gc             ] GC(274) Pause Young (Allocation Failure) 5973M->5973M(6323M) 155.742ms
[39.524s][info][gc,cpu         ] GC(274) User=0.69s Sys=0.03s Real=0.16s
[39.540s][info][gc,start       ] GC(275) Pause Young (Allocation Failure)
[39.687s][info][gc,heap        ] GC(275) PSYoungGen: 306175K(306176K)->185280K(198656K) Eden: 13311K(13312K)->0K(13312K) From: 292864K(292864K)->185280K(185344K)
[39.687s][info][gc,heap        ] GC(275) ParOldGen: 5823671K(6168576K)->5945551K(6168576K)
[39.687s][info][gc,metaspace   ] GC(275) Metaspace: 6302K(6528K)->6302K(6528K) NonClass: 5769K(5888K)->5769K(5888K) Class: 533K(640K)->533K(640K)
[39.687s][info][gc             ] GC(275) Pause Young (Allocation Failure) 5986M->5987M(6218M) 147.174ms
[39.687s][info][gc,cpu         ] GC(275) User=0.91s Sys=0.03s Real=0.15s
[39.701s][info][gc,start       ] GC(276) Pause Young (Allocation Failure)
[39.819s][info][gc,heap        ] GC(276) PSYoungGen: 198592K(198656K)->139392K(321536K) Eden: 13312K(13312K)->0K(15872K) From: 185280K(185344K)->139392K(305664K)
[39.819s][info][gc,heap        ] GC(276) ParOldGen: 5945551K(6168576K)->6005199K(6168576K)
[39.819s][info][gc,metaspace   ] GC(276) Metaspace: 6302K(6528K)->6302K(6528K) NonClass: 5769K(5888K)->5769K(5888K) Class: 533K(640K)->533K(640K)
[39.819s][info][gc             ] GC(276) Pause Young (Allocation Failure) 6000M->6000M(6338M) 117.910ms
[39.819s][info][gc,cpu         ] GC(276) User=0.41s Sys=0.00s Real=0.12s
[39.837s][info][gc,start       ] GC(277) Pause Young (Allocation Failure)
[39.949s][info][gc,heap        ] GC(277) PSYoungGen: 155264K(321536K)->42624K(335360K) Eden: 15872K(15872K)->0K(15872K) From: 139392K(305664K)->42624K(319488K)
[39.949s][info][gc,heap        ] GC(277) ParOldGen: 6005199K(6168576K)->6118655K(6168576K)
[39.949s][info][gc,metaspace   ] GC(277) Metaspace: 6302K(6528K)->6302K(6528K) NonClass: 5769K(5888K)->5769K(5888K) Class: 533K(640K)->533K(640K)
[39.949s][info][gc             ] GC(277) Pause Young (Allocation Failure) 6016M->6016M(6351M) 112.320ms
[39.949s][info][gc,cpu         ] GC(277) User=0.31s Sys=0.03s Real=0.11s
[39.949s][info][gc,start       ] GC(278) Pause Full (Ergonomics)
[39.949s][info][gc,phases,start] GC(278) Marking Phase
[41.303s][info][gc,phases      ] GC(278) Marking Phase 1353.289ms
[41.303s][info][gc,phases,start] GC(278) Summary Phase
[41.303s][info][gc,phases      ] GC(278) Summary Phase 0.100ms
[41.303s][info][gc,phases,start] GC(278) Adjust Roots
[41.303s][info][gc,phases      ] GC(278) Adjust Roots 0.170ms
[41.303s][info][gc,phases,start] GC(278) Compaction Phase
[42.219s][info][gc,phases      ] GC(278) Compaction Phase 916.198ms
[42.219s][info][gc,phases,start] GC(278) Post Compact
[42.229s][info][gc,phases      ] GC(278) Post Compact 9.708ms
[42.231s][info][gc,heap        ] GC(278) PSYoungGen: 42624K(335360K)->0K(341504K) Eden: 0K(15872K)->0K(18944K) From: 42624K(319488K)->0K(322560K)
[42.231s][info][gc,heap        ] GC(278) ParOldGen: 6118655K(6168576K)->6027030K(6713856K)
[42.231s][info][gc,metaspace   ] GC(278) Metaspace: 6302K(6528K)->6302K(6528K) NonClass: 5769K(5888K)->5769K(5888K) Class: 533K(640K)->533K(640K)
[42.231s][info][gc             ] GC(278) Pause Full (Ergonomics) 6016M->5885M(6890M) 2281.370ms
[42.231s][info][gc,cpu         ] GC(278) User=16.08s Sys=0.08s Real=2.28s
[42.254s][info][gc,start       ] GC(279) Pause Young (Allocation Failure)
[42.314s][info][gc,heap        ] GC(279) PSYoungGen: 18944K(341504K)->19104K(341504K) Eden: 18944K(18944K)->0K(18944K) From: 0K(322560K)->19104K(322560K)
[42.314s][info][gc,heap        ] GC(279) ParOldGen: 6027030K(6713856K)->6027030K(6713856K)
[42.314s][info][gc,metaspace   ] GC(279) Metaspace: 6302K(6528K)->6302K(6528K) NonClass: 5769K(5888K)->5769K(5888K) Class: 533K(640K)->533K(640K)
[42.314s][info][gc             ] GC(279) Pause Young (Allocation Failure) 5904M->5904M(6890M) 60.275ms
[42.314s][info][gc,cpu         ] GC(279) User=0.08s Sys=0.00s Real=0.06s
[42.338s][info][gc,start       ] GC(280) Pause Young (Allocation Failure)
[42.410s][info][gc,heap        ] GC(280) PSYoungGen: 38048K(341504K)->38016K(341504K) Eden: 18944K(18944K)->0K(21504K) From: 19104K(322560K)->38016K(320000K)
[42.410s][info][gc,heap        ] GC(280) ParOldGen: 6027030K(6713856K)->6027030K(6713856K)
[42.410s][info][gc,metaspace   ] GC(280) Metaspace: 6302K(6528K)->6302K(6528K) NonClass: 5769K(5888K)->5769K(5888K) Class: 533K(640K)->533K(640K)
[42.410s][info][gc             ] GC(280) Pause Young (Allocation Failure) 5922M->5922M(6890M) 71.414ms
[42.410s][info][gc,cpu         ] GC(280) User=0.17s Sys=0.00s Real=0.07s
[42.433s][info][gc,start       ] GC(281) Pause Young (Allocation Failure)
[42.511s][info][gc,heap        ] GC(281) PSYoungGen: 59520K(341504K)->21632K(344576K) Eden: 21504K(21504K)->0K(21504K) From: 38016K(320000K)->21632K(323072K)
[42.511s][info][gc,heap        ] GC(281) ParOldGen: 6027030K(6713856K)->6065254K(6713856K)
[42.511s][info][gc,metaspace   ] GC(281) Metaspace: 6302K(6528K)->6302K(6528K) NonClass: 5769K(5888K)->5769K(5888K) Class: 533K(640K)->533K(640K)
[42.511s][info][gc             ] GC(281) Pause Young (Allocation Failure) 5943M->5944M(6893M) 78.121ms
[42.511s][info][gc,cpu         ] GC(281) User=0.22s Sys=0.00s Real=0.08s
[42.532s][info][gc,start       ] GC(282) Pause Young (Allocation Failure)
[42.595s][info][gc,heap        ] GC(282) PSYoungGen: 43136K(344576K)->21632K(334336K) Eden: 21504K(21504K)->0K(24576K) From: 21632K(323072K)->21632K(309760K)
[42.595s][info][gc,heap        ] GC(282) ParOldGen: 6065254K(6713856K)->6086958K(6713856K)
[42.595s][info][gc,metaspace   ] GC(282) Metaspace: 6302K(6528K)->6302K(6528K) NonClass: 5769K(5888K)->5769K(5888K) Class: 533K(640K)->533K(640K)
[42.595s][info][gc             ] GC(282) Pause Young (Allocation Failure) 5965M->5965M(6883M) 63.611ms
[42.595s][info][gc,cpu         ] GC(282) User=0.06s Sys=0.00s Real=0.06s
[42.618s][info][gc,start       ] GC(283) Pause Young (Allocation Failure)
[42.685s][info][gc,heap        ] GC(283) PSYoungGen: 46208K(334336K)->24768K(49664K) Eden: 24576K(24576K)->0K(24576K) From: 21632K(309760K)->24768K(25088K)
[42.685s][info][gc,heap        ] GC(283) ParOldGen: 6086958K(6713856K)->6108662K(6713856K)
[42.685s][info][gc,metaspace   ] GC(283) Metaspace: 6302K(6528K)->6302K(6528K) NonClass: 5769K(5888K)->5769K(5888K) Class: 533K(640K)->533K(640K)
[42.685s][info][gc             ] GC(283) Pause Young (Allocation Failure) 5989M->5989M(6605M) 66.984ms
[42.685s][info][gc,cpu         ] GC(283) User=0.08s Sys=0.00s Real=0.07s
[42.709s][info][gc,start       ] GC(284) Pause Young (Allocation Failure)
[42.776s][info][gc,heap        ] GC(284) PSYoungGen: 49344K(49664K)->24768K(316928K) Eden: 24576K(24576K)->0K(28160K) From: 24768K(25088K)->24768K(288768K)
[42.776s][info][gc,heap        ] GC(284) ParOldGen: 6108662K(6713856K)->6133454K(6713856K)
[42.776s][info][gc,metaspace   ] GC(284) Metaspace: 6302K(6528K)->6302K(6528K) NonClass: 5769K(5888K)->5769K(5888K) Class: 533K(640K)->533K(640K)
[42.776s][info][gc             ] GC(284) Pause Young (Allocation Failure) 6013M->6013M(6866M) 67.759ms
[42.776s][info][gc,cpu         ] GC(284) User=0.33s Sys=0.00s Real=0.07s
[42.806s][info][gc,start       ] GC(285) Pause Young (Allocation Failure)
[42.876s][info][gc,heap        ] GC(285) PSYoungGen: 52928K(316928K)->28352K(56832K) Eden: 28160K(28160K)->0K(28160K) From: 24768K(288768K)->28352K(28672K)
[42.876s][info][gc,heap        ] GC(285) ParOldGen: 6133454K(6713856K)->6158254K(6713856K)
[42.876s][info][gc,metaspace   ] GC(285) Metaspace: 6302K(6528K)->6302K(6528K) NonClass: 5769K(5888K)->5769K(5888K) Class: 533K(640K)->533K(640K)
[42.876s][info][gc             ] GC(285) Pause Young (Allocation Failure) 6041M->6041M(6612M) 70.132ms
[42.876s][info][gc,cpu         ] GC(285) User=0.19s Sys=0.00s Real=0.07s
[42.906s][info][gc,start       ] GC(286) Pause Young (Allocation Failure)
[42.980s][info][gc,heap        ] GC(286) PSYoungGen: 56512K(56832K)->28352K(297472K) Eden: 28160K(28160K)->0K(32256K) From: 28352K(28672K)->28352K(265216K)
[42.980s][info][gc,heap        ] GC(286) ParOldGen: 6158254K(6713856K)->6186670K(6713856K)
[42.980s][info][gc,metaspace   ] GC(286) Metaspace: 6302K(6528K)->6302K(6528K) NonClass: 5769K(5888K)->5769K(5888K) Class: 533K(640K)->533K(640K)
[42.980s][info][gc             ] GC(286) Pause Young (Allocation Failure) 6069M->6069M(6847M) 74.334ms
[42.980s][info][gc,cpu         ] GC(286) User=0.17s Sys=0.02s Real=0.07s
[43.014s][info][gc,start       ] GC(287) Pause Young (Allocation Failure)
[43.093s][info][gc,heap        ] GC(287) PSYoungGen: 60608K(297472K)->32416K(65024K) Eden: 32256K(32256K)->0K(32256K) From: 28352K(265216K)->32416K(32768K)
[43.093s][info][gc,heap        ] GC(287) ParOldGen: 6186670K(6713856K)->6215086K(6713856K)
[43.094s][info][gc,metaspace   ] GC(287) Metaspace: 6302K(6528K)->6302K(6528K) NonClass: 5769K(5888K)->5769K(5888K) Class: 533K(640K)->533K(640K)
[43.094s][info][gc             ] GC(287) Pause Young (Allocation Failure) 6100M->6101M(6620M) 79.333ms
[43.094s][info][gc,cpu         ] GC(287) User=0.17s Sys=0.00s Real=0.08s
[43.127s][info][gc,start       ] GC(288) Pause Young (Allocation Failure)
[43.205s][info][gc,heap        ] GC(288) PSYoungGen: 64672K(65024K)->32384K(276992K) Eden: 32256K(32256K)->0K(37376K) From: 32416K(32768K)->32384K(239616K)
[43.205s][info][gc,heap        ] GC(288) ParOldGen: 6215086K(6713856K)->6247638K(6713856K)
[43.205s][info][gc,metaspace   ] GC(288) Metaspace: 6302K(6528K)->6302K(6528K) NonClass: 5769K(5888K)->5769K(5888K) Class: 533K(640K)->533K(640K)
[43.205s][info][gc             ] GC(288) Pause Young (Allocation Failure) 6132M->6132M(6827M) 77.797ms
[43.205s][info][gc,cpu         ] GC(288) User=0.17s Sys=0.02s Real=0.08s
[43.245s][info][gc,start       ] GC(289) Pause Young (Allocation Failure)
[43.330s][info][gc,heap        ] GC(289) PSYoungGen: 69760K(276992K)->37504K(75264K) Eden: 37376K(37376K)->0K(37376K) From: 32384K(239616K)->37504K(37888K)
[43.330s][info][gc,heap        ] GC(289) ParOldGen: 6247638K(6713856K)->6280182K(6713856K)
[43.330s][info][gc,metaspace   ] GC(289) Metaspace: 6302K(6528K)->6302K(6528K) NonClass: 5769K(5888K)->5769K(5888K) Class: 533K(640K)->533K(640K)
[43.330s][info][gc             ] GC(289) Pause Young (Allocation Failure) 6169M->6169M(6630M) 85.192ms
[43.331s][info][gc,cpu         ] GC(289) User=0.19s Sys=0.00s Real=0.09s
[43.370s][info][gc,start       ] GC(290) Pause Young (Allocation Failure)
[43.455s][info][gc,heap        ] GC(290) PSYoungGen: 74880K(75264K)->37568K(257024K) Eden: 37376K(37376K)->0K(43008K) From: 37504K(37888K)->37568K(214016K)
[43.455s][info][gc,heap        ] GC(290) ParOldGen: 6280182K(6713856K)->6317894K(6713856K)
[43.455s][info][gc,metaspace   ] GC(290) Metaspace: 6302K(6528K)->6302K(6528K) NonClass: 5769K(5888K)->5769K(5888K) Class: 533K(640K)->533K(640K)
[43.455s][info][gc             ] GC(290) Pause Young (Allocation Failure) 6206M->6206M(6807M) 84.283ms
[43.455s][info][gc,cpu         ] GC(290) User=0.22s Sys=0.00s Real=0.08s
[43.501s][info][gc,start       ] GC(291) Pause Young (Allocation Failure)
[43.589s][info][gc,heap        ] GC(291) PSYoungGen: 80576K(257024K)->43232K(86528K) Eden: 43008K(43008K)->0K(43008K) From: 37568K(214016K)->43232K(43520K)
[43.589s][info][gc,heap        ] GC(291) ParOldGen: 6317894K(6713856K)->6355606K(6713856K)
[43.589s][info][gc,metaspace   ] GC(291) Metaspace: 6302K(6528K)->6302K(6528K) NonClass: 5769K(5888K)->5769K(5888K) Class: 533K(640K)->533K(640K)
[43.589s][info][gc             ] GC(291) Pause Young (Allocation Failure) 6248M->6248M(6641M) 87.835ms
[43.589s][info][gc,cpu         ] GC(291) User=0.17s Sys=0.03s Real=0.09s
[43.632s][info][gc,start       ] GC(292) Pause Young (Allocation Failure)
[43.718s][info][gc,heap        ] GC(292) PSYoungGen: 86240K(86528K)->43200K(238592K) Eden: 43008K(43008K)->0K(49152K) From: 43232K(43520K)->43200K(189440K)
[43.718s][info][gc,heap        ] GC(292) ParOldGen: 6355606K(6713856K)->6399006K(6713856K)
[43.718s][info][gc,metaspace   ] GC(292) Metaspace: 6302K(6528K)->6302K(6528K) NonClass: 5769K(5888K)->5769K(5888K) Class: 533K(640K)->533K(640K)
[43.718s][info][gc             ] GC(292) Pause Young (Allocation Failure) 6290M->6291M(6789M) 85.665ms
[43.718s][info][gc,cpu         ] GC(292) User=0.17s Sys=0.00s Real=0.09s
[43.772s][info][gc,start       ] GC(293) Pause Young (Allocation Failure)
[43.868s][info][gc,heap        ] GC(293) PSYoungGen: 92352K(238592K)->49344K(98816K) Eden: 49152K(49152K)->0K(49152K) From: 43200K(189440K)->49344K(49664K)
[43.868s][info][gc,heap        ] GC(293) ParOldGen: 6399006K(6713856K)->6442406K(6713856K)
[43.868s][info][gc,metaspace   ] GC(293) Metaspace: 6302K(6528K)->6302K(6528K) NonClass: 5769K(5888K)->5769K(5888K) Class: 533K(640K)->533K(640K)
[43.868s][info][gc             ] GC(293) Pause Young (Allocation Failure) 6339M->6339M(6653M) 95.425ms
[43.868s][info][gc,cpu         ] GC(293) User=0.34s Sys=0.00s Real=0.10s
[43.929s][info][gc,start       ] GC(294) Pause Young (Allocation Failure)
[44.023s][info][gc,heap        ] GC(294) PSYoungGen: 98496K(98816K)->49408K(221184K) Eden: 49152K(49152K)->0K(55808K) From: 49344K(49664K)->49408K(165376K)
[44.023s][info][gc,heap        ] GC(294) ParOldGen: 6442406K(6713856K)->6491990K(6713856K)
[44.023s][info][gc,metaspace   ] GC(294) Metaspace: 6302K(6528K)->6302K(6528K) NonClass: 5769K(5888K)->5769K(5888K) Class: 533K(640K)->533K(640K)
[44.023s][info][gc             ] GC(294) Pause Young (Allocation Failure) 6387M->6388M(6772M) 93.861ms
[44.023s][info][gc,cpu         ] GC(294) User=0.22s Sys=0.03s Real=0.09s
[44.077s][info][gc,start       ] GC(295) Pause Young (Allocation Failure)
[44.169s][info][gc,heap        ] GC(295) PSYoungGen: 105216K(221184K)->56000K(112128K) Eden: 55808K(55808K)->0K(55808K) From: 49408K(165376K)->56000K(56320K)
[44.169s][info][gc,heap        ] GC(295) ParOldGen: 6491990K(6713856K)->6541590K(6713856K)
[44.169s][info][gc,metaspace   ] GC(295) Metaspace: 6302K(6528K)->6302K(6528K) NonClass: 5769K(5888K)->5769K(5888K) Class: 533K(640K)->533K(640K)
[44.169s][info][gc             ] GC(295) Pause Young (Allocation Failure) 6442M->6442M(6666M) 91.534ms
[44.169s][info][gc,cpu         ] GC(295) User=0.33s Sys=0.00s Real=0.09s
[44.225s][info][gc,start       ] GC(296) Pause Young (Allocation Failure)
[44.317s][info][gc,heap        ] GC(296) PSYoungGen: 111808K(112128K)->55968K(206336K) Eden: 55808K(55808K)->0K(62976K) From: 56000K(56320K)->55968K(143360K)
[44.317s][info][gc,heap        ] GC(296) ParOldGen: 6541590K(6713856K)->6597894K(6713856K)
[44.317s][info][gc,metaspace   ] GC(296) Metaspace: 6302K(6528K)->6302K(6528K) NonClass: 5769K(5888K)->5769K(5888K) Class: 533K(640K)->533K(640K)
[44.317s][info][gc             ] GC(296) Pause Young (Allocation Failure) 6497M->6497M(6758M) 92.076ms
[44.317s][info][gc,cpu         ] GC(296) User=0.47s Sys=0.06s Real=0.09s
[44.393s][info][gc,start       ] GC(297) Pause Young (Allocation Failure)
[44.497s][info][gc,heap        ] GC(297) PSYoungGen: 118944K(206336K)->63232K(217600K) Eden: 62976K(62976K)->0K(62976K) From: 55968K(143360K)->63232K(154624K)
[44.497s][info][gc,heap        ] GC(297) ParOldGen: 6597894K(6713856K)->6654206K(6713856K)
[44.497s][info][gc,metaspace   ] GC(297) Metaspace: 6302K(6528K)->6302K(6528K) NonClass: 5769K(5888K)->5769K(5888K) Class: 533K(640K)->533K(640K)
[44.497s][info][gc             ] GC(297) Pause Young (Allocation Failure) 6559M->6559M(6769M) 103.142ms
[44.497s][info][gc,cpu         ] GC(297) User=0.34s Sys=0.00s Real=0.10s
[44.497s][info][gc,start       ] GC(298) Pause Full (Ergonomics)
[44.497s][info][gc,phases,start] GC(298) Marking Phase
[45.995s][info][gc,phases      ] GC(298) Marking Phase 1498.461ms
[45.995s][info][gc,phases,start] GC(298) Summary Phase
[45.995s][info][gc,phases      ] GC(298) Summary Phase 0.151ms
[45.995s][info][gc,phases,start] GC(298) Adjust Roots
[45.996s][info][gc,phases      ] GC(298) Adjust Roots 0.243ms
[45.996s][info][gc,phases,start] GC(298) Compaction Phase
[46.725s][info][gc,phases      ] GC(298) Compaction Phase 729.586ms
[46.725s][info][gc,phases,start] GC(298) Post Compact
[46.735s][info][gc,phases      ] GC(298) Post Compact 10.072ms
[46.736s][info][gc,heap        ] GC(298) PSYoungGen: 63232K(217600K)->0K(218112K) Eden: 0K(62976K)->0K(71168K) From: 63232K(154624K)->0K(146944K)
[46.736s][info][gc,heap        ] GC(298) ParOldGen: 6654206K(6713856K)->6710967K(6758400K)
[46.736s][info][gc,metaspace   ] GC(298) Metaspace: 6302K(6528K)->6302K(6528K) NonClass: 5769K(5888K)->5769K(5888K) Class: 533K(640K)->533K(640K)
[46.736s][info][gc             ] GC(298) Pause Full (Ergonomics) 6559M->6553M(6813M) 2238.993ms
[46.736s][info][gc,cpu         ] GC(298) User=15.81s Sys=0.06s Real=2.24s
[46.815s][info][gc,start       ] GC(299) Pause Full (Ergonomics)
[46.815s][info][gc,phases,start] GC(299) Marking Phase
[48.378s][info][gc,phases      ] GC(299) Marking Phase 1562.934ms
[48.378s][info][gc,phases,start] GC(299) Summary Phase
[48.379s][info][gc,phases      ] GC(299) Summary Phase 0.068ms
[48.379s][info][gc,phases,start] GC(299) Adjust Roots
[48.379s][info][gc,phases      ] GC(299) Adjust Roots 0.164ms
[48.379s][info][gc,phases,start] GC(299) Compaction Phase
[48.942s][info][gc,phases      ] GC(299) Compaction Phase 563.337ms
[48.942s][info][gc,phases,start] GC(299) Post Compact
[48.952s][info][gc,phases      ] GC(299) Post Compact 9.926ms
[48.952s][info][gc,heap        ] GC(299) PSYoungGen: 71168K(218112K)->24053K(218112K) Eden: 71168K(71168K)->24053K(71168K) From: 0K(146944K)->0K(146944K)
[48.952s][info][gc,heap        ] GC(299) ParOldGen: 6710967K(6758400K)->6758051K(6758400K)
[48.952s][info][gc,metaspace   ] GC(299) Metaspace: 6302K(6528K)->6302K(6528K) NonClass: 5769K(5888K)->5769K(5888K) Class: 533K(640K)->533K(640K)
[48.952s][info][gc             ] GC(299) Pause Full (Ergonomics) 6623M->6623M(6813M) 2136.805ms
[48.952s][info][gc,cpu         ] GC(299) User=15.61s Sys=0.03s Real=2.14s
[49.001s][info][gc,start       ] GC(300) Pause Full (Ergonomics)
[49.001s][info][gc,phases,start] GC(300) Marking Phase
[50.588s][info][gc,phases      ] GC(300) Marking Phase 1586.421ms
[50.588s][info][gc,phases,start] GC(300) Summary Phase
[50.588s][info][gc,phases      ] GC(300) Summary Phase 0.098ms
[50.588s][info][gc,phases,start] GC(300) Adjust Roots
[50.588s][info][gc,phases      ] GC(300) Adjust Roots 0.299ms
[50.588s][info][gc,phases,start] GC(300) Compaction Phase
[51.164s][info][gc,phases      ] GC(300) Compaction Phase 575.914ms
[51.164s][info][gc,phases,start] GC(300) Post Compact
[51.174s][info][gc,phases      ] GC(300) Post Compact 10.197ms
[51.175s][info][gc,heap        ] GC(300) PSYoungGen: 71168K(218112K)->71146K(218112K) Eden: 71168K(71168K)->71146K(71168K) From: 0K(146944K)->0K(146944K)
[51.175s][info][gc,heap        ] GC(300) ParOldGen: 6758051K(6758400K)->6758051K(6758400K)
[51.175s][info][gc,metaspace   ] GC(300) Metaspace: 6302K(6528K)->6302K(6528K) NonClass: 5769K(5888K)->5769K(5888K) Class: 533K(640K)->533K(640K)
[51.175s][info][gc             ] GC(300) Pause Full (Ergonomics) 6669M->6669M(6813M) 2173.331ms
[51.175s][info][gc,cpu         ] GC(300) User=15.70s Sys=0.00s Real=2.17s
[51.175s][info][gc,start       ] GC(301) Pause Full (Ergonomics)
[51.175s][info][gc,phases,start] GC(301) Marking Phase
[52.742s][info][gc,phases      ] GC(301) Marking Phase 1567.011ms
[52.742s][info][gc,phases,start] GC(301) Summary Phase
[52.742s][info][gc,phases      ] GC(301) Summary Phase 0.068ms
[52.742s][info][gc,phases,start] GC(301) Adjust Roots
[52.742s][info][gc,phases      ] GC(301) Adjust Roots 0.166ms
[52.742s][info][gc,phases,start] GC(301) Compaction Phase
[53.300s][info][gc,phases      ] GC(301) Compaction Phase 558.021ms
[53.300s][info][gc,phases,start] GC(301) Post Compact
[53.310s][info][gc,phases      ] GC(301) Post Compact 10.241ms
[53.311s][info][gc,heap        ] GC(301) PSYoungGen: 71168K(218112K)->71167K(218112K) Eden: 71168K(71168K)->71167K(71168K) From: 0K(146944K)->0K(146944K)
[53.311s][info][gc,heap        ] GC(301) ParOldGen: 6758051K(6758400K)->6758051K(6758400K)
[53.311s][info][gc,metaspace   ] GC(301) Metaspace: 6302K(6528K)->6302K(6528K) NonClass: 5769K(5888K)->5769K(5888K) Class: 533K(640K)->533K(640K)
[53.311s][info][gc             ] GC(301) Pause Full (Ergonomics) 6669M->6669M(6813M) 2135.826ms
[53.311s][info][gc,cpu         ] GC(301) User=15.59s Sys=0.00s Real=2.14s
[53.311s][info][gc,start       ] GC(302) Pause Full (Ergonomics)
[53.311s][info][gc,phases,start] GC(302) Marking Phase
[54.894s][info][gc,phases      ] GC(302) Marking Phase 1583.360ms
[54.894s][info][gc,phases,start] GC(302) Summary Phase
[54.894s][info][gc,phases      ] GC(302) Summary Phase 0.068ms
[54.894s][info][gc,phases,start] GC(302) Adjust Roots
[54.895s][info][gc,phases      ] GC(302) Adjust Roots 0.165ms
[54.895s][info][gc,phases,start] GC(302) Compaction Phase
[55.485s][info][gc,phases      ] GC(302) Compaction Phase 590.715ms
[55.485s][info][gc,phases,start] GC(302) Post Compact
[55.495s][info][gc,phases      ] GC(302) Post Compact 10.041ms
[55.495s][info][gc,heap        ] GC(302) PSYoungGen: 71167K(218112K)->71167K(218112K) Eden: 71167K(71168K)->71167K(71168K) From: 0K(146944K)->0K(146944K)
[55.495s][info][gc,heap        ] GC(302) ParOldGen: 6758051K(6758400K)->6758051K(6758400K)
[55.495s][info][gc,metaspace   ] GC(302) Metaspace: 6302K(6528K)->6302K(6528K) NonClass: 5769K(5888K)->5769K(5888K) Class: 533K(640K)->533K(640K)
[55.495s][info][gc             ] GC(302) Pause Full (Ergonomics) 6669M->6669M(6813M) 2184.663ms
[55.495s][info][gc,cpu         ] GC(302) User=15.86s Sys=0.00s Real=2.18s
[55.496s][info][gc,start       ] GC(303) Pause Full (Ergonomics)
[55.496s][info][gc,phases,start] GC(303) Marking Phase
[57.102s][info][gc,phases      ] GC(303) Marking Phase 1605.954ms
[57.102s][info][gc,phases,start] GC(303) Summary Phase
[57.102s][info][gc,phases      ] GC(303) Summary Phase 0.067ms
[57.102s][info][gc,phases,start] GC(303) Adjust Roots
[57.102s][info][gc,phases      ] GC(303) Adjust Roots 0.166ms
[57.102s][info][gc,phases,start] GC(303) Compaction Phase
[57.666s][info][gc,phases      ] GC(303) Compaction Phase 564.151ms
[57.666s][info][gc,phases,start] GC(303) Post Compact
[57.677s][info][gc,phases      ] GC(303) Post Compact 10.351ms
[57.677s][info][gc,heap        ] GC(303) PSYoungGen: 71168K(218112K)->71168K(218112K) Eden: 71168K(71168K)->71168K(71168K) From: 0K(146944K)->0K(146944K)
[57.677s][info][gc,heap        ] GC(303) ParOldGen: 6758056K(6758400K)->6758056K(6758400K)
[57.677s][info][gc,metaspace   ] GC(303) Metaspace: 6302K(6528K)->6302K(6528K) NonClass: 5769K(5888K)->5769K(5888K) Class: 533K(640K)->533K(640K)
[57.677s][info][gc             ] GC(303) Pause Full (Ergonomics) 6669M->6669M(6813M) 2181.031ms
[57.677s][info][gc,cpu         ] GC(303) User=15.83s Sys=0.02s Real=2.18s
[57.677s][info][gc,start       ] GC(304) Pause Full (Ergonomics)
[57.677s][info][gc,phases,start] GC(304) Marking Phase
[59.254s][info][gc,phases      ] GC(304) Marking Phase 1577.015ms
[59.254s][info][gc,phases,start] GC(304) Summary Phase
[59.254s][info][gc,phases      ] GC(304) Summary Phase 0.070ms
[59.254s][info][gc,phases,start] GC(304) Adjust Roots
[59.254s][info][gc,phases      ] GC(304) Adjust Roots 0.207ms
[59.254s][info][gc,phases,start] GC(304) Compaction Phase
[59.836s][info][gc,phases      ] GC(304) Compaction Phase 581.495ms
[59.836s][info][gc,phases,start] GC(304) Post Compact
[59.846s][info][gc,phases      ] GC(304) Post Compact 9.981ms
[59.846s][info][gc,heap        ] GC(304) PSYoungGen: 71168K(218112K)->71168K(218112K) Eden: 71168K(71168K)->71168K(71168K) From: 0K(146944K)->0K(146944K)
[59.846s][info][gc,heap        ] GC(304) ParOldGen: 6758061K(6758400K)->6758061K(6758400K)
[59.846s][info][gc,metaspace   ] GC(304) Metaspace: 6302K(6528K)->6302K(6528K) NonClass: 5769K(5888K)->5769K(5888K) Class: 533K(640K)->533K(640K)
[59.846s][info][gc             ] GC(304) Pause Full (Ergonomics) 6669M->6669M(6813M) 2169.095ms
[59.846s][info][gc,cpu         ] GC(304) User=15.92s Sys=0.02s Real=2.17s
[59.846s][info][gc,start       ] GC(305) Pause Full (Ergonomics)
[59.846s][info][gc,phases,start] GC(305) Marking Phase
[61.443s][info][gc,phases      ] GC(305) Marking Phase 1596.882ms
[61.443s][info][gc,phases,start] GC(305) Summary Phase
[61.443s][info][gc,phases      ] GC(305) Summary Phase 0.078ms
[61.443s][info][gc,phases,start] GC(305) Adjust Roots
[61.443s][info][gc,phases      ] GC(305) Adjust Roots 0.223ms
[61.444s][info][gc,phases,start] GC(305) Compaction Phase
[62.036s][info][gc,phases      ] GC(305) Compaction Phase 592.758ms
[62.036s][info][gc,phases,start] GC(305) Post Compact
[62.046s][info][gc,phases      ] GC(305) Post Compact 10.117ms
[62.047s][info][gc,heap        ] GC(305) PSYoungGen: 71168K(218112K)->71168K(218112K) Eden: 71168K(71168K)->71168K(71168K) From: 0K(146944K)->0K(146944K)
[62.047s][info][gc,heap        ] GC(305) ParOldGen: 6758066K(6758400K)->6758066K(6758400K)
[62.047s][info][gc,metaspace   ] GC(305) Metaspace: 6302K(6528K)->6302K(6528K) NonClass: 5769K(5888K)->5769K(5888K) Class: 533K(640K)->533K(640K)
[62.047s][info][gc             ] GC(305) Pause Full (Ergonomics) 6669M->6669M(6813M) 2200.394ms
[62.047s][info][gc,cpu         ] GC(305) User=16.08s Sys=0.00s Real=2.20s
[62.047s][info][gc,start       ] GC(306) Pause Full (Ergonomics)
[62.047s][info][gc,phases,start] GC(306) Marking Phase
[63.653s][info][gc,phases      ] GC(306) Marking Phase 1606.089ms
[63.653s][info][gc,phases,start] GC(306) Summary Phase
[63.653s][info][gc,phases      ] GC(306) Summary Phase 0.068ms
[63.653s][info][gc,phases,start] GC(306) Adjust Roots
[63.653s][info][gc,phases      ] GC(306) Adjust Roots 0.164ms
[63.653s][info][gc,phases,start] GC(306) Compaction Phase
[64.272s][info][gc,phases      ] GC(306) Compaction Phase 618.950ms
[64.272s][info][gc,phases,start] GC(306) Post Compact
[64.283s][info][gc,phases      ] GC(306) Post Compact 10.725ms
[64.283s][info][gc,heap        ] GC(306) PSYoungGen: 71168K(218112K)->71168K(218112K) Eden: 71168K(71168K)->71168K(71168K) From: 0K(146944K)->0K(146944K)
[64.283s][info][gc,heap        ] GC(306) ParOldGen: 6758071K(6758400K)->6758071K(6758400K)
[64.283s][info][gc,metaspace   ] GC(306) Metaspace: 6302K(6528K)->6302K(6528K) NonClass: 5769K(5888K)->5769K(5888K) Class: 533K(640K)->533K(640K)
[64.283s][info][gc             ] GC(306) Pause Full (Ergonomics) 6669M->6669M(6813M) 2236.322ms
[64.283s][info][gc,cpu         ] GC(306) User=16.23s Sys=0.00s Real=2.24s
[64.283s][info][gc,start       ] GC(307) Pause Full (Ergonomics)
[64.283s][info][gc,phases,start] GC(307) Marking Phase
[65.960s][info][gc,phases      ] GC(307) Marking Phase 1677.187ms
[65.961s][info][gc,phases,start] GC(307) Summary Phase
[65.961s][info][gc,phases      ] GC(307) Summary Phase 0.072ms
[65.961s][info][gc,phases,start] GC(307) Adjust Roots
[65.961s][info][gc,phases      ] GC(307) Adjust Roots 0.181ms
[65.961s][info][gc,phases,start] GC(307) Compaction Phase
[66.641s][info][gc,phases      ] GC(307) Compaction Phase 680.035ms
[66.641s][info][gc,phases,start] GC(307) Post Compact
[66.651s][info][gc,phases      ] GC(307) Post Compact 10.038ms
[66.651s][info][gc,heap        ] GC(307) PSYoungGen: 71168K(218112K)->71168K(218112K) Eden: 71168K(71168K)->71168K(71168K) From: 0K(146944K)->0K(146944K)
[66.651s][info][gc,heap        ] GC(307) ParOldGen: 6758076K(6758400K)->6758076K(6758400K)
[66.651s][info][gc,metaspace   ] GC(307) Metaspace: 6302K(6528K)->6302K(6528K) NonClass: 5769K(5888K)->5769K(5888K) Class: 533K(640K)->533K(640K)
[66.651s][info][gc             ] GC(307) Pause Full (Ergonomics) 6669M->6669M(6813M) 2367.814ms
[66.651s][info][gc,cpu         ] GC(307) User=16.34s Sys=0.00s Real=2.37s
[66.651s][info][gc,start       ] GC(308) Pause Full (Ergonomics)
[66.651s][info][gc,phases,start] GC(308) Marking Phase
[68.331s][info][gc,phases      ] GC(308) Marking Phase 1680.118ms
[68.332s][info][gc,phases,start] GC(308) Summary Phase
[68.332s][info][gc,phases      ] GC(308) Summary Phase 0.078ms
[68.332s][info][gc,phases,start] GC(308) Adjust Roots
[68.332s][info][gc,phases      ] GC(308) Adjust Roots 0.199ms
[68.332s][info][gc,phases,start] GC(308) Compaction Phase
[68.953s][info][gc,phases      ] GC(308) Compaction Phase 621.195ms
[68.953s][info][gc,phases,start] GC(308) Post Compact
[68.965s][info][gc,phases      ] GC(308) Post Compact 12.066ms
[68.965s][info][gc,heap        ] GC(308) PSYoungGen: 71168K(218112K)->71168K(218112K) Eden: 71168K(71168K)->71168K(71168K) From: 0K(146944K)->0K(146944K)
[68.965s][info][gc,heap        ] GC(308) ParOldGen: 6758081K(6758400K)->6758081K(6758400K)
[68.965s][info][gc,metaspace   ] GC(308) Metaspace: 6302K(6528K)->6302K(6528K) NonClass: 5769K(5888K)->5769K(5888K) Class: 533K(640K)->533K(640K)
[68.965s][info][gc             ] GC(308) Pause Full (Ergonomics) 6669M->6669M(6813M) 2314.035ms
[68.965s][info][gc,cpu         ] GC(308) User=16.53s Sys=0.00s Real=2.31s
[68.966s][info][gc,start       ] GC(309) Pause Full (Ergonomics)
[68.966s][info][gc,phases,start] GC(309) Marking Phase
[70.844s][info][gc,phases      ] GC(309) Marking Phase 1877.981ms
[70.844s][info][gc,phases,start] GC(309) Summary Phase
[70.844s][info][gc,phases      ] GC(309) Summary Phase 0.119ms
[70.844s][info][gc,phases,start] GC(309) Adjust Roots
[70.844s][info][gc,phases      ] GC(309) Adjust Roots 0.235ms
[70.844s][info][gc,phases,start] GC(309) Compaction Phase
[71.534s][info][gc,phases      ] GC(309) Compaction Phase 689.400ms
[71.534s][info][gc,phases,start] GC(309) Post Compact
[71.545s][info][gc,phases      ] GC(309) Post Compact 11.212ms
[71.545s][info][gc,heap        ] GC(309) PSYoungGen: 71168K(218112K)->71168K(218112K) Eden: 71168K(71168K)->71168K(71168K) From: 0K(146944K)->0K(146944K)
[71.545s][info][gc,heap        ] GC(309) ParOldGen: 6758085K(6758400K)->6758085K(6758400K)
[71.545s][info][gc,metaspace   ] GC(309) Metaspace: 6302K(6528K)->6302K(6528K) NonClass: 5769K(5888K)->5769K(5888K) Class: 533K(640K)->533K(640K)
[71.545s][info][gc             ] GC(309) Pause Full (Ergonomics) 6669M->6669M(6813M) 2579.379ms
[71.545s][info][gc,cpu         ] GC(309) User=15.83s Sys=0.05s Real=2.58s
[71.545s][info][gc,start       ] GC(310) Pause Full (Ergonomics)
[71.545s][info][gc,phases,start] GC(310) Marking Phase
[73.262s][info][gc,phases      ] GC(310) Marking Phase 1717.327ms
[73.263s][info][gc,phases,start] GC(310) Summary Phase
[73.263s][info][gc,phases      ] GC(310) Summary Phase 0.076ms
[73.263s][info][gc,phases,start] GC(310) Adjust Roots
[73.263s][info][gc,phases      ] GC(310) Adjust Roots 0.188ms
[73.263s][info][gc,phases,start] GC(310) Compaction Phase
[73.996s][info][gc,phases      ] GC(310) Compaction Phase 733.155ms
[73.996s][info][gc,phases,start] GC(310) Post Compact
[74.007s][info][gc,phases      ] GC(310) Post Compact 11.332ms
[74.007s][info][gc,heap        ] GC(310) PSYoungGen: 71168K(218112K)->71168K(218112K) Eden: 71168K(71168K)->71168K(71168K) From: 0K(146944K)->0K(146944K)
[74.008s][info][gc,heap        ] GC(310) ParOldGen: 6758090K(6758400K)->6758090K(6758400K)
[74.008s][info][gc,metaspace   ] GC(310) Metaspace: 6302K(6528K)->6302K(6528K) NonClass: 5769K(5888K)->5769K(5888K) Class: 533K(640K)->533K(640K)
[74.008s][info][gc             ] GC(310) Pause Full (Ergonomics) 6669M->6669M(6813M) 2462.412ms
[74.008s][info][gc,cpu         ] GC(310) User=16.61s Sys=0.00s Real=2.46s
[74.008s][info][gc,start       ] GC(311) Pause Full (Ergonomics)
[74.008s][info][gc,phases,start] GC(311) Marking Phase
[75.723s][info][gc,phases      ] GC(311) Marking Phase 1715.731ms
[75.724s][info][gc,phases,start] GC(311) Summary Phase
[75.724s][info][gc,phases      ] GC(311) Summary Phase 0.067ms
[75.724s][info][gc,phases,start] GC(311) Adjust Roots
[75.724s][info][gc,phases      ] GC(311) Adjust Roots 0.169ms
[75.724s][info][gc,phases,start] GC(311) Compaction Phase
[76.341s][info][gc,phases      ] GC(311) Compaction Phase 617.165ms
[76.341s][info][gc,phases,start] GC(311) Post Compact
[76.352s][info][gc,phases      ] GC(311) Post Compact 11.195ms
[76.352s][info][gc,heap        ] GC(311) PSYoungGen: 71168K(218112K)->71168K(218112K) Eden: 71168K(71168K)->71168K(71168K) From: 0K(146944K)->0K(146944K)
[76.352s][info][gc,heap        ] GC(311) ParOldGen: 6758095K(6758400K)->6758095K(6758400K)
[76.352s][info][gc,metaspace   ] GC(311) Metaspace: 6302K(6528K)->6302K(6528K) NonClass: 5769K(5888K)->5769K(5888K) Class: 533K(640K)->533K(640K)
[76.352s][info][gc             ] GC(311) Pause Full (Ergonomics) 6669M->6669M(6813M) 2344.652ms
[76.352s][info][gc,cpu         ] GC(311) User=16.41s Sys=0.00s Real=2.34s
[76.353s][info][gc,start       ] GC(312) Pause Full (Ergonomics)
[76.353s][info][gc,phases,start] GC(312) Marking Phase
[78.121s][info][gc,phases      ] GC(312) Marking Phase 1767.981ms
[78.121s][info][gc,phases,start] GC(312) Summary Phase
[78.121s][info][gc,phases      ] GC(312) Summary Phase 0.108ms
[78.121s][info][gc,phases,start] GC(312) Adjust Roots
[78.121s][info][gc,phases      ] GC(312) Adjust Roots 0.327ms
[78.121s][info][gc,phases,start] GC(312) Compaction Phase
[78.791s][info][gc,phases      ] GC(312) Compaction Phase 669.355ms
[78.791s][info][gc,phases,start] GC(312) Post Compact
[78.801s][info][gc,phases      ] GC(312) Post Compact 10.138ms
[78.801s][info][gc,heap        ] GC(312) PSYoungGen: 71168K(218112K)->71168K(218112K) Eden: 71168K(71168K)->71168K(71168K) From: 0K(146944K)->0K(146944K)
[78.801s][info][gc,heap        ] GC(312) ParOldGen: 6758100K(6758400K)->6758100K(6758400K)
[78.801s][info][gc,metaspace   ] GC(312) Metaspace: 6302K(6528K)->6302K(6528K) NonClass: 5769K(5888K)->5769K(5888K) Class: 533K(640K)->533K(640K)
[78.801s][info][gc             ] GC(312) Pause Full (Ergonomics) 6669M->6669M(6813M) 2448.304ms
[78.801s][info][gc,cpu         ] GC(312) User=16.58s Sys=0.00s Real=2.45s
[78.801s][info][gc,start       ] GC(313) Pause Full (Ergonomics)
[78.801s][info][gc,phases,start] GC(313) Marking Phase
[80.483s][info][gc,phases      ] GC(313) Marking Phase 1681.363ms
[80.483s][info][gc,phases,start] GC(313) Summary Phase
[80.483s][info][gc,phases      ] GC(313) Summary Phase 0.079ms
[80.483s][info][gc,phases,start] GC(313) Adjust Roots
[80.483s][info][gc,phases      ] GC(313) Adjust Roots 0.282ms
[80.483s][info][gc,phases,start] GC(313) Compaction Phase
[81.147s][info][gc,phases      ] GC(313) Compaction Phase 663.662ms
[81.147s][info][gc,phases,start] GC(313) Post Compact
[81.158s][info][gc,phases      ] GC(313) Post Compact 10.992ms
[81.158s][info][gc,heap        ] GC(313) PSYoungGen: 71168K(218112K)->71168K(218112K) Eden: 71168K(71168K)->71168K(71168K) From: 0K(146944K)->0K(146944K)
[81.158s][info][gc,heap        ] GC(313) ParOldGen: 6758105K(6758400K)->6758105K(6758400K)
[81.158s][info][gc,metaspace   ] GC(313) Metaspace: 6302K(6528K)->6302K(6528K) NonClass: 5769K(5888K)->5769K(5888K) Class: 533K(640K)->533K(640K)
[81.158s][info][gc             ] GC(313) Pause Full (Ergonomics) 6669M->6669M(6813M) 2356.748ms
[81.158s][info][gc,cpu         ] GC(313) User=16.59s Sys=0.00s Real=2.36s
[81.158s][info][gc,start       ] GC(314) Pause Full (Ergonomics)
[81.158s][info][gc,phases,start] GC(314) Marking Phase
[82.847s][info][gc,phases      ] GC(314) Marking Phase 1688.970ms
[82.847s][info][gc,phases,start] GC(314) Summary Phase
[82.847s][info][gc,phases      ] GC(314) Summary Phase 0.067ms
[82.847s][info][gc,phases,start] GC(314) Adjust Roots
[82.847s][info][gc,phases      ] GC(314) Adjust Roots 0.169ms
[82.847s][info][gc,phases,start] GC(314) Compaction Phase
[83.441s][info][gc,phases      ] GC(314) Compaction Phase 593.272ms
[83.441s][info][gc,phases,start] GC(314) Post Compact
[83.451s][info][gc,phases      ] GC(314) Post Compact 10.096ms
[83.451s][info][gc,heap        ] GC(314) PSYoungGen: 71168K(218112K)->71168K(218112K) Eden: 71168K(71168K)->71168K(71168K) From: 0K(146944K)->0K(146944K)
[83.451s][info][gc,heap        ] GC(314) ParOldGen: 6758110K(6758400K)->6758110K(6758400K)
[83.451s][info][gc,metaspace   ] GC(314) Metaspace: 6302K(6528K)->6302K(6528K) NonClass: 5769K(5888K)->5769K(5888K) Class: 533K(640K)->533K(640K)
[83.451s][info][gc             ] GC(314) Pause Full (Ergonomics) 6669M->6669M(6813M) 2292.897ms
[83.451s][info][gc,cpu         ] GC(314) User=16.59s Sys=0.03s Real=2.29s
[83.451s][info][gc,start       ] GC(315) Pause Full (Ergonomics)
[83.451s][info][gc,phases,start] GC(315) Marking Phase
[85.138s][info][gc,phases      ] GC(315) Marking Phase 1686.931ms
[85.138s][info][gc,phases,start] GC(315) Summary Phase
[85.138s][info][gc,phases      ] GC(315) Summary Phase 0.067ms
[85.138s][info][gc,phases,start] GC(315) Adjust Roots
[85.138s][info][gc,phases      ] GC(315) Adjust Roots 0.162ms
[85.138s][info][gc,phases,start] GC(315) Compaction Phase
[85.782s][info][gc,phases      ] GC(315) Compaction Phase 643.177ms
[85.782s][info][gc,phases,start] GC(315) Post Compact
[85.792s][info][gc,phases      ] GC(315) Post Compact 10.505ms
[85.792s][info][gc,heap        ] GC(315) PSYoungGen: 71168K(218112K)->71168K(218112K) Eden: 71168K(71168K)->71168K(71168K) From: 0K(146944K)->0K(146944K)
[85.792s][info][gc,heap        ] GC(315) ParOldGen: 6758114K(6758400K)->6758114K(6758400K)
[85.792s][info][gc,metaspace   ] GC(315) Metaspace: 6302K(6528K)->6302K(6528K) NonClass: 5769K(5888K)->5769K(5888K) Class: 533K(640K)->533K(640K)
[85.792s][info][gc             ] GC(315) Pause Full (Ergonomics) 6669M->6669M(6813M) 2341.169ms
[85.792s][info][gc,cpu         ] GC(315) User=17.09s Sys=0.00s Real=2.34s
[85.793s][info][gc,start       ] GC(316) Pause Full (Ergonomics)
[85.793s][info][gc,phases,start] GC(316) Marking Phase
[87.451s][info][gc,phases      ] GC(316) Marking Phase 1657.964ms
[87.451s][info][gc,phases,start] GC(316) Summary Phase
[87.451s][info][gc,phases      ] GC(316) Summary Phase 0.080ms
[87.451s][info][gc,phases,start] GC(316) Adjust Roots
[87.451s][info][gc,phases      ] GC(316) Adjust Roots 0.193ms
[87.451s][info][gc,phases,start] GC(316) Compaction Phase
[88.074s][info][gc,phases      ] GC(316) Compaction Phase 622.902ms
[88.074s][info][gc,phases,start] GC(316) Post Compact
[88.084s][info][gc,phases      ] GC(316) Post Compact 9.878ms
[88.084s][info][gc,heap        ] GC(316) PSYoungGen: 71168K(218112K)->71168K(218112K) Eden: 71168K(71168K)->71168K(71168K) From: 0K(146944K)->0K(146944K)
[88.084s][info][gc,heap        ] GC(316) ParOldGen: 6758119K(6758400K)->6758119K(6758400K)
[88.084s][info][gc,metaspace   ] GC(316) Metaspace: 6302K(6528K)->6302K(6528K) NonClass: 5769K(5888K)->5769K(5888K) Class: 533K(640K)->533K(640K)
[88.084s][info][gc             ] GC(316) Pause Full (Ergonomics) 6669M->6669M(6813M) 2291.338ms
[88.084s][info][gc,cpu         ] GC(316) User=16.70s Sys=0.00s Real=2.29s
[88.084s][info][gc,start       ] GC(317) Pause Full (Ergonomics)
[88.084s][info][gc,phases,start] GC(317) Marking Phase
[89.724s][info][gc,phases      ] GC(317) Marking Phase 1639.910ms
[89.724s][info][gc,phases,start] GC(317) Summary Phase
[89.724s][info][gc,phases      ] GC(317) Summary Phase 0.071ms
[89.724s][info][gc,phases,start] GC(317) Adjust Roots
[89.724s][info][gc,phases      ] GC(317) Adjust Roots 0.307ms
[89.724s][info][gc,phases,start] GC(317) Compaction Phase
[90.355s][info][gc,phases      ] GC(317) Compaction Phase 630.213ms
[90.355s][info][gc,phases,start] GC(317) Post Compact
[90.366s][info][gc,phases      ] GC(317) Post Compact 10.879ms
[90.366s][info][gc,heap        ] GC(317) PSYoungGen: 71168K(218112K)->71168K(218112K) Eden: 71168K(71168K)->71168K(71168K) From: 0K(146944K)->0K(146944K)
[90.366s][info][gc,heap        ] GC(317) ParOldGen: 6758124K(6758400K)->6758124K(6758400K)
[90.366s][info][gc,metaspace   ] GC(317) Metaspace: 6302K(6528K)->6302K(6528K) NonClass: 5769K(5888K)->5769K(5888K) Class: 533K(640K)->533K(640K)
[90.366s][info][gc             ] GC(317) Pause Full (Ergonomics) 6669M->6669M(6813M) 2281.776ms
[90.366s][info][gc,cpu         ] GC(317) User=16.70s Sys=0.00s Real=2.28s
[90.366s][info][gc,start       ] GC(318) Pause Full (Ergonomics)
[90.366s][info][gc,phases,start] GC(318) Marking Phase
[92.043s][info][gc,phases      ] GC(318) Marking Phase 1676.645ms
[92.043s][info][gc,phases,start] GC(318) Summary Phase
[92.043s][info][gc,phases      ] GC(318) Summary Phase 0.152ms
[92.043s][info][gc,phases,start] GC(318) Adjust Roots
[92.043s][info][gc,phases      ] GC(318) Adjust Roots 0.271ms
[92.043s][info][gc,phases,start] GC(318) Compaction Phase
[92.695s][info][gc,phases      ] GC(318) Compaction Phase 651.158ms
[92.695s][info][gc,phases,start] GC(318) Post Compact
[92.707s][info][gc,phases      ] GC(318) Post Compact 12.832ms
[92.708s][info][gc,heap        ] GC(318) PSYoungGen: 71168K(218112K)->71168K(218112K) Eden: 71168K(71168K)->71168K(71168K) From: 0K(146944K)->0K(146944K)
[92.708s][info][gc,heap        ] GC(318) ParOldGen: 6758129K(6758400K)->6758129K(6758400K)
[92.708s][info][gc,metaspace   ] GC(318) Metaspace: 6302K(6528K)->6302K(6528K) NonClass: 5769K(5888K)->5769K(5888K) Class: 533K(640K)->533K(640K)
[92.708s][info][gc             ] GC(318) Pause Full (Ergonomics) 6669M->6669M(6813M) 2341.470ms
[92.708s][info][gc,cpu         ] GC(318) User=16.86s Sys=0.02s Real=2.34s
[92.708s][info][gc,start       ] GC(319) Pause Full (Ergonomics)
[92.708s][info][gc,phases,start] GC(319) Marking Phase
[94.378s][info][gc,phases      ] GC(319) Marking Phase 1670.394ms
[94.378s][info][gc,phases,start] GC(319) Summary Phase
[94.378s][info][gc,phases      ] GC(319) Summary Phase 0.116ms
[94.378s][info][gc,phases,start] GC(319) Adjust Roots
[94.379s][info][gc,phases      ] GC(319) Adjust Roots 0.235ms
[94.379s][info][gc,phases,start] GC(319) Compaction Phase
[95.038s][info][gc,phases      ] GC(319) Compaction Phase 658.898ms
[95.038s][info][gc,phases,start] GC(319) Post Compact
[95.048s][info][gc,phases      ] GC(319) Post Compact 10.735ms
[95.049s][info][gc,heap        ] GC(319) PSYoungGen: 71168K(218112K)->71168K(218112K) Eden: 71168K(71168K)->71168K(71168K) From: 0K(146944K)->0K(146944K)
[95.049s][info][gc,heap        ] GC(319) ParOldGen: 6758134K(6758400K)->6758134K(6758400K)
[95.049s][info][gc,metaspace   ] GC(319) Metaspace: 6302K(6528K)->6302K(6528K) NonClass: 5769K(5888K)->5769K(5888K) Class: 533K(640K)->533K(640K)
[95.049s][info][gc             ] GC(319) Pause Full (Ergonomics) 6669M->6669M(6813M) 2340.788ms
[95.049s][info][gc,cpu         ] GC(319) User=16.95s Sys=0.00s Real=2.34s
[95.049s][info][gc,start       ] GC(320) Pause Full (Ergonomics)
[95.049s][info][gc,phases,start] GC(320) Marking Phase
[96.723s][info][gc,phases      ] GC(320) Marking Phase 1674.075ms
[96.723s][info][gc,phases,start] GC(320) Summary Phase
[96.723s][info][gc,phases      ] GC(320) Summary Phase 0.111ms
[96.723s][info][gc,phases,start] GC(320) Adjust Roots
[96.723s][info][gc,phases      ] GC(320) Adjust Roots 0.283ms
[96.723s][info][gc,phases,start] GC(320) Compaction Phase
[97.333s][info][gc,phases      ] GC(320) Compaction Phase 609.120ms
[97.333s][info][gc,phases,start] GC(320) Post Compact
[97.344s][info][gc,phases      ] GC(320) Post Compact 11.264ms
[97.344s][info][gc,heap        ] GC(320) PSYoungGen: 71168K(218112K)->71168K(218112K) Eden: 71168K(71168K)->71168K(71168K) From: 0K(146944K)->0K(146944K)
[97.344s][info][gc,heap        ] GC(320) ParOldGen: 6758139K(6758400K)->6758139K(6758400K)
[97.344s][info][gc,metaspace   ] GC(320) Metaspace: 6302K(6528K)->6302K(6528K) NonClass: 5769K(5888K)->5769K(5888K) Class: 533K(640K)->533K(640K)
[97.344s][info][gc             ] GC(320) Pause Full (Ergonomics) 6669M->6669M(6813M) 2295.291ms
[97.344s][info][gc,cpu         ] GC(320) User=16.89s Sys=0.00s Real=2.30s
[97.344s][info][gc,start       ] GC(321) Pause Full (Ergonomics)
[97.344s][info][gc,phases,start] GC(321) Marking Phase
[99.021s][info][gc,phases      ] GC(321) Marking Phase 1676.590ms
[99.021s][info][gc,phases,start] GC(321) Summary Phase
[99.021s][info][gc,phases      ] GC(321) Summary Phase 0.105ms
[99.021s][info][gc,phases,start] GC(321) Adjust Roots
[99.021s][info][gc,phases      ] GC(321) Adjust Roots 0.258ms
[99.021s][info][gc,phases,start] GC(321) Compaction Phase
[99.624s][info][gc,phases      ] GC(321) Compaction Phase 602.539ms
[99.624s][info][gc,phases,start] GC(321) Post Compact
[99.634s][info][gc,phases      ] GC(321) Post Compact 10.053ms
[99.634s][info][gc,heap        ] GC(321) PSYoungGen: 71168K(218112K)->71168K(218112K) Eden: 71168K(71168K)->71168K(71168K) From: 0K(146944K)->0K(146944K)
[99.634s][info][gc,heap        ] GC(321) ParOldGen: 6758143K(6758400K)->6758143K(6758400K)
[99.634s][info][gc,metaspace   ] GC(321) Metaspace: 6302K(6528K)->6302K(6528K) NonClass: 5769K(5888K)->5769K(5888K) Class: 533K(640K)->533K(640K)
[99.634s][info][gc             ] GC(321) Pause Full (Ergonomics) 6669M->6669M(6813M) 2289.836ms
[99.634s][info][gc,cpu         ] GC(321) User=16.81s Sys=0.00s Real=2.29s
[99.634s][info][gc,start       ] GC(322) Pause Full (Ergonomics)
[99.634s][info][gc,phases,start] GC(322) Marking Phase
[101.292s][info][gc,phases      ] GC(322) Marking Phase 1657.707ms
[101.292s][info][gc,phases,start] GC(322) Summary Phase
[101.292s][info][gc,phases      ] GC(322) Summary Phase 0.067ms
[101.292s][info][gc,phases,start] GC(322) Adjust Roots
[101.292s][info][gc,phases      ] GC(322) Adjust Roots 0.175ms
[101.292s][info][gc,phases,start] GC(322) Compaction Phase
[101.933s][info][gc,phases      ] GC(322) Compaction Phase 640.785ms
[101.933s][info][gc,phases,start] GC(322) Post Compact
[101.943s][info][gc,phases      ] GC(322) Post Compact 10.035ms
[101.943s][info][gc,heap        ] GC(322) PSYoungGen: 71168K(218112K)->71168K(218112K) Eden: 71168K(71168K)->71168K(71168K) From: 0K(146944K)->0K(146944K)
[101.943s][info][gc,heap        ] GC(322) ParOldGen: 6758148K(6758400K)->6758148K(6758400K)
[101.943s][info][gc,metaspace   ] GC(322) Metaspace: 6302K(6528K)->6302K(6528K) NonClass: 5769K(5888K)->5769K(5888K) Class: 533K(640K)->533K(640K)
[101.943s][info][gc             ] GC(322) Pause Full (Ergonomics) 6669M->6669M(6813M) 2309.114ms
[101.943s][info][gc,cpu         ] GC(322) User=16.64s Sys=0.03s Real=2.31s
[101.944s][info][gc,start       ] GC(323) Pause Full (Ergonomics)
[101.944s][info][gc,phases,start] GC(323) Marking Phase
[103.571s][info][gc,phases      ] GC(323) Marking Phase 1627.509ms
[103.571s][info][gc,phases,start] GC(323) Summary Phase
[103.571s][info][gc,phases      ] GC(323) Summary Phase 0.068ms
[103.571s][info][gc,phases,start] GC(323) Adjust Roots
[103.572s][info][gc,phases      ] GC(323) Adjust Roots 0.168ms
[103.572s][info][gc,phases,start] GC(323) Compaction Phase
[104.205s][info][gc,phases      ] GC(323) Compaction Phase 633.431ms
[104.205s][info][gc,phases,start] GC(323) Post Compact
[104.215s][info][gc,phases      ] GC(323) Post Compact 10.238ms
[104.215s][info][gc,heap        ] GC(323) PSYoungGen: 71168K(218112K)->71168K(218112K) Eden: 71168K(71168K)->71168K(71168K) From: 0K(146944K)->0K(146944K)
[104.215s][info][gc,heap        ] GC(323) ParOldGen: 6758153K(6758400K)->6758153K(6758400K)
[104.215s][info][gc,metaspace   ] GC(323) Metaspace: 6302K(6528K)->6302K(6528K) NonClass: 5769K(5888K)->5769K(5888K) Class: 533K(640K)->533K(640K)
[104.215s][info][gc             ] GC(323) Pause Full (Ergonomics) 6669M->6669M(6813M) 2271.753ms
[104.215s][info][gc,cpu         ] GC(323) User=16.38s Sys=0.00s Real=2.27s
[104.216s][info][gc,start       ] GC(324) Pause Full (Ergonomics)
[104.216s][info][gc,phases,start] GC(324) Marking Phase
[105.839s][info][gc,phases      ] GC(324) Marking Phase 1623.801ms
[105.840s][info][gc,phases,start] GC(324) Summary Phase
[105.840s][info][gc,phases      ] GC(324) Summary Phase 0.071ms
[105.840s][info][gc,phases,start] GC(324) Adjust Roots
[105.840s][info][gc,phases      ] GC(324) Adjust Roots 0.164ms
[105.840s][info][gc,phases,start] GC(324) Compaction Phase
[106.449s][info][gc,phases      ] GC(324) Compaction Phase 609.024ms
[106.449s][info][gc,phases,start] GC(324) Post Compact
[106.459s][info][gc,phases      ] GC(324) Post Compact 9.872ms
[106.459s][info][gc,heap        ] GC(324) PSYoungGen: 71168K(218112K)->71168K(218112K) Eden: 71168K(71168K)->71168K(71168K) From: 0K(146944K)->0K(146944K)
[106.459s][info][gc,heap        ] GC(324) ParOldGen: 6758158K(6758400K)->6758158K(6758400K)
[106.459s][info][gc,metaspace   ] GC(324) Metaspace: 6302K(6528K)->6302K(6528K) NonClass: 5769K(5888K)->5769K(5888K) Class: 533K(640K)->533K(640K)
[106.459s][info][gc             ] GC(324) Pause Full (Ergonomics) 6669M->6669M(6813M) 2243.230ms
[106.459s][info][gc,cpu         ] GC(324) User=16.30s Sys=0.00s Real=2.24s
[106.459s][info][gc,start       ] GC(325) Pause Full (Ergonomics)
[106.459s][info][gc,phases,start] GC(325) Marking Phase
[108.083s][info][gc,phases      ] GC(325) Marking Phase 1624.421ms
[108.084s][info][gc,phases,start] GC(325) Summary Phase
[108.084s][info][gc,phases      ] GC(325) Summary Phase 0.067ms
[108.084s][info][gc,phases,start] GC(325) Adjust Roots
[108.084s][info][gc,phases      ] GC(325) Adjust Roots 0.165ms
[108.084s][info][gc,phases,start] GC(325) Compaction Phase
[108.697s][info][gc,phases      ] GC(325) Compaction Phase 612.681ms
[108.697s][info][gc,phases,start] GC(325) Post Compact
[108.706s][info][gc,phases      ] GC(325) Post Compact 9.897ms
[108.707s][info][gc,heap        ] GC(325) PSYoungGen: 71168K(218112K)->71168K(218112K) Eden: 71168K(71168K)->71168K(71168K) From: 0K(146944K)->0K(146944K)
[108.707s][info][gc,heap        ] GC(325) ParOldGen: 6758163K(6758400K)->6758163K(6758400K)
[108.707s][info][gc,metaspace   ] GC(325) Metaspace: 6302K(6528K)->6302K(6528K) NonClass: 5769K(5888K)->5769K(5888K) Class: 533K(640K)->533K(640K)
[108.707s][info][gc             ] GC(325) Pause Full (Ergonomics) 6669M->6669M(6813M) 2247.533ms
[108.707s][info][gc,cpu         ] GC(325) User=16.33s Sys=0.00s Real=2.25s
[108.707s][info][gc,start       ] GC(326) Pause Full (Ergonomics)
[108.707s][info][gc,phases,start] GC(326) Marking Phase
[110.346s][info][gc,phases      ] GC(326) Marking Phase 1639.279ms
[110.346s][info][gc,phases,start] GC(326) Summary Phase
[110.346s][info][gc,phases      ] GC(326) Summary Phase 0.066ms
[110.346s][info][gc,phases,start] GC(326) Adjust Roots
[110.346s][info][gc,phases      ] GC(326) Adjust Roots 0.180ms
[110.346s][info][gc,phases,start] GC(326) Compaction Phase
[110.948s][info][gc,phases      ] GC(326) Compaction Phase 601.506ms
[110.948s][info][gc,phases,start] GC(326) Post Compact
[110.959s][info][gc,phases      ] GC(326) Post Compact 11.083ms
[110.959s][info][gc,heap        ] GC(326) PSYoungGen: 71168K(218112K)->71168K(218112K) Eden: 71168K(71168K)->71168K(71168K) From: 0K(146944K)->0K(146944K)
[110.959s][info][gc,heap        ] GC(326) ParOldGen: 6758168K(6758400K)->6758168K(6758400K)
[110.959s][info][gc,metaspace   ] GC(326) Metaspace: 6302K(6528K)->6302K(6528K) NonClass: 5769K(5888K)->5769K(5888K) Class: 533K(640K)->533K(640K)
[110.959s][info][gc             ] GC(326) Pause Full (Ergonomics) 6669M->6669M(6813M) 2252.433ms
[110.959s][info][gc,cpu         ] GC(326) User=16.64s Sys=0.00s Real=2.25s
[110.959s][info][gc,start       ] GC(327) Pause Full (Ergonomics)
[110.959s][info][gc,phases,start] GC(327) Marking Phase
[112.628s][info][gc,phases      ] GC(327) Marking Phase 1668.466ms
[112.628s][info][gc,phases,start] GC(327) Summary Phase
[112.628s][info][gc,phases      ] GC(327) Summary Phase 0.069ms
[112.628s][info][gc,phases,start] GC(327) Adjust Roots
[112.628s][info][gc,phases      ] GC(327) Adjust Roots 0.172ms
[112.628s][info][gc,phases,start] GC(327) Compaction Phase
[113.221s][info][gc,phases      ] GC(327) Compaction Phase 592.541ms
[113.221s][info][gc,phases,start] GC(327) Post Compact
[113.231s][info][gc,phases      ] GC(327) Post Compact 10.003ms
[113.231s][info][gc,heap        ] GC(327) PSYoungGen: 71168K(218112K)->71168K(218112K) Eden: 71168K(71168K)->71168K(71168K) From: 0K(146944K)->0K(146944K)
[113.231s][info][gc,heap        ] GC(327) ParOldGen: 6758172K(6758400K)->6758172K(6758400K)
[113.231s][info][gc,metaspace   ] GC(327) Metaspace: 6302K(6528K)->6302K(6528K) NonClass: 5769K(5888K)->5769K(5888K) Class: 533K(640K)->533K(640K)
[113.231s][info][gc             ] GC(327) Pause Full (Ergonomics) 6669M->6669M(6813M) 2271.556ms
[113.231s][info][gc,cpu         ] GC(327) User=16.69s Sys=0.00s Real=2.27s
[113.231s][info][gc,start       ] GC(328) Pause Full (Ergonomics)
[113.231s][info][gc,phases,start] GC(328) Marking Phase
[114.864s][info][gc,phases      ] GC(328) Marking Phase 1632.915ms
[114.864s][info][gc,phases,start] GC(328) Summary Phase
[114.864s][info][gc,phases      ] GC(328) Summary Phase 0.067ms
[114.864s][info][gc,phases,start] GC(328) Adjust Roots
[114.864s][info][gc,phases      ] GC(328) Adjust Roots 0.169ms
[114.864s][info][gc,phases,start] GC(328) Compaction Phase
[115.539s][info][gc,phases      ] GC(328) Compaction Phase 674.614ms
[115.539s][info][gc,phases,start] GC(328) Post Compact
[115.549s][info][gc,phases      ] GC(328) Post Compact 10.216ms
[115.549s][info][gc,heap        ] GC(328) PSYoungGen: 71168K(218112K)->71168K(218112K) Eden: 71168K(71168K)->71168K(71168K) From: 0K(146944K)->0K(146944K)
[115.549s][info][gc,heap        ] GC(328) ParOldGen: 6758177K(6758400K)->6758177K(6758400K)
[115.549s][info][gc,metaspace   ] GC(328) Metaspace: 6302K(6528K)->6302K(6528K) NonClass: 5769K(5888K)->5769K(5888K) Class: 533K(640K)->533K(640K)
[115.549s][info][gc             ] GC(328) Pause Full (Ergonomics) 6669M->6669M(6813M) 2318.291ms
[115.549s][info][gc,cpu         ] GC(328) User=16.42s Sys=0.02s Real=2.32s
[115.550s][info][gc,start       ] GC(329) Pause Full (Ergonomics)
[115.550s][info][gc,phases,start] GC(329) Marking Phase
[117.173s][info][gc,phases      ] GC(329) Marking Phase 1623.197ms
[117.173s][info][gc,phases,start] GC(329) Summary Phase
[117.173s][info][gc,phases      ] GC(329) Summary Phase 0.070ms
[117.173s][info][gc,phases,start] GC(329) Adjust Roots
[117.173s][info][gc,phases      ] GC(329) Adjust Roots 0.182ms
[117.173s][info][gc,phases,start] GC(329) Compaction Phase
[117.799s][info][gc,phases      ] GC(329) Compaction Phase 625.514ms
[117.799s][info][gc,phases,start] GC(329) Post Compact
[117.810s][info][gc,phases      ] GC(329) Post Compact 11.528ms
[117.810s][info][gc,heap        ] GC(329) PSYoungGen: 71168K(218112K)->71168K(218112K) Eden: 71168K(71168K)->71168K(71168K) From: 0K(146944K)->0K(146944K)
[117.810s][info][gc,heap        ] GC(329) ParOldGen: 6758182K(6758400K)->6758182K(6758400K)
[117.810s][info][gc,metaspace   ] GC(329) Metaspace: 6302K(6528K)->6302K(6528K) NonClass: 5769K(5888K)->5769K(5888K) Class: 533K(640K)->533K(640K)
[117.810s][info][gc             ] GC(329) Pause Full (Ergonomics) 6669M->6669M(6813M) 2260.813ms
[117.810s][info][gc,cpu         ] GC(329) User=16.42s Sys=0.00s Real=2.26s
[117.811s][info][gc,start       ] GC(330) Pause Full (Ergonomics)
[117.811s][info][gc,phases,start] GC(330) Marking Phase
[119.458s][info][gc,phases      ] GC(330) Marking Phase 1647.043ms
[119.458s][info][gc,phases,start] GC(330) Summary Phase
[119.458s][info][gc,phases      ] GC(330) Summary Phase 0.071ms
[119.458s][info][gc,phases,start] GC(330) Adjust Roots
[119.458s][info][gc,phases      ] GC(330) Adjust Roots 0.229ms
[119.458s][info][gc,phases,start] GC(330) Compaction Phase
[120.061s][info][gc,phases      ] GC(330) Compaction Phase 603.347ms
[120.062s][info][gc,phases,start] GC(330) Post Compact
[120.072s][info][gc,phases      ] GC(330) Post Compact 9.978ms
[120.072s][info][gc,heap        ] GC(330) PSYoungGen: 71168K(218112K)->71168K(218112K) Eden: 71168K(71168K)->71168K(71168K) From: 0K(146944K)->0K(146944K)
[120.072s][info][gc,heap        ] GC(330) ParOldGen: 6758187K(6758400K)->6758187K(6758400K)
[120.072s][info][gc,metaspace   ] GC(330) Metaspace: 6302K(6528K)->6302K(6528K) NonClass: 5769K(5888K)->5769K(5888K) Class: 533K(640K)->533K(640K)
[120.072s][info][gc             ] GC(330) Pause Full (Ergonomics) 6669M->6669M(6813M) 2261.044ms
[120.072s][info][gc,cpu         ] GC(330) User=16.64s Sys=0.00s Real=2.26s
[120.072s][info][gc,start       ] GC(331) Pause Full (Ergonomics)
[120.072s][info][gc,phases,start] GC(331) Marking Phase
[121.718s][info][gc,phases      ] GC(331) Marking Phase 1646.278ms
[121.718s][info][gc,phases,start] GC(331) Summary Phase
[121.718s][info][gc,phases      ] GC(331) Summary Phase 0.080ms
[121.718s][info][gc,phases,start] GC(331) Adjust Roots
[121.719s][info][gc,phases      ] GC(331) Adjust Roots 0.206ms
[121.719s][info][gc,phases,start] GC(331) Compaction Phase
[122.310s][info][gc,phases      ] GC(331) Compaction Phase 591.858ms
[122.311s][info][gc,phases,start] GC(331) Post Compact
[122.321s][info][gc,phases      ] GC(331) Post Compact 10.039ms
[122.321s][info][gc,heap        ] GC(331) PSYoungGen: 71168K(218112K)->71168K(218112K) Eden: 71168K(71168K)->71168K(71168K) From: 0K(146944K)->0K(146944K)
[122.321s][info][gc,heap        ] GC(331) ParOldGen: 6758192K(6758400K)->6758192K(6758400K)
[122.321s][info][gc,metaspace   ] GC(331) Metaspace: 6302K(6528K)->6302K(6528K) NonClass: 5769K(5888K)->5769K(5888K) Class: 533K(640K)->533K(640K)
[122.321s][info][gc             ] GC(331) Pause Full (Ergonomics) 6669M->6669M(6813M) 2248.799ms
[122.321s][info][gc,cpu         ] GC(331) User=16.45s Sys=0.00s Real=2.25s
[122.321s][info][gc,start       ] GC(332) Pause Full (Ergonomics)
[122.321s][info][gc,phases,start] GC(332) Marking Phase
[123.956s][info][gc,phases      ] GC(332) Marking Phase 1634.786ms
[123.956s][info][gc,phases,start] GC(332) Summary Phase
[123.956s][info][gc,phases      ] GC(332) Summary Phase 0.068ms
[123.956s][info][gc,phases,start] GC(332) Adjust Roots
[123.956s][info][gc,phases      ] GC(332) Adjust Roots 0.172ms
[123.956s][info][gc,phases,start] GC(332) Compaction Phase
[124.605s][info][gc,phases      ] GC(332) Compaction Phase 649.394ms
[124.605s][info][gc,phases,start] GC(332) Post Compact
[124.615s][info][gc,phases      ] GC(332) Post Compact 9.914ms
[124.615s][info][gc,heap        ] GC(332) PSYoungGen: 71168K(218112K)->71168K(218112K) Eden: 71168K(71168K)->71168K(71168K) From: 0K(146944K)->0K(146944K)
[124.615s][info][gc,heap        ] GC(332) ParOldGen: 6758197K(6758400K)->6758197K(6758400K)
[124.615s][info][gc,metaspace   ] GC(332) Metaspace: 6302K(6528K)->6302K(6528K) NonClass: 5769K(5888K)->5769K(5888K) Class: 533K(640K)->533K(640K)
[124.615s][info][gc             ] GC(332) Pause Full (Ergonomics) 6669M->6669M(6813M) 2294.620ms
[124.616s][info][gc,cpu         ] GC(332) User=16.30s Sys=0.00s Real=2.29s
[124.616s][info][gc,start       ] GC(333) Pause Full (Ergonomics)
[124.616s][info][gc,phases,start] GC(333) Marking Phase
[126.240s][info][gc,phases      ] GC(333) Marking Phase 1624.563ms
[126.240s][info][gc,phases,start] GC(333) Summary Phase
[126.240s][info][gc,phases      ] GC(333) Summary Phase 0.068ms
[126.240s][info][gc,phases,start] GC(333) Adjust Roots
[126.241s][info][gc,phases      ] GC(333) Adjust Roots 0.166ms
[126.241s][info][gc,phases,start] GC(333) Compaction Phase
[126.815s][info][gc,phases      ] GC(333) Compaction Phase 574.348ms
[126.815s][info][gc,phases,start] GC(333) Post Compact
[126.825s][info][gc,phases      ] GC(333) Post Compact 10.073ms
[126.825s][info][gc,heap        ] GC(333) PSYoungGen: 71168K(218112K)->71168K(218112K) Eden: 71168K(71168K)->71168K(71168K) From: 0K(146944K)->0K(146944K)
[126.825s][info][gc,heap        ] GC(333) ParOldGen: 6758201K(6758400K)->6758201K(6758400K)
[126.825s][info][gc,metaspace   ] GC(333) Metaspace: 6302K(6528K)->6302K(6528K) NonClass: 5769K(5888K)->5769K(5888K) Class: 533K(640K)->533K(640K)
[126.825s][info][gc             ] GC(333) Pause Full (Ergonomics) 6669M->6669M(6813M) 2209.505ms
[126.825s][info][gc,cpu         ] GC(333) User=16.23s Sys=0.03s Real=2.21s
[126.825s][info][gc,start       ] GC(334) Pause Full (Ergonomics)
[126.825s][info][gc,phases,start] GC(334) Marking Phase
[128.454s][info][gc,phases      ] GC(334) Marking Phase 1628.844ms
[128.454s][info][gc,phases,start] GC(334) Summary Phase
[128.454s][info][gc,phases      ] GC(334) Summary Phase 0.075ms
[128.455s][info][gc,phases,start] GC(334) Adjust Roots
[128.455s][info][gc,phases      ] GC(334) Adjust Roots 0.208ms
[128.455s][info][gc,phases,start] GC(334) Compaction Phase
[129.039s][info][gc,phases      ] GC(334) Compaction Phase 584.347ms
[129.039s][info][gc,phases,start] GC(334) Post Compact
[129.049s][info][gc,phases      ] GC(334) Post Compact 9.990ms
[129.049s][info][gc,heap        ] GC(334) PSYoungGen: 71168K(218112K)->71168K(218112K) Eden: 71168K(71168K)->71168K(71168K) From: 0K(146944K)->0K(146944K)
[129.049s][info][gc,heap        ] GC(334) ParOldGen: 6758206K(6758400K)->6758206K(6758400K)
[129.049s][info][gc,metaspace   ] GC(334) Metaspace: 6302K(6528K)->6302K(6528K) NonClass: 5769K(5888K)->5769K(5888K) Class: 533K(640K)->533K(640K)
[129.049s][info][gc             ] GC(334) Pause Full (Ergonomics) 6669M->6669M(6813M) 2223.869ms
[129.049s][info][gc,cpu         ] GC(334) User=16.42s Sys=0.00s Real=2.22s
[129.049s][info][gc,start       ] GC(335) Pause Full (Ergonomics)
[129.049s][info][gc,phases,start] GC(335) Marking Phase
[130.662s][info][gc,phases      ] GC(335) Marking Phase 1612.663ms
[130.662s][info][gc,phases,start] GC(335) Summary Phase
[130.662s][info][gc,phases      ] GC(335) Summary Phase 0.071ms
[130.662s][info][gc,phases,start] GC(335) Adjust Roots
[130.662s][info][gc,phases      ] GC(335) Adjust Roots 0.241ms
[130.663s][info][gc,phases,start] GC(335) Compaction Phase
[131.271s][info][gc,phases      ] GC(335) Compaction Phase 608.146ms
[131.271s][info][gc,phases,start] GC(335) Post Compact
[131.281s][info][gc,phases      ] GC(335) Post Compact 9.936ms
[131.281s][info][gc,heap        ] GC(335) PSYoungGen: 71168K(218112K)->71168K(218112K) Eden: 71168K(71168K)->71168K(71168K) From: 0K(146944K)->0K(146944K)
[131.281s][info][gc,heap        ] GC(335) ParOldGen: 6758211K(6758400K)->6758211K(6758400K)
[131.281s][info][gc,metaspace   ] GC(335) Metaspace: 6302K(6528K)->6302K(6528K) NonClass: 5769K(5888K)->5769K(5888K) Class: 533K(640K)->533K(640K)
[131.281s][info][gc             ] GC(335) Pause Full (Ergonomics) 6669M->6669M(6813M) 2231.352ms
[131.281s][info][gc,cpu         ] GC(335) User=15.91s Sys=0.03s Real=2.23s
[131.281s][info][gc,start       ] GC(336) Pause Full (Ergonomics)
[131.281s][info][gc,phases,start] GC(336) Marking Phase
[132.874s][info][gc,phases      ] GC(336) Marking Phase 1592.626ms
[132.874s][info][gc,phases,start] GC(336) Summary Phase
[132.874s][info][gc,phases      ] GC(336) Summary Phase 0.067ms
[132.874s][info][gc,phases,start] GC(336) Adjust Roots
[132.874s][info][gc,phases      ] GC(336) Adjust Roots 0.162ms
[132.874s][info][gc,phases,start] GC(336) Compaction Phase
[133.489s][info][gc,phases      ] GC(336) Compaction Phase 615.466ms
[133.489s][info][gc,phases,start] GC(336) Post Compact
[133.499s][info][gc,phases      ] GC(336) Post Compact 10.041ms
[133.500s][info][gc,heap        ] GC(336) PSYoungGen: 71168K(218112K)->71168K(218112K) Eden: 71168K(71168K)->71168K(71168K) From: 0K(146944K)->0K(146944K)
[133.500s][info][gc,heap        ] GC(336) ParOldGen: 6758216K(6758400K)->6758216K(6758400K)
[133.500s][info][gc,metaspace   ] GC(336) Metaspace: 6302K(6528K)->6302K(6528K) NonClass: 5769K(5888K)->5769K(5888K) Class: 533K(640K)->533K(640K)
[133.500s][info][gc             ] GC(336) Pause Full (Ergonomics) 6669M->6669M(6813M) 2218.648ms
[133.500s][info][gc,cpu         ] GC(336) User=15.94s Sys=0.00s Real=2.22s
[133.500s][info][gc,start       ] GC(337) Pause Full (Ergonomics)
[133.500s][info][gc,phases,start] GC(337) Marking Phase
[135.098s][info][gc,phases      ] GC(337) Marking Phase 1598.607ms
[135.098s][info][gc,phases,start] GC(337) Summary Phase
[135.099s][info][gc,phases      ] GC(337) Summary Phase 0.068ms
[135.099s][info][gc,phases,start] GC(337) Adjust Roots
[135.099s][info][gc,phases      ] GC(337) Adjust Roots 0.168ms
[135.099s][info][gc,phases,start] GC(337) Compaction Phase
[135.669s][info][gc,phases      ] GC(337) Compaction Phase 569.933ms
[135.669s][info][gc,phases,start] GC(337) Post Compact
[135.679s][info][gc,phases      ] GC(337) Post Compact 10.034ms
[135.679s][info][gc,heap        ] GC(337) PSYoungGen: 71168K(218112K)->71168K(218112K) Eden: 71168K(71168K)->71168K(71168K) From: 0K(146944K)->0K(146944K)
[135.679s][info][gc,heap        ] GC(337) ParOldGen: 6758221K(6758400K)->6758221K(6758400K)
[135.679s][info][gc,metaspace   ] GC(337) Metaspace: 6302K(6528K)->6302K(6528K) NonClass: 5769K(5888K)->5769K(5888K) Class: 533K(640K)->533K(640K)
[135.679s][info][gc             ] GC(337) Pause Full (Ergonomics) 6669M->6669M(6813M) 2179.106ms
[135.679s][info][gc,cpu         ] GC(337) User=16.06s Sys=0.00s Real=2.18s
[135.679s][info][gc,start       ] GC(338) Pause Full (Ergonomics)
[135.679s][info][gc,phases,start] GC(338) Marking Phase
[137.315s][info][gc,phases      ] GC(338) Marking Phase 1636.242ms
[137.315s][info][gc,phases,start] GC(338) Summary Phase
[137.315s][info][gc,phases      ] GC(338) Summary Phase 0.069ms
[137.315s][info][gc,phases,start] GC(338) Adjust Roots
[137.316s][info][gc,phases      ] GC(338) Adjust Roots 0.217ms
[137.316s][info][gc,phases,start] GC(338) Compaction Phase
[137.928s][info][gc,phases      ] GC(338) Compaction Phase 612.169ms
[137.928s][info][gc,phases,start] GC(338) Post Compact
[137.938s][info][gc,phases      ] GC(338) Post Compact 10.100ms
[137.938s][info][gc,heap        ] GC(338) PSYoungGen: 71168K(218112K)->71168K(218112K) Eden: 71168K(71168K)->71168K(71168K) From: 0K(146944K)->0K(146944K)
[137.938s][info][gc,heap        ] GC(338) ParOldGen: 6758226K(6758400K)->6758226K(6758400K)
[137.938s][info][gc,metaspace   ] GC(338) Metaspace: 6302K(6528K)->6302K(6528K) NonClass: 5769K(5888K)->5769K(5888K) Class: 533K(640K)->533K(640K)
[137.938s][info][gc             ] GC(338) Pause Full (Ergonomics) 6669M->6669M(6813M) 2259.107ms
[137.938s][info][gc,cpu         ] GC(338) User=16.17s Sys=0.06s Real=2.26s
[137.938s][info][gc,start       ] GC(339) Pause Full (Ergonomics)
[137.938s][info][gc,phases,start] GC(339) Marking Phase
[139.546s][info][gc,phases      ] GC(339) Marking Phase 1607.837ms
[139.546s][info][gc,phases,start] GC(339) Summary Phase
[139.546s][info][gc,phases      ] GC(339) Summary Phase 0.073ms
[139.546s][info][gc,phases,start] GC(339) Adjust Roots
[139.547s][info][gc,phases      ] GC(339) Adjust Roots 0.181ms
[139.547s][info][gc,phases,start] GC(339) Compaction Phase
[140.133s][info][gc,phases      ] GC(339) Compaction Phase 586.146ms
[140.133s][info][gc,phases,start] GC(339) Post Compact
[140.143s][info][gc,phases      ] GC(339) Post Compact 10.115ms
[140.143s][info][gc,heap        ] GC(339) PSYoungGen: 71168K(218112K)->71168K(218112K) Eden: 71168K(71168K)->71168K(71168K) From: 0K(146944K)->0K(146944K)
[140.143s][info][gc,heap        ] GC(339) ParOldGen: 6758230K(6758400K)->6758230K(6758400K)
[140.143s][info][gc,metaspace   ] GC(339) Metaspace: 6302K(6528K)->6302K(6528K) NonClass: 5769K(5888K)->5769K(5888K) Class: 533K(640K)->533K(640K)
[140.143s][info][gc             ] GC(339) Pause Full (Ergonomics) 6669M->6669M(6813M) 2204.649ms
[140.143s][info][gc,cpu         ] GC(339) User=16.08s Sys=0.00s Real=2.20s
[140.143s][info][gc,start       ] GC(340) Pause Full (Ergonomics)
[140.143s][info][gc,phases,start] GC(340) Marking Phase
[141.773s][info][gc,phases      ] GC(340) Marking Phase 1630.091ms
[141.773s][info][gc,phases,start] GC(340) Summary Phase
[141.773s][info][gc,phases      ] GC(340) Summary Phase 0.069ms
[141.773s][info][gc,phases,start] GC(340) Adjust Roots
[141.774s][info][gc,phases      ] GC(340) Adjust Roots 0.214ms
[141.774s][info][gc,phases,start] GC(340) Compaction Phase
[142.382s][info][gc,phases      ] GC(340) Compaction Phase 608.459ms
[142.382s][info][gc,phases,start] GC(340) Post Compact
[142.392s][info][gc,phases      ] GC(340) Post Compact 10.261ms
[142.393s][info][gc,heap        ] GC(340) PSYoungGen: 71168K(218112K)->71168K(218112K) Eden: 71168K(71168K)->71168K(71168K) From: 0K(146944K)->0K(146944K)
[142.393s][info][gc,heap        ] GC(340) ParOldGen: 6758235K(6758400K)->6758235K(6758400K)
[142.393s][info][gc,metaspace   ] GC(340) Metaspace: 6302K(6528K)->6302K(6528K) NonClass: 5769K(5888K)->5769K(5888K) Class: 533K(640K)->533K(640K)
[142.393s][info][gc             ] GC(340) Pause Full (Ergonomics) 6669M->6669M(6813M) 2249.407ms
[142.393s][info][gc,cpu         ] GC(340) User=16.12s Sys=0.02s Real=2.25s
[142.393s][info][gc,start       ] GC(341) Pause Full (Ergonomics)
[142.393s][info][gc,phases,start] GC(341) Marking Phase
[143.980s][info][gc,phases      ] GC(341) Marking Phase 1586.855ms
[143.980s][info][gc,phases,start] GC(341) Summary Phase
[143.980s][info][gc,phases      ] GC(341) Summary Phase 0.067ms
[143.980s][info][gc,phases,start] GC(341) Adjust Roots
[143.980s][info][gc,phases      ] GC(341) Adjust Roots 0.172ms
[143.980s][info][gc,phases,start] GC(341) Compaction Phase
[144.554s][info][gc,phases      ] GC(341) Compaction Phase 573.631ms
[144.554s][info][gc,phases,start] GC(341) Post Compact
[144.564s][info][gc,phases      ] GC(341) Post Compact 10.012ms
[144.564s][info][gc,heap        ] GC(341) PSYoungGen: 71168K(218112K)->71168K(218112K) Eden: 71168K(71168K)->71168K(71168K) From: 0K(146944K)->0K(146944K)
[144.564s][info][gc,heap        ] GC(341) ParOldGen: 6758240K(6758400K)->6758240K(6758400K)
[144.564s][info][gc,metaspace   ] GC(341) Metaspace: 6302K(6528K)->6302K(6528K) NonClass: 5769K(5888K)->5769K(5888K) Class: 533K(640K)->533K(640K)
[144.564s][info][gc             ] GC(341) Pause Full (Ergonomics) 6669M->6669M(6813M) 2171.038ms
[144.564s][info][gc,cpu         ] GC(341) User=16.02s Sys=0.00s Real=2.17s
[144.564s][info][gc,start       ] GC(342) Pause Full (Ergonomics)
[144.564s][info][gc,phases,start] GC(342) Marking Phase
[146.163s][info][gc,phases      ] GC(342) Marking Phase 1598.731ms
[146.163s][info][gc,phases,start] GC(342) Summary Phase
[146.163s][info][gc,phases      ] GC(342) Summary Phase 0.073ms
[146.163s][info][gc,phases,start] GC(342) Adjust Roots
[146.163s][info][gc,phases      ] GC(342) Adjust Roots 0.179ms
[146.163s][info][gc,phases,start] GC(342) Compaction Phase
[146.736s][info][gc,phases      ] GC(342) Compaction Phase 572.626ms
[146.736s][info][gc,phases,start] GC(342) Post Compact
[146.746s][info][gc,phases      ] GC(342) Post Compact 10.132ms
[146.746s][info][gc,heap        ] GC(342) PSYoungGen: 71168K(218112K)->71168K(218112K) Eden: 71168K(71168K)->71168K(71168K) From: 0K(146944K)->0K(146944K)
[146.746s][info][gc,heap        ] GC(342) ParOldGen: 6758245K(6758400K)->6758245K(6758400K)
[146.746s][info][gc,metaspace   ] GC(342) Metaspace: 6302K(6528K)->6302K(6528K) NonClass: 5769K(5888K)->5769K(5888K) Class: 533K(640K)->533K(640K)
[146.746s][info][gc             ] GC(342) Pause Full (Ergonomics) 6669M->6669M(6813M) 2182.055ms
[146.746s][info][gc,cpu         ] GC(342) User=15.95s Sys=0.00s Real=2.18s
[146.746s][info][gc,start       ] GC(343) Pause Full (Ergonomics)
[146.746s][info][gc,phases,start] GC(343) Marking Phase
[148.354s][info][gc,phases      ] GC(343) Marking Phase 1607.262ms
[148.354s][info][gc,phases,start] GC(343) Summary Phase
[148.354s][info][gc,phases      ] GC(343) Summary Phase 0.067ms
[148.354s][info][gc,phases,start] GC(343) Adjust Roots
[148.354s][info][gc,phases      ] GC(343) Adjust Roots 0.166ms
[148.354s][info][gc,phases,start] GC(343) Compaction Phase
[148.947s][info][gc,phases      ] GC(343) Compaction Phase 593.130ms
[148.947s][info][gc,phases,start] GC(343) Post Compact
[148.957s][info][gc,phases      ] GC(343) Post Compact 10.018ms
[148.957s][info][gc,heap        ] GC(343) PSYoungGen: 71168K(218112K)->71168K(218112K) Eden: 71168K(71168K)->71168K(71168K) From: 0K(146944K)->0K(146944K)
[148.957s][info][gc,heap        ] GC(343) ParOldGen: 6758250K(6758400K)->6758250K(6758400K)
[148.957s][info][gc,metaspace   ] GC(343) Metaspace: 6302K(6528K)->6302K(6528K) NonClass: 5769K(5888K)->5769K(5888K) Class: 533K(640K)->533K(640K)
[148.957s][info][gc             ] GC(343) Pause Full (Ergonomics) 6669M->6669M(6813M) 2210.993ms
[148.957s][info][gc,cpu         ] GC(343) User=16.02s Sys=0.02s Real=2.21s
[148.957s][info][gc,start       ] GC(344) Pause Full (Ergonomics)
[148.957s][info][gc,phases,start] GC(344) Marking Phase
[150.532s][info][gc,phases      ] GC(344) Marking Phase 1574.854ms
[150.532s][info][gc,phases,start] GC(344) Summary Phase
[150.532s][info][gc,phases      ] GC(344) Summary Phase 0.067ms
[150.532s][info][gc,phases,start] GC(344) Adjust Roots
[150.533s][info][gc,phases      ] GC(344) Adjust Roots 0.197ms
[150.533s][info][gc,phases,start] GC(344) Compaction Phase
[151.092s][info][gc,phases      ] GC(344) Compaction Phase 559.386ms
[151.092s][info][gc,phases,start] GC(344) Post Compact
[151.102s][info][gc,phases      ] GC(344) Post Compact 9.874ms
[151.102s][info][gc,heap        ] GC(344) PSYoungGen: 71168K(218112K)->71168K(218112K) Eden: 71168K(71168K)->71168K(71168K) From: 0K(146944K)->0K(146944K)
[151.102s][info][gc,heap        ] GC(344) ParOldGen: 6758255K(6758400K)->6758255K(6758400K)
[151.102s][info][gc,metaspace   ] GC(344) Metaspace: 6302K(6528K)->6302K(6528K) NonClass: 5769K(5888K)->5769K(5888K) Class: 533K(640K)->533K(640K)
[151.102s][info][gc             ] GC(344) Pause Full (Ergonomics) 6669M->6669M(6813M) 2144.675ms
[151.102s][info][gc,cpu         ] GC(344) User=15.69s Sys=0.00s Real=2.14s
[151.102s][info][gc,start       ] GC(345) Pause Full (Ergonomics)
[151.102s][info][gc,phases,start] GC(345) Marking Phase
[152.688s][info][gc,phases      ] GC(345) Marking Phase 1585.266ms
[152.688s][info][gc,phases,start] GC(345) Summary Phase
[152.688s][info][gc,phases      ] GC(345) Summary Phase 0.102ms
[152.688s][info][gc,phases,start] GC(345) Adjust Roots
[152.688s][info][gc,phases      ] GC(345) Adjust Roots 0.180ms
[152.688s][info][gc,phases,start] GC(345) Compaction Phase
[153.263s][info][gc,phases      ] GC(345) Compaction Phase 575.254ms
[153.263s][info][gc,phases,start] GC(345) Post Compact
[153.273s][info][gc,phases      ] GC(345) Post Compact 9.882ms
[153.273s][info][gc,heap        ] GC(345) PSYoungGen: 71168K(218112K)->71168K(218112K) Eden: 71168K(71168K)->71168K(71168K) From: 0K(146944K)->0K(146944K)
[153.273s][info][gc,heap        ] GC(345) ParOldGen: 6758259K(6758400K)->6758259K(6758400K)
[153.273s][info][gc,metaspace   ] GC(345) Metaspace: 6302K(6528K)->6302K(6528K) NonClass: 5769K(5888K)->5769K(5888K) Class: 533K(640K)->533K(640K)
[153.273s][info][gc             ] GC(345) Pause Full (Ergonomics) 6669M->6669M(6813M) 2170.999ms
[153.273s][info][gc,cpu         ] GC(345) User=15.89s Sys=0.00s Real=2.17s
[153.274s][info][gc,start       ] GC(346) Pause Full (Ergonomics)
[153.274s][info][gc,phases,start] GC(346) Marking Phase
[154.865s][info][gc,phases      ] GC(346) Marking Phase 1591.812ms
[154.865s][info][gc,phases,start] GC(346) Summary Phase
[154.866s][info][gc,phases      ] GC(346) Summary Phase 0.078ms
[154.866s][info][gc,phases,start] GC(346) Adjust Roots
[154.866s][info][gc,phases      ] GC(346) Adjust Roots 0.175ms
[154.866s][info][gc,phases,start] GC(346) Compaction Phase
[155.488s][info][gc,phases      ] GC(346) Compaction Phase 622.113ms
[155.488s][info][gc,phases,start] GC(346) Post Compact
[155.499s][info][gc,phases      ] GC(346) Post Compact 10.915ms
[155.499s][info][gc,heap        ] GC(346) PSYoungGen: 71168K(218112K)->71168K(218112K) Eden: 71168K(71168K)->71168K(71168K) From: 0K(146944K)->0K(146944K)
[155.499s][info][gc,heap        ] GC(346) ParOldGen: 6758264K(6758400K)->6758264K(6758400K)
[155.499s][info][gc,metaspace   ] GC(346) Metaspace: 6302K(6528K)->6302K(6528K) NonClass: 5769K(5888K)->5769K(5888K) Class: 533K(640K)->533K(640K)
[155.499s][info][gc             ] GC(346) Pause Full (Ergonomics) 6669M->6669M(6813M) 2225.416ms
[155.499s][info][gc,cpu         ] GC(346) User=15.78s Sys=0.02s Real=2.23s
[155.499s][info][gc,start       ] GC(347) Pause Full (Ergonomics)
[155.499s][info][gc,phases,start] GC(347) Marking Phase
[157.090s][info][gc,phases      ] GC(347) Marking Phase 1590.766ms
[157.090s][info][gc,phases,start] GC(347) Summary Phase
[157.090s][info][gc,phases      ] GC(347) Summary Phase 0.100ms
[157.090s][info][gc,phases,start] GC(347) Adjust Roots
[157.090s][info][gc,phases      ] GC(347) Adjust Roots 0.187ms
[157.090s][info][gc,phases,start] GC(347) Compaction Phase
[157.703s][info][gc,phases      ] GC(347) Compaction Phase 612.515ms
[157.703s][info][gc,phases,start] GC(347) Post Compact
[157.713s][info][gc,phases      ] GC(347) Post Compact 9.990ms
[157.713s][info][gc,heap        ] GC(347) PSYoungGen: 71168K(218112K)->71168K(218112K) Eden: 71168K(71168K)->71168K(71168K) From: 0K(146944K)->0K(146944K)
[157.713s][info][gc,heap        ] GC(347) ParOldGen: 6758269K(6758400K)->6758269K(6758400K)
[157.713s][info][gc,metaspace   ] GC(347) Metaspace: 6302K(6528K)->6302K(6528K) NonClass: 5769K(5888K)->5769K(5888K) Class: 533K(640K)->533K(640K)
[157.713s][info][gc             ] GC(347) Pause Full (Ergonomics) 6669M->6669M(6813M) 2213.868ms
[157.713s][info][gc,cpu         ] GC(347) User=15.89s Sys=0.00s Real=2.21s
[157.713s][info][gc,start       ] GC(348) Pause Full (Ergonomics)
[157.713s][info][gc,phases,start] GC(348) Marking Phase
[159.289s][info][gc,phases      ] GC(348) Marking Phase 1575.603ms
[159.289s][info][gc,phases,start] GC(348) Summary Phase
[159.289s][info][gc,phases      ] GC(348) Summary Phase 0.086ms
[159.289s][info][gc,phases,start] GC(348) Adjust Roots
[159.289s][info][gc,phases      ] GC(348) Adjust Roots 0.223ms
[159.289s][info][gc,phases,start] GC(348) Compaction Phase
[159.871s][info][gc,phases      ] GC(348) Compaction Phase 581.456ms
[159.871s][info][gc,phases,start] GC(348) Post Compact
[159.881s][info][gc,phases      ] GC(348) Post Compact 10.087ms
[159.881s][info][gc,heap        ] GC(348) PSYoungGen: 71168K(218112K)->71168K(218112K) Eden: 71168K(71168K)->71168K(71168K) From: 0K(146944K)->0K(146944K)
[159.881s][info][gc,heap        ] GC(348) ParOldGen: 6758274K(6758400K)->6758274K(6758400K)
[159.881s][info][gc,metaspace   ] GC(348) Metaspace: 6302K(6528K)->6302K(6528K) NonClass: 5769K(5888K)->5769K(5888K) Class: 533K(640K)->533K(640K)
[159.881s][info][gc             ] GC(348) Pause Full (Ergonomics) 6669M->6669M(6813M) 2167.774ms
[159.881s][info][gc,cpu         ] GC(348) User=15.55s Sys=0.00s Real=2.17s
[159.881s][info][gc,start       ] GC(349) Pause Full (Ergonomics)
[159.881s][info][gc,phases,start] GC(349) Marking Phase
[161.429s][info][gc,phases      ] GC(349) Marking Phase 1547.362ms
[161.429s][info][gc,phases,start] GC(349) Summary Phase
[161.429s][info][gc,phases      ] GC(349) Summary Phase 0.067ms
[161.429s][info][gc,phases,start] GC(349) Adjust Roots
[161.429s][info][gc,phases      ] GC(349) Adjust Roots 0.165ms
[161.429s][info][gc,phases,start] GC(349) Compaction Phase
[161.989s][info][gc,phases      ] GC(349) Compaction Phase 559.957ms
[161.989s][info][gc,phases,start] GC(349) Post Compact
[161.999s][info][gc,phases      ] GC(349) Post Compact 10.157ms
[161.999s][info][gc,heap        ] GC(349) PSYoungGen: 71168K(218112K)->71168K(218112K) Eden: 71168K(71168K)->71168K(71168K) From: 0K(146944K)->0K(146944K)
[161.999s][info][gc,heap        ] GC(349) ParOldGen: 6758279K(6758400K)->6758279K(6758400K)
[161.999s][info][gc,metaspace   ] GC(349) Metaspace: 6302K(6528K)->6302K(6528K) NonClass: 5769K(5888K)->5769K(5888K) Class: 533K(640K)->533K(640K)
[161.999s][info][gc             ] GC(349) Pause Full (Ergonomics) 6669M->6669M(6813M) 2118.028ms
[161.999s][info][gc,cpu         ] GC(349) User=15.38s Sys=0.00s Real=2.12s
[161.999s][info][gc,start       ] GC(350) Pause Full (Ergonomics)
[161.999s][info][gc,phases,start] GC(350) Marking Phase
[163.571s][info][gc,phases      ] GC(350) Marking Phase 1572.079ms
[163.572s][info][gc,phases,start] GC(350) Summary Phase
[163.572s][info][gc,phases      ] GC(350) Summary Phase 0.079ms
[163.572s][info][gc,phases,start] GC(350) Adjust Roots
[163.572s][info][gc,phases      ] GC(350) Adjust Roots 0.169ms
[163.572s][info][gc,phases,start] GC(350) Compaction Phase
[164.112s][info][gc,phases      ] GC(350) Compaction Phase 539.895ms
[164.112s][info][gc,phases,start] GC(350) Post Compact
[164.122s][info][gc,phases      ] GC(350) Post Compact 10.119ms
[164.122s][info][gc,heap        ] GC(350) PSYoungGen: 71168K(218112K)->71168K(218112K) Eden: 71168K(71168K)->71168K(71168K) From: 0K(146944K)->0K(146944K)
[164.122s][info][gc,heap        ] GC(350) ParOldGen: 6758284K(6758400K)->6758284K(6758400K)
[164.122s][info][gc,metaspace   ] GC(350) Metaspace: 6302K(6528K)->6302K(6528K) NonClass: 5769K(5888K)->5769K(5888K) Class: 533K(640K)->533K(640K)
[164.122s][info][gc             ] GC(350) Pause Full (Ergonomics) 6669M->6669M(6813M) 2122.663ms
[164.122s][info][gc,cpu         ] GC(350) User=15.66s Sys=0.02s Real=2.12s
[164.122s][info][gc,start       ] GC(351) Pause Full (Ergonomics)
[164.122s][info][gc,phases,start] GC(351) Marking Phase
[165.678s][info][gc,phases      ] GC(351) Marking Phase 1555.247ms
[165.678s][info][gc,phases,start] GC(351) Summary Phase
[165.678s][info][gc,phases      ] GC(351) Summary Phase 0.068ms
[165.678s][info][gc,phases,start] GC(351) Adjust Roots
[165.678s][info][gc,phases      ] GC(351) Adjust Roots 0.164ms
[165.678s][info][gc,phases,start] GC(351) Compaction Phase
[166.224s][info][gc,phases      ] GC(351) Compaction Phase 546.038ms
[166.224s][info][gc,phases,start] GC(351) Post Compact
[166.234s][info][gc,phases      ] GC(351) Post Compact 10.096ms
[166.234s][info][gc,heap        ] GC(351) PSYoungGen: 71168K(218112K)->71168K(218112K) Eden: 71168K(71168K)->71168K(71168K) From: 0K(146944K)->0K(146944K)
[166.234s][info][gc,heap        ] GC(351) ParOldGen: 6758288K(6758400K)->6758288K(6758400K)
[166.234s][info][gc,metaspace   ] GC(351) Metaspace: 6302K(6528K)->6302K(6528K) NonClass: 5769K(5888K)->5769K(5888K) Class: 533K(640K)->533K(640K)
[166.234s][info][gc             ] GC(351) Pause Full (Ergonomics) 6669M->6669M(6813M) 2111.938ms
[166.234s][info][gc,cpu         ] GC(351) User=15.27s Sys=0.02s Real=2.11s
[166.234s][info][gc,start       ] GC(352) Pause Full (Ergonomics)
[166.234s][info][gc,phases,start] GC(352) Marking Phase
[167.797s][info][gc,phases      ] GC(352) Marking Phase 1562.728ms
[167.797s][info][gc,phases,start] GC(352) Summary Phase
[167.797s][info][gc,phases      ] GC(352) Summary Phase 0.067ms
[167.797s][info][gc,phases,start] GC(352) Adjust Roots
[167.797s][info][gc,phases      ] GC(352) Adjust Roots 0.215ms
[167.798s][info][gc,phases,start] GC(352) Compaction Phase
[168.338s][info][gc,phases      ] GC(352) Compaction Phase 540.360ms
[168.338s][info][gc,phases,start] GC(352) Post Compact
[168.348s][info][gc,phases      ] GC(352) Post Compact 10.107ms
[168.348s][info][gc,heap        ] GC(352) PSYoungGen: 71168K(218112K)->71168K(218112K) Eden: 71168K(71168K)->71168K(71168K) From: 0K(146944K)->0K(146944K)
[168.348s][info][gc,heap        ] GC(352) ParOldGen: 6758293K(6758400K)->6758293K(6758400K)
[168.348s][info][gc,metaspace   ] GC(352) Metaspace: 6302K(6528K)->6302K(6528K) NonClass: 5769K(5888K)->5769K(5888K) Class: 533K(640K)->533K(640K)
[168.348s][info][gc             ] GC(352) Pause Full (Ergonomics) 6669M->6669M(6813M) 2113.788ms
[168.348s][info][gc,cpu         ] GC(352) User=15.48s Sys=0.00s Real=2.11s
[168.348s][info][gc,start       ] GC(353) Pause Full (Ergonomics)
[168.348s][info][gc,phases,start] GC(353) Marking Phase
[169.908s][info][gc,phases      ] GC(353) Marking Phase 1559.191ms
[169.908s][info][gc,phases,start] GC(353) Summary Phase
[169.908s][info][gc,phases      ] GC(353) Summary Phase 0.068ms
[169.908s][info][gc,phases,start] GC(353) Adjust Roots
[169.908s][info][gc,phases      ] GC(353) Adjust Roots 0.162ms
[169.908s][info][gc,phases,start] GC(353) Compaction Phase
[170.451s][info][gc,phases      ] GC(353) Compaction Phase 543.497ms
[170.451s][info][gc,phases,start] GC(353) Post Compact
[170.461s][info][gc,phases      ] GC(353) Post Compact 10.033ms
[170.462s][info][gc,heap        ] GC(353) PSYoungGen: 71168K(218112K)->71168K(218112K) Eden: 71168K(71168K)->71168K(71168K) From: 0K(146944K)->0K(146944K)
[170.462s][info][gc,heap        ] GC(353) ParOldGen: 6758298K(6758400K)->6758298K(6758400K)
[170.462s][info][gc,metaspace   ] GC(353) Metaspace: 6302K(6528K)->6302K(6528K) NonClass: 5769K(5888K)->5769K(5888K) Class: 533K(640K)->533K(640K)
[170.462s][info][gc             ] GC(353) Pause Full (Ergonomics) 6669M->6669M(6813M) 2113.249ms
[170.462s][info][gc,cpu         ] GC(353) User=15.55s Sys=0.00s Real=2.11s
[170.462s][info][gc,start       ] GC(354) Pause Full (Ergonomics)
[170.462s][info][gc,phases,start] GC(354) Marking Phase
[172.041s][info][gc,phases      ] GC(354) Marking Phase 1579.378ms
[172.041s][info][gc,phases,start] GC(354) Summary Phase
[172.041s][info][gc,phases      ] GC(354) Summary Phase 0.080ms
[172.041s][info][gc,phases,start] GC(354) Adjust Roots
[172.042s][info][gc,phases      ] GC(354) Adjust Roots 0.203ms
[172.042s][info][gc,phases,start] GC(354) Compaction Phase
[172.571s][info][gc,phases      ] GC(354) Compaction Phase 529.431ms
[172.571s][info][gc,phases,start] GC(354) Post Compact
[172.581s][info][gc,phases      ] GC(354) Post Compact 10.037ms
[172.581s][info][gc,heap        ] GC(354) PSYoungGen: 71168K(218112K)->71168K(218112K) Eden: 71168K(71168K)->71168K(71168K) From: 0K(146944K)->0K(146944K)
[172.581s][info][gc,heap        ] GC(354) ParOldGen: 6758303K(6758400K)->6758303K(6758400K)
[172.581s][info][gc,metaspace   ] GC(354) Metaspace: 6302K(6528K)->6302K(6528K) NonClass: 5769K(5888K)->5769K(5888K) Class: 533K(640K)->533K(640K)
[172.581s][info][gc             ] GC(354) Pause Full (Ergonomics) 6669M->6669M(6813M) 2119.442ms
[172.581s][info][gc,cpu         ] GC(354) User=15.33s Sys=0.00s Real=2.12s
[172.581s][info][gc,start       ] GC(355) Pause Full (Ergonomics)
[172.581s][info][gc,phases,start] GC(355) Marking Phase
[174.173s][info][gc,phases      ] GC(355) Marking Phase 1591.941ms
[174.173s][info][gc,phases,start] GC(355) Summary Phase
[174.174s][info][gc,phases      ] GC(355) Summary Phase 0.070ms
[174.174s][info][gc,phases,start] GC(355) Adjust Roots
[174.174s][info][gc,phases      ] GC(355) Adjust Roots 0.173ms
[174.174s][info][gc,phases,start] GC(355) Compaction Phase
[174.722s][info][gc,phases      ] GC(355) Compaction Phase 548.745ms
[174.723s][info][gc,phases,start] GC(355) Post Compact
[174.736s][info][gc,phases      ] GC(355) Post Compact 13.053ms
[174.736s][info][gc,heap        ] GC(355) PSYoungGen: 71168K(218112K)->71168K(218112K) Eden: 71168K(71168K)->71168K(71168K) From: 0K(146944K)->0K(146944K)
[174.736s][info][gc,heap        ] GC(355) ParOldGen: 6758308K(6758400K)->6758308K(6758400K)
[174.736s][info][gc,metaspace   ] GC(355) Metaspace: 6302K(6528K)->6302K(6528K) NonClass: 5769K(5888K)->5769K(5888K) Class: 533K(640K)->533K(640K)
[174.736s][info][gc             ] GC(355) Pause Full (Ergonomics) 6669M->6669M(6813M) 2154.374ms
[174.736s][info][gc,cpu         ] GC(355) User=15.55s Sys=0.00s Real=2.15s
[174.736s][info][gc,start       ] GC(356) Pause Full (Ergonomics)
[174.736s][info][gc,phases,start] GC(356) Marking Phase
[176.369s][info][gc,phases      ] GC(356) Marking Phase 1632.973ms
[176.369s][info][gc,phases,start] GC(356) Summary Phase
[176.369s][info][gc,phases      ] GC(356) Summary Phase 0.124ms
[176.369s][info][gc,phases,start] GC(356) Adjust Roots
[176.370s][info][gc,phases      ] GC(356) Adjust Roots 0.359ms
[176.370s][info][gc,phases,start] GC(356) Compaction Phase
[176.932s][info][gc,phases      ] GC(356) Compaction Phase 562.241ms
[176.932s][info][gc,phases,start] GC(356) Post Compact
[176.943s][info][gc,phases      ] GC(356) Post Compact 11.424ms
[176.944s][info][gc,heap        ] GC(356) PSYoungGen: 71168K(218112K)->71168K(218112K) Eden: 71168K(71168K)->71168K(71168K) From: 0K(146944K)->0K(146944K)
[176.944s][info][gc,heap        ] GC(356) ParOldGen: 6758313K(6758400K)->6758313K(6758400K)
[176.944s][info][gc,metaspace   ] GC(356) Metaspace: 6302K(6528K)->6302K(6528K) NonClass: 5769K(5888K)->5769K(5888K) Class: 533K(640K)->533K(640K)
[176.944s][info][gc             ] GC(356) Pause Full (Ergonomics) 6669M->6669M(6813M) 2207.579ms
[176.944s][info][gc,cpu         ] GC(356) User=15.14s Sys=0.00s Real=2.21s
[176.944s][info][gc,start       ] GC(357) Pause Full (Ergonomics)
[176.944s][info][gc,phases,start] GC(357) Marking Phase
[178.549s][info][gc,phases      ] GC(357) Marking Phase 1605.519ms
[178.549s][info][gc,phases,start] GC(357) Summary Phase
[178.550s][info][gc,phases      ] GC(357) Summary Phase 0.076ms
[178.550s][info][gc,phases,start] GC(357) Adjust Roots
[178.550s][info][gc,phases      ] GC(357) Adjust Roots 0.218ms
[178.550s][info][gc,phases,start] GC(357) Compaction Phase
[179.088s][info][gc,phases      ] GC(357) Compaction Phase 538.140ms
[179.088s][info][gc,phases,start] GC(357) Post Compact
[179.098s][info][gc,phases      ] GC(357) Post Compact 10.062ms
[179.098s][info][gc,heap        ] GC(357) PSYoungGen: 71168K(218112K)->71168K(218112K) Eden: 71168K(71168K)->71168K(71168K) From: 0K(146944K)->0K(146944K)
[179.098s][info][gc,heap        ] GC(357) ParOldGen: 6758317K(6758400K)->6758317K(6758400K)
[179.098s][info][gc,metaspace   ] GC(357) Metaspace: 6302K(6528K)->6302K(6528K) NonClass: 5769K(5888K)->5769K(5888K) Class: 533K(640K)->533K(640K)
[179.098s][info][gc             ] GC(357) Pause Full (Ergonomics) 6669M->6669M(6813M) 2154.339ms
[179.098s][info][gc,cpu         ] GC(357) User=15.42s Sys=0.02s Real=2.15s
[179.098s][info][gc,start       ] GC(358) Pause Full (Ergonomics)
[179.098s][info][gc,phases,start] GC(358) Marking Phase
[180.656s][info][gc,phases      ] GC(358) Marking Phase 1557.379ms
[180.656s][info][gc,phases,start] GC(358) Summary Phase
[180.656s][info][gc,phases      ] GC(358) Summary Phase 0.067ms
[180.656s][info][gc,phases,start] GC(358) Adjust Roots
[180.656s][info][gc,phases      ] GC(358) Adjust Roots 0.172ms
[180.656s][info][gc,phases,start] GC(358) Compaction Phase
[181.186s][info][gc,phases      ] GC(358) Compaction Phase 530.079ms
[181.186s][info][gc,phases,start] GC(358) Post Compact
[181.196s][info][gc,phases      ] GC(358) Post Compact 9.952ms
[181.196s][info][gc,heap        ] GC(358) PSYoungGen: 71168K(218112K)->71168K(218112K) Eden: 71168K(71168K)->71168K(71168K) From: 0K(146944K)->0K(146944K)
[181.196s][info][gc,heap        ] GC(358) ParOldGen: 6758322K(6758400K)->6758322K(6758400K)
[181.196s][info][gc,metaspace   ] GC(358) Metaspace: 6302K(6528K)->6302K(6528K) NonClass: 5769K(5888K)->5769K(5888K) Class: 533K(640K)->533K(640K)
[181.196s][info][gc             ] GC(358) Pause Full (Ergonomics) 6669M->6669M(6813M) 2097.943ms
[181.196s][info][gc,cpu         ] GC(358) User=15.33s Sys=0.00s Real=2.10s
[181.197s][info][gc,start       ] GC(359) Pause Full (Ergonomics)
[181.197s][info][gc,phases,start] GC(359) Marking Phase
[182.749s][info][gc,phases      ] GC(359) Marking Phase 1552.558ms
[182.749s][info][gc,phases,start] GC(359) Summary Phase
[182.749s][info][gc,phases      ] GC(359) Summary Phase 0.068ms
[182.749s][info][gc,phases,start] GC(359) Adjust Roots
[182.749s][info][gc,phases      ] GC(359) Adjust Roots 0.186ms
[182.750s][info][gc,phases,start] GC(359) Compaction Phase
[183.284s][info][gc,phases      ] GC(359) Compaction Phase 534.007ms
[183.284s][info][gc,phases,start] GC(359) Post Compact
[183.294s][info][gc,phases      ] GC(359) Post Compact 9.921ms
[183.294s][info][gc,heap        ] GC(359) PSYoungGen: 71168K(218112K)->71168K(218112K) Eden: 71168K(71168K)->71168K(71168K) From: 0K(146944K)->0K(146944K)
[183.294s][info][gc,heap        ] GC(359) ParOldGen: 6758327K(6758400K)->6758327K(6758400K)
[183.294s][info][gc,metaspace   ] GC(359) Metaspace: 6302K(6528K)->6302K(6528K) NonClass: 5769K(5888K)->5769K(5888K) Class: 533K(640K)->533K(640K)
[183.294s][info][gc             ] GC(359) Pause Full (Ergonomics) 6669M->6669M(6813M) 2097.048ms
[183.294s][info][gc,cpu         ] GC(359) User=15.09s Sys=0.00s Real=2.10s
[183.294s][info][gc,start       ] GC(360) Pause Full (Ergonomics)
[183.294s][info][gc,phases,start] GC(360) Marking Phase
[184.878s][info][gc,phases      ] GC(360) Marking Phase 1584.272ms
[184.878s][info][gc,phases,start] GC(360) Summary Phase
[184.878s][info][gc,phases      ] GC(360) Summary Phase 0.077ms
[184.878s][info][gc,phases,start] GC(360) Adjust Roots
[184.878s][info][gc,phases      ] GC(360) Adjust Roots 0.191ms
[184.879s][info][gc,phases,start] GC(360) Compaction Phase
[185.431s][info][gc,phases      ] GC(360) Compaction Phase 552.183ms
[185.431s][info][gc,phases,start] GC(360) Post Compact
[185.441s][info][gc,phases      ] GC(360) Post Compact 10.060ms
[185.441s][info][gc,heap        ] GC(360) PSYoungGen: 71168K(218112K)->71168K(218112K) Eden: 71168K(71168K)->71168K(71168K) From: 0K(146944K)->0K(146944K)
[185.441s][info][gc,heap        ] GC(360) ParOldGen: 6758332K(6758400K)->6758332K(6758400K)
[185.441s][info][gc,metaspace   ] GC(360) Metaspace: 6302K(6528K)->6302K(6528K) NonClass: 5769K(5888K)->5769K(5888K) Class: 533K(640K)->533K(640K)
[185.441s][info][gc             ] GC(360) Pause Full (Ergonomics) 6669M->6669M(6813M) 2147.132ms
[185.441s][info][gc,cpu         ] GC(360) User=15.11s Sys=0.05s Real=2.15s
[185.441s][info][gc,start       ] GC(361) Pause Full (Ergonomics)
[185.441s][info][gc,phases,start] GC(361) Marking Phase
[187.044s][info][gc,phases      ] GC(361) Marking Phase 1602.560ms
[187.044s][info][gc,phases,start] GC(361) Summary Phase
[187.044s][info][gc,phases      ] GC(361) Summary Phase 0.068ms
[187.044s][info][gc,phases,start] GC(361) Adjust Roots
[187.044s][info][gc,phases      ] GC(361) Adjust Roots 0.168ms
[187.044s][info][gc,phases,start] GC(361) Compaction Phase
[187.577s][info][gc,phases      ] GC(361) Compaction Phase 532.604ms
[187.577s][info][gc,phases,start] GC(361) Post Compact
[187.587s][info][gc,phases      ] GC(361) Post Compact 10.091ms
[187.587s][info][gc,heap        ] GC(361) PSYoungGen: 71168K(218112K)->71168K(218112K) Eden: 71168K(71168K)->71168K(71168K) From: 0K(146944K)->0K(146944K)
[187.587s][info][gc,heap        ] GC(361) ParOldGen: 6758337K(6758400K)->6758337K(6758400K)
[187.587s][info][gc,metaspace   ] GC(361) Metaspace: 6302K(6528K)->6302K(6528K) NonClass: 5769K(5888K)->5769K(5888K) Class: 533K(640K)->533K(640K)
[187.587s][info][gc             ] GC(361) Pause Full (Ergonomics) 6669M->6669M(6813M) 2145.813ms
[187.587s][info][gc,cpu         ] GC(361) User=15.25s Sys=0.02s Real=2.15s
[187.587s][info][gc,start       ] GC(362) Pause Full (Ergonomics)
[187.587s][info][gc,phases,start] GC(362) Marking Phase
[189.162s][info][gc,phases      ] GC(362) Marking Phase 1575.285ms
[189.163s][info][gc,phases,start] GC(362) Summary Phase
[189.163s][info][gc,phases      ] GC(362) Summary Phase 0.069ms
[189.163s][info][gc,phases,start] GC(362) Adjust Roots
[189.163s][info][gc,phases      ] GC(362) Adjust Roots 0.197ms
[189.163s][info][gc,phases,start] GC(362) Compaction Phase
[189.689s][info][gc,phases      ] GC(362) Compaction Phase 526.239ms
[189.689s][info][gc,phases,start] GC(362) Post Compact
[189.699s][info][gc,phases      ] GC(362) Post Compact 10.286ms
[189.699s][info][gc,heap        ] GC(362) PSYoungGen: 71168K(218112K)->71168K(218112K) Eden: 71168K(71168K)->71168K(71168K) From: 0K(146944K)->0K(146944K)
[189.700s][info][gc,heap        ] GC(362) ParOldGen: 6758342K(6758400K)->6758342K(6758400K)
[189.700s][info][gc,metaspace   ] GC(362) Metaspace: 6302K(6528K)->6302K(6528K) NonClass: 5769K(5888K)->5769K(5888K) Class: 533K(640K)->533K(640K)
[189.700s][info][gc             ] GC(362) Pause Full (Ergonomics) 6669M->6669M(6813M) 2112.393ms
[189.700s][info][gc,cpu         ] GC(362) User=15.17s Sys=0.00s Real=2.11s
[189.700s][info][gc,start       ] GC(363) Pause Full (Ergonomics)
[189.700s][info][gc,phases,start] GC(363) Marking Phase
[191.239s][info][gc,phases      ] GC(363) Marking Phase 1538.788ms
[191.239s][info][gc,phases,start] GC(363) Summary Phase
[191.239s][info][gc,phases      ] GC(363) Summary Phase 0.072ms
[191.239s][info][gc,phases,start] GC(363) Adjust Roots
[191.239s][info][gc,phases      ] GC(363) Adjust Roots 0.205ms
[191.239s][info][gc,phases,start] GC(363) Compaction Phase
[191.766s][info][gc,phases      ] GC(363) Compaction Phase 526.866ms
[191.766s][info][gc,phases,start] GC(363) Post Compact
[191.776s][info][gc,phases      ] GC(363) Post Compact 10.023ms
[191.776s][info][gc,heap        ] GC(363) PSYoungGen: 71168K(218112K)->71168K(218112K) Eden: 71168K(71168K)->71168K(71168K) From: 0K(146944K)->0K(146944K)
[191.776s][info][gc,heap        ] GC(363) ParOldGen: 6758346K(6758400K)->6758346K(6758400K)
[191.776s][info][gc,metaspace   ] GC(363) Metaspace: 6302K(6528K)->6302K(6528K) NonClass: 5769K(5888K)->5769K(5888K) Class: 533K(640K)->533K(640K)
[191.776s][info][gc             ] GC(363) Pause Full (Ergonomics) 6669M->6669M(6813M) 2076.278ms
[191.776s][info][gc,cpu         ] GC(363) User=15.12s Sys=0.00s Real=2.08s
[191.776s][info][gc,start       ] GC(364) Pause Full (Ergonomics)
[191.776s][info][gc,phases,start] GC(364) Marking Phase
[193.375s][info][gc,phases      ] GC(364) Marking Phase 1599.058ms
[193.375s][info][gc,phases,start] GC(364) Summary Phase
[193.375s][info][gc,phases      ] GC(364) Summary Phase 0.069ms
[193.375s][info][gc,phases,start] GC(364) Adjust Roots
[193.376s][info][gc,phases      ] GC(364) Adjust Roots 0.164ms
[193.376s][info][gc,phases,start] GC(364) Compaction Phase
[193.946s][info][gc,phases      ] GC(364) Compaction Phase 570.391ms
[193.946s][info][gc,phases,start] GC(364) Post Compact
[193.957s][info][gc,phases      ] GC(364) Post Compact 10.475ms
[193.957s][info][gc,heap        ] GC(364) PSYoungGen: 71168K(218112K)->71168K(218112K) Eden: 71168K(71168K)->71168K(71168K) From: 0K(146944K)->0K(146944K)
[193.957s][info][gc,heap        ] GC(364) ParOldGen: 6758351K(6758400K)->6758351K(6758400K)
[193.957s][info][gc,metaspace   ] GC(364) Metaspace: 6302K(6528K)->6302K(6528K) NonClass: 5769K(5888K)->5769K(5888K) Class: 533K(640K)->533K(640K)
[193.957s][info][gc             ] GC(364) Pause Full (Ergonomics) 6669M->6669M(6813M) 2180.470ms
[193.957s][info][gc,cpu         ] GC(364) User=15.03s Sys=0.02s Real=2.18s
[193.957s][info][gc,start       ] GC(365) Pause Full (Ergonomics)
[193.957s][info][gc,phases,start] GC(365) Marking Phase
[195.514s][info][gc,phases      ] GC(365) Marking Phase 1557.059ms
[195.514s][info][gc,phases,start] GC(365) Summary Phase
[195.514s][info][gc,phases      ] GC(365) Summary Phase 0.068ms
[195.514s][info][gc,phases,start] GC(365) Adjust Roots
[195.514s][info][gc,phases      ] GC(365) Adjust Roots 0.164ms
[195.514s][info][gc,phases,start] GC(365) Compaction Phase
[196.054s][info][gc,phases      ] GC(365) Compaction Phase 539.837ms
[196.054s][info][gc,phases,start] GC(365) Post Compact
[196.064s][info][gc,phases      ] GC(365) Post Compact 9.960ms
[196.064s][info][gc,heap        ] GC(365) PSYoungGen: 71168K(218112K)->71168K(218112K) Eden: 71168K(71168K)->71168K(71168K) From: 0K(146944K)->0K(146944K)
[196.064s][info][gc,heap        ] GC(365) ParOldGen: 6758356K(6758400K)->6758356K(6758400K)
[196.064s][info][gc,metaspace   ] GC(365) Metaspace: 6302K(6528K)->6302K(6528K) NonClass: 5769K(5888K)->5769K(5888K) Class: 533K(640K)->533K(640K)
[196.064s][info][gc             ] GC(365) Pause Full (Ergonomics) 6669M->6669M(6813M) 2107.397ms
[196.064s][info][gc,cpu         ] GC(365) User=15.38s Sys=0.00s Real=2.11s
[196.065s][info][gc,start       ] GC(366) Pause Full (Ergonomics)
[196.065s][info][gc,phases,start] GC(366) Marking Phase
[197.609s][info][gc,phases      ] GC(366) Marking Phase 1544.630ms
[197.609s][info][gc,phases,start] GC(366) Summary Phase
[197.609s][info][gc,phases      ] GC(366) Summary Phase 0.100ms
[197.609s][info][gc,phases,start] GC(366) Adjust Roots
[197.610s][info][gc,phases      ] GC(366) Adjust Roots 0.252ms
[197.610s][info][gc,phases,start] GC(366) Compaction Phase
[198.149s][info][gc,phases      ] GC(366) Compaction Phase 539.491ms
[198.149s][info][gc,phases,start] GC(366) Post Compact
[198.160s][info][gc,phases      ] GC(366) Post Compact 10.784ms
[198.160s][info][gc,heap        ] GC(366) PSYoungGen: 71168K(218112K)->71168K(218112K) Eden: 71168K(71168K)->71168K(71168K) From: 0K(146944K)->0K(146944K)
[198.160s][info][gc,heap        ] GC(366) ParOldGen: 6758361K(6758400K)->6758361K(6758400K)
[198.160s][info][gc,metaspace   ] GC(366) Metaspace: 6302K(6528K)->6302K(6528K) NonClass: 5769K(5888K)->5769K(5888K) Class: 533K(640K)->533K(640K)
[198.160s][info][gc             ] GC(366) Pause Full (Ergonomics) 6669M->6669M(6813M) 2095.621ms
[198.160s][info][gc,cpu         ] GC(366) User=15.19s Sys=0.02s Real=2.10s
[198.160s][info][gc,start       ] GC(367) Pause Full (Ergonomics)
[198.160s][info][gc,phases,start] GC(367) Marking Phase
[199.713s][info][gc,phases      ] GC(367) Marking Phase 1552.608ms
[199.713s][info][gc,phases,start] GC(367) Summary Phase
[199.713s][info][gc,phases      ] GC(367) Summary Phase 0.072ms
[199.713s][info][gc,phases,start] GC(367) Adjust Roots
[199.713s][info][gc,phases      ] GC(367) Adjust Roots 0.215ms
[199.713s][info][gc,phases,start] GC(367) Compaction Phase
[200.245s][info][gc,phases      ] GC(367) Compaction Phase 531.181ms
[200.245s][info][gc,phases,start] GC(367) Post Compact
[200.255s][info][gc,phases      ] GC(367) Post Compact 10.089ms
[200.255s][info][gc,heap        ] GC(367) PSYoungGen: 71168K(218112K)->71168K(218112K) Eden: 71168K(71168K)->71168K(71168K) From: 0K(146944K)->0K(146944K)
[200.255s][info][gc,heap        ] GC(367) ParOldGen: 6758366K(6758400K)->6758366K(6758400K)
[200.255s][info][gc,metaspace   ] GC(367) Metaspace: 6302K(6528K)->6302K(6528K) NonClass: 5769K(5888K)->5769K(5888K) Class: 533K(640K)->533K(640K)
[200.255s][info][gc             ] GC(367) Pause Full (Ergonomics) 6669M->6669M(6813M) 2094.493ms
[200.255s][info][gc,cpu         ] GC(367) User=15.03s Sys=0.00s Real=2.09s
[200.255s][info][gc,start       ] GC(368) Pause Full (Ergonomics)
[200.255s][info][gc,phases,start] GC(368) Marking Phase
[201.837s][info][gc,phases      ] GC(368) Marking Phase 1581.823ms
[201.837s][info][gc,phases,start] GC(368) Summary Phase
[201.837s][info][gc,phases      ] GC(368) Summary Phase 0.069ms
[201.837s][info][gc,phases,start] GC(368) Adjust Roots
[201.837s][info][gc,phases      ] GC(368) Adjust Roots 0.182ms
[201.837s][info][gc,phases,start] GC(368) Compaction Phase
[202.389s][info][gc,phases      ] GC(368) Compaction Phase 551.837ms
[202.389s][info][gc,phases,start] GC(368) Post Compact
[202.399s][info][gc,phases      ] GC(368) Post Compact 9.910ms
[202.399s][info][gc,heap        ] GC(368) PSYoungGen: 71168K(218112K)->71168K(218112K) Eden: 71168K(71168K)->71168K(71168K) From: 0K(146944K)->0K(146944K)
[202.399s][info][gc,heap        ] GC(368) ParOldGen: 6758371K(6758400K)->6758371K(6758400K)
[202.399s][info][gc,metaspace   ] GC(368) Metaspace: 6302K(6528K)->6302K(6528K) NonClass: 5769K(5888K)->5769K(5888K) Class: 533K(640K)->533K(640K)
[202.399s][info][gc             ] GC(368) Pause Full (Ergonomics) 6669M->6669M(6813M) 2144.143ms
[202.399s][info][gc,cpu         ] GC(368) User=15.09s Sys=0.00s Real=2.14s
[202.399s][info][gc,start       ] GC(369) Pause Full (Ergonomics)
[202.399s][info][gc,phases,start] GC(369) Marking Phase
[203.989s][info][gc,phases      ] GC(369) Marking Phase 1589.383ms
[203.989s][info][gc,phases,start] GC(369) Summary Phase
[203.989s][info][gc,phases      ] GC(369) Summary Phase 0.074ms
[203.989s][info][gc,phases,start] GC(369) Adjust Roots
[203.989s][info][gc,phases      ] GC(369) Adjust Roots 0.188ms
[203.989s][info][gc,phases,start] GC(369) Compaction Phase
[204.521s][info][gc,phases      ] GC(369) Compaction Phase 531.613ms
[204.521s][info][gc,phases,start] GC(369) Post Compact
[204.532s][info][gc,phases      ] GC(369) Post Compact 10.944ms
[204.532s][info][gc,heap        ] GC(369) PSYoungGen: 71168K(218112K)->71168K(218112K) Eden: 71168K(71168K)->71168K(71168K) From: 0K(146944K)->0K(146944K)
[204.532s][info][gc,heap        ] GC(369) ParOldGen: 6758375K(6758400K)->6758375K(6758400K)
[204.532s][info][gc,metaspace   ] GC(369) Metaspace: 6302K(6528K)->6302K(6528K) NonClass: 5769K(5888K)->5769K(5888K) Class: 533K(640K)->533K(640K)
[204.532s][info][gc             ] GC(369) Pause Full (Ergonomics) 6669M->6669M(6813M) 2132.506ms
[204.532s][info][gc,cpu         ] GC(369) User=14.98s Sys=0.02s Real=2.13s
[204.532s][info][gc,start       ] GC(370) Pause Full (Ergonomics)
[204.532s][info][gc,phases,start] GC(370) Marking Phase
[206.094s][info][gc,phases      ] GC(370) Marking Phase 1561.937ms
[206.094s][info][gc,phases,start] GC(370) Summary Phase
[206.094s][info][gc,phases      ] GC(370) Summary Phase 0.068ms
[206.094s][info][gc,phases,start] GC(370) Adjust Roots
[206.094s][info][gc,phases      ] GC(370) Adjust Roots 0.169ms
[206.094s][info][gc,phases,start] GC(370) Compaction Phase
[206.637s][info][gc,phases      ] GC(370) Compaction Phase 542.752ms
[206.637s][info][gc,phases,start] GC(370) Post Compact
[206.647s][info][gc,phases      ] GC(370) Post Compact 10.018ms
[206.647s][info][gc,heap        ] GC(370) PSYoungGen: 71168K(218112K)->71168K(218112K) Eden: 71168K(71168K)->71168K(71168K) From: 0K(146944K)->0K(146944K)
[206.647s][info][gc,heap        ] GC(370) ParOldGen: 6758380K(6758400K)->6758380K(6758400K)
[206.647s][info][gc,metaspace   ] GC(370) Metaspace: 6302K(6528K)->6302K(6528K) NonClass: 5769K(5888K)->5769K(5888K) Class: 533K(640K)->533K(640K)
[206.647s][info][gc             ] GC(370) Pause Full (Ergonomics) 6669M->6669M(6813M) 2115.271ms
[206.647s][info][gc,cpu         ] GC(370) User=15.36s Sys=0.00s Real=2.12s
[206.648s][info][gc,start       ] GC(371) Pause Full (Ergonomics)
[206.648s][info][gc,phases,start] GC(371) Marking Phase
[208.198s][info][gc,phases      ] GC(371) Marking Phase 1550.779ms
[208.198s][info][gc,phases,start] GC(371) Summary Phase
[208.199s][info][gc,phases      ] GC(371) Summary Phase 0.103ms
[208.199s][info][gc,phases,start] GC(371) Adjust Roots
[208.199s][info][gc,phases      ] GC(371) Adjust Roots 0.239ms
[208.199s][info][gc,phases,start] GC(371) Compaction Phase
[208.740s][info][gc,phases      ] GC(371) Compaction Phase 541.009ms
[208.740s][info][gc,phases,start] GC(371) Post Compact
[208.750s][info][gc,phases      ] GC(371) Post Compact 10.087ms
[208.750s][info][gc,heap        ] GC(371) PSYoungGen: 71168K(218112K)->71168K(218112K) Eden: 71168K(71168K)->71168K(71168K) From: 0K(146944K)->0K(146944K)
[208.750s][info][gc,heap        ] GC(371) ParOldGen: 6758385K(6758400K)->6758385K(6758400K)
[208.750s][info][gc,metaspace   ] GC(371) Metaspace: 6302K(6528K)->6302K(6528K) NonClass: 5769K(5888K)->5769K(5888K) Class: 533K(640K)->533K(640K)
[208.750s][info][gc             ] GC(371) Pause Full (Ergonomics) 6669M->6669M(6813M) 2102.552ms
[208.750s][info][gc,cpu         ] GC(371) User=15.17s Sys=0.00s Real=2.10s
[208.750s][info][gc,start       ] GC(372) Pause Full (Ergonomics)
[208.750s][info][gc,phases,start] GC(372) Marking Phase
[210.306s][info][gc,phases      ] GC(372) Marking Phase 1555.921ms
[210.306s][info][gc,phases,start] GC(372) Summary Phase
[210.306s][info][gc,phases      ] GC(372) Summary Phase 0.069ms
[210.306s][info][gc,phases,start] GC(372) Adjust Roots
[210.307s][info][gc,phases      ] GC(372) Adjust Roots 0.171ms
[210.307s][info][gc,phases,start] GC(372) Compaction Phase
[210.836s][info][gc,phases      ] GC(372) Compaction Phase 529.092ms
[210.836s][info][gc,phases,start] GC(372) Post Compact
[210.846s][info][gc,phases      ] GC(372) Post Compact 10.004ms
[210.846s][info][gc,heap        ] GC(372) PSYoungGen: 71168K(218112K)->71168K(218112K) Eden: 71168K(71168K)->71168K(71168K) From: 0K(146944K)->0K(146944K)
[210.846s][info][gc,heap        ] GC(372) ParOldGen: 6758390K(6758400K)->6758390K(6758400K)
[210.846s][info][gc,metaspace   ] GC(372) Metaspace: 6302K(6528K)->6302K(6528K) NonClass: 5769K(5888K)->5769K(5888K) Class: 533K(640K)->533K(640K)
[210.846s][info][gc             ] GC(372) Pause Full (Ergonomics) 6669M->6669M(6813M) 2095.566ms
[210.846s][info][gc,cpu         ] GC(372) User=15.17s Sys=0.02s Real=2.10s
[210.846s][info][gc,start       ] GC(373) Pause Full (Ergonomics)
[210.846s][info][gc,phases,start] GC(373) Marking Phase
[212.410s][info][gc,phases      ] GC(373) Marking Phase 1563.781ms
[212.410s][info][gc,phases,start] GC(373) Summary Phase
[212.410s][info][gc,phases      ] GC(373) Summary Phase 0.071ms
[212.410s][info][gc,phases,start] GC(373) Adjust Roots
[212.410s][info][gc,phases      ] GC(373) Adjust Roots 0.170ms
[212.410s][info][gc,phases,start] GC(373) Compaction Phase
[212.945s][info][gc,phases      ] GC(373) Compaction Phase 534.679ms
[212.945s][info][gc,phases,start] GC(373) Post Compact
[212.955s][info][gc,phases      ] GC(373) Post Compact 10.093ms
[212.955s][info][gc,heap        ] GC(373) PSYoungGen: 71168K(218112K)->71168K(218112K) Eden: 71168K(71168K)->71168K(71168K) From: 0K(146944K)->0K(146944K)
[212.955s][info][gc,heap        ] GC(373) ParOldGen: 6758395K(6758400K)->6758395K(6758400K)
[212.955s][info][gc,metaspace   ] GC(373) Metaspace: 6302K(6528K)->6302K(6528K) NonClass: 5769K(5888K)->5769K(5888K) Class: 533K(640K)->533K(640K)
[212.955s][info][gc             ] GC(373) Pause Full (Ergonomics) 6669M->6669M(6813M) 2109.098ms
[212.955s][info][gc,cpu         ] GC(373) User=15.39s Sys=0.03s Real=2.11s
[212.955s][info][gc,start       ] GC(374) Pause Full (Ergonomics)
[212.955s][info][gc,phases,start] GC(374) Marking Phase
[214.512s][info][gc,phases      ] GC(374) Marking Phase 1556.700ms
[214.512s][info][gc,phases,start] GC(374) Summary Phase
[214.512s][info][gc,phases      ] GC(374) Summary Phase 0.105ms
[214.512s][info][gc,phases,start] GC(374) Adjust Roots
[214.512s][info][gc,phases      ] GC(374) Adjust Roots 0.199ms
[214.512s][info][gc,phases,start] GC(374) Compaction Phase
[215.043s][info][gc,phases      ] GC(374) Compaction Phase 530.889ms
[215.043s][info][gc,phases,start] GC(374) Post Compact
[215.054s][info][gc,phases      ] GC(374) Post Compact 10.377ms
[215.054s][info][gc,heap        ] GC(374) PSYoungGen: 71168K(218112K)->71168K(218112K) Eden: 71168K(71168K)->71168K(71168K) From: 0K(146944K)->0K(146944K)
[215.054s][info][gc,heap        ] GC(374) ParOldGen: 6758399K(6758400K)->6758399K(6758400K)
[215.054s][info][gc,metaspace   ] GC(374) Metaspace: 6302K(6528K)->6302K(6528K) NonClass: 5769K(5888K)->5769K(5888K) Class: 533K(640K)->533K(640K)
[215.054s][info][gc             ] GC(374) Pause Full (Ergonomics) 6669M->6669M(6813M) 2098.586ms
[215.054s][info][gc,cpu         ] GC(374) User=15.17s Sys=0.00s Real=2.10s
[215.054s][info][gc,start       ] GC(375) Pause Full (Allocation Failure)
[215.054s][info][gc,phases,start] GC(375) Marking Phase
[216.616s][info][gc,phases      ] GC(375) Marking Phase 1561.496ms
[216.616s][info][gc,phases,start] GC(375) Summary Phase
[216.616s][info][gc,phases      ] GC(375) Summary Phase 0.076ms
[216.616s][info][gc,phases,start] GC(375) Adjust Roots
[216.616s][info][gc,phases      ] GC(375) Adjust Roots 0.375ms
[216.616s][info][gc,phases,start] GC(375) Compaction Phase
[218.326s][info][gc,phases      ] GC(375) Compaction Phase 1709.672ms
[218.326s][info][gc,phases,start] GC(375) Post Compact
[218.336s][info][gc,phases      ] GC(375) Post Compact 10.061ms
[218.336s][info][gc,heap        ] GC(375) PSYoungGen: 71168K(218112K)->71168K(218112K) Eden: 71168K(71168K)->71168K(71168K) From: 0K(146944K)->0K(146944K)
[218.336s][info][gc,heap        ] GC(375) ParOldGen: 6758399K(6758400K)->6758395K(6758400K)
[218.336s][info][gc,metaspace   ] GC(375) Metaspace: 6302K(6528K)->6301K(6528K) NonClass: 5769K(5888K)->5768K(5888K) Class: 533K(640K)->532K(640K)
[218.336s][info][gc             ] GC(375) Pause Full (Allocation Failure) 6669M->6669M(6813M) 3281.983ms
[218.336s][info][gc,cpu         ] GC(375) User=23.73s Sys=0.02s Real=3.28s
[218.336s][info][gc,start       ] GC(376) Pause Full (Ergonomics)
[218.336s][info][gc,phases,start] GC(376) Marking Phase
[219.894s][info][gc,phases      ] GC(376) Marking Phase 1557.568ms
[219.894s][info][gc,phases,start] GC(376) Summary Phase
[219.894s][info][gc,phases      ] GC(376) Summary Phase 0.072ms
[219.894s][info][gc,phases,start] GC(376) Adjust Roots
[219.894s][info][gc,phases      ] GC(376) Adjust Roots 0.176ms
[219.894s][info][gc,phases,start] GC(376) Compaction Phase
[220.421s][info][gc,phases      ] GC(376) Compaction Phase 526.655ms
[220.421s][info][gc,phases,start] GC(376) Post Compact
[220.431s][info][gc,phases      ] GC(376) Post Compact 10.106ms
[220.431s][info][gc,heap        ] GC(376) PSYoungGen: 71168K(218112K)->71168K(218112K) Eden: 71168K(71168K)->71168K(71168K) From: 0K(146944K)->0K(146944K)
[220.431s][info][gc,heap        ] GC(376) ParOldGen: 6758395K(6758400K)->6758395K(6758400K)
[220.431s][info][gc,metaspace   ] GC(376) Metaspace: 6301K(6528K)->6301K(6528K) NonClass: 5768K(5888K)->5768K(5888K) Class: 532K(640K)->532K(640K)
[220.431s][info][gc             ] GC(376) Pause Full (Ergonomics) 6669M->6669M(6813M) 2094.913ms
[220.431s][info][gc,cpu         ] GC(376) User=14.89s Sys=0.02s Real=2.10s
[220.432s][info][gc,start       ] GC(377) Pause Full (Ergonomics)
[220.432s][info][gc,phases,start] GC(377) Marking Phase
[222.007s][info][gc,phases      ] GC(377) Marking Phase 1575.176ms
[222.007s][info][gc,phases,start] GC(377) Summary Phase
[222.007s][info][gc,phases      ] GC(377) Summary Phase 0.068ms
[222.007s][info][gc,phases,start] GC(377) Adjust Roots
[222.007s][info][gc,phases      ] GC(377) Adjust Roots 0.166ms
[222.007s][info][gc,phases,start] GC(377) Compaction Phase
[222.537s][info][gc,phases      ] GC(377) Compaction Phase 529.365ms
[222.537s][info][gc,phases,start] GC(377) Post Compact
[222.547s][info][gc,phases      ] GC(377) Post Compact 9.990ms
[222.547s][info][gc,heap        ] GC(377) PSYoungGen: 71168K(218112K)->71168K(218112K) Eden: 71168K(71168K)->71168K(71168K) From: 0K(146944K)->0K(146944K)
[222.547s][info][gc,heap        ] GC(377) ParOldGen: 6758399K(6758400K)->6758399K(6758400K)
[222.547s][info][gc,metaspace   ] GC(377) Metaspace: 6301K(6528K)->6301K(6528K) NonClass: 5768K(5888K)->5768K(5888K) Class: 532K(640K)->532K(640K)
[222.547s][info][gc             ] GC(377) Pause Full (Ergonomics) 6669M->6669M(6813M) 2115.088ms
[222.547s][info][gc,cpu         ] GC(377) User=15.20s Sys=0.00s Real=2.12s
[222.547s][info][gc,start       ] GC(378) Pause Full (Allocation Failure)
[222.547s][info][gc,phases,start] GC(378) Marking Phase
[224.120s][info][gc,phases      ] GC(378) Marking Phase 1573.125ms
[224.120s][info][gc,phases,start] GC(378) Summary Phase
[224.120s][info][gc,phases      ] GC(378) Summary Phase 0.072ms
[224.120s][info][gc,phases,start] GC(378) Adjust Roots
[224.120s][info][gc,phases      ] GC(378) Adjust Roots 0.245ms
[224.120s][info][gc,phases,start] GC(378) Compaction Phase
[224.654s][info][gc,phases      ] GC(378) Compaction Phase 533.384ms
[224.654s][info][gc,phases,start] GC(378) Post Compact
[224.664s][info][gc,phases      ] GC(378) Post Compact 10.051ms
[224.664s][info][gc,heap        ] GC(378) PSYoungGen: 71168K(218112K)->71168K(218112K) Eden: 71168K(71168K)->71168K(71168K) From: 0K(146944K)->0K(146944K)
[224.664s][info][gc,heap        ] GC(378) ParOldGen: 6758399K(6758400K)->6758399K(6758400K)
[224.664s][info][gc,metaspace   ] GC(378) Metaspace: 6301K(6528K)->6301K(6528K) NonClass: 5768K(5888K)->5768K(5888K) Class: 532K(640K)->532K(640K)
[224.664s][info][gc             ] GC(378) Pause Full (Allocation Failure) 6669M->6669M(6813M) 2117.183ms
[224.664s][info][gc,cpu         ] GC(378) User=15.34s Sys=0.00s Real=2.12s
[224.664s][info][gc,start       ] GC(379) Pause Full (Ergonomics)
[224.664s][info][gc,phases,start] GC(379) Marking Phase
[226.207s][info][gc,phases      ] GC(379) Marking Phase 1542.487ms
[226.207s][info][gc,phases,start] GC(379) Summary Phase
[226.207s][info][gc,phases      ] GC(379) Summary Phase 0.072ms
[226.207s][info][gc,phases,start] GC(379) Adjust Roots
[226.207s][info][gc,phases      ] GC(379) Adjust Roots 0.252ms
[226.207s][info][gc,phases,start] GC(379) Compaction Phase
[227.930s][info][gc,phases      ] GC(379) Compaction Phase 1722.245ms
[227.930s][info][gc,phases,start] GC(379) Post Compact
[227.940s][info][gc,phases      ] GC(379) Post Compact 10.152ms
[227.940s][info][gc,heap        ] GC(379) PSYoungGen: 71168K(218112K)->71168K(218112K) Eden: 71168K(71168K)->71168K(71168K) From: 0K(146944K)->0K(146944K)
[227.940s][info][gc,heap        ] GC(379) ParOldGen: 6758399K(6758400K)->6758398K(6758400K)
[227.940s][info][gc,metaspace   ] GC(379) Metaspace: 6301K(6528K)->6301K(6528K) NonClass: 5768K(5888K)->5768K(5888K) Class: 532K(640K)->532K(640K)
[227.940s][info][gc             ] GC(379) Pause Full (Ergonomics) 6669M->6669M(6813M) 3275.544ms
[227.940s][info][gc,cpu         ] GC(379) User=23.91s Sys=0.00s Real=3.28s
[227.940s][info][gc,start       ] GC(380) Pause Full (Ergonomics)
[227.940s][info][gc,phases,start] GC(380) Marking Phase
[229.499s][info][gc,phases      ] GC(380) Marking Phase 1558.430ms
[229.499s][info][gc,phases,start] GC(380) Summary Phase
[229.499s][info][gc,phases      ] GC(380) Summary Phase 0.073ms
[229.499s][info][gc,phases,start] GC(380) Adjust Roots
[229.499s][info][gc,phases      ] GC(380) Adjust Roots 0.192ms
[229.499s][info][gc,phases,start] GC(380) Compaction Phase
[230.030s][info][gc,phases      ] GC(380) Compaction Phase 531.368ms
[230.031s][info][gc,phases,start] GC(380) Post Compact
[230.041s][info][gc,phases      ] GC(380) Post Compact 10.107ms
[230.041s][info][gc,heap        ] GC(380) PSYoungGen: 71168K(218112K)->71168K(218112K) Eden: 71168K(71168K)->71168K(71168K) From: 0K(146944K)->0K(146944K)
[230.041s][info][gc,heap        ] GC(380) ParOldGen: 6758398K(6758400K)->6758398K(6758400K)
[230.041s][info][gc,metaspace   ] GC(380) Metaspace: 6301K(6528K)->6301K(6528K) NonClass: 5768K(5888K)->5768K(5888K) Class: 532K(640K)->532K(640K)
[230.041s][info][gc             ] GC(380) Pause Full (Ergonomics) 6669M->6669M(6813M) 2100.487ms
[230.041s][info][gc,cpu         ] GC(380) User=15.22s Sys=0.03s Real=2.10s
[230.042s][info][gc,start       ] GC(381) Pause Full (Ergonomics)
[230.042s][info][gc,phases,start] GC(381) Marking Phase
[231.583s][info][gc,phases      ] GC(381) Marking Phase 1541.254ms
[231.583s][info][gc,phases,start] GC(381) Summary Phase
[231.583s][info][gc,phases      ] GC(381) Summary Phase 0.083ms
[231.583s][info][gc,phases,start] GC(381) Adjust Roots
[231.584s][info][gc,phases      ] GC(381) Adjust Roots 0.394ms
[231.584s][info][gc,phases,start] GC(381) Compaction Phase
[233.306s][info][gc,phases      ] GC(381) Compaction Phase 1722.579ms
[233.306s][info][gc,phases,start] GC(381) Post Compact
[233.317s][info][gc,phases      ] GC(381) Post Compact 10.252ms
[233.317s][info][gc,heap        ] GC(381) PSYoungGen: 71168K(218112K)->71168K(218112K) Eden: 71168K(71168K)->71168K(71168K) From: 0K(146944K)->0K(146944K)
[233.317s][info][gc,heap        ] GC(381) ParOldGen: 6758399K(6758400K)->6758397K(6758400K)
[233.317s][info][gc,metaspace   ] GC(381) Metaspace: 6302K(6528K)->6302K(6528K) NonClass: 5769K(5888K)->5769K(5888K) Class: 533K(640K)->533K(640K)
[233.317s][info][gc             ] GC(381) Pause Full (Ergonomics) 6669M->6669M(6813M) 3274.945ms
[233.317s][info][gc,cpu         ] GC(381) User=23.72s Sys=0.03s Real=3.28s
[233.317s][info][gc,heap,exit   ] Heap
[233.317s][info][gc,heap,exit   ]  PSYoungGen      total 218112K, used 71168K [0x0000000731c00000, 0x0000000748980000, 0x0000000800000000)
[233.317s][info][gc,heap,exit   ]   eden space 71168K, 100% used [0x0000000731c00000,0x0000000736180000,0x0000000736180000)
[233.317s][info][gc,heap,exit   ]   from space 146944K, 0% used [0x0000000736180000,0x0000000736180000,0x000000073f100000)
[233.317s][info][gc,heap,exit   ]   to   space 146944K, 0% used [0x000000073f100000,0x000000073f100000,0x0000000748080000)
[233.317s][info][gc,heap,exit   ]  ParOldGen       total 6758400K, used 6758397K [0x0000000595400000, 0x0000000731c00000, 0x0000000731c00000)
[233.317s][info][gc,heap,exit   ]   object space 6758400K, 99% used [0x0000000595400000,0x0000000731bff788,0x0000000731c00000)
[233.317s][info][gc,heap,exit   ]  Metaspace       used 6305K, committed 6528K, reserved 1114112K
[233.317s][info][gc,heap,exit   ]   class space    used 534K, committed 640K, reserved 1048576K
