[0.013s][info][gc,init] CardTable entry size: 512
[0.014s][info][gc     ] Using Parallel
[0.015s][info][gc,init] Version: 18.0.1+10 (release)
[0.015s][info][gc,init] CPUs: 8 total, 8 available
[0.015s][info][gc,init] Memory: 16063M
[0.015s][info][gc,init] Large Page Support: Disabled
[0.015s][info][gc,init] NUMA Support: Disabled
[0.015s][info][gc,init] Compressed Oops: Enabled (Zero based)
[0.015s][info][gc,init] Alignments: Space 512K, Generation 512K, Heap 2M
[0.015s][info][gc,init] Heap Min Capacity: 2M
[0.015s][info][gc,init] Heap Initial Capacity: 2M
[0.015s][info][gc,init] Heap Max Capacity: 5200M
[0.016s][info][gc,init] Pre-touch: Disabled
[0.016s][info][gc,init] Parallel Workers: 8
[0.016s][info][gc,metaspace] CDS archive(s) not mapped
[0.016s][info][gc,metaspace] Compressed class space mapped at: 0x0000000800000000-0x0000000840000000, reserved size: 1073741824
[0.016s][info][gc,metaspace] Narrow klass base: 0x0000000800000000, Narrow klass shift: 0, Narrow klass range: 0x40000000
[0.119s][info][gc,start    ] GC(0) Pause Young (Allocation Failure)
[0.120s][info][gc,heap     ] GC(0) PSYoungGen: 512K(1024K)->480K(1024K) Eden: 512K(512K)->0K(512K) From: 0K(512K)->480K(512K)
[0.120s][info][gc,heap     ] GC(0) ParOldGen: 0K(512K)->8K(512K)
[0.120s][info][gc,metaspace] GC(0) Metaspace: 4229K(4352K)->4229K(4352K) NonClass: 3908K(3968K)->3908K(3968K) Class: 321K(384K)->321K(384K)
[0.120s][info][gc          ] GC(0) Pause Young (Allocation Failure) 0M->0M(1M) 1.488ms
[0.120s][info][gc,cpu      ] GC(0) User=0.00s Sys=0.00s Real=0.00s
[0.186s][info][gc,start    ] GC(1) Pause Young (Allocation Failure)
[0.187s][info][gc,heap     ] GC(1) PSYoungGen: 991K(1024K)->512K(1536K) Eden: 511K(512K)->0K(1024K) From: 480K(512K)->512K(512K)
[0.187s][info][gc,heap     ] GC(1) ParOldGen: 8K(512K)->80K(512K)
[0.187s][info][gc,metaspace] GC(1) Metaspace: 5880K(6016K)->5880K(6016K) NonClass: 5383K(5504K)->5383K(5504K) Class: 496K(512K)->496K(512K)
[0.187s][info][gc          ] GC(1) Pause Young (Allocation Failure) 0M->0M(2M) 0.964ms
[0.187s][info][gc,cpu      ] GC(1) User=0.00s Sys=0.00s Real=0.00s
[0.214s][info][gc,start    ] GC(2) Pause Young (Allocation Failure)
[0.216s][info][gc,heap     ] GC(2) PSYoungGen: 1536K(1536K)->512K(1536K) Eden: 1024K(1024K)->0K(1024K) From: 512K(512K)->512K(512K)
[0.216s][info][gc,heap     ] GC(2) ParOldGen: 80K(512K)->504K(512K)
[0.216s][info][gc,metaspace] GC(2) Metaspace: 6299K(6464K)->6299K(6464K) NonClass: 5766K(5824K)->5766K(5824K) Class: 533K(640K)->533K(640K)
[0.216s][info][gc          ] GC(2) Pause Young (Allocation Failure) 1M->0M(2M) 1.482ms
[0.216s][info][gc,cpu      ] GC(2) User=0.00s Sys=0.00s Real=0.00s
[0.216s][info][gc,start    ] GC(3) Pause Full (Ergonomics)
[0.216s][info][gc,phases,start] GC(3) Marking Phase
[0.217s][info][gc,phases      ] GC(3) Marking Phase 1.107ms
[0.217s][info][gc,phases,start] GC(3) Summary Phase
[0.217s][info][gc,phases      ] GC(3) Summary Phase 0.022ms
[0.217s][info][gc,phases,start] GC(3) Adjust Roots
[0.217s][info][gc,phases      ] GC(3) Adjust Roots 0.502ms
[0.218s][info][gc,phases,start] GC(3) Compaction Phase
[0.220s][info][gc,phases      ] GC(3) Compaction Phase 2.284ms
[0.220s][info][gc,phases,start] GC(3) Post Compact
[0.220s][info][gc,phases      ] GC(3) Post Compact 0.110ms
[0.220s][info][gc,heap        ] GC(3) PSYoungGen: 512K(1536K)->509K(1536K) Eden: 0K(1024K)->0K(1024K) From: 512K(512K)->509K(512K)
[0.220s][info][gc,heap        ] GC(3) ParOldGen: 504K(512K)->471K(2048K)
[0.220s][info][gc,metaspace   ] GC(3) Metaspace: 6299K(6464K)->6299K(6464K) NonClass: 5766K(5824K)->5766K(5824K) Class: 533K(640K)->533K(640K)
[0.220s][info][gc             ] GC(3) Pause Full (Ergonomics) 0M->0M(3M) 4.396ms
[0.220s][info][gc,cpu         ] GC(3) User=0.00s Sys=0.00s Real=0.00s
[0.223s][info][gc,start       ] GC(4) Pause Young (Allocation Failure)
[0.224s][info][gc,heap        ] GC(4) PSYoungGen: 1533K(1536K)->480K(2560K) Eden: 1024K(1024K)->0K(2048K) From: 509K(512K)->480K(512K)
[0.225s][info][gc,heap        ] GC(4) ParOldGen: 471K(2048K)->1035K(2048K)
[0.225s][info][gc,metaspace   ] GC(4) Metaspace: 6299K(6464K)->6299K(6464K) NonClass: 5766K(5824K)->5766K(5824K) Class: 533K(640K)->533K(640K)
[0.225s][info][gc             ] GC(4) Pause Young (Allocation Failure) 1M->1M(4M) 1.960ms
[0.225s][info][gc,cpu         ] GC(4) User=0.00s Sys=0.00s Real=0.00s
[0.229s][info][gc,start       ] GC(5) Pause Young (Allocation Failure)
[0.231s][info][gc,heap        ] GC(5) PSYoungGen: 2528K(2560K)->480K(2560K) Eden: 2048K(2048K)->0K(2048K) From: 480K(512K)->480K(512K)
[0.231s][info][gc,heap        ] GC(5) ParOldGen: 1035K(2048K)->2107K(2560K)
[0.231s][info][gc,metaspace   ] GC(5) Metaspace: 6299K(6464K)->6299K(6464K) NonClass: 5766K(5824K)->5766K(5824K) Class: 533K(640K)->533K(640K)
[0.231s][info][gc             ] GC(5) Pause Young (Allocation Failure) 3M->2M(5M) 2.295ms
[0.231s][info][gc,cpu         ] GC(5) User=0.00s Sys=0.00s Real=0.00s
[0.231s][info][gc,start       ] GC(6) Pause Full (Ergonomics)
[0.232s][info][gc,phases,start] GC(6) Marking Phase
[0.234s][info][gc,phases      ] GC(6) Marking Phase 2.295ms
[0.234s][info][gc,phases,start] GC(6) Summary Phase
[0.234s][info][gc,phases      ] GC(6) Summary Phase 0.027ms
[0.234s][info][gc,phases,start] GC(6) Adjust Roots
[0.234s][info][gc,phases      ] GC(6) Adjust Roots 0.494ms
[0.234s][info][gc,phases,start] GC(6) Compaction Phase
[0.237s][info][gc,phases      ] GC(6) Compaction Phase 2.228ms
[0.237s][info][gc,phases,start] GC(6) Post Compact
[0.237s][info][gc,phases      ] GC(6) Post Compact 0.035ms
[0.237s][info][gc,heap        ] GC(6) PSYoungGen: 480K(2560K)->0K(4096K) Eden: 0K(2048K)->0K(3072K) From: 480K(512K)->0K(1024K)
[0.237s][info][gc,heap        ] GC(6) ParOldGen: 2107K(2560K)->2542K(6144K)
[0.237s][info][gc,metaspace   ] GC(6) Metaspace: 6299K(6464K)->6299K(6464K) NonClass: 5766K(5824K)->5766K(5824K) Class: 533K(640K)->533K(640K)
[0.237s][info][gc             ] GC(6) Pause Full (Ergonomics) 2M->2M(10M) 5.527ms
[0.237s][info][gc,cpu         ] GC(6) User=0.00s Sys=0.00s Real=0.01s
[0.243s][info][gc,start       ] GC(7) Pause Young (Allocation Failure)
[0.245s][info][gc,heap        ] GC(7) PSYoungGen: 3072K(4096K)->1664K(5120K) Eden: 3072K(3072K)->0K(3072K) From: 0K(1024K)->1664K(2048K)
[0.245s][info][gc,heap        ] GC(7) ParOldGen: 2542K(6144K)->2542K(6144K)
[0.245s][info][gc,metaspace   ] GC(7) Metaspace: 6299K(6464K)->6299K(6464K) NonClass: 5766K(5824K)->5766K(5824K) Class: 533K(640K)->533K(640K)
[0.245s][info][gc             ] GC(7) Pause Young (Allocation Failure) 5M->4M(11M) 2.036ms
[0.246s][info][gc,cpu         ] GC(7) User=0.00s Sys=0.00s Real=0.00s
[0.252s][info][gc,start       ] GC(8) Pause Young (Allocation Failure)
[0.255s][info][gc,heap        ] GC(8) PSYoungGen: 4736K(5120K)->2016K(5632K) Eden: 3072K(3072K)->0K(3584K) From: 1664K(2048K)->2016K(2048K)
[0.255s][info][gc,heap        ] GC(8) ParOldGen: 2542K(6144K)->3774K(6144K)
[0.255s][info][gc,metaspace   ] GC(8) Metaspace: 6299K(6464K)->6299K(6464K) NonClass: 5766K(5824K)->5766K(5824K) Class: 533K(640K)->533K(640K)
[0.255s][info][gc             ] GC(8) Pause Young (Allocation Failure) 7M->5M(11M) 3.646ms
[0.255s][info][gc,cpu         ] GC(8) User=0.02s Sys=0.00s Real=0.00s
[0.262s][info][gc,start       ] GC(9) Pause Young (Allocation Failure)
[0.267s][info][gc,heap        ] GC(9) PSYoungGen: 5600K(5632K)->3040K(6656K) Eden: 3584K(3584K)->0K(3584K) From: 2016K(2048K)->3040K(3072K)
[0.267s][info][gc,heap        ] GC(9) ParOldGen: 3774K(6144K)->4614K(6144K)
[0.267s][info][gc,metaspace   ] GC(9) Metaspace: 6299K(6464K)->6299K(6464K) NonClass: 5766K(5824K)->5766K(5824K) Class: 533K(640K)->533K(640K)
[0.267s][info][gc             ] GC(9) Pause Young (Allocation Failure) 9M->7M(12M) 4.665ms
[0.267s][info][gc,cpu         ] GC(9) User=0.00s Sys=0.00s Real=0.00s
[0.271s][info][gc,start       ] GC(10) Pause Young (Allocation Failure)
[0.276s][info][gc,heap        ] GC(10) PSYoungGen: 6624K(6656K)->4064K(9216K) Eden: 3584K(3584K)->0K(5120K) From: 3040K(3072K)->4064K(4096K)
[0.277s][info][gc,heap        ] GC(10) ParOldGen: 4614K(6144K)->5454K(6144K)
[0.277s][info][gc,metaspace   ] GC(10) Metaspace: 6299K(6464K)->6299K(6464K) NonClass: 5766K(5824K)->5766K(5824K) Class: 533K(640K)->533K(640K)
[0.277s][info][gc             ] GC(10) Pause Young (Allocation Failure) 10M->9M(15M) 5.246ms
[0.277s][info][gc,cpu         ] GC(10) User=0.00s Sys=0.00s Real=0.01s
[0.277s][info][gc,start       ] GC(11) Pause Full (Ergonomics)
[0.277s][info][gc,phases,start] GC(11) Marking Phase
[0.282s][info][gc,phases      ] GC(11) Marking Phase 5.197ms
[0.282s][info][gc,phases,start] GC(11) Summary Phase
[0.282s][info][gc,phases      ] GC(11) Summary Phase 0.016ms
[0.282s][info][gc,phases,start] GC(11) Adjust Roots
[0.283s][info][gc,phases      ] GC(11) Adjust Roots 0.419ms
[0.283s][info][gc,phases,start] GC(11) Compaction Phase
[0.290s][info][gc,phases      ] GC(11) Compaction Phase 7.261ms
[0.290s][info][gc,phases,start] GC(11) Post Compact
[0.290s][info][gc,phases      ] GC(11) Post Compact 0.054ms
[0.290s][info][gc,heap        ] GC(11) PSYoungGen: 4064K(9216K)->3545K(9216K) Eden: 0K(5120K)->0K(5120K) From: 4064K(4096K)->3545K(4096K)
[0.290s][info][gc,heap        ] GC(11) ParOldGen: 5454K(6144K)->5831K(10752K)
[0.290s][info][gc,metaspace   ] GC(11) Metaspace: 6299K(6464K)->6299K(6464K) NonClass: 5766K(5824K)->5766K(5824K) Class: 533K(640K)->533K(640K)
[0.290s][info][gc             ] GC(11) Pause Full (Ergonomics) 9M->9M(19M) 13.293ms
[0.290s][info][gc,cpu         ] GC(11) User=0.00s Sys=0.00s Real=0.01s
[0.298s][info][gc,start       ] GC(12) Pause Young (Allocation Failure)
[0.303s][info][gc,heap        ] GC(12) PSYoungGen: 8665K(9216K)->5088K(10240K) Eden: 5120K(5120K)->0K(5120K) From: 3545K(4096K)->5088K(5120K)
[0.303s][info][gc,heap        ] GC(12) ParOldGen: 5831K(10752K)->6951K(10752K)
[0.303s][info][gc,metaspace   ] GC(12) Metaspace: 6299K(6464K)->6299K(6464K) NonClass: 5766K(5824K)->5766K(5824K) Class: 533K(640K)->533K(640K)
[0.303s][info][gc             ] GC(12) Pause Young (Allocation Failure) 14M->11M(20M) 5.275ms
[0.303s][info][gc,cpu         ] GC(12) User=0.02s Sys=0.00s Real=0.00s
[0.309s][info][gc,start       ] GC(13) Pause Young (Allocation Failure)
[0.316s][info][gc,heap        ] GC(13) PSYoungGen: 10208K(10240K)->6464K(12800K) Eden: 5120K(5120K)->0K(6144K) From: 5088K(5120K)->6464K(6656K)
[0.316s][info][gc,heap        ] GC(13) ParOldGen: 6951K(10752K)->8231K(10752K)
[0.316s][info][gc,metaspace   ] GC(13) Metaspace: 6301K(6464K)->6301K(6464K) NonClass: 5768K(5824K)->5768K(5824K) Class: 533K(640K)->533K(640K)
[0.316s][info][gc             ] GC(13) Pause Young (Allocation Failure) 16M->14M(23M) 7.405ms
[0.316s][info][gc,cpu         ] GC(13) User=0.00s Sys=0.02s Real=0.01s
[0.321s][info][gc,start       ] GC(14) Pause Young (Allocation Failure)
[0.327s][info][gc,heap        ] GC(14) PSYoungGen: 12608K(12800K)->5792K(13824K) Eden: 6144K(6144K)->0K(6144K) From: 6464K(6656K)->5792K(7680K)
[0.327s][info][gc,heap        ] GC(14) ParOldGen: 8231K(10752K)->12119K(12288K)
[0.327s][info][gc,metaspace   ] GC(14) Metaspace: 6301K(6464K)->6301K(6464K) NonClass: 5768K(5824K)->5768K(5824K) Class: 533K(640K)->533K(640K)
[0.327s][info][gc             ] GC(14) Pause Young (Allocation Failure) 20M->17M(25M) 6.553ms
[0.327s][info][gc,cpu         ] GC(14) User=0.00s Sys=0.00s Real=0.01s
[0.327s][info][gc,start       ] GC(15) Pause Full (Ergonomics)
[0.327s][info][gc,phases,start] GC(15) Marking Phase
[0.336s][info][gc,phases      ] GC(15) Marking Phase 8.708ms
[0.336s][info][gc,phases,start] GC(15) Summary Phase
[0.336s][info][gc,phases      ] GC(15) Summary Phase 0.016ms
[0.336s][info][gc,phases,start] GC(15) Adjust Roots
[0.336s][info][gc,phases      ] GC(15) Adjust Roots 0.273ms
[0.336s][info][gc,phases,start] GC(15) Compaction Phase
[0.344s][info][gc,phases      ] GC(15) Compaction Phase 7.654ms
[0.344s][info][gc,phases,start] GC(15) Post Compact
[0.344s][info][gc,phases      ] GC(15) Post Compact 0.073ms
[0.344s][info][gc,heap        ] GC(15) PSYoungGen: 5792K(13824K)->5758K(13824K) Eden: 0K(6144K)->0K(6144K) From: 5792K(7680K)->5758K(7680K)
[0.344s][info][gc,heap        ] GC(15) ParOldGen: 12119K(12288K)->12006K(18944K)
[0.344s][info][gc,metaspace   ] GC(15) Metaspace: 6301K(6464K)->6301K(6464K) NonClass: 5768K(5824K)->5768K(5824K) Class: 533K(640K)->533K(640K)
[0.344s][info][gc             ] GC(15) Pause Full (Ergonomics) 17M->17M(32M) 17.045ms
[0.344s][info][gc,cpu         ] GC(15) User=0.02s Sys=0.00s Real=0.02s
[0.349s][info][gc,start       ] GC(16) Pause Young (Allocation Failure)
[0.356s][info][gc,heap        ] GC(16) PSYoungGen: 11902K(13824K)->3200K(15360K) Eden: 6144K(6144K)->0K(8704K) From: 5758K(7680K)->3200K(6656K)
[0.356s][info][gc,heap        ] GC(16) ParOldGen: 12006K(18944K)->17862K(18944K)
[0.356s][info][gc,metaspace   ] GC(16) Metaspace: 6301K(6464K)->6301K(6464K) NonClass: 5768K(5824K)->5768K(5824K) Class: 533K(640K)->533K(640K)
[0.356s][info][gc             ] GC(16) Pause Young (Allocation Failure) 23M->20M(33M) 7.714ms
[0.356s][info][gc,cpu         ] GC(16) User=0.00s Sys=0.00s Real=0.01s
[0.356s][info][gc,start       ] GC(17) Pause Full (Ergonomics)
[0.356s][info][gc,phases,start] GC(17) Marking Phase
[0.366s][info][gc,phases      ] GC(17) Marking Phase 9.575ms
[0.366s][info][gc,phases,start] GC(17) Summary Phase
[0.366s][info][gc,phases      ] GC(17) Summary Phase 0.016ms
[0.366s][info][gc,phases,start] GC(17) Adjust Roots
[0.366s][info][gc,phases      ] GC(17) Adjust Roots 0.236ms
[0.366s][info][gc,phases,start] GC(17) Compaction Phase
[0.373s][info][gc,phases      ] GC(17) Compaction Phase 6.840ms
[0.373s][info][gc,phases,start] GC(17) Post Compact
[0.374s][info][gc,phases      ] GC(17) Post Compact 0.169ms
[0.374s][info][gc,heap        ] GC(17) PSYoungGen: 3200K(15360K)->2146K(16384K) Eden: 0K(8704K)->0K(9728K) From: 3200K(6656K)->2146K(6656K)
[0.374s][info][gc,heap        ] GC(17) ParOldGen: 17862K(18944K)->18786K(28672K)
[0.374s][info][gc,metaspace   ] GC(17) Metaspace: 6301K(6464K)->6301K(6464K) NonClass: 5768K(5824K)->5768K(5824K) Class: 533K(640K)->533K(640K)
[0.374s][info][gc             ] GC(17) Pause Full (Ergonomics) 20M->20M(44M) 17.339ms
[0.374s][info][gc,cpu         ] GC(17) User=0.02s Sys=0.00s Real=0.02s
[0.384s][info][gc,start       ] GC(18) Pause Young (Allocation Failure)
[0.391s][info][gc,heap        ] GC(18) PSYoungGen: 11874K(16384K)->5568K(17408K) Eden: 9728K(9728K)->0K(9728K) From: 2146K(6656K)->5568K(7680K)
[0.391s][info][gc,heap        ] GC(18) ParOldGen: 18786K(28672K)->20970K(28672K)
[0.391s][info][gc,metaspace   ] GC(18) Metaspace: 6301K(6464K)->6301K(6464K) NonClass: 5768K(5824K)->5768K(5824K) Class: 533K(640K)->533K(640K)
[0.391s][info][gc             ] GC(18) Pause Young (Allocation Failure) 29M->25M(45M) 6.902ms
[0.391s][info][gc,cpu         ] GC(18) User=0.00s Sys=0.00s Real=0.01s
[0.397s][info][gc,start       ] GC(19) Pause Young (Allocation Failure)
[0.406s][info][gc,heap        ] GC(19) PSYoungGen: 15296K(17408K)->5056K(21504K) Eden: 9728K(9728K)->0K(13312K) From: 5568K(7680K)->5056K(8192K)
[0.406s][info][gc,heap        ] GC(19) ParOldGen: 20970K(28672K)->26578K(28672K)
[0.406s][info][gc,metaspace   ] GC(19) Metaspace: 6301K(6464K)->6301K(6464K) NonClass: 5768K(5824K)->5768K(5824K) Class: 533K(640K)->533K(640K)
[0.406s][info][gc             ] GC(19) Pause Young (Allocation Failure) 35M->30M(49M) 8.911ms
[0.406s][info][gc,cpu         ] GC(19) User=0.00s Sys=0.00s Real=0.01s
[0.406s][info][gc,start       ] GC(20) Pause Full (Ergonomics)
[0.406s][info][gc,phases,start] GC(20) Marking Phase
[0.420s][info][gc,phases      ] GC(20) Marking Phase 13.390ms
[0.420s][info][gc,phases,start] GC(20) Summary Phase
[0.420s][info][gc,phases      ] GC(20) Summary Phase 0.017ms
[0.420s][info][gc,phases,start] GC(20) Adjust Roots
[0.420s][info][gc,phases      ] GC(20) Adjust Roots 0.274ms
[0.420s][info][gc,phases,start] GC(20) Compaction Phase
[0.435s][info][gc,phases      ] GC(20) Compaction Phase 14.686ms
[0.435s][info][gc,phases,start] GC(20) Post Compact
[0.435s][info][gc,phases      ] GC(20) Post Compact 0.125ms
[0.435s][info][gc,heap        ] GC(20) PSYoungGen: 5056K(21504K)->2471K(21504K) Eden: 0K(13312K)->0K(13312K) From: 5056K(8192K)->2471K(8192K)
[0.435s][info][gc,heap        ] GC(20) ParOldGen: 26578K(28672K)->28497K(40448K)
[0.435s][info][gc,metaspace   ] GC(20) Metaspace: 6301K(6464K)->6301K(6464K) NonClass: 5768K(5824K)->5768K(5824K) Class: 533K(640K)->533K(640K)
[0.435s][info][gc             ] GC(20) Pause Full (Ergonomics) 30M->30M(60M) 28.931ms
[0.435s][info][gc,cpu         ] GC(20) User=0.02s Sys=0.00s Real=0.03s
[0.447s][info][gc,start       ] GC(21) Pause Young (Allocation Failure)
[0.462s][info][gc,heap        ] GC(21) PSYoungGen: 15783K(21504K)->8192K(21504K) Eden: 13312K(13312K)->0K(13312K) From: 2471K(8192K)->8192K(8192K)
[0.463s][info][gc,heap        ] GC(21) ParOldGen: 28497K(40448K)->34201K(40448K)
[0.463s][info][gc,metaspace   ] GC(21) Metaspace: 6301K(6464K)->6301K(6464K) NonClass: 5768K(5824K)->5768K(5824K) Class: 533K(640K)->533K(640K)
[0.463s][info][gc             ] GC(21) Pause Young (Allocation Failure) 43M->41M(60M) 15.925ms
[0.463s][info][gc,cpu         ] GC(21) User=0.00s Sys=0.00s Real=0.02s
[0.463s][info][gc,start       ] GC(22) Pause Full (Ergonomics)
[0.463s][info][gc,phases,start] GC(22) Marking Phase
[0.480s][info][gc,phases      ] GC(22) Marking Phase 17.126ms
[0.480s][info][gc,phases,start] GC(22) Summary Phase
[0.480s][info][gc,phases      ] GC(22) Summary Phase 0.015ms
[0.480s][info][gc,phases,start] GC(22) Adjust Roots
[0.480s][info][gc,phases      ] GC(22) Adjust Roots 0.186ms
[0.480s][info][gc,phases,start] GC(22) Compaction Phase
[0.491s][info][gc,phases      ] GC(22) Compaction Phase 11.197ms
[0.491s][info][gc,phases,start] GC(22) Post Compact
[0.492s][info][gc,phases      ] GC(22) Post Compact 0.191ms
[0.492s][info][gc,heap        ] GC(22) PSYoungGen: 8192K(21504K)->2044K(21504K) Eden: 0K(13312K)->0K(13312K) From: 8192K(8192K)->2044K(8192K)
[0.492s][info][gc,heap        ] GC(22) ParOldGen: 34201K(40448K)->40237K(54784K)
[0.492s][info][gc,metaspace   ] GC(22) Metaspace: 6301K(6464K)->6301K(6464K) NonClass: 5768K(5824K)->5768K(5824K) Class: 533K(640K)->533K(640K)
[0.492s][info][gc             ] GC(22) Pause Full (Ergonomics) 41M->41M(74M) 29.057ms
[0.492s][info][gc,cpu         ] GC(22) User=0.05s Sys=0.00s Real=0.03s
[0.509s][info][gc,start       ] GC(23) Pause Young (Allocation Failure)
[0.524s][info][gc,heap        ] GC(23) PSYoungGen: 15356K(21504K)->11744K(25088K) Eden: 13312K(13312K)->0K(13312K) From: 2044K(8192K)->11744K(11776K)
[0.524s][info][gc,heap        ] GC(23) ParOldGen: 40237K(54784K)->43909K(54784K)
[0.524s][info][gc,metaspace   ] GC(23) Metaspace: 6301K(6464K)->6301K(6464K) NonClass: 5768K(5824K)->5768K(5824K) Class: 533K(640K)->533K(640K)
[0.524s][info][gc             ] GC(23) Pause Young (Allocation Failure) 54M->54M(78M) 15.543ms
[0.524s][info][gc,cpu         ] GC(23) User=0.00s Sys=0.00s Real=0.02s
[0.537s][info][gc,start       ] GC(24) Pause Young (Allocation Failure)
[0.554s][info][gc,heap        ] GC(24) PSYoungGen: 25056K(25088K)->13312K(28160K) Eden: 13312K(13312K)->0K(13312K) From: 11744K(11776K)->13312K(14848K)
[0.554s][info][gc,heap        ] GC(24) ParOldGen: 43909K(54784K)->55797K(55808K)
[0.554s][info][gc,metaspace   ] GC(24) Metaspace: 6301K(6464K)->6301K(6464K) NonClass: 5768K(5824K)->5768K(5824K) Class: 533K(640K)->533K(640K)
[0.554s][info][gc             ] GC(24) Pause Young (Allocation Failure) 67M->67M(82M) 16.948ms
[0.554s][info][gc,cpu         ] GC(24) User=0.03s Sys=0.00s Real=0.02s
[0.554s][info][gc,start       ] GC(25) Pause Full (Ergonomics)
[0.554s][info][gc,phases,start] GC(25) Marking Phase
[0.582s][info][gc,phases      ] GC(25) Marking Phase 27.878ms
[0.582s][info][gc,phases,start] GC(25) Summary Phase
[0.582s][info][gc,phases      ] GC(25) Summary Phase 0.019ms
[0.582s][info][gc,phases,start] GC(25) Adjust Roots
[0.582s][info][gc,phases      ] GC(25) Adjust Roots 0.184ms
[0.582s][info][gc,phases,start] GC(25) Compaction Phase
[0.603s][info][gc,phases      ] GC(25) Compaction Phase 20.284ms
[0.603s][info][gc,phases,start] GC(25) Post Compact
[0.603s][info][gc,phases      ] GC(25) Post Compact 0.219ms
[0.603s][info][gc,heap        ] GC(25) PSYoungGen: 13312K(28160K)->12254K(28160K) Eden: 0K(13312K)->0K(13312K) From: 13312K(14848K)->12254K(14848K)
[0.603s][info][gc,heap        ] GC(25) ParOldGen: 55797K(55808K)->55563K(74752K)
[0.603s][info][gc,metaspace   ] GC(25) Metaspace: 6301K(6464K)->6301K(6464K) NonClass: 5768K(5824K)->5768K(5824K) Class: 533K(640K)->533K(640K)
[0.603s][info][gc             ] GC(25) Pause Full (Ergonomics) 67M->66M(100M) 48.954ms
[0.603s][info][gc,cpu         ] GC(25) User=0.03s Sys=0.00s Real=0.05s
[0.616s][info][gc,start       ] GC(26) Pause Young (Allocation Failure)
[0.637s][info][gc,heap        ] GC(26) PSYoungGen: 25566K(28160K)->13344K(31744K) Eden: 13312K(13312K)->0K(14848K) From: 12254K(14848K)->13344K(16896K)
[0.637s][info][gc,heap        ] GC(26) ParOldGen: 55563K(74752K)->68019K(74752K)
[0.637s][info][gc,metaspace   ] GC(26) Metaspace: 6301K(6464K)->6301K(6464K) NonClass: 5768K(5824K)->5768K(5824K) Class: 533K(640K)->533K(640K)
[0.637s][info][gc             ] GC(26) Pause Young (Allocation Failure) 79M->79M(104M) 21.454ms
[0.637s][info][gc,cpu         ] GC(26) User=0.02s Sys=0.00s Real=0.02s
[0.637s][info][gc,start       ] GC(27) Pause Full (Ergonomics)
[0.637s][info][gc,phases,start] GC(27) Marking Phase
[0.668s][info][gc,phases      ] GC(27) Marking Phase 30.741ms
[0.668s][info][gc,phases,start] GC(27) Summary Phase
[0.668s][info][gc,phases      ] GC(27) Summary Phase 0.020ms
[0.668s][info][gc,phases,start] GC(27) Adjust Roots
[0.668s][info][gc,phases      ] GC(27) Adjust Roots 0.178ms
[0.669s][info][gc,phases,start] GC(27) Compaction Phase
[0.688s][info][gc,phases      ] GC(27) Compaction Phase 19.064ms
[0.688s][info][gc,phases,start] GC(27) Post Compact
[0.688s][info][gc,phases      ] GC(27) Post Compact 0.358ms
[0.688s][info][gc,heap        ] GC(27) PSYoungGen: 13344K(31744K)->6639K(31744K) Eden: 0K(14848K)->0K(14848K) From: 13344K(16896K)->6639K(16896K)
[0.688s][info][gc,heap        ] GC(27) ParOldGen: 68019K(74752K)->74461K(97792K)
[0.688s][info][gc,metaspace   ] GC(27) Metaspace: 6301K(6464K)->6301K(6464K) NonClass: 5768K(5824K)->5768K(5824K) Class: 533K(640K)->533K(640K)
[0.688s][info][gc             ] GC(27) Pause Full (Ergonomics) 79M->79M(126M) 50.778ms
[0.688s][info][gc,cpu         ] GC(27) User=0.08s Sys=0.00s Real=0.05s
[0.714s][info][gc,start       ] GC(28) Pause Young (Allocation Failure)
[0.727s][info][gc,heap        ] GC(28) PSYoungGen: 21487K(31744K)->18400K(33280K) Eden: 14848K(14848K)->0K(14848K) From: 6639K(16896K)->18400K(18432K)
[0.727s][info][gc,heap        ] GC(28) ParOldGen: 74461K(97792K)->77605K(97792K)
[0.727s][info][gc,metaspace   ] GC(28) Metaspace: 6301K(6464K)->6301K(6464K) NonClass: 5768K(5824K)->5768K(5824K) Class: 533K(640K)->533K(640K)
[0.727s][info][gc             ] GC(28) Pause Young (Allocation Failure) 93M->93M(128M) 13.817ms
[0.727s][info][gc,cpu         ] GC(28) User=0.00s Sys=0.00s Real=0.01s
[0.741s][info][gc,start       ] GC(29) Pause Young (Allocation Failure)
[0.765s][info][gc,heap        ] GC(29) PSYoungGen: 33248K(33280K)->14880K(38912K) Eden: 14848K(14848K)->0K(16384K) From: 18400K(18432K)->14880K(22528K)
[0.765s][info][gc,heap        ] GC(29) ParOldGen: 77605K(97792K)->96221K(97792K)
[0.765s][info][gc,metaspace   ] GC(29) Metaspace: 6301K(6464K)->6301K(6464K) NonClass: 5768K(5824K)->5768K(5824K) Class: 533K(640K)->533K(640K)
[0.765s][info][gc             ] GC(29) Pause Young (Allocation Failure) 108M->108M(133M) 24.742ms
[0.765s][info][gc,cpu         ] GC(29) User=0.03s Sys=0.00s Real=0.02s
[0.765s][info][gc,start       ] GC(30) Pause Full (Ergonomics)
[0.765s][info][gc,phases,start] GC(30) Marking Phase
[0.804s][info][gc,phases      ] GC(30) Marking Phase 38.800ms
[0.804s][info][gc,phases,start] GC(30) Summary Phase
[0.804s][info][gc,phases      ] GC(30) Summary Phase 0.017ms
[0.804s][info][gc,phases,start] GC(30) Adjust Roots
[0.805s][info][gc,phases      ] GC(30) Adjust Roots 0.186ms
[0.805s][info][gc,phases,start] GC(30) Compaction Phase
[0.835s][info][gc,phases      ] GC(30) Compaction Phase 30.254ms
[0.835s][info][gc,phases,start] GC(30) Post Compact
[0.835s][info][gc,phases      ] GC(30) Post Compact 0.491ms
[0.836s][info][gc,heap        ] GC(30) PSYoungGen: 14880K(38912K)->11239K(38912K) Eden: 0K(16384K)->0K(16384K) From: 14880K(22528K)->11239K(22528K)
[0.836s][info][gc,heap        ] GC(30) ParOldGen: 96221K(97792K)->97452K(126976K)
[0.836s][info][gc,metaspace   ] GC(30) Metaspace: 6301K(6464K)->6301K(6464K) NonClass: 5768K(5824K)->5768K(5824K) Class: 533K(640K)->533K(640K)
[0.836s][info][gc             ] GC(30) Pause Full (Ergonomics) 108M->106M(162M) 70.230ms
[0.836s][info][gc,cpu         ] GC(30) User=0.12s Sys=0.00s Real=0.07s
[0.852s][info][gc,start       ] GC(31) Pause Young (Allocation Failure)
[0.876s][info][gc,heap        ] GC(31) PSYoungGen: 27623K(38912K)->23552K(39936K) Eden: 16384K(16384K)->0K(16384K) From: 11239K(22528K)->23552K(23552K)
[0.876s][info][gc,heap        ] GC(31) ParOldGen: 97452K(126976K)->101612K(126976K)
[0.876s][info][gc,metaspace   ] GC(31) Metaspace: 6301K(6464K)->6301K(6464K) NonClass: 5768K(5824K)->5768K(5824K) Class: 533K(640K)->533K(640K)
[0.876s][info][gc             ] GC(31) Pause Young (Allocation Failure) 122M->122M(163M) 24.300ms
[0.876s][info][gc,cpu         ] GC(31) User=0.02s Sys=0.00s Real=0.02s
[0.893s][info][gc,start       ] GC(32) Pause Young (Allocation Failure)
[0.921s][info][gc,heap        ] GC(32) PSYoungGen: 39936K(39936K)->16416K(48640K) Eden: 16384K(16384K)->0K(19456K) From: 23552K(23552K)->16416K(29184K)
[0.921s][info][gc,heap        ] GC(32) ParOldGen: 101612K(126976K)->125500K(126976K)
[0.921s][info][gc,metaspace   ] GC(32) Metaspace: 6301K(6464K)->6301K(6464K) NonClass: 5768K(5824K)->5768K(5824K) Class: 533K(640K)->533K(640K)
[0.921s][info][gc             ] GC(32) Pause Young (Allocation Failure) 138M->138M(171M) 28.065ms
[0.921s][info][gc,cpu         ] GC(32) User=0.08s Sys=0.00s Real=0.03s
[0.921s][info][gc,start       ] GC(33) Pause Full (Ergonomics)
[0.921s][info][gc,phases,start] GC(33) Marking Phase
[0.967s][info][gc,phases      ] GC(33) Marking Phase 45.649ms
[0.967s][info][gc,phases,start] GC(33) Summary Phase
[0.967s][info][gc,phases      ] GC(33) Summary Phase 0.017ms
[0.967s][info][gc,phases,start] GC(33) Adjust Roots
[0.967s][info][gc,phases      ] GC(33) Adjust Roots 0.157ms
[0.967s][info][gc,phases,start] GC(33) Compaction Phase
[0.988s][info][gc,phases      ] GC(33) Compaction Phase 20.529ms
[0.988s][info][gc,phases,start] GC(33) Post Compact
[0.989s][info][gc,phases      ] GC(33) Post Compact 0.869ms
[0.989s][info][gc,heap        ] GC(33) PSYoungGen: 16416K(48640K)->14821K(48640K) Eden: 0K(19456K)->0K(19456K) From: 16416K(29184K)->14821K(29184K)
[0.989s][info][gc,heap        ] GC(33) ParOldGen: 125500K(126976K)->126574K(163328K)
[0.989s][info][gc,metaspace   ] GC(33) Metaspace: 6301K(6464K)->6301K(6464K) NonClass: 5768K(5824K)->5768K(5824K) Class: 533K(640K)->533K(640K)
[0.989s][info][gc             ] GC(33) Pause Full (Ergonomics) 138M->138M(207M) 67.792ms
[0.989s][info][gc,cpu         ] GC(33) User=0.22s Sys=0.00s Real=0.07s
[1.009s][info][gc,start       ] GC(34) Pause Young (Allocation Failure)
[1.039s][info][gc,heap        ] GC(34) PSYoungGen: 34277K(48640K)->29184K(48640K) Eden: 19456K(19456K)->0K(19456K) From: 14821K(29184K)->29184K(29184K)
[1.040s][info][gc,heap        ] GC(34) ParOldGen: 126574K(163328K)->131782K(163328K)
[1.040s][info][gc,metaspace   ] GC(34) Metaspace: 6301K(6464K)->6301K(6464K) NonClass: 5768K(5824K)->5768K(5824K) Class: 533K(640K)->533K(640K)
[1.040s][info][gc             ] GC(34) Pause Young (Allocation Failure) 157M->157M(207M) 30.284ms
[1.040s][info][gc,cpu         ] GC(34) User=0.08s Sys=0.00s Real=0.03s
[1.057s][info][gc,start       ] GC(35) Pause Young (Allocation Failure)
[1.088s][info][gc,heap        ] GC(35) PSYoungGen: 45502K(48640K)->16064K(55296K) Eden: 16318K(19456K)->0K(22528K) From: 29184K(29184K)->16064K(32768K)
[1.088s][info][gc,heap        ] GC(35) ParOldGen: 131782K(163328K)->161374K(163328K)
[1.088s][info][gc,metaspace   ] GC(35) Metaspace: 6301K(6464K)->6301K(6464K) NonClass: 5768K(5824K)->5768K(5824K) Class: 533K(640K)->533K(640K)
[1.088s][info][gc             ] GC(35) Pause Young (Allocation Failure) 173M->173M(213M) 30.963ms
[1.088s][info][gc,cpu         ] GC(35) User=0.03s Sys=0.00s Real=0.03s
[1.088s][info][gc,start       ] GC(36) Pause Full (Ergonomics)
[1.088s][info][gc,phases,start] GC(36) Marking Phase
[1.142s][info][gc,phases      ] GC(36) Marking Phase 54.245ms
[1.142s][info][gc,phases,start] GC(36) Summary Phase
[1.142s][info][gc,phases      ] GC(36) Summary Phase 0.019ms
[1.142s][info][gc,phases,start] GC(36) Adjust Roots
[1.143s][info][gc,phases      ] GC(36) Adjust Roots 0.167ms
[1.143s][info][gc,phases,start] GC(36) Compaction Phase
[1.170s][info][gc,phases      ] GC(36) Compaction Phase 27.273ms
[1.170s][info][gc,phases,start] GC(36) Post Compact
[1.171s][info][gc,phases      ] GC(36) Post Compact 1.302ms
[1.172s][info][gc,heap        ] GC(36) PSYoungGen: 16064K(55296K)->13926K(57344K) Eden: 0K(22528K)->0K(24576K) From: 16064K(32768K)->13926K(32768K)
[1.172s][info][gc,heap        ] GC(36) ParOldGen: 161374K(163328K)->162865K(207360K)
[1.172s][info][gc,metaspace   ] GC(36) Metaspace: 6301K(6464K)->6301K(6464K) NonClass: 5768K(5824K)->5768K(5824K) Class: 533K(640K)->533K(640K)
[1.172s][info][gc             ] GC(36) Pause Full (Ergonomics) 173M->172M(258M) 83.718ms
[1.172s][info][gc,cpu         ] GC(36) User=0.30s Sys=0.00s Real=0.08s
[1.220s][info][gc,start       ] GC(37) Pause Young (Allocation Failure)
[1.249s][info][gc,heap        ] GC(37) PSYoungGen: 38502K(57344K)->24704K(59392K) Eden: 24576K(24576K)->0K(24576K) From: 13926K(32768K)->24704K(34816K)
[1.249s][info][gc,heap        ] GC(37) ParOldGen: 162865K(207360K)->177033K(207360K)
[1.249s][info][gc,metaspace   ] GC(37) Metaspace: 6301K(6464K)->6301K(6464K) NonClass: 5768K(5824K)->5768K(5824K) Class: 533K(640K)->533K(640K)
[1.249s][info][gc             ] GC(37) Pause Young (Allocation Failure) 196M->197M(260M) 28.804ms
[1.249s][info][gc,cpu         ] GC(37) User=0.03s Sys=0.00s Real=0.03s
[1.274s][info][gc,start       ] GC(38) Pause Young (Allocation Failure)
[1.303s][info][gc,heap        ] GC(38) PSYoungGen: 49280K(59392K)->36320K(53760K) Eden: 24576K(24576K)->0K(17408K) From: 24704K(34816K)->36320K(36352K)
[1.303s][info][gc,heap        ] GC(38) ParOldGen: 177033K(207360K)->190081K(207360K)
[1.303s][info][gc,metaspace   ] GC(38) Metaspace: 6301K(6464K)->6301K(6464K) NonClass: 5768K(5824K)->5768K(5824K) Class: 533K(640K)->533K(640K)
[1.303s][info][gc             ] GC(38) Pause Young (Allocation Failure) 221M->221M(255M) 29.467ms
[1.303s][info][gc,cpu         ] GC(38) User=0.05s Sys=0.00s Real=0.03s
[1.303s][info][gc,start       ] GC(39) Pause Full (Ergonomics)
[1.303s][info][gc,phases,start] GC(39) Marking Phase
[1.360s][info][gc,phases      ] GC(39) Marking Phase 57.150ms
[1.360s][info][gc,phases,start] GC(39) Summary Phase
[1.360s][info][gc,phases      ] GC(39) Summary Phase 0.026ms
[1.360s][info][gc,phases,start] GC(39) Adjust Roots
[1.361s][info][gc,phases      ] GC(39) Adjust Roots 0.242ms
[1.361s][info][gc,phases,start] GC(39) Compaction Phase
[1.411s][info][gc,phases      ] GC(39) Compaction Phase 50.752ms
[1.411s][info][gc,phases,start] GC(39) Post Compact
[1.413s][info][gc,phases      ] GC(39) Post Compact 1.335ms
[1.413s][info][gc,heap        ] GC(39) PSYoungGen: 36320K(53760K)->14785K(53760K) Eden: 0K(17408K)->0K(17408K) From: 36320K(36352K)->14785K(36352K)
[1.413s][info][gc,heap        ] GC(39) ParOldGen: 190081K(207360K)->207006K(252928K)
[1.413s][info][gc,metaspace   ] GC(39) Metaspace: 6301K(6464K)->6301K(6464K) NonClass: 5768K(5824K)->5768K(5824K) Class: 533K(640K)->533K(640K)
[1.413s][info][gc             ] GC(39) Pause Full (Ergonomics) 221M->216M(299M) 110.132ms
[1.413s][info][gc,cpu         ] GC(39) User=0.33s Sys=0.02s Real=0.11s
[1.434s][info][gc,start       ] GC(40) Pause Young (Allocation Failure)
[1.461s][info][gc,heap        ] GC(40) PSYoungGen: 32193K(53760K)->17568K(64512K) Eden: 17408K(17408K)->0K(17408K) From: 14785K(36352K)->17568K(47104K)
[1.461s][info][gc,heap        ] GC(40) ParOldGen: 207006K(252928K)->222030K(252928K)
[1.461s][info][gc,metaspace   ] GC(40) Metaspace: 6301K(6464K)->6301K(6464K) NonClass: 5768K(5824K)->5768K(5824K) Class: 533K(640K)->533K(640K)
[1.461s][info][gc             ] GC(40) Pause Young (Allocation Failure) 233M->233M(310M) 27.277ms
[1.461s][info][gc,cpu         ] GC(40) User=0.06s Sys=0.00s Real=0.03s
[1.481s][info][gc,start       ] GC(41) Pause Young (Allocation Failure)
[1.500s][info][gc,heap        ] GC(41) PSYoungGen: 34976K(64512K)->34976K(60928K) Eden: 17408K(17408K)->0K(16384K) From: 17568K(47104K)->34976K(44544K)
[1.500s][info][gc,heap        ] GC(41) ParOldGen: 222030K(252928K)->222030K(252928K)
[1.500s][info][gc,metaspace   ] GC(41) Metaspace: 6301K(6464K)->6301K(6464K) NonClass: 5768K(5824K)->5768K(5824K) Class: 533K(640K)->533K(640K)
[1.500s][info][gc             ] GC(41) Pause Young (Allocation Failure) 250M->250M(306M) 18.589ms
[1.500s][info][gc,cpu         ] GC(41) User=0.09s Sys=0.00s Real=0.02s
[1.518s][info][gc,start       ] GC(42) Pause Young (Allocation Failure)
[1.543s][info][gc,heap        ] GC(42) PSYoungGen: 51360K(60928K)->48128K(64512K) Eden: 16384K(16384K)->0K(16384K) From: 34976K(44544K)->48128K(48128K)
[1.543s][info][gc,heap        ] GC(42) ParOldGen: 222030K(252928K)->225182K(252928K)
[1.543s][info][gc,metaspace   ] GC(42) Metaspace: 6301K(6464K)->6301K(6464K) NonClass: 5768K(5824K)->5768K(5824K) Class: 533K(640K)->533K(640K)
[1.543s][info][gc             ] GC(42) Pause Young (Allocation Failure) 266M->266M(310M) 24.397ms
[1.543s][info][gc,cpu         ] GC(42) User=0.06s Sys=0.00s Real=0.02s
[1.561s][info][gc,start       ] GC(43) Pause Young (Allocation Failure)
[1.592s][info][gc,heap        ] GC(43) PSYoungGen: 64512K(64512K)->32096K(75776K) Eden: 16384K(16384K)->0K(18944K) From: 48128K(48128K)->32096K(56832K)
[1.592s][info][gc,heap        ] GC(43) ParOldGen: 225182K(252928K)->258158K(258560K)
[1.592s][info][gc,metaspace   ] GC(43) Metaspace: 6301K(6464K)->6301K(6464K) NonClass: 5768K(5824K)->5768K(5824K) Class: 533K(640K)->533K(640K)
[1.592s][info][gc             ] GC(43) Pause Young (Allocation Failure) 282M->283M(326M) 31.035ms
[1.592s][info][gc,cpu         ] GC(43) User=0.14s Sys=0.02s Real=0.03s
[1.592s][info][gc,start       ] GC(44) Pause Full (Ergonomics)
[1.592s][info][gc,phases,start] GC(44) Marking Phase
[1.663s][info][gc,phases      ] GC(44) Marking Phase 71.072ms
[1.663s][info][gc,phases,start] GC(44) Summary Phase
[1.664s][info][gc,phases      ] GC(44) Summary Phase 0.024ms
[1.664s][info][gc,phases,start] GC(44) Adjust Roots
[1.664s][info][gc,phases      ] GC(44) Adjust Roots 0.230ms
[1.664s][info][gc,phases,start] GC(44) Compaction Phase
[1.709s][info][gc,phases      ] GC(44) Compaction Phase 45.116ms
[1.709s][info][gc,phases,start] GC(44) Post Compact
[1.711s][info][gc,phases      ] GC(44) Post Compact 1.576ms
[1.711s][info][gc,heap        ] GC(44) PSYoungGen: 32096K(75776K)->30893K(75776K) Eden: 0K(18944K)->0K(18944K) From: 32096K(56832K)->30893K(56832K)
[1.711s][info][gc,heap        ] GC(44) ParOldGen: 258158K(258560K)->258361K(312320K)
[1.711s][info][gc,metaspace   ] GC(44) Metaspace: 6301K(6464K)->6301K(6464K) NonClass: 5768K(5824K)->5768K(5824K) Class: 533K(640K)->533K(640K)
[1.711s][info][gc             ] GC(44) Pause Full (Ergonomics) 283M->282M(379M) 118.667ms
[1.711s][info][gc,cpu         ] GC(44) User=0.58s Sys=0.00s Real=0.12s
[1.734s][info][gc,start       ] GC(45) Pause Young (Allocation Failure)
[1.769s][info][gc,heap        ] GC(45) PSYoungGen: 49837K(75776K)->34880K(75776K) Eden: 18944K(18944K)->0K(18944K) From: 30893K(56832K)->34880K(56832K)
[1.769s][info][gc,heap        ] GC(45) ParOldGen: 258361K(312320K)->273729K(312320K)
[1.769s][info][gc,metaspace   ] GC(45) Metaspace: 6301K(6464K)->6301K(6464K) NonClass: 5768K(5824K)->5768K(5824K) Class: 533K(640K)->533K(640K)
[1.769s][info][gc             ] GC(45) Pause Young (Allocation Failure) 300M->301M(379M) 35.250ms
[1.769s][info][gc,cpu         ] GC(45) User=0.19s Sys=0.02s Real=0.03s
[1.792s][info][gc,start       ] GC(46) Pause Young (Allocation Failure)
[1.821s][info][gc,heap        ] GC(46) PSYoungGen: 53824K(75776K)->38016K(77824K) Eden: 18944K(18944K)->0K(20480K) From: 34880K(56832K)->38016K(57344K)
[1.821s][info][gc,heap        ] GC(46) ParOldGen: 273729K(312320K)->289769K(312320K)
[1.821s][info][gc,metaspace   ] GC(46) Metaspace: 6301K(6464K)->6301K(6464K) NonClass: 5768K(5824K)->5768K(5824K) Class: 533K(640K)->533K(640K)
[1.821s][info][gc             ] GC(46) Pause Young (Allocation Failure) 319M->320M(381M) 28.868ms
[1.821s][info][gc,cpu         ] GC(46) User=0.14s Sys=0.00s Real=0.03s
[1.821s][info][gc,start       ] GC(47) Pause Full (Ergonomics)
[1.821s][info][gc,phases,start] GC(47) Marking Phase
[1.894s][info][gc,phases      ] GC(47) Marking Phase 72.898ms
[1.894s][info][gc,phases,start] GC(47) Summary Phase
[1.894s][info][gc,phases      ] GC(47) Summary Phase 0.029ms
[1.894s][info][gc,phases,start] GC(47) Adjust Roots
[1.895s][info][gc,phases      ] GC(47) Adjust Roots 0.271ms
[1.895s][info][gc,phases,start] GC(47) Compaction Phase
[1.933s][info][gc,phases      ] GC(47) Compaction Phase 38.770ms
[1.933s][info][gc,phases,start] GC(47) Post Compact
[1.935s][info][gc,phases      ] GC(47) Post Compact 1.821ms
[1.936s][info][gc,heap        ] GC(47) PSYoungGen: 38016K(77824K)->14832K(77824K) Eden: 0K(20480K)->0K(20480K) From: 38016K(57344K)->14832K(57344K)
[1.936s][info][gc,heap        ] GC(47) ParOldGen: 289769K(312320K)->312245K(367616K)
[1.936s][info][gc,metaspace   ] GC(47) Metaspace: 6301K(6464K)->6301K(6464K) NonClass: 5768K(5824K)->5768K(5824K) Class: 533K(640K)->533K(640K)
[1.936s][info][gc             ] GC(47) Pause Full (Ergonomics) 320M->319M(435M) 114.414ms
[1.936s][info][gc,cpu         ] GC(47) User=0.69s Sys=0.00s Real=0.12s
[1.960s][info][gc,start       ] GC(48) Pause Young (Allocation Failure)
[1.992s][info][gc,heap        ] GC(48) PSYoungGen: 35312K(77824K)->29024K(79360K) Eden: 20480K(20480K)->0K(20480K) From: 14832K(57344K)->29024K(58880K)
[1.992s][info][gc,heap        ] GC(48) ParOldGen: 312245K(367616K)->318805K(367616K)
[1.992s][info][gc,metaspace   ] GC(48) Metaspace: 6301K(6464K)->6301K(6464K) NonClass: 5768K(5824K)->5768K(5824K) Class: 533K(640K)->533K(640K)
[1.992s][info][gc             ] GC(48) Pause Young (Allocation Failure) 339M->339M(436M) 31.842ms
[1.992s][info][gc,cpu         ] GC(48) User=0.11s Sys=0.00s Real=0.03s
[2.091s][info][gc,start       ] GC(49) Pause Young (Allocation Failure)
[2.123s][info][gc,heap        ] GC(49) PSYoungGen: 49504K(79360K)->49536K(74752K) Eden: 20480K(20480K)->0K(17920K) From: 29024K(58880K)->49536K(56832K)
[2.123s][info][gc,heap        ] GC(49) ParOldGen: 335189K(367616K)->335189K(367616K)
[2.123s][info][gc,metaspace   ] GC(49) Metaspace: 6301K(6464K)->6301K(6464K) NonClass: 5768K(5824K)->5768K(5824K) Class: 533K(640K)->533K(640K)
[2.123s][info][gc             ] GC(49) Pause Young (Allocation Failure) 375M->375M(432M) 32.350ms
[2.123s][info][gc,cpu         ] GC(49) User=0.05s Sys=0.02s Real=0.03s
[2.142s][info][gc,start       ] GC(50) Pause Young (Allocation Failure)
[2.174s][info][gc,heap        ] GC(50) PSYoungGen: 67456K(74752K)->61952K(79872K) Eden: 17920K(17920K)->0K(17920K) From: 49536K(56832K)->61952K(61952K)
[2.174s][info][gc,heap        ] GC(50) ParOldGen: 335189K(367616K)->340653K(367616K)
[2.174s][info][gc,metaspace   ] GC(50) Metaspace: 6301K(6464K)->6301K(6464K) NonClass: 5768K(5824K)->5768K(5824K) Class: 533K(640K)->533K(640K)
[2.174s][info][gc             ] GC(50) Pause Young (Allocation Failure) 393M->393M(437M) 32.201ms
[2.174s][info][gc,cpu         ] GC(50) User=0.12s Sys=0.02s Real=0.03s
[2.174s][info][gc,start       ] GC(51) Pause Full (Ergonomics)
[2.174s][info][gc,phases,start] GC(51) Marking Phase
[2.261s][info][gc,phases      ] GC(51) Marking Phase 87.006ms
[2.261s][info][gc,phases,start] GC(51) Summary Phase
[2.261s][info][gc,phases      ] GC(51) Summary Phase 0.055ms
[2.261s][info][gc,phases,start] GC(51) Adjust Roots
[2.261s][info][gc,phases      ] GC(51) Adjust Roots 0.238ms
[2.261s][info][gc,phases,start] GC(51) Compaction Phase
[2.333s][info][gc,phases      ] GC(51) Compaction Phase 71.574ms
[2.333s][info][gc,phases,start] GC(51) Post Compact
[2.335s][info][gc,phases      ] GC(51) Post Compact 2.143ms
[2.335s][info][gc,heap        ] GC(51) PSYoungGen: 61952K(79872K)->26560K(79872K) Eden: 0K(17920K)->0K(17920K) From: 61952K(61952K)->26560K(61952K)
[2.335s][info][gc,heap        ] GC(51) ParOldGen: 340653K(367616K)->367501K(422912K)
[2.335s][info][gc,metaspace   ] GC(51) Metaspace: 6301K(6464K)->6301K(6464K) NonClass: 5768K(5824K)->5768K(5824K) Class: 533K(640K)->533K(640K)
[2.335s][info][gc             ] GC(51) Pause Full (Ergonomics) 393M->384M(491M) 161.613ms
[2.336s][info][gc,cpu         ] GC(51) User=1.06s Sys=0.00s Real=0.16s
[2.357s][info][gc,start       ] GC(52) Pause Young (Allocation Failure)
[2.399s][info][gc,heap        ] GC(52) PSYoungGen: 44480K(79872K)->33664K(86528K) Eden: 17920K(17920K)->0K(20480K) From: 26560K(61952K)->33664K(66048K)
[2.399s][info][gc,heap        ] GC(52) ParOldGen: 367501K(422912K)->378653K(422912K)
[2.399s][info][gc,metaspace   ] GC(52) Metaspace: 6301K(6464K)->6301K(6464K) NonClass: 5768K(5824K)->5768K(5824K) Class: 533K(640K)->533K(640K)
[2.399s][info][gc             ] GC(52) Pause Young (Allocation Failure) 402M->402M(497M) 42.031ms
[2.399s][info][gc,cpu         ] GC(52) User=0.25s Sys=0.00s Real=0.04s
[2.426s][info][gc,start       ] GC(53) Pause Young (Allocation Failure)
[2.454s][info][gc,heap        ] GC(53) PSYoungGen: 54144K(86528K)->54176K(90112K) Eden: 20480K(20480K)->0K(20480K) From: 33664K(66048K)->54176K(69632K)
[2.454s][info][gc,heap        ] GC(53) ParOldGen: 378653K(422912K)->378653K(422912K)
[2.454s][info][gc,metaspace   ] GC(53) Metaspace: 6301K(6464K)->6301K(6464K) NonClass: 5768K(5824K)->5768K(5824K) Class: 533K(640K)->533K(640K)
[2.454s][info][gc             ] GC(53) Pause Young (Allocation Failure) 422M->422M(501M) 28.613ms
[2.454s][info][gc,cpu         ] GC(53) User=0.12s Sys=0.00s Real=0.03s
[2.477s][info][gc,start       ] GC(54) Pause Young (Allocation Failure)
[2.514s][info][gc,heap        ] GC(54) PSYoungGen: 74656K(90112K)->73728K(86016K) Eden: 20480K(20480K)->0K(12288K) From: 54176K(69632K)->73728K(73728K)
[2.514s][info][gc,heap        ] GC(54) ParOldGen: 378653K(422912K)->379517K(422912K)
[2.514s][info][gc,metaspace   ] GC(54) Metaspace: 6301K(6464K)->6301K(6464K) NonClass: 5768K(5824K)->5768K(5824K) Class: 533K(640K)->533K(640K)
[2.514s][info][gc             ] GC(54) Pause Young (Allocation Failure) 442M->442M(497M) 37.029ms
[2.514s][info][gc,cpu         ] GC(54) User=0.23s Sys=0.02s Real=0.04s
[2.528s][info][gc,start       ] GC(55) Pause Young (Allocation Failure)
[2.571s][info][gc,heap        ] GC(55) PSYoungGen: 86016K(86016K)->70624K(96768K) Eden: 12288K(12288K)->0K(12288K) From: 73728K(73728K)->70624K(84480K)
[2.571s][info][gc,heap        ] GC(55) ParOldGen: 379517K(422912K)->395221K(422912K)
[2.571s][info][gc,metaspace   ] GC(55) Metaspace: 6301K(6464K)->6301K(6464K) NonClass: 5768K(5824K)->5768K(5824K) Class: 533K(640K)->533K(640K)
[2.571s][info][gc             ] GC(55) Pause Young (Allocation Failure) 454M->454M(507M) 43.105ms
[2.571s][info][gc,cpu         ] GC(55) User=0.25s Sys=0.00s Real=0.04s
[2.585s][info][gc,start       ] GC(56) Pause Young (Allocation Failure)
[2.629s][info][gc,heap        ] GC(56) PSYoungGen: 82912K(96768K)->44896K(97792K) Eden: 12288K(12288K)->0K(14336K) From: 70624K(84480K)->44896K(83456K)
[2.629s][info][gc,heap        ] GC(56) ParOldGen: 395221K(422912K)->433693K(434176K)
[2.629s][info][gc,metaspace   ] GC(56) Metaspace: 6301K(6464K)->6301K(6464K) NonClass: 5768K(5824K)->5768K(5824K) Class: 533K(640K)->533K(640K)
[2.629s][info][gc             ] GC(56) Pause Young (Allocation Failure) 466M->467M(519M) 44.438ms
[2.629s][info][gc,cpu         ] GC(56) User=0.20s Sys=0.03s Real=0.04s
[2.629s][info][gc,start       ] GC(57) Pause Full (Ergonomics)
[2.629s][info][gc,phases,start] GC(57) Marking Phase
[2.760s][info][gc,phases      ] GC(57) Marking Phase 130.601ms
[2.760s][info][gc,phases,start] GC(57) Summary Phase
[2.760s][info][gc,phases      ] GC(57) Summary Phase 0.029ms
[2.760s][info][gc,phases,start] GC(57) Adjust Roots
[2.760s][info][gc,phases      ] GC(57) Adjust Roots 0.357ms
[2.761s][info][gc,phases,start] GC(57) Compaction Phase
[2.835s][info][gc,phases      ] GC(57) Compaction Phase 74.083ms
[2.835s][info][gc,phases,start] GC(57) Post Compact
[2.839s][info][gc,phases      ] GC(57) Post Compact 4.080ms
[2.839s][info][gc,heap        ] GC(57) PSYoungGen: 44896K(97792K)->43667K(100352K) Eden: 0K(14336K)->0K(16896K) From: 44896K(83456K)->43667K(83456K)
[2.839s][info][gc,heap        ] GC(57) ParOldGen: 433693K(434176K)->433701K(498688K)
[2.839s][info][gc,metaspace   ] GC(57) Metaspace: 6301K(6464K)->6301K(6464K) NonClass: 5768K(5824K)->5768K(5824K) Class: 533K(640K)->533K(640K)
[2.839s][info][gc             ] GC(57) Pause Full (Ergonomics) 467M->466M(585M) 210.085ms
[2.839s][info][gc,cpu         ] GC(57) User=1.12s Sys=0.00s Real=0.21s
[2.860s][info][gc,start       ] GC(58) Pause Young (Allocation Failure)
[2.914s][info][gc,heap        ] GC(58) PSYoungGen: 60563K(100352K)->28576K(104448K) Eden: 16896K(16896K)->0K(16896K) From: 43667K(83456K)->28576K(87552K)
[2.914s][info][gc,heap        ] GC(58) ParOldGen: 433701K(498688K)->466325K(498688K)
[2.914s][info][gc,metaspace   ] GC(58) Metaspace: 6301K(6464K)->6301K(6464K) NonClass: 5768K(5824K)->5768K(5824K) Class: 533K(640K)->533K(640K)
[2.914s][info][gc             ] GC(58) Pause Young (Allocation Failure) 482M->483M(589M) 53.625ms
[2.914s][info][gc,cpu         ] GC(58) User=0.30s Sys=0.05s Real=0.05s
[2.914s][info][gc,start       ] GC(59) Pause Full (Ergonomics)
[2.914s][info][gc,phases,start] GC(59) Marking Phase
[3.037s][info][gc,phases      ] GC(59) Marking Phase 123.446ms
[3.037s][info][gc,phases,start] GC(59) Summary Phase
[3.037s][info][gc,phases      ] GC(59) Summary Phase 0.034ms
[3.037s][info][gc,phases,start] GC(59) Adjust Roots
[3.038s][info][gc,phases      ] GC(59) Adjust Roots 0.237ms
[3.038s][info][gc,phases,start] GC(59) Compaction Phase
[3.091s][info][gc,phases      ] GC(59) Compaction Phase 53.312ms
[3.091s][info][gc,phases,start] GC(59) Post Compact
[3.094s][info][gc,phases      ] GC(59) Post Compact 3.005ms
[3.095s][info][gc,heap        ] GC(59) PSYoungGen: 28576K(104448K)->0K(103936K) Eden: 0K(16896K)->0K(18944K) From: 28576K(87552K)->0K(84992K)
[3.095s][info][gc,heap        ] GC(59) ParOldGen: 466325K(498688K)->494234K(568320K)
[3.095s][info][gc,metaspace   ] GC(59) Metaspace: 6301K(6464K)->6301K(6464K) NonClass: 5768K(5824K)->5768K(5824K) Class: 533K(640K)->533K(640K)
[3.095s][info][gc             ] GC(59) Pause Full (Ergonomics) 483M->482M(656M) 180.819ms
[3.095s][info][gc,cpu         ] GC(59) User=0.97s Sys=0.03s Real=0.18s
[3.116s][info][gc,start       ] GC(60) Pause Young (Allocation Failure)
[3.128s][info][gc,heap        ] GC(60) PSYoungGen: 18944K(103936K)->19072K(104448K) Eden: 18944K(18944K)->0K(18944K) From: 0K(84992K)->19072K(85504K)
[3.128s][info][gc,heap        ] GC(60) ParOldGen: 494234K(568320K)->494234K(568320K)
[3.128s][info][gc,metaspace   ] GC(60) Metaspace: 6301K(6464K)->6301K(6464K) NonClass: 5768K(5824K)->5768K(5824K) Class: 533K(640K)->533K(640K)
[3.128s][info][gc             ] GC(60) Pause Young (Allocation Failure) 501M->501M(657M) 12.591ms
[3.128s][info][gc,cpu         ] GC(60) User=0.00s Sys=0.00s Real=0.01s
[3.149s][info][gc,start       ] GC(61) Pause Young (Allocation Failure)
[3.171s][info][gc,heap        ] GC(61) PSYoungGen: 38016K(104448K)->38080K(97792K) Eden: 18944K(18944K)->0K(21504K) From: 19072K(85504K)->38080K(76288K)
[3.171s][info][gc,heap        ] GC(61) ParOldGen: 494234K(568320K)->494234K(568320K)
[3.171s][info][gc,metaspace   ] GC(61) Metaspace: 6301K(6464K)->6301K(6464K) NonClass: 5768K(5824K)->5768K(5824K) Class: 533K(640K)->533K(640K)
[3.171s][info][gc             ] GC(61) Pause Young (Allocation Failure) 519M->519M(650M) 21.610ms
[3.171s][info][gc,cpu         ] GC(61) User=0.12s Sys=0.00s Real=0.02s
[3.197s][info][gc,start       ] GC(62) Pause Young (Allocation Failure)
[3.228s][info][gc,heap        ] GC(62) PSYoungGen: 59584K(97792K)->59584K(101888K) Eden: 21504K(21504K)->0K(21504K) From: 38080K(76288K)->59584K(80384K)
[3.228s][info][gc,heap        ] GC(62) ParOldGen: 494234K(568320K)->494234K(568320K)
[3.228s][info][gc,metaspace   ] GC(62) Metaspace: 6301K(6464K)->6301K(6464K) NonClass: 5768K(5824K)->5768K(5824K) Class: 533K(640K)->533K(640K)
[3.228s][info][gc             ] GC(62) Pause Young (Allocation Failure) 540M->540M(654M) 30.937ms
[3.228s][info][gc,cpu         ] GC(62) User=0.12s Sys=0.00s Real=0.03s
[3.253s][info][gc,start       ] GC(63) Pause Young (Allocation Failure)
[3.293s][info][gc,heap        ] GC(63) PSYoungGen: 81088K(101888K)->81120K(97280K) Eden: 21504K(21504K)->0K(13312K) From: 59584K(80384K)->81120K(83968K)
[3.293s][info][gc,heap        ] GC(63) ParOldGen: 494234K(568320K)->494234K(568320K)
[3.293s][info][gc,metaspace   ] GC(63) Metaspace: 6301K(6464K)->6301K(6464K) NonClass: 5768K(5824K)->5768K(5824K) Class: 533K(640K)->533K(640K)
[3.293s][info][gc             ] GC(63) Pause Young (Allocation Failure) 561M->561M(650M) 40.231ms
[3.293s][info][gc,cpu         ] GC(63) User=0.20s Sys=0.03s Real=0.04s
[3.309s][info][gc,start       ] GC(64) Pause Young (Allocation Failure)
[3.359s][info][gc,heap        ] GC(64) PSYoungGen: 94432K(97280K)->75392K(108032K) Eden: 13312K(13312K)->0K(13312K) From: 81120K(83968K)->75392K(94720K)
[3.360s][info][gc,heap        ] GC(64) ParOldGen: 494234K(568320K)->513434K(568320K)
[3.360s][info][gc,metaspace   ] GC(64) Metaspace: 6301K(6464K)->6301K(6464K) NonClass: 5768K(5824K)->5768K(5824K) Class: 533K(640K)->533K(640K)
[3.360s][info][gc             ] GC(64) Pause Young (Allocation Failure) 574M->575M(660M) 50.903ms
[3.360s][info][gc,cpu         ] GC(64) User=0.27s Sys=0.03s Real=0.05s
[3.375s][info][gc,start       ] GC(65) Pause Young (Allocation Failure)
[3.422s][info][gc,heap        ] GC(65) PSYoungGen: 88704K(108032K)->69824K(113152K) Eden: 13312K(13312K)->0K(12288K) From: 75392K(94720K)->69824K(100864K)
[3.423s][info][gc,heap        ] GC(65) ParOldGen: 513434K(568320K)->532626K(568320K)
[3.423s][info][gc,metaspace   ] GC(65) Metaspace: 6301K(6464K)->6301K(6464K) NonClass: 5768K(5824K)->5768K(5824K) Class: 533K(640K)->533K(640K)
[3.423s][info][gc             ] GC(65) Pause Young (Allocation Failure) 588M->588M(665M) 47.989ms
[3.423s][info][gc,cpu         ] GC(65) User=0.27s Sys=0.00s Real=0.05s
[3.423s][info][gc,start       ] GC(66) Pause Full (Ergonomics)
[3.423s][info][gc,phases,start] GC(66) Marking Phase
[3.563s][info][gc,phases      ] GC(66) Marking Phase 140.353ms
[3.563s][info][gc,phases,start] GC(66) Summary Phase
[3.563s][info][gc,phases      ] GC(66) Summary Phase 0.025ms
[3.563s][info][gc,phases,start] GC(66) Adjust Roots
[3.563s][info][gc,phases      ] GC(66) Adjust Roots 0.210ms
[3.563s][info][gc,phases,start] GC(66) Compaction Phase
[3.621s][info][gc,phases      ] GC(66) Compaction Phase 57.489ms
[3.621s][info][gc,phases,start] GC(66) Post Compact
[3.622s][info][gc,phases      ] GC(66) Post Compact 1.167ms
[3.623s][info][gc,heap        ] GC(66) PSYoungGen: 69824K(113152K)->33743K(113152K) Eden: 0K(12288K)->0K(12288K) From: 69824K(100864K)->33743K(100864K)
[3.623s][info][gc,heap        ] GC(66) ParOldGen: 532626K(568320K)->567830K(642048K)
[3.623s][info][gc,metaspace   ] GC(66) Metaspace: 6301K(6464K)->6301K(6464K) NonClass: 5768K(5824K)->5768K(5824K) Class: 533K(640K)->533K(640K)
[3.623s][info][gc             ] GC(66) Pause Full (Ergonomics) 588M->587M(737M) 199.984ms
[3.623s][info][gc,cpu         ] GC(66) User=1.41s Sys=0.05s Real=0.20s
[3.638s][info][gc,start       ] GC(67) Pause Young (Allocation Failure)
[3.686s][info][gc,heap        ] GC(67) PSYoungGen: 46031K(113152K)->26720K(116224K) Eden: 12288K(12288K)->0K(12288K) From: 33743K(100864K)->26720K(103936K)
[3.686s][info][gc,heap        ] GC(67) ParOldGen: 567830K(642048K)->587590K(642048K)
[3.686s][info][gc,metaspace   ] GC(67) Metaspace: 6301K(6464K)->6301K(6464K) NonClass: 5768K(5824K)->5768K(5824K) Class: 533K(640K)->533K(640K)
[3.686s][info][gc             ] GC(67) Pause Young (Allocation Failure) 599M->599M(740M) 48.048ms
[3.686s][info][gc,cpu         ] GC(67) User=0.25s Sys=0.00s Real=0.05s
[3.702s][info][gc,start       ] GC(68) Pause Young (Allocation Failure)
[3.723s][info][gc,heap        ] GC(68) PSYoungGen: 39008K(116224K)->31712K(111616K) Eden: 12288K(12288K)->0K(14336K) From: 26720K(103936K)->31712K(97280K)
[3.723s][info][gc,heap        ] GC(68) ParOldGen: 587590K(642048K)->594958K(642048K)
[3.723s][info][gc,metaspace   ] GC(68) Metaspace: 6301K(6464K)->6301K(6464K) NonClass: 5768K(5824K)->5768K(5824K) Class: 533K(640K)->533K(640K)
[3.723s][info][gc             ] GC(68) Pause Young (Allocation Failure) 611M->611M(736M) 21.816ms
[3.723s][info][gc,cpu         ] GC(68) User=0.12s Sys=0.00s Real=0.02s
[3.741s][info][gc,start       ] GC(69) Pause Young (Allocation Failure)
[3.766s][info][gc,heap        ] GC(69) PSYoungGen: 46048K(111616K)->26752K(114176K) Eden: 14336K(14336K)->0K(14336K) From: 31712K(97280K)->26752K(99840K)
[3.766s][info][gc,heap        ] GC(69) ParOldGen: 594958K(642048K)->614494K(642048K)
[3.766s][info][gc,metaspace   ] GC(69) Metaspace: 6301K(6464K)->6301K(6464K) NonClass: 5768K(5824K)->5768K(5824K) Class: 533K(640K)->533K(640K)
[3.766s][info][gc             ] GC(69) Pause Young (Allocation Failure) 625M->626M(738M) 25.563ms
[3.766s][info][gc,cpu         ] GC(69) User=0.12s Sys=0.00s Real=0.03s
[3.766s][info][gc,start       ] GC(70) Pause Full (Ergonomics)
[3.766s][info][gc,phases,start] GC(70) Marking Phase
[3.911s][info][gc,phases      ] GC(70) Marking Phase 144.796ms
[3.911s][info][gc,phases,start] GC(70) Summary Phase
[3.911s][info][gc,phases      ] GC(70) Summary Phase 0.048ms
[3.911s][info][gc,phases,start] GC(70) Adjust Roots
[3.911s][info][gc,phases      ] GC(70) Adjust Roots 0.296ms
[3.912s][info][gc,phases,start] GC(70) Compaction Phase
[3.971s][info][gc,phases      ] GC(70) Compaction Phase 59.114ms
[3.971s][info][gc,phases,start] GC(70) Post Compact
[3.972s][info][gc,phases      ] GC(70) Post Compact 1.138ms
[3.972s][info][gc,heap        ] GC(70) PSYoungGen: 26752K(114176K)->0K(114176K) Eden: 0K(14336K)->0K(16384K) From: 26752K(99840K)->0K(97792K)
[3.972s][info][gc,heap        ] GC(70) ParOldGen: 614494K(642048K)->640392K(718336K)
[3.972s][info][gc,metaspace   ] GC(70) Metaspace: 6301K(6464K)->6301K(6464K) NonClass: 5768K(5824K)->5768K(5824K) Class: 533K(640K)->533K(640K)
[3.972s][info][gc             ] GC(70) Pause Full (Ergonomics) 626M->625M(813M) 206.020ms
[3.972s][info][gc,cpu         ] GC(70) User=1.61s Sys=0.00s Real=0.21s
[3.992s][info][gc,start       ] GC(71) Pause Young (Allocation Failure)
[4.003s][info][gc,heap        ] GC(71) PSYoungGen: 16384K(114176K)->16512K(114176K) Eden: 16384K(16384K)->0K(16384K) From: 0K(97792K)->16512K(97792K)
[4.003s][info][gc,heap        ] GC(71) ParOldGen: 640392K(718336K)->640392K(718336K)
[4.003s][info][gc,metaspace   ] GC(71) Metaspace: 6301K(6464K)->6301K(6464K) NonClass: 5768K(5824K)->5768K(5824K) Class: 533K(640K)->533K(640K)
[4.003s][info][gc             ] GC(71) Pause Young (Allocation Failure) 641M->641M(813M) 11.161ms
[4.004s][info][gc,cpu         ] GC(71) User=0.00s Sys=0.00s Real=0.01s
[4.024s][info][gc,start       ] GC(72) Pause Young (Allocation Failure)
[4.042s][info][gc,heap        ] GC(72) PSYoungGen: 32896K(114176K)->32896K(107520K) Eden: 16384K(16384K)->0K(18432K) From: 16512K(97792K)->32896K(89088K)
[4.042s][info][gc,heap        ] GC(72) ParOldGen: 640392K(718336K)->640392K(718336K)
[4.043s][info][gc,metaspace   ] GC(72) Metaspace: 6301K(6464K)->6301K(6464K) NonClass: 5768K(5824K)->5768K(5824K) Class: 533K(640K)->533K(640K)
[4.043s][info][gc             ] GC(72) Pause Young (Allocation Failure) 657M->657M(806M) 18.503ms
[4.043s][info][gc,cpu         ] GC(72) User=0.09s Sys=0.00s Real=0.02s
[4.067s][info][gc,start       ] GC(73) Pause Young (Allocation Failure)
[4.093s][info][gc,heap        ] GC(73) PSYoungGen: 51328K(107520K)->51360K(111616K) Eden: 18432K(18432K)->0K(18432K) From: 32896K(89088K)->51360K(93184K)
[4.093s][info][gc,heap        ] GC(73) ParOldGen: 640392K(718336K)->640392K(718336K)
[4.093s][info][gc,metaspace   ] GC(73) Metaspace: 6301K(6464K)->6301K(6464K) NonClass: 5768K(5824K)->5768K(5824K) Class: 533K(640K)->533K(640K)
[4.093s][info][gc             ] GC(73) Pause Young (Allocation Failure) 675M->675M(810M) 26.285ms
[4.093s][info][gc,cpu         ] GC(73) User=0.11s Sys=0.02s Real=0.03s
[4.234s][info][gc,start       ] GC(74) Pause Young (Allocation Failure)
[4.280s][info][gc,heap        ] GC(74) PSYoungGen: 69792K(111616K)->69792K(106496K) Eden: 18432K(18432K)->0K(14848K) From: 51360K(93184K)->69792K(91648K)
[4.280s][info][gc,heap        ] GC(74) ParOldGen: 673160K(718336K)->673160K(718336K)
[4.280s][info][gc,metaspace   ] GC(74) Metaspace: 6301K(6464K)->6301K(6464K) NonClass: 5768K(5824K)->5768K(5824K) Class: 533K(640K)->533K(640K)
[4.280s][info][gc             ] GC(74) Pause Young (Allocation Failure) 725M->725M(805M) 46.517ms
[4.281s][info][gc,cpu         ] GC(74) User=0.25s Sys=0.00s Real=0.05s
[4.296s][info][gc,start       ] GC(75) Pause Young (Allocation Failure)
[4.335s][info][gc,heap        ] GC(75) PSYoungGen: 84640K(106496K)->84608K(112128K) Eden: 14848K(14848K)->0K(14848K) From: 69792K(91648K)->84608K(97280K)
[4.335s][info][gc,heap        ] GC(75) ParOldGen: 673160K(718336K)->673160K(718336K)
[4.335s][info][gc,metaspace   ] GC(75) Metaspace: 6301K(6464K)->6301K(6464K) NonClass: 5768K(5824K)->5768K(5824K) Class: 533K(640K)->533K(640K)
[4.335s][info][gc             ] GC(75) Pause Young (Allocation Failure) 740M->740M(811M) 38.727ms
[4.335s][info][gc,cpu         ] GC(75) User=0.25s Sys=0.00s Real=0.04s
[4.351s][info][gc,start       ] GC(76) Pause Young (Allocation Failure)
[4.397s][info][gc,heap        ] GC(76) PSYoungGen: 99456K(112128K)->83136K(117248K) Eden: 14848K(14848K)->0K(10240K) From: 84608K(97280K)->83136K(107008K)
[4.397s][info][gc,heap        ] GC(76) ParOldGen: 673160K(718336K)->689768K(718336K)
[4.397s][info][gc,metaspace   ] GC(76) Metaspace: 6301K(6464K)->6301K(6464K) NonClass: 5768K(5824K)->5768K(5824K) Class: 533K(640K)->533K(640K)
[4.397s][info][gc             ] GC(76) Pause Young (Allocation Failure) 754M->754M(816M) 46.030ms
[4.397s][info][gc,cpu         ] GC(76) User=0.23s Sys=0.00s Real=0.05s
[4.397s][info][gc,start       ] GC(77) Pause Full (Ergonomics)
[4.397s][info][gc,phases,start] GC(77) Marking Phase
[4.567s][info][gc,phases      ] GC(77) Marking Phase 169.703ms
[4.567s][info][gc,phases,start] GC(77) Summary Phase
[4.567s][info][gc,phases      ] GC(77) Summary Phase 0.039ms
[4.567s][info][gc,phases,start] GC(77) Adjust Roots
[4.567s][info][gc,phases      ] GC(77) Adjust Roots 0.274ms
[4.567s][info][gc,phases,start] GC(77) Compaction Phase
[4.697s][info][gc,phases      ] GC(77) Compaction Phase 130.356ms
[4.697s][info][gc,phases,start] GC(77) Post Compact
[4.699s][info][gc,phases      ] GC(77) Post Compact 1.633ms
[4.700s][info][gc,heap        ] GC(77) PSYoungGen: 83136K(117248K)->37830K(117248K) Eden: 0K(10240K)->0K(10240K) From: 83136K(107008K)->37830K(107008K)
[4.700s][info][gc,heap        ] GC(77) ParOldGen: 689768K(718336K)->718094K(795648K)
[4.700s][info][gc,metaspace   ] GC(77) Metaspace: 6301K(6464K)->6301K(6464K) NonClass: 5768K(5824K)->5768K(5824K) Class: 533K(640K)->533K(640K)
[4.700s][info][gc             ] GC(77) Pause Full (Ergonomics) 754M->738M(891M) 302.823ms
[4.700s][info][gc,cpu         ] GC(77) User=1.83s Sys=0.03s Real=0.30s
[4.712s][info][gc,start       ] GC(78) Pause Young (Allocation Failure)
[4.763s][info][gc,heap        ] GC(78) PSYoungGen: 48070K(117248K)->40864K(51200K) Eden: 10240K(10240K)->0K(10240K) From: 37830K(107008K)->40864K(40960K)
[4.763s][info][gc,heap        ] GC(78) ParOldGen: 718094K(795648K)->725654K(795648K)
[4.763s][info][gc,metaspace   ] GC(78) Metaspace: 6301K(6464K)->6301K(6464K) NonClass: 5768K(5824K)->5768K(5824K) Class: 533K(640K)->533K(640K)
[4.763s][info][gc             ] GC(78) Pause Young (Allocation Failure) 748M->748M(827M) 50.783ms
[4.763s][info][gc,cpu         ] GC(78) User=0.33s Sys=0.02s Real=0.05s
[4.774s][info][gc,start       ] GC(79) Pause Young (Allocation Failure)
[4.799s][info][gc,heap        ] GC(79) PSYoungGen: 51104K(51200K)->42784K(112640K) Eden: 10240K(10240K)->0K(11776K) From: 40864K(40960K)->42784K(100864K)
[4.799s][info][gc,heap        ] GC(79) ParOldGen: 725654K(795648K)->734078K(795648K)
[4.799s][info][gc,metaspace   ] GC(79) Metaspace: 6301K(6464K)->6301K(6464K) NonClass: 5768K(5824K)->5768K(5824K) Class: 533K(640K)->533K(640K)
[4.799s][info][gc             ] GC(79) Pause Young (Allocation Failure) 758M->758M(887M) 25.320ms
[4.799s][info][gc,cpu         ] GC(79) User=0.12s Sys=0.00s Real=0.03s
[4.812s][info][gc,start       ] GC(80) Pause Young (Allocation Failure)
[4.839s][info][gc,heap        ] GC(80) PSYoungGen: 54560K(112640K)->46944K(58880K) Eden: 11776K(11776K)->0K(11776K) From: 42784K(100864K)->46944K(47104K)
[4.839s][info][gc,heap        ] GC(80) ParOldGen: 734078K(795648K)->741798K(795648K)
[4.839s][info][gc,metaspace   ] GC(80) Metaspace: 6301K(6464K)->6301K(6464K) NonClass: 5768K(5824K)->5768K(5824K) Class: 533K(640K)->533K(640K)
[4.839s][info][gc             ] GC(80) Pause Young (Allocation Failure) 770M->770M(834M) 26.971ms
[4.839s][info][gc,cpu         ] GC(80) User=0.14s Sys=0.00s Real=0.03s
[4.851s][info][gc,start       ] GC(81) Pause Young (Allocation Failure)
[4.880s][info][gc,heap        ] GC(81) PSYoungGen: 58720K(58880K)->44128K(105472K) Eden: 11776K(11776K)->0K(13312K) From: 46944K(47104K)->44128K(92160K)
[4.880s][info][gc,heap        ] GC(81) ParOldGen: 741798K(795648K)->756526K(795648K)
[4.880s][info][gc,metaspace   ] GC(81) Metaspace: 6301K(6464K)->6301K(6464K) NonClass: 5768K(5824K)->5768K(5824K) Class: 533K(640K)->533K(640K)
[4.880s][info][gc             ] GC(81) Pause Young (Allocation Failure) 781M->781M(880M) 29.293ms
[4.880s][info][gc,cpu         ] GC(81) User=0.08s Sys=0.06s Real=0.03s
[4.894s][info][gc,start       ] GC(82) Pause Young (Allocation Failure)
[4.923s][info][gc,heap        ] GC(82) PSYoungGen: 57440K(105472K)->36992K(50688K) Eden: 13312K(13312K)->0K(13312K) From: 44128K(92160K)->36992K(37376K)
[4.923s][info][gc,heap        ] GC(82) ParOldGen: 756526K(795648K)->777262K(795648K)
[4.923s][info][gc,metaspace   ] GC(82) Metaspace: 6301K(6464K)->6301K(6464K) NonClass: 5768K(5824K)->5768K(5824K) Class: 533K(640K)->533K(640K)
[4.923s][info][gc             ] GC(82) Pause Young (Allocation Failure) 794M->795M(826M) 28.988ms
[4.923s][info][gc,cpu         ] GC(82) User=0.08s Sys=0.03s Real=0.03s
[4.924s][info][gc,start       ] GC(83) Pause Full (Ergonomics)
[4.924s][info][gc,phases,start] GC(83) Marking Phase
[5.099s][info][gc,phases      ] GC(83) Marking Phase 175.289ms
[5.099s][info][gc,phases,start] GC(83) Summary Phase
[5.099s][info][gc,phases      ] GC(83) Summary Phase 0.036ms
[5.099s][info][gc,phases,start] GC(83) Adjust Roots
[5.099s][info][gc,phases      ] GC(83) Adjust Roots 0.195ms
[5.099s][info][gc,phases,start] GC(83) Compaction Phase
[5.183s][info][gc,phases      ] GC(83) Compaction Phase 83.460ms
[5.183s][info][gc,phases,start] GC(83) Post Compact
[5.184s][info][gc,phases      ] GC(83) Post Compact 1.634ms
[5.185s][info][gc,heap        ] GC(83) PSYoungGen: 36992K(50688K)->17867K(50688K) Eden: 0K(13312K)->0K(13312K) From: 36992K(37376K)->17867K(37376K)
[5.185s][info][gc,heap        ] GC(83) ParOldGen: 777262K(795648K)->795248K(874496K)
[5.185s][info][gc,metaspace   ] GC(83) Metaspace: 6301K(6464K)->6301K(6464K) NonClass: 5768K(5824K)->5768K(5824K) Class: 533K(640K)->533K(640K)
[5.185s][info][gc             ] GC(83) Pause Full (Ergonomics) 795M->794M(903M) 261.313ms
[5.185s][info][gc,cpu         ] GC(83) User=1.78s Sys=0.02s Real=0.26s
[5.200s][info][gc,start       ] GC(84) Pause Young (Allocation Failure)
[5.248s][info][gc,heap        ] GC(84) PSYoungGen: 31179K(50688K)->19712K(108032K) Eden: 13312K(13312K)->0K(14848K) From: 17867K(37376K)->19712K(93184K)
[5.249s][info][gc,heap        ] GC(84) ParOldGen: 795248K(874496K)->807032K(874496K)
[5.249s][info][gc,metaspace   ] GC(84) Metaspace: 6301K(6464K)->6301K(6464K) NonClass: 5768K(5824K)->5768K(5824K) Class: 533K(640K)->533K(640K)
[5.249s][info][gc             ] GC(84) Pause Young (Allocation Failure) 807M->807M(959M) 48.770ms
[5.249s][info][gc,cpu         ] GC(84) User=0.27s Sys=0.00s Real=0.05s
[5.265s][info][gc,start       ] GC(85) Pause Young (Allocation Failure)
[5.284s][info][gc,heap        ] GC(85) PSYoungGen: 34560K(108032K)->28224K(108544K) Eden: 14848K(14848K)->0K(14848K) From: 19712K(93184K)->28224K(93696K)
[5.284s][info][gc,heap        ] GC(85) ParOldGen: 807032K(874496K)->813408K(874496K)
[5.284s][info][gc,metaspace   ] GC(85) Metaspace: 6301K(6464K)->6301K(6464K) NonClass: 5768K(5824K)->5768K(5824K) Class: 533K(640K)->533K(640K)
[5.284s][info][gc             ] GC(85) Pause Young (Allocation Failure) 821M->821M(960M) 19.875ms
[5.284s][info][gc,cpu         ] GC(85) User=0.03s Sys=0.00s Real=0.02s
[5.301s][info][gc,start       ] GC(86) Pause Young (Allocation Failure)
[5.325s][info][gc,heap        ] GC(86) PSYoungGen: 43072K(108544K)->29824K(103424K) Eden: 14848K(14848K)->0K(16896K) From: 28224K(93696K)->29824K(86528K)
[5.325s][info][gc,heap        ] GC(86) ParOldGen: 813408K(874496K)->826896K(874496K)
[5.325s][info][gc,metaspace   ] GC(86) Metaspace: 6301K(6464K)->6301K(6464K) NonClass: 5768K(5824K)->5768K(5824K) Class: 533K(640K)->533K(640K)
[5.325s][info][gc             ] GC(86) Pause Young (Allocation Failure) 836M->836M(955M) 24.163ms
[5.325s][info][gc,cpu         ] GC(86) User=0.12s Sys=0.00s Real=0.03s
[5.347s][info][gc,start       ] GC(87) Pause Young (Allocation Failure)
[5.381s][info][gc,heap        ] GC(87) PSYoungGen: 46720K(103424K)->31840K(49152K) Eden: 16896K(16896K)->0K(16896K) From: 29824K(86528K)->31840K(32256K)
[5.381s][info][gc,heap        ] GC(87) ParOldGen: 826896K(874496K)->841944K(874496K)
[5.381s][info][gc,metaspace   ] GC(87) Metaspace: 6301K(6464K)->6301K(6464K) NonClass: 5768K(5824K)->5768K(5824K) Class: 533K(640K)->533K(640K)
[5.381s][info][gc             ] GC(87) Pause Young (Allocation Failure) 853M->853M(902M) 33.879ms
[5.381s][info][gc,cpu         ] GC(87) User=0.11s Sys=0.00s Real=0.03s
[5.400s][info][gc,start       ] GC(88) Pause Young (Allocation Failure)
[5.427s][info][gc,heap        ] GC(88) PSYoungGen: 48736K(49152K)->33952K(98304K) Eden: 16896K(16896K)->0K(18944K) From: 31840K(32256K)->33952K(79360K)
[5.427s][info][gc,heap        ] GC(88) ParOldGen: 841944K(874496K)->856992K(874496K)
[5.427s][info][gc,metaspace   ] GC(88) Metaspace: 6301K(6464K)->6301K(6464K) NonClass: 5768K(5824K)->5768K(5824K) Class: 533K(640K)->533K(640K)
[5.427s][info][gc             ] GC(88) Pause Young (Allocation Failure) 869M->870M(950M) 27.439ms
[5.427s][info][gc,cpu         ] GC(88) User=0.14s Sys=0.00s Real=0.03s
[5.427s][info][gc,start       ] GC(89) Pause Full (Ergonomics)
[5.427s][info][gc,phases,start] GC(89) Marking Phase
[5.636s][info][gc,phases      ] GC(89) Marking Phase 208.681ms
[5.636s][info][gc,phases,start] GC(89) Summary Phase
[5.636s][info][gc,phases      ] GC(89) Summary Phase 0.035ms
[5.636s][info][gc,phases,start] GC(89) Adjust Roots
[5.636s][info][gc,phases      ] GC(89) Adjust Roots 0.212ms
[5.637s][info][gc,phases,start] GC(89) Compaction Phase
[5.725s][info][gc,phases      ] GC(89) Compaction Phase 88.729ms
[5.725s][info][gc,phases,start] GC(89) Post Compact
[5.727s][info][gc,phases      ] GC(89) Post Compact 1.673ms
[5.727s][info][gc,heap        ] GC(89) PSYoungGen: 33952K(98304K)->15330K(100864K) Eden: 0K(18944K)->0K(21504K) From: 33952K(79360K)->15330K(79360K)
[5.728s][info][gc,heap        ] GC(89) ParOldGen: 856992K(874496K)->874418K(956416K)
[5.728s][info][gc,metaspace   ] GC(89) Metaspace: 6301K(6464K)->6301K(6464K) NonClass: 5768K(5824K)->5768K(5824K) Class: 533K(640K)->533K(640K)
[5.728s][info][gc             ] GC(89) Pause Full (Ergonomics) 870M->868M(1032M) 300.107ms
[5.728s][info][gc,cpu         ] GC(89) User=1.98s Sys=0.03s Real=0.30s
[5.755s][info][gc,start       ] GC(90) Pause Young (Allocation Failure)
[5.810s][info][gc,heap        ] GC(90) PSYoungGen: 36834K(100864K)->21632K(104448K) Eden: 21504K(21504K)->0K(21504K) From: 15330K(79360K)->21632K(82944K)
[5.810s][info][gc,heap        ] GC(90) ParOldGen: 874418K(956416K)->889970K(956416K)
[5.810s][info][gc,metaspace   ] GC(90) Metaspace: 6301K(6464K)->6301K(6464K) NonClass: 5768K(5824K)->5768K(5824K) Class: 533K(640K)->533K(640K)
[5.810s][info][gc             ] GC(90) Pause Young (Allocation Failure) 889M->890M(1036M) 54.980ms
[5.810s][info][gc,cpu         ] GC(90) User=0.36s Sys=0.00s Real=0.05s
[5.833s][info][gc,start       ] GC(91) Pause Young (Allocation Failure)
[5.858s][info][gc,heap        ] GC(91) PSYoungGen: 43136K(104448K)->43168K(100864K) Eden: 21504K(21504K)->0K(24064K) From: 21632K(82944K)->43168K(76800K)
[5.858s][info][gc,heap        ] GC(91) ParOldGen: 889970K(956416K)->889970K(956416K)
[5.858s][info][gc,metaspace   ] GC(91) Metaspace: 6301K(6464K)->6301K(6464K) NonClass: 5768K(5824K)->5768K(5824K) Class: 533K(640K)->533K(640K)
[5.858s][info][gc             ] GC(91) Pause Young (Allocation Failure) 911M->911M(1032M) 24.380ms
[5.858s][info][gc,cpu         ] GC(91) User=0.12s Sys=0.00s Real=0.03s
[5.885s][info][gc,start       ] GC(92) Pause Young (Allocation Failure)
[5.919s][info][gc,heap        ] GC(92) PSYoungGen: 67232K(100864K)->67264K(103424K) Eden: 24064K(24064K)->0K(24064K) From: 43168K(76800K)->67264K(79360K)
[5.919s][info][gc,heap        ] GC(92) ParOldGen: 889970K(956416K)->889970K(956416K)
[5.919s][info][gc,metaspace   ] GC(92) Metaspace: 6301K(6464K)->6301K(6464K) NonClass: 5768K(5824K)->5768K(5824K) Class: 533K(640K)->533K(640K)
[5.919s][info][gc             ] GC(92) Pause Young (Allocation Failure) 934M->934M(1035M) 34.487ms
[5.919s][info][gc,cpu         ] GC(92) User=0.17s Sys=0.02s Real=0.04s
[5.946s][info][gc,start       ] GC(93) Pause Young (Allocation Failure)
[5.992s][info][gc,heap        ] GC(93) PSYoungGen: 91328K(103424K)->69856K(107008K) Eden: 24064K(24064K)->0K(20992K) From: 67264K(79360K)->69856K(86016K)
[5.992s][info][gc,heap        ] GC(93) ParOldGen: 889970K(956416K)->911778K(956416K)
[5.992s][info][gc,metaspace   ] GC(93) Metaspace: 6301K(6464K)->6301K(6464K) NonClass: 5768K(5824K)->5768K(5824K) Class: 533K(640K)->533K(640K)
[5.992s][info][gc             ] GC(93) Pause Young (Allocation Failure) 958M->958M(1038M) 46.111ms
[5.992s][info][gc,cpu         ] GC(93) User=0.27s Sys=0.00s Real=0.04s
[6.016s][info][gc,start       ] GC(94) Pause Young (Allocation Failure)
[6.062s][info][gc,heap        ] GC(94) PSYoungGen: 90848K(107008K)->69312K(112640K) Eden: 20992K(20992K)->0K(20992K) From: 69856K(86016K)->69312K(91648K)
[6.062s][info][gc,heap        ] GC(94) ParOldGen: 911778K(956416K)->933578K(956416K)
[6.062s][info][gc,metaspace   ] GC(94) Metaspace: 6301K(6464K)->6301K(6464K) NonClass: 5768K(5824K)->5768K(5824K) Class: 533K(640K)->533K(640K)
[6.062s][info][gc             ] GC(94) Pause Young (Allocation Failure) 979M->979M(1044M) 46.215ms
[6.062s][info][gc,cpu         ] GC(94) User=0.27s Sys=0.00s Real=0.05s
[6.062s][info][gc,start       ] GC(95) Pause Full (Ergonomics)
[6.062s][info][gc,phases,start] GC(95) Marking Phase
[6.293s][info][gc,phases      ] GC(95) Marking Phase 231.035ms
[6.293s][info][gc,phases,start] GC(95) Summary Phase
[6.293s][info][gc,phases      ] GC(95) Summary Phase 0.043ms
[6.293s][info][gc,phases,start] GC(95) Adjust Roots
[6.294s][info][gc,phases      ] GC(95) Adjust Roots 0.253ms
[6.294s][info][gc,phases,start] GC(95) Compaction Phase
[6.398s][info][gc,phases      ] GC(95) Compaction Phase 104.286ms
[6.398s][info][gc,phases,start] GC(95) Post Compact
[6.400s][info][gc,phases      ] GC(95) Post Compact 1.976ms
[6.400s][info][gc,heap        ] GC(95) PSYoungGen: 69312K(112640K)->45515K(112640K) Eden: 0K(20992K)->0K(20992K) From: 69312K(91648K)->45515K(91648K)
[6.401s][info][gc,heap        ] GC(95) ParOldGen: 933578K(956416K)->956199K(1047552K)
[6.401s][info][gc,metaspace   ] GC(95) Metaspace: 6301K(6464K)->6301K(6464K) NonClass: 5768K(5824K)->5768K(5824K) Class: 533K(640K)->533K(640K)
[6.401s][info][gc             ] GC(95) Pause Full (Ergonomics) 979M->978M(1133M) 338.438ms
[6.401s][info][gc,cpu         ] GC(95) User=2.44s Sys=0.03s Real=0.34s
[6.427s][info][gc,start       ] GC(96) Pause Young (Allocation Failure)
[6.504s][info][gc,heap        ] GC(96) PSYoungGen: 66507K(112640K)->51360K(113664K) Eden: 20992K(20992K)->0K(23552K) From: 45515K(91648K)->51360K(90112K)
[6.504s][info][gc,heap        ] GC(96) ParOldGen: 956199K(1047552K)->971799K(1047552K)
[6.504s][info][gc,metaspace   ] GC(96) Metaspace: 6301K(6464K)->6301K(6464K) NonClass: 5768K(5824K)->5768K(5824K) Class: 533K(640K)->533K(640K)
[6.504s][info][gc             ] GC(96) Pause Young (Allocation Failure) 998M->999M(1134M) 76.494ms
[6.504s][info][gc,cpu         ] GC(96) User=0.44s Sys=0.03s Real=0.08s
[6.531s][info][gc,start       ] GC(97) Pause Young (Allocation Failure)
[6.570s][info][gc,heap        ] GC(97) PSYoungGen: 74912K(113664K)->74880K(116736K) Eden: 23552K(23552K)->0K(23552K) From: 51360K(90112K)->74880K(93184K)
[6.570s][info][gc,heap        ] GC(97) ParOldGen: 971799K(1047552K)->971799K(1047552K)
[6.571s][info][gc,metaspace   ] GC(97) Metaspace: 6301K(6464K)->6301K(6464K) NonClass: 5768K(5824K)->5768K(5824K) Class: 533K(640K)->533K(640K)
[6.571s][info][gc             ] GC(97) Pause Young (Allocation Failure) 1022M->1022M(1137M) 39.611ms
[6.571s][info][gc,cpu         ] GC(97) User=0.27s Sys=0.00s Real=0.04s
[6.597s][info][gc,start       ] GC(98) Pause Young (Allocation Failure)
[6.653s][info][gc,heap        ] GC(98) PSYoungGen: 98432K(116736K)->82240K(118272K) Eden: 23552K(23552K)->0K(19456K) From: 74880K(93184K)->82240K(98816K)
[6.653s][info][gc,heap        ] GC(98) ParOldGen: 971799K(1047552K)->988287K(1047552K)
[6.654s][info][gc,metaspace   ] GC(98) Metaspace: 6301K(6464K)->6301K(6464K) NonClass: 5768K(5824K)->5768K(5824K) Class: 533K(640K)->533K(640K)
[6.654s][info][gc             ] GC(98) Pause Young (Allocation Failure) 1045M->1045M(1138M) 56.868ms
[6.654s][info][gc,cpu         ] GC(98) User=0.33s Sys=0.05s Real=0.06s
[6.675s][info][gc,start       ] GC(99) Pause Young (Allocation Failure)
[6.732s][info][gc,heap        ] GC(99) PSYoungGen: 101696K(118272K)->87712K(124928K) Eden: 19456K(19456K)->0K(19456K) From: 82240K(98816K)->87712K(105472K)
[6.732s][info][gc,heap        ] GC(99) ParOldGen: 988287K(1047552K)->1002383K(1047552K)
[6.732s][info][gc,metaspace   ] GC(99) Metaspace: 6301K(6464K)->6301K(6464K) NonClass: 5768K(5824K)->5768K(5824K) Class: 533K(640K)->533K(640K)
[6.732s][info][gc             ] GC(99) Pause Young (Allocation Failure) 1064M->1064M(1145M) 56.456ms
[6.732s][info][gc,cpu         ] GC(99) User=0.34s Sys=0.02s Real=0.06s
[6.754s][info][gc,start       ] GC(100) Pause Young (Allocation Failure)
[6.820s][info][gc,heap        ] GC(100) PSYoungGen: 107168K(124928K)->62656K(128000K) Eden: 19456K(19456K)->0K(22016K) From: 87712K(105472K)->62656K(105984K)
[6.820s][info][gc,heap        ] GC(100) ParOldGen: 1002383K(1047552K)->1047543K(1047552K)
[6.820s][info][gc,metaspace   ] GC(100) Metaspace: 6301K(6464K)->6301K(6464K) NonClass: 5768K(5824K)->5768K(5824K) Class: 533K(640K)->533K(640K)
[6.820s][info][gc             ] GC(100) Pause Young (Allocation Failure) 1083M->1084M(1148M) 66.056ms
[6.820s][info][gc,cpu         ] GC(100) User=0.30s Sys=0.09s Real=0.07s
[6.820s][info][gc,start       ] GC(101) Pause Full (Ergonomics)
[6.820s][info][gc,phases,start] GC(101) Marking Phase
[7.077s][info][gc,phases      ] GC(101) Marking Phase 256.839ms
[7.077s][info][gc,phases,start] GC(101) Summary Phase
[7.077s][info][gc,phases      ] GC(101) Summary Phase 0.031ms
[7.077s][info][gc,phases,start] GC(101) Adjust Roots
[7.078s][info][gc,phases      ] GC(101) Adjust Roots 0.196ms
[7.078s][info][gc,phases,start] GC(101) Compaction Phase
[7.188s][info][gc,phases      ] GC(101) Compaction Phase 109.940ms
[7.188s][info][gc,phases,start] GC(101) Post Compact
[7.190s][info][gc,phases      ] GC(101) Post Compact 1.879ms
[7.190s][info][gc,heap        ] GC(101) PSYoungGen: 62656K(128000K)->61344K(131072K) Eden: 0K(22016K)->0K(25088K) From: 62656K(105984K)->61344K(105984K)
[7.190s][info][gc,heap        ] GC(101) ParOldGen: 1047543K(1047552K)->1047218K(1153536K)
[7.191s][info][gc,metaspace   ] GC(101) Metaspace: 6301K(6464K)->6301K(6464K) NonClass: 5768K(5824K)->5768K(5824K) Class: 533K(640K)->533K(640K)
[7.191s][info][gc             ] GC(101) Pause Full (Ergonomics) 1084M->1082M(1254M) 370.122ms
[7.191s][info][gc,cpu         ] GC(101) User=2.45s Sys=0.00s Real=0.37s
[7.219s][info][gc,start       ] GC(102) Pause Young (Allocation Failure)
[7.316s][info][gc,heap        ] GC(102) PSYoungGen: 86432K(131072K)->44096K(134656K) Eden: 25088K(25088K)->0K(25088K) From: 61344K(105984K)->44096K(109568K)
[7.316s][info][gc,heap        ] GC(102) ParOldGen: 1047218K(1153536K)->1090394K(1153536K)
[7.316s][info][gc,metaspace   ] GC(102) Metaspace: 6301K(6464K)->6301K(6464K) NonClass: 5768K(5824K)->5768K(5824K) Class: 533K(640K)->533K(640K)
[7.316s][info][gc             ] GC(102) Pause Young (Allocation Failure) 1107M->1107M(1258M) 96.387ms
[7.316s][info][gc,cpu         ] GC(102) User=0.47s Sys=0.23s Real=0.10s
[7.343s][info][gc,start       ] GC(103) Pause Young (Allocation Failure)
[7.386s][info][gc,heap        ] GC(103) PSYoungGen: 69184K(134656K)->50368K(127488K) Eden: 25088K(25088K)->0K(28160K) From: 44096K(109568K)->50368K(99328K)
[7.386s][info][gc,heap        ] GC(103) ParOldGen: 1090394K(1153536K)->1109506K(1153536K)
[7.386s][info][gc,metaspace   ] GC(103) Metaspace: 6301K(6464K)->6301K(6464K) NonClass: 5768K(5824K)->5768K(5824K) Class: 533K(640K)->533K(640K)
[7.386s][info][gc             ] GC(103) Pause Young (Allocation Failure) 1132M->1132M(1251M) 43.201ms
[7.386s][info][gc,cpu         ] GC(103) User=0.09s Sys=0.17s Real=0.04s
[7.386s][info][gc,start       ] GC(104) Pause Full (Ergonomics)
[7.387s][info][gc,phases,start] GC(104) Marking Phase
[7.655s][info][gc,phases      ] GC(104) Marking Phase 268.262ms
[7.655s][info][gc,phases,start] GC(104) Summary Phase
[7.655s][info][gc,phases      ] GC(104) Summary Phase 0.028ms
[7.655s][info][gc,phases,start] GC(104) Adjust Roots
[7.655s][info][gc,phases      ] GC(104) Adjust Roots 0.255ms
[7.655s][info][gc,phases,start] GC(104) Compaction Phase
[7.754s][info][gc,phases      ] GC(104) Compaction Phase 98.772ms
[7.754s][info][gc,phases,start] GC(104) Post Compact
[7.756s][info][gc,phases      ] GC(104) Post Compact 2.092ms
[7.757s][info][gc,heap        ] GC(104) PSYoungGen: 50368K(127488K)->5150K(130560K) Eden: 0K(28160K)->0K(31232K) From: 50368K(99328K)->5150K(99328K)
[7.757s][info][gc,heap        ] GC(104) ParOldGen: 1109506K(1153536K)->1153520K(1272832K)
[7.757s][info][gc,metaspace   ] GC(104) Metaspace: 6301K(6464K)->6301K(6464K) NonClass: 5768K(5824K)->5768K(5824K) Class: 533K(640K)->533K(640K)
[7.757s][info][gc             ] GC(104) Pause Full (Ergonomics) 1132M->1131M(1370M) 370.705ms
[7.757s][info][gc,cpu         ] GC(104) User=2.56s Sys=0.06s Real=0.37s
[7.796s][info][gc,start       ] GC(105) Pause Young (Allocation Failure)
[7.865s][info][gc,heap        ] GC(105) PSYoungGen: 36382K(130560K)->34144K(134144K) Eden: 31232K(31232K)->0K(31232K) From: 5150K(99328K)->34144K(102912K)
[7.865s][info][gc,heap        ] GC(105) ParOldGen: 1153520K(1272832K)->1155968K(1272832K)
[7.865s][info][gc,metaspace   ] GC(105) Metaspace: 6301K(6464K)->6301K(6464K) NonClass: 5768K(5824K)->5768K(5824K) Class: 533K(640K)->533K(640K)
[7.865s][info][gc             ] GC(105) Pause Young (Allocation Failure) 1162M->1162M(1374M) 69.746ms
[7.865s][info][gc,cpu         ] GC(105) User=0.36s Sys=0.02s Real=0.07s
[7.903s][info][gc,start       ] GC(106) Pause Young (Allocation Failure)
[7.941s][info][gc,heap        ] GC(106) PSYoungGen: 65376K(134144K)->65440K(135680K) Eden: 31232K(31232K)->0K(34304K) From: 34144K(102912K)->65440K(101376K)
[7.941s][info][gc,heap        ] GC(106) ParOldGen: 1155968K(1272832K)->1155968K(1272832K)
[7.941s][info][gc,metaspace   ] GC(106) Metaspace: 6301K(6464K)->6301K(6464K) NonClass: 5768K(5824K)->5768K(5824K) Class: 533K(640K)->533K(640K)
[7.941s][info][gc             ] GC(106) Pause Young (Allocation Failure) 1192M->1192M(1375M) 37.840ms
[7.941s][info][gc,cpu         ] GC(106) User=0.25s Sys=0.00s Real=0.04s
[7.983s][info][gc,start       ] GC(107) Pause Young (Allocation Failure)
[8.040s][info][gc,heap        ] GC(107) PSYoungGen: 99744K(135680K)->99776K(135680K) Eden: 34304K(34304K)->0K(34304K) From: 65440K(101376K)->99776K(101376K)
[8.040s][info][gc,heap        ] GC(107) ParOldGen: 1155968K(1272832K)->1155968K(1272832K)
[8.040s][info][gc,metaspace   ] GC(107) Metaspace: 6301K(6464K)->6301K(6464K) NonClass: 5768K(5824K)->5768K(5824K) Class: 533K(640K)->533K(640K)
[8.040s][info][gc             ] GC(107) Pause Young (Allocation Failure) 1226M->1226M(1375M) 56.791ms
[8.040s][info][gc,cpu         ] GC(107) User=0.33s Sys=0.00s Real=0.06s
[8.084s][info][gc,start       ] GC(108) Pause Young (Allocation Failure)
[8.182s][info][gc,heap        ] GC(108) PSYoungGen: 134080K(135680K)->113152K(128512K) Eden: 34304K(34304K)->0K(15360K) From: 99776K(101376K)->113152K(113152K)
[8.182s][info][gc,heap        ] GC(108) ParOldGen: 1155968K(1272832K)->1177072K(1272832K)
[8.182s][info][gc,metaspace   ] GC(108) Metaspace: 6301K(6464K)->6301K(6464K) NonClass: 5768K(5824K)->5768K(5824K) Class: 533K(640K)->533K(640K)
[8.182s][info][gc             ] GC(108) Pause Young (Allocation Failure) 1259M->1259M(1368M) 98.566ms
[8.182s][info][gc,cpu         ] GC(108) User=0.30s Sys=0.31s Real=0.10s
[8.202s][info][gc,start       ] GC(109) Pause Young (Allocation Failure)
[8.272s][info][gc,heap        ] GC(109) PSYoungGen: 128512K(128512K)->99296K(151040K) Eden: 15360K(15360K)->0K(15360K) From: 113152K(113152K)->99296K(135680K)
[8.272s][info][gc,heap        ] GC(109) ParOldGen: 1177072K(1272832K)->1204944K(1272832K)
[8.272s][info][gc,metaspace   ] GC(109) Metaspace: 6301K(6464K)->6301K(6464K) NonClass: 5768K(5824K)->5768K(5824K) Class: 533K(640K)->533K(640K)
[8.272s][info][gc             ] GC(109) Pause Young (Allocation Failure) 1274M->1273M(1390M) 70.160ms
[8.272s][info][gc,cpu         ] GC(109) User=0.34s Sys=0.06s Real=0.07s
[8.284s][info][gc,start       ] GC(110) Pause Young (Allocation Failure)
[8.354s][info][gc,heap        ] GC(110) PSYoungGen: 114656K(151040K)->51328K(151040K) Eden: 15360K(15360K)->0K(17408K) From: 99296K(135680K)->51328K(133632K)
[8.354s][info][gc,heap        ] GC(110) ParOldGen: 1204944K(1272832K)->1261592K(1272832K)
[8.354s][info][gc,metaspace   ] GC(110) Metaspace: 6301K(6464K)->6301K(6464K) NonClass: 5768K(5824K)->5768K(5824K) Class: 533K(640K)->533K(640K)
[8.354s][info][gc             ] GC(110) Pause Young (Allocation Failure) 1288M->1282M(1390M) 69.501ms
[8.354s][info][gc,cpu         ] GC(110) User=0.33s Sys=0.14s Real=0.07s
[8.354s][info][gc,start       ] GC(111) Pause Full (Ergonomics)
[8.354s][info][gc,phases,start] GC(111) Marking Phase
[8.655s][info][gc,phases      ] GC(111) Marking Phase 300.812ms
[8.655s][info][gc,phases,start] GC(111) Summary Phase
[8.655s][info][gc,phases      ] GC(111) Summary Phase 0.028ms
[8.655s][info][gc,phases,start] GC(111) Adjust Roots
[8.655s][info][gc,phases      ] GC(111) Adjust Roots 0.266ms
[8.655s][info][gc,phases,start] GC(111) Compaction Phase
[9.009s][info][gc,phases      ] GC(111) Compaction Phase 353.689ms
[9.009s][info][gc,phases,start] GC(111) Post Compact
[9.012s][info][gc,phases      ] GC(111) Post Compact 2.799ms
[9.013s][info][gc,heap        ] GC(111) PSYoungGen: 51328K(151040K)->38314K(153600K) Eden: 0K(17408K)->0K(19968K) From: 51328K(133632K)->38314K(133632K)
[9.013s][info][gc,heap        ] GC(111) ParOldGen: 1261592K(1272832K)->1272751K(1412096K)
[9.013s][info][gc,metaspace   ] GC(111) Metaspace: 6301K(6464K)->6301K(6464K) NonClass: 5768K(5824K)->5768K(5824K) Class: 533K(640K)->533K(640K)
[9.013s][info][gc             ] GC(111) Pause Full (Ergonomics) 1282M->1280M(1529M) 659.642ms
[9.013s][info][gc,cpu         ] GC(111) User=4.16s Sys=0.02s Real=0.66s
[9.031s][info][gc,start       ] GC(112) Pause Young (Allocation Failure)
[9.119s][info][gc,heap        ] GC(112) PSYoungGen: 58282K(153600K)->17248K(157184K) Eden: 19968K(19968K)->0K(19968K) From: 38314K(133632K)->17248K(137216K)
[9.119s][info][gc,heap        ] GC(112) ParOldGen: 1272751K(1412096K)->1305335K(1412096K)
[9.119s][info][gc,metaspace   ] GC(112) Metaspace: 6301K(6464K)->6301K(6464K) NonClass: 5768K(5824K)->5768K(5824K) Class: 533K(640K)->533K(640K)
[9.119s][info][gc             ] GC(112) Pause Young (Allocation Failure) 1299M->1291M(1532M) 88.111ms
[9.119s][info][gc,cpu         ] GC(112) User=0.38s Sys=0.11s Real=0.09s
[9.144s][info][gc,start       ] GC(113) Pause Young (Allocation Failure)
[9.170s][info][gc,heap        ] GC(113) PSYoungGen: 37216K(157184K)->30944K(157184K) Eden: 19968K(19968K)->0K(22528K) From: 17248K(137216K)->30944K(134656K)
[9.170s][info][gc,heap        ] GC(113) ParOldGen: 1305335K(1412096K)->1311711K(1412096K)
[9.170s][info][gc,metaspace   ] GC(113) Metaspace: 6301K(6464K)->6301K(6464K) NonClass: 5768K(5824K)->5768K(5824K) Class: 533K(640K)->533K(640K)
[9.170s][info][gc             ] GC(113) Pause Young (Allocation Failure) 1311M->1311M(1532M) 25.577ms
[9.170s][info][gc,cpu         ] GC(113) User=0.09s Sys=0.02s Real=0.03s
[9.197s][info][gc,start       ] GC(114) Pause Young (Allocation Failure)
[9.231s][info][gc,heap        ] GC(114) PSYoungGen: 53472K(157184K)->42688K(65536K) Eden: 22528K(22528K)->0K(22528K) From: 30944K(134656K)->42688K(43008K)
[9.231s][info][gc,heap        ] GC(114) ParOldGen: 1311711K(1412096K)->1322767K(1412096K)
[9.231s][info][gc,metaspace   ] GC(114) Metaspace: 6301K(6464K)->6301K(6464K) NonClass: 5768K(5824K)->5768K(5824K) Class: 533K(640K)->533K(640K)
[9.231s][info][gc             ] GC(114) Pause Young (Allocation Failure) 1333M->1333M(1443M) 33.536ms
[9.231s][info][gc,cpu         ] GC(114) User=0.16s Sys=0.00s Real=0.03s
[9.258s][info][gc,start       ] GC(115) Pause Young (Allocation Failure)
[9.299s][info][gc,heap        ] GC(115) PSYoungGen: 65216K(65536K)->45152K(146944K) Eden: 22528K(22528K)->0K(25088K) From: 42688K(43008K)->45152K(121856K)
[9.299s][info][gc,heap        ] GC(115) ParOldGen: 1322767K(1412096K)->1343031K(1412096K)
[9.299s][info][gc,metaspace   ] GC(115) Metaspace: 6301K(6464K)->6301K(6464K) NonClass: 5768K(5824K)->5768K(5824K) Class: 533K(640K)->533K(640K)
[9.299s][info][gc             ] GC(115) Pause Young (Allocation Failure) 1355M->1355M(1522M) 40.940ms
[9.299s][info][gc,cpu         ] GC(115) User=0.16s Sys=0.08s Real=0.04s
[9.610s][info][gc,start       ] GC(116) Pause Full (Ergonomics)
[9.610s][info][gc,phases,start] GC(116) Marking Phase
[9.937s][info][gc,phases      ] GC(116) Marking Phase 327.070ms
[9.937s][info][gc,phases,start] GC(116) Summary Phase
[9.937s][info][gc,phases      ] GC(116) Summary Phase 0.029ms
[9.937s][info][gc,phases,start] GC(116) Adjust Roots
[9.937s][info][gc,phases      ] GC(116) Adjust Roots 0.224ms
[9.937s][info][gc,phases,start] GC(116) Compaction Phase
[10.185s][info][gc,phases      ] GC(116) Compaction Phase 247.333ms
[10.185s][info][gc,phases,start] GC(116) Post Compact
[10.188s][info][gc,phases      ] GC(116) Post Compact 3.111ms
[10.189s][info][gc,heap        ] GC(116) PSYoungGen: 70240K(146944K)->32720K(150016K) Eden: 25088K(25088K)->0K(28160K) From: 45152K(121856K)->32720K(121856K)
[10.189s][info][gc,heap        ] GC(116) ParOldGen: 1408567K(1412096K)->1411933K(1555456K)
[10.189s][info][gc,metaspace   ] GC(116) Metaspace: 6301K(6464K)->6301K(6464K) NonClass: 5768K(5824K)->5768K(5824K) Class: 533K(640K)->533K(640K)
[10.189s][info][gc             ] GC(116) Pause Full (Ergonomics) 1444M->1410M(1665M) 579.370ms
[10.189s][info][gc,cpu         ] GC(116) User=3.75s Sys=0.02s Real=0.58s
[10.219s][info][gc,start       ] GC(117) Pause Young (Allocation Failure)
[10.313s][info][gc,heap        ] GC(117) PSYoungGen: 60880K(150016K)->44320K(72704K) Eden: 28160K(28160K)->0K(28160K) From: 32720K(121856K)->44320K(44544K)
[10.313s][info][gc,heap        ] GC(117) ParOldGen: 1411933K(1555456K)->1428981K(1555456K)
[10.313s][info][gc,metaspace   ] GC(117) Metaspace: 6301K(6464K)->6301K(6464K) NonClass: 5768K(5824K)->5768K(5824K) Class: 533K(640K)->533K(640K)
[10.313s][info][gc             ] GC(117) Pause Young (Allocation Failure) 1438M->1438M(1590M) 93.814ms
[10.313s][info][gc,cpu         ] GC(117) User=0.50s Sys=0.02s Real=0.09s
[10.340s][info][gc,start       ] GC(118) Pause Young (Allocation Failure)
[10.379s][info][gc,heap        ] GC(118) PSYoungGen: 72480K(72704K)->72544K(152576K) Eden: 28160K(28160K)->0K(31232K) From: 44320K(44544K)->72544K(121344K)
[10.379s][info][gc,heap        ] GC(118) ParOldGen: 1428981K(1555456K)->1428981K(1555456K)
[10.379s][info][gc,metaspace   ] GC(118) Metaspace: 6301K(6464K)->6301K(6464K) NonClass: 5768K(5824K)->5768K(5824K) Class: 533K(640K)->533K(640K)
[10.379s][info][gc             ] GC(118) Pause Young (Allocation Failure) 1466M->1466M(1668M) 38.430ms
[10.379s][info][gc,cpu         ] GC(118) User=0.25s Sys=0.00s Real=0.04s
[10.409s][info][gc,start       ] GC(119) Pause Young (Allocation Failure)
[10.459s][info][gc,heap        ] GC(119) PSYoungGen: 103776K(152576K)->103808K(152576K) Eden: 31232K(31232K)->0K(31232K) From: 72544K(121344K)->103808K(121344K)
[10.459s][info][gc,heap        ] GC(119) ParOldGen: 1428981K(1555456K)->1428981K(1555456K)
[10.459s][info][gc,metaspace   ] GC(119) Metaspace: 6301K(6464K)->6301K(6464K) NonClass: 5768K(5824K)->5768K(5824K) Class: 533K(640K)->533K(640K)
[10.459s][info][gc             ] GC(119) Pause Young (Allocation Failure) 1496M->1496M(1668M) 50.134ms
[10.459s][info][gc,cpu         ] GC(119) User=0.38s Sys=0.00s Real=0.05s
[10.491s][info][gc,start       ] GC(120) Pause Young (Allocation Failure)
[10.570s][info][gc,heap        ] GC(120) PSYoungGen: 135040K(152576K)->119040K(153600K) Eden: 31232K(31232K)->0K(20992K) From: 103808K(121344K)->119040K(132608K)
[10.570s][info][gc,heap        ] GC(120) ParOldGen: 1428981K(1555456K)->1445205K(1555456K)
[10.570s][info][gc,metaspace   ] GC(120) Metaspace: 6301K(6464K)->6301K(6464K) NonClass: 5768K(5824K)->5768K(5824K) Class: 533K(640K)->533K(640K)
[10.570s][info][gc             ] GC(120) Pause Young (Allocation Failure) 1527M->1527M(1669M) 78.833ms
[10.570s][info][gc,cpu         ] GC(120) User=0.31s Sys=0.17s Real=0.08s
[10.593s][info][gc,start       ] GC(121) Pause Young (Allocation Failure)
[10.668s][info][gc,heap        ] GC(121) PSYoungGen: 140032K(153600K)->111872K(167424K) Eden: 20992K(20992K)->0K(20992K) From: 119040K(132608K)->111872K(146432K)
[10.668s][info][gc,heap        ] GC(121) ParOldGen: 1445205K(1555456K)->1473773K(1555456K)
[10.668s][info][gc,metaspace   ] GC(121) Metaspace: 6301K(6464K)->6301K(6464K) NonClass: 5768K(5824K)->5768K(5824K) Class: 533K(640K)->533K(640K)
[10.668s][info][gc             ] GC(121) Pause Young (Allocation Failure) 1548M->1548M(1682M) 75.011ms
[10.668s][info][gc,cpu         ] GC(121) User=0.47s Sys=0.03s Real=0.08s
[10.689s][info][gc,start       ] GC(122) Pause Young (Allocation Failure)
[10.772s][info][gc,heap        ] GC(122) PSYoungGen: 132864K(167424K)->73408K(163840K) Eden: 20992K(20992K)->0K(24064K) From: 111872K(146432K)->73408K(139776K)
[10.772s][info][gc,heap        ] GC(122) ParOldGen: 1473773K(1555456K)->1534005K(1555456K)
[10.772s][info][gc,metaspace   ] GC(122) Metaspace: 6301K(6464K)->6301K(6464K) NonClass: 5768K(5824K)->5768K(5824K) Class: 533K(640K)->533K(640K)
[10.772s][info][gc             ] GC(122) Pause Young (Allocation Failure) 1568M->1569M(1679M) 83.788ms
[10.772s][info][gc,cpu         ] GC(122) User=0.50s Sys=0.22s Real=0.08s
[10.773s][info][gc,start       ] GC(123) Pause Full (Ergonomics)
[10.773s][info][gc,phases,start] GC(123) Marking Phase
[11.142s][info][gc,phases      ] GC(123) Marking Phase 369.439ms
[11.142s][info][gc,phases,start] GC(123) Summary Phase
[11.142s][info][gc,phases      ] GC(123) Summary Phase 0.049ms
[11.142s][info][gc,phases,start] GC(123) Adjust Roots
[11.142s][info][gc,phases      ] GC(123) Adjust Roots 0.225ms
[11.142s][info][gc,phases,start] GC(123) Compaction Phase
[11.318s][info][gc,phases      ] GC(123) Compaction Phase 175.189ms
[11.318s][info][gc,phases,start] GC(123) Post Compact
[11.321s][info][gc,phases      ] GC(123) Post Compact 3.093ms
[11.322s][info][gc,heap        ] GC(123) PSYoungGen: 73408K(163840K)->50127K(167424K) Eden: 0K(24064K)->0K(27648K) From: 73408K(139776K)->50127K(139776K)
[11.322s][info][gc,heap        ] GC(123) ParOldGen: 1534005K(1555456K)->1555111K(1715200K)
[11.322s][info][gc,metaspace   ] GC(123) Metaspace: 6301K(6464K)->6301K(6464K) NonClass: 5768K(5824K)->5768K(5824K) Class: 533K(640K)->533K(640K)
[11.322s][info][gc             ] GC(123) Pause Full (Ergonomics) 1569M->1567M(1838M) 549.763ms
[11.322s][info][gc,cpu         ] GC(123) User=3.66s Sys=0.05s Real=0.55s
[11.351s][info][gc,start       ] GC(124) Pause Young (Allocation Failure)
[11.463s][info][gc,heap        ] GC(124) PSYoungGen: 77775K(167424K)->42144K(175104K) Eden: 27648K(27648K)->0K(27648K) From: 50127K(139776K)->42144K(147456K)
[11.463s][info][gc,heap        ] GC(124) ParOldGen: 1555111K(1715200K)->1591439K(1715200K)
[11.463s][info][gc,metaspace   ] GC(124) Metaspace: 6301K(6464K)->6301K(6464K) NonClass: 5768K(5824K)->5768K(5824K) Class: 533K(640K)->533K(640K)
[11.463s][info][gc             ] GC(124) Pause Young (Allocation Failure) 1594M->1595M(1846M) 111.888ms
[11.463s][info][gc,cpu         ] GC(124) User=0.72s Sys=0.03s Real=0.11s
[11.492s][info][gc,start       ] GC(125) Pause Young (Allocation Failure)
[11.533s][info][gc,heap        ] GC(125) PSYoungGen: 69792K(175104K)->55520K(166400K) Eden: 27648K(27648K)->0K(31232K) From: 42144K(147456K)->55520K(135168K)
[11.534s][info][gc,heap        ] GC(125) ParOldGen: 1591439K(1715200K)->1606023K(1715200K)
[11.534s][info][gc,metaspace   ] GC(125) Metaspace: 6301K(6464K)->6301K(6464K) NonClass: 5768K(5824K)->5768K(5824K) Class: 533K(640K)->533K(640K)
[11.534s][info][gc             ] GC(125) Pause Young (Allocation Failure) 1622M->1622M(1837M) 41.667ms
[11.534s][info][gc,cpu         ] GC(125) User=0.12s Sys=0.11s Real=0.04s
[11.567s][info][gc,start       ] GC(126) Pause Young (Allocation Failure)
[11.618s][info][gc,heap        ] GC(126) PSYoungGen: 86752K(166400K)->59072K(90624K) Eden: 31232K(31232K)->0K(31232K) From: 55520K(135168K)->59072K(59392K)
[11.618s][info][gc,heap        ] GC(126) ParOldGen: 1606023K(1715200K)->1634087K(1715200K)
[11.618s][info][gc,metaspace   ] GC(126) Metaspace: 6301K(6464K)->6301K(6464K) NonClass: 5768K(5824K)->5768K(5824K) Class: 533K(640K)->533K(640K)
[11.618s][info][gc             ] GC(126) Pause Young (Allocation Failure) 1653M->1653M(1763M) 51.206ms
[11.618s][info][gc,cpu         ] GC(126) User=0.33s Sys=0.05s Real=0.05s
[11.652s][info][gc,start       ] GC(127) Pause Young (Allocation Failure)
[11.705s][info][gc,heap        ] GC(127) PSYoungGen: 90304K(90624K)->62720K(157184K) Eden: 31232K(31232K)->0K(35328K) From: 59072K(59392K)->62720K(121856K)
[11.705s][info][gc,heap        ] GC(127) ParOldGen: 1634087K(1715200K)->1662159K(1715200K)
[11.705s][info][gc,metaspace   ] GC(127) Metaspace: 6301K(6464K)->6301K(6464K) NonClass: 5768K(5824K)->5768K(5824K) Class: 533K(640K)->533K(640K)
[11.705s][info][gc             ] GC(127) Pause Young (Allocation Failure) 1683M->1684M(1828M) 53.266ms
[11.705s][info][gc,cpu         ] GC(127) User=0.23s Sys=0.09s Real=0.05s
[11.705s][info][gc,start       ] GC(128) Pause Full (Ergonomics)
[11.705s][info][gc,phases,start] GC(128) Marking Phase
[12.095s][info][gc,phases      ] GC(128) Marking Phase 390.227ms
[12.095s][info][gc,phases,start] GC(128) Summary Phase
[12.095s][info][gc,phases      ] GC(128) Summary Phase 0.039ms
[12.095s][info][gc,phases,start] GC(128) Adjust Roots
[12.096s][info][gc,phases      ] GC(128) Adjust Roots 0.230ms
[12.096s][info][gc,phases,start] GC(128) Compaction Phase
[12.271s][info][gc,phases      ] GC(128) Compaction Phase 175.402ms
[12.271s][info][gc,phases,start] GC(128) Post Compact
[12.275s][info][gc,phases      ] GC(128) Post Compact 3.786ms
[12.276s][info][gc,heap        ] GC(128) PSYoungGen: 62720K(157184K)->7734K(161792K) Eden: 0K(35328K)->0K(39936K) From: 62720K(121856K)->7734K(121856K)
[12.276s][info][gc,heap        ] GC(128) ParOldGen: 1662159K(1715200K)->1715138K(1883648K)
[12.276s][info][gc,metaspace   ] GC(128) Metaspace: 6301K(6464K)->6301K(6464K) NonClass: 5768K(5824K)->5768K(5824K) Class: 533K(640K)->533K(640K)
[12.276s][info][gc             ] GC(128) Pause Full (Ergonomics) 1684M->1682M(1997M) 571.450ms
[12.276s][info][gc,cpu         ] GC(128) User=3.92s Sys=0.12s Real=0.57s
[12.322s][info][gc,start       ] GC(129) Pause Young (Allocation Failure)
[12.421s][info][gc,heap        ] GC(129) PSYoungGen: 47670K(161792K)->40128K(167936K) Eden: 39936K(39936K)->0K(39936K) From: 7734K(121856K)->40128K(128000K)
[12.421s][info][gc,heap        ] GC(129) ParOldGen: 1715138K(1883648K)->1723018K(1883648K)
[12.421s][info][gc,metaspace   ] GC(129) Metaspace: 6301K(6464K)->6301K(6464K) NonClass: 5768K(5824K)->5768K(5824K) Class: 533K(640K)->533K(640K)
[12.421s][info][gc             ] GC(129) Pause Young (Allocation Failure) 1721M->1721M(2003M) 99.461ms
[12.421s][info][gc,cpu         ] GC(129) User=0.59s Sys=0.02s Real=0.10s
[12.466s][info][gc,start       ] GC(130) Pause Young (Allocation Failure)
[12.511s][info][gc,heap        ] GC(130) PSYoungGen: 80064K(167936K)->80096K(169472K) Eden: 39936K(39936K)->0K(44032K) From: 40128K(128000K)->80096K(125440K)
[12.511s][info][gc,heap        ] GC(130) ParOldGen: 1723018K(1883648K)->1723018K(1883648K)
[12.511s][info][gc,metaspace   ] GC(130) Metaspace: 6301K(6464K)->6301K(6464K) NonClass: 5768K(5824K)->5768K(5824K) Class: 533K(640K)->533K(640K)
[12.511s][info][gc             ] GC(130) Pause Young (Allocation Failure) 1760M->1760M(2005M) 45.332ms
[12.511s][info][gc,cpu         ] GC(130) User=0.25s Sys=0.00s Real=0.04s
[12.557s][info][gc,start       ] GC(131) Pause Young (Allocation Failure)
[12.618s][info][gc,heap        ] GC(131) PSYoungGen: 124128K(169472K)->124224K(169984K) Eden: 44032K(44032K)->0K(44032K) From: 80096K(125440K)->124224K(125952K)
[12.618s][info][gc,heap        ] GC(131) ParOldGen: 1723018K(1883648K)->1723018K(1883648K)
[12.618s][info][gc,metaspace   ] GC(131) Metaspace: 6301K(6464K)->6301K(6464K) NonClass: 5768K(5824K)->5768K(5824K) Class: 533K(640K)->533K(640K)
[12.618s][info][gc             ] GC(131) Pause Young (Allocation Failure) 1803M->1803M(2005M) 61.271ms
[12.618s][info][gc,cpu         ] GC(131) User=0.39s Sys=0.00s Real=0.06s
[12.670s][info][gc,start       ] GC(132) Pause Young (Allocation Failure)
[12.779s][info][gc,heap        ] GC(132) PSYoungGen: 168256K(169984K)->128352K(176128K) Eden: 44032K(44032K)->0K(34304K) From: 124224K(125952K)->128352K(141824K)
[12.779s][info][gc,heap        ] GC(132) ParOldGen: 1723018K(1883648K)->1763554K(1883648K)
[12.779s][info][gc,metaspace   ] GC(132) Metaspace: 6301K(6464K)->6301K(6464K) NonClass: 5768K(5824K)->5768K(5824K) Class: 533K(640K)->533K(640K)
[12.779s][info][gc             ] GC(132) Pause Young (Allocation Failure) 1846M->1847M(2011M) 108.829ms
[12.779s][info][gc,cpu         ] GC(132) User=0.58s Sys=0.17s Real=0.11s
[12.817s][info][gc,start       ] GC(133) Pause Young (Allocation Failure)
[12.912s][info][gc,heap        ] GC(133) PSYoungGen: 162656K(176128K)->122656K(190464K) Eden: 34304K(34304K)->0K(34304K) From: 128352K(141824K)->122656K(156160K)
[12.912s][info][gc,heap        ] GC(133) ParOldGen: 1763554K(1883648K)->1804074K(1883648K)
[12.912s][info][gc,metaspace   ] GC(133) Metaspace: 6301K(6464K)->6301K(6464K) NonClass: 5768K(5824K)->5768K(5824K) Class: 533K(640K)->533K(640K)
[12.912s][info][gc             ] GC(133) Pause Young (Allocation Failure) 1881M->1881M(2025M) 95.860ms
[12.912s][info][gc,cpu         ] GC(133) User=0.56s Sys=0.06s Real=0.10s
[12.952s][info][gc,start       ] GC(134) Pause Young (Allocation Failure)
[13.046s][info][gc,heap        ] GC(134) PSYoungGen: 156960K(190464K)->112928K(200192K) Eden: 34304K(34304K)->0K(35328K) From: 122656K(156160K)->112928K(164864K)
[13.046s][info][gc,heap        ] GC(134) ParOldGen: 1804074K(1883648K)->1848738K(1883648K)
[13.046s][info][gc,metaspace   ] GC(134) Metaspace: 6301K(6464K)->6301K(6464K) NonClass: 5768K(5824K)->5768K(5824K) Class: 533K(640K)->533K(640K)
[13.046s][info][gc             ] GC(134) Pause Young (Allocation Failure) 1915M->1915M(2035M) 94.603ms
[13.046s][info][gc,cpu         ] GC(134) User=0.48s Sys=0.11s Real=0.10s
[13.046s][info][gc,start       ] GC(135) Pause Full (Ergonomics)
[13.046s][info][gc,phases,start] GC(135) Marking Phase
[13.497s][info][gc,phases      ] GC(135) Marking Phase 450.930ms
[13.497s][info][gc,phases,start] GC(135) Summary Phase
[13.497s][info][gc,phases      ] GC(135) Summary Phase 0.043ms
[13.497s][info][gc,phases,start] GC(135) Adjust Roots
[13.498s][info][gc,phases      ] GC(135) Adjust Roots 0.188ms
[13.498s][info][gc,phases,start] GC(135) Compaction Phase
[13.705s][info][gc,phases      ] GC(135) Compaction Phase 207.177ms
[13.705s][info][gc,phases,start] GC(135) Post Compact
[13.709s][info][gc,phases      ] GC(135) Post Compact 3.802ms
[13.710s][info][gc,heap        ] GC(135) PSYoungGen: 112928K(200192K)->75753K(200192K) Eden: 0K(35328K)->0K(35328K) From: 112928K(164864K)->75753K(164864K)
[13.710s][info][gc,heap        ] GC(135) ParOldGen: 1848738K(1883648K)->1883475K(2073600K)
[13.710s][info][gc,metaspace   ] GC(135) Metaspace: 6301K(6464K)->6301K(6464K) NonClass: 5768K(5824K)->5768K(5824K) Class: 533K(640K)->533K(640K)
[13.710s][info][gc             ] GC(135) Pause Full (Ergonomics) 1915M->1913M(2220M) 663.557ms
[13.710s][info][gc,cpu         ] GC(135) User=4.83s Sys=0.06s Real=0.66s
[13.753s][info][gc,start       ] GC(136) Pause Young (Allocation Failure)
[13.908s][info][gc,heap        ] GC(136) PSYoungGen: 111081K(200192K)->59232K(203776K) Eden: 35328K(35328K)->0K(35328K) From: 75753K(164864K)->59232K(168448K)
[13.908s][info][gc,heap        ] GC(136) ParOldGen: 1883475K(2073600K)->1936307K(2073600K)
[13.908s][info][gc,metaspace   ] GC(136) Metaspace: 6301K(6464K)->6301K(6464K) NonClass: 5768K(5824K)->5768K(5824K) Class: 533K(640K)->533K(640K)
[13.908s][info][gc             ] GC(136) Pause Young (Allocation Failure) 1947M->1948M(2224M) 155.490ms
[13.908s][info][gc,cpu         ] GC(136) User=0.88s Sys=0.12s Real=0.16s
[13.953s][info][gc,start       ] GC(137) Pause Young (Allocation Failure)
[14.013s][info][gc,heap        ] GC(137) PSYoungGen: 94560K(203776K)->70880K(191488K) Eden: 35328K(35328K)->0K(39424K) From: 59232K(168448K)->70880K(152064K)
[14.013s][info][gc,heap        ] GC(137) ParOldGen: 1936307K(2073600K)->1960331K(2073600K)
[14.013s][info][gc,metaspace   ] GC(137) Metaspace: 6301K(6464K)->6301K(6464K) NonClass: 5768K(5824K)->5768K(5824K) Class: 533K(640K)->533K(640K)
[14.013s][info][gc             ] GC(137) Pause Young (Allocation Failure) 1983M->1983M(2212M) 60.044ms
[14.013s][info][gc,cpu         ] GC(137) User=0.38s Sys=0.02s Real=0.06s
[14.055s][info][gc,start       ] GC(138) Pause Young (Allocation Failure)
[14.122s][info][gc,heap        ] GC(138) PSYoungGen: 110304K(191488K)->74976K(114688K) Eden: 39424K(39424K)->0K(39424K) From: 70880K(152064K)->74976K(75264K)
[14.122s][info][gc,heap        ] GC(138) ParOldGen: 1960331K(2073600K)->1996195K(2073600K)
[14.122s][info][gc,metaspace   ] GC(138) Metaspace: 6301K(6464K)->6301K(6464K) NonClass: 5768K(5824K)->5768K(5824K) Class: 533K(640K)->533K(640K)
[14.122s][info][gc             ] GC(138) Pause Young (Allocation Failure) 2022M->2022M(2137M) 66.876ms
[14.122s][info][gc,cpu         ] GC(138) User=0.31s Sys=0.08s Real=0.07s
[14.164s][info][gc,start       ] GC(139) Pause Young (Allocation Failure)
[14.235s][info][gc,heap        ] GC(139) PSYoungGen: 114400K(114688K)->79104K(182272K) Eden: 39424K(39424K)->0K(44544K) From: 74976K(75264K)->79104K(137728K)
[14.235s][info][gc,heap        ] GC(139) ParOldGen: 1996195K(2073600K)->2032059K(2073600K)
[14.235s][info][gc,metaspace   ] GC(139) Metaspace: 6301K(6464K)->6301K(6464K) NonClass: 5768K(5824K)->5768K(5824K) Class: 533K(640K)->533K(640K)
[14.235s][info][gc             ] GC(139) Pause Young (Allocation Failure) 2061M->2061M(2203M) 71.743ms
[14.235s][info][gc,cpu         ] GC(139) User=0.25s Sys=0.23s Real=0.07s
[14.235s][info][gc,start       ] GC(140) Pause Full (Ergonomics)
[14.236s][info][gc,phases,start] GC(140) Marking Phase
[14.723s][info][gc,phases      ] GC(140) Marking Phase 487.127ms
[14.723s][info][gc,phases,start] GC(140) Summary Phase
[14.723s][info][gc,phases      ] GC(140) Summary Phase 0.044ms
[14.723s][info][gc,phases,start] GC(140) Adjust Roots
[14.723s][info][gc,phases      ] GC(140) Adjust Roots 0.182ms
[14.723s][info][gc,phases,start] GC(140) Compaction Phase
[14.937s][info][gc,phases      ] GC(140) Compaction Phase 213.830ms
[14.937s][info][gc,phases,start] GC(140) Post Compact
[14.941s][info][gc,phases      ] GC(140) Post Compact 4.204ms
[14.943s][info][gc,heap        ] GC(140) PSYoungGen: 79104K(182272K)->35349K(187904K) Eden: 0K(44544K)->0K(50176K) From: 79104K(137728K)->35349K(137728K)
[14.943s][info][gc,heap        ] GC(140) ParOldGen: 2032059K(2073600K)->2073251K(2277888K)
[14.943s][info][gc,metaspace   ] GC(140) Metaspace: 6301K(6464K)->6301K(6464K) NonClass: 5768K(5824K)->5768K(5824K) Class: 533K(640K)->533K(640K)
[14.943s][info][gc             ] GC(140) Pause Full (Ergonomics) 2061M->2059M(2408M) 707.581ms
[14.943s][info][gc,cpu         ] GC(140) User=4.80s Sys=0.02s Real=0.71s
[14.994s][info][gc,start       ] GC(141) Pause Young (Allocation Failure)
[15.141s][info][gc,heap        ] GC(141) PSYoungGen: 85525K(187904K)->70176K(194560K) Eden: 50176K(50176K)->0K(50176K) From: 35349K(137728K)->70176K(144384K)
[15.141s][info][gc,heap        ] GC(141) ParOldGen: 2073251K(2277888K)->2089115K(2277888K)
[15.141s][info][gc,metaspace   ] GC(141) Metaspace: 6301K(6464K)->6301K(6464K) NonClass: 5768K(5824K)->5768K(5824K) Class: 533K(640K)->533K(640K)
[15.141s][info][gc             ] GC(141) Pause Young (Allocation Failure) 2108M->2108M(2414M) 146.644ms
[15.141s][info][gc,cpu         ] GC(141) User=0.88s Sys=0.11s Real=0.15s
[15.202s][info][gc,start       ] GC(142) Pause Young (Allocation Failure)
[15.268s][info][gc,heap        ] GC(142) PSYoungGen: 120352K(194560K)->120416K(185856K) Eden: 50176K(50176K)->0K(46080K) From: 70176K(144384K)->120416K(139776K)
[15.268s][info][gc,heap        ] GC(142) ParOldGen: 2089115K(2277888K)->2089115K(2277888K)
[15.268s][info][gc,metaspace   ] GC(142) Metaspace: 6301K(6464K)->6301K(6464K) NonClass: 5768K(5824K)->5768K(5824K) Class: 533K(640K)->533K(640K)
[15.268s][info][gc             ] GC(142) Pause Young (Allocation Failure) 2157M->2157M(2406M) 66.066ms
[15.268s][info][gc,cpu         ] GC(142) User=0.36s Sys=0.00s Real=0.07s
[15.327s][info][gc,start       ] GC(143) Pause Young (Allocation Failure)
[15.420s][info][gc,heap        ] GC(143) PSYoungGen: 166496K(185856K)->148992K(195072K) Eden: 46080K(46080K)->0K(46080K) From: 120416K(139776K)->148992K(148992K)
[15.421s][info][gc,heap        ] GC(143) ParOldGen: 2089115K(2277888K)->2106763K(2277888K)
[15.421s][info][gc,metaspace   ] GC(143) Metaspace: 6301K(6464K)->6301K(6464K) NonClass: 5768K(5824K)->5768K(5824K) Class: 533K(640K)->533K(640K)
[15.421s][info][gc             ] GC(143) Pause Young (Allocation Failure) 2202M->2202M(2415M) 93.805ms
[15.421s][info][gc,cpu         ] GC(143) User=0.52s Sys=0.06s Real=0.09s
[15.474s][info][gc,start       ] GC(144) Pause Young (Allocation Failure)
[15.604s][info][gc,heap        ] GC(144) PSYoungGen: 195072K(195072K)->134592K(216064K) Eden: 46080K(46080K)->0K(43008K) From: 148992K(148992K)->134592K(173056K)
[15.604s][info][gc,heap        ] GC(144) ParOldGen: 2106763K(2277888K)->2168243K(2277888K)
[15.604s][info][gc,metaspace   ] GC(144) Metaspace: 6301K(6464K)->6301K(6464K) NonClass: 5768K(5824K)->5768K(5824K) Class: 533K(640K)->533K(640K)
[15.604s][info][gc             ] GC(144) Pause Young (Allocation Failure) 2247M->2248M(2435M) 130.461ms
[15.604s][info][gc,cpu         ] GC(144) User=0.66s Sys=0.20s Real=0.13s
[15.654s][info][gc,start       ] GC(145) Pause Young (Allocation Failure)
[15.763s][info][gc,heap        ] GC(145) PSYoungGen: 177600K(216064K)->131872K(224256K) Eden: 43008K(43008K)->0K(43008K) From: 134592K(173056K)->131872K(181248K)
[15.763s][info][gc,heap        ] GC(145) ParOldGen: 2168243K(2277888K)->2214643K(2277888K)
[15.763s][info][gc,metaspace   ] GC(145) Metaspace: 6301K(6464K)->6301K(6464K) NonClass: 5768K(5824K)->5768K(5824K) Class: 533K(640K)->533K(640K)
[15.763s][info][gc             ] GC(145) Pause Young (Allocation Failure) 2290M->2291M(2443M) 108.985ms
[15.763s][info][gc,cpu         ] GC(145) User=0.64s Sys=0.08s Real=0.11s
[15.763s][info][gc,start       ] GC(146) Pause Full (Ergonomics)
[15.763s][info][gc,phases,start] GC(146) Marking Phase
[16.293s][info][gc,phases      ] GC(146) Marking Phase 530.386ms
[16.293s][info][gc,phases,start] GC(146) Summary Phase
[16.293s][info][gc,phases      ] GC(146) Summary Phase 0.060ms
[16.293s][info][gc,phases,start] GC(146) Adjust Roots
[16.294s][info][gc,phases      ] GC(146) Adjust Roots 0.239ms
[16.294s][info][gc,phases,start] GC(146) Compaction Phase
[16.541s][info][gc,phases      ] GC(146) Compaction Phase 246.957ms
[16.541s][info][gc,phases,start] GC(146) Post Compact
[16.546s][info][gc,phases      ] GC(146) Post Compact 5.263ms
[16.548s][info][gc,heap        ] GC(146) PSYoungGen: 131872K(224256K)->66526K(224256K) Eden: 0K(43008K)->0K(43008K) From: 131872K(181248K)->66526K(181248K)
[16.548s][info][gc,heap        ] GC(146) ParOldGen: 2214643K(2277888K)->2277442K(2503168K)
[16.548s][info][gc,metaspace   ] GC(146) Metaspace: 6301K(6464K)->6301K(6464K) NonClass: 5768K(5824K)->5768K(5824K) Class: 533K(640K)->533K(640K)
[16.548s][info][gc             ] GC(146) Pause Full (Ergonomics) 2291M->2289M(2663M) 785.232ms
[16.548s][info][gc,cpu         ] GC(146) User=5.34s Sys=0.20s Real=0.79s
[16.597s][info][gc,start       ] GC(147) Pause Young (Allocation Failure)
[16.775s][info][gc,heap        ] GC(147) PSYoungGen: 109534K(224256K)->66912K(226304K) Eden: 43008K(43008K)->0K(47616K) From: 66526K(181248K)->66912K(178688K)
[16.775s][info][gc,heap        ] GC(147) ParOldGen: 2277442K(2503168K)->2320794K(2503168K)
[16.775s][info][gc,metaspace   ] GC(147) Metaspace: 6301K(6464K)->6301K(6464K) NonClass: 5768K(5824K)->5768K(5824K) Class: 533K(640K)->533K(640K)
[16.775s][info][gc             ] GC(147) Pause Young (Allocation Failure) 2331M->2331M(2665M) 177.645ms
[16.775s][info][gc,cpu         ] GC(147) User=0.98s Sys=0.09s Real=0.18s
[16.833s][info][gc,start       ] GC(148) Pause Young (Allocation Failure)
[16.901s][info][gc,heap        ] GC(148) PSYoungGen: 114528K(226304K)->90912K(138752K) Eden: 47616K(47616K)->0K(47616K) From: 66912K(178688K)->90912K(91136K)
[16.902s][info][gc,heap        ] GC(148) ParOldGen: 2320794K(2503168K)->2344682K(2503168K)
[16.902s][info][gc,metaspace   ] GC(148) Metaspace: 6301K(6464K)->6301K(6464K) NonClass: 5768K(5824K)->5768K(5824K) Class: 533K(640K)->533K(640K)
[16.902s][info][gc             ] GC(148) Pause Young (Allocation Failure) 2378M->2378M(2580M) 68.540ms
[16.902s][info][gc,cpu         ] GC(148) User=0.33s Sys=0.02s Real=0.07s
[16.958s][info][gc,start       ] GC(149) Pause Young (Allocation Failure)
[17.046s][info][gc,heap        ] GC(149) PSYoungGen: 138528K(138752K)->95488K(213504K) Eden: 47616K(47616K)->0K(53248K) From: 90912K(91136K)->95488K(160256K)
[17.046s][info][gc,heap        ] GC(149) ParOldGen: 2344682K(2503168K)->2388074K(2503168K)
[17.046s][info][gc,metaspace   ] GC(149) Metaspace: 6301K(6464K)->6301K(6464K) NonClass: 5768K(5824K)->5768K(5824K) Class: 533K(640K)->533K(640K)
[17.046s][info][gc             ] GC(149) Pause Young (Allocation Failure) 2425M->2425M(2653M) 87.882ms
[17.046s][info][gc,cpu         ] GC(149) User=0.45s Sys=0.11s Real=0.09s
[17.111s][info][gc,start       ] GC(150) Pause Young (Allocation Failure)
[17.210s][info][gc,heap        ] GC(150) PSYoungGen: 148736K(213504K)->101152K(220672K) Eden: 53248K(53248K)->0K(53248K) From: 95488K(160256K)->101152K(167424K)
[17.210s][info][gc,heap        ] GC(150) ParOldGen: 2388074K(2503168K)->2436122K(2503168K)
[17.210s][info][gc,metaspace   ] GC(150) Metaspace: 6301K(6464K)->6301K(6464K) NonClass: 5768K(5824K)->5768K(5824K) Class: 533K(640K)->533K(640K)
[17.210s][info][gc             ] GC(150) Pause Young (Allocation Failure) 2477M->2477M(2660M) 98.329ms
[17.210s][info][gc,cpu         ] GC(150) User=0.59s Sys=0.11s Real=0.10s
[17.210s][info][gc,start       ] GC(151) Pause Full (Ergonomics)
[17.210s][info][gc,phases,start] GC(151) Marking Phase
[17.805s][info][gc,phases      ] GC(151) Marking Phase 595.422ms
[17.805s][info][gc,phases,start] GC(151) Summary Phase
[17.805s][info][gc,phases      ] GC(151) Summary Phase 0.045ms
[17.805s][info][gc,phases,start] GC(151) Adjust Roots
[17.806s][info][gc,phases      ] GC(151) Adjust Roots 0.161ms
[17.806s][info][gc,phases,start] GC(151) Compaction Phase
[18.038s][info][gc,phases      ] GC(151) Compaction Phase 232.134ms
[18.038s][info][gc,phases,start] GC(151) Post Compact
[18.043s][info][gc,phases      ] GC(151) Post Compact 5.151ms
[18.045s][info][gc,heap        ] GC(151) PSYoungGen: 101152K(220672K)->32325K(220672K) Eden: 0K(53248K)->0K(53248K) From: 101152K(167424K)->32325K(167424K)
[18.045s][info][gc,heap        ] GC(151) ParOldGen: 2436122K(2503168K)->2503012K(2746368K)
[18.045s][info][gc,metaspace   ] GC(151) Metaspace: 6301K(6464K)->6301K(6464K) NonClass: 5768K(5824K)->5768K(5824K) Class: 533K(640K)->533K(640K)
[18.045s][info][gc             ] GC(151) Pause Full (Ergonomics) 2477M->2475M(2897M) 834.977ms
[18.045s][info][gc,cpu         ] GC(151) User=6.16s Sys=0.22s Real=0.83s
[18.110s][info][gc,start       ] GC(152) Pause Young (Allocation Failure)
[18.272s][info][gc,heap        ] GC(152) PSYoungGen: 85573K(220672K)->67168K(215552K) Eden: 53248K(53248K)->0K(58368K) From: 32325K(167424K)->67168K(157184K)
[18.272s][info][gc,heap        ] GC(152) ParOldGen: 2503012K(2746368K)->2521884K(2746368K)
[18.272s][info][gc,metaspace   ] GC(152) Metaspace: 6301K(6464K)->6301K(6464K) NonClass: 5768K(5824K)->5768K(5824K) Class: 533K(640K)->533K(640K)
[18.272s][info][gc             ] GC(152) Pause Young (Allocation Failure) 2527M->2528M(2892M) 162.358ms
[18.272s][info][gc,cpu         ] GC(152) User=1.05s Sys=0.06s Real=0.16s
[18.346s][info][gc,start       ] GC(153) Pause Young (Allocation Failure)
[18.415s][info][gc,heap        ] GC(153) PSYoungGen: 125536K(215552K)->125600K(218624K) Eden: 58368K(58368K)->0K(58368K) From: 67168K(157184K)->125600K(160256K)
[18.415s][info][gc,heap        ] GC(153) ParOldGen: 2521884K(2746368K)->2521884K(2746368K)
[18.415s][info][gc,metaspace   ] GC(153) Metaspace: 6301K(6464K)->6301K(6464K) NonClass: 5768K(5824K)->5768K(5824K) Class: 533K(640K)->533K(640K)
[18.415s][info][gc             ] GC(153) Pause Young (Allocation Failure) 2585M->2585M(2895M) 68.968ms
[18.415s][info][gc,cpu         ] GC(153) User=0.38s Sys=0.00s Real=0.07s
[18.489s][info][gc,start       ] GC(154) Pause Young (Allocation Failure)
[18.602s][info][gc,heap        ] GC(154) PSYoungGen: 183968K(218624K)->165888K(204800K) Eden: 58368K(58368K)->0K(38912K) From: 125600K(160256K)->165888K(165888K)
[18.602s][info][gc,heap        ] GC(154) ParOldGen: 2521884K(2746368K)->2540116K(2746368K)
[18.602s][info][gc,metaspace   ] GC(154) Metaspace: 6301K(6464K)->6301K(6464K) NonClass: 5768K(5824K)->5768K(5824K) Class: 533K(640K)->533K(640K)
[18.602s][info][gc             ] GC(154) Pause Young (Allocation Failure) 2642M->2642M(2882M) 112.215ms
[18.602s][info][gc,cpu         ] GC(154) User=0.59s Sys=0.12s Real=0.11s
[18.645s][info][gc,start       ] GC(155) Pause Young (Allocation Failure)
[18.771s][info][gc,heap        ] GC(155) PSYoungGen: 204800K(204800K)->145920K(229888K) Eden: 38912K(38912K)->0K(38912K) From: 165888K(165888K)->145920K(190976K)
[18.771s][info][gc,heap        ] GC(155) ParOldGen: 2540116K(2746368K)->2599620K(2746368K)
[18.771s][info][gc,metaspace   ] GC(155) Metaspace: 6301K(6464K)->6301K(6464K) NonClass: 5768K(5824K)->5768K(5824K) Class: 533K(640K)->533K(640K)
[18.771s][info][gc             ] GC(155) Pause Young (Allocation Failure) 2680M->2681M(2906M) 125.970ms
[18.771s][info][gc,cpu         ] GC(155) User=0.77s Sys=0.08s Real=0.13s
[18.814s][info][gc,start       ] GC(156) Pause Young (Allocation Failure)
[18.930s][info][gc,heap        ] GC(156) PSYoungGen: 184832K(229888K)->131360K(241152K) Eden: 38912K(38912K)->0K(44032K) From: 145920K(190976K)->131360K(197120K)
[18.930s][info][gc,heap        ] GC(156) ParOldGen: 2599620K(2746368K)->2653572K(2746368K)
[18.930s][info][gc,metaspace   ] GC(156) Metaspace: 6301K(6464K)->6301K(6464K) NonClass: 5768K(5824K)->5768K(5824K) Class: 533K(640K)->533K(640K)
[18.930s][info][gc             ] GC(156) Pause Young (Allocation Failure) 2719M->2719M(2917M) 115.897ms
[18.930s][info][gc,cpu         ] GC(156) User=0.69s Sys=0.16s Real=0.12s
[18.981s][info][gc,start       ] GC(157) Pause Young (Allocation Failure)
[19.111s][info][gc,heap        ] GC(157) PSYoungGen: 175392K(241152K)->83168K(241152K) Eden: 44032K(44032K)->0K(44032K) From: 131360K(197120K)->83168K(197120K)
[19.111s][info][gc,heap        ] GC(157) ParOldGen: 2653572K(2746368K)->2746500K(2746880K)
[19.111s][info][gc,metaspace   ] GC(157) Metaspace: 6301K(6464K)->6301K(6464K) NonClass: 5768K(5824K)->5768K(5824K) Class: 533K(640K)->533K(640K)
[19.111s][info][gc             ] GC(157) Pause Young (Allocation Failure) 2762M->2763M(2918M) 130.604ms
[19.111s][info][gc,cpu         ] GC(157) User=0.48s Sys=0.39s Real=0.13s
[19.111s][info][gc,start       ] GC(158) Pause Full (Ergonomics)
[19.111s][info][gc,phases,start] GC(158) Marking Phase
[19.764s][info][gc,phases      ] GC(158) Marking Phase 653.125ms
[19.764s][info][gc,phases,start] GC(158) Summary Phase
[19.764s][info][gc,phases      ] GC(158) Summary Phase 0.039ms
[19.764s][info][gc,phases,start] GC(158) Adjust Roots
[19.765s][info][gc,phases      ] GC(158) Adjust Roots 0.187ms
[19.765s][info][gc,phases,start] GC(158) Compaction Phase
[20.025s][info][gc,phases      ] GC(158) Compaction Phase 260.209ms
[20.025s][info][gc,phases,start] GC(158) Post Compact
[20.030s][info][gc,phases      ] GC(158) Post Compact 4.986ms
[20.032s][info][gc,heap        ] GC(158) PSYoungGen: 83168K(241152K)->80323K(241152K) Eden: 0K(44032K)->0K(44032K) From: 83168K(197120K)->80323K(197120K)
[20.032s][info][gc,heap        ] GC(158) ParOldGen: 2746500K(2746880K)->2746669K(3031040K)
[20.032s][info][gc,metaspace   ] GC(158) Metaspace: 6301K(6464K)->6301K(6464K) NonClass: 5768K(5824K)->5768K(5824K) Class: 533K(640K)->533K(640K)
[20.032s][info][gc             ] GC(158) Pause Full (Ergonomics) 2763M->2760M(3195M) 920.849ms
[20.032s][info][gc,cpu         ] GC(158) User=6.64s Sys=0.05s Real=0.92s
[20.685s][info][gc,start       ] GC(159) Pause Young (Allocation Failure)
[20.876s][info][gc,heap        ] GC(159) PSYoungGen: 124355K(241152K)->44224K(241152K) Eden: 44032K(44032K)->0K(47616K) From: 80323K(197120K)->44224K(193536K)
[20.876s][info][gc,heap        ] GC(159) ParOldGen: 2877741K(3031040K)->2958821K(3031040K)
[20.876s][info][gc,metaspace   ] GC(159) Metaspace: 6301K(6464K)->6301K(6464K) NonClass: 5768K(5824K)->5768K(5824K) Class: 533K(640K)->533K(640K)
[20.876s][info][gc             ] GC(159) Pause Young (Allocation Failure) 2931M->2932M(3195M) 191.177ms
[20.876s][info][gc,cpu         ] GC(159) User=1.11s Sys=0.17s Real=0.19s
[20.876s][info][gc,start       ] GC(160) Pause Full (Ergonomics)
[20.876s][info][gc,phases,start] GC(160) Marking Phase
[21.551s][info][gc,phases      ] GC(160) Marking Phase 674.207ms
[21.551s][info][gc,phases,start] GC(160) Summary Phase
[21.551s][info][gc,phases      ] GC(160) Summary Phase 0.091ms
[21.551s][info][gc,phases,start] GC(160) Adjust Roots
[21.551s][info][gc,phases      ] GC(160) Adjust Roots 0.271ms
[21.551s][info][gc,phases,start] GC(160) Compaction Phase
[22.010s][info][gc,phases      ] GC(160) Compaction Phase 458.602ms
[22.010s][info][gc,phases,start] GC(160) Post Compact
[22.017s][info][gc,phases      ] GC(160) Post Compact 7.436ms
[22.019s][info][gc,heap        ] GC(160) PSYoungGen: 44224K(241152K)->0K(243712K) Eden: 0K(47616K)->0K(47616K) From: 44224K(193536K)->0K(196096K)
[22.019s][info][gc,heap        ] GC(160) ParOldGen: 2958821K(3031040K)->2936527K(3251200K)
[22.019s][info][gc,metaspace   ] GC(160) Metaspace: 6301K(6464K)->6301K(6464K) NonClass: 5768K(5824K)->5768K(5824K) Class: 533K(640K)->533K(640K)
[22.019s][info][gc             ] GC(160) Pause Full (Ergonomics) 2932M->2867M(3413M) 1143.168ms
[22.020s][info][gc,cpu         ] GC(160) User=7.66s Sys=0.05s Real=1.14s
[22.070s][info][gc,start       ] GC(161) Pause Young (Allocation Failure)
[22.116s][info][gc,heap        ] GC(161) PSYoungGen: 47616K(243712K)->47776K(245760K) Eden: 47616K(47616K)->0K(51712K) From: 0K(196096K)->47776K(194048K)
[22.117s][info][gc,heap        ] GC(161) ParOldGen: 2936527K(3251200K)->2936527K(3251200K)
[22.117s][info][gc,metaspace   ] GC(161) Metaspace: 6301K(6464K)->6301K(6464K) NonClass: 5768K(5824K)->5768K(5824K) Class: 533K(640K)->533K(640K)
[22.117s][info][gc             ] GC(161) Pause Young (Allocation Failure) 2914M->2914M(3415M) 46.113ms
[22.117s][info][gc,cpu         ] GC(161) User=0.12s Sys=0.00s Real=0.05s
[22.173s][info][gc,start       ] GC(162) Pause Young (Allocation Failure)
[22.234s][info][gc,heap        ] GC(162) PSYoungGen: 99488K(245760K)->99584K(151552K) Eden: 51712K(51712K)->0K(51712K) From: 47776K(194048K)->99584K(99840K)
[22.234s][info][gc,heap        ] GC(162) ParOldGen: 2936527K(3251200K)->2936527K(3251200K)
[22.234s][info][gc,metaspace   ] GC(162) Metaspace: 6301K(6464K)->6301K(6464K) NonClass: 5768K(5824K)->5768K(5824K) Class: 533K(640K)->533K(640K)
[22.234s][info][gc             ] GC(162) Pause Young (Allocation Failure) 2964M->2964M(3323M) 61.380ms
[22.234s][info][gc,cpu         ] GC(162) User=0.17s Sys=0.00s Real=0.06s
[22.286s][info][gc,start       ] GC(163) Pause Young (Allocation Failure)
[22.362s][info][gc,heap        ] GC(163) PSYoungGen: 151296K(151552K)->151424K(232448K) Eden: 51712K(51712K)->0K(45568K) From: 99584K(99840K)->151424K(186880K)
[22.362s][info][gc,heap        ] GC(163) ParOldGen: 2936527K(3251200K)->2936527K(3251200K)
[22.362s][info][gc,metaspace   ] GC(163) Metaspace: 6301K(6464K)->6301K(6464K) NonClass: 5768K(5824K)->5768K(5824K) Class: 533K(640K)->533K(640K)
[22.362s][info][gc             ] GC(163) Pause Young (Allocation Failure) 3015M->3015M(3402M) 76.132ms
[22.362s][info][gc,cpu         ] GC(163) User=0.36s Sys=0.00s Real=0.08s
[22.409s][info][gc,start       ] GC(164) Pause Young (Allocation Failure)
[22.499s][info][gc,heap        ] GC(164) PSYoungGen: 196992K(232448K)->197024K(243712K) Eden: 45568K(45568K)->0K(45568K) From: 151424K(186880K)->197024K(198144K)
[22.499s][info][gc,heap        ] GC(164) ParOldGen: 2936527K(3251200K)->2936527K(3251200K)
[22.499s][info][gc,metaspace   ] GC(164) Metaspace: 6301K(6464K)->6301K(6464K) NonClass: 5768K(5824K)->5768K(5824K) Class: 533K(640K)->533K(640K)
[22.499s][info][gc             ] GC(164) Pause Young (Allocation Failure) 3060M->3060M(3413M) 90.637ms
[22.499s][info][gc,cpu         ] GC(164) User=0.53s Sys=0.00s Real=0.09s
[22.548s][info][gc,start       ] GC(165) Pause Young (Allocation Failure)
[22.692s][info][gc,heap        ] GC(165) PSYoungGen: 242592K(243712K)->194976K(254976K) Eden: 45568K(45568K)->0K(31232K) From: 197024K(198144K)->194976K(223744K)
[22.692s][info][gc,heap        ] GC(165) ParOldGen: 2936527K(3251200K)->2984575K(3251200K)
[22.692s][info][gc,metaspace   ] GC(165) Metaspace: 6301K(6464K)->6301K(6464K) NonClass: 5768K(5824K)->5768K(5824K) Class: 533K(640K)->533K(640K)
[22.692s][info][gc             ] GC(165) Pause Young (Allocation Failure) 3104M->3105M(3424M) 144.258ms
[22.692s][info][gc,cpu         ] GC(165) User=0.70s Sys=0.38s Real=0.14s
[22.728s][info][gc,start       ] GC(166) Pause Young (Allocation Failure)
[22.846s][info][gc,heap        ] GC(166) PSYoungGen: 226208K(254976K)->174496K(274432K) Eden: 31232K(31232K)->0K(31232K) From: 194976K(223744K)->174496K(243200K)
[22.846s][info][gc,heap        ] GC(166) ParOldGen: 2984575K(3251200K)->3036775K(3251200K)
[22.846s][info][gc,metaspace   ] GC(166) Metaspace: 6301K(6464K)->6301K(6464K) NonClass: 5768K(5824K)->5768K(5824K) Class: 533K(640K)->533K(640K)
[22.846s][info][gc             ] GC(166) Pause Young (Allocation Failure) 3135M->3136M(3443M) 118.053ms
[22.846s][info][gc,cpu         ] GC(166) User=0.78s Sys=0.06s Real=0.12s
[22.881s][info][gc,start       ] GC(167) Pause Young (Allocation Failure)
[23.016s][info][gc,heap        ] GC(167) PSYoungGen: 205728K(274432K)->108320K(267264K) Eden: 31232K(31232K)->0K(35840K) From: 174496K(243200K)->108320K(231424K)
[23.016s][info][gc,heap        ] GC(167) ParOldGen: 3036775K(3251200K)->3134927K(3251200K)
[23.016s][info][gc,metaspace   ] GC(167) Metaspace: 6301K(6464K)->6301K(6464K) NonClass: 5768K(5824K)->5768K(5824K) Class: 533K(640K)->533K(640K)
[23.016s][info][gc             ] GC(167) Pause Young (Allocation Failure) 3166M->3167M(3436M) 135.636ms
[23.016s][info][gc,cpu         ] GC(167) User=0.62s Sys=0.33s Real=0.14s
[23.052s][info][gc,start       ] GC(168) Pause Young (Allocation Failure)
[23.150s][info][gc,heap        ] GC(168) PSYoungGen: 144160K(267264K)->67264K(276992K) Eden: 35840K(35840K)->0K(35840K) From: 108320K(231424K)->67264K(241152K)
[23.151s][info][gc,heap        ] GC(168) ParOldGen: 3134927K(3251200K)->3212375K(3251200K)
[23.151s][info][gc,metaspace   ] GC(168) Metaspace: 6301K(6464K)->6301K(6464K) NonClass: 5768K(5824K)->5768K(5824K) Class: 533K(640K)->533K(640K)
[23.151s][info][gc             ] GC(168) Pause Young (Allocation Failure) 3202M->3202M(3445M) 98.514ms
[23.151s][info][gc,cpu         ] GC(168) User=0.31s Sys=0.33s Real=0.10s
[23.151s][info][gc,start       ] GC(169) Pause Full (Ergonomics)
[23.151s][info][gc,phases,start] GC(169) Marking Phase
[23.908s][info][gc,phases      ] GC(169) Marking Phase 757.150ms
[23.908s][info][gc,phases,start] GC(169) Summary Phase
[23.908s][info][gc,phases      ] GC(169) Summary Phase 0.080ms
[23.908s][info][gc,phases,start] GC(169) Adjust Roots
[23.908s][info][gc,phases      ] GC(169) Adjust Roots 0.245ms
[23.908s][info][gc,phases,start] GC(169) Compaction Phase
[24.604s][info][gc,phases      ] GC(169) Compaction Phase 695.893ms
[24.604s][info][gc,phases,start] GC(169) Post Compact
[24.611s][info][gc,phases      ] GC(169) Post Compact 6.541ms
[24.613s][info][gc,heap        ] GC(169) PSYoungGen: 67264K(276992K)->25622K(276992K) Eden: 0K(35840K)->0K(35840K) From: 67264K(241152K)->25622K(241152K)
[24.613s][info][gc,heap        ] GC(169) ParOldGen: 3212375K(3251200K)->3251120K(3550208K)
[24.613s][info][gc,metaspace   ] GC(169) Metaspace: 6301K(6464K)->6301K(6464K) NonClass: 5768K(5824K)->5768K(5824K) Class: 533K(640K)->533K(640K)
[24.613s][info][gc             ] GC(169) Pause Full (Ergonomics) 3202M->3199M(3737M) 1462.785ms
[24.613s][info][gc,cpu         ] GC(169) User=9.22s Sys=0.12s Real=1.46s
[24.650s][info][gc,start       ] GC(170) Pause Young (Allocation Failure)
[24.829s][info][gc,heap        ] GC(170) PSYoungGen: 61462K(276992K)->36032K(278016K) Eden: 35840K(35840K)->0K(38912K) From: 25622K(241152K)->36032K(239104K)
[24.829s][info][gc,heap        ] GC(170) ParOldGen: 3251120K(3550208K)->3276992K(3550208K)
[24.829s][info][gc,metaspace   ] GC(170) Metaspace: 6301K(6464K)->6301K(6464K) NonClass: 5768K(5824K)->5768K(5824K) Class: 533K(640K)->533K(640K)
[24.829s][info][gc             ] GC(170) Pause Young (Allocation Failure) 3234M->3235M(3738M) 179.152ms
[24.829s][info][gc,cpu         ] GC(170) User=1.05s Sys=0.17s Real=0.18s
[24.872s][info][gc,start       ] GC(171) Pause Young (Allocation Failure)
[24.941s][info][gc,heap        ] GC(171) PSYoungGen: 74944K(278016K)->39072K(280064K) Eden: 38912K(38912K)->0K(38912K) From: 36032K(239104K)->39072K(241152K)
[24.941s][info][gc,heap        ] GC(171) ParOldGen: 3276992K(3550208K)->3313152K(3550208K)
[24.941s][info][gc,metaspace   ] GC(171) Metaspace: 6301K(6464K)->6301K(6464K) NonClass: 5768K(5824K)->5768K(5824K) Class: 533K(640K)->533K(640K)
[24.941s][info][gc             ] GC(171) Pause Young (Allocation Failure) 3273M->3273M(3740M) 68.964ms
[24.941s][info][gc,cpu         ] GC(171) User=0.27s Sys=0.02s Real=0.07s
[24.982s][info][gc,start       ] GC(172) Pause Young (Allocation Failure)
[25.056s][info][gc,heap        ] GC(172) PSYoungGen: 77984K(280064K)->39040K(279552K) Eden: 38912K(38912K)->0K(44032K) From: 39072K(241152K)->39040K(235520K)
[25.056s][info][gc,heap        ] GC(172) ParOldGen: 3313152K(3550208K)->3352400K(3550208K)
[25.056s][info][gc,metaspace   ] GC(172) Metaspace: 6301K(6464K)->6301K(6464K) NonClass: 5768K(5824K)->5768K(5824K) Class: 533K(640K)->533K(640K)
[25.056s][info][gc             ] GC(172) Pause Young (Allocation Failure) 3311M->3311M(3740M) 74.353ms
[25.056s][info][gc,cpu         ] GC(172) User=0.20s Sys=0.12s Real=0.08s
[25.106s][info][gc,start       ] GC(173) Pause Young (Allocation Failure)
[25.181s][info][gc,heap        ] GC(173) PSYoungGen: 83072K(279552K)->44224K(281600K) Eden: 44032K(44032K)->0K(44032K) From: 39040K(235520K)->44224K(237568K)
[25.181s][info][gc,heap        ] GC(173) ParOldGen: 3352400K(3550208K)->3391648K(3550208K)
[25.181s][info][gc,metaspace   ] GC(173) Metaspace: 6301K(6464K)->6301K(6464K) NonClass: 5768K(5824K)->5768K(5824K) Class: 533K(640K)->533K(640K)
[25.181s][info][gc             ] GC(173) Pause Young (Allocation Failure) 3354M->3355M(3742M) 74.618ms
[25.181s][info][gc,cpu         ] GC(173) User=0.31s Sys=0.11s Real=0.07s
[25.225s][info][gc,start       ] GC(174) Pause Young (Allocation Failure)
[25.293s][info][gc,heap        ] GC(174) PSYoungGen: 88256K(281600K)->44224K(269824K) Eden: 44032K(44032K)->0K(49664K) From: 44224K(237568K)->44224K(220160K)
[25.293s][info][gc,heap        ] GC(174) ParOldGen: 3391648K(3550208K)->3436064K(3550208K)
[25.294s][info][gc,metaspace   ] GC(174) Metaspace: 6301K(6464K)->6301K(6464K) NonClass: 5768K(5824K)->5768K(5824K) Class: 533K(640K)->533K(640K)
[25.294s][info][gc             ] GC(174) Pause Young (Allocation Failure) 3398M->3398M(3730M) 68.068ms
[25.294s][info][gc,cpu         ] GC(174) User=0.23s Sys=0.14s Real=0.07s
[25.343s][info][gc,start       ] GC(175) Pause Young (Allocation Failure)
[25.419s][info][gc,heap        ] GC(175) PSYoungGen: 93888K(269824K)->49888K(99840K) Eden: 49664K(49664K)->0K(49664K) From: 44224K(220160K)->49888K(50176K)
[25.419s][info][gc,heap        ] GC(175) ParOldGen: 3436064K(3550208K)->3480496K(3550208K)
[25.419s][info][gc,metaspace   ] GC(175) Metaspace: 6301K(6464K)->6301K(6464K) NonClass: 5768K(5824K)->5768K(5824K) Class: 533K(640K)->533K(640K)
[25.419s][info][gc             ] GC(175) Pause Young (Allocation Failure) 3447M->3447M(3564M) 76.547ms
[25.419s][info][gc,cpu         ] GC(175) User=0.12s Sys=0.30s Real=0.08s
[25.420s][info][gc,start       ] GC(176) Pause Full (Ergonomics)
[25.420s][info][gc,phases,start] GC(176) Marking Phase
[26.225s][info][gc,phases      ] GC(176) Marking Phase 804.949ms
[26.225s][info][gc,phases,start] GC(176) Summary Phase
[26.225s][info][gc,phases      ] GC(176) Summary Phase 0.075ms
[26.225s][info][gc,phases,start] GC(176) Adjust Roots
[26.225s][info][gc,phases      ] GC(176) Adjust Roots 0.244ms
[26.225s][info][gc,phases,start] GC(176) Compaction Phase
[26.578s][info][gc,phases      ] GC(176) Compaction Phase 352.586ms
[26.578s][info][gc,phases,start] GC(176) Post Compact
[26.585s][info][gc,phases      ] GC(176) Post Compact 6.971ms
[26.585s][info][gc,heap        ] GC(176) PSYoungGen: 49888K(99840K)->0K(274432K) Eden: 0K(49664K)->0K(55808K) From: 49888K(50176K)->0K(218624K)
[26.585s][info][gc,heap        ] GC(176) ParOldGen: 3480496K(3550208K)->3527948K(3550208K)
[26.585s][info][gc,metaspace   ] GC(176) Metaspace: 6301K(6464K)->6301K(6464K) NonClass: 5768K(5824K)->5768K(5824K) Class: 533K(640K)->533K(640K)
[26.585s][info][gc             ] GC(176) Pause Full (Ergonomics) 3447M->3445M(3735M) 1165.186ms
[26.585s][info][gc,cpu         ] GC(176) User=8.06s Sys=0.11s Real=1.16s
[26.642s][info][gc,start       ] GC(177) Pause Full (Ergonomics)
[26.642s][info][gc,phases,start] GC(177) Marking Phase
[27.455s][info][gc,phases      ] GC(177) Marking Phase 812.783ms
[27.455s][info][gc,phases,start] GC(177) Summary Phase
[27.455s][info][gc,phases      ] GC(177) Summary Phase 0.058ms
[27.455s][info][gc,phases,start] GC(177) Adjust Roots
[27.455s][info][gc,phases      ] GC(177) Adjust Roots 0.202ms
[27.455s][info][gc,phases,start] GC(177) Compaction Phase
[27.740s][info][gc,phases      ] GC(177) Compaction Phase 284.059ms
[27.740s][info][gc,phases,start] GC(177) Post Compact
[27.747s][info][gc,phases      ] GC(177) Post Compact 7.084ms
[27.747s][info][gc,heap        ] GC(177) PSYoungGen: 55808K(274432K)->33771K(274432K) Eden: 55808K(55808K)->33771K(55808K) From: 0K(218624K)->0K(218624K)
[27.747s][info][gc,heap        ] GC(177) ParOldGen: 3527948K(3550208K)->3549952K(3550208K)
[27.747s][info][gc,metaspace   ] GC(177) Metaspace: 6301K(6464K)->6301K(6464K) NonClass: 5768K(5824K)->5768K(5824K) Class: 533K(640K)->533K(640K)
[27.747s][info][gc             ] GC(177) Pause Full (Ergonomics) 3499M->3499M(3735M) 1104.645ms
[27.747s][info][gc,cpu         ] GC(177) User=7.64s Sys=0.03s Real=1.10s
[27.771s][info][gc,start       ] GC(178) Pause Full (Ergonomics)
[27.771s][info][gc,phases,start] GC(178) Marking Phase
[28.597s][info][gc,phases      ] GC(178) Marking Phase 826.345ms
[28.597s][info][gc,phases,start] GC(178) Summary Phase
[28.597s][info][gc,phases      ] GC(178) Summary Phase 0.076ms
[28.597s][info][gc,phases,start] GC(178) Adjust Roots
[28.597s][info][gc,phases      ] GC(178) Adjust Roots 0.202ms
[28.597s][info][gc,phases,start] GC(178) Compaction Phase
[28.890s][info][gc,phases      ] GC(178) Compaction Phase 292.955ms
[28.890s][info][gc,phases,start] GC(178) Post Compact
[28.897s][info][gc,phases      ] GC(178) Post Compact 7.007ms
[28.898s][info][gc,heap        ] GC(178) PSYoungGen: 55808K(274432K)->55794K(274432K) Eden: 55808K(55808K)->55794K(55808K) From: 0K(218624K)->0K(218624K)
[28.898s][info][gc,heap        ] GC(178) ParOldGen: 3549952K(3550208K)->3549952K(3550208K)
[28.898s][info][gc,metaspace   ] GC(178) Metaspace: 6301K(6464K)->6301K(6464K) NonClass: 5768K(5824K)->5768K(5824K) Class: 533K(640K)->533K(640K)
[28.898s][info][gc             ] GC(178) Pause Full (Ergonomics) 3521M->3521M(3735M) 1126.976ms
[28.898s][info][gc,cpu         ] GC(178) User=7.84s Sys=0.00s Real=1.13s
[28.898s][info][gc,start       ] GC(179) Pause Full (Ergonomics)
[28.898s][info][gc,phases,start] GC(179) Marking Phase
[29.735s][info][gc,phases      ] GC(179) Marking Phase 836.859ms
[29.735s][info][gc,phases,start] GC(179) Summary Phase
[29.735s][info][gc,phases      ] GC(179) Summary Phase 0.069ms
[29.735s][info][gc,phases,start] GC(179) Adjust Roots
[29.735s][info][gc,phases      ] GC(179) Adjust Roots 0.300ms
[29.735s][info][gc,phases,start] GC(179) Compaction Phase
[30.019s][info][gc,phases      ] GC(179) Compaction Phase 283.932ms
[30.019s][info][gc,phases,start] GC(179) Post Compact
[30.027s][info][gc,phases      ] GC(179) Post Compact 7.706ms
[30.027s][info][gc,heap        ] GC(179) PSYoungGen: 55808K(274432K)->55807K(274432K) Eden: 55808K(55808K)->55807K(55808K) From: 0K(218624K)->0K(218624K)
[30.027s][info][gc,heap        ] GC(179) ParOldGen: 3549952K(3550208K)->3549952K(3550208K)
[30.027s][info][gc,metaspace   ] GC(179) Metaspace: 6301K(6464K)->6301K(6464K) NonClass: 5768K(5824K)->5768K(5824K) Class: 533K(640K)->533K(640K)
[30.027s][info][gc             ] GC(179) Pause Full (Ergonomics) 3521M->3521M(3735M) 1129.249ms
[30.027s][info][gc,cpu         ] GC(179) User=7.86s Sys=0.02s Real=1.13s
[30.027s][info][gc,start       ] GC(180) Pause Full (Ergonomics)
[30.027s][info][gc,phases,start] GC(180) Marking Phase
[30.856s][info][gc,phases      ] GC(180) Marking Phase 828.485ms
[30.856s][info][gc,phases,start] GC(180) Summary Phase
[30.856s][info][gc,phases      ] GC(180) Summary Phase 0.074ms
[30.856s][info][gc,phases,start] GC(180) Adjust Roots
[30.856s][info][gc,phases      ] GC(180) Adjust Roots 0.271ms
[30.856s][info][gc,phases,start] GC(180) Compaction Phase
[31.149s][info][gc,phases      ] GC(180) Compaction Phase 292.384ms
[31.149s][info][gc,phases,start] GC(180) Post Compact
[31.156s][info][gc,phases      ] GC(180) Post Compact 7.580ms
[31.156s][info][gc,heap        ] GC(180) PSYoungGen: 55807K(274432K)->55807K(274432K) Eden: 55807K(55808K)->55807K(55808K) From: 0K(218624K)->0K(218624K)
[31.156s][info][gc,heap        ] GC(180) ParOldGen: 3549952K(3550208K)->3549952K(3550208K)
[31.156s][info][gc,metaspace   ] GC(180) Metaspace: 6301K(6464K)->6301K(6464K) NonClass: 5768K(5824K)->5768K(5824K) Class: 533K(640K)->533K(640K)
[31.156s][info][gc             ] GC(180) Pause Full (Ergonomics) 3521M->3521M(3735M) 1129.229ms
[31.156s][info][gc,cpu         ] GC(180) User=7.98s Sys=0.02s Real=1.13s
[31.157s][info][gc,start       ] GC(181) Pause Full (Ergonomics)
[31.157s][info][gc,phases,start] GC(181) Marking Phase
[31.995s][info][gc,phases      ] GC(181) Marking Phase 838.506ms
[31.995s][info][gc,phases,start] GC(181) Summary Phase
[31.995s][info][gc,phases      ] GC(181) Summary Phase 0.048ms
[31.995s][info][gc,phases,start] GC(181) Adjust Roots
[31.996s][info][gc,phases      ] GC(181) Adjust Roots 0.205ms
[31.996s][info][gc,phases,start] GC(181) Compaction Phase
[32.283s][info][gc,phases      ] GC(181) Compaction Phase 287.535ms
[32.283s][info][gc,phases,start] GC(181) Post Compact
[32.290s][info][gc,phases      ] GC(181) Post Compact 6.774ms
[32.290s][info][gc,heap        ] GC(181) PSYoungGen: 55808K(274432K)->55808K(274432K) Eden: 55808K(55808K)->55808K(55808K) From: 0K(218624K)->0K(218624K)
[32.290s][info][gc,heap        ] GC(181) ParOldGen: 3549957K(3550208K)->3549957K(3550208K)
[32.290s][info][gc,metaspace   ] GC(181) Metaspace: 6301K(6464K)->6301K(6464K) NonClass: 5768K(5824K)->5768K(5824K) Class: 533K(640K)->533K(640K)
[32.290s][info][gc             ] GC(181) Pause Full (Ergonomics) 3521M->3521M(3735M) 1133.454ms
[32.290s][info][gc,cpu         ] GC(181) User=8.11s Sys=0.00s Real=1.13s
[32.290s][info][gc,start       ] GC(182) Pause Full (Ergonomics)
[32.290s][info][gc,phases,start] GC(182) Marking Phase
[33.134s][info][gc,phases      ] GC(182) Marking Phase 843.727ms
[33.134s][info][gc,phases,start] GC(182) Summary Phase
[33.134s][info][gc,phases      ] GC(182) Summary Phase 0.071ms
[33.134s][info][gc,phases,start] GC(182) Adjust Roots
[33.135s][info][gc,phases      ] GC(182) Adjust Roots 0.302ms
[33.135s][info][gc,phases,start] GC(182) Compaction Phase
[33.407s][info][gc,phases      ] GC(182) Compaction Phase 272.618ms
[33.407s][info][gc,phases,start] GC(182) Post Compact
[33.415s][info][gc,phases      ] GC(182) Post Compact 7.613ms
[33.415s][info][gc,heap        ] GC(182) PSYoungGen: 55808K(274432K)->55808K(274432K) Eden: 55808K(55808K)->55808K(55808K) From: 0K(218624K)->0K(218624K)
[33.415s][info][gc,heap        ] GC(182) ParOldGen: 3549961K(3550208K)->3549961K(3550208K)
[33.415s][info][gc,metaspace   ] GC(182) Metaspace: 6301K(6464K)->6301K(6464K) NonClass: 5768K(5824K)->5768K(5824K) Class: 533K(640K)->533K(640K)
[33.415s][info][gc             ] GC(182) Pause Full (Ergonomics) 3521M->3521M(3735M) 1124.782ms
[33.415s][info][gc,cpu         ] GC(182) User=7.67s Sys=0.02s Real=1.12s
[33.415s][info][gc,start       ] GC(183) Pause Full (Ergonomics)
[33.415s][info][gc,phases,start] GC(183) Marking Phase
[34.248s][info][gc,phases      ] GC(183) Marking Phase 832.793ms
[34.248s][info][gc,phases,start] GC(183) Summary Phase
[34.248s][info][gc,phases      ] GC(183) Summary Phase 0.098ms
[34.248s][info][gc,phases,start] GC(183) Adjust Roots
[34.249s][info][gc,phases      ] GC(183) Adjust Roots 0.306ms
[34.249s][info][gc,phases,start] GC(183) Compaction Phase
[34.529s][info][gc,phases      ] GC(183) Compaction Phase 280.627ms
[34.530s][info][gc,phases,start] GC(183) Post Compact
[34.537s][info][gc,phases      ] GC(183) Post Compact 7.603ms
[34.537s][info][gc,heap        ] GC(183) PSYoungGen: 55808K(274432K)->55808K(274432K) Eden: 55808K(55808K)->55808K(55808K) From: 0K(218624K)->0K(218624K)
[34.537s][info][gc,heap        ] GC(183) ParOldGen: 3549966K(3550208K)->3549966K(3550208K)
[34.537s][info][gc,metaspace   ] GC(183) Metaspace: 6301K(6464K)->6301K(6464K) NonClass: 5768K(5824K)->5768K(5824K) Class: 533K(640K)->533K(640K)
[34.537s][info][gc             ] GC(183) Pause Full (Ergonomics) 3521M->3521M(3735M) 1121.835ms
[34.537s][info][gc,cpu         ] GC(183) User=7.86s Sys=0.02s Real=1.12s
[34.537s][info][gc,start       ] GC(184) Pause Full (Ergonomics)
[34.537s][info][gc,phases,start] GC(184) Marking Phase
[35.379s][info][gc,phases      ] GC(184) Marking Phase 841.143ms
[35.379s][info][gc,phases,start] GC(184) Summary Phase
[35.379s][info][gc,phases      ] GC(184) Summary Phase 0.049ms
[35.379s][info][gc,phases,start] GC(184) Adjust Roots
[35.379s][info][gc,phases      ] GC(184) Adjust Roots 0.226ms
[35.379s][info][gc,phases,start] GC(184) Compaction Phase
[35.647s][info][gc,phases      ] GC(184) Compaction Phase 267.641ms
[35.647s][info][gc,phases,start] GC(184) Post Compact
[35.654s][info][gc,phases      ] GC(184) Post Compact 7.334ms
[35.654s][info][gc,heap        ] GC(184) PSYoungGen: 55808K(274432K)->55808K(274432K) Eden: 55808K(55808K)->55808K(55808K) From: 0K(218624K)->0K(218624K)
[35.654s][info][gc,heap        ] GC(184) ParOldGen: 3549971K(3550208K)->3549971K(3550208K)
[35.654s][info][gc,metaspace   ] GC(184) Metaspace: 6301K(6464K)->6301K(6464K) NonClass: 5768K(5824K)->5768K(5824K) Class: 533K(640K)->533K(640K)
[35.654s][info][gc             ] GC(184) Pause Full (Ergonomics) 3521M->3521M(3735M) 1116.774ms
[35.654s][info][gc,cpu         ] GC(184) User=8.00s Sys=0.00s Real=1.12s
[35.654s][info][gc,start       ] GC(185) Pause Full (Ergonomics)
[35.655s][info][gc,phases,start] GC(185) Marking Phase
[36.481s][info][gc,phases      ] GC(185) Marking Phase 826.635ms
[36.481s][info][gc,phases,start] GC(185) Summary Phase
[36.481s][info][gc,phases      ] GC(185) Summary Phase 0.047ms
[36.481s][info][gc,phases,start] GC(185) Adjust Roots
[36.482s][info][gc,phases      ] GC(185) Adjust Roots 0.201ms
[36.482s][info][gc,phases,start] GC(185) Compaction Phase
[36.772s][info][gc,phases      ] GC(185) Compaction Phase 290.941ms
[36.773s][info][gc,phases,start] GC(185) Post Compact
[36.779s][info][gc,phases      ] GC(185) Post Compact 6.807ms
[36.779s][info][gc,heap        ] GC(185) PSYoungGen: 55808K(274432K)->55808K(274432K) Eden: 55808K(55808K)->55808K(55808K) From: 0K(218624K)->0K(218624K)
[36.779s][info][gc,heap        ] GC(185) ParOldGen: 3549976K(3550208K)->3549976K(3550208K)
[36.779s][info][gc,metaspace   ] GC(185) Metaspace: 6301K(6464K)->6301K(6464K) NonClass: 5768K(5824K)->5768K(5824K) Class: 533K(640K)->533K(640K)
[36.780s][info][gc             ] GC(185) Pause Full (Ergonomics) 3521M->3521M(3735M) 1125.022ms
[36.780s][info][gc,cpu         ] GC(185) User=7.86s Sys=0.00s Real=1.13s
[36.780s][info][gc,start       ] GC(186) Pause Full (Ergonomics)
[36.780s][info][gc,phases,start] GC(186) Marking Phase
[37.610s][info][gc,phases      ] GC(186) Marking Phase 830.359ms
[37.610s][info][gc,phases,start] GC(186) Summary Phase
[37.610s][info][gc,phases      ] GC(186) Summary Phase 0.060ms
[37.610s][info][gc,phases,start] GC(186) Adjust Roots
[37.611s][info][gc,phases      ] GC(186) Adjust Roots 0.278ms
[37.611s][info][gc,phases,start] GC(186) Compaction Phase
[37.897s][info][gc,phases      ] GC(186) Compaction Phase 286.041ms
[37.897s][info][gc,phases,start] GC(186) Post Compact
[37.903s][info][gc,phases      ] GC(186) Post Compact 6.604ms
[37.904s][info][gc,heap        ] GC(186) PSYoungGen: 55808K(274432K)->55808K(274432K) Eden: 55808K(55808K)->55808K(55808K) From: 0K(218624K)->0K(218624K)
[37.904s][info][gc,heap        ] GC(186) ParOldGen: 3549981K(3550208K)->3549981K(3550208K)
[37.904s][info][gc,metaspace   ] GC(186) Metaspace: 6301K(6464K)->6301K(6464K) NonClass: 5768K(5824K)->5768K(5824K) Class: 533K(640K)->533K(640K)
[37.904s][info][gc             ] GC(186) Pause Full (Ergonomics) 3521M->3521M(3735M) 1123.842ms
[37.904s][info][gc,cpu         ] GC(186) User=8.16s Sys=0.02s Real=1.12s
[37.904s][info][gc,start       ] GC(187) Pause Full (Ergonomics)
[37.904s][info][gc,phases,start] GC(187) Marking Phase
[38.771s][info][gc,phases      ] GC(187) Marking Phase 866.871ms
[38.771s][info][gc,phases,start] GC(187) Summary Phase
[38.771s][info][gc,phases      ] GC(187) Summary Phase 0.055ms
[38.771s][info][gc,phases,start] GC(187) Adjust Roots
[38.771s][info][gc,phases      ] GC(187) Adjust Roots 0.216ms
[38.771s][info][gc,phases,start] GC(187) Compaction Phase
[39.047s][info][gc,phases      ] GC(187) Compaction Phase 275.781ms
[39.047s][info][gc,phases,start] GC(187) Post Compact
[39.054s][info][gc,phases      ] GC(187) Post Compact 7.427ms
[39.055s][info][gc,heap        ] GC(187) PSYoungGen: 55808K(274432K)->55808K(274432K) Eden: 55808K(55808K)->55808K(55808K) From: 0K(218624K)->0K(218624K)
[39.055s][info][gc,heap        ] GC(187) ParOldGen: 3549986K(3550208K)->3549986K(3550208K)
[39.055s][info][gc,metaspace   ] GC(187) Metaspace: 6301K(6464K)->6301K(6464K) NonClass: 5768K(5824K)->5768K(5824K) Class: 533K(640K)->533K(640K)
[39.055s][info][gc             ] GC(187) Pause Full (Ergonomics) 3521M->3521M(3735M) 1150.742ms
[39.055s][info][gc,cpu         ] GC(187) User=8.48s Sys=0.00s Real=1.15s
[39.055s][info][gc,start       ] GC(188) Pause Full (Ergonomics)
[39.055s][info][gc,phases,start] GC(188) Marking Phase
[39.894s][info][gc,phases      ] GC(188) Marking Phase 839.539ms
[39.894s][info][gc,phases,start] GC(188) Summary Phase
[39.895s][info][gc,phases      ] GC(188) Summary Phase 0.047ms
[39.895s][info][gc,phases,start] GC(188) Adjust Roots
[39.895s][info][gc,phases      ] GC(188) Adjust Roots 0.206ms
[39.895s][info][gc,phases,start] GC(188) Compaction Phase
[40.175s][info][gc,phases      ] GC(188) Compaction Phase 280.371ms
[40.175s][info][gc,phases,start] GC(188) Post Compact
[40.182s][info][gc,phases      ] GC(188) Post Compact 6.818ms
[40.182s][info][gc,heap        ] GC(188) PSYoungGen: 55808K(274432K)->55808K(274432K) Eden: 55808K(55808K)->55808K(55808K) From: 0K(218624K)->0K(218624K)
[40.182s][info][gc,heap        ] GC(188) ParOldGen: 3549990K(3550208K)->3549990K(3550208K)
[40.182s][info][gc,metaspace   ] GC(188) Metaspace: 6301K(6464K)->6301K(6464K) NonClass: 5768K(5824K)->5768K(5824K) Class: 533K(640K)->533K(640K)
[40.182s][info][gc             ] GC(188) Pause Full (Ergonomics) 3521M->3521M(3735M) 1127.391ms
[40.182s][info][gc,cpu         ] GC(188) User=7.95s Sys=0.00s Real=1.13s
[40.182s][info][gc,start       ] GC(189) Pause Full (Ergonomics)
[40.182s][info][gc,phases,start] GC(189) Marking Phase
[41.012s][info][gc,phases      ] GC(189) Marking Phase 829.527ms
[41.012s][info][gc,phases,start] GC(189) Summary Phase
[41.012s][info][gc,phases      ] GC(189) Summary Phase 0.049ms
[41.012s][info][gc,phases,start] GC(189) Adjust Roots
[41.012s][info][gc,phases      ] GC(189) Adjust Roots 0.220ms
[41.012s][info][gc,phases,start] GC(189) Compaction Phase
[41.316s][info][gc,phases      ] GC(189) Compaction Phase 303.133ms
[41.316s][info][gc,phases,start] GC(189) Post Compact
[41.323s][info][gc,phases      ] GC(189) Post Compact 7.103ms
[41.323s][info][gc,heap        ] GC(189) PSYoungGen: 55808K(274432K)->55808K(274432K) Eden: 55808K(55808K)->55808K(55808K) From: 0K(218624K)->0K(218624K)
[41.323s][info][gc,heap        ] GC(189) ParOldGen: 3549995K(3550208K)->3549995K(3550208K)
[41.323s][info][gc,metaspace   ] GC(189) Metaspace: 6301K(6464K)->6301K(6464K) NonClass: 5768K(5824K)->5768K(5824K) Class: 533K(640K)->533K(640K)
[41.323s][info][gc             ] GC(189) Pause Full (Ergonomics) 3521M->3521M(3735M) 1140.395ms
[41.323s][info][gc,cpu         ] GC(189) User=7.81s Sys=0.02s Real=1.14s
[41.323s][info][gc,start       ] GC(190) Pause Full (Ergonomics)
[41.323s][info][gc,phases,start] GC(190) Marking Phase
[42.172s][info][gc,phases      ] GC(190) Marking Phase 848.882ms
[42.172s][info][gc,phases,start] GC(190) Summary Phase
[42.172s][info][gc,phases      ] GC(190) Summary Phase 0.063ms
[42.172s][info][gc,phases,start] GC(190) Adjust Roots
[42.172s][info][gc,phases      ] GC(190) Adjust Roots 0.220ms
[42.172s][info][gc,phases,start] GC(190) Compaction Phase
[42.453s][info][gc,phases      ] GC(190) Compaction Phase 280.304ms
[42.453s][info][gc,phases,start] GC(190) Post Compact
[42.459s][info][gc,phases      ] GC(190) Post Compact 6.646ms
[42.459s][info][gc,heap        ] GC(190) PSYoungGen: 55808K(274432K)->55808K(274432K) Eden: 55808K(55808K)->55808K(55808K) From: 0K(218624K)->0K(218624K)
[42.459s][info][gc,heap        ] GC(190) ParOldGen: 3550000K(3550208K)->3550000K(3550208K)
[42.460s][info][gc,metaspace   ] GC(190) Metaspace: 6301K(6464K)->6301K(6464K) NonClass: 5768K(5824K)->5768K(5824K) Class: 533K(640K)->533K(640K)
[42.460s][info][gc             ] GC(190) Pause Full (Ergonomics) 3521M->3521M(3735M) 1136.487ms
[42.460s][info][gc,cpu         ] GC(190) User=8.08s Sys=0.00s Real=1.14s
[42.460s][info][gc,start       ] GC(191) Pause Full (Ergonomics)
[42.460s][info][gc,phases,start] GC(191) Marking Phase
[43.320s][info][gc,phases      ] GC(191) Marking Phase 859.768ms
[43.320s][info][gc,phases,start] GC(191) Summary Phase
[43.320s][info][gc,phases      ] GC(191) Summary Phase 0.043ms
[43.320s][info][gc,phases,start] GC(191) Adjust Roots
[43.320s][info][gc,phases      ] GC(191) Adjust Roots 0.239ms
[43.320s][info][gc,phases,start] GC(191) Compaction Phase
[43.605s][info][gc,phases      ] GC(191) Compaction Phase 284.908ms
[43.605s][info][gc,phases,start] GC(191) Post Compact
[43.612s][info][gc,phases      ] GC(191) Post Compact 6.790ms
[43.612s][info][gc,heap        ] GC(191) PSYoungGen: 55808K(274432K)->55808K(274432K) Eden: 55808K(55808K)->55808K(55808K) From: 0K(218624K)->0K(218624K)
[43.612s][info][gc,heap        ] GC(191) ParOldGen: 3550005K(3550208K)->3550005K(3550208K)
[43.612s][info][gc,metaspace   ] GC(191) Metaspace: 6301K(6464K)->6301K(6464K) NonClass: 5768K(5824K)->5768K(5824K) Class: 533K(640K)->533K(640K)
[43.612s][info][gc             ] GC(191) Pause Full (Ergonomics) 3521M->3521M(3735M) 1152.135ms
[43.612s][info][gc,cpu         ] GC(191) User=7.61s Sys=0.02s Real=1.15s
[43.612s][info][gc,start       ] GC(192) Pause Full (Ergonomics)
[43.612s][info][gc,phases,start] GC(192) Marking Phase
[44.477s][info][gc,phases      ] GC(192) Marking Phase 865.074ms
[44.477s][info][gc,phases,start] GC(192) Summary Phase
[44.477s][info][gc,phases      ] GC(192) Summary Phase 0.055ms
[44.477s][info][gc,phases,start] GC(192) Adjust Roots
[44.478s][info][gc,phases      ] GC(192) Adjust Roots 0.204ms
[44.478s][info][gc,phases,start] GC(192) Compaction Phase
[44.776s][info][gc,phases      ] GC(192) Compaction Phase 297.910ms
[44.776s][info][gc,phases,start] GC(192) Post Compact
[44.783s][info][gc,phases      ] GC(192) Post Compact 7.547ms
[44.783s][info][gc,heap        ] GC(192) PSYoungGen: 55808K(274432K)->55808K(274432K) Eden: 55808K(55808K)->55808K(55808K) From: 0K(218624K)->0K(218624K)
[44.783s][info][gc,heap        ] GC(192) ParOldGen: 3550010K(3550208K)->3550010K(3550208K)
[44.783s][info][gc,metaspace   ] GC(192) Metaspace: 6301K(6464K)->6301K(6464K) NonClass: 5768K(5824K)->5768K(5824K) Class: 533K(640K)->533K(640K)
[44.783s][info][gc             ] GC(192) Pause Full (Ergonomics) 3521M->3521M(3735M) 1171.144ms
[44.783s][info][gc,cpu         ] GC(192) User=8.16s Sys=0.00s Real=1.17s
[44.784s][info][gc,start       ] GC(193) Pause Full (Ergonomics)
[44.784s][info][gc,phases,start] GC(193) Marking Phase
[45.649s][info][gc,phases      ] GC(193) Marking Phase 865.567ms
[45.649s][info][gc,phases,start] GC(193) Summary Phase
[45.649s][info][gc,phases      ] GC(193) Summary Phase 0.064ms
[45.649s][info][gc,phases,start] GC(193) Adjust Roots
[45.650s][info][gc,phases      ] GC(193) Adjust Roots 0.301ms
[45.650s][info][gc,phases,start] GC(193) Compaction Phase
[45.998s][info][gc,phases      ] GC(193) Compaction Phase 348.008ms
[45.998s][info][gc,phases,start] GC(193) Post Compact
[46.008s][info][gc,phases      ] GC(193) Post Compact 9.783ms
[46.008s][info][gc,heap        ] GC(193) PSYoungGen: 55808K(274432K)->55808K(274432K) Eden: 55808K(55808K)->55808K(55808K) From: 0K(218624K)->0K(218624K)
[46.008s][info][gc,heap        ] GC(193) ParOldGen: 3550015K(3550208K)->3550015K(3550208K)
[46.008s][info][gc,metaspace   ] GC(193) Metaspace: 6301K(6464K)->6301K(6464K) NonClass: 5768K(5824K)->5768K(5824K) Class: 533K(640K)->533K(640K)
[46.008s][info][gc             ] GC(193) Pause Full (Ergonomics) 3521M->3521M(3735M) 1224.245ms
[46.008s][info][gc,cpu         ] GC(193) User=8.28s Sys=0.02s Real=1.22s
[46.008s][info][gc,start       ] GC(194) Pause Full (Ergonomics)
[46.008s][info][gc,phases,start] GC(194) Marking Phase
[46.861s][info][gc,phases      ] GC(194) Marking Phase 852.381ms
[46.861s][info][gc,phases,start] GC(194) Summary Phase
[46.861s][info][gc,phases      ] GC(194) Summary Phase 0.049ms
[46.861s][info][gc,phases,start] GC(194) Adjust Roots
[46.861s][info][gc,phases      ] GC(194) Adjust Roots 0.201ms
[46.861s][info][gc,phases,start] GC(194) Compaction Phase
[47.146s][info][gc,phases      ] GC(194) Compaction Phase 285.351ms
[47.146s][info][gc,phases,start] GC(194) Post Compact
[47.154s][info][gc,phases      ] GC(194) Post Compact 7.399ms
[47.154s][info][gc,heap        ] GC(194) PSYoungGen: 55808K(274432K)->55808K(274432K) Eden: 55808K(55808K)->55808K(55808K) From: 0K(218624K)->0K(218624K)
[47.154s][info][gc,heap        ] GC(194) ParOldGen: 3550019K(3550208K)->3550019K(3550208K)
[47.154s][info][gc,metaspace   ] GC(194) Metaspace: 6301K(6464K)->6301K(6464K) NonClass: 5768K(5824K)->5768K(5824K) Class: 533K(640K)->533K(640K)
[47.154s][info][gc             ] GC(194) Pause Full (Ergonomics) 3521M->3521M(3735M) 1145.767ms
[47.154s][info][gc,cpu         ] GC(194) User=8.00s Sys=0.03s Real=1.15s
[47.154s][info][gc,start       ] GC(195) Pause Full (Ergonomics)
[47.154s][info][gc,phases,start] GC(195) Marking Phase
[48.027s][info][gc,phases      ] GC(195) Marking Phase 872.626ms
[48.027s][info][gc,phases,start] GC(195) Summary Phase
[48.027s][info][gc,phases      ] GC(195) Summary Phase 0.089ms
[48.027s][info][gc,phases,start] GC(195) Adjust Roots
[48.027s][info][gc,phases      ] GC(195) Adjust Roots 0.498ms
[48.028s][info][gc,phases,start] GC(195) Compaction Phase
[48.312s][info][gc,phases      ] GC(195) Compaction Phase 284.900ms
[48.312s][info][gc,phases,start] GC(195) Post Compact
[48.321s][info][gc,phases      ] GC(195) Post Compact 8.718ms
[48.321s][info][gc,heap        ] GC(195) PSYoungGen: 55808K(274432K)->55808K(274432K) Eden: 55808K(55808K)->55808K(55808K) From: 0K(218624K)->0K(218624K)
[48.321s][info][gc,heap        ] GC(195) ParOldGen: 3550024K(3550208K)->3550024K(3550208K)
[48.321s][info][gc,metaspace   ] GC(195) Metaspace: 6301K(6464K)->6301K(6464K) NonClass: 5768K(5824K)->5768K(5824K) Class: 533K(640K)->533K(640K)
[48.321s][info][gc             ] GC(195) Pause Full (Ergonomics) 3521M->3521M(3735M) 1167.307ms
[48.321s][info][gc,cpu         ] GC(195) User=7.88s Sys=0.00s Real=1.17s
[48.322s][info][gc,start       ] GC(196) Pause Full (Ergonomics)
[48.322s][info][gc,phases,start] GC(196) Marking Phase
[49.203s][info][gc,phases      ] GC(196) Marking Phase 881.759ms
[49.203s][info][gc,phases,start] GC(196) Summary Phase
[49.204s][info][gc,phases      ] GC(196) Summary Phase 0.074ms
[49.204s][info][gc,phases,start] GC(196) Adjust Roots
[49.204s][info][gc,phases      ] GC(196) Adjust Roots 0.370ms
[49.204s][info][gc,phases,start] GC(196) Compaction Phase
[49.520s][info][gc,phases      ] GC(196) Compaction Phase 316.290ms
[49.520s][info][gc,phases,start] GC(196) Post Compact
[49.529s][info][gc,phases      ] GC(196) Post Compact 8.252ms
[49.529s][info][gc,heap        ] GC(196) PSYoungGen: 55808K(274432K)->55808K(274432K) Eden: 55808K(55808K)->55808K(55808K) From: 0K(218624K)->0K(218624K)
[49.529s][info][gc,heap        ] GC(196) ParOldGen: 3550029K(3550208K)->3550029K(3550208K)
[49.529s][info][gc,metaspace   ] GC(196) Metaspace: 6301K(6464K)->6301K(6464K) NonClass: 5768K(5824K)->5768K(5824K) Class: 533K(640K)->533K(640K)
[49.529s][info][gc             ] GC(196) Pause Full (Ergonomics) 3521M->3521M(3735M) 1207.211ms
[49.529s][info][gc,cpu         ] GC(196) User=7.86s Sys=0.00s Real=1.21s
[49.529s][info][gc,start       ] GC(197) Pause Full (Ergonomics)
[49.529s][info][gc,phases,start] GC(197) Marking Phase
[50.364s][info][gc,phases      ] GC(197) Marking Phase 834.453ms
[50.364s][info][gc,phases,start] GC(197) Summary Phase
[50.364s][info][gc,phases      ] GC(197) Summary Phase 0.053ms
[50.364s][info][gc,phases,start] GC(197) Adjust Roots
[50.364s][info][gc,phases      ] GC(197) Adjust Roots 0.234ms
[50.364s][info][gc,phases,start] GC(197) Compaction Phase
[50.647s][info][gc,phases      ] GC(197) Compaction Phase 282.713ms
[50.647s][info][gc,phases,start] GC(197) Post Compact
[50.654s][info][gc,phases      ] GC(197) Post Compact 7.193ms
[50.654s][info][gc,heap        ] GC(197) PSYoungGen: 55808K(274432K)->55808K(274432K) Eden: 55808K(55808K)->55808K(55808K) From: 0K(218624K)->0K(218624K)
[50.654s][info][gc,heap        ] GC(197) ParOldGen: 3550034K(3550208K)->3550034K(3550208K)
[50.654s][info][gc,metaspace   ] GC(197) Metaspace: 6301K(6464K)->6301K(6464K) NonClass: 5768K(5824K)->5768K(5824K) Class: 533K(640K)->533K(640K)
[50.654s][info][gc             ] GC(197) Pause Full (Ergonomics) 3521M->3521M(3735M) 1125.072ms
[50.654s][info][gc,cpu         ] GC(197) User=7.89s Sys=0.00s Real=1.12s
[50.654s][info][gc,start       ] GC(198) Pause Full (Ergonomics)
[50.654s][info][gc,phases,start] GC(198) Marking Phase
[51.506s][info][gc,phases      ] GC(198) Marking Phase 851.574ms
[51.506s][info][gc,phases,start] GC(198) Summary Phase
[51.506s][info][gc,phases      ] GC(198) Summary Phase 0.080ms
[51.506s][info][gc,phases,start] GC(198) Adjust Roots
[51.506s][info][gc,phases      ] GC(198) Adjust Roots 0.292ms
[51.506s][info][gc,phases,start] GC(198) Compaction Phase
[51.798s][info][gc,phases      ] GC(198) Compaction Phase 291.558ms
[51.798s][info][gc,phases,start] GC(198) Post Compact
[51.805s][info][gc,phases      ] GC(198) Post Compact 7.005ms
[51.805s][info][gc,heap        ] GC(198) PSYoungGen: 55808K(274432K)->55808K(274432K) Eden: 55808K(55808K)->55808K(55808K) From: 0K(218624K)->0K(218624K)
[51.805s][info][gc,heap        ] GC(198) ParOldGen: 3550039K(3550208K)->3550039K(3550208K)
[51.805s][info][gc,metaspace   ] GC(198) Metaspace: 6301K(6464K)->6301K(6464K) NonClass: 5768K(5824K)->5768K(5824K) Class: 533K(640K)->533K(640K)
[51.805s][info][gc             ] GC(198) Pause Full (Ergonomics) 3521M->3521M(3735M) 1150.902ms
[51.805s][info][gc,cpu         ] GC(198) User=8.00s Sys=0.02s Real=1.15s
[51.805s][info][gc,start       ] GC(199) Pause Full (Ergonomics)
[51.805s][info][gc,phases,start] GC(199) Marking Phase
[52.656s][info][gc,phases      ] GC(199) Marking Phase 850.590ms
[52.656s][info][gc,phases,start] GC(199) Summary Phase
[52.656s][info][gc,phases      ] GC(199) Summary Phase 0.050ms
[52.656s][info][gc,phases,start] GC(199) Adjust Roots
[52.656s][info][gc,phases      ] GC(199) Adjust Roots 0.213ms
[52.656s][info][gc,phases,start] GC(199) Compaction Phase
[52.931s][info][gc,phases      ] GC(199) Compaction Phase 274.285ms
[52.931s][info][gc,phases,start] GC(199) Post Compact
[52.938s][info][gc,phases      ] GC(199) Post Compact 7.333ms
[52.938s][info][gc,heap        ] GC(199) PSYoungGen: 55808K(274432K)->55808K(274432K) Eden: 55808K(55808K)->55808K(55808K) From: 0K(218624K)->0K(218624K)
[52.938s][info][gc,heap        ] GC(199) ParOldGen: 3550044K(3550208K)->3550044K(3550208K)
[52.938s][info][gc,metaspace   ] GC(199) Metaspace: 6301K(6464K)->6301K(6464K) NonClass: 5768K(5824K)->5768K(5824K) Class: 533K(640K)->533K(640K)
[52.938s][info][gc             ] GC(199) Pause Full (Ergonomics) 3521M->3521M(3735M) 1132.822ms
[52.938s][info][gc,cpu         ] GC(199) User=8.00s Sys=0.00s Real=1.13s
[52.939s][info][gc,start       ] GC(200) Pause Full (Ergonomics)
[52.939s][info][gc,phases,start] GC(200) Marking Phase
[53.798s][info][gc,phases      ] GC(200) Marking Phase 859.461ms
[53.798s][info][gc,phases,start] GC(200) Summary Phase
[53.798s][info][gc,phases      ] GC(200) Summary Phase 0.054ms
[53.798s][info][gc,phases,start] GC(200) Adjust Roots
[53.798s][info][gc,phases      ] GC(200) Adjust Roots 0.213ms
[53.798s][info][gc,phases,start] GC(200) Compaction Phase
[54.091s][info][gc,phases      ] GC(200) Compaction Phase 292.518ms
[54.091s][info][gc,phases,start] GC(200) Post Compact
[54.099s][info][gc,phases      ] GC(200) Post Compact 8.005ms
[54.099s][info][gc,heap        ] GC(200) PSYoungGen: 55808K(274432K)->55808K(274432K) Eden: 55808K(55808K)->55808K(55808K) From: 0K(218624K)->0K(218624K)
[54.099s][info][gc,heap        ] GC(200) ParOldGen: 3550048K(3550208K)->3550048K(3550208K)
[54.099s][info][gc,metaspace   ] GC(200) Metaspace: 6301K(6464K)->6301K(6464K) NonClass: 5768K(5824K)->5768K(5824K) Class: 533K(640K)->533K(640K)
[54.099s][info][gc             ] GC(200) Pause Full (Ergonomics) 3521M->3521M(3735M) 1160.645ms
[54.099s][info][gc,cpu         ] GC(200) User=8.19s Sys=0.00s Real=1.16s
[54.099s][info][gc,start       ] GC(201) Pause Full (Ergonomics)
[54.099s][info][gc,phases,start] GC(201) Marking Phase
[54.935s][info][gc,phases      ] GC(201) Marking Phase 835.191ms
[54.935s][info][gc,phases,start] GC(201) Summary Phase
[54.935s][info][gc,phases      ] GC(201) Summary Phase 0.045ms
[54.935s][info][gc,phases,start] GC(201) Adjust Roots
[54.935s][info][gc,phases      ] GC(201) Adjust Roots 0.177ms
[54.935s][info][gc,phases,start] GC(201) Compaction Phase
[55.228s][info][gc,phases      ] GC(201) Compaction Phase 292.782ms
[55.228s][info][gc,phases,start] GC(201) Post Compact
[55.235s][info][gc,phases      ] GC(201) Post Compact 7.567ms
[55.235s][info][gc,heap        ] GC(201) PSYoungGen: 55808K(274432K)->55808K(274432K) Eden: 55808K(55808K)->55808K(55808K) From: 0K(218624K)->0K(218624K)
[55.235s][info][gc,heap        ] GC(201) ParOldGen: 3550053K(3550208K)->3550053K(3550208K)
[55.235s][info][gc,metaspace   ] GC(201) Metaspace: 6301K(6464K)->6301K(6464K) NonClass: 5768K(5824K)->5768K(5824K) Class: 533K(640K)->533K(640K)
[55.235s][info][gc             ] GC(201) Pause Full (Ergonomics) 3521M->3521M(3735M) 1136.099ms
[55.235s][info][gc,cpu         ] GC(201) User=7.62s Sys=0.02s Real=1.14s
[55.236s][info][gc,start       ] GC(202) Pause Full (Ergonomics)
[55.236s][info][gc,phases,start] GC(202) Marking Phase
[56.058s][info][gc,phases      ] GC(202) Marking Phase 822.783ms
[56.059s][info][gc,phases,start] GC(202) Summary Phase
[56.059s][info][gc,phases      ] GC(202) Summary Phase 0.058ms
[56.059s][info][gc,phases,start] GC(202) Adjust Roots
[56.059s][info][gc,phases      ] GC(202) Adjust Roots 0.257ms
[56.059s][info][gc,phases,start] GC(202) Compaction Phase
[56.357s][info][gc,phases      ] GC(202) Compaction Phase 298.195ms
[56.357s][info][gc,phases,start] GC(202) Post Compact
[56.364s][info][gc,phases      ] GC(202) Post Compact 7.274ms
[56.365s][info][gc,heap        ] GC(202) PSYoungGen: 55808K(274432K)->55808K(274432K) Eden: 55808K(55808K)->55808K(55808K) From: 0K(218624K)->0K(218624K)
[56.365s][info][gc,heap        ] GC(202) ParOldGen: 3550058K(3550208K)->3550058K(3550208K)
[56.365s][info][gc,metaspace   ] GC(202) Metaspace: 6301K(6464K)->6301K(6464K) NonClass: 5768K(5824K)->5768K(5824K) Class: 533K(640K)->533K(640K)
[56.365s][info][gc             ] GC(202) Pause Full (Ergonomics) 3521M->3521M(3735M) 1128.934ms
[56.365s][info][gc,cpu         ] GC(202) User=8.28s Sys=0.00s Real=1.13s
[56.365s][info][gc,start       ] GC(203) Pause Full (Ergonomics)
[56.365s][info][gc,phases,start] GC(203) Marking Phase
[57.216s][info][gc,phases      ] GC(203) Marking Phase 850.957ms
[57.216s][info][gc,phases,start] GC(203) Summary Phase
[57.216s][info][gc,phases      ] GC(203) Summary Phase 0.054ms
[57.216s][info][gc,phases,start] GC(203) Adjust Roots
[57.216s][info][gc,phases      ] GC(203) Adjust Roots 0.206ms
[57.216s][info][gc,phases,start] GC(203) Compaction Phase
[57.520s][info][gc,phases      ] GC(203) Compaction Phase 303.796ms
[57.520s][info][gc,phases,start] GC(203) Post Compact
[57.527s][info][gc,phases      ] GC(203) Post Compact 7.328ms
[57.527s][info][gc,heap        ] GC(203) PSYoungGen: 55808K(274432K)->55808K(274432K) Eden: 55808K(55808K)->55808K(55808K) From: 0K(218624K)->0K(218624K)
[57.527s][info][gc,heap        ] GC(203) ParOldGen: 3550063K(3550208K)->3550063K(3550208K)
[57.528s][info][gc,metaspace   ] GC(203) Metaspace: 6301K(6464K)->6301K(6464K) NonClass: 5768K(5824K)->5768K(5824K) Class: 533K(640K)->533K(640K)
[57.528s][info][gc             ] GC(203) Pause Full (Ergonomics) 3521M->3521M(3735M) 1162.740ms
[57.528s][info][gc,cpu         ] GC(203) User=8.30s Sys=0.00s Real=1.16s
[57.528s][info][gc,start       ] GC(204) Pause Full (Ergonomics)
[57.528s][info][gc,phases,start] GC(204) Marking Phase
[58.362s][info][gc,phases      ] GC(204) Marking Phase 833.801ms
[58.362s][info][gc,phases,start] GC(204) Summary Phase
[58.362s][info][gc,phases      ] GC(204) Summary Phase 0.048ms
[58.362s][info][gc,phases,start] GC(204) Adjust Roots
[58.362s][info][gc,phases      ] GC(204) Adjust Roots 0.202ms
[58.362s][info][gc,phases,start] GC(204) Compaction Phase
[58.685s][info][gc,phases      ] GC(204) Compaction Phase 323.002ms
[58.685s][info][gc,phases,start] GC(204) Post Compact
[58.692s][info][gc,phases      ] GC(204) Post Compact 6.663ms
[58.692s][info][gc,heap        ] GC(204) PSYoungGen: 55808K(274432K)->55808K(274432K) Eden: 55808K(55808K)->55808K(55808K) From: 0K(218624K)->0K(218624K)
[58.692s][info][gc,heap        ] GC(204) ParOldGen: 3550068K(3550208K)->3550068K(3550208K)
[58.692s][info][gc,metaspace   ] GC(204) Metaspace: 6301K(6464K)->6301K(6464K) NonClass: 5768K(5824K)->5768K(5824K) Class: 533K(640K)->533K(640K)
[58.692s][info][gc             ] GC(204) Pause Full (Ergonomics) 3521M->3521M(3735M) 1164.080ms
[58.692s][info][gc,cpu         ] GC(204) User=8.28s Sys=0.02s Real=1.16s
[58.692s][info][gc,start       ] GC(205) Pause Full (Ergonomics)
[58.692s][info][gc,phases,start] GC(205) Marking Phase
[59.535s][info][gc,phases      ] GC(205) Marking Phase 842.995ms
[59.535s][info][gc,phases,start] GC(205) Summary Phase
[59.535s][info][gc,phases      ] GC(205) Summary Phase 0.067ms
[59.535s][info][gc,phases,start] GC(205) Adjust Roots
[59.535s][info][gc,phases      ] GC(205) Adjust Roots 0.217ms
[59.536s][info][gc,phases,start] GC(205) Compaction Phase
[59.836s][info][gc,phases      ] GC(205) Compaction Phase 300.400ms
[59.836s][info][gc,phases,start] GC(205) Post Compact
[59.843s][info][gc,phases      ] GC(205) Post Compact 6.655ms
[59.843s][info][gc,heap        ] GC(205) PSYoungGen: 55808K(274432K)->55808K(274432K) Eden: 55808K(55808K)->55808K(55808K) From: 0K(218624K)->0K(218624K)
[59.843s][info][gc,heap        ] GC(205) ParOldGen: 3550073K(3550208K)->3550073K(3550208K)
[59.843s][info][gc,metaspace   ] GC(205) Metaspace: 6301K(6464K)->6301K(6464K) NonClass: 5768K(5824K)->5768K(5824K) Class: 533K(640K)->533K(640K)
[59.843s][info][gc             ] GC(205) Pause Full (Ergonomics) 3521M->3521M(3735M) 1150.716ms
[59.843s][info][gc,cpu         ] GC(205) User=7.92s Sys=0.00s Real=1.15s
[59.843s][info][gc,start       ] GC(206) Pause Full (Ergonomics)
[59.843s][info][gc,phases,start] GC(206) Marking Phase
[60.685s][info][gc,phases      ] GC(206) Marking Phase 841.596ms
[60.685s][info][gc,phases,start] GC(206) Summary Phase
[60.685s][info][gc,phases      ] GC(206) Summary Phase 0.044ms
[60.685s][info][gc,phases,start] GC(206) Adjust Roots
[60.685s][info][gc,phases      ] GC(206) Adjust Roots 0.175ms
[60.685s][info][gc,phases,start] GC(206) Compaction Phase
[60.966s][info][gc,phases      ] GC(206) Compaction Phase 280.596ms
[60.966s][info][gc,phases,start] GC(206) Post Compact
[60.972s][info][gc,phases      ] GC(206) Post Compact 6.637ms
[60.972s][info][gc,heap        ] GC(206) PSYoungGen: 55808K(274432K)->55808K(274432K) Eden: 55808K(55808K)->55808K(55808K) From: 0K(218624K)->0K(218624K)
[60.973s][info][gc,heap        ] GC(206) ParOldGen: 3550077K(3550208K)->3550077K(3550208K)
[60.973s][info][gc,metaspace   ] GC(206) Metaspace: 6301K(6464K)->6301K(6464K) NonClass: 5768K(5824K)->5768K(5824K) Class: 533K(640K)->533K(640K)
[60.973s][info][gc             ] GC(206) Pause Full (Ergonomics) 3521M->3521M(3735M) 1129.545ms
[60.973s][info][gc,cpu         ] GC(206) User=8.06s Sys=0.02s Real=1.13s
[60.973s][info][gc,start       ] GC(207) Pause Full (Ergonomics)
[60.973s][info][gc,phases,start] GC(207) Marking Phase
[61.789s][info][gc,phases      ] GC(207) Marking Phase 816.014ms
[61.789s][info][gc,phases,start] GC(207) Summary Phase
[61.789s][info][gc,phases      ] GC(207) Summary Phase 0.046ms
[61.789s][info][gc,phases,start] GC(207) Adjust Roots
[61.789s][info][gc,phases      ] GC(207) Adjust Roots 0.209ms
[61.789s][info][gc,phases,start] GC(207) Compaction Phase
[62.081s][info][gc,phases      ] GC(207) Compaction Phase 291.544ms
[62.081s][info][gc,phases,start] GC(207) Post Compact
[62.088s][info][gc,phases      ] GC(207) Post Compact 6.936ms
[62.088s][info][gc,heap        ] GC(207) PSYoungGen: 55808K(274432K)->55808K(274432K) Eden: 55808K(55808K)->55808K(55808K) From: 0K(218624K)->0K(218624K)
[62.088s][info][gc,heap        ] GC(207) ParOldGen: 3550082K(3550208K)->3550082K(3550208K)
[62.088s][info][gc,metaspace   ] GC(207) Metaspace: 6301K(6464K)->6301K(6464K) NonClass: 5768K(5824K)->5768K(5824K) Class: 533K(640K)->533K(640K)
[62.088s][info][gc             ] GC(207) Pause Full (Ergonomics) 3521M->3521M(3735M) 1115.120ms
[62.088s][info][gc,cpu         ] GC(207) User=7.80s Sys=0.00s Real=1.12s
[62.088s][info][gc,start       ] GC(208) Pause Full (Ergonomics)
[62.088s][info][gc,phases,start] GC(208) Marking Phase
[62.929s][info][gc,phases      ] GC(208) Marking Phase 840.933ms
[62.929s][info][gc,phases,start] GC(208) Summary Phase
[62.929s][info][gc,phases      ] GC(208) Summary Phase 0.058ms
[62.929s][info][gc,phases,start] GC(208) Adjust Roots
[62.930s][info][gc,phases      ] GC(208) Adjust Roots 0.262ms
[62.930s][info][gc,phases,start] GC(208) Compaction Phase
[63.243s][info][gc,phases      ] GC(208) Compaction Phase 313.622ms
[63.243s][info][gc,phases,start] GC(208) Post Compact
[63.250s][info][gc,phases      ] GC(208) Post Compact 6.764ms
[63.250s][info][gc,heap        ] GC(208) PSYoungGen: 55808K(274432K)->55808K(274432K) Eden: 55808K(55808K)->55808K(55808K) From: 0K(218624K)->0K(218624K)
[63.250s][info][gc,heap        ] GC(208) ParOldGen: 3550087K(3550208K)->3550087K(3550208K)
[63.250s][info][gc,metaspace   ] GC(208) Metaspace: 6301K(6464K)->6301K(6464K) NonClass: 5768K(5824K)->5768K(5824K) Class: 533K(640K)->533K(640K)
[63.250s][info][gc             ] GC(208) Pause Full (Ergonomics) 3521M->3521M(3735M) 1161.988ms
[63.250s][info][gc,cpu         ] GC(208) User=7.92s Sys=0.02s Real=1.16s
[63.250s][info][gc,start       ] GC(209) Pause Full (Ergonomics)
[63.250s][info][gc,phases,start] GC(209) Marking Phase
[64.103s][info][gc,phases      ] GC(209) Marking Phase 852.191ms
[64.103s][info][gc,phases,start] GC(209) Summary Phase
[64.103s][info][gc,phases      ] GC(209) Summary Phase 0.072ms
[64.103s][info][gc,phases,start] GC(209) Adjust Roots
[64.103s][info][gc,phases      ] GC(209) Adjust Roots 0.270ms
[64.103s][info][gc,phases,start] GC(209) Compaction Phase
[64.405s][info][gc,phases      ] GC(209) Compaction Phase 301.589ms
[64.405s][info][gc,phases,start] GC(209) Post Compact
[64.412s][info][gc,phases      ] GC(209) Post Compact 7.009ms
[64.412s][info][gc,heap        ] GC(209) PSYoungGen: 55808K(274432K)->55808K(274432K) Eden: 55808K(55808K)->55808K(55808K) From: 0K(218624K)->0K(218624K)
[64.412s][info][gc,heap        ] GC(209) ParOldGen: 3550092K(3550208K)->3550092K(3550208K)
[64.412s][info][gc,metaspace   ] GC(209) Metaspace: 6301K(6464K)->6301K(6464K) NonClass: 5768K(5824K)->5768K(5824K) Class: 533K(640K)->533K(640K)
[64.412s][info][gc             ] GC(209) Pause Full (Ergonomics) 3521M->3521M(3735M) 1161.669ms
[64.412s][info][gc,cpu         ] GC(209) User=8.05s Sys=0.00s Real=1.16s
[64.412s][info][gc,start       ] GC(210) Pause Full (Ergonomics)
[64.412s][info][gc,phases,start] GC(210) Marking Phase
[65.255s][info][gc,phases      ] GC(210) Marking Phase 842.623ms
[65.255s][info][gc,phases,start] GC(210) Summary Phase
[65.255s][info][gc,phases      ] GC(210) Summary Phase 0.074ms
[65.255s][info][gc,phases,start] GC(210) Adjust Roots
[65.255s][info][gc,phases      ] GC(210) Adjust Roots 0.275ms
[65.255s][info][gc,phases,start] GC(210) Compaction Phase
[65.554s][info][gc,phases      ] GC(210) Compaction Phase 298.134ms
[65.554s][info][gc,phases,start] GC(210) Post Compact
[65.561s][info][gc,phases      ] GC(210) Post Compact 7.531ms
[65.561s][info][gc,heap        ] GC(210) PSYoungGen: 55808K(274432K)->55808K(274432K) Eden: 55808K(55808K)->55808K(55808K) From: 0K(218624K)->0K(218624K)
[65.561s][info][gc,heap        ] GC(210) ParOldGen: 3550097K(3550208K)->3550097K(3550208K)
[65.561s][info][gc,metaspace   ] GC(210) Metaspace: 6301K(6464K)->6301K(6464K) NonClass: 5768K(5824K)->5768K(5824K) Class: 533K(640K)->533K(640K)
[65.561s][info][gc             ] GC(210) Pause Full (Ergonomics) 3521M->3521M(3735M) 1149.098ms
[65.561s][info][gc,cpu         ] GC(210) User=7.72s Sys=0.00s Real=1.15s
[65.562s][info][gc,start       ] GC(211) Pause Full (Ergonomics)
[65.562s][info][gc,phases,start] GC(211) Marking Phase
[66.411s][info][gc,phases      ] GC(211) Marking Phase 849.164ms
[66.411s][info][gc,phases,start] GC(211) Summary Phase
[66.411s][info][gc,phases      ] GC(211) Summary Phase 0.067ms
[66.411s][info][gc,phases,start] GC(211) Adjust Roots
[66.411s][info][gc,phases      ] GC(211) Adjust Roots 0.320ms
[66.411s][info][gc,phases,start] GC(211) Compaction Phase
[66.720s][info][gc,phases      ] GC(211) Compaction Phase 308.907ms
[66.720s][info][gc,phases,start] GC(211) Post Compact
[66.727s][info][gc,phases      ] GC(211) Post Compact 7.151ms
[66.728s][info][gc,heap        ] GC(211) PSYoungGen: 55808K(274432K)->55808K(274432K) Eden: 55808K(55808K)->55808K(55808K) From: 0K(218624K)->0K(218624K)
[66.728s][info][gc,heap        ] GC(211) ParOldGen: 3550102K(3550208K)->3550102K(3550208K)
[66.728s][info][gc,metaspace   ] GC(211) Metaspace: 6301K(6464K)->6301K(6464K) NonClass: 5768K(5824K)->5768K(5824K) Class: 533K(640K)->533K(640K)
[66.728s][info][gc             ] GC(211) Pause Full (Ergonomics) 3521M->3521M(3735M) 1166.018ms
[66.728s][info][gc,cpu         ] GC(211) User=7.78s Sys=0.03s Real=1.17s
[66.728s][info][gc,start       ] GC(212) Pause Full (Ergonomics)
[66.728s][info][gc,phases,start] GC(212) Marking Phase
[67.564s][info][gc,phases      ] GC(212) Marking Phase 836.324ms
[67.565s][info][gc,phases,start] GC(212) Summary Phase
[67.565s][info][gc,phases      ] GC(212) Summary Phase 0.068ms
[67.565s][info][gc,phases,start] GC(212) Adjust Roots
[67.565s][info][gc,phases      ] GC(212) Adjust Roots 0.322ms
[67.565s][info][gc,phases,start] GC(212) Compaction Phase
[67.858s][info][gc,phases      ] GC(212) Compaction Phase 292.743ms
[67.858s][info][gc,phases,start] GC(212) Post Compact
[67.865s][info][gc,phases      ] GC(212) Post Compact 7.251ms
[67.865s][info][gc,heap        ] GC(212) PSYoungGen: 55808K(274432K)->55808K(274432K) Eden: 55808K(55808K)->55808K(55808K) From: 0K(218624K)->0K(218624K)
[67.865s][info][gc,heap        ] GC(212) ParOldGen: 3550106K(3550208K)->3550106K(3550208K)
[67.865s][info][gc,metaspace   ] GC(212) Metaspace: 6301K(6464K)->6301K(6464K) NonClass: 5768K(5824K)->5768K(5824K) Class: 533K(640K)->533K(640K)
[67.865s][info][gc             ] GC(212) Pause Full (Ergonomics) 3521M->3521M(3735M) 1137.163ms
[67.865s][info][gc,cpu         ] GC(212) User=7.84s Sys=0.02s Real=1.14s
[67.866s][info][gc,start       ] GC(213) Pause Full (Ergonomics)
[67.866s][info][gc,phases,start] GC(213) Marking Phase
[68.704s][info][gc,phases      ] GC(213) Marking Phase 838.069ms
[68.704s][info][gc,phases,start] GC(213) Summary Phase
[68.704s][info][gc,phases      ] GC(213) Summary Phase 0.067ms
[68.704s][info][gc,phases,start] GC(213) Adjust Roots
[68.704s][info][gc,phases      ] GC(213) Adjust Roots 0.284ms
[68.704s][info][gc,phases,start] GC(213) Compaction Phase
[69.009s][info][gc,phases      ] GC(213) Compaction Phase 304.614ms
[69.009s][info][gc,phases,start] GC(213) Post Compact
[69.016s][info][gc,phases      ] GC(213) Post Compact 7.286ms
[69.016s][info][gc,heap        ] GC(213) PSYoungGen: 55808K(274432K)->55808K(274432K) Eden: 55808K(55808K)->55808K(55808K) From: 0K(218624K)->0K(218624K)
[69.016s][info][gc,heap        ] GC(213) ParOldGen: 3550111K(3550208K)->3550111K(3550208K)
[69.016s][info][gc,metaspace   ] GC(213) Metaspace: 6301K(6464K)->6301K(6464K) NonClass: 5768K(5824K)->5768K(5824K) Class: 533K(640K)->533K(640K)
[69.016s][info][gc             ] GC(213) Pause Full (Ergonomics) 3521M->3521M(3735M) 1150.738ms
[69.016s][info][gc,cpu         ] GC(213) User=7.98s Sys=0.02s Real=1.15s
[69.016s][info][gc,start       ] GC(214) Pause Full (Ergonomics)
[69.016s][info][gc,phases,start] GC(214) Marking Phase
[69.869s][info][gc,phases      ] GC(214) Marking Phase 852.927ms
[69.869s][info][gc,phases,start] GC(214) Summary Phase
[69.870s][info][gc,phases      ] GC(214) Summary Phase 0.044ms
[69.870s][info][gc,phases,start] GC(214) Adjust Roots
[69.870s][info][gc,phases      ] GC(214) Adjust Roots 0.174ms
[69.870s][info][gc,phases,start] GC(214) Compaction Phase
[70.169s][info][gc,phases      ] GC(214) Compaction Phase 298.890ms
[70.169s][info][gc,phases,start] GC(214) Post Compact
[70.176s][info][gc,phases      ] GC(214) Post Compact 7.530ms
[70.176s][info][gc,heap        ] GC(214) PSYoungGen: 55808K(274432K)->55808K(274432K) Eden: 55808K(55808K)->55808K(55808K) From: 0K(218624K)->0K(218624K)
[70.176s][info][gc,heap        ] GC(214) ParOldGen: 3550116K(3550208K)->3550116K(3550208K)
[70.176s][info][gc,metaspace   ] GC(214) Metaspace: 6301K(6464K)->6301K(6464K) NonClass: 5768K(5824K)->5768K(5824K) Class: 533K(640K)->533K(640K)
[70.176s][info][gc             ] GC(214) Pause Full (Ergonomics) 3521M->3521M(3735M) 1159.914ms
[70.176s][info][gc,cpu         ] GC(214) User=7.98s Sys=0.03s Real=1.16s
[70.177s][info][gc,start       ] GC(215) Pause Full (Ergonomics)
[70.177s][info][gc,phases,start] GC(215) Marking Phase
[71.025s][info][gc,phases      ] GC(215) Marking Phase 848.185ms
[71.025s][info][gc,phases,start] GC(215) Summary Phase
[71.025s][info][gc,phases      ] GC(215) Summary Phase 0.093ms
[71.025s][info][gc,phases,start] GC(215) Adjust Roots
[71.026s][info][gc,phases      ] GC(215) Adjust Roots 0.487ms
[71.026s][info][gc,phases,start] GC(215) Compaction Phase
[71.327s][info][gc,phases      ] GC(215) Compaction Phase 301.214ms
[71.327s][info][gc,phases,start] GC(215) Post Compact
[71.334s][info][gc,phases      ] GC(215) Post Compact 7.106ms
[71.334s][info][gc,heap        ] GC(215) PSYoungGen: 55808K(274432K)->55808K(274432K) Eden: 55808K(55808K)->55808K(55808K) From: 0K(218624K)->0K(218624K)
[71.334s][info][gc,heap        ] GC(215) ParOldGen: 3550121K(3550208K)->3550121K(3550208K)
[71.334s][info][gc,metaspace   ] GC(215) Metaspace: 6301K(6464K)->6301K(6464K) NonClass: 5768K(5824K)->5768K(5824K) Class: 533K(640K)->533K(640K)
[71.334s][info][gc             ] GC(215) Pause Full (Ergonomics) 3521M->3521M(3735M) 1157.679ms
[71.334s][info][gc,cpu         ] GC(215) User=7.56s Sys=0.02s Real=1.16s
[71.334s][info][gc,start       ] GC(216) Pause Full (Ergonomics)
[71.335s][info][gc,phases,start] GC(216) Marking Phase
[72.188s][info][gc,phases      ] GC(216) Marking Phase 853.730ms
[72.188s][info][gc,phases,start] GC(216) Summary Phase
[72.188s][info][gc,phases      ] GC(216) Summary Phase 0.067ms
[72.188s][info][gc,phases,start] GC(216) Adjust Roots
[72.189s][info][gc,phases      ] GC(216) Adjust Roots 0.251ms
[72.189s][info][gc,phases,start] GC(216) Compaction Phase
[72.481s][info][gc,phases      ] GC(216) Compaction Phase 292.196ms
[72.481s][info][gc,phases,start] GC(216) Post Compact
[72.488s][info][gc,phases      ] GC(216) Post Compact 7.034ms
[72.488s][info][gc,heap        ] GC(216) PSYoungGen: 55808K(274432K)->55808K(274432K) Eden: 55808K(55808K)->55808K(55808K) From: 0K(218624K)->0K(218624K)
[72.488s][info][gc,heap        ] GC(216) ParOldGen: 3550126K(3550208K)->3550126K(3550208K)
[72.488s][info][gc,metaspace   ] GC(216) Metaspace: 6301K(6464K)->6301K(6464K) NonClass: 5768K(5824K)->5768K(5824K) Class: 533K(640K)->533K(640K)
[72.488s][info][gc             ] GC(216) Pause Full (Ergonomics) 3521M->3521M(3735M) 1153.797ms
[72.488s][info][gc,cpu         ] GC(216) User=7.75s Sys=0.00s Real=1.15s
[72.489s][info][gc,start       ] GC(217) Pause Full (Ergonomics)
[72.489s][info][gc,phases,start] GC(217) Marking Phase
[73.311s][info][gc,phases      ] GC(217) Marking Phase 822.253ms
[73.311s][info][gc,phases,start] GC(217) Summary Phase
[73.311s][info][gc,phases      ] GC(217) Summary Phase 0.060ms
[73.311s][info][gc,phases,start] GC(217) Adjust Roots
[73.311s][info][gc,phases      ] GC(217) Adjust Roots 0.344ms
[73.311s][info][gc,phases,start] GC(217) Compaction Phase
[73.605s][info][gc,phases      ] GC(217) Compaction Phase 293.975ms
[73.605s][info][gc,phases,start] GC(217) Post Compact
[73.612s][info][gc,phases      ] GC(217) Post Compact 6.927ms
[73.613s][info][gc,heap        ] GC(217) PSYoungGen: 55808K(274432K)->55808K(274432K) Eden: 55808K(55808K)->55808K(55808K) From: 0K(218624K)->0K(218624K)
[73.613s][info][gc,heap        ] GC(217) ParOldGen: 3550131K(3550208K)->3550131K(3550208K)
[73.613s][info][gc,metaspace   ] GC(217) Metaspace: 6301K(6464K)->6301K(6464K) NonClass: 5768K(5824K)->5768K(5824K) Class: 533K(640K)->533K(640K)
[73.613s][info][gc             ] GC(217) Pause Full (Ergonomics) 3521M->3521M(3735M) 1124.037ms
[73.613s][info][gc,cpu         ] GC(217) User=7.95s Sys=0.00s Real=1.12s
[73.613s][info][gc,start       ] GC(218) Pause Full (Ergonomics)
[73.613s][info][gc,phases,start] GC(218) Marking Phase
[74.461s][info][gc,phases      ] GC(218) Marking Phase 848.617ms
[74.462s][info][gc,phases,start] GC(218) Summary Phase
[74.462s][info][gc,phases      ] GC(218) Summary Phase 0.064ms
[74.462s][info][gc,phases,start] GC(218) Adjust Roots
[74.462s][info][gc,phases      ] GC(218) Adjust Roots 0.302ms
[74.462s][info][gc,phases,start] GC(218) Compaction Phase
[74.782s][info][gc,phases      ] GC(218) Compaction Phase 320.356ms
[74.782s][info][gc,phases,start] GC(218) Post Compact
[74.789s][info][gc,phases      ] GC(218) Post Compact 6.891ms
[74.789s][info][gc,heap        ] GC(218) PSYoungGen: 55808K(274432K)->55808K(274432K) Eden: 55808K(55808K)->55808K(55808K) From: 0K(218624K)->0K(218624K)
[74.789s][info][gc,heap        ] GC(218) ParOldGen: 3550135K(3550208K)->3550135K(3550208K)
[74.789s][info][gc,metaspace   ] GC(218) Metaspace: 6301K(6464K)->6301K(6464K) NonClass: 5768K(5824K)->5768K(5824K) Class: 533K(640K)->533K(640K)
[74.789s][info][gc             ] GC(218) Pause Full (Ergonomics) 3521M->3521M(3735M) 1176.675ms
[74.790s][info][gc,cpu         ] GC(218) User=7.81s Sys=0.03s Real=1.18s
[74.790s][info][gc,start       ] GC(219) Pause Full (Ergonomics)
[74.790s][info][gc,phases,start] GC(219) Marking Phase
[75.627s][info][gc,phases      ] GC(219) Marking Phase 837.073ms
[75.627s][info][gc,phases,start] GC(219) Summary Phase
[75.627s][info][gc,phases      ] GC(219) Summary Phase 0.056ms
[75.627s][info][gc,phases,start] GC(219) Adjust Roots
[75.627s][info][gc,phases      ] GC(219) Adjust Roots 0.310ms
[75.627s][info][gc,phases,start] GC(219) Compaction Phase
[75.924s][info][gc,phases      ] GC(219) Compaction Phase 297.055ms
[75.924s][info][gc,phases,start] GC(219) Post Compact
[75.934s][info][gc,phases      ] GC(219) Post Compact 9.667ms
[75.934s][info][gc,heap        ] GC(219) PSYoungGen: 55808K(274432K)->55808K(274432K) Eden: 55808K(55808K)->55808K(55808K) From: 0K(218624K)->0K(218624K)
[75.934s][info][gc,heap        ] GC(219) ParOldGen: 3550140K(3550208K)->3550140K(3550208K)
[75.934s][info][gc,metaspace   ] GC(219) Metaspace: 6301K(6464K)->6301K(6464K) NonClass: 5768K(5824K)->5768K(5824K) Class: 533K(640K)->533K(640K)
[75.934s][info][gc             ] GC(219) Pause Full (Ergonomics) 3521M->3521M(3735M) 1144.643ms
[75.934s][info][gc,cpu         ] GC(219) User=8.14s Sys=0.00s Real=1.14s
[75.935s][info][gc,start       ] GC(220) Pause Full (Ergonomics)
[75.935s][info][gc,phases,start] GC(220) Marking Phase
[76.777s][info][gc,phases      ] GC(220) Marking Phase 842.084ms
[76.777s][info][gc,phases,start] GC(220) Summary Phase
[76.777s][info][gc,phases      ] GC(220) Summary Phase 0.054ms
[76.777s][info][gc,phases,start] GC(220) Adjust Roots
[76.777s][info][gc,phases      ] GC(220) Adjust Roots 0.263ms
[76.777s][info][gc,phases,start] GC(220) Compaction Phase
[77.077s][info][gc,phases      ] GC(220) Compaction Phase 300.281ms
[77.077s][info][gc,phases,start] GC(220) Post Compact
[77.084s][info][gc,phases      ] GC(220) Post Compact 6.931ms
[77.085s][info][gc,heap        ] GC(220) PSYoungGen: 55808K(274432K)->55808K(274432K) Eden: 55808K(55808K)->55808K(55808K) From: 0K(218624K)->0K(218624K)
[77.085s][info][gc,heap        ] GC(220) ParOldGen: 3550145K(3550208K)->3550145K(3550208K)
[77.085s][info][gc,metaspace   ] GC(220) Metaspace: 6301K(6464K)->6301K(6464K) NonClass: 5768K(5824K)->5768K(5824K) Class: 533K(640K)->533K(640K)
[77.085s][info][gc             ] GC(220) Pause Full (Ergonomics) 3521M->3521M(3735M) 1149.978ms
[77.085s][info][gc,cpu         ] GC(220) User=7.75s Sys=0.00s Real=1.15s
[77.085s][info][gc,start       ] GC(221) Pause Full (Ergonomics)
[77.085s][info][gc,phases,start] GC(221) Marking Phase
[77.909s][info][gc,phases      ] GC(221) Marking Phase 824.267ms
[77.909s][info][gc,phases,start] GC(221) Summary Phase
[77.909s][info][gc,phases      ] GC(221) Summary Phase 0.055ms
[77.909s][info][gc,phases,start] GC(221) Adjust Roots
[77.909s][info][gc,phases      ] GC(221) Adjust Roots 0.198ms
[77.909s][info][gc,phases,start] GC(221) Compaction Phase
[78.202s][info][gc,phases      ] GC(221) Compaction Phase 292.054ms
[78.202s][info][gc,phases,start] GC(221) Post Compact
[78.209s][info][gc,phases      ] GC(221) Post Compact 7.229ms
[78.209s][info][gc,heap        ] GC(221) PSYoungGen: 55808K(274432K)->55808K(274432K) Eden: 55808K(55808K)->55808K(55808K) From: 0K(218624K)->0K(218624K)
[78.209s][info][gc,heap        ] GC(221) ParOldGen: 3550150K(3550208K)->3550150K(3550208K)
[78.209s][info][gc,metaspace   ] GC(221) Metaspace: 6301K(6464K)->6301K(6464K) NonClass: 5768K(5824K)->5768K(5824K) Class: 533K(640K)->533K(640K)
[78.209s][info][gc             ] GC(221) Pause Full (Ergonomics) 3521M->3521M(3735M) 1124.187ms
[78.209s][info][gc,cpu         ] GC(221) User=7.94s Sys=0.02s Real=1.12s
[78.209s][info][gc,start       ] GC(222) Pause Full (Ergonomics)
[78.209s][info][gc,phases,start] GC(222) Marking Phase
[79.058s][info][gc,phases      ] GC(222) Marking Phase 848.615ms
[79.058s][info][gc,phases,start] GC(222) Summary Phase
[79.058s][info][gc,phases      ] GC(222) Summary Phase 0.047ms
[79.058s][info][gc,phases,start] GC(222) Adjust Roots
[79.058s][info][gc,phases      ] GC(222) Adjust Roots 0.201ms
[79.058s][info][gc,phases,start] GC(222) Compaction Phase
[79.342s][info][gc,phases      ] GC(222) Compaction Phase 283.452ms
[79.342s][info][gc,phases,start] GC(222) Post Compact
[79.349s][info][gc,phases      ] GC(222) Post Compact 7.310ms
[79.349s][info][gc,heap        ] GC(222) PSYoungGen: 55808K(274432K)->55808K(274432K) Eden: 55808K(55808K)->55808K(55808K) From: 0K(218624K)->0K(218624K)
[79.349s][info][gc,heap        ] GC(222) ParOldGen: 3550155K(3550208K)->3550155K(3550208K)
[79.349s][info][gc,metaspace   ] GC(222) Metaspace: 6301K(6464K)->6301K(6464K) NonClass: 5768K(5824K)->5768K(5824K) Class: 533K(640K)->533K(640K)
[79.349s][info][gc             ] GC(222) Pause Full (Ergonomics) 3521M->3521M(3735M) 1140.021ms
[79.349s][info][gc,cpu         ] GC(222) User=8.02s Sys=0.00s Real=1.14s
[79.349s][info][gc,start       ] GC(223) Pause Full (Ergonomics)
[79.349s][info][gc,phases,start] GC(223) Marking Phase
[80.182s][info][gc,phases      ] GC(223) Marking Phase 832.980ms
[80.183s][info][gc,phases,start] GC(223) Summary Phase
[80.183s][info][gc,phases      ] GC(223) Summary Phase 0.067ms
[80.183s][info][gc,phases,start] GC(223) Adjust Roots
[80.183s][info][gc,phases      ] GC(223) Adjust Roots 0.242ms
[80.183s][info][gc,phases,start] GC(223) Compaction Phase
[80.460s][info][gc,phases      ] GC(223) Compaction Phase 277.530ms
[80.461s][info][gc,phases,start] GC(223) Post Compact
[80.468s][info][gc,phases      ] GC(223) Post Compact 7.337ms
[80.468s][info][gc,heap        ] GC(223) PSYoungGen: 55808K(274432K)->55808K(274432K) Eden: 55808K(55808K)->55808K(55808K) From: 0K(218624K)->0K(218624K)
[80.468s][info][gc,heap        ] GC(223) ParOldGen: 3550160K(3550208K)->3550160K(3550208K)
[80.468s][info][gc,metaspace   ] GC(223) Metaspace: 6301K(6464K)->6301K(6464K) NonClass: 5768K(5824K)->5768K(5824K) Class: 533K(640K)->533K(640K)
[80.468s][info][gc             ] GC(223) Pause Full (Ergonomics) 3521M->3521M(3735M) 1118.558ms
[80.468s][info][gc,cpu         ] GC(223) User=8.05s Sys=0.00s Real=1.12s
[80.468s][info][gc,start       ] GC(224) Pause Full (Ergonomics)
[80.468s][info][gc,phases,start] GC(224) Marking Phase
[81.315s][info][gc,phases      ] GC(224) Marking Phase 846.765ms
[81.315s][info][gc,phases,start] GC(224) Summary Phase
[81.315s][info][gc,phases      ] GC(224) Summary Phase 0.053ms
[81.315s][info][gc,phases,start] GC(224) Adjust Roots
[81.315s][info][gc,phases      ] GC(224) Adjust Roots 0.257ms
[81.316s][info][gc,phases,start] GC(224) Compaction Phase
[81.587s][info][gc,phases      ] GC(224) Compaction Phase 271.626ms
[81.587s][info][gc,phases,start] GC(224) Post Compact
[81.594s][info][gc,phases      ] GC(224) Post Compact 7.116ms
[81.594s][info][gc,heap        ] GC(224) PSYoungGen: 55808K(274432K)->55808K(274432K) Eden: 55808K(55808K)->55808K(55808K) From: 0K(218624K)->0K(218624K)
[81.594s][info][gc,heap        ] GC(224) ParOldGen: 3550164K(3550208K)->3550164K(3550208K)
[81.594s][info][gc,metaspace   ] GC(224) Metaspace: 6301K(6464K)->6301K(6464K) NonClass: 5768K(5824K)->5768K(5824K) Class: 533K(640K)->533K(640K)
[81.594s][info][gc             ] GC(224) Pause Full (Ergonomics) 3521M->3521M(3735M) 1126.189ms
[81.594s][info][gc,cpu         ] GC(224) User=7.92s Sys=0.00s Real=1.12s
[81.595s][info][gc,start       ] GC(225) Pause Full (Ergonomics)
[81.595s][info][gc,phases,start] GC(225) Marking Phase
[82.457s][info][gc,phases      ] GC(225) Marking Phase 862.097ms
[82.457s][info][gc,phases,start] GC(225) Summary Phase
[82.457s][info][gc,phases      ] GC(225) Summary Phase 0.051ms
[82.457s][info][gc,phases,start] GC(225) Adjust Roots
[82.457s][info][gc,phases      ] GC(225) Adjust Roots 0.200ms
[82.457s][info][gc,phases,start] GC(225) Compaction Phase
[82.762s][info][gc,phases      ] GC(225) Compaction Phase 305.260ms
[82.762s][info][gc,phases,start] GC(225) Post Compact
[82.769s][info][gc,phases      ] GC(225) Post Compact 6.952ms
[82.770s][info][gc,heap        ] GC(225) PSYoungGen: 55808K(274432K)->55808K(274432K) Eden: 55808K(55808K)->55808K(55808K) From: 0K(218624K)->0K(218624K)
[82.770s][info][gc,heap        ] GC(225) ParOldGen: 3550169K(3550208K)->3550169K(3550208K)
[82.770s][info][gc,metaspace   ] GC(225) Metaspace: 6301K(6464K)->6301K(6464K) NonClass: 5768K(5824K)->5768K(5824K) Class: 533K(640K)->533K(640K)
[82.770s][info][gc             ] GC(225) Pause Full (Ergonomics) 3521M->3521M(3735M) 1174.904ms
[82.770s][info][gc,cpu         ] GC(225) User=7.73s Sys=0.00s Real=1.17s
[82.770s][info][gc,start       ] GC(226) Pause Full (Ergonomics)
[82.770s][info][gc,phases,start] GC(226) Marking Phase
[83.613s][info][gc,phases      ] GC(226) Marking Phase 842.764ms
[83.613s][info][gc,phases,start] GC(226) Summary Phase
[83.613s][info][gc,phases      ] GC(226) Summary Phase 0.073ms
[83.613s][info][gc,phases,start] GC(226) Adjust Roots
[83.613s][info][gc,phases      ] GC(226) Adjust Roots 0.333ms
[83.613s][info][gc,phases,start] GC(226) Compaction Phase
[83.915s][info][gc,phases      ] GC(226) Compaction Phase 302.254ms
[83.916s][info][gc,phases,start] GC(226) Post Compact
[83.923s][info][gc,phases      ] GC(226) Post Compact 7.268ms
[83.923s][info][gc,heap        ] GC(226) PSYoungGen: 55808K(274432K)->55808K(274432K) Eden: 55808K(55808K)->55808K(55808K) From: 0K(218624K)->0K(218624K)
[83.923s][info][gc,heap        ] GC(226) ParOldGen: 3550174K(3550208K)->3550174K(3550208K)
[83.923s][info][gc,metaspace   ] GC(226) Metaspace: 6301K(6464K)->6301K(6464K) NonClass: 5768K(5824K)->5768K(5824K) Class: 533K(640K)->533K(640K)
[83.923s][info][gc             ] GC(226) Pause Full (Ergonomics) 3521M->3521M(3735M) 1153.199ms
[83.923s][info][gc,cpu         ] GC(226) User=7.70s Sys=0.03s Real=1.15s
[83.923s][info][gc,start       ] GC(227) Pause Full (Ergonomics)
[83.923s][info][gc,phases,start] GC(227) Marking Phase
[84.818s][info][gc,phases      ] GC(227) Marking Phase 894.517ms
[84.818s][info][gc,phases,start] GC(227) Summary Phase
[84.818s][info][gc,phases      ] GC(227) Summary Phase 0.065ms
[84.818s][info][gc,phases,start] GC(227) Adjust Roots
[84.818s][info][gc,phases      ] GC(227) Adjust Roots 0.267ms
[84.818s][info][gc,phases,start] GC(227) Compaction Phase
[85.120s][info][gc,phases      ] GC(227) Compaction Phase 301.551ms
[85.120s][info][gc,phases,start] GC(227) Post Compact
[85.129s][info][gc,phases      ] GC(227) Post Compact 8.764ms
[85.129s][info][gc,heap        ] GC(227) PSYoungGen: 55808K(274432K)->55808K(274432K) Eden: 55808K(55808K)->55808K(55808K) From: 0K(218624K)->0K(218624K)
[85.129s][info][gc,heap        ] GC(227) ParOldGen: 3550179K(3550208K)->3550179K(3550208K)
[85.129s][info][gc,metaspace   ] GC(227) Metaspace: 6301K(6464K)->6301K(6464K) NonClass: 5768K(5824K)->5768K(5824K) Class: 533K(640K)->533K(640K)
[85.129s][info][gc             ] GC(227) Pause Full (Ergonomics) 3521M->3521M(3735M) 1205.603ms
[85.129s][info][gc,cpu         ] GC(227) User=8.08s Sys=0.02s Real=1.20s
[85.129s][info][gc,start       ] GC(228) Pause Full (Ergonomics)
[85.129s][info][gc,phases,start] GC(228) Marking Phase
[86.000s][info][gc,phases      ] GC(228) Marking Phase 871.129ms
[86.000s][info][gc,phases,start] GC(228) Summary Phase
[86.000s][info][gc,phases      ] GC(228) Summary Phase 0.092ms
[86.000s][info][gc,phases,start] GC(228) Adjust Roots
[86.001s][info][gc,phases      ] GC(228) Adjust Roots 0.325ms
[86.001s][info][gc,phases,start] GC(228) Compaction Phase
[86.323s][info][gc,phases      ] GC(228) Compaction Phase 322.289ms
[86.323s][info][gc,phases,start] GC(228) Post Compact
[86.332s][info][gc,phases      ] GC(228) Post Compact 8.499ms
[86.332s][info][gc,heap        ] GC(228) PSYoungGen: 55808K(274432K)->55808K(274432K) Eden: 55808K(55808K)->55808K(55808K) From: 0K(218624K)->0K(218624K)
[86.332s][info][gc,heap        ] GC(228) ParOldGen: 3550184K(3550208K)->3550184K(3550208K)
[86.332s][info][gc,metaspace   ] GC(228) Metaspace: 6301K(6464K)->6301K(6464K) NonClass: 5768K(5824K)->5768K(5824K) Class: 533K(640K)->533K(640K)
[86.332s][info][gc             ] GC(228) Pause Full (Ergonomics) 3521M->3521M(3735M) 1202.878ms
[86.332s][info][gc,cpu         ] GC(228) User=7.83s Sys=0.00s Real=1.20s
[86.332s][info][gc,start       ] GC(229) Pause Full (Ergonomics)
[86.332s][info][gc,phases,start] GC(229) Marking Phase
[87.222s][info][gc,phases      ] GC(229) Marking Phase 889.545ms
[87.222s][info][gc,phases,start] GC(229) Summary Phase
[87.222s][info][gc,phases      ] GC(229) Summary Phase 0.082ms
[87.222s][info][gc,phases,start] GC(229) Adjust Roots
[87.222s][info][gc,phases      ] GC(229) Adjust Roots 0.338ms
[87.222s][info][gc,phases,start] GC(229) Compaction Phase
[87.516s][info][gc,phases      ] GC(229) Compaction Phase 293.527ms
[87.516s][info][gc,phases,start] GC(229) Post Compact
[87.523s][info][gc,phases      ] GC(229) Post Compact 6.866ms
[87.523s][info][gc,heap        ] GC(229) PSYoungGen: 55808K(274432K)->55808K(274432K) Eden: 55808K(55808K)->55808K(55808K) From: 0K(218624K)->0K(218624K)
[87.523s][info][gc,heap        ] GC(229) ParOldGen: 3550189K(3550208K)->3550189K(3550208K)
[87.523s][info][gc,metaspace   ] GC(229) Metaspace: 6301K(6464K)->6301K(6464K) NonClass: 5768K(5824K)->5768K(5824K) Class: 533K(640K)->533K(640K)
[87.523s][info][gc             ] GC(229) Pause Full (Ergonomics) 3521M->3521M(3735M) 1190.871ms
[87.523s][info][gc,cpu         ] GC(229) User=7.48s Sys=0.03s Real=1.19s
[87.523s][info][gc,start       ] GC(230) Pause Full (Ergonomics)
[87.523s][info][gc,phases,start] GC(230) Marking Phase
[88.389s][info][gc,phases      ] GC(230) Marking Phase 866.008ms
[88.389s][info][gc,phases,start] GC(230) Summary Phase
[88.390s][info][gc,phases      ] GC(230) Summary Phase 0.080ms
[88.390s][info][gc,phases,start] GC(230) Adjust Roots
[88.390s][info][gc,phases      ] GC(230) Adjust Roots 0.295ms
[88.390s][info][gc,phases,start] GC(230) Compaction Phase
[88.683s][info][gc,phases      ] GC(230) Compaction Phase 293.280ms
[88.683s][info][gc,phases,start] GC(230) Post Compact
[88.691s][info][gc,phases      ] GC(230) Post Compact 7.419ms
[88.691s][info][gc,heap        ] GC(230) PSYoungGen: 55808K(274432K)->55808K(274432K) Eden: 55808K(55808K)->55808K(55808K) From: 0K(218624K)->0K(218624K)
[88.691s][info][gc,heap        ] GC(230) ParOldGen: 3550193K(3550208K)->3550193K(3550208K)
[88.691s][info][gc,metaspace   ] GC(230) Metaspace: 6301K(6464K)->6301K(6464K) NonClass: 5768K(5824K)->5768K(5824K) Class: 533K(640K)->533K(640K)
[88.691s][info][gc             ] GC(230) Pause Full (Ergonomics) 3521M->3521M(3735M) 1167.528ms
[88.691s][info][gc,cpu         ] GC(230) User=8.08s Sys=0.02s Real=1.17s
[88.691s][info][gc,start       ] GC(231) Pause Full (Ergonomics)
[88.691s][info][gc,phases,start] GC(231) Marking Phase
[89.552s][info][gc,phases      ] GC(231) Marking Phase 861.074ms
[89.552s][info][gc,phases,start] GC(231) Summary Phase
[89.552s][info][gc,phases      ] GC(231) Summary Phase 0.054ms
[89.552s][info][gc,phases,start] GC(231) Adjust Roots
[89.553s][info][gc,phases      ] GC(231) Adjust Roots 0.264ms
[89.553s][info][gc,phases,start] GC(231) Compaction Phase
[89.842s][info][gc,phases      ] GC(231) Compaction Phase 289.225ms
[89.842s][info][gc,phases,start] GC(231) Post Compact
[89.849s][info][gc,phases      ] GC(231) Post Compact 6.865ms
[89.849s][info][gc,heap        ] GC(231) PSYoungGen: 55808K(274432K)->55808K(274432K) Eden: 55808K(55808K)->55808K(55808K) From: 0K(218624K)->0K(218624K)
[89.849s][info][gc,heap        ] GC(231) ParOldGen: 3550198K(3550208K)->3550198K(3550208K)
[89.849s][info][gc,metaspace   ] GC(231) Metaspace: 6301K(6464K)->6301K(6464K) NonClass: 5768K(5824K)->5768K(5824K) Class: 533K(640K)->533K(640K)
[89.849s][info][gc             ] GC(231) Pause Full (Ergonomics) 3521M->3521M(3735M) 1157.880ms
[89.849s][info][gc,cpu         ] GC(231) User=7.62s Sys=0.02s Real=1.16s
[89.849s][info][gc,start       ] GC(232) Pause Full (Ergonomics)
[89.849s][info][gc,phases,start] GC(232) Marking Phase
[90.716s][info][gc,phases      ] GC(232) Marking Phase 866.558ms
[90.716s][info][gc,phases,start] GC(232) Summary Phase
[90.716s][info][gc,phases      ] GC(232) Summary Phase 0.068ms
[90.716s][info][gc,phases,start] GC(232) Adjust Roots
[90.716s][info][gc,phases      ] GC(232) Adjust Roots 0.259ms
[90.716s][info][gc,phases,start] GC(232) Compaction Phase
[91.009s][info][gc,phases      ] GC(232) Compaction Phase 292.243ms
[91.009s][info][gc,phases,start] GC(232) Post Compact
[91.016s][info][gc,phases      ] GC(232) Post Compact 7.441ms
[91.016s][info][gc,heap        ] GC(232) PSYoungGen: 55808K(274432K)->55808K(274432K) Eden: 55808K(55808K)->55808K(55808K) From: 0K(218624K)->0K(218624K)
[91.016s][info][gc,heap        ] GC(232) ParOldGen: 3550203K(3550208K)->3550203K(3550208K)
[91.016s][info][gc,metaspace   ] GC(232) Metaspace: 6301K(6464K)->6301K(6464K) NonClass: 5768K(5824K)->5768K(5824K) Class: 533K(640K)->533K(640K)
[91.016s][info][gc             ] GC(232) Pause Full (Ergonomics) 3521M->3521M(3735M) 1166.963ms
[91.016s][info][gc,cpu         ] GC(232) User=7.88s Sys=0.00s Real=1.17s
[91.016s][info][gc,start       ] GC(233) Pause Full (Ergonomics)
[91.017s][info][gc,phases,start] GC(233) Marking Phase
[91.881s][info][gc,phases      ] GC(233) Marking Phase 864.565ms
[91.881s][info][gc,phases,start] GC(233) Summary Phase
[91.881s][info][gc,phases      ] GC(233) Summary Phase 0.146ms
[91.881s][info][gc,phases,start] GC(233) Adjust Roots
[91.882s][info][gc,phases      ] GC(233) Adjust Roots 0.382ms
[91.882s][info][gc,phases,start] GC(233) Compaction Phase
[92.167s][info][gc,phases      ] GC(233) Compaction Phase 285.553ms
[92.168s][info][gc,phases,start] GC(233) Post Compact
[92.175s][info][gc,phases      ] GC(233) Post Compact 7.832ms
[92.175s][info][gc,heap        ] GC(233) PSYoungGen: 55808K(274432K)->55808K(274432K) Eden: 55808K(55808K)->55808K(55808K) From: 0K(218624K)->0K(218624K)
[92.175s][info][gc,heap        ] GC(233) ParOldGen: 3550207K(3550208K)->3550207K(3550208K)
[92.176s][info][gc,metaspace   ] GC(233) Metaspace: 6301K(6464K)->6301K(6464K) NonClass: 5768K(5824K)->5768K(5824K) Class: 533K(640K)->533K(640K)
[92.176s][info][gc             ] GC(233) Pause Full (Ergonomics) 3521M->3521M(3735M) 1159.061ms
[92.176s][info][gc,cpu         ] GC(233) User=7.81s Sys=0.00s Real=1.16s
[92.176s][info][gc,start       ] GC(234) Pause Full (Allocation Failure)
[92.176s][info][gc,phases,start] GC(234) Marking Phase
[93.055s][info][gc,phases      ] GC(234) Marking Phase 879.161ms
[93.055s][info][gc,phases,start] GC(234) Summary Phase
[93.055s][info][gc,phases      ] GC(234) Summary Phase 0.061ms
[93.055s][info][gc,phases,start] GC(234) Adjust Roots
[93.056s][info][gc,phases      ] GC(234) Adjust Roots 0.551ms
[93.056s][info][gc,phases,start] GC(234) Compaction Phase
[93.975s][info][gc,phases      ] GC(234) Compaction Phase 919.569ms
[93.975s][info][gc,phases,start] GC(234) Post Compact
[93.982s][info][gc,phases      ] GC(234) Post Compact 6.989ms
[93.982s][info][gc,heap        ] GC(234) PSYoungGen: 55808K(274432K)->55808K(274432K) Eden: 55808K(55808K)->55808K(55808K) From: 0K(218624K)->0K(218624K)
[93.983s][info][gc,heap        ] GC(234) ParOldGen: 3550207K(3550208K)->3550203K(3550208K)
[93.983s][info][gc,metaspace   ] GC(234) Metaspace: 6301K(6464K)->6300K(6464K) NonClass: 5768K(5824K)->5767K(5824K) Class: 533K(640K)->532K(640K)
[93.983s][info][gc             ] GC(234) Pause Full (Allocation Failure) 3521M->3521M(3735M) 1806.959ms
[93.983s][info][gc,cpu         ] GC(234) User=11.69s Sys=0.02s Real=1.81s
[93.983s][info][gc,start       ] GC(235) Pause Full (Ergonomics)
[93.983s][info][gc,phases,start] GC(235) Marking Phase
[94.846s][info][gc,phases      ] GC(235) Marking Phase 862.519ms
[94.846s][info][gc,phases,start] GC(235) Summary Phase
[94.846s][info][gc,phases      ] GC(235) Summary Phase 0.051ms
[94.846s][info][gc,phases,start] GC(235) Adjust Roots
[94.846s][info][gc,phases      ] GC(235) Adjust Roots 0.206ms
[94.846s][info][gc,phases,start] GC(235) Compaction Phase
[95.145s][info][gc,phases      ] GC(235) Compaction Phase 298.590ms
[95.145s][info][gc,phases,start] GC(235) Post Compact
[95.154s][info][gc,phases      ] GC(235) Post Compact 9.168ms
[95.154s][info][gc,heap        ] GC(235) PSYoungGen: 55808K(274432K)->55808K(274432K) Eden: 55808K(55808K)->55808K(55808K) From: 0K(218624K)->0K(218624K)
[95.154s][info][gc,heap        ] GC(235) ParOldGen: 3550204K(3550208K)->3550204K(3550208K)
[95.154s][info][gc,metaspace   ] GC(235) Metaspace: 6300K(6464K)->6300K(6464K) NonClass: 5767K(5824K)->5767K(5824K) Class: 532K(640K)->532K(640K)
[95.154s][info][gc             ] GC(235) Pause Full (Ergonomics) 3521M->3521M(3735M) 1170.994ms
[95.154s][info][gc,cpu         ] GC(235) User=7.70s Sys=0.00s Real=1.17s
[95.155s][info][gc,start       ] GC(236) Pause Full (Ergonomics)
[95.155s][info][gc,phases,start] GC(236) Marking Phase
[96.034s][info][gc,phases      ] GC(236) Marking Phase 878.974ms
[96.034s][info][gc,phases,start] GC(236) Summary Phase
[96.034s][info][gc,phases      ] GC(236) Summary Phase 0.087ms
[96.034s][info][gc,phases,start] GC(236) Adjust Roots
[96.034s][info][gc,phases      ] GC(236) Adjust Roots 0.319ms
[96.034s][info][gc,phases,start] GC(236) Compaction Phase
[96.323s][info][gc,phases      ] GC(236) Compaction Phase 288.503ms
[96.323s][info][gc,phases,start] GC(236) Post Compact
[96.332s][info][gc,phases      ] GC(236) Post Compact 8.943ms
[96.332s][info][gc,heap        ] GC(236) PSYoungGen: 55808K(274432K)->55808K(274432K) Eden: 55808K(55808K)->55808K(55808K) From: 0K(218624K)->0K(218624K)
[96.332s][info][gc,heap        ] GC(236) ParOldGen: 3550208K(3550208K)->3550208K(3550208K)
[96.332s][info][gc,metaspace   ] GC(236) Metaspace: 6300K(6464K)->6300K(6464K) NonClass: 5767K(5824K)->5767K(5824K) Class: 532K(640K)->532K(640K)
[96.332s][info][gc             ] GC(236) Pause Full (Ergonomics) 3521M->3521M(3735M) 1177.347ms
[96.332s][info][gc,cpu         ] GC(236) User=7.97s Sys=0.00s Real=1.18s
[96.332s][info][gc,start       ] GC(237) Pause Full (Allocation Failure)
[96.332s][info][gc,phases,start] GC(237) Marking Phase
[97.210s][info][gc,phases      ] GC(237) Marking Phase 877.923ms
[97.210s][info][gc,phases,start] GC(237) Summary Phase
[97.210s][info][gc,phases      ] GC(237) Summary Phase 0.047ms
[97.210s][info][gc,phases,start] GC(237) Adjust Roots
[97.210s][info][gc,phases      ] GC(237) Adjust Roots 0.177ms
[97.210s][info][gc,phases,start] GC(237) Compaction Phase
[97.504s][info][gc,phases      ] GC(237) Compaction Phase 293.197ms
[97.504s][info][gc,phases,start] GC(237) Post Compact
[97.511s][info][gc,phases      ] GC(237) Post Compact 7.553ms
[97.511s][info][gc,heap        ] GC(237) PSYoungGen: 55808K(274432K)->55808K(274432K) Eden: 55808K(55808K)->55808K(55808K) From: 0K(218624K)->0K(218624K)
[97.511s][info][gc,heap        ] GC(237) ParOldGen: 3550208K(3550208K)->3550208K(3550208K)
[97.511s][info][gc,metaspace   ] GC(237) Metaspace: 6300K(6464K)->6300K(6464K) NonClass: 5767K(5824K)->5767K(5824K) Class: 532K(640K)->532K(640K)
[97.511s][info][gc             ] GC(237) Pause Full (Allocation Failure) 3521M->3521M(3735M) 1179.279ms
[97.511s][info][gc,cpu         ] GC(237) User=7.83s Sys=0.00s Real=1.18s
[97.512s][info][gc,start       ] GC(238) Pause Full (Ergonomics)
[97.512s][info][gc,phases,start] GC(238) Marking Phase
[98.369s][info][gc,phases      ] GC(238) Marking Phase 857.471ms
[98.369s][info][gc,phases,start] GC(238) Summary Phase
[98.370s][info][gc,phases      ] GC(238) Summary Phase 0.074ms
[98.370s][info][gc,phases,start] GC(238) Adjust Roots
[98.370s][info][gc,phases      ] GC(238) Adjust Roots 0.333ms
[98.370s][info][gc,phases,start] GC(238) Compaction Phase
[99.301s][info][gc,phases      ] GC(238) Compaction Phase 931.509ms
[99.302s][info][gc,phases,start] GC(238) Post Compact
[99.309s][info][gc,phases      ] GC(238) Post Compact 7.935ms
[99.310s][info][gc,heap        ] GC(238) PSYoungGen: 55808K(274432K)->55808K(274432K) Eden: 55808K(55808K)->55808K(55808K) From: 0K(218624K)->0K(218624K)
[99.310s][info][gc,heap        ] GC(238) ParOldGen: 3550208K(3550208K)->3550206K(3550208K)
[99.310s][info][gc,metaspace   ] GC(238) Metaspace: 6300K(6464K)->6300K(6464K) NonClass: 5767K(5824K)->5767K(5824K) Class: 532K(640K)->532K(640K)
[99.310s][info][gc             ] GC(238) Pause Full (Ergonomics) 3521M->3521M(3735M) 1797.782ms
[99.310s][info][gc,cpu         ] GC(238) User=11.66s Sys=0.06s Real=1.80s
[99.310s][info][gc,start       ] GC(239) Pause Full (Ergonomics)
[99.310s][info][gc,phases,start] GC(239) Marking Phase
[100.157s][info][gc,phases      ] GC(239) Marking Phase 847.058ms
[100.157s][info][gc,phases,start] GC(239) Summary Phase
[100.157s][info][gc,phases      ] GC(239) Summary Phase 0.060ms
[100.157s][info][gc,phases,start] GC(239) Adjust Roots
[100.158s][info][gc,phases      ] GC(239) Adjust Roots 0.277ms
[100.158s][info][gc,phases,start] GC(239) Compaction Phase
[100.443s][info][gc,phases      ] GC(239) Compaction Phase 284.880ms
[100.443s][info][gc,phases,start] GC(239) Post Compact
[100.451s][info][gc,phases      ] GC(239) Post Compact 8.319ms
[100.451s][info][gc,heap        ] GC(239) PSYoungGen: 55808K(274432K)->55808K(274432K) Eden: 55808K(55808K)->55808K(55808K) From: 0K(218624K)->0K(218624K)
[100.451s][info][gc,heap        ] GC(239) ParOldGen: 3550206K(3550208K)->3550206K(3550208K)
[100.451s][info][gc,metaspace   ] GC(239) Metaspace: 6300K(6464K)->6300K(6464K) NonClass: 5767K(5824K)->5767K(5824K) Class: 532K(640K)->532K(640K)
[100.451s][info][gc             ] GC(239) Pause Full (Ergonomics) 3521M->3521M(3735M) 1141.071ms
[100.451s][info][gc,cpu         ] GC(239) User=7.73s Sys=0.02s Real=1.14s
[100.453s][info][gc,start       ] GC(240) Pause Full (Ergonomics)
[100.453s][info][gc,phases,start] GC(240) Marking Phase
[101.306s][info][gc,phases      ] GC(240) Marking Phase 853.418ms
[101.306s][info][gc,phases,start] GC(240) Summary Phase
[101.306s][info][gc,phases      ] GC(240) Summary Phase 0.069ms
[101.306s][info][gc,phases,start] GC(240) Adjust Roots
[101.307s][info][gc,phases      ] GC(240) Adjust Roots 0.462ms
[101.307s][info][gc,phases,start] GC(240) Compaction Phase
[102.209s][info][gc,phases      ] GC(240) Compaction Phase 902.204ms
[102.209s][info][gc,phases,start] GC(240) Post Compact
[102.218s][info][gc,phases      ] GC(240) Post Compact 8.715ms
[102.218s][info][gc,heap        ] GC(240) PSYoungGen: 55808K(274432K)->55808K(274432K) Eden: 55808K(55808K)->55808K(55808K) From: 0K(218624K)->0K(218624K)
[102.218s][info][gc,heap        ] GC(240) ParOldGen: 3550207K(3550208K)->3550204K(3550208K)
[102.218s][info][gc,metaspace   ] GC(240) Metaspace: 6301K(6464K)->6301K(6464K) NonClass: 5767K(5824K)->5767K(5824K) Class: 533K(640K)->533K(640K)
[102.218s][info][gc             ] GC(240) Pause Full (Ergonomics) 3521M->3521M(3735M) 1765.415ms
[102.218s][info][gc,cpu         ] GC(240) User=11.72s Sys=0.00s Real=1.77s
[102.219s][info][gc,heap,exit   ] Heap
[102.219s][info][gc,heap,exit   ]  PSYoungGen      total 274432K, used 55808K [0x0000000793b00000, 0x00000007b2380000, 0x0000000800000000)
[102.219s][info][gc,heap,exit   ]   eden space 55808K, 100% used [0x0000000793b00000,0x0000000797180000,0x0000000797180000)
[102.219s][info][gc,heap,exit   ]   from space 218624K, 0% used [0x00000007a4700000,0x00000007a4700000,0x00000007b1c80000)
[102.219s][info][gc,heap,exit   ]   to   space 218624K, 0% used [0x0000000797180000,0x0000000797180000,0x00000007a4700000)
[102.219s][info][gc,heap,exit   ]  ParOldGen       total 3550208K, used 3550205K [0x00000006bb000000, 0x0000000793b00000, 0x0000000793b00000)
[102.219s][info][gc,heap,exit   ]   object space 3550208K, 99% used [0x00000006bb000000,0x0000000793aff760,0x0000000793b00000)
[102.219s][info][gc,heap,exit   ]  Metaspace       used 6304K, committed 6528K, reserved 1114112K
[102.219s][info][gc,heap,exit   ]   class space    used 534K, committed 640K, reserved 1048576K
