[0.013s][info][gc,init] CardTable entry size: 512
[0.013s][info][gc     ] Using Parallel
[0.014s][info][gc,init] Version: 18.0.1+10 (release)
[0.014s][info][gc,init] CPUs: 8 total, 8 available
[0.014s][info][gc,init] Memory: 16063M
[0.014s][info][gc,init] Large Page Support: Disabled
[0.014s][info][gc,init] NUMA Support: Disabled
[0.014s][info][gc,init] Compressed Oops: Enabled (32-bit)
[0.014s][info][gc,init] Alignments: Space 512K, Generation 512K, Heap 2M
[0.014s][info][gc,init] Heap Min Capacity: 2M
[0.014s][info][gc,init] Heap Initial Capacity: 2M
[0.014s][info][gc,init] Heap Max Capacity: 1700M
[0.014s][info][gc,init] Pre-touch: Disabled
[0.014s][info][gc,init] Parallel Workers: 8
[0.014s][info][gc,metaspace] CDS archive(s) not mapped
[0.014s][info][gc,metaspace] Compressed class space mapped at: 0x0000000100000000-0x0000000140000000, reserved size: 1073741824
[0.014s][info][gc,metaspace] Narrow klass base: 0x0000000000000000, Narrow klass shift: 3, Narrow klass range: 0x140000000
[0.116s][info][gc,start    ] GC(0) Pause Young (Allocation Failure)
[0.117s][info][gc,heap     ] GC(0) PSYoungGen: 512K(1024K)->480K(1024K) Eden: 512K(512K)->0K(512K) From: 0K(512K)->480K(512K)
[0.117s][info][gc,heap     ] GC(0) ParOldGen: 0K(512K)->8K(512K)
[0.117s][info][gc,metaspace] GC(0) Metaspace: 4229K(4352K)->4229K(4352K) NonClass: 3908K(3968K)->3908K(3968K) Class: 321K(384K)->321K(384K)
[0.117s][info][gc          ] GC(0) Pause Young (Allocation Failure) 0M->0M(1M) 1.384ms
[0.117s][info][gc,cpu      ] GC(0) User=0.00s Sys=0.00s Real=0.00s
[0.187s][info][gc,start    ] GC(1) Pause Young (Allocation Failure)
[0.188s][info][gc,heap     ] GC(1) PSYoungGen: 991K(1024K)->512K(1536K) Eden: 511K(512K)->0K(1024K) From: 480K(512K)->512K(512K)
[0.188s][info][gc,heap     ] GC(1) ParOldGen: 8K(512K)->96K(512K)
[0.188s][info][gc,metaspace] GC(1) Metaspace: 5877K(5952K)->5877K(5952K) NonClass: 5380K(5440K)->5380K(5440K) Class: 496K(512K)->496K(512K)
[0.188s][info][gc          ] GC(1) Pause Young (Allocation Failure) 0M->0M(2M) 1.003ms
[0.188s][info][gc,cpu      ] GC(1) User=0.00s Sys=0.00s Real=0.00s
[0.212s][info][gc,start    ] GC(2) Pause Young (Allocation Failure)
[0.213s][info][gc,heap     ] GC(2) PSYoungGen: 1536K(1536K)->512K(1536K) Eden: 1024K(1024K)->0K(1024K) From: 512K(512K)->512K(512K)
[0.213s][info][gc,heap     ] GC(2) ParOldGen: 96K(512K)->504K(512K)
[0.213s][info][gc,metaspace] GC(2) Metaspace: 6295K(6464K)->6295K(6464K) NonClass: 5762K(5824K)->5762K(5824K) Class: 533K(640K)->533K(640K)
[0.214s][info][gc          ] GC(2) Pause Young (Allocation Failure) 1M->0M(2M) 1.513ms
[0.214s][info][gc,cpu      ] GC(2) User=0.00s Sys=0.00s Real=0.00s
[0.214s][info][gc,start    ] GC(3) Pause Full (Ergonomics)
[0.214s][info][gc,phases,start] GC(3) Marking Phase
[0.215s][info][gc,phases      ] GC(3) Marking Phase 1.125ms
[0.215s][info][gc,phases,start] GC(3) Summary Phase
[0.215s][info][gc,phases      ] GC(3) Summary Phase 0.017ms
[0.215s][info][gc,phases,start] GC(3) Adjust Roots
[0.215s][info][gc,phases      ] GC(3) Adjust Roots 0.431ms
[0.215s][info][gc,phases,start] GC(3) Compaction Phase
[0.218s][info][gc,phases      ] GC(3) Compaction Phase 2.542ms
[0.218s][info][gc,phases,start] GC(3) Post Compact
[0.218s][info][gc,phases      ] GC(3) Post Compact 0.101ms
[0.218s][info][gc,heap        ] GC(3) PSYoungGen: 512K(1536K)->507K(1536K) Eden: 0K(1024K)->0K(1024K) From: 512K(512K)->507K(512K)
[0.218s][info][gc,heap        ] GC(3) ParOldGen: 504K(512K)->473K(2048K)
[0.218s][info][gc,metaspace   ] GC(3) Metaspace: 6295K(6464K)->6295K(6464K) NonClass: 5762K(5824K)->5762K(5824K) Class: 533K(640K)->533K(640K)
[0.218s][info][gc             ] GC(3) Pause Full (Ergonomics) 0M->0M(3M) 4.543ms
[0.218s][info][gc,cpu         ] GC(3) User=0.00s Sys=0.00s Real=0.00s
[0.220s][info][gc,start       ] GC(4) Pause Young (Allocation Failure)
[0.221s][info][gc,heap        ] GC(4) PSYoungGen: 1531K(1536K)->480K(2560K) Eden: 1024K(1024K)->0K(2048K) From: 507K(512K)->480K(512K)
[0.221s][info][gc,heap        ] GC(4) ParOldGen: 473K(2048K)->1045K(2048K)
[0.222s][info][gc,metaspace   ] GC(4) Metaspace: 6295K(6464K)->6295K(6464K) NonClass: 5762K(5824K)->5762K(5824K) Class: 533K(640K)->533K(640K)
[0.222s][info][gc             ] GC(4) Pause Young (Allocation Failure) 1M->1M(4M) 1.606ms
[0.222s][info][gc,cpu         ] GC(4) User=0.00s Sys=0.00s Real=0.00s
[0.224s][info][gc,start       ] GC(5) Pause Young (Allocation Failure)
[0.226s][info][gc,heap        ] GC(5) PSYoungGen: 2528K(2560K)->480K(2560K) Eden: 2048K(2048K)->0K(2048K) From: 480K(512K)->480K(512K)
[0.226s][info][gc,heap        ] GC(5) ParOldGen: 1045K(2048K)->2113K(2560K)
[0.227s][info][gc,metaspace   ] GC(5) Metaspace: 6295K(6464K)->6295K(6464K) NonClass: 5762K(5824K)->5762K(5824K) Class: 533K(640K)->533K(640K)
[0.227s][info][gc             ] GC(5) Pause Young (Allocation Failure) 3M->2M(5M) 2.150ms
[0.227s][info][gc,cpu         ] GC(5) User=0.00s Sys=0.00s Real=0.00s
[0.227s][info][gc,start       ] GC(6) Pause Full (Ergonomics)
[0.227s][info][gc,phases,start] GC(6) Marking Phase
[0.228s][info][gc,phases      ] GC(6) Marking Phase 1.624ms
[0.228s][info][gc,phases,start] GC(6) Summary Phase
[0.228s][info][gc,phases      ] GC(6) Summary Phase 0.019ms
[0.228s][info][gc,phases,start] GC(6) Adjust Roots
[0.229s][info][gc,phases      ] GC(6) Adjust Roots 0.416ms
[0.229s][info][gc,phases,start] GC(6) Compaction Phase
[0.232s][info][gc,phases      ] GC(6) Compaction Phase 2.981ms
[0.232s][info][gc,phases,start] GC(6) Post Compact
[0.232s][info][gc,phases      ] GC(6) Post Compact 0.036ms
[0.232s][info][gc,heap        ] GC(6) PSYoungGen: 480K(2560K)->0K(4096K) Eden: 0K(2048K)->0K(3072K) From: 480K(512K)->0K(1024K)
[0.232s][info][gc,heap        ] GC(6) ParOldGen: 2113K(2560K)->2541K(6144K)
[0.232s][info][gc,metaspace   ] GC(6) Metaspace: 6295K(6464K)->6295K(6464K) NonClass: 5762K(5824K)->5762K(5824K) Class: 533K(640K)->533K(640K)
[0.232s][info][gc             ] GC(6) Pause Full (Ergonomics) 2M->2M(10M) 5.498ms
[0.232s][info][gc,cpu         ] GC(6) User=0.00s Sys=0.00s Real=0.01s
[0.237s][info][gc,start       ] GC(7) Pause Young (Allocation Failure)
[0.239s][info][gc,heap        ] GC(7) PSYoungGen: 3072K(4096K)->1664K(5120K) Eden: 3072K(3072K)->0K(3072K) From: 0K(1024K)->1664K(2048K)
[0.239s][info][gc,heap        ] GC(7) ParOldGen: 2541K(6144K)->2541K(6144K)
[0.239s][info][gc,metaspace   ] GC(7) Metaspace: 6295K(6464K)->6295K(6464K) NonClass: 5762K(5824K)->5762K(5824K) Class: 533K(640K)->533K(640K)
[0.239s][info][gc             ] GC(7) Pause Young (Allocation Failure) 5M->4M(11M) 2.160ms
[0.239s][info][gc,cpu         ] GC(7) User=0.00s Sys=0.00s Real=0.00s
[0.244s][info][gc,start       ] GC(8) Pause Young (Allocation Failure)
[0.247s][info][gc,heap        ] GC(8) PSYoungGen: 4736K(5120K)->2016K(5632K) Eden: 3072K(3072K)->0K(3584K) From: 1664K(2048K)->2016K(2048K)
[0.247s][info][gc,heap        ] GC(8) ParOldGen: 2541K(6144K)->3773K(6144K)
[0.247s][info][gc,metaspace   ] GC(8) Metaspace: 6295K(6464K)->6295K(6464K) NonClass: 5762K(5824K)->5762K(5824K) Class: 533K(640K)->533K(640K)
[0.247s][info][gc             ] GC(8) Pause Young (Allocation Failure) 7M->5M(11M) 3.399ms
[0.247s][info][gc,cpu         ] GC(8) User=0.00s Sys=0.00s Real=0.00s
[0.254s][info][gc,start       ] GC(9) Pause Young (Allocation Failure)
[0.258s][info][gc,heap        ] GC(9) PSYoungGen: 5600K(5632K)->3040K(6656K) Eden: 3584K(3584K)->0K(3584K) From: 2016K(2048K)->3040K(3072K)
[0.258s][info][gc,heap        ] GC(9) ParOldGen: 3773K(6144K)->4613K(6144K)
[0.258s][info][gc,metaspace   ] GC(9) Metaspace: 6295K(6464K)->6295K(6464K) NonClass: 5762K(5824K)->5762K(5824K) Class: 533K(640K)->533K(640K)
[0.258s][info][gc             ] GC(9) Pause Young (Allocation Failure) 9M->7M(12M) 4.079ms
[0.258s][info][gc,cpu         ] GC(9) User=0.02s Sys=0.00s Real=0.00s
[0.263s][info][gc,start       ] GC(10) Pause Young (Allocation Failure)
[0.267s][info][gc,heap        ] GC(10) PSYoungGen: 6624K(6656K)->4064K(8704K) Eden: 3584K(3584K)->0K(4608K) From: 3040K(3072K)->4064K(4096K)
[0.267s][info][gc,heap        ] GC(10) ParOldGen: 4613K(6144K)->5709K(6144K)
[0.267s][info][gc,metaspace   ] GC(10) Metaspace: 6295K(6464K)->6295K(6464K) NonClass: 5762K(5824K)->5762K(5824K) Class: 533K(640K)->533K(640K)
[0.267s][info][gc             ] GC(10) Pause Young (Allocation Failure) 10M->9M(14M) 4.853ms
[0.267s][info][gc,cpu         ] GC(10) User=0.00s Sys=0.00s Real=0.00s
[0.268s][info][gc,start       ] GC(11) Pause Full (Ergonomics)
[0.268s][info][gc,phases,start] GC(11) Marking Phase
[0.272s][info][gc,phases      ] GC(11) Marking Phase 4.939ms
[0.273s][info][gc,phases,start] GC(11) Summary Phase
[0.273s][info][gc,phases      ] GC(11) Summary Phase 0.015ms
[0.273s][info][gc,phases,start] GC(11) Adjust Roots
[0.273s][info][gc,phases      ] GC(11) Adjust Roots 0.338ms
[0.273s][info][gc,phases,start] GC(11) Compaction Phase
[0.279s][info][gc,phases      ] GC(11) Compaction Phase 5.988ms
[0.279s][info][gc,phases,start] GC(11) Post Compact
[0.279s][info][gc,phases      ] GC(11) Post Compact 0.048ms
[0.279s][info][gc,heap        ] GC(11) PSYoungGen: 4064K(8704K)->3290K(8704K) Eden: 0K(4608K)->0K(4608K) From: 4064K(4096K)->3290K(4096K)
[0.279s][info][gc,heap        ] GC(11) ParOldGen: 5709K(6144K)->6086K(11264K)
[0.279s][info][gc,metaspace   ] GC(11) Metaspace: 6295K(6464K)->6295K(6464K) NonClass: 5762K(5824K)->5762K(5824K) Class: 533K(640K)->533K(640K)
[0.279s][info][gc             ] GC(11) Pause Full (Ergonomics) 9M->9M(19M) 11.626ms
[0.279s][info][gc,cpu         ] GC(11) User=0.02s Sys=0.00s Real=0.01s
[0.284s][info][gc,start       ] GC(12) Pause Young (Allocation Failure)
[0.289s][info][gc,heap        ] GC(12) PSYoungGen: 7758K(8704K)->4960K(9728K) Eden: 4468K(4608K)->0K(4608K) From: 3290K(4096K)->4960K(5120K)
[0.289s][info][gc,heap        ] GC(12) ParOldGen: 6086K(11264K)->6750K(11264K)
[0.289s][info][gc,metaspace   ] GC(12) Metaspace: 6295K(6464K)->6295K(6464K) NonClass: 5762K(5824K)->5762K(5824K) Class: 533K(640K)->533K(640K)
[0.289s][info][gc             ] GC(12) Pause Young (Allocation Failure) 13M->11M(20M) 5.182ms
[0.289s][info][gc,cpu         ] GC(12) User=0.00s Sys=0.00s Real=0.00s
[0.297s][info][gc,start       ] GC(13) Pause Young (Allocation Failure)
[0.303s][info][gc,heap        ] GC(13) PSYoungGen: 9568K(9728K)->6112K(11264K) Eden: 4608K(4608K)->0K(5120K) From: 4960K(5120K)->6112K(6144K)
[0.303s][info][gc,heap        ] GC(13) ParOldGen: 6750K(11264K)->7974K(11264K)
[0.303s][info][gc,metaspace   ] GC(13) Metaspace: 6295K(6464K)->6295K(6464K) NonClass: 5762K(5824K)->5762K(5824K) Class: 533K(640K)->533K(640K)
[0.303s][info][gc             ] GC(13) Pause Young (Allocation Failure) 15M->13M(22M) 6.641ms
[0.303s][info][gc,cpu         ] GC(13) User=0.00s Sys=0.00s Real=0.01s
[0.308s][info][gc,start       ] GC(14) Pause Young (Allocation Failure)
[0.314s][info][gc,heap        ] GC(14) PSYoungGen: 11232K(11264K)->5216K(12800K) Eden: 5120K(5120K)->0K(5120K) From: 6112K(6144K)->5216K(7680K)
[0.314s][info][gc,heap        ] GC(14) ParOldGen: 7974K(11264K)->11558K(11776K)
[0.314s][info][gc,metaspace   ] GC(14) Metaspace: 6297K(6464K)->6297K(6464K) NonClass: 5764K(5824K)->5764K(5824K) Class: 533K(640K)->533K(640K)
[0.314s][info][gc             ] GC(14) Pause Young (Allocation Failure) 18M->16M(24M) 6.733ms
[0.315s][info][gc,cpu         ] GC(14) User=0.00s Sys=0.00s Real=0.01s
[0.315s][info][gc,start       ] GC(15) Pause Full (Ergonomics)
[0.315s][info][gc,phases,start] GC(15) Marking Phase
[0.323s][info][gc,phases      ] GC(15) Marking Phase 7.960ms
[0.323s][info][gc,phases,start] GC(15) Summary Phase
[0.323s][info][gc,phases      ] GC(15) Summary Phase 0.015ms
[0.323s][info][gc,phases,start] GC(15) Adjust Roots
[0.323s][info][gc,phases      ] GC(15) Adjust Roots 0.225ms
[0.323s][info][gc,phases,start] GC(15) Compaction Phase
[0.329s][info][gc,phases      ] GC(15) Compaction Phase 6.594ms
[0.330s][info][gc,phases,start] GC(15) Post Compact
[0.330s][info][gc,phases      ] GC(15) Post Compact 0.110ms
[0.330s][info][gc,heap        ] GC(15) PSYoungGen: 5216K(12800K)->5191K(12800K) Eden: 0K(5120K)->0K(5120K) From: 5216K(7680K)->5191K(7680K)
[0.330s][info][gc,heap        ] GC(15) ParOldGen: 11558K(11776K)->11459K(18432K)
[0.330s][info][gc,metaspace   ] GC(15) Metaspace: 6297K(6464K)->6297K(6464K) NonClass: 5764K(5824K)->5764K(5824K) Class: 533K(640K)->533K(640K)
[0.330s][info][gc             ] GC(15) Pause Full (Ergonomics) 16M->16M(30M) 15.284ms
[0.330s][info][gc,cpu         ] GC(15) User=0.00s Sys=0.00s Real=0.02s
[0.334s][info][gc,start       ] GC(16) Pause Young (Allocation Failure)
[0.341s][info][gc,heap        ] GC(16) PSYoungGen: 10311K(12800K)->2688K(14336K) Eden: 5120K(5120K)->0K(7168K) From: 5191K(7680K)->2688K(7168K)
[0.341s][info][gc,heap        ] GC(16) ParOldGen: 11459K(18432K)->16731K(18432K)
[0.341s][info][gc,metaspace   ] GC(16) Metaspace: 6297K(6464K)->6297K(6464K) NonClass: 5764K(5824K)->5764K(5824K) Class: 533K(640K)->533K(640K)
[0.341s][info][gc             ] GC(16) Pause Young (Allocation Failure) 21M->18M(32M) 7.162ms
[0.341s][info][gc,cpu         ] GC(16) User=0.00s Sys=0.00s Real=0.01s
[0.341s][info][gc,start       ] GC(17) Pause Full (Ergonomics)
[0.341s][info][gc,phases,start] GC(17) Marking Phase
[0.350s][info][gc,phases      ] GC(17) Marking Phase 9.306ms
[0.350s][info][gc,phases,start] GC(17) Summary Phase
[0.350s][info][gc,phases      ] GC(17) Summary Phase 0.016ms
[0.350s][info][gc,phases,start] GC(17) Adjust Roots
[0.350s][info][gc,phases      ] GC(17) Adjust Roots 0.228ms
[0.350s][info][gc,phases,start] GC(17) Compaction Phase
[0.356s][info][gc,phases      ] GC(17) Compaction Phase 6.046ms
[0.357s][info][gc,phases,start] GC(17) Post Compact
[0.357s][info][gc,phases      ] GC(17) Post Compact 0.112ms
[0.357s][info][gc,heap        ] GC(17) PSYoungGen: 2688K(14336K)->1105K(14848K) Eden: 0K(7168K)->0K(7680K) From: 2688K(7168K)->1105K(7168K)
[0.357s][info][gc,heap        ] GC(17) ParOldGen: 16731K(18432K)->18183K(27648K)
[0.357s][info][gc,metaspace   ] GC(17) Metaspace: 6297K(6464K)->6297K(6464K) NonClass: 5764K(5824K)->5764K(5824K) Class: 533K(640K)->533K(640K)
[0.357s][info][gc             ] GC(17) Pause Full (Ergonomics) 18M->18M(41M) 16.098ms
[0.357s][info][gc,cpu         ] GC(17) User=0.00s Sys=0.00s Real=0.02s
[0.361s][info][gc,start       ] GC(18) Pause Young (Allocation Failure)
[0.366s][info][gc,heap        ] GC(18) PSYoungGen: 7799K(14848K)->3456K(15360K) Eden: 6694K(7680K)->0K(7680K) From: 1105K(7168K)->3456K(7680K)
[0.366s][info][gc,heap        ] GC(18) ParOldGen: 18183K(27648K)->19319K(27648K)
[0.366s][info][gc,metaspace   ] GC(18) Metaspace: 6297K(6464K)->6297K(6464K) NonClass: 5764K(5824K)->5764K(5824K) Class: 533K(640K)->533K(640K)
[0.366s][info][gc             ] GC(18) Pause Young (Allocation Failure) 25M->22M(42M) 5.155ms
[0.366s][info][gc,cpu         ] GC(18) User=0.00s Sys=0.00s Real=0.01s
[0.375s][info][gc,start       ] GC(19) Pause Young (Allocation Failure)
[0.382s][info][gc,heap        ] GC(19) PSYoungGen: 11135K(15360K)->4480K(16896K) Eden: 7679K(7680K)->0K(9728K) From: 3456K(7680K)->4480K(7168K)
[0.382s][info][gc,heap        ] GC(19) ParOldGen: 19319K(27648K)->22775K(27648K)
[0.382s][info][gc,metaspace   ] GC(19) Metaspace: 6297K(6464K)->6297K(6464K) NonClass: 5764K(5824K)->5764K(5824K) Class: 533K(640K)->533K(640K)
[0.382s][info][gc             ] GC(19) Pause Young (Allocation Failure) 29M->26M(43M) 6.670ms
[0.382s][info][gc,cpu         ] GC(19) User=0.00s Sys=0.00s Real=0.01s
[0.388s][info][gc,start       ] GC(20) Pause Young (Allocation Failure)
[0.395s][info][gc,heap        ] GC(20) PSYoungGen: 14208K(16896K)->5056K(17408K) Eden: 9728K(9728K)->0K(9728K) From: 4480K(7168K)->5056K(7680K)
[0.395s][info][gc,heap        ] GC(20) ParOldGen: 22775K(27648K)->27295K(27648K)
[0.395s][info][gc,metaspace   ] GC(20) Metaspace: 6297K(6464K)->6297K(6464K) NonClass: 5764K(5824K)->5764K(5824K) Class: 533K(640K)->533K(640K)
[0.395s][info][gc             ] GC(20) Pause Young (Allocation Failure) 36M->31M(44M) 7.577ms
[0.395s][info][gc,cpu         ] GC(20) User=0.00s Sys=0.00s Real=0.01s
[0.395s][info][gc,start       ] GC(21) Pause Full (Ergonomics)
[0.395s][info][gc,phases,start] GC(21) Marking Phase
[0.409s][info][gc,phases      ] GC(21) Marking Phase 13.970ms
[0.409s][info][gc,phases,start] GC(21) Summary Phase
[0.409s][info][gc,phases      ] GC(21) Summary Phase 0.016ms
[0.409s][info][gc,phases,start] GC(21) Adjust Roots
[0.410s][info][gc,phases      ] GC(21) Adjust Roots 0.294ms
[0.410s][info][gc,phases,start] GC(21) Compaction Phase
[0.421s][info][gc,phases      ] GC(21) Compaction Phase 11.739ms
[0.421s][info][gc,phases,start] GC(21) Post Compact
[0.422s][info][gc,phases      ] GC(21) Post Compact 0.103ms
[0.422s][info][gc,heap        ] GC(21) PSYoungGen: 5056K(17408K)->4514K(17408K) Eden: 0K(9728K)->0K(9728K) From: 5056K(7680K)->4514K(7680K)
[0.422s][info][gc,heap        ] GC(21) ParOldGen: 27295K(27648K)->27139K(38912K)
[0.422s][info][gc,metaspace   ] GC(21) Metaspace: 6297K(6464K)->6297K(6464K) NonClass: 5764K(5824K)->5764K(5824K) Class: 533K(640K)->533K(640K)
[0.422s][info][gc             ] GC(21) Pause Full (Ergonomics) 31M->30M(55M) 26.620ms
[0.422s][info][gc,cpu         ] GC(21) User=0.02s Sys=0.00s Real=0.03s
[0.431s][info][gc,start       ] GC(22) Pause Young (Allocation Failure)
[0.442s][info][gc,heap        ] GC(22) PSYoungGen: 14242K(17408K)->7680K(16896K) Eden: 9728K(9728K)->0K(9216K) From: 4514K(7680K)->7680K(7680K)
[0.442s][info][gc,heap        ] GC(22) ParOldGen: 27139K(38912K)->32435K(38912K)
[0.442s][info][gc,metaspace   ] GC(22) Metaspace: 6297K(6464K)->6297K(6464K) NonClass: 5764K(5824K)->5764K(5824K) Class: 533K(640K)->533K(640K)
[0.442s][info][gc             ] GC(22) Pause Young (Allocation Failure) 40M->39M(54M) 11.375ms
[0.442s][info][gc,cpu         ] GC(22) User=0.00s Sys=0.00s Real=0.01s
[0.454s][info][gc,start       ] GC(23) Pause Young (Allocation Failure)
[0.466s][info][gc,heap        ] GC(23) PSYoungGen: 16896K(16896K)->9216K(19968K) Eden: 9216K(9216K)->0K(9216K) From: 7680K(7680K)->9216K(10752K)
[0.466s][info][gc,heap        ] GC(23) ParOldGen: 32435K(38912K)->40227K(40448K)
[0.466s][info][gc,metaspace   ] GC(23) Metaspace: 6297K(6464K)->6297K(6464K) NonClass: 5764K(5824K)->5764K(5824K) Class: 533K(640K)->533K(640K)
[0.466s][info][gc             ] GC(23) Pause Young (Allocation Failure) 48M->48M(59M) 11.865ms
[0.466s][info][gc,cpu         ] GC(23) User=0.02s Sys=0.00s Real=0.01s
[0.466s][info][gc,start       ] GC(24) Pause Full (Ergonomics)
[0.466s][info][gc,phases,start] GC(24) Marking Phase
[0.485s][info][gc,phases      ] GC(24) Marking Phase 18.941ms
[0.485s][info][gc,phases,start] GC(24) Summary Phase
[0.485s][info][gc,phases      ] GC(24) Summary Phase 0.014ms
[0.485s][info][gc,phases,start] GC(24) Adjust Roots
[0.485s][info][gc,phases      ] GC(24) Adjust Roots 0.159ms
[0.485s][info][gc,phases,start] GC(24) Compaction Phase
[0.500s][info][gc,phases      ] GC(24) Compaction Phase 14.357ms
[0.500s][info][gc,phases,start] GC(24) Post Compact
[0.500s][info][gc,phases      ] GC(24) Post Compact 0.139ms
[0.500s][info][gc,heap        ] GC(24) PSYoungGen: 9216K(19968K)->8168K(19968K) Eden: 0K(9216K)->0K(9216K) From: 9216K(10752K)->8168K(10752K)
[0.500s][info][gc,heap        ] GC(24) ParOldGen: 40227K(40448K)->40013K(55296K)
[0.500s][info][gc,metaspace   ] GC(24) Metaspace: 6297K(6464K)->6297K(6464K) NonClass: 5764K(5824K)->5764K(5824K) Class: 533K(640K)->533K(640K)
[0.500s][info][gc             ] GC(24) Pause Full (Ergonomics) 48M->47M(73M) 33.923ms
[0.500s][info][gc,cpu         ] GC(24) User=0.03s Sys=0.00s Real=0.03s
[0.509s][info][gc,start       ] GC(25) Pause Young (Allocation Failure)
[0.523s][info][gc,heap        ] GC(25) PSYoungGen: 17384K(19968K)->9216K(23552K) Eden: 9216K(9216K)->0K(11264K) From: 8168K(10752K)->9216K(12288K)
[0.523s][info][gc,heap        ] GC(25) ParOldGen: 40013K(55296K)->48285K(55296K)
[0.523s][info][gc,metaspace   ] GC(25) Metaspace: 6297K(6464K)->6297K(6464K) NonClass: 5764K(5824K)->5764K(5824K) Class: 533K(640K)->533K(640K)
[0.523s][info][gc             ] GC(25) Pause Young (Allocation Failure) 56M->56M(77M) 14.603ms
[0.523s][info][gc,cpu         ] GC(25) User=0.00s Sys=0.00s Real=0.01s
[0.523s][info][gc,start       ] GC(26) Pause Full (Ergonomics)
[0.523s][info][gc,phases,start] GC(26) Marking Phase
[0.545s][info][gc,phases      ] GC(26) Marking Phase 22.204ms
[0.546s][info][gc,phases,start] GC(26) Summary Phase
[0.546s][info][gc,phases      ] GC(26) Summary Phase 0.024ms
[0.546s][info][gc,phases,start] GC(26) Adjust Roots
[0.546s][info][gc,phases      ] GC(26) Adjust Roots 0.156ms
[0.546s][info][gc,phases,start] GC(26) Compaction Phase
[0.562s][info][gc,phases      ] GC(26) Compaction Phase 16.195ms
[0.562s][info][gc,phases,start] GC(26) Post Compact
[0.562s][info][gc,phases      ] GC(26) Post Compact 0.198ms
[0.562s][info][gc,heap        ] GC(26) PSYoungGen: 9216K(23552K)->2539K(23552K) Eden: 0K(11264K)->0K(11264K) From: 9216K(12288K)->2539K(12288K)
[0.562s][info][gc,heap        ] GC(26) ParOldGen: 48285K(55296K)->54825K(73216K)
[0.562s][info][gc,metaspace   ] GC(26) Metaspace: 6297K(6464K)->6297K(6464K) NonClass: 5764K(5824K)->5764K(5824K) Class: 533K(640K)->533K(640K)
[0.562s][info][gc             ] GC(26) Pause Full (Ergonomics) 56M->56M(94M) 39.166ms
[0.562s][info][gc,cpu         ] GC(26) User=0.03s Sys=0.00s Real=0.04s
[0.574s][info][gc,start       ] GC(27) Pause Young (Allocation Failure)
[0.587s][info][gc,heap        ] GC(27) PSYoungGen: 13803K(23552K)->11264K(24064K) Eden: 11264K(11264K)->0K(11264K) From: 2539K(12288K)->11264K(12800K)
[0.587s][info][gc,heap        ] GC(27) ParOldGen: 54825K(73216K)->57417K(73216K)
[0.587s][info][gc,metaspace   ] GC(27) Metaspace: 6297K(6464K)->6297K(6464K) NonClass: 5764K(5824K)->5764K(5824K) Class: 533K(640K)->533K(640K)
[0.587s][info][gc             ] GC(27) Pause Young (Allocation Failure) 67M->67M(95M) 12.908ms
[0.587s][info][gc,cpu         ] GC(27) User=0.00s Sys=0.00s Real=0.01s
[0.599s][info][gc,start       ] GC(28) Pause Young (Allocation Failure)
[0.618s][info][gc,heap        ] GC(28) PSYoungGen: 22528K(24064K)->14336K(22016K) Eden: 11264K(11264K)->0K(7680K) From: 11264K(12800K)->14336K(14336K)
[0.618s][info][gc,heap        ] GC(28) ParOldGen: 57417K(73216K)->65713K(73216K)
[0.618s][info][gc,metaspace   ] GC(28) Metaspace: 6297K(6464K)->6297K(6464K) NonClass: 5764K(5824K)->5764K(5824K) Class: 533K(640K)->533K(640K)
[0.618s][info][gc             ] GC(28) Pause Young (Allocation Failure) 78M->78M(93M) 18.506ms
[0.618s][info][gc,cpu         ] GC(28) User=0.02s Sys=0.00s Real=0.02s
[0.618s][info][gc,start       ] GC(29) Pause Full (Ergonomics)
[0.618s][info][gc,phases,start] GC(29) Marking Phase
[0.649s][info][gc,phases      ] GC(29) Marking Phase 31.419ms
[0.649s][info][gc,phases,start] GC(29) Summary Phase
[0.649s][info][gc,phases      ] GC(29) Summary Phase 0.016ms
[0.649s][info][gc,phases,start] GC(29) Adjust Roots
[0.650s][info][gc,phases      ] GC(29) Adjust Roots 0.163ms
[0.650s][info][gc,phases,start] GC(29) Compaction Phase
[0.669s][info][gc,phases      ] GC(29) Compaction Phase 19.134ms
[0.669s][info][gc,phases,start] GC(29) Post Compact
[0.669s][info][gc,phases      ] GC(29) Post Compact 0.309ms
[0.669s][info][gc,heap        ] GC(29) PSYoungGen: 14336K(22016K)->6643K(22016K) Eden: 0K(7680K)->0K(7680K) From: 14336K(14336K)->6643K(14336K)
[0.669s][info][gc,heap        ] GC(29) ParOldGen: 65713K(73216K)->73188K(93696K)
[0.669s][info][gc,metaspace   ] GC(29) Metaspace: 6297K(6464K)->6297K(6464K) NonClass: 5764K(5824K)->5764K(5824K) Class: 533K(640K)->533K(640K)
[0.669s][info][gc             ] GC(29) Pause Full (Ergonomics) 78M->77M(113M) 51.423ms
[0.669s][info][gc,cpu         ] GC(29) User=0.06s Sys=0.00s Real=0.05s
[0.677s][info][gc,start       ] GC(30) Pause Young (Allocation Failure)
[0.694s][info][gc,heap        ] GC(30) PSYoungGen: 14323K(22016K)->7712K(27648K) Eden: 7680K(7680K)->0K(7680K) From: 6643K(14336K)->7712K(19968K)
[0.694s][info][gc,heap        ] GC(30) ParOldGen: 73188K(93696K)->79948K(93696K)
[0.694s][info][gc,metaspace   ] GC(30) Metaspace: 6297K(6464K)->6297K(6464K) NonClass: 5764K(5824K)->5764K(5824K) Class: 533K(640K)->533K(640K)
[0.694s][info][gc             ] GC(30) Pause Young (Allocation Failure) 85M->85M(118M) 16.794ms
[0.694s][info][gc,cpu         ] GC(30) User=0.06s Sys=0.00s Real=0.02s
[0.708s][info][gc,start       ] GC(31) Pause Young (Allocation Failure)
[0.720s][info][gc,heap        ] GC(31) PSYoungGen: 15392K(27648K)->15360K(25600K) Eden: 7680K(7680K)->0K(7168K) From: 7712K(19968K)->15360K(18432K)
[0.720s][info][gc,heap        ] GC(31) ParOldGen: 79948K(93696K)->79948K(93696K)
[0.720s][info][gc,metaspace   ] GC(31) Metaspace: 6297K(6464K)->6297K(6464K) NonClass: 5764K(5824K)->5764K(5824K) Class: 533K(640K)->533K(640K)
[0.720s][info][gc             ] GC(31) Pause Young (Allocation Failure) 93M->93M(116M) 11.960ms
[0.720s][info][gc,cpu         ] GC(31) User=0.00s Sys=0.00s Real=0.01s
[0.726s][info][gc,start       ] GC(32) Pause Young (Allocation Failure)
[0.737s][info][gc,heap        ] GC(32) PSYoungGen: 22528K(25600K)->20448K(27648K) Eden: 7168K(7168K)->0K(7168K) From: 15360K(18432K)->20448K(20480K)
[0.738s][info][gc,heap        ] GC(32) ParOldGen: 79948K(93696K)->82028K(93696K)
[0.738s][info][gc,metaspace   ] GC(32) Metaspace: 6297K(6464K)->6297K(6464K) NonClass: 5764K(5824K)->5764K(5824K) Class: 533K(640K)->533K(640K)
[0.738s][info][gc             ] GC(32) Pause Young (Allocation Failure) 100M->100M(118M) 11.904ms
[0.738s][info][gc,cpu         ] GC(32) User=0.00s Sys=0.00s Real=0.01s
[0.745s][info][gc,start       ] GC(33) Pause Young (Allocation Failure)
[0.761s][info][gc,heap        ] GC(33) PSYoungGen: 27616K(27648K)->13248K(32768K) Eden: 7168K(7168K)->0K(8704K) From: 20448K(20480K)->13248K(24064K)
[0.761s][info][gc,heap        ] GC(33) ParOldGen: 82028K(93696K)->96572K(96768K)
[0.761s][info][gc,metaspace   ] GC(33) Metaspace: 6297K(6464K)->6297K(6464K) NonClass: 5764K(5824K)->5764K(5824K) Class: 533K(640K)->533K(640K)
[0.761s][info][gc             ] GC(33) Pause Young (Allocation Failure) 107M->107M(126M) 16.520ms
[0.761s][info][gc,cpu         ] GC(33) User=0.00s Sys=0.00s Real=0.02s
[0.761s][info][gc,start       ] GC(34) Pause Full (Ergonomics)
[0.761s][info][gc,phases,start] GC(34) Marking Phase
[0.792s][info][gc,phases      ] GC(34) Marking Phase 30.253ms
[0.792s][info][gc,phases,start] GC(34) Summary Phase
[0.792s][info][gc,phases      ] GC(34) Summary Phase 0.016ms
[0.792s][info][gc,phases,start] GC(34) Adjust Roots
[0.792s][info][gc,phases      ] GC(34) Adjust Roots 0.153ms
[0.792s][info][gc,phases,start] GC(34) Compaction Phase
[0.816s][info][gc,phases      ] GC(34) Compaction Phase 24.356ms
[0.816s][info][gc,phases,start] GC(34) Post Compact
[0.817s][info][gc,phases      ] GC(34) Post Compact 0.409ms
[0.817s][info][gc,heap        ] GC(34) PSYoungGen: 13248K(32768K)->10622K(33280K) Eden: 0K(8704K)->0K(9216K) From: 13248K(24064K)->10622K(24064K)
[0.817s][info][gc,heap        ] GC(34) ParOldGen: 96572K(96768K)->96748K(121856K)
[0.817s][info][gc,metaspace   ] GC(34) Metaspace: 6297K(6464K)->6297K(6464K) NonClass: 5764K(5824K)->5764K(5824K) Class: 533K(640K)->533K(640K)
[0.817s][info][gc             ] GC(34) Pause Full (Ergonomics) 107M->104M(151M) 55.578ms
[0.817s][info][gc,cpu         ] GC(34) User=0.06s Sys=0.00s Real=0.06s
[0.826s][info][gc,start       ] GC(35) Pause Young (Allocation Failure)
[0.842s][info][gc,heap        ] GC(35) PSYoungGen: 19838K(33280K)->9280K(33792K) Eden: 9216K(9216K)->0K(9216K) From: 10622K(24064K)->9280K(24576K)
[0.842s][info][gc,heap        ] GC(35) ParOldGen: 96748K(121856K)->107548K(121856K)
[0.842s][info][gc,metaspace   ] GC(35) Metaspace: 6297K(6464K)->6297K(6464K) NonClass: 5764K(5824K)->5764K(5824K) Class: 533K(640K)->533K(640K)
[0.842s][info][gc             ] GC(35) Pause Young (Allocation Failure) 113M->114M(152M) 16.145ms
[0.842s][info][gc,cpu         ] GC(35) User=0.00s Sys=0.00s Real=0.02s
[0.842s][info][gc,start       ] GC(36) Pause Full (Ergonomics)
[0.842s][info][gc,phases,start] GC(36) Marking Phase
[0.878s][info][gc,phases      ] GC(36) Marking Phase 35.894ms
[0.878s][info][gc,phases,start] GC(36) Summary Phase
[0.878s][info][gc,phases      ] GC(36) Summary Phase 0.022ms
[0.878s][info][gc,phases,start] GC(36) Adjust Roots
[0.879s][info][gc,phases      ] GC(36) Adjust Roots 0.157ms
[0.879s][info][gc,phases,start] GC(36) Compaction Phase
[0.897s][info][gc,phases      ] GC(36) Compaction Phase 18.698ms
[0.897s][info][gc,phases,start] GC(36) Post Compact
[0.898s][info][gc,phases      ] GC(36) Post Compact 0.571ms
[0.898s][info][gc,heap        ] GC(36) PSYoungGen: 9280K(33792K)->0K(33280K) Eden: 0K(9216K)->0K(10752K) From: 9280K(24576K)->0K(22528K)
[0.898s][info][gc,heap        ] GC(36) ParOldGen: 107548K(121856K)->116552K(145408K)
[0.898s][info][gc,metaspace   ] GC(36) Metaspace: 6297K(6464K)->6297K(6464K) NonClass: 5764K(5824K)->5764K(5824K) Class: 533K(640K)->533K(640K)
[0.898s][info][gc             ] GC(36) Pause Full (Ergonomics) 114M->113M(174M) 55.853ms
[0.898s][info][gc,cpu         ] GC(36) User=0.12s Sys=0.00s Real=0.06s
[0.908s][info][gc,start       ] GC(37) Pause Young (Allocation Failure)
[0.915s][info][gc,heap        ] GC(37) PSYoungGen: 10752K(33280K)->10816K(33792K) Eden: 10752K(10752K)->0K(10752K) From: 0K(22528K)->10816K(23040K)
[0.915s][info][gc,heap        ] GC(37) ParOldGen: 116552K(145408K)->116552K(145408K)
[0.916s][info][gc,metaspace   ] GC(37) Metaspace: 6297K(6464K)->6297K(6464K) NonClass: 5764K(5824K)->5764K(5824K) Class: 533K(640K)->533K(640K)
[0.916s][info][gc             ] GC(37) Pause Young (Allocation Failure) 124M->124M(175M) 7.139ms
[0.916s][info][gc,cpu         ] GC(37) User=0.02s Sys=0.00s Real=0.01s
[0.926s][info][gc,start       ] GC(38) Pause Young (Allocation Failure)
[0.938s][info][gc,heap        ] GC(38) PSYoungGen: 21568K(33792K)->21536K(31232K) Eden: 10752K(10752K)->0K(9216K) From: 10816K(23040K)->21536K(22016K)
[0.938s][info][gc,heap        ] GC(38) ParOldGen: 116552K(145408K)->116552K(145408K)
[0.938s][info][gc,metaspace   ] GC(38) Metaspace: 6297K(6464K)->6297K(6464K) NonClass: 5764K(5824K)->5764K(5824K) Class: 533K(640K)->533K(640K)
[0.938s][info][gc             ] GC(38) Pause Young (Allocation Failure) 134M->134M(172M) 11.989ms
[0.938s][info][gc,cpu         ] GC(38) User=0.00s Sys=0.00s Real=0.01s
[0.948s][info][gc,start       ] GC(39) Pause Young (Allocation Failure)
[0.967s][info][gc,heap        ] GC(39) PSYoungGen: 30752K(31232K)->25088K(34304K) Eden: 9216K(9216K)->0K(9216K) From: 21536K(22016K)->25088K(25088K)
[0.967s][info][gc,heap        ] GC(39) ParOldGen: 116552K(145408K)->122248K(145408K)
[0.967s][info][gc,metaspace   ] GC(39) Metaspace: 6297K(6464K)->6297K(6464K) NonClass: 5764K(5824K)->5764K(5824K) Class: 533K(640K)->533K(640K)
[0.967s][info][gc             ] GC(39) Pause Young (Allocation Failure) 143M->143M(175M) 18.782ms
[0.967s][info][gc,cpu         ] GC(39) User=0.02s Sys=0.02s Real=0.02s
[0.976s][info][gc,start       ] GC(40) Pause Young (Allocation Failure)
[0.997s][info][gc,heap        ] GC(40) PSYoungGen: 34304K(34304K)->15968K(40960K) Eden: 9216K(9216K)->0K(11264K) From: 25088K(25088K)->15968K(29696K)
[0.997s][info][gc,heap        ] GC(40) ParOldGen: 122248K(145408K)->140912K(145408K)
[0.997s][info][gc,metaspace   ] GC(40) Metaspace: 6297K(6464K)->6297K(6464K) NonClass: 5764K(5824K)->5764K(5824K) Class: 533K(640K)->533K(640K)
[0.997s][info][gc             ] GC(40) Pause Young (Allocation Failure) 152M->153M(182M) 20.220ms
[0.997s][info][gc,cpu         ] GC(40) User=0.05s Sys=0.02s Real=0.02s
[0.997s][info][gc,start       ] GC(41) Pause Full (Ergonomics)
[0.997s][info][gc,phases,start] GC(41) Marking Phase
[1.047s][info][gc,phases      ] GC(41) Marking Phase 49.885ms
[1.047s][info][gc,phases,start] GC(41) Summary Phase
[1.047s][info][gc,phases      ] GC(41) Summary Phase 0.017ms
[1.047s][info][gc,phases,start] GC(41) Adjust Roots
[1.047s][info][gc,phases      ] GC(41) Adjust Roots 0.205ms
[1.047s][info][gc,phases,start] GC(41) Compaction Phase
[1.074s][info][gc,phases      ] GC(41) Compaction Phase 27.070ms
[1.074s][info][gc,phases,start] GC(41) Post Compact
[1.075s][info][gc,phases      ] GC(41) Post Compact 0.981ms
[1.075s][info][gc,heap        ] GC(41) PSYoungGen: 15968K(40960K)->11252K(41472K) Eden: 0K(11264K)->0K(11776K) From: 15968K(29696K)->11252K(29696K)
[1.075s][info][gc,heap        ] GC(41) ParOldGen: 140912K(145408K)->145114K(178688K)
[1.075s][info][gc,metaspace   ] GC(41) Metaspace: 6297K(6464K)->6297K(6464K) NonClass: 5764K(5824K)->5764K(5824K) Class: 533K(640K)->533K(640K)
[1.076s][info][gc             ] GC(41) Pause Full (Ergonomics) 153M->152M(215M) 78.838ms
[1.076s][info][gc,cpu         ] GC(41) User=0.23s Sys=0.00s Real=0.08s
[1.088s][info][gc,start       ] GC(42) Pause Young (Allocation Failure)
[1.108s][info][gc,heap        ] GC(42) PSYoungGen: 23028K(41472K)->18848K(41984K) Eden: 11776K(11776K)->0K(11776K) From: 11252K(29696K)->18848K(30208K)
[1.108s][info][gc,heap        ] GC(42) ParOldGen: 145114K(178688K)->149498K(178688K)
[1.108s][info][gc,metaspace   ] GC(42) Metaspace: 6297K(6464K)->6297K(6464K) NonClass: 5764K(5824K)->5764K(5824K) Class: 533K(640K)->533K(640K)
[1.108s][info][gc             ] GC(42) Pause Young (Allocation Failure) 164M->164M(215M) 20.082ms
[1.108s][info][gc,cpu         ] GC(42) User=0.05s Sys=0.02s Real=0.02s
[1.153s][info][gc,start       ] GC(43) Pause Young (Allocation Failure)
[1.175s][info][gc,heap        ] GC(43) PSYoungGen: 30624K(41984K)->30592K(39936K) Eden: 11776K(11776K)->0K(9216K) From: 18848K(30208K)->30592K(30720K)
[1.175s][info][gc,heap        ] GC(43) ParOldGen: 157690K(178688K)->157690K(178688K)
[1.175s][info][gc,metaspace   ] GC(43) Metaspace: 6297K(6464K)->6297K(6464K) NonClass: 5764K(5824K)->5764K(5824K) Class: 533K(640K)->533K(640K)
[1.175s][info][gc             ] GC(43) Pause Young (Allocation Failure) 183M->183M(213M) 22.265ms
[1.175s][info][gc,cpu         ] GC(43) User=0.02s Sys=0.00s Real=0.02s
[1.184s][info][gc,start       ] GC(44) Pause Young (Allocation Failure)
[1.204s][info][gc,heap        ] GC(44) PSYoungGen: 39808K(39936K)->35328K(44544K) Eden: 9216K(9216K)->0K(9216K) From: 30592K(30720K)->35328K(35328K)
[1.204s][info][gc,heap        ] GC(44) ParOldGen: 157690K(178688K)->162154K(178688K)
[1.204s][info][gc,metaspace   ] GC(44) Metaspace: 6297K(6464K)->6297K(6464K) NonClass: 5764K(5824K)->5764K(5824K) Class: 533K(640K)->533K(640K)
[1.204s][info][gc             ] GC(44) Pause Young (Allocation Failure) 192M->192M(218M) 20.461ms
[1.204s][info][gc,cpu         ] GC(44) User=0.02s Sys=0.00s Real=0.02s
[1.213s][info][gc,start       ] GC(45) Pause Young (Allocation Failure)
[1.241s][info][gc,heap        ] GC(45) PSYoungGen: 44544K(44544K)->27360K(51712K) Eden: 9216K(9216K)->0K(9728K) From: 35328K(35328K)->27360K(41984K)
[1.241s][info][gc,heap        ] GC(45) ParOldGen: 162154K(178688K)->179658K(179712K)
[1.241s][info][gc,metaspace   ] GC(45) Metaspace: 6297K(6464K)->6297K(6464K) NonClass: 5764K(5824K)->5764K(5824K) Class: 533K(640K)->533K(640K)
[1.241s][info][gc             ] GC(45) Pause Young (Allocation Failure) 201M->202M(226M) 27.658ms
[1.241s][info][gc,cpu         ] GC(45) User=0.05s Sys=0.00s Real=0.03s
[1.241s][info][gc,start       ] GC(46) Pause Full (Ergonomics)
[1.241s][info][gc,phases,start] GC(46) Marking Phase
[1.301s][info][gc,phases      ] GC(46) Marking Phase 59.917ms
[1.301s][info][gc,phases,start] GC(46) Summary Phase
[1.301s][info][gc,phases      ] GC(46) Summary Phase 0.018ms
[1.301s][info][gc,phases,start] GC(46) Adjust Roots
[1.301s][info][gc,phases      ] GC(46) Adjust Roots 0.146ms
[1.301s][info][gc,phases,start] GC(46) Compaction Phase
[1.345s][info][gc,phases      ] GC(46) Compaction Phase 43.740ms
[1.345s][info][gc,phases,start] GC(46) Post Compact
[1.346s][info][gc,phases      ] GC(46) Post Compact 0.967ms
[1.346s][info][gc,heap        ] GC(46) PSYoungGen: 27360K(51712K)->22624K(51712K) Eden: 0K(9728K)->0K(9728K) From: 27360K(41984K)->22624K(41984K)
[1.346s][info][gc,heap        ] GC(46) ParOldGen: 179658K(179712K)->179696K(216064K)
[1.346s][info][gc,metaspace   ] GC(46) Metaspace: 6297K(6464K)->6297K(6464K) NonClass: 5764K(5824K)->5764K(5824K) Class: 533K(640K)->533K(640K)
[1.346s][info][gc             ] GC(46) Pause Full (Ergonomics) 202M->197M(261M) 105.261ms
[1.346s][info][gc,cpu         ] GC(46) User=0.36s Sys=0.00s Real=0.10s
[1.357s][info][gc,start       ] GC(47) Pause Young (Allocation Failure)
[1.383s][info][gc,heap        ] GC(47) PSYoungGen: 32352K(51712K)->17472K(27648K) Eden: 9728K(9728K)->0K(9728K) From: 22624K(41984K)->17472K(17920K)
[1.383s][info][gc,heap        ] GC(47) ParOldGen: 179696K(216064K)->194888K(216064K)
[1.383s][info][gc,metaspace   ] GC(47) Metaspace: 6297K(6464K)->6297K(6464K) NonClass: 5764K(5824K)->5764K(5824K) Class: 533K(640K)->533K(640K)
[1.383s][info][gc             ] GC(47) Pause Young (Allocation Failure) 207M->207M(238M) 25.461ms
[1.383s][info][gc,cpu         ] GC(47) User=0.09s Sys=0.02s Real=0.03s
[1.394s][info][gc,start       ] GC(48) Pause Young (Allocation Failure)
[1.410s][info][gc,heap        ] GC(48) PSYoungGen: 27200K(27648K)->19520K(48128K) Eden: 9728K(9728K)->0K(11264K) From: 17472K(17920K)->19520K(36864K)
[1.410s][info][gc,heap        ] GC(48) ParOldGen: 194888K(216064K)->202688K(216064K)
[1.410s][info][gc,metaspace   ] GC(48) Metaspace: 6297K(6464K)->6297K(6464K) NonClass: 5764K(5824K)->5764K(5824K) Class: 533K(640K)->533K(640K)
[1.410s][info][gc             ] GC(48) Pause Young (Allocation Failure) 216M->217M(258M) 15.716ms
[1.410s][info][gc,cpu         ] GC(48) User=0.02s Sys=0.00s Real=0.02s
[1.410s][info][gc,start       ] GC(49) Pause Full (Ergonomics)
[1.410s][info][gc,phases,start] GC(49) Marking Phase
[1.463s][info][gc,phases      ] GC(49) Marking Phase 52.836ms
[1.463s][info][gc,phases,start] GC(49) Summary Phase
[1.463s][info][gc,phases      ] GC(49) Summary Phase 0.023ms
[1.463s][info][gc,phases,start] GC(49) Adjust Roots
[1.463s][info][gc,phases      ] GC(49) Adjust Roots 0.149ms
[1.463s][info][gc,phases,start] GC(49) Compaction Phase
[1.490s][info][gc,phases      ] GC(49) Compaction Phase 27.124ms
[1.491s][info][gc,phases,start] GC(49) Post Compact
[1.491s][info][gc,phases      ] GC(49) Post Compact 0.966ms
[1.492s][info][gc,heap        ] GC(49) PSYoungGen: 19520K(48128K)->6111K(49664K) Eden: 0K(11264K)->0K(12800K) From: 19520K(36864K)->6111K(36864K)
[1.492s][info][gc,heap        ] GC(49) ParOldGen: 202688K(216064K)->215604K(255488K)
[1.492s][info][gc,metaspace   ] GC(49) Metaspace: 6297K(6464K)->6297K(6464K) NonClass: 5764K(5824K)->5764K(5824K) Class: 533K(640K)->533K(640K)
[1.492s][info][gc             ] GC(49) Pause Full (Ergonomics) 217M->216M(298M) 81.640ms
[1.492s][info][gc,cpu         ] GC(49) User=0.41s Sys=0.00s Real=0.08s
[1.506s][info][gc,start       ] GC(50) Pause Young (Allocation Failure)
[1.526s][info][gc,heap        ] GC(50) PSYoungGen: 18911K(49664K)->15712K(51712K) Eden: 12800K(12800K)->0K(12800K) From: 6111K(36864K)->15712K(38912K)
[1.526s][info][gc,heap        ] GC(50) ParOldGen: 215604K(255488K)->219012K(255488K)
[1.526s][info][gc,metaspace   ] GC(50) Metaspace: 6297K(6464K)->6297K(6464K) NonClass: 5764K(5824K)->5764K(5824K) Class: 533K(640K)->533K(640K)
[1.526s][info][gc             ] GC(50) Pause Young (Allocation Failure) 229M->229M(300M) 20.620ms
[1.526s][info][gc,cpu         ] GC(50) User=0.08s Sys=0.02s Real=0.02s
[1.541s][info][gc,start       ] GC(51) Pause Young (Allocation Failure)
[1.557s][info][gc,heap        ] GC(51) PSYoungGen: 28512K(51712K)->28480K(51200K) Eden: 12800K(12800K)->0K(13312K) From: 15712K(38912K)->28480K(37888K)
[1.557s][info][gc,heap        ] GC(51) ParOldGen: 219012K(255488K)->219012K(255488K)
[1.557s][info][gc,metaspace   ] GC(51) Metaspace: 6297K(6464K)->6297K(6464K) NonClass: 5764K(5824K)->5764K(5824K) Class: 533K(640K)->533K(640K)
[1.557s][info][gc             ] GC(51) Pause Young (Allocation Failure) 241M->241M(299M) 15.869ms
[1.557s][info][gc,cpu         ] GC(51) User=0.02s Sys=0.00s Real=0.02s
[1.572s][info][gc,start       ] GC(52) Pause Young (Allocation Failure)
[1.591s][info][gc,heap        ] GC(52) PSYoungGen: 41792K(51200K)->39424K(52736K) Eden: 13312K(13312K)->0K(13312K) From: 28480K(37888K)->39424K(39424K)
[1.591s][info][gc,heap        ] GC(52) ParOldGen: 219012K(255488K)->221348K(255488K)
[1.591s][info][gc,metaspace   ] GC(52) Metaspace: 6297K(6464K)->6297K(6464K) NonClass: 5764K(5824K)->5764K(5824K) Class: 533K(640K)->533K(640K)
[1.591s][info][gc             ] GC(52) Pause Young (Allocation Failure) 254M->254M(301M) 19.485ms
[1.591s][info][gc,cpu         ] GC(52) User=0.09s Sys=0.00s Real=0.02s
[1.605s][info][gc,start       ] GC(53) Pause Young (Allocation Failure)
[1.630s][info][gc,heap        ] GC(53) PSYoungGen: 52736K(52736K)->38048K(57344K) Eden: 13312K(13312K)->0K(11776K) From: 39424K(39424K)->38048K(45568K)
[1.630s][info][gc,heap        ] GC(53) ParOldGen: 221348K(255488K)->236396K(255488K)
[1.630s][info][gc,metaspace   ] GC(53) Metaspace: 6297K(6464K)->6297K(6464K) NonClass: 5764K(5824K)->5764K(5824K) Class: 533K(640K)->533K(640K)
[1.630s][info][gc             ] GC(53) Pause Young (Allocation Failure) 267M->268M(305M) 25.009ms
[1.631s][info][gc,cpu         ] GC(53) User=0.11s Sys=0.00s Real=0.03s
[1.631s][info][gc,start       ] GC(54) Pause Full (Ergonomics)
[1.631s][info][gc,phases,start] GC(54) Marking Phase
[1.690s][info][gc,phases      ] GC(54) Marking Phase 59.123ms
[1.690s][info][gc,phases,start] GC(54) Summary Phase
[1.690s][info][gc,phases      ] GC(54) Summary Phase 0.018ms
[1.690s][info][gc,phases,start] GC(54) Adjust Roots
[1.690s][info][gc,phases      ] GC(54) Adjust Roots 0.148ms
[1.690s][info][gc,phases,start] GC(54) Compaction Phase
[1.720s][info][gc,phases      ] GC(54) Compaction Phase 29.845ms
[1.720s][info][gc,phases,start] GC(54) Post Compact
[1.721s][info][gc,phases      ] GC(54) Post Compact 1.190ms
[1.721s][info][gc,heap        ] GC(54) PSYoungGen: 38048K(57344K)->18400K(57344K) Eden: 0K(11776K)->0K(11776K) From: 38048K(45568K)->18400K(45568K)
[1.721s][info][gc,heap        ] GC(54) ParOldGen: 236396K(255488K)->255418K(297984K)
[1.721s][info][gc,metaspace   ] GC(54) Metaspace: 6297K(6464K)->6297K(6464K) NonClass: 5764K(5824K)->5764K(5824K) Class: 533K(640K)->533K(640K)
[1.721s][info][gc             ] GC(54) Pause Full (Ergonomics) 268M->267M(347M) 90.825ms
[1.721s][info][gc,cpu         ] GC(54) User=0.44s Sys=0.00s Real=0.09s
[1.735s][info][gc,start       ] GC(55) Pause Young (Allocation Failure)
[1.760s][info][gc,heap        ] GC(55) PSYoungGen: 30176K(57344K)->25248K(60928K) Eden: 11776K(11776K)->0K(11776K) From: 18400K(45568K)->25248K(49152K)
[1.760s][info][gc,heap        ] GC(55) ParOldGen: 255418K(297984K)->260642K(297984K)
[1.760s][info][gc,metaspace   ] GC(55) Metaspace: 6297K(6464K)->6297K(6464K) NonClass: 5764K(5824K)->5764K(5824K) Class: 533K(640K)->533K(640K)
[1.760s][info][gc             ] GC(55) Pause Young (Allocation Failure) 278M->279M(350M) 25.463ms
[1.760s][info][gc,cpu         ] GC(55) User=0.11s Sys=0.00s Real=0.02s
[1.773s][info][gc,start       ] GC(56) Pause Young (Allocation Failure)
[1.792s][info][gc,heap        ] GC(56) PSYoungGen: 37024K(60928K)->29952K(60928K) Eden: 11776K(11776K)->0K(13312K) From: 25248K(49152K)->29952K(47616K)
[1.792s][info][gc,heap        ] GC(56) ParOldGen: 260642K(297984K)->267778K(297984K)
[1.792s][info][gc,metaspace   ] GC(56) Metaspace: 6297K(6464K)->6297K(6464K) NonClass: 5764K(5824K)->5764K(5824K) Class: 533K(640K)->533K(640K)
[1.792s][info][gc             ] GC(56) Pause Young (Allocation Failure) 290M->290M(350M) 18.670ms
[1.792s][info][gc,cpu         ] GC(56) User=0.11s Sys=0.00s Real=0.02s
[1.806s][info][gc,start       ] GC(57) Pause Young (Allocation Failure)
[1.827s][info][gc,heap        ] GC(57) PSYoungGen: 43264K(60928K)->37024K(60928K) Eden: 13312K(13312K)->0K(13312K) From: 29952K(47616K)->37024K(47616K)
[1.827s][info][gc,heap        ] GC(57) ParOldGen: 267778K(297984K)->274170K(297984K)
[1.827s][info][gc,metaspace   ] GC(57) Metaspace: 6297K(6464K)->6297K(6464K) NonClass: 5764K(5824K)->5764K(5824K) Class: 533K(640K)->533K(640K)
[1.827s][info][gc             ] GC(57) Pause Young (Allocation Failure) 303M->303M(350M) 20.957ms
[1.827s][info][gc,cpu         ] GC(57) User=0.11s Sys=0.02s Real=0.02s
[1.843s][info][gc,start       ] GC(58) Pause Young (Allocation Failure)
[1.867s][info][gc,heap        ] GC(58) PSYoungGen: 50336K(60928K)->38464K(62464K) Eden: 13312K(13312K)->0K(12800K) From: 37024K(47616K)->38464K(49664K)
[1.867s][info][gc,heap        ] GC(58) ParOldGen: 274170K(297984K)->286122K(297984K)
[1.867s][info][gc,metaspace   ] GC(58) Metaspace: 6297K(6464K)->6297K(6464K) NonClass: 5764K(5824K)->5764K(5824K) Class: 533K(640K)->533K(640K)
[1.867s][info][gc             ] GC(58) Pause Young (Allocation Failure) 316M->316M(352M) 24.310ms
[1.867s][info][gc,cpu         ] GC(58) User=0.14s Sys=0.00s Real=0.02s
[1.867s][info][gc,start       ] GC(59) Pause Full (Ergonomics)
[1.867s][info][gc,phases,start] GC(59) Marking Phase
[1.935s][info][gc,phases      ] GC(59) Marking Phase 68.037ms
[1.935s][info][gc,phases,start] GC(59) Summary Phase
[1.935s][info][gc,phases      ] GC(59) Summary Phase 0.019ms
[1.935s][info][gc,phases,start] GC(59) Adjust Roots
[1.935s][info][gc,phases      ] GC(59) Adjust Roots 0.144ms
[1.935s][info][gc,phases,start] GC(59) Compaction Phase
[1.969s][info][gc,phases      ] GC(59) Compaction Phase 34.242ms
[1.970s][info][gc,phases,start] GC(59) Post Compact
[1.971s][info][gc,phases      ] GC(59) Post Compact 1.478ms
[1.971s][info][gc,heap        ] GC(59) PSYoungGen: 38464K(62464K)->26042K(62464K) Eden: 0K(12800K)->0K(12800K) From: 38464K(49664K)->26042K(49664K)
[1.971s][info][gc,heap        ] GC(59) ParOldGen: 286122K(297984K)->297827K(340480K)
[1.971s][info][gc,metaspace   ] GC(59) Metaspace: 6297K(6464K)->6297K(6464K) NonClass: 5764K(5824K)->5764K(5824K) Class: 533K(640K)->533K(640K)
[1.971s][info][gc             ] GC(59) Pause Full (Ergonomics) 316M->316M(393M) 104.431ms
[1.971s][info][gc,cpu         ] GC(59) User=0.61s Sys=0.03s Real=0.10s
[1.987s][info][gc,start       ] GC(60) Pause Young (Allocation Failure)
[2.016s][info][gc,heap        ] GC(60) PSYoungGen: 38842K(62464K)->22080K(65024K) Eden: 12800K(12800K)->0K(12800K) From: 26042K(49664K)->22080K(52224K)
[2.016s][info][gc,heap        ] GC(60) ParOldGen: 297827K(340480K)->315003K(340480K)
[2.016s][info][gc,metaspace   ] GC(60) Metaspace: 6297K(6464K)->6297K(6464K) NonClass: 5764K(5824K)->5764K(5824K) Class: 533K(640K)->533K(640K)
[2.016s][info][gc             ] GC(60) Pause Young (Allocation Failure) 328M->329M(396M) 29.115ms
[2.016s][info][gc,cpu         ] GC(60) User=0.12s Sys=0.02s Real=0.03s
[2.030s][info][gc,start       ] GC(61) Pause Young (Allocation Failure)
[2.048s][info][gc,heap        ] GC(61) PSYoungGen: 34880K(65024K)->25728K(60928K) Eden: 12800K(12800K)->0K(14848K) From: 22080K(52224K)->25728K(46080K)
[2.048s][info][gc,heap        ] GC(61) ParOldGen: 315003K(340480K)->324291K(340480K)
[2.048s][info][gc,metaspace   ] GC(61) Metaspace: 6297K(6464K)->6297K(6464K) NonClass: 5764K(5824K)->5764K(5824K) Class: 533K(640K)->533K(640K)
[2.048s][info][gc             ] GC(61) Pause Young (Allocation Failure) 341M->341M(392M) 17.839ms
[2.048s][info][gc,cpu         ] GC(61) User=0.05s Sys=0.00s Real=0.02s
[2.048s][info][gc,start       ] GC(62) Pause Full (Ergonomics)
[2.048s][info][gc,phases,start] GC(62) Marking Phase
[2.128s][info][gc,phases      ] GC(62) Marking Phase 80.211ms
[2.128s][info][gc,phases,start] GC(62) Summary Phase
[2.128s][info][gc,phases      ] GC(62) Summary Phase 0.018ms
[2.128s][info][gc,phases,start] GC(62) Adjust Roots
[2.128s][info][gc,phases      ] GC(62) Adjust Roots 0.176ms
[2.128s][info][gc,phases,start] GC(62) Compaction Phase
[2.160s][info][gc,phases      ] GC(62) Compaction Phase 31.871ms
[2.160s][info][gc,phases,start] GC(62) Post Compact
[2.162s][info][gc,phases      ] GC(62) Post Compact 1.604ms
[2.162s][info][gc,heap        ] GC(62) PSYoungGen: 25728K(60928K)->9180K(62976K) Eden: 0K(14848K)->0K(16896K) From: 25728K(46080K)->9180K(46080K)
[2.162s][info][gc,heap        ] GC(62) ParOldGen: 324291K(340480K)->340220K(387584K)
[2.162s][info][gc,metaspace   ] GC(62) Metaspace: 6297K(6464K)->6297K(6464K) NonClass: 5764K(5824K)->5764K(5824K) Class: 533K(640K)->533K(640K)
[2.162s][info][gc             ] GC(62) Pause Full (Ergonomics) 341M->341M(440M) 114.401ms
[2.162s][info][gc,cpu         ] GC(62) User=0.59s Sys=0.00s Real=0.11s
[2.243s][info][gc,start       ] GC(63) Pause Young (Allocation Failure)
[2.270s][info][gc,heap        ] GC(63) PSYoungGen: 26076K(62976K)->22304K(65024K) Eden: 16896K(16896K)->0K(16896K) From: 9180K(46080K)->22304K(48128K)
[2.270s][info][gc,heap        ] GC(63) ParOldGen: 356604K(387584K)->360572K(387584K)
[2.270s][info][gc,metaspace   ] GC(63) Metaspace: 6297K(6464K)->6297K(6464K) NonClass: 5764K(5824K)->5764K(5824K) Class: 533K(640K)->533K(640K)
[2.270s][info][gc             ] GC(63) Pause Young (Allocation Failure) 373M->373M(442M) 27.521ms
[2.270s][info][gc,cpu         ] GC(63) User=0.11s Sys=0.00s Real=0.03s
[2.287s][info][gc,start       ] GC(64) Pause Young (Allocation Failure)
[2.309s][info][gc,heap        ] GC(64) PSYoungGen: 39200K(65024K)->39264K(62464K) Eden: 16896K(16896K)->0K(15872K) From: 22304K(48128K)->39264K(46592K)
[2.309s][info][gc,heap        ] GC(64) ParOldGen: 360572K(387584K)->360572K(387584K)
[2.309s][info][gc,metaspace   ] GC(64) Metaspace: 6297K(6464K)->6297K(6464K) NonClass: 5764K(5824K)->5764K(5824K) Class: 533K(640K)->533K(640K)
[2.309s][info][gc             ] GC(64) Pause Young (Allocation Failure) 390M->390M(439M) 21.938ms
[2.309s][info][gc,cpu         ] GC(64) User=0.03s Sys=0.00s Real=0.02s
[2.325s][info][gc,start       ] GC(65) Pause Young (Allocation Failure)
[2.352s][info][gc,heap        ] GC(65) PSYoungGen: 55136K(62464K)->49664K(65536K) Eden: 15872K(15872K)->0K(15872K) From: 39264K(46592K)->49664K(49664K)
[2.352s][info][gc,heap        ] GC(65) ParOldGen: 360572K(387584K)->366004K(387584K)
[2.352s][info][gc,metaspace   ] GC(65) Metaspace: 6297K(6464K)->6297K(6464K) NonClass: 5764K(5824K)->5764K(5824K) Class: 533K(640K)->533K(640K)
[2.352s][info][gc             ] GC(65) Pause Young (Allocation Failure) 405M->405M(442M) 27.382ms
[2.352s][info][gc,cpu         ] GC(65) User=0.12s Sys=0.00s Real=0.03s
[2.368s][info][gc,start       ] GC(66) Pause Young (Allocation Failure)
[2.399s][info][gc,heap        ] GC(66) PSYoungGen: 65536K(65536K)->46144K(72704K) Eden: 15872K(15872K)->0K(14848K) From: 49664K(49664K)->46144K(57856K)
[2.399s][info][gc,heap        ] GC(66) ParOldGen: 366004K(387584K)->385772K(387584K)
[2.399s][info][gc,metaspace   ] GC(66) Metaspace: 6297K(6464K)->6297K(6464K) NonClass: 5764K(5824K)->5764K(5824K) Class: 533K(640K)->533K(640K)
[2.399s][info][gc             ] GC(66) Pause Young (Allocation Failure) 421M->421M(449M) 30.898ms
[2.399s][info][gc,cpu         ] GC(66) User=0.12s Sys=0.00s Real=0.03s
[2.399s][info][gc,start       ] GC(67) Pause Full (Ergonomics)
[2.399s][info][gc,phases,start] GC(67) Marking Phase
[2.491s][info][gc,phases      ] GC(67) Marking Phase 91.988ms
[2.491s][info][gc,phases,start] GC(67) Summary Phase
[2.491s][info][gc,phases      ] GC(67) Summary Phase 0.020ms
[2.491s][info][gc,phases,start] GC(67) Adjust Roots
[2.492s][info][gc,phases      ] GC(67) Adjust Roots 0.147ms
[2.492s][info][gc,phases,start] GC(67) Compaction Phase
[2.578s][info][gc,phases      ] GC(67) Compaction Phase 86.055ms
[2.578s][info][gc,phases,start] GC(67) Post Compact
[2.580s][info][gc,phases      ] GC(67) Post Compact 2.608ms
[2.581s][info][gc,heap        ] GC(67) PSYoungGen: 46144K(72704K)->35699K(72704K) Eden: 0K(14848K)->0K(14848K) From: 46144K(57856K)->35699K(57856K)
[2.581s][info][gc,heap        ] GC(67) ParOldGen: 385772K(387584K)->387308K(439808K)
[2.581s][info][gc,metaspace   ] GC(67) Metaspace: 6297K(6464K)->6297K(6464K) NonClass: 5764K(5824K)->5764K(5824K) Class: 533K(640K)->533K(640K)
[2.581s][info][gc             ] GC(67) Pause Full (Ergonomics) 421M->413M(500M) 181.383ms
[2.581s][info][gc,cpu         ] GC(67) User=0.89s Sys=0.00s Real=0.18s
[2.596s][info][gc,start       ] GC(68) Pause Young (Allocation Failure)
[2.632s][info][gc,heap        ] GC(68) PSYoungGen: 50547K(72704K)->39008K(75776K) Eden: 14848K(14848K)->0K(14848K) From: 35699K(57856K)->39008K(60928K)
[2.632s][info][gc,heap        ] GC(68) ParOldGen: 387308K(439808K)->399204K(439808K)
[2.632s][info][gc,metaspace   ] GC(68) Metaspace: 6297K(6464K)->6297K(6464K) NonClass: 5764K(5824K)->5764K(5824K) Class: 533K(640K)->533K(640K)
[2.632s][info][gc             ] GC(68) Pause Young (Allocation Failure) 427M->427M(503M) 36.368ms
[2.632s][info][gc,cpu         ] GC(68) User=0.22s Sys=0.02s Real=0.04s
[2.647s][info][gc,start       ] GC(69) Pause Young (Allocation Failure)
[2.672s][info][gc,heap        ] GC(69) PSYoungGen: 53856K(75776K)->53856K(72704K) Eden: 14848K(14848K)->0K(11776K) From: 39008K(60928K)->53856K(60928K)
[2.672s][info][gc,heap        ] GC(69) ParOldGen: 399204K(439808K)->399204K(439808K)
[2.672s][info][gc,metaspace   ] GC(69) Metaspace: 6297K(6464K)->6297K(6464K) NonClass: 5764K(5824K)->5764K(5824K) Class: 533K(640K)->533K(640K)
[2.672s][info][gc             ] GC(69) Pause Young (Allocation Failure) 442M->442M(500M) 24.925ms
[2.672s][info][gc,cpu         ] GC(69) User=0.12s Sys=0.00s Real=0.03s
[2.685s][info][gc,start       ] GC(70) Pause Young (Allocation Failure)
[2.719s][info][gc,heap        ] GC(70) PSYoungGen: 65632K(72704K)->54848K(77824K) Eden: 11776K(11776K)->0K(11776K) From: 53856K(60928K)->54848K(66048K)
[2.719s][info][gc,heap        ] GC(70) ParOldGen: 399204K(439808K)->410156K(439808K)
[2.719s][info][gc,metaspace   ] GC(70) Metaspace: 6297K(6464K)->6297K(6464K) NonClass: 5764K(5824K)->5764K(5824K) Class: 533K(640K)->533K(640K)
[2.719s][info][gc             ] GC(70) Pause Young (Allocation Failure) 453M->454M(505M) 34.134ms
[2.719s][info][gc,cpu         ] GC(70) User=0.17s Sys=0.02s Real=0.03s
[2.733s][info][gc,start       ] GC(71) Pause Young (Allocation Failure)
[2.769s][info][gc,heap        ] GC(71) PSYoungGen: 66624K(77824K)->38496K(78336K) Eden: 11776K(11776K)->0K(13312K) From: 54848K(66048K)->38496K(65024K)
[2.769s][info][gc,heap        ] GC(71) ParOldGen: 410156K(439808K)->438588K(439808K)
[2.769s][info][gc,metaspace   ] GC(71) Metaspace: 6297K(6464K)->6297K(6464K) NonClass: 5764K(5824K)->5764K(5824K) Class: 533K(640K)->533K(640K)
[2.769s][info][gc             ] GC(71) Pause Young (Allocation Failure) 465M->465M(506M) 36.246ms
[2.769s][info][gc,cpu         ] GC(71) User=0.14s Sys=0.02s Real=0.04s
[2.769s][info][gc,start       ] GC(72) Pause Full (Ergonomics)
[2.769s][info][gc,phases,start] GC(72) Marking Phase
[2.889s][info][gc,phases      ] GC(72) Marking Phase 119.196ms
[2.889s][info][gc,phases,start] GC(72) Summary Phase
[2.889s][info][gc,phases      ] GC(72) Summary Phase 0.035ms
[2.889s][info][gc,phases,start] GC(72) Adjust Roots
[2.889s][info][gc,phases      ] GC(72) Adjust Roots 0.254ms
[2.889s][info][gc,phases,start] GC(72) Compaction Phase
[2.946s][info][gc,phases      ] GC(72) Compaction Phase 56.728ms
[2.946s][info][gc,phases,start] GC(72) Post Compact
[2.949s][info][gc,phases      ] GC(72) Post Compact 3.218ms
[2.949s][info][gc,heap        ] GC(72) PSYoungGen: 38496K(78336K)->36772K(80384K) Eden: 0K(13312K)->0K(15360K) From: 38496K(65024K)->36772K(65024K)
[2.949s][info][gc,heap        ] GC(72) ParOldGen: 438588K(439808K)->439358K(500224K)
[2.949s][info][gc,metaspace   ] GC(72) Metaspace: 6297K(6464K)->6297K(6464K) NonClass: 5764K(5824K)->5764K(5824K) Class: 533K(640K)->533K(640K)
[2.949s][info][gc             ] GC(72) Pause Full (Ergonomics) 465M->464M(567M) 180.161ms
[2.950s][info][gc,cpu         ] GC(72) User=1.00s Sys=0.00s Real=0.18s
[2.969s][info][gc,start       ] GC(73) Pause Young (Allocation Failure)
[3.016s][info][gc,heap        ] GC(73) PSYoungGen: 52132K(80384K)->26240K(82944K) Eden: 15360K(15360K)->0K(15360K) From: 36772K(65024K)->26240K(67584K)
[3.016s][info][gc,heap        ] GC(73) ParOldGen: 439358K(500224K)->465774K(500224K)
[3.016s][info][gc,metaspace   ] GC(73) Metaspace: 6297K(6464K)->6297K(6464K) NonClass: 5764K(5824K)->5764K(5824K) Class: 533K(640K)->533K(640K)
[3.016s][info][gc             ] GC(73) Pause Young (Allocation Failure) 479M->480M(569M) 46.511ms
[3.016s][info][gc,cpu         ] GC(73) User=0.25s Sys=0.00s Real=0.05s
[3.032s][info][gc,start       ] GC(74) Pause Young (Allocation Failure)
[3.056s][info][gc,heap        ] GC(74) PSYoungGen: 41600K(82944K)->30848K(78848K) Eden: 15360K(15360K)->0K(17408K) From: 26240K(67584K)->30848K(61440K)
[3.056s][info][gc,heap        ] GC(74) ParOldGen: 465774K(500224K)->476710K(500224K)
[3.056s][info][gc,metaspace   ] GC(74) Metaspace: 6297K(6464K)->6297K(6464K) NonClass: 5764K(5824K)->5764K(5824K) Class: 533K(640K)->533K(640K)
[3.056s][info][gc             ] GC(74) Pause Young (Allocation Failure) 495M->495M(565M) 23.644ms
[3.056s][info][gc,cpu         ] GC(74) User=0.11s Sys=0.00s Real=0.02s
[3.056s][info][gc,start       ] GC(75) Pause Full (Ergonomics)
[3.056s][info][gc,phases,start] GC(75) Marking Phase
[3.176s][info][gc,phases      ] GC(75) Marking Phase 120.491ms
[3.177s][info][gc,phases,start] GC(75) Summary Phase
[3.177s][info][gc,phases      ] GC(75) Summary Phase 0.023ms
[3.177s][info][gc,phases,start] GC(75) Adjust Roots
[3.177s][info][gc,phases      ] GC(75) Adjust Roots 0.173ms
[3.177s][info][gc,phases,start] GC(75) Compaction Phase
[3.229s][info][gc,phases      ] GC(75) Compaction Phase 52.314ms
[3.229s][info][gc,phases,start] GC(75) Post Compact
[3.232s][info][gc,phases      ] GC(75) Post Compact 3.307ms
[3.233s][info][gc,heap        ] GC(75) PSYoungGen: 30848K(78848K)->6644K(80896K) Eden: 0K(17408K)->0K(19456K) From: 30848K(61440K)->6644K(61440K)
[3.233s][info][gc,heap        ] GC(75) ParOldGen: 476710K(500224K)->500143K(567808K)
[3.233s][info][gc,metaspace   ] GC(75) Metaspace: 6297K(6464K)->6297K(6464K) NonClass: 5764K(5824K)->5764K(5824K) Class: 533K(640K)->533K(640K)
[3.233s][info][gc             ] GC(75) Pause Full (Ergonomics) 495M->494M(633M) 177.028ms
[3.233s][info][gc,cpu         ] GC(75) User=1.06s Sys=0.02s Real=0.18s
[3.256s][info][gc,start       ] GC(76) Pause Young (Allocation Failure)
[3.290s][info][gc,heap        ] GC(76) PSYoungGen: 26100K(80896K)->23264K(83456K) Eden: 19456K(19456K)->0K(19456K) From: 6644K(61440K)->23264K(64000K)
[3.290s][info][gc,heap        ] GC(76) ParOldGen: 500143K(567808K)->503175K(567808K)
[3.290s][info][gc,metaspace   ] GC(76) Metaspace: 6297K(6464K)->6297K(6464K) NonClass: 5764K(5824K)->5764K(5824K) Class: 533K(640K)->533K(640K)
[3.290s][info][gc             ] GC(76) Pause Young (Allocation Failure) 513M->514M(636M) 34.262ms
[3.290s][info][gc,cpu         ] GC(76) User=0.12s Sys=0.02s Real=0.03s
[3.312s][info][gc,start       ] GC(77) Pause Young (Allocation Failure)
[3.335s][info][gc,heap        ] GC(77) PSYoungGen: 42720K(83456K)->42752K(84992K) Eden: 19456K(19456K)->0K(21504K) From: 23264K(64000K)->42752K(63488K)
[3.335s][info][gc,heap        ] GC(77) ParOldGen: 503175K(567808K)->503175K(567808K)
[3.335s][info][gc,metaspace   ] GC(77) Metaspace: 6297K(6464K)->6297K(6464K) NonClass: 5764K(5824K)->5764K(5824K) Class: 533K(640K)->533K(640K)
[3.335s][info][gc             ] GC(77) Pause Young (Allocation Failure) 533M->533M(637M) 22.442ms
[3.335s][info][gc,cpu         ] GC(77) User=0.12s Sys=0.00s Real=0.02s
[3.359s][info][gc,start       ] GC(78) Pause Young (Allocation Failure)
[3.391s][info][gc,heap        ] GC(78) PSYoungGen: 64256K(84992K)->63488K(84992K) Eden: 21504K(21504K)->0K(21504K) From: 42752K(63488K)->63488K(63488K)
[3.391s][info][gc,heap        ] GC(78) ParOldGen: 503175K(567808K)->503927K(567808K)
[3.391s][info][gc,metaspace   ] GC(78) Metaspace: 6297K(6464K)->6297K(6464K) NonClass: 5764K(5824K)->5764K(5824K) Class: 533K(640K)->533K(640K)
[3.391s][info][gc             ] GC(78) Pause Young (Allocation Failure) 554M->554M(637M) 31.859ms
[3.391s][info][gc,cpu         ] GC(78) User=0.14s Sys=0.00s Real=0.03s
[3.416s][info][gc,start       ] GC(79) Pause Young (Allocation Failure)
[3.461s][info][gc,heap        ] GC(79) PSYoungGen: 84992K(84992K)->62144K(90112K) Eden: 21504K(21504K)->0K(18432K) From: 63488K(63488K)->62144K(71680K)
[3.461s][info][gc,heap        ] GC(79) ParOldGen: 503927K(567808K)->527135K(567808K)
[3.461s][info][gc,metaspace   ] GC(79) Metaspace: 6297K(6464K)->6297K(6464K) NonClass: 5764K(5824K)->5764K(5824K) Class: 533K(640K)->533K(640K)
[3.461s][info][gc             ] GC(79) Pause Young (Allocation Failure) 575M->575M(642M) 44.927ms
[3.461s][info][gc,cpu         ] GC(79) User=0.27s Sys=0.00s Real=0.04s
[3.482s][info][gc,start       ] GC(80) Pause Young (Allocation Failure)
[3.523s][info][gc,heap        ] GC(80) PSYoungGen: 80576K(90112K)->61344K(95744K) Eden: 18432K(18432K)->0K(18432K) From: 62144K(71680K)->61344K(77312K)
[3.523s][info][gc,heap        ] GC(80) ParOldGen: 527135K(567808K)->546687K(567808K)
[3.523s][info][gc,metaspace   ] GC(80) Metaspace: 6297K(6464K)->6297K(6464K) NonClass: 5764K(5824K)->5764K(5824K) Class: 533K(640K)->533K(640K)
[3.523s][info][gc             ] GC(80) Pause Young (Allocation Failure) 593M->593M(648M) 40.809ms
[3.523s][info][gc,cpu         ] GC(80) User=0.23s Sys=0.03s Real=0.04s
[3.523s][info][gc,start       ] GC(81) Pause Full (Ergonomics)
[3.523s][info][gc,phases,start] GC(81) Marking Phase
[3.656s][info][gc,phases      ] GC(81) Marking Phase 132.443ms
[3.656s][info][gc,phases,start] GC(81) Summary Phase
[3.656s][info][gc,phases      ] GC(81) Summary Phase 0.022ms
[3.656s][info][gc,phases,start] GC(81) Adjust Roots
[3.656s][info][gc,phases      ] GC(81) Adjust Roots 0.166ms
[3.656s][info][gc,phases,start] GC(81) Compaction Phase
[3.715s][info][gc,phases      ] GC(81) Compaction Phase 58.763ms
[3.715s][info][gc,phases,start] GC(81) Post Compact
[3.716s][info][gc,phases      ] GC(81) Post Compact 1.084ms
[3.716s][info][gc,heap        ] GC(81) PSYoungGen: 61344K(95744K)->39576K(95744K) Eden: 0K(18432K)->0K(18432K) From: 61344K(77312K)->39576K(77312K)
[3.716s][info][gc,heap        ] GC(81) ParOldGen: 546687K(567808K)->567395K(642048K)
[3.716s][info][gc,metaspace   ] GC(81) Metaspace: 6297K(6464K)->6297K(6464K) NonClass: 5764K(5824K)->5764K(5824K) Class: 533K(640K)->533K(640K)
[3.716s][info][gc             ] GC(81) Pause Full (Ergonomics) 593M->592M(720M) 193.086ms
[3.716s][info][gc,cpu         ] GC(81) User=1.34s Sys=0.03s Real=0.19s
[3.738s][info][gc,start       ] GC(82) Pause Young (Allocation Failure)
[3.791s][info][gc,heap        ] GC(82) PSYoungGen: 58008K(95744K)->44704K(95232K) Eden: 18432K(18432K)->0K(20480K) From: 39576K(77312K)->44704K(74752K)
[3.791s][info][gc,heap        ] GC(82) ParOldGen: 567395K(642048K)->581115K(642048K)
[3.791s][info][gc,metaspace   ] GC(82) Metaspace: 6297K(6464K)->6297K(6464K) NonClass: 5764K(5824K)->5764K(5824K) Class: 533K(640K)->533K(640K)
[3.791s][info][gc             ] GC(82) Pause Young (Allocation Failure) 610M->611M(720M) 52.377ms
[3.791s][info][gc,cpu         ] GC(82) User=0.38s Sys=0.00s Real=0.05s
[3.818s][info][gc,start       ] GC(83) Pause Young (Allocation Failure)
[3.853s][info][gc,heap        ] GC(83) PSYoungGen: 65184K(95232K)->51200K(98816K) Eden: 20480K(20480K)->0K(20480K) From: 44704K(74752K)->51200K(78336K)
[3.853s][info][gc,heap        ] GC(83) ParOldGen: 581115K(642048K)->595283K(642048K)
[3.853s][info][gc,metaspace   ] GC(83) Metaspace: 6297K(6464K)->6297K(6464K) NonClass: 5764K(5824K)->5764K(5824K) Class: 533K(640K)->533K(640K)
[3.853s][info][gc             ] GC(83) Pause Young (Allocation Failure) 631M->631M(723M) 34.949ms
[3.853s][info][gc,cpu         ] GC(83) User=0.14s Sys=0.00s Real=0.04s
[3.878s][info][gc,start       ] GC(84) Pause Young (Allocation Failure)
[3.915s][info][gc,heap        ] GC(84) PSYoungGen: 71680K(98816K)->59552K(97792K) Eden: 20480K(20480K)->0K(19968K) From: 51200K(78336K)->59552K(77824K)
[3.915s][info][gc,heap        ] GC(84) ParOldGen: 595283K(642048K)->607555K(642048K)
[3.915s][info][gc,metaspace   ] GC(84) Metaspace: 6297K(6464K)->6297K(6464K) NonClass: 5764K(5824K)->5764K(5824K) Class: 533K(640K)->533K(640K)
[3.915s][info][gc             ] GC(84) Pause Young (Allocation Failure) 651M->651M(722M) 37.059ms
[3.915s][info][gc,cpu         ] GC(84) User=0.27s Sys=0.00s Real=0.04s
[3.942s][info][gc,start       ] GC(85) Pause Young (Allocation Failure)
[3.981s][info][gc,heap        ] GC(85) PSYoungGen: 79520K(97792K)->61056K(100352K) Eden: 19968K(19968K)->0K(19968K) From: 59552K(77824K)->61056K(80384K)
[3.981s][info][gc,heap        ] GC(85) ParOldGen: 607555K(642048K)->626219K(642048K)
[3.981s][info][gc,metaspace   ] GC(85) Metaspace: 6297K(6464K)->6297K(6464K) NonClass: 5764K(5824K)->5764K(5824K) Class: 533K(640K)->533K(640K)
[3.981s][info][gc             ] GC(85) Pause Young (Allocation Failure) 670M->671M(725M) 39.234ms
[3.981s][info][gc,cpu         ] GC(85) User=0.25s Sys=0.00s Real=0.04s
[3.981s][info][gc,start       ] GC(86) Pause Full (Ergonomics)
[3.981s][info][gc,phases,start] GC(86) Marking Phase
[4.130s][info][gc,phases      ] GC(86) Marking Phase 148.791ms
[4.130s][info][gc,phases,start] GC(86) Summary Phase
[4.130s][info][gc,phases      ] GC(86) Summary Phase 0.028ms
[4.130s][info][gc,phases,start] GC(86) Adjust Roots
[4.130s][info][gc,phases      ] GC(86) Adjust Roots 0.191ms
[4.130s][info][gc,phases,start] GC(86) Compaction Phase
[4.195s][info][gc,phases      ] GC(86) Compaction Phase 64.805ms
[4.195s][info][gc,phases,start] GC(86) Post Compact
[4.197s][info][gc,phases      ] GC(86) Post Compact 1.424ms
[4.197s][info][gc,heap        ] GC(86) PSYoungGen: 61056K(100352K)->44481K(100352K) Eden: 0K(19968K)->0K(19968K) From: 61056K(80384K)->44481K(80384K)
[4.197s][info][gc,heap        ] GC(86) ParOldGen: 626219K(642048K)->641723K(718336K)
[4.197s][info][gc,metaspace   ] GC(86) Metaspace: 6297K(6464K)->6297K(6464K) NonClass: 5764K(5824K)->5764K(5824K) Class: 533K(640K)->533K(640K)
[4.197s][info][gc             ] GC(86) Pause Full (Ergonomics) 671M->670M(799M) 215.864ms
[4.197s][info][gc,cpu         ] GC(86) User=1.52s Sys=0.02s Real=0.22s
[4.345s][info][gc,start       ] GC(87) Pause Young (Allocation Failure)
[4.398s][info][gc,heap        ] GC(87) PSYoungGen: 64449K(100352K)->49632K(99328K) Eden: 19968K(19968K)->0K(22016K) From: 44481K(80384K)->49632K(77312K)
[4.398s][info][gc,heap        ] GC(87) ParOldGen: 674491K(718336K)->689787K(718336K)
[4.398s][info][gc,metaspace   ] GC(87) Metaspace: 6297K(6464K)->6297K(6464K) NonClass: 5764K(5824K)->5764K(5824K) Class: 533K(640K)->533K(640K)
[4.398s][info][gc             ] GC(87) Pause Young (Allocation Failure) 721M->722M(798M) 53.005ms
[4.398s][info][gc,cpu         ] GC(87) User=0.38s Sys=0.02s Real=0.05s
[4.398s][info][gc,start       ] GC(88) Pause Full (Ergonomics)
[4.398s][info][gc,phases,start] GC(88) Marking Phase
[4.551s][info][gc,phases      ] GC(88) Marking Phase 152.931ms
[4.551s][info][gc,phases,start] GC(88) Summary Phase
[4.551s][info][gc,phases      ] GC(88) Summary Phase 0.022ms
[4.551s][info][gc,phases,start] GC(88) Adjust Roots
[4.551s][info][gc,phases      ] GC(88) Adjust Roots 0.160ms
[4.551s][info][gc,phases,start] GC(88) Compaction Phase
[4.663s][info][gc,phases      ] GC(88) Compaction Phase 112.250ms
[4.663s][info][gc,phases,start] GC(88) Post Compact
[4.665s][info][gc,phases      ] GC(88) Post Compact 1.466ms
[4.665s][info][gc,heap        ] GC(88) PSYoungGen: 49632K(99328K)->4412K(101888K) Eden: 0K(22016K)->0K(24576K) From: 49632K(77312K)->4412K(77312K)
[4.665s][info][gc,heap        ] GC(88) ParOldGen: 689787K(718336K)->718114K(799232K)
[4.665s][info][gc,metaspace   ] GC(88) Metaspace: 6297K(6464K)->6297K(6464K) NonClass: 5764K(5824K)->5764K(5824K) Class: 533K(640K)->533K(640K)
[4.665s][info][gc             ] GC(88) Pause Full (Ergonomics) 722M->705M(880M) 267.453ms
[4.665s][info][gc,cpu         ] GC(88) User=1.89s Sys=0.02s Real=0.27s
[4.693s][info][gc,start       ] GC(89) Pause Young (Allocation Failure)
[4.736s][info][gc,heap        ] GC(89) PSYoungGen: 28988K(101888K)->29184K(104960K) Eden: 24576K(24576K)->0K(24576K) From: 4412K(77312K)->29184K(80384K)
[4.736s][info][gc,heap        ] GC(89) ParOldGen: 718114K(799232K)->718114K(799232K)
[4.736s][info][gc,metaspace   ] GC(89) Metaspace: 6297K(6464K)->6297K(6464K) NonClass: 5764K(5824K)->5764K(5824K) Class: 533K(640K)->533K(640K)
[4.736s][info][gc             ] GC(89) Pause Young (Allocation Failure) 729M->729M(883M) 42.857ms
[4.736s][info][gc,cpu         ] GC(89) User=0.17s Sys=0.00s Real=0.04s
[4.760s][info][gc,start       ] GC(90) Pause Young (Allocation Failure)
[4.787s][info][gc,heap        ] GC(90) PSYoungGen: 53760K(104960K)->53728K(106496K) Eden: 24576K(24576K)->0K(27136K) From: 29184K(80384K)->53728K(79360K)
[4.787s][info][gc,heap        ] GC(90) ParOldGen: 718114K(799232K)->718114K(799232K)
[4.787s][info][gc,metaspace   ] GC(90) Metaspace: 6297K(6464K)->6297K(6464K) NonClass: 5764K(5824K)->5764K(5824K) Class: 533K(640K)->533K(640K)
[4.787s][info][gc             ] GC(90) Pause Young (Allocation Failure) 753M->753M(884M) 26.955ms
[4.787s][info][gc,cpu         ] GC(90) User=0.14s Sys=0.00s Real=0.03s
[4.815s][info][gc,start       ] GC(91) Pause Young (Allocation Failure)
[4.853s][info][gc,heap        ] GC(91) PSYoungGen: 80864K(106496K)->79872K(107008K) Eden: 27136K(27136K)->0K(27136K) From: 53728K(79360K)->79872K(79872K)
[4.853s][info][gc,heap        ] GC(91) ParOldGen: 718114K(799232K)->719074K(799232K)
[4.853s][info][gc,metaspace   ] GC(91) Metaspace: 6297K(6464K)->6297K(6464K) NonClass: 5764K(5824K)->5764K(5824K) Class: 533K(640K)->533K(640K)
[4.853s][info][gc             ] GC(91) Pause Young (Allocation Failure) 780M->780M(885M) 37.343ms
[4.853s][info][gc,cpu         ] GC(91) User=0.27s Sys=0.00s Real=0.04s
[4.880s][info][gc,start       ] GC(92) Pause Young (Allocation Failure)
[4.931s][info][gc,heap        ] GC(92) PSYoungGen: 107008K(107008K)->89600K(102400K) Eden: 27136K(27136K)->0K(12800K) From: 79872K(79872K)->89600K(89600K)
[4.931s][info][gc,heap        ] GC(92) ParOldGen: 719074K(799232K)->736714K(799232K)
[4.931s][info][gc,metaspace   ] GC(92) Metaspace: 6297K(6464K)->6297K(6464K) NonClass: 5764K(5824K)->5764K(5824K) Class: 533K(640K)->533K(640K)
[4.931s][info][gc             ] GC(92) Pause Young (Allocation Failure) 806M->806M(880M) 51.448ms
[4.931s][info][gc,cpu         ] GC(92) User=0.38s Sys=0.00s Real=0.05s
[4.945s][info][gc,start       ] GC(93) Pause Young (Allocation Failure)
[4.991s][info][gc,heap        ] GC(93) PSYoungGen: 102400K(102400K)->82912K(119808K) Eden: 12800K(12800K)->0K(12800K) From: 89600K(89600K)->82912K(107008K)
[4.991s][info][gc,heap        ] GC(93) ParOldGen: 736714K(799232K)->756578K(799232K)
[4.991s][info][gc,metaspace   ] GC(93) Metaspace: 6297K(6464K)->6297K(6464K) NonClass: 5764K(5824K)->5764K(5824K) Class: 533K(640K)->533K(640K)
[4.991s][info][gc             ] GC(93) Pause Young (Allocation Failure) 819M->819M(897M) 45.908ms
[4.991s][info][gc,cpu         ] GC(93) User=0.23s Sys=0.03s Real=0.05s
[5.004s][info][gc,start       ] GC(94) Pause Young (Allocation Failure)
[5.049s][info][gc,heap        ] GC(94) PSYoungGen: 95712K(119808K)->50016K(119808K) Eden: 12800K(12800K)->0K(14848K) From: 82912K(107008K)->50016K(104960K)
[5.049s][info][gc,heap        ] GC(94) ParOldGen: 756578K(799232K)->802810K(802816K)
[5.049s][info][gc,metaspace   ] GC(94) Metaspace: 6297K(6464K)->6297K(6464K) NonClass: 5764K(5824K)->5764K(5824K) Class: 533K(640K)->533K(640K)
[5.049s][info][gc             ] GC(94) Pause Young (Allocation Failure) 832M->832M(901M) 44.657ms
[5.049s][info][gc,cpu         ] GC(94) User=0.38s Sys=0.00s Real=0.04s
[5.049s][info][gc,start       ] GC(95) Pause Full (Ergonomics)
[5.049s][info][gc,phases,start] GC(95) Marking Phase
[5.238s][info][gc,phases      ] GC(95) Marking Phase 188.669ms
[5.238s][info][gc,phases,start] GC(95) Summary Phase
[5.238s][info][gc,phases      ] GC(95) Summary Phase 0.023ms
[5.238s][info][gc,phases,start] GC(95) Adjust Roots
[5.238s][info][gc,phases      ] GC(95) Adjust Roots 0.152ms
[5.238s][info][gc,phases,start] GC(95) Compaction Phase
[5.326s][info][gc,phases      ] GC(95) Compaction Phase 87.713ms
[5.326s][info][gc,phases,start] GC(95) Post Compact
[5.327s][info][gc,phases      ] GC(95) Post Compact 1.327ms
[5.327s][info][gc,heap        ] GC(95) PSYoungGen: 50016K(119808K)->48765K(121856K) Eden: 0K(14848K)->0K(16896K) From: 50016K(104960K)->48765K(104960K)
[5.327s][info][gc,heap        ] GC(95) ParOldGen: 802810K(802816K)->802597K(901632K)
[5.327s][info][gc,metaspace   ] GC(95) Metaspace: 6297K(6464K)->6297K(6464K) NonClass: 5764K(5824K)->5764K(5824K) Class: 533K(640K)->533K(640K)
[5.327s][info][gc             ] GC(95) Pause Full (Ergonomics) 832M->831M(999M) 278.567ms
[5.327s][info][gc,cpu         ] GC(95) User=2.03s Sys=0.00s Real=0.28s
[5.346s][info][gc,start       ] GC(96) Pause Young (Allocation Failure)
[5.405s][info][gc,heap        ] GC(96) PSYoungGen: 65661K(121856K)->29344K(124928K) Eden: 16896K(16896K)->0K(16896K) From: 48765K(104960K)->29344K(108032K)
[5.405s][info][gc,heap        ] GC(96) ParOldGen: 802597K(901632K)->839589K(901632K)
[5.405s][info][gc,metaspace   ] GC(96) Metaspace: 6297K(6464K)->6297K(6464K) NonClass: 5764K(5824K)->5764K(5824K) Class: 533K(640K)->533K(640K)
[5.405s][info][gc             ] GC(96) Pause Young (Allocation Failure) 847M->848M(1002M) 59.678ms
[5.405s][info][gc,cpu         ] GC(96) User=0.38s Sys=0.02s Real=0.06s
[5.425s][info][gc,start       ] GC(97) Pause Young (Allocation Failure)
[5.450s][info][gc,heap        ] GC(97) PSYoungGen: 46240K(124928K)->33920K(123392K) Eden: 16896K(16896K)->0K(18944K) From: 29344K(108032K)->33920K(104448K)
[5.450s][info][gc,heap        ] GC(97) ParOldGen: 839589K(901632K)->852085K(901632K)
[5.450s][info][gc,metaspace   ] GC(97) Metaspace: 6297K(6464K)->6297K(6464K) NonClass: 5764K(5824K)->5764K(5824K) Class: 533K(640K)->533K(640K)
[5.450s][info][gc             ] GC(97) Pause Young (Allocation Failure) 865M->865M(1001M) 24.976ms
[5.450s][info][gc,cpu         ] GC(97) User=0.14s Sys=0.00s Real=0.03s
[5.470s][info][gc,start       ] GC(98) Pause Young (Allocation Failure)
[5.498s][info][gc,heap        ] GC(98) PSYoungGen: 52864K(123392K)->35968K(124928K) Eden: 18944K(18944K)->0K(18944K) From: 33920K(104448K)->35968K(105984K)
[5.498s][info][gc,heap        ] GC(98) ParOldGen: 852085K(901632K)->869221K(901632K)
[5.498s][info][gc,metaspace   ] GC(98) Metaspace: 6297K(6464K)->6297K(6464K) NonClass: 5764K(5824K)->5764K(5824K) Class: 533K(640K)->533K(640K)
[5.498s][info][gc             ] GC(98) Pause Young (Allocation Failure) 883M->883M(1002M) 28.059ms
[5.498s][info][gc,cpu         ] GC(98) User=0.11s Sys=0.02s Real=0.03s
[5.498s][info][gc,start       ] GC(99) Pause Full (Ergonomics)
[5.498s][info][gc,phases,start] GC(99) Marking Phase
[5.697s][info][gc,phases      ] GC(99) Marking Phase 199.589ms
[5.697s][info][gc,phases,start] GC(99) Summary Phase
[5.697s][info][gc,phases      ] GC(99) Summary Phase 0.052ms
[5.697s][info][gc,phases,start] GC(99) Adjust Roots
[5.698s][info][gc,phases      ] GC(99) Adjust Roots 0.230ms
[5.698s][info][gc,phases,start] GC(99) Compaction Phase
[5.784s][info][gc,phases      ] GC(99) Compaction Phase 86.171ms
[5.784s][info][gc,phases,start] GC(99) Post Compact
[5.785s][info][gc,phases      ] GC(99) Post Compact 1.400ms
[5.786s][info][gc,heap        ] GC(99) PSYoungGen: 35968K(124928K)->2574K(124928K) Eden: 0K(18944K)->0K(18944K) From: 35968K(105984K)->2574K(105984K)
[5.786s][info][gc,heap        ] GC(99) ParOldGen: 869221K(901632K)->901438K(1007104K)
[5.786s][info][gc,metaspace   ] GC(99) Metaspace: 6297K(6464K)->6297K(6464K) NonClass: 5764K(5824K)->5764K(5824K) Class: 533K(640K)->533K(640K)
[5.786s][info][gc             ] GC(99) Pause Full (Ergonomics) 883M->882M(1105M) 288.158ms
[5.786s][info][gc,cpu         ] GC(99) User=2.05s Sys=0.05s Real=0.29s
[5.810s][info][gc,start       ] GC(100) Pause Young (Allocation Failure)
[5.858s][info][gc,heap        ] GC(100) PSYoungGen: 21518K(124928K)->19072K(123904K) Eden: 18944K(18944K)->0K(20992K) From: 2574K(105984K)->19072K(102912K)
[5.858s][info][gc,heap        ] GC(100) ParOldGen: 901438K(1007104K)->904078K(1007104K)
[5.858s][info][gc,metaspace   ] GC(100) Metaspace: 6297K(6464K)->6297K(6464K) NonClass: 5764K(5824K)->5764K(5824K) Class: 533K(640K)->533K(640K)
[5.858s][info][gc             ] GC(100) Pause Young (Allocation Failure) 901M->901M(1104M) 47.946ms
[5.858s][info][gc,cpu         ] GC(100) User=0.27s Sys=0.00s Real=0.05s
[5.880s][info][gc,start       ] GC(101) Pause Young (Allocation Failure)
[5.902s][info][gc,heap        ] GC(101) PSYoungGen: 40064K(123904K)->40096K(61440K) Eden: 20992K(20992K)->0K(20992K) From: 19072K(102912K)->40096K(40448K)
[5.902s][info][gc,heap        ] GC(101) ParOldGen: 904078K(1007104K)->904078K(1007104K)
[5.903s][info][gc,metaspace   ] GC(101) Metaspace: 6297K(6464K)->6297K(6464K) NonClass: 5764K(5824K)->5764K(5824K) Class: 533K(640K)->533K(640K)
[5.903s][info][gc             ] GC(101) Pause Young (Allocation Failure) 922M->922M(1043M) 22.256ms
[5.903s][info][gc,cpu         ] GC(101) User=0.12s Sys=0.00s Real=0.02s
[5.927s][info][gc,start       ] GC(102) Pause Young (Allocation Failure)
[5.958s][info][gc,heap        ] GC(102) PSYoungGen: 61088K(61440K)->61088K(122880K) Eden: 20992K(20992K)->0K(23552K) From: 40096K(40448K)->61088K(99328K)
[5.958s][info][gc,heap        ] GC(102) ParOldGen: 904078K(1007104K)->904078K(1007104K)
[5.958s][info][gc,metaspace   ] GC(102) Metaspace: 6297K(6464K)->6297K(6464K) NonClass: 5764K(5824K)->5764K(5824K) Class: 533K(640K)->533K(640K)
[5.958s][info][gc             ] GC(102) Pause Young (Allocation Failure) 942M->942M(1103M) 30.399ms
[5.958s][info][gc,cpu         ] GC(102) User=0.12s Sys=0.00s Real=0.03s
[5.983s][info][gc,start       ] GC(103) Pause Young (Allocation Failure)
[6.025s][info][gc,heap        ] GC(103) PSYoungGen: 84640K(122880K)->65728K(122880K) Eden: 23552K(23552K)->0K(23552K) From: 61088K(99328K)->65728K(99328K)
[6.025s][info][gc,heap        ] GC(103) ParOldGen: 904078K(1007104K)->923278K(1007104K)
[6.025s][info][gc,metaspace   ] GC(103) Metaspace: 6297K(6464K)->6297K(6464K) NonClass: 5764K(5824K)->5764K(5824K) Class: 533K(640K)->533K(640K)
[6.025s][info][gc             ] GC(103) Pause Young (Allocation Failure) 965M->965M(1103M) 41.697ms
[6.025s][info][gc,cpu         ] GC(103) User=0.25s Sys=0.02s Real=0.04s
[6.052s][info][gc,start       ] GC(104) Pause Young (Allocation Failure)
[6.096s][info][gc,heap        ] GC(104) PSYoungGen: 89280K(122880K)->68288K(124928K) Eden: 23552K(23552K)->0K(24576K) From: 65728K(99328K)->68288K(100352K)
[6.096s][info][gc,heap        ] GC(104) ParOldGen: 923278K(1007104K)->944558K(1007104K)
[6.096s][info][gc,metaspace   ] GC(104) Metaspace: 6297K(6464K)->6297K(6464K) NonClass: 5764K(5824K)->5764K(5824K) Class: 533K(640K)->533K(640K)
[6.096s][info][gc             ] GC(104) Pause Young (Allocation Failure) 988M->989M(1105M) 44.542ms
[6.096s][info][gc,cpu         ] GC(104) User=0.23s Sys=0.00s Real=0.04s
[6.123s][info][gc,start       ] GC(105) Pause Young (Allocation Failure)
[6.169s][info][gc,heap        ] GC(105) PSYoungGen: 92864K(124928K)->71872K(126976K) Eden: 24576K(24576K)->0K(24576K) From: 68288K(100352K)->71872K(102400K)
[6.169s][info][gc,heap        ] GC(105) ParOldGen: 944558K(1007104K)->965822K(1007104K)
[6.169s][info][gc,metaspace   ] GC(105) Metaspace: 6297K(6464K)->6297K(6464K) NonClass: 5764K(5824K)->5764K(5824K) Class: 533K(640K)->533K(640K)
[6.169s][info][gc             ] GC(105) Pause Young (Allocation Failure) 1013M->1013M(1107M) 45.647ms
[6.169s][info][gc,cpu         ] GC(105) User=0.25s Sys=0.02s Real=0.04s
[6.196s][info][gc,start       ] GC(106) Pause Young (Allocation Failure)
[6.243s][info][gc,heap        ] GC(106) PSYoungGen: 96448K(126976K)->72896K(131072K) Eden: 24576K(24576K)->0K(26112K) From: 71872K(102400K)->72896K(104960K)
[6.243s][info][gc,heap        ] GC(106) ParOldGen: 965822K(1007104K)->989702K(1007104K)
[6.243s][info][gc,metaspace   ] GC(106) Metaspace: 6297K(6464K)->6297K(6464K) NonClass: 5764K(5824K)->5764K(5824K) Class: 533K(640K)->533K(640K)
[6.243s][info][gc             ] GC(106) Pause Young (Allocation Failure) 1037M->1037M(1111M) 47.736ms
[6.243s][info][gc,cpu         ] GC(106) User=0.25s Sys=0.02s Real=0.05s
[6.243s][info][gc,start       ] GC(107) Pause Full (Ergonomics)
[6.244s][info][gc,phases,start] GC(107) Marking Phase
[6.478s][info][gc,phases      ] GC(107) Marking Phase 234.070ms
[6.478s][info][gc,phases,start] GC(107) Summary Phase
[6.478s][info][gc,phases      ] GC(107) Summary Phase 0.032ms
[6.478s][info][gc,phases,start] GC(107) Adjust Roots
[6.478s][info][gc,phases      ] GC(107) Adjust Roots 0.151ms
[6.478s][info][gc,phases,start] GC(107) Compaction Phase
[6.590s][info][gc,phases      ] GC(107) Compaction Phase 111.776ms
[6.590s][info][gc,phases,start] GC(107) Post Compact
[6.592s][info][gc,phases      ] GC(107) Post Compact 2.162ms
[6.593s][info][gc,heap        ] GC(107) PSYoungGen: 72896K(131072K)->54215K(131072K) Eden: 0K(26112K)->0K(26112K) From: 72896K(104960K)->54215K(104960K)
[6.593s][info][gc,heap        ] GC(107) ParOldGen: 989702K(1007104K)->1006765K(1118208K)
[6.593s][info][gc,metaspace   ] GC(107) Metaspace: 6297K(6464K)->6297K(6464K) NonClass: 5764K(5824K)->5764K(5824K) Class: 533K(640K)->533K(640K)
[6.593s][info][gc             ] GC(107) Pause Full (Ergonomics) 1037M->1036M(1220M) 349.083ms
[6.593s][info][gc,cpu         ] GC(107) User=2.34s Sys=0.02s Real=0.35s
[6.624s][info][gc,start       ] GC(108) Pause Young (Allocation Failure)
[6.711s][info][gc,heap        ] GC(108) PSYoungGen: 80327K(131072K)->44896K(132608K) Eden: 26112K(26112K)->0K(26112K) From: 54215K(104960K)->44896K(106496K)
[6.711s][info][gc,heap        ] GC(108) ParOldGen: 1006765K(1118208K)->1042901K(1118208K)
[6.711s][info][gc,metaspace   ] GC(108) Metaspace: 6297K(6464K)->6297K(6464K) NonClass: 5764K(5824K)->5764K(5824K) Class: 533K(640K)->533K(640K)
[6.711s][info][gc             ] GC(108) Pause Young (Allocation Failure) 1061M->1062M(1221M) 86.811ms
[6.711s][info][gc,cpu         ] GC(108) User=0.52s Sys=0.00s Real=0.09s
[6.743s][info][gc,start       ] GC(109) Pause Young (Allocation Failure)
[6.780s][info][gc,heap        ] GC(109) PSYoungGen: 71008K(132608K)->52384K(123392K) Eden: 26112K(26112K)->0K(29184K) From: 44896K(106496K)->52384K(94208K)
[6.780s][info][gc,heap        ] GC(109) ParOldGen: 1042901K(1118208K)->1061725K(1118208K)
[6.780s][info][gc,metaspace   ] GC(109) Metaspace: 6297K(6464K)->6297K(6464K) NonClass: 5764K(5824K)->5764K(5824K) Class: 533K(640K)->533K(640K)
[6.780s][info][gc             ] GC(109) Pause Young (Allocation Failure) 1087M->1087M(1212M) 37.675ms
[6.780s][info][gc,cpu         ] GC(109) User=0.23s Sys=0.02s Real=0.04s
[6.814s][info][gc,start       ] GC(110) Pause Young (Allocation Failure)
[6.856s][info][gc,heap        ] GC(110) PSYoungGen: 81568K(123392K)->55488K(84992K) Eden: 29184K(29184K)->0K(29184K) From: 52384K(94208K)->55488K(55808K)
[6.856s][info][gc,heap        ] GC(110) ParOldGen: 1061725K(1118208K)->1088197K(1118208K)
[6.856s][info][gc,metaspace   ] GC(110) Metaspace: 6297K(6464K)->6297K(6464K) NonClass: 5764K(5824K)->5764K(5824K) Class: 533K(640K)->533K(640K)
[6.856s][info][gc             ] GC(110) Pause Young (Allocation Failure) 1116M->1116M(1175M) 42.151ms
[6.856s][info][gc,cpu         ] GC(110) User=0.23s Sys=0.03s Real=0.04s
[6.856s][info][gc,start       ] GC(111) Pause Full (Ergonomics)
[6.856s][info][gc,phases,start] GC(111) Marking Phase
[7.103s][info][gc,phases      ] GC(111) Marking Phase 247.247ms
[7.103s][info][gc,phases,start] GC(111) Summary Phase
[7.103s][info][gc,phases      ] GC(111) Summary Phase 0.033ms
[7.103s][info][gc,phases,start] GC(111) Adjust Roots
[7.103s][info][gc,phases      ] GC(111) Adjust Roots 0.161ms
[7.103s][info][gc,phases,start] GC(111) Compaction Phase
[7.202s][info][gc,phases      ] GC(111) Compaction Phase 98.723ms
[7.202s][info][gc,phases,start] GC(111) Post Compact
[7.204s][info][gc,phases      ] GC(111) Post Compact 1.985ms
[7.204s][info][gc,heap        ] GC(111) PSYoungGen: 55488K(84992K)->24575K(84992K) Eden: 0K(29184K)->0K(29184K) From: 55488K(55808K)->24575K(55808K)
[7.204s][info][gc,heap        ] GC(111) ParOldGen: 1088197K(1118208K)->1117715K(1160704K)
[7.204s][info][gc,metaspace   ] GC(111) Metaspace: 6297K(6464K)->6297K(6464K) NonClass: 5764K(5824K)->5764K(5824K) Class: 533K(640K)->533K(640K)
[7.204s][info][gc             ] GC(111) Pause Full (Ergonomics) 1116M->1115M(1216M) 348.616ms
[7.204s][info][gc,cpu         ] GC(111) User=2.52s Sys=0.02s Real=0.35s
[7.241s][info][gc,start       ] GC(112) Pause Full (Ergonomics)
[7.241s][info][gc,phases,start] GC(112) Marking Phase
[7.514s][info][gc,phases      ] GC(112) Marking Phase 272.663ms
[7.514s][info][gc,phases,start] GC(112) Summary Phase
[7.514s][info][gc,phases      ] GC(112) Summary Phase 0.033ms
[7.514s][info][gc,phases,start] GC(112) Adjust Roots
[7.514s][info][gc,phases      ] GC(112) Adjust Roots 0.158ms
[7.514s][info][gc,phases,start] GC(112) Compaction Phase
[7.596s][info][gc,phases      ] GC(112) Compaction Phase 81.835ms
[7.596s][info][gc,phases,start] GC(112) Post Compact
[7.598s][info][gc,phases      ] GC(112) Post Compact 1.919ms
[7.598s][info][gc,heap        ] GC(112) PSYoungGen: 53759K(84992K)->10751K(84992K) Eden: 29184K(29184K)->0K(29184K) From: 24575K(55808K)->10751K(55808K)
[7.598s][info][gc,heap        ] GC(112) ParOldGen: 1117715K(1160704K)->1160692K(1160704K)
[7.598s][info][gc,metaspace   ] GC(112) Metaspace: 6297K(6464K)->6297K(6464K) NonClass: 5764K(5824K)->5764K(5824K) Class: 533K(640K)->533K(640K)
[7.598s][info][gc             ] GC(112) Pause Full (Ergonomics) 1144M->1143M(1216M) 356.987ms
[7.598s][info][gc,cpu         ] GC(112) User=2.48s Sys=0.03s Real=0.36s
[7.636s][info][gc,start       ] GC(113) Pause Full (Ergonomics)
[7.636s][info][gc,phases,start] GC(113) Marking Phase
[7.911s][info][gc,phases      ] GC(113) Marking Phase 275.215ms
[7.912s][info][gc,phases,start] GC(113) Summary Phase
[7.912s][info][gc,phases      ] GC(113) Summary Phase 0.025ms
[7.912s][info][gc,phases,start] GC(113) Adjust Roots
[7.912s][info][gc,phases      ] GC(113) Adjust Roots 0.169ms
[7.912s][info][gc,phases,start] GC(113) Compaction Phase
[7.992s][info][gc,phases      ] GC(113) Compaction Phase 80.079ms
[7.992s][info][gc,phases,start] GC(113) Post Compact
[7.994s][info][gc,phases      ] GC(113) Post Compact 2.115ms
[7.994s][info][gc,heap        ] GC(113) PSYoungGen: 39935K(84992K)->39903K(84992K) Eden: 29184K(29184K)->29151K(29184K) From: 10751K(55808K)->10751K(55808K)
[7.994s][info][gc,heap        ] GC(113) ParOldGen: 1160692K(1160704K)->1160692K(1160704K)
[7.994s][info][gc,metaspace   ] GC(113) Metaspace: 6297K(6464K)->6297K(6464K) NonClass: 5764K(5824K)->5764K(5824K) Class: 533K(640K)->533K(640K)
[7.994s][info][gc             ] GC(113) Pause Full (Ergonomics) 1172M->1172M(1216M) 357.967ms
[7.994s][info][gc,cpu         ] GC(113) User=2.64s Sys=0.00s Real=0.36s
[7.994s][info][gc,start       ] GC(114) Pause Full (Ergonomics)
[7.994s][info][gc,phases,start] GC(114) Marking Phase
[8.271s][info][gc,phases      ] GC(114) Marking Phase 276.735ms
[8.271s][info][gc,phases,start] GC(114) Summary Phase
[8.271s][info][gc,phases      ] GC(114) Summary Phase 0.026ms
[8.271s][info][gc,phases,start] GC(114) Adjust Roots
[8.271s][info][gc,phases      ] GC(114) Adjust Roots 0.149ms
[8.271s][info][gc,phases,start] GC(114) Compaction Phase
[8.346s][info][gc,phases      ] GC(114) Compaction Phase 74.635ms
[8.346s][info][gc,phases,start] GC(114) Post Compact
[8.348s][info][gc,phases      ] GC(114) Post Compact 1.890ms
[8.348s][info][gc,heap        ] GC(114) PSYoungGen: 39935K(84992K)->39934K(84992K) Eden: 29184K(29184K)->29183K(29184K) From: 10751K(55808K)->10751K(55808K)
[8.348s][info][gc,heap        ] GC(114) ParOldGen: 1160692K(1160704K)->1160692K(1160704K)
[8.348s][info][gc,metaspace   ] GC(114) Metaspace: 6297K(6464K)->6297K(6464K) NonClass: 5764K(5824K)->5764K(5824K) Class: 533K(640K)->533K(640K)
[8.348s][info][gc             ] GC(114) Pause Full (Ergonomics) 1172M->1172M(1216M) 353.780ms
[8.348s][info][gc,cpu         ] GC(114) User=2.58s Sys=0.00s Real=0.35s
[8.348s][info][gc,start       ] GC(115) Pause Full (Ergonomics)
[8.348s][info][gc,phases,start] GC(115) Marking Phase
[8.614s][info][gc,phases      ] GC(115) Marking Phase 265.476ms
[8.614s][info][gc,phases,start] GC(115) Summary Phase
[8.614s][info][gc,phases      ] GC(115) Summary Phase 0.026ms
[8.614s][info][gc,phases,start] GC(115) Adjust Roots
[8.614s][info][gc,phases      ] GC(115) Adjust Roots 0.156ms
[8.614s][info][gc,phases,start] GC(115) Compaction Phase
[8.685s][info][gc,phases      ] GC(115) Compaction Phase 71.285ms
[8.685s][info][gc,phases,start] GC(115) Post Compact
[8.687s][info][gc,phases      ] GC(115) Post Compact 1.916ms
[8.688s][info][gc,heap        ] GC(115) PSYoungGen: 39935K(84992K)->39935K(84992K) Eden: 29183K(29184K)->29183K(29184K) From: 10751K(55808K)->10751K(55808K)
[8.688s][info][gc,heap        ] GC(115) ParOldGen: 1160692K(1160704K)->1160692K(1160704K)
[8.688s][info][gc,metaspace   ] GC(115) Metaspace: 6297K(6464K)->6297K(6464K) NonClass: 5764K(5824K)->5764K(5824K) Class: 533K(640K)->533K(640K)
[8.688s][info][gc             ] GC(115) Pause Full (Ergonomics) 1172M->1172M(1216M) 339.226ms
[8.688s][info][gc,cpu         ] GC(115) User=2.52s Sys=0.00s Real=0.34s
[8.688s][info][gc,start       ] GC(116) Pause Full (Ergonomics)
[8.688s][info][gc,phases,start] GC(116) Marking Phase
[8.950s][info][gc,phases      ] GC(116) Marking Phase 261.909ms
[8.950s][info][gc,phases,start] GC(116) Summary Phase
[8.950s][info][gc,phases      ] GC(116) Summary Phase 0.030ms
[8.950s][info][gc,phases,start] GC(116) Adjust Roots
[8.950s][info][gc,phases      ] GC(116) Adjust Roots 0.177ms
[8.950s][info][gc,phases,start] GC(116) Compaction Phase
[9.026s][info][gc,phases      ] GC(116) Compaction Phase 75.787ms
[9.026s][info][gc,phases,start] GC(116) Post Compact
[9.028s][info][gc,phases      ] GC(116) Post Compact 2.046ms
[9.028s][info][gc,heap        ] GC(116) PSYoungGen: 39935K(84992K)->39935K(84992K) Eden: 29183K(29184K)->29183K(29184K) From: 10751K(55808K)->10751K(55808K)
[9.028s][info][gc,heap        ] GC(116) ParOldGen: 1160697K(1160704K)->1160697K(1160704K)
[9.028s][info][gc,metaspace   ] GC(116) Metaspace: 6297K(6464K)->6297K(6464K) NonClass: 5764K(5824K)->5764K(5824K) Class: 533K(640K)->533K(640K)
[9.028s][info][gc             ] GC(116) Pause Full (Ergonomics) 1172M->1172M(1216M) 340.290ms
[9.028s][info][gc,cpu         ] GC(116) User=2.55s Sys=0.00s Real=0.34s
[9.028s][info][gc,start       ] GC(117) Pause Full (Ergonomics)
[9.028s][info][gc,phases,start] GC(117) Marking Phase
[9.295s][info][gc,phases      ] GC(117) Marking Phase 266.633ms
[9.295s][info][gc,phases,start] GC(117) Summary Phase
[9.295s][info][gc,phases      ] GC(117) Summary Phase 0.025ms
[9.295s][info][gc,phases,start] GC(117) Adjust Roots
[9.295s][info][gc,phases      ] GC(117) Adjust Roots 0.169ms
[9.295s][info][gc,phases,start] GC(117) Compaction Phase
[9.369s][info][gc,phases      ] GC(117) Compaction Phase 73.332ms
[9.369s][info][gc,phases,start] GC(117) Post Compact
[9.371s][info][gc,phases      ] GC(117) Post Compact 2.055ms
[9.371s][info][gc,heap        ] GC(117) PSYoungGen: 39935K(84992K)->39935K(84992K) Eden: 29183K(29184K)->29183K(29184K) From: 10751K(55808K)->10751K(55808K)
[9.371s][info][gc,heap        ] GC(117) ParOldGen: 1160702K(1160704K)->1160702K(1160704K)
[9.371s][info][gc,metaspace   ] GC(117) Metaspace: 6297K(6464K)->6297K(6464K) NonClass: 5764K(5824K)->5764K(5824K) Class: 533K(640K)->533K(640K)
[9.371s][info][gc             ] GC(117) Pause Full (Ergonomics) 1172M->1172M(1216M) 342.564ms
[9.371s][info][gc,cpu         ] GC(117) User=2.53s Sys=0.00s Real=0.34s
[9.371s][info][gc,start       ] GC(118) Pause Full (Ergonomics)
[9.371s][info][gc,phases,start] GC(118) Marking Phase
[9.629s][info][gc,phases      ] GC(118) Marking Phase 257.797ms
[9.629s][info][gc,phases,start] GC(118) Summary Phase
[9.629s][info][gc,phases      ] GC(118) Summary Phase 0.025ms
[9.629s][info][gc,phases,start] GC(118) Adjust Roots
[9.629s][info][gc,phases      ] GC(118) Adjust Roots 0.163ms
[9.629s][info][gc,phases,start] GC(118) Compaction Phase
[9.700s][info][gc,phases      ] GC(118) Compaction Phase 70.788ms
[9.700s][info][gc,phases,start] GC(118) Post Compact
[9.702s][info][gc,phases      ] GC(118) Post Compact 2.035ms
[9.702s][info][gc,heap        ] GC(118) PSYoungGen: 39935K(84992K)->39935K(84992K) Eden: 29183K(29184K)->29183K(29184K) From: 10751K(55808K)->10751K(55808K)
[9.702s][info][gc,heap        ] GC(118) ParOldGen: 1160703K(1160704K)->1160703K(1160704K)
[9.702s][info][gc,metaspace   ] GC(118) Metaspace: 6297K(6464K)->6297K(6464K) NonClass: 5764K(5824K)->5764K(5824K) Class: 533K(640K)->533K(640K)
[9.702s][info][gc             ] GC(118) Pause Full (Ergonomics) 1172M->1172M(1216M) 331.156ms
[9.702s][info][gc,cpu         ] GC(118) User=2.47s Sys=0.00s Real=0.33s
[9.702s][info][gc,start       ] GC(119) Pause Full (Allocation Failure)
[9.702s][info][gc,phases,start] GC(119) Marking Phase
[9.958s][info][gc,phases      ] GC(119) Marking Phase 256.075ms
[9.958s][info][gc,phases,start] GC(119) Summary Phase
[9.958s][info][gc,phases      ] GC(119) Summary Phase 0.028ms
[9.958s][info][gc,phases,start] GC(119) Adjust Roots
[9.959s][info][gc,phases      ] GC(119) Adjust Roots 0.453ms
[9.959s][info][gc,phases,start] GC(119) Compaction Phase
[10.252s][info][gc,phases      ] GC(119) Compaction Phase 292.783ms
[10.252s][info][gc,phases,start] GC(119) Post Compact
[10.254s][info][gc,phases      ] GC(119) Post Compact 2.201ms
[10.254s][info][gc,heap        ] GC(119) PSYoungGen: 39935K(84992K)->39935K(84992K) Eden: 29183K(29184K)->29183K(29184K) From: 10751K(55808K)->10751K(55808K)
[10.254s][info][gc,heap        ] GC(119) ParOldGen: 1160703K(1160704K)->1160699K(1160704K)
[10.254s][info][gc,metaspace   ] GC(119) Metaspace: 6297K(6464K)->6296K(6464K) NonClass: 5764K(5824K)->5763K(5824K) Class: 533K(640K)->532K(640K)
[10.254s][info][gc             ] GC(119) Pause Full (Allocation Failure) 1172M->1172M(1216M) 551.882ms
[10.254s][info][gc,cpu         ] GC(119) User=3.97s Sys=0.00s Real=0.55s
[10.255s][info][gc,start       ] GC(120) Pause Full (Ergonomics)
[10.255s][info][gc,phases,start] GC(120) Marking Phase
[10.519s][info][gc,phases      ] GC(120) Marking Phase 264.301ms
[10.519s][info][gc,phases,start] GC(120) Summary Phase
[10.519s][info][gc,phases      ] GC(120) Summary Phase 0.025ms
[10.519s][info][gc,phases,start] GC(120) Adjust Roots
[10.519s][info][gc,phases      ] GC(120) Adjust Roots 0.149ms
[10.519s][info][gc,phases,start] GC(120) Compaction Phase
[10.593s][info][gc,phases      ] GC(120) Compaction Phase 74.077ms
[10.593s][info][gc,phases,start] GC(120) Post Compact
[10.596s][info][gc,phases      ] GC(120) Post Compact 2.121ms
[10.596s][info][gc,heap        ] GC(120) PSYoungGen: 39935K(84992K)->39935K(84992K) Eden: 29183K(29184K)->29183K(29184K) From: 10751K(55808K)->10751K(55808K)
[10.596s][info][gc,heap        ] GC(120) ParOldGen: 1160702K(1160704K)->1160702K(1160704K)
[10.596s][info][gc,metaspace   ] GC(120) Metaspace: 6296K(6464K)->6296K(6464K) NonClass: 5763K(5824K)->5763K(5824K) Class: 532K(640K)->532K(640K)
[10.596s][info][gc             ] GC(120) Pause Full (Ergonomics) 1172M->1172M(1216M) 341.023ms
[10.596s][info][gc,cpu         ] GC(120) User=2.53s Sys=0.00s Real=0.34s
[10.596s][info][gc,start       ] GC(121) Pause Full (Ergonomics)
[10.596s][info][gc,phases,start] GC(121) Marking Phase
[10.870s][info][gc,phases      ] GC(121) Marking Phase 273.762ms
[10.870s][info][gc,phases,start] GC(121) Summary Phase
[10.870s][info][gc,phases      ] GC(121) Summary Phase 0.040ms
[10.870s][info][gc,phases,start] GC(121) Adjust Roots
[10.870s][info][gc,phases      ] GC(121) Adjust Roots 0.231ms
[10.870s][info][gc,phases,start] GC(121) Compaction Phase
[10.946s][info][gc,phases      ] GC(121) Compaction Phase 75.114ms
[10.946s][info][gc,phases,start] GC(121) Post Compact
[10.948s][info][gc,phases      ] GC(121) Post Compact 2.063ms
[10.948s][info][gc,heap        ] GC(121) PSYoungGen: 39935K(84992K)->39935K(84992K) Eden: 29183K(29184K)->29183K(29184K) From: 10751K(55808K)->10751K(55808K)
[10.948s][info][gc,heap        ] GC(121) ParOldGen: 1160703K(1160704K)->1160703K(1160704K)
[10.948s][info][gc,metaspace   ] GC(121) Metaspace: 6296K(6464K)->6296K(6464K) NonClass: 5763K(5824K)->5763K(5824K) Class: 532K(640K)->532K(640K)
[10.948s][info][gc             ] GC(121) Pause Full (Ergonomics) 1172M->1172M(1216M) 351.583ms
[10.948s][info][gc,cpu         ] GC(121) User=2.66s Sys=0.00s Real=0.35s
[10.948s][info][gc,start       ] GC(122) Pause Full (Allocation Failure)
[10.948s][info][gc,phases,start] GC(122) Marking Phase
[11.221s][info][gc,phases      ] GC(122) Marking Phase 273.443ms
[11.221s][info][gc,phases,start] GC(122) Summary Phase
[11.221s][info][gc,phases      ] GC(122) Summary Phase 0.026ms
[11.221s][info][gc,phases,start] GC(122) Adjust Roots
[11.222s][info][gc,phases      ] GC(122) Adjust Roots 0.167ms
[11.222s][info][gc,phases,start] GC(122) Compaction Phase
[11.295s][info][gc,phases      ] GC(122) Compaction Phase 73.226ms
[11.295s][info][gc,phases,start] GC(122) Post Compact
[11.297s][info][gc,phases      ] GC(122) Post Compact 1.995ms
[11.297s][info][gc,heap        ] GC(122) PSYoungGen: 39935K(84992K)->39935K(84992K) Eden: 29183K(29184K)->29183K(29184K) From: 10751K(55808K)->10751K(55808K)
[11.297s][info][gc,heap        ] GC(122) ParOldGen: 1160703K(1160704K)->1160703K(1160704K)
[11.297s][info][gc,metaspace   ] GC(122) Metaspace: 6296K(6464K)->6296K(6464K) NonClass: 5763K(5824K)->5763K(5824K) Class: 532K(640K)->532K(640K)
[11.297s][info][gc             ] GC(122) Pause Full (Allocation Failure) 1172M->1172M(1216M) 349.193ms
[11.297s][info][gc,cpu         ] GC(122) User=2.64s Sys=0.00s Real=0.35s
[11.298s][info][gc,start       ] GC(123) Pause Full (Ergonomics)
[11.298s][info][gc,phases,start] GC(123) Marking Phase
[11.573s][info][gc,phases      ] GC(123) Marking Phase 275.343ms
[11.573s][info][gc,phases,start] GC(123) Summary Phase
[11.573s][info][gc,phases      ] GC(123) Summary Phase 0.031ms
[11.573s][info][gc,phases,start] GC(123) Adjust Roots
[11.573s][info][gc,phases      ] GC(123) Adjust Roots 0.226ms
[11.573s][info][gc,phases,start] GC(123) Compaction Phase
[11.874s][info][gc,phases      ] GC(123) Compaction Phase 300.610ms
[11.874s][info][gc,phases,start] GC(123) Post Compact
[11.877s][info][gc,phases      ] GC(123) Post Compact 2.516ms
[11.877s][info][gc,heap        ] GC(123) PSYoungGen: 39935K(84992K)->39935K(84992K) Eden: 29184K(29184K)->29184K(29184K) From: 10751K(55808K)->10751K(55808K)
[11.877s][info][gc,heap        ] GC(123) ParOldGen: 1160704K(1160704K)->1160702K(1160704K)
[11.877s][info][gc,metaspace   ] GC(123) Metaspace: 6296K(6464K)->6296K(6464K) NonClass: 5763K(5824K)->5763K(5824K) Class: 532K(640K)->532K(640K)
[11.877s][info][gc             ] GC(123) Pause Full (Ergonomics) 1172M->1172M(1216M) 579.120ms
[11.877s][info][gc,cpu         ] GC(123) User=4.28s Sys=0.00s Real=0.58s
[11.878s][info][gc,start       ] GC(124) Pause Full (Ergonomics)
[11.878s][info][gc,phases,start] GC(124) Marking Phase
[12.142s][info][gc,phases      ] GC(124) Marking Phase 264.093ms
[12.142s][info][gc,phases,start] GC(124) Summary Phase
[12.142s][info][gc,phases      ] GC(124) Summary Phase 0.026ms
[12.142s][info][gc,phases,start] GC(124) Adjust Roots
[12.142s][info][gc,phases      ] GC(124) Adjust Roots 0.234ms
[12.142s][info][gc,phases,start] GC(124) Compaction Phase
[12.438s][info][gc,phases      ] GC(124) Compaction Phase 295.987ms
[12.438s][info][gc,phases,start] GC(124) Post Compact
[12.441s][info][gc,phases      ] GC(124) Post Compact 2.227ms
[12.441s][info][gc,heap        ] GC(124) PSYoungGen: 39935K(84992K)->39935K(84992K) Eden: 29184K(29184K)->29184K(29184K) From: 10751K(55808K)->10751K(55808K)
[12.441s][info][gc,heap        ] GC(124) ParOldGen: 1160703K(1160704K)->1160701K(1160704K)
[12.441s][info][gc,metaspace   ] GC(124) Metaspace: 6297K(6464K)->6297K(6464K) NonClass: 5763K(5824K)->5763K(5824K) Class: 533K(640K)->533K(640K)
[12.441s][info][gc             ] GC(124) Pause Full (Ergonomics) 1172M->1172M(1216M) 562.954ms
[12.441s][info][gc,cpu         ] GC(124) User=4.17s Sys=0.00s Real=0.56s
[12.441s][info][gc,heap,exit   ] Heap
[12.441s][info][gc,heap,exit   ]  PSYoungGen      total 84992K, used 39935K [0x00000000dc980000, 0x00000000ea280000, 0x0000000100000000)
[12.441s][info][gc,heap,exit   ]   eden space 29184K, 100% used [0x00000000dc980000,0x00000000de600000,0x00000000de600000)
[12.441s][info][gc,heap,exit   ]   from space 55808K, 19% used [0x00000000de600000,0x00000000df07fdc0,0x00000000e1c80000)
[12.441s][info][gc,heap,exit   ]   to   space 94720K, 0% used [0x00000000e4600000,0x00000000e4600000,0x00000000ea280000)
[12.441s][info][gc,heap,exit   ]  ParOldGen       total 1160704K, used 1160701K [0x0000000095c00000, 0x00000000dc980000, 0x00000000dc980000)
[12.441s][info][gc,heap,exit   ]   object space 1160704K, 99% used [0x0000000095c00000,0x00000000dc97f778,0x00000000dc980000)
[12.442s][info][gc,heap,exit   ]  Metaspace       used 6300K, committed 6464K, reserved 1114112K
[12.442s][info][gc,heap,exit   ]   class space    used 534K, committed 640K, reserved 1048576K
