[0.014s][info][gc,init] CardTable entry size: 512
[0.014s][info][gc     ] Using Parallel
[0.016s][info][gc,init] Version: 18.0.1+10 (release)
[0.016s][info][gc,init] CPUs: 8 total, 8 available
[0.016s][info][gc,init] Memory: 16063M
[0.016s][info][gc,init] Large Page Support: Disabled
[0.016s][info][gc,init] NUMA Support: Disabled
[0.016s][info][gc,init] Compressed Oops: Enabled (Zero based)
[0.016s][info][gc,init] Alignments: Space 512K, Generation 512K, Heap 2M
[0.016s][info][gc,init] Heap Min Capacity: 2M
[0.016s][info][gc,init] Heap Initial Capacity: 2M
[0.016s][info][gc,init] Heap Max Capacity: 13500M
[0.016s][info][gc,init] Pre-touch: Disabled
[0.016s][info][gc,init] Parallel Workers: 8
[0.016s][info][gc,metaspace] CDS archive(s) not mapped
[0.016s][info][gc,metaspace] Compressed class space mapped at: 0x0000000800000000-0x0000000840000000, reserved size: 1073741824
[0.017s][info][gc,metaspace] Narrow klass base: 0x0000000800000000, Narrow klass shift: 0, Narrow klass range: 0x40000000
[0.132s][info][gc,start    ] GC(0) Pause Young (Allocation Failure)
[0.134s][info][gc,heap     ] GC(0) PSYoungGen: 512K(1024K)->480K(1024K) Eden: 512K(512K)->0K(512K) From: 0K(512K)->480K(512K)
[0.134s][info][gc,heap     ] GC(0) ParOldGen: 0K(512K)->8K(512K)
[0.134s][info][gc,metaspace] GC(0) Metaspace: 4229K(4352K)->4229K(4352K) NonClass: 3908K(3968K)->3908K(3968K) Class: 321K(384K)->321K(384K)
[0.134s][info][gc          ] GC(0) Pause Young (Allocation Failure) 0M->0M(1M) 1.698ms
[0.134s][info][gc,cpu      ] GC(0) User=0.00s Sys=0.00s Real=0.00s
[0.213s][info][gc,start    ] GC(1) Pause Young (Allocation Failure)
[0.214s][info][gc,heap     ] GC(1) PSYoungGen: 991K(1024K)->512K(1536K) Eden: 511K(512K)->0K(1024K) From: 480K(512K)->512K(512K)
[0.214s][info][gc,heap     ] GC(1) ParOldGen: 8K(512K)->88K(512K)
[0.214s][info][gc,metaspace] GC(1) Metaspace: 5882K(6016K)->5882K(6016K) NonClass: 5385K(5504K)->5385K(5504K) Class: 496K(512K)->496K(512K)
[0.215s][info][gc          ] GC(1) Pause Young (Allocation Failure) 0M->0M(2M) 1.264ms
[0.215s][info][gc,cpu      ] GC(1) User=0.00s Sys=0.00s Real=0.00s
[0.240s][info][gc,start    ] GC(2) Pause Young (Allocation Failure)
[0.241s][info][gc,heap     ] GC(2) PSYoungGen: 1536K(1536K)->512K(1536K) Eden: 1024K(1024K)->0K(1024K) From: 512K(512K)->512K(512K)
[0.241s][info][gc,heap     ] GC(2) ParOldGen: 88K(512K)->504K(512K)
[0.241s][info][gc,metaspace] GC(2) Metaspace: 6302K(6528K)->6302K(6528K) NonClass: 5768K(5888K)->5768K(5888K) Class: 533K(640K)->533K(640K)
[0.241s][info][gc          ] GC(2) Pause Young (Allocation Failure) 1M->0M(2M) 1.426ms
[0.241s][info][gc,cpu      ] GC(2) User=0.00s Sys=0.00s Real=0.00s
[0.241s][info][gc,start    ] GC(3) Pause Full (Ergonomics)
[0.241s][info][gc,phases,start] GC(3) Marking Phase
[0.243s][info][gc,phases      ] GC(3) Marking Phase 1.171ms
[0.243s][info][gc,phases,start] GC(3) Summary Phase
[0.243s][info][gc,phases      ] GC(3) Summary Phase 0.017ms
[0.243s][info][gc,phases,start] GC(3) Adjust Roots
[0.243s][info][gc,phases      ] GC(3) Adjust Roots 0.479ms
[0.243s][info][gc,phases,start] GC(3) Compaction Phase
[0.245s][info][gc,phases      ] GC(3) Compaction Phase 1.970ms
[0.245s][info][gc,phases,start] GC(3) Post Compact
[0.245s][info][gc,phases      ] GC(3) Post Compact 0.092ms
[0.245s][info][gc,heap        ] GC(3) PSYoungGen: 512K(1536K)->498K(1536K) Eden: 0K(1024K)->0K(1024K) From: 512K(512K)->498K(512K)
[0.245s][info][gc,heap        ] GC(3) ParOldGen: 504K(512K)->482K(2048K)
[0.245s][info][gc,metaspace   ] GC(3) Metaspace: 6302K(6528K)->6302K(6528K) NonClass: 5768K(5888K)->5768K(5888K) Class: 533K(640K)->533K(640K)
[0.245s][info][gc             ] GC(3) Pause Full (Ergonomics) 0M->0M(3M) 4.044ms
[0.245s][info][gc,cpu         ] GC(3) User=0.00s Sys=0.00s Real=0.00s
[0.248s][info][gc,start       ] GC(4) Pause Young (Allocation Failure)
[0.249s][info][gc,heap        ] GC(4) PSYoungGen: 1522K(1536K)->480K(2560K) Eden: 1024K(1024K)->0K(2048K) From: 498K(512K)->480K(512K)
[0.249s][info][gc,heap        ] GC(4) ParOldGen: 482K(2048K)->1039K(2048K)
[0.249s][info][gc,metaspace   ] GC(4) Metaspace: 6302K(6528K)->6302K(6528K) NonClass: 5768K(5888K)->5768K(5888K) Class: 533K(640K)->533K(640K)
[0.249s][info][gc             ] GC(4) Pause Young (Allocation Failure) 1M->1M(4M) 1.757ms
[0.250s][info][gc,cpu         ] GC(4) User=0.00s Sys=0.00s Real=0.00s
[0.254s][info][gc,start       ] GC(5) Pause Young (Allocation Failure)
[0.256s][info][gc,heap        ] GC(5) PSYoungGen: 2528K(2560K)->480K(2560K) Eden: 2048K(2048K)->0K(2048K) From: 480K(512K)->480K(512K)
[0.256s][info][gc,heap        ] GC(5) ParOldGen: 1039K(2048K)->2103K(2560K)
[0.256s][info][gc,metaspace   ] GC(5) Metaspace: 6302K(6528K)->6302K(6528K) NonClass: 5768K(5888K)->5768K(5888K) Class: 533K(640K)->533K(640K)
[0.256s][info][gc             ] GC(5) Pause Young (Allocation Failure) 3M->2M(5M) 2.221ms
[0.256s][info][gc,cpu         ] GC(5) User=0.00s Sys=0.00s Real=0.00s
[0.256s][info][gc,start       ] GC(6) Pause Full (Ergonomics)
[0.256s][info][gc,phases,start] GC(6) Marking Phase
[0.258s][info][gc,phases      ] GC(6) Marking Phase 1.646ms
[0.258s][info][gc,phases,start] GC(6) Summary Phase
[0.258s][info][gc,phases      ] GC(6) Summary Phase 0.019ms
[0.258s][info][gc,phases,start] GC(6) Adjust Roots
[0.258s][info][gc,phases      ] GC(6) Adjust Roots 0.452ms
[0.258s][info][gc,phases,start] GC(6) Compaction Phase
[0.262s][info][gc,phases      ] GC(6) Compaction Phase 3.407ms
[0.262s][info][gc,phases,start] GC(6) Post Compact
[0.262s][info][gc,phases      ] GC(6) Post Compact 0.033ms
[0.262s][info][gc,heap        ] GC(6) PSYoungGen: 480K(2560K)->0K(4096K) Eden: 0K(2048K)->0K(3072K) From: 480K(512K)->0K(1024K)
[0.262s][info][gc,heap        ] GC(6) ParOldGen: 2103K(2560K)->2542K(6144K)
[0.262s][info][gc,metaspace   ] GC(6) Metaspace: 6302K(6528K)->6302K(6528K) NonClass: 5768K(5888K)->5768K(5888K) Class: 533K(640K)->533K(640K)
[0.262s][info][gc             ] GC(6) Pause Full (Ergonomics) 2M->2M(10M) 5.979ms
[0.262s][info][gc,cpu         ] GC(6) User=0.00s Sys=0.00s Real=0.01s
[0.268s][info][gc,start       ] GC(7) Pause Young (Allocation Failure)
[0.270s][info][gc,heap        ] GC(7) PSYoungGen: 3072K(4096K)->1696K(5120K) Eden: 3072K(3072K)->0K(3072K) From: 0K(1024K)->1696K(2048K)
[0.270s][info][gc,heap        ] GC(7) ParOldGen: 2542K(6144K)->2542K(6144K)
[0.270s][info][gc,metaspace   ] GC(7) Metaspace: 6302K(6528K)->6302K(6528K) NonClass: 5768K(5888K)->5768K(5888K) Class: 533K(640K)->533K(640K)
[0.270s][info][gc             ] GC(7) Pause Young (Allocation Failure) 5M->4M(11M) 2.019ms
[0.270s][info][gc,cpu         ] GC(7) User=0.00s Sys=0.00s Real=0.00s
[0.275s][info][gc,start       ] GC(8) Pause Young (Allocation Failure)
[0.278s][info][gc,heap        ] GC(8) PSYoungGen: 4768K(5120K)->2016K(5632K) Eden: 3072K(3072K)->0K(3584K) From: 1696K(2048K)->2016K(2048K)
[0.278s][info][gc,heap        ] GC(8) ParOldGen: 2542K(6144K)->3774K(6144K)
[0.278s][info][gc,metaspace   ] GC(8) Metaspace: 6302K(6528K)->6302K(6528K) NonClass: 5768K(5888K)->5768K(5888K) Class: 533K(640K)->533K(640K)
[0.278s][info][gc             ] GC(8) Pause Young (Allocation Failure) 7M->5M(11M) 2.987ms
[0.278s][info][gc,cpu         ] GC(8) User=0.00s Sys=0.00s Real=0.00s
[0.284s][info][gc,start       ] GC(9) Pause Young (Allocation Failure)
[0.288s][info][gc,heap        ] GC(9) PSYoungGen: 5600K(5632K)->3040K(6656K) Eden: 3584K(3584K)->0K(3584K) From: 2016K(2048K)->3040K(3072K)
[0.288s][info][gc,heap        ] GC(9) ParOldGen: 3774K(6144K)->4614K(6144K)
[0.288s][info][gc,metaspace   ] GC(9) Metaspace: 6302K(6528K)->6302K(6528K) NonClass: 5768K(5888K)->5768K(5888K) Class: 533K(640K)->533K(640K)
[0.288s][info][gc             ] GC(9) Pause Young (Allocation Failure) 9M->7M(12M) 4.112ms
[0.288s][info][gc,cpu         ] GC(9) User=0.00s Sys=0.00s Real=0.00s
[0.292s][info][gc,start       ] GC(10) Pause Young (Allocation Failure)
[0.298s][info][gc,heap        ] GC(10) PSYoungGen: 6624K(6656K)->4064K(8704K) Eden: 3584K(3584K)->0K(4608K) From: 3040K(3072K)->4064K(4096K)
[0.298s][info][gc,heap        ] GC(10) ParOldGen: 4614K(6144K)->5454K(6144K)
[0.298s][info][gc,metaspace   ] GC(10) Metaspace: 6302K(6528K)->6302K(6528K) NonClass: 5768K(5888K)->5768K(5888K) Class: 533K(640K)->533K(640K)
[0.298s][info][gc             ] GC(10) Pause Young (Allocation Failure) 10M->9M(14M) 5.695ms
[0.298s][info][gc,cpu         ] GC(10) User=0.00s Sys=0.00s Real=0.01s
[0.298s][info][gc,start       ] GC(11) Pause Full (Ergonomics)
[0.298s][info][gc,phases,start] GC(11) Marking Phase
[0.305s][info][gc,phases      ] GC(11) Marking Phase 6.631ms
[0.305s][info][gc,phases,start] GC(11) Summary Phase
[0.305s][info][gc,phases      ] GC(11) Summary Phase 0.024ms
[0.305s][info][gc,phases,start] GC(11) Adjust Roots
[0.305s][info][gc,phases      ] GC(11) Adjust Roots 0.478ms
[0.305s][info][gc,phases,start] GC(11) Compaction Phase
[0.313s][info][gc,phases      ] GC(11) Compaction Phase 7.114ms
[0.313s][info][gc,phases,start] GC(11) Post Compact
[0.313s][info][gc,phases      ] GC(11) Post Compact 0.052ms
[0.313s][info][gc,heap        ] GC(11) PSYoungGen: 4064K(8704K)->3545K(8704K) Eden: 0K(4608K)->0K(4608K) From: 4064K(4096K)->3545K(4096K)
[0.313s][info][gc,heap        ] GC(11) ParOldGen: 5454K(6144K)->5831K(10752K)
[0.313s][info][gc,metaspace   ] GC(11) Metaspace: 6302K(6528K)->6302K(6528K) NonClass: 5768K(5888K)->5768K(5888K) Class: 533K(640K)->533K(640K)
[0.313s][info][gc             ] GC(11) Pause Full (Ergonomics) 9M->9M(19M) 14.693ms
[0.313s][info][gc,cpu         ] GC(11) User=0.00s Sys=0.00s Real=0.02s
[0.318s][info][gc,start       ] GC(12) Pause Young (Allocation Failure)
[0.323s][info][gc,heap        ] GC(12) PSYoungGen: 8013K(8704K)->5088K(9728K) Eden: 4468K(4608K)->0K(4608K) From: 3545K(4096K)->5088K(5120K)
[0.323s][info][gc,heap        ] GC(12) ParOldGen: 5831K(10752K)->6615K(10752K)
[0.323s][info][gc,metaspace   ] GC(12) Metaspace: 6302K(6528K)->6302K(6528K) NonClass: 5768K(5888K)->5768K(5888K) Class: 533K(640K)->533K(640K)
[0.323s][info][gc             ] GC(12) Pause Young (Allocation Failure) 13M->11M(20M) 4.796ms
[0.323s][info][gc,cpu         ] GC(12) User=0.00s Sys=0.00s Real=0.00s
[0.329s][info][gc,start       ] GC(13) Pause Young (Allocation Failure)
[0.335s][info][gc,heap        ] GC(13) PSYoungGen: 9696K(9728K)->6112K(11264K) Eden: 4608K(4608K)->0K(5120K) From: 5088K(5120K)->6112K(6144K)
[0.336s][info][gc,heap        ] GC(13) ParOldGen: 6615K(10752K)->7991K(10752K)
[0.336s][info][gc,metaspace   ] GC(13) Metaspace: 6302K(6528K)->6302K(6528K) NonClass: 5768K(5888K)->5768K(5888K) Class: 533K(640K)->533K(640K)
[0.336s][info][gc             ] GC(13) Pause Young (Allocation Failure) 15M->13M(21M) 6.603ms
[0.336s][info][gc,cpu         ] GC(13) User=0.00s Sys=0.00s Real=0.01s
[0.340s][info][gc,start       ] GC(14) Pause Young (Allocation Failure)
[0.346s][info][gc,heap        ] GC(14) PSYoungGen: 11232K(11264K)->5248K(12800K) Eden: 5120K(5120K)->0K(5120K) From: 6112K(6144K)->5248K(7680K)
[0.346s][info][gc,heap        ] GC(14) ParOldGen: 7991K(10752K)->11575K(11776K)
[0.346s][info][gc,metaspace   ] GC(14) Metaspace: 6303K(6528K)->6303K(6528K) NonClass: 5770K(5888K)->5770K(5888K) Class: 533K(640K)->533K(640K)
[0.346s][info][gc             ] GC(14) Pause Young (Allocation Failure) 18M->16M(24M) 5.866ms
[0.346s][info][gc,cpu         ] GC(14) User=0.00s Sys=0.00s Real=0.01s
[0.346s][info][gc,start       ] GC(15) Pause Full (Ergonomics)
[0.346s][info][gc,phases,start] GC(15) Marking Phase
[0.354s][info][gc,phases      ] GC(15) Marking Phase 8.152ms
[0.354s][info][gc,phases,start] GC(15) Summary Phase
[0.354s][info][gc,phases      ] GC(15) Summary Phase 0.017ms
[0.354s][info][gc,phases,start] GC(15) Adjust Roots
[0.354s][info][gc,phases      ] GC(15) Adjust Roots 0.220ms
[0.354s][info][gc,phases,start] GC(15) Compaction Phase
[0.362s][info][gc,phases      ] GC(15) Compaction Phase 7.783ms
[0.362s][info][gc,phases,start] GC(15) Post Compact
[0.362s][info][gc,phases      ] GC(15) Post Compact 0.101ms
[0.362s][info][gc,heap        ] GC(15) PSYoungGen: 5248K(12800K)->5192K(12800K) Eden: 0K(5120K)->0K(5120K) From: 5248K(7680K)->5192K(7680K)
[0.362s][info][gc,heap        ] GC(15) ParOldGen: 11575K(11776K)->11458K(18432K)
[0.362s][info][gc,metaspace   ] GC(15) Metaspace: 6303K(6528K)->6303K(6528K) NonClass: 5770K(5888K)->5770K(5888K) Class: 533K(640K)->533K(640K)
[0.362s][info][gc             ] GC(15) Pause Full (Ergonomics) 16M->16M(30M) 16.639ms
[0.362s][info][gc,cpu         ] GC(15) User=0.00s Sys=0.00s Real=0.02s
[0.366s][info][gc,start       ] GC(16) Pause Young (Allocation Failure)
[0.372s][info][gc,heap        ] GC(16) PSYoungGen: 10312K(12800K)->2656K(14336K) Eden: 5120K(5120K)->0K(7168K) From: 5192K(7680K)->2656K(7168K)
[0.373s][info][gc,heap        ] GC(16) ParOldGen: 11458K(18432K)->16730K(18432K)
[0.373s][info][gc,metaspace   ] GC(16) Metaspace: 6303K(6528K)->6303K(6528K) NonClass: 5770K(5888K)->5770K(5888K) Class: 533K(640K)->533K(640K)
[0.373s][info][gc             ] GC(16) Pause Young (Allocation Failure) 21M->18M(32M) 6.783ms
[0.373s][info][gc,cpu         ] GC(16) User=0.02s Sys=0.00s Real=0.01s
[0.373s][info][gc,start       ] GC(17) Pause Full (Ergonomics)
[0.373s][info][gc,phases,start] GC(17) Marking Phase
[0.381s][info][gc,phases      ] GC(17) Marking Phase 8.462ms
[0.381s][info][gc,phases,start] GC(17) Summary Phase
[0.381s][info][gc,phases      ] GC(17) Summary Phase 0.017ms
[0.381s][info][gc,phases,start] GC(17) Adjust Roots
[0.381s][info][gc,phases      ] GC(17) Adjust Roots 0.185ms
[0.381s][info][gc,phases,start] GC(17) Compaction Phase
[0.388s][info][gc,phases      ] GC(17) Compaction Phase 6.282ms
[0.388s][info][gc,phases,start] GC(17) Post Compact
[0.388s][info][gc,phases      ] GC(17) Post Compact 0.077ms
[0.388s][info][gc,heap        ] GC(17) PSYoungGen: 2656K(14336K)->1105K(14848K) Eden: 0K(7168K)->0K(7680K) From: 2656K(7168K)->1105K(7168K)
[0.388s][info][gc,heap        ] GC(17) ParOldGen: 16730K(18432K)->18183K(27648K)
[0.388s][info][gc,metaspace   ] GC(17) Metaspace: 6303K(6528K)->6303K(6528K) NonClass: 5770K(5888K)->5770K(5888K) Class: 533K(640K)->533K(640K)
[0.388s][info][gc             ] GC(17) Pause Full (Ergonomics) 18M->18M(41M) 15.338ms
[0.388s][info][gc,cpu         ] GC(17) User=0.00s Sys=0.00s Real=0.02s
[0.392s][info][gc,start       ] GC(18) Pause Young (Allocation Failure)
[0.397s][info][gc,heap        ] GC(18) PSYoungGen: 7799K(14848K)->3424K(15360K) Eden: 6694K(7680K)->0K(7680K) From: 1105K(7168K)->3424K(7680K)
[0.397s][info][gc,heap        ] GC(18) ParOldGen: 18183K(27648K)->19319K(27648K)
[0.397s][info][gc,metaspace   ] GC(18) Metaspace: 6303K(6528K)->6303K(6528K) NonClass: 5770K(5888K)->5770K(5888K) Class: 533K(640K)->533K(640K)
[0.397s][info][gc             ] GC(18) Pause Young (Allocation Failure) 25M->22M(42M) 5.009ms
[0.397s][info][gc,cpu         ] GC(18) User=0.00s Sys=0.00s Real=0.01s
[0.404s][info][gc,start       ] GC(19) Pause Young (Allocation Failure)
[0.412s][info][gc,heap        ] GC(19) PSYoungGen: 11103K(15360K)->4512K(17920K) Eden: 7679K(7680K)->0K(10240K) From: 3424K(7680K)->4512K(7680K)
[0.412s][info][gc,heap        ] GC(19) ParOldGen: 19319K(27648K)->22767K(27648K)
[0.412s][info][gc,metaspace   ] GC(19) Metaspace: 6303K(6528K)->6303K(6528K) NonClass: 5770K(5888K)->5770K(5888K) Class: 533K(640K)->533K(640K)
[0.412s][info][gc             ] GC(19) Pause Young (Allocation Failure) 29M->26M(44M) 7.387ms
[0.412s][info][gc,cpu         ] GC(19) User=0.00s Sys=0.00s Real=0.01s
[0.418s][info][gc,start       ] GC(20) Pause Young (Allocation Failure)
[0.425s][info][gc,heap        ] GC(20) PSYoungGen: 14752K(17920K)->5344K(17920K) Eden: 10240K(10240K)->0K(10240K) From: 4512K(7680K)->5344K(7680K)
[0.425s][info][gc,heap        ] GC(20) ParOldGen: 22767K(27648K)->27295K(27648K)
[0.425s][info][gc,metaspace   ] GC(20) Metaspace: 6303K(6528K)->6303K(6528K) NonClass: 5770K(5888K)->5770K(5888K) Class: 533K(640K)->533K(640K)
[0.425s][info][gc             ] GC(20) Pause Young (Allocation Failure) 36M->31M(44M) 7.268ms
[0.425s][info][gc,cpu         ] GC(20) User=0.00s Sys=0.00s Real=0.01s
[0.425s][info][gc,start       ] GC(21) Pause Full (Ergonomics)
[0.425s][info][gc,phases,start] GC(21) Marking Phase
[0.438s][info][gc,phases      ] GC(21) Marking Phase 13.012ms
[0.438s][info][gc,phases,start] GC(21) Summary Phase
[0.438s][info][gc,phases      ] GC(21) Summary Phase 0.015ms
[0.438s][info][gc,phases,start] GC(21) Adjust Roots
[0.438s][info][gc,phases      ] GC(21) Adjust Roots 0.155ms
[0.438s][info][gc,phases,start] GC(21) Compaction Phase
[0.450s][info][gc,phases      ] GC(21) Compaction Phase 11.695ms
[0.450s][info][gc,phases,start] GC(21) Post Compact
[0.450s][info][gc,phases      ] GC(21) Post Compact 0.124ms
[0.451s][info][gc,heap        ] GC(21) PSYoungGen: 5344K(17920K)->4779K(17920K) Eden: 0K(10240K)->0K(10240K) From: 5344K(7680K)->4779K(7680K)
[0.451s][info][gc,heap        ] GC(21) ParOldGen: 27295K(27648K)->27140K(38912K)
[0.451s][info][gc,metaspace   ] GC(21) Metaspace: 6303K(6528K)->6303K(6528K) NonClass: 5770K(5888K)->5770K(5888K) Class: 533K(640K)->533K(640K)
[0.451s][info][gc             ] GC(21) Pause Full (Ergonomics) 31M->31M(55M) 25.502ms
[0.451s][info][gc,cpu         ] GC(21) User=0.02s Sys=0.00s Real=0.03s
[0.460s][info][gc,start       ] GC(22) Pause Young (Allocation Failure)
[0.472s][info][gc,heap        ] GC(22) PSYoungGen: 15019K(17920K)->8192K(17920K) Eden: 10240K(10240K)->0K(9728K) From: 4779K(7680K)->8192K(8192K)
[0.472s][info][gc,heap        ] GC(22) ParOldGen: 27140K(38912K)->32972K(38912K)
[0.472s][info][gc,metaspace   ] GC(22) Metaspace: 6303K(6528K)->6303K(6528K) NonClass: 5770K(5888K)->5770K(5888K) Class: 533K(640K)->533K(640K)
[0.472s][info][gc             ] GC(22) Pause Young (Allocation Failure) 41M->40M(55M) 11.888ms
[0.472s][info][gc,cpu         ] GC(22) User=0.00s Sys=0.00s Real=0.01s
[0.472s][info][gc,start       ] GC(23) Pause Full (Ergonomics)
[0.472s][info][gc,phases,start] GC(23) Marking Phase
[0.488s][info][gc,phases      ] GC(23) Marking Phase 16.101ms
[0.488s][info][gc,phases,start] GC(23) Summary Phase
[0.488s][info][gc,phases      ] GC(23) Summary Phase 0.017ms
[0.488s][info][gc,phases,start] GC(23) Adjust Roots
[0.488s][info][gc,phases      ] GC(23) Adjust Roots 0.157ms
[0.488s][info][gc,phases,start] GC(23) Compaction Phase
[0.500s][info][gc,phases      ] GC(23) Compaction Phase 11.483ms
[0.500s][info][gc,phases,start] GC(23) Post Compact
[0.500s][info][gc,phases      ] GC(23) Post Compact 0.169ms
[0.500s][info][gc,heap        ] GC(23) PSYoungGen: 8192K(17920K)->2555K(17920K) Eden: 0K(9728K)->0K(9728K) From: 8192K(8192K)->2555K(8192K)
[0.500s][info][gc,heap        ] GC(23) ParOldGen: 32972K(38912K)->38493K(52736K)
[0.500s][info][gc,metaspace   ] GC(23) Metaspace: 6303K(6528K)->6303K(6528K) NonClass: 5770K(5888K)->5770K(5888K) Class: 533K(640K)->533K(640K)
[0.500s][info][gc             ] GC(23) Pause Full (Ergonomics) 40M->40M(69M) 28.269ms
[0.500s][info][gc,cpu         ] GC(23) User=0.02s Sys=0.00s Real=0.03s
[0.514s][info][gc,start       ] GC(24) Pause Young (Allocation Failure)
[0.524s][info][gc,heap        ] GC(24) PSYoungGen: 12283K(17920K)->9760K(20992K) Eden: 9728K(9728K)->0K(9728K) From: 2555K(8192K)->9760K(11264K)
[0.524s][info][gc,heap        ] GC(24) ParOldGen: 38493K(52736K)->41093K(52736K)
[0.524s][info][gc,metaspace   ] GC(24) Metaspace: 6303K(6528K)->6303K(6528K) NonClass: 5770K(5888K)->5770K(5888K) Class: 533K(640K)->533K(640K)
[0.524s][info][gc             ] GC(24) Pause Young (Allocation Failure) 49M->49M(72M) 10.324ms
[0.524s][info][gc,cpu         ] GC(24) User=0.02s Sys=0.00s Real=0.01s
[0.534s][info][gc,start       ] GC(25) Pause Young (Allocation Failure)
[0.547s][info][gc,heap        ] GC(25) PSYoungGen: 19488K(20992K)->12768K(19968K) Eden: 9728K(9728K)->0K(7168K) From: 9760K(11264K)->12768K(12800K)
[0.547s][info][gc,heap        ] GC(25) ParOldGen: 41093K(52736K)->47861K(52736K)
[0.547s][info][gc,metaspace   ] GC(25) Metaspace: 6303K(6528K)->6303K(6528K) NonClass: 5770K(5888K)->5770K(5888K) Class: 533K(640K)->533K(640K)
[0.547s][info][gc             ] GC(25) Pause Young (Allocation Failure) 59M->59M(71M) 13.857ms
[0.547s][info][gc,cpu         ] GC(25) User=0.00s Sys=0.00s Real=0.01s
[0.548s][info][gc,start       ] GC(26) Pause Full (Ergonomics)
[0.548s][info][gc,phases,start] GC(26) Marking Phase
[0.571s][info][gc,phases      ] GC(26) Marking Phase 23.165ms
[0.571s][info][gc,phases,start] GC(26) Summary Phase
[0.571s][info][gc,phases      ] GC(26) Summary Phase 0.022ms
[0.571s][info][gc,phases,start] GC(26) Adjust Roots
[0.571s][info][gc,phases      ] GC(26) Adjust Roots 0.163ms
[0.571s][info][gc,phases,start] GC(26) Compaction Phase
[0.588s][info][gc,phases      ] GC(26) Compaction Phase 17.352ms
[0.589s][info][gc,phases,start] GC(26) Post Compact
[0.589s][info][gc,phases      ] GC(26) Post Compact 0.201ms
[0.589s][info][gc,heap        ] GC(26) PSYoungGen: 12768K(19968K)->8148K(19968K) Eden: 0K(7168K)->0K(7168K) From: 12768K(12800K)->8148K(12800K)
[0.589s][info][gc,heap        ] GC(26) ParOldGen: 47861K(52736K)->51277K(68096K)
[0.589s][info][gc,metaspace   ] GC(26) Metaspace: 6303K(6528K)->6303K(6528K) NonClass: 5770K(5888K)->5770K(5888K) Class: 533K(640K)->533K(640K)
[0.589s][info][gc             ] GC(26) Pause Full (Ergonomics) 59M->58M(86M) 41.296ms
[0.589s][info][gc,cpu         ] GC(26) User=0.05s Sys=0.00s Real=0.04s
[0.597s][info][gc,start       ] GC(27) Pause Young (Allocation Failure)
[0.610s][info][gc,heap        ] GC(27) PSYoungGen: 15316K(19968K)->7168K(24576K) Eden: 7168K(7168K)->0K(7168K) From: 8148K(12800K)->7168K(17408K)
[0.610s][info][gc,heap        ] GC(27) ParOldGen: 51277K(68096K)->59533K(68096K)
[0.610s][info][gc,metaspace   ] GC(27) Metaspace: 6303K(6528K)->6303K(6528K) NonClass: 5770K(5888K)->5770K(5888K) Class: 533K(640K)->533K(640K)
[0.610s][info][gc             ] GC(27) Pause Young (Allocation Failure) 65M->65M(90M) 13.362ms
[0.610s][info][gc,cpu         ] GC(27) User=0.00s Sys=0.00s Real=0.01s
[0.610s][info][gc,start       ] GC(28) Pause Full (Ergonomics)
[0.610s][info][gc,phases,start] GC(28) Marking Phase
[0.638s][info][gc,phases      ] GC(28) Marking Phase 27.981ms
[0.638s][info][gc,phases,start] GC(28) Summary Phase
[0.638s][info][gc,phases      ] GC(28) Summary Phase 0.017ms
[0.638s][info][gc,phases,start] GC(28) Adjust Roots
[0.638s][info][gc,phases      ] GC(28) Adjust Roots 0.156ms
[0.639s][info][gc,phases,start] GC(28) Compaction Phase
[0.655s][info][gc,phases      ] GC(28) Compaction Phase 16.084ms
[0.655s][info][gc,phases,start] GC(28) Post Compact
[0.655s][info][gc,phases      ] GC(28) Post Compact 0.220ms
[0.655s][info][gc,heap        ] GC(28) PSYoungGen: 7168K(24576K)->0K(25088K) Eden: 0K(7168K)->0K(8704K) From: 7168K(17408K)->0K(16384K)
[0.655s][info][gc,heap        ] GC(28) ParOldGen: 59533K(68096K)->66564K(86528K)
[0.655s][info][gc,metaspace   ] GC(28) Metaspace: 6303K(6528K)->6303K(6528K) NonClass: 5770K(5888K)->5770K(5888K) Class: 533K(640K)->533K(640K)
[0.655s][info][gc             ] GC(28) Pause Full (Ergonomics) 65M->65M(109M) 44.896ms
[0.655s][info][gc,cpu         ] GC(28) User=0.05s Sys=0.00s Real=0.04s
[0.664s][info][gc,start       ] GC(29) Pause Young (Allocation Failure)
[0.671s][info][gc,heap        ] GC(29) PSYoungGen: 8704K(25088K)->8736K(25088K) Eden: 8704K(8704K)->0K(8704K) From: 0K(16384K)->8736K(16384K)
[0.671s][info][gc,heap        ] GC(29) ParOldGen: 66564K(86528K)->66564K(86528K)
[0.671s][info][gc,metaspace   ] GC(29) Metaspace: 6303K(6528K)->6303K(6528K) NonClass: 5770K(5888K)->5770K(5888K) Class: 533K(640K)->533K(640K)
[0.671s][info][gc             ] GC(29) Pause Young (Allocation Failure) 73M->73M(109M) 6.554ms
[0.671s][info][gc,cpu         ] GC(29) User=0.00s Sys=0.00s Real=0.01s
[0.680s][info][gc,start       ] GC(30) Pause Young (Allocation Failure)
[0.695s][info][gc,heap        ] GC(30) PSYoungGen: 17440K(25088K)->16384K(23552K) Eden: 8704K(8704K)->0K(7168K) From: 8736K(16384K)->16384K(16384K)
[0.695s][info][gc,heap        ] GC(30) ParOldGen: 66564K(86528K)->67572K(86528K)
[0.695s][info][gc,metaspace   ] GC(30) Metaspace: 6303K(6528K)->6303K(6528K) NonClass: 5770K(5888K)->5770K(5888K) Class: 533K(640K)->533K(640K)
[0.695s][info][gc             ] GC(30) Pause Young (Allocation Failure) 82M->81M(107M) 15.744ms
[0.695s][info][gc,cpu         ] GC(30) User=0.00s Sys=0.00s Real=0.01s
[0.714s][info][gc,start       ] GC(31) Pause Young (Allocation Failure)
[0.732s][info][gc,heap        ] GC(31) PSYoungGen: 23552K(23552K)->15392K(26624K) Eden: 7168K(7168K)->0K(7168K) From: 16384K(16384K)->15392K(19456K)
[0.732s][info][gc,heap        ] GC(31) ParOldGen: 71668K(86528K)->79964K(86528K)
[0.732s][info][gc,metaspace   ] GC(31) Metaspace: 6303K(6528K)->6303K(6528K) NonClass: 5770K(5888K)->5770K(5888K) Class: 533K(640K)->533K(640K)
[0.732s][info][gc             ] GC(31) Pause Young (Allocation Failure) 92M->93M(110M) 17.910ms
[0.732s][info][gc,cpu         ] GC(31) User=0.03s Sys=0.00s Real=0.02s
[0.732s][info][gc,start       ] GC(32) Pause Full (Ergonomics)
[0.732s][info][gc,phases,start] GC(32) Marking Phase
[0.768s][info][gc,phases      ] GC(32) Marking Phase 36.381ms
[0.768s][info][gc,phases,start] GC(32) Summary Phase
[0.768s][info][gc,phases      ] GC(32) Summary Phase 0.018ms
[0.768s][info][gc,phases,start] GC(32) Adjust Roots
[0.768s][info][gc,phases      ] GC(32) Adjust Roots 0.156ms
[0.768s][info][gc,phases,start] GC(32) Compaction Phase
[0.793s][info][gc,phases      ] GC(32) Compaction Phase 24.629ms
[0.793s][info][gc,phases,start] GC(32) Post Compact
[0.793s][info][gc,phases      ] GC(32) Post Compact 0.292ms
[0.794s][info][gc,heap        ] GC(32) PSYoungGen: 15392K(26624K)->6643K(26624K) Eden: 0K(7168K)->0K(7168K) From: 15392K(19456K)->6643K(19456K)
[0.794s][info][gc,heap        ] GC(32) ParOldGen: 79964K(86528K)->86444K(109568K)
[0.794s][info][gc,metaspace   ] GC(32) Metaspace: 6303K(6528K)->6303K(6528K) NonClass: 5770K(5888K)->5770K(5888K) Class: 533K(640K)->533K(640K)
[0.794s][info][gc             ] GC(32) Pause Full (Ergonomics) 93M->90M(133M) 61.835ms
[0.794s][info][gc,cpu         ] GC(32) User=0.08s Sys=0.00s Real=0.06s
[0.800s][info][gc,start       ] GC(33) Pause Young (Allocation Failure)
[0.812s][info][gc,heap        ] GC(33) PSYoungGen: 13811K(26624K)->13888K(28672K) Eden: 7168K(7168K)->0K(7680K) From: 6643K(19456K)->13888K(20992K)
[0.812s][info][gc,heap        ] GC(33) ParOldGen: 86444K(109568K)->86444K(109568K)
[0.812s][info][gc,metaspace   ] GC(33) Metaspace: 6303K(6528K)->6303K(6528K) NonClass: 5770K(5888K)->5770K(5888K) Class: 533K(640K)->533K(640K)
[0.812s][info][gc             ] GC(33) Pause Young (Allocation Failure) 97M->97M(135M) 11.625ms
[0.812s][info][gc,cpu         ] GC(33) User=0.02s Sys=0.00s Real=0.01s
[0.818s][info][gc,start       ] GC(34) Pause Young (Allocation Failure)
[0.830s][info][gc,heap        ] GC(34) PSYoungGen: 21568K(28672K)->21504K(29696K) Eden: 7680K(7680K)->0K(7680K) From: 13888K(20992K)->21504K(22016K)
[0.830s][info][gc,heap        ] GC(34) ParOldGen: 86444K(109568K)->86444K(109568K)
[0.830s][info][gc,metaspace   ] GC(34) Metaspace: 6303K(6528K)->6303K(6528K) NonClass: 5770K(5888K)->5770K(5888K) Class: 533K(640K)->533K(640K)
[0.830s][info][gc             ] GC(34) Pause Young (Allocation Failure) 105M->105M(136M) 11.614ms
[0.830s][info][gc,cpu         ] GC(34) User=0.02s Sys=0.00s Real=0.01s
[0.837s][info][gc,start       ] GC(35) Pause Young (Allocation Failure)
[0.853s][info][gc,heap        ] GC(35) PSYoungGen: 29184K(29696K)->25088K(28672K) Eden: 7680K(7680K)->0K(3584K) From: 21504K(22016K)->25088K(25088K)
[0.853s][info][gc,heap        ] GC(35) ParOldGen: 86444K(109568K)->90564K(109568K)
[0.853s][info][gc,metaspace   ] GC(35) Metaspace: 6303K(6528K)->6303K(6528K) NonClass: 5770K(5888K)->5770K(5888K) Class: 533K(640K)->533K(640K)
[0.853s][info][gc             ] GC(35) Pause Young (Allocation Failure) 112M->112M(135M) 16.099ms
[0.853s][info][gc,cpu         ] GC(35) User=0.02s Sys=0.00s Real=0.02s
[0.857s][info][gc,start       ] GC(36) Pause Young (Allocation Failure)
[0.870s][info][gc,heap        ] GC(36) PSYoungGen: 28672K(28672K)->23840K(34304K) Eden: 3584K(3584K)->0K(3584K) From: 25088K(25088K)->23840K(30720K)
[0.870s][info][gc,heap        ] GC(36) ParOldGen: 90564K(109568K)->95508K(109568K)
[0.870s][info][gc,metaspace   ] GC(36) Metaspace: 6303K(6528K)->6303K(6528K) NonClass: 5770K(5888K)->5770K(5888K) Class: 533K(640K)->533K(640K)
[0.870s][info][gc             ] GC(36) Pause Young (Allocation Failure) 116M->116M(140M) 12.856ms
[0.870s][info][gc,cpu         ] GC(36) User=0.02s Sys=0.00s Real=0.01s
[0.873s][info][gc,start       ] GC(37) Pause Young (Allocation Failure)
[0.887s][info][gc,heap        ] GC(37) PSYoungGen: 27424K(34304K)->13376K(33792K) Eden: 3584K(3584K)->0K(4608K) From: 23840K(30720K)->13376K(29184K)
[0.887s][info][gc,heap        ] GC(37) ParOldGen: 95508K(109568K)->109748K(110080K)
[0.887s][info][gc,metaspace   ] GC(37) Metaspace: 6303K(6528K)->6303K(6528K) NonClass: 5770K(5888K)->5770K(5888K) Class: 533K(640K)->533K(640K)
[0.887s][info][gc             ] GC(37) Pause Young (Allocation Failure) 120M->120M(140M) 13.834ms
[0.887s][info][gc,cpu         ] GC(37) User=0.02s Sys=0.00s Real=0.01s
[0.887s][info][gc,start       ] GC(38) Pause Full (Ergonomics)
[0.887s][info][gc,phases,start] GC(38) Marking Phase
[0.922s][info][gc,phases      ] GC(38) Marking Phase 34.938ms
[0.922s][info][gc,phases,start] GC(38) Summary Phase
[0.922s][info][gc,phases      ] GC(38) Summary Phase 0.016ms
[0.922s][info][gc,phases,start] GC(38) Adjust Roots
[0.922s][info][gc,phases      ] GC(38) Adjust Roots 0.150ms
[0.922s][info][gc,phases,start] GC(38) Compaction Phase
[0.944s][info][gc,phases      ] GC(38) Compaction Phase 22.190ms
[0.945s][info][gc,phases,start] GC(38) Post Compact
[0.945s][info][gc,phases      ] GC(38) Post Compact 0.630ms
[0.945s][info][gc,heap        ] GC(38) PSYoungGen: 13376K(33792K)->12761K(34816K) Eden: 0K(4608K)->0K(5632K) From: 13376K(29184K)->12761K(29184K)
[0.945s][info][gc,heap        ] GC(38) ParOldGen: 109748K(110080K)->109875K(137216K)
[0.945s][info][gc,metaspace   ] GC(38) Metaspace: 6303K(6528K)->6303K(6528K) NonClass: 5770K(5888K)->5770K(5888K) Class: 533K(640K)->533K(640K)
[0.945s][info][gc             ] GC(38) Pause Full (Ergonomics) 120M->119M(168M) 58.366ms
[0.945s][info][gc,cpu         ] GC(38) User=0.09s Sys=0.00s Real=0.06s
[0.951s][info][gc,start       ] GC(39) Pause Young (Allocation Failure)
[0.967s][info][gc,heap        ] GC(39) PSYoungGen: 18393K(34816K)->9088K(36864K) Eden: 5632K(5632K)->0K(5632K) From: 12761K(29184K)->9088K(31232K)
[0.967s][info][gc,heap        ] GC(39) ParOldGen: 109875K(137216K)->119403K(137216K)
[0.967s][info][gc,metaspace   ] GC(39) Metaspace: 6303K(6528K)->6303K(6528K) NonClass: 5770K(5888K)->5770K(5888K) Class: 533K(640K)->533K(640K)
[0.967s][info][gc             ] GC(39) Pause Young (Allocation Failure) 125M->125M(170M) 15.898ms
[0.967s][info][gc,cpu         ] GC(39) User=0.00s Sys=0.00s Real=0.02s
[0.973s][info][gc,start       ] GC(40) Pause Young (Allocation Failure)
[0.981s][info][gc,heap        ] GC(40) PSYoungGen: 14720K(36864K)->5664K(36352K) Eden: 5632K(5632K)->0K(7168K) From: 9088K(31232K)->5664K(29184K)
[0.981s][info][gc,heap        ] GC(40) ParOldGen: 119403K(137216K)->128547K(137216K)
[0.981s][info][gc,metaspace   ] GC(40) Metaspace: 6303K(6528K)->6303K(6528K) NonClass: 5770K(5888K)->5770K(5888K) Class: 533K(640K)->533K(640K)
[0.981s][info][gc             ] GC(40) Pause Young (Allocation Failure) 130M->131M(169M) 8.472ms
[0.981s][info][gc,cpu         ] GC(40) User=0.02s Sys=0.00s Real=0.01s
[0.981s][info][gc,start       ] GC(41) Pause Full (Ergonomics)
[0.981s][info][gc,phases,start] GC(41) Marking Phase
[1.017s][info][gc,phases      ] GC(41) Marking Phase 35.515ms
[1.017s][info][gc,phases,start] GC(41) Summary Phase
[1.017s][info][gc,phases      ] GC(41) Summary Phase 0.017ms
[1.017s][info][gc,phases,start] GC(41) Adjust Roots
[1.017s][info][gc,phases      ] GC(41) Adjust Roots 0.165ms
[1.017s][info][gc,phases,start] GC(41) Compaction Phase
[1.035s][info][gc,phases      ] GC(41) Compaction Phase 18.050ms
[1.035s][info][gc,phases,start] GC(41) Post Compact
[1.036s][info][gc,phases      ] GC(41) Post Compact 0.600ms
[1.036s][info][gc,heap        ] GC(41) PSYoungGen: 5664K(36352K)->0K(36864K) Eden: 0K(7168K)->0K(7168K) From: 5664K(29184K)->0K(29696K)
[1.036s][info][gc,heap        ] GC(41) ParOldGen: 128547K(137216K)->133841K(164864K)
[1.036s][info][gc,metaspace   ] GC(41) Metaspace: 6303K(6528K)->6303K(6528K) NonClass: 5770K(5888K)->5770K(5888K) Class: 533K(640K)->533K(640K)
[1.036s][info][gc             ] GC(41) Pause Full (Ergonomics) 131M->130M(197M) 54.786ms
[1.036s][info][gc,cpu         ] GC(41) User=0.17s Sys=0.00s Real=0.06s
[1.044s][info][gc,start       ] GC(42) Pause Young (Allocation Failure)
[1.049s][info][gc,heap        ] GC(42) PSYoungGen: 7168K(36864K)->7232K(36352K) Eden: 7168K(7168K)->0K(8704K) From: 0K(29696K)->7232K(27648K)
[1.049s][info][gc,heap        ] GC(42) ParOldGen: 133841K(164864K)->133841K(164864K)
[1.050s][info][gc,metaspace   ] GC(42) Metaspace: 6303K(6528K)->6303K(6528K) NonClass: 5770K(5888K)->5770K(5888K) Class: 533K(640K)->533K(640K)
[1.050s][info][gc             ] GC(42) Pause Young (Allocation Failure) 137M->137M(196M) 5.652ms
[1.050s][info][gc,cpu         ] GC(42) User=0.00s Sys=0.00s Real=0.01s
[1.058s][info][gc,start       ] GC(43) Pause Young (Allocation Failure)
[1.067s][info][gc,heap        ] GC(43) PSYoungGen: 15936K(36352K)->15904K(37376K) Eden: 8704K(8704K)->0K(8704K) From: 7232K(27648K)->15904K(28672K)
[1.067s][info][gc,heap        ] GC(43) ParOldGen: 133841K(164864K)->133841K(164864K)
[1.067s][info][gc,metaspace   ] GC(43) Metaspace: 6303K(6528K)->6303K(6528K) NonClass: 5770K(5888K)->5770K(5888K) Class: 533K(640K)->533K(640K)
[1.067s][info][gc             ] GC(43) Pause Young (Allocation Failure) 146M->146M(197M) 8.453ms
[1.067s][info][gc,cpu         ] GC(43) User=0.00s Sys=0.00s Real=0.01s
[1.076s][info][gc,start       ] GC(44) Pause Young (Allocation Failure)
[1.088s][info][gc,heap        ] GC(44) PSYoungGen: 24608K(37376K)->24608K(35840K) Eden: 8704K(8704K)->0K(7168K) From: 15904K(28672K)->24608K(28672K)
[1.088s][info][gc,heap        ] GC(44) ParOldGen: 133841K(164864K)->133841K(164864K)
[1.088s][info][gc,metaspace   ] GC(44) Metaspace: 6303K(6528K)->6303K(6528K) NonClass: 5770K(5888K)->5770K(5888K) Class: 533K(640K)->533K(640K)
[1.088s][info][gc             ] GC(44) Pause Young (Allocation Failure) 154M->154M(196M) 12.344ms
[1.088s][info][gc,cpu         ] GC(44) User=0.00s Sys=0.00s Real=0.01s
[1.095s][info][gc,start       ] GC(45) Pause Young (Allocation Failure)
[1.111s][info][gc,heap        ] GC(45) PSYoungGen: 31776K(35840K)->24576K(38912K) Eden: 7168K(7168K)->0K(7168K) From: 24608K(28672K)->24576K(31744K)
[1.111s][info][gc,heap        ] GC(45) ParOldGen: 133841K(164864K)->141097K(164864K)
[1.111s][info][gc,metaspace   ] GC(45) Metaspace: 6303K(6528K)->6303K(6528K) NonClass: 5770K(5888K)->5770K(5888K) Class: 533K(640K)->533K(640K)
[1.111s][info][gc             ] GC(45) Pause Young (Allocation Failure) 161M->161M(199M) 15.858ms
[1.111s][info][gc,cpu         ] GC(45) User=0.02s Sys=0.00s Real=0.02s
[1.118s][info][gc,start       ] GC(46) Pause Young (Allocation Failure)
[1.135s][info][gc,heap        ] GC(46) PSYoungGen: 31744K(38912K)->23040K(40960K) Eden: 7168K(7168K)->0K(7168K) From: 24576K(31744K)->23040K(33792K)
[1.135s][info][gc,heap        ] GC(46) ParOldGen: 141097K(164864K)->149921K(164864K)
[1.135s][info][gc,metaspace   ] GC(46) Metaspace: 6303K(6528K)->6303K(6528K) NonClass: 5770K(5888K)->5770K(5888K) Class: 533K(640K)->533K(640K)
[1.135s][info][gc             ] GC(46) Pause Young (Allocation Failure) 168M->168M(201M) 16.566ms
[1.135s][info][gc,cpu         ] GC(46) User=0.00s Sys=0.00s Real=0.02s
[1.168s][info][gc,start       ] GC(47) Pause Full (Ergonomics)
[1.168s][info][gc,phases,start] GC(47) Marking Phase
[1.214s][info][gc,phases      ] GC(47) Marking Phase 45.872ms
[1.214s][info][gc,phases,start] GC(47) Summary Phase
[1.214s][info][gc,phases      ] GC(47) Summary Phase 0.017ms
[1.214s][info][gc,phases,start] GC(47) Adjust Roots
[1.214s][info][gc,phases      ] GC(47) Adjust Roots 0.142ms
[1.214s][info][gc,phases,start] GC(47) Compaction Phase
[1.256s][info][gc,phases      ] GC(47) Compaction Phase 41.459ms
[1.256s][info][gc,phases,start] GC(47) Post Compact
[1.257s][info][gc,phases      ] GC(47) Post Compact 0.898ms
[1.257s][info][gc,heap        ] GC(47) PSYoungGen: 30208K(40960K)->19372K(40960K) Eden: 7168K(7168K)->0K(7168K) From: 23040K(33792K)->19372K(33792K)
[1.257s][info][gc,heap        ] GC(47) ParOldGen: 158113K(164864K)->164466K(197632K)
[1.257s][info][gc,metaspace   ] GC(47) Metaspace: 6303K(6528K)->6303K(6528K) NonClass: 5770K(5888K)->5770K(5888K) Class: 533K(640K)->533K(640K)
[1.257s][info][gc             ] GC(47) Pause Full (Ergonomics) 183M->179M(233M) 89.047ms
[1.257s][info][gc,cpu         ] GC(47) User=0.19s Sys=0.00s Real=0.09s
[1.265s][info][gc,start       ] GC(48) Pause Young (Allocation Failure)
[1.286s][info][gc,heap        ] GC(48) PSYoungGen: 26540K(40960K)->13504K(20992K) Eden: 7168K(7168K)->0K(7168K) From: 19372K(33792K)->13504K(13824K)
[1.286s][info][gc,heap        ] GC(48) ParOldGen: 164466K(197632K)->177810K(197632K)
[1.286s][info][gc,metaspace   ] GC(48) Metaspace: 6303K(6528K)->6303K(6528K) NonClass: 5770K(5888K)->5770K(5888K) Class: 533K(640K)->533K(640K)
[1.286s][info][gc             ] GC(48) Pause Young (Allocation Failure) 186M->186M(213M) 21.003ms
[1.286s][info][gc,cpu         ] GC(48) User=0.08s Sys=0.00s Real=0.02s
[1.293s][info][gc,start       ] GC(49) Pause Young (Allocation Failure)
[1.305s][info][gc,heap        ] GC(49) PSYoungGen: 20672K(20992K)->14368K(38912K) Eden: 7168K(7168K)->0K(8704K) From: 13504K(13824K)->14368K(30208K)
[1.305s][info][gc,heap        ] GC(49) ParOldGen: 177810K(197632K)->184170K(197632K)
[1.305s][info][gc,metaspace   ] GC(49) Metaspace: 6303K(6528K)->6303K(6528K) NonClass: 5770K(5888K)->5770K(5888K) Class: 533K(640K)->533K(640K)
[1.305s][info][gc             ] GC(49) Pause Young (Allocation Failure) 193M->193M(231M) 11.858ms
[1.305s][info][gc,cpu         ] GC(49) User=0.02s Sys=0.00s Real=0.01s
[1.305s][info][gc,start       ] GC(50) Pause Full (Ergonomics)
[1.305s][info][gc,phases,start] GC(50) Marking Phase
[1.359s][info][gc,phases      ] GC(50) Marking Phase 53.758ms
[1.359s][info][gc,phases,start] GC(50) Summary Phase
[1.359s][info][gc,phases      ] GC(50) Summary Phase 0.017ms
[1.359s][info][gc,phases,start] GC(50) Adjust Roots
[1.359s][info][gc,phases      ] GC(50) Adjust Roots 0.149ms
[1.359s][info][gc,phases,start] GC(50) Compaction Phase
[1.385s][info][gc,phases      ] GC(50) Compaction Phase 26.164ms
[1.386s][info][gc,phases,start] GC(50) Post Compact
[1.386s][info][gc,phases      ] GC(50) Post Compact 0.724ms
[1.387s][info][gc,heap        ] GC(50) PSYoungGen: 14368K(38912K)->989K(40448K) Eden: 0K(8704K)->0K(10240K) From: 14368K(30208K)->989K(30208K)
[1.387s][info][gc,heap        ] GC(50) ParOldGen: 184170K(197632K)->197122K(233984K)
[1.387s][info][gc,metaspace   ] GC(50) Metaspace: 6303K(6528K)->6303K(6528K) NonClass: 5770K(5888K)->5770K(5888K) Class: 533K(640K)->533K(640K)
[1.387s][info][gc             ] GC(50) Pause Full (Ergonomics) 193M->193M(268M) 81.329ms
[1.387s][info][gc,cpu         ] GC(50) User=0.22s Sys=0.02s Real=0.08s
[1.397s][info][gc,start       ] GC(51) Pause Young (Allocation Failure)
[1.411s][info][gc,heap        ] GC(51) PSYoungGen: 11229K(40448K)->10400K(41984K) Eden: 10240K(10240K)->0K(10240K) From: 989K(30208K)->10400K(31744K)
[1.412s][info][gc,heap        ] GC(51) ParOldGen: 197122K(233984K)->198050K(233984K)
[1.412s][info][gc,metaspace   ] GC(51) Metaspace: 6303K(6528K)->6303K(6528K) NonClass: 5770K(5888K)->5770K(5888K) Class: 533K(640K)->533K(640K)
[1.412s][info][gc             ] GC(51) Pause Young (Allocation Failure) 203M->203M(269M) 14.521ms
[1.412s][info][gc,cpu         ] GC(51) User=0.02s Sys=0.00s Real=0.01s
[1.423s][info][gc,start       ] GC(52) Pause Young (Allocation Failure)
[1.433s][info][gc,heap        ] GC(52) PSYoungGen: 20640K(41984K)->20672K(42496K) Eden: 10240K(10240K)->0K(11264K) From: 10400K(31744K)->20672K(31232K)
[1.433s][info][gc,heap        ] GC(52) ParOldGen: 198050K(233984K)->198050K(233984K)
[1.434s][info][gc,metaspace   ] GC(52) Metaspace: 6303K(6528K)->6303K(6528K) NonClass: 5770K(5888K)->5770K(5888K) Class: 533K(640K)->533K(640K)
[1.434s][info][gc             ] GC(52) Pause Young (Allocation Failure) 213M->213M(270M) 10.976ms
[1.434s][info][gc,cpu         ] GC(52) User=0.02s Sys=0.00s Real=0.01s
[1.445s][info][gc,start       ] GC(53) Pause Young (Allocation Failure)
[1.461s][info][gc,heap        ] GC(53) PSYoungGen: 31936K(42496K)->31744K(43008K) Eden: 11264K(11264K)->0K(11264K) From: 20672K(31232K)->31744K(31744K)
[1.461s][info][gc,heap        ] GC(53) ParOldGen: 198050K(233984K)->198218K(233984K)
[1.461s][info][gc,metaspace   ] GC(53) Metaspace: 6303K(6528K)->6303K(6528K) NonClass: 5770K(5888K)->5770K(5888K) Class: 533K(640K)->533K(640K)
[1.461s][info][gc             ] GC(53) Pause Young (Allocation Failure) 224M->224M(270M) 15.889ms
[1.461s][info][gc,cpu         ] GC(53) User=0.02s Sys=0.00s Real=0.02s
[1.474s][info][gc,start       ] GC(54) Pause Young (Allocation Failure)
[1.496s][info][gc,heap        ] GC(54) PSYoungGen: 43008K(43008K)->32672K(45568K) Eden: 11264K(11264K)->0K(9216K) From: 31744K(31744K)->32672K(36352K)
[1.496s][info][gc,heap        ] GC(54) ParOldGen: 198218K(233984K)->208698K(233984K)
[1.496s][info][gc,metaspace   ] GC(54) Metaspace: 6303K(6528K)->6303K(6528K) NonClass: 5770K(5888K)->5770K(5888K) Class: 533K(640K)->533K(640K)
[1.497s][info][gc             ] GC(54) Pause Young (Allocation Failure) 235M->235M(273M) 22.776ms
[1.497s][info][gc,cpu         ] GC(54) User=0.06s Sys=0.02s Real=0.02s
[1.507s][info][gc,start       ] GC(55) Pause Young (Allocation Failure)
[1.529s][info][gc,heap        ] GC(55) PSYoungGen: 41888K(45568K)->31680K(49152K) Eden: 9216K(9216K)->0K(9216K) From: 32672K(36352K)->31680K(39936K)
[1.529s][info][gc,heap        ] GC(55) ParOldGen: 208698K(233984K)->219082K(233984K)
[1.529s][info][gc,metaspace   ] GC(55) Metaspace: 6303K(6528K)->6303K(6528K) NonClass: 5770K(5888K)->5770K(5888K) Class: 533K(640K)->533K(640K)
[1.529s][info][gc             ] GC(55) Pause Young (Allocation Failure) 244M->244M(276M) 22.499ms
[1.529s][info][gc,cpu         ] GC(55) User=0.08s Sys=0.00s Real=0.02s
[1.529s][info][gc,start       ] GC(56) Pause Full (Ergonomics)
[1.529s][info][gc,phases,start] GC(56) Marking Phase
[1.594s][info][gc,phases      ] GC(56) Marking Phase 64.172ms
[1.594s][info][gc,phases,start] GC(56) Summary Phase
[1.594s][info][gc,phases      ] GC(56) Summary Phase 0.019ms
[1.594s][info][gc,phases,start] GC(56) Adjust Roots
[1.594s][info][gc,phases      ] GC(56) Adjust Roots 0.189ms
[1.594s][info][gc,phases,start] GC(56) Compaction Phase
[1.629s][info][gc,phases      ] GC(56) Compaction Phase 34.940ms
[1.629s][info][gc,phases,start] GC(56) Post Compact
[1.630s][info][gc,phases      ] GC(56) Post Compact 1.562ms
[1.631s][info][gc,heap        ] GC(56) PSYoungGen: 31680K(49152K)->16684K(49152K) Eden: 0K(9216K)->0K(9216K) From: 31680K(39936K)->16684K(39936K)
[1.631s][info][gc,heap        ] GC(56) ParOldGen: 219082K(233984K)->233500K(274432K)
[1.631s][info][gc,metaspace   ] GC(56) Metaspace: 6303K(6528K)->6303K(6528K) NonClass: 5770K(5888K)->5770K(5888K) Class: 533K(640K)->533K(640K)
[1.631s][info][gc             ] GC(56) Pause Full (Ergonomics) 244M->244M(316M) 101.543ms
[1.631s][info][gc,cpu         ] GC(56) User=0.36s Sys=0.02s Real=0.10s
[1.642s][info][gc,start       ] GC(57) Pause Young (Allocation Failure)
[1.668s][info][gc,heap        ] GC(57) PSYoungGen: 25900K(49152K)->20256K(48640K) Eden: 9216K(9216K)->0K(10240K) From: 16684K(39936K)->20256K(38400K)
[1.668s][info][gc,heap        ] GC(57) ParOldGen: 233500K(274432K)->239380K(274432K)
[1.668s][info][gc,metaspace   ] GC(57) Metaspace: 6303K(6528K)->6303K(6528K) NonClass: 5770K(5888K)->5770K(5888K) Class: 533K(640K)->533K(640K)
[1.668s][info][gc             ] GC(57) Pause Young (Allocation Failure) 253M->253M(315M) 26.496ms
[1.668s][info][gc,cpu         ] GC(57) User=0.12s Sys=0.00s Real=0.03s
[1.680s][info][gc,start       ] GC(58) Pause Young (Allocation Failure)
[1.697s][info][gc,heap        ] GC(58) PSYoungGen: 30496K(48640K)->24864K(51200K) Eden: 10240K(10240K)->0K(10240K) From: 20256K(38400K)->24864K(40960K)
[1.697s][info][gc,heap        ] GC(58) ParOldGen: 239380K(274432K)->245108K(274432K)
[1.697s][info][gc,metaspace   ] GC(58) Metaspace: 6303K(6528K)->6303K(6528K) NonClass: 5770K(5888K)->5770K(5888K) Class: 533K(640K)->533K(640K)
[1.697s][info][gc             ] GC(58) Pause Young (Allocation Failure) 263M->263M(318M) 17.355ms
[1.697s][info][gc,cpu         ] GC(58) User=0.02s Sys=0.00s Real=0.02s
[1.709s][info][gc,start       ] GC(59) Pause Young (Allocation Failure)
[1.727s][info][gc,heap        ] GC(59) PSYoungGen: 35104K(51200K)->29792K(50688K) Eden: 10240K(10240K)->0K(10240K) From: 24864K(40960K)->29792K(40448K)
[1.727s][info][gc,heap        ] GC(59) ParOldGen: 245108K(274432K)->250500K(274432K)
[1.727s][info][gc,metaspace   ] GC(59) Metaspace: 6303K(6528K)->6303K(6528K) NonClass: 5770K(5888K)->5770K(5888K) Class: 533K(640K)->533K(640K)
[1.727s][info][gc             ] GC(59) Pause Young (Allocation Failure) 273M->273M(317M) 18.505ms
[1.727s][info][gc,cpu         ] GC(59) User=0.06s Sys=0.02s Real=0.02s
[1.739s][info][gc,start       ] GC(60) Pause Young (Allocation Failure)
[1.759s][info][gc,heap        ] GC(60) PSYoungGen: 40032K(50688K)->30816K(52224K) Eden: 10240K(10240K)->0K(10240K) From: 29792K(40448K)->30816K(41984K)
[1.759s][info][gc,heap        ] GC(60) ParOldGen: 250500K(274432K)->259860K(274432K)
[1.759s][info][gc,metaspace   ] GC(60) Metaspace: 6303K(6528K)->6303K(6528K) NonClass: 5770K(5888K)->5770K(5888K) Class: 533K(640K)->533K(640K)
[1.759s][info][gc             ] GC(60) Pause Young (Allocation Failure) 283M->283M(319M) 20.402ms
[1.759s][info][gc,cpu         ] GC(60) User=0.12s Sys=0.00s Real=0.02s
[1.759s][info][gc,start       ] GC(61) Pause Full (Ergonomics)
[1.759s][info][gc,phases,start] GC(61) Marking Phase
[1.826s][info][gc,phases      ] GC(61) Marking Phase 67.159ms
[1.827s][info][gc,phases,start] GC(61) Summary Phase
[1.827s][info][gc,phases      ] GC(61) Summary Phase 0.027ms
[1.827s][info][gc,phases,start] GC(61) Adjust Roots
[1.827s][info][gc,phases      ] GC(61) Adjust Roots 0.152ms
[1.827s][info][gc,phases,start] GC(61) Compaction Phase
[1.857s][info][gc,phases      ] GC(61) Compaction Phase 30.021ms
[1.857s][info][gc,phases,start] GC(61) Post Compact
[1.858s][info][gc,phases      ] GC(61) Post Compact 1.345ms
[1.859s][info][gc,heap        ] GC(61) PSYoungGen: 30816K(52224K)->15800K(52224K) Eden: 0K(10240K)->0K(10240K) From: 30816K(41984K)->15800K(41984K)
[1.859s][info][gc,heap        ] GC(61) ParOldGen: 259860K(274432K)->274190K(315392K)
[1.859s][info][gc,metaspace   ] GC(61) Metaspace: 6303K(6528K)->6303K(6528K) NonClass: 5770K(5888K)->5770K(5888K) Class: 533K(640K)->533K(640K)
[1.859s][info][gc             ] GC(61) Pause Full (Ergonomics) 283M->283M(359M) 99.290ms
[1.859s][info][gc,cpu         ] GC(61) User=0.44s Sys=0.03s Real=0.10s
[1.871s][info][gc,start       ] GC(62) Pause Young (Allocation Failure)
[1.896s][info][gc,heap        ] GC(62) PSYoungGen: 26040K(52224K)->15840K(53248K) Eden: 10240K(10240K)->0K(11776K) From: 15800K(41984K)->15840K(41472K)
[1.896s][info][gc,heap        ] GC(62) ParOldGen: 274190K(315392K)->284662K(315392K)
[1.896s][info][gc,metaspace   ] GC(62) Metaspace: 6303K(6528K)->6303K(6528K) NonClass: 5770K(5888K)->5770K(5888K) Class: 533K(640K)->533K(640K)
[1.896s][info][gc             ] GC(62) Pause Young (Allocation Failure) 293M->293M(360M) 25.064ms
[1.896s][info][gc,cpu         ] GC(62) User=0.09s Sys=0.00s Real=0.03s
[1.911s][info][gc,start       ] GC(63) Pause Young (Allocation Failure)
[1.926s][info][gc,heap        ] GC(63) PSYoungGen: 27616K(53248K)->22144K(34304K) Eden: 11776K(11776K)->0K(11776K) From: 15840K(41472K)->22144K(22528K)
[1.926s][info][gc,heap        ] GC(63) ParOldGen: 284662K(315392K)->290262K(315392K)
[1.926s][info][gc,metaspace   ] GC(63) Metaspace: 6303K(6528K)->6303K(6528K) NonClass: 5770K(5888K)->5770K(5888K) Class: 533K(640K)->533K(640K)
[1.926s][info][gc             ] GC(63) Pause Young (Allocation Failure) 304M->305M(341M) 15.594ms
[1.926s][info][gc,cpu         ] GC(63) User=0.02s Sys=0.00s Real=0.02s
[1.941s][info][gc,start       ] GC(64) Pause Young (Allocation Failure)
[1.959s][info][gc,heap        ] GC(64) PSYoungGen: 33920K(34304K)->23680K(51712K) Eden: 11776K(11776K)->0K(13312K) From: 22144K(22528K)->23680K(38400K)
[1.959s][info][gc,heap        ] GC(64) ParOldGen: 290262K(315392K)->300630K(315392K)
[1.959s][info][gc,metaspace   ] GC(64) Metaspace: 6303K(6528K)->6303K(6528K) NonClass: 5770K(5888K)->5770K(5888K) Class: 533K(640K)->533K(640K)
[1.959s][info][gc             ] GC(64) Pause Young (Allocation Failure) 316M->316M(358M) 17.729ms
[1.959s][info][gc,cpu         ] GC(64) User=0.03s Sys=0.00s Real=0.02s
[1.959s][info][gc,start       ] GC(65) Pause Full (Ergonomics)
[1.959s][info][gc,phases,start] GC(65) Marking Phase
[2.038s][info][gc,phases      ] GC(65) Marking Phase 78.609ms
[2.038s][info][gc,phases,start] GC(65) Summary Phase
[2.038s][info][gc,phases      ] GC(65) Summary Phase 0.033ms
[2.038s][info][gc,phases,start] GC(65) Adjust Roots
[2.038s][info][gc,phases      ] GC(65) Adjust Roots 0.269ms
[2.038s][info][gc,phases,start] GC(65) Compaction Phase
[2.080s][info][gc,phases      ] GC(65) Compaction Phase 41.755ms
[2.080s][info][gc,phases,start] GC(65) Post Compact
[2.082s][info][gc,phases      ] GC(65) Post Compact 2.266ms
[2.083s][info][gc,heap        ] GC(65) PSYoungGen: 23680K(51712K)->8666K(52736K) Eden: 0K(13312K)->0K(14336K) From: 23680K(38400K)->8666K(38400K)
[2.083s][info][gc,heap        ] GC(65) ParOldGen: 300630K(315392K)->315016K(359936K)
[2.083s][info][gc,metaspace   ] GC(65) Metaspace: 6303K(6528K)->6303K(6528K) NonClass: 5770K(5888K)->5770K(5888K) Class: 533K(640K)->533K(640K)
[2.083s][info][gc             ] GC(65) Pause Full (Ergonomics) 316M->316M(403M) 123.626ms
[2.083s][info][gc,cpu         ] GC(65) User=0.73s Sys=0.00s Real=0.12s
[2.101s][info][gc,start       ] GC(66) Pause Young (Allocation Failure)
[2.128s][info][gc,heap        ] GC(66) PSYoungGen: 23002K(52736K)->19808K(53760K) Eden: 14336K(14336K)->0K(14336K) From: 8666K(38400K)->19808K(39424K)
[2.128s][info][gc,heap        ] GC(66) ParOldGen: 315016K(359936K)->318408K(359936K)
[2.128s][info][gc,metaspace   ] GC(66) Metaspace: 6303K(6528K)->6303K(6528K) NonClass: 5770K(5888K)->5770K(5888K) Class: 533K(640K)->533K(640K)
[2.128s][info][gc             ] GC(66) Pause Young (Allocation Failure) 330M->330M(404M) 26.980ms
[2.128s][info][gc,cpu         ] GC(66) User=0.12s Sys=0.00s Real=0.03s
[2.145s][info][gc,start       ] GC(67) Pause Young (Allocation Failure)
[2.165s][info][gc,heap        ] GC(67) PSYoungGen: 34144K(53760K)->34208K(50688K) Eden: 14336K(14336K)->0K(12800K) From: 19808K(39424K)->34208K(37888K)
[2.165s][info][gc,heap        ] GC(67) ParOldGen: 318408K(359936K)->318408K(359936K)
[2.165s][info][gc,metaspace   ] GC(67) Metaspace: 6303K(6528K)->6303K(6528K) NonClass: 5770K(5888K)->5770K(5888K) Class: 533K(640K)->533K(640K)
[2.165s][info][gc             ] GC(67) Pause Young (Allocation Failure) 344M->344M(401M) 20.276ms
[2.165s][info][gc,cpu         ] GC(67) User=0.11s Sys=0.00s Real=0.02s
[2.238s][info][gc,start       ] GC(68) Pause Young (Allocation Failure)
[2.271s][info][gc,heap        ] GC(68) PSYoungGen: 47008K(50688K)->40960K(53760K) Eden: 12800K(12800K)->0K(12800K) From: 34208K(37888K)->40960K(40960K)
[2.271s][info][gc,heap        ] GC(68) ParOldGen: 334792K(359936K)->340760K(359936K)
[2.271s][info][gc,metaspace   ] GC(68) Metaspace: 6303K(6528K)->6303K(6528K) NonClass: 5770K(5888K)->5770K(5888K) Class: 533K(640K)->533K(640K)
[2.271s][info][gc             ] GC(68) Pause Young (Allocation Failure) 372M->372M(404M) 32.849ms
[2.271s][info][gc,cpu         ] GC(68) User=0.22s Sys=0.00s Real=0.03s
[2.285s][info][gc,start       ] GC(69) Pause Young (Allocation Failure)
[2.317s][info][gc,heap        ] GC(69) PSYoungGen: 53760K(53760K)->36352K(60416K) Eden: 12800K(12800K)->0K(12288K) From: 40960K(40960K)->36352K(48128K)
[2.317s][info][gc,heap        ] GC(69) ParOldGen: 340760K(359936K)->358560K(359936K)
[2.317s][info][gc,metaspace   ] GC(69) Metaspace: 6303K(6528K)->6303K(6528K) NonClass: 5770K(5888K)->5770K(5888K) Class: 533K(640K)->533K(640K)
[2.317s][info][gc             ] GC(69) Pause Young (Allocation Failure) 385M->385M(410M) 31.787ms
[2.317s][info][gc,cpu         ] GC(69) User=0.09s Sys=0.03s Real=0.03s
[2.317s][info][gc,start       ] GC(70) Pause Full (Ergonomics)
[2.317s][info][gc,phases,start] GC(70) Marking Phase
[2.408s][info][gc,phases      ] GC(70) Marking Phase 90.993ms
[2.408s][info][gc,phases,start] GC(70) Summary Phase
[2.408s][info][gc,phases      ] GC(70) Summary Phase 0.020ms
[2.408s][info][gc,phases,start] GC(70) Adjust Roots
[2.408s][info][gc,phases      ] GC(70) Adjust Roots 0.196ms
[2.408s][info][gc,phases,start] GC(70) Compaction Phase
[2.488s][info][gc,phases      ] GC(70) Compaction Phase 79.675ms
[2.488s][info][gc,phases,start] GC(70) Post Compact
[2.490s][info][gc,phases      ] GC(70) Post Compact 2.286ms
[2.490s][info][gc,heap        ] GC(70) PSYoungGen: 36352K(60416K)->26419K(60416K) Eden: 0K(12288K)->0K(12288K) From: 36352K(48128K)->26419K(48128K)
[2.490s][info][gc,heap        ] GC(70) ParOldGen: 358560K(359936K)->359596K(409600K)
[2.490s][info][gc,metaspace   ] GC(70) Metaspace: 6303K(6528K)->6303K(6528K) NonClass: 5770K(5888K)->5770K(5888K) Class: 533K(640K)->533K(640K)
[2.491s][info][gc             ] GC(70) Pause Full (Ergonomics) 385M->376M(459M) 173.715ms
[2.491s][info][gc,cpu         ] GC(70) User=0.84s Sys=0.00s Real=0.17s
[2.504s][info][gc,start       ] GC(71) Pause Young (Allocation Failure)
[2.536s][info][gc,heap        ] GC(71) PSYoungGen: 38707K(60416K)->28832K(62464K) Eden: 12288K(12288K)->0K(12288K) From: 26419K(48128K)->28832K(50176K)
[2.536s][info][gc,heap        ] GC(71) ParOldGen: 359596K(409600K)->369772K(409600K)
[2.536s][info][gc,metaspace   ] GC(71) Metaspace: 6303K(6528K)->6303K(6528K) NonClass: 5770K(5888K)->5770K(5888K) Class: 533K(640K)->533K(640K)
[2.536s][info][gc             ] GC(71) Pause Young (Allocation Failure) 388M->389M(461M) 32.106ms
[2.536s][info][gc,cpu         ] GC(71) User=0.16s Sys=0.02s Real=0.03s
[2.549s][info][gc,start       ] GC(72) Pause Young (Allocation Failure)
[2.569s][info][gc,heap        ] GC(72) PSYoungGen: 41120K(62464K)->41120K(59392K) Eden: 12288K(12288K)->0K(10752K) From: 28832K(50176K)->41120K(48640K)
[2.570s][info][gc,heap        ] GC(72) ParOldGen: 369772K(409600K)->369772K(409600K)
[2.570s][info][gc,metaspace   ] GC(72) Metaspace: 6303K(6528K)->6303K(6528K) NonClass: 5770K(5888K)->5770K(5888K) Class: 533K(640K)->533K(640K)
[2.570s][info][gc             ] GC(72) Pause Young (Allocation Failure) 401M->401M(458M) 20.229ms
[2.570s][info][gc,cpu         ] GC(72) User=0.11s Sys=0.00s Real=0.02s
[2.580s][info][gc,start       ] GC(73) Pause Young (Allocation Failure)
[2.604s][info][gc,heap        ] GC(73) PSYoungGen: 51872K(59392K)->45184K(62464K) Eden: 10752K(10752K)->0K(10752K) From: 41120K(48640K)->45184K(51712K)
[2.604s][info][gc,heap        ] GC(73) ParOldGen: 369772K(409600K)->376636K(409600K)
[2.604s][info][gc,metaspace   ] GC(73) Metaspace: 6303K(6528K)->6303K(6528K) NonClass: 5770K(5888K)->5770K(5888K) Class: 533K(640K)->533K(640K)
[2.605s][info][gc             ] GC(73) Pause Young (Allocation Failure) 411M->411M(461M) 24.068ms
[2.605s][info][gc,cpu         ] GC(73) User=0.14s Sys=0.00s Real=0.02s
[2.616s][info][gc,start       ] GC(74) Pause Young (Allocation Failure)
[2.641s][info][gc,heap        ] GC(74) PSYoungGen: 55936K(62464K)->46176K(64512K) Eden: 10752K(10752K)->0K(8704K) From: 45184K(51712K)->46176K(55808K)
[2.642s][info][gc,heap        ] GC(74) ParOldGen: 376636K(409600K)->386460K(409600K)
[2.642s][info][gc,metaspace   ] GC(74) Metaspace: 6303K(6528K)->6303K(6528K) NonClass: 5770K(5888K)->5770K(5888K) Class: 533K(640K)->533K(640K)
[2.642s][info][gc             ] GC(74) Pause Young (Allocation Failure) 422M->422M(463M) 25.763ms
[2.642s][info][gc,cpu         ] GC(74) User=0.25s Sys=0.00s Real=0.03s
[2.650s][info][gc,start       ] GC(75) Pause Young (Allocation Failure)
[2.676s][info][gc,heap        ] GC(75) PSYoungGen: 54880K(64512K)->30240K(39424K) Eden: 8704K(8704K)->0K(8704K) From: 46176K(55808K)->30240K(30720K)
[2.676s][info][gc,heap        ] GC(75) ParOldGen: 386460K(409600K)->411340K(411648K)
[2.676s][info][gc,metaspace   ] GC(75) Metaspace: 6303K(6528K)->6303K(6528K) NonClass: 5770K(5888K)->5770K(5888K) Class: 533K(640K)->533K(640K)
[2.676s][info][gc             ] GC(75) Pause Young (Allocation Failure) 430M->431M(440M) 26.025ms
[2.676s][info][gc,cpu         ] GC(75) User=0.12s Sys=0.00s Real=0.03s
[2.677s][info][gc,start       ] GC(76) Pause Full (Ergonomics)
[2.677s][info][gc,phases,start] GC(76) Marking Phase
[2.771s][info][gc,phases      ] GC(76) Marking Phase 94.588ms
[2.771s][info][gc,phases,start] GC(76) Summary Phase
[2.771s][info][gc,phases      ] GC(76) Summary Phase 0.020ms
[2.771s][info][gc,phases,start] GC(76) Adjust Roots
[2.771s][info][gc,phases      ] GC(76) Adjust Roots 0.148ms
[2.771s][info][gc,phases,start] GC(76) Compaction Phase
[2.822s][info][gc,phases      ] GC(76) Compaction Phase 50.185ms
[2.822s][info][gc,phases,start] GC(76) Post Compact
[2.824s][info][gc,phases      ] GC(76) Post Compact 2.194ms
[2.824s][info][gc,heap        ] GC(76) PSYoungGen: 30240K(39424K)->29096K(39424K) Eden: 0K(8704K)->0K(8704K) From: 30240K(30720K)->29096K(30720K)
[2.824s][info][gc,heap        ] GC(76) ParOldGen: 411340K(411648K)->411551K(469504K)
[2.824s][info][gc,metaspace   ] GC(76) Metaspace: 6303K(6528K)->6303K(6528K) NonClass: 5770K(5888K)->5770K(5888K) Class: 533K(640K)->533K(640K)
[2.824s][info][gc             ] GC(76) Pause Full (Ergonomics) 431M->430M(497M) 147.696ms
[2.824s][info][gc,cpu         ] GC(76) User=1.09s Sys=0.00s Real=0.15s
[2.833s][info][gc,start       ] GC(77) Pause Young (Allocation Failure)
[2.866s][info][gc,heap        ] GC(77) PSYoungGen: 37800K(39424K)->17248K(67072K) Eden: 8704K(8704K)->0K(10240K) From: 29096K(30720K)->17248K(56832K)
[2.866s][info][gc,heap        ] GC(77) ParOldGen: 411551K(469504K)->432559K(469504K)
[2.866s][info][gc,metaspace   ] GC(77) Metaspace: 6303K(6528K)->6303K(6528K) NonClass: 5770K(5888K)->5770K(5888K) Class: 533K(640K)->533K(640K)
[2.866s][info][gc             ] GC(77) Pause Young (Allocation Failure) 438M->439M(524M) 33.026ms
[2.866s][info][gc,cpu         ] GC(77) User=0.14s Sys=0.00s Real=0.03s
[2.877s][info][gc,start       ] GC(78) Pause Young (Allocation Failure)
[2.893s][info][gc,heap        ] GC(78) PSYoungGen: 27488K(67072K)->19040K(67072K) Eden: 10240K(10240K)->0K(10240K) From: 17248K(56832K)->19040K(56832K)
[2.893s][info][gc,heap        ] GC(78) ParOldGen: 432559K(469504K)->441111K(469504K)
[2.893s][info][gc,metaspace   ] GC(78) Metaspace: 6303K(6528K)->6303K(6528K) NonClass: 5770K(5888K)->5770K(5888K) Class: 533K(640K)->533K(640K)
[2.893s][info][gc             ] GC(78) Pause Young (Allocation Failure) 449M->449M(524M) 15.919ms
[2.893s][info][gc,cpu         ] GC(78) User=0.02s Sys=0.00s Real=0.02s
[2.905s][info][gc,start       ] GC(79) Pause Young (Allocation Failure)
[2.920s][info][gc,heap        ] GC(79) PSYoungGen: 29280K(67072K)->20544K(65536K) Eden: 10240K(10240K)->0K(11776K) From: 19040K(56832K)->20544K(53760K)
[2.920s][info][gc,heap        ] GC(79) ParOldGen: 441111K(469504K)->449927K(469504K)
[2.920s][info][gc,metaspace   ] GC(79) Metaspace: 6303K(6528K)->6303K(6528K) NonClass: 5770K(5888K)->5770K(5888K) Class: 533K(640K)->533K(640K)
[2.920s][info][gc             ] GC(79) Pause Young (Allocation Failure) 459M->459M(522M) 14.896ms
[2.920s][info][gc,cpu         ] GC(79) User=0.03s Sys=0.00s Real=0.02s
[2.920s][info][gc,start       ] GC(80) Pause Full (Ergonomics)
[2.920s][info][gc,phases,start] GC(80) Marking Phase
[3.020s][info][gc,phases      ] GC(80) Marking Phase 99.115ms
[3.020s][info][gc,phases,start] GC(80) Summary Phase
[3.020s][info][gc,phases      ] GC(80) Summary Phase 0.030ms
[3.020s][info][gc,phases,start] GC(80) Adjust Roots
[3.020s][info][gc,phases      ] GC(80) Adjust Roots 0.250ms
[3.020s][info][gc,phases,start] GC(80) Compaction Phase
[3.066s][info][gc,phases      ] GC(80) Compaction Phase 45.917ms
[3.066s][info][gc,phases,start] GC(80) Post Compact
[3.068s][info][gc,phases      ] GC(80) Post Compact 2.275ms
[3.069s][info][gc,heap        ] GC(80) PSYoungGen: 20544K(65536K)->486K(66560K) Eden: 0K(11776K)->0K(12800K) From: 20544K(53760K)->486K(53760K)
[3.069s][info][gc,heap        ] GC(80) ParOldGen: 449927K(469504K)->469248K(531968K)
[3.069s][info][gc,metaspace   ] GC(80) Metaspace: 6303K(6528K)->6303K(6528K) NonClass: 5770K(5888K)->5770K(5888K) Class: 533K(640K)->533K(640K)
[3.069s][info][gc             ] GC(80) Pause Full (Ergonomics) 459M->458M(584M) 148.233ms
[3.069s][info][gc,cpu         ] GC(80) User=1.03s Sys=0.00s Real=0.15s
[3.083s][info][gc,start       ] GC(81) Pause Young (Allocation Failure)
[3.109s][info][gc,heap        ] GC(81) PSYoungGen: 13286K(66560K)->12960K(67584K) Eden: 12800K(12800K)->0K(12800K) From: 486K(53760K)->12960K(54784K)
[3.109s][info][gc,heap        ] GC(81) ParOldGen: 469248K(531968K)->469792K(531968K)
[3.109s][info][gc,metaspace   ] GC(81) Metaspace: 6303K(6528K)->6303K(6528K) NonClass: 5770K(5888K)->5770K(5888K) Class: 533K(640K)->533K(640K)
[3.109s][info][gc             ] GC(81) Pause Young (Allocation Failure) 471M->471M(585M) 26.505ms
[3.109s][info][gc,cpu         ] GC(81) User=0.16s Sys=0.00s Real=0.03s
[3.123s][info][gc,start       ] GC(82) Pause Young (Allocation Failure)
[3.137s][info][gc,heap        ] GC(82) PSYoungGen: 25760K(67584K)->25728K(63488K) Eden: 12800K(12800K)->0K(14336K) From: 12960K(54784K)->25728K(49152K)
[3.137s][info][gc,heap        ] GC(82) ParOldGen: 469792K(531968K)->469792K(531968K)
[3.137s][info][gc,metaspace   ] GC(82) Metaspace: 6303K(6528K)->6303K(6528K) NonClass: 5770K(5888K)->5770K(5888K) Class: 533K(640K)->533K(640K)
[3.137s][info][gc             ] GC(82) Pause Young (Allocation Failure) 483M->483M(581M) 14.172ms
[3.137s][info][gc,cpu         ] GC(82) User=0.02s Sys=0.00s Real=0.01s
[3.152s][info][gc,start       ] GC(83) Pause Young (Allocation Failure)
[3.172s][info][gc,heap        ] GC(83) PSYoungGen: 40064K(63488K)->40032K(66048K) Eden: 14336K(14336K)->0K(14336K) From: 25728K(49152K)->40032K(51712K)
[3.172s][info][gc,heap        ] GC(83) ParOldGen: 469792K(531968K)->469792K(531968K)
[3.172s][info][gc,metaspace   ] GC(83) Metaspace: 6303K(6528K)->6303K(6528K) NonClass: 5770K(5888K)->5770K(5888K) Class: 533K(640K)->533K(640K)
[3.172s][info][gc             ] GC(83) Pause Young (Allocation Failure) 497M->497M(584M) 19.915ms
[3.172s][info][gc,cpu         ] GC(83) User=0.12s Sys=0.00s Real=0.02s
[3.188s][info][gc,start       ] GC(84) Pause Young (Allocation Failure)
[3.214s][info][gc,heap        ] GC(84) PSYoungGen: 54368K(66048K)->41568K(67584K) Eden: 14336K(14336K)->0K(13312K) From: 40032K(51712K)->41568K(54272K)
[3.214s][info][gc,heap        ] GC(84) ParOldGen: 469792K(531968K)->482768K(531968K)
[3.214s][info][gc,metaspace   ] GC(84) Metaspace: 6303K(6528K)->6303K(6528K) NonClass: 5770K(5888K)->5770K(5888K) Class: 533K(640K)->533K(640K)
[3.214s][info][gc             ] GC(84) Pause Young (Allocation Failure) 511M->512M(585M) 25.865ms
[3.214s][info][gc,cpu         ] GC(84) User=0.14s Sys=0.00s Real=0.03s
[3.228s][info][gc,start       ] GC(85) Pause Young (Allocation Failure)
[3.254s][info][gc,heap        ] GC(85) PSYoungGen: 54880K(67584K)->42112K(70144K) Eden: 13312K(13312K)->0K(13312K) From: 41568K(54272K)->42112K(56832K)
[3.254s][info][gc,heap        ] GC(85) ParOldGen: 482768K(531968K)->495760K(531968K)
[3.254s][info][gc,metaspace   ] GC(85) Metaspace: 6303K(6528K)->6303K(6528K) NonClass: 5770K(5888K)->5770K(5888K) Class: 533K(640K)->533K(640K)
[3.254s][info][gc             ] GC(85) Pause Young (Allocation Failure) 525M->525M(588M) 26.554ms
[3.254s][info][gc,cpu         ] GC(85) User=0.12s Sys=0.00s Real=0.03s
[3.269s][info][gc,start       ] GC(86) Pause Young (Allocation Failure)
[3.295s][info][gc,heap        ] GC(86) PSYoungGen: 55424K(70144K)->41120K(73216K) Eden: 13312K(13312K)->0K(14336K) From: 42112K(56832K)->41120K(58880K)
[3.295s][info][gc,heap        ] GC(86) ParOldGen: 495760K(531968K)->510280K(531968K)
[3.295s][info][gc,metaspace   ] GC(86) Metaspace: 6303K(6528K)->6303K(6528K) NonClass: 5770K(5888K)->5770K(5888K) Class: 533K(640K)->533K(640K)
[3.295s][info][gc             ] GC(86) Pause Young (Allocation Failure) 538M->538M(591M) 26.536ms
[3.295s][info][gc,cpu         ] GC(86) User=0.14s Sys=0.00s Real=0.03s
[3.295s][info][gc,start       ] GC(87) Pause Full (Ergonomics)
[3.295s][info][gc,phases,start] GC(87) Marking Phase
[3.417s][info][gc,phases      ] GC(87) Marking Phase 121.271ms
[3.417s][info][gc,phases,start] GC(87) Summary Phase
[3.417s][info][gc,phases      ] GC(87) Summary Phase 0.030ms
[3.417s][info][gc,phases,start] GC(87) Adjust Roots
[3.417s][info][gc,phases      ] GC(87) Adjust Roots 0.154ms
[3.417s][info][gc,phases,start] GC(87) Compaction Phase
[3.469s][info][gc,phases      ] GC(87) Compaction Phase 51.700ms
[3.469s][info][gc,phases,start] GC(87) Post Compact
[3.470s][info][gc,phases      ] GC(87) Post Compact 0.948ms
[3.470s][info][gc,heap        ] GC(87) PSYoungGen: 41120K(73216K)->18890K(73216K) Eden: 0K(14336K)->0K(14336K) From: 41120K(58880K)->18890K(58880K)
[3.470s][info][gc,heap        ] GC(87) ParOldGen: 510280K(531968K)->531550K(599040K)
[3.470s][info][gc,metaspace   ] GC(87) Metaspace: 6303K(6528K)->6303K(6528K) NonClass: 5770K(5888K)->5770K(5888K) Class: 533K(640K)->533K(640K)
[3.470s][info][gc             ] GC(87) Pause Full (Ergonomics) 538M->537M(656M) 174.614ms
[3.470s][info][gc,cpu         ] GC(87) User=1.16s Sys=0.03s Real=0.17s
[3.486s][info][gc,start       ] GC(88) Pause Young (Allocation Failure)
[3.527s][info][gc,heap        ] GC(88) PSYoungGen: 33226K(73216K)->21056K(74240K) Eden: 14336K(14336K)->0K(14336K) From: 18890K(58880K)->21056K(59904K)
[3.527s][info][gc,heap        ] GC(88) ParOldGen: 531550K(599040K)->544078K(599040K)
[3.527s][info][gc,metaspace   ] GC(88) Metaspace: 6303K(6528K)->6303K(6528K) NonClass: 5770K(5888K)->5770K(5888K) Class: 533K(640K)->533K(640K)
[3.527s][info][gc             ] GC(88) Pause Young (Allocation Failure) 551M->551M(657M) 40.563ms
[3.527s][info][gc,cpu         ] GC(88) User=0.22s Sys=0.00s Real=0.04s
[3.543s][info][gc,start       ] GC(89) Pause Young (Allocation Failure)
[3.563s][info][gc,heap        ] GC(89) PSYoungGen: 35392K(74240K)->28768K(70656K) Eden: 14336K(14336K)->0K(16384K) From: 21056K(59904K)->28768K(54272K)
[3.563s][info][gc,heap        ] GC(89) ParOldGen: 544078K(599040K)->550766K(599040K)
[3.563s][info][gc,metaspace   ] GC(89) Metaspace: 6303K(6528K)->6303K(6528K) NonClass: 5770K(5888K)->5770K(5888K) Class: 533K(640K)->533K(640K)
[3.563s][info][gc             ] GC(89) Pause Young (Allocation Failure) 565M->565M(654M) 19.723ms
[3.563s][info][gc,cpu         ] GC(89) User=0.12s Sys=0.00s Real=0.02s
[3.582s][info][gc,start       ] GC(90) Pause Young (Allocation Failure)
[3.605s][info][gc,heap        ] GC(90) PSYoungGen: 45152K(70656K)->30848K(72704K) Eden: 16384K(16384K)->0K(16384K) From: 28768K(54272K)->30848K(56320K)
[3.605s][info][gc,heap        ] GC(90) ParOldGen: 550766K(599040K)->565310K(599040K)
[3.605s][info][gc,metaspace   ] GC(90) Metaspace: 6303K(6528K)->6303K(6528K) NonClass: 5770K(5888K)->5770K(5888K) Class: 533K(640K)->533K(640K)
[3.605s][info][gc             ] GC(90) Pause Young (Allocation Failure) 581M->582M(656M) 23.467ms
[3.605s][info][gc,cpu         ] GC(90) User=0.14s Sys=0.00s Real=0.02s
[3.625s][info][gc,start       ] GC(91) Pause Young (Allocation Failure)
[3.650s][info][gc,heap        ] GC(91) PSYoungGen: 47232K(72704K)->32896K(69632K) Eden: 16384K(16384K)->0K(18432K) From: 30848K(56320K)->32896K(51200K)
[3.650s][info][gc,heap        ] GC(91) ParOldGen: 565310K(599040K)->579854K(599040K)
[3.650s][info][gc,metaspace   ] GC(91) Metaspace: 6303K(6528K)->6303K(6528K) NonClass: 5770K(5888K)->5770K(5888K) Class: 533K(640K)->533K(640K)
[3.650s][info][gc             ] GC(91) Pause Young (Allocation Failure) 598M->598M(653M) 25.094ms
[3.650s][info][gc,cpu         ] GC(91) User=0.14s Sys=0.00s Real=0.03s
[3.650s][info][gc,start       ] GC(92) Pause Full (Ergonomics)
[3.650s][info][gc,phases,start] GC(92) Marking Phase
[3.783s][info][gc,phases      ] GC(92) Marking Phase 133.636ms
[3.783s][info][gc,phases,start] GC(92) Summary Phase
[3.784s][info][gc,phases      ] GC(92) Summary Phase 0.022ms
[3.784s][info][gc,phases,start] GC(92) Adjust Roots
[3.784s][info][gc,phases      ] GC(92) Adjust Roots 0.154ms
[3.784s][info][gc,phases,start] GC(92) Compaction Phase
[3.840s][info][gc,phases      ] GC(92) Compaction Phase 55.822ms
[3.840s][info][gc,phases,start] GC(92) Post Compact
[3.841s][info][gc,phases      ] GC(92) Post Compact 1.048ms
[3.841s][info][gc,heap        ] GC(92) PSYoungGen: 32896K(69632K)->12781K(71168K) Eden: 0K(18432K)->0K(19968K) From: 32896K(51200K)->12781K(51200K)
[3.841s][info][gc,heap        ] GC(92) ParOldGen: 579854K(599040K)->598982K(671232K)
[3.841s][info][gc,metaspace   ] GC(92) Metaspace: 6303K(6528K)->6303K(6528K) NonClass: 5770K(5888K)->5770K(5888K) Class: 533K(640K)->533K(640K)
[3.841s][info][gc             ] GC(92) Pause Full (Ergonomics) 598M->597M(725M) 191.206ms
[3.841s][info][gc,cpu         ] GC(92) User=1.30s Sys=0.00s Real=0.19s
[3.865s][info][gc,start       ] GC(93) Pause Young (Allocation Failure)
[3.906s][info][gc,heap        ] GC(93) PSYoungGen: 32749K(71168K)->25824K(72704K) Eden: 19968K(19968K)->0K(19968K) From: 12781K(51200K)->25824K(52736K)
[3.906s][info][gc,heap        ] GC(93) ParOldGen: 598982K(671232K)->606134K(671232K)
[3.906s][info][gc,metaspace   ] GC(93) Metaspace: 6303K(6528K)->6303K(6528K) NonClass: 5770K(5888K)->5770K(5888K) Class: 533K(640K)->533K(640K)
[3.906s][info][gc             ] GC(93) Pause Young (Allocation Failure) 616M->617M(726M) 40.990ms
[3.906s][info][gc,cpu         ] GC(93) User=0.22s Sys=0.05s Real=0.04s
[3.930s][info][gc,start       ] GC(94) Pause Young (Allocation Failure)
[3.956s][info][gc,heap        ] GC(94) PSYoungGen: 45792K(72704K)->45856K(69632K) Eden: 19968K(19968K)->0K(18432K) From: 25824K(52736K)->45856K(51200K)
[3.956s][info][gc,heap        ] GC(94) ParOldGen: 606134K(671232K)->606134K(671232K)
[3.956s][info][gc,metaspace   ] GC(94) Metaspace: 6303K(6528K)->6303K(6528K) NonClass: 5770K(5888K)->5770K(5888K) Class: 533K(640K)->533K(640K)
[3.956s][info][gc             ] GC(94) Pause Young (Allocation Failure) 636M->636M(723M) 25.194ms
[3.956s][info][gc,cpu         ] GC(94) User=0.12s Sys=0.00s Real=0.03s
[3.977s][info][gc,start       ] GC(95) Pause Young (Allocation Failure)
[4.009s][info][gc,heap        ] GC(95) PSYoungGen: 64288K(69632K)->54784K(73216K) Eden: 18432K(18432K)->0K(18432K) From: 45856K(51200K)->54784K(54784K)
[4.009s][info][gc,heap        ] GC(95) ParOldGen: 606134K(671232K)->615630K(671232K)
[4.009s][info][gc,metaspace   ] GC(95) Metaspace: 6303K(6528K)->6303K(6528K) NonClass: 5770K(5888K)->5770K(5888K) Class: 533K(640K)->533K(640K)
[4.009s][info][gc             ] GC(95) Pause Young (Allocation Failure) 654M->654M(727M) 32.001ms
[4.009s][info][gc,cpu         ] GC(95) User=0.12s Sys=0.00s Real=0.03s
[4.031s][info][gc,start       ] GC(96) Pause Young (Allocation Failure)
[4.066s][info][gc,heap        ] GC(96) PSYoungGen: 73216K(73216K)->52032K(81408K) Eden: 18432K(18432K)->0K(16896K) From: 54784K(54784K)->52032K(64512K)
[4.066s][info][gc,heap        ] GC(96) ParOldGen: 615630K(671232K)->637230K(671232K)
[4.067s][info][gc,metaspace   ] GC(96) Metaspace: 6303K(6528K)->6303K(6528K) NonClass: 5770K(5888K)->5770K(5888K) Class: 533K(640K)->533K(640K)
[4.067s][info][gc             ] GC(96) Pause Young (Allocation Failure) 672M->673M(735M) 35.118ms
[4.067s][info][gc,cpu         ] GC(96) User=0.22s Sys=0.03s Real=0.03s
[4.218s][info][gc,start       ] GC(97) Pause Full (Ergonomics)
[4.219s][info][gc,phases,start] GC(97) Marking Phase
[4.376s][info][gc,phases      ] GC(97) Marking Phase 157.281ms
[4.376s][info][gc,phases,start] GC(97) Summary Phase
[4.376s][info][gc,phases      ] GC(97) Summary Phase 0.024ms
[4.376s][info][gc,phases,start] GC(97) Adjust Roots
[4.376s][info][gc,phases      ] GC(97) Adjust Roots 0.153ms
[4.376s][info][gc,phases,start] GC(97) Compaction Phase
[4.510s][info][gc,phases      ] GC(97) Compaction Phase 134.163ms
[4.510s][info][gc,phases,start] GC(97) Post Compact
[4.512s][info][gc,phases      ] GC(97) Post Compact 1.626ms
[4.512s][info][gc,heap        ] GC(97) PSYoungGen: 68928K(81408K)->50776K(81408K) Eden: 16896K(16896K)->0K(16896K) From: 52032K(64512K)->50776K(64512K)
[4.512s][info][gc,heap        ] GC(97) ParOldGen: 669998K(671232K)->670905K(749056K)
[4.512s][info][gc,metaspace   ] GC(97) Metaspace: 6303K(6528K)->6303K(6528K) NonClass: 5770K(5888K)->5770K(5888K) Class: 533K(640K)->533K(640K)
[4.512s][info][gc             ] GC(97) Pause Full (Ergonomics) 721M->704M(811M) 293.963ms
[4.512s][info][gc,cpu         ] GC(97) User=1.73s Sys=0.00s Real=0.29s
[4.531s][info][gc,start       ] GC(98) Pause Young (Allocation Failure)
[4.587s][info][gc,heap        ] GC(98) PSYoungGen: 67672K(81408K)->51232K(84992K) Eden: 16896K(16896K)->0K(16896K) From: 50776K(64512K)->51232K(68096K)
[4.587s][info][gc,heap        ] GC(98) ParOldGen: 670905K(749056K)->687873K(749056K)
[4.587s][info][gc,metaspace   ] GC(98) Metaspace: 6303K(6528K)->6303K(6528K) NonClass: 5770K(5888K)->5770K(5888K) Class: 533K(640K)->533K(640K)
[4.587s][info][gc             ] GC(98) Pause Young (Allocation Failure) 721M->721M(814M) 55.409ms
[4.587s][info][gc,cpu         ] GC(98) User=0.39s Sys=0.00s Real=0.05s
[4.605s][info][gc,start       ] GC(99) Pause Young (Allocation Failure)
[4.637s][info][gc,heap        ] GC(99) PSYoungGen: 68128K(84992K)->68096K(80896K) Eden: 16896K(16896K)->0K(10752K) From: 51232K(68096K)->68096K(70144K)
[4.637s][info][gc,heap        ] GC(99) ParOldGen: 687873K(749056K)->687873K(749056K)
[4.637s][info][gc,metaspace   ] GC(99) Metaspace: 6303K(6528K)->6303K(6528K) NonClass: 5770K(5888K)->5770K(5888K) Class: 533K(640K)->533K(640K)
[4.637s][info][gc             ] GC(99) Pause Young (Allocation Failure) 738M->738M(810M) 32.499ms
[4.637s][info][gc,cpu         ] GC(99) User=0.14s Sys=0.00s Real=0.03s
[4.648s][info][gc,start       ] GC(100) Pause Young (Allocation Failure)
[4.684s][info][gc,heap        ] GC(100) PSYoungGen: 78848K(80896K)->62592K(89088K) Eden: 10752K(10752K)->0K(10752K) From: 68096K(70144K)->62592K(78336K)
[4.684s][info][gc,heap        ] GC(100) ParOldGen: 687873K(749056K)->704305K(749056K)
[4.684s][info][gc,metaspace   ] GC(100) Metaspace: 6303K(6528K)->6303K(6528K) NonClass: 5770K(5888K)->5770K(5888K) Class: 533K(640K)->533K(640K)
[4.684s][info][gc             ] GC(100) Pause Young (Allocation Failure) 748M->748M(818M) 35.522ms
[4.684s][info][gc,cpu         ] GC(100) User=0.25s Sys=0.00s Real=0.04s
[4.695s][info][gc,start       ] GC(101) Pause Young (Allocation Failure)
[4.730s][info][gc,heap        ] GC(101) PSYoungGen: 73344K(89088K)->38560K(88576K) Eden: 10752K(10752K)->0K(12288K) From: 62592K(78336K)->38560K(76288K)
[4.730s][info][gc,heap        ] GC(101) ParOldGen: 704305K(749056K)->739561K(749056K)
[4.730s][info][gc,metaspace   ] GC(101) Metaspace: 6303K(6528K)->6303K(6528K) NonClass: 5770K(5888K)->5770K(5888K) Class: 533K(640K)->533K(640K)
[4.730s][info][gc             ] GC(101) Pause Young (Allocation Failure) 759M->759M(818M) 34.468ms
[4.730s][info][gc,cpu         ] GC(101) User=0.22s Sys=0.03s Real=0.03s
[4.730s][info][gc,start       ] GC(102) Pause Full (Ergonomics)
[4.730s][info][gc,phases,start] GC(102) Marking Phase
[4.897s][info][gc,phases      ] GC(102) Marking Phase 167.126ms
[4.897s][info][gc,phases,start] GC(102) Summary Phase
[4.897s][info][gc,phases      ] GC(102) Summary Phase 0.022ms
[4.897s][info][gc,phases,start] GC(102) Adjust Roots
[4.897s][info][gc,phases      ] GC(102) Adjust Roots 0.153ms
[4.897s][info][gc,phases,start] GC(102) Compaction Phase
[4.976s][info][gc,phases      ] GC(102) Compaction Phase 78.820ms
[4.976s][info][gc,phases,start] GC(102) Post Compact
[4.978s][info][gc,phases      ] GC(102) Post Compact 1.373ms
[4.978s][info][gc,heap        ] GC(102) PSYoungGen: 38560K(88576K)->28088K(90112K) Eden: 0K(12288K)->0K(13824K) From: 38560K(76288K)->28088K(76288K)
[4.978s][info][gc,heap        ] GC(102) ParOldGen: 739561K(749056K)->748768K(841216K)
[4.978s][info][gc,metaspace   ] GC(102) Metaspace: 6303K(6528K)->6303K(6528K) NonClass: 5770K(5888K)->5770K(5888K) Class: 533K(640K)->533K(640K)
[4.978s][info][gc             ] GC(102) Pause Full (Ergonomics) 759M->758M(909M) 248.121ms
[4.978s][info][gc,cpu         ] GC(102) User=1.59s Sys=0.02s Real=0.25s
[4.994s][info][gc,start       ] GC(103) Pause Young (Allocation Failure)
[5.042s][info][gc,heap        ] GC(103) PSYoungGen: 41912K(90112K)->20928K(93184K) Eden: 13824K(13824K)->0K(13824K) From: 28088K(76288K)->20928K(79360K)
[5.042s][info][gc,heap        ] GC(103) ParOldGen: 748768K(841216K)->770256K(841216K)
[5.042s][info][gc,metaspace   ] GC(103) Metaspace: 6303K(6528K)->6303K(6528K) NonClass: 5770K(5888K)->5770K(5888K) Class: 533K(640K)->533K(640K)
[5.042s][info][gc             ] GC(103) Pause Young (Allocation Failure) 772M->772M(912M) 47.839ms
[5.042s][info][gc,cpu         ] GC(103) User=0.27s Sys=0.00s Real=0.05s
[5.056s][info][gc,start       ] GC(104) Pause Young (Allocation Failure)
[5.075s][info][gc,heap        ] GC(104) PSYoungGen: 34752K(93184K)->27776K(92672K) Eden: 13824K(13824K)->0K(15872K) From: 20928K(79360K)->27776K(76800K)
[5.075s][info][gc,heap        ] GC(104) ParOldGen: 770256K(841216K)->777296K(841216K)
[5.075s][info][gc,metaspace   ] GC(104) Metaspace: 6303K(6528K)->6303K(6528K) NonClass: 5770K(5888K)->5770K(5888K) Class: 533K(640K)->533K(640K)
[5.075s][info][gc             ] GC(104) Pause Young (Allocation Failure) 786M->786M(912M) 18.729ms
[5.075s][info][gc,cpu         ] GC(104) User=0.03s Sys=0.00s Real=0.02s
[5.091s][info][gc,start       ] GC(105) Pause Young (Allocation Failure)
[5.114s][info][gc,heap        ] GC(105) PSYoungGen: 43648K(92672K)->29856K(93696K) Eden: 15872K(15872K)->0K(15872K) From: 27776K(76800K)->29856K(77824K)
[5.114s][info][gc,heap        ] GC(105) ParOldGen: 777296K(841216K)->791296K(841216K)
[5.114s][info][gc,metaspace   ] GC(105) Metaspace: 6303K(6528K)->6303K(6528K) NonClass: 5770K(5888K)->5770K(5888K) Class: 533K(640K)->533K(640K)
[5.114s][info][gc             ] GC(105) Pause Young (Allocation Failure) 801M->801M(913M) 22.585ms
[5.114s][info][gc,cpu         ] GC(105) User=0.09s Sys=0.03s Real=0.02s
[5.131s][info][gc,start       ] GC(106) Pause Young (Allocation Failure)
[5.154s][info][gc,heap        ] GC(106) PSYoungGen: 45728K(93696K)->31872K(88576K) Eden: 15872K(15872K)->0K(17920K) From: 29856K(77824K)->31872K(70656K)
[5.154s][info][gc,heap        ] GC(106) ParOldGen: 791296K(841216K)->805312K(841216K)
[5.154s][info][gc,metaspace   ] GC(106) Metaspace: 6303K(6528K)->6303K(6528K) NonClass: 5770K(5888K)->5770K(5888K) Class: 533K(640K)->533K(640K)
[5.154s][info][gc             ] GC(106) Pause Young (Allocation Failure) 817M->817M(908M) 23.312ms
[5.154s][info][gc,cpu         ] GC(106) User=0.14s Sys=0.00s Real=0.02s
[5.173s][info][gc,start       ] GC(107) Pause Young (Allocation Failure)
[5.199s][info][gc,heap        ] GC(107) PSYoungGen: 49792K(88576K)->33888K(52224K) Eden: 17920K(17920K)->0K(17920K) From: 31872K(70656K)->33888K(34304K)
[5.199s][info][gc,heap        ] GC(107) ParOldGen: 805312K(841216K)->821408K(841216K)
[5.199s][info][gc,metaspace   ] GC(107) Metaspace: 6303K(6528K)->6303K(6528K) NonClass: 5770K(5888K)->5770K(5888K) Class: 533K(640K)->533K(640K)
[5.199s][info][gc             ] GC(107) Pause Young (Allocation Failure) 835M->835M(872M) 25.764ms
[5.199s][info][gc,cpu         ] GC(107) User=0.12s Sys=0.02s Real=0.03s
[5.199s][info][gc,start       ] GC(108) Pause Full (Ergonomics)
[5.199s][info][gc,phases,start] GC(108) Marking Phase
[5.389s][info][gc,phases      ] GC(108) Marking Phase 190.155ms
[5.389s][info][gc,phases,start] GC(108) Summary Phase
[5.389s][info][gc,phases      ] GC(108) Summary Phase 0.031ms
[5.389s][info][gc,phases,start] GC(108) Adjust Roots
[5.389s][info][gc,phases      ] GC(108) Adjust Roots 0.158ms
[5.389s][info][gc,phases,start] GC(108) Compaction Phase
[5.476s][info][gc,phases      ] GC(108) Compaction Phase 86.992ms
[5.476s][info][gc,phases,start] GC(108) Post Compact
[5.478s][info][gc,phases      ] GC(108) Post Compact 1.593ms
[5.479s][info][gc,heap        ] GC(108) PSYoungGen: 33888K(52224K)->13291K(52224K) Eden: 0K(17920K)->0K(17920K) From: 33888K(34304K)->13291K(34304K)
[5.479s][info][gc,heap        ] GC(108) ParOldGen: 821408K(841216K)->840724K(936448K)
[5.479s][info][gc,metaspace   ] GC(108) Metaspace: 6303K(6528K)->6303K(6528K) NonClass: 5770K(5888K)->5770K(5888K) Class: 533K(640K)->533K(640K)
[5.479s][info][gc             ] GC(108) Pause Full (Ergonomics) 835M->834M(965M) 279.726ms
[5.479s][info][gc,cpu         ] GC(108) User=1.78s Sys=0.03s Real=0.28s
[5.499s][info][gc,start       ] GC(109) Pause Young (Allocation Failure)
[5.548s][info][gc,heap        ] GC(109) PSYoungGen: 31211K(52224K)->18048K(90112K) Eden: 17920K(17920K)->0K(19968K) From: 13291K(34304K)->18048K(70144K)
[5.548s][info][gc,heap        ] GC(109) ParOldGen: 840724K(936448K)->854188K(936448K)
[5.548s][info][gc,metaspace   ] GC(109) Metaspace: 6303K(6528K)->6303K(6528K) NonClass: 5770K(5888K)->5770K(5888K) Class: 533K(640K)->533K(640K)
[5.548s][info][gc             ] GC(109) Pause Young (Allocation Failure) 851M->851M(1002M) 48.551ms
[5.548s][info][gc,cpu         ] GC(109) User=0.27s Sys=0.00s Real=0.05s
[5.571s][info][gc,start       ] GC(110) Pause Young (Allocation Failure)
[5.592s][info][gc,heap        ] GC(110) PSYoungGen: 38016K(90112K)->38016K(58368K) Eden: 19968K(19968K)->0K(19968K) From: 18048K(70144K)->38016K(38400K)
[5.592s][info][gc,heap        ] GC(110) ParOldGen: 854188K(936448K)->854188K(936448K)
[5.592s][info][gc,metaspace   ] GC(110) Metaspace: 6303K(6528K)->6303K(6528K) NonClass: 5770K(5888K)->5770K(5888K) Class: 533K(640K)->533K(640K)
[5.592s][info][gc             ] GC(110) Pause Young (Allocation Failure) 871M->871M(971M) 21.737ms
[5.592s][info][gc,cpu         ] GC(110) User=0.12s Sys=0.00s Real=0.02s
[5.614s][info][gc,start       ] GC(111) Pause Young (Allocation Failure)
[5.643s][info][gc,heap        ] GC(111) PSYoungGen: 57984K(58368K)->58048K(84480K) Eden: 19968K(19968K)->0K(16896K) From: 38016K(38400K)->58048K(67584K)
[5.643s][info][gc,heap        ] GC(111) ParOldGen: 854188K(936448K)->854188K(936448K)
[5.643s][info][gc,metaspace   ] GC(111) Metaspace: 6303K(6528K)->6303K(6528K) NonClass: 5770K(5888K)->5770K(5888K) Class: 533K(640K)->533K(640K)
[5.643s][info][gc             ] GC(111) Pause Young (Allocation Failure) 890M->890M(997M) 28.782ms
[5.643s][info][gc,cpu         ] GC(111) User=0.14s Sys=0.00s Real=0.03s
[5.661s][info][gc,start       ] GC(112) Pause Young (Allocation Failure)
[5.697s][info][gc,heap        ] GC(112) PSYoungGen: 74944K(84480K)->56992K(89600K) Eden: 16896K(16896K)->0K(16896K) From: 58048K(67584K)->56992K(72704K)
[5.697s][info][gc,heap        ] GC(112) ParOldGen: 854188K(936448K)->872364K(936448K)
[5.697s][info][gc,metaspace   ] GC(112) Metaspace: 6303K(6528K)->6303K(6528K) NonClass: 5770K(5888K)->5770K(5888K) Class: 533K(640K)->533K(640K)
[5.697s][info][gc             ] GC(112) Pause Young (Allocation Failure) 907M->907M(1002M) 36.087ms
[5.697s][info][gc,cpu         ] GC(112) User=0.27s Sys=0.00s Real=0.04s
[5.715s][info][gc,start       ] GC(113) Pause Young (Allocation Failure)
[5.751s][info][gc,heap        ] GC(113) PSYoungGen: 73888K(89600K)->53856K(93696K) Eden: 16896K(16896K)->0K(17408K) From: 56992K(72704K)->53856K(76288K)
[5.751s][info][gc,heap        ] GC(113) ParOldGen: 872364K(936448K)->892604K(936448K)
[5.751s][info][gc,metaspace   ] GC(113) Metaspace: 6303K(6528K)->6303K(6528K) NonClass: 5770K(5888K)->5770K(5888K) Class: 533K(640K)->533K(640K)
[5.751s][info][gc             ] GC(113) Pause Young (Allocation Failure) 924M->924M(1006M) 35.773ms
[5.751s][info][gc,cpu         ] GC(113) User=0.23s Sys=0.02s Real=0.03s
[5.770s][info][gc,start       ] GC(114) Pause Young (Allocation Failure)
[5.806s][info][gc,heap        ] GC(114) PSYoungGen: 71264K(93696K)->51392K(95232K) Eden: 17408K(17408K)->0K(17408K) From: 53856K(76288K)->51392K(77824K)
[5.806s][info][gc,heap        ] GC(114) ParOldGen: 892604K(936448K)->912844K(936448K)
[5.806s][info][gc,metaspace   ] GC(114) Metaspace: 6303K(6528K)->6303K(6528K) NonClass: 5770K(5888K)->5770K(5888K) Class: 533K(640K)->533K(640K)
[5.806s][info][gc             ] GC(114) Pause Young (Allocation Failure) 941M->941M(1007M) 35.793ms
[5.806s][info][gc,cpu         ] GC(114) User=0.20s Sys=0.05s Real=0.04s
[5.806s][info][gc,start       ] GC(115) Pause Full (Ergonomics)
[5.806s][info][gc,phases,start] GC(115) Marking Phase
[6.027s][info][gc,phases      ] GC(115) Marking Phase 220.694ms
[6.027s][info][gc,phases,start] GC(115) Summary Phase
[6.027s][info][gc,phases      ] GC(115) Summary Phase 0.023ms
[6.027s][info][gc,phases,start] GC(115) Adjust Roots
[6.027s][info][gc,phases      ] GC(115) Adjust Roots 0.153ms
[6.027s][info][gc,phases,start] GC(115) Compaction Phase
[6.116s][info][gc,phases      ] GC(115) Compaction Phase 89.180ms
[6.116s][info][gc,phases,start] GC(115) Post Compact
[6.118s][info][gc,phases      ] GC(115) Post Compact 1.858ms
[6.119s][info][gc,heap        ] GC(115) PSYoungGen: 51392K(95232K)->26580K(95232K) Eden: 0K(17408K)->0K(17408K) From: 51392K(77824K)->26580K(77824K)
[6.119s][info][gc,heap        ] GC(115) ParOldGen: 912844K(936448K)->936300K(1039360K)
[6.119s][info][gc,metaspace   ] GC(115) Metaspace: 6303K(6528K)->6303K(6528K) NonClass: 5770K(5888K)->5770K(5888K) Class: 533K(640K)->533K(640K)
[6.119s][info][gc             ] GC(115) Pause Full (Ergonomics) 941M->940M(1108M) 312.702ms
[6.119s][info][gc,cpu         ] GC(115) User=2.11s Sys=0.03s Real=0.31s
[6.138s][info][gc,start       ] GC(116) Pause Young (Allocation Failure)
[6.196s][info][gc,heap        ] GC(116) PSYoungGen: 43988K(95232K)->27232K(95744K) Eden: 17408K(17408K)->0K(19456K) From: 26580K(77824K)->27232K(76288K)
[6.196s][info][gc,heap        ] GC(116) ParOldGen: 936300K(1039360K)->953436K(1039360K)
[6.196s][info][gc,metaspace   ] GC(116) Metaspace: 6303K(6528K)->6303K(6528K) NonClass: 5770K(5888K)->5770K(5888K) Class: 533K(640K)->533K(640K)
[6.196s][info][gc             ] GC(116) Pause Young (Allocation Failure) 957M->957M(1108M) 58.501ms
[6.196s][info][gc,cpu         ] GC(116) User=0.36s Sys=0.00s Real=0.06s
[6.218s][info][gc,start       ] GC(117) Pause Young (Allocation Failure)
[6.244s][info][gc,heap        ] GC(117) PSYoungGen: 46688K(95744K)->36960K(56832K) Eden: 19456K(19456K)->0K(19456K) From: 27232K(76288K)->36960K(37376K)
[6.244s][info][gc,heap        ] GC(117) ParOldGen: 953436K(1039360K)->963284K(1039360K)
[6.244s][info][gc,metaspace   ] GC(117) Metaspace: 6303K(6528K)->6303K(6528K) NonClass: 5770K(5888K)->5770K(5888K) Class: 533K(640K)->533K(640K)
[6.244s][info][gc             ] GC(117) Pause Young (Allocation Failure) 976M->976M(1070M) 25.355ms
[6.244s][info][gc,cpu         ] GC(117) User=0.12s Sys=0.02s Real=0.02s
[6.266s][info][gc,start       ] GC(118) Pause Young (Allocation Failure)
[6.295s][info][gc,heap        ] GC(118) PSYoungGen: 56416K(56832K)->39040K(90624K) Eden: 19456K(19456K)->0K(22016K) From: 36960K(37376K)->39040K(68608K)
[6.295s][info][gc,heap        ] GC(118) ParOldGen: 963284K(1039360K)->980924K(1039360K)
[6.295s][info][gc,metaspace   ] GC(118) Metaspace: 6303K(6528K)->6303K(6528K) NonClass: 5770K(5888K)->5770K(5888K) Class: 533K(640K)->533K(640K)
[6.295s][info][gc             ] GC(118) Pause Young (Allocation Failure) 995M->996M(1103M) 29.367ms
[6.295s][info][gc,cpu         ] GC(118) User=0.14s Sys=0.00s Real=0.03s
[6.319s][info][gc,start       ] GC(119) Pause Young (Allocation Failure)
[6.351s][info][gc,heap        ] GC(119) PSYoungGen: 61056K(90624K)->41632K(93184K) Eden: 22016K(22016K)->0K(22016K) From: 39040K(68608K)->41632K(71168K)
[6.351s][info][gc,heap        ] GC(119) ParOldGen: 980924K(1039360K)->1000660K(1039360K)
[6.351s][info][gc,metaspace   ] GC(119) Metaspace: 6303K(6528K)->6303K(6528K) NonClass: 5770K(5888K)->5770K(5888K) Class: 533K(640K)->533K(640K)
[6.351s][info][gc             ] GC(119) Pause Young (Allocation Failure) 1017M->1017M(1106M) 32.516ms
[6.351s][info][gc,cpu         ] GC(119) User=0.20s Sys=0.00s Real=0.03s
[6.374s][info][gc,start       ] GC(120) Pause Young (Allocation Failure)
[6.407s][info][gc,heap        ] GC(120) PSYoungGen: 63648K(93184K)->44160K(90112K) Eden: 22016K(22016K)->0K(24576K) From: 41632K(71168K)->44160K(65536K)
[6.407s][info][gc,heap        ] GC(120) ParOldGen: 1000660K(1039360K)->1020404K(1039360K)
[6.407s][info][gc,metaspace   ] GC(120) Metaspace: 6303K(6528K)->6303K(6528K) NonClass: 5770K(5888K)->5770K(5888K) Class: 533K(640K)->533K(640K)
[6.407s][info][gc             ] GC(120) Pause Young (Allocation Failure) 1039M->1039M(1103M) 32.870ms
[6.407s][info][gc,cpu         ] GC(120) User=0.16s Sys=0.00s Real=0.03s
[6.407s][info][gc,start       ] GC(121) Pause Full (Ergonomics)
[6.407s][info][gc,phases,start] GC(121) Marking Phase
[6.639s][info][gc,phases      ] GC(121) Marking Phase 231.885ms
[6.639s][info][gc,phases,start] GC(121) Summary Phase
[6.639s][info][gc,phases      ] GC(121) Summary Phase 0.024ms
[6.639s][info][gc,phases,start] GC(121) Adjust Roots
[6.639s][info][gc,phases      ] GC(121) Adjust Roots 0.156ms
[6.639s][info][gc,phases,start] GC(121) Compaction Phase
[6.733s][info][gc,phases      ] GC(121) Compaction Phase 93.248ms
[6.733s][info][gc,phases,start] GC(121) Post Compact
[6.735s][info][gc,phases      ] GC(121) Post Compact 1.993ms
[6.735s][info][gc,heap        ] GC(121) PSYoungGen: 44160K(90112K)->24045K(91648K) Eden: 0K(24576K)->0K(26112K) From: 44160K(65536K)->24045K(65536K)
[6.735s][info][gc,heap        ] GC(121) ParOldGen: 1020404K(1039360K)->1039041K(1149952K)
[6.735s][info][gc,metaspace   ] GC(121) Metaspace: 6303K(6528K)->6303K(6528K) NonClass: 5770K(5888K)->5770K(5888K) Class: 533K(640K)->533K(640K)
[6.735s][info][gc             ] GC(121) Pause Full (Ergonomics) 1039M->1038M(1212M) 328.135ms
[6.735s][info][gc,cpu         ] GC(121) User=2.48s Sys=0.02s Real=0.33s
[6.766s][info][gc,start       ] GC(122) Pause Young (Allocation Failure)
[6.833s][info][gc,heap        ] GC(122) PSYoungGen: 50157K(91648K)->38304K(93184K) Eden: 26112K(26112K)->0K(26112K) From: 24045K(65536K)->38304K(67072K)
[6.833s][info][gc,heap        ] GC(122) ParOldGen: 1039041K(1149952K)->1051281K(1149952K)
[6.833s][info][gc,metaspace   ] GC(122) Metaspace: 6303K(6528K)->6303K(6528K) NonClass: 5770K(5888K)->5770K(5888K) Class: 533K(640K)->533K(640K)
[6.833s][info][gc             ] GC(122) Pause Young (Allocation Failure) 1063M->1064M(1214M) 66.995ms
[6.833s][info][gc,cpu         ] GC(122) User=0.38s Sys=0.02s Real=0.07s
[6.862s][info][gc,start       ] GC(123) Pause Young (Allocation Failure)
[6.896s][info][gc,heap        ] GC(123) PSYoungGen: 64416K(93184K)->64384K(88064K) Eden: 26112K(26112K)->0K(23040K) From: 38304K(67072K)->64384K(65024K)
[6.896s][info][gc,heap        ] GC(123) ParOldGen: 1051281K(1149952K)->1051281K(1149952K)
[6.896s][info][gc,metaspace   ] GC(123) Metaspace: 6303K(6528K)->6303K(6528K) NonClass: 5770K(5888K)->5770K(5888K) Class: 533K(640K)->533K(640K)
[6.896s][info][gc             ] GC(123) Pause Young (Allocation Failure) 1089M->1089M(1209M) 33.812ms
[6.896s][info][gc,cpu         ] GC(123) User=0.16s Sys=0.00s Real=0.03s
[6.922s][info][gc,start       ] GC(124) Pause Young (Allocation Failure)
[6.966s][info][gc,heap        ] GC(124) PSYoungGen: 87424K(88064K)->71168K(94208K) Eden: 23040K(23040K)->0K(23040K) From: 64384K(65024K)->71168K(71168K)
[6.966s][info][gc,heap        ] GC(124) ParOldGen: 1051281K(1149952K)->1067665K(1149952K)
[6.966s][info][gc,metaspace   ] GC(124) Metaspace: 6303K(6528K)->6303K(6528K) NonClass: 5770K(5888K)->5770K(5888K) Class: 533K(640K)->533K(640K)
[6.966s][info][gc             ] GC(124) Pause Young (Allocation Failure) 1112M->1112M(1215M) 44.770ms
[6.966s][info][gc,cpu         ] GC(124) User=0.27s Sys=0.00s Real=0.05s
[6.992s][info][gc,start       ] GC(125) Pause Young (Allocation Failure)
[7.043s][info][gc,heap        ] GC(125) PSYoungGen: 94208K(94208K)->44736K(104448K) Eden: 23040K(23040K)->0K(25600K) From: 71168K(71168K)->44736K(78848K)
[7.043s][info][gc,heap        ] GC(125) ParOldGen: 1067665K(1149952K)->1117865K(1149952K)
[7.043s][info][gc,metaspace   ] GC(125) Metaspace: 6303K(6528K)->6303K(6528K) NonClass: 5770K(5888K)->5770K(5888K) Class: 533K(640K)->533K(640K)
[7.043s][info][gc             ] GC(125) Pause Young (Allocation Failure) 1134M->1135M(1225M) 51.398ms
[7.043s][info][gc,cpu         ] GC(125) User=0.33s Sys=0.03s Real=0.05s
[7.043s][info][gc,start       ] GC(126) Pause Full (Ergonomics)
[7.043s][info][gc,phases,start] GC(126) Marking Phase
[7.304s][info][gc,phases      ] GC(126) Marking Phase 260.480ms
[7.304s][info][gc,phases,start] GC(126) Summary Phase
[7.304s][info][gc,phases      ] GC(126) Summary Phase 0.026ms
[7.304s][info][gc,phases,start] GC(126) Adjust Roots
[7.304s][info][gc,phases      ] GC(126) Adjust Roots 0.149ms
[7.304s][info][gc,phases,start] GC(126) Compaction Phase
[7.400s][info][gc,phases      ] GC(126) Compaction Phase 96.178ms
[7.400s][info][gc,phases,start] GC(126) Post Compact
[7.402s][info][gc,phases      ] GC(126) Post Compact 1.912ms
[7.403s][info][gc,heap        ] GC(126) PSYoungGen: 44736K(104448K)->11822K(107520K) Eden: 0K(25600K)->0K(28672K) From: 44736K(78848K)->11822K(78848K)
[7.403s][info][gc,heap        ] GC(126) ParOldGen: 1117865K(1149952K)->1149444K(1278464K)
[7.403s][info][gc,metaspace   ] GC(126) Metaspace: 6303K(6528K)->6303K(6528K) NonClass: 5770K(5888K)->5770K(5888K) Class: 533K(640K)->533K(640K)
[7.403s][info][gc             ] GC(126) Pause Full (Ergonomics) 1135M->1134M(1353M) 359.515ms
[7.403s][info][gc,cpu         ] GC(126) User=2.53s Sys=0.00s Real=0.36s
[7.436s][info][gc,start       ] GC(127) Pause Young (Allocation Failure)
[7.504s][info][gc,heap        ] GC(127) PSYoungGen: 40494K(107520K)->36064K(110592K) Eden: 28672K(28672K)->0K(28672K) From: 11822K(78848K)->36064K(81920K)
[7.504s][info][gc,heap        ] GC(127) ParOldGen: 1149444K(1278464K)->1154100K(1278464K)
[7.504s][info][gc,metaspace   ] GC(127) Metaspace: 6303K(6528K)->6303K(6528K) NonClass: 5770K(5888K)->5770K(5888K) Class: 533K(640K)->533K(640K)
[7.504s][info][gc             ] GC(127) Pause Young (Allocation Failure) 1162M->1162M(1356M) 67.594ms
[7.504s][info][gc,cpu         ] GC(127) User=0.39s Sys=0.00s Real=0.07s
[7.538s][info][gc,start       ] GC(128) Pause Young (Allocation Failure)
[7.573s][info][gc,heap        ] GC(128) PSYoungGen: 64736K(110592K)->64832K(108544K) Eden: 28672K(28672K)->0K(28160K) From: 36064K(81920K)->64832K(80384K)
[7.573s][info][gc,heap        ] GC(128) ParOldGen: 1154100K(1278464K)->1154100K(1278464K)
[7.573s][info][gc,metaspace   ] GC(128) Metaspace: 6303K(6528K)->6303K(6528K) NonClass: 5770K(5888K)->5770K(5888K) Class: 533K(640K)->533K(640K)
[7.573s][info][gc             ] GC(128) Pause Young (Allocation Failure) 1190M->1190M(1354M) 35.055ms
[7.573s][info][gc,cpu         ] GC(128) User=0.17s Sys=0.00s Real=0.03s
[7.606s][info][gc,start       ] GC(129) Pause Young (Allocation Failure)
[7.655s][info][gc,heap        ] GC(129) PSYoungGen: 92992K(108544K)->83968K(112128K) Eden: 28160K(28160K)->0K(28160K) From: 64832K(80384K)->83968K(83968K)
[7.656s][info][gc,heap        ] GC(129) ParOldGen: 1154100K(1278464K)->1163140K(1278464K)
[7.656s][info][gc,metaspace   ] GC(129) Metaspace: 6303K(6528K)->6303K(6528K) NonClass: 5770K(5888K)->5770K(5888K) Class: 533K(640K)->533K(640K)
[7.656s][info][gc             ] GC(129) Pause Young (Allocation Failure) 1217M->1217M(1358M) 49.143ms
[7.656s][info][gc,cpu         ] GC(129) User=0.27s Sys=0.00s Real=0.05s
[7.689s][info][gc,start       ] GC(130) Pause Young (Allocation Failure)
[7.750s][info][gc,heap        ] GC(130) PSYoungGen: 112128K(112128K)->80352K(121856K) Eden: 28160K(28160K)->0K(25088K) From: 83968K(83968K)->80352K(96768K)
[7.750s][info][gc,heap        ] GC(130) ParOldGen: 1163140K(1278464K)->1195468K(1278464K)
[7.750s][info][gc,metaspace   ] GC(130) Metaspace: 6303K(6528K)->6303K(6528K) NonClass: 5770K(5888K)->5770K(5888K) Class: 533K(640K)->533K(640K)
[7.750s][info][gc             ] GC(130) Pause Young (Allocation Failure) 1245M->1245M(1367M) 60.372ms
[7.750s][info][gc,cpu         ] GC(130) User=0.39s Sys=0.00s Real=0.06s
[7.781s][info][gc,start       ] GC(131) Pause Young (Allocation Failure)
[7.838s][info][gc,heap        ] GC(131) PSYoungGen: 105440K(121856K)->80128K(128000K) Eden: 25088K(25088K)->0K(25088K) From: 80352K(96768K)->80128K(102912K)
[7.838s][info][gc,heap        ] GC(131) ParOldGen: 1195468K(1278464K)->1221108K(1278464K)
[7.838s][info][gc,metaspace   ] GC(131) Metaspace: 6303K(6528K)->6303K(6528K) NonClass: 5770K(5888K)->5770K(5888K) Class: 533K(640K)->533K(640K)
[7.838s][info][gc             ] GC(131) Pause Young (Allocation Failure) 1270M->1270M(1373M) 57.235ms
[7.838s][info][gc,cpu         ] GC(131) User=0.38s Sys=0.02s Real=0.06s
[7.859s][info][gc,start       ] GC(132) Pause Young (Allocation Failure)
[7.909s][info][gc,heap        ] GC(132) PSYoungGen: 105216K(128000K)->67040K(132608K) Eden: 25088K(25088K)->0K(28160K) From: 80128K(102912K)->67040K(104448K)
[7.909s][info][gc,heap        ] GC(132) ParOldGen: 1221108K(1278464K)->1248180K(1278464K)
[7.909s][info][gc,metaspace   ] GC(132) Metaspace: 6303K(6528K)->6303K(6528K) NonClass: 5770K(5888K)->5770K(5888K) Class: 533K(640K)->533K(640K)
[7.909s][info][gc             ] GC(132) Pause Young (Allocation Failure) 1295M->1284M(1378M) 50.246ms
[7.909s][info][gc,cpu         ] GC(132) User=0.28s Sys=0.00s Real=0.05s
[7.909s][info][gc,start       ] GC(133) Pause Full (Ergonomics)
[7.909s][info][gc,phases,start] GC(133) Marking Phase
[8.202s][info][gc,phases      ] GC(133) Marking Phase 293.048ms
[8.202s][info][gc,phases,start] GC(133) Summary Phase
[8.202s][info][gc,phases      ] GC(133) Summary Phase 0.035ms
[8.202s][info][gc,phases,start] GC(133) Adjust Roots
[8.203s][info][gc,phases      ] GC(133) Adjust Roots 0.236ms
[8.203s][info][gc,phases,start] GC(133) Compaction Phase
[8.559s][info][gc,phases      ] GC(133) Compaction Phase 356.823ms
[8.559s][info][gc,phases,start] GC(133) Post Compact
[8.562s][info][gc,phases      ] GC(133) Post Compact 2.788ms
[8.563s][info][gc,heap        ] GC(133) PSYoungGen: 67040K(132608K)->35115K(134144K) Eden: 0K(28160K)->0K(29696K) From: 67040K(104448K)->35115K(104448K)
[8.563s][info][gc,heap        ] GC(133) ParOldGen: 1248180K(1278464K)->1278359K(1421312K)
[8.563s][info][gc,metaspace   ] GC(133) Metaspace: 6303K(6528K)->6303K(6528K) NonClass: 5770K(5888K)->5770K(5888K) Class: 533K(640K)->533K(640K)
[8.563s][info][gc             ] GC(133) Pause Full (Ergonomics) 1284M->1282M(1519M) 653.962ms
[8.563s][info][gc,cpu         ] GC(133) User=4.84s Sys=0.00s Real=0.65s
[8.595s][info][gc,start       ] GC(134) Pause Young (Allocation Failure)
[8.678s][info][gc,heap        ] GC(134) PSYoungGen: 64811K(134144K)->30080K(135680K) Eden: 29696K(29696K)->0K(29696K) From: 35115K(104448K)->30080K(105984K)
[8.678s][info][gc,heap        ] GC(134) ParOldGen: 1278359K(1421312K)->1306783K(1421312K)
[8.678s][info][gc,metaspace   ] GC(134) Metaspace: 6303K(6528K)->6303K(6528K) NonClass: 5770K(5888K)->5770K(5888K) Class: 533K(640K)->533K(640K)
[8.678s][info][gc             ] GC(134) Pause Young (Allocation Failure) 1311M->1305M(1520M) 82.716ms
[8.678s][info][gc,cpu         ] GC(134) User=0.52s Sys=0.02s Real=0.08s
[8.713s][info][gc,start       ] GC(135) Pause Young (Allocation Failure)
[8.747s][info][gc,heap        ] GC(135) PSYoungGen: 59776K(135680K)->59776K(131584K) Eden: 29696K(29696K)->0K(32768K) From: 30080K(105984K)->59776K(98816K)
[8.747s][info][gc,heap        ] GC(135) ParOldGen: 1306783K(1421312K)->1306783K(1421312K)
[8.747s][info][gc,metaspace   ] GC(135) Metaspace: 6303K(6528K)->6303K(6528K) NonClass: 5770K(5888K)->5770K(5888K) Class: 533K(640K)->533K(640K)
[8.747s][info][gc             ] GC(135) Pause Young (Allocation Failure) 1334M->1334M(1516M) 33.875ms
[8.747s][info][gc,cpu         ] GC(135) User=0.14s Sys=0.00s Real=0.03s
[8.788s][info][gc,start       ] GC(136) Pause Young (Allocation Failure)
[8.839s][info][gc,heap        ] GC(136) PSYoungGen: 92544K(131584K)->92576K(135168K) Eden: 32768K(32768K)->0K(32768K) From: 59776K(98816K)->92576K(102400K)
[8.839s][info][gc,heap        ] GC(136) ParOldGen: 1306783K(1421312K)->1306783K(1421312K)
[8.839s][info][gc,metaspace   ] GC(136) Metaspace: 6303K(6528K)->6303K(6528K) NonClass: 5770K(5888K)->5770K(5888K) Class: 533K(640K)->533K(640K)
[8.839s][info][gc             ] GC(136) Pause Young (Allocation Failure) 1366M->1366M(1520M) 50.743ms
[8.839s][info][gc,cpu         ] GC(136) User=0.27s Sys=0.00s Real=0.05s
[9.139s][info][gc,start       ] GC(137) Pause Young (Allocation Failure)
[9.238s][info][gc,heap        ] GC(137) PSYoungGen: 125344K(135168K)->111104K(128000K) Eden: 32768K(32768K)->0K(16896K) From: 92576K(102400K)->111104K(111104K)
[9.238s][info][gc,heap        ] GC(137) ParOldGen: 1372319K(1421312K)->1386719K(1421312K)
[9.238s][info][gc,metaspace   ] GC(137) Metaspace: 6303K(6528K)->6303K(6528K) NonClass: 5770K(5888K)->5770K(5888K) Class: 533K(640K)->533K(640K)
[9.238s][info][gc             ] GC(137) Pause Young (Allocation Failure) 1462M->1462M(1513M) 99.119ms
[9.238s][info][gc,cpu         ] GC(137) User=0.61s Sys=0.05s Real=0.10s
[9.238s][info][gc,start       ] GC(138) Pause Full (Ergonomics)
[9.238s][info][gc,phases,start] GC(138) Marking Phase
[9.552s][info][gc,phases      ] GC(138) Marking Phase 314.756ms
[9.553s][info][gc,phases,start] GC(138) Summary Phase
[9.553s][info][gc,phases      ] GC(138) Summary Phase 0.036ms
[9.553s][info][gc,phases,start] GC(138) Adjust Roots
[9.553s][info][gc,phases      ] GC(138) Adjust Roots 0.193ms
[9.553s][info][gc,phases,start] GC(138) Compaction Phase
[9.791s][info][gc,phases      ] GC(138) Compaction Phase 238.236ms
[9.791s][info][gc,phases,start] GC(138) Post Compact
[9.794s][info][gc,phases      ] GC(138) Post Compact 3.085ms
[9.795s][info][gc,heap        ] GC(138) PSYoungGen: 111104K(128000K)->42907K(128000K) Eden: 0K(16896K)->0K(16896K) From: 111104K(111104K)->42907K(111104K)
[9.795s][info][gc,heap        ] GC(138) ParOldGen: 1386719K(1421312K)->1421286K(1570816K)
[9.795s][info][gc,metaspace   ] GC(138) Metaspace: 6303K(6528K)->6303K(6528K) NonClass: 5770K(5888K)->5770K(5888K) Class: 533K(640K)->533K(640K)
[9.795s][info][gc             ] GC(138) Pause Full (Ergonomics) 1462M->1429M(1659M) 557.234ms
[9.795s][info][gc,cpu         ] GC(138) User=3.91s Sys=0.05s Real=0.56s
[9.813s][info][gc,start       ] GC(139) Pause Young (Allocation Failure)
[9.900s][info][gc,heap        ] GC(139) PSYoungGen: 59803K(128000K)->40736K(57856K) Eden: 16896K(16896K)->0K(16896K) From: 42907K(111104K)->40736K(40960K)
[9.900s][info][gc,heap        ] GC(139) ParOldGen: 1421286K(1570816K)->1440814K(1570816K)
[9.900s][info][gc,metaspace   ] GC(139) Metaspace: 6303K(6528K)->6303K(6528K) NonClass: 5770K(5888K)->5770K(5888K) Class: 533K(640K)->533K(640K)
[9.900s][info][gc             ] GC(139) Pause Young (Allocation Failure) 1446M->1446M(1590M) 87.039ms
[9.900s][info][gc,cpu         ] GC(139) User=0.52s Sys=0.00s Real=0.09s
[9.915s][info][gc,start       ] GC(140) Pause Young (Allocation Failure)
[9.947s][info][gc,heap        ] GC(140) PSYoungGen: 57632K(57856K)->57600K(136704K) Eden: 16896K(16896K)->0K(18944K) From: 40736K(40960K)->57600K(117760K)
[9.947s][info][gc,heap        ] GC(140) ParOldGen: 1440814K(1570816K)->1440814K(1570816K)
[9.947s][info][gc,metaspace   ] GC(140) Metaspace: 6303K(6528K)->6303K(6528K) NonClass: 5770K(5888K)->5770K(5888K) Class: 533K(640K)->533K(640K)
[9.947s][info][gc             ] GC(140) Pause Young (Allocation Failure) 1463M->1463M(1667M) 32.387ms
[9.947s][info][gc,cpu         ] GC(140) User=0.05s Sys=0.00s Real=0.03s
[9.966s][info][gc,start       ] GC(141) Pause Young (Allocation Failure)
[10.005s][info][gc,heap        ] GC(141) PSYoungGen: 76544K(136704K)->76576K(141824K) Eden: 18944K(18944K)->0K(18944K) From: 57600K(117760K)->76576K(122880K)
[10.005s][info][gc,heap        ] GC(141) ParOldGen: 1440814K(1570816K)->1440814K(1570816K)
[10.005s][info][gc,metaspace   ] GC(141) Metaspace: 6303K(6528K)->6303K(6528K) NonClass: 5770K(5888K)->5770K(5888K) Class: 533K(640K)->533K(640K)
[10.005s][info][gc             ] GC(141) Pause Young (Allocation Failure) 1481M->1481M(1672M) 38.549ms
[10.005s][info][gc,cpu         ] GC(141) User=0.16s Sys=0.00s Real=0.04s
[10.023s][info][gc,start       ] GC(142) Pause Young (Allocation Failure)
[10.068s][info][gc,heap        ] GC(142) PSYoungGen: 95520K(141824K)->84416K(140800K) Eden: 18944K(18944K)->0K(18944K) From: 76576K(122880K)->84416K(121856K)
[10.068s][info][gc,heap        ] GC(142) ParOldGen: 1440814K(1570816K)->1452014K(1570816K)
[10.068s][info][gc,metaspace   ] GC(142) Metaspace: 6303K(6528K)->6303K(6528K) NonClass: 5770K(5888K)->5770K(5888K) Class: 533K(640K)->533K(640K)
[10.069s][info][gc             ] GC(142) Pause Young (Allocation Failure) 1500M->1500M(1671M) 45.683ms
[10.069s][info][gc,cpu         ] GC(142) User=0.23s Sys=0.00s Real=0.05s
[10.088s][info][gc,start       ] GC(143) Pause Young (Allocation Failure)
[10.137s][info][gc,heap        ] GC(143) PSYoungGen: 103360K(140800K)->90816K(142848K) Eden: 18944K(18944K)->0K(18944K) From: 84416K(121856K)->90816K(123904K)
[10.137s][info][gc,heap        ] GC(143) ParOldGen: 1452014K(1570816K)->1464758K(1570816K)
[10.137s][info][gc,metaspace   ] GC(143) Metaspace: 6303K(6528K)->6303K(6528K) NonClass: 5770K(5888K)->5770K(5888K) Class: 533K(640K)->533K(640K)
[10.137s][info][gc             ] GC(143) Pause Young (Allocation Failure) 1518M->1519M(1673M) 49.044ms
[10.137s][info][gc,cpu         ] GC(143) User=0.25s Sys=0.05s Real=0.05s
[10.156s][info][gc,start       ] GC(144) Pause Young (Allocation Failure)
[10.208s][info][gc,heap        ] GC(144) PSYoungGen: 109760K(142848K)->75968K(143360K) Eden: 18944K(18944K)->0K(22016K) From: 90816K(123904K)->75968K(121344K)
[10.208s][info][gc,heap        ] GC(144) ParOldGen: 1464758K(1570816K)->1498942K(1570816K)
[10.208s][info][gc,metaspace   ] GC(144) Metaspace: 6303K(6528K)->6303K(6528K) NonClass: 5770K(5888K)->5770K(5888K) Class: 533K(640K)->533K(640K)
[10.208s][info][gc             ] GC(144) Pause Young (Allocation Failure) 1537M->1537M(1674M) 52.199ms
[10.208s][info][gc,cpu         ] GC(144) User=0.36s Sys=0.02s Real=0.05s
[10.232s][info][gc,start       ] GC(145) Pause Young (Allocation Failure)
[10.281s][info][gc,heap        ] GC(145) PSYoungGen: 97984K(143360K)->60128K(82432K) Eden: 22016K(22016K)->0K(22016K) From: 75968K(121344K)->60128K(60416K)
[10.281s][info][gc,heap        ] GC(145) ParOldGen: 1498942K(1570816K)->1537286K(1570816K)
[10.281s][info][gc,metaspace   ] GC(145) Metaspace: 6303K(6528K)->6303K(6528K) NonClass: 5770K(5888K)->5770K(5888K) Class: 533K(640K)->533K(640K)
[10.281s][info][gc             ] GC(145) Pause Young (Allocation Failure) 1559M->1559M(1614M) 48.385ms
[10.281s][info][gc,cpu         ] GC(145) User=0.25s Sys=0.02s Real=0.05s
[10.281s][info][gc,start       ] GC(146) Pause Full (Ergonomics)
[10.281s][info][gc,phases,start] GC(146) Marking Phase
[10.633s][info][gc,phases      ] GC(146) Marking Phase 352.210ms
[10.633s][info][gc,phases,start] GC(146) Summary Phase
[10.633s][info][gc,phases      ] GC(146) Summary Phase 0.040ms
[10.633s][info][gc,phases,start] GC(146) Adjust Roots
[10.633s][info][gc,phases      ] GC(146) Adjust Roots 0.174ms
[10.633s][info][gc,phases,start] GC(146) Compaction Phase
[10.805s][info][gc,phases      ] GC(146) Compaction Phase 171.969ms
[10.806s][info][gc,phases,start] GC(146) Post Compact
[10.808s][info][gc,phases      ] GC(146) Post Compact 2.867ms
[10.809s][info][gc,heap        ] GC(146) PSYoungGen: 60128K(82432K)->25068K(82432K) Eden: 0K(22016K)->0K(22016K) From: 60128K(60416K)->25068K(60416K)
[10.809s][info][gc,heap        ] GC(146) ParOldGen: 1537286K(1570816K)->1570494K(1736704K)
[10.809s][info][gc,metaspace   ] GC(146) Metaspace: 6303K(6528K)->6303K(6528K) NonClass: 5770K(5888K)->5770K(5888K) Class: 533K(640K)->533K(640K)
[10.809s][info][gc             ] GC(146) Pause Full (Ergonomics) 1559M->1558M(1776M) 528.145ms
[10.809s][info][gc,cpu         ] GC(146) User=3.61s Sys=0.05s Real=0.53s
[10.831s][info][gc,start       ] GC(147) Pause Young (Allocation Failure)
[10.917s][info][gc,heap        ] GC(147) PSYoungGen: 47084K(82432K)->28832K(142848K) Eden: 22016K(22016K)->0K(23040K) From: 25068K(60416K)->28832K(119808K)
[10.917s][info][gc,heap        ] GC(147) ParOldGen: 1570494K(1736704K)->1589166K(1736704K)
[10.917s][info][gc,metaspace   ] GC(147) Metaspace: 6303K(6528K)->6303K(6528K) NonClass: 5770K(5888K)->5770K(5888K) Class: 533K(640K)->533K(640K)
[10.917s][info][gc             ] GC(147) Pause Young (Allocation Failure) 1579M->1580M(1835M) 85.382ms
[10.917s][info][gc,cpu         ] GC(147) User=0.55s Sys=0.02s Real=0.09s
[10.939s][info][gc,start       ] GC(148) Pause Young (Allocation Failure)
[10.969s][info][gc,heap        ] GC(148) PSYoungGen: 51872K(142848K)->45216K(144896K) Eden: 23040K(23040K)->0K(23040K) From: 28832K(119808K)->45216K(121856K)
[10.969s][info][gc,heap        ] GC(148) ParOldGen: 1589166K(1736704K)->1595942K(1736704K)
[10.969s][info][gc,metaspace   ] GC(148) Metaspace: 6303K(6528K)->6303K(6528K) NonClass: 5770K(5888K)->5770K(5888K) Class: 533K(640K)->533K(640K)
[10.969s][info][gc             ] GC(148) Pause Young (Allocation Failure) 1602M->1602M(1837M) 30.441ms
[10.969s][info][gc,cpu         ] GC(148) User=0.05s Sys=0.00s Real=0.03s
[10.992s][info][gc,start       ] GC(149) Pause Young (Allocation Failure)
[11.029s][info][gc,heap        ] GC(149) PSYoungGen: 68256K(144896K)->46272K(139776K) Eden: 23040K(23040K)->0K(25600K) From: 45216K(121856K)->46272K(114176K)
[11.029s][info][gc,heap        ] GC(149) ParOldGen: 1595942K(1736704K)->1618254K(1736704K)
[11.029s][info][gc,metaspace   ] GC(149) Metaspace: 6303K(6528K)->6303K(6528K) NonClass: 5770K(5888K)->5770K(5888K) Class: 533K(640K)->533K(640K)
[11.029s][info][gc             ] GC(149) Pause Young (Allocation Failure) 1625M->1625M(1832M) 36.767ms
[11.029s][info][gc,cpu         ] GC(149) User=0.25s Sys=0.00s Real=0.04s
[11.054s][info][gc,start       ] GC(150) Pause Young (Allocation Failure)
[11.093s][info][gc,heap        ] GC(150) PSYoungGen: 71872K(139776K)->48832K(74752K) Eden: 25600K(25600K)->0K(25600K) From: 46272K(114176K)->48832K(49152K)
[11.093s][info][gc,heap        ] GC(150) ParOldGen: 1618254K(1736704K)->1641606K(1736704K)
[11.093s][info][gc,metaspace   ] GC(150) Metaspace: 6303K(6528K)->6303K(6528K) NonClass: 5770K(5888K)->5770K(5888K) Class: 533K(640K)->533K(640K)
[11.093s][info][gc             ] GC(150) Pause Young (Allocation Failure) 1650M->1650M(1769M) 38.985ms
[11.093s][info][gc,cpu         ] GC(150) User=0.11s Sys=0.03s Real=0.04s
[11.119s][info][gc,start       ] GC(151) Pause Young (Allocation Failure)
[11.160s][info][gc,heap        ] GC(151) PSYoungGen: 74432K(74752K)->51392K(133632K) Eden: 25600K(25600K)->0K(28672K) From: 48832K(49152K)->51392K(104960K)
[11.160s][info][gc,heap        ] GC(151) ParOldGen: 1641606K(1736704K)->1664958K(1736704K)
[11.160s][info][gc,metaspace   ] GC(151) Metaspace: 6303K(6528K)->6303K(6528K) NonClass: 5770K(5888K)->5770K(5888K) Class: 533K(640K)->533K(640K)
[11.160s][info][gc             ] GC(151) Pause Young (Allocation Failure) 1675M->1676M(1826M) 41.267ms
[11.160s][info][gc,cpu         ] GC(151) User=0.14s Sys=0.00s Real=0.04s
[11.192s][info][gc,start       ] GC(152) Pause Young (Allocation Failure)
[11.235s][info][gc,heap        ] GC(152) PSYoungGen: 80064K(133632K)->28800K(137728K) Eden: 28672K(28672K)->0K(28672K) From: 51392K(104960K)->28800K(109056K)
[11.235s][info][gc,heap        ] GC(152) ParOldGen: 1664958K(1736704K)->1716814K(1736704K)
[11.235s][info][gc,metaspace   ] GC(152) Metaspace: 6303K(6528K)->6303K(6528K) NonClass: 5770K(5888K)->5770K(5888K) Class: 533K(640K)->533K(640K)
[11.235s][info][gc             ] GC(152) Pause Young (Allocation Failure) 1704M->1704M(1830M) 42.932ms
[11.235s][info][gc,cpu         ] GC(152) User=0.16s Sys=0.03s Real=0.04s
[11.235s][info][gc,start       ] GC(153) Pause Full (Ergonomics)
[11.235s][info][gc,phases,start] GC(153) Marking Phase
[11.634s][info][gc,phases      ] GC(153) Marking Phase 398.626ms
[11.634s][info][gc,phases,start] GC(153) Summary Phase
[11.634s][info][gc,phases      ] GC(153) Summary Phase 0.043ms
[11.634s][info][gc,phases,start] GC(153) Adjust Roots
[11.634s][info][gc,phases      ] GC(153) Adjust Roots 0.171ms
[11.634s][info][gc,phases,start] GC(153) Compaction Phase
[11.800s][info][gc,phases      ] GC(153) Compaction Phase 165.608ms
[11.800s][info][gc,phases,start] GC(153) Post Compact
[11.803s][info][gc,phases      ] GC(153) Post Compact 3.288ms
[11.804s][info][gc,heap        ] GC(153) PSYoungGen: 28800K(137728K)->6689K(137728K) Eden: 0K(28672K)->0K(28672K) From: 28800K(109056K)->6689K(109056K)
[11.804s][info][gc,heap        ] GC(153) ParOldGen: 1716814K(1736704K)->1736663K(1923584K)
[11.804s][info][gc,metaspace   ] GC(153) Metaspace: 6303K(6528K)->6303K(6528K) NonClass: 5770K(5888K)->5770K(5888K) Class: 533K(640K)->533K(640K)
[11.804s][info][gc             ] GC(153) Pause Full (Ergonomics) 1704M->1702M(2013M) 568.921ms
[11.804s][info][gc,cpu         ] GC(153) User=4.11s Sys=0.00s Real=0.57s
[11.840s][info][gc,start       ] GC(154) Pause Young (Allocation Failure)
[11.928s][info][gc,heap        ] GC(154) PSYoungGen: 35361K(137728K)->28800K(138752K) Eden: 28672K(28672K)->0K(31744K) From: 6689K(109056K)->28800K(107008K)
[11.929s][info][gc,heap        ] GC(154) ParOldGen: 1736663K(1923584K)->1743463K(1923584K)
[11.929s][info][gc,metaspace   ] GC(154) Metaspace: 6303K(6528K)->6303K(6528K) NonClass: 5770K(5888K)->5770K(5888K) Class: 533K(640K)->533K(640K)
[11.929s][info][gc             ] GC(154) Pause Young (Allocation Failure) 1730M->1730M(2014M) 88.772ms
[11.929s][info][gc,cpu         ] GC(154) User=0.53s Sys=0.00s Real=0.09s
[11.962s][info][gc,start       ] GC(155) Pause Young (Allocation Failure)
[11.998s][info][gc,heap        ] GC(155) PSYoungGen: 60544K(138752K)->60640K(140288K) Eden: 31744K(31744K)->0K(31744K) From: 28800K(107008K)->60640K(108544K)
[11.998s][info][gc,heap        ] GC(155) ParOldGen: 1743463K(1923584K)->1743463K(1923584K)
[11.998s][info][gc,metaspace   ] GC(155) Metaspace: 6303K(6528K)->6303K(6528K) NonClass: 5770K(5888K)->5770K(5888K) Class: 533K(640K)->533K(640K)
[11.998s][info][gc             ] GC(155) Pause Young (Allocation Failure) 1761M->1761M(2015M) 35.909ms
[11.998s][info][gc,cpu         ] GC(155) User=0.14s Sys=0.00s Real=0.04s
[12.029s][info][gc,start       ] GC(156) Pause Young (Allocation Failure)
[12.075s][info][gc,heap        ] GC(156) PSYoungGen: 92384K(140288K)->92416K(132096K) Eden: 31744K(31744K)->0K(26112K) From: 60640K(108544K)->92416K(105984K)
[12.075s][info][gc,heap        ] GC(156) ParOldGen: 1743463K(1923584K)->1743463K(1923584K)
[12.075s][info][gc,metaspace   ] GC(156) Metaspace: 6303K(6528K)->6303K(6528K) NonClass: 5770K(5888K)->5770K(5888K) Class: 533K(640K)->533K(640K)
[12.075s][info][gc             ] GC(156) Pause Young (Allocation Failure) 1792M->1792M(2007M) 45.952ms
[12.075s][info][gc,cpu         ] GC(156) User=0.27s Sys=0.00s Real=0.05s
[12.103s][info][gc,start       ] GC(157) Pause Young (Allocation Failure)
[12.161s][info][gc,heap        ] GC(157) PSYoungGen: 118528K(132096K)->89792K(141312K) Eden: 26112K(26112K)->0K(26112K) From: 92416K(105984K)->89792K(115200K)
[12.161s][info][gc,heap        ] GC(157) ParOldGen: 1743463K(1923584K)->1772527K(1923584K)
[12.161s][info][gc,metaspace   ] GC(157) Metaspace: 6303K(6528K)->6303K(6528K) NonClass: 5770K(5888K)->5770K(5888K) Class: 533K(640K)->533K(640K)
[12.161s][info][gc             ] GC(157) Pause Young (Allocation Failure) 1818M->1818M(2016M) 58.009ms
[12.161s][info][gc,cpu         ] GC(157) User=0.34s Sys=0.03s Real=0.06s
[12.189s][info][gc,start       ] GC(158) Pause Young (Allocation Failure)
[12.246s][info][gc,heap        ] GC(158) PSYoungGen: 115904K(141312K)->84192K(146944K) Eden: 26112K(26112K)->0K(26112K) From: 89792K(115200K)->84192K(120832K)
[12.246s][info][gc,heap        ] GC(158) ParOldGen: 1772527K(1923584K)->1804695K(1923584K)
[12.246s][info][gc,metaspace   ] GC(158) Metaspace: 6303K(6528K)->6303K(6528K) NonClass: 5770K(5888K)->5770K(5888K) Class: 533K(640K)->533K(640K)
[12.246s][info][gc             ] GC(158) Pause Young (Allocation Failure) 1844M->1844M(2022M) 56.842ms
[12.246s][info][gc,cpu         ] GC(158) User=0.34s Sys=0.05s Real=0.06s
[12.275s][info][gc,start       ] GC(159) Pause Young (Allocation Failure)
[12.330s][info][gc,heap        ] GC(159) PSYoungGen: 110304K(146944K)->78528K(150016K) Eden: 26112K(26112K)->0K(26112K) From: 84192K(120832K)->78528K(123904K)
[12.330s][info][gc,heap        ] GC(159) ParOldGen: 1804695K(1923584K)->1836847K(1923584K)
[12.330s][info][gc,metaspace   ] GC(159) Metaspace: 6303K(6528K)->6303K(6528K) NonClass: 5770K(5888K)->5770K(5888K) Class: 533K(640K)->533K(640K)
[12.330s][info][gc             ] GC(159) Pause Young (Allocation Failure) 1870M->1870M(2025M) 55.136ms
[12.330s][info][gc,cpu         ] GC(159) User=0.33s Sys=0.03s Real=0.06s
[12.358s][info][gc,start       ] GC(160) Pause Young (Allocation Failure)
[12.412s][info][gc,heap        ] GC(160) PSYoungGen: 104640K(150016K)->52416K(145920K) Eden: 26112K(26112K)->0K(29696K) From: 78528K(123904K)->52416K(116224K)
[12.412s][info][gc,heap        ] GC(160) ParOldGen: 1836847K(1923584K)->1889743K(1923584K)
[12.412s][info][gc,metaspace   ] GC(160) Metaspace: 6303K(6528K)->6303K(6528K) NonClass: 5770K(5888K)->5770K(5888K) Class: 533K(640K)->533K(640K)
[12.412s][info][gc             ] GC(160) Pause Young (Allocation Failure) 1895M->1896M(2021M) 53.848ms
[12.412s][info][gc,cpu         ] GC(160) User=0.34s Sys=0.03s Real=0.05s
[12.412s][info][gc,start       ] GC(161) Pause Full (Ergonomics)
[12.412s][info][gc,phases,start] GC(161) Marking Phase
[12.840s][info][gc,phases      ] GC(161) Marking Phase 428.050ms
[12.840s][info][gc,phases,start] GC(161) Summary Phase
[12.840s][info][gc,phases      ] GC(161) Summary Phase 0.031ms
[12.840s][info][gc,phases,start] GC(161) Adjust Roots
[12.840s][info][gc,phases      ] GC(161) Adjust Roots 0.165ms
[12.840s][info][gc,phases,start] GC(161) Compaction Phase
[13.017s][info][gc,phases      ] GC(161) Compaction Phase 176.552ms
[13.017s][info][gc,phases,start] GC(161) Post Compact
[13.021s][info][gc,phases      ] GC(161) Post Compact 3.764ms
[13.022s][info][gc,heap        ] GC(161) PSYoungGen: 52416K(145920K)->16400K(149504K) Eden: 0K(29696K)->0K(33280K) From: 52416K(116224K)->16400K(116224K)
[13.022s][info][gc,heap        ] GC(161) ParOldGen: 1889743K(1923584K)->1923347K(2135040K)
[13.022s][info][gc,metaspace   ] GC(161) Metaspace: 6303K(6528K)->6303K(6528K) NonClass: 5770K(5888K)->5770K(5888K) Class: 533K(640K)->533K(640K)
[13.022s][info][gc             ] GC(161) Pause Full (Ergonomics) 1896M->1894M(2231M) 610.074ms
[13.022s][info][gc,cpu         ] GC(161) User=4.47s Sys=0.00s Real=0.61s
[13.062s][info][gc,start       ] GC(162) Pause Young (Allocation Failure)
[13.166s][info][gc,heap        ] GC(162) PSYoungGen: 49680K(149504K)->33440K(153088K) Eden: 33280K(33280K)->0K(33280K) From: 16400K(116224K)->33440K(119808K)
[13.166s][info][gc,heap        ] GC(162) ParOldGen: 1923347K(2135040K)->1939987K(2135040K)
[13.166s][info][gc,metaspace   ] GC(162) Metaspace: 6303K(6528K)->6303K(6528K) NonClass: 5770K(5888K)->5770K(5888K) Class: 533K(640K)->533K(640K)
[13.166s][info][gc             ] GC(162) Pause Young (Allocation Failure) 1926M->1927M(2234M) 104.587ms
[13.166s][info][gc,cpu         ] GC(162) User=0.66s Sys=0.00s Real=0.11s
[13.207s][info][gc,start       ] GC(163) Pause Young (Allocation Failure)
[13.248s][info][gc,heap        ] GC(163) PSYoungGen: 66720K(153088K)->33440K(153088K) Eden: 33280K(33280K)->0K(36864K) From: 33440K(119808K)->33440K(116224K)
[13.248s][info][gc,heap        ] GC(163) ParOldGen: 1939987K(2135040K)->1973731K(2135040K)
[13.248s][info][gc,metaspace   ] GC(163) Metaspace: 6303K(6528K)->6303K(6528K) NonClass: 5770K(5888K)->5770K(5888K) Class: 533K(640K)->533K(640K)
[13.248s][info][gc             ] GC(163) Pause Young (Allocation Failure) 1959M->1960M(2234M) 41.086ms
[13.248s][info][gc,cpu         ] GC(163) User=0.23s Sys=0.03s Real=0.04s
[13.292s][info][gc,start       ] GC(164) Pause Young (Allocation Failure)
[13.335s][info][gc,heap        ] GC(164) PSYoungGen: 70304K(153088K)->37024K(154624K) Eden: 36864K(36864K)->0K(36864K) From: 33440K(116224K)->37024K(117760K)
[13.335s][info][gc,heap        ] GC(164) ParOldGen: 1973731K(2135040K)->2007483K(2135040K)
[13.335s][info][gc,metaspace   ] GC(164) Metaspace: 6303K(6528K)->6303K(6528K) NonClass: 5770K(5888K)->5770K(5888K) Class: 533K(640K)->533K(640K)
[13.335s][info][gc             ] GC(164) Pause Young (Allocation Failure) 1996M->1996M(2236M) 42.888ms
[13.335s][info][gc,cpu         ] GC(164) User=0.22s Sys=0.02s Real=0.04s
[13.376s][info][gc,start       ] GC(165) Pause Young (Allocation Failure)
[13.419s][info][gc,heap        ] GC(165) PSYoungGen: 73888K(154624K)->37024K(150528K) Eden: 36864K(36864K)->0K(40960K) From: 37024K(117760K)->37024K(109568K)
[13.419s][info][gc,heap        ] GC(165) ParOldGen: 2007483K(2135040K)->2044859K(2135040K)
[13.419s][info][gc,metaspace   ] GC(165) Metaspace: 6303K(6528K)->6303K(6528K) NonClass: 5770K(5888K)->5770K(5888K) Class: 533K(640K)->533K(640K)
[13.419s][info][gc             ] GC(165) Pause Young (Allocation Failure) 2032M->2033M(2232M) 43.465ms
[13.419s][info][gc,cpu         ] GC(165) User=0.27s Sys=0.00s Real=0.04s
[13.462s][info][gc,start       ] GC(166) Pause Young (Allocation Failure)
[13.506s][info][gc,heap        ] GC(166) PSYoungGen: 77984K(150528K)->41184K(153600K) Eden: 40960K(40960K)->0K(40960K) From: 37024K(109568K)->41184K(112640K)
[13.506s][info][gc,heap        ] GC(166) ParOldGen: 2044859K(2135040K)->2082227K(2135040K)
[13.506s][info][gc,metaspace   ] GC(166) Metaspace: 6303K(6528K)->6303K(6528K) NonClass: 5770K(5888K)->5770K(5888K) Class: 533K(640K)->533K(640K)
[13.506s][info][gc             ] GC(166) Pause Young (Allocation Failure) 2073M->2073M(2235M) 44.330ms
[13.506s][info][gc,cpu         ] GC(166) User=0.23s Sys=0.00s Real=0.04s
[13.506s][info][gc,start       ] GC(167) Pause Full (Ergonomics)
[13.506s][info][gc,phases,start] GC(167) Marking Phase
[13.969s][info][gc,phases      ] GC(167) Marking Phase 462.943ms
[13.969s][info][gc,phases,start] GC(167) Summary Phase
[13.969s][info][gc,phases      ] GC(167) Summary Phase 0.055ms
[13.969s][info][gc,phases,start] GC(167) Adjust Roots
[13.969s][info][gc,phases      ] GC(167) Adjust Roots 0.235ms
[13.969s][info][gc,phases,start] GC(167) Compaction Phase
[14.144s][info][gc,phases      ] GC(167) Compaction Phase 174.728ms
[14.144s][info][gc,phases,start] GC(167) Post Compact
[14.148s][info][gc,phases      ] GC(167) Post Compact 4.125ms
[14.149s][info][gc,heap        ] GC(167) PSYoungGen: 41184K(153600K)->0K(154624K) Eden: 0K(40960K)->0K(45568K) From: 41184K(112640K)->0K(109056K)
[14.149s][info][gc,heap        ] GC(167) ParOldGen: 2082227K(2135040K)->2120830K(2348544K)
[14.149s][info][gc,metaspace   ] GC(167) Metaspace: 6303K(6528K)->6303K(6528K) NonClass: 5770K(5888K)->5770K(5888K) Class: 533K(640K)->533K(640K)
[14.149s][info][gc             ] GC(167) Pause Full (Ergonomics) 2073M->2071M(2444M) 643.412ms
[14.149s][info][gc,cpu         ] GC(167) User=4.72s Sys=0.06s Real=0.64s
[14.198s][info][gc,start       ] GC(168) Pause Young (Allocation Failure)
[14.231s][info][gc,heap        ] GC(168) PSYoungGen: 45568K(154624K)->45728K(91648K) Eden: 45568K(45568K)->0K(45568K) From: 0K(109056K)->45728K(46080K)
[14.231s][info][gc,heap        ] GC(168) ParOldGen: 2120830K(2348544K)->2120830K(2348544K)
[14.231s][info][gc,metaspace   ] GC(168) Metaspace: 6303K(6528K)->6303K(6528K) NonClass: 5770K(5888K)->5770K(5888K) Class: 533K(640K)->533K(640K)
[14.231s][info][gc             ] GC(168) Pause Young (Allocation Failure) 2115M->2115M(2383M) 33.063ms
[14.231s][info][gc,cpu         ] GC(168) User=0.16s Sys=0.00s Real=0.03s
[14.283s][info][gc,start       ] GC(169) Pause Young (Allocation Failure)
[14.331s][info][gc,heap        ] GC(169) PSYoungGen: 91296K(91648K)->91424K(144384K) Eden: 45568K(45568K)->0K(39936K) From: 45728K(46080K)->91424K(104448K)
[14.332s][info][gc,heap        ] GC(169) ParOldGen: 2120830K(2348544K)->2120830K(2348544K)
[14.332s][info][gc,metaspace   ] GC(169) Metaspace: 6303K(6528K)->6303K(6528K) NonClass: 5770K(5888K)->5770K(5888K) Class: 533K(640K)->533K(640K)
[14.332s][info][gc             ] GC(169) Pause Young (Allocation Failure) 2160M->2160M(2434M) 48.717ms
[14.332s][info][gc,cpu         ] GC(169) User=0.28s Sys=0.00s Real=0.05s
[14.381s][info][gc,start       ] GC(170) Pause Young (Allocation Failure)
[14.446s][info][gc,heap        ] GC(170) PSYoungGen: 131360K(144384K)->114176K(154112K) Eden: 39936K(39936K)->0K(39936K) From: 91424K(104448K)->114176K(114176K)
[14.446s][info][gc,heap        ] GC(170) ParOldGen: 2120830K(2348544K)->2138118K(2348544K)
[14.446s][info][gc,metaspace   ] GC(170) Metaspace: 6303K(6528K)->6303K(6528K) NonClass: 5770K(5888K)->5770K(5888K) Class: 533K(640K)->533K(640K)
[14.446s][info][gc             ] GC(170) Pause Young (Allocation Failure) 2199M->2199M(2444M) 64.832ms
[14.446s][info][gc,cpu         ] GC(170) User=0.48s Sys=0.00s Real=0.07s
[14.492s][info][gc,start       ] GC(171) Pause Young (Allocation Failure)
[14.574s][info][gc,heap        ] GC(171) PSYoungGen: 154112K(154112K)->73728K(173056K) Eden: 39936K(39936K)->0K(44032K) From: 114176K(114176K)->73728K(129024K)
[14.574s][info][gc,heap        ] GC(171) ParOldGen: 2138118K(2348544K)->2219662K(2348544K)
[14.574s][info][gc,metaspace   ] GC(171) Metaspace: 6303K(6528K)->6303K(6528K) NonClass: 5770K(5888K)->5770K(5888K) Class: 533K(640K)->533K(640K)
[14.574s][info][gc             ] GC(171) Pause Young (Allocation Failure) 2238M->2239M(2462M) 81.699ms
[14.574s][info][gc,cpu         ] GC(171) User=0.50s Sys=0.03s Real=0.08s
[14.626s][info][gc,start       ] GC(172) Pause Young (Allocation Failure)
[14.686s][info][gc,heap        ] GC(172) PSYoungGen: 117760K(173056K)->84224K(176640K) Eden: 44032K(44032K)->0K(44032K) From: 73728K(129024K)->84224K(132608K)
[14.686s][info][gc,heap        ] GC(172) ParOldGen: 2219662K(2348544K)->2253734K(2348544K)
[14.686s][info][gc,metaspace   ] GC(172) Metaspace: 6303K(6528K)->6303K(6528K) NonClass: 5770K(5888K)->5770K(5888K) Class: 533K(640K)->533K(640K)
[14.686s][info][gc             ] GC(172) Pause Young (Allocation Failure) 2282M->2283M(2466M) 60.312ms
[14.686s][info][gc,cpu         ] GC(172) User=0.33s Sys=0.06s Real=0.06s
[14.736s][info][gc,start       ] GC(173) Pause Young (Allocation Failure)
[14.802s][info][gc,heap        ] GC(173) PSYoungGen: 128256K(176640K)->88320K(180736K) Eden: 44032K(44032K)->0K(47616K) From: 84224K(132608K)->88320K(133120K)
[14.803s][info][gc,heap        ] GC(173) ParOldGen: 2253734K(2348544K)->2294054K(2348544K)
[14.803s][info][gc,metaspace   ] GC(173) Metaspace: 6303K(6528K)->6303K(6528K) NonClass: 5770K(5888K)->5770K(5888K) Class: 533K(640K)->533K(640K)
[14.803s][info][gc             ] GC(173) Pause Young (Allocation Failure) 2326M->2326M(2470M) 66.668ms
[14.803s][info][gc,cpu         ] GC(173) User=0.39s Sys=0.02s Real=0.07s
[14.803s][info][gc,start       ] GC(174) Pause Full (Ergonomics)
[14.803s][info][gc,phases,start] GC(174) Marking Phase
[15.344s][info][gc,phases      ] GC(174) Marking Phase 541.161ms
[15.344s][info][gc,phases,start] GC(174) Summary Phase
[15.344s][info][gc,phases      ] GC(174) Summary Phase 0.042ms
[15.344s][info][gc,phases,start] GC(174) Adjust Roots
[15.344s][info][gc,phases      ] GC(174) Adjust Roots 0.162ms
[15.344s][info][gc,phases,start] GC(174) Compaction Phase
[15.539s][info][gc,phases      ] GC(174) Compaction Phase 195.265ms
[15.539s][info][gc,phases,start] GC(174) Post Compact
[15.544s][info][gc,phases      ] GC(174) Post Compact 4.790ms
[15.545s][info][gc,heap        ] GC(174) PSYoungGen: 88320K(180736K)->31277K(180736K) Eden: 0K(47616K)->0K(47616K) From: 88320K(133120K)->31277K(133120K)
[15.545s][info][gc,heap        ] GC(174) ParOldGen: 2294054K(2348544K)->2348434K(2603520K)
[15.545s][info][gc,metaspace   ] GC(174) Metaspace: 6303K(6528K)->6303K(6528K) NonClass: 5770K(5888K)->5770K(5888K) Class: 533K(640K)->533K(640K)
[15.545s][info][gc             ] GC(174) Pause Full (Ergonomics) 2326M->2323M(2719M) 742.807ms
[15.545s][info][gc,cpu         ] GC(174) User=5.64s Sys=0.03s Real=0.74s
[15.602s][info][gc,start       ] GC(175) Pause Young (Allocation Failure)
[15.745s][info][gc,heap        ] GC(175) PSYoungGen: 78893K(180736K)->64000K(111616K) Eden: 47616K(47616K)->0K(47616K) From: 31277K(133120K)->64000K(64000K)
[15.745s][info][gc,heap        ] GC(175) ParOldGen: 2348434K(2603520K)->2363730K(2603520K)
[15.745s][info][gc,metaspace   ] GC(175) Metaspace: 6303K(6528K)->6303K(6528K) NonClass: 5770K(5888K)->5770K(5888K) Class: 533K(640K)->533K(640K)
[15.745s][info][gc             ] GC(175) Pause Young (Allocation Failure) 2370M->2370M(2651M) 143.251ms
[15.745s][info][gc,cpu         ] GC(175) User=0.91s Sys=0.00s Real=0.14s
[15.802s][info][gc,start       ] GC(176) Pause Young (Allocation Failure)
[15.863s][info][gc,heap        ] GC(176) PSYoungGen: 111616K(111616K)->111712K(171520K) Eden: 47616K(47616K)->0K(42496K) From: 64000K(64000K)->111712K(129024K)
[15.863s][info][gc,heap        ] GC(176) ParOldGen: 2363730K(2603520K)->2363730K(2603520K)
[15.863s][info][gc,metaspace   ] GC(176) Metaspace: 6303K(6528K)->6303K(6528K) NonClass: 5770K(5888K)->5770K(5888K) Class: 533K(640K)->533K(640K)
[15.863s][info][gc             ] GC(176) Pause Young (Allocation Failure) 2417M->2417M(2710M) 60.476ms
[15.863s][info][gc,cpu         ] GC(176) User=0.38s Sys=0.02s Real=0.06s
[15.915s][info][gc,start       ] GC(177) Pause Young (Allocation Failure)
[15.999s][info][gc,heap        ] GC(177) PSYoungGen: 154208K(171520K)->138752K(181248K) Eden: 42496K(42496K)->0K(42496K) From: 111712K(129024K)->138752K(138752K)
[15.999s][info][gc,heap        ] GC(177) ParOldGen: 2363730K(2603520K)->2379258K(2603520K)
[15.999s][info][gc,metaspace   ] GC(177) Metaspace: 6303K(6528K)->6303K(6528K) NonClass: 5770K(5888K)->5770K(5888K) Class: 533K(640K)->533K(640K)
[15.999s][info][gc             ] GC(177) Pause Young (Allocation Failure) 2458M->2458M(2719M) 84.333ms
[15.999s][info][gc,cpu         ] GC(177) User=0.52s Sys=0.00s Real=0.09s
[16.049s][info][gc,start       ] GC(178) Pause Young (Allocation Failure)
[16.153s][info][gc,heap        ] GC(178) PSYoungGen: 181248K(181248K)->126432K(201216K) Eden: 42496K(42496K)->0K(38400K) From: 138752K(138752K)->126432K(162816K)
[16.153s][info][gc,heap        ] GC(178) ParOldGen: 2379258K(2603520K)->2434666K(2603520K)
[16.153s][info][gc,metaspace   ] GC(178) Metaspace: 6303K(6528K)->6303K(6528K) NonClass: 5770K(5888K)->5770K(5888K) Class: 533K(640K)->533K(640K)
[16.153s][info][gc             ] GC(178) Pause Young (Allocation Failure) 2500M->2501M(2739M) 104.782ms
[16.153s][info][gc,cpu         ] GC(178) User=0.69s Sys=0.08s Real=0.11s
[16.199s][info][gc,start       ] GC(179) Pause Young (Allocation Failure)
[16.290s][info][gc,heap        ] GC(179) PSYoungGen: 164832K(201216K)->121792K(209920K) Eden: 38400K(38400K)->0K(38400K) From: 126432K(162816K)->121792K(171520K)
[16.291s][info][gc,heap        ] GC(179) ParOldGen: 2434666K(2603520K)->2478074K(2603520K)
[16.291s][info][gc,metaspace   ] GC(179) Metaspace: 6303K(6528K)->6303K(6528K) NonClass: 5770K(5888K)->5770K(5888K) Class: 533K(640K)->533K(640K)
[16.291s][info][gc             ] GC(179) Pause Young (Allocation Failure) 2538M->2538M(2747M) 91.545ms
[16.291s][info][gc,cpu         ] GC(179) User=0.59s Sys=0.05s Real=0.09s
[16.336s][info][gc,start       ] GC(180) Pause Young (Allocation Failure)
[16.429s][info][gc,heap        ] GC(180) PSYoungGen: 160192K(209920K)->119584K(216576K) Eden: 38400K(38400K)->0K(40448K) From: 121792K(171520K)->119584K(176128K)
[16.429s][info][gc,heap        ] GC(180) ParOldGen: 2478074K(2603520K)->2519082K(2603520K)
[16.429s][info][gc,metaspace   ] GC(180) Metaspace: 6303K(6528K)->6303K(6528K) NonClass: 5770K(5888K)->5770K(5888K) Class: 533K(640K)->533K(640K)
[16.429s][info][gc             ] GC(180) Pause Young (Allocation Failure) 2576M->2576M(2754M) 92.593ms
[16.429s][info][gc,cpu         ] GC(180) User=0.61s Sys=0.00s Real=0.09s
[16.477s][info][gc,start       ] GC(181) Pause Young (Allocation Failure)
[16.573s][info][gc,heap        ] GC(181) PSYoungGen: 160032K(216576K)->79072K(119808K) Eden: 40448K(40448K)->0K(40448K) From: 119584K(176128K)->79072K(79360K)
[16.573s][info][gc,heap        ] GC(181) ParOldGen: 2519082K(2603520K)->2600682K(2603520K)
[16.573s][info][gc,metaspace   ] GC(181) Metaspace: 6303K(6528K)->6303K(6528K) NonClass: 5770K(5888K)->5770K(5888K) Class: 533K(640K)->533K(640K)
[16.573s][info][gc             ] GC(181) Pause Young (Allocation Failure) 2616M->2616M(2659M) 95.508ms
[16.573s][info][gc,cpu         ] GC(181) User=0.61s Sys=0.02s Real=0.10s
[16.573s][info][gc,start       ] GC(182) Pause Full (Ergonomics)
[16.573s][info][gc,phases,start] GC(182) Marking Phase
[17.182s][info][gc,phases      ] GC(182) Marking Phase 608.513ms
[17.182s][info][gc,phases,start] GC(182) Summary Phase
[17.182s][info][gc,phases      ] GC(182) Summary Phase 0.037ms
[17.182s][info][gc,phases,start] GC(182) Adjust Roots
[17.182s][info][gc,phases      ] GC(182) Adjust Roots 0.161ms
[17.182s][info][gc,phases,start] GC(182) Compaction Phase
[17.397s][info][gc,phases      ] GC(182) Compaction Phase 215.524ms
[17.397s][info][gc,phases,start] GC(182) Post Compact
[17.402s][info][gc,phases      ] GC(182) Post Compact 4.379ms
[17.403s][info][gc,heap        ] GC(182) PSYoungGen: 79072K(119808K)->73673K(119808K) Eden: 0K(40448K)->0K(40448K) From: 79072K(79360K)->73673K(79360K)
[17.403s][info][gc,heap        ] GC(182) ParOldGen: 2600682K(2603520K)->2603282K(2894336K)
[17.403s][info][gc,metaspace   ] GC(182) Metaspace: 6303K(6528K)->6303K(6528K) NonClass: 5770K(5888K)->5770K(5888K) Class: 533K(640K)->533K(640K)
[17.403s][info][gc             ] GC(182) Pause Full (Ergonomics) 2616M->2614M(2943M) 829.909ms
[17.403s][info][gc,cpu         ] GC(182) User=6.27s Sys=0.02s Real=0.83s
[17.452s][info][gc,start       ] GC(183) Pause Young (Allocation Failure)
[17.616s][info][gc,heap        ] GC(183) PSYoungGen: 114121K(119808K)->40640K(216064K) Eden: 40448K(40448K)->0K(44544K) From: 73673K(79360K)->40640K(171520K)
[17.616s][info][gc,heap        ] GC(183) ParOldGen: 2603282K(2894336K)->2677658K(2894336K)
[17.616s][info][gc,metaspace   ] GC(183) Metaspace: 6303K(6528K)->6303K(6528K) NonClass: 5770K(5888K)->5770K(5888K) Class: 533K(640K)->533K(640K)
[17.616s][info][gc             ] GC(183) Pause Young (Allocation Failure) 2653M->2654M(3037M) 163.910ms
[17.616s][info][gc,cpu         ] GC(183) User=1.02s Sys=0.02s Real=0.16s
[17.664s][info][gc,start       ] GC(184) Pause Young (Allocation Failure)
[17.716s][info][gc,heap        ] GC(184) PSYoungGen: 85184K(216064K)->44736K(217088K) Eden: 44544K(44544K)->0K(44544K) From: 40640K(171520K)->44736K(172544K)
[17.716s][info][gc,heap        ] GC(184) ParOldGen: 2677658K(2894336K)->2718466K(2894336K)
[17.716s][info][gc,metaspace   ] GC(184) Metaspace: 6303K(6528K)->6303K(6528K) NonClass: 5770K(5888K)->5770K(5888K) Class: 533K(640K)->533K(640K)
[17.716s][info][gc             ] GC(184) Pause Young (Allocation Failure) 2698M->2698M(3038M) 51.637ms
[17.716s][info][gc,cpu         ] GC(184) User=0.25s Sys=0.03s Real=0.05s
[17.768s][info][gc,start       ] GC(185) Pause Young (Allocation Failure)
[17.819s][info][gc,heap        ] GC(185) PSYoungGen: 89280K(217088K)->44736K(215552K) Eden: 44544K(44544K)->0K(49664K) From: 44736K(172544K)->44736K(165888K)
[17.819s][info][gc,heap        ] GC(185) ParOldGen: 2718466K(2894336K)->2763402K(2894336K)
[17.819s][info][gc,metaspace   ] GC(185) Metaspace: 6303K(6528K)->6303K(6528K) NonClass: 5770K(5888K)->5770K(5888K) Class: 533K(640K)->533K(640K)
[17.819s][info][gc             ] GC(185) Pause Young (Allocation Failure) 2741M->2742M(3037M) 51.576ms
[17.819s][info][gc,cpu         ] GC(185) User=0.28s Sys=0.00s Real=0.05s
[18.381s][info][gc,start       ] GC(186) Pause Young (Allocation Failure)
[18.493s][info][gc,heap        ] GC(186) PSYoungGen: 94400K(215552K)->49888K(218112K) Eden: 49664K(49664K)->0K(49664K) From: 44736K(165888K)->49888K(168448K)
[18.493s][info][gc,heap        ] GC(186) ParOldGen: 2894474K(3025920K)->2939426K(3025920K)
[18.493s][info][gc,metaspace   ] GC(186) Metaspace: 6303K(6528K)->6303K(6528K) NonClass: 5770K(5888K)->5770K(5888K) Class: 533K(640K)->533K(640K)
[18.493s][info][gc             ] GC(186) Pause Young (Allocation Failure) 2918M->2919M(3168M) 112.234ms
[18.493s][info][gc,cpu         ] GC(186) User=0.78s Sys=0.02s Real=0.11s
[18.546s][info][gc,start       ] GC(187) Pause Young (Allocation Failure)
[18.607s][info][gc,heap        ] GC(187) PSYoungGen: 99552K(218112K)->99584K(218624K) Eden: 49664K(49664K)->0K(54272K) From: 49888K(168448K)->99584K(164352K)
[18.607s][info][gc,heap        ] GC(187) ParOldGen: 2939426K(3025920K)->2939426K(3025920K)
[18.607s][info][gc,metaspace   ] GC(187) Metaspace: 6303K(6528K)->6303K(6528K) NonClass: 5770K(5888K)->5770K(5888K) Class: 533K(640K)->533K(640K)
[18.607s][info][gc             ] GC(187) Pause Young (Allocation Failure) 2967M->2967M(3168M) 60.912ms
[18.607s][info][gc,cpu         ] GC(187) User=0.22s Sys=0.00s Real=0.06s
[18.662s][info][gc,start       ] GC(188) Pause Young (Allocation Failure)
[18.741s][info][gc,heap        ] GC(188) PSYoungGen: 153856K(218624K)->153952K(218624K) Eden: 54272K(54272K)->0K(54272K) From: 99584K(164352K)->153952K(164352K)
[18.741s][info][gc,heap        ] GC(188) ParOldGen: 2939426K(3025920K)->2939426K(3025920K)
[18.741s][info][gc,metaspace   ] GC(188) Metaspace: 6303K(6528K)->6303K(6528K) NonClass: 5770K(5888K)->5770K(5888K) Class: 533K(640K)->533K(640K)
[18.741s][info][gc             ] GC(188) Pause Young (Allocation Failure) 3020M->3020M(3168M) 79.620ms
[18.741s][info][gc,cpu         ] GC(188) User=0.39s Sys=0.03s Real=0.08s
[18.792s][info][gc,start       ] GC(189) Pause Young (Allocation Failure)
[18.894s][info][gc,heap        ] GC(189) PSYoungGen: 208224K(218624K)->158592K(226304K) Eden: 54272K(54272K)->0K(42496K) From: 153952K(164352K)->158592K(183808K)
[18.894s][info][gc,heap        ] GC(189) ParOldGen: 2939426K(3025920K)->2989554K(3025920K)
[18.894s][info][gc,metaspace   ] GC(189) Metaspace: 6303K(6528K)->6303K(6528K) NonClass: 5770K(5888K)->5770K(5888K) Class: 533K(640K)->533K(640K)
[18.894s][info][gc             ] GC(189) Pause Young (Allocation Failure) 3073M->3074M(3176M) 101.823ms
[18.894s][info][gc,cpu         ] GC(189) User=0.58s Sys=0.06s Real=0.10s
[18.894s][info][gc,start       ] GC(190) Pause Full (Ergonomics)
[18.894s][info][gc,phases,start] GC(190) Marking Phase
[19.585s][info][gc,phases      ] GC(190) Marking Phase 690.989ms
[19.585s][info][gc,phases,start] GC(190) Summary Phase
[19.585s][info][gc,phases      ] GC(190) Summary Phase 0.044ms
[19.585s][info][gc,phases,start] GC(190) Adjust Roots
[19.585s][info][gc,phases      ] GC(190) Adjust Roots 0.208ms
[19.586s][info][gc,phases,start] GC(190) Compaction Phase
[20.094s][info][gc,phases      ] GC(190) Compaction Phase 508.821ms
[20.094s][info][gc,phases,start] GC(190) Post Compact
[20.101s][info][gc,phases      ] GC(190) Post Compact 6.522ms
[20.102s][info][gc,heap        ] GC(190) PSYoungGen: 158592K(226304K)->53875K(226304K) Eden: 0K(42496K)->0K(42496K) From: 158592K(183808K)->53875K(183808K)
[20.102s][info][gc,heap        ] GC(190) ParOldGen: 2989554K(3025920K)->3025798K(3329536K)
[20.102s][info][gc,metaspace   ] GC(190) Metaspace: 6303K(6528K)->6303K(6528K) NonClass: 5770K(5888K)->5770K(5888K) Class: 533K(640K)->533K(640K)
[20.102s][info][gc             ] GC(190) Pause Full (Ergonomics) 3074M->3007M(3472M) 1208.051ms
[20.102s][info][gc,cpu         ] GC(190) User=8.38s Sys=0.02s Real=1.21s
[20.142s][info][gc,start       ] GC(191) Pause Young (Allocation Failure)
[20.307s][info][gc,heap        ] GC(191) PSYoungGen: 96371K(226304K)->83808K(126464K) Eden: 42496K(42496K)->0K(42496K) From: 53875K(183808K)->83808K(83968K)
[20.307s][info][gc,heap        ] GC(191) ParOldGen: 3025798K(3329536K)->3038806K(3329536K)
[20.307s][info][gc,metaspace   ] GC(191) Metaspace: 6303K(6528K)->6303K(6528K) NonClass: 5770K(5888K)->5770K(5888K) Class: 533K(640K)->533K(640K)
[20.307s][info][gc             ] GC(191) Pause Young (Allocation Failure) 3048M->3049M(3375M) 164.742ms
[20.307s][info][gc,cpu         ] GC(191) User=1.03s Sys=0.02s Real=0.16s
[20.350s][info][gc,start       ] GC(192) Pause Young (Allocation Failure)
[20.416s][info][gc,heap        ] GC(192) PSYoungGen: 126304K(126464K)->126336K(236032K) Eden: 42496K(42496K)->0K(44032K) From: 83808K(83968K)->126336K(192000K)
[20.416s][info][gc,heap        ] GC(192) ParOldGen: 3038806K(3329536K)->3038806K(3329536K)
[20.416s][info][gc,metaspace   ] GC(192) Metaspace: 6303K(6528K)->6303K(6528K) NonClass: 5770K(5888K)->5770K(5888K) Class: 533K(640K)->533K(640K)
[20.416s][info][gc             ] GC(192) Pause Young (Allocation Failure) 3090M->3090M(3482M) 65.976ms
[20.416s][info][gc,cpu         ] GC(192) User=0.27s Sys=0.00s Real=0.07s
[20.465s][info][gc,start       ] GC(193) Pause Young (Allocation Failure)
[20.547s][info][gc,heap        ] GC(193) PSYoungGen: 170368K(236032K)->161088K(238592K) Eden: 44032K(44032K)->0K(44032K) From: 126336K(192000K)->161088K(194560K)
[20.547s][info][gc,heap        ] GC(193) ParOldGen: 3038806K(3329536K)->3048262K(3329536K)
[20.547s][info][gc,metaspace   ] GC(193) Metaspace: 6303K(6528K)->6303K(6528K) NonClass: 5770K(5888K)->5770K(5888K) Class: 533K(640K)->533K(640K)
[20.547s][info][gc             ] GC(193) Pause Young (Allocation Failure) 3133M->3134M(3484M) 81.337ms
[20.547s][info][gc,cpu         ] GC(193) User=0.44s Sys=0.00s Real=0.08s
[20.592s][info][gc,start       ] GC(194) Pause Young (Allocation Failure)
[20.687s][info][gc,heap        ] GC(194) PSYoungGen: 205120K(238592K)->173408K(243200K) Eden: 44032K(44032K)->0K(33792K) From: 161088K(194560K)->173408K(209408K)
[20.687s][info][gc,heap        ] GC(194) ParOldGen: 3048262K(3329536K)->3080254K(3329536K)
[20.687s][info][gc,metaspace   ] GC(194) Metaspace: 6303K(6528K)->6303K(6528K) NonClass: 5770K(5888K)->5770K(5888K) Class: 533K(640K)->533K(640K)
[20.687s][info][gc             ] GC(194) Pause Young (Allocation Failure) 3177M->3177M(3489M) 95.160ms
[20.687s][info][gc,cpu         ] GC(194) User=0.47s Sys=0.08s Real=0.10s
[20.719s][info][gc,start       ] GC(195) Pause Young (Allocation Failure)
[20.820s][info][gc,heap        ] GC(195) PSYoungGen: 207200K(243200K)->122176K(156160K) Eden: 33792K(33792K)->0K(33792K) From: 173408K(209408K)->122176K(122368K)
[20.820s][info][gc,heap        ] GC(195) ParOldGen: 3080254K(3329536K)->3165982K(3329536K)
[20.820s][info][gc,metaspace   ] GC(195) Metaspace: 6303K(6528K)->6303K(6528K) NonClass: 5770K(5888K)->5770K(5888K) Class: 533K(640K)->533K(640K)
[20.820s][info][gc             ] GC(195) Pause Young (Allocation Failure) 3210M->3211M(3404M) 100.316ms
[20.820s][info][gc,cpu         ] GC(195) User=0.67s Sys=0.09s Real=0.10s
[20.854s][info][gc,start       ] GC(196) Pause Young (Allocation Failure)
[20.934s][info][gc,heap        ] GC(196) PSYoungGen: 155968K(156160K)->67808K(249344K) Eden: 33792K(33792K)->0K(38400K) From: 122176K(122368K)->67808K(210944K)
[20.934s][info][gc,heap        ] GC(196) ParOldGen: 3165982K(3329536K)->3254790K(3329536K)
[20.934s][info][gc,metaspace   ] GC(196) Metaspace: 6303K(6528K)->6303K(6528K) NonClass: 5770K(5888K)->5770K(5888K) Class: 533K(640K)->533K(640K)
[20.934s][info][gc             ] GC(196) Pause Young (Allocation Failure) 3244M->3244M(3495M) 79.749ms
[20.934s][info][gc,cpu         ] GC(196) User=0.47s Sys=0.05s Real=0.08s
[20.934s][info][gc,start       ] GC(197) Pause Full (Ergonomics)
[20.934s][info][gc,phases,start] GC(197) Marking Phase
[21.690s][info][gc,phases      ] GC(197) Marking Phase 755.573ms
[21.690s][info][gc,phases,start] GC(197) Summary Phase
[21.690s][info][gc,phases      ] GC(197) Summary Phase 0.064ms
[21.690s][info][gc,phases,start] GC(197) Adjust Roots
[21.690s][info][gc,phases      ] GC(197) Adjust Roots 0.163ms
[21.690s][info][gc,phases,start] GC(197) Compaction Phase
[22.000s][info][gc,phases      ] GC(197) Compaction Phase 309.589ms
[22.000s][info][gc,phases,start] GC(197) Post Compact
[22.006s][info][gc,phases      ] GC(197) Post Compact 6.153ms
[22.007s][info][gc,heap        ] GC(197) PSYoungGen: 67808K(249344K)->0K(252928K) Eden: 0K(38400K)->0K(38400K) From: 67808K(210944K)->0K(214528K)
[22.007s][info][gc,heap        ] GC(197) ParOldGen: 3254790K(3329536K)->3320120K(3671040K)
[22.007s][info][gc,metaspace   ] GC(197) Metaspace: 6303K(6528K)->6303K(6528K) NonClass: 5770K(5888K)->5770K(5888K) Class: 533K(640K)->533K(640K)
[22.007s][info][gc             ] GC(197) Pause Full (Ergonomics) 3244M->3242M(3832M) 1073.009ms
[22.007s][info][gc,cpu         ] GC(197) User=7.66s Sys=0.11s Real=1.07s
[22.048s][info][gc,start       ] GC(198) Pause Young (Allocation Failure)
[22.090s][info][gc,heap        ] GC(198) PSYoungGen: 38400K(252928K)->38592K(257024K) Eden: 38400K(38400K)->0K(42496K) From: 0K(214528K)->38592K(214528K)
[22.090s][info][gc,heap        ] GC(198) ParOldGen: 3320120K(3671040K)->3320120K(3671040K)
[22.090s][info][gc,metaspace   ] GC(198) Metaspace: 6303K(6528K)->6303K(6528K) NonClass: 5770K(5888K)->5770K(5888K) Class: 533K(640K)->533K(640K)
[22.090s][info][gc             ] GC(198) Pause Young (Allocation Failure) 3279M->3279M(3836M) 42.908ms
[22.090s][info][gc,cpu         ] GC(198) User=0.06s Sys=0.00s Real=0.04s
[22.136s][info][gc,start       ] GC(199) Pause Young (Allocation Failure)
[22.194s][info][gc,heap        ] GC(199) PSYoungGen: 81088K(257024K)->42688K(258048K) Eden: 42496K(42496K)->0K(42496K) From: 38592K(214528K)->42688K(215552K)
[22.194s][info][gc,heap        ] GC(199) ParOldGen: 3320120K(3671040K)->3358864K(3671040K)
[22.194s][info][gc,metaspace   ] GC(199) Metaspace: 6303K(6528K)->6303K(6528K) NonClass: 5770K(5888K)->5770K(5888K) Class: 533K(640K)->533K(640K)
[22.194s][info][gc             ] GC(199) Pause Young (Allocation Failure) 3321M->3321M(3837M) 57.715ms
[22.194s][info][gc,cpu         ] GC(199) User=0.25s Sys=0.02s Real=0.06s
[22.238s][info][gc,start       ] GC(200) Pause Young (Allocation Failure)
[22.295s][info][gc,heap        ] GC(200) PSYoungGen: 85184K(258048K)->42656K(253440K) Eden: 42496K(42496K)->0K(47104K) From: 42688K(215552K)->42656K(206336K)
[22.295s][info][gc,heap        ] GC(200) ParOldGen: 3358864K(3671040K)->3401752K(3671040K)
[22.295s][info][gc,metaspace   ] GC(200) Metaspace: 6303K(6528K)->6303K(6528K) NonClass: 5770K(5888K)->5770K(5888K) Class: 533K(640K)->533K(640K)
[22.295s][info][gc             ] GC(200) Pause Young (Allocation Failure) 3363M->3363M(3832M) 56.758ms
[22.295s][info][gc,cpu         ] GC(200) User=0.20s Sys=0.00s Real=0.06s
[22.341s][info][gc,start       ] GC(201) Pause Young (Allocation Failure)
[22.400s][info][gc,heap        ] GC(201) PSYoungGen: 89760K(253440K)->47264K(257024K) Eden: 47104K(47104K)->0K(47104K) From: 42656K(206336K)->47264K(209920K)
[22.400s][info][gc,heap        ] GC(201) ParOldGen: 3401752K(3671040K)->3444616K(3671040K)
[22.400s][info][gc,metaspace   ] GC(201) Metaspace: 6303K(6528K)->6303K(6528K) NonClass: 5770K(5888K)->5770K(5888K) Class: 533K(640K)->533K(640K)
[22.400s][info][gc             ] GC(201) Pause Young (Allocation Failure) 3409M->3410M(3836M) 59.712ms
[22.400s][info][gc,cpu         ] GC(201) User=0.25s Sys=0.03s Real=0.06s
[22.446s][info][gc,start       ] GC(202) Pause Young (Allocation Failure)
[22.503s][info][gc,heap        ] GC(202) PSYoungGen: 94368K(257024K)->47296K(246784K) Eden: 47104K(47104K)->0K(52736K) From: 47264K(209920K)->47296K(194048K)
[22.503s][info][gc,heap        ] GC(202) ParOldGen: 3444616K(3671040K)->3492160K(3671040K)
[22.504s][info][gc,metaspace   ] GC(202) Metaspace: 6303K(6528K)->6303K(6528K) NonClass: 5770K(5888K)->5770K(5888K) Class: 533K(640K)->533K(640K)
[22.504s][info][gc             ] GC(202) Pause Young (Allocation Failure) 3456M->3456M(3826M) 57.950ms
[22.504s][info][gc,cpu         ] GC(202) User=0.23s Sys=0.05s Real=0.06s
[22.555s][info][gc,start       ] GC(203) Pause Young (Allocation Failure)
[22.616s][info][gc,heap        ] GC(203) PSYoungGen: 100032K(246784K)->52960K(105984K) Eden: 52736K(52736K)->0K(52736K) From: 47296K(194048K)->52960K(53248K)
[22.616s][info][gc,heap        ] GC(203) ParOldGen: 3492160K(3671040K)->3539688K(3671040K)
[22.616s][info][gc,metaspace   ] GC(203) Metaspace: 6303K(6528K)->6303K(6528K) NonClass: 5770K(5888K)->5770K(5888K) Class: 533K(640K)->533K(640K)
[22.616s][info][gc             ] GC(203) Pause Young (Allocation Failure) 3508M->3508M(3688M) 60.827ms
[22.616s][info][gc,cpu         ] GC(203) User=0.17s Sys=0.03s Real=0.06s
[22.672s][info][gc,start       ] GC(204) Pause Young (Allocation Failure)
[22.736s][info][gc,heap        ] GC(204) PSYoungGen: 105696K(105984K)->52928K(236544K) Eden: 52736K(52736K)->0K(58880K) From: 52960K(53248K)->52928K(177664K)
[22.736s][info][gc,heap        ] GC(204) ParOldGen: 3539688K(3671040K)->3592896K(3671040K)
[22.736s][info][gc,metaspace   ] GC(204) Metaspace: 6303K(6528K)->6303K(6528K) NonClass: 5770K(5888K)->5770K(5888K) Class: 533K(640K)->533K(640K)
[22.736s][info][gc             ] GC(204) Pause Young (Allocation Failure) 3559M->3560M(3816M) 64.360ms
[22.736s][info][gc,cpu         ] GC(204) User=0.28s Sys=0.02s Real=0.07s
[22.736s][info][gc,start       ] GC(205) Pause Full (Ergonomics)
[22.736s][info][gc,phases,start] GC(205) Marking Phase
[23.558s][info][gc,phases      ] GC(205) Marking Phase 822.483ms
[23.559s][info][gc,phases,start] GC(205) Summary Phase
[23.559s][info][gc,phases      ] GC(205) Summary Phase 0.072ms
[23.559s][info][gc,phases,start] GC(205) Adjust Roots
[23.559s][info][gc,phases      ] GC(205) Adjust Roots 0.193ms
[23.559s][info][gc,phases,start] GC(205) Compaction Phase
[23.885s][info][gc,phases      ] GC(205) Compaction Phase 326.468ms
[23.885s][info][gc,phases,start] GC(205) Post Compact
[23.892s][info][gc,phases      ] GC(205) Post Compact 6.853ms
[23.894s][info][gc,heap        ] GC(205) PSYoungGen: 52928K(236544K)->0K(243712K) Eden: 0K(58880K)->0K(58880K) From: 52928K(177664K)->0K(184832K)
[23.894s][info][gc,heap        ] GC(205) ParOldGen: 3592896K(3671040K)->3642965K(4003840K)
[23.894s][info][gc,metaspace   ] GC(205) Metaspace: 6303K(6528K)->6303K(6528K) NonClass: 5770K(5888K)->5770K(5888K) Class: 533K(640K)->533K(640K)
[23.894s][info][gc             ] GC(205) Pause Full (Ergonomics) 3560M->3557M(4148M) 1157.626ms
[23.894s][info][gc,cpu         ] GC(205) User=8.48s Sys=0.06s Real=1.16s
[23.958s][info][gc,start       ] GC(206) Pause Young (Allocation Failure)
[24.011s][info][gc,heap        ] GC(206) PSYoungGen: 58880K(243712K)->59104K(230912K) Eden: 58880K(58880K)->0K(64000K) From: 0K(184832K)->59104K(166912K)
[24.012s][info][gc,heap        ] GC(206) ParOldGen: 3642965K(4003840K)->3642965K(4003840K)
[24.012s][info][gc,metaspace   ] GC(206) Metaspace: 6303K(6528K)->6303K(6528K) NonClass: 5770K(5888K)->5770K(5888K) Class: 533K(640K)->533K(640K)
[24.012s][info][gc             ] GC(206) Pause Young (Allocation Failure) 3615M->3615M(4135M) 53.898ms
[24.012s][info][gc,cpu         ] GC(206) User=0.11s Sys=0.00s Real=0.05s
[24.072s][info][gc,start       ] GC(207) Pause Young (Allocation Failure)
[24.141s][info][gc,heap        ] GC(207) PSYoungGen: 123104K(230912K)->123168K(240640K) Eden: 64000K(64000K)->0K(64000K) From: 59104K(166912K)->123168K(176640K)
[24.141s][info][gc,heap        ] GC(207) ParOldGen: 3642965K(4003840K)->3642965K(4003840K)
[24.141s][info][gc,metaspace   ] GC(207) Metaspace: 6303K(6528K)->6303K(6528K) NonClass: 5770K(5888K)->5770K(5888K) Class: 533K(640K)->533K(640K)
[24.141s][info][gc             ] GC(207) Pause Young (Allocation Failure) 3677M->3677M(4145M) 69.244ms
[24.141s][info][gc,cpu         ] GC(207) User=0.31s Sys=0.00s Real=0.07s
[24.206s][info][gc,start       ] GC(208) Pause Young (Allocation Failure)
[24.295s][info][gc,heap        ] GC(208) PSYoungGen: 187168K(240640K)->184832K(225280K) Eden: 64000K(64000K)->0K(40448K) From: 123168K(176640K)->184832K(184832K)
[24.296s][info][gc,heap        ] GC(208) ParOldGen: 3642965K(4003840K)->3645365K(4003840K)
[24.296s][info][gc,metaspace   ] GC(208) Metaspace: 6303K(6528K)->6303K(6528K) NonClass: 5770K(5888K)->5770K(5888K) Class: 533K(640K)->533K(640K)
[24.296s][info][gc             ] GC(208) Pause Young (Allocation Failure) 3740M->3740M(4130M) 89.486ms
[24.296s][info][gc,cpu         ] GC(208) User=0.62s Sys=0.02s Real=0.09s
[24.341s][info][gc,start       ] GC(209) Pause Young (Allocation Failure)
[24.456s][info][gc,heap        ] GC(209) PSYoungGen: 225280K(225280K)->104448K(144896K) Eden: 40448K(40448K)->0K(40448K) From: 184832K(184832K)->104448K(104448K)
[24.456s][info][gc,heap        ] GC(209) ParOldGen: 3645365K(4003840K)->3767269K(4003840K)
[24.456s][info][gc,metaspace   ] GC(209) Metaspace: 6303K(6528K)->6303K(6528K) NonClass: 5770K(5888K)->5770K(5888K) Class: 533K(640K)->533K(640K)
[24.456s][info][gc             ] GC(209) Pause Young (Allocation Failure) 3779M->3780M(4051M) 115.508ms
[24.456s][info][gc,cpu         ] GC(209) User=0.80s Sys=0.06s Real=0.12s
[24.499s][info][gc,start       ] GC(210) Pause Young (Allocation Failure)
[24.575s][info][gc,heap        ] GC(210) PSYoungGen: 144896K(144896K)->81152K(232960K) Eden: 40448K(40448K)->0K(45056K) From: 104448K(104448K)->81152K(187904K)
[24.575s][info][gc,heap        ] GC(210) ParOldGen: 3767269K(4003840K)->3831549K(4003840K)
[24.575s][info][gc,metaspace   ] GC(210) Metaspace: 6303K(6528K)->6303K(6528K) NonClass: 5770K(5888K)->5770K(5888K) Class: 533K(640K)->533K(640K)
[24.575s][info][gc             ] GC(210) Pause Young (Allocation Failure) 3820M->3820M(4137M) 76.266ms
[24.575s][info][gc,cpu         ] GC(210) User=0.47s Sys=0.05s Real=0.08s
[24.620s][info][gc,start       ] GC(211) Pause Young (Allocation Failure)
[24.689s][info][gc,heap        ] GC(211) PSYoungGen: 126208K(232960K)->85760K(131072K) Eden: 45056K(45056K)->0K(45056K) From: 81152K(187904K)->85760K(86016K)
[24.689s][info][gc,heap        ] GC(211) ParOldGen: 3831549K(4003840K)->3872365K(4003840K)
[24.689s][info][gc,metaspace   ] GC(211) Metaspace: 6303K(6528K)->6303K(6528K) NonClass: 5770K(5888K)->5770K(5888K) Class: 533K(640K)->533K(640K)
[24.689s][info][gc             ] GC(211) Pause Young (Allocation Failure) 3864M->3865M(4038M) 69.093ms
[24.689s][info][gc,cpu         ] GC(211) User=0.28s Sys=0.02s Real=0.07s
[24.733s][info][gc,start       ] GC(212) Pause Young (Allocation Failure)
[24.803s][info][gc,heap        ] GC(212) PSYoungGen: 130816K(131072K)->90432K(219648K) Eden: 45056K(45056K)->0K(50688K) From: 85760K(86016K)->90432K(168960K)
[24.803s][info][gc,heap        ] GC(212) ParOldGen: 3872365K(4003840K)->3913181K(4003840K)
[24.803s][info][gc,metaspace   ] GC(212) Metaspace: 6303K(6528K)->6303K(6528K) NonClass: 5770K(5888K)->5770K(5888K) Class: 533K(640K)->533K(640K)
[24.803s][info][gc             ] GC(212) Pause Young (Allocation Failure) 3909M->3909M(4124M) 69.598ms
[24.803s][info][gc,cpu         ] GC(212) User=0.39s Sys=0.00s Real=0.07s
[24.803s][info][gc,start       ] GC(213) Pause Full (Ergonomics)
[24.803s][info][gc,phases,start] GC(213) Marking Phase
[25.721s][info][gc,phases      ] GC(213) Marking Phase 917.703ms
[25.721s][info][gc,phases,start] GC(213) Summary Phase
[25.721s][info][gc,phases      ] GC(213) Summary Phase 0.080ms
[25.721s][info][gc,phases,start] GC(213) Adjust Roots
[25.721s][info][gc,phases      ] GC(213) Adjust Roots 0.203ms
[25.721s][info][gc,phases,start] GC(213) Compaction Phase
[26.062s][info][gc,phases      ] GC(213) Compaction Phase 340.596ms
[26.062s][info][gc,phases,start] GC(213) Post Compact
[26.070s][info][gc,phases      ] GC(213) Post Compact 7.726ms
[26.071s][info][gc,heap        ] GC(213) PSYoungGen: 90432K(219648K)->0K(228864K) Eden: 0K(50688K)->0K(50688K) From: 90432K(168960K)->0K(178176K)
[26.071s][info][gc,heap        ] GC(213) ParOldGen: 3913181K(4003840K)->4000635K(4403712K)
[26.071s][info][gc,metaspace   ] GC(213) Metaspace: 6303K(6528K)->6303K(6528K) NonClass: 5770K(5888K)->5770K(5888K) Class: 533K(640K)->533K(640K)
[26.071s][info][gc             ] GC(213) Pause Full (Ergonomics) 3909M->3906M(4524M) 1268.012ms
[26.071s][info][gc,cpu         ] GC(213) User=9.52s Sys=0.03s Real=1.27s
[26.125s][info][gc,start       ] GC(214) Pause Young (Allocation Failure)
[26.172s][info][gc,heap        ] GC(214) PSYoungGen: 50688K(228864K)->50944K(226816K) Eden: 50688K(50688K)->0K(55296K) From: 0K(178176K)->50944K(171520K)
[26.172s][info][gc,heap        ] GC(214) ParOldGen: 4000635K(4403712K)->4000635K(4403712K)
[26.172s][info][gc,metaspace   ] GC(214) Metaspace: 6303K(6528K)->6303K(6528K) NonClass: 5770K(5888K)->5770K(5888K) Class: 533K(640K)->533K(640K)
[26.172s][info][gc             ] GC(214) Pause Young (Allocation Failure) 3956M->3956M(4522M) 46.815ms
[26.172s][info][gc,cpu         ] GC(214) User=0.16s Sys=0.00s Real=0.05s
[26.234s][info][gc,start       ] GC(215) Pause Young (Allocation Failure)
[26.301s][info][gc,heap        ] GC(215) PSYoungGen: 106240K(226816K)->106240K(230912K) Eden: 55296K(55296K)->0K(55296K) From: 50944K(171520K)->106240K(175616K)
[26.301s][info][gc,heap        ] GC(215) ParOldGen: 4000635K(4403712K)->4000635K(4403712K)
[26.301s][info][gc,metaspace   ] GC(215) Metaspace: 6303K(6528K)->6303K(6528K) NonClass: 5770K(5888K)->5770K(5888K) Class: 533K(640K)->533K(640K)
[26.301s][info][gc             ] GC(215) Pause Young (Allocation Failure) 4010M->4010M(4526M) 66.633ms
[26.301s][info][gc,cpu         ] GC(215) User=0.28s Sys=0.00s Real=0.07s
[26.358s][info][gc,start       ] GC(216) Pause Young (Allocation Failure)
[26.440s][info][gc,heap        ] GC(216) PSYoungGen: 161536K(230912K)->161664K(217088K) Eden: 55296K(55296K)->0K(42496K) From: 106240K(175616K)->161664K(174592K)
[26.440s][info][gc,heap        ] GC(216) ParOldGen: 4000635K(4403712K)->4000635K(4403712K)
[26.440s][info][gc,metaspace   ] GC(216) Metaspace: 6303K(6528K)->6303K(6528K) NonClass: 5770K(5888K)->5770K(5888K) Class: 533K(640K)->533K(640K)
[26.440s][info][gc             ] GC(216) Pause Young (Allocation Failure) 4064M->4064M(4512M) 82.736ms
[26.440s][info][gc,cpu         ] GC(216) User=0.50s Sys=0.00s Real=0.08s
[26.481s][info][gc,start       ] GC(217) Pause Young (Allocation Failure)
[26.577s][info][gc,heap        ] GC(217) PSYoungGen: 204160K(217088K)->193024K(235520K) Eden: 42496K(42496K)->0K(42496K) From: 161664K(174592K)->193024K(193024K)
[26.577s][info][gc,heap        ] GC(217) ParOldGen: 4000635K(4403712K)->4011811K(4403712K)
[26.577s][info][gc,metaspace   ] GC(217) Metaspace: 6303K(6528K)->6303K(6528K) NonClass: 5770K(5888K)->5770K(5888K) Class: 533K(640K)->533K(640K)
[26.577s][info][gc             ] GC(217) Pause Young (Allocation Failure) 4106M->4106M(4530M) 96.232ms
[26.577s][info][gc,cpu         ] GC(217) User=0.64s Sys=0.00s Real=0.10s
[26.623s][info][gc,start       ] GC(218) Pause Young (Allocation Failure)
[26.733s][info][gc,heap        ] GC(218) PSYoungGen: 235520K(235520K)->187968K(252928K) Eden: 42496K(42496K)->0K(29184K) From: 193024K(193024K)->187968K(223744K)
[26.733s][info][gc,heap        ] GC(218) ParOldGen: 4011811K(4403712K)->4059907K(4403712K)
[26.733s][info][gc,metaspace   ] GC(218) Metaspace: 6303K(6528K)->6303K(6528K) NonClass: 5770K(5888K)->5770K(5888K) Class: 533K(640K)->533K(640K)
[26.733s][info][gc             ] GC(218) Pause Young (Allocation Failure) 4147M->4148M(4547M) 110.188ms
[26.733s][info][gc,cpu         ] GC(218) User=0.75s Sys=0.02s Real=0.11s
[26.765s][info][gc,start       ] GC(219) Pause Young (Allocation Failure)
[26.864s][info][gc,heap        ] GC(219) PSYoungGen: 217152K(252928K)->164256K(271360K) Eden: 29184K(29184K)->0K(29184K) From: 187968K(223744K)->164256K(242176K)
[26.864s][info][gc,heap        ] GC(219) ParOldGen: 4059907K(4403712K)->4113203K(4403712K)
[26.864s][info][gc,metaspace   ] GC(219) Metaspace: 6303K(6528K)->6303K(6528K) NonClass: 5770K(5888K)->5770K(5888K) Class: 533K(640K)->533K(640K)
[26.864s][info][gc             ] GC(219) Pause Young (Allocation Failure) 4176M->4177M(4565M) 98.857ms
[26.864s][info][gc,cpu         ] GC(219) User=0.66s Sys=0.00s Real=0.10s
[26.898s][info][gc,start       ] GC(220) Pause Young (Allocation Failure)
[26.991s][info][gc,heap        ] GC(220) PSYoungGen: 193440K(271360K)->101120K(261632K) Eden: 29184K(29184K)->0K(33280K) From: 164256K(242176K)->101120K(228352K)
[26.991s][info][gc,heap        ] GC(220) ParOldGen: 4113203K(4403712K)->4206259K(4403712K)
[26.991s][info][gc,metaspace   ] GC(220) Metaspace: 6303K(6528K)->6303K(6528K) NonClass: 5770K(5888K)->5770K(5888K) Class: 533K(640K)->533K(640K)
[26.991s][info][gc             ] GC(220) Pause Young (Allocation Failure) 4205M->4206M(4556M) 92.887ms
[26.991s][info][gc,cpu         ] GC(220) User=0.48s Sys=0.14s Real=0.09s
[27.031s][info][gc,start       ] GC(221) Pause Young (Allocation Failure)
[27.105s][info][gc,heap        ] GC(221) PSYoungGen: 134400K(261632K)->62688K(271360K) Eden: 33280K(33280K)->0K(33280K) From: 101120K(228352K)->62688K(238080K)
[27.106s][info][gc,heap        ] GC(221) ParOldGen: 4206259K(4403712K)->4278555K(4403712K)
[27.106s][info][gc,metaspace   ] GC(221) Metaspace: 6303K(6528K)->6303K(6528K) NonClass: 5770K(5888K)->5770K(5888K) Class: 533K(640K)->533K(640K)
[27.106s][info][gc             ] GC(221) Pause Young (Allocation Failure) 4238M->4239M(4565M) 74.410ms
[27.106s][info][gc,cpu         ] GC(221) User=0.41s Sys=0.00s Real=0.07s
[27.145s][info][gc,start       ] GC(222) Pause Young (Allocation Failure)
[27.208s][info][gc,heap        ] GC(222) PSYoungGen: 95968K(271360K)->33472K(272384K) Eden: 33280K(33280K)->0K(36864K) From: 62688K(238080K)->33472K(235520K)
[27.208s][info][gc,heap        ] GC(222) ParOldGen: 4278555K(4403712K)->4341547K(4403712K)
[27.208s][info][gc,metaspace   ] GC(222) Metaspace: 6303K(6528K)->6303K(6528K) NonClass: 5770K(5888K)->5770K(5888K) Class: 533K(640K)->533K(640K)
[27.208s][info][gc             ] GC(222) Pause Young (Allocation Failure) 4271M->4272M(4566M) 63.312ms
[27.208s][info][gc,cpu         ] GC(222) User=0.25s Sys=0.05s Real=0.06s
[27.208s][info][gc,start       ] GC(223) Pause Full (Ergonomics)
[27.208s][info][gc,phases,start] GC(223) Marking Phase
[28.194s][info][gc,phases      ] GC(223) Marking Phase 986.154ms
[28.194s][info][gc,phases,start] GC(223) Summary Phase
[28.194s][info][gc,phases      ] GC(223) Summary Phase 0.078ms
[28.194s][info][gc,phases,start] GC(223) Adjust Roots
[28.194s][info][gc,phases      ] GC(223) Adjust Roots 0.164ms
[28.194s][info][gc,phases,start] GC(223) Compaction Phase
[28.548s][info][gc,phases      ] GC(223) Compaction Phase 353.419ms
[28.548s][info][gc,phases,start] GC(223) Post Compact
[28.554s][info][gc,phases      ] GC(223) Post Compact 6.412ms
[28.556s][info][gc,heap        ] GC(223) PSYoungGen: 33472K(272384K)->0K(273408K) Eden: 0K(36864K)->0K(36864K) From: 33472K(235520K)->0K(236544K)
[28.556s][info][gc,heap        ] GC(223) ParOldGen: 4341547K(4403712K)->4371542K(4823040K)
[28.556s][info][gc,metaspace   ] GC(223) Metaspace: 6303K(6528K)->6303K(6528K) NonClass: 5770K(5888K)->5770K(5888K) Class: 533K(640K)->533K(640K)
[28.556s][info][gc             ] GC(223) Pause Full (Ergonomics) 4272M->4269M(4977M) 1347.705ms
[28.556s][info][gc,cpu         ] GC(223) User=10.11s Sys=0.02s Real=1.35s
[28.593s][info][gc,start       ] GC(224) Pause Young (Allocation Failure)
[28.637s][info][gc,heap        ] GC(224) PSYoungGen: 36864K(273408K)->37024K(272384K) Eden: 36864K(36864K)->0K(40960K) From: 0K(236544K)->37024K(231424K)
[28.637s][info][gc,heap        ] GC(224) ParOldGen: 4371542K(4823040K)->4371542K(4823040K)
[28.637s][info][gc,metaspace   ] GC(224) Metaspace: 6303K(6528K)->6303K(6528K) NonClass: 5770K(5888K)->5770K(5888K) Class: 533K(640K)->533K(640K)
[28.637s][info][gc             ] GC(224) Pause Young (Allocation Failure) 4305M->4305M(4976M) 43.326ms
[28.637s][info][gc,cpu         ] GC(224) User=0.08s Sys=0.00s Real=0.04s
[28.676s][info][gc,start       ] GC(225) Pause Young (Allocation Failure)
[28.731s][info][gc,heap        ] GC(225) PSYoungGen: 77984K(272384K)->78048K(119296K) Eden: 40960K(40960K)->0K(40960K) From: 37024K(231424K)->78048K(78336K)
[28.731s][info][gc,heap        ] GC(225) ParOldGen: 4371542K(4823040K)->4371542K(4823040K)
[28.731s][info][gc,metaspace   ] GC(225) Metaspace: 6303K(6528K)->6303K(6528K) NonClass: 5770K(5888K)->5770K(5888K) Class: 533K(640K)->533K(640K)
[28.731s][info][gc             ] GC(225) Pause Young (Allocation Failure) 4345M->4345M(4826M) 55.349ms
[28.731s][info][gc,cpu         ] GC(225) User=0.16s Sys=0.00s Real=0.06s
[28.769s][info][gc,start       ] GC(226) Pause Young (Allocation Failure)
[28.836s][info][gc,heap        ] GC(226) PSYoungGen: 119008K(119296K)->82176K(248320K) Eden: 40960K(40960K)->0K(45568K) From: 78048K(78336K)->82176K(202752K)
[28.836s][info][gc,heap        ] GC(226) ParOldGen: 4371542K(4823040K)->4408734K(4823040K)
[28.836s][info][gc,metaspace   ] GC(226) Metaspace: 6303K(6528K)->6303K(6528K) NonClass: 5770K(5888K)->5770K(5888K) Class: 533K(640K)->533K(640K)
[28.836s][info][gc             ] GC(226) Pause Young (Allocation Failure) 4385M->4385M(4952M) 66.874ms
[28.836s][info][gc,cpu         ] GC(226) User=0.39s Sys=0.02s Real=0.07s
[28.887s][info][gc,start       ] GC(227) Pause Young (Allocation Failure)
[28.958s][info][gc,heap        ] GC(227) PSYoungGen: 127744K(248320K)->86816K(132608K) Eden: 45568K(45568K)->0K(45568K) From: 82176K(202752K)->86816K(87040K)
[28.958s][info][gc,heap        ] GC(227) ParOldGen: 4408734K(4823040K)->4450062K(4823040K)
[28.958s][info][gc,metaspace   ] GC(227) Metaspace: 6303K(6528K)->6303K(6528K) NonClass: 5770K(5888K)->5770K(5888K) Class: 533K(640K)->533K(640K)
[28.958s][info][gc             ] GC(227) Pause Young (Allocation Failure) 4430M->4430M(4839M) 71.206ms
[28.958s][info][gc,cpu         ] GC(227) User=0.34s Sys=0.03s Real=0.07s
[29.014s][info][gc,start       ] GC(228) Pause Young (Allocation Failure)
[29.089s][info][gc,heap        ] GC(228) PSYoungGen: 132384K(132608K)->91392K(233472K) Eden: 45568K(45568K)->0K(51200K) From: 86816K(87040K)->91392K(182272K)
[29.089s][info][gc,heap        ] GC(228) ParOldGen: 4450062K(4823040K)->4491390K(4823040K)
[29.089s][info][gc,metaspace   ] GC(228) Metaspace: 6303K(6528K)->6303K(6528K) NonClass: 5770K(5888K)->5770K(5888K) Class: 533K(640K)->533K(640K)
[29.089s][info][gc             ] GC(228) Pause Young (Allocation Failure) 4475M->4475M(4938M) 75.227ms
[29.090s][info][gc,cpu         ] GC(228) User=0.39s Sys=0.00s Real=0.07s
[29.146s][info][gc,start       ] GC(229) Pause Young (Allocation Failure)
[29.224s][info][gc,heap        ] GC(229) PSYoungGen: 142592K(233472K)->97024K(148480K) Eden: 51200K(51200K)->0K(51200K) From: 91392K(182272K)->97024K(97280K)
[29.224s][info][gc,heap        ] GC(229) ParOldGen: 4491390K(4823040K)->4537382K(4823040K)
[29.224s][info][gc,metaspace   ] GC(229) Metaspace: 6303K(6528K)->6303K(6528K) NonClass: 5770K(5888K)->5770K(5888K) Class: 533K(640K)->533K(640K)
[29.224s][info][gc             ] GC(229) Pause Young (Allocation Failure) 4525M->4525M(4855M) 78.441ms
[29.224s][info][gc,cpu         ] GC(229) User=0.55s Sys=0.08s Real=0.08s
[29.277s][info][gc,start       ] GC(230) Pause Young (Allocation Failure)
[29.358s][info][gc,heap        ] GC(230) PSYoungGen: 148224K(148480K)->102688K(229888K) Eden: 51200K(51200K)->0K(57344K) From: 97024K(97280K)->102688K(172544K)
[29.358s][info][gc,heap        ] GC(230) ParOldGen: 4537382K(4823040K)->4583350K(4823040K)
[29.358s][info][gc,metaspace   ] GC(230) Metaspace: 6303K(6528K)->6303K(6528K) NonClass: 5770K(5888K)->5770K(5888K) Class: 533K(640K)->533K(640K)
[29.358s][info][gc             ] GC(230) Pause Young (Allocation Failure) 4575M->4576M(4934M) 80.936ms
[29.358s][info][gc,cpu         ] GC(230) User=0.45s Sys=0.05s Real=0.08s
[29.418s][info][gc,start       ] GC(231) Pause Young (Allocation Failure)
[29.502s][info][gc,heap        ] GC(231) PSYoungGen: 160032K(229888K)->108832K(235520K) Eden: 57344K(57344K)->0K(57344K) From: 102688K(172544K)->108832K(178176K)
[29.502s][info][gc,heap        ] GC(231) ParOldGen: 4583350K(4823040K)->4635022K(4823040K)
[29.502s][info][gc,metaspace   ] GC(231) Metaspace: 6303K(6528K)->6303K(6528K) NonClass: 5770K(5888K)->5770K(5888K) Class: 533K(640K)->533K(640K)
[29.502s][info][gc             ] GC(231) Pause Young (Allocation Failure) 4632M->4632M(4940M) 83.740ms
[29.502s][info][gc,cpu         ] GC(231) User=0.52s Sys=0.02s Real=0.08s
[29.573s][info][gc,start       ] GC(232) Pause Young (Allocation Failure)
[29.659s][info][gc,heap        ] GC(232) PSYoungGen: 166176K(235520K)->114944K(238592K) Eden: 57344K(57344K)->0K(64512K) From: 108832K(178176K)->114944K(174080K)
[29.659s][info][gc,heap        ] GC(232) ParOldGen: 4635022K(4823040K)->4686686K(4823040K)
[29.659s][info][gc,metaspace   ] GC(232) Metaspace: 6303K(6528K)->6303K(6528K) NonClass: 5770K(5888K)->5770K(5888K) Class: 533K(640K)->533K(640K)
[29.659s][info][gc             ] GC(232) Pause Young (Allocation Failure) 4688M->4689M(4943M) 85.954ms
[29.659s][info][gc,cpu         ] GC(232) User=0.52s Sys=0.02s Real=0.09s
[29.727s][info][gc,start       ] GC(233) Pause Young (Allocation Failure)
[29.820s][info][gc,heap        ] GC(233) PSYoungGen: 179456K(238592K)->122208K(239104K) Eden: 64512K(64512K)->0K(64512K) From: 114944K(174080K)->122208K(174592K)
[29.820s][info][gc,heap        ] GC(233) ParOldGen: 4686686K(4823040K)->4744558K(4823040K)
[29.820s][info][gc,metaspace   ] GC(233) Metaspace: 6303K(6528K)->6303K(6528K) NonClass: 5770K(5888K)->5770K(5888K) Class: 533K(640K)->533K(640K)
[29.820s][info][gc             ] GC(233) Pause Young (Allocation Failure) 4752M->4752M(4943M) 93.419ms
[29.820s][info][gc,cpu         ] GC(233) User=0.58s Sys=0.06s Real=0.09s
[29.820s][info][gc,start       ] GC(234) Pause Full (Ergonomics)
[29.820s][info][gc,phases,start] GC(234) Marking Phase
[30.926s][info][gc,phases      ] GC(234) Marking Phase 1105.999ms
[30.926s][info][gc,phases,start] GC(234) Summary Phase
[30.926s][info][gc,phases      ] GC(234) Summary Phase 0.075ms
[30.927s][info][gc,phases,start] GC(234) Adjust Roots
[30.927s][info][gc,phases      ] GC(234) Adjust Roots 0.161ms
[30.927s][info][gc,phases,start] GC(234) Compaction Phase
[31.332s][info][gc,phases      ] GC(234) Compaction Phase 405.651ms
[31.332s][info][gc,phases,start] GC(234) Post Compact
[31.340s][info][gc,phases      ] GC(234) Post Compact 7.999ms
[31.342s][info][gc,heap        ] GC(234) PSYoungGen: 122208K(239104K)->40034K(239104K) Eden: 0K(64512K)->0K(64512K) From: 122208K(174592K)->40034K(174592K)
[31.342s][info][gc,heap        ] GC(234) ParOldGen: 4744558K(4823040K)->4822713K(5286912K)
[31.342s][info][gc,metaspace   ] GC(234) Metaspace: 6303K(6528K)->6303K(6528K) NonClass: 5770K(5888K)->5770K(5888K) Class: 533K(640K)->533K(640K)
[31.342s][info][gc             ] GC(234) Pause Full (Ergonomics) 4752M->4748M(5396M) 1521.605ms
[31.342s][info][gc,cpu         ] GC(234) User=11.38s Sys=0.05s Real=1.52s
[31.408s][info][gc,start       ] GC(235) Pause Young (Allocation Failure)
[31.682s][info][gc,heap        ] GC(235) PSYoungGen: 104546K(239104K)->85952K(235520K) Eden: 64512K(64512K)->0K(71168K) From: 40034K(174592K)->85952K(164352K)
[31.682s][info][gc,heap        ] GC(235) ParOldGen: 4822713K(5286912K)->4841801K(5286912K)
[31.682s][info][gc,metaspace   ] GC(235) Metaspace: 6303K(6528K)->6303K(6528K) NonClass: 5770K(5888K)->5770K(5888K) Class: 533K(640K)->533K(640K)
[31.682s][info][gc             ] GC(235) Pause Young (Allocation Failure) 4811M->4812M(5393M) 274.214ms
[31.682s][info][gc,cpu         ] GC(235) User=1.89s Sys=0.00s Real=0.27s
[31.757s][info][gc,start       ] GC(236) Pause Young (Allocation Failure)
[31.845s][info][gc,heap        ] GC(236) PSYoungGen: 157120K(235520K)->157216K(241664K) Eden: 71168K(71168K)->0K(71168K) From: 85952K(164352K)->157216K(170496K)
[31.845s][info][gc,heap        ] GC(236) ParOldGen: 4841801K(5286912K)->4841801K(5286912K)
[31.845s][info][gc,metaspace   ] GC(236) Metaspace: 6303K(6528K)->6303K(6528K) NonClass: 5770K(5888K)->5770K(5888K) Class: 533K(640K)->533K(640K)
[31.846s][info][gc             ] GC(236) Pause Young (Allocation Failure) 4881M->4881M(5399M) 88.603ms
[31.846s][info][gc,cpu         ] GC(236) User=0.62s Sys=0.00s Real=0.09s
[31.929s][info][gc,start       ] GC(237) Pause Young (Allocation Failure)
[32.052s][info][gc,heap        ] GC(237) PSYoungGen: 228384K(241664K)->185344K(225792K) Eden: 71168K(71168K)->0K(40448K) From: 157216K(170496K)->185344K(185344K)
[32.052s][info][gc,heap        ] GC(237) ParOldGen: 4841801K(5286912K)->4885201K(5286912K)
[32.052s][info][gc,metaspace   ] GC(237) Metaspace: 6303K(6528K)->6303K(6528K) NonClass: 5770K(5888K)->5770K(5888K) Class: 533K(640K)->533K(640K)
[32.052s][info][gc             ] GC(237) Pause Young (Allocation Failure) 4951M->4951M(5383M) 123.091ms
[32.052s][info][gc,cpu         ] GC(237) User=0.84s Sys=0.03s Real=0.12s
[32.097s][info][gc,start       ] GC(238) Pause Young (Allocation Failure)
[32.219s][info][gc,heap        ] GC(238) PSYoungGen: 225792K(225792K)->162016K(263680K) Eden: 40448K(40448K)->0K(40448K) From: 185344K(185344K)->162016K(223232K)
[32.219s][info][gc,heap        ] GC(238) ParOldGen: 4885201K(5286912K)->4949601K(5286912K)
[32.219s][info][gc,metaspace   ] GC(238) Metaspace: 6303K(6528K)->6303K(6528K) NonClass: 5770K(5888K)->5770K(5888K) Class: 533K(640K)->533K(640K)
[32.219s][info][gc             ] GC(238) Pause Young (Allocation Failure) 4991M->4991M(5420M) 122.550ms
[32.219s][info][gc,cpu         ] GC(238) User=0.89s Sys=0.02s Real=0.12s
[32.264s][info][gc,start       ] GC(239) Pause Young (Allocation Failure)
[32.378s][info][gc,heap        ] GC(239) PSYoungGen: 202464K(263680K)->138784K(266240K) Eden: 40448K(40448K)->0K(45568K) From: 162016K(223232K)->138784K(220672K)
[32.378s][info][gc,heap        ] GC(239) ParOldGen: 4949601K(5286912K)->5013785K(5286912K)
[32.378s][info][gc,metaspace   ] GC(239) Metaspace: 6303K(6528K)->6303K(6528K) NonClass: 5770K(5888K)->5770K(5888K) Class: 533K(640K)->533K(640K)
[32.378s][info][gc             ] GC(239) Pause Young (Allocation Failure) 5031M->5031M(5423M) 113.903ms
[32.378s][info][gc,cpu         ] GC(239) User=0.70s Sys=0.05s Real=0.11s
[32.427s][info][gc,start       ] GC(240) Pause Young (Allocation Failure)
[32.529s][info][gc,heap        ] GC(240) PSYoungGen: 184352K(266240K)->86240K(270336K) Eden: 45568K(45568K)->0K(45568K) From: 138784K(220672K)->86240K(224768K)
[32.530s][info][gc,heap        ] GC(240) ParOldGen: 5013785K(5286912K)->5112665K(5286912K)
[32.530s][info][gc,metaspace   ] GC(240) Metaspace: 6303K(6528K)->6303K(6528K) NonClass: 5770K(5888K)->5770K(5888K) Class: 533K(640K)->533K(640K)
[32.530s][info][gc             ] GC(240) Pause Young (Allocation Failure) 5076M->5077M(5427M) 102.544ms
[32.530s][info][gc,cpu         ] GC(240) User=0.69s Sys=0.09s Real=0.10s
[32.584s][info][gc,start       ] GC(241) Pause Young (Allocation Failure)
[32.662s][info][gc,heap        ] GC(241) PSYoungGen: 131808K(270336K)->45728K(269824K) Eden: 45568K(45568K)->0K(49152K) From: 86240K(224768K)->45728K(220672K)
[32.662s][info][gc,heap        ] GC(241) ParOldGen: 5112665K(5286912K)->5199417K(5286912K)
[32.662s][info][gc,metaspace   ] GC(241) Metaspace: 6303K(6528K)->6303K(6528K) NonClass: 5770K(5888K)->5770K(5888K) Class: 533K(640K)->533K(640K)
[32.662s][info][gc             ] GC(241) Pause Young (Allocation Failure) 5121M->5122M(5426M) 78.396ms
[32.662s][info][gc,cpu         ] GC(241) User=0.58s Sys=0.05s Real=0.08s
[32.662s][info][gc,start       ] GC(242) Pause Full (Ergonomics)
[32.662s][info][gc,phases,start] GC(242) Marking Phase
[33.840s][info][gc,phases      ] GC(242) Marking Phase 1177.981ms
[33.840s][info][gc,phases,start] GC(242) Summary Phase
[33.840s][info][gc,phases      ] GC(242) Summary Phase 0.082ms
[33.840s][info][gc,phases,start] GC(242) Adjust Roots
[33.841s][info][gc,phases      ] GC(242) Adjust Roots 0.167ms
[33.841s][info][gc,phases,start] GC(242) Compaction Phase
[34.256s][info][gc,phases      ] GC(242) Compaction Phase 415.073ms
[34.256s][info][gc,phases,start] GC(242) Post Compact
[34.263s][info][gc,phases      ] GC(242) Post Compact 7.655ms
[34.265s][info][gc,heap        ] GC(242) PSYoungGen: 45728K(269824K)->0K(272384K) Eden: 0K(49152K)->0K(49152K) From: 45728K(220672K)->0K(223232K)
[34.265s][info][gc,heap        ] GC(242) ParOldGen: 5199417K(5286912K)->5241408K(5774848K)
[34.265s][info][gc,metaspace   ] GC(242) Metaspace: 6303K(6528K)->6303K(6528K) NonClass: 5770K(5888K)->5770K(5888K) Class: 533K(640K)->533K(640K)
[34.265s][info][gc             ] GC(242) Pause Full (Ergonomics) 5122M->5118M(5905M) 1602.828ms
[34.265s][info][gc,cpu         ] GC(242) User=12.03s Sys=0.03s Real=1.60s
[34.319s][info][gc,start       ] GC(243) Pause Young (Allocation Failure)
[34.367s][info][gc,heap        ] GC(243) PSYoungGen: 49152K(272384K)->49376K(274944K) Eden: 49152K(49152K)->0K(54272K) From: 0K(223232K)->49376K(220672K)
[34.367s][info][gc,heap        ] GC(243) ParOldGen: 5241408K(5774848K)->5241408K(5774848K)
[34.367s][info][gc,metaspace   ] GC(243) Metaspace: 6303K(6528K)->6303K(6528K) NonClass: 5770K(5888K)->5770K(5888K) Class: 533K(640K)->533K(640K)
[34.367s][info][gc             ] GC(243) Pause Young (Allocation Failure) 5166M->5166M(5908M) 48.221ms
[34.367s][info][gc,cpu         ] GC(243) User=0.25s Sys=0.00s Real=0.05s
[34.429s][info][gc,start       ] GC(244) Pause Young (Allocation Failure)
[34.494s][info][gc,heap        ] GC(244) PSYoungGen: 103648K(274944K)->103712K(158208K) Eden: 54272K(54272K)->0K(54272K) From: 49376K(220672K)->103712K(103936K)
[34.494s][info][gc,heap        ] GC(244) ParOldGen: 5241408K(5774848K)->5241408K(5774848K)
[34.494s][info][gc,metaspace   ] GC(244) Metaspace: 6303K(6528K)->6303K(6528K) NonClass: 5770K(5888K)->5770K(5888K) Class: 533K(640K)->533K(640K)
[34.494s][info][gc             ] GC(244) Pause Young (Allocation Failure) 5219M->5219M(5794M) 65.041ms
[34.494s][info][gc,cpu         ] GC(244) User=0.28s Sys=0.00s Real=0.06s
[34.552s][info][gc,start       ] GC(245) Pause Young (Allocation Failure)
[34.636s][info][gc,heap        ] GC(245) PSYoungGen: 157984K(158208K)->158112K(262144K) Eden: 54272K(54272K)->0K(50688K) From: 103712K(103936K)->158112K(211456K)
[34.636s][info][gc,heap        ] GC(245) ParOldGen: 5241408K(5774848K)->5241408K(5774848K)
[34.636s][info][gc,metaspace   ] GC(245) Metaspace: 6303K(6528K)->6303K(6528K) NonClass: 5770K(5888K)->5770K(5888K) Class: 533K(640K)->533K(640K)
[34.636s][info][gc             ] GC(245) Pause Young (Allocation Failure) 5272M->5272M(5895M) 83.285ms
[34.636s][info][gc,cpu         ] GC(245) User=0.64s Sys=0.00s Real=0.08s
[34.694s][info][gc,start       ] GC(246) Pause Young (Allocation Failure)
[34.804s][info][gc,heap        ] GC(246) PSYoungGen: 208800K(262144K)->159616K(271360K) Eden: 50688K(50688K)->0K(50688K) From: 158112K(211456K)->159616K(220672K)
[34.804s][info][gc,heap        ] GC(246) ParOldGen: 5241408K(5774848K)->5291016K(5774848K)
[34.804s][info][gc,metaspace   ] GC(246) Metaspace: 6303K(6528K)->6303K(6528K) NonClass: 5770K(5888K)->5770K(5888K) Class: 533K(640K)->533K(640K)
[34.804s][info][gc             ] GC(246) Pause Young (Allocation Failure) 5322M->5322M(5904M) 109.804ms
[34.804s][info][gc,cpu         ] GC(246) User=0.75s Sys=0.03s Real=0.11s
[34.866s][info][gc,start       ] GC(247) Pause Young (Allocation Failure)
[34.976s][info][gc,heap        ] GC(247) PSYoungGen: 210304K(271360K)->156064K(279552K) Eden: 50688K(50688K)->0K(52224K) From: 159616K(220672K)->156064K(227328K)
[34.976s][info][gc,heap        ] GC(247) ParOldGen: 5291016K(5774848K)->5345792K(5774848K)
[34.976s][info][gc,metaspace   ] GC(247) Metaspace: 6303K(6528K)->6303K(6528K) NonClass: 5770K(5888K)->5770K(5888K) Class: 533K(640K)->533K(640K)
[34.976s][info][gc             ] GC(247) Pause Young (Allocation Failure) 5372M->5372M(5912M) 110.085ms
[34.976s][info][gc,cpu         ] GC(247) User=0.88s Sys=0.00s Real=0.11s
[35.033s][info][gc,start       ] GC(248) Pause Young (Allocation Failure)
[35.149s][info][gc,heap        ] GC(248) PSYoungGen: 208288K(279552K)->153920K(283648K) Eden: 52224K(52224K)->0K(52224K) From: 156064K(227328K)->153920K(231424K)
[35.150s][info][gc,heap        ] GC(248) ParOldGen: 5345792K(5774848K)->5400560K(5774848K)
[35.150s][info][gc,metaspace   ] GC(248) Metaspace: 6303K(6528K)->6303K(6528K) NonClass: 5770K(5888K)->5770K(5888K) Class: 533K(640K)->533K(640K)
[35.150s][info][gc             ] GC(248) Pause Young (Allocation Failure) 5423M->5424M(5916M) 116.410ms
[35.150s][info][gc,cpu         ] GC(248) User=0.72s Sys=0.05s Real=0.12s
[35.207s][info][gc,start       ] GC(249) Pause Young (Allocation Failure)
[35.319s][info][gc,heap        ] GC(249) PSYoungGen: 206144K(283648K)->155488K(290816K) Eden: 52224K(52224K)->0K(57856K) From: 153920K(231424K)->155488K(232960K)
[35.319s][info][gc,heap        ] GC(249) ParOldGen: 5400560K(5774848K)->5451720K(5774848K)
[35.319s][info][gc,metaspace   ] GC(249) Metaspace: 6303K(6528K)->6303K(6528K) NonClass: 5770K(5888K)->5770K(5888K) Class: 533K(640K)->533K(640K)
[35.319s][info][gc             ] GC(249) Pause Young (Allocation Failure) 5475M->5475M(5923M) 112.482ms
[35.319s][info][gc,cpu         ] GC(249) User=0.77s Sys=0.00s Real=0.11s
[35.386s][info][gc,start       ] GC(250) Pause Young (Allocation Failure)
[35.500s][info][gc,heap        ] GC(250) PSYoungGen: 213344K(290816K)->110336K(168448K) Eden: 57856K(57856K)->0K(57856K) From: 155488K(232960K)->110336K(110592K)
[35.500s][info][gc,heap        ] GC(250) ParOldGen: 5451720K(5774848K)->5555536K(5774848K)
[35.500s][info][gc,metaspace   ] GC(250) Metaspace: 6303K(6528K)->6303K(6528K) NonClass: 5770K(5888K)->5770K(5888K) Class: 533K(640K)->533K(640K)
[35.500s][info][gc             ] GC(250) Pause Young (Allocation Failure) 5532M->5533M(5804M) 114.281ms
[35.500s][info][gc,cpu         ] GC(250) User=0.77s Sys=0.00s Real=0.12s
[35.572s][info][gc,start       ] GC(251) Pause Young (Allocation Failure)
[35.667s][info][gc,heap        ] GC(251) PSYoungGen: 168192K(168448K)->58048K(289792K) Eden: 57856K(57856K)->0K(64000K) From: 110336K(110592K)->58048K(225792K)
[35.668s][info][gc,heap        ] GC(251) ParOldGen: 5555536K(5774848K)->5666576K(5774848K)
[35.668s][info][gc,metaspace   ] GC(251) Metaspace: 6303K(6528K)->6303K(6528K) NonClass: 5770K(5888K)->5770K(5888K) Class: 533K(640K)->533K(640K)
[35.668s][info][gc             ] GC(251) Pause Young (Allocation Failure) 5589M->5590M(5922M) 95.182ms
[35.668s][info][gc,cpu         ] GC(251) User=0.56s Sys=0.06s Real=0.10s
[35.668s][info][gc,start       ] GC(252) Pause Full (Ergonomics)
[35.668s][info][gc,phases,start] GC(252) Marking Phase
[36.972s][info][gc,phases      ] GC(252) Marking Phase 1304.286ms
[36.972s][info][gc,phases,start] GC(252) Summary Phase
[36.972s][info][gc,phases      ] GC(252) Summary Phase 0.094ms
[36.972s][info][gc,phases,start] GC(252) Adjust Roots
[36.972s][info][gc,phases      ] GC(252) Adjust Roots 0.178ms
[36.972s][info][gc,phases,start] GC(252) Compaction Phase
[37.447s][info][gc,phases      ] GC(252) Compaction Phase 474.949ms
[37.447s][info][gc,phases,start] GC(252) Post Compact
[37.456s][info][gc,phases      ] GC(252) Post Compact 8.947ms
[37.458s][info][gc,heap        ] GC(252) PSYoungGen: 58048K(289792K)->0K(291328K) Eden: 0K(64000K)->0K(64000K) From: 58048K(225792K)->0K(227328K)
[37.458s][info][gc,heap        ] GC(252) ParOldGen: 5666576K(5774848K)->5720352K(6315008K)
[37.458s][info][gc,metaspace   ] GC(252) Metaspace: 6303K(6528K)->6303K(6528K) NonClass: 5770K(5888K)->5770K(5888K) Class: 533K(640K)->533K(640K)
[37.458s][info][gc             ] GC(252) Pause Full (Ergonomics) 5590M->5586M(6451M) 1790.533ms
[37.458s][info][gc,cpu         ] GC(252) User=13.12s Sys=0.05s Real=1.79s
[38.658s][info][gc,start       ] GC(253) Pause Young (Allocation Failure)
[38.852s][info][gc,heap        ] GC(253) PSYoungGen: 64000K(291328K)->64224K(291328K) Eden: 64000K(64000K)->0K(70144K) From: 0K(227328K)->64224K(221184K)
[38.852s][info][gc,heap        ] GC(253) ParOldGen: 5982496K(6315008K)->5982496K(6315008K)
[38.852s][info][gc,metaspace   ] GC(253) Metaspace: 6303K(6528K)->6303K(6528K) NonClass: 5770K(5888K)->5770K(5888K) Class: 533K(640K)->533K(640K)
[38.852s][info][gc             ] GC(253) Pause Young (Allocation Failure) 5904M->5905M(6451M) 194.447ms
[38.852s][info][gc,cpu         ] GC(253) User=1.06s Sys=0.00s Real=0.19s
[38.922s][info][gc,start       ] GC(254) Pause Young (Allocation Failure)
[39.021s][info][gc,heap        ] GC(254) PSYoungGen: 134368K(291328K)->134496K(295424K) Eden: 70144K(70144K)->0K(70144K) From: 64224K(221184K)->134496K(225280K)
[39.021s][info][gc,heap        ] GC(254) ParOldGen: 5982496K(6315008K)->5982496K(6315008K)
[39.021s][info][gc,metaspace   ] GC(254) Metaspace: 6303K(6528K)->6303K(6528K) NonClass: 5770K(5888K)->5770K(5888K) Class: 533K(640K)->533K(640K)
[39.021s][info][gc             ] GC(254) Pause Young (Allocation Failure) 5973M->5973M(6455M) 99.194ms
[39.021s][info][gc,cpu         ] GC(254) User=0.34s Sys=0.00s Real=0.10s
[39.102s][info][gc,start       ] GC(255) Pause Young (Allocation Failure)
[39.232s][info][gc,heap        ] GC(255) PSYoungGen: 204640K(295424K)->204800K(276992K) Eden: 70144K(70144K)->0K(54784K) From: 134496K(225280K)->204800K(222208K)
[39.232s][info][gc,heap        ] GC(255) ParOldGen: 5982496K(6315008K)->5982496K(6315008K)
[39.232s][info][gc,metaspace   ] GC(255) Metaspace: 6303K(6528K)->6303K(6528K) NonClass: 5770K(5888K)->5770K(5888K) Class: 533K(640K)->533K(640K)
[39.232s][info][gc             ] GC(255) Pause Young (Allocation Failure) 6042M->6042M(6437M) 129.986ms
[39.232s][info][gc,cpu         ] GC(255) User=0.38s Sys=0.02s Real=0.13s
[39.287s][info][gc,start       ] GC(256) Pause Young (Allocation Failure)
[39.424s][info][gc,heap        ] GC(256) PSYoungGen: 259584K(276992K)->195552K(299520K) Eden: 54784K(54784K)->0K(54784K) From: 204800K(222208K)->195552K(244736K)
[39.425s][info][gc,heap        ] GC(256) ParOldGen: 5982496K(6315008K)->6047064K(6315008K)
[39.425s][info][gc,metaspace   ] GC(256) Metaspace: 6303K(6528K)->6303K(6528K) NonClass: 5770K(5888K)->5770K(5888K) Class: 533K(640K)->533K(640K)
[39.425s][info][gc             ] GC(256) Pause Young (Allocation Failure) 6095M->6096M(6459M) 137.629ms
[39.425s][info][gc,cpu         ] GC(256) User=0.56s Sys=0.00s Real=0.14s
[39.477s][info][gc,start       ] GC(257) Pause Young (Allocation Failure)
[39.612s][info][gc,heap        ] GC(257) PSYoungGen: 250336K(299520K)->180096K(314880K) Eden: 54784K(54784K)->0K(55808K) From: 195552K(244736K)->180096K(259072K)
[39.612s][info][gc,heap        ] GC(257) ParOldGen: 6047064K(6315008K)->6117832K(6315008K)
[39.612s][info][gc,metaspace   ] GC(257) Metaspace: 6303K(6528K)->6303K(6528K) NonClass: 5770K(5888K)->5770K(5888K) Class: 533K(640K)->533K(640K)
[39.612s][info][gc             ] GC(257) Pause Young (Allocation Failure) 6149M->6150M(6474M) 134.965ms
[39.612s][info][gc,cpu         ] GC(257) User=0.59s Sys=0.03s Real=0.13s
[39.674s][info][gc,start       ] GC(258) Pause Young (Allocation Failure)
[39.805s][info][gc,heap        ] GC(258) PSYoungGen: 235904K(314880K)->110880K(166912K) Eden: 55808K(55808K)->0K(55808K) From: 180096K(259072K)->110880K(111104K)
[39.806s][info][gc,heap        ] GC(258) ParOldGen: 6117832K(6315008K)->6243832K(6315008K)
[39.806s][info][gc,metaspace   ] GC(258) Metaspace: 6303K(6528K)->6303K(6528K) NonClass: 5770K(5888K)->5770K(5888K) Class: 533K(640K)->533K(640K)
[39.806s][info][gc             ] GC(258) Pause Young (Allocation Failure) 6204M->6205M(6330M) 131.764ms
[39.806s][info][gc,cpu         ] GC(258) User=0.59s Sys=0.05s Real=0.13s
[39.806s][info][gc,start       ] GC(259) Pause Full (Ergonomics)
[39.806s][info][gc,phases,start] GC(259) Marking Phase
[41.185s][info][gc,phases      ] GC(259) Marking Phase 1379.150ms
[41.185s][info][gc,phases,start] GC(259) Summary Phase
[41.185s][info][gc,phases      ] GC(259) Summary Phase 0.103ms
[41.185s][info][gc,phases,start] GC(259) Adjust Roots
[41.185s][info][gc,phases      ] GC(259) Adjust Roots 0.167ms
[41.185s][info][gc,phases,start] GC(259) Compaction Phase
[42.129s][info][gc,phases      ] GC(259) Compaction Phase 943.636ms
[42.129s][info][gc,phases,start] GC(259) Post Compact
[42.139s][info][gc,phases      ] GC(259) Post Compact 9.903ms
[42.141s][info][gc,heap        ] GC(259) PSYoungGen: 110880K(166912K)->0K(318976K) Eden: 0K(55808K)->0K(62976K) From: 110880K(111104K)->0K(256000K)
[42.141s][info][gc,heap        ] GC(259) ParOldGen: 6243832K(6315008K)->6220899K(6877696K)
[42.141s][info][gc,metaspace   ] GC(259) Metaspace: 6303K(6528K)->6303K(6528K) NonClass: 5770K(5888K)->5770K(5888K) Class: 533K(640K)->533K(640K)
[42.141s][info][gc             ] GC(259) Pause Full (Ergonomics) 6205M->6075M(7028M) 2335.184ms
[42.141s][info][gc,cpu         ] GC(259) User=16.48s Sys=0.05s Real=2.34s
[42.211s][info][gc,start       ] GC(260) Pause Young (Allocation Failure)
[42.293s][info][gc,heap        ] GC(260) PSYoungGen: 62976K(318976K)->63200K(318976K) Eden: 62976K(62976K)->0K(62976K) From: 0K(256000K)->63200K(256000K)
[42.293s][info][gc,heap        ] GC(260) ParOldGen: 6220899K(6877696K)->6220899K(6877696K)
[42.293s][info][gc,metaspace   ] GC(260) Metaspace: 6303K(6528K)->6303K(6528K) NonClass: 5770K(5888K)->5770K(5888K) Class: 533K(640K)->533K(640K)
[42.293s][info][gc             ] GC(260) Pause Young (Allocation Failure) 6136M->6136M(7028M) 82.938ms
[42.294s][info][gc,cpu         ] GC(260) User=0.20s Sys=0.00s Real=0.08s
[42.356s][info][gc,start       ] GC(261) Pause Young (Allocation Failure)
[42.453s][info][gc,heap        ] GC(261) PSYoungGen: 126176K(318976K)->126304K(300032K) Eden: 62976K(62976K)->0K(69632K) From: 63200K(256000K)->126304K(230400K)
[42.453s][info][gc,heap        ] GC(261) ParOldGen: 6220899K(6877696K)->6220899K(6877696K)
[42.453s][info][gc,metaspace   ] GC(261) Metaspace: 6303K(6528K)->6303K(6528K) NonClass: 5770K(5888K)->5770K(5888K) Class: 533K(640K)->533K(640K)
[42.453s][info][gc             ] GC(261) Pause Young (Allocation Failure) 6198M->6198M(7009M) 97.103ms
[42.453s][info][gc,cpu         ] GC(261) User=0.30s Sys=0.00s Real=0.10s
[42.524s][info][gc,start       ] GC(262) Pause Young (Allocation Failure)
[42.648s][info][gc,heap        ] GC(262) PSYoungGen: 195936K(300032K)->132928K(202752K) Eden: 69632K(69632K)->0K(69632K) From: 126304K(230400K)->132928K(133120K)
[42.648s][info][gc,heap        ] GC(262) ParOldGen: 6220899K(6877696K)->6284427K(6877696K)
[42.648s][info][gc,metaspace   ] GC(262) Metaspace: 6303K(6528K)->6303K(6528K) NonClass: 5770K(5888K)->5770K(5888K) Class: 533K(640K)->533K(640K)
[42.648s][info][gc             ] GC(262) Pause Young (Allocation Failure) 6266M->6266M(6914M) 123.830ms
[42.648s][info][gc,cpu         ] GC(262) User=0.45s Sys=0.00s Real=0.12s
[42.721s][info][gc,start       ] GC(263) Pause Young (Allocation Failure)
[42.847s][info][gc,heap        ] GC(263) PSYoungGen: 202560K(202752K)->139616K(300032K) Eden: 69632K(69632K)->0K(77824K) From: 132928K(133120K)->139616K(222208K)
[42.847s][info][gc,heap        ] GC(263) ParOldGen: 6284427K(6877696K)->6347963K(6877696K)
[42.847s][info][gc,metaspace   ] GC(263) Metaspace: 6303K(6528K)->6303K(6528K) NonClass: 5770K(5888K)->5770K(5888K) Class: 533K(640K)->533K(640K)
[42.847s][info][gc             ] GC(263) Pause Young (Allocation Failure) 6334M->6335M(7009M) 125.836ms
[42.847s][info][gc,cpu         ] GC(263) User=0.50s Sys=0.00s Real=0.13s
[42.932s][info][gc,start       ] GC(264) Pause Young (Allocation Failure)
[43.064s][info][gc,heap        ] GC(264) PSYoungGen: 217440K(300032K)->147808K(305664K) Eden: 77824K(77824K)->0K(77824K) From: 139616K(222208K)->147808K(227840K)
[43.064s][info][gc,heap        ] GC(264) ParOldGen: 6347963K(6877696K)->6418227K(6877696K)
[43.064s][info][gc,metaspace   ] GC(264) Metaspace: 6303K(6528K)->6303K(6528K) NonClass: 5770K(5888K)->5770K(5888K) Class: 533K(640K)->533K(640K)
[43.064s][info][gc             ] GC(264) Pause Young (Allocation Failure) 6411M->6412M(7015M) 131.444ms
[43.064s][info][gc,cpu         ] GC(264) User=0.39s Sys=0.05s Real=0.13s
[43.147s][info][gc,start       ] GC(265) Pause Young (Allocation Failure)
[43.276s][info][gc,heap        ] GC(265) PSYoungGen: 225632K(305664K)->156064K(311808K) Eden: 77824K(77824K)->0K(87040K) From: 147808K(227840K)->156064K(224768K)
[43.276s][info][gc,heap        ] GC(265) ParOldGen: 6418227K(6877696K)->6488483K(6877696K)
[43.276s][info][gc,metaspace   ] GC(265) Metaspace: 6303K(6528K)->6303K(6528K) NonClass: 5770K(5888K)->5770K(5888K) Class: 533K(640K)->533K(640K)
[43.276s][info][gc             ] GC(265) Pause Young (Allocation Failure) 6488M->6488M(7021M) 129.752ms
[43.276s][info][gc,cpu         ] GC(265) User=0.59s Sys=0.05s Real=0.13s
[43.378s][info][gc,start       ] GC(266) Pause Young (Allocation Failure)
[43.515s][info][gc,heap        ] GC(266) PSYoungGen: 243104K(311808K)->165280K(311808K) Eden: 87040K(87040K)->0K(87040K) From: 156064K(224768K)->165280K(224768K)
[43.515s][info][gc,heap        ] GC(266) ParOldGen: 6488483K(6877696K)->6567003K(6877696K)
[43.515s][info][gc,metaspace   ] GC(266) Metaspace: 6303K(6528K)->6303K(6528K) NonClass: 5770K(5888K)->5770K(5888K) Class: 533K(640K)->533K(640K)
[43.515s][info][gc             ] GC(266) Pause Young (Allocation Failure) 6573M->6574M(7021M) 137.255ms
[43.515s][info][gc,cpu         ] GC(266) User=0.56s Sys=0.02s Real=0.14s
[43.604s][info][gc,start       ] GC(267) Pause Young (Allocation Failure)
[43.743s][info][gc,heap        ] GC(267) PSYoungGen: 252320K(311808K)->174528K(320000K) Eden: 87040K(87040K)->0K(92160K) From: 165280K(224768K)->174528K(227840K)
[43.743s][info][gc,heap        ] GC(267) ParOldGen: 6567003K(6877696K)->6645523K(6877696K)
[43.743s][info][gc,metaspace   ] GC(267) Metaspace: 6303K(6528K)->6303K(6528K) NonClass: 5770K(5888K)->5770K(5888K) Class: 533K(640K)->533K(640K)
[43.743s][info][gc             ] GC(267) Pause Young (Allocation Failure) 6659M->6660M(7029M) 139.242ms
[43.743s][info][gc,cpu         ] GC(267) User=0.56s Sys=0.05s Real=0.14s
[43.840s][info][gc,start       ] GC(268) Pause Young (Allocation Failure)
[43.984s][info][gc,heap        ] GC(268) PSYoungGen: 266688K(320000K)->179712K(325120K) Eden: 92160K(92160K)->0K(92160K) From: 174528K(227840K)->179712K(232960K)
[43.984s][info][gc,heap        ] GC(268) ParOldGen: 6645523K(6877696K)->6733355K(6877696K)
[43.984s][info][gc,metaspace   ] GC(268) Metaspace: 6303K(6528K)->6303K(6528K) NonClass: 5770K(5888K)->5770K(5888K) Class: 533K(640K)->533K(640K)
[43.984s][info][gc             ] GC(268) Pause Young (Allocation Failure) 6750M->6751M(7034M) 143.467ms
[43.984s][info][gc,cpu         ] GC(268) User=0.67s Sys=0.06s Real=0.14s
[44.085s][info][gc,start       ] GC(269) Pause Young (Allocation Failure)
[44.228s][info][gc,heap        ] GC(269) PSYoungGen: 271872K(325120K)->184768K(336384K) Eden: 92160K(92160K)->0K(97792K) From: 179712K(232960K)->184768K(238592K)
[44.228s][info][gc,heap        ] GC(269) ParOldGen: 6733355K(6877696K)->6821179K(6877696K)
[44.228s][info][gc,metaspace   ] GC(269) Metaspace: 6303K(6528K)->6303K(6528K) NonClass: 5770K(5888K)->5770K(5888K) Class: 533K(640K)->533K(640K)
[44.228s][info][gc             ] GC(269) Pause Young (Allocation Failure) 6841M->6841M(7045M) 143.240ms
[44.228s][info][gc,cpu         ] GC(269) User=0.67s Sys=0.05s Real=0.14s
[44.228s][info][gc,start       ] GC(270) Pause Full (Ergonomics)
[44.228s][info][gc,phases,start] GC(270) Marking Phase
[45.768s][info][gc,phases      ] GC(270) Marking Phase 1540.205ms
[45.768s][info][gc,phases,start] GC(270) Summary Phase
[45.768s][info][gc,phases      ] GC(270) Summary Phase 0.106ms
[45.768s][info][gc,phases,start] GC(270) Adjust Roots
[45.769s][info][gc,phases      ] GC(270) Adjust Roots 0.182ms
[45.769s][info][gc,phases,start] GC(270) Compaction Phase
[46.424s][info][gc,phases      ] GC(270) Compaction Phase 655.895ms
[46.424s][info][gc,phases,start] GC(270) Post Compact
[46.435s][info][gc,phases      ] GC(270) Post Compact 10.297ms
[46.437s][info][gc,heap        ] GC(270) PSYoungGen: 184768K(336384K)->122405K(336384K) Eden: 0K(97792K)->0K(97792K) From: 184768K(238592K)->122405K(238592K)
[46.437s][info][gc,heap        ] GC(270) ParOldGen: 6821179K(6877696K)->6877432K(7586304K)
[46.437s][info][gc,metaspace   ] GC(270) Metaspace: 6303K(6528K)->6303K(6528K) NonClass: 5770K(5888K)->5770K(5888K) Class: 533K(640K)->533K(640K)
[46.437s][info][gc             ] GC(270) Pause Full (Ergonomics) 6841M->6835M(7737M) 2209.225ms
[46.437s][info][gc,cpu         ] GC(270) User=15.88s Sys=0.12s Real=2.21s
[46.534s][info][gc,start       ] GC(271) Pause Young (Allocation Failure)
[46.914s][info][gc,heap        ] GC(271) PSYoungGen: 220197K(336384K)->161024K(342016K) Eden: 97792K(97792K)->0K(97792K) From: 122405K(238592K)->161024K(244224K)
[46.914s][info][gc,heap        ] GC(271) ParOldGen: 6877432K(7586304K)->6937616K(7586304K)
[46.914s][info][gc,metaspace   ] GC(271) Metaspace: 6303K(6528K)->6303K(6528K) NonClass: 5770K(5888K)->5770K(5888K) Class: 533K(640K)->533K(640K)
[46.914s][info][gc             ] GC(271) Pause Young (Allocation Failure) 6931M->6932M(7742M) 379.992ms
[46.914s][info][gc,cpu         ] GC(271) User=2.81s Sys=0.06s Real=0.38s
[47.015s][info][gc,start       ] GC(272) Pause Young (Allocation Failure)
[47.155s][info][gc,heap        ] GC(272) PSYoungGen: 258816K(342016K)->239104K(314880K) Eden: 97792K(97792K)->0K(75776K) From: 161024K(244224K)->239104K(239104K)
[47.156s][info][gc,heap        ] GC(272) ParOldGen: 6937616K(7586304K)->6957536K(7586304K)
[47.156s][info][gc,metaspace   ] GC(272) Metaspace: 6303K(6528K)->6303K(6528K) NonClass: 5770K(5888K)->5770K(5888K) Class: 533K(640K)->533K(640K)
[47.156s][info][gc             ] GC(272) Pause Young (Allocation Failure) 7027M->7027M(7716M) 140.362ms
[47.156s][info][gc,cpu         ] GC(272) User=0.67s Sys=0.05s Real=0.14s
[47.229s][info][gc,start       ] GC(273) Pause Young (Allocation Failure)
[47.384s][info][gc,heap        ] GC(273) PSYoungGen: 314880K(314880K)->160640K(236544K) Eden: 75776K(75776K)->0K(75776K) From: 239104K(239104K)->160640K(160768K)
[47.384s][info][gc,heap        ] GC(273) ParOldGen: 6957536K(7586304K)->7113072K(7586304K)
[47.384s][info][gc,metaspace   ] GC(273) Metaspace: 6303K(6528K)->6303K(6528K) NonClass: 5770K(5888K)->5770K(5888K) Class: 533K(640K)->533K(640K)
[47.384s][info][gc             ] GC(273) Pause Young (Allocation Failure) 7101M->7103M(7639M) 155.354ms
[47.384s][info][gc,cpu         ] GC(273) User=1.09s Sys=0.03s Real=0.15s
[47.459s][info][gc,start       ] GC(274) Pause Young (Allocation Failure)
[47.593s][info][gc,heap        ] GC(274) PSYoungGen: 236416K(236544K)->151936K(328192K) Eden: 75776K(75776K)->0K(84992K) From: 160640K(160768K)->151936K(243200K)
[47.593s][info][gc,heap        ] GC(274) ParOldGen: 7113072K(7586304K)->7198288K(7586304K)
[47.593s][info][gc,metaspace   ] GC(274) Metaspace: 6303K(6528K)->6303K(6528K) NonClass: 5770K(5888K)->5770K(5888K) Class: 533K(640K)->533K(640K)
[47.593s][info][gc             ] GC(274) Pause Young (Allocation Failure) 7177M->7177M(7729M) 134.353ms
[47.593s][info][gc,cpu         ] GC(274) User=0.67s Sys=0.05s Real=0.13s
[47.687s][info][gc,start       ] GC(275) Pause Young (Allocation Failure)
[47.829s][info][gc,heap        ] GC(275) PSYoungGen: 236928K(328192K)->161216K(336384K) Eden: 84992K(84992K)->0K(84992K) From: 151936K(243200K)->161216K(251392K)
[47.829s][info][gc,heap        ] GC(275) ParOldGen: 7198288K(7586304K)->7274736K(7586304K)
[47.829s][info][gc,metaspace   ] GC(275) Metaspace: 6303K(6528K)->6303K(6528K) NonClass: 5770K(5888K)->5770K(5888K) Class: 533K(640K)->533K(640K)
[47.829s][info][gc             ] GC(275) Pause Young (Allocation Failure) 7260M->7261M(7737M) 141.497ms
[47.829s][info][gc,cpu         ] GC(275) User=0.58s Sys=0.02s Real=0.14s
[47.911s][info][gc,start       ] GC(276) Pause Young (Allocation Failure)
[48.049s][info][gc,heap        ] GC(276) PSYoungGen: 246208K(336384K)->170432K(330752K) Eden: 84992K(84992K)->0K(95744K) From: 161216K(251392K)->170432K(235008K)
[48.049s][info][gc,heap        ] GC(276) ParOldGen: 7274736K(7586304K)->7351184K(7586304K)
[48.049s][info][gc,metaspace   ] GC(276) Metaspace: 6303K(6528K)->6303K(6528K) NonClass: 5770K(5888K)->5770K(5888K) Class: 533K(640K)->533K(640K)
[48.049s][info][gc             ] GC(276) Pause Young (Allocation Failure) 7344M->7345M(7731M) 138.701ms
[48.049s][info][gc,cpu         ] GC(276) User=0.89s Sys=0.05s Real=0.14s
[48.147s][info][gc,start       ] GC(277) Pause Young (Allocation Failure)
[48.296s][info][gc,heap        ] GC(277) PSYoungGen: 266176K(330752K)->96000K(334336K) Eden: 95744K(95744K)->0K(95744K) From: 170432K(235008K)->96000K(238592K)
[48.296s][info][gc,heap        ] GC(277) ParOldGen: 7351184K(7586304K)->7522656K(7586304K)
[48.296s][info][gc,metaspace   ] GC(277) Metaspace: 6303K(6528K)->6303K(6528K) NonClass: 5770K(5888K)->5770K(5888K) Class: 533K(640K)->533K(640K)
[48.297s][info][gc             ] GC(277) Pause Young (Allocation Failure) 7438M->7440M(7735M) 149.941ms
[48.297s][info][gc,cpu         ] GC(277) User=0.88s Sys=0.08s Real=0.15s
[48.297s][info][gc,start       ] GC(278) Pause Full (Ergonomics)
[48.297s][info][gc,phases,start] GC(278) Marking Phase
[50.056s][info][gc,phases      ] GC(278) Marking Phase 1759.070ms
[50.056s][info][gc,phases,start] GC(278) Summary Phase
[50.056s][info][gc,phases      ] GC(278) Summary Phase 0.081ms
[50.056s][info][gc,phases,start] GC(278) Adjust Roots
[50.056s][info][gc,phases      ] GC(278) Adjust Roots 0.175ms
[50.056s][info][gc,phases,start] GC(278) Compaction Phase
[50.726s][info][gc,phases      ] GC(278) Compaction Phase 669.613ms
[50.726s][info][gc,phases,start] GC(278) Post Compact
[50.737s][info][gc,phases      ] GC(278) Post Compact 11.039ms
[50.739s][info][gc,heap        ] GC(278) PSYoungGen: 96000K(334336K)->26227K(334336K) Eden: 0K(95744K)->0K(95744K) From: 96000K(238592K)->26227K(238592K)
[50.739s][info][gc,heap        ] GC(278) ParOldGen: 7522656K(7586304K)->7586259K(8393216K)
[50.739s][info][gc,metaspace   ] GC(278) Metaspace: 6303K(6528K)->6303K(6528K) NonClass: 5770K(5888K)->5770K(5888K) Class: 533K(640K)->533K(640K)
[50.739s][info][gc             ] GC(278) Pause Full (Ergonomics) 7440M->7434M(8523M) 2442.825ms
[50.739s][info][gc,cpu         ] GC(278) User=17.62s Sys=0.08s Real=2.44s
[50.839s][info][gc,start       ] GC(279) Pause Young (Allocation Failure)
[51.214s][info][gc,heap        ] GC(279) PSYoungGen: 121971K(334336K)->96064K(347136K) Eden: 95744K(95744K)->0K(105472K) From: 26227K(238592K)->96064K(241664K)
[51.214s][info][gc,heap        ] GC(279) ParOldGen: 7586259K(8393216K)->7612771K(8393216K)
[51.214s][info][gc,metaspace   ] GC(279) Metaspace: 6303K(6528K)->6303K(6528K) NonClass: 5770K(5888K)->5770K(5888K) Class: 533K(640K)->533K(640K)
[51.214s][info][gc             ] GC(279) Pause Young (Allocation Failure) 7527M->7528M(8535M) 374.552ms
[51.214s][info][gc,cpu         ] GC(279) User=2.52s Sys=0.00s Real=0.37s
[51.324s][info][gc,start       ] GC(280) Pause Young (Allocation Failure)
[51.457s][info][gc,heap        ] GC(280) PSYoungGen: 201536K(347136K)->201696K(348672K) Eden: 105472K(105472K)->0K(105472K) From: 96064K(241664K)->201696K(243200K)
[51.457s][info][gc,heap        ] GC(280) ParOldGen: 7612771K(8393216K)->7612771K(8393216K)
[51.457s][info][gc,metaspace   ] GC(280) Metaspace: 6303K(6528K)->6303K(6528K) NonClass: 5770K(5888K)->5770K(5888K) Class: 533K(640K)->533K(640K)
[51.457s][info][gc             ] GC(280) Pause Young (Allocation Failure) 7631M->7631M(8537M) 133.206ms
[51.457s][info][gc,cpu         ] GC(280) User=0.55s Sys=0.00s Real=0.13s
[51.581s][info][gc,start       ] GC(281) Pause Young (Allocation Failure)
[51.742s][info][gc,heap        ] GC(281) PSYoungGen: 307168K(348672K)->211424K(358400K) Eden: 105472K(105472K)->0K(104960K) From: 201696K(243200K)->211424K(253440K)
[51.742s][info][gc,heap        ] GC(281) ParOldGen: 7612771K(8393216K)->7709403K(8393216K)
[51.742s][info][gc,metaspace   ] GC(281) Metaspace: 6303K(6528K)->6303K(6528K) NonClass: 5770K(5888K)->5770K(5888K) Class: 533K(640K)->533K(640K)
[51.742s][info][gc             ] GC(281) Pause Young (Allocation Failure) 7734M->7735M(8546M) 160.363ms
[51.742s][info][gc,cpu         ] GC(281) User=1.23s Sys=0.02s Real=0.16s
[51.850s][info][gc,start       ] GC(282) Pause Young (Allocation Failure)
[52.018s][info][gc,heap        ] GC(282) PSYoungGen: 316384K(358400K)->211008K(369664K) Eden: 104960K(104960K)->0K(104960K) From: 211424K(253440K)->211008K(264704K)
[52.018s][info][gc,heap        ] GC(282) ParOldGen: 7709403K(8393216K)->7815851K(8393216K)
[52.018s][info][gc,metaspace   ] GC(282) Metaspace: 6303K(6528K)->6303K(6528K) NonClass: 5770K(5888K)->5770K(5888K) Class: 533K(640K)->533K(640K)
[52.018s][info][gc             ] GC(282) Pause Young (Allocation Failure) 7837M->7838M(8557M) 167.794ms
[52.018s][info][gc,cpu         ] GC(282) User=1.11s Sys=0.05s Real=0.17s
[52.137s][info][gc,start       ] GC(283) Pause Young (Allocation Failure)
[52.301s][info][gc,heap        ] GC(283) PSYoungGen: 315968K(369664K)->210432K(383488K) Eden: 104960K(104960K)->0K(110080K) From: 211008K(264704K)->210432K(273408K)
[52.301s][info][gc,heap        ] GC(283) ParOldGen: 7815851K(8393216K)->7922299K(8393216K)
[52.301s][info][gc,metaspace   ] GC(283) Metaspace: 6303K(6528K)->6303K(6528K) NonClass: 5770K(5888K)->5770K(5888K) Class: 533K(640K)->533K(640K)
[52.301s][info][gc             ] GC(283) Pause Young (Allocation Failure) 7941M->7942M(8571M) 163.927ms
[52.301s][info][gc,cpu         ] GC(283) User=1.05s Sys=0.08s Real=0.16s
[52.415s][info][gc,start       ] GC(284) Pause Young (Allocation Failure)
[52.582s][info][gc,heap        ] GC(284) PSYoungGen: 320512K(383488K)->215584K(389632K) Eden: 110080K(110080K)->0K(110080K) From: 210432K(273408K)->215584K(279552K)
[52.582s][info][gc,heap        ] GC(284) ParOldGen: 7922299K(8393216K)->8028235K(8393216K)
[52.582s][info][gc,metaspace   ] GC(284) Metaspace: 6303K(6528K)->6303K(6528K) NonClass: 5770K(5888K)->5770K(5888K) Class: 533K(640K)->533K(640K)
[52.582s][info][gc             ] GC(284) Pause Young (Allocation Failure) 8049M->8050M(8577M) 166.682ms
[52.582s][info][gc,cpu         ] GC(284) User=1.11s Sys=0.03s Real=0.17s
[52.699s][info][gc,start       ] GC(285) Pause Young (Allocation Failure)
[52.875s][info][gc,heap        ] GC(285) PSYoungGen: 325664K(389632K)->220736K(401920K) Eden: 110080K(110080K)->0K(116224K) From: 215584K(279552K)->220736K(285696K)
[52.875s][info][gc,heap        ] GC(285) ParOldGen: 8028235K(8393216K)->8134163K(8393216K)
[52.875s][info][gc,metaspace   ] GC(285) Metaspace: 6303K(6528K)->6303K(6528K) NonClass: 5770K(5888K)->5770K(5888K) Class: 533K(640K)->533K(640K)
[52.875s][info][gc             ] GC(285) Pause Young (Allocation Failure) 8158M->8159M(8589M) 175.662ms
[52.875s][info][gc,cpu         ] GC(285) User=1.00s Sys=0.17s Real=0.17s
[52.987s][info][gc,start       ] GC(286) Pause Young (Allocation Failure)
[53.164s][info][gc,heap        ] GC(286) PSYoungGen: 336960K(401920K)->226880K(408064K) Eden: 116224K(116224K)->0K(116224K) From: 220736K(285696K)->226880K(291840K)
[53.164s][info][gc,heap        ] GC(286) ParOldGen: 8134163K(8393216K)->8245267K(8393216K)
[53.164s][info][gc,metaspace   ] GC(286) Metaspace: 6303K(6528K)->6303K(6528K) NonClass: 5770K(5888K)->5770K(5888K) Class: 533K(640K)->533K(640K)
[53.164s][info][gc             ] GC(286) Pause Young (Allocation Failure) 8272M->8273M(8595M) 177.233ms
[53.164s][info][gc,cpu         ] GC(286) User=1.27s Sys=0.11s Real=0.18s
[53.164s][info][gc,start       ] GC(287) Pause Full (Ergonomics)
[53.164s][info][gc,phases,start] GC(287) Marking Phase
[55.116s][info][gc,phases      ] GC(287) Marking Phase 1952.311ms
[55.116s][info][gc,phases,start] GC(287) Summary Phase
[55.116s][info][gc,phases      ] GC(287) Summary Phase 0.093ms
[55.116s][info][gc,phases,start] GC(287) Adjust Roots
[55.117s][info][gc,phases      ] GC(287) Adjust Roots 0.164ms
[55.117s][info][gc,phases,start] GC(287) Compaction Phase
[55.830s][info][gc,phases      ] GC(287) Compaction Phase 713.375ms
[55.830s][info][gc,phases,start] GC(287) Post Compact
[55.843s][info][gc,phases      ] GC(287) Post Compact 12.657ms
[55.845s][info][gc,heap        ] GC(287) PSYoungGen: 226880K(408064K)->72450K(408064K) Eden: 0K(116224K)->0K(116224K) From: 226880K(291840K)->72450K(291840K)
[55.845s][info][gc,heap        ] GC(287) ParOldGen: 8245267K(8393216K)->8392788K(9216000K)
[55.845s][info][gc,metaspace   ] GC(287) Metaspace: 6303K(6528K)->6303K(6528K) NonClass: 5770K(5888K)->5770K(5888K) Class: 533K(640K)->533K(640K)
[55.845s][info][gc             ] GC(287) Pause Full (Ergonomics) 8273M->8266M(9398M) 2681.470ms
[55.845s][info][gc,cpu         ] GC(287) User=19.88s Sys=0.09s Real=2.68s
[55.971s][info][gc,start       ] GC(288) Pause Young (Allocation Failure)
[56.436s][info][gc,heap        ] GC(288) PSYoungGen: 188674K(408064K)->163776K(407040K) Eden: 116224K(116224K)->0K(127488K) From: 72450K(291840K)->163776K(279552K)
[56.436s][info][gc,heap        ] GC(288) ParOldGen: 8392788K(9216000K)->8418380K(9216000K)
[56.436s][info][gc,metaspace   ] GC(288) Metaspace: 6303K(6528K)->6303K(6528K) NonClass: 5770K(5888K)->5770K(5888K) Class: 533K(640K)->533K(640K)
[56.436s][info][gc             ] GC(288) Pause Young (Allocation Failure) 8380M->8381M(9397M) 465.421ms
[56.436s][info][gc,cpu         ] GC(288) User=3.22s Sys=0.05s Real=0.47s
[56.561s][info][gc,start       ] GC(289) Pause Young (Allocation Failure)
[56.722s][info][gc,heap        ] GC(289) PSYoungGen: 291264K(407040K)->290304K(417792K) Eden: 127488K(127488K)->0K(127488K) From: 163776K(279552K)->290304K(290304K)
[56.722s][info][gc,heap        ] GC(289) ParOldGen: 8418380K(9216000K)->8419524K(9216000K)
[56.722s][info][gc,metaspace   ] GC(289) Metaspace: 6303K(6528K)->6303K(6528K) NonClass: 5770K(5888K)->5770K(5888K) Class: 533K(640K)->533K(640K)
[56.722s][info][gc             ] GC(289) Pause Young (Allocation Failure) 8505M->8505M(9408M) 161.343ms
[56.722s][info][gc,cpu         ] GC(289) User=1.14s Sys=0.00s Real=0.16s
[56.860s][info][gc,start       ] GC(290) Pause Young (Allocation Failure)
[57.101s][info][gc,heap        ] GC(290) PSYoungGen: 417792K(417792K)->255552K(449536K) Eden: 127488K(127488K)->0K(129536K) From: 290304K(290304K)->255552K(320000K)
[57.101s][info][gc,heap        ] GC(290) ParOldGen: 8419524K(9216000K)->8583284K(9216000K)
[57.101s][info][gc,metaspace   ] GC(290) Metaspace: 6303K(6528K)->6303K(6528K) NonClass: 5770K(5888K)->5770K(5888K) Class: 533K(640K)->533K(640K)
[57.101s][info][gc             ] GC(290) Pause Young (Allocation Failure) 8630M->8631M(9439M) 241.102ms
[57.101s][info][gc,cpu         ] GC(290) User=1.69s Sys=0.09s Real=0.24s
[57.245s][info][gc,start       ] GC(291) Pause Young (Allocation Failure)
[57.468s][info][gc,heap        ] GC(291) PSYoungGen: 385088K(449536K)->257632K(460288K) Eden: 129536K(129536K)->0K(129536K) From: 255552K(320000K)->257632K(330752K)
[57.468s][info][gc,heap        ] GC(291) ParOldGen: 8583284K(9216000K)->8711884K(9216000K)
[57.468s][info][gc,metaspace   ] GC(291) Metaspace: 6303K(6528K)->6303K(6528K) NonClass: 5770K(5888K)->5770K(5888K) Class: 533K(640K)->533K(640K)
[57.468s][info][gc             ] GC(291) Pause Young (Allocation Failure) 8758M->8759M(9449M) 223.757ms
[57.468s][info][gc,cpu         ] GC(291) User=1.42s Sys=0.08s Real=0.22s
[57.610s][info][gc,start       ] GC(292) Pause Young (Allocation Failure)
[57.835s][info][gc,heap        ] GC(292) PSYoungGen: 387168K(460288K)->259648K(476672K) Eden: 129536K(129536K)->0K(137216K) From: 257632K(330752K)->259648K(339456K)
[57.835s][info][gc,heap        ] GC(292) ParOldGen: 8711884K(9216000K)->8840532K(9216000K)
[57.835s][info][gc,metaspace   ] GC(292) Metaspace: 6303K(6528K)->6303K(6528K) NonClass: 5770K(5888K)->5770K(5888K) Class: 533K(640K)->533K(640K)
[57.835s][info][gc             ] GC(292) Pause Young (Allocation Failure) 8885M->8886M(9465M) 224.856ms
[57.835s][info][gc,cpu         ] GC(292) User=1.55s Sys=0.05s Real=0.22s
[58.004s][info][gc,start       ] GC(293) Pause Young (Allocation Failure)
[58.229s][info][gc,heap        ] GC(293) PSYoungGen: 396864K(476672K)->267360K(483328K) Eden: 137216K(137216K)->0K(137216K) From: 259648K(339456K)->267360K(346112K)
[58.230s][info][gc,heap        ] GC(293) ParOldGen: 8840532K(9216000K)->8971228K(9216000K)
[58.230s][info][gc,metaspace   ] GC(293) Metaspace: 6303K(6528K)->6303K(6528K) NonClass: 5770K(5888K)->5770K(5888K) Class: 533K(640K)->533K(640K)
[58.230s][info][gc             ] GC(293) Pause Young (Allocation Failure) 9020M->9022M(9472M) 226.085ms
[58.230s][info][gc,cpu         ] GC(293) User=1.61s Sys=0.06s Real=0.23s
[58.375s][info][gc,start       ] GC(294) Pause Young (Allocation Failure)
[58.606s][info][gc,heap        ] GC(294) PSYoungGen: 404576K(483328K)->275104K(498688K) Eden: 137216K(137216K)->0K(144896K) From: 267360K(346112K)->275104K(353792K)
[58.606s][info][gc,heap        ] GC(294) ParOldGen: 8971228K(9216000K)->9101924K(9216000K)
[58.606s][info][gc,metaspace   ] GC(294) Metaspace: 6303K(6528K)->6303K(6528K) NonClass: 5770K(5888K)->5770K(5888K) Class: 533K(640K)->533K(640K)
[58.606s][info][gc             ] GC(294) Pause Young (Allocation Failure) 9156M->9157M(9487M) 231.809ms
[58.606s][info][gc,cpu         ] GC(294) User=1.56s Sys=0.08s Real=0.23s
[58.606s][info][gc,start       ] GC(295) Pause Full (Ergonomics)
[58.607s][info][gc,phases,start] GC(295) Marking Phase
[60.771s][info][gc,phases      ] GC(295) Marking Phase 2164.308ms
[60.771s][info][gc,phases,start] GC(295) Summary Phase
[60.771s][info][gc,phases      ] GC(295) Summary Phase 0.100ms
[60.771s][info][gc,phases,start] GC(295) Adjust Roots
[60.771s][info][gc,phases      ] GC(295) Adjust Roots 0.177ms
[60.771s][info][gc,phases,start] GC(295) Compaction Phase
[61.526s][info][gc,phases      ] GC(295) Compaction Phase 754.973ms
[61.526s][info][gc,phases,start] GC(295) Post Compact
[61.540s][info][gc,phases      ] GC(295) Post Compact 14.050ms
[61.540s][info][gc,heap        ] GC(295) PSYoungGen: 275104K(498688K)->153747K(498688K) Eden: 0K(144896K)->0K(144896K) From: 275104K(353792K)->153747K(353792K)
[61.540s][info][gc,heap        ] GC(295) ParOldGen: 9101924K(9216000K)->9215975K(9216000K)
[61.540s][info][gc,metaspace   ] GC(295) Metaspace: 6303K(6528K)->6303K(6528K) NonClass: 5770K(5888K)->5770K(5888K) Class: 533K(640K)->533K(640K)
[61.540s][info][gc             ] GC(295) Pause Full (Ergonomics) 9157M->9150M(9487M) 2934.001ms
[61.541s][info][gc,cpu         ] GC(295) User=22.08s Sys=0.16s Real=2.93s
[61.701s][info][gc,start       ] GC(296) Pause Full (Ergonomics)
[61.701s][info][gc,phases,start] GC(296) Marking Phase
[63.870s][info][gc,phases      ] GC(296) Marking Phase 2169.594ms
[63.870s][info][gc,phases,start] GC(296) Summary Phase
[63.870s][info][gc,phases      ] GC(296) Summary Phase 0.095ms
[63.870s][info][gc,phases,start] GC(296) Adjust Roots
[63.871s][info][gc,phases      ] GC(296) Adjust Roots 0.214ms
[63.871s][info][gc,phases,start] GC(296) Compaction Phase
[64.446s][info][gc,phases      ] GC(296) Compaction Phase 575.682ms
[64.446s][info][gc,phases,start] GC(296) Post Compact
[64.461s][info][gc,phases      ] GC(296) Post Compact 14.779ms
[64.461s][info][gc,heap        ] GC(296) PSYoungGen: 298643K(498688K)->298613K(498688K) Eden: 144896K(144896K)->144866K(144896K) From: 153747K(353792K)->153747K(353792K)
[64.461s][info][gc,heap        ] GC(296) ParOldGen: 9215975K(9216000K)->9215975K(9216000K)
[64.461s][info][gc,metaspace   ] GC(296) Metaspace: 6303K(6528K)->6303K(6528K) NonClass: 5770K(5888K)->5770K(5888K) Class: 533K(640K)->533K(640K)
[64.461s][info][gc             ] GC(296) Pause Full (Ergonomics) 9291M->9291M(9487M) 2760.749ms
[64.461s][info][gc,cpu         ] GC(296) User=20.95s Sys=0.03s Real=2.76s
[64.462s][info][gc,start       ] GC(297) Pause Full (Ergonomics)
[64.462s][info][gc,phases,start] GC(297) Marking Phase
[66.584s][info][gc,phases      ] GC(297) Marking Phase 2122.716ms
[66.584s][info][gc,phases,start] GC(297) Summary Phase
[66.585s][info][gc,phases      ] GC(297) Summary Phase 0.090ms
[66.585s][info][gc,phases,start] GC(297) Adjust Roots
[66.585s][info][gc,phases      ] GC(297) Adjust Roots 0.164ms
[66.585s][info][gc,phases,start] GC(297) Compaction Phase
[67.129s][info][gc,phases      ] GC(297) Compaction Phase 544.037ms
[67.129s][info][gc,phases,start] GC(297) Post Compact
[67.143s][info][gc,phases      ] GC(297) Post Compact 13.847ms
[67.143s][info][gc,heap        ] GC(297) PSYoungGen: 298643K(498688K)->298642K(498688K) Eden: 144896K(144896K)->144895K(144896K) From: 153747K(353792K)->153747K(353792K)
[67.143s][info][gc,heap        ] GC(297) ParOldGen: 9215975K(9216000K)->9215975K(9216000K)
[67.143s][info][gc,metaspace   ] GC(297) Metaspace: 6303K(6528K)->6303K(6528K) NonClass: 5770K(5888K)->5770K(5888K) Class: 533K(640K)->533K(640K)
[67.143s][info][gc             ] GC(297) Pause Full (Ergonomics) 9291M->9291M(9487M) 2681.194ms
[67.143s][info][gc,cpu         ] GC(297) User=20.52s Sys=0.00s Real=2.68s
[67.143s][info][gc,start       ] GC(298) Pause Full (Ergonomics)
[67.143s][info][gc,phases,start] GC(298) Marking Phase
[69.283s][info][gc,phases      ] GC(298) Marking Phase 2139.621ms
[69.283s][info][gc,phases,start] GC(298) Summary Phase
[69.283s][info][gc,phases      ] GC(298) Summary Phase 0.091ms
[69.283s][info][gc,phases,start] GC(298) Adjust Roots
[69.283s][info][gc,phases      ] GC(298) Adjust Roots 0.177ms
[69.283s][info][gc,phases,start] GC(298) Compaction Phase
[69.836s][info][gc,phases      ] GC(298) Compaction Phase 553.347ms
[69.836s][info][gc,phases,start] GC(298) Post Compact
[69.851s][info][gc,phases      ] GC(298) Post Compact 14.208ms
[69.851s][info][gc,heap        ] GC(298) PSYoungGen: 298643K(498688K)->298643K(498688K) Eden: 144895K(144896K)->144895K(144896K) From: 153747K(353792K)->153747K(353792K)
[69.851s][info][gc,heap        ] GC(298) ParOldGen: 9215975K(9216000K)->9215975K(9216000K)
[69.851s][info][gc,metaspace   ] GC(298) Metaspace: 6303K(6528K)->6303K(6528K) NonClass: 5770K(5888K)->5770K(5888K) Class: 533K(640K)->533K(640K)
[69.851s][info][gc             ] GC(298) Pause Full (Ergonomics) 9291M->9291M(9487M) 2707.810ms
[69.851s][info][gc,cpu         ] GC(298) User=20.94s Sys=0.00s Real=2.71s
[69.851s][info][gc,start       ] GC(299) Pause Full (Ergonomics)
[69.851s][info][gc,phases,start] GC(299) Marking Phase
[72.001s][info][gc,phases      ] GC(299) Marking Phase 2149.870ms
[72.001s][info][gc,phases,start] GC(299) Summary Phase
[72.001s][info][gc,phases      ] GC(299) Summary Phase 0.102ms
[72.001s][info][gc,phases,start] GC(299) Adjust Roots
[72.001s][info][gc,phases      ] GC(299) Adjust Roots 0.217ms
[72.001s][info][gc,phases,start] GC(299) Compaction Phase
[72.549s][info][gc,phases      ] GC(299) Compaction Phase 547.936ms
[72.549s][info][gc,phases,start] GC(299) Post Compact
[72.563s][info][gc,phases      ] GC(299) Post Compact 13.904ms
[72.563s][info][gc,heap        ] GC(299) PSYoungGen: 298643K(498688K)->298643K(498688K) Eden: 144896K(144896K)->144896K(144896K) From: 153747K(353792K)->153747K(353792K)
[72.563s][info][gc,heap        ] GC(299) ParOldGen: 9215980K(9216000K)->9215980K(9216000K)
[72.563s][info][gc,metaspace   ] GC(299) Metaspace: 6303K(6528K)->6303K(6528K) NonClass: 5770K(5888K)->5770K(5888K) Class: 533K(640K)->533K(640K)
[72.563s][info][gc             ] GC(299) Pause Full (Ergonomics) 9291M->9291M(9487M) 2712.384ms
[72.563s][info][gc,cpu         ] GC(299) User=20.95s Sys=0.00s Real=2.71s
[72.564s][info][gc,start       ] GC(300) Pause Full (Ergonomics)
[72.564s][info][gc,phases,start] GC(300) Marking Phase
[74.732s][info][gc,phases      ] GC(300) Marking Phase 2168.673ms
[74.732s][info][gc,phases,start] GC(300) Summary Phase
[74.732s][info][gc,phases      ] GC(300) Summary Phase 0.090ms
[74.733s][info][gc,phases,start] GC(300) Adjust Roots
[74.733s][info][gc,phases      ] GC(300) Adjust Roots 0.170ms
[74.733s][info][gc,phases,start] GC(300) Compaction Phase
[75.284s][info][gc,phases      ] GC(300) Compaction Phase 550.849ms
[75.284s][info][gc,phases,start] GC(300) Post Compact
[75.297s][info][gc,phases      ] GC(300) Post Compact 13.766ms
[75.297s][info][gc,heap        ] GC(300) PSYoungGen: 298643K(498688K)->298643K(498688K) Eden: 144896K(144896K)->144896K(144896K) From: 153747K(353792K)->153747K(353792K)
[75.297s][info][gc,heap        ] GC(300) ParOldGen: 9215985K(9216000K)->9215985K(9216000K)
[75.298s][info][gc,metaspace   ] GC(300) Metaspace: 6303K(6528K)->6303K(6528K) NonClass: 5770K(5888K)->5770K(5888K) Class: 533K(640K)->533K(640K)
[75.298s][info][gc             ] GC(300) Pause Full (Ergonomics) 9291M->9291M(9487M) 2733.886ms
[75.298s][info][gc,cpu         ] GC(300) User=21.22s Sys=0.00s Real=2.73s
[75.298s][info][gc,start       ] GC(301) Pause Full (Ergonomics)
[75.298s][info][gc,phases,start] GC(301) Marking Phase
[77.449s][info][gc,phases      ] GC(301) Marking Phase 2150.881ms
[77.449s][info][gc,phases,start] GC(301) Summary Phase
[77.449s][info][gc,phases      ] GC(301) Summary Phase 0.090ms
[77.449s][info][gc,phases,start] GC(301) Adjust Roots
[77.449s][info][gc,phases      ] GC(301) Adjust Roots 0.166ms
[77.449s][info][gc,phases,start] GC(301) Compaction Phase
[78.003s][info][gc,phases      ] GC(301) Compaction Phase 554.223ms
[78.003s][info][gc,phases,start] GC(301) Post Compact
[78.017s][info][gc,phases      ] GC(301) Post Compact 14.082ms
[78.018s][info][gc,heap        ] GC(301) PSYoungGen: 298643K(498688K)->298643K(498688K) Eden: 144896K(144896K)->144896K(144896K) From: 153747K(353792K)->153747K(353792K)
[78.018s][info][gc,heap        ] GC(301) ParOldGen: 9215990K(9216000K)->9215990K(9216000K)
[78.018s][info][gc,metaspace   ] GC(301) Metaspace: 6303K(6528K)->6303K(6528K) NonClass: 5770K(5888K)->5770K(5888K) Class: 533K(640K)->533K(640K)
[78.018s][info][gc             ] GC(301) Pause Full (Ergonomics) 9291M->9291M(9487M) 2719.811ms
[78.018s][info][gc,cpu         ] GC(301) User=20.94s Sys=0.00s Real=2.72s
[78.018s][info][gc,start       ] GC(302) Pause Full (Ergonomics)
[78.018s][info][gc,phases,start] GC(302) Marking Phase
[80.169s][info][gc,phases      ] GC(302) Marking Phase 2151.666ms
[80.170s][info][gc,phases,start] GC(302) Summary Phase
[80.170s][info][gc,phases      ] GC(302) Summary Phase 0.090ms
[80.170s][info][gc,phases,start] GC(302) Adjust Roots
[80.170s][info][gc,phases      ] GC(302) Adjust Roots 0.169ms
[80.170s][info][gc,phases,start] GC(302) Compaction Phase
[80.743s][info][gc,phases      ] GC(302) Compaction Phase 572.711ms
[80.743s][info][gc,phases,start] GC(302) Post Compact
[80.757s][info][gc,phases      ] GC(302) Post Compact 14.233ms
[80.757s][info][gc,heap        ] GC(302) PSYoungGen: 298643K(498688K)->298643K(498688K) Eden: 144896K(144896K)->144896K(144896K) From: 153747K(353792K)->153747K(353792K)
[80.757s][info][gc,heap        ] GC(302) ParOldGen: 9215994K(9216000K)->9215994K(9216000K)
[80.757s][info][gc,metaspace   ] GC(302) Metaspace: 6303K(6528K)->6303K(6528K) NonClass: 5770K(5888K)->5770K(5888K) Class: 533K(640K)->533K(640K)
[80.757s][info][gc             ] GC(302) Pause Full (Ergonomics) 9291M->9291M(9487M) 2739.232ms
[80.757s][info][gc,cpu         ] GC(302) User=21.05s Sys=0.00s Real=2.74s
[80.757s][info][gc,start       ] GC(303) Pause Full (Ergonomics)
[80.757s][info][gc,phases,start] GC(303) Marking Phase
[82.873s][info][gc,phases      ] GC(303) Marking Phase 2115.280ms
[82.873s][info][gc,phases,start] GC(303) Summary Phase
[82.873s][info][gc,phases      ] GC(303) Summary Phase 0.089ms
[82.873s][info][gc,phases,start] GC(303) Adjust Roots
[82.873s][info][gc,phases      ] GC(303) Adjust Roots 0.166ms
[82.873s][info][gc,phases,start] GC(303) Compaction Phase
[83.419s][info][gc,phases      ] GC(303) Compaction Phase 546.537ms
[83.420s][info][gc,phases,start] GC(303) Post Compact
[83.433s][info][gc,phases      ] GC(303) Post Compact 13.848ms
[83.433s][info][gc,heap        ] GC(303) PSYoungGen: 298643K(498688K)->298643K(498688K) Eden: 144896K(144896K)->144896K(144896K) From: 153747K(353792K)->153747K(353792K)
[83.433s][info][gc,heap        ] GC(303) ParOldGen: 9215999K(9216000K)->9215999K(9216000K)
[83.433s][info][gc,metaspace   ] GC(303) Metaspace: 6303K(6528K)->6303K(6528K) NonClass: 5770K(5888K)->5770K(5888K) Class: 533K(640K)->533K(640K)
[83.434s][info][gc             ] GC(303) Pause Full (Ergonomics) 9291M->9291M(9487M) 2676.269ms
[83.434s][info][gc,cpu         ] GC(303) User=20.58s Sys=0.00s Real=2.68s
[83.434s][info][gc,start       ] GC(304) Pause Full (Ergonomics)
[83.434s][info][gc,phases,start] GC(304) Marking Phase
[85.576s][info][gc,phases      ] GC(304) Marking Phase 2142.317ms
[85.576s][info][gc,phases,start] GC(304) Summary Phase
[85.576s][info][gc,phases      ] GC(304) Summary Phase 0.093ms
[85.576s][info][gc,phases,start] GC(304) Adjust Roots
[85.576s][info][gc,phases      ] GC(304) Adjust Roots 0.215ms
[85.576s][info][gc,phases,start] GC(304) Compaction Phase
[86.123s][info][gc,phases      ] GC(304) Compaction Phase 546.693ms
[86.123s][info][gc,phases,start] GC(304) Post Compact
[86.137s][info][gc,phases      ] GC(304) Post Compact 14.205ms
[86.137s][info][gc,heap        ] GC(304) PSYoungGen: 298643K(498688K)->298643K(498688K) Eden: 144896K(144896K)->144896K(144896K) From: 153747K(353792K)->153747K(353792K)
[86.138s][info][gc,heap        ] GC(304) ParOldGen: 9216000K(9216000K)->9216000K(9216000K)
[86.138s][info][gc,metaspace   ] GC(304) Metaspace: 6303K(6528K)->6303K(6528K) NonClass: 5770K(5888K)->5770K(5888K) Class: 533K(640K)->533K(640K)
[86.138s][info][gc             ] GC(304) Pause Full (Ergonomics) 9291M->9291M(9487M) 2703.878ms
[86.138s][info][gc,cpu         ] GC(304) User=20.91s Sys=0.00s Real=2.70s
[86.138s][info][gc,start       ] GC(305) Pause Full (Allocation Failure)
[86.138s][info][gc,phases,start] GC(305) Marking Phase
[88.314s][info][gc,phases      ] GC(305) Marking Phase 2176.013ms
[88.314s][info][gc,phases,start] GC(305) Summary Phase
[88.314s][info][gc,phases      ] GC(305) Summary Phase 0.097ms
[88.314s][info][gc,phases,start] GC(305) Adjust Roots
[88.314s][info][gc,phases      ] GC(305) Adjust Roots 0.464ms
[88.314s][info][gc,phases,start] GC(305) Compaction Phase
[90.651s][info][gc,phases      ] GC(305) Compaction Phase 2336.875ms
[90.651s][info][gc,phases,start] GC(305) Post Compact
[90.666s][info][gc,phases      ] GC(305) Post Compact 14.416ms
[90.666s][info][gc,heap        ] GC(305) PSYoungGen: 298643K(498688K)->298643K(498688K) Eden: 144896K(144896K)->144896K(144896K) From: 153747K(353792K)->153747K(353792K)
[90.666s][info][gc,heap        ] GC(305) ParOldGen: 9216000K(9216000K)->9215995K(9216000K)
[90.666s][info][gc,metaspace   ] GC(305) Metaspace: 6303K(6528K)->6302K(6528K) NonClass: 5770K(5888K)->5769K(5888K) Class: 533K(640K)->532K(640K)
[90.666s][info][gc             ] GC(305) Pause Full (Allocation Failure) 9291M->9291M(9487M) 4528.218ms
[90.666s][info][gc,cpu         ] GC(305) User=34.08s Sys=0.00s Real=4.53s
[90.666s][info][gc,start       ] GC(306) Pause Full (Ergonomics)
[90.666s][info][gc,phases,start] GC(306) Marking Phase
[92.790s][info][gc,phases      ] GC(306) Marking Phase 2123.864ms
[92.790s][info][gc,phases,start] GC(306) Summary Phase
[92.790s][info][gc,phases      ] GC(306) Summary Phase 0.089ms
[92.790s][info][gc,phases,start] GC(306) Adjust Roots
[92.791s][info][gc,phases      ] GC(306) Adjust Roots 0.169ms
[92.791s][info][gc,phases,start] GC(306) Compaction Phase
[93.348s][info][gc,phases      ] GC(306) Compaction Phase 557.002ms
[93.348s][info][gc,phases,start] GC(306) Post Compact
[93.363s][info][gc,phases      ] GC(306) Post Compact 15.035ms
[93.363s][info][gc,heap        ] GC(306) PSYoungGen: 298643K(498688K)->298643K(498688K) Eden: 144896K(144896K)->144896K(144896K) From: 153747K(353792K)->153747K(353792K)
[93.363s][info][gc,heap        ] GC(306) ParOldGen: 9215999K(9216000K)->9215999K(9216000K)
[93.363s][info][gc,metaspace   ] GC(306) Metaspace: 6302K(6528K)->6302K(6528K) NonClass: 5769K(5888K)->5769K(5888K) Class: 532K(640K)->532K(640K)
[93.363s][info][gc             ] GC(306) Pause Full (Ergonomics) 9291M->9291M(9487M) 2696.507ms
[93.363s][info][gc,cpu         ] GC(306) User=20.67s Sys=0.00s Real=2.70s
[93.363s][info][gc,start       ] GC(307) Pause Full (Allocation Failure)
[93.363s][info][gc,phases,start] GC(307) Marking Phase
[95.503s][info][gc,phases      ] GC(307) Marking Phase 2139.890ms
[95.503s][info][gc,phases,start] GC(307) Summary Phase
[95.503s][info][gc,phases      ] GC(307) Summary Phase 0.092ms
[95.503s][info][gc,phases,start] GC(307) Adjust Roots
[95.503s][info][gc,phases      ] GC(307) Adjust Roots 0.173ms
[95.503s][info][gc,phases,start] GC(307) Compaction Phase
[96.082s][info][gc,phases      ] GC(307) Compaction Phase 578.949ms
[96.082s][info][gc,phases,start] GC(307) Post Compact
[96.096s][info][gc,phases      ] GC(307) Post Compact 14.213ms
[96.096s][info][gc,heap        ] GC(307) PSYoungGen: 298643K(498688K)->298643K(498688K) Eden: 144896K(144896K)->144896K(144896K) From: 153747K(353792K)->153747K(353792K)
[96.096s][info][gc,heap        ] GC(307) ParOldGen: 9215999K(9216000K)->9215999K(9216000K)
[96.097s][info][gc,metaspace   ] GC(307) Metaspace: 6302K(6528K)->6302K(6528K) NonClass: 5769K(5888K)->5769K(5888K) Class: 532K(640K)->532K(640K)
[96.097s][info][gc             ] GC(307) Pause Full (Allocation Failure) 9291M->9291M(9487M) 2733.646ms
[96.097s][info][gc,cpu         ] GC(307) User=20.97s Sys=0.00s Real=2.73s
[96.097s][info][gc,start       ] GC(308) Pause Full (Ergonomics)
[96.097s][info][gc,phases,start] GC(308) Marking Phase
[98.237s][info][gc,phases      ] GC(308) Marking Phase 2140.319ms
[98.237s][info][gc,phases,start] GC(308) Summary Phase
[98.237s][info][gc,phases      ] GC(308) Summary Phase 0.091ms
[98.238s][info][gc,phases,start] GC(308) Adjust Roots
[98.238s][info][gc,phases      ] GC(308) Adjust Roots 0.241ms
[98.238s][info][gc,phases,start] GC(308) Compaction Phase
[100.557s][info][gc,phases      ] GC(308) Compaction Phase 2319.538ms
[100.557s][info][gc,phases,start] GC(308) Post Compact
[100.572s][info][gc,phases      ] GC(308) Post Compact 14.249ms
[100.572s][info][gc,heap        ] GC(308) PSYoungGen: 298643K(498688K)->298643K(498688K) Eden: 144896K(144896K)->144896K(144896K) From: 153747K(353792K)->153747K(353792K)
[100.572s][info][gc,heap        ] GC(308) ParOldGen: 9215999K(9216000K)->9215998K(9216000K)
[100.572s][info][gc,metaspace   ] GC(308) Metaspace: 6302K(6528K)->6302K(6528K) NonClass: 5769K(5888K)->5769K(5888K) Class: 532K(640K)->532K(640K)
[100.572s][info][gc             ] GC(308) Pause Full (Ergonomics) 9291M->9291M(9487M) 4474.820ms
[100.572s][info][gc,cpu         ] GC(308) User=33.59s Sys=0.00s Real=4.48s
[100.572s][info][gc,start       ] GC(309) Pause Full (Ergonomics)
[100.572s][info][gc,phases,start] GC(309) Marking Phase
[102.682s][info][gc,phases      ] GC(309) Marking Phase 2109.340ms
[102.682s][info][gc,phases,start] GC(309) Summary Phase
[102.682s][info][gc,phases      ] GC(309) Summary Phase 0.090ms
[102.682s][info][gc,phases,start] GC(309) Adjust Roots
[102.682s][info][gc,phases      ] GC(309) Adjust Roots 0.165ms
[102.682s][info][gc,phases,start] GC(309) Compaction Phase
[103.228s][info][gc,phases      ] GC(309) Compaction Phase 546.256ms
[103.228s][info][gc,phases,start] GC(309) Post Compact
[103.242s][info][gc,phases      ] GC(309) Post Compact 13.753ms
[103.242s][info][gc,heap        ] GC(309) PSYoungGen: 298643K(498688K)->298643K(498688K) Eden: 144896K(144896K)->144896K(144896K) From: 153747K(353792K)->153747K(353792K)
[103.242s][info][gc,heap        ] GC(309) ParOldGen: 9215998K(9216000K)->9215998K(9216000K)
[103.242s][info][gc,metaspace   ] GC(309) Metaspace: 6302K(6528K)->6302K(6528K) NonClass: 5769K(5888K)->5769K(5888K) Class: 532K(640K)->532K(640K)
[103.242s][info][gc             ] GC(309) Pause Full (Ergonomics) 9291M->9291M(9487M) 2669.949ms
[103.242s][info][gc,cpu         ] GC(309) User=20.62s Sys=0.00s Real=2.67s
[103.243s][info][gc,start       ] GC(310) Pause Full (Ergonomics)
[103.243s][info][gc,phases,start] GC(310) Marking Phase
[105.399s][info][gc,phases      ] GC(310) Marking Phase 2155.247ms
[105.399s][info][gc,phases,start] GC(310) Summary Phase
[105.399s][info][gc,phases      ] GC(310) Summary Phase 0.092ms
[105.399s][info][gc,phases,start] GC(310) Adjust Roots
[105.399s][info][gc,phases      ] GC(310) Adjust Roots 0.309ms
[105.399s][info][gc,phases,start] GC(310) Compaction Phase
[107.738s][info][gc,phases      ] GC(310) Compaction Phase 2339.113ms
[107.738s][info][gc,phases,start] GC(310) Post Compact
[107.753s][info][gc,phases      ] GC(310) Post Compact 14.694ms
[107.753s][info][gc,heap        ] GC(310) PSYoungGen: 298643K(498688K)->298643K(498688K) Eden: 144896K(144896K)->144896K(144896K) From: 153747K(353792K)->153747K(353792K)
[107.753s][info][gc,heap        ] GC(310) ParOldGen: 9215999K(9216000K)->9215997K(9216000K)
[107.753s][info][gc,metaspace   ] GC(310) Metaspace: 6303K(6528K)->6303K(6528K) NonClass: 5769K(5888K)->5769K(5888K) Class: 533K(640K)->533K(640K)
[107.753s][info][gc             ] GC(310) Pause Full (Ergonomics) 9291M->9291M(9487M) 4509.828ms
[107.753s][info][gc,cpu         ] GC(310) User=33.50s Sys=0.00s Real=4.51s
[107.754s][info][gc,heap,exit   ] Heap
[107.754s][info][gc,heap,exit   ]  PSYoungGen      total 498688K, used 298643K [0x00000006e6c00000, 0x000000071cd00000, 0x0000000800000000)
[107.754s][info][gc,heap,exit   ]   eden space 144896K, 100% used [0x00000006e6c00000,0x00000006ef980000,0x00000006ef980000)
[107.754s][info][gc,heap,exit   ]   from space 353792K, 43% used [0x0000000705b00000,0x000000070f124cf8,0x000000071b480000)
[107.754s][info][gc,heap,exit   ]   to   space 361984K, 0% used [0x00000006ef980000,0x00000006ef980000,0x0000000705b00000)
[107.754s][info][gc,heap,exit   ]  ParOldGen       total 9216000K, used 9215998K [0x00000004b4400000, 0x00000006e6c00000, 0x00000006e6c00000)
[107.754s][info][gc,heap,exit   ]   object space 9216000K, 99% used [0x00000004b4400000,0x00000006e6bff818,0x00000006e6c00000)
[107.754s][info][gc,heap,exit   ]  Metaspace       used 6306K, committed 6528K, reserved 1114112K
[107.754s][info][gc,heap,exit   ]   class space    used 534K, committed 640K, reserved 1048576K
