[0.013s][info][gc,init] CardTable entry size: 512
[0.014s][info][gc     ] Using Serial
[0.014s][info][gc,init] Version: 18.0.1+10 (release)
[0.014s][info][gc,init] CPUs: 8 total, 8 available
[0.014s][info][gc,init] Memory: 16063M
[0.014s][info][gc,init] Large Page Support: Disabled
[0.014s][info][gc,init] NUMA Support: Disabled
[0.014s][info][gc,init] Compressed Oops: Enabled (32-bit)
[0.014s][info][gc,init] Heap Min Capacity: 2M
[0.014s][info][gc,init] Heap Initial Capacity: 2M
[0.014s][info][gc,init] Heap Max Capacity: 1800M
[0.014s][info][gc,init] Pre-touch: Disabled
[0.015s][info][gc,metaspace] CDS archive(s) not mapped
[0.015s][info][gc,metaspace] Compressed class space mapped at: 0x0000000100000000-0x0000000140000000, reserved size: 1073741824
[0.015s][info][gc,metaspace] Narrow klass base: 0x0000000000000000, Narrow klass shift: 3, Narrow klass range: 0x140000000
[0.186s][info][gc,start    ] GC(0) Pause Young (Allocation Failure)
[0.188s][info][gc,heap     ] GC(0) DefNew: 1023K(1152K)->127K(1152K) Eden: 1023K(1024K)->0K(1024K) From: 0K(128K)->127K(128K)
[0.188s][info][gc,heap     ] GC(0) Tenured: 0K(768K)->440K(768K)
[0.188s][info][gc,metaspace] GC(0) Metaspace: 5903K(6016K)->5903K(6016K) NonClass: 5404K(5504K)->5404K(5504K) Class: 499K(512K)->499K(512K)
[0.188s][info][gc          ] GC(0) Pause Young (Allocation Failure) 0M->0M(1M) 1.501ms
[0.188s][info][gc,cpu      ] GC(0) User=0.00s Sys=0.00s Real=0.00s
[0.208s][info][gc,start    ] GC(1) Pause Young (Allocation Failure)
[0.210s][info][gc          ] GC(1) Pause Young (Allocation Failure) 1M->0M(2M) 1.487ms
[0.210s][info][gc,cpu      ] GC(1) User=0.00s Sys=0.00s Real=0.00s
[0.210s][info][gc,start    ] GC(2) Pause Full (Allocation Failure)
[0.210s][info][gc,phases,start] GC(2) Phase 1: Mark live objects
[0.211s][info][gc,phases      ] GC(2) Phase 1: Mark live objects 0.999ms
[0.211s][info][gc,phases,start] GC(2) Phase 2: Compute new object addresses
[0.211s][info][gc,phases      ] GC(2) Phase 2: Compute new object addresses 0.238ms
[0.211s][info][gc,phases,start] GC(2) Phase 3: Adjust pointers
[0.212s][info][gc,phases      ] GC(2) Phase 3: Adjust pointers 0.503ms
[0.212s][info][gc,phases,start] GC(2) Phase 4: Move objects
[0.212s][info][gc,phases      ] GC(2) Phase 4: Move objects 0.069ms
[0.212s][info][gc,heap        ] GC(2) DefNew: 1151K(1152K)->40K(1152K) Eden: 1024K(1024K)->40K(1024K) From: 127K(128K)->0K(128K)
[0.212s][info][gc,heap        ] GC(2) Tenured: 440K(768K)->959K(1600K)
[0.212s][info][gc,metaspace   ] GC(2) Metaspace: 6300K(6464K)->6300K(6464K) NonClass: 5766K(5824K)->5766K(5824K) Class: 533K(640K)->533K(640K)
[0.212s][info][gc             ] GC(2) Pause Full (Allocation Failure) 0M->0M(2M) 2.055ms
[0.212s][info][gc,cpu         ] GC(2) User=0.00s Sys=0.00s Real=0.00s
[0.213s][info][gc,start       ] GC(3) Pause Young (Allocation Failure)
[0.214s][info][gc,heap        ] GC(3) DefNew: 1024K(1152K)->127K(1152K) Eden: 1024K(1024K)->0K(1024K) From: 0K(128K)->127K(128K)
[0.214s][info][gc,heap        ] GC(3) Tenured: 959K(1600K)->1375K(1600K)
[0.214s][info][gc,metaspace   ] GC(3) Metaspace: 6300K(6464K)->6300K(6464K) NonClass: 5766K(5824K)->5766K(5824K) Class: 533K(640K)->533K(640K)
[0.214s][info][gc             ] GC(3) Pause Young (Allocation Failure) 1M->1M(2M) 1.333ms
[0.215s][info][gc,cpu         ] GC(3) User=0.00s Sys=0.00s Real=0.00s
[0.216s][info][gc,start       ] GC(4) Pause Young (Allocation Failure)
[0.217s][info][gc             ] GC(4) Pause Young (Allocation Failure) 2M->1M(3M) 1.138ms
[0.217s][info][gc,cpu         ] GC(4) User=0.00s Sys=0.00s Real=0.00s
[0.217s][info][gc,start       ] GC(5) Pause Full (Allocation Failure)
[0.217s][info][gc,phases,start] GC(5) Phase 1: Mark live objects
[0.218s][info][gc,phases      ] GC(5) Phase 1: Mark live objects 1.387ms
[0.218s][info][gc,phases,start] GC(5) Phase 2: Compute new object addresses
[0.219s][info][gc,phases      ] GC(5) Phase 2: Compute new object addresses 0.364ms
[0.219s][info][gc,phases,start] GC(5) Phase 3: Adjust pointers
[0.219s][info][gc,phases      ] GC(5) Phase 3: Adjust pointers 0.617ms
[0.219s][info][gc,phases,start] GC(5) Phase 4: Move objects
[0.219s][info][gc,phases      ] GC(5) Phase 4: Move objects 0.071ms
[0.219s][info][gc,heap        ] GC(5) DefNew: 1151K(1152K)->35K(1536K) Eden: 1024K(1024K)->35K(1408K) From: 127K(128K)->0K(128K)
[0.219s][info][gc,heap        ] GC(5) Tenured: 1375K(1600K)->1983K(3308K)
[0.220s][info][gc,metaspace   ] GC(5) Metaspace: 6300K(6464K)->6300K(6464K) NonClass: 5766K(5824K)->5766K(5824K) Class: 533K(640K)->533K(640K)
[0.220s][info][gc             ] GC(5) Pause Full (Allocation Failure) 1M->1M(4M) 2.710ms
[0.220s][info][gc,cpu         ] GC(5) User=0.02s Sys=0.00s Real=0.00s
[0.221s][info][gc,start       ] GC(6) Pause Young (Allocation Failure)
[0.223s][info][gc,heap        ] GC(6) DefNew: 1407K(1536K)->127K(1536K) Eden: 1407K(1408K)->0K(1408K) From: 0K(128K)->127K(128K)
[0.223s][info][gc,heap        ] GC(6) Tenured: 1983K(3308K)->2617K(3308K)
[0.223s][info][gc,metaspace   ] GC(6) Metaspace: 6300K(6464K)->6300K(6464K) NonClass: 5766K(5824K)->5766K(5824K) Class: 533K(640K)->533K(640K)
[0.223s][info][gc             ] GC(6) Pause Young (Allocation Failure) 3M->2M(4M) 2.103ms
[0.223s][info][gc,cpu         ] GC(6) User=0.00s Sys=0.00s Real=0.00s
[0.225s][info][gc,start       ] GC(7) Pause Young (Allocation Failure)
[0.226s][info][gc             ] GC(7) Pause Young (Allocation Failure) 4M->3M(4M) 1.459ms
[0.226s][info][gc,cpu         ] GC(7) User=0.00s Sys=0.00s Real=0.00s
[0.226s][info][gc,start       ] GC(8) Pause Full (Allocation Failure)
[0.226s][info][gc,phases,start] GC(8) Phase 1: Mark live objects
[0.228s][info][gc,phases      ] GC(8) Phase 1: Mark live objects 2.015ms
[0.228s][info][gc,phases,start] GC(8) Phase 2: Compute new object addresses
[0.229s][info][gc,phases      ] GC(8) Phase 2: Compute new object addresses 0.692ms
[0.229s][info][gc,phases,start] GC(8) Phase 3: Adjust pointers
[0.230s][info][gc,phases      ] GC(8) Phase 3: Adjust pointers 1.050ms
[0.230s][info][gc,phases,start] GC(8) Phase 4: Move objects
[0.230s][info][gc,phases      ] GC(8) Phase 4: Move objects 0.089ms
[0.230s][info][gc,heap        ] GC(8) DefNew: 1535K(1536K)->0K(2688K) Eden: 1408K(1408K)->0K(2432K) From: 127K(128K)->0K(256K)
[0.230s][info][gc,heap        ] GC(8) Tenured: 2617K(3308K)->3460K(5768K)
[0.230s][info][gc,metaspace   ] GC(8) Metaspace: 6300K(6464K)->6300K(6464K) NonClass: 5766K(5824K)->5766K(5824K) Class: 533K(640K)->533K(640K)
[0.230s][info][gc             ] GC(8) Pause Full (Allocation Failure) 3M->3M(8M) 4.137ms
[0.230s][info][gc,cpu         ] GC(8) User=0.00s Sys=0.00s Real=0.00s
[0.233s][info][gc,start       ] GC(9) Pause Young (Allocation Failure)
[0.235s][info][gc,heap        ] GC(9) DefNew: 2431K(2688K)->256K(2688K) Eden: 2431K(2432K)->0K(2432K) From: 0K(256K)->256K(256K)
[0.235s][info][gc,heap        ] GC(9) Tenured: 3460K(5768K)->4512K(5768K)
[0.235s][info][gc,metaspace   ] GC(9) Metaspace: 6300K(6464K)->6300K(6464K) NonClass: 5766K(5824K)->5766K(5824K) Class: 533K(640K)->533K(640K)
[0.235s][info][gc             ] GC(9) Pause Young (Allocation Failure) 5M->4M(8M) 2.292ms
[0.235s][info][gc,cpu         ] GC(9) User=0.00s Sys=0.00s Real=0.00s
[0.238s][info][gc,start       ] GC(10) Pause Young (Allocation Failure)
[0.241s][info][gc,heap        ] GC(10) DefNew: 2688K(2688K)->255K(2688K) Eden: 2432K(2432K)->0K(2432K) From: 256K(256K)->255K(256K)
[0.241s][info][gc,heap        ] GC(10) Tenured: 4512K(5768K)->5755K(5768K)
[0.241s][info][gc,metaspace   ] GC(10) Metaspace: 6300K(6464K)->6300K(6464K) NonClass: 5766K(5824K)->5766K(5824K) Class: 533K(640K)->533K(640K)
[0.241s][info][gc             ] GC(10) Pause Young (Allocation Failure) 7M->5M(8M) 2.628ms
[0.241s][info][gc,cpu         ] GC(10) User=0.00s Sys=0.00s Real=0.00s
[0.243s][info][gc,start       ] GC(11) Pause Young (Allocation Failure)
[0.246s][info][gc             ] GC(11) Pause Young (Allocation Failure) 8M->7M(9M) 2.875ms
[0.246s][info][gc,cpu         ] GC(11) User=0.00s Sys=0.00s Real=0.00s
[0.246s][info][gc,start       ] GC(12) Pause Full (Allocation Failure)
[0.246s][info][gc,phases,start] GC(12) Phase 1: Mark live objects
[0.250s][info][gc,phases      ] GC(12) Phase 1: Mark live objects 3.564ms
[0.250s][info][gc,phases,start] GC(12) Phase 2: Compute new object addresses
[0.251s][info][gc,phases      ] GC(12) Phase 2: Compute new object addresses 1.219ms
[0.251s][info][gc,phases,start] GC(12) Phase 3: Adjust pointers
[0.253s][info][gc,phases      ] GC(12) Phase 3: Adjust pointers 1.788ms
[0.253s][info][gc,phases,start] GC(12) Phase 4: Move objects
[0.254s][info][gc,phases      ] GC(12) Phase 4: Move objects 1.209ms
[0.254s][info][gc,heap        ] GC(12) DefNew: 2687K(2688K)->0K(5376K) Eden: 2432K(2432K)->0K(4800K) From: 255K(256K)->0K(576K)
[0.254s][info][gc,heap        ] GC(12) Tenured: 5755K(5768K)->7132K(11888K)
[0.254s][info][gc,metaspace   ] GC(12) Metaspace: 6300K(6464K)->6300K(6464K) NonClass: 5766K(5824K)->5766K(5824K) Class: 533K(640K)->533K(640K)
[0.254s][info][gc             ] GC(12) Pause Full (Allocation Failure) 7M->6M(16M) 8.290ms
[0.254s][info][gc,cpu         ] GC(12) User=0.00s Sys=0.00s Real=0.01s
[0.261s][info][gc,start       ] GC(13) Pause Young (Allocation Failure)
[0.266s][info][gc,heap        ] GC(13) DefNew: 4800K(5376K)->575K(5376K) Eden: 4800K(4800K)->0K(4800K) From: 0K(576K)->575K(576K)
[0.266s][info][gc,heap        ] GC(13) Tenured: 7132K(11888K)->9027K(11888K)
[0.266s][info][gc,metaspace   ] GC(13) Metaspace: 6300K(6464K)->6300K(6464K) NonClass: 5766K(5824K)->5766K(5824K) Class: 533K(640K)->533K(640K)
[0.266s][info][gc             ] GC(13) Pause Young (Allocation Failure) 11M->9M(16M) 5.557ms
[0.266s][info][gc,cpu         ] GC(13) User=0.00s Sys=0.00s Real=0.00s
[0.272s][info][gc,start       ] GC(14) Pause Young (Allocation Failure)
[0.278s][info][gc,heap        ] GC(14) DefNew: 5375K(5376K)->576K(5376K) Eden: 4800K(4800K)->0K(4800K) From: 575K(576K)->576K(576K)
[0.278s][info][gc,heap        ] GC(14) Tenured: 9027K(11888K)->11746K(11888K)
[0.278s][info][gc,metaspace   ] GC(14) Metaspace: 6300K(6464K)->6300K(6464K) NonClass: 5766K(5824K)->5766K(5824K) Class: 533K(640K)->533K(640K)
[0.278s][info][gc             ] GC(14) Pause Young (Allocation Failure) 14M->12M(16M) 5.920ms
[0.278s][info][gc,cpu         ] GC(14) User=0.00s Sys=0.00s Real=0.01s
[0.282s][info][gc,start       ] GC(15) Pause Young (Allocation Failure)
[0.288s][info][gc             ] GC(15) Pause Young (Allocation Failure) 16M->14M(19M) 5.664ms
[0.288s][info][gc,cpu         ] GC(15) User=0.00s Sys=0.00s Real=0.01s
[0.288s][info][gc,start       ] GC(16) Pause Full (Allocation Failure)
[0.288s][info][gc,phases,start] GC(16) Phase 1: Mark live objects
[0.295s][info][gc,phases      ] GC(16) Phase 1: Mark live objects 7.158ms
[0.295s][info][gc,phases,start] GC(16) Phase 2: Compute new object addresses
[0.298s][info][gc,phases      ] GC(16) Phase 2: Compute new object addresses 2.284ms
[0.298s][info][gc,phases,start] GC(16) Phase 3: Adjust pointers
[0.301s][info][gc,phases      ] GC(16) Phase 3: Adjust pointers 2.919ms
[0.301s][info][gc,phases,start] GC(16) Phase 4: Move objects
[0.301s][info][gc,phases      ] GC(16) Phase 4: Move objects 0.167ms
[0.301s][info][gc,heap        ] GC(16) DefNew: 5376K(5376K)->407K(10880K) Eden: 4800K(4800K)->407K(9728K) From: 576K(576K)->0K(1152K)
[0.301s][info][gc,heap        ] GC(16) Tenured: 11746K(11888K)->14383K(23976K)
[0.301s][info][gc,metaspace   ] GC(16) Metaspace: 6302K(6464K)->6302K(6464K) NonClass: 5768K(5824K)->5768K(5824K) Class: 533K(640K)->533K(640K)
[0.301s][info][gc             ] GC(16) Pause Full (Allocation Failure) 14M->14M(34M) 12.895ms
[0.301s][info][gc,cpu         ] GC(16) User=0.02s Sys=0.00s Real=0.01s
[0.309s][info][gc,start       ] GC(17) Pause Young (Allocation Failure)
[0.322s][info][gc,heap        ] GC(17) DefNew: 9728K(10880K)->1151K(10880K) Eden: 9728K(9728K)->0K(9728K) From: 0K(1152K)->1151K(1152K)
[0.322s][info][gc,heap        ] GC(17) Tenured: 14383K(23976K)->18405K(23976K)
[0.322s][info][gc,metaspace   ] GC(17) Metaspace: 6302K(6464K)->6302K(6464K) NonClass: 5768K(5824K)->5768K(5824K) Class: 533K(640K)->533K(640K)
[0.322s][info][gc             ] GC(17) Pause Young (Allocation Failure) 23M->19M(34M) 12.757ms
[0.322s][info][gc,cpu         ] GC(17) User=0.00s Sys=0.00s Real=0.01s
[0.330s][info][gc,start       ] GC(18) Pause Young (Allocation Failure)
[0.343s][info][gc,heap        ] GC(18) DefNew: 10879K(10880K)->1151K(10880K) Eden: 9728K(9728K)->0K(9728K) From: 1151K(1152K)->1151K(1152K)
[0.343s][info][gc,heap        ] GC(18) Tenured: 18405K(23976K)->23928K(23976K)
[0.343s][info][gc,metaspace   ] GC(18) Metaspace: 6302K(6464K)->6302K(6464K) NonClass: 5768K(5824K)->5768K(5824K) Class: 533K(640K)->533K(640K)
[0.343s][info][gc             ] GC(18) Pause Young (Allocation Failure) 28M->24M(34M) 12.436ms
[0.343s][info][gc,cpu         ] GC(18) User=0.00s Sys=0.00s Real=0.01s
[0.348s][info][gc,start       ] GC(19) Pause Young (Allocation Failure)
[0.360s][info][gc             ] GC(19) Pause Young (Allocation Failure) 33M->29M(38M) 11.255ms
[0.360s][info][gc,cpu         ] GC(19) User=0.00s Sys=0.00s Real=0.01s
[0.360s][info][gc,start       ] GC(20) Pause Full (Allocation Failure)
[0.360s][info][gc,phases,start] GC(20) Phase 1: Mark live objects
[0.373s][info][gc,phases      ] GC(20) Phase 1: Mark live objects 13.505ms
[0.373s][info][gc,phases,start] GC(20) Phase 2: Compute new object addresses
[0.378s][info][gc,phases      ] GC(20) Phase 2: Compute new object addresses 4.556ms
[0.378s][info][gc,phases,start] GC(20) Phase 3: Adjust pointers
[0.383s][info][gc,phases      ] GC(20) Phase 3: Adjust pointers 5.197ms
[0.383s][info][gc,phases,start] GC(20) Phase 4: Move objects
[0.383s][info][gc,phases      ] GC(20) Phase 4: Move objects 0.167ms
[0.383s][info][gc,heap        ] GC(20) DefNew: 10879K(10880K)->1070K(21888K) Eden: 9728K(9728K)->1070K(19520K) From: 1151K(1152K)->0K(2368K)
[0.383s][info][gc,heap        ] GC(20) Tenured: 23928K(23976K)->29035K(48396K)
[0.383s][info][gc,metaspace   ] GC(20) Metaspace: 6302K(6464K)->6302K(6464K) NonClass: 5768K(5824K)->5768K(5824K) Class: 533K(640K)->533K(640K)
[0.383s][info][gc             ] GC(20) Pause Full (Allocation Failure) 29M->29M(68M) 23.820ms
[0.383s][info][gc,cpu         ] GC(20) User=0.03s Sys=0.00s Real=0.02s
[0.399s][info][gc,start       ] GC(21) Pause Young (Allocation Failure)
[0.427s][info][gc,heap        ] GC(21) DefNew: 19520K(21888K)->2368K(21888K) Eden: 19520K(19520K)->0K(19520K) From: 0K(2368K)->2368K(2368K)
[0.427s][info][gc,heap        ] GC(21) Tenured: 29035K(48396K)->39330K(48396K)
[0.427s][info][gc,metaspace   ] GC(21) Metaspace: 6302K(6464K)->6302K(6464K) NonClass: 5768K(5824K)->5768K(5824K) Class: 533K(640K)->533K(640K)
[0.427s][info][gc             ] GC(21) Pause Young (Allocation Failure) 47M->40M(68M) 27.732ms
[0.427s][info][gc,cpu         ] GC(21) User=0.02s Sys=0.00s Real=0.03s
[0.445s][info][gc,start       ] GC(22) Pause Young (Allocation Failure)
[0.481s][info][gc             ] GC(22) Pause Young (Allocation Failure) 59M->59M(78M) 35.373ms
[0.481s][info][gc,cpu         ] GC(22) User=0.03s Sys=0.00s Real=0.03s
[0.481s][info][gc,start       ] GC(23) Pause Full (Allocation Failure)
[0.481s][info][gc,phases,start] GC(23) Phase 1: Mark live objects
[0.506s][info][gc,phases      ] GC(23) Phase 1: Mark live objects 25.538ms
[0.506s][info][gc,phases,start] GC(23) Phase 2: Compute new object addresses
[0.515s][info][gc,phases      ] GC(23) Phase 2: Compute new object addresses 9.116ms
[0.515s][info][gc,phases,start] GC(23) Phase 3: Adjust pointers
[0.526s][info][gc,phases      ] GC(23) Phase 3: Adjust pointers 10.322ms
[0.526s][info][gc,phases,start] GC(23) Phase 4: Move objects
[0.526s][info][gc,phases      ] GC(23) Phase 4: Move objects 0.379ms
[0.526s][info][gc,heap        ] GC(23) DefNew: 21888K(21888K)->2233K(44288K) Eden: 19520K(19520K)->2233K(39424K) From: 2368K(2368K)->0K(4864K)
[0.526s][info][gc,heap        ] GC(23) Tenured: 39330K(48396K)->58955K(98260K)
[0.526s][info][gc,metaspace   ] GC(23) Metaspace: 6302K(6464K)->6302K(6464K) NonClass: 5768K(5824K)->5768K(5824K) Class: 533K(640K)->533K(640K)
[0.527s][info][gc             ] GC(23) Pause Full (Allocation Failure) 59M->59M(139M) 45.916ms
[0.527s][info][gc,cpu         ] GC(23) User=0.03s Sys=0.00s Real=0.05s
[0.568s][info][gc,start       ] GC(24) Pause Young (Allocation Failure)
[0.630s][info][gc,heap        ] GC(24) DefNew: 39424K(44288K)->4863K(44288K) Eden: 39424K(39424K)->0K(39424K) From: 0K(4864K)->4863K(4864K)
[0.630s][info][gc,heap        ] GC(24) Tenured: 58955K(98260K)->93488K(98260K)
[0.630s][info][gc,metaspace   ] GC(24) Metaspace: 6302K(6464K)->6302K(6464K) NonClass: 5768K(5824K)->5768K(5824K) Class: 533K(640K)->533K(640K)
[0.630s][info][gc             ] GC(24) Pause Young (Allocation Failure) 96M->96M(139M) 61.728ms
[0.630s][info][gc,cpu         ] GC(24) User=0.03s Sys=0.02s Real=0.06s
[0.662s][info][gc,start       ] GC(25) Pause Young (Allocation Failure)
[0.732s][info][gc             ] GC(25) Pause Young (Allocation Failure) 134M->134M(173M) 70.093ms
[0.732s][info][gc,cpu         ] GC(25) User=0.05s Sys=0.00s Real=0.07s
[0.732s][info][gc,start       ] GC(26) Pause Full (Allocation Failure)
[0.732s][info][gc,phases,start] GC(26) Phase 1: Mark live objects
[0.787s][info][gc,phases      ] GC(26) Phase 1: Mark live objects 55.084ms
[0.787s][info][gc,phases,start] GC(26) Phase 2: Compute new object addresses
[0.808s][info][gc,phases      ] GC(26) Phase 2: Compute new object addresses 20.680ms
[0.808s][info][gc,phases,start] GC(26) Phase 3: Adjust pointers
[0.834s][info][gc,phases      ] GC(26) Phase 3: Adjust pointers 26.052ms
[0.834s][info][gc,phases,start] GC(26) Phase 4: Move objects
[0.859s][info][gc,phases      ] GC(26) Phase 4: Move objects 25.305ms
[0.860s][info][gc,heap        ] GC(26) DefNew: 44287K(44288K)->1017K(99712K) Eden: 39424K(39424K)->1017K(88640K) From: 4863K(4864K)->0K(11072K)
[0.860s][info][gc,heap        ] GC(26) Tenured: 93488K(98260K)->132887K(221480K)
[0.860s][info][gc,metaspace   ] GC(26) Metaspace: 6302K(6464K)->6302K(6464K) NonClass: 5768K(5824K)->5768K(5824K) Class: 533K(640K)->533K(640K)
[0.860s][info][gc             ] GC(26) Pause Full (Allocation Failure) 134M->130M(313M) 127.929ms
[0.860s][info][gc,cpu         ] GC(26) User=0.11s Sys=0.00s Real=0.13s
[0.951s][info][gc,start       ] GC(27) Pause Young (Allocation Failure)
[1.101s][info][gc,heap        ] GC(27) DefNew: 88640K(99712K)->11071K(99712K) Eden: 88640K(88640K)->0K(88640K) From: 0K(11072K)->11071K(11072K)
[1.101s][info][gc,heap        ] GC(27) Tenured: 132887K(221480K)->210423K(221480K)
[1.101s][info][gc,metaspace   ] GC(27) Metaspace: 6302K(6464K)->6302K(6464K) NonClass: 5768K(5824K)->5768K(5824K) Class: 533K(640K)->533K(640K)
[1.101s][info][gc             ] GC(27) Pause Young (Allocation Failure) 216M->216M(313M) 149.437ms
[1.101s][info][gc,cpu         ] GC(27) User=0.11s Sys=0.03s Real=0.15s
[1.182s][info][gc,start       ] GC(28) Pause Young (Allocation Failure)
[1.343s][info][gc             ] GC(28) Pause Young (Allocation Failure) 302M->302M(389M) 160.882ms
[1.343s][info][gc,cpu         ] GC(28) User=0.16s Sys=0.02s Real=0.16s
[1.343s][info][gc,start       ] GC(29) Pause Full (Allocation Failure)
[1.343s][info][gc,phases,start] GC(29) Phase 1: Mark live objects
[1.477s][info][gc,phases      ] GC(29) Phase 1: Mark live objects 134.070ms
[1.477s][info][gc,phases,start] GC(29) Phase 2: Compute new object addresses
[1.526s][info][gc,phases      ] GC(29) Phase 2: Compute new object addresses 49.137ms
[1.526s][info][gc,phases,start] GC(29) Phase 3: Adjust pointers
[1.585s][info][gc,phases      ] GC(29) Phase 3: Adjust pointers 59.208ms
[1.585s][info][gc,phases,start] GC(29) Phase 4: Move objects
[1.588s][info][gc,phases      ] GC(29) Phase 4: Move objects 2.299ms
[1.589s][info][gc,heap        ] GC(29) DefNew: 99711K(99712K)->10921K(224448K) Eden: 88640K(88640K)->10921K(199552K) From: 11071K(11072K)->0K(24896K)
[1.589s][info][gc,heap        ] GC(29) Tenured: 210423K(221480K)->299179K(498636K)
[1.589s][info][gc,metaspace   ] GC(29) Metaspace: 6302K(6464K)->6302K(6464K) NonClass: 5768K(5824K)->5768K(5824K) Class: 533K(640K)->533K(640K)
[1.589s][info][gc             ] GC(29) Pause Full (Allocation Failure) 302M->302M(706M) 245.936ms
[1.589s][info][gc,cpu         ] GC(29) User=0.22s Sys=0.00s Real=0.25s
[1.796s][info][gc,start       ] GC(30) Pause Young (Allocation Failure)
[2.120s][info][gc,heap        ] GC(30) DefNew: 199552K(224448K)->24895K(224448K) Eden: 199552K(199552K)->0K(199552K) From: 0K(24896K)->24895K(24896K)
[2.120s][info][gc,heap        ] GC(30) Tenured: 299179K(498636K)->473809K(498636K)
[2.120s][info][gc,metaspace   ] GC(30) Metaspace: 6302K(6464K)->6302K(6464K) NonClass: 5768K(5824K)->5768K(5824K) Class: 533K(640K)->533K(640K)
[2.120s][info][gc             ] GC(30) Pause Young (Allocation Failure) 487M->487M(706M) 324.573ms
[2.120s][info][gc,cpu         ] GC(30) User=0.28s Sys=0.02s Real=0.33s
[2.298s][info][gc,start       ] GC(31) Pause Young (Allocation Failure)
[2.665s][info][gc             ] GC(31) Pause Young (Allocation Failure) 681M->681M(876M) 367.470ms
[2.666s][info][gc,cpu         ] GC(31) User=0.34s Sys=0.00s Real=0.37s
[2.666s][info][gc,start       ] GC(32) Pause Full (Allocation Failure)
[2.666s][info][gc,phases,start] GC(32) Phase 1: Mark live objects
[2.968s][info][gc,phases      ] GC(32) Phase 1: Mark live objects 302.910ms
[2.969s][info][gc,phases,start] GC(32) Phase 2: Compute new object addresses
[3.073s][info][gc,phases      ] GC(32) Phase 2: Compute new object addresses 104.416ms
[3.073s][info][gc,phases,start] GC(32) Phase 3: Adjust pointers
[3.188s][info][gc,phases      ] GC(32) Phase 3: Adjust pointers 114.727ms
[3.188s][info][gc,phases,start] GC(32) Phase 4: Move objects
[3.193s][info][gc,phases      ] GC(32) Phase 4: Move objects 5.062ms
[3.195s][info][gc,heap        ] GC(32) DefNew: 224447K(224448K)->24869K(505088K) Eden: 199552K(199552K)->24869K(449024K) From: 24895K(24896K)->0K(56064K)
[3.195s][info][gc,heap        ] GC(32) Tenured: 473809K(498636K)->673355K(1122260K)
[3.195s][info][gc,metaspace   ] GC(32) Metaspace: 6302K(6464K)->6302K(6464K) NonClass: 5768K(5824K)->5768K(5824K) Class: 533K(640K)->533K(640K)
[3.195s][info][gc             ] GC(32) Pause Full (Allocation Failure) 681M->681M(1589M) 529.338ms
[3.195s][info][gc,cpu         ] GC(32) User=0.53s Sys=0.00s Real=0.53s
[3.651s][info][gc,start       ] GC(33) Pause Young (Allocation Failure)
[4.412s][info][gc,heap        ] GC(33) DefNew: 449024K(505088K)->56064K(505088K) Eden: 449024K(449024K)->0K(449024K) From: 0K(56064K)->56064K(56064K)
[4.412s][info][gc,heap        ] GC(33) Tenured: 673355K(1122260K)->1066290K(1122260K)
[4.412s][info][gc,metaspace   ] GC(33) Metaspace: 6302K(6464K)->6302K(6464K) NonClass: 5768K(5824K)->5768K(5824K) Class: 533K(640K)->533K(640K)
[4.412s][info][gc             ] GC(33) Pause Young (Allocation Failure) 1096M->1096M(1589M) 761.144ms
[4.412s][info][gc,cpu         ] GC(33) User=0.69s Sys=0.08s Real=0.76s
[4.870s][info][gc,start       ] GC(34) Pause Young (Allocation Failure)
[4.870s][info][gc             ] GC(34) Pause Young (Allocation Failure) 1534M->1534M(1589M) 0.120ms
[4.870s][info][gc,cpu         ] GC(34) User=0.00s Sys=0.00s Real=0.00s
[4.870s][info][gc,start       ] GC(35) Pause Full (Allocation Failure)
[4.870s][info][gc,phases,start] GC(35) Phase 1: Mark live objects
[5.580s][info][gc,phases      ] GC(35) Phase 1: Mark live objects 709.735ms
[5.580s][info][gc,phases,start] GC(35) Phase 2: Compute new object addresses
[5.823s][info][gc,phases      ] GC(35) Phase 2: Compute new object addresses 242.912ms
[5.823s][info][gc,phases,start] GC(35) Phase 3: Adjust pointers
[6.160s][info][gc,phases      ] GC(35) Phase 3: Adjust pointers 337.217ms
[6.160s][info][gc,phases,start] GC(35) Phase 4: Move objects
[6.259s][info][gc,phases      ] GC(35) Phase 4: Move objects 98.499ms
[6.259s][info][gc,heap        ] GC(35) DefNew: 505088K(505088K)->394690K(552960K) Eden: 449024K(449024K)->394690K(491520K) From: 56064K(56064K)->0K(61440K)
[6.260s][info][gc,heap        ] GC(35) Tenured: 1066290K(1122260K)->1122259K(1228800K)
[6.260s][info][gc,metaspace   ] GC(35) Metaspace: 6302K(6464K)->6302K(6464K) NonClass: 5768K(5824K)->5768K(5824K) Class: 533K(640K)->533K(640K)
[6.260s][info][gc             ] GC(35) Pause Full (Allocation Failure) 1534M->1481M(1740M) 1389.512ms
[6.260s][info][gc,cpu         ] GC(35) User=1.30s Sys=0.00s Real=1.39s
[6.912s][info][gc,start       ] GC(36) Pause Full (Allocation Failure)
[6.912s][info][gc,phases,start] GC(36) Phase 1: Mark live objects
[7.760s][info][gc,phases      ] GC(36) Phase 1: Mark live objects 847.818ms
[7.760s][info][gc,phases,start] GC(36) Phase 2: Compute new object addresses
[8.010s][info][gc,phases      ] GC(36) Phase 2: Compute new object addresses 250.263ms
[8.010s][info][gc,phases,start] GC(36) Phase 3: Adjust pointers
[8.412s][info][gc,phases      ] GC(36) Phase 3: Adjust pointers 401.156ms
[8.412s][info][gc,phases,start] GC(36) Phase 4: Move objects
[8.722s][info][gc,phases      ] GC(36) Phase 4: Move objects 310.381ms
[8.722s][info][gc,heap        ] GC(36) DefNew: 552959K(552960K)->524280K(552960K) Eden: 491520K(491520K)->491519K(491520K) From: 61439K(61440K)->32760K(61440K)
[8.722s][info][gc,heap        ] GC(36) Tenured: 1228800K(1228800K)->1228800K(1228800K)
[8.722s][info][gc,metaspace   ] GC(36) Metaspace: 6302K(6464K)->6302K(6464K) NonClass: 5768K(5824K)->5768K(5824K) Class: 533K(640K)->533K(640K)
[8.722s][info][gc             ] GC(36) Pause Full (Allocation Failure) 1739M->1711M(1740M) 1810.354ms
[8.722s][info][gc,cpu         ] GC(36) User=1.75s Sys=0.00s Real=1.81s
[8.806s][info][gc,start       ] GC(37) Pause Full (Allocation Failure)
[8.806s][info][gc,phases,start] GC(37) Phase 1: Mark live objects
[9.606s][info][gc,phases      ] GC(37) Phase 1: Mark live objects 799.205ms
[9.606s][info][gc,phases,start] GC(37) Phase 2: Compute new object addresses
[9.858s][info][gc,phases      ] GC(37) Phase 2: Compute new object addresses 251.923ms
[9.858s][info][gc,phases,start] GC(37) Phase 3: Adjust pointers
[10.188s][info][gc,phases      ] GC(37) Phase 3: Adjust pointers 330.007ms
[10.188s][info][gc,phases,start] GC(37) Phase 4: Move objects
[10.188s][info][gc,phases      ] GC(37) Phase 4: Move objects 0.016ms
[10.188s][info][gc,heap        ] GC(37) DefNew: 552959K(552960K)->552959K(552960K) Eden: 491519K(491520K)->491519K(491520K) From: 61439K(61440K)->61439K(61440K)
[10.188s][info][gc,heap        ] GC(37) Tenured: 1228800K(1228800K)->1228800K(1228800K)
[10.188s][info][gc,metaspace   ] GC(37) Metaspace: 6302K(6464K)->6302K(6464K) NonClass: 5768K(5824K)->5768K(5824K) Class: 533K(640K)->533K(640K)
[10.188s][info][gc             ] GC(37) Pause Full (Allocation Failure) 1739M->1739M(1740M) 1381.721ms
[10.188s][info][gc,cpu         ] GC(37) User=1.34s Sys=0.00s Real=1.38s
[10.188s][info][gc,start       ] GC(38) Pause Full (Allocation Failure)
[10.188s][info][gc,phases,start] GC(38) Phase 1: Mark live objects
[10.989s][info][gc,phases      ] GC(38) Phase 1: Mark live objects 801.012ms
[10.989s][info][gc,phases,start] GC(38) Phase 2: Compute new object addresses
[11.239s][info][gc,phases      ] GC(38) Phase 2: Compute new object addresses 249.789ms
[11.239s][info][gc,phases,start] GC(38) Phase 3: Adjust pointers
[11.640s][info][gc,phases      ] GC(38) Phase 3: Adjust pointers 401.151ms
[11.640s][info][gc,phases,start] GC(38) Phase 4: Move objects
[11.924s][info][gc,phases      ] GC(38) Phase 4: Move objects 283.721ms
[11.924s][info][gc,heap        ] GC(38) DefNew: 552959K(552960K)->552955K(552960K) Eden: 491519K(491520K)->491519K(491520K) From: 61439K(61440K)->61435K(61440K)
[11.924s][info][gc,heap        ] GC(38) Tenured: 1228800K(1228800K)->1228799K(1228800K)
[11.924s][info][gc,metaspace   ] GC(38) Metaspace: 6302K(6464K)->6300K(6464K) NonClass: 5768K(5824K)->5767K(5824K) Class: 533K(640K)->532K(640K)
[11.924s][info][gc             ] GC(38) Pause Full (Allocation Failure) 1739M->1739M(1740M) 1736.430ms
[11.924s][info][gc,cpu         ] GC(38) User=1.73s Sys=0.00s Real=1.74s
[11.925s][info][gc,start       ] GC(39) Pause Full (Allocation Failure)
[11.925s][info][gc,phases,start] GC(39) Phase 1: Mark live objects
[12.719s][info][gc,phases      ] GC(39) Phase 1: Mark live objects 793.762ms
[12.719s][info][gc,phases,start] GC(39) Phase 2: Compute new object addresses
[12.969s][info][gc,phases      ] GC(39) Phase 2: Compute new object addresses 250.143ms
[12.969s][info][gc,phases,start] GC(39) Phase 3: Adjust pointers
[13.300s][info][gc,phases      ] GC(39) Phase 3: Adjust pointers 331.142ms
[13.300s][info][gc,phases,start] GC(39) Phase 4: Move objects
[13.300s][info][gc,phases      ] GC(39) Phase 4: Move objects 0.016ms
[13.300s][info][gc,heap        ] GC(39) DefNew: 552959K(552960K)->552959K(552960K) Eden: 491520K(491520K)->491520K(491520K) From: 61439K(61440K)->61439K(61440K)
[13.300s][info][gc,heap        ] GC(39) Tenured: 1228799K(1228800K)->1228799K(1228800K)
[13.300s][info][gc,metaspace   ] GC(39) Metaspace: 6300K(6464K)->6300K(6464K) NonClass: 5767K(5824K)->5767K(5824K) Class: 532K(640K)->532K(640K)
[13.300s][info][gc             ] GC(39) Pause Full (Allocation Failure) 1739M->1739M(1740M) 1375.563ms
[13.300s][info][gc,cpu         ] GC(39) User=1.36s Sys=0.00s Real=1.38s
[13.300s][info][gc,start       ] GC(40) Pause Full (Allocation Failure)
[13.300s][info][gc,phases,start] GC(40) Phase 1: Mark live objects
[14.094s][info][gc,phases      ] GC(40) Phase 1: Mark live objects 793.428ms
[14.094s][info][gc,phases,start] GC(40) Phase 2: Compute new object addresses
[14.344s][info][gc,phases      ] GC(40) Phase 2: Compute new object addresses 249.684ms
[14.344s][info][gc,phases,start] GC(40) Phase 3: Adjust pointers
[14.674s][info][gc,phases      ] GC(40) Phase 3: Adjust pointers 329.981ms
[14.674s][info][gc,phases,start] GC(40) Phase 4: Move objects
[14.674s][info][gc,phases      ] GC(40) Phase 4: Move objects 0.015ms
[14.674s][info][gc,heap        ] GC(40) DefNew: 552959K(552960K)->552959K(552960K) Eden: 491520K(491520K)->491520K(491520K) From: 61439K(61440K)->61439K(61440K)
[14.674s][info][gc,heap        ] GC(40) Tenured: 1228799K(1228800K)->1228799K(1228800K)
[14.674s][info][gc,metaspace   ] GC(40) Metaspace: 6300K(6464K)->6300K(6464K) NonClass: 5767K(5824K)->5767K(5824K) Class: 532K(640K)->532K(640K)
[14.674s][info][gc             ] GC(40) Pause Full (Allocation Failure) 1739M->1739M(1740M) 1373.562ms
[14.674s][info][gc,cpu         ] GC(40) User=1.38s Sys=0.00s Real=1.37s
[14.675s][info][gc,start       ] GC(41) Pause Full (Allocation Failure)
[14.675s][info][gc,phases,start] GC(41) Phase 1: Mark live objects
[15.470s][info][gc,phases      ] GC(41) Phase 1: Mark live objects 795.695ms
[15.470s][info][gc,phases,start] GC(41) Phase 2: Compute new object addresses
[15.721s][info][gc,phases      ] GC(41) Phase 2: Compute new object addresses 250.354ms
[15.721s][info][gc,phases,start] GC(41) Phase 3: Adjust pointers
[16.052s][info][gc,phases      ] GC(41) Phase 3: Adjust pointers 331.021ms
[16.052s][info][gc,phases,start] GC(41) Phase 4: Move objects
[16.052s][info][gc,phases      ] GC(41) Phase 4: Move objects 0.016ms
[16.052s][info][gc,heap        ] GC(41) DefNew: 552959K(552960K)->552959K(552960K) Eden: 491520K(491520K)->491520K(491520K) From: 61439K(61440K)->61439K(61440K)
[16.052s][info][gc,heap        ] GC(41) Tenured: 1228799K(1228800K)->1228799K(1228800K)
[16.052s][info][gc,metaspace   ] GC(41) Metaspace: 6300K(6464K)->6300K(6464K) NonClass: 5767K(5824K)->5767K(5824K) Class: 532K(640K)->532K(640K)
[16.052s][info][gc             ] GC(41) Pause Full (Allocation Failure) 1739M->1739M(1740M) 1377.606ms
[16.052s][info][gc,cpu         ] GC(41) User=1.38s Sys=0.00s Real=1.38s
[16.052s][info][gc,start       ] GC(42) Pause Full (Allocation Failure)
[16.052s][info][gc,phases,start] GC(42) Phase 1: Mark live objects
[16.848s][info][gc,phases      ] GC(42) Phase 1: Mark live objects 795.645ms
[16.848s][info][gc,phases,start] GC(42) Phase 2: Compute new object addresses
[17.101s][info][gc,phases      ] GC(42) Phase 2: Compute new object addresses 253.095ms
[17.101s][info][gc,phases,start] GC(42) Phase 3: Adjust pointers
[17.505s][info][gc,phases      ] GC(42) Phase 3: Adjust pointers 403.793ms
[17.505s][info][gc,phases,start] GC(42) Phase 4: Move objects
[17.782s][info][gc,phases      ] GC(42) Phase 4: Move objects 277.332ms
[17.783s][info][gc,heap        ] GC(42) DefNew: 552959K(552960K)->552958K(552960K) Eden: 491520K(491520K)->491520K(491520K) From: 61439K(61440K)->61438K(61440K)
[17.783s][info][gc,heap        ] GC(42) Tenured: 1228799K(1228800K)->1228799K(1228800K)
[17.783s][info][gc,metaspace   ] GC(42) Metaspace: 6300K(6464K)->6300K(6464K) NonClass: 5767K(5824K)->5767K(5824K) Class: 532K(640K)->532K(640K)
[17.783s][info][gc             ] GC(42) Pause Full (Allocation Failure) 1739M->1739M(1740M) 1730.692ms
[17.783s][info][gc,cpu         ] GC(42) User=1.73s Sys=0.00s Real=1.73s
[17.784s][info][gc,start       ] GC(43) Pause Full (Allocation Failure)
[17.784s][info][gc,phases,start] GC(43) Phase 1: Mark live objects
[18.586s][info][gc,phases      ] GC(43) Phase 1: Mark live objects 801.645ms
[18.586s][info][gc,phases,start] GC(43) Phase 2: Compute new object addresses
[18.837s][info][gc,phases      ] GC(43) Phase 2: Compute new object addresses 250.755ms
[18.837s][info][gc,phases,start] GC(43) Phase 3: Adjust pointers
[19.168s][info][gc,phases      ] GC(43) Phase 3: Adjust pointers 331.418ms
[19.168s][info][gc,phases,start] GC(43) Phase 4: Move objects
[19.168s][info][gc,phases      ] GC(43) Phase 4: Move objects 0.017ms
[19.168s][info][gc,heap        ] GC(43) DefNew: 552959K(552960K)->552959K(552960K) Eden: 491520K(491520K)->491520K(491520K) From: 61439K(61440K)->61439K(61440K)
[19.168s][info][gc,heap        ] GC(43) Tenured: 1228799K(1228800K)->1228799K(1228800K)
[19.168s][info][gc,metaspace   ] GC(43) Metaspace: 6302K(6528K)->6302K(6528K) NonClass: 5768K(5888K)->5768K(5888K) Class: 533K(640K)->533K(640K)
[19.168s][info][gc             ] GC(43) Pause Full (Allocation Failure) 1739M->1739M(1740M) 1384.356ms
[19.168s][info][gc,cpu         ] GC(43) User=1.36s Sys=0.00s Real=1.38s
[19.169s][info][gc,heap,exit   ] Heap
[19.169s][info][gc,heap,exit   ]  def new generation   total 552960K, used 552959K [0x000000008f800000, 0x00000000b5000000, 0x00000000b5000000)
[19.169s][info][gc,heap,exit   ]   eden space 491520K, 100% used [0x000000008f800000, 0x00000000ad800000, 0x00000000ad800000)
[19.169s][info][gc,heap,exit   ]   from space 61440K,  99% used [0x00000000ad800000, 0x00000000b13fff98, 0x00000000b1400000)
[19.169s][info][gc,heap,exit   ]   to   space 61440K,   0% used [0x00000000b1400000, 0x00000000b1400000, 0x00000000b5000000)
[19.169s][info][gc,heap,exit   ]  tenured generation   total 1228800K, used 1228799K [0x00000000b5000000, 0x0000000100000000, 0x0000000100000000)
[19.169s][info][gc,heap,exit   ]    the space 1228800K,  99% used [0x00000000b5000000, 0x00000000ffffff90, 0x0000000100000000, 0x0000000100000000)
[19.169s][info][gc,heap,exit   ]  Metaspace       used 6305K, committed 6528K, reserved 1114112K
[19.169s][info][gc,heap,exit   ]   class space    used 534K, committed 640K, reserved 1048576K
