[0.013s][info][gc,init] CardTable entry size: 512
[0.013s][info][gc     ] Using Serial
[0.013s][info][gc,init] Version: 18.0.1+10 (release)
[0.013s][info][gc,init] CPUs: 8 total, 8 available
[0.013s][info][gc,init] Memory: 16063M
[0.013s][info][gc,init] Large Page Support: Disabled
[0.013s][info][gc,init] NUMA Support: Disabled
[0.013s][info][gc,init] Compressed Oops: Enabled (32-bit)
[0.013s][info][gc,init] Heap Min Capacity: 2M
[0.013s][info][gc,init] Heap Initial Capacity: 2M
[0.013s][info][gc,init] Heap Max Capacity: 1700M
[0.014s][info][gc,init] Pre-touch: Disabled
[0.014s][info][gc,metaspace] CDS archive(s) not mapped
[0.014s][info][gc,metaspace] Compressed class space mapped at: 0x0000000100000000-0x0000000140000000, reserved size: 1073741824
[0.014s][info][gc,metaspace] Narrow klass base: 0x0000000000000000, Narrow klass shift: 3, Narrow klass range: 0x140000000
[0.181s][info][gc,start    ] GC(0) Pause Young (Allocation Failure)
[0.183s][info][gc,heap     ] GC(0) DefNew: 1023K(1152K)->127K(1152K) Eden: 1023K(1024K)->0K(1024K) From: 0K(128K)->127K(128K)
[0.183s][info][gc,heap     ] GC(0) Tenured: 0K(768K)->440K(768K)
[0.183s][info][gc,metaspace] GC(0) Metaspace: 5900K(6016K)->5900K(6016K) NonClass: 5400K(5504K)->5400K(5504K) Class: 499K(512K)->499K(512K)
[0.183s][info][gc          ] GC(0) Pause Young (Allocation Failure) 0M->0M(1M) 1.819ms
[0.183s][info][gc,cpu      ] GC(0) User=0.00s Sys=0.00s Real=0.00s
[0.202s][info][gc,start    ] GC(1) Pause Young (Allocation Failure)
[0.204s][info][gc          ] GC(1) Pause Young (Allocation Failure) 1M->0M(2M) 1.294ms
[0.204s][info][gc,cpu      ] GC(1) User=0.00s Sys=0.00s Real=0.00s
[0.204s][info][gc,start    ] GC(2) Pause Full (Allocation Failure)
[0.204s][info][gc,phases,start] GC(2) Phase 1: Mark live objects
[0.205s][info][gc,phases      ] GC(2) Phase 1: Mark live objects 0.989ms
[0.205s][info][gc,phases,start] GC(2) Phase 2: Compute new object addresses
[0.205s][info][gc,phases      ] GC(2) Phase 2: Compute new object addresses 0.237ms
[0.205s][info][gc,phases,start] GC(2) Phase 3: Adjust pointers
[0.205s][info][gc,phases      ] GC(2) Phase 3: Adjust pointers 0.521ms
[0.205s][info][gc,phases,start] GC(2) Phase 4: Move objects
[0.206s][info][gc,phases      ] GC(2) Phase 4: Move objects 0.076ms
[0.206s][info][gc,heap        ] GC(2) DefNew: 1151K(1152K)->40K(1152K) Eden: 1024K(1024K)->40K(1024K) From: 127K(128K)->0K(128K)
[0.206s][info][gc,heap        ] GC(2) Tenured: 440K(768K)->960K(1600K)
[0.206s][info][gc,metaspace   ] GC(2) Metaspace: 6297K(6464K)->6297K(6464K) NonClass: 5764K(5824K)->5764K(5824K) Class: 533K(640K)->533K(640K)
[0.206s][info][gc             ] GC(2) Pause Full (Allocation Failure) 0M->0M(2M) 2.088ms
[0.206s][info][gc,cpu         ] GC(2) User=0.00s Sys=0.00s Real=0.00s
[0.207s][info][gc,start       ] GC(3) Pause Young (Allocation Failure)
[0.209s][info][gc,heap        ] GC(3) DefNew: 1024K(1152K)->127K(1152K) Eden: 1024K(1024K)->0K(1024K) From: 0K(128K)->127K(128K)
[0.209s][info][gc,heap        ] GC(3) Tenured: 960K(1600K)->1374K(1600K)
[0.209s][info][gc,metaspace   ] GC(3) Metaspace: 6297K(6464K)->6297K(6464K) NonClass: 5764K(5824K)->5764K(5824K) Class: 533K(640K)->533K(640K)
[0.209s][info][gc             ] GC(3) Pause Young (Allocation Failure) 1M->1M(2M) 1.610ms
[0.209s][info][gc,cpu         ] GC(3) User=0.02s Sys=0.00s Real=0.00s
[0.210s][info][gc,start       ] GC(4) Pause Young (Allocation Failure)
[0.211s][info][gc             ] GC(4) Pause Young (Allocation Failure) 2M->1M(3M) 1.248ms
[0.211s][info][gc,cpu         ] GC(4) User=0.00s Sys=0.00s Real=0.00s
[0.211s][info][gc,start       ] GC(5) Pause Full (Allocation Failure)
[0.211s][info][gc,phases,start] GC(5) Phase 1: Mark live objects
[0.213s][info][gc,phases      ] GC(5) Phase 1: Mark live objects 1.431ms
[0.213s][info][gc,phases,start] GC(5) Phase 2: Compute new object addresses
[0.213s][info][gc,phases      ] GC(5) Phase 2: Compute new object addresses 0.437ms
[0.213s][info][gc,phases,start] GC(5) Phase 3: Adjust pointers
[0.214s][info][gc,phases      ] GC(5) Phase 3: Adjust pointers 0.701ms
[0.214s][info][gc,phases,start] GC(5) Phase 4: Move objects
[0.214s][info][gc,phases      ] GC(5) Phase 4: Move objects 0.081ms
[0.214s][info][gc,heap        ] GC(5) DefNew: 1151K(1152K)->34K(1536K) Eden: 1024K(1024K)->34K(1408K) From: 127K(128K)->0K(128K)
[0.214s][info][gc,heap        ] GC(5) Tenured: 1374K(1600K)->1983K(3308K)
[0.214s][info][gc,metaspace   ] GC(5) Metaspace: 6297K(6464K)->6297K(6464K) NonClass: 5764K(5824K)->5764K(5824K) Class: 533K(640K)->533K(640K)
[0.214s][info][gc             ] GC(5) Pause Full (Allocation Failure) 1M->1M(4M) 2.975ms
[0.214s][info][gc,cpu         ] GC(5) User=0.00s Sys=0.00s Real=0.00s
[0.216s][info][gc,start       ] GC(6) Pause Young (Allocation Failure)
[0.218s][info][gc,heap        ] GC(6) DefNew: 1408K(1536K)->127K(1536K) Eden: 1408K(1408K)->0K(1408K) From: 0K(128K)->127K(128K)
[0.218s][info][gc,heap        ] GC(6) Tenured: 1983K(3308K)->2617K(3308K)
[0.218s][info][gc,metaspace   ] GC(6) Metaspace: 6297K(6464K)->6297K(6464K) NonClass: 5764K(5824K)->5764K(5824K) Class: 533K(640K)->533K(640K)
[0.218s][info][gc             ] GC(6) Pause Young (Allocation Failure) 3M->2M(4M) 1.724ms
[0.218s][info][gc,cpu         ] GC(6) User=0.00s Sys=0.00s Real=0.00s
[0.220s][info][gc,start       ] GC(7) Pause Young (Allocation Failure)
[0.221s][info][gc             ] GC(7) Pause Young (Allocation Failure) 4M->3M(4M) 1.550ms
[0.221s][info][gc,cpu         ] GC(7) User=0.00s Sys=0.00s Real=0.00s
[0.221s][info][gc,start       ] GC(8) Pause Full (Allocation Failure)
[0.221s][info][gc,phases,start] GC(8) Phase 1: Mark live objects
[0.223s][info][gc,phases      ] GC(8) Phase 1: Mark live objects 1.885ms
[0.223s][info][gc,phases,start] GC(8) Phase 2: Compute new object addresses
[0.224s][info][gc,phases      ] GC(8) Phase 2: Compute new object addresses 0.523ms
[0.224s][info][gc,phases,start] GC(8) Phase 3: Adjust pointers
[0.224s][info][gc,phases      ] GC(8) Phase 3: Adjust pointers 0.744ms
[0.224s][info][gc,phases,start] GC(8) Phase 4: Move objects
[0.225s][info][gc,phases      ] GC(8) Phase 4: Move objects 0.082ms
[0.225s][info][gc,heap        ] GC(8) DefNew: 1535K(1536K)->0K(2688K) Eden: 1408K(1408K)->0K(2432K) From: 127K(128K)->0K(256K)
[0.225s][info][gc,heap        ] GC(8) Tenured: 2617K(3308K)->3460K(5768K)
[0.225s][info][gc,metaspace   ] GC(8) Metaspace: 6297K(6464K)->6297K(6464K) NonClass: 5764K(5824K)->5764K(5824K) Class: 533K(640K)->533K(640K)
[0.225s][info][gc             ] GC(8) Pause Full (Allocation Failure) 3M->3M(8M) 3.464ms
[0.225s][info][gc,cpu         ] GC(8) User=0.00s Sys=0.00s Real=0.00s
[0.228s][info][gc,start       ] GC(9) Pause Young (Allocation Failure)
[0.230s][info][gc,heap        ] GC(9) DefNew: 2432K(2688K)->256K(2688K) Eden: 2432K(2432K)->0K(2432K) From: 0K(256K)->256K(256K)
[0.230s][info][gc,heap        ] GC(9) Tenured: 3460K(5768K)->4512K(5768K)
[0.230s][info][gc,metaspace   ] GC(9) Metaspace: 6297K(6464K)->6297K(6464K) NonClass: 5764K(5824K)->5764K(5824K) Class: 533K(640K)->533K(640K)
[0.230s][info][gc             ] GC(9) Pause Young (Allocation Failure) 5M->4M(8M) 2.308ms
[0.230s][info][gc,cpu         ] GC(9) User=0.00s Sys=0.00s Real=0.00s
[0.234s][info][gc,start       ] GC(10) Pause Young (Allocation Failure)
[0.237s][info][gc,heap        ] GC(10) DefNew: 2688K(2688K)->256K(2688K) Eden: 2432K(2432K)->0K(2432K) From: 256K(256K)->256K(256K)
[0.237s][info][gc,heap        ] GC(10) Tenured: 4512K(5768K)->5755K(5768K)
[0.237s][info][gc,metaspace   ] GC(10) Metaspace: 6297K(6464K)->6297K(6464K) NonClass: 5764K(5824K)->5764K(5824K) Class: 533K(640K)->533K(640K)
[0.237s][info][gc             ] GC(10) Pause Young (Allocation Failure) 7M->5M(8M) 3.244ms
[0.237s][info][gc,cpu         ] GC(10) User=0.00s Sys=0.00s Real=0.00s
[0.240s][info][gc,start       ] GC(11) Pause Young (Allocation Failure)
[0.243s][info][gc             ] GC(11) Pause Young (Allocation Failure) 8M->7M(9M) 3.321ms
[0.243s][info][gc,cpu         ] GC(11) User=0.00s Sys=0.00s Real=0.00s
[0.243s][info][gc,start       ] GC(12) Pause Full (Allocation Failure)
[0.243s][info][gc,phases,start] GC(12) Phase 1: Mark live objects
[0.248s][info][gc,phases      ] GC(12) Phase 1: Mark live objects 5.057ms
[0.248s][info][gc,phases,start] GC(12) Phase 2: Compute new object addresses
[0.250s][info][gc,phases      ] GC(12) Phase 2: Compute new object addresses 1.328ms
[0.250s][info][gc,phases,start] GC(12) Phase 3: Adjust pointers
[0.251s][info][gc,phases      ] GC(12) Phase 3: Adjust pointers 1.888ms
[0.252s][info][gc,phases,start] GC(12) Phase 4: Move objects
[0.253s][info][gc,phases      ] GC(12) Phase 4: Move objects 1.241ms
[0.253s][info][gc,heap        ] GC(12) DefNew: 2688K(2688K)->0K(5376K) Eden: 2432K(2432K)->0K(4800K) From: 256K(256K)->0K(576K)
[0.253s][info][gc,heap        ] GC(12) Tenured: 5755K(5768K)->7132K(11888K)
[0.253s][info][gc,metaspace   ] GC(12) Metaspace: 6297K(6464K)->6297K(6464K) NonClass: 5764K(5824K)->5764K(5824K) Class: 533K(640K)->533K(640K)
[0.253s][info][gc             ] GC(12) Pause Full (Allocation Failure) 7M->6M(16M) 10.054ms
[0.253s][info][gc,cpu         ] GC(12) User=0.00s Sys=0.00s Real=0.01s
[0.259s][info][gc,start       ] GC(13) Pause Young (Allocation Failure)
[0.264s][info][gc,heap        ] GC(13) DefNew: 4800K(5376K)->575K(5376K) Eden: 4800K(4800K)->0K(4800K) From: 0K(576K)->575K(576K)
[0.264s][info][gc,heap        ] GC(13) Tenured: 7132K(11888K)->9027K(11888K)
[0.264s][info][gc,metaspace   ] GC(13) Metaspace: 6297K(6464K)->6297K(6464K) NonClass: 5764K(5824K)->5764K(5824K) Class: 533K(640K)->533K(640K)
[0.264s][info][gc             ] GC(13) Pause Young (Allocation Failure) 11M->9M(16M) 4.868ms
[0.264s][info][gc,cpu         ] GC(13) User=0.00s Sys=0.00s Real=0.00s
[0.269s][info][gc,start       ] GC(14) Pause Young (Allocation Failure)
[0.275s][info][gc,heap        ] GC(14) DefNew: 5375K(5376K)->576K(5376K) Eden: 4800K(4800K)->0K(4800K) From: 575K(576K)->576K(576K)
[0.275s][info][gc,heap        ] GC(14) Tenured: 9027K(11888K)->11746K(11888K)
[0.275s][info][gc,metaspace   ] GC(14) Metaspace: 6297K(6464K)->6297K(6464K) NonClass: 5764K(5824K)->5764K(5824K) Class: 533K(640K)->533K(640K)
[0.275s][info][gc             ] GC(14) Pause Young (Allocation Failure) 14M->12M(16M) 6.237ms
[0.275s][info][gc,cpu         ] GC(14) User=0.00s Sys=0.00s Real=0.00s
[0.280s][info][gc,start       ] GC(15) Pause Young (Allocation Failure)
[0.285s][info][gc             ] GC(15) Pause Young (Allocation Failure) 16M->14M(19M) 5.925ms
[0.286s][info][gc,cpu         ] GC(15) User=0.00s Sys=0.00s Real=0.01s
[0.286s][info][gc,start       ] GC(16) Pause Full (Allocation Failure)
[0.286s][info][gc,phases,start] GC(16) Phase 1: Mark live objects
[0.293s][info][gc,phases      ] GC(16) Phase 1: Mark live objects 7.432ms
[0.293s][info][gc,phases,start] GC(16) Phase 2: Compute new object addresses
[0.295s][info][gc,phases      ] GC(16) Phase 2: Compute new object addresses 2.276ms
[0.295s][info][gc,phases,start] GC(16) Phase 3: Adjust pointers
[0.298s][info][gc,phases      ] GC(16) Phase 3: Adjust pointers 2.691ms
[0.298s][info][gc,phases,start] GC(16) Phase 4: Move objects
[0.298s][info][gc,phases      ] GC(16) Phase 4: Move objects 0.130ms
[0.298s][info][gc,heap        ] GC(16) DefNew: 5376K(5376K)->447K(10816K) Eden: 4800K(4800K)->447K(9664K) From: 576K(576K)->0K(1152K)
[0.298s][info][gc,heap        ] GC(16) Tenured: 11746K(11888K)->14323K(23876K)
[0.298s][info][gc,metaspace   ] GC(16) Metaspace: 6299K(6464K)->6299K(6464K) NonClass: 5766K(5824K)->5766K(5824K) Class: 533K(640K)->533K(640K)
[0.298s][info][gc             ] GC(16) Pause Full (Allocation Failure) 14M->14M(33M) 12.878ms
[0.298s][info][gc,cpu         ] GC(16) User=0.02s Sys=0.00s Real=0.01s
[0.307s][info][gc,start       ] GC(17) Pause Young (Allocation Failure)
[0.320s][info][gc,heap        ] GC(17) DefNew: 9664K(10816K)->1152K(10816K) Eden: 9664K(9664K)->0K(9664K) From: 0K(1152K)->1152K(1152K)
[0.320s][info][gc,heap        ] GC(17) Tenured: 14323K(23876K)->18351K(23876K)
[0.320s][info][gc,metaspace   ] GC(17) Metaspace: 6299K(6464K)->6299K(6464K) NonClass: 5766K(5824K)->5766K(5824K) Class: 533K(640K)->533K(640K)
[0.320s][info][gc             ] GC(17) Pause Young (Allocation Failure) 23M->19M(33M) 12.487ms
[0.320s][info][gc,cpu         ] GC(17) User=0.00s Sys=0.00s Real=0.01s
[0.328s][info][gc,start       ] GC(18) Pause Young (Allocation Failure)
[0.339s][info][gc,heap        ] GC(18) DefNew: 10816K(10816K)->1151K(10816K) Eden: 9664K(9664K)->0K(9664K) From: 1152K(1152K)->1151K(1152K)
[0.339s][info][gc,heap        ] GC(18) Tenured: 18351K(23876K)->23839K(23876K)
[0.339s][info][gc,metaspace   ] GC(18) Metaspace: 6299K(6464K)->6299K(6464K) NonClass: 5766K(5824K)->5766K(5824K) Class: 533K(640K)->533K(640K)
[0.339s][info][gc             ] GC(18) Pause Young (Allocation Failure) 28M->24M(33M) 11.620ms
[0.339s][info][gc,cpu         ] GC(18) User=0.00s Sys=0.00s Real=0.01s
[0.346s][info][gc,start       ] GC(19) Pause Young (Allocation Failure)
[0.357s][info][gc             ] GC(19) Pause Young (Allocation Failure) 33M->29M(38M) 11.150ms
[0.357s][info][gc,cpu         ] GC(19) User=0.00s Sys=0.00s Real=0.01s
[0.357s][info][gc,start       ] GC(20) Pause Full (Allocation Failure)
[0.357s][info][gc,phases,start] GC(20) Phase 1: Mark live objects
[0.371s][info][gc,phases      ] GC(20) Phase 1: Mark live objects 13.721ms
[0.371s][info][gc,phases,start] GC(20) Phase 2: Compute new object addresses
[0.376s][info][gc,phases      ] GC(20) Phase 2: Compute new object addresses 4.482ms
[0.376s][info][gc,phases,start] GC(20) Phase 3: Adjust pointers
[0.381s][info][gc,phases      ] GC(20) Phase 3: Adjust pointers 5.233ms
[0.381s][info][gc,phases,start] GC(20) Phase 4: Move objects
[0.381s][info][gc,phases      ] GC(20) Phase 4: Move objects 0.186ms
[0.381s][info][gc,heap        ] GC(20) DefNew: 10815K(10816K)->1048K(21760K) Eden: 9664K(9664K)->1048K(19392K) From: 1151K(1152K)->0K(2368K)
[0.381s][info][gc,heap        ] GC(20) Tenured: 23839K(23876K)->28936K(48228K)
[0.381s][info][gc,metaspace   ] GC(20) Metaspace: 6299K(6464K)->6299K(6464K) NonClass: 5766K(5824K)->5766K(5824K) Class: 533K(640K)->533K(640K)
[0.381s][info][gc             ] GC(20) Pause Full (Allocation Failure) 29M->29M(68M) 24.029ms
[0.381s][info][gc,cpu         ] GC(20) User=0.03s Sys=0.00s Real=0.02s
[0.395s][info][gc,start       ] GC(21) Pause Young (Allocation Failure)
[0.424s][info][gc,heap        ] GC(21) DefNew: 19392K(21760K)->2367K(21760K) Eden: 19392K(19392K)->0K(19392K) From: 0K(2368K)->2367K(2368K)
[0.424s][info][gc,heap        ] GC(21) Tenured: 28936K(48228K)->39013K(48228K)
[0.424s][info][gc,metaspace   ] GC(21) Metaspace: 6299K(6464K)->6299K(6464K) NonClass: 5766K(5824K)->5766K(5824K) Class: 533K(640K)->533K(640K)
[0.424s][info][gc             ] GC(21) Pause Young (Allocation Failure) 47M->40M(68M) 28.146ms
[0.424s][info][gc,cpu         ] GC(21) User=0.03s Sys=0.00s Real=0.03s
[0.442s][info][gc,start       ] GC(22) Pause Young (Allocation Failure)
[0.476s][info][gc             ] GC(22) Pause Young (Allocation Failure) 59M->59M(78M) 34.692ms
[0.477s][info][gc,cpu         ] GC(22) User=0.03s Sys=0.00s Real=0.03s
[0.477s][info][gc,start       ] GC(23) Pause Full (Allocation Failure)
[0.477s][info][gc,phases,start] GC(23) Phase 1: Mark live objects
[0.501s][info][gc,phases      ] GC(23) Phase 1: Mark live objects 24.052ms
[0.501s][info][gc,phases,start] GC(23) Phase 2: Compute new object addresses
[0.510s][info][gc,phases      ] GC(23) Phase 2: Compute new object addresses 9.175ms
[0.510s][info][gc,phases,start] GC(23) Phase 3: Adjust pointers
[0.520s][info][gc,phases      ] GC(23) Phase 3: Adjust pointers 10.365ms
[0.520s][info][gc,phases,start] GC(23) Phase 4: Move objects
[0.521s][info][gc,phases      ] GC(23) Phase 4: Move objects 0.262ms
[0.521s][info][gc,heap        ] GC(23) DefNew: 21759K(21760K)->2367K(43840K) Eden: 19392K(19392K)->2367K(38976K) From: 2367K(2368K)->0K(4864K)
[0.521s][info][gc,heap        ] GC(23) Tenured: 39013K(48228K)->58373K(97292K)
[0.521s][info][gc,metaspace   ] GC(23) Metaspace: 6299K(6464K)->6299K(6464K) NonClass: 5766K(5824K)->5766K(5824K) Class: 533K(640K)->533K(640K)
[0.521s][info][gc             ] GC(23) Pause Full (Allocation Failure) 59M->59M(137M) 44.407ms
[0.521s][info][gc,cpu         ] GC(23) User=0.02s Sys=0.00s Real=0.04s
[0.563s][info][gc,start       ] GC(24) Pause Young (Allocation Failure)
[0.622s][info][gc,heap        ] GC(24) DefNew: 38976K(43840K)->4863K(43840K) Eden: 38976K(38976K)->0K(38976K) From: 0K(4864K)->4863K(4864K)
[0.622s][info][gc,heap        ] GC(24) Tenured: 58373K(97292K)->90407K(97292K)
[0.622s][info][gc,metaspace   ] GC(24) Metaspace: 6299K(6464K)->6299K(6464K) NonClass: 5766K(5824K)->5766K(5824K) Class: 533K(640K)->533K(640K)
[0.622s][info][gc             ] GC(24) Pause Young (Allocation Failure) 95M->93M(137M) 59.083ms
[0.622s][info][gc,cpu         ] GC(24) User=0.03s Sys=0.02s Real=0.06s
[0.654s][info][gc,start       ] GC(25) Pause Young (Allocation Failure)
[0.724s][info][gc             ] GC(25) Pause Young (Allocation Failure) 131M->131M(169M) 69.480ms
[0.724s][info][gc,cpu         ] GC(25) User=0.05s Sys=0.02s Real=0.07s
[0.724s][info][gc,start       ] GC(26) Pause Full (Allocation Failure)
[0.724s][info][gc,phases,start] GC(26) Phase 1: Mark live objects
[0.778s][info][gc,phases      ] GC(26) Phase 1: Mark live objects 53.737ms
[0.778s][info][gc,phases,start] GC(26) Phase 2: Compute new object addresses
[0.799s][info][gc,phases      ] GC(26) Phase 2: Compute new object addresses 20.991ms
[0.799s][info][gc,phases,start] GC(26) Phase 3: Adjust pointers
[0.825s][info][gc,phases      ] GC(26) Phase 3: Adjust pointers 26.411ms
[0.825s][info][gc,phases,start] GC(26) Phase 4: Move objects
[0.850s][info][gc,phases      ] GC(26) Phase 4: Move objects 24.895ms
[0.851s][info][gc,heap        ] GC(26) DefNew: 43839K(43840K)->3069K(97088K) Eden: 38976K(38976K)->3069K(86336K) From: 4863K(4864K)->0K(10752K)
[0.851s][info][gc,heap        ] GC(26) Tenured: 90407K(97292K)->129355K(215596K)
[0.851s][info][gc,metaspace   ] GC(26) Metaspace: 6299K(6464K)->6299K(6464K) NonClass: 5766K(5824K)->5766K(5824K) Class: 533K(640K)->533K(640K)
[0.851s][info][gc             ] GC(26) Pause Full (Allocation Failure) 131M->129M(305M) 126.867ms
[0.851s][info][gc,cpu         ] GC(26) User=0.12s Sys=0.00s Real=0.13s
[0.938s][info][gc,start       ] GC(27) Pause Young (Allocation Failure)
[1.079s][info][gc,heap        ] GC(27) DefNew: 86336K(97088K)->10752K(97088K) Eden: 86336K(86336K)->0K(86336K) From: 0K(10752K)->10752K(10752K)
[1.079s][info][gc,heap        ] GC(27) Tenured: 129355K(215596K)->204910K(215596K)
[1.079s][info][gc,metaspace   ] GC(27) Metaspace: 6299K(6464K)->6299K(6464K) NonClass: 5766K(5824K)->5766K(5824K) Class: 533K(640K)->533K(640K)
[1.079s][info][gc             ] GC(27) Pause Young (Allocation Failure) 210M->210M(305M) 140.774ms
[1.079s][info][gc,cpu         ] GC(27) User=0.12s Sys=0.00s Real=0.14s
[1.154s][info][gc,start       ] GC(28) Pause Young (Allocation Failure)
[1.313s][info][gc             ] GC(28) Pause Young (Allocation Failure) 294M->294M(379M) 158.589ms
[1.313s][info][gc,cpu         ] GC(28) User=0.12s Sys=0.02s Real=0.16s
[1.313s][info][gc,start       ] GC(29) Pause Full (Allocation Failure)
[1.313s][info][gc,phases,start] GC(29) Phase 1: Mark live objects
[1.439s][info][gc,phases      ] GC(29) Phase 1: Mark live objects 126.509ms
[1.439s][info][gc,phases,start] GC(29) Phase 2: Compute new object addresses
[1.485s][info][gc,phases      ] GC(29) Phase 2: Compute new object addresses 45.423ms
[1.485s][info][gc,phases,start] GC(29) Phase 3: Adjust pointers
[1.538s][info][gc,phases      ] GC(29) Phase 3: Adjust pointers 53.640ms
[1.538s][info][gc,phases,start] GC(29) Phase 4: Move objects
[1.541s][info][gc,phases      ] GC(29) Phase 4: Move objects 2.518ms
[1.542s][info][gc,heap        ] GC(29) DefNew: 97088K(97088K)->10723K(218496K) Eden: 86336K(86336K)->10723K(194240K) From: 10752K(10752K)->0K(24256K)
[1.542s][info][gc,heap        ] GC(29) Tenured: 204910K(215596K)->291243K(485408K)
[1.542s][info][gc,metaspace   ] GC(29) Metaspace: 6299K(6464K)->6299K(6464K) NonClass: 5766K(5824K)->5766K(5824K) Class: 533K(640K)->533K(640K)
[1.542s][info][gc             ] GC(29) Pause Full (Allocation Failure) 294M->294M(687M) 229.437ms
[1.542s][info][gc,cpu         ] GC(29) User=0.23s Sys=0.00s Real=0.23s
[1.750s][info][gc,start       ] GC(30) Pause Young (Allocation Failure)
[2.067s][info][gc,heap        ] GC(30) DefNew: 194240K(218496K)->24255K(218496K) Eden: 194240K(194240K)->0K(194240K) From: 0K(24256K)->24255K(24256K)
[2.067s][info][gc,heap        ] GC(30) Tenured: 291243K(485408K)->461199K(485408K)
[2.067s][info][gc,metaspace   ] GC(30) Metaspace: 6299K(6464K)->6299K(6464K) NonClass: 5766K(5824K)->5766K(5824K) Class: 533K(640K)->533K(640K)
[2.067s][info][gc             ] GC(30) Pause Young (Allocation Failure) 474M->474M(687M) 316.945ms
[2.067s][info][gc,cpu         ] GC(30) User=0.28s Sys=0.02s Real=0.32s
[2.240s][info][gc,start       ] GC(31) Pause Young (Allocation Failure)
[2.613s][info][gc             ] GC(31) Pause Young (Allocation Failure) 663M->663M(853M) 372.884ms
[2.613s][info][gc,cpu         ] GC(31) User=0.28s Sys=0.03s Real=0.37s
[2.613s][info][gc,start       ] GC(32) Pause Full (Allocation Failure)
[2.613s][info][gc,phases,start] GC(32) Phase 1: Mark live objects
[2.907s][info][gc,phases      ] GC(32) Phase 1: Mark live objects 294.255ms
[2.907s][info][gc,phases,start] GC(32) Phase 2: Compute new object addresses
[3.008s][info][gc,phases      ] GC(32) Phase 2: Compute new object addresses 100.769ms
[3.008s][info][gc,phases,start] GC(32) Phase 3: Adjust pointers
[3.123s][info][gc,phases      ] GC(32) Phase 3: Adjust pointers 114.899ms
[3.123s][info][gc,phases,start] GC(32) Phase 4: Move objects
[3.129s][info][gc,phases      ] GC(32) Phase 4: Move objects 5.311ms
[3.130s][info][gc,heap        ] GC(32) DefNew: 218495K(218496K)->24072K(491776K) Eden: 194240K(194240K)->24072K(437184K) From: 24255K(24256K)->0K(54592K)
[3.130s][info][gc,heap        ] GC(32) Tenured: 461199K(485408K)->655588K(1092648K)
[3.130s][info][gc,metaspace   ] GC(32) Metaspace: 6299K(6464K)->6299K(6464K) NonClass: 5766K(5824K)->5766K(5824K) Class: 533K(640K)->533K(640K)
[3.130s][info][gc             ] GC(32) Pause Full (Allocation Failure) 663M->663M(1547M) 517.369ms
[3.131s][info][gc,cpu         ] GC(32) User=0.50s Sys=0.00s Real=0.52s
[3.570s][info][gc,start       ] GC(33) Pause Young (Allocation Failure)
[4.295s][info][gc,heap        ] GC(33) DefNew: 437184K(491776K)->54591K(491776K) Eden: 437184K(437184K)->0K(437184K) From: 0K(54592K)->54591K(54592K)
[4.295s][info][gc,heap        ] GC(33) Tenured: 655588K(1092648K)->1038153K(1092648K)
[4.295s][info][gc,metaspace   ] GC(33) Metaspace: 6299K(6464K)->6299K(6464K) NonClass: 5766K(5824K)->5766K(5824K) Class: 533K(640K)->533K(640K)
[4.295s][info][gc             ] GC(33) Pause Young (Allocation Failure) 1067M->1067M(1547M) 724.708ms
[4.295s][info][gc,cpu         ] GC(33) User=0.61s Sys=0.09s Real=0.73s
[4.629s][info][gc,start       ] GC(34) Pause Young (Allocation Failure)
[4.629s][info][gc             ] GC(34) Pause Young (Allocation Failure) 1430M->1430M(1547M) 0.121ms
[4.629s][info][gc,cpu         ] GC(34) User=0.00s Sys=0.00s Real=0.00s
[4.629s][info][gc,start       ] GC(35) Pause Full (Allocation Failure)
[4.630s][info][gc,phases,start] GC(35) Phase 1: Mark live objects
[5.277s][info][gc,phases      ] GC(35) Phase 1: Mark live objects 647.275ms
[5.277s][info][gc,phases,start] GC(35) Phase 2: Compute new object addresses
[5.482s][info][gc,phases      ] GC(35) Phase 2: Compute new object addresses 205.104ms
[5.482s][info][gc,phases,start] GC(35) Phase 3: Adjust pointers
[5.782s][info][gc,phases      ] GC(35) Phase 3: Adjust pointers 299.906ms
[5.782s][info][gc,phases,start] GC(35) Phase 4: Move objects
[5.868s][info][gc,phases      ] GC(35) Phase 4: Move objects 86.396ms
[5.869s][info][gc,heap        ] GC(35) DefNew: 426854K(491776K)->345713K(522240K) Eden: 372262K(437184K)->345713K(464256K) From: 54591K(54592K)->0K(57984K)
[5.869s][info][gc,heap        ] GC(35) Tenured: 1038153K(1092648K)->1092647K(1160576K)
[5.869s][info][gc,metaspace   ] GC(35) Metaspace: 6299K(6464K)->6299K(6464K) NonClass: 5766K(5824K)->5766K(5824K) Class: 533K(640K)->533K(640K)
[5.869s][info][gc             ] GC(35) Pause Full (Allocation Failure) 1430M->1404M(1643M) 1239.591ms
[5.869s][info][gc,cpu         ] GC(35) User=1.22s Sys=0.03s Real=1.24s
[6.459s][info][gc,start       ] GC(36) Pause Full (Allocation Failure)
[6.460s][info][gc,phases,start] GC(36) Phase 1: Mark live objects
[7.179s][info][gc,phases      ] GC(36) Phase 1: Mark live objects 719.187ms
[7.179s][info][gc,phases,start] GC(36) Phase 2: Compute new object addresses
[7.410s][info][gc,phases      ] GC(36) Phase 2: Compute new object addresses 230.847ms
[7.410s][info][gc,phases,start] GC(36) Phase 3: Adjust pointers
[7.784s][info][gc,phases      ] GC(36) Phase 3: Adjust pointers 374.143ms
[7.784s][info][gc,phases,start] GC(36) Phase 4: Move objects
[8.072s][info][gc,phases      ] GC(36) Phase 4: Move objects 287.644ms
[8.072s][info][gc,heap        ] GC(36) DefNew: 522239K(522240K)->460795K(522240K) Eden: 464256K(464256K)->460795K(464256K) From: 57983K(57984K)->0K(57984K)
[8.072s][info][gc,heap        ] GC(36) Tenured: 1160575K(1160576K)->1160575K(1160576K)
[8.072s][info][gc,metaspace   ] GC(36) Metaspace: 6299K(6464K)->6299K(6464K) NonClass: 5766K(5824K)->5766K(5824K) Class: 533K(640K)->533K(640K)
[8.072s][info][gc             ] GC(36) Pause Full (Allocation Failure) 1643M->1583M(1643M) 1612.647ms
[8.072s][info][gc,cpu         ] GC(36) User=1.50s Sys=0.00s Real=1.61s
[8.237s][info][gc,start       ] GC(37) Pause Full (Allocation Failure)
[8.237s][info][gc,phases,start] GC(37) Phase 1: Mark live objects
[9.007s][info][gc,phases      ] GC(37) Phase 1: Mark live objects 770.167ms
[9.007s][info][gc,phases,start] GC(37) Phase 2: Compute new object addresses
[9.248s][info][gc,phases      ] GC(37) Phase 2: Compute new object addresses 240.514ms
[9.248s][info][gc,phases,start] GC(37) Phase 3: Adjust pointers
[9.570s][info][gc,phases      ] GC(37) Phase 3: Adjust pointers 322.230ms
[9.570s][info][gc,phases,start] GC(37) Phase 4: Move objects
[9.579s][info][gc,phases      ] GC(37) Phase 4: Move objects 8.539ms
[9.579s][info][gc,heap        ] GC(37) DefNew: 522239K(522240K)->522239K(522240K) Eden: 464256K(464256K)->464255K(464256K) From: 57983K(57984K)->57983K(57984K)
[9.579s][info][gc,heap        ] GC(37) Tenured: 1160575K(1160576K)->1160575K(1160576K)
[9.579s][info][gc,metaspace   ] GC(37) Metaspace: 6299K(6464K)->6299K(6464K) NonClass: 5766K(5824K)->5766K(5824K) Class: 533K(640K)->533K(640K)
[9.579s][info][gc             ] GC(37) Pause Full (Allocation Failure) 1643M->1643M(1643M) 1342.273ms
[9.579s][info][gc,cpu         ] GC(37) User=1.33s Sys=0.00s Real=1.34s
[9.579s][info][gc,start       ] GC(38) Pause Full (Allocation Failure)
[9.579s][info][gc,phases,start] GC(38) Phase 1: Mark live objects
[10.341s][info][gc,phases      ] GC(38) Phase 1: Mark live objects 761.982ms
[10.341s][info][gc,phases,start] GC(38) Phase 2: Compute new object addresses
[10.584s][info][gc,phases      ] GC(38) Phase 2: Compute new object addresses 242.074ms
[10.584s][info][gc,phases,start] GC(38) Phase 3: Adjust pointers
[10.899s][info][gc,phases      ] GC(38) Phase 3: Adjust pointers 315.791ms
[10.899s][info][gc,phases,start] GC(38) Phase 4: Move objects
[10.899s][info][gc,phases      ] GC(38) Phase 4: Move objects 0.017ms
[10.900s][info][gc,heap        ] GC(38) DefNew: 522239K(522240K)->522239K(522240K) Eden: 464256K(464256K)->464256K(464256K) From: 57983K(57984K)->57983K(57984K)
[10.900s][info][gc,heap        ] GC(38) Tenured: 1160575K(1160576K)->1160575K(1160576K)
[10.900s][info][gc,metaspace   ] GC(38) Metaspace: 6299K(6464K)->6299K(6464K) NonClass: 5766K(5824K)->5766K(5824K) Class: 533K(640K)->533K(640K)
[10.900s][info][gc             ] GC(38) Pause Full (Allocation Failure) 1643M->1643M(1643M) 1320.318ms
[10.900s][info][gc,cpu         ] GC(38) User=1.30s Sys=0.00s Real=1.32s
[10.900s][info][gc,start       ] GC(39) Pause Full (Allocation Failure)
[10.900s][info][gc,phases,start] GC(39) Phase 1: Mark live objects
[11.659s][info][gc,phases      ] GC(39) Phase 1: Mark live objects 759.637ms
[11.659s][info][gc,phases,start] GC(39) Phase 2: Compute new object addresses
[11.895s][info][gc,phases      ] GC(39) Phase 2: Compute new object addresses 235.961ms
[11.895s][info][gc,phases,start] GC(39) Phase 3: Adjust pointers
[12.278s][info][gc,phases      ] GC(39) Phase 3: Adjust pointers 382.969ms
[12.279s][info][gc,phases,start] GC(39) Phase 4: Move objects
[12.543s][info][gc,phases      ] GC(39) Phase 4: Move objects 264.520ms
[12.543s][info][gc,heap        ] GC(39) DefNew: 522239K(522240K)->522235K(522240K) Eden: 464256K(464256K)->464256K(464256K) From: 57983K(57984K)->57979K(57984K)
[12.544s][info][gc,heap        ] GC(39) Tenured: 1160575K(1160576K)->1160575K(1160576K)
[12.544s][info][gc,metaspace   ] GC(39) Metaspace: 6299K(6464K)->6297K(6464K) NonClass: 5766K(5824K)->5764K(5824K) Class: 533K(640K)->532K(640K)
[12.544s][info][gc             ] GC(39) Pause Full (Allocation Failure) 1643M->1643M(1643M) 1643.846ms
[12.544s][info][gc,cpu         ] GC(39) User=1.64s Sys=0.00s Real=1.64s
[12.544s][info][gc,start       ] GC(40) Pause Full (Allocation Failure)
[12.544s][info][gc,phases,start] GC(40) Phase 1: Mark live objects
[13.295s][info][gc,phases      ] GC(40) Phase 1: Mark live objects 751.030ms
[13.295s][info][gc,phases,start] GC(40) Phase 2: Compute new object addresses
[13.538s][info][gc,phases      ] GC(40) Phase 2: Compute new object addresses 242.610ms
[13.538s][info][gc,phases,start] GC(40) Phase 3: Adjust pointers
[13.871s][info][gc,phases      ] GC(40) Phase 3: Adjust pointers 333.002ms
[13.871s][info][gc,phases,start] GC(40) Phase 4: Move objects
[13.871s][info][gc,phases      ] GC(40) Phase 4: Move objects 0.019ms
[13.871s][info][gc,heap        ] GC(40) DefNew: 522239K(522240K)->522239K(522240K) Eden: 464256K(464256K)->464256K(464256K) From: 57983K(57984K)->57983K(57984K)
[13.871s][info][gc,heap        ] GC(40) Tenured: 1160575K(1160576K)->1160575K(1160576K)
[13.871s][info][gc,metaspace   ] GC(40) Metaspace: 6297K(6464K)->6297K(6464K) NonClass: 5764K(5824K)->5764K(5824K) Class: 532K(640K)->532K(640K)
[13.871s][info][gc             ] GC(40) Pause Full (Allocation Failure) 1643M->1643M(1643M) 1327.206ms
[13.871s][info][gc,cpu         ] GC(40) User=1.31s Sys=0.00s Real=1.33s
[13.871s][info][gc,start       ] GC(41) Pause Full (Allocation Failure)
[13.871s][info][gc,phases,start] GC(41) Phase 1: Mark live objects
[14.675s][info][gc,phases      ] GC(41) Phase 1: Mark live objects 803.686ms
[14.675s][info][gc,phases,start] GC(41) Phase 2: Compute new object addresses
[14.946s][info][gc,phases      ] GC(41) Phase 2: Compute new object addresses 271.036ms
[14.946s][info][gc,phases,start] GC(41) Phase 3: Adjust pointers
[15.260s][info][gc,phases      ] GC(41) Phase 3: Adjust pointers 313.949ms
[15.260s][info][gc,phases,start] GC(41) Phase 4: Move objects
[15.260s][info][gc,phases      ] GC(41) Phase 4: Move objects 0.016ms
[15.260s][info][gc,heap        ] GC(41) DefNew: 522239K(522240K)->522239K(522240K) Eden: 464256K(464256K)->464256K(464256K) From: 57983K(57984K)->57983K(57984K)
[15.261s][info][gc,heap        ] GC(41) Tenured: 1160575K(1160576K)->1160575K(1160576K)
[15.261s][info][gc,metaspace   ] GC(41) Metaspace: 6297K(6464K)->6297K(6464K) NonClass: 5764K(5824K)->5764K(5824K) Class: 532K(640K)->532K(640K)
[15.261s][info][gc             ] GC(41) Pause Full (Allocation Failure) 1643M->1643M(1643M) 1389.127ms
[15.261s][info][gc,cpu         ] GC(41) User=1.34s Sys=0.00s Real=1.39s
[15.261s][info][gc,start       ] GC(42) Pause Full (Allocation Failure)
[15.261s][info][gc,phases,start] GC(42) Phase 1: Mark live objects
[16.021s][info][gc,phases      ] GC(42) Phase 1: Mark live objects 760.534ms
[16.021s][info][gc,phases,start] GC(42) Phase 2: Compute new object addresses
[16.256s][info][gc,phases      ] GC(42) Phase 2: Compute new object addresses 234.740ms
[16.256s][info][gc,phases,start] GC(42) Phase 3: Adjust pointers
[16.564s][info][gc,phases      ] GC(42) Phase 3: Adjust pointers 307.731ms
[16.564s][info][gc,phases,start] GC(42) Phase 4: Move objects
[16.564s][info][gc,phases      ] GC(42) Phase 4: Move objects 0.023ms
[16.564s][info][gc,heap        ] GC(42) DefNew: 522239K(522240K)->522239K(522240K) Eden: 464256K(464256K)->464256K(464256K) From: 57983K(57984K)->57983K(57984K)
[16.564s][info][gc,heap        ] GC(42) Tenured: 1160575K(1160576K)->1160575K(1160576K)
[16.564s][info][gc,metaspace   ] GC(42) Metaspace: 6297K(6464K)->6297K(6464K) NonClass: 5764K(5824K)->5764K(5824K) Class: 532K(640K)->532K(640K)
[16.564s][info][gc             ] GC(42) Pause Full (Allocation Failure) 1643M->1643M(1643M) 1303.572ms
[16.564s][info][gc,cpu         ] GC(42) User=1.28s Sys=0.00s Real=1.30s
[16.564s][info][gc,start       ] GC(43) Pause Full (Allocation Failure)
[16.564s][info][gc,phases,start] GC(43) Phase 1: Mark live objects
[17.332s][info][gc,phases      ] GC(43) Phase 1: Mark live objects 767.960ms
[17.332s][info][gc,phases,start] GC(43) Phase 2: Compute new object addresses
[17.566s][info][gc,phases      ] GC(43) Phase 2: Compute new object addresses 233.173ms
[17.566s][info][gc,phases,start] GC(43) Phase 3: Adjust pointers
[17.948s][info][gc,phases      ] GC(43) Phase 3: Adjust pointers 381.794ms
[17.948s][info][gc,phases,start] GC(43) Phase 4: Move objects
[18.211s][info][gc,phases      ] GC(43) Phase 4: Move objects 263.255ms
[18.211s][info][gc,heap        ] GC(43) DefNew: 522239K(522240K)->522238K(522240K) Eden: 464256K(464256K)->464256K(464256K) From: 57983K(57984K)->57982K(57984K)
[18.211s][info][gc,heap        ] GC(43) Tenured: 1160575K(1160576K)->1160575K(1160576K)
[18.211s][info][gc,metaspace   ] GC(43) Metaspace: 6297K(6464K)->6297K(6464K) NonClass: 5764K(5824K)->5764K(5824K) Class: 532K(640K)->532K(640K)
[18.211s][info][gc             ] GC(43) Pause Full (Allocation Failure) 1643M->1643M(1643M) 1646.909ms
[18.211s][info][gc,cpu         ] GC(43) User=1.66s Sys=0.00s Real=1.65s
[18.213s][info][gc,start       ] GC(44) Pause Full (Allocation Failure)
[18.213s][info][gc,phases,start] GC(44) Phase 1: Mark live objects
[18.967s][info][gc,phases      ] GC(44) Phase 1: Mark live objects 754.441ms
[18.967s][info][gc,phases,start] GC(44) Phase 2: Compute new object addresses
[19.205s][info][gc,phases      ] GC(44) Phase 2: Compute new object addresses 237.669ms
[19.205s][info][gc,phases,start] GC(44) Phase 3: Adjust pointers
[19.577s][info][gc,phases      ] GC(44) Phase 3: Adjust pointers 371.972ms
[19.577s][info][gc,phases,start] GC(44) Phase 4: Move objects
[19.840s][info][gc,phases      ] GC(44) Phase 4: Move objects 263.396ms
[19.841s][info][gc,heap        ] GC(44) DefNew: 522239K(522240K)->522237K(522240K) Eden: 464256K(464256K)->464256K(464256K) From: 57983K(57984K)->57981K(57984K)
[19.841s][info][gc,heap        ] GC(44) Tenured: 1160575K(1160576K)->1160575K(1160576K)
[19.841s][info][gc,metaspace   ] GC(44) Metaspace: 6299K(6464K)->6299K(6464K) NonClass: 5765K(5824K)->5765K(5824K) Class: 533K(640K)->533K(640K)
[19.841s][info][gc             ] GC(44) Pause Full (Allocation Failure) 1643M->1643M(1643M) 1628.271ms
[19.841s][info][gc,cpu         ] GC(44) User=1.59s Sys=0.00s Real=1.63s
[19.841s][info][gc,heap,exit   ] Heap
[19.841s][info][gc,heap,exit   ]  def new generation   total 522240K, used 522238K [0x0000000095c00000, 0x00000000b92a0000, 0x00000000b92a0000)
[19.842s][info][gc,heap,exit   ]   eden space 464256K, 100% used [0x0000000095c00000, 0x00000000b2160000, 0x00000000b2160000)
[19.842s][info][gc,heap,exit   ]   from space 57984K,  99% used [0x00000000b2160000, 0x00000000b59ff810, 0x00000000b5a00000)
[19.842s][info][gc,heap,exit   ]   to   space 57984K,   0% used [0x00000000b5a00000, 0x00000000b5a00000, 0x00000000b92a0000)
[19.842s][info][gc,heap,exit   ]  tenured generation   total 1160576K, used 1160575K [0x00000000b92a0000, 0x0000000100000000, 0x0000000100000000)
[19.842s][info][gc,heap,exit   ]    the space 1160576K,  99% used [0x00000000b92a0000, 0x00000000ffffffe0, 0x0000000100000000, 0x0000000100000000)
[19.842s][info][gc,heap,exit   ]  Metaspace       used 6302K, committed 6464K, reserved 1114112K
[19.842s][info][gc,heap,exit   ]   class space    used 534K, committed 640K, reserved 1048576K
