[0.011s][info][gc,init] CardTable entry size: 512
[0.012s][info][gc     ] Using Serial
[0.012s][info][gc,init] Version: 18.0.1+10 (release)
[0.012s][info][gc,init] CPUs: 8 total, 8 available
[0.012s][info][gc,init] Memory: 16063M
[0.012s][info][gc,init] Large Page Support: Disabled
[0.012s][info][gc,init] NUMA Support: Disabled
[0.012s][info][gc,init] Compressed Oops: Enabled (Zero based)
[0.012s][info][gc,init] Heap Min Capacity: 2M
[0.012s][info][gc,init] Heap Initial Capacity: 2M
[0.012s][info][gc,init] Heap Max Capacity: 12600M
[0.012s][info][gc,init] Pre-touch: Disabled
[0.012s][info][gc,metaspace] CDS archive(s) not mapped
[0.012s][info][gc,metaspace] Compressed class space mapped at: 0x0000000800000000-0x0000000840000000, reserved size: 1073741824
[0.012s][info][gc,metaspace] Narrow klass base: 0x0000000800000000, Narrow klass shift: 0, Narrow klass range: 0x40000000
[0.185s][info][gc,start    ] GC(0) Pause Young (Allocation Failure)
[0.187s][info][gc,heap     ] GC(0) DefNew: 1023K(1152K)->127K(1152K) Eden: 1023K(1024K)->0K(1024K) From: 0K(128K)->127K(128K)
[0.187s][info][gc,heap     ] GC(0) Tenured: 0K(768K)->440K(768K)
[0.187s][info][gc,metaspace] GC(0) Metaspace: 5903K(6016K)->5903K(6016K) NonClass: 5403K(5504K)->5403K(5504K) Class: 499K(512K)->499K(512K)
[0.187s][info][gc          ] GC(0) Pause Young (Allocation Failure) 0M->0M(1M) 1.777ms
[0.187s][info][gc,cpu      ] GC(0) User=0.00s Sys=0.00s Real=0.00s
[0.208s][info][gc,start    ] GC(1) Pause Young (Allocation Failure)
[0.209s][info][gc          ] GC(1) Pause Young (Allocation Failure) 1M->0M(2M) 1.328ms
[0.209s][info][gc,cpu      ] GC(1) User=0.00s Sys=0.00s Real=0.00s
[0.209s][info][gc,start    ] GC(2) Pause Full (Allocation Failure)
[0.209s][info][gc,phases,start] GC(2) Phase 1: Mark live objects
[0.210s][info][gc,phases      ] GC(2) Phase 1: Mark live objects 1.137ms
[0.210s][info][gc,phases,start] GC(2) Phase 2: Compute new object addresses
[0.211s][info][gc,phases      ] GC(2) Phase 2: Compute new object addresses 0.269ms
[0.211s][info][gc,phases,start] GC(2) Phase 3: Adjust pointers
[0.211s][info][gc,phases      ] GC(2) Phase 3: Adjust pointers 0.553ms
[0.211s][info][gc,phases,start] GC(2) Phase 4: Move objects
[0.211s][info][gc,phases      ] GC(2) Phase 4: Move objects 0.079ms
[0.211s][info][gc,heap        ] GC(2) DefNew: 1151K(1152K)->40K(1152K) Eden: 1024K(1024K)->40K(1024K) From: 127K(128K)->0K(128K)
[0.211s][info][gc,heap        ] GC(2) Tenured: 440K(768K)->959K(1600K)
[0.211s][info][gc,metaspace   ] GC(2) Metaspace: 6300K(6528K)->6300K(6528K) NonClass: 5767K(5888K)->5767K(5888K) Class: 533K(640K)->533K(640K)
[0.211s][info][gc             ] GC(2) Pause Full (Allocation Failure) 0M->0M(2M) 2.368ms
[0.211s][info][gc,cpu         ] GC(2) User=0.00s Sys=0.00s Real=0.00s
[0.213s][info][gc,start       ] GC(3) Pause Young (Allocation Failure)
[0.214s][info][gc,heap        ] GC(3) DefNew: 1024K(1152K)->128K(1152K) Eden: 1024K(1024K)->0K(1024K) From: 0K(128K)->128K(128K)
[0.214s][info][gc,heap        ] GC(3) Tenured: 959K(1600K)->1375K(1600K)
[0.214s][info][gc,metaspace   ] GC(3) Metaspace: 6300K(6528K)->6300K(6528K) NonClass: 5767K(5888K)->5767K(5888K) Class: 533K(640K)->533K(640K)
[0.214s][info][gc             ] GC(3) Pause Young (Allocation Failure) 1M->1M(2M) 1.501ms
[0.214s][info][gc,cpu         ] GC(3) User=0.00s Sys=0.00s Real=0.00s
[0.216s][info][gc,start       ] GC(4) Pause Young (Allocation Failure)
[0.217s][info][gc             ] GC(4) Pause Young (Allocation Failure) 2M->1M(3M) 1.306ms
[0.217s][info][gc,cpu         ] GC(4) User=0.00s Sys=0.00s Real=0.00s
[0.217s][info][gc,start       ] GC(5) Pause Full (Allocation Failure)
[0.217s][info][gc,phases,start] GC(5) Phase 1: Mark live objects
[0.219s][info][gc,phases      ] GC(5) Phase 1: Mark live objects 1.526ms
[0.219s][info][gc,phases,start] GC(5) Phase 2: Compute new object addresses
[0.220s][info][gc,phases      ] GC(5) Phase 2: Compute new object addresses 0.457ms
[0.220s][info][gc,phases,start] GC(5) Phase 3: Adjust pointers
[0.220s][info][gc,phases      ] GC(5) Phase 3: Adjust pointers 0.806ms
[0.220s][info][gc,phases,start] GC(5) Phase 4: Move objects
[0.221s][info][gc,phases      ] GC(5) Phase 4: Move objects 0.081ms
[0.221s][info][gc,heap        ] GC(5) DefNew: 1152K(1152K)->35K(1536K) Eden: 1024K(1024K)->35K(1408K) From: 128K(128K)->0K(128K)
[0.221s][info][gc,heap        ] GC(5) Tenured: 1375K(1600K)->1983K(3308K)
[0.221s][info][gc,metaspace   ] GC(5) Metaspace: 6300K(6528K)->6300K(6528K) NonClass: 5767K(5888K)->5767K(5888K) Class: 533K(640K)->533K(640K)
[0.221s][info][gc             ] GC(5) Pause Full (Allocation Failure) 1M->1M(4M) 3.248ms
[0.221s][info][gc,cpu         ] GC(5) User=0.00s Sys=0.00s Real=0.00s
[0.222s][info][gc,start       ] GC(6) Pause Young (Allocation Failure)
[0.224s][info][gc,heap        ] GC(6) DefNew: 1408K(1536K)->128K(1536K) Eden: 1408K(1408K)->0K(1408K) From: 0K(128K)->128K(128K)
[0.224s][info][gc,heap        ] GC(6) Tenured: 1983K(3308K)->2617K(3308K)
[0.224s][info][gc,metaspace   ] GC(6) Metaspace: 6300K(6528K)->6300K(6528K) NonClass: 5767K(5888K)->5767K(5888K) Class: 533K(640K)->533K(640K)
[0.224s][info][gc             ] GC(6) Pause Young (Allocation Failure) 3M->2M(4M) 2.071ms
[0.224s][info][gc,cpu         ] GC(6) User=0.00s Sys=0.00s Real=0.00s
[0.226s][info][gc,start       ] GC(7) Pause Young (Allocation Failure)
[0.228s][info][gc             ] GC(7) Pause Young (Allocation Failure) 4M->3M(4M) 1.775ms
[0.228s][info][gc,cpu         ] GC(7) User=0.00s Sys=0.00s Real=0.00s
[0.228s][info][gc,start       ] GC(8) Pause Full (Allocation Failure)
[0.228s][info][gc,phases,start] GC(8) Phase 1: Mark live objects
[0.230s][info][gc,phases      ] GC(8) Phase 1: Mark live objects 2.311ms
[0.231s][info][gc,phases,start] GC(8) Phase 2: Compute new object addresses
[0.231s][info][gc,phases      ] GC(8) Phase 2: Compute new object addresses 0.684ms
[0.231s][info][gc,phases,start] GC(8) Phase 3: Adjust pointers
[0.232s][info][gc,phases      ] GC(8) Phase 3: Adjust pointers 1.071ms
[0.232s][info][gc,phases,start] GC(8) Phase 4: Move objects
[0.232s][info][gc,phases      ] GC(8) Phase 4: Move objects 0.086ms
[0.233s][info][gc,heap        ] GC(8) DefNew: 1536K(1536K)->0K(2688K) Eden: 1408K(1408K)->0K(2432K) From: 128K(128K)->0K(256K)
[0.233s][info][gc,heap        ] GC(8) Tenured: 2617K(3308K)->3460K(5768K)
[0.233s][info][gc,metaspace   ] GC(8) Metaspace: 6300K(6528K)->6300K(6528K) NonClass: 5767K(5888K)->5767K(5888K) Class: 533K(640K)->533K(640K)
[0.233s][info][gc             ] GC(8) Pause Full (Allocation Failure) 3M->3M(8M) 4.489ms
[0.233s][info][gc,cpu         ] GC(8) User=0.00s Sys=0.00s Real=0.01s
[0.237s][info][gc,start       ] GC(9) Pause Young (Allocation Failure)
[0.240s][info][gc,heap        ] GC(9) DefNew: 2432K(2688K)->256K(2688K) Eden: 2432K(2432K)->0K(2432K) From: 0K(256K)->256K(256K)
[0.240s][info][gc,heap        ] GC(9) Tenured: 3460K(5768K)->4512K(5768K)
[0.240s][info][gc,metaspace   ] GC(9) Metaspace: 6300K(6528K)->6300K(6528K) NonClass: 5767K(5888K)->5767K(5888K) Class: 533K(640K)->533K(640K)
[0.240s][info][gc             ] GC(9) Pause Young (Allocation Failure) 5M->4M(8M) 3.915ms
[0.240s][info][gc,cpu         ] GC(9) User=0.00s Sys=0.00s Real=0.00s
[0.244s][info][gc,start       ] GC(10) Pause Young (Allocation Failure)
[0.247s][info][gc,heap        ] GC(10) DefNew: 2688K(2688K)->255K(2688K) Eden: 2432K(2432K)->0K(2432K) From: 256K(256K)->255K(256K)
[0.247s][info][gc,heap        ] GC(10) Tenured: 4512K(5768K)->5755K(5768K)
[0.247s][info][gc,metaspace   ] GC(10) Metaspace: 6300K(6528K)->6300K(6528K) NonClass: 5767K(5888K)->5767K(5888K) Class: 533K(640K)->533K(640K)
[0.247s][info][gc             ] GC(10) Pause Young (Allocation Failure) 7M->5M(8M) 3.359ms
[0.247s][info][gc,cpu         ] GC(10) User=0.00s Sys=0.00s Real=0.00s
[0.251s][info][gc,start       ] GC(11) Pause Young (Allocation Failure)
[0.255s][info][gc             ] GC(11) Pause Young (Allocation Failure) 8M->7M(9M) 3.645ms
[0.255s][info][gc,cpu         ] GC(11) User=0.00s Sys=0.00s Real=0.00s
[0.255s][info][gc,start       ] GC(12) Pause Full (Allocation Failure)
[0.255s][info][gc,phases,start] GC(12) Phase 1: Mark live objects
[0.259s][info][gc,phases      ] GC(12) Phase 1: Mark live objects 4.375ms
[0.259s][info][gc,phases,start] GC(12) Phase 2: Compute new object addresses
[0.260s][info][gc,phases      ] GC(12) Phase 2: Compute new object addresses 1.295ms
[0.261s][info][gc,phases,start] GC(12) Phase 3: Adjust pointers
[0.262s][info][gc,phases      ] GC(12) Phase 3: Adjust pointers 1.890ms
[0.262s][info][gc,phases,start] GC(12) Phase 4: Move objects
[0.264s][info][gc,phases      ] GC(12) Phase 4: Move objects 1.401ms
[0.264s][info][gc,heap        ] GC(12) DefNew: 2687K(2688K)->0K(5376K) Eden: 2432K(2432K)->0K(4800K) From: 255K(256K)->0K(576K)
[0.264s][info][gc,heap        ] GC(12) Tenured: 5755K(5768K)->7132K(11888K)
[0.264s][info][gc,metaspace   ] GC(12) Metaspace: 6300K(6528K)->6300K(6528K) NonClass: 5767K(5888K)->5767K(5888K) Class: 533K(640K)->533K(640K)
[0.264s][info][gc             ] GC(12) Pause Full (Allocation Failure) 7M->6M(16M) 9.457ms
[0.264s][info][gc,cpu         ] GC(12) User=0.00s Sys=0.00s Real=0.01s
[0.269s][info][gc,start       ] GC(13) Pause Young (Allocation Failure)
[0.275s][info][gc,heap        ] GC(13) DefNew: 4800K(5376K)->576K(5376K) Eden: 4800K(4800K)->0K(4800K) From: 0K(576K)->576K(576K)
[0.275s][info][gc,heap        ] GC(13) Tenured: 7132K(11888K)->9027K(11888K)
[0.275s][info][gc,metaspace   ] GC(13) Metaspace: 6300K(6528K)->6300K(6528K) NonClass: 5767K(5888K)->5767K(5888K) Class: 533K(640K)->533K(640K)
[0.275s][info][gc             ] GC(13) Pause Young (Allocation Failure) 11M->9M(16M) 5.653ms
[0.275s][info][gc,cpu         ] GC(13) User=0.00s Sys=0.00s Real=0.00s
[0.279s][info][gc,start       ] GC(14) Pause Young (Allocation Failure)
[0.286s][info][gc,heap        ] GC(14) DefNew: 5376K(5376K)->576K(5376K) Eden: 4800K(4800K)->0K(4800K) From: 576K(576K)->576K(576K)
[0.286s][info][gc,heap        ] GC(14) Tenured: 9027K(11888K)->11747K(11888K)
[0.286s][info][gc,metaspace   ] GC(14) Metaspace: 6300K(6528K)->6300K(6528K) NonClass: 5767K(5888K)->5767K(5888K) Class: 533K(640K)->533K(640K)
[0.286s][info][gc             ] GC(14) Pause Young (Allocation Failure) 14M->12M(16M) 6.527ms
[0.286s][info][gc,cpu         ] GC(14) User=0.00s Sys=0.00s Real=0.01s
[0.290s][info][gc,start       ] GC(15) Pause Young (Allocation Failure)
[0.295s][info][gc             ] GC(15) Pause Young (Allocation Failure) 16M->14M(19M) 5.651ms
[0.295s][info][gc,cpu         ] GC(15) User=0.00s Sys=0.00s Real=0.00s
[0.295s][info][gc,start       ] GC(16) Pause Full (Allocation Failure)
[0.295s][info][gc,phases,start] GC(16) Phase 1: Mark live objects
[0.303s][info][gc,phases      ] GC(16) Phase 1: Mark live objects 7.894ms
[0.303s][info][gc,phases,start] GC(16) Phase 2: Compute new object addresses
[0.306s][info][gc,phases      ] GC(16) Phase 2: Compute new object addresses 2.425ms
[0.306s][info][gc,phases,start] GC(16) Phase 3: Adjust pointers
[0.309s][info][gc,phases      ] GC(16) Phase 3: Adjust pointers 3.162ms
[0.309s][info][gc,phases,start] GC(16) Phase 4: Move objects
[0.309s][info][gc,phases      ] GC(16) Phase 4: Move objects 0.192ms
[0.309s][info][gc,heap        ] GC(16) DefNew: 5376K(5376K)->395K(10880K) Eden: 4800K(4800K)->395K(9728K) From: 576K(576K)->0K(1152K)
[0.309s][info][gc,heap        ] GC(16) Tenured: 11747K(11888K)->14384K(23976K)
[0.309s][info][gc,metaspace   ] GC(16) Metaspace: 6302K(6528K)->6302K(6528K) NonClass: 5769K(5888K)->5769K(5888K) Class: 533K(640K)->533K(640K)
[0.309s][info][gc             ] GC(16) Pause Full (Allocation Failure) 14M->14M(34M) 14.041ms
[0.309s][info][gc,cpu         ] GC(16) User=0.02s Sys=0.00s Real=0.01s
[0.317s][info][gc,start       ] GC(17) Pause Young (Allocation Failure)
[0.329s][info][gc,heap        ] GC(17) DefNew: 9728K(10880K)->1151K(10880K) Eden: 9728K(9728K)->0K(9728K) From: 0K(1152K)->1151K(1152K)
[0.329s][info][gc,heap        ] GC(17) Tenured: 14384K(23976K)->18400K(23976K)
[0.329s][info][gc,metaspace   ] GC(17) Metaspace: 6302K(6528K)->6302K(6528K) NonClass: 5769K(5888K)->5769K(5888K) Class: 533K(640K)->533K(640K)
[0.329s][info][gc             ] GC(17) Pause Young (Allocation Failure) 23M->19M(34M) 12.593ms
[0.329s][info][gc,cpu         ] GC(17) User=0.00s Sys=0.00s Real=0.01s
[0.337s][info][gc,start       ] GC(18) Pause Young (Allocation Failure)
[0.349s][info][gc,heap        ] GC(18) DefNew: 10879K(10880K)->1151K(10880K) Eden: 9728K(9728K)->0K(9728K) From: 1151K(1152K)->1151K(1152K)
[0.349s][info][gc,heap        ] GC(18) Tenured: 18400K(23976K)->23921K(23976K)
[0.349s][info][gc,metaspace   ] GC(18) Metaspace: 6302K(6528K)->6302K(6528K) NonClass: 5769K(5888K)->5769K(5888K) Class: 533K(640K)->533K(640K)
[0.349s][info][gc             ] GC(18) Pause Young (Allocation Failure) 28M->24M(34M) 12.169ms
[0.349s][info][gc,cpu         ] GC(18) User=0.00s Sys=0.00s Real=0.01s
[0.354s][info][gc,start       ] GC(19) Pause Young (Allocation Failure)
[0.367s][info][gc             ] GC(19) Pause Young (Allocation Failure) 33M->29M(38M) 12.400ms
[0.367s][info][gc,cpu         ] GC(19) User=0.00s Sys=0.00s Real=0.01s
[0.367s][info][gc,start       ] GC(20) Pause Full (Allocation Failure)
[0.367s][info][gc,phases,start] GC(20) Phase 1: Mark live objects
[0.382s][info][gc,phases      ] GC(20) Phase 1: Mark live objects 14.684ms
[0.382s][info][gc,phases,start] GC(20) Phase 2: Compute new object addresses
[0.387s][info][gc,phases      ] GC(20) Phase 2: Compute new object addresses 4.886ms
[0.387s][info][gc,phases,start] GC(20) Phase 3: Adjust pointers
[0.392s][info][gc,phases      ] GC(20) Phase 3: Adjust pointers 5.488ms
[0.392s][info][gc,phases,start] GC(20) Phase 4: Move objects
[0.392s][info][gc,phases      ] GC(20) Phase 4: Move objects 0.167ms
[0.392s][info][gc,heap        ] GC(20) DefNew: 10879K(10880K)->1065K(21888K) Eden: 9728K(9728K)->1065K(19520K) From: 1151K(1152K)->0K(2368K)
[0.392s][info][gc,heap        ] GC(20) Tenured: 23921K(23976K)->29035K(48396K)
[0.392s][info][gc,metaspace   ] GC(20) Metaspace: 6302K(6528K)->6302K(6528K) NonClass: 5769K(5888K)->5769K(5888K) Class: 533K(640K)->533K(640K)
[0.393s][info][gc             ] GC(20) Pause Full (Allocation Failure) 29M->29M(68M) 25.644ms
[0.393s][info][gc,cpu         ] GC(20) User=0.03s Sys=0.00s Real=0.03s
[0.405s][info][gc,start       ] GC(21) Pause Young (Allocation Failure)
[0.430s][info][gc,heap        ] GC(21) DefNew: 19520K(21888K)->2367K(21888K) Eden: 19520K(19520K)->0K(19520K) From: 0K(2368K)->2367K(2368K)
[0.430s][info][gc,heap        ] GC(21) Tenured: 29035K(48396K)->37662K(48396K)
[0.430s][info][gc,metaspace   ] GC(21) Metaspace: 6302K(6528K)->6302K(6528K) NonClass: 5769K(5888K)->5769K(5888K) Class: 533K(640K)->533K(640K)
[0.430s][info][gc             ] GC(21) Pause Young (Allocation Failure) 47M->39M(68M) 24.961ms
[0.430s][info][gc,cpu         ] GC(21) User=0.02s Sys=0.00s Real=0.03s
[0.449s][info][gc,start       ] GC(22) Pause Young (Allocation Failure)
[0.485s][info][gc             ] GC(22) Pause Young (Allocation Failure) 58M->58M(77M) 35.501ms
[0.485s][info][gc,cpu         ] GC(22) User=0.00s Sys=0.03s Real=0.04s
[0.485s][info][gc,start       ] GC(23) Pause Full (Allocation Failure)
[0.485s][info][gc,phases,start] GC(23) Phase 1: Mark live objects
[0.509s][info][gc,phases      ] GC(23) Phase 1: Mark live objects 24.208ms
[0.509s][info][gc,phases,start] GC(23) Phase 2: Compute new object addresses
[0.518s][info][gc,phases      ] GC(23) Phase 2: Compute new object addresses 9.207ms
[0.519s][info][gc,phases,start] GC(23) Phase 3: Adjust pointers
[0.529s][info][gc,phases      ] GC(23) Phase 3: Adjust pointers 10.759ms
[0.529s][info][gc,phases,start] GC(23) Phase 4: Move objects
[0.530s][info][gc,phases      ] GC(23) Phase 4: Move objects 0.474ms
[0.530s][info][gc,heap        ] GC(23) DefNew: 21887K(21888K)->2292K(43008K) Eden: 19520K(19520K)->2292K(38272K) From: 2367K(2368K)->0K(4736K)
[0.530s][info][gc,heap        ] GC(23) Tenured: 37662K(48396K)->57227K(95380K)
[0.530s][info][gc,metaspace   ] GC(23) Metaspace: 6302K(6528K)->6302K(6528K) NonClass: 5769K(5888K)->5769K(5888K) Class: 533K(640K)->533K(640K)
[0.530s][info][gc             ] GC(23) Pause Full (Allocation Failure) 58M->58M(135M) 45.272ms
[0.530s][info][gc,cpu         ] GC(23) User=0.03s Sys=0.02s Real=0.05s
[0.571s][info][gc,start       ] GC(24) Pause Young (Allocation Failure)
[0.631s][info][gc,heap        ] GC(24) DefNew: 38272K(43008K)->4735K(43008K) Eden: 38272K(38272K)->0K(38272K) From: 0K(4736K)->4735K(4736K)
[0.631s][info][gc,heap        ] GC(24) Tenured: 57227K(95380K)->90739K(95380K)
[0.631s][info][gc,metaspace   ] GC(24) Metaspace: 6302K(6528K)->6302K(6528K) NonClass: 5769K(5888K)->5769K(5888K) Class: 533K(640K)->533K(640K)
[0.631s][info][gc             ] GC(24) Pause Young (Allocation Failure) 93M->93M(135M) 59.844ms
[0.631s][info][gc,cpu         ] GC(24) User=0.05s Sys=0.00s Real=0.06s
[0.663s][info][gc,start       ] GC(25) Pause Young (Allocation Failure)
[0.732s][info][gc             ] GC(25) Pause Young (Allocation Failure) 130M->130M(168M) 69.054ms
[0.732s][info][gc,cpu         ] GC(25) User=0.06s Sys=0.00s Real=0.07s
[0.732s][info][gc,start       ] GC(26) Pause Full (Allocation Failure)
[0.732s][info][gc,phases,start] GC(26) Phase 1: Mark live objects
[0.786s][info][gc,phases      ] GC(26) Phase 1: Mark live objects 53.769ms
[0.786s][info][gc,phases,start] GC(26) Phase 2: Compute new object addresses
[0.806s][info][gc,phases      ] GC(26) Phase 2: Compute new object addresses 20.621ms
[0.806s][info][gc,phases,start] GC(26) Phase 3: Adjust pointers
[0.833s][info][gc,phases      ] GC(26) Phase 3: Adjust pointers 26.955ms
[0.833s][info][gc,phases,start] GC(26) Phase 4: Move objects
[0.860s][info][gc,phases      ] GC(26) Phase 4: Move objects 26.567ms
[0.861s][info][gc,heap        ] GC(26) DefNew: 43007K(43008K)->828K(96832K) Eden: 38272K(38272K)->828K(86080K) From: 4735K(4736K)->0K(10752K)
[0.861s][info][gc,heap        ] GC(26) Tenured: 90739K(95380K)->129047K(215080K)
[0.861s][info][gc,metaspace   ] GC(26) Metaspace: 6302K(6528K)->6302K(6528K) NonClass: 5769K(5888K)->5769K(5888K) Class: 533K(640K)->533K(640K)
[0.861s][info][gc             ] GC(26) Pause Full (Allocation Failure) 130M->126M(304M) 129.032ms
[0.861s][info][gc,cpu         ] GC(26) User=0.11s Sys=0.00s Real=0.13s
[0.957s][info][gc,start       ] GC(27) Pause Young (Allocation Failure)
[1.111s][info][gc,heap        ] GC(27) DefNew: 86080K(96832K)->10751K(96832K) Eden: 86080K(86080K)->0K(86080K) From: 0K(10752K)->10751K(10752K)
[1.111s][info][gc,heap        ] GC(27) Tenured: 129047K(215080K)->204349K(215080K)
[1.111s][info][gc,metaspace   ] GC(27) Metaspace: 6302K(6528K)->6302K(6528K) NonClass: 5769K(5888K)->5769K(5888K) Class: 533K(640K)->533K(640K)
[1.111s][info][gc             ] GC(27) Pause Young (Allocation Failure) 210M->210M(304M) 153.358ms
[1.111s][info][gc,cpu         ] GC(27) User=0.09s Sys=0.02s Real=0.15s
[1.193s][info][gc,start       ] GC(28) Pause Young (Allocation Failure)
[1.364s][info][gc             ] GC(28) Pause Young (Allocation Failure) 294M->294M(378M) 170.697ms
[1.364s][info][gc,cpu         ] GC(28) User=0.05s Sys=0.09s Real=0.17s
[1.364s][info][gc,start       ] GC(29) Pause Full (Allocation Failure)
[1.364s][info][gc,phases,start] GC(29) Phase 1: Mark live objects
[1.508s][info][gc,phases      ] GC(29) Phase 1: Mark live objects 144.370ms
[1.508s][info][gc,phases,start] GC(29) Phase 2: Compute new object addresses
[1.558s][info][gc,phases      ] GC(29) Phase 2: Compute new object addresses 49.249ms
[1.558s][info][gc,phases,start] GC(29) Phase 3: Adjust pointers
[1.610s][info][gc,phases      ] GC(29) Phase 3: Adjust pointers 52.669ms
[1.610s][info][gc,phases,start] GC(29) Phase 4: Move objects
[1.613s][info][gc,phases      ] GC(29) Phase 4: Move objects 2.621ms
[1.614s][info][gc,heap        ] GC(29) DefNew: 96831K(96832K)->10674K(217920K) Eden: 86080K(86080K)->10674K(193728K) From: 10751K(10752K)->0K(24192K)
[1.614s][info][gc,heap        ] GC(29) Tenured: 204349K(215080K)->290476K(484128K)
[1.614s][info][gc,metaspace   ] GC(29) Metaspace: 6302K(6528K)->6302K(6528K) NonClass: 5769K(5888K)->5769K(5888K) Class: 533K(640K)->533K(640K)
[1.614s][info][gc             ] GC(29) Pause Full (Allocation Failure) 294M->294M(685M) 250.302ms
[1.614s][info][gc,cpu         ] GC(29) User=0.25s Sys=0.00s Real=0.25s
[1.813s][info][gc,start       ] GC(30) Pause Young (Allocation Failure)
[2.147s][info][gc,heap        ] GC(30) DefNew: 193728K(217920K)->24192K(217920K) Eden: 193728K(193728K)->0K(193728K) From: 0K(24192K)->24192K(24192K)
[2.147s][info][gc,heap        ] GC(30) Tenured: 290476K(484128K)->459985K(484128K)
[2.147s][info][gc,metaspace   ] GC(30) Metaspace: 6302K(6528K)->6302K(6528K) NonClass: 5769K(5888K)->5769K(5888K) Class: 533K(640K)->533K(640K)
[2.148s][info][gc             ] GC(30) Pause Young (Allocation Failure) 472M->472M(685M) 334.423ms
[2.148s][info][gc,cpu         ] GC(30) User=0.30s Sys=0.02s Real=0.33s
[2.321s][info][gc,start       ] GC(31) Pause Young (Allocation Failure)
[2.738s][info][gc             ] GC(31) Pause Young (Allocation Failure) 662M->661M(851M) 416.559ms
[2.738s][info][gc,cpu         ] GC(31) User=0.34s Sys=0.02s Real=0.42s
[2.738s][info][gc,start       ] GC(32) Pause Full (Allocation Failure)
[2.738s][info][gc,phases,start] GC(32) Phase 1: Mark live objects
[3.058s][info][gc,phases      ] GC(32) Phase 1: Mark live objects 319.718ms
[3.058s][info][gc,phases,start] GC(32) Phase 2: Compute new object addresses
[3.158s][info][gc,phases      ] GC(32) Phase 2: Compute new object addresses 100.060ms
[3.158s][info][gc,phases,start] GC(32) Phase 3: Adjust pointers
[3.268s][info][gc,phases      ] GC(32) Phase 3: Adjust pointers 110.592ms
[3.268s][info][gc,phases,start] GC(32) Phase 4: Move objects
[3.273s][info][gc,phases      ] GC(32) Phase 4: Move objects 4.940ms
[3.275s][info][gc,heap        ] GC(32) DefNew: 217920K(217920K)->24140K(490368K) Eden: 193728K(193728K)->24140K(435904K) From: 24192K(24192K)->0K(54464K)
[3.275s][info][gc,heap        ] GC(32) Tenured: 459985K(484128K)->653731K(1089556K)
[3.275s][info][gc,metaspace   ] GC(32) Metaspace: 6302K(6528K)->6302K(6528K) NonClass: 5769K(5888K)->5769K(5888K) Class: 533K(640K)->533K(640K)
[3.275s][info][gc             ] GC(32) Pause Full (Allocation Failure) 661M->661M(1542M) 537.528ms
[3.275s][info][gc,cpu         ] GC(32) User=0.55s Sys=0.00s Real=0.54s
[3.727s][info][gc,start       ] GC(33) Pause Young (Allocation Failure)
[4.476s][info][gc,heap        ] GC(33) DefNew: 435904K(490368K)->54463K(490368K) Eden: 435904K(435904K)->0K(435904K) From: 0K(54464K)->54463K(54464K)
[4.476s][info][gc,heap        ] GC(33) Tenured: 653731K(1089556K)->1035146K(1089556K)
[4.476s][info][gc,metaspace   ] GC(33) Metaspace: 6302K(6528K)->6302K(6528K) NonClass: 5769K(5888K)->5769K(5888K) Class: 533K(640K)->533K(640K)
[4.476s][info][gc             ] GC(33) Pause Young (Allocation Failure) 1064M->1064M(1542M) 748.409ms
[4.476s][info][gc,cpu         ] GC(33) User=0.59s Sys=0.12s Real=0.75s
[4.808s][info][gc,start       ] GC(34) Pause Young (Allocation Failure)
[5.515s][info][gc             ] GC(34) Pause Young (Allocation Failure) 1427M->1404M(1830M) 706.938ms
[5.515s][info][gc,cpu         ] GC(34) User=0.52s Sys=0.17s Real=0.71s
[5.515s][info][gc,start       ] GC(35) Pause Full (Allocation Failure)
[5.515s][info][gc,phases,start] GC(35) Phase 1: Mark live objects
[6.153s][info][gc,phases      ] GC(35) Phase 1: Mark live objects 638.060ms
[6.153s][info][gc,phases,start] GC(35) Phase 2: Compute new object addresses
[6.360s][info][gc,phases      ] GC(35) Phase 2: Compute new object addresses 206.718ms
[6.360s][info][gc,phases,start] GC(35) Phase 3: Adjust pointers
[6.608s][info][gc,phases      ] GC(35) Phase 3: Adjust pointers 247.601ms
[6.608s][info][gc,phases,start] GC(35) Phase 4: Move objects
[6.619s][info][gc,phases      ] GC(35) Phase 4: Move objects 11.079ms
[6.623s][info][gc,heap        ] GC(35) DefNew: 426239K(490368K)->54277K(1038144K) Eden: 371775K(435904K)->54277K(922816K) From: 54463K(54464K)->0K(115328K)
[6.623s][info][gc,heap        ] GC(35) Tenured: 1035146K(1089556K)->1384084K(2306808K)
[6.623s][info][gc,metaspace   ] GC(35) Metaspace: 6302K(6528K)->6302K(6528K) NonClass: 5769K(5888K)->5769K(5888K) Class: 533K(640K)->533K(640K)
[6.623s][info][gc             ] GC(35) Pause Full (Allocation Failure) 1404M->1404M(3266M) 1107.600ms
[6.623s][info][gc,cpu         ] GC(35) User=1.08s Sys=0.00s Real=1.11s
[7.542s][info][gc,start       ] GC(36) Pause Young (Allocation Failure)
[9.138s][info][gc,heap        ] GC(36) DefNew: 922816K(1038144K)->115327K(1038144K) Eden: 922816K(922816K)->0K(922816K) From: 0K(115328K)->115327K(115328K)
[9.138s][info][gc,heap        ] GC(36) Tenured: 1384084K(2306808K)->2191543K(2306808K)
[9.138s][info][gc,metaspace   ] GC(36) Metaspace: 6302K(6528K)->6302K(6528K) NonClass: 5769K(5888K)->5769K(5888K) Class: 533K(640K)->533K(640K)
[9.138s][info][gc             ] GC(36) Pause Young (Allocation Failure) 2252M->2252M(3266M) 1596.295ms
[9.138s][info][gc,cpu         ] GC(36) User=1.25s Sys=0.33s Real=1.60s
[10.086s][info][gc,start       ] GC(37) Pause Young (Allocation Failure)
[11.604s][info][gc             ] GC(37) Pause Young (Allocation Failure) 3153M->3089M(3991M) 1518.678ms
[11.604s][info][gc,cpu         ] GC(37) User=1.11s Sys=0.38s Real=1.52s
[11.604s][info][gc,start       ] GC(38) Pause Full (Allocation Failure)
[11.604s][info][gc,phases,start] GC(38) Phase 1: Mark live objects
[13.049s][info][gc,phases      ] GC(38) Phase 1: Mark live objects 1445.029ms
[13.050s][info][gc,phases,start] GC(38) Phase 2: Compute new object addresses
[13.507s][info][gc,phases      ] GC(38) Phase 2: Compute new object addresses 457.735ms
[13.507s][info][gc,phases,start] GC(38) Phase 3: Adjust pointers
[14.145s][info][gc,phases      ] GC(38) Phase 3: Adjust pointers 637.811ms
[14.145s][info][gc,phases,start] GC(38) Phase 4: Move objects
[14.739s][info][gc,phases      ] GC(38) Phase 4: Move objects 594.069ms
[14.748s][info][gc,heap        ] GC(38) DefNew: 1038143K(1038144K)->53851K(2286720K) Eden: 922816K(922816K)->53851K(2032704K) From: 115327K(115328K)->0K(254016K)
[14.748s][info][gc,heap        ] GC(38) Tenured: 2191543K(2306808K)->3048827K(5081380K)
[14.748s][info][gc,metaspace   ] GC(38) Metaspace: 6302K(6528K)->6302K(6528K) NonClass: 5769K(5888K)->5769K(5888K) Class: 533K(640K)->533K(640K)
[14.748s][info][gc             ] GC(38) Pause Full (Allocation Failure) 3089M->3029M(7195M) 3143.404ms
[14.748s][info][gc,cpu         ] GC(38) User=3.11s Sys=0.03s Real=3.14s
[16.769s][info][gc,start       ] GC(39) Pause Young (Allocation Failure)
[20.376s][info][gc,heap        ] GC(39) DefNew: 2032704K(2286720K)->254015K(2286720K) Eden: 2032704K(2032704K)->0K(2032704K) From: 0K(254016K)->254015K(254016K)
[20.376s][info][gc,heap        ] GC(39) Tenured: 3048827K(5081380K)->4827486K(5081380K)
[20.376s][info][gc,metaspace   ] GC(39) Metaspace: 6302K(6528K)->6302K(6528K) NonClass: 5769K(5888K)->5769K(5888K) Class: 533K(640K)->533K(640K)
[20.376s][info][gc             ] GC(39) Pause Young (Allocation Failure) 4962M->4962M(7195M) 3607.342ms
[20.376s][info][gc,cpu         ] GC(39) User=3.09s Sys=0.52s Real=3.61s
[22.426s][info][gc,start       ] GC(40) Pause Young (Allocation Failure)
[25.936s][info][gc             ] GC(40) Pause Young (Allocation Failure) 6947M->6947M(8932M) 3510.602ms
[25.937s][info][gc,cpu         ] GC(40) User=2.92s Sys=0.55s Real=3.51s
[25.937s][info][gc,start       ] GC(41) Pause Full (Allocation Failure)
[25.937s][info][gc,phases,start] GC(41) Phase 1: Mark live objects
[29.275s][info][gc,phases      ] GC(41) Phase 1: Mark live objects 3338.230ms
[29.275s][info][gc,phases,start] GC(41) Phase 2: Compute new object addresses
[30.400s][info][gc,phases      ] GC(41) Phase 2: Compute new object addresses 1125.567ms
[30.401s][info][gc,phases,start] GC(41) Phase 3: Adjust pointers
[31.631s][info][gc,phases      ] GC(41) Phase 3: Adjust pointers 1230.670ms
[31.631s][info][gc,phases,start] GC(41) Phase 4: Move objects
[31.686s][info][gc,phases      ] GC(41) Phase 4: Move objects 54.818ms
[31.694s][info][gc,heap        ] GC(41) DefNew: 2286719K(2286720K)->254006K(3870720K) Eden: 2032704K(2032704K)->254006K(3440640K) From: 254015K(254016K)->0K(430080K)
[31.694s][info][gc,heap        ] GC(41) Tenured: 4827486K(5081380K)->6860136K(8601600K)
[31.694s][info][gc,metaspace   ] GC(41) Metaspace: 6302K(6528K)->6302K(6528K) NonClass: 5769K(5888K)->5769K(5888K) Class: 533K(640K)->533K(640K)
[31.695s][info][gc             ] GC(41) Pause Full (Allocation Failure) 6947M->6947M(12180M) 5757.969ms
[31.695s][info][gc,cpu         ] GC(41) User=5.73s Sys=0.03s Real=5.76s
[34.758s][info][gc,start       ] GC(42) Pause Young (Allocation Failure)
[34.758s][info][gc             ] GC(42) Pause Young (Allocation Failure) 10059M->10059M(12180M) 0.168ms
[34.758s][info][gc,cpu         ] GC(42) User=0.00s Sys=0.00s Real=0.00s
[34.758s][info][gc,start       ] GC(43) Pause Full (Allocation Failure)
[34.758s][info][gc,phases,start] GC(43) Phase 1: Mark live objects
[39.351s][info][gc,phases      ] GC(43) Phase 1: Mark live objects 4593.059ms
[39.351s][info][gc,phases,start] GC(43) Phase 2: Compute new object addresses
[40.896s][info][gc,phases      ] GC(43) Phase 2: Compute new object addresses 1544.216ms
[40.896s][info][gc,phases,start] GC(43) Phase 3: Adjust pointers
[43.029s][info][gc,phases      ] GC(43) Phase 3: Adjust pointers 2133.853ms
[43.030s][info][gc,phases,start] GC(43) Phase 4: Move objects
[44.158s][info][gc,phases      ] GC(43) Phase 4: Move objects 1128.261ms
[44.159s][info][gc,heap        ] GC(43) DefNew: 3440640K(3870720K)->1699145K(3870720K) Eden: 3440640K(3440640K)->1699145K(3440640K) From: 0K(430080K)->0K(430080K)
[44.159s][info][gc,heap        ] GC(43) Tenured: 6860136K(8601600K)->8601599K(8601600K)
[44.159s][info][gc,metaspace   ] GC(43) Metaspace: 6302K(6528K)->6302K(6528K) NonClass: 5769K(5888K)->5769K(5888K) Class: 533K(640K)->533K(640K)
[44.159s][info][gc             ] GC(43) Pause Full (Allocation Failure) 10059M->10059M(12180M) 9400.611ms
[44.159s][info][gc,cpu         ] GC(43) User=8.81s Sys=0.50s Real=9.40s
[45.462s][info][gc,start       ] GC(44) Pause Full (Allocation Failure)
[45.462s][info][gc,phases,start] GC(44) Phase 1: Mark live objects
[50.980s][info][gc,phases      ] GC(44) Phase 1: Mark live objects 5517.972ms
[50.980s][info][gc,phases,start] GC(44) Phase 2: Compute new object addresses
[52.803s][info][gc,phases      ] GC(44) Phase 2: Compute new object addresses 1823.511ms
[52.803s][info][gc,phases,start] GC(44) Phase 3: Adjust pointers
[55.123s][info][gc,phases      ] GC(44) Phase 3: Adjust pointers 2319.658ms
[55.123s][info][gc,phases,start] GC(44) Phase 4: Move objects
[55.335s][info][gc,phases      ] GC(44) Phase 4: Move objects 211.694ms
[55.336s][info][gc,heap        ] GC(44) DefNew: 3157857K(3870720K)->3117419K(3870720K) Eden: 3157857K(3440640K)->3117419K(3440640K) From: 0K(430080K)->0K(430080K)
[55.336s][info][gc,heap        ] GC(44) Tenured: 8601599K(8601600K)->8601599K(8601600K)
[55.336s][info][gc,metaspace   ] GC(44) Metaspace: 6302K(6528K)->6302K(6528K) NonClass: 5769K(5888K)->5769K(5888K) Class: 533K(640K)->533K(640K)
[55.336s][info][gc             ] GC(44) Pause Full (Allocation Failure) 11483M->11444M(12180M) 9874.140ms
[55.336s][info][gc,cpu         ] GC(44) User=9.78s Sys=0.03s Real=9.88s
[55.336s][info][gc,start       ] GC(45) Pause Full (Allocation Failure)
[55.336s][info][gc,phases,start] GC(45) Phase 1: Mark live objects
[60.522s][info][gc,phases      ] GC(45) Phase 1: Mark live objects 5185.844ms
[60.522s][info][gc,phases,start] GC(45) Phase 2: Compute new object addresses
[62.109s][info][gc,phases      ] GC(45) Phase 2: Compute new object addresses 1587.173ms
[62.109s][info][gc,phases,start] GC(45) Phase 3: Adjust pointers
[64.808s][info][gc,phases      ] GC(45) Phase 3: Adjust pointers 2698.854ms
[64.808s][info][gc,phases,start] GC(45) Phase 4: Move objects
[67.000s][info][gc,phases      ] GC(45) Phase 4: Move objects 2192.335ms
[67.001s][info][gc,heap        ] GC(45) DefNew: 3117419K(3870720K)->2986342K(3870720K) Eden: 3117419K(3440640K)->2986342K(3440640K) From: 0K(430080K)->0K(430080K)
[67.001s][info][gc,heap        ] GC(45) Tenured: 8601599K(8601600K)->8601599K(8601600K)
[67.001s][info][gc,metaspace   ] GC(45) Metaspace: 6302K(6528K)->6300K(6528K) NonClass: 5769K(5888K)->5768K(5888K) Class: 533K(640K)->532K(640K)
[67.001s][info][gc             ] GC(45) Pause Full (Allocation Failure) 11444M->11316M(12180M) 11665.290ms
[67.001s][info][gc,cpu         ] GC(45) User=11.62s Sys=0.00s Real=11.66s
[67.002s][info][gc,heap,exit   ] Heap
[67.003s][info][gc,heap,exit   ]  def new generation   total 3870720K, used 3108873K [0x00000004ec800000, 0x00000005f3000000, 0x00000005f3000000)
[67.003s][info][gc,heap,exit   ]   eden space 3440640K,  90% used [0x00000004ec800000, 0x00000005aa4027a0, 0x00000005be800000)
[67.003s][info][gc,heap,exit   ]   from space 430080K,   0% used [0x00000005be800000, 0x00000005be800000, 0x00000005d8c00000)
[67.003s][info][gc,heap,exit   ]   to   space 430080K,   0% used [0x00000005d8c00000, 0x00000005d8c00000, 0x00000005f3000000)
[67.003s][info][gc,heap,exit   ]  tenured generation   total 8601600K, used 8601599K [0x00000005f3000000, 0x0000000800000000, 0x0000000800000000)
[67.003s][info][gc,heap,exit   ]    the space 8601600K,  99% used [0x00000005f3000000, 0x00000007ffffffe8, 0x0000000800000000, 0x0000000800000000)
[67.003s][info][gc,heap,exit   ]  Metaspace       used 6305K, committed 6528K, reserved 1114112K
[67.003s][info][gc,heap,exit   ]   class space    used 534K, committed 640K, reserved 1048576K
